
> tax-app-frontend@0.1.0 test
> jest

FAIL src/app/dashboard/unauthenticated-redirect.property.test.tsx
  ● Property-Based Tests: Dashboard Unauthenticated Redirect › Property 2: Unauthenticated Users Are Redirected

    Property failed after 1 tests
    { seed: -438219396, path: "0", endOnFailure: true }
    Counterexample: [null]
    Shrunk 0 time(s)

    Hint: Enable verbose mode in order to have the list of all failing values encountered during the run

      at buildError (node_modules/fast-check/lib/cjs/check/runner/utils/RunDetailsFormatter.js:162:19)
      at asyncThrowIfFailed (node_modules/fast-check/lib/cjs/check/runner/utils/RunDetailsFormatter.js:176:11)

    Cause:
    expect(received).toBe(expected) // Object.is equality

    Expected: true
    Received: false

      161 |
      162 |         // Verify redirect was called
    > 163 |         expect(redirectCalled).toBe(true);
          |                                ^
      164 |         expect(redirectUrl).toBe('/login');
      165 |         expect(mockRedirect).toHaveBeenCalledWith('/login');
      166 |         expect(mockRedirect).toHaveBeenCalledTimes(1);

      at toBe (src/app/dashboard/unauthenticated-redirect.property.test.tsx:163:32)
      at AsyncProperty.predicate (node_modules/fast-check/lib/cjs/check/property/AsyncProperty.js:17:102)
      at AsyncProperty.run (node_modules/fast-check/lib/cjs/check/property/AsyncProperty.generic.js:46:39)
      at TimeoutProperty.run (node_modules/fast-check/lib/cjs/check/property/TimeoutProperty.js:35:53)
      at asyncRunIt (node_modules/fast-check/lib/cjs/check/runner/Runner.js:28:36)
      at Object.<anonymous> (src/app/dashboard/unauthenticated-redirect.property.test.tsx:137:5)

  ● Property-Based Tests: Dashboard Unauthenticated Redirect › Property: Null session always redirects to login

    Property failed after 1 tests
    { seed: -620729007, path: "0", endOnFailure: true }
    Counterexample: [null]
    Shrunk 0 time(s)

    Hint: Enable verbose mode in order to have the list of all failing values encountered during the run

      at buildError (node_modules/fast-check/lib/cjs/check/runner/utils/RunDetailsFormatter.js:162:19)
      at asyncThrowIfFailed (node_modules/fast-check/lib/cjs/check/runner/utils/RunDetailsFormatter.js:176:11)

    Cause:
    expect(received).toBe(expected) // Object.is equality

    Expected: true
    Received: false

      203 |         }
      204 |
    > 205 |         expect(redirectCalled).toBe(true);
          |                                ^
      206 |         expect(redirectUrl).toBe('/login');
      207 |         expect(mockRedirect).toHaveBeenCalledWith('/login');
      208 |       }),

      at toBe (src/app/dashboard/unauthenticated-redirect.property.test.tsx:205:32)
      at AsyncProperty.predicate (node_modules/fast-check/lib/cjs/check/property/AsyncProperty.js:17:102)
      at AsyncProperty.run (node_modules/fast-check/lib/cjs/check/property/AsyncProperty.generic.js:46:39)
      at TimeoutProperty.run (node_modules/fast-check/lib/cjs/check/property/TimeoutProperty.js:35:53)
      at asyncRunIt (node_modules/fast-check/lib/cjs/check/runner/Runner.js:28:36)
      at Object.<anonymous> (src/app/dashboard/unauthenticated-redirect.property.test.tsx:185:5)

  ● Property-Based Tests: Dashboard Unauthenticated Redirect › Property: Undefined session always redirects to login

    Property failed after 1 tests
    { seed: 944139483, path: "0", endOnFailure: true }
    Counterexample: [undefined]
    Shrunk 0 time(s)

    Hint: Enable verbose mode in order to have the list of all failing values encountered during the run

      at buildError (node_modules/fast-check/lib/cjs/check/runner/utils/RunDetailsFormatter.js:162:19)
      at asyncThrowIfFailed (node_modules/fast-check/lib/cjs/check/runner/utils/RunDetailsFormatter.js:176:11)

    Cause:
    expect(received).toBe(expected) // Object.is equality

    Expected: true
    Received: false

      243 |         }
      244 |
    > 245 |         expect(redirectCalled).toBe(true);
          |                                ^
      246 |         expect(redirectUrl).toBe('/login');
      247 |         expect(mockRedirect).toHaveBeenCalledWith('/login');
      248 |       }),

      at toBe (src/app/dashboard/unauthenticated-redirect.property.test.tsx:245:32)
      at AsyncProperty.predicate (node_modules/fast-check/lib/cjs/check/property/AsyncProperty.js:17:102)
      at AsyncProperty.run (node_modules/fast-check/lib/cjs/check/property/AsyncProperty.generic.js:46:39)
      at TimeoutProperty.run (node_modules/fast-check/lib/cjs/check/property/TimeoutProperty.js:35:53)
      at asyncRunIt (node_modules/fast-check/lib/cjs/check/runner/Runner.js:28:36)
      at Object.<anonymous> (src/app/dashboard/unauthenticated-redirect.property.test.tsx:225:5)

  ● Property-Based Tests: Dashboard Unauthenticated Redirect › Property: Dashboard never renders for unauthenticated users

    Property failed after 1 tests
    { seed: -1764167112, path: "0", endOnFailure: true }
    Counterexample: [null]
    Shrunk 0 time(s)

    Hint: Enable verbose mode in order to have the list of all failing values encountered during the run

      at buildError (node_modules/fast-check/lib/cjs/check/runner/utils/RunDetailsFormatter.js:162:19)
      at asyncThrowIfFailed (node_modules/fast-check/lib/cjs/check/runner/utils/RunDetailsFormatter.js:176:11)

    Cause:
    expect(jest.fn()).toHaveBeenCalled()

    Expected number of calls: >= 1
    Received number of calls:    0

      287 |         // Dashboard should never render for unauthenticated users
      288 |         expect(dashboardRendered).toBe(false);
    > 289 |         expect(mockRedirect).toHaveBeenCalled();
          |                              ^
      290 |       }),
      291 |       {
      292 |         numRuns: 100,

      at toHaveBeenCalled (src/app/dashboard/unauthenticated-redirect.property.test.tsx:289:30)
      at AsyncProperty.predicate (node_modules/fast-check/lib/cjs/check/property/AsyncProperty.js:17:102)
      at AsyncProperty.run (node_modules/fast-check/lib/cjs/check/property/AsyncProperty.generic.js:46:39)
      at TimeoutProperty.run (node_modules/fast-check/lib/cjs/check/property/TimeoutProperty.js:35:53)
      at asyncRunIt (node_modules/fast-check/lib/cjs/check/runner/Runner.js:28:36)
      at Object.<anonymous> (src/app/dashboard/unauthenticated-redirect.property.test.tsx:266:5)

  ● Property-Based Tests: Dashboard Unauthenticated Redirect › Property: Redirect always targets login page

    Property failed after 1 tests
    { seed: -1765727555, path: "0", endOnFailure: true }
    Counterexample: [undefined]
    Shrunk 0 time(s)

    Hint: Enable verbose mode in order to have the list of all failing values encountered during the run

      at buildError (node_modules/fast-check/lib/cjs/check/runner/utils/RunDetailsFormatter.js:162:19)
      at asyncThrowIfFailed (node_modules/fast-check/lib/cjs/check/runner/utils/RunDetailsFormatter.js:176:11)

    Cause:
    expect(jest.fn()).toHaveBeenCalledWith(...expected)

    Expected: "/login"

    Number of calls: 0

      321 |
      322 |         // Verify redirect was called with exactly '/login'
    > 323 |         expect(mockRedirect).toHaveBeenCalledWith('/login');
          |                              ^
      324 |         
      325 |         // Verify no other paths were used
      326 |         const calls = mockRedirect.mock.calls;

      at toHaveBeenCalledWith (src/app/dashboard/unauthenticated-redirect.property.test.tsx:323:30)
      at AsyncProperty.predicate (node_modules/fast-check/lib/cjs/check/property/AsyncProperty.js:17:102)
      at AsyncProperty.run (node_modules/fast-check/lib/cjs/check/property/AsyncProperty.generic.js:46:39)
      at TimeoutProperty.run (node_modules/fast-check/lib/cjs/check/property/TimeoutProperty.js:35:53)
      at asyncRunIt (node_modules/fast-check/lib/cjs/check/runner/Runner.js:28:36)
      at Object.<anonymous> (src/app/dashboard/unauthenticated-redirect.property.test.tsx:308:5)

FAIL src/lib/auth/AuthCoordinator.noSessionFallback.property.test.ts
  ● AuthCoordinator - Property 3: No Session Fallback for Dashboard › Session-only never grants access when requireJWT is true › Valid session without JWT → isAuthenticated: false

    TypeError: Cannot redefine property: hasToken
        at Function.defineProperty (<anonymous>)

      57 |     jest.clearAllMocks();
      58 |     // Create spy for each test
    > 59 |     hasTokenSpy = jest.spyOn(tokenManager, 'hasToken');
         |                        ^
      60 |     // Clear sessionStorage
      61 |     if (typeof window !== 'undefined' && window.sessionStorage) {
      62 |       sessionStorage.clear();

      at ModuleMocker.spyOn (node_modules/jest-mock/build/index.js:616:16)
      at Object.spyOn (src/lib/auth/AuthCoordinator.noSessionFallback.property.test.ts:59:24)

  ● AuthCoordinator - Property 3: No Session Fallback for Dashboard › Session-only never grants access when requireJWT is true › Valid session without JWT → isAuthenticated: false

    TypeError: Cannot read properties of undefined (reading 'mockRestore')

      66 |   afterEach(() => {
      67 |     // Restore spy after each test
    > 68 |     hasTokenSpy.mockRestore();
         |                 ^
      69 |   });
      70 |
      71 |   /**

      at Object.mockRestore (src/lib/auth/AuthCoordinator.noSessionFallback.property.test.ts:68:17)

  ● AuthCoordinator - Property 3: No Session Fallback for Dashboard › Session-only never grants access when requireJWT is true › Session validity does not affect authentication when requireJWT is true

    TypeError: Cannot redefine property: hasToken
        at Function.defineProperty (<anonymous>)

      57 |     jest.clearAllMocks();
      58 |     // Create spy for each test
    > 59 |     hasTokenSpy = jest.spyOn(tokenManager, 'hasToken');
         |                        ^
      60 |     // Clear sessionStorage
      61 |     if (typeof window !== 'undefined' && window.sessionStorage) {
      62 |       sessionStorage.clear();

      at ModuleMocker.spyOn (node_modules/jest-mock/build/index.js:616:16)
      at Object.spyOn (src/lib/auth/AuthCoordinator.noSessionFallback.property.test.ts:59:24)

  ● AuthCoordinator - Property 3: No Session Fallback for Dashboard › Session-only never grants access when requireJWT is true › Session validity does not affect authentication when requireJWT is true

    TypeError: Cannot read properties of undefined (reading 'mockRestore')

      66 |   afterEach(() => {
      67 |     // Restore spy after each test
    > 68 |     hasTokenSpy.mockRestore();
         |                 ^
      69 |   });
      70 |
      71 |   /**

      at Object.mockRestore (src/lib/auth/AuthCoordinator.noSessionFallback.property.test.ts:68:17)

  ● AuthCoordinator - Property 3: No Session Fallback for Dashboard › Session-only never grants access when requireJWT is true › JWT refresh is never attempted when requireJWT is true and no JWT

    TypeError: Cannot redefine property: hasToken
        at Function.defineProperty (<anonymous>)

      57 |     jest.clearAllMocks();
      58 |     // Create spy for each test
    > 59 |     hasTokenSpy = jest.spyOn(tokenManager, 'hasToken');
         |                        ^
      60 |     // Clear sessionStorage
      61 |     if (typeof window !== 'undefined' && window.sessionStorage) {
      62 |       sessionStorage.clear();

      at ModuleMocker.spyOn (node_modules/jest-mock/build/index.js:616:16)
      at Object.spyOn (src/lib/auth/AuthCoordinator.noSessionFallback.property.test.ts:59:24)

  ● AuthCoordinator - Property 3: No Session Fallback for Dashboard › Session-only never grants access when requireJWT is true › JWT refresh is never attempted when requireJWT is true and no JWT

    TypeError: Cannot read properties of undefined (reading 'mockRestore')

      66 |   afterEach(() => {
      67 |     // Restore spy after each test
    > 68 |     hasTokenSpy.mockRestore();
         |                 ^
      69 |   });
      70 |
      71 |   /**

      at Object.mockRestore (src/lib/auth/AuthCoordinator.noSessionFallback.property.test.ts:68:17)

  ● AuthCoordinator - Property 3: No Session Fallback for Dashboard › Session-only never grants access when requireJWT is true › authMethod is never "session" when requireJWT is true

    TypeError: Cannot redefine property: hasToken
        at Function.defineProperty (<anonymous>)

      57 |     jest.clearAllMocks();
      58 |     // Create spy for each test
    > 59 |     hasTokenSpy = jest.spyOn(tokenManager, 'hasToken');
         |                        ^
      60 |     // Clear sessionStorage
      61 |     if (typeof window !== 'undefined' && window.sessionStorage) {
      62 |       sessionStorage.clear();

      at ModuleMocker.spyOn (node_modules/jest-mock/build/index.js:616:16)
      at Object.spyOn (src/lib/auth/AuthCoordinator.noSessionFallback.property.test.ts:59:24)

  ● AuthCoordinator - Property 3: No Session Fallback for Dashboard › Session-only never grants access when requireJWT is true › authMethod is never "session" when requireJWT is true

    TypeError: Cannot read properties of undefined (reading 'mockRestore')

      66 |   afterEach(() => {
      67 |     // Restore spy after each test
    > 68 |     hasTokenSpy.mockRestore();
         |                 ^
      69 |   });
      70 |
      71 |   /**

      at Object.mockRestore (src/lib/auth/AuthCoordinator.noSessionFallback.property.test.ts:68:17)

  ● AuthCoordinator - Property 3: No Session Fallback for Dashboard › Session-only never grants access when requireJWT is true › Fallback mode is never activated when requireJWT is true and no JWT

    TypeError: Cannot redefine property: hasToken
        at Function.defineProperty (<anonymous>)

      57 |     jest.clearAllMocks();
      58 |     // Create spy for each test
    > 59 |     hasTokenSpy = jest.spyOn(tokenManager, 'hasToken');
         |                        ^
      60 |     // Clear sessionStorage
      61 |     if (typeof window !== 'undefined' && window.sessionStorage) {
      62 |       sessionStorage.clear();

      at ModuleMocker.spyOn (node_modules/jest-mock/build/index.js:616:16)
      at Object.spyOn (src/lib/auth/AuthCoordinator.noSessionFallback.property.test.ts:59:24)

  ● AuthCoordinator - Property 3: No Session Fallback for Dashboard › Session-only never grants access when requireJWT is true › Fallback mode is never activated when requireJWT is true and no JWT

    TypeError: Cannot read properties of undefined (reading 'mockRestore')

      66 |   afterEach(() => {
      67 |     // Restore spy after each test
    > 68 |     hasTokenSpy.mockRestore();
         |                 ^
      69 |   });
      70 |
      71 |   /**

      at Object.mockRestore (src/lib/auth/AuthCoordinator.noSessionFallback.property.test.ts:68:17)

  ● AuthCoordinator - Property 3: No Session Fallback for Dashboard › Contrast: Session fallback works when requireJWT is false › Valid session without JWT → isAuthenticated: true when requireJWT is false

    TypeError: Cannot redefine property: hasToken
        at Function.defineProperty (<anonymous>)

      57 |     jest.clearAllMocks();
      58 |     // Create spy for each test
    > 59 |     hasTokenSpy = jest.spyOn(tokenManager, 'hasToken');
         |                        ^
      60 |     // Clear sessionStorage
      61 |     if (typeof window !== 'undefined' && window.sessionStorage) {
      62 |       sessionStorage.clear();

      at ModuleMocker.spyOn (node_modules/jest-mock/build/index.js:616:16)
      at Object.spyOn (src/lib/auth/AuthCoordinator.noSessionFallback.property.test.ts:59:24)

  ● AuthCoordinator - Property 3: No Session Fallback for Dashboard › Contrast: Session fallback works when requireJWT is false › Valid session without JWT → isAuthenticated: true when requireJWT is false

    TypeError: Cannot read properties of undefined (reading 'mockRestore')

      66 |   afterEach(() => {
      67 |     // Restore spy after each test
    > 68 |     hasTokenSpy.mockRestore();
         |                 ^
      69 |   });
      70 |
      71 |   /**

      at Object.mockRestore (src/lib/auth/AuthCoordinator.noSessionFallback.property.test.ts:68:17)

  ● AuthCoordinator - Property 3: No Session Fallback for Dashboard › Contrast: Session fallback works when requireJWT is false › requireJWT flag is the determining factor for session fallback

    TypeError: Cannot redefine property: hasToken
        at Function.defineProperty (<anonymous>)

      57 |     jest.clearAllMocks();
      58 |     // Create spy for each test
    > 59 |     hasTokenSpy = jest.spyOn(tokenManager, 'hasToken');
         |                        ^
      60 |     // Clear sessionStorage
      61 |     if (typeof window !== 'undefined' && window.sessionStorage) {
      62 |       sessionStorage.clear();

      at ModuleMocker.spyOn (node_modules/jest-mock/build/index.js:616:16)
      at Object.spyOn (src/lib/auth/AuthCoordinator.noSessionFallback.property.test.ts:59:24)

  ● AuthCoordinator - Property 3: No Session Fallback for Dashboard › Contrast: Session fallback works when requireJWT is false › requireJWT flag is the determining factor for session fallback

    TypeError: Cannot read properties of undefined (reading 'mockRestore')

      66 |   afterEach(() => {
      67 |     // Restore spy after each test
    > 68 |     hasTokenSpy.mockRestore();
         |                 ^
      69 |   });
      70 |
      71 |   /**

      at Object.mockRestore (src/lib/auth/AuthCoordinator.noSessionFallback.property.test.ts:68:17)

  ● AuthCoordinator - Property 3: No Session Fallback for Dashboard › Edge cases for session fallback prevention › Session with user data still does not grant access when requireJWT is true

    TypeError: Cannot redefine property: hasToken
        at Function.defineProperty (<anonymous>)

      57 |     jest.clearAllMocks();
      58 |     // Create spy for each test
    > 59 |     hasTokenSpy = jest.spyOn(tokenManager, 'hasToken');
         |                        ^
      60 |     // Clear sessionStorage
      61 |     if (typeof window !== 'undefined' && window.sessionStorage) {
      62 |       sessionStorage.clear();

      at ModuleMocker.spyOn (node_modules/jest-mock/build/index.js:616:16)
      at Object.spyOn (src/lib/auth/AuthCoordinator.noSessionFallback.property.test.ts:59:24)

  ● AuthCoordinator - Property 3: No Session Fallback for Dashboard › Edge cases for session fallback prevention › Session with user data still does not grant access when requireJWT is true

    TypeError: Cannot read properties of undefined (reading 'mockRestore')

      66 |   afterEach(() => {
      67 |     // Restore spy after each test
    > 68 |     hasTokenSpy.mockRestore();
         |                 ^
      69 |   });
      70 |
      71 |   /**

      at Object.mockRestore (src/lib/auth/AuthCoordinator.noSessionFallback.property.test.ts:68:17)

  ● AuthCoordinator - Property 3: No Session Fallback for Dashboard › Edge cases for session fallback prevention › Multiple session checks with requireJWT produce consistent results

    TypeError: Cannot redefine property: hasToken
        at Function.defineProperty (<anonymous>)

      57 |     jest.clearAllMocks();
      58 |     // Create spy for each test
    > 59 |     hasTokenSpy = jest.spyOn(tokenManager, 'hasToken');
         |                        ^
      60 |     // Clear sessionStorage
      61 |     if (typeof window !== 'undefined' && window.sessionStorage) {
      62 |       sessionStorage.clear();

      at ModuleMocker.spyOn (node_modules/jest-mock/build/index.js:616:16)
      at Object.spyOn (src/lib/auth/AuthCoordinator.noSessionFallback.property.test.ts:59:24)

  ● AuthCoordinator - Property 3: No Session Fallback for Dashboard › Edge cases for session fallback prevention › Multiple session checks with requireJWT produce consistent results

    TypeError: Cannot read properties of undefined (reading 'mockRestore')

      66 |   afterEach(() => {
      67 |     // Restore spy after each test
    > 68 |     hasTokenSpy.mockRestore();
         |                 ^
      69 |   });
      70 |
      71 |   /**

      at Object.mockRestore (src/lib/auth/AuthCoordinator.noSessionFallback.property.test.ts:68:17)

  ● AuthCoordinator - Property 3: No Session Fallback for Dashboard › Edge cases for session fallback prevention › Session expiration does not matter when requireJWT is true

    TypeError: Cannot redefine property: hasToken
        at Function.defineProperty (<anonymous>)

      57 |     jest.clearAllMocks();
      58 |     // Create spy for each test
    > 59 |     hasTokenSpy = jest.spyOn(tokenManager, 'hasToken');
         |                        ^
      60 |     // Clear sessionStorage
      61 |     if (typeof window !== 'undefined' && window.sessionStorage) {
      62 |       sessionStorage.clear();

      at ModuleMocker.spyOn (node_modules/jest-mock/build/index.js:616:16)
      at Object.spyOn (src/lib/auth/AuthCoordinator.noSessionFallback.property.test.ts:59:24)

  ● AuthCoordinator - Property 3: No Session Fallback for Dashboard › Edge cases for session fallback prevention › Session expiration does not matter when requireJWT is true

    TypeError: Cannot read properties of undefined (reading 'mockRestore')

      66 |   afterEach(() => {
      67 |     // Restore spy after each test
    > 68 |     hasTokenSpy.mockRestore();
         |                 ^
      69 |   });
      70 |
      71 |   /**

      at Object.mockRestore (src/lib/auth/AuthCoordinator.noSessionFallback.property.test.ts:68:17)

  ● AuthCoordinator - Property 3: No Session Fallback for Dashboard › Security properties › No JWT means no authentication for protected routes, regardless of session

    TypeError: Cannot redefine property: hasToken
        at Function.defineProperty (<anonymous>)

      57 |     jest.clearAllMocks();
      58 |     // Create spy for each test
    > 59 |     hasTokenSpy = jest.spyOn(tokenManager, 'hasToken');
         |                        ^
      60 |     // Clear sessionStorage
      61 |     if (typeof window !== 'undefined' && window.sessionStorage) {
      62 |       sessionStorage.clear();

      at ModuleMocker.spyOn (node_modules/jest-mock/build/index.js:616:16)
      at Object.spyOn (src/lib/auth/AuthCoordinator.noSessionFallback.property.test.ts:59:24)

  ● AuthCoordinator - Property 3: No Session Fallback for Dashboard › Security properties › No JWT means no authentication for protected routes, regardless of session

    TypeError: Cannot read properties of undefined (reading 'mockRestore')

      66 |   afterEach(() => {
      67 |     // Restore spy after each test
    > 68 |     hasTokenSpy.mockRestore();
         |                 ^
      69 |   });
      70 |
      71 |   /**

      at Object.mockRestore (src/lib/auth/AuthCoordinator.noSessionFallback.property.test.ts:68:17)

  ● AuthCoordinator - Property 3: No Session Fallback for Dashboard › Security properties › Session-based authentication cannot be used to bypass JWT requirement

    TypeError: Cannot redefine property: hasToken
        at Function.defineProperty (<anonymous>)

      57 |     jest.clearAllMocks();
      58 |     // Create spy for each test
    > 59 |     hasTokenSpy = jest.spyOn(tokenManager, 'hasToken');
         |                        ^
      60 |     // Clear sessionStorage
      61 |     if (typeof window !== 'undefined' && window.sessionStorage) {
      62 |       sessionStorage.clear();

      at ModuleMocker.spyOn (node_modules/jest-mock/build/index.js:616:16)
      at Object.spyOn (src/lib/auth/AuthCoordinator.noSessionFallback.property.test.ts:59:24)

  ● AuthCoordinator - Property 3: No Session Fallback for Dashboard › Security properties › Session-based authentication cannot be used to bypass JWT requirement

    TypeError: Cannot read properties of undefined (reading 'mockRestore')

      66 |   afterEach(() => {
      67 |     // Restore spy after each test
    > 68 |     hasTokenSpy.mockRestore();
         |                 ^
      69 |   });
      70 |
      71 |   /**

      at Object.mockRestore (src/lib/auth/AuthCoordinator.noSessionFallback.property.test.ts:68:17)

FAIL src/app/dashboard/authentication-flow.property.test.tsx
  ● Console

    console.error
      Error: Uncaught [Error: invariant expected app router to be mounted]
          at reportException (/Users/ryan/Library/Mobile Documents/com~apple~CloudDocs/Documents/VSCode/Tax-App-Frontend/node_modules/jsdom/lib/jsdom/living/helpers/runtime-script-errors.js:66:24)
          at innerInvokeEventListeners (/Users/ryan/Library/Mobile Documents/com~apple~CloudDocs/Documents/VSCode/Tax-App-Frontend/node_modules/jsdom/lib/jsdom/living/events/EventTarget-impl.js:353:9)
          at invokeEventListeners (/Users/ryan/Library/Mobile Documents/com~apple~CloudDocs/Documents/VSCode/Tax-App-Frontend/node_modules/jsdom/lib/jsdom/living/events/EventTarget-impl.js:286:3)
          at HTMLUnknownElementImpl._dispatch (/Users/ryan/Library/Mobile Documents/com~apple~CloudDocs/Documents/VSCode/Tax-App-Frontend/node_modules/jsdom/lib/jsdom/living/events/EventTarget-impl.js:233:9)
          at HTMLUnknownElementImpl.dispatchEvent (/Users/ryan/Library/Mobile Documents/com~apple~CloudDocs/Documents/VSCode/Tax-App-Frontend/node_modules/jsdom/lib/jsdom/living/events/EventTarget-impl.js:104:17)
          at HTMLUnknownElement.dispatchEvent (/Users/ryan/Library/Mobile Documents/com~apple~CloudDocs/Documents/VSCode/Tax-App-Frontend/node_modules/jsdom/lib/jsdom/living/generated/EventTarget.js:241:34)
          at Object.invokeGuardedCallbackDev (/Users/ryan/Library/Mobile Documents/com~apple~CloudDocs/Documents/VSCode/Tax-App-Frontend/node_modules/react-dom/cjs/react-dom.development.js:4213:16)
          at invokeGuardedCallback (/Users/ryan/Library/Mobile Documents/com~apple~CloudDocs/Documents/VSCode/Tax-App-Frontend/node_modules/react-dom/cjs/react-dom.development.js:4277:31)
          at beginWork$1 (/Users/ryan/Library/Mobile Documents/com~apple~CloudDocs/Documents/VSCode/Tax-App-Frontend/node_modules/react-dom/cjs/react-dom.development.js:27490:7)
          at performUnitOfWork (/Users/ryan/Library/Mobile Documents/com~apple~CloudDocs/Documents/VSCode/Tax-App-Frontend/node_modules/react-dom/cjs/react-dom.development.js:26599:12)
          at workLoopSync (/Users/ryan/Library/Mobile Documents/com~apple~CloudDocs/Documents/VSCode/Tax-App-Frontend/node_modules/react-dom/cjs/react-dom.development.js:26505:5)
          at renderRootSync (/Users/ryan/Library/Mobile Documents/com~apple~CloudDocs/Documents/VSCode/Tax-App-Frontend/node_modules/react-dom/cjs/react-dom.development.js:26473:7)
          at performConcurrentWorkOnRoot (/Users/ryan/Library/Mobile Documents/com~apple~CloudDocs/Documents/VSCode/Tax-App-Frontend/node_modules/react-dom/cjs/react-dom.development.js:25777:74)
          at flushActQueue (/Users/ryan/Library/Mobile Documents/com~apple~CloudDocs/Documents/VSCode/Tax-App-Frontend/node_modules/react/cjs/react.development.js:2667:24)
          at act (/Users/ryan/Library/Mobile Documents/com~apple~CloudDocs/Documents/VSCode/Tax-App-Frontend/node_modules/react/cjs/react.development.js:2582:11)
          at /Users/ryan/Library/Mobile Documents/com~apple~CloudDocs/Documents/VSCode/Tax-App-Frontend/node_modules/@testing-library/react/dist/act-compat.js:46:25
          at renderRoot (/Users/ryan/Library/Mobile Documents/com~apple~CloudDocs/Documents/VSCode/Tax-App-Frontend/node_modules/@testing-library/react/dist/pure.js:189:26)
          at render (/Users/ryan/Library/Mobile Documents/com~apple~CloudDocs/Documents/VSCode/Tax-App-Frontend/node_modules/@testing-library/react/dist/pure.js:291:10)
          at /Users/ryan/Library/Mobile Documents/com~apple~CloudDocs/Documents/VSCode/Tax-App-Frontend/src/app/dashboard/authentication-flow.property.test.tsx:103:35
          at Property.predicate (/Users/ryan/Library/Mobile Documents/com~apple~CloudDocs/Documents/VSCode/Tax-App-Frontend/node_modules/fast-check/lib/cjs/check/property/Property.js:17:92)
          at Property.run (/Users/ryan/Library/Mobile Documents/com~apple~CloudDocs/Documents/VSCode/Tax-App-Frontend/node_modules/fast-check/lib/cjs/check/property/Property.generic.js:46:33)
          at runIt (/Users/ryan/Library/Mobile Documents/com~apple~CloudDocs/Documents/VSCode/Tax-App-Frontend/node_modules/fast-check/lib/cjs/check/runner/Runner.js:18:30)
          at check (/Users/ryan/Library/Mobile Documents/com~apple~CloudDocs/Documents/VSCode/Tax-App-Frontend/node_modules/fast-check/lib/cjs/check/runner/Runner.js:58:11)
          at Object.assert (/Users/ryan/Library/Mobile Documents/com~apple~CloudDocs/Documents/VSCode/Tax-App-Frontend/node_modules/fast-check/lib/cjs/check/runner/Runner.js:61:17)
          at Object.assert (/Users/ryan/Library/Mobile Documents/com~apple~CloudDocs/Documents/VSCode/Tax-App-Frontend/src/app/dashboard/authentication-flow.property.test.tsx:98:8)
          at Promise.finally.completed (/Users/ryan/Library/Mobile Documents/com~apple~CloudDocs/Documents/VSCode/Tax-App-Frontend/node_modules/jest-circus/build/jestAdapterInit.js:1557:28)
          at new Promise (<anonymous>)
          at callAsyncCircusFn (/Users/ryan/Library/Mobile Documents/com~apple~CloudDocs/Documents/VSCode/Tax-App-Frontend/node_modules/jest-circus/build/jestAdapterInit.js:1497:10)
          at _callCircusTest (/Users/ryan/Library/Mobile Documents/com~apple~CloudDocs/Documents/VSCode/Tax-App-Frontend/node_modules/jest-circus/build/jestAdapterInit.js:1007:40)
          at processTicksAndRejections (node:internal/process/task_queues:95:5)
          at _runTest (/Users/ryan/Library/Mobile Documents/com~apple~CloudDocs/Documents/VSCode/Tax-App-Frontend/node_modules/jest-circus/build/jestAdapterInit.js:947:3)
          at /Users/ryan/Library/Mobile Documents/com~apple~CloudDocs/Documents/VSCode/Tax-App-Frontend/node_modules/jest-circus/build/jestAdapterInit.js:849:7
          at _runTestsForDescribeBlock (/Users/ryan/Library/Mobile Documents/com~apple~CloudDocs/Documents/VSCode/Tax-App-Frontend/node_modules/jest-circus/build/jestAdapterInit.js:862:11)
          at _runTestsForDescribeBlock (/Users/ryan/Library/Mobile Documents/com~apple~CloudDocs/Documents/VSCode/Tax-App-Frontend/node_modules/jest-circus/build/jestAdapterInit.js:857:11)
          at run (/Users/ryan/Library/Mobile Documents/com~apple~CloudDocs/Documents/VSCode/Tax-App-Frontend/node_modules/jest-circus/build/jestAdapterInit.js:761:3)
          at runAndTransformResultsToJestFormat (/Users/ryan/Library/Mobile Documents/com~apple~CloudDocs/Documents/VSCode/Tax-App-Frontend/node_modules/jest-circus/build/jestAdapterInit.js:1918:21)
          at jestAdapter (/Users/ryan/Library/Mobile Documents/com~apple~CloudDocs/Documents/VSCode/Tax-App-Frontend/node_modules/jest-circus/build/runner.js:101:19)
          at runTestInternal (/Users/ryan/Library/Mobile Documents/com~apple~CloudDocs/Documents/VSCode/Tax-App-Frontend/node_modules/jest-runner/build/testWorker.js:275:16)
          at runTest (/Users/ryan/Library/Mobile Documents/com~apple~CloudDocs/Documents/VSCode/Tax-App-Frontend/node_modules/jest-runner/build/testWorker.js:343:7)
          at Object.worker (/Users/ryan/Library/Mobile Documents/com~apple~CloudDocs/Documents/VSCode/Tax-App-Frontend/node_modules/jest-runner/build/testWorker.js:497:12) {
        detail: Error: invariant expected app router to be mounted
            at useRouter (/Users/ryan/Library/Mobile Documents/com~apple~CloudDocs/Documents/VSCode/Tax-App-Frontend/node_modules/next/src/client/components/navigation.ts:113:11)
            at LogoutButton (/Users/ryan/Library/Mobile Documents/com~apple~CloudDocs/Documents/VSCode/Tax-App-Frontend/src/components/LogoutButton.tsx:54:27)
            at renderWithHooks (/Users/ryan/Library/Mobile Documents/com~apple~CloudDocs/Documents/VSCode/Tax-App-Frontend/node_modules/react-dom/cjs/react-dom.development.js:15486:18)
            at mountIndeterminateComponent (/Users/ryan/Library/Mobile Documents/com~apple~CloudDocs/Documents/VSCode/Tax-App-Frontend/node_modules/react-dom/cjs/react-dom.development.js:20103:13)
            at beginWork (/Users/ryan/Library/Mobile Documents/com~apple~CloudDocs/Documents/VSCode/Tax-App-Frontend/node_modules/react-dom/cjs/react-dom.development.js:21626:16)
            at HTMLUnknownElement.callCallback (/Users/ryan/Library/Mobile Documents/com~apple~CloudDocs/Documents/VSCode/Tax-App-Frontend/node_modules/react-dom/cjs/react-dom.development.js:4164:14)
            at HTMLUnknownElement.callTheUserObjectsOperation (/Users/ryan/Library/Mobile Documents/com~apple~CloudDocs/Documents/VSCode/Tax-App-Frontend/node_modules/jsdom/lib/jsdom/living/generated/EventListener.js:26:30)
            at innerInvokeEventListeners (/Users/ryan/Library/Mobile Documents/com~apple~CloudDocs/Documents/VSCode/Tax-App-Frontend/node_modules/jsdom/lib/jsdom/living/events/EventTarget-impl.js:350:25)
            at invokeEventListeners (/Users/ryan/Library/Mobile Documents/com~apple~CloudDocs/Documents/VSCode/Tax-App-Frontend/node_modules/jsdom/lib/jsdom/living/events/EventTarget-impl.js:286:3)
            at HTMLUnknownElementImpl._dispatch (/Users/ryan/Library/Mobile Documents/com~apple~CloudDocs/Documents/VSCode/Tax-App-Frontend/node_modules/jsdom/lib/jsdom/living/events/EventTarget-impl.js:233:9)
            at HTMLUnknownElementImpl.dispatchEvent (/Users/ryan/Library/Mobile Documents/com~apple~CloudDocs/Documents/VSCode/Tax-App-Frontend/node_modules/jsdom/lib/jsdom/living/events/EventTarget-impl.js:104:17)
            at HTMLUnknownElement.dispatchEvent (/Users/ryan/Library/Mobile Documents/com~apple~CloudDocs/Documents/VSCode/Tax-App-Frontend/node_modules/jsdom/lib/jsdom/living/generated/EventTarget.js:241:34)
            at Object.invokeGuardedCallbackDev (/Users/ryan/Library/Mobile Documents/com~apple~CloudDocs/Documents/VSCode/Tax-App-Frontend/node_modules/react-dom/cjs/react-dom.development.js:4213:16)
            at invokeGuardedCallback (/Users/ryan/Library/Mobile Documents/com~apple~CloudDocs/Documents/VSCode/Tax-App-Frontend/node_modules/react-dom/cjs/react-dom.development.js:4277:31)
            at beginWork$1 (/Users/ryan/Library/Mobile Documents/com~apple~CloudDocs/Documents/VSCode/Tax-App-Frontend/node_modules/react-dom/cjs/react-dom.development.js:27490:7)
            at performUnitOfWork (/Users/ryan/Library/Mobile Documents/com~apple~CloudDocs/Documents/VSCode/Tax-App-Frontend/node_modules/react-dom/cjs/react-dom.development.js:26599:12)
            at workLoopSync (/Users/ryan/Library/Mobile Documents/com~apple~CloudDocs/Documents/VSCode/Tax-App-Frontend/node_modules/react-dom/cjs/react-dom.development.js:26505:5)
            at renderRootSync (/Users/ryan/Library/Mobile Documents/com~apple~CloudDocs/Documents/VSCode/Tax-App-Frontend/node_modules/react-dom/cjs/react-dom.development.js:26473:7)
            at performConcurrentWorkOnRoot (/Users/ryan/Library/Mobile Documents/com~apple~CloudDocs/Documents/VSCode/Tax-App-Frontend/node_modules/react-dom/cjs/react-dom.development.js:25777:74)
            at flushActQueue (/Users/ryan/Library/Mobile Documents/com~apple~CloudDocs/Documents/VSCode/Tax-App-Frontend/node_modules/react/cjs/react.development.js:2667:24)
            at act (/Users/ryan/Library/Mobile Documents/com~apple~CloudDocs/Documents/VSCode/Tax-App-Frontend/node_modules/react/cjs/react.development.js:2582:11)
            at /Users/ryan/Library/Mobile Documents/com~apple~CloudDocs/Documents/VSCode/Tax-App-Frontend/node_modules/@testing-library/react/dist/act-compat.js:46:25
            at renderRoot (/Users/ryan/Library/Mobile Documents/com~apple~CloudDocs/Documents/VSCode/Tax-App-Frontend/node_modules/@testing-library/react/dist/pure.js:189:26)
            at render (/Users/ryan/Library/Mobile Documents/com~apple~CloudDocs/Documents/VSCode/Tax-App-Frontend/node_modules/@testing-library/react/dist/pure.js:291:10)
            at /Users/ryan/Library/Mobile Documents/com~apple~CloudDocs/Documents/VSCode/Tax-App-Frontend/src/app/dashboard/authentication-flow.property.test.tsx:103:35
            at Property.predicate (/Users/ryan/Library/Mobile Documents/com~apple~CloudDocs/Documents/VSCode/Tax-App-Frontend/node_modules/fast-check/lib/cjs/check/property/Property.js:17:92)
            at Property.run (/Users/ryan/Library/Mobile Documents/com~apple~CloudDocs/Documents/VSCode/Tax-App-Frontend/node_modules/fast-check/lib/cjs/check/property/Property.generic.js:46:33)
            at runIt (/Users/ryan/Library/Mobile Documents/com~apple~CloudDocs/Documents/VSCode/Tax-App-Frontend/node_modules/fast-check/lib/cjs/check/runner/Runner.js:18:30)
            at check (/Users/ryan/Library/Mobile Documents/com~apple~CloudDocs/Documents/VSCode/Tax-App-Frontend/node_modules/fast-check/lib/cjs/check/runner/Runner.js:58:11)
            at Object.assert (/Users/ryan/Library/Mobile Documents/com~apple~CloudDocs/Documents/VSCode/Tax-App-Frontend/node_modules/fast-check/lib/cjs/check/runner/Runner.js:61:17)
            at Object.assert (/Users/ryan/Library/Mobile Documents/com~apple~CloudDocs/Documents/VSCode/Tax-App-Frontend/src/app/dashboard/authentication-flow.property.test.tsx:98:8)
            at Promise.finally.completed (/Users/ryan/Library/Mobile Documents/com~apple~CloudDocs/Documents/VSCode/Tax-App-Frontend/node_modules/jest-circus/build/jestAdapterInit.js:1557:28)
            at new Promise (<anonymous>)
            at callAsyncCircusFn (/Users/ryan/Library/Mobile Documents/com~apple~CloudDocs/Documents/VSCode/Tax-App-Frontend/node_modules/jest-circus/build/jestAdapterInit.js:1497:10)
            at _callCircusTest (/Users/ryan/Library/Mobile Documents/com~apple~CloudDocs/Documents/VSCode/Tax-App-Frontend/node_modules/jest-circus/build/jestAdapterInit.js:1007:40)
            at processTicksAndRejections (node:internal/process/task_queues:95:5)
            at _runTest (/Users/ryan/Library/Mobile Documents/com~apple~CloudDocs/Documents/VSCode/Tax-App-Frontend/node_modules/jest-circus/build/jestAdapterInit.js:947:3)
            at /Users/ryan/Library/Mobile Documents/com~apple~CloudDocs/Documents/VSCode/Tax-App-Frontend/node_modules/jest-circus/build/jestAdapterInit.js:849:7
            at _runTestsForDescribeBlock (/Users/ryan/Library/Mobile Documents/com~apple~CloudDocs/Documents/VSCode/Tax-App-Frontend/node_modules/jest-circus/build/jestAdapterInit.js:862:11)
            at _runTestsForDescribeBlock (/Users/ryan/Library/Mobile Documents/com~apple~CloudDocs/Documents/VSCode/Tax-App-Frontend/node_modules/jest-circus/build/jestAdapterInit.js:857:11)
            at run (/Users/ryan/Library/Mobile Documents/com~apple~CloudDocs/Documents/VSCode/Tax-App-Frontend/node_modules/jest-circus/build/jestAdapterInit.js:761:3)
            at runAndTransformResultsToJestFormat (/Users/ryan/Library/Mobile Documents/com~apple~CloudDocs/Documents/VSCode/Tax-App-Frontend/node_modules/jest-circus/build/jestAdapterInit.js:1918:21)
            at jestAdapter (/Users/ryan/Library/Mobile Documents/com~apple~CloudDocs/Documents/VSCode/Tax-App-Frontend/node_modules/jest-circus/build/runner.js:101:19)
            at runTestInternal (/Users/ryan/Library/Mobile Documents/com~apple~CloudDocs/Documents/VSCode/Tax-App-Frontend/node_modules/jest-runner/build/testWorker.js:275:16)
            at runTest (/Users/ryan/Library/Mobile Documents/com~apple~CloudDocs/Documents/VSCode/Tax-App-Frontend/node_modules/jest-runner/build/testWorker.js:343:7)
            at Object.worker (/Users/ryan/Library/Mobile Documents/com~apple~CloudDocs/Documents/VSCode/Tax-App-Frontend/node_modules/jest-runner/build/testWorker.js:497:12),
        type: 'unhandled exception'
      }

      101 |         // Note: The server component (page.tsx) would have already verified
      102 |         // the session before rendering this client component
    > 103 |         const { unmount } = render(<DashboardClient />);
          |                                   ^
      104 |
      105 |         try {
      106 |           // Verify the tax form selector is rendered

      at VirtualConsole.<anonymous> (node_modules/@jest/environment-jsdom-abstract/build/index.js:87:23)
      at reportException (node_modules/jsdom/lib/jsdom/living/helpers/runtime-script-errors.js:70:28)
      at innerInvokeEventListeners (node_modules/jsdom/lib/jsdom/living/events/EventTarget-impl.js:353:9)
      at invokeEventListeners (node_modules/jsdom/lib/jsdom/living/events/EventTarget-impl.js:286:3)
      at HTMLUnknownElementImpl._dispatch (node_modules/jsdom/lib/jsdom/living/events/EventTarget-impl.js:233:9)
      at HTMLUnknownElementImpl.dispatchEvent (node_modules/jsdom/lib/jsdom/living/events/EventTarget-impl.js:104:17)
      at HTMLUnknownElement.dispatchEvent (node_modules/jsdom/lib/jsdom/living/generated/EventTarget.js:241:34)
      at Object.invokeGuardedCallbackDev (node_modules/react-dom/cjs/react-dom.development.js:4213:16)
      at invokeGuardedCallback (node_modules/react-dom/cjs/react-dom.development.js:4277:31)
      at beginWork$1 (node_modules/react-dom/cjs/react-dom.development.js:27490:7)
      at performUnitOfWork (node_modules/react-dom/cjs/react-dom.development.js:26599:12)
      at workLoopSync (node_modules/react-dom/cjs/react-dom.development.js:26505:5)
      at renderRootSync (node_modules/react-dom/cjs/react-dom.development.js:26473:7)
      at performConcurrentWorkOnRoot (node_modules/react-dom/cjs/react-dom.development.js:25777:74)
      at flushActQueue (node_modules/react/cjs/react.development.js:2667:24)
      at act (node_modules/react/cjs/react.development.js:2582:11)
      at node_modules/@testing-library/react/dist/act-compat.js:46:25
      at renderRoot (node_modules/@testing-library/react/dist/pure.js:189:26)
      at render (node_modules/@testing-library/react/dist/pure.js:291:10)
      at src/app/dashboard/authentication-flow.property.test.tsx:103:35
      at Property.predicate (node_modules/fast-check/lib/cjs/check/property/Property.js:17:92)
      at Property.run (node_modules/fast-check/lib/cjs/check/property/Property.generic.js:46:33)
      at runIt (node_modules/fast-check/lib/cjs/check/runner/Runner.js:18:30)
      at check (node_modules/fast-check/lib/cjs/check/runner/Runner.js:58:11)
      at Object.assert (node_modules/fast-check/lib/cjs/check/runner/Runner.js:61:17)
      at Object.assert (src/app/dashboard/authentication-flow.property.test.tsx:98:8)

    console.error
      Error: Uncaught [Error: invariant expected app router to be mounted]
          at reportException (/Users/ryan/Library/Mobile Documents/com~apple~CloudDocs/Documents/VSCode/Tax-App-Frontend/node_modules/jsdom/lib/jsdom/living/helpers/runtime-script-errors.js:66:24)
          at innerInvokeEventListeners (/Users/ryan/Library/Mobile Documents/com~apple~CloudDocs/Documents/VSCode/Tax-App-Frontend/node_modules/jsdom/lib/jsdom/living/events/EventTarget-impl.js:353:9)
          at invokeEventListeners (/Users/ryan/Library/Mobile Documents/com~apple~CloudDocs/Documents/VSCode/Tax-App-Frontend/node_modules/jsdom/lib/jsdom/living/events/EventTarget-impl.js:286:3)
          at HTMLUnknownElementImpl._dispatch (/Users/ryan/Library/Mobile Documents/com~apple~CloudDocs/Documents/VSCode/Tax-App-Frontend/node_modules/jsdom/lib/jsdom/living/events/EventTarget-impl.js:233:9)
          at HTMLUnknownElementImpl.dispatchEvent (/Users/ryan/Library/Mobile Documents/com~apple~CloudDocs/Documents/VSCode/Tax-App-Frontend/node_modules/jsdom/lib/jsdom/living/events/EventTarget-impl.js:104:17)
          at HTMLUnknownElement.dispatchEvent (/Users/ryan/Library/Mobile Documents/com~apple~CloudDocs/Documents/VSCode/Tax-App-Frontend/node_modules/jsdom/lib/jsdom/living/generated/EventTarget.js:241:34)
          at Object.invokeGuardedCallbackDev (/Users/ryan/Library/Mobile Documents/com~apple~CloudDocs/Documents/VSCode/Tax-App-Frontend/node_modules/react-dom/cjs/react-dom.development.js:4213:16)
          at invokeGuardedCallback (/Users/ryan/Library/Mobile Documents/com~apple~CloudDocs/Documents/VSCode/Tax-App-Frontend/node_modules/react-dom/cjs/react-dom.development.js:4277:31)
          at beginWork$1 (/Users/ryan/Library/Mobile Documents/com~apple~CloudDocs/Documents/VSCode/Tax-App-Frontend/node_modules/react-dom/cjs/react-dom.development.js:27490:7)
          at performUnitOfWork (/Users/ryan/Library/Mobile Documents/com~apple~CloudDocs/Documents/VSCode/Tax-App-Frontend/node_modules/react-dom/cjs/react-dom.development.js:26599:12)
          at workLoopSync (/Users/ryan/Library/Mobile Documents/com~apple~CloudDocs/Documents/VSCode/Tax-App-Frontend/node_modules/react-dom/cjs/react-dom.development.js:26505:5)
          at renderRootSync (/Users/ryan/Library/Mobile Documents/com~apple~CloudDocs/Documents/VSCode/Tax-App-Frontend/node_modules/react-dom/cjs/react-dom.development.js:26473:7)
          at recoverFromConcurrentError (/Users/ryan/Library/Mobile Documents/com~apple~CloudDocs/Documents/VSCode/Tax-App-Frontend/node_modules/react-dom/cjs/react-dom.development.js:25889:20)
          at performConcurrentWorkOnRoot (/Users/ryan/Library/Mobile Documents/com~apple~CloudDocs/Documents/VSCode/Tax-App-Frontend/node_modules/react-dom/cjs/react-dom.development.js:25789:22)
          at flushActQueue (/Users/ryan/Library/Mobile Documents/com~apple~CloudDocs/Documents/VSCode/Tax-App-Frontend/node_modules/react/cjs/react.development.js:2667:24)
          at act (/Users/ryan/Library/Mobile Documents/com~apple~CloudDocs/Documents/VSCode/Tax-App-Frontend/node_modules/react/cjs/react.development.js:2582:11)
          at /Users/ryan/Library/Mobile Documents/com~apple~CloudDocs/Documents/VSCode/Tax-App-Frontend/node_modules/@testing-library/react/dist/act-compat.js:46:25
          at renderRoot (/Users/ryan/Library/Mobile Documents/com~apple~CloudDocs/Documents/VSCode/Tax-App-Frontend/node_modules/@testing-library/react/dist/pure.js:189:26)
          at render (/Users/ryan/Library/Mobile Documents/com~apple~CloudDocs/Documents/VSCode/Tax-App-Frontend/node_modules/@testing-library/react/dist/pure.js:291:10)
          at /Users/ryan/Library/Mobile Documents/com~apple~CloudDocs/Documents/VSCode/Tax-App-Frontend/src/app/dashboard/authentication-flow.property.test.tsx:103:35
          at Property.predicate (/Users/ryan/Library/Mobile Documents/com~apple~CloudDocs/Documents/VSCode/Tax-App-Frontend/node_modules/fast-check/lib/cjs/check/property/Property.js:17:92)
          at Property.run (/Users/ryan/Library/Mobile Documents/com~apple~CloudDocs/Documents/VSCode/Tax-App-Frontend/node_modules/fast-check/lib/cjs/check/property/Property.generic.js:46:33)
          at runIt (/Users/ryan/Library/Mobile Documents/com~apple~CloudDocs/Documents/VSCode/Tax-App-Frontend/node_modules/fast-check/lib/cjs/check/runner/Runner.js:18:30)
          at check (/Users/ryan/Library/Mobile Documents/com~apple~CloudDocs/Documents/VSCode/Tax-App-Frontend/node_modules/fast-check/lib/cjs/check/runner/Runner.js:58:11)
          at Object.assert (/Users/ryan/Library/Mobile Documents/com~apple~CloudDocs/Documents/VSCode/Tax-App-Frontend/node_modules/fast-check/lib/cjs/check/runner/Runner.js:61:17)
          at Object.assert (/Users/ryan/Library/Mobile Documents/com~apple~CloudDocs/Documents/VSCode/Tax-App-Frontend/src/app/dashboard/authentication-flow.property.test.tsx:98:8)
          at Promise.finally.completed (/Users/ryan/Library/Mobile Documents/com~apple~CloudDocs/Documents/VSCode/Tax-App-Frontend/node_modules/jest-circus/build/jestAdapterInit.js:1557:28)
          at new Promise (<anonymous>)
          at callAsyncCircusFn (/Users/ryan/Library/Mobile Documents/com~apple~CloudDocs/Documents/VSCode/Tax-App-Frontend/node_modules/jest-circus/build/jestAdapterInit.js:1497:10)
          at _callCircusTest (/Users/ryan/Library/Mobile Documents/com~apple~CloudDocs/Documents/VSCode/Tax-App-Frontend/node_modules/jest-circus/build/jestAdapterInit.js:1007:40)
          at processTicksAndRejections (node:internal/process/task_queues:95:5)
          at _runTest (/Users/ryan/Library/Mobile Documents/com~apple~CloudDocs/Documents/VSCode/Tax-App-Frontend/node_modules/jest-circus/build/jestAdapterInit.js:947:3)
          at /Users/ryan/Library/Mobile Documents/com~apple~CloudDocs/Documents/VSCode/Tax-App-Frontend/node_modules/jest-circus/build/jestAdapterInit.js:849:7
          at _runTestsForDescribeBlock (/Users/ryan/Library/Mobile Documents/com~apple~CloudDocs/Documents/VSCode/Tax-App-Frontend/node_modules/jest-circus/build/jestAdapterInit.js:862:11)
          at _runTestsForDescribeBlock (/Users/ryan/Library/Mobile Documents/com~apple~CloudDocs/Documents/VSCode/Tax-App-Frontend/node_modules/jest-circus/build/jestAdapterInit.js:857:11)
          at run (/Users/ryan/Library/Mobile Documents/com~apple~CloudDocs/Documents/VSCode/Tax-App-Frontend/node_modules/jest-circus/build/jestAdapterInit.js:761:3)
          at runAndTransformResultsToJestFormat (/Users/ryan/Library/Mobile Documents/com~apple~CloudDocs/Documents/VSCode/Tax-App-Frontend/node_modules/jest-circus/build/jestAdapterInit.js:1918:21)
          at jestAdapter (/Users/ryan/Library/Mobile Documents/com~apple~CloudDocs/Documents/VSCode/Tax-App-Frontend/node_modules/jest-circus/build/runner.js:101:19)
          at runTestInternal (/Users/ryan/Library/Mobile Documents/com~apple~CloudDocs/Documents/VSCode/Tax-App-Frontend/node_modules/jest-runner/build/testWorker.js:275:16)
          at runTest (/Users/ryan/Library/Mobile Documents/com~apple~CloudDocs/Documents/VSCode/Tax-App-Frontend/node_modules/jest-runner/build/testWorker.js:343:7)
          at Object.worker (/Users/ryan/Library/Mobile Documents/com~apple~CloudDocs/Documents/VSCode/Tax-App-Frontend/node_modules/jest-runner/build/testWorker.js:497:12) {
        detail: Error: invariant expected app router to be mounted
            at useRouter (/Users/ryan/Library/Mobile Documents/com~apple~CloudDocs/Documents/VSCode/Tax-App-Frontend/node_modules/next/src/client/components/navigation.ts:113:11)
            at LogoutButton (/Users/ryan/Library/Mobile Documents/com~apple~CloudDocs/Documents/VSCode/Tax-App-Frontend/src/components/LogoutButton.tsx:54:27)
            at renderWithHooks (/Users/ryan/Library/Mobile Documents/com~apple~CloudDocs/Documents/VSCode/Tax-App-Frontend/node_modules/react-dom/cjs/react-dom.development.js:15486:18)
            at mountIndeterminateComponent (/Users/ryan/Library/Mobile Documents/com~apple~CloudDocs/Documents/VSCode/Tax-App-Frontend/node_modules/react-dom/cjs/react-dom.development.js:20103:13)
            at beginWork (/Users/ryan/Library/Mobile Documents/com~apple~CloudDocs/Documents/VSCode/Tax-App-Frontend/node_modules/react-dom/cjs/react-dom.development.js:21626:16)
            at HTMLUnknownElement.callCallback (/Users/ryan/Library/Mobile Documents/com~apple~CloudDocs/Documents/VSCode/Tax-App-Frontend/node_modules/react-dom/cjs/react-dom.development.js:4164:14)
            at HTMLUnknownElement.callTheUserObjectsOperation (/Users/ryan/Library/Mobile Documents/com~apple~CloudDocs/Documents/VSCode/Tax-App-Frontend/node_modules/jsdom/lib/jsdom/living/generated/EventListener.js:26:30)
            at innerInvokeEventListeners (/Users/ryan/Library/Mobile Documents/com~apple~CloudDocs/Documents/VSCode/Tax-App-Frontend/node_modules/jsdom/lib/jsdom/living/events/EventTarget-impl.js:350:25)
            at invokeEventListeners (/Users/ryan/Library/Mobile Documents/com~apple~CloudDocs/Documents/VSCode/Tax-App-Frontend/node_modules/jsdom/lib/jsdom/living/events/EventTarget-impl.js:286:3)
            at HTMLUnknownElementImpl._dispatch (/Users/ryan/Library/Mobile Documents/com~apple~CloudDocs/Documents/VSCode/Tax-App-Frontend/node_modules/jsdom/lib/jsdom/living/events/EventTarget-impl.js:233:9)
            at HTMLUnknownElementImpl.dispatchEvent (/Users/ryan/Library/Mobile Documents/com~apple~CloudDocs/Documents/VSCode/Tax-App-Frontend/node_modules/jsdom/lib/jsdom/living/events/EventTarget-impl.js:104:17)
            at HTMLUnknownElement.dispatchEvent (/Users/ryan/Library/Mobile Documents/com~apple~CloudDocs/Documents/VSCode/Tax-App-Frontend/node_modules/jsdom/lib/jsdom/living/generated/EventTarget.js:241:34)
            at Object.invokeGuardedCallbackDev (/Users/ryan/Library/Mobile Documents/com~apple~CloudDocs/Documents/VSCode/Tax-App-Frontend/node_modules/react-dom/cjs/react-dom.development.js:4213:16)
            at invokeGuardedCallback (/Users/ryan/Library/Mobile Documents/com~apple~CloudDocs/Documents/VSCode/Tax-App-Frontend/node_modules/react-dom/cjs/react-dom.development.js:4277:31)
            at beginWork$1 (/Users/ryan/Library/Mobile Documents/com~apple~CloudDocs/Documents/VSCode/Tax-App-Frontend/node_modules/react-dom/cjs/react-dom.development.js:27490:7)
            at performUnitOfWork (/Users/ryan/Library/Mobile Documents/com~apple~CloudDocs/Documents/VSCode/Tax-App-Frontend/node_modules/react-dom/cjs/react-dom.development.js:26599:12)
            at workLoopSync (/Users/ryan/Library/Mobile Documents/com~apple~CloudDocs/Documents/VSCode/Tax-App-Frontend/node_modules/react-dom/cjs/react-dom.development.js:26505:5)
            at renderRootSync (/Users/ryan/Library/Mobile Documents/com~apple~CloudDocs/Documents/VSCode/Tax-App-Frontend/node_modules/react-dom/cjs/react-dom.development.js:26473:7)
            at recoverFromConcurrentError (/Users/ryan/Library/Mobile Documents/com~apple~CloudDocs/Documents/VSCode/Tax-App-Frontend/node_modules/react-dom/cjs/react-dom.development.js:25889:20)
            at performConcurrentWorkOnRoot (/Users/ryan/Library/Mobile Documents/com~apple~CloudDocs/Documents/VSCode/Tax-App-Frontend/node_modules/react-dom/cjs/react-dom.development.js:25789:22)
            at flushActQueue (/Users/ryan/Library/Mobile Documents/com~apple~CloudDocs/Documents/VSCode/Tax-App-Frontend/node_modules/react/cjs/react.development.js:2667:24)
            at act (/Users/ryan/Library/Mobile Documents/com~apple~CloudDocs/Documents/VSCode/Tax-App-Frontend/node_modules/react/cjs/react.development.js:2582:11)
            at /Users/ryan/Library/Mobile Documents/com~apple~CloudDocs/Documents/VSCode/Tax-App-Frontend/node_modules/@testing-library/react/dist/act-compat.js:46:25
            at renderRoot (/Users/ryan/Library/Mobile Documents/com~apple~CloudDocs/Documents/VSCode/Tax-App-Frontend/node_modules/@testing-library/react/dist/pure.js:189:26)
            at render (/Users/ryan/Library/Mobile Documents/com~apple~CloudDocs/Documents/VSCode/Tax-App-Frontend/node_modules/@testing-library/react/dist/pure.js:291:10)
            at /Users/ryan/Library/Mobile Documents/com~apple~CloudDocs/Documents/VSCode/Tax-App-Frontend/src/app/dashboard/authentication-flow.property.test.tsx:103:35
            at Property.predicate (/Users/ryan/Library/Mobile Documents/com~apple~CloudDocs/Documents/VSCode/Tax-App-Frontend/node_modules/fast-check/lib/cjs/check/property/Property.js:17:92)
            at Property.run (/Users/ryan/Library/Mobile Documents/com~apple~CloudDocs/Documents/VSCode/Tax-App-Frontend/node_modules/fast-check/lib/cjs/check/property/Property.generic.js:46:33)
            at runIt (/Users/ryan/Library/Mobile Documents/com~apple~CloudDocs/Documents/VSCode/Tax-App-Frontend/node_modules/fast-check/lib/cjs/check/runner/Runner.js:18:30)
            at check (/Users/ryan/Library/Mobile Documents/com~apple~CloudDocs/Documents/VSCode/Tax-App-Frontend/node_modules/fast-check/lib/cjs/check/runner/Runner.js:58:11)
            at Object.assert (/Users/ryan/Library/Mobile Documents/com~apple~CloudDocs/Documents/VSCode/Tax-App-Frontend/node_modules/fast-check/lib/cjs/check/runner/Runner.js:61:17)
            at Object.assert (/Users/ryan/Library/Mobile Documents/com~apple~CloudDocs/Documents/VSCode/Tax-App-Frontend/src/app/dashboard/authentication-flow.property.test.tsx:98:8)
            at Promise.finally.completed (/Users/ryan/Library/Mobile Documents/com~apple~CloudDocs/Documents/VSCode/Tax-App-Frontend/node_modules/jest-circus/build/jestAdapterInit.js:1557:28)
            at new Promise (<anonymous>)
            at callAsyncCircusFn (/Users/ryan/Library/Mobile Documents/com~apple~CloudDocs/Documents/VSCode/Tax-App-Frontend/node_modules/jest-circus/build/jestAdapterInit.js:1497:10)
            at _callCircusTest (/Users/ryan/Library/Mobile Documents/com~apple~CloudDocs/Documents/VSCode/Tax-App-Frontend/node_modules/jest-circus/build/jestAdapterInit.js:1007:40)
            at processTicksAndRejections (node:internal/process/task_queues:95:5)
            at _runTest (/Users/ryan/Library/Mobile Documents/com~apple~CloudDocs/Documents/VSCode/Tax-App-Frontend/node_modules/jest-circus/build/jestAdapterInit.js:947:3)
            at /Users/ryan/Library/Mobile Documents/com~apple~CloudDocs/Documents/VSCode/Tax-App-Frontend/node_modules/jest-circus/build/jestAdapterInit.js:849:7
            at _runTestsForDescribeBlock (/Users/ryan/Library/Mobile Documents/com~apple~CloudDocs/Documents/VSCode/Tax-App-Frontend/node_modules/jest-circus/build/jestAdapterInit.js:862:11)
            at _runTestsForDescribeBlock (/Users/ryan/Library/Mobile Documents/com~apple~CloudDocs/Documents/VSCode/Tax-App-Frontend/node_modules/jest-circus/build/jestAdapterInit.js:857:11)
            at run (/Users/ryan/Library/Mobile Documents/com~apple~CloudDocs/Documents/VSCode/Tax-App-Frontend/node_modules/jest-circus/build/jestAdapterInit.js:761:3)
            at runAndTransformResultsToJestFormat (/Users/ryan/Library/Mobile Documents/com~apple~CloudDocs/Documents/VSCode/Tax-App-Frontend/node_modules/jest-circus/build/jestAdapterInit.js:1918:21)
            at jestAdapter (/Users/ryan/Library/Mobile Documents/com~apple~CloudDocs/Documents/VSCode/Tax-App-Frontend/node_modules/jest-circus/build/runner.js:101:19)
            at runTestInternal (/Users/ryan/Library/Mobile Documents/com~apple~CloudDocs/Documents/VSCode/Tax-App-Frontend/node_modules/jest-runner/build/testWorker.js:275:16)
            at runTest (/Users/ryan/Library/Mobile Documents/com~apple~CloudDocs/Documents/VSCode/Tax-App-Frontend/node_modules/jest-runner/build/testWorker.js:343:7)
            at Object.worker (/Users/ryan/Library/Mobile Documents/com~apple~CloudDocs/Documents/VSCode/Tax-App-Frontend/node_modules/jest-runner/build/testWorker.js:497:12),
        type: 'unhandled exception'
      }

      101 |         // Note: The server component (page.tsx) would have already verified
      102 |         // the session before rendering this client component
    > 103 |         const { unmount } = render(<DashboardClient />);
          |                                   ^
      104 |
      105 |         try {
      106 |           // Verify the tax form selector is rendered

      at VirtualConsole.<anonymous> (node_modules/@jest/environment-jsdom-abstract/build/index.js:87:23)
      at reportException (node_modules/jsdom/lib/jsdom/living/helpers/runtime-script-errors.js:70:28)
      at innerInvokeEventListeners (node_modules/jsdom/lib/jsdom/living/events/EventTarget-impl.js:353:9)
      at invokeEventListeners (node_modules/jsdom/lib/jsdom/living/events/EventTarget-impl.js:286:3)
      at HTMLUnknownElementImpl._dispatch (node_modules/jsdom/lib/jsdom/living/events/EventTarget-impl.js:233:9)
      at HTMLUnknownElementImpl.dispatchEvent (node_modules/jsdom/lib/jsdom/living/events/EventTarget-impl.js:104:17)
      at HTMLUnknownElement.dispatchEvent (node_modules/jsdom/lib/jsdom/living/generated/EventTarget.js:241:34)
      at Object.invokeGuardedCallbackDev (node_modules/react-dom/cjs/react-dom.development.js:4213:16)
      at invokeGuardedCallback (node_modules/react-dom/cjs/react-dom.development.js:4277:31)
      at beginWork$1 (node_modules/react-dom/cjs/react-dom.development.js:27490:7)
      at performUnitOfWork (node_modules/react-dom/cjs/react-dom.development.js:26599:12)
      at workLoopSync (node_modules/react-dom/cjs/react-dom.development.js:26505:5)
      at renderRootSync (node_modules/react-dom/cjs/react-dom.development.js:26473:7)
      at recoverFromConcurrentError (node_modules/react-dom/cjs/react-dom.development.js:25889:20)
      at performConcurrentWorkOnRoot (node_modules/react-dom/cjs/react-dom.development.js:25789:22)
      at flushActQueue (node_modules/react/cjs/react.development.js:2667:24)
      at act (node_modules/react/cjs/react.development.js:2582:11)
      at node_modules/@testing-library/react/dist/act-compat.js:46:25
      at renderRoot (node_modules/@testing-library/react/dist/pure.js:189:26)
      at render (node_modules/@testing-library/react/dist/pure.js:291:10)
      at src/app/dashboard/authentication-flow.property.test.tsx:103:35
      at Property.predicate (node_modules/fast-check/lib/cjs/check/property/Property.js:17:92)
      at Property.run (node_modules/fast-check/lib/cjs/check/property/Property.generic.js:46:33)
      at runIt (node_modules/fast-check/lib/cjs/check/runner/Runner.js:18:30)
      at check (node_modules/fast-check/lib/cjs/check/runner/Runner.js:58:11)
      at Object.assert (node_modules/fast-check/lib/cjs/check/runner/Runner.js:61:17)
      at Object.assert (src/app/dashboard/authentication-flow.property.test.tsx:98:8)

    console.error
      The above error occurred in the <LogoutButton> component:
      
          at className (/Users/ryan/Library/Mobile Documents/com~apple~CloudDocs/Documents/VSCode/Tax-App-Frontend/src/components/LogoutButton.tsx:53:32)
          at div
          at div
          at children (/Users/ryan/Library/Mobile Documents/com~apple~CloudDocs/Documents/VSCode/Tax-App-Frontend/src/app/dashboard/authentication-flow.property.test.tsx:37:18)
          at div
          at children (/Users/ryan/Library/Mobile Documents/com~apple~CloudDocs/Documents/VSCode/Tax-App-Frontend/src/app/dashboard/authentication-flow.property.test.tsx:32:12)
          at div
          at div
          at div
          at children (/Users/ryan/Library/Mobile Documents/com~apple~CloudDocs/Documents/VSCode/Tax-App-Frontend/src/app/dashboard/authentication-flow.property.test.tsx:27:21)
          at DashboardClient
      
      Consider adding an error boundary to your tree to customize error handling behavior.
      Visit https://reactjs.org/link/error-boundaries to learn more about error boundaries.

      101 |         // Note: The server component (page.tsx) would have already verified
      102 |         // the session before rendering this client component
    > 103 |         const { unmount } = render(<DashboardClient />);
          |                                   ^
      104 |
      105 |         try {
      106 |           // Verify the tax form selector is rendered

      at logCapturedError (node_modules/react-dom/cjs/react-dom.development.js:18704:23)
      at update.callback (node_modules/react-dom/cjs/react-dom.development.js:18737:5)
      at callCallback (node_modules/react-dom/cjs/react-dom.development.js:15036:12)
      at commitUpdateQueue (node_modules/react-dom/cjs/react-dom.development.js:15057:9)
      at commitLayoutEffectOnFiber (node_modules/react-dom/cjs/react-dom.development.js:23430:13)
      at commitLayoutMountEffects_complete (node_modules/react-dom/cjs/react-dom.development.js:24727:9)
      at commitLayoutEffects_begin (node_modules/react-dom/cjs/react-dom.development.js:24713:7)
      at commitLayoutEffects (node_modules/react-dom/cjs/react-dom.development.js:24651:3)
      at commitRootImpl (node_modules/react-dom/cjs/react-dom.development.js:26862:5)
      at commitRoot (node_modules/react-dom/cjs/react-dom.development.js:26721:5)
      at finishConcurrentRender (node_modules/react-dom/cjs/react-dom.development.js:25931:9)
      at performConcurrentWorkOnRoot (node_modules/react-dom/cjs/react-dom.development.js:25848:7)
      at flushActQueue (node_modules/react/cjs/react.development.js:2667:24)
      at act (node_modules/react/cjs/react.development.js:2582:11)
      at node_modules/@testing-library/react/dist/act-compat.js:46:25
      at renderRoot (node_modules/@testing-library/react/dist/pure.js:189:26)
      at render (node_modules/@testing-library/react/dist/pure.js:291:10)
      at src/app/dashboard/authentication-flow.property.test.tsx:103:35
      at Property.predicate (node_modules/fast-check/lib/cjs/check/property/Property.js:17:92)
      at Property.run (node_modules/fast-check/lib/cjs/check/property/Property.generic.js:46:33)
      at runIt (node_modules/fast-check/lib/cjs/check/runner/Runner.js:18:30)
      at check (node_modules/fast-check/lib/cjs/check/runner/Runner.js:58:11)
      at Object.assert (node_modules/fast-check/lib/cjs/check/runner/Runner.js:61:17)
      at Object.assert (src/app/dashboard/authentication-flow.property.test.tsx:98:8)

    console.error
      Error: Uncaught [Error: invariant expected app router to be mounted]
          at reportException (/Users/ryan/Library/Mobile Documents/com~apple~CloudDocs/Documents/VSCode/Tax-App-Frontend/node_modules/jsdom/lib/jsdom/living/helpers/runtime-script-errors.js:66:24)
          at innerInvokeEventListeners (/Users/ryan/Library/Mobile Documents/com~apple~CloudDocs/Documents/VSCode/Tax-App-Frontend/node_modules/jsdom/lib/jsdom/living/events/EventTarget-impl.js:353:9)
          at invokeEventListeners (/Users/ryan/Library/Mobile Documents/com~apple~CloudDocs/Documents/VSCode/Tax-App-Frontend/node_modules/jsdom/lib/jsdom/living/events/EventTarget-impl.js:286:3)
          at HTMLUnknownElementImpl._dispatch (/Users/ryan/Library/Mobile Documents/com~apple~CloudDocs/Documents/VSCode/Tax-App-Frontend/node_modules/jsdom/lib/jsdom/living/events/EventTarget-impl.js:233:9)
          at HTMLUnknownElementImpl.dispatchEvent (/Users/ryan/Library/Mobile Documents/com~apple~CloudDocs/Documents/VSCode/Tax-App-Frontend/node_modules/jsdom/lib/jsdom/living/events/EventTarget-impl.js:104:17)
          at HTMLUnknownElement.dispatchEvent (/Users/ryan/Library/Mobile Documents/com~apple~CloudDocs/Documents/VSCode/Tax-App-Frontend/node_modules/jsdom/lib/jsdom/living/generated/EventTarget.js:241:34)
          at Object.invokeGuardedCallbackDev (/Users/ryan/Library/Mobile Documents/com~apple~CloudDocs/Documents/VSCode/Tax-App-Frontend/node_modules/react-dom/cjs/react-dom.development.js:4213:16)
          at invokeGuardedCallback (/Users/ryan/Library/Mobile Documents/com~apple~CloudDocs/Documents/VSCode/Tax-App-Frontend/node_modules/react-dom/cjs/react-dom.development.js:4277:31)
          at beginWork$1 (/Users/ryan/Library/Mobile Documents/com~apple~CloudDocs/Documents/VSCode/Tax-App-Frontend/node_modules/react-dom/cjs/react-dom.development.js:27490:7)
          at performUnitOfWork (/Users/ryan/Library/Mobile Documents/com~apple~CloudDocs/Documents/VSCode/Tax-App-Frontend/node_modules/react-dom/cjs/react-dom.development.js:26599:12)
          at workLoopSync (/Users/ryan/Library/Mobile Documents/com~apple~CloudDocs/Documents/VSCode/Tax-App-Frontend/node_modules/react-dom/cjs/react-dom.development.js:26505:5)
          at renderRootSync (/Users/ryan/Library/Mobile Documents/com~apple~CloudDocs/Documents/VSCode/Tax-App-Frontend/node_modules/react-dom/cjs/react-dom.development.js:26473:7)
          at performConcurrentWorkOnRoot (/Users/ryan/Library/Mobile Documents/com~apple~CloudDocs/Documents/VSCode/Tax-App-Frontend/node_modules/react-dom/cjs/react-dom.development.js:25777:74)
          at flushActQueue (/Users/ryan/Library/Mobile Documents/com~apple~CloudDocs/Documents/VSCode/Tax-App-Frontend/node_modules/react/cjs/react.development.js:2667:24)
          at act (/Users/ryan/Library/Mobile Documents/com~apple~CloudDocs/Documents/VSCode/Tax-App-Frontend/node_modules/react/cjs/react.development.js:2582:11)
          at /Users/ryan/Library/Mobile Documents/com~apple~CloudDocs/Documents/VSCode/Tax-App-Frontend/node_modules/@testing-library/react/dist/act-compat.js:46:25
          at renderRoot (/Users/ryan/Library/Mobile Documents/com~apple~CloudDocs/Documents/VSCode/Tax-App-Frontend/node_modules/@testing-library/react/dist/pure.js:189:26)
          at render (/Users/ryan/Library/Mobile Documents/com~apple~CloudDocs/Documents/VSCode/Tax-App-Frontend/node_modules/@testing-library/react/dist/pure.js:291:10)
          at /Users/ryan/Library/Mobile Documents/com~apple~CloudDocs/Documents/VSCode/Tax-App-Frontend/src/app/dashboard/authentication-flow.property.test.tsx:150:35
          at Property.predicate (/Users/ryan/Library/Mobile Documents/com~apple~CloudDocs/Documents/VSCode/Tax-App-Frontend/node_modules/fast-check/lib/cjs/check/property/Property.js:17:92)
          at Property.run (/Users/ryan/Library/Mobile Documents/com~apple~CloudDocs/Documents/VSCode/Tax-App-Frontend/node_modules/fast-check/lib/cjs/check/property/Property.generic.js:46:33)
          at runIt (/Users/ryan/Library/Mobile Documents/com~apple~CloudDocs/Documents/VSCode/Tax-App-Frontend/node_modules/fast-check/lib/cjs/check/runner/Runner.js:18:30)
          at check (/Users/ryan/Library/Mobile Documents/com~apple~CloudDocs/Documents/VSCode/Tax-App-Frontend/node_modules/fast-check/lib/cjs/check/runner/Runner.js:58:11)
          at Object.assert (/Users/ryan/Library/Mobile Documents/com~apple~CloudDocs/Documents/VSCode/Tax-App-Frontend/node_modules/fast-check/lib/cjs/check/runner/Runner.js:61:17)
          at Object.assert (/Users/ryan/Library/Mobile Documents/com~apple~CloudDocs/Documents/VSCode/Tax-App-Frontend/src/app/dashboard/authentication-flow.property.test.tsx:148:8)
          at Promise.finally.completed (/Users/ryan/Library/Mobile Documents/com~apple~CloudDocs/Documents/VSCode/Tax-App-Frontend/node_modules/jest-circus/build/jestAdapterInit.js:1557:28)
          at new Promise (<anonymous>)
          at callAsyncCircusFn (/Users/ryan/Library/Mobile Documents/com~apple~CloudDocs/Documents/VSCode/Tax-App-Frontend/node_modules/jest-circus/build/jestAdapterInit.js:1497:10)
          at _callCircusTest (/Users/ryan/Library/Mobile Documents/com~apple~CloudDocs/Documents/VSCode/Tax-App-Frontend/node_modules/jest-circus/build/jestAdapterInit.js:1007:40)
          at processTicksAndRejections (node:internal/process/task_queues:95:5)
          at _runTest (/Users/ryan/Library/Mobile Documents/com~apple~CloudDocs/Documents/VSCode/Tax-App-Frontend/node_modules/jest-circus/build/jestAdapterInit.js:947:3)
          at /Users/ryan/Library/Mobile Documents/com~apple~CloudDocs/Documents/VSCode/Tax-App-Frontend/node_modules/jest-circus/build/jestAdapterInit.js:849:7
          at _runTestsForDescribeBlock (/Users/ryan/Library/Mobile Documents/com~apple~CloudDocs/Documents/VSCode/Tax-App-Frontend/node_modules/jest-circus/build/jestAdapterInit.js:862:11)
          at _runTestsForDescribeBlock (/Users/ryan/Library/Mobile Documents/com~apple~CloudDocs/Documents/VSCode/Tax-App-Frontend/node_modules/jest-circus/build/jestAdapterInit.js:857:11)
          at run (/Users/ryan/Library/Mobile Documents/com~apple~CloudDocs/Documents/VSCode/Tax-App-Frontend/node_modules/jest-circus/build/jestAdapterInit.js:761:3)
          at runAndTransformResultsToJestFormat (/Users/ryan/Library/Mobile Documents/com~apple~CloudDocs/Documents/VSCode/Tax-App-Frontend/node_modules/jest-circus/build/jestAdapterInit.js:1918:21)
          at jestAdapter (/Users/ryan/Library/Mobile Documents/com~apple~CloudDocs/Documents/VSCode/Tax-App-Frontend/node_modules/jest-circus/build/runner.js:101:19)
          at runTestInternal (/Users/ryan/Library/Mobile Documents/com~apple~CloudDocs/Documents/VSCode/Tax-App-Frontend/node_modules/jest-runner/build/testWorker.js:275:16)
          at runTest (/Users/ryan/Library/Mobile Documents/com~apple~CloudDocs/Documents/VSCode/Tax-App-Frontend/node_modules/jest-runner/build/testWorker.js:343:7)
          at Object.worker (/Users/ryan/Library/Mobile Documents/com~apple~CloudDocs/Documents/VSCode/Tax-App-Frontend/node_modules/jest-runner/build/testWorker.js:497:12) {
        detail: Error: invariant expected app router to be mounted
            at useRouter (/Users/ryan/Library/Mobile Documents/com~apple~CloudDocs/Documents/VSCode/Tax-App-Frontend/node_modules/next/src/client/components/navigation.ts:113:11)
            at LogoutButton (/Users/ryan/Library/Mobile Documents/com~apple~CloudDocs/Documents/VSCode/Tax-App-Frontend/src/components/LogoutButton.tsx:54:27)
            at renderWithHooks (/Users/ryan/Library/Mobile Documents/com~apple~CloudDocs/Documents/VSCode/Tax-App-Frontend/node_modules/react-dom/cjs/react-dom.development.js:15486:18)
            at mountIndeterminateComponent (/Users/ryan/Library/Mobile Documents/com~apple~CloudDocs/Documents/VSCode/Tax-App-Frontend/node_modules/react-dom/cjs/react-dom.development.js:20103:13)
            at beginWork (/Users/ryan/Library/Mobile Documents/com~apple~CloudDocs/Documents/VSCode/Tax-App-Frontend/node_modules/react-dom/cjs/react-dom.development.js:21626:16)
            at HTMLUnknownElement.callCallback (/Users/ryan/Library/Mobile Documents/com~apple~CloudDocs/Documents/VSCode/Tax-App-Frontend/node_modules/react-dom/cjs/react-dom.development.js:4164:14)
            at HTMLUnknownElement.callTheUserObjectsOperation (/Users/ryan/Library/Mobile Documents/com~apple~CloudDocs/Documents/VSCode/Tax-App-Frontend/node_modules/jsdom/lib/jsdom/living/generated/EventListener.js:26:30)
            at innerInvokeEventListeners (/Users/ryan/Library/Mobile Documents/com~apple~CloudDocs/Documents/VSCode/Tax-App-Frontend/node_modules/jsdom/lib/jsdom/living/events/EventTarget-impl.js:350:25)
            at invokeEventListeners (/Users/ryan/Library/Mobile Documents/com~apple~CloudDocs/Documents/VSCode/Tax-App-Frontend/node_modules/jsdom/lib/jsdom/living/events/EventTarget-impl.js:286:3)
            at HTMLUnknownElementImpl._dispatch (/Users/ryan/Library/Mobile Documents/com~apple~CloudDocs/Documents/VSCode/Tax-App-Frontend/node_modules/jsdom/lib/jsdom/living/events/EventTarget-impl.js:233:9)
            at HTMLUnknownElementImpl.dispatchEvent (/Users/ryan/Library/Mobile Documents/com~apple~CloudDocs/Documents/VSCode/Tax-App-Frontend/node_modules/jsdom/lib/jsdom/living/events/EventTarget-impl.js:104:17)
            at HTMLUnknownElement.dispatchEvent (/Users/ryan/Library/Mobile Documents/com~apple~CloudDocs/Documents/VSCode/Tax-App-Frontend/node_modules/jsdom/lib/jsdom/living/generated/EventTarget.js:241:34)
            at Object.invokeGuardedCallbackDev (/Users/ryan/Library/Mobile Documents/com~apple~CloudDocs/Documents/VSCode/Tax-App-Frontend/node_modules/react-dom/cjs/react-dom.development.js:4213:16)
            at invokeGuardedCallback (/Users/ryan/Library/Mobile Documents/com~apple~CloudDocs/Documents/VSCode/Tax-App-Frontend/node_modules/react-dom/cjs/react-dom.development.js:4277:31)
            at beginWork$1 (/Users/ryan/Library/Mobile Documents/com~apple~CloudDocs/Documents/VSCode/Tax-App-Frontend/node_modules/react-dom/cjs/react-dom.development.js:27490:7)
            at performUnitOfWork (/Users/ryan/Library/Mobile Documents/com~apple~CloudDocs/Documents/VSCode/Tax-App-Frontend/node_modules/react-dom/cjs/react-dom.development.js:26599:12)
            at workLoopSync (/Users/ryan/Library/Mobile Documents/com~apple~CloudDocs/Documents/VSCode/Tax-App-Frontend/node_modules/react-dom/cjs/react-dom.development.js:26505:5)
            at renderRootSync (/Users/ryan/Library/Mobile Documents/com~apple~CloudDocs/Documents/VSCode/Tax-App-Frontend/node_modules/react-dom/cjs/react-dom.development.js:26473:7)
            at performConcurrentWorkOnRoot (/Users/ryan/Library/Mobile Documents/com~apple~CloudDocs/Documents/VSCode/Tax-App-Frontend/node_modules/react-dom/cjs/react-dom.development.js:25777:74)
            at flushActQueue (/Users/ryan/Library/Mobile Documents/com~apple~CloudDocs/Documents/VSCode/Tax-App-Frontend/node_modules/react/cjs/react.development.js:2667:24)
            at act (/Users/ryan/Library/Mobile Documents/com~apple~CloudDocs/Documents/VSCode/Tax-App-Frontend/node_modules/react/cjs/react.development.js:2582:11)
            at /Users/ryan/Library/Mobile Documents/com~apple~CloudDocs/Documents/VSCode/Tax-App-Frontend/node_modules/@testing-library/react/dist/act-compat.js:46:25
            at renderRoot (/Users/ryan/Library/Mobile Documents/com~apple~CloudDocs/Documents/VSCode/Tax-App-Frontend/node_modules/@testing-library/react/dist/pure.js:189:26)
            at render (/Users/ryan/Library/Mobile Documents/com~apple~CloudDocs/Documents/VSCode/Tax-App-Frontend/node_modules/@testing-library/react/dist/pure.js:291:10)
            at /Users/ryan/Library/Mobile Documents/com~apple~CloudDocs/Documents/VSCode/Tax-App-Frontend/src/app/dashboard/authentication-flow.property.test.tsx:150:35
            at Property.predicate (/Users/ryan/Library/Mobile Documents/com~apple~CloudDocs/Documents/VSCode/Tax-App-Frontend/node_modules/fast-check/lib/cjs/check/property/Property.js:17:92)
            at Property.run (/Users/ryan/Library/Mobile Documents/com~apple~CloudDocs/Documents/VSCode/Tax-App-Frontend/node_modules/fast-check/lib/cjs/check/property/Property.generic.js:46:33)
            at runIt (/Users/ryan/Library/Mobile Documents/com~apple~CloudDocs/Documents/VSCode/Tax-App-Frontend/node_modules/fast-check/lib/cjs/check/runner/Runner.js:18:30)
            at check (/Users/ryan/Library/Mobile Documents/com~apple~CloudDocs/Documents/VSCode/Tax-App-Frontend/node_modules/fast-check/lib/cjs/check/runner/Runner.js:58:11)
            at Object.assert (/Users/ryan/Library/Mobile Documents/com~apple~CloudDocs/Documents/VSCode/Tax-App-Frontend/node_modules/fast-check/lib/cjs/check/runner/Runner.js:61:17)
            at Object.assert (/Users/ryan/Library/Mobile Documents/com~apple~CloudDocs/Documents/VSCode/Tax-App-Frontend/src/app/dashboard/authentication-flow.property.test.tsx:148:8)
            at Promise.finally.completed (/Users/ryan/Library/Mobile Documents/com~apple~CloudDocs/Documents/VSCode/Tax-App-Frontend/node_modules/jest-circus/build/jestAdapterInit.js:1557:28)
            at new Promise (<anonymous>)
            at callAsyncCircusFn (/Users/ryan/Library/Mobile Documents/com~apple~CloudDocs/Documents/VSCode/Tax-App-Frontend/node_modules/jest-circus/build/jestAdapterInit.js:1497:10)
            at _callCircusTest (/Users/ryan/Library/Mobile Documents/com~apple~CloudDocs/Documents/VSCode/Tax-App-Frontend/node_modules/jest-circus/build/jestAdapterInit.js:1007:40)
            at processTicksAndRejections (node:internal/process/task_queues:95:5)
            at _runTest (/Users/ryan/Library/Mobile Documents/com~apple~CloudDocs/Documents/VSCode/Tax-App-Frontend/node_modules/jest-circus/build/jestAdapterInit.js:947:3)
            at /Users/ryan/Library/Mobile Documents/com~apple~CloudDocs/Documents/VSCode/Tax-App-Frontend/node_modules/jest-circus/build/jestAdapterInit.js:849:7
            at _runTestsForDescribeBlock (/Users/ryan/Library/Mobile Documents/com~apple~CloudDocs/Documents/VSCode/Tax-App-Frontend/node_modules/jest-circus/build/jestAdapterInit.js:862:11)
            at _runTestsForDescribeBlock (/Users/ryan/Library/Mobile Documents/com~apple~CloudDocs/Documents/VSCode/Tax-App-Frontend/node_modules/jest-circus/build/jestAdapterInit.js:857:11)
            at run (/Users/ryan/Library/Mobile Documents/com~apple~CloudDocs/Documents/VSCode/Tax-App-Frontend/node_modules/jest-circus/build/jestAdapterInit.js:761:3)
            at runAndTransformResultsToJestFormat (/Users/ryan/Library/Mobile Documents/com~apple~CloudDocs/Documents/VSCode/Tax-App-Frontend/node_modules/jest-circus/build/jestAdapterInit.js:1918:21)
            at jestAdapter (/Users/ryan/Library/Mobile Documents/com~apple~CloudDocs/Documents/VSCode/Tax-App-Frontend/node_modules/jest-circus/build/runner.js:101:19)
            at runTestInternal (/Users/ryan/Library/Mobile Documents/com~apple~CloudDocs/Documents/VSCode/Tax-App-Frontend/node_modules/jest-runner/build/testWorker.js:275:16)
            at runTest (/Users/ryan/Library/Mobile Documents/com~apple~CloudDocs/Documents/VSCode/Tax-App-Frontend/node_modules/jest-runner/build/testWorker.js:343:7)
            at Object.worker (/Users/ryan/Library/Mobile Documents/com~apple~CloudDocs/Documents/VSCode/Tax-App-Frontend/node_modules/jest-runner/build/testWorker.js:497:12),
        type: 'unhandled exception'
      }

      148 |     fc.assert(
      149 |       fc.property(sessionDataArbitrary, (sessionData) => {
    > 150 |         const { unmount } = render(<DashboardClient />);
          |                                   ^
      151 |
      152 |         try {
      153 |           // Verify all key UI elements are present

      at VirtualConsole.<anonymous> (node_modules/@jest/environment-jsdom-abstract/build/index.js:87:23)
      at reportException (node_modules/jsdom/lib/jsdom/living/helpers/runtime-script-errors.js:70:28)
      at innerInvokeEventListeners (node_modules/jsdom/lib/jsdom/living/events/EventTarget-impl.js:353:9)
      at invokeEventListeners (node_modules/jsdom/lib/jsdom/living/events/EventTarget-impl.js:286:3)
      at HTMLUnknownElementImpl._dispatch (node_modules/jsdom/lib/jsdom/living/events/EventTarget-impl.js:233:9)
      at HTMLUnknownElementImpl.dispatchEvent (node_modules/jsdom/lib/jsdom/living/events/EventTarget-impl.js:104:17)
      at HTMLUnknownElement.dispatchEvent (node_modules/jsdom/lib/jsdom/living/generated/EventTarget.js:241:34)
      at Object.invokeGuardedCallbackDev (node_modules/react-dom/cjs/react-dom.development.js:4213:16)
      at invokeGuardedCallback (node_modules/react-dom/cjs/react-dom.development.js:4277:31)
      at beginWork$1 (node_modules/react-dom/cjs/react-dom.development.js:27490:7)
      at performUnitOfWork (node_modules/react-dom/cjs/react-dom.development.js:26599:12)
      at workLoopSync (node_modules/react-dom/cjs/react-dom.development.js:26505:5)
      at renderRootSync (node_modules/react-dom/cjs/react-dom.development.js:26473:7)
      at performConcurrentWorkOnRoot (node_modules/react-dom/cjs/react-dom.development.js:25777:74)
      at flushActQueue (node_modules/react/cjs/react.development.js:2667:24)
      at act (node_modules/react/cjs/react.development.js:2582:11)
      at node_modules/@testing-library/react/dist/act-compat.js:46:25
      at renderRoot (node_modules/@testing-library/react/dist/pure.js:189:26)
      at render (node_modules/@testing-library/react/dist/pure.js:291:10)
      at src/app/dashboard/authentication-flow.property.test.tsx:150:35
      at Property.predicate (node_modules/fast-check/lib/cjs/check/property/Property.js:17:92)
      at Property.run (node_modules/fast-check/lib/cjs/check/property/Property.generic.js:46:33)
      at runIt (node_modules/fast-check/lib/cjs/check/runner/Runner.js:18:30)
      at check (node_modules/fast-check/lib/cjs/check/runner/Runner.js:58:11)
      at Object.assert (node_modules/fast-check/lib/cjs/check/runner/Runner.js:61:17)
      at Object.assert (src/app/dashboard/authentication-flow.property.test.tsx:148:8)

    console.error
      Error: Uncaught [Error: invariant expected app router to be mounted]
          at reportException (/Users/ryan/Library/Mobile Documents/com~apple~CloudDocs/Documents/VSCode/Tax-App-Frontend/node_modules/jsdom/lib/jsdom/living/helpers/runtime-script-errors.js:66:24)
          at innerInvokeEventListeners (/Users/ryan/Library/Mobile Documents/com~apple~CloudDocs/Documents/VSCode/Tax-App-Frontend/node_modules/jsdom/lib/jsdom/living/events/EventTarget-impl.js:353:9)
          at invokeEventListeners (/Users/ryan/Library/Mobile Documents/com~apple~CloudDocs/Documents/VSCode/Tax-App-Frontend/node_modules/jsdom/lib/jsdom/living/events/EventTarget-impl.js:286:3)
          at HTMLUnknownElementImpl._dispatch (/Users/ryan/Library/Mobile Documents/com~apple~CloudDocs/Documents/VSCode/Tax-App-Frontend/node_modules/jsdom/lib/jsdom/living/events/EventTarget-impl.js:233:9)
          at HTMLUnknownElementImpl.dispatchEvent (/Users/ryan/Library/Mobile Documents/com~apple~CloudDocs/Documents/VSCode/Tax-App-Frontend/node_modules/jsdom/lib/jsdom/living/events/EventTarget-impl.js:104:17)
          at HTMLUnknownElement.dispatchEvent (/Users/ryan/Library/Mobile Documents/com~apple~CloudDocs/Documents/VSCode/Tax-App-Frontend/node_modules/jsdom/lib/jsdom/living/generated/EventTarget.js:241:34)
          at Object.invokeGuardedCallbackDev (/Users/ryan/Library/Mobile Documents/com~apple~CloudDocs/Documents/VSCode/Tax-App-Frontend/node_modules/react-dom/cjs/react-dom.development.js:4213:16)
          at invokeGuardedCallback (/Users/ryan/Library/Mobile Documents/com~apple~CloudDocs/Documents/VSCode/Tax-App-Frontend/node_modules/react-dom/cjs/react-dom.development.js:4277:31)
          at beginWork$1 (/Users/ryan/Library/Mobile Documents/com~apple~CloudDocs/Documents/VSCode/Tax-App-Frontend/node_modules/react-dom/cjs/react-dom.development.js:27490:7)
          at performUnitOfWork (/Users/ryan/Library/Mobile Documents/com~apple~CloudDocs/Documents/VSCode/Tax-App-Frontend/node_modules/react-dom/cjs/react-dom.development.js:26599:12)
          at workLoopSync (/Users/ryan/Library/Mobile Documents/com~apple~CloudDocs/Documents/VSCode/Tax-App-Frontend/node_modules/react-dom/cjs/react-dom.development.js:26505:5)
          at renderRootSync (/Users/ryan/Library/Mobile Documents/com~apple~CloudDocs/Documents/VSCode/Tax-App-Frontend/node_modules/react-dom/cjs/react-dom.development.js:26473:7)
          at recoverFromConcurrentError (/Users/ryan/Library/Mobile Documents/com~apple~CloudDocs/Documents/VSCode/Tax-App-Frontend/node_modules/react-dom/cjs/react-dom.development.js:25889:20)
          at performConcurrentWorkOnRoot (/Users/ryan/Library/Mobile Documents/com~apple~CloudDocs/Documents/VSCode/Tax-App-Frontend/node_modules/react-dom/cjs/react-dom.development.js:25789:22)
          at flushActQueue (/Users/ryan/Library/Mobile Documents/com~apple~CloudDocs/Documents/VSCode/Tax-App-Frontend/node_modules/react/cjs/react.development.js:2667:24)
          at act (/Users/ryan/Library/Mobile Documents/com~apple~CloudDocs/Documents/VSCode/Tax-App-Frontend/node_modules/react/cjs/react.development.js:2582:11)
          at /Users/ryan/Library/Mobile Documents/com~apple~CloudDocs/Documents/VSCode/Tax-App-Frontend/node_modules/@testing-library/react/dist/act-compat.js:46:25
          at renderRoot (/Users/ryan/Library/Mobile Documents/com~apple~CloudDocs/Documents/VSCode/Tax-App-Frontend/node_modules/@testing-library/react/dist/pure.js:189:26)
          at render (/Users/ryan/Library/Mobile Documents/com~apple~CloudDocs/Documents/VSCode/Tax-App-Frontend/node_modules/@testing-library/react/dist/pure.js:291:10)
          at /Users/ryan/Library/Mobile Documents/com~apple~CloudDocs/Documents/VSCode/Tax-App-Frontend/src/app/dashboard/authentication-flow.property.test.tsx:150:35
          at Property.predicate (/Users/ryan/Library/Mobile Documents/com~apple~CloudDocs/Documents/VSCode/Tax-App-Frontend/node_modules/fast-check/lib/cjs/check/property/Property.js:17:92)
          at Property.run (/Users/ryan/Library/Mobile Documents/com~apple~CloudDocs/Documents/VSCode/Tax-App-Frontend/node_modules/fast-check/lib/cjs/check/property/Property.generic.js:46:33)
          at runIt (/Users/ryan/Library/Mobile Documents/com~apple~CloudDocs/Documents/VSCode/Tax-App-Frontend/node_modules/fast-check/lib/cjs/check/runner/Runner.js:18:30)
          at check (/Users/ryan/Library/Mobile Documents/com~apple~CloudDocs/Documents/VSCode/Tax-App-Frontend/node_modules/fast-check/lib/cjs/check/runner/Runner.js:58:11)
          at Object.assert (/Users/ryan/Library/Mobile Documents/com~apple~CloudDocs/Documents/VSCode/Tax-App-Frontend/node_modules/fast-check/lib/cjs/check/runner/Runner.js:61:17)
          at Object.assert (/Users/ryan/Library/Mobile Documents/com~apple~CloudDocs/Documents/VSCode/Tax-App-Frontend/src/app/dashboard/authentication-flow.property.test.tsx:148:8)
          at Promise.finally.completed (/Users/ryan/Library/Mobile Documents/com~apple~CloudDocs/Documents/VSCode/Tax-App-Frontend/node_modules/jest-circus/build/jestAdapterInit.js:1557:28)
          at new Promise (<anonymous>)
          at callAsyncCircusFn (/Users/ryan/Library/Mobile Documents/com~apple~CloudDocs/Documents/VSCode/Tax-App-Frontend/node_modules/jest-circus/build/jestAdapterInit.js:1497:10)
          at _callCircusTest (/Users/ryan/Library/Mobile Documents/com~apple~CloudDocs/Documents/VSCode/Tax-App-Frontend/node_modules/jest-circus/build/jestAdapterInit.js:1007:40)
          at processTicksAndRejections (node:internal/process/task_queues:95:5)
          at _runTest (/Users/ryan/Library/Mobile Documents/com~apple~CloudDocs/Documents/VSCode/Tax-App-Frontend/node_modules/jest-circus/build/jestAdapterInit.js:947:3)
          at /Users/ryan/Library/Mobile Documents/com~apple~CloudDocs/Documents/VSCode/Tax-App-Frontend/node_modules/jest-circus/build/jestAdapterInit.js:849:7
          at _runTestsForDescribeBlock (/Users/ryan/Library/Mobile Documents/com~apple~CloudDocs/Documents/VSCode/Tax-App-Frontend/node_modules/jest-circus/build/jestAdapterInit.js:862:11)
          at _runTestsForDescribeBlock (/Users/ryan/Library/Mobile Documents/com~apple~CloudDocs/Documents/VSCode/Tax-App-Frontend/node_modules/jest-circus/build/jestAdapterInit.js:857:11)
          at run (/Users/ryan/Library/Mobile Documents/com~apple~CloudDocs/Documents/VSCode/Tax-App-Frontend/node_modules/jest-circus/build/jestAdapterInit.js:761:3)
          at runAndTransformResultsToJestFormat (/Users/ryan/Library/Mobile Documents/com~apple~CloudDocs/Documents/VSCode/Tax-App-Frontend/node_modules/jest-circus/build/jestAdapterInit.js:1918:21)
          at jestAdapter (/Users/ryan/Library/Mobile Documents/com~apple~CloudDocs/Documents/VSCode/Tax-App-Frontend/node_modules/jest-circus/build/runner.js:101:19)
          at runTestInternal (/Users/ryan/Library/Mobile Documents/com~apple~CloudDocs/Documents/VSCode/Tax-App-Frontend/node_modules/jest-runner/build/testWorker.js:275:16)
          at runTest (/Users/ryan/Library/Mobile Documents/com~apple~CloudDocs/Documents/VSCode/Tax-App-Frontend/node_modules/jest-runner/build/testWorker.js:343:7)
          at Object.worker (/Users/ryan/Library/Mobile Documents/com~apple~CloudDocs/Documents/VSCode/Tax-App-Frontend/node_modules/jest-runner/build/testWorker.js:497:12) {
        detail: Error: invariant expected app router to be mounted
            at useRouter (/Users/ryan/Library/Mobile Documents/com~apple~CloudDocs/Documents/VSCode/Tax-App-Frontend/node_modules/next/src/client/components/navigation.ts:113:11)
            at LogoutButton (/Users/ryan/Library/Mobile Documents/com~apple~CloudDocs/Documents/VSCode/Tax-App-Frontend/src/components/LogoutButton.tsx:54:27)
            at renderWithHooks (/Users/ryan/Library/Mobile Documents/com~apple~CloudDocs/Documents/VSCode/Tax-App-Frontend/node_modules/react-dom/cjs/react-dom.development.js:15486:18)
            at mountIndeterminateComponent (/Users/ryan/Library/Mobile Documents/com~apple~CloudDocs/Documents/VSCode/Tax-App-Frontend/node_modules/react-dom/cjs/react-dom.development.js:20103:13)
            at beginWork (/Users/ryan/Library/Mobile Documents/com~apple~CloudDocs/Documents/VSCode/Tax-App-Frontend/node_modules/react-dom/cjs/react-dom.development.js:21626:16)
            at HTMLUnknownElement.callCallback (/Users/ryan/Library/Mobile Documents/com~apple~CloudDocs/Documents/VSCode/Tax-App-Frontend/node_modules/react-dom/cjs/react-dom.development.js:4164:14)
            at HTMLUnknownElement.callTheUserObjectsOperation (/Users/ryan/Library/Mobile Documents/com~apple~CloudDocs/Documents/VSCode/Tax-App-Frontend/node_modules/jsdom/lib/jsdom/living/generated/EventListener.js:26:30)
            at innerInvokeEventListeners (/Users/ryan/Library/Mobile Documents/com~apple~CloudDocs/Documents/VSCode/Tax-App-Frontend/node_modules/jsdom/lib/jsdom/living/events/EventTarget-impl.js:350:25)
            at invokeEventListeners (/Users/ryan/Library/Mobile Documents/com~apple~CloudDocs/Documents/VSCode/Tax-App-Frontend/node_modules/jsdom/lib/jsdom/living/events/EventTarget-impl.js:286:3)
            at HTMLUnknownElementImpl._dispatch (/Users/ryan/Library/Mobile Documents/com~apple~CloudDocs/Documents/VSCode/Tax-App-Frontend/node_modules/jsdom/lib/jsdom/living/events/EventTarget-impl.js:233:9)
            at HTMLUnknownElementImpl.dispatchEvent (/Users/ryan/Library/Mobile Documents/com~apple~CloudDocs/Documents/VSCode/Tax-App-Frontend/node_modules/jsdom/lib/jsdom/living/events/EventTarget-impl.js:104:17)
            at HTMLUnknownElement.dispatchEvent (/Users/ryan/Library/Mobile Documents/com~apple~CloudDocs/Documents/VSCode/Tax-App-Frontend/node_modules/jsdom/lib/jsdom/living/generated/EventTarget.js:241:34)
            at Object.invokeGuardedCallbackDev (/Users/ryan/Library/Mobile Documents/com~apple~CloudDocs/Documents/VSCode/Tax-App-Frontend/node_modules/react-dom/cjs/react-dom.development.js:4213:16)
            at invokeGuardedCallback (/Users/ryan/Library/Mobile Documents/com~apple~CloudDocs/Documents/VSCode/Tax-App-Frontend/node_modules/react-dom/cjs/react-dom.development.js:4277:31)
            at beginWork$1 (/Users/ryan/Library/Mobile Documents/com~apple~CloudDocs/Documents/VSCode/Tax-App-Frontend/node_modules/react-dom/cjs/react-dom.development.js:27490:7)
            at performUnitOfWork (/Users/ryan/Library/Mobile Documents/com~apple~CloudDocs/Documents/VSCode/Tax-App-Frontend/node_modules/react-dom/cjs/react-dom.development.js:26599:12)
            at workLoopSync (/Users/ryan/Library/Mobile Documents/com~apple~CloudDocs/Documents/VSCode/Tax-App-Frontend/node_modules/react-dom/cjs/react-dom.development.js:26505:5)
            at renderRootSync (/Users/ryan/Library/Mobile Documents/com~apple~CloudDocs/Documents/VSCode/Tax-App-Frontend/node_modules/react-dom/cjs/react-dom.development.js:26473:7)
            at recoverFromConcurrentError (/Users/ryan/Library/Mobile Documents/com~apple~CloudDocs/Documents/VSCode/Tax-App-Frontend/node_modules/react-dom/cjs/react-dom.development.js:25889:20)
            at performConcurrentWorkOnRoot (/Users/ryan/Library/Mobile Documents/com~apple~CloudDocs/Documents/VSCode/Tax-App-Frontend/node_modules/react-dom/cjs/react-dom.development.js:25789:22)
            at flushActQueue (/Users/ryan/Library/Mobile Documents/com~apple~CloudDocs/Documents/VSCode/Tax-App-Frontend/node_modules/react/cjs/react.development.js:2667:24)
            at act (/Users/ryan/Library/Mobile Documents/com~apple~CloudDocs/Documents/VSCode/Tax-App-Frontend/node_modules/react/cjs/react.development.js:2582:11)
            at /Users/ryan/Library/Mobile Documents/com~apple~CloudDocs/Documents/VSCode/Tax-App-Frontend/node_modules/@testing-library/react/dist/act-compat.js:46:25
            at renderRoot (/Users/ryan/Library/Mobile Documents/com~apple~CloudDocs/Documents/VSCode/Tax-App-Frontend/node_modules/@testing-library/react/dist/pure.js:189:26)
            at render (/Users/ryan/Library/Mobile Documents/com~apple~CloudDocs/Documents/VSCode/Tax-App-Frontend/node_modules/@testing-library/react/dist/pure.js:291:10)
            at /Users/ryan/Library/Mobile Documents/com~apple~CloudDocs/Documents/VSCode/Tax-App-Frontend/src/app/dashboard/authentication-flow.property.test.tsx:150:35
            at Property.predicate (/Users/ryan/Library/Mobile Documents/com~apple~CloudDocs/Documents/VSCode/Tax-App-Frontend/node_modules/fast-check/lib/cjs/check/property/Property.js:17:92)
            at Property.run (/Users/ryan/Library/Mobile Documents/com~apple~CloudDocs/Documents/VSCode/Tax-App-Frontend/node_modules/fast-check/lib/cjs/check/property/Property.generic.js:46:33)
            at runIt (/Users/ryan/Library/Mobile Documents/com~apple~CloudDocs/Documents/VSCode/Tax-App-Frontend/node_modules/fast-check/lib/cjs/check/runner/Runner.js:18:30)
            at check (/Users/ryan/Library/Mobile Documents/com~apple~CloudDocs/Documents/VSCode/Tax-App-Frontend/node_modules/fast-check/lib/cjs/check/runner/Runner.js:58:11)
            at Object.assert (/Users/ryan/Library/Mobile Documents/com~apple~CloudDocs/Documents/VSCode/Tax-App-Frontend/node_modules/fast-check/lib/cjs/check/runner/Runner.js:61:17)
            at Object.assert (/Users/ryan/Library/Mobile Documents/com~apple~CloudDocs/Documents/VSCode/Tax-App-Frontend/src/app/dashboard/authentication-flow.property.test.tsx:148:8)
            at Promise.finally.completed (/Users/ryan/Library/Mobile Documents/com~apple~CloudDocs/Documents/VSCode/Tax-App-Frontend/node_modules/jest-circus/build/jestAdapterInit.js:1557:28)
            at new Promise (<anonymous>)
            at callAsyncCircusFn (/Users/ryan/Library/Mobile Documents/com~apple~CloudDocs/Documents/VSCode/Tax-App-Frontend/node_modules/jest-circus/build/jestAdapterInit.js:1497:10)
            at _callCircusTest (/Users/ryan/Library/Mobile Documents/com~apple~CloudDocs/Documents/VSCode/Tax-App-Frontend/node_modules/jest-circus/build/jestAdapterInit.js:1007:40)
            at processTicksAndRejections (node:internal/process/task_queues:95:5)
            at _runTest (/Users/ryan/Library/Mobile Documents/com~apple~CloudDocs/Documents/VSCode/Tax-App-Frontend/node_modules/jest-circus/build/jestAdapterInit.js:947:3)
            at /Users/ryan/Library/Mobile Documents/com~apple~CloudDocs/Documents/VSCode/Tax-App-Frontend/node_modules/jest-circus/build/jestAdapterInit.js:849:7
            at _runTestsForDescribeBlock (/Users/ryan/Library/Mobile Documents/com~apple~CloudDocs/Documents/VSCode/Tax-App-Frontend/node_modules/jest-circus/build/jestAdapterInit.js:862:11)
            at _runTestsForDescribeBlock (/Users/ryan/Library/Mobile Documents/com~apple~CloudDocs/Documents/VSCode/Tax-App-Frontend/node_modules/jest-circus/build/jestAdapterInit.js:857:11)
            at run (/Users/ryan/Library/Mobile Documents/com~apple~CloudDocs/Documents/VSCode/Tax-App-Frontend/node_modules/jest-circus/build/jestAdapterInit.js:761:3)
            at runAndTransformResultsToJestFormat (/Users/ryan/Library/Mobile Documents/com~apple~CloudDocs/Documents/VSCode/Tax-App-Frontend/node_modules/jest-circus/build/jestAdapterInit.js:1918:21)
            at jestAdapter (/Users/ryan/Library/Mobile Documents/com~apple~CloudDocs/Documents/VSCode/Tax-App-Frontend/node_modules/jest-circus/build/runner.js:101:19)
            at runTestInternal (/Users/ryan/Library/Mobile Documents/com~apple~CloudDocs/Documents/VSCode/Tax-App-Frontend/node_modules/jest-runner/build/testWorker.js:275:16)
            at runTest (/Users/ryan/Library/Mobile Documents/com~apple~CloudDocs/Documents/VSCode/Tax-App-Frontend/node_modules/jest-runner/build/testWorker.js:343:7)
            at Object.worker (/Users/ryan/Library/Mobile Documents/com~apple~CloudDocs/Documents/VSCode/Tax-App-Frontend/node_modules/jest-runner/build/testWorker.js:497:12),
        type: 'unhandled exception'
      }

      148 |     fc.assert(
      149 |       fc.property(sessionDataArbitrary, (sessionData) => {
    > 150 |         const { unmount } = render(<DashboardClient />);
          |                                   ^
      151 |
      152 |         try {
      153 |           // Verify all key UI elements are present

      at VirtualConsole.<anonymous> (node_modules/@jest/environment-jsdom-abstract/build/index.js:87:23)
      at reportException (node_modules/jsdom/lib/jsdom/living/helpers/runtime-script-errors.js:70:28)
      at innerInvokeEventListeners (node_modules/jsdom/lib/jsdom/living/events/EventTarget-impl.js:353:9)
      at invokeEventListeners (node_modules/jsdom/lib/jsdom/living/events/EventTarget-impl.js:286:3)
      at HTMLUnknownElementImpl._dispatch (node_modules/jsdom/lib/jsdom/living/events/EventTarget-impl.js:233:9)
      at HTMLUnknownElementImpl.dispatchEvent (node_modules/jsdom/lib/jsdom/living/events/EventTarget-impl.js:104:17)
      at HTMLUnknownElement.dispatchEvent (node_modules/jsdom/lib/jsdom/living/generated/EventTarget.js:241:34)
      at Object.invokeGuardedCallbackDev (node_modules/react-dom/cjs/react-dom.development.js:4213:16)
      at invokeGuardedCallback (node_modules/react-dom/cjs/react-dom.development.js:4277:31)
      at beginWork$1 (node_modules/react-dom/cjs/react-dom.development.js:27490:7)
      at performUnitOfWork (node_modules/react-dom/cjs/react-dom.development.js:26599:12)
      at workLoopSync (node_modules/react-dom/cjs/react-dom.development.js:26505:5)
      at renderRootSync (node_modules/react-dom/cjs/react-dom.development.js:26473:7)
      at recoverFromConcurrentError (node_modules/react-dom/cjs/react-dom.development.js:25889:20)
      at performConcurrentWorkOnRoot (node_modules/react-dom/cjs/react-dom.development.js:25789:22)
      at flushActQueue (node_modules/react/cjs/react.development.js:2667:24)
      at act (node_modules/react/cjs/react.development.js:2582:11)
      at node_modules/@testing-library/react/dist/act-compat.js:46:25
      at renderRoot (node_modules/@testing-library/react/dist/pure.js:189:26)
      at render (node_modules/@testing-library/react/dist/pure.js:291:10)
      at src/app/dashboard/authentication-flow.property.test.tsx:150:35
      at Property.predicate (node_modules/fast-check/lib/cjs/check/property/Property.js:17:92)
      at Property.run (node_modules/fast-check/lib/cjs/check/property/Property.generic.js:46:33)
      at runIt (node_modules/fast-check/lib/cjs/check/runner/Runner.js:18:30)
      at check (node_modules/fast-check/lib/cjs/check/runner/Runner.js:58:11)
      at Object.assert (node_modules/fast-check/lib/cjs/check/runner/Runner.js:61:17)
      at Object.assert (src/app/dashboard/authentication-flow.property.test.tsx:148:8)

    console.error
      The above error occurred in the <LogoutButton> component:
      
          at className (/Users/ryan/Library/Mobile Documents/com~apple~CloudDocs/Documents/VSCode/Tax-App-Frontend/src/components/LogoutButton.tsx:53:32)
          at div
          at div
          at children (/Users/ryan/Library/Mobile Documents/com~apple~CloudDocs/Documents/VSCode/Tax-App-Frontend/src/app/dashboard/authentication-flow.property.test.tsx:37:18)
          at div
          at children (/Users/ryan/Library/Mobile Documents/com~apple~CloudDocs/Documents/VSCode/Tax-App-Frontend/src/app/dashboard/authentication-flow.property.test.tsx:32:12)
          at div
          at div
          at div
          at children (/Users/ryan/Library/Mobile Documents/com~apple~CloudDocs/Documents/VSCode/Tax-App-Frontend/src/app/dashboard/authentication-flow.property.test.tsx:27:21)
          at DashboardClient
      
      Consider adding an error boundary to your tree to customize error handling behavior.
      Visit https://reactjs.org/link/error-boundaries to learn more about error boundaries.

      148 |     fc.assert(
      149 |       fc.property(sessionDataArbitrary, (sessionData) => {
    > 150 |         const { unmount } = render(<DashboardClient />);
          |                                   ^
      151 |
      152 |         try {
      153 |           // Verify all key UI elements are present

      at logCapturedError (node_modules/react-dom/cjs/react-dom.development.js:18704:23)
      at update.callback (node_modules/react-dom/cjs/react-dom.development.js:18737:5)
      at callCallback (node_modules/react-dom/cjs/react-dom.development.js:15036:12)
      at commitUpdateQueue (node_modules/react-dom/cjs/react-dom.development.js:15057:9)
      at commitLayoutEffectOnFiber (node_modules/react-dom/cjs/react-dom.development.js:23430:13)
      at commitLayoutMountEffects_complete (node_modules/react-dom/cjs/react-dom.development.js:24727:9)
      at commitLayoutEffects_begin (node_modules/react-dom/cjs/react-dom.development.js:24713:7)
      at commitLayoutEffects (node_modules/react-dom/cjs/react-dom.development.js:24651:3)
      at commitRootImpl (node_modules/react-dom/cjs/react-dom.development.js:26862:5)
      at commitRoot (node_modules/react-dom/cjs/react-dom.development.js:26721:5)
      at finishConcurrentRender (node_modules/react-dom/cjs/react-dom.development.js:25931:9)
      at performConcurrentWorkOnRoot (node_modules/react-dom/cjs/react-dom.development.js:25848:7)
      at flushActQueue (node_modules/react/cjs/react.development.js:2667:24)
      at act (node_modules/react/cjs/react.development.js:2582:11)
      at node_modules/@testing-library/react/dist/act-compat.js:46:25
      at renderRoot (node_modules/@testing-library/react/dist/pure.js:189:26)
      at render (node_modules/@testing-library/react/dist/pure.js:291:10)
      at src/app/dashboard/authentication-flow.property.test.tsx:150:35
      at Property.predicate (node_modules/fast-check/lib/cjs/check/property/Property.js:17:92)
      at Property.run (node_modules/fast-check/lib/cjs/check/property/Property.generic.js:46:33)
      at runIt (node_modules/fast-check/lib/cjs/check/runner/Runner.js:18:30)
      at check (node_modules/fast-check/lib/cjs/check/runner/Runner.js:58:11)
      at Object.assert (node_modules/fast-check/lib/cjs/check/runner/Runner.js:61:17)
      at Object.assert (src/app/dashboard/authentication-flow.property.test.tsx:148:8)

    console.error
      Error: Uncaught [Error: invariant expected app router to be mounted]
          at reportException (/Users/ryan/Library/Mobile Documents/com~apple~CloudDocs/Documents/VSCode/Tax-App-Frontend/node_modules/jsdom/lib/jsdom/living/helpers/runtime-script-errors.js:66:24)
          at innerInvokeEventListeners (/Users/ryan/Library/Mobile Documents/com~apple~CloudDocs/Documents/VSCode/Tax-App-Frontend/node_modules/jsdom/lib/jsdom/living/events/EventTarget-impl.js:353:9)
          at invokeEventListeners (/Users/ryan/Library/Mobile Documents/com~apple~CloudDocs/Documents/VSCode/Tax-App-Frontend/node_modules/jsdom/lib/jsdom/living/events/EventTarget-impl.js:286:3)
          at HTMLUnknownElementImpl._dispatch (/Users/ryan/Library/Mobile Documents/com~apple~CloudDocs/Documents/VSCode/Tax-App-Frontend/node_modules/jsdom/lib/jsdom/living/events/EventTarget-impl.js:233:9)
          at HTMLUnknownElementImpl.dispatchEvent (/Users/ryan/Library/Mobile Documents/com~apple~CloudDocs/Documents/VSCode/Tax-App-Frontend/node_modules/jsdom/lib/jsdom/living/events/EventTarget-impl.js:104:17)
          at HTMLUnknownElement.dispatchEvent (/Users/ryan/Library/Mobile Documents/com~apple~CloudDocs/Documents/VSCode/Tax-App-Frontend/node_modules/jsdom/lib/jsdom/living/generated/EventTarget.js:241:34)
          at Object.invokeGuardedCallbackDev (/Users/ryan/Library/Mobile Documents/com~apple~CloudDocs/Documents/VSCode/Tax-App-Frontend/node_modules/react-dom/cjs/react-dom.development.js:4213:16)
          at invokeGuardedCallback (/Users/ryan/Library/Mobile Documents/com~apple~CloudDocs/Documents/VSCode/Tax-App-Frontend/node_modules/react-dom/cjs/react-dom.development.js:4277:31)
          at beginWork$1 (/Users/ryan/Library/Mobile Documents/com~apple~CloudDocs/Documents/VSCode/Tax-App-Frontend/node_modules/react-dom/cjs/react-dom.development.js:27490:7)
          at performUnitOfWork (/Users/ryan/Library/Mobile Documents/com~apple~CloudDocs/Documents/VSCode/Tax-App-Frontend/node_modules/react-dom/cjs/react-dom.development.js:26599:12)
          at workLoopSync (/Users/ryan/Library/Mobile Documents/com~apple~CloudDocs/Documents/VSCode/Tax-App-Frontend/node_modules/react-dom/cjs/react-dom.development.js:26505:5)
          at renderRootSync (/Users/ryan/Library/Mobile Documents/com~apple~CloudDocs/Documents/VSCode/Tax-App-Frontend/node_modules/react-dom/cjs/react-dom.development.js:26473:7)
          at performConcurrentWorkOnRoot (/Users/ryan/Library/Mobile Documents/com~apple~CloudDocs/Documents/VSCode/Tax-App-Frontend/node_modules/react-dom/cjs/react-dom.development.js:25777:74)
          at flushActQueue (/Users/ryan/Library/Mobile Documents/com~apple~CloudDocs/Documents/VSCode/Tax-App-Frontend/node_modules/react/cjs/react.development.js:2667:24)
          at act (/Users/ryan/Library/Mobile Documents/com~apple~CloudDocs/Documents/VSCode/Tax-App-Frontend/node_modules/react/cjs/react.development.js:2582:11)
          at /Users/ryan/Library/Mobile Documents/com~apple~CloudDocs/Documents/VSCode/Tax-App-Frontend/node_modules/@testing-library/react/dist/act-compat.js:46:25
          at renderRoot (/Users/ryan/Library/Mobile Documents/com~apple~CloudDocs/Documents/VSCode/Tax-App-Frontend/node_modules/@testing-library/react/dist/pure.js:189:26)
          at render (/Users/ryan/Library/Mobile Documents/com~apple~CloudDocs/Documents/VSCode/Tax-App-Frontend/node_modules/@testing-library/react/dist/pure.js:291:10)
          at /Users/ryan/Library/Mobile Documents/com~apple~CloudDocs/Documents/VSCode/Tax-App-Frontend/src/app/dashboard/authentication-flow.property.test.tsx:188:35
          at Property.predicate (/Users/ryan/Library/Mobile Documents/com~apple~CloudDocs/Documents/VSCode/Tax-App-Frontend/node_modules/fast-check/lib/cjs/check/property/Property.js:17:92)
          at Property.run (/Users/ryan/Library/Mobile Documents/com~apple~CloudDocs/Documents/VSCode/Tax-App-Frontend/node_modules/fast-check/lib/cjs/check/property/Property.generic.js:46:33)
          at runIt (/Users/ryan/Library/Mobile Documents/com~apple~CloudDocs/Documents/VSCode/Tax-App-Frontend/node_modules/fast-check/lib/cjs/check/runner/Runner.js:18:30)
          at check (/Users/ryan/Library/Mobile Documents/com~apple~CloudDocs/Documents/VSCode/Tax-App-Frontend/node_modules/fast-check/lib/cjs/check/runner/Runner.js:58:11)
          at Object.assert (/Users/ryan/Library/Mobile Documents/com~apple~CloudDocs/Documents/VSCode/Tax-App-Frontend/node_modules/fast-check/lib/cjs/check/runner/Runner.js:61:17)
          at Object.assert (/Users/ryan/Library/Mobile Documents/com~apple~CloudDocs/Documents/VSCode/Tax-App-Frontend/src/app/dashboard/authentication-flow.property.test.tsx:186:8)
          at Promise.finally.completed (/Users/ryan/Library/Mobile Documents/com~apple~CloudDocs/Documents/VSCode/Tax-App-Frontend/node_modules/jest-circus/build/jestAdapterInit.js:1557:28)
          at new Promise (<anonymous>)
          at callAsyncCircusFn (/Users/ryan/Library/Mobile Documents/com~apple~CloudDocs/Documents/VSCode/Tax-App-Frontend/node_modules/jest-circus/build/jestAdapterInit.js:1497:10)
          at _callCircusTest (/Users/ryan/Library/Mobile Documents/com~apple~CloudDocs/Documents/VSCode/Tax-App-Frontend/node_modules/jest-circus/build/jestAdapterInit.js:1007:40)
          at processTicksAndRejections (node:internal/process/task_queues:95:5)
          at _runTest (/Users/ryan/Library/Mobile Documents/com~apple~CloudDocs/Documents/VSCode/Tax-App-Frontend/node_modules/jest-circus/build/jestAdapterInit.js:947:3)
          at /Users/ryan/Library/Mobile Documents/com~apple~CloudDocs/Documents/VSCode/Tax-App-Frontend/node_modules/jest-circus/build/jestAdapterInit.js:849:7
          at _runTestsForDescribeBlock (/Users/ryan/Library/Mobile Documents/com~apple~CloudDocs/Documents/VSCode/Tax-App-Frontend/node_modules/jest-circus/build/jestAdapterInit.js:862:11)
          at _runTestsForDescribeBlock (/Users/ryan/Library/Mobile Documents/com~apple~CloudDocs/Documents/VSCode/Tax-App-Frontend/node_modules/jest-circus/build/jestAdapterInit.js:857:11)
          at run (/Users/ryan/Library/Mobile Documents/com~apple~CloudDocs/Documents/VSCode/Tax-App-Frontend/node_modules/jest-circus/build/jestAdapterInit.js:761:3)
          at runAndTransformResultsToJestFormat (/Users/ryan/Library/Mobile Documents/com~apple~CloudDocs/Documents/VSCode/Tax-App-Frontend/node_modules/jest-circus/build/jestAdapterInit.js:1918:21)
          at jestAdapter (/Users/ryan/Library/Mobile Documents/com~apple~CloudDocs/Documents/VSCode/Tax-App-Frontend/node_modules/jest-circus/build/runner.js:101:19)
          at runTestInternal (/Users/ryan/Library/Mobile Documents/com~apple~CloudDocs/Documents/VSCode/Tax-App-Frontend/node_modules/jest-runner/build/testWorker.js:275:16)
          at runTest (/Users/ryan/Library/Mobile Documents/com~apple~CloudDocs/Documents/VSCode/Tax-App-Frontend/node_modules/jest-runner/build/testWorker.js:343:7)
          at Object.worker (/Users/ryan/Library/Mobile Documents/com~apple~CloudDocs/Documents/VSCode/Tax-App-Frontend/node_modules/jest-runner/build/testWorker.js:497:12) {
        detail: Error: invariant expected app router to be mounted
            at useRouter (/Users/ryan/Library/Mobile Documents/com~apple~CloudDocs/Documents/VSCode/Tax-App-Frontend/node_modules/next/src/client/components/navigation.ts:113:11)
            at LogoutButton (/Users/ryan/Library/Mobile Documents/com~apple~CloudDocs/Documents/VSCode/Tax-App-Frontend/src/components/LogoutButton.tsx:54:27)
            at renderWithHooks (/Users/ryan/Library/Mobile Documents/com~apple~CloudDocs/Documents/VSCode/Tax-App-Frontend/node_modules/react-dom/cjs/react-dom.development.js:15486:18)
            at mountIndeterminateComponent (/Users/ryan/Library/Mobile Documents/com~apple~CloudDocs/Documents/VSCode/Tax-App-Frontend/node_modules/react-dom/cjs/react-dom.development.js:20103:13)
            at beginWork (/Users/ryan/Library/Mobile Documents/com~apple~CloudDocs/Documents/VSCode/Tax-App-Frontend/node_modules/react-dom/cjs/react-dom.development.js:21626:16)
            at HTMLUnknownElement.callCallback (/Users/ryan/Library/Mobile Documents/com~apple~CloudDocs/Documents/VSCode/Tax-App-Frontend/node_modules/react-dom/cjs/react-dom.development.js:4164:14)
            at HTMLUnknownElement.callTheUserObjectsOperation (/Users/ryan/Library/Mobile Documents/com~apple~CloudDocs/Documents/VSCode/Tax-App-Frontend/node_modules/jsdom/lib/jsdom/living/generated/EventListener.js:26:30)
            at innerInvokeEventListeners (/Users/ryan/Library/Mobile Documents/com~apple~CloudDocs/Documents/VSCode/Tax-App-Frontend/node_modules/jsdom/lib/jsdom/living/events/EventTarget-impl.js:350:25)
            at invokeEventListeners (/Users/ryan/Library/Mobile Documents/com~apple~CloudDocs/Documents/VSCode/Tax-App-Frontend/node_modules/jsdom/lib/jsdom/living/events/EventTarget-impl.js:286:3)
            at HTMLUnknownElementImpl._dispatch (/Users/ryan/Library/Mobile Documents/com~apple~CloudDocs/Documents/VSCode/Tax-App-Frontend/node_modules/jsdom/lib/jsdom/living/events/EventTarget-impl.js:233:9)
            at HTMLUnknownElementImpl.dispatchEvent (/Users/ryan/Library/Mobile Documents/com~apple~CloudDocs/Documents/VSCode/Tax-App-Frontend/node_modules/jsdom/lib/jsdom/living/events/EventTarget-impl.js:104:17)
            at HTMLUnknownElement.dispatchEvent (/Users/ryan/Library/Mobile Documents/com~apple~CloudDocs/Documents/VSCode/Tax-App-Frontend/node_modules/jsdom/lib/jsdom/living/generated/EventTarget.js:241:34)
            at Object.invokeGuardedCallbackDev (/Users/ryan/Library/Mobile Documents/com~apple~CloudDocs/Documents/VSCode/Tax-App-Frontend/node_modules/react-dom/cjs/react-dom.development.js:4213:16)
            at invokeGuardedCallback (/Users/ryan/Library/Mobile Documents/com~apple~CloudDocs/Documents/VSCode/Tax-App-Frontend/node_modules/react-dom/cjs/react-dom.development.js:4277:31)
            at beginWork$1 (/Users/ryan/Library/Mobile Documents/com~apple~CloudDocs/Documents/VSCode/Tax-App-Frontend/node_modules/react-dom/cjs/react-dom.development.js:27490:7)
            at performUnitOfWork (/Users/ryan/Library/Mobile Documents/com~apple~CloudDocs/Documents/VSCode/Tax-App-Frontend/node_modules/react-dom/cjs/react-dom.development.js:26599:12)
            at workLoopSync (/Users/ryan/Library/Mobile Documents/com~apple~CloudDocs/Documents/VSCode/Tax-App-Frontend/node_modules/react-dom/cjs/react-dom.development.js:26505:5)
            at renderRootSync (/Users/ryan/Library/Mobile Documents/com~apple~CloudDocs/Documents/VSCode/Tax-App-Frontend/node_modules/react-dom/cjs/react-dom.development.js:26473:7)
            at performConcurrentWorkOnRoot (/Users/ryan/Library/Mobile Documents/com~apple~CloudDocs/Documents/VSCode/Tax-App-Frontend/node_modules/react-dom/cjs/react-dom.development.js:25777:74)
            at flushActQueue (/Users/ryan/Library/Mobile Documents/com~apple~CloudDocs/Documents/VSCode/Tax-App-Frontend/node_modules/react/cjs/react.development.js:2667:24)
            at act (/Users/ryan/Library/Mobile Documents/com~apple~CloudDocs/Documents/VSCode/Tax-App-Frontend/node_modules/react/cjs/react.development.js:2582:11)
            at /Users/ryan/Library/Mobile Documents/com~apple~CloudDocs/Documents/VSCode/Tax-App-Frontend/node_modules/@testing-library/react/dist/act-compat.js:46:25
            at renderRoot (/Users/ryan/Library/Mobile Documents/com~apple~CloudDocs/Documents/VSCode/Tax-App-Frontend/node_modules/@testing-library/react/dist/pure.js:189:26)
            at render (/Users/ryan/Library/Mobile Documents/com~apple~CloudDocs/Documents/VSCode/Tax-App-Frontend/node_modules/@testing-library/react/dist/pure.js:291:10)
            at /Users/ryan/Library/Mobile Documents/com~apple~CloudDocs/Documents/VSCode/Tax-App-Frontend/src/app/dashboard/authentication-flow.property.test.tsx:188:35
            at Property.predicate (/Users/ryan/Library/Mobile Documents/com~apple~CloudDocs/Documents/VSCode/Tax-App-Frontend/node_modules/fast-check/lib/cjs/check/property/Property.js:17:92)
            at Property.run (/Users/ryan/Library/Mobile Documents/com~apple~CloudDocs/Documents/VSCode/Tax-App-Frontend/node_modules/fast-check/lib/cjs/check/property/Property.generic.js:46:33)
            at runIt (/Users/ryan/Library/Mobile Documents/com~apple~CloudDocs/Documents/VSCode/Tax-App-Frontend/node_modules/fast-check/lib/cjs/check/runner/Runner.js:18:30)
            at check (/Users/ryan/Library/Mobile Documents/com~apple~CloudDocs/Documents/VSCode/Tax-App-Frontend/node_modules/fast-check/lib/cjs/check/runner/Runner.js:58:11)
            at Object.assert (/Users/ryan/Library/Mobile Documents/com~apple~CloudDocs/Documents/VSCode/Tax-App-Frontend/node_modules/fast-check/lib/cjs/check/runner/Runner.js:61:17)
            at Object.assert (/Users/ryan/Library/Mobile Documents/com~apple~CloudDocs/Documents/VSCode/Tax-App-Frontend/src/app/dashboard/authentication-flow.property.test.tsx:186:8)
            at Promise.finally.completed (/Users/ryan/Library/Mobile Documents/com~apple~CloudDocs/Documents/VSCode/Tax-App-Frontend/node_modules/jest-circus/build/jestAdapterInit.js:1557:28)
            at new Promise (<anonymous>)
            at callAsyncCircusFn (/Users/ryan/Library/Mobile Documents/com~apple~CloudDocs/Documents/VSCode/Tax-App-Frontend/node_modules/jest-circus/build/jestAdapterInit.js:1497:10)
            at _callCircusTest (/Users/ryan/Library/Mobile Documents/com~apple~CloudDocs/Documents/VSCode/Tax-App-Frontend/node_modules/jest-circus/build/jestAdapterInit.js:1007:40)
            at processTicksAndRejections (node:internal/process/task_queues:95:5)
            at _runTest (/Users/ryan/Library/Mobile Documents/com~apple~CloudDocs/Documents/VSCode/Tax-App-Frontend/node_modules/jest-circus/build/jestAdapterInit.js:947:3)
            at /Users/ryan/Library/Mobile Documents/com~apple~CloudDocs/Documents/VSCode/Tax-App-Frontend/node_modules/jest-circus/build/jestAdapterInit.js:849:7
            at _runTestsForDescribeBlock (/Users/ryan/Library/Mobile Documents/com~apple~CloudDocs/Documents/VSCode/Tax-App-Frontend/node_modules/jest-circus/build/jestAdapterInit.js:862:11)
            at _runTestsForDescribeBlock (/Users/ryan/Library/Mobile Documents/com~apple~CloudDocs/Documents/VSCode/Tax-App-Frontend/node_modules/jest-circus/build/jestAdapterInit.js:857:11)
            at run (/Users/ryan/Library/Mobile Documents/com~apple~CloudDocs/Documents/VSCode/Tax-App-Frontend/node_modules/jest-circus/build/jestAdapterInit.js:761:3)
            at runAndTransformResultsToJestFormat (/Users/ryan/Library/Mobile Documents/com~apple~CloudDocs/Documents/VSCode/Tax-App-Frontend/node_modules/jest-circus/build/jestAdapterInit.js:1918:21)
            at jestAdapter (/Users/ryan/Library/Mobile Documents/com~apple~CloudDocs/Documents/VSCode/Tax-App-Frontend/node_modules/jest-circus/build/runner.js:101:19)
            at runTestInternal (/Users/ryan/Library/Mobile Documents/com~apple~CloudDocs/Documents/VSCode/Tax-App-Frontend/node_modules/jest-runner/build/testWorker.js:275:16)
            at runTest (/Users/ryan/Library/Mobile Documents/com~apple~CloudDocs/Documents/VSCode/Tax-App-Frontend/node_modules/jest-runner/build/testWorker.js:343:7)
            at Object.worker (/Users/ryan/Library/Mobile Documents/com~apple~CloudDocs/Documents/VSCode/Tax-App-Frontend/node_modules/jest-runner/build/testWorker.js:497:12),
        type: 'unhandled exception'
      }

      186 |     fc.assert(
      187 |       fc.property(sessionDataArbitrary, (sessionData) => {
    > 188 |         const { unmount } = render(<DashboardClient />);
          |                                   ^
      189 |
      190 |         try {
      191 |           // Verify form selector is accessible

      at VirtualConsole.<anonymous> (node_modules/@jest/environment-jsdom-abstract/build/index.js:87:23)
      at reportException (node_modules/jsdom/lib/jsdom/living/helpers/runtime-script-errors.js:70:28)
      at innerInvokeEventListeners (node_modules/jsdom/lib/jsdom/living/events/EventTarget-impl.js:353:9)
      at invokeEventListeners (node_modules/jsdom/lib/jsdom/living/events/EventTarget-impl.js:286:3)
      at HTMLUnknownElementImpl._dispatch (node_modules/jsdom/lib/jsdom/living/events/EventTarget-impl.js:233:9)
      at HTMLUnknownElementImpl.dispatchEvent (node_modules/jsdom/lib/jsdom/living/events/EventTarget-impl.js:104:17)
      at HTMLUnknownElement.dispatchEvent (node_modules/jsdom/lib/jsdom/living/generated/EventTarget.js:241:34)
      at Object.invokeGuardedCallbackDev (node_modules/react-dom/cjs/react-dom.development.js:4213:16)
      at invokeGuardedCallback (node_modules/react-dom/cjs/react-dom.development.js:4277:31)
      at beginWork$1 (node_modules/react-dom/cjs/react-dom.development.js:27490:7)
      at performUnitOfWork (node_modules/react-dom/cjs/react-dom.development.js:26599:12)
      at workLoopSync (node_modules/react-dom/cjs/react-dom.development.js:26505:5)
      at renderRootSync (node_modules/react-dom/cjs/react-dom.development.js:26473:7)
      at performConcurrentWorkOnRoot (node_modules/react-dom/cjs/react-dom.development.js:25777:74)
      at flushActQueue (node_modules/react/cjs/react.development.js:2667:24)
      at act (node_modules/react/cjs/react.development.js:2582:11)
      at node_modules/@testing-library/react/dist/act-compat.js:46:25
      at renderRoot (node_modules/@testing-library/react/dist/pure.js:189:26)
      at render (node_modules/@testing-library/react/dist/pure.js:291:10)
      at src/app/dashboard/authentication-flow.property.test.tsx:188:35
      at Property.predicate (node_modules/fast-check/lib/cjs/check/property/Property.js:17:92)
      at Property.run (node_modules/fast-check/lib/cjs/check/property/Property.generic.js:46:33)
      at runIt (node_modules/fast-check/lib/cjs/check/runner/Runner.js:18:30)
      at check (node_modules/fast-check/lib/cjs/check/runner/Runner.js:58:11)
      at Object.assert (node_modules/fast-check/lib/cjs/check/runner/Runner.js:61:17)
      at Object.assert (src/app/dashboard/authentication-flow.property.test.tsx:186:8)

    console.error
      Error: Uncaught [Error: invariant expected app router to be mounted]
          at reportException (/Users/ryan/Library/Mobile Documents/com~apple~CloudDocs/Documents/VSCode/Tax-App-Frontend/node_modules/jsdom/lib/jsdom/living/helpers/runtime-script-errors.js:66:24)
          at innerInvokeEventListeners (/Users/ryan/Library/Mobile Documents/com~apple~CloudDocs/Documents/VSCode/Tax-App-Frontend/node_modules/jsdom/lib/jsdom/living/events/EventTarget-impl.js:353:9)
          at invokeEventListeners (/Users/ryan/Library/Mobile Documents/com~apple~CloudDocs/Documents/VSCode/Tax-App-Frontend/node_modules/jsdom/lib/jsdom/living/events/EventTarget-impl.js:286:3)
          at HTMLUnknownElementImpl._dispatch (/Users/ryan/Library/Mobile Documents/com~apple~CloudDocs/Documents/VSCode/Tax-App-Frontend/node_modules/jsdom/lib/jsdom/living/events/EventTarget-impl.js:233:9)
          at HTMLUnknownElementImpl.dispatchEvent (/Users/ryan/Library/Mobile Documents/com~apple~CloudDocs/Documents/VSCode/Tax-App-Frontend/node_modules/jsdom/lib/jsdom/living/events/EventTarget-impl.js:104:17)
          at HTMLUnknownElement.dispatchEvent (/Users/ryan/Library/Mobile Documents/com~apple~CloudDocs/Documents/VSCode/Tax-App-Frontend/node_modules/jsdom/lib/jsdom/living/generated/EventTarget.js:241:34)
          at Object.invokeGuardedCallbackDev (/Users/ryan/Library/Mobile Documents/com~apple~CloudDocs/Documents/VSCode/Tax-App-Frontend/node_modules/react-dom/cjs/react-dom.development.js:4213:16)
          at invokeGuardedCallback (/Users/ryan/Library/Mobile Documents/com~apple~CloudDocs/Documents/VSCode/Tax-App-Frontend/node_modules/react-dom/cjs/react-dom.development.js:4277:31)
          at beginWork$1 (/Users/ryan/Library/Mobile Documents/com~apple~CloudDocs/Documents/VSCode/Tax-App-Frontend/node_modules/react-dom/cjs/react-dom.development.js:27490:7)
          at performUnitOfWork (/Users/ryan/Library/Mobile Documents/com~apple~CloudDocs/Documents/VSCode/Tax-App-Frontend/node_modules/react-dom/cjs/react-dom.development.js:26599:12)
          at workLoopSync (/Users/ryan/Library/Mobile Documents/com~apple~CloudDocs/Documents/VSCode/Tax-App-Frontend/node_modules/react-dom/cjs/react-dom.development.js:26505:5)
          at renderRootSync (/Users/ryan/Library/Mobile Documents/com~apple~CloudDocs/Documents/VSCode/Tax-App-Frontend/node_modules/react-dom/cjs/react-dom.development.js:26473:7)
          at recoverFromConcurrentError (/Users/ryan/Library/Mobile Documents/com~apple~CloudDocs/Documents/VSCode/Tax-App-Frontend/node_modules/react-dom/cjs/react-dom.development.js:25889:20)
          at performConcurrentWorkOnRoot (/Users/ryan/Library/Mobile Documents/com~apple~CloudDocs/Documents/VSCode/Tax-App-Frontend/node_modules/react-dom/cjs/react-dom.development.js:25789:22)
          at flushActQueue (/Users/ryan/Library/Mobile Documents/com~apple~CloudDocs/Documents/VSCode/Tax-App-Frontend/node_modules/react/cjs/react.development.js:2667:24)
          at act (/Users/ryan/Library/Mobile Documents/com~apple~CloudDocs/Documents/VSCode/Tax-App-Frontend/node_modules/react/cjs/react.development.js:2582:11)
          at /Users/ryan/Library/Mobile Documents/com~apple~CloudDocs/Documents/VSCode/Tax-App-Frontend/node_modules/@testing-library/react/dist/act-compat.js:46:25
          at renderRoot (/Users/ryan/Library/Mobile Documents/com~apple~CloudDocs/Documents/VSCode/Tax-App-Frontend/node_modules/@testing-library/react/dist/pure.js:189:26)
          at render (/Users/ryan/Library/Mobile Documents/com~apple~CloudDocs/Documents/VSCode/Tax-App-Frontend/node_modules/@testing-library/react/dist/pure.js:291:10)
          at /Users/ryan/Library/Mobile Documents/com~apple~CloudDocs/Documents/VSCode/Tax-App-Frontend/src/app/dashboard/authentication-flow.property.test.tsx:188:35
          at Property.predicate (/Users/ryan/Library/Mobile Documents/com~apple~CloudDocs/Documents/VSCode/Tax-App-Frontend/node_modules/fast-check/lib/cjs/check/property/Property.js:17:92)
          at Property.run (/Users/ryan/Library/Mobile Documents/com~apple~CloudDocs/Documents/VSCode/Tax-App-Frontend/node_modules/fast-check/lib/cjs/check/property/Property.generic.js:46:33)
          at runIt (/Users/ryan/Library/Mobile Documents/com~apple~CloudDocs/Documents/VSCode/Tax-App-Frontend/node_modules/fast-check/lib/cjs/check/runner/Runner.js:18:30)
          at check (/Users/ryan/Library/Mobile Documents/com~apple~CloudDocs/Documents/VSCode/Tax-App-Frontend/node_modules/fast-check/lib/cjs/check/runner/Runner.js:58:11)
          at Object.assert (/Users/ryan/Library/Mobile Documents/com~apple~CloudDocs/Documents/VSCode/Tax-App-Frontend/node_modules/fast-check/lib/cjs/check/runner/Runner.js:61:17)
          at Object.assert (/Users/ryan/Library/Mobile Documents/com~apple~CloudDocs/Documents/VSCode/Tax-App-Frontend/src/app/dashboard/authentication-flow.property.test.tsx:186:8)
          at Promise.finally.completed (/Users/ryan/Library/Mobile Documents/com~apple~CloudDocs/Documents/VSCode/Tax-App-Frontend/node_modules/jest-circus/build/jestAdapterInit.js:1557:28)
          at new Promise (<anonymous>)
          at callAsyncCircusFn (/Users/ryan/Library/Mobile Documents/com~apple~CloudDocs/Documents/VSCode/Tax-App-Frontend/node_modules/jest-circus/build/jestAdapterInit.js:1497:10)
          at _callCircusTest (/Users/ryan/Library/Mobile Documents/com~apple~CloudDocs/Documents/VSCode/Tax-App-Frontend/node_modules/jest-circus/build/jestAdapterInit.js:1007:40)
          at processTicksAndRejections (node:internal/process/task_queues:95:5)
          at _runTest (/Users/ryan/Library/Mobile Documents/com~apple~CloudDocs/Documents/VSCode/Tax-App-Frontend/node_modules/jest-circus/build/jestAdapterInit.js:947:3)
          at /Users/ryan/Library/Mobile Documents/com~apple~CloudDocs/Documents/VSCode/Tax-App-Frontend/node_modules/jest-circus/build/jestAdapterInit.js:849:7
          at _runTestsForDescribeBlock (/Users/ryan/Library/Mobile Documents/com~apple~CloudDocs/Documents/VSCode/Tax-App-Frontend/node_modules/jest-circus/build/jestAdapterInit.js:862:11)
          at _runTestsForDescribeBlock (/Users/ryan/Library/Mobile Documents/com~apple~CloudDocs/Documents/VSCode/Tax-App-Frontend/node_modules/jest-circus/build/jestAdapterInit.js:857:11)
          at run (/Users/ryan/Library/Mobile Documents/com~apple~CloudDocs/Documents/VSCode/Tax-App-Frontend/node_modules/jest-circus/build/jestAdapterInit.js:761:3)
          at runAndTransformResultsToJestFormat (/Users/ryan/Library/Mobile Documents/com~apple~CloudDocs/Documents/VSCode/Tax-App-Frontend/node_modules/jest-circus/build/jestAdapterInit.js:1918:21)
          at jestAdapter (/Users/ryan/Library/Mobile Documents/com~apple~CloudDocs/Documents/VSCode/Tax-App-Frontend/node_modules/jest-circus/build/runner.js:101:19)
          at runTestInternal (/Users/ryan/Library/Mobile Documents/com~apple~CloudDocs/Documents/VSCode/Tax-App-Frontend/node_modules/jest-runner/build/testWorker.js:275:16)
          at runTest (/Users/ryan/Library/Mobile Documents/com~apple~CloudDocs/Documents/VSCode/Tax-App-Frontend/node_modules/jest-runner/build/testWorker.js:343:7)
          at Object.worker (/Users/ryan/Library/Mobile Documents/com~apple~CloudDocs/Documents/VSCode/Tax-App-Frontend/node_modules/jest-runner/build/testWorker.js:497:12) {
        detail: Error: invariant expected app router to be mounted
            at useRouter (/Users/ryan/Library/Mobile Documents/com~apple~CloudDocs/Documents/VSCode/Tax-App-Frontend/node_modules/next/src/client/components/navigation.ts:113:11)
            at LogoutButton (/Users/ryan/Library/Mobile Documents/com~apple~CloudDocs/Documents/VSCode/Tax-App-Frontend/src/components/LogoutButton.tsx:54:27)
            at renderWithHooks (/Users/ryan/Library/Mobile Documents/com~apple~CloudDocs/Documents/VSCode/Tax-App-Frontend/node_modules/react-dom/cjs/react-dom.development.js:15486:18)
            at mountIndeterminateComponent (/Users/ryan/Library/Mobile Documents/com~apple~CloudDocs/Documents/VSCode/Tax-App-Frontend/node_modules/react-dom/cjs/react-dom.development.js:20103:13)
            at beginWork (/Users/ryan/Library/Mobile Documents/com~apple~CloudDocs/Documents/VSCode/Tax-App-Frontend/node_modules/react-dom/cjs/react-dom.development.js:21626:16)
            at HTMLUnknownElement.callCallback (/Users/ryan/Library/Mobile Documents/com~apple~CloudDocs/Documents/VSCode/Tax-App-Frontend/node_modules/react-dom/cjs/react-dom.development.js:4164:14)
            at HTMLUnknownElement.callTheUserObjectsOperation (/Users/ryan/Library/Mobile Documents/com~apple~CloudDocs/Documents/VSCode/Tax-App-Frontend/node_modules/jsdom/lib/jsdom/living/generated/EventListener.js:26:30)
            at innerInvokeEventListeners (/Users/ryan/Library/Mobile Documents/com~apple~CloudDocs/Documents/VSCode/Tax-App-Frontend/node_modules/jsdom/lib/jsdom/living/events/EventTarget-impl.js:350:25)
            at invokeEventListeners (/Users/ryan/Library/Mobile Documents/com~apple~CloudDocs/Documents/VSCode/Tax-App-Frontend/node_modules/jsdom/lib/jsdom/living/events/EventTarget-impl.js:286:3)
            at HTMLUnknownElementImpl._dispatch (/Users/ryan/Library/Mobile Documents/com~apple~CloudDocs/Documents/VSCode/Tax-App-Frontend/node_modules/jsdom/lib/jsdom/living/events/EventTarget-impl.js:233:9)
            at HTMLUnknownElementImpl.dispatchEvent (/Users/ryan/Library/Mobile Documents/com~apple~CloudDocs/Documents/VSCode/Tax-App-Frontend/node_modules/jsdom/lib/jsdom/living/events/EventTarget-impl.js:104:17)
            at HTMLUnknownElement.dispatchEvent (/Users/ryan/Library/Mobile Documents/com~apple~CloudDocs/Documents/VSCode/Tax-App-Frontend/node_modules/jsdom/lib/jsdom/living/generated/EventTarget.js:241:34)
            at Object.invokeGuardedCallbackDev (/Users/ryan/Library/Mobile Documents/com~apple~CloudDocs/Documents/VSCode/Tax-App-Frontend/node_modules/react-dom/cjs/react-dom.development.js:4213:16)
            at invokeGuardedCallback (/Users/ryan/Library/Mobile Documents/com~apple~CloudDocs/Documents/VSCode/Tax-App-Frontend/node_modules/react-dom/cjs/react-dom.development.js:4277:31)
            at beginWork$1 (/Users/ryan/Library/Mobile Documents/com~apple~CloudDocs/Documents/VSCode/Tax-App-Frontend/node_modules/react-dom/cjs/react-dom.development.js:27490:7)
            at performUnitOfWork (/Users/ryan/Library/Mobile Documents/com~apple~CloudDocs/Documents/VSCode/Tax-App-Frontend/node_modules/react-dom/cjs/react-dom.development.js:26599:12)
            at workLoopSync (/Users/ryan/Library/Mobile Documents/com~apple~CloudDocs/Documents/VSCode/Tax-App-Frontend/node_modules/react-dom/cjs/react-dom.development.js:26505:5)
            at renderRootSync (/Users/ryan/Library/Mobile Documents/com~apple~CloudDocs/Documents/VSCode/Tax-App-Frontend/node_modules/react-dom/cjs/react-dom.development.js:26473:7)
            at recoverFromConcurrentError (/Users/ryan/Library/Mobile Documents/com~apple~CloudDocs/Documents/VSCode/Tax-App-Frontend/node_modules/react-dom/cjs/react-dom.development.js:25889:20)
            at performConcurrentWorkOnRoot (/Users/ryan/Library/Mobile Documents/com~apple~CloudDocs/Documents/VSCode/Tax-App-Frontend/node_modules/react-dom/cjs/react-dom.development.js:25789:22)
            at flushActQueue (/Users/ryan/Library/Mobile Documents/com~apple~CloudDocs/Documents/VSCode/Tax-App-Frontend/node_modules/react/cjs/react.development.js:2667:24)
            at act (/Users/ryan/Library/Mobile Documents/com~apple~CloudDocs/Documents/VSCode/Tax-App-Frontend/node_modules/react/cjs/react.development.js:2582:11)
            at /Users/ryan/Library/Mobile Documents/com~apple~CloudDocs/Documents/VSCode/Tax-App-Frontend/node_modules/@testing-library/react/dist/act-compat.js:46:25
            at renderRoot (/Users/ryan/Library/Mobile Documents/com~apple~CloudDocs/Documents/VSCode/Tax-App-Frontend/node_modules/@testing-library/react/dist/pure.js:189:26)
            at render (/Users/ryan/Library/Mobile Documents/com~apple~CloudDocs/Documents/VSCode/Tax-App-Frontend/node_modules/@testing-library/react/dist/pure.js:291:10)
            at /Users/ryan/Library/Mobile Documents/com~apple~CloudDocs/Documents/VSCode/Tax-App-Frontend/src/app/dashboard/authentication-flow.property.test.tsx:188:35
            at Property.predicate (/Users/ryan/Library/Mobile Documents/com~apple~CloudDocs/Documents/VSCode/Tax-App-Frontend/node_modules/fast-check/lib/cjs/check/property/Property.js:17:92)
            at Property.run (/Users/ryan/Library/Mobile Documents/com~apple~CloudDocs/Documents/VSCode/Tax-App-Frontend/node_modules/fast-check/lib/cjs/check/property/Property.generic.js:46:33)
            at runIt (/Users/ryan/Library/Mobile Documents/com~apple~CloudDocs/Documents/VSCode/Tax-App-Frontend/node_modules/fast-check/lib/cjs/check/runner/Runner.js:18:30)
            at check (/Users/ryan/Library/Mobile Documents/com~apple~CloudDocs/Documents/VSCode/Tax-App-Frontend/node_modules/fast-check/lib/cjs/check/runner/Runner.js:58:11)
            at Object.assert (/Users/ryan/Library/Mobile Documents/com~apple~CloudDocs/Documents/VSCode/Tax-App-Frontend/node_modules/fast-check/lib/cjs/check/runner/Runner.js:61:17)
            at Object.assert (/Users/ryan/Library/Mobile Documents/com~apple~CloudDocs/Documents/VSCode/Tax-App-Frontend/src/app/dashboard/authentication-flow.property.test.tsx:186:8)
            at Promise.finally.completed (/Users/ryan/Library/Mobile Documents/com~apple~CloudDocs/Documents/VSCode/Tax-App-Frontend/node_modules/jest-circus/build/jestAdapterInit.js:1557:28)
            at new Promise (<anonymous>)
            at callAsyncCircusFn (/Users/ryan/Library/Mobile Documents/com~apple~CloudDocs/Documents/VSCode/Tax-App-Frontend/node_modules/jest-circus/build/jestAdapterInit.js:1497:10)
            at _callCircusTest (/Users/ryan/Library/Mobile Documents/com~apple~CloudDocs/Documents/VSCode/Tax-App-Frontend/node_modules/jest-circus/build/jestAdapterInit.js:1007:40)
            at processTicksAndRejections (node:internal/process/task_queues:95:5)
            at _runTest (/Users/ryan/Library/Mobile Documents/com~apple~CloudDocs/Documents/VSCode/Tax-App-Frontend/node_modules/jest-circus/build/jestAdapterInit.js:947:3)
            at /Users/ryan/Library/Mobile Documents/com~apple~CloudDocs/Documents/VSCode/Tax-App-Frontend/node_modules/jest-circus/build/jestAdapterInit.js:849:7
            at _runTestsForDescribeBlock (/Users/ryan/Library/Mobile Documents/com~apple~CloudDocs/Documents/VSCode/Tax-App-Frontend/node_modules/jest-circus/build/jestAdapterInit.js:862:11)
            at _runTestsForDescribeBlock (/Users/ryan/Library/Mobile Documents/com~apple~CloudDocs/Documents/VSCode/Tax-App-Frontend/node_modules/jest-circus/build/jestAdapterInit.js:857:11)
            at run (/Users/ryan/Library/Mobile Documents/com~apple~CloudDocs/Documents/VSCode/Tax-App-Frontend/node_modules/jest-circus/build/jestAdapterInit.js:761:3)
            at runAndTransformResultsToJestFormat (/Users/ryan/Library/Mobile Documents/com~apple~CloudDocs/Documents/VSCode/Tax-App-Frontend/node_modules/jest-circus/build/jestAdapterInit.js:1918:21)
            at jestAdapter (/Users/ryan/Library/Mobile Documents/com~apple~CloudDocs/Documents/VSCode/Tax-App-Frontend/node_modules/jest-circus/build/runner.js:101:19)
            at runTestInternal (/Users/ryan/Library/Mobile Documents/com~apple~CloudDocs/Documents/VSCode/Tax-App-Frontend/node_modules/jest-runner/build/testWorker.js:275:16)
            at runTest (/Users/ryan/Library/Mobile Documents/com~apple~CloudDocs/Documents/VSCode/Tax-App-Frontend/node_modules/jest-runner/build/testWorker.js:343:7)
            at Object.worker (/Users/ryan/Library/Mobile Documents/com~apple~CloudDocs/Documents/VSCode/Tax-App-Frontend/node_modules/jest-runner/build/testWorker.js:497:12),
        type: 'unhandled exception'
      }

      186 |     fc.assert(
      187 |       fc.property(sessionDataArbitrary, (sessionData) => {
    > 188 |         const { unmount } = render(<DashboardClient />);
          |                                   ^
      189 |
      190 |         try {
      191 |           // Verify form selector is accessible

      at VirtualConsole.<anonymous> (node_modules/@jest/environment-jsdom-abstract/build/index.js:87:23)
      at reportException (node_modules/jsdom/lib/jsdom/living/helpers/runtime-script-errors.js:70:28)
      at innerInvokeEventListeners (node_modules/jsdom/lib/jsdom/living/events/EventTarget-impl.js:353:9)
      at invokeEventListeners (node_modules/jsdom/lib/jsdom/living/events/EventTarget-impl.js:286:3)
      at HTMLUnknownElementImpl._dispatch (node_modules/jsdom/lib/jsdom/living/events/EventTarget-impl.js:233:9)
      at HTMLUnknownElementImpl.dispatchEvent (node_modules/jsdom/lib/jsdom/living/events/EventTarget-impl.js:104:17)
      at HTMLUnknownElement.dispatchEvent (node_modules/jsdom/lib/jsdom/living/generated/EventTarget.js:241:34)
      at Object.invokeGuardedCallbackDev (node_modules/react-dom/cjs/react-dom.development.js:4213:16)
      at invokeGuardedCallback (node_modules/react-dom/cjs/react-dom.development.js:4277:31)
      at beginWork$1 (node_modules/react-dom/cjs/react-dom.development.js:27490:7)
      at performUnitOfWork (node_modules/react-dom/cjs/react-dom.development.js:26599:12)
      at workLoopSync (node_modules/react-dom/cjs/react-dom.development.js:26505:5)
      at renderRootSync (node_modules/react-dom/cjs/react-dom.development.js:26473:7)
      at recoverFromConcurrentError (node_modules/react-dom/cjs/react-dom.development.js:25889:20)
      at performConcurrentWorkOnRoot (node_modules/react-dom/cjs/react-dom.development.js:25789:22)
      at flushActQueue (node_modules/react/cjs/react.development.js:2667:24)
      at act (node_modules/react/cjs/react.development.js:2582:11)
      at node_modules/@testing-library/react/dist/act-compat.js:46:25
      at renderRoot (node_modules/@testing-library/react/dist/pure.js:189:26)
      at render (node_modules/@testing-library/react/dist/pure.js:291:10)
      at src/app/dashboard/authentication-flow.property.test.tsx:188:35
      at Property.predicate (node_modules/fast-check/lib/cjs/check/property/Property.js:17:92)
      at Property.run (node_modules/fast-check/lib/cjs/check/property/Property.generic.js:46:33)
      at runIt (node_modules/fast-check/lib/cjs/check/runner/Runner.js:18:30)
      at check (node_modules/fast-check/lib/cjs/check/runner/Runner.js:58:11)
      at Object.assert (node_modules/fast-check/lib/cjs/check/runner/Runner.js:61:17)
      at Object.assert (src/app/dashboard/authentication-flow.property.test.tsx:186:8)

    console.error
      The above error occurred in the <LogoutButton> component:
      
          at className (/Users/ryan/Library/Mobile Documents/com~apple~CloudDocs/Documents/VSCode/Tax-App-Frontend/src/components/LogoutButton.tsx:53:32)
          at div
          at div
          at children (/Users/ryan/Library/Mobile Documents/com~apple~CloudDocs/Documents/VSCode/Tax-App-Frontend/src/app/dashboard/authentication-flow.property.test.tsx:37:18)
          at div
          at children (/Users/ryan/Library/Mobile Documents/com~apple~CloudDocs/Documents/VSCode/Tax-App-Frontend/src/app/dashboard/authentication-flow.property.test.tsx:32:12)
          at div
          at div
          at div
          at children (/Users/ryan/Library/Mobile Documents/com~apple~CloudDocs/Documents/VSCode/Tax-App-Frontend/src/app/dashboard/authentication-flow.property.test.tsx:27:21)
          at DashboardClient
      
      Consider adding an error boundary to your tree to customize error handling behavior.
      Visit https://reactjs.org/link/error-boundaries to learn more about error boundaries.

      186 |     fc.assert(
      187 |       fc.property(sessionDataArbitrary, (sessionData) => {
    > 188 |         const { unmount } = render(<DashboardClient />);
          |                                   ^
      189 |
      190 |         try {
      191 |           // Verify form selector is accessible

      at logCapturedError (node_modules/react-dom/cjs/react-dom.development.js:18704:23)
      at update.callback (node_modules/react-dom/cjs/react-dom.development.js:18737:5)
      at callCallback (node_modules/react-dom/cjs/react-dom.development.js:15036:12)
      at commitUpdateQueue (node_modules/react-dom/cjs/react-dom.development.js:15057:9)
      at commitLayoutEffectOnFiber (node_modules/react-dom/cjs/react-dom.development.js:23430:13)
      at commitLayoutMountEffects_complete (node_modules/react-dom/cjs/react-dom.development.js:24727:9)
      at commitLayoutEffects_begin (node_modules/react-dom/cjs/react-dom.development.js:24713:7)
      at commitLayoutEffects (node_modules/react-dom/cjs/react-dom.development.js:24651:3)
      at commitRootImpl (node_modules/react-dom/cjs/react-dom.development.js:26862:5)
      at commitRoot (node_modules/react-dom/cjs/react-dom.development.js:26721:5)
      at finishConcurrentRender (node_modules/react-dom/cjs/react-dom.development.js:25931:9)
      at performConcurrentWorkOnRoot (node_modules/react-dom/cjs/react-dom.development.js:25848:7)
      at flushActQueue (node_modules/react/cjs/react.development.js:2667:24)
      at act (node_modules/react/cjs/react.development.js:2582:11)
      at node_modules/@testing-library/react/dist/act-compat.js:46:25
      at renderRoot (node_modules/@testing-library/react/dist/pure.js:189:26)
      at render (node_modules/@testing-library/react/dist/pure.js:291:10)
      at src/app/dashboard/authentication-flow.property.test.tsx:188:35
      at Property.predicate (node_modules/fast-check/lib/cjs/check/property/Property.js:17:92)
      at Property.run (node_modules/fast-check/lib/cjs/check/property/Property.generic.js:46:33)
      at runIt (node_modules/fast-check/lib/cjs/check/runner/Runner.js:18:30)
      at check (node_modules/fast-check/lib/cjs/check/runner/Runner.js:58:11)
      at Object.assert (node_modules/fast-check/lib/cjs/check/runner/Runner.js:61:17)
      at Object.assert (src/app/dashboard/authentication-flow.property.test.tsx:186:8)

    console.error
      Error: Uncaught [Error: invariant expected app router to be mounted]
          at reportException (/Users/ryan/Library/Mobile Documents/com~apple~CloudDocs/Documents/VSCode/Tax-App-Frontend/node_modules/jsdom/lib/jsdom/living/helpers/runtime-script-errors.js:66:24)
          at innerInvokeEventListeners (/Users/ryan/Library/Mobile Documents/com~apple~CloudDocs/Documents/VSCode/Tax-App-Frontend/node_modules/jsdom/lib/jsdom/living/events/EventTarget-impl.js:353:9)
          at invokeEventListeners (/Users/ryan/Library/Mobile Documents/com~apple~CloudDocs/Documents/VSCode/Tax-App-Frontend/node_modules/jsdom/lib/jsdom/living/events/EventTarget-impl.js:286:3)
          at HTMLUnknownElementImpl._dispatch (/Users/ryan/Library/Mobile Documents/com~apple~CloudDocs/Documents/VSCode/Tax-App-Frontend/node_modules/jsdom/lib/jsdom/living/events/EventTarget-impl.js:233:9)
          at HTMLUnknownElementImpl.dispatchEvent (/Users/ryan/Library/Mobile Documents/com~apple~CloudDocs/Documents/VSCode/Tax-App-Frontend/node_modules/jsdom/lib/jsdom/living/events/EventTarget-impl.js:104:17)
          at HTMLUnknownElement.dispatchEvent (/Users/ryan/Library/Mobile Documents/com~apple~CloudDocs/Documents/VSCode/Tax-App-Frontend/node_modules/jsdom/lib/jsdom/living/generated/EventTarget.js:241:34)
          at Object.invokeGuardedCallbackDev (/Users/ryan/Library/Mobile Documents/com~apple~CloudDocs/Documents/VSCode/Tax-App-Frontend/node_modules/react-dom/cjs/react-dom.development.js:4213:16)
          at invokeGuardedCallback (/Users/ryan/Library/Mobile Documents/com~apple~CloudDocs/Documents/VSCode/Tax-App-Frontend/node_modules/react-dom/cjs/react-dom.development.js:4277:31)
          at beginWork$1 (/Users/ryan/Library/Mobile Documents/com~apple~CloudDocs/Documents/VSCode/Tax-App-Frontend/node_modules/react-dom/cjs/react-dom.development.js:27490:7)
          at performUnitOfWork (/Users/ryan/Library/Mobile Documents/com~apple~CloudDocs/Documents/VSCode/Tax-App-Frontend/node_modules/react-dom/cjs/react-dom.development.js:26599:12)
          at workLoopSync (/Users/ryan/Library/Mobile Documents/com~apple~CloudDocs/Documents/VSCode/Tax-App-Frontend/node_modules/react-dom/cjs/react-dom.development.js:26505:5)
          at renderRootSync (/Users/ryan/Library/Mobile Documents/com~apple~CloudDocs/Documents/VSCode/Tax-App-Frontend/node_modules/react-dom/cjs/react-dom.development.js:26473:7)
          at performConcurrentWorkOnRoot (/Users/ryan/Library/Mobile Documents/com~apple~CloudDocs/Documents/VSCode/Tax-App-Frontend/node_modules/react-dom/cjs/react-dom.development.js:25777:74)
          at flushActQueue (/Users/ryan/Library/Mobile Documents/com~apple~CloudDocs/Documents/VSCode/Tax-App-Frontend/node_modules/react/cjs/react.development.js:2667:24)
          at act (/Users/ryan/Library/Mobile Documents/com~apple~CloudDocs/Documents/VSCode/Tax-App-Frontend/node_modules/react/cjs/react.development.js:2582:11)
          at /Users/ryan/Library/Mobile Documents/com~apple~CloudDocs/Documents/VSCode/Tax-App-Frontend/node_modules/@testing-library/react/dist/act-compat.js:46:25
          at renderRoot (/Users/ryan/Library/Mobile Documents/com~apple~CloudDocs/Documents/VSCode/Tax-App-Frontend/node_modules/@testing-library/react/dist/pure.js:189:26)
          at render (/Users/ryan/Library/Mobile Documents/com~apple~CloudDocs/Documents/VSCode/Tax-App-Frontend/node_modules/@testing-library/react/dist/pure.js:291:10)
          at /Users/ryan/Library/Mobile Documents/com~apple~CloudDocs/Documents/VSCode/Tax-App-Frontend/src/app/dashboard/authentication-flow.property.test.tsx:227:35
          at Property.predicate (/Users/ryan/Library/Mobile Documents/com~apple~CloudDocs/Documents/VSCode/Tax-App-Frontend/node_modules/fast-check/lib/cjs/check/property/Property.js:17:92)
          at Property.run (/Users/ryan/Library/Mobile Documents/com~apple~CloudDocs/Documents/VSCode/Tax-App-Frontend/node_modules/fast-check/lib/cjs/check/property/Property.generic.js:46:33)
          at runIt (/Users/ryan/Library/Mobile Documents/com~apple~CloudDocs/Documents/VSCode/Tax-App-Frontend/node_modules/fast-check/lib/cjs/check/runner/Runner.js:18:30)
          at check (/Users/ryan/Library/Mobile Documents/com~apple~CloudDocs/Documents/VSCode/Tax-App-Frontend/node_modules/fast-check/lib/cjs/check/runner/Runner.js:58:11)
          at Object.assert (/Users/ryan/Library/Mobile Documents/com~apple~CloudDocs/Documents/VSCode/Tax-App-Frontend/node_modules/fast-check/lib/cjs/check/runner/Runner.js:61:17)
          at Object.assert (/Users/ryan/Library/Mobile Documents/com~apple~CloudDocs/Documents/VSCode/Tax-App-Frontend/src/app/dashboard/authentication-flow.property.test.tsx:225:8)
          at Promise.finally.completed (/Users/ryan/Library/Mobile Documents/com~apple~CloudDocs/Documents/VSCode/Tax-App-Frontend/node_modules/jest-circus/build/jestAdapterInit.js:1557:28)
          at new Promise (<anonymous>)
          at callAsyncCircusFn (/Users/ryan/Library/Mobile Documents/com~apple~CloudDocs/Documents/VSCode/Tax-App-Frontend/node_modules/jest-circus/build/jestAdapterInit.js:1497:10)
          at _callCircusTest (/Users/ryan/Library/Mobile Documents/com~apple~CloudDocs/Documents/VSCode/Tax-App-Frontend/node_modules/jest-circus/build/jestAdapterInit.js:1007:40)
          at processTicksAndRejections (node:internal/process/task_queues:95:5)
          at _runTest (/Users/ryan/Library/Mobile Documents/com~apple~CloudDocs/Documents/VSCode/Tax-App-Frontend/node_modules/jest-circus/build/jestAdapterInit.js:947:3)
          at /Users/ryan/Library/Mobile Documents/com~apple~CloudDocs/Documents/VSCode/Tax-App-Frontend/node_modules/jest-circus/build/jestAdapterInit.js:849:7
          at _runTestsForDescribeBlock (/Users/ryan/Library/Mobile Documents/com~apple~CloudDocs/Documents/VSCode/Tax-App-Frontend/node_modules/jest-circus/build/jestAdapterInit.js:862:11)
          at _runTestsForDescribeBlock (/Users/ryan/Library/Mobile Documents/com~apple~CloudDocs/Documents/VSCode/Tax-App-Frontend/node_modules/jest-circus/build/jestAdapterInit.js:857:11)
          at run (/Users/ryan/Library/Mobile Documents/com~apple~CloudDocs/Documents/VSCode/Tax-App-Frontend/node_modules/jest-circus/build/jestAdapterInit.js:761:3)
          at runAndTransformResultsToJestFormat (/Users/ryan/Library/Mobile Documents/com~apple~CloudDocs/Documents/VSCode/Tax-App-Frontend/node_modules/jest-circus/build/jestAdapterInit.js:1918:21)
          at jestAdapter (/Users/ryan/Library/Mobile Documents/com~apple~CloudDocs/Documents/VSCode/Tax-App-Frontend/node_modules/jest-circus/build/runner.js:101:19)
          at runTestInternal (/Users/ryan/Library/Mobile Documents/com~apple~CloudDocs/Documents/VSCode/Tax-App-Frontend/node_modules/jest-runner/build/testWorker.js:275:16)
          at runTest (/Users/ryan/Library/Mobile Documents/com~apple~CloudDocs/Documents/VSCode/Tax-App-Frontend/node_modules/jest-runner/build/testWorker.js:343:7)
          at Object.worker (/Users/ryan/Library/Mobile Documents/com~apple~CloudDocs/Documents/VSCode/Tax-App-Frontend/node_modules/jest-runner/build/testWorker.js:497:12) {
        detail: Error: invariant expected app router to be mounted
            at useRouter (/Users/ryan/Library/Mobile Documents/com~apple~CloudDocs/Documents/VSCode/Tax-App-Frontend/node_modules/next/src/client/components/navigation.ts:113:11)
            at LogoutButton (/Users/ryan/Library/Mobile Documents/com~apple~CloudDocs/Documents/VSCode/Tax-App-Frontend/src/components/LogoutButton.tsx:54:27)
            at renderWithHooks (/Users/ryan/Library/Mobile Documents/com~apple~CloudDocs/Documents/VSCode/Tax-App-Frontend/node_modules/react-dom/cjs/react-dom.development.js:15486:18)
            at mountIndeterminateComponent (/Users/ryan/Library/Mobile Documents/com~apple~CloudDocs/Documents/VSCode/Tax-App-Frontend/node_modules/react-dom/cjs/react-dom.development.js:20103:13)
            at beginWork (/Users/ryan/Library/Mobile Documents/com~apple~CloudDocs/Documents/VSCode/Tax-App-Frontend/node_modules/react-dom/cjs/react-dom.development.js:21626:16)
            at HTMLUnknownElement.callCallback (/Users/ryan/Library/Mobile Documents/com~apple~CloudDocs/Documents/VSCode/Tax-App-Frontend/node_modules/react-dom/cjs/react-dom.development.js:4164:14)
            at HTMLUnknownElement.callTheUserObjectsOperation (/Users/ryan/Library/Mobile Documents/com~apple~CloudDocs/Documents/VSCode/Tax-App-Frontend/node_modules/jsdom/lib/jsdom/living/generated/EventListener.js:26:30)
            at innerInvokeEventListeners (/Users/ryan/Library/Mobile Documents/com~apple~CloudDocs/Documents/VSCode/Tax-App-Frontend/node_modules/jsdom/lib/jsdom/living/events/EventTarget-impl.js:350:25)
            at invokeEventListeners (/Users/ryan/Library/Mobile Documents/com~apple~CloudDocs/Documents/VSCode/Tax-App-Frontend/node_modules/jsdom/lib/jsdom/living/events/EventTarget-impl.js:286:3)
            at HTMLUnknownElementImpl._dispatch (/Users/ryan/Library/Mobile Documents/com~apple~CloudDocs/Documents/VSCode/Tax-App-Frontend/node_modules/jsdom/lib/jsdom/living/events/EventTarget-impl.js:233:9)
            at HTMLUnknownElementImpl.dispatchEvent (/Users/ryan/Library/Mobile Documents/com~apple~CloudDocs/Documents/VSCode/Tax-App-Frontend/node_modules/jsdom/lib/jsdom/living/events/EventTarget-impl.js:104:17)
            at HTMLUnknownElement.dispatchEvent (/Users/ryan/Library/Mobile Documents/com~apple~CloudDocs/Documents/VSCode/Tax-App-Frontend/node_modules/jsdom/lib/jsdom/living/generated/EventTarget.js:241:34)
            at Object.invokeGuardedCallbackDev (/Users/ryan/Library/Mobile Documents/com~apple~CloudDocs/Documents/VSCode/Tax-App-Frontend/node_modules/react-dom/cjs/react-dom.development.js:4213:16)
            at invokeGuardedCallback (/Users/ryan/Library/Mobile Documents/com~apple~CloudDocs/Documents/VSCode/Tax-App-Frontend/node_modules/react-dom/cjs/react-dom.development.js:4277:31)
            at beginWork$1 (/Users/ryan/Library/Mobile Documents/com~apple~CloudDocs/Documents/VSCode/Tax-App-Frontend/node_modules/react-dom/cjs/react-dom.development.js:27490:7)
            at performUnitOfWork (/Users/ryan/Library/Mobile Documents/com~apple~CloudDocs/Documents/VSCode/Tax-App-Frontend/node_modules/react-dom/cjs/react-dom.development.js:26599:12)
            at workLoopSync (/Users/ryan/Library/Mobile Documents/com~apple~CloudDocs/Documents/VSCode/Tax-App-Frontend/node_modules/react-dom/cjs/react-dom.development.js:26505:5)
            at renderRootSync (/Users/ryan/Library/Mobile Documents/com~apple~CloudDocs/Documents/VSCode/Tax-App-Frontend/node_modules/react-dom/cjs/react-dom.development.js:26473:7)
            at performConcurrentWorkOnRoot (/Users/ryan/Library/Mobile Documents/com~apple~CloudDocs/Documents/VSCode/Tax-App-Frontend/node_modules/react-dom/cjs/react-dom.development.js:25777:74)
            at flushActQueue (/Users/ryan/Library/Mobile Documents/com~apple~CloudDocs/Documents/VSCode/Tax-App-Frontend/node_modules/react/cjs/react.development.js:2667:24)
            at act (/Users/ryan/Library/Mobile Documents/com~apple~CloudDocs/Documents/VSCode/Tax-App-Frontend/node_modules/react/cjs/react.development.js:2582:11)
            at /Users/ryan/Library/Mobile Documents/com~apple~CloudDocs/Documents/VSCode/Tax-App-Frontend/node_modules/@testing-library/react/dist/act-compat.js:46:25
            at renderRoot (/Users/ryan/Library/Mobile Documents/com~apple~CloudDocs/Documents/VSCode/Tax-App-Frontend/node_modules/@testing-library/react/dist/pure.js:189:26)
            at render (/Users/ryan/Library/Mobile Documents/com~apple~CloudDocs/Documents/VSCode/Tax-App-Frontend/node_modules/@testing-library/react/dist/pure.js:291:10)
            at /Users/ryan/Library/Mobile Documents/com~apple~CloudDocs/Documents/VSCode/Tax-App-Frontend/src/app/dashboard/authentication-flow.property.test.tsx:227:35
            at Property.predicate (/Users/ryan/Library/Mobile Documents/com~apple~CloudDocs/Documents/VSCode/Tax-App-Frontend/node_modules/fast-check/lib/cjs/check/property/Property.js:17:92)
            at Property.run (/Users/ryan/Library/Mobile Documents/com~apple~CloudDocs/Documents/VSCode/Tax-App-Frontend/node_modules/fast-check/lib/cjs/check/property/Property.generic.js:46:33)
            at runIt (/Users/ryan/Library/Mobile Documents/com~apple~CloudDocs/Documents/VSCode/Tax-App-Frontend/node_modules/fast-check/lib/cjs/check/runner/Runner.js:18:30)
            at check (/Users/ryan/Library/Mobile Documents/com~apple~CloudDocs/Documents/VSCode/Tax-App-Frontend/node_modules/fast-check/lib/cjs/check/runner/Runner.js:58:11)
            at Object.assert (/Users/ryan/Library/Mobile Documents/com~apple~CloudDocs/Documents/VSCode/Tax-App-Frontend/node_modules/fast-check/lib/cjs/check/runner/Runner.js:61:17)
            at Object.assert (/Users/ryan/Library/Mobile Documents/com~apple~CloudDocs/Documents/VSCode/Tax-App-Frontend/src/app/dashboard/authentication-flow.property.test.tsx:225:8)
            at Promise.finally.completed (/Users/ryan/Library/Mobile Documents/com~apple~CloudDocs/Documents/VSCode/Tax-App-Frontend/node_modules/jest-circus/build/jestAdapterInit.js:1557:28)
            at new Promise (<anonymous>)
            at callAsyncCircusFn (/Users/ryan/Library/Mobile Documents/com~apple~CloudDocs/Documents/VSCode/Tax-App-Frontend/node_modules/jest-circus/build/jestAdapterInit.js:1497:10)
            at _callCircusTest (/Users/ryan/Library/Mobile Documents/com~apple~CloudDocs/Documents/VSCode/Tax-App-Frontend/node_modules/jest-circus/build/jestAdapterInit.js:1007:40)
            at processTicksAndRejections (node:internal/process/task_queues:95:5)
            at _runTest (/Users/ryan/Library/Mobile Documents/com~apple~CloudDocs/Documents/VSCode/Tax-App-Frontend/node_modules/jest-circus/build/jestAdapterInit.js:947:3)
            at /Users/ryan/Library/Mobile Documents/com~apple~CloudDocs/Documents/VSCode/Tax-App-Frontend/node_modules/jest-circus/build/jestAdapterInit.js:849:7
            at _runTestsForDescribeBlock (/Users/ryan/Library/Mobile Documents/com~apple~CloudDocs/Documents/VSCode/Tax-App-Frontend/node_modules/jest-circus/build/jestAdapterInit.js:862:11)
            at _runTestsForDescribeBlock (/Users/ryan/Library/Mobile Documents/com~apple~CloudDocs/Documents/VSCode/Tax-App-Frontend/node_modules/jest-circus/build/jestAdapterInit.js:857:11)
            at run (/Users/ryan/Library/Mobile Documents/com~apple~CloudDocs/Documents/VSCode/Tax-App-Frontend/node_modules/jest-circus/build/jestAdapterInit.js:761:3)
            at runAndTransformResultsToJestFormat (/Users/ryan/Library/Mobile Documents/com~apple~CloudDocs/Documents/VSCode/Tax-App-Frontend/node_modules/jest-circus/build/jestAdapterInit.js:1918:21)
            at jestAdapter (/Users/ryan/Library/Mobile Documents/com~apple~CloudDocs/Documents/VSCode/Tax-App-Frontend/node_modules/jest-circus/build/runner.js:101:19)
            at runTestInternal (/Users/ryan/Library/Mobile Documents/com~apple~CloudDocs/Documents/VSCode/Tax-App-Frontend/node_modules/jest-runner/build/testWorker.js:275:16)
            at runTest (/Users/ryan/Library/Mobile Documents/com~apple~CloudDocs/Documents/VSCode/Tax-App-Frontend/node_modules/jest-runner/build/testWorker.js:343:7)
            at Object.worker (/Users/ryan/Library/Mobile Documents/com~apple~CloudDocs/Documents/VSCode/Tax-App-Frontend/node_modules/jest-runner/build/testWorker.js:497:12),
        type: 'unhandled exception'
      }

      225 |     fc.assert(
      226 |       fc.property(sessionDataArbitrary, (sessionData) => {
    > 227 |         const { unmount } = render(<DashboardClient />);
          |                                   ^
      228 |
      229 |         try {
      230 |           // Verify title

      at VirtualConsole.<anonymous> (node_modules/@jest/environment-jsdom-abstract/build/index.js:87:23)
      at reportException (node_modules/jsdom/lib/jsdom/living/helpers/runtime-script-errors.js:70:28)
      at innerInvokeEventListeners (node_modules/jsdom/lib/jsdom/living/events/EventTarget-impl.js:353:9)
      at invokeEventListeners (node_modules/jsdom/lib/jsdom/living/events/EventTarget-impl.js:286:3)
      at HTMLUnknownElementImpl._dispatch (node_modules/jsdom/lib/jsdom/living/events/EventTarget-impl.js:233:9)
      at HTMLUnknownElementImpl.dispatchEvent (node_modules/jsdom/lib/jsdom/living/events/EventTarget-impl.js:104:17)
      at HTMLUnknownElement.dispatchEvent (node_modules/jsdom/lib/jsdom/living/generated/EventTarget.js:241:34)
      at Object.invokeGuardedCallbackDev (node_modules/react-dom/cjs/react-dom.development.js:4213:16)
      at invokeGuardedCallback (node_modules/react-dom/cjs/react-dom.development.js:4277:31)
      at beginWork$1 (node_modules/react-dom/cjs/react-dom.development.js:27490:7)
      at performUnitOfWork (node_modules/react-dom/cjs/react-dom.development.js:26599:12)
      at workLoopSync (node_modules/react-dom/cjs/react-dom.development.js:26505:5)
      at renderRootSync (node_modules/react-dom/cjs/react-dom.development.js:26473:7)
      at performConcurrentWorkOnRoot (node_modules/react-dom/cjs/react-dom.development.js:25777:74)
      at flushActQueue (node_modules/react/cjs/react.development.js:2667:24)
      at act (node_modules/react/cjs/react.development.js:2582:11)
      at node_modules/@testing-library/react/dist/act-compat.js:46:25
      at renderRoot (node_modules/@testing-library/react/dist/pure.js:189:26)
      at render (node_modules/@testing-library/react/dist/pure.js:291:10)
      at src/app/dashboard/authentication-flow.property.test.tsx:227:35
      at Property.predicate (node_modules/fast-check/lib/cjs/check/property/Property.js:17:92)
      at Property.run (node_modules/fast-check/lib/cjs/check/property/Property.generic.js:46:33)
      at runIt (node_modules/fast-check/lib/cjs/check/runner/Runner.js:18:30)
      at check (node_modules/fast-check/lib/cjs/check/runner/Runner.js:58:11)
      at Object.assert (node_modules/fast-check/lib/cjs/check/runner/Runner.js:61:17)
      at Object.assert (src/app/dashboard/authentication-flow.property.test.tsx:225:8)

    console.error
      Error: Uncaught [Error: invariant expected app router to be mounted]
          at reportException (/Users/ryan/Library/Mobile Documents/com~apple~CloudDocs/Documents/VSCode/Tax-App-Frontend/node_modules/jsdom/lib/jsdom/living/helpers/runtime-script-errors.js:66:24)
          at innerInvokeEventListeners (/Users/ryan/Library/Mobile Documents/com~apple~CloudDocs/Documents/VSCode/Tax-App-Frontend/node_modules/jsdom/lib/jsdom/living/events/EventTarget-impl.js:353:9)
          at invokeEventListeners (/Users/ryan/Library/Mobile Documents/com~apple~CloudDocs/Documents/VSCode/Tax-App-Frontend/node_modules/jsdom/lib/jsdom/living/events/EventTarget-impl.js:286:3)
          at HTMLUnknownElementImpl._dispatch (/Users/ryan/Library/Mobile Documents/com~apple~CloudDocs/Documents/VSCode/Tax-App-Frontend/node_modules/jsdom/lib/jsdom/living/events/EventTarget-impl.js:233:9)
          at HTMLUnknownElementImpl.dispatchEvent (/Users/ryan/Library/Mobile Documents/com~apple~CloudDocs/Documents/VSCode/Tax-App-Frontend/node_modules/jsdom/lib/jsdom/living/events/EventTarget-impl.js:104:17)
          at HTMLUnknownElement.dispatchEvent (/Users/ryan/Library/Mobile Documents/com~apple~CloudDocs/Documents/VSCode/Tax-App-Frontend/node_modules/jsdom/lib/jsdom/living/generated/EventTarget.js:241:34)
          at Object.invokeGuardedCallbackDev (/Users/ryan/Library/Mobile Documents/com~apple~CloudDocs/Documents/VSCode/Tax-App-Frontend/node_modules/react-dom/cjs/react-dom.development.js:4213:16)
          at invokeGuardedCallback (/Users/ryan/Library/Mobile Documents/com~apple~CloudDocs/Documents/VSCode/Tax-App-Frontend/node_modules/react-dom/cjs/react-dom.development.js:4277:31)
          at beginWork$1 (/Users/ryan/Library/Mobile Documents/com~apple~CloudDocs/Documents/VSCode/Tax-App-Frontend/node_modules/react-dom/cjs/react-dom.development.js:27490:7)
          at performUnitOfWork (/Users/ryan/Library/Mobile Documents/com~apple~CloudDocs/Documents/VSCode/Tax-App-Frontend/node_modules/react-dom/cjs/react-dom.development.js:26599:12)
          at workLoopSync (/Users/ryan/Library/Mobile Documents/com~apple~CloudDocs/Documents/VSCode/Tax-App-Frontend/node_modules/react-dom/cjs/react-dom.development.js:26505:5)
          at renderRootSync (/Users/ryan/Library/Mobile Documents/com~apple~CloudDocs/Documents/VSCode/Tax-App-Frontend/node_modules/react-dom/cjs/react-dom.development.js:26473:7)
          at recoverFromConcurrentError (/Users/ryan/Library/Mobile Documents/com~apple~CloudDocs/Documents/VSCode/Tax-App-Frontend/node_modules/react-dom/cjs/react-dom.development.js:25889:20)
          at performConcurrentWorkOnRoot (/Users/ryan/Library/Mobile Documents/com~apple~CloudDocs/Documents/VSCode/Tax-App-Frontend/node_modules/react-dom/cjs/react-dom.development.js:25789:22)
          at flushActQueue (/Users/ryan/Library/Mobile Documents/com~apple~CloudDocs/Documents/VSCode/Tax-App-Frontend/node_modules/react/cjs/react.development.js:2667:24)
          at act (/Users/ryan/Library/Mobile Documents/com~apple~CloudDocs/Documents/VSCode/Tax-App-Frontend/node_modules/react/cjs/react.development.js:2582:11)
          at /Users/ryan/Library/Mobile Documents/com~apple~CloudDocs/Documents/VSCode/Tax-App-Frontend/node_modules/@testing-library/react/dist/act-compat.js:46:25
          at renderRoot (/Users/ryan/Library/Mobile Documents/com~apple~CloudDocs/Documents/VSCode/Tax-App-Frontend/node_modules/@testing-library/react/dist/pure.js:189:26)
          at render (/Users/ryan/Library/Mobile Documents/com~apple~CloudDocs/Documents/VSCode/Tax-App-Frontend/node_modules/@testing-library/react/dist/pure.js:291:10)
          at /Users/ryan/Library/Mobile Documents/com~apple~CloudDocs/Documents/VSCode/Tax-App-Frontend/src/app/dashboard/authentication-flow.property.test.tsx:227:35
          at Property.predicate (/Users/ryan/Library/Mobile Documents/com~apple~CloudDocs/Documents/VSCode/Tax-App-Frontend/node_modules/fast-check/lib/cjs/check/property/Property.js:17:92)
          at Property.run (/Users/ryan/Library/Mobile Documents/com~apple~CloudDocs/Documents/VSCode/Tax-App-Frontend/node_modules/fast-check/lib/cjs/check/property/Property.generic.js:46:33)
          at runIt (/Users/ryan/Library/Mobile Documents/com~apple~CloudDocs/Documents/VSCode/Tax-App-Frontend/node_modules/fast-check/lib/cjs/check/runner/Runner.js:18:30)
          at check (/Users/ryan/Library/Mobile Documents/com~apple~CloudDocs/Documents/VSCode/Tax-App-Frontend/node_modules/fast-check/lib/cjs/check/runner/Runner.js:58:11)
          at Object.assert (/Users/ryan/Library/Mobile Documents/com~apple~CloudDocs/Documents/VSCode/Tax-App-Frontend/node_modules/fast-check/lib/cjs/check/runner/Runner.js:61:17)
          at Object.assert (/Users/ryan/Library/Mobile Documents/com~apple~CloudDocs/Documents/VSCode/Tax-App-Frontend/src/app/dashboard/authentication-flow.property.test.tsx:225:8)
          at Promise.finally.completed (/Users/ryan/Library/Mobile Documents/com~apple~CloudDocs/Documents/VSCode/Tax-App-Frontend/node_modules/jest-circus/build/jestAdapterInit.js:1557:28)
          at new Promise (<anonymous>)
          at callAsyncCircusFn (/Users/ryan/Library/Mobile Documents/com~apple~CloudDocs/Documents/VSCode/Tax-App-Frontend/node_modules/jest-circus/build/jestAdapterInit.js:1497:10)
          at _callCircusTest (/Users/ryan/Library/Mobile Documents/com~apple~CloudDocs/Documents/VSCode/Tax-App-Frontend/node_modules/jest-circus/build/jestAdapterInit.js:1007:40)
          at processTicksAndRejections (node:internal/process/task_queues:95:5)
          at _runTest (/Users/ryan/Library/Mobile Documents/com~apple~CloudDocs/Documents/VSCode/Tax-App-Frontend/node_modules/jest-circus/build/jestAdapterInit.js:947:3)
          at /Users/ryan/Library/Mobile Documents/com~apple~CloudDocs/Documents/VSCode/Tax-App-Frontend/node_modules/jest-circus/build/jestAdapterInit.js:849:7
          at _runTestsForDescribeBlock (/Users/ryan/Library/Mobile Documents/com~apple~CloudDocs/Documents/VSCode/Tax-App-Frontend/node_modules/jest-circus/build/jestAdapterInit.js:862:11)
          at _runTestsForDescribeBlock (/Users/ryan/Library/Mobile Documents/com~apple~CloudDocs/Documents/VSCode/Tax-App-Frontend/node_modules/jest-circus/build/jestAdapterInit.js:857:11)
          at run (/Users/ryan/Library/Mobile Documents/com~apple~CloudDocs/Documents/VSCode/Tax-App-Frontend/node_modules/jest-circus/build/jestAdapterInit.js:761:3)
          at runAndTransformResultsToJestFormat (/Users/ryan/Library/Mobile Documents/com~apple~CloudDocs/Documents/VSCode/Tax-App-Frontend/node_modules/jest-circus/build/jestAdapterInit.js:1918:21)
          at jestAdapter (/Users/ryan/Library/Mobile Documents/com~apple~CloudDocs/Documents/VSCode/Tax-App-Frontend/node_modules/jest-circus/build/runner.js:101:19)
          at runTestInternal (/Users/ryan/Library/Mobile Documents/com~apple~CloudDocs/Documents/VSCode/Tax-App-Frontend/node_modules/jest-runner/build/testWorker.js:275:16)
          at runTest (/Users/ryan/Library/Mobile Documents/com~apple~CloudDocs/Documents/VSCode/Tax-App-Frontend/node_modules/jest-runner/build/testWorker.js:343:7)
          at Object.worker (/Users/ryan/Library/Mobile Documents/com~apple~CloudDocs/Documents/VSCode/Tax-App-Frontend/node_modules/jest-runner/build/testWorker.js:497:12) {
        detail: Error: invariant expected app router to be mounted
            at useRouter (/Users/ryan/Library/Mobile Documents/com~apple~CloudDocs/Documents/VSCode/Tax-App-Frontend/node_modules/next/src/client/components/navigation.ts:113:11)
            at LogoutButton (/Users/ryan/Library/Mobile Documents/com~apple~CloudDocs/Documents/VSCode/Tax-App-Frontend/src/components/LogoutButton.tsx:54:27)
            at renderWithHooks (/Users/ryan/Library/Mobile Documents/com~apple~CloudDocs/Documents/VSCode/Tax-App-Frontend/node_modules/react-dom/cjs/react-dom.development.js:15486:18)
            at mountIndeterminateComponent (/Users/ryan/Library/Mobile Documents/com~apple~CloudDocs/Documents/VSCode/Tax-App-Frontend/node_modules/react-dom/cjs/react-dom.development.js:20103:13)
            at beginWork (/Users/ryan/Library/Mobile Documents/com~apple~CloudDocs/Documents/VSCode/Tax-App-Frontend/node_modules/react-dom/cjs/react-dom.development.js:21626:16)
            at HTMLUnknownElement.callCallback (/Users/ryan/Library/Mobile Documents/com~apple~CloudDocs/Documents/VSCode/Tax-App-Frontend/node_modules/react-dom/cjs/react-dom.development.js:4164:14)
            at HTMLUnknownElement.callTheUserObjectsOperation (/Users/ryan/Library/Mobile Documents/com~apple~CloudDocs/Documents/VSCode/Tax-App-Frontend/node_modules/jsdom/lib/jsdom/living/generated/EventListener.js:26:30)
            at innerInvokeEventListeners (/Users/ryan/Library/Mobile Documents/com~apple~CloudDocs/Documents/VSCode/Tax-App-Frontend/node_modules/jsdom/lib/jsdom/living/events/EventTarget-impl.js:350:25)
            at invokeEventListeners (/Users/ryan/Library/Mobile Documents/com~apple~CloudDocs/Documents/VSCode/Tax-App-Frontend/node_modules/jsdom/lib/jsdom/living/events/EventTarget-impl.js:286:3)
            at HTMLUnknownElementImpl._dispatch (/Users/ryan/Library/Mobile Documents/com~apple~CloudDocs/Documents/VSCode/Tax-App-Frontend/node_modules/jsdom/lib/jsdom/living/events/EventTarget-impl.js:233:9)
            at HTMLUnknownElementImpl.dispatchEvent (/Users/ryan/Library/Mobile Documents/com~apple~CloudDocs/Documents/VSCode/Tax-App-Frontend/node_modules/jsdom/lib/jsdom/living/events/EventTarget-impl.js:104:17)
            at HTMLUnknownElement.dispatchEvent (/Users/ryan/Library/Mobile Documents/com~apple~CloudDocs/Documents/VSCode/Tax-App-Frontend/node_modules/jsdom/lib/jsdom/living/generated/EventTarget.js:241:34)
            at Object.invokeGuardedCallbackDev (/Users/ryan/Library/Mobile Documents/com~apple~CloudDocs/Documents/VSCode/Tax-App-Frontend/node_modules/react-dom/cjs/react-dom.development.js:4213:16)
            at invokeGuardedCallback (/Users/ryan/Library/Mobile Documents/com~apple~CloudDocs/Documents/VSCode/Tax-App-Frontend/node_modules/react-dom/cjs/react-dom.development.js:4277:31)
            at beginWork$1 (/Users/ryan/Library/Mobile Documents/com~apple~CloudDocs/Documents/VSCode/Tax-App-Frontend/node_modules/react-dom/cjs/react-dom.development.js:27490:7)
            at performUnitOfWork (/Users/ryan/Library/Mobile Documents/com~apple~CloudDocs/Documents/VSCode/Tax-App-Frontend/node_modules/react-dom/cjs/react-dom.development.js:26599:12)
            at workLoopSync (/Users/ryan/Library/Mobile Documents/com~apple~CloudDocs/Documents/VSCode/Tax-App-Frontend/node_modules/react-dom/cjs/react-dom.development.js:26505:5)
            at renderRootSync (/Users/ryan/Library/Mobile Documents/com~apple~CloudDocs/Documents/VSCode/Tax-App-Frontend/node_modules/react-dom/cjs/react-dom.development.js:26473:7)
            at recoverFromConcurrentError (/Users/ryan/Library/Mobile Documents/com~apple~CloudDocs/Documents/VSCode/Tax-App-Frontend/node_modules/react-dom/cjs/react-dom.development.js:25889:20)
            at performConcurrentWorkOnRoot (/Users/ryan/Library/Mobile Documents/com~apple~CloudDocs/Documents/VSCode/Tax-App-Frontend/node_modules/react-dom/cjs/react-dom.development.js:25789:22)
            at flushActQueue (/Users/ryan/Library/Mobile Documents/com~apple~CloudDocs/Documents/VSCode/Tax-App-Frontend/node_modules/react/cjs/react.development.js:2667:24)
            at act (/Users/ryan/Library/Mobile Documents/com~apple~CloudDocs/Documents/VSCode/Tax-App-Frontend/node_modules/react/cjs/react.development.js:2582:11)
            at /Users/ryan/Library/Mobile Documents/com~apple~CloudDocs/Documents/VSCode/Tax-App-Frontend/node_modules/@testing-library/react/dist/act-compat.js:46:25
            at renderRoot (/Users/ryan/Library/Mobile Documents/com~apple~CloudDocs/Documents/VSCode/Tax-App-Frontend/node_modules/@testing-library/react/dist/pure.js:189:26)
            at render (/Users/ryan/Library/Mobile Documents/com~apple~CloudDocs/Documents/VSCode/Tax-App-Frontend/node_modules/@testing-library/react/dist/pure.js:291:10)
            at /Users/ryan/Library/Mobile Documents/com~apple~CloudDocs/Documents/VSCode/Tax-App-Frontend/src/app/dashboard/authentication-flow.property.test.tsx:227:35
            at Property.predicate (/Users/ryan/Library/Mobile Documents/com~apple~CloudDocs/Documents/VSCode/Tax-App-Frontend/node_modules/fast-check/lib/cjs/check/property/Property.js:17:92)
            at Property.run (/Users/ryan/Library/Mobile Documents/com~apple~CloudDocs/Documents/VSCode/Tax-App-Frontend/node_modules/fast-check/lib/cjs/check/property/Property.generic.js:46:33)
            at runIt (/Users/ryan/Library/Mobile Documents/com~apple~CloudDocs/Documents/VSCode/Tax-App-Frontend/node_modules/fast-check/lib/cjs/check/runner/Runner.js:18:30)
            at check (/Users/ryan/Library/Mobile Documents/com~apple~CloudDocs/Documents/VSCode/Tax-App-Frontend/node_modules/fast-check/lib/cjs/check/runner/Runner.js:58:11)
            at Object.assert (/Users/ryan/Library/Mobile Documents/com~apple~CloudDocs/Documents/VSCode/Tax-App-Frontend/node_modules/fast-check/lib/cjs/check/runner/Runner.js:61:17)
            at Object.assert (/Users/ryan/Library/Mobile Documents/com~apple~CloudDocs/Documents/VSCode/Tax-App-Frontend/src/app/dashboard/authentication-flow.property.test.tsx:225:8)
            at Promise.finally.completed (/Users/ryan/Library/Mobile Documents/com~apple~CloudDocs/Documents/VSCode/Tax-App-Frontend/node_modules/jest-circus/build/jestAdapterInit.js:1557:28)
            at new Promise (<anonymous>)
            at callAsyncCircusFn (/Users/ryan/Library/Mobile Documents/com~apple~CloudDocs/Documents/VSCode/Tax-App-Frontend/node_modules/jest-circus/build/jestAdapterInit.js:1497:10)
            at _callCircusTest (/Users/ryan/Library/Mobile Documents/com~apple~CloudDocs/Documents/VSCode/Tax-App-Frontend/node_modules/jest-circus/build/jestAdapterInit.js:1007:40)
            at processTicksAndRejections (node:internal/process/task_queues:95:5)
            at _runTest (/Users/ryan/Library/Mobile Documents/com~apple~CloudDocs/Documents/VSCode/Tax-App-Frontend/node_modules/jest-circus/build/jestAdapterInit.js:947:3)
            at /Users/ryan/Library/Mobile Documents/com~apple~CloudDocs/Documents/VSCode/Tax-App-Frontend/node_modules/jest-circus/build/jestAdapterInit.js:849:7
            at _runTestsForDescribeBlock (/Users/ryan/Library/Mobile Documents/com~apple~CloudDocs/Documents/VSCode/Tax-App-Frontend/node_modules/jest-circus/build/jestAdapterInit.js:862:11)
            at _runTestsForDescribeBlock (/Users/ryan/Library/Mobile Documents/com~apple~CloudDocs/Documents/VSCode/Tax-App-Frontend/node_modules/jest-circus/build/jestAdapterInit.js:857:11)
            at run (/Users/ryan/Library/Mobile Documents/com~apple~CloudDocs/Documents/VSCode/Tax-App-Frontend/node_modules/jest-circus/build/jestAdapterInit.js:761:3)
            at runAndTransformResultsToJestFormat (/Users/ryan/Library/Mobile Documents/com~apple~CloudDocs/Documents/VSCode/Tax-App-Frontend/node_modules/jest-circus/build/jestAdapterInit.js:1918:21)
            at jestAdapter (/Users/ryan/Library/Mobile Documents/com~apple~CloudDocs/Documents/VSCode/Tax-App-Frontend/node_modules/jest-circus/build/runner.js:101:19)
            at runTestInternal (/Users/ryan/Library/Mobile Documents/com~apple~CloudDocs/Documents/VSCode/Tax-App-Frontend/node_modules/jest-runner/build/testWorker.js:275:16)
            at runTest (/Users/ryan/Library/Mobile Documents/com~apple~CloudDocs/Documents/VSCode/Tax-App-Frontend/node_modules/jest-runner/build/testWorker.js:343:7)
            at Object.worker (/Users/ryan/Library/Mobile Documents/com~apple~CloudDocs/Documents/VSCode/Tax-App-Frontend/node_modules/jest-runner/build/testWorker.js:497:12),
        type: 'unhandled exception'
      }

      225 |     fc.assert(
      226 |       fc.property(sessionDataArbitrary, (sessionData) => {
    > 227 |         const { unmount } = render(<DashboardClient />);
          |                                   ^
      228 |
      229 |         try {
      230 |           // Verify title

      at VirtualConsole.<anonymous> (node_modules/@jest/environment-jsdom-abstract/build/index.js:87:23)
      at reportException (node_modules/jsdom/lib/jsdom/living/helpers/runtime-script-errors.js:70:28)
      at innerInvokeEventListeners (node_modules/jsdom/lib/jsdom/living/events/EventTarget-impl.js:353:9)
      at invokeEventListeners (node_modules/jsdom/lib/jsdom/living/events/EventTarget-impl.js:286:3)
      at HTMLUnknownElementImpl._dispatch (node_modules/jsdom/lib/jsdom/living/events/EventTarget-impl.js:233:9)
      at HTMLUnknownElementImpl.dispatchEvent (node_modules/jsdom/lib/jsdom/living/events/EventTarget-impl.js:104:17)
      at HTMLUnknownElement.dispatchEvent (node_modules/jsdom/lib/jsdom/living/generated/EventTarget.js:241:34)
      at Object.invokeGuardedCallbackDev (node_modules/react-dom/cjs/react-dom.development.js:4213:16)
      at invokeGuardedCallback (node_modules/react-dom/cjs/react-dom.development.js:4277:31)
      at beginWork$1 (node_modules/react-dom/cjs/react-dom.development.js:27490:7)
      at performUnitOfWork (node_modules/react-dom/cjs/react-dom.development.js:26599:12)
      at workLoopSync (node_modules/react-dom/cjs/react-dom.development.js:26505:5)
      at renderRootSync (node_modules/react-dom/cjs/react-dom.development.js:26473:7)
      at recoverFromConcurrentError (node_modules/react-dom/cjs/react-dom.development.js:25889:20)
      at performConcurrentWorkOnRoot (node_modules/react-dom/cjs/react-dom.development.js:25789:22)
      at flushActQueue (node_modules/react/cjs/react.development.js:2667:24)
      at act (node_modules/react/cjs/react.development.js:2582:11)
      at node_modules/@testing-library/react/dist/act-compat.js:46:25
      at renderRoot (node_modules/@testing-library/react/dist/pure.js:189:26)
      at render (node_modules/@testing-library/react/dist/pure.js:291:10)
      at src/app/dashboard/authentication-flow.property.test.tsx:227:35
      at Property.predicate (node_modules/fast-check/lib/cjs/check/property/Property.js:17:92)
      at Property.run (node_modules/fast-check/lib/cjs/check/property/Property.generic.js:46:33)
      at runIt (node_modules/fast-check/lib/cjs/check/runner/Runner.js:18:30)
      at check (node_modules/fast-check/lib/cjs/check/runner/Runner.js:58:11)
      at Object.assert (node_modules/fast-check/lib/cjs/check/runner/Runner.js:61:17)
      at Object.assert (src/app/dashboard/authentication-flow.property.test.tsx:225:8)

    console.error
      The above error occurred in the <LogoutButton> component:
      
          at className (/Users/ryan/Library/Mobile Documents/com~apple~CloudDocs/Documents/VSCode/Tax-App-Frontend/src/components/LogoutButton.tsx:53:32)
          at div
          at div
          at children (/Users/ryan/Library/Mobile Documents/com~apple~CloudDocs/Documents/VSCode/Tax-App-Frontend/src/app/dashboard/authentication-flow.property.test.tsx:37:18)
          at div
          at children (/Users/ryan/Library/Mobile Documents/com~apple~CloudDocs/Documents/VSCode/Tax-App-Frontend/src/app/dashboard/authentication-flow.property.test.tsx:32:12)
          at div
          at div
          at div
          at children (/Users/ryan/Library/Mobile Documents/com~apple~CloudDocs/Documents/VSCode/Tax-App-Frontend/src/app/dashboard/authentication-flow.property.test.tsx:27:21)
          at DashboardClient
      
      Consider adding an error boundary to your tree to customize error handling behavior.
      Visit https://reactjs.org/link/error-boundaries to learn more about error boundaries.

      225 |     fc.assert(
      226 |       fc.property(sessionDataArbitrary, (sessionData) => {
    > 227 |         const { unmount } = render(<DashboardClient />);
          |                                   ^
      228 |
      229 |         try {
      230 |           // Verify title

      at logCapturedError (node_modules/react-dom/cjs/react-dom.development.js:18704:23)
      at update.callback (node_modules/react-dom/cjs/react-dom.development.js:18737:5)
      at callCallback (node_modules/react-dom/cjs/react-dom.development.js:15036:12)
      at commitUpdateQueue (node_modules/react-dom/cjs/react-dom.development.js:15057:9)
      at commitLayoutEffectOnFiber (node_modules/react-dom/cjs/react-dom.development.js:23430:13)
      at commitLayoutMountEffects_complete (node_modules/react-dom/cjs/react-dom.development.js:24727:9)
      at commitLayoutEffects_begin (node_modules/react-dom/cjs/react-dom.development.js:24713:7)
      at commitLayoutEffects (node_modules/react-dom/cjs/react-dom.development.js:24651:3)
      at commitRootImpl (node_modules/react-dom/cjs/react-dom.development.js:26862:5)
      at commitRoot (node_modules/react-dom/cjs/react-dom.development.js:26721:5)
      at finishConcurrentRender (node_modules/react-dom/cjs/react-dom.development.js:25931:9)
      at performConcurrentWorkOnRoot (node_modules/react-dom/cjs/react-dom.development.js:25848:7)
      at flushActQueue (node_modules/react/cjs/react.development.js:2667:24)
      at act (node_modules/react/cjs/react.development.js:2582:11)
      at node_modules/@testing-library/react/dist/act-compat.js:46:25
      at renderRoot (node_modules/@testing-library/react/dist/pure.js:189:26)
      at render (node_modules/@testing-library/react/dist/pure.js:291:10)
      at src/app/dashboard/authentication-flow.property.test.tsx:227:35
      at Property.predicate (node_modules/fast-check/lib/cjs/check/property/Property.js:17:92)
      at Property.run (node_modules/fast-check/lib/cjs/check/property/Property.generic.js:46:33)
      at runIt (node_modules/fast-check/lib/cjs/check/runner/Runner.js:18:30)
      at check (node_modules/fast-check/lib/cjs/check/runner/Runner.js:58:11)
      at Object.assert (node_modules/fast-check/lib/cjs/check/runner/Runner.js:61:17)
      at Object.assert (src/app/dashboard/authentication-flow.property.test.tsx:225:8)

    console.error
      Error: Uncaught [Error: invariant expected app router to be mounted]
          at reportException (/Users/ryan/Library/Mobile Documents/com~apple~CloudDocs/Documents/VSCode/Tax-App-Frontend/node_modules/jsdom/lib/jsdom/living/helpers/runtime-script-errors.js:66:24)
          at innerInvokeEventListeners (/Users/ryan/Library/Mobile Documents/com~apple~CloudDocs/Documents/VSCode/Tax-App-Frontend/node_modules/jsdom/lib/jsdom/living/events/EventTarget-impl.js:353:9)
          at invokeEventListeners (/Users/ryan/Library/Mobile Documents/com~apple~CloudDocs/Documents/VSCode/Tax-App-Frontend/node_modules/jsdom/lib/jsdom/living/events/EventTarget-impl.js:286:3)
          at HTMLUnknownElementImpl._dispatch (/Users/ryan/Library/Mobile Documents/com~apple~CloudDocs/Documents/VSCode/Tax-App-Frontend/node_modules/jsdom/lib/jsdom/living/events/EventTarget-impl.js:233:9)
          at HTMLUnknownElementImpl.dispatchEvent (/Users/ryan/Library/Mobile Documents/com~apple~CloudDocs/Documents/VSCode/Tax-App-Frontend/node_modules/jsdom/lib/jsdom/living/events/EventTarget-impl.js:104:17)
          at HTMLUnknownElement.dispatchEvent (/Users/ryan/Library/Mobile Documents/com~apple~CloudDocs/Documents/VSCode/Tax-App-Frontend/node_modules/jsdom/lib/jsdom/living/generated/EventTarget.js:241:34)
          at Object.invokeGuardedCallbackDev (/Users/ryan/Library/Mobile Documents/com~apple~CloudDocs/Documents/VSCode/Tax-App-Frontend/node_modules/react-dom/cjs/react-dom.development.js:4213:16)
          at invokeGuardedCallback (/Users/ryan/Library/Mobile Documents/com~apple~CloudDocs/Documents/VSCode/Tax-App-Frontend/node_modules/react-dom/cjs/react-dom.development.js:4277:31)
          at beginWork$1 (/Users/ryan/Library/Mobile Documents/com~apple~CloudDocs/Documents/VSCode/Tax-App-Frontend/node_modules/react-dom/cjs/react-dom.development.js:27490:7)
          at performUnitOfWork (/Users/ryan/Library/Mobile Documents/com~apple~CloudDocs/Documents/VSCode/Tax-App-Frontend/node_modules/react-dom/cjs/react-dom.development.js:26599:12)
          at workLoopSync (/Users/ryan/Library/Mobile Documents/com~apple~CloudDocs/Documents/VSCode/Tax-App-Frontend/node_modules/react-dom/cjs/react-dom.development.js:26505:5)
          at renderRootSync (/Users/ryan/Library/Mobile Documents/com~apple~CloudDocs/Documents/VSCode/Tax-App-Frontend/node_modules/react-dom/cjs/react-dom.development.js:26473:7)
          at performConcurrentWorkOnRoot (/Users/ryan/Library/Mobile Documents/com~apple~CloudDocs/Documents/VSCode/Tax-App-Frontend/node_modules/react-dom/cjs/react-dom.development.js:25777:74)
          at flushActQueue (/Users/ryan/Library/Mobile Documents/com~apple~CloudDocs/Documents/VSCode/Tax-App-Frontend/node_modules/react/cjs/react.development.js:2667:24)
          at act (/Users/ryan/Library/Mobile Documents/com~apple~CloudDocs/Documents/VSCode/Tax-App-Frontend/node_modules/react/cjs/react.development.js:2582:11)
          at /Users/ryan/Library/Mobile Documents/com~apple~CloudDocs/Documents/VSCode/Tax-App-Frontend/node_modules/@testing-library/react/dist/act-compat.js:46:25
          at renderRoot (/Users/ryan/Library/Mobile Documents/com~apple~CloudDocs/Documents/VSCode/Tax-App-Frontend/node_modules/@testing-library/react/dist/pure.js:189:26)
          at render (/Users/ryan/Library/Mobile Documents/com~apple~CloudDocs/Documents/VSCode/Tax-App-Frontend/node_modules/@testing-library/react/dist/pure.js:291:10)
          at /Users/ryan/Library/Mobile Documents/com~apple~CloudDocs/Documents/VSCode/Tax-App-Frontend/src/app/dashboard/authentication-flow.property.test.tsx:271:32
          at Property.predicate (/Users/ryan/Library/Mobile Documents/com~apple~CloudDocs/Documents/VSCode/Tax-App-Frontend/node_modules/fast-check/lib/cjs/check/property/Property.js:17:92)
          at Property.run (/Users/ryan/Library/Mobile Documents/com~apple~CloudDocs/Documents/VSCode/Tax-App-Frontend/node_modules/fast-check/lib/cjs/check/property/Property.generic.js:46:33)
          at runIt (/Users/ryan/Library/Mobile Documents/com~apple~CloudDocs/Documents/VSCode/Tax-App-Frontend/node_modules/fast-check/lib/cjs/check/runner/Runner.js:18:30)
          at check (/Users/ryan/Library/Mobile Documents/com~apple~CloudDocs/Documents/VSCode/Tax-App-Frontend/node_modules/fast-check/lib/cjs/check/runner/Runner.js:58:11)
          at Object.assert (/Users/ryan/Library/Mobile Documents/com~apple~CloudDocs/Documents/VSCode/Tax-App-Frontend/node_modules/fast-check/lib/cjs/check/runner/Runner.js:61:17)
          at Object.assert (/Users/ryan/Library/Mobile Documents/com~apple~CloudDocs/Documents/VSCode/Tax-App-Frontend/src/app/dashboard/authentication-flow.property.test.tsx:264:8)
          at Promise.finally.completed (/Users/ryan/Library/Mobile Documents/com~apple~CloudDocs/Documents/VSCode/Tax-App-Frontend/node_modules/jest-circus/build/jestAdapterInit.js:1557:28)
          at new Promise (<anonymous>)
          at callAsyncCircusFn (/Users/ryan/Library/Mobile Documents/com~apple~CloudDocs/Documents/VSCode/Tax-App-Frontend/node_modules/jest-circus/build/jestAdapterInit.js:1497:10)
          at _callCircusTest (/Users/ryan/Library/Mobile Documents/com~apple~CloudDocs/Documents/VSCode/Tax-App-Frontend/node_modules/jest-circus/build/jestAdapterInit.js:1007:40)
          at processTicksAndRejections (node:internal/process/task_queues:95:5)
          at _runTest (/Users/ryan/Library/Mobile Documents/com~apple~CloudDocs/Documents/VSCode/Tax-App-Frontend/node_modules/jest-circus/build/jestAdapterInit.js:947:3)
          at /Users/ryan/Library/Mobile Documents/com~apple~CloudDocs/Documents/VSCode/Tax-App-Frontend/node_modules/jest-circus/build/jestAdapterInit.js:849:7
          at _runTestsForDescribeBlock (/Users/ryan/Library/Mobile Documents/com~apple~CloudDocs/Documents/VSCode/Tax-App-Frontend/node_modules/jest-circus/build/jestAdapterInit.js:862:11)
          at _runTestsForDescribeBlock (/Users/ryan/Library/Mobile Documents/com~apple~CloudDocs/Documents/VSCode/Tax-App-Frontend/node_modules/jest-circus/build/jestAdapterInit.js:857:11)
          at run (/Users/ryan/Library/Mobile Documents/com~apple~CloudDocs/Documents/VSCode/Tax-App-Frontend/node_modules/jest-circus/build/jestAdapterInit.js:761:3)
          at runAndTransformResultsToJestFormat (/Users/ryan/Library/Mobile Documents/com~apple~CloudDocs/Documents/VSCode/Tax-App-Frontend/node_modules/jest-circus/build/jestAdapterInit.js:1918:21)
          at jestAdapter (/Users/ryan/Library/Mobile Documents/com~apple~CloudDocs/Documents/VSCode/Tax-App-Frontend/node_modules/jest-circus/build/runner.js:101:19)
          at runTestInternal (/Users/ryan/Library/Mobile Documents/com~apple~CloudDocs/Documents/VSCode/Tax-App-Frontend/node_modules/jest-runner/build/testWorker.js:275:16)
          at runTest (/Users/ryan/Library/Mobile Documents/com~apple~CloudDocs/Documents/VSCode/Tax-App-Frontend/node_modules/jest-runner/build/testWorker.js:343:7)
          at Object.worker (/Users/ryan/Library/Mobile Documents/com~apple~CloudDocs/Documents/VSCode/Tax-App-Frontend/node_modules/jest-runner/build/testWorker.js:497:12) {
        detail: Error: invariant expected app router to be mounted
            at useRouter (/Users/ryan/Library/Mobile Documents/com~apple~CloudDocs/Documents/VSCode/Tax-App-Frontend/node_modules/next/src/client/components/navigation.ts:113:11)
            at LogoutButton (/Users/ryan/Library/Mobile Documents/com~apple~CloudDocs/Documents/VSCode/Tax-App-Frontend/src/components/LogoutButton.tsx:54:27)
            at renderWithHooks (/Users/ryan/Library/Mobile Documents/com~apple~CloudDocs/Documents/VSCode/Tax-App-Frontend/node_modules/react-dom/cjs/react-dom.development.js:15486:18)
            at mountIndeterminateComponent (/Users/ryan/Library/Mobile Documents/com~apple~CloudDocs/Documents/VSCode/Tax-App-Frontend/node_modules/react-dom/cjs/react-dom.development.js:20103:13)
            at beginWork (/Users/ryan/Library/Mobile Documents/com~apple~CloudDocs/Documents/VSCode/Tax-App-Frontend/node_modules/react-dom/cjs/react-dom.development.js:21626:16)
            at HTMLUnknownElement.callCallback (/Users/ryan/Library/Mobile Documents/com~apple~CloudDocs/Documents/VSCode/Tax-App-Frontend/node_modules/react-dom/cjs/react-dom.development.js:4164:14)
            at HTMLUnknownElement.callTheUserObjectsOperation (/Users/ryan/Library/Mobile Documents/com~apple~CloudDocs/Documents/VSCode/Tax-App-Frontend/node_modules/jsdom/lib/jsdom/living/generated/EventListener.js:26:30)
            at innerInvokeEventListeners (/Users/ryan/Library/Mobile Documents/com~apple~CloudDocs/Documents/VSCode/Tax-App-Frontend/node_modules/jsdom/lib/jsdom/living/events/EventTarget-impl.js:350:25)
            at invokeEventListeners (/Users/ryan/Library/Mobile Documents/com~apple~CloudDocs/Documents/VSCode/Tax-App-Frontend/node_modules/jsdom/lib/jsdom/living/events/EventTarget-impl.js:286:3)
            at HTMLUnknownElementImpl._dispatch (/Users/ryan/Library/Mobile Documents/com~apple~CloudDocs/Documents/VSCode/Tax-App-Frontend/node_modules/jsdom/lib/jsdom/living/events/EventTarget-impl.js:233:9)
            at HTMLUnknownElementImpl.dispatchEvent (/Users/ryan/Library/Mobile Documents/com~apple~CloudDocs/Documents/VSCode/Tax-App-Frontend/node_modules/jsdom/lib/jsdom/living/events/EventTarget-impl.js:104:17)
            at HTMLUnknownElement.dispatchEvent (/Users/ryan/Library/Mobile Documents/com~apple~CloudDocs/Documents/VSCode/Tax-App-Frontend/node_modules/jsdom/lib/jsdom/living/generated/EventTarget.js:241:34)
            at Object.invokeGuardedCallbackDev (/Users/ryan/Library/Mobile Documents/com~apple~CloudDocs/Documents/VSCode/Tax-App-Frontend/node_modules/react-dom/cjs/react-dom.development.js:4213:16)
            at invokeGuardedCallback (/Users/ryan/Library/Mobile Documents/com~apple~CloudDocs/Documents/VSCode/Tax-App-Frontend/node_modules/react-dom/cjs/react-dom.development.js:4277:31)
            at beginWork$1 (/Users/ryan/Library/Mobile Documents/com~apple~CloudDocs/Documents/VSCode/Tax-App-Frontend/node_modules/react-dom/cjs/react-dom.development.js:27490:7)
            at performUnitOfWork (/Users/ryan/Library/Mobile Documents/com~apple~CloudDocs/Documents/VSCode/Tax-App-Frontend/node_modules/react-dom/cjs/react-dom.development.js:26599:12)
            at workLoopSync (/Users/ryan/Library/Mobile Documents/com~apple~CloudDocs/Documents/VSCode/Tax-App-Frontend/node_modules/react-dom/cjs/react-dom.development.js:26505:5)
            at renderRootSync (/Users/ryan/Library/Mobile Documents/com~apple~CloudDocs/Documents/VSCode/Tax-App-Frontend/node_modules/react-dom/cjs/react-dom.development.js:26473:7)
            at performConcurrentWorkOnRoot (/Users/ryan/Library/Mobile Documents/com~apple~CloudDocs/Documents/VSCode/Tax-App-Frontend/node_modules/react-dom/cjs/react-dom.development.js:25777:74)
            at flushActQueue (/Users/ryan/Library/Mobile Documents/com~apple~CloudDocs/Documents/VSCode/Tax-App-Frontend/node_modules/react/cjs/react.development.js:2667:24)
            at act (/Users/ryan/Library/Mobile Documents/com~apple~CloudDocs/Documents/VSCode/Tax-App-Frontend/node_modules/react/cjs/react.development.js:2582:11)
            at /Users/ryan/Library/Mobile Documents/com~apple~CloudDocs/Documents/VSCode/Tax-App-Frontend/node_modules/@testing-library/react/dist/act-compat.js:46:25
            at renderRoot (/Users/ryan/Library/Mobile Documents/com~apple~CloudDocs/Documents/VSCode/Tax-App-Frontend/node_modules/@testing-library/react/dist/pure.js:189:26)
            at render (/Users/ryan/Library/Mobile Documents/com~apple~CloudDocs/Documents/VSCode/Tax-App-Frontend/node_modules/@testing-library/react/dist/pure.js:291:10)
            at /Users/ryan/Library/Mobile Documents/com~apple~CloudDocs/Documents/VSCode/Tax-App-Frontend/src/app/dashboard/authentication-flow.property.test.tsx:271:32
            at Property.predicate (/Users/ryan/Library/Mobile Documents/com~apple~CloudDocs/Documents/VSCode/Tax-App-Frontend/node_modules/fast-check/lib/cjs/check/property/Property.js:17:92)
            at Property.run (/Users/ryan/Library/Mobile Documents/com~apple~CloudDocs/Documents/VSCode/Tax-App-Frontend/node_modules/fast-check/lib/cjs/check/property/Property.generic.js:46:33)
            at runIt (/Users/ryan/Library/Mobile Documents/com~apple~CloudDocs/Documents/VSCode/Tax-App-Frontend/node_modules/fast-check/lib/cjs/check/runner/Runner.js:18:30)
            at check (/Users/ryan/Library/Mobile Documents/com~apple~CloudDocs/Documents/VSCode/Tax-App-Frontend/node_modules/fast-check/lib/cjs/check/runner/Runner.js:58:11)
            at Object.assert (/Users/ryan/Library/Mobile Documents/com~apple~CloudDocs/Documents/VSCode/Tax-App-Frontend/node_modules/fast-check/lib/cjs/check/runner/Runner.js:61:17)
            at Object.assert (/Users/ryan/Library/Mobile Documents/com~apple~CloudDocs/Documents/VSCode/Tax-App-Frontend/src/app/dashboard/authentication-flow.property.test.tsx:264:8)
            at Promise.finally.completed (/Users/ryan/Library/Mobile Documents/com~apple~CloudDocs/Documents/VSCode/Tax-App-Frontend/node_modules/jest-circus/build/jestAdapterInit.js:1557:28)
            at new Promise (<anonymous>)
            at callAsyncCircusFn (/Users/ryan/Library/Mobile Documents/com~apple~CloudDocs/Documents/VSCode/Tax-App-Frontend/node_modules/jest-circus/build/jestAdapterInit.js:1497:10)
            at _callCircusTest (/Users/ryan/Library/Mobile Documents/com~apple~CloudDocs/Documents/VSCode/Tax-App-Frontend/node_modules/jest-circus/build/jestAdapterInit.js:1007:40)
            at processTicksAndRejections (node:internal/process/task_queues:95:5)
            at _runTest (/Users/ryan/Library/Mobile Documents/com~apple~CloudDocs/Documents/VSCode/Tax-App-Frontend/node_modules/jest-circus/build/jestAdapterInit.js:947:3)
            at /Users/ryan/Library/Mobile Documents/com~apple~CloudDocs/Documents/VSCode/Tax-App-Frontend/node_modules/jest-circus/build/jestAdapterInit.js:849:7
            at _runTestsForDescribeBlock (/Users/ryan/Library/Mobile Documents/com~apple~CloudDocs/Documents/VSCode/Tax-App-Frontend/node_modules/jest-circus/build/jestAdapterInit.js:862:11)
            at _runTestsForDescribeBlock (/Users/ryan/Library/Mobile Documents/com~apple~CloudDocs/Documents/VSCode/Tax-App-Frontend/node_modules/jest-circus/build/jestAdapterInit.js:857:11)
            at run (/Users/ryan/Library/Mobile Documents/com~apple~CloudDocs/Documents/VSCode/Tax-App-Frontend/node_modules/jest-circus/build/jestAdapterInit.js:761:3)
            at runAndTransformResultsToJestFormat (/Users/ryan/Library/Mobile Documents/com~apple~CloudDocs/Documents/VSCode/Tax-App-Frontend/node_modules/jest-circus/build/jestAdapterInit.js:1918:21)
            at jestAdapter (/Users/ryan/Library/Mobile Documents/com~apple~CloudDocs/Documents/VSCode/Tax-App-Frontend/node_modules/jest-circus/build/runner.js:101:19)
            at runTestInternal (/Users/ryan/Library/Mobile Documents/com~apple~CloudDocs/Documents/VSCode/Tax-App-Frontend/node_modules/jest-runner/build/testWorker.js:275:16)
            at runTest (/Users/ryan/Library/Mobile Documents/com~apple~CloudDocs/Documents/VSCode/Tax-App-Frontend/node_modules/jest-runner/build/testWorker.js:343:7)
            at Object.worker (/Users/ryan/Library/Mobile Documents/com~apple~CloudDocs/Documents/VSCode/Tax-App-Frontend/node_modules/jest-runner/build/testWorker.js:497:12),
        type: 'unhandled exception'
      }

      269 |
      270 |         try {
    > 271 |           const result = render(<DashboardClient />);
          |                                ^
      272 |           unmount = result.unmount;
      273 |
      274 |           // Verify basic rendering succeeded

      at VirtualConsole.<anonymous> (node_modules/@jest/environment-jsdom-abstract/build/index.js:87:23)
      at reportException (node_modules/jsdom/lib/jsdom/living/helpers/runtime-script-errors.js:70:28)
      at innerInvokeEventListeners (node_modules/jsdom/lib/jsdom/living/events/EventTarget-impl.js:353:9)
      at invokeEventListeners (node_modules/jsdom/lib/jsdom/living/events/EventTarget-impl.js:286:3)
      at HTMLUnknownElementImpl._dispatch (node_modules/jsdom/lib/jsdom/living/events/EventTarget-impl.js:233:9)
      at HTMLUnknownElementImpl.dispatchEvent (node_modules/jsdom/lib/jsdom/living/events/EventTarget-impl.js:104:17)
      at HTMLUnknownElement.dispatchEvent (node_modules/jsdom/lib/jsdom/living/generated/EventTarget.js:241:34)
      at Object.invokeGuardedCallbackDev (node_modules/react-dom/cjs/react-dom.development.js:4213:16)
      at invokeGuardedCallback (node_modules/react-dom/cjs/react-dom.development.js:4277:31)
      at beginWork$1 (node_modules/react-dom/cjs/react-dom.development.js:27490:7)
      at performUnitOfWork (node_modules/react-dom/cjs/react-dom.development.js:26599:12)
      at workLoopSync (node_modules/react-dom/cjs/react-dom.development.js:26505:5)
      at renderRootSync (node_modules/react-dom/cjs/react-dom.development.js:26473:7)
      at performConcurrentWorkOnRoot (node_modules/react-dom/cjs/react-dom.development.js:25777:74)
      at flushActQueue (node_modules/react/cjs/react.development.js:2667:24)
      at act (node_modules/react/cjs/react.development.js:2582:11)
      at node_modules/@testing-library/react/dist/act-compat.js:46:25
      at renderRoot (node_modules/@testing-library/react/dist/pure.js:189:26)
      at render (node_modules/@testing-library/react/dist/pure.js:291:10)
      at src/app/dashboard/authentication-flow.property.test.tsx:271:32
      at Property.predicate (node_modules/fast-check/lib/cjs/check/property/Property.js:17:92)
      at Property.run (node_modules/fast-check/lib/cjs/check/property/Property.generic.js:46:33)
      at runIt (node_modules/fast-check/lib/cjs/check/runner/Runner.js:18:30)
      at check (node_modules/fast-check/lib/cjs/check/runner/Runner.js:58:11)
      at Object.assert (node_modules/fast-check/lib/cjs/check/runner/Runner.js:61:17)
      at Object.assert (src/app/dashboard/authentication-flow.property.test.tsx:264:8)

    console.error
      Error: Uncaught [Error: invariant expected app router to be mounted]
          at reportException (/Users/ryan/Library/Mobile Documents/com~apple~CloudDocs/Documents/VSCode/Tax-App-Frontend/node_modules/jsdom/lib/jsdom/living/helpers/runtime-script-errors.js:66:24)
          at innerInvokeEventListeners (/Users/ryan/Library/Mobile Documents/com~apple~CloudDocs/Documents/VSCode/Tax-App-Frontend/node_modules/jsdom/lib/jsdom/living/events/EventTarget-impl.js:353:9)
          at invokeEventListeners (/Users/ryan/Library/Mobile Documents/com~apple~CloudDocs/Documents/VSCode/Tax-App-Frontend/node_modules/jsdom/lib/jsdom/living/events/EventTarget-impl.js:286:3)
          at HTMLUnknownElementImpl._dispatch (/Users/ryan/Library/Mobile Documents/com~apple~CloudDocs/Documents/VSCode/Tax-App-Frontend/node_modules/jsdom/lib/jsdom/living/events/EventTarget-impl.js:233:9)
          at HTMLUnknownElementImpl.dispatchEvent (/Users/ryan/Library/Mobile Documents/com~apple~CloudDocs/Documents/VSCode/Tax-App-Frontend/node_modules/jsdom/lib/jsdom/living/events/EventTarget-impl.js:104:17)
          at HTMLUnknownElement.dispatchEvent (/Users/ryan/Library/Mobile Documents/com~apple~CloudDocs/Documents/VSCode/Tax-App-Frontend/node_modules/jsdom/lib/jsdom/living/generated/EventTarget.js:241:34)
          at Object.invokeGuardedCallbackDev (/Users/ryan/Library/Mobile Documents/com~apple~CloudDocs/Documents/VSCode/Tax-App-Frontend/node_modules/react-dom/cjs/react-dom.development.js:4213:16)
          at invokeGuardedCallback (/Users/ryan/Library/Mobile Documents/com~apple~CloudDocs/Documents/VSCode/Tax-App-Frontend/node_modules/react-dom/cjs/react-dom.development.js:4277:31)
          at beginWork$1 (/Users/ryan/Library/Mobile Documents/com~apple~CloudDocs/Documents/VSCode/Tax-App-Frontend/node_modules/react-dom/cjs/react-dom.development.js:27490:7)
          at performUnitOfWork (/Users/ryan/Library/Mobile Documents/com~apple~CloudDocs/Documents/VSCode/Tax-App-Frontend/node_modules/react-dom/cjs/react-dom.development.js:26599:12)
          at workLoopSync (/Users/ryan/Library/Mobile Documents/com~apple~CloudDocs/Documents/VSCode/Tax-App-Frontend/node_modules/react-dom/cjs/react-dom.development.js:26505:5)
          at renderRootSync (/Users/ryan/Library/Mobile Documents/com~apple~CloudDocs/Documents/VSCode/Tax-App-Frontend/node_modules/react-dom/cjs/react-dom.development.js:26473:7)
          at recoverFromConcurrentError (/Users/ryan/Library/Mobile Documents/com~apple~CloudDocs/Documents/VSCode/Tax-App-Frontend/node_modules/react-dom/cjs/react-dom.development.js:25889:20)
          at performConcurrentWorkOnRoot (/Users/ryan/Library/Mobile Documents/com~apple~CloudDocs/Documents/VSCode/Tax-App-Frontend/node_modules/react-dom/cjs/react-dom.development.js:25789:22)
          at flushActQueue (/Users/ryan/Library/Mobile Documents/com~apple~CloudDocs/Documents/VSCode/Tax-App-Frontend/node_modules/react/cjs/react.development.js:2667:24)
          at act (/Users/ryan/Library/Mobile Documents/com~apple~CloudDocs/Documents/VSCode/Tax-App-Frontend/node_modules/react/cjs/react.development.js:2582:11)
          at /Users/ryan/Library/Mobile Documents/com~apple~CloudDocs/Documents/VSCode/Tax-App-Frontend/node_modules/@testing-library/react/dist/act-compat.js:46:25
          at renderRoot (/Users/ryan/Library/Mobile Documents/com~apple~CloudDocs/Documents/VSCode/Tax-App-Frontend/node_modules/@testing-library/react/dist/pure.js:189:26)
          at render (/Users/ryan/Library/Mobile Documents/com~apple~CloudDocs/Documents/VSCode/Tax-App-Frontend/node_modules/@testing-library/react/dist/pure.js:291:10)
          at /Users/ryan/Library/Mobile Documents/com~apple~CloudDocs/Documents/VSCode/Tax-App-Frontend/src/app/dashboard/authentication-flow.property.test.tsx:271:32
          at Property.predicate (/Users/ryan/Library/Mobile Documents/com~apple~CloudDocs/Documents/VSCode/Tax-App-Frontend/node_modules/fast-check/lib/cjs/check/property/Property.js:17:92)
          at Property.run (/Users/ryan/Library/Mobile Documents/com~apple~CloudDocs/Documents/VSCode/Tax-App-Frontend/node_modules/fast-check/lib/cjs/check/property/Property.generic.js:46:33)
          at runIt (/Users/ryan/Library/Mobile Documents/com~apple~CloudDocs/Documents/VSCode/Tax-App-Frontend/node_modules/fast-check/lib/cjs/check/runner/Runner.js:18:30)
          at check (/Users/ryan/Library/Mobile Documents/com~apple~CloudDocs/Documents/VSCode/Tax-App-Frontend/node_modules/fast-check/lib/cjs/check/runner/Runner.js:58:11)
          at Object.assert (/Users/ryan/Library/Mobile Documents/com~apple~CloudDocs/Documents/VSCode/Tax-App-Frontend/node_modules/fast-check/lib/cjs/check/runner/Runner.js:61:17)
          at Object.assert (/Users/ryan/Library/Mobile Documents/com~apple~CloudDocs/Documents/VSCode/Tax-App-Frontend/src/app/dashboard/authentication-flow.property.test.tsx:264:8)
          at Promise.finally.completed (/Users/ryan/Library/Mobile Documents/com~apple~CloudDocs/Documents/VSCode/Tax-App-Frontend/node_modules/jest-circus/build/jestAdapterInit.js:1557:28)
          at new Promise (<anonymous>)
          at callAsyncCircusFn (/Users/ryan/Library/Mobile Documents/com~apple~CloudDocs/Documents/VSCode/Tax-App-Frontend/node_modules/jest-circus/build/jestAdapterInit.js:1497:10)
          at _callCircusTest (/Users/ryan/Library/Mobile Documents/com~apple~CloudDocs/Documents/VSCode/Tax-App-Frontend/node_modules/jest-circus/build/jestAdapterInit.js:1007:40)
          at processTicksAndRejections (node:internal/process/task_queues:95:5)
          at _runTest (/Users/ryan/Library/Mobile Documents/com~apple~CloudDocs/Documents/VSCode/Tax-App-Frontend/node_modules/jest-circus/build/jestAdapterInit.js:947:3)
          at /Users/ryan/Library/Mobile Documents/com~apple~CloudDocs/Documents/VSCode/Tax-App-Frontend/node_modules/jest-circus/build/jestAdapterInit.js:849:7
          at _runTestsForDescribeBlock (/Users/ryan/Library/Mobile Documents/com~apple~CloudDocs/Documents/VSCode/Tax-App-Frontend/node_modules/jest-circus/build/jestAdapterInit.js:862:11)
          at _runTestsForDescribeBlock (/Users/ryan/Library/Mobile Documents/com~apple~CloudDocs/Documents/VSCode/Tax-App-Frontend/node_modules/jest-circus/build/jestAdapterInit.js:857:11)
          at run (/Users/ryan/Library/Mobile Documents/com~apple~CloudDocs/Documents/VSCode/Tax-App-Frontend/node_modules/jest-circus/build/jestAdapterInit.js:761:3)
          at runAndTransformResultsToJestFormat (/Users/ryan/Library/Mobile Documents/com~apple~CloudDocs/Documents/VSCode/Tax-App-Frontend/node_modules/jest-circus/build/jestAdapterInit.js:1918:21)
          at jestAdapter (/Users/ryan/Library/Mobile Documents/com~apple~CloudDocs/Documents/VSCode/Tax-App-Frontend/node_modules/jest-circus/build/runner.js:101:19)
          at runTestInternal (/Users/ryan/Library/Mobile Documents/com~apple~CloudDocs/Documents/VSCode/Tax-App-Frontend/node_modules/jest-runner/build/testWorker.js:275:16)
          at runTest (/Users/ryan/Library/Mobile Documents/com~apple~CloudDocs/Documents/VSCode/Tax-App-Frontend/node_modules/jest-runner/build/testWorker.js:343:7)
          at Object.worker (/Users/ryan/Library/Mobile Documents/com~apple~CloudDocs/Documents/VSCode/Tax-App-Frontend/node_modules/jest-runner/build/testWorker.js:497:12) {
        detail: Error: invariant expected app router to be mounted
            at useRouter (/Users/ryan/Library/Mobile Documents/com~apple~CloudDocs/Documents/VSCode/Tax-App-Frontend/node_modules/next/src/client/components/navigation.ts:113:11)
            at LogoutButton (/Users/ryan/Library/Mobile Documents/com~apple~CloudDocs/Documents/VSCode/Tax-App-Frontend/src/components/LogoutButton.tsx:54:27)
            at renderWithHooks (/Users/ryan/Library/Mobile Documents/com~apple~CloudDocs/Documents/VSCode/Tax-App-Frontend/node_modules/react-dom/cjs/react-dom.development.js:15486:18)
            at mountIndeterminateComponent (/Users/ryan/Library/Mobile Documents/com~apple~CloudDocs/Documents/VSCode/Tax-App-Frontend/node_modules/react-dom/cjs/react-dom.development.js:20103:13)
            at beginWork (/Users/ryan/Library/Mobile Documents/com~apple~CloudDocs/Documents/VSCode/Tax-App-Frontend/node_modules/react-dom/cjs/react-dom.development.js:21626:16)
            at HTMLUnknownElement.callCallback (/Users/ryan/Library/Mobile Documents/com~apple~CloudDocs/Documents/VSCode/Tax-App-Frontend/node_modules/react-dom/cjs/react-dom.development.js:4164:14)
            at HTMLUnknownElement.callTheUserObjectsOperation (/Users/ryan/Library/Mobile Documents/com~apple~CloudDocs/Documents/VSCode/Tax-App-Frontend/node_modules/jsdom/lib/jsdom/living/generated/EventListener.js:26:30)
            at innerInvokeEventListeners (/Users/ryan/Library/Mobile Documents/com~apple~CloudDocs/Documents/VSCode/Tax-App-Frontend/node_modules/jsdom/lib/jsdom/living/events/EventTarget-impl.js:350:25)
            at invokeEventListeners (/Users/ryan/Library/Mobile Documents/com~apple~CloudDocs/Documents/VSCode/Tax-App-Frontend/node_modules/jsdom/lib/jsdom/living/events/EventTarget-impl.js:286:3)
            at HTMLUnknownElementImpl._dispatch (/Users/ryan/Library/Mobile Documents/com~apple~CloudDocs/Documents/VSCode/Tax-App-Frontend/node_modules/jsdom/lib/jsdom/living/events/EventTarget-impl.js:233:9)
            at HTMLUnknownElementImpl.dispatchEvent (/Users/ryan/Library/Mobile Documents/com~apple~CloudDocs/Documents/VSCode/Tax-App-Frontend/node_modules/jsdom/lib/jsdom/living/events/EventTarget-impl.js:104:17)
            at HTMLUnknownElement.dispatchEvent (/Users/ryan/Library/Mobile Documents/com~apple~CloudDocs/Documents/VSCode/Tax-App-Frontend/node_modules/jsdom/lib/jsdom/living/generated/EventTarget.js:241:34)
            at Object.invokeGuardedCallbackDev (/Users/ryan/Library/Mobile Documents/com~apple~CloudDocs/Documents/VSCode/Tax-App-Frontend/node_modules/react-dom/cjs/react-dom.development.js:4213:16)
            at invokeGuardedCallback (/Users/ryan/Library/Mobile Documents/com~apple~CloudDocs/Documents/VSCode/Tax-App-Frontend/node_modules/react-dom/cjs/react-dom.development.js:4277:31)
            at beginWork$1 (/Users/ryan/Library/Mobile Documents/com~apple~CloudDocs/Documents/VSCode/Tax-App-Frontend/node_modules/react-dom/cjs/react-dom.development.js:27490:7)
            at performUnitOfWork (/Users/ryan/Library/Mobile Documents/com~apple~CloudDocs/Documents/VSCode/Tax-App-Frontend/node_modules/react-dom/cjs/react-dom.development.js:26599:12)
            at workLoopSync (/Users/ryan/Library/Mobile Documents/com~apple~CloudDocs/Documents/VSCode/Tax-App-Frontend/node_modules/react-dom/cjs/react-dom.development.js:26505:5)
            at renderRootSync (/Users/ryan/Library/Mobile Documents/com~apple~CloudDocs/Documents/VSCode/Tax-App-Frontend/node_modules/react-dom/cjs/react-dom.development.js:26473:7)
            at recoverFromConcurrentError (/Users/ryan/Library/Mobile Documents/com~apple~CloudDocs/Documents/VSCode/Tax-App-Frontend/node_modules/react-dom/cjs/react-dom.development.js:25889:20)
            at performConcurrentWorkOnRoot (/Users/ryan/Library/Mobile Documents/com~apple~CloudDocs/Documents/VSCode/Tax-App-Frontend/node_modules/react-dom/cjs/react-dom.development.js:25789:22)
            at flushActQueue (/Users/ryan/Library/Mobile Documents/com~apple~CloudDocs/Documents/VSCode/Tax-App-Frontend/node_modules/react/cjs/react.development.js:2667:24)
            at act (/Users/ryan/Library/Mobile Documents/com~apple~CloudDocs/Documents/VSCode/Tax-App-Frontend/node_modules/react/cjs/react.development.js:2582:11)
            at /Users/ryan/Library/Mobile Documents/com~apple~CloudDocs/Documents/VSCode/Tax-App-Frontend/node_modules/@testing-library/react/dist/act-compat.js:46:25
            at renderRoot (/Users/ryan/Library/Mobile Documents/com~apple~CloudDocs/Documents/VSCode/Tax-App-Frontend/node_modules/@testing-library/react/dist/pure.js:189:26)
            at render (/Users/ryan/Library/Mobile Documents/com~apple~CloudDocs/Documents/VSCode/Tax-App-Frontend/node_modules/@testing-library/react/dist/pure.js:291:10)
            at /Users/ryan/Library/Mobile Documents/com~apple~CloudDocs/Documents/VSCode/Tax-App-Frontend/src/app/dashboard/authentication-flow.property.test.tsx:271:32
            at Property.predicate (/Users/ryan/Library/Mobile Documents/com~apple~CloudDocs/Documents/VSCode/Tax-App-Frontend/node_modules/fast-check/lib/cjs/check/property/Property.js:17:92)
            at Property.run (/Users/ryan/Library/Mobile Documents/com~apple~CloudDocs/Documents/VSCode/Tax-App-Frontend/node_modules/fast-check/lib/cjs/check/property/Property.generic.js:46:33)
            at runIt (/Users/ryan/Library/Mobile Documents/com~apple~CloudDocs/Documents/VSCode/Tax-App-Frontend/node_modules/fast-check/lib/cjs/check/runner/Runner.js:18:30)
            at check (/Users/ryan/Library/Mobile Documents/com~apple~CloudDocs/Documents/VSCode/Tax-App-Frontend/node_modules/fast-check/lib/cjs/check/runner/Runner.js:58:11)
            at Object.assert (/Users/ryan/Library/Mobile Documents/com~apple~CloudDocs/Documents/VSCode/Tax-App-Frontend/node_modules/fast-check/lib/cjs/check/runner/Runner.js:61:17)
            at Object.assert (/Users/ryan/Library/Mobile Documents/com~apple~CloudDocs/Documents/VSCode/Tax-App-Frontend/src/app/dashboard/authentication-flow.property.test.tsx:264:8)
            at Promise.finally.completed (/Users/ryan/Library/Mobile Documents/com~apple~CloudDocs/Documents/VSCode/Tax-App-Frontend/node_modules/jest-circus/build/jestAdapterInit.js:1557:28)
            at new Promise (<anonymous>)
            at callAsyncCircusFn (/Users/ryan/Library/Mobile Documents/com~apple~CloudDocs/Documents/VSCode/Tax-App-Frontend/node_modules/jest-circus/build/jestAdapterInit.js:1497:10)
            at _callCircusTest (/Users/ryan/Library/Mobile Documents/com~apple~CloudDocs/Documents/VSCode/Tax-App-Frontend/node_modules/jest-circus/build/jestAdapterInit.js:1007:40)
            at processTicksAndRejections (node:internal/process/task_queues:95:5)
            at _runTest (/Users/ryan/Library/Mobile Documents/com~apple~CloudDocs/Documents/VSCode/Tax-App-Frontend/node_modules/jest-circus/build/jestAdapterInit.js:947:3)
            at /Users/ryan/Library/Mobile Documents/com~apple~CloudDocs/Documents/VSCode/Tax-App-Frontend/node_modules/jest-circus/build/jestAdapterInit.js:849:7
            at _runTestsForDescribeBlock (/Users/ryan/Library/Mobile Documents/com~apple~CloudDocs/Documents/VSCode/Tax-App-Frontend/node_modules/jest-circus/build/jestAdapterInit.js:862:11)
            at _runTestsForDescribeBlock (/Users/ryan/Library/Mobile Documents/com~apple~CloudDocs/Documents/VSCode/Tax-App-Frontend/node_modules/jest-circus/build/jestAdapterInit.js:857:11)
            at run (/Users/ryan/Library/Mobile Documents/com~apple~CloudDocs/Documents/VSCode/Tax-App-Frontend/node_modules/jest-circus/build/jestAdapterInit.js:761:3)
            at runAndTransformResultsToJestFormat (/Users/ryan/Library/Mobile Documents/com~apple~CloudDocs/Documents/VSCode/Tax-App-Frontend/node_modules/jest-circus/build/jestAdapterInit.js:1918:21)
            at jestAdapter (/Users/ryan/Library/Mobile Documents/com~apple~CloudDocs/Documents/VSCode/Tax-App-Frontend/node_modules/jest-circus/build/runner.js:101:19)
            at runTestInternal (/Users/ryan/Library/Mobile Documents/com~apple~CloudDocs/Documents/VSCode/Tax-App-Frontend/node_modules/jest-runner/build/testWorker.js:275:16)
            at runTest (/Users/ryan/Library/Mobile Documents/com~apple~CloudDocs/Documents/VSCode/Tax-App-Frontend/node_modules/jest-runner/build/testWorker.js:343:7)
            at Object.worker (/Users/ryan/Library/Mobile Documents/com~apple~CloudDocs/Documents/VSCode/Tax-App-Frontend/node_modules/jest-runner/build/testWorker.js:497:12),
        type: 'unhandled exception'
      }

      269 |
      270 |         try {
    > 271 |           const result = render(<DashboardClient />);
          |                                ^
      272 |           unmount = result.unmount;
      273 |
      274 |           // Verify basic rendering succeeded

      at VirtualConsole.<anonymous> (node_modules/@jest/environment-jsdom-abstract/build/index.js:87:23)
      at reportException (node_modules/jsdom/lib/jsdom/living/helpers/runtime-script-errors.js:70:28)
      at innerInvokeEventListeners (node_modules/jsdom/lib/jsdom/living/events/EventTarget-impl.js:353:9)
      at invokeEventListeners (node_modules/jsdom/lib/jsdom/living/events/EventTarget-impl.js:286:3)
      at HTMLUnknownElementImpl._dispatch (node_modules/jsdom/lib/jsdom/living/events/EventTarget-impl.js:233:9)
      at HTMLUnknownElementImpl.dispatchEvent (node_modules/jsdom/lib/jsdom/living/events/EventTarget-impl.js:104:17)
      at HTMLUnknownElement.dispatchEvent (node_modules/jsdom/lib/jsdom/living/generated/EventTarget.js:241:34)
      at Object.invokeGuardedCallbackDev (node_modules/react-dom/cjs/react-dom.development.js:4213:16)
      at invokeGuardedCallback (node_modules/react-dom/cjs/react-dom.development.js:4277:31)
      at beginWork$1 (node_modules/react-dom/cjs/react-dom.development.js:27490:7)
      at performUnitOfWork (node_modules/react-dom/cjs/react-dom.development.js:26599:12)
      at workLoopSync (node_modules/react-dom/cjs/react-dom.development.js:26505:5)
      at renderRootSync (node_modules/react-dom/cjs/react-dom.development.js:26473:7)
      at recoverFromConcurrentError (node_modules/react-dom/cjs/react-dom.development.js:25889:20)
      at performConcurrentWorkOnRoot (node_modules/react-dom/cjs/react-dom.development.js:25789:22)
      at flushActQueue (node_modules/react/cjs/react.development.js:2667:24)
      at act (node_modules/react/cjs/react.development.js:2582:11)
      at node_modules/@testing-library/react/dist/act-compat.js:46:25
      at renderRoot (node_modules/@testing-library/react/dist/pure.js:189:26)
      at render (node_modules/@testing-library/react/dist/pure.js:291:10)
      at src/app/dashboard/authentication-flow.property.test.tsx:271:32
      at Property.predicate (node_modules/fast-check/lib/cjs/check/property/Property.js:17:92)
      at Property.run (node_modules/fast-check/lib/cjs/check/property/Property.generic.js:46:33)
      at runIt (node_modules/fast-check/lib/cjs/check/runner/Runner.js:18:30)
      at check (node_modules/fast-check/lib/cjs/check/runner/Runner.js:58:11)
      at Object.assert (node_modules/fast-check/lib/cjs/check/runner/Runner.js:61:17)
      at Object.assert (src/app/dashboard/authentication-flow.property.test.tsx:264:8)

    console.error
      The above error occurred in the <LogoutButton> component:
      
          at className (/Users/ryan/Library/Mobile Documents/com~apple~CloudDocs/Documents/VSCode/Tax-App-Frontend/src/components/LogoutButton.tsx:53:32)
          at div
          at div
          at children (/Users/ryan/Library/Mobile Documents/com~apple~CloudDocs/Documents/VSCode/Tax-App-Frontend/src/app/dashboard/authentication-flow.property.test.tsx:37:18)
          at div
          at children (/Users/ryan/Library/Mobile Documents/com~apple~CloudDocs/Documents/VSCode/Tax-App-Frontend/src/app/dashboard/authentication-flow.property.test.tsx:32:12)
          at div
          at div
          at div
          at children (/Users/ryan/Library/Mobile Documents/com~apple~CloudDocs/Documents/VSCode/Tax-App-Frontend/src/app/dashboard/authentication-flow.property.test.tsx:27:21)
          at DashboardClient
      
      Consider adding an error boundary to your tree to customize error handling behavior.
      Visit https://reactjs.org/link/error-boundaries to learn more about error boundaries.

      269 |
      270 |         try {
    > 271 |           const result = render(<DashboardClient />);
          |                                ^
      272 |           unmount = result.unmount;
      273 |
      274 |           // Verify basic rendering succeeded

      at logCapturedError (node_modules/react-dom/cjs/react-dom.development.js:18704:23)
      at update.callback (node_modules/react-dom/cjs/react-dom.development.js:18737:5)
      at callCallback (node_modules/react-dom/cjs/react-dom.development.js:15036:12)
      at commitUpdateQueue (node_modules/react-dom/cjs/react-dom.development.js:15057:9)
      at commitLayoutEffectOnFiber (node_modules/react-dom/cjs/react-dom.development.js:23430:13)
      at commitLayoutMountEffects_complete (node_modules/react-dom/cjs/react-dom.development.js:24727:9)
      at commitLayoutEffects_begin (node_modules/react-dom/cjs/react-dom.development.js:24713:7)
      at commitLayoutEffects (node_modules/react-dom/cjs/react-dom.development.js:24651:3)
      at commitRootImpl (node_modules/react-dom/cjs/react-dom.development.js:26862:5)
      at commitRoot (node_modules/react-dom/cjs/react-dom.development.js:26721:5)
      at finishConcurrentRender (node_modules/react-dom/cjs/react-dom.development.js:25931:9)
      at performConcurrentWorkOnRoot (node_modules/react-dom/cjs/react-dom.development.js:25848:7)
      at flushActQueue (node_modules/react/cjs/react.development.js:2667:24)
      at act (node_modules/react/cjs/react.development.js:2582:11)
      at node_modules/@testing-library/react/dist/act-compat.js:46:25
      at renderRoot (node_modules/@testing-library/react/dist/pure.js:189:26)
      at render (node_modules/@testing-library/react/dist/pure.js:291:10)
      at src/app/dashboard/authentication-flow.property.test.tsx:271:32
      at Property.predicate (node_modules/fast-check/lib/cjs/check/property/Property.js:17:92)
      at Property.run (node_modules/fast-check/lib/cjs/check/property/Property.generic.js:46:33)
      at runIt (node_modules/fast-check/lib/cjs/check/runner/Runner.js:18:30)
      at check (node_modules/fast-check/lib/cjs/check/runner/Runner.js:58:11)
      at Object.assert (node_modules/fast-check/lib/cjs/check/runner/Runner.js:61:17)
      at Object.assert (src/app/dashboard/authentication-flow.property.test.tsx:264:8)

  ● Property-Based Tests: Dashboard Authentication Flow › Property 1: Authenticated Users See Form Selector

    Property failed after 1 tests
    { seed: -2024724501, path: "0", endOnFailure: true }
    Counterexample: [{"userId":"8e35--jdq8","email":"ype2qall2oty@domain.org","createdAt":1770192292058,"expiresAt":1771047046000}]
    Shrunk 0 time(s)

    Hint: Enable verbose mode in order to have the list of all failing values encountered during the run

       96 |    */
       97 |   test('Property 1: Authenticated Users See Form Selector', () => {
    >  98 |     fc.assert(
          |        ^
       99 |       fc.property(sessionDataArbitrary, (sessionData) => {
      100 |         // Render the DashboardClient component
      101 |         // Note: The server component (page.tsx) would have already verified

      at buildError (node_modules/fast-check/lib/cjs/check/runner/utils/RunDetailsFormatter.js:162:19)
      at throwIfFailed (node_modules/fast-check/lib/cjs/check/runner/utils/RunDetailsFormatter.js:171:11)
      at reportRunDetails (node_modules/fast-check/lib/cjs/check/runner/utils/RunDetailsFormatter.js:184:16)
      at Object.assert (node_modules/fast-check/lib/cjs/check/runner/Runner.js:65:55)
      at Object.assert (src/app/dashboard/authentication-flow.property.test.tsx:98:8)

    Cause:
    invariant expected app router to be mounted

      52 |  */
      53 | export function LogoutButton({ className }: LogoutButtonProps): JSX.Element {
    > 54 |   const router = useRouter();
         |                           ^
      55 |   
      56 |   /**
      57 |    * Handle logout process

      at useRouter (node_modules/next/src/client/components/navigation.ts:113:11)
      at LogoutButton (src/components/LogoutButton.tsx:54:27)
      at renderWithHooks (node_modules/react-dom/cjs/react-dom.development.js:15486:18)
      at mountIndeterminateComponent (node_modules/react-dom/cjs/react-dom.development.js:20103:13)
      at beginWork (node_modules/react-dom/cjs/react-dom.development.js:21626:16)
      at beginWork$1 (node_modules/react-dom/cjs/react-dom.development.js:27465:14)
      at performUnitOfWork (node_modules/react-dom/cjs/react-dom.development.js:26599:12)
      at workLoopSync (node_modules/react-dom/cjs/react-dom.development.js:26505:5)
      at renderRootSync (node_modules/react-dom/cjs/react-dom.development.js:26473:7)
      at recoverFromConcurrentError (node_modules/react-dom/cjs/react-dom.development.js:25889:20)
      at performConcurrentWorkOnRoot (node_modules/react-dom/cjs/react-dom.development.js:25789:22)
      at flushActQueue (node_modules/react/cjs/react.development.js:2667:24)
      at act (node_modules/react/cjs/react.development.js:2582:11)
      at node_modules/@testing-library/react/dist/act-compat.js:46:25
      at renderRoot (node_modules/@testing-library/react/dist/pure.js:189:26)
      at render (node_modules/@testing-library/react/dist/pure.js:291:10)
      at src/app/dashboard/authentication-flow.property.test.tsx:103:35
      at Property.predicate (node_modules/fast-check/lib/cjs/check/property/Property.js:17:92)
      at Property.run (node_modules/fast-check/lib/cjs/check/property/Property.generic.js:46:33)
      at runIt (node_modules/fast-check/lib/cjs/check/runner/Runner.js:18:30)
      at check (node_modules/fast-check/lib/cjs/check/runner/Runner.js:58:11)
      at Object.assert (node_modules/fast-check/lib/cjs/check/runner/Runner.js:61:17)
      at Object.assert (src/app/dashboard/authentication-flow.property.test.tsx:98:8)

  ● Property-Based Tests: Dashboard Authentication Flow › Property: Dashboard displays consistent UI structure for all sessions

    Property failed after 1 tests
    { seed: 440517857, path: "0", endOnFailure: true }
    Counterexample: [{"userId":"8510t-i-8wkq","email":"sa8tcs8js25c@example.com","createdAt":1770579429081,"expiresAt":1771054547274}]
    Shrunk 0 time(s)

    Hint: Enable verbose mode in order to have the list of all failing values encountered during the run

      146 |    */
      147 |   test('Property: Dashboard displays consistent UI structure for all sessions', () => {
    > 148 |     fc.assert(
          |        ^
      149 |       fc.property(sessionDataArbitrary, (sessionData) => {
      150 |         const { unmount } = render(<DashboardClient />);
      151 |

      at buildError (node_modules/fast-check/lib/cjs/check/runner/utils/RunDetailsFormatter.js:162:19)
      at throwIfFailed (node_modules/fast-check/lib/cjs/check/runner/utils/RunDetailsFormatter.js:171:11)
      at reportRunDetails (node_modules/fast-check/lib/cjs/check/runner/utils/RunDetailsFormatter.js:184:16)
      at Object.assert (node_modules/fast-check/lib/cjs/check/runner/Runner.js:65:55)
      at Object.assert (src/app/dashboard/authentication-flow.property.test.tsx:148:8)

    Cause:
    invariant expected app router to be mounted

      52 |  */
      53 | export function LogoutButton({ className }: LogoutButtonProps): JSX.Element {
    > 54 |   const router = useRouter();
         |                           ^
      55 |   
      56 |   /**
      57 |    * Handle logout process

      at useRouter (node_modules/next/src/client/components/navigation.ts:113:11)
      at LogoutButton (src/components/LogoutButton.tsx:54:27)
      at renderWithHooks (node_modules/react-dom/cjs/react-dom.development.js:15486:18)
      at mountIndeterminateComponent (node_modules/react-dom/cjs/react-dom.development.js:20103:13)
      at beginWork (node_modules/react-dom/cjs/react-dom.development.js:21626:16)
      at beginWork$1 (node_modules/react-dom/cjs/react-dom.development.js:27465:14)
      at performUnitOfWork (node_modules/react-dom/cjs/react-dom.development.js:26599:12)
      at workLoopSync (node_modules/react-dom/cjs/react-dom.development.js:26505:5)
      at renderRootSync (node_modules/react-dom/cjs/react-dom.development.js:26473:7)
      at recoverFromConcurrentError (node_modules/react-dom/cjs/react-dom.development.js:25889:20)
      at performConcurrentWorkOnRoot (node_modules/react-dom/cjs/react-dom.development.js:25789:22)
      at flushActQueue (node_modules/react/cjs/react.development.js:2667:24)
      at act (node_modules/react/cjs/react.development.js:2582:11)
      at node_modules/@testing-library/react/dist/act-compat.js:46:25
      at renderRoot (node_modules/@testing-library/react/dist/pure.js:189:26)
      at render (node_modules/@testing-library/react/dist/pure.js:291:10)
      at src/app/dashboard/authentication-flow.property.test.tsx:150:35
      at Property.predicate (node_modules/fast-check/lib/cjs/check/property/Property.js:17:92)
      at Property.run (node_modules/fast-check/lib/cjs/check/property/Property.generic.js:46:33)
      at runIt (node_modules/fast-check/lib/cjs/check/runner/Runner.js:18:30)
      at check (node_modules/fast-check/lib/cjs/check/runner/Runner.js:58:11)
      at Object.assert (node_modules/fast-check/lib/cjs/check/runner/Runner.js:61:17)
      at Object.assert (src/app/dashboard/authentication-flow.property.test.tsx:148:8)

  ● Property-Based Tests: Dashboard Authentication Flow › Property: Form selector is always accessible within dashboard

    Property failed after 1 tests
    { seed: 1215792021, path: "0", endOnFailure: true }
    Counterexample: [{__proto__:null,"userId":"y--3-tsg7","email":"ns@mail.com","createdAt":1770171004838,"expiresAt":1771061882919}]
    Shrunk 0 time(s)

    Hint: Enable verbose mode in order to have the list of all failing values encountered during the run

      184 |    */
      185 |   test('Property: Form selector is always accessible within dashboard', () => {
    > 186 |     fc.assert(
          |        ^
      187 |       fc.property(sessionDataArbitrary, (sessionData) => {
      188 |         const { unmount } = render(<DashboardClient />);
      189 |

      at buildError (node_modules/fast-check/lib/cjs/check/runner/utils/RunDetailsFormatter.js:162:19)
      at throwIfFailed (node_modules/fast-check/lib/cjs/check/runner/utils/RunDetailsFormatter.js:171:11)
      at reportRunDetails (node_modules/fast-check/lib/cjs/check/runner/utils/RunDetailsFormatter.js:184:16)
      at Object.assert (node_modules/fast-check/lib/cjs/check/runner/Runner.js:65:55)
      at Object.assert (src/app/dashboard/authentication-flow.property.test.tsx:186:8)

    Cause:
    invariant expected app router to be mounted

      52 |  */
      53 | export function LogoutButton({ className }: LogoutButtonProps): JSX.Element {
    > 54 |   const router = useRouter();
         |                           ^
      55 |   
      56 |   /**
      57 |    * Handle logout process

      at useRouter (node_modules/next/src/client/components/navigation.ts:113:11)
      at LogoutButton (src/components/LogoutButton.tsx:54:27)
      at renderWithHooks (node_modules/react-dom/cjs/react-dom.development.js:15486:18)
      at mountIndeterminateComponent (node_modules/react-dom/cjs/react-dom.development.js:20103:13)
      at beginWork (node_modules/react-dom/cjs/react-dom.development.js:21626:16)
      at beginWork$1 (node_modules/react-dom/cjs/react-dom.development.js:27465:14)
      at performUnitOfWork (node_modules/react-dom/cjs/react-dom.development.js:26599:12)
      at workLoopSync (node_modules/react-dom/cjs/react-dom.development.js:26505:5)
      at renderRootSync (node_modules/react-dom/cjs/react-dom.development.js:26473:7)
      at recoverFromConcurrentError (node_modules/react-dom/cjs/react-dom.development.js:25889:20)
      at performConcurrentWorkOnRoot (node_modules/react-dom/cjs/react-dom.development.js:25789:22)
      at flushActQueue (node_modules/react/cjs/react.development.js:2667:24)
      at act (node_modules/react/cjs/react.development.js:2582:11)
      at node_modules/@testing-library/react/dist/act-compat.js:46:25
      at renderRoot (node_modules/@testing-library/react/dist/pure.js:189:26)
      at render (node_modules/@testing-library/react/dist/pure.js:291:10)
      at src/app/dashboard/authentication-flow.property.test.tsx:188:35
      at Property.predicate (node_modules/fast-check/lib/cjs/check/property/Property.js:17:92)
      at Property.run (node_modules/fast-check/lib/cjs/check/property/Property.generic.js:46:33)
      at runIt (node_modules/fast-check/lib/cjs/check/runner/Runner.js:18:30)
      at check (node_modules/fast-check/lib/cjs/check/runner/Runner.js:58:11)
      at Object.assert (node_modules/fast-check/lib/cjs/check/runner/Runner.js:61:17)
      at Object.assert (src/app/dashboard/authentication-flow.property.test.tsx:186:8)

  ● Property-Based Tests: Dashboard Authentication Flow › Property: Dashboard title and description are always present

    Property failed after 1 tests
    { seed: -1567031856, path: "0", endOnFailure: true }
    Counterexample: [{"userId":"-y","email":"length@email.com","createdAt":1770099959442,"expiresAt":1770788036353}]
    Shrunk 0 time(s)

    Hint: Enable verbose mode in order to have the list of all failing values encountered during the run

      223 |    */
      224 |   test('Property: Dashboard title and description are always present', () => {
    > 225 |     fc.assert(
          |        ^
      226 |       fc.property(sessionDataArbitrary, (sessionData) => {
      227 |         const { unmount } = render(<DashboardClient />);
      228 |

      at buildError (node_modules/fast-check/lib/cjs/check/runner/utils/RunDetailsFormatter.js:162:19)
      at throwIfFailed (node_modules/fast-check/lib/cjs/check/runner/utils/RunDetailsFormatter.js:171:11)
      at reportRunDetails (node_modules/fast-check/lib/cjs/check/runner/utils/RunDetailsFormatter.js:184:16)
      at Object.assert (node_modules/fast-check/lib/cjs/check/runner/Runner.js:65:55)
      at Object.assert (src/app/dashboard/authentication-flow.property.test.tsx:225:8)

    Cause:
    invariant expected app router to be mounted

      52 |  */
      53 | export function LogoutButton({ className }: LogoutButtonProps): JSX.Element {
    > 54 |   const router = useRouter();
         |                           ^
      55 |   
      56 |   /**
      57 |    * Handle logout process

      at useRouter (node_modules/next/src/client/components/navigation.ts:113:11)
      at LogoutButton (src/components/LogoutButton.tsx:54:27)
      at renderWithHooks (node_modules/react-dom/cjs/react-dom.development.js:15486:18)
      at mountIndeterminateComponent (node_modules/react-dom/cjs/react-dom.development.js:20103:13)
      at beginWork (node_modules/react-dom/cjs/react-dom.development.js:21626:16)
      at beginWork$1 (node_modules/react-dom/cjs/react-dom.development.js:27465:14)
      at performUnitOfWork (node_modules/react-dom/cjs/react-dom.development.js:26599:12)
      at workLoopSync (node_modules/react-dom/cjs/react-dom.development.js:26505:5)
      at renderRootSync (node_modules/react-dom/cjs/react-dom.development.js:26473:7)
      at recoverFromConcurrentError (node_modules/react-dom/cjs/react-dom.development.js:25889:20)
      at performConcurrentWorkOnRoot (node_modules/react-dom/cjs/react-dom.development.js:25789:22)
      at flushActQueue (node_modules/react/cjs/react.development.js:2667:24)
      at act (node_modules/react/cjs/react.development.js:2582:11)
      at node_modules/@testing-library/react/dist/act-compat.js:46:25
      at renderRoot (node_modules/@testing-library/react/dist/pure.js:189:26)
      at render (node_modules/@testing-library/react/dist/pure.js:291:10)
      at src/app/dashboard/authentication-flow.property.test.tsx:227:35
      at Property.predicate (node_modules/fast-check/lib/cjs/check/property/Property.js:17:92)
      at Property.run (node_modules/fast-check/lib/cjs/check/property/Property.generic.js:46:33)
      at runIt (node_modules/fast-check/lib/cjs/check/runner/Runner.js:18:30)
      at check (node_modules/fast-check/lib/cjs/check/runner/Runner.js:58:11)
      at Object.assert (node_modules/fast-check/lib/cjs/check/runner/Runner.js:61:17)
      at Object.assert (src/app/dashboard/authentication-flow.property.test.tsx:225:8)

  ● Property-Based Tests: Dashboard Authentication Flow › Property: Dashboard renders without errors for any valid session

    Property failed after 1 tests
    { seed: -281660906, path: "0", endOnFailure: true }
    Counterexample: [{"userId":"g","email":"kv77@domain.org","createdAt":1770284611449,"expiresAt":1770579430122}]
    Shrunk 0 time(s)

    Hint: Enable verbose mode in order to have the list of all failing values encountered during the run

      262 |    */
      263 |   test('Property: Dashboard renders without errors for any valid session', () => {
    > 264 |     fc.assert(
          |        ^
      265 |       fc.property(sessionDataArbitrary, (sessionData) => {
      266 |         // This test verifies that rendering doesn't throw
      267 |         let renderError: Error | null = null;

      at buildError (node_modules/fast-check/lib/cjs/check/runner/utils/RunDetailsFormatter.js:162:19)
      at throwIfFailed (node_modules/fast-check/lib/cjs/check/runner/utils/RunDetailsFormatter.js:171:11)
      at reportRunDetails (node_modules/fast-check/lib/cjs/check/runner/utils/RunDetailsFormatter.js:184:16)
      at Object.assert (node_modules/fast-check/lib/cjs/check/runner/Runner.js:65:55)
      at Object.assert (src/app/dashboard/authentication-flow.property.test.tsx:264:8)

    Cause:
    expect(received).toBeNull()

    Received: [Error: invariant expected app router to be mounted]

      283 |
      284 |         // Assert no errors occurred
    > 285 |         expect(renderError).toBeNull();
          |                             ^
      286 |       }),
      287 |       {
      288 |         numRuns: 100,

      at toBeNull (src/app/dashboard/authentication-flow.property.test.tsx:285:29)
      at Property.predicate (node_modules/fast-check/lib/cjs/check/property/Property.js:17:92)
      at Property.run (node_modules/fast-check/lib/cjs/check/property/Property.generic.js:46:33)
      at runIt (node_modules/fast-check/lib/cjs/check/runner/Runner.js:18:30)
      at check (node_modules/fast-check/lib/cjs/check/runner/Runner.js:58:11)
      at Object.assert (node_modules/fast-check/lib/cjs/check/runner/Runner.js:61:17)
      at Object.assert (src/app/dashboard/authentication-flow.property.test.tsx:264:8)

FAIL src/app/dashboard/logout-login-roundtrip.property.test.tsx
  ● Console

    console.log
      [Button] Rendering with type: button

      at log (src/components/ui/Button.tsx:25:13)

    console.log
      [Button] Props received: {
        variant: 'outline',
        size: 'md',
        type: 'button',
        loading: false,
        disabled: undefined
      }

      at log (src/components/ui/Button.tsx:26:13)

    console.log
      [Button] Has onClick in props: true

      at log (src/components/ui/Button.tsx:27:13)

    console.log
      [Button] All props: {
        onClick: [Function: handleLogout],
        'aria-label': 'Log out of your account'
      }

      at log (src/components/ui/Button.tsx:28:13)

    console.log
      [TokenManager] clearToken attempt {
        storageKey: 'jwt_token',
        reason: undefined,
        source: undefined,
        traceId: undefined,
        timestamp: '2026-02-08T19:37:09.841Z'
      }

      at log (src/lib/api/tokenManager.ts:413:11)

    console.log
      [TokenManager] No token to clear { storageKey: 'jwt_token', traceId: undefined }

      at log (src/lib/api/tokenManager.ts:434:17)

    console.log
      [Button] Rendering with type: button

      at log (src/components/ui/Button.tsx:25:13)

    console.log
      [Button] Props received: {
        variant: 'outline',
        size: 'md',
        type: 'button',
        loading: false,
        disabled: undefined
      }

      at log (src/components/ui/Button.tsx:26:13)

    console.log
      [Button] Has onClick in props: true

      at log (src/components/ui/Button.tsx:27:13)

    console.log
      [Button] All props: {
        onClick: [Function: handleLogout],
        'aria-label': 'Log out of your account'
      }

      at log (src/components/ui/Button.tsx:28:13)

    console.log
      [TokenManager] clearToken attempt {
        storageKey: 'jwt_token',
        reason: undefined,
        source: undefined,
        traceId: undefined,
        timestamp: '2026-02-08T19:37:10.069Z'
      }

      at log (src/lib/api/tokenManager.ts:413:11)

    console.log
      [TokenManager] No token to clear { storageKey: 'jwt_token', traceId: undefined }

      at log (src/lib/api/tokenManager.ts:434:17)

    console.log
      [Button] Rendering with type: button

      at log (src/components/ui/Button.tsx:25:13)

    console.log
      [Button] Props received: {
        variant: 'outline',
        size: 'md',
        type: 'button',
        loading: false,
        disabled: undefined
      }

      at log (src/components/ui/Button.tsx:26:13)

    console.log
      [Button] Has onClick in props: true

      at log (src/components/ui/Button.tsx:27:13)

    console.log
      [Button] All props: {
        onClick: [Function: handleLogout],
        'aria-label': 'Log out of your account'
      }

      at log (src/components/ui/Button.tsx:28:13)

    console.log
      [TokenManager] clearToken attempt {
        storageKey: 'jwt_token',
        reason: undefined,
        source: undefined,
        traceId: undefined,
        timestamp: '2026-02-08T19:37:10.178Z'
      }

      at log (src/lib/api/tokenManager.ts:413:11)

    console.log
      [TokenManager] No token to clear { storageKey: 'jwt_token', traceId: undefined }

      at log (src/lib/api/tokenManager.ts:434:17)

    console.log
      [Button] Rendering with type: button

      at log (src/components/ui/Button.tsx:25:13)

    console.log
      [Button] Props received: {
        variant: 'outline',
        size: 'md',
        type: 'button',
        loading: false,
        disabled: undefined
      }

      at log (src/components/ui/Button.tsx:26:13)

    console.log
      [Button] Has onClick in props: true

      at log (src/components/ui/Button.tsx:27:13)

    console.log
      [Button] All props: {
        onClick: [Function: handleLogout],
        'aria-label': 'Log out of your account'
      }

      at log (src/components/ui/Button.tsx:28:13)

    console.log
      [TokenManager] clearToken attempt {
        storageKey: 'jwt_token',
        reason: undefined,
        source: undefined,
        traceId: undefined,
        timestamp: '2026-02-08T19:37:10.255Z'
      }

      at log (src/lib/api/tokenManager.ts:413:11)

    console.log
      [TokenManager] No token to clear { storageKey: 'jwt_token', traceId: undefined }

      at log (src/lib/api/tokenManager.ts:434:17)

    console.log
      [Button] Rendering with type: button

      at log (src/components/ui/Button.tsx:25:13)

    console.log
      [Button] Props received: {
        variant: 'outline',
        size: 'md',
        type: 'button',
        loading: false,
        disabled: undefined
      }

      at log (src/components/ui/Button.tsx:26:13)

    console.log
      [Button] Has onClick in props: true

      at log (src/components/ui/Button.tsx:27:13)

    console.log
      [Button] All props: {
        onClick: [Function: handleLogout],
        'aria-label': 'Log out of your account'
      }

      at log (src/components/ui/Button.tsx:28:13)

    console.log
      [TokenManager] clearToken attempt {
        storageKey: 'jwt_token',
        reason: undefined,
        source: undefined,
        traceId: undefined,
        timestamp: '2026-02-08T19:37:10.382Z'
      }

      at log (src/lib/api/tokenManager.ts:413:11)

    console.log
      [TokenManager] No token to clear { storageKey: 'jwt_token', traceId: undefined }

      at log (src/lib/api/tokenManager.ts:434:17)

  ● Property-Based Test: Logout-Login Round Trip › Property 2: Logout-Login Round Trip

    Property failed after 1 tests
    { seed: -1556802819, path: "0", endOnFailure: true }
    Counterexample: [{__proto__:null,"userId":"4658eb---6","email":"10bx0e2bto3e@example.com","createdAt":1770579429260,"expiresAt":1770635868944}]
    Shrunk 0 time(s)

    Hint: Enable verbose mode in order to have the list of all failing values encountered during the run

      at buildError (node_modules/fast-check/lib/cjs/check/runner/utils/RunDetailsFormatter.js:162:19)
      at asyncThrowIfFailed (node_modules/fast-check/lib/cjs/check/runner/utils/RunDetailsFormatter.js:176:11)

    Cause:
    expect(received).toBe(expected) // Object.is equality

    Expected: true
    Received: false

      198 |
      199 |           // STEP 5: Verify redirect to login page (Requirements 3.5, 7.5)
    > 200 |           expect(redirectCalled).toBe(true);
          |                                  ^
      201 |           expect(redirectUrl).toBe('/login');
      202 |           expect(mockRedirect).toHaveBeenCalledWith('/login');
      203 |

      at toBe (src/app/dashboard/logout-login-roundtrip.property.test.tsx:200:34)
      at AsyncProperty.run (node_modules/fast-check/lib/cjs/check/property/AsyncProperty.generic.js:46:28)

  ● Property-Based Test: Logout-Login Round Trip › Property: Logout clears authentication for all user types

    Property failed after 1 tests
    { seed: 1536033597, path: "0", endOnFailure: true }
    Counterexample: ["858","name@mail.com","new"]
    Shrunk 0 time(s)

    Hint: Enable verbose mode in order to have the list of all failing values encountered during the run

      at buildError (node_modules/fast-check/lib/cjs/check/runner/utils/RunDetailsFormatter.js:162:19)
      at asyncThrowIfFailed (node_modules/fast-check/lib/cjs/check/runner/utils/RunDetailsFormatter.js:176:11)

    Cause:
    expect(received).toBe(expected) // Object.is equality

    Expected: true
    Received: false

      304 |
      305 |           // Verify redirect to login
    > 306 |           expect(redirectCalled).toBe(true);
          |                                  ^
      307 |           expect(mockRedirect).toHaveBeenCalledWith('/login');
      308 |         }
      309 |       ),

      at toBe (src/app/dashboard/logout-login-roundtrip.property.test.tsx:306:34)
      at AsyncProperty.run (node_modules/fast-check/lib/cjs/check/property/AsyncProperty.generic.js:46:28)

  ● Property-Based Test: Logout-Login Round Trip › Property: Multiple logout attempts maintain unauthenticated state

    Property failed after 1 tests
    { seed: -1099795406, path: "0", endOnFailure: true }
    Counterexample: [{"userId":"py3-","email":"a8@mail.com","createdAt":1770177368878,"expiresAt":1771184229277}]
    Shrunk 0 time(s)

    Hint: Enable verbose mode in order to have the list of all failing values encountered during the run

      at buildError (node_modules/fast-check/lib/cjs/check/runner/utils/RunDetailsFormatter.js:162:19)
      at asyncThrowIfFailed (node_modules/fast-check/lib/cjs/check/runner/utils/RunDetailsFormatter.js:176:11)

    Cause:
    expect(received).toBe(expected) // Object.is equality

    Expected: 3
    Received: 0

      373 |
      374 |           // All attempts should redirect
    > 375 |           expect(redirectCount).toBe(3);
          |                                 ^
      376 |           expect(mockRedirect).toHaveBeenCalledTimes(3);
      377 |           
      378 |           // Verify all redirects went to login

      at toBe (src/app/dashboard/logout-login-roundtrip.property.test.tsx:375:33)
      at AsyncProperty.run (node_modules/fast-check/lib/cjs/check/property/AsyncProperty.generic.js:46:28)

  ● Property-Based Test: Logout-Login Round Trip › Property: Logout-login-logout cycle works correctly

    Property failed after 1 tests
    { seed: 501979353, path: "0", endOnFailure: true }
    Counterexample: [{__proto__:null,"userId":"wotkey-rg","email":"xwca@example.com","createdAt":1770579429264,"expiresAt":1770990328880}]
    Shrunk 0 time(s)

    Hint: Enable verbose mode in order to have the list of all failing values encountered during the run

      at buildError (node_modules/fast-check/lib/cjs/check/runner/utils/RunDetailsFormatter.js:162:19)
      at asyncThrowIfFailed (node_modules/fast-check/lib/cjs/check/runner/utils/RunDetailsFormatter.js:176:11)

    Cause:
    expect(received).toBe(expected) // Object.is equality

    Expected: true
    Received: false

      440 |             }
      441 |           }
    > 442 |           expect(redirect1Called).toBe(true);
          |                                   ^
      443 |
      444 |           // CYCLE 2: User logs in again (simulate re-authentication)
      445 |           mockGetSession.mockResolvedValue(sessionData);

      at toBe (src/app/dashboard/logout-login-roundtrip.property.test.tsx:442:35)
      at AsyncProperty.run (node_modules/fast-check/lib/cjs/check/property/AsyncProperty.generic.js:46:28)

  ● Property-Based Test: Logout-Login Round Trip › Property: Dashboard never renders for logged-out users

    Property failed after 1 tests
    { seed: -353295506, path: "0", endOnFailure: true }
    Counterexample: [{__proto__:null,"userId":"bind","email":"s8d22hb8s@email.com","createdAt":1770467016997,"expiresAt":1770582224527}]
    Shrunk 0 time(s)

    Hint: Enable verbose mode in order to have the list of all failing values encountered during the run

      at buildError (node_modules/fast-check/lib/cjs/check/runner/utils/RunDetailsFormatter.js:162:19)
      at asyncThrowIfFailed (node_modules/fast-check/lib/cjs/check/runner/utils/RunDetailsFormatter.js:176:11)

    Cause:
    expect(received).toBe(expected) // Object.is equality

    Expected: true
    Received: false

      544 |           // Dashboard should never render for logged-out users
      545 |           expect(dashboardRendered).toBe(false);
    > 546 |           expect(redirectCalled).toBe(true);
          |                                  ^
      547 |           expect(mockRedirect).toHaveBeenCalledWith('/login');
      548 |         }
      549 |       ),

      at toBe (src/app/dashboard/logout-login-roundtrip.property.test.tsx:546:34)
      at AsyncProperty.run (node_modules/fast-check/lib/cjs/check/property/AsyncProperty.generic.js:46:28)

FAIL src/app/forms/1099-div/Form1099Div.error-scenarios.integration.test.tsx
  ● Console

    console.error
      Error: Uncaught [TypeError: (0 , _navigation.usePathname) is not a function]
          at reportException (/Users/ryan/Library/Mobile Documents/com~apple~CloudDocs/Documents/VSCode/Tax-App-Frontend/node_modules/jsdom/lib/jsdom/living/helpers/runtime-script-errors.js:66:24)
          at innerInvokeEventListeners (/Users/ryan/Library/Mobile Documents/com~apple~CloudDocs/Documents/VSCode/Tax-App-Frontend/node_modules/jsdom/lib/jsdom/living/events/EventTarget-impl.js:353:9)
          at invokeEventListeners (/Users/ryan/Library/Mobile Documents/com~apple~CloudDocs/Documents/VSCode/Tax-App-Frontend/node_modules/jsdom/lib/jsdom/living/events/EventTarget-impl.js:286:3)
          at HTMLUnknownElementImpl._dispatch (/Users/ryan/Library/Mobile Documents/com~apple~CloudDocs/Documents/VSCode/Tax-App-Frontend/node_modules/jsdom/lib/jsdom/living/events/EventTarget-impl.js:233:9)
          at HTMLUnknownElementImpl.dispatchEvent (/Users/ryan/Library/Mobile Documents/com~apple~CloudDocs/Documents/VSCode/Tax-App-Frontend/node_modules/jsdom/lib/jsdom/living/events/EventTarget-impl.js:104:17)
          at HTMLUnknownElement.dispatchEvent (/Users/ryan/Library/Mobile Documents/com~apple~CloudDocs/Documents/VSCode/Tax-App-Frontend/node_modules/jsdom/lib/jsdom/living/generated/EventTarget.js:241:34)
          at Object.invokeGuardedCallbackDev (/Users/ryan/Library/Mobile Documents/com~apple~CloudDocs/Documents/VSCode/Tax-App-Frontend/node_modules/react-dom/cjs/react-dom.development.js:4213:16)
          at invokeGuardedCallback (/Users/ryan/Library/Mobile Documents/com~apple~CloudDocs/Documents/VSCode/Tax-App-Frontend/node_modules/react-dom/cjs/react-dom.development.js:4277:31)
          at beginWork$1 (/Users/ryan/Library/Mobile Documents/com~apple~CloudDocs/Documents/VSCode/Tax-App-Frontend/node_modules/react-dom/cjs/react-dom.development.js:27490:7)
          at performUnitOfWork (/Users/ryan/Library/Mobile Documents/com~apple~CloudDocs/Documents/VSCode/Tax-App-Frontend/node_modules/react-dom/cjs/react-dom.development.js:26599:12)
          at workLoopSync (/Users/ryan/Library/Mobile Documents/com~apple~CloudDocs/Documents/VSCode/Tax-App-Frontend/node_modules/react-dom/cjs/react-dom.development.js:26505:5)
          at renderRootSync (/Users/ryan/Library/Mobile Documents/com~apple~CloudDocs/Documents/VSCode/Tax-App-Frontend/node_modules/react-dom/cjs/react-dom.development.js:26473:7)
          at performConcurrentWorkOnRoot (/Users/ryan/Library/Mobile Documents/com~apple~CloudDocs/Documents/VSCode/Tax-App-Frontend/node_modules/react-dom/cjs/react-dom.development.js:25777:74)
          at flushActQueue (/Users/ryan/Library/Mobile Documents/com~apple~CloudDocs/Documents/VSCode/Tax-App-Frontend/node_modules/react/cjs/react.development.js:2667:24)
          at act (/Users/ryan/Library/Mobile Documents/com~apple~CloudDocs/Documents/VSCode/Tax-App-Frontend/node_modules/react/cjs/react.development.js:2582:11)
          at /Users/ryan/Library/Mobile Documents/com~apple~CloudDocs/Documents/VSCode/Tax-App-Frontend/node_modules/@testing-library/react/dist/act-compat.js:46:25
          at renderRoot (/Users/ryan/Library/Mobile Documents/com~apple~CloudDocs/Documents/VSCode/Tax-App-Frontend/node_modules/@testing-library/react/dist/pure.js:189:26)
          at render (/Users/ryan/Library/Mobile Documents/com~apple~CloudDocs/Documents/VSCode/Tax-App-Frontend/node_modules/@testing-library/react/dist/pure.js:291:10)
          at Object.<anonymous> (/Users/ryan/Library/Mobile Documents/com~apple~CloudDocs/Documents/VSCode/Tax-App-Frontend/src/app/forms/1099-div/Form1099Div.error-scenarios.integration.test.tsx:73:13)
          at Promise.finally.completed (/Users/ryan/Library/Mobile Documents/com~apple~CloudDocs/Documents/VSCode/Tax-App-Frontend/node_modules/jest-circus/build/jestAdapterInit.js:1557:28)
          at new Promise (<anonymous>)
          at callAsyncCircusFn (/Users/ryan/Library/Mobile Documents/com~apple~CloudDocs/Documents/VSCode/Tax-App-Frontend/node_modules/jest-circus/build/jestAdapterInit.js:1497:10)
          at _callCircusTest (/Users/ryan/Library/Mobile Documents/com~apple~CloudDocs/Documents/VSCode/Tax-App-Frontend/node_modules/jest-circus/build/jestAdapterInit.js:1007:40)
          at processTicksAndRejections (node:internal/process/task_queues:95:5)
          at _runTest (/Users/ryan/Library/Mobile Documents/com~apple~CloudDocs/Documents/VSCode/Tax-App-Frontend/node_modules/jest-circus/build/jestAdapterInit.js:947:3)
          at /Users/ryan/Library/Mobile Documents/com~apple~CloudDocs/Documents/VSCode/Tax-App-Frontend/node_modules/jest-circus/build/jestAdapterInit.js:849:7
          at _runTestsForDescribeBlock (/Users/ryan/Library/Mobile Documents/com~apple~CloudDocs/Documents/VSCode/Tax-App-Frontend/node_modules/jest-circus/build/jestAdapterInit.js:862:11)
          at _runTestsForDescribeBlock (/Users/ryan/Library/Mobile Documents/com~apple~CloudDocs/Documents/VSCode/Tax-App-Frontend/node_modules/jest-circus/build/jestAdapterInit.js:857:11)
          at _runTestsForDescribeBlock (/Users/ryan/Library/Mobile Documents/com~apple~CloudDocs/Documents/VSCode/Tax-App-Frontend/node_modules/jest-circus/build/jestAdapterInit.js:857:11)
          at run (/Users/ryan/Library/Mobile Documents/com~apple~CloudDocs/Documents/VSCode/Tax-App-Frontend/node_modules/jest-circus/build/jestAdapterInit.js:761:3)
          at runAndTransformResultsToJestFormat (/Users/ryan/Library/Mobile Documents/com~apple~CloudDocs/Documents/VSCode/Tax-App-Frontend/node_modules/jest-circus/build/jestAdapterInit.js:1918:21)
          at jestAdapter (/Users/ryan/Library/Mobile Documents/com~apple~CloudDocs/Documents/VSCode/Tax-App-Frontend/node_modules/jest-circus/build/runner.js:101:19)
          at runTestInternal (/Users/ryan/Library/Mobile Documents/com~apple~CloudDocs/Documents/VSCode/Tax-App-Frontend/node_modules/jest-runner/build/testWorker.js:275:16)
          at runTest (/Users/ryan/Library/Mobile Documents/com~apple~CloudDocs/Documents/VSCode/Tax-App-Frontend/node_modules/jest-runner/build/testWorker.js:343:7)
          at Object.worker (/Users/ryan/Library/Mobile Documents/com~apple~CloudDocs/Documents/VSCode/Tax-App-Frontend/node_modules/jest-runner/build/testWorker.js:497:12) {
        detail: TypeError: (0 , _navigation.usePathname) is not a function
            at useForm1099Div (/Users/ryan/Library/Mobile Documents/com~apple~CloudDocs/Documents/VSCode/Tax-App-Frontend/src/hooks/useForm1099Div.ts:120:31)
            at Form1099DivClient (/Users/ryan/Library/Mobile Documents/com~apple~CloudDocs/Documents/VSCode/Tax-App-Frontend/src/app/forms/1099-div/Form1099DivClient.tsx:96:21)
            at renderWithHooks (/Users/ryan/Library/Mobile Documents/com~apple~CloudDocs/Documents/VSCode/Tax-App-Frontend/node_modules/react-dom/cjs/react-dom.development.js:15486:18)
            at mountIndeterminateComponent (/Users/ryan/Library/Mobile Documents/com~apple~CloudDocs/Documents/VSCode/Tax-App-Frontend/node_modules/react-dom/cjs/react-dom.development.js:20103:13)
            at beginWork (/Users/ryan/Library/Mobile Documents/com~apple~CloudDocs/Documents/VSCode/Tax-App-Frontend/node_modules/react-dom/cjs/react-dom.development.js:21626:16)
            at HTMLUnknownElement.callCallback (/Users/ryan/Library/Mobile Documents/com~apple~CloudDocs/Documents/VSCode/Tax-App-Frontend/node_modules/react-dom/cjs/react-dom.development.js:4164:14)
            at HTMLUnknownElement.callTheUserObjectsOperation (/Users/ryan/Library/Mobile Documents/com~apple~CloudDocs/Documents/VSCode/Tax-App-Frontend/node_modules/jsdom/lib/jsdom/living/generated/EventListener.js:26:30)
            at innerInvokeEventListeners (/Users/ryan/Library/Mobile Documents/com~apple~CloudDocs/Documents/VSCode/Tax-App-Frontend/node_modules/jsdom/lib/jsdom/living/events/EventTarget-impl.js:350:25)
            at invokeEventListeners (/Users/ryan/Library/Mobile Documents/com~apple~CloudDocs/Documents/VSCode/Tax-App-Frontend/node_modules/jsdom/lib/jsdom/living/events/EventTarget-impl.js:286:3)
            at HTMLUnknownElementImpl._dispatch (/Users/ryan/Library/Mobile Documents/com~apple~CloudDocs/Documents/VSCode/Tax-App-Frontend/node_modules/jsdom/lib/jsdom/living/events/EventTarget-impl.js:233:9)
            at HTMLUnknownElementImpl.dispatchEvent (/Users/ryan/Library/Mobile Documents/com~apple~CloudDocs/Documents/VSCode/Tax-App-Frontend/node_modules/jsdom/lib/jsdom/living/events/EventTarget-impl.js:104:17)
            at HTMLUnknownElement.dispatchEvent (/Users/ryan/Library/Mobile Documents/com~apple~CloudDocs/Documents/VSCode/Tax-App-Frontend/node_modules/jsdom/lib/jsdom/living/generated/EventTarget.js:241:34)
            at Object.invokeGuardedCallbackDev (/Users/ryan/Library/Mobile Documents/com~apple~CloudDocs/Documents/VSCode/Tax-App-Frontend/node_modules/react-dom/cjs/react-dom.development.js:4213:16)
            at invokeGuardedCallback (/Users/ryan/Library/Mobile Documents/com~apple~CloudDocs/Documents/VSCode/Tax-App-Frontend/node_modules/react-dom/cjs/react-dom.development.js:4277:31)
            at beginWork$1 (/Users/ryan/Library/Mobile Documents/com~apple~CloudDocs/Documents/VSCode/Tax-App-Frontend/node_modules/react-dom/cjs/react-dom.development.js:27490:7)
            at performUnitOfWork (/Users/ryan/Library/Mobile Documents/com~apple~CloudDocs/Documents/VSCode/Tax-App-Frontend/node_modules/react-dom/cjs/react-dom.development.js:26599:12)
            at workLoopSync (/Users/ryan/Library/Mobile Documents/com~apple~CloudDocs/Documents/VSCode/Tax-App-Frontend/node_modules/react-dom/cjs/react-dom.development.js:26505:5)
            at renderRootSync (/Users/ryan/Library/Mobile Documents/com~apple~CloudDocs/Documents/VSCode/Tax-App-Frontend/node_modules/react-dom/cjs/react-dom.development.js:26473:7)
            at performConcurrentWorkOnRoot (/Users/ryan/Library/Mobile Documents/com~apple~CloudDocs/Documents/VSCode/Tax-App-Frontend/node_modules/react-dom/cjs/react-dom.development.js:25777:74)
            at flushActQueue (/Users/ryan/Library/Mobile Documents/com~apple~CloudDocs/Documents/VSCode/Tax-App-Frontend/node_modules/react/cjs/react.development.js:2667:24)
            at act (/Users/ryan/Library/Mobile Documents/com~apple~CloudDocs/Documents/VSCode/Tax-App-Frontend/node_modules/react/cjs/react.development.js:2582:11)
            at /Users/ryan/Library/Mobile Documents/com~apple~CloudDocs/Documents/VSCode/Tax-App-Frontend/node_modules/@testing-library/react/dist/act-compat.js:46:25
            at renderRoot (/Users/ryan/Library/Mobile Documents/com~apple~CloudDocs/Documents/VSCode/Tax-App-Frontend/node_modules/@testing-library/react/dist/pure.js:189:26)
            at render (/Users/ryan/Library/Mobile Documents/com~apple~CloudDocs/Documents/VSCode/Tax-App-Frontend/node_modules/@testing-library/react/dist/pure.js:291:10)
            at Object.<anonymous> (/Users/ryan/Library/Mobile Documents/com~apple~CloudDocs/Documents/VSCode/Tax-App-Frontend/src/app/forms/1099-div/Form1099Div.error-scenarios.integration.test.tsx:73:13)
            at Promise.finally.completed (/Users/ryan/Library/Mobile Documents/com~apple~CloudDocs/Documents/VSCode/Tax-App-Frontend/node_modules/jest-circus/build/jestAdapterInit.js:1557:28)
            at new Promise (<anonymous>)
            at callAsyncCircusFn (/Users/ryan/Library/Mobile Documents/com~apple~CloudDocs/Documents/VSCode/Tax-App-Frontend/node_modules/jest-circus/build/jestAdapterInit.js:1497:10)
            at _callCircusTest (/Users/ryan/Library/Mobile Documents/com~apple~CloudDocs/Documents/VSCode/Tax-App-Frontend/node_modules/jest-circus/build/jestAdapterInit.js:1007:40)
            at processTicksAndRejections (node:internal/process/task_queues:95:5)
            at _runTest (/Users/ryan/Library/Mobile Documents/com~apple~CloudDocs/Documents/VSCode/Tax-App-Frontend/node_modules/jest-circus/build/jestAdapterInit.js:947:3)
            at /Users/ryan/Library/Mobile Documents/com~apple~CloudDocs/Documents/VSCode/Tax-App-Frontend/node_modules/jest-circus/build/jestAdapterInit.js:849:7
            at _runTestsForDescribeBlock (/Users/ryan/Library/Mobile Documents/com~apple~CloudDocs/Documents/VSCode/Tax-App-Frontend/node_modules/jest-circus/build/jestAdapterInit.js:862:11)
            at _runTestsForDescribeBlock (/Users/ryan/Library/Mobile Documents/com~apple~CloudDocs/Documents/VSCode/Tax-App-Frontend/node_modules/jest-circus/build/jestAdapterInit.js:857:11)
            at _runTestsForDescribeBlock (/Users/ryan/Library/Mobile Documents/com~apple~CloudDocs/Documents/VSCode/Tax-App-Frontend/node_modules/jest-circus/build/jestAdapterInit.js:857:11)
            at run (/Users/ryan/Library/Mobile Documents/com~apple~CloudDocs/Documents/VSCode/Tax-App-Frontend/node_modules/jest-circus/build/jestAdapterInit.js:761:3)
            at runAndTransformResultsToJestFormat (/Users/ryan/Library/Mobile Documents/com~apple~CloudDocs/Documents/VSCode/Tax-App-Frontend/node_modules/jest-circus/build/jestAdapterInit.js:1918:21)
            at jestAdapter (/Users/ryan/Library/Mobile Documents/com~apple~CloudDocs/Documents/VSCode/Tax-App-Frontend/node_modules/jest-circus/build/runner.js:101:19)
            at runTestInternal (/Users/ryan/Library/Mobile Documents/com~apple~CloudDocs/Documents/VSCode/Tax-App-Frontend/node_modules/jest-runner/build/testWorker.js:275:16)
            at runTest (/Users/ryan/Library/Mobile Documents/com~apple~CloudDocs/Documents/VSCode/Tax-App-Frontend/node_modules/jest-runner/build/testWorker.js:343:7)
            at Object.worker (/Users/ryan/Library/Mobile Documents/com~apple~CloudDocs/Documents/VSCode/Tax-App-Frontend/node_modules/jest-runner/build/testWorker.js:497:12),
        type: 'unhandled exception'
      }

      71 |       const user = userEvent.setup();
      72 |       
    > 73 |       render(<Form1099DivClient initialToken={mockToken} />);
         |             ^
      74 |
      75 |       // Clear the default calendar year to make it empty
      76 |       const calendarYearInput = screen.getByLabelText(/Tax Year/i);

      at VirtualConsole.<anonymous> (node_modules/@jest/environment-jsdom-abstract/build/index.js:87:23)
      at reportException (node_modules/jsdom/lib/jsdom/living/helpers/runtime-script-errors.js:70:28)
      at innerInvokeEventListeners (node_modules/jsdom/lib/jsdom/living/events/EventTarget-impl.js:353:9)
      at invokeEventListeners (node_modules/jsdom/lib/jsdom/living/events/EventTarget-impl.js:286:3)
      at HTMLUnknownElementImpl._dispatch (node_modules/jsdom/lib/jsdom/living/events/EventTarget-impl.js:233:9)
      at HTMLUnknownElementImpl.dispatchEvent (node_modules/jsdom/lib/jsdom/living/events/EventTarget-impl.js:104:17)
      at HTMLUnknownElement.dispatchEvent (node_modules/jsdom/lib/jsdom/living/generated/EventTarget.js:241:34)
      at Object.invokeGuardedCallbackDev (node_modules/react-dom/cjs/react-dom.development.js:4213:16)
      at invokeGuardedCallback (node_modules/react-dom/cjs/react-dom.development.js:4277:31)
      at beginWork$1 (node_modules/react-dom/cjs/react-dom.development.js:27490:7)
      at performUnitOfWork (node_modules/react-dom/cjs/react-dom.development.js:26599:12)
      at workLoopSync (node_modules/react-dom/cjs/react-dom.development.js:26505:5)
      at renderRootSync (node_modules/react-dom/cjs/react-dom.development.js:26473:7)
      at performConcurrentWorkOnRoot (node_modules/react-dom/cjs/react-dom.development.js:25777:74)
      at flushActQueue (node_modules/react/cjs/react.development.js:2667:24)
      at act (node_modules/react/cjs/react.development.js:2582:11)
      at node_modules/@testing-library/react/dist/act-compat.js:46:25
      at renderRoot (node_modules/@testing-library/react/dist/pure.js:189:26)
      at render (node_modules/@testing-library/react/dist/pure.js:291:10)
      at Object.<anonymous> (src/app/forms/1099-div/Form1099Div.error-scenarios.integration.test.tsx:73:13)

    console.error
      Error: Uncaught [TypeError: (0 , _navigation.usePathname) is not a function]
          at reportException (/Users/ryan/Library/Mobile Documents/com~apple~CloudDocs/Documents/VSCode/Tax-App-Frontend/node_modules/jsdom/lib/jsdom/living/helpers/runtime-script-errors.js:66:24)
          at innerInvokeEventListeners (/Users/ryan/Library/Mobile Documents/com~apple~CloudDocs/Documents/VSCode/Tax-App-Frontend/node_modules/jsdom/lib/jsdom/living/events/EventTarget-impl.js:353:9)
          at invokeEventListeners (/Users/ryan/Library/Mobile Documents/com~apple~CloudDocs/Documents/VSCode/Tax-App-Frontend/node_modules/jsdom/lib/jsdom/living/events/EventTarget-impl.js:286:3)
          at HTMLUnknownElementImpl._dispatch (/Users/ryan/Library/Mobile Documents/com~apple~CloudDocs/Documents/VSCode/Tax-App-Frontend/node_modules/jsdom/lib/jsdom/living/events/EventTarget-impl.js:233:9)
          at HTMLUnknownElementImpl.dispatchEvent (/Users/ryan/Library/Mobile Documents/com~apple~CloudDocs/Documents/VSCode/Tax-App-Frontend/node_modules/jsdom/lib/jsdom/living/events/EventTarget-impl.js:104:17)
          at HTMLUnknownElement.dispatchEvent (/Users/ryan/Library/Mobile Documents/com~apple~CloudDocs/Documents/VSCode/Tax-App-Frontend/node_modules/jsdom/lib/jsdom/living/generated/EventTarget.js:241:34)
          at Object.invokeGuardedCallbackDev (/Users/ryan/Library/Mobile Documents/com~apple~CloudDocs/Documents/VSCode/Tax-App-Frontend/node_modules/react-dom/cjs/react-dom.development.js:4213:16)
          at invokeGuardedCallback (/Users/ryan/Library/Mobile Documents/com~apple~CloudDocs/Documents/VSCode/Tax-App-Frontend/node_modules/react-dom/cjs/react-dom.development.js:4277:31)
          at beginWork$1 (/Users/ryan/Library/Mobile Documents/com~apple~CloudDocs/Documents/VSCode/Tax-App-Frontend/node_modules/react-dom/cjs/react-dom.development.js:27490:7)
          at performUnitOfWork (/Users/ryan/Library/Mobile Documents/com~apple~CloudDocs/Documents/VSCode/Tax-App-Frontend/node_modules/react-dom/cjs/react-dom.development.js:26599:12)
          at workLoopSync (/Users/ryan/Library/Mobile Documents/com~apple~CloudDocs/Documents/VSCode/Tax-App-Frontend/node_modules/react-dom/cjs/react-dom.development.js:26505:5)
          at renderRootSync (/Users/ryan/Library/Mobile Documents/com~apple~CloudDocs/Documents/VSCode/Tax-App-Frontend/node_modules/react-dom/cjs/react-dom.development.js:26473:7)
          at recoverFromConcurrentError (/Users/ryan/Library/Mobile Documents/com~apple~CloudDocs/Documents/VSCode/Tax-App-Frontend/node_modules/react-dom/cjs/react-dom.development.js:25889:20)
          at performConcurrentWorkOnRoot (/Users/ryan/Library/Mobile Documents/com~apple~CloudDocs/Documents/VSCode/Tax-App-Frontend/node_modules/react-dom/cjs/react-dom.development.js:25789:22)
          at flushActQueue (/Users/ryan/Library/Mobile Documents/com~apple~CloudDocs/Documents/VSCode/Tax-App-Frontend/node_modules/react/cjs/react.development.js:2667:24)
          at act (/Users/ryan/Library/Mobile Documents/com~apple~CloudDocs/Documents/VSCode/Tax-App-Frontend/node_modules/react/cjs/react.development.js:2582:11)
          at /Users/ryan/Library/Mobile Documents/com~apple~CloudDocs/Documents/VSCode/Tax-App-Frontend/node_modules/@testing-library/react/dist/act-compat.js:46:25
          at renderRoot (/Users/ryan/Library/Mobile Documents/com~apple~CloudDocs/Documents/VSCode/Tax-App-Frontend/node_modules/@testing-library/react/dist/pure.js:189:26)
          at render (/Users/ryan/Library/Mobile Documents/com~apple~CloudDocs/Documents/VSCode/Tax-App-Frontend/node_modules/@testing-library/react/dist/pure.js:291:10)
          at Object.<anonymous> (/Users/ryan/Library/Mobile Documents/com~apple~CloudDocs/Documents/VSCode/Tax-App-Frontend/src/app/forms/1099-div/Form1099Div.error-scenarios.integration.test.tsx:73:13)
          at Promise.finally.completed (/Users/ryan/Library/Mobile Documents/com~apple~CloudDocs/Documents/VSCode/Tax-App-Frontend/node_modules/jest-circus/build/jestAdapterInit.js:1557:28)
          at new Promise (<anonymous>)
          at callAsyncCircusFn (/Users/ryan/Library/Mobile Documents/com~apple~CloudDocs/Documents/VSCode/Tax-App-Frontend/node_modules/jest-circus/build/jestAdapterInit.js:1497:10)
          at _callCircusTest (/Users/ryan/Library/Mobile Documents/com~apple~CloudDocs/Documents/VSCode/Tax-App-Frontend/node_modules/jest-circus/build/jestAdapterInit.js:1007:40)
          at processTicksAndRejections (node:internal/process/task_queues:95:5)
          at _runTest (/Users/ryan/Library/Mobile Documents/com~apple~CloudDocs/Documents/VSCode/Tax-App-Frontend/node_modules/jest-circus/build/jestAdapterInit.js:947:3)
          at /Users/ryan/Library/Mobile Documents/com~apple~CloudDocs/Documents/VSCode/Tax-App-Frontend/node_modules/jest-circus/build/jestAdapterInit.js:849:7
          at _runTestsForDescribeBlock (/Users/ryan/Library/Mobile Documents/com~apple~CloudDocs/Documents/VSCode/Tax-App-Frontend/node_modules/jest-circus/build/jestAdapterInit.js:862:11)
          at _runTestsForDescribeBlock (/Users/ryan/Library/Mobile Documents/com~apple~CloudDocs/Documents/VSCode/Tax-App-Frontend/node_modules/jest-circus/build/jestAdapterInit.js:857:11)
          at _runTestsForDescribeBlock (/Users/ryan/Library/Mobile Documents/com~apple~CloudDocs/Documents/VSCode/Tax-App-Frontend/node_modules/jest-circus/build/jestAdapterInit.js:857:11)
          at run (/Users/ryan/Library/Mobile Documents/com~apple~CloudDocs/Documents/VSCode/Tax-App-Frontend/node_modules/jest-circus/build/jestAdapterInit.js:761:3)
          at runAndTransformResultsToJestFormat (/Users/ryan/Library/Mobile Documents/com~apple~CloudDocs/Documents/VSCode/Tax-App-Frontend/node_modules/jest-circus/build/jestAdapterInit.js:1918:21)
          at jestAdapter (/Users/ryan/Library/Mobile Documents/com~apple~CloudDocs/Documents/VSCode/Tax-App-Frontend/node_modules/jest-circus/build/runner.js:101:19)
          at runTestInternal (/Users/ryan/Library/Mobile Documents/com~apple~CloudDocs/Documents/VSCode/Tax-App-Frontend/node_modules/jest-runner/build/testWorker.js:275:16)
          at runTest (/Users/ryan/Library/Mobile Documents/com~apple~CloudDocs/Documents/VSCode/Tax-App-Frontend/node_modules/jest-runner/build/testWorker.js:343:7)
          at Object.worker (/Users/ryan/Library/Mobile Documents/com~apple~CloudDocs/Documents/VSCode/Tax-App-Frontend/node_modules/jest-runner/build/testWorker.js:497:12) {
        detail: TypeError: (0 , _navigation.usePathname) is not a function
            at useForm1099Div (/Users/ryan/Library/Mobile Documents/com~apple~CloudDocs/Documents/VSCode/Tax-App-Frontend/src/hooks/useForm1099Div.ts:120:31)
            at Form1099DivClient (/Users/ryan/Library/Mobile Documents/com~apple~CloudDocs/Documents/VSCode/Tax-App-Frontend/src/app/forms/1099-div/Form1099DivClient.tsx:96:21)
            at renderWithHooks (/Users/ryan/Library/Mobile Documents/com~apple~CloudDocs/Documents/VSCode/Tax-App-Frontend/node_modules/react-dom/cjs/react-dom.development.js:15486:18)
            at mountIndeterminateComponent (/Users/ryan/Library/Mobile Documents/com~apple~CloudDocs/Documents/VSCode/Tax-App-Frontend/node_modules/react-dom/cjs/react-dom.development.js:20103:13)
            at beginWork (/Users/ryan/Library/Mobile Documents/com~apple~CloudDocs/Documents/VSCode/Tax-App-Frontend/node_modules/react-dom/cjs/react-dom.development.js:21626:16)
            at HTMLUnknownElement.callCallback (/Users/ryan/Library/Mobile Documents/com~apple~CloudDocs/Documents/VSCode/Tax-App-Frontend/node_modules/react-dom/cjs/react-dom.development.js:4164:14)
            at HTMLUnknownElement.callTheUserObjectsOperation (/Users/ryan/Library/Mobile Documents/com~apple~CloudDocs/Documents/VSCode/Tax-App-Frontend/node_modules/jsdom/lib/jsdom/living/generated/EventListener.js:26:30)
            at innerInvokeEventListeners (/Users/ryan/Library/Mobile Documents/com~apple~CloudDocs/Documents/VSCode/Tax-App-Frontend/node_modules/jsdom/lib/jsdom/living/events/EventTarget-impl.js:350:25)
            at invokeEventListeners (/Users/ryan/Library/Mobile Documents/com~apple~CloudDocs/Documents/VSCode/Tax-App-Frontend/node_modules/jsdom/lib/jsdom/living/events/EventTarget-impl.js:286:3)
            at HTMLUnknownElementImpl._dispatch (/Users/ryan/Library/Mobile Documents/com~apple~CloudDocs/Documents/VSCode/Tax-App-Frontend/node_modules/jsdom/lib/jsdom/living/events/EventTarget-impl.js:233:9)
            at HTMLUnknownElementImpl.dispatchEvent (/Users/ryan/Library/Mobile Documents/com~apple~CloudDocs/Documents/VSCode/Tax-App-Frontend/node_modules/jsdom/lib/jsdom/living/events/EventTarget-impl.js:104:17)
            at HTMLUnknownElement.dispatchEvent (/Users/ryan/Library/Mobile Documents/com~apple~CloudDocs/Documents/VSCode/Tax-App-Frontend/node_modules/jsdom/lib/jsdom/living/generated/EventTarget.js:241:34)
            at Object.invokeGuardedCallbackDev (/Users/ryan/Library/Mobile Documents/com~apple~CloudDocs/Documents/VSCode/Tax-App-Frontend/node_modules/react-dom/cjs/react-dom.development.js:4213:16)
            at invokeGuardedCallback (/Users/ryan/Library/Mobile Documents/com~apple~CloudDocs/Documents/VSCode/Tax-App-Frontend/node_modules/react-dom/cjs/react-dom.development.js:4277:31)
            at beginWork$1 (/Users/ryan/Library/Mobile Documents/com~apple~CloudDocs/Documents/VSCode/Tax-App-Frontend/node_modules/react-dom/cjs/react-dom.development.js:27490:7)
            at performUnitOfWork (/Users/ryan/Library/Mobile Documents/com~apple~CloudDocs/Documents/VSCode/Tax-App-Frontend/node_modules/react-dom/cjs/react-dom.development.js:26599:12)
            at workLoopSync (/Users/ryan/Library/Mobile Documents/com~apple~CloudDocs/Documents/VSCode/Tax-App-Frontend/node_modules/react-dom/cjs/react-dom.development.js:26505:5)
            at renderRootSync (/Users/ryan/Library/Mobile Documents/com~apple~CloudDocs/Documents/VSCode/Tax-App-Frontend/node_modules/react-dom/cjs/react-dom.development.js:26473:7)
            at recoverFromConcurrentError (/Users/ryan/Library/Mobile Documents/com~apple~CloudDocs/Documents/VSCode/Tax-App-Frontend/node_modules/react-dom/cjs/react-dom.development.js:25889:20)
            at performConcurrentWorkOnRoot (/Users/ryan/Library/Mobile Documents/com~apple~CloudDocs/Documents/VSCode/Tax-App-Frontend/node_modules/react-dom/cjs/react-dom.development.js:25789:22)
            at flushActQueue (/Users/ryan/Library/Mobile Documents/com~apple~CloudDocs/Documents/VSCode/Tax-App-Frontend/node_modules/react/cjs/react.development.js:2667:24)
            at act (/Users/ryan/Library/Mobile Documents/com~apple~CloudDocs/Documents/VSCode/Tax-App-Frontend/node_modules/react/cjs/react.development.js:2582:11)
            at /Users/ryan/Library/Mobile Documents/com~apple~CloudDocs/Documents/VSCode/Tax-App-Frontend/node_modules/@testing-library/react/dist/act-compat.js:46:25
            at renderRoot (/Users/ryan/Library/Mobile Documents/com~apple~CloudDocs/Documents/VSCode/Tax-App-Frontend/node_modules/@testing-library/react/dist/pure.js:189:26)
            at render (/Users/ryan/Library/Mobile Documents/com~apple~CloudDocs/Documents/VSCode/Tax-App-Frontend/node_modules/@testing-library/react/dist/pure.js:291:10)
            at Object.<anonymous> (/Users/ryan/Library/Mobile Documents/com~apple~CloudDocs/Documents/VSCode/Tax-App-Frontend/src/app/forms/1099-div/Form1099Div.error-scenarios.integration.test.tsx:73:13)
            at Promise.finally.completed (/Users/ryan/Library/Mobile Documents/com~apple~CloudDocs/Documents/VSCode/Tax-App-Frontend/node_modules/jest-circus/build/jestAdapterInit.js:1557:28)
            at new Promise (<anonymous>)
            at callAsyncCircusFn (/Users/ryan/Library/Mobile Documents/com~apple~CloudDocs/Documents/VSCode/Tax-App-Frontend/node_modules/jest-circus/build/jestAdapterInit.js:1497:10)
            at _callCircusTest (/Users/ryan/Library/Mobile Documents/com~apple~CloudDocs/Documents/VSCode/Tax-App-Frontend/node_modules/jest-circus/build/jestAdapterInit.js:1007:40)
            at processTicksAndRejections (node:internal/process/task_queues:95:5)
            at _runTest (/Users/ryan/Library/Mobile Documents/com~apple~CloudDocs/Documents/VSCode/Tax-App-Frontend/node_modules/jest-circus/build/jestAdapterInit.js:947:3)
            at /Users/ryan/Library/Mobile Documents/com~apple~CloudDocs/Documents/VSCode/Tax-App-Frontend/node_modules/jest-circus/build/jestAdapterInit.js:849:7
            at _runTestsForDescribeBlock (/Users/ryan/Library/Mobile Documents/com~apple~CloudDocs/Documents/VSCode/Tax-App-Frontend/node_modules/jest-circus/build/jestAdapterInit.js:862:11)
            at _runTestsForDescribeBlock (/Users/ryan/Library/Mobile Documents/com~apple~CloudDocs/Documents/VSCode/Tax-App-Frontend/node_modules/jest-circus/build/jestAdapterInit.js:857:11)
            at _runTestsForDescribeBlock (/Users/ryan/Library/Mobile Documents/com~apple~CloudDocs/Documents/VSCode/Tax-App-Frontend/node_modules/jest-circus/build/jestAdapterInit.js:857:11)
            at run (/Users/ryan/Library/Mobile Documents/com~apple~CloudDocs/Documents/VSCode/Tax-App-Frontend/node_modules/jest-circus/build/jestAdapterInit.js:761:3)
            at runAndTransformResultsToJestFormat (/Users/ryan/Library/Mobile Documents/com~apple~CloudDocs/Documents/VSCode/Tax-App-Frontend/node_modules/jest-circus/build/jestAdapterInit.js:1918:21)
            at jestAdapter (/Users/ryan/Library/Mobile Documents/com~apple~CloudDocs/Documents/VSCode/Tax-App-Frontend/node_modules/jest-circus/build/runner.js:101:19)
            at runTestInternal (/Users/ryan/Library/Mobile Documents/com~apple~CloudDocs/Documents/VSCode/Tax-App-Frontend/node_modules/jest-runner/build/testWorker.js:275:16)
            at runTest (/Users/ryan/Library/Mobile Documents/com~apple~CloudDocs/Documents/VSCode/Tax-App-Frontend/node_modules/jest-runner/build/testWorker.js:343:7)
            at Object.worker (/Users/ryan/Library/Mobile Documents/com~apple~CloudDocs/Documents/VSCode/Tax-App-Frontend/node_modules/jest-runner/build/testWorker.js:497:12),
        type: 'unhandled exception'
      }

      71 |       const user = userEvent.setup();
      72 |       
    > 73 |       render(<Form1099DivClient initialToken={mockToken} />);
         |             ^
      74 |
      75 |       // Clear the default calendar year to make it empty
      76 |       const calendarYearInput = screen.getByLabelText(/Tax Year/i);

      at VirtualConsole.<anonymous> (node_modules/@jest/environment-jsdom-abstract/build/index.js:87:23)
      at reportException (node_modules/jsdom/lib/jsdom/living/helpers/runtime-script-errors.js:70:28)
      at innerInvokeEventListeners (node_modules/jsdom/lib/jsdom/living/events/EventTarget-impl.js:353:9)
      at invokeEventListeners (node_modules/jsdom/lib/jsdom/living/events/EventTarget-impl.js:286:3)
      at HTMLUnknownElementImpl._dispatch (node_modules/jsdom/lib/jsdom/living/events/EventTarget-impl.js:233:9)
      at HTMLUnknownElementImpl.dispatchEvent (node_modules/jsdom/lib/jsdom/living/events/EventTarget-impl.js:104:17)
      at HTMLUnknownElement.dispatchEvent (node_modules/jsdom/lib/jsdom/living/generated/EventTarget.js:241:34)
      at Object.invokeGuardedCallbackDev (node_modules/react-dom/cjs/react-dom.development.js:4213:16)
      at invokeGuardedCallback (node_modules/react-dom/cjs/react-dom.development.js:4277:31)
      at beginWork$1 (node_modules/react-dom/cjs/react-dom.development.js:27490:7)
      at performUnitOfWork (node_modules/react-dom/cjs/react-dom.development.js:26599:12)
      at workLoopSync (node_modules/react-dom/cjs/react-dom.development.js:26505:5)
      at renderRootSync (node_modules/react-dom/cjs/react-dom.development.js:26473:7)
      at recoverFromConcurrentError (node_modules/react-dom/cjs/react-dom.development.js:25889:20)
      at performConcurrentWorkOnRoot (node_modules/react-dom/cjs/react-dom.development.js:25789:22)
      at flushActQueue (node_modules/react/cjs/react.development.js:2667:24)
      at act (node_modules/react/cjs/react.development.js:2582:11)
      at node_modules/@testing-library/react/dist/act-compat.js:46:25
      at renderRoot (node_modules/@testing-library/react/dist/pure.js:189:26)
      at render (node_modules/@testing-library/react/dist/pure.js:291:10)
      at Object.<anonymous> (src/app/forms/1099-div/Form1099Div.error-scenarios.integration.test.tsx:73:13)

    console.error
      The above error occurred in the <Form1099DivClient> component:
      
          at initialToken (/Users/ryan/Library/Mobile Documents/com~apple~CloudDocs/Documents/VSCode/Tax-App-Frontend/src/app/forms/1099-div/Form1099DivClient.tsx:69:3)
      
      Consider adding an error boundary to your tree to customize error handling behavior.
      Visit https://reactjs.org/link/error-boundaries to learn more about error boundaries.

      71 |       const user = userEvent.setup();
      72 |       
    > 73 |       render(<Form1099DivClient initialToken={mockToken} />);
         |             ^
      74 |
      75 |       // Clear the default calendar year to make it empty
      76 |       const calendarYearInput = screen.getByLabelText(/Tax Year/i);

      at logCapturedError (node_modules/react-dom/cjs/react-dom.development.js:18704:23)
      at update.callback (node_modules/react-dom/cjs/react-dom.development.js:18737:5)
      at callCallback (node_modules/react-dom/cjs/react-dom.development.js:15036:12)
      at commitUpdateQueue (node_modules/react-dom/cjs/react-dom.development.js:15057:9)
      at commitLayoutEffectOnFiber (node_modules/react-dom/cjs/react-dom.development.js:23430:13)
      at commitLayoutMountEffects_complete (node_modules/react-dom/cjs/react-dom.development.js:24727:9)
      at commitLayoutEffects_begin (node_modules/react-dom/cjs/react-dom.development.js:24713:7)
      at commitLayoutEffects (node_modules/react-dom/cjs/react-dom.development.js:24651:3)
      at commitRootImpl (node_modules/react-dom/cjs/react-dom.development.js:26862:5)
      at commitRoot (node_modules/react-dom/cjs/react-dom.development.js:26721:5)
      at finishConcurrentRender (node_modules/react-dom/cjs/react-dom.development.js:25931:9)
      at performConcurrentWorkOnRoot (node_modules/react-dom/cjs/react-dom.development.js:25848:7)
      at flushActQueue (node_modules/react/cjs/react.development.js:2667:24)
      at act (node_modules/react/cjs/react.development.js:2582:11)
      at node_modules/@testing-library/react/dist/act-compat.js:46:25
      at renderRoot (node_modules/@testing-library/react/dist/pure.js:189:26)
      at render (node_modules/@testing-library/react/dist/pure.js:291:10)
      at Object.<anonymous> (src/app/forms/1099-div/Form1099Div.error-scenarios.integration.test.tsx:73:13)

    console.error
      Error: Uncaught [TypeError: (0 , _navigation.usePathname) is not a function]
          at reportException (/Users/ryan/Library/Mobile Documents/com~apple~CloudDocs/Documents/VSCode/Tax-App-Frontend/node_modules/jsdom/lib/jsdom/living/helpers/runtime-script-errors.js:66:24)
          at innerInvokeEventListeners (/Users/ryan/Library/Mobile Documents/com~apple~CloudDocs/Documents/VSCode/Tax-App-Frontend/node_modules/jsdom/lib/jsdom/living/events/EventTarget-impl.js:353:9)
          at invokeEventListeners (/Users/ryan/Library/Mobile Documents/com~apple~CloudDocs/Documents/VSCode/Tax-App-Frontend/node_modules/jsdom/lib/jsdom/living/events/EventTarget-impl.js:286:3)
          at HTMLUnknownElementImpl._dispatch (/Users/ryan/Library/Mobile Documents/com~apple~CloudDocs/Documents/VSCode/Tax-App-Frontend/node_modules/jsdom/lib/jsdom/living/events/EventTarget-impl.js:233:9)
          at HTMLUnknownElementImpl.dispatchEvent (/Users/ryan/Library/Mobile Documents/com~apple~CloudDocs/Documents/VSCode/Tax-App-Frontend/node_modules/jsdom/lib/jsdom/living/events/EventTarget-impl.js:104:17)
          at HTMLUnknownElement.dispatchEvent (/Users/ryan/Library/Mobile Documents/com~apple~CloudDocs/Documents/VSCode/Tax-App-Frontend/node_modules/jsdom/lib/jsdom/living/generated/EventTarget.js:241:34)
          at Object.invokeGuardedCallbackDev (/Users/ryan/Library/Mobile Documents/com~apple~CloudDocs/Documents/VSCode/Tax-App-Frontend/node_modules/react-dom/cjs/react-dom.development.js:4213:16)
          at invokeGuardedCallback (/Users/ryan/Library/Mobile Documents/com~apple~CloudDocs/Documents/VSCode/Tax-App-Frontend/node_modules/react-dom/cjs/react-dom.development.js:4277:31)
          at beginWork$1 (/Users/ryan/Library/Mobile Documents/com~apple~CloudDocs/Documents/VSCode/Tax-App-Frontend/node_modules/react-dom/cjs/react-dom.development.js:27490:7)
          at performUnitOfWork (/Users/ryan/Library/Mobile Documents/com~apple~CloudDocs/Documents/VSCode/Tax-App-Frontend/node_modules/react-dom/cjs/react-dom.development.js:26599:12)
          at workLoopSync (/Users/ryan/Library/Mobile Documents/com~apple~CloudDocs/Documents/VSCode/Tax-App-Frontend/node_modules/react-dom/cjs/react-dom.development.js:26505:5)
          at renderRootSync (/Users/ryan/Library/Mobile Documents/com~apple~CloudDocs/Documents/VSCode/Tax-App-Frontend/node_modules/react-dom/cjs/react-dom.development.js:26473:7)
          at performConcurrentWorkOnRoot (/Users/ryan/Library/Mobile Documents/com~apple~CloudDocs/Documents/VSCode/Tax-App-Frontend/node_modules/react-dom/cjs/react-dom.development.js:25777:74)
          at flushActQueue (/Users/ryan/Library/Mobile Documents/com~apple~CloudDocs/Documents/VSCode/Tax-App-Frontend/node_modules/react/cjs/react.development.js:2667:24)
          at act (/Users/ryan/Library/Mobile Documents/com~apple~CloudDocs/Documents/VSCode/Tax-App-Frontend/node_modules/react/cjs/react.development.js:2582:11)
          at /Users/ryan/Library/Mobile Documents/com~apple~CloudDocs/Documents/VSCode/Tax-App-Frontend/node_modules/@testing-library/react/dist/act-compat.js:46:25
          at renderRoot (/Users/ryan/Library/Mobile Documents/com~apple~CloudDocs/Documents/VSCode/Tax-App-Frontend/node_modules/@testing-library/react/dist/pure.js:189:26)
          at render (/Users/ryan/Library/Mobile Documents/com~apple~CloudDocs/Documents/VSCode/Tax-App-Frontend/node_modules/@testing-library/react/dist/pure.js:291:10)
          at Object.<anonymous> (/Users/ryan/Library/Mobile Documents/com~apple~CloudDocs/Documents/VSCode/Tax-App-Frontend/src/app/forms/1099-div/Form1099Div.error-scenarios.integration.test.tsx:104:13)
          at Promise.finally.completed (/Users/ryan/Library/Mobile Documents/com~apple~CloudDocs/Documents/VSCode/Tax-App-Frontend/node_modules/jest-circus/build/jestAdapterInit.js:1557:28)
          at new Promise (<anonymous>)
          at callAsyncCircusFn (/Users/ryan/Library/Mobile Documents/com~apple~CloudDocs/Documents/VSCode/Tax-App-Frontend/node_modules/jest-circus/build/jestAdapterInit.js:1497:10)
          at _callCircusTest (/Users/ryan/Library/Mobile Documents/com~apple~CloudDocs/Documents/VSCode/Tax-App-Frontend/node_modules/jest-circus/build/jestAdapterInit.js:1007:40)
          at processTicksAndRejections (node:internal/process/task_queues:95:5)
          at _runTest (/Users/ryan/Library/Mobile Documents/com~apple~CloudDocs/Documents/VSCode/Tax-App-Frontend/node_modules/jest-circus/build/jestAdapterInit.js:947:3)
          at /Users/ryan/Library/Mobile Documents/com~apple~CloudDocs/Documents/VSCode/Tax-App-Frontend/node_modules/jest-circus/build/jestAdapterInit.js:849:7
          at _runTestsForDescribeBlock (/Users/ryan/Library/Mobile Documents/com~apple~CloudDocs/Documents/VSCode/Tax-App-Frontend/node_modules/jest-circus/build/jestAdapterInit.js:862:11)
          at _runTestsForDescribeBlock (/Users/ryan/Library/Mobile Documents/com~apple~CloudDocs/Documents/VSCode/Tax-App-Frontend/node_modules/jest-circus/build/jestAdapterInit.js:857:11)
          at _runTestsForDescribeBlock (/Users/ryan/Library/Mobile Documents/com~apple~CloudDocs/Documents/VSCode/Tax-App-Frontend/node_modules/jest-circus/build/jestAdapterInit.js:857:11)
          at run (/Users/ryan/Library/Mobile Documents/com~apple~CloudDocs/Documents/VSCode/Tax-App-Frontend/node_modules/jest-circus/build/jestAdapterInit.js:761:3)
          at runAndTransformResultsToJestFormat (/Users/ryan/Library/Mobile Documents/com~apple~CloudDocs/Documents/VSCode/Tax-App-Frontend/node_modules/jest-circus/build/jestAdapterInit.js:1918:21)
          at jestAdapter (/Users/ryan/Library/Mobile Documents/com~apple~CloudDocs/Documents/VSCode/Tax-App-Frontend/node_modules/jest-circus/build/runner.js:101:19)
          at runTestInternal (/Users/ryan/Library/Mobile Documents/com~apple~CloudDocs/Documents/VSCode/Tax-App-Frontend/node_modules/jest-runner/build/testWorker.js:275:16)
          at runTest (/Users/ryan/Library/Mobile Documents/com~apple~CloudDocs/Documents/VSCode/Tax-App-Frontend/node_modules/jest-runner/build/testWorker.js:343:7)
          at Object.worker (/Users/ryan/Library/Mobile Documents/com~apple~CloudDocs/Documents/VSCode/Tax-App-Frontend/node_modules/jest-runner/build/testWorker.js:497:12) {
        detail: TypeError: (0 , _navigation.usePathname) is not a function
            at useForm1099Div (/Users/ryan/Library/Mobile Documents/com~apple~CloudDocs/Documents/VSCode/Tax-App-Frontend/src/hooks/useForm1099Div.ts:120:31)
            at Form1099DivClient (/Users/ryan/Library/Mobile Documents/com~apple~CloudDocs/Documents/VSCode/Tax-App-Frontend/src/app/forms/1099-div/Form1099DivClient.tsx:96:21)
            at renderWithHooks (/Users/ryan/Library/Mobile Documents/com~apple~CloudDocs/Documents/VSCode/Tax-App-Frontend/node_modules/react-dom/cjs/react-dom.development.js:15486:18)
            at mountIndeterminateComponent (/Users/ryan/Library/Mobile Documents/com~apple~CloudDocs/Documents/VSCode/Tax-App-Frontend/node_modules/react-dom/cjs/react-dom.development.js:20103:13)
            at beginWork (/Users/ryan/Library/Mobile Documents/com~apple~CloudDocs/Documents/VSCode/Tax-App-Frontend/node_modules/react-dom/cjs/react-dom.development.js:21626:16)
            at HTMLUnknownElement.callCallback (/Users/ryan/Library/Mobile Documents/com~apple~CloudDocs/Documents/VSCode/Tax-App-Frontend/node_modules/react-dom/cjs/react-dom.development.js:4164:14)
            at HTMLUnknownElement.callTheUserObjectsOperation (/Users/ryan/Library/Mobile Documents/com~apple~CloudDocs/Documents/VSCode/Tax-App-Frontend/node_modules/jsdom/lib/jsdom/living/generated/EventListener.js:26:30)
            at innerInvokeEventListeners (/Users/ryan/Library/Mobile Documents/com~apple~CloudDocs/Documents/VSCode/Tax-App-Frontend/node_modules/jsdom/lib/jsdom/living/events/EventTarget-impl.js:350:25)
            at invokeEventListeners (/Users/ryan/Library/Mobile Documents/com~apple~CloudDocs/Documents/VSCode/Tax-App-Frontend/node_modules/jsdom/lib/jsdom/living/events/EventTarget-impl.js:286:3)
            at HTMLUnknownElementImpl._dispatch (/Users/ryan/Library/Mobile Documents/com~apple~CloudDocs/Documents/VSCode/Tax-App-Frontend/node_modules/jsdom/lib/jsdom/living/events/EventTarget-impl.js:233:9)
            at HTMLUnknownElementImpl.dispatchEvent (/Users/ryan/Library/Mobile Documents/com~apple~CloudDocs/Documents/VSCode/Tax-App-Frontend/node_modules/jsdom/lib/jsdom/living/events/EventTarget-impl.js:104:17)
            at HTMLUnknownElement.dispatchEvent (/Users/ryan/Library/Mobile Documents/com~apple~CloudDocs/Documents/VSCode/Tax-App-Frontend/node_modules/jsdom/lib/jsdom/living/generated/EventTarget.js:241:34)
            at Object.invokeGuardedCallbackDev (/Users/ryan/Library/Mobile Documents/com~apple~CloudDocs/Documents/VSCode/Tax-App-Frontend/node_modules/react-dom/cjs/react-dom.development.js:4213:16)
            at invokeGuardedCallback (/Users/ryan/Library/Mobile Documents/com~apple~CloudDocs/Documents/VSCode/Tax-App-Frontend/node_modules/react-dom/cjs/react-dom.development.js:4277:31)
            at beginWork$1 (/Users/ryan/Library/Mobile Documents/com~apple~CloudDocs/Documents/VSCode/Tax-App-Frontend/node_modules/react-dom/cjs/react-dom.development.js:27490:7)
            at performUnitOfWork (/Users/ryan/Library/Mobile Documents/com~apple~CloudDocs/Documents/VSCode/Tax-App-Frontend/node_modules/react-dom/cjs/react-dom.development.js:26599:12)
            at workLoopSync (/Users/ryan/Library/Mobile Documents/com~apple~CloudDocs/Documents/VSCode/Tax-App-Frontend/node_modules/react-dom/cjs/react-dom.development.js:26505:5)
            at renderRootSync (/Users/ryan/Library/Mobile Documents/com~apple~CloudDocs/Documents/VSCode/Tax-App-Frontend/node_modules/react-dom/cjs/react-dom.development.js:26473:7)
            at performConcurrentWorkOnRoot (/Users/ryan/Library/Mobile Documents/com~apple~CloudDocs/Documents/VSCode/Tax-App-Frontend/node_modules/react-dom/cjs/react-dom.development.js:25777:74)
            at flushActQueue (/Users/ryan/Library/Mobile Documents/com~apple~CloudDocs/Documents/VSCode/Tax-App-Frontend/node_modules/react/cjs/react.development.js:2667:24)
            at act (/Users/ryan/Library/Mobile Documents/com~apple~CloudDocs/Documents/VSCode/Tax-App-Frontend/node_modules/react/cjs/react.development.js:2582:11)
            at /Users/ryan/Library/Mobile Documents/com~apple~CloudDocs/Documents/VSCode/Tax-App-Frontend/node_modules/@testing-library/react/dist/act-compat.js:46:25
            at renderRoot (/Users/ryan/Library/Mobile Documents/com~apple~CloudDocs/Documents/VSCode/Tax-App-Frontend/node_modules/@testing-library/react/dist/pure.js:189:26)
            at render (/Users/ryan/Library/Mobile Documents/com~apple~CloudDocs/Documents/VSCode/Tax-App-Frontend/node_modules/@testing-library/react/dist/pure.js:291:10)
            at Object.<anonymous> (/Users/ryan/Library/Mobile Documents/com~apple~CloudDocs/Documents/VSCode/Tax-App-Frontend/src/app/forms/1099-div/Form1099Div.error-scenarios.integration.test.tsx:104:13)
            at Promise.finally.completed (/Users/ryan/Library/Mobile Documents/com~apple~CloudDocs/Documents/VSCode/Tax-App-Frontend/node_modules/jest-circus/build/jestAdapterInit.js:1557:28)
            at new Promise (<anonymous>)
            at callAsyncCircusFn (/Users/ryan/Library/Mobile Documents/com~apple~CloudDocs/Documents/VSCode/Tax-App-Frontend/node_modules/jest-circus/build/jestAdapterInit.js:1497:10)
            at _callCircusTest (/Users/ryan/Library/Mobile Documents/com~apple~CloudDocs/Documents/VSCode/Tax-App-Frontend/node_modules/jest-circus/build/jestAdapterInit.js:1007:40)
            at processTicksAndRejections (node:internal/process/task_queues:95:5)
            at _runTest (/Users/ryan/Library/Mobile Documents/com~apple~CloudDocs/Documents/VSCode/Tax-App-Frontend/node_modules/jest-circus/build/jestAdapterInit.js:947:3)
            at /Users/ryan/Library/Mobile Documents/com~apple~CloudDocs/Documents/VSCode/Tax-App-Frontend/node_modules/jest-circus/build/jestAdapterInit.js:849:7
            at _runTestsForDescribeBlock (/Users/ryan/Library/Mobile Documents/com~apple~CloudDocs/Documents/VSCode/Tax-App-Frontend/node_modules/jest-circus/build/jestAdapterInit.js:862:11)
            at _runTestsForDescribeBlock (/Users/ryan/Library/Mobile Documents/com~apple~CloudDocs/Documents/VSCode/Tax-App-Frontend/node_modules/jest-circus/build/jestAdapterInit.js:857:11)
            at _runTestsForDescribeBlock (/Users/ryan/Library/Mobile Documents/com~apple~CloudDocs/Documents/VSCode/Tax-App-Frontend/node_modules/jest-circus/build/jestAdapterInit.js:857:11)
            at run (/Users/ryan/Library/Mobile Documents/com~apple~CloudDocs/Documents/VSCode/Tax-App-Frontend/node_modules/jest-circus/build/jestAdapterInit.js:761:3)
            at runAndTransformResultsToJestFormat (/Users/ryan/Library/Mobile Documents/com~apple~CloudDocs/Documents/VSCode/Tax-App-Frontend/node_modules/jest-circus/build/jestAdapterInit.js:1918:21)
            at jestAdapter (/Users/ryan/Library/Mobile Documents/com~apple~CloudDocs/Documents/VSCode/Tax-App-Frontend/node_modules/jest-circus/build/runner.js:101:19)
            at runTestInternal (/Users/ryan/Library/Mobile Documents/com~apple~CloudDocs/Documents/VSCode/Tax-App-Frontend/node_modules/jest-runner/build/testWorker.js:275:16)
            at runTest (/Users/ryan/Library/Mobile Documents/com~apple~CloudDocs/Documents/VSCode/Tax-App-Frontend/node_modules/jest-runner/build/testWorker.js:343:7)
            at Object.worker (/Users/ryan/Library/Mobile Documents/com~apple~CloudDocs/Documents/VSCode/Tax-App-Frontend/node_modules/jest-runner/build/testWorker.js:497:12),
        type: 'unhandled exception'
      }

      102 |       const user = userEvent.setup();
      103 |       
    > 104 |       render(<Form1099DivClient initialToken={mockToken} />);
          |             ^
      105 |
      106 |       // Fill in required fields with invalid payer TIN
      107 |       const calendarYearInput = screen.getByLabelText(/Tax Year/i);

      at VirtualConsole.<anonymous> (node_modules/@jest/environment-jsdom-abstract/build/index.js:87:23)
      at reportException (node_modules/jsdom/lib/jsdom/living/helpers/runtime-script-errors.js:70:28)
      at innerInvokeEventListeners (node_modules/jsdom/lib/jsdom/living/events/EventTarget-impl.js:353:9)
      at invokeEventListeners (node_modules/jsdom/lib/jsdom/living/events/EventTarget-impl.js:286:3)
      at HTMLUnknownElementImpl._dispatch (node_modules/jsdom/lib/jsdom/living/events/EventTarget-impl.js:233:9)
      at HTMLUnknownElementImpl.dispatchEvent (node_modules/jsdom/lib/jsdom/living/events/EventTarget-impl.js:104:17)
      at HTMLUnknownElement.dispatchEvent (node_modules/jsdom/lib/jsdom/living/generated/EventTarget.js:241:34)
      at Object.invokeGuardedCallbackDev (node_modules/react-dom/cjs/react-dom.development.js:4213:16)
      at invokeGuardedCallback (node_modules/react-dom/cjs/react-dom.development.js:4277:31)
      at beginWork$1 (node_modules/react-dom/cjs/react-dom.development.js:27490:7)
      at performUnitOfWork (node_modules/react-dom/cjs/react-dom.development.js:26599:12)
      at workLoopSync (node_modules/react-dom/cjs/react-dom.development.js:26505:5)
      at renderRootSync (node_modules/react-dom/cjs/react-dom.development.js:26473:7)
      at performConcurrentWorkOnRoot (node_modules/react-dom/cjs/react-dom.development.js:25777:74)
      at flushActQueue (node_modules/react/cjs/react.development.js:2667:24)
      at act (node_modules/react/cjs/react.development.js:2582:11)
      at node_modules/@testing-library/react/dist/act-compat.js:46:25
      at renderRoot (node_modules/@testing-library/react/dist/pure.js:189:26)
      at render (node_modules/@testing-library/react/dist/pure.js:291:10)
      at Object.<anonymous> (src/app/forms/1099-div/Form1099Div.error-scenarios.integration.test.tsx:104:13)

    console.error
      Error: Uncaught [TypeError: (0 , _navigation.usePathname) is not a function]
          at reportException (/Users/ryan/Library/Mobile Documents/com~apple~CloudDocs/Documents/VSCode/Tax-App-Frontend/node_modules/jsdom/lib/jsdom/living/helpers/runtime-script-errors.js:66:24)
          at innerInvokeEventListeners (/Users/ryan/Library/Mobile Documents/com~apple~CloudDocs/Documents/VSCode/Tax-App-Frontend/node_modules/jsdom/lib/jsdom/living/events/EventTarget-impl.js:353:9)
          at invokeEventListeners (/Users/ryan/Library/Mobile Documents/com~apple~CloudDocs/Documents/VSCode/Tax-App-Frontend/node_modules/jsdom/lib/jsdom/living/events/EventTarget-impl.js:286:3)
          at HTMLUnknownElementImpl._dispatch (/Users/ryan/Library/Mobile Documents/com~apple~CloudDocs/Documents/VSCode/Tax-App-Frontend/node_modules/jsdom/lib/jsdom/living/events/EventTarget-impl.js:233:9)
          at HTMLUnknownElementImpl.dispatchEvent (/Users/ryan/Library/Mobile Documents/com~apple~CloudDocs/Documents/VSCode/Tax-App-Frontend/node_modules/jsdom/lib/jsdom/living/events/EventTarget-impl.js:104:17)
          at HTMLUnknownElement.dispatchEvent (/Users/ryan/Library/Mobile Documents/com~apple~CloudDocs/Documents/VSCode/Tax-App-Frontend/node_modules/jsdom/lib/jsdom/living/generated/EventTarget.js:241:34)
          at Object.invokeGuardedCallbackDev (/Users/ryan/Library/Mobile Documents/com~apple~CloudDocs/Documents/VSCode/Tax-App-Frontend/node_modules/react-dom/cjs/react-dom.development.js:4213:16)
          at invokeGuardedCallback (/Users/ryan/Library/Mobile Documents/com~apple~CloudDocs/Documents/VSCode/Tax-App-Frontend/node_modules/react-dom/cjs/react-dom.development.js:4277:31)
          at beginWork$1 (/Users/ryan/Library/Mobile Documents/com~apple~CloudDocs/Documents/VSCode/Tax-App-Frontend/node_modules/react-dom/cjs/react-dom.development.js:27490:7)
          at performUnitOfWork (/Users/ryan/Library/Mobile Documents/com~apple~CloudDocs/Documents/VSCode/Tax-App-Frontend/node_modules/react-dom/cjs/react-dom.development.js:26599:12)
          at workLoopSync (/Users/ryan/Library/Mobile Documents/com~apple~CloudDocs/Documents/VSCode/Tax-App-Frontend/node_modules/react-dom/cjs/react-dom.development.js:26505:5)
          at renderRootSync (/Users/ryan/Library/Mobile Documents/com~apple~CloudDocs/Documents/VSCode/Tax-App-Frontend/node_modules/react-dom/cjs/react-dom.development.js:26473:7)
          at recoverFromConcurrentError (/Users/ryan/Library/Mobile Documents/com~apple~CloudDocs/Documents/VSCode/Tax-App-Frontend/node_modules/react-dom/cjs/react-dom.development.js:25889:20)
          at performConcurrentWorkOnRoot (/Users/ryan/Library/Mobile Documents/com~apple~CloudDocs/Documents/VSCode/Tax-App-Frontend/node_modules/react-dom/cjs/react-dom.development.js:25789:22)
          at flushActQueue (/Users/ryan/Library/Mobile Documents/com~apple~CloudDocs/Documents/VSCode/Tax-App-Frontend/node_modules/react/cjs/react.development.js:2667:24)
          at act (/Users/ryan/Library/Mobile Documents/com~apple~CloudDocs/Documents/VSCode/Tax-App-Frontend/node_modules/react/cjs/react.development.js:2582:11)
          at /Users/ryan/Library/Mobile Documents/com~apple~CloudDocs/Documents/VSCode/Tax-App-Frontend/node_modules/@testing-library/react/dist/act-compat.js:46:25
          at renderRoot (/Users/ryan/Library/Mobile Documents/com~apple~CloudDocs/Documents/VSCode/Tax-App-Frontend/node_modules/@testing-library/react/dist/pure.js:189:26)
          at render (/Users/ryan/Library/Mobile Documents/com~apple~CloudDocs/Documents/VSCode/Tax-App-Frontend/node_modules/@testing-library/react/dist/pure.js:291:10)
          at Object.<anonymous> (/Users/ryan/Library/Mobile Documents/com~apple~CloudDocs/Documents/VSCode/Tax-App-Frontend/src/app/forms/1099-div/Form1099Div.error-scenarios.integration.test.tsx:104:13)
          at Promise.finally.completed (/Users/ryan/Library/Mobile Documents/com~apple~CloudDocs/Documents/VSCode/Tax-App-Frontend/node_modules/jest-circus/build/jestAdapterInit.js:1557:28)
          at new Promise (<anonymous>)
          at callAsyncCircusFn (/Users/ryan/Library/Mobile Documents/com~apple~CloudDocs/Documents/VSCode/Tax-App-Frontend/node_modules/jest-circus/build/jestAdapterInit.js:1497:10)
          at _callCircusTest (/Users/ryan/Library/Mobile Documents/com~apple~CloudDocs/Documents/VSCode/Tax-App-Frontend/node_modules/jest-circus/build/jestAdapterInit.js:1007:40)
          at processTicksAndRejections (node:internal/process/task_queues:95:5)
          at _runTest (/Users/ryan/Library/Mobile Documents/com~apple~CloudDocs/Documents/VSCode/Tax-App-Frontend/node_modules/jest-circus/build/jestAdapterInit.js:947:3)
          at /Users/ryan/Library/Mobile Documents/com~apple~CloudDocs/Documents/VSCode/Tax-App-Frontend/node_modules/jest-circus/build/jestAdapterInit.js:849:7
          at _runTestsForDescribeBlock (/Users/ryan/Library/Mobile Documents/com~apple~CloudDocs/Documents/VSCode/Tax-App-Frontend/node_modules/jest-circus/build/jestAdapterInit.js:862:11)
          at _runTestsForDescribeBlock (/Users/ryan/Library/Mobile Documents/com~apple~CloudDocs/Documents/VSCode/Tax-App-Frontend/node_modules/jest-circus/build/jestAdapterInit.js:857:11)
          at _runTestsForDescribeBlock (/Users/ryan/Library/Mobile Documents/com~apple~CloudDocs/Documents/VSCode/Tax-App-Frontend/node_modules/jest-circus/build/jestAdapterInit.js:857:11)
          at run (/Users/ryan/Library/Mobile Documents/com~apple~CloudDocs/Documents/VSCode/Tax-App-Frontend/node_modules/jest-circus/build/jestAdapterInit.js:761:3)
          at runAndTransformResultsToJestFormat (/Users/ryan/Library/Mobile Documents/com~apple~CloudDocs/Documents/VSCode/Tax-App-Frontend/node_modules/jest-circus/build/jestAdapterInit.js:1918:21)
          at jestAdapter (/Users/ryan/Library/Mobile Documents/com~apple~CloudDocs/Documents/VSCode/Tax-App-Frontend/node_modules/jest-circus/build/runner.js:101:19)
          at runTestInternal (/Users/ryan/Library/Mobile Documents/com~apple~CloudDocs/Documents/VSCode/Tax-App-Frontend/node_modules/jest-runner/build/testWorker.js:275:16)
          at runTest (/Users/ryan/Library/Mobile Documents/com~apple~CloudDocs/Documents/VSCode/Tax-App-Frontend/node_modules/jest-runner/build/testWorker.js:343:7)
          at Object.worker (/Users/ryan/Library/Mobile Documents/com~apple~CloudDocs/Documents/VSCode/Tax-App-Frontend/node_modules/jest-runner/build/testWorker.js:497:12) {
        detail: TypeError: (0 , _navigation.usePathname) is not a function
            at useForm1099Div (/Users/ryan/Library/Mobile Documents/com~apple~CloudDocs/Documents/VSCode/Tax-App-Frontend/src/hooks/useForm1099Div.ts:120:31)
            at Form1099DivClient (/Users/ryan/Library/Mobile Documents/com~apple~CloudDocs/Documents/VSCode/Tax-App-Frontend/src/app/forms/1099-div/Form1099DivClient.tsx:96:21)
            at renderWithHooks (/Users/ryan/Library/Mobile Documents/com~apple~CloudDocs/Documents/VSCode/Tax-App-Frontend/node_modules/react-dom/cjs/react-dom.development.js:15486:18)
            at mountIndeterminateComponent (/Users/ryan/Library/Mobile Documents/com~apple~CloudDocs/Documents/VSCode/Tax-App-Frontend/node_modules/react-dom/cjs/react-dom.development.js:20103:13)
            at beginWork (/Users/ryan/Library/Mobile Documents/com~apple~CloudDocs/Documents/VSCode/Tax-App-Frontend/node_modules/react-dom/cjs/react-dom.development.js:21626:16)
            at HTMLUnknownElement.callCallback (/Users/ryan/Library/Mobile Documents/com~apple~CloudDocs/Documents/VSCode/Tax-App-Frontend/node_modules/react-dom/cjs/react-dom.development.js:4164:14)
            at HTMLUnknownElement.callTheUserObjectsOperation (/Users/ryan/Library/Mobile Documents/com~apple~CloudDocs/Documents/VSCode/Tax-App-Frontend/node_modules/jsdom/lib/jsdom/living/generated/EventListener.js:26:30)
            at innerInvokeEventListeners (/Users/ryan/Library/Mobile Documents/com~apple~CloudDocs/Documents/VSCode/Tax-App-Frontend/node_modules/jsdom/lib/jsdom/living/events/EventTarget-impl.js:350:25)
            at invokeEventListeners (/Users/ryan/Library/Mobile Documents/com~apple~CloudDocs/Documents/VSCode/Tax-App-Frontend/node_modules/jsdom/lib/jsdom/living/events/EventTarget-impl.js:286:3)
            at HTMLUnknownElementImpl._dispatch (/Users/ryan/Library/Mobile Documents/com~apple~CloudDocs/Documents/VSCode/Tax-App-Frontend/node_modules/jsdom/lib/jsdom/living/events/EventTarget-impl.js:233:9)
            at HTMLUnknownElementImpl.dispatchEvent (/Users/ryan/Library/Mobile Documents/com~apple~CloudDocs/Documents/VSCode/Tax-App-Frontend/node_modules/jsdom/lib/jsdom/living/events/EventTarget-impl.js:104:17)
            at HTMLUnknownElement.dispatchEvent (/Users/ryan/Library/Mobile Documents/com~apple~CloudDocs/Documents/VSCode/Tax-App-Frontend/node_modules/jsdom/lib/jsdom/living/generated/EventTarget.js:241:34)
            at Object.invokeGuardedCallbackDev (/Users/ryan/Library/Mobile Documents/com~apple~CloudDocs/Documents/VSCode/Tax-App-Frontend/node_modules/react-dom/cjs/react-dom.development.js:4213:16)
            at invokeGuardedCallback (/Users/ryan/Library/Mobile Documents/com~apple~CloudDocs/Documents/VSCode/Tax-App-Frontend/node_modules/react-dom/cjs/react-dom.development.js:4277:31)
            at beginWork$1 (/Users/ryan/Library/Mobile Documents/com~apple~CloudDocs/Documents/VSCode/Tax-App-Frontend/node_modules/react-dom/cjs/react-dom.development.js:27490:7)
            at performUnitOfWork (/Users/ryan/Library/Mobile Documents/com~apple~CloudDocs/Documents/VSCode/Tax-App-Frontend/node_modules/react-dom/cjs/react-dom.development.js:26599:12)
            at workLoopSync (/Users/ryan/Library/Mobile Documents/com~apple~CloudDocs/Documents/VSCode/Tax-App-Frontend/node_modules/react-dom/cjs/react-dom.development.js:26505:5)
            at renderRootSync (/Users/ryan/Library/Mobile Documents/com~apple~CloudDocs/Documents/VSCode/Tax-App-Frontend/node_modules/react-dom/cjs/react-dom.development.js:26473:7)
            at recoverFromConcurrentError (/Users/ryan/Library/Mobile Documents/com~apple~CloudDocs/Documents/VSCode/Tax-App-Frontend/node_modules/react-dom/cjs/react-dom.development.js:25889:20)
            at performConcurrentWorkOnRoot (/Users/ryan/Library/Mobile Documents/com~apple~CloudDocs/Documents/VSCode/Tax-App-Frontend/node_modules/react-dom/cjs/react-dom.development.js:25789:22)
            at flushActQueue (/Users/ryan/Library/Mobile Documents/com~apple~CloudDocs/Documents/VSCode/Tax-App-Frontend/node_modules/react/cjs/react.development.js:2667:24)
            at act (/Users/ryan/Library/Mobile Documents/com~apple~CloudDocs/Documents/VSCode/Tax-App-Frontend/node_modules/react/cjs/react.development.js:2582:11)
            at /Users/ryan/Library/Mobile Documents/com~apple~CloudDocs/Documents/VSCode/Tax-App-Frontend/node_modules/@testing-library/react/dist/act-compat.js:46:25
            at renderRoot (/Users/ryan/Library/Mobile Documents/com~apple~CloudDocs/Documents/VSCode/Tax-App-Frontend/node_modules/@testing-library/react/dist/pure.js:189:26)
            at render (/Users/ryan/Library/Mobile Documents/com~apple~CloudDocs/Documents/VSCode/Tax-App-Frontend/node_modules/@testing-library/react/dist/pure.js:291:10)
            at Object.<anonymous> (/Users/ryan/Library/Mobile Documents/com~apple~CloudDocs/Documents/VSCode/Tax-App-Frontend/src/app/forms/1099-div/Form1099Div.error-scenarios.integration.test.tsx:104:13)
            at Promise.finally.completed (/Users/ryan/Library/Mobile Documents/com~apple~CloudDocs/Documents/VSCode/Tax-App-Frontend/node_modules/jest-circus/build/jestAdapterInit.js:1557:28)
            at new Promise (<anonymous>)
            at callAsyncCircusFn (/Users/ryan/Library/Mobile Documents/com~apple~CloudDocs/Documents/VSCode/Tax-App-Frontend/node_modules/jest-circus/build/jestAdapterInit.js:1497:10)
            at _callCircusTest (/Users/ryan/Library/Mobile Documents/com~apple~CloudDocs/Documents/VSCode/Tax-App-Frontend/node_modules/jest-circus/build/jestAdapterInit.js:1007:40)
            at processTicksAndRejections (node:internal/process/task_queues:95:5)
            at _runTest (/Users/ryan/Library/Mobile Documents/com~apple~CloudDocs/Documents/VSCode/Tax-App-Frontend/node_modules/jest-circus/build/jestAdapterInit.js:947:3)
            at /Users/ryan/Library/Mobile Documents/com~apple~CloudDocs/Documents/VSCode/Tax-App-Frontend/node_modules/jest-circus/build/jestAdapterInit.js:849:7
            at _runTestsForDescribeBlock (/Users/ryan/Library/Mobile Documents/com~apple~CloudDocs/Documents/VSCode/Tax-App-Frontend/node_modules/jest-circus/build/jestAdapterInit.js:862:11)
            at _runTestsForDescribeBlock (/Users/ryan/Library/Mobile Documents/com~apple~CloudDocs/Documents/VSCode/Tax-App-Frontend/node_modules/jest-circus/build/jestAdapterInit.js:857:11)
            at _runTestsForDescribeBlock (/Users/ryan/Library/Mobile Documents/com~apple~CloudDocs/Documents/VSCode/Tax-App-Frontend/node_modules/jest-circus/build/jestAdapterInit.js:857:11)
            at run (/Users/ryan/Library/Mobile Documents/com~apple~CloudDocs/Documents/VSCode/Tax-App-Frontend/node_modules/jest-circus/build/jestAdapterInit.js:761:3)
            at runAndTransformResultsToJestFormat (/Users/ryan/Library/Mobile Documents/com~apple~CloudDocs/Documents/VSCode/Tax-App-Frontend/node_modules/jest-circus/build/jestAdapterInit.js:1918:21)
            at jestAdapter (/Users/ryan/Library/Mobile Documents/com~apple~CloudDocs/Documents/VSCode/Tax-App-Frontend/node_modules/jest-circus/build/runner.js:101:19)
            at runTestInternal (/Users/ryan/Library/Mobile Documents/com~apple~CloudDocs/Documents/VSCode/Tax-App-Frontend/node_modules/jest-runner/build/testWorker.js:275:16)
            at runTest (/Users/ryan/Library/Mobile Documents/com~apple~CloudDocs/Documents/VSCode/Tax-App-Frontend/node_modules/jest-runner/build/testWorker.js:343:7)
            at Object.worker (/Users/ryan/Library/Mobile Documents/com~apple~CloudDocs/Documents/VSCode/Tax-App-Frontend/node_modules/jest-runner/build/testWorker.js:497:12),
        type: 'unhandled exception'
      }

      102 |       const user = userEvent.setup();
      103 |       
    > 104 |       render(<Form1099DivClient initialToken={mockToken} />);
          |             ^
      105 |
      106 |       // Fill in required fields with invalid payer TIN
      107 |       const calendarYearInput = screen.getByLabelText(/Tax Year/i);

      at VirtualConsole.<anonymous> (node_modules/@jest/environment-jsdom-abstract/build/index.js:87:23)
      at reportException (node_modules/jsdom/lib/jsdom/living/helpers/runtime-script-errors.js:70:28)
      at innerInvokeEventListeners (node_modules/jsdom/lib/jsdom/living/events/EventTarget-impl.js:353:9)
      at invokeEventListeners (node_modules/jsdom/lib/jsdom/living/events/EventTarget-impl.js:286:3)
      at HTMLUnknownElementImpl._dispatch (node_modules/jsdom/lib/jsdom/living/events/EventTarget-impl.js:233:9)
      at HTMLUnknownElementImpl.dispatchEvent (node_modules/jsdom/lib/jsdom/living/events/EventTarget-impl.js:104:17)
      at HTMLUnknownElement.dispatchEvent (node_modules/jsdom/lib/jsdom/living/generated/EventTarget.js:241:34)
      at Object.invokeGuardedCallbackDev (node_modules/react-dom/cjs/react-dom.development.js:4213:16)
      at invokeGuardedCallback (node_modules/react-dom/cjs/react-dom.development.js:4277:31)
      at beginWork$1 (node_modules/react-dom/cjs/react-dom.development.js:27490:7)
      at performUnitOfWork (node_modules/react-dom/cjs/react-dom.development.js:26599:12)
      at workLoopSync (node_modules/react-dom/cjs/react-dom.development.js:26505:5)
      at renderRootSync (node_modules/react-dom/cjs/react-dom.development.js:26473:7)
      at recoverFromConcurrentError (node_modules/react-dom/cjs/react-dom.development.js:25889:20)
      at performConcurrentWorkOnRoot (node_modules/react-dom/cjs/react-dom.development.js:25789:22)
      at flushActQueue (node_modules/react/cjs/react.development.js:2667:24)
      at act (node_modules/react/cjs/react.development.js:2582:11)
      at node_modules/@testing-library/react/dist/act-compat.js:46:25
      at renderRoot (node_modules/@testing-library/react/dist/pure.js:189:26)
      at render (node_modules/@testing-library/react/dist/pure.js:291:10)
      at Object.<anonymous> (src/app/forms/1099-div/Form1099Div.error-scenarios.integration.test.tsx:104:13)

    console.error
      The above error occurred in the <Form1099DivClient> component:
      
          at initialToken (/Users/ryan/Library/Mobile Documents/com~apple~CloudDocs/Documents/VSCode/Tax-App-Frontend/src/app/forms/1099-div/Form1099DivClient.tsx:69:3)
      
      Consider adding an error boundary to your tree to customize error handling behavior.
      Visit https://reactjs.org/link/error-boundaries to learn more about error boundaries.

      102 |       const user = userEvent.setup();
      103 |       
    > 104 |       render(<Form1099DivClient initialToken={mockToken} />);
          |             ^
      105 |
      106 |       // Fill in required fields with invalid payer TIN
      107 |       const calendarYearInput = screen.getByLabelText(/Tax Year/i);

      at logCapturedError (node_modules/react-dom/cjs/react-dom.development.js:18704:23)
      at update.callback (node_modules/react-dom/cjs/react-dom.development.js:18737:5)
      at callCallback (node_modules/react-dom/cjs/react-dom.development.js:15036:12)
      at commitUpdateQueue (node_modules/react-dom/cjs/react-dom.development.js:15057:9)
      at commitLayoutEffectOnFiber (node_modules/react-dom/cjs/react-dom.development.js:23430:13)
      at commitLayoutMountEffects_complete (node_modules/react-dom/cjs/react-dom.development.js:24727:9)
      at commitLayoutEffects_begin (node_modules/react-dom/cjs/react-dom.development.js:24713:7)
      at commitLayoutEffects (node_modules/react-dom/cjs/react-dom.development.js:24651:3)
      at commitRootImpl (node_modules/react-dom/cjs/react-dom.development.js:26862:5)
      at commitRoot (node_modules/react-dom/cjs/react-dom.development.js:26721:5)
      at finishConcurrentRender (node_modules/react-dom/cjs/react-dom.development.js:25931:9)
      at performConcurrentWorkOnRoot (node_modules/react-dom/cjs/react-dom.development.js:25848:7)
      at flushActQueue (node_modules/react/cjs/react.development.js:2667:24)
      at act (node_modules/react/cjs/react.development.js:2582:11)
      at node_modules/@testing-library/react/dist/act-compat.js:46:25
      at renderRoot (node_modules/@testing-library/react/dist/pure.js:189:26)
      at render (node_modules/@testing-library/react/dist/pure.js:291:10)
      at Object.<anonymous> (src/app/forms/1099-div/Form1099Div.error-scenarios.integration.test.tsx:104:13)

    console.error
      Error: Uncaught [TypeError: (0 , _navigation.usePathname) is not a function]
          at reportException (/Users/ryan/Library/Mobile Documents/com~apple~CloudDocs/Documents/VSCode/Tax-App-Frontend/node_modules/jsdom/lib/jsdom/living/helpers/runtime-script-errors.js:66:24)
          at innerInvokeEventListeners (/Users/ryan/Library/Mobile Documents/com~apple~CloudDocs/Documents/VSCode/Tax-App-Frontend/node_modules/jsdom/lib/jsdom/living/events/EventTarget-impl.js:353:9)
          at invokeEventListeners (/Users/ryan/Library/Mobile Documents/com~apple~CloudDocs/Documents/VSCode/Tax-App-Frontend/node_modules/jsdom/lib/jsdom/living/events/EventTarget-impl.js:286:3)
          at HTMLUnknownElementImpl._dispatch (/Users/ryan/Library/Mobile Documents/com~apple~CloudDocs/Documents/VSCode/Tax-App-Frontend/node_modules/jsdom/lib/jsdom/living/events/EventTarget-impl.js:233:9)
          at HTMLUnknownElementImpl.dispatchEvent (/Users/ryan/Library/Mobile Documents/com~apple~CloudDocs/Documents/VSCode/Tax-App-Frontend/node_modules/jsdom/lib/jsdom/living/events/EventTarget-impl.js:104:17)
          at HTMLUnknownElement.dispatchEvent (/Users/ryan/Library/Mobile Documents/com~apple~CloudDocs/Documents/VSCode/Tax-App-Frontend/node_modules/jsdom/lib/jsdom/living/generated/EventTarget.js:241:34)
          at Object.invokeGuardedCallbackDev (/Users/ryan/Library/Mobile Documents/com~apple~CloudDocs/Documents/VSCode/Tax-App-Frontend/node_modules/react-dom/cjs/react-dom.development.js:4213:16)
          at invokeGuardedCallback (/Users/ryan/Library/Mobile Documents/com~apple~CloudDocs/Documents/VSCode/Tax-App-Frontend/node_modules/react-dom/cjs/react-dom.development.js:4277:31)
          at beginWork$1 (/Users/ryan/Library/Mobile Documents/com~apple~CloudDocs/Documents/VSCode/Tax-App-Frontend/node_modules/react-dom/cjs/react-dom.development.js:27490:7)
          at performUnitOfWork (/Users/ryan/Library/Mobile Documents/com~apple~CloudDocs/Documents/VSCode/Tax-App-Frontend/node_modules/react-dom/cjs/react-dom.development.js:26599:12)
          at workLoopSync (/Users/ryan/Library/Mobile Documents/com~apple~CloudDocs/Documents/VSCode/Tax-App-Frontend/node_modules/react-dom/cjs/react-dom.development.js:26505:5)
          at renderRootSync (/Users/ryan/Library/Mobile Documents/com~apple~CloudDocs/Documents/VSCode/Tax-App-Frontend/node_modules/react-dom/cjs/react-dom.development.js:26473:7)
          at performConcurrentWorkOnRoot (/Users/ryan/Library/Mobile Documents/com~apple~CloudDocs/Documents/VSCode/Tax-App-Frontend/node_modules/react-dom/cjs/react-dom.development.js:25777:74)
          at flushActQueue (/Users/ryan/Library/Mobile Documents/com~apple~CloudDocs/Documents/VSCode/Tax-App-Frontend/node_modules/react/cjs/react.development.js:2667:24)
          at act (/Users/ryan/Library/Mobile Documents/com~apple~CloudDocs/Documents/VSCode/Tax-App-Frontend/node_modules/react/cjs/react.development.js:2582:11)
          at /Users/ryan/Library/Mobile Documents/com~apple~CloudDocs/Documents/VSCode/Tax-App-Frontend/node_modules/@testing-library/react/dist/act-compat.js:46:25
          at renderRoot (/Users/ryan/Library/Mobile Documents/com~apple~CloudDocs/Documents/VSCode/Tax-App-Frontend/node_modules/@testing-library/react/dist/pure.js:189:26)
          at render (/Users/ryan/Library/Mobile Documents/com~apple~CloudDocs/Documents/VSCode/Tax-App-Frontend/node_modules/@testing-library/react/dist/pure.js:291:10)
          at Object.<anonymous> (/Users/ryan/Library/Mobile Documents/com~apple~CloudDocs/Documents/VSCode/Tax-App-Frontend/src/app/forms/1099-div/Form1099Div.error-scenarios.integration.test.tsx:136:13)
          at Promise.finally.completed (/Users/ryan/Library/Mobile Documents/com~apple~CloudDocs/Documents/VSCode/Tax-App-Frontend/node_modules/jest-circus/build/jestAdapterInit.js:1557:28)
          at new Promise (<anonymous>)
          at callAsyncCircusFn (/Users/ryan/Library/Mobile Documents/com~apple~CloudDocs/Documents/VSCode/Tax-App-Frontend/node_modules/jest-circus/build/jestAdapterInit.js:1497:10)
          at _callCircusTest (/Users/ryan/Library/Mobile Documents/com~apple~CloudDocs/Documents/VSCode/Tax-App-Frontend/node_modules/jest-circus/build/jestAdapterInit.js:1007:40)
          at processTicksAndRejections (node:internal/process/task_queues:95:5)
          at _runTest (/Users/ryan/Library/Mobile Documents/com~apple~CloudDocs/Documents/VSCode/Tax-App-Frontend/node_modules/jest-circus/build/jestAdapterInit.js:947:3)
          at /Users/ryan/Library/Mobile Documents/com~apple~CloudDocs/Documents/VSCode/Tax-App-Frontend/node_modules/jest-circus/build/jestAdapterInit.js:849:7
          at _runTestsForDescribeBlock (/Users/ryan/Library/Mobile Documents/com~apple~CloudDocs/Documents/VSCode/Tax-App-Frontend/node_modules/jest-circus/build/jestAdapterInit.js:862:11)
          at _runTestsForDescribeBlock (/Users/ryan/Library/Mobile Documents/com~apple~CloudDocs/Documents/VSCode/Tax-App-Frontend/node_modules/jest-circus/build/jestAdapterInit.js:857:11)
          at _runTestsForDescribeBlock (/Users/ryan/Library/Mobile Documents/com~apple~CloudDocs/Documents/VSCode/Tax-App-Frontend/node_modules/jest-circus/build/jestAdapterInit.js:857:11)
          at run (/Users/ryan/Library/Mobile Documents/com~apple~CloudDocs/Documents/VSCode/Tax-App-Frontend/node_modules/jest-circus/build/jestAdapterInit.js:761:3)
          at runAndTransformResultsToJestFormat (/Users/ryan/Library/Mobile Documents/com~apple~CloudDocs/Documents/VSCode/Tax-App-Frontend/node_modules/jest-circus/build/jestAdapterInit.js:1918:21)
          at jestAdapter (/Users/ryan/Library/Mobile Documents/com~apple~CloudDocs/Documents/VSCode/Tax-App-Frontend/node_modules/jest-circus/build/runner.js:101:19)
          at runTestInternal (/Users/ryan/Library/Mobile Documents/com~apple~CloudDocs/Documents/VSCode/Tax-App-Frontend/node_modules/jest-runner/build/testWorker.js:275:16)
          at runTest (/Users/ryan/Library/Mobile Documents/com~apple~CloudDocs/Documents/VSCode/Tax-App-Frontend/node_modules/jest-runner/build/testWorker.js:343:7)
          at Object.worker (/Users/ryan/Library/Mobile Documents/com~apple~CloudDocs/Documents/VSCode/Tax-App-Frontend/node_modules/jest-runner/build/testWorker.js:497:12) {
        detail: TypeError: (0 , _navigation.usePathname) is not a function
            at useForm1099Div (/Users/ryan/Library/Mobile Documents/com~apple~CloudDocs/Documents/VSCode/Tax-App-Frontend/src/hooks/useForm1099Div.ts:120:31)
            at Form1099DivClient (/Users/ryan/Library/Mobile Documents/com~apple~CloudDocs/Documents/VSCode/Tax-App-Frontend/src/app/forms/1099-div/Form1099DivClient.tsx:96:21)
            at renderWithHooks (/Users/ryan/Library/Mobile Documents/com~apple~CloudDocs/Documents/VSCode/Tax-App-Frontend/node_modules/react-dom/cjs/react-dom.development.js:15486:18)
            at mountIndeterminateComponent (/Users/ryan/Library/Mobile Documents/com~apple~CloudDocs/Documents/VSCode/Tax-App-Frontend/node_modules/react-dom/cjs/react-dom.development.js:20103:13)
            at beginWork (/Users/ryan/Library/Mobile Documents/com~apple~CloudDocs/Documents/VSCode/Tax-App-Frontend/node_modules/react-dom/cjs/react-dom.development.js:21626:16)
            at HTMLUnknownElement.callCallback (/Users/ryan/Library/Mobile Documents/com~apple~CloudDocs/Documents/VSCode/Tax-App-Frontend/node_modules/react-dom/cjs/react-dom.development.js:4164:14)
            at HTMLUnknownElement.callTheUserObjectsOperation (/Users/ryan/Library/Mobile Documents/com~apple~CloudDocs/Documents/VSCode/Tax-App-Frontend/node_modules/jsdom/lib/jsdom/living/generated/EventListener.js:26:30)
            at innerInvokeEventListeners (/Users/ryan/Library/Mobile Documents/com~apple~CloudDocs/Documents/VSCode/Tax-App-Frontend/node_modules/jsdom/lib/jsdom/living/events/EventTarget-impl.js:350:25)
            at invokeEventListeners (/Users/ryan/Library/Mobile Documents/com~apple~CloudDocs/Documents/VSCode/Tax-App-Frontend/node_modules/jsdom/lib/jsdom/living/events/EventTarget-impl.js:286:3)
            at HTMLUnknownElementImpl._dispatch (/Users/ryan/Library/Mobile Documents/com~apple~CloudDocs/Documents/VSCode/Tax-App-Frontend/node_modules/jsdom/lib/jsdom/living/events/EventTarget-impl.js:233:9)
            at HTMLUnknownElementImpl.dispatchEvent (/Users/ryan/Library/Mobile Documents/com~apple~CloudDocs/Documents/VSCode/Tax-App-Frontend/node_modules/jsdom/lib/jsdom/living/events/EventTarget-impl.js:104:17)
            at HTMLUnknownElement.dispatchEvent (/Users/ryan/Library/Mobile Documents/com~apple~CloudDocs/Documents/VSCode/Tax-App-Frontend/node_modules/jsdom/lib/jsdom/living/generated/EventTarget.js:241:34)
            at Object.invokeGuardedCallbackDev (/Users/ryan/Library/Mobile Documents/com~apple~CloudDocs/Documents/VSCode/Tax-App-Frontend/node_modules/react-dom/cjs/react-dom.development.js:4213:16)
            at invokeGuardedCallback (/Users/ryan/Library/Mobile Documents/com~apple~CloudDocs/Documents/VSCode/Tax-App-Frontend/node_modules/react-dom/cjs/react-dom.development.js:4277:31)
            at beginWork$1 (/Users/ryan/Library/Mobile Documents/com~apple~CloudDocs/Documents/VSCode/Tax-App-Frontend/node_modules/react-dom/cjs/react-dom.development.js:27490:7)
            at performUnitOfWork (/Users/ryan/Library/Mobile Documents/com~apple~CloudDocs/Documents/VSCode/Tax-App-Frontend/node_modules/react-dom/cjs/react-dom.development.js:26599:12)
            at workLoopSync (/Users/ryan/Library/Mobile Documents/com~apple~CloudDocs/Documents/VSCode/Tax-App-Frontend/node_modules/react-dom/cjs/react-dom.development.js:26505:5)
            at renderRootSync (/Users/ryan/Library/Mobile Documents/com~apple~CloudDocs/Documents/VSCode/Tax-App-Frontend/node_modules/react-dom/cjs/react-dom.development.js:26473:7)
            at performConcurrentWorkOnRoot (/Users/ryan/Library/Mobile Documents/com~apple~CloudDocs/Documents/VSCode/Tax-App-Frontend/node_modules/react-dom/cjs/react-dom.development.js:25777:74)
            at flushActQueue (/Users/ryan/Library/Mobile Documents/com~apple~CloudDocs/Documents/VSCode/Tax-App-Frontend/node_modules/react/cjs/react.development.js:2667:24)
            at act (/Users/ryan/Library/Mobile Documents/com~apple~CloudDocs/Documents/VSCode/Tax-App-Frontend/node_modules/react/cjs/react.development.js:2582:11)
            at /Users/ryan/Library/Mobile Documents/com~apple~CloudDocs/Documents/VSCode/Tax-App-Frontend/node_modules/@testing-library/react/dist/act-compat.js:46:25
            at renderRoot (/Users/ryan/Library/Mobile Documents/com~apple~CloudDocs/Documents/VSCode/Tax-App-Frontend/node_modules/@testing-library/react/dist/pure.js:189:26)
            at render (/Users/ryan/Library/Mobile Documents/com~apple~CloudDocs/Documents/VSCode/Tax-App-Frontend/node_modules/@testing-library/react/dist/pure.js:291:10)
            at Object.<anonymous> (/Users/ryan/Library/Mobile Documents/com~apple~CloudDocs/Documents/VSCode/Tax-App-Frontend/src/app/forms/1099-div/Form1099Div.error-scenarios.integration.test.tsx:136:13)
            at Promise.finally.completed (/Users/ryan/Library/Mobile Documents/com~apple~CloudDocs/Documents/VSCode/Tax-App-Frontend/node_modules/jest-circus/build/jestAdapterInit.js:1557:28)
            at new Promise (<anonymous>)
            at callAsyncCircusFn (/Users/ryan/Library/Mobile Documents/com~apple~CloudDocs/Documents/VSCode/Tax-App-Frontend/node_modules/jest-circus/build/jestAdapterInit.js:1497:10)
            at _callCircusTest (/Users/ryan/Library/Mobile Documents/com~apple~CloudDocs/Documents/VSCode/Tax-App-Frontend/node_modules/jest-circus/build/jestAdapterInit.js:1007:40)
            at processTicksAndRejections (node:internal/process/task_queues:95:5)
            at _runTest (/Users/ryan/Library/Mobile Documents/com~apple~CloudDocs/Documents/VSCode/Tax-App-Frontend/node_modules/jest-circus/build/jestAdapterInit.js:947:3)
            at /Users/ryan/Library/Mobile Documents/com~apple~CloudDocs/Documents/VSCode/Tax-App-Frontend/node_modules/jest-circus/build/jestAdapterInit.js:849:7
            at _runTestsForDescribeBlock (/Users/ryan/Library/Mobile Documents/com~apple~CloudDocs/Documents/VSCode/Tax-App-Frontend/node_modules/jest-circus/build/jestAdapterInit.js:862:11)
            at _runTestsForDescribeBlock (/Users/ryan/Library/Mobile Documents/com~apple~CloudDocs/Documents/VSCode/Tax-App-Frontend/node_modules/jest-circus/build/jestAdapterInit.js:857:11)
            at _runTestsForDescribeBlock (/Users/ryan/Library/Mobile Documents/com~apple~CloudDocs/Documents/VSCode/Tax-App-Frontend/node_modules/jest-circus/build/jestAdapterInit.js:857:11)
            at run (/Users/ryan/Library/Mobile Documents/com~apple~CloudDocs/Documents/VSCode/Tax-App-Frontend/node_modules/jest-circus/build/jestAdapterInit.js:761:3)
            at runAndTransformResultsToJestFormat (/Users/ryan/Library/Mobile Documents/com~apple~CloudDocs/Documents/VSCode/Tax-App-Frontend/node_modules/jest-circus/build/jestAdapterInit.js:1918:21)
            at jestAdapter (/Users/ryan/Library/Mobile Documents/com~apple~CloudDocs/Documents/VSCode/Tax-App-Frontend/node_modules/jest-circus/build/runner.js:101:19)
            at runTestInternal (/Users/ryan/Library/Mobile Documents/com~apple~CloudDocs/Documents/VSCode/Tax-App-Frontend/node_modules/jest-runner/build/testWorker.js:275:16)
            at runTest (/Users/ryan/Library/Mobile Documents/com~apple~CloudDocs/Documents/VSCode/Tax-App-Frontend/node_modules/jest-runner/build/testWorker.js:343:7)
            at Object.worker (/Users/ryan/Library/Mobile Documents/com~apple~CloudDocs/Documents/VSCode/Tax-App-Frontend/node_modules/jest-runner/build/testWorker.js:497:12),
        type: 'unhandled exception'
      }

      134 |       const user = userEvent.setup();
      135 |       
    > 136 |       render(<Form1099DivClient initialToken={mockToken} />);
          |             ^
      137 |
      138 |       // Fill in required fields with invalid recipient TIN
      139 |       const calendarYearInput = screen.getByLabelText(/Tax Year/i);

      at VirtualConsole.<anonymous> (node_modules/@jest/environment-jsdom-abstract/build/index.js:87:23)
      at reportException (node_modules/jsdom/lib/jsdom/living/helpers/runtime-script-errors.js:70:28)
      at innerInvokeEventListeners (node_modules/jsdom/lib/jsdom/living/events/EventTarget-impl.js:353:9)
      at invokeEventListeners (node_modules/jsdom/lib/jsdom/living/events/EventTarget-impl.js:286:3)
      at HTMLUnknownElementImpl._dispatch (node_modules/jsdom/lib/jsdom/living/events/EventTarget-impl.js:233:9)
      at HTMLUnknownElementImpl.dispatchEvent (node_modules/jsdom/lib/jsdom/living/events/EventTarget-impl.js:104:17)
      at HTMLUnknownElement.dispatchEvent (node_modules/jsdom/lib/jsdom/living/generated/EventTarget.js:241:34)
      at Object.invokeGuardedCallbackDev (node_modules/react-dom/cjs/react-dom.development.js:4213:16)
      at invokeGuardedCallback (node_modules/react-dom/cjs/react-dom.development.js:4277:31)
      at beginWork$1 (node_modules/react-dom/cjs/react-dom.development.js:27490:7)
      at performUnitOfWork (node_modules/react-dom/cjs/react-dom.development.js:26599:12)
      at workLoopSync (node_modules/react-dom/cjs/react-dom.development.js:26505:5)
      at renderRootSync (node_modules/react-dom/cjs/react-dom.development.js:26473:7)
      at performConcurrentWorkOnRoot (node_modules/react-dom/cjs/react-dom.development.js:25777:74)
      at flushActQueue (node_modules/react/cjs/react.development.js:2667:24)
      at act (node_modules/react/cjs/react.development.js:2582:11)
      at node_modules/@testing-library/react/dist/act-compat.js:46:25
      at renderRoot (node_modules/@testing-library/react/dist/pure.js:189:26)
      at render (node_modules/@testing-library/react/dist/pure.js:291:10)
      at Object.<anonymous> (src/app/forms/1099-div/Form1099Div.error-scenarios.integration.test.tsx:136:13)

    console.error
      Error: Uncaught [TypeError: (0 , _navigation.usePathname) is not a function]
          at reportException (/Users/ryan/Library/Mobile Documents/com~apple~CloudDocs/Documents/VSCode/Tax-App-Frontend/node_modules/jsdom/lib/jsdom/living/helpers/runtime-script-errors.js:66:24)
          at innerInvokeEventListeners (/Users/ryan/Library/Mobile Documents/com~apple~CloudDocs/Documents/VSCode/Tax-App-Frontend/node_modules/jsdom/lib/jsdom/living/events/EventTarget-impl.js:353:9)
          at invokeEventListeners (/Users/ryan/Library/Mobile Documents/com~apple~CloudDocs/Documents/VSCode/Tax-App-Frontend/node_modules/jsdom/lib/jsdom/living/events/EventTarget-impl.js:286:3)
          at HTMLUnknownElementImpl._dispatch (/Users/ryan/Library/Mobile Documents/com~apple~CloudDocs/Documents/VSCode/Tax-App-Frontend/node_modules/jsdom/lib/jsdom/living/events/EventTarget-impl.js:233:9)
          at HTMLUnknownElementImpl.dispatchEvent (/Users/ryan/Library/Mobile Documents/com~apple~CloudDocs/Documents/VSCode/Tax-App-Frontend/node_modules/jsdom/lib/jsdom/living/events/EventTarget-impl.js:104:17)
          at HTMLUnknownElement.dispatchEvent (/Users/ryan/Library/Mobile Documents/com~apple~CloudDocs/Documents/VSCode/Tax-App-Frontend/node_modules/jsdom/lib/jsdom/living/generated/EventTarget.js:241:34)
          at Object.invokeGuardedCallbackDev (/Users/ryan/Library/Mobile Documents/com~apple~CloudDocs/Documents/VSCode/Tax-App-Frontend/node_modules/react-dom/cjs/react-dom.development.js:4213:16)
          at invokeGuardedCallback (/Users/ryan/Library/Mobile Documents/com~apple~CloudDocs/Documents/VSCode/Tax-App-Frontend/node_modules/react-dom/cjs/react-dom.development.js:4277:31)
          at beginWork$1 (/Users/ryan/Library/Mobile Documents/com~apple~CloudDocs/Documents/VSCode/Tax-App-Frontend/node_modules/react-dom/cjs/react-dom.development.js:27490:7)
          at performUnitOfWork (/Users/ryan/Library/Mobile Documents/com~apple~CloudDocs/Documents/VSCode/Tax-App-Frontend/node_modules/react-dom/cjs/react-dom.development.js:26599:12)
          at workLoopSync (/Users/ryan/Library/Mobile Documents/com~apple~CloudDocs/Documents/VSCode/Tax-App-Frontend/node_modules/react-dom/cjs/react-dom.development.js:26505:5)
          at renderRootSync (/Users/ryan/Library/Mobile Documents/com~apple~CloudDocs/Documents/VSCode/Tax-App-Frontend/node_modules/react-dom/cjs/react-dom.development.js:26473:7)
          at recoverFromConcurrentError (/Users/ryan/Library/Mobile Documents/com~apple~CloudDocs/Documents/VSCode/Tax-App-Frontend/node_modules/react-dom/cjs/react-dom.development.js:25889:20)
          at performConcurrentWorkOnRoot (/Users/ryan/Library/Mobile Documents/com~apple~CloudDocs/Documents/VSCode/Tax-App-Frontend/node_modules/react-dom/cjs/react-dom.development.js:25789:22)
          at flushActQueue (/Users/ryan/Library/Mobile Documents/com~apple~CloudDocs/Documents/VSCode/Tax-App-Frontend/node_modules/react/cjs/react.development.js:2667:24)
          at act (/Users/ryan/Library/Mobile Documents/com~apple~CloudDocs/Documents/VSCode/Tax-App-Frontend/node_modules/react/cjs/react.development.js:2582:11)
          at /Users/ryan/Library/Mobile Documents/com~apple~CloudDocs/Documents/VSCode/Tax-App-Frontend/node_modules/@testing-library/react/dist/act-compat.js:46:25
          at renderRoot (/Users/ryan/Library/Mobile Documents/com~apple~CloudDocs/Documents/VSCode/Tax-App-Frontend/node_modules/@testing-library/react/dist/pure.js:189:26)
          at render (/Users/ryan/Library/Mobile Documents/com~apple~CloudDocs/Documents/VSCode/Tax-App-Frontend/node_modules/@testing-library/react/dist/pure.js:291:10)
          at Object.<anonymous> (/Users/ryan/Library/Mobile Documents/com~apple~CloudDocs/Documents/VSCode/Tax-App-Frontend/src/app/forms/1099-div/Form1099Div.error-scenarios.integration.test.tsx:136:13)
          at Promise.finally.completed (/Users/ryan/Library/Mobile Documents/com~apple~CloudDocs/Documents/VSCode/Tax-App-Frontend/node_modules/jest-circus/build/jestAdapterInit.js:1557:28)
          at new Promise (<anonymous>)
          at callAsyncCircusFn (/Users/ryan/Library/Mobile Documents/com~apple~CloudDocs/Documents/VSCode/Tax-App-Frontend/node_modules/jest-circus/build/jestAdapterInit.js:1497:10)
          at _callCircusTest (/Users/ryan/Library/Mobile Documents/com~apple~CloudDocs/Documents/VSCode/Tax-App-Frontend/node_modules/jest-circus/build/jestAdapterInit.js:1007:40)
          at processTicksAndRejections (node:internal/process/task_queues:95:5)
          at _runTest (/Users/ryan/Library/Mobile Documents/com~apple~CloudDocs/Documents/VSCode/Tax-App-Frontend/node_modules/jest-circus/build/jestAdapterInit.js:947:3)
          at /Users/ryan/Library/Mobile Documents/com~apple~CloudDocs/Documents/VSCode/Tax-App-Frontend/node_modules/jest-circus/build/jestAdapterInit.js:849:7
          at _runTestsForDescribeBlock (/Users/ryan/Library/Mobile Documents/com~apple~CloudDocs/Documents/VSCode/Tax-App-Frontend/node_modules/jest-circus/build/jestAdapterInit.js:862:11)
          at _runTestsForDescribeBlock (/Users/ryan/Library/Mobile Documents/com~apple~CloudDocs/Documents/VSCode/Tax-App-Frontend/node_modules/jest-circus/build/jestAdapterInit.js:857:11)
          at _runTestsForDescribeBlock (/Users/ryan/Library/Mobile Documents/com~apple~CloudDocs/Documents/VSCode/Tax-App-Frontend/node_modules/jest-circus/build/jestAdapterInit.js:857:11)
          at run (/Users/ryan/Library/Mobile Documents/com~apple~CloudDocs/Documents/VSCode/Tax-App-Frontend/node_modules/jest-circus/build/jestAdapterInit.js:761:3)
          at runAndTransformResultsToJestFormat (/Users/ryan/Library/Mobile Documents/com~apple~CloudDocs/Documents/VSCode/Tax-App-Frontend/node_modules/jest-circus/build/jestAdapterInit.js:1918:21)
          at jestAdapter (/Users/ryan/Library/Mobile Documents/com~apple~CloudDocs/Documents/VSCode/Tax-App-Frontend/node_modules/jest-circus/build/runner.js:101:19)
          at runTestInternal (/Users/ryan/Library/Mobile Documents/com~apple~CloudDocs/Documents/VSCode/Tax-App-Frontend/node_modules/jest-runner/build/testWorker.js:275:16)
          at runTest (/Users/ryan/Library/Mobile Documents/com~apple~CloudDocs/Documents/VSCode/Tax-App-Frontend/node_modules/jest-runner/build/testWorker.js:343:7)
          at Object.worker (/Users/ryan/Library/Mobile Documents/com~apple~CloudDocs/Documents/VSCode/Tax-App-Frontend/node_modules/jest-runner/build/testWorker.js:497:12) {
        detail: TypeError: (0 , _navigation.usePathname) is not a function
            at useForm1099Div (/Users/ryan/Library/Mobile Documents/com~apple~CloudDocs/Documents/VSCode/Tax-App-Frontend/src/hooks/useForm1099Div.ts:120:31)
            at Form1099DivClient (/Users/ryan/Library/Mobile Documents/com~apple~CloudDocs/Documents/VSCode/Tax-App-Frontend/src/app/forms/1099-div/Form1099DivClient.tsx:96:21)
            at renderWithHooks (/Users/ryan/Library/Mobile Documents/com~apple~CloudDocs/Documents/VSCode/Tax-App-Frontend/node_modules/react-dom/cjs/react-dom.development.js:15486:18)
            at mountIndeterminateComponent (/Users/ryan/Library/Mobile Documents/com~apple~CloudDocs/Documents/VSCode/Tax-App-Frontend/node_modules/react-dom/cjs/react-dom.development.js:20103:13)
            at beginWork (/Users/ryan/Library/Mobile Documents/com~apple~CloudDocs/Documents/VSCode/Tax-App-Frontend/node_modules/react-dom/cjs/react-dom.development.js:21626:16)
            at HTMLUnknownElement.callCallback (/Users/ryan/Library/Mobile Documents/com~apple~CloudDocs/Documents/VSCode/Tax-App-Frontend/node_modules/react-dom/cjs/react-dom.development.js:4164:14)
            at HTMLUnknownElement.callTheUserObjectsOperation (/Users/ryan/Library/Mobile Documents/com~apple~CloudDocs/Documents/VSCode/Tax-App-Frontend/node_modules/jsdom/lib/jsdom/living/generated/EventListener.js:26:30)
            at innerInvokeEventListeners (/Users/ryan/Library/Mobile Documents/com~apple~CloudDocs/Documents/VSCode/Tax-App-Frontend/node_modules/jsdom/lib/jsdom/living/events/EventTarget-impl.js:350:25)
            at invokeEventListeners (/Users/ryan/Library/Mobile Documents/com~apple~CloudDocs/Documents/VSCode/Tax-App-Frontend/node_modules/jsdom/lib/jsdom/living/events/EventTarget-impl.js:286:3)
            at HTMLUnknownElementImpl._dispatch (/Users/ryan/Library/Mobile Documents/com~apple~CloudDocs/Documents/VSCode/Tax-App-Frontend/node_modules/jsdom/lib/jsdom/living/events/EventTarget-impl.js:233:9)
            at HTMLUnknownElementImpl.dispatchEvent (/Users/ryan/Library/Mobile Documents/com~apple~CloudDocs/Documents/VSCode/Tax-App-Frontend/node_modules/jsdom/lib/jsdom/living/events/EventTarget-impl.js:104:17)
            at HTMLUnknownElement.dispatchEvent (/Users/ryan/Library/Mobile Documents/com~apple~CloudDocs/Documents/VSCode/Tax-App-Frontend/node_modules/jsdom/lib/jsdom/living/generated/EventTarget.js:241:34)
            at Object.invokeGuardedCallbackDev (/Users/ryan/Library/Mobile Documents/com~apple~CloudDocs/Documents/VSCode/Tax-App-Frontend/node_modules/react-dom/cjs/react-dom.development.js:4213:16)
            at invokeGuardedCallback (/Users/ryan/Library/Mobile Documents/com~apple~CloudDocs/Documents/VSCode/Tax-App-Frontend/node_modules/react-dom/cjs/react-dom.development.js:4277:31)
            at beginWork$1 (/Users/ryan/Library/Mobile Documents/com~apple~CloudDocs/Documents/VSCode/Tax-App-Frontend/node_modules/react-dom/cjs/react-dom.development.js:27490:7)
            at performUnitOfWork (/Users/ryan/Library/Mobile Documents/com~apple~CloudDocs/Documents/VSCode/Tax-App-Frontend/node_modules/react-dom/cjs/react-dom.development.js:26599:12)
            at workLoopSync (/Users/ryan/Library/Mobile Documents/com~apple~CloudDocs/Documents/VSCode/Tax-App-Frontend/node_modules/react-dom/cjs/react-dom.development.js:26505:5)
            at renderRootSync (/Users/ryan/Library/Mobile Documents/com~apple~CloudDocs/Documents/VSCode/Tax-App-Frontend/node_modules/react-dom/cjs/react-dom.development.js:26473:7)
            at recoverFromConcurrentError (/Users/ryan/Library/Mobile Documents/com~apple~CloudDocs/Documents/VSCode/Tax-App-Frontend/node_modules/react-dom/cjs/react-dom.development.js:25889:20)
            at performConcurrentWorkOnRoot (/Users/ryan/Library/Mobile Documents/com~apple~CloudDocs/Documents/VSCode/Tax-App-Frontend/node_modules/react-dom/cjs/react-dom.development.js:25789:22)
            at flushActQueue (/Users/ryan/Library/Mobile Documents/com~apple~CloudDocs/Documents/VSCode/Tax-App-Frontend/node_modules/react/cjs/react.development.js:2667:24)
            at act (/Users/ryan/Library/Mobile Documents/com~apple~CloudDocs/Documents/VSCode/Tax-App-Frontend/node_modules/react/cjs/react.development.js:2582:11)
            at /Users/ryan/Library/Mobile Documents/com~apple~CloudDocs/Documents/VSCode/Tax-App-Frontend/node_modules/@testing-library/react/dist/act-compat.js:46:25
            at renderRoot (/Users/ryan/Library/Mobile Documents/com~apple~CloudDocs/Documents/VSCode/Tax-App-Frontend/node_modules/@testing-library/react/dist/pure.js:189:26)
            at render (/Users/ryan/Library/Mobile Documents/com~apple~CloudDocs/Documents/VSCode/Tax-App-Frontend/node_modules/@testing-library/react/dist/pure.js:291:10)
            at Object.<anonymous> (/Users/ryan/Library/Mobile Documents/com~apple~CloudDocs/Documents/VSCode/Tax-App-Frontend/src/app/forms/1099-div/Form1099Div.error-scenarios.integration.test.tsx:136:13)
            at Promise.finally.completed (/Users/ryan/Library/Mobile Documents/com~apple~CloudDocs/Documents/VSCode/Tax-App-Frontend/node_modules/jest-circus/build/jestAdapterInit.js:1557:28)
            at new Promise (<anonymous>)
            at callAsyncCircusFn (/Users/ryan/Library/Mobile Documents/com~apple~CloudDocs/Documents/VSCode/Tax-App-Frontend/node_modules/jest-circus/build/jestAdapterInit.js:1497:10)
            at _callCircusTest (/Users/ryan/Library/Mobile Documents/com~apple~CloudDocs/Documents/VSCode/Tax-App-Frontend/node_modules/jest-circus/build/jestAdapterInit.js:1007:40)
            at processTicksAndRejections (node:internal/process/task_queues:95:5)
            at _runTest (/Users/ryan/Library/Mobile Documents/com~apple~CloudDocs/Documents/VSCode/Tax-App-Frontend/node_modules/jest-circus/build/jestAdapterInit.js:947:3)
            at /Users/ryan/Library/Mobile Documents/com~apple~CloudDocs/Documents/VSCode/Tax-App-Frontend/node_modules/jest-circus/build/jestAdapterInit.js:849:7
            at _runTestsForDescribeBlock (/Users/ryan/Library/Mobile Documents/com~apple~CloudDocs/Documents/VSCode/Tax-App-Frontend/node_modules/jest-circus/build/jestAdapterInit.js:862:11)
            at _runTestsForDescribeBlock (/Users/ryan/Library/Mobile Documents/com~apple~CloudDocs/Documents/VSCode/Tax-App-Frontend/node_modules/jest-circus/build/jestAdapterInit.js:857:11)
            at _runTestsForDescribeBlock (/Users/ryan/Library/Mobile Documents/com~apple~CloudDocs/Documents/VSCode/Tax-App-Frontend/node_modules/jest-circus/build/jestAdapterInit.js:857:11)
            at run (/Users/ryan/Library/Mobile Documents/com~apple~CloudDocs/Documents/VSCode/Tax-App-Frontend/node_modules/jest-circus/build/jestAdapterInit.js:761:3)
            at runAndTransformResultsToJestFormat (/Users/ryan/Library/Mobile Documents/com~apple~CloudDocs/Documents/VSCode/Tax-App-Frontend/node_modules/jest-circus/build/jestAdapterInit.js:1918:21)
            at jestAdapter (/Users/ryan/Library/Mobile Documents/com~apple~CloudDocs/Documents/VSCode/Tax-App-Frontend/node_modules/jest-circus/build/runner.js:101:19)
            at runTestInternal (/Users/ryan/Library/Mobile Documents/com~apple~CloudDocs/Documents/VSCode/Tax-App-Frontend/node_modules/jest-runner/build/testWorker.js:275:16)
            at runTest (/Users/ryan/Library/Mobile Documents/com~apple~CloudDocs/Documents/VSCode/Tax-App-Frontend/node_modules/jest-runner/build/testWorker.js:343:7)
            at Object.worker (/Users/ryan/Library/Mobile Documents/com~apple~CloudDocs/Documents/VSCode/Tax-App-Frontend/node_modules/jest-runner/build/testWorker.js:497:12),
        type: 'unhandled exception'
      }

      134 |       const user = userEvent.setup();
      135 |       
    > 136 |       render(<Form1099DivClient initialToken={mockToken} />);
          |             ^
      137 |
      138 |       // Fill in required fields with invalid recipient TIN
      139 |       const calendarYearInput = screen.getByLabelText(/Tax Year/i);

      at VirtualConsole.<anonymous> (node_modules/@jest/environment-jsdom-abstract/build/index.js:87:23)
      at reportException (node_modules/jsdom/lib/jsdom/living/helpers/runtime-script-errors.js:70:28)
      at innerInvokeEventListeners (node_modules/jsdom/lib/jsdom/living/events/EventTarget-impl.js:353:9)
      at invokeEventListeners (node_modules/jsdom/lib/jsdom/living/events/EventTarget-impl.js:286:3)
      at HTMLUnknownElementImpl._dispatch (node_modules/jsdom/lib/jsdom/living/events/EventTarget-impl.js:233:9)
      at HTMLUnknownElementImpl.dispatchEvent (node_modules/jsdom/lib/jsdom/living/events/EventTarget-impl.js:104:17)
      at HTMLUnknownElement.dispatchEvent (node_modules/jsdom/lib/jsdom/living/generated/EventTarget.js:241:34)
      at Object.invokeGuardedCallbackDev (node_modules/react-dom/cjs/react-dom.development.js:4213:16)
      at invokeGuardedCallback (node_modules/react-dom/cjs/react-dom.development.js:4277:31)
      at beginWork$1 (node_modules/react-dom/cjs/react-dom.development.js:27490:7)
      at performUnitOfWork (node_modules/react-dom/cjs/react-dom.development.js:26599:12)
      at workLoopSync (node_modules/react-dom/cjs/react-dom.development.js:26505:5)
      at renderRootSync (node_modules/react-dom/cjs/react-dom.development.js:26473:7)
      at recoverFromConcurrentError (node_modules/react-dom/cjs/react-dom.development.js:25889:20)
      at performConcurrentWorkOnRoot (node_modules/react-dom/cjs/react-dom.development.js:25789:22)
      at flushActQueue (node_modules/react/cjs/react.development.js:2667:24)
      at act (node_modules/react/cjs/react.development.js:2582:11)
      at node_modules/@testing-library/react/dist/act-compat.js:46:25
      at renderRoot (node_modules/@testing-library/react/dist/pure.js:189:26)
      at render (node_modules/@testing-library/react/dist/pure.js:291:10)
      at Object.<anonymous> (src/app/forms/1099-div/Form1099Div.error-scenarios.integration.test.tsx:136:13)

    console.error
      The above error occurred in the <Form1099DivClient> component:
      
          at initialToken (/Users/ryan/Library/Mobile Documents/com~apple~CloudDocs/Documents/VSCode/Tax-App-Frontend/src/app/forms/1099-div/Form1099DivClient.tsx:69:3)
      
      Consider adding an error boundary to your tree to customize error handling behavior.
      Visit https://reactjs.org/link/error-boundaries to learn more about error boundaries.

      134 |       const user = userEvent.setup();
      135 |       
    > 136 |       render(<Form1099DivClient initialToken={mockToken} />);
          |             ^
      137 |
      138 |       // Fill in required fields with invalid recipient TIN
      139 |       const calendarYearInput = screen.getByLabelText(/Tax Year/i);

      at logCapturedError (node_modules/react-dom/cjs/react-dom.development.js:18704:23)
      at update.callback (node_modules/react-dom/cjs/react-dom.development.js:18737:5)
      at callCallback (node_modules/react-dom/cjs/react-dom.development.js:15036:12)
      at commitUpdateQueue (node_modules/react-dom/cjs/react-dom.development.js:15057:9)
      at commitLayoutEffectOnFiber (node_modules/react-dom/cjs/react-dom.development.js:23430:13)
      at commitLayoutMountEffects_complete (node_modules/react-dom/cjs/react-dom.development.js:24727:9)
      at commitLayoutEffects_begin (node_modules/react-dom/cjs/react-dom.development.js:24713:7)
      at commitLayoutEffects (node_modules/react-dom/cjs/react-dom.development.js:24651:3)
      at commitRootImpl (node_modules/react-dom/cjs/react-dom.development.js:26862:5)
      at commitRoot (node_modules/react-dom/cjs/react-dom.development.js:26721:5)
      at finishConcurrentRender (node_modules/react-dom/cjs/react-dom.development.js:25931:9)
      at performConcurrentWorkOnRoot (node_modules/react-dom/cjs/react-dom.development.js:25848:7)
      at flushActQueue (node_modules/react/cjs/react.development.js:2667:24)
      at act (node_modules/react/cjs/react.development.js:2582:11)
      at node_modules/@testing-library/react/dist/act-compat.js:46:25
      at renderRoot (node_modules/@testing-library/react/dist/pure.js:189:26)
      at render (node_modules/@testing-library/react/dist/pure.js:291:10)
      at Object.<anonymous> (src/app/forms/1099-div/Form1099Div.error-scenarios.integration.test.tsx:136:13)

    console.error
      Error: Uncaught [TypeError: (0 , _navigation.usePathname) is not a function]
          at reportException (/Users/ryan/Library/Mobile Documents/com~apple~CloudDocs/Documents/VSCode/Tax-App-Frontend/node_modules/jsdom/lib/jsdom/living/helpers/runtime-script-errors.js:66:24)
          at innerInvokeEventListeners (/Users/ryan/Library/Mobile Documents/com~apple~CloudDocs/Documents/VSCode/Tax-App-Frontend/node_modules/jsdom/lib/jsdom/living/events/EventTarget-impl.js:353:9)
          at invokeEventListeners (/Users/ryan/Library/Mobile Documents/com~apple~CloudDocs/Documents/VSCode/Tax-App-Frontend/node_modules/jsdom/lib/jsdom/living/events/EventTarget-impl.js:286:3)
          at HTMLUnknownElementImpl._dispatch (/Users/ryan/Library/Mobile Documents/com~apple~CloudDocs/Documents/VSCode/Tax-App-Frontend/node_modules/jsdom/lib/jsdom/living/events/EventTarget-impl.js:233:9)
          at HTMLUnknownElementImpl.dispatchEvent (/Users/ryan/Library/Mobile Documents/com~apple~CloudDocs/Documents/VSCode/Tax-App-Frontend/node_modules/jsdom/lib/jsdom/living/events/EventTarget-impl.js:104:17)
          at HTMLUnknownElement.dispatchEvent (/Users/ryan/Library/Mobile Documents/com~apple~CloudDocs/Documents/VSCode/Tax-App-Frontend/node_modules/jsdom/lib/jsdom/living/generated/EventTarget.js:241:34)
          at Object.invokeGuardedCallbackDev (/Users/ryan/Library/Mobile Documents/com~apple~CloudDocs/Documents/VSCode/Tax-App-Frontend/node_modules/react-dom/cjs/react-dom.development.js:4213:16)
          at invokeGuardedCallback (/Users/ryan/Library/Mobile Documents/com~apple~CloudDocs/Documents/VSCode/Tax-App-Frontend/node_modules/react-dom/cjs/react-dom.development.js:4277:31)
          at beginWork$1 (/Users/ryan/Library/Mobile Documents/com~apple~CloudDocs/Documents/VSCode/Tax-App-Frontend/node_modules/react-dom/cjs/react-dom.development.js:27490:7)
          at performUnitOfWork (/Users/ryan/Library/Mobile Documents/com~apple~CloudDocs/Documents/VSCode/Tax-App-Frontend/node_modules/react-dom/cjs/react-dom.development.js:26599:12)
          at workLoopSync (/Users/ryan/Library/Mobile Documents/com~apple~CloudDocs/Documents/VSCode/Tax-App-Frontend/node_modules/react-dom/cjs/react-dom.development.js:26505:5)
          at renderRootSync (/Users/ryan/Library/Mobile Documents/com~apple~CloudDocs/Documents/VSCode/Tax-App-Frontend/node_modules/react-dom/cjs/react-dom.development.js:26473:7)
          at performConcurrentWorkOnRoot (/Users/ryan/Library/Mobile Documents/com~apple~CloudDocs/Documents/VSCode/Tax-App-Frontend/node_modules/react-dom/cjs/react-dom.development.js:25777:74)
          at flushActQueue (/Users/ryan/Library/Mobile Documents/com~apple~CloudDocs/Documents/VSCode/Tax-App-Frontend/node_modules/react/cjs/react.development.js:2667:24)
          at act (/Users/ryan/Library/Mobile Documents/com~apple~CloudDocs/Documents/VSCode/Tax-App-Frontend/node_modules/react/cjs/react.development.js:2582:11)
          at /Users/ryan/Library/Mobile Documents/com~apple~CloudDocs/Documents/VSCode/Tax-App-Frontend/node_modules/@testing-library/react/dist/act-compat.js:46:25
          at renderRoot (/Users/ryan/Library/Mobile Documents/com~apple~CloudDocs/Documents/VSCode/Tax-App-Frontend/node_modules/@testing-library/react/dist/pure.js:189:26)
          at render (/Users/ryan/Library/Mobile Documents/com~apple~CloudDocs/Documents/VSCode/Tax-App-Frontend/node_modules/@testing-library/react/dist/pure.js:291:10)
          at Object.<anonymous> (/Users/ryan/Library/Mobile Documents/com~apple~CloudDocs/Documents/VSCode/Tax-App-Frontend/src/app/forms/1099-div/Form1099Div.error-scenarios.integration.test.tsx:167:13)
          at Promise.finally.completed (/Users/ryan/Library/Mobile Documents/com~apple~CloudDocs/Documents/VSCode/Tax-App-Frontend/node_modules/jest-circus/build/jestAdapterInit.js:1557:28)
          at new Promise (<anonymous>)
          at callAsyncCircusFn (/Users/ryan/Library/Mobile Documents/com~apple~CloudDocs/Documents/VSCode/Tax-App-Frontend/node_modules/jest-circus/build/jestAdapterInit.js:1497:10)
          at _callCircusTest (/Users/ryan/Library/Mobile Documents/com~apple~CloudDocs/Documents/VSCode/Tax-App-Frontend/node_modules/jest-circus/build/jestAdapterInit.js:1007:40)
          at processTicksAndRejections (node:internal/process/task_queues:95:5)
          at _runTest (/Users/ryan/Library/Mobile Documents/com~apple~CloudDocs/Documents/VSCode/Tax-App-Frontend/node_modules/jest-circus/build/jestAdapterInit.js:947:3)
          at /Users/ryan/Library/Mobile Documents/com~apple~CloudDocs/Documents/VSCode/Tax-App-Frontend/node_modules/jest-circus/build/jestAdapterInit.js:849:7
          at _runTestsForDescribeBlock (/Users/ryan/Library/Mobile Documents/com~apple~CloudDocs/Documents/VSCode/Tax-App-Frontend/node_modules/jest-circus/build/jestAdapterInit.js:862:11)
          at _runTestsForDescribeBlock (/Users/ryan/Library/Mobile Documents/com~apple~CloudDocs/Documents/VSCode/Tax-App-Frontend/node_modules/jest-circus/build/jestAdapterInit.js:857:11)
          at _runTestsForDescribeBlock (/Users/ryan/Library/Mobile Documents/com~apple~CloudDocs/Documents/VSCode/Tax-App-Frontend/node_modules/jest-circus/build/jestAdapterInit.js:857:11)
          at run (/Users/ryan/Library/Mobile Documents/com~apple~CloudDocs/Documents/VSCode/Tax-App-Frontend/node_modules/jest-circus/build/jestAdapterInit.js:761:3)
          at runAndTransformResultsToJestFormat (/Users/ryan/Library/Mobile Documents/com~apple~CloudDocs/Documents/VSCode/Tax-App-Frontend/node_modules/jest-circus/build/jestAdapterInit.js:1918:21)
          at jestAdapter (/Users/ryan/Library/Mobile Documents/com~apple~CloudDocs/Documents/VSCode/Tax-App-Frontend/node_modules/jest-circus/build/runner.js:101:19)
          at runTestInternal (/Users/ryan/Library/Mobile Documents/com~apple~CloudDocs/Documents/VSCode/Tax-App-Frontend/node_modules/jest-runner/build/testWorker.js:275:16)
          at runTest (/Users/ryan/Library/Mobile Documents/com~apple~CloudDocs/Documents/VSCode/Tax-App-Frontend/node_modules/jest-runner/build/testWorker.js:343:7)
          at Object.worker (/Users/ryan/Library/Mobile Documents/com~apple~CloudDocs/Documents/VSCode/Tax-App-Frontend/node_modules/jest-runner/build/testWorker.js:497:12) {
        detail: TypeError: (0 , _navigation.usePathname) is not a function
            at useForm1099Div (/Users/ryan/Library/Mobile Documents/com~apple~CloudDocs/Documents/VSCode/Tax-App-Frontend/src/hooks/useForm1099Div.ts:120:31)
            at Form1099DivClient (/Users/ryan/Library/Mobile Documents/com~apple~CloudDocs/Documents/VSCode/Tax-App-Frontend/src/app/forms/1099-div/Form1099DivClient.tsx:96:21)
            at renderWithHooks (/Users/ryan/Library/Mobile Documents/com~apple~CloudDocs/Documents/VSCode/Tax-App-Frontend/node_modules/react-dom/cjs/react-dom.development.js:15486:18)
            at mountIndeterminateComponent (/Users/ryan/Library/Mobile Documents/com~apple~CloudDocs/Documents/VSCode/Tax-App-Frontend/node_modules/react-dom/cjs/react-dom.development.js:20103:13)
            at beginWork (/Users/ryan/Library/Mobile Documents/com~apple~CloudDocs/Documents/VSCode/Tax-App-Frontend/node_modules/react-dom/cjs/react-dom.development.js:21626:16)
            at HTMLUnknownElement.callCallback (/Users/ryan/Library/Mobile Documents/com~apple~CloudDocs/Documents/VSCode/Tax-App-Frontend/node_modules/react-dom/cjs/react-dom.development.js:4164:14)
            at HTMLUnknownElement.callTheUserObjectsOperation (/Users/ryan/Library/Mobile Documents/com~apple~CloudDocs/Documents/VSCode/Tax-App-Frontend/node_modules/jsdom/lib/jsdom/living/generated/EventListener.js:26:30)
            at innerInvokeEventListeners (/Users/ryan/Library/Mobile Documents/com~apple~CloudDocs/Documents/VSCode/Tax-App-Frontend/node_modules/jsdom/lib/jsdom/living/events/EventTarget-impl.js:350:25)
            at invokeEventListeners (/Users/ryan/Library/Mobile Documents/com~apple~CloudDocs/Documents/VSCode/Tax-App-Frontend/node_modules/jsdom/lib/jsdom/living/events/EventTarget-impl.js:286:3)
            at HTMLUnknownElementImpl._dispatch (/Users/ryan/Library/Mobile Documents/com~apple~CloudDocs/Documents/VSCode/Tax-App-Frontend/node_modules/jsdom/lib/jsdom/living/events/EventTarget-impl.js:233:9)
            at HTMLUnknownElementImpl.dispatchEvent (/Users/ryan/Library/Mobile Documents/com~apple~CloudDocs/Documents/VSCode/Tax-App-Frontend/node_modules/jsdom/lib/jsdom/living/events/EventTarget-impl.js:104:17)
            at HTMLUnknownElement.dispatchEvent (/Users/ryan/Library/Mobile Documents/com~apple~CloudDocs/Documents/VSCode/Tax-App-Frontend/node_modules/jsdom/lib/jsdom/living/generated/EventTarget.js:241:34)
            at Object.invokeGuardedCallbackDev (/Users/ryan/Library/Mobile Documents/com~apple~CloudDocs/Documents/VSCode/Tax-App-Frontend/node_modules/react-dom/cjs/react-dom.development.js:4213:16)
            at invokeGuardedCallback (/Users/ryan/Library/Mobile Documents/com~apple~CloudDocs/Documents/VSCode/Tax-App-Frontend/node_modules/react-dom/cjs/react-dom.development.js:4277:31)
            at beginWork$1 (/Users/ryan/Library/Mobile Documents/com~apple~CloudDocs/Documents/VSCode/Tax-App-Frontend/node_modules/react-dom/cjs/react-dom.development.js:27490:7)
            at performUnitOfWork (/Users/ryan/Library/Mobile Documents/com~apple~CloudDocs/Documents/VSCode/Tax-App-Frontend/node_modules/react-dom/cjs/react-dom.development.js:26599:12)
            at workLoopSync (/Users/ryan/Library/Mobile Documents/com~apple~CloudDocs/Documents/VSCode/Tax-App-Frontend/node_modules/react-dom/cjs/react-dom.development.js:26505:5)
            at renderRootSync (/Users/ryan/Library/Mobile Documents/com~apple~CloudDocs/Documents/VSCode/Tax-App-Frontend/node_modules/react-dom/cjs/react-dom.development.js:26473:7)
            at performConcurrentWorkOnRoot (/Users/ryan/Library/Mobile Documents/com~apple~CloudDocs/Documents/VSCode/Tax-App-Frontend/node_modules/react-dom/cjs/react-dom.development.js:25777:74)
            at flushActQueue (/Users/ryan/Library/Mobile Documents/com~apple~CloudDocs/Documents/VSCode/Tax-App-Frontend/node_modules/react/cjs/react.development.js:2667:24)
            at act (/Users/ryan/Library/Mobile Documents/com~apple~CloudDocs/Documents/VSCode/Tax-App-Frontend/node_modules/react/cjs/react.development.js:2582:11)
            at /Users/ryan/Library/Mobile Documents/com~apple~CloudDocs/Documents/VSCode/Tax-App-Frontend/node_modules/@testing-library/react/dist/act-compat.js:46:25
            at renderRoot (/Users/ryan/Library/Mobile Documents/com~apple~CloudDocs/Documents/VSCode/Tax-App-Frontend/node_modules/@testing-library/react/dist/pure.js:189:26)
            at render (/Users/ryan/Library/Mobile Documents/com~apple~CloudDocs/Documents/VSCode/Tax-App-Frontend/node_modules/@testing-library/react/dist/pure.js:291:10)
            at Object.<anonymous> (/Users/ryan/Library/Mobile Documents/com~apple~CloudDocs/Documents/VSCode/Tax-App-Frontend/src/app/forms/1099-div/Form1099Div.error-scenarios.integration.test.tsx:167:13)
            at Promise.finally.completed (/Users/ryan/Library/Mobile Documents/com~apple~CloudDocs/Documents/VSCode/Tax-App-Frontend/node_modules/jest-circus/build/jestAdapterInit.js:1557:28)
            at new Promise (<anonymous>)
            at callAsyncCircusFn (/Users/ryan/Library/Mobile Documents/com~apple~CloudDocs/Documents/VSCode/Tax-App-Frontend/node_modules/jest-circus/build/jestAdapterInit.js:1497:10)
            at _callCircusTest (/Users/ryan/Library/Mobile Documents/com~apple~CloudDocs/Documents/VSCode/Tax-App-Frontend/node_modules/jest-circus/build/jestAdapterInit.js:1007:40)
            at processTicksAndRejections (node:internal/process/task_queues:95:5)
            at _runTest (/Users/ryan/Library/Mobile Documents/com~apple~CloudDocs/Documents/VSCode/Tax-App-Frontend/node_modules/jest-circus/build/jestAdapterInit.js:947:3)
            at /Users/ryan/Library/Mobile Documents/com~apple~CloudDocs/Documents/VSCode/Tax-App-Frontend/node_modules/jest-circus/build/jestAdapterInit.js:849:7
            at _runTestsForDescribeBlock (/Users/ryan/Library/Mobile Documents/com~apple~CloudDocs/Documents/VSCode/Tax-App-Frontend/node_modules/jest-circus/build/jestAdapterInit.js:862:11)
            at _runTestsForDescribeBlock (/Users/ryan/Library/Mobile Documents/com~apple~CloudDocs/Documents/VSCode/Tax-App-Frontend/node_modules/jest-circus/build/jestAdapterInit.js:857:11)
            at _runTestsForDescribeBlock (/Users/ryan/Library/Mobile Documents/com~apple~CloudDocs/Documents/VSCode/Tax-App-Frontend/node_modules/jest-circus/build/jestAdapterInit.js:857:11)
            at run (/Users/ryan/Library/Mobile Documents/com~apple~CloudDocs/Documents/VSCode/Tax-App-Frontend/node_modules/jest-circus/build/jestAdapterInit.js:761:3)
            at runAndTransformResultsToJestFormat (/Users/ryan/Library/Mobile Documents/com~apple~CloudDocs/Documents/VSCode/Tax-App-Frontend/node_modules/jest-circus/build/jestAdapterInit.js:1918:21)
            at jestAdapter (/Users/ryan/Library/Mobile Documents/com~apple~CloudDocs/Documents/VSCode/Tax-App-Frontend/node_modules/jest-circus/build/runner.js:101:19)
            at runTestInternal (/Users/ryan/Library/Mobile Documents/com~apple~CloudDocs/Documents/VSCode/Tax-App-Frontend/node_modules/jest-runner/build/testWorker.js:275:16)
            at runTest (/Users/ryan/Library/Mobile Documents/com~apple~CloudDocs/Documents/VSCode/Tax-App-Frontend/node_modules/jest-runner/build/testWorker.js:343:7)
            at Object.worker (/Users/ryan/Library/Mobile Documents/com~apple~CloudDocs/Documents/VSCode/Tax-App-Frontend/node_modules/jest-runner/build/testWorker.js:497:12),
        type: 'unhandled exception'
      }

      165 |       const user = userEvent.setup();
      166 |       
    > 167 |       render(<Form1099DivClient initialToken={mockToken} />);
          |             ^
      168 |
      169 |       // Fill in required fields with invalid currency
      170 |       const calendarYearInput = screen.getByLabelText(/Tax Year/i);

      at VirtualConsole.<anonymous> (node_modules/@jest/environment-jsdom-abstract/build/index.js:87:23)
      at reportException (node_modules/jsdom/lib/jsdom/living/helpers/runtime-script-errors.js:70:28)
      at innerInvokeEventListeners (node_modules/jsdom/lib/jsdom/living/events/EventTarget-impl.js:353:9)
      at invokeEventListeners (node_modules/jsdom/lib/jsdom/living/events/EventTarget-impl.js:286:3)
      at HTMLUnknownElementImpl._dispatch (node_modules/jsdom/lib/jsdom/living/events/EventTarget-impl.js:233:9)
      at HTMLUnknownElementImpl.dispatchEvent (node_modules/jsdom/lib/jsdom/living/events/EventTarget-impl.js:104:17)
      at HTMLUnknownElement.dispatchEvent (node_modules/jsdom/lib/jsdom/living/generated/EventTarget.js:241:34)
      at Object.invokeGuardedCallbackDev (node_modules/react-dom/cjs/react-dom.development.js:4213:16)
      at invokeGuardedCallback (node_modules/react-dom/cjs/react-dom.development.js:4277:31)
      at beginWork$1 (node_modules/react-dom/cjs/react-dom.development.js:27490:7)
      at performUnitOfWork (node_modules/react-dom/cjs/react-dom.development.js:26599:12)
      at workLoopSync (node_modules/react-dom/cjs/react-dom.development.js:26505:5)
      at renderRootSync (node_modules/react-dom/cjs/react-dom.development.js:26473:7)
      at performConcurrentWorkOnRoot (node_modules/react-dom/cjs/react-dom.development.js:25777:74)
      at flushActQueue (node_modules/react/cjs/react.development.js:2667:24)
      at act (node_modules/react/cjs/react.development.js:2582:11)
      at node_modules/@testing-library/react/dist/act-compat.js:46:25
      at renderRoot (node_modules/@testing-library/react/dist/pure.js:189:26)
      at render (node_modules/@testing-library/react/dist/pure.js:291:10)
      at Object.<anonymous> (src/app/forms/1099-div/Form1099Div.error-scenarios.integration.test.tsx:167:13)

    console.error
      Error: Uncaught [TypeError: (0 , _navigation.usePathname) is not a function]
          at reportException (/Users/ryan/Library/Mobile Documents/com~apple~CloudDocs/Documents/VSCode/Tax-App-Frontend/node_modules/jsdom/lib/jsdom/living/helpers/runtime-script-errors.js:66:24)
          at innerInvokeEventListeners (/Users/ryan/Library/Mobile Documents/com~apple~CloudDocs/Documents/VSCode/Tax-App-Frontend/node_modules/jsdom/lib/jsdom/living/events/EventTarget-impl.js:353:9)
          at invokeEventListeners (/Users/ryan/Library/Mobile Documents/com~apple~CloudDocs/Documents/VSCode/Tax-App-Frontend/node_modules/jsdom/lib/jsdom/living/events/EventTarget-impl.js:286:3)
          at HTMLUnknownElementImpl._dispatch (/Users/ryan/Library/Mobile Documents/com~apple~CloudDocs/Documents/VSCode/Tax-App-Frontend/node_modules/jsdom/lib/jsdom/living/events/EventTarget-impl.js:233:9)
          at HTMLUnknownElementImpl.dispatchEvent (/Users/ryan/Library/Mobile Documents/com~apple~CloudDocs/Documents/VSCode/Tax-App-Frontend/node_modules/jsdom/lib/jsdom/living/events/EventTarget-impl.js:104:17)
          at HTMLUnknownElement.dispatchEvent (/Users/ryan/Library/Mobile Documents/com~apple~CloudDocs/Documents/VSCode/Tax-App-Frontend/node_modules/jsdom/lib/jsdom/living/generated/EventTarget.js:241:34)
          at Object.invokeGuardedCallbackDev (/Users/ryan/Library/Mobile Documents/com~apple~CloudDocs/Documents/VSCode/Tax-App-Frontend/node_modules/react-dom/cjs/react-dom.development.js:4213:16)
          at invokeGuardedCallback (/Users/ryan/Library/Mobile Documents/com~apple~CloudDocs/Documents/VSCode/Tax-App-Frontend/node_modules/react-dom/cjs/react-dom.development.js:4277:31)
          at beginWork$1 (/Users/ryan/Library/Mobile Documents/com~apple~CloudDocs/Documents/VSCode/Tax-App-Frontend/node_modules/react-dom/cjs/react-dom.development.js:27490:7)
          at performUnitOfWork (/Users/ryan/Library/Mobile Documents/com~apple~CloudDocs/Documents/VSCode/Tax-App-Frontend/node_modules/react-dom/cjs/react-dom.development.js:26599:12)
          at workLoopSync (/Users/ryan/Library/Mobile Documents/com~apple~CloudDocs/Documents/VSCode/Tax-App-Frontend/node_modules/react-dom/cjs/react-dom.development.js:26505:5)
          at renderRootSync (/Users/ryan/Library/Mobile Documents/com~apple~CloudDocs/Documents/VSCode/Tax-App-Frontend/node_modules/react-dom/cjs/react-dom.development.js:26473:7)
          at recoverFromConcurrentError (/Users/ryan/Library/Mobile Documents/com~apple~CloudDocs/Documents/VSCode/Tax-App-Frontend/node_modules/react-dom/cjs/react-dom.development.js:25889:20)
          at performConcurrentWorkOnRoot (/Users/ryan/Library/Mobile Documents/com~apple~CloudDocs/Documents/VSCode/Tax-App-Frontend/node_modules/react-dom/cjs/react-dom.development.js:25789:22)
          at flushActQueue (/Users/ryan/Library/Mobile Documents/com~apple~CloudDocs/Documents/VSCode/Tax-App-Frontend/node_modules/react/cjs/react.development.js:2667:24)
          at act (/Users/ryan/Library/Mobile Documents/com~apple~CloudDocs/Documents/VSCode/Tax-App-Frontend/node_modules/react/cjs/react.development.js:2582:11)
          at /Users/ryan/Library/Mobile Documents/com~apple~CloudDocs/Documents/VSCode/Tax-App-Frontend/node_modules/@testing-library/react/dist/act-compat.js:46:25
          at renderRoot (/Users/ryan/Library/Mobile Documents/com~apple~CloudDocs/Documents/VSCode/Tax-App-Frontend/node_modules/@testing-library/react/dist/pure.js:189:26)
          at render (/Users/ryan/Library/Mobile Documents/com~apple~CloudDocs/Documents/VSCode/Tax-App-Frontend/node_modules/@testing-library/react/dist/pure.js:291:10)
          at Object.<anonymous> (/Users/ryan/Library/Mobile Documents/com~apple~CloudDocs/Documents/VSCode/Tax-App-Frontend/src/app/forms/1099-div/Form1099Div.error-scenarios.integration.test.tsx:167:13)
          at Promise.finally.completed (/Users/ryan/Library/Mobile Documents/com~apple~CloudDocs/Documents/VSCode/Tax-App-Frontend/node_modules/jest-circus/build/jestAdapterInit.js:1557:28)
          at new Promise (<anonymous>)
          at callAsyncCircusFn (/Users/ryan/Library/Mobile Documents/com~apple~CloudDocs/Documents/VSCode/Tax-App-Frontend/node_modules/jest-circus/build/jestAdapterInit.js:1497:10)
          at _callCircusTest (/Users/ryan/Library/Mobile Documents/com~apple~CloudDocs/Documents/VSCode/Tax-App-Frontend/node_modules/jest-circus/build/jestAdapterInit.js:1007:40)
          at processTicksAndRejections (node:internal/process/task_queues:95:5)
          at _runTest (/Users/ryan/Library/Mobile Documents/com~apple~CloudDocs/Documents/VSCode/Tax-App-Frontend/node_modules/jest-circus/build/jestAdapterInit.js:947:3)
          at /Users/ryan/Library/Mobile Documents/com~apple~CloudDocs/Documents/VSCode/Tax-App-Frontend/node_modules/jest-circus/build/jestAdapterInit.js:849:7
          at _runTestsForDescribeBlock (/Users/ryan/Library/Mobile Documents/com~apple~CloudDocs/Documents/VSCode/Tax-App-Frontend/node_modules/jest-circus/build/jestAdapterInit.js:862:11)
          at _runTestsForDescribeBlock (/Users/ryan/Library/Mobile Documents/com~apple~CloudDocs/Documents/VSCode/Tax-App-Frontend/node_modules/jest-circus/build/jestAdapterInit.js:857:11)
          at _runTestsForDescribeBlock (/Users/ryan/Library/Mobile Documents/com~apple~CloudDocs/Documents/VSCode/Tax-App-Frontend/node_modules/jest-circus/build/jestAdapterInit.js:857:11)
          at run (/Users/ryan/Library/Mobile Documents/com~apple~CloudDocs/Documents/VSCode/Tax-App-Frontend/node_modules/jest-circus/build/jestAdapterInit.js:761:3)
          at runAndTransformResultsToJestFormat (/Users/ryan/Library/Mobile Documents/com~apple~CloudDocs/Documents/VSCode/Tax-App-Frontend/node_modules/jest-circus/build/jestAdapterInit.js:1918:21)
          at jestAdapter (/Users/ryan/Library/Mobile Documents/com~apple~CloudDocs/Documents/VSCode/Tax-App-Frontend/node_modules/jest-circus/build/runner.js:101:19)
          at runTestInternal (/Users/ryan/Library/Mobile Documents/com~apple~CloudDocs/Documents/VSCode/Tax-App-Frontend/node_modules/jest-runner/build/testWorker.js:275:16)
          at runTest (/Users/ryan/Library/Mobile Documents/com~apple~CloudDocs/Documents/VSCode/Tax-App-Frontend/node_modules/jest-runner/build/testWorker.js:343:7)
          at Object.worker (/Users/ryan/Library/Mobile Documents/com~apple~CloudDocs/Documents/VSCode/Tax-App-Frontend/node_modules/jest-runner/build/testWorker.js:497:12) {
        detail: TypeError: (0 , _navigation.usePathname) is not a function
            at useForm1099Div (/Users/ryan/Library/Mobile Documents/com~apple~CloudDocs/Documents/VSCode/Tax-App-Frontend/src/hooks/useForm1099Div.ts:120:31)
            at Form1099DivClient (/Users/ryan/Library/Mobile Documents/com~apple~CloudDocs/Documents/VSCode/Tax-App-Frontend/src/app/forms/1099-div/Form1099DivClient.tsx:96:21)
            at renderWithHooks (/Users/ryan/Library/Mobile Documents/com~apple~CloudDocs/Documents/VSCode/Tax-App-Frontend/node_modules/react-dom/cjs/react-dom.development.js:15486:18)
            at mountIndeterminateComponent (/Users/ryan/Library/Mobile Documents/com~apple~CloudDocs/Documents/VSCode/Tax-App-Frontend/node_modules/react-dom/cjs/react-dom.development.js:20103:13)
            at beginWork (/Users/ryan/Library/Mobile Documents/com~apple~CloudDocs/Documents/VSCode/Tax-App-Frontend/node_modules/react-dom/cjs/react-dom.development.js:21626:16)
            at HTMLUnknownElement.callCallback (/Users/ryan/Library/Mobile Documents/com~apple~CloudDocs/Documents/VSCode/Tax-App-Frontend/node_modules/react-dom/cjs/react-dom.development.js:4164:14)
            at HTMLUnknownElement.callTheUserObjectsOperation (/Users/ryan/Library/Mobile Documents/com~apple~CloudDocs/Documents/VSCode/Tax-App-Frontend/node_modules/jsdom/lib/jsdom/living/generated/EventListener.js:26:30)
            at innerInvokeEventListeners (/Users/ryan/Library/Mobile Documents/com~apple~CloudDocs/Documents/VSCode/Tax-App-Frontend/node_modules/jsdom/lib/jsdom/living/events/EventTarget-impl.js:350:25)
            at invokeEventListeners (/Users/ryan/Library/Mobile Documents/com~apple~CloudDocs/Documents/VSCode/Tax-App-Frontend/node_modules/jsdom/lib/jsdom/living/events/EventTarget-impl.js:286:3)
            at HTMLUnknownElementImpl._dispatch (/Users/ryan/Library/Mobile Documents/com~apple~CloudDocs/Documents/VSCode/Tax-App-Frontend/node_modules/jsdom/lib/jsdom/living/events/EventTarget-impl.js:233:9)
            at HTMLUnknownElementImpl.dispatchEvent (/Users/ryan/Library/Mobile Documents/com~apple~CloudDocs/Documents/VSCode/Tax-App-Frontend/node_modules/jsdom/lib/jsdom/living/events/EventTarget-impl.js:104:17)
            at HTMLUnknownElement.dispatchEvent (/Users/ryan/Library/Mobile Documents/com~apple~CloudDocs/Documents/VSCode/Tax-App-Frontend/node_modules/jsdom/lib/jsdom/living/generated/EventTarget.js:241:34)
            at Object.invokeGuardedCallbackDev (/Users/ryan/Library/Mobile Documents/com~apple~CloudDocs/Documents/VSCode/Tax-App-Frontend/node_modules/react-dom/cjs/react-dom.development.js:4213:16)
            at invokeGuardedCallback (/Users/ryan/Library/Mobile Documents/com~apple~CloudDocs/Documents/VSCode/Tax-App-Frontend/node_modules/react-dom/cjs/react-dom.development.js:4277:31)
            at beginWork$1 (/Users/ryan/Library/Mobile Documents/com~apple~CloudDocs/Documents/VSCode/Tax-App-Frontend/node_modules/react-dom/cjs/react-dom.development.js:27490:7)
            at performUnitOfWork (/Users/ryan/Library/Mobile Documents/com~apple~CloudDocs/Documents/VSCode/Tax-App-Frontend/node_modules/react-dom/cjs/react-dom.development.js:26599:12)
            at workLoopSync (/Users/ryan/Library/Mobile Documents/com~apple~CloudDocs/Documents/VSCode/Tax-App-Frontend/node_modules/react-dom/cjs/react-dom.development.js:26505:5)
            at renderRootSync (/Users/ryan/Library/Mobile Documents/com~apple~CloudDocs/Documents/VSCode/Tax-App-Frontend/node_modules/react-dom/cjs/react-dom.development.js:26473:7)
            at recoverFromConcurrentError (/Users/ryan/Library/Mobile Documents/com~apple~CloudDocs/Documents/VSCode/Tax-App-Frontend/node_modules/react-dom/cjs/react-dom.development.js:25889:20)
            at performConcurrentWorkOnRoot (/Users/ryan/Library/Mobile Documents/com~apple~CloudDocs/Documents/VSCode/Tax-App-Frontend/node_modules/react-dom/cjs/react-dom.development.js:25789:22)
            at flushActQueue (/Users/ryan/Library/Mobile Documents/com~apple~CloudDocs/Documents/VSCode/Tax-App-Frontend/node_modules/react/cjs/react.development.js:2667:24)
            at act (/Users/ryan/Library/Mobile Documents/com~apple~CloudDocs/Documents/VSCode/Tax-App-Frontend/node_modules/react/cjs/react.development.js:2582:11)
            at /Users/ryan/Library/Mobile Documents/com~apple~CloudDocs/Documents/VSCode/Tax-App-Frontend/node_modules/@testing-library/react/dist/act-compat.js:46:25
            at renderRoot (/Users/ryan/Library/Mobile Documents/com~apple~CloudDocs/Documents/VSCode/Tax-App-Frontend/node_modules/@testing-library/react/dist/pure.js:189:26)
            at render (/Users/ryan/Library/Mobile Documents/com~apple~CloudDocs/Documents/VSCode/Tax-App-Frontend/node_modules/@testing-library/react/dist/pure.js:291:10)
            at Object.<anonymous> (/Users/ryan/Library/Mobile Documents/com~apple~CloudDocs/Documents/VSCode/Tax-App-Frontend/src/app/forms/1099-div/Form1099Div.error-scenarios.integration.test.tsx:167:13)
            at Promise.finally.completed (/Users/ryan/Library/Mobile Documents/com~apple~CloudDocs/Documents/VSCode/Tax-App-Frontend/node_modules/jest-circus/build/jestAdapterInit.js:1557:28)
            at new Promise (<anonymous>)
            at callAsyncCircusFn (/Users/ryan/Library/Mobile Documents/com~apple~CloudDocs/Documents/VSCode/Tax-App-Frontend/node_modules/jest-circus/build/jestAdapterInit.js:1497:10)
            at _callCircusTest (/Users/ryan/Library/Mobile Documents/com~apple~CloudDocs/Documents/VSCode/Tax-App-Frontend/node_modules/jest-circus/build/jestAdapterInit.js:1007:40)
            at processTicksAndRejections (node:internal/process/task_queues:95:5)
            at _runTest (/Users/ryan/Library/Mobile Documents/com~apple~CloudDocs/Documents/VSCode/Tax-App-Frontend/node_modules/jest-circus/build/jestAdapterInit.js:947:3)
            at /Users/ryan/Library/Mobile Documents/com~apple~CloudDocs/Documents/VSCode/Tax-App-Frontend/node_modules/jest-circus/build/jestAdapterInit.js:849:7
            at _runTestsForDescribeBlock (/Users/ryan/Library/Mobile Documents/com~apple~CloudDocs/Documents/VSCode/Tax-App-Frontend/node_modules/jest-circus/build/jestAdapterInit.js:862:11)
            at _runTestsForDescribeBlock (/Users/ryan/Library/Mobile Documents/com~apple~CloudDocs/Documents/VSCode/Tax-App-Frontend/node_modules/jest-circus/build/jestAdapterInit.js:857:11)
            at _runTestsForDescribeBlock (/Users/ryan/Library/Mobile Documents/com~apple~CloudDocs/Documents/VSCode/Tax-App-Frontend/node_modules/jest-circus/build/jestAdapterInit.js:857:11)
            at run (/Users/ryan/Library/Mobile Documents/com~apple~CloudDocs/Documents/VSCode/Tax-App-Frontend/node_modules/jest-circus/build/jestAdapterInit.js:761:3)
            at runAndTransformResultsToJestFormat (/Users/ryan/Library/Mobile Documents/com~apple~CloudDocs/Documents/VSCode/Tax-App-Frontend/node_modules/jest-circus/build/jestAdapterInit.js:1918:21)
            at jestAdapter (/Users/ryan/Library/Mobile Documents/com~apple~CloudDocs/Documents/VSCode/Tax-App-Frontend/node_modules/jest-circus/build/runner.js:101:19)
            at runTestInternal (/Users/ryan/Library/Mobile Documents/com~apple~CloudDocs/Documents/VSCode/Tax-App-Frontend/node_modules/jest-runner/build/testWorker.js:275:16)
            at runTest (/Users/ryan/Library/Mobile Documents/com~apple~CloudDocs/Documents/VSCode/Tax-App-Frontend/node_modules/jest-runner/build/testWorker.js:343:7)
            at Object.worker (/Users/ryan/Library/Mobile Documents/com~apple~CloudDocs/Documents/VSCode/Tax-App-Frontend/node_modules/jest-runner/build/testWorker.js:497:12),
        type: 'unhandled exception'
      }

      165 |       const user = userEvent.setup();
      166 |       
    > 167 |       render(<Form1099DivClient initialToken={mockToken} />);
          |             ^
      168 |
      169 |       // Fill in required fields with invalid currency
      170 |       const calendarYearInput = screen.getByLabelText(/Tax Year/i);

      at VirtualConsole.<anonymous> (node_modules/@jest/environment-jsdom-abstract/build/index.js:87:23)
      at reportException (node_modules/jsdom/lib/jsdom/living/helpers/runtime-script-errors.js:70:28)
      at innerInvokeEventListeners (node_modules/jsdom/lib/jsdom/living/events/EventTarget-impl.js:353:9)
      at invokeEventListeners (node_modules/jsdom/lib/jsdom/living/events/EventTarget-impl.js:286:3)
      at HTMLUnknownElementImpl._dispatch (node_modules/jsdom/lib/jsdom/living/events/EventTarget-impl.js:233:9)
      at HTMLUnknownElementImpl.dispatchEvent (node_modules/jsdom/lib/jsdom/living/events/EventTarget-impl.js:104:17)
      at HTMLUnknownElement.dispatchEvent (node_modules/jsdom/lib/jsdom/living/generated/EventTarget.js:241:34)
      at Object.invokeGuardedCallbackDev (node_modules/react-dom/cjs/react-dom.development.js:4213:16)
      at invokeGuardedCallback (node_modules/react-dom/cjs/react-dom.development.js:4277:31)
      at beginWork$1 (node_modules/react-dom/cjs/react-dom.development.js:27490:7)
      at performUnitOfWork (node_modules/react-dom/cjs/react-dom.development.js:26599:12)
      at workLoopSync (node_modules/react-dom/cjs/react-dom.development.js:26505:5)
      at renderRootSync (node_modules/react-dom/cjs/react-dom.development.js:26473:7)
      at recoverFromConcurrentError (node_modules/react-dom/cjs/react-dom.development.js:25889:20)
      at performConcurrentWorkOnRoot (node_modules/react-dom/cjs/react-dom.development.js:25789:22)
      at flushActQueue (node_modules/react/cjs/react.development.js:2667:24)
      at act (node_modules/react/cjs/react.development.js:2582:11)
      at node_modules/@testing-library/react/dist/act-compat.js:46:25
      at renderRoot (node_modules/@testing-library/react/dist/pure.js:189:26)
      at render (node_modules/@testing-library/react/dist/pure.js:291:10)
      at Object.<anonymous> (src/app/forms/1099-div/Form1099Div.error-scenarios.integration.test.tsx:167:13)

    console.error
      The above error occurred in the <Form1099DivClient> component:
      
          at initialToken (/Users/ryan/Library/Mobile Documents/com~apple~CloudDocs/Documents/VSCode/Tax-App-Frontend/src/app/forms/1099-div/Form1099DivClient.tsx:69:3)
      
      Consider adding an error boundary to your tree to customize error handling behavior.
      Visit https://reactjs.org/link/error-boundaries to learn more about error boundaries.

      165 |       const user = userEvent.setup();
      166 |       
    > 167 |       render(<Form1099DivClient initialToken={mockToken} />);
          |             ^
      168 |
      169 |       // Fill in required fields with invalid currency
      170 |       const calendarYearInput = screen.getByLabelText(/Tax Year/i);

      at logCapturedError (node_modules/react-dom/cjs/react-dom.development.js:18704:23)
      at update.callback (node_modules/react-dom/cjs/react-dom.development.js:18737:5)
      at callCallback (node_modules/react-dom/cjs/react-dom.development.js:15036:12)
      at commitUpdateQueue (node_modules/react-dom/cjs/react-dom.development.js:15057:9)
      at commitLayoutEffectOnFiber (node_modules/react-dom/cjs/react-dom.development.js:23430:13)
      at commitLayoutMountEffects_complete (node_modules/react-dom/cjs/react-dom.development.js:24727:9)
      at commitLayoutEffects_begin (node_modules/react-dom/cjs/react-dom.development.js:24713:7)
      at commitLayoutEffects (node_modules/react-dom/cjs/react-dom.development.js:24651:3)
      at commitRootImpl (node_modules/react-dom/cjs/react-dom.development.js:26862:5)
      at commitRoot (node_modules/react-dom/cjs/react-dom.development.js:26721:5)
      at finishConcurrentRender (node_modules/react-dom/cjs/react-dom.development.js:25931:9)
      at performConcurrentWorkOnRoot (node_modules/react-dom/cjs/react-dom.development.js:25848:7)
      at flushActQueue (node_modules/react/cjs/react.development.js:2667:24)
      at act (node_modules/react/cjs/react.development.js:2582:11)
      at node_modules/@testing-library/react/dist/act-compat.js:46:25
      at renderRoot (node_modules/@testing-library/react/dist/pure.js:189:26)
      at render (node_modules/@testing-library/react/dist/pure.js:291:10)
      at Object.<anonymous> (src/app/forms/1099-div/Form1099Div.error-scenarios.integration.test.tsx:167:13)

    console.error
      Error: Uncaught [TypeError: (0 , _navigation.usePathname) is not a function]
          at reportException (/Users/ryan/Library/Mobile Documents/com~apple~CloudDocs/Documents/VSCode/Tax-App-Frontend/node_modules/jsdom/lib/jsdom/living/helpers/runtime-script-errors.js:66:24)
          at innerInvokeEventListeners (/Users/ryan/Library/Mobile Documents/com~apple~CloudDocs/Documents/VSCode/Tax-App-Frontend/node_modules/jsdom/lib/jsdom/living/events/EventTarget-impl.js:353:9)
          at invokeEventListeners (/Users/ryan/Library/Mobile Documents/com~apple~CloudDocs/Documents/VSCode/Tax-App-Frontend/node_modules/jsdom/lib/jsdom/living/events/EventTarget-impl.js:286:3)
          at HTMLUnknownElementImpl._dispatch (/Users/ryan/Library/Mobile Documents/com~apple~CloudDocs/Documents/VSCode/Tax-App-Frontend/node_modules/jsdom/lib/jsdom/living/events/EventTarget-impl.js:233:9)
          at HTMLUnknownElementImpl.dispatchEvent (/Users/ryan/Library/Mobile Documents/com~apple~CloudDocs/Documents/VSCode/Tax-App-Frontend/node_modules/jsdom/lib/jsdom/living/events/EventTarget-impl.js:104:17)
          at HTMLUnknownElement.dispatchEvent (/Users/ryan/Library/Mobile Documents/com~apple~CloudDocs/Documents/VSCode/Tax-App-Frontend/node_modules/jsdom/lib/jsdom/living/generated/EventTarget.js:241:34)
          at Object.invokeGuardedCallbackDev (/Users/ryan/Library/Mobile Documents/com~apple~CloudDocs/Documents/VSCode/Tax-App-Frontend/node_modules/react-dom/cjs/react-dom.development.js:4213:16)
          at invokeGuardedCallback (/Users/ryan/Library/Mobile Documents/com~apple~CloudDocs/Documents/VSCode/Tax-App-Frontend/node_modules/react-dom/cjs/react-dom.development.js:4277:31)
          at beginWork$1 (/Users/ryan/Library/Mobile Documents/com~apple~CloudDocs/Documents/VSCode/Tax-App-Frontend/node_modules/react-dom/cjs/react-dom.development.js:27490:7)
          at performUnitOfWork (/Users/ryan/Library/Mobile Documents/com~apple~CloudDocs/Documents/VSCode/Tax-App-Frontend/node_modules/react-dom/cjs/react-dom.development.js:26599:12)
          at workLoopSync (/Users/ryan/Library/Mobile Documents/com~apple~CloudDocs/Documents/VSCode/Tax-App-Frontend/node_modules/react-dom/cjs/react-dom.development.js:26505:5)
          at renderRootSync (/Users/ryan/Library/Mobile Documents/com~apple~CloudDocs/Documents/VSCode/Tax-App-Frontend/node_modules/react-dom/cjs/react-dom.development.js:26473:7)
          at performConcurrentWorkOnRoot (/Users/ryan/Library/Mobile Documents/com~apple~CloudDocs/Documents/VSCode/Tax-App-Frontend/node_modules/react-dom/cjs/react-dom.development.js:25777:74)
          at flushActQueue (/Users/ryan/Library/Mobile Documents/com~apple~CloudDocs/Documents/VSCode/Tax-App-Frontend/node_modules/react/cjs/react.development.js:2667:24)
          at act (/Users/ryan/Library/Mobile Documents/com~apple~CloudDocs/Documents/VSCode/Tax-App-Frontend/node_modules/react/cjs/react.development.js:2582:11)
          at /Users/ryan/Library/Mobile Documents/com~apple~CloudDocs/Documents/VSCode/Tax-App-Frontend/node_modules/@testing-library/react/dist/act-compat.js:46:25
          at renderRoot (/Users/ryan/Library/Mobile Documents/com~apple~CloudDocs/Documents/VSCode/Tax-App-Frontend/node_modules/@testing-library/react/dist/pure.js:189:26)
          at render (/Users/ryan/Library/Mobile Documents/com~apple~CloudDocs/Documents/VSCode/Tax-App-Frontend/node_modules/@testing-library/react/dist/pure.js:291:10)
          at Object.<anonymous> (/Users/ryan/Library/Mobile Documents/com~apple~CloudDocs/Documents/VSCode/Tax-App-Frontend/src/app/forms/1099-div/Form1099Div.error-scenarios.integration.test.tsx:198:13)
          at Promise.finally.completed (/Users/ryan/Library/Mobile Documents/com~apple~CloudDocs/Documents/VSCode/Tax-App-Frontend/node_modules/jest-circus/build/jestAdapterInit.js:1557:28)
          at new Promise (<anonymous>)
          at callAsyncCircusFn (/Users/ryan/Library/Mobile Documents/com~apple~CloudDocs/Documents/VSCode/Tax-App-Frontend/node_modules/jest-circus/build/jestAdapterInit.js:1497:10)
          at _callCircusTest (/Users/ryan/Library/Mobile Documents/com~apple~CloudDocs/Documents/VSCode/Tax-App-Frontend/node_modules/jest-circus/build/jestAdapterInit.js:1007:40)
          at processTicksAndRejections (node:internal/process/task_queues:95:5)
          at _runTest (/Users/ryan/Library/Mobile Documents/com~apple~CloudDocs/Documents/VSCode/Tax-App-Frontend/node_modules/jest-circus/build/jestAdapterInit.js:947:3)
          at /Users/ryan/Library/Mobile Documents/com~apple~CloudDocs/Documents/VSCode/Tax-App-Frontend/node_modules/jest-circus/build/jestAdapterInit.js:849:7
          at _runTestsForDescribeBlock (/Users/ryan/Library/Mobile Documents/com~apple~CloudDocs/Documents/VSCode/Tax-App-Frontend/node_modules/jest-circus/build/jestAdapterInit.js:862:11)
          at _runTestsForDescribeBlock (/Users/ryan/Library/Mobile Documents/com~apple~CloudDocs/Documents/VSCode/Tax-App-Frontend/node_modules/jest-circus/build/jestAdapterInit.js:857:11)
          at _runTestsForDescribeBlock (/Users/ryan/Library/Mobile Documents/com~apple~CloudDocs/Documents/VSCode/Tax-App-Frontend/node_modules/jest-circus/build/jestAdapterInit.js:857:11)
          at run (/Users/ryan/Library/Mobile Documents/com~apple~CloudDocs/Documents/VSCode/Tax-App-Frontend/node_modules/jest-circus/build/jestAdapterInit.js:761:3)
          at runAndTransformResultsToJestFormat (/Users/ryan/Library/Mobile Documents/com~apple~CloudDocs/Documents/VSCode/Tax-App-Frontend/node_modules/jest-circus/build/jestAdapterInit.js:1918:21)
          at jestAdapter (/Users/ryan/Library/Mobile Documents/com~apple~CloudDocs/Documents/VSCode/Tax-App-Frontend/node_modules/jest-circus/build/runner.js:101:19)
          at runTestInternal (/Users/ryan/Library/Mobile Documents/com~apple~CloudDocs/Documents/VSCode/Tax-App-Frontend/node_modules/jest-runner/build/testWorker.js:275:16)
          at runTest (/Users/ryan/Library/Mobile Documents/com~apple~CloudDocs/Documents/VSCode/Tax-App-Frontend/node_modules/jest-runner/build/testWorker.js:343:7)
          at Object.worker (/Users/ryan/Library/Mobile Documents/com~apple~CloudDocs/Documents/VSCode/Tax-App-Frontend/node_modules/jest-runner/build/testWorker.js:497:12) {
        detail: TypeError: (0 , _navigation.usePathname) is not a function
            at useForm1099Div (/Users/ryan/Library/Mobile Documents/com~apple~CloudDocs/Documents/VSCode/Tax-App-Frontend/src/hooks/useForm1099Div.ts:120:31)
            at Form1099DivClient (/Users/ryan/Library/Mobile Documents/com~apple~CloudDocs/Documents/VSCode/Tax-App-Frontend/src/app/forms/1099-div/Form1099DivClient.tsx:96:21)
            at renderWithHooks (/Users/ryan/Library/Mobile Documents/com~apple~CloudDocs/Documents/VSCode/Tax-App-Frontend/node_modules/react-dom/cjs/react-dom.development.js:15486:18)
            at mountIndeterminateComponent (/Users/ryan/Library/Mobile Documents/com~apple~CloudDocs/Documents/VSCode/Tax-App-Frontend/node_modules/react-dom/cjs/react-dom.development.js:20103:13)
            at beginWork (/Users/ryan/Library/Mobile Documents/com~apple~CloudDocs/Documents/VSCode/Tax-App-Frontend/node_modules/react-dom/cjs/react-dom.development.js:21626:16)
            at HTMLUnknownElement.callCallback (/Users/ryan/Library/Mobile Documents/com~apple~CloudDocs/Documents/VSCode/Tax-App-Frontend/node_modules/react-dom/cjs/react-dom.development.js:4164:14)
            at HTMLUnknownElement.callTheUserObjectsOperation (/Users/ryan/Library/Mobile Documents/com~apple~CloudDocs/Documents/VSCode/Tax-App-Frontend/node_modules/jsdom/lib/jsdom/living/generated/EventListener.js:26:30)
            at innerInvokeEventListeners (/Users/ryan/Library/Mobile Documents/com~apple~CloudDocs/Documents/VSCode/Tax-App-Frontend/node_modules/jsdom/lib/jsdom/living/events/EventTarget-impl.js:350:25)
            at invokeEventListeners (/Users/ryan/Library/Mobile Documents/com~apple~CloudDocs/Documents/VSCode/Tax-App-Frontend/node_modules/jsdom/lib/jsdom/living/events/EventTarget-impl.js:286:3)
            at HTMLUnknownElementImpl._dispatch (/Users/ryan/Library/Mobile Documents/com~apple~CloudDocs/Documents/VSCode/Tax-App-Frontend/node_modules/jsdom/lib/jsdom/living/events/EventTarget-impl.js:233:9)
            at HTMLUnknownElementImpl.dispatchEvent (/Users/ryan/Library/Mobile Documents/com~apple~CloudDocs/Documents/VSCode/Tax-App-Frontend/node_modules/jsdom/lib/jsdom/living/events/EventTarget-impl.js:104:17)
            at HTMLUnknownElement.dispatchEvent (/Users/ryan/Library/Mobile Documents/com~apple~CloudDocs/Documents/VSCode/Tax-App-Frontend/node_modules/jsdom/lib/jsdom/living/generated/EventTarget.js:241:34)
            at Object.invokeGuardedCallbackDev (/Users/ryan/Library/Mobile Documents/com~apple~CloudDocs/Documents/VSCode/Tax-App-Frontend/node_modules/react-dom/cjs/react-dom.development.js:4213:16)
            at invokeGuardedCallback (/Users/ryan/Library/Mobile Documents/com~apple~CloudDocs/Documents/VSCode/Tax-App-Frontend/node_modules/react-dom/cjs/react-dom.development.js:4277:31)
            at beginWork$1 (/Users/ryan/Library/Mobile Documents/com~apple~CloudDocs/Documents/VSCode/Tax-App-Frontend/node_modules/react-dom/cjs/react-dom.development.js:27490:7)
            at performUnitOfWork (/Users/ryan/Library/Mobile Documents/com~apple~CloudDocs/Documents/VSCode/Tax-App-Frontend/node_modules/react-dom/cjs/react-dom.development.js:26599:12)
            at workLoopSync (/Users/ryan/Library/Mobile Documents/com~apple~CloudDocs/Documents/VSCode/Tax-App-Frontend/node_modules/react-dom/cjs/react-dom.development.js:26505:5)
            at renderRootSync (/Users/ryan/Library/Mobile Documents/com~apple~CloudDocs/Documents/VSCode/Tax-App-Frontend/node_modules/react-dom/cjs/react-dom.development.js:26473:7)
            at performConcurrentWorkOnRoot (/Users/ryan/Library/Mobile Documents/com~apple~CloudDocs/Documents/VSCode/Tax-App-Frontend/node_modules/react-dom/cjs/react-dom.development.js:25777:74)
            at flushActQueue (/Users/ryan/Library/Mobile Documents/com~apple~CloudDocs/Documents/VSCode/Tax-App-Frontend/node_modules/react/cjs/react.development.js:2667:24)
            at act (/Users/ryan/Library/Mobile Documents/com~apple~CloudDocs/Documents/VSCode/Tax-App-Frontend/node_modules/react/cjs/react.development.js:2582:11)
            at /Users/ryan/Library/Mobile Documents/com~apple~CloudDocs/Documents/VSCode/Tax-App-Frontend/node_modules/@testing-library/react/dist/act-compat.js:46:25
            at renderRoot (/Users/ryan/Library/Mobile Documents/com~apple~CloudDocs/Documents/VSCode/Tax-App-Frontend/node_modules/@testing-library/react/dist/pure.js:189:26)
            at render (/Users/ryan/Library/Mobile Documents/com~apple~CloudDocs/Documents/VSCode/Tax-App-Frontend/node_modules/@testing-library/react/dist/pure.js:291:10)
            at Object.<anonymous> (/Users/ryan/Library/Mobile Documents/com~apple~CloudDocs/Documents/VSCode/Tax-App-Frontend/src/app/forms/1099-div/Form1099Div.error-scenarios.integration.test.tsx:198:13)
            at Promise.finally.completed (/Users/ryan/Library/Mobile Documents/com~apple~CloudDocs/Documents/VSCode/Tax-App-Frontend/node_modules/jest-circus/build/jestAdapterInit.js:1557:28)
            at new Promise (<anonymous>)
            at callAsyncCircusFn (/Users/ryan/Library/Mobile Documents/com~apple~CloudDocs/Documents/VSCode/Tax-App-Frontend/node_modules/jest-circus/build/jestAdapterInit.js:1497:10)
            at _callCircusTest (/Users/ryan/Library/Mobile Documents/com~apple~CloudDocs/Documents/VSCode/Tax-App-Frontend/node_modules/jest-circus/build/jestAdapterInit.js:1007:40)
            at processTicksAndRejections (node:internal/process/task_queues:95:5)
            at _runTest (/Users/ryan/Library/Mobile Documents/com~apple~CloudDocs/Documents/VSCode/Tax-App-Frontend/node_modules/jest-circus/build/jestAdapterInit.js:947:3)
            at /Users/ryan/Library/Mobile Documents/com~apple~CloudDocs/Documents/VSCode/Tax-App-Frontend/node_modules/jest-circus/build/jestAdapterInit.js:849:7
            at _runTestsForDescribeBlock (/Users/ryan/Library/Mobile Documents/com~apple~CloudDocs/Documents/VSCode/Tax-App-Frontend/node_modules/jest-circus/build/jestAdapterInit.js:862:11)
            at _runTestsForDescribeBlock (/Users/ryan/Library/Mobile Documents/com~apple~CloudDocs/Documents/VSCode/Tax-App-Frontend/node_modules/jest-circus/build/jestAdapterInit.js:857:11)
            at _runTestsForDescribeBlock (/Users/ryan/Library/Mobile Documents/com~apple~CloudDocs/Documents/VSCode/Tax-App-Frontend/node_modules/jest-circus/build/jestAdapterInit.js:857:11)
            at run (/Users/ryan/Library/Mobile Documents/com~apple~CloudDocs/Documents/VSCode/Tax-App-Frontend/node_modules/jest-circus/build/jestAdapterInit.js:761:3)
            at runAndTransformResultsToJestFormat (/Users/ryan/Library/Mobile Documents/com~apple~CloudDocs/Documents/VSCode/Tax-App-Frontend/node_modules/jest-circus/build/jestAdapterInit.js:1918:21)
            at jestAdapter (/Users/ryan/Library/Mobile Documents/com~apple~CloudDocs/Documents/VSCode/Tax-App-Frontend/node_modules/jest-circus/build/runner.js:101:19)
            at runTestInternal (/Users/ryan/Library/Mobile Documents/com~apple~CloudDocs/Documents/VSCode/Tax-App-Frontend/node_modules/jest-runner/build/testWorker.js:275:16)
            at runTest (/Users/ryan/Library/Mobile Documents/com~apple~CloudDocs/Documents/VSCode/Tax-App-Frontend/node_modules/jest-runner/build/testWorker.js:343:7)
            at Object.worker (/Users/ryan/Library/Mobile Documents/com~apple~CloudDocs/Documents/VSCode/Tax-App-Frontend/node_modules/jest-runner/build/testWorker.js:497:12),
        type: 'unhandled exception'
      }

      196 |       const user = userEvent.setup();
      197 |       
    > 198 |       render(<Form1099DivClient initialToken={mockToken} />);
          |             ^
      199 |
      200 |       // Fill in with invalid year
      201 |       const calendarYearInput = screen.getByLabelText(/Tax Year/i);

      at VirtualConsole.<anonymous> (node_modules/@jest/environment-jsdom-abstract/build/index.js:87:23)
      at reportException (node_modules/jsdom/lib/jsdom/living/helpers/runtime-script-errors.js:70:28)
      at innerInvokeEventListeners (node_modules/jsdom/lib/jsdom/living/events/EventTarget-impl.js:353:9)
      at invokeEventListeners (node_modules/jsdom/lib/jsdom/living/events/EventTarget-impl.js:286:3)
      at HTMLUnknownElementImpl._dispatch (node_modules/jsdom/lib/jsdom/living/events/EventTarget-impl.js:233:9)
      at HTMLUnknownElementImpl.dispatchEvent (node_modules/jsdom/lib/jsdom/living/events/EventTarget-impl.js:104:17)
      at HTMLUnknownElement.dispatchEvent (node_modules/jsdom/lib/jsdom/living/generated/EventTarget.js:241:34)
      at Object.invokeGuardedCallbackDev (node_modules/react-dom/cjs/react-dom.development.js:4213:16)
      at invokeGuardedCallback (node_modules/react-dom/cjs/react-dom.development.js:4277:31)
      at beginWork$1 (node_modules/react-dom/cjs/react-dom.development.js:27490:7)
      at performUnitOfWork (node_modules/react-dom/cjs/react-dom.development.js:26599:12)
      at workLoopSync (node_modules/react-dom/cjs/react-dom.development.js:26505:5)
      at renderRootSync (node_modules/react-dom/cjs/react-dom.development.js:26473:7)
      at performConcurrentWorkOnRoot (node_modules/react-dom/cjs/react-dom.development.js:25777:74)
      at flushActQueue (node_modules/react/cjs/react.development.js:2667:24)
      at act (node_modules/react/cjs/react.development.js:2582:11)
      at node_modules/@testing-library/react/dist/act-compat.js:46:25
      at renderRoot (node_modules/@testing-library/react/dist/pure.js:189:26)
      at render (node_modules/@testing-library/react/dist/pure.js:291:10)
      at Object.<anonymous> (src/app/forms/1099-div/Form1099Div.error-scenarios.integration.test.tsx:198:13)

    console.error
      Error: Uncaught [TypeError: (0 , _navigation.usePathname) is not a function]
          at reportException (/Users/ryan/Library/Mobile Documents/com~apple~CloudDocs/Documents/VSCode/Tax-App-Frontend/node_modules/jsdom/lib/jsdom/living/helpers/runtime-script-errors.js:66:24)
          at innerInvokeEventListeners (/Users/ryan/Library/Mobile Documents/com~apple~CloudDocs/Documents/VSCode/Tax-App-Frontend/node_modules/jsdom/lib/jsdom/living/events/EventTarget-impl.js:353:9)
          at invokeEventListeners (/Users/ryan/Library/Mobile Documents/com~apple~CloudDocs/Documents/VSCode/Tax-App-Frontend/node_modules/jsdom/lib/jsdom/living/events/EventTarget-impl.js:286:3)
          at HTMLUnknownElementImpl._dispatch (/Users/ryan/Library/Mobile Documents/com~apple~CloudDocs/Documents/VSCode/Tax-App-Frontend/node_modules/jsdom/lib/jsdom/living/events/EventTarget-impl.js:233:9)
          at HTMLUnknownElementImpl.dispatchEvent (/Users/ryan/Library/Mobile Documents/com~apple~CloudDocs/Documents/VSCode/Tax-App-Frontend/node_modules/jsdom/lib/jsdom/living/events/EventTarget-impl.js:104:17)
          at HTMLUnknownElement.dispatchEvent (/Users/ryan/Library/Mobile Documents/com~apple~CloudDocs/Documents/VSCode/Tax-App-Frontend/node_modules/jsdom/lib/jsdom/living/generated/EventTarget.js:241:34)
          at Object.invokeGuardedCallbackDev (/Users/ryan/Library/Mobile Documents/com~apple~CloudDocs/Documents/VSCode/Tax-App-Frontend/node_modules/react-dom/cjs/react-dom.development.js:4213:16)
          at invokeGuardedCallback (/Users/ryan/Library/Mobile Documents/com~apple~CloudDocs/Documents/VSCode/Tax-App-Frontend/node_modules/react-dom/cjs/react-dom.development.js:4277:31)
          at beginWork$1 (/Users/ryan/Library/Mobile Documents/com~apple~CloudDocs/Documents/VSCode/Tax-App-Frontend/node_modules/react-dom/cjs/react-dom.development.js:27490:7)
          at performUnitOfWork (/Users/ryan/Library/Mobile Documents/com~apple~CloudDocs/Documents/VSCode/Tax-App-Frontend/node_modules/react-dom/cjs/react-dom.development.js:26599:12)
          at workLoopSync (/Users/ryan/Library/Mobile Documents/com~apple~CloudDocs/Documents/VSCode/Tax-App-Frontend/node_modules/react-dom/cjs/react-dom.development.js:26505:5)
          at renderRootSync (/Users/ryan/Library/Mobile Documents/com~apple~CloudDocs/Documents/VSCode/Tax-App-Frontend/node_modules/react-dom/cjs/react-dom.development.js:26473:7)
          at recoverFromConcurrentError (/Users/ryan/Library/Mobile Documents/com~apple~CloudDocs/Documents/VSCode/Tax-App-Frontend/node_modules/react-dom/cjs/react-dom.development.js:25889:20)
          at performConcurrentWorkOnRoot (/Users/ryan/Library/Mobile Documents/com~apple~CloudDocs/Documents/VSCode/Tax-App-Frontend/node_modules/react-dom/cjs/react-dom.development.js:25789:22)
          at flushActQueue (/Users/ryan/Library/Mobile Documents/com~apple~CloudDocs/Documents/VSCode/Tax-App-Frontend/node_modules/react/cjs/react.development.js:2667:24)
          at act (/Users/ryan/Library/Mobile Documents/com~apple~CloudDocs/Documents/VSCode/Tax-App-Frontend/node_modules/react/cjs/react.development.js:2582:11)
          at /Users/ryan/Library/Mobile Documents/com~apple~CloudDocs/Documents/VSCode/Tax-App-Frontend/node_modules/@testing-library/react/dist/act-compat.js:46:25
          at renderRoot (/Users/ryan/Library/Mobile Documents/com~apple~CloudDocs/Documents/VSCode/Tax-App-Frontend/node_modules/@testing-library/react/dist/pure.js:189:26)
          at render (/Users/ryan/Library/Mobile Documents/com~apple~CloudDocs/Documents/VSCode/Tax-App-Frontend/node_modules/@testing-library/react/dist/pure.js:291:10)
          at Object.<anonymous> (/Users/ryan/Library/Mobile Documents/com~apple~CloudDocs/Documents/VSCode/Tax-App-Frontend/src/app/forms/1099-div/Form1099Div.error-scenarios.integration.test.tsx:198:13)
          at Promise.finally.completed (/Users/ryan/Library/Mobile Documents/com~apple~CloudDocs/Documents/VSCode/Tax-App-Frontend/node_modules/jest-circus/build/jestAdapterInit.js:1557:28)
          at new Promise (<anonymous>)
          at callAsyncCircusFn (/Users/ryan/Library/Mobile Documents/com~apple~CloudDocs/Documents/VSCode/Tax-App-Frontend/node_modules/jest-circus/build/jestAdapterInit.js:1497:10)
          at _callCircusTest (/Users/ryan/Library/Mobile Documents/com~apple~CloudDocs/Documents/VSCode/Tax-App-Frontend/node_modules/jest-circus/build/jestAdapterInit.js:1007:40)
          at processTicksAndRejections (node:internal/process/task_queues:95:5)
          at _runTest (/Users/ryan/Library/Mobile Documents/com~apple~CloudDocs/Documents/VSCode/Tax-App-Frontend/node_modules/jest-circus/build/jestAdapterInit.js:947:3)
          at /Users/ryan/Library/Mobile Documents/com~apple~CloudDocs/Documents/VSCode/Tax-App-Frontend/node_modules/jest-circus/build/jestAdapterInit.js:849:7
          at _runTestsForDescribeBlock (/Users/ryan/Library/Mobile Documents/com~apple~CloudDocs/Documents/VSCode/Tax-App-Frontend/node_modules/jest-circus/build/jestAdapterInit.js:862:11)
          at _runTestsForDescribeBlock (/Users/ryan/Library/Mobile Documents/com~apple~CloudDocs/Documents/VSCode/Tax-App-Frontend/node_modules/jest-circus/build/jestAdapterInit.js:857:11)
          at _runTestsForDescribeBlock (/Users/ryan/Library/Mobile Documents/com~apple~CloudDocs/Documents/VSCode/Tax-App-Frontend/node_modules/jest-circus/build/jestAdapterInit.js:857:11)
          at run (/Users/ryan/Library/Mobile Documents/com~apple~CloudDocs/Documents/VSCode/Tax-App-Frontend/node_modules/jest-circus/build/jestAdapterInit.js:761:3)
          at runAndTransformResultsToJestFormat (/Users/ryan/Library/Mobile Documents/com~apple~CloudDocs/Documents/VSCode/Tax-App-Frontend/node_modules/jest-circus/build/jestAdapterInit.js:1918:21)
          at jestAdapter (/Users/ryan/Library/Mobile Documents/com~apple~CloudDocs/Documents/VSCode/Tax-App-Frontend/node_modules/jest-circus/build/runner.js:101:19)
          at runTestInternal (/Users/ryan/Library/Mobile Documents/com~apple~CloudDocs/Documents/VSCode/Tax-App-Frontend/node_modules/jest-runner/build/testWorker.js:275:16)
          at runTest (/Users/ryan/Library/Mobile Documents/com~apple~CloudDocs/Documents/VSCode/Tax-App-Frontend/node_modules/jest-runner/build/testWorker.js:343:7)
          at Object.worker (/Users/ryan/Library/Mobile Documents/com~apple~CloudDocs/Documents/VSCode/Tax-App-Frontend/node_modules/jest-runner/build/testWorker.js:497:12) {
        detail: TypeError: (0 , _navigation.usePathname) is not a function
            at useForm1099Div (/Users/ryan/Library/Mobile Documents/com~apple~CloudDocs/Documents/VSCode/Tax-App-Frontend/src/hooks/useForm1099Div.ts:120:31)
            at Form1099DivClient (/Users/ryan/Library/Mobile Documents/com~apple~CloudDocs/Documents/VSCode/Tax-App-Frontend/src/app/forms/1099-div/Form1099DivClient.tsx:96:21)
            at renderWithHooks (/Users/ryan/Library/Mobile Documents/com~apple~CloudDocs/Documents/VSCode/Tax-App-Frontend/node_modules/react-dom/cjs/react-dom.development.js:15486:18)
            at mountIndeterminateComponent (/Users/ryan/Library/Mobile Documents/com~apple~CloudDocs/Documents/VSCode/Tax-App-Frontend/node_modules/react-dom/cjs/react-dom.development.js:20103:13)
            at beginWork (/Users/ryan/Library/Mobile Documents/com~apple~CloudDocs/Documents/VSCode/Tax-App-Frontend/node_modules/react-dom/cjs/react-dom.development.js:21626:16)
            at HTMLUnknownElement.callCallback (/Users/ryan/Library/Mobile Documents/com~apple~CloudDocs/Documents/VSCode/Tax-App-Frontend/node_modules/react-dom/cjs/react-dom.development.js:4164:14)
            at HTMLUnknownElement.callTheUserObjectsOperation (/Users/ryan/Library/Mobile Documents/com~apple~CloudDocs/Documents/VSCode/Tax-App-Frontend/node_modules/jsdom/lib/jsdom/living/generated/EventListener.js:26:30)
            at innerInvokeEventListeners (/Users/ryan/Library/Mobile Documents/com~apple~CloudDocs/Documents/VSCode/Tax-App-Frontend/node_modules/jsdom/lib/jsdom/living/events/EventTarget-impl.js:350:25)
            at invokeEventListeners (/Users/ryan/Library/Mobile Documents/com~apple~CloudDocs/Documents/VSCode/Tax-App-Frontend/node_modules/jsdom/lib/jsdom/living/events/EventTarget-impl.js:286:3)
            at HTMLUnknownElementImpl._dispatch (/Users/ryan/Library/Mobile Documents/com~apple~CloudDocs/Documents/VSCode/Tax-App-Frontend/node_modules/jsdom/lib/jsdom/living/events/EventTarget-impl.js:233:9)
            at HTMLUnknownElementImpl.dispatchEvent (/Users/ryan/Library/Mobile Documents/com~apple~CloudDocs/Documents/VSCode/Tax-App-Frontend/node_modules/jsdom/lib/jsdom/living/events/EventTarget-impl.js:104:17)
            at HTMLUnknownElement.dispatchEvent (/Users/ryan/Library/Mobile Documents/com~apple~CloudDocs/Documents/VSCode/Tax-App-Frontend/node_modules/jsdom/lib/jsdom/living/generated/EventTarget.js:241:34)
            at Object.invokeGuardedCallbackDev (/Users/ryan/Library/Mobile Documents/com~apple~CloudDocs/Documents/VSCode/Tax-App-Frontend/node_modules/react-dom/cjs/react-dom.development.js:4213:16)
            at invokeGuardedCallback (/Users/ryan/Library/Mobile Documents/com~apple~CloudDocs/Documents/VSCode/Tax-App-Frontend/node_modules/react-dom/cjs/react-dom.development.js:4277:31)
            at beginWork$1 (/Users/ryan/Library/Mobile Documents/com~apple~CloudDocs/Documents/VSCode/Tax-App-Frontend/node_modules/react-dom/cjs/react-dom.development.js:27490:7)
            at performUnitOfWork (/Users/ryan/Library/Mobile Documents/com~apple~CloudDocs/Documents/VSCode/Tax-App-Frontend/node_modules/react-dom/cjs/react-dom.development.js:26599:12)
            at workLoopSync (/Users/ryan/Library/Mobile Documents/com~apple~CloudDocs/Documents/VSCode/Tax-App-Frontend/node_modules/react-dom/cjs/react-dom.development.js:26505:5)
            at renderRootSync (/Users/ryan/Library/Mobile Documents/com~apple~CloudDocs/Documents/VSCode/Tax-App-Frontend/node_modules/react-dom/cjs/react-dom.development.js:26473:7)
            at recoverFromConcurrentError (/Users/ryan/Library/Mobile Documents/com~apple~CloudDocs/Documents/VSCode/Tax-App-Frontend/node_modules/react-dom/cjs/react-dom.development.js:25889:20)
            at performConcurrentWorkOnRoot (/Users/ryan/Library/Mobile Documents/com~apple~CloudDocs/Documents/VSCode/Tax-App-Frontend/node_modules/react-dom/cjs/react-dom.development.js:25789:22)
            at flushActQueue (/Users/ryan/Library/Mobile Documents/com~apple~CloudDocs/Documents/VSCode/Tax-App-Frontend/node_modules/react/cjs/react.development.js:2667:24)
            at act (/Users/ryan/Library/Mobile Documents/com~apple~CloudDocs/Documents/VSCode/Tax-App-Frontend/node_modules/react/cjs/react.development.js:2582:11)
            at /Users/ryan/Library/Mobile Documents/com~apple~CloudDocs/Documents/VSCode/Tax-App-Frontend/node_modules/@testing-library/react/dist/act-compat.js:46:25
            at renderRoot (/Users/ryan/Library/Mobile Documents/com~apple~CloudDocs/Documents/VSCode/Tax-App-Frontend/node_modules/@testing-library/react/dist/pure.js:189:26)
            at render (/Users/ryan/Library/Mobile Documents/com~apple~CloudDocs/Documents/VSCode/Tax-App-Frontend/node_modules/@testing-library/react/dist/pure.js:291:10)
            at Object.<anonymous> (/Users/ryan/Library/Mobile Documents/com~apple~CloudDocs/Documents/VSCode/Tax-App-Frontend/src/app/forms/1099-div/Form1099Div.error-scenarios.integration.test.tsx:198:13)
            at Promise.finally.completed (/Users/ryan/Library/Mobile Documents/com~apple~CloudDocs/Documents/VSCode/Tax-App-Frontend/node_modules/jest-circus/build/jestAdapterInit.js:1557:28)
            at new Promise (<anonymous>)
            at callAsyncCircusFn (/Users/ryan/Library/Mobile Documents/com~apple~CloudDocs/Documents/VSCode/Tax-App-Frontend/node_modules/jest-circus/build/jestAdapterInit.js:1497:10)
            at _callCircusTest (/Users/ryan/Library/Mobile Documents/com~apple~CloudDocs/Documents/VSCode/Tax-App-Frontend/node_modules/jest-circus/build/jestAdapterInit.js:1007:40)
            at processTicksAndRejections (node:internal/process/task_queues:95:5)
            at _runTest (/Users/ryan/Library/Mobile Documents/com~apple~CloudDocs/Documents/VSCode/Tax-App-Frontend/node_modules/jest-circus/build/jestAdapterInit.js:947:3)
            at /Users/ryan/Library/Mobile Documents/com~apple~CloudDocs/Documents/VSCode/Tax-App-Frontend/node_modules/jest-circus/build/jestAdapterInit.js:849:7
            at _runTestsForDescribeBlock (/Users/ryan/Library/Mobile Documents/com~apple~CloudDocs/Documents/VSCode/Tax-App-Frontend/node_modules/jest-circus/build/jestAdapterInit.js:862:11)
            at _runTestsForDescribeBlock (/Users/ryan/Library/Mobile Documents/com~apple~CloudDocs/Documents/VSCode/Tax-App-Frontend/node_modules/jest-circus/build/jestAdapterInit.js:857:11)
            at _runTestsForDescribeBlock (/Users/ryan/Library/Mobile Documents/com~apple~CloudDocs/Documents/VSCode/Tax-App-Frontend/node_modules/jest-circus/build/jestAdapterInit.js:857:11)
            at run (/Users/ryan/Library/Mobile Documents/com~apple~CloudDocs/Documents/VSCode/Tax-App-Frontend/node_modules/jest-circus/build/jestAdapterInit.js:761:3)
            at runAndTransformResultsToJestFormat (/Users/ryan/Library/Mobile Documents/com~apple~CloudDocs/Documents/VSCode/Tax-App-Frontend/node_modules/jest-circus/build/jestAdapterInit.js:1918:21)
            at jestAdapter (/Users/ryan/Library/Mobile Documents/com~apple~CloudDocs/Documents/VSCode/Tax-App-Frontend/node_modules/jest-circus/build/runner.js:101:19)
            at runTestInternal (/Users/ryan/Library/Mobile Documents/com~apple~CloudDocs/Documents/VSCode/Tax-App-Frontend/node_modules/jest-runner/build/testWorker.js:275:16)
            at runTest (/Users/ryan/Library/Mobile Documents/com~apple~CloudDocs/Documents/VSCode/Tax-App-Frontend/node_modules/jest-runner/build/testWorker.js:343:7)
            at Object.worker (/Users/ryan/Library/Mobile Documents/com~apple~CloudDocs/Documents/VSCode/Tax-App-Frontend/node_modules/jest-runner/build/testWorker.js:497:12),
        type: 'unhandled exception'
      }

      196 |       const user = userEvent.setup();
      197 |       
    > 198 |       render(<Form1099DivClient initialToken={mockToken} />);
          |             ^
      199 |
      200 |       // Fill in with invalid year
      201 |       const calendarYearInput = screen.getByLabelText(/Tax Year/i);

      at VirtualConsole.<anonymous> (node_modules/@jest/environment-jsdom-abstract/build/index.js:87:23)
      at reportException (node_modules/jsdom/lib/jsdom/living/helpers/runtime-script-errors.js:70:28)
      at innerInvokeEventListeners (node_modules/jsdom/lib/jsdom/living/events/EventTarget-impl.js:353:9)
      at invokeEventListeners (node_modules/jsdom/lib/jsdom/living/events/EventTarget-impl.js:286:3)
      at HTMLUnknownElementImpl._dispatch (node_modules/jsdom/lib/jsdom/living/events/EventTarget-impl.js:233:9)
      at HTMLUnknownElementImpl.dispatchEvent (node_modules/jsdom/lib/jsdom/living/events/EventTarget-impl.js:104:17)
      at HTMLUnknownElement.dispatchEvent (node_modules/jsdom/lib/jsdom/living/generated/EventTarget.js:241:34)
      at Object.invokeGuardedCallbackDev (node_modules/react-dom/cjs/react-dom.development.js:4213:16)
      at invokeGuardedCallback (node_modules/react-dom/cjs/react-dom.development.js:4277:31)
      at beginWork$1 (node_modules/react-dom/cjs/react-dom.development.js:27490:7)
      at performUnitOfWork (node_modules/react-dom/cjs/react-dom.development.js:26599:12)
      at workLoopSync (node_modules/react-dom/cjs/react-dom.development.js:26505:5)
      at renderRootSync (node_modules/react-dom/cjs/react-dom.development.js:26473:7)
      at recoverFromConcurrentError (node_modules/react-dom/cjs/react-dom.development.js:25889:20)
      at performConcurrentWorkOnRoot (node_modules/react-dom/cjs/react-dom.development.js:25789:22)
      at flushActQueue (node_modules/react/cjs/react.development.js:2667:24)
      at act (node_modules/react/cjs/react.development.js:2582:11)
      at node_modules/@testing-library/react/dist/act-compat.js:46:25
      at renderRoot (node_modules/@testing-library/react/dist/pure.js:189:26)
      at render (node_modules/@testing-library/react/dist/pure.js:291:10)
      at Object.<anonymous> (src/app/forms/1099-div/Form1099Div.error-scenarios.integration.test.tsx:198:13)

    console.error
      The above error occurred in the <Form1099DivClient> component:
      
          at initialToken (/Users/ryan/Library/Mobile Documents/com~apple~CloudDocs/Documents/VSCode/Tax-App-Frontend/src/app/forms/1099-div/Form1099DivClient.tsx:69:3)
      
      Consider adding an error boundary to your tree to customize error handling behavior.
      Visit https://reactjs.org/link/error-boundaries to learn more about error boundaries.

      196 |       const user = userEvent.setup();
      197 |       
    > 198 |       render(<Form1099DivClient initialToken={mockToken} />);
          |             ^
      199 |
      200 |       // Fill in with invalid year
      201 |       const calendarYearInput = screen.getByLabelText(/Tax Year/i);

      at logCapturedError (node_modules/react-dom/cjs/react-dom.development.js:18704:23)
      at update.callback (node_modules/react-dom/cjs/react-dom.development.js:18737:5)
      at callCallback (node_modules/react-dom/cjs/react-dom.development.js:15036:12)
      at commitUpdateQueue (node_modules/react-dom/cjs/react-dom.development.js:15057:9)
      at commitLayoutEffectOnFiber (node_modules/react-dom/cjs/react-dom.development.js:23430:13)
      at commitLayoutMountEffects_complete (node_modules/react-dom/cjs/react-dom.development.js:24727:9)
      at commitLayoutEffects_begin (node_modules/react-dom/cjs/react-dom.development.js:24713:7)
      at commitLayoutEffects (node_modules/react-dom/cjs/react-dom.development.js:24651:3)
      at commitRootImpl (node_modules/react-dom/cjs/react-dom.development.js:26862:5)
      at commitRoot (node_modules/react-dom/cjs/react-dom.development.js:26721:5)
      at finishConcurrentRender (node_modules/react-dom/cjs/react-dom.development.js:25931:9)
      at performConcurrentWorkOnRoot (node_modules/react-dom/cjs/react-dom.development.js:25848:7)
      at flushActQueue (node_modules/react/cjs/react.development.js:2667:24)
      at act (node_modules/react/cjs/react.development.js:2582:11)
      at node_modules/@testing-library/react/dist/act-compat.js:46:25
      at renderRoot (node_modules/@testing-library/react/dist/pure.js:189:26)
      at render (node_modules/@testing-library/react/dist/pure.js:291:10)
      at Object.<anonymous> (src/app/forms/1099-div/Form1099Div.error-scenarios.integration.test.tsx:198:13)

    console.error
      Error: Uncaught [TypeError: (0 , _navigation.usePathname) is not a function]
          at reportException (/Users/ryan/Library/Mobile Documents/com~apple~CloudDocs/Documents/VSCode/Tax-App-Frontend/node_modules/jsdom/lib/jsdom/living/helpers/runtime-script-errors.js:66:24)
          at innerInvokeEventListeners (/Users/ryan/Library/Mobile Documents/com~apple~CloudDocs/Documents/VSCode/Tax-App-Frontend/node_modules/jsdom/lib/jsdom/living/events/EventTarget-impl.js:353:9)
          at invokeEventListeners (/Users/ryan/Library/Mobile Documents/com~apple~CloudDocs/Documents/VSCode/Tax-App-Frontend/node_modules/jsdom/lib/jsdom/living/events/EventTarget-impl.js:286:3)
          at HTMLUnknownElementImpl._dispatch (/Users/ryan/Library/Mobile Documents/com~apple~CloudDocs/Documents/VSCode/Tax-App-Frontend/node_modules/jsdom/lib/jsdom/living/events/EventTarget-impl.js:233:9)
          at HTMLUnknownElementImpl.dispatchEvent (/Users/ryan/Library/Mobile Documents/com~apple~CloudDocs/Documents/VSCode/Tax-App-Frontend/node_modules/jsdom/lib/jsdom/living/events/EventTarget-impl.js:104:17)
          at HTMLUnknownElement.dispatchEvent (/Users/ryan/Library/Mobile Documents/com~apple~CloudDocs/Documents/VSCode/Tax-App-Frontend/node_modules/jsdom/lib/jsdom/living/generated/EventTarget.js:241:34)
          at Object.invokeGuardedCallbackDev (/Users/ryan/Library/Mobile Documents/com~apple~CloudDocs/Documents/VSCode/Tax-App-Frontend/node_modules/react-dom/cjs/react-dom.development.js:4213:16)
          at invokeGuardedCallback (/Users/ryan/Library/Mobile Documents/com~apple~CloudDocs/Documents/VSCode/Tax-App-Frontend/node_modules/react-dom/cjs/react-dom.development.js:4277:31)
          at beginWork$1 (/Users/ryan/Library/Mobile Documents/com~apple~CloudDocs/Documents/VSCode/Tax-App-Frontend/node_modules/react-dom/cjs/react-dom.development.js:27490:7)
          at performUnitOfWork (/Users/ryan/Library/Mobile Documents/com~apple~CloudDocs/Documents/VSCode/Tax-App-Frontend/node_modules/react-dom/cjs/react-dom.development.js:26599:12)
          at workLoopSync (/Users/ryan/Library/Mobile Documents/com~apple~CloudDocs/Documents/VSCode/Tax-App-Frontend/node_modules/react-dom/cjs/react-dom.development.js:26505:5)
          at renderRootSync (/Users/ryan/Library/Mobile Documents/com~apple~CloudDocs/Documents/VSCode/Tax-App-Frontend/node_modules/react-dom/cjs/react-dom.development.js:26473:7)
          at performConcurrentWorkOnRoot (/Users/ryan/Library/Mobile Documents/com~apple~CloudDocs/Documents/VSCode/Tax-App-Frontend/node_modules/react-dom/cjs/react-dom.development.js:25777:74)
          at flushActQueue (/Users/ryan/Library/Mobile Documents/com~apple~CloudDocs/Documents/VSCode/Tax-App-Frontend/node_modules/react/cjs/react.development.js:2667:24)
          at act (/Users/ryan/Library/Mobile Documents/com~apple~CloudDocs/Documents/VSCode/Tax-App-Frontend/node_modules/react/cjs/react.development.js:2582:11)
          at /Users/ryan/Library/Mobile Documents/com~apple~CloudDocs/Documents/VSCode/Tax-App-Frontend/node_modules/@testing-library/react/dist/act-compat.js:46:25
          at renderRoot (/Users/ryan/Library/Mobile Documents/com~apple~CloudDocs/Documents/VSCode/Tax-App-Frontend/node_modules/@testing-library/react/dist/pure.js:189:26)
          at render (/Users/ryan/Library/Mobile Documents/com~apple~CloudDocs/Documents/VSCode/Tax-App-Frontend/node_modules/@testing-library/react/dist/pure.js:291:10)
          at Object.<anonymous> (/Users/ryan/Library/Mobile Documents/com~apple~CloudDocs/Documents/VSCode/Tax-App-Frontend/src/app/forms/1099-div/Form1099Div.error-scenarios.integration.test.tsx:229:13)
          at Promise.finally.completed (/Users/ryan/Library/Mobile Documents/com~apple~CloudDocs/Documents/VSCode/Tax-App-Frontend/node_modules/jest-circus/build/jestAdapterInit.js:1557:28)
          at new Promise (<anonymous>)
          at callAsyncCircusFn (/Users/ryan/Library/Mobile Documents/com~apple~CloudDocs/Documents/VSCode/Tax-App-Frontend/node_modules/jest-circus/build/jestAdapterInit.js:1497:10)
          at _callCircusTest (/Users/ryan/Library/Mobile Documents/com~apple~CloudDocs/Documents/VSCode/Tax-App-Frontend/node_modules/jest-circus/build/jestAdapterInit.js:1007:40)
          at processTicksAndRejections (node:internal/process/task_queues:95:5)
          at _runTest (/Users/ryan/Library/Mobile Documents/com~apple~CloudDocs/Documents/VSCode/Tax-App-Frontend/node_modules/jest-circus/build/jestAdapterInit.js:947:3)
          at /Users/ryan/Library/Mobile Documents/com~apple~CloudDocs/Documents/VSCode/Tax-App-Frontend/node_modules/jest-circus/build/jestAdapterInit.js:849:7
          at _runTestsForDescribeBlock (/Users/ryan/Library/Mobile Documents/com~apple~CloudDocs/Documents/VSCode/Tax-App-Frontend/node_modules/jest-circus/build/jestAdapterInit.js:862:11)
          at _runTestsForDescribeBlock (/Users/ryan/Library/Mobile Documents/com~apple~CloudDocs/Documents/VSCode/Tax-App-Frontend/node_modules/jest-circus/build/jestAdapterInit.js:857:11)
          at _runTestsForDescribeBlock (/Users/ryan/Library/Mobile Documents/com~apple~CloudDocs/Documents/VSCode/Tax-App-Frontend/node_modules/jest-circus/build/jestAdapterInit.js:857:11)
          at run (/Users/ryan/Library/Mobile Documents/com~apple~CloudDocs/Documents/VSCode/Tax-App-Frontend/node_modules/jest-circus/build/jestAdapterInit.js:761:3)
          at runAndTransformResultsToJestFormat (/Users/ryan/Library/Mobile Documents/com~apple~CloudDocs/Documents/VSCode/Tax-App-Frontend/node_modules/jest-circus/build/jestAdapterInit.js:1918:21)
          at jestAdapter (/Users/ryan/Library/Mobile Documents/com~apple~CloudDocs/Documents/VSCode/Tax-App-Frontend/node_modules/jest-circus/build/runner.js:101:19)
          at runTestInternal (/Users/ryan/Library/Mobile Documents/com~apple~CloudDocs/Documents/VSCode/Tax-App-Frontend/node_modules/jest-runner/build/testWorker.js:275:16)
          at runTest (/Users/ryan/Library/Mobile Documents/com~apple~CloudDocs/Documents/VSCode/Tax-App-Frontend/node_modules/jest-runner/build/testWorker.js:343:7)
          at Object.worker (/Users/ryan/Library/Mobile Documents/com~apple~CloudDocs/Documents/VSCode/Tax-App-Frontend/node_modules/jest-runner/build/testWorker.js:497:12) {
        detail: TypeError: (0 , _navigation.usePathname) is not a function
            at useForm1099Div (/Users/ryan/Library/Mobile Documents/com~apple~CloudDocs/Documents/VSCode/Tax-App-Frontend/src/hooks/useForm1099Div.ts:120:31)
            at Form1099DivClient (/Users/ryan/Library/Mobile Documents/com~apple~CloudDocs/Documents/VSCode/Tax-App-Frontend/src/app/forms/1099-div/Form1099DivClient.tsx:96:21)
            at renderWithHooks (/Users/ryan/Library/Mobile Documents/com~apple~CloudDocs/Documents/VSCode/Tax-App-Frontend/node_modules/react-dom/cjs/react-dom.development.js:15486:18)
            at mountIndeterminateComponent (/Users/ryan/Library/Mobile Documents/com~apple~CloudDocs/Documents/VSCode/Tax-App-Frontend/node_modules/react-dom/cjs/react-dom.development.js:20103:13)
            at beginWork (/Users/ryan/Library/Mobile Documents/com~apple~CloudDocs/Documents/VSCode/Tax-App-Frontend/node_modules/react-dom/cjs/react-dom.development.js:21626:16)
            at HTMLUnknownElement.callCallback (/Users/ryan/Library/Mobile Documents/com~apple~CloudDocs/Documents/VSCode/Tax-App-Frontend/node_modules/react-dom/cjs/react-dom.development.js:4164:14)
            at HTMLUnknownElement.callTheUserObjectsOperation (/Users/ryan/Library/Mobile Documents/com~apple~CloudDocs/Documents/VSCode/Tax-App-Frontend/node_modules/jsdom/lib/jsdom/living/generated/EventListener.js:26:30)
            at innerInvokeEventListeners (/Users/ryan/Library/Mobile Documents/com~apple~CloudDocs/Documents/VSCode/Tax-App-Frontend/node_modules/jsdom/lib/jsdom/living/events/EventTarget-impl.js:350:25)
            at invokeEventListeners (/Users/ryan/Library/Mobile Documents/com~apple~CloudDocs/Documents/VSCode/Tax-App-Frontend/node_modules/jsdom/lib/jsdom/living/events/EventTarget-impl.js:286:3)
            at HTMLUnknownElementImpl._dispatch (/Users/ryan/Library/Mobile Documents/com~apple~CloudDocs/Documents/VSCode/Tax-App-Frontend/node_modules/jsdom/lib/jsdom/living/events/EventTarget-impl.js:233:9)
            at HTMLUnknownElementImpl.dispatchEvent (/Users/ryan/Library/Mobile Documents/com~apple~CloudDocs/Documents/VSCode/Tax-App-Frontend/node_modules/jsdom/lib/jsdom/living/events/EventTarget-impl.js:104:17)
            at HTMLUnknownElement.dispatchEvent (/Users/ryan/Library/Mobile Documents/com~apple~CloudDocs/Documents/VSCode/Tax-App-Frontend/node_modules/jsdom/lib/jsdom/living/generated/EventTarget.js:241:34)
            at Object.invokeGuardedCallbackDev (/Users/ryan/Library/Mobile Documents/com~apple~CloudDocs/Documents/VSCode/Tax-App-Frontend/node_modules/react-dom/cjs/react-dom.development.js:4213:16)
            at invokeGuardedCallback (/Users/ryan/Library/Mobile Documents/com~apple~CloudDocs/Documents/VSCode/Tax-App-Frontend/node_modules/react-dom/cjs/react-dom.development.js:4277:31)
            at beginWork$1 (/Users/ryan/Library/Mobile Documents/com~apple~CloudDocs/Documents/VSCode/Tax-App-Frontend/node_modules/react-dom/cjs/react-dom.development.js:27490:7)
            at performUnitOfWork (/Users/ryan/Library/Mobile Documents/com~apple~CloudDocs/Documents/VSCode/Tax-App-Frontend/node_modules/react-dom/cjs/react-dom.development.js:26599:12)
            at workLoopSync (/Users/ryan/Library/Mobile Documents/com~apple~CloudDocs/Documents/VSCode/Tax-App-Frontend/node_modules/react-dom/cjs/react-dom.development.js:26505:5)
            at renderRootSync (/Users/ryan/Library/Mobile Documents/com~apple~CloudDocs/Documents/VSCode/Tax-App-Frontend/node_modules/react-dom/cjs/react-dom.development.js:26473:7)
            at performConcurrentWorkOnRoot (/Users/ryan/Library/Mobile Documents/com~apple~CloudDocs/Documents/VSCode/Tax-App-Frontend/node_modules/react-dom/cjs/react-dom.development.js:25777:74)
            at flushActQueue (/Users/ryan/Library/Mobile Documents/com~apple~CloudDocs/Documents/VSCode/Tax-App-Frontend/node_modules/react/cjs/react.development.js:2667:24)
            at act (/Users/ryan/Library/Mobile Documents/com~apple~CloudDocs/Documents/VSCode/Tax-App-Frontend/node_modules/react/cjs/react.development.js:2582:11)
            at /Users/ryan/Library/Mobile Documents/com~apple~CloudDocs/Documents/VSCode/Tax-App-Frontend/node_modules/@testing-library/react/dist/act-compat.js:46:25
            at renderRoot (/Users/ryan/Library/Mobile Documents/com~apple~CloudDocs/Documents/VSCode/Tax-App-Frontend/node_modules/@testing-library/react/dist/pure.js:189:26)
            at render (/Users/ryan/Library/Mobile Documents/com~apple~CloudDocs/Documents/VSCode/Tax-App-Frontend/node_modules/@testing-library/react/dist/pure.js:291:10)
            at Object.<anonymous> (/Users/ryan/Library/Mobile Documents/com~apple~CloudDocs/Documents/VSCode/Tax-App-Frontend/src/app/forms/1099-div/Form1099Div.error-scenarios.integration.test.tsx:229:13)
            at Promise.finally.completed (/Users/ryan/Library/Mobile Documents/com~apple~CloudDocs/Documents/VSCode/Tax-App-Frontend/node_modules/jest-circus/build/jestAdapterInit.js:1557:28)
            at new Promise (<anonymous>)
            at callAsyncCircusFn (/Users/ryan/Library/Mobile Documents/com~apple~CloudDocs/Documents/VSCode/Tax-App-Frontend/node_modules/jest-circus/build/jestAdapterInit.js:1497:10)
            at _callCircusTest (/Users/ryan/Library/Mobile Documents/com~apple~CloudDocs/Documents/VSCode/Tax-App-Frontend/node_modules/jest-circus/build/jestAdapterInit.js:1007:40)
            at processTicksAndRejections (node:internal/process/task_queues:95:5)
            at _runTest (/Users/ryan/Library/Mobile Documents/com~apple~CloudDocs/Documents/VSCode/Tax-App-Frontend/node_modules/jest-circus/build/jestAdapterInit.js:947:3)
            at /Users/ryan/Library/Mobile Documents/com~apple~CloudDocs/Documents/VSCode/Tax-App-Frontend/node_modules/jest-circus/build/jestAdapterInit.js:849:7
            at _runTestsForDescribeBlock (/Users/ryan/Library/Mobile Documents/com~apple~CloudDocs/Documents/VSCode/Tax-App-Frontend/node_modules/jest-circus/build/jestAdapterInit.js:862:11)
            at _runTestsForDescribeBlock (/Users/ryan/Library/Mobile Documents/com~apple~CloudDocs/Documents/VSCode/Tax-App-Frontend/node_modules/jest-circus/build/jestAdapterInit.js:857:11)
            at _runTestsForDescribeBlock (/Users/ryan/Library/Mobile Documents/com~apple~CloudDocs/Documents/VSCode/Tax-App-Frontend/node_modules/jest-circus/build/jestAdapterInit.js:857:11)
            at run (/Users/ryan/Library/Mobile Documents/com~apple~CloudDocs/Documents/VSCode/Tax-App-Frontend/node_modules/jest-circus/build/jestAdapterInit.js:761:3)
            at runAndTransformResultsToJestFormat (/Users/ryan/Library/Mobile Documents/com~apple~CloudDocs/Documents/VSCode/Tax-App-Frontend/node_modules/jest-circus/build/jestAdapterInit.js:1918:21)
            at jestAdapter (/Users/ryan/Library/Mobile Documents/com~apple~CloudDocs/Documents/VSCode/Tax-App-Frontend/node_modules/jest-circus/build/runner.js:101:19)
            at runTestInternal (/Users/ryan/Library/Mobile Documents/com~apple~CloudDocs/Documents/VSCode/Tax-App-Frontend/node_modules/jest-runner/build/testWorker.js:275:16)
            at runTest (/Users/ryan/Library/Mobile Documents/com~apple~CloudDocs/Documents/VSCode/Tax-App-Frontend/node_modules/jest-runner/build/testWorker.js:343:7)
            at Object.worker (/Users/ryan/Library/Mobile Documents/com~apple~CloudDocs/Documents/VSCode/Tax-App-Frontend/node_modules/jest-runner/build/testWorker.js:497:12),
        type: 'unhandled exception'
      }

      227 |       const user = userEvent.setup();
      228 |       
    > 229 |       render(<Form1099DivClient initialToken={mockToken} />);
          |             ^
      230 |
      231 |       // Enter invalid payer TIN
      232 |       await user.type(screen.getByLabelText(/Payer TIN/i), 'invalid');

      at VirtualConsole.<anonymous> (node_modules/@jest/environment-jsdom-abstract/build/index.js:87:23)
      at reportException (node_modules/jsdom/lib/jsdom/living/helpers/runtime-script-errors.js:70:28)
      at innerInvokeEventListeners (node_modules/jsdom/lib/jsdom/living/events/EventTarget-impl.js:353:9)
      at invokeEventListeners (node_modules/jsdom/lib/jsdom/living/events/EventTarget-impl.js:286:3)
      at HTMLUnknownElementImpl._dispatch (node_modules/jsdom/lib/jsdom/living/events/EventTarget-impl.js:233:9)
      at HTMLUnknownElementImpl.dispatchEvent (node_modules/jsdom/lib/jsdom/living/events/EventTarget-impl.js:104:17)
      at HTMLUnknownElement.dispatchEvent (node_modules/jsdom/lib/jsdom/living/generated/EventTarget.js:241:34)
      at Object.invokeGuardedCallbackDev (node_modules/react-dom/cjs/react-dom.development.js:4213:16)
      at invokeGuardedCallback (node_modules/react-dom/cjs/react-dom.development.js:4277:31)
      at beginWork$1 (node_modules/react-dom/cjs/react-dom.development.js:27490:7)
      at performUnitOfWork (node_modules/react-dom/cjs/react-dom.development.js:26599:12)
      at workLoopSync (node_modules/react-dom/cjs/react-dom.development.js:26505:5)
      at renderRootSync (node_modules/react-dom/cjs/react-dom.development.js:26473:7)
      at performConcurrentWorkOnRoot (node_modules/react-dom/cjs/react-dom.development.js:25777:74)
      at flushActQueue (node_modules/react/cjs/react.development.js:2667:24)
      at act (node_modules/react/cjs/react.development.js:2582:11)
      at node_modules/@testing-library/react/dist/act-compat.js:46:25
      at renderRoot (node_modules/@testing-library/react/dist/pure.js:189:26)
      at render (node_modules/@testing-library/react/dist/pure.js:291:10)
      at Object.<anonymous> (src/app/forms/1099-div/Form1099Div.error-scenarios.integration.test.tsx:229:13)

    console.error
      Error: Uncaught [TypeError: (0 , _navigation.usePathname) is not a function]
          at reportException (/Users/ryan/Library/Mobile Documents/com~apple~CloudDocs/Documents/VSCode/Tax-App-Frontend/node_modules/jsdom/lib/jsdom/living/helpers/runtime-script-errors.js:66:24)
          at innerInvokeEventListeners (/Users/ryan/Library/Mobile Documents/com~apple~CloudDocs/Documents/VSCode/Tax-App-Frontend/node_modules/jsdom/lib/jsdom/living/events/EventTarget-impl.js:353:9)
          at invokeEventListeners (/Users/ryan/Library/Mobile Documents/com~apple~CloudDocs/Documents/VSCode/Tax-App-Frontend/node_modules/jsdom/lib/jsdom/living/events/EventTarget-impl.js:286:3)
          at HTMLUnknownElementImpl._dispatch (/Users/ryan/Library/Mobile Documents/com~apple~CloudDocs/Documents/VSCode/Tax-App-Frontend/node_modules/jsdom/lib/jsdom/living/events/EventTarget-impl.js:233:9)
          at HTMLUnknownElementImpl.dispatchEvent (/Users/ryan/Library/Mobile Documents/com~apple~CloudDocs/Documents/VSCode/Tax-App-Frontend/node_modules/jsdom/lib/jsdom/living/events/EventTarget-impl.js:104:17)
          at HTMLUnknownElement.dispatchEvent (/Users/ryan/Library/Mobile Documents/com~apple~CloudDocs/Documents/VSCode/Tax-App-Frontend/node_modules/jsdom/lib/jsdom/living/generated/EventTarget.js:241:34)
          at Object.invokeGuardedCallbackDev (/Users/ryan/Library/Mobile Documents/com~apple~CloudDocs/Documents/VSCode/Tax-App-Frontend/node_modules/react-dom/cjs/react-dom.development.js:4213:16)
          at invokeGuardedCallback (/Users/ryan/Library/Mobile Documents/com~apple~CloudDocs/Documents/VSCode/Tax-App-Frontend/node_modules/react-dom/cjs/react-dom.development.js:4277:31)
          at beginWork$1 (/Users/ryan/Library/Mobile Documents/com~apple~CloudDocs/Documents/VSCode/Tax-App-Frontend/node_modules/react-dom/cjs/react-dom.development.js:27490:7)
          at performUnitOfWork (/Users/ryan/Library/Mobile Documents/com~apple~CloudDocs/Documents/VSCode/Tax-App-Frontend/node_modules/react-dom/cjs/react-dom.development.js:26599:12)
          at workLoopSync (/Users/ryan/Library/Mobile Documents/com~apple~CloudDocs/Documents/VSCode/Tax-App-Frontend/node_modules/react-dom/cjs/react-dom.development.js:26505:5)
          at renderRootSync (/Users/ryan/Library/Mobile Documents/com~apple~CloudDocs/Documents/VSCode/Tax-App-Frontend/node_modules/react-dom/cjs/react-dom.development.js:26473:7)
          at recoverFromConcurrentError (/Users/ryan/Library/Mobile Documents/com~apple~CloudDocs/Documents/VSCode/Tax-App-Frontend/node_modules/react-dom/cjs/react-dom.development.js:25889:20)
          at performConcurrentWorkOnRoot (/Users/ryan/Library/Mobile Documents/com~apple~CloudDocs/Documents/VSCode/Tax-App-Frontend/node_modules/react-dom/cjs/react-dom.development.js:25789:22)
          at flushActQueue (/Users/ryan/Library/Mobile Documents/com~apple~CloudDocs/Documents/VSCode/Tax-App-Frontend/node_modules/react/cjs/react.development.js:2667:24)
          at act (/Users/ryan/Library/Mobile Documents/com~apple~CloudDocs/Documents/VSCode/Tax-App-Frontend/node_modules/react/cjs/react.development.js:2582:11)
          at /Users/ryan/Library/Mobile Documents/com~apple~CloudDocs/Documents/VSCode/Tax-App-Frontend/node_modules/@testing-library/react/dist/act-compat.js:46:25
          at renderRoot (/Users/ryan/Library/Mobile Documents/com~apple~CloudDocs/Documents/VSCode/Tax-App-Frontend/node_modules/@testing-library/react/dist/pure.js:189:26)
          at render (/Users/ryan/Library/Mobile Documents/com~apple~CloudDocs/Documents/VSCode/Tax-App-Frontend/node_modules/@testing-library/react/dist/pure.js:291:10)
          at Object.<anonymous> (/Users/ryan/Library/Mobile Documents/com~apple~CloudDocs/Documents/VSCode/Tax-App-Frontend/src/app/forms/1099-div/Form1099Div.error-scenarios.integration.test.tsx:229:13)
          at Promise.finally.completed (/Users/ryan/Library/Mobile Documents/com~apple~CloudDocs/Documents/VSCode/Tax-App-Frontend/node_modules/jest-circus/build/jestAdapterInit.js:1557:28)
          at new Promise (<anonymous>)
          at callAsyncCircusFn (/Users/ryan/Library/Mobile Documents/com~apple~CloudDocs/Documents/VSCode/Tax-App-Frontend/node_modules/jest-circus/build/jestAdapterInit.js:1497:10)
          at _callCircusTest (/Users/ryan/Library/Mobile Documents/com~apple~CloudDocs/Documents/VSCode/Tax-App-Frontend/node_modules/jest-circus/build/jestAdapterInit.js:1007:40)
          at processTicksAndRejections (node:internal/process/task_queues:95:5)
          at _runTest (/Users/ryan/Library/Mobile Documents/com~apple~CloudDocs/Documents/VSCode/Tax-App-Frontend/node_modules/jest-circus/build/jestAdapterInit.js:947:3)
          at /Users/ryan/Library/Mobile Documents/com~apple~CloudDocs/Documents/VSCode/Tax-App-Frontend/node_modules/jest-circus/build/jestAdapterInit.js:849:7
          at _runTestsForDescribeBlock (/Users/ryan/Library/Mobile Documents/com~apple~CloudDocs/Documents/VSCode/Tax-App-Frontend/node_modules/jest-circus/build/jestAdapterInit.js:862:11)
          at _runTestsForDescribeBlock (/Users/ryan/Library/Mobile Documents/com~apple~CloudDocs/Documents/VSCode/Tax-App-Frontend/node_modules/jest-circus/build/jestAdapterInit.js:857:11)
          at _runTestsForDescribeBlock (/Users/ryan/Library/Mobile Documents/com~apple~CloudDocs/Documents/VSCode/Tax-App-Frontend/node_modules/jest-circus/build/jestAdapterInit.js:857:11)
          at run (/Users/ryan/Library/Mobile Documents/com~apple~CloudDocs/Documents/VSCode/Tax-App-Frontend/node_modules/jest-circus/build/jestAdapterInit.js:761:3)
          at runAndTransformResultsToJestFormat (/Users/ryan/Library/Mobile Documents/com~apple~CloudDocs/Documents/VSCode/Tax-App-Frontend/node_modules/jest-circus/build/jestAdapterInit.js:1918:21)
          at jestAdapter (/Users/ryan/Library/Mobile Documents/com~apple~CloudDocs/Documents/VSCode/Tax-App-Frontend/node_modules/jest-circus/build/runner.js:101:19)
          at runTestInternal (/Users/ryan/Library/Mobile Documents/com~apple~CloudDocs/Documents/VSCode/Tax-App-Frontend/node_modules/jest-runner/build/testWorker.js:275:16)
          at runTest (/Users/ryan/Library/Mobile Documents/com~apple~CloudDocs/Documents/VSCode/Tax-App-Frontend/node_modules/jest-runner/build/testWorker.js:343:7)
          at Object.worker (/Users/ryan/Library/Mobile Documents/com~apple~CloudDocs/Documents/VSCode/Tax-App-Frontend/node_modules/jest-runner/build/testWorker.js:497:12) {
        detail: TypeError: (0 , _navigation.usePathname) is not a function
            at useForm1099Div (/Users/ryan/Library/Mobile Documents/com~apple~CloudDocs/Documents/VSCode/Tax-App-Frontend/src/hooks/useForm1099Div.ts:120:31)
            at Form1099DivClient (/Users/ryan/Library/Mobile Documents/com~apple~CloudDocs/Documents/VSCode/Tax-App-Frontend/src/app/forms/1099-div/Form1099DivClient.tsx:96:21)
            at renderWithHooks (/Users/ryan/Library/Mobile Documents/com~apple~CloudDocs/Documents/VSCode/Tax-App-Frontend/node_modules/react-dom/cjs/react-dom.development.js:15486:18)
            at mountIndeterminateComponent (/Users/ryan/Library/Mobile Documents/com~apple~CloudDocs/Documents/VSCode/Tax-App-Frontend/node_modules/react-dom/cjs/react-dom.development.js:20103:13)
            at beginWork (/Users/ryan/Library/Mobile Documents/com~apple~CloudDocs/Documents/VSCode/Tax-App-Frontend/node_modules/react-dom/cjs/react-dom.development.js:21626:16)
            at HTMLUnknownElement.callCallback (/Users/ryan/Library/Mobile Documents/com~apple~CloudDocs/Documents/VSCode/Tax-App-Frontend/node_modules/react-dom/cjs/react-dom.development.js:4164:14)
            at HTMLUnknownElement.callTheUserObjectsOperation (/Users/ryan/Library/Mobile Documents/com~apple~CloudDocs/Documents/VSCode/Tax-App-Frontend/node_modules/jsdom/lib/jsdom/living/generated/EventListener.js:26:30)
            at innerInvokeEventListeners (/Users/ryan/Library/Mobile Documents/com~apple~CloudDocs/Documents/VSCode/Tax-App-Frontend/node_modules/jsdom/lib/jsdom/living/events/EventTarget-impl.js:350:25)
            at invokeEventListeners (/Users/ryan/Library/Mobile Documents/com~apple~CloudDocs/Documents/VSCode/Tax-App-Frontend/node_modules/jsdom/lib/jsdom/living/events/EventTarget-impl.js:286:3)
            at HTMLUnknownElementImpl._dispatch (/Users/ryan/Library/Mobile Documents/com~apple~CloudDocs/Documents/VSCode/Tax-App-Frontend/node_modules/jsdom/lib/jsdom/living/events/EventTarget-impl.js:233:9)
            at HTMLUnknownElementImpl.dispatchEvent (/Users/ryan/Library/Mobile Documents/com~apple~CloudDocs/Documents/VSCode/Tax-App-Frontend/node_modules/jsdom/lib/jsdom/living/events/EventTarget-impl.js:104:17)
            at HTMLUnknownElement.dispatchEvent (/Users/ryan/Library/Mobile Documents/com~apple~CloudDocs/Documents/VSCode/Tax-App-Frontend/node_modules/jsdom/lib/jsdom/living/generated/EventTarget.js:241:34)
            at Object.invokeGuardedCallbackDev (/Users/ryan/Library/Mobile Documents/com~apple~CloudDocs/Documents/VSCode/Tax-App-Frontend/node_modules/react-dom/cjs/react-dom.development.js:4213:16)
            at invokeGuardedCallback (/Users/ryan/Library/Mobile Documents/com~apple~CloudDocs/Documents/VSCode/Tax-App-Frontend/node_modules/react-dom/cjs/react-dom.development.js:4277:31)
            at beginWork$1 (/Users/ryan/Library/Mobile Documents/com~apple~CloudDocs/Documents/VSCode/Tax-App-Frontend/node_modules/react-dom/cjs/react-dom.development.js:27490:7)
            at performUnitOfWork (/Users/ryan/Library/Mobile Documents/com~apple~CloudDocs/Documents/VSCode/Tax-App-Frontend/node_modules/react-dom/cjs/react-dom.development.js:26599:12)
            at workLoopSync (/Users/ryan/Library/Mobile Documents/com~apple~CloudDocs/Documents/VSCode/Tax-App-Frontend/node_modules/react-dom/cjs/react-dom.development.js:26505:5)
            at renderRootSync (/Users/ryan/Library/Mobile Documents/com~apple~CloudDocs/Documents/VSCode/Tax-App-Frontend/node_modules/react-dom/cjs/react-dom.development.js:26473:7)
            at recoverFromConcurrentError (/Users/ryan/Library/Mobile Documents/com~apple~CloudDocs/Documents/VSCode/Tax-App-Frontend/node_modules/react-dom/cjs/react-dom.development.js:25889:20)
            at performConcurrentWorkOnRoot (/Users/ryan/Library/Mobile Documents/com~apple~CloudDocs/Documents/VSCode/Tax-App-Frontend/node_modules/react-dom/cjs/react-dom.development.js:25789:22)
            at flushActQueue (/Users/ryan/Library/Mobile Documents/com~apple~CloudDocs/Documents/VSCode/Tax-App-Frontend/node_modules/react/cjs/react.development.js:2667:24)
            at act (/Users/ryan/Library/Mobile Documents/com~apple~CloudDocs/Documents/VSCode/Tax-App-Frontend/node_modules/react/cjs/react.development.js:2582:11)
            at /Users/ryan/Library/Mobile Documents/com~apple~CloudDocs/Documents/VSCode/Tax-App-Frontend/node_modules/@testing-library/react/dist/act-compat.js:46:25
            at renderRoot (/Users/ryan/Library/Mobile Documents/com~apple~CloudDocs/Documents/VSCode/Tax-App-Frontend/node_modules/@testing-library/react/dist/pure.js:189:26)
            at render (/Users/ryan/Library/Mobile Documents/com~apple~CloudDocs/Documents/VSCode/Tax-App-Frontend/node_modules/@testing-library/react/dist/pure.js:291:10)
            at Object.<anonymous> (/Users/ryan/Library/Mobile Documents/com~apple~CloudDocs/Documents/VSCode/Tax-App-Frontend/src/app/forms/1099-div/Form1099Div.error-scenarios.integration.test.tsx:229:13)
            at Promise.finally.completed (/Users/ryan/Library/Mobile Documents/com~apple~CloudDocs/Documents/VSCode/Tax-App-Frontend/node_modules/jest-circus/build/jestAdapterInit.js:1557:28)
            at new Promise (<anonymous>)
            at callAsyncCircusFn (/Users/ryan/Library/Mobile Documents/com~apple~CloudDocs/Documents/VSCode/Tax-App-Frontend/node_modules/jest-circus/build/jestAdapterInit.js:1497:10)
            at _callCircusTest (/Users/ryan/Library/Mobile Documents/com~apple~CloudDocs/Documents/VSCode/Tax-App-Frontend/node_modules/jest-circus/build/jestAdapterInit.js:1007:40)
            at processTicksAndRejections (node:internal/process/task_queues:95:5)
            at _runTest (/Users/ryan/Library/Mobile Documents/com~apple~CloudDocs/Documents/VSCode/Tax-App-Frontend/node_modules/jest-circus/build/jestAdapterInit.js:947:3)
            at /Users/ryan/Library/Mobile Documents/com~apple~CloudDocs/Documents/VSCode/Tax-App-Frontend/node_modules/jest-circus/build/jestAdapterInit.js:849:7
            at _runTestsForDescribeBlock (/Users/ryan/Library/Mobile Documents/com~apple~CloudDocs/Documents/VSCode/Tax-App-Frontend/node_modules/jest-circus/build/jestAdapterInit.js:862:11)
            at _runTestsForDescribeBlock (/Users/ryan/Library/Mobile Documents/com~apple~CloudDocs/Documents/VSCode/Tax-App-Frontend/node_modules/jest-circus/build/jestAdapterInit.js:857:11)
            at _runTestsForDescribeBlock (/Users/ryan/Library/Mobile Documents/com~apple~CloudDocs/Documents/VSCode/Tax-App-Frontend/node_modules/jest-circus/build/jestAdapterInit.js:857:11)
            at run (/Users/ryan/Library/Mobile Documents/com~apple~CloudDocs/Documents/VSCode/Tax-App-Frontend/node_modules/jest-circus/build/jestAdapterInit.js:761:3)
            at runAndTransformResultsToJestFormat (/Users/ryan/Library/Mobile Documents/com~apple~CloudDocs/Documents/VSCode/Tax-App-Frontend/node_modules/jest-circus/build/jestAdapterInit.js:1918:21)
            at jestAdapter (/Users/ryan/Library/Mobile Documents/com~apple~CloudDocs/Documents/VSCode/Tax-App-Frontend/node_modules/jest-circus/build/runner.js:101:19)
            at runTestInternal (/Users/ryan/Library/Mobile Documents/com~apple~CloudDocs/Documents/VSCode/Tax-App-Frontend/node_modules/jest-runner/build/testWorker.js:275:16)
            at runTest (/Users/ryan/Library/Mobile Documents/com~apple~CloudDocs/Documents/VSCode/Tax-App-Frontend/node_modules/jest-runner/build/testWorker.js:343:7)
            at Object.worker (/Users/ryan/Library/Mobile Documents/com~apple~CloudDocs/Documents/VSCode/Tax-App-Frontend/node_modules/jest-runner/build/testWorker.js:497:12),
        type: 'unhandled exception'
      }

      227 |       const user = userEvent.setup();
      228 |       
    > 229 |       render(<Form1099DivClient initialToken={mockToken} />);
          |             ^
      230 |
      231 |       // Enter invalid payer TIN
      232 |       await user.type(screen.getByLabelText(/Payer TIN/i), 'invalid');

      at VirtualConsole.<anonymous> (node_modules/@jest/environment-jsdom-abstract/build/index.js:87:23)
      at reportException (node_modules/jsdom/lib/jsdom/living/helpers/runtime-script-errors.js:70:28)
      at innerInvokeEventListeners (node_modules/jsdom/lib/jsdom/living/events/EventTarget-impl.js:353:9)
      at invokeEventListeners (node_modules/jsdom/lib/jsdom/living/events/EventTarget-impl.js:286:3)
      at HTMLUnknownElementImpl._dispatch (node_modules/jsdom/lib/jsdom/living/events/EventTarget-impl.js:233:9)
      at HTMLUnknownElementImpl.dispatchEvent (node_modules/jsdom/lib/jsdom/living/events/EventTarget-impl.js:104:17)
      at HTMLUnknownElement.dispatchEvent (node_modules/jsdom/lib/jsdom/living/generated/EventTarget.js:241:34)
      at Object.invokeGuardedCallbackDev (node_modules/react-dom/cjs/react-dom.development.js:4213:16)
      at invokeGuardedCallback (node_modules/react-dom/cjs/react-dom.development.js:4277:31)
      at beginWork$1 (node_modules/react-dom/cjs/react-dom.development.js:27490:7)
      at performUnitOfWork (node_modules/react-dom/cjs/react-dom.development.js:26599:12)
      at workLoopSync (node_modules/react-dom/cjs/react-dom.development.js:26505:5)
      at renderRootSync (node_modules/react-dom/cjs/react-dom.development.js:26473:7)
      at recoverFromConcurrentError (node_modules/react-dom/cjs/react-dom.development.js:25889:20)
      at performConcurrentWorkOnRoot (node_modules/react-dom/cjs/react-dom.development.js:25789:22)
      at flushActQueue (node_modules/react/cjs/react.development.js:2667:24)
      at act (node_modules/react/cjs/react.development.js:2582:11)
      at node_modules/@testing-library/react/dist/act-compat.js:46:25
      at renderRoot (node_modules/@testing-library/react/dist/pure.js:189:26)
      at render (node_modules/@testing-library/react/dist/pure.js:291:10)
      at Object.<anonymous> (src/app/forms/1099-div/Form1099Div.error-scenarios.integration.test.tsx:229:13)

    console.error
      The above error occurred in the <Form1099DivClient> component:
      
          at initialToken (/Users/ryan/Library/Mobile Documents/com~apple~CloudDocs/Documents/VSCode/Tax-App-Frontend/src/app/forms/1099-div/Form1099DivClient.tsx:69:3)
      
      Consider adding an error boundary to your tree to customize error handling behavior.
      Visit https://reactjs.org/link/error-boundaries to learn more about error boundaries.

      227 |       const user = userEvent.setup();
      228 |       
    > 229 |       render(<Form1099DivClient initialToken={mockToken} />);
          |             ^
      230 |
      231 |       // Enter invalid payer TIN
      232 |       await user.type(screen.getByLabelText(/Payer TIN/i), 'invalid');

      at logCapturedError (node_modules/react-dom/cjs/react-dom.development.js:18704:23)
      at update.callback (node_modules/react-dom/cjs/react-dom.development.js:18737:5)
      at callCallback (node_modules/react-dom/cjs/react-dom.development.js:15036:12)
      at commitUpdateQueue (node_modules/react-dom/cjs/react-dom.development.js:15057:9)
      at commitLayoutEffectOnFiber (node_modules/react-dom/cjs/react-dom.development.js:23430:13)
      at commitLayoutMountEffects_complete (node_modules/react-dom/cjs/react-dom.development.js:24727:9)
      at commitLayoutEffects_begin (node_modules/react-dom/cjs/react-dom.development.js:24713:7)
      at commitLayoutEffects (node_modules/react-dom/cjs/react-dom.development.js:24651:3)
      at commitRootImpl (node_modules/react-dom/cjs/react-dom.development.js:26862:5)
      at commitRoot (node_modules/react-dom/cjs/react-dom.development.js:26721:5)
      at finishConcurrentRender (node_modules/react-dom/cjs/react-dom.development.js:25931:9)
      at performConcurrentWorkOnRoot (node_modules/react-dom/cjs/react-dom.development.js:25848:7)
      at flushActQueue (node_modules/react/cjs/react.development.js:2667:24)
      at act (node_modules/react/cjs/react.development.js:2582:11)
      at node_modules/@testing-library/react/dist/act-compat.js:46:25
      at renderRoot (node_modules/@testing-library/react/dist/pure.js:189:26)
      at render (node_modules/@testing-library/react/dist/pure.js:291:10)
      at Object.<anonymous> (src/app/forms/1099-div/Form1099Div.error-scenarios.integration.test.tsx:229:13)

    console.error
      Error: Uncaught [TypeError: (0 , _navigation.usePathname) is not a function]
          at reportException (/Users/ryan/Library/Mobile Documents/com~apple~CloudDocs/Documents/VSCode/Tax-App-Frontend/node_modules/jsdom/lib/jsdom/living/helpers/runtime-script-errors.js:66:24)
          at innerInvokeEventListeners (/Users/ryan/Library/Mobile Documents/com~apple~CloudDocs/Documents/VSCode/Tax-App-Frontend/node_modules/jsdom/lib/jsdom/living/events/EventTarget-impl.js:353:9)
          at invokeEventListeners (/Users/ryan/Library/Mobile Documents/com~apple~CloudDocs/Documents/VSCode/Tax-App-Frontend/node_modules/jsdom/lib/jsdom/living/events/EventTarget-impl.js:286:3)
          at HTMLUnknownElementImpl._dispatch (/Users/ryan/Library/Mobile Documents/com~apple~CloudDocs/Documents/VSCode/Tax-App-Frontend/node_modules/jsdom/lib/jsdom/living/events/EventTarget-impl.js:233:9)
          at HTMLUnknownElementImpl.dispatchEvent (/Users/ryan/Library/Mobile Documents/com~apple~CloudDocs/Documents/VSCode/Tax-App-Frontend/node_modules/jsdom/lib/jsdom/living/events/EventTarget-impl.js:104:17)
          at HTMLUnknownElement.dispatchEvent (/Users/ryan/Library/Mobile Documents/com~apple~CloudDocs/Documents/VSCode/Tax-App-Frontend/node_modules/jsdom/lib/jsdom/living/generated/EventTarget.js:241:34)
          at Object.invokeGuardedCallbackDev (/Users/ryan/Library/Mobile Documents/com~apple~CloudDocs/Documents/VSCode/Tax-App-Frontend/node_modules/react-dom/cjs/react-dom.development.js:4213:16)
          at invokeGuardedCallback (/Users/ryan/Library/Mobile Documents/com~apple~CloudDocs/Documents/VSCode/Tax-App-Frontend/node_modules/react-dom/cjs/react-dom.development.js:4277:31)
          at beginWork$1 (/Users/ryan/Library/Mobile Documents/com~apple~CloudDocs/Documents/VSCode/Tax-App-Frontend/node_modules/react-dom/cjs/react-dom.development.js:27490:7)
          at performUnitOfWork (/Users/ryan/Library/Mobile Documents/com~apple~CloudDocs/Documents/VSCode/Tax-App-Frontend/node_modules/react-dom/cjs/react-dom.development.js:26599:12)
          at workLoopSync (/Users/ryan/Library/Mobile Documents/com~apple~CloudDocs/Documents/VSCode/Tax-App-Frontend/node_modules/react-dom/cjs/react-dom.development.js:26505:5)
          at renderRootSync (/Users/ryan/Library/Mobile Documents/com~apple~CloudDocs/Documents/VSCode/Tax-App-Frontend/node_modules/react-dom/cjs/react-dom.development.js:26473:7)
          at performConcurrentWorkOnRoot (/Users/ryan/Library/Mobile Documents/com~apple~CloudDocs/Documents/VSCode/Tax-App-Frontend/node_modules/react-dom/cjs/react-dom.development.js:25777:74)
          at flushActQueue (/Users/ryan/Library/Mobile Documents/com~apple~CloudDocs/Documents/VSCode/Tax-App-Frontend/node_modules/react/cjs/react.development.js:2667:24)
          at act (/Users/ryan/Library/Mobile Documents/com~apple~CloudDocs/Documents/VSCode/Tax-App-Frontend/node_modules/react/cjs/react.development.js:2582:11)
          at /Users/ryan/Library/Mobile Documents/com~apple~CloudDocs/Documents/VSCode/Tax-App-Frontend/node_modules/@testing-library/react/dist/act-compat.js:46:25
          at renderRoot (/Users/ryan/Library/Mobile Documents/com~apple~CloudDocs/Documents/VSCode/Tax-App-Frontend/node_modules/@testing-library/react/dist/pure.js:189:26)
          at render (/Users/ryan/Library/Mobile Documents/com~apple~CloudDocs/Documents/VSCode/Tax-App-Frontend/node_modules/@testing-library/react/dist/pure.js:291:10)
          at Object.<anonymous> (/Users/ryan/Library/Mobile Documents/com~apple~CloudDocs/Documents/VSCode/Tax-App-Frontend/src/app/forms/1099-div/Form1099Div.error-scenarios.integration.test.tsx:263:13)
          at Promise.finally.completed (/Users/ryan/Library/Mobile Documents/com~apple~CloudDocs/Documents/VSCode/Tax-App-Frontend/node_modules/jest-circus/build/jestAdapterInit.js:1557:28)
          at new Promise (<anonymous>)
          at callAsyncCircusFn (/Users/ryan/Library/Mobile Documents/com~apple~CloudDocs/Documents/VSCode/Tax-App-Frontend/node_modules/jest-circus/build/jestAdapterInit.js:1497:10)
          at _callCircusTest (/Users/ryan/Library/Mobile Documents/com~apple~CloudDocs/Documents/VSCode/Tax-App-Frontend/node_modules/jest-circus/build/jestAdapterInit.js:1007:40)
          at processTicksAndRejections (node:internal/process/task_queues:95:5)
          at _runTest (/Users/ryan/Library/Mobile Documents/com~apple~CloudDocs/Documents/VSCode/Tax-App-Frontend/node_modules/jest-circus/build/jestAdapterInit.js:947:3)
          at /Users/ryan/Library/Mobile Documents/com~apple~CloudDocs/Documents/VSCode/Tax-App-Frontend/node_modules/jest-circus/build/jestAdapterInit.js:849:7
          at _runTestsForDescribeBlock (/Users/ryan/Library/Mobile Documents/com~apple~CloudDocs/Documents/VSCode/Tax-App-Frontend/node_modules/jest-circus/build/jestAdapterInit.js:862:11)
          at _runTestsForDescribeBlock (/Users/ryan/Library/Mobile Documents/com~apple~CloudDocs/Documents/VSCode/Tax-App-Frontend/node_modules/jest-circus/build/jestAdapterInit.js:857:11)
          at _runTestsForDescribeBlock (/Users/ryan/Library/Mobile Documents/com~apple~CloudDocs/Documents/VSCode/Tax-App-Frontend/node_modules/jest-circus/build/jestAdapterInit.js:857:11)
          at run (/Users/ryan/Library/Mobile Documents/com~apple~CloudDocs/Documents/VSCode/Tax-App-Frontend/node_modules/jest-circus/build/jestAdapterInit.js:761:3)
          at runAndTransformResultsToJestFormat (/Users/ryan/Library/Mobile Documents/com~apple~CloudDocs/Documents/VSCode/Tax-App-Frontend/node_modules/jest-circus/build/jestAdapterInit.js:1918:21)
          at jestAdapter (/Users/ryan/Library/Mobile Documents/com~apple~CloudDocs/Documents/VSCode/Tax-App-Frontend/node_modules/jest-circus/build/runner.js:101:19)
          at runTestInternal (/Users/ryan/Library/Mobile Documents/com~apple~CloudDocs/Documents/VSCode/Tax-App-Frontend/node_modules/jest-runner/build/testWorker.js:275:16)
          at runTest (/Users/ryan/Library/Mobile Documents/com~apple~CloudDocs/Documents/VSCode/Tax-App-Frontend/node_modules/jest-runner/build/testWorker.js:343:7)
          at Object.worker (/Users/ryan/Library/Mobile Documents/com~apple~CloudDocs/Documents/VSCode/Tax-App-Frontend/node_modules/jest-runner/build/testWorker.js:497:12) {
        detail: TypeError: (0 , _navigation.usePathname) is not a function
            at useForm1099Div (/Users/ryan/Library/Mobile Documents/com~apple~CloudDocs/Documents/VSCode/Tax-App-Frontend/src/hooks/useForm1099Div.ts:120:31)
            at Form1099DivClient (/Users/ryan/Library/Mobile Documents/com~apple~CloudDocs/Documents/VSCode/Tax-App-Frontend/src/app/forms/1099-div/Form1099DivClient.tsx:96:21)
            at renderWithHooks (/Users/ryan/Library/Mobile Documents/com~apple~CloudDocs/Documents/VSCode/Tax-App-Frontend/node_modules/react-dom/cjs/react-dom.development.js:15486:18)
            at mountIndeterminateComponent (/Users/ryan/Library/Mobile Documents/com~apple~CloudDocs/Documents/VSCode/Tax-App-Frontend/node_modules/react-dom/cjs/react-dom.development.js:20103:13)
            at beginWork (/Users/ryan/Library/Mobile Documents/com~apple~CloudDocs/Documents/VSCode/Tax-App-Frontend/node_modules/react-dom/cjs/react-dom.development.js:21626:16)
            at HTMLUnknownElement.callCallback (/Users/ryan/Library/Mobile Documents/com~apple~CloudDocs/Documents/VSCode/Tax-App-Frontend/node_modules/react-dom/cjs/react-dom.development.js:4164:14)
            at HTMLUnknownElement.callTheUserObjectsOperation (/Users/ryan/Library/Mobile Documents/com~apple~CloudDocs/Documents/VSCode/Tax-App-Frontend/node_modules/jsdom/lib/jsdom/living/generated/EventListener.js:26:30)
            at innerInvokeEventListeners (/Users/ryan/Library/Mobile Documents/com~apple~CloudDocs/Documents/VSCode/Tax-App-Frontend/node_modules/jsdom/lib/jsdom/living/events/EventTarget-impl.js:350:25)
            at invokeEventListeners (/Users/ryan/Library/Mobile Documents/com~apple~CloudDocs/Documents/VSCode/Tax-App-Frontend/node_modules/jsdom/lib/jsdom/living/events/EventTarget-impl.js:286:3)
            at HTMLUnknownElementImpl._dispatch (/Users/ryan/Library/Mobile Documents/com~apple~CloudDocs/Documents/VSCode/Tax-App-Frontend/node_modules/jsdom/lib/jsdom/living/events/EventTarget-impl.js:233:9)
            at HTMLUnknownElementImpl.dispatchEvent (/Users/ryan/Library/Mobile Documents/com~apple~CloudDocs/Documents/VSCode/Tax-App-Frontend/node_modules/jsdom/lib/jsdom/living/events/EventTarget-impl.js:104:17)
            at HTMLUnknownElement.dispatchEvent (/Users/ryan/Library/Mobile Documents/com~apple~CloudDocs/Documents/VSCode/Tax-App-Frontend/node_modules/jsdom/lib/jsdom/living/generated/EventTarget.js:241:34)
            at Object.invokeGuardedCallbackDev (/Users/ryan/Library/Mobile Documents/com~apple~CloudDocs/Documents/VSCode/Tax-App-Frontend/node_modules/react-dom/cjs/react-dom.development.js:4213:16)
            at invokeGuardedCallback (/Users/ryan/Library/Mobile Documents/com~apple~CloudDocs/Documents/VSCode/Tax-App-Frontend/node_modules/react-dom/cjs/react-dom.development.js:4277:31)
            at beginWork$1 (/Users/ryan/Library/Mobile Documents/com~apple~CloudDocs/Documents/VSCode/Tax-App-Frontend/node_modules/react-dom/cjs/react-dom.development.js:27490:7)
            at performUnitOfWork (/Users/ryan/Library/Mobile Documents/com~apple~CloudDocs/Documents/VSCode/Tax-App-Frontend/node_modules/react-dom/cjs/react-dom.development.js:26599:12)
            at workLoopSync (/Users/ryan/Library/Mobile Documents/com~apple~CloudDocs/Documents/VSCode/Tax-App-Frontend/node_modules/react-dom/cjs/react-dom.development.js:26505:5)
            at renderRootSync (/Users/ryan/Library/Mobile Documents/com~apple~CloudDocs/Documents/VSCode/Tax-App-Frontend/node_modules/react-dom/cjs/react-dom.development.js:26473:7)
            at performConcurrentWorkOnRoot (/Users/ryan/Library/Mobile Documents/com~apple~CloudDocs/Documents/VSCode/Tax-App-Frontend/node_modules/react-dom/cjs/react-dom.development.js:25777:74)
            at flushActQueue (/Users/ryan/Library/Mobile Documents/com~apple~CloudDocs/Documents/VSCode/Tax-App-Frontend/node_modules/react/cjs/react.development.js:2667:24)
            at act (/Users/ryan/Library/Mobile Documents/com~apple~CloudDocs/Documents/VSCode/Tax-App-Frontend/node_modules/react/cjs/react.development.js:2582:11)
            at /Users/ryan/Library/Mobile Documents/com~apple~CloudDocs/Documents/VSCode/Tax-App-Frontend/node_modules/@testing-library/react/dist/act-compat.js:46:25
            at renderRoot (/Users/ryan/Library/Mobile Documents/com~apple~CloudDocs/Documents/VSCode/Tax-App-Frontend/node_modules/@testing-library/react/dist/pure.js:189:26)
            at render (/Users/ryan/Library/Mobile Documents/com~apple~CloudDocs/Documents/VSCode/Tax-App-Frontend/node_modules/@testing-library/react/dist/pure.js:291:10)
            at Object.<anonymous> (/Users/ryan/Library/Mobile Documents/com~apple~CloudDocs/Documents/VSCode/Tax-App-Frontend/src/app/forms/1099-div/Form1099Div.error-scenarios.integration.test.tsx:263:13)
            at Promise.finally.completed (/Users/ryan/Library/Mobile Documents/com~apple~CloudDocs/Documents/VSCode/Tax-App-Frontend/node_modules/jest-circus/build/jestAdapterInit.js:1557:28)
            at new Promise (<anonymous>)
            at callAsyncCircusFn (/Users/ryan/Library/Mobile Documents/com~apple~CloudDocs/Documents/VSCode/Tax-App-Frontend/node_modules/jest-circus/build/jestAdapterInit.js:1497:10)
            at _callCircusTest (/Users/ryan/Library/Mobile Documents/com~apple~CloudDocs/Documents/VSCode/Tax-App-Frontend/node_modules/jest-circus/build/jestAdapterInit.js:1007:40)
            at processTicksAndRejections (node:internal/process/task_queues:95:5)
            at _runTest (/Users/ryan/Library/Mobile Documents/com~apple~CloudDocs/Documents/VSCode/Tax-App-Frontend/node_modules/jest-circus/build/jestAdapterInit.js:947:3)
            at /Users/ryan/Library/Mobile Documents/com~apple~CloudDocs/Documents/VSCode/Tax-App-Frontend/node_modules/jest-circus/build/jestAdapterInit.js:849:7
            at _runTestsForDescribeBlock (/Users/ryan/Library/Mobile Documents/com~apple~CloudDocs/Documents/VSCode/Tax-App-Frontend/node_modules/jest-circus/build/jestAdapterInit.js:862:11)
            at _runTestsForDescribeBlock (/Users/ryan/Library/Mobile Documents/com~apple~CloudDocs/Documents/VSCode/Tax-App-Frontend/node_modules/jest-circus/build/jestAdapterInit.js:857:11)
            at _runTestsForDescribeBlock (/Users/ryan/Library/Mobile Documents/com~apple~CloudDocs/Documents/VSCode/Tax-App-Frontend/node_modules/jest-circus/build/jestAdapterInit.js:857:11)
            at run (/Users/ryan/Library/Mobile Documents/com~apple~CloudDocs/Documents/VSCode/Tax-App-Frontend/node_modules/jest-circus/build/jestAdapterInit.js:761:3)
            at runAndTransformResultsToJestFormat (/Users/ryan/Library/Mobile Documents/com~apple~CloudDocs/Documents/VSCode/Tax-App-Frontend/node_modules/jest-circus/build/jestAdapterInit.js:1918:21)
            at jestAdapter (/Users/ryan/Library/Mobile Documents/com~apple~CloudDocs/Documents/VSCode/Tax-App-Frontend/node_modules/jest-circus/build/runner.js:101:19)
            at runTestInternal (/Users/ryan/Library/Mobile Documents/com~apple~CloudDocs/Documents/VSCode/Tax-App-Frontend/node_modules/jest-runner/build/testWorker.js:275:16)
            at runTest (/Users/ryan/Library/Mobile Documents/com~apple~CloudDocs/Documents/VSCode/Tax-App-Frontend/node_modules/jest-runner/build/testWorker.js:343:7)
            at Object.worker (/Users/ryan/Library/Mobile Documents/com~apple~CloudDocs/Documents/VSCode/Tax-App-Frontend/node_modules/jest-runner/build/testWorker.js:497:12),
        type: 'unhandled exception'
      }

      261 |       });
      262 |
    > 263 |       render(<Form1099DivClient initialToken={mockToken} />);
          |             ^
      264 |
      265 |       // Fill in valid data
      266 |       const calendarYearInput = screen.getByLabelText(/Tax Year/i);

      at VirtualConsole.<anonymous> (node_modules/@jest/environment-jsdom-abstract/build/index.js:87:23)
      at reportException (node_modules/jsdom/lib/jsdom/living/helpers/runtime-script-errors.js:70:28)
      at innerInvokeEventListeners (node_modules/jsdom/lib/jsdom/living/events/EventTarget-impl.js:353:9)
      at invokeEventListeners (node_modules/jsdom/lib/jsdom/living/events/EventTarget-impl.js:286:3)
      at HTMLUnknownElementImpl._dispatch (node_modules/jsdom/lib/jsdom/living/events/EventTarget-impl.js:233:9)
      at HTMLUnknownElementImpl.dispatchEvent (node_modules/jsdom/lib/jsdom/living/events/EventTarget-impl.js:104:17)
      at HTMLUnknownElement.dispatchEvent (node_modules/jsdom/lib/jsdom/living/generated/EventTarget.js:241:34)
      at Object.invokeGuardedCallbackDev (node_modules/react-dom/cjs/react-dom.development.js:4213:16)
      at invokeGuardedCallback (node_modules/react-dom/cjs/react-dom.development.js:4277:31)
      at beginWork$1 (node_modules/react-dom/cjs/react-dom.development.js:27490:7)
      at performUnitOfWork (node_modules/react-dom/cjs/react-dom.development.js:26599:12)
      at workLoopSync (node_modules/react-dom/cjs/react-dom.development.js:26505:5)
      at renderRootSync (node_modules/react-dom/cjs/react-dom.development.js:26473:7)
      at performConcurrentWorkOnRoot (node_modules/react-dom/cjs/react-dom.development.js:25777:74)
      at flushActQueue (node_modules/react/cjs/react.development.js:2667:24)
      at act (node_modules/react/cjs/react.development.js:2582:11)
      at node_modules/@testing-library/react/dist/act-compat.js:46:25
      at renderRoot (node_modules/@testing-library/react/dist/pure.js:189:26)
      at render (node_modules/@testing-library/react/dist/pure.js:291:10)
      at Object.<anonymous> (src/app/forms/1099-div/Form1099Div.error-scenarios.integration.test.tsx:263:13)

    console.error
      Error: Uncaught [TypeError: (0 , _navigation.usePathname) is not a function]
          at reportException (/Users/ryan/Library/Mobile Documents/com~apple~CloudDocs/Documents/VSCode/Tax-App-Frontend/node_modules/jsdom/lib/jsdom/living/helpers/runtime-script-errors.js:66:24)
          at innerInvokeEventListeners (/Users/ryan/Library/Mobile Documents/com~apple~CloudDocs/Documents/VSCode/Tax-App-Frontend/node_modules/jsdom/lib/jsdom/living/events/EventTarget-impl.js:353:9)
          at invokeEventListeners (/Users/ryan/Library/Mobile Documents/com~apple~CloudDocs/Documents/VSCode/Tax-App-Frontend/node_modules/jsdom/lib/jsdom/living/events/EventTarget-impl.js:286:3)
          at HTMLUnknownElementImpl._dispatch (/Users/ryan/Library/Mobile Documents/com~apple~CloudDocs/Documents/VSCode/Tax-App-Frontend/node_modules/jsdom/lib/jsdom/living/events/EventTarget-impl.js:233:9)
          at HTMLUnknownElementImpl.dispatchEvent (/Users/ryan/Library/Mobile Documents/com~apple~CloudDocs/Documents/VSCode/Tax-App-Frontend/node_modules/jsdom/lib/jsdom/living/events/EventTarget-impl.js:104:17)
          at HTMLUnknownElement.dispatchEvent (/Users/ryan/Library/Mobile Documents/com~apple~CloudDocs/Documents/VSCode/Tax-App-Frontend/node_modules/jsdom/lib/jsdom/living/generated/EventTarget.js:241:34)
          at Object.invokeGuardedCallbackDev (/Users/ryan/Library/Mobile Documents/com~apple~CloudDocs/Documents/VSCode/Tax-App-Frontend/node_modules/react-dom/cjs/react-dom.development.js:4213:16)
          at invokeGuardedCallback (/Users/ryan/Library/Mobile Documents/com~apple~CloudDocs/Documents/VSCode/Tax-App-Frontend/node_modules/react-dom/cjs/react-dom.development.js:4277:31)
          at beginWork$1 (/Users/ryan/Library/Mobile Documents/com~apple~CloudDocs/Documents/VSCode/Tax-App-Frontend/node_modules/react-dom/cjs/react-dom.development.js:27490:7)
          at performUnitOfWork (/Users/ryan/Library/Mobile Documents/com~apple~CloudDocs/Documents/VSCode/Tax-App-Frontend/node_modules/react-dom/cjs/react-dom.development.js:26599:12)
          at workLoopSync (/Users/ryan/Library/Mobile Documents/com~apple~CloudDocs/Documents/VSCode/Tax-App-Frontend/node_modules/react-dom/cjs/react-dom.development.js:26505:5)
          at renderRootSync (/Users/ryan/Library/Mobile Documents/com~apple~CloudDocs/Documents/VSCode/Tax-App-Frontend/node_modules/react-dom/cjs/react-dom.development.js:26473:7)
          at recoverFromConcurrentError (/Users/ryan/Library/Mobile Documents/com~apple~CloudDocs/Documents/VSCode/Tax-App-Frontend/node_modules/react-dom/cjs/react-dom.development.js:25889:20)
          at performConcurrentWorkOnRoot (/Users/ryan/Library/Mobile Documents/com~apple~CloudDocs/Documents/VSCode/Tax-App-Frontend/node_modules/react-dom/cjs/react-dom.development.js:25789:22)
          at flushActQueue (/Users/ryan/Library/Mobile Documents/com~apple~CloudDocs/Documents/VSCode/Tax-App-Frontend/node_modules/react/cjs/react.development.js:2667:24)
          at act (/Users/ryan/Library/Mobile Documents/com~apple~CloudDocs/Documents/VSCode/Tax-App-Frontend/node_modules/react/cjs/react.development.js:2582:11)
          at /Users/ryan/Library/Mobile Documents/com~apple~CloudDocs/Documents/VSCode/Tax-App-Frontend/node_modules/@testing-library/react/dist/act-compat.js:46:25
          at renderRoot (/Users/ryan/Library/Mobile Documents/com~apple~CloudDocs/Documents/VSCode/Tax-App-Frontend/node_modules/@testing-library/react/dist/pure.js:189:26)
          at render (/Users/ryan/Library/Mobile Documents/com~apple~CloudDocs/Documents/VSCode/Tax-App-Frontend/node_modules/@testing-library/react/dist/pure.js:291:10)
          at Object.<anonymous> (/Users/ryan/Library/Mobile Documents/com~apple~CloudDocs/Documents/VSCode/Tax-App-Frontend/src/app/forms/1099-div/Form1099Div.error-scenarios.integration.test.tsx:263:13)
          at Promise.finally.completed (/Users/ryan/Library/Mobile Documents/com~apple~CloudDocs/Documents/VSCode/Tax-App-Frontend/node_modules/jest-circus/build/jestAdapterInit.js:1557:28)
          at new Promise (<anonymous>)
          at callAsyncCircusFn (/Users/ryan/Library/Mobile Documents/com~apple~CloudDocs/Documents/VSCode/Tax-App-Frontend/node_modules/jest-circus/build/jestAdapterInit.js:1497:10)
          at _callCircusTest (/Users/ryan/Library/Mobile Documents/com~apple~CloudDocs/Documents/VSCode/Tax-App-Frontend/node_modules/jest-circus/build/jestAdapterInit.js:1007:40)
          at processTicksAndRejections (node:internal/process/task_queues:95:5)
          at _runTest (/Users/ryan/Library/Mobile Documents/com~apple~CloudDocs/Documents/VSCode/Tax-App-Frontend/node_modules/jest-circus/build/jestAdapterInit.js:947:3)
          at /Users/ryan/Library/Mobile Documents/com~apple~CloudDocs/Documents/VSCode/Tax-App-Frontend/node_modules/jest-circus/build/jestAdapterInit.js:849:7
          at _runTestsForDescribeBlock (/Users/ryan/Library/Mobile Documents/com~apple~CloudDocs/Documents/VSCode/Tax-App-Frontend/node_modules/jest-circus/build/jestAdapterInit.js:862:11)
          at _runTestsForDescribeBlock (/Users/ryan/Library/Mobile Documents/com~apple~CloudDocs/Documents/VSCode/Tax-App-Frontend/node_modules/jest-circus/build/jestAdapterInit.js:857:11)
          at _runTestsForDescribeBlock (/Users/ryan/Library/Mobile Documents/com~apple~CloudDocs/Documents/VSCode/Tax-App-Frontend/node_modules/jest-circus/build/jestAdapterInit.js:857:11)
          at run (/Users/ryan/Library/Mobile Documents/com~apple~CloudDocs/Documents/VSCode/Tax-App-Frontend/node_modules/jest-circus/build/jestAdapterInit.js:761:3)
          at runAndTransformResultsToJestFormat (/Users/ryan/Library/Mobile Documents/com~apple~CloudDocs/Documents/VSCode/Tax-App-Frontend/node_modules/jest-circus/build/jestAdapterInit.js:1918:21)
          at jestAdapter (/Users/ryan/Library/Mobile Documents/com~apple~CloudDocs/Documents/VSCode/Tax-App-Frontend/node_modules/jest-circus/build/runner.js:101:19)
          at runTestInternal (/Users/ryan/Library/Mobile Documents/com~apple~CloudDocs/Documents/VSCode/Tax-App-Frontend/node_modules/jest-runner/build/testWorker.js:275:16)
          at runTest (/Users/ryan/Library/Mobile Documents/com~apple~CloudDocs/Documents/VSCode/Tax-App-Frontend/node_modules/jest-runner/build/testWorker.js:343:7)
          at Object.worker (/Users/ryan/Library/Mobile Documents/com~apple~CloudDocs/Documents/VSCode/Tax-App-Frontend/node_modules/jest-runner/build/testWorker.js:497:12) {
        detail: TypeError: (0 , _navigation.usePathname) is not a function
            at useForm1099Div (/Users/ryan/Library/Mobile Documents/com~apple~CloudDocs/Documents/VSCode/Tax-App-Frontend/src/hooks/useForm1099Div.ts:120:31)
            at Form1099DivClient (/Users/ryan/Library/Mobile Documents/com~apple~CloudDocs/Documents/VSCode/Tax-App-Frontend/src/app/forms/1099-div/Form1099DivClient.tsx:96:21)
            at renderWithHooks (/Users/ryan/Library/Mobile Documents/com~apple~CloudDocs/Documents/VSCode/Tax-App-Frontend/node_modules/react-dom/cjs/react-dom.development.js:15486:18)
            at mountIndeterminateComponent (/Users/ryan/Library/Mobile Documents/com~apple~CloudDocs/Documents/VSCode/Tax-App-Frontend/node_modules/react-dom/cjs/react-dom.development.js:20103:13)
            at beginWork (/Users/ryan/Library/Mobile Documents/com~apple~CloudDocs/Documents/VSCode/Tax-App-Frontend/node_modules/react-dom/cjs/react-dom.development.js:21626:16)
            at HTMLUnknownElement.callCallback (/Users/ryan/Library/Mobile Documents/com~apple~CloudDocs/Documents/VSCode/Tax-App-Frontend/node_modules/react-dom/cjs/react-dom.development.js:4164:14)
            at HTMLUnknownElement.callTheUserObjectsOperation (/Users/ryan/Library/Mobile Documents/com~apple~CloudDocs/Documents/VSCode/Tax-App-Frontend/node_modules/jsdom/lib/jsdom/living/generated/EventListener.js:26:30)
            at innerInvokeEventListeners (/Users/ryan/Library/Mobile Documents/com~apple~CloudDocs/Documents/VSCode/Tax-App-Frontend/node_modules/jsdom/lib/jsdom/living/events/EventTarget-impl.js:350:25)
            at invokeEventListeners (/Users/ryan/Library/Mobile Documents/com~apple~CloudDocs/Documents/VSCode/Tax-App-Frontend/node_modules/jsdom/lib/jsdom/living/events/EventTarget-impl.js:286:3)
            at HTMLUnknownElementImpl._dispatch (/Users/ryan/Library/Mobile Documents/com~apple~CloudDocs/Documents/VSCode/Tax-App-Frontend/node_modules/jsdom/lib/jsdom/living/events/EventTarget-impl.js:233:9)
            at HTMLUnknownElementImpl.dispatchEvent (/Users/ryan/Library/Mobile Documents/com~apple~CloudDocs/Documents/VSCode/Tax-App-Frontend/node_modules/jsdom/lib/jsdom/living/events/EventTarget-impl.js:104:17)
            at HTMLUnknownElement.dispatchEvent (/Users/ryan/Library/Mobile Documents/com~apple~CloudDocs/Documents/VSCode/Tax-App-Frontend/node_modules/jsdom/lib/jsdom/living/generated/EventTarget.js:241:34)
            at Object.invokeGuardedCallbackDev (/Users/ryan/Library/Mobile Documents/com~apple~CloudDocs/Documents/VSCode/Tax-App-Frontend/node_modules/react-dom/cjs/react-dom.development.js:4213:16)
            at invokeGuardedCallback (/Users/ryan/Library/Mobile Documents/com~apple~CloudDocs/Documents/VSCode/Tax-App-Frontend/node_modules/react-dom/cjs/react-dom.development.js:4277:31)
            at beginWork$1 (/Users/ryan/Library/Mobile Documents/com~apple~CloudDocs/Documents/VSCode/Tax-App-Frontend/node_modules/react-dom/cjs/react-dom.development.js:27490:7)
            at performUnitOfWork (/Users/ryan/Library/Mobile Documents/com~apple~CloudDocs/Documents/VSCode/Tax-App-Frontend/node_modules/react-dom/cjs/react-dom.development.js:26599:12)
            at workLoopSync (/Users/ryan/Library/Mobile Documents/com~apple~CloudDocs/Documents/VSCode/Tax-App-Frontend/node_modules/react-dom/cjs/react-dom.development.js:26505:5)
            at renderRootSync (/Users/ryan/Library/Mobile Documents/com~apple~CloudDocs/Documents/VSCode/Tax-App-Frontend/node_modules/react-dom/cjs/react-dom.development.js:26473:7)
            at recoverFromConcurrentError (/Users/ryan/Library/Mobile Documents/com~apple~CloudDocs/Documents/VSCode/Tax-App-Frontend/node_modules/react-dom/cjs/react-dom.development.js:25889:20)
            at performConcurrentWorkOnRoot (/Users/ryan/Library/Mobile Documents/com~apple~CloudDocs/Documents/VSCode/Tax-App-Frontend/node_modules/react-dom/cjs/react-dom.development.js:25789:22)
            at flushActQueue (/Users/ryan/Library/Mobile Documents/com~apple~CloudDocs/Documents/VSCode/Tax-App-Frontend/node_modules/react/cjs/react.development.js:2667:24)
            at act (/Users/ryan/Library/Mobile Documents/com~apple~CloudDocs/Documents/VSCode/Tax-App-Frontend/node_modules/react/cjs/react.development.js:2582:11)
            at /Users/ryan/Library/Mobile Documents/com~apple~CloudDocs/Documents/VSCode/Tax-App-Frontend/node_modules/@testing-library/react/dist/act-compat.js:46:25
            at renderRoot (/Users/ryan/Library/Mobile Documents/com~apple~CloudDocs/Documents/VSCode/Tax-App-Frontend/node_modules/@testing-library/react/dist/pure.js:189:26)
            at render (/Users/ryan/Library/Mobile Documents/com~apple~CloudDocs/Documents/VSCode/Tax-App-Frontend/node_modules/@testing-library/react/dist/pure.js:291:10)
            at Object.<anonymous> (/Users/ryan/Library/Mobile Documents/com~apple~CloudDocs/Documents/VSCode/Tax-App-Frontend/src/app/forms/1099-div/Form1099Div.error-scenarios.integration.test.tsx:263:13)
            at Promise.finally.completed (/Users/ryan/Library/Mobile Documents/com~apple~CloudDocs/Documents/VSCode/Tax-App-Frontend/node_modules/jest-circus/build/jestAdapterInit.js:1557:28)
            at new Promise (<anonymous>)
            at callAsyncCircusFn (/Users/ryan/Library/Mobile Documents/com~apple~CloudDocs/Documents/VSCode/Tax-App-Frontend/node_modules/jest-circus/build/jestAdapterInit.js:1497:10)
            at _callCircusTest (/Users/ryan/Library/Mobile Documents/com~apple~CloudDocs/Documents/VSCode/Tax-App-Frontend/node_modules/jest-circus/build/jestAdapterInit.js:1007:40)
            at processTicksAndRejections (node:internal/process/task_queues:95:5)
            at _runTest (/Users/ryan/Library/Mobile Documents/com~apple~CloudDocs/Documents/VSCode/Tax-App-Frontend/node_modules/jest-circus/build/jestAdapterInit.js:947:3)
            at /Users/ryan/Library/Mobile Documents/com~apple~CloudDocs/Documents/VSCode/Tax-App-Frontend/node_modules/jest-circus/build/jestAdapterInit.js:849:7
            at _runTestsForDescribeBlock (/Users/ryan/Library/Mobile Documents/com~apple~CloudDocs/Documents/VSCode/Tax-App-Frontend/node_modules/jest-circus/build/jestAdapterInit.js:862:11)
            at _runTestsForDescribeBlock (/Users/ryan/Library/Mobile Documents/com~apple~CloudDocs/Documents/VSCode/Tax-App-Frontend/node_modules/jest-circus/build/jestAdapterInit.js:857:11)
            at _runTestsForDescribeBlock (/Users/ryan/Library/Mobile Documents/com~apple~CloudDocs/Documents/VSCode/Tax-App-Frontend/node_modules/jest-circus/build/jestAdapterInit.js:857:11)
            at run (/Users/ryan/Library/Mobile Documents/com~apple~CloudDocs/Documents/VSCode/Tax-App-Frontend/node_modules/jest-circus/build/jestAdapterInit.js:761:3)
            at runAndTransformResultsToJestFormat (/Users/ryan/Library/Mobile Documents/com~apple~CloudDocs/Documents/VSCode/Tax-App-Frontend/node_modules/jest-circus/build/jestAdapterInit.js:1918:21)
            at jestAdapter (/Users/ryan/Library/Mobile Documents/com~apple~CloudDocs/Documents/VSCode/Tax-App-Frontend/node_modules/jest-circus/build/runner.js:101:19)
            at runTestInternal (/Users/ryan/Library/Mobile Documents/com~apple~CloudDocs/Documents/VSCode/Tax-App-Frontend/node_modules/jest-runner/build/testWorker.js:275:16)
            at runTest (/Users/ryan/Library/Mobile Documents/com~apple~CloudDocs/Documents/VSCode/Tax-App-Frontend/node_modules/jest-runner/build/testWorker.js:343:7)
            at Object.worker (/Users/ryan/Library/Mobile Documents/com~apple~CloudDocs/Documents/VSCode/Tax-App-Frontend/node_modules/jest-runner/build/testWorker.js:497:12),
        type: 'unhandled exception'
      }

      261 |       });
      262 |
    > 263 |       render(<Form1099DivClient initialToken={mockToken} />);
          |             ^
      264 |
      265 |       // Fill in valid data
      266 |       const calendarYearInput = screen.getByLabelText(/Tax Year/i);

      at VirtualConsole.<anonymous> (node_modules/@jest/environment-jsdom-abstract/build/index.js:87:23)
      at reportException (node_modules/jsdom/lib/jsdom/living/helpers/runtime-script-errors.js:70:28)
      at innerInvokeEventListeners (node_modules/jsdom/lib/jsdom/living/events/EventTarget-impl.js:353:9)
      at invokeEventListeners (node_modules/jsdom/lib/jsdom/living/events/EventTarget-impl.js:286:3)
      at HTMLUnknownElementImpl._dispatch (node_modules/jsdom/lib/jsdom/living/events/EventTarget-impl.js:233:9)
      at HTMLUnknownElementImpl.dispatchEvent (node_modules/jsdom/lib/jsdom/living/events/EventTarget-impl.js:104:17)
      at HTMLUnknownElement.dispatchEvent (node_modules/jsdom/lib/jsdom/living/generated/EventTarget.js:241:34)
      at Object.invokeGuardedCallbackDev (node_modules/react-dom/cjs/react-dom.development.js:4213:16)
      at invokeGuardedCallback (node_modules/react-dom/cjs/react-dom.development.js:4277:31)
      at beginWork$1 (node_modules/react-dom/cjs/react-dom.development.js:27490:7)
      at performUnitOfWork (node_modules/react-dom/cjs/react-dom.development.js:26599:12)
      at workLoopSync (node_modules/react-dom/cjs/react-dom.development.js:26505:5)
      at renderRootSync (node_modules/react-dom/cjs/react-dom.development.js:26473:7)
      at recoverFromConcurrentError (node_modules/react-dom/cjs/react-dom.development.js:25889:20)
      at performConcurrentWorkOnRoot (node_modules/react-dom/cjs/react-dom.development.js:25789:22)
      at flushActQueue (node_modules/react/cjs/react.development.js:2667:24)
      at act (node_modules/react/cjs/react.development.js:2582:11)
      at node_modules/@testing-library/react/dist/act-compat.js:46:25
      at renderRoot (node_modules/@testing-library/react/dist/pure.js:189:26)
      at render (node_modules/@testing-library/react/dist/pure.js:291:10)
      at Object.<anonymous> (src/app/forms/1099-div/Form1099Div.error-scenarios.integration.test.tsx:263:13)

    console.error
      The above error occurred in the <Form1099DivClient> component:
      
          at initialToken (/Users/ryan/Library/Mobile Documents/com~apple~CloudDocs/Documents/VSCode/Tax-App-Frontend/src/app/forms/1099-div/Form1099DivClient.tsx:69:3)
      
      Consider adding an error boundary to your tree to customize error handling behavior.
      Visit https://reactjs.org/link/error-boundaries to learn more about error boundaries.

      261 |       });
      262 |
    > 263 |       render(<Form1099DivClient initialToken={mockToken} />);
          |             ^
      264 |
      265 |       // Fill in valid data
      266 |       const calendarYearInput = screen.getByLabelText(/Tax Year/i);

      at logCapturedError (node_modules/react-dom/cjs/react-dom.development.js:18704:23)
      at update.callback (node_modules/react-dom/cjs/react-dom.development.js:18737:5)
      at callCallback (node_modules/react-dom/cjs/react-dom.development.js:15036:12)
      at commitUpdateQueue (node_modules/react-dom/cjs/react-dom.development.js:15057:9)
      at commitLayoutEffectOnFiber (node_modules/react-dom/cjs/react-dom.development.js:23430:13)
      at commitLayoutMountEffects_complete (node_modules/react-dom/cjs/react-dom.development.js:24727:9)
      at commitLayoutEffects_begin (node_modules/react-dom/cjs/react-dom.development.js:24713:7)
      at commitLayoutEffects (node_modules/react-dom/cjs/react-dom.development.js:24651:3)
      at commitRootImpl (node_modules/react-dom/cjs/react-dom.development.js:26862:5)
      at commitRoot (node_modules/react-dom/cjs/react-dom.development.js:26721:5)
      at finishConcurrentRender (node_modules/react-dom/cjs/react-dom.development.js:25931:9)
      at performConcurrentWorkOnRoot (node_modules/react-dom/cjs/react-dom.development.js:25848:7)
      at flushActQueue (node_modules/react/cjs/react.development.js:2667:24)
      at act (node_modules/react/cjs/react.development.js:2582:11)
      at node_modules/@testing-library/react/dist/act-compat.js:46:25
      at renderRoot (node_modules/@testing-library/react/dist/pure.js:189:26)
      at render (node_modules/@testing-library/react/dist/pure.js:291:10)
      at Object.<anonymous> (src/app/forms/1099-div/Form1099Div.error-scenarios.integration.test.tsx:263:13)

    console.error
      Error: Uncaught [TypeError: (0 , _navigation.usePathname) is not a function]
          at reportException (/Users/ryan/Library/Mobile Documents/com~apple~CloudDocs/Documents/VSCode/Tax-App-Frontend/node_modules/jsdom/lib/jsdom/living/helpers/runtime-script-errors.js:66:24)
          at innerInvokeEventListeners (/Users/ryan/Library/Mobile Documents/com~apple~CloudDocs/Documents/VSCode/Tax-App-Frontend/node_modules/jsdom/lib/jsdom/living/events/EventTarget-impl.js:353:9)
          at invokeEventListeners (/Users/ryan/Library/Mobile Documents/com~apple~CloudDocs/Documents/VSCode/Tax-App-Frontend/node_modules/jsdom/lib/jsdom/living/events/EventTarget-impl.js:286:3)
          at HTMLUnknownElementImpl._dispatch (/Users/ryan/Library/Mobile Documents/com~apple~CloudDocs/Documents/VSCode/Tax-App-Frontend/node_modules/jsdom/lib/jsdom/living/events/EventTarget-impl.js:233:9)
          at HTMLUnknownElementImpl.dispatchEvent (/Users/ryan/Library/Mobile Documents/com~apple~CloudDocs/Documents/VSCode/Tax-App-Frontend/node_modules/jsdom/lib/jsdom/living/events/EventTarget-impl.js:104:17)
          at HTMLUnknownElement.dispatchEvent (/Users/ryan/Library/Mobile Documents/com~apple~CloudDocs/Documents/VSCode/Tax-App-Frontend/node_modules/jsdom/lib/jsdom/living/generated/EventTarget.js:241:34)
          at Object.invokeGuardedCallbackDev (/Users/ryan/Library/Mobile Documents/com~apple~CloudDocs/Documents/VSCode/Tax-App-Frontend/node_modules/react-dom/cjs/react-dom.development.js:4213:16)
          at invokeGuardedCallback (/Users/ryan/Library/Mobile Documents/com~apple~CloudDocs/Documents/VSCode/Tax-App-Frontend/node_modules/react-dom/cjs/react-dom.development.js:4277:31)
          at beginWork$1 (/Users/ryan/Library/Mobile Documents/com~apple~CloudDocs/Documents/VSCode/Tax-App-Frontend/node_modules/react-dom/cjs/react-dom.development.js:27490:7)
          at performUnitOfWork (/Users/ryan/Library/Mobile Documents/com~apple~CloudDocs/Documents/VSCode/Tax-App-Frontend/node_modules/react-dom/cjs/react-dom.development.js:26599:12)
          at workLoopSync (/Users/ryan/Library/Mobile Documents/com~apple~CloudDocs/Documents/VSCode/Tax-App-Frontend/node_modules/react-dom/cjs/react-dom.development.js:26505:5)
          at renderRootSync (/Users/ryan/Library/Mobile Documents/com~apple~CloudDocs/Documents/VSCode/Tax-App-Frontend/node_modules/react-dom/cjs/react-dom.development.js:26473:7)
          at performConcurrentWorkOnRoot (/Users/ryan/Library/Mobile Documents/com~apple~CloudDocs/Documents/VSCode/Tax-App-Frontend/node_modules/react-dom/cjs/react-dom.development.js:25777:74)
          at flushActQueue (/Users/ryan/Library/Mobile Documents/com~apple~CloudDocs/Documents/VSCode/Tax-App-Frontend/node_modules/react/cjs/react.development.js:2667:24)
          at act (/Users/ryan/Library/Mobile Documents/com~apple~CloudDocs/Documents/VSCode/Tax-App-Frontend/node_modules/react/cjs/react.development.js:2582:11)
          at /Users/ryan/Library/Mobile Documents/com~apple~CloudDocs/Documents/VSCode/Tax-App-Frontend/node_modules/@testing-library/react/dist/act-compat.js:46:25
          at renderRoot (/Users/ryan/Library/Mobile Documents/com~apple~CloudDocs/Documents/VSCode/Tax-App-Frontend/node_modules/@testing-library/react/dist/pure.js:189:26)
          at render (/Users/ryan/Library/Mobile Documents/com~apple~CloudDocs/Documents/VSCode/Tax-App-Frontend/node_modules/@testing-library/react/dist/pure.js:291:10)
          at Object.<anonymous> (/Users/ryan/Library/Mobile Documents/com~apple~CloudDocs/Documents/VSCode/Tax-App-Frontend/src/app/forms/1099-div/Form1099Div.error-scenarios.integration.test.tsx:298:13)
          at Promise.finally.completed (/Users/ryan/Library/Mobile Documents/com~apple~CloudDocs/Documents/VSCode/Tax-App-Frontend/node_modules/jest-circus/build/jestAdapterInit.js:1557:28)
          at new Promise (<anonymous>)
          at callAsyncCircusFn (/Users/ryan/Library/Mobile Documents/com~apple~CloudDocs/Documents/VSCode/Tax-App-Frontend/node_modules/jest-circus/build/jestAdapterInit.js:1497:10)
          at _callCircusTest (/Users/ryan/Library/Mobile Documents/com~apple~CloudDocs/Documents/VSCode/Tax-App-Frontend/node_modules/jest-circus/build/jestAdapterInit.js:1007:40)
          at processTicksAndRejections (node:internal/process/task_queues:95:5)
          at _runTest (/Users/ryan/Library/Mobile Documents/com~apple~CloudDocs/Documents/VSCode/Tax-App-Frontend/node_modules/jest-circus/build/jestAdapterInit.js:947:3)
          at /Users/ryan/Library/Mobile Documents/com~apple~CloudDocs/Documents/VSCode/Tax-App-Frontend/node_modules/jest-circus/build/jestAdapterInit.js:849:7
          at _runTestsForDescribeBlock (/Users/ryan/Library/Mobile Documents/com~apple~CloudDocs/Documents/VSCode/Tax-App-Frontend/node_modules/jest-circus/build/jestAdapterInit.js:862:11)
          at _runTestsForDescribeBlock (/Users/ryan/Library/Mobile Documents/com~apple~CloudDocs/Documents/VSCode/Tax-App-Frontend/node_modules/jest-circus/build/jestAdapterInit.js:857:11)
          at _runTestsForDescribeBlock (/Users/ryan/Library/Mobile Documents/com~apple~CloudDocs/Documents/VSCode/Tax-App-Frontend/node_modules/jest-circus/build/jestAdapterInit.js:857:11)
          at run (/Users/ryan/Library/Mobile Documents/com~apple~CloudDocs/Documents/VSCode/Tax-App-Frontend/node_modules/jest-circus/build/jestAdapterInit.js:761:3)
          at runAndTransformResultsToJestFormat (/Users/ryan/Library/Mobile Documents/com~apple~CloudDocs/Documents/VSCode/Tax-App-Frontend/node_modules/jest-circus/build/jestAdapterInit.js:1918:21)
          at jestAdapter (/Users/ryan/Library/Mobile Documents/com~apple~CloudDocs/Documents/VSCode/Tax-App-Frontend/node_modules/jest-circus/build/runner.js:101:19)
          at runTestInternal (/Users/ryan/Library/Mobile Documents/com~apple~CloudDocs/Documents/VSCode/Tax-App-Frontend/node_modules/jest-runner/build/testWorker.js:275:16)
          at runTest (/Users/ryan/Library/Mobile Documents/com~apple~CloudDocs/Documents/VSCode/Tax-App-Frontend/node_modules/jest-runner/build/testWorker.js:343:7)
          at Object.worker (/Users/ryan/Library/Mobile Documents/com~apple~CloudDocs/Documents/VSCode/Tax-App-Frontend/node_modules/jest-runner/build/testWorker.js:497:12) {
        detail: TypeError: (0 , _navigation.usePathname) is not a function
            at useForm1099Div (/Users/ryan/Library/Mobile Documents/com~apple~CloudDocs/Documents/VSCode/Tax-App-Frontend/src/hooks/useForm1099Div.ts:120:31)
            at Form1099DivClient (/Users/ryan/Library/Mobile Documents/com~apple~CloudDocs/Documents/VSCode/Tax-App-Frontend/src/app/forms/1099-div/Form1099DivClient.tsx:96:21)
            at renderWithHooks (/Users/ryan/Library/Mobile Documents/com~apple~CloudDocs/Documents/VSCode/Tax-App-Frontend/node_modules/react-dom/cjs/react-dom.development.js:15486:18)
            at mountIndeterminateComponent (/Users/ryan/Library/Mobile Documents/com~apple~CloudDocs/Documents/VSCode/Tax-App-Frontend/node_modules/react-dom/cjs/react-dom.development.js:20103:13)
            at beginWork (/Users/ryan/Library/Mobile Documents/com~apple~CloudDocs/Documents/VSCode/Tax-App-Frontend/node_modules/react-dom/cjs/react-dom.development.js:21626:16)
            at HTMLUnknownElement.callCallback (/Users/ryan/Library/Mobile Documents/com~apple~CloudDocs/Documents/VSCode/Tax-App-Frontend/node_modules/react-dom/cjs/react-dom.development.js:4164:14)
            at HTMLUnknownElement.callTheUserObjectsOperation (/Users/ryan/Library/Mobile Documents/com~apple~CloudDocs/Documents/VSCode/Tax-App-Frontend/node_modules/jsdom/lib/jsdom/living/generated/EventListener.js:26:30)
            at innerInvokeEventListeners (/Users/ryan/Library/Mobile Documents/com~apple~CloudDocs/Documents/VSCode/Tax-App-Frontend/node_modules/jsdom/lib/jsdom/living/events/EventTarget-impl.js:350:25)
            at invokeEventListeners (/Users/ryan/Library/Mobile Documents/com~apple~CloudDocs/Documents/VSCode/Tax-App-Frontend/node_modules/jsdom/lib/jsdom/living/events/EventTarget-impl.js:286:3)
            at HTMLUnknownElementImpl._dispatch (/Users/ryan/Library/Mobile Documents/com~apple~CloudDocs/Documents/VSCode/Tax-App-Frontend/node_modules/jsdom/lib/jsdom/living/events/EventTarget-impl.js:233:9)
            at HTMLUnknownElementImpl.dispatchEvent (/Users/ryan/Library/Mobile Documents/com~apple~CloudDocs/Documents/VSCode/Tax-App-Frontend/node_modules/jsdom/lib/jsdom/living/events/EventTarget-impl.js:104:17)
            at HTMLUnknownElement.dispatchEvent (/Users/ryan/Library/Mobile Documents/com~apple~CloudDocs/Documents/VSCode/Tax-App-Frontend/node_modules/jsdom/lib/jsdom/living/generated/EventTarget.js:241:34)
            at Object.invokeGuardedCallbackDev (/Users/ryan/Library/Mobile Documents/com~apple~CloudDocs/Documents/VSCode/Tax-App-Frontend/node_modules/react-dom/cjs/react-dom.development.js:4213:16)
            at invokeGuardedCallback (/Users/ryan/Library/Mobile Documents/com~apple~CloudDocs/Documents/VSCode/Tax-App-Frontend/node_modules/react-dom/cjs/react-dom.development.js:4277:31)
            at beginWork$1 (/Users/ryan/Library/Mobile Documents/com~apple~CloudDocs/Documents/VSCode/Tax-App-Frontend/node_modules/react-dom/cjs/react-dom.development.js:27490:7)
            at performUnitOfWork (/Users/ryan/Library/Mobile Documents/com~apple~CloudDocs/Documents/VSCode/Tax-App-Frontend/node_modules/react-dom/cjs/react-dom.development.js:26599:12)
            at workLoopSync (/Users/ryan/Library/Mobile Documents/com~apple~CloudDocs/Documents/VSCode/Tax-App-Frontend/node_modules/react-dom/cjs/react-dom.development.js:26505:5)
            at renderRootSync (/Users/ryan/Library/Mobile Documents/com~apple~CloudDocs/Documents/VSCode/Tax-App-Frontend/node_modules/react-dom/cjs/react-dom.development.js:26473:7)
            at performConcurrentWorkOnRoot (/Users/ryan/Library/Mobile Documents/com~apple~CloudDocs/Documents/VSCode/Tax-App-Frontend/node_modules/react-dom/cjs/react-dom.development.js:25777:74)
            at flushActQueue (/Users/ryan/Library/Mobile Documents/com~apple~CloudDocs/Documents/VSCode/Tax-App-Frontend/node_modules/react/cjs/react.development.js:2667:24)
            at act (/Users/ryan/Library/Mobile Documents/com~apple~CloudDocs/Documents/VSCode/Tax-App-Frontend/node_modules/react/cjs/react.development.js:2582:11)
            at /Users/ryan/Library/Mobile Documents/com~apple~CloudDocs/Documents/VSCode/Tax-App-Frontend/node_modules/@testing-library/react/dist/act-compat.js:46:25
            at renderRoot (/Users/ryan/Library/Mobile Documents/com~apple~CloudDocs/Documents/VSCode/Tax-App-Frontend/node_modules/@testing-library/react/dist/pure.js:189:26)
            at render (/Users/ryan/Library/Mobile Documents/com~apple~CloudDocs/Documents/VSCode/Tax-App-Frontend/node_modules/@testing-library/react/dist/pure.js:291:10)
            at Object.<anonymous> (/Users/ryan/Library/Mobile Documents/com~apple~CloudDocs/Documents/VSCode/Tax-App-Frontend/src/app/forms/1099-div/Form1099Div.error-scenarios.integration.test.tsx:298:13)
            at Promise.finally.completed (/Users/ryan/Library/Mobile Documents/com~apple~CloudDocs/Documents/VSCode/Tax-App-Frontend/node_modules/jest-circus/build/jestAdapterInit.js:1557:28)
            at new Promise (<anonymous>)
            at callAsyncCircusFn (/Users/ryan/Library/Mobile Documents/com~apple~CloudDocs/Documents/VSCode/Tax-App-Frontend/node_modules/jest-circus/build/jestAdapterInit.js:1497:10)
            at _callCircusTest (/Users/ryan/Library/Mobile Documents/com~apple~CloudDocs/Documents/VSCode/Tax-App-Frontend/node_modules/jest-circus/build/jestAdapterInit.js:1007:40)
            at processTicksAndRejections (node:internal/process/task_queues:95:5)
            at _runTest (/Users/ryan/Library/Mobile Documents/com~apple~CloudDocs/Documents/VSCode/Tax-App-Frontend/node_modules/jest-circus/build/jestAdapterInit.js:947:3)
            at /Users/ryan/Library/Mobile Documents/com~apple~CloudDocs/Documents/VSCode/Tax-App-Frontend/node_modules/jest-circus/build/jestAdapterInit.js:849:7
            at _runTestsForDescribeBlock (/Users/ryan/Library/Mobile Documents/com~apple~CloudDocs/Documents/VSCode/Tax-App-Frontend/node_modules/jest-circus/build/jestAdapterInit.js:862:11)
            at _runTestsForDescribeBlock (/Users/ryan/Library/Mobile Documents/com~apple~CloudDocs/Documents/VSCode/Tax-App-Frontend/node_modules/jest-circus/build/jestAdapterInit.js:857:11)
            at _runTestsForDescribeBlock (/Users/ryan/Library/Mobile Documents/com~apple~CloudDocs/Documents/VSCode/Tax-App-Frontend/node_modules/jest-circus/build/jestAdapterInit.js:857:11)
            at run (/Users/ryan/Library/Mobile Documents/com~apple~CloudDocs/Documents/VSCode/Tax-App-Frontend/node_modules/jest-circus/build/jestAdapterInit.js:761:3)
            at runAndTransformResultsToJestFormat (/Users/ryan/Library/Mobile Documents/com~apple~CloudDocs/Documents/VSCode/Tax-App-Frontend/node_modules/jest-circus/build/jestAdapterInit.js:1918:21)
            at jestAdapter (/Users/ryan/Library/Mobile Documents/com~apple~CloudDocs/Documents/VSCode/Tax-App-Frontend/node_modules/jest-circus/build/runner.js:101:19)
            at runTestInternal (/Users/ryan/Library/Mobile Documents/com~apple~CloudDocs/Documents/VSCode/Tax-App-Frontend/node_modules/jest-runner/build/testWorker.js:275:16)
            at runTest (/Users/ryan/Library/Mobile Documents/com~apple~CloudDocs/Documents/VSCode/Tax-App-Frontend/node_modules/jest-runner/build/testWorker.js:343:7)
            at Object.worker (/Users/ryan/Library/Mobile Documents/com~apple~CloudDocs/Documents/VSCode/Tax-App-Frontend/node_modules/jest-runner/build/testWorker.js:497:12),
        type: 'unhandled exception'
      }

      296 |       });
      297 |
    > 298 |       render(<Form1099DivClient initialToken={mockToken} />);
          |             ^
      299 |
      300 |       // Fill in valid data
      301 |       const calendarYearInput = screen.getByLabelText(/Tax Year/i);

      at VirtualConsole.<anonymous> (node_modules/@jest/environment-jsdom-abstract/build/index.js:87:23)
      at reportException (node_modules/jsdom/lib/jsdom/living/helpers/runtime-script-errors.js:70:28)
      at innerInvokeEventListeners (node_modules/jsdom/lib/jsdom/living/events/EventTarget-impl.js:353:9)
      at invokeEventListeners (node_modules/jsdom/lib/jsdom/living/events/EventTarget-impl.js:286:3)
      at HTMLUnknownElementImpl._dispatch (node_modules/jsdom/lib/jsdom/living/events/EventTarget-impl.js:233:9)
      at HTMLUnknownElementImpl.dispatchEvent (node_modules/jsdom/lib/jsdom/living/events/EventTarget-impl.js:104:17)
      at HTMLUnknownElement.dispatchEvent (node_modules/jsdom/lib/jsdom/living/generated/EventTarget.js:241:34)
      at Object.invokeGuardedCallbackDev (node_modules/react-dom/cjs/react-dom.development.js:4213:16)
      at invokeGuardedCallback (node_modules/react-dom/cjs/react-dom.development.js:4277:31)
      at beginWork$1 (node_modules/react-dom/cjs/react-dom.development.js:27490:7)
      at performUnitOfWork (node_modules/react-dom/cjs/react-dom.development.js:26599:12)
      at workLoopSync (node_modules/react-dom/cjs/react-dom.development.js:26505:5)
      at renderRootSync (node_modules/react-dom/cjs/react-dom.development.js:26473:7)
      at performConcurrentWorkOnRoot (node_modules/react-dom/cjs/react-dom.development.js:25777:74)
      at flushActQueue (node_modules/react/cjs/react.development.js:2667:24)
      at act (node_modules/react/cjs/react.development.js:2582:11)
      at node_modules/@testing-library/react/dist/act-compat.js:46:25
      at renderRoot (node_modules/@testing-library/react/dist/pure.js:189:26)
      at render (node_modules/@testing-library/react/dist/pure.js:291:10)
      at Object.<anonymous> (src/app/forms/1099-div/Form1099Div.error-scenarios.integration.test.tsx:298:13)

    console.error
      Error: Uncaught [TypeError: (0 , _navigation.usePathname) is not a function]
          at reportException (/Users/ryan/Library/Mobile Documents/com~apple~CloudDocs/Documents/VSCode/Tax-App-Frontend/node_modules/jsdom/lib/jsdom/living/helpers/runtime-script-errors.js:66:24)
          at innerInvokeEventListeners (/Users/ryan/Library/Mobile Documents/com~apple~CloudDocs/Documents/VSCode/Tax-App-Frontend/node_modules/jsdom/lib/jsdom/living/events/EventTarget-impl.js:353:9)
          at invokeEventListeners (/Users/ryan/Library/Mobile Documents/com~apple~CloudDocs/Documents/VSCode/Tax-App-Frontend/node_modules/jsdom/lib/jsdom/living/events/EventTarget-impl.js:286:3)
          at HTMLUnknownElementImpl._dispatch (/Users/ryan/Library/Mobile Documents/com~apple~CloudDocs/Documents/VSCode/Tax-App-Frontend/node_modules/jsdom/lib/jsdom/living/events/EventTarget-impl.js:233:9)
          at HTMLUnknownElementImpl.dispatchEvent (/Users/ryan/Library/Mobile Documents/com~apple~CloudDocs/Documents/VSCode/Tax-App-Frontend/node_modules/jsdom/lib/jsdom/living/events/EventTarget-impl.js:104:17)
          at HTMLUnknownElement.dispatchEvent (/Users/ryan/Library/Mobile Documents/com~apple~CloudDocs/Documents/VSCode/Tax-App-Frontend/node_modules/jsdom/lib/jsdom/living/generated/EventTarget.js:241:34)
          at Object.invokeGuardedCallbackDev (/Users/ryan/Library/Mobile Documents/com~apple~CloudDocs/Documents/VSCode/Tax-App-Frontend/node_modules/react-dom/cjs/react-dom.development.js:4213:16)
          at invokeGuardedCallback (/Users/ryan/Library/Mobile Documents/com~apple~CloudDocs/Documents/VSCode/Tax-App-Frontend/node_modules/react-dom/cjs/react-dom.development.js:4277:31)
          at beginWork$1 (/Users/ryan/Library/Mobile Documents/com~apple~CloudDocs/Documents/VSCode/Tax-App-Frontend/node_modules/react-dom/cjs/react-dom.development.js:27490:7)
          at performUnitOfWork (/Users/ryan/Library/Mobile Documents/com~apple~CloudDocs/Documents/VSCode/Tax-App-Frontend/node_modules/react-dom/cjs/react-dom.development.js:26599:12)
          at workLoopSync (/Users/ryan/Library/Mobile Documents/com~apple~CloudDocs/Documents/VSCode/Tax-App-Frontend/node_modules/react-dom/cjs/react-dom.development.js:26505:5)
          at renderRootSync (/Users/ryan/Library/Mobile Documents/com~apple~CloudDocs/Documents/VSCode/Tax-App-Frontend/node_modules/react-dom/cjs/react-dom.development.js:26473:7)
          at recoverFromConcurrentError (/Users/ryan/Library/Mobile Documents/com~apple~CloudDocs/Documents/VSCode/Tax-App-Frontend/node_modules/react-dom/cjs/react-dom.development.js:25889:20)
          at performConcurrentWorkOnRoot (/Users/ryan/Library/Mobile Documents/com~apple~CloudDocs/Documents/VSCode/Tax-App-Frontend/node_modules/react-dom/cjs/react-dom.development.js:25789:22)
          at flushActQueue (/Users/ryan/Library/Mobile Documents/com~apple~CloudDocs/Documents/VSCode/Tax-App-Frontend/node_modules/react/cjs/react.development.js:2667:24)
          at act (/Users/ryan/Library/Mobile Documents/com~apple~CloudDocs/Documents/VSCode/Tax-App-Frontend/node_modules/react/cjs/react.development.js:2582:11)
          at /Users/ryan/Library/Mobile Documents/com~apple~CloudDocs/Documents/VSCode/Tax-App-Frontend/node_modules/@testing-library/react/dist/act-compat.js:46:25
          at renderRoot (/Users/ryan/Library/Mobile Documents/com~apple~CloudDocs/Documents/VSCode/Tax-App-Frontend/node_modules/@testing-library/react/dist/pure.js:189:26)
          at render (/Users/ryan/Library/Mobile Documents/com~apple~CloudDocs/Documents/VSCode/Tax-App-Frontend/node_modules/@testing-library/react/dist/pure.js:291:10)
          at Object.<anonymous> (/Users/ryan/Library/Mobile Documents/com~apple~CloudDocs/Documents/VSCode/Tax-App-Frontend/src/app/forms/1099-div/Form1099Div.error-scenarios.integration.test.tsx:298:13)
          at Promise.finally.completed (/Users/ryan/Library/Mobile Documents/com~apple~CloudDocs/Documents/VSCode/Tax-App-Frontend/node_modules/jest-circus/build/jestAdapterInit.js:1557:28)
          at new Promise (<anonymous>)
          at callAsyncCircusFn (/Users/ryan/Library/Mobile Documents/com~apple~CloudDocs/Documents/VSCode/Tax-App-Frontend/node_modules/jest-circus/build/jestAdapterInit.js:1497:10)
          at _callCircusTest (/Users/ryan/Library/Mobile Documents/com~apple~CloudDocs/Documents/VSCode/Tax-App-Frontend/node_modules/jest-circus/build/jestAdapterInit.js:1007:40)
          at processTicksAndRejections (node:internal/process/task_queues:95:5)
          at _runTest (/Users/ryan/Library/Mobile Documents/com~apple~CloudDocs/Documents/VSCode/Tax-App-Frontend/node_modules/jest-circus/build/jestAdapterInit.js:947:3)
          at /Users/ryan/Library/Mobile Documents/com~apple~CloudDocs/Documents/VSCode/Tax-App-Frontend/node_modules/jest-circus/build/jestAdapterInit.js:849:7
          at _runTestsForDescribeBlock (/Users/ryan/Library/Mobile Documents/com~apple~CloudDocs/Documents/VSCode/Tax-App-Frontend/node_modules/jest-circus/build/jestAdapterInit.js:862:11)
          at _runTestsForDescribeBlock (/Users/ryan/Library/Mobile Documents/com~apple~CloudDocs/Documents/VSCode/Tax-App-Frontend/node_modules/jest-circus/build/jestAdapterInit.js:857:11)
          at _runTestsForDescribeBlock (/Users/ryan/Library/Mobile Documents/com~apple~CloudDocs/Documents/VSCode/Tax-App-Frontend/node_modules/jest-circus/build/jestAdapterInit.js:857:11)
          at run (/Users/ryan/Library/Mobile Documents/com~apple~CloudDocs/Documents/VSCode/Tax-App-Frontend/node_modules/jest-circus/build/jestAdapterInit.js:761:3)
          at runAndTransformResultsToJestFormat (/Users/ryan/Library/Mobile Documents/com~apple~CloudDocs/Documents/VSCode/Tax-App-Frontend/node_modules/jest-circus/build/jestAdapterInit.js:1918:21)
          at jestAdapter (/Users/ryan/Library/Mobile Documents/com~apple~CloudDocs/Documents/VSCode/Tax-App-Frontend/node_modules/jest-circus/build/runner.js:101:19)
          at runTestInternal (/Users/ryan/Library/Mobile Documents/com~apple~CloudDocs/Documents/VSCode/Tax-App-Frontend/node_modules/jest-runner/build/testWorker.js:275:16)
          at runTest (/Users/ryan/Library/Mobile Documents/com~apple~CloudDocs/Documents/VSCode/Tax-App-Frontend/node_modules/jest-runner/build/testWorker.js:343:7)
          at Object.worker (/Users/ryan/Library/Mobile Documents/com~apple~CloudDocs/Documents/VSCode/Tax-App-Frontend/node_modules/jest-runner/build/testWorker.js:497:12) {
        detail: TypeError: (0 , _navigation.usePathname) is not a function
            at useForm1099Div (/Users/ryan/Library/Mobile Documents/com~apple~CloudDocs/Documents/VSCode/Tax-App-Frontend/src/hooks/useForm1099Div.ts:120:31)
            at Form1099DivClient (/Users/ryan/Library/Mobile Documents/com~apple~CloudDocs/Documents/VSCode/Tax-App-Frontend/src/app/forms/1099-div/Form1099DivClient.tsx:96:21)
            at renderWithHooks (/Users/ryan/Library/Mobile Documents/com~apple~CloudDocs/Documents/VSCode/Tax-App-Frontend/node_modules/react-dom/cjs/react-dom.development.js:15486:18)
            at mountIndeterminateComponent (/Users/ryan/Library/Mobile Documents/com~apple~CloudDocs/Documents/VSCode/Tax-App-Frontend/node_modules/react-dom/cjs/react-dom.development.js:20103:13)
            at beginWork (/Users/ryan/Library/Mobile Documents/com~apple~CloudDocs/Documents/VSCode/Tax-App-Frontend/node_modules/react-dom/cjs/react-dom.development.js:21626:16)
            at HTMLUnknownElement.callCallback (/Users/ryan/Library/Mobile Documents/com~apple~CloudDocs/Documents/VSCode/Tax-App-Frontend/node_modules/react-dom/cjs/react-dom.development.js:4164:14)
            at HTMLUnknownElement.callTheUserObjectsOperation (/Users/ryan/Library/Mobile Documents/com~apple~CloudDocs/Documents/VSCode/Tax-App-Frontend/node_modules/jsdom/lib/jsdom/living/generated/EventListener.js:26:30)
            at innerInvokeEventListeners (/Users/ryan/Library/Mobile Documents/com~apple~CloudDocs/Documents/VSCode/Tax-App-Frontend/node_modules/jsdom/lib/jsdom/living/events/EventTarget-impl.js:350:25)
            at invokeEventListeners (/Users/ryan/Library/Mobile Documents/com~apple~CloudDocs/Documents/VSCode/Tax-App-Frontend/node_modules/jsdom/lib/jsdom/living/events/EventTarget-impl.js:286:3)
            at HTMLUnknownElementImpl._dispatch (/Users/ryan/Library/Mobile Documents/com~apple~CloudDocs/Documents/VSCode/Tax-App-Frontend/node_modules/jsdom/lib/jsdom/living/events/EventTarget-impl.js:233:9)
            at HTMLUnknownElementImpl.dispatchEvent (/Users/ryan/Library/Mobile Documents/com~apple~CloudDocs/Documents/VSCode/Tax-App-Frontend/node_modules/jsdom/lib/jsdom/living/events/EventTarget-impl.js:104:17)
            at HTMLUnknownElement.dispatchEvent (/Users/ryan/Library/Mobile Documents/com~apple~CloudDocs/Documents/VSCode/Tax-App-Frontend/node_modules/jsdom/lib/jsdom/living/generated/EventTarget.js:241:34)
            at Object.invokeGuardedCallbackDev (/Users/ryan/Library/Mobile Documents/com~apple~CloudDocs/Documents/VSCode/Tax-App-Frontend/node_modules/react-dom/cjs/react-dom.development.js:4213:16)
            at invokeGuardedCallback (/Users/ryan/Library/Mobile Documents/com~apple~CloudDocs/Documents/VSCode/Tax-App-Frontend/node_modules/react-dom/cjs/react-dom.development.js:4277:31)
            at beginWork$1 (/Users/ryan/Library/Mobile Documents/com~apple~CloudDocs/Documents/VSCode/Tax-App-Frontend/node_modules/react-dom/cjs/react-dom.development.js:27490:7)
            at performUnitOfWork (/Users/ryan/Library/Mobile Documents/com~apple~CloudDocs/Documents/VSCode/Tax-App-Frontend/node_modules/react-dom/cjs/react-dom.development.js:26599:12)
            at workLoopSync (/Users/ryan/Library/Mobile Documents/com~apple~CloudDocs/Documents/VSCode/Tax-App-Frontend/node_modules/react-dom/cjs/react-dom.development.js:26505:5)
            at renderRootSync (/Users/ryan/Library/Mobile Documents/com~apple~CloudDocs/Documents/VSCode/Tax-App-Frontend/node_modules/react-dom/cjs/react-dom.development.js:26473:7)
            at recoverFromConcurrentError (/Users/ryan/Library/Mobile Documents/com~apple~CloudDocs/Documents/VSCode/Tax-App-Frontend/node_modules/react-dom/cjs/react-dom.development.js:25889:20)
            at performConcurrentWorkOnRoot (/Users/ryan/Library/Mobile Documents/com~apple~CloudDocs/Documents/VSCode/Tax-App-Frontend/node_modules/react-dom/cjs/react-dom.development.js:25789:22)
            at flushActQueue (/Users/ryan/Library/Mobile Documents/com~apple~CloudDocs/Documents/VSCode/Tax-App-Frontend/node_modules/react/cjs/react.development.js:2667:24)
            at act (/Users/ryan/Library/Mobile Documents/com~apple~CloudDocs/Documents/VSCode/Tax-App-Frontend/node_modules/react/cjs/react.development.js:2582:11)
            at /Users/ryan/Library/Mobile Documents/com~apple~CloudDocs/Documents/VSCode/Tax-App-Frontend/node_modules/@testing-library/react/dist/act-compat.js:46:25
            at renderRoot (/Users/ryan/Library/Mobile Documents/com~apple~CloudDocs/Documents/VSCode/Tax-App-Frontend/node_modules/@testing-library/react/dist/pure.js:189:26)
            at render (/Users/ryan/Library/Mobile Documents/com~apple~CloudDocs/Documents/VSCode/Tax-App-Frontend/node_modules/@testing-library/react/dist/pure.js:291:10)
            at Object.<anonymous> (/Users/ryan/Library/Mobile Documents/com~apple~CloudDocs/Documents/VSCode/Tax-App-Frontend/src/app/forms/1099-div/Form1099Div.error-scenarios.integration.test.tsx:298:13)
            at Promise.finally.completed (/Users/ryan/Library/Mobile Documents/com~apple~CloudDocs/Documents/VSCode/Tax-App-Frontend/node_modules/jest-circus/build/jestAdapterInit.js:1557:28)
            at new Promise (<anonymous>)
            at callAsyncCircusFn (/Users/ryan/Library/Mobile Documents/com~apple~CloudDocs/Documents/VSCode/Tax-App-Frontend/node_modules/jest-circus/build/jestAdapterInit.js:1497:10)
            at _callCircusTest (/Users/ryan/Library/Mobile Documents/com~apple~CloudDocs/Documents/VSCode/Tax-App-Frontend/node_modules/jest-circus/build/jestAdapterInit.js:1007:40)
            at processTicksAndRejections (node:internal/process/task_queues:95:5)
            at _runTest (/Users/ryan/Library/Mobile Documents/com~apple~CloudDocs/Documents/VSCode/Tax-App-Frontend/node_modules/jest-circus/build/jestAdapterInit.js:947:3)
            at /Users/ryan/Library/Mobile Documents/com~apple~CloudDocs/Documents/VSCode/Tax-App-Frontend/node_modules/jest-circus/build/jestAdapterInit.js:849:7
            at _runTestsForDescribeBlock (/Users/ryan/Library/Mobile Documents/com~apple~CloudDocs/Documents/VSCode/Tax-App-Frontend/node_modules/jest-circus/build/jestAdapterInit.js:862:11)
            at _runTestsForDescribeBlock (/Users/ryan/Library/Mobile Documents/com~apple~CloudDocs/Documents/VSCode/Tax-App-Frontend/node_modules/jest-circus/build/jestAdapterInit.js:857:11)
            at _runTestsForDescribeBlock (/Users/ryan/Library/Mobile Documents/com~apple~CloudDocs/Documents/VSCode/Tax-App-Frontend/node_modules/jest-circus/build/jestAdapterInit.js:857:11)
            at run (/Users/ryan/Library/Mobile Documents/com~apple~CloudDocs/Documents/VSCode/Tax-App-Frontend/node_modules/jest-circus/build/jestAdapterInit.js:761:3)
            at runAndTransformResultsToJestFormat (/Users/ryan/Library/Mobile Documents/com~apple~CloudDocs/Documents/VSCode/Tax-App-Frontend/node_modules/jest-circus/build/jestAdapterInit.js:1918:21)
            at jestAdapter (/Users/ryan/Library/Mobile Documents/com~apple~CloudDocs/Documents/VSCode/Tax-App-Frontend/node_modules/jest-circus/build/runner.js:101:19)
            at runTestInternal (/Users/ryan/Library/Mobile Documents/com~apple~CloudDocs/Documents/VSCode/Tax-App-Frontend/node_modules/jest-runner/build/testWorker.js:275:16)
            at runTest (/Users/ryan/Library/Mobile Documents/com~apple~CloudDocs/Documents/VSCode/Tax-App-Frontend/node_modules/jest-runner/build/testWorker.js:343:7)
            at Object.worker (/Users/ryan/Library/Mobile Documents/com~apple~CloudDocs/Documents/VSCode/Tax-App-Frontend/node_modules/jest-runner/build/testWorker.js:497:12),
        type: 'unhandled exception'
      }

      296 |       });
      297 |
    > 298 |       render(<Form1099DivClient initialToken={mockToken} />);
          |             ^
      299 |
      300 |       // Fill in valid data
      301 |       const calendarYearInput = screen.getByLabelText(/Tax Year/i);

      at VirtualConsole.<anonymous> (node_modules/@jest/environment-jsdom-abstract/build/index.js:87:23)
      at reportException (node_modules/jsdom/lib/jsdom/living/helpers/runtime-script-errors.js:70:28)
      at innerInvokeEventListeners (node_modules/jsdom/lib/jsdom/living/events/EventTarget-impl.js:353:9)
      at invokeEventListeners (node_modules/jsdom/lib/jsdom/living/events/EventTarget-impl.js:286:3)
      at HTMLUnknownElementImpl._dispatch (node_modules/jsdom/lib/jsdom/living/events/EventTarget-impl.js:233:9)
      at HTMLUnknownElementImpl.dispatchEvent (node_modules/jsdom/lib/jsdom/living/events/EventTarget-impl.js:104:17)
      at HTMLUnknownElement.dispatchEvent (node_modules/jsdom/lib/jsdom/living/generated/EventTarget.js:241:34)
      at Object.invokeGuardedCallbackDev (node_modules/react-dom/cjs/react-dom.development.js:4213:16)
      at invokeGuardedCallback (node_modules/react-dom/cjs/react-dom.development.js:4277:31)
      at beginWork$1 (node_modules/react-dom/cjs/react-dom.development.js:27490:7)
      at performUnitOfWork (node_modules/react-dom/cjs/react-dom.development.js:26599:12)
      at workLoopSync (node_modules/react-dom/cjs/react-dom.development.js:26505:5)
      at renderRootSync (node_modules/react-dom/cjs/react-dom.development.js:26473:7)
      at recoverFromConcurrentError (node_modules/react-dom/cjs/react-dom.development.js:25889:20)
      at performConcurrentWorkOnRoot (node_modules/react-dom/cjs/react-dom.development.js:25789:22)
      at flushActQueue (node_modules/react/cjs/react.development.js:2667:24)
      at act (node_modules/react/cjs/react.development.js:2582:11)
      at node_modules/@testing-library/react/dist/act-compat.js:46:25
      at renderRoot (node_modules/@testing-library/react/dist/pure.js:189:26)
      at render (node_modules/@testing-library/react/dist/pure.js:291:10)
      at Object.<anonymous> (src/app/forms/1099-div/Form1099Div.error-scenarios.integration.test.tsx:298:13)

    console.error
      The above error occurred in the <Form1099DivClient> component:
      
          at initialToken (/Users/ryan/Library/Mobile Documents/com~apple~CloudDocs/Documents/VSCode/Tax-App-Frontend/src/app/forms/1099-div/Form1099DivClient.tsx:69:3)
      
      Consider adding an error boundary to your tree to customize error handling behavior.
      Visit https://reactjs.org/link/error-boundaries to learn more about error boundaries.

      296 |       });
      297 |
    > 298 |       render(<Form1099DivClient initialToken={mockToken} />);
          |             ^
      299 |
      300 |       // Fill in valid data
      301 |       const calendarYearInput = screen.getByLabelText(/Tax Year/i);

      at logCapturedError (node_modules/react-dom/cjs/react-dom.development.js:18704:23)
      at update.callback (node_modules/react-dom/cjs/react-dom.development.js:18737:5)
      at callCallback (node_modules/react-dom/cjs/react-dom.development.js:15036:12)
      at commitUpdateQueue (node_modules/react-dom/cjs/react-dom.development.js:15057:9)
      at commitLayoutEffectOnFiber (node_modules/react-dom/cjs/react-dom.development.js:23430:13)
      at commitLayoutMountEffects_complete (node_modules/react-dom/cjs/react-dom.development.js:24727:9)
      at commitLayoutEffects_begin (node_modules/react-dom/cjs/react-dom.development.js:24713:7)
      at commitLayoutEffects (node_modules/react-dom/cjs/react-dom.development.js:24651:3)
      at commitRootImpl (node_modules/react-dom/cjs/react-dom.development.js:26862:5)
      at commitRoot (node_modules/react-dom/cjs/react-dom.development.js:26721:5)
      at finishConcurrentRender (node_modules/react-dom/cjs/react-dom.development.js:25931:9)
      at performConcurrentWorkOnRoot (node_modules/react-dom/cjs/react-dom.development.js:25848:7)
      at flushActQueue (node_modules/react/cjs/react.development.js:2667:24)
      at act (node_modules/react/cjs/react.development.js:2582:11)
      at node_modules/@testing-library/react/dist/act-compat.js:46:25
      at renderRoot (node_modules/@testing-library/react/dist/pure.js:189:26)
      at render (node_modules/@testing-library/react/dist/pure.js:291:10)
      at Object.<anonymous> (src/app/forms/1099-div/Form1099Div.error-scenarios.integration.test.tsx:298:13)

    console.error
      Error: Uncaught [TypeError: (0 , _navigation.usePathname) is not a function]
          at reportException (/Users/ryan/Library/Mobile Documents/com~apple~CloudDocs/Documents/VSCode/Tax-App-Frontend/node_modules/jsdom/lib/jsdom/living/helpers/runtime-script-errors.js:66:24)
          at innerInvokeEventListeners (/Users/ryan/Library/Mobile Documents/com~apple~CloudDocs/Documents/VSCode/Tax-App-Frontend/node_modules/jsdom/lib/jsdom/living/events/EventTarget-impl.js:353:9)
          at invokeEventListeners (/Users/ryan/Library/Mobile Documents/com~apple~CloudDocs/Documents/VSCode/Tax-App-Frontend/node_modules/jsdom/lib/jsdom/living/events/EventTarget-impl.js:286:3)
          at HTMLUnknownElementImpl._dispatch (/Users/ryan/Library/Mobile Documents/com~apple~CloudDocs/Documents/VSCode/Tax-App-Frontend/node_modules/jsdom/lib/jsdom/living/events/EventTarget-impl.js:233:9)
          at HTMLUnknownElementImpl.dispatchEvent (/Users/ryan/Library/Mobile Documents/com~apple~CloudDocs/Documents/VSCode/Tax-App-Frontend/node_modules/jsdom/lib/jsdom/living/events/EventTarget-impl.js:104:17)
          at HTMLUnknownElement.dispatchEvent (/Users/ryan/Library/Mobile Documents/com~apple~CloudDocs/Documents/VSCode/Tax-App-Frontend/node_modules/jsdom/lib/jsdom/living/generated/EventTarget.js:241:34)
          at Object.invokeGuardedCallbackDev (/Users/ryan/Library/Mobile Documents/com~apple~CloudDocs/Documents/VSCode/Tax-App-Frontend/node_modules/react-dom/cjs/react-dom.development.js:4213:16)
          at invokeGuardedCallback (/Users/ryan/Library/Mobile Documents/com~apple~CloudDocs/Documents/VSCode/Tax-App-Frontend/node_modules/react-dom/cjs/react-dom.development.js:4277:31)
          at beginWork$1 (/Users/ryan/Library/Mobile Documents/com~apple~CloudDocs/Documents/VSCode/Tax-App-Frontend/node_modules/react-dom/cjs/react-dom.development.js:27490:7)
          at performUnitOfWork (/Users/ryan/Library/Mobile Documents/com~apple~CloudDocs/Documents/VSCode/Tax-App-Frontend/node_modules/react-dom/cjs/react-dom.development.js:26599:12)
          at workLoopSync (/Users/ryan/Library/Mobile Documents/com~apple~CloudDocs/Documents/VSCode/Tax-App-Frontend/node_modules/react-dom/cjs/react-dom.development.js:26505:5)
          at renderRootSync (/Users/ryan/Library/Mobile Documents/com~apple~CloudDocs/Documents/VSCode/Tax-App-Frontend/node_modules/react-dom/cjs/react-dom.development.js:26473:7)
          at performConcurrentWorkOnRoot (/Users/ryan/Library/Mobile Documents/com~apple~CloudDocs/Documents/VSCode/Tax-App-Frontend/node_modules/react-dom/cjs/react-dom.development.js:25777:74)
          at flushActQueue (/Users/ryan/Library/Mobile Documents/com~apple~CloudDocs/Documents/VSCode/Tax-App-Frontend/node_modules/react/cjs/react.development.js:2667:24)
          at act (/Users/ryan/Library/Mobile Documents/com~apple~CloudDocs/Documents/VSCode/Tax-App-Frontend/node_modules/react/cjs/react.development.js:2582:11)
          at /Users/ryan/Library/Mobile Documents/com~apple~CloudDocs/Documents/VSCode/Tax-App-Frontend/node_modules/@testing-library/react/dist/act-compat.js:46:25
          at renderRoot (/Users/ryan/Library/Mobile Documents/com~apple~CloudDocs/Documents/VSCode/Tax-App-Frontend/node_modules/@testing-library/react/dist/pure.js:189:26)
          at render (/Users/ryan/Library/Mobile Documents/com~apple~CloudDocs/Documents/VSCode/Tax-App-Frontend/node_modules/@testing-library/react/dist/pure.js:291:10)
          at Object.<anonymous> (/Users/ryan/Library/Mobile Documents/com~apple~CloudDocs/Documents/VSCode/Tax-App-Frontend/src/app/forms/1099-div/Form1099Div.error-scenarios.integration.test.tsx:330:13)
          at Promise.finally.completed (/Users/ryan/Library/Mobile Documents/com~apple~CloudDocs/Documents/VSCode/Tax-App-Frontend/node_modules/jest-circus/build/jestAdapterInit.js:1557:28)
          at new Promise (<anonymous>)
          at callAsyncCircusFn (/Users/ryan/Library/Mobile Documents/com~apple~CloudDocs/Documents/VSCode/Tax-App-Frontend/node_modules/jest-circus/build/jestAdapterInit.js:1497:10)
          at _callCircusTest (/Users/ryan/Library/Mobile Documents/com~apple~CloudDocs/Documents/VSCode/Tax-App-Frontend/node_modules/jest-circus/build/jestAdapterInit.js:1007:40)
          at processTicksAndRejections (node:internal/process/task_queues:95:5)
          at _runTest (/Users/ryan/Library/Mobile Documents/com~apple~CloudDocs/Documents/VSCode/Tax-App-Frontend/node_modules/jest-circus/build/jestAdapterInit.js:947:3)
          at /Users/ryan/Library/Mobile Documents/com~apple~CloudDocs/Documents/VSCode/Tax-App-Frontend/node_modules/jest-circus/build/jestAdapterInit.js:849:7
          at _runTestsForDescribeBlock (/Users/ryan/Library/Mobile Documents/com~apple~CloudDocs/Documents/VSCode/Tax-App-Frontend/node_modules/jest-circus/build/jestAdapterInit.js:862:11)
          at _runTestsForDescribeBlock (/Users/ryan/Library/Mobile Documents/com~apple~CloudDocs/Documents/VSCode/Tax-App-Frontend/node_modules/jest-circus/build/jestAdapterInit.js:857:11)
          at _runTestsForDescribeBlock (/Users/ryan/Library/Mobile Documents/com~apple~CloudDocs/Documents/VSCode/Tax-App-Frontend/node_modules/jest-circus/build/jestAdapterInit.js:857:11)
          at run (/Users/ryan/Library/Mobile Documents/com~apple~CloudDocs/Documents/VSCode/Tax-App-Frontend/node_modules/jest-circus/build/jestAdapterInit.js:761:3)
          at runAndTransformResultsToJestFormat (/Users/ryan/Library/Mobile Documents/com~apple~CloudDocs/Documents/VSCode/Tax-App-Frontend/node_modules/jest-circus/build/jestAdapterInit.js:1918:21)
          at jestAdapter (/Users/ryan/Library/Mobile Documents/com~apple~CloudDocs/Documents/VSCode/Tax-App-Frontend/node_modules/jest-circus/build/runner.js:101:19)
          at runTestInternal (/Users/ryan/Library/Mobile Documents/com~apple~CloudDocs/Documents/VSCode/Tax-App-Frontend/node_modules/jest-runner/build/testWorker.js:275:16)
          at runTest (/Users/ryan/Library/Mobile Documents/com~apple~CloudDocs/Documents/VSCode/Tax-App-Frontend/node_modules/jest-runner/build/testWorker.js:343:7)
          at Object.worker (/Users/ryan/Library/Mobile Documents/com~apple~CloudDocs/Documents/VSCode/Tax-App-Frontend/node_modules/jest-runner/build/testWorker.js:497:12) {
        detail: TypeError: (0 , _navigation.usePathname) is not a function
            at useForm1099Div (/Users/ryan/Library/Mobile Documents/com~apple~CloudDocs/Documents/VSCode/Tax-App-Frontend/src/hooks/useForm1099Div.ts:120:31)
            at Form1099DivClient (/Users/ryan/Library/Mobile Documents/com~apple~CloudDocs/Documents/VSCode/Tax-App-Frontend/src/app/forms/1099-div/Form1099DivClient.tsx:96:21)
            at renderWithHooks (/Users/ryan/Library/Mobile Documents/com~apple~CloudDocs/Documents/VSCode/Tax-App-Frontend/node_modules/react-dom/cjs/react-dom.development.js:15486:18)
            at mountIndeterminateComponent (/Users/ryan/Library/Mobile Documents/com~apple~CloudDocs/Documents/VSCode/Tax-App-Frontend/node_modules/react-dom/cjs/react-dom.development.js:20103:13)
            at beginWork (/Users/ryan/Library/Mobile Documents/com~apple~CloudDocs/Documents/VSCode/Tax-App-Frontend/node_modules/react-dom/cjs/react-dom.development.js:21626:16)
            at HTMLUnknownElement.callCallback (/Users/ryan/Library/Mobile Documents/com~apple~CloudDocs/Documents/VSCode/Tax-App-Frontend/node_modules/react-dom/cjs/react-dom.development.js:4164:14)
            at HTMLUnknownElement.callTheUserObjectsOperation (/Users/ryan/Library/Mobile Documents/com~apple~CloudDocs/Documents/VSCode/Tax-App-Frontend/node_modules/jsdom/lib/jsdom/living/generated/EventListener.js:26:30)
            at innerInvokeEventListeners (/Users/ryan/Library/Mobile Documents/com~apple~CloudDocs/Documents/VSCode/Tax-App-Frontend/node_modules/jsdom/lib/jsdom/living/events/EventTarget-impl.js:350:25)
            at invokeEventListeners (/Users/ryan/Library/Mobile Documents/com~apple~CloudDocs/Documents/VSCode/Tax-App-Frontend/node_modules/jsdom/lib/jsdom/living/events/EventTarget-impl.js:286:3)
            at HTMLUnknownElementImpl._dispatch (/Users/ryan/Library/Mobile Documents/com~apple~CloudDocs/Documents/VSCode/Tax-App-Frontend/node_modules/jsdom/lib/jsdom/living/events/EventTarget-impl.js:233:9)
            at HTMLUnknownElementImpl.dispatchEvent (/Users/ryan/Library/Mobile Documents/com~apple~CloudDocs/Documents/VSCode/Tax-App-Frontend/node_modules/jsdom/lib/jsdom/living/events/EventTarget-impl.js:104:17)
            at HTMLUnknownElement.dispatchEvent (/Users/ryan/Library/Mobile Documents/com~apple~CloudDocs/Documents/VSCode/Tax-App-Frontend/node_modules/jsdom/lib/jsdom/living/generated/EventTarget.js:241:34)
            at Object.invokeGuardedCallbackDev (/Users/ryan/Library/Mobile Documents/com~apple~CloudDocs/Documents/VSCode/Tax-App-Frontend/node_modules/react-dom/cjs/react-dom.development.js:4213:16)
            at invokeGuardedCallback (/Users/ryan/Library/Mobile Documents/com~apple~CloudDocs/Documents/VSCode/Tax-App-Frontend/node_modules/react-dom/cjs/react-dom.development.js:4277:31)
            at beginWork$1 (/Users/ryan/Library/Mobile Documents/com~apple~CloudDocs/Documents/VSCode/Tax-App-Frontend/node_modules/react-dom/cjs/react-dom.development.js:27490:7)
            at performUnitOfWork (/Users/ryan/Library/Mobile Documents/com~apple~CloudDocs/Documents/VSCode/Tax-App-Frontend/node_modules/react-dom/cjs/react-dom.development.js:26599:12)
            at workLoopSync (/Users/ryan/Library/Mobile Documents/com~apple~CloudDocs/Documents/VSCode/Tax-App-Frontend/node_modules/react-dom/cjs/react-dom.development.js:26505:5)
            at renderRootSync (/Users/ryan/Library/Mobile Documents/com~apple~CloudDocs/Documents/VSCode/Tax-App-Frontend/node_modules/react-dom/cjs/react-dom.development.js:26473:7)
            at performConcurrentWorkOnRoot (/Users/ryan/Library/Mobile Documents/com~apple~CloudDocs/Documents/VSCode/Tax-App-Frontend/node_modules/react-dom/cjs/react-dom.development.js:25777:74)
            at flushActQueue (/Users/ryan/Library/Mobile Documents/com~apple~CloudDocs/Documents/VSCode/Tax-App-Frontend/node_modules/react/cjs/react.development.js:2667:24)
            at act (/Users/ryan/Library/Mobile Documents/com~apple~CloudDocs/Documents/VSCode/Tax-App-Frontend/node_modules/react/cjs/react.development.js:2582:11)
            at /Users/ryan/Library/Mobile Documents/com~apple~CloudDocs/Documents/VSCode/Tax-App-Frontend/node_modules/@testing-library/react/dist/act-compat.js:46:25
            at renderRoot (/Users/ryan/Library/Mobile Documents/com~apple~CloudDocs/Documents/VSCode/Tax-App-Frontend/node_modules/@testing-library/react/dist/pure.js:189:26)
            at render (/Users/ryan/Library/Mobile Documents/com~apple~CloudDocs/Documents/VSCode/Tax-App-Frontend/node_modules/@testing-library/react/dist/pure.js:291:10)
            at Object.<anonymous> (/Users/ryan/Library/Mobile Documents/com~apple~CloudDocs/Documents/VSCode/Tax-App-Frontend/src/app/forms/1099-div/Form1099Div.error-scenarios.integration.test.tsx:330:13)
            at Promise.finally.completed (/Users/ryan/Library/Mobile Documents/com~apple~CloudDocs/Documents/VSCode/Tax-App-Frontend/node_modules/jest-circus/build/jestAdapterInit.js:1557:28)
            at new Promise (<anonymous>)
            at callAsyncCircusFn (/Users/ryan/Library/Mobile Documents/com~apple~CloudDocs/Documents/VSCode/Tax-App-Frontend/node_modules/jest-circus/build/jestAdapterInit.js:1497:10)
            at _callCircusTest (/Users/ryan/Library/Mobile Documents/com~apple~CloudDocs/Documents/VSCode/Tax-App-Frontend/node_modules/jest-circus/build/jestAdapterInit.js:1007:40)
            at processTicksAndRejections (node:internal/process/task_queues:95:5)
            at _runTest (/Users/ryan/Library/Mobile Documents/com~apple~CloudDocs/Documents/VSCode/Tax-App-Frontend/node_modules/jest-circus/build/jestAdapterInit.js:947:3)
            at /Users/ryan/Library/Mobile Documents/com~apple~CloudDocs/Documents/VSCode/Tax-App-Frontend/node_modules/jest-circus/build/jestAdapterInit.js:849:7
            at _runTestsForDescribeBlock (/Users/ryan/Library/Mobile Documents/com~apple~CloudDocs/Documents/VSCode/Tax-App-Frontend/node_modules/jest-circus/build/jestAdapterInit.js:862:11)
            at _runTestsForDescribeBlock (/Users/ryan/Library/Mobile Documents/com~apple~CloudDocs/Documents/VSCode/Tax-App-Frontend/node_modules/jest-circus/build/jestAdapterInit.js:857:11)
            at _runTestsForDescribeBlock (/Users/ryan/Library/Mobile Documents/com~apple~CloudDocs/Documents/VSCode/Tax-App-Frontend/node_modules/jest-circus/build/jestAdapterInit.js:857:11)
            at run (/Users/ryan/Library/Mobile Documents/com~apple~CloudDocs/Documents/VSCode/Tax-App-Frontend/node_modules/jest-circus/build/jestAdapterInit.js:761:3)
            at runAndTransformResultsToJestFormat (/Users/ryan/Library/Mobile Documents/com~apple~CloudDocs/Documents/VSCode/Tax-App-Frontend/node_modules/jest-circus/build/jestAdapterInit.js:1918:21)
            at jestAdapter (/Users/ryan/Library/Mobile Documents/com~apple~CloudDocs/Documents/VSCode/Tax-App-Frontend/node_modules/jest-circus/build/runner.js:101:19)
            at runTestInternal (/Users/ryan/Library/Mobile Documents/com~apple~CloudDocs/Documents/VSCode/Tax-App-Frontend/node_modules/jest-runner/build/testWorker.js:275:16)
            at runTest (/Users/ryan/Library/Mobile Documents/com~apple~CloudDocs/Documents/VSCode/Tax-App-Frontend/node_modules/jest-runner/build/testWorker.js:343:7)
            at Object.worker (/Users/ryan/Library/Mobile Documents/com~apple~CloudDocs/Documents/VSCode/Tax-App-Frontend/node_modules/jest-runner/build/testWorker.js:497:12),
        type: 'unhandled exception'
      }

      328 |       });
      329 |
    > 330 |       render(<Form1099DivClient initialToken={mockToken} />);
          |             ^
      331 |
      332 |       // Fill in valid data
      333 |       const calendarYearInput = screen.getByLabelText(/Tax Year/i);

      at VirtualConsole.<anonymous> (node_modules/@jest/environment-jsdom-abstract/build/index.js:87:23)
      at reportException (node_modules/jsdom/lib/jsdom/living/helpers/runtime-script-errors.js:70:28)
      at innerInvokeEventListeners (node_modules/jsdom/lib/jsdom/living/events/EventTarget-impl.js:353:9)
      at invokeEventListeners (node_modules/jsdom/lib/jsdom/living/events/EventTarget-impl.js:286:3)
      at HTMLUnknownElementImpl._dispatch (node_modules/jsdom/lib/jsdom/living/events/EventTarget-impl.js:233:9)
      at HTMLUnknownElementImpl.dispatchEvent (node_modules/jsdom/lib/jsdom/living/events/EventTarget-impl.js:104:17)
      at HTMLUnknownElement.dispatchEvent (node_modules/jsdom/lib/jsdom/living/generated/EventTarget.js:241:34)
      at Object.invokeGuardedCallbackDev (node_modules/react-dom/cjs/react-dom.development.js:4213:16)
      at invokeGuardedCallback (node_modules/react-dom/cjs/react-dom.development.js:4277:31)
      at beginWork$1 (node_modules/react-dom/cjs/react-dom.development.js:27490:7)
      at performUnitOfWork (node_modules/react-dom/cjs/react-dom.development.js:26599:12)
      at workLoopSync (node_modules/react-dom/cjs/react-dom.development.js:26505:5)
      at renderRootSync (node_modules/react-dom/cjs/react-dom.development.js:26473:7)
      at performConcurrentWorkOnRoot (node_modules/react-dom/cjs/react-dom.development.js:25777:74)
      at flushActQueue (node_modules/react/cjs/react.development.js:2667:24)
      at act (node_modules/react/cjs/react.development.js:2582:11)
      at node_modules/@testing-library/react/dist/act-compat.js:46:25
      at renderRoot (node_modules/@testing-library/react/dist/pure.js:189:26)
      at render (node_modules/@testing-library/react/dist/pure.js:291:10)
      at Object.<anonymous> (src/app/forms/1099-div/Form1099Div.error-scenarios.integration.test.tsx:330:13)

    console.error
      Error: Uncaught [TypeError: (0 , _navigation.usePathname) is not a function]
          at reportException (/Users/ryan/Library/Mobile Documents/com~apple~CloudDocs/Documents/VSCode/Tax-App-Frontend/node_modules/jsdom/lib/jsdom/living/helpers/runtime-script-errors.js:66:24)
          at innerInvokeEventListeners (/Users/ryan/Library/Mobile Documents/com~apple~CloudDocs/Documents/VSCode/Tax-App-Frontend/node_modules/jsdom/lib/jsdom/living/events/EventTarget-impl.js:353:9)
          at invokeEventListeners (/Users/ryan/Library/Mobile Documents/com~apple~CloudDocs/Documents/VSCode/Tax-App-Frontend/node_modules/jsdom/lib/jsdom/living/events/EventTarget-impl.js:286:3)
          at HTMLUnknownElementImpl._dispatch (/Users/ryan/Library/Mobile Documents/com~apple~CloudDocs/Documents/VSCode/Tax-App-Frontend/node_modules/jsdom/lib/jsdom/living/events/EventTarget-impl.js:233:9)
          at HTMLUnknownElementImpl.dispatchEvent (/Users/ryan/Library/Mobile Documents/com~apple~CloudDocs/Documents/VSCode/Tax-App-Frontend/node_modules/jsdom/lib/jsdom/living/events/EventTarget-impl.js:104:17)
          at HTMLUnknownElement.dispatchEvent (/Users/ryan/Library/Mobile Documents/com~apple~CloudDocs/Documents/VSCode/Tax-App-Frontend/node_modules/jsdom/lib/jsdom/living/generated/EventTarget.js:241:34)
          at Object.invokeGuardedCallbackDev (/Users/ryan/Library/Mobile Documents/com~apple~CloudDocs/Documents/VSCode/Tax-App-Frontend/node_modules/react-dom/cjs/react-dom.development.js:4213:16)
          at invokeGuardedCallback (/Users/ryan/Library/Mobile Documents/com~apple~CloudDocs/Documents/VSCode/Tax-App-Frontend/node_modules/react-dom/cjs/react-dom.development.js:4277:31)
          at beginWork$1 (/Users/ryan/Library/Mobile Documents/com~apple~CloudDocs/Documents/VSCode/Tax-App-Frontend/node_modules/react-dom/cjs/react-dom.development.js:27490:7)
          at performUnitOfWork (/Users/ryan/Library/Mobile Documents/com~apple~CloudDocs/Documents/VSCode/Tax-App-Frontend/node_modules/react-dom/cjs/react-dom.development.js:26599:12)
          at workLoopSync (/Users/ryan/Library/Mobile Documents/com~apple~CloudDocs/Documents/VSCode/Tax-App-Frontend/node_modules/react-dom/cjs/react-dom.development.js:26505:5)
          at renderRootSync (/Users/ryan/Library/Mobile Documents/com~apple~CloudDocs/Documents/VSCode/Tax-App-Frontend/node_modules/react-dom/cjs/react-dom.development.js:26473:7)
          at recoverFromConcurrentError (/Users/ryan/Library/Mobile Documents/com~apple~CloudDocs/Documents/VSCode/Tax-App-Frontend/node_modules/react-dom/cjs/react-dom.development.js:25889:20)
          at performConcurrentWorkOnRoot (/Users/ryan/Library/Mobile Documents/com~apple~CloudDocs/Documents/VSCode/Tax-App-Frontend/node_modules/react-dom/cjs/react-dom.development.js:25789:22)
          at flushActQueue (/Users/ryan/Library/Mobile Documents/com~apple~CloudDocs/Documents/VSCode/Tax-App-Frontend/node_modules/react/cjs/react.development.js:2667:24)
          at act (/Users/ryan/Library/Mobile Documents/com~apple~CloudDocs/Documents/VSCode/Tax-App-Frontend/node_modules/react/cjs/react.development.js:2582:11)
          at /Users/ryan/Library/Mobile Documents/com~apple~CloudDocs/Documents/VSCode/Tax-App-Frontend/node_modules/@testing-library/react/dist/act-compat.js:46:25
          at renderRoot (/Users/ryan/Library/Mobile Documents/com~apple~CloudDocs/Documents/VSCode/Tax-App-Frontend/node_modules/@testing-library/react/dist/pure.js:189:26)
          at render (/Users/ryan/Library/Mobile Documents/com~apple~CloudDocs/Documents/VSCode/Tax-App-Frontend/node_modules/@testing-library/react/dist/pure.js:291:10)
          at Object.<anonymous> (/Users/ryan/Library/Mobile Documents/com~apple~CloudDocs/Documents/VSCode/Tax-App-Frontend/src/app/forms/1099-div/Form1099Div.error-scenarios.integration.test.tsx:330:13)
          at Promise.finally.completed (/Users/ryan/Library/Mobile Documents/com~apple~CloudDocs/Documents/VSCode/Tax-App-Frontend/node_modules/jest-circus/build/jestAdapterInit.js:1557:28)
          at new Promise (<anonymous>)
          at callAsyncCircusFn (/Users/ryan/Library/Mobile Documents/com~apple~CloudDocs/Documents/VSCode/Tax-App-Frontend/node_modules/jest-circus/build/jestAdapterInit.js:1497:10)
          at _callCircusTest (/Users/ryan/Library/Mobile Documents/com~apple~CloudDocs/Documents/VSCode/Tax-App-Frontend/node_modules/jest-circus/build/jestAdapterInit.js:1007:40)
          at processTicksAndRejections (node:internal/process/task_queues:95:5)
          at _runTest (/Users/ryan/Library/Mobile Documents/com~apple~CloudDocs/Documents/VSCode/Tax-App-Frontend/node_modules/jest-circus/build/jestAdapterInit.js:947:3)
          at /Users/ryan/Library/Mobile Documents/com~apple~CloudDocs/Documents/VSCode/Tax-App-Frontend/node_modules/jest-circus/build/jestAdapterInit.js:849:7
          at _runTestsForDescribeBlock (/Users/ryan/Library/Mobile Documents/com~apple~CloudDocs/Documents/VSCode/Tax-App-Frontend/node_modules/jest-circus/build/jestAdapterInit.js:862:11)
          at _runTestsForDescribeBlock (/Users/ryan/Library/Mobile Documents/com~apple~CloudDocs/Documents/VSCode/Tax-App-Frontend/node_modules/jest-circus/build/jestAdapterInit.js:857:11)
          at _runTestsForDescribeBlock (/Users/ryan/Library/Mobile Documents/com~apple~CloudDocs/Documents/VSCode/Tax-App-Frontend/node_modules/jest-circus/build/jestAdapterInit.js:857:11)
          at run (/Users/ryan/Library/Mobile Documents/com~apple~CloudDocs/Documents/VSCode/Tax-App-Frontend/node_modules/jest-circus/build/jestAdapterInit.js:761:3)
          at runAndTransformResultsToJestFormat (/Users/ryan/Library/Mobile Documents/com~apple~CloudDocs/Documents/VSCode/Tax-App-Frontend/node_modules/jest-circus/build/jestAdapterInit.js:1918:21)
          at jestAdapter (/Users/ryan/Library/Mobile Documents/com~apple~CloudDocs/Documents/VSCode/Tax-App-Frontend/node_modules/jest-circus/build/runner.js:101:19)
          at runTestInternal (/Users/ryan/Library/Mobile Documents/com~apple~CloudDocs/Documents/VSCode/Tax-App-Frontend/node_modules/jest-runner/build/testWorker.js:275:16)
          at runTest (/Users/ryan/Library/Mobile Documents/com~apple~CloudDocs/Documents/VSCode/Tax-App-Frontend/node_modules/jest-runner/build/testWorker.js:343:7)
          at Object.worker (/Users/ryan/Library/Mobile Documents/com~apple~CloudDocs/Documents/VSCode/Tax-App-Frontend/node_modules/jest-runner/build/testWorker.js:497:12) {
        detail: TypeError: (0 , _navigation.usePathname) is not a function
            at useForm1099Div (/Users/ryan/Library/Mobile Documents/com~apple~CloudDocs/Documents/VSCode/Tax-App-Frontend/src/hooks/useForm1099Div.ts:120:31)
            at Form1099DivClient (/Users/ryan/Library/Mobile Documents/com~apple~CloudDocs/Documents/VSCode/Tax-App-Frontend/src/app/forms/1099-div/Form1099DivClient.tsx:96:21)
            at renderWithHooks (/Users/ryan/Library/Mobile Documents/com~apple~CloudDocs/Documents/VSCode/Tax-App-Frontend/node_modules/react-dom/cjs/react-dom.development.js:15486:18)
            at mountIndeterminateComponent (/Users/ryan/Library/Mobile Documents/com~apple~CloudDocs/Documents/VSCode/Tax-App-Frontend/node_modules/react-dom/cjs/react-dom.development.js:20103:13)
            at beginWork (/Users/ryan/Library/Mobile Documents/com~apple~CloudDocs/Documents/VSCode/Tax-App-Frontend/node_modules/react-dom/cjs/react-dom.development.js:21626:16)
            at HTMLUnknownElement.callCallback (/Users/ryan/Library/Mobile Documents/com~apple~CloudDocs/Documents/VSCode/Tax-App-Frontend/node_modules/react-dom/cjs/react-dom.development.js:4164:14)
            at HTMLUnknownElement.callTheUserObjectsOperation (/Users/ryan/Library/Mobile Documents/com~apple~CloudDocs/Documents/VSCode/Tax-App-Frontend/node_modules/jsdom/lib/jsdom/living/generated/EventListener.js:26:30)
            at innerInvokeEventListeners (/Users/ryan/Library/Mobile Documents/com~apple~CloudDocs/Documents/VSCode/Tax-App-Frontend/node_modules/jsdom/lib/jsdom/living/events/EventTarget-impl.js:350:25)
            at invokeEventListeners (/Users/ryan/Library/Mobile Documents/com~apple~CloudDocs/Documents/VSCode/Tax-App-Frontend/node_modules/jsdom/lib/jsdom/living/events/EventTarget-impl.js:286:3)
            at HTMLUnknownElementImpl._dispatch (/Users/ryan/Library/Mobile Documents/com~apple~CloudDocs/Documents/VSCode/Tax-App-Frontend/node_modules/jsdom/lib/jsdom/living/events/EventTarget-impl.js:233:9)
            at HTMLUnknownElementImpl.dispatchEvent (/Users/ryan/Library/Mobile Documents/com~apple~CloudDocs/Documents/VSCode/Tax-App-Frontend/node_modules/jsdom/lib/jsdom/living/events/EventTarget-impl.js:104:17)
            at HTMLUnknownElement.dispatchEvent (/Users/ryan/Library/Mobile Documents/com~apple~CloudDocs/Documents/VSCode/Tax-App-Frontend/node_modules/jsdom/lib/jsdom/living/generated/EventTarget.js:241:34)
            at Object.invokeGuardedCallbackDev (/Users/ryan/Library/Mobile Documents/com~apple~CloudDocs/Documents/VSCode/Tax-App-Frontend/node_modules/react-dom/cjs/react-dom.development.js:4213:16)
            at invokeGuardedCallback (/Users/ryan/Library/Mobile Documents/com~apple~CloudDocs/Documents/VSCode/Tax-App-Frontend/node_modules/react-dom/cjs/react-dom.development.js:4277:31)
            at beginWork$1 (/Users/ryan/Library/Mobile Documents/com~apple~CloudDocs/Documents/VSCode/Tax-App-Frontend/node_modules/react-dom/cjs/react-dom.development.js:27490:7)
            at performUnitOfWork (/Users/ryan/Library/Mobile Documents/com~apple~CloudDocs/Documents/VSCode/Tax-App-Frontend/node_modules/react-dom/cjs/react-dom.development.js:26599:12)
            at workLoopSync (/Users/ryan/Library/Mobile Documents/com~apple~CloudDocs/Documents/VSCode/Tax-App-Frontend/node_modules/react-dom/cjs/react-dom.development.js:26505:5)
            at renderRootSync (/Users/ryan/Library/Mobile Documents/com~apple~CloudDocs/Documents/VSCode/Tax-App-Frontend/node_modules/react-dom/cjs/react-dom.development.js:26473:7)
            at recoverFromConcurrentError (/Users/ryan/Library/Mobile Documents/com~apple~CloudDocs/Documents/VSCode/Tax-App-Frontend/node_modules/react-dom/cjs/react-dom.development.js:25889:20)
            at performConcurrentWorkOnRoot (/Users/ryan/Library/Mobile Documents/com~apple~CloudDocs/Documents/VSCode/Tax-App-Frontend/node_modules/react-dom/cjs/react-dom.development.js:25789:22)
            at flushActQueue (/Users/ryan/Library/Mobile Documents/com~apple~CloudDocs/Documents/VSCode/Tax-App-Frontend/node_modules/react/cjs/react.development.js:2667:24)
            at act (/Users/ryan/Library/Mobile Documents/com~apple~CloudDocs/Documents/VSCode/Tax-App-Frontend/node_modules/react/cjs/react.development.js:2582:11)
            at /Users/ryan/Library/Mobile Documents/com~apple~CloudDocs/Documents/VSCode/Tax-App-Frontend/node_modules/@testing-library/react/dist/act-compat.js:46:25
            at renderRoot (/Users/ryan/Library/Mobile Documents/com~apple~CloudDocs/Documents/VSCode/Tax-App-Frontend/node_modules/@testing-library/react/dist/pure.js:189:26)
            at render (/Users/ryan/Library/Mobile Documents/com~apple~CloudDocs/Documents/VSCode/Tax-App-Frontend/node_modules/@testing-library/react/dist/pure.js:291:10)
            at Object.<anonymous> (/Users/ryan/Library/Mobile Documents/com~apple~CloudDocs/Documents/VSCode/Tax-App-Frontend/src/app/forms/1099-div/Form1099Div.error-scenarios.integration.test.tsx:330:13)
            at Promise.finally.completed (/Users/ryan/Library/Mobile Documents/com~apple~CloudDocs/Documents/VSCode/Tax-App-Frontend/node_modules/jest-circus/build/jestAdapterInit.js:1557:28)
            at new Promise (<anonymous>)
            at callAsyncCircusFn (/Users/ryan/Library/Mobile Documents/com~apple~CloudDocs/Documents/VSCode/Tax-App-Frontend/node_modules/jest-circus/build/jestAdapterInit.js:1497:10)
            at _callCircusTest (/Users/ryan/Library/Mobile Documents/com~apple~CloudDocs/Documents/VSCode/Tax-App-Frontend/node_modules/jest-circus/build/jestAdapterInit.js:1007:40)
            at processTicksAndRejections (node:internal/process/task_queues:95:5)
            at _runTest (/Users/ryan/Library/Mobile Documents/com~apple~CloudDocs/Documents/VSCode/Tax-App-Frontend/node_modules/jest-circus/build/jestAdapterInit.js:947:3)
            at /Users/ryan/Library/Mobile Documents/com~apple~CloudDocs/Documents/VSCode/Tax-App-Frontend/node_modules/jest-circus/build/jestAdapterInit.js:849:7
            at _runTestsForDescribeBlock (/Users/ryan/Library/Mobile Documents/com~apple~CloudDocs/Documents/VSCode/Tax-App-Frontend/node_modules/jest-circus/build/jestAdapterInit.js:862:11)
            at _runTestsForDescribeBlock (/Users/ryan/Library/Mobile Documents/com~apple~CloudDocs/Documents/VSCode/Tax-App-Frontend/node_modules/jest-circus/build/jestAdapterInit.js:857:11)
            at _runTestsForDescribeBlock (/Users/ryan/Library/Mobile Documents/com~apple~CloudDocs/Documents/VSCode/Tax-App-Frontend/node_modules/jest-circus/build/jestAdapterInit.js:857:11)
            at run (/Users/ryan/Library/Mobile Documents/com~apple~CloudDocs/Documents/VSCode/Tax-App-Frontend/node_modules/jest-circus/build/jestAdapterInit.js:761:3)
            at runAndTransformResultsToJestFormat (/Users/ryan/Library/Mobile Documents/com~apple~CloudDocs/Documents/VSCode/Tax-App-Frontend/node_modules/jest-circus/build/jestAdapterInit.js:1918:21)
            at jestAdapter (/Users/ryan/Library/Mobile Documents/com~apple~CloudDocs/Documents/VSCode/Tax-App-Frontend/node_modules/jest-circus/build/runner.js:101:19)
            at runTestInternal (/Users/ryan/Library/Mobile Documents/com~apple~CloudDocs/Documents/VSCode/Tax-App-Frontend/node_modules/jest-runner/build/testWorker.js:275:16)
            at runTest (/Users/ryan/Library/Mobile Documents/com~apple~CloudDocs/Documents/VSCode/Tax-App-Frontend/node_modules/jest-runner/build/testWorker.js:343:7)
            at Object.worker (/Users/ryan/Library/Mobile Documents/com~apple~CloudDocs/Documents/VSCode/Tax-App-Frontend/node_modules/jest-runner/build/testWorker.js:497:12),
        type: 'unhandled exception'
      }

      328 |       });
      329 |
    > 330 |       render(<Form1099DivClient initialToken={mockToken} />);
          |             ^
      331 |
      332 |       // Fill in valid data
      333 |       const calendarYearInput = screen.getByLabelText(/Tax Year/i);

      at VirtualConsole.<anonymous> (node_modules/@jest/environment-jsdom-abstract/build/index.js:87:23)
      at reportException (node_modules/jsdom/lib/jsdom/living/helpers/runtime-script-errors.js:70:28)
      at innerInvokeEventListeners (node_modules/jsdom/lib/jsdom/living/events/EventTarget-impl.js:353:9)
      at invokeEventListeners (node_modules/jsdom/lib/jsdom/living/events/EventTarget-impl.js:286:3)
      at HTMLUnknownElementImpl._dispatch (node_modules/jsdom/lib/jsdom/living/events/EventTarget-impl.js:233:9)
      at HTMLUnknownElementImpl.dispatchEvent (node_modules/jsdom/lib/jsdom/living/events/EventTarget-impl.js:104:17)
      at HTMLUnknownElement.dispatchEvent (node_modules/jsdom/lib/jsdom/living/generated/EventTarget.js:241:34)
      at Object.invokeGuardedCallbackDev (node_modules/react-dom/cjs/react-dom.development.js:4213:16)
      at invokeGuardedCallback (node_modules/react-dom/cjs/react-dom.development.js:4277:31)
      at beginWork$1 (node_modules/react-dom/cjs/react-dom.development.js:27490:7)
      at performUnitOfWork (node_modules/react-dom/cjs/react-dom.development.js:26599:12)
      at workLoopSync (node_modules/react-dom/cjs/react-dom.development.js:26505:5)
      at renderRootSync (node_modules/react-dom/cjs/react-dom.development.js:26473:7)
      at recoverFromConcurrentError (node_modules/react-dom/cjs/react-dom.development.js:25889:20)
      at performConcurrentWorkOnRoot (node_modules/react-dom/cjs/react-dom.development.js:25789:22)
      at flushActQueue (node_modules/react/cjs/react.development.js:2667:24)
      at act (node_modules/react/cjs/react.development.js:2582:11)
      at node_modules/@testing-library/react/dist/act-compat.js:46:25
      at renderRoot (node_modules/@testing-library/react/dist/pure.js:189:26)
      at render (node_modules/@testing-library/react/dist/pure.js:291:10)
      at Object.<anonymous> (src/app/forms/1099-div/Form1099Div.error-scenarios.integration.test.tsx:330:13)

    console.error
      The above error occurred in the <Form1099DivClient> component:
      
          at initialToken (/Users/ryan/Library/Mobile Documents/com~apple~CloudDocs/Documents/VSCode/Tax-App-Frontend/src/app/forms/1099-div/Form1099DivClient.tsx:69:3)
      
      Consider adding an error boundary to your tree to customize error handling behavior.
      Visit https://reactjs.org/link/error-boundaries to learn more about error boundaries.

      328 |       });
      329 |
    > 330 |       render(<Form1099DivClient initialToken={mockToken} />);
          |             ^
      331 |
      332 |       // Fill in valid data
      333 |       const calendarYearInput = screen.getByLabelText(/Tax Year/i);

      at logCapturedError (node_modules/react-dom/cjs/react-dom.development.js:18704:23)
      at update.callback (node_modules/react-dom/cjs/react-dom.development.js:18737:5)
      at callCallback (node_modules/react-dom/cjs/react-dom.development.js:15036:12)
      at commitUpdateQueue (node_modules/react-dom/cjs/react-dom.development.js:15057:9)
      at commitLayoutEffectOnFiber (node_modules/react-dom/cjs/react-dom.development.js:23430:13)
      at commitLayoutMountEffects_complete (node_modules/react-dom/cjs/react-dom.development.js:24727:9)
      at commitLayoutEffects_begin (node_modules/react-dom/cjs/react-dom.development.js:24713:7)
      at commitLayoutEffects (node_modules/react-dom/cjs/react-dom.development.js:24651:3)
      at commitRootImpl (node_modules/react-dom/cjs/react-dom.development.js:26862:5)
      at commitRoot (node_modules/react-dom/cjs/react-dom.development.js:26721:5)
      at finishConcurrentRender (node_modules/react-dom/cjs/react-dom.development.js:25931:9)
      at performConcurrentWorkOnRoot (node_modules/react-dom/cjs/react-dom.development.js:25848:7)
      at flushActQueue (node_modules/react/cjs/react.development.js:2667:24)
      at act (node_modules/react/cjs/react.development.js:2582:11)
      at node_modules/@testing-library/react/dist/act-compat.js:46:25
      at renderRoot (node_modules/@testing-library/react/dist/pure.js:189:26)
      at render (node_modules/@testing-library/react/dist/pure.js:291:10)
      at Object.<anonymous> (src/app/forms/1099-div/Form1099Div.error-scenarios.integration.test.tsx:330:13)

    console.error
      Error: Uncaught [TypeError: (0 , _navigation.usePathname) is not a function]
          at reportException (/Users/ryan/Library/Mobile Documents/com~apple~CloudDocs/Documents/VSCode/Tax-App-Frontend/node_modules/jsdom/lib/jsdom/living/helpers/runtime-script-errors.js:66:24)
          at innerInvokeEventListeners (/Users/ryan/Library/Mobile Documents/com~apple~CloudDocs/Documents/VSCode/Tax-App-Frontend/node_modules/jsdom/lib/jsdom/living/events/EventTarget-impl.js:353:9)
          at invokeEventListeners (/Users/ryan/Library/Mobile Documents/com~apple~CloudDocs/Documents/VSCode/Tax-App-Frontend/node_modules/jsdom/lib/jsdom/living/events/EventTarget-impl.js:286:3)
          at HTMLUnknownElementImpl._dispatch (/Users/ryan/Library/Mobile Documents/com~apple~CloudDocs/Documents/VSCode/Tax-App-Frontend/node_modules/jsdom/lib/jsdom/living/events/EventTarget-impl.js:233:9)
          at HTMLUnknownElementImpl.dispatchEvent (/Users/ryan/Library/Mobile Documents/com~apple~CloudDocs/Documents/VSCode/Tax-App-Frontend/node_modules/jsdom/lib/jsdom/living/events/EventTarget-impl.js:104:17)
          at HTMLUnknownElement.dispatchEvent (/Users/ryan/Library/Mobile Documents/com~apple~CloudDocs/Documents/VSCode/Tax-App-Frontend/node_modules/jsdom/lib/jsdom/living/generated/EventTarget.js:241:34)
          at Object.invokeGuardedCallbackDev (/Users/ryan/Library/Mobile Documents/com~apple~CloudDocs/Documents/VSCode/Tax-App-Frontend/node_modules/react-dom/cjs/react-dom.development.js:4213:16)
          at invokeGuardedCallback (/Users/ryan/Library/Mobile Documents/com~apple~CloudDocs/Documents/VSCode/Tax-App-Frontend/node_modules/react-dom/cjs/react-dom.development.js:4277:31)
          at beginWork$1 (/Users/ryan/Library/Mobile Documents/com~apple~CloudDocs/Documents/VSCode/Tax-App-Frontend/node_modules/react-dom/cjs/react-dom.development.js:27490:7)
          at performUnitOfWork (/Users/ryan/Library/Mobile Documents/com~apple~CloudDocs/Documents/VSCode/Tax-App-Frontend/node_modules/react-dom/cjs/react-dom.development.js:26599:12)
          at workLoopSync (/Users/ryan/Library/Mobile Documents/com~apple~CloudDocs/Documents/VSCode/Tax-App-Frontend/node_modules/react-dom/cjs/react-dom.development.js:26505:5)
          at renderRootSync (/Users/ryan/Library/Mobile Documents/com~apple~CloudDocs/Documents/VSCode/Tax-App-Frontend/node_modules/react-dom/cjs/react-dom.development.js:26473:7)
          at performConcurrentWorkOnRoot (/Users/ryan/Library/Mobile Documents/com~apple~CloudDocs/Documents/VSCode/Tax-App-Frontend/node_modules/react-dom/cjs/react-dom.development.js:25777:74)
          at flushActQueue (/Users/ryan/Library/Mobile Documents/com~apple~CloudDocs/Documents/VSCode/Tax-App-Frontend/node_modules/react/cjs/react.development.js:2667:24)
          at act (/Users/ryan/Library/Mobile Documents/com~apple~CloudDocs/Documents/VSCode/Tax-App-Frontend/node_modules/react/cjs/react.development.js:2582:11)
          at /Users/ryan/Library/Mobile Documents/com~apple~CloudDocs/Documents/VSCode/Tax-App-Frontend/node_modules/@testing-library/react/dist/act-compat.js:46:25
          at renderRoot (/Users/ryan/Library/Mobile Documents/com~apple~CloudDocs/Documents/VSCode/Tax-App-Frontend/node_modules/@testing-library/react/dist/pure.js:189:26)
          at render (/Users/ryan/Library/Mobile Documents/com~apple~CloudDocs/Documents/VSCode/Tax-App-Frontend/node_modules/@testing-library/react/dist/pure.js:291:10)
          at Object.<anonymous> (/Users/ryan/Library/Mobile Documents/com~apple~CloudDocs/Documents/VSCode/Tax-App-Frontend/src/app/forms/1099-div/Form1099Div.error-scenarios.integration.test.tsx:371:13)
          at Promise.finally.completed (/Users/ryan/Library/Mobile Documents/com~apple~CloudDocs/Documents/VSCode/Tax-App-Frontend/node_modules/jest-circus/build/jestAdapterInit.js:1557:28)
          at new Promise (<anonymous>)
          at callAsyncCircusFn (/Users/ryan/Library/Mobile Documents/com~apple~CloudDocs/Documents/VSCode/Tax-App-Frontend/node_modules/jest-circus/build/jestAdapterInit.js:1497:10)
          at _callCircusTest (/Users/ryan/Library/Mobile Documents/com~apple~CloudDocs/Documents/VSCode/Tax-App-Frontend/node_modules/jest-circus/build/jestAdapterInit.js:1007:40)
          at processTicksAndRejections (node:internal/process/task_queues:95:5)
          at _runTest (/Users/ryan/Library/Mobile Documents/com~apple~CloudDocs/Documents/VSCode/Tax-App-Frontend/node_modules/jest-circus/build/jestAdapterInit.js:947:3)
          at /Users/ryan/Library/Mobile Documents/com~apple~CloudDocs/Documents/VSCode/Tax-App-Frontend/node_modules/jest-circus/build/jestAdapterInit.js:849:7
          at _runTestsForDescribeBlock (/Users/ryan/Library/Mobile Documents/com~apple~CloudDocs/Documents/VSCode/Tax-App-Frontend/node_modules/jest-circus/build/jestAdapterInit.js:862:11)
          at _runTestsForDescribeBlock (/Users/ryan/Library/Mobile Documents/com~apple~CloudDocs/Documents/VSCode/Tax-App-Frontend/node_modules/jest-circus/build/jestAdapterInit.js:857:11)
          at _runTestsForDescribeBlock (/Users/ryan/Library/Mobile Documents/com~apple~CloudDocs/Documents/VSCode/Tax-App-Frontend/node_modules/jest-circus/build/jestAdapterInit.js:857:11)
          at run (/Users/ryan/Library/Mobile Documents/com~apple~CloudDocs/Documents/VSCode/Tax-App-Frontend/node_modules/jest-circus/build/jestAdapterInit.js:761:3)
          at runAndTransformResultsToJestFormat (/Users/ryan/Library/Mobile Documents/com~apple~CloudDocs/Documents/VSCode/Tax-App-Frontend/node_modules/jest-circus/build/jestAdapterInit.js:1918:21)
          at jestAdapter (/Users/ryan/Library/Mobile Documents/com~apple~CloudDocs/Documents/VSCode/Tax-App-Frontend/node_modules/jest-circus/build/runner.js:101:19)
          at runTestInternal (/Users/ryan/Library/Mobile Documents/com~apple~CloudDocs/Documents/VSCode/Tax-App-Frontend/node_modules/jest-runner/build/testWorker.js:275:16)
          at runTest (/Users/ryan/Library/Mobile Documents/com~apple~CloudDocs/Documents/VSCode/Tax-App-Frontend/node_modules/jest-runner/build/testWorker.js:343:7)
          at Object.worker (/Users/ryan/Library/Mobile Documents/com~apple~CloudDocs/Documents/VSCode/Tax-App-Frontend/node_modules/jest-runner/build/testWorker.js:497:12) {
        detail: TypeError: (0 , _navigation.usePathname) is not a function
            at useForm1099Div (/Users/ryan/Library/Mobile Documents/com~apple~CloudDocs/Documents/VSCode/Tax-App-Frontend/src/hooks/useForm1099Div.ts:120:31)
            at Form1099DivClient (/Users/ryan/Library/Mobile Documents/com~apple~CloudDocs/Documents/VSCode/Tax-App-Frontend/src/app/forms/1099-div/Form1099DivClient.tsx:96:21)
            at renderWithHooks (/Users/ryan/Library/Mobile Documents/com~apple~CloudDocs/Documents/VSCode/Tax-App-Frontend/node_modules/react-dom/cjs/react-dom.development.js:15486:18)
            at mountIndeterminateComponent (/Users/ryan/Library/Mobile Documents/com~apple~CloudDocs/Documents/VSCode/Tax-App-Frontend/node_modules/react-dom/cjs/react-dom.development.js:20103:13)
            at beginWork (/Users/ryan/Library/Mobile Documents/com~apple~CloudDocs/Documents/VSCode/Tax-App-Frontend/node_modules/react-dom/cjs/react-dom.development.js:21626:16)
            at HTMLUnknownElement.callCallback (/Users/ryan/Library/Mobile Documents/com~apple~CloudDocs/Documents/VSCode/Tax-App-Frontend/node_modules/react-dom/cjs/react-dom.development.js:4164:14)
            at HTMLUnknownElement.callTheUserObjectsOperation (/Users/ryan/Library/Mobile Documents/com~apple~CloudDocs/Documents/VSCode/Tax-App-Frontend/node_modules/jsdom/lib/jsdom/living/generated/EventListener.js:26:30)
            at innerInvokeEventListeners (/Users/ryan/Library/Mobile Documents/com~apple~CloudDocs/Documents/VSCode/Tax-App-Frontend/node_modules/jsdom/lib/jsdom/living/events/EventTarget-impl.js:350:25)
            at invokeEventListeners (/Users/ryan/Library/Mobile Documents/com~apple~CloudDocs/Documents/VSCode/Tax-App-Frontend/node_modules/jsdom/lib/jsdom/living/events/EventTarget-impl.js:286:3)
            at HTMLUnknownElementImpl._dispatch (/Users/ryan/Library/Mobile Documents/com~apple~CloudDocs/Documents/VSCode/Tax-App-Frontend/node_modules/jsdom/lib/jsdom/living/events/EventTarget-impl.js:233:9)
            at HTMLUnknownElementImpl.dispatchEvent (/Users/ryan/Library/Mobile Documents/com~apple~CloudDocs/Documents/VSCode/Tax-App-Frontend/node_modules/jsdom/lib/jsdom/living/events/EventTarget-impl.js:104:17)
            at HTMLUnknownElement.dispatchEvent (/Users/ryan/Library/Mobile Documents/com~apple~CloudDocs/Documents/VSCode/Tax-App-Frontend/node_modules/jsdom/lib/jsdom/living/generated/EventTarget.js:241:34)
            at Object.invokeGuardedCallbackDev (/Users/ryan/Library/Mobile Documents/com~apple~CloudDocs/Documents/VSCode/Tax-App-Frontend/node_modules/react-dom/cjs/react-dom.development.js:4213:16)
            at invokeGuardedCallback (/Users/ryan/Library/Mobile Documents/com~apple~CloudDocs/Documents/VSCode/Tax-App-Frontend/node_modules/react-dom/cjs/react-dom.development.js:4277:31)
            at beginWork$1 (/Users/ryan/Library/Mobile Documents/com~apple~CloudDocs/Documents/VSCode/Tax-App-Frontend/node_modules/react-dom/cjs/react-dom.development.js:27490:7)
            at performUnitOfWork (/Users/ryan/Library/Mobile Documents/com~apple~CloudDocs/Documents/VSCode/Tax-App-Frontend/node_modules/react-dom/cjs/react-dom.development.js:26599:12)
            at workLoopSync (/Users/ryan/Library/Mobile Documents/com~apple~CloudDocs/Documents/VSCode/Tax-App-Frontend/node_modules/react-dom/cjs/react-dom.development.js:26505:5)
            at renderRootSync (/Users/ryan/Library/Mobile Documents/com~apple~CloudDocs/Documents/VSCode/Tax-App-Frontend/node_modules/react-dom/cjs/react-dom.development.js:26473:7)
            at performConcurrentWorkOnRoot (/Users/ryan/Library/Mobile Documents/com~apple~CloudDocs/Documents/VSCode/Tax-App-Frontend/node_modules/react-dom/cjs/react-dom.development.js:25777:74)
            at flushActQueue (/Users/ryan/Library/Mobile Documents/com~apple~CloudDocs/Documents/VSCode/Tax-App-Frontend/node_modules/react/cjs/react.development.js:2667:24)
            at act (/Users/ryan/Library/Mobile Documents/com~apple~CloudDocs/Documents/VSCode/Tax-App-Frontend/node_modules/react/cjs/react.development.js:2582:11)
            at /Users/ryan/Library/Mobile Documents/com~apple~CloudDocs/Documents/VSCode/Tax-App-Frontend/node_modules/@testing-library/react/dist/act-compat.js:46:25
            at renderRoot (/Users/ryan/Library/Mobile Documents/com~apple~CloudDocs/Documents/VSCode/Tax-App-Frontend/node_modules/@testing-library/react/dist/pure.js:189:26)
            at render (/Users/ryan/Library/Mobile Documents/com~apple~CloudDocs/Documents/VSCode/Tax-App-Frontend/node_modules/@testing-library/react/dist/pure.js:291:10)
            at Object.<anonymous> (/Users/ryan/Library/Mobile Documents/com~apple~CloudDocs/Documents/VSCode/Tax-App-Frontend/src/app/forms/1099-div/Form1099Div.error-scenarios.integration.test.tsx:371:13)
            at Promise.finally.completed (/Users/ryan/Library/Mobile Documents/com~apple~CloudDocs/Documents/VSCode/Tax-App-Frontend/node_modules/jest-circus/build/jestAdapterInit.js:1557:28)
            at new Promise (<anonymous>)
            at callAsyncCircusFn (/Users/ryan/Library/Mobile Documents/com~apple~CloudDocs/Documents/VSCode/Tax-App-Frontend/node_modules/jest-circus/build/jestAdapterInit.js:1497:10)
            at _callCircusTest (/Users/ryan/Library/Mobile Documents/com~apple~CloudDocs/Documents/VSCode/Tax-App-Frontend/node_modules/jest-circus/build/jestAdapterInit.js:1007:40)
            at processTicksAndRejections (node:internal/process/task_queues:95:5)
            at _runTest (/Users/ryan/Library/Mobile Documents/com~apple~CloudDocs/Documents/VSCode/Tax-App-Frontend/node_modules/jest-circus/build/jestAdapterInit.js:947:3)
            at /Users/ryan/Library/Mobile Documents/com~apple~CloudDocs/Documents/VSCode/Tax-App-Frontend/node_modules/jest-circus/build/jestAdapterInit.js:849:7
            at _runTestsForDescribeBlock (/Users/ryan/Library/Mobile Documents/com~apple~CloudDocs/Documents/VSCode/Tax-App-Frontend/node_modules/jest-circus/build/jestAdapterInit.js:862:11)
            at _runTestsForDescribeBlock (/Users/ryan/Library/Mobile Documents/com~apple~CloudDocs/Documents/VSCode/Tax-App-Frontend/node_modules/jest-circus/build/jestAdapterInit.js:857:11)
            at _runTestsForDescribeBlock (/Users/ryan/Library/Mobile Documents/com~apple~CloudDocs/Documents/VSCode/Tax-App-Frontend/node_modules/jest-circus/build/jestAdapterInit.js:857:11)
            at run (/Users/ryan/Library/Mobile Documents/com~apple~CloudDocs/Documents/VSCode/Tax-App-Frontend/node_modules/jest-circus/build/jestAdapterInit.js:761:3)
            at runAndTransformResultsToJestFormat (/Users/ryan/Library/Mobile Documents/com~apple~CloudDocs/Documents/VSCode/Tax-App-Frontend/node_modules/jest-circus/build/jestAdapterInit.js:1918:21)
            at jestAdapter (/Users/ryan/Library/Mobile Documents/com~apple~CloudDocs/Documents/VSCode/Tax-App-Frontend/node_modules/jest-circus/build/runner.js:101:19)
            at runTestInternal (/Users/ryan/Library/Mobile Documents/com~apple~CloudDocs/Documents/VSCode/Tax-App-Frontend/node_modules/jest-runner/build/testWorker.js:275:16)
            at runTest (/Users/ryan/Library/Mobile Documents/com~apple~CloudDocs/Documents/VSCode/Tax-App-Frontend/node_modules/jest-runner/build/testWorker.js:343:7)
            at Object.worker (/Users/ryan/Library/Mobile Documents/com~apple~CloudDocs/Documents/VSCode/Tax-App-Frontend/node_modules/jest-runner/build/testWorker.js:497:12),
        type: 'unhandled exception'
      }

      369 |         });
      370 |
    > 371 |       render(<Form1099DivClient initialToken={mockToken} />);
          |             ^
      372 |
      373 |       // Fill in valid data
      374 |       const calendarYearInput = screen.getByLabelText(/Tax Year/i);

      at VirtualConsole.<anonymous> (node_modules/@jest/environment-jsdom-abstract/build/index.js:87:23)
      at reportException (node_modules/jsdom/lib/jsdom/living/helpers/runtime-script-errors.js:70:28)
      at innerInvokeEventListeners (node_modules/jsdom/lib/jsdom/living/events/EventTarget-impl.js:353:9)
      at invokeEventListeners (node_modules/jsdom/lib/jsdom/living/events/EventTarget-impl.js:286:3)
      at HTMLUnknownElementImpl._dispatch (node_modules/jsdom/lib/jsdom/living/events/EventTarget-impl.js:233:9)
      at HTMLUnknownElementImpl.dispatchEvent (node_modules/jsdom/lib/jsdom/living/events/EventTarget-impl.js:104:17)
      at HTMLUnknownElement.dispatchEvent (node_modules/jsdom/lib/jsdom/living/generated/EventTarget.js:241:34)
      at Object.invokeGuardedCallbackDev (node_modules/react-dom/cjs/react-dom.development.js:4213:16)
      at invokeGuardedCallback (node_modules/react-dom/cjs/react-dom.development.js:4277:31)
      at beginWork$1 (node_modules/react-dom/cjs/react-dom.development.js:27490:7)
      at performUnitOfWork (node_modules/react-dom/cjs/react-dom.development.js:26599:12)
      at workLoopSync (node_modules/react-dom/cjs/react-dom.development.js:26505:5)
      at renderRootSync (node_modules/react-dom/cjs/react-dom.development.js:26473:7)
      at performConcurrentWorkOnRoot (node_modules/react-dom/cjs/react-dom.development.js:25777:74)
      at flushActQueue (node_modules/react/cjs/react.development.js:2667:24)
      at act (node_modules/react/cjs/react.development.js:2582:11)
      at node_modules/@testing-library/react/dist/act-compat.js:46:25
      at renderRoot (node_modules/@testing-library/react/dist/pure.js:189:26)
      at render (node_modules/@testing-library/react/dist/pure.js:291:10)
      at Object.<anonymous> (src/app/forms/1099-div/Form1099Div.error-scenarios.integration.test.tsx:371:13)

    console.error
      Error: Uncaught [TypeError: (0 , _navigation.usePathname) is not a function]
          at reportException (/Users/ryan/Library/Mobile Documents/com~apple~CloudDocs/Documents/VSCode/Tax-App-Frontend/node_modules/jsdom/lib/jsdom/living/helpers/runtime-script-errors.js:66:24)
          at innerInvokeEventListeners (/Users/ryan/Library/Mobile Documents/com~apple~CloudDocs/Documents/VSCode/Tax-App-Frontend/node_modules/jsdom/lib/jsdom/living/events/EventTarget-impl.js:353:9)
          at invokeEventListeners (/Users/ryan/Library/Mobile Documents/com~apple~CloudDocs/Documents/VSCode/Tax-App-Frontend/node_modules/jsdom/lib/jsdom/living/events/EventTarget-impl.js:286:3)
          at HTMLUnknownElementImpl._dispatch (/Users/ryan/Library/Mobile Documents/com~apple~CloudDocs/Documents/VSCode/Tax-App-Frontend/node_modules/jsdom/lib/jsdom/living/events/EventTarget-impl.js:233:9)
          at HTMLUnknownElementImpl.dispatchEvent (/Users/ryan/Library/Mobile Documents/com~apple~CloudDocs/Documents/VSCode/Tax-App-Frontend/node_modules/jsdom/lib/jsdom/living/events/EventTarget-impl.js:104:17)
          at HTMLUnknownElement.dispatchEvent (/Users/ryan/Library/Mobile Documents/com~apple~CloudDocs/Documents/VSCode/Tax-App-Frontend/node_modules/jsdom/lib/jsdom/living/generated/EventTarget.js:241:34)
          at Object.invokeGuardedCallbackDev (/Users/ryan/Library/Mobile Documents/com~apple~CloudDocs/Documents/VSCode/Tax-App-Frontend/node_modules/react-dom/cjs/react-dom.development.js:4213:16)
          at invokeGuardedCallback (/Users/ryan/Library/Mobile Documents/com~apple~CloudDocs/Documents/VSCode/Tax-App-Frontend/node_modules/react-dom/cjs/react-dom.development.js:4277:31)
          at beginWork$1 (/Users/ryan/Library/Mobile Documents/com~apple~CloudDocs/Documents/VSCode/Tax-App-Frontend/node_modules/react-dom/cjs/react-dom.development.js:27490:7)
          at performUnitOfWork (/Users/ryan/Library/Mobile Documents/com~apple~CloudDocs/Documents/VSCode/Tax-App-Frontend/node_modules/react-dom/cjs/react-dom.development.js:26599:12)
          at workLoopSync (/Users/ryan/Library/Mobile Documents/com~apple~CloudDocs/Documents/VSCode/Tax-App-Frontend/node_modules/react-dom/cjs/react-dom.development.js:26505:5)
          at renderRootSync (/Users/ryan/Library/Mobile Documents/com~apple~CloudDocs/Documents/VSCode/Tax-App-Frontend/node_modules/react-dom/cjs/react-dom.development.js:26473:7)
          at recoverFromConcurrentError (/Users/ryan/Library/Mobile Documents/com~apple~CloudDocs/Documents/VSCode/Tax-App-Frontend/node_modules/react-dom/cjs/react-dom.development.js:25889:20)
          at performConcurrentWorkOnRoot (/Users/ryan/Library/Mobile Documents/com~apple~CloudDocs/Documents/VSCode/Tax-App-Frontend/node_modules/react-dom/cjs/react-dom.development.js:25789:22)
          at flushActQueue (/Users/ryan/Library/Mobile Documents/com~apple~CloudDocs/Documents/VSCode/Tax-App-Frontend/node_modules/react/cjs/react.development.js:2667:24)
          at act (/Users/ryan/Library/Mobile Documents/com~apple~CloudDocs/Documents/VSCode/Tax-App-Frontend/node_modules/react/cjs/react.development.js:2582:11)
          at /Users/ryan/Library/Mobile Documents/com~apple~CloudDocs/Documents/VSCode/Tax-App-Frontend/node_modules/@testing-library/react/dist/act-compat.js:46:25
          at renderRoot (/Users/ryan/Library/Mobile Documents/com~apple~CloudDocs/Documents/VSCode/Tax-App-Frontend/node_modules/@testing-library/react/dist/pure.js:189:26)
          at render (/Users/ryan/Library/Mobile Documents/com~apple~CloudDocs/Documents/VSCode/Tax-App-Frontend/node_modules/@testing-library/react/dist/pure.js:291:10)
          at Object.<anonymous> (/Users/ryan/Library/Mobile Documents/com~apple~CloudDocs/Documents/VSCode/Tax-App-Frontend/src/app/forms/1099-div/Form1099Div.error-scenarios.integration.test.tsx:371:13)
          at Promise.finally.completed (/Users/ryan/Library/Mobile Documents/com~apple~CloudDocs/Documents/VSCode/Tax-App-Frontend/node_modules/jest-circus/build/jestAdapterInit.js:1557:28)
          at new Promise (<anonymous>)
          at callAsyncCircusFn (/Users/ryan/Library/Mobile Documents/com~apple~CloudDocs/Documents/VSCode/Tax-App-Frontend/node_modules/jest-circus/build/jestAdapterInit.js:1497:10)
          at _callCircusTest (/Users/ryan/Library/Mobile Documents/com~apple~CloudDocs/Documents/VSCode/Tax-App-Frontend/node_modules/jest-circus/build/jestAdapterInit.js:1007:40)
          at processTicksAndRejections (node:internal/process/task_queues:95:5)
          at _runTest (/Users/ryan/Library/Mobile Documents/com~apple~CloudDocs/Documents/VSCode/Tax-App-Frontend/node_modules/jest-circus/build/jestAdapterInit.js:947:3)
          at /Users/ryan/Library/Mobile Documents/com~apple~CloudDocs/Documents/VSCode/Tax-App-Frontend/node_modules/jest-circus/build/jestAdapterInit.js:849:7
          at _runTestsForDescribeBlock (/Users/ryan/Library/Mobile Documents/com~apple~CloudDocs/Documents/VSCode/Tax-App-Frontend/node_modules/jest-circus/build/jestAdapterInit.js:862:11)
          at _runTestsForDescribeBlock (/Users/ryan/Library/Mobile Documents/com~apple~CloudDocs/Documents/VSCode/Tax-App-Frontend/node_modules/jest-circus/build/jestAdapterInit.js:857:11)
          at _runTestsForDescribeBlock (/Users/ryan/Library/Mobile Documents/com~apple~CloudDocs/Documents/VSCode/Tax-App-Frontend/node_modules/jest-circus/build/jestAdapterInit.js:857:11)
          at run (/Users/ryan/Library/Mobile Documents/com~apple~CloudDocs/Documents/VSCode/Tax-App-Frontend/node_modules/jest-circus/build/jestAdapterInit.js:761:3)
          at runAndTransformResultsToJestFormat (/Users/ryan/Library/Mobile Documents/com~apple~CloudDocs/Documents/VSCode/Tax-App-Frontend/node_modules/jest-circus/build/jestAdapterInit.js:1918:21)
          at jestAdapter (/Users/ryan/Library/Mobile Documents/com~apple~CloudDocs/Documents/VSCode/Tax-App-Frontend/node_modules/jest-circus/build/runner.js:101:19)
          at runTestInternal (/Users/ryan/Library/Mobile Documents/com~apple~CloudDocs/Documents/VSCode/Tax-App-Frontend/node_modules/jest-runner/build/testWorker.js:275:16)
          at runTest (/Users/ryan/Library/Mobile Documents/com~apple~CloudDocs/Documents/VSCode/Tax-App-Frontend/node_modules/jest-runner/build/testWorker.js:343:7)
          at Object.worker (/Users/ryan/Library/Mobile Documents/com~apple~CloudDocs/Documents/VSCode/Tax-App-Frontend/node_modules/jest-runner/build/testWorker.js:497:12) {
        detail: TypeError: (0 , _navigation.usePathname) is not a function
            at useForm1099Div (/Users/ryan/Library/Mobile Documents/com~apple~CloudDocs/Documents/VSCode/Tax-App-Frontend/src/hooks/useForm1099Div.ts:120:31)
            at Form1099DivClient (/Users/ryan/Library/Mobile Documents/com~apple~CloudDocs/Documents/VSCode/Tax-App-Frontend/src/app/forms/1099-div/Form1099DivClient.tsx:96:21)
            at renderWithHooks (/Users/ryan/Library/Mobile Documents/com~apple~CloudDocs/Documents/VSCode/Tax-App-Frontend/node_modules/react-dom/cjs/react-dom.development.js:15486:18)
            at mountIndeterminateComponent (/Users/ryan/Library/Mobile Documents/com~apple~CloudDocs/Documents/VSCode/Tax-App-Frontend/node_modules/react-dom/cjs/react-dom.development.js:20103:13)
            at beginWork (/Users/ryan/Library/Mobile Documents/com~apple~CloudDocs/Documents/VSCode/Tax-App-Frontend/node_modules/react-dom/cjs/react-dom.development.js:21626:16)
            at HTMLUnknownElement.callCallback (/Users/ryan/Library/Mobile Documents/com~apple~CloudDocs/Documents/VSCode/Tax-App-Frontend/node_modules/react-dom/cjs/react-dom.development.js:4164:14)
            at HTMLUnknownElement.callTheUserObjectsOperation (/Users/ryan/Library/Mobile Documents/com~apple~CloudDocs/Documents/VSCode/Tax-App-Frontend/node_modules/jsdom/lib/jsdom/living/generated/EventListener.js:26:30)
            at innerInvokeEventListeners (/Users/ryan/Library/Mobile Documents/com~apple~CloudDocs/Documents/VSCode/Tax-App-Frontend/node_modules/jsdom/lib/jsdom/living/events/EventTarget-impl.js:350:25)
            at invokeEventListeners (/Users/ryan/Library/Mobile Documents/com~apple~CloudDocs/Documents/VSCode/Tax-App-Frontend/node_modules/jsdom/lib/jsdom/living/events/EventTarget-impl.js:286:3)
            at HTMLUnknownElementImpl._dispatch (/Users/ryan/Library/Mobile Documents/com~apple~CloudDocs/Documents/VSCode/Tax-App-Frontend/node_modules/jsdom/lib/jsdom/living/events/EventTarget-impl.js:233:9)
            at HTMLUnknownElementImpl.dispatchEvent (/Users/ryan/Library/Mobile Documents/com~apple~CloudDocs/Documents/VSCode/Tax-App-Frontend/node_modules/jsdom/lib/jsdom/living/events/EventTarget-impl.js:104:17)
            at HTMLUnknownElement.dispatchEvent (/Users/ryan/Library/Mobile Documents/com~apple~CloudDocs/Documents/VSCode/Tax-App-Frontend/node_modules/jsdom/lib/jsdom/living/generated/EventTarget.js:241:34)
            at Object.invokeGuardedCallbackDev (/Users/ryan/Library/Mobile Documents/com~apple~CloudDocs/Documents/VSCode/Tax-App-Frontend/node_modules/react-dom/cjs/react-dom.development.js:4213:16)
            at invokeGuardedCallback (/Users/ryan/Library/Mobile Documents/com~apple~CloudDocs/Documents/VSCode/Tax-App-Frontend/node_modules/react-dom/cjs/react-dom.development.js:4277:31)
            at beginWork$1 (/Users/ryan/Library/Mobile Documents/com~apple~CloudDocs/Documents/VSCode/Tax-App-Frontend/node_modules/react-dom/cjs/react-dom.development.js:27490:7)
            at performUnitOfWork (/Users/ryan/Library/Mobile Documents/com~apple~CloudDocs/Documents/VSCode/Tax-App-Frontend/node_modules/react-dom/cjs/react-dom.development.js:26599:12)
            at workLoopSync (/Users/ryan/Library/Mobile Documents/com~apple~CloudDocs/Documents/VSCode/Tax-App-Frontend/node_modules/react-dom/cjs/react-dom.development.js:26505:5)
            at renderRootSync (/Users/ryan/Library/Mobile Documents/com~apple~CloudDocs/Documents/VSCode/Tax-App-Frontend/node_modules/react-dom/cjs/react-dom.development.js:26473:7)
            at recoverFromConcurrentError (/Users/ryan/Library/Mobile Documents/com~apple~CloudDocs/Documents/VSCode/Tax-App-Frontend/node_modules/react-dom/cjs/react-dom.development.js:25889:20)
            at performConcurrentWorkOnRoot (/Users/ryan/Library/Mobile Documents/com~apple~CloudDocs/Documents/VSCode/Tax-App-Frontend/node_modules/react-dom/cjs/react-dom.development.js:25789:22)
            at flushActQueue (/Users/ryan/Library/Mobile Documents/com~apple~CloudDocs/Documents/VSCode/Tax-App-Frontend/node_modules/react/cjs/react.development.js:2667:24)
            at act (/Users/ryan/Library/Mobile Documents/com~apple~CloudDocs/Documents/VSCode/Tax-App-Frontend/node_modules/react/cjs/react.development.js:2582:11)
            at /Users/ryan/Library/Mobile Documents/com~apple~CloudDocs/Documents/VSCode/Tax-App-Frontend/node_modules/@testing-library/react/dist/act-compat.js:46:25
            at renderRoot (/Users/ryan/Library/Mobile Documents/com~apple~CloudDocs/Documents/VSCode/Tax-App-Frontend/node_modules/@testing-library/react/dist/pure.js:189:26)
            at render (/Users/ryan/Library/Mobile Documents/com~apple~CloudDocs/Documents/VSCode/Tax-App-Frontend/node_modules/@testing-library/react/dist/pure.js:291:10)
            at Object.<anonymous> (/Users/ryan/Library/Mobile Documents/com~apple~CloudDocs/Documents/VSCode/Tax-App-Frontend/src/app/forms/1099-div/Form1099Div.error-scenarios.integration.test.tsx:371:13)
            at Promise.finally.completed (/Users/ryan/Library/Mobile Documents/com~apple~CloudDocs/Documents/VSCode/Tax-App-Frontend/node_modules/jest-circus/build/jestAdapterInit.js:1557:28)
            at new Promise (<anonymous>)
            at callAsyncCircusFn (/Users/ryan/Library/Mobile Documents/com~apple~CloudDocs/Documents/VSCode/Tax-App-Frontend/node_modules/jest-circus/build/jestAdapterInit.js:1497:10)
            at _callCircusTest (/Users/ryan/Library/Mobile Documents/com~apple~CloudDocs/Documents/VSCode/Tax-App-Frontend/node_modules/jest-circus/build/jestAdapterInit.js:1007:40)
            at processTicksAndRejections (node:internal/process/task_queues:95:5)
            at _runTest (/Users/ryan/Library/Mobile Documents/com~apple~CloudDocs/Documents/VSCode/Tax-App-Frontend/node_modules/jest-circus/build/jestAdapterInit.js:947:3)
            at /Users/ryan/Library/Mobile Documents/com~apple~CloudDocs/Documents/VSCode/Tax-App-Frontend/node_modules/jest-circus/build/jestAdapterInit.js:849:7
            at _runTestsForDescribeBlock (/Users/ryan/Library/Mobile Documents/com~apple~CloudDocs/Documents/VSCode/Tax-App-Frontend/node_modules/jest-circus/build/jestAdapterInit.js:862:11)
            at _runTestsForDescribeBlock (/Users/ryan/Library/Mobile Documents/com~apple~CloudDocs/Documents/VSCode/Tax-App-Frontend/node_modules/jest-circus/build/jestAdapterInit.js:857:11)
            at _runTestsForDescribeBlock (/Users/ryan/Library/Mobile Documents/com~apple~CloudDocs/Documents/VSCode/Tax-App-Frontend/node_modules/jest-circus/build/jestAdapterInit.js:857:11)
            at run (/Users/ryan/Library/Mobile Documents/com~apple~CloudDocs/Documents/VSCode/Tax-App-Frontend/node_modules/jest-circus/build/jestAdapterInit.js:761:3)
            at runAndTransformResultsToJestFormat (/Users/ryan/Library/Mobile Documents/com~apple~CloudDocs/Documents/VSCode/Tax-App-Frontend/node_modules/jest-circus/build/jestAdapterInit.js:1918:21)
            at jestAdapter (/Users/ryan/Library/Mobile Documents/com~apple~CloudDocs/Documents/VSCode/Tax-App-Frontend/node_modules/jest-circus/build/runner.js:101:19)
            at runTestInternal (/Users/ryan/Library/Mobile Documents/com~apple~CloudDocs/Documents/VSCode/Tax-App-Frontend/node_modules/jest-runner/build/testWorker.js:275:16)
            at runTest (/Users/ryan/Library/Mobile Documents/com~apple~CloudDocs/Documents/VSCode/Tax-App-Frontend/node_modules/jest-runner/build/testWorker.js:343:7)
            at Object.worker (/Users/ryan/Library/Mobile Documents/com~apple~CloudDocs/Documents/VSCode/Tax-App-Frontend/node_modules/jest-runner/build/testWorker.js:497:12),
        type: 'unhandled exception'
      }

      369 |         });
      370 |
    > 371 |       render(<Form1099DivClient initialToken={mockToken} />);
          |             ^
      372 |
      373 |       // Fill in valid data
      374 |       const calendarYearInput = screen.getByLabelText(/Tax Year/i);

      at VirtualConsole.<anonymous> (node_modules/@jest/environment-jsdom-abstract/build/index.js:87:23)
      at reportException (node_modules/jsdom/lib/jsdom/living/helpers/runtime-script-errors.js:70:28)
      at innerInvokeEventListeners (node_modules/jsdom/lib/jsdom/living/events/EventTarget-impl.js:353:9)
      at invokeEventListeners (node_modules/jsdom/lib/jsdom/living/events/EventTarget-impl.js:286:3)
      at HTMLUnknownElementImpl._dispatch (node_modules/jsdom/lib/jsdom/living/events/EventTarget-impl.js:233:9)
      at HTMLUnknownElementImpl.dispatchEvent (node_modules/jsdom/lib/jsdom/living/events/EventTarget-impl.js:104:17)
      at HTMLUnknownElement.dispatchEvent (node_modules/jsdom/lib/jsdom/living/generated/EventTarget.js:241:34)
      at Object.invokeGuardedCallbackDev (node_modules/react-dom/cjs/react-dom.development.js:4213:16)
      at invokeGuardedCallback (node_modules/react-dom/cjs/react-dom.development.js:4277:31)
      at beginWork$1 (node_modules/react-dom/cjs/react-dom.development.js:27490:7)
      at performUnitOfWork (node_modules/react-dom/cjs/react-dom.development.js:26599:12)
      at workLoopSync (node_modules/react-dom/cjs/react-dom.development.js:26505:5)
      at renderRootSync (node_modules/react-dom/cjs/react-dom.development.js:26473:7)
      at recoverFromConcurrentError (node_modules/react-dom/cjs/react-dom.development.js:25889:20)
      at performConcurrentWorkOnRoot (node_modules/react-dom/cjs/react-dom.development.js:25789:22)
      at flushActQueue (node_modules/react/cjs/react.development.js:2667:24)
      at act (node_modules/react/cjs/react.development.js:2582:11)
      at node_modules/@testing-library/react/dist/act-compat.js:46:25
      at renderRoot (node_modules/@testing-library/react/dist/pure.js:189:26)
      at render (node_modules/@testing-library/react/dist/pure.js:291:10)
      at Object.<anonymous> (src/app/forms/1099-div/Form1099Div.error-scenarios.integration.test.tsx:371:13)

    console.error
      The above error occurred in the <Form1099DivClient> component:
      
          at initialToken (/Users/ryan/Library/Mobile Documents/com~apple~CloudDocs/Documents/VSCode/Tax-App-Frontend/src/app/forms/1099-div/Form1099DivClient.tsx:69:3)
      
      Consider adding an error boundary to your tree to customize error handling behavior.
      Visit https://reactjs.org/link/error-boundaries to learn more about error boundaries.

      369 |         });
      370 |
    > 371 |       render(<Form1099DivClient initialToken={mockToken} />);
          |             ^
      372 |
      373 |       // Fill in valid data
      374 |       const calendarYearInput = screen.getByLabelText(/Tax Year/i);

      at logCapturedError (node_modules/react-dom/cjs/react-dom.development.js:18704:23)
      at update.callback (node_modules/react-dom/cjs/react-dom.development.js:18737:5)
      at callCallback (node_modules/react-dom/cjs/react-dom.development.js:15036:12)
      at commitUpdateQueue (node_modules/react-dom/cjs/react-dom.development.js:15057:9)
      at commitLayoutEffectOnFiber (node_modules/react-dom/cjs/react-dom.development.js:23430:13)
      at commitLayoutMountEffects_complete (node_modules/react-dom/cjs/react-dom.development.js:24727:9)
      at commitLayoutEffects_begin (node_modules/react-dom/cjs/react-dom.development.js:24713:7)
      at commitLayoutEffects (node_modules/react-dom/cjs/react-dom.development.js:24651:3)
      at commitRootImpl (node_modules/react-dom/cjs/react-dom.development.js:26862:5)
      at commitRoot (node_modules/react-dom/cjs/react-dom.development.js:26721:5)
      at finishConcurrentRender (node_modules/react-dom/cjs/react-dom.development.js:25931:9)
      at performConcurrentWorkOnRoot (node_modules/react-dom/cjs/react-dom.development.js:25848:7)
      at flushActQueue (node_modules/react/cjs/react.development.js:2667:24)
      at act (node_modules/react/cjs/react.development.js:2582:11)
      at node_modules/@testing-library/react/dist/act-compat.js:46:25
      at renderRoot (node_modules/@testing-library/react/dist/pure.js:189:26)
      at render (node_modules/@testing-library/react/dist/pure.js:291:10)
      at Object.<anonymous> (src/app/forms/1099-div/Form1099Div.error-scenarios.integration.test.tsx:371:13)

    console.error
      Error: Uncaught [TypeError: (0 , _navigation.usePathname) is not a function]
          at reportException (/Users/ryan/Library/Mobile Documents/com~apple~CloudDocs/Documents/VSCode/Tax-App-Frontend/node_modules/jsdom/lib/jsdom/living/helpers/runtime-script-errors.js:66:24)
          at innerInvokeEventListeners (/Users/ryan/Library/Mobile Documents/com~apple~CloudDocs/Documents/VSCode/Tax-App-Frontend/node_modules/jsdom/lib/jsdom/living/events/EventTarget-impl.js:353:9)
          at invokeEventListeners (/Users/ryan/Library/Mobile Documents/com~apple~CloudDocs/Documents/VSCode/Tax-App-Frontend/node_modules/jsdom/lib/jsdom/living/events/EventTarget-impl.js:286:3)
          at HTMLUnknownElementImpl._dispatch (/Users/ryan/Library/Mobile Documents/com~apple~CloudDocs/Documents/VSCode/Tax-App-Frontend/node_modules/jsdom/lib/jsdom/living/events/EventTarget-impl.js:233:9)
          at HTMLUnknownElementImpl.dispatchEvent (/Users/ryan/Library/Mobile Documents/com~apple~CloudDocs/Documents/VSCode/Tax-App-Frontend/node_modules/jsdom/lib/jsdom/living/events/EventTarget-impl.js:104:17)
          at HTMLUnknownElement.dispatchEvent (/Users/ryan/Library/Mobile Documents/com~apple~CloudDocs/Documents/VSCode/Tax-App-Frontend/node_modules/jsdom/lib/jsdom/living/generated/EventTarget.js:241:34)
          at Object.invokeGuardedCallbackDev (/Users/ryan/Library/Mobile Documents/com~apple~CloudDocs/Documents/VSCode/Tax-App-Frontend/node_modules/react-dom/cjs/react-dom.development.js:4213:16)
          at invokeGuardedCallback (/Users/ryan/Library/Mobile Documents/com~apple~CloudDocs/Documents/VSCode/Tax-App-Frontend/node_modules/react-dom/cjs/react-dom.development.js:4277:31)
          at beginWork$1 (/Users/ryan/Library/Mobile Documents/com~apple~CloudDocs/Documents/VSCode/Tax-App-Frontend/node_modules/react-dom/cjs/react-dom.development.js:27490:7)
          at performUnitOfWork (/Users/ryan/Library/Mobile Documents/com~apple~CloudDocs/Documents/VSCode/Tax-App-Frontend/node_modules/react-dom/cjs/react-dom.development.js:26599:12)
          at workLoopSync (/Users/ryan/Library/Mobile Documents/com~apple~CloudDocs/Documents/VSCode/Tax-App-Frontend/node_modules/react-dom/cjs/react-dom.development.js:26505:5)
          at renderRootSync (/Users/ryan/Library/Mobile Documents/com~apple~CloudDocs/Documents/VSCode/Tax-App-Frontend/node_modules/react-dom/cjs/react-dom.development.js:26473:7)
          at performConcurrentWorkOnRoot (/Users/ryan/Library/Mobile Documents/com~apple~CloudDocs/Documents/VSCode/Tax-App-Frontend/node_modules/react-dom/cjs/react-dom.development.js:25777:74)
          at flushActQueue (/Users/ryan/Library/Mobile Documents/com~apple~CloudDocs/Documents/VSCode/Tax-App-Frontend/node_modules/react/cjs/react.development.js:2667:24)
          at act (/Users/ryan/Library/Mobile Documents/com~apple~CloudDocs/Documents/VSCode/Tax-App-Frontend/node_modules/react/cjs/react.development.js:2582:11)
          at /Users/ryan/Library/Mobile Documents/com~apple~CloudDocs/Documents/VSCode/Tax-App-Frontend/node_modules/@testing-library/react/dist/act-compat.js:46:25
          at renderRoot (/Users/ryan/Library/Mobile Documents/com~apple~CloudDocs/Documents/VSCode/Tax-App-Frontend/node_modules/@testing-library/react/dist/pure.js:189:26)
          at render (/Users/ryan/Library/Mobile Documents/com~apple~CloudDocs/Documents/VSCode/Tax-App-Frontend/node_modules/@testing-library/react/dist/pure.js:291:10)
          at Object.<anonymous> (/Users/ryan/Library/Mobile Documents/com~apple~CloudDocs/Documents/VSCode/Tax-App-Frontend/src/app/forms/1099-div/Form1099Div.error-scenarios.integration.test.tsx:420:13)
          at Promise.finally.completed (/Users/ryan/Library/Mobile Documents/com~apple~CloudDocs/Documents/VSCode/Tax-App-Frontend/node_modules/jest-circus/build/jestAdapterInit.js:1557:28)
          at new Promise (<anonymous>)
          at callAsyncCircusFn (/Users/ryan/Library/Mobile Documents/com~apple~CloudDocs/Documents/VSCode/Tax-App-Frontend/node_modules/jest-circus/build/jestAdapterInit.js:1497:10)
          at _callCircusTest (/Users/ryan/Library/Mobile Documents/com~apple~CloudDocs/Documents/VSCode/Tax-App-Frontend/node_modules/jest-circus/build/jestAdapterInit.js:1007:40)
          at processTicksAndRejections (node:internal/process/task_queues:95:5)
          at _runTest (/Users/ryan/Library/Mobile Documents/com~apple~CloudDocs/Documents/VSCode/Tax-App-Frontend/node_modules/jest-circus/build/jestAdapterInit.js:947:3)
          at /Users/ryan/Library/Mobile Documents/com~apple~CloudDocs/Documents/VSCode/Tax-App-Frontend/node_modules/jest-circus/build/jestAdapterInit.js:849:7
          at _runTestsForDescribeBlock (/Users/ryan/Library/Mobile Documents/com~apple~CloudDocs/Documents/VSCode/Tax-App-Frontend/node_modules/jest-circus/build/jestAdapterInit.js:862:11)
          at _runTestsForDescribeBlock (/Users/ryan/Library/Mobile Documents/com~apple~CloudDocs/Documents/VSCode/Tax-App-Frontend/node_modules/jest-circus/build/jestAdapterInit.js:857:11)
          at _runTestsForDescribeBlock (/Users/ryan/Library/Mobile Documents/com~apple~CloudDocs/Documents/VSCode/Tax-App-Frontend/node_modules/jest-circus/build/jestAdapterInit.js:857:11)
          at run (/Users/ryan/Library/Mobile Documents/com~apple~CloudDocs/Documents/VSCode/Tax-App-Frontend/node_modules/jest-circus/build/jestAdapterInit.js:761:3)
          at runAndTransformResultsToJestFormat (/Users/ryan/Library/Mobile Documents/com~apple~CloudDocs/Documents/VSCode/Tax-App-Frontend/node_modules/jest-circus/build/jestAdapterInit.js:1918:21)
          at jestAdapter (/Users/ryan/Library/Mobile Documents/com~apple~CloudDocs/Documents/VSCode/Tax-App-Frontend/node_modules/jest-circus/build/runner.js:101:19)
          at runTestInternal (/Users/ryan/Library/Mobile Documents/com~apple~CloudDocs/Documents/VSCode/Tax-App-Frontend/node_modules/jest-runner/build/testWorker.js:275:16)
          at runTest (/Users/ryan/Library/Mobile Documents/com~apple~CloudDocs/Documents/VSCode/Tax-App-Frontend/node_modules/jest-runner/build/testWorker.js:343:7)
          at Object.worker (/Users/ryan/Library/Mobile Documents/com~apple~CloudDocs/Documents/VSCode/Tax-App-Frontend/node_modules/jest-runner/build/testWorker.js:497:12) {
        detail: TypeError: (0 , _navigation.usePathname) is not a function
            at useForm1099Div (/Users/ryan/Library/Mobile Documents/com~apple~CloudDocs/Documents/VSCode/Tax-App-Frontend/src/hooks/useForm1099Div.ts:120:31)
            at Form1099DivClient (/Users/ryan/Library/Mobile Documents/com~apple~CloudDocs/Documents/VSCode/Tax-App-Frontend/src/app/forms/1099-div/Form1099DivClient.tsx:96:21)
            at renderWithHooks (/Users/ryan/Library/Mobile Documents/com~apple~CloudDocs/Documents/VSCode/Tax-App-Frontend/node_modules/react-dom/cjs/react-dom.development.js:15486:18)
            at mountIndeterminateComponent (/Users/ryan/Library/Mobile Documents/com~apple~CloudDocs/Documents/VSCode/Tax-App-Frontend/node_modules/react-dom/cjs/react-dom.development.js:20103:13)
            at beginWork (/Users/ryan/Library/Mobile Documents/com~apple~CloudDocs/Documents/VSCode/Tax-App-Frontend/node_modules/react-dom/cjs/react-dom.development.js:21626:16)
            at HTMLUnknownElement.callCallback (/Users/ryan/Library/Mobile Documents/com~apple~CloudDocs/Documents/VSCode/Tax-App-Frontend/node_modules/react-dom/cjs/react-dom.development.js:4164:14)
            at HTMLUnknownElement.callTheUserObjectsOperation (/Users/ryan/Library/Mobile Documents/com~apple~CloudDocs/Documents/VSCode/Tax-App-Frontend/node_modules/jsdom/lib/jsdom/living/generated/EventListener.js:26:30)
            at innerInvokeEventListeners (/Users/ryan/Library/Mobile Documents/com~apple~CloudDocs/Documents/VSCode/Tax-App-Frontend/node_modules/jsdom/lib/jsdom/living/events/EventTarget-impl.js:350:25)
            at invokeEventListeners (/Users/ryan/Library/Mobile Documents/com~apple~CloudDocs/Documents/VSCode/Tax-App-Frontend/node_modules/jsdom/lib/jsdom/living/events/EventTarget-impl.js:286:3)
            at HTMLUnknownElementImpl._dispatch (/Users/ryan/Library/Mobile Documents/com~apple~CloudDocs/Documents/VSCode/Tax-App-Frontend/node_modules/jsdom/lib/jsdom/living/events/EventTarget-impl.js:233:9)
            at HTMLUnknownElementImpl.dispatchEvent (/Users/ryan/Library/Mobile Documents/com~apple~CloudDocs/Documents/VSCode/Tax-App-Frontend/node_modules/jsdom/lib/jsdom/living/events/EventTarget-impl.js:104:17)
            at HTMLUnknownElement.dispatchEvent (/Users/ryan/Library/Mobile Documents/com~apple~CloudDocs/Documents/VSCode/Tax-App-Frontend/node_modules/jsdom/lib/jsdom/living/generated/EventTarget.js:241:34)
            at Object.invokeGuardedCallbackDev (/Users/ryan/Library/Mobile Documents/com~apple~CloudDocs/Documents/VSCode/Tax-App-Frontend/node_modules/react-dom/cjs/react-dom.development.js:4213:16)
            at invokeGuardedCallback (/Users/ryan/Library/Mobile Documents/com~apple~CloudDocs/Documents/VSCode/Tax-App-Frontend/node_modules/react-dom/cjs/react-dom.development.js:4277:31)
            at beginWork$1 (/Users/ryan/Library/Mobile Documents/com~apple~CloudDocs/Documents/VSCode/Tax-App-Frontend/node_modules/react-dom/cjs/react-dom.development.js:27490:7)
            at performUnitOfWork (/Users/ryan/Library/Mobile Documents/com~apple~CloudDocs/Documents/VSCode/Tax-App-Frontend/node_modules/react-dom/cjs/react-dom.development.js:26599:12)
            at workLoopSync (/Users/ryan/Library/Mobile Documents/com~apple~CloudDocs/Documents/VSCode/Tax-App-Frontend/node_modules/react-dom/cjs/react-dom.development.js:26505:5)
            at renderRootSync (/Users/ryan/Library/Mobile Documents/com~apple~CloudDocs/Documents/VSCode/Tax-App-Frontend/node_modules/react-dom/cjs/react-dom.development.js:26473:7)
            at performConcurrentWorkOnRoot (/Users/ryan/Library/Mobile Documents/com~apple~CloudDocs/Documents/VSCode/Tax-App-Frontend/node_modules/react-dom/cjs/react-dom.development.js:25777:74)
            at flushActQueue (/Users/ryan/Library/Mobile Documents/com~apple~CloudDocs/Documents/VSCode/Tax-App-Frontend/node_modules/react/cjs/react.development.js:2667:24)
            at act (/Users/ryan/Library/Mobile Documents/com~apple~CloudDocs/Documents/VSCode/Tax-App-Frontend/node_modules/react/cjs/react.development.js:2582:11)
            at /Users/ryan/Library/Mobile Documents/com~apple~CloudDocs/Documents/VSCode/Tax-App-Frontend/node_modules/@testing-library/react/dist/act-compat.js:46:25
            at renderRoot (/Users/ryan/Library/Mobile Documents/com~apple~CloudDocs/Documents/VSCode/Tax-App-Frontend/node_modules/@testing-library/react/dist/pure.js:189:26)
            at render (/Users/ryan/Library/Mobile Documents/com~apple~CloudDocs/Documents/VSCode/Tax-App-Frontend/node_modules/@testing-library/react/dist/pure.js:291:10)
            at Object.<anonymous> (/Users/ryan/Library/Mobile Documents/com~apple~CloudDocs/Documents/VSCode/Tax-App-Frontend/src/app/forms/1099-div/Form1099Div.error-scenarios.integration.test.tsx:420:13)
            at Promise.finally.completed (/Users/ryan/Library/Mobile Documents/com~apple~CloudDocs/Documents/VSCode/Tax-App-Frontend/node_modules/jest-circus/build/jestAdapterInit.js:1557:28)
            at new Promise (<anonymous>)
            at callAsyncCircusFn (/Users/ryan/Library/Mobile Documents/com~apple~CloudDocs/Documents/VSCode/Tax-App-Frontend/node_modules/jest-circus/build/jestAdapterInit.js:1497:10)
            at _callCircusTest (/Users/ryan/Library/Mobile Documents/com~apple~CloudDocs/Documents/VSCode/Tax-App-Frontend/node_modules/jest-circus/build/jestAdapterInit.js:1007:40)
            at processTicksAndRejections (node:internal/process/task_queues:95:5)
            at _runTest (/Users/ryan/Library/Mobile Documents/com~apple~CloudDocs/Documents/VSCode/Tax-App-Frontend/node_modules/jest-circus/build/jestAdapterInit.js:947:3)
            at /Users/ryan/Library/Mobile Documents/com~apple~CloudDocs/Documents/VSCode/Tax-App-Frontend/node_modules/jest-circus/build/jestAdapterInit.js:849:7
            at _runTestsForDescribeBlock (/Users/ryan/Library/Mobile Documents/com~apple~CloudDocs/Documents/VSCode/Tax-App-Frontend/node_modules/jest-circus/build/jestAdapterInit.js:862:11)
            at _runTestsForDescribeBlock (/Users/ryan/Library/Mobile Documents/com~apple~CloudDocs/Documents/VSCode/Tax-App-Frontend/node_modules/jest-circus/build/jestAdapterInit.js:857:11)
            at _runTestsForDescribeBlock (/Users/ryan/Library/Mobile Documents/com~apple~CloudDocs/Documents/VSCode/Tax-App-Frontend/node_modules/jest-circus/build/jestAdapterInit.js:857:11)
            at run (/Users/ryan/Library/Mobile Documents/com~apple~CloudDocs/Documents/VSCode/Tax-App-Frontend/node_modules/jest-circus/build/jestAdapterInit.js:761:3)
            at runAndTransformResultsToJestFormat (/Users/ryan/Library/Mobile Documents/com~apple~CloudDocs/Documents/VSCode/Tax-App-Frontend/node_modules/jest-circus/build/jestAdapterInit.js:1918:21)
            at jestAdapter (/Users/ryan/Library/Mobile Documents/com~apple~CloudDocs/Documents/VSCode/Tax-App-Frontend/node_modules/jest-circus/build/runner.js:101:19)
            at runTestInternal (/Users/ryan/Library/Mobile Documents/com~apple~CloudDocs/Documents/VSCode/Tax-App-Frontend/node_modules/jest-runner/build/testWorker.js:275:16)
            at runTest (/Users/ryan/Library/Mobile Documents/com~apple~CloudDocs/Documents/VSCode/Tax-App-Frontend/node_modules/jest-runner/build/testWorker.js:343:7)
            at Object.worker (/Users/ryan/Library/Mobile Documents/com~apple~CloudDocs/Documents/VSCode/Tax-App-Frontend/node_modules/jest-runner/build/testWorker.js:497:12),
        type: 'unhandled exception'
      }

      418 |         });
      419 |
    > 420 |       render(<Form1099DivClient initialToken={mockToken} />);
          |             ^
      421 |
      422 |       // Fill and submit
      423 |       const calendarYearInput = screen.getByLabelText(/Tax Year/i);

      at VirtualConsole.<anonymous> (node_modules/@jest/environment-jsdom-abstract/build/index.js:87:23)
      at reportException (node_modules/jsdom/lib/jsdom/living/helpers/runtime-script-errors.js:70:28)
      at innerInvokeEventListeners (node_modules/jsdom/lib/jsdom/living/events/EventTarget-impl.js:353:9)
      at invokeEventListeners (node_modules/jsdom/lib/jsdom/living/events/EventTarget-impl.js:286:3)
      at HTMLUnknownElementImpl._dispatch (node_modules/jsdom/lib/jsdom/living/events/EventTarget-impl.js:233:9)
      at HTMLUnknownElementImpl.dispatchEvent (node_modules/jsdom/lib/jsdom/living/events/EventTarget-impl.js:104:17)
      at HTMLUnknownElement.dispatchEvent (node_modules/jsdom/lib/jsdom/living/generated/EventTarget.js:241:34)
      at Object.invokeGuardedCallbackDev (node_modules/react-dom/cjs/react-dom.development.js:4213:16)
      at invokeGuardedCallback (node_modules/react-dom/cjs/react-dom.development.js:4277:31)
      at beginWork$1 (node_modules/react-dom/cjs/react-dom.development.js:27490:7)
      at performUnitOfWork (node_modules/react-dom/cjs/react-dom.development.js:26599:12)
      at workLoopSync (node_modules/react-dom/cjs/react-dom.development.js:26505:5)
      at renderRootSync (node_modules/react-dom/cjs/react-dom.development.js:26473:7)
      at performConcurrentWorkOnRoot (node_modules/react-dom/cjs/react-dom.development.js:25777:74)
      at flushActQueue (node_modules/react/cjs/react.development.js:2667:24)
      at act (node_modules/react/cjs/react.development.js:2582:11)
      at node_modules/@testing-library/react/dist/act-compat.js:46:25
      at renderRoot (node_modules/@testing-library/react/dist/pure.js:189:26)
      at render (node_modules/@testing-library/react/dist/pure.js:291:10)
      at Object.<anonymous> (src/app/forms/1099-div/Form1099Div.error-scenarios.integration.test.tsx:420:13)

    console.error
      Error: Uncaught [TypeError: (0 , _navigation.usePathname) is not a function]
          at reportException (/Users/ryan/Library/Mobile Documents/com~apple~CloudDocs/Documents/VSCode/Tax-App-Frontend/node_modules/jsdom/lib/jsdom/living/helpers/runtime-script-errors.js:66:24)
          at innerInvokeEventListeners (/Users/ryan/Library/Mobile Documents/com~apple~CloudDocs/Documents/VSCode/Tax-App-Frontend/node_modules/jsdom/lib/jsdom/living/events/EventTarget-impl.js:353:9)
          at invokeEventListeners (/Users/ryan/Library/Mobile Documents/com~apple~CloudDocs/Documents/VSCode/Tax-App-Frontend/node_modules/jsdom/lib/jsdom/living/events/EventTarget-impl.js:286:3)
          at HTMLUnknownElementImpl._dispatch (/Users/ryan/Library/Mobile Documents/com~apple~CloudDocs/Documents/VSCode/Tax-App-Frontend/node_modules/jsdom/lib/jsdom/living/events/EventTarget-impl.js:233:9)
          at HTMLUnknownElementImpl.dispatchEvent (/Users/ryan/Library/Mobile Documents/com~apple~CloudDocs/Documents/VSCode/Tax-App-Frontend/node_modules/jsdom/lib/jsdom/living/events/EventTarget-impl.js:104:17)
          at HTMLUnknownElement.dispatchEvent (/Users/ryan/Library/Mobile Documents/com~apple~CloudDocs/Documents/VSCode/Tax-App-Frontend/node_modules/jsdom/lib/jsdom/living/generated/EventTarget.js:241:34)
          at Object.invokeGuardedCallbackDev (/Users/ryan/Library/Mobile Documents/com~apple~CloudDocs/Documents/VSCode/Tax-App-Frontend/node_modules/react-dom/cjs/react-dom.development.js:4213:16)
          at invokeGuardedCallback (/Users/ryan/Library/Mobile Documents/com~apple~CloudDocs/Documents/VSCode/Tax-App-Frontend/node_modules/react-dom/cjs/react-dom.development.js:4277:31)
          at beginWork$1 (/Users/ryan/Library/Mobile Documents/com~apple~CloudDocs/Documents/VSCode/Tax-App-Frontend/node_modules/react-dom/cjs/react-dom.development.js:27490:7)
          at performUnitOfWork (/Users/ryan/Library/Mobile Documents/com~apple~CloudDocs/Documents/VSCode/Tax-App-Frontend/node_modules/react-dom/cjs/react-dom.development.js:26599:12)
          at workLoopSync (/Users/ryan/Library/Mobile Documents/com~apple~CloudDocs/Documents/VSCode/Tax-App-Frontend/node_modules/react-dom/cjs/react-dom.development.js:26505:5)
          at renderRootSync (/Users/ryan/Library/Mobile Documents/com~apple~CloudDocs/Documents/VSCode/Tax-App-Frontend/node_modules/react-dom/cjs/react-dom.development.js:26473:7)
          at recoverFromConcurrentError (/Users/ryan/Library/Mobile Documents/com~apple~CloudDocs/Documents/VSCode/Tax-App-Frontend/node_modules/react-dom/cjs/react-dom.development.js:25889:20)
          at performConcurrentWorkOnRoot (/Users/ryan/Library/Mobile Documents/com~apple~CloudDocs/Documents/VSCode/Tax-App-Frontend/node_modules/react-dom/cjs/react-dom.development.js:25789:22)
          at flushActQueue (/Users/ryan/Library/Mobile Documents/com~apple~CloudDocs/Documents/VSCode/Tax-App-Frontend/node_modules/react/cjs/react.development.js:2667:24)
          at act (/Users/ryan/Library/Mobile Documents/com~apple~CloudDocs/Documents/VSCode/Tax-App-Frontend/node_modules/react/cjs/react.development.js:2582:11)
          at /Users/ryan/Library/Mobile Documents/com~apple~CloudDocs/Documents/VSCode/Tax-App-Frontend/node_modules/@testing-library/react/dist/act-compat.js:46:25
          at renderRoot (/Users/ryan/Library/Mobile Documents/com~apple~CloudDocs/Documents/VSCode/Tax-App-Frontend/node_modules/@testing-library/react/dist/pure.js:189:26)
          at render (/Users/ryan/Library/Mobile Documents/com~apple~CloudDocs/Documents/VSCode/Tax-App-Frontend/node_modules/@testing-library/react/dist/pure.js:291:10)
          at Object.<anonymous> (/Users/ryan/Library/Mobile Documents/com~apple~CloudDocs/Documents/VSCode/Tax-App-Frontend/src/app/forms/1099-div/Form1099Div.error-scenarios.integration.test.tsx:420:13)
          at Promise.finally.completed (/Users/ryan/Library/Mobile Documents/com~apple~CloudDocs/Documents/VSCode/Tax-App-Frontend/node_modules/jest-circus/build/jestAdapterInit.js:1557:28)
          at new Promise (<anonymous>)
          at callAsyncCircusFn (/Users/ryan/Library/Mobile Documents/com~apple~CloudDocs/Documents/VSCode/Tax-App-Frontend/node_modules/jest-circus/build/jestAdapterInit.js:1497:10)
          at _callCircusTest (/Users/ryan/Library/Mobile Documents/com~apple~CloudDocs/Documents/VSCode/Tax-App-Frontend/node_modules/jest-circus/build/jestAdapterInit.js:1007:40)
          at processTicksAndRejections (node:internal/process/task_queues:95:5)
          at _runTest (/Users/ryan/Library/Mobile Documents/com~apple~CloudDocs/Documents/VSCode/Tax-App-Frontend/node_modules/jest-circus/build/jestAdapterInit.js:947:3)
          at /Users/ryan/Library/Mobile Documents/com~apple~CloudDocs/Documents/VSCode/Tax-App-Frontend/node_modules/jest-circus/build/jestAdapterInit.js:849:7
          at _runTestsForDescribeBlock (/Users/ryan/Library/Mobile Documents/com~apple~CloudDocs/Documents/VSCode/Tax-App-Frontend/node_modules/jest-circus/build/jestAdapterInit.js:862:11)
          at _runTestsForDescribeBlock (/Users/ryan/Library/Mobile Documents/com~apple~CloudDocs/Documents/VSCode/Tax-App-Frontend/node_modules/jest-circus/build/jestAdapterInit.js:857:11)
          at _runTestsForDescribeBlock (/Users/ryan/Library/Mobile Documents/com~apple~CloudDocs/Documents/VSCode/Tax-App-Frontend/node_modules/jest-circus/build/jestAdapterInit.js:857:11)
          at run (/Users/ryan/Library/Mobile Documents/com~apple~CloudDocs/Documents/VSCode/Tax-App-Frontend/node_modules/jest-circus/build/jestAdapterInit.js:761:3)
          at runAndTransformResultsToJestFormat (/Users/ryan/Library/Mobile Documents/com~apple~CloudDocs/Documents/VSCode/Tax-App-Frontend/node_modules/jest-circus/build/jestAdapterInit.js:1918:21)
          at jestAdapter (/Users/ryan/Library/Mobile Documents/com~apple~CloudDocs/Documents/VSCode/Tax-App-Frontend/node_modules/jest-circus/build/runner.js:101:19)
          at runTestInternal (/Users/ryan/Library/Mobile Documents/com~apple~CloudDocs/Documents/VSCode/Tax-App-Frontend/node_modules/jest-runner/build/testWorker.js:275:16)
          at runTest (/Users/ryan/Library/Mobile Documents/com~apple~CloudDocs/Documents/VSCode/Tax-App-Frontend/node_modules/jest-runner/build/testWorker.js:343:7)
          at Object.worker (/Users/ryan/Library/Mobile Documents/com~apple~CloudDocs/Documents/VSCode/Tax-App-Frontend/node_modules/jest-runner/build/testWorker.js:497:12) {
        detail: TypeError: (0 , _navigation.usePathname) is not a function
            at useForm1099Div (/Users/ryan/Library/Mobile Documents/com~apple~CloudDocs/Documents/VSCode/Tax-App-Frontend/src/hooks/useForm1099Div.ts:120:31)
            at Form1099DivClient (/Users/ryan/Library/Mobile Documents/com~apple~CloudDocs/Documents/VSCode/Tax-App-Frontend/src/app/forms/1099-div/Form1099DivClient.tsx:96:21)
            at renderWithHooks (/Users/ryan/Library/Mobile Documents/com~apple~CloudDocs/Documents/VSCode/Tax-App-Frontend/node_modules/react-dom/cjs/react-dom.development.js:15486:18)
            at mountIndeterminateComponent (/Users/ryan/Library/Mobile Documents/com~apple~CloudDocs/Documents/VSCode/Tax-App-Frontend/node_modules/react-dom/cjs/react-dom.development.js:20103:13)
            at beginWork (/Users/ryan/Library/Mobile Documents/com~apple~CloudDocs/Documents/VSCode/Tax-App-Frontend/node_modules/react-dom/cjs/react-dom.development.js:21626:16)
            at HTMLUnknownElement.callCallback (/Users/ryan/Library/Mobile Documents/com~apple~CloudDocs/Documents/VSCode/Tax-App-Frontend/node_modules/react-dom/cjs/react-dom.development.js:4164:14)
            at HTMLUnknownElement.callTheUserObjectsOperation (/Users/ryan/Library/Mobile Documents/com~apple~CloudDocs/Documents/VSCode/Tax-App-Frontend/node_modules/jsdom/lib/jsdom/living/generated/EventListener.js:26:30)
            at innerInvokeEventListeners (/Users/ryan/Library/Mobile Documents/com~apple~CloudDocs/Documents/VSCode/Tax-App-Frontend/node_modules/jsdom/lib/jsdom/living/events/EventTarget-impl.js:350:25)
            at invokeEventListeners (/Users/ryan/Library/Mobile Documents/com~apple~CloudDocs/Documents/VSCode/Tax-App-Frontend/node_modules/jsdom/lib/jsdom/living/events/EventTarget-impl.js:286:3)
            at HTMLUnknownElementImpl._dispatch (/Users/ryan/Library/Mobile Documents/com~apple~CloudDocs/Documents/VSCode/Tax-App-Frontend/node_modules/jsdom/lib/jsdom/living/events/EventTarget-impl.js:233:9)
            at HTMLUnknownElementImpl.dispatchEvent (/Users/ryan/Library/Mobile Documents/com~apple~CloudDocs/Documents/VSCode/Tax-App-Frontend/node_modules/jsdom/lib/jsdom/living/events/EventTarget-impl.js:104:17)
            at HTMLUnknownElement.dispatchEvent (/Users/ryan/Library/Mobile Documents/com~apple~CloudDocs/Documents/VSCode/Tax-App-Frontend/node_modules/jsdom/lib/jsdom/living/generated/EventTarget.js:241:34)
            at Object.invokeGuardedCallbackDev (/Users/ryan/Library/Mobile Documents/com~apple~CloudDocs/Documents/VSCode/Tax-App-Frontend/node_modules/react-dom/cjs/react-dom.development.js:4213:16)
            at invokeGuardedCallback (/Users/ryan/Library/Mobile Documents/com~apple~CloudDocs/Documents/VSCode/Tax-App-Frontend/node_modules/react-dom/cjs/react-dom.development.js:4277:31)
            at beginWork$1 (/Users/ryan/Library/Mobile Documents/com~apple~CloudDocs/Documents/VSCode/Tax-App-Frontend/node_modules/react-dom/cjs/react-dom.development.js:27490:7)
            at performUnitOfWork (/Users/ryan/Library/Mobile Documents/com~apple~CloudDocs/Documents/VSCode/Tax-App-Frontend/node_modules/react-dom/cjs/react-dom.development.js:26599:12)
            at workLoopSync (/Users/ryan/Library/Mobile Documents/com~apple~CloudDocs/Documents/VSCode/Tax-App-Frontend/node_modules/react-dom/cjs/react-dom.development.js:26505:5)
            at renderRootSync (/Users/ryan/Library/Mobile Documents/com~apple~CloudDocs/Documents/VSCode/Tax-App-Frontend/node_modules/react-dom/cjs/react-dom.development.js:26473:7)
            at recoverFromConcurrentError (/Users/ryan/Library/Mobile Documents/com~apple~CloudDocs/Documents/VSCode/Tax-App-Frontend/node_modules/react-dom/cjs/react-dom.development.js:25889:20)
            at performConcurrentWorkOnRoot (/Users/ryan/Library/Mobile Documents/com~apple~CloudDocs/Documents/VSCode/Tax-App-Frontend/node_modules/react-dom/cjs/react-dom.development.js:25789:22)
            at flushActQueue (/Users/ryan/Library/Mobile Documents/com~apple~CloudDocs/Documents/VSCode/Tax-App-Frontend/node_modules/react/cjs/react.development.js:2667:24)
            at act (/Users/ryan/Library/Mobile Documents/com~apple~CloudDocs/Documents/VSCode/Tax-App-Frontend/node_modules/react/cjs/react.development.js:2582:11)
            at /Users/ryan/Library/Mobile Documents/com~apple~CloudDocs/Documents/VSCode/Tax-App-Frontend/node_modules/@testing-library/react/dist/act-compat.js:46:25
            at renderRoot (/Users/ryan/Library/Mobile Documents/com~apple~CloudDocs/Documents/VSCode/Tax-App-Frontend/node_modules/@testing-library/react/dist/pure.js:189:26)
            at render (/Users/ryan/Library/Mobile Documents/com~apple~CloudDocs/Documents/VSCode/Tax-App-Frontend/node_modules/@testing-library/react/dist/pure.js:291:10)
            at Object.<anonymous> (/Users/ryan/Library/Mobile Documents/com~apple~CloudDocs/Documents/VSCode/Tax-App-Frontend/src/app/forms/1099-div/Form1099Div.error-scenarios.integration.test.tsx:420:13)
            at Promise.finally.completed (/Users/ryan/Library/Mobile Documents/com~apple~CloudDocs/Documents/VSCode/Tax-App-Frontend/node_modules/jest-circus/build/jestAdapterInit.js:1557:28)
            at new Promise (<anonymous>)
            at callAsyncCircusFn (/Users/ryan/Library/Mobile Documents/com~apple~CloudDocs/Documents/VSCode/Tax-App-Frontend/node_modules/jest-circus/build/jestAdapterInit.js:1497:10)
            at _callCircusTest (/Users/ryan/Library/Mobile Documents/com~apple~CloudDocs/Documents/VSCode/Tax-App-Frontend/node_modules/jest-circus/build/jestAdapterInit.js:1007:40)
            at processTicksAndRejections (node:internal/process/task_queues:95:5)
            at _runTest (/Users/ryan/Library/Mobile Documents/com~apple~CloudDocs/Documents/VSCode/Tax-App-Frontend/node_modules/jest-circus/build/jestAdapterInit.js:947:3)
            at /Users/ryan/Library/Mobile Documents/com~apple~CloudDocs/Documents/VSCode/Tax-App-Frontend/node_modules/jest-circus/build/jestAdapterInit.js:849:7
            at _runTestsForDescribeBlock (/Users/ryan/Library/Mobile Documents/com~apple~CloudDocs/Documents/VSCode/Tax-App-Frontend/node_modules/jest-circus/build/jestAdapterInit.js:862:11)
            at _runTestsForDescribeBlock (/Users/ryan/Library/Mobile Documents/com~apple~CloudDocs/Documents/VSCode/Tax-App-Frontend/node_modules/jest-circus/build/jestAdapterInit.js:857:11)
            at _runTestsForDescribeBlock (/Users/ryan/Library/Mobile Documents/com~apple~CloudDocs/Documents/VSCode/Tax-App-Frontend/node_modules/jest-circus/build/jestAdapterInit.js:857:11)
            at run (/Users/ryan/Library/Mobile Documents/com~apple~CloudDocs/Documents/VSCode/Tax-App-Frontend/node_modules/jest-circus/build/jestAdapterInit.js:761:3)
            at runAndTransformResultsToJestFormat (/Users/ryan/Library/Mobile Documents/com~apple~CloudDocs/Documents/VSCode/Tax-App-Frontend/node_modules/jest-circus/build/jestAdapterInit.js:1918:21)
            at jestAdapter (/Users/ryan/Library/Mobile Documents/com~apple~CloudDocs/Documents/VSCode/Tax-App-Frontend/node_modules/jest-circus/build/runner.js:101:19)
            at runTestInternal (/Users/ryan/Library/Mobile Documents/com~apple~CloudDocs/Documents/VSCode/Tax-App-Frontend/node_modules/jest-runner/build/testWorker.js:275:16)
            at runTest (/Users/ryan/Library/Mobile Documents/com~apple~CloudDocs/Documents/VSCode/Tax-App-Frontend/node_modules/jest-runner/build/testWorker.js:343:7)
            at Object.worker (/Users/ryan/Library/Mobile Documents/com~apple~CloudDocs/Documents/VSCode/Tax-App-Frontend/node_modules/jest-runner/build/testWorker.js:497:12),
        type: 'unhandled exception'
      }

      418 |         });
      419 |
    > 420 |       render(<Form1099DivClient initialToken={mockToken} />);
          |             ^
      421 |
      422 |       // Fill and submit
      423 |       const calendarYearInput = screen.getByLabelText(/Tax Year/i);

      at VirtualConsole.<anonymous> (node_modules/@jest/environment-jsdom-abstract/build/index.js:87:23)
      at reportException (node_modules/jsdom/lib/jsdom/living/helpers/runtime-script-errors.js:70:28)
      at innerInvokeEventListeners (node_modules/jsdom/lib/jsdom/living/events/EventTarget-impl.js:353:9)
      at invokeEventListeners (node_modules/jsdom/lib/jsdom/living/events/EventTarget-impl.js:286:3)
      at HTMLUnknownElementImpl._dispatch (node_modules/jsdom/lib/jsdom/living/events/EventTarget-impl.js:233:9)
      at HTMLUnknownElementImpl.dispatchEvent (node_modules/jsdom/lib/jsdom/living/events/EventTarget-impl.js:104:17)
      at HTMLUnknownElement.dispatchEvent (node_modules/jsdom/lib/jsdom/living/generated/EventTarget.js:241:34)
      at Object.invokeGuardedCallbackDev (node_modules/react-dom/cjs/react-dom.development.js:4213:16)
      at invokeGuardedCallback (node_modules/react-dom/cjs/react-dom.development.js:4277:31)
      at beginWork$1 (node_modules/react-dom/cjs/react-dom.development.js:27490:7)
      at performUnitOfWork (node_modules/react-dom/cjs/react-dom.development.js:26599:12)
      at workLoopSync (node_modules/react-dom/cjs/react-dom.development.js:26505:5)
      at renderRootSync (node_modules/react-dom/cjs/react-dom.development.js:26473:7)
      at recoverFromConcurrentError (node_modules/react-dom/cjs/react-dom.development.js:25889:20)
      at performConcurrentWorkOnRoot (node_modules/react-dom/cjs/react-dom.development.js:25789:22)
      at flushActQueue (node_modules/react/cjs/react.development.js:2667:24)
      at act (node_modules/react/cjs/react.development.js:2582:11)
      at node_modules/@testing-library/react/dist/act-compat.js:46:25
      at renderRoot (node_modules/@testing-library/react/dist/pure.js:189:26)
      at render (node_modules/@testing-library/react/dist/pure.js:291:10)
      at Object.<anonymous> (src/app/forms/1099-div/Form1099Div.error-scenarios.integration.test.tsx:420:13)

    console.error
      The above error occurred in the <Form1099DivClient> component:
      
          at initialToken (/Users/ryan/Library/Mobile Documents/com~apple~CloudDocs/Documents/VSCode/Tax-App-Frontend/src/app/forms/1099-div/Form1099DivClient.tsx:69:3)
      
      Consider adding an error boundary to your tree to customize error handling behavior.
      Visit https://reactjs.org/link/error-boundaries to learn more about error boundaries.

      418 |         });
      419 |
    > 420 |       render(<Form1099DivClient initialToken={mockToken} />);
          |             ^
      421 |
      422 |       // Fill and submit
      423 |       const calendarYearInput = screen.getByLabelText(/Tax Year/i);

      at logCapturedError (node_modules/react-dom/cjs/react-dom.development.js:18704:23)
      at update.callback (node_modules/react-dom/cjs/react-dom.development.js:18737:5)
      at callCallback (node_modules/react-dom/cjs/react-dom.development.js:15036:12)
      at commitUpdateQueue (node_modules/react-dom/cjs/react-dom.development.js:15057:9)
      at commitLayoutEffectOnFiber (node_modules/react-dom/cjs/react-dom.development.js:23430:13)
      at commitLayoutMountEffects_complete (node_modules/react-dom/cjs/react-dom.development.js:24727:9)
      at commitLayoutEffects_begin (node_modules/react-dom/cjs/react-dom.development.js:24713:7)
      at commitLayoutEffects (node_modules/react-dom/cjs/react-dom.development.js:24651:3)
      at commitRootImpl (node_modules/react-dom/cjs/react-dom.development.js:26862:5)
      at commitRoot (node_modules/react-dom/cjs/react-dom.development.js:26721:5)
      at finishConcurrentRender (node_modules/react-dom/cjs/react-dom.development.js:25931:9)
      at performConcurrentWorkOnRoot (node_modules/react-dom/cjs/react-dom.development.js:25848:7)
      at flushActQueue (node_modules/react/cjs/react.development.js:2667:24)
      at act (node_modules/react/cjs/react.development.js:2582:11)
      at node_modules/@testing-library/react/dist/act-compat.js:46:25
      at renderRoot (node_modules/@testing-library/react/dist/pure.js:189:26)
      at render (node_modules/@testing-library/react/dist/pure.js:291:10)
      at Object.<anonymous> (src/app/forms/1099-div/Form1099Div.error-scenarios.integration.test.tsx:420:13)

    console.error
      Error: Uncaught [TypeError: (0 , _navigation.usePathname) is not a function]
          at reportException (/Users/ryan/Library/Mobile Documents/com~apple~CloudDocs/Documents/VSCode/Tax-App-Frontend/node_modules/jsdom/lib/jsdom/living/helpers/runtime-script-errors.js:66:24)
          at innerInvokeEventListeners (/Users/ryan/Library/Mobile Documents/com~apple~CloudDocs/Documents/VSCode/Tax-App-Frontend/node_modules/jsdom/lib/jsdom/living/events/EventTarget-impl.js:353:9)
          at invokeEventListeners (/Users/ryan/Library/Mobile Documents/com~apple~CloudDocs/Documents/VSCode/Tax-App-Frontend/node_modules/jsdom/lib/jsdom/living/events/EventTarget-impl.js:286:3)
          at HTMLUnknownElementImpl._dispatch (/Users/ryan/Library/Mobile Documents/com~apple~CloudDocs/Documents/VSCode/Tax-App-Frontend/node_modules/jsdom/lib/jsdom/living/events/EventTarget-impl.js:233:9)
          at HTMLUnknownElementImpl.dispatchEvent (/Users/ryan/Library/Mobile Documents/com~apple~CloudDocs/Documents/VSCode/Tax-App-Frontend/node_modules/jsdom/lib/jsdom/living/events/EventTarget-impl.js:104:17)
          at HTMLUnknownElement.dispatchEvent (/Users/ryan/Library/Mobile Documents/com~apple~CloudDocs/Documents/VSCode/Tax-App-Frontend/node_modules/jsdom/lib/jsdom/living/generated/EventTarget.js:241:34)
          at Object.invokeGuardedCallbackDev (/Users/ryan/Library/Mobile Documents/com~apple~CloudDocs/Documents/VSCode/Tax-App-Frontend/node_modules/react-dom/cjs/react-dom.development.js:4213:16)
          at invokeGuardedCallback (/Users/ryan/Library/Mobile Documents/com~apple~CloudDocs/Documents/VSCode/Tax-App-Frontend/node_modules/react-dom/cjs/react-dom.development.js:4277:31)
          at beginWork$1 (/Users/ryan/Library/Mobile Documents/com~apple~CloudDocs/Documents/VSCode/Tax-App-Frontend/node_modules/react-dom/cjs/react-dom.development.js:27490:7)
          at performUnitOfWork (/Users/ryan/Library/Mobile Documents/com~apple~CloudDocs/Documents/VSCode/Tax-App-Frontend/node_modules/react-dom/cjs/react-dom.development.js:26599:12)
          at workLoopSync (/Users/ryan/Library/Mobile Documents/com~apple~CloudDocs/Documents/VSCode/Tax-App-Frontend/node_modules/react-dom/cjs/react-dom.development.js:26505:5)
          at renderRootSync (/Users/ryan/Library/Mobile Documents/com~apple~CloudDocs/Documents/VSCode/Tax-App-Frontend/node_modules/react-dom/cjs/react-dom.development.js:26473:7)
          at performConcurrentWorkOnRoot (/Users/ryan/Library/Mobile Documents/com~apple~CloudDocs/Documents/VSCode/Tax-App-Frontend/node_modules/react-dom/cjs/react-dom.development.js:25777:74)
          at flushActQueue (/Users/ryan/Library/Mobile Documents/com~apple~CloudDocs/Documents/VSCode/Tax-App-Frontend/node_modules/react/cjs/react.development.js:2667:24)
          at act (/Users/ryan/Library/Mobile Documents/com~apple~CloudDocs/Documents/VSCode/Tax-App-Frontend/node_modules/react/cjs/react.development.js:2582:11)
          at /Users/ryan/Library/Mobile Documents/com~apple~CloudDocs/Documents/VSCode/Tax-App-Frontend/node_modules/@testing-library/react/dist/act-compat.js:46:25
          at renderRoot (/Users/ryan/Library/Mobile Documents/com~apple~CloudDocs/Documents/VSCode/Tax-App-Frontend/node_modules/@testing-library/react/dist/pure.js:189:26)
          at render (/Users/ryan/Library/Mobile Documents/com~apple~CloudDocs/Documents/VSCode/Tax-App-Frontend/node_modules/@testing-library/react/dist/pure.js:291:10)
          at Object.<anonymous> (/Users/ryan/Library/Mobile Documents/com~apple~CloudDocs/Documents/VSCode/Tax-App-Frontend/src/app/forms/1099-div/Form1099Div.error-scenarios.integration.test.tsx:453:13)
          at Promise.finally.completed (/Users/ryan/Library/Mobile Documents/com~apple~CloudDocs/Documents/VSCode/Tax-App-Frontend/node_modules/jest-circus/build/jestAdapterInit.js:1557:28)
          at new Promise (<anonymous>)
          at callAsyncCircusFn (/Users/ryan/Library/Mobile Documents/com~apple~CloudDocs/Documents/VSCode/Tax-App-Frontend/node_modules/jest-circus/build/jestAdapterInit.js:1497:10)
          at _callCircusTest (/Users/ryan/Library/Mobile Documents/com~apple~CloudDocs/Documents/VSCode/Tax-App-Frontend/node_modules/jest-circus/build/jestAdapterInit.js:1007:40)
          at processTicksAndRejections (node:internal/process/task_queues:95:5)
          at _runTest (/Users/ryan/Library/Mobile Documents/com~apple~CloudDocs/Documents/VSCode/Tax-App-Frontend/node_modules/jest-circus/build/jestAdapterInit.js:947:3)
          at /Users/ryan/Library/Mobile Documents/com~apple~CloudDocs/Documents/VSCode/Tax-App-Frontend/node_modules/jest-circus/build/jestAdapterInit.js:849:7
          at _runTestsForDescribeBlock (/Users/ryan/Library/Mobile Documents/com~apple~CloudDocs/Documents/VSCode/Tax-App-Frontend/node_modules/jest-circus/build/jestAdapterInit.js:862:11)
          at _runTestsForDescribeBlock (/Users/ryan/Library/Mobile Documents/com~apple~CloudDocs/Documents/VSCode/Tax-App-Frontend/node_modules/jest-circus/build/jestAdapterInit.js:857:11)
          at _runTestsForDescribeBlock (/Users/ryan/Library/Mobile Documents/com~apple~CloudDocs/Documents/VSCode/Tax-App-Frontend/node_modules/jest-circus/build/jestAdapterInit.js:857:11)
          at run (/Users/ryan/Library/Mobile Documents/com~apple~CloudDocs/Documents/VSCode/Tax-App-Frontend/node_modules/jest-circus/build/jestAdapterInit.js:761:3)
          at runAndTransformResultsToJestFormat (/Users/ryan/Library/Mobile Documents/com~apple~CloudDocs/Documents/VSCode/Tax-App-Frontend/node_modules/jest-circus/build/jestAdapterInit.js:1918:21)
          at jestAdapter (/Users/ryan/Library/Mobile Documents/com~apple~CloudDocs/Documents/VSCode/Tax-App-Frontend/node_modules/jest-circus/build/runner.js:101:19)
          at runTestInternal (/Users/ryan/Library/Mobile Documents/com~apple~CloudDocs/Documents/VSCode/Tax-App-Frontend/node_modules/jest-runner/build/testWorker.js:275:16)
          at runTest (/Users/ryan/Library/Mobile Documents/com~apple~CloudDocs/Documents/VSCode/Tax-App-Frontend/node_modules/jest-runner/build/testWorker.js:343:7)
          at Object.worker (/Users/ryan/Library/Mobile Documents/com~apple~CloudDocs/Documents/VSCode/Tax-App-Frontend/node_modules/jest-runner/build/testWorker.js:497:12) {
        detail: TypeError: (0 , _navigation.usePathname) is not a function
            at useForm1099Div (/Users/ryan/Library/Mobile Documents/com~apple~CloudDocs/Documents/VSCode/Tax-App-Frontend/src/hooks/useForm1099Div.ts:120:31)
            at Form1099DivClient (/Users/ryan/Library/Mobile Documents/com~apple~CloudDocs/Documents/VSCode/Tax-App-Frontend/src/app/forms/1099-div/Form1099DivClient.tsx:96:21)
            at renderWithHooks (/Users/ryan/Library/Mobile Documents/com~apple~CloudDocs/Documents/VSCode/Tax-App-Frontend/node_modules/react-dom/cjs/react-dom.development.js:15486:18)
            at mountIndeterminateComponent (/Users/ryan/Library/Mobile Documents/com~apple~CloudDocs/Documents/VSCode/Tax-App-Frontend/node_modules/react-dom/cjs/react-dom.development.js:20103:13)
            at beginWork (/Users/ryan/Library/Mobile Documents/com~apple~CloudDocs/Documents/VSCode/Tax-App-Frontend/node_modules/react-dom/cjs/react-dom.development.js:21626:16)
            at HTMLUnknownElement.callCallback (/Users/ryan/Library/Mobile Documents/com~apple~CloudDocs/Documents/VSCode/Tax-App-Frontend/node_modules/react-dom/cjs/react-dom.development.js:4164:14)
            at HTMLUnknownElement.callTheUserObjectsOperation (/Users/ryan/Library/Mobile Documents/com~apple~CloudDocs/Documents/VSCode/Tax-App-Frontend/node_modules/jsdom/lib/jsdom/living/generated/EventListener.js:26:30)
            at innerInvokeEventListeners (/Users/ryan/Library/Mobile Documents/com~apple~CloudDocs/Documents/VSCode/Tax-App-Frontend/node_modules/jsdom/lib/jsdom/living/events/EventTarget-impl.js:350:25)
            at invokeEventListeners (/Users/ryan/Library/Mobile Documents/com~apple~CloudDocs/Documents/VSCode/Tax-App-Frontend/node_modules/jsdom/lib/jsdom/living/events/EventTarget-impl.js:286:3)
            at HTMLUnknownElementImpl._dispatch (/Users/ryan/Library/Mobile Documents/com~apple~CloudDocs/Documents/VSCode/Tax-App-Frontend/node_modules/jsdom/lib/jsdom/living/events/EventTarget-impl.js:233:9)
            at HTMLUnknownElementImpl.dispatchEvent (/Users/ryan/Library/Mobile Documents/com~apple~CloudDocs/Documents/VSCode/Tax-App-Frontend/node_modules/jsdom/lib/jsdom/living/events/EventTarget-impl.js:104:17)
            at HTMLUnknownElement.dispatchEvent (/Users/ryan/Library/Mobile Documents/com~apple~CloudDocs/Documents/VSCode/Tax-App-Frontend/node_modules/jsdom/lib/jsdom/living/generated/EventTarget.js:241:34)
            at Object.invokeGuardedCallbackDev (/Users/ryan/Library/Mobile Documents/com~apple~CloudDocs/Documents/VSCode/Tax-App-Frontend/node_modules/react-dom/cjs/react-dom.development.js:4213:16)
            at invokeGuardedCallback (/Users/ryan/Library/Mobile Documents/com~apple~CloudDocs/Documents/VSCode/Tax-App-Frontend/node_modules/react-dom/cjs/react-dom.development.js:4277:31)
            at beginWork$1 (/Users/ryan/Library/Mobile Documents/com~apple~CloudDocs/Documents/VSCode/Tax-App-Frontend/node_modules/react-dom/cjs/react-dom.development.js:27490:7)
            at performUnitOfWork (/Users/ryan/Library/Mobile Documents/com~apple~CloudDocs/Documents/VSCode/Tax-App-Frontend/node_modules/react-dom/cjs/react-dom.development.js:26599:12)
            at workLoopSync (/Users/ryan/Library/Mobile Documents/com~apple~CloudDocs/Documents/VSCode/Tax-App-Frontend/node_modules/react-dom/cjs/react-dom.development.js:26505:5)
            at renderRootSync (/Users/ryan/Library/Mobile Documents/com~apple~CloudDocs/Documents/VSCode/Tax-App-Frontend/node_modules/react-dom/cjs/react-dom.development.js:26473:7)
            at performConcurrentWorkOnRoot (/Users/ryan/Library/Mobile Documents/com~apple~CloudDocs/Documents/VSCode/Tax-App-Frontend/node_modules/react-dom/cjs/react-dom.development.js:25777:74)
            at flushActQueue (/Users/ryan/Library/Mobile Documents/com~apple~CloudDocs/Documents/VSCode/Tax-App-Frontend/node_modules/react/cjs/react.development.js:2667:24)
            at act (/Users/ryan/Library/Mobile Documents/com~apple~CloudDocs/Documents/VSCode/Tax-App-Frontend/node_modules/react/cjs/react.development.js:2582:11)
            at /Users/ryan/Library/Mobile Documents/com~apple~CloudDocs/Documents/VSCode/Tax-App-Frontend/node_modules/@testing-library/react/dist/act-compat.js:46:25
            at renderRoot (/Users/ryan/Library/Mobile Documents/com~apple~CloudDocs/Documents/VSCode/Tax-App-Frontend/node_modules/@testing-library/react/dist/pure.js:189:26)
            at render (/Users/ryan/Library/Mobile Documents/com~apple~CloudDocs/Documents/VSCode/Tax-App-Frontend/node_modules/@testing-library/react/dist/pure.js:291:10)
            at Object.<anonymous> (/Users/ryan/Library/Mobile Documents/com~apple~CloudDocs/Documents/VSCode/Tax-App-Frontend/src/app/forms/1099-div/Form1099Div.error-scenarios.integration.test.tsx:453:13)
            at Promise.finally.completed (/Users/ryan/Library/Mobile Documents/com~apple~CloudDocs/Documents/VSCode/Tax-App-Frontend/node_modules/jest-circus/build/jestAdapterInit.js:1557:28)
            at new Promise (<anonymous>)
            at callAsyncCircusFn (/Users/ryan/Library/Mobile Documents/com~apple~CloudDocs/Documents/VSCode/Tax-App-Frontend/node_modules/jest-circus/build/jestAdapterInit.js:1497:10)
            at _callCircusTest (/Users/ryan/Library/Mobile Documents/com~apple~CloudDocs/Documents/VSCode/Tax-App-Frontend/node_modules/jest-circus/build/jestAdapterInit.js:1007:40)
            at processTicksAndRejections (node:internal/process/task_queues:95:5)
            at _runTest (/Users/ryan/Library/Mobile Documents/com~apple~CloudDocs/Documents/VSCode/Tax-App-Frontend/node_modules/jest-circus/build/jestAdapterInit.js:947:3)
            at /Users/ryan/Library/Mobile Documents/com~apple~CloudDocs/Documents/VSCode/Tax-App-Frontend/node_modules/jest-circus/build/jestAdapterInit.js:849:7
            at _runTestsForDescribeBlock (/Users/ryan/Library/Mobile Documents/com~apple~CloudDocs/Documents/VSCode/Tax-App-Frontend/node_modules/jest-circus/build/jestAdapterInit.js:862:11)
            at _runTestsForDescribeBlock (/Users/ryan/Library/Mobile Documents/com~apple~CloudDocs/Documents/VSCode/Tax-App-Frontend/node_modules/jest-circus/build/jestAdapterInit.js:857:11)
            at _runTestsForDescribeBlock (/Users/ryan/Library/Mobile Documents/com~apple~CloudDocs/Documents/VSCode/Tax-App-Frontend/node_modules/jest-circus/build/jestAdapterInit.js:857:11)
            at run (/Users/ryan/Library/Mobile Documents/com~apple~CloudDocs/Documents/VSCode/Tax-App-Frontend/node_modules/jest-circus/build/jestAdapterInit.js:761:3)
            at runAndTransformResultsToJestFormat (/Users/ryan/Library/Mobile Documents/com~apple~CloudDocs/Documents/VSCode/Tax-App-Frontend/node_modules/jest-circus/build/jestAdapterInit.js:1918:21)
            at jestAdapter (/Users/ryan/Library/Mobile Documents/com~apple~CloudDocs/Documents/VSCode/Tax-App-Frontend/node_modules/jest-circus/build/runner.js:101:19)
            at runTestInternal (/Users/ryan/Library/Mobile Documents/com~apple~CloudDocs/Documents/VSCode/Tax-App-Frontend/node_modules/jest-runner/build/testWorker.js:275:16)
            at runTest (/Users/ryan/Library/Mobile Documents/com~apple~CloudDocs/Documents/VSCode/Tax-App-Frontend/node_modules/jest-runner/build/testWorker.js:343:7)
            at Object.worker (/Users/ryan/Library/Mobile Documents/com~apple~CloudDocs/Documents/VSCode/Tax-App-Frontend/node_modules/jest-runner/build/testWorker.js:497:12),
        type: 'unhandled exception'
      }

      451 |       const user = userEvent.setup();
      452 |       
    > 453 |       render(<Form1099DivClient initialToken={null} />);
          |             ^
      454 |
      455 |       // Fill in valid data
      456 |       const calendarYearInput = screen.getByLabelText(/Tax Year/i);

      at VirtualConsole.<anonymous> (node_modules/@jest/environment-jsdom-abstract/build/index.js:87:23)
      at reportException (node_modules/jsdom/lib/jsdom/living/helpers/runtime-script-errors.js:70:28)
      at innerInvokeEventListeners (node_modules/jsdom/lib/jsdom/living/events/EventTarget-impl.js:353:9)
      at invokeEventListeners (node_modules/jsdom/lib/jsdom/living/events/EventTarget-impl.js:286:3)
      at HTMLUnknownElementImpl._dispatch (node_modules/jsdom/lib/jsdom/living/events/EventTarget-impl.js:233:9)
      at HTMLUnknownElementImpl.dispatchEvent (node_modules/jsdom/lib/jsdom/living/events/EventTarget-impl.js:104:17)
      at HTMLUnknownElement.dispatchEvent (node_modules/jsdom/lib/jsdom/living/generated/EventTarget.js:241:34)
      at Object.invokeGuardedCallbackDev (node_modules/react-dom/cjs/react-dom.development.js:4213:16)
      at invokeGuardedCallback (node_modules/react-dom/cjs/react-dom.development.js:4277:31)
      at beginWork$1 (node_modules/react-dom/cjs/react-dom.development.js:27490:7)
      at performUnitOfWork (node_modules/react-dom/cjs/react-dom.development.js:26599:12)
      at workLoopSync (node_modules/react-dom/cjs/react-dom.development.js:26505:5)
      at renderRootSync (node_modules/react-dom/cjs/react-dom.development.js:26473:7)
      at performConcurrentWorkOnRoot (node_modules/react-dom/cjs/react-dom.development.js:25777:74)
      at flushActQueue (node_modules/react/cjs/react.development.js:2667:24)
      at act (node_modules/react/cjs/react.development.js:2582:11)
      at node_modules/@testing-library/react/dist/act-compat.js:46:25
      at renderRoot (node_modules/@testing-library/react/dist/pure.js:189:26)
      at render (node_modules/@testing-library/react/dist/pure.js:291:10)
      at Object.<anonymous> (src/app/forms/1099-div/Form1099Div.error-scenarios.integration.test.tsx:453:13)

    console.error
      Error: Uncaught [TypeError: (0 , _navigation.usePathname) is not a function]
          at reportException (/Users/ryan/Library/Mobile Documents/com~apple~CloudDocs/Documents/VSCode/Tax-App-Frontend/node_modules/jsdom/lib/jsdom/living/helpers/runtime-script-errors.js:66:24)
          at innerInvokeEventListeners (/Users/ryan/Library/Mobile Documents/com~apple~CloudDocs/Documents/VSCode/Tax-App-Frontend/node_modules/jsdom/lib/jsdom/living/events/EventTarget-impl.js:353:9)
          at invokeEventListeners (/Users/ryan/Library/Mobile Documents/com~apple~CloudDocs/Documents/VSCode/Tax-App-Frontend/node_modules/jsdom/lib/jsdom/living/events/EventTarget-impl.js:286:3)
          at HTMLUnknownElementImpl._dispatch (/Users/ryan/Library/Mobile Documents/com~apple~CloudDocs/Documents/VSCode/Tax-App-Frontend/node_modules/jsdom/lib/jsdom/living/events/EventTarget-impl.js:233:9)
          at HTMLUnknownElementImpl.dispatchEvent (/Users/ryan/Library/Mobile Documents/com~apple~CloudDocs/Documents/VSCode/Tax-App-Frontend/node_modules/jsdom/lib/jsdom/living/events/EventTarget-impl.js:104:17)
          at HTMLUnknownElement.dispatchEvent (/Users/ryan/Library/Mobile Documents/com~apple~CloudDocs/Documents/VSCode/Tax-App-Frontend/node_modules/jsdom/lib/jsdom/living/generated/EventTarget.js:241:34)
          at Object.invokeGuardedCallbackDev (/Users/ryan/Library/Mobile Documents/com~apple~CloudDocs/Documents/VSCode/Tax-App-Frontend/node_modules/react-dom/cjs/react-dom.development.js:4213:16)
          at invokeGuardedCallback (/Users/ryan/Library/Mobile Documents/com~apple~CloudDocs/Documents/VSCode/Tax-App-Frontend/node_modules/react-dom/cjs/react-dom.development.js:4277:31)
          at beginWork$1 (/Users/ryan/Library/Mobile Documents/com~apple~CloudDocs/Documents/VSCode/Tax-App-Frontend/node_modules/react-dom/cjs/react-dom.development.js:27490:7)
          at performUnitOfWork (/Users/ryan/Library/Mobile Documents/com~apple~CloudDocs/Documents/VSCode/Tax-App-Frontend/node_modules/react-dom/cjs/react-dom.development.js:26599:12)
          at workLoopSync (/Users/ryan/Library/Mobile Documents/com~apple~CloudDocs/Documents/VSCode/Tax-App-Frontend/node_modules/react-dom/cjs/react-dom.development.js:26505:5)
          at renderRootSync (/Users/ryan/Library/Mobile Documents/com~apple~CloudDocs/Documents/VSCode/Tax-App-Frontend/node_modules/react-dom/cjs/react-dom.development.js:26473:7)
          at recoverFromConcurrentError (/Users/ryan/Library/Mobile Documents/com~apple~CloudDocs/Documents/VSCode/Tax-App-Frontend/node_modules/react-dom/cjs/react-dom.development.js:25889:20)
          at performConcurrentWorkOnRoot (/Users/ryan/Library/Mobile Documents/com~apple~CloudDocs/Documents/VSCode/Tax-App-Frontend/node_modules/react-dom/cjs/react-dom.development.js:25789:22)
          at flushActQueue (/Users/ryan/Library/Mobile Documents/com~apple~CloudDocs/Documents/VSCode/Tax-App-Frontend/node_modules/react/cjs/react.development.js:2667:24)
          at act (/Users/ryan/Library/Mobile Documents/com~apple~CloudDocs/Documents/VSCode/Tax-App-Frontend/node_modules/react/cjs/react.development.js:2582:11)
          at /Users/ryan/Library/Mobile Documents/com~apple~CloudDocs/Documents/VSCode/Tax-App-Frontend/node_modules/@testing-library/react/dist/act-compat.js:46:25
          at renderRoot (/Users/ryan/Library/Mobile Documents/com~apple~CloudDocs/Documents/VSCode/Tax-App-Frontend/node_modules/@testing-library/react/dist/pure.js:189:26)
          at render (/Users/ryan/Library/Mobile Documents/com~apple~CloudDocs/Documents/VSCode/Tax-App-Frontend/node_modules/@testing-library/react/dist/pure.js:291:10)
          at Object.<anonymous> (/Users/ryan/Library/Mobile Documents/com~apple~CloudDocs/Documents/VSCode/Tax-App-Frontend/src/app/forms/1099-div/Form1099Div.error-scenarios.integration.test.tsx:453:13)
          at Promise.finally.completed (/Users/ryan/Library/Mobile Documents/com~apple~CloudDocs/Documents/VSCode/Tax-App-Frontend/node_modules/jest-circus/build/jestAdapterInit.js:1557:28)
          at new Promise (<anonymous>)
          at callAsyncCircusFn (/Users/ryan/Library/Mobile Documents/com~apple~CloudDocs/Documents/VSCode/Tax-App-Frontend/node_modules/jest-circus/build/jestAdapterInit.js:1497:10)
          at _callCircusTest (/Users/ryan/Library/Mobile Documents/com~apple~CloudDocs/Documents/VSCode/Tax-App-Frontend/node_modules/jest-circus/build/jestAdapterInit.js:1007:40)
          at processTicksAndRejections (node:internal/process/task_queues:95:5)
          at _runTest (/Users/ryan/Library/Mobile Documents/com~apple~CloudDocs/Documents/VSCode/Tax-App-Frontend/node_modules/jest-circus/build/jestAdapterInit.js:947:3)
          at /Users/ryan/Library/Mobile Documents/com~apple~CloudDocs/Documents/VSCode/Tax-App-Frontend/node_modules/jest-circus/build/jestAdapterInit.js:849:7
          at _runTestsForDescribeBlock (/Users/ryan/Library/Mobile Documents/com~apple~CloudDocs/Documents/VSCode/Tax-App-Frontend/node_modules/jest-circus/build/jestAdapterInit.js:862:11)
          at _runTestsForDescribeBlock (/Users/ryan/Library/Mobile Documents/com~apple~CloudDocs/Documents/VSCode/Tax-App-Frontend/node_modules/jest-circus/build/jestAdapterInit.js:857:11)
          at _runTestsForDescribeBlock (/Users/ryan/Library/Mobile Documents/com~apple~CloudDocs/Documents/VSCode/Tax-App-Frontend/node_modules/jest-circus/build/jestAdapterInit.js:857:11)
          at run (/Users/ryan/Library/Mobile Documents/com~apple~CloudDocs/Documents/VSCode/Tax-App-Frontend/node_modules/jest-circus/build/jestAdapterInit.js:761:3)
          at runAndTransformResultsToJestFormat (/Users/ryan/Library/Mobile Documents/com~apple~CloudDocs/Documents/VSCode/Tax-App-Frontend/node_modules/jest-circus/build/jestAdapterInit.js:1918:21)
          at jestAdapter (/Users/ryan/Library/Mobile Documents/com~apple~CloudDocs/Documents/VSCode/Tax-App-Frontend/node_modules/jest-circus/build/runner.js:101:19)
          at runTestInternal (/Users/ryan/Library/Mobile Documents/com~apple~CloudDocs/Documents/VSCode/Tax-App-Frontend/node_modules/jest-runner/build/testWorker.js:275:16)
          at runTest (/Users/ryan/Library/Mobile Documents/com~apple~CloudDocs/Documents/VSCode/Tax-App-Frontend/node_modules/jest-runner/build/testWorker.js:343:7)
          at Object.worker (/Users/ryan/Library/Mobile Documents/com~apple~CloudDocs/Documents/VSCode/Tax-App-Frontend/node_modules/jest-runner/build/testWorker.js:497:12) {
        detail: TypeError: (0 , _navigation.usePathname) is not a function
            at useForm1099Div (/Users/ryan/Library/Mobile Documents/com~apple~CloudDocs/Documents/VSCode/Tax-App-Frontend/src/hooks/useForm1099Div.ts:120:31)
            at Form1099DivClient (/Users/ryan/Library/Mobile Documents/com~apple~CloudDocs/Documents/VSCode/Tax-App-Frontend/src/app/forms/1099-div/Form1099DivClient.tsx:96:21)
            at renderWithHooks (/Users/ryan/Library/Mobile Documents/com~apple~CloudDocs/Documents/VSCode/Tax-App-Frontend/node_modules/react-dom/cjs/react-dom.development.js:15486:18)
            at mountIndeterminateComponent (/Users/ryan/Library/Mobile Documents/com~apple~CloudDocs/Documents/VSCode/Tax-App-Frontend/node_modules/react-dom/cjs/react-dom.development.js:20103:13)
            at beginWork (/Users/ryan/Library/Mobile Documents/com~apple~CloudDocs/Documents/VSCode/Tax-App-Frontend/node_modules/react-dom/cjs/react-dom.development.js:21626:16)
            at HTMLUnknownElement.callCallback (/Users/ryan/Library/Mobile Documents/com~apple~CloudDocs/Documents/VSCode/Tax-App-Frontend/node_modules/react-dom/cjs/react-dom.development.js:4164:14)
            at HTMLUnknownElement.callTheUserObjectsOperation (/Users/ryan/Library/Mobile Documents/com~apple~CloudDocs/Documents/VSCode/Tax-App-Frontend/node_modules/jsdom/lib/jsdom/living/generated/EventListener.js:26:30)
            at innerInvokeEventListeners (/Users/ryan/Library/Mobile Documents/com~apple~CloudDocs/Documents/VSCode/Tax-App-Frontend/node_modules/jsdom/lib/jsdom/living/events/EventTarget-impl.js:350:25)
            at invokeEventListeners (/Users/ryan/Library/Mobile Documents/com~apple~CloudDocs/Documents/VSCode/Tax-App-Frontend/node_modules/jsdom/lib/jsdom/living/events/EventTarget-impl.js:286:3)
            at HTMLUnknownElementImpl._dispatch (/Users/ryan/Library/Mobile Documents/com~apple~CloudDocs/Documents/VSCode/Tax-App-Frontend/node_modules/jsdom/lib/jsdom/living/events/EventTarget-impl.js:233:9)
            at HTMLUnknownElementImpl.dispatchEvent (/Users/ryan/Library/Mobile Documents/com~apple~CloudDocs/Documents/VSCode/Tax-App-Frontend/node_modules/jsdom/lib/jsdom/living/events/EventTarget-impl.js:104:17)
            at HTMLUnknownElement.dispatchEvent (/Users/ryan/Library/Mobile Documents/com~apple~CloudDocs/Documents/VSCode/Tax-App-Frontend/node_modules/jsdom/lib/jsdom/living/generated/EventTarget.js:241:34)
            at Object.invokeGuardedCallbackDev (/Users/ryan/Library/Mobile Documents/com~apple~CloudDocs/Documents/VSCode/Tax-App-Frontend/node_modules/react-dom/cjs/react-dom.development.js:4213:16)
            at invokeGuardedCallback (/Users/ryan/Library/Mobile Documents/com~apple~CloudDocs/Documents/VSCode/Tax-App-Frontend/node_modules/react-dom/cjs/react-dom.development.js:4277:31)
            at beginWork$1 (/Users/ryan/Library/Mobile Documents/com~apple~CloudDocs/Documents/VSCode/Tax-App-Frontend/node_modules/react-dom/cjs/react-dom.development.js:27490:7)
            at performUnitOfWork (/Users/ryan/Library/Mobile Documents/com~apple~CloudDocs/Documents/VSCode/Tax-App-Frontend/node_modules/react-dom/cjs/react-dom.development.js:26599:12)
            at workLoopSync (/Users/ryan/Library/Mobile Documents/com~apple~CloudDocs/Documents/VSCode/Tax-App-Frontend/node_modules/react-dom/cjs/react-dom.development.js:26505:5)
            at renderRootSync (/Users/ryan/Library/Mobile Documents/com~apple~CloudDocs/Documents/VSCode/Tax-App-Frontend/node_modules/react-dom/cjs/react-dom.development.js:26473:7)
            at recoverFromConcurrentError (/Users/ryan/Library/Mobile Documents/com~apple~CloudDocs/Documents/VSCode/Tax-App-Frontend/node_modules/react-dom/cjs/react-dom.development.js:25889:20)
            at performConcurrentWorkOnRoot (/Users/ryan/Library/Mobile Documents/com~apple~CloudDocs/Documents/VSCode/Tax-App-Frontend/node_modules/react-dom/cjs/react-dom.development.js:25789:22)
            at flushActQueue (/Users/ryan/Library/Mobile Documents/com~apple~CloudDocs/Documents/VSCode/Tax-App-Frontend/node_modules/react/cjs/react.development.js:2667:24)
            at act (/Users/ryan/Library/Mobile Documents/com~apple~CloudDocs/Documents/VSCode/Tax-App-Frontend/node_modules/react/cjs/react.development.js:2582:11)
            at /Users/ryan/Library/Mobile Documents/com~apple~CloudDocs/Documents/VSCode/Tax-App-Frontend/node_modules/@testing-library/react/dist/act-compat.js:46:25
            at renderRoot (/Users/ryan/Library/Mobile Documents/com~apple~CloudDocs/Documents/VSCode/Tax-App-Frontend/node_modules/@testing-library/react/dist/pure.js:189:26)
            at render (/Users/ryan/Library/Mobile Documents/com~apple~CloudDocs/Documents/VSCode/Tax-App-Frontend/node_modules/@testing-library/react/dist/pure.js:291:10)
            at Object.<anonymous> (/Users/ryan/Library/Mobile Documents/com~apple~CloudDocs/Documents/VSCode/Tax-App-Frontend/src/app/forms/1099-div/Form1099Div.error-scenarios.integration.test.tsx:453:13)
            at Promise.finally.completed (/Users/ryan/Library/Mobile Documents/com~apple~CloudDocs/Documents/VSCode/Tax-App-Frontend/node_modules/jest-circus/build/jestAdapterInit.js:1557:28)
            at new Promise (<anonymous>)
            at callAsyncCircusFn (/Users/ryan/Library/Mobile Documents/com~apple~CloudDocs/Documents/VSCode/Tax-App-Frontend/node_modules/jest-circus/build/jestAdapterInit.js:1497:10)
            at _callCircusTest (/Users/ryan/Library/Mobile Documents/com~apple~CloudDocs/Documents/VSCode/Tax-App-Frontend/node_modules/jest-circus/build/jestAdapterInit.js:1007:40)
            at processTicksAndRejections (node:internal/process/task_queues:95:5)
            at _runTest (/Users/ryan/Library/Mobile Documents/com~apple~CloudDocs/Documents/VSCode/Tax-App-Frontend/node_modules/jest-circus/build/jestAdapterInit.js:947:3)
            at /Users/ryan/Library/Mobile Documents/com~apple~CloudDocs/Documents/VSCode/Tax-App-Frontend/node_modules/jest-circus/build/jestAdapterInit.js:849:7
            at _runTestsForDescribeBlock (/Users/ryan/Library/Mobile Documents/com~apple~CloudDocs/Documents/VSCode/Tax-App-Frontend/node_modules/jest-circus/build/jestAdapterInit.js:862:11)
            at _runTestsForDescribeBlock (/Users/ryan/Library/Mobile Documents/com~apple~CloudDocs/Documents/VSCode/Tax-App-Frontend/node_modules/jest-circus/build/jestAdapterInit.js:857:11)
            at _runTestsForDescribeBlock (/Users/ryan/Library/Mobile Documents/com~apple~CloudDocs/Documents/VSCode/Tax-App-Frontend/node_modules/jest-circus/build/jestAdapterInit.js:857:11)
            at run (/Users/ryan/Library/Mobile Documents/com~apple~CloudDocs/Documents/VSCode/Tax-App-Frontend/node_modules/jest-circus/build/jestAdapterInit.js:761:3)
            at runAndTransformResultsToJestFormat (/Users/ryan/Library/Mobile Documents/com~apple~CloudDocs/Documents/VSCode/Tax-App-Frontend/node_modules/jest-circus/build/jestAdapterInit.js:1918:21)
            at jestAdapter (/Users/ryan/Library/Mobile Documents/com~apple~CloudDocs/Documents/VSCode/Tax-App-Frontend/node_modules/jest-circus/build/runner.js:101:19)
            at runTestInternal (/Users/ryan/Library/Mobile Documents/com~apple~CloudDocs/Documents/VSCode/Tax-App-Frontend/node_modules/jest-runner/build/testWorker.js:275:16)
            at runTest (/Users/ryan/Library/Mobile Documents/com~apple~CloudDocs/Documents/VSCode/Tax-App-Frontend/node_modules/jest-runner/build/testWorker.js:343:7)
            at Object.worker (/Users/ryan/Library/Mobile Documents/com~apple~CloudDocs/Documents/VSCode/Tax-App-Frontend/node_modules/jest-runner/build/testWorker.js:497:12),
        type: 'unhandled exception'
      }

      451 |       const user = userEvent.setup();
      452 |       
    > 453 |       render(<Form1099DivClient initialToken={null} />);
          |             ^
      454 |
      455 |       // Fill in valid data
      456 |       const calendarYearInput = screen.getByLabelText(/Tax Year/i);

      at VirtualConsole.<anonymous> (node_modules/@jest/environment-jsdom-abstract/build/index.js:87:23)
      at reportException (node_modules/jsdom/lib/jsdom/living/helpers/runtime-script-errors.js:70:28)
      at innerInvokeEventListeners (node_modules/jsdom/lib/jsdom/living/events/EventTarget-impl.js:353:9)
      at invokeEventListeners (node_modules/jsdom/lib/jsdom/living/events/EventTarget-impl.js:286:3)
      at HTMLUnknownElementImpl._dispatch (node_modules/jsdom/lib/jsdom/living/events/EventTarget-impl.js:233:9)
      at HTMLUnknownElementImpl.dispatchEvent (node_modules/jsdom/lib/jsdom/living/events/EventTarget-impl.js:104:17)
      at HTMLUnknownElement.dispatchEvent (node_modules/jsdom/lib/jsdom/living/generated/EventTarget.js:241:34)
      at Object.invokeGuardedCallbackDev (node_modules/react-dom/cjs/react-dom.development.js:4213:16)
      at invokeGuardedCallback (node_modules/react-dom/cjs/react-dom.development.js:4277:31)
      at beginWork$1 (node_modules/react-dom/cjs/react-dom.development.js:27490:7)
      at performUnitOfWork (node_modules/react-dom/cjs/react-dom.development.js:26599:12)
      at workLoopSync (node_modules/react-dom/cjs/react-dom.development.js:26505:5)
      at renderRootSync (node_modules/react-dom/cjs/react-dom.development.js:26473:7)
      at recoverFromConcurrentError (node_modules/react-dom/cjs/react-dom.development.js:25889:20)
      at performConcurrentWorkOnRoot (node_modules/react-dom/cjs/react-dom.development.js:25789:22)
      at flushActQueue (node_modules/react/cjs/react.development.js:2667:24)
      at act (node_modules/react/cjs/react.development.js:2582:11)
      at node_modules/@testing-library/react/dist/act-compat.js:46:25
      at renderRoot (node_modules/@testing-library/react/dist/pure.js:189:26)
      at render (node_modules/@testing-library/react/dist/pure.js:291:10)
      at Object.<anonymous> (src/app/forms/1099-div/Form1099Div.error-scenarios.integration.test.tsx:453:13)

    console.error
      The above error occurred in the <Form1099DivClient> component:
      
          at initialToken (/Users/ryan/Library/Mobile Documents/com~apple~CloudDocs/Documents/VSCode/Tax-App-Frontend/src/app/forms/1099-div/Form1099DivClient.tsx:69:3)
      
      Consider adding an error boundary to your tree to customize error handling behavior.
      Visit https://reactjs.org/link/error-boundaries to learn more about error boundaries.

      451 |       const user = userEvent.setup();
      452 |       
    > 453 |       render(<Form1099DivClient initialToken={null} />);
          |             ^
      454 |
      455 |       // Fill in valid data
      456 |       const calendarYearInput = screen.getByLabelText(/Tax Year/i);

      at logCapturedError (node_modules/react-dom/cjs/react-dom.development.js:18704:23)
      at update.callback (node_modules/react-dom/cjs/react-dom.development.js:18737:5)
      at callCallback (node_modules/react-dom/cjs/react-dom.development.js:15036:12)
      at commitUpdateQueue (node_modules/react-dom/cjs/react-dom.development.js:15057:9)
      at commitLayoutEffectOnFiber (node_modules/react-dom/cjs/react-dom.development.js:23430:13)
      at commitLayoutMountEffects_complete (node_modules/react-dom/cjs/react-dom.development.js:24727:9)
      at commitLayoutEffects_begin (node_modules/react-dom/cjs/react-dom.development.js:24713:7)
      at commitLayoutEffects (node_modules/react-dom/cjs/react-dom.development.js:24651:3)
      at commitRootImpl (node_modules/react-dom/cjs/react-dom.development.js:26862:5)
      at commitRoot (node_modules/react-dom/cjs/react-dom.development.js:26721:5)
      at finishConcurrentRender (node_modules/react-dom/cjs/react-dom.development.js:25931:9)
      at performConcurrentWorkOnRoot (node_modules/react-dom/cjs/react-dom.development.js:25848:7)
      at flushActQueue (node_modules/react/cjs/react.development.js:2667:24)
      at act (node_modules/react/cjs/react.development.js:2582:11)
      at node_modules/@testing-library/react/dist/act-compat.js:46:25
      at renderRoot (node_modules/@testing-library/react/dist/pure.js:189:26)
      at render (node_modules/@testing-library/react/dist/pure.js:291:10)
      at Object.<anonymous> (src/app/forms/1099-div/Form1099Div.error-scenarios.integration.test.tsx:453:13)

    console.error
      Error: Uncaught [TypeError: (0 , _navigation.usePathname) is not a function]
          at reportException (/Users/ryan/Library/Mobile Documents/com~apple~CloudDocs/Documents/VSCode/Tax-App-Frontend/node_modules/jsdom/lib/jsdom/living/helpers/runtime-script-errors.js:66:24)
          at innerInvokeEventListeners (/Users/ryan/Library/Mobile Documents/com~apple~CloudDocs/Documents/VSCode/Tax-App-Frontend/node_modules/jsdom/lib/jsdom/living/events/EventTarget-impl.js:353:9)
          at invokeEventListeners (/Users/ryan/Library/Mobile Documents/com~apple~CloudDocs/Documents/VSCode/Tax-App-Frontend/node_modules/jsdom/lib/jsdom/living/events/EventTarget-impl.js:286:3)
          at HTMLUnknownElementImpl._dispatch (/Users/ryan/Library/Mobile Documents/com~apple~CloudDocs/Documents/VSCode/Tax-App-Frontend/node_modules/jsdom/lib/jsdom/living/events/EventTarget-impl.js:233:9)
          at HTMLUnknownElementImpl.dispatchEvent (/Users/ryan/Library/Mobile Documents/com~apple~CloudDocs/Documents/VSCode/Tax-App-Frontend/node_modules/jsdom/lib/jsdom/living/events/EventTarget-impl.js:104:17)
          at HTMLUnknownElement.dispatchEvent (/Users/ryan/Library/Mobile Documents/com~apple~CloudDocs/Documents/VSCode/Tax-App-Frontend/node_modules/jsdom/lib/jsdom/living/generated/EventTarget.js:241:34)
          at Object.invokeGuardedCallbackDev (/Users/ryan/Library/Mobile Documents/com~apple~CloudDocs/Documents/VSCode/Tax-App-Frontend/node_modules/react-dom/cjs/react-dom.development.js:4213:16)
          at invokeGuardedCallback (/Users/ryan/Library/Mobile Documents/com~apple~CloudDocs/Documents/VSCode/Tax-App-Frontend/node_modules/react-dom/cjs/react-dom.development.js:4277:31)
          at beginWork$1 (/Users/ryan/Library/Mobile Documents/com~apple~CloudDocs/Documents/VSCode/Tax-App-Frontend/node_modules/react-dom/cjs/react-dom.development.js:27490:7)
          at performUnitOfWork (/Users/ryan/Library/Mobile Documents/com~apple~CloudDocs/Documents/VSCode/Tax-App-Frontend/node_modules/react-dom/cjs/react-dom.development.js:26599:12)
          at workLoopSync (/Users/ryan/Library/Mobile Documents/com~apple~CloudDocs/Documents/VSCode/Tax-App-Frontend/node_modules/react-dom/cjs/react-dom.development.js:26505:5)
          at renderRootSync (/Users/ryan/Library/Mobile Documents/com~apple~CloudDocs/Documents/VSCode/Tax-App-Frontend/node_modules/react-dom/cjs/react-dom.development.js:26473:7)
          at performConcurrentWorkOnRoot (/Users/ryan/Library/Mobile Documents/com~apple~CloudDocs/Documents/VSCode/Tax-App-Frontend/node_modules/react-dom/cjs/react-dom.development.js:25777:74)
          at flushActQueue (/Users/ryan/Library/Mobile Documents/com~apple~CloudDocs/Documents/VSCode/Tax-App-Frontend/node_modules/react/cjs/react.development.js:2667:24)
          at act (/Users/ryan/Library/Mobile Documents/com~apple~CloudDocs/Documents/VSCode/Tax-App-Frontend/node_modules/react/cjs/react.development.js:2582:11)
          at /Users/ryan/Library/Mobile Documents/com~apple~CloudDocs/Documents/VSCode/Tax-App-Frontend/node_modules/@testing-library/react/dist/act-compat.js:46:25
          at renderRoot (/Users/ryan/Library/Mobile Documents/com~apple~CloudDocs/Documents/VSCode/Tax-App-Frontend/node_modules/@testing-library/react/dist/pure.js:189:26)
          at render (/Users/ryan/Library/Mobile Documents/com~apple~CloudDocs/Documents/VSCode/Tax-App-Frontend/node_modules/@testing-library/react/dist/pure.js:291:10)
          at Object.<anonymous> (/Users/ryan/Library/Mobile Documents/com~apple~CloudDocs/Documents/VSCode/Tax-App-Frontend/src/app/forms/1099-div/Form1099Div.error-scenarios.integration.test.tsx:486:13)
          at Promise.finally.completed (/Users/ryan/Library/Mobile Documents/com~apple~CloudDocs/Documents/VSCode/Tax-App-Frontend/node_modules/jest-circus/build/jestAdapterInit.js:1557:28)
          at new Promise (<anonymous>)
          at callAsyncCircusFn (/Users/ryan/Library/Mobile Documents/com~apple~CloudDocs/Documents/VSCode/Tax-App-Frontend/node_modules/jest-circus/build/jestAdapterInit.js:1497:10)
          at _callCircusTest (/Users/ryan/Library/Mobile Documents/com~apple~CloudDocs/Documents/VSCode/Tax-App-Frontend/node_modules/jest-circus/build/jestAdapterInit.js:1007:40)
          at processTicksAndRejections (node:internal/process/task_queues:95:5)
          at _runTest (/Users/ryan/Library/Mobile Documents/com~apple~CloudDocs/Documents/VSCode/Tax-App-Frontend/node_modules/jest-circus/build/jestAdapterInit.js:947:3)
          at /Users/ryan/Library/Mobile Documents/com~apple~CloudDocs/Documents/VSCode/Tax-App-Frontend/node_modules/jest-circus/build/jestAdapterInit.js:849:7
          at _runTestsForDescribeBlock (/Users/ryan/Library/Mobile Documents/com~apple~CloudDocs/Documents/VSCode/Tax-App-Frontend/node_modules/jest-circus/build/jestAdapterInit.js:862:11)
          at _runTestsForDescribeBlock (/Users/ryan/Library/Mobile Documents/com~apple~CloudDocs/Documents/VSCode/Tax-App-Frontend/node_modules/jest-circus/build/jestAdapterInit.js:857:11)
          at _runTestsForDescribeBlock (/Users/ryan/Library/Mobile Documents/com~apple~CloudDocs/Documents/VSCode/Tax-App-Frontend/node_modules/jest-circus/build/jestAdapterInit.js:857:11)
          at run (/Users/ryan/Library/Mobile Documents/com~apple~CloudDocs/Documents/VSCode/Tax-App-Frontend/node_modules/jest-circus/build/jestAdapterInit.js:761:3)
          at runAndTransformResultsToJestFormat (/Users/ryan/Library/Mobile Documents/com~apple~CloudDocs/Documents/VSCode/Tax-App-Frontend/node_modules/jest-circus/build/jestAdapterInit.js:1918:21)
          at jestAdapter (/Users/ryan/Library/Mobile Documents/com~apple~CloudDocs/Documents/VSCode/Tax-App-Frontend/node_modules/jest-circus/build/runner.js:101:19)
          at runTestInternal (/Users/ryan/Library/Mobile Documents/com~apple~CloudDocs/Documents/VSCode/Tax-App-Frontend/node_modules/jest-runner/build/testWorker.js:275:16)
          at runTest (/Users/ryan/Library/Mobile Documents/com~apple~CloudDocs/Documents/VSCode/Tax-App-Frontend/node_modules/jest-runner/build/testWorker.js:343:7)
          at Object.worker (/Users/ryan/Library/Mobile Documents/com~apple~CloudDocs/Documents/VSCode/Tax-App-Frontend/node_modules/jest-runner/build/testWorker.js:497:12) {
        detail: TypeError: (0 , _navigation.usePathname) is not a function
            at useForm1099Div (/Users/ryan/Library/Mobile Documents/com~apple~CloudDocs/Documents/VSCode/Tax-App-Frontend/src/hooks/useForm1099Div.ts:120:31)
            at Form1099DivClient (/Users/ryan/Library/Mobile Documents/com~apple~CloudDocs/Documents/VSCode/Tax-App-Frontend/src/app/forms/1099-div/Form1099DivClient.tsx:96:21)
            at renderWithHooks (/Users/ryan/Library/Mobile Documents/com~apple~CloudDocs/Documents/VSCode/Tax-App-Frontend/node_modules/react-dom/cjs/react-dom.development.js:15486:18)
            at mountIndeterminateComponent (/Users/ryan/Library/Mobile Documents/com~apple~CloudDocs/Documents/VSCode/Tax-App-Frontend/node_modules/react-dom/cjs/react-dom.development.js:20103:13)
            at beginWork (/Users/ryan/Library/Mobile Documents/com~apple~CloudDocs/Documents/VSCode/Tax-App-Frontend/node_modules/react-dom/cjs/react-dom.development.js:21626:16)
            at HTMLUnknownElement.callCallback (/Users/ryan/Library/Mobile Documents/com~apple~CloudDocs/Documents/VSCode/Tax-App-Frontend/node_modules/react-dom/cjs/react-dom.development.js:4164:14)
            at HTMLUnknownElement.callTheUserObjectsOperation (/Users/ryan/Library/Mobile Documents/com~apple~CloudDocs/Documents/VSCode/Tax-App-Frontend/node_modules/jsdom/lib/jsdom/living/generated/EventListener.js:26:30)
            at innerInvokeEventListeners (/Users/ryan/Library/Mobile Documents/com~apple~CloudDocs/Documents/VSCode/Tax-App-Frontend/node_modules/jsdom/lib/jsdom/living/events/EventTarget-impl.js:350:25)
            at invokeEventListeners (/Users/ryan/Library/Mobile Documents/com~apple~CloudDocs/Documents/VSCode/Tax-App-Frontend/node_modules/jsdom/lib/jsdom/living/events/EventTarget-impl.js:286:3)
            at HTMLUnknownElementImpl._dispatch (/Users/ryan/Library/Mobile Documents/com~apple~CloudDocs/Documents/VSCode/Tax-App-Frontend/node_modules/jsdom/lib/jsdom/living/events/EventTarget-impl.js:233:9)
            at HTMLUnknownElementImpl.dispatchEvent (/Users/ryan/Library/Mobile Documents/com~apple~CloudDocs/Documents/VSCode/Tax-App-Frontend/node_modules/jsdom/lib/jsdom/living/events/EventTarget-impl.js:104:17)
            at HTMLUnknownElement.dispatchEvent (/Users/ryan/Library/Mobile Documents/com~apple~CloudDocs/Documents/VSCode/Tax-App-Frontend/node_modules/jsdom/lib/jsdom/living/generated/EventTarget.js:241:34)
            at Object.invokeGuardedCallbackDev (/Users/ryan/Library/Mobile Documents/com~apple~CloudDocs/Documents/VSCode/Tax-App-Frontend/node_modules/react-dom/cjs/react-dom.development.js:4213:16)
            at invokeGuardedCallback (/Users/ryan/Library/Mobile Documents/com~apple~CloudDocs/Documents/VSCode/Tax-App-Frontend/node_modules/react-dom/cjs/react-dom.development.js:4277:31)
            at beginWork$1 (/Users/ryan/Library/Mobile Documents/com~apple~CloudDocs/Documents/VSCode/Tax-App-Frontend/node_modules/react-dom/cjs/react-dom.development.js:27490:7)
            at performUnitOfWork (/Users/ryan/Library/Mobile Documents/com~apple~CloudDocs/Documents/VSCode/Tax-App-Frontend/node_modules/react-dom/cjs/react-dom.development.js:26599:12)
            at workLoopSync (/Users/ryan/Library/Mobile Documents/com~apple~CloudDocs/Documents/VSCode/Tax-App-Frontend/node_modules/react-dom/cjs/react-dom.development.js:26505:5)
            at renderRootSync (/Users/ryan/Library/Mobile Documents/com~apple~CloudDocs/Documents/VSCode/Tax-App-Frontend/node_modules/react-dom/cjs/react-dom.development.js:26473:7)
            at performConcurrentWorkOnRoot (/Users/ryan/Library/Mobile Documents/com~apple~CloudDocs/Documents/VSCode/Tax-App-Frontend/node_modules/react-dom/cjs/react-dom.development.js:25777:74)
            at flushActQueue (/Users/ryan/Library/Mobile Documents/com~apple~CloudDocs/Documents/VSCode/Tax-App-Frontend/node_modules/react/cjs/react.development.js:2667:24)
            at act (/Users/ryan/Library/Mobile Documents/com~apple~CloudDocs/Documents/VSCode/Tax-App-Frontend/node_modules/react/cjs/react.development.js:2582:11)
            at /Users/ryan/Library/Mobile Documents/com~apple~CloudDocs/Documents/VSCode/Tax-App-Frontend/node_modules/@testing-library/react/dist/act-compat.js:46:25
            at renderRoot (/Users/ryan/Library/Mobile Documents/com~apple~CloudDocs/Documents/VSCode/Tax-App-Frontend/node_modules/@testing-library/react/dist/pure.js:189:26)
            at render (/Users/ryan/Library/Mobile Documents/com~apple~CloudDocs/Documents/VSCode/Tax-App-Frontend/node_modules/@testing-library/react/dist/pure.js:291:10)
            at Object.<anonymous> (/Users/ryan/Library/Mobile Documents/com~apple~CloudDocs/Documents/VSCode/Tax-App-Frontend/src/app/forms/1099-div/Form1099Div.error-scenarios.integration.test.tsx:486:13)
            at Promise.finally.completed (/Users/ryan/Library/Mobile Documents/com~apple~CloudDocs/Documents/VSCode/Tax-App-Frontend/node_modules/jest-circus/build/jestAdapterInit.js:1557:28)
            at new Promise (<anonymous>)
            at callAsyncCircusFn (/Users/ryan/Library/Mobile Documents/com~apple~CloudDocs/Documents/VSCode/Tax-App-Frontend/node_modules/jest-circus/build/jestAdapterInit.js:1497:10)
            at _callCircusTest (/Users/ryan/Library/Mobile Documents/com~apple~CloudDocs/Documents/VSCode/Tax-App-Frontend/node_modules/jest-circus/build/jestAdapterInit.js:1007:40)
            at processTicksAndRejections (node:internal/process/task_queues:95:5)
            at _runTest (/Users/ryan/Library/Mobile Documents/com~apple~CloudDocs/Documents/VSCode/Tax-App-Frontend/node_modules/jest-circus/build/jestAdapterInit.js:947:3)
            at /Users/ryan/Library/Mobile Documents/com~apple~CloudDocs/Documents/VSCode/Tax-App-Frontend/node_modules/jest-circus/build/jestAdapterInit.js:849:7
            at _runTestsForDescribeBlock (/Users/ryan/Library/Mobile Documents/com~apple~CloudDocs/Documents/VSCode/Tax-App-Frontend/node_modules/jest-circus/build/jestAdapterInit.js:862:11)
            at _runTestsForDescribeBlock (/Users/ryan/Library/Mobile Documents/com~apple~CloudDocs/Documents/VSCode/Tax-App-Frontend/node_modules/jest-circus/build/jestAdapterInit.js:857:11)
            at _runTestsForDescribeBlock (/Users/ryan/Library/Mobile Documents/com~apple~CloudDocs/Documents/VSCode/Tax-App-Frontend/node_modules/jest-circus/build/jestAdapterInit.js:857:11)
            at run (/Users/ryan/Library/Mobile Documents/com~apple~CloudDocs/Documents/VSCode/Tax-App-Frontend/node_modules/jest-circus/build/jestAdapterInit.js:761:3)
            at runAndTransformResultsToJestFormat (/Users/ryan/Library/Mobile Documents/com~apple~CloudDocs/Documents/VSCode/Tax-App-Frontend/node_modules/jest-circus/build/jestAdapterInit.js:1918:21)
            at jestAdapter (/Users/ryan/Library/Mobile Documents/com~apple~CloudDocs/Documents/VSCode/Tax-App-Frontend/node_modules/jest-circus/build/runner.js:101:19)
            at runTestInternal (/Users/ryan/Library/Mobile Documents/com~apple~CloudDocs/Documents/VSCode/Tax-App-Frontend/node_modules/jest-runner/build/testWorker.js:275:16)
            at runTest (/Users/ryan/Library/Mobile Documents/com~apple~CloudDocs/Documents/VSCode/Tax-App-Frontend/node_modules/jest-runner/build/testWorker.js:343:7)
            at Object.worker (/Users/ryan/Library/Mobile Documents/com~apple~CloudDocs/Documents/VSCode/Tax-App-Frontend/node_modules/jest-runner/build/testWorker.js:497:12),
        type: 'unhandled exception'
      }

      484 |       });
      485 |
    > 486 |       render(<Form1099DivClient initialToken={mockToken} />);
          |             ^
      487 |
      488 |       // Fill in valid data
      489 |       const calendarYearInput = screen.getByLabelText(/Tax Year/i);

      at VirtualConsole.<anonymous> (node_modules/@jest/environment-jsdom-abstract/build/index.js:87:23)
      at reportException (node_modules/jsdom/lib/jsdom/living/helpers/runtime-script-errors.js:70:28)
      at innerInvokeEventListeners (node_modules/jsdom/lib/jsdom/living/events/EventTarget-impl.js:353:9)
      at invokeEventListeners (node_modules/jsdom/lib/jsdom/living/events/EventTarget-impl.js:286:3)
      at HTMLUnknownElementImpl._dispatch (node_modules/jsdom/lib/jsdom/living/events/EventTarget-impl.js:233:9)
      at HTMLUnknownElementImpl.dispatchEvent (node_modules/jsdom/lib/jsdom/living/events/EventTarget-impl.js:104:17)
      at HTMLUnknownElement.dispatchEvent (node_modules/jsdom/lib/jsdom/living/generated/EventTarget.js:241:34)
      at Object.invokeGuardedCallbackDev (node_modules/react-dom/cjs/react-dom.development.js:4213:16)
      at invokeGuardedCallback (node_modules/react-dom/cjs/react-dom.development.js:4277:31)
      at beginWork$1 (node_modules/react-dom/cjs/react-dom.development.js:27490:7)
      at performUnitOfWork (node_modules/react-dom/cjs/react-dom.development.js:26599:12)
      at workLoopSync (node_modules/react-dom/cjs/react-dom.development.js:26505:5)
      at renderRootSync (node_modules/react-dom/cjs/react-dom.development.js:26473:7)
      at performConcurrentWorkOnRoot (node_modules/react-dom/cjs/react-dom.development.js:25777:74)
      at flushActQueue (node_modules/react/cjs/react.development.js:2667:24)
      at act (node_modules/react/cjs/react.development.js:2582:11)
      at node_modules/@testing-library/react/dist/act-compat.js:46:25
      at renderRoot (node_modules/@testing-library/react/dist/pure.js:189:26)
      at render (node_modules/@testing-library/react/dist/pure.js:291:10)
      at Object.<anonymous> (src/app/forms/1099-div/Form1099Div.error-scenarios.integration.test.tsx:486:13)

    console.error
      Error: Uncaught [TypeError: (0 , _navigation.usePathname) is not a function]
          at reportException (/Users/ryan/Library/Mobile Documents/com~apple~CloudDocs/Documents/VSCode/Tax-App-Frontend/node_modules/jsdom/lib/jsdom/living/helpers/runtime-script-errors.js:66:24)
          at innerInvokeEventListeners (/Users/ryan/Library/Mobile Documents/com~apple~CloudDocs/Documents/VSCode/Tax-App-Frontend/node_modules/jsdom/lib/jsdom/living/events/EventTarget-impl.js:353:9)
          at invokeEventListeners (/Users/ryan/Library/Mobile Documents/com~apple~CloudDocs/Documents/VSCode/Tax-App-Frontend/node_modules/jsdom/lib/jsdom/living/events/EventTarget-impl.js:286:3)
          at HTMLUnknownElementImpl._dispatch (/Users/ryan/Library/Mobile Documents/com~apple~CloudDocs/Documents/VSCode/Tax-App-Frontend/node_modules/jsdom/lib/jsdom/living/events/EventTarget-impl.js:233:9)
          at HTMLUnknownElementImpl.dispatchEvent (/Users/ryan/Library/Mobile Documents/com~apple~CloudDocs/Documents/VSCode/Tax-App-Frontend/node_modules/jsdom/lib/jsdom/living/events/EventTarget-impl.js:104:17)
          at HTMLUnknownElement.dispatchEvent (/Users/ryan/Library/Mobile Documents/com~apple~CloudDocs/Documents/VSCode/Tax-App-Frontend/node_modules/jsdom/lib/jsdom/living/generated/EventTarget.js:241:34)
          at Object.invokeGuardedCallbackDev (/Users/ryan/Library/Mobile Documents/com~apple~CloudDocs/Documents/VSCode/Tax-App-Frontend/node_modules/react-dom/cjs/react-dom.development.js:4213:16)
          at invokeGuardedCallback (/Users/ryan/Library/Mobile Documents/com~apple~CloudDocs/Documents/VSCode/Tax-App-Frontend/node_modules/react-dom/cjs/react-dom.development.js:4277:31)
          at beginWork$1 (/Users/ryan/Library/Mobile Documents/com~apple~CloudDocs/Documents/VSCode/Tax-App-Frontend/node_modules/react-dom/cjs/react-dom.development.js:27490:7)
          at performUnitOfWork (/Users/ryan/Library/Mobile Documents/com~apple~CloudDocs/Documents/VSCode/Tax-App-Frontend/node_modules/react-dom/cjs/react-dom.development.js:26599:12)
          at workLoopSync (/Users/ryan/Library/Mobile Documents/com~apple~CloudDocs/Documents/VSCode/Tax-App-Frontend/node_modules/react-dom/cjs/react-dom.development.js:26505:5)
          at renderRootSync (/Users/ryan/Library/Mobile Documents/com~apple~CloudDocs/Documents/VSCode/Tax-App-Frontend/node_modules/react-dom/cjs/react-dom.development.js:26473:7)
          at recoverFromConcurrentError (/Users/ryan/Library/Mobile Documents/com~apple~CloudDocs/Documents/VSCode/Tax-App-Frontend/node_modules/react-dom/cjs/react-dom.development.js:25889:20)
          at performConcurrentWorkOnRoot (/Users/ryan/Library/Mobile Documents/com~apple~CloudDocs/Documents/VSCode/Tax-App-Frontend/node_modules/react-dom/cjs/react-dom.development.js:25789:22)
          at flushActQueue (/Users/ryan/Library/Mobile Documents/com~apple~CloudDocs/Documents/VSCode/Tax-App-Frontend/node_modules/react/cjs/react.development.js:2667:24)
          at act (/Users/ryan/Library/Mobile Documents/com~apple~CloudDocs/Documents/VSCode/Tax-App-Frontend/node_modules/react/cjs/react.development.js:2582:11)
          at /Users/ryan/Library/Mobile Documents/com~apple~CloudDocs/Documents/VSCode/Tax-App-Frontend/node_modules/@testing-library/react/dist/act-compat.js:46:25
          at renderRoot (/Users/ryan/Library/Mobile Documents/com~apple~CloudDocs/Documents/VSCode/Tax-App-Frontend/node_modules/@testing-library/react/dist/pure.js:189:26)
          at render (/Users/ryan/Library/Mobile Documents/com~apple~CloudDocs/Documents/VSCode/Tax-App-Frontend/node_modules/@testing-library/react/dist/pure.js:291:10)
          at Object.<anonymous> (/Users/ryan/Library/Mobile Documents/com~apple~CloudDocs/Documents/VSCode/Tax-App-Frontend/src/app/forms/1099-div/Form1099Div.error-scenarios.integration.test.tsx:486:13)
          at Promise.finally.completed (/Users/ryan/Library/Mobile Documents/com~apple~CloudDocs/Documents/VSCode/Tax-App-Frontend/node_modules/jest-circus/build/jestAdapterInit.js:1557:28)
          at new Promise (<anonymous>)
          at callAsyncCircusFn (/Users/ryan/Library/Mobile Documents/com~apple~CloudDocs/Documents/VSCode/Tax-App-Frontend/node_modules/jest-circus/build/jestAdapterInit.js:1497:10)
          at _callCircusTest (/Users/ryan/Library/Mobile Documents/com~apple~CloudDocs/Documents/VSCode/Tax-App-Frontend/node_modules/jest-circus/build/jestAdapterInit.js:1007:40)
          at processTicksAndRejections (node:internal/process/task_queues:95:5)
          at _runTest (/Users/ryan/Library/Mobile Documents/com~apple~CloudDocs/Documents/VSCode/Tax-App-Frontend/node_modules/jest-circus/build/jestAdapterInit.js:947:3)
          at /Users/ryan/Library/Mobile Documents/com~apple~CloudDocs/Documents/VSCode/Tax-App-Frontend/node_modules/jest-circus/build/jestAdapterInit.js:849:7
          at _runTestsForDescribeBlock (/Users/ryan/Library/Mobile Documents/com~apple~CloudDocs/Documents/VSCode/Tax-App-Frontend/node_modules/jest-circus/build/jestAdapterInit.js:862:11)
          at _runTestsForDescribeBlock (/Users/ryan/Library/Mobile Documents/com~apple~CloudDocs/Documents/VSCode/Tax-App-Frontend/node_modules/jest-circus/build/jestAdapterInit.js:857:11)
          at _runTestsForDescribeBlock (/Users/ryan/Library/Mobile Documents/com~apple~CloudDocs/Documents/VSCode/Tax-App-Frontend/node_modules/jest-circus/build/jestAdapterInit.js:857:11)
          at run (/Users/ryan/Library/Mobile Documents/com~apple~CloudDocs/Documents/VSCode/Tax-App-Frontend/node_modules/jest-circus/build/jestAdapterInit.js:761:3)
          at runAndTransformResultsToJestFormat (/Users/ryan/Library/Mobile Documents/com~apple~CloudDocs/Documents/VSCode/Tax-App-Frontend/node_modules/jest-circus/build/jestAdapterInit.js:1918:21)
          at jestAdapter (/Users/ryan/Library/Mobile Documents/com~apple~CloudDocs/Documents/VSCode/Tax-App-Frontend/node_modules/jest-circus/build/runner.js:101:19)
          at runTestInternal (/Users/ryan/Library/Mobile Documents/com~apple~CloudDocs/Documents/VSCode/Tax-App-Frontend/node_modules/jest-runner/build/testWorker.js:275:16)
          at runTest (/Users/ryan/Library/Mobile Documents/com~apple~CloudDocs/Documents/VSCode/Tax-App-Frontend/node_modules/jest-runner/build/testWorker.js:343:7)
          at Object.worker (/Users/ryan/Library/Mobile Documents/com~apple~CloudDocs/Documents/VSCode/Tax-App-Frontend/node_modules/jest-runner/build/testWorker.js:497:12) {
        detail: TypeError: (0 , _navigation.usePathname) is not a function
            at useForm1099Div (/Users/ryan/Library/Mobile Documents/com~apple~CloudDocs/Documents/VSCode/Tax-App-Frontend/src/hooks/useForm1099Div.ts:120:31)
            at Form1099DivClient (/Users/ryan/Library/Mobile Documents/com~apple~CloudDocs/Documents/VSCode/Tax-App-Frontend/src/app/forms/1099-div/Form1099DivClient.tsx:96:21)
            at renderWithHooks (/Users/ryan/Library/Mobile Documents/com~apple~CloudDocs/Documents/VSCode/Tax-App-Frontend/node_modules/react-dom/cjs/react-dom.development.js:15486:18)
            at mountIndeterminateComponent (/Users/ryan/Library/Mobile Documents/com~apple~CloudDocs/Documents/VSCode/Tax-App-Frontend/node_modules/react-dom/cjs/react-dom.development.js:20103:13)
            at beginWork (/Users/ryan/Library/Mobile Documents/com~apple~CloudDocs/Documents/VSCode/Tax-App-Frontend/node_modules/react-dom/cjs/react-dom.development.js:21626:16)
            at HTMLUnknownElement.callCallback (/Users/ryan/Library/Mobile Documents/com~apple~CloudDocs/Documents/VSCode/Tax-App-Frontend/node_modules/react-dom/cjs/react-dom.development.js:4164:14)
            at HTMLUnknownElement.callTheUserObjectsOperation (/Users/ryan/Library/Mobile Documents/com~apple~CloudDocs/Documents/VSCode/Tax-App-Frontend/node_modules/jsdom/lib/jsdom/living/generated/EventListener.js:26:30)
            at innerInvokeEventListeners (/Users/ryan/Library/Mobile Documents/com~apple~CloudDocs/Documents/VSCode/Tax-App-Frontend/node_modules/jsdom/lib/jsdom/living/events/EventTarget-impl.js:350:25)
            at invokeEventListeners (/Users/ryan/Library/Mobile Documents/com~apple~CloudDocs/Documents/VSCode/Tax-App-Frontend/node_modules/jsdom/lib/jsdom/living/events/EventTarget-impl.js:286:3)
            at HTMLUnknownElementImpl._dispatch (/Users/ryan/Library/Mobile Documents/com~apple~CloudDocs/Documents/VSCode/Tax-App-Frontend/node_modules/jsdom/lib/jsdom/living/events/EventTarget-impl.js:233:9)
            at HTMLUnknownElementImpl.dispatchEvent (/Users/ryan/Library/Mobile Documents/com~apple~CloudDocs/Documents/VSCode/Tax-App-Frontend/node_modules/jsdom/lib/jsdom/living/events/EventTarget-impl.js:104:17)
            at HTMLUnknownElement.dispatchEvent (/Users/ryan/Library/Mobile Documents/com~apple~CloudDocs/Documents/VSCode/Tax-App-Frontend/node_modules/jsdom/lib/jsdom/living/generated/EventTarget.js:241:34)
            at Object.invokeGuardedCallbackDev (/Users/ryan/Library/Mobile Documents/com~apple~CloudDocs/Documents/VSCode/Tax-App-Frontend/node_modules/react-dom/cjs/react-dom.development.js:4213:16)
            at invokeGuardedCallback (/Users/ryan/Library/Mobile Documents/com~apple~CloudDocs/Documents/VSCode/Tax-App-Frontend/node_modules/react-dom/cjs/react-dom.development.js:4277:31)
            at beginWork$1 (/Users/ryan/Library/Mobile Documents/com~apple~CloudDocs/Documents/VSCode/Tax-App-Frontend/node_modules/react-dom/cjs/react-dom.development.js:27490:7)
            at performUnitOfWork (/Users/ryan/Library/Mobile Documents/com~apple~CloudDocs/Documents/VSCode/Tax-App-Frontend/node_modules/react-dom/cjs/react-dom.development.js:26599:12)
            at workLoopSync (/Users/ryan/Library/Mobile Documents/com~apple~CloudDocs/Documents/VSCode/Tax-App-Frontend/node_modules/react-dom/cjs/react-dom.development.js:26505:5)
            at renderRootSync (/Users/ryan/Library/Mobile Documents/com~apple~CloudDocs/Documents/VSCode/Tax-App-Frontend/node_modules/react-dom/cjs/react-dom.development.js:26473:7)
            at recoverFromConcurrentError (/Users/ryan/Library/Mobile Documents/com~apple~CloudDocs/Documents/VSCode/Tax-App-Frontend/node_modules/react-dom/cjs/react-dom.development.js:25889:20)
            at performConcurrentWorkOnRoot (/Users/ryan/Library/Mobile Documents/com~apple~CloudDocs/Documents/VSCode/Tax-App-Frontend/node_modules/react-dom/cjs/react-dom.development.js:25789:22)
            at flushActQueue (/Users/ryan/Library/Mobile Documents/com~apple~CloudDocs/Documents/VSCode/Tax-App-Frontend/node_modules/react/cjs/react.development.js:2667:24)
            at act (/Users/ryan/Library/Mobile Documents/com~apple~CloudDocs/Documents/VSCode/Tax-App-Frontend/node_modules/react/cjs/react.development.js:2582:11)
            at /Users/ryan/Library/Mobile Documents/com~apple~CloudDocs/Documents/VSCode/Tax-App-Frontend/node_modules/@testing-library/react/dist/act-compat.js:46:25
            at renderRoot (/Users/ryan/Library/Mobile Documents/com~apple~CloudDocs/Documents/VSCode/Tax-App-Frontend/node_modules/@testing-library/react/dist/pure.js:189:26)
            at render (/Users/ryan/Library/Mobile Documents/com~apple~CloudDocs/Documents/VSCode/Tax-App-Frontend/node_modules/@testing-library/react/dist/pure.js:291:10)
            at Object.<anonymous> (/Users/ryan/Library/Mobile Documents/com~apple~CloudDocs/Documents/VSCode/Tax-App-Frontend/src/app/forms/1099-div/Form1099Div.error-scenarios.integration.test.tsx:486:13)
            at Promise.finally.completed (/Users/ryan/Library/Mobile Documents/com~apple~CloudDocs/Documents/VSCode/Tax-App-Frontend/node_modules/jest-circus/build/jestAdapterInit.js:1557:28)
            at new Promise (<anonymous>)
            at callAsyncCircusFn (/Users/ryan/Library/Mobile Documents/com~apple~CloudDocs/Documents/VSCode/Tax-App-Frontend/node_modules/jest-circus/build/jestAdapterInit.js:1497:10)
            at _callCircusTest (/Users/ryan/Library/Mobile Documents/com~apple~CloudDocs/Documents/VSCode/Tax-App-Frontend/node_modules/jest-circus/build/jestAdapterInit.js:1007:40)
            at processTicksAndRejections (node:internal/process/task_queues:95:5)
            at _runTest (/Users/ryan/Library/Mobile Documents/com~apple~CloudDocs/Documents/VSCode/Tax-App-Frontend/node_modules/jest-circus/build/jestAdapterInit.js:947:3)
            at /Users/ryan/Library/Mobile Documents/com~apple~CloudDocs/Documents/VSCode/Tax-App-Frontend/node_modules/jest-circus/build/jestAdapterInit.js:849:7
            at _runTestsForDescribeBlock (/Users/ryan/Library/Mobile Documents/com~apple~CloudDocs/Documents/VSCode/Tax-App-Frontend/node_modules/jest-circus/build/jestAdapterInit.js:862:11)
            at _runTestsForDescribeBlock (/Users/ryan/Library/Mobile Documents/com~apple~CloudDocs/Documents/VSCode/Tax-App-Frontend/node_modules/jest-circus/build/jestAdapterInit.js:857:11)
            at _runTestsForDescribeBlock (/Users/ryan/Library/Mobile Documents/com~apple~CloudDocs/Documents/VSCode/Tax-App-Frontend/node_modules/jest-circus/build/jestAdapterInit.js:857:11)
            at run (/Users/ryan/Library/Mobile Documents/com~apple~CloudDocs/Documents/VSCode/Tax-App-Frontend/node_modules/jest-circus/build/jestAdapterInit.js:761:3)
            at runAndTransformResultsToJestFormat (/Users/ryan/Library/Mobile Documents/com~apple~CloudDocs/Documents/VSCode/Tax-App-Frontend/node_modules/jest-circus/build/jestAdapterInit.js:1918:21)
            at jestAdapter (/Users/ryan/Library/Mobile Documents/com~apple~CloudDocs/Documents/VSCode/Tax-App-Frontend/node_modules/jest-circus/build/runner.js:101:19)
            at runTestInternal (/Users/ryan/Library/Mobile Documents/com~apple~CloudDocs/Documents/VSCode/Tax-App-Frontend/node_modules/jest-runner/build/testWorker.js:275:16)
            at runTest (/Users/ryan/Library/Mobile Documents/com~apple~CloudDocs/Documents/VSCode/Tax-App-Frontend/node_modules/jest-runner/build/testWorker.js:343:7)
            at Object.worker (/Users/ryan/Library/Mobile Documents/com~apple~CloudDocs/Documents/VSCode/Tax-App-Frontend/node_modules/jest-runner/build/testWorker.js:497:12),
        type: 'unhandled exception'
      }

      484 |       });
      485 |
    > 486 |       render(<Form1099DivClient initialToken={mockToken} />);
          |             ^
      487 |
      488 |       // Fill in valid data
      489 |       const calendarYearInput = screen.getByLabelText(/Tax Year/i);

      at VirtualConsole.<anonymous> (node_modules/@jest/environment-jsdom-abstract/build/index.js:87:23)
      at reportException (node_modules/jsdom/lib/jsdom/living/helpers/runtime-script-errors.js:70:28)
      at innerInvokeEventListeners (node_modules/jsdom/lib/jsdom/living/events/EventTarget-impl.js:353:9)
      at invokeEventListeners (node_modules/jsdom/lib/jsdom/living/events/EventTarget-impl.js:286:3)
      at HTMLUnknownElementImpl._dispatch (node_modules/jsdom/lib/jsdom/living/events/EventTarget-impl.js:233:9)
      at HTMLUnknownElementImpl.dispatchEvent (node_modules/jsdom/lib/jsdom/living/events/EventTarget-impl.js:104:17)
      at HTMLUnknownElement.dispatchEvent (node_modules/jsdom/lib/jsdom/living/generated/EventTarget.js:241:34)
      at Object.invokeGuardedCallbackDev (node_modules/react-dom/cjs/react-dom.development.js:4213:16)
      at invokeGuardedCallback (node_modules/react-dom/cjs/react-dom.development.js:4277:31)
      at beginWork$1 (node_modules/react-dom/cjs/react-dom.development.js:27490:7)
      at performUnitOfWork (node_modules/react-dom/cjs/react-dom.development.js:26599:12)
      at workLoopSync (node_modules/react-dom/cjs/react-dom.development.js:26505:5)
      at renderRootSync (node_modules/react-dom/cjs/react-dom.development.js:26473:7)
      at recoverFromConcurrentError (node_modules/react-dom/cjs/react-dom.development.js:25889:20)
      at performConcurrentWorkOnRoot (node_modules/react-dom/cjs/react-dom.development.js:25789:22)
      at flushActQueue (node_modules/react/cjs/react.development.js:2667:24)
      at act (node_modules/react/cjs/react.development.js:2582:11)
      at node_modules/@testing-library/react/dist/act-compat.js:46:25
      at renderRoot (node_modules/@testing-library/react/dist/pure.js:189:26)
      at render (node_modules/@testing-library/react/dist/pure.js:291:10)
      at Object.<anonymous> (src/app/forms/1099-div/Form1099Div.error-scenarios.integration.test.tsx:486:13)

    console.error
      The above error occurred in the <Form1099DivClient> component:
      
          at initialToken (/Users/ryan/Library/Mobile Documents/com~apple~CloudDocs/Documents/VSCode/Tax-App-Frontend/src/app/forms/1099-div/Form1099DivClient.tsx:69:3)
      
      Consider adding an error boundary to your tree to customize error handling behavior.
      Visit https://reactjs.org/link/error-boundaries to learn more about error boundaries.

      484 |       });
      485 |
    > 486 |       render(<Form1099DivClient initialToken={mockToken} />);
          |             ^
      487 |
      488 |       // Fill in valid data
      489 |       const calendarYearInput = screen.getByLabelText(/Tax Year/i);

      at logCapturedError (node_modules/react-dom/cjs/react-dom.development.js:18704:23)
      at update.callback (node_modules/react-dom/cjs/react-dom.development.js:18737:5)
      at callCallback (node_modules/react-dom/cjs/react-dom.development.js:15036:12)
      at commitUpdateQueue (node_modules/react-dom/cjs/react-dom.development.js:15057:9)
      at commitLayoutEffectOnFiber (node_modules/react-dom/cjs/react-dom.development.js:23430:13)
      at commitLayoutMountEffects_complete (node_modules/react-dom/cjs/react-dom.development.js:24727:9)
      at commitLayoutEffects_begin (node_modules/react-dom/cjs/react-dom.development.js:24713:7)
      at commitLayoutEffects (node_modules/react-dom/cjs/react-dom.development.js:24651:3)
      at commitRootImpl (node_modules/react-dom/cjs/react-dom.development.js:26862:5)
      at commitRoot (node_modules/react-dom/cjs/react-dom.development.js:26721:5)
      at finishConcurrentRender (node_modules/react-dom/cjs/react-dom.development.js:25931:9)
      at performConcurrentWorkOnRoot (node_modules/react-dom/cjs/react-dom.development.js:25848:7)
      at flushActQueue (node_modules/react/cjs/react.development.js:2667:24)
      at act (node_modules/react/cjs/react.development.js:2582:11)
      at node_modules/@testing-library/react/dist/act-compat.js:46:25
      at renderRoot (node_modules/@testing-library/react/dist/pure.js:189:26)
      at render (node_modules/@testing-library/react/dist/pure.js:291:10)
      at Object.<anonymous> (src/app/forms/1099-div/Form1099Div.error-scenarios.integration.test.tsx:486:13)

    console.error
      Error: Uncaught [TypeError: (0 , _navigation.usePathname) is not a function]
          at reportException (/Users/ryan/Library/Mobile Documents/com~apple~CloudDocs/Documents/VSCode/Tax-App-Frontend/node_modules/jsdom/lib/jsdom/living/helpers/runtime-script-errors.js:66:24)
          at innerInvokeEventListeners (/Users/ryan/Library/Mobile Documents/com~apple~CloudDocs/Documents/VSCode/Tax-App-Frontend/node_modules/jsdom/lib/jsdom/living/events/EventTarget-impl.js:353:9)
          at invokeEventListeners (/Users/ryan/Library/Mobile Documents/com~apple~CloudDocs/Documents/VSCode/Tax-App-Frontend/node_modules/jsdom/lib/jsdom/living/events/EventTarget-impl.js:286:3)
          at HTMLUnknownElementImpl._dispatch (/Users/ryan/Library/Mobile Documents/com~apple~CloudDocs/Documents/VSCode/Tax-App-Frontend/node_modules/jsdom/lib/jsdom/living/events/EventTarget-impl.js:233:9)
          at HTMLUnknownElementImpl.dispatchEvent (/Users/ryan/Library/Mobile Documents/com~apple~CloudDocs/Documents/VSCode/Tax-App-Frontend/node_modules/jsdom/lib/jsdom/living/events/EventTarget-impl.js:104:17)
          at HTMLUnknownElement.dispatchEvent (/Users/ryan/Library/Mobile Documents/com~apple~CloudDocs/Documents/VSCode/Tax-App-Frontend/node_modules/jsdom/lib/jsdom/living/generated/EventTarget.js:241:34)
          at Object.invokeGuardedCallbackDev (/Users/ryan/Library/Mobile Documents/com~apple~CloudDocs/Documents/VSCode/Tax-App-Frontend/node_modules/react-dom/cjs/react-dom.development.js:4213:16)
          at invokeGuardedCallback (/Users/ryan/Library/Mobile Documents/com~apple~CloudDocs/Documents/VSCode/Tax-App-Frontend/node_modules/react-dom/cjs/react-dom.development.js:4277:31)
          at beginWork$1 (/Users/ryan/Library/Mobile Documents/com~apple~CloudDocs/Documents/VSCode/Tax-App-Frontend/node_modules/react-dom/cjs/react-dom.development.js:27490:7)
          at performUnitOfWork (/Users/ryan/Library/Mobile Documents/com~apple~CloudDocs/Documents/VSCode/Tax-App-Frontend/node_modules/react-dom/cjs/react-dom.development.js:26599:12)
          at workLoopSync (/Users/ryan/Library/Mobile Documents/com~apple~CloudDocs/Documents/VSCode/Tax-App-Frontend/node_modules/react-dom/cjs/react-dom.development.js:26505:5)
          at renderRootSync (/Users/ryan/Library/Mobile Documents/com~apple~CloudDocs/Documents/VSCode/Tax-App-Frontend/node_modules/react-dom/cjs/react-dom.development.js:26473:7)
          at performConcurrentWorkOnRoot (/Users/ryan/Library/Mobile Documents/com~apple~CloudDocs/Documents/VSCode/Tax-App-Frontend/node_modules/react-dom/cjs/react-dom.development.js:25777:74)
          at flushActQueue (/Users/ryan/Library/Mobile Documents/com~apple~CloudDocs/Documents/VSCode/Tax-App-Frontend/node_modules/react/cjs/react.development.js:2667:24)
          at act (/Users/ryan/Library/Mobile Documents/com~apple~CloudDocs/Documents/VSCode/Tax-App-Frontend/node_modules/react/cjs/react.development.js:2582:11)
          at /Users/ryan/Library/Mobile Documents/com~apple~CloudDocs/Documents/VSCode/Tax-App-Frontend/node_modules/@testing-library/react/dist/act-compat.js:46:25
          at renderRoot (/Users/ryan/Library/Mobile Documents/com~apple~CloudDocs/Documents/VSCode/Tax-App-Frontend/node_modules/@testing-library/react/dist/pure.js:189:26)
          at render (/Users/ryan/Library/Mobile Documents/com~apple~CloudDocs/Documents/VSCode/Tax-App-Frontend/node_modules/@testing-library/react/dist/pure.js:291:10)
          at Object.<anonymous> (/Users/ryan/Library/Mobile Documents/com~apple~CloudDocs/Documents/VSCode/Tax-App-Frontend/src/app/forms/1099-div/Form1099Div.error-scenarios.integration.test.tsx:526:13)
          at Promise.finally.completed (/Users/ryan/Library/Mobile Documents/com~apple~CloudDocs/Documents/VSCode/Tax-App-Frontend/node_modules/jest-circus/build/jestAdapterInit.js:1557:28)
          at new Promise (<anonymous>)
          at callAsyncCircusFn (/Users/ryan/Library/Mobile Documents/com~apple~CloudDocs/Documents/VSCode/Tax-App-Frontend/node_modules/jest-circus/build/jestAdapterInit.js:1497:10)
          at _callCircusTest (/Users/ryan/Library/Mobile Documents/com~apple~CloudDocs/Documents/VSCode/Tax-App-Frontend/node_modules/jest-circus/build/jestAdapterInit.js:1007:40)
          at processTicksAndRejections (node:internal/process/task_queues:95:5)
          at _runTest (/Users/ryan/Library/Mobile Documents/com~apple~CloudDocs/Documents/VSCode/Tax-App-Frontend/node_modules/jest-circus/build/jestAdapterInit.js:947:3)
          at /Users/ryan/Library/Mobile Documents/com~apple~CloudDocs/Documents/VSCode/Tax-App-Frontend/node_modules/jest-circus/build/jestAdapterInit.js:849:7
          at _runTestsForDescribeBlock (/Users/ryan/Library/Mobile Documents/com~apple~CloudDocs/Documents/VSCode/Tax-App-Frontend/node_modules/jest-circus/build/jestAdapterInit.js:862:11)
          at _runTestsForDescribeBlock (/Users/ryan/Library/Mobile Documents/com~apple~CloudDocs/Documents/VSCode/Tax-App-Frontend/node_modules/jest-circus/build/jestAdapterInit.js:857:11)
          at _runTestsForDescribeBlock (/Users/ryan/Library/Mobile Documents/com~apple~CloudDocs/Documents/VSCode/Tax-App-Frontend/node_modules/jest-circus/build/jestAdapterInit.js:857:11)
          at run (/Users/ryan/Library/Mobile Documents/com~apple~CloudDocs/Documents/VSCode/Tax-App-Frontend/node_modules/jest-circus/build/jestAdapterInit.js:761:3)
          at runAndTransformResultsToJestFormat (/Users/ryan/Library/Mobile Documents/com~apple~CloudDocs/Documents/VSCode/Tax-App-Frontend/node_modules/jest-circus/build/jestAdapterInit.js:1918:21)
          at jestAdapter (/Users/ryan/Library/Mobile Documents/com~apple~CloudDocs/Documents/VSCode/Tax-App-Frontend/node_modules/jest-circus/build/runner.js:101:19)
          at runTestInternal (/Users/ryan/Library/Mobile Documents/com~apple~CloudDocs/Documents/VSCode/Tax-App-Frontend/node_modules/jest-runner/build/testWorker.js:275:16)
          at runTest (/Users/ryan/Library/Mobile Documents/com~apple~CloudDocs/Documents/VSCode/Tax-App-Frontend/node_modules/jest-runner/build/testWorker.js:343:7)
          at Object.worker (/Users/ryan/Library/Mobile Documents/com~apple~CloudDocs/Documents/VSCode/Tax-App-Frontend/node_modules/jest-runner/build/testWorker.js:497:12) {
        detail: TypeError: (0 , _navigation.usePathname) is not a function
            at useForm1099Div (/Users/ryan/Library/Mobile Documents/com~apple~CloudDocs/Documents/VSCode/Tax-App-Frontend/src/hooks/useForm1099Div.ts:120:31)
            at Form1099DivClient (/Users/ryan/Library/Mobile Documents/com~apple~CloudDocs/Documents/VSCode/Tax-App-Frontend/src/app/forms/1099-div/Form1099DivClient.tsx:96:21)
            at renderWithHooks (/Users/ryan/Library/Mobile Documents/com~apple~CloudDocs/Documents/VSCode/Tax-App-Frontend/node_modules/react-dom/cjs/react-dom.development.js:15486:18)
            at mountIndeterminateComponent (/Users/ryan/Library/Mobile Documents/com~apple~CloudDocs/Documents/VSCode/Tax-App-Frontend/node_modules/react-dom/cjs/react-dom.development.js:20103:13)
            at beginWork (/Users/ryan/Library/Mobile Documents/com~apple~CloudDocs/Documents/VSCode/Tax-App-Frontend/node_modules/react-dom/cjs/react-dom.development.js:21626:16)
            at HTMLUnknownElement.callCallback (/Users/ryan/Library/Mobile Documents/com~apple~CloudDocs/Documents/VSCode/Tax-App-Frontend/node_modules/react-dom/cjs/react-dom.development.js:4164:14)
            at HTMLUnknownElement.callTheUserObjectsOperation (/Users/ryan/Library/Mobile Documents/com~apple~CloudDocs/Documents/VSCode/Tax-App-Frontend/node_modules/jsdom/lib/jsdom/living/generated/EventListener.js:26:30)
            at innerInvokeEventListeners (/Users/ryan/Library/Mobile Documents/com~apple~CloudDocs/Documents/VSCode/Tax-App-Frontend/node_modules/jsdom/lib/jsdom/living/events/EventTarget-impl.js:350:25)
            at invokeEventListeners (/Users/ryan/Library/Mobile Documents/com~apple~CloudDocs/Documents/VSCode/Tax-App-Frontend/node_modules/jsdom/lib/jsdom/living/events/EventTarget-impl.js:286:3)
            at HTMLUnknownElementImpl._dispatch (/Users/ryan/Library/Mobile Documents/com~apple~CloudDocs/Documents/VSCode/Tax-App-Frontend/node_modules/jsdom/lib/jsdom/living/events/EventTarget-impl.js:233:9)
            at HTMLUnknownElementImpl.dispatchEvent (/Users/ryan/Library/Mobile Documents/com~apple~CloudDocs/Documents/VSCode/Tax-App-Frontend/node_modules/jsdom/lib/jsdom/living/events/EventTarget-impl.js:104:17)
            at HTMLUnknownElement.dispatchEvent (/Users/ryan/Library/Mobile Documents/com~apple~CloudDocs/Documents/VSCode/Tax-App-Frontend/node_modules/jsdom/lib/jsdom/living/generated/EventTarget.js:241:34)
            at Object.invokeGuardedCallbackDev (/Users/ryan/Library/Mobile Documents/com~apple~CloudDocs/Documents/VSCode/Tax-App-Frontend/node_modules/react-dom/cjs/react-dom.development.js:4213:16)
            at invokeGuardedCallback (/Users/ryan/Library/Mobile Documents/com~apple~CloudDocs/Documents/VSCode/Tax-App-Frontend/node_modules/react-dom/cjs/react-dom.development.js:4277:31)
            at beginWork$1 (/Users/ryan/Library/Mobile Documents/com~apple~CloudDocs/Documents/VSCode/Tax-App-Frontend/node_modules/react-dom/cjs/react-dom.development.js:27490:7)
            at performUnitOfWork (/Users/ryan/Library/Mobile Documents/com~apple~CloudDocs/Documents/VSCode/Tax-App-Frontend/node_modules/react-dom/cjs/react-dom.development.js:26599:12)
            at workLoopSync (/Users/ryan/Library/Mobile Documents/com~apple~CloudDocs/Documents/VSCode/Tax-App-Frontend/node_modules/react-dom/cjs/react-dom.development.js:26505:5)
            at renderRootSync (/Users/ryan/Library/Mobile Documents/com~apple~CloudDocs/Documents/VSCode/Tax-App-Frontend/node_modules/react-dom/cjs/react-dom.development.js:26473:7)
            at performConcurrentWorkOnRoot (/Users/ryan/Library/Mobile Documents/com~apple~CloudDocs/Documents/VSCode/Tax-App-Frontend/node_modules/react-dom/cjs/react-dom.development.js:25777:74)
            at flushActQueue (/Users/ryan/Library/Mobile Documents/com~apple~CloudDocs/Documents/VSCode/Tax-App-Frontend/node_modules/react/cjs/react.development.js:2667:24)
            at act (/Users/ryan/Library/Mobile Documents/com~apple~CloudDocs/Documents/VSCode/Tax-App-Frontend/node_modules/react/cjs/react.development.js:2582:11)
            at /Users/ryan/Library/Mobile Documents/com~apple~CloudDocs/Documents/VSCode/Tax-App-Frontend/node_modules/@testing-library/react/dist/act-compat.js:46:25
            at renderRoot (/Users/ryan/Library/Mobile Documents/com~apple~CloudDocs/Documents/VSCode/Tax-App-Frontend/node_modules/@testing-library/react/dist/pure.js:189:26)
            at render (/Users/ryan/Library/Mobile Documents/com~apple~CloudDocs/Documents/VSCode/Tax-App-Frontend/node_modules/@testing-library/react/dist/pure.js:291:10)
            at Object.<anonymous> (/Users/ryan/Library/Mobile Documents/com~apple~CloudDocs/Documents/VSCode/Tax-App-Frontend/src/app/forms/1099-div/Form1099Div.error-scenarios.integration.test.tsx:526:13)
            at Promise.finally.completed (/Users/ryan/Library/Mobile Documents/com~apple~CloudDocs/Documents/VSCode/Tax-App-Frontend/node_modules/jest-circus/build/jestAdapterInit.js:1557:28)
            at new Promise (<anonymous>)
            at callAsyncCircusFn (/Users/ryan/Library/Mobile Documents/com~apple~CloudDocs/Documents/VSCode/Tax-App-Frontend/node_modules/jest-circus/build/jestAdapterInit.js:1497:10)
            at _callCircusTest (/Users/ryan/Library/Mobile Documents/com~apple~CloudDocs/Documents/VSCode/Tax-App-Frontend/node_modules/jest-circus/build/jestAdapterInit.js:1007:40)
            at processTicksAndRejections (node:internal/process/task_queues:95:5)
            at _runTest (/Users/ryan/Library/Mobile Documents/com~apple~CloudDocs/Documents/VSCode/Tax-App-Frontend/node_modules/jest-circus/build/jestAdapterInit.js:947:3)
            at /Users/ryan/Library/Mobile Documents/com~apple~CloudDocs/Documents/VSCode/Tax-App-Frontend/node_modules/jest-circus/build/jestAdapterInit.js:849:7
            at _runTestsForDescribeBlock (/Users/ryan/Library/Mobile Documents/com~apple~CloudDocs/Documents/VSCode/Tax-App-Frontend/node_modules/jest-circus/build/jestAdapterInit.js:862:11)
            at _runTestsForDescribeBlock (/Users/ryan/Library/Mobile Documents/com~apple~CloudDocs/Documents/VSCode/Tax-App-Frontend/node_modules/jest-circus/build/jestAdapterInit.js:857:11)
            at _runTestsForDescribeBlock (/Users/ryan/Library/Mobile Documents/com~apple~CloudDocs/Documents/VSCode/Tax-App-Frontend/node_modules/jest-circus/build/jestAdapterInit.js:857:11)
            at run (/Users/ryan/Library/Mobile Documents/com~apple~CloudDocs/Documents/VSCode/Tax-App-Frontend/node_modules/jest-circus/build/jestAdapterInit.js:761:3)
            at runAndTransformResultsToJestFormat (/Users/ryan/Library/Mobile Documents/com~apple~CloudDocs/Documents/VSCode/Tax-App-Frontend/node_modules/jest-circus/build/jestAdapterInit.js:1918:21)
            at jestAdapter (/Users/ryan/Library/Mobile Documents/com~apple~CloudDocs/Documents/VSCode/Tax-App-Frontend/node_modules/jest-circus/build/runner.js:101:19)
            at runTestInternal (/Users/ryan/Library/Mobile Documents/com~apple~CloudDocs/Documents/VSCode/Tax-App-Frontend/node_modules/jest-runner/build/testWorker.js:275:16)
            at runTest (/Users/ryan/Library/Mobile Documents/com~apple~CloudDocs/Documents/VSCode/Tax-App-Frontend/node_modules/jest-runner/build/testWorker.js:343:7)
            at Object.worker (/Users/ryan/Library/Mobile Documents/com~apple~CloudDocs/Documents/VSCode/Tax-App-Frontend/node_modules/jest-runner/build/testWorker.js:497:12),
        type: 'unhandled exception'
      }

      524 |       });
      525 |
    > 526 |       render(<Form1099DivClient initialToken={mockToken} />);
          |             ^
      527 |
      528 |       // Fill and submit
      529 |       const calendarYearInput = screen.getByLabelText(/Tax Year/i);

      at VirtualConsole.<anonymous> (node_modules/@jest/environment-jsdom-abstract/build/index.js:87:23)
      at reportException (node_modules/jsdom/lib/jsdom/living/helpers/runtime-script-errors.js:70:28)
      at innerInvokeEventListeners (node_modules/jsdom/lib/jsdom/living/events/EventTarget-impl.js:353:9)
      at invokeEventListeners (node_modules/jsdom/lib/jsdom/living/events/EventTarget-impl.js:286:3)
      at HTMLUnknownElementImpl._dispatch (node_modules/jsdom/lib/jsdom/living/events/EventTarget-impl.js:233:9)
      at HTMLUnknownElementImpl.dispatchEvent (node_modules/jsdom/lib/jsdom/living/events/EventTarget-impl.js:104:17)
      at HTMLUnknownElement.dispatchEvent (node_modules/jsdom/lib/jsdom/living/generated/EventTarget.js:241:34)
      at Object.invokeGuardedCallbackDev (node_modules/react-dom/cjs/react-dom.development.js:4213:16)
      at invokeGuardedCallback (node_modules/react-dom/cjs/react-dom.development.js:4277:31)
      at beginWork$1 (node_modules/react-dom/cjs/react-dom.development.js:27490:7)
      at performUnitOfWork (node_modules/react-dom/cjs/react-dom.development.js:26599:12)
      at workLoopSync (node_modules/react-dom/cjs/react-dom.development.js:26505:5)
      at renderRootSync (node_modules/react-dom/cjs/react-dom.development.js:26473:7)
      at performConcurrentWorkOnRoot (node_modules/react-dom/cjs/react-dom.development.js:25777:74)
      at flushActQueue (node_modules/react/cjs/react.development.js:2667:24)
      at act (node_modules/react/cjs/react.development.js:2582:11)
      at node_modules/@testing-library/react/dist/act-compat.js:46:25
      at renderRoot (node_modules/@testing-library/react/dist/pure.js:189:26)
      at render (node_modules/@testing-library/react/dist/pure.js:291:10)
      at Object.<anonymous> (src/app/forms/1099-div/Form1099Div.error-scenarios.integration.test.tsx:526:13)

    console.error
      Error: Uncaught [TypeError: (0 , _navigation.usePathname) is not a function]
          at reportException (/Users/ryan/Library/Mobile Documents/com~apple~CloudDocs/Documents/VSCode/Tax-App-Frontend/node_modules/jsdom/lib/jsdom/living/helpers/runtime-script-errors.js:66:24)
          at innerInvokeEventListeners (/Users/ryan/Library/Mobile Documents/com~apple~CloudDocs/Documents/VSCode/Tax-App-Frontend/node_modules/jsdom/lib/jsdom/living/events/EventTarget-impl.js:353:9)
          at invokeEventListeners (/Users/ryan/Library/Mobile Documents/com~apple~CloudDocs/Documents/VSCode/Tax-App-Frontend/node_modules/jsdom/lib/jsdom/living/events/EventTarget-impl.js:286:3)
          at HTMLUnknownElementImpl._dispatch (/Users/ryan/Library/Mobile Documents/com~apple~CloudDocs/Documents/VSCode/Tax-App-Frontend/node_modules/jsdom/lib/jsdom/living/events/EventTarget-impl.js:233:9)
          at HTMLUnknownElementImpl.dispatchEvent (/Users/ryan/Library/Mobile Documents/com~apple~CloudDocs/Documents/VSCode/Tax-App-Frontend/node_modules/jsdom/lib/jsdom/living/events/EventTarget-impl.js:104:17)
          at HTMLUnknownElement.dispatchEvent (/Users/ryan/Library/Mobile Documents/com~apple~CloudDocs/Documents/VSCode/Tax-App-Frontend/node_modules/jsdom/lib/jsdom/living/generated/EventTarget.js:241:34)
          at Object.invokeGuardedCallbackDev (/Users/ryan/Library/Mobile Documents/com~apple~CloudDocs/Documents/VSCode/Tax-App-Frontend/node_modules/react-dom/cjs/react-dom.development.js:4213:16)
          at invokeGuardedCallback (/Users/ryan/Library/Mobile Documents/com~apple~CloudDocs/Documents/VSCode/Tax-App-Frontend/node_modules/react-dom/cjs/react-dom.development.js:4277:31)
          at beginWork$1 (/Users/ryan/Library/Mobile Documents/com~apple~CloudDocs/Documents/VSCode/Tax-App-Frontend/node_modules/react-dom/cjs/react-dom.development.js:27490:7)
          at performUnitOfWork (/Users/ryan/Library/Mobile Documents/com~apple~CloudDocs/Documents/VSCode/Tax-App-Frontend/node_modules/react-dom/cjs/react-dom.development.js:26599:12)
          at workLoopSync (/Users/ryan/Library/Mobile Documents/com~apple~CloudDocs/Documents/VSCode/Tax-App-Frontend/node_modules/react-dom/cjs/react-dom.development.js:26505:5)
          at renderRootSync (/Users/ryan/Library/Mobile Documents/com~apple~CloudDocs/Documents/VSCode/Tax-App-Frontend/node_modules/react-dom/cjs/react-dom.development.js:26473:7)
          at recoverFromConcurrentError (/Users/ryan/Library/Mobile Documents/com~apple~CloudDocs/Documents/VSCode/Tax-App-Frontend/node_modules/react-dom/cjs/react-dom.development.js:25889:20)
          at performConcurrentWorkOnRoot (/Users/ryan/Library/Mobile Documents/com~apple~CloudDocs/Documents/VSCode/Tax-App-Frontend/node_modules/react-dom/cjs/react-dom.development.js:25789:22)
          at flushActQueue (/Users/ryan/Library/Mobile Documents/com~apple~CloudDocs/Documents/VSCode/Tax-App-Frontend/node_modules/react/cjs/react.development.js:2667:24)
          at act (/Users/ryan/Library/Mobile Documents/com~apple~CloudDocs/Documents/VSCode/Tax-App-Frontend/node_modules/react/cjs/react.development.js:2582:11)
          at /Users/ryan/Library/Mobile Documents/com~apple~CloudDocs/Documents/VSCode/Tax-App-Frontend/node_modules/@testing-library/react/dist/act-compat.js:46:25
          at renderRoot (/Users/ryan/Library/Mobile Documents/com~apple~CloudDocs/Documents/VSCode/Tax-App-Frontend/node_modules/@testing-library/react/dist/pure.js:189:26)
          at render (/Users/ryan/Library/Mobile Documents/com~apple~CloudDocs/Documents/VSCode/Tax-App-Frontend/node_modules/@testing-library/react/dist/pure.js:291:10)
          at Object.<anonymous> (/Users/ryan/Library/Mobile Documents/com~apple~CloudDocs/Documents/VSCode/Tax-App-Frontend/src/app/forms/1099-div/Form1099Div.error-scenarios.integration.test.tsx:526:13)
          at Promise.finally.completed (/Users/ryan/Library/Mobile Documents/com~apple~CloudDocs/Documents/VSCode/Tax-App-Frontend/node_modules/jest-circus/build/jestAdapterInit.js:1557:28)
          at new Promise (<anonymous>)
          at callAsyncCircusFn (/Users/ryan/Library/Mobile Documents/com~apple~CloudDocs/Documents/VSCode/Tax-App-Frontend/node_modules/jest-circus/build/jestAdapterInit.js:1497:10)
          at _callCircusTest (/Users/ryan/Library/Mobile Documents/com~apple~CloudDocs/Documents/VSCode/Tax-App-Frontend/node_modules/jest-circus/build/jestAdapterInit.js:1007:40)
          at processTicksAndRejections (node:internal/process/task_queues:95:5)
          at _runTest (/Users/ryan/Library/Mobile Documents/com~apple~CloudDocs/Documents/VSCode/Tax-App-Frontend/node_modules/jest-circus/build/jestAdapterInit.js:947:3)
          at /Users/ryan/Library/Mobile Documents/com~apple~CloudDocs/Documents/VSCode/Tax-App-Frontend/node_modules/jest-circus/build/jestAdapterInit.js:849:7
          at _runTestsForDescribeBlock (/Users/ryan/Library/Mobile Documents/com~apple~CloudDocs/Documents/VSCode/Tax-App-Frontend/node_modules/jest-circus/build/jestAdapterInit.js:862:11)
          at _runTestsForDescribeBlock (/Users/ryan/Library/Mobile Documents/com~apple~CloudDocs/Documents/VSCode/Tax-App-Frontend/node_modules/jest-circus/build/jestAdapterInit.js:857:11)
          at _runTestsForDescribeBlock (/Users/ryan/Library/Mobile Documents/com~apple~CloudDocs/Documents/VSCode/Tax-App-Frontend/node_modules/jest-circus/build/jestAdapterInit.js:857:11)
          at run (/Users/ryan/Library/Mobile Documents/com~apple~CloudDocs/Documents/VSCode/Tax-App-Frontend/node_modules/jest-circus/build/jestAdapterInit.js:761:3)
          at runAndTransformResultsToJestFormat (/Users/ryan/Library/Mobile Documents/com~apple~CloudDocs/Documents/VSCode/Tax-App-Frontend/node_modules/jest-circus/build/jestAdapterInit.js:1918:21)
          at jestAdapter (/Users/ryan/Library/Mobile Documents/com~apple~CloudDocs/Documents/VSCode/Tax-App-Frontend/node_modules/jest-circus/build/runner.js:101:19)
          at runTestInternal (/Users/ryan/Library/Mobile Documents/com~apple~CloudDocs/Documents/VSCode/Tax-App-Frontend/node_modules/jest-runner/build/testWorker.js:275:16)
          at runTest (/Users/ryan/Library/Mobile Documents/com~apple~CloudDocs/Documents/VSCode/Tax-App-Frontend/node_modules/jest-runner/build/testWorker.js:343:7)
          at Object.worker (/Users/ryan/Library/Mobile Documents/com~apple~CloudDocs/Documents/VSCode/Tax-App-Frontend/node_modules/jest-runner/build/testWorker.js:497:12) {
        detail: TypeError: (0 , _navigation.usePathname) is not a function
            at useForm1099Div (/Users/ryan/Library/Mobile Documents/com~apple~CloudDocs/Documents/VSCode/Tax-App-Frontend/src/hooks/useForm1099Div.ts:120:31)
            at Form1099DivClient (/Users/ryan/Library/Mobile Documents/com~apple~CloudDocs/Documents/VSCode/Tax-App-Frontend/src/app/forms/1099-div/Form1099DivClient.tsx:96:21)
            at renderWithHooks (/Users/ryan/Library/Mobile Documents/com~apple~CloudDocs/Documents/VSCode/Tax-App-Frontend/node_modules/react-dom/cjs/react-dom.development.js:15486:18)
            at mountIndeterminateComponent (/Users/ryan/Library/Mobile Documents/com~apple~CloudDocs/Documents/VSCode/Tax-App-Frontend/node_modules/react-dom/cjs/react-dom.development.js:20103:13)
            at beginWork (/Users/ryan/Library/Mobile Documents/com~apple~CloudDocs/Documents/VSCode/Tax-App-Frontend/node_modules/react-dom/cjs/react-dom.development.js:21626:16)
            at HTMLUnknownElement.callCallback (/Users/ryan/Library/Mobile Documents/com~apple~CloudDocs/Documents/VSCode/Tax-App-Frontend/node_modules/react-dom/cjs/react-dom.development.js:4164:14)
            at HTMLUnknownElement.callTheUserObjectsOperation (/Users/ryan/Library/Mobile Documents/com~apple~CloudDocs/Documents/VSCode/Tax-App-Frontend/node_modules/jsdom/lib/jsdom/living/generated/EventListener.js:26:30)
            at innerInvokeEventListeners (/Users/ryan/Library/Mobile Documents/com~apple~CloudDocs/Documents/VSCode/Tax-App-Frontend/node_modules/jsdom/lib/jsdom/living/events/EventTarget-impl.js:350:25)
            at invokeEventListeners (/Users/ryan/Library/Mobile Documents/com~apple~CloudDocs/Documents/VSCode/Tax-App-Frontend/node_modules/jsdom/lib/jsdom/living/events/EventTarget-impl.js:286:3)
            at HTMLUnknownElementImpl._dispatch (/Users/ryan/Library/Mobile Documents/com~apple~CloudDocs/Documents/VSCode/Tax-App-Frontend/node_modules/jsdom/lib/jsdom/living/events/EventTarget-impl.js:233:9)
            at HTMLUnknownElementImpl.dispatchEvent (/Users/ryan/Library/Mobile Documents/com~apple~CloudDocs/Documents/VSCode/Tax-App-Frontend/node_modules/jsdom/lib/jsdom/living/events/EventTarget-impl.js:104:17)
            at HTMLUnknownElement.dispatchEvent (/Users/ryan/Library/Mobile Documents/com~apple~CloudDocs/Documents/VSCode/Tax-App-Frontend/node_modules/jsdom/lib/jsdom/living/generated/EventTarget.js:241:34)
            at Object.invokeGuardedCallbackDev (/Users/ryan/Library/Mobile Documents/com~apple~CloudDocs/Documents/VSCode/Tax-App-Frontend/node_modules/react-dom/cjs/react-dom.development.js:4213:16)
            at invokeGuardedCallback (/Users/ryan/Library/Mobile Documents/com~apple~CloudDocs/Documents/VSCode/Tax-App-Frontend/node_modules/react-dom/cjs/react-dom.development.js:4277:31)
            at beginWork$1 (/Users/ryan/Library/Mobile Documents/com~apple~CloudDocs/Documents/VSCode/Tax-App-Frontend/node_modules/react-dom/cjs/react-dom.development.js:27490:7)
            at performUnitOfWork (/Users/ryan/Library/Mobile Documents/com~apple~CloudDocs/Documents/VSCode/Tax-App-Frontend/node_modules/react-dom/cjs/react-dom.development.js:26599:12)
            at workLoopSync (/Users/ryan/Library/Mobile Documents/com~apple~CloudDocs/Documents/VSCode/Tax-App-Frontend/node_modules/react-dom/cjs/react-dom.development.js:26505:5)
            at renderRootSync (/Users/ryan/Library/Mobile Documents/com~apple~CloudDocs/Documents/VSCode/Tax-App-Frontend/node_modules/react-dom/cjs/react-dom.development.js:26473:7)
            at recoverFromConcurrentError (/Users/ryan/Library/Mobile Documents/com~apple~CloudDocs/Documents/VSCode/Tax-App-Frontend/node_modules/react-dom/cjs/react-dom.development.js:25889:20)
            at performConcurrentWorkOnRoot (/Users/ryan/Library/Mobile Documents/com~apple~CloudDocs/Documents/VSCode/Tax-App-Frontend/node_modules/react-dom/cjs/react-dom.development.js:25789:22)
            at flushActQueue (/Users/ryan/Library/Mobile Documents/com~apple~CloudDocs/Documents/VSCode/Tax-App-Frontend/node_modules/react/cjs/react.development.js:2667:24)
            at act (/Users/ryan/Library/Mobile Documents/com~apple~CloudDocs/Documents/VSCode/Tax-App-Frontend/node_modules/react/cjs/react.development.js:2582:11)
            at /Users/ryan/Library/Mobile Documents/com~apple~CloudDocs/Documents/VSCode/Tax-App-Frontend/node_modules/@testing-library/react/dist/act-compat.js:46:25
            at renderRoot (/Users/ryan/Library/Mobile Documents/com~apple~CloudDocs/Documents/VSCode/Tax-App-Frontend/node_modules/@testing-library/react/dist/pure.js:189:26)
            at render (/Users/ryan/Library/Mobile Documents/com~apple~CloudDocs/Documents/VSCode/Tax-App-Frontend/node_modules/@testing-library/react/dist/pure.js:291:10)
            at Object.<anonymous> (/Users/ryan/Library/Mobile Documents/com~apple~CloudDocs/Documents/VSCode/Tax-App-Frontend/src/app/forms/1099-div/Form1099Div.error-scenarios.integration.test.tsx:526:13)
            at Promise.finally.completed (/Users/ryan/Library/Mobile Documents/com~apple~CloudDocs/Documents/VSCode/Tax-App-Frontend/node_modules/jest-circus/build/jestAdapterInit.js:1557:28)
            at new Promise (<anonymous>)
            at callAsyncCircusFn (/Users/ryan/Library/Mobile Documents/com~apple~CloudDocs/Documents/VSCode/Tax-App-Frontend/node_modules/jest-circus/build/jestAdapterInit.js:1497:10)
            at _callCircusTest (/Users/ryan/Library/Mobile Documents/com~apple~CloudDocs/Documents/VSCode/Tax-App-Frontend/node_modules/jest-circus/build/jestAdapterInit.js:1007:40)
            at processTicksAndRejections (node:internal/process/task_queues:95:5)
            at _runTest (/Users/ryan/Library/Mobile Documents/com~apple~CloudDocs/Documents/VSCode/Tax-App-Frontend/node_modules/jest-circus/build/jestAdapterInit.js:947:3)
            at /Users/ryan/Library/Mobile Documents/com~apple~CloudDocs/Documents/VSCode/Tax-App-Frontend/node_modules/jest-circus/build/jestAdapterInit.js:849:7
            at _runTestsForDescribeBlock (/Users/ryan/Library/Mobile Documents/com~apple~CloudDocs/Documents/VSCode/Tax-App-Frontend/node_modules/jest-circus/build/jestAdapterInit.js:862:11)
            at _runTestsForDescribeBlock (/Users/ryan/Library/Mobile Documents/com~apple~CloudDocs/Documents/VSCode/Tax-App-Frontend/node_modules/jest-circus/build/jestAdapterInit.js:857:11)
            at _runTestsForDescribeBlock (/Users/ryan/Library/Mobile Documents/com~apple~CloudDocs/Documents/VSCode/Tax-App-Frontend/node_modules/jest-circus/build/jestAdapterInit.js:857:11)
            at run (/Users/ryan/Library/Mobile Documents/com~apple~CloudDocs/Documents/VSCode/Tax-App-Frontend/node_modules/jest-circus/build/jestAdapterInit.js:761:3)
            at runAndTransformResultsToJestFormat (/Users/ryan/Library/Mobile Documents/com~apple~CloudDocs/Documents/VSCode/Tax-App-Frontend/node_modules/jest-circus/build/jestAdapterInit.js:1918:21)
            at jestAdapter (/Users/ryan/Library/Mobile Documents/com~apple~CloudDocs/Documents/VSCode/Tax-App-Frontend/node_modules/jest-circus/build/runner.js:101:19)
            at runTestInternal (/Users/ryan/Library/Mobile Documents/com~apple~CloudDocs/Documents/VSCode/Tax-App-Frontend/node_modules/jest-runner/build/testWorker.js:275:16)
            at runTest (/Users/ryan/Library/Mobile Documents/com~apple~CloudDocs/Documents/VSCode/Tax-App-Frontend/node_modules/jest-runner/build/testWorker.js:343:7)
            at Object.worker (/Users/ryan/Library/Mobile Documents/com~apple~CloudDocs/Documents/VSCode/Tax-App-Frontend/node_modules/jest-runner/build/testWorker.js:497:12),
        type: 'unhandled exception'
      }

      524 |       });
      525 |
    > 526 |       render(<Form1099DivClient initialToken={mockToken} />);
          |             ^
      527 |
      528 |       // Fill and submit
      529 |       const calendarYearInput = screen.getByLabelText(/Tax Year/i);

      at VirtualConsole.<anonymous> (node_modules/@jest/environment-jsdom-abstract/build/index.js:87:23)
      at reportException (node_modules/jsdom/lib/jsdom/living/helpers/runtime-script-errors.js:70:28)
      at innerInvokeEventListeners (node_modules/jsdom/lib/jsdom/living/events/EventTarget-impl.js:353:9)
      at invokeEventListeners (node_modules/jsdom/lib/jsdom/living/events/EventTarget-impl.js:286:3)
      at HTMLUnknownElementImpl._dispatch (node_modules/jsdom/lib/jsdom/living/events/EventTarget-impl.js:233:9)
      at HTMLUnknownElementImpl.dispatchEvent (node_modules/jsdom/lib/jsdom/living/events/EventTarget-impl.js:104:17)
      at HTMLUnknownElement.dispatchEvent (node_modules/jsdom/lib/jsdom/living/generated/EventTarget.js:241:34)
      at Object.invokeGuardedCallbackDev (node_modules/react-dom/cjs/react-dom.development.js:4213:16)
      at invokeGuardedCallback (node_modules/react-dom/cjs/react-dom.development.js:4277:31)
      at beginWork$1 (node_modules/react-dom/cjs/react-dom.development.js:27490:7)
      at performUnitOfWork (node_modules/react-dom/cjs/react-dom.development.js:26599:12)
      at workLoopSync (node_modules/react-dom/cjs/react-dom.development.js:26505:5)
      at renderRootSync (node_modules/react-dom/cjs/react-dom.development.js:26473:7)
      at recoverFromConcurrentError (node_modules/react-dom/cjs/react-dom.development.js:25889:20)
      at performConcurrentWorkOnRoot (node_modules/react-dom/cjs/react-dom.development.js:25789:22)
      at flushActQueue (node_modules/react/cjs/react.development.js:2667:24)
      at act (node_modules/react/cjs/react.development.js:2582:11)
      at node_modules/@testing-library/react/dist/act-compat.js:46:25
      at renderRoot (node_modules/@testing-library/react/dist/pure.js:189:26)
      at render (node_modules/@testing-library/react/dist/pure.js:291:10)
      at Object.<anonymous> (src/app/forms/1099-div/Form1099Div.error-scenarios.integration.test.tsx:526:13)

    console.error
      The above error occurred in the <Form1099DivClient> component:
      
          at initialToken (/Users/ryan/Library/Mobile Documents/com~apple~CloudDocs/Documents/VSCode/Tax-App-Frontend/src/app/forms/1099-div/Form1099DivClient.tsx:69:3)
      
      Consider adding an error boundary to your tree to customize error handling behavior.
      Visit https://reactjs.org/link/error-boundaries to learn more about error boundaries.

      524 |       });
      525 |
    > 526 |       render(<Form1099DivClient initialToken={mockToken} />);
          |             ^
      527 |
      528 |       // Fill and submit
      529 |       const calendarYearInput = screen.getByLabelText(/Tax Year/i);

      at logCapturedError (node_modules/react-dom/cjs/react-dom.development.js:18704:23)
      at update.callback (node_modules/react-dom/cjs/react-dom.development.js:18737:5)
      at callCallback (node_modules/react-dom/cjs/react-dom.development.js:15036:12)
      at commitUpdateQueue (node_modules/react-dom/cjs/react-dom.development.js:15057:9)
      at commitLayoutEffectOnFiber (node_modules/react-dom/cjs/react-dom.development.js:23430:13)
      at commitLayoutMountEffects_complete (node_modules/react-dom/cjs/react-dom.development.js:24727:9)
      at commitLayoutEffects_begin (node_modules/react-dom/cjs/react-dom.development.js:24713:7)
      at commitLayoutEffects (node_modules/react-dom/cjs/react-dom.development.js:24651:3)
      at commitRootImpl (node_modules/react-dom/cjs/react-dom.development.js:26862:5)
      at commitRoot (node_modules/react-dom/cjs/react-dom.development.js:26721:5)
      at finishConcurrentRender (node_modules/react-dom/cjs/react-dom.development.js:25931:9)
      at performConcurrentWorkOnRoot (node_modules/react-dom/cjs/react-dom.development.js:25848:7)
      at flushActQueue (node_modules/react/cjs/react.development.js:2667:24)
      at act (node_modules/react/cjs/react.development.js:2582:11)
      at node_modules/@testing-library/react/dist/act-compat.js:46:25
      at renderRoot (node_modules/@testing-library/react/dist/pure.js:189:26)
      at render (node_modules/@testing-library/react/dist/pure.js:291:10)
      at Object.<anonymous> (src/app/forms/1099-div/Form1099Div.error-scenarios.integration.test.tsx:526:13)

    console.error
      Error: Uncaught [TypeError: (0 , _navigation.usePathname) is not a function]
          at reportException (/Users/ryan/Library/Mobile Documents/com~apple~CloudDocs/Documents/VSCode/Tax-App-Frontend/node_modules/jsdom/lib/jsdom/living/helpers/runtime-script-errors.js:66:24)
          at innerInvokeEventListeners (/Users/ryan/Library/Mobile Documents/com~apple~CloudDocs/Documents/VSCode/Tax-App-Frontend/node_modules/jsdom/lib/jsdom/living/events/EventTarget-impl.js:353:9)
          at invokeEventListeners (/Users/ryan/Library/Mobile Documents/com~apple~CloudDocs/Documents/VSCode/Tax-App-Frontend/node_modules/jsdom/lib/jsdom/living/events/EventTarget-impl.js:286:3)
          at HTMLUnknownElementImpl._dispatch (/Users/ryan/Library/Mobile Documents/com~apple~CloudDocs/Documents/VSCode/Tax-App-Frontend/node_modules/jsdom/lib/jsdom/living/events/EventTarget-impl.js:233:9)
          at HTMLUnknownElementImpl.dispatchEvent (/Users/ryan/Library/Mobile Documents/com~apple~CloudDocs/Documents/VSCode/Tax-App-Frontend/node_modules/jsdom/lib/jsdom/living/events/EventTarget-impl.js:104:17)
          at HTMLUnknownElement.dispatchEvent (/Users/ryan/Library/Mobile Documents/com~apple~CloudDocs/Documents/VSCode/Tax-App-Frontend/node_modules/jsdom/lib/jsdom/living/generated/EventTarget.js:241:34)
          at Object.invokeGuardedCallbackDev (/Users/ryan/Library/Mobile Documents/com~apple~CloudDocs/Documents/VSCode/Tax-App-Frontend/node_modules/react-dom/cjs/react-dom.development.js:4213:16)
          at invokeGuardedCallback (/Users/ryan/Library/Mobile Documents/com~apple~CloudDocs/Documents/VSCode/Tax-App-Frontend/node_modules/react-dom/cjs/react-dom.development.js:4277:31)
          at beginWork$1 (/Users/ryan/Library/Mobile Documents/com~apple~CloudDocs/Documents/VSCode/Tax-App-Frontend/node_modules/react-dom/cjs/react-dom.development.js:27490:7)
          at performUnitOfWork (/Users/ryan/Library/Mobile Documents/com~apple~CloudDocs/Documents/VSCode/Tax-App-Frontend/node_modules/react-dom/cjs/react-dom.development.js:26599:12)
          at workLoopSync (/Users/ryan/Library/Mobile Documents/com~apple~CloudDocs/Documents/VSCode/Tax-App-Frontend/node_modules/react-dom/cjs/react-dom.development.js:26505:5)
          at renderRootSync (/Users/ryan/Library/Mobile Documents/com~apple~CloudDocs/Documents/VSCode/Tax-App-Frontend/node_modules/react-dom/cjs/react-dom.development.js:26473:7)
          at performConcurrentWorkOnRoot (/Users/ryan/Library/Mobile Documents/com~apple~CloudDocs/Documents/VSCode/Tax-App-Frontend/node_modules/react-dom/cjs/react-dom.development.js:25777:74)
          at flushActQueue (/Users/ryan/Library/Mobile Documents/com~apple~CloudDocs/Documents/VSCode/Tax-App-Frontend/node_modules/react/cjs/react.development.js:2667:24)
          at act (/Users/ryan/Library/Mobile Documents/com~apple~CloudDocs/Documents/VSCode/Tax-App-Frontend/node_modules/react/cjs/react.development.js:2582:11)
          at /Users/ryan/Library/Mobile Documents/com~apple~CloudDocs/Documents/VSCode/Tax-App-Frontend/node_modules/@testing-library/react/dist/act-compat.js:46:25
          at renderRoot (/Users/ryan/Library/Mobile Documents/com~apple~CloudDocs/Documents/VSCode/Tax-App-Frontend/node_modules/@testing-library/react/dist/pure.js:189:26)
          at render (/Users/ryan/Library/Mobile Documents/com~apple~CloudDocs/Documents/VSCode/Tax-App-Frontend/node_modules/@testing-library/react/dist/pure.js:291:10)
          at Object.<anonymous> (/Users/ryan/Library/Mobile Documents/com~apple~CloudDocs/Documents/VSCode/Tax-App-Frontend/src/app/forms/1099-div/Form1099Div.error-scenarios.integration.test.tsx:560:13)
          at Promise.finally.completed (/Users/ryan/Library/Mobile Documents/com~apple~CloudDocs/Documents/VSCode/Tax-App-Frontend/node_modules/jest-circus/build/jestAdapterInit.js:1557:28)
          at new Promise (<anonymous>)
          at callAsyncCircusFn (/Users/ryan/Library/Mobile Documents/com~apple~CloudDocs/Documents/VSCode/Tax-App-Frontend/node_modules/jest-circus/build/jestAdapterInit.js:1497:10)
          at _callCircusTest (/Users/ryan/Library/Mobile Documents/com~apple~CloudDocs/Documents/VSCode/Tax-App-Frontend/node_modules/jest-circus/build/jestAdapterInit.js:1007:40)
          at processTicksAndRejections (node:internal/process/task_queues:95:5)
          at _runTest (/Users/ryan/Library/Mobile Documents/com~apple~CloudDocs/Documents/VSCode/Tax-App-Frontend/node_modules/jest-circus/build/jestAdapterInit.js:947:3)
          at /Users/ryan/Library/Mobile Documents/com~apple~CloudDocs/Documents/VSCode/Tax-App-Frontend/node_modules/jest-circus/build/jestAdapterInit.js:849:7
          at _runTestsForDescribeBlock (/Users/ryan/Library/Mobile Documents/com~apple~CloudDocs/Documents/VSCode/Tax-App-Frontend/node_modules/jest-circus/build/jestAdapterInit.js:862:11)
          at _runTestsForDescribeBlock (/Users/ryan/Library/Mobile Documents/com~apple~CloudDocs/Documents/VSCode/Tax-App-Frontend/node_modules/jest-circus/build/jestAdapterInit.js:857:11)
          at _runTestsForDescribeBlock (/Users/ryan/Library/Mobile Documents/com~apple~CloudDocs/Documents/VSCode/Tax-App-Frontend/node_modules/jest-circus/build/jestAdapterInit.js:857:11)
          at run (/Users/ryan/Library/Mobile Documents/com~apple~CloudDocs/Documents/VSCode/Tax-App-Frontend/node_modules/jest-circus/build/jestAdapterInit.js:761:3)
          at runAndTransformResultsToJestFormat (/Users/ryan/Library/Mobile Documents/com~apple~CloudDocs/Documents/VSCode/Tax-App-Frontend/node_modules/jest-circus/build/jestAdapterInit.js:1918:21)
          at jestAdapter (/Users/ryan/Library/Mobile Documents/com~apple~CloudDocs/Documents/VSCode/Tax-App-Frontend/node_modules/jest-circus/build/runner.js:101:19)
          at runTestInternal (/Users/ryan/Library/Mobile Documents/com~apple~CloudDocs/Documents/VSCode/Tax-App-Frontend/node_modules/jest-runner/build/testWorker.js:275:16)
          at runTest (/Users/ryan/Library/Mobile Documents/com~apple~CloudDocs/Documents/VSCode/Tax-App-Frontend/node_modules/jest-runner/build/testWorker.js:343:7)
          at Object.worker (/Users/ryan/Library/Mobile Documents/com~apple~CloudDocs/Documents/VSCode/Tax-App-Frontend/node_modules/jest-runner/build/testWorker.js:497:12) {
        detail: TypeError: (0 , _navigation.usePathname) is not a function
            at useForm1099Div (/Users/ryan/Library/Mobile Documents/com~apple~CloudDocs/Documents/VSCode/Tax-App-Frontend/src/hooks/useForm1099Div.ts:120:31)
            at Form1099DivClient (/Users/ryan/Library/Mobile Documents/com~apple~CloudDocs/Documents/VSCode/Tax-App-Frontend/src/app/forms/1099-div/Form1099DivClient.tsx:96:21)
            at renderWithHooks (/Users/ryan/Library/Mobile Documents/com~apple~CloudDocs/Documents/VSCode/Tax-App-Frontend/node_modules/react-dom/cjs/react-dom.development.js:15486:18)
            at mountIndeterminateComponent (/Users/ryan/Library/Mobile Documents/com~apple~CloudDocs/Documents/VSCode/Tax-App-Frontend/node_modules/react-dom/cjs/react-dom.development.js:20103:13)
            at beginWork (/Users/ryan/Library/Mobile Documents/com~apple~CloudDocs/Documents/VSCode/Tax-App-Frontend/node_modules/react-dom/cjs/react-dom.development.js:21626:16)
            at HTMLUnknownElement.callCallback (/Users/ryan/Library/Mobile Documents/com~apple~CloudDocs/Documents/VSCode/Tax-App-Frontend/node_modules/react-dom/cjs/react-dom.development.js:4164:14)
            at HTMLUnknownElement.callTheUserObjectsOperation (/Users/ryan/Library/Mobile Documents/com~apple~CloudDocs/Documents/VSCode/Tax-App-Frontend/node_modules/jsdom/lib/jsdom/living/generated/EventListener.js:26:30)
            at innerInvokeEventListeners (/Users/ryan/Library/Mobile Documents/com~apple~CloudDocs/Documents/VSCode/Tax-App-Frontend/node_modules/jsdom/lib/jsdom/living/events/EventTarget-impl.js:350:25)
            at invokeEventListeners (/Users/ryan/Library/Mobile Documents/com~apple~CloudDocs/Documents/VSCode/Tax-App-Frontend/node_modules/jsdom/lib/jsdom/living/events/EventTarget-impl.js:286:3)
            at HTMLUnknownElementImpl._dispatch (/Users/ryan/Library/Mobile Documents/com~apple~CloudDocs/Documents/VSCode/Tax-App-Frontend/node_modules/jsdom/lib/jsdom/living/events/EventTarget-impl.js:233:9)
            at HTMLUnknownElementImpl.dispatchEvent (/Users/ryan/Library/Mobile Documents/com~apple~CloudDocs/Documents/VSCode/Tax-App-Frontend/node_modules/jsdom/lib/jsdom/living/events/EventTarget-impl.js:104:17)
            at HTMLUnknownElement.dispatchEvent (/Users/ryan/Library/Mobile Documents/com~apple~CloudDocs/Documents/VSCode/Tax-App-Frontend/node_modules/jsdom/lib/jsdom/living/generated/EventTarget.js:241:34)
            at Object.invokeGuardedCallbackDev (/Users/ryan/Library/Mobile Documents/com~apple~CloudDocs/Documents/VSCode/Tax-App-Frontend/node_modules/react-dom/cjs/react-dom.development.js:4213:16)
            at invokeGuardedCallback (/Users/ryan/Library/Mobile Documents/com~apple~CloudDocs/Documents/VSCode/Tax-App-Frontend/node_modules/react-dom/cjs/react-dom.development.js:4277:31)
            at beginWork$1 (/Users/ryan/Library/Mobile Documents/com~apple~CloudDocs/Documents/VSCode/Tax-App-Frontend/node_modules/react-dom/cjs/react-dom.development.js:27490:7)
            at performUnitOfWork (/Users/ryan/Library/Mobile Documents/com~apple~CloudDocs/Documents/VSCode/Tax-App-Frontend/node_modules/react-dom/cjs/react-dom.development.js:26599:12)
            at workLoopSync (/Users/ryan/Library/Mobile Documents/com~apple~CloudDocs/Documents/VSCode/Tax-App-Frontend/node_modules/react-dom/cjs/react-dom.development.js:26505:5)
            at renderRootSync (/Users/ryan/Library/Mobile Documents/com~apple~CloudDocs/Documents/VSCode/Tax-App-Frontend/node_modules/react-dom/cjs/react-dom.development.js:26473:7)
            at performConcurrentWorkOnRoot (/Users/ryan/Library/Mobile Documents/com~apple~CloudDocs/Documents/VSCode/Tax-App-Frontend/node_modules/react-dom/cjs/react-dom.development.js:25777:74)
            at flushActQueue (/Users/ryan/Library/Mobile Documents/com~apple~CloudDocs/Documents/VSCode/Tax-App-Frontend/node_modules/react/cjs/react.development.js:2667:24)
            at act (/Users/ryan/Library/Mobile Documents/com~apple~CloudDocs/Documents/VSCode/Tax-App-Frontend/node_modules/react/cjs/react.development.js:2582:11)
            at /Users/ryan/Library/Mobile Documents/com~apple~CloudDocs/Documents/VSCode/Tax-App-Frontend/node_modules/@testing-library/react/dist/act-compat.js:46:25
            at renderRoot (/Users/ryan/Library/Mobile Documents/com~apple~CloudDocs/Documents/VSCode/Tax-App-Frontend/node_modules/@testing-library/react/dist/pure.js:189:26)
            at render (/Users/ryan/Library/Mobile Documents/com~apple~CloudDocs/Documents/VSCode/Tax-App-Frontend/node_modules/@testing-library/react/dist/pure.js:291:10)
            at Object.<anonymous> (/Users/ryan/Library/Mobile Documents/com~apple~CloudDocs/Documents/VSCode/Tax-App-Frontend/src/app/forms/1099-div/Form1099Div.error-scenarios.integration.test.tsx:560:13)
            at Promise.finally.completed (/Users/ryan/Library/Mobile Documents/com~apple~CloudDocs/Documents/VSCode/Tax-App-Frontend/node_modules/jest-circus/build/jestAdapterInit.js:1557:28)
            at new Promise (<anonymous>)
            at callAsyncCircusFn (/Users/ryan/Library/Mobile Documents/com~apple~CloudDocs/Documents/VSCode/Tax-App-Frontend/node_modules/jest-circus/build/jestAdapterInit.js:1497:10)
            at _callCircusTest (/Users/ryan/Library/Mobile Documents/com~apple~CloudDocs/Documents/VSCode/Tax-App-Frontend/node_modules/jest-circus/build/jestAdapterInit.js:1007:40)
            at processTicksAndRejections (node:internal/process/task_queues:95:5)
            at _runTest (/Users/ryan/Library/Mobile Documents/com~apple~CloudDocs/Documents/VSCode/Tax-App-Frontend/node_modules/jest-circus/build/jestAdapterInit.js:947:3)
            at /Users/ryan/Library/Mobile Documents/com~apple~CloudDocs/Documents/VSCode/Tax-App-Frontend/node_modules/jest-circus/build/jestAdapterInit.js:849:7
            at _runTestsForDescribeBlock (/Users/ryan/Library/Mobile Documents/com~apple~CloudDocs/Documents/VSCode/Tax-App-Frontend/node_modules/jest-circus/build/jestAdapterInit.js:862:11)
            at _runTestsForDescribeBlock (/Users/ryan/Library/Mobile Documents/com~apple~CloudDocs/Documents/VSCode/Tax-App-Frontend/node_modules/jest-circus/build/jestAdapterInit.js:857:11)
            at _runTestsForDescribeBlock (/Users/ryan/Library/Mobile Documents/com~apple~CloudDocs/Documents/VSCode/Tax-App-Frontend/node_modules/jest-circus/build/jestAdapterInit.js:857:11)
            at run (/Users/ryan/Library/Mobile Documents/com~apple~CloudDocs/Documents/VSCode/Tax-App-Frontend/node_modules/jest-circus/build/jestAdapterInit.js:761:3)
            at runAndTransformResultsToJestFormat (/Users/ryan/Library/Mobile Documents/com~apple~CloudDocs/Documents/VSCode/Tax-App-Frontend/node_modules/jest-circus/build/jestAdapterInit.js:1918:21)
            at jestAdapter (/Users/ryan/Library/Mobile Documents/com~apple~CloudDocs/Documents/VSCode/Tax-App-Frontend/node_modules/jest-circus/build/runner.js:101:19)
            at runTestInternal (/Users/ryan/Library/Mobile Documents/com~apple~CloudDocs/Documents/VSCode/Tax-App-Frontend/node_modules/jest-runner/build/testWorker.js:275:16)
            at runTest (/Users/ryan/Library/Mobile Documents/com~apple~CloudDocs/Documents/VSCode/Tax-App-Frontend/node_modules/jest-runner/build/testWorker.js:343:7)
            at Object.worker (/Users/ryan/Library/Mobile Documents/com~apple~CloudDocs/Documents/VSCode/Tax-App-Frontend/node_modules/jest-runner/build/testWorker.js:497:12),
        type: 'unhandled exception'
      }

      558 |       });
      559 |
    > 560 |       render(<Form1099DivClient initialToken={mockToken} />);
          |             ^
      561 |
      562 |       // Fill in data
      563 |       const calendarYearInput = screen.getByLabelText(/Tax Year/i);

      at VirtualConsole.<anonymous> (node_modules/@jest/environment-jsdom-abstract/build/index.js:87:23)
      at reportException (node_modules/jsdom/lib/jsdom/living/helpers/runtime-script-errors.js:70:28)
      at innerInvokeEventListeners (node_modules/jsdom/lib/jsdom/living/events/EventTarget-impl.js:353:9)
      at invokeEventListeners (node_modules/jsdom/lib/jsdom/living/events/EventTarget-impl.js:286:3)
      at HTMLUnknownElementImpl._dispatch (node_modules/jsdom/lib/jsdom/living/events/EventTarget-impl.js:233:9)
      at HTMLUnknownElementImpl.dispatchEvent (node_modules/jsdom/lib/jsdom/living/events/EventTarget-impl.js:104:17)
      at HTMLUnknownElement.dispatchEvent (node_modules/jsdom/lib/jsdom/living/generated/EventTarget.js:241:34)
      at Object.invokeGuardedCallbackDev (node_modules/react-dom/cjs/react-dom.development.js:4213:16)
      at invokeGuardedCallback (node_modules/react-dom/cjs/react-dom.development.js:4277:31)
      at beginWork$1 (node_modules/react-dom/cjs/react-dom.development.js:27490:7)
      at performUnitOfWork (node_modules/react-dom/cjs/react-dom.development.js:26599:12)
      at workLoopSync (node_modules/react-dom/cjs/react-dom.development.js:26505:5)
      at renderRootSync (node_modules/react-dom/cjs/react-dom.development.js:26473:7)
      at performConcurrentWorkOnRoot (node_modules/react-dom/cjs/react-dom.development.js:25777:74)
      at flushActQueue (node_modules/react/cjs/react.development.js:2667:24)
      at act (node_modules/react/cjs/react.development.js:2582:11)
      at node_modules/@testing-library/react/dist/act-compat.js:46:25
      at renderRoot (node_modules/@testing-library/react/dist/pure.js:189:26)
      at render (node_modules/@testing-library/react/dist/pure.js:291:10)
      at Object.<anonymous> (src/app/forms/1099-div/Form1099Div.error-scenarios.integration.test.tsx:560:13)

    console.error
      Error: Uncaught [TypeError: (0 , _navigation.usePathname) is not a function]
          at reportException (/Users/ryan/Library/Mobile Documents/com~apple~CloudDocs/Documents/VSCode/Tax-App-Frontend/node_modules/jsdom/lib/jsdom/living/helpers/runtime-script-errors.js:66:24)
          at innerInvokeEventListeners (/Users/ryan/Library/Mobile Documents/com~apple~CloudDocs/Documents/VSCode/Tax-App-Frontend/node_modules/jsdom/lib/jsdom/living/events/EventTarget-impl.js:353:9)
          at invokeEventListeners (/Users/ryan/Library/Mobile Documents/com~apple~CloudDocs/Documents/VSCode/Tax-App-Frontend/node_modules/jsdom/lib/jsdom/living/events/EventTarget-impl.js:286:3)
          at HTMLUnknownElementImpl._dispatch (/Users/ryan/Library/Mobile Documents/com~apple~CloudDocs/Documents/VSCode/Tax-App-Frontend/node_modules/jsdom/lib/jsdom/living/events/EventTarget-impl.js:233:9)
          at HTMLUnknownElementImpl.dispatchEvent (/Users/ryan/Library/Mobile Documents/com~apple~CloudDocs/Documents/VSCode/Tax-App-Frontend/node_modules/jsdom/lib/jsdom/living/events/EventTarget-impl.js:104:17)
          at HTMLUnknownElement.dispatchEvent (/Users/ryan/Library/Mobile Documents/com~apple~CloudDocs/Documents/VSCode/Tax-App-Frontend/node_modules/jsdom/lib/jsdom/living/generated/EventTarget.js:241:34)
          at Object.invokeGuardedCallbackDev (/Users/ryan/Library/Mobile Documents/com~apple~CloudDocs/Documents/VSCode/Tax-App-Frontend/node_modules/react-dom/cjs/react-dom.development.js:4213:16)
          at invokeGuardedCallback (/Users/ryan/Library/Mobile Documents/com~apple~CloudDocs/Documents/VSCode/Tax-App-Frontend/node_modules/react-dom/cjs/react-dom.development.js:4277:31)
          at beginWork$1 (/Users/ryan/Library/Mobile Documents/com~apple~CloudDocs/Documents/VSCode/Tax-App-Frontend/node_modules/react-dom/cjs/react-dom.development.js:27490:7)
          at performUnitOfWork (/Users/ryan/Library/Mobile Documents/com~apple~CloudDocs/Documents/VSCode/Tax-App-Frontend/node_modules/react-dom/cjs/react-dom.development.js:26599:12)
          at workLoopSync (/Users/ryan/Library/Mobile Documents/com~apple~CloudDocs/Documents/VSCode/Tax-App-Frontend/node_modules/react-dom/cjs/react-dom.development.js:26505:5)
          at renderRootSync (/Users/ryan/Library/Mobile Documents/com~apple~CloudDocs/Documents/VSCode/Tax-App-Frontend/node_modules/react-dom/cjs/react-dom.development.js:26473:7)
          at recoverFromConcurrentError (/Users/ryan/Library/Mobile Documents/com~apple~CloudDocs/Documents/VSCode/Tax-App-Frontend/node_modules/react-dom/cjs/react-dom.development.js:25889:20)
          at performConcurrentWorkOnRoot (/Users/ryan/Library/Mobile Documents/com~apple~CloudDocs/Documents/VSCode/Tax-App-Frontend/node_modules/react-dom/cjs/react-dom.development.js:25789:22)
          at flushActQueue (/Users/ryan/Library/Mobile Documents/com~apple~CloudDocs/Documents/VSCode/Tax-App-Frontend/node_modules/react/cjs/react.development.js:2667:24)
          at act (/Users/ryan/Library/Mobile Documents/com~apple~CloudDocs/Documents/VSCode/Tax-App-Frontend/node_modules/react/cjs/react.development.js:2582:11)
          at /Users/ryan/Library/Mobile Documents/com~apple~CloudDocs/Documents/VSCode/Tax-App-Frontend/node_modules/@testing-library/react/dist/act-compat.js:46:25
          at renderRoot (/Users/ryan/Library/Mobile Documents/com~apple~CloudDocs/Documents/VSCode/Tax-App-Frontend/node_modules/@testing-library/react/dist/pure.js:189:26)
          at render (/Users/ryan/Library/Mobile Documents/com~apple~CloudDocs/Documents/VSCode/Tax-App-Frontend/node_modules/@testing-library/react/dist/pure.js:291:10)
          at Object.<anonymous> (/Users/ryan/Library/Mobile Documents/com~apple~CloudDocs/Documents/VSCode/Tax-App-Frontend/src/app/forms/1099-div/Form1099Div.error-scenarios.integration.test.tsx:560:13)
          at Promise.finally.completed (/Users/ryan/Library/Mobile Documents/com~apple~CloudDocs/Documents/VSCode/Tax-App-Frontend/node_modules/jest-circus/build/jestAdapterInit.js:1557:28)
          at new Promise (<anonymous>)
          at callAsyncCircusFn (/Users/ryan/Library/Mobile Documents/com~apple~CloudDocs/Documents/VSCode/Tax-App-Frontend/node_modules/jest-circus/build/jestAdapterInit.js:1497:10)
          at _callCircusTest (/Users/ryan/Library/Mobile Documents/com~apple~CloudDocs/Documents/VSCode/Tax-App-Frontend/node_modules/jest-circus/build/jestAdapterInit.js:1007:40)
          at processTicksAndRejections (node:internal/process/task_queues:95:5)
          at _runTest (/Users/ryan/Library/Mobile Documents/com~apple~CloudDocs/Documents/VSCode/Tax-App-Frontend/node_modules/jest-circus/build/jestAdapterInit.js:947:3)
          at /Users/ryan/Library/Mobile Documents/com~apple~CloudDocs/Documents/VSCode/Tax-App-Frontend/node_modules/jest-circus/build/jestAdapterInit.js:849:7
          at _runTestsForDescribeBlock (/Users/ryan/Library/Mobile Documents/com~apple~CloudDocs/Documents/VSCode/Tax-App-Frontend/node_modules/jest-circus/build/jestAdapterInit.js:862:11)
          at _runTestsForDescribeBlock (/Users/ryan/Library/Mobile Documents/com~apple~CloudDocs/Documents/VSCode/Tax-App-Frontend/node_modules/jest-circus/build/jestAdapterInit.js:857:11)
          at _runTestsForDescribeBlock (/Users/ryan/Library/Mobile Documents/com~apple~CloudDocs/Documents/VSCode/Tax-App-Frontend/node_modules/jest-circus/build/jestAdapterInit.js:857:11)
          at run (/Users/ryan/Library/Mobile Documents/com~apple~CloudDocs/Documents/VSCode/Tax-App-Frontend/node_modules/jest-circus/build/jestAdapterInit.js:761:3)
          at runAndTransformResultsToJestFormat (/Users/ryan/Library/Mobile Documents/com~apple~CloudDocs/Documents/VSCode/Tax-App-Frontend/node_modules/jest-circus/build/jestAdapterInit.js:1918:21)
          at jestAdapter (/Users/ryan/Library/Mobile Documents/com~apple~CloudDocs/Documents/VSCode/Tax-App-Frontend/node_modules/jest-circus/build/runner.js:101:19)
          at runTestInternal (/Users/ryan/Library/Mobile Documents/com~apple~CloudDocs/Documents/VSCode/Tax-App-Frontend/node_modules/jest-runner/build/testWorker.js:275:16)
          at runTest (/Users/ryan/Library/Mobile Documents/com~apple~CloudDocs/Documents/VSCode/Tax-App-Frontend/node_modules/jest-runner/build/testWorker.js:343:7)
          at Object.worker (/Users/ryan/Library/Mobile Documents/com~apple~CloudDocs/Documents/VSCode/Tax-App-Frontend/node_modules/jest-runner/build/testWorker.js:497:12) {
        detail: TypeError: (0 , _navigation.usePathname) is not a function
            at useForm1099Div (/Users/ryan/Library/Mobile Documents/com~apple~CloudDocs/Documents/VSCode/Tax-App-Frontend/src/hooks/useForm1099Div.ts:120:31)
            at Form1099DivClient (/Users/ryan/Library/Mobile Documents/com~apple~CloudDocs/Documents/VSCode/Tax-App-Frontend/src/app/forms/1099-div/Form1099DivClient.tsx:96:21)
            at renderWithHooks (/Users/ryan/Library/Mobile Documents/com~apple~CloudDocs/Documents/VSCode/Tax-App-Frontend/node_modules/react-dom/cjs/react-dom.development.js:15486:18)
            at mountIndeterminateComponent (/Users/ryan/Library/Mobile Documents/com~apple~CloudDocs/Documents/VSCode/Tax-App-Frontend/node_modules/react-dom/cjs/react-dom.development.js:20103:13)
            at beginWork (/Users/ryan/Library/Mobile Documents/com~apple~CloudDocs/Documents/VSCode/Tax-App-Frontend/node_modules/react-dom/cjs/react-dom.development.js:21626:16)
            at HTMLUnknownElement.callCallback (/Users/ryan/Library/Mobile Documents/com~apple~CloudDocs/Documents/VSCode/Tax-App-Frontend/node_modules/react-dom/cjs/react-dom.development.js:4164:14)
            at HTMLUnknownElement.callTheUserObjectsOperation (/Users/ryan/Library/Mobile Documents/com~apple~CloudDocs/Documents/VSCode/Tax-App-Frontend/node_modules/jsdom/lib/jsdom/living/generated/EventListener.js:26:30)
            at innerInvokeEventListeners (/Users/ryan/Library/Mobile Documents/com~apple~CloudDocs/Documents/VSCode/Tax-App-Frontend/node_modules/jsdom/lib/jsdom/living/events/EventTarget-impl.js:350:25)
            at invokeEventListeners (/Users/ryan/Library/Mobile Documents/com~apple~CloudDocs/Documents/VSCode/Tax-App-Frontend/node_modules/jsdom/lib/jsdom/living/events/EventTarget-impl.js:286:3)
            at HTMLUnknownElementImpl._dispatch (/Users/ryan/Library/Mobile Documents/com~apple~CloudDocs/Documents/VSCode/Tax-App-Frontend/node_modules/jsdom/lib/jsdom/living/events/EventTarget-impl.js:233:9)
            at HTMLUnknownElementImpl.dispatchEvent (/Users/ryan/Library/Mobile Documents/com~apple~CloudDocs/Documents/VSCode/Tax-App-Frontend/node_modules/jsdom/lib/jsdom/living/events/EventTarget-impl.js:104:17)
            at HTMLUnknownElement.dispatchEvent (/Users/ryan/Library/Mobile Documents/com~apple~CloudDocs/Documents/VSCode/Tax-App-Frontend/node_modules/jsdom/lib/jsdom/living/generated/EventTarget.js:241:34)
            at Object.invokeGuardedCallbackDev (/Users/ryan/Library/Mobile Documents/com~apple~CloudDocs/Documents/VSCode/Tax-App-Frontend/node_modules/react-dom/cjs/react-dom.development.js:4213:16)
            at invokeGuardedCallback (/Users/ryan/Library/Mobile Documents/com~apple~CloudDocs/Documents/VSCode/Tax-App-Frontend/node_modules/react-dom/cjs/react-dom.development.js:4277:31)
            at beginWork$1 (/Users/ryan/Library/Mobile Documents/com~apple~CloudDocs/Documents/VSCode/Tax-App-Frontend/node_modules/react-dom/cjs/react-dom.development.js:27490:7)
            at performUnitOfWork (/Users/ryan/Library/Mobile Documents/com~apple~CloudDocs/Documents/VSCode/Tax-App-Frontend/node_modules/react-dom/cjs/react-dom.development.js:26599:12)
            at workLoopSync (/Users/ryan/Library/Mobile Documents/com~apple~CloudDocs/Documents/VSCode/Tax-App-Frontend/node_modules/react-dom/cjs/react-dom.development.js:26505:5)
            at renderRootSync (/Users/ryan/Library/Mobile Documents/com~apple~CloudDocs/Documents/VSCode/Tax-App-Frontend/node_modules/react-dom/cjs/react-dom.development.js:26473:7)
            at recoverFromConcurrentError (/Users/ryan/Library/Mobile Documents/com~apple~CloudDocs/Documents/VSCode/Tax-App-Frontend/node_modules/react-dom/cjs/react-dom.development.js:25889:20)
            at performConcurrentWorkOnRoot (/Users/ryan/Library/Mobile Documents/com~apple~CloudDocs/Documents/VSCode/Tax-App-Frontend/node_modules/react-dom/cjs/react-dom.development.js:25789:22)
            at flushActQueue (/Users/ryan/Library/Mobile Documents/com~apple~CloudDocs/Documents/VSCode/Tax-App-Frontend/node_modules/react/cjs/react.development.js:2667:24)
            at act (/Users/ryan/Library/Mobile Documents/com~apple~CloudDocs/Documents/VSCode/Tax-App-Frontend/node_modules/react/cjs/react.development.js:2582:11)
            at /Users/ryan/Library/Mobile Documents/com~apple~CloudDocs/Documents/VSCode/Tax-App-Frontend/node_modules/@testing-library/react/dist/act-compat.js:46:25
            at renderRoot (/Users/ryan/Library/Mobile Documents/com~apple~CloudDocs/Documents/VSCode/Tax-App-Frontend/node_modules/@testing-library/react/dist/pure.js:189:26)
            at render (/Users/ryan/Library/Mobile Documents/com~apple~CloudDocs/Documents/VSCode/Tax-App-Frontend/node_modules/@testing-library/react/dist/pure.js:291:10)
            at Object.<anonymous> (/Users/ryan/Library/Mobile Documents/com~apple~CloudDocs/Documents/VSCode/Tax-App-Frontend/src/app/forms/1099-div/Form1099Div.error-scenarios.integration.test.tsx:560:13)
            at Promise.finally.completed (/Users/ryan/Library/Mobile Documents/com~apple~CloudDocs/Documents/VSCode/Tax-App-Frontend/node_modules/jest-circus/build/jestAdapterInit.js:1557:28)
            at new Promise (<anonymous>)
            at callAsyncCircusFn (/Users/ryan/Library/Mobile Documents/com~apple~CloudDocs/Documents/VSCode/Tax-App-Frontend/node_modules/jest-circus/build/jestAdapterInit.js:1497:10)
            at _callCircusTest (/Users/ryan/Library/Mobile Documents/com~apple~CloudDocs/Documents/VSCode/Tax-App-Frontend/node_modules/jest-circus/build/jestAdapterInit.js:1007:40)
            at processTicksAndRejections (node:internal/process/task_queues:95:5)
            at _runTest (/Users/ryan/Library/Mobile Documents/com~apple~CloudDocs/Documents/VSCode/Tax-App-Frontend/node_modules/jest-circus/build/jestAdapterInit.js:947:3)
            at /Users/ryan/Library/Mobile Documents/com~apple~CloudDocs/Documents/VSCode/Tax-App-Frontend/node_modules/jest-circus/build/jestAdapterInit.js:849:7
            at _runTestsForDescribeBlock (/Users/ryan/Library/Mobile Documents/com~apple~CloudDocs/Documents/VSCode/Tax-App-Frontend/node_modules/jest-circus/build/jestAdapterInit.js:862:11)
            at _runTestsForDescribeBlock (/Users/ryan/Library/Mobile Documents/com~apple~CloudDocs/Documents/VSCode/Tax-App-Frontend/node_modules/jest-circus/build/jestAdapterInit.js:857:11)
            at _runTestsForDescribeBlock (/Users/ryan/Library/Mobile Documents/com~apple~CloudDocs/Documents/VSCode/Tax-App-Frontend/node_modules/jest-circus/build/jestAdapterInit.js:857:11)
            at run (/Users/ryan/Library/Mobile Documents/com~apple~CloudDocs/Documents/VSCode/Tax-App-Frontend/node_modules/jest-circus/build/jestAdapterInit.js:761:3)
            at runAndTransformResultsToJestFormat (/Users/ryan/Library/Mobile Documents/com~apple~CloudDocs/Documents/VSCode/Tax-App-Frontend/node_modules/jest-circus/build/jestAdapterInit.js:1918:21)
            at jestAdapter (/Users/ryan/Library/Mobile Documents/com~apple~CloudDocs/Documents/VSCode/Tax-App-Frontend/node_modules/jest-circus/build/runner.js:101:19)
            at runTestInternal (/Users/ryan/Library/Mobile Documents/com~apple~CloudDocs/Documents/VSCode/Tax-App-Frontend/node_modules/jest-runner/build/testWorker.js:275:16)
            at runTest (/Users/ryan/Library/Mobile Documents/com~apple~CloudDocs/Documents/VSCode/Tax-App-Frontend/node_modules/jest-runner/build/testWorker.js:343:7)
            at Object.worker (/Users/ryan/Library/Mobile Documents/com~apple~CloudDocs/Documents/VSCode/Tax-App-Frontend/node_modules/jest-runner/build/testWorker.js:497:12),
        type: 'unhandled exception'
      }

      558 |       });
      559 |
    > 560 |       render(<Form1099DivClient initialToken={mockToken} />);
          |             ^
      561 |
      562 |       // Fill in data
      563 |       const calendarYearInput = screen.getByLabelText(/Tax Year/i);

      at VirtualConsole.<anonymous> (node_modules/@jest/environment-jsdom-abstract/build/index.js:87:23)
      at reportException (node_modules/jsdom/lib/jsdom/living/helpers/runtime-script-errors.js:70:28)
      at innerInvokeEventListeners (node_modules/jsdom/lib/jsdom/living/events/EventTarget-impl.js:353:9)
      at invokeEventListeners (node_modules/jsdom/lib/jsdom/living/events/EventTarget-impl.js:286:3)
      at HTMLUnknownElementImpl._dispatch (node_modules/jsdom/lib/jsdom/living/events/EventTarget-impl.js:233:9)
      at HTMLUnknownElementImpl.dispatchEvent (node_modules/jsdom/lib/jsdom/living/events/EventTarget-impl.js:104:17)
      at HTMLUnknownElement.dispatchEvent (node_modules/jsdom/lib/jsdom/living/generated/EventTarget.js:241:34)
      at Object.invokeGuardedCallbackDev (node_modules/react-dom/cjs/react-dom.development.js:4213:16)
      at invokeGuardedCallback (node_modules/react-dom/cjs/react-dom.development.js:4277:31)
      at beginWork$1 (node_modules/react-dom/cjs/react-dom.development.js:27490:7)
      at performUnitOfWork (node_modules/react-dom/cjs/react-dom.development.js:26599:12)
      at workLoopSync (node_modules/react-dom/cjs/react-dom.development.js:26505:5)
      at renderRootSync (node_modules/react-dom/cjs/react-dom.development.js:26473:7)
      at recoverFromConcurrentError (node_modules/react-dom/cjs/react-dom.development.js:25889:20)
      at performConcurrentWorkOnRoot (node_modules/react-dom/cjs/react-dom.development.js:25789:22)
      at flushActQueue (node_modules/react/cjs/react.development.js:2667:24)
      at act (node_modules/react/cjs/react.development.js:2582:11)
      at node_modules/@testing-library/react/dist/act-compat.js:46:25
      at renderRoot (node_modules/@testing-library/react/dist/pure.js:189:26)
      at render (node_modules/@testing-library/react/dist/pure.js:291:10)
      at Object.<anonymous> (src/app/forms/1099-div/Form1099Div.error-scenarios.integration.test.tsx:560:13)

    console.error
      The above error occurred in the <Form1099DivClient> component:
      
          at initialToken (/Users/ryan/Library/Mobile Documents/com~apple~CloudDocs/Documents/VSCode/Tax-App-Frontend/src/app/forms/1099-div/Form1099DivClient.tsx:69:3)
      
      Consider adding an error boundary to your tree to customize error handling behavior.
      Visit https://reactjs.org/link/error-boundaries to learn more about error boundaries.

      558 |       });
      559 |
    > 560 |       render(<Form1099DivClient initialToken={mockToken} />);
          |             ^
      561 |
      562 |       // Fill in data
      563 |       const calendarYearInput = screen.getByLabelText(/Tax Year/i);

      at logCapturedError (node_modules/react-dom/cjs/react-dom.development.js:18704:23)
      at update.callback (node_modules/react-dom/cjs/react-dom.development.js:18737:5)
      at callCallback (node_modules/react-dom/cjs/react-dom.development.js:15036:12)
      at commitUpdateQueue (node_modules/react-dom/cjs/react-dom.development.js:15057:9)
      at commitLayoutEffectOnFiber (node_modules/react-dom/cjs/react-dom.development.js:23430:13)
      at commitLayoutMountEffects_complete (node_modules/react-dom/cjs/react-dom.development.js:24727:9)
      at commitLayoutEffects_begin (node_modules/react-dom/cjs/react-dom.development.js:24713:7)
      at commitLayoutEffects (node_modules/react-dom/cjs/react-dom.development.js:24651:3)
      at commitRootImpl (node_modules/react-dom/cjs/react-dom.development.js:26862:5)
      at commitRoot (node_modules/react-dom/cjs/react-dom.development.js:26721:5)
      at finishConcurrentRender (node_modules/react-dom/cjs/react-dom.development.js:25931:9)
      at performConcurrentWorkOnRoot (node_modules/react-dom/cjs/react-dom.development.js:25848:7)
      at flushActQueue (node_modules/react/cjs/react.development.js:2667:24)
      at act (node_modules/react/cjs/react.development.js:2582:11)
      at node_modules/@testing-library/react/dist/act-compat.js:46:25
      at renderRoot (node_modules/@testing-library/react/dist/pure.js:189:26)
      at render (node_modules/@testing-library/react/dist/pure.js:291:10)
      at Object.<anonymous> (src/app/forms/1099-div/Form1099Div.error-scenarios.integration.test.tsx:560:13)

    console.error
      Error: Uncaught [TypeError: (0 , _navigation.usePathname) is not a function]
          at reportException (/Users/ryan/Library/Mobile Documents/com~apple~CloudDocs/Documents/VSCode/Tax-App-Frontend/node_modules/jsdom/lib/jsdom/living/helpers/runtime-script-errors.js:66:24)
          at innerInvokeEventListeners (/Users/ryan/Library/Mobile Documents/com~apple~CloudDocs/Documents/VSCode/Tax-App-Frontend/node_modules/jsdom/lib/jsdom/living/events/EventTarget-impl.js:353:9)
          at invokeEventListeners (/Users/ryan/Library/Mobile Documents/com~apple~CloudDocs/Documents/VSCode/Tax-App-Frontend/node_modules/jsdom/lib/jsdom/living/events/EventTarget-impl.js:286:3)
          at HTMLUnknownElementImpl._dispatch (/Users/ryan/Library/Mobile Documents/com~apple~CloudDocs/Documents/VSCode/Tax-App-Frontend/node_modules/jsdom/lib/jsdom/living/events/EventTarget-impl.js:233:9)
          at HTMLUnknownElementImpl.dispatchEvent (/Users/ryan/Library/Mobile Documents/com~apple~CloudDocs/Documents/VSCode/Tax-App-Frontend/node_modules/jsdom/lib/jsdom/living/events/EventTarget-impl.js:104:17)
          at HTMLUnknownElement.dispatchEvent (/Users/ryan/Library/Mobile Documents/com~apple~CloudDocs/Documents/VSCode/Tax-App-Frontend/node_modules/jsdom/lib/jsdom/living/generated/EventTarget.js:241:34)
          at Object.invokeGuardedCallbackDev (/Users/ryan/Library/Mobile Documents/com~apple~CloudDocs/Documents/VSCode/Tax-App-Frontend/node_modules/react-dom/cjs/react-dom.development.js:4213:16)
          at invokeGuardedCallback (/Users/ryan/Library/Mobile Documents/com~apple~CloudDocs/Documents/VSCode/Tax-App-Frontend/node_modules/react-dom/cjs/react-dom.development.js:4277:31)
          at beginWork$1 (/Users/ryan/Library/Mobile Documents/com~apple~CloudDocs/Documents/VSCode/Tax-App-Frontend/node_modules/react-dom/cjs/react-dom.development.js:27490:7)
          at performUnitOfWork (/Users/ryan/Library/Mobile Documents/com~apple~CloudDocs/Documents/VSCode/Tax-App-Frontend/node_modules/react-dom/cjs/react-dom.development.js:26599:12)
          at workLoopSync (/Users/ryan/Library/Mobile Documents/com~apple~CloudDocs/Documents/VSCode/Tax-App-Frontend/node_modules/react-dom/cjs/react-dom.development.js:26505:5)
          at renderRootSync (/Users/ryan/Library/Mobile Documents/com~apple~CloudDocs/Documents/VSCode/Tax-App-Frontend/node_modules/react-dom/cjs/react-dom.development.js:26473:7)
          at performConcurrentWorkOnRoot (/Users/ryan/Library/Mobile Documents/com~apple~CloudDocs/Documents/VSCode/Tax-App-Frontend/node_modules/react-dom/cjs/react-dom.development.js:25777:74)
          at flushActQueue (/Users/ryan/Library/Mobile Documents/com~apple~CloudDocs/Documents/VSCode/Tax-App-Frontend/node_modules/react/cjs/react.development.js:2667:24)
          at act (/Users/ryan/Library/Mobile Documents/com~apple~CloudDocs/Documents/VSCode/Tax-App-Frontend/node_modules/react/cjs/react.development.js:2582:11)
          at /Users/ryan/Library/Mobile Documents/com~apple~CloudDocs/Documents/VSCode/Tax-App-Frontend/node_modules/@testing-library/react/dist/act-compat.js:46:25
          at renderRoot (/Users/ryan/Library/Mobile Documents/com~apple~CloudDocs/Documents/VSCode/Tax-App-Frontend/node_modules/@testing-library/react/dist/pure.js:189:26)
          at render (/Users/ryan/Library/Mobile Documents/com~apple~CloudDocs/Documents/VSCode/Tax-App-Frontend/node_modules/@testing-library/react/dist/pure.js:291:10)
          at Object.<anonymous> (/Users/ryan/Library/Mobile Documents/com~apple~CloudDocs/Documents/VSCode/Tax-App-Frontend/src/app/forms/1099-div/Form1099Div.error-scenarios.integration.test.tsx:615:13)
          at Promise.finally.completed (/Users/ryan/Library/Mobile Documents/com~apple~CloudDocs/Documents/VSCode/Tax-App-Frontend/node_modules/jest-circus/build/jestAdapterInit.js:1557:28)
          at new Promise (<anonymous>)
          at callAsyncCircusFn (/Users/ryan/Library/Mobile Documents/com~apple~CloudDocs/Documents/VSCode/Tax-App-Frontend/node_modules/jest-circus/build/jestAdapterInit.js:1497:10)
          at _callCircusTest (/Users/ryan/Library/Mobile Documents/com~apple~CloudDocs/Documents/VSCode/Tax-App-Frontend/node_modules/jest-circus/build/jestAdapterInit.js:1007:40)
          at processTicksAndRejections (node:internal/process/task_queues:95:5)
          at _runTest (/Users/ryan/Library/Mobile Documents/com~apple~CloudDocs/Documents/VSCode/Tax-App-Frontend/node_modules/jest-circus/build/jestAdapterInit.js:947:3)
          at /Users/ryan/Library/Mobile Documents/com~apple~CloudDocs/Documents/VSCode/Tax-App-Frontend/node_modules/jest-circus/build/jestAdapterInit.js:849:7
          at _runTestsForDescribeBlock (/Users/ryan/Library/Mobile Documents/com~apple~CloudDocs/Documents/VSCode/Tax-App-Frontend/node_modules/jest-circus/build/jestAdapterInit.js:862:11)
          at _runTestsForDescribeBlock (/Users/ryan/Library/Mobile Documents/com~apple~CloudDocs/Documents/VSCode/Tax-App-Frontend/node_modules/jest-circus/build/jestAdapterInit.js:857:11)
          at _runTestsForDescribeBlock (/Users/ryan/Library/Mobile Documents/com~apple~CloudDocs/Documents/VSCode/Tax-App-Frontend/node_modules/jest-circus/build/jestAdapterInit.js:857:11)
          at run (/Users/ryan/Library/Mobile Documents/com~apple~CloudDocs/Documents/VSCode/Tax-App-Frontend/node_modules/jest-circus/build/jestAdapterInit.js:761:3)
          at runAndTransformResultsToJestFormat (/Users/ryan/Library/Mobile Documents/com~apple~CloudDocs/Documents/VSCode/Tax-App-Frontend/node_modules/jest-circus/build/jestAdapterInit.js:1918:21)
          at jestAdapter (/Users/ryan/Library/Mobile Documents/com~apple~CloudDocs/Documents/VSCode/Tax-App-Frontend/node_modules/jest-circus/build/runner.js:101:19)
          at runTestInternal (/Users/ryan/Library/Mobile Documents/com~apple~CloudDocs/Documents/VSCode/Tax-App-Frontend/node_modules/jest-runner/build/testWorker.js:275:16)
          at runTest (/Users/ryan/Library/Mobile Documents/com~apple~CloudDocs/Documents/VSCode/Tax-App-Frontend/node_modules/jest-runner/build/testWorker.js:343:7)
          at Object.worker (/Users/ryan/Library/Mobile Documents/com~apple~CloudDocs/Documents/VSCode/Tax-App-Frontend/node_modules/jest-runner/build/testWorker.js:497:12) {
        detail: TypeError: (0 , _navigation.usePathname) is not a function
            at useForm1099Div (/Users/ryan/Library/Mobile Documents/com~apple~CloudDocs/Documents/VSCode/Tax-App-Frontend/src/hooks/useForm1099Div.ts:120:31)
            at Form1099DivClient (/Users/ryan/Library/Mobile Documents/com~apple~CloudDocs/Documents/VSCode/Tax-App-Frontend/src/app/forms/1099-div/Form1099DivClient.tsx:96:21)
            at renderWithHooks (/Users/ryan/Library/Mobile Documents/com~apple~CloudDocs/Documents/VSCode/Tax-App-Frontend/node_modules/react-dom/cjs/react-dom.development.js:15486:18)
            at mountIndeterminateComponent (/Users/ryan/Library/Mobile Documents/com~apple~CloudDocs/Documents/VSCode/Tax-App-Frontend/node_modules/react-dom/cjs/react-dom.development.js:20103:13)
            at beginWork (/Users/ryan/Library/Mobile Documents/com~apple~CloudDocs/Documents/VSCode/Tax-App-Frontend/node_modules/react-dom/cjs/react-dom.development.js:21626:16)
            at HTMLUnknownElement.callCallback (/Users/ryan/Library/Mobile Documents/com~apple~CloudDocs/Documents/VSCode/Tax-App-Frontend/node_modules/react-dom/cjs/react-dom.development.js:4164:14)
            at HTMLUnknownElement.callTheUserObjectsOperation (/Users/ryan/Library/Mobile Documents/com~apple~CloudDocs/Documents/VSCode/Tax-App-Frontend/node_modules/jsdom/lib/jsdom/living/generated/EventListener.js:26:30)
            at innerInvokeEventListeners (/Users/ryan/Library/Mobile Documents/com~apple~CloudDocs/Documents/VSCode/Tax-App-Frontend/node_modules/jsdom/lib/jsdom/living/events/EventTarget-impl.js:350:25)
            at invokeEventListeners (/Users/ryan/Library/Mobile Documents/com~apple~CloudDocs/Documents/VSCode/Tax-App-Frontend/node_modules/jsdom/lib/jsdom/living/events/EventTarget-impl.js:286:3)
            at HTMLUnknownElementImpl._dispatch (/Users/ryan/Library/Mobile Documents/com~apple~CloudDocs/Documents/VSCode/Tax-App-Frontend/node_modules/jsdom/lib/jsdom/living/events/EventTarget-impl.js:233:9)
            at HTMLUnknownElementImpl.dispatchEvent (/Users/ryan/Library/Mobile Documents/com~apple~CloudDocs/Documents/VSCode/Tax-App-Frontend/node_modules/jsdom/lib/jsdom/living/events/EventTarget-impl.js:104:17)
            at HTMLUnknownElement.dispatchEvent (/Users/ryan/Library/Mobile Documents/com~apple~CloudDocs/Documents/VSCode/Tax-App-Frontend/node_modules/jsdom/lib/jsdom/living/generated/EventTarget.js:241:34)
            at Object.invokeGuardedCallbackDev (/Users/ryan/Library/Mobile Documents/com~apple~CloudDocs/Documents/VSCode/Tax-App-Frontend/node_modules/react-dom/cjs/react-dom.development.js:4213:16)
            at invokeGuardedCallback (/Users/ryan/Library/Mobile Documents/com~apple~CloudDocs/Documents/VSCode/Tax-App-Frontend/node_modules/react-dom/cjs/react-dom.development.js:4277:31)
            at beginWork$1 (/Users/ryan/Library/Mobile Documents/com~apple~CloudDocs/Documents/VSCode/Tax-App-Frontend/node_modules/react-dom/cjs/react-dom.development.js:27490:7)
            at performUnitOfWork (/Users/ryan/Library/Mobile Documents/com~apple~CloudDocs/Documents/VSCode/Tax-App-Frontend/node_modules/react-dom/cjs/react-dom.development.js:26599:12)
            at workLoopSync (/Users/ryan/Library/Mobile Documents/com~apple~CloudDocs/Documents/VSCode/Tax-App-Frontend/node_modules/react-dom/cjs/react-dom.development.js:26505:5)
            at renderRootSync (/Users/ryan/Library/Mobile Documents/com~apple~CloudDocs/Documents/VSCode/Tax-App-Frontend/node_modules/react-dom/cjs/react-dom.development.js:26473:7)
            at performConcurrentWorkOnRoot (/Users/ryan/Library/Mobile Documents/com~apple~CloudDocs/Documents/VSCode/Tax-App-Frontend/node_modules/react-dom/cjs/react-dom.development.js:25777:74)
            at flushActQueue (/Users/ryan/Library/Mobile Documents/com~apple~CloudDocs/Documents/VSCode/Tax-App-Frontend/node_modules/react/cjs/react.development.js:2667:24)
            at act (/Users/ryan/Library/Mobile Documents/com~apple~CloudDocs/Documents/VSCode/Tax-App-Frontend/node_modules/react/cjs/react.development.js:2582:11)
            at /Users/ryan/Library/Mobile Documents/com~apple~CloudDocs/Documents/VSCode/Tax-App-Frontend/node_modules/@testing-library/react/dist/act-compat.js:46:25
            at renderRoot (/Users/ryan/Library/Mobile Documents/com~apple~CloudDocs/Documents/VSCode/Tax-App-Frontend/node_modules/@testing-library/react/dist/pure.js:189:26)
            at render (/Users/ryan/Library/Mobile Documents/com~apple~CloudDocs/Documents/VSCode/Tax-App-Frontend/node_modules/@testing-library/react/dist/pure.js:291:10)
            at Object.<anonymous> (/Users/ryan/Library/Mobile Documents/com~apple~CloudDocs/Documents/VSCode/Tax-App-Frontend/src/app/forms/1099-div/Form1099Div.error-scenarios.integration.test.tsx:615:13)
            at Promise.finally.completed (/Users/ryan/Library/Mobile Documents/com~apple~CloudDocs/Documents/VSCode/Tax-App-Frontend/node_modules/jest-circus/build/jestAdapterInit.js:1557:28)
            at new Promise (<anonymous>)
            at callAsyncCircusFn (/Users/ryan/Library/Mobile Documents/com~apple~CloudDocs/Documents/VSCode/Tax-App-Frontend/node_modules/jest-circus/build/jestAdapterInit.js:1497:10)
            at _callCircusTest (/Users/ryan/Library/Mobile Documents/com~apple~CloudDocs/Documents/VSCode/Tax-App-Frontend/node_modules/jest-circus/build/jestAdapterInit.js:1007:40)
            at processTicksAndRejections (node:internal/process/task_queues:95:5)
            at _runTest (/Users/ryan/Library/Mobile Documents/com~apple~CloudDocs/Documents/VSCode/Tax-App-Frontend/node_modules/jest-circus/build/jestAdapterInit.js:947:3)
            at /Users/ryan/Library/Mobile Documents/com~apple~CloudDocs/Documents/VSCode/Tax-App-Frontend/node_modules/jest-circus/build/jestAdapterInit.js:849:7
            at _runTestsForDescribeBlock (/Users/ryan/Library/Mobile Documents/com~apple~CloudDocs/Documents/VSCode/Tax-App-Frontend/node_modules/jest-circus/build/jestAdapterInit.js:862:11)
            at _runTestsForDescribeBlock (/Users/ryan/Library/Mobile Documents/com~apple~CloudDocs/Documents/VSCode/Tax-App-Frontend/node_modules/jest-circus/build/jestAdapterInit.js:857:11)
            at _runTestsForDescribeBlock (/Users/ryan/Library/Mobile Documents/com~apple~CloudDocs/Documents/VSCode/Tax-App-Frontend/node_modules/jest-circus/build/jestAdapterInit.js:857:11)
            at run (/Users/ryan/Library/Mobile Documents/com~apple~CloudDocs/Documents/VSCode/Tax-App-Frontend/node_modules/jest-circus/build/jestAdapterInit.js:761:3)
            at runAndTransformResultsToJestFormat (/Users/ryan/Library/Mobile Documents/com~apple~CloudDocs/Documents/VSCode/Tax-App-Frontend/node_modules/jest-circus/build/jestAdapterInit.js:1918:21)
            at jestAdapter (/Users/ryan/Library/Mobile Documents/com~apple~CloudDocs/Documents/VSCode/Tax-App-Frontend/node_modules/jest-circus/build/runner.js:101:19)
            at runTestInternal (/Users/ryan/Library/Mobile Documents/com~apple~CloudDocs/Documents/VSCode/Tax-App-Frontend/node_modules/jest-runner/build/testWorker.js:275:16)
            at runTest (/Users/ryan/Library/Mobile Documents/com~apple~CloudDocs/Documents/VSCode/Tax-App-Frontend/node_modules/jest-runner/build/testWorker.js:343:7)
            at Object.worker (/Users/ryan/Library/Mobile Documents/com~apple~CloudDocs/Documents/VSCode/Tax-App-Frontend/node_modules/jest-runner/build/testWorker.js:497:12),
        type: 'unhandled exception'
      }

      613 |         });
      614 |
    > 615 |       render(<Form1099DivClient initialToken={mockToken} />);
          |             ^
      616 |
      617 |       // Fill and submit (fails)
      618 |       const calendarYearInput = screen.getByLabelText(/Tax Year/i);

      at VirtualConsole.<anonymous> (node_modules/@jest/environment-jsdom-abstract/build/index.js:87:23)
      at reportException (node_modules/jsdom/lib/jsdom/living/helpers/runtime-script-errors.js:70:28)
      at innerInvokeEventListeners (node_modules/jsdom/lib/jsdom/living/events/EventTarget-impl.js:353:9)
      at invokeEventListeners (node_modules/jsdom/lib/jsdom/living/events/EventTarget-impl.js:286:3)
      at HTMLUnknownElementImpl._dispatch (node_modules/jsdom/lib/jsdom/living/events/EventTarget-impl.js:233:9)
      at HTMLUnknownElementImpl.dispatchEvent (node_modules/jsdom/lib/jsdom/living/events/EventTarget-impl.js:104:17)
      at HTMLUnknownElement.dispatchEvent (node_modules/jsdom/lib/jsdom/living/generated/EventTarget.js:241:34)
      at Object.invokeGuardedCallbackDev (node_modules/react-dom/cjs/react-dom.development.js:4213:16)
      at invokeGuardedCallback (node_modules/react-dom/cjs/react-dom.development.js:4277:31)
      at beginWork$1 (node_modules/react-dom/cjs/react-dom.development.js:27490:7)
      at performUnitOfWork (node_modules/react-dom/cjs/react-dom.development.js:26599:12)
      at workLoopSync (node_modules/react-dom/cjs/react-dom.development.js:26505:5)
      at renderRootSync (node_modules/react-dom/cjs/react-dom.development.js:26473:7)
      at performConcurrentWorkOnRoot (node_modules/react-dom/cjs/react-dom.development.js:25777:74)
      at flushActQueue (node_modules/react/cjs/react.development.js:2667:24)
      at act (node_modules/react/cjs/react.development.js:2582:11)
      at node_modules/@testing-library/react/dist/act-compat.js:46:25
      at renderRoot (node_modules/@testing-library/react/dist/pure.js:189:26)
      at render (node_modules/@testing-library/react/dist/pure.js:291:10)
      at Object.<anonymous> (src/app/forms/1099-div/Form1099Div.error-scenarios.integration.test.tsx:615:13)

    console.error
      Error: Uncaught [TypeError: (0 , _navigation.usePathname) is not a function]
          at reportException (/Users/ryan/Library/Mobile Documents/com~apple~CloudDocs/Documents/VSCode/Tax-App-Frontend/node_modules/jsdom/lib/jsdom/living/helpers/runtime-script-errors.js:66:24)
          at innerInvokeEventListeners (/Users/ryan/Library/Mobile Documents/com~apple~CloudDocs/Documents/VSCode/Tax-App-Frontend/node_modules/jsdom/lib/jsdom/living/events/EventTarget-impl.js:353:9)
          at invokeEventListeners (/Users/ryan/Library/Mobile Documents/com~apple~CloudDocs/Documents/VSCode/Tax-App-Frontend/node_modules/jsdom/lib/jsdom/living/events/EventTarget-impl.js:286:3)
          at HTMLUnknownElementImpl._dispatch (/Users/ryan/Library/Mobile Documents/com~apple~CloudDocs/Documents/VSCode/Tax-App-Frontend/node_modules/jsdom/lib/jsdom/living/events/EventTarget-impl.js:233:9)
          at HTMLUnknownElementImpl.dispatchEvent (/Users/ryan/Library/Mobile Documents/com~apple~CloudDocs/Documents/VSCode/Tax-App-Frontend/node_modules/jsdom/lib/jsdom/living/events/EventTarget-impl.js:104:17)
          at HTMLUnknownElement.dispatchEvent (/Users/ryan/Library/Mobile Documents/com~apple~CloudDocs/Documents/VSCode/Tax-App-Frontend/node_modules/jsdom/lib/jsdom/living/generated/EventTarget.js:241:34)
          at Object.invokeGuardedCallbackDev (/Users/ryan/Library/Mobile Documents/com~apple~CloudDocs/Documents/VSCode/Tax-App-Frontend/node_modules/react-dom/cjs/react-dom.development.js:4213:16)
          at invokeGuardedCallback (/Users/ryan/Library/Mobile Documents/com~apple~CloudDocs/Documents/VSCode/Tax-App-Frontend/node_modules/react-dom/cjs/react-dom.development.js:4277:31)
          at beginWork$1 (/Users/ryan/Library/Mobile Documents/com~apple~CloudDocs/Documents/VSCode/Tax-App-Frontend/node_modules/react-dom/cjs/react-dom.development.js:27490:7)
          at performUnitOfWork (/Users/ryan/Library/Mobile Documents/com~apple~CloudDocs/Documents/VSCode/Tax-App-Frontend/node_modules/react-dom/cjs/react-dom.development.js:26599:12)
          at workLoopSync (/Users/ryan/Library/Mobile Documents/com~apple~CloudDocs/Documents/VSCode/Tax-App-Frontend/node_modules/react-dom/cjs/react-dom.development.js:26505:5)
          at renderRootSync (/Users/ryan/Library/Mobile Documents/com~apple~CloudDocs/Documents/VSCode/Tax-App-Frontend/node_modules/react-dom/cjs/react-dom.development.js:26473:7)
          at recoverFromConcurrentError (/Users/ryan/Library/Mobile Documents/com~apple~CloudDocs/Documents/VSCode/Tax-App-Frontend/node_modules/react-dom/cjs/react-dom.development.js:25889:20)
          at performConcurrentWorkOnRoot (/Users/ryan/Library/Mobile Documents/com~apple~CloudDocs/Documents/VSCode/Tax-App-Frontend/node_modules/react-dom/cjs/react-dom.development.js:25789:22)
          at flushActQueue (/Users/ryan/Library/Mobile Documents/com~apple~CloudDocs/Documents/VSCode/Tax-App-Frontend/node_modules/react/cjs/react.development.js:2667:24)
          at act (/Users/ryan/Library/Mobile Documents/com~apple~CloudDocs/Documents/VSCode/Tax-App-Frontend/node_modules/react/cjs/react.development.js:2582:11)
          at /Users/ryan/Library/Mobile Documents/com~apple~CloudDocs/Documents/VSCode/Tax-App-Frontend/node_modules/@testing-library/react/dist/act-compat.js:46:25
          at renderRoot (/Users/ryan/Library/Mobile Documents/com~apple~CloudDocs/Documents/VSCode/Tax-App-Frontend/node_modules/@testing-library/react/dist/pure.js:189:26)
          at render (/Users/ryan/Library/Mobile Documents/com~apple~CloudDocs/Documents/VSCode/Tax-App-Frontend/node_modules/@testing-library/react/dist/pure.js:291:10)
          at Object.<anonymous> (/Users/ryan/Library/Mobile Documents/com~apple~CloudDocs/Documents/VSCode/Tax-App-Frontend/src/app/forms/1099-div/Form1099Div.error-scenarios.integration.test.tsx:615:13)
          at Promise.finally.completed (/Users/ryan/Library/Mobile Documents/com~apple~CloudDocs/Documents/VSCode/Tax-App-Frontend/node_modules/jest-circus/build/jestAdapterInit.js:1557:28)
          at new Promise (<anonymous>)
          at callAsyncCircusFn (/Users/ryan/Library/Mobile Documents/com~apple~CloudDocs/Documents/VSCode/Tax-App-Frontend/node_modules/jest-circus/build/jestAdapterInit.js:1497:10)
          at _callCircusTest (/Users/ryan/Library/Mobile Documents/com~apple~CloudDocs/Documents/VSCode/Tax-App-Frontend/node_modules/jest-circus/build/jestAdapterInit.js:1007:40)
          at processTicksAndRejections (node:internal/process/task_queues:95:5)
          at _runTest (/Users/ryan/Library/Mobile Documents/com~apple~CloudDocs/Documents/VSCode/Tax-App-Frontend/node_modules/jest-circus/build/jestAdapterInit.js:947:3)
          at /Users/ryan/Library/Mobile Documents/com~apple~CloudDocs/Documents/VSCode/Tax-App-Frontend/node_modules/jest-circus/build/jestAdapterInit.js:849:7
          at _runTestsForDescribeBlock (/Users/ryan/Library/Mobile Documents/com~apple~CloudDocs/Documents/VSCode/Tax-App-Frontend/node_modules/jest-circus/build/jestAdapterInit.js:862:11)
          at _runTestsForDescribeBlock (/Users/ryan/Library/Mobile Documents/com~apple~CloudDocs/Documents/VSCode/Tax-App-Frontend/node_modules/jest-circus/build/jestAdapterInit.js:857:11)
          at _runTestsForDescribeBlock (/Users/ryan/Library/Mobile Documents/com~apple~CloudDocs/Documents/VSCode/Tax-App-Frontend/node_modules/jest-circus/build/jestAdapterInit.js:857:11)
          at run (/Users/ryan/Library/Mobile Documents/com~apple~CloudDocs/Documents/VSCode/Tax-App-Frontend/node_modules/jest-circus/build/jestAdapterInit.js:761:3)
          at runAndTransformResultsToJestFormat (/Users/ryan/Library/Mobile Documents/com~apple~CloudDocs/Documents/VSCode/Tax-App-Frontend/node_modules/jest-circus/build/jestAdapterInit.js:1918:21)
          at jestAdapter (/Users/ryan/Library/Mobile Documents/com~apple~CloudDocs/Documents/VSCode/Tax-App-Frontend/node_modules/jest-circus/build/runner.js:101:19)
          at runTestInternal (/Users/ryan/Library/Mobile Documents/com~apple~CloudDocs/Documents/VSCode/Tax-App-Frontend/node_modules/jest-runner/build/testWorker.js:275:16)
          at runTest (/Users/ryan/Library/Mobile Documents/com~apple~CloudDocs/Documents/VSCode/Tax-App-Frontend/node_modules/jest-runner/build/testWorker.js:343:7)
          at Object.worker (/Users/ryan/Library/Mobile Documents/com~apple~CloudDocs/Documents/VSCode/Tax-App-Frontend/node_modules/jest-runner/build/testWorker.js:497:12) {
        detail: TypeError: (0 , _navigation.usePathname) is not a function
            at useForm1099Div (/Users/ryan/Library/Mobile Documents/com~apple~CloudDocs/Documents/VSCode/Tax-App-Frontend/src/hooks/useForm1099Div.ts:120:31)
            at Form1099DivClient (/Users/ryan/Library/Mobile Documents/com~apple~CloudDocs/Documents/VSCode/Tax-App-Frontend/src/app/forms/1099-div/Form1099DivClient.tsx:96:21)
            at renderWithHooks (/Users/ryan/Library/Mobile Documents/com~apple~CloudDocs/Documents/VSCode/Tax-App-Frontend/node_modules/react-dom/cjs/react-dom.development.js:15486:18)
            at mountIndeterminateComponent (/Users/ryan/Library/Mobile Documents/com~apple~CloudDocs/Documents/VSCode/Tax-App-Frontend/node_modules/react-dom/cjs/react-dom.development.js:20103:13)
            at beginWork (/Users/ryan/Library/Mobile Documents/com~apple~CloudDocs/Documents/VSCode/Tax-App-Frontend/node_modules/react-dom/cjs/react-dom.development.js:21626:16)
            at HTMLUnknownElement.callCallback (/Users/ryan/Library/Mobile Documents/com~apple~CloudDocs/Documents/VSCode/Tax-App-Frontend/node_modules/react-dom/cjs/react-dom.development.js:4164:14)
            at HTMLUnknownElement.callTheUserObjectsOperation (/Users/ryan/Library/Mobile Documents/com~apple~CloudDocs/Documents/VSCode/Tax-App-Frontend/node_modules/jsdom/lib/jsdom/living/generated/EventListener.js:26:30)
            at innerInvokeEventListeners (/Users/ryan/Library/Mobile Documents/com~apple~CloudDocs/Documents/VSCode/Tax-App-Frontend/node_modules/jsdom/lib/jsdom/living/events/EventTarget-impl.js:350:25)
            at invokeEventListeners (/Users/ryan/Library/Mobile Documents/com~apple~CloudDocs/Documents/VSCode/Tax-App-Frontend/node_modules/jsdom/lib/jsdom/living/events/EventTarget-impl.js:286:3)
            at HTMLUnknownElementImpl._dispatch (/Users/ryan/Library/Mobile Documents/com~apple~CloudDocs/Documents/VSCode/Tax-App-Frontend/node_modules/jsdom/lib/jsdom/living/events/EventTarget-impl.js:233:9)
            at HTMLUnknownElementImpl.dispatchEvent (/Users/ryan/Library/Mobile Documents/com~apple~CloudDocs/Documents/VSCode/Tax-App-Frontend/node_modules/jsdom/lib/jsdom/living/events/EventTarget-impl.js:104:17)
            at HTMLUnknownElement.dispatchEvent (/Users/ryan/Library/Mobile Documents/com~apple~CloudDocs/Documents/VSCode/Tax-App-Frontend/node_modules/jsdom/lib/jsdom/living/generated/EventTarget.js:241:34)
            at Object.invokeGuardedCallbackDev (/Users/ryan/Library/Mobile Documents/com~apple~CloudDocs/Documents/VSCode/Tax-App-Frontend/node_modules/react-dom/cjs/react-dom.development.js:4213:16)
            at invokeGuardedCallback (/Users/ryan/Library/Mobile Documents/com~apple~CloudDocs/Documents/VSCode/Tax-App-Frontend/node_modules/react-dom/cjs/react-dom.development.js:4277:31)
            at beginWork$1 (/Users/ryan/Library/Mobile Documents/com~apple~CloudDocs/Documents/VSCode/Tax-App-Frontend/node_modules/react-dom/cjs/react-dom.development.js:27490:7)
            at performUnitOfWork (/Users/ryan/Library/Mobile Documents/com~apple~CloudDocs/Documents/VSCode/Tax-App-Frontend/node_modules/react-dom/cjs/react-dom.development.js:26599:12)
            at workLoopSync (/Users/ryan/Library/Mobile Documents/com~apple~CloudDocs/Documents/VSCode/Tax-App-Frontend/node_modules/react-dom/cjs/react-dom.development.js:26505:5)
            at renderRootSync (/Users/ryan/Library/Mobile Documents/com~apple~CloudDocs/Documents/VSCode/Tax-App-Frontend/node_modules/react-dom/cjs/react-dom.development.js:26473:7)
            at recoverFromConcurrentError (/Users/ryan/Library/Mobile Documents/com~apple~CloudDocs/Documents/VSCode/Tax-App-Frontend/node_modules/react-dom/cjs/react-dom.development.js:25889:20)
            at performConcurrentWorkOnRoot (/Users/ryan/Library/Mobile Documents/com~apple~CloudDocs/Documents/VSCode/Tax-App-Frontend/node_modules/react-dom/cjs/react-dom.development.js:25789:22)
            at flushActQueue (/Users/ryan/Library/Mobile Documents/com~apple~CloudDocs/Documents/VSCode/Tax-App-Frontend/node_modules/react/cjs/react.development.js:2667:24)
            at act (/Users/ryan/Library/Mobile Documents/com~apple~CloudDocs/Documents/VSCode/Tax-App-Frontend/node_modules/react/cjs/react.development.js:2582:11)
            at /Users/ryan/Library/Mobile Documents/com~apple~CloudDocs/Documents/VSCode/Tax-App-Frontend/node_modules/@testing-library/react/dist/act-compat.js:46:25
            at renderRoot (/Users/ryan/Library/Mobile Documents/com~apple~CloudDocs/Documents/VSCode/Tax-App-Frontend/node_modules/@testing-library/react/dist/pure.js:189:26)
            at render (/Users/ryan/Library/Mobile Documents/com~apple~CloudDocs/Documents/VSCode/Tax-App-Frontend/node_modules/@testing-library/react/dist/pure.js:291:10)
            at Object.<anonymous> (/Users/ryan/Library/Mobile Documents/com~apple~CloudDocs/Documents/VSCode/Tax-App-Frontend/src/app/forms/1099-div/Form1099Div.error-scenarios.integration.test.tsx:615:13)
            at Promise.finally.completed (/Users/ryan/Library/Mobile Documents/com~apple~CloudDocs/Documents/VSCode/Tax-App-Frontend/node_modules/jest-circus/build/jestAdapterInit.js:1557:28)
            at new Promise (<anonymous>)
            at callAsyncCircusFn (/Users/ryan/Library/Mobile Documents/com~apple~CloudDocs/Documents/VSCode/Tax-App-Frontend/node_modules/jest-circus/build/jestAdapterInit.js:1497:10)
            at _callCircusTest (/Users/ryan/Library/Mobile Documents/com~apple~CloudDocs/Documents/VSCode/Tax-App-Frontend/node_modules/jest-circus/build/jestAdapterInit.js:1007:40)
            at processTicksAndRejections (node:internal/process/task_queues:95:5)
            at _runTest (/Users/ryan/Library/Mobile Documents/com~apple~CloudDocs/Documents/VSCode/Tax-App-Frontend/node_modules/jest-circus/build/jestAdapterInit.js:947:3)
            at /Users/ryan/Library/Mobile Documents/com~apple~CloudDocs/Documents/VSCode/Tax-App-Frontend/node_modules/jest-circus/build/jestAdapterInit.js:849:7
            at _runTestsForDescribeBlock (/Users/ryan/Library/Mobile Documents/com~apple~CloudDocs/Documents/VSCode/Tax-App-Frontend/node_modules/jest-circus/build/jestAdapterInit.js:862:11)
            at _runTestsForDescribeBlock (/Users/ryan/Library/Mobile Documents/com~apple~CloudDocs/Documents/VSCode/Tax-App-Frontend/node_modules/jest-circus/build/jestAdapterInit.js:857:11)
            at _runTestsForDescribeBlock (/Users/ryan/Library/Mobile Documents/com~apple~CloudDocs/Documents/VSCode/Tax-App-Frontend/node_modules/jest-circus/build/jestAdapterInit.js:857:11)
            at run (/Users/ryan/Library/Mobile Documents/com~apple~CloudDocs/Documents/VSCode/Tax-App-Frontend/node_modules/jest-circus/build/jestAdapterInit.js:761:3)
            at runAndTransformResultsToJestFormat (/Users/ryan/Library/Mobile Documents/com~apple~CloudDocs/Documents/VSCode/Tax-App-Frontend/node_modules/jest-circus/build/jestAdapterInit.js:1918:21)
            at jestAdapter (/Users/ryan/Library/Mobile Documents/com~apple~CloudDocs/Documents/VSCode/Tax-App-Frontend/node_modules/jest-circus/build/runner.js:101:19)
            at runTestInternal (/Users/ryan/Library/Mobile Documents/com~apple~CloudDocs/Documents/VSCode/Tax-App-Frontend/node_modules/jest-runner/build/testWorker.js:275:16)
            at runTest (/Users/ryan/Library/Mobile Documents/com~apple~CloudDocs/Documents/VSCode/Tax-App-Frontend/node_modules/jest-runner/build/testWorker.js:343:7)
            at Object.worker (/Users/ryan/Library/Mobile Documents/com~apple~CloudDocs/Documents/VSCode/Tax-App-Frontend/node_modules/jest-runner/build/testWorker.js:497:12),
        type: 'unhandled exception'
      }

      613 |         });
      614 |
    > 615 |       render(<Form1099DivClient initialToken={mockToken} />);
          |             ^
      616 |
      617 |       // Fill and submit (fails)
      618 |       const calendarYearInput = screen.getByLabelText(/Tax Year/i);

      at VirtualConsole.<anonymous> (node_modules/@jest/environment-jsdom-abstract/build/index.js:87:23)
      at reportException (node_modules/jsdom/lib/jsdom/living/helpers/runtime-script-errors.js:70:28)
      at innerInvokeEventListeners (node_modules/jsdom/lib/jsdom/living/events/EventTarget-impl.js:353:9)
      at invokeEventListeners (node_modules/jsdom/lib/jsdom/living/events/EventTarget-impl.js:286:3)
      at HTMLUnknownElementImpl._dispatch (node_modules/jsdom/lib/jsdom/living/events/EventTarget-impl.js:233:9)
      at HTMLUnknownElementImpl.dispatchEvent (node_modules/jsdom/lib/jsdom/living/events/EventTarget-impl.js:104:17)
      at HTMLUnknownElement.dispatchEvent (node_modules/jsdom/lib/jsdom/living/generated/EventTarget.js:241:34)
      at Object.invokeGuardedCallbackDev (node_modules/react-dom/cjs/react-dom.development.js:4213:16)
      at invokeGuardedCallback (node_modules/react-dom/cjs/react-dom.development.js:4277:31)
      at beginWork$1 (node_modules/react-dom/cjs/react-dom.development.js:27490:7)
      at performUnitOfWork (node_modules/react-dom/cjs/react-dom.development.js:26599:12)
      at workLoopSync (node_modules/react-dom/cjs/react-dom.development.js:26505:5)
      at renderRootSync (node_modules/react-dom/cjs/react-dom.development.js:26473:7)
      at recoverFromConcurrentError (node_modules/react-dom/cjs/react-dom.development.js:25889:20)
      at performConcurrentWorkOnRoot (node_modules/react-dom/cjs/react-dom.development.js:25789:22)
      at flushActQueue (node_modules/react/cjs/react.development.js:2667:24)
      at act (node_modules/react/cjs/react.development.js:2582:11)
      at node_modules/@testing-library/react/dist/act-compat.js:46:25
      at renderRoot (node_modules/@testing-library/react/dist/pure.js:189:26)
      at render (node_modules/@testing-library/react/dist/pure.js:291:10)
      at Object.<anonymous> (src/app/forms/1099-div/Form1099Div.error-scenarios.integration.test.tsx:615:13)

    console.error
      The above error occurred in the <Form1099DivClient> component:
      
          at initialToken (/Users/ryan/Library/Mobile Documents/com~apple~CloudDocs/Documents/VSCode/Tax-App-Frontend/src/app/forms/1099-div/Form1099DivClient.tsx:69:3)
      
      Consider adding an error boundary to your tree to customize error handling behavior.
      Visit https://reactjs.org/link/error-boundaries to learn more about error boundaries.

      613 |         });
      614 |
    > 615 |       render(<Form1099DivClient initialToken={mockToken} />);
          |             ^
      616 |
      617 |       // Fill and submit (fails)
      618 |       const calendarYearInput = screen.getByLabelText(/Tax Year/i);

      at logCapturedError (node_modules/react-dom/cjs/react-dom.development.js:18704:23)
      at update.callback (node_modules/react-dom/cjs/react-dom.development.js:18737:5)
      at callCallback (node_modules/react-dom/cjs/react-dom.development.js:15036:12)
      at commitUpdateQueue (node_modules/react-dom/cjs/react-dom.development.js:15057:9)
      at commitLayoutEffectOnFiber (node_modules/react-dom/cjs/react-dom.development.js:23430:13)
      at commitLayoutMountEffects_complete (node_modules/react-dom/cjs/react-dom.development.js:24727:9)
      at commitLayoutEffects_begin (node_modules/react-dom/cjs/react-dom.development.js:24713:7)
      at commitLayoutEffects (node_modules/react-dom/cjs/react-dom.development.js:24651:3)
      at commitRootImpl (node_modules/react-dom/cjs/react-dom.development.js:26862:5)
      at commitRoot (node_modules/react-dom/cjs/react-dom.development.js:26721:5)
      at finishConcurrentRender (node_modules/react-dom/cjs/react-dom.development.js:25931:9)
      at performConcurrentWorkOnRoot (node_modules/react-dom/cjs/react-dom.development.js:25848:7)
      at flushActQueue (node_modules/react/cjs/react.development.js:2667:24)
      at act (node_modules/react/cjs/react.development.js:2582:11)
      at node_modules/@testing-library/react/dist/act-compat.js:46:25
      at renderRoot (node_modules/@testing-library/react/dist/pure.js:189:26)
      at render (node_modules/@testing-library/react/dist/pure.js:291:10)
      at Object.<anonymous> (src/app/forms/1099-div/Form1099Div.error-scenarios.integration.test.tsx:615:13)

    console.error
      Error: Uncaught [TypeError: (0 , _navigation.usePathname) is not a function]
          at reportException (/Users/ryan/Library/Mobile Documents/com~apple~CloudDocs/Documents/VSCode/Tax-App-Frontend/node_modules/jsdom/lib/jsdom/living/helpers/runtime-script-errors.js:66:24)
          at innerInvokeEventListeners (/Users/ryan/Library/Mobile Documents/com~apple~CloudDocs/Documents/VSCode/Tax-App-Frontend/node_modules/jsdom/lib/jsdom/living/events/EventTarget-impl.js:353:9)
          at invokeEventListeners (/Users/ryan/Library/Mobile Documents/com~apple~CloudDocs/Documents/VSCode/Tax-App-Frontend/node_modules/jsdom/lib/jsdom/living/events/EventTarget-impl.js:286:3)
          at HTMLUnknownElementImpl._dispatch (/Users/ryan/Library/Mobile Documents/com~apple~CloudDocs/Documents/VSCode/Tax-App-Frontend/node_modules/jsdom/lib/jsdom/living/events/EventTarget-impl.js:233:9)
          at HTMLUnknownElementImpl.dispatchEvent (/Users/ryan/Library/Mobile Documents/com~apple~CloudDocs/Documents/VSCode/Tax-App-Frontend/node_modules/jsdom/lib/jsdom/living/events/EventTarget-impl.js:104:17)
          at HTMLUnknownElement.dispatchEvent (/Users/ryan/Library/Mobile Documents/com~apple~CloudDocs/Documents/VSCode/Tax-App-Frontend/node_modules/jsdom/lib/jsdom/living/generated/EventTarget.js:241:34)
          at Object.invokeGuardedCallbackDev (/Users/ryan/Library/Mobile Documents/com~apple~CloudDocs/Documents/VSCode/Tax-App-Frontend/node_modules/react-dom/cjs/react-dom.development.js:4213:16)
          at invokeGuardedCallback (/Users/ryan/Library/Mobile Documents/com~apple~CloudDocs/Documents/VSCode/Tax-App-Frontend/node_modules/react-dom/cjs/react-dom.development.js:4277:31)
          at beginWork$1 (/Users/ryan/Library/Mobile Documents/com~apple~CloudDocs/Documents/VSCode/Tax-App-Frontend/node_modules/react-dom/cjs/react-dom.development.js:27490:7)
          at performUnitOfWork (/Users/ryan/Library/Mobile Documents/com~apple~CloudDocs/Documents/VSCode/Tax-App-Frontend/node_modules/react-dom/cjs/react-dom.development.js:26599:12)
          at workLoopSync (/Users/ryan/Library/Mobile Documents/com~apple~CloudDocs/Documents/VSCode/Tax-App-Frontend/node_modules/react-dom/cjs/react-dom.development.js:26505:5)
          at renderRootSync (/Users/ryan/Library/Mobile Documents/com~apple~CloudDocs/Documents/VSCode/Tax-App-Frontend/node_modules/react-dom/cjs/react-dom.development.js:26473:7)
          at performConcurrentWorkOnRoot (/Users/ryan/Library/Mobile Documents/com~apple~CloudDocs/Documents/VSCode/Tax-App-Frontend/node_modules/react-dom/cjs/react-dom.development.js:25777:74)
          at flushActQueue (/Users/ryan/Library/Mobile Documents/com~apple~CloudDocs/Documents/VSCode/Tax-App-Frontend/node_modules/react/cjs/react.development.js:2667:24)
          at act (/Users/ryan/Library/Mobile Documents/com~apple~CloudDocs/Documents/VSCode/Tax-App-Frontend/node_modules/react/cjs/react.development.js:2582:11)
          at /Users/ryan/Library/Mobile Documents/com~apple~CloudDocs/Documents/VSCode/Tax-App-Frontend/node_modules/@testing-library/react/dist/act-compat.js:46:25
          at renderRoot (/Users/ryan/Library/Mobile Documents/com~apple~CloudDocs/Documents/VSCode/Tax-App-Frontend/node_modules/@testing-library/react/dist/pure.js:189:26)
          at render (/Users/ryan/Library/Mobile Documents/com~apple~CloudDocs/Documents/VSCode/Tax-App-Frontend/node_modules/@testing-library/react/dist/pure.js:291:10)
          at Object.<anonymous> (/Users/ryan/Library/Mobile Documents/com~apple~CloudDocs/Documents/VSCode/Tax-App-Frontend/src/app/forms/1099-div/Form1099Div.error-scenarios.integration.test.tsx:665:13)
          at Promise.finally.completed (/Users/ryan/Library/Mobile Documents/com~apple~CloudDocs/Documents/VSCode/Tax-App-Frontend/node_modules/jest-circus/build/jestAdapterInit.js:1557:28)
          at new Promise (<anonymous>)
          at callAsyncCircusFn (/Users/ryan/Library/Mobile Documents/com~apple~CloudDocs/Documents/VSCode/Tax-App-Frontend/node_modules/jest-circus/build/jestAdapterInit.js:1497:10)
          at _callCircusTest (/Users/ryan/Library/Mobile Documents/com~apple~CloudDocs/Documents/VSCode/Tax-App-Frontend/node_modules/jest-circus/build/jestAdapterInit.js:1007:40)
          at processTicksAndRejections (node:internal/process/task_queues:95:5)
          at _runTest (/Users/ryan/Library/Mobile Documents/com~apple~CloudDocs/Documents/VSCode/Tax-App-Frontend/node_modules/jest-circus/build/jestAdapterInit.js:947:3)
          at /Users/ryan/Library/Mobile Documents/com~apple~CloudDocs/Documents/VSCode/Tax-App-Frontend/node_modules/jest-circus/build/jestAdapterInit.js:849:7
          at _runTestsForDescribeBlock (/Users/ryan/Library/Mobile Documents/com~apple~CloudDocs/Documents/VSCode/Tax-App-Frontend/node_modules/jest-circus/build/jestAdapterInit.js:862:11)
          at _runTestsForDescribeBlock (/Users/ryan/Library/Mobile Documents/com~apple~CloudDocs/Documents/VSCode/Tax-App-Frontend/node_modules/jest-circus/build/jestAdapterInit.js:857:11)
          at _runTestsForDescribeBlock (/Users/ryan/Library/Mobile Documents/com~apple~CloudDocs/Documents/VSCode/Tax-App-Frontend/node_modules/jest-circus/build/jestAdapterInit.js:857:11)
          at run (/Users/ryan/Library/Mobile Documents/com~apple~CloudDocs/Documents/VSCode/Tax-App-Frontend/node_modules/jest-circus/build/jestAdapterInit.js:761:3)
          at runAndTransformResultsToJestFormat (/Users/ryan/Library/Mobile Documents/com~apple~CloudDocs/Documents/VSCode/Tax-App-Frontend/node_modules/jest-circus/build/jestAdapterInit.js:1918:21)
          at jestAdapter (/Users/ryan/Library/Mobile Documents/com~apple~CloudDocs/Documents/VSCode/Tax-App-Frontend/node_modules/jest-circus/build/runner.js:101:19)
          at runTestInternal (/Users/ryan/Library/Mobile Documents/com~apple~CloudDocs/Documents/VSCode/Tax-App-Frontend/node_modules/jest-runner/build/testWorker.js:275:16)
          at runTest (/Users/ryan/Library/Mobile Documents/com~apple~CloudDocs/Documents/VSCode/Tax-App-Frontend/node_modules/jest-runner/build/testWorker.js:343:7)
          at Object.worker (/Users/ryan/Library/Mobile Documents/com~apple~CloudDocs/Documents/VSCode/Tax-App-Frontend/node_modules/jest-runner/build/testWorker.js:497:12) {
        detail: TypeError: (0 , _navigation.usePathname) is not a function
            at useForm1099Div (/Users/ryan/Library/Mobile Documents/com~apple~CloudDocs/Documents/VSCode/Tax-App-Frontend/src/hooks/useForm1099Div.ts:120:31)
            at Form1099DivClient (/Users/ryan/Library/Mobile Documents/com~apple~CloudDocs/Documents/VSCode/Tax-App-Frontend/src/app/forms/1099-div/Form1099DivClient.tsx:96:21)
            at renderWithHooks (/Users/ryan/Library/Mobile Documents/com~apple~CloudDocs/Documents/VSCode/Tax-App-Frontend/node_modules/react-dom/cjs/react-dom.development.js:15486:18)
            at mountIndeterminateComponent (/Users/ryan/Library/Mobile Documents/com~apple~CloudDocs/Documents/VSCode/Tax-App-Frontend/node_modules/react-dom/cjs/react-dom.development.js:20103:13)
            at beginWork (/Users/ryan/Library/Mobile Documents/com~apple~CloudDocs/Documents/VSCode/Tax-App-Frontend/node_modules/react-dom/cjs/react-dom.development.js:21626:16)
            at HTMLUnknownElement.callCallback (/Users/ryan/Library/Mobile Documents/com~apple~CloudDocs/Documents/VSCode/Tax-App-Frontend/node_modules/react-dom/cjs/react-dom.development.js:4164:14)
            at HTMLUnknownElement.callTheUserObjectsOperation (/Users/ryan/Library/Mobile Documents/com~apple~CloudDocs/Documents/VSCode/Tax-App-Frontend/node_modules/jsdom/lib/jsdom/living/generated/EventListener.js:26:30)
            at innerInvokeEventListeners (/Users/ryan/Library/Mobile Documents/com~apple~CloudDocs/Documents/VSCode/Tax-App-Frontend/node_modules/jsdom/lib/jsdom/living/events/EventTarget-impl.js:350:25)
            at invokeEventListeners (/Users/ryan/Library/Mobile Documents/com~apple~CloudDocs/Documents/VSCode/Tax-App-Frontend/node_modules/jsdom/lib/jsdom/living/events/EventTarget-impl.js:286:3)
            at HTMLUnknownElementImpl._dispatch (/Users/ryan/Library/Mobile Documents/com~apple~CloudDocs/Documents/VSCode/Tax-App-Frontend/node_modules/jsdom/lib/jsdom/living/events/EventTarget-impl.js:233:9)
            at HTMLUnknownElementImpl.dispatchEvent (/Users/ryan/Library/Mobile Documents/com~apple~CloudDocs/Documents/VSCode/Tax-App-Frontend/node_modules/jsdom/lib/jsdom/living/events/EventTarget-impl.js:104:17)
            at HTMLUnknownElement.dispatchEvent (/Users/ryan/Library/Mobile Documents/com~apple~CloudDocs/Documents/VSCode/Tax-App-Frontend/node_modules/jsdom/lib/jsdom/living/generated/EventTarget.js:241:34)
            at Object.invokeGuardedCallbackDev (/Users/ryan/Library/Mobile Documents/com~apple~CloudDocs/Documents/VSCode/Tax-App-Frontend/node_modules/react-dom/cjs/react-dom.development.js:4213:16)
            at invokeGuardedCallback (/Users/ryan/Library/Mobile Documents/com~apple~CloudDocs/Documents/VSCode/Tax-App-Frontend/node_modules/react-dom/cjs/react-dom.development.js:4277:31)
            at beginWork$1 (/Users/ryan/Library/Mobile Documents/com~apple~CloudDocs/Documents/VSCode/Tax-App-Frontend/node_modules/react-dom/cjs/react-dom.development.js:27490:7)
            at performUnitOfWork (/Users/ryan/Library/Mobile Documents/com~apple~CloudDocs/Documents/VSCode/Tax-App-Frontend/node_modules/react-dom/cjs/react-dom.development.js:26599:12)
            at workLoopSync (/Users/ryan/Library/Mobile Documents/com~apple~CloudDocs/Documents/VSCode/Tax-App-Frontend/node_modules/react-dom/cjs/react-dom.development.js:26505:5)
            at renderRootSync (/Users/ryan/Library/Mobile Documents/com~apple~CloudDocs/Documents/VSCode/Tax-App-Frontend/node_modules/react-dom/cjs/react-dom.development.js:26473:7)
            at performConcurrentWorkOnRoot (/Users/ryan/Library/Mobile Documents/com~apple~CloudDocs/Documents/VSCode/Tax-App-Frontend/node_modules/react-dom/cjs/react-dom.development.js:25777:74)
            at flushActQueue (/Users/ryan/Library/Mobile Documents/com~apple~CloudDocs/Documents/VSCode/Tax-App-Frontend/node_modules/react/cjs/react.development.js:2667:24)
            at act (/Users/ryan/Library/Mobile Documents/com~apple~CloudDocs/Documents/VSCode/Tax-App-Frontend/node_modules/react/cjs/react.development.js:2582:11)
            at /Users/ryan/Library/Mobile Documents/com~apple~CloudDocs/Documents/VSCode/Tax-App-Frontend/node_modules/@testing-library/react/dist/act-compat.js:46:25
            at renderRoot (/Users/ryan/Library/Mobile Documents/com~apple~CloudDocs/Documents/VSCode/Tax-App-Frontend/node_modules/@testing-library/react/dist/pure.js:189:26)
            at render (/Users/ryan/Library/Mobile Documents/com~apple~CloudDocs/Documents/VSCode/Tax-App-Frontend/node_modules/@testing-library/react/dist/pure.js:291:10)
            at Object.<anonymous> (/Users/ryan/Library/Mobile Documents/com~apple~CloudDocs/Documents/VSCode/Tax-App-Frontend/src/app/forms/1099-div/Form1099Div.error-scenarios.integration.test.tsx:665:13)
            at Promise.finally.completed (/Users/ryan/Library/Mobile Documents/com~apple~CloudDocs/Documents/VSCode/Tax-App-Frontend/node_modules/jest-circus/build/jestAdapterInit.js:1557:28)
            at new Promise (<anonymous>)
            at callAsyncCircusFn (/Users/ryan/Library/Mobile Documents/com~apple~CloudDocs/Documents/VSCode/Tax-App-Frontend/node_modules/jest-circus/build/jestAdapterInit.js:1497:10)
            at _callCircusTest (/Users/ryan/Library/Mobile Documents/com~apple~CloudDocs/Documents/VSCode/Tax-App-Frontend/node_modules/jest-circus/build/jestAdapterInit.js:1007:40)
            at processTicksAndRejections (node:internal/process/task_queues:95:5)
            at _runTest (/Users/ryan/Library/Mobile Documents/com~apple~CloudDocs/Documents/VSCode/Tax-App-Frontend/node_modules/jest-circus/build/jestAdapterInit.js:947:3)
            at /Users/ryan/Library/Mobile Documents/com~apple~CloudDocs/Documents/VSCode/Tax-App-Frontend/node_modules/jest-circus/build/jestAdapterInit.js:849:7
            at _runTestsForDescribeBlock (/Users/ryan/Library/Mobile Documents/com~apple~CloudDocs/Documents/VSCode/Tax-App-Frontend/node_modules/jest-circus/build/jestAdapterInit.js:862:11)
            at _runTestsForDescribeBlock (/Users/ryan/Library/Mobile Documents/com~apple~CloudDocs/Documents/VSCode/Tax-App-Frontend/node_modules/jest-circus/build/jestAdapterInit.js:857:11)
            at _runTestsForDescribeBlock (/Users/ryan/Library/Mobile Documents/com~apple~CloudDocs/Documents/VSCode/Tax-App-Frontend/node_modules/jest-circus/build/jestAdapterInit.js:857:11)
            at run (/Users/ryan/Library/Mobile Documents/com~apple~CloudDocs/Documents/VSCode/Tax-App-Frontend/node_modules/jest-circus/build/jestAdapterInit.js:761:3)
            at runAndTransformResultsToJestFormat (/Users/ryan/Library/Mobile Documents/com~apple~CloudDocs/Documents/VSCode/Tax-App-Frontend/node_modules/jest-circus/build/jestAdapterInit.js:1918:21)
            at jestAdapter (/Users/ryan/Library/Mobile Documents/com~apple~CloudDocs/Documents/VSCode/Tax-App-Frontend/node_modules/jest-circus/build/runner.js:101:19)
            at runTestInternal (/Users/ryan/Library/Mobile Documents/com~apple~CloudDocs/Documents/VSCode/Tax-App-Frontend/node_modules/jest-runner/build/testWorker.js:275:16)
            at runTest (/Users/ryan/Library/Mobile Documents/com~apple~CloudDocs/Documents/VSCode/Tax-App-Frontend/node_modules/jest-runner/build/testWorker.js:343:7)
            at Object.worker (/Users/ryan/Library/Mobile Documents/com~apple~CloudDocs/Documents/VSCode/Tax-App-Frontend/node_modules/jest-runner/build/testWorker.js:497:12),
        type: 'unhandled exception'
      }

      663 |       (documentService.generateDocument as jest.Mock).mockReturnValue(promise);
      664 |
    > 665 |       render(<Form1099DivClient initialToken={mockToken} />);
          |             ^
      666 |
      667 |       // Fill and submit
      668 |       const calendarYearInput = screen.getByLabelText(/Tax Year/i);

      at VirtualConsole.<anonymous> (node_modules/@jest/environment-jsdom-abstract/build/index.js:87:23)
      at reportException (node_modules/jsdom/lib/jsdom/living/helpers/runtime-script-errors.js:70:28)
      at innerInvokeEventListeners (node_modules/jsdom/lib/jsdom/living/events/EventTarget-impl.js:353:9)
      at invokeEventListeners (node_modules/jsdom/lib/jsdom/living/events/EventTarget-impl.js:286:3)
      at HTMLUnknownElementImpl._dispatch (node_modules/jsdom/lib/jsdom/living/events/EventTarget-impl.js:233:9)
      at HTMLUnknownElementImpl.dispatchEvent (node_modules/jsdom/lib/jsdom/living/events/EventTarget-impl.js:104:17)
      at HTMLUnknownElement.dispatchEvent (node_modules/jsdom/lib/jsdom/living/generated/EventTarget.js:241:34)
      at Object.invokeGuardedCallbackDev (node_modules/react-dom/cjs/react-dom.development.js:4213:16)
      at invokeGuardedCallback (node_modules/react-dom/cjs/react-dom.development.js:4277:31)
      at beginWork$1 (node_modules/react-dom/cjs/react-dom.development.js:27490:7)
      at performUnitOfWork (node_modules/react-dom/cjs/react-dom.development.js:26599:12)
      at workLoopSync (node_modules/react-dom/cjs/react-dom.development.js:26505:5)
      at renderRootSync (node_modules/react-dom/cjs/react-dom.development.js:26473:7)
      at performConcurrentWorkOnRoot (node_modules/react-dom/cjs/react-dom.development.js:25777:74)
      at flushActQueue (node_modules/react/cjs/react.development.js:2667:24)
      at act (node_modules/react/cjs/react.development.js:2582:11)
      at node_modules/@testing-library/react/dist/act-compat.js:46:25
      at renderRoot (node_modules/@testing-library/react/dist/pure.js:189:26)
      at render (node_modules/@testing-library/react/dist/pure.js:291:10)
      at Object.<anonymous> (src/app/forms/1099-div/Form1099Div.error-scenarios.integration.test.tsx:665:13)

    console.error
      Error: Uncaught [TypeError: (0 , _navigation.usePathname) is not a function]
          at reportException (/Users/ryan/Library/Mobile Documents/com~apple~CloudDocs/Documents/VSCode/Tax-App-Frontend/node_modules/jsdom/lib/jsdom/living/helpers/runtime-script-errors.js:66:24)
          at innerInvokeEventListeners (/Users/ryan/Library/Mobile Documents/com~apple~CloudDocs/Documents/VSCode/Tax-App-Frontend/node_modules/jsdom/lib/jsdom/living/events/EventTarget-impl.js:353:9)
          at invokeEventListeners (/Users/ryan/Library/Mobile Documents/com~apple~CloudDocs/Documents/VSCode/Tax-App-Frontend/node_modules/jsdom/lib/jsdom/living/events/EventTarget-impl.js:286:3)
          at HTMLUnknownElementImpl._dispatch (/Users/ryan/Library/Mobile Documents/com~apple~CloudDocs/Documents/VSCode/Tax-App-Frontend/node_modules/jsdom/lib/jsdom/living/events/EventTarget-impl.js:233:9)
          at HTMLUnknownElementImpl.dispatchEvent (/Users/ryan/Library/Mobile Documents/com~apple~CloudDocs/Documents/VSCode/Tax-App-Frontend/node_modules/jsdom/lib/jsdom/living/events/EventTarget-impl.js:104:17)
          at HTMLUnknownElement.dispatchEvent (/Users/ryan/Library/Mobile Documents/com~apple~CloudDocs/Documents/VSCode/Tax-App-Frontend/node_modules/jsdom/lib/jsdom/living/generated/EventTarget.js:241:34)
          at Object.invokeGuardedCallbackDev (/Users/ryan/Library/Mobile Documents/com~apple~CloudDocs/Documents/VSCode/Tax-App-Frontend/node_modules/react-dom/cjs/react-dom.development.js:4213:16)
          at invokeGuardedCallback (/Users/ryan/Library/Mobile Documents/com~apple~CloudDocs/Documents/VSCode/Tax-App-Frontend/node_modules/react-dom/cjs/react-dom.development.js:4277:31)
          at beginWork$1 (/Users/ryan/Library/Mobile Documents/com~apple~CloudDocs/Documents/VSCode/Tax-App-Frontend/node_modules/react-dom/cjs/react-dom.development.js:27490:7)
          at performUnitOfWork (/Users/ryan/Library/Mobile Documents/com~apple~CloudDocs/Documents/VSCode/Tax-App-Frontend/node_modules/react-dom/cjs/react-dom.development.js:26599:12)
          at workLoopSync (/Users/ryan/Library/Mobile Documents/com~apple~CloudDocs/Documents/VSCode/Tax-App-Frontend/node_modules/react-dom/cjs/react-dom.development.js:26505:5)
          at renderRootSync (/Users/ryan/Library/Mobile Documents/com~apple~CloudDocs/Documents/VSCode/Tax-App-Frontend/node_modules/react-dom/cjs/react-dom.development.js:26473:7)
          at recoverFromConcurrentError (/Users/ryan/Library/Mobile Documents/com~apple~CloudDocs/Documents/VSCode/Tax-App-Frontend/node_modules/react-dom/cjs/react-dom.development.js:25889:20)
          at performConcurrentWorkOnRoot (/Users/ryan/Library/Mobile Documents/com~apple~CloudDocs/Documents/VSCode/Tax-App-Frontend/node_modules/react-dom/cjs/react-dom.development.js:25789:22)
          at flushActQueue (/Users/ryan/Library/Mobile Documents/com~apple~CloudDocs/Documents/VSCode/Tax-App-Frontend/node_modules/react/cjs/react.development.js:2667:24)
          at act (/Users/ryan/Library/Mobile Documents/com~apple~CloudDocs/Documents/VSCode/Tax-App-Frontend/node_modules/react/cjs/react.development.js:2582:11)
          at /Users/ryan/Library/Mobile Documents/com~apple~CloudDocs/Documents/VSCode/Tax-App-Frontend/node_modules/@testing-library/react/dist/act-compat.js:46:25
          at renderRoot (/Users/ryan/Library/Mobile Documents/com~apple~CloudDocs/Documents/VSCode/Tax-App-Frontend/node_modules/@testing-library/react/dist/pure.js:189:26)
          at render (/Users/ryan/Library/Mobile Documents/com~apple~CloudDocs/Documents/VSCode/Tax-App-Frontend/node_modules/@testing-library/react/dist/pure.js:291:10)
          at Object.<anonymous> (/Users/ryan/Library/Mobile Documents/com~apple~CloudDocs/Documents/VSCode/Tax-App-Frontend/src/app/forms/1099-div/Form1099Div.error-scenarios.integration.test.tsx:665:13)
          at Promise.finally.completed (/Users/ryan/Library/Mobile Documents/com~apple~CloudDocs/Documents/VSCode/Tax-App-Frontend/node_modules/jest-circus/build/jestAdapterInit.js:1557:28)
          at new Promise (<anonymous>)
          at callAsyncCircusFn (/Users/ryan/Library/Mobile Documents/com~apple~CloudDocs/Documents/VSCode/Tax-App-Frontend/node_modules/jest-circus/build/jestAdapterInit.js:1497:10)
          at _callCircusTest (/Users/ryan/Library/Mobile Documents/com~apple~CloudDocs/Documents/VSCode/Tax-App-Frontend/node_modules/jest-circus/build/jestAdapterInit.js:1007:40)
          at processTicksAndRejections (node:internal/process/task_queues:95:5)
          at _runTest (/Users/ryan/Library/Mobile Documents/com~apple~CloudDocs/Documents/VSCode/Tax-App-Frontend/node_modules/jest-circus/build/jestAdapterInit.js:947:3)
          at /Users/ryan/Library/Mobile Documents/com~apple~CloudDocs/Documents/VSCode/Tax-App-Frontend/node_modules/jest-circus/build/jestAdapterInit.js:849:7
          at _runTestsForDescribeBlock (/Users/ryan/Library/Mobile Documents/com~apple~CloudDocs/Documents/VSCode/Tax-App-Frontend/node_modules/jest-circus/build/jestAdapterInit.js:862:11)
          at _runTestsForDescribeBlock (/Users/ryan/Library/Mobile Documents/com~apple~CloudDocs/Documents/VSCode/Tax-App-Frontend/node_modules/jest-circus/build/jestAdapterInit.js:857:11)
          at _runTestsForDescribeBlock (/Users/ryan/Library/Mobile Documents/com~apple~CloudDocs/Documents/VSCode/Tax-App-Frontend/node_modules/jest-circus/build/jestAdapterInit.js:857:11)
          at run (/Users/ryan/Library/Mobile Documents/com~apple~CloudDocs/Documents/VSCode/Tax-App-Frontend/node_modules/jest-circus/build/jestAdapterInit.js:761:3)
          at runAndTransformResultsToJestFormat (/Users/ryan/Library/Mobile Documents/com~apple~CloudDocs/Documents/VSCode/Tax-App-Frontend/node_modules/jest-circus/build/jestAdapterInit.js:1918:21)
          at jestAdapter (/Users/ryan/Library/Mobile Documents/com~apple~CloudDocs/Documents/VSCode/Tax-App-Frontend/node_modules/jest-circus/build/runner.js:101:19)
          at runTestInternal (/Users/ryan/Library/Mobile Documents/com~apple~CloudDocs/Documents/VSCode/Tax-App-Frontend/node_modules/jest-runner/build/testWorker.js:275:16)
          at runTest (/Users/ryan/Library/Mobile Documents/com~apple~CloudDocs/Documents/VSCode/Tax-App-Frontend/node_modules/jest-runner/build/testWorker.js:343:7)
          at Object.worker (/Users/ryan/Library/Mobile Documents/com~apple~CloudDocs/Documents/VSCode/Tax-App-Frontend/node_modules/jest-runner/build/testWorker.js:497:12) {
        detail: TypeError: (0 , _navigation.usePathname) is not a function
            at useForm1099Div (/Users/ryan/Library/Mobile Documents/com~apple~CloudDocs/Documents/VSCode/Tax-App-Frontend/src/hooks/useForm1099Div.ts:120:31)
            at Form1099DivClient (/Users/ryan/Library/Mobile Documents/com~apple~CloudDocs/Documents/VSCode/Tax-App-Frontend/src/app/forms/1099-div/Form1099DivClient.tsx:96:21)
            at renderWithHooks (/Users/ryan/Library/Mobile Documents/com~apple~CloudDocs/Documents/VSCode/Tax-App-Frontend/node_modules/react-dom/cjs/react-dom.development.js:15486:18)
            at mountIndeterminateComponent (/Users/ryan/Library/Mobile Documents/com~apple~CloudDocs/Documents/VSCode/Tax-App-Frontend/node_modules/react-dom/cjs/react-dom.development.js:20103:13)
            at beginWork (/Users/ryan/Library/Mobile Documents/com~apple~CloudDocs/Documents/VSCode/Tax-App-Frontend/node_modules/react-dom/cjs/react-dom.development.js:21626:16)
            at HTMLUnknownElement.callCallback (/Users/ryan/Library/Mobile Documents/com~apple~CloudDocs/Documents/VSCode/Tax-App-Frontend/node_modules/react-dom/cjs/react-dom.development.js:4164:14)
            at HTMLUnknownElement.callTheUserObjectsOperation (/Users/ryan/Library/Mobile Documents/com~apple~CloudDocs/Documents/VSCode/Tax-App-Frontend/node_modules/jsdom/lib/jsdom/living/generated/EventListener.js:26:30)
            at innerInvokeEventListeners (/Users/ryan/Library/Mobile Documents/com~apple~CloudDocs/Documents/VSCode/Tax-App-Frontend/node_modules/jsdom/lib/jsdom/living/events/EventTarget-impl.js:350:25)
            at invokeEventListeners (/Users/ryan/Library/Mobile Documents/com~apple~CloudDocs/Documents/VSCode/Tax-App-Frontend/node_modules/jsdom/lib/jsdom/living/events/EventTarget-impl.js:286:3)
            at HTMLUnknownElementImpl._dispatch (/Users/ryan/Library/Mobile Documents/com~apple~CloudDocs/Documents/VSCode/Tax-App-Frontend/node_modules/jsdom/lib/jsdom/living/events/EventTarget-impl.js:233:9)
            at HTMLUnknownElementImpl.dispatchEvent (/Users/ryan/Library/Mobile Documents/com~apple~CloudDocs/Documents/VSCode/Tax-App-Frontend/node_modules/jsdom/lib/jsdom/living/events/EventTarget-impl.js:104:17)
            at HTMLUnknownElement.dispatchEvent (/Users/ryan/Library/Mobile Documents/com~apple~CloudDocs/Documents/VSCode/Tax-App-Frontend/node_modules/jsdom/lib/jsdom/living/generated/EventTarget.js:241:34)
            at Object.invokeGuardedCallbackDev (/Users/ryan/Library/Mobile Documents/com~apple~CloudDocs/Documents/VSCode/Tax-App-Frontend/node_modules/react-dom/cjs/react-dom.development.js:4213:16)
            at invokeGuardedCallback (/Users/ryan/Library/Mobile Documents/com~apple~CloudDocs/Documents/VSCode/Tax-App-Frontend/node_modules/react-dom/cjs/react-dom.development.js:4277:31)
            at beginWork$1 (/Users/ryan/Library/Mobile Documents/com~apple~CloudDocs/Documents/VSCode/Tax-App-Frontend/node_modules/react-dom/cjs/react-dom.development.js:27490:7)
            at performUnitOfWork (/Users/ryan/Library/Mobile Documents/com~apple~CloudDocs/Documents/VSCode/Tax-App-Frontend/node_modules/react-dom/cjs/react-dom.development.js:26599:12)
            at workLoopSync (/Users/ryan/Library/Mobile Documents/com~apple~CloudDocs/Documents/VSCode/Tax-App-Frontend/node_modules/react-dom/cjs/react-dom.development.js:26505:5)
            at renderRootSync (/Users/ryan/Library/Mobile Documents/com~apple~CloudDocs/Documents/VSCode/Tax-App-Frontend/node_modules/react-dom/cjs/react-dom.development.js:26473:7)
            at recoverFromConcurrentError (/Users/ryan/Library/Mobile Documents/com~apple~CloudDocs/Documents/VSCode/Tax-App-Frontend/node_modules/react-dom/cjs/react-dom.development.js:25889:20)
            at performConcurrentWorkOnRoot (/Users/ryan/Library/Mobile Documents/com~apple~CloudDocs/Documents/VSCode/Tax-App-Frontend/node_modules/react-dom/cjs/react-dom.development.js:25789:22)
            at flushActQueue (/Users/ryan/Library/Mobile Documents/com~apple~CloudDocs/Documents/VSCode/Tax-App-Frontend/node_modules/react/cjs/react.development.js:2667:24)
            at act (/Users/ryan/Library/Mobile Documents/com~apple~CloudDocs/Documents/VSCode/Tax-App-Frontend/node_modules/react/cjs/react.development.js:2582:11)
            at /Users/ryan/Library/Mobile Documents/com~apple~CloudDocs/Documents/VSCode/Tax-App-Frontend/node_modules/@testing-library/react/dist/act-compat.js:46:25
            at renderRoot (/Users/ryan/Library/Mobile Documents/com~apple~CloudDocs/Documents/VSCode/Tax-App-Frontend/node_modules/@testing-library/react/dist/pure.js:189:26)
            at render (/Users/ryan/Library/Mobile Documents/com~apple~CloudDocs/Documents/VSCode/Tax-App-Frontend/node_modules/@testing-library/react/dist/pure.js:291:10)
            at Object.<anonymous> (/Users/ryan/Library/Mobile Documents/com~apple~CloudDocs/Documents/VSCode/Tax-App-Frontend/src/app/forms/1099-div/Form1099Div.error-scenarios.integration.test.tsx:665:13)
            at Promise.finally.completed (/Users/ryan/Library/Mobile Documents/com~apple~CloudDocs/Documents/VSCode/Tax-App-Frontend/node_modules/jest-circus/build/jestAdapterInit.js:1557:28)
            at new Promise (<anonymous>)
            at callAsyncCircusFn (/Users/ryan/Library/Mobile Documents/com~apple~CloudDocs/Documents/VSCode/Tax-App-Frontend/node_modules/jest-circus/build/jestAdapterInit.js:1497:10)
            at _callCircusTest (/Users/ryan/Library/Mobile Documents/com~apple~CloudDocs/Documents/VSCode/Tax-App-Frontend/node_modules/jest-circus/build/jestAdapterInit.js:1007:40)
            at processTicksAndRejections (node:internal/process/task_queues:95:5)
            at _runTest (/Users/ryan/Library/Mobile Documents/com~apple~CloudDocs/Documents/VSCode/Tax-App-Frontend/node_modules/jest-circus/build/jestAdapterInit.js:947:3)
            at /Users/ryan/Library/Mobile Documents/com~apple~CloudDocs/Documents/VSCode/Tax-App-Frontend/node_modules/jest-circus/build/jestAdapterInit.js:849:7
            at _runTestsForDescribeBlock (/Users/ryan/Library/Mobile Documents/com~apple~CloudDocs/Documents/VSCode/Tax-App-Frontend/node_modules/jest-circus/build/jestAdapterInit.js:862:11)
            at _runTestsForDescribeBlock (/Users/ryan/Library/Mobile Documents/com~apple~CloudDocs/Documents/VSCode/Tax-App-Frontend/node_modules/jest-circus/build/jestAdapterInit.js:857:11)
            at _runTestsForDescribeBlock (/Users/ryan/Library/Mobile Documents/com~apple~CloudDocs/Documents/VSCode/Tax-App-Frontend/node_modules/jest-circus/build/jestAdapterInit.js:857:11)
            at run (/Users/ryan/Library/Mobile Documents/com~apple~CloudDocs/Documents/VSCode/Tax-App-Frontend/node_modules/jest-circus/build/jestAdapterInit.js:761:3)
            at runAndTransformResultsToJestFormat (/Users/ryan/Library/Mobile Documents/com~apple~CloudDocs/Documents/VSCode/Tax-App-Frontend/node_modules/jest-circus/build/jestAdapterInit.js:1918:21)
            at jestAdapter (/Users/ryan/Library/Mobile Documents/com~apple~CloudDocs/Documents/VSCode/Tax-App-Frontend/node_modules/jest-circus/build/runner.js:101:19)
            at runTestInternal (/Users/ryan/Library/Mobile Documents/com~apple~CloudDocs/Documents/VSCode/Tax-App-Frontend/node_modules/jest-runner/build/testWorker.js:275:16)
            at runTest (/Users/ryan/Library/Mobile Documents/com~apple~CloudDocs/Documents/VSCode/Tax-App-Frontend/node_modules/jest-runner/build/testWorker.js:343:7)
            at Object.worker (/Users/ryan/Library/Mobile Documents/com~apple~CloudDocs/Documents/VSCode/Tax-App-Frontend/node_modules/jest-runner/build/testWorker.js:497:12),
        type: 'unhandled exception'
      }

      663 |       (documentService.generateDocument as jest.Mock).mockReturnValue(promise);
      664 |
    > 665 |       render(<Form1099DivClient initialToken={mockToken} />);
          |             ^
      666 |
      667 |       // Fill and submit
      668 |       const calendarYearInput = screen.getByLabelText(/Tax Year/i);

      at VirtualConsole.<anonymous> (node_modules/@jest/environment-jsdom-abstract/build/index.js:87:23)
      at reportException (node_modules/jsdom/lib/jsdom/living/helpers/runtime-script-errors.js:70:28)
      at innerInvokeEventListeners (node_modules/jsdom/lib/jsdom/living/events/EventTarget-impl.js:353:9)
      at invokeEventListeners (node_modules/jsdom/lib/jsdom/living/events/EventTarget-impl.js:286:3)
      at HTMLUnknownElementImpl._dispatch (node_modules/jsdom/lib/jsdom/living/events/EventTarget-impl.js:233:9)
      at HTMLUnknownElementImpl.dispatchEvent (node_modules/jsdom/lib/jsdom/living/events/EventTarget-impl.js:104:17)
      at HTMLUnknownElement.dispatchEvent (node_modules/jsdom/lib/jsdom/living/generated/EventTarget.js:241:34)
      at Object.invokeGuardedCallbackDev (node_modules/react-dom/cjs/react-dom.development.js:4213:16)
      at invokeGuardedCallback (node_modules/react-dom/cjs/react-dom.development.js:4277:31)
      at beginWork$1 (node_modules/react-dom/cjs/react-dom.development.js:27490:7)
      at performUnitOfWork (node_modules/react-dom/cjs/react-dom.development.js:26599:12)
      at workLoopSync (node_modules/react-dom/cjs/react-dom.development.js:26505:5)
      at renderRootSync (node_modules/react-dom/cjs/react-dom.development.js:26473:7)
      at recoverFromConcurrentError (node_modules/react-dom/cjs/react-dom.development.js:25889:20)
      at performConcurrentWorkOnRoot (node_modules/react-dom/cjs/react-dom.development.js:25789:22)
      at flushActQueue (node_modules/react/cjs/react.development.js:2667:24)
      at act (node_modules/react/cjs/react.development.js:2582:11)
      at node_modules/@testing-library/react/dist/act-compat.js:46:25
      at renderRoot (node_modules/@testing-library/react/dist/pure.js:189:26)
      at render (node_modules/@testing-library/react/dist/pure.js:291:10)
      at Object.<anonymous> (src/app/forms/1099-div/Form1099Div.error-scenarios.integration.test.tsx:665:13)

    console.error
      The above error occurred in the <Form1099DivClient> component:
      
          at initialToken (/Users/ryan/Library/Mobile Documents/com~apple~CloudDocs/Documents/VSCode/Tax-App-Frontend/src/app/forms/1099-div/Form1099DivClient.tsx:69:3)
      
      Consider adding an error boundary to your tree to customize error handling behavior.
      Visit https://reactjs.org/link/error-boundaries to learn more about error boundaries.

      663 |       (documentService.generateDocument as jest.Mock).mockReturnValue(promise);
      664 |
    > 665 |       render(<Form1099DivClient initialToken={mockToken} />);
          |             ^
      666 |
      667 |       // Fill and submit
      668 |       const calendarYearInput = screen.getByLabelText(/Tax Year/i);

      at logCapturedError (node_modules/react-dom/cjs/react-dom.development.js:18704:23)
      at update.callback (node_modules/react-dom/cjs/react-dom.development.js:18737:5)
      at callCallback (node_modules/react-dom/cjs/react-dom.development.js:15036:12)
      at commitUpdateQueue (node_modules/react-dom/cjs/react-dom.development.js:15057:9)
      at commitLayoutEffectOnFiber (node_modules/react-dom/cjs/react-dom.development.js:23430:13)
      at commitLayoutMountEffects_complete (node_modules/react-dom/cjs/react-dom.development.js:24727:9)
      at commitLayoutEffects_begin (node_modules/react-dom/cjs/react-dom.development.js:24713:7)
      at commitLayoutEffects (node_modules/react-dom/cjs/react-dom.development.js:24651:3)
      at commitRootImpl (node_modules/react-dom/cjs/react-dom.development.js:26862:5)
      at commitRoot (node_modules/react-dom/cjs/react-dom.development.js:26721:5)
      at finishConcurrentRender (node_modules/react-dom/cjs/react-dom.development.js:25931:9)
      at performConcurrentWorkOnRoot (node_modules/react-dom/cjs/react-dom.development.js:25848:7)
      at flushActQueue (node_modules/react/cjs/react.development.js:2667:24)
      at act (node_modules/react/cjs/react.development.js:2582:11)
      at node_modules/@testing-library/react/dist/act-compat.js:46:25
      at renderRoot (node_modules/@testing-library/react/dist/pure.js:189:26)
      at render (node_modules/@testing-library/react/dist/pure.js:291:10)
      at Object.<anonymous> (src/app/forms/1099-div/Form1099Div.error-scenarios.integration.test.tsx:665:13)

    console.error
      Error: Uncaught [TypeError: (0 , _navigation.usePathname) is not a function]
          at reportException (/Users/ryan/Library/Mobile Documents/com~apple~CloudDocs/Documents/VSCode/Tax-App-Frontend/node_modules/jsdom/lib/jsdom/living/helpers/runtime-script-errors.js:66:24)
          at innerInvokeEventListeners (/Users/ryan/Library/Mobile Documents/com~apple~CloudDocs/Documents/VSCode/Tax-App-Frontend/node_modules/jsdom/lib/jsdom/living/events/EventTarget-impl.js:353:9)
          at invokeEventListeners (/Users/ryan/Library/Mobile Documents/com~apple~CloudDocs/Documents/VSCode/Tax-App-Frontend/node_modules/jsdom/lib/jsdom/living/events/EventTarget-impl.js:286:3)
          at HTMLUnknownElementImpl._dispatch (/Users/ryan/Library/Mobile Documents/com~apple~CloudDocs/Documents/VSCode/Tax-App-Frontend/node_modules/jsdom/lib/jsdom/living/events/EventTarget-impl.js:233:9)
          at HTMLUnknownElementImpl.dispatchEvent (/Users/ryan/Library/Mobile Documents/com~apple~CloudDocs/Documents/VSCode/Tax-App-Frontend/node_modules/jsdom/lib/jsdom/living/events/EventTarget-impl.js:104:17)
          at HTMLUnknownElement.dispatchEvent (/Users/ryan/Library/Mobile Documents/com~apple~CloudDocs/Documents/VSCode/Tax-App-Frontend/node_modules/jsdom/lib/jsdom/living/generated/EventTarget.js:241:34)
          at Object.invokeGuardedCallbackDev (/Users/ryan/Library/Mobile Documents/com~apple~CloudDocs/Documents/VSCode/Tax-App-Frontend/node_modules/react-dom/cjs/react-dom.development.js:4213:16)
          at invokeGuardedCallback (/Users/ryan/Library/Mobile Documents/com~apple~CloudDocs/Documents/VSCode/Tax-App-Frontend/node_modules/react-dom/cjs/react-dom.development.js:4277:31)
          at beginWork$1 (/Users/ryan/Library/Mobile Documents/com~apple~CloudDocs/Documents/VSCode/Tax-App-Frontend/node_modules/react-dom/cjs/react-dom.development.js:27490:7)
          at performUnitOfWork (/Users/ryan/Library/Mobile Documents/com~apple~CloudDocs/Documents/VSCode/Tax-App-Frontend/node_modules/react-dom/cjs/react-dom.development.js:26599:12)
          at workLoopSync (/Users/ryan/Library/Mobile Documents/com~apple~CloudDocs/Documents/VSCode/Tax-App-Frontend/node_modules/react-dom/cjs/react-dom.development.js:26505:5)
          at renderRootSync (/Users/ryan/Library/Mobile Documents/com~apple~CloudDocs/Documents/VSCode/Tax-App-Frontend/node_modules/react-dom/cjs/react-dom.development.js:26473:7)
          at performConcurrentWorkOnRoot (/Users/ryan/Library/Mobile Documents/com~apple~CloudDocs/Documents/VSCode/Tax-App-Frontend/node_modules/react-dom/cjs/react-dom.development.js:25777:74)
          at flushActQueue (/Users/ryan/Library/Mobile Documents/com~apple~CloudDocs/Documents/VSCode/Tax-App-Frontend/node_modules/react/cjs/react.development.js:2667:24)
          at act (/Users/ryan/Library/Mobile Documents/com~apple~CloudDocs/Documents/VSCode/Tax-App-Frontend/node_modules/react/cjs/react.development.js:2582:11)
          at /Users/ryan/Library/Mobile Documents/com~apple~CloudDocs/Documents/VSCode/Tax-App-Frontend/node_modules/@testing-library/react/dist/act-compat.js:46:25
          at renderRoot (/Users/ryan/Library/Mobile Documents/com~apple~CloudDocs/Documents/VSCode/Tax-App-Frontend/node_modules/@testing-library/react/dist/pure.js:189:26)
          at render (/Users/ryan/Library/Mobile Documents/com~apple~CloudDocs/Documents/VSCode/Tax-App-Frontend/node_modules/@testing-library/react/dist/pure.js:291:10)
          at Object.<anonymous> (/Users/ryan/Library/Mobile Documents/com~apple~CloudDocs/Documents/VSCode/Tax-App-Frontend/src/app/forms/1099-div/Form1099Div.error-scenarios.integration.test.tsx:711:13)
          at Promise.finally.completed (/Users/ryan/Library/Mobile Documents/com~apple~CloudDocs/Documents/VSCode/Tax-App-Frontend/node_modules/jest-circus/build/jestAdapterInit.js:1557:28)
          at new Promise (<anonymous>)
          at callAsyncCircusFn (/Users/ryan/Library/Mobile Documents/com~apple~CloudDocs/Documents/VSCode/Tax-App-Frontend/node_modules/jest-circus/build/jestAdapterInit.js:1497:10)
          at _callCircusTest (/Users/ryan/Library/Mobile Documents/com~apple~CloudDocs/Documents/VSCode/Tax-App-Frontend/node_modules/jest-circus/build/jestAdapterInit.js:1007:40)
          at processTicksAndRejections (node:internal/process/task_queues:95:5)
          at _runTest (/Users/ryan/Library/Mobile Documents/com~apple~CloudDocs/Documents/VSCode/Tax-App-Frontend/node_modules/jest-circus/build/jestAdapterInit.js:947:3)
          at /Users/ryan/Library/Mobile Documents/com~apple~CloudDocs/Documents/VSCode/Tax-App-Frontend/node_modules/jest-circus/build/jestAdapterInit.js:849:7
          at _runTestsForDescribeBlock (/Users/ryan/Library/Mobile Documents/com~apple~CloudDocs/Documents/VSCode/Tax-App-Frontend/node_modules/jest-circus/build/jestAdapterInit.js:862:11)
          at _runTestsForDescribeBlock (/Users/ryan/Library/Mobile Documents/com~apple~CloudDocs/Documents/VSCode/Tax-App-Frontend/node_modules/jest-circus/build/jestAdapterInit.js:857:11)
          at _runTestsForDescribeBlock (/Users/ryan/Library/Mobile Documents/com~apple~CloudDocs/Documents/VSCode/Tax-App-Frontend/node_modules/jest-circus/build/jestAdapterInit.js:857:11)
          at run (/Users/ryan/Library/Mobile Documents/com~apple~CloudDocs/Documents/VSCode/Tax-App-Frontend/node_modules/jest-circus/build/jestAdapterInit.js:761:3)
          at runAndTransformResultsToJestFormat (/Users/ryan/Library/Mobile Documents/com~apple~CloudDocs/Documents/VSCode/Tax-App-Frontend/node_modules/jest-circus/build/jestAdapterInit.js:1918:21)
          at jestAdapter (/Users/ryan/Library/Mobile Documents/com~apple~CloudDocs/Documents/VSCode/Tax-App-Frontend/node_modules/jest-circus/build/runner.js:101:19)
          at runTestInternal (/Users/ryan/Library/Mobile Documents/com~apple~CloudDocs/Documents/VSCode/Tax-App-Frontend/node_modules/jest-runner/build/testWorker.js:275:16)
          at runTest (/Users/ryan/Library/Mobile Documents/com~apple~CloudDocs/Documents/VSCode/Tax-App-Frontend/node_modules/jest-runner/build/testWorker.js:343:7)
          at Object.worker (/Users/ryan/Library/Mobile Documents/com~apple~CloudDocs/Documents/VSCode/Tax-App-Frontend/node_modules/jest-runner/build/testWorker.js:497:12) {
        detail: TypeError: (0 , _navigation.usePathname) is not a function
            at useForm1099Div (/Users/ryan/Library/Mobile Documents/com~apple~CloudDocs/Documents/VSCode/Tax-App-Frontend/src/hooks/useForm1099Div.ts:120:31)
            at Form1099DivClient (/Users/ryan/Library/Mobile Documents/com~apple~CloudDocs/Documents/VSCode/Tax-App-Frontend/src/app/forms/1099-div/Form1099DivClient.tsx:96:21)
            at renderWithHooks (/Users/ryan/Library/Mobile Documents/com~apple~CloudDocs/Documents/VSCode/Tax-App-Frontend/node_modules/react-dom/cjs/react-dom.development.js:15486:18)
            at mountIndeterminateComponent (/Users/ryan/Library/Mobile Documents/com~apple~CloudDocs/Documents/VSCode/Tax-App-Frontend/node_modules/react-dom/cjs/react-dom.development.js:20103:13)
            at beginWork (/Users/ryan/Library/Mobile Documents/com~apple~CloudDocs/Documents/VSCode/Tax-App-Frontend/node_modules/react-dom/cjs/react-dom.development.js:21626:16)
            at HTMLUnknownElement.callCallback (/Users/ryan/Library/Mobile Documents/com~apple~CloudDocs/Documents/VSCode/Tax-App-Frontend/node_modules/react-dom/cjs/react-dom.development.js:4164:14)
            at HTMLUnknownElement.callTheUserObjectsOperation (/Users/ryan/Library/Mobile Documents/com~apple~CloudDocs/Documents/VSCode/Tax-App-Frontend/node_modules/jsdom/lib/jsdom/living/generated/EventListener.js:26:30)
            at innerInvokeEventListeners (/Users/ryan/Library/Mobile Documents/com~apple~CloudDocs/Documents/VSCode/Tax-App-Frontend/node_modules/jsdom/lib/jsdom/living/events/EventTarget-impl.js:350:25)
            at invokeEventListeners (/Users/ryan/Library/Mobile Documents/com~apple~CloudDocs/Documents/VSCode/Tax-App-Frontend/node_modules/jsdom/lib/jsdom/living/events/EventTarget-impl.js:286:3)
            at HTMLUnknownElementImpl._dispatch (/Users/ryan/Library/Mobile Documents/com~apple~CloudDocs/Documents/VSCode/Tax-App-Frontend/node_modules/jsdom/lib/jsdom/living/events/EventTarget-impl.js:233:9)
            at HTMLUnknownElementImpl.dispatchEvent (/Users/ryan/Library/Mobile Documents/com~apple~CloudDocs/Documents/VSCode/Tax-App-Frontend/node_modules/jsdom/lib/jsdom/living/events/EventTarget-impl.js:104:17)
            at HTMLUnknownElement.dispatchEvent (/Users/ryan/Library/Mobile Documents/com~apple~CloudDocs/Documents/VSCode/Tax-App-Frontend/node_modules/jsdom/lib/jsdom/living/generated/EventTarget.js:241:34)
            at Object.invokeGuardedCallbackDev (/Users/ryan/Library/Mobile Documents/com~apple~CloudDocs/Documents/VSCode/Tax-App-Frontend/node_modules/react-dom/cjs/react-dom.development.js:4213:16)
            at invokeGuardedCallback (/Users/ryan/Library/Mobile Documents/com~apple~CloudDocs/Documents/VSCode/Tax-App-Frontend/node_modules/react-dom/cjs/react-dom.development.js:4277:31)
            at beginWork$1 (/Users/ryan/Library/Mobile Documents/com~apple~CloudDocs/Documents/VSCode/Tax-App-Frontend/node_modules/react-dom/cjs/react-dom.development.js:27490:7)
            at performUnitOfWork (/Users/ryan/Library/Mobile Documents/com~apple~CloudDocs/Documents/VSCode/Tax-App-Frontend/node_modules/react-dom/cjs/react-dom.development.js:26599:12)
            at workLoopSync (/Users/ryan/Library/Mobile Documents/com~apple~CloudDocs/Documents/VSCode/Tax-App-Frontend/node_modules/react-dom/cjs/react-dom.development.js:26505:5)
            at renderRootSync (/Users/ryan/Library/Mobile Documents/com~apple~CloudDocs/Documents/VSCode/Tax-App-Frontend/node_modules/react-dom/cjs/react-dom.development.js:26473:7)
            at performConcurrentWorkOnRoot (/Users/ryan/Library/Mobile Documents/com~apple~CloudDocs/Documents/VSCode/Tax-App-Frontend/node_modules/react-dom/cjs/react-dom.development.js:25777:74)
            at flushActQueue (/Users/ryan/Library/Mobile Documents/com~apple~CloudDocs/Documents/VSCode/Tax-App-Frontend/node_modules/react/cjs/react.development.js:2667:24)
            at act (/Users/ryan/Library/Mobile Documents/com~apple~CloudDocs/Documents/VSCode/Tax-App-Frontend/node_modules/react/cjs/react.development.js:2582:11)
            at /Users/ryan/Library/Mobile Documents/com~apple~CloudDocs/Documents/VSCode/Tax-App-Frontend/node_modules/@testing-library/react/dist/act-compat.js:46:25
            at renderRoot (/Users/ryan/Library/Mobile Documents/com~apple~CloudDocs/Documents/VSCode/Tax-App-Frontend/node_modules/@testing-library/react/dist/pure.js:189:26)
            at render (/Users/ryan/Library/Mobile Documents/com~apple~CloudDocs/Documents/VSCode/Tax-App-Frontend/node_modules/@testing-library/react/dist/pure.js:291:10)
            at Object.<anonymous> (/Users/ryan/Library/Mobile Documents/com~apple~CloudDocs/Documents/VSCode/Tax-App-Frontend/src/app/forms/1099-div/Form1099Div.error-scenarios.integration.test.tsx:711:13)
            at Promise.finally.completed (/Users/ryan/Library/Mobile Documents/com~apple~CloudDocs/Documents/VSCode/Tax-App-Frontend/node_modules/jest-circus/build/jestAdapterInit.js:1557:28)
            at new Promise (<anonymous>)
            at callAsyncCircusFn (/Users/ryan/Library/Mobile Documents/com~apple~CloudDocs/Documents/VSCode/Tax-App-Frontend/node_modules/jest-circus/build/jestAdapterInit.js:1497:10)
            at _callCircusTest (/Users/ryan/Library/Mobile Documents/com~apple~CloudDocs/Documents/VSCode/Tax-App-Frontend/node_modules/jest-circus/build/jestAdapterInit.js:1007:40)
            at processTicksAndRejections (node:internal/process/task_queues:95:5)
            at _runTest (/Users/ryan/Library/Mobile Documents/com~apple~CloudDocs/Documents/VSCode/Tax-App-Frontend/node_modules/jest-circus/build/jestAdapterInit.js:947:3)
            at /Users/ryan/Library/Mobile Documents/com~apple~CloudDocs/Documents/VSCode/Tax-App-Frontend/node_modules/jest-circus/build/jestAdapterInit.js:849:7
            at _runTestsForDescribeBlock (/Users/ryan/Library/Mobile Documents/com~apple~CloudDocs/Documents/VSCode/Tax-App-Frontend/node_modules/jest-circus/build/jestAdapterInit.js:862:11)
            at _runTestsForDescribeBlock (/Users/ryan/Library/Mobile Documents/com~apple~CloudDocs/Documents/VSCode/Tax-App-Frontend/node_modules/jest-circus/build/jestAdapterInit.js:857:11)
            at _runTestsForDescribeBlock (/Users/ryan/Library/Mobile Documents/com~apple~CloudDocs/Documents/VSCode/Tax-App-Frontend/node_modules/jest-circus/build/jestAdapterInit.js:857:11)
            at run (/Users/ryan/Library/Mobile Documents/com~apple~CloudDocs/Documents/VSCode/Tax-App-Frontend/node_modules/jest-circus/build/jestAdapterInit.js:761:3)
            at runAndTransformResultsToJestFormat (/Users/ryan/Library/Mobile Documents/com~apple~CloudDocs/Documents/VSCode/Tax-App-Frontend/node_modules/jest-circus/build/jestAdapterInit.js:1918:21)
            at jestAdapter (/Users/ryan/Library/Mobile Documents/com~apple~CloudDocs/Documents/VSCode/Tax-App-Frontend/node_modules/jest-circus/build/runner.js:101:19)
            at runTestInternal (/Users/ryan/Library/Mobile Documents/com~apple~CloudDocs/Documents/VSCode/Tax-App-Frontend/node_modules/jest-runner/build/testWorker.js:275:16)
            at runTest (/Users/ryan/Library/Mobile Documents/com~apple~CloudDocs/Documents/VSCode/Tax-App-Frontend/node_modules/jest-runner/build/testWorker.js:343:7)
            at Object.worker (/Users/ryan/Library/Mobile Documents/com~apple~CloudDocs/Documents/VSCode/Tax-App-Frontend/node_modules/jest-runner/build/testWorker.js:497:12),
        type: 'unhandled exception'
      }

      709 |       (documentService.generateDocument as jest.Mock).mockReturnValue(promise);
      710 |
    > 711 |       render(<Form1099DivClient initialToken={mockToken} />);
          |             ^
      712 |
      713 |       // Fill form
      714 |       const calendarYearInput = screen.getByLabelText(/Tax Year/i);

      at VirtualConsole.<anonymous> (node_modules/@jest/environment-jsdom-abstract/build/index.js:87:23)
      at reportException (node_modules/jsdom/lib/jsdom/living/helpers/runtime-script-errors.js:70:28)
      at innerInvokeEventListeners (node_modules/jsdom/lib/jsdom/living/events/EventTarget-impl.js:353:9)
      at invokeEventListeners (node_modules/jsdom/lib/jsdom/living/events/EventTarget-impl.js:286:3)
      at HTMLUnknownElementImpl._dispatch (node_modules/jsdom/lib/jsdom/living/events/EventTarget-impl.js:233:9)
      at HTMLUnknownElementImpl.dispatchEvent (node_modules/jsdom/lib/jsdom/living/events/EventTarget-impl.js:104:17)
      at HTMLUnknownElement.dispatchEvent (node_modules/jsdom/lib/jsdom/living/generated/EventTarget.js:241:34)
      at Object.invokeGuardedCallbackDev (node_modules/react-dom/cjs/react-dom.development.js:4213:16)
      at invokeGuardedCallback (node_modules/react-dom/cjs/react-dom.development.js:4277:31)
      at beginWork$1 (node_modules/react-dom/cjs/react-dom.development.js:27490:7)
      at performUnitOfWork (node_modules/react-dom/cjs/react-dom.development.js:26599:12)
      at workLoopSync (node_modules/react-dom/cjs/react-dom.development.js:26505:5)
      at renderRootSync (node_modules/react-dom/cjs/react-dom.development.js:26473:7)
      at performConcurrentWorkOnRoot (node_modules/react-dom/cjs/react-dom.development.js:25777:74)
      at flushActQueue (node_modules/react/cjs/react.development.js:2667:24)
      at act (node_modules/react/cjs/react.development.js:2582:11)
      at node_modules/@testing-library/react/dist/act-compat.js:46:25
      at renderRoot (node_modules/@testing-library/react/dist/pure.js:189:26)
      at render (node_modules/@testing-library/react/dist/pure.js:291:10)
      at Object.<anonymous> (src/app/forms/1099-div/Form1099Div.error-scenarios.integration.test.tsx:711:13)

    console.error
      Error: Uncaught [TypeError: (0 , _navigation.usePathname) is not a function]
          at reportException (/Users/ryan/Library/Mobile Documents/com~apple~CloudDocs/Documents/VSCode/Tax-App-Frontend/node_modules/jsdom/lib/jsdom/living/helpers/runtime-script-errors.js:66:24)
          at innerInvokeEventListeners (/Users/ryan/Library/Mobile Documents/com~apple~CloudDocs/Documents/VSCode/Tax-App-Frontend/node_modules/jsdom/lib/jsdom/living/events/EventTarget-impl.js:353:9)
          at invokeEventListeners (/Users/ryan/Library/Mobile Documents/com~apple~CloudDocs/Documents/VSCode/Tax-App-Frontend/node_modules/jsdom/lib/jsdom/living/events/EventTarget-impl.js:286:3)
          at HTMLUnknownElementImpl._dispatch (/Users/ryan/Library/Mobile Documents/com~apple~CloudDocs/Documents/VSCode/Tax-App-Frontend/node_modules/jsdom/lib/jsdom/living/events/EventTarget-impl.js:233:9)
          at HTMLUnknownElementImpl.dispatchEvent (/Users/ryan/Library/Mobile Documents/com~apple~CloudDocs/Documents/VSCode/Tax-App-Frontend/node_modules/jsdom/lib/jsdom/living/events/EventTarget-impl.js:104:17)
          at HTMLUnknownElement.dispatchEvent (/Users/ryan/Library/Mobile Documents/com~apple~CloudDocs/Documents/VSCode/Tax-App-Frontend/node_modules/jsdom/lib/jsdom/living/generated/EventTarget.js:241:34)
          at Object.invokeGuardedCallbackDev (/Users/ryan/Library/Mobile Documents/com~apple~CloudDocs/Documents/VSCode/Tax-App-Frontend/node_modules/react-dom/cjs/react-dom.development.js:4213:16)
          at invokeGuardedCallback (/Users/ryan/Library/Mobile Documents/com~apple~CloudDocs/Documents/VSCode/Tax-App-Frontend/node_modules/react-dom/cjs/react-dom.development.js:4277:31)
          at beginWork$1 (/Users/ryan/Library/Mobile Documents/com~apple~CloudDocs/Documents/VSCode/Tax-App-Frontend/node_modules/react-dom/cjs/react-dom.development.js:27490:7)
          at performUnitOfWork (/Users/ryan/Library/Mobile Documents/com~apple~CloudDocs/Documents/VSCode/Tax-App-Frontend/node_modules/react-dom/cjs/react-dom.development.js:26599:12)
          at workLoopSync (/Users/ryan/Library/Mobile Documents/com~apple~CloudDocs/Documents/VSCode/Tax-App-Frontend/node_modules/react-dom/cjs/react-dom.development.js:26505:5)
          at renderRootSync (/Users/ryan/Library/Mobile Documents/com~apple~CloudDocs/Documents/VSCode/Tax-App-Frontend/node_modules/react-dom/cjs/react-dom.development.js:26473:7)
          at recoverFromConcurrentError (/Users/ryan/Library/Mobile Documents/com~apple~CloudDocs/Documents/VSCode/Tax-App-Frontend/node_modules/react-dom/cjs/react-dom.development.js:25889:20)
          at performConcurrentWorkOnRoot (/Users/ryan/Library/Mobile Documents/com~apple~CloudDocs/Documents/VSCode/Tax-App-Frontend/node_modules/react-dom/cjs/react-dom.development.js:25789:22)
          at flushActQueue (/Users/ryan/Library/Mobile Documents/com~apple~CloudDocs/Documents/VSCode/Tax-App-Frontend/node_modules/react/cjs/react.development.js:2667:24)
          at act (/Users/ryan/Library/Mobile Documents/com~apple~CloudDocs/Documents/VSCode/Tax-App-Frontend/node_modules/react/cjs/react.development.js:2582:11)
          at /Users/ryan/Library/Mobile Documents/com~apple~CloudDocs/Documents/VSCode/Tax-App-Frontend/node_modules/@testing-library/react/dist/act-compat.js:46:25
          at renderRoot (/Users/ryan/Library/Mobile Documents/com~apple~CloudDocs/Documents/VSCode/Tax-App-Frontend/node_modules/@testing-library/react/dist/pure.js:189:26)
          at render (/Users/ryan/Library/Mobile Documents/com~apple~CloudDocs/Documents/VSCode/Tax-App-Frontend/node_modules/@testing-library/react/dist/pure.js:291:10)
          at Object.<anonymous> (/Users/ryan/Library/Mobile Documents/com~apple~CloudDocs/Documents/VSCode/Tax-App-Frontend/src/app/forms/1099-div/Form1099Div.error-scenarios.integration.test.tsx:711:13)
          at Promise.finally.completed (/Users/ryan/Library/Mobile Documents/com~apple~CloudDocs/Documents/VSCode/Tax-App-Frontend/node_modules/jest-circus/build/jestAdapterInit.js:1557:28)
          at new Promise (<anonymous>)
          at callAsyncCircusFn (/Users/ryan/Library/Mobile Documents/com~apple~CloudDocs/Documents/VSCode/Tax-App-Frontend/node_modules/jest-circus/build/jestAdapterInit.js:1497:10)
          at _callCircusTest (/Users/ryan/Library/Mobile Documents/com~apple~CloudDocs/Documents/VSCode/Tax-App-Frontend/node_modules/jest-circus/build/jestAdapterInit.js:1007:40)
          at processTicksAndRejections (node:internal/process/task_queues:95:5)
          at _runTest (/Users/ryan/Library/Mobile Documents/com~apple~CloudDocs/Documents/VSCode/Tax-App-Frontend/node_modules/jest-circus/build/jestAdapterInit.js:947:3)
          at /Users/ryan/Library/Mobile Documents/com~apple~CloudDocs/Documents/VSCode/Tax-App-Frontend/node_modules/jest-circus/build/jestAdapterInit.js:849:7
          at _runTestsForDescribeBlock (/Users/ryan/Library/Mobile Documents/com~apple~CloudDocs/Documents/VSCode/Tax-App-Frontend/node_modules/jest-circus/build/jestAdapterInit.js:862:11)
          at _runTestsForDescribeBlock (/Users/ryan/Library/Mobile Documents/com~apple~CloudDocs/Documents/VSCode/Tax-App-Frontend/node_modules/jest-circus/build/jestAdapterInit.js:857:11)
          at _runTestsForDescribeBlock (/Users/ryan/Library/Mobile Documents/com~apple~CloudDocs/Documents/VSCode/Tax-App-Frontend/node_modules/jest-circus/build/jestAdapterInit.js:857:11)
          at run (/Users/ryan/Library/Mobile Documents/com~apple~CloudDocs/Documents/VSCode/Tax-App-Frontend/node_modules/jest-circus/build/jestAdapterInit.js:761:3)
          at runAndTransformResultsToJestFormat (/Users/ryan/Library/Mobile Documents/com~apple~CloudDocs/Documents/VSCode/Tax-App-Frontend/node_modules/jest-circus/build/jestAdapterInit.js:1918:21)
          at jestAdapter (/Users/ryan/Library/Mobile Documents/com~apple~CloudDocs/Documents/VSCode/Tax-App-Frontend/node_modules/jest-circus/build/runner.js:101:19)
          at runTestInternal (/Users/ryan/Library/Mobile Documents/com~apple~CloudDocs/Documents/VSCode/Tax-App-Frontend/node_modules/jest-runner/build/testWorker.js:275:16)
          at runTest (/Users/ryan/Library/Mobile Documents/com~apple~CloudDocs/Documents/VSCode/Tax-App-Frontend/node_modules/jest-runner/build/testWorker.js:343:7)
          at Object.worker (/Users/ryan/Library/Mobile Documents/com~apple~CloudDocs/Documents/VSCode/Tax-App-Frontend/node_modules/jest-runner/build/testWorker.js:497:12) {
        detail: TypeError: (0 , _navigation.usePathname) is not a function
            at useForm1099Div (/Users/ryan/Library/Mobile Documents/com~apple~CloudDocs/Documents/VSCode/Tax-App-Frontend/src/hooks/useForm1099Div.ts:120:31)
            at Form1099DivClient (/Users/ryan/Library/Mobile Documents/com~apple~CloudDocs/Documents/VSCode/Tax-App-Frontend/src/app/forms/1099-div/Form1099DivClient.tsx:96:21)
            at renderWithHooks (/Users/ryan/Library/Mobile Documents/com~apple~CloudDocs/Documents/VSCode/Tax-App-Frontend/node_modules/react-dom/cjs/react-dom.development.js:15486:18)
            at mountIndeterminateComponent (/Users/ryan/Library/Mobile Documents/com~apple~CloudDocs/Documents/VSCode/Tax-App-Frontend/node_modules/react-dom/cjs/react-dom.development.js:20103:13)
            at beginWork (/Users/ryan/Library/Mobile Documents/com~apple~CloudDocs/Documents/VSCode/Tax-App-Frontend/node_modules/react-dom/cjs/react-dom.development.js:21626:16)
            at HTMLUnknownElement.callCallback (/Users/ryan/Library/Mobile Documents/com~apple~CloudDocs/Documents/VSCode/Tax-App-Frontend/node_modules/react-dom/cjs/react-dom.development.js:4164:14)
            at HTMLUnknownElement.callTheUserObjectsOperation (/Users/ryan/Library/Mobile Documents/com~apple~CloudDocs/Documents/VSCode/Tax-App-Frontend/node_modules/jsdom/lib/jsdom/living/generated/EventListener.js:26:30)
            at innerInvokeEventListeners (/Users/ryan/Library/Mobile Documents/com~apple~CloudDocs/Documents/VSCode/Tax-App-Frontend/node_modules/jsdom/lib/jsdom/living/events/EventTarget-impl.js:350:25)
            at invokeEventListeners (/Users/ryan/Library/Mobile Documents/com~apple~CloudDocs/Documents/VSCode/Tax-App-Frontend/node_modules/jsdom/lib/jsdom/living/events/EventTarget-impl.js:286:3)
            at HTMLUnknownElementImpl._dispatch (/Users/ryan/Library/Mobile Documents/com~apple~CloudDocs/Documents/VSCode/Tax-App-Frontend/node_modules/jsdom/lib/jsdom/living/events/EventTarget-impl.js:233:9)
            at HTMLUnknownElementImpl.dispatchEvent (/Users/ryan/Library/Mobile Documents/com~apple~CloudDocs/Documents/VSCode/Tax-App-Frontend/node_modules/jsdom/lib/jsdom/living/events/EventTarget-impl.js:104:17)
            at HTMLUnknownElement.dispatchEvent (/Users/ryan/Library/Mobile Documents/com~apple~CloudDocs/Documents/VSCode/Tax-App-Frontend/node_modules/jsdom/lib/jsdom/living/generated/EventTarget.js:241:34)
            at Object.invokeGuardedCallbackDev (/Users/ryan/Library/Mobile Documents/com~apple~CloudDocs/Documents/VSCode/Tax-App-Frontend/node_modules/react-dom/cjs/react-dom.development.js:4213:16)
            at invokeGuardedCallback (/Users/ryan/Library/Mobile Documents/com~apple~CloudDocs/Documents/VSCode/Tax-App-Frontend/node_modules/react-dom/cjs/react-dom.development.js:4277:31)
            at beginWork$1 (/Users/ryan/Library/Mobile Documents/com~apple~CloudDocs/Documents/VSCode/Tax-App-Frontend/node_modules/react-dom/cjs/react-dom.development.js:27490:7)
            at performUnitOfWork (/Users/ryan/Library/Mobile Documents/com~apple~CloudDocs/Documents/VSCode/Tax-App-Frontend/node_modules/react-dom/cjs/react-dom.development.js:26599:12)
            at workLoopSync (/Users/ryan/Library/Mobile Documents/com~apple~CloudDocs/Documents/VSCode/Tax-App-Frontend/node_modules/react-dom/cjs/react-dom.development.js:26505:5)
            at renderRootSync (/Users/ryan/Library/Mobile Documents/com~apple~CloudDocs/Documents/VSCode/Tax-App-Frontend/node_modules/react-dom/cjs/react-dom.development.js:26473:7)
            at recoverFromConcurrentError (/Users/ryan/Library/Mobile Documents/com~apple~CloudDocs/Documents/VSCode/Tax-App-Frontend/node_modules/react-dom/cjs/react-dom.development.js:25889:20)
            at performConcurrentWorkOnRoot (/Users/ryan/Library/Mobile Documents/com~apple~CloudDocs/Documents/VSCode/Tax-App-Frontend/node_modules/react-dom/cjs/react-dom.development.js:25789:22)
            at flushActQueue (/Users/ryan/Library/Mobile Documents/com~apple~CloudDocs/Documents/VSCode/Tax-App-Frontend/node_modules/react/cjs/react.development.js:2667:24)
            at act (/Users/ryan/Library/Mobile Documents/com~apple~CloudDocs/Documents/VSCode/Tax-App-Frontend/node_modules/react/cjs/react.development.js:2582:11)
            at /Users/ryan/Library/Mobile Documents/com~apple~CloudDocs/Documents/VSCode/Tax-App-Frontend/node_modules/@testing-library/react/dist/act-compat.js:46:25
            at renderRoot (/Users/ryan/Library/Mobile Documents/com~apple~CloudDocs/Documents/VSCode/Tax-App-Frontend/node_modules/@testing-library/react/dist/pure.js:189:26)
            at render (/Users/ryan/Library/Mobile Documents/com~apple~CloudDocs/Documents/VSCode/Tax-App-Frontend/node_modules/@testing-library/react/dist/pure.js:291:10)
            at Object.<anonymous> (/Users/ryan/Library/Mobile Documents/com~apple~CloudDocs/Documents/VSCode/Tax-App-Frontend/src/app/forms/1099-div/Form1099Div.error-scenarios.integration.test.tsx:711:13)
            at Promise.finally.completed (/Users/ryan/Library/Mobile Documents/com~apple~CloudDocs/Documents/VSCode/Tax-App-Frontend/node_modules/jest-circus/build/jestAdapterInit.js:1557:28)
            at new Promise (<anonymous>)
            at callAsyncCircusFn (/Users/ryan/Library/Mobile Documents/com~apple~CloudDocs/Documents/VSCode/Tax-App-Frontend/node_modules/jest-circus/build/jestAdapterInit.js:1497:10)
            at _callCircusTest (/Users/ryan/Library/Mobile Documents/com~apple~CloudDocs/Documents/VSCode/Tax-App-Frontend/node_modules/jest-circus/build/jestAdapterInit.js:1007:40)
            at processTicksAndRejections (node:internal/process/task_queues:95:5)
            at _runTest (/Users/ryan/Library/Mobile Documents/com~apple~CloudDocs/Documents/VSCode/Tax-App-Frontend/node_modules/jest-circus/build/jestAdapterInit.js:947:3)
            at /Users/ryan/Library/Mobile Documents/com~apple~CloudDocs/Documents/VSCode/Tax-App-Frontend/node_modules/jest-circus/build/jestAdapterInit.js:849:7
            at _runTestsForDescribeBlock (/Users/ryan/Library/Mobile Documents/com~apple~CloudDocs/Documents/VSCode/Tax-App-Frontend/node_modules/jest-circus/build/jestAdapterInit.js:862:11)
            at _runTestsForDescribeBlock (/Users/ryan/Library/Mobile Documents/com~apple~CloudDocs/Documents/VSCode/Tax-App-Frontend/node_modules/jest-circus/build/jestAdapterInit.js:857:11)
            at _runTestsForDescribeBlock (/Users/ryan/Library/Mobile Documents/com~apple~CloudDocs/Documents/VSCode/Tax-App-Frontend/node_modules/jest-circus/build/jestAdapterInit.js:857:11)
            at run (/Users/ryan/Library/Mobile Documents/com~apple~CloudDocs/Documents/VSCode/Tax-App-Frontend/node_modules/jest-circus/build/jestAdapterInit.js:761:3)
            at runAndTransformResultsToJestFormat (/Users/ryan/Library/Mobile Documents/com~apple~CloudDocs/Documents/VSCode/Tax-App-Frontend/node_modules/jest-circus/build/jestAdapterInit.js:1918:21)
            at jestAdapter (/Users/ryan/Library/Mobile Documents/com~apple~CloudDocs/Documents/VSCode/Tax-App-Frontend/node_modules/jest-circus/build/runner.js:101:19)
            at runTestInternal (/Users/ryan/Library/Mobile Documents/com~apple~CloudDocs/Documents/VSCode/Tax-App-Frontend/node_modules/jest-runner/build/testWorker.js:275:16)
            at runTest (/Users/ryan/Library/Mobile Documents/com~apple~CloudDocs/Documents/VSCode/Tax-App-Frontend/node_modules/jest-runner/build/testWorker.js:343:7)
            at Object.worker (/Users/ryan/Library/Mobile Documents/com~apple~CloudDocs/Documents/VSCode/Tax-App-Frontend/node_modules/jest-runner/build/testWorker.js:497:12),
        type: 'unhandled exception'
      }

      709 |       (documentService.generateDocument as jest.Mock).mockReturnValue(promise);
      710 |
    > 711 |       render(<Form1099DivClient initialToken={mockToken} />);
          |             ^
      712 |
      713 |       // Fill form
      714 |       const calendarYearInput = screen.getByLabelText(/Tax Year/i);

      at VirtualConsole.<anonymous> (node_modules/@jest/environment-jsdom-abstract/build/index.js:87:23)
      at reportException (node_modules/jsdom/lib/jsdom/living/helpers/runtime-script-errors.js:70:28)
      at innerInvokeEventListeners (node_modules/jsdom/lib/jsdom/living/events/EventTarget-impl.js:353:9)
      at invokeEventListeners (node_modules/jsdom/lib/jsdom/living/events/EventTarget-impl.js:286:3)
      at HTMLUnknownElementImpl._dispatch (node_modules/jsdom/lib/jsdom/living/events/EventTarget-impl.js:233:9)
      at HTMLUnknownElementImpl.dispatchEvent (node_modules/jsdom/lib/jsdom/living/events/EventTarget-impl.js:104:17)
      at HTMLUnknownElement.dispatchEvent (node_modules/jsdom/lib/jsdom/living/generated/EventTarget.js:241:34)
      at Object.invokeGuardedCallbackDev (node_modules/react-dom/cjs/react-dom.development.js:4213:16)
      at invokeGuardedCallback (node_modules/react-dom/cjs/react-dom.development.js:4277:31)
      at beginWork$1 (node_modules/react-dom/cjs/react-dom.development.js:27490:7)
      at performUnitOfWork (node_modules/react-dom/cjs/react-dom.development.js:26599:12)
      at workLoopSync (node_modules/react-dom/cjs/react-dom.development.js:26505:5)
      at renderRootSync (node_modules/react-dom/cjs/react-dom.development.js:26473:7)
      at recoverFromConcurrentError (node_modules/react-dom/cjs/react-dom.development.js:25889:20)
      at performConcurrentWorkOnRoot (node_modules/react-dom/cjs/react-dom.development.js:25789:22)
      at flushActQueue (node_modules/react/cjs/react.development.js:2667:24)
      at act (node_modules/react/cjs/react.development.js:2582:11)
      at node_modules/@testing-library/react/dist/act-compat.js:46:25
      at renderRoot (node_modules/@testing-library/react/dist/pure.js:189:26)
      at render (node_modules/@testing-library/react/dist/pure.js:291:10)
      at Object.<anonymous> (src/app/forms/1099-div/Form1099Div.error-scenarios.integration.test.tsx:711:13)

    console.error
      The above error occurred in the <Form1099DivClient> component:
      
          at initialToken (/Users/ryan/Library/Mobile Documents/com~apple~CloudDocs/Documents/VSCode/Tax-App-Frontend/src/app/forms/1099-div/Form1099DivClient.tsx:69:3)
      
      Consider adding an error boundary to your tree to customize error handling behavior.
      Visit https://reactjs.org/link/error-boundaries to learn more about error boundaries.

      709 |       (documentService.generateDocument as jest.Mock).mockReturnValue(promise);
      710 |
    > 711 |       render(<Form1099DivClient initialToken={mockToken} />);
          |             ^
      712 |
      713 |       // Fill form
      714 |       const calendarYearInput = screen.getByLabelText(/Tax Year/i);

      at logCapturedError (node_modules/react-dom/cjs/react-dom.development.js:18704:23)
      at update.callback (node_modules/react-dom/cjs/react-dom.development.js:18737:5)
      at callCallback (node_modules/react-dom/cjs/react-dom.development.js:15036:12)
      at commitUpdateQueue (node_modules/react-dom/cjs/react-dom.development.js:15057:9)
      at commitLayoutEffectOnFiber (node_modules/react-dom/cjs/react-dom.development.js:23430:13)
      at commitLayoutMountEffects_complete (node_modules/react-dom/cjs/react-dom.development.js:24727:9)
      at commitLayoutEffects_begin (node_modules/react-dom/cjs/react-dom.development.js:24713:7)
      at commitLayoutEffects (node_modules/react-dom/cjs/react-dom.development.js:24651:3)
      at commitRootImpl (node_modules/react-dom/cjs/react-dom.development.js:26862:5)
      at commitRoot (node_modules/react-dom/cjs/react-dom.development.js:26721:5)
      at finishConcurrentRender (node_modules/react-dom/cjs/react-dom.development.js:25931:9)
      at performConcurrentWorkOnRoot (node_modules/react-dom/cjs/react-dom.development.js:25848:7)
      at flushActQueue (node_modules/react/cjs/react.development.js:2667:24)
      at act (node_modules/react/cjs/react.development.js:2582:11)
      at node_modules/@testing-library/react/dist/act-compat.js:46:25
      at renderRoot (node_modules/@testing-library/react/dist/pure.js:189:26)
      at render (node_modules/@testing-library/react/dist/pure.js:291:10)
      at Object.<anonymous> (src/app/forms/1099-div/Form1099Div.error-scenarios.integration.test.tsx:711:13)

  ● 1099-DIV Form Submission - Error Scenarios Integration › Validation Errors Prevent Submission › should prevent submission when required fields are missing

    TypeError: (0 , _navigation.usePathname) is not a function

      118 | export function useForm1099Div(token: string | null): UseForm1099DivReturn {
      119 |   const router = useRouter();
    > 120 |   const pathname = usePathname();
          |                               ^
      121 |   
      122 |   // Workflow state
      123 |   const [mode, setMode] = useState<'input' | 'preview'>('input');

      at useForm1099Div (src/hooks/useForm1099Div.ts:120:31)
      at Form1099DivClient (src/app/forms/1099-div/Form1099DivClient.tsx:96:21)
      at renderWithHooks (node_modules/react-dom/cjs/react-dom.development.js:15486:18)
      at mountIndeterminateComponent (node_modules/react-dom/cjs/react-dom.development.js:20103:13)
      at beginWork (node_modules/react-dom/cjs/react-dom.development.js:21626:16)
      at beginWork$1 (node_modules/react-dom/cjs/react-dom.development.js:27465:14)
      at performUnitOfWork (node_modules/react-dom/cjs/react-dom.development.js:26599:12)
      at workLoopSync (node_modules/react-dom/cjs/react-dom.development.js:26505:5)
      at renderRootSync (node_modules/react-dom/cjs/react-dom.development.js:26473:7)
      at recoverFromConcurrentError (node_modules/react-dom/cjs/react-dom.development.js:25889:20)
      at performConcurrentWorkOnRoot (node_modules/react-dom/cjs/react-dom.development.js:25789:22)
      at flushActQueue (node_modules/react/cjs/react.development.js:2667:24)
      at act (node_modules/react/cjs/react.development.js:2582:11)
      at node_modules/@testing-library/react/dist/act-compat.js:46:25
      at renderRoot (node_modules/@testing-library/react/dist/pure.js:189:26)
      at render (node_modules/@testing-library/react/dist/pure.js:291:10)
      at Object.<anonymous> (src/app/forms/1099-div/Form1099Div.error-scenarios.integration.test.tsx:73:13)

  ● 1099-DIV Form Submission - Error Scenarios Integration › Validation Errors Prevent Submission › should show validation error for invalid payer TIN format

    TypeError: (0 , _navigation.usePathname) is not a function

      118 | export function useForm1099Div(token: string | null): UseForm1099DivReturn {
      119 |   const router = useRouter();
    > 120 |   const pathname = usePathname();
          |                               ^
      121 |   
      122 |   // Workflow state
      123 |   const [mode, setMode] = useState<'input' | 'preview'>('input');

      at useForm1099Div (src/hooks/useForm1099Div.ts:120:31)
      at Form1099DivClient (src/app/forms/1099-div/Form1099DivClient.tsx:96:21)
      at renderWithHooks (node_modules/react-dom/cjs/react-dom.development.js:15486:18)
      at mountIndeterminateComponent (node_modules/react-dom/cjs/react-dom.development.js:20103:13)
      at beginWork (node_modules/react-dom/cjs/react-dom.development.js:21626:16)
      at beginWork$1 (node_modules/react-dom/cjs/react-dom.development.js:27465:14)
      at performUnitOfWork (node_modules/react-dom/cjs/react-dom.development.js:26599:12)
      at workLoopSync (node_modules/react-dom/cjs/react-dom.development.js:26505:5)
      at renderRootSync (node_modules/react-dom/cjs/react-dom.development.js:26473:7)
      at recoverFromConcurrentError (node_modules/react-dom/cjs/react-dom.development.js:25889:20)
      at performConcurrentWorkOnRoot (node_modules/react-dom/cjs/react-dom.development.js:25789:22)
      at flushActQueue (node_modules/react/cjs/react.development.js:2667:24)
      at act (node_modules/react/cjs/react.development.js:2582:11)
      at node_modules/@testing-library/react/dist/act-compat.js:46:25
      at renderRoot (node_modules/@testing-library/react/dist/pure.js:189:26)
      at render (node_modules/@testing-library/react/dist/pure.js:291:10)
      at Object.<anonymous> (src/app/forms/1099-div/Form1099Div.error-scenarios.integration.test.tsx:104:13)

  ● 1099-DIV Form Submission - Error Scenarios Integration › Validation Errors Prevent Submission › should show validation error for invalid recipient TIN format

    TypeError: (0 , _navigation.usePathname) is not a function

      118 | export function useForm1099Div(token: string | null): UseForm1099DivReturn {
      119 |   const router = useRouter();
    > 120 |   const pathname = usePathname();
          |                               ^
      121 |   
      122 |   // Workflow state
      123 |   const [mode, setMode] = useState<'input' | 'preview'>('input');

      at useForm1099Div (src/hooks/useForm1099Div.ts:120:31)
      at Form1099DivClient (src/app/forms/1099-div/Form1099DivClient.tsx:96:21)
      at renderWithHooks (node_modules/react-dom/cjs/react-dom.development.js:15486:18)
      at mountIndeterminateComponent (node_modules/react-dom/cjs/react-dom.development.js:20103:13)
      at beginWork (node_modules/react-dom/cjs/react-dom.development.js:21626:16)
      at beginWork$1 (node_modules/react-dom/cjs/react-dom.development.js:27465:14)
      at performUnitOfWork (node_modules/react-dom/cjs/react-dom.development.js:26599:12)
      at workLoopSync (node_modules/react-dom/cjs/react-dom.development.js:26505:5)
      at renderRootSync (node_modules/react-dom/cjs/react-dom.development.js:26473:7)
      at recoverFromConcurrentError (node_modules/react-dom/cjs/react-dom.development.js:25889:20)
      at performConcurrentWorkOnRoot (node_modules/react-dom/cjs/react-dom.development.js:25789:22)
      at flushActQueue (node_modules/react/cjs/react.development.js:2667:24)
      at act (node_modules/react/cjs/react.development.js:2582:11)
      at node_modules/@testing-library/react/dist/act-compat.js:46:25
      at renderRoot (node_modules/@testing-library/react/dist/pure.js:189:26)
      at render (node_modules/@testing-library/react/dist/pure.js:291:10)
      at Object.<anonymous> (src/app/forms/1099-div/Form1099Div.error-scenarios.integration.test.tsx:136:13)

  ● 1099-DIV Form Submission - Error Scenarios Integration › Validation Errors Prevent Submission › should show validation error for invalid currency format

    TypeError: (0 , _navigation.usePathname) is not a function

      118 | export function useForm1099Div(token: string | null): UseForm1099DivReturn {
      119 |   const router = useRouter();
    > 120 |   const pathname = usePathname();
          |                               ^
      121 |   
      122 |   // Workflow state
      123 |   const [mode, setMode] = useState<'input' | 'preview'>('input');

      at useForm1099Div (src/hooks/useForm1099Div.ts:120:31)
      at Form1099DivClient (src/app/forms/1099-div/Form1099DivClient.tsx:96:21)
      at renderWithHooks (node_modules/react-dom/cjs/react-dom.development.js:15486:18)
      at mountIndeterminateComponent (node_modules/react-dom/cjs/react-dom.development.js:20103:13)
      at beginWork (node_modules/react-dom/cjs/react-dom.development.js:21626:16)
      at beginWork$1 (node_modules/react-dom/cjs/react-dom.development.js:27465:14)
      at performUnitOfWork (node_modules/react-dom/cjs/react-dom.development.js:26599:12)
      at workLoopSync (node_modules/react-dom/cjs/react-dom.development.js:26505:5)
      at renderRootSync (node_modules/react-dom/cjs/react-dom.development.js:26473:7)
      at recoverFromConcurrentError (node_modules/react-dom/cjs/react-dom.development.js:25889:20)
      at performConcurrentWorkOnRoot (node_modules/react-dom/cjs/react-dom.development.js:25789:22)
      at flushActQueue (node_modules/react/cjs/react.development.js:2667:24)
      at act (node_modules/react/cjs/react.development.js:2582:11)
      at node_modules/@testing-library/react/dist/act-compat.js:46:25
      at renderRoot (node_modules/@testing-library/react/dist/pure.js:189:26)
      at render (node_modules/@testing-library/react/dist/pure.js:291:10)
      at Object.<anonymous> (src/app/forms/1099-div/Form1099Div.error-scenarios.integration.test.tsx:167:13)

  ● 1099-DIV Form Submission - Error Scenarios Integration › Validation Errors Prevent Submission › should show validation error for invalid year format

    TypeError: (0 , _navigation.usePathname) is not a function

      118 | export function useForm1099Div(token: string | null): UseForm1099DivReturn {
      119 |   const router = useRouter();
    > 120 |   const pathname = usePathname();
          |                               ^
      121 |   
      122 |   // Workflow state
      123 |   const [mode, setMode] = useState<'input' | 'preview'>('input');

      at useForm1099Div (src/hooks/useForm1099Div.ts:120:31)
      at Form1099DivClient (src/app/forms/1099-div/Form1099DivClient.tsx:96:21)
      at renderWithHooks (node_modules/react-dom/cjs/react-dom.development.js:15486:18)
      at mountIndeterminateComponent (node_modules/react-dom/cjs/react-dom.development.js:20103:13)
      at beginWork (node_modules/react-dom/cjs/react-dom.development.js:21626:16)
      at beginWork$1 (node_modules/react-dom/cjs/react-dom.development.js:27465:14)
      at performUnitOfWork (node_modules/react-dom/cjs/react-dom.development.js:26599:12)
      at workLoopSync (node_modules/react-dom/cjs/react-dom.development.js:26505:5)
      at renderRootSync (node_modules/react-dom/cjs/react-dom.development.js:26473:7)
      at recoverFromConcurrentError (node_modules/react-dom/cjs/react-dom.development.js:25889:20)
      at performConcurrentWorkOnRoot (node_modules/react-dom/cjs/react-dom.development.js:25789:22)
      at flushActQueue (node_modules/react/cjs/react.development.js:2667:24)
      at act (node_modules/react/cjs/react.development.js:2582:11)
      at node_modules/@testing-library/react/dist/act-compat.js:46:25
      at renderRoot (node_modules/@testing-library/react/dist/pure.js:189:26)
      at render (node_modules/@testing-library/react/dist/pure.js:291:10)
      at Object.<anonymous> (src/app/forms/1099-div/Form1099Div.error-scenarios.integration.test.tsx:198:13)

  ● 1099-DIV Form Submission - Error Scenarios Integration › Validation Errors Prevent Submission › should clear validation errors when user corrects input

    TypeError: (0 , _navigation.usePathname) is not a function

      118 | export function useForm1099Div(token: string | null): UseForm1099DivReturn {
      119 |   const router = useRouter();
    > 120 |   const pathname = usePathname();
          |                               ^
      121 |   
      122 |   // Workflow state
      123 |   const [mode, setMode] = useState<'input' | 'preview'>('input');

      at useForm1099Div (src/hooks/useForm1099Div.ts:120:31)
      at Form1099DivClient (src/app/forms/1099-div/Form1099DivClient.tsx:96:21)
      at renderWithHooks (node_modules/react-dom/cjs/react-dom.development.js:15486:18)
      at mountIndeterminateComponent (node_modules/react-dom/cjs/react-dom.development.js:20103:13)
      at beginWork (node_modules/react-dom/cjs/react-dom.development.js:21626:16)
      at beginWork$1 (node_modules/react-dom/cjs/react-dom.development.js:27465:14)
      at performUnitOfWork (node_modules/react-dom/cjs/react-dom.development.js:26599:12)
      at workLoopSync (node_modules/react-dom/cjs/react-dom.development.js:26505:5)
      at renderRootSync (node_modules/react-dom/cjs/react-dom.development.js:26473:7)
      at recoverFromConcurrentError (node_modules/react-dom/cjs/react-dom.development.js:25889:20)
      at performConcurrentWorkOnRoot (node_modules/react-dom/cjs/react-dom.development.js:25789:22)
      at flushActQueue (node_modules/react/cjs/react.development.js:2667:24)
      at act (node_modules/react/cjs/react.development.js:2582:11)
      at node_modules/@testing-library/react/dist/act-compat.js:46:25
      at renderRoot (node_modules/@testing-library/react/dist/pure.js:189:26)
      at render (node_modules/@testing-library/react/dist/pure.js:291:10)
      at Object.<anonymous> (src/app/forms/1099-div/Form1099Div.error-scenarios.integration.test.tsx:229:13)

  ● 1099-DIV Form Submission - Error Scenarios Integration › API Errors Are Handled Gracefully › should display validation error from API (400)

    TypeError: (0 , _navigation.usePathname) is not a function

      118 | export function useForm1099Div(token: string | null): UseForm1099DivReturn {
      119 |   const router = useRouter();
    > 120 |   const pathname = usePathname();
          |                               ^
      121 |   
      122 |   // Workflow state
      123 |   const [mode, setMode] = useState<'input' | 'preview'>('input');

      at useForm1099Div (src/hooks/useForm1099Div.ts:120:31)
      at Form1099DivClient (src/app/forms/1099-div/Form1099DivClient.tsx:96:21)
      at renderWithHooks (node_modules/react-dom/cjs/react-dom.development.js:15486:18)
      at mountIndeterminateComponent (node_modules/react-dom/cjs/react-dom.development.js:20103:13)
      at beginWork (node_modules/react-dom/cjs/react-dom.development.js:21626:16)
      at beginWork$1 (node_modules/react-dom/cjs/react-dom.development.js:27465:14)
      at performUnitOfWork (node_modules/react-dom/cjs/react-dom.development.js:26599:12)
      at workLoopSync (node_modules/react-dom/cjs/react-dom.development.js:26505:5)
      at renderRootSync (node_modules/react-dom/cjs/react-dom.development.js:26473:7)
      at recoverFromConcurrentError (node_modules/react-dom/cjs/react-dom.development.js:25889:20)
      at performConcurrentWorkOnRoot (node_modules/react-dom/cjs/react-dom.development.js:25789:22)
      at flushActQueue (node_modules/react/cjs/react.development.js:2667:24)
      at act (node_modules/react/cjs/react.development.js:2582:11)
      at node_modules/@testing-library/react/dist/act-compat.js:46:25
      at renderRoot (node_modules/@testing-library/react/dist/pure.js:189:26)
      at render (node_modules/@testing-library/react/dist/pure.js:291:10)
      at Object.<anonymous> (src/app/forms/1099-div/Form1099Div.error-scenarios.integration.test.tsx:263:13)

  ● 1099-DIV Form Submission - Error Scenarios Integration › API Errors Are Handled Gracefully › should display server error message (500)

    TypeError: (0 , _navigation.usePathname) is not a function

      118 | export function useForm1099Div(token: string | null): UseForm1099DivReturn {
      119 |   const router = useRouter();
    > 120 |   const pathname = usePathname();
          |                               ^
      121 |   
      122 |   // Workflow state
      123 |   const [mode, setMode] = useState<'input' | 'preview'>('input');

      at useForm1099Div (src/hooks/useForm1099Div.ts:120:31)
      at Form1099DivClient (src/app/forms/1099-div/Form1099DivClient.tsx:96:21)
      at renderWithHooks (node_modules/react-dom/cjs/react-dom.development.js:15486:18)
      at mountIndeterminateComponent (node_modules/react-dom/cjs/react-dom.development.js:20103:13)
      at beginWork (node_modules/react-dom/cjs/react-dom.development.js:21626:16)
      at beginWork$1 (node_modules/react-dom/cjs/react-dom.development.js:27465:14)
      at performUnitOfWork (node_modules/react-dom/cjs/react-dom.development.js:26599:12)
      at workLoopSync (node_modules/react-dom/cjs/react-dom.development.js:26505:5)
      at renderRootSync (node_modules/react-dom/cjs/react-dom.development.js:26473:7)
      at recoverFromConcurrentError (node_modules/react-dom/cjs/react-dom.development.js:25889:20)
      at performConcurrentWorkOnRoot (node_modules/react-dom/cjs/react-dom.development.js:25789:22)
      at flushActQueue (node_modules/react/cjs/react.development.js:2667:24)
      at act (node_modules/react/cjs/react.development.js:2582:11)
      at node_modules/@testing-library/react/dist/act-compat.js:46:25
      at renderRoot (node_modules/@testing-library/react/dist/pure.js:189:26)
      at render (node_modules/@testing-library/react/dist/pure.js:291:10)
      at Object.<anonymous> (src/app/forms/1099-div/Form1099Div.error-scenarios.integration.test.tsx:298:13)

  ● 1099-DIV Form Submission - Error Scenarios Integration › API Errors Are Handled Gracefully › should display network error message

    TypeError: (0 , _navigation.usePathname) is not a function

      118 | export function useForm1099Div(token: string | null): UseForm1099DivReturn {
      119 |   const router = useRouter();
    > 120 |   const pathname = usePathname();
          |                               ^
      121 |   
      122 |   // Workflow state
      123 |   const [mode, setMode] = useState<'input' | 'preview'>('input');

      at useForm1099Div (src/hooks/useForm1099Div.ts:120:31)
      at Form1099DivClient (src/app/forms/1099-div/Form1099DivClient.tsx:96:21)
      at renderWithHooks (node_modules/react-dom/cjs/react-dom.development.js:15486:18)
      at mountIndeterminateComponent (node_modules/react-dom/cjs/react-dom.development.js:20103:13)
      at beginWork (node_modules/react-dom/cjs/react-dom.development.js:21626:16)
      at beginWork$1 (node_modules/react-dom/cjs/react-dom.development.js:27465:14)
      at performUnitOfWork (node_modules/react-dom/cjs/react-dom.development.js:26599:12)
      at workLoopSync (node_modules/react-dom/cjs/react-dom.development.js:26505:5)
      at renderRootSync (node_modules/react-dom/cjs/react-dom.development.js:26473:7)
      at recoverFromConcurrentError (node_modules/react-dom/cjs/react-dom.development.js:25889:20)
      at performConcurrentWorkOnRoot (node_modules/react-dom/cjs/react-dom.development.js:25789:22)
      at flushActQueue (node_modules/react/cjs/react.development.js:2667:24)
      at act (node_modules/react/cjs/react.development.js:2582:11)
      at node_modules/@testing-library/react/dist/act-compat.js:46:25
      at renderRoot (node_modules/@testing-library/react/dist/pure.js:189:26)
      at render (node_modules/@testing-library/react/dist/pure.js:291:10)
      at Object.<anonymous> (src/app/forms/1099-div/Form1099Div.error-scenarios.integration.test.tsx:330:13)

  ● 1099-DIV Form Submission - Error Scenarios Integration › API Errors Are Handled Gracefully › should allow retry after server error

    TypeError: (0 , _navigation.usePathname) is not a function

      118 | export function useForm1099Div(token: string | null): UseForm1099DivReturn {
      119 |   const router = useRouter();
    > 120 |   const pathname = usePathname();
          |                               ^
      121 |   
      122 |   // Workflow state
      123 |   const [mode, setMode] = useState<'input' | 'preview'>('input');

      at useForm1099Div (src/hooks/useForm1099Div.ts:120:31)
      at Form1099DivClient (src/app/forms/1099-div/Form1099DivClient.tsx:96:21)
      at renderWithHooks (node_modules/react-dom/cjs/react-dom.development.js:15486:18)
      at mountIndeterminateComponent (node_modules/react-dom/cjs/react-dom.development.js:20103:13)
      at beginWork (node_modules/react-dom/cjs/react-dom.development.js:21626:16)
      at beginWork$1 (node_modules/react-dom/cjs/react-dom.development.js:27465:14)
      at performUnitOfWork (node_modules/react-dom/cjs/react-dom.development.js:26599:12)
      at workLoopSync (node_modules/react-dom/cjs/react-dom.development.js:26505:5)
      at renderRootSync (node_modules/react-dom/cjs/react-dom.development.js:26473:7)
      at recoverFromConcurrentError (node_modules/react-dom/cjs/react-dom.development.js:25889:20)
      at performConcurrentWorkOnRoot (node_modules/react-dom/cjs/react-dom.development.js:25789:22)
      at flushActQueue (node_modules/react/cjs/react.development.js:2667:24)
      at act (node_modules/react/cjs/react.development.js:2582:11)
      at node_modules/@testing-library/react/dist/act-compat.js:46:25
      at renderRoot (node_modules/@testing-library/react/dist/pure.js:189:26)
      at render (node_modules/@testing-library/react/dist/pure.js:291:10)
      at Object.<anonymous> (src/app/forms/1099-div/Form1099Div.error-scenarios.integration.test.tsx:371:13)

  ● 1099-DIV Form Submission - Error Scenarios Integration › API Errors Are Handled Gracefully › should clear error message on successful retry

    TypeError: (0 , _navigation.usePathname) is not a function

      118 | export function useForm1099Div(token: string | null): UseForm1099DivReturn {
      119 |   const router = useRouter();
    > 120 |   const pathname = usePathname();
          |                               ^
      121 |   
      122 |   // Workflow state
      123 |   const [mode, setMode] = useState<'input' | 'preview'>('input');

      at useForm1099Div (src/hooks/useForm1099Div.ts:120:31)
      at Form1099DivClient (src/app/forms/1099-div/Form1099DivClient.tsx:96:21)
      at renderWithHooks (node_modules/react-dom/cjs/react-dom.development.js:15486:18)
      at mountIndeterminateComponent (node_modules/react-dom/cjs/react-dom.development.js:20103:13)
      at beginWork (node_modules/react-dom/cjs/react-dom.development.js:21626:16)
      at beginWork$1 (node_modules/react-dom/cjs/react-dom.development.js:27465:14)
      at performUnitOfWork (node_modules/react-dom/cjs/react-dom.development.js:26599:12)
      at workLoopSync (node_modules/react-dom/cjs/react-dom.development.js:26505:5)
      at renderRootSync (node_modules/react-dom/cjs/react-dom.development.js:26473:7)
      at recoverFromConcurrentError (node_modules/react-dom/cjs/react-dom.development.js:25889:20)
      at performConcurrentWorkOnRoot (node_modules/react-dom/cjs/react-dom.development.js:25789:22)
      at flushActQueue (node_modules/react/cjs/react.development.js:2667:24)
      at act (node_modules/react/cjs/react.development.js:2582:11)
      at node_modules/@testing-library/react/dist/act-compat.js:46:25
      at renderRoot (node_modules/@testing-library/react/dist/pure.js:189:26)
      at render (node_modules/@testing-library/react/dist/pure.js:291:10)
      at Object.<anonymous> (src/app/forms/1099-div/Form1099Div.error-scenarios.integration.test.tsx:420:13)

  ● 1099-DIV Form Submission - Error Scenarios Integration › Authentication Errors Redirect to Login › should redirect to login when token is null

    TypeError: (0 , _navigation.usePathname) is not a function

      118 | export function useForm1099Div(token: string | null): UseForm1099DivReturn {
      119 |   const router = useRouter();
    > 120 |   const pathname = usePathname();
          |                               ^
      121 |   
      122 |   // Workflow state
      123 |   const [mode, setMode] = useState<'input' | 'preview'>('input');

      at useForm1099Div (src/hooks/useForm1099Div.ts:120:31)
      at Form1099DivClient (src/app/forms/1099-div/Form1099DivClient.tsx:96:21)
      at renderWithHooks (node_modules/react-dom/cjs/react-dom.development.js:15486:18)
      at mountIndeterminateComponent (node_modules/react-dom/cjs/react-dom.development.js:20103:13)
      at beginWork (node_modules/react-dom/cjs/react-dom.development.js:21626:16)
      at beginWork$1 (node_modules/react-dom/cjs/react-dom.development.js:27465:14)
      at performUnitOfWork (node_modules/react-dom/cjs/react-dom.development.js:26599:12)
      at workLoopSync (node_modules/react-dom/cjs/react-dom.development.js:26505:5)
      at renderRootSync (node_modules/react-dom/cjs/react-dom.development.js:26473:7)
      at recoverFromConcurrentError (node_modules/react-dom/cjs/react-dom.development.js:25889:20)
      at performConcurrentWorkOnRoot (node_modules/react-dom/cjs/react-dom.development.js:25789:22)
      at flushActQueue (node_modules/react/cjs/react.development.js:2667:24)
      at act (node_modules/react/cjs/react.development.js:2582:11)
      at node_modules/@testing-library/react/dist/act-compat.js:46:25
      at renderRoot (node_modules/@testing-library/react/dist/pure.js:189:26)
      at render (node_modules/@testing-library/react/dist/pure.js:291:10)
      at Object.<anonymous> (src/app/forms/1099-div/Form1099Div.error-scenarios.integration.test.tsx:453:13)

  ● 1099-DIV Form Submission - Error Scenarios Integration › Authentication Errors Redirect to Login › should redirect to login on 401 error

    TypeError: (0 , _navigation.usePathname) is not a function

      118 | export function useForm1099Div(token: string | null): UseForm1099DivReturn {
      119 |   const router = useRouter();
    > 120 |   const pathname = usePathname();
          |                               ^
      121 |   
      122 |   // Workflow state
      123 |   const [mode, setMode] = useState<'input' | 'preview'>('input');

      at useForm1099Div (src/hooks/useForm1099Div.ts:120:31)
      at Form1099DivClient (src/app/forms/1099-div/Form1099DivClient.tsx:96:21)
      at renderWithHooks (node_modules/react-dom/cjs/react-dom.development.js:15486:18)
      at mountIndeterminateComponent (node_modules/react-dom/cjs/react-dom.development.js:20103:13)
      at beginWork (node_modules/react-dom/cjs/react-dom.development.js:21626:16)
      at beginWork$1 (node_modules/react-dom/cjs/react-dom.development.js:27465:14)
      at performUnitOfWork (node_modules/react-dom/cjs/react-dom.development.js:26599:12)
      at workLoopSync (node_modules/react-dom/cjs/react-dom.development.js:26505:5)
      at renderRootSync (node_modules/react-dom/cjs/react-dom.development.js:26473:7)
      at recoverFromConcurrentError (node_modules/react-dom/cjs/react-dom.development.js:25889:20)
      at performConcurrentWorkOnRoot (node_modules/react-dom/cjs/react-dom.development.js:25789:22)
      at flushActQueue (node_modules/react/cjs/react.development.js:2667:24)
      at act (node_modules/react/cjs/react.development.js:2582:11)
      at node_modules/@testing-library/react/dist/act-compat.js:46:25
      at renderRoot (node_modules/@testing-library/react/dist/pure.js:189:26)
      at render (node_modules/@testing-library/react/dist/pure.js:291:10)
      at Object.<anonymous> (src/app/forms/1099-div/Form1099Div.error-scenarios.integration.test.tsx:486:13)

  ● 1099-DIV Form Submission - Error Scenarios Integration › Authentication Errors Redirect to Login › should display session expired message before redirecting

    TypeError: (0 , _navigation.usePathname) is not a function

      118 | export function useForm1099Div(token: string | null): UseForm1099DivReturn {
      119 |   const router = useRouter();
    > 120 |   const pathname = usePathname();
          |                               ^
      121 |   
      122 |   // Workflow state
      123 |   const [mode, setMode] = useState<'input' | 'preview'>('input');

      at useForm1099Div (src/hooks/useForm1099Div.ts:120:31)
      at Form1099DivClient (src/app/forms/1099-div/Form1099DivClient.tsx:96:21)
      at renderWithHooks (node_modules/react-dom/cjs/react-dom.development.js:15486:18)
      at mountIndeterminateComponent (node_modules/react-dom/cjs/react-dom.development.js:20103:13)
      at beginWork (node_modules/react-dom/cjs/react-dom.development.js:21626:16)
      at beginWork$1 (node_modules/react-dom/cjs/react-dom.development.js:27465:14)
      at performUnitOfWork (node_modules/react-dom/cjs/react-dom.development.js:26599:12)
      at workLoopSync (node_modules/react-dom/cjs/react-dom.development.js:26505:5)
      at renderRootSync (node_modules/react-dom/cjs/react-dom.development.js:26473:7)
      at recoverFromConcurrentError (node_modules/react-dom/cjs/react-dom.development.js:25889:20)
      at performConcurrentWorkOnRoot (node_modules/react-dom/cjs/react-dom.development.js:25789:22)
      at flushActQueue (node_modules/react/cjs/react.development.js:2667:24)
      at act (node_modules/react/cjs/react.development.js:2582:11)
      at node_modules/@testing-library/react/dist/act-compat.js:46:25
      at renderRoot (node_modules/@testing-library/react/dist/pure.js:189:26)
      at render (node_modules/@testing-library/react/dist/pure.js:291:10)
      at Object.<anonymous> (src/app/forms/1099-div/Form1099Div.error-scenarios.integration.test.tsx:526:13)

  ● 1099-DIV Form Submission - Error Scenarios Integration › Error Recovery and User Experience › should preserve form data after API error

    TypeError: (0 , _navigation.usePathname) is not a function

      118 | export function useForm1099Div(token: string | null): UseForm1099DivReturn {
      119 |   const router = useRouter();
    > 120 |   const pathname = usePathname();
          |                               ^
      121 |   
      122 |   // Workflow state
      123 |   const [mode, setMode] = useState<'input' | 'preview'>('input');

      at useForm1099Div (src/hooks/useForm1099Div.ts:120:31)
      at Form1099DivClient (src/app/forms/1099-div/Form1099DivClient.tsx:96:21)
      at renderWithHooks (node_modules/react-dom/cjs/react-dom.development.js:15486:18)
      at mountIndeterminateComponent (node_modules/react-dom/cjs/react-dom.development.js:20103:13)
      at beginWork (node_modules/react-dom/cjs/react-dom.development.js:21626:16)
      at beginWork$1 (node_modules/react-dom/cjs/react-dom.development.js:27465:14)
      at performUnitOfWork (node_modules/react-dom/cjs/react-dom.development.js:26599:12)
      at workLoopSync (node_modules/react-dom/cjs/react-dom.development.js:26505:5)
      at renderRootSync (node_modules/react-dom/cjs/react-dom.development.js:26473:7)
      at recoverFromConcurrentError (node_modules/react-dom/cjs/react-dom.development.js:25889:20)
      at performConcurrentWorkOnRoot (node_modules/react-dom/cjs/react-dom.development.js:25789:22)
      at flushActQueue (node_modules/react/cjs/react.development.js:2667:24)
      at act (node_modules/react/cjs/react.development.js:2582:11)
      at node_modules/@testing-library/react/dist/act-compat.js:46:25
      at renderRoot (node_modules/@testing-library/react/dist/pure.js:189:26)
      at render (node_modules/@testing-library/react/dist/pure.js:291:10)
      at Object.<anonymous> (src/app/forms/1099-div/Form1099Div.error-scenarios.integration.test.tsx:560:13)

  ● 1099-DIV Form Submission - Error Scenarios Integration › Error Recovery and User Experience › should allow user to modify data after error and resubmit

    TypeError: (0 , _navigation.usePathname) is not a function

      118 | export function useForm1099Div(token: string | null): UseForm1099DivReturn {
      119 |   const router = useRouter();
    > 120 |   const pathname = usePathname();
          |                               ^
      121 |   
      122 |   // Workflow state
      123 |   const [mode, setMode] = useState<'input' | 'preview'>('input');

      at useForm1099Div (src/hooks/useForm1099Div.ts:120:31)
      at Form1099DivClient (src/app/forms/1099-div/Form1099DivClient.tsx:96:21)
      at renderWithHooks (node_modules/react-dom/cjs/react-dom.development.js:15486:18)
      at mountIndeterminateComponent (node_modules/react-dom/cjs/react-dom.development.js:20103:13)
      at beginWork (node_modules/react-dom/cjs/react-dom.development.js:21626:16)
      at beginWork$1 (node_modules/react-dom/cjs/react-dom.development.js:27465:14)
      at performUnitOfWork (node_modules/react-dom/cjs/react-dom.development.js:26599:12)
      at workLoopSync (node_modules/react-dom/cjs/react-dom.development.js:26505:5)
      at renderRootSync (node_modules/react-dom/cjs/react-dom.development.js:26473:7)
      at recoverFromConcurrentError (node_modules/react-dom/cjs/react-dom.development.js:25889:20)
      at performConcurrentWorkOnRoot (node_modules/react-dom/cjs/react-dom.development.js:25789:22)
      at flushActQueue (node_modules/react/cjs/react.development.js:2667:24)
      at act (node_modules/react/cjs/react.development.js:2582:11)
      at node_modules/@testing-library/react/dist/act-compat.js:46:25
      at renderRoot (node_modules/@testing-library/react/dist/pure.js:189:26)
      at render (node_modules/@testing-library/react/dist/pure.js:291:10)
      at Object.<anonymous> (src/app/forms/1099-div/Form1099Div.error-scenarios.integration.test.tsx:615:13)

  ● 1099-DIV Form Submission - Error Scenarios Integration › Error Recovery and User Experience › should show loading state during submission

    TypeError: (0 , _navigation.usePathname) is not a function

      118 | export function useForm1099Div(token: string | null): UseForm1099DivReturn {
      119 |   const router = useRouter();
    > 120 |   const pathname = usePathname();
          |                               ^
      121 |   
      122 |   // Workflow state
      123 |   const [mode, setMode] = useState<'input' | 'preview'>('input');

      at useForm1099Div (src/hooks/useForm1099Div.ts:120:31)
      at Form1099DivClient (src/app/forms/1099-div/Form1099DivClient.tsx:96:21)
      at renderWithHooks (node_modules/react-dom/cjs/react-dom.development.js:15486:18)
      at mountIndeterminateComponent (node_modules/react-dom/cjs/react-dom.development.js:20103:13)
      at beginWork (node_modules/react-dom/cjs/react-dom.development.js:21626:16)
      at beginWork$1 (node_modules/react-dom/cjs/react-dom.development.js:27465:14)
      at performUnitOfWork (node_modules/react-dom/cjs/react-dom.development.js:26599:12)
      at workLoopSync (node_modules/react-dom/cjs/react-dom.development.js:26505:5)
      at renderRootSync (node_modules/react-dom/cjs/react-dom.development.js:26473:7)
      at recoverFromConcurrentError (node_modules/react-dom/cjs/react-dom.development.js:25889:20)
      at performConcurrentWorkOnRoot (node_modules/react-dom/cjs/react-dom.development.js:25789:22)
      at flushActQueue (node_modules/react/cjs/react.development.js:2667:24)
      at act (node_modules/react/cjs/react.development.js:2582:11)
      at node_modules/@testing-library/react/dist/act-compat.js:46:25
      at renderRoot (node_modules/@testing-library/react/dist/pure.js:189:26)
      at render (node_modules/@testing-library/react/dist/pure.js:291:10)
      at Object.<anonymous> (src/app/forms/1099-div/Form1099Div.error-scenarios.integration.test.tsx:665:13)

  ● 1099-DIV Form Submission - Error Scenarios Integration › Error Recovery and User Experience › should disable form inputs during submission

    TypeError: (0 , _navigation.usePathname) is not a function

      118 | export function useForm1099Div(token: string | null): UseForm1099DivReturn {
      119 |   const router = useRouter();
    > 120 |   const pathname = usePathname();
          |                               ^
      121 |   
      122 |   // Workflow state
      123 |   const [mode, setMode] = useState<'input' | 'preview'>('input');

      at useForm1099Div (src/hooks/useForm1099Div.ts:120:31)
      at Form1099DivClient (src/app/forms/1099-div/Form1099DivClient.tsx:96:21)
      at renderWithHooks (node_modules/react-dom/cjs/react-dom.development.js:15486:18)
      at mountIndeterminateComponent (node_modules/react-dom/cjs/react-dom.development.js:20103:13)
      at beginWork (node_modules/react-dom/cjs/react-dom.development.js:21626:16)
      at beginWork$1 (node_modules/react-dom/cjs/react-dom.development.js:27465:14)
      at performUnitOfWork (node_modules/react-dom/cjs/react-dom.development.js:26599:12)
      at workLoopSync (node_modules/react-dom/cjs/react-dom.development.js:26505:5)
      at renderRootSync (node_modules/react-dom/cjs/react-dom.development.js:26473:7)
      at recoverFromConcurrentError (node_modules/react-dom/cjs/react-dom.development.js:25889:20)
      at performConcurrentWorkOnRoot (node_modules/react-dom/cjs/react-dom.development.js:25789:22)
      at flushActQueue (node_modules/react/cjs/react.development.js:2667:24)
      at act (node_modules/react/cjs/react.development.js:2582:11)
      at node_modules/@testing-library/react/dist/act-compat.js:46:25
      at renderRoot (node_modules/@testing-library/react/dist/pure.js:189:26)
      at render (node_modules/@testing-library/react/dist/pure.js:291:10)
      at Object.<anonymous> (src/app/forms/1099-div/Form1099Div.error-scenarios.integration.test.tsx:711:13)

FAIL src/app/dashboard/loading-state-persistence.test.tsx
  ● Console

    console.log
      [Dashboard] Starting authentication check { traceId: null }

      at log (src/app/dashboard/page.tsx:353:13)

    console.log
      [Dashboard] Logout state check result { logoutInProgress: false, traceId: null }

      at log (src/app/dashboard/page.tsx:387:19)

    console.log
      [Dashboard] Getting unified auth state with JWT requirement { traceId: null }

      at log (src/app/dashboard/page.tsx:415:17)

    console.log
      [AuthCoordinator] Getting unified auth state {
        requireJWT: true,
        traceId: undefined,
        routeRequirement: 'JWT-only',
        timestamp: '2026-02-08T19:37:08.576Z'
      }

      at log (src/lib/auth/AuthCoordinator.ts:83:11)

    console.log
      [AuthCoordinator] JWT check result {
        hasJWT: false,
        requireJWT: true,
        traceId: undefined,
        timestamp: '2026-02-08T19:37:08.589Z'
      }

      at log (src/lib/auth/AuthCoordinator.ts:92:11)

    console.log
      [AuthCoordinator] Initial state before authentication check {
        initialState: {
          hasJWT: false,
          inFallbackMode: false,
          requireJWT: true,
          timestamp: '2026-02-08T19:37:08.610Z'
        },
        traceId: undefined
      }

      at log (src/lib/auth/AuthCoordinator.ts:109:11)

    console.log
      [AuthCoordinator] State transition: JWT requirement not met {
        before: {
          hasJWT: false,
          inFallbackMode: false,
          requireJWT: true,
          timestamp: '2026-02-08T19:37:08.610Z'
        },
        after: {
          hasSession: false,
          hasJWT: false,
          isAuthenticated: false,
          userId: null,
          email: null,
          inFallbackMode: false,
          authMethod: 'none',
          reason: 'JWT required for this route'
        },
        transition: 'unauthenticated -> rejected (JWT required)',
        traceId: undefined,
        timestamp: '2026-02-08T19:37:08.610Z',
        durationMs: 34,
        reason: 'JWT required for this route'
      }

      at log (src/lib/auth/AuthCoordinator.ts:162:13)

    console.log
      [AuthCoordinator] JWT required but not found, skipping session check {
        state: {
          hasSession: false,
          hasJWT: false,
          isAuthenticated: false,
          userId: null,
          email: null,
          inFallbackMode: false,
          authMethod: 'none',
          reason: 'JWT required for this route'
        },
        traceId: undefined,
        requireJWT: true
      }

      at log (src/lib/auth/AuthCoordinator.ts:172:13)

    console.log
      [Dashboard] Auth state received {
        isAuthenticated: false,
        hasJWT: false,
        hasSession: false,
        authMethod: 'none',
        inFallbackMode: false,
        reason: 'JWT required for this route',
        traceId: null
      }

      at log (src/app/dashboard/page.tsx:417:17)

    console.log
      [Dashboard] Redirecting to login (not authenticated) {
        traceId: null,
        reason: 'JWT required for this route',
        hasJWT: false,
        hasSession: false,
        redirectUrl: '/login?returnUrl=/dashboard'
      }

      at log (src/app/dashboard/page.tsx:443:23)

    console.log
      [Dashboard] Redirect initiated successfully { traceId: null, redirectUrl: '/login?returnUrl=/dashboard' }

      at log (src/app/dashboard/page.tsx:454:25)

    console.log
      [Dashboard] Component unmounting { traceId: null }

      at log (src/app/dashboard/page.tsx:577:15)
          at Array.forEach (<anonymous>)

    console.log
      [Dashboard] Starting authentication check { traceId: null }

      at log (src/app/dashboard/page.tsx:353:13)

    console.log
      [Dashboard] Logout state check result { logoutInProgress: false, traceId: null }

      at log (src/app/dashboard/page.tsx:387:19)

    console.log
      [Dashboard] Getting unified auth state with JWT requirement { traceId: null }

      at log (src/app/dashboard/page.tsx:415:17)

    console.log
      [AuthCoordinator] Getting unified auth state {
        requireJWT: true,
        traceId: undefined,
        routeRequirement: 'JWT-only',
        timestamp: '2026-02-08T19:37:09.703Z'
      }

      at log (src/lib/auth/AuthCoordinator.ts:83:11)

    console.log
      [AuthCoordinator] JWT check result {
        hasJWT: false,
        requireJWT: true,
        traceId: undefined,
        timestamp: '2026-02-08T19:37:09.705Z'
      }

      at log (src/lib/auth/AuthCoordinator.ts:92:11)

    console.log
      [AuthCoordinator] Initial state before authentication check {
        initialState: {
          hasJWT: false,
          inFallbackMode: false,
          requireJWT: true,
          timestamp: '2026-02-08T19:37:09.710Z'
        },
        traceId: undefined
      }

      at log (src/lib/auth/AuthCoordinator.ts:109:11)

    console.log
      [AuthCoordinator] State transition: JWT requirement not met {
        before: {
          hasJWT: false,
          inFallbackMode: false,
          requireJWT: true,
          timestamp: '2026-02-08T19:37:09.710Z'
        },
        after: {
          hasSession: false,
          hasJWT: false,
          isAuthenticated: false,
          userId: null,
          email: null,
          inFallbackMode: false,
          authMethod: 'none',
          reason: 'JWT required for this route'
        },
        transition: 'unauthenticated -> rejected (JWT required)',
        traceId: undefined,
        timestamp: '2026-02-08T19:37:09.711Z',
        durationMs: 8,
        reason: 'JWT required for this route'
      }

      at log (src/lib/auth/AuthCoordinator.ts:162:13)

    console.log
      [AuthCoordinator] JWT required but not found, skipping session check {
        state: {
          hasSession: false,
          hasJWT: false,
          isAuthenticated: false,
          userId: null,
          email: null,
          inFallbackMode: false,
          authMethod: 'none',
          reason: 'JWT required for this route'
        },
        traceId: undefined,
        requireJWT: true
      }

      at log (src/lib/auth/AuthCoordinator.ts:172:13)

    console.log
      [Dashboard] Auth state received {
        isAuthenticated: false,
        hasJWT: false,
        hasSession: false,
        authMethod: 'none',
        inFallbackMode: false,
        reason: 'JWT required for this route',
        traceId: null
      }

      at log (src/app/dashboard/page.tsx:417:17)

    console.log
      [Dashboard] Redirecting to login (not authenticated) {
        traceId: null,
        reason: 'JWT required for this route',
        hasJWT: false,
        hasSession: false,
        redirectUrl: '/login?returnUrl=/dashboard'
      }

      at log (src/app/dashboard/page.tsx:443:23)

    console.log
      [Dashboard] Redirect initiated successfully { traceId: null, redirectUrl: '/login?returnUrl=/dashboard' }

      at log (src/app/dashboard/page.tsx:454:25)

    console.log
      [Dashboard] Component unmounting { traceId: null }

      at log (src/app/dashboard/page.tsx:577:15)
          at Array.forEach (<anonymous>)

    console.log
      [Dashboard] Starting authentication check { traceId: null }

      at log (src/app/dashboard/page.tsx:353:13)

    console.log
      [Dashboard] Logout state check result { logoutInProgress: false, traceId: null }

      at log (src/app/dashboard/page.tsx:387:19)

    console.log
      [Dashboard] Getting unified auth state with JWT requirement { traceId: null }

      at log (src/app/dashboard/page.tsx:415:17)

    console.log
      [AuthCoordinator] Getting unified auth state {
        requireJWT: true,
        traceId: undefined,
        routeRequirement: 'JWT-only',
        timestamp: '2026-02-08T19:37:10.734Z'
      }

      at log (src/lib/auth/AuthCoordinator.ts:83:11)

    console.log
      [AuthCoordinator] JWT check result {
        hasJWT: false,
        requireJWT: true,
        traceId: undefined,
        timestamp: '2026-02-08T19:37:10.735Z'
      }

      at log (src/lib/auth/AuthCoordinator.ts:92:11)

    console.log
      [AuthCoordinator] Initial state before authentication check {
        initialState: {
          hasJWT: false,
          inFallbackMode: false,
          requireJWT: true,
          timestamp: '2026-02-08T19:37:10.736Z'
        },
        traceId: undefined
      }

      at log (src/lib/auth/AuthCoordinator.ts:109:11)

    console.log
      [AuthCoordinator] State transition: JWT requirement not met {
        before: {
          hasJWT: false,
          inFallbackMode: false,
          requireJWT: true,
          timestamp: '2026-02-08T19:37:10.736Z'
        },
        after: {
          hasSession: false,
          hasJWT: false,
          isAuthenticated: false,
          userId: null,
          email: null,
          inFallbackMode: false,
          authMethod: 'none',
          reason: 'JWT required for this route'
        },
        transition: 'unauthenticated -> rejected (JWT required)',
        traceId: undefined,
        timestamp: '2026-02-08T19:37:10.737Z',
        durationMs: 3,
        reason: 'JWT required for this route'
      }

      at log (src/lib/auth/AuthCoordinator.ts:162:13)

    console.log
      [AuthCoordinator] JWT required but not found, skipping session check {
        state: {
          hasSession: false,
          hasJWT: false,
          isAuthenticated: false,
          userId: null,
          email: null,
          inFallbackMode: false,
          authMethod: 'none',
          reason: 'JWT required for this route'
        },
        traceId: undefined,
        requireJWT: true
      }

      at log (src/lib/auth/AuthCoordinator.ts:172:13)

    console.log
      [Dashboard] Auth state received {
        isAuthenticated: false,
        hasJWT: false,
        hasSession: false,
        authMethod: 'none',
        inFallbackMode: false,
        reason: 'JWT required for this route',
        traceId: null
      }

      at log (src/app/dashboard/page.tsx:417:17)

    console.log
      [Dashboard] Redirecting to login (not authenticated) {
        traceId: null,
        reason: 'JWT required for this route',
        hasJWT: false,
        hasSession: false,
        redirectUrl: '/login?returnUrl=/dashboard'
      }

      at log (src/app/dashboard/page.tsx:443:23)

    console.log
      [Dashboard] Redirect initiated successfully { traceId: null, redirectUrl: '/login?returnUrl=/dashboard' }

      at log (src/app/dashboard/page.tsx:454:25)

    console.log
      [Dashboard] Component unmounting { traceId: null }

      at log (src/app/dashboard/page.tsx:577:15)
          at Array.forEach (<anonymous>)

    console.log
      [Dashboard] Starting authentication check { traceId: null }

      at log (src/app/dashboard/page.tsx:353:13)

    console.log
      [Dashboard] Logout state check result { logoutInProgress: false, traceId: null }

      at log (src/app/dashboard/page.tsx:387:19)

    console.log
      [Dashboard] Getting unified auth state with JWT requirement { traceId: null }

      at log (src/app/dashboard/page.tsx:415:17)

    console.log
      [AuthCoordinator] Getting unified auth state {
        requireJWT: true,
        traceId: undefined,
        routeRequirement: 'JWT-only',
        timestamp: '2026-02-08T19:37:11.916Z'
      }

      at log (src/lib/auth/AuthCoordinator.ts:83:11)

    console.log
      [AuthCoordinator] JWT check result {
        hasJWT: true,
        requireJWT: true,
        traceId: undefined,
        timestamp: '2026-02-08T19:37:11.928Z'
      }

      at log (src/lib/auth/AuthCoordinator.ts:92:11)

    console.log
      [AuthCoordinator] Initial state before authentication check {
        initialState: {
          hasJWT: true,
          inFallbackMode: false,
          requireJWT: true,
          timestamp: '2026-02-08T19:37:11.929Z'
        },
        traceId: undefined
      }

      at log (src/lib/auth/AuthCoordinator.ts:109:11)

    console.log
      [AuthCoordinator] State transition: JWT authentication {
        before: {
          hasJWT: true,
          inFallbackMode: false,
          requireJWT: true,
          timestamp: '2026-02-08T19:37:11.929Z'
        },
        after: {
          hasSession: true,
          hasJWT: true,
          isAuthenticated: true,
          userId: null,
          email: null,
          inFallbackMode: false,
          authMethod: 'jwt'
        },
        transition: 'unauthenticated -> authenticated (JWT)',
        traceId: undefined,
        timestamp: '2026-02-08T19:37:11.929Z',
        durationMs: 13
      }

      at log (src/lib/auth/AuthCoordinator.ts:127:13)

    console.log
      [AuthCoordinator] Authenticated via JWT (JWT priority applied) {
        state: {
          hasSession: true,
          hasJWT: true,
          isAuthenticated: true,
          userId: null,
          email: null,
          inFallbackMode: false,
          authMethod: 'jwt'
        },
        traceId: undefined,
        note: 'JWT takes precedence over session authentication'
      }

      at log (src/lib/auth/AuthCoordinator.ts:136:13)

    console.log
      [Dashboard] Auth state received {
        isAuthenticated: true,
        hasJWT: true,
        hasSession: true,
        authMethod: 'jwt',
        inFallbackMode: false,
        reason: undefined,
        traceId: null
      }

      at log (src/app/dashboard/page.tsx:417:17)

    console.log
      [Dashboard] Authentication successful { authMethod: 'jwt', inFallbackMode: false, traceId: null }

      at log (src/app/dashboard/page.tsx:473:21)

    console.log
      [Dashboard] Component unmounting { traceId: null }

      at log (src/app/dashboard/page.tsx:577:15)
          at Array.forEach (<anonymous>)

  ● Dashboard Loading State Persistence - Task 5.1 › keeps loading state visible during redirect (does not clear isAuthenticated)

    expect(jest.fn()).toHaveBeenCalledWith(...expected)

    Expected: "/login"
    Received: "/login?returnUrl=/dashboard"

    Number of calls: 1

    Ignored nodes: comments, script, style
    [36m<html>[39m
      [36m<head />[39m
      [36m<body>[39m
        [36m<div>[39m
          [36m<div[39m
            [33mclass[39m=[32m"min-h-screen flex items-center justify-center bg-white"[39m
          [36m>[39m
            [36m<div[39m
              [33mclass[39m=[32m"text-gray-600"[39m
            [36m>[39m
              [0mLoading...[0m
            [36m</div>[39m
          [36m</div>[39m
        [36m</div>[39m
      [36m</body>[39m
    [36m</html>[39m

      64 |     // Wait for redirect to be initiated
      65 |     await waitFor(() => {
    > 66 |       expect(mockPush).toHaveBeenCalledWith('/login');
         |                        ^
      67 |     });
      68 |
      69 |     // After redirect is initiated, loading state should STILL be visible

      at toHaveBeenCalledWith (src/app/dashboard/loading-state-persistence.test.tsx:66:24)
      at runWithExpensiveErrorDiagnosticsDisabled (node_modules/@testing-library/dom/dist/config.js:47:12)
      at checkCallback (node_modules/@testing-library/dom/dist/wait-for.js:124:77)
      at checkRealTimersCallback (node_modules/@testing-library/dom/dist/wait-for.js:118:16)
      at Timeout.task [as _onTimeout] (node_modules/jsdom/lib/jsdom/browser/Window.js:579:19)

  ● Dashboard Loading State Persistence - Task 5.1 › never sets isAuthenticated to false during redirect

    expect(jest.fn()).toHaveBeenCalledWith(...expected)

    Expected: "/login"
    Received: "/login?returnUrl=/dashboard"

    Number of calls: 1

    Ignored nodes: comments, script, style
    [36m<html>[39m
      [36m<head />[39m
      [36m<body>[39m
        [36m<div>[39m
          [36m<div[39m
            [33mclass[39m=[32m"min-h-screen flex items-center justify-center bg-white"[39m
          [36m>[39m
            [36m<div[39m
              [33mclass[39m=[32m"text-gray-600"[39m
            [36m>[39m
              [0mLoading...[0m
            [36m</div>[39m
          [36m</div>[39m
        [36m</div>[39m
      [36m</body>[39m
    [36m</html>[39m

      85 |     // Wait for redirect
      86 |     await waitFor(() => {
    > 87 |       expect(mockPush).toHaveBeenCalledWith('/login');
         |                        ^
      88 |     });
      89 |
      90 |     // The component should still show loading state, not dashboard content

      at toHaveBeenCalledWith (src/app/dashboard/loading-state-persistence.test.tsx:87:24)
      at runWithExpensiveErrorDiagnosticsDisabled (node_modules/@testing-library/dom/dist/config.js:47:12)
      at checkCallback (node_modules/@testing-library/dom/dist/wait-for.js:124:77)
      at checkRealTimersCallback (node_modules/@testing-library/dom/dist/wait-for.js:118:16)
      at Timeout.task [as _onTimeout] (node_modules/jsdom/lib/jsdom/browser/Window.js:579:19)

  ● Dashboard Loading State Persistence - Task 5.1 › maintains loading UI until navigation completes

    expect(jest.fn()).toHaveBeenCalledWith(...expected)

    Expected: "/login"
    Received: "/login?returnUrl=/dashboard"

    Number of calls: 1

    Ignored nodes: comments, script, style
    [36m<html>[39m
      [36m<head />[39m
      [36m<body>[39m
        [36m<div>[39m
          [36m<div[39m
            [33mclass[39m=[32m"min-h-screen flex items-center justify-center bg-white"[39m
          [36m>[39m
            [36m<div[39m
              [33mclass[39m=[32m"text-gray-600"[39m
            [36m>[39m
              [0mLoading...[0m
            [36m</div>[39m
          [36m</div>[39m
        [36m</div>[39m
      [36m</body>[39m
    [36m</html>[39m

      104 |     // Wait for redirect
      105 |     await waitFor(() => {
    > 106 |       expect(mockPush).toHaveBeenCalledWith('/login');
          |                        ^
      107 |     });
      108 |
      109 |     // Even after redirect is called, loading state persists

      at toHaveBeenCalledWith (src/app/dashboard/loading-state-persistence.test.tsx:106:24)
      at runWithExpensiveErrorDiagnosticsDisabled (node_modules/@testing-library/dom/dist/config.js:47:12)
      at checkCallback (node_modules/@testing-library/dom/dist/wait-for.js:124:77)
      at checkRealTimersCallback (node_modules/@testing-library/dom/dist/wait-for.js:118:16)
      at Timeout.task [as _onTimeout] (node_modules/jsdom/lib/jsdom/browser/Window.js:579:19)

  ● Dashboard Loading State Persistence - Task 5.1 › has comment explaining why state is not cleared

    expect(received).toContain(expected) // indexOf

    Expected substring: "Task 5.1: Keep isAuthenticated as null during redirect"
    Received string:    "'use client';·
    import { useEffect, useState, useRef } from 'react';
    import { useRouter } from 'next/navigation';
    import { logoutStateManager } from '@/lib/auth/LogoutStateManager';
    import { getAuthState } from '@/lib/auth/AuthCoordinator';
    import { getTraceId } from '@/lib/auth/LoginFlowTracer';
    import DashboardClient from './DashboardClient';·
    /**
     * Dashboard Page Component
     *·
     * Protected route that verifies user authentication before rendering the dashboard.
     * Implements comprehensive error handling, timeout protection, and logout state
     * integration to prevent black screen issues and ensure reliable redirects.
     *·
     * ## Authentication Strategy
     *·
     * The dashboard enforces strict JWT authentication using `getAuthState({ requireJWT: true })`.
     * This ensures that only users with valid JWT tokens can access the dashboard, preventing
     * unauthorized access through session-based fallback authentication.
     *·
     * **Key Security Feature**: Session-only authentication is NOT sufficient for dashboard access.
     * Users must have a valid JWT token stored in localStorage. This prevents the security
     * vulnerability where session-based fallback incorrectly granted dashboard access.
     *·
     * Requirements: 1.1, 1.3, 1.4, 4.1, 7.1, 7.2, 7.5
     *·
     * ## Authentication Check Flow
     *·
     * The authentication flow follows a strict sequence to prevent race conditions:
     *·
     * 1. **Logout State Check** (Priority 1)
     *    - Checks LogoutStateManager.isLogoutInProgress() first
     *    - If logout is active, displays logout transition UI
     *    - Skips all token validation during logout to prevent conflicts
     *    - Requirements: 6.1, 6.2, 6.5
     *·
     * 2. **JWT-Required Authentication Check** (Priority 2)
     *    - Calls getAuthState({ requireJWT: true, traceId })
     *    - AuthCoordinator checks for valid JWT token
     *    - If no JWT exists, returns isAuthenticated: false immediately
     *    - Session-based authentication is NOT attempted for dashboard
     *    - Requirements: 1.4, 1.5, 5.2
     *·
     * 3. **Redirect or Render** (Priority 3)
     *    - No JWT: Initiates redirect to /login
     *    - Valid JWT: Sets isAuthenticated=true and renders dashboard
     *    - Requirements: 1.1, 1.2
     *·
     * ## Error Handling Strategy
     *·
     * Multi-layered error handling ensures no errors cause black screens:
     *·
     * **Layer 1: Operation-Level Try-Catch**
     * - Logout state check wrapped in try-catch
     * - Token check wrapped in try-catch
     * - State updates wrapped in try-catch
     * - Each logs error with context and continues execution
     *·
     * **Layer 2: Navigation Error Handling**
     * - router.push() wrapped in try-catch
     * - On failure, falls back to window.location.href
     * - Logs which method was used for debugging
     * - Requirements: 1.3, 3.3, 7.2
     *·
     * **Layer 3: Function-Level Try-Catch**
     * - Entire checkAuth() function wrapped in try-catch
     * - On error, attempts recovery redirect to /login
     * - Prevents any uncaught exceptions from reaching React
     * - Requirements: 3.1, 3.2
     *·
     * **Layer 4: Invocation-Level Try-Catch**
     * - checkAuth() invocation wrapped in try-catch
     * - Last resort: forces window.location.href = '/login'
     * - Ensures user never sees black screen or error boundary
     *·
     * **Error Logging Format**
     * All errors logged with consistent structure:
     * ```typescript
     * console.error('Dashboard: [Operation] failed', {
     *   error: error.message,
     *   timestamp: ISO timestamp,
     *   context: 'operation description',
     *   fallback: 'fallback action' // if applicable
     * });
     * ```
     * Requirements: 3.1, 5.5
     *·
     * ## Timeout Protection
     *·
     * Prevents authentication check from hanging indefinitely:
     *·
     * - **Timeout Duration**: 2000ms (2 seconds)
     * - **Trigger**: Set when useEffect runs
     * - **Action**: Forces redirect to /login if timeout fires
     * - **Cleanup**: Cleared when redirect succeeds or auth completes
     * - **Warning**: Logs \"Authentication check timeout, forcing redirect\"
     *·
     * The timeout is cleared in multiple scenarios:
     * 1. Successful router.push() redirect
     * 2. Successful window.location.href fallback
     * 3. Successful authentication (token valid)
     * 4. Error recovery redirect
     * 5. Component unmount
     *·
     * This ensures users are never stuck on a loading screen for more than 2 seconds.
     * Requirements: 2.4
     *·
     * ## Logout State Integration
     *·
     * Coordinates with LogoutStateManager to prevent race conditions:
     *·
     * **Priority Check**
     * - Logout state checked BEFORE token validation
     * - Prevents token operations during logout transition
     * - Avoids conflicts between logout and auth check
     *·
     * **Logout UI Display**
     * - Shows \"Logging out...\" message with spinner
     * - White background prevents black screen
     * - Remains visible until redirect completes
     * - Requirements: 6.3, 8.2
     *·
     * **State Transition**
     * - After logout completes, user redirected to /login
     * - On next dashboard access, normal auth check resumes
     * - Logout state cleared by LogoutStateManager
     * - Requirements: 6.4
     *·
     * ## Loading State Management
     *·
     * Careful state management prevents black screens:
     *·
     * - **Initial State**: isAuthenticated = null (checking)
     * - **During Redirect**: Remains null (keeps loading UI visible)
     * - **After Auth Success**: Set to true (renders dashboard)
     * - **Background Color**: Explicit white background on all loading states
     *·
     * The loading state is NOT cleared during redirect because:
     * 1. Prevents flash of content before navigation
     * 2. Keeps loading UI visible during navigation
     * 3. Naturally resolves when new page loads
     * Requirements: 2.2, 2.3, 2.5, 8.5
     *·
     * ## Component Lifecycle Management
     *·
     * Uses isMountedRef pattern to prevent state updates after unmount:
     *·
     * - **Initialization**: useRef(true) when component mounts
     * - **Cleanup**: Set to false in useEffect cleanup function
     * - **State Updates**: All setState calls check isMountedRef.current first
     * - **Prevents**: \"Can't perform state update on unmounted component\" warnings
     *·
     * Requirements: 4.2, 4.5
     *·
     * ## UseEffect Dependencies
     *·
     * Minimal dependency array prevents infinite loops:
     *·
     * - **Included**: router (required for navigation)
     * - **Excluded**: isMountedRef (refs don't trigger re-renders)
     * - **Excluded**: setState functions (stable by React design)
     *·
     * This ensures the effect runs exactly once per mount.
     * Requirements: 4.1, 4.5
     *·
     * ## Comprehensive Logging
     *·
     * Every decision point is logged for debugging:
     *·
     * 1. \"Starting authentication check\" - Component mount
     * 2. \"Logout state check result: true/false\" - Logout check
     * 3. \"Token check result - hasToken(): true/false\" - Token validation
     * 4. \"Redirecting to login (no token)\" - Redirect initiation
     * 5. \"Redirect initiated successfully\" - Redirect success
     * 6. \"Authentication successful\" - Auth success
     * 7. \"Component unmounting\" - Cleanup
     *·
     * Errors logged with full context including timestamp and operation.
     * Requirements: 5.1, 5.2, 5.3, 5.4, 5.5, 5.6, 5.7
     *·
     * ## Browser Compatibility
     *·
     * Handles various browser environments:
     *·
     * - **SSR Safety**: Checks `typeof window !== 'undefined'` before window operations
     * - **Router Fallback**: Falls back to window.location.href if router.push fails
     * - **Tested Browsers**: Chrome, Firefox, Safari, Edge
     *·
     * Requirements: 7.1, 7.2, 7.3
     *·
     * @returns {JSX.Element} Dashboard content for authenticated users, loading UI during check, or logout UI during logout
     *·
     * @example
     * // Unauthenticated user access
     * // 1. Shows loading UI
     * // 2. Checks token (returns false)
     * // 3. Redirects to /login
     * // 4. Logs: \"Redirecting to login (no token)\"
     *·
     * @example
     * // Authenticated user access
     * // 1. Shows loading UI
     * // 2. Checks token (returns true)
     * // 3. Renders DashboardClient
     * // 4. Logs: \"Authentication successful\"
     *·
     * @example
     * // Logout in progress
     * // 1. Checks logout state (returns true)
     * // 2. Shows \"Logging out...\" UI
     * // 3. Skips token validation
     * // 4. Waits for redirect to complete
     *·
     * Requirements:
     * - 1.1: Display dashboard for authenticated users
     * - 1.2: Redirect unauthenticated users to login
     * - 1.3: Fallback redirect mechanism
     * - 1.4: Token validation without errors
     * - 1.5: Error-free authentication check
     * - 2.2: Loading state during redirect
     * - 2.3: Loading state visibility
     * - 2.4: Timeout protection
     * - 2.5: Loading state visual distinction
     * - 3.1: Error logging with context
     * - 3.2: Error recovery redirect
     * - 3.3: Router fallback handling
     * - 4.1: Single useEffect execution per mount
     * - 4.2: Cleanup on unmount
     * - 4.5: Stable dependencies
     * - 5.1-5.7: Comprehensive logging
     * - 6.1-6.5: Logout state integration
     * - 7.1-7.3: Browser compatibility
     * - 8.2: Logout UI display
     * - 8.5: White background on loading states
     */
    export default function DashboardPage() {
      const router = useRouter();···
      /**
       * Authentication state tracker
       *·
       * Tri-state value that controls component rendering:
       * - `null`: Authentication check in progress (shows loading UI)
       * - `true`: User is authenticated (renders dashboard)
       * - `false`: Not used (redirect initiated instead)
       *·
       * The state remains `null` during redirect to keep loading UI visible,
       * preventing black screen or flash of content. It naturally resolves
       * when the login page loads.
       *·
       * Requirements: 2.2, 2.3, 4.4
       */
      const [isAuthenticated, setIsAuthenticated] = useState<boolean | null>(null);···
      /**
       * Logout transition state tracker
       *·
       * Set to `true` when LogoutStateManager indicates logout is in progress.
       * When true, displays \"Logging out...\" UI and skips all authentication
       * checks to prevent race conditions.
       *·
       * Requirements: 6.1, 6.3, 8.2
       */
      const [isLoggingOut, setIsLoggingOut] = useState(false);···
      /**
       * Component mount status tracker
       *·
       * Ref that tracks whether the component is currently mounted.
       * - Initialized to `true` when component mounts
       * - Set to `false` in useEffect cleanup function
       * - Checked before all setState calls to prevent warnings
       *·
       * Prevents \"Can't perform state update on unmounted component\" warnings
       * that can occur if redirect happens during async operations.
       *·
       * Requirements: 4.2, 4.5
       */
      const isMountedRef = useRef(true);·
      /**
       * Redirect guard tracker
       *·
       * Prevents multiple redirects per page load.
       * Set to true when redirect is initiated, preventing subsequent redirects.
       *·
       * Requirements: 7.5
       */
      const redirectInitiatedRef = useRef(false);·
      /**
       * Authentication check debounce tracker
       *·
       * Prevents multiple rapid authentication checks.
       * Set to true when check starts, preventing concurrent checks.
       *·
       * Requirements: 7.2, 7.4
       */
      const authCheckInProgressRef = useRef(false);·
      /**
       * Authentication Check Effect
       *·
       * Runs once per component mount to verify user authentication and
       * redirect if necessary. Implements timeout protection, comprehensive
       * error handling, logout state integration, and AuthCoordinator integration.
       *·
       * Enhanced with:
       * - Redirect guard to prevent multiple redirects
       * - Authentication check debouncing
       * - AuthCoordinator integration for unified auth state
       * - Trace ID correlation from login flow
       *·
       * ## Dependency Array Strategy
       *·
       * Contains only `router` to ensure the effect runs exactly once per mount:
       * - `router`: Required (used for navigation)
       * - `isMountedRef`: Excluded (refs don't trigger re-renders)
       * - `setState functions`: Excluded (stable by React design)
       *·
       * This prevents infinite loops while ensuring navigation works correctly.
       * Requirements: 4.1, 4.5, 7.2, 7.4, 7.5, 8.4
       */
      useEffect(() => {
        // Prevent multiple concurrent authentication checks
        if (authCheckInProgressRef.current) {
          console.log('[Dashboard] Authentication check already in progress, skipping');
          return;
        }·
        authCheckInProgressRef.current = true;·
        /**
         * Timeout ID for authentication check timeout protection
         *·
         * Set to a 2-second timeout when the effect runs. Cleared when:
         * - Redirect succeeds (router.push or window.location.href)
         * - Authentication succeeds (valid token found)
         * - Error recovery redirect succeeds
         * - Component unmounts
         *·
         * If the timeout fires, it forces a redirect to /login to prevent
         * users from being stuck on a loading screen indefinitely.
         *·
         * Requirements: 2.4
         */
        let timeoutId: NodeJS.Timeout | null = null;·
        // Get trace ID from login flow if available
        const traceId = getTraceId();
        console.log('[Dashboard] Starting authentication check', { traceId });·
        // Set timeout protection
        timeoutId = setTimeout(() => {
          console.warn('[Dashboard] Authentication check timeout, forcing redirect', { traceId });
          if (typeof window !== 'undefined' && !redirectInitiatedRef.current) {
            redirectInitiatedRef.current = true;·········
            // Build redirect URL with return URL parameter
            let redirectUrl = '/login?returnUrl=/dashboard';
            const currentParams = new URLSearchParams(window.location.search);
            if (currentParams.toString()) {
              redirectUrl = `/login?returnUrl=${encodeURIComponent('/dashboard?' + currentParams.toString())}`;
            }·········
            console.log('[Dashboard] Timeout redirect URL', { redirectUrl, traceId });
            window.location.href = redirectUrl;
          }
        }, 2000);·
        /**
         * Authentication Check Function
         *·
         * Enhanced with AuthCoordinator integration for unified authentication state.
         * Implements redirect guard and debouncing to prevent loops.
         *·
         * Requirements: 7.1, 7.2, 7.4, 7.5, 8.4
         */
        const checkAuth = async () => {
          try {
            // Check if logout is in progress FIRST
            let logoutInProgress = false;
            try {
              logoutInProgress = logoutStateManager.isLogoutInProgress();
              console.log('[Dashboard] Logout state check result', { logoutInProgress, traceId });
            } catch (logoutCheckError) {
              console.error('[Dashboard] Error checking logout state', {
                error: logoutCheckError instanceof Error ? logoutCheckError.message : String(logoutCheckError),
                timestamp: new Date().toISOString(),
                context: 'logout state check',
                traceId,
              });
            }·········
            if (logoutInProgress) {
              try {
                if (isMountedRef.current) {
                  setIsLoggingOut(true);
                }
              } catch (stateError) {
                console.error('[Dashboard] Error setting logout state', {
                  error: stateError instanceof Error ? stateError.message : String(stateError),
                  timestamp: new Date().toISOString(),
                  context: 'setIsLoggingOut state update',
                  traceId,
                });
              }
              authCheckInProgressRef.current = false;
              return;
            }·········
            // Use AuthCoordinator for unified authentication state with JWT requirement
            console.log('[Dashboard] Getting unified auth state with JWT requirement', { traceId });
            const authState = await getAuthState({ requireJWT: true, traceId: traceId || undefined });
            console.log('[Dashboard] Auth state received', {·
              isAuthenticated: authState.isAuthenticated,
              hasJWT: authState.hasJWT,
              hasSession: authState.hasSession,
              authMethod: authState.authMethod,
              inFallbackMode: authState.inFallbackMode,
              reason: authState.reason,
              traceId,
            });·········
            if (isMountedRef.current) {
              if (!authState.isAuthenticated) {
                // Not authenticated - redirect to login with return URL
                if (!redirectInitiatedRef.current) {
                  redirectInitiatedRef.current = true;···············
                  // Build redirect URL with return URL parameter
                  // Preserve any existing query parameters from dashboard URL
                  let redirectUrl = '/login?returnUrl=/dashboard';
                  if (typeof window !== 'undefined') {
                    const currentParams = new URLSearchParams(window.location.search);
                    if (currentParams.toString()) {
                      redirectUrl = `/login?returnUrl=${encodeURIComponent('/dashboard?' + currentParams.toString())}`;
                    }
                  }···············
                  console.log('[Dashboard] Redirecting to login (not authenticated)', {·
                    traceId,
                    reason: authState.reason,
                    hasJWT: authState.hasJWT,
                    hasSession: authState.hasSession,
                    redirectUrl,
                  });···············
                  try {
                    router.push(redirectUrl);
                    if (timeoutId) clearTimeout(timeoutId);
                    console.log('[Dashboard] Redirect initiated successfully', { traceId, redirectUrl });
                  } catch (navError) {
                    console.error('[Dashboard] router.push failed, using fallback', {
                      error: navError instanceof Error ? navError.message : String(navError),
                      timestamp: new Date().toISOString(),
                      fallback: 'window.location.href',
                      traceId,
                      redirectUrl,
                    });
                    if (typeof window !== 'undefined') {
                      if (timeoutId) clearTimeout(timeoutId);
                      window.location.href = redirectUrl;
                      console.log('[Dashboard] Fallback redirect initiated successfully', { traceId, redirectUrl });
                    }
                  }
                }
              } else {
                // Authenticated - show dashboard
                if (timeoutId) clearTimeout(timeoutId);
                console.log('[Dashboard] Authentication successful', {·
                  authMethod: authState.authMethod,
                  inFallbackMode: authState.inFallbackMode,
                  traceId,
                });·············
                try {
                  setIsAuthenticated(true);
                } catch (stateError) {
                  console.error('[Dashboard] Error setting authenticated state', {
                    error: stateError instanceof Error ? stateError.message : String(stateError),
                    timestamp: new Date().toISOString(),
                    context: 'setIsAuthenticated state update',
                    traceId,
                  });
                }
              }
            }·········
            authCheckInProgressRef.current = false;
          } catch (error) {
            console.error('[Dashboard] Authentication check failed', {
              error: error instanceof Error ? error.message : String(error),
              timestamp: new Date().toISOString(),
              context: 'checkAuth function',
              traceId,
            });·········
            authCheckInProgressRef.current = false;·········
            if (isMountedRef.current) {
              let isLoggingOutNow = false;
              try {
                isLoggingOutNow = logoutStateManager.isLogoutInProgress();
              } catch (e) {
                // Ignore error, proceed with redirect
              }···········
              if (!isLoggingOutNow && !redirectInitiatedRef.current) {
                redirectInitiatedRef.current = true;·············
                // Build redirect URL with return URL parameter
                let redirectUrl = '/login?returnUrl=/dashboard';
                if (typeof window !== 'undefined') {
                  const currentParams = new URLSearchParams(window.location.search);
                  if (currentParams.toString()) {
                    redirectUrl = `/login?returnUrl=${encodeURIComponent('/dashboard?' + currentParams.toString())}`;
                  }
                }·············
                try {
                  console.log('[Dashboard] Redirecting to login (error recovery)', { traceId, redirectUrl });
                  router.push(redirectUrl);
                  if (timeoutId) clearTimeout(timeoutId);
                  console.log('[Dashboard] Error recovery redirect initiated successfully', { traceId, redirectUrl });
                } catch (navError) {
                  console.error('[Dashboard] Error recovery navigation failed, using fallback', {
                    error: navError instanceof Error ? navError.message : String(navError),
                    timestamp: new Date().toISOString(),
                    fallback: 'window.location.href',
                    traceId,
                    redirectUrl,
                  });
                  if (typeof window !== 'undefined') {
                    if (timeoutId) clearTimeout(timeoutId);
                    window.location.href = redirectUrl;
                    console.log('[Dashboard] Fallback error recovery redirect initiated successfully', { traceId, redirectUrl });
                  }
                }
              }
            }
          }
        };·
        // Wrap checkAuth call in try-catch for maximum safety
        try {
          checkAuth();
        } catch (outerError) {
          console.error('[Dashboard] Critical error in authentication flow', {
            error: outerError instanceof Error ? outerError.message : String(outerError),
            timestamp: new Date().toISOString(),
            context: 'useEffect checkAuth invocation',
            traceId,
          });·······
          authCheckInProgressRef.current = false;·······
          if (timeoutId) clearTimeout(timeoutId);
          if (typeof window !== 'undefined' && !redirectInitiatedRef.current) {
            redirectInitiatedRef.current = true;·········
            // Build redirect URL with return URL parameter
            let redirectUrl = '/login?returnUrl=/dashboard';
            const currentParams = new URLSearchParams(window.location.search);
            if (currentParams.toString()) {
              redirectUrl = `/login?returnUrl=${encodeURIComponent('/dashboard?' + currentParams.toString())}`;
            }·········
            console.log('[Dashboard] Critical error redirect URL', { redirectUrl, traceId });
            window.location.href = redirectUrl;
          }
        }·
        return () => {
          console.log('[Dashboard] Component unmounting', { traceId });
          if (timeoutId) clearTimeout(timeoutId);
          isMountedRef.current = false;
          authCheckInProgressRef.current = false;
        };
      }, [router]);·
      /**
       * Logout Transition UI
       *·
       * Displayed when LogoutStateManager indicates logout is in progress.
       * Shows a centered spinner with \"Logging out...\" message.
       *·
       * ## Visual Design
       * - White background (prevents black screen)
       * - Centered layout (min-h-screen flex)
       * - Blue spinner (matches app theme)
       * - Gray text (accessible contrast)
       *·
       * ## Purpose
       * - Provides visual feedback during logout
       * - Prevents authentication check during logout
       * - Avoids race conditions between logout and auth
       *·
       * Requirements: 6.3, 8.2, 8.5
       */
      // Show logout transition UI if logout is in progress (Task 5.3)
      // Requirements: 1.4, 8.1, 8.2, 8.3, 8.4
      if (isLoggingOut) {
        return (
          <div className=\"min-h-screen flex items-center justify-center bg-white\">
            <div className=\"text-center\">
              <div className=\"animate-spin rounded-full h-12 w-12 border-b-2 border-blue-600 mx-auto mb-4\"></div>
              <div className=\"text-gray-600\">Logging out...</div>
            </div>
          </div>
        );
      }·
      /**
       * Loading State UI
       *·
       * Displayed while authentication check is in progress (isAuthenticated === null).
       * Shows a simple \"Loading...\" message with white background.
       *·
       * ## Visual Design
       * - White background (explicit bg-white class)
       * - Centered layout (min-h-screen flex)
       * - Gray text (accessible contrast)
       * - No spinner (simpler than logout UI)
       *·
       * ## State Management
       * This UI remains visible during redirect because isAuthenticated stays null.
       * This prevents:
       * - Black screen during navigation
       * - Flash of content before redirect
       * - Error boundary activation
       *·
       * The state naturally resolves when the login page loads.
       *·
       * Requirements: 2.2, 2.3, 2.5, 8.5
       */
      // Show loading state while checking authentication
      // Task 5.2: Explicit white background to prevent black screen - Requirements 2.5, 8.5
      if (isAuthenticated === null) {
        return (
          <div className=\"min-h-screen flex items-center justify-center bg-white\">
            <div className=\"text-gray-600\">Loading...</div>
          </div>
        );
      }·
      /**
       * Authenticated Dashboard UI
       *·
       * Rendered when isAuthenticated === true, indicating the user has a valid
       * JWT token. With requireJWT: true, session-only authentication is not
       * sufficient for dashboard access, so this component only renders when
       * a valid JWT exists.
       *·
       * Requirements: 1.1, 1.4, 4.1
       */
      // Render dashboard for authenticated users (JWT required)
      return <DashboardClient />;
    }
    "

      144 |
      145 |     // Check for the comment explaining Task 5.1
    > 146 |     expect(dashboardCode).toContain('Task 5.1: Keep isAuthenticated as null during redirect');
          |                           ^
      147 |     expect(dashboardCode).toContain('This ensures the loading UI remains visible during navigation');
      148 |     expect(dashboardCode).toContain('preventing a black screen or flash of content');
      149 |   });

      at Object.toContain (src/app/dashboard/loading-state-persistence.test.tsx:146:27)

PASS src/components/ui/PasswordInput.test.tsx
FAIL src/hooks/useLoginForm.test.tsx
  ● Console

    console.log
      Form submission started

      at Object.log [as onSubmit] (src/hooks/useLoginForm.ts:200:13)

    console.log
      [LoginFlowTracer] Trace started: 73e2a39e-5c0c-4e1f-bb32-337617fa21ac

      at log (src/lib/auth/LoginFlowTracer.ts:52:15)

    console.log
      [useLoginForm] Login flow started { traceId: '73e2a39e-5c0c-4e1f-bb32-337617fa21ac' }

      at Object.log [as onSubmit] (src/hooks/useLoginForm.ts:208:13)

    console.log
      [useLoginForm] Calling API client login method { traceId: '73e2a39e-5c0c-4e1f-bb32-337617fa21ac' }

      at Object.log [as onSubmit] (src/hooks/useLoginForm.ts:230:15)

    console.error
      [useLoginForm] Login failed { error: undefined, traceId: '73e2a39e-5c0c-4e1f-bb32-337617fa21ac' }

      259 |       } else {
      260 |         // Login failed - handle error
    > 261 |         console.error('[useLoginForm] Login failed', { error: result.error, traceId });
          |                 ^
      262 |         
      263 |         // Record attempt for authentication errors
      264 |         if (result.error === 'Invalid email or password') {

      at Object.error [as onSubmit] (src/hooks/useLoginForm.ts:261:17)
      at src/hooks/useLoginForm.test.tsx:123:9

    console.log
      Form submission started

      at Object.log [as onSubmit] (src/hooks/useLoginForm.ts:200:13)

    console.log
      [LoginFlowTracer] Trace started: 01ac953b-04ba-4a16-9b36-3d379ced8f87

      at log (src/lib/auth/LoginFlowTracer.ts:52:15)

    console.log
      [useLoginForm] Login flow started { traceId: '01ac953b-04ba-4a16-9b36-3d379ced8f87' }

      at Object.log [as onSubmit] (src/hooks/useLoginForm.ts:208:13)

    console.log
      [useLoginForm] Calling API client login method { traceId: '01ac953b-04ba-4a16-9b36-3d379ced8f87' }

      at Object.log [as onSubmit] (src/hooks/useLoginForm.ts:230:15)

    console.log
      [useLoginForm] Login successful, token stored and verified { traceId: '01ac953b-04ba-4a16-9b36-3d379ced8f87' }

      at Object.log [as onSubmit] (src/hooks/useLoginForm.ts:246:17)

    console.log
      [useLoginForm] Initiating redirect to dashboard { traceId: '01ac953b-04ba-4a16-9b36-3d379ced8f87' }

      at log (src/hooks/useLoginForm.ts:254:19)

    console.log
      Form submission started

      at Object.log [as onSubmit] (src/hooks/useLoginForm.ts:200:13)

    console.log
      [LoginFlowTracer] Trace started: 182e2fee-0133-4fb6-9aca-495532cae1b1

      at log (src/lib/auth/LoginFlowTracer.ts:52:15)

    console.log
      [useLoginForm] Login flow started { traceId: '182e2fee-0133-4fb6-9aca-495532cae1b1' }

      at Object.log [as onSubmit] (src/hooks/useLoginForm.ts:208:13)

    console.log
      [useLoginForm] Calling API client login method { traceId: '182e2fee-0133-4fb6-9aca-495532cae1b1' }

      at Object.log [as onSubmit] (src/hooks/useLoginForm.ts:230:15)

    console.log
      [useLoginForm] Login successful, token stored and verified { traceId: '182e2fee-0133-4fb6-9aca-495532cae1b1' }

      at Object.log [as onSubmit] (src/hooks/useLoginForm.ts:246:17)

    console.log
      Form submission started

      at Object.log [as onSubmit] (src/hooks/useLoginForm.ts:200:13)

    console.log
      [LoginFlowTracer] Trace started: a00a034a-9ef6-42bc-b03f-bf605740105a

      at log (src/lib/auth/LoginFlowTracer.ts:52:15)

    console.log
      [useLoginForm] Login flow started { traceId: 'a00a034a-9ef6-42bc-b03f-bf605740105a' }

      at Object.log [as onSubmit] (src/hooks/useLoginForm.ts:208:13)

    console.log
      [useLoginForm] Calling API client login method { traceId: 'a00a034a-9ef6-42bc-b03f-bf605740105a' }

      at Object.log [as onSubmit] (src/hooks/useLoginForm.ts:230:15)

    console.error
      [useLoginForm] Login failed {
        error: 'Invalid email or password',
        traceId: 'a00a034a-9ef6-42bc-b03f-bf605740105a'
      }

      259 |       } else {
      260 |         // Login failed - handle error
    > 261 |         console.error('[useLoginForm] Login failed', { error: result.error, traceId });
          |                 ^
      262 |         
      263 |         // Record attempt for authentication errors
      264 |         if (result.error === 'Invalid email or password') {

      at Object.error [as onSubmit] (src/hooks/useLoginForm.ts:261:17)
      at src/hooks/useLoginForm.test.tsx:210:9

    console.log
      Form submission started

      at Object.log [as onSubmit] (src/hooks/useLoginForm.ts:200:13)

    console.log
      [LoginFlowTracer] Trace started: 1c17b86f-fd41-4db3-9804-b1a6c85b79fe

      at log (src/lib/auth/LoginFlowTracer.ts:52:15)

    console.log
      [useLoginForm] Login flow started { traceId: '1c17b86f-fd41-4db3-9804-b1a6c85b79fe' }

      at Object.log [as onSubmit] (src/hooks/useLoginForm.ts:208:13)

    console.log
      [useLoginForm] Calling API client login method { traceId: '1c17b86f-fd41-4db3-9804-b1a6c85b79fe' }

      at Object.log [as onSubmit] (src/hooks/useLoginForm.ts:230:15)

    console.error
      [useLoginForm] Login failed {
        error: 'Invalid email or password',
        traceId: '1c17b86f-fd41-4db3-9804-b1a6c85b79fe'
      }

      259 |       } else {
      260 |         // Login failed - handle error
    > 261 |         console.error('[useLoginForm] Login failed', { error: result.error, traceId });
          |                 ^
      262 |         
      263 |         // Record attempt for authentication errors
      264 |         if (result.error === 'Invalid email or password') {

      at Object.error [as onSubmit] (src/hooks/useLoginForm.ts:261:17)
      at src/hooks/useLoginForm.test.tsx:231:9

    console.log
      Form submission started

      at Object.log [as onSubmit] (src/hooks/useLoginForm.ts:200:13)

    console.log
      [LoginFlowTracer] Trace started: 3feb9ba0-b302-470c-9b5b-95a5d9c7d7d5

      at log (src/lib/auth/LoginFlowTracer.ts:52:15)

    console.log
      [useLoginForm] Login flow started { traceId: '3feb9ba0-b302-470c-9b5b-95a5d9c7d7d5' }

      at Object.log [as onSubmit] (src/hooks/useLoginForm.ts:208:13)

    console.log
      [useLoginForm] Calling API client login method { traceId: '3feb9ba0-b302-470c-9b5b-95a5d9c7d7d5' }

      at Object.log [as onSubmit] (src/hooks/useLoginForm.ts:230:15)

    console.error
      [useLoginForm] Login failed {
        error: 'Invalid email or password',
        traceId: '3feb9ba0-b302-470c-9b5b-95a5d9c7d7d5'
      }

      259 |       } else {
      260 |         // Login failed - handle error
    > 261 |         console.error('[useLoginForm] Login failed', { error: result.error, traceId });
          |                 ^
      262 |         
      263 |         // Record attempt for authentication errors
      264 |         if (result.error === 'Invalid email or password') {

      at Object.error [as onSubmit] (src/hooks/useLoginForm.ts:261:17)
      at src/hooks/useLoginForm.test.tsx:263:9

    console.log
      Form submission started

      at Object.log [as onSubmit] (src/hooks/useLoginForm.ts:200:13)

    console.log
      [LoginFlowTracer] Trace started: a8485d94-479e-4a61-974b-b2248806a613

      at log (src/lib/auth/LoginFlowTracer.ts:52:15)

    console.log
      [useLoginForm] Login flow started { traceId: 'a8485d94-479e-4a61-974b-b2248806a613' }

      at Object.log [as onSubmit] (src/hooks/useLoginForm.ts:208:13)

    console.log
      [useLoginForm] Calling API client login method { traceId: 'a8485d94-479e-4a61-974b-b2248806a613' }

      at Object.log [as onSubmit] (src/hooks/useLoginForm.ts:230:15)

    console.error
      [useLoginForm] Unexpected error during login {
        error: 'Network error',
        traceId: 'a8485d94-479e-4a61-974b-b2248806a613'
      }

      277 |     } catch (error) {
      278 |       // Handle unexpected errors (Requirement 9.5)
    > 279 |       console.error('[useLoginForm] Unexpected error during login', { 
          |               ^
      280 |         error: error instanceof Error ? error.message : String(error),
      281 |         traceId 
      282 |       });

      at Object.error [as onSubmit] (src/hooks/useLoginForm.ts:279:15)
      at src/hooks/useLoginForm.test.tsx:281:9

    console.log
      Form submission started

      at Object.log [as onSubmit] (src/hooks/useLoginForm.ts:200:13)

    console.log
      [LoginFlowTracer] Trace started: 21c04038-e27c-4b53-9b10-93fb2aad0e7a

      at log (src/lib/auth/LoginFlowTracer.ts:52:15)

    console.log
      [useLoginForm] Login flow started { traceId: '21c04038-e27c-4b53-9b10-93fb2aad0e7a' }

      at Object.log [as onSubmit] (src/hooks/useLoginForm.ts:208:13)

    console.log
      [useLoginForm] Calling API client login method { traceId: '21c04038-e27c-4b53-9b10-93fb2aad0e7a' }

      at Object.log [as onSubmit] (src/hooks/useLoginForm.ts:230:15)

    console.error
      [useLoginForm] Unexpected error during login {
        error: 'Network error',
        traceId: '21c04038-e27c-4b53-9b10-93fb2aad0e7a'
      }

      277 |     } catch (error) {
      278 |       // Handle unexpected errors (Requirement 9.5)
    > 279 |       console.error('[useLoginForm] Unexpected error during login', { 
          |               ^
      280 |         error: error instanceof Error ? error.message : String(error),
      281 |         traceId 
      282 |       });

      at Object.error [as onSubmit] (src/hooks/useLoginForm.ts:279:15)
      at src/hooks/useLoginForm.test.tsx:300:9

    console.log
      Form submission started

      at Object.log [as onSubmit] (src/hooks/useLoginForm.ts:200:13)

    console.log
      [LoginFlowTracer] Trace started: 14adfd64-c7d7-4c66-8b3b-4dea7f94302d

      at log (src/lib/auth/LoginFlowTracer.ts:52:15)

    console.log
      [useLoginForm] Login flow started { traceId: '14adfd64-c7d7-4c66-8b3b-4dea7f94302d' }

      at Object.log [as onSubmit] (src/hooks/useLoginForm.ts:208:13)

    console.log
      [useLoginForm] Calling API client login method { traceId: '14adfd64-c7d7-4c66-8b3b-4dea7f94302d' }

      at Object.log [as onSubmit] (src/hooks/useLoginForm.ts:230:15)

    console.log
      [useLoginForm] Login successful, token stored and verified { traceId: '14adfd64-c7d7-4c66-8b3b-4dea7f94302d' }

      at Object.log [as onSubmit] (src/hooks/useLoginForm.ts:246:17)

    console.log
      [useLoginForm] Initiating redirect to dashboard { traceId: '14adfd64-c7d7-4c66-8b3b-4dea7f94302d' }

      at log (src/hooks/useLoginForm.ts:254:19)

    console.log
      Form submission started

      at Object.log [as onSubmit] (src/hooks/useLoginForm.ts:200:13)

    console.log
      [LoginFlowTracer] Trace started: 0f7ea349-0361-4102-bc36-c5c1e7f6e5d5

      at log (src/lib/auth/LoginFlowTracer.ts:52:15)

    console.log
      [useLoginForm] Login flow started { traceId: '0f7ea349-0361-4102-bc36-c5c1e7f6e5d5' }

      at Object.log [as onSubmit] (src/hooks/useLoginForm.ts:208:13)

    console.log
      [useLoginForm] Calling API client login method { traceId: '0f7ea349-0361-4102-bc36-c5c1e7f6e5d5' }

      at Object.log [as onSubmit] (src/hooks/useLoginForm.ts:230:15)

    console.error
      [useLoginForm] Login failed {
        error: 'Invalid email or password',
        traceId: '0f7ea349-0361-4102-bc36-c5c1e7f6e5d5'
      }

      259 |       } else {
      260 |         // Login failed - handle error
    > 261 |         console.error('[useLoginForm] Login failed', { error: result.error, traceId });
          |                 ^
      262 |         
      263 |         // Record attempt for authentication errors
      264 |         if (result.error === 'Invalid email or password') {

      at Object.error [as onSubmit] (src/hooks/useLoginForm.ts:261:17)
      at src/hooks/useLoginForm.test.tsx:370:11

    console.log
      Form submission started

      at Object.log [as onSubmit] (src/hooks/useLoginForm.ts:200:13)

    console.log
      [LoginFlowTracer] Trace started: 1584d000-284a-4a4f-a34e-94bd194aaa96

      at log (src/lib/auth/LoginFlowTracer.ts:52:15)

    console.log
      [useLoginForm] Login flow started { traceId: '1584d000-284a-4a4f-a34e-94bd194aaa96' }

      at Object.log [as onSubmit] (src/hooks/useLoginForm.ts:208:13)

    console.log
      [useLoginForm] Calling API client login method { traceId: '1584d000-284a-4a4f-a34e-94bd194aaa96' }

      at Object.log [as onSubmit] (src/hooks/useLoginForm.ts:230:15)

    console.log
      [useLoginForm] Login successful, token stored and verified { traceId: '1584d000-284a-4a4f-a34e-94bd194aaa96' }

      at Object.log [as onSubmit] (src/hooks/useLoginForm.ts:246:17)

    console.log
      Form submission started

      at Object.log [as onSubmit] (src/hooks/useLoginForm.ts:200:13)

    console.log
      [LoginFlowTracer] Trace started: 603ed95b-e3bd-4915-a7bb-1c9839e0a4b8

      at log (src/lib/auth/LoginFlowTracer.ts:52:15)

    console.log
      [useLoginForm] Login flow started { traceId: '603ed95b-e3bd-4915-a7bb-1c9839e0a4b8' }

      at Object.log [as onSubmit] (src/hooks/useLoginForm.ts:208:13)

    console.log
      [useLoginForm] Calling API client login method { traceId: '603ed95b-e3bd-4915-a7bb-1c9839e0a4b8' }

      at Object.log [as onSubmit] (src/hooks/useLoginForm.ts:230:15)

    console.error
      [useLoginForm] Login failed {
        error: 'Invalid email or password',
        traceId: '603ed95b-e3bd-4915-a7bb-1c9839e0a4b8'
      }

      259 |       } else {
      260 |         // Login failed - handle error
    > 261 |         console.error('[useLoginForm] Login failed', { error: result.error, traceId });
          |                 ^
      262 |         
      263 |         // Record attempt for authentication errors
      264 |         if (result.error === 'Invalid email or password') {

      at Object.error [as onSubmit] (src/hooks/useLoginForm.ts:261:17)
      at src/hooks/useLoginForm.test.tsx:415:11

    console.log
      Form submission started

      at Object.log [as onSubmit] (src/hooks/useLoginForm.ts:200:13)

    console.log
      [LoginFlowTracer] Trace started: c3a8209d-665e-4c31-bb30-e011457e87cd

      at log (src/lib/auth/LoginFlowTracer.ts:52:15)

    console.log
      [useLoginForm] Login flow started { traceId: 'c3a8209d-665e-4c31-bb30-e011457e87cd' }

      at Object.log [as onSubmit] (src/hooks/useLoginForm.ts:208:13)

    console.log
      [useLoginForm] Calling API client login method { traceId: 'c3a8209d-665e-4c31-bb30-e011457e87cd' }

      at Object.log [as onSubmit] (src/hooks/useLoginForm.ts:230:15)

    console.error
      [useLoginForm] Login failed {
        error: 'Invalid email or password',
        traceId: 'c3a8209d-665e-4c31-bb30-e011457e87cd'
      }

      259 |       } else {
      260 |         // Login failed - handle error
    > 261 |         console.error('[useLoginForm] Login failed', { error: result.error, traceId });
          |                 ^
      262 |         
      263 |         // Record attempt for authentication errors
      264 |         if (result.error === 'Invalid email or password') {

      at Object.error [as onSubmit] (src/hooks/useLoginForm.ts:261:17)
      at src/hooks/useLoginForm.test.tsx:437:11

    console.log
      Form submission started

      at Object.log [as onSubmit] (src/hooks/useLoginForm.ts:200:13)

    console.log
      [LoginFlowTracer] Trace started: c74594d2-7c4c-41f2-bf72-f4aa14f75017

      at log (src/lib/auth/LoginFlowTracer.ts:52:15)

    console.log
      [useLoginForm] Login flow started { traceId: 'c74594d2-7c4c-41f2-bf72-f4aa14f75017' }

      at Object.log [as onSubmit] (src/hooks/useLoginForm.ts:208:13)

    console.log
      [useLoginForm] Calling API client login method { traceId: 'c74594d2-7c4c-41f2-bf72-f4aa14f75017' }

      at Object.log [as onSubmit] (src/hooks/useLoginForm.ts:230:15)

    console.error
      [useLoginForm] Login failed {
        error: 'Invalid email or password',
        traceId: 'c74594d2-7c4c-41f2-bf72-f4aa14f75017'
      }

      259 |       } else {
      260 |         // Login failed - handle error
    > 261 |         console.error('[useLoginForm] Login failed', { error: result.error, traceId });
          |                 ^
      262 |         
      263 |         // Record attempt for authentication errors
      264 |         if (result.error === 'Invalid email or password') {

      at Object.error [as onSubmit] (src/hooks/useLoginForm.ts:261:17)
      at src/hooks/useLoginForm.test.tsx:462:11

    console.log
      Form submission started

      at Object.log [as onSubmit] (src/hooks/useLoginForm.ts:200:13)

    console.log
      [LoginFlowTracer] Trace started: 06430353-8ffe-4a60-8934-ee0c49e19cc5

      at log (src/lib/auth/LoginFlowTracer.ts:52:15)

    console.log
      [useLoginForm] Login flow started { traceId: '06430353-8ffe-4a60-8934-ee0c49e19cc5' }

      at Object.log [as onSubmit] (src/hooks/useLoginForm.ts:208:13)

    console.log
      [useLoginForm] Calling API client login method { traceId: '06430353-8ffe-4a60-8934-ee0c49e19cc5' }

      at Object.log [as onSubmit] (src/hooks/useLoginForm.ts:230:15)

    console.error
      [useLoginForm] Unexpected error during login {
        error: 'Failed to fetch',
        traceId: '06430353-8ffe-4a60-8934-ee0c49e19cc5'
      }

      277 |     } catch (error) {
      278 |       // Handle unexpected errors (Requirement 9.5)
    > 279 |       console.error('[useLoginForm] Unexpected error during login', { 
          |               ^
      280 |         error: error instanceof Error ? error.message : String(error),
      281 |         traceId 
      282 |       });

      at Object.error [as onSubmit] (src/hooks/useLoginForm.ts:279:15)
      at src/hooks/useLoginForm.test.tsx:490:11

    console.log
      Form submission started

      at Object.log [as onSubmit] (src/hooks/useLoginForm.ts:200:13)

    console.log
      [LoginFlowTracer] Trace started: 9e03e7cd-1d72-4e38-92e3-3dbc2b10e398

      at log (src/lib/auth/LoginFlowTracer.ts:52:15)

    console.log
      [useLoginForm] Login flow started { traceId: '9e03e7cd-1d72-4e38-92e3-3dbc2b10e398' }

      at Object.log [as onSubmit] (src/hooks/useLoginForm.ts:208:13)

    console.log
      [useLoginForm] Calling API client login method { traceId: '9e03e7cd-1d72-4e38-92e3-3dbc2b10e398' }

      at Object.log [as onSubmit] (src/hooks/useLoginForm.ts:230:15)

    console.error
      [useLoginForm] Unexpected error during login {
        error: 'Network request failed',
        traceId: '9e03e7cd-1d72-4e38-92e3-3dbc2b10e398'
      }

      277 |     } catch (error) {
      278 |       // Handle unexpected errors (Requirement 9.5)
    > 279 |       console.error('[useLoginForm] Unexpected error during login', { 
          |               ^
      280 |         error: error instanceof Error ? error.message : String(error),
      281 |         traceId 
      282 |       });

      at Object.error [as onSubmit] (src/hooks/useLoginForm.ts:279:15)
      at src/hooks/useLoginForm.test.tsx:509:11

    console.log
      Form submission started

      at Object.log [as onSubmit] (src/hooks/useLoginForm.ts:200:13)

    console.log
      [LoginFlowTracer] Trace started: ffc68b78-4816-4ba8-a331-3841a7a2c2c1

      at log (src/lib/auth/LoginFlowTracer.ts:52:15)

    console.log
      [useLoginForm] Login flow started { traceId: 'ffc68b78-4816-4ba8-a331-3841a7a2c2c1' }

      at Object.log [as onSubmit] (src/hooks/useLoginForm.ts:208:13)

    console.log
      [useLoginForm] Calling API client login method { traceId: 'ffc68b78-4816-4ba8-a331-3841a7a2c2c1' }

      at Object.log [as onSubmit] (src/hooks/useLoginForm.ts:230:15)

    console.error
      [useLoginForm] Unexpected error during login {
        error: 'Connection timeout',
        traceId: 'ffc68b78-4816-4ba8-a331-3841a7a2c2c1'
      }

      277 |     } catch (error) {
      278 |       // Handle unexpected errors (Requirement 9.5)
    > 279 |       console.error('[useLoginForm] Unexpected error during login', { 
          |               ^
      280 |         error: error instanceof Error ? error.message : String(error),
      281 |         traceId 
      282 |       });

      at Object.error [as onSubmit] (src/hooks/useLoginForm.ts:279:15)
      at src/hooks/useLoginForm.test.tsx:529:11

    console.log
      Form submission started

      at Object.log [as onSubmit] (src/hooks/useLoginForm.ts:200:13)

    console.log
      [LoginFlowTracer] Trace started: 7b11f5a5-2cf2-451d-88ea-d797b44ec6e6

      at log (src/lib/auth/LoginFlowTracer.ts:52:15)

    console.log
      [useLoginForm] Login flow started { traceId: '7b11f5a5-2cf2-451d-88ea-d797b44ec6e6' }

      at Object.log [as onSubmit] (src/hooks/useLoginForm.ts:208:13)

    console.log
      Form submission started

      at Object.log [as onSubmit] (src/hooks/useLoginForm.ts:200:13)

    console.log
      [LoginFlowTracer] Trace started: 414535d5-db83-4807-b631-c0d1c1604b0a

      at log (src/lib/auth/LoginFlowTracer.ts:52:15)

    console.log
      [useLoginForm] Login flow started { traceId: '414535d5-db83-4807-b631-c0d1c1604b0a' }

      at Object.log [as onSubmit] (src/hooks/useLoginForm.ts:208:13)

    console.log
      Form submission started

      at Object.log [as onSubmit] (src/hooks/useLoginForm.ts:200:13)

    console.log
      [LoginFlowTracer] Trace started: f4b8f330-d5ae-40cf-9da0-4396099971d3

      at log (src/lib/auth/LoginFlowTracer.ts:52:15)

    console.log
      [useLoginForm] Login flow started { traceId: 'f4b8f330-d5ae-40cf-9da0-4396099971d3' }

      at Object.log [as onSubmit] (src/hooks/useLoginForm.ts:208:13)

    console.log
      [useLoginForm] Calling API client login method { traceId: 'f4b8f330-d5ae-40cf-9da0-4396099971d3' }

      at Object.log [as onSubmit] (src/hooks/useLoginForm.ts:230:15)

    console.error
      [useLoginForm] Login failed {
        error: 'Invalid email or password',
        traceId: 'f4b8f330-d5ae-40cf-9da0-4396099971d3'
      }

      259 |       } else {
      260 |         // Login failed - handle error
    > 261 |         console.error('[useLoginForm] Login failed', { error: result.error, traceId });
          |                 ^
      262 |         
      263 |         // Record attempt for authentication errors
      264 |         if (result.error === 'Invalid email or password') {

      at Object.error [as onSubmit] (src/hooks/useLoginForm.ts:261:17)
      at src/hooks/useLoginForm.test.tsx:621:9

    console.log
      Form submission started

      at Object.log [as onSubmit] (src/hooks/useLoginForm.ts:200:13)

    console.log
      [LoginFlowTracer] Trace started: 58cc2798-5901-4eea-83a8-3d8c49d9e591

      at log (src/lib/auth/LoginFlowTracer.ts:52:15)

    console.log
      [useLoginForm] Login flow started { traceId: '58cc2798-5901-4eea-83a8-3d8c49d9e591' }

      at Object.log [as onSubmit] (src/hooks/useLoginForm.ts:208:13)

    console.log
      [useLoginForm] Calling API client login method { traceId: '58cc2798-5901-4eea-83a8-3d8c49d9e591' }

      at Object.log [as onSubmit] (src/hooks/useLoginForm.ts:230:15)

    console.error
      [useLoginForm] Login failed {
        error: 'Invalid email or password',
        traceId: '58cc2798-5901-4eea-83a8-3d8c49d9e591'
      }

      259 |       } else {
      260 |         // Login failed - handle error
    > 261 |         console.error('[useLoginForm] Login failed', { error: result.error, traceId });
          |                 ^
      262 |         
      263 |         // Record attempt for authentication errors
      264 |         if (result.error === 'Invalid email or password') {

      at Object.error [as onSubmit] (src/hooks/useLoginForm.ts:261:17)
      at src/hooks/useLoginForm.test.tsx:692:9

    console.log
      Form submission started

      at Object.log [as onSubmit] (src/hooks/useLoginForm.ts:200:13)

    console.log
      [LoginFlowTracer] Trace started: 97dab92e-2bc8-4b09-8626-350f4a0ce0bb

      at log (src/lib/auth/LoginFlowTracer.ts:52:15)

    console.log
      [useLoginForm] Login flow started { traceId: '97dab92e-2bc8-4b09-8626-350f4a0ce0bb' }

      at Object.log [as onSubmit] (src/hooks/useLoginForm.ts:208:13)

    console.log
      [useLoginForm] Calling API client login method { traceId: '97dab92e-2bc8-4b09-8626-350f4a0ce0bb' }

      at Object.log [as onSubmit] (src/hooks/useLoginForm.ts:230:15)

    console.log
      [useLoginForm] Login successful, token stored and verified { traceId: '97dab92e-2bc8-4b09-8626-350f4a0ce0bb' }

      at Object.log [as onSubmit] (src/hooks/useLoginForm.ts:246:17)

    console.log
      Form submission started

      at Object.log [as onSubmit] (src/hooks/useLoginForm.ts:200:13)

    console.log
      [LoginFlowTracer] Trace started: 7f1fa9e6-46ed-4f68-9fea-0ea5c0d4a95b

      at log (src/lib/auth/LoginFlowTracer.ts:52:15)

    console.log
      [useLoginForm] Login flow started { traceId: '7f1fa9e6-46ed-4f68-9fea-0ea5c0d4a95b' }

      at Object.log [as onSubmit] (src/hooks/useLoginForm.ts:208:13)

    console.log
      [useLoginForm] Calling API client login method { traceId: '7f1fa9e6-46ed-4f68-9fea-0ea5c0d4a95b' }

      at Object.log [as onSubmit] (src/hooks/useLoginForm.ts:230:15)

    console.log
      Form submission started

      at Object.log [as onSubmit] (src/hooks/useLoginForm.ts:200:13)

    console.log
      [LoginFlowTracer] Trace started: 889017f0-6d95-48e3-9cdf-94283962a25b

      at log (src/lib/auth/LoginFlowTracer.ts:52:15)

    console.log
      [useLoginForm] Login flow started { traceId: '889017f0-6d95-48e3-9cdf-94283962a25b' }

      at Object.log [as onSubmit] (src/hooks/useLoginForm.ts:208:13)

    console.log
      [useLoginForm] Calling API client login method { traceId: '889017f0-6d95-48e3-9cdf-94283962a25b' }

      at Object.log [as onSubmit] (src/hooks/useLoginForm.ts:230:15)

    console.log
      [useLoginForm] Login successful, token stored and verified { traceId: '889017f0-6d95-48e3-9cdf-94283962a25b' }

      at Object.log [as onSubmit] (src/hooks/useLoginForm.ts:246:17)

    console.log
      Form submission started

      at Object.log [as onSubmit] (src/hooks/useLoginForm.ts:200:13)

    console.log
      [LoginFlowTracer] Trace started: 8c777b4b-7b84-418b-a3ab-0a8aa788a069

      at log (src/lib/auth/LoginFlowTracer.ts:52:15)

    console.log
      [useLoginForm] Login flow started { traceId: '8c777b4b-7b84-418b-a3ab-0a8aa788a069' }

      at Object.log [as onSubmit] (src/hooks/useLoginForm.ts:208:13)

    console.log
      [useLoginForm] Calling API client login method { traceId: '8c777b4b-7b84-418b-a3ab-0a8aa788a069' }

      at Object.log [as onSubmit] (src/hooks/useLoginForm.ts:230:15)

    console.log
      [useLoginForm] Login successful, token stored and verified { traceId: '8c777b4b-7b84-418b-a3ab-0a8aa788a069' }

      at Object.log [as onSubmit] (src/hooks/useLoginForm.ts:246:17)

    console.log
      Form submission started

      at Object.log [as onSubmit] (src/hooks/useLoginForm.ts:200:13)

    console.log
      [LoginFlowTracer] Trace started: 01a97673-dbc1-4ac8-bdc9-2be60e5fef61

      at log (src/lib/auth/LoginFlowTracer.ts:52:15)

    console.log
      [useLoginForm] Login flow started { traceId: '01a97673-dbc1-4ac8-bdc9-2be60e5fef61' }

      at Object.log [as onSubmit] (src/hooks/useLoginForm.ts:208:13)

    console.log
      [useLoginForm] Calling API client login method { traceId: '01a97673-dbc1-4ac8-bdc9-2be60e5fef61' }

      at Object.log [as onSubmit] (src/hooks/useLoginForm.ts:230:15)

    console.log
      [useLoginForm] Login successful, token stored and verified { traceId: '01a97673-dbc1-4ac8-bdc9-2be60e5fef61' }

      at Object.log [as onSubmit] (src/hooks/useLoginForm.ts:246:17)

    console.log
      Form submission started

      at Object.log [as onSubmit] (src/hooks/useLoginForm.ts:200:13)

    console.log
      [LoginFlowTracer] Trace started: e4eb33b4-a2f1-4a47-a300-452e48dff84f

      at log (src/lib/auth/LoginFlowTracer.ts:52:15)

    console.log
      [useLoginForm] Login flow started { traceId: 'e4eb33b4-a2f1-4a47-a300-452e48dff84f' }

      at Object.log [as onSubmit] (src/hooks/useLoginForm.ts:208:13)

    console.log
      [useLoginForm] Calling API client login method { traceId: 'e4eb33b4-a2f1-4a47-a300-452e48dff84f' }

      at Object.log [as onSubmit] (src/hooks/useLoginForm.ts:230:15)

    console.log
      Form submission started

      at Object.log [as onSubmit] (src/hooks/useLoginForm.ts:200:13)

    console.log
      [LoginFlowTracer] Trace started: 0c68ebde-a57d-4dd4-936d-b56b8ec15d73

      at log (src/lib/auth/LoginFlowTracer.ts:52:15)

    console.log
      [useLoginForm] Login flow started { traceId: '0c68ebde-a57d-4dd4-936d-b56b8ec15d73' }

      at Object.log [as onSubmit] (src/hooks/useLoginForm.ts:208:13)

    console.log
      [useLoginForm] Calling API client login method { traceId: '0c68ebde-a57d-4dd4-936d-b56b8ec15d73' }

      at Object.log [as onSubmit] (src/hooks/useLoginForm.ts:230:15)

    console.log
      Form submission started

      at Object.log [as onSubmit] (src/hooks/useLoginForm.ts:200:13)

    console.log
      [LoginFlowTracer] Trace started: 8eeefe93-0a65-46e5-9d90-74fcf7bd42f5

      at log (src/lib/auth/LoginFlowTracer.ts:52:15)

    console.log
      [useLoginForm] Login flow started { traceId: '8eeefe93-0a65-46e5-9d90-74fcf7bd42f5' }

      at Object.log [as onSubmit] (src/hooks/useLoginForm.ts:208:13)

    console.log
      [useLoginForm] Calling API client login method { traceId: '8eeefe93-0a65-46e5-9d90-74fcf7bd42f5' }

      at Object.log [as onSubmit] (src/hooks/useLoginForm.ts:230:15)

    console.log
      Form submission started

      at Object.log [as onSubmit] (src/hooks/useLoginForm.ts:200:13)

    console.log
      [LoginFlowTracer] Trace started: 47a6ea7c-9a20-4f7c-9def-be90b31ce9a2

      at log (src/lib/auth/LoginFlowTracer.ts:52:15)

    console.log
      [useLoginForm] Login flow started { traceId: '47a6ea7c-9a20-4f7c-9def-be90b31ce9a2' }

      at Object.log [as onSubmit] (src/hooks/useLoginForm.ts:208:13)

    console.log
      [useLoginForm] Calling API client login method { traceId: '47a6ea7c-9a20-4f7c-9def-be90b31ce9a2' }

      at Object.log [as onSubmit] (src/hooks/useLoginForm.ts:230:15)

    console.log
      Form submission started

      at Object.log [as onSubmit] (src/hooks/useLoginForm.ts:200:13)

    console.log
      [LoginFlowTracer] Trace started: 21e534cf-6d86-4821-8d17-3d6f9e573975

      at log (src/lib/auth/LoginFlowTracer.ts:52:15)

    console.log
      [useLoginForm] Login flow started { traceId: '21e534cf-6d86-4821-8d17-3d6f9e573975' }

      at Object.log [as onSubmit] (src/hooks/useLoginForm.ts:208:13)

    console.log
      [useLoginForm] Calling API client login method { traceId: '21e534cf-6d86-4821-8d17-3d6f9e573975' }

      at Object.log [as onSubmit] (src/hooks/useLoginForm.ts:230:15)

    console.log
      [useLoginForm] Login successful, token stored and verified { traceId: '21e534cf-6d86-4821-8d17-3d6f9e573975' }

      at Object.log [as onSubmit] (src/hooks/useLoginForm.ts:246:17)

    console.log
      Form submission started

      at Object.log [as onSubmit] (src/hooks/useLoginForm.ts:200:13)

    console.log
      [LoginFlowTracer] Trace started: 5b0e07e1-c5fc-4eba-9141-b970baa81411

      at log (src/lib/auth/LoginFlowTracer.ts:52:15)

    console.log
      [useLoginForm] Login flow started { traceId: '5b0e07e1-c5fc-4eba-9141-b970baa81411' }

      at Object.log [as onSubmit] (src/hooks/useLoginForm.ts:208:13)

    console.log
      [useLoginForm] Calling API client login method { traceId: '5b0e07e1-c5fc-4eba-9141-b970baa81411' }

      at Object.log [as onSubmit] (src/hooks/useLoginForm.ts:230:15)

    console.log
      [useLoginForm] Login successful, token stored and verified { traceId: '5b0e07e1-c5fc-4eba-9141-b970baa81411' }

      at Object.log [as onSubmit] (src/hooks/useLoginForm.ts:246:17)

    console.log
      Form submission started

      at Object.log [as onSubmit] (src/hooks/useLoginForm.ts:200:13)

    console.log
      [LoginFlowTracer] Trace started: 38c923a3-9179-4cf2-b531-1694f654d236

      at log (src/lib/auth/LoginFlowTracer.ts:52:15)

    console.log
      [useLoginForm] Login flow started { traceId: '38c923a3-9179-4cf2-b531-1694f654d236' }

      at Object.log [as onSubmit] (src/hooks/useLoginForm.ts:208:13)

    console.log
      [useLoginForm] Calling API client login method { traceId: '38c923a3-9179-4cf2-b531-1694f654d236' }

      at Object.log [as onSubmit] (src/hooks/useLoginForm.ts:230:15)

    console.log
      Form submission started

      at Object.log [as onSubmit] (src/hooks/useLoginForm.ts:200:13)

    console.log
      [LoginFlowTracer] Trace started: 58daef20-2721-4646-8e7a-77edec8b5906

      at log (src/lib/auth/LoginFlowTracer.ts:52:15)

    console.log
      [useLoginForm] Login flow started { traceId: '58daef20-2721-4646-8e7a-77edec8b5906' }

      at Object.log [as onSubmit] (src/hooks/useLoginForm.ts:208:13)

    console.log
      [useLoginForm] Calling API client login method { traceId: '58daef20-2721-4646-8e7a-77edec8b5906' }

      at Object.log [as onSubmit] (src/hooks/useLoginForm.ts:230:15)

    console.log
      [useLoginForm] Login successful, token stored and verified { traceId: '58daef20-2721-4646-8e7a-77edec8b5906' }

      at Object.log [as onSubmit] (src/hooks/useLoginForm.ts:246:17)

    console.log
      Form submission started

      at Object.log [as onSubmit] (src/hooks/useLoginForm.ts:200:13)

    console.log
      [LoginFlowTracer] Trace started: eb8a1abe-fc0f-4232-b823-b0b47d4d4b97

      at log (src/lib/auth/LoginFlowTracer.ts:52:15)

    console.log
      [useLoginForm] Login flow started { traceId: 'eb8a1abe-fc0f-4232-b823-b0b47d4d4b97' }

      at Object.log [as onSubmit] (src/hooks/useLoginForm.ts:208:13)

    console.log
      [useLoginForm] Calling API client login method { traceId: 'eb8a1abe-fc0f-4232-b823-b0b47d4d4b97' }

      at Object.log [as onSubmit] (src/hooks/useLoginForm.ts:230:15)

    console.log
      Form submission started

      at Object.log [as onSubmit] (src/hooks/useLoginForm.ts:200:13)

    console.log
      [LoginFlowTracer] Trace started: 873731d4-6884-4ffa-b4a2-219d3defe729

      at log (src/lib/auth/LoginFlowTracer.ts:52:15)

    console.log
      [useLoginForm] Login flow started { traceId: '873731d4-6884-4ffa-b4a2-219d3defe729' }

      at Object.log [as onSubmit] (src/hooks/useLoginForm.ts:208:13)

    console.log
      [useLoginForm] Calling API client login method { traceId: '873731d4-6884-4ffa-b4a2-219d3defe729' }

      at Object.log [as onSubmit] (src/hooks/useLoginForm.ts:230:15)

    console.log
      [useLoginForm] Login successful, token stored and verified { traceId: '873731d4-6884-4ffa-b4a2-219d3defe729' }

      at Object.log [as onSubmit] (src/hooks/useLoginForm.ts:246:17)

    console.log
      Form submission started

      at Object.log [as onSubmit] (src/hooks/useLoginForm.ts:200:13)

    console.log
      [LoginFlowTracer] Trace started: 108cadf8-6ab0-4915-8540-7c2acf30e93a

      at log (src/lib/auth/LoginFlowTracer.ts:52:15)

    console.log
      [useLoginForm] Login flow started { traceId: '108cadf8-6ab0-4915-8540-7c2acf30e93a' }

      at Object.log [as onSubmit] (src/hooks/useLoginForm.ts:208:13)

    console.log
      [useLoginForm] Calling API client login method { traceId: '108cadf8-6ab0-4915-8540-7c2acf30e93a' }

      at Object.log [as onSubmit] (src/hooks/useLoginForm.ts:230:15)

    console.log
      [useLoginForm] Login successful, token stored and verified { traceId: '108cadf8-6ab0-4915-8540-7c2acf30e93a' }

      at Object.log [as onSubmit] (src/hooks/useLoginForm.ts:246:17)

    console.log
      Form submission started

      at Object.log [as onSubmit] (src/hooks/useLoginForm.ts:200:13)

    console.log
      [LoginFlowTracer] Trace started: d0859c78-1d72-4974-9fca-341f99aaa20b

      at log (src/lib/auth/LoginFlowTracer.ts:52:15)

    console.log
      [useLoginForm] Login flow started { traceId: 'd0859c78-1d72-4974-9fca-341f99aaa20b' }

      at Object.log [as onSubmit] (src/hooks/useLoginForm.ts:208:13)

    console.log
      [useLoginForm] Calling API client login method { traceId: 'd0859c78-1d72-4974-9fca-341f99aaa20b' }

      at Object.log [as onSubmit] (src/hooks/useLoginForm.ts:230:15)

    console.log
      [useLoginForm] Login successful, token stored and verified { traceId: 'd0859c78-1d72-4974-9fca-341f99aaa20b' }

      at Object.log [as onSubmit] (src/hooks/useLoginForm.ts:246:17)

    console.log
      Form submission started

      at Object.log [as onSubmit] (src/hooks/useLoginForm.ts:200:13)

    console.log
      [LoginFlowTracer] Trace started: 6c7306c7-8d4c-4dea-9a48-bb4bdf5b3ddb

      at log (src/lib/auth/LoginFlowTracer.ts:52:15)

    console.log
      [useLoginForm] Login flow started { traceId: '6c7306c7-8d4c-4dea-9a48-bb4bdf5b3ddb' }

      at Object.log [as onSubmit] (src/hooks/useLoginForm.ts:208:13)

    console.log
      [useLoginForm] Calling API client login method { traceId: '6c7306c7-8d4c-4dea-9a48-bb4bdf5b3ddb' }

      at Object.log [as onSubmit] (src/hooks/useLoginForm.ts:230:15)

    console.log
      [useLoginForm] Login successful, token stored and verified { traceId: '6c7306c7-8d4c-4dea-9a48-bb4bdf5b3ddb' }

      at Object.log [as onSubmit] (src/hooks/useLoginForm.ts:246:17)

    console.log
      Form submission started

      at Object.log [as onSubmit] (src/hooks/useLoginForm.ts:200:13)

    console.log
      [LoginFlowTracer] Trace started: ff71d93b-595d-4db3-98d0-677c04a3a926

      at log (src/lib/auth/LoginFlowTracer.ts:52:15)

    console.log
      [useLoginForm] Login flow started { traceId: 'ff71d93b-595d-4db3-98d0-677c04a3a926' }

      at Object.log [as onSubmit] (src/hooks/useLoginForm.ts:208:13)

    console.log
      [useLoginForm] Calling API client login method { traceId: 'ff71d93b-595d-4db3-98d0-677c04a3a926' }

      at Object.log [as onSubmit] (src/hooks/useLoginForm.ts:230:15)

    console.log
      Form submission started

      at Object.log [as onSubmit] (src/hooks/useLoginForm.ts:200:13)

    console.log
      [LoginFlowTracer] Trace started: f1e02898-9ddb-4482-a9b7-1fbc6c342e3b

      at log (src/lib/auth/LoginFlowTracer.ts:52:15)

    console.log
      [useLoginForm] Login flow started { traceId: 'f1e02898-9ddb-4482-a9b7-1fbc6c342e3b' }

      at Object.log [as onSubmit] (src/hooks/useLoginForm.ts:208:13)

    console.log
      [useLoginForm] Calling API client login method { traceId: 'f1e02898-9ddb-4482-a9b7-1fbc6c342e3b' }

      at Object.log [as onSubmit] (src/hooks/useLoginForm.ts:230:15)

    console.log
      [useLoginForm] Login successful, token stored and verified { traceId: 'f1e02898-9ddb-4482-a9b7-1fbc6c342e3b' }

      at Object.log [as onSubmit] (src/hooks/useLoginForm.ts:246:17)

    console.log
      Form submission started

      at Object.log [as onSubmit] (src/hooks/useLoginForm.ts:200:13)

    console.log
      [LoginFlowTracer] Trace started: 0f578dee-3f4b-4c69-860f-e93f3ebeed65

      at log (src/lib/auth/LoginFlowTracer.ts:52:15)

    console.log
      [useLoginForm] Login flow started { traceId: '0f578dee-3f4b-4c69-860f-e93f3ebeed65' }

      at Object.log [as onSubmit] (src/hooks/useLoginForm.ts:208:13)

    console.log
      [useLoginForm] Calling API client login method { traceId: '0f578dee-3f4b-4c69-860f-e93f3ebeed65' }

      at Object.log [as onSubmit] (src/hooks/useLoginForm.ts:230:15)

    console.log
      [useLoginForm] Login successful, token stored and verified { traceId: '0f578dee-3f4b-4c69-860f-e93f3ebeed65' }

      at Object.log [as onSubmit] (src/hooks/useLoginForm.ts:246:17)

    console.log
      Form submission started

      at Object.log [as onSubmit] (src/hooks/useLoginForm.ts:200:13)

    console.log
      [LoginFlowTracer] Trace started: 5219b3b2-4322-4054-b556-40479f53af39

      at log (src/lib/auth/LoginFlowTracer.ts:52:15)

    console.log
      [useLoginForm] Login flow started { traceId: '5219b3b2-4322-4054-b556-40479f53af39' }

      at Object.log [as onSubmit] (src/hooks/useLoginForm.ts:208:13)

    console.log
      [useLoginForm] Calling API client login method { traceId: '5219b3b2-4322-4054-b556-40479f53af39' }

      at Object.log [as onSubmit] (src/hooks/useLoginForm.ts:230:15)

    console.log
      [useLoginForm] Login successful, token stored and verified { traceId: '5219b3b2-4322-4054-b556-40479f53af39' }

      at Object.log [as onSubmit] (src/hooks/useLoginForm.ts:246:17)

    console.log
      Form submission started

      at Object.log [as onSubmit] (src/hooks/useLoginForm.ts:200:13)

    console.log
      [LoginFlowTracer] Trace started: ed712238-c3c5-41a8-b52a-6985ac146666

      at log (src/lib/auth/LoginFlowTracer.ts:52:15)

    console.log
      [useLoginForm] Login flow started { traceId: 'ed712238-c3c5-41a8-b52a-6985ac146666' }

      at Object.log [as onSubmit] (src/hooks/useLoginForm.ts:208:13)

    console.log
      [useLoginForm] Calling API client login method { traceId: 'ed712238-c3c5-41a8-b52a-6985ac146666' }

      at Object.log [as onSubmit] (src/hooks/useLoginForm.ts:230:15)

    console.log
      [useLoginForm] Login successful, token stored and verified { traceId: 'ed712238-c3c5-41a8-b52a-6985ac146666' }

      at Object.log [as onSubmit] (src/hooks/useLoginForm.ts:246:17)

    console.log
      Form submission started

      at Object.log [as onSubmit] (src/hooks/useLoginForm.ts:200:13)

    console.log
      [LoginFlowTracer] Trace started: 46ad01e8-cc6b-4008-a519-a5bcfec0f12e

      at log (src/lib/auth/LoginFlowTracer.ts:52:15)

    console.log
      [useLoginForm] Login flow started { traceId: '46ad01e8-cc6b-4008-a519-a5bcfec0f12e' }

      at Object.log [as onSubmit] (src/hooks/useLoginForm.ts:208:13)

    console.log
      [useLoginForm] Calling API client login method { traceId: '46ad01e8-cc6b-4008-a519-a5bcfec0f12e' }

      at Object.log [as onSubmit] (src/hooks/useLoginForm.ts:230:15)

    console.log
      Form submission started

      at Object.log [as onSubmit] (src/hooks/useLoginForm.ts:200:13)

    console.log
      [LoginFlowTracer] Trace started: cf4487e0-88f0-4198-a3ec-78ee5318cdd4

      at log (src/lib/auth/LoginFlowTracer.ts:52:15)

    console.log
      [useLoginForm] Login flow started { traceId: 'cf4487e0-88f0-4198-a3ec-78ee5318cdd4' }

      at Object.log [as onSubmit] (src/hooks/useLoginForm.ts:208:13)

    console.log
      [useLoginForm] Calling API client login method { traceId: 'cf4487e0-88f0-4198-a3ec-78ee5318cdd4' }

      at Object.log [as onSubmit] (src/hooks/useLoginForm.ts:230:15)

    console.log
      Form submission started

      at Object.log [as onSubmit] (src/hooks/useLoginForm.ts:200:13)

    console.log
      [LoginFlowTracer] Trace started: d6d416f6-4477-462c-ad2f-32eb642a3426

      at log (src/lib/auth/LoginFlowTracer.ts:52:15)

    console.log
      [useLoginForm] Login flow started { traceId: 'd6d416f6-4477-462c-ad2f-32eb642a3426' }

      at Object.log [as onSubmit] (src/hooks/useLoginForm.ts:208:13)

    console.log
      [useLoginForm] Calling API client login method { traceId: 'd6d416f6-4477-462c-ad2f-32eb642a3426' }

      at Object.log [as onSubmit] (src/hooks/useLoginForm.ts:230:15)

    console.log
      Form submission started

      at Object.log [as onSubmit] (src/hooks/useLoginForm.ts:200:13)

    console.log
      [LoginFlowTracer] Trace started: 9c434799-34f2-4e50-bd37-6cf2e8fd424c

      at log (src/lib/auth/LoginFlowTracer.ts:52:15)

    console.log
      [useLoginForm] Login flow started { traceId: '9c434799-34f2-4e50-bd37-6cf2e8fd424c' }

      at Object.log [as onSubmit] (src/hooks/useLoginForm.ts:208:13)

    console.log
      [useLoginForm] Calling API client login method { traceId: '9c434799-34f2-4e50-bd37-6cf2e8fd424c' }

      at Object.log [as onSubmit] (src/hooks/useLoginForm.ts:230:15)

    console.log
      [useLoginForm] Login successful, token stored and verified { traceId: '9c434799-34f2-4e50-bd37-6cf2e8fd424c' }

      at Object.log [as onSubmit] (src/hooks/useLoginForm.ts:246:17)

    console.log
      Form submission started

      at Object.log [as onSubmit] (src/hooks/useLoginForm.ts:200:13)

    console.log
      [LoginFlowTracer] Trace started: 939a8d7d-587e-46fc-a0c3-6eaf238a6070

      at log (src/lib/auth/LoginFlowTracer.ts:52:15)

    console.log
      [useLoginForm] Login flow started { traceId: '939a8d7d-587e-46fc-a0c3-6eaf238a6070' }

      at Object.log [as onSubmit] (src/hooks/useLoginForm.ts:208:13)

    console.log
      [useLoginForm] Calling API client login method { traceId: '939a8d7d-587e-46fc-a0c3-6eaf238a6070' }

      at Object.log [as onSubmit] (src/hooks/useLoginForm.ts:230:15)

    console.log
      [useLoginForm] Login successful, token stored and verified { traceId: '939a8d7d-587e-46fc-a0c3-6eaf238a6070' }

      at Object.log [as onSubmit] (src/hooks/useLoginForm.ts:246:17)

    console.log
      Form submission started

      at Object.log [as onSubmit] (src/hooks/useLoginForm.ts:200:13)

    console.log
      [LoginFlowTracer] Trace started: 1080cab9-fd20-49ac-97fd-fb3c28dfc4ed

      at log (src/lib/auth/LoginFlowTracer.ts:52:15)

    console.log
      [useLoginForm] Login flow started { traceId: '1080cab9-fd20-49ac-97fd-fb3c28dfc4ed' }

      at Object.log [as onSubmit] (src/hooks/useLoginForm.ts:208:13)

    console.log
      [useLoginForm] Calling API client login method { traceId: '1080cab9-fd20-49ac-97fd-fb3c28dfc4ed' }

      at Object.log [as onSubmit] (src/hooks/useLoginForm.ts:230:15)

    console.log
      Form submission started

      at Object.log [as onSubmit] (src/hooks/useLoginForm.ts:200:13)

    console.log
      [LoginFlowTracer] Trace started: 59e2d784-35b9-49c7-8ca4-ff9b8c492e89

      at log (src/lib/auth/LoginFlowTracer.ts:52:15)

    console.log
      [useLoginForm] Login flow started { traceId: '59e2d784-35b9-49c7-8ca4-ff9b8c492e89' }

      at Object.log [as onSubmit] (src/hooks/useLoginForm.ts:208:13)

    console.log
      [useLoginForm] Calling API client login method { traceId: '59e2d784-35b9-49c7-8ca4-ff9b8c492e89' }

      at Object.log [as onSubmit] (src/hooks/useLoginForm.ts:230:15)

    console.log
      Form submission started

      at Object.log [as onSubmit] (src/hooks/useLoginForm.ts:200:13)

    console.log
      [LoginFlowTracer] Trace started: 843c6c85-b079-4ca4-b4d4-20432a222fb9

      at log (src/lib/auth/LoginFlowTracer.ts:52:15)

    console.log
      [useLoginForm] Login flow started { traceId: '843c6c85-b079-4ca4-b4d4-20432a222fb9' }

      at Object.log [as onSubmit] (src/hooks/useLoginForm.ts:208:13)

    console.log
      [useLoginForm] Calling API client login method { traceId: '843c6c85-b079-4ca4-b4d4-20432a222fb9' }

      at Object.log [as onSubmit] (src/hooks/useLoginForm.ts:230:15)

    console.log
      Form submission started

      at Object.log [as onSubmit] (src/hooks/useLoginForm.ts:200:13)

    console.log
      [LoginFlowTracer] Trace started: d2a50c4e-a7db-466a-bcb6-0b5ed4e87196

      at log (src/lib/auth/LoginFlowTracer.ts:52:15)

    console.log
      [useLoginForm] Login flow started { traceId: 'd2a50c4e-a7db-466a-bcb6-0b5ed4e87196' }

      at Object.log [as onSubmit] (src/hooks/useLoginForm.ts:208:13)

    console.log
      [useLoginForm] Calling API client login method { traceId: 'd2a50c4e-a7db-466a-bcb6-0b5ed4e87196' }

      at Object.log [as onSubmit] (src/hooks/useLoginForm.ts:230:15)

    console.log
      [useLoginForm] Login successful, token stored and verified { traceId: 'd2a50c4e-a7db-466a-bcb6-0b5ed4e87196' }

      at Object.log [as onSubmit] (src/hooks/useLoginForm.ts:246:17)

    console.log
      Form submission started

      at Object.log [as onSubmit] (src/hooks/useLoginForm.ts:200:13)

    console.log
      [LoginFlowTracer] Trace started: 1e384894-86b6-4b98-bcbf-d90fb730647e

      at log (src/lib/auth/LoginFlowTracer.ts:52:15)

    console.log
      [useLoginForm] Login flow started { traceId: '1e384894-86b6-4b98-bcbf-d90fb730647e' }

      at Object.log [as onSubmit] (src/hooks/useLoginForm.ts:208:13)

    console.log
      [useLoginForm] Calling API client login method { traceId: '1e384894-86b6-4b98-bcbf-d90fb730647e' }

      at Object.log [as onSubmit] (src/hooks/useLoginForm.ts:230:15)

    console.log
      [useLoginForm] Login successful, token stored and verified { traceId: '1e384894-86b6-4b98-bcbf-d90fb730647e' }

      at Object.log [as onSubmit] (src/hooks/useLoginForm.ts:246:17)

    console.log
      Form submission started

      at Object.log [as onSubmit] (src/hooks/useLoginForm.ts:200:13)

    console.log
      [LoginFlowTracer] Trace started: 33cfdea3-4163-48a0-960c-94b5e5472fa0

      at log (src/lib/auth/LoginFlowTracer.ts:52:15)

    console.log
      [useLoginForm] Login flow started { traceId: '33cfdea3-4163-48a0-960c-94b5e5472fa0' }

      at Object.log [as onSubmit] (src/hooks/useLoginForm.ts:208:13)

    console.log
      [useLoginForm] Calling API client login method { traceId: '33cfdea3-4163-48a0-960c-94b5e5472fa0' }

      at Object.log [as onSubmit] (src/hooks/useLoginForm.ts:230:15)

    console.log
      [useLoginForm] Login successful, token stored and verified { traceId: '33cfdea3-4163-48a0-960c-94b5e5472fa0' }

      at Object.log [as onSubmit] (src/hooks/useLoginForm.ts:246:17)

    console.log
      Form submission started

      at Object.log [as onSubmit] (src/hooks/useLoginForm.ts:200:13)

    console.log
      [LoginFlowTracer] Trace started: 4497b363-23c4-4eda-9840-b48c46196ded

      at log (src/lib/auth/LoginFlowTracer.ts:52:15)

    console.log
      [useLoginForm] Login flow started { traceId: '4497b363-23c4-4eda-9840-b48c46196ded' }

      at Object.log [as onSubmit] (src/hooks/useLoginForm.ts:208:13)

    console.log
      [useLoginForm] Calling API client login method { traceId: '4497b363-23c4-4eda-9840-b48c46196ded' }

      at Object.log [as onSubmit] (src/hooks/useLoginForm.ts:230:15)

    console.log
      Form submission started

      at Object.log [as onSubmit] (src/hooks/useLoginForm.ts:200:13)

    console.log
      [LoginFlowTracer] Trace started: a079034f-e292-4b0d-8adc-2899e5be603b

      at log (src/lib/auth/LoginFlowTracer.ts:52:15)

    console.log
      [useLoginForm] Login flow started { traceId: 'a079034f-e292-4b0d-8adc-2899e5be603b' }

      at Object.log [as onSubmit] (src/hooks/useLoginForm.ts:208:13)

    console.log
      [useLoginForm] Calling API client login method { traceId: 'a079034f-e292-4b0d-8adc-2899e5be603b' }

      at Object.log [as onSubmit] (src/hooks/useLoginForm.ts:230:15)

    console.log
      [useLoginForm] Login successful, token stored and verified { traceId: 'a079034f-e292-4b0d-8adc-2899e5be603b' }

      at Object.log [as onSubmit] (src/hooks/useLoginForm.ts:246:17)

    console.log
      Form submission started

      at Object.log [as onSubmit] (src/hooks/useLoginForm.ts:200:13)

    console.log
      [LoginFlowTracer] Trace started: 14682af9-b04e-495a-9231-320b39028530

      at log (src/lib/auth/LoginFlowTracer.ts:52:15)

    console.log
      [useLoginForm] Login flow started { traceId: '14682af9-b04e-495a-9231-320b39028530' }

      at Object.log [as onSubmit] (src/hooks/useLoginForm.ts:208:13)

    console.log
      [useLoginForm] Calling API client login method { traceId: '14682af9-b04e-495a-9231-320b39028530' }

      at Object.log [as onSubmit] (src/hooks/useLoginForm.ts:230:15)

    console.log
      Form submission started

      at Object.log [as onSubmit] (src/hooks/useLoginForm.ts:200:13)

    console.log
      [LoginFlowTracer] Trace started: c7d0c1d8-3b87-4d14-b481-92573fad162e

      at log (src/lib/auth/LoginFlowTracer.ts:52:15)

    console.log
      [useLoginForm] Login flow started { traceId: 'c7d0c1d8-3b87-4d14-b481-92573fad162e' }

      at Object.log [as onSubmit] (src/hooks/useLoginForm.ts:208:13)

    console.log
      [useLoginForm] Calling API client login method { traceId: 'c7d0c1d8-3b87-4d14-b481-92573fad162e' }

      at Object.log [as onSubmit] (src/hooks/useLoginForm.ts:230:15)

    console.log
      Form submission started

      at Object.log [as onSubmit] (src/hooks/useLoginForm.ts:200:13)

    console.log
      [LoginFlowTracer] Trace started: 4ddf6202-e976-4f15-bd8c-c554c86fe3ed

      at log (src/lib/auth/LoginFlowTracer.ts:52:15)

    console.log
      [useLoginForm] Login flow started { traceId: '4ddf6202-e976-4f15-bd8c-c554c86fe3ed' }

      at Object.log [as onSubmit] (src/hooks/useLoginForm.ts:208:13)

    console.log
      [useLoginForm] Calling API client login method { traceId: '4ddf6202-e976-4f15-bd8c-c554c86fe3ed' }

      at Object.log [as onSubmit] (src/hooks/useLoginForm.ts:230:15)

    console.log
      [useLoginForm] Login successful, token stored and verified { traceId: '4ddf6202-e976-4f15-bd8c-c554c86fe3ed' }

      at Object.log [as onSubmit] (src/hooks/useLoginForm.ts:246:17)

    console.log
      Form submission started

      at Object.log [as onSubmit] (src/hooks/useLoginForm.ts:200:13)

    console.log
      [LoginFlowTracer] Trace started: fa93d36f-912b-4833-9b16-c7c56793895d

      at log (src/lib/auth/LoginFlowTracer.ts:52:15)

    console.log
      [useLoginForm] Login flow started { traceId: 'fa93d36f-912b-4833-9b16-c7c56793895d' }

      at Object.log [as onSubmit] (src/hooks/useLoginForm.ts:208:13)

    console.log
      [useLoginForm] Calling API client login method { traceId: 'fa93d36f-912b-4833-9b16-c7c56793895d' }

      at Object.log [as onSubmit] (src/hooks/useLoginForm.ts:230:15)

    console.log
      Form submission started

      at Object.log [as onSubmit] (src/hooks/useLoginForm.ts:200:13)

    console.log
      [LoginFlowTracer] Trace started: 8ed45834-879d-4b87-9915-7d5dfbb7e97e

      at log (src/lib/auth/LoginFlowTracer.ts:52:15)

    console.log
      [useLoginForm] Login flow started { traceId: '8ed45834-879d-4b87-9915-7d5dfbb7e97e' }

      at Object.log [as onSubmit] (src/hooks/useLoginForm.ts:208:13)

    console.log
      [useLoginForm] Calling API client login method { traceId: '8ed45834-879d-4b87-9915-7d5dfbb7e97e' }

      at Object.log [as onSubmit] (src/hooks/useLoginForm.ts:230:15)

    console.log
      [useLoginForm] Login successful, token stored and verified { traceId: '8ed45834-879d-4b87-9915-7d5dfbb7e97e' }

      at Object.log [as onSubmit] (src/hooks/useLoginForm.ts:246:17)

    console.log
      Form submission started

      at Object.log [as onSubmit] (src/hooks/useLoginForm.ts:200:13)

    console.log
      [LoginFlowTracer] Trace started: cc2d8f76-40cc-46be-a9d9-6c26494e75e7

      at log (src/lib/auth/LoginFlowTracer.ts:52:15)

    console.log
      [useLoginForm] Login flow started { traceId: 'cc2d8f76-40cc-46be-a9d9-6c26494e75e7' }

      at Object.log [as onSubmit] (src/hooks/useLoginForm.ts:208:13)

    console.log
      [useLoginForm] Calling API client login method { traceId: 'cc2d8f76-40cc-46be-a9d9-6c26494e75e7' }

      at Object.log [as onSubmit] (src/hooks/useLoginForm.ts:230:15)

    console.log
      [useLoginForm] Login successful, token stored and verified { traceId: 'cc2d8f76-40cc-46be-a9d9-6c26494e75e7' }

      at Object.log [as onSubmit] (src/hooks/useLoginForm.ts:246:17)

    console.log
      Form submission started

      at Object.log [as onSubmit] (src/hooks/useLoginForm.ts:200:13)

    console.log
      [LoginFlowTracer] Trace started: 796948ca-3b7d-421c-ab2f-aa91021e7f62

      at log (src/lib/auth/LoginFlowTracer.ts:52:15)

    console.log
      [useLoginForm] Login flow started { traceId: '796948ca-3b7d-421c-ab2f-aa91021e7f62' }

      at Object.log [as onSubmit] (src/hooks/useLoginForm.ts:208:13)

    console.log
      [useLoginForm] Calling API client login method { traceId: '796948ca-3b7d-421c-ab2f-aa91021e7f62' }

      at Object.log [as onSubmit] (src/hooks/useLoginForm.ts:230:15)

    console.log
      Form submission started

      at Object.log [as onSubmit] (src/hooks/useLoginForm.ts:200:13)

    console.log
      [LoginFlowTracer] Trace started: 89eb5606-af79-4d13-afa5-c1d6a852d3b0

      at log (src/lib/auth/LoginFlowTracer.ts:52:15)

    console.log
      [useLoginForm] Login flow started { traceId: '89eb5606-af79-4d13-afa5-c1d6a852d3b0' }

      at Object.log [as onSubmit] (src/hooks/useLoginForm.ts:208:13)

    console.log
      [useLoginForm] Calling API client login method { traceId: '89eb5606-af79-4d13-afa5-c1d6a852d3b0' }

      at Object.log [as onSubmit] (src/hooks/useLoginForm.ts:230:15)

    console.log
      [useLoginForm] Initiating redirect to dashboard { traceId: '182e2fee-0133-4fb6-9aca-495532cae1b1' }

      at log (src/hooks/useLoginForm.ts:254:19)

    console.log
      Form submission started

      at Object.log [as onSubmit] (src/hooks/useLoginForm.ts:200:13)

    console.log
      [LoginFlowTracer] Trace started: 4e367dc2-491a-46c2-8a79-e0c64daba7d2

      at log (src/lib/auth/LoginFlowTracer.ts:52:15)

    console.log
      [useLoginForm] Login flow started { traceId: '4e367dc2-491a-46c2-8a79-e0c64daba7d2' }

      at Object.log [as onSubmit] (src/hooks/useLoginForm.ts:208:13)

    console.log
      [useLoginForm] Calling API client login method { traceId: '4e367dc2-491a-46c2-8a79-e0c64daba7d2' }

      at Object.log [as onSubmit] (src/hooks/useLoginForm.ts:230:15)

    console.log
      [useLoginForm] Login successful, token stored and verified { traceId: '4e367dc2-491a-46c2-8a79-e0c64daba7d2' }

      at Object.log [as onSubmit] (src/hooks/useLoginForm.ts:246:17)

    console.log
      Form submission started

      at Object.log [as onSubmit] (src/hooks/useLoginForm.ts:200:13)

    console.log
      [LoginFlowTracer] Trace started: a31ebba2-6d72-4f3c-8c95-6f7f33519d19

      at log (src/lib/auth/LoginFlowTracer.ts:52:15)

    console.log
      [useLoginForm] Login flow started { traceId: 'a31ebba2-6d72-4f3c-8c95-6f7f33519d19' }

      at Object.log [as onSubmit] (src/hooks/useLoginForm.ts:208:13)

    console.log
      [useLoginForm] Calling API client login method { traceId: 'a31ebba2-6d72-4f3c-8c95-6f7f33519d19' }

      at Object.log [as onSubmit] (src/hooks/useLoginForm.ts:230:15)

    console.log
      Form submission started

      at Object.log [as onSubmit] (src/hooks/useLoginForm.ts:200:13)

    console.log
      [LoginFlowTracer] Trace started: f8090d63-cfb7-4462-ab33-86aa23841f2b

      at log (src/lib/auth/LoginFlowTracer.ts:52:15)

    console.log
      [useLoginForm] Login flow started { traceId: 'f8090d63-cfb7-4462-ab33-86aa23841f2b' }

      at Object.log [as onSubmit] (src/hooks/useLoginForm.ts:208:13)

    console.log
      [useLoginForm] Calling API client login method { traceId: 'f8090d63-cfb7-4462-ab33-86aa23841f2b' }

      at Object.log [as onSubmit] (src/hooks/useLoginForm.ts:230:15)

    console.log
      Form submission started

      at Object.log [as onSubmit] (src/hooks/useLoginForm.ts:200:13)

    console.log
      [LoginFlowTracer] Trace started: d34fd8be-8802-4f05-912a-ee741a113dd7

      at log (src/lib/auth/LoginFlowTracer.ts:52:15)

    console.log
      [useLoginForm] Login flow started { traceId: 'd34fd8be-8802-4f05-912a-ee741a113dd7' }

      at Object.log [as onSubmit] (src/hooks/useLoginForm.ts:208:13)

    console.log
      [useLoginForm] Calling API client login method { traceId: 'd34fd8be-8802-4f05-912a-ee741a113dd7' }

      at Object.log [as onSubmit] (src/hooks/useLoginForm.ts:230:15)

    console.log
      [useLoginForm] Login successful, token stored and verified { traceId: 'd34fd8be-8802-4f05-912a-ee741a113dd7' }

      at Object.log [as onSubmit] (src/hooks/useLoginForm.ts:246:17)

    console.log
      [useLoginForm] Initiating redirect to dashboard { traceId: '1584d000-284a-4a4f-a34e-94bd194aaa96' }

      at log (src/hooks/useLoginForm.ts:254:19)

    console.log
      Form submission started

      at Object.log [as onSubmit] (src/hooks/useLoginForm.ts:200:13)

    console.log
      [LoginFlowTracer] Trace started: 8b57766d-ea78-4c2c-9d29-369395ce216e

      at log (src/lib/auth/LoginFlowTracer.ts:52:15)

    console.log
      [useLoginForm] Login flow started { traceId: '8b57766d-ea78-4c2c-9d29-369395ce216e' }

      at Object.log [as onSubmit] (src/hooks/useLoginForm.ts:208:13)

    console.log
      [useLoginForm] Calling API client login method { traceId: '8b57766d-ea78-4c2c-9d29-369395ce216e' }

      at Object.log [as onSubmit] (src/hooks/useLoginForm.ts:230:15)

    console.log
      [useLoginForm] Login successful, token stored and verified { traceId: '8b57766d-ea78-4c2c-9d29-369395ce216e' }

      at Object.log [as onSubmit] (src/hooks/useLoginForm.ts:246:17)

    console.log
      Form submission started

      at Object.log [as onSubmit] (src/hooks/useLoginForm.ts:200:13)

    console.log
      [LoginFlowTracer] Trace started: 9ee01350-f0c7-413a-ba8e-1d6e1afc08cb

      at log (src/lib/auth/LoginFlowTracer.ts:52:15)

    console.log
      [useLoginForm] Login flow started { traceId: '9ee01350-f0c7-413a-ba8e-1d6e1afc08cb' }

      at Object.log [as onSubmit] (src/hooks/useLoginForm.ts:208:13)

    console.log
      [useLoginForm] Calling API client login method { traceId: '9ee01350-f0c7-413a-ba8e-1d6e1afc08cb' }

      at Object.log [as onSubmit] (src/hooks/useLoginForm.ts:230:15)

    console.log
      Form submission started

      at Object.log [as onSubmit] (src/hooks/useLoginForm.ts:200:13)

    console.log
      [LoginFlowTracer] Trace started: 7f202f14-c7bc-4dc1-b6b1-404e2f33822b

      at log (src/lib/auth/LoginFlowTracer.ts:52:15)

    console.log
      [useLoginForm] Login flow started { traceId: '7f202f14-c7bc-4dc1-b6b1-404e2f33822b' }

      at Object.log [as onSubmit] (src/hooks/useLoginForm.ts:208:13)

    console.log
      [useLoginForm] Calling API client login method { traceId: '7f202f14-c7bc-4dc1-b6b1-404e2f33822b' }

      at Object.log [as onSubmit] (src/hooks/useLoginForm.ts:230:15)

    console.log
      [useLoginForm] Login successful, token stored and verified { traceId: '7f202f14-c7bc-4dc1-b6b1-404e2f33822b' }

      at Object.log [as onSubmit] (src/hooks/useLoginForm.ts:246:17)

    console.log
      Form submission started

      at Object.log [as onSubmit] (src/hooks/useLoginForm.ts:200:13)

    console.log
      [LoginFlowTracer] Trace started: f9acd324-0ac6-456a-98a6-30e3788ea7a5

      at log (src/lib/auth/LoginFlowTracer.ts:52:15)

    console.log
      [useLoginForm] Login flow started { traceId: 'f9acd324-0ac6-456a-98a6-30e3788ea7a5' }

      at Object.log [as onSubmit] (src/hooks/useLoginForm.ts:208:13)

    console.log
      [useLoginForm] Calling API client login method { traceId: 'f9acd324-0ac6-456a-98a6-30e3788ea7a5' }

      at Object.log [as onSubmit] (src/hooks/useLoginForm.ts:230:15)

    console.error
      [useLoginForm] Login failed {
        error: 'Invalid email or password',
        traceId: 'f9acd324-0ac6-456a-98a6-30e3788ea7a5'
      }

      259 |       } else {
      260 |         // Login failed - handle error
    > 261 |         console.error('[useLoginForm] Login failed', { error: result.error, traceId });
          |                 ^
      262 |         
      263 |         // Record attempt for authentication errors
      264 |         if (result.error === 'Invalid email or password') {

      at Object.error [as onSubmit] (src/hooks/useLoginForm.ts:261:17)
      at src/hooks/useLoginForm.test.tsx:842:13

    console.log
      [useLoginForm] Initiating redirect to dashboard { traceId: '97dab92e-2bc8-4b09-8626-350f4a0ce0bb' }

      at log (src/hooks/useLoginForm.ts:254:19)

    console.log
      Form submission started

      at Object.log [as onSubmit] (src/hooks/useLoginForm.ts:200:13)

    console.log
      [LoginFlowTracer] Trace started: 62391622-39cb-4520-a2ef-e8e0f2d90816

      at log (src/lib/auth/LoginFlowTracer.ts:52:15)

    console.log
      [useLoginForm] Login flow started { traceId: '62391622-39cb-4520-a2ef-e8e0f2d90816' }

      at Object.log [as onSubmit] (src/hooks/useLoginForm.ts:208:13)

    console.log
      [useLoginForm] Calling API client login method { traceId: '62391622-39cb-4520-a2ef-e8e0f2d90816' }

      at Object.log [as onSubmit] (src/hooks/useLoginForm.ts:230:15)

    console.error
      [useLoginForm] Login failed {
        error: 'Invalid email or password',
        traceId: '62391622-39cb-4520-a2ef-e8e0f2d90816'
      }

      259 |       } else {
      260 |         // Login failed - handle error
    > 261 |         console.error('[useLoginForm] Login failed', { error: result.error, traceId });
          |                 ^
      262 |         
      263 |         // Record attempt for authentication errors
      264 |         if (result.error === 'Invalid email or password') {

      at Object.error [as onSubmit] (src/hooks/useLoginForm.ts:261:17)
      at src/hooks/useLoginForm.test.tsx:842:13

    console.log
      Form submission started

      at Object.log [as onSubmit] (src/hooks/useLoginForm.ts:200:13)

    console.log
      [LoginFlowTracer] Trace started: e67c2706-25dc-49ed-a54d-5ab99f2740ea

      at log (src/lib/auth/LoginFlowTracer.ts:52:15)

    console.log
      [useLoginForm] Login flow started { traceId: 'e67c2706-25dc-49ed-a54d-5ab99f2740ea' }

      at Object.log [as onSubmit] (src/hooks/useLoginForm.ts:208:13)

    console.log
      [useLoginForm] Calling API client login method { traceId: 'e67c2706-25dc-49ed-a54d-5ab99f2740ea' }

      at Object.log [as onSubmit] (src/hooks/useLoginForm.ts:230:15)

    console.error
      [useLoginForm] Login failed {
        error: 'Invalid email or password',
        traceId: 'e67c2706-25dc-49ed-a54d-5ab99f2740ea'
      }

      259 |       } else {
      260 |         // Login failed - handle error
    > 261 |         console.error('[useLoginForm] Login failed', { error: result.error, traceId });
          |                 ^
      262 |         
      263 |         // Record attempt for authentication errors
      264 |         if (result.error === 'Invalid email or password') {

      at Object.error [as onSubmit] (src/hooks/useLoginForm.ts:261:17)
      at src/hooks/useLoginForm.test.tsx:842:13

    console.log
      Form submission started

      at Object.log [as onSubmit] (src/hooks/useLoginForm.ts:200:13)

    console.log
      [LoginFlowTracer] Trace started: fe06d7f8-3120-4514-b141-df45d54daf13

      at log (src/lib/auth/LoginFlowTracer.ts:52:15)

    console.log
      [useLoginForm] Login flow started { traceId: 'fe06d7f8-3120-4514-b141-df45d54daf13' }

      at Object.log [as onSubmit] (src/hooks/useLoginForm.ts:208:13)

    console.log
      [useLoginForm] Calling API client login method { traceId: 'fe06d7f8-3120-4514-b141-df45d54daf13' }

      at Object.log [as onSubmit] (src/hooks/useLoginForm.ts:230:15)

    console.error
      [useLoginForm] Login failed {
        error: 'Invalid email or password',
        traceId: 'fe06d7f8-3120-4514-b141-df45d54daf13'
      }

      259 |       } else {
      260 |         // Login failed - handle error
    > 261 |         console.error('[useLoginForm] Login failed', { error: result.error, traceId });
          |                 ^
      262 |         
      263 |         // Record attempt for authentication errors
      264 |         if (result.error === 'Invalid email or password') {

      at Object.error [as onSubmit] (src/hooks/useLoginForm.ts:261:17)
      at src/hooks/useLoginForm.test.tsx:842:13

    console.log
      Form submission started

      at Object.log [as onSubmit] (src/hooks/useLoginForm.ts:200:13)

    console.log
      [LoginFlowTracer] Trace started: 30aabae1-e687-4fff-a4c9-2ae00d718236

      at log (src/lib/auth/LoginFlowTracer.ts:52:15)

    console.log
      [useLoginForm] Login flow started { traceId: '30aabae1-e687-4fff-a4c9-2ae00d718236' }

      at Object.log [as onSubmit] (src/hooks/useLoginForm.ts:208:13)

    console.log
      [useLoginForm] Calling API client login method { traceId: '30aabae1-e687-4fff-a4c9-2ae00d718236' }

      at Object.log [as onSubmit] (src/hooks/useLoginForm.ts:230:15)

    console.error
      [useLoginForm] Login failed {
        error: 'Invalid email or password',
        traceId: '30aabae1-e687-4fff-a4c9-2ae00d718236'
      }

      259 |       } else {
      260 |         // Login failed - handle error
    > 261 |         console.error('[useLoginForm] Login failed', { error: result.error, traceId });
          |                 ^
      262 |         
      263 |         // Record attempt for authentication errors
      264 |         if (result.error === 'Invalid email or password') {

      at Object.error [as onSubmit] (src/hooks/useLoginForm.ts:261:17)
      at src/hooks/useLoginForm.test.tsx:842:13

    console.log
      Form submission started

      at Object.log [as onSubmit] (src/hooks/useLoginForm.ts:200:13)

    console.log
      [LoginFlowTracer] Trace started: 9f8f8677-3967-4f7b-95b8-6993eebdebf1

      at log (src/lib/auth/LoginFlowTracer.ts:52:15)

    console.log
      [useLoginForm] Login flow started { traceId: '9f8f8677-3967-4f7b-95b8-6993eebdebf1' }

      at Object.log [as onSubmit] (src/hooks/useLoginForm.ts:208:13)

    console.log
      [useLoginForm] Calling API client login method { traceId: '9f8f8677-3967-4f7b-95b8-6993eebdebf1' }

      at Object.log [as onSubmit] (src/hooks/useLoginForm.ts:230:15)

    console.error
      [useLoginForm] Login failed {
        error: 'Invalid email or password',
        traceId: '9f8f8677-3967-4f7b-95b8-6993eebdebf1'
      }

      259 |       } else {
      260 |         // Login failed - handle error
    > 261 |         console.error('[useLoginForm] Login failed', { error: result.error, traceId });
          |                 ^
      262 |         
      263 |         // Record attempt for authentication errors
      264 |         if (result.error === 'Invalid email or password') {

      at Object.error [as onSubmit] (src/hooks/useLoginForm.ts:261:17)
      at src/hooks/useLoginForm.test.tsx:842:13

    console.log
      Form submission started

      at Object.log [as onSubmit] (src/hooks/useLoginForm.ts:200:13)

    console.log
      [LoginFlowTracer] Trace started: 3a4e695c-028a-4ecb-bbe8-8a7b0712a0f5

      at log (src/lib/auth/LoginFlowTracer.ts:52:15)

    console.log
      [useLoginForm] Login flow started { traceId: '3a4e695c-028a-4ecb-bbe8-8a7b0712a0f5' }

      at Object.log [as onSubmit] (src/hooks/useLoginForm.ts:208:13)

    console.log
      [useLoginForm] Calling API client login method { traceId: '3a4e695c-028a-4ecb-bbe8-8a7b0712a0f5' }

      at Object.log [as onSubmit] (src/hooks/useLoginForm.ts:230:15)

    console.error
      [useLoginForm] Login failed {
        error: 'Invalid email or password',
        traceId: '3a4e695c-028a-4ecb-bbe8-8a7b0712a0f5'
      }

      259 |       } else {
      260 |         // Login failed - handle error
    > 261 |         console.error('[useLoginForm] Login failed', { error: result.error, traceId });
          |                 ^
      262 |         
      263 |         // Record attempt for authentication errors
      264 |         if (result.error === 'Invalid email or password') {

      at Object.error [as onSubmit] (src/hooks/useLoginForm.ts:261:17)
      at src/hooks/useLoginForm.test.tsx:842:13

    console.log
      Form submission started

      at Object.log [as onSubmit] (src/hooks/useLoginForm.ts:200:13)

    console.log
      [LoginFlowTracer] Trace started: 14c000f8-ddb3-4128-a4e9-585a723edd81

      at log (src/lib/auth/LoginFlowTracer.ts:52:15)

    console.log
      [useLoginForm] Login flow started { traceId: '14c000f8-ddb3-4128-a4e9-585a723edd81' }

      at Object.log [as onSubmit] (src/hooks/useLoginForm.ts:208:13)

    console.log
      [useLoginForm] Calling API client login method { traceId: '14c000f8-ddb3-4128-a4e9-585a723edd81' }

      at Object.log [as onSubmit] (src/hooks/useLoginForm.ts:230:15)

    console.error
      [useLoginForm] Login failed {
        error: 'Invalid email or password',
        traceId: '14c000f8-ddb3-4128-a4e9-585a723edd81'
      }

      259 |       } else {
      260 |         // Login failed - handle error
    > 261 |         console.error('[useLoginForm] Login failed', { error: result.error, traceId });
          |                 ^
      262 |         
      263 |         // Record attempt for authentication errors
      264 |         if (result.error === 'Invalid email or password') {

      at Object.error [as onSubmit] (src/hooks/useLoginForm.ts:261:17)
      at src/hooks/useLoginForm.test.tsx:842:13

    console.log
      Form submission started

      at Object.log [as onSubmit] (src/hooks/useLoginForm.ts:200:13)

    console.log
      [LoginFlowTracer] Trace started: 203e5e8b-5935-4895-a360-5242f1cf4ee2

      at log (src/lib/auth/LoginFlowTracer.ts:52:15)

    console.log
      [useLoginForm] Login flow started { traceId: '203e5e8b-5935-4895-a360-5242f1cf4ee2' }

      at Object.log [as onSubmit] (src/hooks/useLoginForm.ts:208:13)

    console.log
      [useLoginForm] Calling API client login method { traceId: '203e5e8b-5935-4895-a360-5242f1cf4ee2' }

      at Object.log [as onSubmit] (src/hooks/useLoginForm.ts:230:15)

    console.error
      [useLoginForm] Login failed {
        error: 'Invalid email or password',
        traceId: '203e5e8b-5935-4895-a360-5242f1cf4ee2'
      }

      259 |       } else {
      260 |         // Login failed - handle error
    > 261 |         console.error('[useLoginForm] Login failed', { error: result.error, traceId });
          |                 ^
      262 |         
      263 |         // Record attempt for authentication errors
      264 |         if (result.error === 'Invalid email or password') {

      at Object.error [as onSubmit] (src/hooks/useLoginForm.ts:261:17)
      at src/hooks/useLoginForm.test.tsx:842:13

    console.log
      [useLoginForm] Initiating redirect to dashboard { traceId: '889017f0-6d95-48e3-9cdf-94283962a25b' }

      at log (src/hooks/useLoginForm.ts:254:19)

    console.log
      [useLoginForm] Initiating redirect to dashboard { traceId: '8c777b4b-7b84-418b-a3ab-0a8aa788a069' }

      at log (src/hooks/useLoginForm.ts:254:19)

    console.log
      [useLoginForm] Initiating redirect to dashboard { traceId: '01a97673-dbc1-4ac8-bdc9-2be60e5fef61' }

      at log (src/hooks/useLoginForm.ts:254:19)

    console.log
      [useLoginForm] Initiating redirect to dashboard { traceId: '21e534cf-6d86-4821-8d17-3d6f9e573975' }

      at log (src/hooks/useLoginForm.ts:254:19)

    console.log
      [useLoginForm] Initiating redirect to dashboard { traceId: '5b0e07e1-c5fc-4eba-9141-b970baa81411' }

      at log (src/hooks/useLoginForm.ts:254:19)

    console.log
      Form submission started

      at Object.log [as onSubmit] (src/hooks/useLoginForm.ts:200:13)

    console.log
      [LoginFlowTracer] Trace started: 7cd6c0e8-875b-42ca-87c7-ed5f02152169

      at log (src/lib/auth/LoginFlowTracer.ts:52:15)

    console.log
      [useLoginForm] Login flow started { traceId: '7cd6c0e8-875b-42ca-87c7-ed5f02152169' }

      at Object.log [as onSubmit] (src/hooks/useLoginForm.ts:208:13)

    console.log
      [useLoginForm] Calling API client login method { traceId: '7cd6c0e8-875b-42ca-87c7-ed5f02152169' }

      at Object.log [as onSubmit] (src/hooks/useLoginForm.ts:230:15)

    console.error
      [useLoginForm] Login failed {
        error: 'Invalid email or password',
        traceId: '7cd6c0e8-875b-42ca-87c7-ed5f02152169'
      }

      259 |       } else {
      260 |         // Login failed - handle error
    > 261 |         console.error('[useLoginForm] Login failed', { error: result.error, traceId });
          |                 ^
      262 |         
      263 |         // Record attempt for authentication errors
      264 |         if (result.error === 'Invalid email or password') {

      at Object.error [as onSubmit] (src/hooks/useLoginForm.ts:261:17)
      at src/hooks/useLoginForm.test.tsx:842:13

    console.log
      [useLoginForm] Initiating redirect to dashboard { traceId: '58daef20-2721-4646-8e7a-77edec8b5906' }

      at log (src/hooks/useLoginForm.ts:254:19)

    console.log
      [useLoginForm] Initiating redirect to dashboard { traceId: '873731d4-6884-4ffa-b4a2-219d3defe729' }

      at log (src/hooks/useLoginForm.ts:254:19)

    console.log
      Form submission started

      at Object.log [as onSubmit] (src/hooks/useLoginForm.ts:200:13)

    console.log
      [LoginFlowTracer] Trace started: 38417a26-51a5-47f1-96cd-968a0199c9f2

      at log (src/lib/auth/LoginFlowTracer.ts:52:15)

    console.log
      [useLoginForm] Login flow started { traceId: '38417a26-51a5-47f1-96cd-968a0199c9f2' }

      at Object.log [as onSubmit] (src/hooks/useLoginForm.ts:208:13)

    console.log
      [useLoginForm] Calling API client login method { traceId: '38417a26-51a5-47f1-96cd-968a0199c9f2' }

      at Object.log [as onSubmit] (src/hooks/useLoginForm.ts:230:15)

    console.error
      [useLoginForm] Login failed {
        error: 'Invalid email or password',
        traceId: '38417a26-51a5-47f1-96cd-968a0199c9f2'
      }

      259 |       } else {
      260 |         // Login failed - handle error
    > 261 |         console.error('[useLoginForm] Login failed', { error: result.error, traceId });
          |                 ^
      262 |         
      263 |         // Record attempt for authentication errors
      264 |         if (result.error === 'Invalid email or password') {

      at Object.error [as onSubmit] (src/hooks/useLoginForm.ts:261:17)
      at src/hooks/useLoginForm.test.tsx:842:13

    console.log
      [useLoginForm] Initiating redirect to dashboard { traceId: '108cadf8-6ab0-4915-8540-7c2acf30e93a' }

      at log (src/hooks/useLoginForm.ts:254:19)

    console.log
      [useLoginForm] Initiating redirect to dashboard { traceId: 'd0859c78-1d72-4974-9fca-341f99aaa20b' }

      at log (src/hooks/useLoginForm.ts:254:19)

    console.log
      Form submission started

      at Object.log [as onSubmit] (src/hooks/useLoginForm.ts:200:13)

    console.log
      [LoginFlowTracer] Trace started: 3530b784-d598-4b50-bbc7-05bdcbb7b07d

      at log (src/lib/auth/LoginFlowTracer.ts:52:15)

    console.log
      [useLoginForm] Login flow started { traceId: '3530b784-d598-4b50-bbc7-05bdcbb7b07d' }

      at Object.log [as onSubmit] (src/hooks/useLoginForm.ts:208:13)

    console.log
      [useLoginForm] Calling API client login method { traceId: '3530b784-d598-4b50-bbc7-05bdcbb7b07d' }

      at Object.log [as onSubmit] (src/hooks/useLoginForm.ts:230:15)

    console.error
      [useLoginForm] Login failed {
        error: 'Invalid email or password',
        traceId: '3530b784-d598-4b50-bbc7-05bdcbb7b07d'
      }

      259 |       } else {
      260 |         // Login failed - handle error
    > 261 |         console.error('[useLoginForm] Login failed', { error: result.error, traceId });
          |                 ^
      262 |         
      263 |         // Record attempt for authentication errors
      264 |         if (result.error === 'Invalid email or password') {

      at Object.error [as onSubmit] (src/hooks/useLoginForm.ts:261:17)
      at src/hooks/useLoginForm.test.tsx:842:13

    console.log
      [useLoginForm] Initiating redirect to dashboard { traceId: '6c7306c7-8d4c-4dea-9a48-bb4bdf5b3ddb' }

      at log (src/hooks/useLoginForm.ts:254:19)

    console.log
      [useLoginForm] Initiating redirect to dashboard { traceId: 'f1e02898-9ddb-4482-a9b7-1fbc6c342e3b' }

      at log (src/hooks/useLoginForm.ts:254:19)

    console.log
      [useLoginForm] Initiating redirect to dashboard { traceId: '0f578dee-3f4b-4c69-860f-e93f3ebeed65' }

      at log (src/hooks/useLoginForm.ts:254:19)

    console.log
      [useLoginForm] Initiating redirect to dashboard { traceId: '5219b3b2-4322-4054-b556-40479f53af39' }

      at log (src/hooks/useLoginForm.ts:254:19)

    console.log
      [useLoginForm] Initiating redirect to dashboard { traceId: 'ed712238-c3c5-41a8-b52a-6985ac146666' }

      at log (src/hooks/useLoginForm.ts:254:19)

    console.log
      Form submission started

      at Object.log [as onSubmit] (src/hooks/useLoginForm.ts:200:13)

    console.log
      [LoginFlowTracer] Trace started: d8d9ee97-5481-40bc-bdb3-f9a85ae22726

      at log (src/lib/auth/LoginFlowTracer.ts:52:15)

    console.log
      [useLoginForm] Login flow started { traceId: 'd8d9ee97-5481-40bc-bdb3-f9a85ae22726' }

      at Object.log [as onSubmit] (src/hooks/useLoginForm.ts:208:13)

    console.log
      [useLoginForm] Calling API client login method { traceId: 'd8d9ee97-5481-40bc-bdb3-f9a85ae22726' }

      at Object.log [as onSubmit] (src/hooks/useLoginForm.ts:230:15)

    console.error
      [useLoginForm] Login failed {
        error: 'Invalid email or password',
        traceId: 'd8d9ee97-5481-40bc-bdb3-f9a85ae22726'
      }

      259 |       } else {
      260 |         // Login failed - handle error
    > 261 |         console.error('[useLoginForm] Login failed', { error: result.error, traceId });
          |                 ^
      262 |         
      263 |         // Record attempt for authentication errors
      264 |         if (result.error === 'Invalid email or password') {

      at Object.error [as onSubmit] (src/hooks/useLoginForm.ts:261:17)
      at src/hooks/useLoginForm.test.tsx:842:13

    console.log
      Form submission started

      at Object.log [as onSubmit] (src/hooks/useLoginForm.ts:200:13)

    console.log
      [LoginFlowTracer] Trace started: 1a9eb9f6-f887-474b-836c-8bb362490146

      at log (src/lib/auth/LoginFlowTracer.ts:52:15)

    console.log
      [useLoginForm] Login flow started { traceId: '1a9eb9f6-f887-474b-836c-8bb362490146' }

      at Object.log [as onSubmit] (src/hooks/useLoginForm.ts:208:13)

    console.log
      [useLoginForm] Calling API client login method { traceId: '1a9eb9f6-f887-474b-836c-8bb362490146' }

      at Object.log [as onSubmit] (src/hooks/useLoginForm.ts:230:15)

    console.error
      [useLoginForm] Login failed {
        error: 'Invalid email or password',
        traceId: '1a9eb9f6-f887-474b-836c-8bb362490146'
      }

      259 |       } else {
      260 |         // Login failed - handle error
    > 261 |         console.error('[useLoginForm] Login failed', { error: result.error, traceId });
          |                 ^
      262 |         
      263 |         // Record attempt for authentication errors
      264 |         if (result.error === 'Invalid email or password') {

      at Object.error [as onSubmit] (src/hooks/useLoginForm.ts:261:17)
      at src/hooks/useLoginForm.test.tsx:842:13

    console.log
      Form submission started

      at Object.log [as onSubmit] (src/hooks/useLoginForm.ts:200:13)

    console.log
      [LoginFlowTracer] Trace started: 92a0fe92-fdfe-4e2a-827f-4d1277248231

      at log (src/lib/auth/LoginFlowTracer.ts:52:15)

    console.log
      [useLoginForm] Login flow started { traceId: '92a0fe92-fdfe-4e2a-827f-4d1277248231' }

      at Object.log [as onSubmit] (src/hooks/useLoginForm.ts:208:13)

    console.log
      [useLoginForm] Calling API client login method { traceId: '92a0fe92-fdfe-4e2a-827f-4d1277248231' }

      at Object.log [as onSubmit] (src/hooks/useLoginForm.ts:230:15)

    console.error
      [useLoginForm] Login failed {
        error: 'Invalid email or password',
        traceId: '92a0fe92-fdfe-4e2a-827f-4d1277248231'
      }

      259 |       } else {
      260 |         // Login failed - handle error
    > 261 |         console.error('[useLoginForm] Login failed', { error: result.error, traceId });
          |                 ^
      262 |         
      263 |         // Record attempt for authentication errors
      264 |         if (result.error === 'Invalid email or password') {

      at Object.error [as onSubmit] (src/hooks/useLoginForm.ts:261:17)
      at src/hooks/useLoginForm.test.tsx:842:13

    console.log
      [useLoginForm] Initiating redirect to dashboard { traceId: '9c434799-34f2-4e50-bd37-6cf2e8fd424c' }

      at log (src/hooks/useLoginForm.ts:254:19)

    console.log
      [useLoginForm] Initiating redirect to dashboard { traceId: '939a8d7d-587e-46fc-a0c3-6eaf238a6070' }

      at log (src/hooks/useLoginForm.ts:254:19)

    console.log
      Form submission started

      at Object.log [as onSubmit] (src/hooks/useLoginForm.ts:200:13)

    console.log
      [LoginFlowTracer] Trace started: 73d794f8-77b8-441d-9adc-ffdc254b1632

      at log (src/lib/auth/LoginFlowTracer.ts:52:15)

    console.log
      [useLoginForm] Login flow started { traceId: '73d794f8-77b8-441d-9adc-ffdc254b1632' }

      at Object.log [as onSubmit] (src/hooks/useLoginForm.ts:208:13)

    console.log
      [useLoginForm] Calling API client login method { traceId: '73d794f8-77b8-441d-9adc-ffdc254b1632' }

      at Object.log [as onSubmit] (src/hooks/useLoginForm.ts:230:15)

    console.error
      [useLoginForm] Login failed {
        error: 'Invalid email or password',
        traceId: '73d794f8-77b8-441d-9adc-ffdc254b1632'
      }

      259 |       } else {
      260 |         // Login failed - handle error
    > 261 |         console.error('[useLoginForm] Login failed', { error: result.error, traceId });
          |                 ^
      262 |         
      263 |         // Record attempt for authentication errors
      264 |         if (result.error === 'Invalid email or password') {

      at Object.error [as onSubmit] (src/hooks/useLoginForm.ts:261:17)
      at src/hooks/useLoginForm.test.tsx:842:13

    console.log
      Form submission started

      at Object.log [as onSubmit] (src/hooks/useLoginForm.ts:200:13)

    console.log
      [LoginFlowTracer] Trace started: 08f4ee97-7043-4724-8ba3-199493a11e5d

      at log (src/lib/auth/LoginFlowTracer.ts:52:15)

    console.log
      [useLoginForm] Login flow started { traceId: '08f4ee97-7043-4724-8ba3-199493a11e5d' }

      at Object.log [as onSubmit] (src/hooks/useLoginForm.ts:208:13)

    console.log
      [useLoginForm] Calling API client login method { traceId: '08f4ee97-7043-4724-8ba3-199493a11e5d' }

      at Object.log [as onSubmit] (src/hooks/useLoginForm.ts:230:15)

    console.error
      [useLoginForm] Login failed {
        error: 'Invalid email or password',
        traceId: '08f4ee97-7043-4724-8ba3-199493a11e5d'
      }

      259 |       } else {
      260 |         // Login failed - handle error
    > 261 |         console.error('[useLoginForm] Login failed', { error: result.error, traceId });
          |                 ^
      262 |         
      263 |         // Record attempt for authentication errors
      264 |         if (result.error === 'Invalid email or password') {

      at Object.error [as onSubmit] (src/hooks/useLoginForm.ts:261:17)
      at src/hooks/useLoginForm.test.tsx:842:13

    console.log
      Form submission started

      at Object.log [as onSubmit] (src/hooks/useLoginForm.ts:200:13)

    console.log
      [LoginFlowTracer] Trace started: 2234a9dc-10a5-49d1-9f01-a068245d23ea

      at log (src/lib/auth/LoginFlowTracer.ts:52:15)

    console.log
      [useLoginForm] Login flow started { traceId: '2234a9dc-10a5-49d1-9f01-a068245d23ea' }

      at Object.log [as onSubmit] (src/hooks/useLoginForm.ts:208:13)

    console.log
      [useLoginForm] Calling API client login method { traceId: '2234a9dc-10a5-49d1-9f01-a068245d23ea' }

      at Object.log [as onSubmit] (src/hooks/useLoginForm.ts:230:15)

    console.error
      [useLoginForm] Login failed {
        error: 'Invalid email or password',
        traceId: '2234a9dc-10a5-49d1-9f01-a068245d23ea'
      }

      259 |       } else {
      260 |         // Login failed - handle error
    > 261 |         console.error('[useLoginForm] Login failed', { error: result.error, traceId });
          |                 ^
      262 |         
      263 |         // Record attempt for authentication errors
      264 |         if (result.error === 'Invalid email or password') {

      at Object.error [as onSubmit] (src/hooks/useLoginForm.ts:261:17)
      at src/hooks/useLoginForm.test.tsx:842:13

    console.log
      [useLoginForm] Initiating redirect to dashboard { traceId: 'd2a50c4e-a7db-466a-bcb6-0b5ed4e87196' }

      at log (src/hooks/useLoginForm.ts:254:19)

    console.log
      Form submission started

      at Object.log [as onSubmit] (src/hooks/useLoginForm.ts:200:13)

    console.log
      [LoginFlowTracer] Trace started: 654b84f9-f2cf-463a-9d99-9dc2d508783c

      at log (src/lib/auth/LoginFlowTracer.ts:52:15)

    console.log
      [useLoginForm] Login flow started { traceId: '654b84f9-f2cf-463a-9d99-9dc2d508783c' }

      at Object.log [as onSubmit] (src/hooks/useLoginForm.ts:208:13)

    console.log
      [useLoginForm] Calling API client login method { traceId: '654b84f9-f2cf-463a-9d99-9dc2d508783c' }

      at Object.log [as onSubmit] (src/hooks/useLoginForm.ts:230:15)

    console.error
      [useLoginForm] Login failed {
        error: 'Invalid email or password',
        traceId: '654b84f9-f2cf-463a-9d99-9dc2d508783c'
      }

      259 |       } else {
      260 |         // Login failed - handle error
    > 261 |         console.error('[useLoginForm] Login failed', { error: result.error, traceId });
          |                 ^
      262 |         
      263 |         // Record attempt for authentication errors
      264 |         if (result.error === 'Invalid email or password') {

      at Object.error [as onSubmit] (src/hooks/useLoginForm.ts:261:17)
      at src/hooks/useLoginForm.test.tsx:842:13

    console.log
      [useLoginForm] Initiating redirect to dashboard { traceId: '1e384894-86b6-4b98-bcbf-d90fb730647e' }

      at log (src/hooks/useLoginForm.ts:254:19)

    console.log
      Form submission started

      at Object.log [as onSubmit] (src/hooks/useLoginForm.ts:200:13)

    console.log
      [LoginFlowTracer] Trace started: 9df297c5-2587-4a94-91cf-0372236a3c5d

      at log (src/lib/auth/LoginFlowTracer.ts:52:15)

    console.log
      [useLoginForm] Login flow started { traceId: '9df297c5-2587-4a94-91cf-0372236a3c5d' }

      at Object.log [as onSubmit] (src/hooks/useLoginForm.ts:208:13)

    console.log
      [useLoginForm] Calling API client login method { traceId: '9df297c5-2587-4a94-91cf-0372236a3c5d' }

      at Object.log [as onSubmit] (src/hooks/useLoginForm.ts:230:15)

    console.error
      [useLoginForm] Login failed {
        error: 'Invalid email or password',
        traceId: '9df297c5-2587-4a94-91cf-0372236a3c5d'
      }

      259 |       } else {
      260 |         // Login failed - handle error
    > 261 |         console.error('[useLoginForm] Login failed', { error: result.error, traceId });
          |                 ^
      262 |         
      263 |         // Record attempt for authentication errors
      264 |         if (result.error === 'Invalid email or password') {

      at Object.error [as onSubmit] (src/hooks/useLoginForm.ts:261:17)
      at src/hooks/useLoginForm.test.tsx:842:13

    console.log
      [useLoginForm] Initiating redirect to dashboard { traceId: '33cfdea3-4163-48a0-960c-94b5e5472fa0' }

      at log (src/hooks/useLoginForm.ts:254:19)

    console.log
      Form submission started

      at Object.log [as onSubmit] (src/hooks/useLoginForm.ts:200:13)

    console.log
      [LoginFlowTracer] Trace started: b80182cf-fd38-4d49-a821-c9c6e7b74757

      at log (src/lib/auth/LoginFlowTracer.ts:52:15)

    console.log
      [useLoginForm] Login flow started { traceId: 'b80182cf-fd38-4d49-a821-c9c6e7b74757' }

      at Object.log [as onSubmit] (src/hooks/useLoginForm.ts:208:13)

    console.log
      [useLoginForm] Calling API client login method { traceId: 'b80182cf-fd38-4d49-a821-c9c6e7b74757' }

      at Object.log [as onSubmit] (src/hooks/useLoginForm.ts:230:15)

    console.error
      [useLoginForm] Login failed {
        error: 'Invalid email or password',
        traceId: 'b80182cf-fd38-4d49-a821-c9c6e7b74757'
      }

      259 |       } else {
      260 |         // Login failed - handle error
    > 261 |         console.error('[useLoginForm] Login failed', { error: result.error, traceId });
          |                 ^
      262 |         
      263 |         // Record attempt for authentication errors
      264 |         if (result.error === 'Invalid email or password') {

      at Object.error [as onSubmit] (src/hooks/useLoginForm.ts:261:17)
      at src/hooks/useLoginForm.test.tsx:842:13

    console.log
      [useLoginForm] Initiating redirect to dashboard { traceId: 'a079034f-e292-4b0d-8adc-2899e5be603b' }

      at log (src/hooks/useLoginForm.ts:254:19)

    console.log
      Form submission started

      at Object.log [as onSubmit] (src/hooks/useLoginForm.ts:200:13)

    console.log
      [LoginFlowTracer] Trace started: bc29b1c1-39c3-42d6-b178-bd400bf3a85a

      at log (src/lib/auth/LoginFlowTracer.ts:52:15)

    console.log
      [useLoginForm] Login flow started { traceId: 'bc29b1c1-39c3-42d6-b178-bd400bf3a85a' }

      at Object.log [as onSubmit] (src/hooks/useLoginForm.ts:208:13)

    console.log
      [useLoginForm] Calling API client login method { traceId: 'bc29b1c1-39c3-42d6-b178-bd400bf3a85a' }

      at Object.log [as onSubmit] (src/hooks/useLoginForm.ts:230:15)

    console.error
      [useLoginForm] Login failed {
        error: 'Invalid email or password',
        traceId: 'bc29b1c1-39c3-42d6-b178-bd400bf3a85a'
      }

      259 |       } else {
      260 |         // Login failed - handle error
    > 261 |         console.error('[useLoginForm] Login failed', { error: result.error, traceId });
          |                 ^
      262 |         
      263 |         // Record attempt for authentication errors
      264 |         if (result.error === 'Invalid email or password') {

      at Object.error [as onSubmit] (src/hooks/useLoginForm.ts:261:17)
      at src/hooks/useLoginForm.test.tsx:842:13

    console.log
      Form submission started

      at Object.log [as onSubmit] (src/hooks/useLoginForm.ts:200:13)

    console.log
      [LoginFlowTracer] Trace started: 757f9e0d-d86d-4cde-8e3c-08f2bfbe6743

      at log (src/lib/auth/LoginFlowTracer.ts:52:15)

    console.log
      [useLoginForm] Login flow started { traceId: '757f9e0d-d86d-4cde-8e3c-08f2bfbe6743' }

      at Object.log [as onSubmit] (src/hooks/useLoginForm.ts:208:13)

    console.log
      [useLoginForm] Calling API client login method { traceId: '757f9e0d-d86d-4cde-8e3c-08f2bfbe6743' }

      at Object.log [as onSubmit] (src/hooks/useLoginForm.ts:230:15)

    console.error
      [useLoginForm] Login failed {
        error: 'Invalid email or password',
        traceId: '757f9e0d-d86d-4cde-8e3c-08f2bfbe6743'
      }

      259 |       } else {
      260 |         // Login failed - handle error
    > 261 |         console.error('[useLoginForm] Login failed', { error: result.error, traceId });
          |                 ^
      262 |         
      263 |         // Record attempt for authentication errors
      264 |         if (result.error === 'Invalid email or password') {

      at Object.error [as onSubmit] (src/hooks/useLoginForm.ts:261:17)
      at src/hooks/useLoginForm.test.tsx:842:13

    console.log
      Form submission started

      at Object.log [as onSubmit] (src/hooks/useLoginForm.ts:200:13)

    console.log
      [LoginFlowTracer] Trace started: 351cc4d4-9178-40a6-a6a2-d8dc39554add

      at log (src/lib/auth/LoginFlowTracer.ts:52:15)

    console.log
      [useLoginForm] Login flow started { traceId: '351cc4d4-9178-40a6-a6a2-d8dc39554add' }

      at Object.log [as onSubmit] (src/hooks/useLoginForm.ts:208:13)

    console.log
      [useLoginForm] Calling API client login method { traceId: '351cc4d4-9178-40a6-a6a2-d8dc39554add' }

      at Object.log [as onSubmit] (src/hooks/useLoginForm.ts:230:15)

    console.error
      [useLoginForm] Login failed {
        error: 'Invalid email or password',
        traceId: '351cc4d4-9178-40a6-a6a2-d8dc39554add'
      }

      259 |       } else {
      260 |         // Login failed - handle error
    > 261 |         console.error('[useLoginForm] Login failed', { error: result.error, traceId });
          |                 ^
      262 |         
      263 |         // Record attempt for authentication errors
      264 |         if (result.error === 'Invalid email or password') {

      at Object.error [as onSubmit] (src/hooks/useLoginForm.ts:261:17)
      at src/hooks/useLoginForm.test.tsx:842:13

    console.log
      Form submission started

      at Object.log [as onSubmit] (src/hooks/useLoginForm.ts:200:13)

    console.log
      [LoginFlowTracer] Trace started: dda7d123-6c46-4952-9de2-827cb26f3811

      at log (src/lib/auth/LoginFlowTracer.ts:52:15)

    console.log
      [useLoginForm] Login flow started { traceId: 'dda7d123-6c46-4952-9de2-827cb26f3811' }

      at Object.log [as onSubmit] (src/hooks/useLoginForm.ts:208:13)

    console.log
      [useLoginForm] Calling API client login method { traceId: 'dda7d123-6c46-4952-9de2-827cb26f3811' }

      at Object.log [as onSubmit] (src/hooks/useLoginForm.ts:230:15)

    console.error
      [useLoginForm] Login failed {
        error: 'Invalid email or password',
        traceId: 'dda7d123-6c46-4952-9de2-827cb26f3811'
      }

      259 |       } else {
      260 |         // Login failed - handle error
    > 261 |         console.error('[useLoginForm] Login failed', { error: result.error, traceId });
          |                 ^
      262 |         
      263 |         // Record attempt for authentication errors
      264 |         if (result.error === 'Invalid email or password') {

      at Object.error [as onSubmit] (src/hooks/useLoginForm.ts:261:17)
      at src/hooks/useLoginForm.test.tsx:842:13

    console.log
      [useLoginForm] Initiating redirect to dashboard { traceId: '4ddf6202-e976-4f15-bd8c-c554c86fe3ed' }

      at log (src/hooks/useLoginForm.ts:254:19)

    console.log
      Form submission started

      at Object.log [as onSubmit] (src/hooks/useLoginForm.ts:200:13)

    console.log
      [LoginFlowTracer] Trace started: af578083-a8e0-4933-b76c-6a546d7d6717

      at log (src/lib/auth/LoginFlowTracer.ts:52:15)

    console.log
      [useLoginForm] Login flow started { traceId: 'af578083-a8e0-4933-b76c-6a546d7d6717' }

      at Object.log [as onSubmit] (src/hooks/useLoginForm.ts:208:13)

    console.log
      [useLoginForm] Calling API client login method { traceId: 'af578083-a8e0-4933-b76c-6a546d7d6717' }

      at Object.log [as onSubmit] (src/hooks/useLoginForm.ts:230:15)

    console.error
      [useLoginForm] Login failed {
        error: 'Invalid email or password',
        traceId: 'af578083-a8e0-4933-b76c-6a546d7d6717'
      }

      259 |       } else {
      260 |         // Login failed - handle error
    > 261 |         console.error('[useLoginForm] Login failed', { error: result.error, traceId });
          |                 ^
      262 |         
      263 |         // Record attempt for authentication errors
      264 |         if (result.error === 'Invalid email or password') {

      at Object.error [as onSubmit] (src/hooks/useLoginForm.ts:261:17)
      at src/hooks/useLoginForm.test.tsx:842:13

    console.log
      Form submission started

      at Object.log [as onSubmit] (src/hooks/useLoginForm.ts:200:13)

    console.log
      [LoginFlowTracer] Trace started: 8fa7ce04-b4c6-4e24-8d31-aa9a765e50ad

      at log (src/lib/auth/LoginFlowTracer.ts:52:15)

    console.log
      [useLoginForm] Login flow started { traceId: '8fa7ce04-b4c6-4e24-8d31-aa9a765e50ad' }

      at Object.log [as onSubmit] (src/hooks/useLoginForm.ts:208:13)

    console.log
      [useLoginForm] Calling API client login method { traceId: '8fa7ce04-b4c6-4e24-8d31-aa9a765e50ad' }

      at Object.log [as onSubmit] (src/hooks/useLoginForm.ts:230:15)

    console.error
      [useLoginForm] Login failed {
        error: 'Invalid email or password',
        traceId: '8fa7ce04-b4c6-4e24-8d31-aa9a765e50ad'
      }

      259 |       } else {
      260 |         // Login failed - handle error
    > 261 |         console.error('[useLoginForm] Login failed', { error: result.error, traceId });
          |                 ^
      262 |         
      263 |         // Record attempt for authentication errors
      264 |         if (result.error === 'Invalid email or password') {

      at Object.error [as onSubmit] (src/hooks/useLoginForm.ts:261:17)
      at src/hooks/useLoginForm.test.tsx:842:13

    console.log
      Form submission started

      at Object.log [as onSubmit] (src/hooks/useLoginForm.ts:200:13)

    console.log
      [LoginFlowTracer] Trace started: 78ac41b6-8283-409e-afbb-a2b0e26dfc51

      at log (src/lib/auth/LoginFlowTracer.ts:52:15)

    console.log
      [useLoginForm] Login flow started { traceId: '78ac41b6-8283-409e-afbb-a2b0e26dfc51' }

      at Object.log [as onSubmit] (src/hooks/useLoginForm.ts:208:13)

    console.log
      [useLoginForm] Calling API client login method { traceId: '78ac41b6-8283-409e-afbb-a2b0e26dfc51' }

      at Object.log [as onSubmit] (src/hooks/useLoginForm.ts:230:15)

    console.error
      [useLoginForm] Login failed {
        error: 'Invalid email or password',
        traceId: '78ac41b6-8283-409e-afbb-a2b0e26dfc51'
      }

      259 |       } else {
      260 |         // Login failed - handle error
    > 261 |         console.error('[useLoginForm] Login failed', { error: result.error, traceId });
          |                 ^
      262 |         
      263 |         // Record attempt for authentication errors
      264 |         if (result.error === 'Invalid email or password') {

      at Object.error [as onSubmit] (src/hooks/useLoginForm.ts:261:17)
      at src/hooks/useLoginForm.test.tsx:842:13

    console.log
      [useLoginForm] Initiating redirect to dashboard { traceId: '8ed45834-879d-4b87-9915-7d5dfbb7e97e' }

      at log (src/hooks/useLoginForm.ts:254:19)

    console.log
      [useLoginForm] Initiating redirect to dashboard { traceId: 'cc2d8f76-40cc-46be-a9d9-6c26494e75e7' }

      at log (src/hooks/useLoginForm.ts:254:19)

    console.log
      Form submission started

      at Object.log [as onSubmit] (src/hooks/useLoginForm.ts:200:13)

    console.log
      [LoginFlowTracer] Trace started: 5a3c0fe2-2591-4b0d-993d-aa1269fd9e3b

      at log (src/lib/auth/LoginFlowTracer.ts:52:15)

    console.log
      [useLoginForm] Login flow started { traceId: '5a3c0fe2-2591-4b0d-993d-aa1269fd9e3b' }

      at Object.log [as onSubmit] (src/hooks/useLoginForm.ts:208:13)

    console.log
      [useLoginForm] Calling API client login method { traceId: '5a3c0fe2-2591-4b0d-993d-aa1269fd9e3b' }

      at Object.log [as onSubmit] (src/hooks/useLoginForm.ts:230:15)

    console.error
      [useLoginForm] Login failed {
        error: 'Invalid email or password',
        traceId: '5a3c0fe2-2591-4b0d-993d-aa1269fd9e3b'
      }

      259 |       } else {
      260 |         // Login failed - handle error
    > 261 |         console.error('[useLoginForm] Login failed', { error: result.error, traceId });
          |                 ^
      262 |         
      263 |         // Record attempt for authentication errors
      264 |         if (result.error === 'Invalid email or password') {

      at Object.error [as onSubmit] (src/hooks/useLoginForm.ts:261:17)
      at src/hooks/useLoginForm.test.tsx:842:13

    console.log
      [useLoginForm] Initiating redirect to dashboard { traceId: '4e367dc2-491a-46c2-8a79-e0c64daba7d2' }

      at log (src/hooks/useLoginForm.ts:254:19)

    console.log
      Form submission started

      at Object.log [as onSubmit] (src/hooks/useLoginForm.ts:200:13)

    console.log
      [LoginFlowTracer] Trace started: 11f54660-d756-4387-a3ec-a2e8d379c546

      at log (src/lib/auth/LoginFlowTracer.ts:52:15)

    console.log
      [useLoginForm] Login flow started { traceId: '11f54660-d756-4387-a3ec-a2e8d379c546' }

      at Object.log [as onSubmit] (src/hooks/useLoginForm.ts:208:13)

    console.log
      [useLoginForm] Calling API client login method { traceId: '11f54660-d756-4387-a3ec-a2e8d379c546' }

      at Object.log [as onSubmit] (src/hooks/useLoginForm.ts:230:15)

    console.error
      [useLoginForm] Login failed {
        error: 'Invalid email or password',
        traceId: '11f54660-d756-4387-a3ec-a2e8d379c546'
      }

      259 |       } else {
      260 |         // Login failed - handle error
    > 261 |         console.error('[useLoginForm] Login failed', { error: result.error, traceId });
          |                 ^
      262 |         
      263 |         // Record attempt for authentication errors
      264 |         if (result.error === 'Invalid email or password') {

      at Object.error [as onSubmit] (src/hooks/useLoginForm.ts:261:17)
      at src/hooks/useLoginForm.test.tsx:842:13

    console.log
      Form submission started

      at Object.log [as onSubmit] (src/hooks/useLoginForm.ts:200:13)

    console.log
      [LoginFlowTracer] Trace started: 8e85739d-0ff5-40b9-835b-247895161823

      at log (src/lib/auth/LoginFlowTracer.ts:52:15)

    console.log
      [useLoginForm] Login flow started { traceId: '8e85739d-0ff5-40b9-835b-247895161823' }

      at Object.log [as onSubmit] (src/hooks/useLoginForm.ts:208:13)

    console.log
      [useLoginForm] Calling API client login method { traceId: '8e85739d-0ff5-40b9-835b-247895161823' }

      at Object.log [as onSubmit] (src/hooks/useLoginForm.ts:230:15)

    console.error
      [useLoginForm] Login failed {
        error: 'Invalid email or password',
        traceId: '8e85739d-0ff5-40b9-835b-247895161823'
      }

      259 |       } else {
      260 |         // Login failed - handle error
    > 261 |         console.error('[useLoginForm] Login failed', { error: result.error, traceId });
          |                 ^
      262 |         
      263 |         // Record attempt for authentication errors
      264 |         if (result.error === 'Invalid email or password') {

      at Object.error [as onSubmit] (src/hooks/useLoginForm.ts:261:17)
      at src/hooks/useLoginForm.test.tsx:842:13

    console.log
      Form submission started

      at Object.log [as onSubmit] (src/hooks/useLoginForm.ts:200:13)

    console.log
      [LoginFlowTracer] Trace started: 99399316-1ff4-4dd4-a3ba-3bf429094d3b

      at log (src/lib/auth/LoginFlowTracer.ts:52:15)

    console.log
      [useLoginForm] Login flow started { traceId: '99399316-1ff4-4dd4-a3ba-3bf429094d3b' }

      at Object.log [as onSubmit] (src/hooks/useLoginForm.ts:208:13)

    console.log
      [useLoginForm] Calling API client login method { traceId: '99399316-1ff4-4dd4-a3ba-3bf429094d3b' }

      at Object.log [as onSubmit] (src/hooks/useLoginForm.ts:230:15)

    console.error
      [useLoginForm] Login failed {
        error: 'Invalid email or password',
        traceId: '99399316-1ff4-4dd4-a3ba-3bf429094d3b'
      }

      259 |       } else {
      260 |         // Login failed - handle error
    > 261 |         console.error('[useLoginForm] Login failed', { error: result.error, traceId });
          |                 ^
      262 |         
      263 |         // Record attempt for authentication errors
      264 |         if (result.error === 'Invalid email or password') {

      at Object.error [as onSubmit] (src/hooks/useLoginForm.ts:261:17)
      at src/hooks/useLoginForm.test.tsx:842:13

    console.log
      Form submission started

      at Object.log [as onSubmit] (src/hooks/useLoginForm.ts:200:13)

    console.log
      [LoginFlowTracer] Trace started: 21c71c18-1f9c-46ed-80f9-6af8c797c69c

      at log (src/lib/auth/LoginFlowTracer.ts:52:15)

    console.log
      [useLoginForm] Login flow started { traceId: '21c71c18-1f9c-46ed-80f9-6af8c797c69c' }

      at Object.log [as onSubmit] (src/hooks/useLoginForm.ts:208:13)

    console.log
      [useLoginForm] Calling API client login method { traceId: '21c71c18-1f9c-46ed-80f9-6af8c797c69c' }

      at Object.log [as onSubmit] (src/hooks/useLoginForm.ts:230:15)

    console.error
      [useLoginForm] Login failed {
        error: 'Invalid email or password',
        traceId: '21c71c18-1f9c-46ed-80f9-6af8c797c69c'
      }

      259 |       } else {
      260 |         // Login failed - handle error
    > 261 |         console.error('[useLoginForm] Login failed', { error: result.error, traceId });
          |                 ^
      262 |         
      263 |         // Record attempt for authentication errors
      264 |         if (result.error === 'Invalid email or password') {

      at Object.error [as onSubmit] (src/hooks/useLoginForm.ts:261:17)
      at src/hooks/useLoginForm.test.tsx:842:13

    console.log
      Form submission started

      at Object.log [as onSubmit] (src/hooks/useLoginForm.ts:200:13)

    console.log
      [LoginFlowTracer] Trace started: 9805c00d-4296-4657-8afc-fc3f4ae4afe2

      at log (src/lib/auth/LoginFlowTracer.ts:52:15)

    console.log
      [useLoginForm] Login flow started { traceId: '9805c00d-4296-4657-8afc-fc3f4ae4afe2' }

      at Object.log [as onSubmit] (src/hooks/useLoginForm.ts:208:13)

    console.log
      [useLoginForm] Calling API client login method { traceId: '9805c00d-4296-4657-8afc-fc3f4ae4afe2' }

      at Object.log [as onSubmit] (src/hooks/useLoginForm.ts:230:15)

    console.error
      [useLoginForm] Login failed {
        error: 'Invalid email or password',
        traceId: '9805c00d-4296-4657-8afc-fc3f4ae4afe2'
      }

      259 |       } else {
      260 |         // Login failed - handle error
    > 261 |         console.error('[useLoginForm] Login failed', { error: result.error, traceId });
          |                 ^
      262 |         
      263 |         // Record attempt for authentication errors
      264 |         if (result.error === 'Invalid email or password') {

      at Object.error [as onSubmit] (src/hooks/useLoginForm.ts:261:17)
      at src/hooks/useLoginForm.test.tsx:842:13

    console.log
      Form submission started

      at Object.log [as onSubmit] (src/hooks/useLoginForm.ts:200:13)

    console.log
      [LoginFlowTracer] Trace started: 8b6c140b-9f7f-446a-af9c-e79707925757

      at log (src/lib/auth/LoginFlowTracer.ts:52:15)

    console.log
      [useLoginForm] Login flow started { traceId: '8b6c140b-9f7f-446a-af9c-e79707925757' }

      at Object.log [as onSubmit] (src/hooks/useLoginForm.ts:208:13)

    console.log
      [useLoginForm] Calling API client login method { traceId: '8b6c140b-9f7f-446a-af9c-e79707925757' }

      at Object.log [as onSubmit] (src/hooks/useLoginForm.ts:230:15)

    console.error
      [useLoginForm] Login failed {
        error: 'Invalid email or password',
        traceId: '8b6c140b-9f7f-446a-af9c-e79707925757'
      }

      259 |       } else {
      260 |         // Login failed - handle error
    > 261 |         console.error('[useLoginForm] Login failed', { error: result.error, traceId });
          |                 ^
      262 |         
      263 |         // Record attempt for authentication errors
      264 |         if (result.error === 'Invalid email or password') {

      at Object.error [as onSubmit] (src/hooks/useLoginForm.ts:261:17)
      at src/hooks/useLoginForm.test.tsx:842:13

    console.log
      Form submission started

      at Object.log [as onSubmit] (src/hooks/useLoginForm.ts:200:13)

    console.log
      [LoginFlowTracer] Trace started: 1b971172-6083-42c7-b96a-e0f7a5e7ee82

      at log (src/lib/auth/LoginFlowTracer.ts:52:15)

    console.log
      [useLoginForm] Login flow started { traceId: '1b971172-6083-42c7-b96a-e0f7a5e7ee82' }

      at Object.log [as onSubmit] (src/hooks/useLoginForm.ts:208:13)

    console.log
      [useLoginForm] Calling API client login method { traceId: '1b971172-6083-42c7-b96a-e0f7a5e7ee82' }

      at Object.log [as onSubmit] (src/hooks/useLoginForm.ts:230:15)

    console.error
      [useLoginForm] Login failed {
        error: 'Invalid email or password',
        traceId: '1b971172-6083-42c7-b96a-e0f7a5e7ee82'
      }

      259 |       } else {
      260 |         // Login failed - handle error
    > 261 |         console.error('[useLoginForm] Login failed', { error: result.error, traceId });
          |                 ^
      262 |         
      263 |         // Record attempt for authentication errors
      264 |         if (result.error === 'Invalid email or password') {

      at Object.error [as onSubmit] (src/hooks/useLoginForm.ts:261:17)
      at src/hooks/useLoginForm.test.tsx:842:13

    console.log
      Form submission started

      at Object.log [as onSubmit] (src/hooks/useLoginForm.ts:200:13)

    console.log
      [LoginFlowTracer] Trace started: 9a39fa19-8fa6-45df-a421-95c5b2848492

      at log (src/lib/auth/LoginFlowTracer.ts:52:15)

    console.log
      [useLoginForm] Login flow started { traceId: '9a39fa19-8fa6-45df-a421-95c5b2848492' }

      at Object.log [as onSubmit] (src/hooks/useLoginForm.ts:208:13)

    console.log
      [useLoginForm] Calling API client login method { traceId: '9a39fa19-8fa6-45df-a421-95c5b2848492' }

      at Object.log [as onSubmit] (src/hooks/useLoginForm.ts:230:15)

    console.error
      [useLoginForm] Login failed {
        error: 'Invalid email or password',
        traceId: '9a39fa19-8fa6-45df-a421-95c5b2848492'
      }

      259 |       } else {
      260 |         // Login failed - handle error
    > 261 |         console.error('[useLoginForm] Login failed', { error: result.error, traceId });
          |                 ^
      262 |         
      263 |         // Record attempt for authentication errors
      264 |         if (result.error === 'Invalid email or password') {

      at Object.error [as onSubmit] (src/hooks/useLoginForm.ts:261:17)
      at src/hooks/useLoginForm.test.tsx:842:13

    console.log
      Form submission started

      at Object.log [as onSubmit] (src/hooks/useLoginForm.ts:200:13)

    console.log
      [LoginFlowTracer] Trace started: 946e23f0-221d-48b4-b10e-5cbba53dd33e

      at log (src/lib/auth/LoginFlowTracer.ts:52:15)

    console.log
      [useLoginForm] Login flow started { traceId: '946e23f0-221d-48b4-b10e-5cbba53dd33e' }

      at Object.log [as onSubmit] (src/hooks/useLoginForm.ts:208:13)

    console.log
      [useLoginForm] Calling API client login method { traceId: '946e23f0-221d-48b4-b10e-5cbba53dd33e' }

      at Object.log [as onSubmit] (src/hooks/useLoginForm.ts:230:15)

    console.error
      [useLoginForm] Login failed {
        error: 'Invalid email or password',
        traceId: '946e23f0-221d-48b4-b10e-5cbba53dd33e'
      }

      259 |       } else {
      260 |         // Login failed - handle error
    > 261 |         console.error('[useLoginForm] Login failed', { error: result.error, traceId });
          |                 ^
      262 |         
      263 |         // Record attempt for authentication errors
      264 |         if (result.error === 'Invalid email or password') {

      at Object.error [as onSubmit] (src/hooks/useLoginForm.ts:261:17)
      at src/hooks/useLoginForm.test.tsx:842:13

    console.log
      Form submission started

      at Object.log [as onSubmit] (src/hooks/useLoginForm.ts:200:13)

    console.log
      [LoginFlowTracer] Trace started: 05594e27-acbd-4be3-ad05-ab0fce51313b

      at log (src/lib/auth/LoginFlowTracer.ts:52:15)

    console.log
      [useLoginForm] Login flow started { traceId: '05594e27-acbd-4be3-ad05-ab0fce51313b' }

      at Object.log [as onSubmit] (src/hooks/useLoginForm.ts:208:13)

    console.log
      [useLoginForm] Calling API client login method { traceId: '05594e27-acbd-4be3-ad05-ab0fce51313b' }

      at Object.log [as onSubmit] (src/hooks/useLoginForm.ts:230:15)

    console.error
      [useLoginForm] Login failed {
        error: 'Invalid email or password',
        traceId: '05594e27-acbd-4be3-ad05-ab0fce51313b'
      }

      259 |       } else {
      260 |         // Login failed - handle error
    > 261 |         console.error('[useLoginForm] Login failed', { error: result.error, traceId });
          |                 ^
      262 |         
      263 |         // Record attempt for authentication errors
      264 |         if (result.error === 'Invalid email or password') {

      at Object.error [as onSubmit] (src/hooks/useLoginForm.ts:261:17)
      at src/hooks/useLoginForm.test.tsx:842:13

    console.log
      Form submission started

      at Object.log [as onSubmit] (src/hooks/useLoginForm.ts:200:13)

    console.log
      [LoginFlowTracer] Trace started: f5fae8aa-bf25-4955-928c-3b2d52b053cd

      at log (src/lib/auth/LoginFlowTracer.ts:52:15)

    console.log
      [useLoginForm] Login flow started { traceId: 'f5fae8aa-bf25-4955-928c-3b2d52b053cd' }

      at Object.log [as onSubmit] (src/hooks/useLoginForm.ts:208:13)

    console.log
      [useLoginForm] Calling API client login method { traceId: 'f5fae8aa-bf25-4955-928c-3b2d52b053cd' }

      at Object.log [as onSubmit] (src/hooks/useLoginForm.ts:230:15)

    console.error
      [useLoginForm] Login failed {
        error: 'Invalid email or password',
        traceId: 'f5fae8aa-bf25-4955-928c-3b2d52b053cd'
      }

      259 |       } else {
      260 |         // Login failed - handle error
    > 261 |         console.error('[useLoginForm] Login failed', { error: result.error, traceId });
          |                 ^
      262 |         
      263 |         // Record attempt for authentication errors
      264 |         if (result.error === 'Invalid email or password') {

      at Object.error [as onSubmit] (src/hooks/useLoginForm.ts:261:17)
      at src/hooks/useLoginForm.test.tsx:842:13

    console.log
      Form submission started

      at Object.log [as onSubmit] (src/hooks/useLoginForm.ts:200:13)

    console.log
      [LoginFlowTracer] Trace started: f055a095-8bd4-4158-b0a0-7d99a0ede788

      at log (src/lib/auth/LoginFlowTracer.ts:52:15)

    console.log
      [useLoginForm] Login flow started { traceId: 'f055a095-8bd4-4158-b0a0-7d99a0ede788' }

      at Object.log [as onSubmit] (src/hooks/useLoginForm.ts:208:13)

    console.log
      [useLoginForm] Calling API client login method { traceId: 'f055a095-8bd4-4158-b0a0-7d99a0ede788' }

      at Object.log [as onSubmit] (src/hooks/useLoginForm.ts:230:15)

    console.error
      [useLoginForm] Login failed {
        error: 'Invalid email or password',
        traceId: 'f055a095-8bd4-4158-b0a0-7d99a0ede788'
      }

      259 |       } else {
      260 |         // Login failed - handle error
    > 261 |         console.error('[useLoginForm] Login failed', { error: result.error, traceId });
          |                 ^
      262 |         
      263 |         // Record attempt for authentication errors
      264 |         if (result.error === 'Invalid email or password') {

      at Object.error [as onSubmit] (src/hooks/useLoginForm.ts:261:17)
      at src/hooks/useLoginForm.test.tsx:842:13

    console.log
      [useLoginForm] Initiating redirect to dashboard { traceId: 'd34fd8be-8802-4f05-912a-ee741a113dd7' }

      at log (src/hooks/useLoginForm.ts:254:19)

    console.log
      Form submission started

      at Object.log [as onSubmit] (src/hooks/useLoginForm.ts:200:13)

    console.log
      [LoginFlowTracer] Trace started: 5f812715-4b22-4ec9-b723-1cadb58b4504

      at log (src/lib/auth/LoginFlowTracer.ts:52:15)

    console.log
      [useLoginForm] Login flow started { traceId: '5f812715-4b22-4ec9-b723-1cadb58b4504' }

      at Object.log [as onSubmit] (src/hooks/useLoginForm.ts:208:13)

    console.log
      [useLoginForm] Calling API client login method { traceId: '5f812715-4b22-4ec9-b723-1cadb58b4504' }

      at Object.log [as onSubmit] (src/hooks/useLoginForm.ts:230:15)

    console.error
      [useLoginForm] Login failed {
        error: 'Invalid email or password',
        traceId: '5f812715-4b22-4ec9-b723-1cadb58b4504'
      }

      259 |       } else {
      260 |         // Login failed - handle error
    > 261 |         console.error('[useLoginForm] Login failed', { error: result.error, traceId });
          |                 ^
      262 |         
      263 |         // Record attempt for authentication errors
      264 |         if (result.error === 'Invalid email or password') {

      at Object.error [as onSubmit] (src/hooks/useLoginForm.ts:261:17)
      at src/hooks/useLoginForm.test.tsx:842:13

    console.log
      Form submission started

      at Object.log [as onSubmit] (src/hooks/useLoginForm.ts:200:13)

    console.log
      [LoginFlowTracer] Trace started: 999c2c6b-ff61-45e2-b37f-8c78ba38682a

      at log (src/lib/auth/LoginFlowTracer.ts:52:15)

    console.log
      [useLoginForm] Login flow started { traceId: '999c2c6b-ff61-45e2-b37f-8c78ba38682a' }

      at Object.log [as onSubmit] (src/hooks/useLoginForm.ts:208:13)

    console.log
      [useLoginForm] Calling API client login method { traceId: '999c2c6b-ff61-45e2-b37f-8c78ba38682a' }

      at Object.log [as onSubmit] (src/hooks/useLoginForm.ts:230:15)

    console.error
      [useLoginForm] Login failed {
        error: 'Invalid email or password',
        traceId: '999c2c6b-ff61-45e2-b37f-8c78ba38682a'
      }

      259 |       } else {
      260 |         // Login failed - handle error
    > 261 |         console.error('[useLoginForm] Login failed', { error: result.error, traceId });
          |                 ^
      262 |         
      263 |         // Record attempt for authentication errors
      264 |         if (result.error === 'Invalid email or password') {

      at Object.error [as onSubmit] (src/hooks/useLoginForm.ts:261:17)
      at src/hooks/useLoginForm.test.tsx:842:13

    console.log
      Form submission started

      at Object.log [as onSubmit] (src/hooks/useLoginForm.ts:200:13)

    console.log
      [LoginFlowTracer] Trace started: c42bf245-e898-4cda-8945-6dfceab75914

      at log (src/lib/auth/LoginFlowTracer.ts:52:15)

    console.log
      [useLoginForm] Login flow started { traceId: 'c42bf245-e898-4cda-8945-6dfceab75914' }

      at Object.log [as onSubmit] (src/hooks/useLoginForm.ts:208:13)

    console.log
      [useLoginForm] Calling API client login method { traceId: 'c42bf245-e898-4cda-8945-6dfceab75914' }

      at Object.log [as onSubmit] (src/hooks/useLoginForm.ts:230:15)

    console.error
      [useLoginForm] Login failed {
        error: 'Invalid email or password',
        traceId: 'c42bf245-e898-4cda-8945-6dfceab75914'
      }

      259 |       } else {
      260 |         // Login failed - handle error
    > 261 |         console.error('[useLoginForm] Login failed', { error: result.error, traceId });
          |                 ^
      262 |         
      263 |         // Record attempt for authentication errors
      264 |         if (result.error === 'Invalid email or password') {

      at Object.error [as onSubmit] (src/hooks/useLoginForm.ts:261:17)
      at src/hooks/useLoginForm.test.tsx:842:13

    console.log
      Form submission started

      at Object.log [as onSubmit] (src/hooks/useLoginForm.ts:200:13)

    console.log
      [LoginFlowTracer] Trace started: 0dca56c3-eabf-48eb-82a0-6760a5e62ef5

      at log (src/lib/auth/LoginFlowTracer.ts:52:15)

    console.log
      [useLoginForm] Login flow started { traceId: '0dca56c3-eabf-48eb-82a0-6760a5e62ef5' }

      at Object.log [as onSubmit] (src/hooks/useLoginForm.ts:208:13)

    console.log
      [useLoginForm] Calling API client login method { traceId: '0dca56c3-eabf-48eb-82a0-6760a5e62ef5' }

      at Object.log [as onSubmit] (src/hooks/useLoginForm.ts:230:15)

    console.error
      [useLoginForm] Login failed {
        error: 'Invalid email or password',
        traceId: '0dca56c3-eabf-48eb-82a0-6760a5e62ef5'
      }

      259 |       } else {
      260 |         // Login failed - handle error
    > 261 |         console.error('[useLoginForm] Login failed', { error: result.error, traceId });
          |                 ^
      262 |         
      263 |         // Record attempt for authentication errors
      264 |         if (result.error === 'Invalid email or password') {

      at Object.error [as onSubmit] (src/hooks/useLoginForm.ts:261:17)
      at src/hooks/useLoginForm.test.tsx:842:13

    console.log
      Form submission started

      at Object.log [as onSubmit] (src/hooks/useLoginForm.ts:200:13)

    console.log
      [LoginFlowTracer] Trace started: 154a9264-7ffb-41aa-ac29-85e9987af5ee

      at log (src/lib/auth/LoginFlowTracer.ts:52:15)

    console.log
      [useLoginForm] Login flow started { traceId: '154a9264-7ffb-41aa-ac29-85e9987af5ee' }

      at Object.log [as onSubmit] (src/hooks/useLoginForm.ts:208:13)

    console.log
      [useLoginForm] Calling API client login method { traceId: '154a9264-7ffb-41aa-ac29-85e9987af5ee' }

      at Object.log [as onSubmit] (src/hooks/useLoginForm.ts:230:15)

    console.error
      [useLoginForm] Login failed {
        error: 'Invalid email or password',
        traceId: '154a9264-7ffb-41aa-ac29-85e9987af5ee'
      }

      259 |       } else {
      260 |         // Login failed - handle error
    > 261 |         console.error('[useLoginForm] Login failed', { error: result.error, traceId });
          |                 ^
      262 |         
      263 |         // Record attempt for authentication errors
      264 |         if (result.error === 'Invalid email or password') {

      at Object.error [as onSubmit] (src/hooks/useLoginForm.ts:261:17)
      at src/hooks/useLoginForm.test.tsx:842:13

    console.log
      [useLoginForm] Initiating redirect to dashboard { traceId: '8b57766d-ea78-4c2c-9d29-369395ce216e' }

      at log (src/hooks/useLoginForm.ts:254:19)

    console.log
      Form submission started

      at Object.log [as onSubmit] (src/hooks/useLoginForm.ts:200:13)

    console.log
      [LoginFlowTracer] Trace started: 66fe089c-41f0-4094-bab1-3d60ef7df666

      at log (src/lib/auth/LoginFlowTracer.ts:52:15)

    console.log
      [useLoginForm] Login flow started { traceId: '66fe089c-41f0-4094-bab1-3d60ef7df666' }

      at Object.log [as onSubmit] (src/hooks/useLoginForm.ts:208:13)

    console.log
      [useLoginForm] Calling API client login method { traceId: '66fe089c-41f0-4094-bab1-3d60ef7df666' }

      at Object.log [as onSubmit] (src/hooks/useLoginForm.ts:230:15)

    console.error
      [useLoginForm] Login failed {
        error: 'Invalid email or password',
        traceId: '66fe089c-41f0-4094-bab1-3d60ef7df666'
      }

      259 |       } else {
      260 |         // Login failed - handle error
    > 261 |         console.error('[useLoginForm] Login failed', { error: result.error, traceId });
          |                 ^
      262 |         
      263 |         // Record attempt for authentication errors
      264 |         if (result.error === 'Invalid email or password') {

      at Object.error [as onSubmit] (src/hooks/useLoginForm.ts:261:17)
      at src/hooks/useLoginForm.test.tsx:842:13

    console.log
      Form submission started

      at Object.log [as onSubmit] (src/hooks/useLoginForm.ts:200:13)

    console.log
      [LoginFlowTracer] Trace started: c9eaf4c3-de0a-45df-8d9f-6a0b6abd37b8

      at log (src/lib/auth/LoginFlowTracer.ts:52:15)

    console.log
      [useLoginForm] Login flow started { traceId: 'c9eaf4c3-de0a-45df-8d9f-6a0b6abd37b8' }

      at Object.log [as onSubmit] (src/hooks/useLoginForm.ts:208:13)

    console.log
      [useLoginForm] Calling API client login method { traceId: 'c9eaf4c3-de0a-45df-8d9f-6a0b6abd37b8' }

      at Object.log [as onSubmit] (src/hooks/useLoginForm.ts:230:15)

    console.error
      [useLoginForm] Login failed {
        error: 'Invalid email or password',
        traceId: 'c9eaf4c3-de0a-45df-8d9f-6a0b6abd37b8'
      }

      259 |       } else {
      260 |         // Login failed - handle error
    > 261 |         console.error('[useLoginForm] Login failed', { error: result.error, traceId });
          |                 ^
      262 |         
      263 |         // Record attempt for authentication errors
      264 |         if (result.error === 'Invalid email or password') {

      at Object.error [as onSubmit] (src/hooks/useLoginForm.ts:261:17)
      at src/hooks/useLoginForm.test.tsx:842:13

    console.log
      Form submission started

      at Object.log [as onSubmit] (src/hooks/useLoginForm.ts:200:13)

    console.log
      [LoginFlowTracer] Trace started: d3ca39e5-b2f4-411e-b71d-71d084851aaf

      at log (src/lib/auth/LoginFlowTracer.ts:52:15)

    console.log
      [useLoginForm] Login flow started { traceId: 'd3ca39e5-b2f4-411e-b71d-71d084851aaf' }

      at Object.log [as onSubmit] (src/hooks/useLoginForm.ts:208:13)

    console.log
      [useLoginForm] Calling API client login method { traceId: 'd3ca39e5-b2f4-411e-b71d-71d084851aaf' }

      at Object.log [as onSubmit] (src/hooks/useLoginForm.ts:230:15)

    console.error
      [useLoginForm] Login failed {
        error: 'Invalid email or password',
        traceId: 'd3ca39e5-b2f4-411e-b71d-71d084851aaf'
      }

      259 |       } else {
      260 |         // Login failed - handle error
    > 261 |         console.error('[useLoginForm] Login failed', { error: result.error, traceId });
          |                 ^
      262 |         
      263 |         // Record attempt for authentication errors
      264 |         if (result.error === 'Invalid email or password') {

      at Object.error [as onSubmit] (src/hooks/useLoginForm.ts:261:17)
      at src/hooks/useLoginForm.test.tsx:842:13

    console.log
      Form submission started

      at Object.log [as onSubmit] (src/hooks/useLoginForm.ts:200:13)

    console.log
      [LoginFlowTracer] Trace started: 291639ee-c4f6-4704-a51d-269e4b788d40

      at log (src/lib/auth/LoginFlowTracer.ts:52:15)

    console.log
      [useLoginForm] Login flow started { traceId: '291639ee-c4f6-4704-a51d-269e4b788d40' }

      at Object.log [as onSubmit] (src/hooks/useLoginForm.ts:208:13)

    console.log
      [useLoginForm] Calling API client login method { traceId: '291639ee-c4f6-4704-a51d-269e4b788d40' }

      at Object.log [as onSubmit] (src/hooks/useLoginForm.ts:230:15)

    console.error
      [useLoginForm] Login failed {
        error: 'Invalid email or password',
        traceId: '291639ee-c4f6-4704-a51d-269e4b788d40'
      }

      259 |       } else {
      260 |         // Login failed - handle error
    > 261 |         console.error('[useLoginForm] Login failed', { error: result.error, traceId });
          |                 ^
      262 |         
      263 |         // Record attempt for authentication errors
      264 |         if (result.error === 'Invalid email or password') {

      at Object.error [as onSubmit] (src/hooks/useLoginForm.ts:261:17)
      at src/hooks/useLoginForm.test.tsx:842:13

    console.log
      Form submission started

      at Object.log [as onSubmit] (src/hooks/useLoginForm.ts:200:13)

    console.log
      [LoginFlowTracer] Trace started: 8e7f8129-27cd-41cc-984c-e6e3c96da348

      at log (src/lib/auth/LoginFlowTracer.ts:52:15)

    console.log
      [useLoginForm] Login flow started { traceId: '8e7f8129-27cd-41cc-984c-e6e3c96da348' }

      at Object.log [as onSubmit] (src/hooks/useLoginForm.ts:208:13)

    console.log
      [useLoginForm] Calling API client login method { traceId: '8e7f8129-27cd-41cc-984c-e6e3c96da348' }

      at Object.log [as onSubmit] (src/hooks/useLoginForm.ts:230:15)

    console.error
      [useLoginForm] Login failed {
        error: 'Invalid email or password',
        traceId: '8e7f8129-27cd-41cc-984c-e6e3c96da348'
      }

      259 |       } else {
      260 |         // Login failed - handle error
    > 261 |         console.error('[useLoginForm] Login failed', { error: result.error, traceId });
          |                 ^
      262 |         
      263 |         // Record attempt for authentication errors
      264 |         if (result.error === 'Invalid email or password') {

      at Object.error [as onSubmit] (src/hooks/useLoginForm.ts:261:17)
      at src/hooks/useLoginForm.test.tsx:842:13

    console.log
      Form submission started

      at Object.log [as onSubmit] (src/hooks/useLoginForm.ts:200:13)

    console.log
      [LoginFlowTracer] Trace started: ee59362f-a0ef-4b3b-838e-6de75144e542

      at log (src/lib/auth/LoginFlowTracer.ts:52:15)

    console.log
      [useLoginForm] Login flow started { traceId: 'ee59362f-a0ef-4b3b-838e-6de75144e542' }

      at Object.log [as onSubmit] (src/hooks/useLoginForm.ts:208:13)

    console.log
      [useLoginForm] Calling API client login method { traceId: 'ee59362f-a0ef-4b3b-838e-6de75144e542' }

      at Object.log [as onSubmit] (src/hooks/useLoginForm.ts:230:15)

    console.error
      [useLoginForm] Login failed {
        error: 'Invalid email or password',
        traceId: 'ee59362f-a0ef-4b3b-838e-6de75144e542'
      }

      259 |       } else {
      260 |         // Login failed - handle error
    > 261 |         console.error('[useLoginForm] Login failed', { error: result.error, traceId });
          |                 ^
      262 |         
      263 |         // Record attempt for authentication errors
      264 |         if (result.error === 'Invalid email or password') {

      at Object.error [as onSubmit] (src/hooks/useLoginForm.ts:261:17)
      at src/hooks/useLoginForm.test.tsx:842:13

    console.log
      Form submission started

      at Object.log [as onSubmit] (src/hooks/useLoginForm.ts:200:13)

    console.log
      [LoginFlowTracer] Trace started: 80f951ff-378f-426b-80dc-6fdce59a1ff3

      at log (src/lib/auth/LoginFlowTracer.ts:52:15)

    console.log
      [useLoginForm] Login flow started { traceId: '80f951ff-378f-426b-80dc-6fdce59a1ff3' }

      at Object.log [as onSubmit] (src/hooks/useLoginForm.ts:208:13)

    console.log
      [useLoginForm] Calling API client login method { traceId: '80f951ff-378f-426b-80dc-6fdce59a1ff3' }

      at Object.log [as onSubmit] (src/hooks/useLoginForm.ts:230:15)

    console.error
      [useLoginForm] Login failed {
        error: 'Invalid email or password',
        traceId: '80f951ff-378f-426b-80dc-6fdce59a1ff3'
      }

      259 |       } else {
      260 |         // Login failed - handle error
    > 261 |         console.error('[useLoginForm] Login failed', { error: result.error, traceId });
          |                 ^
      262 |         
      263 |         // Record attempt for authentication errors
      264 |         if (result.error === 'Invalid email or password') {

      at Object.error [as onSubmit] (src/hooks/useLoginForm.ts:261:17)
      at src/hooks/useLoginForm.test.tsx:842:13

    console.log
      Form submission started

      at Object.log [as onSubmit] (src/hooks/useLoginForm.ts:200:13)

    console.log
      [LoginFlowTracer] Trace started: b8bda149-eef1-4477-83d0-044a6b9317f5

      at log (src/lib/auth/LoginFlowTracer.ts:52:15)

    console.log
      [useLoginForm] Login flow started { traceId: 'b8bda149-eef1-4477-83d0-044a6b9317f5' }

      at Object.log [as onSubmit] (src/hooks/useLoginForm.ts:208:13)

    console.log
      [useLoginForm] Calling API client login method { traceId: 'b8bda149-eef1-4477-83d0-044a6b9317f5' }

      at Object.log [as onSubmit] (src/hooks/useLoginForm.ts:230:15)

    console.error
      [useLoginForm] Login failed {
        error: 'Invalid email or password',
        traceId: 'b8bda149-eef1-4477-83d0-044a6b9317f5'
      }

      259 |       } else {
      260 |         // Login failed - handle error
    > 261 |         console.error('[useLoginForm] Login failed', { error: result.error, traceId });
          |                 ^
      262 |         
      263 |         // Record attempt for authentication errors
      264 |         if (result.error === 'Invalid email or password') {

      at Object.error [as onSubmit] (src/hooks/useLoginForm.ts:261:17)
      at src/hooks/useLoginForm.test.tsx:842:13

    console.log
      Form submission started

      at Object.log [as onSubmit] (src/hooks/useLoginForm.ts:200:13)

    console.log
      [LoginFlowTracer] Trace started: c77ed750-dc42-4eca-9a44-ade0b05e12eb

      at log (src/lib/auth/LoginFlowTracer.ts:52:15)

    console.log
      [useLoginForm] Login flow started { traceId: 'c77ed750-dc42-4eca-9a44-ade0b05e12eb' }

      at Object.log [as onSubmit] (src/hooks/useLoginForm.ts:208:13)

    console.log
      [useLoginForm] Calling API client login method { traceId: 'c77ed750-dc42-4eca-9a44-ade0b05e12eb' }

      at Object.log [as onSubmit] (src/hooks/useLoginForm.ts:230:15)

    console.error
      [useLoginForm] Login failed {
        error: 'Invalid email or password',
        traceId: 'c77ed750-dc42-4eca-9a44-ade0b05e12eb'
      }

      259 |       } else {
      260 |         // Login failed - handle error
    > 261 |         console.error('[useLoginForm] Login failed', { error: result.error, traceId });
          |                 ^
      262 |         
      263 |         // Record attempt for authentication errors
      264 |         if (result.error === 'Invalid email or password') {

      at Object.error [as onSubmit] (src/hooks/useLoginForm.ts:261:17)
      at src/hooks/useLoginForm.test.tsx:842:13

    console.log
      Form submission started

      at Object.log [as onSubmit] (src/hooks/useLoginForm.ts:200:13)

    console.log
      [LoginFlowTracer] Trace started: ecd0c756-5de1-49c0-be7b-2b5dbc144370

      at log (src/lib/auth/LoginFlowTracer.ts:52:15)

    console.log
      [useLoginForm] Login flow started { traceId: 'ecd0c756-5de1-49c0-be7b-2b5dbc144370' }

      at Object.log [as onSubmit] (src/hooks/useLoginForm.ts:208:13)

    console.log
      [useLoginForm] Calling API client login method { traceId: 'ecd0c756-5de1-49c0-be7b-2b5dbc144370' }

      at Object.log [as onSubmit] (src/hooks/useLoginForm.ts:230:15)

    console.error
      [useLoginForm] Login failed {
        error: 'Invalid email or password',
        traceId: 'ecd0c756-5de1-49c0-be7b-2b5dbc144370'
      }

      259 |       } else {
      260 |         // Login failed - handle error
    > 261 |         console.error('[useLoginForm] Login failed', { error: result.error, traceId });
          |                 ^
      262 |         
      263 |         // Record attempt for authentication errors
      264 |         if (result.error === 'Invalid email or password') {

      at Object.error [as onSubmit] (src/hooks/useLoginForm.ts:261:17)
      at src/hooks/useLoginForm.test.tsx:842:13

    console.log
      Form submission started

      at Object.log [as onSubmit] (src/hooks/useLoginForm.ts:200:13)

    console.log
      [LoginFlowTracer] Trace started: c217a2a2-7dfc-439c-b261-fdc97d1157b1

      at log (src/lib/auth/LoginFlowTracer.ts:52:15)

    console.log
      [useLoginForm] Login flow started { traceId: 'c217a2a2-7dfc-439c-b261-fdc97d1157b1' }

      at Object.log [as onSubmit] (src/hooks/useLoginForm.ts:208:13)

    console.log
      [useLoginForm] Calling API client login method { traceId: 'c217a2a2-7dfc-439c-b261-fdc97d1157b1' }

      at Object.log [as onSubmit] (src/hooks/useLoginForm.ts:230:15)

    console.error
      [useLoginForm] Login failed {
        error: 'Invalid email or password',
        traceId: 'c217a2a2-7dfc-439c-b261-fdc97d1157b1'
      }

      259 |       } else {
      260 |         // Login failed - handle error
    > 261 |         console.error('[useLoginForm] Login failed', { error: result.error, traceId });
          |                 ^
      262 |         
      263 |         // Record attempt for authentication errors
      264 |         if (result.error === 'Invalid email or password') {

      at Object.error [as onSubmit] (src/hooks/useLoginForm.ts:261:17)
      at src/hooks/useLoginForm.test.tsx:842:13

    console.log
      Form submission started

      at Object.log [as onSubmit] (src/hooks/useLoginForm.ts:200:13)

    console.log
      [LoginFlowTracer] Trace started: 1dc59e6f-6582-4d18-aa61-7e7653fc115d

      at log (src/lib/auth/LoginFlowTracer.ts:52:15)

    console.log
      [useLoginForm] Login flow started { traceId: '1dc59e6f-6582-4d18-aa61-7e7653fc115d' }

      at Object.log [as onSubmit] (src/hooks/useLoginForm.ts:208:13)

    console.log
      [useLoginForm] Calling API client login method { traceId: '1dc59e6f-6582-4d18-aa61-7e7653fc115d' }

      at Object.log [as onSubmit] (src/hooks/useLoginForm.ts:230:15)

    console.error
      [useLoginForm] Login failed {
        error: 'Invalid email or password',
        traceId: '1dc59e6f-6582-4d18-aa61-7e7653fc115d'
      }

      259 |       } else {
      260 |         // Login failed - handle error
    > 261 |         console.error('[useLoginForm] Login failed', { error: result.error, traceId });
          |                 ^
      262 |         
      263 |         // Record attempt for authentication errors
      264 |         if (result.error === 'Invalid email or password') {

      at Object.error [as onSubmit] (src/hooks/useLoginForm.ts:261:17)
      at src/hooks/useLoginForm.test.tsx:842:13

    console.log
      Form submission started

      at Object.log [as onSubmit] (src/hooks/useLoginForm.ts:200:13)

    console.log
      [LoginFlowTracer] Trace started: 1a0c9916-cbe0-4c2e-af3f-d2ca3762904d

      at log (src/lib/auth/LoginFlowTracer.ts:52:15)

    console.log
      [useLoginForm] Login flow started { traceId: '1a0c9916-cbe0-4c2e-af3f-d2ca3762904d' }

      at Object.log [as onSubmit] (src/hooks/useLoginForm.ts:208:13)

    console.log
      [useLoginForm] Calling API client login method { traceId: '1a0c9916-cbe0-4c2e-af3f-d2ca3762904d' }

      at Object.log [as onSubmit] (src/hooks/useLoginForm.ts:230:15)

    console.error
      [useLoginForm] Login failed {
        error: 'Invalid email or password',
        traceId: '1a0c9916-cbe0-4c2e-af3f-d2ca3762904d'
      }

      259 |       } else {
      260 |         // Login failed - handle error
    > 261 |         console.error('[useLoginForm] Login failed', { error: result.error, traceId });
          |                 ^
      262 |         
      263 |         // Record attempt for authentication errors
      264 |         if (result.error === 'Invalid email or password') {

      at Object.error [as onSubmit] (src/hooks/useLoginForm.ts:261:17)
      at src/hooks/useLoginForm.test.tsx:842:13

    console.log
      Form submission started

      at Object.log [as onSubmit] (src/hooks/useLoginForm.ts:200:13)

    console.log
      [LoginFlowTracer] Trace started: a9e9f43c-41ab-436b-9a71-706ae9240c64

      at log (src/lib/auth/LoginFlowTracer.ts:52:15)

    console.log
      [useLoginForm] Login flow started { traceId: 'a9e9f43c-41ab-436b-9a71-706ae9240c64' }

      at Object.log [as onSubmit] (src/hooks/useLoginForm.ts:208:13)

    console.log
      [useLoginForm] Calling API client login method { traceId: 'a9e9f43c-41ab-436b-9a71-706ae9240c64' }

      at Object.log [as onSubmit] (src/hooks/useLoginForm.ts:230:15)

    console.error
      [useLoginForm] Login failed {
        error: 'Invalid email or password',
        traceId: 'a9e9f43c-41ab-436b-9a71-706ae9240c64'
      }

      259 |       } else {
      260 |         // Login failed - handle error
    > 261 |         console.error('[useLoginForm] Login failed', { error: result.error, traceId });
          |                 ^
      262 |         
      263 |         // Record attempt for authentication errors
      264 |         if (result.error === 'Invalid email or password') {

      at Object.error [as onSubmit] (src/hooks/useLoginForm.ts:261:17)
      at src/hooks/useLoginForm.test.tsx:842:13

    console.log
      Form submission started

      at Object.log [as onSubmit] (src/hooks/useLoginForm.ts:200:13)

    console.log
      [LoginFlowTracer] Trace started: a50a4853-34d7-4ea0-ae82-d5e3adbd7e60

      at log (src/lib/auth/LoginFlowTracer.ts:52:15)

    console.log
      [useLoginForm] Login flow started { traceId: 'a50a4853-34d7-4ea0-ae82-d5e3adbd7e60' }

      at Object.log [as onSubmit] (src/hooks/useLoginForm.ts:208:13)

    console.log
      [useLoginForm] Calling API client login method { traceId: 'a50a4853-34d7-4ea0-ae82-d5e3adbd7e60' }

      at Object.log [as onSubmit] (src/hooks/useLoginForm.ts:230:15)

    console.error
      [useLoginForm] Login failed {
        error: 'Invalid email or password',
        traceId: 'a50a4853-34d7-4ea0-ae82-d5e3adbd7e60'
      }

      259 |       } else {
      260 |         // Login failed - handle error
    > 261 |         console.error('[useLoginForm] Login failed', { error: result.error, traceId });
          |                 ^
      262 |         
      263 |         // Record attempt for authentication errors
      264 |         if (result.error === 'Invalid email or password') {

      at Object.error [as onSubmit] (src/hooks/useLoginForm.ts:261:17)
      at src/hooks/useLoginForm.test.tsx:842:13

    console.log
      Form submission started

      at Object.log [as onSubmit] (src/hooks/useLoginForm.ts:200:13)

    console.log
      [LoginFlowTracer] Trace started: 4eae463e-c3de-4e8c-abaf-4052eabc94eb

      at log (src/lib/auth/LoginFlowTracer.ts:52:15)

    console.log
      [useLoginForm] Login flow started { traceId: '4eae463e-c3de-4e8c-abaf-4052eabc94eb' }

      at Object.log [as onSubmit] (src/hooks/useLoginForm.ts:208:13)

    console.log
      [useLoginForm] Calling API client login method { traceId: '4eae463e-c3de-4e8c-abaf-4052eabc94eb' }

      at Object.log [as onSubmit] (src/hooks/useLoginForm.ts:230:15)

    console.error
      [useLoginForm] Login failed {
        error: 'Invalid email or password',
        traceId: '4eae463e-c3de-4e8c-abaf-4052eabc94eb'
      }

      259 |       } else {
      260 |         // Login failed - handle error
    > 261 |         console.error('[useLoginForm] Login failed', { error: result.error, traceId });
          |                 ^
      262 |         
      263 |         // Record attempt for authentication errors
      264 |         if (result.error === 'Invalid email or password') {

      at Object.error [as onSubmit] (src/hooks/useLoginForm.ts:261:17)
      at src/hooks/useLoginForm.test.tsx:842:13

    console.log
      Form submission started

      at Object.log [as onSubmit] (src/hooks/useLoginForm.ts:200:13)

    console.log
      [LoginFlowTracer] Trace started: f488928a-a559-4c21-8e6b-af79020174da

      at log (src/lib/auth/LoginFlowTracer.ts:52:15)

    console.log
      [useLoginForm] Login flow started { traceId: 'f488928a-a559-4c21-8e6b-af79020174da' }

      at Object.log [as onSubmit] (src/hooks/useLoginForm.ts:208:13)

    console.log
      [useLoginForm] Calling API client login method { traceId: 'f488928a-a559-4c21-8e6b-af79020174da' }

      at Object.log [as onSubmit] (src/hooks/useLoginForm.ts:230:15)

    console.error
      [useLoginForm] Login failed {
        error: 'Invalid email or password',
        traceId: 'f488928a-a559-4c21-8e6b-af79020174da'
      }

      259 |       } else {
      260 |         // Login failed - handle error
    > 261 |         console.error('[useLoginForm] Login failed', { error: result.error, traceId });
          |                 ^
      262 |         
      263 |         // Record attempt for authentication errors
      264 |         if (result.error === 'Invalid email or password') {

      at Object.error [as onSubmit] (src/hooks/useLoginForm.ts:261:17)
      at src/hooks/useLoginForm.test.tsx:842:13

    console.log
      Form submission started

      at Object.log [as onSubmit] (src/hooks/useLoginForm.ts:200:13)

    console.log
      [LoginFlowTracer] Trace started: 7e19b7bb-38cd-418c-ab95-8fbd0eff18de

      at log (src/lib/auth/LoginFlowTracer.ts:52:15)

    console.log
      [useLoginForm] Login flow started { traceId: '7e19b7bb-38cd-418c-ab95-8fbd0eff18de' }

      at Object.log [as onSubmit] (src/hooks/useLoginForm.ts:208:13)

    console.log
      [useLoginForm] Calling API client login method { traceId: '7e19b7bb-38cd-418c-ab95-8fbd0eff18de' }

      at Object.log [as onSubmit] (src/hooks/useLoginForm.ts:230:15)

    console.error
      [useLoginForm] Login failed {
        error: 'Invalid email or password',
        traceId: '7e19b7bb-38cd-418c-ab95-8fbd0eff18de'
      }

      259 |       } else {
      260 |         // Login failed - handle error
    > 261 |         console.error('[useLoginForm] Login failed', { error: result.error, traceId });
          |                 ^
      262 |         
      263 |         // Record attempt for authentication errors
      264 |         if (result.error === 'Invalid email or password') {

      at Object.error [as onSubmit] (src/hooks/useLoginForm.ts:261:17)
      at src/hooks/useLoginForm.test.tsx:842:13

    console.log
      Form submission started

      at Object.log [as onSubmit] (src/hooks/useLoginForm.ts:200:13)

    console.log
      [LoginFlowTracer] Trace started: 47492ad7-2dd7-45f4-84b7-4a37be3c8f15

      at log (src/lib/auth/LoginFlowTracer.ts:52:15)

    console.log
      [useLoginForm] Login flow started { traceId: '47492ad7-2dd7-45f4-84b7-4a37be3c8f15' }

      at Object.log [as onSubmit] (src/hooks/useLoginForm.ts:208:13)

    console.log
      [useLoginForm] Calling API client login method { traceId: '47492ad7-2dd7-45f4-84b7-4a37be3c8f15' }

      at Object.log [as onSubmit] (src/hooks/useLoginForm.ts:230:15)

    console.error
      [useLoginForm] Login failed {
        error: 'Invalid email or password',
        traceId: '47492ad7-2dd7-45f4-84b7-4a37be3c8f15'
      }

      259 |       } else {
      260 |         // Login failed - handle error
    > 261 |         console.error('[useLoginForm] Login failed', { error: result.error, traceId });
          |                 ^
      262 |         
      263 |         // Record attempt for authentication errors
      264 |         if (result.error === 'Invalid email or password') {

      at Object.error [as onSubmit] (src/hooks/useLoginForm.ts:261:17)
      at src/hooks/useLoginForm.test.tsx:842:13

    console.log
      Form submission started

      at Object.log [as onSubmit] (src/hooks/useLoginForm.ts:200:13)

    console.log
      [LoginFlowTracer] Trace started: dd5aa4a5-a294-43d5-8318-fbe6d6739ee7

      at log (src/lib/auth/LoginFlowTracer.ts:52:15)

    console.log
      [useLoginForm] Login flow started { traceId: 'dd5aa4a5-a294-43d5-8318-fbe6d6739ee7' }

      at Object.log [as onSubmit] (src/hooks/useLoginForm.ts:208:13)

    console.log
      [useLoginForm] Calling API client login method { traceId: 'dd5aa4a5-a294-43d5-8318-fbe6d6739ee7' }

      at Object.log [as onSubmit] (src/hooks/useLoginForm.ts:230:15)

    console.error
      [useLoginForm] Login failed {
        error: 'Invalid email or password',
        traceId: 'dd5aa4a5-a294-43d5-8318-fbe6d6739ee7'
      }

      259 |       } else {
      260 |         // Login failed - handle error
    > 261 |         console.error('[useLoginForm] Login failed', { error: result.error, traceId });
          |                 ^
      262 |         
      263 |         // Record attempt for authentication errors
      264 |         if (result.error === 'Invalid email or password') {

      at Object.error [as onSubmit] (src/hooks/useLoginForm.ts:261:17)
      at src/hooks/useLoginForm.test.tsx:842:13

    console.log
      Form submission started

      at Object.log [as onSubmit] (src/hooks/useLoginForm.ts:200:13)

    console.log
      [LoginFlowTracer] Trace started: 83fa8061-e450-445c-89eb-b3ff711cf532

      at log (src/lib/auth/LoginFlowTracer.ts:52:15)

    console.log
      [useLoginForm] Login flow started { traceId: '83fa8061-e450-445c-89eb-b3ff711cf532' }

      at Object.log [as onSubmit] (src/hooks/useLoginForm.ts:208:13)

    console.log
      [useLoginForm] Calling API client login method { traceId: '83fa8061-e450-445c-89eb-b3ff711cf532' }

      at Object.log [as onSubmit] (src/hooks/useLoginForm.ts:230:15)

    console.error
      [useLoginForm] Login failed {
        error: 'Invalid email or password',
        traceId: '83fa8061-e450-445c-89eb-b3ff711cf532'
      }

      259 |       } else {
      260 |         // Login failed - handle error
    > 261 |         console.error('[useLoginForm] Login failed', { error: result.error, traceId });
          |                 ^
      262 |         
      263 |         // Record attempt for authentication errors
      264 |         if (result.error === 'Invalid email or password') {

      at Object.error [as onSubmit] (src/hooks/useLoginForm.ts:261:17)
      at src/hooks/useLoginForm.test.tsx:842:13

    console.log
      Form submission started

      at Object.log [as onSubmit] (src/hooks/useLoginForm.ts:200:13)

    console.log
      [LoginFlowTracer] Trace started: 1197fadb-7c24-4148-a335-ec617261dce4

      at log (src/lib/auth/LoginFlowTracer.ts:52:15)

    console.log
      [useLoginForm] Login flow started { traceId: '1197fadb-7c24-4148-a335-ec617261dce4' }

      at Object.log [as onSubmit] (src/hooks/useLoginForm.ts:208:13)

    console.log
      [useLoginForm] Calling API client login method { traceId: '1197fadb-7c24-4148-a335-ec617261dce4' }

      at Object.log [as onSubmit] (src/hooks/useLoginForm.ts:230:15)

    console.error
      [useLoginForm] Login failed {
        error: 'Invalid email or password',
        traceId: '1197fadb-7c24-4148-a335-ec617261dce4'
      }

      259 |       } else {
      260 |         // Login failed - handle error
    > 261 |         console.error('[useLoginForm] Login failed', { error: result.error, traceId });
          |                 ^
      262 |         
      263 |         // Record attempt for authentication errors
      264 |         if (result.error === 'Invalid email or password') {

      at Object.error [as onSubmit] (src/hooks/useLoginForm.ts:261:17)
      at src/hooks/useLoginForm.test.tsx:842:13

    console.log
      Form submission started

      at Object.log [as onSubmit] (src/hooks/useLoginForm.ts:200:13)

    console.log
      [LoginFlowTracer] Trace started: 8d8accb5-c8b2-4fef-a562-d43da05ee914

      at log (src/lib/auth/LoginFlowTracer.ts:52:15)

    console.log
      [useLoginForm] Login flow started { traceId: '8d8accb5-c8b2-4fef-a562-d43da05ee914' }

      at Object.log [as onSubmit] (src/hooks/useLoginForm.ts:208:13)

    console.log
      [useLoginForm] Calling API client login method { traceId: '8d8accb5-c8b2-4fef-a562-d43da05ee914' }

      at Object.log [as onSubmit] (src/hooks/useLoginForm.ts:230:15)

    console.error
      [useLoginForm] Login failed {
        error: 'Invalid email or password',
        traceId: '8d8accb5-c8b2-4fef-a562-d43da05ee914'
      }

      259 |       } else {
      260 |         // Login failed - handle error
    > 261 |         console.error('[useLoginForm] Login failed', { error: result.error, traceId });
          |                 ^
      262 |         
      263 |         // Record attempt for authentication errors
      264 |         if (result.error === 'Invalid email or password') {

      at Object.error [as onSubmit] (src/hooks/useLoginForm.ts:261:17)
      at src/hooks/useLoginForm.test.tsx:842:13

    console.log
      Form submission started

      at Object.log [as onSubmit] (src/hooks/useLoginForm.ts:200:13)

    console.log
      [LoginFlowTracer] Trace started: a6db82ed-f361-4c38-9ba6-bb7131088594

      at log (src/lib/auth/LoginFlowTracer.ts:52:15)

    console.log
      [useLoginForm] Login flow started { traceId: 'a6db82ed-f361-4c38-9ba6-bb7131088594' }

      at Object.log [as onSubmit] (src/hooks/useLoginForm.ts:208:13)

    console.log
      [useLoginForm] Calling API client login method { traceId: 'a6db82ed-f361-4c38-9ba6-bb7131088594' }

      at Object.log [as onSubmit] (src/hooks/useLoginForm.ts:230:15)

    console.error
      [useLoginForm] Login failed {
        error: 'Invalid email or password',
        traceId: 'a6db82ed-f361-4c38-9ba6-bb7131088594'
      }

      259 |       } else {
      260 |         // Login failed - handle error
    > 261 |         console.error('[useLoginForm] Login failed', { error: result.error, traceId });
          |                 ^
      262 |         
      263 |         // Record attempt for authentication errors
      264 |         if (result.error === 'Invalid email or password') {

      at Object.error [as onSubmit] (src/hooks/useLoginForm.ts:261:17)
      at src/hooks/useLoginForm.test.tsx:842:13

    console.log
      Form submission started

      at Object.log [as onSubmit] (src/hooks/useLoginForm.ts:200:13)

    console.log
      [LoginFlowTracer] Trace started: 5a91d993-547d-4e4a-a19e-313e750020e6

      at log (src/lib/auth/LoginFlowTracer.ts:52:15)

    console.log
      [useLoginForm] Login flow started { traceId: '5a91d993-547d-4e4a-a19e-313e750020e6' }

      at Object.log [as onSubmit] (src/hooks/useLoginForm.ts:208:13)

    console.log
      [useLoginForm] Calling API client login method { traceId: '5a91d993-547d-4e4a-a19e-313e750020e6' }

      at Object.log [as onSubmit] (src/hooks/useLoginForm.ts:230:15)

    console.error
      [useLoginForm] Login failed {
        error: 'Invalid email or password',
        traceId: '5a91d993-547d-4e4a-a19e-313e750020e6'
      }

      259 |       } else {
      260 |         // Login failed - handle error
    > 261 |         console.error('[useLoginForm] Login failed', { error: result.error, traceId });
          |                 ^
      262 |         
      263 |         // Record attempt for authentication errors
      264 |         if (result.error === 'Invalid email or password') {

      at Object.error [as onSubmit] (src/hooks/useLoginForm.ts:261:17)
      at src/hooks/useLoginForm.test.tsx:842:13

    console.log
      Form submission started

      at Object.log [as onSubmit] (src/hooks/useLoginForm.ts:200:13)

    console.log
      [LoginFlowTracer] Trace started: 65e805e5-af0d-4895-9e2b-b286c759facc

      at log (src/lib/auth/LoginFlowTracer.ts:52:15)

    console.log
      [useLoginForm] Login flow started { traceId: '65e805e5-af0d-4895-9e2b-b286c759facc' }

      at Object.log [as onSubmit] (src/hooks/useLoginForm.ts:208:13)

    console.log
      [useLoginForm] Calling API client login method { traceId: '65e805e5-af0d-4895-9e2b-b286c759facc' }

      at Object.log [as onSubmit] (src/hooks/useLoginForm.ts:230:15)

    console.error
      [useLoginForm] Login failed {
        error: 'Invalid email or password',
        traceId: '65e805e5-af0d-4895-9e2b-b286c759facc'
      }

      259 |       } else {
      260 |         // Login failed - handle error
    > 261 |         console.error('[useLoginForm] Login failed', { error: result.error, traceId });
          |                 ^
      262 |         
      263 |         // Record attempt for authentication errors
      264 |         if (result.error === 'Invalid email or password') {

      at Object.error [as onSubmit] (src/hooks/useLoginForm.ts:261:17)
      at src/hooks/useLoginForm.test.tsx:842:13

    console.log
      Form submission started

      at Object.log [as onSubmit] (src/hooks/useLoginForm.ts:200:13)

    console.log
      [LoginFlowTracer] Trace started: eb7f8645-6b12-42d6-8998-adfb0c6ffdb2

      at log (src/lib/auth/LoginFlowTracer.ts:52:15)

    console.log
      [useLoginForm] Login flow started { traceId: 'eb7f8645-6b12-42d6-8998-adfb0c6ffdb2' }

      at Object.log [as onSubmit] (src/hooks/useLoginForm.ts:208:13)

    console.log
      [useLoginForm] Calling API client login method { traceId: 'eb7f8645-6b12-42d6-8998-adfb0c6ffdb2' }

      at Object.log [as onSubmit] (src/hooks/useLoginForm.ts:230:15)

    console.error
      [useLoginForm] Login failed {
        error: 'Invalid email or password',
        traceId: 'eb7f8645-6b12-42d6-8998-adfb0c6ffdb2'
      }

      259 |       } else {
      260 |         // Login failed - handle error
    > 261 |         console.error('[useLoginForm] Login failed', { error: result.error, traceId });
          |                 ^
      262 |         
      263 |         // Record attempt for authentication errors
      264 |         if (result.error === 'Invalid email or password') {

      at Object.error [as onSubmit] (src/hooks/useLoginForm.ts:261:17)
      at src/hooks/useLoginForm.test.tsx:842:13

    console.log
      Form submission started

      at Object.log [as onSubmit] (src/hooks/useLoginForm.ts:200:13)

    console.log
      [LoginFlowTracer] Trace started: 3bffb1fc-d649-4e84-9569-45a0a7f9b275

      at log (src/lib/auth/LoginFlowTracer.ts:52:15)

    console.log
      [useLoginForm] Login flow started { traceId: '3bffb1fc-d649-4e84-9569-45a0a7f9b275' }

      at Object.log [as onSubmit] (src/hooks/useLoginForm.ts:208:13)

    console.log
      [useLoginForm] Calling API client login method { traceId: '3bffb1fc-d649-4e84-9569-45a0a7f9b275' }

      at Object.log [as onSubmit] (src/hooks/useLoginForm.ts:230:15)

    console.error
      [useLoginForm] Login failed {
        error: 'Invalid email or password',
        traceId: '3bffb1fc-d649-4e84-9569-45a0a7f9b275'
      }

      259 |       } else {
      260 |         // Login failed - handle error
    > 261 |         console.error('[useLoginForm] Login failed', { error: result.error, traceId });
          |                 ^
      262 |         
      263 |         // Record attempt for authentication errors
      264 |         if (result.error === 'Invalid email or password') {

      at Object.error [as onSubmit] (src/hooks/useLoginForm.ts:261:17)
      at src/hooks/useLoginForm.test.tsx:842:13

    console.log
      Form submission started

      at Object.log [as onSubmit] (src/hooks/useLoginForm.ts:200:13)

    console.log
      [LoginFlowTracer] Trace started: 02d808f9-2e7b-41d7-a5bf-27c40b39e5bd

      at log (src/lib/auth/LoginFlowTracer.ts:52:15)

    console.log
      [useLoginForm] Login flow started { traceId: '02d808f9-2e7b-41d7-a5bf-27c40b39e5bd' }

      at Object.log [as onSubmit] (src/hooks/useLoginForm.ts:208:13)

    console.log
      [useLoginForm] Calling API client login method { traceId: '02d808f9-2e7b-41d7-a5bf-27c40b39e5bd' }

      at Object.log [as onSubmit] (src/hooks/useLoginForm.ts:230:15)

    console.error
      [useLoginForm] Login failed {
        error: 'Invalid email or password',
        traceId: '02d808f9-2e7b-41d7-a5bf-27c40b39e5bd'
      }

      259 |       } else {
      260 |         // Login failed - handle error
    > 261 |         console.error('[useLoginForm] Login failed', { error: result.error, traceId });
          |                 ^
      262 |         
      263 |         // Record attempt for authentication errors
      264 |         if (result.error === 'Invalid email or password') {

      at Object.error [as onSubmit] (src/hooks/useLoginForm.ts:261:17)
      at src/hooks/useLoginForm.test.tsx:842:13

    console.log
      Form submission started

      at Object.log [as onSubmit] (src/hooks/useLoginForm.ts:200:13)

    console.log
      [LoginFlowTracer] Trace started: 0b09fd24-bf4e-4ad5-85a9-83f4e1ed1c97

      at log (src/lib/auth/LoginFlowTracer.ts:52:15)

    console.log
      [useLoginForm] Login flow started { traceId: '0b09fd24-bf4e-4ad5-85a9-83f4e1ed1c97' }

      at Object.log [as onSubmit] (src/hooks/useLoginForm.ts:208:13)

    console.log
      [useLoginForm] Calling API client login method { traceId: '0b09fd24-bf4e-4ad5-85a9-83f4e1ed1c97' }

      at Object.log [as onSubmit] (src/hooks/useLoginForm.ts:230:15)

    console.error
      [useLoginForm] Login failed {
        error: 'Invalid email or password',
        traceId: '0b09fd24-bf4e-4ad5-85a9-83f4e1ed1c97'
      }

      259 |       } else {
      260 |         // Login failed - handle error
    > 261 |         console.error('[useLoginForm] Login failed', { error: result.error, traceId });
          |                 ^
      262 |         
      263 |         // Record attempt for authentication errors
      264 |         if (result.error === 'Invalid email or password') {

      at Object.error [as onSubmit] (src/hooks/useLoginForm.ts:261:17)
      at src/hooks/useLoginForm.test.tsx:842:13

    console.log
      Form submission started

      at Object.log [as onSubmit] (src/hooks/useLoginForm.ts:200:13)

    console.log
      [LoginFlowTracer] Trace started: a37b258d-451c-4cde-8ef4-6b5f8251433d

      at log (src/lib/auth/LoginFlowTracer.ts:52:15)

    console.log
      [useLoginForm] Login flow started { traceId: 'a37b258d-451c-4cde-8ef4-6b5f8251433d' }

      at Object.log [as onSubmit] (src/hooks/useLoginForm.ts:208:13)

    console.log
      [useLoginForm] Calling API client login method { traceId: 'a37b258d-451c-4cde-8ef4-6b5f8251433d' }

      at Object.log [as onSubmit] (src/hooks/useLoginForm.ts:230:15)

    console.error
      [useLoginForm] Login failed {
        error: 'Invalid email or password',
        traceId: 'a37b258d-451c-4cde-8ef4-6b5f8251433d'
      }

      259 |       } else {
      260 |         // Login failed - handle error
    > 261 |         console.error('[useLoginForm] Login failed', { error: result.error, traceId });
          |                 ^
      262 |         
      263 |         // Record attempt for authentication errors
      264 |         if (result.error === 'Invalid email or password') {

      at Object.error [as onSubmit] (src/hooks/useLoginForm.ts:261:17)
      at src/hooks/useLoginForm.test.tsx:842:13

    console.log
      Form submission started

      at Object.log [as onSubmit] (src/hooks/useLoginForm.ts:200:13)

    console.log
      [LoginFlowTracer] Trace started: 465a6bb1-5ea2-4f53-8c52-b797662ff867

      at log (src/lib/auth/LoginFlowTracer.ts:52:15)

    console.log
      [useLoginForm] Login flow started { traceId: '465a6bb1-5ea2-4f53-8c52-b797662ff867' }

      at Object.log [as onSubmit] (src/hooks/useLoginForm.ts:208:13)

    console.log
      [useLoginForm] Calling API client login method { traceId: '465a6bb1-5ea2-4f53-8c52-b797662ff867' }

      at Object.log [as onSubmit] (src/hooks/useLoginForm.ts:230:15)

    console.error
      [useLoginForm] Login failed {
        error: 'Invalid email or password',
        traceId: '465a6bb1-5ea2-4f53-8c52-b797662ff867'
      }

      259 |       } else {
      260 |         // Login failed - handle error
    > 261 |         console.error('[useLoginForm] Login failed', { error: result.error, traceId });
          |                 ^
      262 |         
      263 |         // Record attempt for authentication errors
      264 |         if (result.error === 'Invalid email or password') {

      at Object.error [as onSubmit] (src/hooks/useLoginForm.ts:261:17)
      at src/hooks/useLoginForm.test.tsx:842:13

    console.log
      Form submission started

      at Object.log [as onSubmit] (src/hooks/useLoginForm.ts:200:13)

    console.log
      [LoginFlowTracer] Trace started: b947886e-b655-4e9e-8d40-6cf1f8a8e1dc

      at log (src/lib/auth/LoginFlowTracer.ts:52:15)

    console.log
      [useLoginForm] Login flow started { traceId: 'b947886e-b655-4e9e-8d40-6cf1f8a8e1dc' }

      at Object.log [as onSubmit] (src/hooks/useLoginForm.ts:208:13)

    console.log
      [useLoginForm] Calling API client login method { traceId: 'b947886e-b655-4e9e-8d40-6cf1f8a8e1dc' }

      at Object.log [as onSubmit] (src/hooks/useLoginForm.ts:230:15)

    console.error
      [useLoginForm] Login failed {
        error: 'Invalid email or password',
        traceId: 'b947886e-b655-4e9e-8d40-6cf1f8a8e1dc'
      }

      259 |       } else {
      260 |         // Login failed - handle error
    > 261 |         console.error('[useLoginForm] Login failed', { error: result.error, traceId });
          |                 ^
      262 |         
      263 |         // Record attempt for authentication errors
      264 |         if (result.error === 'Invalid email or password') {

      at Object.error [as onSubmit] (src/hooks/useLoginForm.ts:261:17)
      at src/hooks/useLoginForm.test.tsx:842:13

    console.log
      Form submission started

      at Object.log [as onSubmit] (src/hooks/useLoginForm.ts:200:13)

    console.log
      [LoginFlowTracer] Trace started: 789451b0-83e7-4ffe-b861-6b037f1a2c92

      at log (src/lib/auth/LoginFlowTracer.ts:52:15)

    console.log
      [useLoginForm] Login flow started { traceId: '789451b0-83e7-4ffe-b861-6b037f1a2c92' }

      at Object.log [as onSubmit] (src/hooks/useLoginForm.ts:208:13)

    console.log
      [useLoginForm] Calling API client login method { traceId: '789451b0-83e7-4ffe-b861-6b037f1a2c92' }

      at Object.log [as onSubmit] (src/hooks/useLoginForm.ts:230:15)

    console.error
      [useLoginForm] Login failed {
        error: 'Invalid email or password',
        traceId: '789451b0-83e7-4ffe-b861-6b037f1a2c92'
      }

      259 |       } else {
      260 |         // Login failed - handle error
    > 261 |         console.error('[useLoginForm] Login failed', { error: result.error, traceId });
          |                 ^
      262 |         
      263 |         // Record attempt for authentication errors
      264 |         if (result.error === 'Invalid email or password') {

      at Object.error [as onSubmit] (src/hooks/useLoginForm.ts:261:17)
      at src/hooks/useLoginForm.test.tsx:842:13

    console.log
      Form submission started

      at Object.log [as onSubmit] (src/hooks/useLoginForm.ts:200:13)

    console.log
      [LoginFlowTracer] Trace started: eda02773-8dec-4498-84ea-a9a367be1088

      at log (src/lib/auth/LoginFlowTracer.ts:52:15)

    console.log
      [useLoginForm] Login flow started { traceId: 'eda02773-8dec-4498-84ea-a9a367be1088' }

      at Object.log [as onSubmit] (src/hooks/useLoginForm.ts:208:13)

    console.log
      [useLoginForm] Calling API client login method { traceId: 'eda02773-8dec-4498-84ea-a9a367be1088' }

      at Object.log [as onSubmit] (src/hooks/useLoginForm.ts:230:15)

    console.error
      [useLoginForm] Login failed {
        error: 'Invalid email or password',
        traceId: 'eda02773-8dec-4498-84ea-a9a367be1088'
      }

      259 |       } else {
      260 |         // Login failed - handle error
    > 261 |         console.error('[useLoginForm] Login failed', { error: result.error, traceId });
          |                 ^
      262 |         
      263 |         // Record attempt for authentication errors
      264 |         if (result.error === 'Invalid email or password') {

      at Object.error [as onSubmit] (src/hooks/useLoginForm.ts:261:17)
      at src/hooks/useLoginForm.test.tsx:842:13

    console.log
      Form submission started

      at Object.log [as onSubmit] (src/hooks/useLoginForm.ts:200:13)

    console.log
      [LoginFlowTracer] Trace started: ecd0ab41-09a3-4ffb-8e05-724b27d42671

      at log (src/lib/auth/LoginFlowTracer.ts:52:15)

    console.log
      [useLoginForm] Login flow started { traceId: 'ecd0ab41-09a3-4ffb-8e05-724b27d42671' }

      at Object.log [as onSubmit] (src/hooks/useLoginForm.ts:208:13)

    console.log
      [useLoginForm] Calling API client login method { traceId: 'ecd0ab41-09a3-4ffb-8e05-724b27d42671' }

      at Object.log [as onSubmit] (src/hooks/useLoginForm.ts:230:15)

    console.error
      [useLoginForm] Login failed {
        error: 'Invalid email or password',
        traceId: 'ecd0ab41-09a3-4ffb-8e05-724b27d42671'
      }

      259 |       } else {
      260 |         // Login failed - handle error
    > 261 |         console.error('[useLoginForm] Login failed', { error: result.error, traceId });
          |                 ^
      262 |         
      263 |         // Record attempt for authentication errors
      264 |         if (result.error === 'Invalid email or password') {

      at Object.error [as onSubmit] (src/hooks/useLoginForm.ts:261:17)
      at src/hooks/useLoginForm.test.tsx:842:13

    console.log
      Form submission started

      at Object.log [as onSubmit] (src/hooks/useLoginForm.ts:200:13)

    console.log
      [LoginFlowTracer] Trace started: fb604c67-f0aa-4c11-8a3c-72e90859aed0

      at log (src/lib/auth/LoginFlowTracer.ts:52:15)

    console.log
      [useLoginForm] Login flow started { traceId: 'fb604c67-f0aa-4c11-8a3c-72e90859aed0' }

      at Object.log [as onSubmit] (src/hooks/useLoginForm.ts:208:13)

    console.log
      [useLoginForm] Calling API client login method { traceId: 'fb604c67-f0aa-4c11-8a3c-72e90859aed0' }

      at Object.log [as onSubmit] (src/hooks/useLoginForm.ts:230:15)

    console.error
      [useLoginForm] Login failed {
        error: 'Invalid email or password',
        traceId: 'fb604c67-f0aa-4c11-8a3c-72e90859aed0'
      }

      259 |       } else {
      260 |         // Login failed - handle error
    > 261 |         console.error('[useLoginForm] Login failed', { error: result.error, traceId });
          |                 ^
      262 |         
      263 |         // Record attempt for authentication errors
      264 |         if (result.error === 'Invalid email or password') {

      at Object.error [as onSubmit] (src/hooks/useLoginForm.ts:261:17)
      at src/hooks/useLoginForm.test.tsx:842:13

    console.log
      Form submission started

      at Object.log [as onSubmit] (src/hooks/useLoginForm.ts:200:13)

    console.log
      [LoginFlowTracer] Trace started: acce3db4-1e5e-4827-ada3-8c7bf660a9c0

      at log (src/lib/auth/LoginFlowTracer.ts:52:15)

    console.log
      [useLoginForm] Login flow started { traceId: 'acce3db4-1e5e-4827-ada3-8c7bf660a9c0' }

      at Object.log [as onSubmit] (src/hooks/useLoginForm.ts:208:13)

    console.log
      [useLoginForm] Calling API client login method { traceId: 'acce3db4-1e5e-4827-ada3-8c7bf660a9c0' }

      at Object.log [as onSubmit] (src/hooks/useLoginForm.ts:230:15)

    console.error
      [useLoginForm] Login failed {
        error: 'Invalid email or password',
        traceId: 'acce3db4-1e5e-4827-ada3-8c7bf660a9c0'
      }

      259 |       } else {
      260 |         // Login failed - handle error
    > 261 |         console.error('[useLoginForm] Login failed', { error: result.error, traceId });
          |                 ^
      262 |         
      263 |         // Record attempt for authentication errors
      264 |         if (result.error === 'Invalid email or password') {

      at Object.error [as onSubmit] (src/hooks/useLoginForm.ts:261:17)
      at src/hooks/useLoginForm.test.tsx:842:13

    console.log
      Form submission started

      at Object.log [as onSubmit] (src/hooks/useLoginForm.ts:200:13)

    console.log
      [LoginFlowTracer] Trace started: 99e5baa9-a7c8-49cb-b98d-33f98fc984a3

      at log (src/lib/auth/LoginFlowTracer.ts:52:15)

    console.log
      [useLoginForm] Login flow started { traceId: '99e5baa9-a7c8-49cb-b98d-33f98fc984a3' }

      at Object.log [as onSubmit] (src/hooks/useLoginForm.ts:208:13)

    console.log
      [useLoginForm] Calling API client login method { traceId: '99e5baa9-a7c8-49cb-b98d-33f98fc984a3' }

      at Object.log [as onSubmit] (src/hooks/useLoginForm.ts:230:15)

    console.error
      [useLoginForm] Login failed {
        error: 'Invalid email or password',
        traceId: '99e5baa9-a7c8-49cb-b98d-33f98fc984a3'
      }

      259 |       } else {
      260 |         // Login failed - handle error
    > 261 |         console.error('[useLoginForm] Login failed', { error: result.error, traceId });
          |                 ^
      262 |         
      263 |         // Record attempt for authentication errors
      264 |         if (result.error === 'Invalid email or password') {

      at Object.error [as onSubmit] (src/hooks/useLoginForm.ts:261:17)
      at src/hooks/useLoginForm.test.tsx:842:13

    console.log
      Form submission started

      at Object.log [as onSubmit] (src/hooks/useLoginForm.ts:200:13)

    console.log
      [LoginFlowTracer] Trace started: 084ee39b-02c5-449c-af52-e7d7558fa9fe

      at log (src/lib/auth/LoginFlowTracer.ts:52:15)

    console.log
      [useLoginForm] Login flow started { traceId: '084ee39b-02c5-449c-af52-e7d7558fa9fe' }

      at Object.log [as onSubmit] (src/hooks/useLoginForm.ts:208:13)

    console.log
      [useLoginForm] Calling API client login method { traceId: '084ee39b-02c5-449c-af52-e7d7558fa9fe' }

      at Object.log [as onSubmit] (src/hooks/useLoginForm.ts:230:15)

    console.error
      [useLoginForm] Login failed {
        error: 'Invalid email or password',
        traceId: '084ee39b-02c5-449c-af52-e7d7558fa9fe'
      }

      259 |       } else {
      260 |         // Login failed - handle error
    > 261 |         console.error('[useLoginForm] Login failed', { error: result.error, traceId });
          |                 ^
      262 |         
      263 |         // Record attempt for authentication errors
      264 |         if (result.error === 'Invalid email or password') {

      at Object.error [as onSubmit] (src/hooks/useLoginForm.ts:261:17)
      at src/hooks/useLoginForm.test.tsx:842:13

    console.log
      Form submission started

      at Object.log [as onSubmit] (src/hooks/useLoginForm.ts:200:13)

    console.log
      [LoginFlowTracer] Trace started: 3a3dc6c7-211b-40e0-8043-258a3c8ca450

      at log (src/lib/auth/LoginFlowTracer.ts:52:15)

    console.log
      [useLoginForm] Login flow started { traceId: '3a3dc6c7-211b-40e0-8043-258a3c8ca450' }

      at Object.log [as onSubmit] (src/hooks/useLoginForm.ts:208:13)

    console.log
      [useLoginForm] Calling API client login method { traceId: '3a3dc6c7-211b-40e0-8043-258a3c8ca450' }

      at Object.log [as onSubmit] (src/hooks/useLoginForm.ts:230:15)

    console.error
      [useLoginForm] Login failed {
        error: 'Invalid email or password',
        traceId: '3a3dc6c7-211b-40e0-8043-258a3c8ca450'
      }

      259 |       } else {
      260 |         // Login failed - handle error
    > 261 |         console.error('[useLoginForm] Login failed', { error: result.error, traceId });
          |                 ^
      262 |         
      263 |         // Record attempt for authentication errors
      264 |         if (result.error === 'Invalid email or password') {

      at Object.error [as onSubmit] (src/hooks/useLoginForm.ts:261:17)
      at src/hooks/useLoginForm.test.tsx:842:13

    console.log
      Form submission started

      at Object.log [as onSubmit] (src/hooks/useLoginForm.ts:200:13)

    console.log
      [LoginFlowTracer] Trace started: 5a176643-a88a-4415-a2df-cb51913c899b

      at log (src/lib/auth/LoginFlowTracer.ts:52:15)

    console.log
      [useLoginForm] Login flow started { traceId: '5a176643-a88a-4415-a2df-cb51913c899b' }

      at Object.log [as onSubmit] (src/hooks/useLoginForm.ts:208:13)

    console.log
      [useLoginForm] Calling API client login method { traceId: '5a176643-a88a-4415-a2df-cb51913c899b' }

      at Object.log [as onSubmit] (src/hooks/useLoginForm.ts:230:15)

    console.error
      [useLoginForm] Login failed {
        error: 'Invalid email or password',
        traceId: '5a176643-a88a-4415-a2df-cb51913c899b'
      }

      259 |       } else {
      260 |         // Login failed - handle error
    > 261 |         console.error('[useLoginForm] Login failed', { error: result.error, traceId });
          |                 ^
      262 |         
      263 |         // Record attempt for authentication errors
      264 |         if (result.error === 'Invalid email or password') {

      at Object.error [as onSubmit] (src/hooks/useLoginForm.ts:261:17)
      at src/hooks/useLoginForm.test.tsx:842:13

    console.log
      Form submission started

      at Object.log [as onSubmit] (src/hooks/useLoginForm.ts:200:13)

    console.log
      [LoginFlowTracer] Trace started: b8cee764-15c4-4d1e-b6c3-4c221e64fd03

      at log (src/lib/auth/LoginFlowTracer.ts:52:15)

    console.log
      [useLoginForm] Login flow started { traceId: 'b8cee764-15c4-4d1e-b6c3-4c221e64fd03' }

      at Object.log [as onSubmit] (src/hooks/useLoginForm.ts:208:13)

    console.log
      [useLoginForm] Calling API client login method { traceId: 'b8cee764-15c4-4d1e-b6c3-4c221e64fd03' }

      at Object.log [as onSubmit] (src/hooks/useLoginForm.ts:230:15)

    console.error
      [useLoginForm] Login failed {
        error: 'Invalid email or password',
        traceId: 'b8cee764-15c4-4d1e-b6c3-4c221e64fd03'
      }

      259 |       } else {
      260 |         // Login failed - handle error
    > 261 |         console.error('[useLoginForm] Login failed', { error: result.error, traceId });
          |                 ^
      262 |         
      263 |         // Record attempt for authentication errors
      264 |         if (result.error === 'Invalid email or password') {

      at Object.error [as onSubmit] (src/hooks/useLoginForm.ts:261:17)
      at src/hooks/useLoginForm.test.tsx:842:13

    console.log
      Form submission started

      at Object.log [as onSubmit] (src/hooks/useLoginForm.ts:200:13)

    console.log
      [LoginFlowTracer] Trace started: 81b72b28-74bd-42af-847b-965e416ab724

      at log (src/lib/auth/LoginFlowTracer.ts:52:15)

    console.log
      [useLoginForm] Login flow started { traceId: '81b72b28-74bd-42af-847b-965e416ab724' }

      at Object.log [as onSubmit] (src/hooks/useLoginForm.ts:208:13)

    console.log
      [useLoginForm] Calling API client login method { traceId: '81b72b28-74bd-42af-847b-965e416ab724' }

      at Object.log [as onSubmit] (src/hooks/useLoginForm.ts:230:15)

    console.error
      [useLoginForm] Login failed {
        error: 'Invalid email or password',
        traceId: '81b72b28-74bd-42af-847b-965e416ab724'
      }

      259 |       } else {
      260 |         // Login failed - handle error
    > 261 |         console.error('[useLoginForm] Login failed', { error: result.error, traceId });
          |                 ^
      262 |         
      263 |         // Record attempt for authentication errors
      264 |         if (result.error === 'Invalid email or password') {

      at Object.error [as onSubmit] (src/hooks/useLoginForm.ts:261:17)
      at src/hooks/useLoginForm.test.tsx:842:13

    console.log
      Form submission started

      at Object.log [as onSubmit] (src/hooks/useLoginForm.ts:200:13)

    console.log
      [LoginFlowTracer] Trace started: 11b0ad45-a24c-45b5-8a95-4ded386749b7

      at log (src/lib/auth/LoginFlowTracer.ts:52:15)

    console.log
      [useLoginForm] Login flow started { traceId: '11b0ad45-a24c-45b5-8a95-4ded386749b7' }

      at Object.log [as onSubmit] (src/hooks/useLoginForm.ts:208:13)

    console.log
      [useLoginForm] Calling API client login method { traceId: '11b0ad45-a24c-45b5-8a95-4ded386749b7' }

      at Object.log [as onSubmit] (src/hooks/useLoginForm.ts:230:15)

    console.error
      [useLoginForm] Login failed {
        error: 'Invalid email or password',
        traceId: '11b0ad45-a24c-45b5-8a95-4ded386749b7'
      }

      259 |       } else {
      260 |         // Login failed - handle error
    > 261 |         console.error('[useLoginForm] Login failed', { error: result.error, traceId });
          |                 ^
      262 |         
      263 |         // Record attempt for authentication errors
      264 |         if (result.error === 'Invalid email or password') {

      at Object.error [as onSubmit] (src/hooks/useLoginForm.ts:261:17)
      at src/hooks/useLoginForm.test.tsx:842:13

    console.log
      Form submission started

      at Object.log [as onSubmit] (src/hooks/useLoginForm.ts:200:13)

    console.log
      [LoginFlowTracer] Trace started: 56cfa9e5-49aa-49ad-8e15-9f6208f8658f

      at log (src/lib/auth/LoginFlowTracer.ts:52:15)

    console.log
      [useLoginForm] Login flow started { traceId: '56cfa9e5-49aa-49ad-8e15-9f6208f8658f' }

      at Object.log [as onSubmit] (src/hooks/useLoginForm.ts:208:13)

    console.log
      [useLoginForm] Calling API client login method { traceId: '56cfa9e5-49aa-49ad-8e15-9f6208f8658f' }

      at Object.log [as onSubmit] (src/hooks/useLoginForm.ts:230:15)

    console.error
      [useLoginForm] Login failed {
        error: 'Invalid email or password',
        traceId: '56cfa9e5-49aa-49ad-8e15-9f6208f8658f'
      }

      259 |       } else {
      260 |         // Login failed - handle error
    > 261 |         console.error('[useLoginForm] Login failed', { error: result.error, traceId });
          |                 ^
      262 |         
      263 |         // Record attempt for authentication errors
      264 |         if (result.error === 'Invalid email or password') {

      at Object.error [as onSubmit] (src/hooks/useLoginForm.ts:261:17)
      at src/hooks/useLoginForm.test.tsx:842:13

    console.log
      Form submission started

      at Object.log [as onSubmit] (src/hooks/useLoginForm.ts:200:13)

    console.log
      [LoginFlowTracer] Trace started: ac7148f6-332c-4880-b9d1-a48a3ac317ae

      at log (src/lib/auth/LoginFlowTracer.ts:52:15)

    console.log
      [useLoginForm] Login flow started { traceId: 'ac7148f6-332c-4880-b9d1-a48a3ac317ae' }

      at Object.log [as onSubmit] (src/hooks/useLoginForm.ts:208:13)

    console.log
      [useLoginForm] Calling API client login method { traceId: 'ac7148f6-332c-4880-b9d1-a48a3ac317ae' }

      at Object.log [as onSubmit] (src/hooks/useLoginForm.ts:230:15)

    console.error
      [useLoginForm] Login failed {
        error: 'Invalid email or password',
        traceId: 'ac7148f6-332c-4880-b9d1-a48a3ac317ae'
      }

      259 |       } else {
      260 |         // Login failed - handle error
    > 261 |         console.error('[useLoginForm] Login failed', { error: result.error, traceId });
          |                 ^
      262 |         
      263 |         // Record attempt for authentication errors
      264 |         if (result.error === 'Invalid email or password') {

      at Object.error [as onSubmit] (src/hooks/useLoginForm.ts:261:17)
      at src/hooks/useLoginForm.test.tsx:842:13

    console.log
      Form submission started

      at Object.log [as onSubmit] (src/hooks/useLoginForm.ts:200:13)

    console.log
      [LoginFlowTracer] Trace started: 5af6456a-cac2-4eb9-a82f-a9eb5cd40af1

      at log (src/lib/auth/LoginFlowTracer.ts:52:15)

    console.log
      [useLoginForm] Login flow started { traceId: '5af6456a-cac2-4eb9-a82f-a9eb5cd40af1' }

      at Object.log [as onSubmit] (src/hooks/useLoginForm.ts:208:13)

    console.log
      [useLoginForm] Calling API client login method { traceId: '5af6456a-cac2-4eb9-a82f-a9eb5cd40af1' }

      at Object.log [as onSubmit] (src/hooks/useLoginForm.ts:230:15)

    console.error
      [useLoginForm] Login failed {
        error: 'Invalid email or password',
        traceId: '5af6456a-cac2-4eb9-a82f-a9eb5cd40af1'
      }

      259 |       } else {
      260 |         // Login failed - handle error
    > 261 |         console.error('[useLoginForm] Login failed', { error: result.error, traceId });
          |                 ^
      262 |         
      263 |         // Record attempt for authentication errors
      264 |         if (result.error === 'Invalid email or password') {

      at Object.error [as onSubmit] (src/hooks/useLoginForm.ts:261:17)
      at src/hooks/useLoginForm.test.tsx:842:13

    console.log
      Form submission started

      at Object.log [as onSubmit] (src/hooks/useLoginForm.ts:200:13)

    console.log
      [LoginFlowTracer] Trace started: 7653d1b0-53f1-471d-9aca-7aa8a569d90b

      at log (src/lib/auth/LoginFlowTracer.ts:52:15)

    console.log
      [useLoginForm] Login flow started { traceId: '7653d1b0-53f1-471d-9aca-7aa8a569d90b' }

      at Object.log [as onSubmit] (src/hooks/useLoginForm.ts:208:13)

    console.log
      [useLoginForm] Calling API client login method { traceId: '7653d1b0-53f1-471d-9aca-7aa8a569d90b' }

      at Object.log [as onSubmit] (src/hooks/useLoginForm.ts:230:15)

    console.error
      [useLoginForm] Login failed {
        error: 'Invalid email or password',
        traceId: '7653d1b0-53f1-471d-9aca-7aa8a569d90b'
      }

      259 |       } else {
      260 |         // Login failed - handle error
    > 261 |         console.error('[useLoginForm] Login failed', { error: result.error, traceId });
          |                 ^
      262 |         
      263 |         // Record attempt for authentication errors
      264 |         if (result.error === 'Invalid email or password') {

      at Object.error [as onSubmit] (src/hooks/useLoginForm.ts:261:17)
      at src/hooks/useLoginForm.test.tsx:842:13

    console.log
      Form submission started

      at Object.log [as onSubmit] (src/hooks/useLoginForm.ts:200:13)

    console.log
      [LoginFlowTracer] Trace started: 97172708-cbee-4ebf-9689-2be2b5d7b99d

      at log (src/lib/auth/LoginFlowTracer.ts:52:15)

    console.log
      [useLoginForm] Login flow started { traceId: '97172708-cbee-4ebf-9689-2be2b5d7b99d' }

      at Object.log [as onSubmit] (src/hooks/useLoginForm.ts:208:13)

    console.log
      [useLoginForm] Calling API client login method { traceId: '97172708-cbee-4ebf-9689-2be2b5d7b99d' }

      at Object.log [as onSubmit] (src/hooks/useLoginForm.ts:230:15)

    console.error
      [useLoginForm] Login failed {
        error: 'Invalid email or password',
        traceId: '97172708-cbee-4ebf-9689-2be2b5d7b99d'
      }

      259 |       } else {
      260 |         // Login failed - handle error
    > 261 |         console.error('[useLoginForm] Login failed', { error: result.error, traceId });
          |                 ^
      262 |         
      263 |         // Record attempt for authentication errors
      264 |         if (result.error === 'Invalid email or password') {

      at Object.error [as onSubmit] (src/hooks/useLoginForm.ts:261:17)
      at src/hooks/useLoginForm.test.tsx:842:13

    console.log
      [useLoginForm] Initiating redirect to dashboard { traceId: '7f202f14-c7bc-4dc1-b6b1-404e2f33822b' }

      at log (src/hooks/useLoginForm.ts:254:19)

    console.log
      Form submission started

      at Object.log [as onSubmit] (src/hooks/useLoginForm.ts:200:13)

    console.log
      [LoginFlowTracer] Trace started: 8fdeb0d3-969a-404b-8707-94696ea1b524

      at log (src/lib/auth/LoginFlowTracer.ts:52:15)

    console.log
      [useLoginForm] Login flow started { traceId: '8fdeb0d3-969a-404b-8707-94696ea1b524' }

      at Object.log [as onSubmit] (src/hooks/useLoginForm.ts:208:13)

    console.log
      [useLoginForm] Calling API client login method { traceId: '8fdeb0d3-969a-404b-8707-94696ea1b524' }

      at Object.log [as onSubmit] (src/hooks/useLoginForm.ts:230:15)

    console.error
      [useLoginForm] Login failed {
        error: 'Invalid email or password',
        traceId: '8fdeb0d3-969a-404b-8707-94696ea1b524'
      }

      259 |       } else {
      260 |         // Login failed - handle error
    > 261 |         console.error('[useLoginForm] Login failed', { error: result.error, traceId });
          |                 ^
      262 |         
      263 |         // Record attempt for authentication errors
      264 |         if (result.error === 'Invalid email or password') {

      at Object.error [as onSubmit] (src/hooks/useLoginForm.ts:261:17)
      at src/hooks/useLoginForm.test.tsx:842:13

    console.log
      Form submission started

      at Object.log [as onSubmit] (src/hooks/useLoginForm.ts:200:13)

    console.log
      [LoginFlowTracer] Trace started: 0ff13179-ece5-4927-b1b1-545cc189179e

      at log (src/lib/auth/LoginFlowTracer.ts:52:15)

    console.log
      [useLoginForm] Login flow started { traceId: '0ff13179-ece5-4927-b1b1-545cc189179e' }

      at Object.log [as onSubmit] (src/hooks/useLoginForm.ts:208:13)

    console.log
      [useLoginForm] Calling API client login method { traceId: '0ff13179-ece5-4927-b1b1-545cc189179e' }

      at Object.log [as onSubmit] (src/hooks/useLoginForm.ts:230:15)

    console.error
      [useLoginForm] Login failed {
        error: 'Invalid email or password',
        traceId: '0ff13179-ece5-4927-b1b1-545cc189179e'
      }

      259 |       } else {
      260 |         // Login failed - handle error
    > 261 |         console.error('[useLoginForm] Login failed', { error: result.error, traceId });
          |                 ^
      262 |         
      263 |         // Record attempt for authentication errors
      264 |         if (result.error === 'Invalid email or password') {

      at Object.error [as onSubmit] (src/hooks/useLoginForm.ts:261:17)
      at src/hooks/useLoginForm.test.tsx:842:13

    console.log
      Form submission started

      at Object.log [as onSubmit] (src/hooks/useLoginForm.ts:200:13)

    console.log
      [LoginFlowTracer] Trace started: c422c09f-b3ff-490b-8562-e2fae20e4a6e

      at log (src/lib/auth/LoginFlowTracer.ts:52:15)

    console.log
      [useLoginForm] Login flow started { traceId: 'c422c09f-b3ff-490b-8562-e2fae20e4a6e' }

      at Object.log [as onSubmit] (src/hooks/useLoginForm.ts:208:13)

    console.log
      [useLoginForm] Calling API client login method { traceId: 'c422c09f-b3ff-490b-8562-e2fae20e4a6e' }

      at Object.log [as onSubmit] (src/hooks/useLoginForm.ts:230:15)

    console.error
      [useLoginForm] Login failed {
        error: 'Invalid email or password',
        traceId: 'c422c09f-b3ff-490b-8562-e2fae20e4a6e'
      }

      259 |       } else {
      260 |         // Login failed - handle error
    > 261 |         console.error('[useLoginForm] Login failed', { error: result.error, traceId });
          |                 ^
      262 |         
      263 |         // Record attempt for authentication errors
      264 |         if (result.error === 'Invalid email or password') {

      at Object.error [as onSubmit] (src/hooks/useLoginForm.ts:261:17)
      at src/hooks/useLoginForm.test.tsx:842:13

    console.log
      Form submission started

      at Object.log [as onSubmit] (src/hooks/useLoginForm.ts:200:13)

    console.log
      [LoginFlowTracer] Trace started: 94d92efa-19f5-4661-a95f-e11039061c1a

      at log (src/lib/auth/LoginFlowTracer.ts:52:15)

    console.log
      [useLoginForm] Login flow started { traceId: '94d92efa-19f5-4661-a95f-e11039061c1a' }

      at Object.log [as onSubmit] (src/hooks/useLoginForm.ts:208:13)

    console.log
      [useLoginForm] Calling API client login method { traceId: '94d92efa-19f5-4661-a95f-e11039061c1a' }

      at Object.log [as onSubmit] (src/hooks/useLoginForm.ts:230:15)

    console.error
      [useLoginForm] Login failed {
        error: 'Invalid email or password',
        traceId: '94d92efa-19f5-4661-a95f-e11039061c1a'
      }

      259 |       } else {
      260 |         // Login failed - handle error
    > 261 |         console.error('[useLoginForm] Login failed', { error: result.error, traceId });
          |                 ^
      262 |         
      263 |         // Record attempt for authentication errors
      264 |         if (result.error === 'Invalid email or password') {

      at Object.error [as onSubmit] (src/hooks/useLoginForm.ts:261:17)
      at src/hooks/useLoginForm.test.tsx:842:13

  ● useLoginForm › Form Submission - Successful Authentication › should call authService.login with correct credentials

    expect(jest.fn()).toHaveBeenCalledWith(...expected)

    - Expected
    + Received

      {"email": "test@example.com", "password": "password123"},
      [Function anonymous],
    + "73e2a39e-5c0c-4e1f-bb32-337617fa21ac",

    Number of calls: 1

      127 |       });
      128 |       
    > 129 |       expect(mockLogin).toHaveBeenCalledWith(
          |                         ^
      130 |         {
      131 |           email: 'test@example.com',
      132 |           password: 'password123',

      at Object.toHaveBeenCalledWith (src/hooks/useLoginForm.test.tsx:129:25)

PASS src/utils/passwordValidation.test.ts
FAIL src/app/forms/1099-div/Form1099Div.integration.test.tsx
  ● Console

    console.error
      Error: Uncaught [TypeError: (0 , _navigation.usePathname) is not a function]
          at reportException (/Users/ryan/Library/Mobile Documents/com~apple~CloudDocs/Documents/VSCode/Tax-App-Frontend/node_modules/jsdom/lib/jsdom/living/helpers/runtime-script-errors.js:66:24)
          at innerInvokeEventListeners (/Users/ryan/Library/Mobile Documents/com~apple~CloudDocs/Documents/VSCode/Tax-App-Frontend/node_modules/jsdom/lib/jsdom/living/events/EventTarget-impl.js:353:9)
          at invokeEventListeners (/Users/ryan/Library/Mobile Documents/com~apple~CloudDocs/Documents/VSCode/Tax-App-Frontend/node_modules/jsdom/lib/jsdom/living/events/EventTarget-impl.js:286:3)
          at HTMLUnknownElementImpl._dispatch (/Users/ryan/Library/Mobile Documents/com~apple~CloudDocs/Documents/VSCode/Tax-App-Frontend/node_modules/jsdom/lib/jsdom/living/events/EventTarget-impl.js:233:9)
          at HTMLUnknownElementImpl.dispatchEvent (/Users/ryan/Library/Mobile Documents/com~apple~CloudDocs/Documents/VSCode/Tax-App-Frontend/node_modules/jsdom/lib/jsdom/living/events/EventTarget-impl.js:104:17)
          at HTMLUnknownElement.dispatchEvent (/Users/ryan/Library/Mobile Documents/com~apple~CloudDocs/Documents/VSCode/Tax-App-Frontend/node_modules/jsdom/lib/jsdom/living/generated/EventTarget.js:241:34)
          at Object.invokeGuardedCallbackDev (/Users/ryan/Library/Mobile Documents/com~apple~CloudDocs/Documents/VSCode/Tax-App-Frontend/node_modules/react-dom/cjs/react-dom.development.js:4213:16)
          at invokeGuardedCallback (/Users/ryan/Library/Mobile Documents/com~apple~CloudDocs/Documents/VSCode/Tax-App-Frontend/node_modules/react-dom/cjs/react-dom.development.js:4277:31)
          at beginWork$1 (/Users/ryan/Library/Mobile Documents/com~apple~CloudDocs/Documents/VSCode/Tax-App-Frontend/node_modules/react-dom/cjs/react-dom.development.js:27490:7)
          at performUnitOfWork (/Users/ryan/Library/Mobile Documents/com~apple~CloudDocs/Documents/VSCode/Tax-App-Frontend/node_modules/react-dom/cjs/react-dom.development.js:26599:12)
          at workLoopSync (/Users/ryan/Library/Mobile Documents/com~apple~CloudDocs/Documents/VSCode/Tax-App-Frontend/node_modules/react-dom/cjs/react-dom.development.js:26505:5)
          at renderRootSync (/Users/ryan/Library/Mobile Documents/com~apple~CloudDocs/Documents/VSCode/Tax-App-Frontend/node_modules/react-dom/cjs/react-dom.development.js:26473:7)
          at performConcurrentWorkOnRoot (/Users/ryan/Library/Mobile Documents/com~apple~CloudDocs/Documents/VSCode/Tax-App-Frontend/node_modules/react-dom/cjs/react-dom.development.js:25777:74)
          at flushActQueue (/Users/ryan/Library/Mobile Documents/com~apple~CloudDocs/Documents/VSCode/Tax-App-Frontend/node_modules/react/cjs/react.development.js:2667:24)
          at act (/Users/ryan/Library/Mobile Documents/com~apple~CloudDocs/Documents/VSCode/Tax-App-Frontend/node_modules/react/cjs/react.development.js:2582:11)
          at /Users/ryan/Library/Mobile Documents/com~apple~CloudDocs/Documents/VSCode/Tax-App-Frontend/node_modules/@testing-library/react/dist/act-compat.js:46:25
          at renderRoot (/Users/ryan/Library/Mobile Documents/com~apple~CloudDocs/Documents/VSCode/Tax-App-Frontend/node_modules/@testing-library/react/dist/pure.js:189:26)
          at render (/Users/ryan/Library/Mobile Documents/com~apple~CloudDocs/Documents/VSCode/Tax-App-Frontend/node_modules/@testing-library/react/dist/pure.js:291:10)
          at Object.<anonymous> (/Users/ryan/Library/Mobile Documents/com~apple~CloudDocs/Documents/VSCode/Tax-App-Frontend/src/app/forms/1099-div/Form1099Div.integration.test.tsx:64:13)
          at Promise.finally.completed (/Users/ryan/Library/Mobile Documents/com~apple~CloudDocs/Documents/VSCode/Tax-App-Frontend/node_modules/jest-circus/build/jestAdapterInit.js:1557:28)
          at new Promise (<anonymous>)
          at callAsyncCircusFn (/Users/ryan/Library/Mobile Documents/com~apple~CloudDocs/Documents/VSCode/Tax-App-Frontend/node_modules/jest-circus/build/jestAdapterInit.js:1497:10)
          at _callCircusTest (/Users/ryan/Library/Mobile Documents/com~apple~CloudDocs/Documents/VSCode/Tax-App-Frontend/node_modules/jest-circus/build/jestAdapterInit.js:1007:40)
          at processTicksAndRejections (node:internal/process/task_queues:95:5)
          at _runTest (/Users/ryan/Library/Mobile Documents/com~apple~CloudDocs/Documents/VSCode/Tax-App-Frontend/node_modules/jest-circus/build/jestAdapterInit.js:947:3)
          at /Users/ryan/Library/Mobile Documents/com~apple~CloudDocs/Documents/VSCode/Tax-App-Frontend/node_modules/jest-circus/build/jestAdapterInit.js:849:7
          at _runTestsForDescribeBlock (/Users/ryan/Library/Mobile Documents/com~apple~CloudDocs/Documents/VSCode/Tax-App-Frontend/node_modules/jest-circus/build/jestAdapterInit.js:862:11)
          at _runTestsForDescribeBlock (/Users/ryan/Library/Mobile Documents/com~apple~CloudDocs/Documents/VSCode/Tax-App-Frontend/node_modules/jest-circus/build/jestAdapterInit.js:857:11)
          at _runTestsForDescribeBlock (/Users/ryan/Library/Mobile Documents/com~apple~CloudDocs/Documents/VSCode/Tax-App-Frontend/node_modules/jest-circus/build/jestAdapterInit.js:857:11)
          at run (/Users/ryan/Library/Mobile Documents/com~apple~CloudDocs/Documents/VSCode/Tax-App-Frontend/node_modules/jest-circus/build/jestAdapterInit.js:761:3)
          at runAndTransformResultsToJestFormat (/Users/ryan/Library/Mobile Documents/com~apple~CloudDocs/Documents/VSCode/Tax-App-Frontend/node_modules/jest-circus/build/jestAdapterInit.js:1918:21)
          at jestAdapter (/Users/ryan/Library/Mobile Documents/com~apple~CloudDocs/Documents/VSCode/Tax-App-Frontend/node_modules/jest-circus/build/runner.js:101:19)
          at runTestInternal (/Users/ryan/Library/Mobile Documents/com~apple~CloudDocs/Documents/VSCode/Tax-App-Frontend/node_modules/jest-runner/build/testWorker.js:275:16)
          at runTest (/Users/ryan/Library/Mobile Documents/com~apple~CloudDocs/Documents/VSCode/Tax-App-Frontend/node_modules/jest-runner/build/testWorker.js:343:7)
          at Object.worker (/Users/ryan/Library/Mobile Documents/com~apple~CloudDocs/Documents/VSCode/Tax-App-Frontend/node_modules/jest-runner/build/testWorker.js:497:12) {
        detail: TypeError: (0 , _navigation.usePathname) is not a function
            at useForm1099Div (/Users/ryan/Library/Mobile Documents/com~apple~CloudDocs/Documents/VSCode/Tax-App-Frontend/src/hooks/useForm1099Div.ts:120:31)
            at Form1099DivClient (/Users/ryan/Library/Mobile Documents/com~apple~CloudDocs/Documents/VSCode/Tax-App-Frontend/src/app/forms/1099-div/Form1099DivClient.tsx:96:21)
            at renderWithHooks (/Users/ryan/Library/Mobile Documents/com~apple~CloudDocs/Documents/VSCode/Tax-App-Frontend/node_modules/react-dom/cjs/react-dom.development.js:15486:18)
            at mountIndeterminateComponent (/Users/ryan/Library/Mobile Documents/com~apple~CloudDocs/Documents/VSCode/Tax-App-Frontend/node_modules/react-dom/cjs/react-dom.development.js:20103:13)
            at beginWork (/Users/ryan/Library/Mobile Documents/com~apple~CloudDocs/Documents/VSCode/Tax-App-Frontend/node_modules/react-dom/cjs/react-dom.development.js:21626:16)
            at HTMLUnknownElement.callCallback (/Users/ryan/Library/Mobile Documents/com~apple~CloudDocs/Documents/VSCode/Tax-App-Frontend/node_modules/react-dom/cjs/react-dom.development.js:4164:14)
            at HTMLUnknownElement.callTheUserObjectsOperation (/Users/ryan/Library/Mobile Documents/com~apple~CloudDocs/Documents/VSCode/Tax-App-Frontend/node_modules/jsdom/lib/jsdom/living/generated/EventListener.js:26:30)
            at innerInvokeEventListeners (/Users/ryan/Library/Mobile Documents/com~apple~CloudDocs/Documents/VSCode/Tax-App-Frontend/node_modules/jsdom/lib/jsdom/living/events/EventTarget-impl.js:350:25)
            at invokeEventListeners (/Users/ryan/Library/Mobile Documents/com~apple~CloudDocs/Documents/VSCode/Tax-App-Frontend/node_modules/jsdom/lib/jsdom/living/events/EventTarget-impl.js:286:3)
            at HTMLUnknownElementImpl._dispatch (/Users/ryan/Library/Mobile Documents/com~apple~CloudDocs/Documents/VSCode/Tax-App-Frontend/node_modules/jsdom/lib/jsdom/living/events/EventTarget-impl.js:233:9)
            at HTMLUnknownElementImpl.dispatchEvent (/Users/ryan/Library/Mobile Documents/com~apple~CloudDocs/Documents/VSCode/Tax-App-Frontend/node_modules/jsdom/lib/jsdom/living/events/EventTarget-impl.js:104:17)
            at HTMLUnknownElement.dispatchEvent (/Users/ryan/Library/Mobile Documents/com~apple~CloudDocs/Documents/VSCode/Tax-App-Frontend/node_modules/jsdom/lib/jsdom/living/generated/EventTarget.js:241:34)
            at Object.invokeGuardedCallbackDev (/Users/ryan/Library/Mobile Documents/com~apple~CloudDocs/Documents/VSCode/Tax-App-Frontend/node_modules/react-dom/cjs/react-dom.development.js:4213:16)
            at invokeGuardedCallback (/Users/ryan/Library/Mobile Documents/com~apple~CloudDocs/Documents/VSCode/Tax-App-Frontend/node_modules/react-dom/cjs/react-dom.development.js:4277:31)
            at beginWork$1 (/Users/ryan/Library/Mobile Documents/com~apple~CloudDocs/Documents/VSCode/Tax-App-Frontend/node_modules/react-dom/cjs/react-dom.development.js:27490:7)
            at performUnitOfWork (/Users/ryan/Library/Mobile Documents/com~apple~CloudDocs/Documents/VSCode/Tax-App-Frontend/node_modules/react-dom/cjs/react-dom.development.js:26599:12)
            at workLoopSync (/Users/ryan/Library/Mobile Documents/com~apple~CloudDocs/Documents/VSCode/Tax-App-Frontend/node_modules/react-dom/cjs/react-dom.development.js:26505:5)
            at renderRootSync (/Users/ryan/Library/Mobile Documents/com~apple~CloudDocs/Documents/VSCode/Tax-App-Frontend/node_modules/react-dom/cjs/react-dom.development.js:26473:7)
            at performConcurrentWorkOnRoot (/Users/ryan/Library/Mobile Documents/com~apple~CloudDocs/Documents/VSCode/Tax-App-Frontend/node_modules/react-dom/cjs/react-dom.development.js:25777:74)
            at flushActQueue (/Users/ryan/Library/Mobile Documents/com~apple~CloudDocs/Documents/VSCode/Tax-App-Frontend/node_modules/react/cjs/react.development.js:2667:24)
            at act (/Users/ryan/Library/Mobile Documents/com~apple~CloudDocs/Documents/VSCode/Tax-App-Frontend/node_modules/react/cjs/react.development.js:2582:11)
            at /Users/ryan/Library/Mobile Documents/com~apple~CloudDocs/Documents/VSCode/Tax-App-Frontend/node_modules/@testing-library/react/dist/act-compat.js:46:25
            at renderRoot (/Users/ryan/Library/Mobile Documents/com~apple~CloudDocs/Documents/VSCode/Tax-App-Frontend/node_modules/@testing-library/react/dist/pure.js:189:26)
            at render (/Users/ryan/Library/Mobile Documents/com~apple~CloudDocs/Documents/VSCode/Tax-App-Frontend/node_modules/@testing-library/react/dist/pure.js:291:10)
            at Object.<anonymous> (/Users/ryan/Library/Mobile Documents/com~apple~CloudDocs/Documents/VSCode/Tax-App-Frontend/src/app/forms/1099-div/Form1099Div.integration.test.tsx:64:13)
            at Promise.finally.completed (/Users/ryan/Library/Mobile Documents/com~apple~CloudDocs/Documents/VSCode/Tax-App-Frontend/node_modules/jest-circus/build/jestAdapterInit.js:1557:28)
            at new Promise (<anonymous>)
            at callAsyncCircusFn (/Users/ryan/Library/Mobile Documents/com~apple~CloudDocs/Documents/VSCode/Tax-App-Frontend/node_modules/jest-circus/build/jestAdapterInit.js:1497:10)
            at _callCircusTest (/Users/ryan/Library/Mobile Documents/com~apple~CloudDocs/Documents/VSCode/Tax-App-Frontend/node_modules/jest-circus/build/jestAdapterInit.js:1007:40)
            at processTicksAndRejections (node:internal/process/task_queues:95:5)
            at _runTest (/Users/ryan/Library/Mobile Documents/com~apple~CloudDocs/Documents/VSCode/Tax-App-Frontend/node_modules/jest-circus/build/jestAdapterInit.js:947:3)
            at /Users/ryan/Library/Mobile Documents/com~apple~CloudDocs/Documents/VSCode/Tax-App-Frontend/node_modules/jest-circus/build/jestAdapterInit.js:849:7
            at _runTestsForDescribeBlock (/Users/ryan/Library/Mobile Documents/com~apple~CloudDocs/Documents/VSCode/Tax-App-Frontend/node_modules/jest-circus/build/jestAdapterInit.js:862:11)
            at _runTestsForDescribeBlock (/Users/ryan/Library/Mobile Documents/com~apple~CloudDocs/Documents/VSCode/Tax-App-Frontend/node_modules/jest-circus/build/jestAdapterInit.js:857:11)
            at _runTestsForDescribeBlock (/Users/ryan/Library/Mobile Documents/com~apple~CloudDocs/Documents/VSCode/Tax-App-Frontend/node_modules/jest-circus/build/jestAdapterInit.js:857:11)
            at run (/Users/ryan/Library/Mobile Documents/com~apple~CloudDocs/Documents/VSCode/Tax-App-Frontend/node_modules/jest-circus/build/jestAdapterInit.js:761:3)
            at runAndTransformResultsToJestFormat (/Users/ryan/Library/Mobile Documents/com~apple~CloudDocs/Documents/VSCode/Tax-App-Frontend/node_modules/jest-circus/build/jestAdapterInit.js:1918:21)
            at jestAdapter (/Users/ryan/Library/Mobile Documents/com~apple~CloudDocs/Documents/VSCode/Tax-App-Frontend/node_modules/jest-circus/build/runner.js:101:19)
            at runTestInternal (/Users/ryan/Library/Mobile Documents/com~apple~CloudDocs/Documents/VSCode/Tax-App-Frontend/node_modules/jest-runner/build/testWorker.js:275:16)
            at runTest (/Users/ryan/Library/Mobile Documents/com~apple~CloudDocs/Documents/VSCode/Tax-App-Frontend/node_modules/jest-runner/build/testWorker.js:343:7)
            at Object.worker (/Users/ryan/Library/Mobile Documents/com~apple~CloudDocs/Documents/VSCode/Tax-App-Frontend/node_modules/jest-runner/build/testWorker.js:497:12),
        type: 'unhandled exception'
      }

      62 |       const user = userEvent.setup();
      63 |       
    > 64 |       render(<Form1099DivClient initialToken={mockToken} />);
         |             ^
      65 |
      66 |       // Step 1: Verify form is displayed in input mode
      67 |       expect(screen.getByRole('heading', { name: /Calendar Year/i })).toBeInTheDocument();

      at VirtualConsole.<anonymous> (node_modules/@jest/environment-jsdom-abstract/build/index.js:87:23)
      at reportException (node_modules/jsdom/lib/jsdom/living/helpers/runtime-script-errors.js:70:28)
      at innerInvokeEventListeners (node_modules/jsdom/lib/jsdom/living/events/EventTarget-impl.js:353:9)
      at invokeEventListeners (node_modules/jsdom/lib/jsdom/living/events/EventTarget-impl.js:286:3)
      at HTMLUnknownElementImpl._dispatch (node_modules/jsdom/lib/jsdom/living/events/EventTarget-impl.js:233:9)
      at HTMLUnknownElementImpl.dispatchEvent (node_modules/jsdom/lib/jsdom/living/events/EventTarget-impl.js:104:17)
      at HTMLUnknownElement.dispatchEvent (node_modules/jsdom/lib/jsdom/living/generated/EventTarget.js:241:34)
      at Object.invokeGuardedCallbackDev (node_modules/react-dom/cjs/react-dom.development.js:4213:16)
      at invokeGuardedCallback (node_modules/react-dom/cjs/react-dom.development.js:4277:31)
      at beginWork$1 (node_modules/react-dom/cjs/react-dom.development.js:27490:7)
      at performUnitOfWork (node_modules/react-dom/cjs/react-dom.development.js:26599:12)
      at workLoopSync (node_modules/react-dom/cjs/react-dom.development.js:26505:5)
      at renderRootSync (node_modules/react-dom/cjs/react-dom.development.js:26473:7)
      at performConcurrentWorkOnRoot (node_modules/react-dom/cjs/react-dom.development.js:25777:74)
      at flushActQueue (node_modules/react/cjs/react.development.js:2667:24)
      at act (node_modules/react/cjs/react.development.js:2582:11)
      at node_modules/@testing-library/react/dist/act-compat.js:46:25
      at renderRoot (node_modules/@testing-library/react/dist/pure.js:189:26)
      at render (node_modules/@testing-library/react/dist/pure.js:291:10)
      at Object.<anonymous> (src/app/forms/1099-div/Form1099Div.integration.test.tsx:64:13)

    console.error
      Error: Uncaught [TypeError: (0 , _navigation.usePathname) is not a function]
          at reportException (/Users/ryan/Library/Mobile Documents/com~apple~CloudDocs/Documents/VSCode/Tax-App-Frontend/node_modules/jsdom/lib/jsdom/living/helpers/runtime-script-errors.js:66:24)
          at innerInvokeEventListeners (/Users/ryan/Library/Mobile Documents/com~apple~CloudDocs/Documents/VSCode/Tax-App-Frontend/node_modules/jsdom/lib/jsdom/living/events/EventTarget-impl.js:353:9)
          at invokeEventListeners (/Users/ryan/Library/Mobile Documents/com~apple~CloudDocs/Documents/VSCode/Tax-App-Frontend/node_modules/jsdom/lib/jsdom/living/events/EventTarget-impl.js:286:3)
          at HTMLUnknownElementImpl._dispatch (/Users/ryan/Library/Mobile Documents/com~apple~CloudDocs/Documents/VSCode/Tax-App-Frontend/node_modules/jsdom/lib/jsdom/living/events/EventTarget-impl.js:233:9)
          at HTMLUnknownElementImpl.dispatchEvent (/Users/ryan/Library/Mobile Documents/com~apple~CloudDocs/Documents/VSCode/Tax-App-Frontend/node_modules/jsdom/lib/jsdom/living/events/EventTarget-impl.js:104:17)
          at HTMLUnknownElement.dispatchEvent (/Users/ryan/Library/Mobile Documents/com~apple~CloudDocs/Documents/VSCode/Tax-App-Frontend/node_modules/jsdom/lib/jsdom/living/generated/EventTarget.js:241:34)
          at Object.invokeGuardedCallbackDev (/Users/ryan/Library/Mobile Documents/com~apple~CloudDocs/Documents/VSCode/Tax-App-Frontend/node_modules/react-dom/cjs/react-dom.development.js:4213:16)
          at invokeGuardedCallback (/Users/ryan/Library/Mobile Documents/com~apple~CloudDocs/Documents/VSCode/Tax-App-Frontend/node_modules/react-dom/cjs/react-dom.development.js:4277:31)
          at beginWork$1 (/Users/ryan/Library/Mobile Documents/com~apple~CloudDocs/Documents/VSCode/Tax-App-Frontend/node_modules/react-dom/cjs/react-dom.development.js:27490:7)
          at performUnitOfWork (/Users/ryan/Library/Mobile Documents/com~apple~CloudDocs/Documents/VSCode/Tax-App-Frontend/node_modules/react-dom/cjs/react-dom.development.js:26599:12)
          at workLoopSync (/Users/ryan/Library/Mobile Documents/com~apple~CloudDocs/Documents/VSCode/Tax-App-Frontend/node_modules/react-dom/cjs/react-dom.development.js:26505:5)
          at renderRootSync (/Users/ryan/Library/Mobile Documents/com~apple~CloudDocs/Documents/VSCode/Tax-App-Frontend/node_modules/react-dom/cjs/react-dom.development.js:26473:7)
          at recoverFromConcurrentError (/Users/ryan/Library/Mobile Documents/com~apple~CloudDocs/Documents/VSCode/Tax-App-Frontend/node_modules/react-dom/cjs/react-dom.development.js:25889:20)
          at performConcurrentWorkOnRoot (/Users/ryan/Library/Mobile Documents/com~apple~CloudDocs/Documents/VSCode/Tax-App-Frontend/node_modules/react-dom/cjs/react-dom.development.js:25789:22)
          at flushActQueue (/Users/ryan/Library/Mobile Documents/com~apple~CloudDocs/Documents/VSCode/Tax-App-Frontend/node_modules/react/cjs/react.development.js:2667:24)
          at act (/Users/ryan/Library/Mobile Documents/com~apple~CloudDocs/Documents/VSCode/Tax-App-Frontend/node_modules/react/cjs/react.development.js:2582:11)
          at /Users/ryan/Library/Mobile Documents/com~apple~CloudDocs/Documents/VSCode/Tax-App-Frontend/node_modules/@testing-library/react/dist/act-compat.js:46:25
          at renderRoot (/Users/ryan/Library/Mobile Documents/com~apple~CloudDocs/Documents/VSCode/Tax-App-Frontend/node_modules/@testing-library/react/dist/pure.js:189:26)
          at render (/Users/ryan/Library/Mobile Documents/com~apple~CloudDocs/Documents/VSCode/Tax-App-Frontend/node_modules/@testing-library/react/dist/pure.js:291:10)
          at Object.<anonymous> (/Users/ryan/Library/Mobile Documents/com~apple~CloudDocs/Documents/VSCode/Tax-App-Frontend/src/app/forms/1099-div/Form1099Div.integration.test.tsx:64:13)
          at Promise.finally.completed (/Users/ryan/Library/Mobile Documents/com~apple~CloudDocs/Documents/VSCode/Tax-App-Frontend/node_modules/jest-circus/build/jestAdapterInit.js:1557:28)
          at new Promise (<anonymous>)
          at callAsyncCircusFn (/Users/ryan/Library/Mobile Documents/com~apple~CloudDocs/Documents/VSCode/Tax-App-Frontend/node_modules/jest-circus/build/jestAdapterInit.js:1497:10)
          at _callCircusTest (/Users/ryan/Library/Mobile Documents/com~apple~CloudDocs/Documents/VSCode/Tax-App-Frontend/node_modules/jest-circus/build/jestAdapterInit.js:1007:40)
          at processTicksAndRejections (node:internal/process/task_queues:95:5)
          at _runTest (/Users/ryan/Library/Mobile Documents/com~apple~CloudDocs/Documents/VSCode/Tax-App-Frontend/node_modules/jest-circus/build/jestAdapterInit.js:947:3)
          at /Users/ryan/Library/Mobile Documents/com~apple~CloudDocs/Documents/VSCode/Tax-App-Frontend/node_modules/jest-circus/build/jestAdapterInit.js:849:7
          at _runTestsForDescribeBlock (/Users/ryan/Library/Mobile Documents/com~apple~CloudDocs/Documents/VSCode/Tax-App-Frontend/node_modules/jest-circus/build/jestAdapterInit.js:862:11)
          at _runTestsForDescribeBlock (/Users/ryan/Library/Mobile Documents/com~apple~CloudDocs/Documents/VSCode/Tax-App-Frontend/node_modules/jest-circus/build/jestAdapterInit.js:857:11)
          at _runTestsForDescribeBlock (/Users/ryan/Library/Mobile Documents/com~apple~CloudDocs/Documents/VSCode/Tax-App-Frontend/node_modules/jest-circus/build/jestAdapterInit.js:857:11)
          at run (/Users/ryan/Library/Mobile Documents/com~apple~CloudDocs/Documents/VSCode/Tax-App-Frontend/node_modules/jest-circus/build/jestAdapterInit.js:761:3)
          at runAndTransformResultsToJestFormat (/Users/ryan/Library/Mobile Documents/com~apple~CloudDocs/Documents/VSCode/Tax-App-Frontend/node_modules/jest-circus/build/jestAdapterInit.js:1918:21)
          at jestAdapter (/Users/ryan/Library/Mobile Documents/com~apple~CloudDocs/Documents/VSCode/Tax-App-Frontend/node_modules/jest-circus/build/runner.js:101:19)
          at runTestInternal (/Users/ryan/Library/Mobile Documents/com~apple~CloudDocs/Documents/VSCode/Tax-App-Frontend/node_modules/jest-runner/build/testWorker.js:275:16)
          at runTest (/Users/ryan/Library/Mobile Documents/com~apple~CloudDocs/Documents/VSCode/Tax-App-Frontend/node_modules/jest-runner/build/testWorker.js:343:7)
          at Object.worker (/Users/ryan/Library/Mobile Documents/com~apple~CloudDocs/Documents/VSCode/Tax-App-Frontend/node_modules/jest-runner/build/testWorker.js:497:12) {
        detail: TypeError: (0 , _navigation.usePathname) is not a function
            at useForm1099Div (/Users/ryan/Library/Mobile Documents/com~apple~CloudDocs/Documents/VSCode/Tax-App-Frontend/src/hooks/useForm1099Div.ts:120:31)
            at Form1099DivClient (/Users/ryan/Library/Mobile Documents/com~apple~CloudDocs/Documents/VSCode/Tax-App-Frontend/src/app/forms/1099-div/Form1099DivClient.tsx:96:21)
            at renderWithHooks (/Users/ryan/Library/Mobile Documents/com~apple~CloudDocs/Documents/VSCode/Tax-App-Frontend/node_modules/react-dom/cjs/react-dom.development.js:15486:18)
            at mountIndeterminateComponent (/Users/ryan/Library/Mobile Documents/com~apple~CloudDocs/Documents/VSCode/Tax-App-Frontend/node_modules/react-dom/cjs/react-dom.development.js:20103:13)
            at beginWork (/Users/ryan/Library/Mobile Documents/com~apple~CloudDocs/Documents/VSCode/Tax-App-Frontend/node_modules/react-dom/cjs/react-dom.development.js:21626:16)
            at HTMLUnknownElement.callCallback (/Users/ryan/Library/Mobile Documents/com~apple~CloudDocs/Documents/VSCode/Tax-App-Frontend/node_modules/react-dom/cjs/react-dom.development.js:4164:14)
            at HTMLUnknownElement.callTheUserObjectsOperation (/Users/ryan/Library/Mobile Documents/com~apple~CloudDocs/Documents/VSCode/Tax-App-Frontend/node_modules/jsdom/lib/jsdom/living/generated/EventListener.js:26:30)
            at innerInvokeEventListeners (/Users/ryan/Library/Mobile Documents/com~apple~CloudDocs/Documents/VSCode/Tax-App-Frontend/node_modules/jsdom/lib/jsdom/living/events/EventTarget-impl.js:350:25)
            at invokeEventListeners (/Users/ryan/Library/Mobile Documents/com~apple~CloudDocs/Documents/VSCode/Tax-App-Frontend/node_modules/jsdom/lib/jsdom/living/events/EventTarget-impl.js:286:3)
            at HTMLUnknownElementImpl._dispatch (/Users/ryan/Library/Mobile Documents/com~apple~CloudDocs/Documents/VSCode/Tax-App-Frontend/node_modules/jsdom/lib/jsdom/living/events/EventTarget-impl.js:233:9)
            at HTMLUnknownElementImpl.dispatchEvent (/Users/ryan/Library/Mobile Documents/com~apple~CloudDocs/Documents/VSCode/Tax-App-Frontend/node_modules/jsdom/lib/jsdom/living/events/EventTarget-impl.js:104:17)
            at HTMLUnknownElement.dispatchEvent (/Users/ryan/Library/Mobile Documents/com~apple~CloudDocs/Documents/VSCode/Tax-App-Frontend/node_modules/jsdom/lib/jsdom/living/generated/EventTarget.js:241:34)
            at Object.invokeGuardedCallbackDev (/Users/ryan/Library/Mobile Documents/com~apple~CloudDocs/Documents/VSCode/Tax-App-Frontend/node_modules/react-dom/cjs/react-dom.development.js:4213:16)
            at invokeGuardedCallback (/Users/ryan/Library/Mobile Documents/com~apple~CloudDocs/Documents/VSCode/Tax-App-Frontend/node_modules/react-dom/cjs/react-dom.development.js:4277:31)
            at beginWork$1 (/Users/ryan/Library/Mobile Documents/com~apple~CloudDocs/Documents/VSCode/Tax-App-Frontend/node_modules/react-dom/cjs/react-dom.development.js:27490:7)
            at performUnitOfWork (/Users/ryan/Library/Mobile Documents/com~apple~CloudDocs/Documents/VSCode/Tax-App-Frontend/node_modules/react-dom/cjs/react-dom.development.js:26599:12)
            at workLoopSync (/Users/ryan/Library/Mobile Documents/com~apple~CloudDocs/Documents/VSCode/Tax-App-Frontend/node_modules/react-dom/cjs/react-dom.development.js:26505:5)
            at renderRootSync (/Users/ryan/Library/Mobile Documents/com~apple~CloudDocs/Documents/VSCode/Tax-App-Frontend/node_modules/react-dom/cjs/react-dom.development.js:26473:7)
            at recoverFromConcurrentError (/Users/ryan/Library/Mobile Documents/com~apple~CloudDocs/Documents/VSCode/Tax-App-Frontend/node_modules/react-dom/cjs/react-dom.development.js:25889:20)
            at performConcurrentWorkOnRoot (/Users/ryan/Library/Mobile Documents/com~apple~CloudDocs/Documents/VSCode/Tax-App-Frontend/node_modules/react-dom/cjs/react-dom.development.js:25789:22)
            at flushActQueue (/Users/ryan/Library/Mobile Documents/com~apple~CloudDocs/Documents/VSCode/Tax-App-Frontend/node_modules/react/cjs/react.development.js:2667:24)
            at act (/Users/ryan/Library/Mobile Documents/com~apple~CloudDocs/Documents/VSCode/Tax-App-Frontend/node_modules/react/cjs/react.development.js:2582:11)
            at /Users/ryan/Library/Mobile Documents/com~apple~CloudDocs/Documents/VSCode/Tax-App-Frontend/node_modules/@testing-library/react/dist/act-compat.js:46:25
            at renderRoot (/Users/ryan/Library/Mobile Documents/com~apple~CloudDocs/Documents/VSCode/Tax-App-Frontend/node_modules/@testing-library/react/dist/pure.js:189:26)
            at render (/Users/ryan/Library/Mobile Documents/com~apple~CloudDocs/Documents/VSCode/Tax-App-Frontend/node_modules/@testing-library/react/dist/pure.js:291:10)
            at Object.<anonymous> (/Users/ryan/Library/Mobile Documents/com~apple~CloudDocs/Documents/VSCode/Tax-App-Frontend/src/app/forms/1099-div/Form1099Div.integration.test.tsx:64:13)
            at Promise.finally.completed (/Users/ryan/Library/Mobile Documents/com~apple~CloudDocs/Documents/VSCode/Tax-App-Frontend/node_modules/jest-circus/build/jestAdapterInit.js:1557:28)
            at new Promise (<anonymous>)
            at callAsyncCircusFn (/Users/ryan/Library/Mobile Documents/com~apple~CloudDocs/Documents/VSCode/Tax-App-Frontend/node_modules/jest-circus/build/jestAdapterInit.js:1497:10)
            at _callCircusTest (/Users/ryan/Library/Mobile Documents/com~apple~CloudDocs/Documents/VSCode/Tax-App-Frontend/node_modules/jest-circus/build/jestAdapterInit.js:1007:40)
            at processTicksAndRejections (node:internal/process/task_queues:95:5)
            at _runTest (/Users/ryan/Library/Mobile Documents/com~apple~CloudDocs/Documents/VSCode/Tax-App-Frontend/node_modules/jest-circus/build/jestAdapterInit.js:947:3)
            at /Users/ryan/Library/Mobile Documents/com~apple~CloudDocs/Documents/VSCode/Tax-App-Frontend/node_modules/jest-circus/build/jestAdapterInit.js:849:7
            at _runTestsForDescribeBlock (/Users/ryan/Library/Mobile Documents/com~apple~CloudDocs/Documents/VSCode/Tax-App-Frontend/node_modules/jest-circus/build/jestAdapterInit.js:862:11)
            at _runTestsForDescribeBlock (/Users/ryan/Library/Mobile Documents/com~apple~CloudDocs/Documents/VSCode/Tax-App-Frontend/node_modules/jest-circus/build/jestAdapterInit.js:857:11)
            at _runTestsForDescribeBlock (/Users/ryan/Library/Mobile Documents/com~apple~CloudDocs/Documents/VSCode/Tax-App-Frontend/node_modules/jest-circus/build/jestAdapterInit.js:857:11)
            at run (/Users/ryan/Library/Mobile Documents/com~apple~CloudDocs/Documents/VSCode/Tax-App-Frontend/node_modules/jest-circus/build/jestAdapterInit.js:761:3)
            at runAndTransformResultsToJestFormat (/Users/ryan/Library/Mobile Documents/com~apple~CloudDocs/Documents/VSCode/Tax-App-Frontend/node_modules/jest-circus/build/jestAdapterInit.js:1918:21)
            at jestAdapter (/Users/ryan/Library/Mobile Documents/com~apple~CloudDocs/Documents/VSCode/Tax-App-Frontend/node_modules/jest-circus/build/runner.js:101:19)
            at runTestInternal (/Users/ryan/Library/Mobile Documents/com~apple~CloudDocs/Documents/VSCode/Tax-App-Frontend/node_modules/jest-runner/build/testWorker.js:275:16)
            at runTest (/Users/ryan/Library/Mobile Documents/com~apple~CloudDocs/Documents/VSCode/Tax-App-Frontend/node_modules/jest-runner/build/testWorker.js:343:7)
            at Object.worker (/Users/ryan/Library/Mobile Documents/com~apple~CloudDocs/Documents/VSCode/Tax-App-Frontend/node_modules/jest-runner/build/testWorker.js:497:12),
        type: 'unhandled exception'
      }

      62 |       const user = userEvent.setup();
      63 |       
    > 64 |       render(<Form1099DivClient initialToken={mockToken} />);
         |             ^
      65 |
      66 |       // Step 1: Verify form is displayed in input mode
      67 |       expect(screen.getByRole('heading', { name: /Calendar Year/i })).toBeInTheDocument();

      at VirtualConsole.<anonymous> (node_modules/@jest/environment-jsdom-abstract/build/index.js:87:23)
      at reportException (node_modules/jsdom/lib/jsdom/living/helpers/runtime-script-errors.js:70:28)
      at innerInvokeEventListeners (node_modules/jsdom/lib/jsdom/living/events/EventTarget-impl.js:353:9)
      at invokeEventListeners (node_modules/jsdom/lib/jsdom/living/events/EventTarget-impl.js:286:3)
      at HTMLUnknownElementImpl._dispatch (node_modules/jsdom/lib/jsdom/living/events/EventTarget-impl.js:233:9)
      at HTMLUnknownElementImpl.dispatchEvent (node_modules/jsdom/lib/jsdom/living/events/EventTarget-impl.js:104:17)
      at HTMLUnknownElement.dispatchEvent (node_modules/jsdom/lib/jsdom/living/generated/EventTarget.js:241:34)
      at Object.invokeGuardedCallbackDev (node_modules/react-dom/cjs/react-dom.development.js:4213:16)
      at invokeGuardedCallback (node_modules/react-dom/cjs/react-dom.development.js:4277:31)
      at beginWork$1 (node_modules/react-dom/cjs/react-dom.development.js:27490:7)
      at performUnitOfWork (node_modules/react-dom/cjs/react-dom.development.js:26599:12)
      at workLoopSync (node_modules/react-dom/cjs/react-dom.development.js:26505:5)
      at renderRootSync (node_modules/react-dom/cjs/react-dom.development.js:26473:7)
      at recoverFromConcurrentError (node_modules/react-dom/cjs/react-dom.development.js:25889:20)
      at performConcurrentWorkOnRoot (node_modules/react-dom/cjs/react-dom.development.js:25789:22)
      at flushActQueue (node_modules/react/cjs/react.development.js:2667:24)
      at act (node_modules/react/cjs/react.development.js:2582:11)
      at node_modules/@testing-library/react/dist/act-compat.js:46:25
      at renderRoot (node_modules/@testing-library/react/dist/pure.js:189:26)
      at render (node_modules/@testing-library/react/dist/pure.js:291:10)
      at Object.<anonymous> (src/app/forms/1099-div/Form1099Div.integration.test.tsx:64:13)

    console.error
      The above error occurred in the <Form1099DivClient> component:
      
          at initialToken (/Users/ryan/Library/Mobile Documents/com~apple~CloudDocs/Documents/VSCode/Tax-App-Frontend/src/app/forms/1099-div/Form1099DivClient.tsx:69:3)
      
      Consider adding an error boundary to your tree to customize error handling behavior.
      Visit https://reactjs.org/link/error-boundaries to learn more about error boundaries.

      62 |       const user = userEvent.setup();
      63 |       
    > 64 |       render(<Form1099DivClient initialToken={mockToken} />);
         |             ^
      65 |
      66 |       // Step 1: Verify form is displayed in input mode
      67 |       expect(screen.getByRole('heading', { name: /Calendar Year/i })).toBeInTheDocument();

      at logCapturedError (node_modules/react-dom/cjs/react-dom.development.js:18704:23)
      at update.callback (node_modules/react-dom/cjs/react-dom.development.js:18737:5)
      at callCallback (node_modules/react-dom/cjs/react-dom.development.js:15036:12)
      at commitUpdateQueue (node_modules/react-dom/cjs/react-dom.development.js:15057:9)
      at commitLayoutEffectOnFiber (node_modules/react-dom/cjs/react-dom.development.js:23430:13)
      at commitLayoutMountEffects_complete (node_modules/react-dom/cjs/react-dom.development.js:24727:9)
      at commitLayoutEffects_begin (node_modules/react-dom/cjs/react-dom.development.js:24713:7)
      at commitLayoutEffects (node_modules/react-dom/cjs/react-dom.development.js:24651:3)
      at commitRootImpl (node_modules/react-dom/cjs/react-dom.development.js:26862:5)
      at commitRoot (node_modules/react-dom/cjs/react-dom.development.js:26721:5)
      at finishConcurrentRender (node_modules/react-dom/cjs/react-dom.development.js:25931:9)
      at performConcurrentWorkOnRoot (node_modules/react-dom/cjs/react-dom.development.js:25848:7)
      at flushActQueue (node_modules/react/cjs/react.development.js:2667:24)
      at act (node_modules/react/cjs/react.development.js:2582:11)
      at node_modules/@testing-library/react/dist/act-compat.js:46:25
      at renderRoot (node_modules/@testing-library/react/dist/pure.js:189:26)
      at render (node_modules/@testing-library/react/dist/pure.js:291:10)
      at Object.<anonymous> (src/app/forms/1099-div/Form1099Div.integration.test.tsx:64:13)

    console.error
      Error: Uncaught [TypeError: (0 , _navigation.usePathname) is not a function]
          at reportException (/Users/ryan/Library/Mobile Documents/com~apple~CloudDocs/Documents/VSCode/Tax-App-Frontend/node_modules/jsdom/lib/jsdom/living/helpers/runtime-script-errors.js:66:24)
          at innerInvokeEventListeners (/Users/ryan/Library/Mobile Documents/com~apple~CloudDocs/Documents/VSCode/Tax-App-Frontend/node_modules/jsdom/lib/jsdom/living/events/EventTarget-impl.js:353:9)
          at invokeEventListeners (/Users/ryan/Library/Mobile Documents/com~apple~CloudDocs/Documents/VSCode/Tax-App-Frontend/node_modules/jsdom/lib/jsdom/living/events/EventTarget-impl.js:286:3)
          at HTMLUnknownElementImpl._dispatch (/Users/ryan/Library/Mobile Documents/com~apple~CloudDocs/Documents/VSCode/Tax-App-Frontend/node_modules/jsdom/lib/jsdom/living/events/EventTarget-impl.js:233:9)
          at HTMLUnknownElementImpl.dispatchEvent (/Users/ryan/Library/Mobile Documents/com~apple~CloudDocs/Documents/VSCode/Tax-App-Frontend/node_modules/jsdom/lib/jsdom/living/events/EventTarget-impl.js:104:17)
          at HTMLUnknownElement.dispatchEvent (/Users/ryan/Library/Mobile Documents/com~apple~CloudDocs/Documents/VSCode/Tax-App-Frontend/node_modules/jsdom/lib/jsdom/living/generated/EventTarget.js:241:34)
          at Object.invokeGuardedCallbackDev (/Users/ryan/Library/Mobile Documents/com~apple~CloudDocs/Documents/VSCode/Tax-App-Frontend/node_modules/react-dom/cjs/react-dom.development.js:4213:16)
          at invokeGuardedCallback (/Users/ryan/Library/Mobile Documents/com~apple~CloudDocs/Documents/VSCode/Tax-App-Frontend/node_modules/react-dom/cjs/react-dom.development.js:4277:31)
          at beginWork$1 (/Users/ryan/Library/Mobile Documents/com~apple~CloudDocs/Documents/VSCode/Tax-App-Frontend/node_modules/react-dom/cjs/react-dom.development.js:27490:7)
          at performUnitOfWork (/Users/ryan/Library/Mobile Documents/com~apple~CloudDocs/Documents/VSCode/Tax-App-Frontend/node_modules/react-dom/cjs/react-dom.development.js:26599:12)
          at workLoopSync (/Users/ryan/Library/Mobile Documents/com~apple~CloudDocs/Documents/VSCode/Tax-App-Frontend/node_modules/react-dom/cjs/react-dom.development.js:26505:5)
          at renderRootSync (/Users/ryan/Library/Mobile Documents/com~apple~CloudDocs/Documents/VSCode/Tax-App-Frontend/node_modules/react-dom/cjs/react-dom.development.js:26473:7)
          at performConcurrentWorkOnRoot (/Users/ryan/Library/Mobile Documents/com~apple~CloudDocs/Documents/VSCode/Tax-App-Frontend/node_modules/react-dom/cjs/react-dom.development.js:25777:74)
          at flushActQueue (/Users/ryan/Library/Mobile Documents/com~apple~CloudDocs/Documents/VSCode/Tax-App-Frontend/node_modules/react/cjs/react.development.js:2667:24)
          at act (/Users/ryan/Library/Mobile Documents/com~apple~CloudDocs/Documents/VSCode/Tax-App-Frontend/node_modules/react/cjs/react.development.js:2582:11)
          at /Users/ryan/Library/Mobile Documents/com~apple~CloudDocs/Documents/VSCode/Tax-App-Frontend/node_modules/@testing-library/react/dist/act-compat.js:46:25
          at renderRoot (/Users/ryan/Library/Mobile Documents/com~apple~CloudDocs/Documents/VSCode/Tax-App-Frontend/node_modules/@testing-library/react/dist/pure.js:189:26)
          at render (/Users/ryan/Library/Mobile Documents/com~apple~CloudDocs/Documents/VSCode/Tax-App-Frontend/node_modules/@testing-library/react/dist/pure.js:291:10)
          at Object.<anonymous> (/Users/ryan/Library/Mobile Documents/com~apple~CloudDocs/Documents/VSCode/Tax-App-Frontend/src/app/forms/1099-div/Form1099Div.integration.test.tsx:145:13)
          at Promise.finally.completed (/Users/ryan/Library/Mobile Documents/com~apple~CloudDocs/Documents/VSCode/Tax-App-Frontend/node_modules/jest-circus/build/jestAdapterInit.js:1557:28)
          at new Promise (<anonymous>)
          at callAsyncCircusFn (/Users/ryan/Library/Mobile Documents/com~apple~CloudDocs/Documents/VSCode/Tax-App-Frontend/node_modules/jest-circus/build/jestAdapterInit.js:1497:10)
          at _callCircusTest (/Users/ryan/Library/Mobile Documents/com~apple~CloudDocs/Documents/VSCode/Tax-App-Frontend/node_modules/jest-circus/build/jestAdapterInit.js:1007:40)
          at processTicksAndRejections (node:internal/process/task_queues:95:5)
          at _runTest (/Users/ryan/Library/Mobile Documents/com~apple~CloudDocs/Documents/VSCode/Tax-App-Frontend/node_modules/jest-circus/build/jestAdapterInit.js:947:3)
          at /Users/ryan/Library/Mobile Documents/com~apple~CloudDocs/Documents/VSCode/Tax-App-Frontend/node_modules/jest-circus/build/jestAdapterInit.js:849:7
          at _runTestsForDescribeBlock (/Users/ryan/Library/Mobile Documents/com~apple~CloudDocs/Documents/VSCode/Tax-App-Frontend/node_modules/jest-circus/build/jestAdapterInit.js:862:11)
          at _runTestsForDescribeBlock (/Users/ryan/Library/Mobile Documents/com~apple~CloudDocs/Documents/VSCode/Tax-App-Frontend/node_modules/jest-circus/build/jestAdapterInit.js:857:11)
          at _runTestsForDescribeBlock (/Users/ryan/Library/Mobile Documents/com~apple~CloudDocs/Documents/VSCode/Tax-App-Frontend/node_modules/jest-circus/build/jestAdapterInit.js:857:11)
          at run (/Users/ryan/Library/Mobile Documents/com~apple~CloudDocs/Documents/VSCode/Tax-App-Frontend/node_modules/jest-circus/build/jestAdapterInit.js:761:3)
          at runAndTransformResultsToJestFormat (/Users/ryan/Library/Mobile Documents/com~apple~CloudDocs/Documents/VSCode/Tax-App-Frontend/node_modules/jest-circus/build/jestAdapterInit.js:1918:21)
          at jestAdapter (/Users/ryan/Library/Mobile Documents/com~apple~CloudDocs/Documents/VSCode/Tax-App-Frontend/node_modules/jest-circus/build/runner.js:101:19)
          at runTestInternal (/Users/ryan/Library/Mobile Documents/com~apple~CloudDocs/Documents/VSCode/Tax-App-Frontend/node_modules/jest-runner/build/testWorker.js:275:16)
          at runTest (/Users/ryan/Library/Mobile Documents/com~apple~CloudDocs/Documents/VSCode/Tax-App-Frontend/node_modules/jest-runner/build/testWorker.js:343:7)
          at Object.worker (/Users/ryan/Library/Mobile Documents/com~apple~CloudDocs/Documents/VSCode/Tax-App-Frontend/node_modules/jest-runner/build/testWorker.js:497:12) {
        detail: TypeError: (0 , _navigation.usePathname) is not a function
            at useForm1099Div (/Users/ryan/Library/Mobile Documents/com~apple~CloudDocs/Documents/VSCode/Tax-App-Frontend/src/hooks/useForm1099Div.ts:120:31)
            at Form1099DivClient (/Users/ryan/Library/Mobile Documents/com~apple~CloudDocs/Documents/VSCode/Tax-App-Frontend/src/app/forms/1099-div/Form1099DivClient.tsx:96:21)
            at renderWithHooks (/Users/ryan/Library/Mobile Documents/com~apple~CloudDocs/Documents/VSCode/Tax-App-Frontend/node_modules/react-dom/cjs/react-dom.development.js:15486:18)
            at mountIndeterminateComponent (/Users/ryan/Library/Mobile Documents/com~apple~CloudDocs/Documents/VSCode/Tax-App-Frontend/node_modules/react-dom/cjs/react-dom.development.js:20103:13)
            at beginWork (/Users/ryan/Library/Mobile Documents/com~apple~CloudDocs/Documents/VSCode/Tax-App-Frontend/node_modules/react-dom/cjs/react-dom.development.js:21626:16)
            at HTMLUnknownElement.callCallback (/Users/ryan/Library/Mobile Documents/com~apple~CloudDocs/Documents/VSCode/Tax-App-Frontend/node_modules/react-dom/cjs/react-dom.development.js:4164:14)
            at HTMLUnknownElement.callTheUserObjectsOperation (/Users/ryan/Library/Mobile Documents/com~apple~CloudDocs/Documents/VSCode/Tax-App-Frontend/node_modules/jsdom/lib/jsdom/living/generated/EventListener.js:26:30)
            at innerInvokeEventListeners (/Users/ryan/Library/Mobile Documents/com~apple~CloudDocs/Documents/VSCode/Tax-App-Frontend/node_modules/jsdom/lib/jsdom/living/events/EventTarget-impl.js:350:25)
            at invokeEventListeners (/Users/ryan/Library/Mobile Documents/com~apple~CloudDocs/Documents/VSCode/Tax-App-Frontend/node_modules/jsdom/lib/jsdom/living/events/EventTarget-impl.js:286:3)
            at HTMLUnknownElementImpl._dispatch (/Users/ryan/Library/Mobile Documents/com~apple~CloudDocs/Documents/VSCode/Tax-App-Frontend/node_modules/jsdom/lib/jsdom/living/events/EventTarget-impl.js:233:9)
            at HTMLUnknownElementImpl.dispatchEvent (/Users/ryan/Library/Mobile Documents/com~apple~CloudDocs/Documents/VSCode/Tax-App-Frontend/node_modules/jsdom/lib/jsdom/living/events/EventTarget-impl.js:104:17)
            at HTMLUnknownElement.dispatchEvent (/Users/ryan/Library/Mobile Documents/com~apple~CloudDocs/Documents/VSCode/Tax-App-Frontend/node_modules/jsdom/lib/jsdom/living/generated/EventTarget.js:241:34)
            at Object.invokeGuardedCallbackDev (/Users/ryan/Library/Mobile Documents/com~apple~CloudDocs/Documents/VSCode/Tax-App-Frontend/node_modules/react-dom/cjs/react-dom.development.js:4213:16)
            at invokeGuardedCallback (/Users/ryan/Library/Mobile Documents/com~apple~CloudDocs/Documents/VSCode/Tax-App-Frontend/node_modules/react-dom/cjs/react-dom.development.js:4277:31)
            at beginWork$1 (/Users/ryan/Library/Mobile Documents/com~apple~CloudDocs/Documents/VSCode/Tax-App-Frontend/node_modules/react-dom/cjs/react-dom.development.js:27490:7)
            at performUnitOfWork (/Users/ryan/Library/Mobile Documents/com~apple~CloudDocs/Documents/VSCode/Tax-App-Frontend/node_modules/react-dom/cjs/react-dom.development.js:26599:12)
            at workLoopSync (/Users/ryan/Library/Mobile Documents/com~apple~CloudDocs/Documents/VSCode/Tax-App-Frontend/node_modules/react-dom/cjs/react-dom.development.js:26505:5)
            at renderRootSync (/Users/ryan/Library/Mobile Documents/com~apple~CloudDocs/Documents/VSCode/Tax-App-Frontend/node_modules/react-dom/cjs/react-dom.development.js:26473:7)
            at performConcurrentWorkOnRoot (/Users/ryan/Library/Mobile Documents/com~apple~CloudDocs/Documents/VSCode/Tax-App-Frontend/node_modules/react-dom/cjs/react-dom.development.js:25777:74)
            at flushActQueue (/Users/ryan/Library/Mobile Documents/com~apple~CloudDocs/Documents/VSCode/Tax-App-Frontend/node_modules/react/cjs/react.development.js:2667:24)
            at act (/Users/ryan/Library/Mobile Documents/com~apple~CloudDocs/Documents/VSCode/Tax-App-Frontend/node_modules/react/cjs/react.development.js:2582:11)
            at /Users/ryan/Library/Mobile Documents/com~apple~CloudDocs/Documents/VSCode/Tax-App-Frontend/node_modules/@testing-library/react/dist/act-compat.js:46:25
            at renderRoot (/Users/ryan/Library/Mobile Documents/com~apple~CloudDocs/Documents/VSCode/Tax-App-Frontend/node_modules/@testing-library/react/dist/pure.js:189:26)
            at render (/Users/ryan/Library/Mobile Documents/com~apple~CloudDocs/Documents/VSCode/Tax-App-Frontend/node_modules/@testing-library/react/dist/pure.js:291:10)
            at Object.<anonymous> (/Users/ryan/Library/Mobile Documents/com~apple~CloudDocs/Documents/VSCode/Tax-App-Frontend/src/app/forms/1099-div/Form1099Div.integration.test.tsx:145:13)
            at Promise.finally.completed (/Users/ryan/Library/Mobile Documents/com~apple~CloudDocs/Documents/VSCode/Tax-App-Frontend/node_modules/jest-circus/build/jestAdapterInit.js:1557:28)
            at new Promise (<anonymous>)
            at callAsyncCircusFn (/Users/ryan/Library/Mobile Documents/com~apple~CloudDocs/Documents/VSCode/Tax-App-Frontend/node_modules/jest-circus/build/jestAdapterInit.js:1497:10)
            at _callCircusTest (/Users/ryan/Library/Mobile Documents/com~apple~CloudDocs/Documents/VSCode/Tax-App-Frontend/node_modules/jest-circus/build/jestAdapterInit.js:1007:40)
            at processTicksAndRejections (node:internal/process/task_queues:95:5)
            at _runTest (/Users/ryan/Library/Mobile Documents/com~apple~CloudDocs/Documents/VSCode/Tax-App-Frontend/node_modules/jest-circus/build/jestAdapterInit.js:947:3)
            at /Users/ryan/Library/Mobile Documents/com~apple~CloudDocs/Documents/VSCode/Tax-App-Frontend/node_modules/jest-circus/build/jestAdapterInit.js:849:7
            at _runTestsForDescribeBlock (/Users/ryan/Library/Mobile Documents/com~apple~CloudDocs/Documents/VSCode/Tax-App-Frontend/node_modules/jest-circus/build/jestAdapterInit.js:862:11)
            at _runTestsForDescribeBlock (/Users/ryan/Library/Mobile Documents/com~apple~CloudDocs/Documents/VSCode/Tax-App-Frontend/node_modules/jest-circus/build/jestAdapterInit.js:857:11)
            at _runTestsForDescribeBlock (/Users/ryan/Library/Mobile Documents/com~apple~CloudDocs/Documents/VSCode/Tax-App-Frontend/node_modules/jest-circus/build/jestAdapterInit.js:857:11)
            at run (/Users/ryan/Library/Mobile Documents/com~apple~CloudDocs/Documents/VSCode/Tax-App-Frontend/node_modules/jest-circus/build/jestAdapterInit.js:761:3)
            at runAndTransformResultsToJestFormat (/Users/ryan/Library/Mobile Documents/com~apple~CloudDocs/Documents/VSCode/Tax-App-Frontend/node_modules/jest-circus/build/jestAdapterInit.js:1918:21)
            at jestAdapter (/Users/ryan/Library/Mobile Documents/com~apple~CloudDocs/Documents/VSCode/Tax-App-Frontend/node_modules/jest-circus/build/runner.js:101:19)
            at runTestInternal (/Users/ryan/Library/Mobile Documents/com~apple~CloudDocs/Documents/VSCode/Tax-App-Frontend/node_modules/jest-runner/build/testWorker.js:275:16)
            at runTest (/Users/ryan/Library/Mobile Documents/com~apple~CloudDocs/Documents/VSCode/Tax-App-Frontend/node_modules/jest-runner/build/testWorker.js:343:7)
            at Object.worker (/Users/ryan/Library/Mobile Documents/com~apple~CloudDocs/Documents/VSCode/Tax-App-Frontend/node_modules/jest-runner/build/testWorker.js:497:12),
        type: 'unhandled exception'
      }

      143 |       const user = userEvent.setup();
      144 |       
    > 145 |       render(<Form1099DivClient initialToken={mockToken} />);
          |             ^
      146 |
      147 |       // Step 1: Fill in initial data
      148 |       const calendarYearInput = screen.getByLabelText(/Tax Year/i);

      at VirtualConsole.<anonymous> (node_modules/@jest/environment-jsdom-abstract/build/index.js:87:23)
      at reportException (node_modules/jsdom/lib/jsdom/living/helpers/runtime-script-errors.js:70:28)
      at innerInvokeEventListeners (node_modules/jsdom/lib/jsdom/living/events/EventTarget-impl.js:353:9)
      at invokeEventListeners (node_modules/jsdom/lib/jsdom/living/events/EventTarget-impl.js:286:3)
      at HTMLUnknownElementImpl._dispatch (node_modules/jsdom/lib/jsdom/living/events/EventTarget-impl.js:233:9)
      at HTMLUnknownElementImpl.dispatchEvent (node_modules/jsdom/lib/jsdom/living/events/EventTarget-impl.js:104:17)
      at HTMLUnknownElement.dispatchEvent (node_modules/jsdom/lib/jsdom/living/generated/EventTarget.js:241:34)
      at Object.invokeGuardedCallbackDev (node_modules/react-dom/cjs/react-dom.development.js:4213:16)
      at invokeGuardedCallback (node_modules/react-dom/cjs/react-dom.development.js:4277:31)
      at beginWork$1 (node_modules/react-dom/cjs/react-dom.development.js:27490:7)
      at performUnitOfWork (node_modules/react-dom/cjs/react-dom.development.js:26599:12)
      at workLoopSync (node_modules/react-dom/cjs/react-dom.development.js:26505:5)
      at renderRootSync (node_modules/react-dom/cjs/react-dom.development.js:26473:7)
      at performConcurrentWorkOnRoot (node_modules/react-dom/cjs/react-dom.development.js:25777:74)
      at flushActQueue (node_modules/react/cjs/react.development.js:2667:24)
      at act (node_modules/react/cjs/react.development.js:2582:11)
      at node_modules/@testing-library/react/dist/act-compat.js:46:25
      at renderRoot (node_modules/@testing-library/react/dist/pure.js:189:26)
      at render (node_modules/@testing-library/react/dist/pure.js:291:10)
      at Object.<anonymous> (src/app/forms/1099-div/Form1099Div.integration.test.tsx:145:13)

    console.error
      Error: Uncaught [TypeError: (0 , _navigation.usePathname) is not a function]
          at reportException (/Users/ryan/Library/Mobile Documents/com~apple~CloudDocs/Documents/VSCode/Tax-App-Frontend/node_modules/jsdom/lib/jsdom/living/helpers/runtime-script-errors.js:66:24)
          at innerInvokeEventListeners (/Users/ryan/Library/Mobile Documents/com~apple~CloudDocs/Documents/VSCode/Tax-App-Frontend/node_modules/jsdom/lib/jsdom/living/events/EventTarget-impl.js:353:9)
          at invokeEventListeners (/Users/ryan/Library/Mobile Documents/com~apple~CloudDocs/Documents/VSCode/Tax-App-Frontend/node_modules/jsdom/lib/jsdom/living/events/EventTarget-impl.js:286:3)
          at HTMLUnknownElementImpl._dispatch (/Users/ryan/Library/Mobile Documents/com~apple~CloudDocs/Documents/VSCode/Tax-App-Frontend/node_modules/jsdom/lib/jsdom/living/events/EventTarget-impl.js:233:9)
          at HTMLUnknownElementImpl.dispatchEvent (/Users/ryan/Library/Mobile Documents/com~apple~CloudDocs/Documents/VSCode/Tax-App-Frontend/node_modules/jsdom/lib/jsdom/living/events/EventTarget-impl.js:104:17)
          at HTMLUnknownElement.dispatchEvent (/Users/ryan/Library/Mobile Documents/com~apple~CloudDocs/Documents/VSCode/Tax-App-Frontend/node_modules/jsdom/lib/jsdom/living/generated/EventTarget.js:241:34)
          at Object.invokeGuardedCallbackDev (/Users/ryan/Library/Mobile Documents/com~apple~CloudDocs/Documents/VSCode/Tax-App-Frontend/node_modules/react-dom/cjs/react-dom.development.js:4213:16)
          at invokeGuardedCallback (/Users/ryan/Library/Mobile Documents/com~apple~CloudDocs/Documents/VSCode/Tax-App-Frontend/node_modules/react-dom/cjs/react-dom.development.js:4277:31)
          at beginWork$1 (/Users/ryan/Library/Mobile Documents/com~apple~CloudDocs/Documents/VSCode/Tax-App-Frontend/node_modules/react-dom/cjs/react-dom.development.js:27490:7)
          at performUnitOfWork (/Users/ryan/Library/Mobile Documents/com~apple~CloudDocs/Documents/VSCode/Tax-App-Frontend/node_modules/react-dom/cjs/react-dom.development.js:26599:12)
          at workLoopSync (/Users/ryan/Library/Mobile Documents/com~apple~CloudDocs/Documents/VSCode/Tax-App-Frontend/node_modules/react-dom/cjs/react-dom.development.js:26505:5)
          at renderRootSync (/Users/ryan/Library/Mobile Documents/com~apple~CloudDocs/Documents/VSCode/Tax-App-Frontend/node_modules/react-dom/cjs/react-dom.development.js:26473:7)
          at recoverFromConcurrentError (/Users/ryan/Library/Mobile Documents/com~apple~CloudDocs/Documents/VSCode/Tax-App-Frontend/node_modules/react-dom/cjs/react-dom.development.js:25889:20)
          at performConcurrentWorkOnRoot (/Users/ryan/Library/Mobile Documents/com~apple~CloudDocs/Documents/VSCode/Tax-App-Frontend/node_modules/react-dom/cjs/react-dom.development.js:25789:22)
          at flushActQueue (/Users/ryan/Library/Mobile Documents/com~apple~CloudDocs/Documents/VSCode/Tax-App-Frontend/node_modules/react/cjs/react.development.js:2667:24)
          at act (/Users/ryan/Library/Mobile Documents/com~apple~CloudDocs/Documents/VSCode/Tax-App-Frontend/node_modules/react/cjs/react.development.js:2582:11)
          at /Users/ryan/Library/Mobile Documents/com~apple~CloudDocs/Documents/VSCode/Tax-App-Frontend/node_modules/@testing-library/react/dist/act-compat.js:46:25
          at renderRoot (/Users/ryan/Library/Mobile Documents/com~apple~CloudDocs/Documents/VSCode/Tax-App-Frontend/node_modules/@testing-library/react/dist/pure.js:189:26)
          at render (/Users/ryan/Library/Mobile Documents/com~apple~CloudDocs/Documents/VSCode/Tax-App-Frontend/node_modules/@testing-library/react/dist/pure.js:291:10)
          at Object.<anonymous> (/Users/ryan/Library/Mobile Documents/com~apple~CloudDocs/Documents/VSCode/Tax-App-Frontend/src/app/forms/1099-div/Form1099Div.integration.test.tsx:145:13)
          at Promise.finally.completed (/Users/ryan/Library/Mobile Documents/com~apple~CloudDocs/Documents/VSCode/Tax-App-Frontend/node_modules/jest-circus/build/jestAdapterInit.js:1557:28)
          at new Promise (<anonymous>)
          at callAsyncCircusFn (/Users/ryan/Library/Mobile Documents/com~apple~CloudDocs/Documents/VSCode/Tax-App-Frontend/node_modules/jest-circus/build/jestAdapterInit.js:1497:10)
          at _callCircusTest (/Users/ryan/Library/Mobile Documents/com~apple~CloudDocs/Documents/VSCode/Tax-App-Frontend/node_modules/jest-circus/build/jestAdapterInit.js:1007:40)
          at processTicksAndRejections (node:internal/process/task_queues:95:5)
          at _runTest (/Users/ryan/Library/Mobile Documents/com~apple~CloudDocs/Documents/VSCode/Tax-App-Frontend/node_modules/jest-circus/build/jestAdapterInit.js:947:3)
          at /Users/ryan/Library/Mobile Documents/com~apple~CloudDocs/Documents/VSCode/Tax-App-Frontend/node_modules/jest-circus/build/jestAdapterInit.js:849:7
          at _runTestsForDescribeBlock (/Users/ryan/Library/Mobile Documents/com~apple~CloudDocs/Documents/VSCode/Tax-App-Frontend/node_modules/jest-circus/build/jestAdapterInit.js:862:11)
          at _runTestsForDescribeBlock (/Users/ryan/Library/Mobile Documents/com~apple~CloudDocs/Documents/VSCode/Tax-App-Frontend/node_modules/jest-circus/build/jestAdapterInit.js:857:11)
          at _runTestsForDescribeBlock (/Users/ryan/Library/Mobile Documents/com~apple~CloudDocs/Documents/VSCode/Tax-App-Frontend/node_modules/jest-circus/build/jestAdapterInit.js:857:11)
          at run (/Users/ryan/Library/Mobile Documents/com~apple~CloudDocs/Documents/VSCode/Tax-App-Frontend/node_modules/jest-circus/build/jestAdapterInit.js:761:3)
          at runAndTransformResultsToJestFormat (/Users/ryan/Library/Mobile Documents/com~apple~CloudDocs/Documents/VSCode/Tax-App-Frontend/node_modules/jest-circus/build/jestAdapterInit.js:1918:21)
          at jestAdapter (/Users/ryan/Library/Mobile Documents/com~apple~CloudDocs/Documents/VSCode/Tax-App-Frontend/node_modules/jest-circus/build/runner.js:101:19)
          at runTestInternal (/Users/ryan/Library/Mobile Documents/com~apple~CloudDocs/Documents/VSCode/Tax-App-Frontend/node_modules/jest-runner/build/testWorker.js:275:16)
          at runTest (/Users/ryan/Library/Mobile Documents/com~apple~CloudDocs/Documents/VSCode/Tax-App-Frontend/node_modules/jest-runner/build/testWorker.js:343:7)
          at Object.worker (/Users/ryan/Library/Mobile Documents/com~apple~CloudDocs/Documents/VSCode/Tax-App-Frontend/node_modules/jest-runner/build/testWorker.js:497:12) {
        detail: TypeError: (0 , _navigation.usePathname) is not a function
            at useForm1099Div (/Users/ryan/Library/Mobile Documents/com~apple~CloudDocs/Documents/VSCode/Tax-App-Frontend/src/hooks/useForm1099Div.ts:120:31)
            at Form1099DivClient (/Users/ryan/Library/Mobile Documents/com~apple~CloudDocs/Documents/VSCode/Tax-App-Frontend/src/app/forms/1099-div/Form1099DivClient.tsx:96:21)
            at renderWithHooks (/Users/ryan/Library/Mobile Documents/com~apple~CloudDocs/Documents/VSCode/Tax-App-Frontend/node_modules/react-dom/cjs/react-dom.development.js:15486:18)
            at mountIndeterminateComponent (/Users/ryan/Library/Mobile Documents/com~apple~CloudDocs/Documents/VSCode/Tax-App-Frontend/node_modules/react-dom/cjs/react-dom.development.js:20103:13)
            at beginWork (/Users/ryan/Library/Mobile Documents/com~apple~CloudDocs/Documents/VSCode/Tax-App-Frontend/node_modules/react-dom/cjs/react-dom.development.js:21626:16)
            at HTMLUnknownElement.callCallback (/Users/ryan/Library/Mobile Documents/com~apple~CloudDocs/Documents/VSCode/Tax-App-Frontend/node_modules/react-dom/cjs/react-dom.development.js:4164:14)
            at HTMLUnknownElement.callTheUserObjectsOperation (/Users/ryan/Library/Mobile Documents/com~apple~CloudDocs/Documents/VSCode/Tax-App-Frontend/node_modules/jsdom/lib/jsdom/living/generated/EventListener.js:26:30)
            at innerInvokeEventListeners (/Users/ryan/Library/Mobile Documents/com~apple~CloudDocs/Documents/VSCode/Tax-App-Frontend/node_modules/jsdom/lib/jsdom/living/events/EventTarget-impl.js:350:25)
            at invokeEventListeners (/Users/ryan/Library/Mobile Documents/com~apple~CloudDocs/Documents/VSCode/Tax-App-Frontend/node_modules/jsdom/lib/jsdom/living/events/EventTarget-impl.js:286:3)
            at HTMLUnknownElementImpl._dispatch (/Users/ryan/Library/Mobile Documents/com~apple~CloudDocs/Documents/VSCode/Tax-App-Frontend/node_modules/jsdom/lib/jsdom/living/events/EventTarget-impl.js:233:9)
            at HTMLUnknownElementImpl.dispatchEvent (/Users/ryan/Library/Mobile Documents/com~apple~CloudDocs/Documents/VSCode/Tax-App-Frontend/node_modules/jsdom/lib/jsdom/living/events/EventTarget-impl.js:104:17)
            at HTMLUnknownElement.dispatchEvent (/Users/ryan/Library/Mobile Documents/com~apple~CloudDocs/Documents/VSCode/Tax-App-Frontend/node_modules/jsdom/lib/jsdom/living/generated/EventTarget.js:241:34)
            at Object.invokeGuardedCallbackDev (/Users/ryan/Library/Mobile Documents/com~apple~CloudDocs/Documents/VSCode/Tax-App-Frontend/node_modules/react-dom/cjs/react-dom.development.js:4213:16)
            at invokeGuardedCallback (/Users/ryan/Library/Mobile Documents/com~apple~CloudDocs/Documents/VSCode/Tax-App-Frontend/node_modules/react-dom/cjs/react-dom.development.js:4277:31)
            at beginWork$1 (/Users/ryan/Library/Mobile Documents/com~apple~CloudDocs/Documents/VSCode/Tax-App-Frontend/node_modules/react-dom/cjs/react-dom.development.js:27490:7)
            at performUnitOfWork (/Users/ryan/Library/Mobile Documents/com~apple~CloudDocs/Documents/VSCode/Tax-App-Frontend/node_modules/react-dom/cjs/react-dom.development.js:26599:12)
            at workLoopSync (/Users/ryan/Library/Mobile Documents/com~apple~CloudDocs/Documents/VSCode/Tax-App-Frontend/node_modules/react-dom/cjs/react-dom.development.js:26505:5)
            at renderRootSync (/Users/ryan/Library/Mobile Documents/com~apple~CloudDocs/Documents/VSCode/Tax-App-Frontend/node_modules/react-dom/cjs/react-dom.development.js:26473:7)
            at recoverFromConcurrentError (/Users/ryan/Library/Mobile Documents/com~apple~CloudDocs/Documents/VSCode/Tax-App-Frontend/node_modules/react-dom/cjs/react-dom.development.js:25889:20)
            at performConcurrentWorkOnRoot (/Users/ryan/Library/Mobile Documents/com~apple~CloudDocs/Documents/VSCode/Tax-App-Frontend/node_modules/react-dom/cjs/react-dom.development.js:25789:22)
            at flushActQueue (/Users/ryan/Library/Mobile Documents/com~apple~CloudDocs/Documents/VSCode/Tax-App-Frontend/node_modules/react/cjs/react.development.js:2667:24)
            at act (/Users/ryan/Library/Mobile Documents/com~apple~CloudDocs/Documents/VSCode/Tax-App-Frontend/node_modules/react/cjs/react.development.js:2582:11)
            at /Users/ryan/Library/Mobile Documents/com~apple~CloudDocs/Documents/VSCode/Tax-App-Frontend/node_modules/@testing-library/react/dist/act-compat.js:46:25
            at renderRoot (/Users/ryan/Library/Mobile Documents/com~apple~CloudDocs/Documents/VSCode/Tax-App-Frontend/node_modules/@testing-library/react/dist/pure.js:189:26)
            at render (/Users/ryan/Library/Mobile Documents/com~apple~CloudDocs/Documents/VSCode/Tax-App-Frontend/node_modules/@testing-library/react/dist/pure.js:291:10)
            at Object.<anonymous> (/Users/ryan/Library/Mobile Documents/com~apple~CloudDocs/Documents/VSCode/Tax-App-Frontend/src/app/forms/1099-div/Form1099Div.integration.test.tsx:145:13)
            at Promise.finally.completed (/Users/ryan/Library/Mobile Documents/com~apple~CloudDocs/Documents/VSCode/Tax-App-Frontend/node_modules/jest-circus/build/jestAdapterInit.js:1557:28)
            at new Promise (<anonymous>)
            at callAsyncCircusFn (/Users/ryan/Library/Mobile Documents/com~apple~CloudDocs/Documents/VSCode/Tax-App-Frontend/node_modules/jest-circus/build/jestAdapterInit.js:1497:10)
            at _callCircusTest (/Users/ryan/Library/Mobile Documents/com~apple~CloudDocs/Documents/VSCode/Tax-App-Frontend/node_modules/jest-circus/build/jestAdapterInit.js:1007:40)
            at processTicksAndRejections (node:internal/process/task_queues:95:5)
            at _runTest (/Users/ryan/Library/Mobile Documents/com~apple~CloudDocs/Documents/VSCode/Tax-App-Frontend/node_modules/jest-circus/build/jestAdapterInit.js:947:3)
            at /Users/ryan/Library/Mobile Documents/com~apple~CloudDocs/Documents/VSCode/Tax-App-Frontend/node_modules/jest-circus/build/jestAdapterInit.js:849:7
            at _runTestsForDescribeBlock (/Users/ryan/Library/Mobile Documents/com~apple~CloudDocs/Documents/VSCode/Tax-App-Frontend/node_modules/jest-circus/build/jestAdapterInit.js:862:11)
            at _runTestsForDescribeBlock (/Users/ryan/Library/Mobile Documents/com~apple~CloudDocs/Documents/VSCode/Tax-App-Frontend/node_modules/jest-circus/build/jestAdapterInit.js:857:11)
            at _runTestsForDescribeBlock (/Users/ryan/Library/Mobile Documents/com~apple~CloudDocs/Documents/VSCode/Tax-App-Frontend/node_modules/jest-circus/build/jestAdapterInit.js:857:11)
            at run (/Users/ryan/Library/Mobile Documents/com~apple~CloudDocs/Documents/VSCode/Tax-App-Frontend/node_modules/jest-circus/build/jestAdapterInit.js:761:3)
            at runAndTransformResultsToJestFormat (/Users/ryan/Library/Mobile Documents/com~apple~CloudDocs/Documents/VSCode/Tax-App-Frontend/node_modules/jest-circus/build/jestAdapterInit.js:1918:21)
            at jestAdapter (/Users/ryan/Library/Mobile Documents/com~apple~CloudDocs/Documents/VSCode/Tax-App-Frontend/node_modules/jest-circus/build/runner.js:101:19)
            at runTestInternal (/Users/ryan/Library/Mobile Documents/com~apple~CloudDocs/Documents/VSCode/Tax-App-Frontend/node_modules/jest-runner/build/testWorker.js:275:16)
            at runTest (/Users/ryan/Library/Mobile Documents/com~apple~CloudDocs/Documents/VSCode/Tax-App-Frontend/node_modules/jest-runner/build/testWorker.js:343:7)
            at Object.worker (/Users/ryan/Library/Mobile Documents/com~apple~CloudDocs/Documents/VSCode/Tax-App-Frontend/node_modules/jest-runner/build/testWorker.js:497:12),
        type: 'unhandled exception'
      }

      143 |       const user = userEvent.setup();
      144 |       
    > 145 |       render(<Form1099DivClient initialToken={mockToken} />);
          |             ^
      146 |
      147 |       // Step 1: Fill in initial data
      148 |       const calendarYearInput = screen.getByLabelText(/Tax Year/i);

      at VirtualConsole.<anonymous> (node_modules/@jest/environment-jsdom-abstract/build/index.js:87:23)
      at reportException (node_modules/jsdom/lib/jsdom/living/helpers/runtime-script-errors.js:70:28)
      at innerInvokeEventListeners (node_modules/jsdom/lib/jsdom/living/events/EventTarget-impl.js:353:9)
      at invokeEventListeners (node_modules/jsdom/lib/jsdom/living/events/EventTarget-impl.js:286:3)
      at HTMLUnknownElementImpl._dispatch (node_modules/jsdom/lib/jsdom/living/events/EventTarget-impl.js:233:9)
      at HTMLUnknownElementImpl.dispatchEvent (node_modules/jsdom/lib/jsdom/living/events/EventTarget-impl.js:104:17)
      at HTMLUnknownElement.dispatchEvent (node_modules/jsdom/lib/jsdom/living/generated/EventTarget.js:241:34)
      at Object.invokeGuardedCallbackDev (node_modules/react-dom/cjs/react-dom.development.js:4213:16)
      at invokeGuardedCallback (node_modules/react-dom/cjs/react-dom.development.js:4277:31)
      at beginWork$1 (node_modules/react-dom/cjs/react-dom.development.js:27490:7)
      at performUnitOfWork (node_modules/react-dom/cjs/react-dom.development.js:26599:12)
      at workLoopSync (node_modules/react-dom/cjs/react-dom.development.js:26505:5)
      at renderRootSync (node_modules/react-dom/cjs/react-dom.development.js:26473:7)
      at recoverFromConcurrentError (node_modules/react-dom/cjs/react-dom.development.js:25889:20)
      at performConcurrentWorkOnRoot (node_modules/react-dom/cjs/react-dom.development.js:25789:22)
      at flushActQueue (node_modules/react/cjs/react.development.js:2667:24)
      at act (node_modules/react/cjs/react.development.js:2582:11)
      at node_modules/@testing-library/react/dist/act-compat.js:46:25
      at renderRoot (node_modules/@testing-library/react/dist/pure.js:189:26)
      at render (node_modules/@testing-library/react/dist/pure.js:291:10)
      at Object.<anonymous> (src/app/forms/1099-div/Form1099Div.integration.test.tsx:145:13)

    console.error
      The above error occurred in the <Form1099DivClient> component:
      
          at initialToken (/Users/ryan/Library/Mobile Documents/com~apple~CloudDocs/Documents/VSCode/Tax-App-Frontend/src/app/forms/1099-div/Form1099DivClient.tsx:69:3)
      
      Consider adding an error boundary to your tree to customize error handling behavior.
      Visit https://reactjs.org/link/error-boundaries to learn more about error boundaries.

      143 |       const user = userEvent.setup();
      144 |       
    > 145 |       render(<Form1099DivClient initialToken={mockToken} />);
          |             ^
      146 |
      147 |       // Step 1: Fill in initial data
      148 |       const calendarYearInput = screen.getByLabelText(/Tax Year/i);

      at logCapturedError (node_modules/react-dom/cjs/react-dom.development.js:18704:23)
      at update.callback (node_modules/react-dom/cjs/react-dom.development.js:18737:5)
      at callCallback (node_modules/react-dom/cjs/react-dom.development.js:15036:12)
      at commitUpdateQueue (node_modules/react-dom/cjs/react-dom.development.js:15057:9)
      at commitLayoutEffectOnFiber (node_modules/react-dom/cjs/react-dom.development.js:23430:13)
      at commitLayoutMountEffects_complete (node_modules/react-dom/cjs/react-dom.development.js:24727:9)
      at commitLayoutEffects_begin (node_modules/react-dom/cjs/react-dom.development.js:24713:7)
      at commitLayoutEffects (node_modules/react-dom/cjs/react-dom.development.js:24651:3)
      at commitRootImpl (node_modules/react-dom/cjs/react-dom.development.js:26862:5)
      at commitRoot (node_modules/react-dom/cjs/react-dom.development.js:26721:5)
      at finishConcurrentRender (node_modules/react-dom/cjs/react-dom.development.js:25931:9)
      at performConcurrentWorkOnRoot (node_modules/react-dom/cjs/react-dom.development.js:25848:7)
      at flushActQueue (node_modules/react/cjs/react.development.js:2667:24)
      at act (node_modules/react/cjs/react.development.js:2582:11)
      at node_modules/@testing-library/react/dist/act-compat.js:46:25
      at renderRoot (node_modules/@testing-library/react/dist/pure.js:189:26)
      at render (node_modules/@testing-library/react/dist/pure.js:291:10)
      at Object.<anonymous> (src/app/forms/1099-div/Form1099Div.integration.test.tsx:145:13)

    console.error
      Error: Uncaught [TypeError: (0 , _navigation.usePathname) is not a function]
          at reportException (/Users/ryan/Library/Mobile Documents/com~apple~CloudDocs/Documents/VSCode/Tax-App-Frontend/node_modules/jsdom/lib/jsdom/living/helpers/runtime-script-errors.js:66:24)
          at innerInvokeEventListeners (/Users/ryan/Library/Mobile Documents/com~apple~CloudDocs/Documents/VSCode/Tax-App-Frontend/node_modules/jsdom/lib/jsdom/living/events/EventTarget-impl.js:353:9)
          at invokeEventListeners (/Users/ryan/Library/Mobile Documents/com~apple~CloudDocs/Documents/VSCode/Tax-App-Frontend/node_modules/jsdom/lib/jsdom/living/events/EventTarget-impl.js:286:3)
          at HTMLUnknownElementImpl._dispatch (/Users/ryan/Library/Mobile Documents/com~apple~CloudDocs/Documents/VSCode/Tax-App-Frontend/node_modules/jsdom/lib/jsdom/living/events/EventTarget-impl.js:233:9)
          at HTMLUnknownElementImpl.dispatchEvent (/Users/ryan/Library/Mobile Documents/com~apple~CloudDocs/Documents/VSCode/Tax-App-Frontend/node_modules/jsdom/lib/jsdom/living/events/EventTarget-impl.js:104:17)
          at HTMLUnknownElement.dispatchEvent (/Users/ryan/Library/Mobile Documents/com~apple~CloudDocs/Documents/VSCode/Tax-App-Frontend/node_modules/jsdom/lib/jsdom/living/generated/EventTarget.js:241:34)
          at Object.invokeGuardedCallbackDev (/Users/ryan/Library/Mobile Documents/com~apple~CloudDocs/Documents/VSCode/Tax-App-Frontend/node_modules/react-dom/cjs/react-dom.development.js:4213:16)
          at invokeGuardedCallback (/Users/ryan/Library/Mobile Documents/com~apple~CloudDocs/Documents/VSCode/Tax-App-Frontend/node_modules/react-dom/cjs/react-dom.development.js:4277:31)
          at beginWork$1 (/Users/ryan/Library/Mobile Documents/com~apple~CloudDocs/Documents/VSCode/Tax-App-Frontend/node_modules/react-dom/cjs/react-dom.development.js:27490:7)
          at performUnitOfWork (/Users/ryan/Library/Mobile Documents/com~apple~CloudDocs/Documents/VSCode/Tax-App-Frontend/node_modules/react-dom/cjs/react-dom.development.js:26599:12)
          at workLoopSync (/Users/ryan/Library/Mobile Documents/com~apple~CloudDocs/Documents/VSCode/Tax-App-Frontend/node_modules/react-dom/cjs/react-dom.development.js:26505:5)
          at renderRootSync (/Users/ryan/Library/Mobile Documents/com~apple~CloudDocs/Documents/VSCode/Tax-App-Frontend/node_modules/react-dom/cjs/react-dom.development.js:26473:7)
          at performConcurrentWorkOnRoot (/Users/ryan/Library/Mobile Documents/com~apple~CloudDocs/Documents/VSCode/Tax-App-Frontend/node_modules/react-dom/cjs/react-dom.development.js:25777:74)
          at flushActQueue (/Users/ryan/Library/Mobile Documents/com~apple~CloudDocs/Documents/VSCode/Tax-App-Frontend/node_modules/react/cjs/react.development.js:2667:24)
          at act (/Users/ryan/Library/Mobile Documents/com~apple~CloudDocs/Documents/VSCode/Tax-App-Frontend/node_modules/react/cjs/react.development.js:2582:11)
          at /Users/ryan/Library/Mobile Documents/com~apple~CloudDocs/Documents/VSCode/Tax-App-Frontend/node_modules/@testing-library/react/dist/act-compat.js:46:25
          at renderRoot (/Users/ryan/Library/Mobile Documents/com~apple~CloudDocs/Documents/VSCode/Tax-App-Frontend/node_modules/@testing-library/react/dist/pure.js:189:26)
          at render (/Users/ryan/Library/Mobile Documents/com~apple~CloudDocs/Documents/VSCode/Tax-App-Frontend/node_modules/@testing-library/react/dist/pure.js:291:10)
          at Object.<anonymous> (/Users/ryan/Library/Mobile Documents/com~apple~CloudDocs/Documents/VSCode/Tax-App-Frontend/src/app/forms/1099-div/Form1099Div.integration.test.tsx:220:13)
          at Promise.finally.completed (/Users/ryan/Library/Mobile Documents/com~apple~CloudDocs/Documents/VSCode/Tax-App-Frontend/node_modules/jest-circus/build/jestAdapterInit.js:1557:28)
          at new Promise (<anonymous>)
          at callAsyncCircusFn (/Users/ryan/Library/Mobile Documents/com~apple~CloudDocs/Documents/VSCode/Tax-App-Frontend/node_modules/jest-circus/build/jestAdapterInit.js:1497:10)
          at _callCircusTest (/Users/ryan/Library/Mobile Documents/com~apple~CloudDocs/Documents/VSCode/Tax-App-Frontend/node_modules/jest-circus/build/jestAdapterInit.js:1007:40)
          at processTicksAndRejections (node:internal/process/task_queues:95:5)
          at _runTest (/Users/ryan/Library/Mobile Documents/com~apple~CloudDocs/Documents/VSCode/Tax-App-Frontend/node_modules/jest-circus/build/jestAdapterInit.js:947:3)
          at /Users/ryan/Library/Mobile Documents/com~apple~CloudDocs/Documents/VSCode/Tax-App-Frontend/node_modules/jest-circus/build/jestAdapterInit.js:849:7
          at _runTestsForDescribeBlock (/Users/ryan/Library/Mobile Documents/com~apple~CloudDocs/Documents/VSCode/Tax-App-Frontend/node_modules/jest-circus/build/jestAdapterInit.js:862:11)
          at _runTestsForDescribeBlock (/Users/ryan/Library/Mobile Documents/com~apple~CloudDocs/Documents/VSCode/Tax-App-Frontend/node_modules/jest-circus/build/jestAdapterInit.js:857:11)
          at _runTestsForDescribeBlock (/Users/ryan/Library/Mobile Documents/com~apple~CloudDocs/Documents/VSCode/Tax-App-Frontend/node_modules/jest-circus/build/jestAdapterInit.js:857:11)
          at run (/Users/ryan/Library/Mobile Documents/com~apple~CloudDocs/Documents/VSCode/Tax-App-Frontend/node_modules/jest-circus/build/jestAdapterInit.js:761:3)
          at runAndTransformResultsToJestFormat (/Users/ryan/Library/Mobile Documents/com~apple~CloudDocs/Documents/VSCode/Tax-App-Frontend/node_modules/jest-circus/build/jestAdapterInit.js:1918:21)
          at jestAdapter (/Users/ryan/Library/Mobile Documents/com~apple~CloudDocs/Documents/VSCode/Tax-App-Frontend/node_modules/jest-circus/build/runner.js:101:19)
          at runTestInternal (/Users/ryan/Library/Mobile Documents/com~apple~CloudDocs/Documents/VSCode/Tax-App-Frontend/node_modules/jest-runner/build/testWorker.js:275:16)
          at runTest (/Users/ryan/Library/Mobile Documents/com~apple~CloudDocs/Documents/VSCode/Tax-App-Frontend/node_modules/jest-runner/build/testWorker.js:343:7)
          at Object.worker (/Users/ryan/Library/Mobile Documents/com~apple~CloudDocs/Documents/VSCode/Tax-App-Frontend/node_modules/jest-runner/build/testWorker.js:497:12) {
        detail: TypeError: (0 , _navigation.usePathname) is not a function
            at useForm1099Div (/Users/ryan/Library/Mobile Documents/com~apple~CloudDocs/Documents/VSCode/Tax-App-Frontend/src/hooks/useForm1099Div.ts:120:31)
            at Form1099DivClient (/Users/ryan/Library/Mobile Documents/com~apple~CloudDocs/Documents/VSCode/Tax-App-Frontend/src/app/forms/1099-div/Form1099DivClient.tsx:96:21)
            at renderWithHooks (/Users/ryan/Library/Mobile Documents/com~apple~CloudDocs/Documents/VSCode/Tax-App-Frontend/node_modules/react-dom/cjs/react-dom.development.js:15486:18)
            at mountIndeterminateComponent (/Users/ryan/Library/Mobile Documents/com~apple~CloudDocs/Documents/VSCode/Tax-App-Frontend/node_modules/react-dom/cjs/react-dom.development.js:20103:13)
            at beginWork (/Users/ryan/Library/Mobile Documents/com~apple~CloudDocs/Documents/VSCode/Tax-App-Frontend/node_modules/react-dom/cjs/react-dom.development.js:21626:16)
            at HTMLUnknownElement.callCallback (/Users/ryan/Library/Mobile Documents/com~apple~CloudDocs/Documents/VSCode/Tax-App-Frontend/node_modules/react-dom/cjs/react-dom.development.js:4164:14)
            at HTMLUnknownElement.callTheUserObjectsOperation (/Users/ryan/Library/Mobile Documents/com~apple~CloudDocs/Documents/VSCode/Tax-App-Frontend/node_modules/jsdom/lib/jsdom/living/generated/EventListener.js:26:30)
            at innerInvokeEventListeners (/Users/ryan/Library/Mobile Documents/com~apple~CloudDocs/Documents/VSCode/Tax-App-Frontend/node_modules/jsdom/lib/jsdom/living/events/EventTarget-impl.js:350:25)
            at invokeEventListeners (/Users/ryan/Library/Mobile Documents/com~apple~CloudDocs/Documents/VSCode/Tax-App-Frontend/node_modules/jsdom/lib/jsdom/living/events/EventTarget-impl.js:286:3)
            at HTMLUnknownElementImpl._dispatch (/Users/ryan/Library/Mobile Documents/com~apple~CloudDocs/Documents/VSCode/Tax-App-Frontend/node_modules/jsdom/lib/jsdom/living/events/EventTarget-impl.js:233:9)
            at HTMLUnknownElementImpl.dispatchEvent (/Users/ryan/Library/Mobile Documents/com~apple~CloudDocs/Documents/VSCode/Tax-App-Frontend/node_modules/jsdom/lib/jsdom/living/events/EventTarget-impl.js:104:17)
            at HTMLUnknownElement.dispatchEvent (/Users/ryan/Library/Mobile Documents/com~apple~CloudDocs/Documents/VSCode/Tax-App-Frontend/node_modules/jsdom/lib/jsdom/living/generated/EventTarget.js:241:34)
            at Object.invokeGuardedCallbackDev (/Users/ryan/Library/Mobile Documents/com~apple~CloudDocs/Documents/VSCode/Tax-App-Frontend/node_modules/react-dom/cjs/react-dom.development.js:4213:16)
            at invokeGuardedCallback (/Users/ryan/Library/Mobile Documents/com~apple~CloudDocs/Documents/VSCode/Tax-App-Frontend/node_modules/react-dom/cjs/react-dom.development.js:4277:31)
            at beginWork$1 (/Users/ryan/Library/Mobile Documents/com~apple~CloudDocs/Documents/VSCode/Tax-App-Frontend/node_modules/react-dom/cjs/react-dom.development.js:27490:7)
            at performUnitOfWork (/Users/ryan/Library/Mobile Documents/com~apple~CloudDocs/Documents/VSCode/Tax-App-Frontend/node_modules/react-dom/cjs/react-dom.development.js:26599:12)
            at workLoopSync (/Users/ryan/Library/Mobile Documents/com~apple~CloudDocs/Documents/VSCode/Tax-App-Frontend/node_modules/react-dom/cjs/react-dom.development.js:26505:5)
            at renderRootSync (/Users/ryan/Library/Mobile Documents/com~apple~CloudDocs/Documents/VSCode/Tax-App-Frontend/node_modules/react-dom/cjs/react-dom.development.js:26473:7)
            at performConcurrentWorkOnRoot (/Users/ryan/Library/Mobile Documents/com~apple~CloudDocs/Documents/VSCode/Tax-App-Frontend/node_modules/react-dom/cjs/react-dom.development.js:25777:74)
            at flushActQueue (/Users/ryan/Library/Mobile Documents/com~apple~CloudDocs/Documents/VSCode/Tax-App-Frontend/node_modules/react/cjs/react.development.js:2667:24)
            at act (/Users/ryan/Library/Mobile Documents/com~apple~CloudDocs/Documents/VSCode/Tax-App-Frontend/node_modules/react/cjs/react.development.js:2582:11)
            at /Users/ryan/Library/Mobile Documents/com~apple~CloudDocs/Documents/VSCode/Tax-App-Frontend/node_modules/@testing-library/react/dist/act-compat.js:46:25
            at renderRoot (/Users/ryan/Library/Mobile Documents/com~apple~CloudDocs/Documents/VSCode/Tax-App-Frontend/node_modules/@testing-library/react/dist/pure.js:189:26)
            at render (/Users/ryan/Library/Mobile Documents/com~apple~CloudDocs/Documents/VSCode/Tax-App-Frontend/node_modules/@testing-library/react/dist/pure.js:291:10)
            at Object.<anonymous> (/Users/ryan/Library/Mobile Documents/com~apple~CloudDocs/Documents/VSCode/Tax-App-Frontend/src/app/forms/1099-div/Form1099Div.integration.test.tsx:220:13)
            at Promise.finally.completed (/Users/ryan/Library/Mobile Documents/com~apple~CloudDocs/Documents/VSCode/Tax-App-Frontend/node_modules/jest-circus/build/jestAdapterInit.js:1557:28)
            at new Promise (<anonymous>)
            at callAsyncCircusFn (/Users/ryan/Library/Mobile Documents/com~apple~CloudDocs/Documents/VSCode/Tax-App-Frontend/node_modules/jest-circus/build/jestAdapterInit.js:1497:10)
            at _callCircusTest (/Users/ryan/Library/Mobile Documents/com~apple~CloudDocs/Documents/VSCode/Tax-App-Frontend/node_modules/jest-circus/build/jestAdapterInit.js:1007:40)
            at processTicksAndRejections (node:internal/process/task_queues:95:5)
            at _runTest (/Users/ryan/Library/Mobile Documents/com~apple~CloudDocs/Documents/VSCode/Tax-App-Frontend/node_modules/jest-circus/build/jestAdapterInit.js:947:3)
            at /Users/ryan/Library/Mobile Documents/com~apple~CloudDocs/Documents/VSCode/Tax-App-Frontend/node_modules/jest-circus/build/jestAdapterInit.js:849:7
            at _runTestsForDescribeBlock (/Users/ryan/Library/Mobile Documents/com~apple~CloudDocs/Documents/VSCode/Tax-App-Frontend/node_modules/jest-circus/build/jestAdapterInit.js:862:11)
            at _runTestsForDescribeBlock (/Users/ryan/Library/Mobile Documents/com~apple~CloudDocs/Documents/VSCode/Tax-App-Frontend/node_modules/jest-circus/build/jestAdapterInit.js:857:11)
            at _runTestsForDescribeBlock (/Users/ryan/Library/Mobile Documents/com~apple~CloudDocs/Documents/VSCode/Tax-App-Frontend/node_modules/jest-circus/build/jestAdapterInit.js:857:11)
            at run (/Users/ryan/Library/Mobile Documents/com~apple~CloudDocs/Documents/VSCode/Tax-App-Frontend/node_modules/jest-circus/build/jestAdapterInit.js:761:3)
            at runAndTransformResultsToJestFormat (/Users/ryan/Library/Mobile Documents/com~apple~CloudDocs/Documents/VSCode/Tax-App-Frontend/node_modules/jest-circus/build/jestAdapterInit.js:1918:21)
            at jestAdapter (/Users/ryan/Library/Mobile Documents/com~apple~CloudDocs/Documents/VSCode/Tax-App-Frontend/node_modules/jest-circus/build/runner.js:101:19)
            at runTestInternal (/Users/ryan/Library/Mobile Documents/com~apple~CloudDocs/Documents/VSCode/Tax-App-Frontend/node_modules/jest-runner/build/testWorker.js:275:16)
            at runTest (/Users/ryan/Library/Mobile Documents/com~apple~CloudDocs/Documents/VSCode/Tax-App-Frontend/node_modules/jest-runner/build/testWorker.js:343:7)
            at Object.worker (/Users/ryan/Library/Mobile Documents/com~apple~CloudDocs/Documents/VSCode/Tax-App-Frontend/node_modules/jest-runner/build/testWorker.js:497:12),
        type: 'unhandled exception'
      }

      218 |       const user = userEvent.setup();
      219 |       
    > 220 |       render(<Form1099DivClient initialToken={mockToken} />);
          |             ^
      221 |
      222 |       // Fill in initial data
      223 |       const calendarYearInput = screen.getByLabelText(/Tax Year/i);

      at VirtualConsole.<anonymous> (node_modules/@jest/environment-jsdom-abstract/build/index.js:87:23)
      at reportException (node_modules/jsdom/lib/jsdom/living/helpers/runtime-script-errors.js:70:28)
      at innerInvokeEventListeners (node_modules/jsdom/lib/jsdom/living/events/EventTarget-impl.js:353:9)
      at invokeEventListeners (node_modules/jsdom/lib/jsdom/living/events/EventTarget-impl.js:286:3)
      at HTMLUnknownElementImpl._dispatch (node_modules/jsdom/lib/jsdom/living/events/EventTarget-impl.js:233:9)
      at HTMLUnknownElementImpl.dispatchEvent (node_modules/jsdom/lib/jsdom/living/events/EventTarget-impl.js:104:17)
      at HTMLUnknownElement.dispatchEvent (node_modules/jsdom/lib/jsdom/living/generated/EventTarget.js:241:34)
      at Object.invokeGuardedCallbackDev (node_modules/react-dom/cjs/react-dom.development.js:4213:16)
      at invokeGuardedCallback (node_modules/react-dom/cjs/react-dom.development.js:4277:31)
      at beginWork$1 (node_modules/react-dom/cjs/react-dom.development.js:27490:7)
      at performUnitOfWork (node_modules/react-dom/cjs/react-dom.development.js:26599:12)
      at workLoopSync (node_modules/react-dom/cjs/react-dom.development.js:26505:5)
      at renderRootSync (node_modules/react-dom/cjs/react-dom.development.js:26473:7)
      at performConcurrentWorkOnRoot (node_modules/react-dom/cjs/react-dom.development.js:25777:74)
      at flushActQueue (node_modules/react/cjs/react.development.js:2667:24)
      at act (node_modules/react/cjs/react.development.js:2582:11)
      at node_modules/@testing-library/react/dist/act-compat.js:46:25
      at renderRoot (node_modules/@testing-library/react/dist/pure.js:189:26)
      at render (node_modules/@testing-library/react/dist/pure.js:291:10)
      at Object.<anonymous> (src/app/forms/1099-div/Form1099Div.integration.test.tsx:220:13)

    console.error
      Error: Uncaught [TypeError: (0 , _navigation.usePathname) is not a function]
          at reportException (/Users/ryan/Library/Mobile Documents/com~apple~CloudDocs/Documents/VSCode/Tax-App-Frontend/node_modules/jsdom/lib/jsdom/living/helpers/runtime-script-errors.js:66:24)
          at innerInvokeEventListeners (/Users/ryan/Library/Mobile Documents/com~apple~CloudDocs/Documents/VSCode/Tax-App-Frontend/node_modules/jsdom/lib/jsdom/living/events/EventTarget-impl.js:353:9)
          at invokeEventListeners (/Users/ryan/Library/Mobile Documents/com~apple~CloudDocs/Documents/VSCode/Tax-App-Frontend/node_modules/jsdom/lib/jsdom/living/events/EventTarget-impl.js:286:3)
          at HTMLUnknownElementImpl._dispatch (/Users/ryan/Library/Mobile Documents/com~apple~CloudDocs/Documents/VSCode/Tax-App-Frontend/node_modules/jsdom/lib/jsdom/living/events/EventTarget-impl.js:233:9)
          at HTMLUnknownElementImpl.dispatchEvent (/Users/ryan/Library/Mobile Documents/com~apple~CloudDocs/Documents/VSCode/Tax-App-Frontend/node_modules/jsdom/lib/jsdom/living/events/EventTarget-impl.js:104:17)
          at HTMLUnknownElement.dispatchEvent (/Users/ryan/Library/Mobile Documents/com~apple~CloudDocs/Documents/VSCode/Tax-App-Frontend/node_modules/jsdom/lib/jsdom/living/generated/EventTarget.js:241:34)
          at Object.invokeGuardedCallbackDev (/Users/ryan/Library/Mobile Documents/com~apple~CloudDocs/Documents/VSCode/Tax-App-Frontend/node_modules/react-dom/cjs/react-dom.development.js:4213:16)
          at invokeGuardedCallback (/Users/ryan/Library/Mobile Documents/com~apple~CloudDocs/Documents/VSCode/Tax-App-Frontend/node_modules/react-dom/cjs/react-dom.development.js:4277:31)
          at beginWork$1 (/Users/ryan/Library/Mobile Documents/com~apple~CloudDocs/Documents/VSCode/Tax-App-Frontend/node_modules/react-dom/cjs/react-dom.development.js:27490:7)
          at performUnitOfWork (/Users/ryan/Library/Mobile Documents/com~apple~CloudDocs/Documents/VSCode/Tax-App-Frontend/node_modules/react-dom/cjs/react-dom.development.js:26599:12)
          at workLoopSync (/Users/ryan/Library/Mobile Documents/com~apple~CloudDocs/Documents/VSCode/Tax-App-Frontend/node_modules/react-dom/cjs/react-dom.development.js:26505:5)
          at renderRootSync (/Users/ryan/Library/Mobile Documents/com~apple~CloudDocs/Documents/VSCode/Tax-App-Frontend/node_modules/react-dom/cjs/react-dom.development.js:26473:7)
          at recoverFromConcurrentError (/Users/ryan/Library/Mobile Documents/com~apple~CloudDocs/Documents/VSCode/Tax-App-Frontend/node_modules/react-dom/cjs/react-dom.development.js:25889:20)
          at performConcurrentWorkOnRoot (/Users/ryan/Library/Mobile Documents/com~apple~CloudDocs/Documents/VSCode/Tax-App-Frontend/node_modules/react-dom/cjs/react-dom.development.js:25789:22)
          at flushActQueue (/Users/ryan/Library/Mobile Documents/com~apple~CloudDocs/Documents/VSCode/Tax-App-Frontend/node_modules/react/cjs/react.development.js:2667:24)
          at act (/Users/ryan/Library/Mobile Documents/com~apple~CloudDocs/Documents/VSCode/Tax-App-Frontend/node_modules/react/cjs/react.development.js:2582:11)
          at /Users/ryan/Library/Mobile Documents/com~apple~CloudDocs/Documents/VSCode/Tax-App-Frontend/node_modules/@testing-library/react/dist/act-compat.js:46:25
          at renderRoot (/Users/ryan/Library/Mobile Documents/com~apple~CloudDocs/Documents/VSCode/Tax-App-Frontend/node_modules/@testing-library/react/dist/pure.js:189:26)
          at render (/Users/ryan/Library/Mobile Documents/com~apple~CloudDocs/Documents/VSCode/Tax-App-Frontend/node_modules/@testing-library/react/dist/pure.js:291:10)
          at Object.<anonymous> (/Users/ryan/Library/Mobile Documents/com~apple~CloudDocs/Documents/VSCode/Tax-App-Frontend/src/app/forms/1099-div/Form1099Div.integration.test.tsx:220:13)
          at Promise.finally.completed (/Users/ryan/Library/Mobile Documents/com~apple~CloudDocs/Documents/VSCode/Tax-App-Frontend/node_modules/jest-circus/build/jestAdapterInit.js:1557:28)
          at new Promise (<anonymous>)
          at callAsyncCircusFn (/Users/ryan/Library/Mobile Documents/com~apple~CloudDocs/Documents/VSCode/Tax-App-Frontend/node_modules/jest-circus/build/jestAdapterInit.js:1497:10)
          at _callCircusTest (/Users/ryan/Library/Mobile Documents/com~apple~CloudDocs/Documents/VSCode/Tax-App-Frontend/node_modules/jest-circus/build/jestAdapterInit.js:1007:40)
          at processTicksAndRejections (node:internal/process/task_queues:95:5)
          at _runTest (/Users/ryan/Library/Mobile Documents/com~apple~CloudDocs/Documents/VSCode/Tax-App-Frontend/node_modules/jest-circus/build/jestAdapterInit.js:947:3)
          at /Users/ryan/Library/Mobile Documents/com~apple~CloudDocs/Documents/VSCode/Tax-App-Frontend/node_modules/jest-circus/build/jestAdapterInit.js:849:7
          at _runTestsForDescribeBlock (/Users/ryan/Library/Mobile Documents/com~apple~CloudDocs/Documents/VSCode/Tax-App-Frontend/node_modules/jest-circus/build/jestAdapterInit.js:862:11)
          at _runTestsForDescribeBlock (/Users/ryan/Library/Mobile Documents/com~apple~CloudDocs/Documents/VSCode/Tax-App-Frontend/node_modules/jest-circus/build/jestAdapterInit.js:857:11)
          at _runTestsForDescribeBlock (/Users/ryan/Library/Mobile Documents/com~apple~CloudDocs/Documents/VSCode/Tax-App-Frontend/node_modules/jest-circus/build/jestAdapterInit.js:857:11)
          at run (/Users/ryan/Library/Mobile Documents/com~apple~CloudDocs/Documents/VSCode/Tax-App-Frontend/node_modules/jest-circus/build/jestAdapterInit.js:761:3)
          at runAndTransformResultsToJestFormat (/Users/ryan/Library/Mobile Documents/com~apple~CloudDocs/Documents/VSCode/Tax-App-Frontend/node_modules/jest-circus/build/jestAdapterInit.js:1918:21)
          at jestAdapter (/Users/ryan/Library/Mobile Documents/com~apple~CloudDocs/Documents/VSCode/Tax-App-Frontend/node_modules/jest-circus/build/runner.js:101:19)
          at runTestInternal (/Users/ryan/Library/Mobile Documents/com~apple~CloudDocs/Documents/VSCode/Tax-App-Frontend/node_modules/jest-runner/build/testWorker.js:275:16)
          at runTest (/Users/ryan/Library/Mobile Documents/com~apple~CloudDocs/Documents/VSCode/Tax-App-Frontend/node_modules/jest-runner/build/testWorker.js:343:7)
          at Object.worker (/Users/ryan/Library/Mobile Documents/com~apple~CloudDocs/Documents/VSCode/Tax-App-Frontend/node_modules/jest-runner/build/testWorker.js:497:12) {
        detail: TypeError: (0 , _navigation.usePathname) is not a function
            at useForm1099Div (/Users/ryan/Library/Mobile Documents/com~apple~CloudDocs/Documents/VSCode/Tax-App-Frontend/src/hooks/useForm1099Div.ts:120:31)
            at Form1099DivClient (/Users/ryan/Library/Mobile Documents/com~apple~CloudDocs/Documents/VSCode/Tax-App-Frontend/src/app/forms/1099-div/Form1099DivClient.tsx:96:21)
            at renderWithHooks (/Users/ryan/Library/Mobile Documents/com~apple~CloudDocs/Documents/VSCode/Tax-App-Frontend/node_modules/react-dom/cjs/react-dom.development.js:15486:18)
            at mountIndeterminateComponent (/Users/ryan/Library/Mobile Documents/com~apple~CloudDocs/Documents/VSCode/Tax-App-Frontend/node_modules/react-dom/cjs/react-dom.development.js:20103:13)
            at beginWork (/Users/ryan/Library/Mobile Documents/com~apple~CloudDocs/Documents/VSCode/Tax-App-Frontend/node_modules/react-dom/cjs/react-dom.development.js:21626:16)
            at HTMLUnknownElement.callCallback (/Users/ryan/Library/Mobile Documents/com~apple~CloudDocs/Documents/VSCode/Tax-App-Frontend/node_modules/react-dom/cjs/react-dom.development.js:4164:14)
            at HTMLUnknownElement.callTheUserObjectsOperation (/Users/ryan/Library/Mobile Documents/com~apple~CloudDocs/Documents/VSCode/Tax-App-Frontend/node_modules/jsdom/lib/jsdom/living/generated/EventListener.js:26:30)
            at innerInvokeEventListeners (/Users/ryan/Library/Mobile Documents/com~apple~CloudDocs/Documents/VSCode/Tax-App-Frontend/node_modules/jsdom/lib/jsdom/living/events/EventTarget-impl.js:350:25)
            at invokeEventListeners (/Users/ryan/Library/Mobile Documents/com~apple~CloudDocs/Documents/VSCode/Tax-App-Frontend/node_modules/jsdom/lib/jsdom/living/events/EventTarget-impl.js:286:3)
            at HTMLUnknownElementImpl._dispatch (/Users/ryan/Library/Mobile Documents/com~apple~CloudDocs/Documents/VSCode/Tax-App-Frontend/node_modules/jsdom/lib/jsdom/living/events/EventTarget-impl.js:233:9)
            at HTMLUnknownElementImpl.dispatchEvent (/Users/ryan/Library/Mobile Documents/com~apple~CloudDocs/Documents/VSCode/Tax-App-Frontend/node_modules/jsdom/lib/jsdom/living/events/EventTarget-impl.js:104:17)
            at HTMLUnknownElement.dispatchEvent (/Users/ryan/Library/Mobile Documents/com~apple~CloudDocs/Documents/VSCode/Tax-App-Frontend/node_modules/jsdom/lib/jsdom/living/generated/EventTarget.js:241:34)
            at Object.invokeGuardedCallbackDev (/Users/ryan/Library/Mobile Documents/com~apple~CloudDocs/Documents/VSCode/Tax-App-Frontend/node_modules/react-dom/cjs/react-dom.development.js:4213:16)
            at invokeGuardedCallback (/Users/ryan/Library/Mobile Documents/com~apple~CloudDocs/Documents/VSCode/Tax-App-Frontend/node_modules/react-dom/cjs/react-dom.development.js:4277:31)
            at beginWork$1 (/Users/ryan/Library/Mobile Documents/com~apple~CloudDocs/Documents/VSCode/Tax-App-Frontend/node_modules/react-dom/cjs/react-dom.development.js:27490:7)
            at performUnitOfWork (/Users/ryan/Library/Mobile Documents/com~apple~CloudDocs/Documents/VSCode/Tax-App-Frontend/node_modules/react-dom/cjs/react-dom.development.js:26599:12)
            at workLoopSync (/Users/ryan/Library/Mobile Documents/com~apple~CloudDocs/Documents/VSCode/Tax-App-Frontend/node_modules/react-dom/cjs/react-dom.development.js:26505:5)
            at renderRootSync (/Users/ryan/Library/Mobile Documents/com~apple~CloudDocs/Documents/VSCode/Tax-App-Frontend/node_modules/react-dom/cjs/react-dom.development.js:26473:7)
            at recoverFromConcurrentError (/Users/ryan/Library/Mobile Documents/com~apple~CloudDocs/Documents/VSCode/Tax-App-Frontend/node_modules/react-dom/cjs/react-dom.development.js:25889:20)
            at performConcurrentWorkOnRoot (/Users/ryan/Library/Mobile Documents/com~apple~CloudDocs/Documents/VSCode/Tax-App-Frontend/node_modules/react-dom/cjs/react-dom.development.js:25789:22)
            at flushActQueue (/Users/ryan/Library/Mobile Documents/com~apple~CloudDocs/Documents/VSCode/Tax-App-Frontend/node_modules/react/cjs/react.development.js:2667:24)
            at act (/Users/ryan/Library/Mobile Documents/com~apple~CloudDocs/Documents/VSCode/Tax-App-Frontend/node_modules/react/cjs/react.development.js:2582:11)
            at /Users/ryan/Library/Mobile Documents/com~apple~CloudDocs/Documents/VSCode/Tax-App-Frontend/node_modules/@testing-library/react/dist/act-compat.js:46:25
            at renderRoot (/Users/ryan/Library/Mobile Documents/com~apple~CloudDocs/Documents/VSCode/Tax-App-Frontend/node_modules/@testing-library/react/dist/pure.js:189:26)
            at render (/Users/ryan/Library/Mobile Documents/com~apple~CloudDocs/Documents/VSCode/Tax-App-Frontend/node_modules/@testing-library/react/dist/pure.js:291:10)
            at Object.<anonymous> (/Users/ryan/Library/Mobile Documents/com~apple~CloudDocs/Documents/VSCode/Tax-App-Frontend/src/app/forms/1099-div/Form1099Div.integration.test.tsx:220:13)
            at Promise.finally.completed (/Users/ryan/Library/Mobile Documents/com~apple~CloudDocs/Documents/VSCode/Tax-App-Frontend/node_modules/jest-circus/build/jestAdapterInit.js:1557:28)
            at new Promise (<anonymous>)
            at callAsyncCircusFn (/Users/ryan/Library/Mobile Documents/com~apple~CloudDocs/Documents/VSCode/Tax-App-Frontend/node_modules/jest-circus/build/jestAdapterInit.js:1497:10)
            at _callCircusTest (/Users/ryan/Library/Mobile Documents/com~apple~CloudDocs/Documents/VSCode/Tax-App-Frontend/node_modules/jest-circus/build/jestAdapterInit.js:1007:40)
            at processTicksAndRejections (node:internal/process/task_queues:95:5)
            at _runTest (/Users/ryan/Library/Mobile Documents/com~apple~CloudDocs/Documents/VSCode/Tax-App-Frontend/node_modules/jest-circus/build/jestAdapterInit.js:947:3)
            at /Users/ryan/Library/Mobile Documents/com~apple~CloudDocs/Documents/VSCode/Tax-App-Frontend/node_modules/jest-circus/build/jestAdapterInit.js:849:7
            at _runTestsForDescribeBlock (/Users/ryan/Library/Mobile Documents/com~apple~CloudDocs/Documents/VSCode/Tax-App-Frontend/node_modules/jest-circus/build/jestAdapterInit.js:862:11)
            at _runTestsForDescribeBlock (/Users/ryan/Library/Mobile Documents/com~apple~CloudDocs/Documents/VSCode/Tax-App-Frontend/node_modules/jest-circus/build/jestAdapterInit.js:857:11)
            at _runTestsForDescribeBlock (/Users/ryan/Library/Mobile Documents/com~apple~CloudDocs/Documents/VSCode/Tax-App-Frontend/node_modules/jest-circus/build/jestAdapterInit.js:857:11)
            at run (/Users/ryan/Library/Mobile Documents/com~apple~CloudDocs/Documents/VSCode/Tax-App-Frontend/node_modules/jest-circus/build/jestAdapterInit.js:761:3)
            at runAndTransformResultsToJestFormat (/Users/ryan/Library/Mobile Documents/com~apple~CloudDocs/Documents/VSCode/Tax-App-Frontend/node_modules/jest-circus/build/jestAdapterInit.js:1918:21)
            at jestAdapter (/Users/ryan/Library/Mobile Documents/com~apple~CloudDocs/Documents/VSCode/Tax-App-Frontend/node_modules/jest-circus/build/runner.js:101:19)
            at runTestInternal (/Users/ryan/Library/Mobile Documents/com~apple~CloudDocs/Documents/VSCode/Tax-App-Frontend/node_modules/jest-runner/build/testWorker.js:275:16)
            at runTest (/Users/ryan/Library/Mobile Documents/com~apple~CloudDocs/Documents/VSCode/Tax-App-Frontend/node_modules/jest-runner/build/testWorker.js:343:7)
            at Object.worker (/Users/ryan/Library/Mobile Documents/com~apple~CloudDocs/Documents/VSCode/Tax-App-Frontend/node_modules/jest-runner/build/testWorker.js:497:12),
        type: 'unhandled exception'
      }

      218 |       const user = userEvent.setup();
      219 |       
    > 220 |       render(<Form1099DivClient initialToken={mockToken} />);
          |             ^
      221 |
      222 |       // Fill in initial data
      223 |       const calendarYearInput = screen.getByLabelText(/Tax Year/i);

      at VirtualConsole.<anonymous> (node_modules/@jest/environment-jsdom-abstract/build/index.js:87:23)
      at reportException (node_modules/jsdom/lib/jsdom/living/helpers/runtime-script-errors.js:70:28)
      at innerInvokeEventListeners (node_modules/jsdom/lib/jsdom/living/events/EventTarget-impl.js:353:9)
      at invokeEventListeners (node_modules/jsdom/lib/jsdom/living/events/EventTarget-impl.js:286:3)
      at HTMLUnknownElementImpl._dispatch (node_modules/jsdom/lib/jsdom/living/events/EventTarget-impl.js:233:9)
      at HTMLUnknownElementImpl.dispatchEvent (node_modules/jsdom/lib/jsdom/living/events/EventTarget-impl.js:104:17)
      at HTMLUnknownElement.dispatchEvent (node_modules/jsdom/lib/jsdom/living/generated/EventTarget.js:241:34)
      at Object.invokeGuardedCallbackDev (node_modules/react-dom/cjs/react-dom.development.js:4213:16)
      at invokeGuardedCallback (node_modules/react-dom/cjs/react-dom.development.js:4277:31)
      at beginWork$1 (node_modules/react-dom/cjs/react-dom.development.js:27490:7)
      at performUnitOfWork (node_modules/react-dom/cjs/react-dom.development.js:26599:12)
      at workLoopSync (node_modules/react-dom/cjs/react-dom.development.js:26505:5)
      at renderRootSync (node_modules/react-dom/cjs/react-dom.development.js:26473:7)
      at recoverFromConcurrentError (node_modules/react-dom/cjs/react-dom.development.js:25889:20)
      at performConcurrentWorkOnRoot (node_modules/react-dom/cjs/react-dom.development.js:25789:22)
      at flushActQueue (node_modules/react/cjs/react.development.js:2667:24)
      at act (node_modules/react/cjs/react.development.js:2582:11)
      at node_modules/@testing-library/react/dist/act-compat.js:46:25
      at renderRoot (node_modules/@testing-library/react/dist/pure.js:189:26)
      at render (node_modules/@testing-library/react/dist/pure.js:291:10)
      at Object.<anonymous> (src/app/forms/1099-div/Form1099Div.integration.test.tsx:220:13)

    console.error
      The above error occurred in the <Form1099DivClient> component:
      
          at initialToken (/Users/ryan/Library/Mobile Documents/com~apple~CloudDocs/Documents/VSCode/Tax-App-Frontend/src/app/forms/1099-div/Form1099DivClient.tsx:69:3)
      
      Consider adding an error boundary to your tree to customize error handling behavior.
      Visit https://reactjs.org/link/error-boundaries to learn more about error boundaries.

      218 |       const user = userEvent.setup();
      219 |       
    > 220 |       render(<Form1099DivClient initialToken={mockToken} />);
          |             ^
      221 |
      222 |       // Fill in initial data
      223 |       const calendarYearInput = screen.getByLabelText(/Tax Year/i);

      at logCapturedError (node_modules/react-dom/cjs/react-dom.development.js:18704:23)
      at update.callback (node_modules/react-dom/cjs/react-dom.development.js:18737:5)
      at callCallback (node_modules/react-dom/cjs/react-dom.development.js:15036:12)
      at commitUpdateQueue (node_modules/react-dom/cjs/react-dom.development.js:15057:9)
      at commitLayoutEffectOnFiber (node_modules/react-dom/cjs/react-dom.development.js:23430:13)
      at commitLayoutMountEffects_complete (node_modules/react-dom/cjs/react-dom.development.js:24727:9)
      at commitLayoutEffects_begin (node_modules/react-dom/cjs/react-dom.development.js:24713:7)
      at commitLayoutEffects (node_modules/react-dom/cjs/react-dom.development.js:24651:3)
      at commitRootImpl (node_modules/react-dom/cjs/react-dom.development.js:26862:5)
      at commitRoot (node_modules/react-dom/cjs/react-dom.development.js:26721:5)
      at finishConcurrentRender (node_modules/react-dom/cjs/react-dom.development.js:25931:9)
      at performConcurrentWorkOnRoot (node_modules/react-dom/cjs/react-dom.development.js:25848:7)
      at flushActQueue (node_modules/react/cjs/react.development.js:2667:24)
      at act (node_modules/react/cjs/react.development.js:2582:11)
      at node_modules/@testing-library/react/dist/act-compat.js:46:25
      at renderRoot (node_modules/@testing-library/react/dist/pure.js:189:26)
      at render (node_modules/@testing-library/react/dist/pure.js:291:10)
      at Object.<anonymous> (src/app/forms/1099-div/Form1099Div.integration.test.tsx:220:13)

    console.error
      Error: Uncaught [TypeError: (0 , _navigation.usePathname) is not a function]
          at reportException (/Users/ryan/Library/Mobile Documents/com~apple~CloudDocs/Documents/VSCode/Tax-App-Frontend/node_modules/jsdom/lib/jsdom/living/helpers/runtime-script-errors.js:66:24)
          at innerInvokeEventListeners (/Users/ryan/Library/Mobile Documents/com~apple~CloudDocs/Documents/VSCode/Tax-App-Frontend/node_modules/jsdom/lib/jsdom/living/events/EventTarget-impl.js:353:9)
          at invokeEventListeners (/Users/ryan/Library/Mobile Documents/com~apple~CloudDocs/Documents/VSCode/Tax-App-Frontend/node_modules/jsdom/lib/jsdom/living/events/EventTarget-impl.js:286:3)
          at HTMLUnknownElementImpl._dispatch (/Users/ryan/Library/Mobile Documents/com~apple~CloudDocs/Documents/VSCode/Tax-App-Frontend/node_modules/jsdom/lib/jsdom/living/events/EventTarget-impl.js:233:9)
          at HTMLUnknownElementImpl.dispatchEvent (/Users/ryan/Library/Mobile Documents/com~apple~CloudDocs/Documents/VSCode/Tax-App-Frontend/node_modules/jsdom/lib/jsdom/living/events/EventTarget-impl.js:104:17)
          at HTMLUnknownElement.dispatchEvent (/Users/ryan/Library/Mobile Documents/com~apple~CloudDocs/Documents/VSCode/Tax-App-Frontend/node_modules/jsdom/lib/jsdom/living/generated/EventTarget.js:241:34)
          at Object.invokeGuardedCallbackDev (/Users/ryan/Library/Mobile Documents/com~apple~CloudDocs/Documents/VSCode/Tax-App-Frontend/node_modules/react-dom/cjs/react-dom.development.js:4213:16)
          at invokeGuardedCallback (/Users/ryan/Library/Mobile Documents/com~apple~CloudDocs/Documents/VSCode/Tax-App-Frontend/node_modules/react-dom/cjs/react-dom.development.js:4277:31)
          at beginWork$1 (/Users/ryan/Library/Mobile Documents/com~apple~CloudDocs/Documents/VSCode/Tax-App-Frontend/node_modules/react-dom/cjs/react-dom.development.js:27490:7)
          at performUnitOfWork (/Users/ryan/Library/Mobile Documents/com~apple~CloudDocs/Documents/VSCode/Tax-App-Frontend/node_modules/react-dom/cjs/react-dom.development.js:26599:12)
          at workLoopSync (/Users/ryan/Library/Mobile Documents/com~apple~CloudDocs/Documents/VSCode/Tax-App-Frontend/node_modules/react-dom/cjs/react-dom.development.js:26505:5)
          at renderRootSync (/Users/ryan/Library/Mobile Documents/com~apple~CloudDocs/Documents/VSCode/Tax-App-Frontend/node_modules/react-dom/cjs/react-dom.development.js:26473:7)
          at performConcurrentWorkOnRoot (/Users/ryan/Library/Mobile Documents/com~apple~CloudDocs/Documents/VSCode/Tax-App-Frontend/node_modules/react-dom/cjs/react-dom.development.js:25777:74)
          at flushActQueue (/Users/ryan/Library/Mobile Documents/com~apple~CloudDocs/Documents/VSCode/Tax-App-Frontend/node_modules/react/cjs/react.development.js:2667:24)
          at act (/Users/ryan/Library/Mobile Documents/com~apple~CloudDocs/Documents/VSCode/Tax-App-Frontend/node_modules/react/cjs/react.development.js:2582:11)
          at /Users/ryan/Library/Mobile Documents/com~apple~CloudDocs/Documents/VSCode/Tax-App-Frontend/node_modules/@testing-library/react/dist/act-compat.js:46:25
          at renderRoot (/Users/ryan/Library/Mobile Documents/com~apple~CloudDocs/Documents/VSCode/Tax-App-Frontend/node_modules/@testing-library/react/dist/pure.js:189:26)
          at render (/Users/ryan/Library/Mobile Documents/com~apple~CloudDocs/Documents/VSCode/Tax-App-Frontend/node_modules/@testing-library/react/dist/pure.js:291:10)
          at Object.<anonymous> (/Users/ryan/Library/Mobile Documents/com~apple~CloudDocs/Documents/VSCode/Tax-App-Frontend/src/app/forms/1099-div/Form1099Div.integration.test.tsx:283:13)
          at Promise.finally.completed (/Users/ryan/Library/Mobile Documents/com~apple~CloudDocs/Documents/VSCode/Tax-App-Frontend/node_modules/jest-circus/build/jestAdapterInit.js:1557:28)
          at new Promise (<anonymous>)
          at callAsyncCircusFn (/Users/ryan/Library/Mobile Documents/com~apple~CloudDocs/Documents/VSCode/Tax-App-Frontend/node_modules/jest-circus/build/jestAdapterInit.js:1497:10)
          at _callCircusTest (/Users/ryan/Library/Mobile Documents/com~apple~CloudDocs/Documents/VSCode/Tax-App-Frontend/node_modules/jest-circus/build/jestAdapterInit.js:1007:40)
          at processTicksAndRejections (node:internal/process/task_queues:95:5)
          at _runTest (/Users/ryan/Library/Mobile Documents/com~apple~CloudDocs/Documents/VSCode/Tax-App-Frontend/node_modules/jest-circus/build/jestAdapterInit.js:947:3)
          at /Users/ryan/Library/Mobile Documents/com~apple~CloudDocs/Documents/VSCode/Tax-App-Frontend/node_modules/jest-circus/build/jestAdapterInit.js:849:7
          at _runTestsForDescribeBlock (/Users/ryan/Library/Mobile Documents/com~apple~CloudDocs/Documents/VSCode/Tax-App-Frontend/node_modules/jest-circus/build/jestAdapterInit.js:862:11)
          at _runTestsForDescribeBlock (/Users/ryan/Library/Mobile Documents/com~apple~CloudDocs/Documents/VSCode/Tax-App-Frontend/node_modules/jest-circus/build/jestAdapterInit.js:857:11)
          at _runTestsForDescribeBlock (/Users/ryan/Library/Mobile Documents/com~apple~CloudDocs/Documents/VSCode/Tax-App-Frontend/node_modules/jest-circus/build/jestAdapterInit.js:857:11)
          at run (/Users/ryan/Library/Mobile Documents/com~apple~CloudDocs/Documents/VSCode/Tax-App-Frontend/node_modules/jest-circus/build/jestAdapterInit.js:761:3)
          at runAndTransformResultsToJestFormat (/Users/ryan/Library/Mobile Documents/com~apple~CloudDocs/Documents/VSCode/Tax-App-Frontend/node_modules/jest-circus/build/jestAdapterInit.js:1918:21)
          at jestAdapter (/Users/ryan/Library/Mobile Documents/com~apple~CloudDocs/Documents/VSCode/Tax-App-Frontend/node_modules/jest-circus/build/runner.js:101:19)
          at runTestInternal (/Users/ryan/Library/Mobile Documents/com~apple~CloudDocs/Documents/VSCode/Tax-App-Frontend/node_modules/jest-runner/build/testWorker.js:275:16)
          at runTest (/Users/ryan/Library/Mobile Documents/com~apple~CloudDocs/Documents/VSCode/Tax-App-Frontend/node_modules/jest-runner/build/testWorker.js:343:7)
          at Object.worker (/Users/ryan/Library/Mobile Documents/com~apple~CloudDocs/Documents/VSCode/Tax-App-Frontend/node_modules/jest-runner/build/testWorker.js:497:12) {
        detail: TypeError: (0 , _navigation.usePathname) is not a function
            at useForm1099Div (/Users/ryan/Library/Mobile Documents/com~apple~CloudDocs/Documents/VSCode/Tax-App-Frontend/src/hooks/useForm1099Div.ts:120:31)
            at Form1099DivClient (/Users/ryan/Library/Mobile Documents/com~apple~CloudDocs/Documents/VSCode/Tax-App-Frontend/src/app/forms/1099-div/Form1099DivClient.tsx:96:21)
            at renderWithHooks (/Users/ryan/Library/Mobile Documents/com~apple~CloudDocs/Documents/VSCode/Tax-App-Frontend/node_modules/react-dom/cjs/react-dom.development.js:15486:18)
            at mountIndeterminateComponent (/Users/ryan/Library/Mobile Documents/com~apple~CloudDocs/Documents/VSCode/Tax-App-Frontend/node_modules/react-dom/cjs/react-dom.development.js:20103:13)
            at beginWork (/Users/ryan/Library/Mobile Documents/com~apple~CloudDocs/Documents/VSCode/Tax-App-Frontend/node_modules/react-dom/cjs/react-dom.development.js:21626:16)
            at HTMLUnknownElement.callCallback (/Users/ryan/Library/Mobile Documents/com~apple~CloudDocs/Documents/VSCode/Tax-App-Frontend/node_modules/react-dom/cjs/react-dom.development.js:4164:14)
            at HTMLUnknownElement.callTheUserObjectsOperation (/Users/ryan/Library/Mobile Documents/com~apple~CloudDocs/Documents/VSCode/Tax-App-Frontend/node_modules/jsdom/lib/jsdom/living/generated/EventListener.js:26:30)
            at innerInvokeEventListeners (/Users/ryan/Library/Mobile Documents/com~apple~CloudDocs/Documents/VSCode/Tax-App-Frontend/node_modules/jsdom/lib/jsdom/living/events/EventTarget-impl.js:350:25)
            at invokeEventListeners (/Users/ryan/Library/Mobile Documents/com~apple~CloudDocs/Documents/VSCode/Tax-App-Frontend/node_modules/jsdom/lib/jsdom/living/events/EventTarget-impl.js:286:3)
            at HTMLUnknownElementImpl._dispatch (/Users/ryan/Library/Mobile Documents/com~apple~CloudDocs/Documents/VSCode/Tax-App-Frontend/node_modules/jsdom/lib/jsdom/living/events/EventTarget-impl.js:233:9)
            at HTMLUnknownElementImpl.dispatchEvent (/Users/ryan/Library/Mobile Documents/com~apple~CloudDocs/Documents/VSCode/Tax-App-Frontend/node_modules/jsdom/lib/jsdom/living/events/EventTarget-impl.js:104:17)
            at HTMLUnknownElement.dispatchEvent (/Users/ryan/Library/Mobile Documents/com~apple~CloudDocs/Documents/VSCode/Tax-App-Frontend/node_modules/jsdom/lib/jsdom/living/generated/EventTarget.js:241:34)
            at Object.invokeGuardedCallbackDev (/Users/ryan/Library/Mobile Documents/com~apple~CloudDocs/Documents/VSCode/Tax-App-Frontend/node_modules/react-dom/cjs/react-dom.development.js:4213:16)
            at invokeGuardedCallback (/Users/ryan/Library/Mobile Documents/com~apple~CloudDocs/Documents/VSCode/Tax-App-Frontend/node_modules/react-dom/cjs/react-dom.development.js:4277:31)
            at beginWork$1 (/Users/ryan/Library/Mobile Documents/com~apple~CloudDocs/Documents/VSCode/Tax-App-Frontend/node_modules/react-dom/cjs/react-dom.development.js:27490:7)
            at performUnitOfWork (/Users/ryan/Library/Mobile Documents/com~apple~CloudDocs/Documents/VSCode/Tax-App-Frontend/node_modules/react-dom/cjs/react-dom.development.js:26599:12)
            at workLoopSync (/Users/ryan/Library/Mobile Documents/com~apple~CloudDocs/Documents/VSCode/Tax-App-Frontend/node_modules/react-dom/cjs/react-dom.development.js:26505:5)
            at renderRootSync (/Users/ryan/Library/Mobile Documents/com~apple~CloudDocs/Documents/VSCode/Tax-App-Frontend/node_modules/react-dom/cjs/react-dom.development.js:26473:7)
            at performConcurrentWorkOnRoot (/Users/ryan/Library/Mobile Documents/com~apple~CloudDocs/Documents/VSCode/Tax-App-Frontend/node_modules/react-dom/cjs/react-dom.development.js:25777:74)
            at flushActQueue (/Users/ryan/Library/Mobile Documents/com~apple~CloudDocs/Documents/VSCode/Tax-App-Frontend/node_modules/react/cjs/react.development.js:2667:24)
            at act (/Users/ryan/Library/Mobile Documents/com~apple~CloudDocs/Documents/VSCode/Tax-App-Frontend/node_modules/react/cjs/react.development.js:2582:11)
            at /Users/ryan/Library/Mobile Documents/com~apple~CloudDocs/Documents/VSCode/Tax-App-Frontend/node_modules/@testing-library/react/dist/act-compat.js:46:25
            at renderRoot (/Users/ryan/Library/Mobile Documents/com~apple~CloudDocs/Documents/VSCode/Tax-App-Frontend/node_modules/@testing-library/react/dist/pure.js:189:26)
            at render (/Users/ryan/Library/Mobile Documents/com~apple~CloudDocs/Documents/VSCode/Tax-App-Frontend/node_modules/@testing-library/react/dist/pure.js:291:10)
            at Object.<anonymous> (/Users/ryan/Library/Mobile Documents/com~apple~CloudDocs/Documents/VSCode/Tax-App-Frontend/src/app/forms/1099-div/Form1099Div.integration.test.tsx:283:13)
            at Promise.finally.completed (/Users/ryan/Library/Mobile Documents/com~apple~CloudDocs/Documents/VSCode/Tax-App-Frontend/node_modules/jest-circus/build/jestAdapterInit.js:1557:28)
            at new Promise (<anonymous>)
            at callAsyncCircusFn (/Users/ryan/Library/Mobile Documents/com~apple~CloudDocs/Documents/VSCode/Tax-App-Frontend/node_modules/jest-circus/build/jestAdapterInit.js:1497:10)
            at _callCircusTest (/Users/ryan/Library/Mobile Documents/com~apple~CloudDocs/Documents/VSCode/Tax-App-Frontend/node_modules/jest-circus/build/jestAdapterInit.js:1007:40)
            at processTicksAndRejections (node:internal/process/task_queues:95:5)
            at _runTest (/Users/ryan/Library/Mobile Documents/com~apple~CloudDocs/Documents/VSCode/Tax-App-Frontend/node_modules/jest-circus/build/jestAdapterInit.js:947:3)
            at /Users/ryan/Library/Mobile Documents/com~apple~CloudDocs/Documents/VSCode/Tax-App-Frontend/node_modules/jest-circus/build/jestAdapterInit.js:849:7
            at _runTestsForDescribeBlock (/Users/ryan/Library/Mobile Documents/com~apple~CloudDocs/Documents/VSCode/Tax-App-Frontend/node_modules/jest-circus/build/jestAdapterInit.js:862:11)
            at _runTestsForDescribeBlock (/Users/ryan/Library/Mobile Documents/com~apple~CloudDocs/Documents/VSCode/Tax-App-Frontend/node_modules/jest-circus/build/jestAdapterInit.js:857:11)
            at _runTestsForDescribeBlock (/Users/ryan/Library/Mobile Documents/com~apple~CloudDocs/Documents/VSCode/Tax-App-Frontend/node_modules/jest-circus/build/jestAdapterInit.js:857:11)
            at run (/Users/ryan/Library/Mobile Documents/com~apple~CloudDocs/Documents/VSCode/Tax-App-Frontend/node_modules/jest-circus/build/jestAdapterInit.js:761:3)
            at runAndTransformResultsToJestFormat (/Users/ryan/Library/Mobile Documents/com~apple~CloudDocs/Documents/VSCode/Tax-App-Frontend/node_modules/jest-circus/build/jestAdapterInit.js:1918:21)
            at jestAdapter (/Users/ryan/Library/Mobile Documents/com~apple~CloudDocs/Documents/VSCode/Tax-App-Frontend/node_modules/jest-circus/build/runner.js:101:19)
            at runTestInternal (/Users/ryan/Library/Mobile Documents/com~apple~CloudDocs/Documents/VSCode/Tax-App-Frontend/node_modules/jest-runner/build/testWorker.js:275:16)
            at runTest (/Users/ryan/Library/Mobile Documents/com~apple~CloudDocs/Documents/VSCode/Tax-App-Frontend/node_modules/jest-runner/build/testWorker.js:343:7)
            at Object.worker (/Users/ryan/Library/Mobile Documents/com~apple~CloudDocs/Documents/VSCode/Tax-App-Frontend/node_modules/jest-runner/build/testWorker.js:497:12),
        type: 'unhandled exception'
      }

      281 |       const user = userEvent.setup();
      282 |       
    > 283 |       render(<Form1099DivClient initialToken={mockToken} />);
          |             ^
      284 |
      285 |       // Fill in required fields
      286 |       const calendarYearInput = screen.getByLabelText(/Tax Year/i);

      at VirtualConsole.<anonymous> (node_modules/@jest/environment-jsdom-abstract/build/index.js:87:23)
      at reportException (node_modules/jsdom/lib/jsdom/living/helpers/runtime-script-errors.js:70:28)
      at innerInvokeEventListeners (node_modules/jsdom/lib/jsdom/living/events/EventTarget-impl.js:353:9)
      at invokeEventListeners (node_modules/jsdom/lib/jsdom/living/events/EventTarget-impl.js:286:3)
      at HTMLUnknownElementImpl._dispatch (node_modules/jsdom/lib/jsdom/living/events/EventTarget-impl.js:233:9)
      at HTMLUnknownElementImpl.dispatchEvent (node_modules/jsdom/lib/jsdom/living/events/EventTarget-impl.js:104:17)
      at HTMLUnknownElement.dispatchEvent (node_modules/jsdom/lib/jsdom/living/generated/EventTarget.js:241:34)
      at Object.invokeGuardedCallbackDev (node_modules/react-dom/cjs/react-dom.development.js:4213:16)
      at invokeGuardedCallback (node_modules/react-dom/cjs/react-dom.development.js:4277:31)
      at beginWork$1 (node_modules/react-dom/cjs/react-dom.development.js:27490:7)
      at performUnitOfWork (node_modules/react-dom/cjs/react-dom.development.js:26599:12)
      at workLoopSync (node_modules/react-dom/cjs/react-dom.development.js:26505:5)
      at renderRootSync (node_modules/react-dom/cjs/react-dom.development.js:26473:7)
      at performConcurrentWorkOnRoot (node_modules/react-dom/cjs/react-dom.development.js:25777:74)
      at flushActQueue (node_modules/react/cjs/react.development.js:2667:24)
      at act (node_modules/react/cjs/react.development.js:2582:11)
      at node_modules/@testing-library/react/dist/act-compat.js:46:25
      at renderRoot (node_modules/@testing-library/react/dist/pure.js:189:26)
      at render (node_modules/@testing-library/react/dist/pure.js:291:10)
      at Object.<anonymous> (src/app/forms/1099-div/Form1099Div.integration.test.tsx:283:13)

    console.error
      Error: Uncaught [TypeError: (0 , _navigation.usePathname) is not a function]
          at reportException (/Users/ryan/Library/Mobile Documents/com~apple~CloudDocs/Documents/VSCode/Tax-App-Frontend/node_modules/jsdom/lib/jsdom/living/helpers/runtime-script-errors.js:66:24)
          at innerInvokeEventListeners (/Users/ryan/Library/Mobile Documents/com~apple~CloudDocs/Documents/VSCode/Tax-App-Frontend/node_modules/jsdom/lib/jsdom/living/events/EventTarget-impl.js:353:9)
          at invokeEventListeners (/Users/ryan/Library/Mobile Documents/com~apple~CloudDocs/Documents/VSCode/Tax-App-Frontend/node_modules/jsdom/lib/jsdom/living/events/EventTarget-impl.js:286:3)
          at HTMLUnknownElementImpl._dispatch (/Users/ryan/Library/Mobile Documents/com~apple~CloudDocs/Documents/VSCode/Tax-App-Frontend/node_modules/jsdom/lib/jsdom/living/events/EventTarget-impl.js:233:9)
          at HTMLUnknownElementImpl.dispatchEvent (/Users/ryan/Library/Mobile Documents/com~apple~CloudDocs/Documents/VSCode/Tax-App-Frontend/node_modules/jsdom/lib/jsdom/living/events/EventTarget-impl.js:104:17)
          at HTMLUnknownElement.dispatchEvent (/Users/ryan/Library/Mobile Documents/com~apple~CloudDocs/Documents/VSCode/Tax-App-Frontend/node_modules/jsdom/lib/jsdom/living/generated/EventTarget.js:241:34)
          at Object.invokeGuardedCallbackDev (/Users/ryan/Library/Mobile Documents/com~apple~CloudDocs/Documents/VSCode/Tax-App-Frontend/node_modules/react-dom/cjs/react-dom.development.js:4213:16)
          at invokeGuardedCallback (/Users/ryan/Library/Mobile Documents/com~apple~CloudDocs/Documents/VSCode/Tax-App-Frontend/node_modules/react-dom/cjs/react-dom.development.js:4277:31)
          at beginWork$1 (/Users/ryan/Library/Mobile Documents/com~apple~CloudDocs/Documents/VSCode/Tax-App-Frontend/node_modules/react-dom/cjs/react-dom.development.js:27490:7)
          at performUnitOfWork (/Users/ryan/Library/Mobile Documents/com~apple~CloudDocs/Documents/VSCode/Tax-App-Frontend/node_modules/react-dom/cjs/react-dom.development.js:26599:12)
          at workLoopSync (/Users/ryan/Library/Mobile Documents/com~apple~CloudDocs/Documents/VSCode/Tax-App-Frontend/node_modules/react-dom/cjs/react-dom.development.js:26505:5)
          at renderRootSync (/Users/ryan/Library/Mobile Documents/com~apple~CloudDocs/Documents/VSCode/Tax-App-Frontend/node_modules/react-dom/cjs/react-dom.development.js:26473:7)
          at recoverFromConcurrentError (/Users/ryan/Library/Mobile Documents/com~apple~CloudDocs/Documents/VSCode/Tax-App-Frontend/node_modules/react-dom/cjs/react-dom.development.js:25889:20)
          at performConcurrentWorkOnRoot (/Users/ryan/Library/Mobile Documents/com~apple~CloudDocs/Documents/VSCode/Tax-App-Frontend/node_modules/react-dom/cjs/react-dom.development.js:25789:22)
          at flushActQueue (/Users/ryan/Library/Mobile Documents/com~apple~CloudDocs/Documents/VSCode/Tax-App-Frontend/node_modules/react/cjs/react.development.js:2667:24)
          at act (/Users/ryan/Library/Mobile Documents/com~apple~CloudDocs/Documents/VSCode/Tax-App-Frontend/node_modules/react/cjs/react.development.js:2582:11)
          at /Users/ryan/Library/Mobile Documents/com~apple~CloudDocs/Documents/VSCode/Tax-App-Frontend/node_modules/@testing-library/react/dist/act-compat.js:46:25
          at renderRoot (/Users/ryan/Library/Mobile Documents/com~apple~CloudDocs/Documents/VSCode/Tax-App-Frontend/node_modules/@testing-library/react/dist/pure.js:189:26)
          at render (/Users/ryan/Library/Mobile Documents/com~apple~CloudDocs/Documents/VSCode/Tax-App-Frontend/node_modules/@testing-library/react/dist/pure.js:291:10)
          at Object.<anonymous> (/Users/ryan/Library/Mobile Documents/com~apple~CloudDocs/Documents/VSCode/Tax-App-Frontend/src/app/forms/1099-div/Form1099Div.integration.test.tsx:283:13)
          at Promise.finally.completed (/Users/ryan/Library/Mobile Documents/com~apple~CloudDocs/Documents/VSCode/Tax-App-Frontend/node_modules/jest-circus/build/jestAdapterInit.js:1557:28)
          at new Promise (<anonymous>)
          at callAsyncCircusFn (/Users/ryan/Library/Mobile Documents/com~apple~CloudDocs/Documents/VSCode/Tax-App-Frontend/node_modules/jest-circus/build/jestAdapterInit.js:1497:10)
          at _callCircusTest (/Users/ryan/Library/Mobile Documents/com~apple~CloudDocs/Documents/VSCode/Tax-App-Frontend/node_modules/jest-circus/build/jestAdapterInit.js:1007:40)
          at processTicksAndRejections (node:internal/process/task_queues:95:5)
          at _runTest (/Users/ryan/Library/Mobile Documents/com~apple~CloudDocs/Documents/VSCode/Tax-App-Frontend/node_modules/jest-circus/build/jestAdapterInit.js:947:3)
          at /Users/ryan/Library/Mobile Documents/com~apple~CloudDocs/Documents/VSCode/Tax-App-Frontend/node_modules/jest-circus/build/jestAdapterInit.js:849:7
          at _runTestsForDescribeBlock (/Users/ryan/Library/Mobile Documents/com~apple~CloudDocs/Documents/VSCode/Tax-App-Frontend/node_modules/jest-circus/build/jestAdapterInit.js:862:11)
          at _runTestsForDescribeBlock (/Users/ryan/Library/Mobile Documents/com~apple~CloudDocs/Documents/VSCode/Tax-App-Frontend/node_modules/jest-circus/build/jestAdapterInit.js:857:11)
          at _runTestsForDescribeBlock (/Users/ryan/Library/Mobile Documents/com~apple~CloudDocs/Documents/VSCode/Tax-App-Frontend/node_modules/jest-circus/build/jestAdapterInit.js:857:11)
          at run (/Users/ryan/Library/Mobile Documents/com~apple~CloudDocs/Documents/VSCode/Tax-App-Frontend/node_modules/jest-circus/build/jestAdapterInit.js:761:3)
          at runAndTransformResultsToJestFormat (/Users/ryan/Library/Mobile Documents/com~apple~CloudDocs/Documents/VSCode/Tax-App-Frontend/node_modules/jest-circus/build/jestAdapterInit.js:1918:21)
          at jestAdapter (/Users/ryan/Library/Mobile Documents/com~apple~CloudDocs/Documents/VSCode/Tax-App-Frontend/node_modules/jest-circus/build/runner.js:101:19)
          at runTestInternal (/Users/ryan/Library/Mobile Documents/com~apple~CloudDocs/Documents/VSCode/Tax-App-Frontend/node_modules/jest-runner/build/testWorker.js:275:16)
          at runTest (/Users/ryan/Library/Mobile Documents/com~apple~CloudDocs/Documents/VSCode/Tax-App-Frontend/node_modules/jest-runner/build/testWorker.js:343:7)
          at Object.worker (/Users/ryan/Library/Mobile Documents/com~apple~CloudDocs/Documents/VSCode/Tax-App-Frontend/node_modules/jest-runner/build/testWorker.js:497:12) {
        detail: TypeError: (0 , _navigation.usePathname) is not a function
            at useForm1099Div (/Users/ryan/Library/Mobile Documents/com~apple~CloudDocs/Documents/VSCode/Tax-App-Frontend/src/hooks/useForm1099Div.ts:120:31)
            at Form1099DivClient (/Users/ryan/Library/Mobile Documents/com~apple~CloudDocs/Documents/VSCode/Tax-App-Frontend/src/app/forms/1099-div/Form1099DivClient.tsx:96:21)
            at renderWithHooks (/Users/ryan/Library/Mobile Documents/com~apple~CloudDocs/Documents/VSCode/Tax-App-Frontend/node_modules/react-dom/cjs/react-dom.development.js:15486:18)
            at mountIndeterminateComponent (/Users/ryan/Library/Mobile Documents/com~apple~CloudDocs/Documents/VSCode/Tax-App-Frontend/node_modules/react-dom/cjs/react-dom.development.js:20103:13)
            at beginWork (/Users/ryan/Library/Mobile Documents/com~apple~CloudDocs/Documents/VSCode/Tax-App-Frontend/node_modules/react-dom/cjs/react-dom.development.js:21626:16)
            at HTMLUnknownElement.callCallback (/Users/ryan/Library/Mobile Documents/com~apple~CloudDocs/Documents/VSCode/Tax-App-Frontend/node_modules/react-dom/cjs/react-dom.development.js:4164:14)
            at HTMLUnknownElement.callTheUserObjectsOperation (/Users/ryan/Library/Mobile Documents/com~apple~CloudDocs/Documents/VSCode/Tax-App-Frontend/node_modules/jsdom/lib/jsdom/living/generated/EventListener.js:26:30)
            at innerInvokeEventListeners (/Users/ryan/Library/Mobile Documents/com~apple~CloudDocs/Documents/VSCode/Tax-App-Frontend/node_modules/jsdom/lib/jsdom/living/events/EventTarget-impl.js:350:25)
            at invokeEventListeners (/Users/ryan/Library/Mobile Documents/com~apple~CloudDocs/Documents/VSCode/Tax-App-Frontend/node_modules/jsdom/lib/jsdom/living/events/EventTarget-impl.js:286:3)
            at HTMLUnknownElementImpl._dispatch (/Users/ryan/Library/Mobile Documents/com~apple~CloudDocs/Documents/VSCode/Tax-App-Frontend/node_modules/jsdom/lib/jsdom/living/events/EventTarget-impl.js:233:9)
            at HTMLUnknownElementImpl.dispatchEvent (/Users/ryan/Library/Mobile Documents/com~apple~CloudDocs/Documents/VSCode/Tax-App-Frontend/node_modules/jsdom/lib/jsdom/living/events/EventTarget-impl.js:104:17)
            at HTMLUnknownElement.dispatchEvent (/Users/ryan/Library/Mobile Documents/com~apple~CloudDocs/Documents/VSCode/Tax-App-Frontend/node_modules/jsdom/lib/jsdom/living/generated/EventTarget.js:241:34)
            at Object.invokeGuardedCallbackDev (/Users/ryan/Library/Mobile Documents/com~apple~CloudDocs/Documents/VSCode/Tax-App-Frontend/node_modules/react-dom/cjs/react-dom.development.js:4213:16)
            at invokeGuardedCallback (/Users/ryan/Library/Mobile Documents/com~apple~CloudDocs/Documents/VSCode/Tax-App-Frontend/node_modules/react-dom/cjs/react-dom.development.js:4277:31)
            at beginWork$1 (/Users/ryan/Library/Mobile Documents/com~apple~CloudDocs/Documents/VSCode/Tax-App-Frontend/node_modules/react-dom/cjs/react-dom.development.js:27490:7)
            at performUnitOfWork (/Users/ryan/Library/Mobile Documents/com~apple~CloudDocs/Documents/VSCode/Tax-App-Frontend/node_modules/react-dom/cjs/react-dom.development.js:26599:12)
            at workLoopSync (/Users/ryan/Library/Mobile Documents/com~apple~CloudDocs/Documents/VSCode/Tax-App-Frontend/node_modules/react-dom/cjs/react-dom.development.js:26505:5)
            at renderRootSync (/Users/ryan/Library/Mobile Documents/com~apple~CloudDocs/Documents/VSCode/Tax-App-Frontend/node_modules/react-dom/cjs/react-dom.development.js:26473:7)
            at recoverFromConcurrentError (/Users/ryan/Library/Mobile Documents/com~apple~CloudDocs/Documents/VSCode/Tax-App-Frontend/node_modules/react-dom/cjs/react-dom.development.js:25889:20)
            at performConcurrentWorkOnRoot (/Users/ryan/Library/Mobile Documents/com~apple~CloudDocs/Documents/VSCode/Tax-App-Frontend/node_modules/react-dom/cjs/react-dom.development.js:25789:22)
            at flushActQueue (/Users/ryan/Library/Mobile Documents/com~apple~CloudDocs/Documents/VSCode/Tax-App-Frontend/node_modules/react/cjs/react.development.js:2667:24)
            at act (/Users/ryan/Library/Mobile Documents/com~apple~CloudDocs/Documents/VSCode/Tax-App-Frontend/node_modules/react/cjs/react.development.js:2582:11)
            at /Users/ryan/Library/Mobile Documents/com~apple~CloudDocs/Documents/VSCode/Tax-App-Frontend/node_modules/@testing-library/react/dist/act-compat.js:46:25
            at renderRoot (/Users/ryan/Library/Mobile Documents/com~apple~CloudDocs/Documents/VSCode/Tax-App-Frontend/node_modules/@testing-library/react/dist/pure.js:189:26)
            at render (/Users/ryan/Library/Mobile Documents/com~apple~CloudDocs/Documents/VSCode/Tax-App-Frontend/node_modules/@testing-library/react/dist/pure.js:291:10)
            at Object.<anonymous> (/Users/ryan/Library/Mobile Documents/com~apple~CloudDocs/Documents/VSCode/Tax-App-Frontend/src/app/forms/1099-div/Form1099Div.integration.test.tsx:283:13)
            at Promise.finally.completed (/Users/ryan/Library/Mobile Documents/com~apple~CloudDocs/Documents/VSCode/Tax-App-Frontend/node_modules/jest-circus/build/jestAdapterInit.js:1557:28)
            at new Promise (<anonymous>)
            at callAsyncCircusFn (/Users/ryan/Library/Mobile Documents/com~apple~CloudDocs/Documents/VSCode/Tax-App-Frontend/node_modules/jest-circus/build/jestAdapterInit.js:1497:10)
            at _callCircusTest (/Users/ryan/Library/Mobile Documents/com~apple~CloudDocs/Documents/VSCode/Tax-App-Frontend/node_modules/jest-circus/build/jestAdapterInit.js:1007:40)
            at processTicksAndRejections (node:internal/process/task_queues:95:5)
            at _runTest (/Users/ryan/Library/Mobile Documents/com~apple~CloudDocs/Documents/VSCode/Tax-App-Frontend/node_modules/jest-circus/build/jestAdapterInit.js:947:3)
            at /Users/ryan/Library/Mobile Documents/com~apple~CloudDocs/Documents/VSCode/Tax-App-Frontend/node_modules/jest-circus/build/jestAdapterInit.js:849:7
            at _runTestsForDescribeBlock (/Users/ryan/Library/Mobile Documents/com~apple~CloudDocs/Documents/VSCode/Tax-App-Frontend/node_modules/jest-circus/build/jestAdapterInit.js:862:11)
            at _runTestsForDescribeBlock (/Users/ryan/Library/Mobile Documents/com~apple~CloudDocs/Documents/VSCode/Tax-App-Frontend/node_modules/jest-circus/build/jestAdapterInit.js:857:11)
            at _runTestsForDescribeBlock (/Users/ryan/Library/Mobile Documents/com~apple~CloudDocs/Documents/VSCode/Tax-App-Frontend/node_modules/jest-circus/build/jestAdapterInit.js:857:11)
            at run (/Users/ryan/Library/Mobile Documents/com~apple~CloudDocs/Documents/VSCode/Tax-App-Frontend/node_modules/jest-circus/build/jestAdapterInit.js:761:3)
            at runAndTransformResultsToJestFormat (/Users/ryan/Library/Mobile Documents/com~apple~CloudDocs/Documents/VSCode/Tax-App-Frontend/node_modules/jest-circus/build/jestAdapterInit.js:1918:21)
            at jestAdapter (/Users/ryan/Library/Mobile Documents/com~apple~CloudDocs/Documents/VSCode/Tax-App-Frontend/node_modules/jest-circus/build/runner.js:101:19)
            at runTestInternal (/Users/ryan/Library/Mobile Documents/com~apple~CloudDocs/Documents/VSCode/Tax-App-Frontend/node_modules/jest-runner/build/testWorker.js:275:16)
            at runTest (/Users/ryan/Library/Mobile Documents/com~apple~CloudDocs/Documents/VSCode/Tax-App-Frontend/node_modules/jest-runner/build/testWorker.js:343:7)
            at Object.worker (/Users/ryan/Library/Mobile Documents/com~apple~CloudDocs/Documents/VSCode/Tax-App-Frontend/node_modules/jest-runner/build/testWorker.js:497:12),
        type: 'unhandled exception'
      }

      281 |       const user = userEvent.setup();
      282 |       
    > 283 |       render(<Form1099DivClient initialToken={mockToken} />);
          |             ^
      284 |
      285 |       // Fill in required fields
      286 |       const calendarYearInput = screen.getByLabelText(/Tax Year/i);

      at VirtualConsole.<anonymous> (node_modules/@jest/environment-jsdom-abstract/build/index.js:87:23)
      at reportException (node_modules/jsdom/lib/jsdom/living/helpers/runtime-script-errors.js:70:28)
      at innerInvokeEventListeners (node_modules/jsdom/lib/jsdom/living/events/EventTarget-impl.js:353:9)
      at invokeEventListeners (node_modules/jsdom/lib/jsdom/living/events/EventTarget-impl.js:286:3)
      at HTMLUnknownElementImpl._dispatch (node_modules/jsdom/lib/jsdom/living/events/EventTarget-impl.js:233:9)
      at HTMLUnknownElementImpl.dispatchEvent (node_modules/jsdom/lib/jsdom/living/events/EventTarget-impl.js:104:17)
      at HTMLUnknownElement.dispatchEvent (node_modules/jsdom/lib/jsdom/living/generated/EventTarget.js:241:34)
      at Object.invokeGuardedCallbackDev (node_modules/react-dom/cjs/react-dom.development.js:4213:16)
      at invokeGuardedCallback (node_modules/react-dom/cjs/react-dom.development.js:4277:31)
      at beginWork$1 (node_modules/react-dom/cjs/react-dom.development.js:27490:7)
      at performUnitOfWork (node_modules/react-dom/cjs/react-dom.development.js:26599:12)
      at workLoopSync (node_modules/react-dom/cjs/react-dom.development.js:26505:5)
      at renderRootSync (node_modules/react-dom/cjs/react-dom.development.js:26473:7)
      at recoverFromConcurrentError (node_modules/react-dom/cjs/react-dom.development.js:25889:20)
      at performConcurrentWorkOnRoot (node_modules/react-dom/cjs/react-dom.development.js:25789:22)
      at flushActQueue (node_modules/react/cjs/react.development.js:2667:24)
      at act (node_modules/react/cjs/react.development.js:2582:11)
      at node_modules/@testing-library/react/dist/act-compat.js:46:25
      at renderRoot (node_modules/@testing-library/react/dist/pure.js:189:26)
      at render (node_modules/@testing-library/react/dist/pure.js:291:10)
      at Object.<anonymous> (src/app/forms/1099-div/Form1099Div.integration.test.tsx:283:13)

    console.error
      The above error occurred in the <Form1099DivClient> component:
      
          at initialToken (/Users/ryan/Library/Mobile Documents/com~apple~CloudDocs/Documents/VSCode/Tax-App-Frontend/src/app/forms/1099-div/Form1099DivClient.tsx:69:3)
      
      Consider adding an error boundary to your tree to customize error handling behavior.
      Visit https://reactjs.org/link/error-boundaries to learn more about error boundaries.

      281 |       const user = userEvent.setup();
      282 |       
    > 283 |       render(<Form1099DivClient initialToken={mockToken} />);
          |             ^
      284 |
      285 |       // Fill in required fields
      286 |       const calendarYearInput = screen.getByLabelText(/Tax Year/i);

      at logCapturedError (node_modules/react-dom/cjs/react-dom.development.js:18704:23)
      at update.callback (node_modules/react-dom/cjs/react-dom.development.js:18737:5)
      at callCallback (node_modules/react-dom/cjs/react-dom.development.js:15036:12)
      at commitUpdateQueue (node_modules/react-dom/cjs/react-dom.development.js:15057:9)
      at commitLayoutEffectOnFiber (node_modules/react-dom/cjs/react-dom.development.js:23430:13)
      at commitLayoutMountEffects_complete (node_modules/react-dom/cjs/react-dom.development.js:24727:9)
      at commitLayoutEffects_begin (node_modules/react-dom/cjs/react-dom.development.js:24713:7)
      at commitLayoutEffects (node_modules/react-dom/cjs/react-dom.development.js:24651:3)
      at commitRootImpl (node_modules/react-dom/cjs/react-dom.development.js:26862:5)
      at commitRoot (node_modules/react-dom/cjs/react-dom.development.js:26721:5)
      at finishConcurrentRender (node_modules/react-dom/cjs/react-dom.development.js:25931:9)
      at performConcurrentWorkOnRoot (node_modules/react-dom/cjs/react-dom.development.js:25848:7)
      at flushActQueue (node_modules/react/cjs/react.development.js:2667:24)
      at act (node_modules/react/cjs/react.development.js:2582:11)
      at node_modules/@testing-library/react/dist/act-compat.js:46:25
      at renderRoot (node_modules/@testing-library/react/dist/pure.js:189:26)
      at render (node_modules/@testing-library/react/dist/pure.js:291:10)
      at Object.<anonymous> (src/app/forms/1099-div/Form1099Div.integration.test.tsx:283:13)

    console.error
      Error: Uncaught [TypeError: (0 , _navigation.usePathname) is not a function]
          at reportException (/Users/ryan/Library/Mobile Documents/com~apple~CloudDocs/Documents/VSCode/Tax-App-Frontend/node_modules/jsdom/lib/jsdom/living/helpers/runtime-script-errors.js:66:24)
          at innerInvokeEventListeners (/Users/ryan/Library/Mobile Documents/com~apple~CloudDocs/Documents/VSCode/Tax-App-Frontend/node_modules/jsdom/lib/jsdom/living/events/EventTarget-impl.js:353:9)
          at invokeEventListeners (/Users/ryan/Library/Mobile Documents/com~apple~CloudDocs/Documents/VSCode/Tax-App-Frontend/node_modules/jsdom/lib/jsdom/living/events/EventTarget-impl.js:286:3)
          at HTMLUnknownElementImpl._dispatch (/Users/ryan/Library/Mobile Documents/com~apple~CloudDocs/Documents/VSCode/Tax-App-Frontend/node_modules/jsdom/lib/jsdom/living/events/EventTarget-impl.js:233:9)
          at HTMLUnknownElementImpl.dispatchEvent (/Users/ryan/Library/Mobile Documents/com~apple~CloudDocs/Documents/VSCode/Tax-App-Frontend/node_modules/jsdom/lib/jsdom/living/events/EventTarget-impl.js:104:17)
          at HTMLUnknownElement.dispatchEvent (/Users/ryan/Library/Mobile Documents/com~apple~CloudDocs/Documents/VSCode/Tax-App-Frontend/node_modules/jsdom/lib/jsdom/living/generated/EventTarget.js:241:34)
          at Object.invokeGuardedCallbackDev (/Users/ryan/Library/Mobile Documents/com~apple~CloudDocs/Documents/VSCode/Tax-App-Frontend/node_modules/react-dom/cjs/react-dom.development.js:4213:16)
          at invokeGuardedCallback (/Users/ryan/Library/Mobile Documents/com~apple~CloudDocs/Documents/VSCode/Tax-App-Frontend/node_modules/react-dom/cjs/react-dom.development.js:4277:31)
          at beginWork$1 (/Users/ryan/Library/Mobile Documents/com~apple~CloudDocs/Documents/VSCode/Tax-App-Frontend/node_modules/react-dom/cjs/react-dom.development.js:27490:7)
          at performUnitOfWork (/Users/ryan/Library/Mobile Documents/com~apple~CloudDocs/Documents/VSCode/Tax-App-Frontend/node_modules/react-dom/cjs/react-dom.development.js:26599:12)
          at workLoopSync (/Users/ryan/Library/Mobile Documents/com~apple~CloudDocs/Documents/VSCode/Tax-App-Frontend/node_modules/react-dom/cjs/react-dom.development.js:26505:5)
          at renderRootSync (/Users/ryan/Library/Mobile Documents/com~apple~CloudDocs/Documents/VSCode/Tax-App-Frontend/node_modules/react-dom/cjs/react-dom.development.js:26473:7)
          at performConcurrentWorkOnRoot (/Users/ryan/Library/Mobile Documents/com~apple~CloudDocs/Documents/VSCode/Tax-App-Frontend/node_modules/react-dom/cjs/react-dom.development.js:25777:74)
          at flushActQueue (/Users/ryan/Library/Mobile Documents/com~apple~CloudDocs/Documents/VSCode/Tax-App-Frontend/node_modules/react/cjs/react.development.js:2667:24)
          at act (/Users/ryan/Library/Mobile Documents/com~apple~CloudDocs/Documents/VSCode/Tax-App-Frontend/node_modules/react/cjs/react.development.js:2582:11)
          at /Users/ryan/Library/Mobile Documents/com~apple~CloudDocs/Documents/VSCode/Tax-App-Frontend/node_modules/@testing-library/react/dist/act-compat.js:46:25
          at renderRoot (/Users/ryan/Library/Mobile Documents/com~apple~CloudDocs/Documents/VSCode/Tax-App-Frontend/node_modules/@testing-library/react/dist/pure.js:189:26)
          at render (/Users/ryan/Library/Mobile Documents/com~apple~CloudDocs/Documents/VSCode/Tax-App-Frontend/node_modules/@testing-library/react/dist/pure.js:291:10)
          at Object.<anonymous> (/Users/ryan/Library/Mobile Documents/com~apple~CloudDocs/Documents/VSCode/Tax-App-Frontend/src/app/forms/1099-div/Form1099Div.integration.test.tsx:329:13)
          at Promise.finally.completed (/Users/ryan/Library/Mobile Documents/com~apple~CloudDocs/Documents/VSCode/Tax-App-Frontend/node_modules/jest-circus/build/jestAdapterInit.js:1557:28)
          at new Promise (<anonymous>)
          at callAsyncCircusFn (/Users/ryan/Library/Mobile Documents/com~apple~CloudDocs/Documents/VSCode/Tax-App-Frontend/node_modules/jest-circus/build/jestAdapterInit.js:1497:10)
          at _callCircusTest (/Users/ryan/Library/Mobile Documents/com~apple~CloudDocs/Documents/VSCode/Tax-App-Frontend/node_modules/jest-circus/build/jestAdapterInit.js:1007:40)
          at processTicksAndRejections (node:internal/process/task_queues:95:5)
          at _runTest (/Users/ryan/Library/Mobile Documents/com~apple~CloudDocs/Documents/VSCode/Tax-App-Frontend/node_modules/jest-circus/build/jestAdapterInit.js:947:3)
          at /Users/ryan/Library/Mobile Documents/com~apple~CloudDocs/Documents/VSCode/Tax-App-Frontend/node_modules/jest-circus/build/jestAdapterInit.js:849:7
          at _runTestsForDescribeBlock (/Users/ryan/Library/Mobile Documents/com~apple~CloudDocs/Documents/VSCode/Tax-App-Frontend/node_modules/jest-circus/build/jestAdapterInit.js:862:11)
          at _runTestsForDescribeBlock (/Users/ryan/Library/Mobile Documents/com~apple~CloudDocs/Documents/VSCode/Tax-App-Frontend/node_modules/jest-circus/build/jestAdapterInit.js:857:11)
          at _runTestsForDescribeBlock (/Users/ryan/Library/Mobile Documents/com~apple~CloudDocs/Documents/VSCode/Tax-App-Frontend/node_modules/jest-circus/build/jestAdapterInit.js:857:11)
          at run (/Users/ryan/Library/Mobile Documents/com~apple~CloudDocs/Documents/VSCode/Tax-App-Frontend/node_modules/jest-circus/build/jestAdapterInit.js:761:3)
          at runAndTransformResultsToJestFormat (/Users/ryan/Library/Mobile Documents/com~apple~CloudDocs/Documents/VSCode/Tax-App-Frontend/node_modules/jest-circus/build/jestAdapterInit.js:1918:21)
          at jestAdapter (/Users/ryan/Library/Mobile Documents/com~apple~CloudDocs/Documents/VSCode/Tax-App-Frontend/node_modules/jest-circus/build/runner.js:101:19)
          at runTestInternal (/Users/ryan/Library/Mobile Documents/com~apple~CloudDocs/Documents/VSCode/Tax-App-Frontend/node_modules/jest-runner/build/testWorker.js:275:16)
          at runTest (/Users/ryan/Library/Mobile Documents/com~apple~CloudDocs/Documents/VSCode/Tax-App-Frontend/node_modules/jest-runner/build/testWorker.js:343:7)
          at Object.worker (/Users/ryan/Library/Mobile Documents/com~apple~CloudDocs/Documents/VSCode/Tax-App-Frontend/node_modules/jest-runner/build/testWorker.js:497:12) {
        detail: TypeError: (0 , _navigation.usePathname) is not a function
            at useForm1099Div (/Users/ryan/Library/Mobile Documents/com~apple~CloudDocs/Documents/VSCode/Tax-App-Frontend/src/hooks/useForm1099Div.ts:120:31)
            at Form1099DivClient (/Users/ryan/Library/Mobile Documents/com~apple~CloudDocs/Documents/VSCode/Tax-App-Frontend/src/app/forms/1099-div/Form1099DivClient.tsx:96:21)
            at renderWithHooks (/Users/ryan/Library/Mobile Documents/com~apple~CloudDocs/Documents/VSCode/Tax-App-Frontend/node_modules/react-dom/cjs/react-dom.development.js:15486:18)
            at mountIndeterminateComponent (/Users/ryan/Library/Mobile Documents/com~apple~CloudDocs/Documents/VSCode/Tax-App-Frontend/node_modules/react-dom/cjs/react-dom.development.js:20103:13)
            at beginWork (/Users/ryan/Library/Mobile Documents/com~apple~CloudDocs/Documents/VSCode/Tax-App-Frontend/node_modules/react-dom/cjs/react-dom.development.js:21626:16)
            at HTMLUnknownElement.callCallback (/Users/ryan/Library/Mobile Documents/com~apple~CloudDocs/Documents/VSCode/Tax-App-Frontend/node_modules/react-dom/cjs/react-dom.development.js:4164:14)
            at HTMLUnknownElement.callTheUserObjectsOperation (/Users/ryan/Library/Mobile Documents/com~apple~CloudDocs/Documents/VSCode/Tax-App-Frontend/node_modules/jsdom/lib/jsdom/living/generated/EventListener.js:26:30)
            at innerInvokeEventListeners (/Users/ryan/Library/Mobile Documents/com~apple~CloudDocs/Documents/VSCode/Tax-App-Frontend/node_modules/jsdom/lib/jsdom/living/events/EventTarget-impl.js:350:25)
            at invokeEventListeners (/Users/ryan/Library/Mobile Documents/com~apple~CloudDocs/Documents/VSCode/Tax-App-Frontend/node_modules/jsdom/lib/jsdom/living/events/EventTarget-impl.js:286:3)
            at HTMLUnknownElementImpl._dispatch (/Users/ryan/Library/Mobile Documents/com~apple~CloudDocs/Documents/VSCode/Tax-App-Frontend/node_modules/jsdom/lib/jsdom/living/events/EventTarget-impl.js:233:9)
            at HTMLUnknownElementImpl.dispatchEvent (/Users/ryan/Library/Mobile Documents/com~apple~CloudDocs/Documents/VSCode/Tax-App-Frontend/node_modules/jsdom/lib/jsdom/living/events/EventTarget-impl.js:104:17)
            at HTMLUnknownElement.dispatchEvent (/Users/ryan/Library/Mobile Documents/com~apple~CloudDocs/Documents/VSCode/Tax-App-Frontend/node_modules/jsdom/lib/jsdom/living/generated/EventTarget.js:241:34)
            at Object.invokeGuardedCallbackDev (/Users/ryan/Library/Mobile Documents/com~apple~CloudDocs/Documents/VSCode/Tax-App-Frontend/node_modules/react-dom/cjs/react-dom.development.js:4213:16)
            at invokeGuardedCallback (/Users/ryan/Library/Mobile Documents/com~apple~CloudDocs/Documents/VSCode/Tax-App-Frontend/node_modules/react-dom/cjs/react-dom.development.js:4277:31)
            at beginWork$1 (/Users/ryan/Library/Mobile Documents/com~apple~CloudDocs/Documents/VSCode/Tax-App-Frontend/node_modules/react-dom/cjs/react-dom.development.js:27490:7)
            at performUnitOfWork (/Users/ryan/Library/Mobile Documents/com~apple~CloudDocs/Documents/VSCode/Tax-App-Frontend/node_modules/react-dom/cjs/react-dom.development.js:26599:12)
            at workLoopSync (/Users/ryan/Library/Mobile Documents/com~apple~CloudDocs/Documents/VSCode/Tax-App-Frontend/node_modules/react-dom/cjs/react-dom.development.js:26505:5)
            at renderRootSync (/Users/ryan/Library/Mobile Documents/com~apple~CloudDocs/Documents/VSCode/Tax-App-Frontend/node_modules/react-dom/cjs/react-dom.development.js:26473:7)
            at performConcurrentWorkOnRoot (/Users/ryan/Library/Mobile Documents/com~apple~CloudDocs/Documents/VSCode/Tax-App-Frontend/node_modules/react-dom/cjs/react-dom.development.js:25777:74)
            at flushActQueue (/Users/ryan/Library/Mobile Documents/com~apple~CloudDocs/Documents/VSCode/Tax-App-Frontend/node_modules/react/cjs/react.development.js:2667:24)
            at act (/Users/ryan/Library/Mobile Documents/com~apple~CloudDocs/Documents/VSCode/Tax-App-Frontend/node_modules/react/cjs/react.development.js:2582:11)
            at /Users/ryan/Library/Mobile Documents/com~apple~CloudDocs/Documents/VSCode/Tax-App-Frontend/node_modules/@testing-library/react/dist/act-compat.js:46:25
            at renderRoot (/Users/ryan/Library/Mobile Documents/com~apple~CloudDocs/Documents/VSCode/Tax-App-Frontend/node_modules/@testing-library/react/dist/pure.js:189:26)
            at render (/Users/ryan/Library/Mobile Documents/com~apple~CloudDocs/Documents/VSCode/Tax-App-Frontend/node_modules/@testing-library/react/dist/pure.js:291:10)
            at Object.<anonymous> (/Users/ryan/Library/Mobile Documents/com~apple~CloudDocs/Documents/VSCode/Tax-App-Frontend/src/app/forms/1099-div/Form1099Div.integration.test.tsx:329:13)
            at Promise.finally.completed (/Users/ryan/Library/Mobile Documents/com~apple~CloudDocs/Documents/VSCode/Tax-App-Frontend/node_modules/jest-circus/build/jestAdapterInit.js:1557:28)
            at new Promise (<anonymous>)
            at callAsyncCircusFn (/Users/ryan/Library/Mobile Documents/com~apple~CloudDocs/Documents/VSCode/Tax-App-Frontend/node_modules/jest-circus/build/jestAdapterInit.js:1497:10)
            at _callCircusTest (/Users/ryan/Library/Mobile Documents/com~apple~CloudDocs/Documents/VSCode/Tax-App-Frontend/node_modules/jest-circus/build/jestAdapterInit.js:1007:40)
            at processTicksAndRejections (node:internal/process/task_queues:95:5)
            at _runTest (/Users/ryan/Library/Mobile Documents/com~apple~CloudDocs/Documents/VSCode/Tax-App-Frontend/node_modules/jest-circus/build/jestAdapterInit.js:947:3)
            at /Users/ryan/Library/Mobile Documents/com~apple~CloudDocs/Documents/VSCode/Tax-App-Frontend/node_modules/jest-circus/build/jestAdapterInit.js:849:7
            at _runTestsForDescribeBlock (/Users/ryan/Library/Mobile Documents/com~apple~CloudDocs/Documents/VSCode/Tax-App-Frontend/node_modules/jest-circus/build/jestAdapterInit.js:862:11)
            at _runTestsForDescribeBlock (/Users/ryan/Library/Mobile Documents/com~apple~CloudDocs/Documents/VSCode/Tax-App-Frontend/node_modules/jest-circus/build/jestAdapterInit.js:857:11)
            at _runTestsForDescribeBlock (/Users/ryan/Library/Mobile Documents/com~apple~CloudDocs/Documents/VSCode/Tax-App-Frontend/node_modules/jest-circus/build/jestAdapterInit.js:857:11)
            at run (/Users/ryan/Library/Mobile Documents/com~apple~CloudDocs/Documents/VSCode/Tax-App-Frontend/node_modules/jest-circus/build/jestAdapterInit.js:761:3)
            at runAndTransformResultsToJestFormat (/Users/ryan/Library/Mobile Documents/com~apple~CloudDocs/Documents/VSCode/Tax-App-Frontend/node_modules/jest-circus/build/jestAdapterInit.js:1918:21)
            at jestAdapter (/Users/ryan/Library/Mobile Documents/com~apple~CloudDocs/Documents/VSCode/Tax-App-Frontend/node_modules/jest-circus/build/runner.js:101:19)
            at runTestInternal (/Users/ryan/Library/Mobile Documents/com~apple~CloudDocs/Documents/VSCode/Tax-App-Frontend/node_modules/jest-runner/build/testWorker.js:275:16)
            at runTest (/Users/ryan/Library/Mobile Documents/com~apple~CloudDocs/Documents/VSCode/Tax-App-Frontend/node_modules/jest-runner/build/testWorker.js:343:7)
            at Object.worker (/Users/ryan/Library/Mobile Documents/com~apple~CloudDocs/Documents/VSCode/Tax-App-Frontend/node_modules/jest-runner/build/testWorker.js:497:12),
        type: 'unhandled exception'
      }

      327 |       const user = userEvent.setup();
      328 |       
    > 329 |       render(<Form1099DivClient initialToken={mockToken} />);
          |             ^
      330 |
      331 |       // Fill in required fields
      332 |       const calendarYearInput = screen.getByLabelText(/Tax Year/i);

      at VirtualConsole.<anonymous> (node_modules/@jest/environment-jsdom-abstract/build/index.js:87:23)
      at reportException (node_modules/jsdom/lib/jsdom/living/helpers/runtime-script-errors.js:70:28)
      at innerInvokeEventListeners (node_modules/jsdom/lib/jsdom/living/events/EventTarget-impl.js:353:9)
      at invokeEventListeners (node_modules/jsdom/lib/jsdom/living/events/EventTarget-impl.js:286:3)
      at HTMLUnknownElementImpl._dispatch (node_modules/jsdom/lib/jsdom/living/events/EventTarget-impl.js:233:9)
      at HTMLUnknownElementImpl.dispatchEvent (node_modules/jsdom/lib/jsdom/living/events/EventTarget-impl.js:104:17)
      at HTMLUnknownElement.dispatchEvent (node_modules/jsdom/lib/jsdom/living/generated/EventTarget.js:241:34)
      at Object.invokeGuardedCallbackDev (node_modules/react-dom/cjs/react-dom.development.js:4213:16)
      at invokeGuardedCallback (node_modules/react-dom/cjs/react-dom.development.js:4277:31)
      at beginWork$1 (node_modules/react-dom/cjs/react-dom.development.js:27490:7)
      at performUnitOfWork (node_modules/react-dom/cjs/react-dom.development.js:26599:12)
      at workLoopSync (node_modules/react-dom/cjs/react-dom.development.js:26505:5)
      at renderRootSync (node_modules/react-dom/cjs/react-dom.development.js:26473:7)
      at performConcurrentWorkOnRoot (node_modules/react-dom/cjs/react-dom.development.js:25777:74)
      at flushActQueue (node_modules/react/cjs/react.development.js:2667:24)
      at act (node_modules/react/cjs/react.development.js:2582:11)
      at node_modules/@testing-library/react/dist/act-compat.js:46:25
      at renderRoot (node_modules/@testing-library/react/dist/pure.js:189:26)
      at render (node_modules/@testing-library/react/dist/pure.js:291:10)
      at Object.<anonymous> (src/app/forms/1099-div/Form1099Div.integration.test.tsx:329:13)

    console.error
      Error: Uncaught [TypeError: (0 , _navigation.usePathname) is not a function]
          at reportException (/Users/ryan/Library/Mobile Documents/com~apple~CloudDocs/Documents/VSCode/Tax-App-Frontend/node_modules/jsdom/lib/jsdom/living/helpers/runtime-script-errors.js:66:24)
          at innerInvokeEventListeners (/Users/ryan/Library/Mobile Documents/com~apple~CloudDocs/Documents/VSCode/Tax-App-Frontend/node_modules/jsdom/lib/jsdom/living/events/EventTarget-impl.js:353:9)
          at invokeEventListeners (/Users/ryan/Library/Mobile Documents/com~apple~CloudDocs/Documents/VSCode/Tax-App-Frontend/node_modules/jsdom/lib/jsdom/living/events/EventTarget-impl.js:286:3)
          at HTMLUnknownElementImpl._dispatch (/Users/ryan/Library/Mobile Documents/com~apple~CloudDocs/Documents/VSCode/Tax-App-Frontend/node_modules/jsdom/lib/jsdom/living/events/EventTarget-impl.js:233:9)
          at HTMLUnknownElementImpl.dispatchEvent (/Users/ryan/Library/Mobile Documents/com~apple~CloudDocs/Documents/VSCode/Tax-App-Frontend/node_modules/jsdom/lib/jsdom/living/events/EventTarget-impl.js:104:17)
          at HTMLUnknownElement.dispatchEvent (/Users/ryan/Library/Mobile Documents/com~apple~CloudDocs/Documents/VSCode/Tax-App-Frontend/node_modules/jsdom/lib/jsdom/living/generated/EventTarget.js:241:34)
          at Object.invokeGuardedCallbackDev (/Users/ryan/Library/Mobile Documents/com~apple~CloudDocs/Documents/VSCode/Tax-App-Frontend/node_modules/react-dom/cjs/react-dom.development.js:4213:16)
          at invokeGuardedCallback (/Users/ryan/Library/Mobile Documents/com~apple~CloudDocs/Documents/VSCode/Tax-App-Frontend/node_modules/react-dom/cjs/react-dom.development.js:4277:31)
          at beginWork$1 (/Users/ryan/Library/Mobile Documents/com~apple~CloudDocs/Documents/VSCode/Tax-App-Frontend/node_modules/react-dom/cjs/react-dom.development.js:27490:7)
          at performUnitOfWork (/Users/ryan/Library/Mobile Documents/com~apple~CloudDocs/Documents/VSCode/Tax-App-Frontend/node_modules/react-dom/cjs/react-dom.development.js:26599:12)
          at workLoopSync (/Users/ryan/Library/Mobile Documents/com~apple~CloudDocs/Documents/VSCode/Tax-App-Frontend/node_modules/react-dom/cjs/react-dom.development.js:26505:5)
          at renderRootSync (/Users/ryan/Library/Mobile Documents/com~apple~CloudDocs/Documents/VSCode/Tax-App-Frontend/node_modules/react-dom/cjs/react-dom.development.js:26473:7)
          at recoverFromConcurrentError (/Users/ryan/Library/Mobile Documents/com~apple~CloudDocs/Documents/VSCode/Tax-App-Frontend/node_modules/react-dom/cjs/react-dom.development.js:25889:20)
          at performConcurrentWorkOnRoot (/Users/ryan/Library/Mobile Documents/com~apple~CloudDocs/Documents/VSCode/Tax-App-Frontend/node_modules/react-dom/cjs/react-dom.development.js:25789:22)
          at flushActQueue (/Users/ryan/Library/Mobile Documents/com~apple~CloudDocs/Documents/VSCode/Tax-App-Frontend/node_modules/react/cjs/react.development.js:2667:24)
          at act (/Users/ryan/Library/Mobile Documents/com~apple~CloudDocs/Documents/VSCode/Tax-App-Frontend/node_modules/react/cjs/react.development.js:2582:11)
          at /Users/ryan/Library/Mobile Documents/com~apple~CloudDocs/Documents/VSCode/Tax-App-Frontend/node_modules/@testing-library/react/dist/act-compat.js:46:25
          at renderRoot (/Users/ryan/Library/Mobile Documents/com~apple~CloudDocs/Documents/VSCode/Tax-App-Frontend/node_modules/@testing-library/react/dist/pure.js:189:26)
          at render (/Users/ryan/Library/Mobile Documents/com~apple~CloudDocs/Documents/VSCode/Tax-App-Frontend/node_modules/@testing-library/react/dist/pure.js:291:10)
          at Object.<anonymous> (/Users/ryan/Library/Mobile Documents/com~apple~CloudDocs/Documents/VSCode/Tax-App-Frontend/src/app/forms/1099-div/Form1099Div.integration.test.tsx:329:13)
          at Promise.finally.completed (/Users/ryan/Library/Mobile Documents/com~apple~CloudDocs/Documents/VSCode/Tax-App-Frontend/node_modules/jest-circus/build/jestAdapterInit.js:1557:28)
          at new Promise (<anonymous>)
          at callAsyncCircusFn (/Users/ryan/Library/Mobile Documents/com~apple~CloudDocs/Documents/VSCode/Tax-App-Frontend/node_modules/jest-circus/build/jestAdapterInit.js:1497:10)
          at _callCircusTest (/Users/ryan/Library/Mobile Documents/com~apple~CloudDocs/Documents/VSCode/Tax-App-Frontend/node_modules/jest-circus/build/jestAdapterInit.js:1007:40)
          at processTicksAndRejections (node:internal/process/task_queues:95:5)
          at _runTest (/Users/ryan/Library/Mobile Documents/com~apple~CloudDocs/Documents/VSCode/Tax-App-Frontend/node_modules/jest-circus/build/jestAdapterInit.js:947:3)
          at /Users/ryan/Library/Mobile Documents/com~apple~CloudDocs/Documents/VSCode/Tax-App-Frontend/node_modules/jest-circus/build/jestAdapterInit.js:849:7
          at _runTestsForDescribeBlock (/Users/ryan/Library/Mobile Documents/com~apple~CloudDocs/Documents/VSCode/Tax-App-Frontend/node_modules/jest-circus/build/jestAdapterInit.js:862:11)
          at _runTestsForDescribeBlock (/Users/ryan/Library/Mobile Documents/com~apple~CloudDocs/Documents/VSCode/Tax-App-Frontend/node_modules/jest-circus/build/jestAdapterInit.js:857:11)
          at _runTestsForDescribeBlock (/Users/ryan/Library/Mobile Documents/com~apple~CloudDocs/Documents/VSCode/Tax-App-Frontend/node_modules/jest-circus/build/jestAdapterInit.js:857:11)
          at run (/Users/ryan/Library/Mobile Documents/com~apple~CloudDocs/Documents/VSCode/Tax-App-Frontend/node_modules/jest-circus/build/jestAdapterInit.js:761:3)
          at runAndTransformResultsToJestFormat (/Users/ryan/Library/Mobile Documents/com~apple~CloudDocs/Documents/VSCode/Tax-App-Frontend/node_modules/jest-circus/build/jestAdapterInit.js:1918:21)
          at jestAdapter (/Users/ryan/Library/Mobile Documents/com~apple~CloudDocs/Documents/VSCode/Tax-App-Frontend/node_modules/jest-circus/build/runner.js:101:19)
          at runTestInternal (/Users/ryan/Library/Mobile Documents/com~apple~CloudDocs/Documents/VSCode/Tax-App-Frontend/node_modules/jest-runner/build/testWorker.js:275:16)
          at runTest (/Users/ryan/Library/Mobile Documents/com~apple~CloudDocs/Documents/VSCode/Tax-App-Frontend/node_modules/jest-runner/build/testWorker.js:343:7)
          at Object.worker (/Users/ryan/Library/Mobile Documents/com~apple~CloudDocs/Documents/VSCode/Tax-App-Frontend/node_modules/jest-runner/build/testWorker.js:497:12) {
        detail: TypeError: (0 , _navigation.usePathname) is not a function
            at useForm1099Div (/Users/ryan/Library/Mobile Documents/com~apple~CloudDocs/Documents/VSCode/Tax-App-Frontend/src/hooks/useForm1099Div.ts:120:31)
            at Form1099DivClient (/Users/ryan/Library/Mobile Documents/com~apple~CloudDocs/Documents/VSCode/Tax-App-Frontend/src/app/forms/1099-div/Form1099DivClient.tsx:96:21)
            at renderWithHooks (/Users/ryan/Library/Mobile Documents/com~apple~CloudDocs/Documents/VSCode/Tax-App-Frontend/node_modules/react-dom/cjs/react-dom.development.js:15486:18)
            at mountIndeterminateComponent (/Users/ryan/Library/Mobile Documents/com~apple~CloudDocs/Documents/VSCode/Tax-App-Frontend/node_modules/react-dom/cjs/react-dom.development.js:20103:13)
            at beginWork (/Users/ryan/Library/Mobile Documents/com~apple~CloudDocs/Documents/VSCode/Tax-App-Frontend/node_modules/react-dom/cjs/react-dom.development.js:21626:16)
            at HTMLUnknownElement.callCallback (/Users/ryan/Library/Mobile Documents/com~apple~CloudDocs/Documents/VSCode/Tax-App-Frontend/node_modules/react-dom/cjs/react-dom.development.js:4164:14)
            at HTMLUnknownElement.callTheUserObjectsOperation (/Users/ryan/Library/Mobile Documents/com~apple~CloudDocs/Documents/VSCode/Tax-App-Frontend/node_modules/jsdom/lib/jsdom/living/generated/EventListener.js:26:30)
            at innerInvokeEventListeners (/Users/ryan/Library/Mobile Documents/com~apple~CloudDocs/Documents/VSCode/Tax-App-Frontend/node_modules/jsdom/lib/jsdom/living/events/EventTarget-impl.js:350:25)
            at invokeEventListeners (/Users/ryan/Library/Mobile Documents/com~apple~CloudDocs/Documents/VSCode/Tax-App-Frontend/node_modules/jsdom/lib/jsdom/living/events/EventTarget-impl.js:286:3)
            at HTMLUnknownElementImpl._dispatch (/Users/ryan/Library/Mobile Documents/com~apple~CloudDocs/Documents/VSCode/Tax-App-Frontend/node_modules/jsdom/lib/jsdom/living/events/EventTarget-impl.js:233:9)
            at HTMLUnknownElementImpl.dispatchEvent (/Users/ryan/Library/Mobile Documents/com~apple~CloudDocs/Documents/VSCode/Tax-App-Frontend/node_modules/jsdom/lib/jsdom/living/events/EventTarget-impl.js:104:17)
            at HTMLUnknownElement.dispatchEvent (/Users/ryan/Library/Mobile Documents/com~apple~CloudDocs/Documents/VSCode/Tax-App-Frontend/node_modules/jsdom/lib/jsdom/living/generated/EventTarget.js:241:34)
            at Object.invokeGuardedCallbackDev (/Users/ryan/Library/Mobile Documents/com~apple~CloudDocs/Documents/VSCode/Tax-App-Frontend/node_modules/react-dom/cjs/react-dom.development.js:4213:16)
            at invokeGuardedCallback (/Users/ryan/Library/Mobile Documents/com~apple~CloudDocs/Documents/VSCode/Tax-App-Frontend/node_modules/react-dom/cjs/react-dom.development.js:4277:31)
            at beginWork$1 (/Users/ryan/Library/Mobile Documents/com~apple~CloudDocs/Documents/VSCode/Tax-App-Frontend/node_modules/react-dom/cjs/react-dom.development.js:27490:7)
            at performUnitOfWork (/Users/ryan/Library/Mobile Documents/com~apple~CloudDocs/Documents/VSCode/Tax-App-Frontend/node_modules/react-dom/cjs/react-dom.development.js:26599:12)
            at workLoopSync (/Users/ryan/Library/Mobile Documents/com~apple~CloudDocs/Documents/VSCode/Tax-App-Frontend/node_modules/react-dom/cjs/react-dom.development.js:26505:5)
            at renderRootSync (/Users/ryan/Library/Mobile Documents/com~apple~CloudDocs/Documents/VSCode/Tax-App-Frontend/node_modules/react-dom/cjs/react-dom.development.js:26473:7)
            at recoverFromConcurrentError (/Users/ryan/Library/Mobile Documents/com~apple~CloudDocs/Documents/VSCode/Tax-App-Frontend/node_modules/react-dom/cjs/react-dom.development.js:25889:20)
            at performConcurrentWorkOnRoot (/Users/ryan/Library/Mobile Documents/com~apple~CloudDocs/Documents/VSCode/Tax-App-Frontend/node_modules/react-dom/cjs/react-dom.development.js:25789:22)
            at flushActQueue (/Users/ryan/Library/Mobile Documents/com~apple~CloudDocs/Documents/VSCode/Tax-App-Frontend/node_modules/react/cjs/react.development.js:2667:24)
            at act (/Users/ryan/Library/Mobile Documents/com~apple~CloudDocs/Documents/VSCode/Tax-App-Frontend/node_modules/react/cjs/react.development.js:2582:11)
            at /Users/ryan/Library/Mobile Documents/com~apple~CloudDocs/Documents/VSCode/Tax-App-Frontend/node_modules/@testing-library/react/dist/act-compat.js:46:25
            at renderRoot (/Users/ryan/Library/Mobile Documents/com~apple~CloudDocs/Documents/VSCode/Tax-App-Frontend/node_modules/@testing-library/react/dist/pure.js:189:26)
            at render (/Users/ryan/Library/Mobile Documents/com~apple~CloudDocs/Documents/VSCode/Tax-App-Frontend/node_modules/@testing-library/react/dist/pure.js:291:10)
            at Object.<anonymous> (/Users/ryan/Library/Mobile Documents/com~apple~CloudDocs/Documents/VSCode/Tax-App-Frontend/src/app/forms/1099-div/Form1099Div.integration.test.tsx:329:13)
            at Promise.finally.completed (/Users/ryan/Library/Mobile Documents/com~apple~CloudDocs/Documents/VSCode/Tax-App-Frontend/node_modules/jest-circus/build/jestAdapterInit.js:1557:28)
            at new Promise (<anonymous>)
            at callAsyncCircusFn (/Users/ryan/Library/Mobile Documents/com~apple~CloudDocs/Documents/VSCode/Tax-App-Frontend/node_modules/jest-circus/build/jestAdapterInit.js:1497:10)
            at _callCircusTest (/Users/ryan/Library/Mobile Documents/com~apple~CloudDocs/Documents/VSCode/Tax-App-Frontend/node_modules/jest-circus/build/jestAdapterInit.js:1007:40)
            at processTicksAndRejections (node:internal/process/task_queues:95:5)
            at _runTest (/Users/ryan/Library/Mobile Documents/com~apple~CloudDocs/Documents/VSCode/Tax-App-Frontend/node_modules/jest-circus/build/jestAdapterInit.js:947:3)
            at /Users/ryan/Library/Mobile Documents/com~apple~CloudDocs/Documents/VSCode/Tax-App-Frontend/node_modules/jest-circus/build/jestAdapterInit.js:849:7
            at _runTestsForDescribeBlock (/Users/ryan/Library/Mobile Documents/com~apple~CloudDocs/Documents/VSCode/Tax-App-Frontend/node_modules/jest-circus/build/jestAdapterInit.js:862:11)
            at _runTestsForDescribeBlock (/Users/ryan/Library/Mobile Documents/com~apple~CloudDocs/Documents/VSCode/Tax-App-Frontend/node_modules/jest-circus/build/jestAdapterInit.js:857:11)
            at _runTestsForDescribeBlock (/Users/ryan/Library/Mobile Documents/com~apple~CloudDocs/Documents/VSCode/Tax-App-Frontend/node_modules/jest-circus/build/jestAdapterInit.js:857:11)
            at run (/Users/ryan/Library/Mobile Documents/com~apple~CloudDocs/Documents/VSCode/Tax-App-Frontend/node_modules/jest-circus/build/jestAdapterInit.js:761:3)
            at runAndTransformResultsToJestFormat (/Users/ryan/Library/Mobile Documents/com~apple~CloudDocs/Documents/VSCode/Tax-App-Frontend/node_modules/jest-circus/build/jestAdapterInit.js:1918:21)
            at jestAdapter (/Users/ryan/Library/Mobile Documents/com~apple~CloudDocs/Documents/VSCode/Tax-App-Frontend/node_modules/jest-circus/build/runner.js:101:19)
            at runTestInternal (/Users/ryan/Library/Mobile Documents/com~apple~CloudDocs/Documents/VSCode/Tax-App-Frontend/node_modules/jest-runner/build/testWorker.js:275:16)
            at runTest (/Users/ryan/Library/Mobile Documents/com~apple~CloudDocs/Documents/VSCode/Tax-App-Frontend/node_modules/jest-runner/build/testWorker.js:343:7)
            at Object.worker (/Users/ryan/Library/Mobile Documents/com~apple~CloudDocs/Documents/VSCode/Tax-App-Frontend/node_modules/jest-runner/build/testWorker.js:497:12),
        type: 'unhandled exception'
      }

      327 |       const user = userEvent.setup();
      328 |       
    > 329 |       render(<Form1099DivClient initialToken={mockToken} />);
          |             ^
      330 |
      331 |       // Fill in required fields
      332 |       const calendarYearInput = screen.getByLabelText(/Tax Year/i);

      at VirtualConsole.<anonymous> (node_modules/@jest/environment-jsdom-abstract/build/index.js:87:23)
      at reportException (node_modules/jsdom/lib/jsdom/living/helpers/runtime-script-errors.js:70:28)
      at innerInvokeEventListeners (node_modules/jsdom/lib/jsdom/living/events/EventTarget-impl.js:353:9)
      at invokeEventListeners (node_modules/jsdom/lib/jsdom/living/events/EventTarget-impl.js:286:3)
      at HTMLUnknownElementImpl._dispatch (node_modules/jsdom/lib/jsdom/living/events/EventTarget-impl.js:233:9)
      at HTMLUnknownElementImpl.dispatchEvent (node_modules/jsdom/lib/jsdom/living/events/EventTarget-impl.js:104:17)
      at HTMLUnknownElement.dispatchEvent (node_modules/jsdom/lib/jsdom/living/generated/EventTarget.js:241:34)
      at Object.invokeGuardedCallbackDev (node_modules/react-dom/cjs/react-dom.development.js:4213:16)
      at invokeGuardedCallback (node_modules/react-dom/cjs/react-dom.development.js:4277:31)
      at beginWork$1 (node_modules/react-dom/cjs/react-dom.development.js:27490:7)
      at performUnitOfWork (node_modules/react-dom/cjs/react-dom.development.js:26599:12)
      at workLoopSync (node_modules/react-dom/cjs/react-dom.development.js:26505:5)
      at renderRootSync (node_modules/react-dom/cjs/react-dom.development.js:26473:7)
      at recoverFromConcurrentError (node_modules/react-dom/cjs/react-dom.development.js:25889:20)
      at performConcurrentWorkOnRoot (node_modules/react-dom/cjs/react-dom.development.js:25789:22)
      at flushActQueue (node_modules/react/cjs/react.development.js:2667:24)
      at act (node_modules/react/cjs/react.development.js:2582:11)
      at node_modules/@testing-library/react/dist/act-compat.js:46:25
      at renderRoot (node_modules/@testing-library/react/dist/pure.js:189:26)
      at render (node_modules/@testing-library/react/dist/pure.js:291:10)
      at Object.<anonymous> (src/app/forms/1099-div/Form1099Div.integration.test.tsx:329:13)

    console.error
      The above error occurred in the <Form1099DivClient> component:
      
          at initialToken (/Users/ryan/Library/Mobile Documents/com~apple~CloudDocs/Documents/VSCode/Tax-App-Frontend/src/app/forms/1099-div/Form1099DivClient.tsx:69:3)
      
      Consider adding an error boundary to your tree to customize error handling behavior.
      Visit https://reactjs.org/link/error-boundaries to learn more about error boundaries.

      327 |       const user = userEvent.setup();
      328 |       
    > 329 |       render(<Form1099DivClient initialToken={mockToken} />);
          |             ^
      330 |
      331 |       // Fill in required fields
      332 |       const calendarYearInput = screen.getByLabelText(/Tax Year/i);

      at logCapturedError (node_modules/react-dom/cjs/react-dom.development.js:18704:23)
      at update.callback (node_modules/react-dom/cjs/react-dom.development.js:18737:5)
      at callCallback (node_modules/react-dom/cjs/react-dom.development.js:15036:12)
      at commitUpdateQueue (node_modules/react-dom/cjs/react-dom.development.js:15057:9)
      at commitLayoutEffectOnFiber (node_modules/react-dom/cjs/react-dom.development.js:23430:13)
      at commitLayoutMountEffects_complete (node_modules/react-dom/cjs/react-dom.development.js:24727:9)
      at commitLayoutEffects_begin (node_modules/react-dom/cjs/react-dom.development.js:24713:7)
      at commitLayoutEffects (node_modules/react-dom/cjs/react-dom.development.js:24651:3)
      at commitRootImpl (node_modules/react-dom/cjs/react-dom.development.js:26862:5)
      at commitRoot (node_modules/react-dom/cjs/react-dom.development.js:26721:5)
      at finishConcurrentRender (node_modules/react-dom/cjs/react-dom.development.js:25931:9)
      at performConcurrentWorkOnRoot (node_modules/react-dom/cjs/react-dom.development.js:25848:7)
      at flushActQueue (node_modules/react/cjs/react.development.js:2667:24)
      at act (node_modules/react/cjs/react.development.js:2582:11)
      at node_modules/@testing-library/react/dist/act-compat.js:46:25
      at renderRoot (node_modules/@testing-library/react/dist/pure.js:189:26)
      at render (node_modules/@testing-library/react/dist/pure.js:291:10)
      at Object.<anonymous> (src/app/forms/1099-div/Form1099Div.integration.test.tsx:329:13)

    console.error
      Error: Uncaught [TypeError: (0 , _navigation.usePathname) is not a function]
          at reportException (/Users/ryan/Library/Mobile Documents/com~apple~CloudDocs/Documents/VSCode/Tax-App-Frontend/node_modules/jsdom/lib/jsdom/living/helpers/runtime-script-errors.js:66:24)
          at innerInvokeEventListeners (/Users/ryan/Library/Mobile Documents/com~apple~CloudDocs/Documents/VSCode/Tax-App-Frontend/node_modules/jsdom/lib/jsdom/living/events/EventTarget-impl.js:353:9)
          at invokeEventListeners (/Users/ryan/Library/Mobile Documents/com~apple~CloudDocs/Documents/VSCode/Tax-App-Frontend/node_modules/jsdom/lib/jsdom/living/events/EventTarget-impl.js:286:3)
          at HTMLUnknownElementImpl._dispatch (/Users/ryan/Library/Mobile Documents/com~apple~CloudDocs/Documents/VSCode/Tax-App-Frontend/node_modules/jsdom/lib/jsdom/living/events/EventTarget-impl.js:233:9)
          at HTMLUnknownElementImpl.dispatchEvent (/Users/ryan/Library/Mobile Documents/com~apple~CloudDocs/Documents/VSCode/Tax-App-Frontend/node_modules/jsdom/lib/jsdom/living/events/EventTarget-impl.js:104:17)
          at HTMLUnknownElement.dispatchEvent (/Users/ryan/Library/Mobile Documents/com~apple~CloudDocs/Documents/VSCode/Tax-App-Frontend/node_modules/jsdom/lib/jsdom/living/generated/EventTarget.js:241:34)
          at Object.invokeGuardedCallbackDev (/Users/ryan/Library/Mobile Documents/com~apple~CloudDocs/Documents/VSCode/Tax-App-Frontend/node_modules/react-dom/cjs/react-dom.development.js:4213:16)
          at invokeGuardedCallback (/Users/ryan/Library/Mobile Documents/com~apple~CloudDocs/Documents/VSCode/Tax-App-Frontend/node_modules/react-dom/cjs/react-dom.development.js:4277:31)
          at beginWork$1 (/Users/ryan/Library/Mobile Documents/com~apple~CloudDocs/Documents/VSCode/Tax-App-Frontend/node_modules/react-dom/cjs/react-dom.development.js:27490:7)
          at performUnitOfWork (/Users/ryan/Library/Mobile Documents/com~apple~CloudDocs/Documents/VSCode/Tax-App-Frontend/node_modules/react-dom/cjs/react-dom.development.js:26599:12)
          at workLoopSync (/Users/ryan/Library/Mobile Documents/com~apple~CloudDocs/Documents/VSCode/Tax-App-Frontend/node_modules/react-dom/cjs/react-dom.development.js:26505:5)
          at renderRootSync (/Users/ryan/Library/Mobile Documents/com~apple~CloudDocs/Documents/VSCode/Tax-App-Frontend/node_modules/react-dom/cjs/react-dom.development.js:26473:7)
          at performConcurrentWorkOnRoot (/Users/ryan/Library/Mobile Documents/com~apple~CloudDocs/Documents/VSCode/Tax-App-Frontend/node_modules/react-dom/cjs/react-dom.development.js:25777:74)
          at flushActQueue (/Users/ryan/Library/Mobile Documents/com~apple~CloudDocs/Documents/VSCode/Tax-App-Frontend/node_modules/react/cjs/react.development.js:2667:24)
          at act (/Users/ryan/Library/Mobile Documents/com~apple~CloudDocs/Documents/VSCode/Tax-App-Frontend/node_modules/react/cjs/react.development.js:2582:11)
          at /Users/ryan/Library/Mobile Documents/com~apple~CloudDocs/Documents/VSCode/Tax-App-Frontend/node_modules/@testing-library/react/dist/act-compat.js:46:25
          at renderRoot (/Users/ryan/Library/Mobile Documents/com~apple~CloudDocs/Documents/VSCode/Tax-App-Frontend/node_modules/@testing-library/react/dist/pure.js:189:26)
          at render (/Users/ryan/Library/Mobile Documents/com~apple~CloudDocs/Documents/VSCode/Tax-App-Frontend/node_modules/@testing-library/react/dist/pure.js:291:10)
          at Object.<anonymous> (/Users/ryan/Library/Mobile Documents/com~apple~CloudDocs/Documents/VSCode/Tax-App-Frontend/src/app/forms/1099-div/Form1099Div.integration.test.tsx:393:13)
          at Promise.finally.completed (/Users/ryan/Library/Mobile Documents/com~apple~CloudDocs/Documents/VSCode/Tax-App-Frontend/node_modules/jest-circus/build/jestAdapterInit.js:1557:28)
          at new Promise (<anonymous>)
          at callAsyncCircusFn (/Users/ryan/Library/Mobile Documents/com~apple~CloudDocs/Documents/VSCode/Tax-App-Frontend/node_modules/jest-circus/build/jestAdapterInit.js:1497:10)
          at _callCircusTest (/Users/ryan/Library/Mobile Documents/com~apple~CloudDocs/Documents/VSCode/Tax-App-Frontend/node_modules/jest-circus/build/jestAdapterInit.js:1007:40)
          at processTicksAndRejections (node:internal/process/task_queues:95:5)
          at _runTest (/Users/ryan/Library/Mobile Documents/com~apple~CloudDocs/Documents/VSCode/Tax-App-Frontend/node_modules/jest-circus/build/jestAdapterInit.js:947:3)
          at /Users/ryan/Library/Mobile Documents/com~apple~CloudDocs/Documents/VSCode/Tax-App-Frontend/node_modules/jest-circus/build/jestAdapterInit.js:849:7
          at _runTestsForDescribeBlock (/Users/ryan/Library/Mobile Documents/com~apple~CloudDocs/Documents/VSCode/Tax-App-Frontend/node_modules/jest-circus/build/jestAdapterInit.js:862:11)
          at _runTestsForDescribeBlock (/Users/ryan/Library/Mobile Documents/com~apple~CloudDocs/Documents/VSCode/Tax-App-Frontend/node_modules/jest-circus/build/jestAdapterInit.js:857:11)
          at _runTestsForDescribeBlock (/Users/ryan/Library/Mobile Documents/com~apple~CloudDocs/Documents/VSCode/Tax-App-Frontend/node_modules/jest-circus/build/jestAdapterInit.js:857:11)
          at run (/Users/ryan/Library/Mobile Documents/com~apple~CloudDocs/Documents/VSCode/Tax-App-Frontend/node_modules/jest-circus/build/jestAdapterInit.js:761:3)
          at runAndTransformResultsToJestFormat (/Users/ryan/Library/Mobile Documents/com~apple~CloudDocs/Documents/VSCode/Tax-App-Frontend/node_modules/jest-circus/build/jestAdapterInit.js:1918:21)
          at jestAdapter (/Users/ryan/Library/Mobile Documents/com~apple~CloudDocs/Documents/VSCode/Tax-App-Frontend/node_modules/jest-circus/build/runner.js:101:19)
          at runTestInternal (/Users/ryan/Library/Mobile Documents/com~apple~CloudDocs/Documents/VSCode/Tax-App-Frontend/node_modules/jest-runner/build/testWorker.js:275:16)
          at runTest (/Users/ryan/Library/Mobile Documents/com~apple~CloudDocs/Documents/VSCode/Tax-App-Frontend/node_modules/jest-runner/build/testWorker.js:343:7)
          at Object.worker (/Users/ryan/Library/Mobile Documents/com~apple~CloudDocs/Documents/VSCode/Tax-App-Frontend/node_modules/jest-runner/build/testWorker.js:497:12) {
        detail: TypeError: (0 , _navigation.usePathname) is not a function
            at useForm1099Div (/Users/ryan/Library/Mobile Documents/com~apple~CloudDocs/Documents/VSCode/Tax-App-Frontend/src/hooks/useForm1099Div.ts:120:31)
            at Form1099DivClient (/Users/ryan/Library/Mobile Documents/com~apple~CloudDocs/Documents/VSCode/Tax-App-Frontend/src/app/forms/1099-div/Form1099DivClient.tsx:96:21)
            at renderWithHooks (/Users/ryan/Library/Mobile Documents/com~apple~CloudDocs/Documents/VSCode/Tax-App-Frontend/node_modules/react-dom/cjs/react-dom.development.js:15486:18)
            at mountIndeterminateComponent (/Users/ryan/Library/Mobile Documents/com~apple~CloudDocs/Documents/VSCode/Tax-App-Frontend/node_modules/react-dom/cjs/react-dom.development.js:20103:13)
            at beginWork (/Users/ryan/Library/Mobile Documents/com~apple~CloudDocs/Documents/VSCode/Tax-App-Frontend/node_modules/react-dom/cjs/react-dom.development.js:21626:16)
            at HTMLUnknownElement.callCallback (/Users/ryan/Library/Mobile Documents/com~apple~CloudDocs/Documents/VSCode/Tax-App-Frontend/node_modules/react-dom/cjs/react-dom.development.js:4164:14)
            at HTMLUnknownElement.callTheUserObjectsOperation (/Users/ryan/Library/Mobile Documents/com~apple~CloudDocs/Documents/VSCode/Tax-App-Frontend/node_modules/jsdom/lib/jsdom/living/generated/EventListener.js:26:30)
            at innerInvokeEventListeners (/Users/ryan/Library/Mobile Documents/com~apple~CloudDocs/Documents/VSCode/Tax-App-Frontend/node_modules/jsdom/lib/jsdom/living/events/EventTarget-impl.js:350:25)
            at invokeEventListeners (/Users/ryan/Library/Mobile Documents/com~apple~CloudDocs/Documents/VSCode/Tax-App-Frontend/node_modules/jsdom/lib/jsdom/living/events/EventTarget-impl.js:286:3)
            at HTMLUnknownElementImpl._dispatch (/Users/ryan/Library/Mobile Documents/com~apple~CloudDocs/Documents/VSCode/Tax-App-Frontend/node_modules/jsdom/lib/jsdom/living/events/EventTarget-impl.js:233:9)
            at HTMLUnknownElementImpl.dispatchEvent (/Users/ryan/Library/Mobile Documents/com~apple~CloudDocs/Documents/VSCode/Tax-App-Frontend/node_modules/jsdom/lib/jsdom/living/events/EventTarget-impl.js:104:17)
            at HTMLUnknownElement.dispatchEvent (/Users/ryan/Library/Mobile Documents/com~apple~CloudDocs/Documents/VSCode/Tax-App-Frontend/node_modules/jsdom/lib/jsdom/living/generated/EventTarget.js:241:34)
            at Object.invokeGuardedCallbackDev (/Users/ryan/Library/Mobile Documents/com~apple~CloudDocs/Documents/VSCode/Tax-App-Frontend/node_modules/react-dom/cjs/react-dom.development.js:4213:16)
            at invokeGuardedCallback (/Users/ryan/Library/Mobile Documents/com~apple~CloudDocs/Documents/VSCode/Tax-App-Frontend/node_modules/react-dom/cjs/react-dom.development.js:4277:31)
            at beginWork$1 (/Users/ryan/Library/Mobile Documents/com~apple~CloudDocs/Documents/VSCode/Tax-App-Frontend/node_modules/react-dom/cjs/react-dom.development.js:27490:7)
            at performUnitOfWork (/Users/ryan/Library/Mobile Documents/com~apple~CloudDocs/Documents/VSCode/Tax-App-Frontend/node_modules/react-dom/cjs/react-dom.development.js:26599:12)
            at workLoopSync (/Users/ryan/Library/Mobile Documents/com~apple~CloudDocs/Documents/VSCode/Tax-App-Frontend/node_modules/react-dom/cjs/react-dom.development.js:26505:5)
            at renderRootSync (/Users/ryan/Library/Mobile Documents/com~apple~CloudDocs/Documents/VSCode/Tax-App-Frontend/node_modules/react-dom/cjs/react-dom.development.js:26473:7)
            at performConcurrentWorkOnRoot (/Users/ryan/Library/Mobile Documents/com~apple~CloudDocs/Documents/VSCode/Tax-App-Frontend/node_modules/react-dom/cjs/react-dom.development.js:25777:74)
            at flushActQueue (/Users/ryan/Library/Mobile Documents/com~apple~CloudDocs/Documents/VSCode/Tax-App-Frontend/node_modules/react/cjs/react.development.js:2667:24)
            at act (/Users/ryan/Library/Mobile Documents/com~apple~CloudDocs/Documents/VSCode/Tax-App-Frontend/node_modules/react/cjs/react.development.js:2582:11)
            at /Users/ryan/Library/Mobile Documents/com~apple~CloudDocs/Documents/VSCode/Tax-App-Frontend/node_modules/@testing-library/react/dist/act-compat.js:46:25
            at renderRoot (/Users/ryan/Library/Mobile Documents/com~apple~CloudDocs/Documents/VSCode/Tax-App-Frontend/node_modules/@testing-library/react/dist/pure.js:189:26)
            at render (/Users/ryan/Library/Mobile Documents/com~apple~CloudDocs/Documents/VSCode/Tax-App-Frontend/node_modules/@testing-library/react/dist/pure.js:291:10)
            at Object.<anonymous> (/Users/ryan/Library/Mobile Documents/com~apple~CloudDocs/Documents/VSCode/Tax-App-Frontend/src/app/forms/1099-div/Form1099Div.integration.test.tsx:393:13)
            at Promise.finally.completed (/Users/ryan/Library/Mobile Documents/com~apple~CloudDocs/Documents/VSCode/Tax-App-Frontend/node_modules/jest-circus/build/jestAdapterInit.js:1557:28)
            at new Promise (<anonymous>)
            at callAsyncCircusFn (/Users/ryan/Library/Mobile Documents/com~apple~CloudDocs/Documents/VSCode/Tax-App-Frontend/node_modules/jest-circus/build/jestAdapterInit.js:1497:10)
            at _callCircusTest (/Users/ryan/Library/Mobile Documents/com~apple~CloudDocs/Documents/VSCode/Tax-App-Frontend/node_modules/jest-circus/build/jestAdapterInit.js:1007:40)
            at processTicksAndRejections (node:internal/process/task_queues:95:5)
            at _runTest (/Users/ryan/Library/Mobile Documents/com~apple~CloudDocs/Documents/VSCode/Tax-App-Frontend/node_modules/jest-circus/build/jestAdapterInit.js:947:3)
            at /Users/ryan/Library/Mobile Documents/com~apple~CloudDocs/Documents/VSCode/Tax-App-Frontend/node_modules/jest-circus/build/jestAdapterInit.js:849:7
            at _runTestsForDescribeBlock (/Users/ryan/Library/Mobile Documents/com~apple~CloudDocs/Documents/VSCode/Tax-App-Frontend/node_modules/jest-circus/build/jestAdapterInit.js:862:11)
            at _runTestsForDescribeBlock (/Users/ryan/Library/Mobile Documents/com~apple~CloudDocs/Documents/VSCode/Tax-App-Frontend/node_modules/jest-circus/build/jestAdapterInit.js:857:11)
            at _runTestsForDescribeBlock (/Users/ryan/Library/Mobile Documents/com~apple~CloudDocs/Documents/VSCode/Tax-App-Frontend/node_modules/jest-circus/build/jestAdapterInit.js:857:11)
            at run (/Users/ryan/Library/Mobile Documents/com~apple~CloudDocs/Documents/VSCode/Tax-App-Frontend/node_modules/jest-circus/build/jestAdapterInit.js:761:3)
            at runAndTransformResultsToJestFormat (/Users/ryan/Library/Mobile Documents/com~apple~CloudDocs/Documents/VSCode/Tax-App-Frontend/node_modules/jest-circus/build/jestAdapterInit.js:1918:21)
            at jestAdapter (/Users/ryan/Library/Mobile Documents/com~apple~CloudDocs/Documents/VSCode/Tax-App-Frontend/node_modules/jest-circus/build/runner.js:101:19)
            at runTestInternal (/Users/ryan/Library/Mobile Documents/com~apple~CloudDocs/Documents/VSCode/Tax-App-Frontend/node_modules/jest-runner/build/testWorker.js:275:16)
            at runTest (/Users/ryan/Library/Mobile Documents/com~apple~CloudDocs/Documents/VSCode/Tax-App-Frontend/node_modules/jest-runner/build/testWorker.js:343:7)
            at Object.worker (/Users/ryan/Library/Mobile Documents/com~apple~CloudDocs/Documents/VSCode/Tax-App-Frontend/node_modules/jest-runner/build/testWorker.js:497:12),
        type: 'unhandled exception'
      }

      391 |       const user = userEvent.setup();
      392 |       
    > 393 |       render(<Form1099DivClient initialToken={mockToken} />);
          |             ^
      394 |
      395 |       // Fill in comprehensive data
      396 |       const formData = {

      at VirtualConsole.<anonymous> (node_modules/@jest/environment-jsdom-abstract/build/index.js:87:23)
      at reportException (node_modules/jsdom/lib/jsdom/living/helpers/runtime-script-errors.js:70:28)
      at innerInvokeEventListeners (node_modules/jsdom/lib/jsdom/living/events/EventTarget-impl.js:353:9)
      at invokeEventListeners (node_modules/jsdom/lib/jsdom/living/events/EventTarget-impl.js:286:3)
      at HTMLUnknownElementImpl._dispatch (node_modules/jsdom/lib/jsdom/living/events/EventTarget-impl.js:233:9)
      at HTMLUnknownElementImpl.dispatchEvent (node_modules/jsdom/lib/jsdom/living/events/EventTarget-impl.js:104:17)
      at HTMLUnknownElement.dispatchEvent (node_modules/jsdom/lib/jsdom/living/generated/EventTarget.js:241:34)
      at Object.invokeGuardedCallbackDev (node_modules/react-dom/cjs/react-dom.development.js:4213:16)
      at invokeGuardedCallback (node_modules/react-dom/cjs/react-dom.development.js:4277:31)
      at beginWork$1 (node_modules/react-dom/cjs/react-dom.development.js:27490:7)
      at performUnitOfWork (node_modules/react-dom/cjs/react-dom.development.js:26599:12)
      at workLoopSync (node_modules/react-dom/cjs/react-dom.development.js:26505:5)
      at renderRootSync (node_modules/react-dom/cjs/react-dom.development.js:26473:7)
      at performConcurrentWorkOnRoot (node_modules/react-dom/cjs/react-dom.development.js:25777:74)
      at flushActQueue (node_modules/react/cjs/react.development.js:2667:24)
      at act (node_modules/react/cjs/react.development.js:2582:11)
      at node_modules/@testing-library/react/dist/act-compat.js:46:25
      at renderRoot (node_modules/@testing-library/react/dist/pure.js:189:26)
      at render (node_modules/@testing-library/react/dist/pure.js:291:10)
      at Object.<anonymous> (src/app/forms/1099-div/Form1099Div.integration.test.tsx:393:13)

    console.error
      Error: Uncaught [TypeError: (0 , _navigation.usePathname) is not a function]
          at reportException (/Users/ryan/Library/Mobile Documents/com~apple~CloudDocs/Documents/VSCode/Tax-App-Frontend/node_modules/jsdom/lib/jsdom/living/helpers/runtime-script-errors.js:66:24)
          at innerInvokeEventListeners (/Users/ryan/Library/Mobile Documents/com~apple~CloudDocs/Documents/VSCode/Tax-App-Frontend/node_modules/jsdom/lib/jsdom/living/events/EventTarget-impl.js:353:9)
          at invokeEventListeners (/Users/ryan/Library/Mobile Documents/com~apple~CloudDocs/Documents/VSCode/Tax-App-Frontend/node_modules/jsdom/lib/jsdom/living/events/EventTarget-impl.js:286:3)
          at HTMLUnknownElementImpl._dispatch (/Users/ryan/Library/Mobile Documents/com~apple~CloudDocs/Documents/VSCode/Tax-App-Frontend/node_modules/jsdom/lib/jsdom/living/events/EventTarget-impl.js:233:9)
          at HTMLUnknownElementImpl.dispatchEvent (/Users/ryan/Library/Mobile Documents/com~apple~CloudDocs/Documents/VSCode/Tax-App-Frontend/node_modules/jsdom/lib/jsdom/living/events/EventTarget-impl.js:104:17)
          at HTMLUnknownElement.dispatchEvent (/Users/ryan/Library/Mobile Documents/com~apple~CloudDocs/Documents/VSCode/Tax-App-Frontend/node_modules/jsdom/lib/jsdom/living/generated/EventTarget.js:241:34)
          at Object.invokeGuardedCallbackDev (/Users/ryan/Library/Mobile Documents/com~apple~CloudDocs/Documents/VSCode/Tax-App-Frontend/node_modules/react-dom/cjs/react-dom.development.js:4213:16)
          at invokeGuardedCallback (/Users/ryan/Library/Mobile Documents/com~apple~CloudDocs/Documents/VSCode/Tax-App-Frontend/node_modules/react-dom/cjs/react-dom.development.js:4277:31)
          at beginWork$1 (/Users/ryan/Library/Mobile Documents/com~apple~CloudDocs/Documents/VSCode/Tax-App-Frontend/node_modules/react-dom/cjs/react-dom.development.js:27490:7)
          at performUnitOfWork (/Users/ryan/Library/Mobile Documents/com~apple~CloudDocs/Documents/VSCode/Tax-App-Frontend/node_modules/react-dom/cjs/react-dom.development.js:26599:12)
          at workLoopSync (/Users/ryan/Library/Mobile Documents/com~apple~CloudDocs/Documents/VSCode/Tax-App-Frontend/node_modules/react-dom/cjs/react-dom.development.js:26505:5)
          at renderRootSync (/Users/ryan/Library/Mobile Documents/com~apple~CloudDocs/Documents/VSCode/Tax-App-Frontend/node_modules/react-dom/cjs/react-dom.development.js:26473:7)
          at recoverFromConcurrentError (/Users/ryan/Library/Mobile Documents/com~apple~CloudDocs/Documents/VSCode/Tax-App-Frontend/node_modules/react-dom/cjs/react-dom.development.js:25889:20)
          at performConcurrentWorkOnRoot (/Users/ryan/Library/Mobile Documents/com~apple~CloudDocs/Documents/VSCode/Tax-App-Frontend/node_modules/react-dom/cjs/react-dom.development.js:25789:22)
          at flushActQueue (/Users/ryan/Library/Mobile Documents/com~apple~CloudDocs/Documents/VSCode/Tax-App-Frontend/node_modules/react/cjs/react.development.js:2667:24)
          at act (/Users/ryan/Library/Mobile Documents/com~apple~CloudDocs/Documents/VSCode/Tax-App-Frontend/node_modules/react/cjs/react.development.js:2582:11)
          at /Users/ryan/Library/Mobile Documents/com~apple~CloudDocs/Documents/VSCode/Tax-App-Frontend/node_modules/@testing-library/react/dist/act-compat.js:46:25
          at renderRoot (/Users/ryan/Library/Mobile Documents/com~apple~CloudDocs/Documents/VSCode/Tax-App-Frontend/node_modules/@testing-library/react/dist/pure.js:189:26)
          at render (/Users/ryan/Library/Mobile Documents/com~apple~CloudDocs/Documents/VSCode/Tax-App-Frontend/node_modules/@testing-library/react/dist/pure.js:291:10)
          at Object.<anonymous> (/Users/ryan/Library/Mobile Documents/com~apple~CloudDocs/Documents/VSCode/Tax-App-Frontend/src/app/forms/1099-div/Form1099Div.integration.test.tsx:393:13)
          at Promise.finally.completed (/Users/ryan/Library/Mobile Documents/com~apple~CloudDocs/Documents/VSCode/Tax-App-Frontend/node_modules/jest-circus/build/jestAdapterInit.js:1557:28)
          at new Promise (<anonymous>)
          at callAsyncCircusFn (/Users/ryan/Library/Mobile Documents/com~apple~CloudDocs/Documents/VSCode/Tax-App-Frontend/node_modules/jest-circus/build/jestAdapterInit.js:1497:10)
          at _callCircusTest (/Users/ryan/Library/Mobile Documents/com~apple~CloudDocs/Documents/VSCode/Tax-App-Frontend/node_modules/jest-circus/build/jestAdapterInit.js:1007:40)
          at processTicksAndRejections (node:internal/process/task_queues:95:5)
          at _runTest (/Users/ryan/Library/Mobile Documents/com~apple~CloudDocs/Documents/VSCode/Tax-App-Frontend/node_modules/jest-circus/build/jestAdapterInit.js:947:3)
          at /Users/ryan/Library/Mobile Documents/com~apple~CloudDocs/Documents/VSCode/Tax-App-Frontend/node_modules/jest-circus/build/jestAdapterInit.js:849:7
          at _runTestsForDescribeBlock (/Users/ryan/Library/Mobile Documents/com~apple~CloudDocs/Documents/VSCode/Tax-App-Frontend/node_modules/jest-circus/build/jestAdapterInit.js:862:11)
          at _runTestsForDescribeBlock (/Users/ryan/Library/Mobile Documents/com~apple~CloudDocs/Documents/VSCode/Tax-App-Frontend/node_modules/jest-circus/build/jestAdapterInit.js:857:11)
          at _runTestsForDescribeBlock (/Users/ryan/Library/Mobile Documents/com~apple~CloudDocs/Documents/VSCode/Tax-App-Frontend/node_modules/jest-circus/build/jestAdapterInit.js:857:11)
          at run (/Users/ryan/Library/Mobile Documents/com~apple~CloudDocs/Documents/VSCode/Tax-App-Frontend/node_modules/jest-circus/build/jestAdapterInit.js:761:3)
          at runAndTransformResultsToJestFormat (/Users/ryan/Library/Mobile Documents/com~apple~CloudDocs/Documents/VSCode/Tax-App-Frontend/node_modules/jest-circus/build/jestAdapterInit.js:1918:21)
          at jestAdapter (/Users/ryan/Library/Mobile Documents/com~apple~CloudDocs/Documents/VSCode/Tax-App-Frontend/node_modules/jest-circus/build/runner.js:101:19)
          at runTestInternal (/Users/ryan/Library/Mobile Documents/com~apple~CloudDocs/Documents/VSCode/Tax-App-Frontend/node_modules/jest-runner/build/testWorker.js:275:16)
          at runTest (/Users/ryan/Library/Mobile Documents/com~apple~CloudDocs/Documents/VSCode/Tax-App-Frontend/node_modules/jest-runner/build/testWorker.js:343:7)
          at Object.worker (/Users/ryan/Library/Mobile Documents/com~apple~CloudDocs/Documents/VSCode/Tax-App-Frontend/node_modules/jest-runner/build/testWorker.js:497:12) {
        detail: TypeError: (0 , _navigation.usePathname) is not a function
            at useForm1099Div (/Users/ryan/Library/Mobile Documents/com~apple~CloudDocs/Documents/VSCode/Tax-App-Frontend/src/hooks/useForm1099Div.ts:120:31)
            at Form1099DivClient (/Users/ryan/Library/Mobile Documents/com~apple~CloudDocs/Documents/VSCode/Tax-App-Frontend/src/app/forms/1099-div/Form1099DivClient.tsx:96:21)
            at renderWithHooks (/Users/ryan/Library/Mobile Documents/com~apple~CloudDocs/Documents/VSCode/Tax-App-Frontend/node_modules/react-dom/cjs/react-dom.development.js:15486:18)
            at mountIndeterminateComponent (/Users/ryan/Library/Mobile Documents/com~apple~CloudDocs/Documents/VSCode/Tax-App-Frontend/node_modules/react-dom/cjs/react-dom.development.js:20103:13)
            at beginWork (/Users/ryan/Library/Mobile Documents/com~apple~CloudDocs/Documents/VSCode/Tax-App-Frontend/node_modules/react-dom/cjs/react-dom.development.js:21626:16)
            at HTMLUnknownElement.callCallback (/Users/ryan/Library/Mobile Documents/com~apple~CloudDocs/Documents/VSCode/Tax-App-Frontend/node_modules/react-dom/cjs/react-dom.development.js:4164:14)
            at HTMLUnknownElement.callTheUserObjectsOperation (/Users/ryan/Library/Mobile Documents/com~apple~CloudDocs/Documents/VSCode/Tax-App-Frontend/node_modules/jsdom/lib/jsdom/living/generated/EventListener.js:26:30)
            at innerInvokeEventListeners (/Users/ryan/Library/Mobile Documents/com~apple~CloudDocs/Documents/VSCode/Tax-App-Frontend/node_modules/jsdom/lib/jsdom/living/events/EventTarget-impl.js:350:25)
            at invokeEventListeners (/Users/ryan/Library/Mobile Documents/com~apple~CloudDocs/Documents/VSCode/Tax-App-Frontend/node_modules/jsdom/lib/jsdom/living/events/EventTarget-impl.js:286:3)
            at HTMLUnknownElementImpl._dispatch (/Users/ryan/Library/Mobile Documents/com~apple~CloudDocs/Documents/VSCode/Tax-App-Frontend/node_modules/jsdom/lib/jsdom/living/events/EventTarget-impl.js:233:9)
            at HTMLUnknownElementImpl.dispatchEvent (/Users/ryan/Library/Mobile Documents/com~apple~CloudDocs/Documents/VSCode/Tax-App-Frontend/node_modules/jsdom/lib/jsdom/living/events/EventTarget-impl.js:104:17)
            at HTMLUnknownElement.dispatchEvent (/Users/ryan/Library/Mobile Documents/com~apple~CloudDocs/Documents/VSCode/Tax-App-Frontend/node_modules/jsdom/lib/jsdom/living/generated/EventTarget.js:241:34)
            at Object.invokeGuardedCallbackDev (/Users/ryan/Library/Mobile Documents/com~apple~CloudDocs/Documents/VSCode/Tax-App-Frontend/node_modules/react-dom/cjs/react-dom.development.js:4213:16)
            at invokeGuardedCallback (/Users/ryan/Library/Mobile Documents/com~apple~CloudDocs/Documents/VSCode/Tax-App-Frontend/node_modules/react-dom/cjs/react-dom.development.js:4277:31)
            at beginWork$1 (/Users/ryan/Library/Mobile Documents/com~apple~CloudDocs/Documents/VSCode/Tax-App-Frontend/node_modules/react-dom/cjs/react-dom.development.js:27490:7)
            at performUnitOfWork (/Users/ryan/Library/Mobile Documents/com~apple~CloudDocs/Documents/VSCode/Tax-App-Frontend/node_modules/react-dom/cjs/react-dom.development.js:26599:12)
            at workLoopSync (/Users/ryan/Library/Mobile Documents/com~apple~CloudDocs/Documents/VSCode/Tax-App-Frontend/node_modules/react-dom/cjs/react-dom.development.js:26505:5)
            at renderRootSync (/Users/ryan/Library/Mobile Documents/com~apple~CloudDocs/Documents/VSCode/Tax-App-Frontend/node_modules/react-dom/cjs/react-dom.development.js:26473:7)
            at recoverFromConcurrentError (/Users/ryan/Library/Mobile Documents/com~apple~CloudDocs/Documents/VSCode/Tax-App-Frontend/node_modules/react-dom/cjs/react-dom.development.js:25889:20)
            at performConcurrentWorkOnRoot (/Users/ryan/Library/Mobile Documents/com~apple~CloudDocs/Documents/VSCode/Tax-App-Frontend/node_modules/react-dom/cjs/react-dom.development.js:25789:22)
            at flushActQueue (/Users/ryan/Library/Mobile Documents/com~apple~CloudDocs/Documents/VSCode/Tax-App-Frontend/node_modules/react/cjs/react.development.js:2667:24)
            at act (/Users/ryan/Library/Mobile Documents/com~apple~CloudDocs/Documents/VSCode/Tax-App-Frontend/node_modules/react/cjs/react.development.js:2582:11)
            at /Users/ryan/Library/Mobile Documents/com~apple~CloudDocs/Documents/VSCode/Tax-App-Frontend/node_modules/@testing-library/react/dist/act-compat.js:46:25
            at renderRoot (/Users/ryan/Library/Mobile Documents/com~apple~CloudDocs/Documents/VSCode/Tax-App-Frontend/node_modules/@testing-library/react/dist/pure.js:189:26)
            at render (/Users/ryan/Library/Mobile Documents/com~apple~CloudDocs/Documents/VSCode/Tax-App-Frontend/node_modules/@testing-library/react/dist/pure.js:291:10)
            at Object.<anonymous> (/Users/ryan/Library/Mobile Documents/com~apple~CloudDocs/Documents/VSCode/Tax-App-Frontend/src/app/forms/1099-div/Form1099Div.integration.test.tsx:393:13)
            at Promise.finally.completed (/Users/ryan/Library/Mobile Documents/com~apple~CloudDocs/Documents/VSCode/Tax-App-Frontend/node_modules/jest-circus/build/jestAdapterInit.js:1557:28)
            at new Promise (<anonymous>)
            at callAsyncCircusFn (/Users/ryan/Library/Mobile Documents/com~apple~CloudDocs/Documents/VSCode/Tax-App-Frontend/node_modules/jest-circus/build/jestAdapterInit.js:1497:10)
            at _callCircusTest (/Users/ryan/Library/Mobile Documents/com~apple~CloudDocs/Documents/VSCode/Tax-App-Frontend/node_modules/jest-circus/build/jestAdapterInit.js:1007:40)
            at processTicksAndRejections (node:internal/process/task_queues:95:5)
            at _runTest (/Users/ryan/Library/Mobile Documents/com~apple~CloudDocs/Documents/VSCode/Tax-App-Frontend/node_modules/jest-circus/build/jestAdapterInit.js:947:3)
            at /Users/ryan/Library/Mobile Documents/com~apple~CloudDocs/Documents/VSCode/Tax-App-Frontend/node_modules/jest-circus/build/jestAdapterInit.js:849:7
            at _runTestsForDescribeBlock (/Users/ryan/Library/Mobile Documents/com~apple~CloudDocs/Documents/VSCode/Tax-App-Frontend/node_modules/jest-circus/build/jestAdapterInit.js:862:11)
            at _runTestsForDescribeBlock (/Users/ryan/Library/Mobile Documents/com~apple~CloudDocs/Documents/VSCode/Tax-App-Frontend/node_modules/jest-circus/build/jestAdapterInit.js:857:11)
            at _runTestsForDescribeBlock (/Users/ryan/Library/Mobile Documents/com~apple~CloudDocs/Documents/VSCode/Tax-App-Frontend/node_modules/jest-circus/build/jestAdapterInit.js:857:11)
            at run (/Users/ryan/Library/Mobile Documents/com~apple~CloudDocs/Documents/VSCode/Tax-App-Frontend/node_modules/jest-circus/build/jestAdapterInit.js:761:3)
            at runAndTransformResultsToJestFormat (/Users/ryan/Library/Mobile Documents/com~apple~CloudDocs/Documents/VSCode/Tax-App-Frontend/node_modules/jest-circus/build/jestAdapterInit.js:1918:21)
            at jestAdapter (/Users/ryan/Library/Mobile Documents/com~apple~CloudDocs/Documents/VSCode/Tax-App-Frontend/node_modules/jest-circus/build/runner.js:101:19)
            at runTestInternal (/Users/ryan/Library/Mobile Documents/com~apple~CloudDocs/Documents/VSCode/Tax-App-Frontend/node_modules/jest-runner/build/testWorker.js:275:16)
            at runTest (/Users/ryan/Library/Mobile Documents/com~apple~CloudDocs/Documents/VSCode/Tax-App-Frontend/node_modules/jest-runner/build/testWorker.js:343:7)
            at Object.worker (/Users/ryan/Library/Mobile Documents/com~apple~CloudDocs/Documents/VSCode/Tax-App-Frontend/node_modules/jest-runner/build/testWorker.js:497:12),
        type: 'unhandled exception'
      }

      391 |       const user = userEvent.setup();
      392 |       
    > 393 |       render(<Form1099DivClient initialToken={mockToken} />);
          |             ^
      394 |
      395 |       // Fill in comprehensive data
      396 |       const formData = {

      at VirtualConsole.<anonymous> (node_modules/@jest/environment-jsdom-abstract/build/index.js:87:23)
      at reportException (node_modules/jsdom/lib/jsdom/living/helpers/runtime-script-errors.js:70:28)
      at innerInvokeEventListeners (node_modules/jsdom/lib/jsdom/living/events/EventTarget-impl.js:353:9)
      at invokeEventListeners (node_modules/jsdom/lib/jsdom/living/events/EventTarget-impl.js:286:3)
      at HTMLUnknownElementImpl._dispatch (node_modules/jsdom/lib/jsdom/living/events/EventTarget-impl.js:233:9)
      at HTMLUnknownElementImpl.dispatchEvent (node_modules/jsdom/lib/jsdom/living/events/EventTarget-impl.js:104:17)
      at HTMLUnknownElement.dispatchEvent (node_modules/jsdom/lib/jsdom/living/generated/EventTarget.js:241:34)
      at Object.invokeGuardedCallbackDev (node_modules/react-dom/cjs/react-dom.development.js:4213:16)
      at invokeGuardedCallback (node_modules/react-dom/cjs/react-dom.development.js:4277:31)
      at beginWork$1 (node_modules/react-dom/cjs/react-dom.development.js:27490:7)
      at performUnitOfWork (node_modules/react-dom/cjs/react-dom.development.js:26599:12)
      at workLoopSync (node_modules/react-dom/cjs/react-dom.development.js:26505:5)
      at renderRootSync (node_modules/react-dom/cjs/react-dom.development.js:26473:7)
      at recoverFromConcurrentError (node_modules/react-dom/cjs/react-dom.development.js:25889:20)
      at performConcurrentWorkOnRoot (node_modules/react-dom/cjs/react-dom.development.js:25789:22)
      at flushActQueue (node_modules/react/cjs/react.development.js:2667:24)
      at act (node_modules/react/cjs/react.development.js:2582:11)
      at node_modules/@testing-library/react/dist/act-compat.js:46:25
      at renderRoot (node_modules/@testing-library/react/dist/pure.js:189:26)
      at render (node_modules/@testing-library/react/dist/pure.js:291:10)
      at Object.<anonymous> (src/app/forms/1099-div/Form1099Div.integration.test.tsx:393:13)

    console.error
      The above error occurred in the <Form1099DivClient> component:
      
          at initialToken (/Users/ryan/Library/Mobile Documents/com~apple~CloudDocs/Documents/VSCode/Tax-App-Frontend/src/app/forms/1099-div/Form1099DivClient.tsx:69:3)
      
      Consider adding an error boundary to your tree to customize error handling behavior.
      Visit https://reactjs.org/link/error-boundaries to learn more about error boundaries.

      391 |       const user = userEvent.setup();
      392 |       
    > 393 |       render(<Form1099DivClient initialToken={mockToken} />);
          |             ^
      394 |
      395 |       // Fill in comprehensive data
      396 |       const formData = {

      at logCapturedError (node_modules/react-dom/cjs/react-dom.development.js:18704:23)
      at update.callback (node_modules/react-dom/cjs/react-dom.development.js:18737:5)
      at callCallback (node_modules/react-dom/cjs/react-dom.development.js:15036:12)
      at commitUpdateQueue (node_modules/react-dom/cjs/react-dom.development.js:15057:9)
      at commitLayoutEffectOnFiber (node_modules/react-dom/cjs/react-dom.development.js:23430:13)
      at commitLayoutMountEffects_complete (node_modules/react-dom/cjs/react-dom.development.js:24727:9)
      at commitLayoutEffects_begin (node_modules/react-dom/cjs/react-dom.development.js:24713:7)
      at commitLayoutEffects (node_modules/react-dom/cjs/react-dom.development.js:24651:3)
      at commitRootImpl (node_modules/react-dom/cjs/react-dom.development.js:26862:5)
      at commitRoot (node_modules/react-dom/cjs/react-dom.development.js:26721:5)
      at finishConcurrentRender (node_modules/react-dom/cjs/react-dom.development.js:25931:9)
      at performConcurrentWorkOnRoot (node_modules/react-dom/cjs/react-dom.development.js:25848:7)
      at flushActQueue (node_modules/react/cjs/react.development.js:2667:24)
      at act (node_modules/react/cjs/react.development.js:2582:11)
      at node_modules/@testing-library/react/dist/act-compat.js:46:25
      at renderRoot (node_modules/@testing-library/react/dist/pure.js:189:26)
      at render (node_modules/@testing-library/react/dist/pure.js:291:10)
      at Object.<anonymous> (src/app/forms/1099-div/Form1099Div.integration.test.tsx:393:13)

    console.error
      Error: Uncaught [TypeError: (0 , _navigation.usePathname) is not a function]
          at reportException (/Users/ryan/Library/Mobile Documents/com~apple~CloudDocs/Documents/VSCode/Tax-App-Frontend/node_modules/jsdom/lib/jsdom/living/helpers/runtime-script-errors.js:66:24)
          at innerInvokeEventListeners (/Users/ryan/Library/Mobile Documents/com~apple~CloudDocs/Documents/VSCode/Tax-App-Frontend/node_modules/jsdom/lib/jsdom/living/events/EventTarget-impl.js:353:9)
          at invokeEventListeners (/Users/ryan/Library/Mobile Documents/com~apple~CloudDocs/Documents/VSCode/Tax-App-Frontend/node_modules/jsdom/lib/jsdom/living/events/EventTarget-impl.js:286:3)
          at HTMLUnknownElementImpl._dispatch (/Users/ryan/Library/Mobile Documents/com~apple~CloudDocs/Documents/VSCode/Tax-App-Frontend/node_modules/jsdom/lib/jsdom/living/events/EventTarget-impl.js:233:9)
          at HTMLUnknownElementImpl.dispatchEvent (/Users/ryan/Library/Mobile Documents/com~apple~CloudDocs/Documents/VSCode/Tax-App-Frontend/node_modules/jsdom/lib/jsdom/living/events/EventTarget-impl.js:104:17)
          at HTMLUnknownElement.dispatchEvent (/Users/ryan/Library/Mobile Documents/com~apple~CloudDocs/Documents/VSCode/Tax-App-Frontend/node_modules/jsdom/lib/jsdom/living/generated/EventTarget.js:241:34)
          at Object.invokeGuardedCallbackDev (/Users/ryan/Library/Mobile Documents/com~apple~CloudDocs/Documents/VSCode/Tax-App-Frontend/node_modules/react-dom/cjs/react-dom.development.js:4213:16)
          at invokeGuardedCallback (/Users/ryan/Library/Mobile Documents/com~apple~CloudDocs/Documents/VSCode/Tax-App-Frontend/node_modules/react-dom/cjs/react-dom.development.js:4277:31)
          at beginWork$1 (/Users/ryan/Library/Mobile Documents/com~apple~CloudDocs/Documents/VSCode/Tax-App-Frontend/node_modules/react-dom/cjs/react-dom.development.js:27490:7)
          at performUnitOfWork (/Users/ryan/Library/Mobile Documents/com~apple~CloudDocs/Documents/VSCode/Tax-App-Frontend/node_modules/react-dom/cjs/react-dom.development.js:26599:12)
          at workLoopSync (/Users/ryan/Library/Mobile Documents/com~apple~CloudDocs/Documents/VSCode/Tax-App-Frontend/node_modules/react-dom/cjs/react-dom.development.js:26505:5)
          at renderRootSync (/Users/ryan/Library/Mobile Documents/com~apple~CloudDocs/Documents/VSCode/Tax-App-Frontend/node_modules/react-dom/cjs/react-dom.development.js:26473:7)
          at performConcurrentWorkOnRoot (/Users/ryan/Library/Mobile Documents/com~apple~CloudDocs/Documents/VSCode/Tax-App-Frontend/node_modules/react-dom/cjs/react-dom.development.js:25777:74)
          at flushActQueue (/Users/ryan/Library/Mobile Documents/com~apple~CloudDocs/Documents/VSCode/Tax-App-Frontend/node_modules/react/cjs/react.development.js:2667:24)
          at act (/Users/ryan/Library/Mobile Documents/com~apple~CloudDocs/Documents/VSCode/Tax-App-Frontend/node_modules/react/cjs/react.development.js:2582:11)
          at /Users/ryan/Library/Mobile Documents/com~apple~CloudDocs/Documents/VSCode/Tax-App-Frontend/node_modules/@testing-library/react/dist/act-compat.js:46:25
          at renderRoot (/Users/ryan/Library/Mobile Documents/com~apple~CloudDocs/Documents/VSCode/Tax-App-Frontend/node_modules/@testing-library/react/dist/pure.js:189:26)
          at render (/Users/ryan/Library/Mobile Documents/com~apple~CloudDocs/Documents/VSCode/Tax-App-Frontend/node_modules/@testing-library/react/dist/pure.js:291:10)
          at Object.<anonymous> (/Users/ryan/Library/Mobile Documents/com~apple~CloudDocs/Documents/VSCode/Tax-App-Frontend/src/app/forms/1099-div/Form1099Div.integration.test.tsx:483:13)
          at Promise.finally.completed (/Users/ryan/Library/Mobile Documents/com~apple~CloudDocs/Documents/VSCode/Tax-App-Frontend/node_modules/jest-circus/build/jestAdapterInit.js:1557:28)
          at new Promise (<anonymous>)
          at callAsyncCircusFn (/Users/ryan/Library/Mobile Documents/com~apple~CloudDocs/Documents/VSCode/Tax-App-Frontend/node_modules/jest-circus/build/jestAdapterInit.js:1497:10)
          at _callCircusTest (/Users/ryan/Library/Mobile Documents/com~apple~CloudDocs/Documents/VSCode/Tax-App-Frontend/node_modules/jest-circus/build/jestAdapterInit.js:1007:40)
          at processTicksAndRejections (node:internal/process/task_queues:95:5)
          at _runTest (/Users/ryan/Library/Mobile Documents/com~apple~CloudDocs/Documents/VSCode/Tax-App-Frontend/node_modules/jest-circus/build/jestAdapterInit.js:947:3)
          at /Users/ryan/Library/Mobile Documents/com~apple~CloudDocs/Documents/VSCode/Tax-App-Frontend/node_modules/jest-circus/build/jestAdapterInit.js:849:7
          at _runTestsForDescribeBlock (/Users/ryan/Library/Mobile Documents/com~apple~CloudDocs/Documents/VSCode/Tax-App-Frontend/node_modules/jest-circus/build/jestAdapterInit.js:862:11)
          at _runTestsForDescribeBlock (/Users/ryan/Library/Mobile Documents/com~apple~CloudDocs/Documents/VSCode/Tax-App-Frontend/node_modules/jest-circus/build/jestAdapterInit.js:857:11)
          at _runTestsForDescribeBlock (/Users/ryan/Library/Mobile Documents/com~apple~CloudDocs/Documents/VSCode/Tax-App-Frontend/node_modules/jest-circus/build/jestAdapterInit.js:857:11)
          at run (/Users/ryan/Library/Mobile Documents/com~apple~CloudDocs/Documents/VSCode/Tax-App-Frontend/node_modules/jest-circus/build/jestAdapterInit.js:761:3)
          at runAndTransformResultsToJestFormat (/Users/ryan/Library/Mobile Documents/com~apple~CloudDocs/Documents/VSCode/Tax-App-Frontend/node_modules/jest-circus/build/jestAdapterInit.js:1918:21)
          at jestAdapter (/Users/ryan/Library/Mobile Documents/com~apple~CloudDocs/Documents/VSCode/Tax-App-Frontend/node_modules/jest-circus/build/runner.js:101:19)
          at runTestInternal (/Users/ryan/Library/Mobile Documents/com~apple~CloudDocs/Documents/VSCode/Tax-App-Frontend/node_modules/jest-runner/build/testWorker.js:275:16)
          at runTest (/Users/ryan/Library/Mobile Documents/com~apple~CloudDocs/Documents/VSCode/Tax-App-Frontend/node_modules/jest-runner/build/testWorker.js:343:7)
          at Object.worker (/Users/ryan/Library/Mobile Documents/com~apple~CloudDocs/Documents/VSCode/Tax-App-Frontend/node_modules/jest-runner/build/testWorker.js:497:12) {
        detail: TypeError: (0 , _navigation.usePathname) is not a function
            at useForm1099Div (/Users/ryan/Library/Mobile Documents/com~apple~CloudDocs/Documents/VSCode/Tax-App-Frontend/src/hooks/useForm1099Div.ts:120:31)
            at Form1099DivClient (/Users/ryan/Library/Mobile Documents/com~apple~CloudDocs/Documents/VSCode/Tax-App-Frontend/src/app/forms/1099-div/Form1099DivClient.tsx:96:21)
            at renderWithHooks (/Users/ryan/Library/Mobile Documents/com~apple~CloudDocs/Documents/VSCode/Tax-App-Frontend/node_modules/react-dom/cjs/react-dom.development.js:15486:18)
            at mountIndeterminateComponent (/Users/ryan/Library/Mobile Documents/com~apple~CloudDocs/Documents/VSCode/Tax-App-Frontend/node_modules/react-dom/cjs/react-dom.development.js:20103:13)
            at beginWork (/Users/ryan/Library/Mobile Documents/com~apple~CloudDocs/Documents/VSCode/Tax-App-Frontend/node_modules/react-dom/cjs/react-dom.development.js:21626:16)
            at HTMLUnknownElement.callCallback (/Users/ryan/Library/Mobile Documents/com~apple~CloudDocs/Documents/VSCode/Tax-App-Frontend/node_modules/react-dom/cjs/react-dom.development.js:4164:14)
            at HTMLUnknownElement.callTheUserObjectsOperation (/Users/ryan/Library/Mobile Documents/com~apple~CloudDocs/Documents/VSCode/Tax-App-Frontend/node_modules/jsdom/lib/jsdom/living/generated/EventListener.js:26:30)
            at innerInvokeEventListeners (/Users/ryan/Library/Mobile Documents/com~apple~CloudDocs/Documents/VSCode/Tax-App-Frontend/node_modules/jsdom/lib/jsdom/living/events/EventTarget-impl.js:350:25)
            at invokeEventListeners (/Users/ryan/Library/Mobile Documents/com~apple~CloudDocs/Documents/VSCode/Tax-App-Frontend/node_modules/jsdom/lib/jsdom/living/events/EventTarget-impl.js:286:3)
            at HTMLUnknownElementImpl._dispatch (/Users/ryan/Library/Mobile Documents/com~apple~CloudDocs/Documents/VSCode/Tax-App-Frontend/node_modules/jsdom/lib/jsdom/living/events/EventTarget-impl.js:233:9)
            at HTMLUnknownElementImpl.dispatchEvent (/Users/ryan/Library/Mobile Documents/com~apple~CloudDocs/Documents/VSCode/Tax-App-Frontend/node_modules/jsdom/lib/jsdom/living/events/EventTarget-impl.js:104:17)
            at HTMLUnknownElement.dispatchEvent (/Users/ryan/Library/Mobile Documents/com~apple~CloudDocs/Documents/VSCode/Tax-App-Frontend/node_modules/jsdom/lib/jsdom/living/generated/EventTarget.js:241:34)
            at Object.invokeGuardedCallbackDev (/Users/ryan/Library/Mobile Documents/com~apple~CloudDocs/Documents/VSCode/Tax-App-Frontend/node_modules/react-dom/cjs/react-dom.development.js:4213:16)
            at invokeGuardedCallback (/Users/ryan/Library/Mobile Documents/com~apple~CloudDocs/Documents/VSCode/Tax-App-Frontend/node_modules/react-dom/cjs/react-dom.development.js:4277:31)
            at beginWork$1 (/Users/ryan/Library/Mobile Documents/com~apple~CloudDocs/Documents/VSCode/Tax-App-Frontend/node_modules/react-dom/cjs/react-dom.development.js:27490:7)
            at performUnitOfWork (/Users/ryan/Library/Mobile Documents/com~apple~CloudDocs/Documents/VSCode/Tax-App-Frontend/node_modules/react-dom/cjs/react-dom.development.js:26599:12)
            at workLoopSync (/Users/ryan/Library/Mobile Documents/com~apple~CloudDocs/Documents/VSCode/Tax-App-Frontend/node_modules/react-dom/cjs/react-dom.development.js:26505:5)
            at renderRootSync (/Users/ryan/Library/Mobile Documents/com~apple~CloudDocs/Documents/VSCode/Tax-App-Frontend/node_modules/react-dom/cjs/react-dom.development.js:26473:7)
            at performConcurrentWorkOnRoot (/Users/ryan/Library/Mobile Documents/com~apple~CloudDocs/Documents/VSCode/Tax-App-Frontend/node_modules/react-dom/cjs/react-dom.development.js:25777:74)
            at flushActQueue (/Users/ryan/Library/Mobile Documents/com~apple~CloudDocs/Documents/VSCode/Tax-App-Frontend/node_modules/react/cjs/react.development.js:2667:24)
            at act (/Users/ryan/Library/Mobile Documents/com~apple~CloudDocs/Documents/VSCode/Tax-App-Frontend/node_modules/react/cjs/react.development.js:2582:11)
            at /Users/ryan/Library/Mobile Documents/com~apple~CloudDocs/Documents/VSCode/Tax-App-Frontend/node_modules/@testing-library/react/dist/act-compat.js:46:25
            at renderRoot (/Users/ryan/Library/Mobile Documents/com~apple~CloudDocs/Documents/VSCode/Tax-App-Frontend/node_modules/@testing-library/react/dist/pure.js:189:26)
            at render (/Users/ryan/Library/Mobile Documents/com~apple~CloudDocs/Documents/VSCode/Tax-App-Frontend/node_modules/@testing-library/react/dist/pure.js:291:10)
            at Object.<anonymous> (/Users/ryan/Library/Mobile Documents/com~apple~CloudDocs/Documents/VSCode/Tax-App-Frontend/src/app/forms/1099-div/Form1099Div.integration.test.tsx:483:13)
            at Promise.finally.completed (/Users/ryan/Library/Mobile Documents/com~apple~CloudDocs/Documents/VSCode/Tax-App-Frontend/node_modules/jest-circus/build/jestAdapterInit.js:1557:28)
            at new Promise (<anonymous>)
            at callAsyncCircusFn (/Users/ryan/Library/Mobile Documents/com~apple~CloudDocs/Documents/VSCode/Tax-App-Frontend/node_modules/jest-circus/build/jestAdapterInit.js:1497:10)
            at _callCircusTest (/Users/ryan/Library/Mobile Documents/com~apple~CloudDocs/Documents/VSCode/Tax-App-Frontend/node_modules/jest-circus/build/jestAdapterInit.js:1007:40)
            at processTicksAndRejections (node:internal/process/task_queues:95:5)
            at _runTest (/Users/ryan/Library/Mobile Documents/com~apple~CloudDocs/Documents/VSCode/Tax-App-Frontend/node_modules/jest-circus/build/jestAdapterInit.js:947:3)
            at /Users/ryan/Library/Mobile Documents/com~apple~CloudDocs/Documents/VSCode/Tax-App-Frontend/node_modules/jest-circus/build/jestAdapterInit.js:849:7
            at _runTestsForDescribeBlock (/Users/ryan/Library/Mobile Documents/com~apple~CloudDocs/Documents/VSCode/Tax-App-Frontend/node_modules/jest-circus/build/jestAdapterInit.js:862:11)
            at _runTestsForDescribeBlock (/Users/ryan/Library/Mobile Documents/com~apple~CloudDocs/Documents/VSCode/Tax-App-Frontend/node_modules/jest-circus/build/jestAdapterInit.js:857:11)
            at _runTestsForDescribeBlock (/Users/ryan/Library/Mobile Documents/com~apple~CloudDocs/Documents/VSCode/Tax-App-Frontend/node_modules/jest-circus/build/jestAdapterInit.js:857:11)
            at run (/Users/ryan/Library/Mobile Documents/com~apple~CloudDocs/Documents/VSCode/Tax-App-Frontend/node_modules/jest-circus/build/jestAdapterInit.js:761:3)
            at runAndTransformResultsToJestFormat (/Users/ryan/Library/Mobile Documents/com~apple~CloudDocs/Documents/VSCode/Tax-App-Frontend/node_modules/jest-circus/build/jestAdapterInit.js:1918:21)
            at jestAdapter (/Users/ryan/Library/Mobile Documents/com~apple~CloudDocs/Documents/VSCode/Tax-App-Frontend/node_modules/jest-circus/build/runner.js:101:19)
            at runTestInternal (/Users/ryan/Library/Mobile Documents/com~apple~CloudDocs/Documents/VSCode/Tax-App-Frontend/node_modules/jest-runner/build/testWorker.js:275:16)
            at runTest (/Users/ryan/Library/Mobile Documents/com~apple~CloudDocs/Documents/VSCode/Tax-App-Frontend/node_modules/jest-runner/build/testWorker.js:343:7)
            at Object.worker (/Users/ryan/Library/Mobile Documents/com~apple~CloudDocs/Documents/VSCode/Tax-App-Frontend/node_modules/jest-runner/build/testWorker.js:497:12),
        type: 'unhandled exception'
      }

      481 |       const user = userEvent.setup({ delay: null });
      482 |       
    > 483 |       render(<Form1099DivClient initialToken={mockToken} />);
          |             ^
      484 |
      485 |       // First submission
      486 |       const calendarYearInput = screen.getByLabelText(/Tax Year/i);

      at VirtualConsole.<anonymous> (node_modules/@jest/environment-jsdom-abstract/build/index.js:87:23)
      at reportException (node_modules/jsdom/lib/jsdom/living/helpers/runtime-script-errors.js:70:28)
      at innerInvokeEventListeners (node_modules/jsdom/lib/jsdom/living/events/EventTarget-impl.js:353:9)
      at invokeEventListeners (node_modules/jsdom/lib/jsdom/living/events/EventTarget-impl.js:286:3)
      at HTMLUnknownElementImpl._dispatch (node_modules/jsdom/lib/jsdom/living/events/EventTarget-impl.js:233:9)
      at HTMLUnknownElementImpl.dispatchEvent (node_modules/jsdom/lib/jsdom/living/events/EventTarget-impl.js:104:17)
      at HTMLUnknownElement.dispatchEvent (node_modules/jsdom/lib/jsdom/living/generated/EventTarget.js:241:34)
      at Object.invokeGuardedCallbackDev (node_modules/react-dom/cjs/react-dom.development.js:4213:16)
      at invokeGuardedCallback (node_modules/react-dom/cjs/react-dom.development.js:4277:31)
      at beginWork$1 (node_modules/react-dom/cjs/react-dom.development.js:27490:7)
      at performUnitOfWork (node_modules/react-dom/cjs/react-dom.development.js:26599:12)
      at workLoopSync (node_modules/react-dom/cjs/react-dom.development.js:26505:5)
      at renderRootSync (node_modules/react-dom/cjs/react-dom.development.js:26473:7)
      at performConcurrentWorkOnRoot (node_modules/react-dom/cjs/react-dom.development.js:25777:74)
      at flushActQueue (node_modules/react/cjs/react.development.js:2667:24)
      at act (node_modules/react/cjs/react.development.js:2582:11)
      at node_modules/@testing-library/react/dist/act-compat.js:46:25
      at renderRoot (node_modules/@testing-library/react/dist/pure.js:189:26)
      at render (node_modules/@testing-library/react/dist/pure.js:291:10)
      at Object.<anonymous> (src/app/forms/1099-div/Form1099Div.integration.test.tsx:483:13)

    console.error
      Error: Uncaught [TypeError: (0 , _navigation.usePathname) is not a function]
          at reportException (/Users/ryan/Library/Mobile Documents/com~apple~CloudDocs/Documents/VSCode/Tax-App-Frontend/node_modules/jsdom/lib/jsdom/living/helpers/runtime-script-errors.js:66:24)
          at innerInvokeEventListeners (/Users/ryan/Library/Mobile Documents/com~apple~CloudDocs/Documents/VSCode/Tax-App-Frontend/node_modules/jsdom/lib/jsdom/living/events/EventTarget-impl.js:353:9)
          at invokeEventListeners (/Users/ryan/Library/Mobile Documents/com~apple~CloudDocs/Documents/VSCode/Tax-App-Frontend/node_modules/jsdom/lib/jsdom/living/events/EventTarget-impl.js:286:3)
          at HTMLUnknownElementImpl._dispatch (/Users/ryan/Library/Mobile Documents/com~apple~CloudDocs/Documents/VSCode/Tax-App-Frontend/node_modules/jsdom/lib/jsdom/living/events/EventTarget-impl.js:233:9)
          at HTMLUnknownElementImpl.dispatchEvent (/Users/ryan/Library/Mobile Documents/com~apple~CloudDocs/Documents/VSCode/Tax-App-Frontend/node_modules/jsdom/lib/jsdom/living/events/EventTarget-impl.js:104:17)
          at HTMLUnknownElement.dispatchEvent (/Users/ryan/Library/Mobile Documents/com~apple~CloudDocs/Documents/VSCode/Tax-App-Frontend/node_modules/jsdom/lib/jsdom/living/generated/EventTarget.js:241:34)
          at Object.invokeGuardedCallbackDev (/Users/ryan/Library/Mobile Documents/com~apple~CloudDocs/Documents/VSCode/Tax-App-Frontend/node_modules/react-dom/cjs/react-dom.development.js:4213:16)
          at invokeGuardedCallback (/Users/ryan/Library/Mobile Documents/com~apple~CloudDocs/Documents/VSCode/Tax-App-Frontend/node_modules/react-dom/cjs/react-dom.development.js:4277:31)
          at beginWork$1 (/Users/ryan/Library/Mobile Documents/com~apple~CloudDocs/Documents/VSCode/Tax-App-Frontend/node_modules/react-dom/cjs/react-dom.development.js:27490:7)
          at performUnitOfWork (/Users/ryan/Library/Mobile Documents/com~apple~CloudDocs/Documents/VSCode/Tax-App-Frontend/node_modules/react-dom/cjs/react-dom.development.js:26599:12)
          at workLoopSync (/Users/ryan/Library/Mobile Documents/com~apple~CloudDocs/Documents/VSCode/Tax-App-Frontend/node_modules/react-dom/cjs/react-dom.development.js:26505:5)
          at renderRootSync (/Users/ryan/Library/Mobile Documents/com~apple~CloudDocs/Documents/VSCode/Tax-App-Frontend/node_modules/react-dom/cjs/react-dom.development.js:26473:7)
          at recoverFromConcurrentError (/Users/ryan/Library/Mobile Documents/com~apple~CloudDocs/Documents/VSCode/Tax-App-Frontend/node_modules/react-dom/cjs/react-dom.development.js:25889:20)
          at performConcurrentWorkOnRoot (/Users/ryan/Library/Mobile Documents/com~apple~CloudDocs/Documents/VSCode/Tax-App-Frontend/node_modules/react-dom/cjs/react-dom.development.js:25789:22)
          at flushActQueue (/Users/ryan/Library/Mobile Documents/com~apple~CloudDocs/Documents/VSCode/Tax-App-Frontend/node_modules/react/cjs/react.development.js:2667:24)
          at act (/Users/ryan/Library/Mobile Documents/com~apple~CloudDocs/Documents/VSCode/Tax-App-Frontend/node_modules/react/cjs/react.development.js:2582:11)
          at /Users/ryan/Library/Mobile Documents/com~apple~CloudDocs/Documents/VSCode/Tax-App-Frontend/node_modules/@testing-library/react/dist/act-compat.js:46:25
          at renderRoot (/Users/ryan/Library/Mobile Documents/com~apple~CloudDocs/Documents/VSCode/Tax-App-Frontend/node_modules/@testing-library/react/dist/pure.js:189:26)
          at render (/Users/ryan/Library/Mobile Documents/com~apple~CloudDocs/Documents/VSCode/Tax-App-Frontend/node_modules/@testing-library/react/dist/pure.js:291:10)
          at Object.<anonymous> (/Users/ryan/Library/Mobile Documents/com~apple~CloudDocs/Documents/VSCode/Tax-App-Frontend/src/app/forms/1099-div/Form1099Div.integration.test.tsx:483:13)
          at Promise.finally.completed (/Users/ryan/Library/Mobile Documents/com~apple~CloudDocs/Documents/VSCode/Tax-App-Frontend/node_modules/jest-circus/build/jestAdapterInit.js:1557:28)
          at new Promise (<anonymous>)
          at callAsyncCircusFn (/Users/ryan/Library/Mobile Documents/com~apple~CloudDocs/Documents/VSCode/Tax-App-Frontend/node_modules/jest-circus/build/jestAdapterInit.js:1497:10)
          at _callCircusTest (/Users/ryan/Library/Mobile Documents/com~apple~CloudDocs/Documents/VSCode/Tax-App-Frontend/node_modules/jest-circus/build/jestAdapterInit.js:1007:40)
          at processTicksAndRejections (node:internal/process/task_queues:95:5)
          at _runTest (/Users/ryan/Library/Mobile Documents/com~apple~CloudDocs/Documents/VSCode/Tax-App-Frontend/node_modules/jest-circus/build/jestAdapterInit.js:947:3)
          at /Users/ryan/Library/Mobile Documents/com~apple~CloudDocs/Documents/VSCode/Tax-App-Frontend/node_modules/jest-circus/build/jestAdapterInit.js:849:7
          at _runTestsForDescribeBlock (/Users/ryan/Library/Mobile Documents/com~apple~CloudDocs/Documents/VSCode/Tax-App-Frontend/node_modules/jest-circus/build/jestAdapterInit.js:862:11)
          at _runTestsForDescribeBlock (/Users/ryan/Library/Mobile Documents/com~apple~CloudDocs/Documents/VSCode/Tax-App-Frontend/node_modules/jest-circus/build/jestAdapterInit.js:857:11)
          at _runTestsForDescribeBlock (/Users/ryan/Library/Mobile Documents/com~apple~CloudDocs/Documents/VSCode/Tax-App-Frontend/node_modules/jest-circus/build/jestAdapterInit.js:857:11)
          at run (/Users/ryan/Library/Mobile Documents/com~apple~CloudDocs/Documents/VSCode/Tax-App-Frontend/node_modules/jest-circus/build/jestAdapterInit.js:761:3)
          at runAndTransformResultsToJestFormat (/Users/ryan/Library/Mobile Documents/com~apple~CloudDocs/Documents/VSCode/Tax-App-Frontend/node_modules/jest-circus/build/jestAdapterInit.js:1918:21)
          at jestAdapter (/Users/ryan/Library/Mobile Documents/com~apple~CloudDocs/Documents/VSCode/Tax-App-Frontend/node_modules/jest-circus/build/runner.js:101:19)
          at runTestInternal (/Users/ryan/Library/Mobile Documents/com~apple~CloudDocs/Documents/VSCode/Tax-App-Frontend/node_modules/jest-runner/build/testWorker.js:275:16)
          at runTest (/Users/ryan/Library/Mobile Documents/com~apple~CloudDocs/Documents/VSCode/Tax-App-Frontend/node_modules/jest-runner/build/testWorker.js:343:7)
          at Object.worker (/Users/ryan/Library/Mobile Documents/com~apple~CloudDocs/Documents/VSCode/Tax-App-Frontend/node_modules/jest-runner/build/testWorker.js:497:12) {
        detail: TypeError: (0 , _navigation.usePathname) is not a function
            at useForm1099Div (/Users/ryan/Library/Mobile Documents/com~apple~CloudDocs/Documents/VSCode/Tax-App-Frontend/src/hooks/useForm1099Div.ts:120:31)
            at Form1099DivClient (/Users/ryan/Library/Mobile Documents/com~apple~CloudDocs/Documents/VSCode/Tax-App-Frontend/src/app/forms/1099-div/Form1099DivClient.tsx:96:21)
            at renderWithHooks (/Users/ryan/Library/Mobile Documents/com~apple~CloudDocs/Documents/VSCode/Tax-App-Frontend/node_modules/react-dom/cjs/react-dom.development.js:15486:18)
            at mountIndeterminateComponent (/Users/ryan/Library/Mobile Documents/com~apple~CloudDocs/Documents/VSCode/Tax-App-Frontend/node_modules/react-dom/cjs/react-dom.development.js:20103:13)
            at beginWork (/Users/ryan/Library/Mobile Documents/com~apple~CloudDocs/Documents/VSCode/Tax-App-Frontend/node_modules/react-dom/cjs/react-dom.development.js:21626:16)
            at HTMLUnknownElement.callCallback (/Users/ryan/Library/Mobile Documents/com~apple~CloudDocs/Documents/VSCode/Tax-App-Frontend/node_modules/react-dom/cjs/react-dom.development.js:4164:14)
            at HTMLUnknownElement.callTheUserObjectsOperation (/Users/ryan/Library/Mobile Documents/com~apple~CloudDocs/Documents/VSCode/Tax-App-Frontend/node_modules/jsdom/lib/jsdom/living/generated/EventListener.js:26:30)
            at innerInvokeEventListeners (/Users/ryan/Library/Mobile Documents/com~apple~CloudDocs/Documents/VSCode/Tax-App-Frontend/node_modules/jsdom/lib/jsdom/living/events/EventTarget-impl.js:350:25)
            at invokeEventListeners (/Users/ryan/Library/Mobile Documents/com~apple~CloudDocs/Documents/VSCode/Tax-App-Frontend/node_modules/jsdom/lib/jsdom/living/events/EventTarget-impl.js:286:3)
            at HTMLUnknownElementImpl._dispatch (/Users/ryan/Library/Mobile Documents/com~apple~CloudDocs/Documents/VSCode/Tax-App-Frontend/node_modules/jsdom/lib/jsdom/living/events/EventTarget-impl.js:233:9)
            at HTMLUnknownElementImpl.dispatchEvent (/Users/ryan/Library/Mobile Documents/com~apple~CloudDocs/Documents/VSCode/Tax-App-Frontend/node_modules/jsdom/lib/jsdom/living/events/EventTarget-impl.js:104:17)
            at HTMLUnknownElement.dispatchEvent (/Users/ryan/Library/Mobile Documents/com~apple~CloudDocs/Documents/VSCode/Tax-App-Frontend/node_modules/jsdom/lib/jsdom/living/generated/EventTarget.js:241:34)
            at Object.invokeGuardedCallbackDev (/Users/ryan/Library/Mobile Documents/com~apple~CloudDocs/Documents/VSCode/Tax-App-Frontend/node_modules/react-dom/cjs/react-dom.development.js:4213:16)
            at invokeGuardedCallback (/Users/ryan/Library/Mobile Documents/com~apple~CloudDocs/Documents/VSCode/Tax-App-Frontend/node_modules/react-dom/cjs/react-dom.development.js:4277:31)
            at beginWork$1 (/Users/ryan/Library/Mobile Documents/com~apple~CloudDocs/Documents/VSCode/Tax-App-Frontend/node_modules/react-dom/cjs/react-dom.development.js:27490:7)
            at performUnitOfWork (/Users/ryan/Library/Mobile Documents/com~apple~CloudDocs/Documents/VSCode/Tax-App-Frontend/node_modules/react-dom/cjs/react-dom.development.js:26599:12)
            at workLoopSync (/Users/ryan/Library/Mobile Documents/com~apple~CloudDocs/Documents/VSCode/Tax-App-Frontend/node_modules/react-dom/cjs/react-dom.development.js:26505:5)
            at renderRootSync (/Users/ryan/Library/Mobile Documents/com~apple~CloudDocs/Documents/VSCode/Tax-App-Frontend/node_modules/react-dom/cjs/react-dom.development.js:26473:7)
            at recoverFromConcurrentError (/Users/ryan/Library/Mobile Documents/com~apple~CloudDocs/Documents/VSCode/Tax-App-Frontend/node_modules/react-dom/cjs/react-dom.development.js:25889:20)
            at performConcurrentWorkOnRoot (/Users/ryan/Library/Mobile Documents/com~apple~CloudDocs/Documents/VSCode/Tax-App-Frontend/node_modules/react-dom/cjs/react-dom.development.js:25789:22)
            at flushActQueue (/Users/ryan/Library/Mobile Documents/com~apple~CloudDocs/Documents/VSCode/Tax-App-Frontend/node_modules/react/cjs/react.development.js:2667:24)
            at act (/Users/ryan/Library/Mobile Documents/com~apple~CloudDocs/Documents/VSCode/Tax-App-Frontend/node_modules/react/cjs/react.development.js:2582:11)
            at /Users/ryan/Library/Mobile Documents/com~apple~CloudDocs/Documents/VSCode/Tax-App-Frontend/node_modules/@testing-library/react/dist/act-compat.js:46:25
            at renderRoot (/Users/ryan/Library/Mobile Documents/com~apple~CloudDocs/Documents/VSCode/Tax-App-Frontend/node_modules/@testing-library/react/dist/pure.js:189:26)
            at render (/Users/ryan/Library/Mobile Documents/com~apple~CloudDocs/Documents/VSCode/Tax-App-Frontend/node_modules/@testing-library/react/dist/pure.js:291:10)
            at Object.<anonymous> (/Users/ryan/Library/Mobile Documents/com~apple~CloudDocs/Documents/VSCode/Tax-App-Frontend/src/app/forms/1099-div/Form1099Div.integration.test.tsx:483:13)
            at Promise.finally.completed (/Users/ryan/Library/Mobile Documents/com~apple~CloudDocs/Documents/VSCode/Tax-App-Frontend/node_modules/jest-circus/build/jestAdapterInit.js:1557:28)
            at new Promise (<anonymous>)
            at callAsyncCircusFn (/Users/ryan/Library/Mobile Documents/com~apple~CloudDocs/Documents/VSCode/Tax-App-Frontend/node_modules/jest-circus/build/jestAdapterInit.js:1497:10)
            at _callCircusTest (/Users/ryan/Library/Mobile Documents/com~apple~CloudDocs/Documents/VSCode/Tax-App-Frontend/node_modules/jest-circus/build/jestAdapterInit.js:1007:40)
            at processTicksAndRejections (node:internal/process/task_queues:95:5)
            at _runTest (/Users/ryan/Library/Mobile Documents/com~apple~CloudDocs/Documents/VSCode/Tax-App-Frontend/node_modules/jest-circus/build/jestAdapterInit.js:947:3)
            at /Users/ryan/Library/Mobile Documents/com~apple~CloudDocs/Documents/VSCode/Tax-App-Frontend/node_modules/jest-circus/build/jestAdapterInit.js:849:7
            at _runTestsForDescribeBlock (/Users/ryan/Library/Mobile Documents/com~apple~CloudDocs/Documents/VSCode/Tax-App-Frontend/node_modules/jest-circus/build/jestAdapterInit.js:862:11)
            at _runTestsForDescribeBlock (/Users/ryan/Library/Mobile Documents/com~apple~CloudDocs/Documents/VSCode/Tax-App-Frontend/node_modules/jest-circus/build/jestAdapterInit.js:857:11)
            at _runTestsForDescribeBlock (/Users/ryan/Library/Mobile Documents/com~apple~CloudDocs/Documents/VSCode/Tax-App-Frontend/node_modules/jest-circus/build/jestAdapterInit.js:857:11)
            at run (/Users/ryan/Library/Mobile Documents/com~apple~CloudDocs/Documents/VSCode/Tax-App-Frontend/node_modules/jest-circus/build/jestAdapterInit.js:761:3)
            at runAndTransformResultsToJestFormat (/Users/ryan/Library/Mobile Documents/com~apple~CloudDocs/Documents/VSCode/Tax-App-Frontend/node_modules/jest-circus/build/jestAdapterInit.js:1918:21)
            at jestAdapter (/Users/ryan/Library/Mobile Documents/com~apple~CloudDocs/Documents/VSCode/Tax-App-Frontend/node_modules/jest-circus/build/runner.js:101:19)
            at runTestInternal (/Users/ryan/Library/Mobile Documents/com~apple~CloudDocs/Documents/VSCode/Tax-App-Frontend/node_modules/jest-runner/build/testWorker.js:275:16)
            at runTest (/Users/ryan/Library/Mobile Documents/com~apple~CloudDocs/Documents/VSCode/Tax-App-Frontend/node_modules/jest-runner/build/testWorker.js:343:7)
            at Object.worker (/Users/ryan/Library/Mobile Documents/com~apple~CloudDocs/Documents/VSCode/Tax-App-Frontend/node_modules/jest-runner/build/testWorker.js:497:12),
        type: 'unhandled exception'
      }

      481 |       const user = userEvent.setup({ delay: null });
      482 |       
    > 483 |       render(<Form1099DivClient initialToken={mockToken} />);
          |             ^
      484 |
      485 |       // First submission
      486 |       const calendarYearInput = screen.getByLabelText(/Tax Year/i);

      at VirtualConsole.<anonymous> (node_modules/@jest/environment-jsdom-abstract/build/index.js:87:23)
      at reportException (node_modules/jsdom/lib/jsdom/living/helpers/runtime-script-errors.js:70:28)
      at innerInvokeEventListeners (node_modules/jsdom/lib/jsdom/living/events/EventTarget-impl.js:353:9)
      at invokeEventListeners (node_modules/jsdom/lib/jsdom/living/events/EventTarget-impl.js:286:3)
      at HTMLUnknownElementImpl._dispatch (node_modules/jsdom/lib/jsdom/living/events/EventTarget-impl.js:233:9)
      at HTMLUnknownElementImpl.dispatchEvent (node_modules/jsdom/lib/jsdom/living/events/EventTarget-impl.js:104:17)
      at HTMLUnknownElement.dispatchEvent (node_modules/jsdom/lib/jsdom/living/generated/EventTarget.js:241:34)
      at Object.invokeGuardedCallbackDev (node_modules/react-dom/cjs/react-dom.development.js:4213:16)
      at invokeGuardedCallback (node_modules/react-dom/cjs/react-dom.development.js:4277:31)
      at beginWork$1 (node_modules/react-dom/cjs/react-dom.development.js:27490:7)
      at performUnitOfWork (node_modules/react-dom/cjs/react-dom.development.js:26599:12)
      at workLoopSync (node_modules/react-dom/cjs/react-dom.development.js:26505:5)
      at renderRootSync (node_modules/react-dom/cjs/react-dom.development.js:26473:7)
      at recoverFromConcurrentError (node_modules/react-dom/cjs/react-dom.development.js:25889:20)
      at performConcurrentWorkOnRoot (node_modules/react-dom/cjs/react-dom.development.js:25789:22)
      at flushActQueue (node_modules/react/cjs/react.development.js:2667:24)
      at act (node_modules/react/cjs/react.development.js:2582:11)
      at node_modules/@testing-library/react/dist/act-compat.js:46:25
      at renderRoot (node_modules/@testing-library/react/dist/pure.js:189:26)
      at render (node_modules/@testing-library/react/dist/pure.js:291:10)
      at Object.<anonymous> (src/app/forms/1099-div/Form1099Div.integration.test.tsx:483:13)

    console.error
      The above error occurred in the <Form1099DivClient> component:
      
          at initialToken (/Users/ryan/Library/Mobile Documents/com~apple~CloudDocs/Documents/VSCode/Tax-App-Frontend/src/app/forms/1099-div/Form1099DivClient.tsx:69:3)
      
      Consider adding an error boundary to your tree to customize error handling behavior.
      Visit https://reactjs.org/link/error-boundaries to learn more about error boundaries.

      481 |       const user = userEvent.setup({ delay: null });
      482 |       
    > 483 |       render(<Form1099DivClient initialToken={mockToken} />);
          |             ^
      484 |
      485 |       // First submission
      486 |       const calendarYearInput = screen.getByLabelText(/Tax Year/i);

      at logCapturedError (node_modules/react-dom/cjs/react-dom.development.js:18704:23)
      at update.callback (node_modules/react-dom/cjs/react-dom.development.js:18737:5)
      at callCallback (node_modules/react-dom/cjs/react-dom.development.js:15036:12)
      at commitUpdateQueue (node_modules/react-dom/cjs/react-dom.development.js:15057:9)
      at commitLayoutEffectOnFiber (node_modules/react-dom/cjs/react-dom.development.js:23430:13)
      at commitLayoutMountEffects_complete (node_modules/react-dom/cjs/react-dom.development.js:24727:9)
      at commitLayoutEffects_begin (node_modules/react-dom/cjs/react-dom.development.js:24713:7)
      at commitLayoutEffects (node_modules/react-dom/cjs/react-dom.development.js:24651:3)
      at commitRootImpl (node_modules/react-dom/cjs/react-dom.development.js:26862:5)
      at commitRoot (node_modules/react-dom/cjs/react-dom.development.js:26721:5)
      at finishConcurrentRender (node_modules/react-dom/cjs/react-dom.development.js:25931:9)
      at performConcurrentWorkOnRoot (node_modules/react-dom/cjs/react-dom.development.js:25848:7)
      at flushActQueue (node_modules/react/cjs/react.development.js:2667:24)
      at act (node_modules/react/cjs/react.development.js:2582:11)
      at node_modules/@testing-library/react/dist/act-compat.js:46:25
      at renderRoot (node_modules/@testing-library/react/dist/pure.js:189:26)
      at render (node_modules/@testing-library/react/dist/pure.js:291:10)
      at Object.<anonymous> (src/app/forms/1099-div/Form1099Div.integration.test.tsx:483:13)

  ● 1099-DIV Form Submission - Complete Workflow Integration › Complete Workflow: Enter Data → Preview → Approve › should complete the full workflow from data entry to approval

    TypeError: (0 , _navigation.usePathname) is not a function

      118 | export function useForm1099Div(token: string | null): UseForm1099DivReturn {
      119 |   const router = useRouter();
    > 120 |   const pathname = usePathname();
          |                               ^
      121 |   
      122 |   // Workflow state
      123 |   const [mode, setMode] = useState<'input' | 'preview'>('input');

      at useForm1099Div (src/hooks/useForm1099Div.ts:120:31)
      at Form1099DivClient (src/app/forms/1099-div/Form1099DivClient.tsx:96:21)
      at renderWithHooks (node_modules/react-dom/cjs/react-dom.development.js:15486:18)
      at mountIndeterminateComponent (node_modules/react-dom/cjs/react-dom.development.js:20103:13)
      at beginWork (node_modules/react-dom/cjs/react-dom.development.js:21626:16)
      at beginWork$1 (node_modules/react-dom/cjs/react-dom.development.js:27465:14)
      at performUnitOfWork (node_modules/react-dom/cjs/react-dom.development.js:26599:12)
      at workLoopSync (node_modules/react-dom/cjs/react-dom.development.js:26505:5)
      at renderRootSync (node_modules/react-dom/cjs/react-dom.development.js:26473:7)
      at recoverFromConcurrentError (node_modules/react-dom/cjs/react-dom.development.js:25889:20)
      at performConcurrentWorkOnRoot (node_modules/react-dom/cjs/react-dom.development.js:25789:22)
      at flushActQueue (node_modules/react/cjs/react.development.js:2667:24)
      at act (node_modules/react/cjs/react.development.js:2582:11)
      at node_modules/@testing-library/react/dist/act-compat.js:46:25
      at renderRoot (node_modules/@testing-library/react/dist/pure.js:189:26)
      at render (node_modules/@testing-library/react/dist/pure.js:291:10)
      at Object.<anonymous> (src/app/forms/1099-div/Form1099Div.integration.test.tsx:64:13)

  ● 1099-DIV Form Submission - Complete Workflow Integration › Complete Workflow: Enter Data → Preview → Edit → Resubmit → Approve › should allow editing and resubmitting with modified data

    TypeError: (0 , _navigation.usePathname) is not a function

      118 | export function useForm1099Div(token: string | null): UseForm1099DivReturn {
      119 |   const router = useRouter();
    > 120 |   const pathname = usePathname();
          |                               ^
      121 |   
      122 |   // Workflow state
      123 |   const [mode, setMode] = useState<'input' | 'preview'>('input');

      at useForm1099Div (src/hooks/useForm1099Div.ts:120:31)
      at Form1099DivClient (src/app/forms/1099-div/Form1099DivClient.tsx:96:21)
      at renderWithHooks (node_modules/react-dom/cjs/react-dom.development.js:15486:18)
      at mountIndeterminateComponent (node_modules/react-dom/cjs/react-dom.development.js:20103:13)
      at beginWork (node_modules/react-dom/cjs/react-dom.development.js:21626:16)
      at beginWork$1 (node_modules/react-dom/cjs/react-dom.development.js:27465:14)
      at performUnitOfWork (node_modules/react-dom/cjs/react-dom.development.js:26599:12)
      at workLoopSync (node_modules/react-dom/cjs/react-dom.development.js:26505:5)
      at renderRootSync (node_modules/react-dom/cjs/react-dom.development.js:26473:7)
      at recoverFromConcurrentError (node_modules/react-dom/cjs/react-dom.development.js:25889:20)
      at performConcurrentWorkOnRoot (node_modules/react-dom/cjs/react-dom.development.js:25789:22)
      at flushActQueue (node_modules/react/cjs/react.development.js:2667:24)
      at act (node_modules/react/cjs/react.development.js:2582:11)
      at node_modules/@testing-library/react/dist/act-compat.js:46:25
      at renderRoot (node_modules/@testing-library/react/dist/pure.js:189:26)
      at render (node_modules/@testing-library/react/dist/pure.js:291:10)
      at Object.<anonymous> (src/app/forms/1099-div/Form1099Div.integration.test.tsx:145:13)

  ● 1099-DIV Form Submission - Complete Workflow Integration › Complete Workflow: Multiple Edit Cycles › should support multiple edit-preview cycles before approval

    TypeError: (0 , _navigation.usePathname) is not a function

      118 | export function useForm1099Div(token: string | null): UseForm1099DivReturn {
      119 |   const router = useRouter();
    > 120 |   const pathname = usePathname();
          |                               ^
      121 |   
      122 |   // Workflow state
      123 |   const [mode, setMode] = useState<'input' | 'preview'>('input');

      at useForm1099Div (src/hooks/useForm1099Div.ts:120:31)
      at Form1099DivClient (src/app/forms/1099-div/Form1099DivClient.tsx:96:21)
      at renderWithHooks (node_modules/react-dom/cjs/react-dom.development.js:15486:18)
      at mountIndeterminateComponent (node_modules/react-dom/cjs/react-dom.development.js:20103:13)
      at beginWork (node_modules/react-dom/cjs/react-dom.development.js:21626:16)
      at beginWork$1 (node_modules/react-dom/cjs/react-dom.development.js:27465:14)
      at performUnitOfWork (node_modules/react-dom/cjs/react-dom.development.js:26599:12)
      at workLoopSync (node_modules/react-dom/cjs/react-dom.development.js:26505:5)
      at renderRootSync (node_modules/react-dom/cjs/react-dom.development.js:26473:7)
      at recoverFromConcurrentError (node_modules/react-dom/cjs/react-dom.development.js:25889:20)
      at performConcurrentWorkOnRoot (node_modules/react-dom/cjs/react-dom.development.js:25789:22)
      at flushActQueue (node_modules/react/cjs/react.development.js:2667:24)
      at act (node_modules/react/cjs/react.development.js:2582:11)
      at node_modules/@testing-library/react/dist/act-compat.js:46:25
      at renderRoot (node_modules/@testing-library/react/dist/pure.js:189:26)
      at render (node_modules/@testing-library/react/dist/pure.js:291:10)
      at Object.<anonymous> (src/app/forms/1099-div/Form1099Div.integration.test.tsx:220:13)

  ● 1099-DIV Form Submission - Complete Workflow Integration › Complete Workflow: Optional Fields › should handle forms with optional fields filled

    TypeError: (0 , _navigation.usePathname) is not a function

      118 | export function useForm1099Div(token: string | null): UseForm1099DivReturn {
      119 |   const router = useRouter();
    > 120 |   const pathname = usePathname();
          |                               ^
      121 |   
      122 |   // Workflow state
      123 |   const [mode, setMode] = useState<'input' | 'preview'>('input');

      at useForm1099Div (src/hooks/useForm1099Div.ts:120:31)
      at Form1099DivClient (src/app/forms/1099-div/Form1099DivClient.tsx:96:21)
      at renderWithHooks (node_modules/react-dom/cjs/react-dom.development.js:15486:18)
      at mountIndeterminateComponent (node_modules/react-dom/cjs/react-dom.development.js:20103:13)
      at beginWork (node_modules/react-dom/cjs/react-dom.development.js:21626:16)
      at beginWork$1 (node_modules/react-dom/cjs/react-dom.development.js:27465:14)
      at performUnitOfWork (node_modules/react-dom/cjs/react-dom.development.js:26599:12)
      at workLoopSync (node_modules/react-dom/cjs/react-dom.development.js:26505:5)
      at renderRootSync (node_modules/react-dom/cjs/react-dom.development.js:26473:7)
      at recoverFromConcurrentError (node_modules/react-dom/cjs/react-dom.development.js:25889:20)
      at performConcurrentWorkOnRoot (node_modules/react-dom/cjs/react-dom.development.js:25789:22)
      at flushActQueue (node_modules/react/cjs/react.development.js:2667:24)
      at act (node_modules/react/cjs/react.development.js:2582:11)
      at node_modules/@testing-library/react/dist/act-compat.js:46:25
      at renderRoot (node_modules/@testing-library/react/dist/pure.js:189:26)
      at render (node_modules/@testing-library/react/dist/pure.js:291:10)
      at Object.<anonymous> (src/app/forms/1099-div/Form1099Div.integration.test.tsx:283:13)

  ● 1099-DIV Form Submission - Complete Workflow Integration › Complete Workflow: Checkbox Fields › should handle checkbox fields correctly

    TypeError: (0 , _navigation.usePathname) is not a function

      118 | export function useForm1099Div(token: string | null): UseForm1099DivReturn {
      119 |   const router = useRouter();
    > 120 |   const pathname = usePathname();
          |                               ^
      121 |   
      122 |   // Workflow state
      123 |   const [mode, setMode] = useState<'input' | 'preview'>('input');

      at useForm1099Div (src/hooks/useForm1099Div.ts:120:31)
      at Form1099DivClient (src/app/forms/1099-div/Form1099DivClient.tsx:96:21)
      at renderWithHooks (node_modules/react-dom/cjs/react-dom.development.js:15486:18)
      at mountIndeterminateComponent (node_modules/react-dom/cjs/react-dom.development.js:20103:13)
      at beginWork (node_modules/react-dom/cjs/react-dom.development.js:21626:16)
      at beginWork$1 (node_modules/react-dom/cjs/react-dom.development.js:27465:14)
      at performUnitOfWork (node_modules/react-dom/cjs/react-dom.development.js:26599:12)
      at workLoopSync (node_modules/react-dom/cjs/react-dom.development.js:26505:5)
      at renderRootSync (node_modules/react-dom/cjs/react-dom.development.js:26473:7)
      at recoverFromConcurrentError (node_modules/react-dom/cjs/react-dom.development.js:25889:20)
      at performConcurrentWorkOnRoot (node_modules/react-dom/cjs/react-dom.development.js:25789:22)
      at flushActQueue (node_modules/react/cjs/react.development.js:2667:24)
      at act (node_modules/react/cjs/react.development.js:2582:11)
      at node_modules/@testing-library/react/dist/act-compat.js:46:25
      at renderRoot (node_modules/@testing-library/react/dist/pure.js:189:26)
      at render (node_modules/@testing-library/react/dist/pure.js:291:10)
      at Object.<anonymous> (src/app/forms/1099-div/Form1099Div.integration.test.tsx:329:13)

  ● 1099-DIV Form Submission - Complete Workflow Integration › Complete Workflow: Data Persistence › should preserve all form data when editing from preview

    TypeError: (0 , _navigation.usePathname) is not a function

      118 | export function useForm1099Div(token: string | null): UseForm1099DivReturn {
      119 |   const router = useRouter();
    > 120 |   const pathname = usePathname();
          |                               ^
      121 |   
      122 |   // Workflow state
      123 |   const [mode, setMode] = useState<'input' | 'preview'>('input');

      at useForm1099Div (src/hooks/useForm1099Div.ts:120:31)
      at Form1099DivClient (src/app/forms/1099-div/Form1099DivClient.tsx:96:21)
      at renderWithHooks (node_modules/react-dom/cjs/react-dom.development.js:15486:18)
      at mountIndeterminateComponent (node_modules/react-dom/cjs/react-dom.development.js:20103:13)
      at beginWork (node_modules/react-dom/cjs/react-dom.development.js:21626:16)
      at beginWork$1 (node_modules/react-dom/cjs/react-dom.development.js:27465:14)
      at performUnitOfWork (node_modules/react-dom/cjs/react-dom.development.js:26599:12)
      at workLoopSync (node_modules/react-dom/cjs/react-dom.development.js:26505:5)
      at renderRootSync (node_modules/react-dom/cjs/react-dom.development.js:26473:7)
      at recoverFromConcurrentError (node_modules/react-dom/cjs/react-dom.development.js:25889:20)
      at performConcurrentWorkOnRoot (node_modules/react-dom/cjs/react-dom.development.js:25789:22)
      at flushActQueue (node_modules/react/cjs/react.development.js:2667:24)
      at act (node_modules/react/cjs/react.development.js:2582:11)
      at node_modules/@testing-library/react/dist/act-compat.js:46:25
      at renderRoot (node_modules/@testing-library/react/dist/pure.js:189:26)
      at render (node_modules/@testing-library/react/dist/pure.js:291:10)
      at Object.<anonymous> (src/app/forms/1099-div/Form1099Div.integration.test.tsx:393:13)

  ● 1099-DIV Form Submission - Complete Workflow Integration › Complete Workflow: Form Reset After Approval › should completely reset form after approval for new submission

    TypeError: (0 , _navigation.usePathname) is not a function

      118 | export function useForm1099Div(token: string | null): UseForm1099DivReturn {
      119 |   const router = useRouter();
    > 120 |   const pathname = usePathname();
          |                               ^
      121 |   
      122 |   // Workflow state
      123 |   const [mode, setMode] = useState<'input' | 'preview'>('input');

      at useForm1099Div (src/hooks/useForm1099Div.ts:120:31)
      at Form1099DivClient (src/app/forms/1099-div/Form1099DivClient.tsx:96:21)
      at renderWithHooks (node_modules/react-dom/cjs/react-dom.development.js:15486:18)
      at mountIndeterminateComponent (node_modules/react-dom/cjs/react-dom.development.js:20103:13)
      at beginWork (node_modules/react-dom/cjs/react-dom.development.js:21626:16)
      at beginWork$1 (node_modules/react-dom/cjs/react-dom.development.js:27465:14)
      at performUnitOfWork (node_modules/react-dom/cjs/react-dom.development.js:26599:12)
      at workLoopSync (node_modules/react-dom/cjs/react-dom.development.js:26505:5)
      at renderRootSync (node_modules/react-dom/cjs/react-dom.development.js:26473:7)
      at recoverFromConcurrentError (node_modules/react-dom/cjs/react-dom.development.js:25889:20)
      at performConcurrentWorkOnRoot (node_modules/react-dom/cjs/react-dom.development.js:25789:22)
      at flushActQueue (node_modules/react/cjs/react.development.js:2667:24)
      at act (node_modules/react/cjs/react.development.js:2582:11)
      at node_modules/@testing-library/react/dist/act-compat.js:46:25
      at renderRoot (node_modules/@testing-library/react/dist/pure.js:189:26)
      at render (node_modules/@testing-library/react/dist/pure.js:291:10)
      at Object.<anonymous> (src/app/forms/1099-div/Form1099Div.integration.test.tsx:483:13)

PASS src/lib/auth/authErrorMessages.test.ts
PASS src/lib/auth/AuthLogger.test.ts
FAIL src/hooks/useForm1099Div.test.tsx
  ● useForm1099Div › Initial State › should initialize with input mode

    TypeError: (0 , _FormDataPreserver.hasSavedFormData) is not a function

      147 |     
      148 |     // Check if there's saved form data
    > 149 |     if (hasSavedFormData(formType)) {
          |                         ^
      150 |       console.log('[Form1099Div] Found saved form data, attempting restoration...');
      151 |       
      152 |       // Restore the form data

      at src/hooks/useForm1099Div.ts:149:25
      at commitHookEffectListMount (node_modules/react-dom/cjs/react-dom.development.js:23189:26)
      at commitPassiveMountOnFiber (node_modules/react-dom/cjs/react-dom.development.js:24970:11)
      at commitPassiveMountEffects_complete (node_modules/react-dom/cjs/react-dom.development.js:24930:9)
      at commitPassiveMountEffects_begin (node_modules/react-dom/cjs/react-dom.development.js:24917:7)
      at commitPassiveMountEffects (node_modules/react-dom/cjs/react-dom.development.js:24905:3)
      at flushPassiveEffectsImpl (node_modules/react-dom/cjs/react-dom.development.js:27078:3)
      at flushPassiveEffects (node_modules/react-dom/cjs/react-dom.development.js:27023:14)
      at node_modules/react-dom/cjs/react-dom.development.js:26808:9
      at flushActQueue (node_modules/react/cjs/react.development.js:2667:24)
      at act (node_modules/react/cjs/react.development.js:2582:11)
      at node_modules/@testing-library/react/dist/act-compat.js:46:25
      at renderRoot (node_modules/@testing-library/react/dist/pure.js:189:26)
      at render (node_modules/@testing-library/react/dist/pure.js:291:10)
      at renderHook (node_modules/@testing-library/react/dist/pure.js:339:7)
      at Object.<anonymous> (src/hooks/useForm1099Div.test.tsx:97:36)

  ● useForm1099Div › Initial State › should provide all required handlers

    TypeError: (0 , _FormDataPreserver.hasSavedFormData) is not a function

      147 |     
      148 |     // Check if there's saved form data
    > 149 |     if (hasSavedFormData(formType)) {
          |                         ^
      150 |       console.log('[Form1099Div] Found saved form data, attempting restoration...');
      151 |       
      152 |       // Restore the form data

      at src/hooks/useForm1099Div.ts:149:25
      at commitHookEffectListMount (node_modules/react-dom/cjs/react-dom.development.js:23189:26)
      at commitPassiveMountOnFiber (node_modules/react-dom/cjs/react-dom.development.js:24970:11)
      at commitPassiveMountEffects_complete (node_modules/react-dom/cjs/react-dom.development.js:24930:9)
      at commitPassiveMountEffects_begin (node_modules/react-dom/cjs/react-dom.development.js:24917:7)
      at commitPassiveMountEffects (node_modules/react-dom/cjs/react-dom.development.js:24905:3)
      at flushPassiveEffectsImpl (node_modules/react-dom/cjs/react-dom.development.js:27078:3)
      at flushPassiveEffects (node_modules/react-dom/cjs/react-dom.development.js:27023:14)
      at node_modules/react-dom/cjs/react-dom.development.js:26808:9
      at flushActQueue (node_modules/react/cjs/react.development.js:2667:24)
      at act (node_modules/react/cjs/react.development.js:2582:11)
      at node_modules/@testing-library/react/dist/act-compat.js:46:25
      at renderRoot (node_modules/@testing-library/react/dist/pure.js:189:26)
      at render (node_modules/@testing-library/react/dist/pure.js:291:10)
      at renderHook (node_modules/@testing-library/react/dist/pure.js:339:7)
      at Object.<anonymous> (src/hooks/useForm1099Div.test.tsx:107:36)

  ● useForm1099Div › handleGeneratePreview - Successful Flow › should generate document and transition to preview mode

    TypeError: (0 , _FormDataPreserver.hasSavedFormData) is not a function

      147 |     
      148 |     // Check if there's saved form data
    > 149 |     if (hasSavedFormData(formType)) {
          |                         ^
      150 |       console.log('[Form1099Div] Found saved form data, attempting restoration...');
      151 |       
      152 |       // Restore the form data

      at src/hooks/useForm1099Div.ts:149:25
      at commitHookEffectListMount (node_modules/react-dom/cjs/react-dom.development.js:23189:26)
      at commitPassiveMountOnFiber (node_modules/react-dom/cjs/react-dom.development.js:24970:11)
      at commitPassiveMountEffects_complete (node_modules/react-dom/cjs/react-dom.development.js:24930:9)
      at commitPassiveMountEffects_begin (node_modules/react-dom/cjs/react-dom.development.js:24917:7)
      at commitPassiveMountEffects (node_modules/react-dom/cjs/react-dom.development.js:24905:3)
      at flushPassiveEffectsImpl (node_modules/react-dom/cjs/react-dom.development.js:27078:3)
      at flushPassiveEffects (node_modules/react-dom/cjs/react-dom.development.js:27023:14)
      at node_modules/react-dom/cjs/react-dom.development.js:26808:9
      at flushActQueue (node_modules/react/cjs/react.development.js:2667:24)
      at act (node_modules/react/cjs/react.development.js:2582:11)
      at node_modules/@testing-library/react/dist/act-compat.js:46:25
      at renderRoot (node_modules/@testing-library/react/dist/pure.js:189:26)
      at render (node_modules/@testing-library/react/dist/pure.js:291:10)
      at renderHook (node_modules/@testing-library/react/dist/pure.js:339:7)
      at Object.<anonymous> (src/hooks/useForm1099Div.test.tsx:119:36)

  ● useForm1099Div › handleGeneratePreview - Successful Flow › should call documentService with correct parameters

    TypeError: (0 , _FormDataPreserver.hasSavedFormData) is not a function

      147 |     
      148 |     // Check if there's saved form data
    > 149 |     if (hasSavedFormData(formType)) {
          |                         ^
      150 |       console.log('[Form1099Div] Found saved form data, attempting restoration...');
      151 |       
      152 |       // Restore the form data

      at src/hooks/useForm1099Div.ts:149:25
      at commitHookEffectListMount (node_modules/react-dom/cjs/react-dom.development.js:23189:26)
      at commitPassiveMountOnFiber (node_modules/react-dom/cjs/react-dom.development.js:24970:11)
      at commitPassiveMountEffects_complete (node_modules/react-dom/cjs/react-dom.development.js:24930:9)
      at commitPassiveMountEffects_begin (node_modules/react-dom/cjs/react-dom.development.js:24917:7)
      at commitPassiveMountEffects (node_modules/react-dom/cjs/react-dom.development.js:24905:3)
      at flushPassiveEffectsImpl (node_modules/react-dom/cjs/react-dom.development.js:27078:3)
      at flushPassiveEffects (node_modules/react-dom/cjs/react-dom.development.js:27023:14)
      at node_modules/react-dom/cjs/react-dom.development.js:26808:9
      at flushActQueue (node_modules/react/cjs/react.development.js:2667:24)
      at act (node_modules/react/cjs/react.development.js:2582:11)
      at node_modules/@testing-library/react/dist/act-compat.js:46:25
      at renderRoot (node_modules/@testing-library/react/dist/pure.js:189:26)
      at render (node_modules/@testing-library/react/dist/pure.js:291:10)
      at renderHook (node_modules/@testing-library/react/dist/pure.js:339:7)
      at Object.<anonymous> (src/hooks/useForm1099Div.test.tsx:141:36)

  ● useForm1099Div › handleGeneratePreview - Successful Flow › should set isSubmitting to true during API call

    TypeError: (0 , _FormDataPreserver.hasSavedFormData) is not a function

      147 |     
      148 |     // Check if there's saved form data
    > 149 |     if (hasSavedFormData(formType)) {
          |                         ^
      150 |       console.log('[Form1099Div] Found saved form data, attempting restoration...');
      151 |       
      152 |       // Restore the form data

      at src/hooks/useForm1099Div.ts:149:25
      at commitHookEffectListMount (node_modules/react-dom/cjs/react-dom.development.js:23189:26)
      at commitPassiveMountOnFiber (node_modules/react-dom/cjs/react-dom.development.js:24970:11)
      at commitPassiveMountEffects_complete (node_modules/react-dom/cjs/react-dom.development.js:24930:9)
      at commitPassiveMountEffects_begin (node_modules/react-dom/cjs/react-dom.development.js:24917:7)
      at commitPassiveMountEffects (node_modules/react-dom/cjs/react-dom.development.js:24905:3)
      at flushPassiveEffectsImpl (node_modules/react-dom/cjs/react-dom.development.js:27078:3)
      at flushPassiveEffects (node_modules/react-dom/cjs/react-dom.development.js:27023:14)
      at node_modules/react-dom/cjs/react-dom.development.js:26808:9
      at flushActQueue (node_modules/react/cjs/react.development.js:2667:24)
      at act (node_modules/react/cjs/react.development.js:2582:11)
      at node_modules/@testing-library/react/dist/act-compat.js:46:25
      at renderRoot (node_modules/@testing-library/react/dist/pure.js:189:26)
      at render (node_modules/@testing-library/react/dist/pure.js:291:10)
      at renderHook (node_modules/@testing-library/react/dist/pure.js:339:7)
      at Object.<anonymous> (src/hooks/useForm1099Div.test.tsx:161:36)

  ● useForm1099Div › handleGeneratePreview - Successful Flow › should clear any previous errors on successful submission

    TypeError: (0 , _FormDataPreserver.hasSavedFormData) is not a function

      147 |     
      148 |     // Check if there's saved form data
    > 149 |     if (hasSavedFormData(formType)) {
          |                         ^
      150 |       console.log('[Form1099Div] Found saved form data, attempting restoration...');
      151 |       
      152 |       // Restore the form data

      at src/hooks/useForm1099Div.ts:149:25
      at commitHookEffectListMount (node_modules/react-dom/cjs/react-dom.development.js:23189:26)
      at commitPassiveMountOnFiber (node_modules/react-dom/cjs/react-dom.development.js:24970:11)
      at commitPassiveMountEffects_complete (node_modules/react-dom/cjs/react-dom.development.js:24930:9)
      at commitPassiveMountEffects_begin (node_modules/react-dom/cjs/react-dom.development.js:24917:7)
      at commitPassiveMountEffects (node_modules/react-dom/cjs/react-dom.development.js:24905:3)
      at flushPassiveEffectsImpl (node_modules/react-dom/cjs/react-dom.development.js:27078:3)
      at flushPassiveEffects (node_modules/react-dom/cjs/react-dom.development.js:27023:14)
      at node_modules/react-dom/cjs/react-dom.development.js:26808:9
      at flushActQueue (node_modules/react/cjs/react.development.js:2667:24)
      at act (node_modules/react/cjs/react.development.js:2582:11)
      at node_modules/@testing-library/react/dist/act-compat.js:46:25
      at renderRoot (node_modules/@testing-library/react/dist/pure.js:189:26)
      at render (node_modules/@testing-library/react/dist/pure.js:291:10)
      at renderHook (node_modules/@testing-library/react/dist/pure.js:339:7)
      at Object.<anonymous> (src/hooks/useForm1099Div.test.tsx:188:36)

  ● useForm1099Div › handleGeneratePreview - Authentication Errors › should validate JWT before making API call

    TypeError: (0 , _FormDataPreserver.hasSavedFormData) is not a function

      147 |     
      148 |     // Check if there's saved form data
    > 149 |     if (hasSavedFormData(formType)) {
          |                         ^
      150 |       console.log('[Form1099Div] Found saved form data, attempting restoration...');
      151 |       
      152 |       // Restore the form data

      at src/hooks/useForm1099Div.ts:149:25
      at commitHookEffectListMount (node_modules/react-dom/cjs/react-dom.development.js:23189:26)
      at commitPassiveMountOnFiber (node_modules/react-dom/cjs/react-dom.development.js:24970:11)
      at commitPassiveMountEffects_complete (node_modules/react-dom/cjs/react-dom.development.js:24930:9)
      at commitPassiveMountEffects_begin (node_modules/react-dom/cjs/react-dom.development.js:24917:7)
      at commitPassiveMountEffects (node_modules/react-dom/cjs/react-dom.development.js:24905:3)
      at flushPassiveEffectsImpl (node_modules/react-dom/cjs/react-dom.development.js:27078:3)
      at flushPassiveEffects (node_modules/react-dom/cjs/react-dom.development.js:27023:14)
      at node_modules/react-dom/cjs/react-dom.development.js:26808:9
      at flushActQueue (node_modules/react/cjs/react.development.js:2667:24)
      at act (node_modules/react/cjs/react.development.js:2582:11)
      at node_modules/@testing-library/react/dist/act-compat.js:46:25
      at renderRoot (node_modules/@testing-library/react/dist/pure.js:189:26)
      at render (node_modules/@testing-library/react/dist/pure.js:291:10)
      at renderHook (node_modules/@testing-library/react/dist/pure.js:339:7)
      at Object.<anonymous> (src/hooks/useForm1099Div.test.tsx:208:36)

  ● useForm1099Div › handleGeneratePreview - Authentication Errors › should redirect to login when JWT validation fails

    TypeError: (0 , _FormDataPreserver.hasSavedFormData) is not a function

      147 |     
      148 |     // Check if there's saved form data
    > 149 |     if (hasSavedFormData(formType)) {
          |                         ^
      150 |       console.log('[Form1099Div] Found saved form data, attempting restoration...');
      151 |       
      152 |       // Restore the form data

      at src/hooks/useForm1099Div.ts:149:25
      at commitHookEffectListMount (node_modules/react-dom/cjs/react-dom.development.js:23189:26)
      at commitPassiveMountOnFiber (node_modules/react-dom/cjs/react-dom.development.js:24970:11)
      at commitPassiveMountEffects_complete (node_modules/react-dom/cjs/react-dom.development.js:24930:9)
      at commitPassiveMountEffects_begin (node_modules/react-dom/cjs/react-dom.development.js:24917:7)
      at commitPassiveMountEffects (node_modules/react-dom/cjs/react-dom.development.js:24905:3)
      at flushPassiveEffectsImpl (node_modules/react-dom/cjs/react-dom.development.js:27078:3)
      at flushPassiveEffects (node_modules/react-dom/cjs/react-dom.development.js:27023:14)
      at node_modules/react-dom/cjs/react-dom.development.js:26808:9
      at flushActQueue (node_modules/react/cjs/react.development.js:2667:24)
      at act (node_modules/react/cjs/react.development.js:2582:11)
      at node_modules/@testing-library/react/dist/act-compat.js:46:25
      at renderRoot (node_modules/@testing-library/react/dist/pure.js:189:26)
      at render (node_modules/@testing-library/react/dist/pure.js:291:10)
      at renderHook (node_modules/@testing-library/react/dist/pure.js:339:7)
      at Object.<anonymous> (src/hooks/useForm1099Div.test.tsx:237:36)

  ● useForm1099Div › handleGeneratePreview - Authentication Errors › should log JWT validation failure

    TypeError: (0 , _FormDataPreserver.hasSavedFormData) is not a function

      147 |     
      148 |     // Check if there's saved form data
    > 149 |     if (hasSavedFormData(formType)) {
          |                         ^
      150 |       console.log('[Form1099Div] Found saved form data, attempting restoration...');
      151 |       
      152 |       // Restore the form data

      at src/hooks/useForm1099Div.ts:149:25
      at commitHookEffectListMount (node_modules/react-dom/cjs/react-dom.development.js:23189:26)
      at commitPassiveMountOnFiber (node_modules/react-dom/cjs/react-dom.development.js:24970:11)
      at commitPassiveMountEffects_complete (node_modules/react-dom/cjs/react-dom.development.js:24930:9)
      at commitPassiveMountEffects_begin (node_modules/react-dom/cjs/react-dom.development.js:24917:7)
      at commitPassiveMountEffects (node_modules/react-dom/cjs/react-dom.development.js:24905:3)
      at flushPassiveEffectsImpl (node_modules/react-dom/cjs/react-dom.development.js:27078:3)
      at flushPassiveEffects (node_modules/react-dom/cjs/react-dom.development.js:27023:14)
      at node_modules/react-dom/cjs/react-dom.development.js:26808:9
      at flushActQueue (node_modules/react/cjs/react.development.js:2667:24)
      at act (node_modules/react/cjs/react.development.js:2582:11)
      at node_modules/@testing-library/react/dist/act-compat.js:46:25
      at renderRoot (node_modules/@testing-library/react/dist/pure.js:189:26)
      at render (node_modules/@testing-library/react/dist/pure.js:291:10)
      at renderHook (node_modules/@testing-library/react/dist/pure.js:339:7)
      at Object.<anonymous> (src/hooks/useForm1099Div.test.tsx:270:36)

  ● useForm1099Div › handleGeneratePreview - Authentication Errors › should preserve form data when JWT validation fails

    TypeError: (0 , _FormDataPreserver.hasSavedFormData) is not a function

      147 |     
      148 |     // Check if there's saved form data
    > 149 |     if (hasSavedFormData(formType)) {
          |                         ^
      150 |       console.log('[Form1099Div] Found saved form data, attempting restoration...');
      151 |       
      152 |       // Restore the form data

      at src/hooks/useForm1099Div.ts:149:25
      at commitHookEffectListMount (node_modules/react-dom/cjs/react-dom.development.js:23189:26)
      at commitPassiveMountOnFiber (node_modules/react-dom/cjs/react-dom.development.js:24970:11)
      at commitPassiveMountEffects_complete (node_modules/react-dom/cjs/react-dom.development.js:24930:9)
      at commitPassiveMountEffects_begin (node_modules/react-dom/cjs/react-dom.development.js:24917:7)
      at commitPassiveMountEffects (node_modules/react-dom/cjs/react-dom.development.js:24905:3)
      at flushPassiveEffectsImpl (node_modules/react-dom/cjs/react-dom.development.js:27078:3)
      at flushPassiveEffects (node_modules/react-dom/cjs/react-dom.development.js:27023:14)
      at node_modules/react-dom/cjs/react-dom.development.js:26808:9
      at flushActQueue (node_modules/react/cjs/react.development.js:2667:24)
      at act (node_modules/react/cjs/react.development.js:2582:11)
      at node_modules/@testing-library/react/dist/act-compat.js:46:25
      at renderRoot (node_modules/@testing-library/react/dist/pure.js:189:26)
      at render (node_modules/@testing-library/react/dist/pure.js:291:10)
      at renderHook (node_modules/@testing-library/react/dist/pure.js:339:7)
      at Object.<anonymous> (src/hooks/useForm1099Div.test.tsx:300:36)

  ● useForm1099Div › handleGeneratePreview - Authentication Errors › should redirect to login when token is null

    TypeError: (0 , _FormDataPreserver.hasSavedFormData) is not a function

      147 |     
      148 |     // Check if there's saved form data
    > 149 |     if (hasSavedFormData(formType)) {
          |                         ^
      150 |       console.log('[Form1099Div] Found saved form data, attempting restoration...');
      151 |       
      152 |       // Restore the form data

      at src/hooks/useForm1099Div.ts:149:25
      at commitHookEffectListMount (node_modules/react-dom/cjs/react-dom.development.js:23189:26)
      at commitPassiveMountOnFiber (node_modules/react-dom/cjs/react-dom.development.js:24970:11)
      at commitPassiveMountEffects_complete (node_modules/react-dom/cjs/react-dom.development.js:24930:9)
      at commitPassiveMountEffects_begin (node_modules/react-dom/cjs/react-dom.development.js:24917:7)
      at commitPassiveMountEffects (node_modules/react-dom/cjs/react-dom.development.js:24905:3)
      at flushPassiveEffectsImpl (node_modules/react-dom/cjs/react-dom.development.js:27078:3)
      at flushPassiveEffects (node_modules/react-dom/cjs/react-dom.development.js:27023:14)
      at node_modules/react-dom/cjs/react-dom.development.js:26808:9
      at flushActQueue (node_modules/react/cjs/react.development.js:2667:24)
      at act (node_modules/react/cjs/react.development.js:2582:11)
      at node_modules/@testing-library/react/dist/act-compat.js:46:25
      at renderRoot (node_modules/@testing-library/react/dist/pure.js:189:26)
      at render (node_modules/@testing-library/react/dist/pure.js:291:10)
      at renderHook (node_modules/@testing-library/react/dist/pure.js:339:7)
      at Object.<anonymous> (src/hooks/useForm1099Div.test.tsx:315:36)

  ● useForm1099Div › handleGeneratePreview - Authentication Errors › should redirect to login on 401 error

    TypeError: (0 , _FormDataPreserver.hasSavedFormData) is not a function

      147 |     
      148 |     // Check if there's saved form data
    > 149 |     if (hasSavedFormData(formType)) {
          |                         ^
      150 |       console.log('[Form1099Div] Found saved form data, attempting restoration...');
      151 |       
      152 |       // Restore the form data

      at src/hooks/useForm1099Div.ts:149:25
      at commitHookEffectListMount (node_modules/react-dom/cjs/react-dom.development.js:23189:26)
      at commitPassiveMountOnFiber (node_modules/react-dom/cjs/react-dom.development.js:24970:11)
      at commitPassiveMountEffects_complete (node_modules/react-dom/cjs/react-dom.development.js:24930:9)
      at commitPassiveMountEffects_begin (node_modules/react-dom/cjs/react-dom.development.js:24917:7)
      at commitPassiveMountEffects (node_modules/react-dom/cjs/react-dom.development.js:24905:3)
      at flushPassiveEffectsImpl (node_modules/react-dom/cjs/react-dom.development.js:27078:3)
      at flushPassiveEffects (node_modules/react-dom/cjs/react-dom.development.js:27023:14)
      at node_modules/react-dom/cjs/react-dom.development.js:26808:9
      at flushActQueue (node_modules/react/cjs/react.development.js:2667:24)
      at act (node_modules/react/cjs/react.development.js:2582:11)
      at node_modules/@testing-library/react/dist/act-compat.js:46:25
      at renderRoot (node_modules/@testing-library/react/dist/pure.js:189:26)
      at render (node_modules/@testing-library/react/dist/pure.js:291:10)
      at renderHook (node_modules/@testing-library/react/dist/pure.js:339:7)
      at Object.<anonymous> (src/hooks/useForm1099Div.test.tsx:346:36)

  ● useForm1099Div › handleGeneratePreview - Authentication Errors › should redirect to login when error message contains "401"

    TypeError: (0 , _FormDataPreserver.hasSavedFormData) is not a function

      147 |     
      148 |     // Check if there's saved form data
    > 149 |     if (hasSavedFormData(formType)) {
          |                         ^
      150 |       console.log('[Form1099Div] Found saved form data, attempting restoration...');
      151 |       
      152 |       // Restore the form data

      at src/hooks/useForm1099Div.ts:149:25
      at commitHookEffectListMount (node_modules/react-dom/cjs/react-dom.development.js:23189:26)
      at commitPassiveMountOnFiber (node_modules/react-dom/cjs/react-dom.development.js:24970:11)
      at commitPassiveMountEffects_complete (node_modules/react-dom/cjs/react-dom.development.js:24930:9)
      at commitPassiveMountEffects_begin (node_modules/react-dom/cjs/react-dom.development.js:24917:7)
      at commitPassiveMountEffects (node_modules/react-dom/cjs/react-dom.development.js:24905:3)
      at flushPassiveEffectsImpl (node_modules/react-dom/cjs/react-dom.development.js:27078:3)
      at flushPassiveEffects (node_modules/react-dom/cjs/react-dom.development.js:27023:14)
      at node_modules/react-dom/cjs/react-dom.development.js:26808:9
      at flushActQueue (node_modules/react/cjs/react.development.js:2667:24)
      at act (node_modules/react/cjs/react.development.js:2582:11)
      at node_modules/@testing-library/react/dist/act-compat.js:46:25
      at renderRoot (node_modules/@testing-library/react/dist/pure.js:189:26)
      at render (node_modules/@testing-library/react/dist/pure.js:291:10)
      at renderHook (node_modules/@testing-library/react/dist/pure.js:339:7)
      at Object.<anonymous> (src/hooks/useForm1099Div.test.tsx:373:36)

  ● useForm1099Div › handleGeneratePreview - Authentication Errors › should redirect to login when error message contains "unauthorized"

    TypeError: (0 , _FormDataPreserver.hasSavedFormData) is not a function

      147 |     
      148 |     // Check if there's saved form data
    > 149 |     if (hasSavedFormData(formType)) {
          |                         ^
      150 |       console.log('[Form1099Div] Found saved form data, attempting restoration...');
      151 |       
      152 |       // Restore the form data

      at src/hooks/useForm1099Div.ts:149:25
      at commitHookEffectListMount (node_modules/react-dom/cjs/react-dom.development.js:23189:26)
      at commitPassiveMountOnFiber (node_modules/react-dom/cjs/react-dom.development.js:24970:11)
      at commitPassiveMountEffects_complete (node_modules/react-dom/cjs/react-dom.development.js:24930:9)
      at commitPassiveMountEffects_begin (node_modules/react-dom/cjs/react-dom.development.js:24917:7)
      at commitPassiveMountEffects (node_modules/react-dom/cjs/react-dom.development.js:24905:3)
      at flushPassiveEffectsImpl (node_modules/react-dom/cjs/react-dom.development.js:27078:3)
      at flushPassiveEffects (node_modules/react-dom/cjs/react-dom.development.js:27023:14)
      at node_modules/react-dom/cjs/react-dom.development.js:26808:9
      at flushActQueue (node_modules/react/cjs/react.development.js:2667:24)
      at act (node_modules/react/cjs/react.development.js:2582:11)
      at node_modules/@testing-library/react/dist/act-compat.js:46:25
      at renderRoot (node_modules/@testing-library/react/dist/pure.js:189:26)
      at render (node_modules/@testing-library/react/dist/pure.js:291:10)
      at renderHook (node_modules/@testing-library/react/dist/pure.js:339:7)
      at Object.<anonymous> (src/hooks/useForm1099Div.test.tsx:399:36)

  ● useForm1099Div › handleGeneratePreview - API Errors › should display validation error message on 400 error

    TypeError: (0 , _FormDataPreserver.hasSavedFormData) is not a function

      147 |     
      148 |     // Check if there's saved form data
    > 149 |     if (hasSavedFormData(formType)) {
          |                         ^
      150 |       console.log('[Form1099Div] Found saved form data, attempting restoration...');
      151 |       
      152 |       // Restore the form data

      at src/hooks/useForm1099Div.ts:149:25
      at commitHookEffectListMount (node_modules/react-dom/cjs/react-dom.development.js:23189:26)
      at commitPassiveMountOnFiber (node_modules/react-dom/cjs/react-dom.development.js:24970:11)
      at commitPassiveMountEffects_complete (node_modules/react-dom/cjs/react-dom.development.js:24930:9)
      at commitPassiveMountEffects_begin (node_modules/react-dom/cjs/react-dom.development.js:24917:7)
      at commitPassiveMountEffects (node_modules/react-dom/cjs/react-dom.development.js:24905:3)
      at flushPassiveEffectsImpl (node_modules/react-dom/cjs/react-dom.development.js:27078:3)
      at flushPassiveEffects (node_modules/react-dom/cjs/react-dom.development.js:27023:14)
      at node_modules/react-dom/cjs/react-dom.development.js:26808:9
      at flushActQueue (node_modules/react/cjs/react.development.js:2667:24)
      at act (node_modules/react/cjs/react.development.js:2582:11)
      at node_modules/@testing-library/react/dist/act-compat.js:46:25
      at renderRoot (node_modules/@testing-library/react/dist/pure.js:189:26)
      at render (node_modules/@testing-library/react/dist/pure.js:291:10)
      at renderHook (node_modules/@testing-library/react/dist/pure.js:339:7)
      at Object.<anonymous> (src/hooks/useForm1099Div.test.tsx:427:36)

  ● useForm1099Div › handleGeneratePreview - API Errors › should display generic message on 400 error without message

    TypeError: (0 , _FormDataPreserver.hasSavedFormData) is not a function

      147 |     
      148 |     // Check if there's saved form data
    > 149 |     if (hasSavedFormData(formType)) {
          |                         ^
      150 |       console.log('[Form1099Div] Found saved form data, attempting restoration...');
      151 |       
      152 |       // Restore the form data

      at src/hooks/useForm1099Div.ts:149:25
      at commitHookEffectListMount (node_modules/react-dom/cjs/react-dom.development.js:23189:26)
      at commitPassiveMountOnFiber (node_modules/react-dom/cjs/react-dom.development.js:24970:11)
      at commitPassiveMountEffects_complete (node_modules/react-dom/cjs/react-dom.development.js:24930:9)
      at commitPassiveMountEffects_begin (node_modules/react-dom/cjs/react-dom.development.js:24917:7)
      at commitPassiveMountEffects (node_modules/react-dom/cjs/react-dom.development.js:24905:3)
      at flushPassiveEffectsImpl (node_modules/react-dom/cjs/react-dom.development.js:27078:3)
      at flushPassiveEffects (node_modules/react-dom/cjs/react-dom.development.js:27023:14)
      at node_modules/react-dom/cjs/react-dom.development.js:26808:9
      at flushActQueue (node_modules/react/cjs/react.development.js:2667:24)
      at act (node_modules/react/cjs/react.development.js:2582:11)
      at node_modules/@testing-library/react/dist/act-compat.js:46:25
      at renderRoot (node_modules/@testing-library/react/dist/pure.js:189:26)
      at render (node_modules/@testing-library/react/dist/pure.js:291:10)
      at renderHook (node_modules/@testing-library/react/dist/pure.js:339:7)
      at Object.<anonymous> (src/hooks/useForm1099Div.test.tsx:444:36)

  ● useForm1099Div › handleGeneratePreview - API Errors › should display server error message on 500 error

    TypeError: (0 , _FormDataPreserver.hasSavedFormData) is not a function

      147 |     
      148 |     // Check if there's saved form data
    > 149 |     if (hasSavedFormData(formType)) {
          |                         ^
      150 |       console.log('[Form1099Div] Found saved form data, attempting restoration...');
      151 |       
      152 |       // Restore the form data

      at src/hooks/useForm1099Div.ts:149:25
      at commitHookEffectListMount (node_modules/react-dom/cjs/react-dom.development.js:23189:26)
      at commitPassiveMountOnFiber (node_modules/react-dom/cjs/react-dom.development.js:24970:11)
      at commitPassiveMountEffects_complete (node_modules/react-dom/cjs/react-dom.development.js:24930:9)
      at commitPassiveMountEffects_begin (node_modules/react-dom/cjs/react-dom.development.js:24917:7)
      at commitPassiveMountEffects (node_modules/react-dom/cjs/react-dom.development.js:24905:3)
      at flushPassiveEffectsImpl (node_modules/react-dom/cjs/react-dom.development.js:27078:3)
      at flushPassiveEffects (node_modules/react-dom/cjs/react-dom.development.js:27023:14)
      at node_modules/react-dom/cjs/react-dom.development.js:26808:9
      at flushActQueue (node_modules/react/cjs/react.development.js:2667:24)
      at act (node_modules/react/cjs/react.development.js:2582:11)
      at node_modules/@testing-library/react/dist/act-compat.js:46:25
      at renderRoot (node_modules/@testing-library/react/dist/pure.js:189:26)
      at render (node_modules/@testing-library/react/dist/pure.js:291:10)
      at renderHook (node_modules/@testing-library/react/dist/pure.js:339:7)
      at Object.<anonymous> (src/hooks/useForm1099Div.test.tsx:459:36)

  ● useForm1099Div › handleGeneratePreview - API Errors › should display API error message for other status codes

    TypeError: (0 , _FormDataPreserver.hasSavedFormData) is not a function

      147 |     
      148 |     // Check if there's saved form data
    > 149 |     if (hasSavedFormData(formType)) {
          |                         ^
      150 |       console.log('[Form1099Div] Found saved form data, attempting restoration...');
      151 |       
      152 |       // Restore the form data

      at src/hooks/useForm1099Div.ts:149:25
      at commitHookEffectListMount (node_modules/react-dom/cjs/react-dom.development.js:23189:26)
      at commitPassiveMountOnFiber (node_modules/react-dom/cjs/react-dom.development.js:24970:11)
      at commitPassiveMountEffects_complete (node_modules/react-dom/cjs/react-dom.development.js:24930:9)
      at commitPassiveMountEffects_begin (node_modules/react-dom/cjs/react-dom.development.js:24917:7)
      at commitPassiveMountEffects (node_modules/react-dom/cjs/react-dom.development.js:24905:3)
      at flushPassiveEffectsImpl (node_modules/react-dom/cjs/react-dom.development.js:27078:3)
      at flushPassiveEffects (node_modules/react-dom/cjs/react-dom.development.js:27023:14)
      at node_modules/react-dom/cjs/react-dom.development.js:26808:9
      at flushActQueue (node_modules/react/cjs/react.development.js:2667:24)
      at act (node_modules/react/cjs/react.development.js:2582:11)
      at node_modules/@testing-library/react/dist/act-compat.js:46:25
      at renderRoot (node_modules/@testing-library/react/dist/pure.js:189:26)
      at render (node_modules/@testing-library/react/dist/pure.js:291:10)
      at renderHook (node_modules/@testing-library/react/dist/pure.js:339:7)
      at Object.<anonymous> (src/hooks/useForm1099Div.test.tsx:476:36)

  ● useForm1099Div › handleGeneratePreview - API Errors › should display generic message for API errors without message

    TypeError: (0 , _FormDataPreserver.hasSavedFormData) is not a function

      147 |     
      148 |     // Check if there's saved form data
    > 149 |     if (hasSavedFormData(formType)) {
          |                         ^
      150 |       console.log('[Form1099Div] Found saved form data, attempting restoration...');
      151 |       
      152 |       // Restore the form data

      at src/hooks/useForm1099Div.ts:149:25
      at commitHookEffectListMount (node_modules/react-dom/cjs/react-dom.development.js:23189:26)
      at commitPassiveMountOnFiber (node_modules/react-dom/cjs/react-dom.development.js:24970:11)
      at commitPassiveMountEffects_complete (node_modules/react-dom/cjs/react-dom.development.js:24930:9)
      at commitPassiveMountEffects_begin (node_modules/react-dom/cjs/react-dom.development.js:24917:7)
      at commitPassiveMountEffects (node_modules/react-dom/cjs/react-dom.development.js:24905:3)
      at flushPassiveEffectsImpl (node_modules/react-dom/cjs/react-dom.development.js:27078:3)
      at flushPassiveEffects (node_modules/react-dom/cjs/react-dom.development.js:27023:14)
      at node_modules/react-dom/cjs/react-dom.development.js:26808:9
      at flushActQueue (node_modules/react/cjs/react.development.js:2667:24)
      at act (node_modules/react/cjs/react.development.js:2582:11)
      at node_modules/@testing-library/react/dist/act-compat.js:46:25
      at renderRoot (node_modules/@testing-library/react/dist/pure.js:189:26)
      at render (node_modules/@testing-library/react/dist/pure.js:291:10)
      at renderHook (node_modules/@testing-library/react/dist/pure.js:339:7)
      at Object.<anonymous> (src/hooks/useForm1099Div.test.tsx:491:36)

  ● useForm1099Div › handleGeneratePreview - API Errors › should handle JavaScript Error objects

    TypeError: (0 , _FormDataPreserver.hasSavedFormData) is not a function

      147 |     
      148 |     // Check if there's saved form data
    > 149 |     if (hasSavedFormData(formType)) {
          |                         ^
      150 |       console.log('[Form1099Div] Found saved form data, attempting restoration...');
      151 |       
      152 |       // Restore the form data

      at src/hooks/useForm1099Div.ts:149:25
      at commitHookEffectListMount (node_modules/react-dom/cjs/react-dom.development.js:23189:26)
      at commitPassiveMountOnFiber (node_modules/react-dom/cjs/react-dom.development.js:24970:11)
      at commitPassiveMountEffects_complete (node_modules/react-dom/cjs/react-dom.development.js:24930:9)
      at commitPassiveMountEffects_begin (node_modules/react-dom/cjs/react-dom.development.js:24917:7)
      at commitPassiveMountEffects (node_modules/react-dom/cjs/react-dom.development.js:24905:3)
      at flushPassiveEffectsImpl (node_modules/react-dom/cjs/react-dom.development.js:27078:3)
      at flushPassiveEffects (node_modules/react-dom/cjs/react-dom.development.js:27023:14)
      at node_modules/react-dom/cjs/react-dom.development.js:26808:9
      at flushActQueue (node_modules/react/cjs/react.development.js:2667:24)
      at act (node_modules/react/cjs/react.development.js:2582:11)
      at node_modules/@testing-library/react/dist/act-compat.js:46:25
      at renderRoot (node_modules/@testing-library/react/dist/pure.js:189:26)
      at render (node_modules/@testing-library/react/dist/pure.js:291:10)
      at renderHook (node_modules/@testing-library/react/dist/pure.js:339:7)
      at Object.<anonymous> (src/hooks/useForm1099Div.test.tsx:506:36)

  ● useForm1099Div › handleGeneratePreview - API Errors › should handle unknown error types

    TypeError: (0 , _FormDataPreserver.hasSavedFormData) is not a function

      147 |     
      148 |     // Check if there's saved form data
    > 149 |     if (hasSavedFormData(formType)) {
          |                         ^
      150 |       console.log('[Form1099Div] Found saved form data, attempting restoration...');
      151 |       
      152 |       // Restore the form data

      at src/hooks/useForm1099Div.ts:149:25
      at commitHookEffectListMount (node_modules/react-dom/cjs/react-dom.development.js:23189:26)
      at commitPassiveMountOnFiber (node_modules/react-dom/cjs/react-dom.development.js:24970:11)
      at commitPassiveMountEffects_complete (node_modules/react-dom/cjs/react-dom.development.js:24930:9)
      at commitPassiveMountEffects_begin (node_modules/react-dom/cjs/react-dom.development.js:24917:7)
      at commitPassiveMountEffects (node_modules/react-dom/cjs/react-dom.development.js:24905:3)
      at flushPassiveEffectsImpl (node_modules/react-dom/cjs/react-dom.development.js:27078:3)
      at flushPassiveEffects (node_modules/react-dom/cjs/react-dom.development.js:27023:14)
      at node_modules/react-dom/cjs/react-dom.development.js:26808:9
      at flushActQueue (node_modules/react/cjs/react.development.js:2667:24)
      at act (node_modules/react/cjs/react.development.js:2582:11)
      at node_modules/@testing-library/react/dist/act-compat.js:46:25
      at renderRoot (node_modules/@testing-library/react/dist/pure.js:189:26)
      at render (node_modules/@testing-library/react/dist/pure.js:291:10)
      at renderHook (node_modules/@testing-library/react/dist/pure.js:339:7)
      at Object.<anonymous> (src/hooks/useForm1099Div.test.tsx:519:36)

  ● useForm1099Div › handleGeneratePreview - API Errors › should log errors to console

    TypeError: (0 , _FormDataPreserver.hasSavedFormData) is not a function

      147 |     
      148 |     // Check if there's saved form data
    > 149 |     if (hasSavedFormData(formType)) {
          |                         ^
      150 |       console.log('[Form1099Div] Found saved form data, attempting restoration...');
      151 |       
      152 |       // Restore the form data

      at src/hooks/useForm1099Div.ts:149:25
      at commitHookEffectListMount (node_modules/react-dom/cjs/react-dom.development.js:23189:26)
      at commitPassiveMountOnFiber (node_modules/react-dom/cjs/react-dom.development.js:24970:11)
      at commitPassiveMountEffects_complete (node_modules/react-dom/cjs/react-dom.development.js:24930:9)
      at commitPassiveMountEffects_begin (node_modules/react-dom/cjs/react-dom.development.js:24917:7)
      at commitPassiveMountEffects (node_modules/react-dom/cjs/react-dom.development.js:24905:3)
      at flushPassiveEffectsImpl (node_modules/react-dom/cjs/react-dom.development.js:27078:3)
      at flushPassiveEffects (node_modules/react-dom/cjs/react-dom.development.js:27023:14)
      at node_modules/react-dom/cjs/react-dom.development.js:26808:9
      at flushActQueue (node_modules/react/cjs/react.development.js:2667:24)
      at act (node_modules/react/cjs/react.development.js:2582:11)
      at node_modules/@testing-library/react/dist/act-compat.js:46:25
      at renderRoot (node_modules/@testing-library/react/dist/pure.js:189:26)
      at render (node_modules/@testing-library/react/dist/pure.js:291:10)
      at renderHook (node_modules/@testing-library/react/dist/pure.js:339:7)
      at Object.<anonymous> (src/hooks/useForm1099Div.test.tsx:535:36)

  ● useForm1099Div › handleEdit › should return to input mode from preview

    TypeError: (0 , _FormDataPreserver.hasSavedFormData) is not a function

      147 |     
      148 |     // Check if there's saved form data
    > 149 |     if (hasSavedFormData(formType)) {
          |                         ^
      150 |       console.log('[Form1099Div] Found saved form data, attempting restoration...');
      151 |       
      152 |       // Restore the form data

      at src/hooks/useForm1099Div.ts:149:25
      at commitHookEffectListMount (node_modules/react-dom/cjs/react-dom.development.js:23189:26)
      at commitPassiveMountOnFiber (node_modules/react-dom/cjs/react-dom.development.js:24970:11)
      at commitPassiveMountEffects_complete (node_modules/react-dom/cjs/react-dom.development.js:24930:9)
      at commitPassiveMountEffects_begin (node_modules/react-dom/cjs/react-dom.development.js:24917:7)
      at commitPassiveMountEffects (node_modules/react-dom/cjs/react-dom.development.js:24905:3)
      at flushPassiveEffectsImpl (node_modules/react-dom/cjs/react-dom.development.js:27078:3)
      at flushPassiveEffects (node_modules/react-dom/cjs/react-dom.development.js:27023:14)
      at node_modules/react-dom/cjs/react-dom.development.js:26808:9
      at flushActQueue (node_modules/react/cjs/react.development.js:2667:24)
      at act (node_modules/react/cjs/react.development.js:2582:11)
      at node_modules/@testing-library/react/dist/act-compat.js:46:25
      at renderRoot (node_modules/@testing-library/react/dist/pure.js:189:26)
      at render (node_modules/@testing-library/react/dist/pure.js:291:10)
      at renderHook (node_modules/@testing-library/react/dist/pure.js:339:7)
      at Object.<anonymous> (src/hooks/useForm1099Div.test.tsx:553:36)

  ● useForm1099Div › handleEdit › should preserve form data when editing

    TypeError: (0 , _FormDataPreserver.hasSavedFormData) is not a function

      147 |     
      148 |     // Check if there's saved form data
    > 149 |     if (hasSavedFormData(formType)) {
          |                         ^
      150 |       console.log('[Form1099Div] Found saved form data, attempting restoration...');
      151 |       
      152 |       // Restore the form data

      at src/hooks/useForm1099Div.ts:149:25
      at commitHookEffectListMount (node_modules/react-dom/cjs/react-dom.development.js:23189:26)
      at commitPassiveMountOnFiber (node_modules/react-dom/cjs/react-dom.development.js:24970:11)
      at commitPassiveMountEffects_complete (node_modules/react-dom/cjs/react-dom.development.js:24930:9)
      at commitPassiveMountEffects_begin (node_modules/react-dom/cjs/react-dom.development.js:24917:7)
      at commitPassiveMountEffects (node_modules/react-dom/cjs/react-dom.development.js:24905:3)
      at flushPassiveEffectsImpl (node_modules/react-dom/cjs/react-dom.development.js:27078:3)
      at flushPassiveEffects (node_modules/react-dom/cjs/react-dom.development.js:27023:14)
      at node_modules/react-dom/cjs/react-dom.development.js:26808:9
      at flushActQueue (node_modules/react/cjs/react.development.js:2667:24)
      at act (node_modules/react/cjs/react.development.js:2582:11)
      at node_modules/@testing-library/react/dist/act-compat.js:46:25
      at renderRoot (node_modules/@testing-library/react/dist/pure.js:189:26)
      at render (node_modules/@testing-library/react/dist/pure.js:291:10)
      at renderHook (node_modules/@testing-library/react/dist/pure.js:339:7)
      at Object.<anonymous> (src/hooks/useForm1099Div.test.tsx:572:36)

  ● useForm1099Div › handleEdit › should clear any error messages when editing

    TypeError: (0 , _FormDataPreserver.hasSavedFormData) is not a function

      147 |     
      148 |     // Check if there's saved form data
    > 149 |     if (hasSavedFormData(formType)) {
          |                         ^
      150 |       console.log('[Form1099Div] Found saved form data, attempting restoration...');
      151 |       
      152 |       // Restore the form data

      at src/hooks/useForm1099Div.ts:149:25
      at commitHookEffectListMount (node_modules/react-dom/cjs/react-dom.development.js:23189:26)
      at commitPassiveMountOnFiber (node_modules/react-dom/cjs/react-dom.development.js:24970:11)
      at commitPassiveMountEffects_complete (node_modules/react-dom/cjs/react-dom.development.js:24930:9)
      at commitPassiveMountEffects_begin (node_modules/react-dom/cjs/react-dom.development.js:24917:7)
      at commitPassiveMountEffects (node_modules/react-dom/cjs/react-dom.development.js:24905:3)
      at flushPassiveEffectsImpl (node_modules/react-dom/cjs/react-dom.development.js:27078:3)
      at flushPassiveEffects (node_modules/react-dom/cjs/react-dom.development.js:27023:14)
      at node_modules/react-dom/cjs/react-dom.development.js:26808:9
      at flushActQueue (node_modules/react/cjs/react.development.js:2667:24)
      at act (node_modules/react/cjs/react.development.js:2582:11)
      at node_modules/@testing-library/react/dist/act-compat.js:46:25
      at renderRoot (node_modules/@testing-library/react/dist/pure.js:189:26)
      at render (node_modules/@testing-library/react/dist/pure.js:291:10)
      at renderHook (node_modules/@testing-library/react/dist/pure.js:339:7)
      at Object.<anonymous> (src/hooks/useForm1099Div.test.tsx:591:36)

  ● useForm1099Div › handleApprove › should clear all data and return to input mode

    TypeError: (0 , _FormDataPreserver.hasSavedFormData) is not a function

      147 |     
      148 |     // Check if there's saved form data
    > 149 |     if (hasSavedFormData(formType)) {
          |                         ^
      150 |       console.log('[Form1099Div] Found saved form data, attempting restoration...');
      151 |       
      152 |       // Restore the form data

      at src/hooks/useForm1099Div.ts:149:25
      at commitHookEffectListMount (node_modules/react-dom/cjs/react-dom.development.js:23189:26)
      at commitPassiveMountOnFiber (node_modules/react-dom/cjs/react-dom.development.js:24970:11)
      at commitPassiveMountEffects_complete (node_modules/react-dom/cjs/react-dom.development.js:24930:9)
      at commitPassiveMountEffects_begin (node_modules/react-dom/cjs/react-dom.development.js:24917:7)
      at commitPassiveMountEffects (node_modules/react-dom/cjs/react-dom.development.js:24905:3)
      at flushPassiveEffectsImpl (node_modules/react-dom/cjs/react-dom.development.js:27078:3)
      at flushPassiveEffects (node_modules/react-dom/cjs/react-dom.development.js:27023:14)
      at node_modules/react-dom/cjs/react-dom.development.js:26808:9
      at flushActQueue (node_modules/react/cjs/react.development.js:2667:24)
      at act (node_modules/react/cjs/react.development.js:2582:11)
      at node_modules/@testing-library/react/dist/act-compat.js:46:25
      at renderRoot (node_modules/@testing-library/react/dist/pure.js:189:26)
      at render (node_modules/@testing-library/react/dist/pure.js:291:10)
      at renderHook (node_modules/@testing-library/react/dist/pure.js:339:7)
      at Object.<anonymous> (src/hooks/useForm1099Div.test.tsx:611:36)

  ● useForm1099Div › handleApprove › should clear any error messages when approving

    TypeError: (0 , _FormDataPreserver.hasSavedFormData) is not a function

      147 |     
      148 |     // Check if there's saved form data
    > 149 |     if (hasSavedFormData(formType)) {
          |                         ^
      150 |       console.log('[Form1099Div] Found saved form data, attempting restoration...');
      151 |       
      152 |       // Restore the form data

      at src/hooks/useForm1099Div.ts:149:25
      at commitHookEffectListMount (node_modules/react-dom/cjs/react-dom.development.js:23189:26)
      at commitPassiveMountOnFiber (node_modules/react-dom/cjs/react-dom.development.js:24970:11)
      at commitPassiveMountEffects_complete (node_modules/react-dom/cjs/react-dom.development.js:24930:9)
      at commitPassiveMountEffects_begin (node_modules/react-dom/cjs/react-dom.development.js:24917:7)
      at commitPassiveMountEffects (node_modules/react-dom/cjs/react-dom.development.js:24905:3)
      at flushPassiveEffectsImpl (node_modules/react-dom/cjs/react-dom.development.js:27078:3)
      at flushPassiveEffects (node_modules/react-dom/cjs/react-dom.development.js:27023:14)
      at node_modules/react-dom/cjs/react-dom.development.js:26808:9
      at flushActQueue (node_modules/react/cjs/react.development.js:2667:24)
      at act (node_modules/react/cjs/react.development.js:2582:11)
      at node_modules/@testing-library/react/dist/act-compat.js:46:25
      at renderRoot (node_modules/@testing-library/react/dist/pure.js:189:26)
      at render (node_modules/@testing-library/react/dist/pure.js:291:10)
      at renderHook (node_modules/@testing-library/react/dist/pure.js:339:7)
      at Object.<anonymous> (src/hooks/useForm1099Div.test.tsx:635:36)

  ● useForm1099Div › Complete Workflow › should support edit-preview-edit-approve cycle

    TypeError: (0 , _FormDataPreserver.hasSavedFormData) is not a function

      147 |     
      148 |     // Check if there's saved form data
    > 149 |     if (hasSavedFormData(formType)) {
          |                         ^
      150 |       console.log('[Form1099Div] Found saved form data, attempting restoration...');
      151 |       
      152 |       // Restore the form data

      at src/hooks/useForm1099Div.ts:149:25
      at commitHookEffectListMount (node_modules/react-dom/cjs/react-dom.development.js:23189:26)
      at commitPassiveMountOnFiber (node_modules/react-dom/cjs/react-dom.development.js:24970:11)
      at commitPassiveMountEffects_complete (node_modules/react-dom/cjs/react-dom.development.js:24930:9)
      at commitPassiveMountEffects_begin (node_modules/react-dom/cjs/react-dom.development.js:24917:7)
      at commitPassiveMountEffects (node_modules/react-dom/cjs/react-dom.development.js:24905:3)
      at flushPassiveEffectsImpl (node_modules/react-dom/cjs/react-dom.development.js:27078:3)
      at flushPassiveEffects (node_modules/react-dom/cjs/react-dom.development.js:27023:14)
      at node_modules/react-dom/cjs/react-dom.development.js:26808:9
      at flushActQueue (node_modules/react/cjs/react.development.js:2667:24)
      at act (node_modules/react/cjs/react.development.js:2582:11)
      at node_modules/@testing-library/react/dist/act-compat.js:46:25
      at renderRoot (node_modules/@testing-library/react/dist/pure.js:189:26)
      at render (node_modules/@testing-library/react/dist/pure.js:291:10)
      at renderHook (node_modules/@testing-library/react/dist/pure.js:339:7)
      at Object.<anonymous> (src/hooks/useForm1099Div.test.tsx:655:36)

  ● useForm1099Div › Complete Workflow › should allow multiple submissions after approval

    TypeError: (0 , _FormDataPreserver.hasSavedFormData) is not a function

      147 |     
      148 |     // Check if there's saved form data
    > 149 |     if (hasSavedFormData(formType)) {
          |                         ^
      150 |       console.log('[Form1099Div] Found saved form data, attempting restoration...');
      151 |       
      152 |       // Restore the form data

      at src/hooks/useForm1099Div.ts:149:25
      at commitHookEffectListMount (node_modules/react-dom/cjs/react-dom.development.js:23189:26)
      at commitPassiveMountOnFiber (node_modules/react-dom/cjs/react-dom.development.js:24970:11)
      at commitPassiveMountEffects_complete (node_modules/react-dom/cjs/react-dom.development.js:24930:9)
      at commitPassiveMountEffects_begin (node_modules/react-dom/cjs/react-dom.development.js:24917:7)
      at commitPassiveMountEffects (node_modules/react-dom/cjs/react-dom.development.js:24905:3)
      at flushPassiveEffectsImpl (node_modules/react-dom/cjs/react-dom.development.js:27078:3)
      at flushPassiveEffects (node_modules/react-dom/cjs/react-dom.development.js:27023:14)
      at node_modules/react-dom/cjs/react-dom.development.js:26808:9
      at flushActQueue (node_modules/react/cjs/react.development.js:2667:24)
      at act (node_modules/react/cjs/react.development.js:2582:11)
      at node_modules/@testing-library/react/dist/act-compat.js:46:25
      at renderRoot (node_modules/@testing-library/react/dist/pure.js:189:26)
      at render (node_modules/@testing-library/react/dist/pure.js:291:10)
      at renderHook (node_modules/@testing-library/react/dist/pure.js:339:7)
      at Object.<anonymous> (src/hooks/useForm1099Div.test.tsx:693:36)

PASS src/lib/api/documentService.test.ts
PASS src/hooks/useRateLimit.test.tsx
  ● Console

    console.error
      Warning: An update to TestComponent inside a test was not wrapped in act(...).
      
      When testing, code that causes React state updates should be wrapped into act(...):
      
      act(() => {
        /* fire events that update state */
      });
      /* assert on the output */
      
      This ensures that you're testing the behavior the user would see in the browser. Learn more at https://reactjs.org/link/wrap-tests-with-act
          at TestComponent (/Users/ryan/Library/Mobile Documents/com~apple~CloudDocs/Documents/VSCode/Tax-App-Frontend/node_modules/@testing-library/react/dist/pure.js:328:5)

      101 |       const remainingSeconds = Math.ceil(remaining / 1000);
      102 |       
    > 103 |       setRemainingTime(remainingSeconds);
          |       ^
      104 |
      105 |       // If time has expired, unlock
      106 |       if (remaining <= 0) {

      at printWarning (node_modules/react-dom/cjs/react-dom.development.js:86:30)
      at error (node_modules/react-dom/cjs/react-dom.development.js:60:7)
      at warnIfUpdatesNotWrappedWithActDEV (node_modules/react-dom/cjs/react-dom.development.js:27628:9)
      at scheduleUpdateOnFiber (node_modules/react-dom/cjs/react-dom.development.js:25547:5)
      at dispatchSetState (node_modules/react-dom/cjs/react-dom.development.js:16708:7)
      at setRemainingTime (src/hooks/useRateLimit.ts:103:7)
      at callTimer (node_modules/@sinonjs/fake-timers/src/fake-timers-src.js:806:24)
      at doTickInner (node_modules/@sinonjs/fake-timers/src/fake-timers-src.js:1413:29)
      at doTick (node_modules/@sinonjs/fake-timers/src/fake-timers-src.js:1494:20)
      at Object.tick (node_modules/@sinonjs/fake-timers/src/fake-timers-src.js:1502:20)
      at Object.runToLast (node_modules/@sinonjs/fake-timers/src/fake-timers-src.js:1661:26)
      at FakeTimers.runOnlyPendingTimers (node_modules/@jest/fake-timers/build/index.js:542:19)
      at Object.runOnlyPendingTimers (src/hooks/useRateLimit.test.tsx:35:10)

    console.error
      Warning: An update to TestComponent inside a test was not wrapped in act(...).
      
      When testing, code that causes React state updates should be wrapped into act(...):
      
      act(() => {
        /* fire events that update state */
      });
      /* assert on the output */
      
      This ensures that you're testing the behavior the user would see in the browser. Learn more at https://reactjs.org/link/wrap-tests-with-act
          at TestComponent (/Users/ryan/Library/Mobile Documents/com~apple~CloudDocs/Documents/VSCode/Tax-App-Frontend/node_modules/@testing-library/react/dist/pure.js:328:5)

      101 |       const remainingSeconds = Math.ceil(remaining / 1000);
      102 |       
    > 103 |       setRemainingTime(remainingSeconds);
          |       ^
      104 |
      105 |       // If time has expired, unlock
      106 |       if (remaining <= 0) {

      at printWarning (node_modules/react-dom/cjs/react-dom.development.js:86:30)
      at error (node_modules/react-dom/cjs/react-dom.development.js:60:7)
      at warnIfUpdatesNotWrappedWithActDEV (node_modules/react-dom/cjs/react-dom.development.js:27628:9)
      at scheduleUpdateOnFiber (node_modules/react-dom/cjs/react-dom.development.js:25547:5)
      at dispatchSetState (node_modules/react-dom/cjs/react-dom.development.js:16708:7)
      at setRemainingTime (src/hooks/useRateLimit.ts:103:7)
      at callTimer (node_modules/@sinonjs/fake-timers/src/fake-timers-src.js:806:24)
      at doTickInner (node_modules/@sinonjs/fake-timers/src/fake-timers-src.js:1413:29)
      at doTick (node_modules/@sinonjs/fake-timers/src/fake-timers-src.js:1494:20)
      at Object.tick (node_modules/@sinonjs/fake-timers/src/fake-timers-src.js:1502:20)
      at Object.runToLast (node_modules/@sinonjs/fake-timers/src/fake-timers-src.js:1661:26)
      at FakeTimers.runOnlyPendingTimers (node_modules/@jest/fake-timers/build/index.js:542:19)
      at Object.runOnlyPendingTimers (src/hooks/useRateLimit.test.tsx:35:10)

    console.error
      Warning: An update to TestComponent inside a test was not wrapped in act(...).
      
      When testing, code that causes React state updates should be wrapped into act(...):
      
      act(() => {
        /* fire events that update state */
      });
      /* assert on the output */
      
      This ensures that you're testing the behavior the user would see in the browser. Learn more at https://reactjs.org/link/wrap-tests-with-act
          at TestComponent (/Users/ryan/Library/Mobile Documents/com~apple~CloudDocs/Documents/VSCode/Tax-App-Frontend/node_modules/@testing-library/react/dist/pure.js:328:5)

      101 |       const remainingSeconds = Math.ceil(remaining / 1000);
      102 |       
    > 103 |       setRemainingTime(remainingSeconds);
          |       ^
      104 |
      105 |       // If time has expired, unlock
      106 |       if (remaining <= 0) {

      at printWarning (node_modules/react-dom/cjs/react-dom.development.js:86:30)
      at error (node_modules/react-dom/cjs/react-dom.development.js:60:7)
      at warnIfUpdatesNotWrappedWithActDEV (node_modules/react-dom/cjs/react-dom.development.js:27628:9)
      at scheduleUpdateOnFiber (node_modules/react-dom/cjs/react-dom.development.js:25547:5)
      at dispatchSetState (node_modules/react-dom/cjs/react-dom.development.js:16708:7)
      at setRemainingTime (src/hooks/useRateLimit.ts:103:7)
      at callTimer (node_modules/@sinonjs/fake-timers/src/fake-timers-src.js:806:24)
      at doTickInner (node_modules/@sinonjs/fake-timers/src/fake-timers-src.js:1413:29)
      at doTick (node_modules/@sinonjs/fake-timers/src/fake-timers-src.js:1494:20)
      at Object.tick (node_modules/@sinonjs/fake-timers/src/fake-timers-src.js:1502:20)
      at Object.runToLast (node_modules/@sinonjs/fake-timers/src/fake-timers-src.js:1661:26)
      at FakeTimers.runOnlyPendingTimers (node_modules/@jest/fake-timers/build/index.js:542:19)
      at Object.runOnlyPendingTimers (src/hooks/useRateLimit.test.tsx:35:10)

    console.error
      Warning: An update to TestComponent inside a test was not wrapped in act(...).
      
      When testing, code that causes React state updates should be wrapped into act(...):
      
      act(() => {
        /* fire events that update state */
      });
      /* assert on the output */
      
      This ensures that you're testing the behavior the user would see in the browser. Learn more at https://reactjs.org/link/wrap-tests-with-act
          at TestComponent (/Users/ryan/Library/Mobile Documents/com~apple~CloudDocs/Documents/VSCode/Tax-App-Frontend/node_modules/@testing-library/react/dist/pure.js:328:5)

      101 |       const remainingSeconds = Math.ceil(remaining / 1000);
      102 |       
    > 103 |       setRemainingTime(remainingSeconds);
          |       ^
      104 |
      105 |       // If time has expired, unlock
      106 |       if (remaining <= 0) {

      at printWarning (node_modules/react-dom/cjs/react-dom.development.js:86:30)
      at error (node_modules/react-dom/cjs/react-dom.development.js:60:7)
      at warnIfUpdatesNotWrappedWithActDEV (node_modules/react-dom/cjs/react-dom.development.js:27628:9)
      at scheduleUpdateOnFiber (node_modules/react-dom/cjs/react-dom.development.js:25547:5)
      at dispatchSetState (node_modules/react-dom/cjs/react-dom.development.js:16708:7)
      at setRemainingTime (src/hooks/useRateLimit.ts:103:7)
      at callTimer (node_modules/@sinonjs/fake-timers/src/fake-timers-src.js:806:24)
      at doTickInner (node_modules/@sinonjs/fake-timers/src/fake-timers-src.js:1413:29)
      at doTick (node_modules/@sinonjs/fake-timers/src/fake-timers-src.js:1494:20)
      at Object.tick (node_modules/@sinonjs/fake-timers/src/fake-timers-src.js:1502:20)
      at Object.runToLast (node_modules/@sinonjs/fake-timers/src/fake-timers-src.js:1661:26)
      at FakeTimers.runOnlyPendingTimers (node_modules/@jest/fake-timers/build/index.js:542:19)
      at Object.runOnlyPendingTimers (src/hooks/useRateLimit.test.tsx:35:10)

    console.error
      Warning: An update to TestComponent inside a test was not wrapped in act(...).
      
      When testing, code that causes React state updates should be wrapped into act(...):
      
      act(() => {
        /* fire events that update state */
      });
      /* assert on the output */
      
      This ensures that you're testing the behavior the user would see in the browser. Learn more at https://reactjs.org/link/wrap-tests-with-act
          at TestComponent (/Users/ryan/Library/Mobile Documents/com~apple~CloudDocs/Documents/VSCode/Tax-App-Frontend/node_modules/@testing-library/react/dist/pure.js:328:5)

      101 |       const remainingSeconds = Math.ceil(remaining / 1000);
      102 |       
    > 103 |       setRemainingTime(remainingSeconds);
          |       ^
      104 |
      105 |       // If time has expired, unlock
      106 |       if (remaining <= 0) {

      at printWarning (node_modules/react-dom/cjs/react-dom.development.js:86:30)
      at error (node_modules/react-dom/cjs/react-dom.development.js:60:7)
      at warnIfUpdatesNotWrappedWithActDEV (node_modules/react-dom/cjs/react-dom.development.js:27628:9)
      at scheduleUpdateOnFiber (node_modules/react-dom/cjs/react-dom.development.js:25547:5)
      at dispatchSetState (node_modules/react-dom/cjs/react-dom.development.js:16708:7)
      at setRemainingTime (src/hooks/useRateLimit.ts:103:7)
      at callTimer (node_modules/@sinonjs/fake-timers/src/fake-timers-src.js:806:24)
      at doTickInner (node_modules/@sinonjs/fake-timers/src/fake-timers-src.js:1413:29)
      at doTick (node_modules/@sinonjs/fake-timers/src/fake-timers-src.js:1494:20)
      at Object.tick (node_modules/@sinonjs/fake-timers/src/fake-timers-src.js:1502:20)
      at Object.runToLast (node_modules/@sinonjs/fake-timers/src/fake-timers-src.js:1661:26)
      at FakeTimers.runOnlyPendingTimers (node_modules/@jest/fake-timers/build/index.js:542:19)
      at Object.runOnlyPendingTimers (src/hooks/useRateLimit.test.tsx:35:10)

    console.error
      Failed to load rate limit state from sessionStorage: SyntaxError: Unexpected token 'i', "invalid json" is not valid JSON
          at JSON.parse (<anonymous>)
          at parse (/Users/ryan/Library/Mobile Documents/com~apple~CloudDocs/Documents/VSCode/Tax-App-Frontend/src/hooks/useRateLimit.ts:40:52)
          at loadStateFromStorage (/Users/ryan/Library/Mobile Documents/com~apple~CloudDocs/Documents/VSCode/Tax-App-Frontend/src/hooks/useRateLimit.ts:70:5)
          at commitHookEffectListMount (/Users/ryan/Library/Mobile Documents/com~apple~CloudDocs/Documents/VSCode/Tax-App-Frontend/node_modules/react-dom/cjs/react-dom.development.js:23189:26)
          at commitPassiveMountOnFiber (/Users/ryan/Library/Mobile Documents/com~apple~CloudDocs/Documents/VSCode/Tax-App-Frontend/node_modules/react-dom/cjs/react-dom.development.js:24970:11)
          at commitPassiveMountEffects_complete (/Users/ryan/Library/Mobile Documents/com~apple~CloudDocs/Documents/VSCode/Tax-App-Frontend/node_modules/react-dom/cjs/react-dom.development.js:24930:9)
          at commitPassiveMountEffects_begin (/Users/ryan/Library/Mobile Documents/com~apple~CloudDocs/Documents/VSCode/Tax-App-Frontend/node_modules/react-dom/cjs/react-dom.development.js:24917:7)
          at commitPassiveMountEffects (/Users/ryan/Library/Mobile Documents/com~apple~CloudDocs/Documents/VSCode/Tax-App-Frontend/node_modules/react-dom/cjs/react-dom.development.js:24905:3)
          at flushPassiveEffectsImpl (/Users/ryan/Library/Mobile Documents/com~apple~CloudDocs/Documents/VSCode/Tax-App-Frontend/node_modules/react-dom/cjs/react-dom.development.js:27078:3)
          at flushPassiveEffects (/Users/ryan/Library/Mobile Documents/com~apple~CloudDocs/Documents/VSCode/Tax-App-Frontend/node_modules/react-dom/cjs/react-dom.development.js:27023:14)
          at /Users/ryan/Library/Mobile Documents/com~apple~CloudDocs/Documents/VSCode/Tax-App-Frontend/node_modules/react-dom/cjs/react-dom.development.js:26808:9
          at flushActQueue (/Users/ryan/Library/Mobile Documents/com~apple~CloudDocs/Documents/VSCode/Tax-App-Frontend/node_modules/react/cjs/react.development.js:2667:24)
          at act (/Users/ryan/Library/Mobile Documents/com~apple~CloudDocs/Documents/VSCode/Tax-App-Frontend/node_modules/react/cjs/react.development.js:2582:11)
          at /Users/ryan/Library/Mobile Documents/com~apple~CloudDocs/Documents/VSCode/Tax-App-Frontend/node_modules/@testing-library/react/dist/act-compat.js:46:25
          at renderRoot (/Users/ryan/Library/Mobile Documents/com~apple~CloudDocs/Documents/VSCode/Tax-App-Frontend/node_modules/@testing-library/react/dist/pure.js:189:26)
          at render (/Users/ryan/Library/Mobile Documents/com~apple~CloudDocs/Documents/VSCode/Tax-App-Frontend/node_modules/@testing-library/react/dist/pure.js:291:10)
          at renderHook (/Users/ryan/Library/Mobile Documents/com~apple~CloudDocs/Documents/VSCode/Tax-App-Frontend/node_modules/@testing-library/react/dist/pure.js:339:7)
          at Object.<anonymous> (/Users/ryan/Library/Mobile Documents/com~apple~CloudDocs/Documents/VSCode/Tax-App-Frontend/src/hooks/useRateLimit.test.tsx:331:36)
          at Promise.finally.completed (/Users/ryan/Library/Mobile Documents/com~apple~CloudDocs/Documents/VSCode/Tax-App-Frontend/node_modules/jest-circus/build/jestAdapterInit.js:1557:28)
          at new Promise (<anonymous>)
          at callAsyncCircusFn (/Users/ryan/Library/Mobile Documents/com~apple~CloudDocs/Documents/VSCode/Tax-App-Frontend/node_modules/jest-circus/build/jestAdapterInit.js:1497:10)
          at _callCircusTest (/Users/ryan/Library/Mobile Documents/com~apple~CloudDocs/Documents/VSCode/Tax-App-Frontend/node_modules/jest-circus/build/jestAdapterInit.js:1007:40)
          at processTicksAndRejections (node:internal/process/task_queues:95:5)
          at _runTest (/Users/ryan/Library/Mobile Documents/com~apple~CloudDocs/Documents/VSCode/Tax-App-Frontend/node_modules/jest-circus/build/jestAdapterInit.js:947:3)
          at /Users/ryan/Library/Mobile Documents/com~apple~CloudDocs/Documents/VSCode/Tax-App-Frontend/node_modules/jest-circus/build/jestAdapterInit.js:849:7
          at _runTestsForDescribeBlock (/Users/ryan/Library/Mobile Documents/com~apple~CloudDocs/Documents/VSCode/Tax-App-Frontend/node_modules/jest-circus/build/jestAdapterInit.js:862:11)
          at _runTestsForDescribeBlock (/Users/ryan/Library/Mobile Documents/com~apple~CloudDocs/Documents/VSCode/Tax-App-Frontend/node_modules/jest-circus/build/jestAdapterInit.js:857:11)
          at _runTestsForDescribeBlock (/Users/ryan/Library/Mobile Documents/com~apple~CloudDocs/Documents/VSCode/Tax-App-Frontend/node_modules/jest-circus/build/jestAdapterInit.js:857:11)
          at run (/Users/ryan/Library/Mobile Documents/com~apple~CloudDocs/Documents/VSCode/Tax-App-Frontend/node_modules/jest-circus/build/jestAdapterInit.js:761:3)
          at runAndTransformResultsToJestFormat (/Users/ryan/Library/Mobile Documents/com~apple~CloudDocs/Documents/VSCode/Tax-App-Frontend/node_modules/jest-circus/build/jestAdapterInit.js:1918:21)
          at jestAdapter (/Users/ryan/Library/Mobile Documents/com~apple~CloudDocs/Documents/VSCode/Tax-App-Frontend/node_modules/jest-circus/build/runner.js:101:19)
          at runTestInternal (/Users/ryan/Library/Mobile Documents/com~apple~CloudDocs/Documents/VSCode/Tax-App-Frontend/node_modules/jest-runner/build/testWorker.js:275:16)
          at runTest (/Users/ryan/Library/Mobile Documents/com~apple~CloudDocs/Documents/VSCode/Tax-App-Frontend/node_modules/jest-runner/build/testWorker.js:343:7)
          at Object.worker (/Users/ryan/Library/Mobile Documents/com~apple~CloudDocs/Documents/VSCode/Tax-App-Frontend/node_modules/jest-runner/build/testWorker.js:497:12)

      64 |         }
      65 |       } catch (error) {
    > 66 |         console.error('Failed to load rate limit state from sessionStorage:', error);
         |                 ^
      67 |       }
      68 |     };
      69 |

      at error (src/hooks/useRateLimit.ts:66:17)
      at loadStateFromStorage (src/hooks/useRateLimit.ts:70:5)
      at commitHookEffectListMount (node_modules/react-dom/cjs/react-dom.development.js:23189:26)
      at commitPassiveMountOnFiber (node_modules/react-dom/cjs/react-dom.development.js:24970:11)
      at commitPassiveMountEffects_complete (node_modules/react-dom/cjs/react-dom.development.js:24930:9)
      at commitPassiveMountEffects_begin (node_modules/react-dom/cjs/react-dom.development.js:24917:7)
      at commitPassiveMountEffects (node_modules/react-dom/cjs/react-dom.development.js:24905:3)
      at flushPassiveEffectsImpl (node_modules/react-dom/cjs/react-dom.development.js:27078:3)
      at flushPassiveEffects (node_modules/react-dom/cjs/react-dom.development.js:27023:14)
      at node_modules/react-dom/cjs/react-dom.development.js:26808:9
      at flushActQueue (node_modules/react/cjs/react.development.js:2667:24)
      at act (node_modules/react/cjs/react.development.js:2582:11)
      at node_modules/@testing-library/react/dist/act-compat.js:46:25
      at renderRoot (node_modules/@testing-library/react/dist/pure.js:189:26)
      at render (node_modules/@testing-library/react/dist/pure.js:291:10)
      at renderHook (node_modules/@testing-library/react/dist/pure.js:339:7)
      at Object.<anonymous> (src/hooks/useRateLimit.test.tsx:331:36)

    console.error
      Failed to load rate limit state from sessionStorage: ReferenceError: sessionStorage is not defined
          at sessionStorage (/Users/ryan/Library/Mobile Documents/com~apple~CloudDocs/Documents/VSCode/Tax-App-Frontend/src/hooks/useRateLimit.ts:38:24)
          at loadStateFromStorage (/Users/ryan/Library/Mobile Documents/com~apple~CloudDocs/Documents/VSCode/Tax-App-Frontend/src/hooks/useRateLimit.ts:70:5)
          at commitHookEffectListMount (/Users/ryan/Library/Mobile Documents/com~apple~CloudDocs/Documents/VSCode/Tax-App-Frontend/node_modules/react-dom/cjs/react-dom.development.js:23189:26)
          at commitPassiveMountOnFiber (/Users/ryan/Library/Mobile Documents/com~apple~CloudDocs/Documents/VSCode/Tax-App-Frontend/node_modules/react-dom/cjs/react-dom.development.js:24970:11)
          at commitPassiveMountEffects_complete (/Users/ryan/Library/Mobile Documents/com~apple~CloudDocs/Documents/VSCode/Tax-App-Frontend/node_modules/react-dom/cjs/react-dom.development.js:24930:9)
          at commitPassiveMountEffects_begin (/Users/ryan/Library/Mobile Documents/com~apple~CloudDocs/Documents/VSCode/Tax-App-Frontend/node_modules/react-dom/cjs/react-dom.development.js:24917:7)
          at commitPassiveMountEffects (/Users/ryan/Library/Mobile Documents/com~apple~CloudDocs/Documents/VSCode/Tax-App-Frontend/node_modules/react-dom/cjs/react-dom.development.js:24905:3)
          at flushPassiveEffectsImpl (/Users/ryan/Library/Mobile Documents/com~apple~CloudDocs/Documents/VSCode/Tax-App-Frontend/node_modules/react-dom/cjs/react-dom.development.js:27078:3)
          at flushPassiveEffects (/Users/ryan/Library/Mobile Documents/com~apple~CloudDocs/Documents/VSCode/Tax-App-Frontend/node_modules/react-dom/cjs/react-dom.development.js:27023:14)
          at /Users/ryan/Library/Mobile Documents/com~apple~CloudDocs/Documents/VSCode/Tax-App-Frontend/node_modules/react-dom/cjs/react-dom.development.js:26808:9
          at flushActQueue (/Users/ryan/Library/Mobile Documents/com~apple~CloudDocs/Documents/VSCode/Tax-App-Frontend/node_modules/react/cjs/react.development.js:2667:24)
          at act (/Users/ryan/Library/Mobile Documents/com~apple~CloudDocs/Documents/VSCode/Tax-App-Frontend/node_modules/react/cjs/react.development.js:2582:11)
          at /Users/ryan/Library/Mobile Documents/com~apple~CloudDocs/Documents/VSCode/Tax-App-Frontend/node_modules/@testing-library/react/dist/act-compat.js:46:25
          at renderRoot (/Users/ryan/Library/Mobile Documents/com~apple~CloudDocs/Documents/VSCode/Tax-App-Frontend/node_modules/@testing-library/react/dist/pure.js:189:26)
          at render (/Users/ryan/Library/Mobile Documents/com~apple~CloudDocs/Documents/VSCode/Tax-App-Frontend/node_modules/@testing-library/react/dist/pure.js:291:10)
          at renderHook (/Users/ryan/Library/Mobile Documents/com~apple~CloudDocs/Documents/VSCode/Tax-App-Frontend/node_modules/@testing-library/react/dist/pure.js:339:7)
          at Object.<anonymous> (/Users/ryan/Library/Mobile Documents/com~apple~CloudDocs/Documents/VSCode/Tax-App-Frontend/src/hooks/useRateLimit.test.tsx:345:36)
          at Promise.finally.completed (/Users/ryan/Library/Mobile Documents/com~apple~CloudDocs/Documents/VSCode/Tax-App-Frontend/node_modules/jest-circus/build/jestAdapterInit.js:1557:28)
          at new Promise (<anonymous>)
          at callAsyncCircusFn (/Users/ryan/Library/Mobile Documents/com~apple~CloudDocs/Documents/VSCode/Tax-App-Frontend/node_modules/jest-circus/build/jestAdapterInit.js:1497:10)
          at _callCircusTest (/Users/ryan/Library/Mobile Documents/com~apple~CloudDocs/Documents/VSCode/Tax-App-Frontend/node_modules/jest-circus/build/jestAdapterInit.js:1007:40)
          at processTicksAndRejections (node:internal/process/task_queues:95:5)
          at _runTest (/Users/ryan/Library/Mobile Documents/com~apple~CloudDocs/Documents/VSCode/Tax-App-Frontend/node_modules/jest-circus/build/jestAdapterInit.js:947:3)
          at /Users/ryan/Library/Mobile Documents/com~apple~CloudDocs/Documents/VSCode/Tax-App-Frontend/node_modules/jest-circus/build/jestAdapterInit.js:849:7
          at _runTestsForDescribeBlock (/Users/ryan/Library/Mobile Documents/com~apple~CloudDocs/Documents/VSCode/Tax-App-Frontend/node_modules/jest-circus/build/jestAdapterInit.js:862:11)
          at _runTestsForDescribeBlock (/Users/ryan/Library/Mobile Documents/com~apple~CloudDocs/Documents/VSCode/Tax-App-Frontend/node_modules/jest-circus/build/jestAdapterInit.js:857:11)
          at _runTestsForDescribeBlock (/Users/ryan/Library/Mobile Documents/com~apple~CloudDocs/Documents/VSCode/Tax-App-Frontend/node_modules/jest-circus/build/jestAdapterInit.js:857:11)
          at run (/Users/ryan/Library/Mobile Documents/com~apple~CloudDocs/Documents/VSCode/Tax-App-Frontend/node_modules/jest-circus/build/jestAdapterInit.js:761:3)
          at runAndTransformResultsToJestFormat (/Users/ryan/Library/Mobile Documents/com~apple~CloudDocs/Documents/VSCode/Tax-App-Frontend/node_modules/jest-circus/build/jestAdapterInit.js:1918:21)
          at jestAdapter (/Users/ryan/Library/Mobile Documents/com~apple~CloudDocs/Documents/VSCode/Tax-App-Frontend/node_modules/jest-circus/build/runner.js:101:19)
          at runTestInternal (/Users/ryan/Library/Mobile Documents/com~apple~CloudDocs/Documents/VSCode/Tax-App-Frontend/node_modules/jest-runner/build/testWorker.js:275:16)
          at runTest (/Users/ryan/Library/Mobile Documents/com~apple~CloudDocs/Documents/VSCode/Tax-App-Frontend/node_modules/jest-runner/build/testWorker.js:343:7)
          at Object.worker (/Users/ryan/Library/Mobile Documents/com~apple~CloudDocs/Documents/VSCode/Tax-App-Frontend/node_modules/jest-runner/build/testWorker.js:497:12)

      64 |         }
      65 |       } catch (error) {
    > 66 |         console.error('Failed to load rate limit state from sessionStorage:', error);
         |                 ^
      67 |       }
      68 |     };
      69 |

      at error (src/hooks/useRateLimit.ts:66:17)
      at loadStateFromStorage (src/hooks/useRateLimit.ts:70:5)
      at commitHookEffectListMount (node_modules/react-dom/cjs/react-dom.development.js:23189:26)
      at commitPassiveMountOnFiber (node_modules/react-dom/cjs/react-dom.development.js:24970:11)
      at commitPassiveMountEffects_complete (node_modules/react-dom/cjs/react-dom.development.js:24930:9)
      at commitPassiveMountEffects_begin (node_modules/react-dom/cjs/react-dom.development.js:24917:7)
      at commitPassiveMountEffects (node_modules/react-dom/cjs/react-dom.development.js:24905:3)
      at flushPassiveEffectsImpl (node_modules/react-dom/cjs/react-dom.development.js:27078:3)
      at flushPassiveEffects (node_modules/react-dom/cjs/react-dom.development.js:27023:14)
      at node_modules/react-dom/cjs/react-dom.development.js:26808:9
      at flushActQueue (node_modules/react/cjs/react.development.js:2667:24)
      at act (node_modules/react/cjs/react.development.js:2582:11)
      at node_modules/@testing-library/react/dist/act-compat.js:46:25
      at renderRoot (node_modules/@testing-library/react/dist/pure.js:189:26)
      at render (node_modules/@testing-library/react/dist/pure.js:291:10)
      at renderHook (node_modules/@testing-library/react/dist/pure.js:339:7)
      at Object.<anonymous> (src/hooks/useRateLimit.test.tsx:345:36)

    console.error
      Failed to save rate limit state to sessionStorage: ReferenceError: sessionStorage is not defined
          at sessionStorage (/Users/ryan/Library/Mobile Documents/com~apple~CloudDocs/Documents/VSCode/Tax-App-Frontend/src/hooks/useRateLimit.ts:83:7)
          at commitHookEffectListMount (/Users/ryan/Library/Mobile Documents/com~apple~CloudDocs/Documents/VSCode/Tax-App-Frontend/node_modules/react-dom/cjs/react-dom.development.js:23189:26)
          at commitPassiveMountOnFiber (/Users/ryan/Library/Mobile Documents/com~apple~CloudDocs/Documents/VSCode/Tax-App-Frontend/node_modules/react-dom/cjs/react-dom.development.js:24970:11)
          at commitPassiveMountEffects_complete (/Users/ryan/Library/Mobile Documents/com~apple~CloudDocs/Documents/VSCode/Tax-App-Frontend/node_modules/react-dom/cjs/react-dom.development.js:24930:9)
          at commitPassiveMountEffects_begin (/Users/ryan/Library/Mobile Documents/com~apple~CloudDocs/Documents/VSCode/Tax-App-Frontend/node_modules/react-dom/cjs/react-dom.development.js:24917:7)
          at commitPassiveMountEffects (/Users/ryan/Library/Mobile Documents/com~apple~CloudDocs/Documents/VSCode/Tax-App-Frontend/node_modules/react-dom/cjs/react-dom.development.js:24905:3)
          at flushPassiveEffectsImpl (/Users/ryan/Library/Mobile Documents/com~apple~CloudDocs/Documents/VSCode/Tax-App-Frontend/node_modules/react-dom/cjs/react-dom.development.js:27078:3)
          at flushPassiveEffects (/Users/ryan/Library/Mobile Documents/com~apple~CloudDocs/Documents/VSCode/Tax-App-Frontend/node_modules/react-dom/cjs/react-dom.development.js:27023:14)
          at /Users/ryan/Library/Mobile Documents/com~apple~CloudDocs/Documents/VSCode/Tax-App-Frontend/node_modules/react-dom/cjs/react-dom.development.js:26808:9
          at flushActQueue (/Users/ryan/Library/Mobile Documents/com~apple~CloudDocs/Documents/VSCode/Tax-App-Frontend/node_modules/react/cjs/react.development.js:2667:24)
          at act (/Users/ryan/Library/Mobile Documents/com~apple~CloudDocs/Documents/VSCode/Tax-App-Frontend/node_modules/react/cjs/react.development.js:2582:11)
          at /Users/ryan/Library/Mobile Documents/com~apple~CloudDocs/Documents/VSCode/Tax-App-Frontend/node_modules/@testing-library/react/dist/act-compat.js:46:25
          at renderRoot (/Users/ryan/Library/Mobile Documents/com~apple~CloudDocs/Documents/VSCode/Tax-App-Frontend/node_modules/@testing-library/react/dist/pure.js:189:26)
          at render (/Users/ryan/Library/Mobile Documents/com~apple~CloudDocs/Documents/VSCode/Tax-App-Frontend/node_modules/@testing-library/react/dist/pure.js:291:10)
          at renderHook (/Users/ryan/Library/Mobile Documents/com~apple~CloudDocs/Documents/VSCode/Tax-App-Frontend/node_modules/@testing-library/react/dist/pure.js:339:7)
          at Object.<anonymous> (/Users/ryan/Library/Mobile Documents/com~apple~CloudDocs/Documents/VSCode/Tax-App-Frontend/src/hooks/useRateLimit.test.tsx:345:36)
          at Promise.finally.completed (/Users/ryan/Library/Mobile Documents/com~apple~CloudDocs/Documents/VSCode/Tax-App-Frontend/node_modules/jest-circus/build/jestAdapterInit.js:1557:28)
          at new Promise (<anonymous>)
          at callAsyncCircusFn (/Users/ryan/Library/Mobile Documents/com~apple~CloudDocs/Documents/VSCode/Tax-App-Frontend/node_modules/jest-circus/build/jestAdapterInit.js:1497:10)
          at _callCircusTest (/Users/ryan/Library/Mobile Documents/com~apple~CloudDocs/Documents/VSCode/Tax-App-Frontend/node_modules/jest-circus/build/jestAdapterInit.js:1007:40)
          at processTicksAndRejections (node:internal/process/task_queues:95:5)
          at _runTest (/Users/ryan/Library/Mobile Documents/com~apple~CloudDocs/Documents/VSCode/Tax-App-Frontend/node_modules/jest-circus/build/jestAdapterInit.js:947:3)
          at /Users/ryan/Library/Mobile Documents/com~apple~CloudDocs/Documents/VSCode/Tax-App-Frontend/node_modules/jest-circus/build/jestAdapterInit.js:849:7
          at _runTestsForDescribeBlock (/Users/ryan/Library/Mobile Documents/com~apple~CloudDocs/Documents/VSCode/Tax-App-Frontend/node_modules/jest-circus/build/jestAdapterInit.js:862:11)
          at _runTestsForDescribeBlock (/Users/ryan/Library/Mobile Documents/com~apple~CloudDocs/Documents/VSCode/Tax-App-Frontend/node_modules/jest-circus/build/jestAdapterInit.js:857:11)
          at _runTestsForDescribeBlock (/Users/ryan/Library/Mobile Documents/com~apple~CloudDocs/Documents/VSCode/Tax-App-Frontend/node_modules/jest-circus/build/jestAdapterInit.js:857:11)
          at run (/Users/ryan/Library/Mobile Documents/com~apple~CloudDocs/Documents/VSCode/Tax-App-Frontend/node_modules/jest-circus/build/jestAdapterInit.js:761:3)
          at runAndTransformResultsToJestFormat (/Users/ryan/Library/Mobile Documents/com~apple~CloudDocs/Documents/VSCode/Tax-App-Frontend/node_modules/jest-circus/build/jestAdapterInit.js:1918:21)
          at jestAdapter (/Users/ryan/Library/Mobile Documents/com~apple~CloudDocs/Documents/VSCode/Tax-App-Frontend/node_modules/jest-circus/build/runner.js:101:19)
          at runTestInternal (/Users/ryan/Library/Mobile Documents/com~apple~CloudDocs/Documents/VSCode/Tax-App-Frontend/node_modules/jest-runner/build/testWorker.js:275:16)
          at runTest (/Users/ryan/Library/Mobile Documents/com~apple~CloudDocs/Documents/VSCode/Tax-App-Frontend/node_modules/jest-runner/build/testWorker.js:343:7)
          at Object.worker (/Users/ryan/Library/Mobile Documents/com~apple~CloudDocs/Documents/VSCode/Tax-App-Frontend/node_modules/jest-runner/build/testWorker.js:497:12)

      83 |       sessionStorage.setItem(RATE_LIMIT_CONFIG.STORAGE_KEY, JSON.stringify(rateLimitState));
      84 |     } catch (error) {
    > 85 |       console.error('Failed to save rate limit state to sessionStorage:', error);
         |               ^
      86 |     }
      87 |   }, [rateLimitState, isResetting]);
      88 |

      at error (src/hooks/useRateLimit.ts:85:15)
      at commitHookEffectListMount (node_modules/react-dom/cjs/react-dom.development.js:23189:26)
      at commitPassiveMountOnFiber (node_modules/react-dom/cjs/react-dom.development.js:24970:11)
      at commitPassiveMountEffects_complete (node_modules/react-dom/cjs/react-dom.development.js:24930:9)
      at commitPassiveMountEffects_begin (node_modules/react-dom/cjs/react-dom.development.js:24917:7)
      at commitPassiveMountEffects (node_modules/react-dom/cjs/react-dom.development.js:24905:3)
      at flushPassiveEffectsImpl (node_modules/react-dom/cjs/react-dom.development.js:27078:3)
      at flushPassiveEffects (node_modules/react-dom/cjs/react-dom.development.js:27023:14)
      at node_modules/react-dom/cjs/react-dom.development.js:26808:9
      at flushActQueue (node_modules/react/cjs/react.development.js:2667:24)
      at act (node_modules/react/cjs/react.development.js:2582:11)
      at node_modules/@testing-library/react/dist/act-compat.js:46:25
      at renderRoot (node_modules/@testing-library/react/dist/pure.js:189:26)
      at render (node_modules/@testing-library/react/dist/pure.js:291:10)
      at renderHook (node_modules/@testing-library/react/dist/pure.js:339:7)
      at Object.<anonymous> (src/hooks/useRateLimit.test.tsx:345:36)

    console.error
      Warning: An update to TestComponent inside a test was not wrapped in act(...).
      
      When testing, code that causes React state updates should be wrapped into act(...):
      
      act(() => {
        /* fire events that update state */
      });
      /* assert on the output */
      
      This ensures that you're testing the behavior the user would see in the browser. Learn more at https://reactjs.org/link/wrap-tests-with-act
          at TestComponent (/Users/ryan/Library/Mobile Documents/com~apple~CloudDocs/Documents/VSCode/Tax-App-Frontend/node_modules/@testing-library/react/dist/pure.js:328:5)

      101 |       const remainingSeconds = Math.ceil(remaining / 1000);
      102 |       
    > 103 |       setRemainingTime(remainingSeconds);
          |       ^
      104 |
      105 |       // If time has expired, unlock
      106 |       if (remaining <= 0) {

      at printWarning (node_modules/react-dom/cjs/react-dom.development.js:86:30)
      at error (node_modules/react-dom/cjs/react-dom.development.js:60:7)
      at warnIfUpdatesNotWrappedWithActDEV (node_modules/react-dom/cjs/react-dom.development.js:27628:9)
      at scheduleUpdateOnFiber (node_modules/react-dom/cjs/react-dom.development.js:25547:5)
      at dispatchSetState (node_modules/react-dom/cjs/react-dom.development.js:16708:7)
      at setRemainingTime (src/hooks/useRateLimit.ts:103:7)
      at callTimer (node_modules/@sinonjs/fake-timers/src/fake-timers-src.js:806:24)
      at doTickInner (node_modules/@sinonjs/fake-timers/src/fake-timers-src.js:1413:29)
      at doTick (node_modules/@sinonjs/fake-timers/src/fake-timers-src.js:1494:20)
      at Object.tick (node_modules/@sinonjs/fake-timers/src/fake-timers-src.js:1502:20)
      at Object.runToLast (node_modules/@sinonjs/fake-timers/src/fake-timers-src.js:1661:26)
      at FakeTimers.runOnlyPendingTimers (node_modules/@jest/fake-timers/build/index.js:542:19)
      at Object.runOnlyPendingTimers (src/hooks/useRateLimit.test.tsx:35:10)

    console.error
      Warning: An update to TestComponent inside a test was not wrapped in act(...).
      
      When testing, code that causes React state updates should be wrapped into act(...):
      
      act(() => {
        /* fire events that update state */
      });
      /* assert on the output */
      
      This ensures that you're testing the behavior the user would see in the browser. Learn more at https://reactjs.org/link/wrap-tests-with-act
          at TestComponent (/Users/ryan/Library/Mobile Documents/com~apple~CloudDocs/Documents/VSCode/Tax-App-Frontend/node_modules/@testing-library/react/dist/pure.js:328:5)

      101 |       const remainingSeconds = Math.ceil(remaining / 1000);
      102 |       
    > 103 |       setRemainingTime(remainingSeconds);
          |       ^
      104 |
      105 |       // If time has expired, unlock
      106 |       if (remaining <= 0) {

      at printWarning (node_modules/react-dom/cjs/react-dom.development.js:86:30)
      at error (node_modules/react-dom/cjs/react-dom.development.js:60:7)
      at warnIfUpdatesNotWrappedWithActDEV (node_modules/react-dom/cjs/react-dom.development.js:27628:9)
      at scheduleUpdateOnFiber (node_modules/react-dom/cjs/react-dom.development.js:25547:5)
      at dispatchSetState (node_modules/react-dom/cjs/react-dom.development.js:16708:7)
      at setRemainingTime (src/hooks/useRateLimit.ts:103:7)
      at callTimer (node_modules/@sinonjs/fake-timers/src/fake-timers-src.js:806:24)
      at doTickInner (node_modules/@sinonjs/fake-timers/src/fake-timers-src.js:1413:29)
      at doTick (node_modules/@sinonjs/fake-timers/src/fake-timers-src.js:1494:20)
      at Object.tick (node_modules/@sinonjs/fake-timers/src/fake-timers-src.js:1502:20)
      at Object.runToLast (node_modules/@sinonjs/fake-timers/src/fake-timers-src.js:1661:26)
      at FakeTimers.runOnlyPendingTimers (node_modules/@jest/fake-timers/build/index.js:542:19)
      at Object.runOnlyPendingTimers (src/hooks/useRateLimit.test.tsx:35:10)

    console.error
      Warning: An update to TestComponent inside a test was not wrapped in act(...).
      
      When testing, code that causes React state updates should be wrapped into act(...):
      
      act(() => {
        /* fire events that update state */
      });
      /* assert on the output */
      
      This ensures that you're testing the behavior the user would see in the browser. Learn more at https://reactjs.org/link/wrap-tests-with-act
          at TestComponent (/Users/ryan/Library/Mobile Documents/com~apple~CloudDocs/Documents/VSCode/Tax-App-Frontend/node_modules/@testing-library/react/dist/pure.js:328:5)

      101 |       const remainingSeconds = Math.ceil(remaining / 1000);
      102 |       
    > 103 |       setRemainingTime(remainingSeconds);
          |       ^
      104 |
      105 |       // If time has expired, unlock
      106 |       if (remaining <= 0) {

      at printWarning (node_modules/react-dom/cjs/react-dom.development.js:86:30)
      at error (node_modules/react-dom/cjs/react-dom.development.js:60:7)
      at warnIfUpdatesNotWrappedWithActDEV (node_modules/react-dom/cjs/react-dom.development.js:27628:9)
      at scheduleUpdateOnFiber (node_modules/react-dom/cjs/react-dom.development.js:25547:5)
      at dispatchSetState (node_modules/react-dom/cjs/react-dom.development.js:16708:7)
      at setRemainingTime (src/hooks/useRateLimit.ts:103:7)
      at callTimer (node_modules/@sinonjs/fake-timers/src/fake-timers-src.js:806:24)
      at doTickInner (node_modules/@sinonjs/fake-timers/src/fake-timers-src.js:1413:29)
      at doTick (node_modules/@sinonjs/fake-timers/src/fake-timers-src.js:1494:20)
      at Object.tick (node_modules/@sinonjs/fake-timers/src/fake-timers-src.js:1502:20)
      at Object.runToLast (node_modules/@sinonjs/fake-timers/src/fake-timers-src.js:1661:26)
      at FakeTimers.runOnlyPendingTimers (node_modules/@jest/fake-timers/build/index.js:542:19)
      at Object.runOnlyPendingTimers (src/hooks/useRateLimit.test.tsx:35:10)

    console.error
      Warning: An update to TestComponent inside a test was not wrapped in act(...).
      
      When testing, code that causes React state updates should be wrapped into act(...):
      
      act(() => {
        /* fire events that update state */
      });
      /* assert on the output */
      
      This ensures that you're testing the behavior the user would see in the browser. Learn more at https://reactjs.org/link/wrap-tests-with-act
          at TestComponent (/Users/ryan/Library/Mobile Documents/com~apple~CloudDocs/Documents/VSCode/Tax-App-Frontend/node_modules/@testing-library/react/dist/pure.js:328:5)

      101 |       const remainingSeconds = Math.ceil(remaining / 1000);
      102 |       
    > 103 |       setRemainingTime(remainingSeconds);
          |       ^
      104 |
      105 |       // If time has expired, unlock
      106 |       if (remaining <= 0) {

      at printWarning (node_modules/react-dom/cjs/react-dom.development.js:86:30)
      at error (node_modules/react-dom/cjs/react-dom.development.js:60:7)
      at warnIfUpdatesNotWrappedWithActDEV (node_modules/react-dom/cjs/react-dom.development.js:27628:9)
      at scheduleUpdateOnFiber (node_modules/react-dom/cjs/react-dom.development.js:25547:5)
      at dispatchSetState (node_modules/react-dom/cjs/react-dom.development.js:16708:7)
      at setRemainingTime (src/hooks/useRateLimit.ts:103:7)
      at callTimer (node_modules/@sinonjs/fake-timers/src/fake-timers-src.js:806:24)
      at doTickInner (node_modules/@sinonjs/fake-timers/src/fake-timers-src.js:1413:29)
      at doTick (node_modules/@sinonjs/fake-timers/src/fake-timers-src.js:1494:20)
      at Object.tick (node_modules/@sinonjs/fake-timers/src/fake-timers-src.js:1502:20)
      at Object.runToLast (node_modules/@sinonjs/fake-timers/src/fake-timers-src.js:1661:26)
      at FakeTimers.runOnlyPendingTimers (node_modules/@jest/fake-timers/build/index.js:542:19)
      at Object.runOnlyPendingTimers (src/hooks/useRateLimit.test.tsx:35:10)

    console.error
      Warning: An update to TestComponent inside a test was not wrapped in act(...).
      
      When testing, code that causes React state updates should be wrapped into act(...):
      
      act(() => {
        /* fire events that update state */
      });
      /* assert on the output */
      
      This ensures that you're testing the behavior the user would see in the browser. Learn more at https://reactjs.org/link/wrap-tests-with-act
          at TestComponent (/Users/ryan/Library/Mobile Documents/com~apple~CloudDocs/Documents/VSCode/Tax-App-Frontend/node_modules/@testing-library/react/dist/pure.js:328:5)

      101 |       const remainingSeconds = Math.ceil(remaining / 1000);
      102 |       
    > 103 |       setRemainingTime(remainingSeconds);
          |       ^
      104 |
      105 |       // If time has expired, unlock
      106 |       if (remaining <= 0) {

      at printWarning (node_modules/react-dom/cjs/react-dom.development.js:86:30)
      at error (node_modules/react-dom/cjs/react-dom.development.js:60:7)
      at warnIfUpdatesNotWrappedWithActDEV (node_modules/react-dom/cjs/react-dom.development.js:27628:9)
      at scheduleUpdateOnFiber (node_modules/react-dom/cjs/react-dom.development.js:25547:5)
      at dispatchSetState (node_modules/react-dom/cjs/react-dom.development.js:16708:7)
      at setRemainingTime (src/hooks/useRateLimit.ts:103:7)
      at callTimer (node_modules/@sinonjs/fake-timers/src/fake-timers-src.js:806:24)
      at doTickInner (node_modules/@sinonjs/fake-timers/src/fake-timers-src.js:1413:29)
      at doTick (node_modules/@sinonjs/fake-timers/src/fake-timers-src.js:1494:20)
      at Object.tick (node_modules/@sinonjs/fake-timers/src/fake-timers-src.js:1502:20)
      at Object.runToLast (node_modules/@sinonjs/fake-timers/src/fake-timers-src.js:1661:26)
      at FakeTimers.runOnlyPendingTimers (node_modules/@jest/fake-timers/build/index.js:542:19)
      at Object.runOnlyPendingTimers (src/hooks/useRateLimit.test.tsx:35:10)

    console.error
      Warning: An update to TestComponent inside a test was not wrapped in act(...).
      
      When testing, code that causes React state updates should be wrapped into act(...):
      
      act(() => {
        /* fire events that update state */
      });
      /* assert on the output */
      
      This ensures that you're testing the behavior the user would see in the browser. Learn more at https://reactjs.org/link/wrap-tests-with-act
          at TestComponent (/Users/ryan/Library/Mobile Documents/com~apple~CloudDocs/Documents/VSCode/Tax-App-Frontend/node_modules/@testing-library/react/dist/pure.js:328:5)

      101 |       const remainingSeconds = Math.ceil(remaining / 1000);
      102 |       
    > 103 |       setRemainingTime(remainingSeconds);
          |       ^
      104 |
      105 |       // If time has expired, unlock
      106 |       if (remaining <= 0) {

      at printWarning (node_modules/react-dom/cjs/react-dom.development.js:86:30)
      at error (node_modules/react-dom/cjs/react-dom.development.js:60:7)
      at warnIfUpdatesNotWrappedWithActDEV (node_modules/react-dom/cjs/react-dom.development.js:27628:9)
      at scheduleUpdateOnFiber (node_modules/react-dom/cjs/react-dom.development.js:25547:5)
      at dispatchSetState (node_modules/react-dom/cjs/react-dom.development.js:16708:7)
      at setRemainingTime (src/hooks/useRateLimit.ts:103:7)
      at callTimer (node_modules/@sinonjs/fake-timers/src/fake-timers-src.js:806:24)
      at doTickInner (node_modules/@sinonjs/fake-timers/src/fake-timers-src.js:1413:29)
      at doTick (node_modules/@sinonjs/fake-timers/src/fake-timers-src.js:1494:20)
      at Object.tick (node_modules/@sinonjs/fake-timers/src/fake-timers-src.js:1502:20)
      at Object.runToLast (node_modules/@sinonjs/fake-timers/src/fake-timers-src.js:1661:26)
      at FakeTimers.runOnlyPendingTimers (node_modules/@jest/fake-timers/build/index.js:542:19)
      at Object.runOnlyPendingTimers (src/hooks/useRateLimit.test.tsx:35:10)

    console.error
      Warning: An update to TestComponent inside a test was not wrapped in act(...).
      
      When testing, code that causes React state updates should be wrapped into act(...):
      
      act(() => {
        /* fire events that update state */
      });
      /* assert on the output */
      
      This ensures that you're testing the behavior the user would see in the browser. Learn more at https://reactjs.org/link/wrap-tests-with-act
          at TestComponent (/Users/ryan/Library/Mobile Documents/com~apple~CloudDocs/Documents/VSCode/Tax-App-Frontend/node_modules/@testing-library/react/dist/pure.js:328:5)

      101 |       const remainingSeconds = Math.ceil(remaining / 1000);
      102 |       
    > 103 |       setRemainingTime(remainingSeconds);
          |       ^
      104 |
      105 |       // If time has expired, unlock
      106 |       if (remaining <= 0) {

      at printWarning (node_modules/react-dom/cjs/react-dom.development.js:86:30)
      at error (node_modules/react-dom/cjs/react-dom.development.js:60:7)
      at warnIfUpdatesNotWrappedWithActDEV (node_modules/react-dom/cjs/react-dom.development.js:27628:9)
      at scheduleUpdateOnFiber (node_modules/react-dom/cjs/react-dom.development.js:25547:5)
      at dispatchSetState (node_modules/react-dom/cjs/react-dom.development.js:16708:7)
      at setRemainingTime (src/hooks/useRateLimit.ts:103:7)
      at callTimer (node_modules/@sinonjs/fake-timers/src/fake-timers-src.js:806:24)
      at doTickInner (node_modules/@sinonjs/fake-timers/src/fake-timers-src.js:1413:29)
      at doTick (node_modules/@sinonjs/fake-timers/src/fake-timers-src.js:1494:20)
      at Object.tick (node_modules/@sinonjs/fake-timers/src/fake-timers-src.js:1502:20)
      at Object.runToLast (node_modules/@sinonjs/fake-timers/src/fake-timers-src.js:1661:26)
      at FakeTimers.runOnlyPendingTimers (node_modules/@jest/fake-timers/build/index.js:542:19)
      at Object.runOnlyPendingTimers (src/hooks/useRateLimit.test.tsx:35:10)

    console.error
      Warning: An update to TestComponent inside a test was not wrapped in act(...).
      
      When testing, code that causes React state updates should be wrapped into act(...):
      
      act(() => {
        /* fire events that update state */
      });
      /* assert on the output */
      
      This ensures that you're testing the behavior the user would see in the browser. Learn more at https://reactjs.org/link/wrap-tests-with-act
          at TestComponent (/Users/ryan/Library/Mobile Documents/com~apple~CloudDocs/Documents/VSCode/Tax-App-Frontend/node_modules/@testing-library/react/dist/pure.js:328:5)

      101 |       const remainingSeconds = Math.ceil(remaining / 1000);
      102 |       
    > 103 |       setRemainingTime(remainingSeconds);
          |       ^
      104 |
      105 |       // If time has expired, unlock
      106 |       if (remaining <= 0) {

      at printWarning (node_modules/react-dom/cjs/react-dom.development.js:86:30)
      at error (node_modules/react-dom/cjs/react-dom.development.js:60:7)
      at warnIfUpdatesNotWrappedWithActDEV (node_modules/react-dom/cjs/react-dom.development.js:27628:9)
      at scheduleUpdateOnFiber (node_modules/react-dom/cjs/react-dom.development.js:25547:5)
      at dispatchSetState (node_modules/react-dom/cjs/react-dom.development.js:16708:7)
      at setRemainingTime (src/hooks/useRateLimit.ts:103:7)
      at callTimer (node_modules/@sinonjs/fake-timers/src/fake-timers-src.js:806:24)
      at doTickInner (node_modules/@sinonjs/fake-timers/src/fake-timers-src.js:1413:29)
      at doTick (node_modules/@sinonjs/fake-timers/src/fake-timers-src.js:1494:20)
      at Object.tick (node_modules/@sinonjs/fake-timers/src/fake-timers-src.js:1502:20)
      at Object.runToLast (node_modules/@sinonjs/fake-timers/src/fake-timers-src.js:1661:26)
      at FakeTimers.runOnlyPendingTimers (node_modules/@jest/fake-timers/build/index.js:542:19)
      at runOnlyPendingTimers (src/hooks/useRateLimit.test.tsx:621:18)
      at Property.predicate (node_modules/fast-check/lib/cjs/check/property/Property.js:17:92)
      at Property.run (node_modules/fast-check/lib/cjs/check/property/Property.generic.js:46:33)
      at runIt (node_modules/fast-check/lib/cjs/check/runner/Runner.js:18:30)
      at check (node_modules/fast-check/lib/cjs/check/runner/Runner.js:58:11)
      at Object.assert (node_modules/fast-check/lib/cjs/check/runner/Runner.js:61:17)
      at Object.assert (src/hooks/useRateLimit.test.tsx:561:10)

    console.error
      Warning: An update to TestComponent inside a test was not wrapped in act(...).
      
      When testing, code that causes React state updates should be wrapped into act(...):
      
      act(() => {
        /* fire events that update state */
      });
      /* assert on the output */
      
      This ensures that you're testing the behavior the user would see in the browser. Learn more at https://reactjs.org/link/wrap-tests-with-act
          at TestComponent (/Users/ryan/Library/Mobile Documents/com~apple~CloudDocs/Documents/VSCode/Tax-App-Frontend/node_modules/@testing-library/react/dist/pure.js:328:5)

      101 |       const remainingSeconds = Math.ceil(remaining / 1000);
      102 |       
    > 103 |       setRemainingTime(remainingSeconds);
          |       ^
      104 |
      105 |       // If time has expired, unlock
      106 |       if (remaining <= 0) {

      at printWarning (node_modules/react-dom/cjs/react-dom.development.js:86:30)
      at error (node_modules/react-dom/cjs/react-dom.development.js:60:7)
      at warnIfUpdatesNotWrappedWithActDEV (node_modules/react-dom/cjs/react-dom.development.js:27628:9)
      at scheduleUpdateOnFiber (node_modules/react-dom/cjs/react-dom.development.js:25547:5)
      at dispatchSetState (node_modules/react-dom/cjs/react-dom.development.js:16708:7)
      at setRemainingTime (src/hooks/useRateLimit.ts:103:7)
      at callTimer (node_modules/@sinonjs/fake-timers/src/fake-timers-src.js:806:24)
      at doTickInner (node_modules/@sinonjs/fake-timers/src/fake-timers-src.js:1413:29)
      at doTick (node_modules/@sinonjs/fake-timers/src/fake-timers-src.js:1494:20)
      at Object.tick (node_modules/@sinonjs/fake-timers/src/fake-timers-src.js:1502:20)
      at Object.runToLast (node_modules/@sinonjs/fake-timers/src/fake-timers-src.js:1661:26)
      at FakeTimers.runOnlyPendingTimers (node_modules/@jest/fake-timers/build/index.js:542:19)
      at runOnlyPendingTimers (src/hooks/useRateLimit.test.tsx:621:18)
      at Property.predicate (node_modules/fast-check/lib/cjs/check/property/Property.js:17:92)
      at Property.run (node_modules/fast-check/lib/cjs/check/property/Property.generic.js:46:33)
      at runIt (node_modules/fast-check/lib/cjs/check/runner/Runner.js:18:30)
      at check (node_modules/fast-check/lib/cjs/check/runner/Runner.js:58:11)
      at Object.assert (node_modules/fast-check/lib/cjs/check/runner/Runner.js:61:17)
      at Object.assert (src/hooks/useRateLimit.test.tsx:561:10)

    console.error
      Warning: An update to TestComponent inside a test was not wrapped in act(...).
      
      When testing, code that causes React state updates should be wrapped into act(...):
      
      act(() => {
        /* fire events that update state */
      });
      /* assert on the output */
      
      This ensures that you're testing the behavior the user would see in the browser. Learn more at https://reactjs.org/link/wrap-tests-with-act
          at TestComponent (/Users/ryan/Library/Mobile Documents/com~apple~CloudDocs/Documents/VSCode/Tax-App-Frontend/node_modules/@testing-library/react/dist/pure.js:328:5)

      101 |       const remainingSeconds = Math.ceil(remaining / 1000);
      102 |       
    > 103 |       setRemainingTime(remainingSeconds);
          |       ^
      104 |
      105 |       // If time has expired, unlock
      106 |       if (remaining <= 0) {

      at printWarning (node_modules/react-dom/cjs/react-dom.development.js:86:30)
      at error (node_modules/react-dom/cjs/react-dom.development.js:60:7)
      at warnIfUpdatesNotWrappedWithActDEV (node_modules/react-dom/cjs/react-dom.development.js:27628:9)
      at scheduleUpdateOnFiber (node_modules/react-dom/cjs/react-dom.development.js:25547:5)
      at dispatchSetState (node_modules/react-dom/cjs/react-dom.development.js:16708:7)
      at setRemainingTime (src/hooks/useRateLimit.ts:103:7)
      at callTimer (node_modules/@sinonjs/fake-timers/src/fake-timers-src.js:806:24)
      at doTickInner (node_modules/@sinonjs/fake-timers/src/fake-timers-src.js:1413:29)
      at doTick (node_modules/@sinonjs/fake-timers/src/fake-timers-src.js:1494:20)
      at Object.tick (node_modules/@sinonjs/fake-timers/src/fake-timers-src.js:1502:20)
      at Object.runToLast (node_modules/@sinonjs/fake-timers/src/fake-timers-src.js:1661:26)
      at FakeTimers.runOnlyPendingTimers (node_modules/@jest/fake-timers/build/index.js:542:19)
      at runOnlyPendingTimers (src/hooks/useRateLimit.test.tsx:621:18)
      at Property.predicate (node_modules/fast-check/lib/cjs/check/property/Property.js:17:92)
      at Property.run (node_modules/fast-check/lib/cjs/check/property/Property.generic.js:46:33)
      at runIt (node_modules/fast-check/lib/cjs/check/runner/Runner.js:18:30)
      at check (node_modules/fast-check/lib/cjs/check/runner/Runner.js:58:11)
      at Object.assert (node_modules/fast-check/lib/cjs/check/runner/Runner.js:61:17)
      at Object.assert (src/hooks/useRateLimit.test.tsx:561:10)

    console.error
      Warning: An update to TestComponent inside a test was not wrapped in act(...).
      
      When testing, code that causes React state updates should be wrapped into act(...):
      
      act(() => {
        /* fire events that update state */
      });
      /* assert on the output */
      
      This ensures that you're testing the behavior the user would see in the browser. Learn more at https://reactjs.org/link/wrap-tests-with-act
          at TestComponent (/Users/ryan/Library/Mobile Documents/com~apple~CloudDocs/Documents/VSCode/Tax-App-Frontend/node_modules/@testing-library/react/dist/pure.js:328:5)

      101 |       const remainingSeconds = Math.ceil(remaining / 1000);
      102 |       
    > 103 |       setRemainingTime(remainingSeconds);
          |       ^
      104 |
      105 |       // If time has expired, unlock
      106 |       if (remaining <= 0) {

      at printWarning (node_modules/react-dom/cjs/react-dom.development.js:86:30)
      at error (node_modules/react-dom/cjs/react-dom.development.js:60:7)
      at warnIfUpdatesNotWrappedWithActDEV (node_modules/react-dom/cjs/react-dom.development.js:27628:9)
      at scheduleUpdateOnFiber (node_modules/react-dom/cjs/react-dom.development.js:25547:5)
      at dispatchSetState (node_modules/react-dom/cjs/react-dom.development.js:16708:7)
      at setRemainingTime (src/hooks/useRateLimit.ts:103:7)
      at callTimer (node_modules/@sinonjs/fake-timers/src/fake-timers-src.js:806:24)
      at doTickInner (node_modules/@sinonjs/fake-timers/src/fake-timers-src.js:1413:29)
      at doTick (node_modules/@sinonjs/fake-timers/src/fake-timers-src.js:1494:20)
      at Object.tick (node_modules/@sinonjs/fake-timers/src/fake-timers-src.js:1502:20)
      at Object.runToLast (node_modules/@sinonjs/fake-timers/src/fake-timers-src.js:1661:26)
      at FakeTimers.runOnlyPendingTimers (node_modules/@jest/fake-timers/build/index.js:542:19)
      at runOnlyPendingTimers (src/hooks/useRateLimit.test.tsx:621:18)
      at Property.predicate (node_modules/fast-check/lib/cjs/check/property/Property.js:17:92)
      at Property.run (node_modules/fast-check/lib/cjs/check/property/Property.generic.js:46:33)
      at runIt (node_modules/fast-check/lib/cjs/check/runner/Runner.js:18:30)
      at check (node_modules/fast-check/lib/cjs/check/runner/Runner.js:58:11)
      at Object.assert (node_modules/fast-check/lib/cjs/check/runner/Runner.js:61:17)
      at Object.assert (src/hooks/useRateLimit.test.tsx:561:10)

    console.error
      Warning: An update to TestComponent inside a test was not wrapped in act(...).
      
      When testing, code that causes React state updates should be wrapped into act(...):
      
      act(() => {
        /* fire events that update state */
      });
      /* assert on the output */
      
      This ensures that you're testing the behavior the user would see in the browser. Learn more at https://reactjs.org/link/wrap-tests-with-act
          at TestComponent (/Users/ryan/Library/Mobile Documents/com~apple~CloudDocs/Documents/VSCode/Tax-App-Frontend/node_modules/@testing-library/react/dist/pure.js:328:5)

      101 |       const remainingSeconds = Math.ceil(remaining / 1000);
      102 |       
    > 103 |       setRemainingTime(remainingSeconds);
          |       ^
      104 |
      105 |       // If time has expired, unlock
      106 |       if (remaining <= 0) {

      at printWarning (node_modules/react-dom/cjs/react-dom.development.js:86:30)
      at error (node_modules/react-dom/cjs/react-dom.development.js:60:7)
      at warnIfUpdatesNotWrappedWithActDEV (node_modules/react-dom/cjs/react-dom.development.js:27628:9)
      at scheduleUpdateOnFiber (node_modules/react-dom/cjs/react-dom.development.js:25547:5)
      at dispatchSetState (node_modules/react-dom/cjs/react-dom.development.js:16708:7)
      at setRemainingTime (src/hooks/useRateLimit.ts:103:7)
      at callTimer (node_modules/@sinonjs/fake-timers/src/fake-timers-src.js:806:24)
      at doTickInner (node_modules/@sinonjs/fake-timers/src/fake-timers-src.js:1413:29)
      at doTick (node_modules/@sinonjs/fake-timers/src/fake-timers-src.js:1494:20)
      at Object.tick (node_modules/@sinonjs/fake-timers/src/fake-timers-src.js:1502:20)
      at Object.runToLast (node_modules/@sinonjs/fake-timers/src/fake-timers-src.js:1661:26)
      at FakeTimers.runOnlyPendingTimers (node_modules/@jest/fake-timers/build/index.js:542:19)
      at runOnlyPendingTimers (src/hooks/useRateLimit.test.tsx:621:18)
      at Property.predicate (node_modules/fast-check/lib/cjs/check/property/Property.js:17:92)
      at Property.run (node_modules/fast-check/lib/cjs/check/property/Property.generic.js:46:33)
      at runIt (node_modules/fast-check/lib/cjs/check/runner/Runner.js:18:30)
      at check (node_modules/fast-check/lib/cjs/check/runner/Runner.js:58:11)
      at Object.assert (node_modules/fast-check/lib/cjs/check/runner/Runner.js:61:17)
      at Object.assert (src/hooks/useRateLimit.test.tsx:561:10)

    console.error
      Warning: An update to TestComponent inside a test was not wrapped in act(...).
      
      When testing, code that causes React state updates should be wrapped into act(...):
      
      act(() => {
        /* fire events that update state */
      });
      /* assert on the output */
      
      This ensures that you're testing the behavior the user would see in the browser. Learn more at https://reactjs.org/link/wrap-tests-with-act
          at TestComponent (/Users/ryan/Library/Mobile Documents/com~apple~CloudDocs/Documents/VSCode/Tax-App-Frontend/node_modules/@testing-library/react/dist/pure.js:328:5)

      101 |       const remainingSeconds = Math.ceil(remaining / 1000);
      102 |       
    > 103 |       setRemainingTime(remainingSeconds);
          |       ^
      104 |
      105 |       // If time has expired, unlock
      106 |       if (remaining <= 0) {

      at printWarning (node_modules/react-dom/cjs/react-dom.development.js:86:30)
      at error (node_modules/react-dom/cjs/react-dom.development.js:60:7)
      at warnIfUpdatesNotWrappedWithActDEV (node_modules/react-dom/cjs/react-dom.development.js:27628:9)
      at scheduleUpdateOnFiber (node_modules/react-dom/cjs/react-dom.development.js:25547:5)
      at dispatchSetState (node_modules/react-dom/cjs/react-dom.development.js:16708:7)
      at setRemainingTime (src/hooks/useRateLimit.ts:103:7)
      at callTimer (node_modules/@sinonjs/fake-timers/src/fake-timers-src.js:806:24)
      at doTickInner (node_modules/@sinonjs/fake-timers/src/fake-timers-src.js:1413:29)
      at doTick (node_modules/@sinonjs/fake-timers/src/fake-timers-src.js:1494:20)
      at Object.tick (node_modules/@sinonjs/fake-timers/src/fake-timers-src.js:1502:20)
      at Object.runToLast (node_modules/@sinonjs/fake-timers/src/fake-timers-src.js:1661:26)
      at FakeTimers.runOnlyPendingTimers (node_modules/@jest/fake-timers/build/index.js:542:19)
      at runOnlyPendingTimers (src/hooks/useRateLimit.test.tsx:621:18)
      at Property.predicate (node_modules/fast-check/lib/cjs/check/property/Property.js:17:92)
      at Property.run (node_modules/fast-check/lib/cjs/check/property/Property.generic.js:46:33)
      at runIt (node_modules/fast-check/lib/cjs/check/runner/Runner.js:18:30)
      at check (node_modules/fast-check/lib/cjs/check/runner/Runner.js:58:11)
      at Object.assert (node_modules/fast-check/lib/cjs/check/runner/Runner.js:61:17)
      at Object.assert (src/hooks/useRateLimit.test.tsx:561:10)

    console.error
      Warning: An update to TestComponent inside a test was not wrapped in act(...).
      
      When testing, code that causes React state updates should be wrapped into act(...):
      
      act(() => {
        /* fire events that update state */
      });
      /* assert on the output */
      
      This ensures that you're testing the behavior the user would see in the browser. Learn more at https://reactjs.org/link/wrap-tests-with-act
          at TestComponent (/Users/ryan/Library/Mobile Documents/com~apple~CloudDocs/Documents/VSCode/Tax-App-Frontend/node_modules/@testing-library/react/dist/pure.js:328:5)

      101 |       const remainingSeconds = Math.ceil(remaining / 1000);
      102 |       
    > 103 |       setRemainingTime(remainingSeconds);
          |       ^
      104 |
      105 |       // If time has expired, unlock
      106 |       if (remaining <= 0) {

      at printWarning (node_modules/react-dom/cjs/react-dom.development.js:86:30)
      at error (node_modules/react-dom/cjs/react-dom.development.js:60:7)
      at warnIfUpdatesNotWrappedWithActDEV (node_modules/react-dom/cjs/react-dom.development.js:27628:9)
      at scheduleUpdateOnFiber (node_modules/react-dom/cjs/react-dom.development.js:25547:5)
      at dispatchSetState (node_modules/react-dom/cjs/react-dom.development.js:16708:7)
      at setRemainingTime (src/hooks/useRateLimit.ts:103:7)
      at callTimer (node_modules/@sinonjs/fake-timers/src/fake-timers-src.js:806:24)
      at doTickInner (node_modules/@sinonjs/fake-timers/src/fake-timers-src.js:1413:29)
      at doTick (node_modules/@sinonjs/fake-timers/src/fake-timers-src.js:1494:20)
      at Object.tick (node_modules/@sinonjs/fake-timers/src/fake-timers-src.js:1502:20)
      at Object.runToLast (node_modules/@sinonjs/fake-timers/src/fake-timers-src.js:1661:26)
      at FakeTimers.runOnlyPendingTimers (node_modules/@jest/fake-timers/build/index.js:542:19)
      at runOnlyPendingTimers (src/hooks/useRateLimit.test.tsx:621:18)
      at Property.predicate (node_modules/fast-check/lib/cjs/check/property/Property.js:17:92)
      at Property.run (node_modules/fast-check/lib/cjs/check/property/Property.generic.js:46:33)
      at runIt (node_modules/fast-check/lib/cjs/check/runner/Runner.js:18:30)
      at check (node_modules/fast-check/lib/cjs/check/runner/Runner.js:58:11)
      at Object.assert (node_modules/fast-check/lib/cjs/check/runner/Runner.js:61:17)
      at Object.assert (src/hooks/useRateLimit.test.tsx:561:10)

    console.error
      Warning: An update to TestComponent inside a test was not wrapped in act(...).
      
      When testing, code that causes React state updates should be wrapped into act(...):
      
      act(() => {
        /* fire events that update state */
      });
      /* assert on the output */
      
      This ensures that you're testing the behavior the user would see in the browser. Learn more at https://reactjs.org/link/wrap-tests-with-act
          at TestComponent (/Users/ryan/Library/Mobile Documents/com~apple~CloudDocs/Documents/VSCode/Tax-App-Frontend/node_modules/@testing-library/react/dist/pure.js:328:5)

      101 |       const remainingSeconds = Math.ceil(remaining / 1000);
      102 |       
    > 103 |       setRemainingTime(remainingSeconds);
          |       ^
      104 |
      105 |       // If time has expired, unlock
      106 |       if (remaining <= 0) {

      at printWarning (node_modules/react-dom/cjs/react-dom.development.js:86:30)
      at error (node_modules/react-dom/cjs/react-dom.development.js:60:7)
      at warnIfUpdatesNotWrappedWithActDEV (node_modules/react-dom/cjs/react-dom.development.js:27628:9)
      at scheduleUpdateOnFiber (node_modules/react-dom/cjs/react-dom.development.js:25547:5)
      at dispatchSetState (node_modules/react-dom/cjs/react-dom.development.js:16708:7)
      at setRemainingTime (src/hooks/useRateLimit.ts:103:7)
      at callTimer (node_modules/@sinonjs/fake-timers/src/fake-timers-src.js:806:24)
      at doTickInner (node_modules/@sinonjs/fake-timers/src/fake-timers-src.js:1413:29)
      at doTick (node_modules/@sinonjs/fake-timers/src/fake-timers-src.js:1494:20)
      at Object.tick (node_modules/@sinonjs/fake-timers/src/fake-timers-src.js:1502:20)
      at Object.runToLast (node_modules/@sinonjs/fake-timers/src/fake-timers-src.js:1661:26)
      at FakeTimers.runOnlyPendingTimers (node_modules/@jest/fake-timers/build/index.js:542:19)
      at runOnlyPendingTimers (src/hooks/useRateLimit.test.tsx:621:18)
      at Property.predicate (node_modules/fast-check/lib/cjs/check/property/Property.js:17:92)
      at Property.run (node_modules/fast-check/lib/cjs/check/property/Property.generic.js:46:33)
      at runIt (node_modules/fast-check/lib/cjs/check/runner/Runner.js:18:30)
      at check (node_modules/fast-check/lib/cjs/check/runner/Runner.js:58:11)
      at Object.assert (node_modules/fast-check/lib/cjs/check/runner/Runner.js:61:17)
      at Object.assert (src/hooks/useRateLimit.test.tsx:561:10)

    console.error
      Warning: An update to TestComponent inside a test was not wrapped in act(...).
      
      When testing, code that causes React state updates should be wrapped into act(...):
      
      act(() => {
        /* fire events that update state */
      });
      /* assert on the output */
      
      This ensures that you're testing the behavior the user would see in the browser. Learn more at https://reactjs.org/link/wrap-tests-with-act
          at TestComponent (/Users/ryan/Library/Mobile Documents/com~apple~CloudDocs/Documents/VSCode/Tax-App-Frontend/node_modules/@testing-library/react/dist/pure.js:328:5)

      101 |       const remainingSeconds = Math.ceil(remaining / 1000);
      102 |       
    > 103 |       setRemainingTime(remainingSeconds);
          |       ^
      104 |
      105 |       // If time has expired, unlock
      106 |       if (remaining <= 0) {

      at printWarning (node_modules/react-dom/cjs/react-dom.development.js:86:30)
      at error (node_modules/react-dom/cjs/react-dom.development.js:60:7)
      at warnIfUpdatesNotWrappedWithActDEV (node_modules/react-dom/cjs/react-dom.development.js:27628:9)
      at scheduleUpdateOnFiber (node_modules/react-dom/cjs/react-dom.development.js:25547:5)
      at dispatchSetState (node_modules/react-dom/cjs/react-dom.development.js:16708:7)
      at setRemainingTime (src/hooks/useRateLimit.ts:103:7)
      at callTimer (node_modules/@sinonjs/fake-timers/src/fake-timers-src.js:806:24)
      at doTickInner (node_modules/@sinonjs/fake-timers/src/fake-timers-src.js:1413:29)
      at doTick (node_modules/@sinonjs/fake-timers/src/fake-timers-src.js:1494:20)
      at Object.tick (node_modules/@sinonjs/fake-timers/src/fake-timers-src.js:1502:20)
      at Object.runToLast (node_modules/@sinonjs/fake-timers/src/fake-timers-src.js:1661:26)
      at FakeTimers.runOnlyPendingTimers (node_modules/@jest/fake-timers/build/index.js:542:19)
      at runOnlyPendingTimers (src/hooks/useRateLimit.test.tsx:621:18)
      at Property.predicate (node_modules/fast-check/lib/cjs/check/property/Property.js:17:92)
      at Property.run (node_modules/fast-check/lib/cjs/check/property/Property.generic.js:46:33)
      at runIt (node_modules/fast-check/lib/cjs/check/runner/Runner.js:18:30)
      at check (node_modules/fast-check/lib/cjs/check/runner/Runner.js:58:11)
      at Object.assert (node_modules/fast-check/lib/cjs/check/runner/Runner.js:61:17)
      at Object.assert (src/hooks/useRateLimit.test.tsx:561:10)

    console.error
      Warning: An update to TestComponent inside a test was not wrapped in act(...).
      
      When testing, code that causes React state updates should be wrapped into act(...):
      
      act(() => {
        /* fire events that update state */
      });
      /* assert on the output */
      
      This ensures that you're testing the behavior the user would see in the browser. Learn more at https://reactjs.org/link/wrap-tests-with-act
          at TestComponent (/Users/ryan/Library/Mobile Documents/com~apple~CloudDocs/Documents/VSCode/Tax-App-Frontend/node_modules/@testing-library/react/dist/pure.js:328:5)

      101 |       const remainingSeconds = Math.ceil(remaining / 1000);
      102 |       
    > 103 |       setRemainingTime(remainingSeconds);
          |       ^
      104 |
      105 |       // If time has expired, unlock
      106 |       if (remaining <= 0) {

      at printWarning (node_modules/react-dom/cjs/react-dom.development.js:86:30)
      at error (node_modules/react-dom/cjs/react-dom.development.js:60:7)
      at warnIfUpdatesNotWrappedWithActDEV (node_modules/react-dom/cjs/react-dom.development.js:27628:9)
      at scheduleUpdateOnFiber (node_modules/react-dom/cjs/react-dom.development.js:25547:5)
      at dispatchSetState (node_modules/react-dom/cjs/react-dom.development.js:16708:7)
      at setRemainingTime (src/hooks/useRateLimit.ts:103:7)
      at callTimer (node_modules/@sinonjs/fake-timers/src/fake-timers-src.js:806:24)
      at doTickInner (node_modules/@sinonjs/fake-timers/src/fake-timers-src.js:1413:29)
      at doTick (node_modules/@sinonjs/fake-timers/src/fake-timers-src.js:1494:20)
      at Object.tick (node_modules/@sinonjs/fake-timers/src/fake-timers-src.js:1502:20)
      at Object.runToLast (node_modules/@sinonjs/fake-timers/src/fake-timers-src.js:1661:26)
      at FakeTimers.runOnlyPendingTimers (node_modules/@jest/fake-timers/build/index.js:542:19)
      at runOnlyPendingTimers (src/hooks/useRateLimit.test.tsx:621:18)
      at Property.predicate (node_modules/fast-check/lib/cjs/check/property/Property.js:17:92)
      at Property.run (node_modules/fast-check/lib/cjs/check/property/Property.generic.js:46:33)
      at runIt (node_modules/fast-check/lib/cjs/check/runner/Runner.js:18:30)
      at check (node_modules/fast-check/lib/cjs/check/runner/Runner.js:58:11)
      at Object.assert (node_modules/fast-check/lib/cjs/check/runner/Runner.js:61:17)
      at Object.assert (src/hooks/useRateLimit.test.tsx:561:10)

    console.error
      Warning: An update to TestComponent inside a test was not wrapped in act(...).
      
      When testing, code that causes React state updates should be wrapped into act(...):
      
      act(() => {
        /* fire events that update state */
      });
      /* assert on the output */
      
      This ensures that you're testing the behavior the user would see in the browser. Learn more at https://reactjs.org/link/wrap-tests-with-act
          at TestComponent (/Users/ryan/Library/Mobile Documents/com~apple~CloudDocs/Documents/VSCode/Tax-App-Frontend/node_modules/@testing-library/react/dist/pure.js:328:5)

      101 |       const remainingSeconds = Math.ceil(remaining / 1000);
      102 |       
    > 103 |       setRemainingTime(remainingSeconds);
          |       ^
      104 |
      105 |       // If time has expired, unlock
      106 |       if (remaining <= 0) {

      at printWarning (node_modules/react-dom/cjs/react-dom.development.js:86:30)
      at error (node_modules/react-dom/cjs/react-dom.development.js:60:7)
      at warnIfUpdatesNotWrappedWithActDEV (node_modules/react-dom/cjs/react-dom.development.js:27628:9)
      at scheduleUpdateOnFiber (node_modules/react-dom/cjs/react-dom.development.js:25547:5)
      at dispatchSetState (node_modules/react-dom/cjs/react-dom.development.js:16708:7)
      at setRemainingTime (src/hooks/useRateLimit.ts:103:7)
      at callTimer (node_modules/@sinonjs/fake-timers/src/fake-timers-src.js:806:24)
      at doTickInner (node_modules/@sinonjs/fake-timers/src/fake-timers-src.js:1413:29)
      at doTick (node_modules/@sinonjs/fake-timers/src/fake-timers-src.js:1494:20)
      at Object.tick (node_modules/@sinonjs/fake-timers/src/fake-timers-src.js:1502:20)
      at Object.runToLast (node_modules/@sinonjs/fake-timers/src/fake-timers-src.js:1661:26)
      at FakeTimers.runOnlyPendingTimers (node_modules/@jest/fake-timers/build/index.js:542:19)
      at runOnlyPendingTimers (src/hooks/useRateLimit.test.tsx:621:18)
      at Property.predicate (node_modules/fast-check/lib/cjs/check/property/Property.js:17:92)
      at Property.run (node_modules/fast-check/lib/cjs/check/property/Property.generic.js:46:33)
      at runIt (node_modules/fast-check/lib/cjs/check/runner/Runner.js:18:30)
      at check (node_modules/fast-check/lib/cjs/check/runner/Runner.js:58:11)
      at Object.assert (node_modules/fast-check/lib/cjs/check/runner/Runner.js:61:17)
      at Object.assert (src/hooks/useRateLimit.test.tsx:561:10)

    console.error
      Warning: An update to TestComponent inside a test was not wrapped in act(...).
      
      When testing, code that causes React state updates should be wrapped into act(...):
      
      act(() => {
        /* fire events that update state */
      });
      /* assert on the output */
      
      This ensures that you're testing the behavior the user would see in the browser. Learn more at https://reactjs.org/link/wrap-tests-with-act
          at TestComponent (/Users/ryan/Library/Mobile Documents/com~apple~CloudDocs/Documents/VSCode/Tax-App-Frontend/node_modules/@testing-library/react/dist/pure.js:328:5)

      101 |       const remainingSeconds = Math.ceil(remaining / 1000);
      102 |       
    > 103 |       setRemainingTime(remainingSeconds);
          |       ^
      104 |
      105 |       // If time has expired, unlock
      106 |       if (remaining <= 0) {

      at printWarning (node_modules/react-dom/cjs/react-dom.development.js:86:30)
      at error (node_modules/react-dom/cjs/react-dom.development.js:60:7)
      at warnIfUpdatesNotWrappedWithActDEV (node_modules/react-dom/cjs/react-dom.development.js:27628:9)
      at scheduleUpdateOnFiber (node_modules/react-dom/cjs/react-dom.development.js:25547:5)
      at dispatchSetState (node_modules/react-dom/cjs/react-dom.development.js:16708:7)
      at setRemainingTime (src/hooks/useRateLimit.ts:103:7)
      at callTimer (node_modules/@sinonjs/fake-timers/src/fake-timers-src.js:806:24)
      at doTickInner (node_modules/@sinonjs/fake-timers/src/fake-timers-src.js:1413:29)
      at doTick (node_modules/@sinonjs/fake-timers/src/fake-timers-src.js:1494:20)
      at Object.tick (node_modules/@sinonjs/fake-timers/src/fake-timers-src.js:1502:20)
      at Object.runToLast (node_modules/@sinonjs/fake-timers/src/fake-timers-src.js:1661:26)
      at FakeTimers.runOnlyPendingTimers (node_modules/@jest/fake-timers/build/index.js:542:19)
      at runOnlyPendingTimers (src/hooks/useRateLimit.test.tsx:621:18)
      at Property.predicate (node_modules/fast-check/lib/cjs/check/property/Property.js:17:92)
      at Property.run (node_modules/fast-check/lib/cjs/check/property/Property.generic.js:46:33)
      at runIt (node_modules/fast-check/lib/cjs/check/runner/Runner.js:18:30)
      at check (node_modules/fast-check/lib/cjs/check/runner/Runner.js:58:11)
      at Object.assert (node_modules/fast-check/lib/cjs/check/runner/Runner.js:61:17)
      at Object.assert (src/hooks/useRateLimit.test.tsx:561:10)

    console.error
      Warning: An update to TestComponent inside a test was not wrapped in act(...).
      
      When testing, code that causes React state updates should be wrapped into act(...):
      
      act(() => {
        /* fire events that update state */
      });
      /* assert on the output */
      
      This ensures that you're testing the behavior the user would see in the browser. Learn more at https://reactjs.org/link/wrap-tests-with-act
          at TestComponent (/Users/ryan/Library/Mobile Documents/com~apple~CloudDocs/Documents/VSCode/Tax-App-Frontend/node_modules/@testing-library/react/dist/pure.js:328:5)

      101 |       const remainingSeconds = Math.ceil(remaining / 1000);
      102 |       
    > 103 |       setRemainingTime(remainingSeconds);
          |       ^
      104 |
      105 |       // If time has expired, unlock
      106 |       if (remaining <= 0) {

      at printWarning (node_modules/react-dom/cjs/react-dom.development.js:86:30)
      at error (node_modules/react-dom/cjs/react-dom.development.js:60:7)
      at warnIfUpdatesNotWrappedWithActDEV (node_modules/react-dom/cjs/react-dom.development.js:27628:9)
      at scheduleUpdateOnFiber (node_modules/react-dom/cjs/react-dom.development.js:25547:5)
      at dispatchSetState (node_modules/react-dom/cjs/react-dom.development.js:16708:7)
      at setRemainingTime (src/hooks/useRateLimit.ts:103:7)
      at callTimer (node_modules/@sinonjs/fake-timers/src/fake-timers-src.js:806:24)
      at doTickInner (node_modules/@sinonjs/fake-timers/src/fake-timers-src.js:1413:29)
      at doTick (node_modules/@sinonjs/fake-timers/src/fake-timers-src.js:1494:20)
      at Object.tick (node_modules/@sinonjs/fake-timers/src/fake-timers-src.js:1502:20)
      at Object.runToLast (node_modules/@sinonjs/fake-timers/src/fake-timers-src.js:1661:26)
      at FakeTimers.runOnlyPendingTimers (node_modules/@jest/fake-timers/build/index.js:542:19)
      at runOnlyPendingTimers (src/hooks/useRateLimit.test.tsx:621:18)
      at Property.predicate (node_modules/fast-check/lib/cjs/check/property/Property.js:17:92)
      at Property.run (node_modules/fast-check/lib/cjs/check/property/Property.generic.js:46:33)
      at runIt (node_modules/fast-check/lib/cjs/check/runner/Runner.js:18:30)
      at check (node_modules/fast-check/lib/cjs/check/runner/Runner.js:58:11)
      at Object.assert (node_modules/fast-check/lib/cjs/check/runner/Runner.js:61:17)
      at Object.assert (src/hooks/useRateLimit.test.tsx:561:10)

    console.error
      Warning: An update to TestComponent inside a test was not wrapped in act(...).
      
      When testing, code that causes React state updates should be wrapped into act(...):
      
      act(() => {
        /* fire events that update state */
      });
      /* assert on the output */
      
      This ensures that you're testing the behavior the user would see in the browser. Learn more at https://reactjs.org/link/wrap-tests-with-act
          at TestComponent (/Users/ryan/Library/Mobile Documents/com~apple~CloudDocs/Documents/VSCode/Tax-App-Frontend/node_modules/@testing-library/react/dist/pure.js:328:5)

      101 |       const remainingSeconds = Math.ceil(remaining / 1000);
      102 |       
    > 103 |       setRemainingTime(remainingSeconds);
          |       ^
      104 |
      105 |       // If time has expired, unlock
      106 |       if (remaining <= 0) {

      at printWarning (node_modules/react-dom/cjs/react-dom.development.js:86:30)
      at error (node_modules/react-dom/cjs/react-dom.development.js:60:7)
      at warnIfUpdatesNotWrappedWithActDEV (node_modules/react-dom/cjs/react-dom.development.js:27628:9)
      at scheduleUpdateOnFiber (node_modules/react-dom/cjs/react-dom.development.js:25547:5)
      at dispatchSetState (node_modules/react-dom/cjs/react-dom.development.js:16708:7)
      at setRemainingTime (src/hooks/useRateLimit.ts:103:7)
      at callTimer (node_modules/@sinonjs/fake-timers/src/fake-timers-src.js:806:24)
      at doTickInner (node_modules/@sinonjs/fake-timers/src/fake-timers-src.js:1413:29)
      at doTick (node_modules/@sinonjs/fake-timers/src/fake-timers-src.js:1494:20)
      at Object.tick (node_modules/@sinonjs/fake-timers/src/fake-timers-src.js:1502:20)
      at Object.runToLast (node_modules/@sinonjs/fake-timers/src/fake-timers-src.js:1661:26)
      at FakeTimers.runOnlyPendingTimers (node_modules/@jest/fake-timers/build/index.js:542:19)
      at runOnlyPendingTimers (src/hooks/useRateLimit.test.tsx:621:18)
      at Property.predicate (node_modules/fast-check/lib/cjs/check/property/Property.js:17:92)
      at Property.run (node_modules/fast-check/lib/cjs/check/property/Property.generic.js:46:33)
      at runIt (node_modules/fast-check/lib/cjs/check/runner/Runner.js:18:30)
      at check (node_modules/fast-check/lib/cjs/check/runner/Runner.js:58:11)
      at Object.assert (node_modules/fast-check/lib/cjs/check/runner/Runner.js:61:17)
      at Object.assert (src/hooks/useRateLimit.test.tsx:561:10)

    console.error
      Warning: An update to TestComponent inside a test was not wrapped in act(...).
      
      When testing, code that causes React state updates should be wrapped into act(...):
      
      act(() => {
        /* fire events that update state */
      });
      /* assert on the output */
      
      This ensures that you're testing the behavior the user would see in the browser. Learn more at https://reactjs.org/link/wrap-tests-with-act
          at TestComponent (/Users/ryan/Library/Mobile Documents/com~apple~CloudDocs/Documents/VSCode/Tax-App-Frontend/node_modules/@testing-library/react/dist/pure.js:328:5)

      101 |       const remainingSeconds = Math.ceil(remaining / 1000);
      102 |       
    > 103 |       setRemainingTime(remainingSeconds);
          |       ^
      104 |
      105 |       // If time has expired, unlock
      106 |       if (remaining <= 0) {

      at printWarning (node_modules/react-dom/cjs/react-dom.development.js:86:30)
      at error (node_modules/react-dom/cjs/react-dom.development.js:60:7)
      at warnIfUpdatesNotWrappedWithActDEV (node_modules/react-dom/cjs/react-dom.development.js:27628:9)
      at scheduleUpdateOnFiber (node_modules/react-dom/cjs/react-dom.development.js:25547:5)
      at dispatchSetState (node_modules/react-dom/cjs/react-dom.development.js:16708:7)
      at setRemainingTime (src/hooks/useRateLimit.ts:103:7)
      at callTimer (node_modules/@sinonjs/fake-timers/src/fake-timers-src.js:806:24)
      at doTickInner (node_modules/@sinonjs/fake-timers/src/fake-timers-src.js:1413:29)
      at doTick (node_modules/@sinonjs/fake-timers/src/fake-timers-src.js:1494:20)
      at Object.tick (node_modules/@sinonjs/fake-timers/src/fake-timers-src.js:1502:20)
      at Object.runToLast (node_modules/@sinonjs/fake-timers/src/fake-timers-src.js:1661:26)
      at FakeTimers.runOnlyPendingTimers (node_modules/@jest/fake-timers/build/index.js:542:19)
      at runOnlyPendingTimers (src/hooks/useRateLimit.test.tsx:621:18)
      at Property.predicate (node_modules/fast-check/lib/cjs/check/property/Property.js:17:92)
      at Property.run (node_modules/fast-check/lib/cjs/check/property/Property.generic.js:46:33)
      at runIt (node_modules/fast-check/lib/cjs/check/runner/Runner.js:18:30)
      at check (node_modules/fast-check/lib/cjs/check/runner/Runner.js:58:11)
      at Object.assert (node_modules/fast-check/lib/cjs/check/runner/Runner.js:61:17)
      at Object.assert (src/hooks/useRateLimit.test.tsx:561:10)

    console.warn
      A function to advance timers was called but the timers APIs are not replaced with fake timers. Call `jest.useFakeTimers()` in this test file or enable fake timers for all tests by setting 'fakeTimers': {'enableGlobally': true} in Jest configuration file.
      Stack Trace:
      
            33 |
            34 |   afterEach(() => {
          > 35 |     jest.runOnlyPendingTimers();
               |          ^
            36 |     jest.useRealTimers();
            37 |   });
            38 |
      
            Error: 
            at FakeTimers._checkFakeTimers (node_modules/@jest/fake-timers/build/index.js:641:7)
            at FakeTimers.runOnlyPendingTimers (node_modules/@jest/fake-timers/build/index.js:541:14)
            at Object.runOnlyPendingTimers (src/hooks/useRateLimit.test.tsx:35:10)

      33 |
      34 |   afterEach(() => {
    > 35 |     jest.runOnlyPendingTimers();
         |          ^
      36 |     jest.useRealTimers();
      37 |   });
      38 |

      at FakeTimers._checkFakeTimers (node_modules/@jest/fake-timers/build/index.js:639:28)
      at FakeTimers.runOnlyPendingTimers (node_modules/@jest/fake-timers/build/index.js:541:14)
      at Object.runOnlyPendingTimers (src/hooks/useRateLimit.test.tsx:35:10)

    console.warn
      A function to advance timers was called but the timers APIs are not replaced with fake timers. Call `jest.useFakeTimers()` in this test file or enable fake timers for all tests by setting 'fakeTimers': {'enableGlobally': true} in Jest configuration file.
      Stack Trace:
      
            33 |
            34 |   afterEach(() => {
          > 35 |     jest.runOnlyPendingTimers();
               |          ^
            36 |     jest.useRealTimers();
            37 |   });
            38 |
      
            Error: 
            at FakeTimers._checkFakeTimers (node_modules/@jest/fake-timers/build/index.js:641:7)
            at FakeTimers.runOnlyPendingTimers (node_modules/@jest/fake-timers/build/index.js:541:14)
            at Object.runOnlyPendingTimers (src/hooks/useRateLimit.test.tsx:35:10)

      33 |
      34 |   afterEach(() => {
    > 35 |     jest.runOnlyPendingTimers();
         |          ^
      36 |     jest.useRealTimers();
      37 |   });
      38 |

      at FakeTimers._checkFakeTimers (node_modules/@jest/fake-timers/build/index.js:639:28)
      at FakeTimers.runOnlyPendingTimers (node_modules/@jest/fake-timers/build/index.js:541:14)
      at Object.runOnlyPendingTimers (src/hooks/useRateLimit.test.tsx:35:10)

    console.warn
      A function to advance timers was called but the timers APIs are not replaced with fake timers. Call `jest.useFakeTimers()` in this test file or enable fake timers for all tests by setting 'fakeTimers': {'enableGlobally': true} in Jest configuration file.
      Stack Trace:
      
            33 |
            34 |   afterEach(() => {
          > 35 |     jest.runOnlyPendingTimers();
               |          ^
            36 |     jest.useRealTimers();
            37 |   });
            38 |
      
            Error: 
            at FakeTimers._checkFakeTimers (node_modules/@jest/fake-timers/build/index.js:641:7)
            at FakeTimers.runOnlyPendingTimers (node_modules/@jest/fake-timers/build/index.js:541:14)
            at Object.runOnlyPendingTimers (src/hooks/useRateLimit.test.tsx:35:10)

      33 |
      34 |   afterEach(() => {
    > 35 |     jest.runOnlyPendingTimers();
         |          ^
      36 |     jest.useRealTimers();
      37 |   });
      38 |

      at FakeTimers._checkFakeTimers (node_modules/@jest/fake-timers/build/index.js:639:28)
      at FakeTimers.runOnlyPendingTimers (node_modules/@jest/fake-timers/build/index.js:541:14)
      at Object.runOnlyPendingTimers (src/hooks/useRateLimit.test.tsx:35:10)

    console.error
      Warning: An update to TestComponent inside a test was not wrapped in act(...).
      
      When testing, code that causes React state updates should be wrapped into act(...):
      
      act(() => {
        /* fire events that update state */
      });
      /* assert on the output */
      
      This ensures that you're testing the behavior the user would see in the browser. Learn more at https://reactjs.org/link/wrap-tests-with-act
          at TestComponent (/Users/ryan/Library/Mobile Documents/com~apple~CloudDocs/Documents/VSCode/Tax-App-Frontend/node_modules/@testing-library/react/dist/pure.js:328:5)

      101 |       const remainingSeconds = Math.ceil(remaining / 1000);
      102 |       
    > 103 |       setRemainingTime(remainingSeconds);
          |       ^
      104 |
      105 |       // If time has expired, unlock
      106 |       if (remaining <= 0) {

      at printWarning (node_modules/react-dom/cjs/react-dom.development.js:86:30)
      at error (node_modules/react-dom/cjs/react-dom.development.js:60:7)
      at warnIfUpdatesNotWrappedWithActDEV (node_modules/react-dom/cjs/react-dom.development.js:27628:9)
      at scheduleUpdateOnFiber (node_modules/react-dom/cjs/react-dom.development.js:25547:5)
      at dispatchSetState (node_modules/react-dom/cjs/react-dom.development.js:16708:7)
      at setRemainingTime (src/hooks/useRateLimit.ts:103:7)
      at callTimer (node_modules/@sinonjs/fake-timers/src/fake-timers-src.js:806:24)
      at doTickInner (node_modules/@sinonjs/fake-timers/src/fake-timers-src.js:1413:29)
      at doTick (node_modules/@sinonjs/fake-timers/src/fake-timers-src.js:1494:20)
      at Object.tick (node_modules/@sinonjs/fake-timers/src/fake-timers-src.js:1502:20)
      at Object.runToLast (node_modules/@sinonjs/fake-timers/src/fake-timers-src.js:1661:26)
      at FakeTimers.runOnlyPendingTimers (node_modules/@jest/fake-timers/build/index.js:542:19)
      at runOnlyPendingTimers (src/hooks/useRateLimit.test.tsx:785:18)
      at Property.predicate (node_modules/fast-check/lib/cjs/check/property/Property.js:17:92)
      at Property.run (node_modules/fast-check/lib/cjs/check/property/Property.generic.js:46:33)
      at runIt (node_modules/fast-check/lib/cjs/check/runner/Runner.js:18:30)
      at check (node_modules/fast-check/lib/cjs/check/runner/Runner.js:58:11)
      at Object.assert (node_modules/fast-check/lib/cjs/check/runner/Runner.js:61:17)
      at Object.assert (src/hooks/useRateLimit.test.tsx:754:10)

    console.error
      Warning: An update to TestComponent inside a test was not wrapped in act(...).
      
      When testing, code that causes React state updates should be wrapped into act(...):
      
      act(() => {
        /* fire events that update state */
      });
      /* assert on the output */
      
      This ensures that you're testing the behavior the user would see in the browser. Learn more at https://reactjs.org/link/wrap-tests-with-act
          at TestComponent (/Users/ryan/Library/Mobile Documents/com~apple~CloudDocs/Documents/VSCode/Tax-App-Frontend/node_modules/@testing-library/react/dist/pure.js:328:5)

      101 |       const remainingSeconds = Math.ceil(remaining / 1000);
      102 |       
    > 103 |       setRemainingTime(remainingSeconds);
          |       ^
      104 |
      105 |       // If time has expired, unlock
      106 |       if (remaining <= 0) {

      at printWarning (node_modules/react-dom/cjs/react-dom.development.js:86:30)
      at error (node_modules/react-dom/cjs/react-dom.development.js:60:7)
      at warnIfUpdatesNotWrappedWithActDEV (node_modules/react-dom/cjs/react-dom.development.js:27628:9)
      at scheduleUpdateOnFiber (node_modules/react-dom/cjs/react-dom.development.js:25547:5)
      at dispatchSetState (node_modules/react-dom/cjs/react-dom.development.js:16708:7)
      at setRemainingTime (src/hooks/useRateLimit.ts:103:7)
      at callTimer (node_modules/@sinonjs/fake-timers/src/fake-timers-src.js:806:24)
      at doTickInner (node_modules/@sinonjs/fake-timers/src/fake-timers-src.js:1413:29)
      at doTick (node_modules/@sinonjs/fake-timers/src/fake-timers-src.js:1494:20)
      at Object.tick (node_modules/@sinonjs/fake-timers/src/fake-timers-src.js:1502:20)
      at Object.runToLast (node_modules/@sinonjs/fake-timers/src/fake-timers-src.js:1661:26)
      at FakeTimers.runOnlyPendingTimers (node_modules/@jest/fake-timers/build/index.js:542:19)
      at runOnlyPendingTimers (src/hooks/useRateLimit.test.tsx:785:18)
      at Property.predicate (node_modules/fast-check/lib/cjs/check/property/Property.js:17:92)
      at Property.run (node_modules/fast-check/lib/cjs/check/property/Property.generic.js:46:33)
      at runIt (node_modules/fast-check/lib/cjs/check/runner/Runner.js:18:30)
      at check (node_modules/fast-check/lib/cjs/check/runner/Runner.js:58:11)
      at Object.assert (node_modules/fast-check/lib/cjs/check/runner/Runner.js:61:17)
      at Object.assert (src/hooks/useRateLimit.test.tsx:754:10)

    console.error
      Warning: An update to TestComponent inside a test was not wrapped in act(...).
      
      When testing, code that causes React state updates should be wrapped into act(...):
      
      act(() => {
        /* fire events that update state */
      });
      /* assert on the output */
      
      This ensures that you're testing the behavior the user would see in the browser. Learn more at https://reactjs.org/link/wrap-tests-with-act
          at TestComponent (/Users/ryan/Library/Mobile Documents/com~apple~CloudDocs/Documents/VSCode/Tax-App-Frontend/node_modules/@testing-library/react/dist/pure.js:328:5)

      101 |       const remainingSeconds = Math.ceil(remaining / 1000);
      102 |       
    > 103 |       setRemainingTime(remainingSeconds);
          |       ^
      104 |
      105 |       // If time has expired, unlock
      106 |       if (remaining <= 0) {

      at printWarning (node_modules/react-dom/cjs/react-dom.development.js:86:30)
      at error (node_modules/react-dom/cjs/react-dom.development.js:60:7)
      at warnIfUpdatesNotWrappedWithActDEV (node_modules/react-dom/cjs/react-dom.development.js:27628:9)
      at scheduleUpdateOnFiber (node_modules/react-dom/cjs/react-dom.development.js:25547:5)
      at dispatchSetState (node_modules/react-dom/cjs/react-dom.development.js:16708:7)
      at setRemainingTime (src/hooks/useRateLimit.ts:103:7)
      at callTimer (node_modules/@sinonjs/fake-timers/src/fake-timers-src.js:806:24)
      at doTickInner (node_modules/@sinonjs/fake-timers/src/fake-timers-src.js:1413:29)
      at doTick (node_modules/@sinonjs/fake-timers/src/fake-timers-src.js:1494:20)
      at Object.tick (node_modules/@sinonjs/fake-timers/src/fake-timers-src.js:1502:20)
      at Object.runToLast (node_modules/@sinonjs/fake-timers/src/fake-timers-src.js:1661:26)
      at FakeTimers.runOnlyPendingTimers (node_modules/@jest/fake-timers/build/index.js:542:19)
      at runOnlyPendingTimers (src/hooks/useRateLimit.test.tsx:785:18)
      at Property.predicate (node_modules/fast-check/lib/cjs/check/property/Property.js:17:92)
      at Property.run (node_modules/fast-check/lib/cjs/check/property/Property.generic.js:46:33)
      at runIt (node_modules/fast-check/lib/cjs/check/runner/Runner.js:18:30)
      at check (node_modules/fast-check/lib/cjs/check/runner/Runner.js:58:11)
      at Object.assert (node_modules/fast-check/lib/cjs/check/runner/Runner.js:61:17)
      at Object.assert (src/hooks/useRateLimit.test.tsx:754:10)

    console.error
      Warning: An update to TestComponent inside a test was not wrapped in act(...).
      
      When testing, code that causes React state updates should be wrapped into act(...):
      
      act(() => {
        /* fire events that update state */
      });
      /* assert on the output */
      
      This ensures that you're testing the behavior the user would see in the browser. Learn more at https://reactjs.org/link/wrap-tests-with-act
          at TestComponent (/Users/ryan/Library/Mobile Documents/com~apple~CloudDocs/Documents/VSCode/Tax-App-Frontend/node_modules/@testing-library/react/dist/pure.js:328:5)

      101 |       const remainingSeconds = Math.ceil(remaining / 1000);
      102 |       
    > 103 |       setRemainingTime(remainingSeconds);
          |       ^
      104 |
      105 |       // If time has expired, unlock
      106 |       if (remaining <= 0) {

      at printWarning (node_modules/react-dom/cjs/react-dom.development.js:86:30)
      at error (node_modules/react-dom/cjs/react-dom.development.js:60:7)
      at warnIfUpdatesNotWrappedWithActDEV (node_modules/react-dom/cjs/react-dom.development.js:27628:9)
      at scheduleUpdateOnFiber (node_modules/react-dom/cjs/react-dom.development.js:25547:5)
      at dispatchSetState (node_modules/react-dom/cjs/react-dom.development.js:16708:7)
      at setRemainingTime (src/hooks/useRateLimit.ts:103:7)
      at callTimer (node_modules/@sinonjs/fake-timers/src/fake-timers-src.js:806:24)
      at doTickInner (node_modules/@sinonjs/fake-timers/src/fake-timers-src.js:1413:29)
      at doTick (node_modules/@sinonjs/fake-timers/src/fake-timers-src.js:1494:20)
      at Object.tick (node_modules/@sinonjs/fake-timers/src/fake-timers-src.js:1502:20)
      at Object.runToLast (node_modules/@sinonjs/fake-timers/src/fake-timers-src.js:1661:26)
      at FakeTimers.runOnlyPendingTimers (node_modules/@jest/fake-timers/build/index.js:542:19)
      at runOnlyPendingTimers (src/hooks/useRateLimit.test.tsx:785:18)
      at Property.predicate (node_modules/fast-check/lib/cjs/check/property/Property.js:17:92)
      at Property.run (node_modules/fast-check/lib/cjs/check/property/Property.generic.js:46:33)
      at runIt (node_modules/fast-check/lib/cjs/check/runner/Runner.js:18:30)
      at check (node_modules/fast-check/lib/cjs/check/runner/Runner.js:58:11)
      at Object.assert (node_modules/fast-check/lib/cjs/check/runner/Runner.js:61:17)
      at Object.assert (src/hooks/useRateLimit.test.tsx:754:10)

    console.error
      Warning: An update to TestComponent inside a test was not wrapped in act(...).
      
      When testing, code that causes React state updates should be wrapped into act(...):
      
      act(() => {
        /* fire events that update state */
      });
      /* assert on the output */
      
      This ensures that you're testing the behavior the user would see in the browser. Learn more at https://reactjs.org/link/wrap-tests-with-act
          at TestComponent (/Users/ryan/Library/Mobile Documents/com~apple~CloudDocs/Documents/VSCode/Tax-App-Frontend/node_modules/@testing-library/react/dist/pure.js:328:5)

      101 |       const remainingSeconds = Math.ceil(remaining / 1000);
      102 |       
    > 103 |       setRemainingTime(remainingSeconds);
          |       ^
      104 |
      105 |       // If time has expired, unlock
      106 |       if (remaining <= 0) {

      at printWarning (node_modules/react-dom/cjs/react-dom.development.js:86:30)
      at error (node_modules/react-dom/cjs/react-dom.development.js:60:7)
      at warnIfUpdatesNotWrappedWithActDEV (node_modules/react-dom/cjs/react-dom.development.js:27628:9)
      at scheduleUpdateOnFiber (node_modules/react-dom/cjs/react-dom.development.js:25547:5)
      at dispatchSetState (node_modules/react-dom/cjs/react-dom.development.js:16708:7)
      at setRemainingTime (src/hooks/useRateLimit.ts:103:7)
      at callTimer (node_modules/@sinonjs/fake-timers/src/fake-timers-src.js:806:24)
      at doTickInner (node_modules/@sinonjs/fake-timers/src/fake-timers-src.js:1413:29)
      at doTick (node_modules/@sinonjs/fake-timers/src/fake-timers-src.js:1494:20)
      at Object.tick (node_modules/@sinonjs/fake-timers/src/fake-timers-src.js:1502:20)
      at Object.runToLast (node_modules/@sinonjs/fake-timers/src/fake-timers-src.js:1661:26)
      at FakeTimers.runOnlyPendingTimers (node_modules/@jest/fake-timers/build/index.js:542:19)
      at runOnlyPendingTimers (src/hooks/useRateLimit.test.tsx:785:18)
      at Property.predicate (node_modules/fast-check/lib/cjs/check/property/Property.js:17:92)
      at Property.run (node_modules/fast-check/lib/cjs/check/property/Property.generic.js:46:33)
      at runIt (node_modules/fast-check/lib/cjs/check/runner/Runner.js:18:30)
      at check (node_modules/fast-check/lib/cjs/check/runner/Runner.js:58:11)
      at Object.assert (node_modules/fast-check/lib/cjs/check/runner/Runner.js:61:17)
      at Object.assert (src/hooks/useRateLimit.test.tsx:754:10)

    console.error
      Warning: An update to TestComponent inside a test was not wrapped in act(...).
      
      When testing, code that causes React state updates should be wrapped into act(...):
      
      act(() => {
        /* fire events that update state */
      });
      /* assert on the output */
      
      This ensures that you're testing the behavior the user would see in the browser. Learn more at https://reactjs.org/link/wrap-tests-with-act
          at TestComponent (/Users/ryan/Library/Mobile Documents/com~apple~CloudDocs/Documents/VSCode/Tax-App-Frontend/node_modules/@testing-library/react/dist/pure.js:328:5)

      101 |       const remainingSeconds = Math.ceil(remaining / 1000);
      102 |       
    > 103 |       setRemainingTime(remainingSeconds);
          |       ^
      104 |
      105 |       // If time has expired, unlock
      106 |       if (remaining <= 0) {

      at printWarning (node_modules/react-dom/cjs/react-dom.development.js:86:30)
      at error (node_modules/react-dom/cjs/react-dom.development.js:60:7)
      at warnIfUpdatesNotWrappedWithActDEV (node_modules/react-dom/cjs/react-dom.development.js:27628:9)
      at scheduleUpdateOnFiber (node_modules/react-dom/cjs/react-dom.development.js:25547:5)
      at dispatchSetState (node_modules/react-dom/cjs/react-dom.development.js:16708:7)
      at setRemainingTime (src/hooks/useRateLimit.ts:103:7)
      at callTimer (node_modules/@sinonjs/fake-timers/src/fake-timers-src.js:806:24)
      at doTickInner (node_modules/@sinonjs/fake-timers/src/fake-timers-src.js:1413:29)
      at doTick (node_modules/@sinonjs/fake-timers/src/fake-timers-src.js:1494:20)
      at Object.tick (node_modules/@sinonjs/fake-timers/src/fake-timers-src.js:1502:20)
      at Object.runToLast (node_modules/@sinonjs/fake-timers/src/fake-timers-src.js:1661:26)
      at FakeTimers.runOnlyPendingTimers (node_modules/@jest/fake-timers/build/index.js:542:19)
      at runOnlyPendingTimers (src/hooks/useRateLimit.test.tsx:785:18)
      at Property.predicate (node_modules/fast-check/lib/cjs/check/property/Property.js:17:92)
      at Property.run (node_modules/fast-check/lib/cjs/check/property/Property.generic.js:46:33)
      at runIt (node_modules/fast-check/lib/cjs/check/runner/Runner.js:18:30)
      at check (node_modules/fast-check/lib/cjs/check/runner/Runner.js:58:11)
      at Object.assert (node_modules/fast-check/lib/cjs/check/runner/Runner.js:61:17)
      at Object.assert (src/hooks/useRateLimit.test.tsx:754:10)

    console.error
      Warning: An update to TestComponent inside a test was not wrapped in act(...).
      
      When testing, code that causes React state updates should be wrapped into act(...):
      
      act(() => {
        /* fire events that update state */
      });
      /* assert on the output */
      
      This ensures that you're testing the behavior the user would see in the browser. Learn more at https://reactjs.org/link/wrap-tests-with-act
          at TestComponent (/Users/ryan/Library/Mobile Documents/com~apple~CloudDocs/Documents/VSCode/Tax-App-Frontend/node_modules/@testing-library/react/dist/pure.js:328:5)

      101 |       const remainingSeconds = Math.ceil(remaining / 1000);
      102 |       
    > 103 |       setRemainingTime(remainingSeconds);
          |       ^
      104 |
      105 |       // If time has expired, unlock
      106 |       if (remaining <= 0) {

      at printWarning (node_modules/react-dom/cjs/react-dom.development.js:86:30)
      at error (node_modules/react-dom/cjs/react-dom.development.js:60:7)
      at warnIfUpdatesNotWrappedWithActDEV (node_modules/react-dom/cjs/react-dom.development.js:27628:9)
      at scheduleUpdateOnFiber (node_modules/react-dom/cjs/react-dom.development.js:25547:5)
      at dispatchSetState (node_modules/react-dom/cjs/react-dom.development.js:16708:7)
      at setRemainingTime (src/hooks/useRateLimit.ts:103:7)
      at callTimer (node_modules/@sinonjs/fake-timers/src/fake-timers-src.js:806:24)
      at doTickInner (node_modules/@sinonjs/fake-timers/src/fake-timers-src.js:1413:29)
      at doTick (node_modules/@sinonjs/fake-timers/src/fake-timers-src.js:1494:20)
      at Object.tick (node_modules/@sinonjs/fake-timers/src/fake-timers-src.js:1502:20)
      at Object.runToLast (node_modules/@sinonjs/fake-timers/src/fake-timers-src.js:1661:26)
      at FakeTimers.runOnlyPendingTimers (node_modules/@jest/fake-timers/build/index.js:542:19)
      at runOnlyPendingTimers (src/hooks/useRateLimit.test.tsx:785:18)
      at Property.predicate (node_modules/fast-check/lib/cjs/check/property/Property.js:17:92)
      at Property.run (node_modules/fast-check/lib/cjs/check/property/Property.generic.js:46:33)
      at runIt (node_modules/fast-check/lib/cjs/check/runner/Runner.js:18:30)
      at check (node_modules/fast-check/lib/cjs/check/runner/Runner.js:58:11)
      at Object.assert (node_modules/fast-check/lib/cjs/check/runner/Runner.js:61:17)
      at Object.assert (src/hooks/useRateLimit.test.tsx:754:10)

    console.error
      Warning: An update to TestComponent inside a test was not wrapped in act(...).
      
      When testing, code that causes React state updates should be wrapped into act(...):
      
      act(() => {
        /* fire events that update state */
      });
      /* assert on the output */
      
      This ensures that you're testing the behavior the user would see in the browser. Learn more at https://reactjs.org/link/wrap-tests-with-act
          at TestComponent (/Users/ryan/Library/Mobile Documents/com~apple~CloudDocs/Documents/VSCode/Tax-App-Frontend/node_modules/@testing-library/react/dist/pure.js:328:5)

      101 |       const remainingSeconds = Math.ceil(remaining / 1000);
      102 |       
    > 103 |       setRemainingTime(remainingSeconds);
          |       ^
      104 |
      105 |       // If time has expired, unlock
      106 |       if (remaining <= 0) {

      at printWarning (node_modules/react-dom/cjs/react-dom.development.js:86:30)
      at error (node_modules/react-dom/cjs/react-dom.development.js:60:7)
      at warnIfUpdatesNotWrappedWithActDEV (node_modules/react-dom/cjs/react-dom.development.js:27628:9)
      at scheduleUpdateOnFiber (node_modules/react-dom/cjs/react-dom.development.js:25547:5)
      at dispatchSetState (node_modules/react-dom/cjs/react-dom.development.js:16708:7)
      at setRemainingTime (src/hooks/useRateLimit.ts:103:7)
      at callTimer (node_modules/@sinonjs/fake-timers/src/fake-timers-src.js:806:24)
      at doTickInner (node_modules/@sinonjs/fake-timers/src/fake-timers-src.js:1413:29)
      at doTick (node_modules/@sinonjs/fake-timers/src/fake-timers-src.js:1494:20)
      at Object.tick (node_modules/@sinonjs/fake-timers/src/fake-timers-src.js:1502:20)
      at Object.runToLast (node_modules/@sinonjs/fake-timers/src/fake-timers-src.js:1661:26)
      at FakeTimers.runOnlyPendingTimers (node_modules/@jest/fake-timers/build/index.js:542:19)
      at runOnlyPendingTimers (src/hooks/useRateLimit.test.tsx:785:18)
      at Property.predicate (node_modules/fast-check/lib/cjs/check/property/Property.js:17:92)
      at Property.run (node_modules/fast-check/lib/cjs/check/property/Property.generic.js:46:33)
      at runIt (node_modules/fast-check/lib/cjs/check/runner/Runner.js:18:30)
      at check (node_modules/fast-check/lib/cjs/check/runner/Runner.js:58:11)
      at Object.assert (node_modules/fast-check/lib/cjs/check/runner/Runner.js:61:17)
      at Object.assert (src/hooks/useRateLimit.test.tsx:754:10)

    console.error
      Warning: An update to TestComponent inside a test was not wrapped in act(...).
      
      When testing, code that causes React state updates should be wrapped into act(...):
      
      act(() => {
        /* fire events that update state */
      });
      /* assert on the output */
      
      This ensures that you're testing the behavior the user would see in the browser. Learn more at https://reactjs.org/link/wrap-tests-with-act
          at TestComponent (/Users/ryan/Library/Mobile Documents/com~apple~CloudDocs/Documents/VSCode/Tax-App-Frontend/node_modules/@testing-library/react/dist/pure.js:328:5)

      101 |       const remainingSeconds = Math.ceil(remaining / 1000);
      102 |       
    > 103 |       setRemainingTime(remainingSeconds);
          |       ^
      104 |
      105 |       // If time has expired, unlock
      106 |       if (remaining <= 0) {

      at printWarning (node_modules/react-dom/cjs/react-dom.development.js:86:30)
      at error (node_modules/react-dom/cjs/react-dom.development.js:60:7)
      at warnIfUpdatesNotWrappedWithActDEV (node_modules/react-dom/cjs/react-dom.development.js:27628:9)
      at scheduleUpdateOnFiber (node_modules/react-dom/cjs/react-dom.development.js:25547:5)
      at dispatchSetState (node_modules/react-dom/cjs/react-dom.development.js:16708:7)
      at setRemainingTime (src/hooks/useRateLimit.ts:103:7)
      at callTimer (node_modules/@sinonjs/fake-timers/src/fake-timers-src.js:806:24)
      at doTickInner (node_modules/@sinonjs/fake-timers/src/fake-timers-src.js:1413:29)
      at doTick (node_modules/@sinonjs/fake-timers/src/fake-timers-src.js:1494:20)
      at Object.tick (node_modules/@sinonjs/fake-timers/src/fake-timers-src.js:1502:20)
      at Object.runToLast (node_modules/@sinonjs/fake-timers/src/fake-timers-src.js:1661:26)
      at FakeTimers.runOnlyPendingTimers (node_modules/@jest/fake-timers/build/index.js:542:19)
      at runOnlyPendingTimers (src/hooks/useRateLimit.test.tsx:785:18)
      at Property.predicate (node_modules/fast-check/lib/cjs/check/property/Property.js:17:92)
      at Property.run (node_modules/fast-check/lib/cjs/check/property/Property.generic.js:46:33)
      at runIt (node_modules/fast-check/lib/cjs/check/runner/Runner.js:18:30)
      at check (node_modules/fast-check/lib/cjs/check/runner/Runner.js:58:11)
      at Object.assert (node_modules/fast-check/lib/cjs/check/runner/Runner.js:61:17)
      at Object.assert (src/hooks/useRateLimit.test.tsx:754:10)

    console.error
      Warning: An update to TestComponent inside a test was not wrapped in act(...).
      
      When testing, code that causes React state updates should be wrapped into act(...):
      
      act(() => {
        /* fire events that update state */
      });
      /* assert on the output */
      
      This ensures that you're testing the behavior the user would see in the browser. Learn more at https://reactjs.org/link/wrap-tests-with-act
          at TestComponent (/Users/ryan/Library/Mobile Documents/com~apple~CloudDocs/Documents/VSCode/Tax-App-Frontend/node_modules/@testing-library/react/dist/pure.js:328:5)

      101 |       const remainingSeconds = Math.ceil(remaining / 1000);
      102 |       
    > 103 |       setRemainingTime(remainingSeconds);
          |       ^
      104 |
      105 |       // If time has expired, unlock
      106 |       if (remaining <= 0) {

      at printWarning (node_modules/react-dom/cjs/react-dom.development.js:86:30)
      at error (node_modules/react-dom/cjs/react-dom.development.js:60:7)
      at warnIfUpdatesNotWrappedWithActDEV (node_modules/react-dom/cjs/react-dom.development.js:27628:9)
      at scheduleUpdateOnFiber (node_modules/react-dom/cjs/react-dom.development.js:25547:5)
      at dispatchSetState (node_modules/react-dom/cjs/react-dom.development.js:16708:7)
      at setRemainingTime (src/hooks/useRateLimit.ts:103:7)
      at callTimer (node_modules/@sinonjs/fake-timers/src/fake-timers-src.js:806:24)
      at doTickInner (node_modules/@sinonjs/fake-timers/src/fake-timers-src.js:1413:29)
      at doTick (node_modules/@sinonjs/fake-timers/src/fake-timers-src.js:1494:20)
      at Object.tick (node_modules/@sinonjs/fake-timers/src/fake-timers-src.js:1502:20)
      at Object.runToLast (node_modules/@sinonjs/fake-timers/src/fake-timers-src.js:1661:26)
      at FakeTimers.runOnlyPendingTimers (node_modules/@jest/fake-timers/build/index.js:542:19)
      at runOnlyPendingTimers (src/hooks/useRateLimit.test.tsx:785:18)
      at Property.predicate (node_modules/fast-check/lib/cjs/check/property/Property.js:17:92)
      at Property.run (node_modules/fast-check/lib/cjs/check/property/Property.generic.js:46:33)
      at runIt (node_modules/fast-check/lib/cjs/check/runner/Runner.js:18:30)
      at check (node_modules/fast-check/lib/cjs/check/runner/Runner.js:58:11)
      at Object.assert (node_modules/fast-check/lib/cjs/check/runner/Runner.js:61:17)
      at Object.assert (src/hooks/useRateLimit.test.tsx:754:10)

    console.error
      Warning: An update to TestComponent inside a test was not wrapped in act(...).
      
      When testing, code that causes React state updates should be wrapped into act(...):
      
      act(() => {
        /* fire events that update state */
      });
      /* assert on the output */
      
      This ensures that you're testing the behavior the user would see in the browser. Learn more at https://reactjs.org/link/wrap-tests-with-act
          at TestComponent (/Users/ryan/Library/Mobile Documents/com~apple~CloudDocs/Documents/VSCode/Tax-App-Frontend/node_modules/@testing-library/react/dist/pure.js:328:5)

      101 |       const remainingSeconds = Math.ceil(remaining / 1000);
      102 |       
    > 103 |       setRemainingTime(remainingSeconds);
          |       ^
      104 |
      105 |       // If time has expired, unlock
      106 |       if (remaining <= 0) {

      at printWarning (node_modules/react-dom/cjs/react-dom.development.js:86:30)
      at error (node_modules/react-dom/cjs/react-dom.development.js:60:7)
      at warnIfUpdatesNotWrappedWithActDEV (node_modules/react-dom/cjs/react-dom.development.js:27628:9)
      at scheduleUpdateOnFiber (node_modules/react-dom/cjs/react-dom.development.js:25547:5)
      at dispatchSetState (node_modules/react-dom/cjs/react-dom.development.js:16708:7)
      at setRemainingTime (src/hooks/useRateLimit.ts:103:7)
      at callTimer (node_modules/@sinonjs/fake-timers/src/fake-timers-src.js:806:24)
      at doTickInner (node_modules/@sinonjs/fake-timers/src/fake-timers-src.js:1413:29)
      at doTick (node_modules/@sinonjs/fake-timers/src/fake-timers-src.js:1494:20)
      at Object.tick (node_modules/@sinonjs/fake-timers/src/fake-timers-src.js:1502:20)
      at Object.runToLast (node_modules/@sinonjs/fake-timers/src/fake-timers-src.js:1661:26)
      at FakeTimers.runOnlyPendingTimers (node_modules/@jest/fake-timers/build/index.js:542:19)
      at runOnlyPendingTimers (src/hooks/useRateLimit.test.tsx:785:18)
      at Property.predicate (node_modules/fast-check/lib/cjs/check/property/Property.js:17:92)
      at Property.run (node_modules/fast-check/lib/cjs/check/property/Property.generic.js:46:33)
      at runIt (node_modules/fast-check/lib/cjs/check/runner/Runner.js:18:30)
      at check (node_modules/fast-check/lib/cjs/check/runner/Runner.js:58:11)
      at Object.assert (node_modules/fast-check/lib/cjs/check/runner/Runner.js:61:17)
      at Object.assert (src/hooks/useRateLimit.test.tsx:754:10)

    console.error
      Warning: An update to TestComponent inside a test was not wrapped in act(...).
      
      When testing, code that causes React state updates should be wrapped into act(...):
      
      act(() => {
        /* fire events that update state */
      });
      /* assert on the output */
      
      This ensures that you're testing the behavior the user would see in the browser. Learn more at https://reactjs.org/link/wrap-tests-with-act
          at TestComponent (/Users/ryan/Library/Mobile Documents/com~apple~CloudDocs/Documents/VSCode/Tax-App-Frontend/node_modules/@testing-library/react/dist/pure.js:328:5)

      101 |       const remainingSeconds = Math.ceil(remaining / 1000);
      102 |       
    > 103 |       setRemainingTime(remainingSeconds);
          |       ^
      104 |
      105 |       // If time has expired, unlock
      106 |       if (remaining <= 0) {

      at printWarning (node_modules/react-dom/cjs/react-dom.development.js:86:30)
      at error (node_modules/react-dom/cjs/react-dom.development.js:60:7)
      at warnIfUpdatesNotWrappedWithActDEV (node_modules/react-dom/cjs/react-dom.development.js:27628:9)
      at scheduleUpdateOnFiber (node_modules/react-dom/cjs/react-dom.development.js:25547:5)
      at dispatchSetState (node_modules/react-dom/cjs/react-dom.development.js:16708:7)
      at setRemainingTime (src/hooks/useRateLimit.ts:103:7)
      at callTimer (node_modules/@sinonjs/fake-timers/src/fake-timers-src.js:806:24)
      at doTickInner (node_modules/@sinonjs/fake-timers/src/fake-timers-src.js:1413:29)
      at doTick (node_modules/@sinonjs/fake-timers/src/fake-timers-src.js:1494:20)
      at Object.tick (node_modules/@sinonjs/fake-timers/src/fake-timers-src.js:1502:20)
      at Object.runToLast (node_modules/@sinonjs/fake-timers/src/fake-timers-src.js:1661:26)
      at FakeTimers.runOnlyPendingTimers (node_modules/@jest/fake-timers/build/index.js:542:19)
      at runOnlyPendingTimers (src/hooks/useRateLimit.test.tsx:785:18)
      at Property.predicate (node_modules/fast-check/lib/cjs/check/property/Property.js:17:92)
      at Property.run (node_modules/fast-check/lib/cjs/check/property/Property.generic.js:46:33)
      at runIt (node_modules/fast-check/lib/cjs/check/runner/Runner.js:18:30)
      at check (node_modules/fast-check/lib/cjs/check/runner/Runner.js:58:11)
      at Object.assert (node_modules/fast-check/lib/cjs/check/runner/Runner.js:61:17)
      at Object.assert (src/hooks/useRateLimit.test.tsx:754:10)

    console.error
      Warning: An update to TestComponent inside a test was not wrapped in act(...).
      
      When testing, code that causes React state updates should be wrapped into act(...):
      
      act(() => {
        /* fire events that update state */
      });
      /* assert on the output */
      
      This ensures that you're testing the behavior the user would see in the browser. Learn more at https://reactjs.org/link/wrap-tests-with-act
          at TestComponent (/Users/ryan/Library/Mobile Documents/com~apple~CloudDocs/Documents/VSCode/Tax-App-Frontend/node_modules/@testing-library/react/dist/pure.js:328:5)

      101 |       const remainingSeconds = Math.ceil(remaining / 1000);
      102 |       
    > 103 |       setRemainingTime(remainingSeconds);
          |       ^
      104 |
      105 |       // If time has expired, unlock
      106 |       if (remaining <= 0) {

      at printWarning (node_modules/react-dom/cjs/react-dom.development.js:86:30)
      at error (node_modules/react-dom/cjs/react-dom.development.js:60:7)
      at warnIfUpdatesNotWrappedWithActDEV (node_modules/react-dom/cjs/react-dom.development.js:27628:9)
      at scheduleUpdateOnFiber (node_modules/react-dom/cjs/react-dom.development.js:25547:5)
      at dispatchSetState (node_modules/react-dom/cjs/react-dom.development.js:16708:7)
      at setRemainingTime (src/hooks/useRateLimit.ts:103:7)
      at callTimer (node_modules/@sinonjs/fake-timers/src/fake-timers-src.js:806:24)
      at doTickInner (node_modules/@sinonjs/fake-timers/src/fake-timers-src.js:1413:29)
      at doTick (node_modules/@sinonjs/fake-timers/src/fake-timers-src.js:1494:20)
      at Object.tick (node_modules/@sinonjs/fake-timers/src/fake-timers-src.js:1502:20)
      at Object.runToLast (node_modules/@sinonjs/fake-timers/src/fake-timers-src.js:1661:26)
      at FakeTimers.runOnlyPendingTimers (node_modules/@jest/fake-timers/build/index.js:542:19)
      at runOnlyPendingTimers (src/hooks/useRateLimit.test.tsx:785:18)
      at Property.predicate (node_modules/fast-check/lib/cjs/check/property/Property.js:17:92)
      at Property.run (node_modules/fast-check/lib/cjs/check/property/Property.generic.js:46:33)
      at runIt (node_modules/fast-check/lib/cjs/check/runner/Runner.js:18:30)
      at check (node_modules/fast-check/lib/cjs/check/runner/Runner.js:58:11)
      at Object.assert (node_modules/fast-check/lib/cjs/check/runner/Runner.js:61:17)
      at Object.assert (src/hooks/useRateLimit.test.tsx:754:10)

    console.error
      Warning: An update to TestComponent inside a test was not wrapped in act(...).
      
      When testing, code that causes React state updates should be wrapped into act(...):
      
      act(() => {
        /* fire events that update state */
      });
      /* assert on the output */
      
      This ensures that you're testing the behavior the user would see in the browser. Learn more at https://reactjs.org/link/wrap-tests-with-act
          at TestComponent (/Users/ryan/Library/Mobile Documents/com~apple~CloudDocs/Documents/VSCode/Tax-App-Frontend/node_modules/@testing-library/react/dist/pure.js:328:5)

      101 |       const remainingSeconds = Math.ceil(remaining / 1000);
      102 |       
    > 103 |       setRemainingTime(remainingSeconds);
          |       ^
      104 |
      105 |       // If time has expired, unlock
      106 |       if (remaining <= 0) {

      at printWarning (node_modules/react-dom/cjs/react-dom.development.js:86:30)
      at error (node_modules/react-dom/cjs/react-dom.development.js:60:7)
      at warnIfUpdatesNotWrappedWithActDEV (node_modules/react-dom/cjs/react-dom.development.js:27628:9)
      at scheduleUpdateOnFiber (node_modules/react-dom/cjs/react-dom.development.js:25547:5)
      at dispatchSetState (node_modules/react-dom/cjs/react-dom.development.js:16708:7)
      at setRemainingTime (src/hooks/useRateLimit.ts:103:7)
      at callTimer (node_modules/@sinonjs/fake-timers/src/fake-timers-src.js:806:24)
      at doTickInner (node_modules/@sinonjs/fake-timers/src/fake-timers-src.js:1413:29)
      at doTick (node_modules/@sinonjs/fake-timers/src/fake-timers-src.js:1494:20)
      at Object.tick (node_modules/@sinonjs/fake-timers/src/fake-timers-src.js:1502:20)
      at Object.runToLast (node_modules/@sinonjs/fake-timers/src/fake-timers-src.js:1661:26)
      at FakeTimers.runOnlyPendingTimers (node_modules/@jest/fake-timers/build/index.js:542:19)
      at runOnlyPendingTimers (src/hooks/useRateLimit.test.tsx:785:18)
      at Property.predicate (node_modules/fast-check/lib/cjs/check/property/Property.js:17:92)
      at Property.run (node_modules/fast-check/lib/cjs/check/property/Property.generic.js:46:33)
      at runIt (node_modules/fast-check/lib/cjs/check/runner/Runner.js:18:30)
      at check (node_modules/fast-check/lib/cjs/check/runner/Runner.js:58:11)
      at Object.assert (node_modules/fast-check/lib/cjs/check/runner/Runner.js:61:17)
      at Object.assert (src/hooks/useRateLimit.test.tsx:754:10)

    console.error
      Warning: An update to TestComponent inside a test was not wrapped in act(...).
      
      When testing, code that causes React state updates should be wrapped into act(...):
      
      act(() => {
        /* fire events that update state */
      });
      /* assert on the output */
      
      This ensures that you're testing the behavior the user would see in the browser. Learn more at https://reactjs.org/link/wrap-tests-with-act
          at TestComponent (/Users/ryan/Library/Mobile Documents/com~apple~CloudDocs/Documents/VSCode/Tax-App-Frontend/node_modules/@testing-library/react/dist/pure.js:328:5)

      101 |       const remainingSeconds = Math.ceil(remaining / 1000);
      102 |       
    > 103 |       setRemainingTime(remainingSeconds);
          |       ^
      104 |
      105 |       // If time has expired, unlock
      106 |       if (remaining <= 0) {

      at printWarning (node_modules/react-dom/cjs/react-dom.development.js:86:30)
      at error (node_modules/react-dom/cjs/react-dom.development.js:60:7)
      at warnIfUpdatesNotWrappedWithActDEV (node_modules/react-dom/cjs/react-dom.development.js:27628:9)
      at scheduleUpdateOnFiber (node_modules/react-dom/cjs/react-dom.development.js:25547:5)
      at dispatchSetState (node_modules/react-dom/cjs/react-dom.development.js:16708:7)
      at setRemainingTime (src/hooks/useRateLimit.ts:103:7)
      at callTimer (node_modules/@sinonjs/fake-timers/src/fake-timers-src.js:806:24)
      at doTickInner (node_modules/@sinonjs/fake-timers/src/fake-timers-src.js:1413:29)
      at doTick (node_modules/@sinonjs/fake-timers/src/fake-timers-src.js:1494:20)
      at Object.tick (node_modules/@sinonjs/fake-timers/src/fake-timers-src.js:1502:20)
      at Object.runToLast (node_modules/@sinonjs/fake-timers/src/fake-timers-src.js:1661:26)
      at FakeTimers.runOnlyPendingTimers (node_modules/@jest/fake-timers/build/index.js:542:19)
      at runOnlyPendingTimers (src/hooks/useRateLimit.test.tsx:785:18)
      at Property.predicate (node_modules/fast-check/lib/cjs/check/property/Property.js:17:92)
      at Property.run (node_modules/fast-check/lib/cjs/check/property/Property.generic.js:46:33)
      at runIt (node_modules/fast-check/lib/cjs/check/runner/Runner.js:18:30)
      at check (node_modules/fast-check/lib/cjs/check/runner/Runner.js:58:11)
      at Object.assert (node_modules/fast-check/lib/cjs/check/runner/Runner.js:61:17)
      at Object.assert (src/hooks/useRateLimit.test.tsx:754:10)

    console.error
      Warning: An update to TestComponent inside a test was not wrapped in act(...).
      
      When testing, code that causes React state updates should be wrapped into act(...):
      
      act(() => {
        /* fire events that update state */
      });
      /* assert on the output */
      
      This ensures that you're testing the behavior the user would see in the browser. Learn more at https://reactjs.org/link/wrap-tests-with-act
          at TestComponent (/Users/ryan/Library/Mobile Documents/com~apple~CloudDocs/Documents/VSCode/Tax-App-Frontend/node_modules/@testing-library/react/dist/pure.js:328:5)

      101 |       const remainingSeconds = Math.ceil(remaining / 1000);
      102 |       
    > 103 |       setRemainingTime(remainingSeconds);
          |       ^
      104 |
      105 |       // If time has expired, unlock
      106 |       if (remaining <= 0) {

      at printWarning (node_modules/react-dom/cjs/react-dom.development.js:86:30)
      at error (node_modules/react-dom/cjs/react-dom.development.js:60:7)
      at warnIfUpdatesNotWrappedWithActDEV (node_modules/react-dom/cjs/react-dom.development.js:27628:9)
      at scheduleUpdateOnFiber (node_modules/react-dom/cjs/react-dom.development.js:25547:5)
      at dispatchSetState (node_modules/react-dom/cjs/react-dom.development.js:16708:7)
      at setRemainingTime (src/hooks/useRateLimit.ts:103:7)
      at callTimer (node_modules/@sinonjs/fake-timers/src/fake-timers-src.js:806:24)
      at doTickInner (node_modules/@sinonjs/fake-timers/src/fake-timers-src.js:1413:29)
      at doTick (node_modules/@sinonjs/fake-timers/src/fake-timers-src.js:1494:20)
      at Object.tick (node_modules/@sinonjs/fake-timers/src/fake-timers-src.js:1502:20)
      at Object.runToLast (node_modules/@sinonjs/fake-timers/src/fake-timers-src.js:1661:26)
      at FakeTimers.runOnlyPendingTimers (node_modules/@jest/fake-timers/build/index.js:542:19)
      at runOnlyPendingTimers (src/hooks/useRateLimit.test.tsx:785:18)
      at Property.predicate (node_modules/fast-check/lib/cjs/check/property/Property.js:17:92)
      at Property.run (node_modules/fast-check/lib/cjs/check/property/Property.generic.js:46:33)
      at runIt (node_modules/fast-check/lib/cjs/check/runner/Runner.js:18:30)
      at check (node_modules/fast-check/lib/cjs/check/runner/Runner.js:58:11)
      at Object.assert (node_modules/fast-check/lib/cjs/check/runner/Runner.js:61:17)
      at Object.assert (src/hooks/useRateLimit.test.tsx:754:10)

    console.error
      Warning: An update to TestComponent inside a test was not wrapped in act(...).
      
      When testing, code that causes React state updates should be wrapped into act(...):
      
      act(() => {
        /* fire events that update state */
      });
      /* assert on the output */
      
      This ensures that you're testing the behavior the user would see in the browser. Learn more at https://reactjs.org/link/wrap-tests-with-act
          at TestComponent (/Users/ryan/Library/Mobile Documents/com~apple~CloudDocs/Documents/VSCode/Tax-App-Frontend/node_modules/@testing-library/react/dist/pure.js:328:5)

      101 |       const remainingSeconds = Math.ceil(remaining / 1000);
      102 |       
    > 103 |       setRemainingTime(remainingSeconds);
          |       ^
      104 |
      105 |       // If time has expired, unlock
      106 |       if (remaining <= 0) {

      at printWarning (node_modules/react-dom/cjs/react-dom.development.js:86:30)
      at error (node_modules/react-dom/cjs/react-dom.development.js:60:7)
      at warnIfUpdatesNotWrappedWithActDEV (node_modules/react-dom/cjs/react-dom.development.js:27628:9)
      at scheduleUpdateOnFiber (node_modules/react-dom/cjs/react-dom.development.js:25547:5)
      at dispatchSetState (node_modules/react-dom/cjs/react-dom.development.js:16708:7)
      at setRemainingTime (src/hooks/useRateLimit.ts:103:7)
      at callTimer (node_modules/@sinonjs/fake-timers/src/fake-timers-src.js:806:24)
      at doTickInner (node_modules/@sinonjs/fake-timers/src/fake-timers-src.js:1413:29)
      at doTick (node_modules/@sinonjs/fake-timers/src/fake-timers-src.js:1494:20)
      at Object.tick (node_modules/@sinonjs/fake-timers/src/fake-timers-src.js:1502:20)
      at Object.runToLast (node_modules/@sinonjs/fake-timers/src/fake-timers-src.js:1661:26)
      at FakeTimers.runOnlyPendingTimers (node_modules/@jest/fake-timers/build/index.js:542:19)
      at runOnlyPendingTimers (src/hooks/useRateLimit.test.tsx:785:18)
      at Property.predicate (node_modules/fast-check/lib/cjs/check/property/Property.js:17:92)
      at Property.run (node_modules/fast-check/lib/cjs/check/property/Property.generic.js:46:33)
      at runIt (node_modules/fast-check/lib/cjs/check/runner/Runner.js:18:30)
      at check (node_modules/fast-check/lib/cjs/check/runner/Runner.js:58:11)
      at Object.assert (node_modules/fast-check/lib/cjs/check/runner/Runner.js:61:17)
      at Object.assert (src/hooks/useRateLimit.test.tsx:754:10)

    console.error
      Warning: An update to TestComponent inside a test was not wrapped in act(...).
      
      When testing, code that causes React state updates should be wrapped into act(...):
      
      act(() => {
        /* fire events that update state */
      });
      /* assert on the output */
      
      This ensures that you're testing the behavior the user would see in the browser. Learn more at https://reactjs.org/link/wrap-tests-with-act
          at TestComponent (/Users/ryan/Library/Mobile Documents/com~apple~CloudDocs/Documents/VSCode/Tax-App-Frontend/node_modules/@testing-library/react/dist/pure.js:328:5)

      101 |       const remainingSeconds = Math.ceil(remaining / 1000);
      102 |       
    > 103 |       setRemainingTime(remainingSeconds);
          |       ^
      104 |
      105 |       // If time has expired, unlock
      106 |       if (remaining <= 0) {

      at printWarning (node_modules/react-dom/cjs/react-dom.development.js:86:30)
      at error (node_modules/react-dom/cjs/react-dom.development.js:60:7)
      at warnIfUpdatesNotWrappedWithActDEV (node_modules/react-dom/cjs/react-dom.development.js:27628:9)
      at scheduleUpdateOnFiber (node_modules/react-dom/cjs/react-dom.development.js:25547:5)
      at dispatchSetState (node_modules/react-dom/cjs/react-dom.development.js:16708:7)
      at setRemainingTime (src/hooks/useRateLimit.ts:103:7)
      at callTimer (node_modules/@sinonjs/fake-timers/src/fake-timers-src.js:806:24)
      at doTickInner (node_modules/@sinonjs/fake-timers/src/fake-timers-src.js:1413:29)
      at doTick (node_modules/@sinonjs/fake-timers/src/fake-timers-src.js:1494:20)
      at Object.tick (node_modules/@sinonjs/fake-timers/src/fake-timers-src.js:1502:20)
      at Object.runToLast (node_modules/@sinonjs/fake-timers/src/fake-timers-src.js:1661:26)
      at FakeTimers.runOnlyPendingTimers (node_modules/@jest/fake-timers/build/index.js:542:19)
      at runOnlyPendingTimers (src/hooks/useRateLimit.test.tsx:785:18)
      at Property.predicate (node_modules/fast-check/lib/cjs/check/property/Property.js:17:92)
      at Property.run (node_modules/fast-check/lib/cjs/check/property/Property.generic.js:46:33)
      at runIt (node_modules/fast-check/lib/cjs/check/runner/Runner.js:18:30)
      at check (node_modules/fast-check/lib/cjs/check/runner/Runner.js:58:11)
      at Object.assert (node_modules/fast-check/lib/cjs/check/runner/Runner.js:61:17)
      at Object.assert (src/hooks/useRateLimit.test.tsx:754:10)

    console.error
      Warning: An update to TestComponent inside a test was not wrapped in act(...).
      
      When testing, code that causes React state updates should be wrapped into act(...):
      
      act(() => {
        /* fire events that update state */
      });
      /* assert on the output */
      
      This ensures that you're testing the behavior the user would see in the browser. Learn more at https://reactjs.org/link/wrap-tests-with-act
          at TestComponent (/Users/ryan/Library/Mobile Documents/com~apple~CloudDocs/Documents/VSCode/Tax-App-Frontend/node_modules/@testing-library/react/dist/pure.js:328:5)

      101 |       const remainingSeconds = Math.ceil(remaining / 1000);
      102 |       
    > 103 |       setRemainingTime(remainingSeconds);
          |       ^
      104 |
      105 |       // If time has expired, unlock
      106 |       if (remaining <= 0) {

      at printWarning (node_modules/react-dom/cjs/react-dom.development.js:86:30)
      at error (node_modules/react-dom/cjs/react-dom.development.js:60:7)
      at warnIfUpdatesNotWrappedWithActDEV (node_modules/react-dom/cjs/react-dom.development.js:27628:9)
      at scheduleUpdateOnFiber (node_modules/react-dom/cjs/react-dom.development.js:25547:5)
      at dispatchSetState (node_modules/react-dom/cjs/react-dom.development.js:16708:7)
      at setRemainingTime (src/hooks/useRateLimit.ts:103:7)
      at callTimer (node_modules/@sinonjs/fake-timers/src/fake-timers-src.js:806:24)
      at doTickInner (node_modules/@sinonjs/fake-timers/src/fake-timers-src.js:1413:29)
      at doTick (node_modules/@sinonjs/fake-timers/src/fake-timers-src.js:1494:20)
      at Object.tick (node_modules/@sinonjs/fake-timers/src/fake-timers-src.js:1502:20)
      at Object.runToLast (node_modules/@sinonjs/fake-timers/src/fake-timers-src.js:1661:26)
      at FakeTimers.runOnlyPendingTimers (node_modules/@jest/fake-timers/build/index.js:542:19)
      at runOnlyPendingTimers (src/hooks/useRateLimit.test.tsx:785:18)
      at Property.predicate (node_modules/fast-check/lib/cjs/check/property/Property.js:17:92)
      at Property.run (node_modules/fast-check/lib/cjs/check/property/Property.generic.js:46:33)
      at runIt (node_modules/fast-check/lib/cjs/check/runner/Runner.js:18:30)
      at check (node_modules/fast-check/lib/cjs/check/runner/Runner.js:58:11)
      at Object.assert (node_modules/fast-check/lib/cjs/check/runner/Runner.js:61:17)
      at Object.assert (src/hooks/useRateLimit.test.tsx:754:10)

    console.error
      Warning: An update to TestComponent inside a test was not wrapped in act(...).
      
      When testing, code that causes React state updates should be wrapped into act(...):
      
      act(() => {
        /* fire events that update state */
      });
      /* assert on the output */
      
      This ensures that you're testing the behavior the user would see in the browser. Learn more at https://reactjs.org/link/wrap-tests-with-act
          at TestComponent (/Users/ryan/Library/Mobile Documents/com~apple~CloudDocs/Documents/VSCode/Tax-App-Frontend/node_modules/@testing-library/react/dist/pure.js:328:5)

      101 |       const remainingSeconds = Math.ceil(remaining / 1000);
      102 |       
    > 103 |       setRemainingTime(remainingSeconds);
          |       ^
      104 |
      105 |       // If time has expired, unlock
      106 |       if (remaining <= 0) {

      at printWarning (node_modules/react-dom/cjs/react-dom.development.js:86:30)
      at error (node_modules/react-dom/cjs/react-dom.development.js:60:7)
      at warnIfUpdatesNotWrappedWithActDEV (node_modules/react-dom/cjs/react-dom.development.js:27628:9)
      at scheduleUpdateOnFiber (node_modules/react-dom/cjs/react-dom.development.js:25547:5)
      at dispatchSetState (node_modules/react-dom/cjs/react-dom.development.js:16708:7)
      at setRemainingTime (src/hooks/useRateLimit.ts:103:7)
      at callTimer (node_modules/@sinonjs/fake-timers/src/fake-timers-src.js:806:24)
      at doTickInner (node_modules/@sinonjs/fake-timers/src/fake-timers-src.js:1413:29)
      at doTick (node_modules/@sinonjs/fake-timers/src/fake-timers-src.js:1494:20)
      at Object.tick (node_modules/@sinonjs/fake-timers/src/fake-timers-src.js:1502:20)
      at Object.runToLast (node_modules/@sinonjs/fake-timers/src/fake-timers-src.js:1661:26)
      at FakeTimers.runOnlyPendingTimers (node_modules/@jest/fake-timers/build/index.js:542:19)
      at runOnlyPendingTimers (src/hooks/useRateLimit.test.tsx:785:18)
      at Property.predicate (node_modules/fast-check/lib/cjs/check/property/Property.js:17:92)
      at Property.run (node_modules/fast-check/lib/cjs/check/property/Property.generic.js:46:33)
      at runIt (node_modules/fast-check/lib/cjs/check/runner/Runner.js:18:30)
      at check (node_modules/fast-check/lib/cjs/check/runner/Runner.js:58:11)
      at Object.assert (node_modules/fast-check/lib/cjs/check/runner/Runner.js:61:17)
      at Object.assert (src/hooks/useRateLimit.test.tsx:754:10)

    console.error
      Warning: An update to TestComponent inside a test was not wrapped in act(...).
      
      When testing, code that causes React state updates should be wrapped into act(...):
      
      act(() => {
        /* fire events that update state */
      });
      /* assert on the output */
      
      This ensures that you're testing the behavior the user would see in the browser. Learn more at https://reactjs.org/link/wrap-tests-with-act
          at TestComponent (/Users/ryan/Library/Mobile Documents/com~apple~CloudDocs/Documents/VSCode/Tax-App-Frontend/node_modules/@testing-library/react/dist/pure.js:328:5)

      101 |       const remainingSeconds = Math.ceil(remaining / 1000);
      102 |       
    > 103 |       setRemainingTime(remainingSeconds);
          |       ^
      104 |
      105 |       // If time has expired, unlock
      106 |       if (remaining <= 0) {

      at printWarning (node_modules/react-dom/cjs/react-dom.development.js:86:30)
      at error (node_modules/react-dom/cjs/react-dom.development.js:60:7)
      at warnIfUpdatesNotWrappedWithActDEV (node_modules/react-dom/cjs/react-dom.development.js:27628:9)
      at scheduleUpdateOnFiber (node_modules/react-dom/cjs/react-dom.development.js:25547:5)
      at dispatchSetState (node_modules/react-dom/cjs/react-dom.development.js:16708:7)
      at setRemainingTime (src/hooks/useRateLimit.ts:103:7)
      at callTimer (node_modules/@sinonjs/fake-timers/src/fake-timers-src.js:806:24)
      at doTickInner (node_modules/@sinonjs/fake-timers/src/fake-timers-src.js:1413:29)
      at doTick (node_modules/@sinonjs/fake-timers/src/fake-timers-src.js:1494:20)
      at Object.tick (node_modules/@sinonjs/fake-timers/src/fake-timers-src.js:1502:20)
      at Object.runToLast (node_modules/@sinonjs/fake-timers/src/fake-timers-src.js:1661:26)
      at FakeTimers.runOnlyPendingTimers (node_modules/@jest/fake-timers/build/index.js:542:19)
      at runOnlyPendingTimers (src/hooks/useRateLimit.test.tsx:785:18)
      at Property.predicate (node_modules/fast-check/lib/cjs/check/property/Property.js:17:92)
      at Property.run (node_modules/fast-check/lib/cjs/check/property/Property.generic.js:46:33)
      at runIt (node_modules/fast-check/lib/cjs/check/runner/Runner.js:18:30)
      at check (node_modules/fast-check/lib/cjs/check/runner/Runner.js:58:11)
      at Object.assert (node_modules/fast-check/lib/cjs/check/runner/Runner.js:61:17)
      at Object.assert (src/hooks/useRateLimit.test.tsx:754:10)

    console.error
      Warning: An update to TestComponent inside a test was not wrapped in act(...).
      
      When testing, code that causes React state updates should be wrapped into act(...):
      
      act(() => {
        /* fire events that update state */
      });
      /* assert on the output */
      
      This ensures that you're testing the behavior the user would see in the browser. Learn more at https://reactjs.org/link/wrap-tests-with-act
          at TestComponent (/Users/ryan/Library/Mobile Documents/com~apple~CloudDocs/Documents/VSCode/Tax-App-Frontend/node_modules/@testing-library/react/dist/pure.js:328:5)

      101 |       const remainingSeconds = Math.ceil(remaining / 1000);
      102 |       
    > 103 |       setRemainingTime(remainingSeconds);
          |       ^
      104 |
      105 |       // If time has expired, unlock
      106 |       if (remaining <= 0) {

      at printWarning (node_modules/react-dom/cjs/react-dom.development.js:86:30)
      at error (node_modules/react-dom/cjs/react-dom.development.js:60:7)
      at warnIfUpdatesNotWrappedWithActDEV (node_modules/react-dom/cjs/react-dom.development.js:27628:9)
      at scheduleUpdateOnFiber (node_modules/react-dom/cjs/react-dom.development.js:25547:5)
      at dispatchSetState (node_modules/react-dom/cjs/react-dom.development.js:16708:7)
      at setRemainingTime (src/hooks/useRateLimit.ts:103:7)
      at callTimer (node_modules/@sinonjs/fake-timers/src/fake-timers-src.js:806:24)
      at doTickInner (node_modules/@sinonjs/fake-timers/src/fake-timers-src.js:1413:29)
      at doTick (node_modules/@sinonjs/fake-timers/src/fake-timers-src.js:1494:20)
      at Object.tick (node_modules/@sinonjs/fake-timers/src/fake-timers-src.js:1502:20)
      at Object.runToLast (node_modules/@sinonjs/fake-timers/src/fake-timers-src.js:1661:26)
      at FakeTimers.runOnlyPendingTimers (node_modules/@jest/fake-timers/build/index.js:542:19)
      at runOnlyPendingTimers (src/hooks/useRateLimit.test.tsx:785:18)
      at Property.predicate (node_modules/fast-check/lib/cjs/check/property/Property.js:17:92)
      at Property.run (node_modules/fast-check/lib/cjs/check/property/Property.generic.js:46:33)
      at runIt (node_modules/fast-check/lib/cjs/check/runner/Runner.js:18:30)
      at check (node_modules/fast-check/lib/cjs/check/runner/Runner.js:58:11)
      at Object.assert (node_modules/fast-check/lib/cjs/check/runner/Runner.js:61:17)
      at Object.assert (src/hooks/useRateLimit.test.tsx:754:10)

    console.error
      Warning: An update to TestComponent inside a test was not wrapped in act(...).
      
      When testing, code that causes React state updates should be wrapped into act(...):
      
      act(() => {
        /* fire events that update state */
      });
      /* assert on the output */
      
      This ensures that you're testing the behavior the user would see in the browser. Learn more at https://reactjs.org/link/wrap-tests-with-act
          at TestComponent (/Users/ryan/Library/Mobile Documents/com~apple~CloudDocs/Documents/VSCode/Tax-App-Frontend/node_modules/@testing-library/react/dist/pure.js:328:5)

      101 |       const remainingSeconds = Math.ceil(remaining / 1000);
      102 |       
    > 103 |       setRemainingTime(remainingSeconds);
          |       ^
      104 |
      105 |       // If time has expired, unlock
      106 |       if (remaining <= 0) {

      at printWarning (node_modules/react-dom/cjs/react-dom.development.js:86:30)
      at error (node_modules/react-dom/cjs/react-dom.development.js:60:7)
      at warnIfUpdatesNotWrappedWithActDEV (node_modules/react-dom/cjs/react-dom.development.js:27628:9)
      at scheduleUpdateOnFiber (node_modules/react-dom/cjs/react-dom.development.js:25547:5)
      at dispatchSetState (node_modules/react-dom/cjs/react-dom.development.js:16708:7)
      at setRemainingTime (src/hooks/useRateLimit.ts:103:7)
      at callTimer (node_modules/@sinonjs/fake-timers/src/fake-timers-src.js:806:24)
      at doTickInner (node_modules/@sinonjs/fake-timers/src/fake-timers-src.js:1413:29)
      at doTick (node_modules/@sinonjs/fake-timers/src/fake-timers-src.js:1494:20)
      at Object.tick (node_modules/@sinonjs/fake-timers/src/fake-timers-src.js:1502:20)
      at Object.runToLast (node_modules/@sinonjs/fake-timers/src/fake-timers-src.js:1661:26)
      at FakeTimers.runOnlyPendingTimers (node_modules/@jest/fake-timers/build/index.js:542:19)
      at runOnlyPendingTimers (src/hooks/useRateLimit.test.tsx:785:18)
      at Property.predicate (node_modules/fast-check/lib/cjs/check/property/Property.js:17:92)
      at Property.run (node_modules/fast-check/lib/cjs/check/property/Property.generic.js:46:33)
      at runIt (node_modules/fast-check/lib/cjs/check/runner/Runner.js:18:30)
      at check (node_modules/fast-check/lib/cjs/check/runner/Runner.js:58:11)
      at Object.assert (node_modules/fast-check/lib/cjs/check/runner/Runner.js:61:17)
      at Object.assert (src/hooks/useRateLimit.test.tsx:754:10)

    console.error
      Warning: An update to TestComponent inside a test was not wrapped in act(...).
      
      When testing, code that causes React state updates should be wrapped into act(...):
      
      act(() => {
        /* fire events that update state */
      });
      /* assert on the output */
      
      This ensures that you're testing the behavior the user would see in the browser. Learn more at https://reactjs.org/link/wrap-tests-with-act
          at TestComponent (/Users/ryan/Library/Mobile Documents/com~apple~CloudDocs/Documents/VSCode/Tax-App-Frontend/node_modules/@testing-library/react/dist/pure.js:328:5)

      101 |       const remainingSeconds = Math.ceil(remaining / 1000);
      102 |       
    > 103 |       setRemainingTime(remainingSeconds);
          |       ^
      104 |
      105 |       // If time has expired, unlock
      106 |       if (remaining <= 0) {

      at printWarning (node_modules/react-dom/cjs/react-dom.development.js:86:30)
      at error (node_modules/react-dom/cjs/react-dom.development.js:60:7)
      at warnIfUpdatesNotWrappedWithActDEV (node_modules/react-dom/cjs/react-dom.development.js:27628:9)
      at scheduleUpdateOnFiber (node_modules/react-dom/cjs/react-dom.development.js:25547:5)
      at dispatchSetState (node_modules/react-dom/cjs/react-dom.development.js:16708:7)
      at setRemainingTime (src/hooks/useRateLimit.ts:103:7)
      at callTimer (node_modules/@sinonjs/fake-timers/src/fake-timers-src.js:806:24)
      at doTickInner (node_modules/@sinonjs/fake-timers/src/fake-timers-src.js:1413:29)
      at doTick (node_modules/@sinonjs/fake-timers/src/fake-timers-src.js:1494:20)
      at Object.tick (node_modules/@sinonjs/fake-timers/src/fake-timers-src.js:1502:20)
      at Object.runToLast (node_modules/@sinonjs/fake-timers/src/fake-timers-src.js:1661:26)
      at FakeTimers.runOnlyPendingTimers (node_modules/@jest/fake-timers/build/index.js:542:19)
      at runOnlyPendingTimers (src/hooks/useRateLimit.test.tsx:785:18)
      at Property.predicate (node_modules/fast-check/lib/cjs/check/property/Property.js:17:92)
      at Property.run (node_modules/fast-check/lib/cjs/check/property/Property.generic.js:46:33)
      at runIt (node_modules/fast-check/lib/cjs/check/runner/Runner.js:18:30)
      at check (node_modules/fast-check/lib/cjs/check/runner/Runner.js:58:11)
      at Object.assert (node_modules/fast-check/lib/cjs/check/runner/Runner.js:61:17)
      at Object.assert (src/hooks/useRateLimit.test.tsx:754:10)

    console.error
      Warning: An update to TestComponent inside a test was not wrapped in act(...).
      
      When testing, code that causes React state updates should be wrapped into act(...):
      
      act(() => {
        /* fire events that update state */
      });
      /* assert on the output */
      
      This ensures that you're testing the behavior the user would see in the browser. Learn more at https://reactjs.org/link/wrap-tests-with-act
          at TestComponent (/Users/ryan/Library/Mobile Documents/com~apple~CloudDocs/Documents/VSCode/Tax-App-Frontend/node_modules/@testing-library/react/dist/pure.js:328:5)

      101 |       const remainingSeconds = Math.ceil(remaining / 1000);
      102 |       
    > 103 |       setRemainingTime(remainingSeconds);
          |       ^
      104 |
      105 |       // If time has expired, unlock
      106 |       if (remaining <= 0) {

      at printWarning (node_modules/react-dom/cjs/react-dom.development.js:86:30)
      at error (node_modules/react-dom/cjs/react-dom.development.js:60:7)
      at warnIfUpdatesNotWrappedWithActDEV (node_modules/react-dom/cjs/react-dom.development.js:27628:9)
      at scheduleUpdateOnFiber (node_modules/react-dom/cjs/react-dom.development.js:25547:5)
      at dispatchSetState (node_modules/react-dom/cjs/react-dom.development.js:16708:7)
      at setRemainingTime (src/hooks/useRateLimit.ts:103:7)
      at callTimer (node_modules/@sinonjs/fake-timers/src/fake-timers-src.js:806:24)
      at doTickInner (node_modules/@sinonjs/fake-timers/src/fake-timers-src.js:1413:29)
      at doTick (node_modules/@sinonjs/fake-timers/src/fake-timers-src.js:1494:20)
      at Object.tick (node_modules/@sinonjs/fake-timers/src/fake-timers-src.js:1502:20)
      at Object.runToLast (node_modules/@sinonjs/fake-timers/src/fake-timers-src.js:1661:26)
      at FakeTimers.runOnlyPendingTimers (node_modules/@jest/fake-timers/build/index.js:542:19)
      at runOnlyPendingTimers (src/hooks/useRateLimit.test.tsx:785:18)
      at Property.predicate (node_modules/fast-check/lib/cjs/check/property/Property.js:17:92)
      at Property.run (node_modules/fast-check/lib/cjs/check/property/Property.generic.js:46:33)
      at runIt (node_modules/fast-check/lib/cjs/check/runner/Runner.js:18:30)
      at check (node_modules/fast-check/lib/cjs/check/runner/Runner.js:58:11)
      at Object.assert (node_modules/fast-check/lib/cjs/check/runner/Runner.js:61:17)
      at Object.assert (src/hooks/useRateLimit.test.tsx:754:10)

    console.error
      Warning: An update to TestComponent inside a test was not wrapped in act(...).
      
      When testing, code that causes React state updates should be wrapped into act(...):
      
      act(() => {
        /* fire events that update state */
      });
      /* assert on the output */
      
      This ensures that you're testing the behavior the user would see in the browser. Learn more at https://reactjs.org/link/wrap-tests-with-act
          at TestComponent (/Users/ryan/Library/Mobile Documents/com~apple~CloudDocs/Documents/VSCode/Tax-App-Frontend/node_modules/@testing-library/react/dist/pure.js:328:5)

      101 |       const remainingSeconds = Math.ceil(remaining / 1000);
      102 |       
    > 103 |       setRemainingTime(remainingSeconds);
          |       ^
      104 |
      105 |       // If time has expired, unlock
      106 |       if (remaining <= 0) {

      at printWarning (node_modules/react-dom/cjs/react-dom.development.js:86:30)
      at error (node_modules/react-dom/cjs/react-dom.development.js:60:7)
      at warnIfUpdatesNotWrappedWithActDEV (node_modules/react-dom/cjs/react-dom.development.js:27628:9)
      at scheduleUpdateOnFiber (node_modules/react-dom/cjs/react-dom.development.js:25547:5)
      at dispatchSetState (node_modules/react-dom/cjs/react-dom.development.js:16708:7)
      at setRemainingTime (src/hooks/useRateLimit.ts:103:7)
      at callTimer (node_modules/@sinonjs/fake-timers/src/fake-timers-src.js:806:24)
      at doTickInner (node_modules/@sinonjs/fake-timers/src/fake-timers-src.js:1413:29)
      at doTick (node_modules/@sinonjs/fake-timers/src/fake-timers-src.js:1494:20)
      at Object.tick (node_modules/@sinonjs/fake-timers/src/fake-timers-src.js:1502:20)
      at Object.runToLast (node_modules/@sinonjs/fake-timers/src/fake-timers-src.js:1661:26)
      at FakeTimers.runOnlyPendingTimers (node_modules/@jest/fake-timers/build/index.js:542:19)
      at runOnlyPendingTimers (src/hooks/useRateLimit.test.tsx:785:18)
      at Property.predicate (node_modules/fast-check/lib/cjs/check/property/Property.js:17:92)
      at Property.run (node_modules/fast-check/lib/cjs/check/property/Property.generic.js:46:33)
      at runIt (node_modules/fast-check/lib/cjs/check/runner/Runner.js:18:30)
      at check (node_modules/fast-check/lib/cjs/check/runner/Runner.js:58:11)
      at Object.assert (node_modules/fast-check/lib/cjs/check/runner/Runner.js:61:17)
      at Object.assert (src/hooks/useRateLimit.test.tsx:754:10)

    console.error
      Warning: An update to TestComponent inside a test was not wrapped in act(...).
      
      When testing, code that causes React state updates should be wrapped into act(...):
      
      act(() => {
        /* fire events that update state */
      });
      /* assert on the output */
      
      This ensures that you're testing the behavior the user would see in the browser. Learn more at https://reactjs.org/link/wrap-tests-with-act
          at TestComponent (/Users/ryan/Library/Mobile Documents/com~apple~CloudDocs/Documents/VSCode/Tax-App-Frontend/node_modules/@testing-library/react/dist/pure.js:328:5)

      101 |       const remainingSeconds = Math.ceil(remaining / 1000);
      102 |       
    > 103 |       setRemainingTime(remainingSeconds);
          |       ^
      104 |
      105 |       // If time has expired, unlock
      106 |       if (remaining <= 0) {

      at printWarning (node_modules/react-dom/cjs/react-dom.development.js:86:30)
      at error (node_modules/react-dom/cjs/react-dom.development.js:60:7)
      at warnIfUpdatesNotWrappedWithActDEV (node_modules/react-dom/cjs/react-dom.development.js:27628:9)
      at scheduleUpdateOnFiber (node_modules/react-dom/cjs/react-dom.development.js:25547:5)
      at dispatchSetState (node_modules/react-dom/cjs/react-dom.development.js:16708:7)
      at setRemainingTime (src/hooks/useRateLimit.ts:103:7)
      at callTimer (node_modules/@sinonjs/fake-timers/src/fake-timers-src.js:806:24)
      at doTickInner (node_modules/@sinonjs/fake-timers/src/fake-timers-src.js:1413:29)
      at doTick (node_modules/@sinonjs/fake-timers/src/fake-timers-src.js:1494:20)
      at Object.tick (node_modules/@sinonjs/fake-timers/src/fake-timers-src.js:1502:20)
      at Object.runToLast (node_modules/@sinonjs/fake-timers/src/fake-timers-src.js:1661:26)
      at FakeTimers.runOnlyPendingTimers (node_modules/@jest/fake-timers/build/index.js:542:19)
      at runOnlyPendingTimers (src/hooks/useRateLimit.test.tsx:785:18)
      at Property.predicate (node_modules/fast-check/lib/cjs/check/property/Property.js:17:92)
      at Property.run (node_modules/fast-check/lib/cjs/check/property/Property.generic.js:46:33)
      at runIt (node_modules/fast-check/lib/cjs/check/runner/Runner.js:18:30)
      at check (node_modules/fast-check/lib/cjs/check/runner/Runner.js:58:11)
      at Object.assert (node_modules/fast-check/lib/cjs/check/runner/Runner.js:61:17)
      at Object.assert (src/hooks/useRateLimit.test.tsx:754:10)

    console.error
      Warning: An update to TestComponent inside a test was not wrapped in act(...).
      
      When testing, code that causes React state updates should be wrapped into act(...):
      
      act(() => {
        /* fire events that update state */
      });
      /* assert on the output */
      
      This ensures that you're testing the behavior the user would see in the browser. Learn more at https://reactjs.org/link/wrap-tests-with-act
          at TestComponent (/Users/ryan/Library/Mobile Documents/com~apple~CloudDocs/Documents/VSCode/Tax-App-Frontend/node_modules/@testing-library/react/dist/pure.js:328:5)

      101 |       const remainingSeconds = Math.ceil(remaining / 1000);
      102 |       
    > 103 |       setRemainingTime(remainingSeconds);
          |       ^
      104 |
      105 |       // If time has expired, unlock
      106 |       if (remaining <= 0) {

      at printWarning (node_modules/react-dom/cjs/react-dom.development.js:86:30)
      at error (node_modules/react-dom/cjs/react-dom.development.js:60:7)
      at warnIfUpdatesNotWrappedWithActDEV (node_modules/react-dom/cjs/react-dom.development.js:27628:9)
      at scheduleUpdateOnFiber (node_modules/react-dom/cjs/react-dom.development.js:25547:5)
      at dispatchSetState (node_modules/react-dom/cjs/react-dom.development.js:16708:7)
      at setRemainingTime (src/hooks/useRateLimit.ts:103:7)
      at callTimer (node_modules/@sinonjs/fake-timers/src/fake-timers-src.js:806:24)
      at doTickInner (node_modules/@sinonjs/fake-timers/src/fake-timers-src.js:1413:29)
      at doTick (node_modules/@sinonjs/fake-timers/src/fake-timers-src.js:1494:20)
      at Object.tick (node_modules/@sinonjs/fake-timers/src/fake-timers-src.js:1502:20)
      at Object.runToLast (node_modules/@sinonjs/fake-timers/src/fake-timers-src.js:1661:26)
      at FakeTimers.runOnlyPendingTimers (node_modules/@jest/fake-timers/build/index.js:542:19)
      at runOnlyPendingTimers (src/hooks/useRateLimit.test.tsx:785:18)
      at Property.predicate (node_modules/fast-check/lib/cjs/check/property/Property.js:17:92)
      at Property.run (node_modules/fast-check/lib/cjs/check/property/Property.generic.js:46:33)
      at runIt (node_modules/fast-check/lib/cjs/check/runner/Runner.js:18:30)
      at check (node_modules/fast-check/lib/cjs/check/runner/Runner.js:58:11)
      at Object.assert (node_modules/fast-check/lib/cjs/check/runner/Runner.js:61:17)
      at Object.assert (src/hooks/useRateLimit.test.tsx:754:10)

    console.error
      Warning: An update to TestComponent inside a test was not wrapped in act(...).
      
      When testing, code that causes React state updates should be wrapped into act(...):
      
      act(() => {
        /* fire events that update state */
      });
      /* assert on the output */
      
      This ensures that you're testing the behavior the user would see in the browser. Learn more at https://reactjs.org/link/wrap-tests-with-act
          at TestComponent (/Users/ryan/Library/Mobile Documents/com~apple~CloudDocs/Documents/VSCode/Tax-App-Frontend/node_modules/@testing-library/react/dist/pure.js:328:5)

      101 |       const remainingSeconds = Math.ceil(remaining / 1000);
      102 |       
    > 103 |       setRemainingTime(remainingSeconds);
          |       ^
      104 |
      105 |       // If time has expired, unlock
      106 |       if (remaining <= 0) {

      at printWarning (node_modules/react-dom/cjs/react-dom.development.js:86:30)
      at error (node_modules/react-dom/cjs/react-dom.development.js:60:7)
      at warnIfUpdatesNotWrappedWithActDEV (node_modules/react-dom/cjs/react-dom.development.js:27628:9)
      at scheduleUpdateOnFiber (node_modules/react-dom/cjs/react-dom.development.js:25547:5)
      at dispatchSetState (node_modules/react-dom/cjs/react-dom.development.js:16708:7)
      at setRemainingTime (src/hooks/useRateLimit.ts:103:7)
      at callTimer (node_modules/@sinonjs/fake-timers/src/fake-timers-src.js:806:24)
      at doTickInner (node_modules/@sinonjs/fake-timers/src/fake-timers-src.js:1413:29)
      at doTick (node_modules/@sinonjs/fake-timers/src/fake-timers-src.js:1494:20)
      at Object.tick (node_modules/@sinonjs/fake-timers/src/fake-timers-src.js:1502:20)
      at Object.runToLast (node_modules/@sinonjs/fake-timers/src/fake-timers-src.js:1661:26)
      at FakeTimers.runOnlyPendingTimers (node_modules/@jest/fake-timers/build/index.js:542:19)
      at runOnlyPendingTimers (src/hooks/useRateLimit.test.tsx:785:18)
      at Property.predicate (node_modules/fast-check/lib/cjs/check/property/Property.js:17:92)
      at Property.run (node_modules/fast-check/lib/cjs/check/property/Property.generic.js:46:33)
      at runIt (node_modules/fast-check/lib/cjs/check/runner/Runner.js:18:30)
      at check (node_modules/fast-check/lib/cjs/check/runner/Runner.js:58:11)
      at Object.assert (node_modules/fast-check/lib/cjs/check/runner/Runner.js:61:17)
      at Object.assert (src/hooks/useRateLimit.test.tsx:754:10)

    console.error
      Warning: An update to TestComponent inside a test was not wrapped in act(...).
      
      When testing, code that causes React state updates should be wrapped into act(...):
      
      act(() => {
        /* fire events that update state */
      });
      /* assert on the output */
      
      This ensures that you're testing the behavior the user would see in the browser. Learn more at https://reactjs.org/link/wrap-tests-with-act
          at TestComponent (/Users/ryan/Library/Mobile Documents/com~apple~CloudDocs/Documents/VSCode/Tax-App-Frontend/node_modules/@testing-library/react/dist/pure.js:328:5)

      101 |       const remainingSeconds = Math.ceil(remaining / 1000);
      102 |       
    > 103 |       setRemainingTime(remainingSeconds);
          |       ^
      104 |
      105 |       // If time has expired, unlock
      106 |       if (remaining <= 0) {

      at printWarning (node_modules/react-dom/cjs/react-dom.development.js:86:30)
      at error (node_modules/react-dom/cjs/react-dom.development.js:60:7)
      at warnIfUpdatesNotWrappedWithActDEV (node_modules/react-dom/cjs/react-dom.development.js:27628:9)
      at scheduleUpdateOnFiber (node_modules/react-dom/cjs/react-dom.development.js:25547:5)
      at dispatchSetState (node_modules/react-dom/cjs/react-dom.development.js:16708:7)
      at setRemainingTime (src/hooks/useRateLimit.ts:103:7)
      at callTimer (node_modules/@sinonjs/fake-timers/src/fake-timers-src.js:806:24)
      at doTickInner (node_modules/@sinonjs/fake-timers/src/fake-timers-src.js:1413:29)
      at doTick (node_modules/@sinonjs/fake-timers/src/fake-timers-src.js:1494:20)
      at Object.tick (node_modules/@sinonjs/fake-timers/src/fake-timers-src.js:1502:20)
      at Object.runToLast (node_modules/@sinonjs/fake-timers/src/fake-timers-src.js:1661:26)
      at FakeTimers.runOnlyPendingTimers (node_modules/@jest/fake-timers/build/index.js:542:19)
      at runOnlyPendingTimers (src/hooks/useRateLimit.test.tsx:785:18)
      at Property.predicate (node_modules/fast-check/lib/cjs/check/property/Property.js:17:92)
      at Property.run (node_modules/fast-check/lib/cjs/check/property/Property.generic.js:46:33)
      at runIt (node_modules/fast-check/lib/cjs/check/runner/Runner.js:18:30)
      at check (node_modules/fast-check/lib/cjs/check/runner/Runner.js:58:11)
      at Object.assert (node_modules/fast-check/lib/cjs/check/runner/Runner.js:61:17)
      at Object.assert (src/hooks/useRateLimit.test.tsx:754:10)

    console.error
      Warning: An update to TestComponent inside a test was not wrapped in act(...).
      
      When testing, code that causes React state updates should be wrapped into act(...):
      
      act(() => {
        /* fire events that update state */
      });
      /* assert on the output */
      
      This ensures that you're testing the behavior the user would see in the browser. Learn more at https://reactjs.org/link/wrap-tests-with-act
          at TestComponent (/Users/ryan/Library/Mobile Documents/com~apple~CloudDocs/Documents/VSCode/Tax-App-Frontend/node_modules/@testing-library/react/dist/pure.js:328:5)

      101 |       const remainingSeconds = Math.ceil(remaining / 1000);
      102 |       
    > 103 |       setRemainingTime(remainingSeconds);
          |       ^
      104 |
      105 |       // If time has expired, unlock
      106 |       if (remaining <= 0) {

      at printWarning (node_modules/react-dom/cjs/react-dom.development.js:86:30)
      at error (node_modules/react-dom/cjs/react-dom.development.js:60:7)
      at warnIfUpdatesNotWrappedWithActDEV (node_modules/react-dom/cjs/react-dom.development.js:27628:9)
      at scheduleUpdateOnFiber (node_modules/react-dom/cjs/react-dom.development.js:25547:5)
      at dispatchSetState (node_modules/react-dom/cjs/react-dom.development.js:16708:7)
      at setRemainingTime (src/hooks/useRateLimit.ts:103:7)
      at callTimer (node_modules/@sinonjs/fake-timers/src/fake-timers-src.js:806:24)
      at doTickInner (node_modules/@sinonjs/fake-timers/src/fake-timers-src.js:1413:29)
      at doTick (node_modules/@sinonjs/fake-timers/src/fake-timers-src.js:1494:20)
      at Object.tick (node_modules/@sinonjs/fake-timers/src/fake-timers-src.js:1502:20)
      at Object.runToLast (node_modules/@sinonjs/fake-timers/src/fake-timers-src.js:1661:26)
      at FakeTimers.runOnlyPendingTimers (node_modules/@jest/fake-timers/build/index.js:542:19)
      at runOnlyPendingTimers (src/hooks/useRateLimit.test.tsx:785:18)
      at Property.predicate (node_modules/fast-check/lib/cjs/check/property/Property.js:17:92)
      at Property.run (node_modules/fast-check/lib/cjs/check/property/Property.generic.js:46:33)
      at runIt (node_modules/fast-check/lib/cjs/check/runner/Runner.js:18:30)
      at check (node_modules/fast-check/lib/cjs/check/runner/Runner.js:58:11)
      at Object.assert (node_modules/fast-check/lib/cjs/check/runner/Runner.js:61:17)
      at Object.assert (src/hooks/useRateLimit.test.tsx:754:10)

    console.error
      Warning: An update to TestComponent inside a test was not wrapped in act(...).
      
      When testing, code that causes React state updates should be wrapped into act(...):
      
      act(() => {
        /* fire events that update state */
      });
      /* assert on the output */
      
      This ensures that you're testing the behavior the user would see in the browser. Learn more at https://reactjs.org/link/wrap-tests-with-act
          at TestComponent (/Users/ryan/Library/Mobile Documents/com~apple~CloudDocs/Documents/VSCode/Tax-App-Frontend/node_modules/@testing-library/react/dist/pure.js:328:5)

      101 |       const remainingSeconds = Math.ceil(remaining / 1000);
      102 |       
    > 103 |       setRemainingTime(remainingSeconds);
          |       ^
      104 |
      105 |       // If time has expired, unlock
      106 |       if (remaining <= 0) {

      at printWarning (node_modules/react-dom/cjs/react-dom.development.js:86:30)
      at error (node_modules/react-dom/cjs/react-dom.development.js:60:7)
      at warnIfUpdatesNotWrappedWithActDEV (node_modules/react-dom/cjs/react-dom.development.js:27628:9)
      at scheduleUpdateOnFiber (node_modules/react-dom/cjs/react-dom.development.js:25547:5)
      at dispatchSetState (node_modules/react-dom/cjs/react-dom.development.js:16708:7)
      at setRemainingTime (src/hooks/useRateLimit.ts:103:7)
      at callTimer (node_modules/@sinonjs/fake-timers/src/fake-timers-src.js:806:24)
      at doTickInner (node_modules/@sinonjs/fake-timers/src/fake-timers-src.js:1413:29)
      at doTick (node_modules/@sinonjs/fake-timers/src/fake-timers-src.js:1494:20)
      at Object.tick (node_modules/@sinonjs/fake-timers/src/fake-timers-src.js:1502:20)
      at Object.runToLast (node_modules/@sinonjs/fake-timers/src/fake-timers-src.js:1661:26)
      at FakeTimers.runOnlyPendingTimers (node_modules/@jest/fake-timers/build/index.js:542:19)
      at runOnlyPendingTimers (src/hooks/useRateLimit.test.tsx:785:18)
      at Property.predicate (node_modules/fast-check/lib/cjs/check/property/Property.js:17:92)
      at Property.run (node_modules/fast-check/lib/cjs/check/property/Property.generic.js:46:33)
      at runIt (node_modules/fast-check/lib/cjs/check/runner/Runner.js:18:30)
      at check (node_modules/fast-check/lib/cjs/check/runner/Runner.js:58:11)
      at Object.assert (node_modules/fast-check/lib/cjs/check/runner/Runner.js:61:17)
      at Object.assert (src/hooks/useRateLimit.test.tsx:754:10)

    console.error
      Warning: An update to TestComponent inside a test was not wrapped in act(...).
      
      When testing, code that causes React state updates should be wrapped into act(...):
      
      act(() => {
        /* fire events that update state */
      });
      /* assert on the output */
      
      This ensures that you're testing the behavior the user would see in the browser. Learn more at https://reactjs.org/link/wrap-tests-with-act
          at TestComponent (/Users/ryan/Library/Mobile Documents/com~apple~CloudDocs/Documents/VSCode/Tax-App-Frontend/node_modules/@testing-library/react/dist/pure.js:328:5)

      101 |       const remainingSeconds = Math.ceil(remaining / 1000);
      102 |       
    > 103 |       setRemainingTime(remainingSeconds);
          |       ^
      104 |
      105 |       // If time has expired, unlock
      106 |       if (remaining <= 0) {

      at printWarning (node_modules/react-dom/cjs/react-dom.development.js:86:30)
      at error (node_modules/react-dom/cjs/react-dom.development.js:60:7)
      at warnIfUpdatesNotWrappedWithActDEV (node_modules/react-dom/cjs/react-dom.development.js:27628:9)
      at scheduleUpdateOnFiber (node_modules/react-dom/cjs/react-dom.development.js:25547:5)
      at dispatchSetState (node_modules/react-dom/cjs/react-dom.development.js:16708:7)
      at setRemainingTime (src/hooks/useRateLimit.ts:103:7)
      at callTimer (node_modules/@sinonjs/fake-timers/src/fake-timers-src.js:806:24)
      at doTickInner (node_modules/@sinonjs/fake-timers/src/fake-timers-src.js:1413:29)
      at doTick (node_modules/@sinonjs/fake-timers/src/fake-timers-src.js:1494:20)
      at Object.tick (node_modules/@sinonjs/fake-timers/src/fake-timers-src.js:1502:20)
      at Object.runToLast (node_modules/@sinonjs/fake-timers/src/fake-timers-src.js:1661:26)
      at FakeTimers.runOnlyPendingTimers (node_modules/@jest/fake-timers/build/index.js:542:19)
      at runOnlyPendingTimers (src/hooks/useRateLimit.test.tsx:785:18)
      at Property.predicate (node_modules/fast-check/lib/cjs/check/property/Property.js:17:92)
      at Property.run (node_modules/fast-check/lib/cjs/check/property/Property.generic.js:46:33)
      at runIt (node_modules/fast-check/lib/cjs/check/runner/Runner.js:18:30)
      at check (node_modules/fast-check/lib/cjs/check/runner/Runner.js:58:11)
      at Object.assert (node_modules/fast-check/lib/cjs/check/runner/Runner.js:61:17)
      at Object.assert (src/hooks/useRateLimit.test.tsx:754:10)

    console.error
      Warning: An update to TestComponent inside a test was not wrapped in act(...).
      
      When testing, code that causes React state updates should be wrapped into act(...):
      
      act(() => {
        /* fire events that update state */
      });
      /* assert on the output */
      
      This ensures that you're testing the behavior the user would see in the browser. Learn more at https://reactjs.org/link/wrap-tests-with-act
          at TestComponent (/Users/ryan/Library/Mobile Documents/com~apple~CloudDocs/Documents/VSCode/Tax-App-Frontend/node_modules/@testing-library/react/dist/pure.js:328:5)

      101 |       const remainingSeconds = Math.ceil(remaining / 1000);
      102 |       
    > 103 |       setRemainingTime(remainingSeconds);
          |       ^
      104 |
      105 |       // If time has expired, unlock
      106 |       if (remaining <= 0) {

      at printWarning (node_modules/react-dom/cjs/react-dom.development.js:86:30)
      at error (node_modules/react-dom/cjs/react-dom.development.js:60:7)
      at warnIfUpdatesNotWrappedWithActDEV (node_modules/react-dom/cjs/react-dom.development.js:27628:9)
      at scheduleUpdateOnFiber (node_modules/react-dom/cjs/react-dom.development.js:25547:5)
      at dispatchSetState (node_modules/react-dom/cjs/react-dom.development.js:16708:7)
      at setRemainingTime (src/hooks/useRateLimit.ts:103:7)
      at callTimer (node_modules/@sinonjs/fake-timers/src/fake-timers-src.js:806:24)
      at doTickInner (node_modules/@sinonjs/fake-timers/src/fake-timers-src.js:1413:29)
      at doTick (node_modules/@sinonjs/fake-timers/src/fake-timers-src.js:1494:20)
      at Object.tick (node_modules/@sinonjs/fake-timers/src/fake-timers-src.js:1502:20)
      at Object.runToLast (node_modules/@sinonjs/fake-timers/src/fake-timers-src.js:1661:26)
      at FakeTimers.runOnlyPendingTimers (node_modules/@jest/fake-timers/build/index.js:542:19)
      at runOnlyPendingTimers (src/hooks/useRateLimit.test.tsx:785:18)
      at Property.predicate (node_modules/fast-check/lib/cjs/check/property/Property.js:17:92)
      at Property.run (node_modules/fast-check/lib/cjs/check/property/Property.generic.js:46:33)
      at runIt (node_modules/fast-check/lib/cjs/check/runner/Runner.js:18:30)
      at check (node_modules/fast-check/lib/cjs/check/runner/Runner.js:58:11)
      at Object.assert (node_modules/fast-check/lib/cjs/check/runner/Runner.js:61:17)
      at Object.assert (src/hooks/useRateLimit.test.tsx:754:10)

    console.error
      Warning: An update to TestComponent inside a test was not wrapped in act(...).
      
      When testing, code that causes React state updates should be wrapped into act(...):
      
      act(() => {
        /* fire events that update state */
      });
      /* assert on the output */
      
      This ensures that you're testing the behavior the user would see in the browser. Learn more at https://reactjs.org/link/wrap-tests-with-act
          at TestComponent (/Users/ryan/Library/Mobile Documents/com~apple~CloudDocs/Documents/VSCode/Tax-App-Frontend/node_modules/@testing-library/react/dist/pure.js:328:5)

      101 |       const remainingSeconds = Math.ceil(remaining / 1000);
      102 |       
    > 103 |       setRemainingTime(remainingSeconds);
          |       ^
      104 |
      105 |       // If time has expired, unlock
      106 |       if (remaining <= 0) {

      at printWarning (node_modules/react-dom/cjs/react-dom.development.js:86:30)
      at error (node_modules/react-dom/cjs/react-dom.development.js:60:7)
      at warnIfUpdatesNotWrappedWithActDEV (node_modules/react-dom/cjs/react-dom.development.js:27628:9)
      at scheduleUpdateOnFiber (node_modules/react-dom/cjs/react-dom.development.js:25547:5)
      at dispatchSetState (node_modules/react-dom/cjs/react-dom.development.js:16708:7)
      at setRemainingTime (src/hooks/useRateLimit.ts:103:7)
      at callTimer (node_modules/@sinonjs/fake-timers/src/fake-timers-src.js:806:24)
      at doTickInner (node_modules/@sinonjs/fake-timers/src/fake-timers-src.js:1413:29)
      at doTick (node_modules/@sinonjs/fake-timers/src/fake-timers-src.js:1494:20)
      at Object.tick (node_modules/@sinonjs/fake-timers/src/fake-timers-src.js:1502:20)
      at Object.runToLast (node_modules/@sinonjs/fake-timers/src/fake-timers-src.js:1661:26)
      at FakeTimers.runOnlyPendingTimers (node_modules/@jest/fake-timers/build/index.js:542:19)
      at runOnlyPendingTimers (src/hooks/useRateLimit.test.tsx:785:18)
      at Property.predicate (node_modules/fast-check/lib/cjs/check/property/Property.js:17:92)
      at Property.run (node_modules/fast-check/lib/cjs/check/property/Property.generic.js:46:33)
      at runIt (node_modules/fast-check/lib/cjs/check/runner/Runner.js:18:30)
      at check (node_modules/fast-check/lib/cjs/check/runner/Runner.js:58:11)
      at Object.assert (node_modules/fast-check/lib/cjs/check/runner/Runner.js:61:17)
      at Object.assert (src/hooks/useRateLimit.test.tsx:754:10)

    console.error
      Warning: An update to TestComponent inside a test was not wrapped in act(...).
      
      When testing, code that causes React state updates should be wrapped into act(...):
      
      act(() => {
        /* fire events that update state */
      });
      /* assert on the output */
      
      This ensures that you're testing the behavior the user would see in the browser. Learn more at https://reactjs.org/link/wrap-tests-with-act
          at TestComponent (/Users/ryan/Library/Mobile Documents/com~apple~CloudDocs/Documents/VSCode/Tax-App-Frontend/node_modules/@testing-library/react/dist/pure.js:328:5)

      101 |       const remainingSeconds = Math.ceil(remaining / 1000);
      102 |       
    > 103 |       setRemainingTime(remainingSeconds);
          |       ^
      104 |
      105 |       // If time has expired, unlock
      106 |       if (remaining <= 0) {

      at printWarning (node_modules/react-dom/cjs/react-dom.development.js:86:30)
      at error (node_modules/react-dom/cjs/react-dom.development.js:60:7)
      at warnIfUpdatesNotWrappedWithActDEV (node_modules/react-dom/cjs/react-dom.development.js:27628:9)
      at scheduleUpdateOnFiber (node_modules/react-dom/cjs/react-dom.development.js:25547:5)
      at dispatchSetState (node_modules/react-dom/cjs/react-dom.development.js:16708:7)
      at setRemainingTime (src/hooks/useRateLimit.ts:103:7)
      at callTimer (node_modules/@sinonjs/fake-timers/src/fake-timers-src.js:806:24)
      at doTickInner (node_modules/@sinonjs/fake-timers/src/fake-timers-src.js:1413:29)
      at doTick (node_modules/@sinonjs/fake-timers/src/fake-timers-src.js:1494:20)
      at Object.tick (node_modules/@sinonjs/fake-timers/src/fake-timers-src.js:1502:20)
      at Object.runToLast (node_modules/@sinonjs/fake-timers/src/fake-timers-src.js:1661:26)
      at FakeTimers.runOnlyPendingTimers (node_modules/@jest/fake-timers/build/index.js:542:19)
      at runOnlyPendingTimers (src/hooks/useRateLimit.test.tsx:785:18)
      at Property.predicate (node_modules/fast-check/lib/cjs/check/property/Property.js:17:92)
      at Property.run (node_modules/fast-check/lib/cjs/check/property/Property.generic.js:46:33)
      at runIt (node_modules/fast-check/lib/cjs/check/runner/Runner.js:18:30)
      at check (node_modules/fast-check/lib/cjs/check/runner/Runner.js:58:11)
      at Object.assert (node_modules/fast-check/lib/cjs/check/runner/Runner.js:61:17)
      at Object.assert (src/hooks/useRateLimit.test.tsx:754:10)

    console.error
      Warning: An update to TestComponent inside a test was not wrapped in act(...).
      
      When testing, code that causes React state updates should be wrapped into act(...):
      
      act(() => {
        /* fire events that update state */
      });
      /* assert on the output */
      
      This ensures that you're testing the behavior the user would see in the browser. Learn more at https://reactjs.org/link/wrap-tests-with-act
          at TestComponent (/Users/ryan/Library/Mobile Documents/com~apple~CloudDocs/Documents/VSCode/Tax-App-Frontend/node_modules/@testing-library/react/dist/pure.js:328:5)

      101 |       const remainingSeconds = Math.ceil(remaining / 1000);
      102 |       
    > 103 |       setRemainingTime(remainingSeconds);
          |       ^
      104 |
      105 |       // If time has expired, unlock
      106 |       if (remaining <= 0) {

      at printWarning (node_modules/react-dom/cjs/react-dom.development.js:86:30)
      at error (node_modules/react-dom/cjs/react-dom.development.js:60:7)
      at warnIfUpdatesNotWrappedWithActDEV (node_modules/react-dom/cjs/react-dom.development.js:27628:9)
      at scheduleUpdateOnFiber (node_modules/react-dom/cjs/react-dom.development.js:25547:5)
      at dispatchSetState (node_modules/react-dom/cjs/react-dom.development.js:16708:7)
      at setRemainingTime (src/hooks/useRateLimit.ts:103:7)
      at callTimer (node_modules/@sinonjs/fake-timers/src/fake-timers-src.js:806:24)
      at doTickInner (node_modules/@sinonjs/fake-timers/src/fake-timers-src.js:1413:29)
      at doTick (node_modules/@sinonjs/fake-timers/src/fake-timers-src.js:1494:20)
      at Object.tick (node_modules/@sinonjs/fake-timers/src/fake-timers-src.js:1502:20)
      at Object.runToLast (node_modules/@sinonjs/fake-timers/src/fake-timers-src.js:1661:26)
      at FakeTimers.runOnlyPendingTimers (node_modules/@jest/fake-timers/build/index.js:542:19)
      at runOnlyPendingTimers (src/hooks/useRateLimit.test.tsx:785:18)
      at Property.predicate (node_modules/fast-check/lib/cjs/check/property/Property.js:17:92)
      at Property.run (node_modules/fast-check/lib/cjs/check/property/Property.generic.js:46:33)
      at runIt (node_modules/fast-check/lib/cjs/check/runner/Runner.js:18:30)
      at check (node_modules/fast-check/lib/cjs/check/runner/Runner.js:58:11)
      at Object.assert (node_modules/fast-check/lib/cjs/check/runner/Runner.js:61:17)
      at Object.assert (src/hooks/useRateLimit.test.tsx:754:10)

    console.error
      Warning: An update to TestComponent inside a test was not wrapped in act(...).
      
      When testing, code that causes React state updates should be wrapped into act(...):
      
      act(() => {
        /* fire events that update state */
      });
      /* assert on the output */
      
      This ensures that you're testing the behavior the user would see in the browser. Learn more at https://reactjs.org/link/wrap-tests-with-act
          at TestComponent (/Users/ryan/Library/Mobile Documents/com~apple~CloudDocs/Documents/VSCode/Tax-App-Frontend/node_modules/@testing-library/react/dist/pure.js:328:5)

      101 |       const remainingSeconds = Math.ceil(remaining / 1000);
      102 |       
    > 103 |       setRemainingTime(remainingSeconds);
          |       ^
      104 |
      105 |       // If time has expired, unlock
      106 |       if (remaining <= 0) {

      at printWarning (node_modules/react-dom/cjs/react-dom.development.js:86:30)
      at error (node_modules/react-dom/cjs/react-dom.development.js:60:7)
      at warnIfUpdatesNotWrappedWithActDEV (node_modules/react-dom/cjs/react-dom.development.js:27628:9)
      at scheduleUpdateOnFiber (node_modules/react-dom/cjs/react-dom.development.js:25547:5)
      at dispatchSetState (node_modules/react-dom/cjs/react-dom.development.js:16708:7)
      at setRemainingTime (src/hooks/useRateLimit.ts:103:7)
      at callTimer (node_modules/@sinonjs/fake-timers/src/fake-timers-src.js:806:24)
      at doTickInner (node_modules/@sinonjs/fake-timers/src/fake-timers-src.js:1413:29)
      at doTick (node_modules/@sinonjs/fake-timers/src/fake-timers-src.js:1494:20)
      at Object.tick (node_modules/@sinonjs/fake-timers/src/fake-timers-src.js:1502:20)
      at Object.runToLast (node_modules/@sinonjs/fake-timers/src/fake-timers-src.js:1661:26)
      at FakeTimers.runOnlyPendingTimers (node_modules/@jest/fake-timers/build/index.js:542:19)
      at runOnlyPendingTimers (src/hooks/useRateLimit.test.tsx:785:18)
      at Property.predicate (node_modules/fast-check/lib/cjs/check/property/Property.js:17:92)
      at Property.run (node_modules/fast-check/lib/cjs/check/property/Property.generic.js:46:33)
      at runIt (node_modules/fast-check/lib/cjs/check/runner/Runner.js:18:30)
      at check (node_modules/fast-check/lib/cjs/check/runner/Runner.js:58:11)
      at Object.assert (node_modules/fast-check/lib/cjs/check/runner/Runner.js:61:17)
      at Object.assert (src/hooks/useRateLimit.test.tsx:754:10)

    console.error
      Warning: An update to TestComponent inside a test was not wrapped in act(...).
      
      When testing, code that causes React state updates should be wrapped into act(...):
      
      act(() => {
        /* fire events that update state */
      });
      /* assert on the output */
      
      This ensures that you're testing the behavior the user would see in the browser. Learn more at https://reactjs.org/link/wrap-tests-with-act
          at TestComponent (/Users/ryan/Library/Mobile Documents/com~apple~CloudDocs/Documents/VSCode/Tax-App-Frontend/node_modules/@testing-library/react/dist/pure.js:328:5)

      101 |       const remainingSeconds = Math.ceil(remaining / 1000);
      102 |       
    > 103 |       setRemainingTime(remainingSeconds);
          |       ^
      104 |
      105 |       // If time has expired, unlock
      106 |       if (remaining <= 0) {

      at printWarning (node_modules/react-dom/cjs/react-dom.development.js:86:30)
      at error (node_modules/react-dom/cjs/react-dom.development.js:60:7)
      at warnIfUpdatesNotWrappedWithActDEV (node_modules/react-dom/cjs/react-dom.development.js:27628:9)
      at scheduleUpdateOnFiber (node_modules/react-dom/cjs/react-dom.development.js:25547:5)
      at dispatchSetState (node_modules/react-dom/cjs/react-dom.development.js:16708:7)
      at setRemainingTime (src/hooks/useRateLimit.ts:103:7)
      at callTimer (node_modules/@sinonjs/fake-timers/src/fake-timers-src.js:806:24)
      at doTickInner (node_modules/@sinonjs/fake-timers/src/fake-timers-src.js:1413:29)
      at doTick (node_modules/@sinonjs/fake-timers/src/fake-timers-src.js:1494:20)
      at Object.tick (node_modules/@sinonjs/fake-timers/src/fake-timers-src.js:1502:20)
      at Object.runToLast (node_modules/@sinonjs/fake-timers/src/fake-timers-src.js:1661:26)
      at FakeTimers.runOnlyPendingTimers (node_modules/@jest/fake-timers/build/index.js:542:19)
      at runOnlyPendingTimers (src/hooks/useRateLimit.test.tsx:785:18)
      at Property.predicate (node_modules/fast-check/lib/cjs/check/property/Property.js:17:92)
      at Property.run (node_modules/fast-check/lib/cjs/check/property/Property.generic.js:46:33)
      at runIt (node_modules/fast-check/lib/cjs/check/runner/Runner.js:18:30)
      at check (node_modules/fast-check/lib/cjs/check/runner/Runner.js:58:11)
      at Object.assert (node_modules/fast-check/lib/cjs/check/runner/Runner.js:61:17)
      at Object.assert (src/hooks/useRateLimit.test.tsx:754:10)

    console.error
      Warning: An update to TestComponent inside a test was not wrapped in act(...).
      
      When testing, code that causes React state updates should be wrapped into act(...):
      
      act(() => {
        /* fire events that update state */
      });
      /* assert on the output */
      
      This ensures that you're testing the behavior the user would see in the browser. Learn more at https://reactjs.org/link/wrap-tests-with-act
          at TestComponent (/Users/ryan/Library/Mobile Documents/com~apple~CloudDocs/Documents/VSCode/Tax-App-Frontend/node_modules/@testing-library/react/dist/pure.js:328:5)

      101 |       const remainingSeconds = Math.ceil(remaining / 1000);
      102 |       
    > 103 |       setRemainingTime(remainingSeconds);
          |       ^
      104 |
      105 |       // If time has expired, unlock
      106 |       if (remaining <= 0) {

      at printWarning (node_modules/react-dom/cjs/react-dom.development.js:86:30)
      at error (node_modules/react-dom/cjs/react-dom.development.js:60:7)
      at warnIfUpdatesNotWrappedWithActDEV (node_modules/react-dom/cjs/react-dom.development.js:27628:9)
      at scheduleUpdateOnFiber (node_modules/react-dom/cjs/react-dom.development.js:25547:5)
      at dispatchSetState (node_modules/react-dom/cjs/react-dom.development.js:16708:7)
      at setRemainingTime (src/hooks/useRateLimit.ts:103:7)
      at callTimer (node_modules/@sinonjs/fake-timers/src/fake-timers-src.js:806:24)
      at doTickInner (node_modules/@sinonjs/fake-timers/src/fake-timers-src.js:1413:29)
      at doTick (node_modules/@sinonjs/fake-timers/src/fake-timers-src.js:1494:20)
      at Object.tick (node_modules/@sinonjs/fake-timers/src/fake-timers-src.js:1502:20)
      at Object.runToLast (node_modules/@sinonjs/fake-timers/src/fake-timers-src.js:1661:26)
      at FakeTimers.runOnlyPendingTimers (node_modules/@jest/fake-timers/build/index.js:542:19)
      at runOnlyPendingTimers (src/hooks/useRateLimit.test.tsx:785:18)
      at Property.predicate (node_modules/fast-check/lib/cjs/check/property/Property.js:17:92)
      at Property.run (node_modules/fast-check/lib/cjs/check/property/Property.generic.js:46:33)
      at runIt (node_modules/fast-check/lib/cjs/check/runner/Runner.js:18:30)
      at check (node_modules/fast-check/lib/cjs/check/runner/Runner.js:58:11)
      at Object.assert (node_modules/fast-check/lib/cjs/check/runner/Runner.js:61:17)
      at Object.assert (src/hooks/useRateLimit.test.tsx:754:10)

    console.error
      Warning: An update to TestComponent inside a test was not wrapped in act(...).
      
      When testing, code that causes React state updates should be wrapped into act(...):
      
      act(() => {
        /* fire events that update state */
      });
      /* assert on the output */
      
      This ensures that you're testing the behavior the user would see in the browser. Learn more at https://reactjs.org/link/wrap-tests-with-act
          at TestComponent (/Users/ryan/Library/Mobile Documents/com~apple~CloudDocs/Documents/VSCode/Tax-App-Frontend/node_modules/@testing-library/react/dist/pure.js:328:5)

      101 |       const remainingSeconds = Math.ceil(remaining / 1000);
      102 |       
    > 103 |       setRemainingTime(remainingSeconds);
          |       ^
      104 |
      105 |       // If time has expired, unlock
      106 |       if (remaining <= 0) {

      at printWarning (node_modules/react-dom/cjs/react-dom.development.js:86:30)
      at error (node_modules/react-dom/cjs/react-dom.development.js:60:7)
      at warnIfUpdatesNotWrappedWithActDEV (node_modules/react-dom/cjs/react-dom.development.js:27628:9)
      at scheduleUpdateOnFiber (node_modules/react-dom/cjs/react-dom.development.js:25547:5)
      at dispatchSetState (node_modules/react-dom/cjs/react-dom.development.js:16708:7)
      at setRemainingTime (src/hooks/useRateLimit.ts:103:7)
      at callTimer (node_modules/@sinonjs/fake-timers/src/fake-timers-src.js:806:24)
      at doTickInner (node_modules/@sinonjs/fake-timers/src/fake-timers-src.js:1413:29)
      at doTick (node_modules/@sinonjs/fake-timers/src/fake-timers-src.js:1494:20)
      at Object.tick (node_modules/@sinonjs/fake-timers/src/fake-timers-src.js:1502:20)
      at Object.runToLast (node_modules/@sinonjs/fake-timers/src/fake-timers-src.js:1661:26)
      at FakeTimers.runOnlyPendingTimers (node_modules/@jest/fake-timers/build/index.js:542:19)
      at runOnlyPendingTimers (src/hooks/useRateLimit.test.tsx:785:18)
      at Property.predicate (node_modules/fast-check/lib/cjs/check/property/Property.js:17:92)
      at Property.run (node_modules/fast-check/lib/cjs/check/property/Property.generic.js:46:33)
      at runIt (node_modules/fast-check/lib/cjs/check/runner/Runner.js:18:30)
      at check (node_modules/fast-check/lib/cjs/check/runner/Runner.js:58:11)
      at Object.assert (node_modules/fast-check/lib/cjs/check/runner/Runner.js:61:17)
      at Object.assert (src/hooks/useRateLimit.test.tsx:754:10)

    console.error
      Warning: An update to TestComponent inside a test was not wrapped in act(...).
      
      When testing, code that causes React state updates should be wrapped into act(...):
      
      act(() => {
        /* fire events that update state */
      });
      /* assert on the output */
      
      This ensures that you're testing the behavior the user would see in the browser. Learn more at https://reactjs.org/link/wrap-tests-with-act
          at TestComponent (/Users/ryan/Library/Mobile Documents/com~apple~CloudDocs/Documents/VSCode/Tax-App-Frontend/node_modules/@testing-library/react/dist/pure.js:328:5)

      101 |       const remainingSeconds = Math.ceil(remaining / 1000);
      102 |       
    > 103 |       setRemainingTime(remainingSeconds);
          |       ^
      104 |
      105 |       // If time has expired, unlock
      106 |       if (remaining <= 0) {

      at printWarning (node_modules/react-dom/cjs/react-dom.development.js:86:30)
      at error (node_modules/react-dom/cjs/react-dom.development.js:60:7)
      at warnIfUpdatesNotWrappedWithActDEV (node_modules/react-dom/cjs/react-dom.development.js:27628:9)
      at scheduleUpdateOnFiber (node_modules/react-dom/cjs/react-dom.development.js:25547:5)
      at dispatchSetState (node_modules/react-dom/cjs/react-dom.development.js:16708:7)
      at setRemainingTime (src/hooks/useRateLimit.ts:103:7)
      at callTimer (node_modules/@sinonjs/fake-timers/src/fake-timers-src.js:806:24)
      at doTickInner (node_modules/@sinonjs/fake-timers/src/fake-timers-src.js:1413:29)
      at doTick (node_modules/@sinonjs/fake-timers/src/fake-timers-src.js:1494:20)
      at Object.tick (node_modules/@sinonjs/fake-timers/src/fake-timers-src.js:1502:20)
      at Object.runToLast (node_modules/@sinonjs/fake-timers/src/fake-timers-src.js:1661:26)
      at FakeTimers.runOnlyPendingTimers (node_modules/@jest/fake-timers/build/index.js:542:19)
      at runOnlyPendingTimers (src/hooks/useRateLimit.test.tsx:785:18)
      at Property.predicate (node_modules/fast-check/lib/cjs/check/property/Property.js:17:92)
      at Property.run (node_modules/fast-check/lib/cjs/check/property/Property.generic.js:46:33)
      at runIt (node_modules/fast-check/lib/cjs/check/runner/Runner.js:18:30)
      at check (node_modules/fast-check/lib/cjs/check/runner/Runner.js:58:11)
      at Object.assert (node_modules/fast-check/lib/cjs/check/runner/Runner.js:61:17)
      at Object.assert (src/hooks/useRateLimit.test.tsx:754:10)

    console.error
      Warning: An update to TestComponent inside a test was not wrapped in act(...).
      
      When testing, code that causes React state updates should be wrapped into act(...):
      
      act(() => {
        /* fire events that update state */
      });
      /* assert on the output */
      
      This ensures that you're testing the behavior the user would see in the browser. Learn more at https://reactjs.org/link/wrap-tests-with-act
          at TestComponent (/Users/ryan/Library/Mobile Documents/com~apple~CloudDocs/Documents/VSCode/Tax-App-Frontend/node_modules/@testing-library/react/dist/pure.js:328:5)

      101 |       const remainingSeconds = Math.ceil(remaining / 1000);
      102 |       
    > 103 |       setRemainingTime(remainingSeconds);
          |       ^
      104 |
      105 |       // If time has expired, unlock
      106 |       if (remaining <= 0) {

      at printWarning (node_modules/react-dom/cjs/react-dom.development.js:86:30)
      at error (node_modules/react-dom/cjs/react-dom.development.js:60:7)
      at warnIfUpdatesNotWrappedWithActDEV (node_modules/react-dom/cjs/react-dom.development.js:27628:9)
      at scheduleUpdateOnFiber (node_modules/react-dom/cjs/react-dom.development.js:25547:5)
      at dispatchSetState (node_modules/react-dom/cjs/react-dom.development.js:16708:7)
      at setRemainingTime (src/hooks/useRateLimit.ts:103:7)
      at callTimer (node_modules/@sinonjs/fake-timers/src/fake-timers-src.js:806:24)
      at doTickInner (node_modules/@sinonjs/fake-timers/src/fake-timers-src.js:1413:29)
      at doTick (node_modules/@sinonjs/fake-timers/src/fake-timers-src.js:1494:20)
      at Object.tick (node_modules/@sinonjs/fake-timers/src/fake-timers-src.js:1502:20)
      at Object.runToLast (node_modules/@sinonjs/fake-timers/src/fake-timers-src.js:1661:26)
      at FakeTimers.runOnlyPendingTimers (node_modules/@jest/fake-timers/build/index.js:542:19)
      at runOnlyPendingTimers (src/hooks/useRateLimit.test.tsx:785:18)
      at Property.predicate (node_modules/fast-check/lib/cjs/check/property/Property.js:17:92)
      at Property.run (node_modules/fast-check/lib/cjs/check/property/Property.generic.js:46:33)
      at runIt (node_modules/fast-check/lib/cjs/check/runner/Runner.js:18:30)
      at check (node_modules/fast-check/lib/cjs/check/runner/Runner.js:58:11)
      at Object.assert (node_modules/fast-check/lib/cjs/check/runner/Runner.js:61:17)
      at Object.assert (src/hooks/useRateLimit.test.tsx:754:10)

    console.error
      Warning: An update to TestComponent inside a test was not wrapped in act(...).
      
      When testing, code that causes React state updates should be wrapped into act(...):
      
      act(() => {
        /* fire events that update state */
      });
      /* assert on the output */
      
      This ensures that you're testing the behavior the user would see in the browser. Learn more at https://reactjs.org/link/wrap-tests-with-act
          at TestComponent (/Users/ryan/Library/Mobile Documents/com~apple~CloudDocs/Documents/VSCode/Tax-App-Frontend/node_modules/@testing-library/react/dist/pure.js:328:5)

      101 |       const remainingSeconds = Math.ceil(remaining / 1000);
      102 |       
    > 103 |       setRemainingTime(remainingSeconds);
          |       ^
      104 |
      105 |       // If time has expired, unlock
      106 |       if (remaining <= 0) {

      at printWarning (node_modules/react-dom/cjs/react-dom.development.js:86:30)
      at error (node_modules/react-dom/cjs/react-dom.development.js:60:7)
      at warnIfUpdatesNotWrappedWithActDEV (node_modules/react-dom/cjs/react-dom.development.js:27628:9)
      at scheduleUpdateOnFiber (node_modules/react-dom/cjs/react-dom.development.js:25547:5)
      at dispatchSetState (node_modules/react-dom/cjs/react-dom.development.js:16708:7)
      at setRemainingTime (src/hooks/useRateLimit.ts:103:7)
      at callTimer (node_modules/@sinonjs/fake-timers/src/fake-timers-src.js:806:24)
      at doTickInner (node_modules/@sinonjs/fake-timers/src/fake-timers-src.js:1413:29)
      at doTick (node_modules/@sinonjs/fake-timers/src/fake-timers-src.js:1494:20)
      at Object.tick (node_modules/@sinonjs/fake-timers/src/fake-timers-src.js:1502:20)
      at Object.runToLast (node_modules/@sinonjs/fake-timers/src/fake-timers-src.js:1661:26)
      at FakeTimers.runOnlyPendingTimers (node_modules/@jest/fake-timers/build/index.js:542:19)
      at runOnlyPendingTimers (src/hooks/useRateLimit.test.tsx:785:18)
      at Property.predicate (node_modules/fast-check/lib/cjs/check/property/Property.js:17:92)
      at Property.run (node_modules/fast-check/lib/cjs/check/property/Property.generic.js:46:33)
      at runIt (node_modules/fast-check/lib/cjs/check/runner/Runner.js:18:30)
      at check (node_modules/fast-check/lib/cjs/check/runner/Runner.js:58:11)
      at Object.assert (node_modules/fast-check/lib/cjs/check/runner/Runner.js:61:17)
      at Object.assert (src/hooks/useRateLimit.test.tsx:754:10)

    console.error
      Warning: An update to TestComponent inside a test was not wrapped in act(...).
      
      When testing, code that causes React state updates should be wrapped into act(...):
      
      act(() => {
        /* fire events that update state */
      });
      /* assert on the output */
      
      This ensures that you're testing the behavior the user would see in the browser. Learn more at https://reactjs.org/link/wrap-tests-with-act
          at TestComponent (/Users/ryan/Library/Mobile Documents/com~apple~CloudDocs/Documents/VSCode/Tax-App-Frontend/node_modules/@testing-library/react/dist/pure.js:328:5)

      101 |       const remainingSeconds = Math.ceil(remaining / 1000);
      102 |       
    > 103 |       setRemainingTime(remainingSeconds);
          |       ^
      104 |
      105 |       // If time has expired, unlock
      106 |       if (remaining <= 0) {

      at printWarning (node_modules/react-dom/cjs/react-dom.development.js:86:30)
      at error (node_modules/react-dom/cjs/react-dom.development.js:60:7)
      at warnIfUpdatesNotWrappedWithActDEV (node_modules/react-dom/cjs/react-dom.development.js:27628:9)
      at scheduleUpdateOnFiber (node_modules/react-dom/cjs/react-dom.development.js:25547:5)
      at dispatchSetState (node_modules/react-dom/cjs/react-dom.development.js:16708:7)
      at setRemainingTime (src/hooks/useRateLimit.ts:103:7)
      at callTimer (node_modules/@sinonjs/fake-timers/src/fake-timers-src.js:806:24)
      at doTickInner (node_modules/@sinonjs/fake-timers/src/fake-timers-src.js:1413:29)
      at doTick (node_modules/@sinonjs/fake-timers/src/fake-timers-src.js:1494:20)
      at Object.tick (node_modules/@sinonjs/fake-timers/src/fake-timers-src.js:1502:20)
      at Object.runToLast (node_modules/@sinonjs/fake-timers/src/fake-timers-src.js:1661:26)
      at FakeTimers.runOnlyPendingTimers (node_modules/@jest/fake-timers/build/index.js:542:19)
      at runOnlyPendingTimers (src/hooks/useRateLimit.test.tsx:785:18)
      at Property.predicate (node_modules/fast-check/lib/cjs/check/property/Property.js:17:92)
      at Property.run (node_modules/fast-check/lib/cjs/check/property/Property.generic.js:46:33)
      at runIt (node_modules/fast-check/lib/cjs/check/runner/Runner.js:18:30)
      at check (node_modules/fast-check/lib/cjs/check/runner/Runner.js:58:11)
      at Object.assert (node_modules/fast-check/lib/cjs/check/runner/Runner.js:61:17)
      at Object.assert (src/hooks/useRateLimit.test.tsx:754:10)

    console.warn
      A function to advance timers was called but the timers APIs are not replaced with fake timers. Call `jest.useFakeTimers()` in this test file or enable fake timers for all tests by setting 'fakeTimers': {'enableGlobally': true} in Jest configuration file.
      Stack Trace:
      
            33 |
            34 |   afterEach(() => {
          > 35 |     jest.runOnlyPendingTimers();
               |          ^
            36 |     jest.useRealTimers();
            37 |   });
            38 |
      
            Error: 
            at FakeTimers._checkFakeTimers (node_modules/@jest/fake-timers/build/index.js:641:7)
            at FakeTimers.runOnlyPendingTimers (node_modules/@jest/fake-timers/build/index.js:541:14)
            at Object.runOnlyPendingTimers (src/hooks/useRateLimit.test.tsx:35:10)

      33 |
      34 |   afterEach(() => {
    > 35 |     jest.runOnlyPendingTimers();
         |          ^
      36 |     jest.useRealTimers();
      37 |   });
      38 |

      at FakeTimers._checkFakeTimers (node_modules/@jest/fake-timers/build/index.js:639:28)
      at FakeTimers.runOnlyPendingTimers (node_modules/@jest/fake-timers/build/index.js:541:14)
      at Object.runOnlyPendingTimers (src/hooks/useRateLimit.test.tsx:35:10)

PASS src/app/forms/1099-div/page.test.tsx
PASS src/components/forms/Form1099DivPreview.test.tsx
  ● Console

    console.log
      [Button] Rendering with type: button

      at log (src/components/ui/Button.tsx:25:13)

    console.log
      [Button] Props received: {
        variant: 'secondary',
        size: 'lg',
        type: 'button',
        loading: false,
        disabled: undefined
      }

      at log (src/components/ui/Button.tsx:26:13)

    console.log
      [Button] Has onClick in props: true

      at log (src/components/ui/Button.tsx:27:13)

    console.log
      [Button] All props: {
        onClick: [Function: mockConstructor] {
          _isMockFunction: true,
          getMockImplementation: [Function (anonymous)],
          mock: [Getter/Setter],
          mockClear: [Function (anonymous)],
          mockReset: [Function (anonymous)],
          mockRestore: [Function (anonymous)],
          mockReturnValueOnce: [Function (anonymous)],
          mockResolvedValueOnce: [Function (anonymous)],
          mockRejectedValueOnce: [Function (anonymous)],
          mockReturnValue: [Function (anonymous)],
          mockResolvedValue: [Function (anonymous)],
          mockRejectedValue: [Function (anonymous)],
          mockImplementationOnce: [Function (anonymous)],
          withImplementation: [Function: bound withImplementation],
          mockImplementation: [Function (anonymous)],
          mockReturnThis: [Function (anonymous)],
          mockName: [Function (anonymous)],
          getMockName: [Function (anonymous)],
          [Symbol(nodejs.dispose)]: [Function (anonymous)]
        },
        'aria-label': 'Edit form data'
      }

      at log (src/components/ui/Button.tsx:28:13)

    console.log
      [Button] Rendering with type: button

      at log (src/components/ui/Button.tsx:25:13)

    console.log
      [Button] Props received: {
        variant: 'primary',
        size: 'lg',
        type: 'button',
        loading: false,
        disabled: undefined
      }

      at log (src/components/ui/Button.tsx:26:13)

    console.log
      [Button] Has onClick in props: true

      at log (src/components/ui/Button.tsx:27:13)

    console.log
      [Button] All props: {
        onClick: [Function: handleApprove],
        'aria-label': 'Approve and finalize form'
      }

      at log (src/components/ui/Button.tsx:28:13)

    console.error
      Warning: An update to Form1099DivPreview inside a test was not wrapped in act(...).
      
      When testing, code that causes React state updates should be wrapped into act(...):
      
      act(() => {
        /* fire events that update state */
      });
      /* assert on the output */
      
      This ensures that you're testing the behavior the user would see in the browser. Learn more at https://reactjs.org/link/wrap-tests-with-act
          at document (/Users/ryan/Library/Mobile Documents/com~apple~CloudDocs/Documents/VSCode/Tax-App-Frontend/src/components/forms/Form1099DivPreview.tsx:64:3)

      86 |         if (isMounted) {
      87 |           currentBlobUrl = blobUrl;
    > 88 |           setPdfUrl(blobUrl);
         |           ^
      89 |           setPdfLoading(false);
      90 |         }
      91 |       } catch (error: any) {

      at printWarning (node_modules/react-dom/cjs/react-dom.development.js:86:30)
      at error (node_modules/react-dom/cjs/react-dom.development.js:60:7)
      at warnIfUpdatesNotWrappedWithActDEV (node_modules/react-dom/cjs/react-dom.development.js:27628:9)
      at scheduleUpdateOnFiber (node_modules/react-dom/cjs/react-dom.development.js:25547:5)
      at dispatchSetState (node_modules/react-dom/cjs/react-dom.development.js:16708:7)
      at setPdfUrl (src/components/forms/Form1099DivPreview.tsx:88:11)

    console.error
      Warning: An update to Form1099DivPreview inside a test was not wrapped in act(...).
      
      When testing, code that causes React state updates should be wrapped into act(...):
      
      act(() => {
        /* fire events that update state */
      });
      /* assert on the output */
      
      This ensures that you're testing the behavior the user would see in the browser. Learn more at https://reactjs.org/link/wrap-tests-with-act
          at document (/Users/ryan/Library/Mobile Documents/com~apple~CloudDocs/Documents/VSCode/Tax-App-Frontend/src/components/forms/Form1099DivPreview.tsx:64:3)

      87 |           currentBlobUrl = blobUrl;
      88 |           setPdfUrl(blobUrl);
    > 89 |           setPdfLoading(false);
         |           ^
      90 |         }
      91 |       } catch (error: any) {
      92 |         console.error('[Form1099DivPreview] Error fetching PDF:', error);

      at printWarning (node_modules/react-dom/cjs/react-dom.development.js:86:30)
      at error (node_modules/react-dom/cjs/react-dom.development.js:60:7)
      at warnIfUpdatesNotWrappedWithActDEV (node_modules/react-dom/cjs/react-dom.development.js:27628:9)
      at scheduleUpdateOnFiber (node_modules/react-dom/cjs/react-dom.development.js:25547:5)
      at dispatchSetState (node_modules/react-dom/cjs/react-dom.development.js:16708:7)
      at setPdfLoading (src/components/forms/Form1099DivPreview.tsx:89:11)

    console.log
      [Button] Rendering with type: button

      at log (src/components/ui/Button.tsx:25:13)

    console.log
      [Button] Props received: {
        variant: 'secondary',
        size: 'lg',
        type: 'button',
        loading: false,
        disabled: undefined
      }

      at log (src/components/ui/Button.tsx:26:13)

    console.log
      [Button] Has onClick in props: true

      at log (src/components/ui/Button.tsx:27:13)

    console.log
      [Button] All props: {
        onClick: [Function: mockConstructor] {
          _isMockFunction: true,
          getMockImplementation: [Function (anonymous)],
          mock: [Getter/Setter],
          mockClear: [Function (anonymous)],
          mockReset: [Function (anonymous)],
          mockRestore: [Function (anonymous)],
          mockReturnValueOnce: [Function (anonymous)],
          mockResolvedValueOnce: [Function (anonymous)],
          mockRejectedValueOnce: [Function (anonymous)],
          mockReturnValue: [Function (anonymous)],
          mockResolvedValue: [Function (anonymous)],
          mockRejectedValue: [Function (anonymous)],
          mockImplementationOnce: [Function (anonymous)],
          withImplementation: [Function: bound withImplementation],
          mockImplementation: [Function (anonymous)],
          mockReturnThis: [Function (anonymous)],
          mockName: [Function (anonymous)],
          getMockName: [Function (anonymous)],
          [Symbol(nodejs.dispose)]: [Function (anonymous)]
        },
        'aria-label': 'Edit form data'
      }

      at log (src/components/ui/Button.tsx:28:13)

    console.log
      [Button] Rendering with type: button

      at log (src/components/ui/Button.tsx:25:13)

    console.log
      [Button] Props received: {
        variant: 'primary',
        size: 'lg',
        type: 'button',
        loading: false,
        disabled: undefined
      }

      at log (src/components/ui/Button.tsx:26:13)

    console.log
      [Button] Has onClick in props: true

      at log (src/components/ui/Button.tsx:27:13)

    console.log
      [Button] All props: {
        onClick: [Function: handleApprove],
        'aria-label': 'Approve and finalize form'
      }

      at log (src/components/ui/Button.tsx:28:13)

    console.error
      Warning: An update to Form1099DivPreview inside a test was not wrapped in act(...).
      
      When testing, code that causes React state updates should be wrapped into act(...):
      
      act(() => {
        /* fire events that update state */
      });
      /* assert on the output */
      
      This ensures that you're testing the behavior the user would see in the browser. Learn more at https://reactjs.org/link/wrap-tests-with-act
          at document (/Users/ryan/Library/Mobile Documents/com~apple~CloudDocs/Documents/VSCode/Tax-App-Frontend/src/components/forms/Form1099DivPreview.tsx:64:3)

      86 |         if (isMounted) {
      87 |           currentBlobUrl = blobUrl;
    > 88 |           setPdfUrl(blobUrl);
         |           ^
      89 |           setPdfLoading(false);
      90 |         }
      91 |       } catch (error: any) {

      at printWarning (node_modules/react-dom/cjs/react-dom.development.js:86:30)
      at error (node_modules/react-dom/cjs/react-dom.development.js:60:7)
      at warnIfUpdatesNotWrappedWithActDEV (node_modules/react-dom/cjs/react-dom.development.js:27628:9)
      at scheduleUpdateOnFiber (node_modules/react-dom/cjs/react-dom.development.js:25547:5)
      at dispatchSetState (node_modules/react-dom/cjs/react-dom.development.js:16708:7)
      at setPdfUrl (src/components/forms/Form1099DivPreview.tsx:88:11)

    console.error
      Warning: An update to Form1099DivPreview inside a test was not wrapped in act(...).
      
      When testing, code that causes React state updates should be wrapped into act(...):
      
      act(() => {
        /* fire events that update state */
      });
      /* assert on the output */
      
      This ensures that you're testing the behavior the user would see in the browser. Learn more at https://reactjs.org/link/wrap-tests-with-act
          at document (/Users/ryan/Library/Mobile Documents/com~apple~CloudDocs/Documents/VSCode/Tax-App-Frontend/src/components/forms/Form1099DivPreview.tsx:64:3)

      87 |           currentBlobUrl = blobUrl;
      88 |           setPdfUrl(blobUrl);
    > 89 |           setPdfLoading(false);
         |           ^
      90 |         }
      91 |       } catch (error: any) {
      92 |         console.error('[Form1099DivPreview] Error fetching PDF:', error);

      at printWarning (node_modules/react-dom/cjs/react-dom.development.js:86:30)
      at error (node_modules/react-dom/cjs/react-dom.development.js:60:7)
      at warnIfUpdatesNotWrappedWithActDEV (node_modules/react-dom/cjs/react-dom.development.js:27628:9)
      at scheduleUpdateOnFiber (node_modules/react-dom/cjs/react-dom.development.js:25547:5)
      at dispatchSetState (node_modules/react-dom/cjs/react-dom.development.js:16708:7)
      at setPdfLoading (src/components/forms/Form1099DivPreview.tsx:89:11)

    console.log
      [Button] Rendering with type: button

      at log (src/components/ui/Button.tsx:25:13)

    console.log
      [Button] Props received: {
        variant: 'secondary',
        size: 'lg',
        type: 'button',
        loading: false,
        disabled: undefined
      }

      at log (src/components/ui/Button.tsx:26:13)

    console.log
      [Button] Has onClick in props: true

      at log (src/components/ui/Button.tsx:27:13)

    console.log
      [Button] All props: {
        onClick: [Function: mockConstructor] {
          _isMockFunction: true,
          getMockImplementation: [Function (anonymous)],
          mock: [Getter/Setter],
          mockClear: [Function (anonymous)],
          mockReset: [Function (anonymous)],
          mockRestore: [Function (anonymous)],
          mockReturnValueOnce: [Function (anonymous)],
          mockResolvedValueOnce: [Function (anonymous)],
          mockRejectedValueOnce: [Function (anonymous)],
          mockReturnValue: [Function (anonymous)],
          mockResolvedValue: [Function (anonymous)],
          mockRejectedValue: [Function (anonymous)],
          mockImplementationOnce: [Function (anonymous)],
          withImplementation: [Function: bound withImplementation],
          mockImplementation: [Function (anonymous)],
          mockReturnThis: [Function (anonymous)],
          mockName: [Function (anonymous)],
          getMockName: [Function (anonymous)],
          [Symbol(nodejs.dispose)]: [Function (anonymous)]
        },
        'aria-label': 'Edit form data'
      }

      at log (src/components/ui/Button.tsx:28:13)

    console.log
      [Button] Rendering with type: button

      at log (src/components/ui/Button.tsx:25:13)

    console.log
      [Button] Props received: {
        variant: 'primary',
        size: 'lg',
        type: 'button',
        loading: false,
        disabled: undefined
      }

      at log (src/components/ui/Button.tsx:26:13)

    console.log
      [Button] Has onClick in props: true

      at log (src/components/ui/Button.tsx:27:13)

    console.log
      [Button] All props: {
        onClick: [Function: handleApprove],
        'aria-label': 'Approve and finalize form'
      }

      at log (src/components/ui/Button.tsx:28:13)

    console.error
      Warning: An update to Form1099DivPreview inside a test was not wrapped in act(...).
      
      When testing, code that causes React state updates should be wrapped into act(...):
      
      act(() => {
        /* fire events that update state */
      });
      /* assert on the output */
      
      This ensures that you're testing the behavior the user would see in the browser. Learn more at https://reactjs.org/link/wrap-tests-with-act
          at document (/Users/ryan/Library/Mobile Documents/com~apple~CloudDocs/Documents/VSCode/Tax-App-Frontend/src/components/forms/Form1099DivPreview.tsx:64:3)

      86 |         if (isMounted) {
      87 |           currentBlobUrl = blobUrl;
    > 88 |           setPdfUrl(blobUrl);
         |           ^
      89 |           setPdfLoading(false);
      90 |         }
      91 |       } catch (error: any) {

      at printWarning (node_modules/react-dom/cjs/react-dom.development.js:86:30)
      at error (node_modules/react-dom/cjs/react-dom.development.js:60:7)
      at warnIfUpdatesNotWrappedWithActDEV (node_modules/react-dom/cjs/react-dom.development.js:27628:9)
      at scheduleUpdateOnFiber (node_modules/react-dom/cjs/react-dom.development.js:25547:5)
      at dispatchSetState (node_modules/react-dom/cjs/react-dom.development.js:16708:7)
      at setPdfUrl (src/components/forms/Form1099DivPreview.tsx:88:11)

    console.error
      Warning: An update to Form1099DivPreview inside a test was not wrapped in act(...).
      
      When testing, code that causes React state updates should be wrapped into act(...):
      
      act(() => {
        /* fire events that update state */
      });
      /* assert on the output */
      
      This ensures that you're testing the behavior the user would see in the browser. Learn more at https://reactjs.org/link/wrap-tests-with-act
          at document (/Users/ryan/Library/Mobile Documents/com~apple~CloudDocs/Documents/VSCode/Tax-App-Frontend/src/components/forms/Form1099DivPreview.tsx:64:3)

      87 |           currentBlobUrl = blobUrl;
      88 |           setPdfUrl(blobUrl);
    > 89 |           setPdfLoading(false);
         |           ^
      90 |         }
      91 |       } catch (error: any) {
      92 |         console.error('[Form1099DivPreview] Error fetching PDF:', error);

      at printWarning (node_modules/react-dom/cjs/react-dom.development.js:86:30)
      at error (node_modules/react-dom/cjs/react-dom.development.js:60:7)
      at warnIfUpdatesNotWrappedWithActDEV (node_modules/react-dom/cjs/react-dom.development.js:27628:9)
      at scheduleUpdateOnFiber (node_modules/react-dom/cjs/react-dom.development.js:25547:5)
      at dispatchSetState (node_modules/react-dom/cjs/react-dom.development.js:16708:7)
      at setPdfLoading (src/components/forms/Form1099DivPreview.tsx:89:11)

    console.log
      [Button] Rendering with type: button

      at log (src/components/ui/Button.tsx:25:13)

    console.log
      [Button] Props received: {
        variant: 'secondary',
        size: 'lg',
        type: 'button',
        loading: false,
        disabled: undefined
      }

      at log (src/components/ui/Button.tsx:26:13)

    console.log
      [Button] Has onClick in props: true

      at log (src/components/ui/Button.tsx:27:13)

    console.log
      [Button] All props: {
        onClick: [Function: mockConstructor] {
          _isMockFunction: true,
          getMockImplementation: [Function (anonymous)],
          mock: [Getter/Setter],
          mockClear: [Function (anonymous)],
          mockReset: [Function (anonymous)],
          mockRestore: [Function (anonymous)],
          mockReturnValueOnce: [Function (anonymous)],
          mockResolvedValueOnce: [Function (anonymous)],
          mockRejectedValueOnce: [Function (anonymous)],
          mockReturnValue: [Function (anonymous)],
          mockResolvedValue: [Function (anonymous)],
          mockRejectedValue: [Function (anonymous)],
          mockImplementationOnce: [Function (anonymous)],
          withImplementation: [Function: bound withImplementation],
          mockImplementation: [Function (anonymous)],
          mockReturnThis: [Function (anonymous)],
          mockName: [Function (anonymous)],
          getMockName: [Function (anonymous)],
          [Symbol(nodejs.dispose)]: [Function (anonymous)]
        },
        'aria-label': 'Edit form data'
      }

      at log (src/components/ui/Button.tsx:28:13)

    console.log
      [Button] Rendering with type: button

      at log (src/components/ui/Button.tsx:25:13)

    console.log
      [Button] Props received: {
        variant: 'primary',
        size: 'lg',
        type: 'button',
        loading: false,
        disabled: undefined
      }

      at log (src/components/ui/Button.tsx:26:13)

    console.log
      [Button] Has onClick in props: true

      at log (src/components/ui/Button.tsx:27:13)

    console.log
      [Button] All props: {
        onClick: [Function: handleApprove],
        'aria-label': 'Approve and finalize form'
      }

      at log (src/components/ui/Button.tsx:28:13)

    console.error
      Warning: An update to Form1099DivPreview inside a test was not wrapped in act(...).
      
      When testing, code that causes React state updates should be wrapped into act(...):
      
      act(() => {
        /* fire events that update state */
      });
      /* assert on the output */
      
      This ensures that you're testing the behavior the user would see in the browser. Learn more at https://reactjs.org/link/wrap-tests-with-act
          at document (/Users/ryan/Library/Mobile Documents/com~apple~CloudDocs/Documents/VSCode/Tax-App-Frontend/src/components/forms/Form1099DivPreview.tsx:64:3)

      86 |         if (isMounted) {
      87 |           currentBlobUrl = blobUrl;
    > 88 |           setPdfUrl(blobUrl);
         |           ^
      89 |           setPdfLoading(false);
      90 |         }
      91 |       } catch (error: any) {

      at printWarning (node_modules/react-dom/cjs/react-dom.development.js:86:30)
      at error (node_modules/react-dom/cjs/react-dom.development.js:60:7)
      at warnIfUpdatesNotWrappedWithActDEV (node_modules/react-dom/cjs/react-dom.development.js:27628:9)
      at scheduleUpdateOnFiber (node_modules/react-dom/cjs/react-dom.development.js:25547:5)
      at dispatchSetState (node_modules/react-dom/cjs/react-dom.development.js:16708:7)
      at setPdfUrl (src/components/forms/Form1099DivPreview.tsx:88:11)

    console.error
      Warning: An update to Form1099DivPreview inside a test was not wrapped in act(...).
      
      When testing, code that causes React state updates should be wrapped into act(...):
      
      act(() => {
        /* fire events that update state */
      });
      /* assert on the output */
      
      This ensures that you're testing the behavior the user would see in the browser. Learn more at https://reactjs.org/link/wrap-tests-with-act
          at document (/Users/ryan/Library/Mobile Documents/com~apple~CloudDocs/Documents/VSCode/Tax-App-Frontend/src/components/forms/Form1099DivPreview.tsx:64:3)

      87 |           currentBlobUrl = blobUrl;
      88 |           setPdfUrl(blobUrl);
    > 89 |           setPdfLoading(false);
         |           ^
      90 |         }
      91 |       } catch (error: any) {
      92 |         console.error('[Form1099DivPreview] Error fetching PDF:', error);

      at printWarning (node_modules/react-dom/cjs/react-dom.development.js:86:30)
      at error (node_modules/react-dom/cjs/react-dom.development.js:60:7)
      at warnIfUpdatesNotWrappedWithActDEV (node_modules/react-dom/cjs/react-dom.development.js:27628:9)
      at scheduleUpdateOnFiber (node_modules/react-dom/cjs/react-dom.development.js:25547:5)
      at dispatchSetState (node_modules/react-dom/cjs/react-dom.development.js:16708:7)
      at setPdfLoading (src/components/forms/Form1099DivPreview.tsx:89:11)

    console.log
      [Button] Rendering with type: button

      at log (src/components/ui/Button.tsx:25:13)

    console.log
      [Button] Props received: {
        variant: 'secondary',
        size: 'lg',
        type: 'button',
        loading: false,
        disabled: undefined
      }

      at log (src/components/ui/Button.tsx:26:13)

    console.log
      [Button] Has onClick in props: true

      at log (src/components/ui/Button.tsx:27:13)

    console.log
      [Button] All props: {
        onClick: [Function: mockConstructor] {
          _isMockFunction: true,
          getMockImplementation: [Function (anonymous)],
          mock: [Getter/Setter],
          mockClear: [Function (anonymous)],
          mockReset: [Function (anonymous)],
          mockRestore: [Function (anonymous)],
          mockReturnValueOnce: [Function (anonymous)],
          mockResolvedValueOnce: [Function (anonymous)],
          mockRejectedValueOnce: [Function (anonymous)],
          mockReturnValue: [Function (anonymous)],
          mockResolvedValue: [Function (anonymous)],
          mockRejectedValue: [Function (anonymous)],
          mockImplementationOnce: [Function (anonymous)],
          withImplementation: [Function: bound withImplementation],
          mockImplementation: [Function (anonymous)],
          mockReturnThis: [Function (anonymous)],
          mockName: [Function (anonymous)],
          getMockName: [Function (anonymous)],
          [Symbol(nodejs.dispose)]: [Function (anonymous)]
        },
        'aria-label': 'Edit form data'
      }

      at log (src/components/ui/Button.tsx:28:13)

    console.log
      [Button] Rendering with type: button

      at log (src/components/ui/Button.tsx:25:13)

    console.log
      [Button] Props received: {
        variant: 'primary',
        size: 'lg',
        type: 'button',
        loading: false,
        disabled: undefined
      }

      at log (src/components/ui/Button.tsx:26:13)

    console.log
      [Button] Has onClick in props: true

      at log (src/components/ui/Button.tsx:27:13)

    console.log
      [Button] All props: {
        onClick: [Function: handleApprove],
        'aria-label': 'Approve and finalize form'
      }

      at log (src/components/ui/Button.tsx:28:13)

    console.log
      [Button] Rendering with type: button

      at log (src/components/ui/Button.tsx:25:13)

    console.log
      [Button] Props received: {
        variant: 'secondary',
        size: 'lg',
        type: 'button',
        loading: false,
        disabled: undefined
      }

      at log (src/components/ui/Button.tsx:26:13)

    console.log
      [Button] Has onClick in props: true

      at log (src/components/ui/Button.tsx:27:13)

    console.log
      [Button] All props: {
        onClick: [Function: mockConstructor] {
          _isMockFunction: true,
          getMockImplementation: [Function (anonymous)],
          mock: [Getter/Setter],
          mockClear: [Function (anonymous)],
          mockReset: [Function (anonymous)],
          mockRestore: [Function (anonymous)],
          mockReturnValueOnce: [Function (anonymous)],
          mockResolvedValueOnce: [Function (anonymous)],
          mockRejectedValueOnce: [Function (anonymous)],
          mockReturnValue: [Function (anonymous)],
          mockResolvedValue: [Function (anonymous)],
          mockRejectedValue: [Function (anonymous)],
          mockImplementationOnce: [Function (anonymous)],
          withImplementation: [Function: bound withImplementation],
          mockImplementation: [Function (anonymous)],
          mockReturnThis: [Function (anonymous)],
          mockName: [Function (anonymous)],
          getMockName: [Function (anonymous)],
          [Symbol(nodejs.dispose)]: [Function (anonymous)]
        },
        'aria-label': 'Edit form data'
      }

      at log (src/components/ui/Button.tsx:28:13)

    console.log
      [Button] Rendering with type: button

      at log (src/components/ui/Button.tsx:25:13)

    console.log
      [Button] Props received: {
        variant: 'primary',
        size: 'lg',
        type: 'button',
        loading: false,
        disabled: undefined
      }

      at log (src/components/ui/Button.tsx:26:13)

    console.log
      [Button] Has onClick in props: true

      at log (src/components/ui/Button.tsx:27:13)

    console.log
      [Button] All props: {
        onClick: [Function: handleApprove],
        'aria-label': 'Approve and finalize form'
      }

      at log (src/components/ui/Button.tsx:28:13)

    console.log
      [Button] Rendering with type: button

      at log (src/components/ui/Button.tsx:25:13)

    console.log
      [Button] Props received: {
        variant: 'secondary',
        size: 'lg',
        type: 'button',
        loading: false,
        disabled: undefined
      }

      at log (src/components/ui/Button.tsx:26:13)

    console.log
      [Button] Has onClick in props: true

      at log (src/components/ui/Button.tsx:27:13)

    console.log
      [Button] All props: {
        onClick: [Function: mockConstructor] {
          _isMockFunction: true,
          getMockImplementation: [Function (anonymous)],
          mock: [Getter/Setter],
          mockClear: [Function (anonymous)],
          mockReset: [Function (anonymous)],
          mockRestore: [Function (anonymous)],
          mockReturnValueOnce: [Function (anonymous)],
          mockResolvedValueOnce: [Function (anonymous)],
          mockRejectedValueOnce: [Function (anonymous)],
          mockReturnValue: [Function (anonymous)],
          mockResolvedValue: [Function (anonymous)],
          mockRejectedValue: [Function (anonymous)],
          mockImplementationOnce: [Function (anonymous)],
          withImplementation: [Function: bound withImplementation],
          mockImplementation: [Function (anonymous)],
          mockReturnThis: [Function (anonymous)],
          mockName: [Function (anonymous)],
          getMockName: [Function (anonymous)],
          [Symbol(nodejs.dispose)]: [Function (anonymous)]
        },
        'aria-label': 'Edit form data'
      }

      at log (src/components/ui/Button.tsx:28:13)

    console.log
      [Button] Rendering with type: button

      at log (src/components/ui/Button.tsx:25:13)

    console.log
      [Button] Props received: {
        variant: 'primary',
        size: 'lg',
        type: 'button',
        loading: false,
        disabled: undefined
      }

      at log (src/components/ui/Button.tsx:26:13)

    console.log
      [Button] Has onClick in props: true

      at log (src/components/ui/Button.tsx:27:13)

    console.log
      [Button] All props: {
        onClick: [Function: handleApprove],
        'aria-label': 'Approve and finalize form'
      }

      at log (src/components/ui/Button.tsx:28:13)

    console.log
      [Button] Rendering with type: button

      at log (src/components/ui/Button.tsx:25:13)

    console.log
      [Button] Props received: {
        variant: 'secondary',
        size: 'lg',
        type: 'button',
        loading: false,
        disabled: undefined
      }

      at log (src/components/ui/Button.tsx:26:13)

    console.log
      [Button] Has onClick in props: true

      at log (src/components/ui/Button.tsx:27:13)

    console.log
      [Button] All props: {
        onClick: [Function: mockConstructor] {
          _isMockFunction: true,
          getMockImplementation: [Function (anonymous)],
          mock: [Getter/Setter],
          mockClear: [Function (anonymous)],
          mockReset: [Function (anonymous)],
          mockRestore: [Function (anonymous)],
          mockReturnValueOnce: [Function (anonymous)],
          mockResolvedValueOnce: [Function (anonymous)],
          mockRejectedValueOnce: [Function (anonymous)],
          mockReturnValue: [Function (anonymous)],
          mockResolvedValue: [Function (anonymous)],
          mockRejectedValue: [Function (anonymous)],
          mockImplementationOnce: [Function (anonymous)],
          withImplementation: [Function: bound withImplementation],
          mockImplementation: [Function (anonymous)],
          mockReturnThis: [Function (anonymous)],
          mockName: [Function (anonymous)],
          getMockName: [Function (anonymous)],
          [Symbol(nodejs.dispose)]: [Function (anonymous)]
        },
        'aria-label': 'Edit form data'
      }

      at log (src/components/ui/Button.tsx:28:13)

    console.log
      [Button] Rendering with type: button

      at log (src/components/ui/Button.tsx:25:13)

    console.log
      [Button] Props received: {
        variant: 'primary',
        size: 'lg',
        type: 'button',
        loading: false,
        disabled: undefined
      }

      at log (src/components/ui/Button.tsx:26:13)

    console.log
      [Button] Has onClick in props: true

      at log (src/components/ui/Button.tsx:27:13)

    console.log
      [Button] All props: {
        onClick: [Function: handleApprove],
        'aria-label': 'Approve and finalize form'
      }

      at log (src/components/ui/Button.tsx:28:13)

    console.log
      [Button] Rendering with type: button

      at log (src/components/ui/Button.tsx:25:13)

    console.log
      [Button] Props received: {
        variant: 'secondary',
        size: 'lg',
        type: 'button',
        loading: false,
        disabled: undefined
      }

      at log (src/components/ui/Button.tsx:26:13)

    console.log
      [Button] Has onClick in props: true

      at log (src/components/ui/Button.tsx:27:13)

    console.log
      [Button] All props: {
        onClick: [Function: mockConstructor] {
          _isMockFunction: true,
          getMockImplementation: [Function (anonymous)],
          mock: [Getter/Setter],
          mockClear: [Function (anonymous)],
          mockReset: [Function (anonymous)],
          mockRestore: [Function (anonymous)],
          mockReturnValueOnce: [Function (anonymous)],
          mockResolvedValueOnce: [Function (anonymous)],
          mockRejectedValueOnce: [Function (anonymous)],
          mockReturnValue: [Function (anonymous)],
          mockResolvedValue: [Function (anonymous)],
          mockRejectedValue: [Function (anonymous)],
          mockImplementationOnce: [Function (anonymous)],
          withImplementation: [Function: bound withImplementation],
          mockImplementation: [Function (anonymous)],
          mockReturnThis: [Function (anonymous)],
          mockName: [Function (anonymous)],
          getMockName: [Function (anonymous)],
          [Symbol(nodejs.dispose)]: [Function (anonymous)]
        },
        'aria-label': 'Edit form data'
      }

      at log (src/components/ui/Button.tsx:28:13)

    console.log
      [Button] Rendering with type: button

      at log (src/components/ui/Button.tsx:25:13)

    console.log
      [Button] Props received: {
        variant: 'primary',
        size: 'lg',
        type: 'button',
        loading: false,
        disabled: undefined
      }

      at log (src/components/ui/Button.tsx:26:13)

    console.log
      [Button] Has onClick in props: true

      at log (src/components/ui/Button.tsx:27:13)

    console.log
      [Button] All props: {
        onClick: [Function: handleApprove],
        'aria-label': 'Approve and finalize form'
      }

      at log (src/components/ui/Button.tsx:28:13)

    console.error
      [Form1099DivPreview] Error fetching PDF: Error: Failed to load PDF
          at Object.<anonymous> (/Users/ryan/Library/Mobile Documents/com~apple~CloudDocs/Documents/VSCode/Tax-App-Frontend/src/components/forms/Form1099DivPreview.test.tsx:154:73)
          at Promise.finally.completed (/Users/ryan/Library/Mobile Documents/com~apple~CloudDocs/Documents/VSCode/Tax-App-Frontend/node_modules/jest-circus/build/jestAdapterInit.js:1557:28)
          at new Promise (<anonymous>)
          at callAsyncCircusFn (/Users/ryan/Library/Mobile Documents/com~apple~CloudDocs/Documents/VSCode/Tax-App-Frontend/node_modules/jest-circus/build/jestAdapterInit.js:1497:10)
          at _callCircusTest (/Users/ryan/Library/Mobile Documents/com~apple~CloudDocs/Documents/VSCode/Tax-App-Frontend/node_modules/jest-circus/build/jestAdapterInit.js:1007:40)
          at _runTest (/Users/ryan/Library/Mobile Documents/com~apple~CloudDocs/Documents/VSCode/Tax-App-Frontend/node_modules/jest-circus/build/jestAdapterInit.js:947:3)
          at /Users/ryan/Library/Mobile Documents/com~apple~CloudDocs/Documents/VSCode/Tax-App-Frontend/node_modules/jest-circus/build/jestAdapterInit.js:849:7
          at _runTestsForDescribeBlock (/Users/ryan/Library/Mobile Documents/com~apple~CloudDocs/Documents/VSCode/Tax-App-Frontend/node_modules/jest-circus/build/jestAdapterInit.js:862:11)
          at _runTestsForDescribeBlock (/Users/ryan/Library/Mobile Documents/com~apple~CloudDocs/Documents/VSCode/Tax-App-Frontend/node_modules/jest-circus/build/jestAdapterInit.js:857:11)
          at _runTestsForDescribeBlock (/Users/ryan/Library/Mobile Documents/com~apple~CloudDocs/Documents/VSCode/Tax-App-Frontend/node_modules/jest-circus/build/jestAdapterInit.js:857:11)
          at run (/Users/ryan/Library/Mobile Documents/com~apple~CloudDocs/Documents/VSCode/Tax-App-Frontend/node_modules/jest-circus/build/jestAdapterInit.js:761:3)
          at runAndTransformResultsToJestFormat (/Users/ryan/Library/Mobile Documents/com~apple~CloudDocs/Documents/VSCode/Tax-App-Frontend/node_modules/jest-circus/build/jestAdapterInit.js:1918:21)
          at jestAdapter (/Users/ryan/Library/Mobile Documents/com~apple~CloudDocs/Documents/VSCode/Tax-App-Frontend/node_modules/jest-circus/build/runner.js:101:19)
          at runTestInternal (/Users/ryan/Library/Mobile Documents/com~apple~CloudDocs/Documents/VSCode/Tax-App-Frontend/node_modules/jest-runner/build/testWorker.js:275:16)
          at runTest (/Users/ryan/Library/Mobile Documents/com~apple~CloudDocs/Documents/VSCode/Tax-App-Frontend/node_modules/jest-runner/build/testWorker.js:343:7)
          at Object.worker (/Users/ryan/Library/Mobile Documents/com~apple~CloudDocs/Documents/VSCode/Tax-App-Frontend/node_modules/jest-runner/build/testWorker.js:497:12)

      90 |         }
      91 |       } catch (error: any) {
    > 92 |         console.error('[Form1099DivPreview] Error fetching PDF:', error);
         |                 ^
      93 |         
      94 |         if (isMounted) {
      95 |           setPdfError(error.message || 'Failed to load PDF');

      at error (src/components/forms/Form1099DivPreview.tsx:92:17)

    console.log
      [Button] Rendering with type: button

      at log (src/components/ui/Button.tsx:25:13)

    console.log
      [Button] Props received: {
        variant: 'secondary',
        size: 'lg',
        type: 'button',
        loading: false,
        disabled: undefined
      }

      at log (src/components/ui/Button.tsx:26:13)

    console.log
      [Button] Has onClick in props: true

      at log (src/components/ui/Button.tsx:27:13)

    console.log
      [Button] All props: {
        onClick: [Function: mockConstructor] {
          _isMockFunction: true,
          getMockImplementation: [Function (anonymous)],
          mock: [Getter/Setter],
          mockClear: [Function (anonymous)],
          mockReset: [Function (anonymous)],
          mockRestore: [Function (anonymous)],
          mockReturnValueOnce: [Function (anonymous)],
          mockResolvedValueOnce: [Function (anonymous)],
          mockRejectedValueOnce: [Function (anonymous)],
          mockReturnValue: [Function (anonymous)],
          mockResolvedValue: [Function (anonymous)],
          mockRejectedValue: [Function (anonymous)],
          mockImplementationOnce: [Function (anonymous)],
          withImplementation: [Function: bound withImplementation],
          mockImplementation: [Function (anonymous)],
          mockReturnThis: [Function (anonymous)],
          mockName: [Function (anonymous)],
          getMockName: [Function (anonymous)],
          [Symbol(nodejs.dispose)]: [Function (anonymous)]
        },
        'aria-label': 'Edit form data'
      }

      at log (src/components/ui/Button.tsx:28:13)

    console.log
      [Button] Rendering with type: button

      at log (src/components/ui/Button.tsx:25:13)

    console.log
      [Button] Props received: {
        variant: 'primary',
        size: 'lg',
        type: 'button',
        loading: false,
        disabled: undefined
      }

      at log (src/components/ui/Button.tsx:26:13)

    console.log
      [Button] Has onClick in props: true

      at log (src/components/ui/Button.tsx:27:13)

    console.log
      [Button] All props: {
        onClick: [Function: handleApprove],
        'aria-label': 'Approve and finalize form'
      }

      at log (src/components/ui/Button.tsx:28:13)

    console.log
      [Button] Rendering with type: button

      at log (src/components/ui/Button.tsx:25:13)

    console.log
      [Button] Props received: {
        variant: 'secondary',
        size: 'lg',
        type: 'button',
        loading: false,
        disabled: undefined
      }

      at log (src/components/ui/Button.tsx:26:13)

    console.log
      [Button] Has onClick in props: true

      at log (src/components/ui/Button.tsx:27:13)

    console.log
      [Button] All props: {
        onClick: [Function: mockConstructor] {
          _isMockFunction: true,
          getMockImplementation: [Function (anonymous)],
          mock: [Getter/Setter],
          mockClear: [Function (anonymous)],
          mockReset: [Function (anonymous)],
          mockRestore: [Function (anonymous)],
          mockReturnValueOnce: [Function (anonymous)],
          mockResolvedValueOnce: [Function (anonymous)],
          mockRejectedValueOnce: [Function (anonymous)],
          mockReturnValue: [Function (anonymous)],
          mockResolvedValue: [Function (anonymous)],
          mockRejectedValue: [Function (anonymous)],
          mockImplementationOnce: [Function (anonymous)],
          withImplementation: [Function: bound withImplementation],
          mockImplementation: [Function (anonymous)],
          mockReturnThis: [Function (anonymous)],
          mockName: [Function (anonymous)],
          getMockName: [Function (anonymous)],
          [Symbol(nodejs.dispose)]: [Function (anonymous)]
        },
        'aria-label': 'Edit form data'
      }

      at log (src/components/ui/Button.tsx:28:13)

    console.log
      [Button] Rendering with type: button

      at log (src/components/ui/Button.tsx:25:13)

    console.log
      [Button] Props received: {
        variant: 'primary',
        size: 'lg',
        type: 'button',
        loading: false,
        disabled: undefined
      }

      at log (src/components/ui/Button.tsx:26:13)

    console.log
      [Button] Has onClick in props: true

      at log (src/components/ui/Button.tsx:27:13)

    console.log
      [Button] All props: {
        onClick: [Function: handleApprove],
        'aria-label': 'Approve and finalize form'
      }

      at log (src/components/ui/Button.tsx:28:13)

    console.log
      [Button] Rendering with type: button

      at log (src/components/ui/Button.tsx:25:13)

    console.log
      [Button] Props received: {
        variant: 'secondary',
        size: 'lg',
        type: 'button',
        loading: false,
        disabled: undefined
      }

      at log (src/components/ui/Button.tsx:26:13)

    console.log
      [Button] Has onClick in props: true

      at log (src/components/ui/Button.tsx:27:13)

    console.log
      [Button] All props: {
        onClick: [Function: mockConstructor] {
          _isMockFunction: true,
          getMockImplementation: [Function (anonymous)],
          mock: [Getter/Setter],
          mockClear: [Function (anonymous)],
          mockReset: [Function (anonymous)],
          mockRestore: [Function (anonymous)],
          mockReturnValueOnce: [Function (anonymous)],
          mockResolvedValueOnce: [Function (anonymous)],
          mockRejectedValueOnce: [Function (anonymous)],
          mockReturnValue: [Function (anonymous)],
          mockResolvedValue: [Function (anonymous)],
          mockRejectedValue: [Function (anonymous)],
          mockImplementationOnce: [Function (anonymous)],
          withImplementation: [Function: bound withImplementation],
          mockImplementation: [Function (anonymous)],
          mockReturnThis: [Function (anonymous)],
          mockName: [Function (anonymous)],
          getMockName: [Function (anonymous)],
          [Symbol(nodejs.dispose)]: [Function (anonymous)]
        },
        'aria-label': 'Edit form data'
      }

      at log (src/components/ui/Button.tsx:28:13)

    console.log
      [Button] Rendering with type: button

      at log (src/components/ui/Button.tsx:25:13)

    console.log
      [Button] Props received: {
        variant: 'primary',
        size: 'lg',
        type: 'button',
        loading: false,
        disabled: undefined
      }

      at log (src/components/ui/Button.tsx:26:13)

    console.log
      [Button] Has onClick in props: true

      at log (src/components/ui/Button.tsx:27:13)

    console.log
      [Button] All props: {
        onClick: [Function: handleApprove],
        'aria-label': 'Approve and finalize form'
      }

      at log (src/components/ui/Button.tsx:28:13)

    console.log
      [Button] Rendering with type: button

      at log (src/components/ui/Button.tsx:25:13)

    console.log
      [Button] Props received: {
        variant: 'secondary',
        size: 'lg',
        type: 'button',
        loading: false,
        disabled: undefined
      }

      at log (src/components/ui/Button.tsx:26:13)

    console.log
      [Button] Has onClick in props: true

      at log (src/components/ui/Button.tsx:27:13)

    console.log
      [Button] All props: {
        onClick: [Function: mockConstructor] {
          _isMockFunction: true,
          getMockImplementation: [Function (anonymous)],
          mock: [Getter/Setter],
          mockClear: [Function (anonymous)],
          mockReset: [Function (anonymous)],
          mockRestore: [Function (anonymous)],
          mockReturnValueOnce: [Function (anonymous)],
          mockResolvedValueOnce: [Function (anonymous)],
          mockRejectedValueOnce: [Function (anonymous)],
          mockReturnValue: [Function (anonymous)],
          mockResolvedValue: [Function (anonymous)],
          mockRejectedValue: [Function (anonymous)],
          mockImplementationOnce: [Function (anonymous)],
          withImplementation: [Function: bound withImplementation],
          mockImplementation: [Function (anonymous)],
          mockReturnThis: [Function (anonymous)],
          mockName: [Function (anonymous)],
          getMockName: [Function (anonymous)],
          [Symbol(nodejs.dispose)]: [Function (anonymous)]
        },
        'aria-label': 'Edit form data'
      }

      at log (src/components/ui/Button.tsx:28:13)

    console.log
      [Button] Rendering with type: button

      at log (src/components/ui/Button.tsx:25:13)

    console.log
      [Button] Props received: {
        variant: 'primary',
        size: 'lg',
        type: 'button',
        loading: false,
        disabled: undefined
      }

      at log (src/components/ui/Button.tsx:26:13)

    console.log
      [Button] Has onClick in props: true

      at log (src/components/ui/Button.tsx:27:13)

    console.log
      [Button] All props: {
        onClick: [Function: handleApprove],
        'aria-label': 'Approve and finalize form'
      }

      at log (src/components/ui/Button.tsx:28:13)

    console.error
      Warning: An update to Form1099DivPreview inside a test was not wrapped in act(...).
      
      When testing, code that causes React state updates should be wrapped into act(...):
      
      act(() => {
        /* fire events that update state */
      });
      /* assert on the output */
      
      This ensures that you're testing the behavior the user would see in the browser. Learn more at https://reactjs.org/link/wrap-tests-with-act
          at document (/Users/ryan/Library/Mobile Documents/com~apple~CloudDocs/Documents/VSCode/Tax-App-Frontend/src/components/forms/Form1099DivPreview.tsx:64:3)

      86 |         if (isMounted) {
      87 |           currentBlobUrl = blobUrl;
    > 88 |           setPdfUrl(blobUrl);
         |           ^
      89 |           setPdfLoading(false);
      90 |         }
      91 |       } catch (error: any) {

      at printWarning (node_modules/react-dom/cjs/react-dom.development.js:86:30)
      at error (node_modules/react-dom/cjs/react-dom.development.js:60:7)
      at warnIfUpdatesNotWrappedWithActDEV (node_modules/react-dom/cjs/react-dom.development.js:27628:9)
      at scheduleUpdateOnFiber (node_modules/react-dom/cjs/react-dom.development.js:25547:5)
      at dispatchSetState (node_modules/react-dom/cjs/react-dom.development.js:16708:7)
      at setPdfUrl (src/components/forms/Form1099DivPreview.tsx:88:11)

    console.error
      Warning: An update to Form1099DivPreview inside a test was not wrapped in act(...).
      
      When testing, code that causes React state updates should be wrapped into act(...):
      
      act(() => {
        /* fire events that update state */
      });
      /* assert on the output */
      
      This ensures that you're testing the behavior the user would see in the browser. Learn more at https://reactjs.org/link/wrap-tests-with-act
          at document (/Users/ryan/Library/Mobile Documents/com~apple~CloudDocs/Documents/VSCode/Tax-App-Frontend/src/components/forms/Form1099DivPreview.tsx:64:3)

      87 |           currentBlobUrl = blobUrl;
      88 |           setPdfUrl(blobUrl);
    > 89 |           setPdfLoading(false);
         |           ^
      90 |         }
      91 |       } catch (error: any) {
      92 |         console.error('[Form1099DivPreview] Error fetching PDF:', error);

      at printWarning (node_modules/react-dom/cjs/react-dom.development.js:86:30)
      at error (node_modules/react-dom/cjs/react-dom.development.js:60:7)
      at warnIfUpdatesNotWrappedWithActDEV (node_modules/react-dom/cjs/react-dom.development.js:27628:9)
      at scheduleUpdateOnFiber (node_modules/react-dom/cjs/react-dom.development.js:25547:5)
      at dispatchSetState (node_modules/react-dom/cjs/react-dom.development.js:16708:7)
      at setPdfLoading (src/components/forms/Form1099DivPreview.tsx:89:11)

    console.log
      [Button] Rendering with type: button

      at log (src/components/ui/Button.tsx:25:13)

    console.log
      [Button] Props received: {
        variant: 'secondary',
        size: 'lg',
        type: 'button',
        loading: false,
        disabled: undefined
      }

      at log (src/components/ui/Button.tsx:26:13)

    console.log
      [Button] Has onClick in props: true

      at log (src/components/ui/Button.tsx:27:13)

    console.log
      [Button] All props: {
        onClick: [Function: mockConstructor] {
          _isMockFunction: true,
          getMockImplementation: [Function (anonymous)],
          mock: [Getter/Setter],
          mockClear: [Function (anonymous)],
          mockReset: [Function (anonymous)],
          mockRestore: [Function (anonymous)],
          mockReturnValueOnce: [Function (anonymous)],
          mockResolvedValueOnce: [Function (anonymous)],
          mockRejectedValueOnce: [Function (anonymous)],
          mockReturnValue: [Function (anonymous)],
          mockResolvedValue: [Function (anonymous)],
          mockRejectedValue: [Function (anonymous)],
          mockImplementationOnce: [Function (anonymous)],
          withImplementation: [Function: bound withImplementation],
          mockImplementation: [Function (anonymous)],
          mockReturnThis: [Function (anonymous)],
          mockName: [Function (anonymous)],
          getMockName: [Function (anonymous)],
          [Symbol(nodejs.dispose)]: [Function (anonymous)]
        },
        'aria-label': 'Edit form data'
      }

      at log (src/components/ui/Button.tsx:28:13)

    console.log
      [Button] Rendering with type: button

      at log (src/components/ui/Button.tsx:25:13)

    console.log
      [Button] Props received: {
        variant: 'primary',
        size: 'lg',
        type: 'button',
        loading: false,
        disabled: undefined
      }

      at log (src/components/ui/Button.tsx:26:13)

    console.log
      [Button] Has onClick in props: true

      at log (src/components/ui/Button.tsx:27:13)

    console.log
      [Button] All props: {
        onClick: [Function: handleApprove],
        'aria-label': 'Approve and finalize form'
      }

      at log (src/components/ui/Button.tsx:28:13)

    console.log
      [Button] Rendering with type: button

      at log (src/components/ui/Button.tsx:25:13)

    console.log
      [Button] Props received: {
        variant: 'secondary',
        size: 'lg',
        type: 'button',
        loading: false,
        disabled: undefined
      }

      at log (src/components/ui/Button.tsx:26:13)

    console.log
      [Button] Has onClick in props: true

      at log (src/components/ui/Button.tsx:27:13)

    console.log
      [Button] All props: {
        onClick: [Function: mockConstructor] {
          _isMockFunction: true,
          getMockImplementation: [Function (anonymous)],
          mock: [Getter/Setter],
          mockClear: [Function (anonymous)],
          mockReset: [Function (anonymous)],
          mockRestore: [Function (anonymous)],
          mockReturnValueOnce: [Function (anonymous)],
          mockResolvedValueOnce: [Function (anonymous)],
          mockRejectedValueOnce: [Function (anonymous)],
          mockReturnValue: [Function (anonymous)],
          mockResolvedValue: [Function (anonymous)],
          mockRejectedValue: [Function (anonymous)],
          mockImplementationOnce: [Function (anonymous)],
          withImplementation: [Function: bound withImplementation],
          mockImplementation: [Function (anonymous)],
          mockReturnThis: [Function (anonymous)],
          mockName: [Function (anonymous)],
          getMockName: [Function (anonymous)],
          [Symbol(nodejs.dispose)]: [Function (anonymous)]
        },
        'aria-label': 'Edit form data'
      }

      at log (src/components/ui/Button.tsx:28:13)

    console.log
      [Button] Rendering with type: button

      at log (src/components/ui/Button.tsx:25:13)

    console.log
      [Button] Props received: {
        variant: 'primary',
        size: 'lg',
        type: 'button',
        loading: false,
        disabled: undefined
      }

      at log (src/components/ui/Button.tsx:26:13)

    console.log
      [Button] Has onClick in props: true

      at log (src/components/ui/Button.tsx:27:13)

    console.log
      [Button] All props: {
        onClick: [Function: handleApprove],
        'aria-label': 'Approve and finalize form'
      }

      at log (src/components/ui/Button.tsx:28:13)

    console.log
      [Button] Rendering with type: button

      at log (src/components/ui/Button.tsx:25:13)

    console.log
      [Button] Props received: {
        variant: 'secondary',
        size: 'lg',
        type: 'button',
        loading: false,
        disabled: undefined
      }

      at log (src/components/ui/Button.tsx:26:13)

    console.log
      [Button] Has onClick in props: true

      at log (src/components/ui/Button.tsx:27:13)

    console.log
      [Button] All props: {
        onClick: [Function: mockConstructor] {
          _isMockFunction: true,
          getMockImplementation: [Function (anonymous)],
          mock: [Getter/Setter],
          mockClear: [Function (anonymous)],
          mockReset: [Function (anonymous)],
          mockRestore: [Function (anonymous)],
          mockReturnValueOnce: [Function (anonymous)],
          mockResolvedValueOnce: [Function (anonymous)],
          mockRejectedValueOnce: [Function (anonymous)],
          mockReturnValue: [Function (anonymous)],
          mockResolvedValue: [Function (anonymous)],
          mockRejectedValue: [Function (anonymous)],
          mockImplementationOnce: [Function (anonymous)],
          withImplementation: [Function: bound withImplementation],
          mockImplementation: [Function (anonymous)],
          mockReturnThis: [Function (anonymous)],
          mockName: [Function (anonymous)],
          getMockName: [Function (anonymous)],
          [Symbol(nodejs.dispose)]: [Function (anonymous)]
        },
        'aria-label': 'Edit form data'
      }

      at log (src/components/ui/Button.tsx:28:13)

    console.log
      [Button] Rendering with type: button

      at log (src/components/ui/Button.tsx:25:13)

    console.log
      [Button] Props received: {
        variant: 'primary',
        size: 'lg',
        type: 'button',
        loading: false,
        disabled: undefined
      }

      at log (src/components/ui/Button.tsx:26:13)

    console.log
      [Button] Has onClick in props: true

      at log (src/components/ui/Button.tsx:27:13)

    console.log
      [Button] All props: {
        onClick: [Function: handleApprove],
        'aria-label': 'Approve and finalize form'
      }

      at log (src/components/ui/Button.tsx:28:13)

    console.log
      [Button] Rendering with type: button

      at log (src/components/ui/Button.tsx:25:13)

    console.log
      [Button] Props received: {
        variant: 'secondary',
        size: 'lg',
        type: 'button',
        loading: false,
        disabled: undefined
      }

      at log (src/components/ui/Button.tsx:26:13)

    console.log
      [Button] Has onClick in props: true

      at log (src/components/ui/Button.tsx:27:13)

    console.log
      [Button] All props: {
        onClick: [Function: mockConstructor] {
          _isMockFunction: true,
          getMockImplementation: [Function (anonymous)],
          mock: [Getter/Setter],
          mockClear: [Function (anonymous)],
          mockReset: [Function (anonymous)],
          mockRestore: [Function (anonymous)],
          mockReturnValueOnce: [Function (anonymous)],
          mockResolvedValueOnce: [Function (anonymous)],
          mockRejectedValueOnce: [Function (anonymous)],
          mockReturnValue: [Function (anonymous)],
          mockResolvedValue: [Function (anonymous)],
          mockRejectedValue: [Function (anonymous)],
          mockImplementationOnce: [Function (anonymous)],
          withImplementation: [Function: bound withImplementation],
          mockImplementation: [Function (anonymous)],
          mockReturnThis: [Function (anonymous)],
          mockName: [Function (anonymous)],
          getMockName: [Function (anonymous)],
          [Symbol(nodejs.dispose)]: [Function (anonymous)]
        },
        'aria-label': 'Edit form data'
      }

      at log (src/components/ui/Button.tsx:28:13)

    console.log
      [Button] Rendering with type: button

      at log (src/components/ui/Button.tsx:25:13)

    console.log
      [Button] Props received: {
        variant: 'primary',
        size: 'lg',
        type: 'button',
        loading: false,
        disabled: undefined
      }

      at log (src/components/ui/Button.tsx:26:13)

    console.log
      [Button] Has onClick in props: true

      at log (src/components/ui/Button.tsx:27:13)

    console.log
      [Button] All props: {
        onClick: [Function: handleApprove],
        'aria-label': 'Approve and finalize form'
      }

      at log (src/components/ui/Button.tsx:28:13)

    console.log
      [Button] Rendering with type: button

      at log (src/components/ui/Button.tsx:25:13)

    console.log
      [Button] Props received: {
        variant: 'secondary',
        size: 'lg',
        type: 'button',
        loading: false,
        disabled: undefined
      }

      at log (src/components/ui/Button.tsx:26:13)

    console.log
      [Button] Has onClick in props: true

      at log (src/components/ui/Button.tsx:27:13)

    console.log
      [Button] All props: {
        onClick: [Function: mockConstructor] {
          _isMockFunction: true,
          getMockImplementation: [Function (anonymous)],
          mock: [Getter/Setter],
          mockClear: [Function (anonymous)],
          mockReset: [Function (anonymous)],
          mockRestore: [Function (anonymous)],
          mockReturnValueOnce: [Function (anonymous)],
          mockResolvedValueOnce: [Function (anonymous)],
          mockRejectedValueOnce: [Function (anonymous)],
          mockReturnValue: [Function (anonymous)],
          mockResolvedValue: [Function (anonymous)],
          mockRejectedValue: [Function (anonymous)],
          mockImplementationOnce: [Function (anonymous)],
          withImplementation: [Function: bound withImplementation],
          mockImplementation: [Function (anonymous)],
          mockReturnThis: [Function (anonymous)],
          mockName: [Function (anonymous)],
          getMockName: [Function (anonymous)],
          [Symbol(nodejs.dispose)]: [Function (anonymous)]
        },
        'aria-label': 'Edit form data'
      }

      at log (src/components/ui/Button.tsx:28:13)

    console.log
      [Button] Rendering with type: button

      at log (src/components/ui/Button.tsx:25:13)

    console.log
      [Button] Props received: {
        variant: 'primary',
        size: 'lg',
        type: 'button',
        loading: false,
        disabled: undefined
      }

      at log (src/components/ui/Button.tsx:26:13)

    console.log
      [Button] Has onClick in props: true

      at log (src/components/ui/Button.tsx:27:13)

    console.log
      [Button] All props: {
        onClick: [Function: handleApprove],
        'aria-label': 'Approve and finalize form'
      }

      at log (src/components/ui/Button.tsx:28:13)

    console.log
      [Button] Rendering with type: button

      at log (src/components/ui/Button.tsx:25:13)

    console.log
      [Button] Props received: {
        variant: 'secondary',
        size: 'lg',
        type: 'button',
        loading: false,
        disabled: undefined
      }

      at log (src/components/ui/Button.tsx:26:13)

    console.log
      [Button] Has onClick in props: true

      at log (src/components/ui/Button.tsx:27:13)

    console.log
      [Button] All props: {
        onClick: [Function: mockConstructor] {
          _isMockFunction: true,
          getMockImplementation: [Function (anonymous)],
          mock: [Getter/Setter],
          mockClear: [Function (anonymous)],
          mockReset: [Function (anonymous)],
          mockRestore: [Function (anonymous)],
          mockReturnValueOnce: [Function (anonymous)],
          mockResolvedValueOnce: [Function (anonymous)],
          mockRejectedValueOnce: [Function (anonymous)],
          mockReturnValue: [Function (anonymous)],
          mockResolvedValue: [Function (anonymous)],
          mockRejectedValue: [Function (anonymous)],
          mockImplementationOnce: [Function (anonymous)],
          withImplementation: [Function: bound withImplementation],
          mockImplementation: [Function (anonymous)],
          mockReturnThis: [Function (anonymous)],
          mockName: [Function (anonymous)],
          getMockName: [Function (anonymous)],
          [Symbol(nodejs.dispose)]: [Function (anonymous)]
        },
        'aria-label': 'Edit form data'
      }

      at log (src/components/ui/Button.tsx:28:13)

    console.log
      [Button] Rendering with type: button

      at log (src/components/ui/Button.tsx:25:13)

    console.log
      [Button] Props received: {
        variant: 'primary',
        size: 'lg',
        type: 'button',
        loading: false,
        disabled: undefined
      }

      at log (src/components/ui/Button.tsx:26:13)

    console.log
      [Button] Has onClick in props: true

      at log (src/components/ui/Button.tsx:27:13)

    console.log
      [Button] All props: {
        onClick: [Function: handleApprove],
        'aria-label': 'Approve and finalize form'
      }

      at log (src/components/ui/Button.tsx:28:13)

    console.error
      Warning: An update to Form1099DivPreview inside a test was not wrapped in act(...).
      
      When testing, code that causes React state updates should be wrapped into act(...):
      
      act(() => {
        /* fire events that update state */
      });
      /* assert on the output */
      
      This ensures that you're testing the behavior the user would see in the browser. Learn more at https://reactjs.org/link/wrap-tests-with-act
          at document (/Users/ryan/Library/Mobile Documents/com~apple~CloudDocs/Documents/VSCode/Tax-App-Frontend/src/components/forms/Form1099DivPreview.tsx:64:3)

      86 |         if (isMounted) {
      87 |           currentBlobUrl = blobUrl;
    > 88 |           setPdfUrl(blobUrl);
         |           ^
      89 |           setPdfLoading(false);
      90 |         }
      91 |       } catch (error: any) {

      at printWarning (node_modules/react-dom/cjs/react-dom.development.js:86:30)
      at error (node_modules/react-dom/cjs/react-dom.development.js:60:7)
      at warnIfUpdatesNotWrappedWithActDEV (node_modules/react-dom/cjs/react-dom.development.js:27628:9)
      at scheduleUpdateOnFiber (node_modules/react-dom/cjs/react-dom.development.js:25547:5)
      at dispatchSetState (node_modules/react-dom/cjs/react-dom.development.js:16708:7)
      at setPdfUrl (src/components/forms/Form1099DivPreview.tsx:88:11)

    console.error
      Warning: An update to Form1099DivPreview inside a test was not wrapped in act(...).
      
      When testing, code that causes React state updates should be wrapped into act(...):
      
      act(() => {
        /* fire events that update state */
      });
      /* assert on the output */
      
      This ensures that you're testing the behavior the user would see in the browser. Learn more at https://reactjs.org/link/wrap-tests-with-act
          at document (/Users/ryan/Library/Mobile Documents/com~apple~CloudDocs/Documents/VSCode/Tax-App-Frontend/src/components/forms/Form1099DivPreview.tsx:64:3)

      87 |           currentBlobUrl = blobUrl;
      88 |           setPdfUrl(blobUrl);
    > 89 |           setPdfLoading(false);
         |           ^
      90 |         }
      91 |       } catch (error: any) {
      92 |         console.error('[Form1099DivPreview] Error fetching PDF:', error);

      at printWarning (node_modules/react-dom/cjs/react-dom.development.js:86:30)
      at error (node_modules/react-dom/cjs/react-dom.development.js:60:7)
      at warnIfUpdatesNotWrappedWithActDEV (node_modules/react-dom/cjs/react-dom.development.js:27628:9)
      at scheduleUpdateOnFiber (node_modules/react-dom/cjs/react-dom.development.js:25547:5)
      at dispatchSetState (node_modules/react-dom/cjs/react-dom.development.js:16708:7)
      at setPdfLoading (src/components/forms/Form1099DivPreview.tsx:89:11)

    console.log
      [Button] Rendering with type: button

      at log (src/components/ui/Button.tsx:25:13)

    console.log
      [Button] Props received: {
        variant: 'secondary',
        size: 'lg',
        type: 'button',
        loading: false,
        disabled: undefined
      }

      at log (src/components/ui/Button.tsx:26:13)

    console.log
      [Button] Has onClick in props: true

      at log (src/components/ui/Button.tsx:27:13)

    console.log
      [Button] All props: {
        onClick: [Function: mockConstructor] {
          _isMockFunction: true,
          getMockImplementation: [Function (anonymous)],
          mock: [Getter/Setter],
          mockClear: [Function (anonymous)],
          mockReset: [Function (anonymous)],
          mockRestore: [Function (anonymous)],
          mockReturnValueOnce: [Function (anonymous)],
          mockResolvedValueOnce: [Function (anonymous)],
          mockRejectedValueOnce: [Function (anonymous)],
          mockReturnValue: [Function (anonymous)],
          mockResolvedValue: [Function (anonymous)],
          mockRejectedValue: [Function (anonymous)],
          mockImplementationOnce: [Function (anonymous)],
          withImplementation: [Function: bound withImplementation],
          mockImplementation: [Function (anonymous)],
          mockReturnThis: [Function (anonymous)],
          mockName: [Function (anonymous)],
          getMockName: [Function (anonymous)],
          [Symbol(nodejs.dispose)]: [Function (anonymous)]
        },
        'aria-label': 'Edit form data'
      }

      at log (src/components/ui/Button.tsx:28:13)

    console.log
      [Button] Rendering with type: button

      at log (src/components/ui/Button.tsx:25:13)

    console.log
      [Button] Props received: {
        variant: 'primary',
        size: 'lg',
        type: 'button',
        loading: false,
        disabled: undefined
      }

      at log (src/components/ui/Button.tsx:26:13)

    console.log
      [Button] Has onClick in props: true

      at log (src/components/ui/Button.tsx:27:13)

    console.log
      [Button] All props: {
        onClick: [Function: handleApprove],
        'aria-label': 'Approve and finalize form'
      }

      at log (src/components/ui/Button.tsx:28:13)

    console.error
      Warning: An update to Form1099DivPreview inside a test was not wrapped in act(...).
      
      When testing, code that causes React state updates should be wrapped into act(...):
      
      act(() => {
        /* fire events that update state */
      });
      /* assert on the output */
      
      This ensures that you're testing the behavior the user would see in the browser. Learn more at https://reactjs.org/link/wrap-tests-with-act
          at document (/Users/ryan/Library/Mobile Documents/com~apple~CloudDocs/Documents/VSCode/Tax-App-Frontend/src/components/forms/Form1099DivPreview.tsx:64:3)

      86 |         if (isMounted) {
      87 |           currentBlobUrl = blobUrl;
    > 88 |           setPdfUrl(blobUrl);
         |           ^
      89 |           setPdfLoading(false);
      90 |         }
      91 |       } catch (error: any) {

      at printWarning (node_modules/react-dom/cjs/react-dom.development.js:86:30)
      at error (node_modules/react-dom/cjs/react-dom.development.js:60:7)
      at warnIfUpdatesNotWrappedWithActDEV (node_modules/react-dom/cjs/react-dom.development.js:27628:9)
      at scheduleUpdateOnFiber (node_modules/react-dom/cjs/react-dom.development.js:25547:5)
      at dispatchSetState (node_modules/react-dom/cjs/react-dom.development.js:16708:7)
      at setPdfUrl (src/components/forms/Form1099DivPreview.tsx:88:11)

    console.error
      Warning: An update to Form1099DivPreview inside a test was not wrapped in act(...).
      
      When testing, code that causes React state updates should be wrapped into act(...):
      
      act(() => {
        /* fire events that update state */
      });
      /* assert on the output */
      
      This ensures that you're testing the behavior the user would see in the browser. Learn more at https://reactjs.org/link/wrap-tests-with-act
          at document (/Users/ryan/Library/Mobile Documents/com~apple~CloudDocs/Documents/VSCode/Tax-App-Frontend/src/components/forms/Form1099DivPreview.tsx:64:3)

      87 |           currentBlobUrl = blobUrl;
      88 |           setPdfUrl(blobUrl);
    > 89 |           setPdfLoading(false);
         |           ^
      90 |         }
      91 |       } catch (error: any) {
      92 |         console.error('[Form1099DivPreview] Error fetching PDF:', error);

      at printWarning (node_modules/react-dom/cjs/react-dom.development.js:86:30)
      at error (node_modules/react-dom/cjs/react-dom.development.js:60:7)
      at warnIfUpdatesNotWrappedWithActDEV (node_modules/react-dom/cjs/react-dom.development.js:27628:9)
      at scheduleUpdateOnFiber (node_modules/react-dom/cjs/react-dom.development.js:25547:5)
      at dispatchSetState (node_modules/react-dom/cjs/react-dom.development.js:16708:7)
      at setPdfLoading (src/components/forms/Form1099DivPreview.tsx:89:11)

    console.log
      [Button] Rendering with type: button

      at log (src/components/ui/Button.tsx:25:13)

    console.log
      [Button] Props received: {
        variant: 'secondary',
        size: 'lg',
        type: 'button',
        loading: false,
        disabled: undefined
      }

      at log (src/components/ui/Button.tsx:26:13)

    console.log
      [Button] Has onClick in props: true

      at log (src/components/ui/Button.tsx:27:13)

    console.log
      [Button] All props: {
        onClick: [Function: mockConstructor] {
          _isMockFunction: true,
          getMockImplementation: [Function (anonymous)],
          mock: [Getter/Setter],
          mockClear: [Function (anonymous)],
          mockReset: [Function (anonymous)],
          mockRestore: [Function (anonymous)],
          mockReturnValueOnce: [Function (anonymous)],
          mockResolvedValueOnce: [Function (anonymous)],
          mockRejectedValueOnce: [Function (anonymous)],
          mockReturnValue: [Function (anonymous)],
          mockResolvedValue: [Function (anonymous)],
          mockRejectedValue: [Function (anonymous)],
          mockImplementationOnce: [Function (anonymous)],
          withImplementation: [Function: bound withImplementation],
          mockImplementation: [Function (anonymous)],
          mockReturnThis: [Function (anonymous)],
          mockName: [Function (anonymous)],
          getMockName: [Function (anonymous)],
          [Symbol(nodejs.dispose)]: [Function (anonymous)]
        },
        'aria-label': 'Edit form data'
      }

      at log (src/components/ui/Button.tsx:28:13)

    console.log
      [Button] Rendering with type: button

      at log (src/components/ui/Button.tsx:25:13)

    console.log
      [Button] Props received: {
        variant: 'primary',
        size: 'lg',
        type: 'button',
        loading: false,
        disabled: undefined
      }

      at log (src/components/ui/Button.tsx:26:13)

    console.log
      [Button] Has onClick in props: true

      at log (src/components/ui/Button.tsx:27:13)

    console.log
      [Button] All props: {
        onClick: [Function: handleApprove],
        'aria-label': 'Approve and finalize form'
      }

      at log (src/components/ui/Button.tsx:28:13)

    console.error
      Warning: An update to Form1099DivPreview inside a test was not wrapped in act(...).
      
      When testing, code that causes React state updates should be wrapped into act(...):
      
      act(() => {
        /* fire events that update state */
      });
      /* assert on the output */
      
      This ensures that you're testing the behavior the user would see in the browser. Learn more at https://reactjs.org/link/wrap-tests-with-act
          at document (/Users/ryan/Library/Mobile Documents/com~apple~CloudDocs/Documents/VSCode/Tax-App-Frontend/src/components/forms/Form1099DivPreview.tsx:64:3)

      86 |         if (isMounted) {
      87 |           currentBlobUrl = blobUrl;
    > 88 |           setPdfUrl(blobUrl);
         |           ^
      89 |           setPdfLoading(false);
      90 |         }
      91 |       } catch (error: any) {

      at printWarning (node_modules/react-dom/cjs/react-dom.development.js:86:30)
      at error (node_modules/react-dom/cjs/react-dom.development.js:60:7)
      at warnIfUpdatesNotWrappedWithActDEV (node_modules/react-dom/cjs/react-dom.development.js:27628:9)
      at scheduleUpdateOnFiber (node_modules/react-dom/cjs/react-dom.development.js:25547:5)
      at dispatchSetState (node_modules/react-dom/cjs/react-dom.development.js:16708:7)
      at setPdfUrl (src/components/forms/Form1099DivPreview.tsx:88:11)

    console.error
      Warning: An update to Form1099DivPreview inside a test was not wrapped in act(...).
      
      When testing, code that causes React state updates should be wrapped into act(...):
      
      act(() => {
        /* fire events that update state */
      });
      /* assert on the output */
      
      This ensures that you're testing the behavior the user would see in the browser. Learn more at https://reactjs.org/link/wrap-tests-with-act
          at document (/Users/ryan/Library/Mobile Documents/com~apple~CloudDocs/Documents/VSCode/Tax-App-Frontend/src/components/forms/Form1099DivPreview.tsx:64:3)

      87 |           currentBlobUrl = blobUrl;
      88 |           setPdfUrl(blobUrl);
    > 89 |           setPdfLoading(false);
         |           ^
      90 |         }
      91 |       } catch (error: any) {
      92 |         console.error('[Form1099DivPreview] Error fetching PDF:', error);

      at printWarning (node_modules/react-dom/cjs/react-dom.development.js:86:30)
      at error (node_modules/react-dom/cjs/react-dom.development.js:60:7)
      at warnIfUpdatesNotWrappedWithActDEV (node_modules/react-dom/cjs/react-dom.development.js:27628:9)
      at scheduleUpdateOnFiber (node_modules/react-dom/cjs/react-dom.development.js:25547:5)
      at dispatchSetState (node_modules/react-dom/cjs/react-dom.development.js:16708:7)
      at setPdfLoading (src/components/forms/Form1099DivPreview.tsx:89:11)

    console.log
      [Button] Rendering with type: button

      at log (src/components/ui/Button.tsx:25:13)

    console.log
      [Button] Props received: {
        variant: 'secondary',
        size: 'lg',
        type: 'button',
        loading: false,
        disabled: undefined
      }

      at log (src/components/ui/Button.tsx:26:13)

    console.log
      [Button] Has onClick in props: true

      at log (src/components/ui/Button.tsx:27:13)

    console.log
      [Button] All props: {
        onClick: [Function: mockConstructor] {
          _isMockFunction: true,
          getMockImplementation: [Function (anonymous)],
          mock: [Getter/Setter],
          mockClear: [Function (anonymous)],
          mockReset: [Function (anonymous)],
          mockRestore: [Function (anonymous)],
          mockReturnValueOnce: [Function (anonymous)],
          mockResolvedValueOnce: [Function (anonymous)],
          mockRejectedValueOnce: [Function (anonymous)],
          mockReturnValue: [Function (anonymous)],
          mockResolvedValue: [Function (anonymous)],
          mockRejectedValue: [Function (anonymous)],
          mockImplementationOnce: [Function (anonymous)],
          withImplementation: [Function: bound withImplementation],
          mockImplementation: [Function (anonymous)],
          mockReturnThis: [Function (anonymous)],
          mockName: [Function (anonymous)],
          getMockName: [Function (anonymous)],
          [Symbol(nodejs.dispose)]: [Function (anonymous)]
        },
        'aria-label': 'Edit form data'
      }

      at log (src/components/ui/Button.tsx:28:13)

    console.log
      [Button] Rendering with type: button

      at log (src/components/ui/Button.tsx:25:13)

    console.log
      [Button] Props received: {
        variant: 'primary',
        size: 'lg',
        type: 'button',
        loading: false,
        disabled: undefined
      }

      at log (src/components/ui/Button.tsx:26:13)

    console.log
      [Button] Has onClick in props: true

      at log (src/components/ui/Button.tsx:27:13)

    console.log
      [Button] All props: {
        onClick: [Function: handleApprove],
        'aria-label': 'Approve and finalize form'
      }

      at log (src/components/ui/Button.tsx:28:13)

    console.error
      Warning: An update to Form1099DivPreview inside a test was not wrapped in act(...).
      
      When testing, code that causes React state updates should be wrapped into act(...):
      
      act(() => {
        /* fire events that update state */
      });
      /* assert on the output */
      
      This ensures that you're testing the behavior the user would see in the browser. Learn more at https://reactjs.org/link/wrap-tests-with-act
          at document (/Users/ryan/Library/Mobile Documents/com~apple~CloudDocs/Documents/VSCode/Tax-App-Frontend/src/components/forms/Form1099DivPreview.tsx:64:3)

      86 |         if (isMounted) {
      87 |           currentBlobUrl = blobUrl;
    > 88 |           setPdfUrl(blobUrl);
         |           ^
      89 |           setPdfLoading(false);
      90 |         }
      91 |       } catch (error: any) {

      at printWarning (node_modules/react-dom/cjs/react-dom.development.js:86:30)
      at error (node_modules/react-dom/cjs/react-dom.development.js:60:7)
      at warnIfUpdatesNotWrappedWithActDEV (node_modules/react-dom/cjs/react-dom.development.js:27628:9)
      at scheduleUpdateOnFiber (node_modules/react-dom/cjs/react-dom.development.js:25547:5)
      at dispatchSetState (node_modules/react-dom/cjs/react-dom.development.js:16708:7)
      at setPdfUrl (src/components/forms/Form1099DivPreview.tsx:88:11)

    console.error
      Warning: An update to Form1099DivPreview inside a test was not wrapped in act(...).
      
      When testing, code that causes React state updates should be wrapped into act(...):
      
      act(() => {
        /* fire events that update state */
      });
      /* assert on the output */
      
      This ensures that you're testing the behavior the user would see in the browser. Learn more at https://reactjs.org/link/wrap-tests-with-act
          at document (/Users/ryan/Library/Mobile Documents/com~apple~CloudDocs/Documents/VSCode/Tax-App-Frontend/src/components/forms/Form1099DivPreview.tsx:64:3)

      87 |           currentBlobUrl = blobUrl;
      88 |           setPdfUrl(blobUrl);
    > 89 |           setPdfLoading(false);
         |           ^
      90 |         }
      91 |       } catch (error: any) {
      92 |         console.error('[Form1099DivPreview] Error fetching PDF:', error);

      at printWarning (node_modules/react-dom/cjs/react-dom.development.js:86:30)
      at error (node_modules/react-dom/cjs/react-dom.development.js:60:7)
      at warnIfUpdatesNotWrappedWithActDEV (node_modules/react-dom/cjs/react-dom.development.js:27628:9)
      at scheduleUpdateOnFiber (node_modules/react-dom/cjs/react-dom.development.js:25547:5)
      at dispatchSetState (node_modules/react-dom/cjs/react-dom.development.js:16708:7)
      at setPdfLoading (src/components/forms/Form1099DivPreview.tsx:89:11)

    console.log
      [Button] Rendering with type: button

      at log (src/components/ui/Button.tsx:25:13)

    console.log
      [Button] Props received: {
        variant: 'secondary',
        size: 'lg',
        type: 'button',
        loading: false,
        disabled: undefined
      }

      at log (src/components/ui/Button.tsx:26:13)

    console.log
      [Button] Has onClick in props: true

      at log (src/components/ui/Button.tsx:27:13)

    console.log
      [Button] All props: {
        onClick: [Function: mockConstructor] {
          _isMockFunction: true,
          getMockImplementation: [Function (anonymous)],
          mock: [Getter/Setter],
          mockClear: [Function (anonymous)],
          mockReset: [Function (anonymous)],
          mockRestore: [Function (anonymous)],
          mockReturnValueOnce: [Function (anonymous)],
          mockResolvedValueOnce: [Function (anonymous)],
          mockRejectedValueOnce: [Function (anonymous)],
          mockReturnValue: [Function (anonymous)],
          mockResolvedValue: [Function (anonymous)],
          mockRejectedValue: [Function (anonymous)],
          mockImplementationOnce: [Function (anonymous)],
          withImplementation: [Function: bound withImplementation],
          mockImplementation: [Function (anonymous)],
          mockReturnThis: [Function (anonymous)],
          mockName: [Function (anonymous)],
          getMockName: [Function (anonymous)],
          [Symbol(nodejs.dispose)]: [Function (anonymous)]
        },
        'aria-label': 'Edit form data'
      }

      at log (src/components/ui/Button.tsx:28:13)

    console.log
      [Button] Rendering with type: button

      at log (src/components/ui/Button.tsx:25:13)

    console.log
      [Button] Props received: {
        variant: 'primary',
        size: 'lg',
        type: 'button',
        loading: false,
        disabled: undefined
      }

      at log (src/components/ui/Button.tsx:26:13)

    console.log
      [Button] Has onClick in props: true

      at log (src/components/ui/Button.tsx:27:13)

    console.log
      [Button] All props: {
        onClick: [Function: handleApprove],
        'aria-label': 'Approve and finalize form'
      }

      at log (src/components/ui/Button.tsx:28:13)

    console.error
      Warning: An update to Form1099DivPreview inside a test was not wrapped in act(...).
      
      When testing, code that causes React state updates should be wrapped into act(...):
      
      act(() => {
        /* fire events that update state */
      });
      /* assert on the output */
      
      This ensures that you're testing the behavior the user would see in the browser. Learn more at https://reactjs.org/link/wrap-tests-with-act
          at document (/Users/ryan/Library/Mobile Documents/com~apple~CloudDocs/Documents/VSCode/Tax-App-Frontend/src/components/forms/Form1099DivPreview.tsx:64:3)

      86 |         if (isMounted) {
      87 |           currentBlobUrl = blobUrl;
    > 88 |           setPdfUrl(blobUrl);
         |           ^
      89 |           setPdfLoading(false);
      90 |         }
      91 |       } catch (error: any) {

      at printWarning (node_modules/react-dom/cjs/react-dom.development.js:86:30)
      at error (node_modules/react-dom/cjs/react-dom.development.js:60:7)
      at warnIfUpdatesNotWrappedWithActDEV (node_modules/react-dom/cjs/react-dom.development.js:27628:9)
      at scheduleUpdateOnFiber (node_modules/react-dom/cjs/react-dom.development.js:25547:5)
      at dispatchSetState (node_modules/react-dom/cjs/react-dom.development.js:16708:7)
      at setPdfUrl (src/components/forms/Form1099DivPreview.tsx:88:11)

    console.error
      Warning: An update to Form1099DivPreview inside a test was not wrapped in act(...).
      
      When testing, code that causes React state updates should be wrapped into act(...):
      
      act(() => {
        /* fire events that update state */
      });
      /* assert on the output */
      
      This ensures that you're testing the behavior the user would see in the browser. Learn more at https://reactjs.org/link/wrap-tests-with-act
          at document (/Users/ryan/Library/Mobile Documents/com~apple~CloudDocs/Documents/VSCode/Tax-App-Frontend/src/components/forms/Form1099DivPreview.tsx:64:3)

      87 |           currentBlobUrl = blobUrl;
      88 |           setPdfUrl(blobUrl);
    > 89 |           setPdfLoading(false);
         |           ^
      90 |         }
      91 |       } catch (error: any) {
      92 |         console.error('[Form1099DivPreview] Error fetching PDF:', error);

      at printWarning (node_modules/react-dom/cjs/react-dom.development.js:86:30)
      at error (node_modules/react-dom/cjs/react-dom.development.js:60:7)
      at warnIfUpdatesNotWrappedWithActDEV (node_modules/react-dom/cjs/react-dom.development.js:27628:9)
      at scheduleUpdateOnFiber (node_modules/react-dom/cjs/react-dom.development.js:25547:5)
      at dispatchSetState (node_modules/react-dom/cjs/react-dom.development.js:16708:7)
      at setPdfLoading (src/components/forms/Form1099DivPreview.tsx:89:11)

    console.log
      [Button] Rendering with type: button

      at log (src/components/ui/Button.tsx:25:13)

    console.log
      [Button] Props received: {
        variant: 'secondary',
        size: 'lg',
        type: 'button',
        loading: false,
        disabled: undefined
      }

      at log (src/components/ui/Button.tsx:26:13)

    console.log
      [Button] Has onClick in props: true

      at log (src/components/ui/Button.tsx:27:13)

    console.log
      [Button] All props: {
        onClick: [Function: mockConstructor] {
          _isMockFunction: true,
          getMockImplementation: [Function (anonymous)],
          mock: [Getter/Setter],
          mockClear: [Function (anonymous)],
          mockReset: [Function (anonymous)],
          mockRestore: [Function (anonymous)],
          mockReturnValueOnce: [Function (anonymous)],
          mockResolvedValueOnce: [Function (anonymous)],
          mockRejectedValueOnce: [Function (anonymous)],
          mockReturnValue: [Function (anonymous)],
          mockResolvedValue: [Function (anonymous)],
          mockRejectedValue: [Function (anonymous)],
          mockImplementationOnce: [Function (anonymous)],
          withImplementation: [Function: bound withImplementation],
          mockImplementation: [Function (anonymous)],
          mockReturnThis: [Function (anonymous)],
          mockName: [Function (anonymous)],
          getMockName: [Function (anonymous)],
          [Symbol(nodejs.dispose)]: [Function (anonymous)]
        },
        'aria-label': 'Edit form data'
      }

      at log (src/components/ui/Button.tsx:28:13)

    console.log
      [Button] Rendering with type: button

      at log (src/components/ui/Button.tsx:25:13)

    console.log
      [Button] Props received: {
        variant: 'primary',
        size: 'lg',
        type: 'button',
        loading: false,
        disabled: undefined
      }

      at log (src/components/ui/Button.tsx:26:13)

    console.log
      [Button] Has onClick in props: true

      at log (src/components/ui/Button.tsx:27:13)

    console.log
      [Button] All props: {
        onClick: [Function: handleApprove],
        'aria-label': 'Approve and finalize form'
      }

      at log (src/components/ui/Button.tsx:28:13)

    console.log
      [Button] Rendering with type: button

      at log (src/components/ui/Button.tsx:25:13)

    console.log
      [Button] Props received: {
        variant: 'secondary',
        size: 'lg',
        type: 'button',
        loading: false,
        disabled: undefined
      }

      at log (src/components/ui/Button.tsx:26:13)

    console.log
      [Button] Has onClick in props: true

      at log (src/components/ui/Button.tsx:27:13)

    console.log
      [Button] All props: {
        onClick: [Function: mockConstructor] {
          _isMockFunction: true,
          getMockImplementation: [Function (anonymous)],
          mock: [Getter/Setter],
          mockClear: [Function (anonymous)],
          mockReset: [Function (anonymous)],
          mockRestore: [Function (anonymous)],
          mockReturnValueOnce: [Function (anonymous)],
          mockResolvedValueOnce: [Function (anonymous)],
          mockRejectedValueOnce: [Function (anonymous)],
          mockReturnValue: [Function (anonymous)],
          mockResolvedValue: [Function (anonymous)],
          mockRejectedValue: [Function (anonymous)],
          mockImplementationOnce: [Function (anonymous)],
          withImplementation: [Function: bound withImplementation],
          mockImplementation: [Function (anonymous)],
          mockReturnThis: [Function (anonymous)],
          mockName: [Function (anonymous)],
          getMockName: [Function (anonymous)],
          [Symbol(nodejs.dispose)]: [Function (anonymous)]
        },
        'aria-label': 'Edit form data'
      }

      at log (src/components/ui/Button.tsx:28:13)

    console.log
      [Button] Rendering with type: button

      at log (src/components/ui/Button.tsx:25:13)

    console.log
      [Button] Props received: {
        variant: 'primary',
        size: 'lg',
        type: 'button',
        loading: false,
        disabled: undefined
      }

      at log (src/components/ui/Button.tsx:26:13)

    console.log
      [Button] Has onClick in props: true

      at log (src/components/ui/Button.tsx:27:13)

    console.log
      [Button] All props: {
        onClick: [Function: handleApprove],
        'aria-label': 'Approve and finalize form'
      }

      at log (src/components/ui/Button.tsx:28:13)

    console.log
      [Button] Rendering with type: button

      at log (src/components/ui/Button.tsx:25:13)

    console.log
      [Button] Props received: {
        variant: 'secondary',
        size: 'lg',
        type: 'button',
        loading: false,
        disabled: undefined
      }

      at log (src/components/ui/Button.tsx:26:13)

    console.log
      [Button] Has onClick in props: true

      at log (src/components/ui/Button.tsx:27:13)

    console.log
      [Button] All props: {
        onClick: [Function: mockConstructor] {
          _isMockFunction: true,
          getMockImplementation: [Function (anonymous)],
          mock: [Getter/Setter],
          mockClear: [Function (anonymous)],
          mockReset: [Function (anonymous)],
          mockRestore: [Function (anonymous)],
          mockReturnValueOnce: [Function (anonymous)],
          mockResolvedValueOnce: [Function (anonymous)],
          mockRejectedValueOnce: [Function (anonymous)],
          mockReturnValue: [Function (anonymous)],
          mockResolvedValue: [Function (anonymous)],
          mockRejectedValue: [Function (anonymous)],
          mockImplementationOnce: [Function (anonymous)],
          withImplementation: [Function: bound withImplementation],
          mockImplementation: [Function (anonymous)],
          mockReturnThis: [Function (anonymous)],
          mockName: [Function (anonymous)],
          getMockName: [Function (anonymous)],
          [Symbol(nodejs.dispose)]: [Function (anonymous)]
        },
        'aria-label': 'Edit form data'
      }

      at log (src/components/ui/Button.tsx:28:13)

    console.log
      [Button] Rendering with type: button

      at log (src/components/ui/Button.tsx:25:13)

    console.log
      [Button] Props received: {
        variant: 'primary',
        size: 'lg',
        type: 'button',
        loading: false,
        disabled: undefined
      }

      at log (src/components/ui/Button.tsx:26:13)

    console.log
      [Button] Has onClick in props: true

      at log (src/components/ui/Button.tsx:27:13)

    console.log
      [Button] All props: {
        onClick: [Function: handleApprove],
        'aria-label': 'Approve and finalize form'
      }

      at log (src/components/ui/Button.tsx:28:13)

    console.log
      [Button] Rendering with type: button

      at log (src/components/ui/Button.tsx:25:13)

    console.log
      [Button] Props received: {
        variant: 'secondary',
        size: 'lg',
        type: 'button',
        loading: false,
        disabled: undefined
      }

      at log (src/components/ui/Button.tsx:26:13)

    console.log
      [Button] Has onClick in props: true

      at log (src/components/ui/Button.tsx:27:13)

    console.log
      [Button] All props: {
        onClick: [Function: mockConstructor] {
          _isMockFunction: true,
          getMockImplementation: [Function (anonymous)],
          mock: [Getter/Setter],
          mockClear: [Function (anonymous)],
          mockReset: [Function (anonymous)],
          mockRestore: [Function (anonymous)],
          mockReturnValueOnce: [Function (anonymous)],
          mockResolvedValueOnce: [Function (anonymous)],
          mockRejectedValueOnce: [Function (anonymous)],
          mockReturnValue: [Function (anonymous)],
          mockResolvedValue: [Function (anonymous)],
          mockRejectedValue: [Function (anonymous)],
          mockImplementationOnce: [Function (anonymous)],
          withImplementation: [Function: bound withImplementation],
          mockImplementation: [Function (anonymous)],
          mockReturnThis: [Function (anonymous)],
          mockName: [Function (anonymous)],
          getMockName: [Function (anonymous)],
          [Symbol(nodejs.dispose)]: [Function (anonymous)]
        },
        'aria-label': 'Edit form data'
      }

      at log (src/components/ui/Button.tsx:28:13)

    console.log
      [Button] Rendering with type: button

      at log (src/components/ui/Button.tsx:25:13)

    console.log
      [Button] Props received: {
        variant: 'primary',
        size: 'lg',
        type: 'button',
        loading: false,
        disabled: undefined
      }

      at log (src/components/ui/Button.tsx:26:13)

    console.log
      [Button] Has onClick in props: true

      at log (src/components/ui/Button.tsx:27:13)

    console.log
      [Button] All props: {
        onClick: [Function: handleApprove],
        'aria-label': 'Approve and finalize form'
      }

      at log (src/components/ui/Button.tsx:28:13)

    console.log
      [Button] Rendering with type: button

      at log (src/components/ui/Button.tsx:25:13)

    console.log
      [Button] Props received: {
        variant: 'secondary',
        size: 'lg',
        type: 'button',
        loading: false,
        disabled: undefined
      }

      at log (src/components/ui/Button.tsx:26:13)

    console.log
      [Button] Has onClick in props: true

      at log (src/components/ui/Button.tsx:27:13)

    console.log
      [Button] All props: {
        onClick: [Function: mockConstructor] {
          _isMockFunction: true,
          getMockImplementation: [Function (anonymous)],
          mock: [Getter/Setter],
          mockClear: [Function (anonymous)],
          mockReset: [Function (anonymous)],
          mockRestore: [Function (anonymous)],
          mockReturnValueOnce: [Function (anonymous)],
          mockResolvedValueOnce: [Function (anonymous)],
          mockRejectedValueOnce: [Function (anonymous)],
          mockReturnValue: [Function (anonymous)],
          mockResolvedValue: [Function (anonymous)],
          mockRejectedValue: [Function (anonymous)],
          mockImplementationOnce: [Function (anonymous)],
          withImplementation: [Function: bound withImplementation],
          mockImplementation: [Function (anonymous)],
          mockReturnThis: [Function (anonymous)],
          mockName: [Function (anonymous)],
          getMockName: [Function (anonymous)],
          [Symbol(nodejs.dispose)]: [Function (anonymous)]
        },
        'aria-label': 'Edit form data'
      }

      at log (src/components/ui/Button.tsx:28:13)

    console.log
      [Button] Rendering with type: button

      at log (src/components/ui/Button.tsx:25:13)

    console.log
      [Button] Props received: {
        variant: 'primary',
        size: 'lg',
        type: 'button',
        loading: false,
        disabled: undefined
      }

      at log (src/components/ui/Button.tsx:26:13)

    console.log
      [Button] Has onClick in props: true

      at log (src/components/ui/Button.tsx:27:13)

    console.log
      [Button] All props: {
        onClick: [Function: handleApprove],
        'aria-label': 'Approve and finalize form'
      }

      at log (src/components/ui/Button.tsx:28:13)

    console.log
      [Button] Rendering with type: button

      at log (src/components/ui/Button.tsx:25:13)

    console.log
      [Button] Props received: {
        variant: 'secondary',
        size: 'lg',
        type: 'button',
        loading: false,
        disabled: undefined
      }

      at log (src/components/ui/Button.tsx:26:13)

    console.log
      [Button] Has onClick in props: true

      at log (src/components/ui/Button.tsx:27:13)

    console.log
      [Button] All props: {
        onClick: [Function: mockConstructor] {
          _isMockFunction: true,
          getMockImplementation: [Function (anonymous)],
          mock: [Getter/Setter],
          mockClear: [Function (anonymous)],
          mockReset: [Function (anonymous)],
          mockRestore: [Function (anonymous)],
          mockReturnValueOnce: [Function (anonymous)],
          mockResolvedValueOnce: [Function (anonymous)],
          mockRejectedValueOnce: [Function (anonymous)],
          mockReturnValue: [Function (anonymous)],
          mockResolvedValue: [Function (anonymous)],
          mockRejectedValue: [Function (anonymous)],
          mockImplementationOnce: [Function (anonymous)],
          withImplementation: [Function: bound withImplementation],
          mockImplementation: [Function (anonymous)],
          mockReturnThis: [Function (anonymous)],
          mockName: [Function (anonymous)],
          getMockName: [Function (anonymous)],
          [Symbol(nodejs.dispose)]: [Function (anonymous)]
        },
        'aria-label': 'Edit form data'
      }

      at log (src/components/ui/Button.tsx:28:13)

    console.log
      [Button] Rendering with type: button

      at log (src/components/ui/Button.tsx:25:13)

    console.log
      [Button] Props received: {
        variant: 'primary',
        size: 'lg',
        type: 'button',
        loading: false,
        disabled: undefined
      }

      at log (src/components/ui/Button.tsx:26:13)

    console.log
      [Button] Has onClick in props: true

      at log (src/components/ui/Button.tsx:27:13)

    console.log
      [Button] All props: {
        onClick: [Function: handleApprove],
        'aria-label': 'Approve and finalize form'
      }

      at log (src/components/ui/Button.tsx:28:13)

    console.log
      [Button] Rendering with type: button

      at log (src/components/ui/Button.tsx:25:13)

    console.log
      [Button] Props received: {
        variant: 'secondary',
        size: 'lg',
        type: 'button',
        loading: false,
        disabled: undefined
      }

      at log (src/components/ui/Button.tsx:26:13)

    console.log
      [Button] Has onClick in props: true

      at log (src/components/ui/Button.tsx:27:13)

    console.log
      [Button] All props: {
        onClick: [Function: mockConstructor] {
          _isMockFunction: true,
          getMockImplementation: [Function (anonymous)],
          mock: [Getter/Setter],
          mockClear: [Function (anonymous)],
          mockReset: [Function (anonymous)],
          mockRestore: [Function (anonymous)],
          mockReturnValueOnce: [Function (anonymous)],
          mockResolvedValueOnce: [Function (anonymous)],
          mockRejectedValueOnce: [Function (anonymous)],
          mockReturnValue: [Function (anonymous)],
          mockResolvedValue: [Function (anonymous)],
          mockRejectedValue: [Function (anonymous)],
          mockImplementationOnce: [Function (anonymous)],
          withImplementation: [Function: bound withImplementation],
          mockImplementation: [Function (anonymous)],
          mockReturnThis: [Function (anonymous)],
          mockName: [Function (anonymous)],
          getMockName: [Function (anonymous)],
          [Symbol(nodejs.dispose)]: [Function (anonymous)]
        },
        'aria-label': 'Edit form data'
      }

      at log (src/components/ui/Button.tsx:28:13)

    console.log
      [Button] Rendering with type: button

      at log (src/components/ui/Button.tsx:25:13)

    console.log
      [Button] Props received: {
        variant: 'primary',
        size: 'lg',
        type: 'button',
        loading: false,
        disabled: undefined
      }

      at log (src/components/ui/Button.tsx:26:13)

    console.log
      [Button] Has onClick in props: true

      at log (src/components/ui/Button.tsx:27:13)

    console.log
      [Button] All props: {
        onClick: [Function: handleApprove],
        'aria-label': 'Approve and finalize form'
      }

      at log (src/components/ui/Button.tsx:28:13)

    console.log
      [Button] Rendering with type: button

      at log (src/components/ui/Button.tsx:25:13)

    console.log
      [Button] Props received: {
        variant: 'secondary',
        size: 'lg',
        type: 'button',
        loading: false,
        disabled: undefined
      }

      at log (src/components/ui/Button.tsx:26:13)

    console.log
      [Button] Has onClick in props: true

      at log (src/components/ui/Button.tsx:27:13)

    console.log
      [Button] All props: {
        onClick: [Function: mockConstructor] {
          _isMockFunction: true,
          getMockImplementation: [Function (anonymous)],
          mock: [Getter/Setter],
          mockClear: [Function (anonymous)],
          mockReset: [Function (anonymous)],
          mockRestore: [Function (anonymous)],
          mockReturnValueOnce: [Function (anonymous)],
          mockResolvedValueOnce: [Function (anonymous)],
          mockRejectedValueOnce: [Function (anonymous)],
          mockReturnValue: [Function (anonymous)],
          mockResolvedValue: [Function (anonymous)],
          mockRejectedValue: [Function (anonymous)],
          mockImplementationOnce: [Function (anonymous)],
          withImplementation: [Function: bound withImplementation],
          mockImplementation: [Function (anonymous)],
          mockReturnThis: [Function (anonymous)],
          mockName: [Function (anonymous)],
          getMockName: [Function (anonymous)],
          [Symbol(nodejs.dispose)]: [Function (anonymous)]
        },
        'aria-label': 'Edit form data'
      }

      at log (src/components/ui/Button.tsx:28:13)

    console.log
      [Button] Rendering with type: button

      at log (src/components/ui/Button.tsx:25:13)

    console.log
      [Button] Props received: {
        variant: 'primary',
        size: 'lg',
        type: 'button',
        loading: false,
        disabled: undefined
      }

      at log (src/components/ui/Button.tsx:26:13)

    console.log
      [Button] Has onClick in props: true

      at log (src/components/ui/Button.tsx:27:13)

    console.log
      [Button] All props: {
        onClick: [Function: handleApprove],
        'aria-label': 'Approve and finalize form'
      }

      at log (src/components/ui/Button.tsx:28:13)

    console.log
      [Button] Rendering with type: button

      at log (src/components/ui/Button.tsx:25:13)

    console.log
      [Button] Props received: {
        variant: 'secondary',
        size: 'lg',
        type: 'button',
        loading: false,
        disabled: undefined
      }

      at log (src/components/ui/Button.tsx:26:13)

    console.log
      [Button] Has onClick in props: true

      at log (src/components/ui/Button.tsx:27:13)

    console.log
      [Button] All props: {
        onClick: [Function: mockConstructor] {
          _isMockFunction: true,
          getMockImplementation: [Function (anonymous)],
          mock: [Getter/Setter],
          mockClear: [Function (anonymous)],
          mockReset: [Function (anonymous)],
          mockRestore: [Function (anonymous)],
          mockReturnValueOnce: [Function (anonymous)],
          mockResolvedValueOnce: [Function (anonymous)],
          mockRejectedValueOnce: [Function (anonymous)],
          mockReturnValue: [Function (anonymous)],
          mockResolvedValue: [Function (anonymous)],
          mockRejectedValue: [Function (anonymous)],
          mockImplementationOnce: [Function (anonymous)],
          withImplementation: [Function: bound withImplementation],
          mockImplementation: [Function (anonymous)],
          mockReturnThis: [Function (anonymous)],
          mockName: [Function (anonymous)],
          getMockName: [Function (anonymous)],
          [Symbol(nodejs.dispose)]: [Function (anonymous)]
        },
        'aria-label': 'Edit form data'
      }

      at log (src/components/ui/Button.tsx:28:13)

    console.log
      [Button] Rendering with type: button

      at log (src/components/ui/Button.tsx:25:13)

    console.log
      [Button] Props received: {
        variant: 'primary',
        size: 'lg',
        type: 'button',
        loading: false,
        disabled: undefined
      }

      at log (src/components/ui/Button.tsx:26:13)

    console.log
      [Button] Has onClick in props: true

      at log (src/components/ui/Button.tsx:27:13)

    console.log
      [Button] All props: {
        onClick: [Function: handleApprove],
        'aria-label': 'Approve and finalize form'
      }

      at log (src/components/ui/Button.tsx:28:13)

    console.log
      [Button] Rendering with type: button

      at log (src/components/ui/Button.tsx:25:13)

    console.log
      [Button] Props received: {
        variant: 'secondary',
        size: 'lg',
        type: 'button',
        loading: false,
        disabled: undefined
      }

      at log (src/components/ui/Button.tsx:26:13)

    console.log
      [Button] Has onClick in props: true

      at log (src/components/ui/Button.tsx:27:13)

    console.log
      [Button] All props: {
        onClick: [Function: mockConstructor] {
          _isMockFunction: true,
          getMockImplementation: [Function (anonymous)],
          mock: [Getter/Setter],
          mockClear: [Function (anonymous)],
          mockReset: [Function (anonymous)],
          mockRestore: [Function (anonymous)],
          mockReturnValueOnce: [Function (anonymous)],
          mockResolvedValueOnce: [Function (anonymous)],
          mockRejectedValueOnce: [Function (anonymous)],
          mockReturnValue: [Function (anonymous)],
          mockResolvedValue: [Function (anonymous)],
          mockRejectedValue: [Function (anonymous)],
          mockImplementationOnce: [Function (anonymous)],
          withImplementation: [Function: bound withImplementation],
          mockImplementation: [Function (anonymous)],
          mockReturnThis: [Function (anonymous)],
          mockName: [Function (anonymous)],
          getMockName: [Function (anonymous)],
          [Symbol(nodejs.dispose)]: [Function (anonymous)]
        },
        'aria-label': 'Edit form data'
      }

      at log (src/components/ui/Button.tsx:28:13)

    console.log
      [Button] Rendering with type: button

      at log (src/components/ui/Button.tsx:25:13)

    console.log
      [Button] Props received: {
        variant: 'primary',
        size: 'lg',
        type: 'button',
        loading: false,
        disabled: undefined
      }

      at log (src/components/ui/Button.tsx:26:13)

    console.log
      [Button] Has onClick in props: true

      at log (src/components/ui/Button.tsx:27:13)

    console.log
      [Button] All props: {
        onClick: [Function: handleApprove],
        'aria-label': 'Approve and finalize form'
      }

      at log (src/components/ui/Button.tsx:28:13)

    console.log
      [Button] Rendering with type: button

      at log (src/components/ui/Button.tsx:25:13)

    console.log
      [Button] Props received: {
        variant: 'secondary',
        size: 'lg',
        type: 'button',
        loading: false,
        disabled: undefined
      }

      at log (src/components/ui/Button.tsx:26:13)

    console.log
      [Button] Has onClick in props: true

      at log (src/components/ui/Button.tsx:27:13)

    console.log
      [Button] All props: {
        onClick: [Function: mockConstructor] {
          _isMockFunction: true,
          getMockImplementation: [Function (anonymous)],
          mock: [Getter/Setter],
          mockClear: [Function (anonymous)],
          mockReset: [Function (anonymous)],
          mockRestore: [Function (anonymous)],
          mockReturnValueOnce: [Function (anonymous)],
          mockResolvedValueOnce: [Function (anonymous)],
          mockRejectedValueOnce: [Function (anonymous)],
          mockReturnValue: [Function (anonymous)],
          mockResolvedValue: [Function (anonymous)],
          mockRejectedValue: [Function (anonymous)],
          mockImplementationOnce: [Function (anonymous)],
          withImplementation: [Function: bound withImplementation],
          mockImplementation: [Function (anonymous)],
          mockReturnThis: [Function (anonymous)],
          mockName: [Function (anonymous)],
          getMockName: [Function (anonymous)],
          [Symbol(nodejs.dispose)]: [Function (anonymous)]
        },
        'aria-label': 'Edit form data'
      }

      at log (src/components/ui/Button.tsx:28:13)

    console.log
      [Button] Rendering with type: button

      at log (src/components/ui/Button.tsx:25:13)

    console.log
      [Button] Props received: {
        variant: 'primary',
        size: 'lg',
        type: 'button',
        loading: false,
        disabled: undefined
      }

      at log (src/components/ui/Button.tsx:26:13)

    console.log
      [Button] Has onClick in props: true

      at log (src/components/ui/Button.tsx:27:13)

    console.log
      [Button] All props: {
        onClick: [Function: handleApprove],
        'aria-label': 'Approve and finalize form'
      }

      at log (src/components/ui/Button.tsx:28:13)

    console.log
      [Button] Rendering with type: button

      at log (src/components/ui/Button.tsx:25:13)

    console.log
      [Button] Props received: {
        variant: 'secondary',
        size: 'lg',
        type: 'button',
        loading: false,
        disabled: undefined
      }

      at log (src/components/ui/Button.tsx:26:13)

    console.log
      [Button] Has onClick in props: true

      at log (src/components/ui/Button.tsx:27:13)

    console.log
      [Button] All props: {
        onClick: [Function: mockConstructor] {
          _isMockFunction: true,
          getMockImplementation: [Function (anonymous)],
          mock: [Getter/Setter],
          mockClear: [Function (anonymous)],
          mockReset: [Function (anonymous)],
          mockRestore: [Function (anonymous)],
          mockReturnValueOnce: [Function (anonymous)],
          mockResolvedValueOnce: [Function (anonymous)],
          mockRejectedValueOnce: [Function (anonymous)],
          mockReturnValue: [Function (anonymous)],
          mockResolvedValue: [Function (anonymous)],
          mockRejectedValue: [Function (anonymous)],
          mockImplementationOnce: [Function (anonymous)],
          withImplementation: [Function: bound withImplementation],
          mockImplementation: [Function (anonymous)],
          mockReturnThis: [Function (anonymous)],
          mockName: [Function (anonymous)],
          getMockName: [Function (anonymous)],
          [Symbol(nodejs.dispose)]: [Function (anonymous)]
        },
        'aria-label': 'Edit form data'
      }

      at log (src/components/ui/Button.tsx:28:13)

    console.log
      [Button] Rendering with type: button

      at log (src/components/ui/Button.tsx:25:13)

    console.log
      [Button] Props received: {
        variant: 'primary',
        size: 'lg',
        type: 'button',
        loading: false,
        disabled: undefined
      }

      at log (src/components/ui/Button.tsx:26:13)

    console.log
      [Button] Has onClick in props: true

      at log (src/components/ui/Button.tsx:27:13)

    console.log
      [Button] All props: {
        onClick: [Function: handleApprove],
        'aria-label': 'Approve and finalize form'
      }

      at log (src/components/ui/Button.tsx:28:13)

    console.error
      Warning: An update to Form1099DivPreview inside a test was not wrapped in act(...).
      
      When testing, code that causes React state updates should be wrapped into act(...):
      
      act(() => {
        /* fire events that update state */
      });
      /* assert on the output */
      
      This ensures that you're testing the behavior the user would see in the browser. Learn more at https://reactjs.org/link/wrap-tests-with-act
          at document (/Users/ryan/Library/Mobile Documents/com~apple~CloudDocs/Documents/VSCode/Tax-App-Frontend/src/components/forms/Form1099DivPreview.tsx:64:3)

      86 |         if (isMounted) {
      87 |           currentBlobUrl = blobUrl;
    > 88 |           setPdfUrl(blobUrl);
         |           ^
      89 |           setPdfLoading(false);
      90 |         }
      91 |       } catch (error: any) {

      at printWarning (node_modules/react-dom/cjs/react-dom.development.js:86:30)
      at error (node_modules/react-dom/cjs/react-dom.development.js:60:7)
      at warnIfUpdatesNotWrappedWithActDEV (node_modules/react-dom/cjs/react-dom.development.js:27628:9)
      at scheduleUpdateOnFiber (node_modules/react-dom/cjs/react-dom.development.js:25547:5)
      at dispatchSetState (node_modules/react-dom/cjs/react-dom.development.js:16708:7)
      at setPdfUrl (src/components/forms/Form1099DivPreview.tsx:88:11)

    console.error
      Warning: An update to Form1099DivPreview inside a test was not wrapped in act(...).
      
      When testing, code that causes React state updates should be wrapped into act(...):
      
      act(() => {
        /* fire events that update state */
      });
      /* assert on the output */
      
      This ensures that you're testing the behavior the user would see in the browser. Learn more at https://reactjs.org/link/wrap-tests-with-act
          at document (/Users/ryan/Library/Mobile Documents/com~apple~CloudDocs/Documents/VSCode/Tax-App-Frontend/src/components/forms/Form1099DivPreview.tsx:64:3)

      87 |           currentBlobUrl = blobUrl;
      88 |           setPdfUrl(blobUrl);
    > 89 |           setPdfLoading(false);
         |           ^
      90 |         }
      91 |       } catch (error: any) {
      92 |         console.error('[Form1099DivPreview] Error fetching PDF:', error);

      at printWarning (node_modules/react-dom/cjs/react-dom.development.js:86:30)
      at error (node_modules/react-dom/cjs/react-dom.development.js:60:7)
      at warnIfUpdatesNotWrappedWithActDEV (node_modules/react-dom/cjs/react-dom.development.js:27628:9)
      at scheduleUpdateOnFiber (node_modules/react-dom/cjs/react-dom.development.js:25547:5)
      at dispatchSetState (node_modules/react-dom/cjs/react-dom.development.js:16708:7)
      at setPdfLoading (src/components/forms/Form1099DivPreview.tsx:89:11)

    console.log
      [Button] Rendering with type: button

      at log (src/components/ui/Button.tsx:25:13)

    console.log
      [Button] Props received: {
        variant: 'secondary',
        size: 'lg',
        type: 'button',
        loading: false,
        disabled: undefined
      }

      at log (src/components/ui/Button.tsx:26:13)

    console.log
      [Button] Has onClick in props: true

      at log (src/components/ui/Button.tsx:27:13)

    console.log
      [Button] All props: {
        onClick: [Function: mockConstructor] {
          _isMockFunction: true,
          getMockImplementation: [Function (anonymous)],
          mock: [Getter/Setter],
          mockClear: [Function (anonymous)],
          mockReset: [Function (anonymous)],
          mockRestore: [Function (anonymous)],
          mockReturnValueOnce: [Function (anonymous)],
          mockResolvedValueOnce: [Function (anonymous)],
          mockRejectedValueOnce: [Function (anonymous)],
          mockReturnValue: [Function (anonymous)],
          mockResolvedValue: [Function (anonymous)],
          mockRejectedValue: [Function (anonymous)],
          mockImplementationOnce: [Function (anonymous)],
          withImplementation: [Function: bound withImplementation],
          mockImplementation: [Function (anonymous)],
          mockReturnThis: [Function (anonymous)],
          mockName: [Function (anonymous)],
          getMockName: [Function (anonymous)],
          [Symbol(nodejs.dispose)]: [Function (anonymous)]
        },
        'aria-label': 'Edit form data'
      }

      at log (src/components/ui/Button.tsx:28:13)

    console.log
      [Button] Rendering with type: button

      at log (src/components/ui/Button.tsx:25:13)

    console.log
      [Button] Props received: {
        variant: 'primary',
        size: 'lg',
        type: 'button',
        loading: false,
        disabled: undefined
      }

      at log (src/components/ui/Button.tsx:26:13)

    console.log
      [Button] Has onClick in props: true

      at log (src/components/ui/Button.tsx:27:13)

    console.log
      [Button] All props: {
        onClick: [Function: handleApprove],
        'aria-label': 'Approve and finalize form'
      }

      at log (src/components/ui/Button.tsx:28:13)

    console.log
      [Button] Rendering with type: button

      at log (src/components/ui/Button.tsx:25:13)

    console.log
      [Button] Props received: {
        variant: 'secondary',
        size: 'lg',
        type: 'button',
        loading: false,
        disabled: undefined
      }

      at log (src/components/ui/Button.tsx:26:13)

    console.log
      [Button] Has onClick in props: true

      at log (src/components/ui/Button.tsx:27:13)

    console.log
      [Button] All props: {
        onClick: [Function: mockConstructor] {
          _isMockFunction: true,
          getMockImplementation: [Function (anonymous)],
          mock: [Getter/Setter],
          mockClear: [Function (anonymous)],
          mockReset: [Function (anonymous)],
          mockRestore: [Function (anonymous)],
          mockReturnValueOnce: [Function (anonymous)],
          mockResolvedValueOnce: [Function (anonymous)],
          mockRejectedValueOnce: [Function (anonymous)],
          mockReturnValue: [Function (anonymous)],
          mockResolvedValue: [Function (anonymous)],
          mockRejectedValue: [Function (anonymous)],
          mockImplementationOnce: [Function (anonymous)],
          withImplementation: [Function: bound withImplementation],
          mockImplementation: [Function (anonymous)],
          mockReturnThis: [Function (anonymous)],
          mockName: [Function (anonymous)],
          getMockName: [Function (anonymous)],
          [Symbol(nodejs.dispose)]: [Function (anonymous)]
        },
        'aria-label': 'Edit form data'
      }

      at log (src/components/ui/Button.tsx:28:13)

    console.log
      [Button] Rendering with type: button

      at log (src/components/ui/Button.tsx:25:13)

    console.log
      [Button] Props received: {
        variant: 'primary',
        size: 'lg',
        type: 'button',
        loading: false,
        disabled: undefined
      }

      at log (src/components/ui/Button.tsx:26:13)

    console.log
      [Button] Has onClick in props: true

      at log (src/components/ui/Button.tsx:27:13)

    console.log
      [Button] All props: {
        onClick: [Function: handleApprove],
        'aria-label': 'Approve and finalize form'
      }

      at log (src/components/ui/Button.tsx:28:13)

    console.log
      [Button] Rendering with type: button

      at log (src/components/ui/Button.tsx:25:13)

    console.log
      [Button] Props received: {
        variant: 'secondary',
        size: 'lg',
        type: 'button',
        loading: false,
        disabled: undefined
      }

      at log (src/components/ui/Button.tsx:26:13)

    console.log
      [Button] Has onClick in props: true

      at log (src/components/ui/Button.tsx:27:13)

    console.log
      [Button] All props: {
        onClick: [Function: mockConstructor] {
          _isMockFunction: true,
          getMockImplementation: [Function (anonymous)],
          mock: [Getter/Setter],
          mockClear: [Function (anonymous)],
          mockReset: [Function (anonymous)],
          mockRestore: [Function (anonymous)],
          mockReturnValueOnce: [Function (anonymous)],
          mockResolvedValueOnce: [Function (anonymous)],
          mockRejectedValueOnce: [Function (anonymous)],
          mockReturnValue: [Function (anonymous)],
          mockResolvedValue: [Function (anonymous)],
          mockRejectedValue: [Function (anonymous)],
          mockImplementationOnce: [Function (anonymous)],
          withImplementation: [Function: bound withImplementation],
          mockImplementation: [Function (anonymous)],
          mockReturnThis: [Function (anonymous)],
          mockName: [Function (anonymous)],
          getMockName: [Function (anonymous)],
          [Symbol(nodejs.dispose)]: [Function (anonymous)]
        },
        'aria-label': 'Edit form data'
      }

      at log (src/components/ui/Button.tsx:28:13)

    console.log
      [Button] Rendering with type: button

      at log (src/components/ui/Button.tsx:25:13)

    console.log
      [Button] Props received: {
        variant: 'primary',
        size: 'lg',
        type: 'button',
        loading: false,
        disabled: undefined
      }

      at log (src/components/ui/Button.tsx:26:13)

    console.log
      [Button] Has onClick in props: true

      at log (src/components/ui/Button.tsx:27:13)

    console.log
      [Button] All props: {
        onClick: [Function: handleApprove],
        'aria-label': 'Approve and finalize form'
      }

      at log (src/components/ui/Button.tsx:28:13)

    console.error
      Warning: An update to Form1099DivPreview inside a test was not wrapped in act(...).
      
      When testing, code that causes React state updates should be wrapped into act(...):
      
      act(() => {
        /* fire events that update state */
      });
      /* assert on the output */
      
      This ensures that you're testing the behavior the user would see in the browser. Learn more at https://reactjs.org/link/wrap-tests-with-act
          at document (/Users/ryan/Library/Mobile Documents/com~apple~CloudDocs/Documents/VSCode/Tax-App-Frontend/src/components/forms/Form1099DivPreview.tsx:64:3)

      86 |         if (isMounted) {
      87 |           currentBlobUrl = blobUrl;
    > 88 |           setPdfUrl(blobUrl);
         |           ^
      89 |           setPdfLoading(false);
      90 |         }
      91 |       } catch (error: any) {

      at printWarning (node_modules/react-dom/cjs/react-dom.development.js:86:30)
      at error (node_modules/react-dom/cjs/react-dom.development.js:60:7)
      at warnIfUpdatesNotWrappedWithActDEV (node_modules/react-dom/cjs/react-dom.development.js:27628:9)
      at scheduleUpdateOnFiber (node_modules/react-dom/cjs/react-dom.development.js:25547:5)
      at dispatchSetState (node_modules/react-dom/cjs/react-dom.development.js:16708:7)
      at setPdfUrl (src/components/forms/Form1099DivPreview.tsx:88:11)

    console.error
      Warning: An update to Form1099DivPreview inside a test was not wrapped in act(...).
      
      When testing, code that causes React state updates should be wrapped into act(...):
      
      act(() => {
        /* fire events that update state */
      });
      /* assert on the output */
      
      This ensures that you're testing the behavior the user would see in the browser. Learn more at https://reactjs.org/link/wrap-tests-with-act
          at document (/Users/ryan/Library/Mobile Documents/com~apple~CloudDocs/Documents/VSCode/Tax-App-Frontend/src/components/forms/Form1099DivPreview.tsx:64:3)

      87 |           currentBlobUrl = blobUrl;
      88 |           setPdfUrl(blobUrl);
    > 89 |           setPdfLoading(false);
         |           ^
      90 |         }
      91 |       } catch (error: any) {
      92 |         console.error('[Form1099DivPreview] Error fetching PDF:', error);

      at printWarning (node_modules/react-dom/cjs/react-dom.development.js:86:30)
      at error (node_modules/react-dom/cjs/react-dom.development.js:60:7)
      at warnIfUpdatesNotWrappedWithActDEV (node_modules/react-dom/cjs/react-dom.development.js:27628:9)
      at scheduleUpdateOnFiber (node_modules/react-dom/cjs/react-dom.development.js:25547:5)
      at dispatchSetState (node_modules/react-dom/cjs/react-dom.development.js:16708:7)
      at setPdfLoading (src/components/forms/Form1099DivPreview.tsx:89:11)

PASS src/hooks/useRegistrationForm.test.tsx (8.369 s)
  ● Console

    console.log
      ✅ preventDefault() called FIRST (stopPropagation also called if available)

      at Object.log [as handleSubmit] (src/hooks/useRegistrationForm.ts:277:13)

    console.log
      [2026-02-08T19:37:09.131Z] ========== FORM SUBMISSION STARTED ==========

      at Object.log [as handleSubmit] (src/hooks/useRegistrationForm.ts:280:13)

    console.log
      [2026-02-08T19:37:09.131Z] Event defaultPrevented: undefined

      at Object.log [as handleSubmit] (src/hooks/useRegistrationForm.ts:281:13)

    console.log
      [2026-02-08T19:37:09.131Z] Event type: undefined

      at Object.log [as handleSubmit] (src/hooks/useRegistrationForm.ts:282:13)

    console.log
      [2026-02-08T19:37:09.131Z] Event target: undefined

      at Object.log [as handleSubmit] (src/hooks/useRegistrationForm.ts:283:13)

    console.log
      [2026-02-08T19:37:09.131Z] Form data: {
        "fullName": "s:~",
        "email": "eb.h}vt.fcallco.len@3ossqpd1posq.ane",
        "password": "t22a*_<:hwy>}/G),E.;BTs",
        "confirmPassword": "t22a*_<:hwy>}/G),E.;BTs"
      }

      at Object.log [as handleSubmit] (src/hooks/useRegistrationForm.ts:284:13)

    console.log
      [2026-02-08T19:37:09.131Z] Current errors: {}

      at Object.log [as handleSubmit] (src/hooks/useRegistrationForm.ts:285:13)

    console.log
      [2026-02-08T19:37:09.131Z] Is rate limited: false

      at Object.log [as handleSubmit] (src/hooks/useRegistrationForm.ts:286:13)

    console.log
      [2026-02-08T19:37:09.131Z] Validation result: true

      at Object.log [as handleSubmit] (src/hooks/useRegistrationForm.ts:296:13)

    console.log
      [2026-02-08T19:37:09.131Z] ✅ Validation passed, proceeding with API call

      at Object.log [as handleSubmit] (src/hooks/useRegistrationForm.ts:303:13)

    console.log
      [2026-02-08T19:37:09.131Z] 📡 Calling API client register method

      at Object.log [as handleSubmit] (src/hooks/useRegistrationForm.ts:316:15)

    console.log
      [2026-02-08T19:37:09.131Z] API payload: {
        email: 'eb.h}vt.fcallco.len@3ossqpd1posq.ane',
        name: 's:~',
        password: '***REDACTED***'
      }

      at Object.log [as handleSubmit] (src/hooks/useRegistrationForm.ts:317:15)

    console.log
      [2026-02-08T19:37:09.131Z] ✅ API call successful

      at Object.log [as handleSubmit] (src/hooks/useRegistrationForm.ts:330:15)

    console.log
      [2026-02-08T19:37:09.131Z] ========== FORM SUBMISSION ENDED ==========

      at Object.log [as handleSubmit] (src/hooks/useRegistrationForm.ts:376:15)

    console.log
      ✅ preventDefault() called FIRST (stopPropagation also called if available)

      at Object.log [as handleSubmit] (src/hooks/useRegistrationForm.ts:277:13)

    console.log
      [2026-02-08T19:37:09.264Z] ========== FORM SUBMISSION STARTED ==========

      at Object.log [as handleSubmit] (src/hooks/useRegistrationForm.ts:280:13)

    console.log
      [2026-02-08T19:37:09.264Z] Event defaultPrevented: undefined

      at Object.log [as handleSubmit] (src/hooks/useRegistrationForm.ts:281:13)

    console.log
      [2026-02-08T19:37:09.264Z] Event type: undefined

      at Object.log [as handleSubmit] (src/hooks/useRegistrationForm.ts:282:13)

    console.log
      [2026-02-08T19:37:09.264Z] Event target: undefined

      at Object.log [as handleSubmit] (src/hooks/useRegistrationForm.ts:283:13)

    console.log
      [2026-02-08T19:37:09.264Z] Form data: {
        "fullName": " 4&!",
        "email": "o6a.7w+ff07=9.qh6.lerlerbkey@n.bly",
        "password": "E\"$ p\"D!txz0~~ky",
        "confirmPassword": "E\"$ p\"D!txz0~~ky"
      }

      at Object.log [as handleSubmit] (src/hooks/useRegistrationForm.ts:284:13)

    console.log
      [2026-02-08T19:37:09.264Z] Current errors: {}

      at Object.log [as handleSubmit] (src/hooks/useRegistrationForm.ts:285:13)

    console.log
      [2026-02-08T19:37:09.264Z] Is rate limited: false

      at Object.log [as handleSubmit] (src/hooks/useRegistrationForm.ts:286:13)

    console.log
      [2026-02-08T19:37:09.264Z] Validation result: true

      at Object.log [as handleSubmit] (src/hooks/useRegistrationForm.ts:296:13)

    console.log
      [2026-02-08T19:37:09.264Z] ✅ Validation passed, proceeding with API call

      at Object.log [as handleSubmit] (src/hooks/useRegistrationForm.ts:303:13)

    console.log
      [2026-02-08T19:37:09.264Z] 📡 Calling API client register method

      at Object.log [as handleSubmit] (src/hooks/useRegistrationForm.ts:316:15)

    console.log
      [2026-02-08T19:37:09.264Z] API payload: {
        email: 'o6a.7w+ff07=9.qh6.lerlerbkey@n.bly',
        name: ' 4&!',
        password: '***REDACTED***'
      }

      at Object.log [as handleSubmit] (src/hooks/useRegistrationForm.ts:317:15)

    console.log
      [2026-02-08T19:37:09.264Z] ✅ API call successful

      at Object.log [as handleSubmit] (src/hooks/useRegistrationForm.ts:330:15)

    console.log
      [2026-02-08T19:37:09.264Z] ========== FORM SUBMISSION ENDED ==========

      at Object.log [as handleSubmit] (src/hooks/useRegistrationForm.ts:376:15)

    console.log
      ✅ preventDefault() called FIRST (stopPropagation also called if available)

      at Object.log [as handleSubmit] (src/hooks/useRegistrationForm.ts:277:13)

    console.log
      [2026-02-08T19:37:09.302Z] ========== FORM SUBMISSION STARTED ==========

      at Object.log [as handleSubmit] (src/hooks/useRegistrationForm.ts:280:13)

    console.log
      [2026-02-08T19:37:09.302Z] Event defaultPrevented: undefined

      at Object.log [as handleSubmit] (src/hooks/useRegistrationForm.ts:281:13)

    console.log
      [2026-02-08T19:37:09.302Z] Event type: undefined

      at Object.log [as handleSubmit] (src/hooks/useRegistrationForm.ts:282:13)

    console.log
      [2026-02-08T19:37:09.302Z] Event target: undefined

      at Object.log [as handleSubmit] (src/hooks/useRegistrationForm.ts:283:13)

    console.log
      [2026-02-08T19:37:09.302Z] Form data: {
        "fullName": "JTA-LP",
        "email": "b|u.sa.m2lr2!%9r~|j@3.zj",
        "password": "k{XTK]2L9osS\\)g3fP>:2",
        "confirmPassword": "k{XTK]2L9osS\\)g3fP>:2"
      }

      at Object.log [as handleSubmit] (src/hooks/useRegistrationForm.ts:284:13)

    console.log
      [2026-02-08T19:37:09.302Z] Current errors: {}

      at Object.log [as handleSubmit] (src/hooks/useRegistrationForm.ts:285:13)

    console.log
      [2026-02-08T19:37:09.302Z] Is rate limited: false

      at Object.log [as handleSubmit] (src/hooks/useRegistrationForm.ts:286:13)

    console.log
      [2026-02-08T19:37:09.302Z] Validation result: true

      at Object.log [as handleSubmit] (src/hooks/useRegistrationForm.ts:296:13)

    console.log
      [2026-02-08T19:37:09.302Z] ✅ Validation passed, proceeding with API call

      at Object.log [as handleSubmit] (src/hooks/useRegistrationForm.ts:303:13)

    console.log
      [2026-02-08T19:37:09.302Z] 📡 Calling API client register method

      at Object.log [as handleSubmit] (src/hooks/useRegistrationForm.ts:316:15)

    console.log
      [2026-02-08T19:37:09.302Z] API payload: {
        email: 'b|u.sa.m2lr2!%9r~|j@3.zj',
        name: 'JTA-LP',
        password: '***REDACTED***'
      }

      at Object.log [as handleSubmit] (src/hooks/useRegistrationForm.ts:317:15)

    console.log
      [2026-02-08T19:37:09.302Z] ✅ API call successful

      at Object.log [as handleSubmit] (src/hooks/useRegistrationForm.ts:330:15)

    console.log
      [2026-02-08T19:37:09.302Z] ========== FORM SUBMISSION ENDED ==========

      at Object.log [as handleSubmit] (src/hooks/useRegistrationForm.ts:376:15)

    console.log
      ✅ preventDefault() called FIRST (stopPropagation also called if available)

      at Object.log [as handleSubmit] (src/hooks/useRegistrationForm.ts:277:13)

    console.log
      [2026-02-08T19:37:09.392Z] ========== FORM SUBMISSION STARTED ==========

      at Object.log [as handleSubmit] (src/hooks/useRegistrationForm.ts:280:13)

    console.log
      [2026-02-08T19:37:09.392Z] Event defaultPrevented: undefined

      at Object.log [as handleSubmit] (src/hooks/useRegistrationForm.ts:281:13)

    console.log
      [2026-02-08T19:37:09.392Z] Event type: undefined

      at Object.log [as handleSubmit] (src/hooks/useRegistrationForm.ts:282:13)

    console.log
      [2026-02-08T19:37:09.392Z] Event target: undefined

      at Object.log [as handleSubmit] (src/hooks/useRegistrationForm.ts:283:13)

    console.log
      [2026-02-08T19:37:09.392Z] Form data: {
        "fullName": "6K",
        "email": "cb.{.98&`m/b}6%5y.2nz^g.%-&e*=27.!0*_/.e^9fx/jn.ktp@5l7gcy.oy",
        "password": "9! rophasOwnProperty",
        "confirmPassword": "9! rophasOwnProperty"
      }

      at Object.log [as handleSubmit] (src/hooks/useRegistrationForm.ts:284:13)

    console.log
      [2026-02-08T19:37:09.392Z] Current errors: {}

      at Object.log [as handleSubmit] (src/hooks/useRegistrationForm.ts:285:13)

    console.log
      [2026-02-08T19:37:09.392Z] Is rate limited: false

      at Object.log [as handleSubmit] (src/hooks/useRegistrationForm.ts:286:13)

    console.log
      [2026-02-08T19:37:09.392Z] Validation result: true

      at Object.log [as handleSubmit] (src/hooks/useRegistrationForm.ts:296:13)

    console.log
      [2026-02-08T19:37:09.392Z] ✅ Validation passed, proceeding with API call

      at Object.log [as handleSubmit] (src/hooks/useRegistrationForm.ts:303:13)

    console.log
      [2026-02-08T19:37:09.392Z] 📡 Calling API client register method

      at Object.log [as handleSubmit] (src/hooks/useRegistrationForm.ts:316:15)

    console.log
      [2026-02-08T19:37:09.392Z] API payload: {
        email: 'cb.{.98&`m/b}6%5y.2nz^g.%-&e*=27.!0*_/.e^9fx/jn.ktp@5l7gcy.oy',
        name: '6K',
        password: '***REDACTED***'
      }

      at Object.log [as handleSubmit] (src/hooks/useRegistrationForm.ts:317:15)

    console.log
      [2026-02-08T19:37:09.392Z] ✅ API call successful

      at Object.log [as handleSubmit] (src/hooks/useRegistrationForm.ts:330:15)

    console.log
      [2026-02-08T19:37:09.392Z] ========== FORM SUBMISSION ENDED ==========

      at Object.log [as handleSubmit] (src/hooks/useRegistrationForm.ts:376:15)

    console.log
      ✅ preventDefault() called FIRST (stopPropagation also called if available)

      at Object.log [as handleSubmit] (src/hooks/useRegistrationForm.ts:277:13)

    console.log
      [2026-02-08T19:37:09.431Z] ========== FORM SUBMISSION STARTED ==========

      at Object.log [as handleSubmit] (src/hooks/useRegistrationForm.ts:280:13)

    console.log
      [2026-02-08T19:37:09.431Z] Event defaultPrevented: undefined

      at Object.log [as handleSubmit] (src/hooks/useRegistrationForm.ts:281:13)

    console.log
      [2026-02-08T19:37:09.431Z] Event type: undefined

      at Object.log [as handleSubmit] (src/hooks/useRegistrationForm.ts:282:13)

    console.log
      [2026-02-08T19:37:09.431Z] Event target: undefined

      at Object.log [as handleSubmit] (src/hooks/useRegistrationForm.ts:283:13)

    console.log
      [2026-02-08T19:37:09.431Z] Form data: {
        "fullName": "p 7",
        "email": "#j0fr'w.rft6ex2j.yhl&z=c.h?7|*x}|^+.m5atnc+tp!.5brx?+y/$um@elneuupo.mc",
        "password": "!=+$8lngUHiTjz!PQ((! ",
        "confirmPassword": "!=+$8lngUHiTjz!PQ((! "
      }

      at Object.log [as handleSubmit] (src/hooks/useRegistrationForm.ts:284:13)

    console.log
      [2026-02-08T19:37:09.431Z] Current errors: {}

      at Object.log [as handleSubmit] (src/hooks/useRegistrationForm.ts:285:13)

    console.log
      [2026-02-08T19:37:09.431Z] Is rate limited: false

      at Object.log [as handleSubmit] (src/hooks/useRegistrationForm.ts:286:13)

    console.log
      [2026-02-08T19:37:09.431Z] Validation result: true

      at Object.log [as handleSubmit] (src/hooks/useRegistrationForm.ts:296:13)

    console.log
      [2026-02-08T19:37:09.431Z] ✅ Validation passed, proceeding with API call

      at Object.log [as handleSubmit] (src/hooks/useRegistrationForm.ts:303:13)

    console.log
      [2026-02-08T19:37:09.431Z] 📡 Calling API client register method

      at Object.log [as handleSubmit] (src/hooks/useRegistrationForm.ts:316:15)

    console.log
      [2026-02-08T19:37:09.431Z] API payload: {
        email: "#j0fr'w.rft6ex2j.yhl&z=c.h?7|*x}|^+.m5atnc+tp!.5brx?+y/$um@elneuupo.mc",
        name: 'p 7',
        password: '***REDACTED***'
      }

      at Object.log [as handleSubmit] (src/hooks/useRegistrationForm.ts:317:15)

    console.log
      [2026-02-08T19:37:09.431Z] ✅ API call successful

      at Object.log [as handleSubmit] (src/hooks/useRegistrationForm.ts:330:15)

    console.log
      [2026-02-08T19:37:09.431Z] ========== FORM SUBMISSION ENDED ==========

      at Object.log [as handleSubmit] (src/hooks/useRegistrationForm.ts:376:15)

    console.log
      ✅ preventDefault() called FIRST (stopPropagation also called if available)

      at Object.log [as handleSubmit] (src/hooks/useRegistrationForm.ts:277:13)

    console.log
      [2026-02-08T19:37:09.445Z] ========== FORM SUBMISSION STARTED ==========

      at Object.log [as handleSubmit] (src/hooks/useRegistrationForm.ts:280:13)

    console.log
      [2026-02-08T19:37:09.445Z] Event defaultPrevented: undefined

      at Object.log [as handleSubmit] (src/hooks/useRegistrationForm.ts:281:13)

    console.log
      [2026-02-08T19:37:09.445Z] Event type: undefined

      at Object.log [as handleSubmit] (src/hooks/useRegistrationForm.ts:282:13)

    console.log
      [2026-02-08T19:37:09.445Z] Event target: undefined

      at Object.log [as handleSubmit] (src/hooks/useRegistrationForm.ts:283:13)

    console.log
      [2026-02-08T19:37:09.445Z] Form data: {
        "fullName": "t9;%1%2&; dO",
        "email": "vm0y`s=w&.jx.1.?%~?.9p.dh7p1+_h.duy11opw1-.b+ue?=3-w3f_.+7%''@b.lt",
        "password": "~3r-Pj,_c",
        "confirmPassword": "~3r-Pj,_c"
      }

      at Object.log [as handleSubmit] (src/hooks/useRegistrationForm.ts:284:13)

    console.log
      [2026-02-08T19:37:09.445Z] Current errors: {}

      at Object.log [as handleSubmit] (src/hooks/useRegistrationForm.ts:285:13)

    console.log
      [2026-02-08T19:37:09.445Z] Is rate limited: false

      at Object.log [as handleSubmit] (src/hooks/useRegistrationForm.ts:286:13)

    console.log
      [2026-02-08T19:37:09.445Z] Validation result: true

      at Object.log [as handleSubmit] (src/hooks/useRegistrationForm.ts:296:13)

    console.log
      [2026-02-08T19:37:09.445Z] ✅ Validation passed, proceeding with API call

      at Object.log [as handleSubmit] (src/hooks/useRegistrationForm.ts:303:13)

    console.log
      [2026-02-08T19:37:09.445Z] 📡 Calling API client register method

      at Object.log [as handleSubmit] (src/hooks/useRegistrationForm.ts:316:15)

    console.log
      [2026-02-08T19:37:09.445Z] API payload: {
        email: "vm0y`s=w&.jx.1.?%~?.9p.dh7p1+_h.duy11opw1-.b+ue?=3-w3f_.+7%''@b.lt",
        name: 't9;%1%2&; dO',
        password: '***REDACTED***'
      }

      at Object.log [as handleSubmit] (src/hooks/useRegistrationForm.ts:317:15)

    console.log
      [2026-02-08T19:37:09.445Z] ✅ API call successful

      at Object.log [as handleSubmit] (src/hooks/useRegistrationForm.ts:330:15)

    console.log
      [2026-02-08T19:37:09.445Z] ========== FORM SUBMISSION ENDED ==========

      at Object.log [as handleSubmit] (src/hooks/useRegistrationForm.ts:376:15)

    console.log
      ✅ preventDefault() called FIRST (stopPropagation also called if available)

      at Object.log [as handleSubmit] (src/hooks/useRegistrationForm.ts:277:13)

    console.log
      [2026-02-08T19:37:09.473Z] ========== FORM SUBMISSION STARTED ==========

      at Object.log [as handleSubmit] (src/hooks/useRegistrationForm.ts:280:13)

    console.log
      [2026-02-08T19:37:09.473Z] Event defaultPrevented: undefined

      at Object.log [as handleSubmit] (src/hooks/useRegistrationForm.ts:281:13)

    console.log
      [2026-02-08T19:37:09.473Z] Event type: undefined

      at Object.log [as handleSubmit] (src/hooks/useRegistrationForm.ts:282:13)

    console.log
      [2026-02-08T19:37:09.473Z] Event target: undefined

      at Object.log [as handleSubmit] (src/hooks/useRegistrationForm.ts:283:13)

    console.log
      [2026-02-08T19:37:09.473Z] Form data: {
        "fullName": "key",
        "email": "p.sv./oc!{~oapd~y.km.7th}?z}x.?a3s.'s4+`r!'i/.i#q*thu4856|@fbkzc.od",
        "password": "wp(iSo?ciw0w,c6LQU_;",
        "confirmPassword": "wp(iSo?ciw0w,c6LQU_;"
      }

      at Object.log [as handleSubmit] (src/hooks/useRegistrationForm.ts:284:13)

    console.log
      [2026-02-08T19:37:09.473Z] Current errors: {}

      at Object.log [as handleSubmit] (src/hooks/useRegistrationForm.ts:285:13)

    console.log
      [2026-02-08T19:37:09.473Z] Is rate limited: false

      at Object.log [as handleSubmit] (src/hooks/useRegistrationForm.ts:286:13)

    console.log
      [2026-02-08T19:37:09.473Z] Validation result: true

      at Object.log [as handleSubmit] (src/hooks/useRegistrationForm.ts:296:13)

    console.log
      [2026-02-08T19:37:09.473Z] ✅ Validation passed, proceeding with API call

      at Object.log [as handleSubmit] (src/hooks/useRegistrationForm.ts:303:13)

    console.log
      [2026-02-08T19:37:09.473Z] 📡 Calling API client register method

      at Object.log [as handleSubmit] (src/hooks/useRegistrationForm.ts:316:15)

    console.log
      [2026-02-08T19:37:09.473Z] API payload: {
        email: "p.sv./oc!{~oapd~y.km.7th}?z}x.?a3s.'s4+`r!'i/.i#q*thu4856|@fbkzc.od",
        name: 'key',
        password: '***REDACTED***'
      }

      at Object.log [as handleSubmit] (src/hooks/useRegistrationForm.ts:317:15)

    console.log
      [2026-02-08T19:37:09.473Z] ✅ API call successful

      at Object.log [as handleSubmit] (src/hooks/useRegistrationForm.ts:330:15)

    console.log
      [2026-02-08T19:37:09.473Z] ========== FORM SUBMISSION ENDED ==========

      at Object.log [as handleSubmit] (src/hooks/useRegistrationForm.ts:376:15)

    console.log
      ✅ preventDefault() called FIRST (stopPropagation also called if available)

      at Object.log [as handleSubmit] (src/hooks/useRegistrationForm.ts:277:13)

    console.log
      [2026-02-08T19:37:09.574Z] ========== FORM SUBMISSION STARTED ==========

      at Object.log [as handleSubmit] (src/hooks/useRegistrationForm.ts:280:13)

    console.log
      [2026-02-08T19:37:09.574Z] Event defaultPrevented: undefined

      at Object.log [as handleSubmit] (src/hooks/useRegistrationForm.ts:281:13)

    console.log
      [2026-02-08T19:37:09.574Z] Event type: undefined

      at Object.log [as handleSubmit] (src/hooks/useRegistrationForm.ts:282:13)

    console.log
      [2026-02-08T19:37:09.574Z] Event target: undefined

      at Object.log [as handleSubmit] (src/hooks/useRegistrationForm.ts:283:13)

    console.log
      [2026-02-08T19:37:09.574Z] Form data: {
        "fullName": "HrB]JK%i",
        "email": "&t87~h.m@fk3v20d.pv",
        "password": "3HEF[g5?",
        "confirmPassword": "3HEF[g5?"
      }

      at Object.log [as handleSubmit] (src/hooks/useRegistrationForm.ts:284:13)

    console.log
      [2026-02-08T19:37:09.574Z] Current errors: {}

      at Object.log [as handleSubmit] (src/hooks/useRegistrationForm.ts:285:13)

    console.log
      [2026-02-08T19:37:09.574Z] Is rate limited: false

      at Object.log [as handleSubmit] (src/hooks/useRegistrationForm.ts:286:13)

    console.log
      [2026-02-08T19:37:09.574Z] Validation result: true

      at Object.log [as handleSubmit] (src/hooks/useRegistrationForm.ts:296:13)

    console.log
      [2026-02-08T19:37:09.574Z] ✅ Validation passed, proceeding with API call

      at Object.log [as handleSubmit] (src/hooks/useRegistrationForm.ts:303:13)

    console.log
      [2026-02-08T19:37:09.574Z] 📡 Calling API client register method

      at Object.log [as handleSubmit] (src/hooks/useRegistrationForm.ts:316:15)

    console.log
      [2026-02-08T19:37:09.574Z] API payload: {
        email: '&t87~h.m@fk3v20d.pv',
        name: 'HrB]JK%i',
        password: '***REDACTED***'
      }

      at Object.log [as handleSubmit] (src/hooks/useRegistrationForm.ts:317:15)

    console.log
      [2026-02-08T19:37:09.574Z] ✅ API call successful

      at Object.log [as handleSubmit] (src/hooks/useRegistrationForm.ts:330:15)

    console.log
      [2026-02-08T19:37:09.574Z] ========== FORM SUBMISSION ENDED ==========

      at Object.log [as handleSubmit] (src/hooks/useRegistrationForm.ts:376:15)

    console.log
      ✅ preventDefault() called FIRST (stopPropagation also called if available)

      at Object.log [as handleSubmit] (src/hooks/useRegistrationForm.ts:277:13)

    console.log
      [2026-02-08T19:37:09.702Z] ========== FORM SUBMISSION STARTED ==========

      at Object.log [as handleSubmit] (src/hooks/useRegistrationForm.ts:280:13)

    console.log
      [2026-02-08T19:37:09.702Z] Event defaultPrevented: undefined

      at Object.log [as handleSubmit] (src/hooks/useRegistrationForm.ts:281:13)

    console.log
      [2026-02-08T19:37:09.702Z] Event type: undefined

      at Object.log [as handleSubmit] (src/hooks/useRegistrationForm.ts:282:13)

    console.log
      [2026-02-08T19:37:09.702Z] Event target: undefined

      at Object.log [as handleSubmit] (src/hooks/useRegistrationForm.ts:283:13)

    console.log
      [2026-02-08T19:37:09.702Z] Form data: {
        "fullName": "key",
        "email": "y29^m.0t2d`y$.sg~3adg+|uh._$u+q_o%9&*4.fmz##44*.?f6/vpp/nz@207m5fcx.elc",
        "password": "=G\\g\"!CzOXDXr&=8v5\"UT(SEm",
        "confirmPassword": "=G\\g\"!CzOXDXr&=8v5\"UT(SEm"
      }

      at Object.log [as handleSubmit] (src/hooks/useRegistrationForm.ts:284:13)

    console.log
      [2026-02-08T19:37:09.702Z] Current errors: {}

      at Object.log [as handleSubmit] (src/hooks/useRegistrationForm.ts:285:13)

    console.log
      [2026-02-08T19:37:09.702Z] Is rate limited: false

      at Object.log [as handleSubmit] (src/hooks/useRegistrationForm.ts:286:13)

    console.log
      [2026-02-08T19:37:09.702Z] Validation result: true

      at Object.log [as handleSubmit] (src/hooks/useRegistrationForm.ts:296:13)

    console.log
      [2026-02-08T19:37:09.702Z] ✅ Validation passed, proceeding with API call

      at Object.log [as handleSubmit] (src/hooks/useRegistrationForm.ts:303:13)

    console.log
      [2026-02-08T19:37:09.702Z] 📡 Calling API client register method

      at Object.log [as handleSubmit] (src/hooks/useRegistrationForm.ts:316:15)

    console.log
      [2026-02-08T19:37:09.702Z] API payload: {
        email: 'y29^m.0t2d`y$.sg~3adg+|uh._$u+q_o%9&*4.fmz##44*.?f6/vpp/nz@207m5fcx.elc',
        name: 'key',
        password: '***REDACTED***'
      }

      at Object.log [as handleSubmit] (src/hooks/useRegistrationForm.ts:317:15)

    console.log
      [2026-02-08T19:37:09.702Z] ✅ API call successful

      at Object.log [as handleSubmit] (src/hooks/useRegistrationForm.ts:330:15)

    console.log
      [2026-02-08T19:37:09.702Z] ========== FORM SUBMISSION ENDED ==========

      at Object.log [as handleSubmit] (src/hooks/useRegistrationForm.ts:376:15)

    console.log
      ✅ preventDefault() called FIRST (stopPropagation also called if available)

      at Object.log [as handleSubmit] (src/hooks/useRegistrationForm.ts:277:13)

    console.log
      [2026-02-08T19:37:09.793Z] ========== FORM SUBMISSION STARTED ==========

      at Object.log [as handleSubmit] (src/hooks/useRegistrationForm.ts:280:13)

    console.log
      [2026-02-08T19:37:09.793Z] Event defaultPrevented: undefined

      at Object.log [as handleSubmit] (src/hooks/useRegistrationForm.ts:281:13)

    console.log
      [2026-02-08T19:37:09.793Z] Event type: undefined

      at Object.log [as handleSubmit] (src/hooks/useRegistrationForm.ts:282:13)

    console.log
      [2026-02-08T19:37:09.793Z] Event target: undefined

      at Object.log [as handleSubmit] (src/hooks/useRegistrationForm.ts:283:13)

    console.log
      [2026-02-08T19:37:09.793Z] Form data: {
        "fullName": "v|9GUDa8uXi1",
        "email": "^hg~kl2.6.xhmia?re7z11.~*u}h~52-xy.f%|8cm.{!j?.if0+d/d?8q2d.$+k@3si8.qdr",
        "password": "##%8#$giP\\&!2%$De=\"H ",
        "confirmPassword": "##%8#$giP\\&!2%$De=\"H "
      }

      at Object.log [as handleSubmit] (src/hooks/useRegistrationForm.ts:284:13)

    console.log
      [2026-02-08T19:37:09.793Z] Current errors: {}

      at Object.log [as handleSubmit] (src/hooks/useRegistrationForm.ts:285:13)

    console.log
      [2026-02-08T19:37:09.793Z] Is rate limited: false

      at Object.log [as handleSubmit] (src/hooks/useRegistrationForm.ts:286:13)

    console.log
      [2026-02-08T19:37:09.793Z] Validation result: true

      at Object.log [as handleSubmit] (src/hooks/useRegistrationForm.ts:296:13)

    console.log
      [2026-02-08T19:37:09.793Z] ✅ Validation passed, proceeding with API call

      at Object.log [as handleSubmit] (src/hooks/useRegistrationForm.ts:303:13)

    console.log
      [2026-02-08T19:37:09.793Z] 📡 Calling API client register method

      at Object.log [as handleSubmit] (src/hooks/useRegistrationForm.ts:316:15)

    console.log
      [2026-02-08T19:37:09.793Z] API payload: {
        email: '^hg~kl2.6.xhmia?re7z11.~*u}h~52-xy.f%|8cm.{!j?.if0+d/d?8q2d.$+k@3si8.qdr',
        name: 'v|9GUDa8uXi1',
        password: '***REDACTED***'
      }

      at Object.log [as handleSubmit] (src/hooks/useRegistrationForm.ts:317:15)

    console.log
      [2026-02-08T19:37:09.793Z] ✅ API call successful

      at Object.log [as handleSubmit] (src/hooks/useRegistrationForm.ts:330:15)

    console.log
      [2026-02-08T19:37:09.793Z] ========== FORM SUBMISSION ENDED ==========

      at Object.log [as handleSubmit] (src/hooks/useRegistrationForm.ts:376:15)

    console.log
      ✅ preventDefault() called FIRST (stopPropagation also called if available)

      at Object.log [as handleSubmit] (src/hooks/useRegistrationForm.ts:277:13)

    console.log
      [2026-02-08T19:37:09.807Z] ========== FORM SUBMISSION STARTED ==========

      at Object.log [as handleSubmit] (src/hooks/useRegistrationForm.ts:280:13)

    console.log
      [2026-02-08T19:37:09.807Z] Event defaultPrevented: undefined

      at Object.log [as handleSubmit] (src/hooks/useRegistrationForm.ts:281:13)

    console.log
      [2026-02-08T19:37:09.807Z] Event type: undefined

      at Object.log [as handleSubmit] (src/hooks/useRegistrationForm.ts:282:13)

    console.log
      [2026-02-08T19:37:09.807Z] Event target: undefined

      at Object.log [as handleSubmit] (src/hooks/useRegistrationForm.ts:283:13)

    console.log
      [2026-02-08T19:37:09.807Z] Form data: {
        "fullName": "d#;o<}3m#:/$e8",
        "email": "&h^ivun.byk@5yl90jmd3mh.jig",
        "password": ")XPo[8CvL",
        "confirmPassword": ")XPo[8CvL"
      }

      at Object.log [as handleSubmit] (src/hooks/useRegistrationForm.ts:284:13)

    console.log
      [2026-02-08T19:37:09.807Z] Current errors: {}

      at Object.log [as handleSubmit] (src/hooks/useRegistrationForm.ts:285:13)

    console.log
      [2026-02-08T19:37:09.807Z] Is rate limited: false

      at Object.log [as handleSubmit] (src/hooks/useRegistrationForm.ts:286:13)

    console.log
      [2026-02-08T19:37:09.807Z] Validation result: true

      at Object.log [as handleSubmit] (src/hooks/useRegistrationForm.ts:296:13)

    console.log
      [2026-02-08T19:37:09.807Z] ✅ Validation passed, proceeding with API call

      at Object.log [as handleSubmit] (src/hooks/useRegistrationForm.ts:303:13)

    console.log
      [2026-02-08T19:37:09.807Z] 📡 Calling API client register method

      at Object.log [as handleSubmit] (src/hooks/useRegistrationForm.ts:316:15)

    console.log
      [2026-02-08T19:37:09.807Z] API payload: {
        email: '&h^ivun.byk@5yl90jmd3mh.jig',
        name: 'd#;o<}3m#:/$e8',
        password: '***REDACTED***'
      }

      at Object.log [as handleSubmit] (src/hooks/useRegistrationForm.ts:317:15)

    console.log
      [2026-02-08T19:37:09.807Z] ✅ API call successful

      at Object.log [as handleSubmit] (src/hooks/useRegistrationForm.ts:330:15)

    console.log
      [2026-02-08T19:37:09.807Z] ========== FORM SUBMISSION ENDED ==========

      at Object.log [as handleSubmit] (src/hooks/useRegistrationForm.ts:376:15)

    console.log
      ✅ preventDefault() called FIRST (stopPropagation also called if available)

      at Object.log [as handleSubmit] (src/hooks/useRegistrationForm.ts:277:13)

    console.log
      [2026-02-08T19:37:09.828Z] ========== FORM SUBMISSION STARTED ==========

      at Object.log [as handleSubmit] (src/hooks/useRegistrationForm.ts:280:13)

    console.log
      [2026-02-08T19:37:09.828Z] Event defaultPrevented: undefined

      at Object.log [as handleSubmit] (src/hooks/useRegistrationForm.ts:281:13)

    console.log
      [2026-02-08T19:37:09.828Z] Event type: undefined

      at Object.log [as handleSubmit] (src/hooks/useRegistrationForm.ts:282:13)

    console.log
      [2026-02-08T19:37:09.828Z] Event target: undefined

      at Object.log [as handleSubmit] (src/hooks/useRegistrationForm.ts:283:13)

    console.log
      [2026-02-08T19:37:09.828Z] Form data: {
        "fullName": ";oBBt!?<e9$kN4",
        "email": "ou4wv10^u+13.1i!5xo`a0'.oi9y@93lt1f4.bhe",
        "password": "Fb@dXKDYfX#wK0U1Y`.EVJ",
        "confirmPassword": "Fb@dXKDYfX#wK0U1Y`.EVJ"
      }

      at Object.log [as handleSubmit] (src/hooks/useRegistrationForm.ts:284:13)

    console.log
      [2026-02-08T19:37:09.828Z] Current errors: {}

      at Object.log [as handleSubmit] (src/hooks/useRegistrationForm.ts:285:13)

    console.log
      [2026-02-08T19:37:09.828Z] Is rate limited: false

      at Object.log [as handleSubmit] (src/hooks/useRegistrationForm.ts:286:13)

    console.log
      [2026-02-08T19:37:09.828Z] Validation result: true

      at Object.log [as handleSubmit] (src/hooks/useRegistrationForm.ts:296:13)

    console.log
      [2026-02-08T19:37:09.828Z] ✅ Validation passed, proceeding with API call

      at Object.log [as handleSubmit] (src/hooks/useRegistrationForm.ts:303:13)

    console.log
      [2026-02-08T19:37:09.828Z] 📡 Calling API client register method

      at Object.log [as handleSubmit] (src/hooks/useRegistrationForm.ts:316:15)

    console.log
      [2026-02-08T19:37:09.828Z] API payload: {
        email: "ou4wv10^u+13.1i!5xo`a0'.oi9y@93lt1f4.bhe",
        name: ';oBBt!?<e9$kN4',
        password: '***REDACTED***'
      }

      at Object.log [as handleSubmit] (src/hooks/useRegistrationForm.ts:317:15)

    console.log
      [2026-02-08T19:37:09.828Z] ✅ API call successful

      at Object.log [as handleSubmit] (src/hooks/useRegistrationForm.ts:330:15)

    console.log
      [2026-02-08T19:37:09.828Z] ========== FORM SUBMISSION ENDED ==========

      at Object.log [as handleSubmit] (src/hooks/useRegistrationForm.ts:376:15)

    console.log
      ✅ preventDefault() called FIRST (stopPropagation also called if available)

      at Object.log [as handleSubmit] (src/hooks/useRegistrationForm.ts:277:13)

    console.log
      [2026-02-08T19:37:09.973Z] ========== FORM SUBMISSION STARTED ==========

      at Object.log [as handleSubmit] (src/hooks/useRegistrationForm.ts:280:13)

    console.log
      [2026-02-08T19:37:09.973Z] Event defaultPrevented: undefined

      at Object.log [as handleSubmit] (src/hooks/useRegistrationForm.ts:281:13)

    console.log
      [2026-02-08T19:37:09.973Z] Event type: undefined

      at Object.log [as handleSubmit] (src/hooks/useRegistrationForm.ts:282:13)

    console.log
      [2026-02-08T19:37:09.973Z] Event target: undefined

      at Object.log [as handleSubmit] (src/hooks/useRegistrationForm.ts:283:13)

    console.log
      [2026-02-08T19:37:09.973Z] Form data: {
        "fullName": "_/F7`xc6",
        "email": "jt&sf1u.klx~6mx|te.}h^!|o3.&@ztqogqydrgj0.ahpzbk.ta",
        "password": "q <gWOk[Oe2^TRVH",
        "confirmPassword": "q <gWOk[Oe2^TRVH"
      }

      at Object.log [as handleSubmit] (src/hooks/useRegistrationForm.ts:284:13)

    console.log
      [2026-02-08T19:37:09.973Z] Current errors: {}

      at Object.log [as handleSubmit] (src/hooks/useRegistrationForm.ts:285:13)

    console.log
      [2026-02-08T19:37:09.973Z] Is rate limited: false

      at Object.log [as handleSubmit] (src/hooks/useRegistrationForm.ts:286:13)

    console.log
      [2026-02-08T19:37:09.973Z] Validation result: true

      at Object.log [as handleSubmit] (src/hooks/useRegistrationForm.ts:296:13)

    console.log
      [2026-02-08T19:37:09.973Z] ✅ Validation passed, proceeding with API call

      at Object.log [as handleSubmit] (src/hooks/useRegistrationForm.ts:303:13)

    console.log
      [2026-02-08T19:37:09.973Z] 📡 Calling API client register method

      at Object.log [as handleSubmit] (src/hooks/useRegistrationForm.ts:316:15)

    console.log
      [2026-02-08T19:37:09.973Z] API payload: {
        email: 'jt&sf1u.klx~6mx|te.}h^!|o3.&@ztqogqydrgj0.ahpzbk.ta',
        name: '_/F7`xc6',
        password: '***REDACTED***'
      }

      at Object.log [as handleSubmit] (src/hooks/useRegistrationForm.ts:317:15)

    console.log
      [2026-02-08T19:37:09.973Z] ✅ API call successful

      at Object.log [as handleSubmit] (src/hooks/useRegistrationForm.ts:330:15)

    console.log
      [2026-02-08T19:37:09.973Z] ========== FORM SUBMISSION ENDED ==========

      at Object.log [as handleSubmit] (src/hooks/useRegistrationForm.ts:376:15)

    console.log
      ✅ preventDefault() called FIRST (stopPropagation also called if available)

      at Object.log [as handleSubmit] (src/hooks/useRegistrationForm.ts:277:13)

    console.log
      [2026-02-08T19:37:09.999Z] ========== FORM SUBMISSION STARTED ==========

      at Object.log [as handleSubmit] (src/hooks/useRegistrationForm.ts:280:13)

    console.log
      [2026-02-08T19:37:09.999Z] Event defaultPrevented: undefined

      at Object.log [as handleSubmit] (src/hooks/useRegistrationForm.ts:281:13)

    console.log
      [2026-02-08T19:37:09.999Z] Event type: undefined

      at Object.log [as handleSubmit] (src/hooks/useRegistrationForm.ts:282:13)

    console.log
      [2026-02-08T19:37:09.999Z] Event target: undefined

      at Object.log [as handleSubmit] (src/hooks/useRegistrationForm.ts:283:13)

    console.log
      [2026-02-08T19:37:09.999Z] Form data: {
        "fullName": ":,%f",
        "email": "b3kd.`e!co$6d|f%.#0vd|`7_k}.t_bctoty5y}@ir.n9ox5gpm96.con",
        "password": "@E-j_v\\lF*Z]1;Mn'?^0",
        "confirmPassword": "@E-j_v\\lF*Z]1;Mn'?^0"
      }

      at Object.log [as handleSubmit] (src/hooks/useRegistrationForm.ts:284:13)

    console.log
      [2026-02-08T19:37:09.999Z] Current errors: {}

      at Object.log [as handleSubmit] (src/hooks/useRegistrationForm.ts:285:13)

    console.log
      [2026-02-08T19:37:09.999Z] Is rate limited: false

      at Object.log [as handleSubmit] (src/hooks/useRegistrationForm.ts:286:13)

    console.log
      [2026-02-08T19:37:09.999Z] Validation result: true

      at Object.log [as handleSubmit] (src/hooks/useRegistrationForm.ts:296:13)

    console.log
      [2026-02-08T19:37:09.999Z] ✅ Validation passed, proceeding with API call

      at Object.log [as handleSubmit] (src/hooks/useRegistrationForm.ts:303:13)

    console.log
      [2026-02-08T19:37:09.999Z] 📡 Calling API client register method

      at Object.log [as handleSubmit] (src/hooks/useRegistrationForm.ts:316:15)

    console.log
      [2026-02-08T19:37:09.999Z] API payload: {
        email: 'b3kd.`e!co$6d|f%.#0vd|`7_k}.t_bctoty5y}@ir.n9ox5gpm96.con',
        name: ':,%f',
        password: '***REDACTED***'
      }

      at Object.log [as handleSubmit] (src/hooks/useRegistrationForm.ts:317:15)

    console.log
      [2026-02-08T19:37:09.999Z] ✅ API call successful

      at Object.log [as handleSubmit] (src/hooks/useRegistrationForm.ts:330:15)

    console.log
      [2026-02-08T19:37:09.999Z] ========== FORM SUBMISSION ENDED ==========

      at Object.log [as handleSubmit] (src/hooks/useRegistrationForm.ts:376:15)

    console.log
      ✅ preventDefault() called FIRST (stopPropagation also called if available)

      at Object.log [as handleSubmit] (src/hooks/useRegistrationForm.ts:277:13)

    console.log
      [2026-02-08T19:37:10.047Z] ========== FORM SUBMISSION STARTED ==========

      at Object.log [as handleSubmit] (src/hooks/useRegistrationForm.ts:280:13)

    console.log
      [2026-02-08T19:37:10.047Z] Event defaultPrevented: undefined

      at Object.log [as handleSubmit] (src/hooks/useRegistrationForm.ts:281:13)

    console.log
      [2026-02-08T19:37:10.047Z] Event type: undefined

      at Object.log [as handleSubmit] (src/hooks/useRegistrationForm.ts:282:13)

    console.log
      [2026-02-08T19:37:10.047Z] Event target: undefined

      at Object.log [as handleSubmit] (src/hooks/useRegistrationForm.ts:283:13)

    console.log
      [2026-02-08T19:37:10.047Z] Form data: {
        "fullName": "cYn>r3|/gO>-",
        "email": "y.~_dg32*bv@an2dj.fvc",
        "password": "T%g2eY'\\{pd_O",
        "confirmPassword": "T%g2eY'\\{pd_O"
      }

      at Object.log [as handleSubmit] (src/hooks/useRegistrationForm.ts:284:13)

    console.log
      [2026-02-08T19:37:10.047Z] Current errors: {}

      at Object.log [as handleSubmit] (src/hooks/useRegistrationForm.ts:285:13)

    console.log
      [2026-02-08T19:37:10.047Z] Is rate limited: false

      at Object.log [as handleSubmit] (src/hooks/useRegistrationForm.ts:286:13)

    console.log
      [2026-02-08T19:37:10.047Z] Validation result: true

      at Object.log [as handleSubmit] (src/hooks/useRegistrationForm.ts:296:13)

    console.log
      [2026-02-08T19:37:10.047Z] ✅ Validation passed, proceeding with API call

      at Object.log [as handleSubmit] (src/hooks/useRegistrationForm.ts:303:13)

    console.log
      [2026-02-08T19:37:10.047Z] 📡 Calling API client register method

      at Object.log [as handleSubmit] (src/hooks/useRegistrationForm.ts:316:15)

    console.log
      [2026-02-08T19:37:10.047Z] API payload: {
        email: 'y.~_dg32*bv@an2dj.fvc',
        name: 'cYn>r3|/gO>-',
        password: '***REDACTED***'
      }

      at Object.log [as handleSubmit] (src/hooks/useRegistrationForm.ts:317:15)

    console.log
      [2026-02-08T19:37:10.047Z] ✅ API call successful

      at Object.log [as handleSubmit] (src/hooks/useRegistrationForm.ts:330:15)

    console.log
      [2026-02-08T19:37:10.047Z] ========== FORM SUBMISSION ENDED ==========

      at Object.log [as handleSubmit] (src/hooks/useRegistrationForm.ts:376:15)

    console.log
      ✅ preventDefault() called FIRST (stopPropagation also called if available)

      at Object.log [as handleSubmit] (src/hooks/useRegistrationForm.ts:277:13)

    console.log
      [2026-02-08T19:37:10.074Z] ========== FORM SUBMISSION STARTED ==========

      at Object.log [as handleSubmit] (src/hooks/useRegistrationForm.ts:280:13)

    console.log
      [2026-02-08T19:37:10.074Z] Event defaultPrevented: undefined

      at Object.log [as handleSubmit] (src/hooks/useRegistrationForm.ts:281:13)

    console.log
      [2026-02-08T19:37:10.074Z] Event type: undefined

      at Object.log [as handleSubmit] (src/hooks/useRegistrationForm.ts:282:13)

    console.log
      [2026-02-08T19:37:10.074Z] Event target: undefined

      at Object.log [as handleSubmit] (src/hooks/useRegistrationForm.ts:283:13)

    console.log
      [2026-02-08T19:37:10.074Z] Form data: {
        "fullName": "1Ff>`+Qq'N4ob",
        "email": "8|9rhymtoc1n.z}.!8&l{{.n2.-tk8qus269nv.}_%&ojj-#8f@d.mbp",
        "password": "!w.FKp!7Z!",
        "confirmPassword": "!w.FKp!7Z!"
      }

      at Object.log [as handleSubmit] (src/hooks/useRegistrationForm.ts:284:13)

    console.log
      [2026-02-08T19:37:10.074Z] Current errors: {}

      at Object.log [as handleSubmit] (src/hooks/useRegistrationForm.ts:285:13)

    console.log
      [2026-02-08T19:37:10.074Z] Is rate limited: false

      at Object.log [as handleSubmit] (src/hooks/useRegistrationForm.ts:286:13)

    console.log
      [2026-02-08T19:37:10.074Z] Validation result: true

      at Object.log [as handleSubmit] (src/hooks/useRegistrationForm.ts:296:13)

    console.log
      [2026-02-08T19:37:10.074Z] ✅ Validation passed, proceeding with API call

      at Object.log [as handleSubmit] (src/hooks/useRegistrationForm.ts:303:13)

    console.log
      [2026-02-08T19:37:10.074Z] 📡 Calling API client register method

      at Object.log [as handleSubmit] (src/hooks/useRegistrationForm.ts:316:15)

    console.log
      [2026-02-08T19:37:10.074Z] API payload: {
        email: '8|9rhymtoc1n.z}.!8&l{{.n2.-tk8qus269nv.}_%&ojj-#8f@d.mbp',
        name: "1Ff>`+Qq'N4ob",
        password: '***REDACTED***'
      }

      at Object.log [as handleSubmit] (src/hooks/useRegistrationForm.ts:317:15)

    console.log
      [2026-02-08T19:37:10.074Z] ✅ API call successful

      at Object.log [as handleSubmit] (src/hooks/useRegistrationForm.ts:330:15)

    console.log
      [2026-02-08T19:37:10.074Z] ========== FORM SUBMISSION ENDED ==========

      at Object.log [as handleSubmit] (src/hooks/useRegistrationForm.ts:376:15)

    console.log
      ✅ preventDefault() called FIRST (stopPropagation also called if available)

      at Object.log [as handleSubmit] (src/hooks/useRegistrationForm.ts:277:13)

    console.log
      [2026-02-08T19:37:10.089Z] ========== FORM SUBMISSION STARTED ==========

      at Object.log [as handleSubmit] (src/hooks/useRegistrationForm.ts:280:13)

    console.log
      [2026-02-08T19:37:10.089Z] Event defaultPrevented: undefined

      at Object.log [as handleSubmit] (src/hooks/useRegistrationForm.ts:281:13)

    console.log
      [2026-02-08T19:37:10.089Z] Event type: undefined

      at Object.log [as handleSubmit] (src/hooks/useRegistrationForm.ts:282:13)

    console.log
      [2026-02-08T19:37:10.089Z] Event target: undefined

      at Object.log [as handleSubmit] (src/hooks/useRegistrationForm.ts:283:13)

    console.log
      [2026-02-08T19:37:10.089Z] Form data: {
        "fullName": "nY~1&KH=/-QJ",
        "email": "v+.mh$#*.3jk&=*@8yz.amk",
        "password": "yH8?n$x$UK&jOebuY,>'QJ*}",
        "confirmPassword": "yH8?n$x$UK&jOebuY,>'QJ*}"
      }

      at Object.log [as handleSubmit] (src/hooks/useRegistrationForm.ts:284:13)

    console.log
      [2026-02-08T19:37:10.089Z] Current errors: {}

      at Object.log [as handleSubmit] (src/hooks/useRegistrationForm.ts:285:13)

    console.log
      [2026-02-08T19:37:10.089Z] Is rate limited: false

      at Object.log [as handleSubmit] (src/hooks/useRegistrationForm.ts:286:13)

    console.log
      [2026-02-08T19:37:10.089Z] Validation result: true

      at Object.log [as handleSubmit] (src/hooks/useRegistrationForm.ts:296:13)

    console.log
      [2026-02-08T19:37:10.089Z] ✅ Validation passed, proceeding with API call

      at Object.log [as handleSubmit] (src/hooks/useRegistrationForm.ts:303:13)

    console.log
      [2026-02-08T19:37:10.089Z] 📡 Calling API client register method

      at Object.log [as handleSubmit] (src/hooks/useRegistrationForm.ts:316:15)

    console.log
      [2026-02-08T19:37:10.089Z] API payload: {
        email: 'v+.mh$#*.3jk&=*@8yz.amk',
        name: 'nY~1&KH=/-QJ',
        password: '***REDACTED***'
      }

      at Object.log [as handleSubmit] (src/hooks/useRegistrationForm.ts:317:15)

    console.log
      [2026-02-08T19:37:10.089Z] ✅ API call successful

      at Object.log [as handleSubmit] (src/hooks/useRegistrationForm.ts:330:15)

    console.log
      [2026-02-08T19:37:10.089Z] ========== FORM SUBMISSION ENDED ==========

      at Object.log [as handleSubmit] (src/hooks/useRegistrationForm.ts:376:15)

    console.log
      ✅ preventDefault() called FIRST (stopPropagation also called if available)

      at Object.log [as handleSubmit] (src/hooks/useRegistrationForm.ts:277:13)

    console.log
      [2026-02-08T19:37:10.095Z] ========== FORM SUBMISSION STARTED ==========

      at Object.log [as handleSubmit] (src/hooks/useRegistrationForm.ts:280:13)

    console.log
      [2026-02-08T19:37:10.095Z] Event defaultPrevented: undefined

      at Object.log [as handleSubmit] (src/hooks/useRegistrationForm.ts:281:13)

    console.log
      [2026-02-08T19:37:10.095Z] Event type: undefined

      at Object.log [as handleSubmit] (src/hooks/useRegistrationForm.ts:282:13)

    console.log
      [2026-02-08T19:37:10.095Z] Event target: undefined

      at Object.log [as handleSubmit] (src/hooks/useRegistrationForm.ts:283:13)

    console.log
      [2026-02-08T19:37:10.095Z] Form data: {
        "fullName": "}DL[(`",
        "email": "xlzr/%d'0+~j@bc9y3r.lf",
        "password": "<}Kq$e&Sp8.>v>,i^{/z*r[B_",
        "confirmPassword": "<}Kq$e&Sp8.>v>,i^{/z*r[B_"
      }

      at Object.log [as handleSubmit] (src/hooks/useRegistrationForm.ts:284:13)

    console.log
      [2026-02-08T19:37:10.095Z] Current errors: {}

      at Object.log [as handleSubmit] (src/hooks/useRegistrationForm.ts:285:13)

    console.log
      [2026-02-08T19:37:10.095Z] Is rate limited: false

      at Object.log [as handleSubmit] (src/hooks/useRegistrationForm.ts:286:13)

    console.log
      [2026-02-08T19:37:10.095Z] Validation result: true

      at Object.log [as handleSubmit] (src/hooks/useRegistrationForm.ts:296:13)

    console.log
      [2026-02-08T19:37:10.095Z] ✅ Validation passed, proceeding with API call

      at Object.log [as handleSubmit] (src/hooks/useRegistrationForm.ts:303:13)

    console.log
      [2026-02-08T19:37:10.095Z] 📡 Calling API client register method

      at Object.log [as handleSubmit] (src/hooks/useRegistrationForm.ts:316:15)

    console.log
      [2026-02-08T19:37:10.095Z] API payload: {
        email: "xlzr/%d'0+~j@bc9y3r.lf",
        name: '}DL[(`',
        password: '***REDACTED***'
      }

      at Object.log [as handleSubmit] (src/hooks/useRegistrationForm.ts:317:15)

    console.log
      [2026-02-08T19:37:10.095Z] ✅ API call successful

      at Object.log [as handleSubmit] (src/hooks/useRegistrationForm.ts:330:15)

    console.log
      [2026-02-08T19:37:10.095Z] ========== FORM SUBMISSION ENDED ==========

      at Object.log [as handleSubmit] (src/hooks/useRegistrationForm.ts:376:15)

    console.log
      ✅ preventDefault() called FIRST (stopPropagation also called if available)

      at Object.log [as handleSubmit] (src/hooks/useRegistrationForm.ts:277:13)

    console.log
      [2026-02-08T19:37:10.102Z] ========== FORM SUBMISSION STARTED ==========

      at Object.log [as handleSubmit] (src/hooks/useRegistrationForm.ts:280:13)

    console.log
      [2026-02-08T19:37:10.102Z] Event defaultPrevented: undefined

      at Object.log [as handleSubmit] (src/hooks/useRegistrationForm.ts:281:13)

    console.log
      [2026-02-08T19:37:10.102Z] Event type: undefined

      at Object.log [as handleSubmit] (src/hooks/useRegistrationForm.ts:282:13)

    console.log
      [2026-02-08T19:37:10.102Z] Event target: undefined

      at Object.log [as handleSubmit] (src/hooks/useRegistrationForm.ts:283:13)

    console.log
      [2026-02-08T19:37:10.102Z] Form data: {
        "fullName": "y+oC,-;g&",
        "email": "^.|_1`huzp??3%.+=t5m4.6!m&7t5.z==8g^'i.'04l_}b6g=r@k62.k04yyzyx.ca",
        "password": "r_*kD50Zr#k",
        "confirmPassword": "r_*kD50Zr#k"
      }

      at Object.log [as handleSubmit] (src/hooks/useRegistrationForm.ts:284:13)

    console.log
      [2026-02-08T19:37:10.102Z] Current errors: {}

      at Object.log [as handleSubmit] (src/hooks/useRegistrationForm.ts:285:13)

    console.log
      [2026-02-08T19:37:10.102Z] Is rate limited: false

      at Object.log [as handleSubmit] (src/hooks/useRegistrationForm.ts:286:13)

    console.log
      [2026-02-08T19:37:10.102Z] Validation result: true

      at Object.log [as handleSubmit] (src/hooks/useRegistrationForm.ts:296:13)

    console.log
      [2026-02-08T19:37:10.102Z] ✅ Validation passed, proceeding with API call

      at Object.log [as handleSubmit] (src/hooks/useRegistrationForm.ts:303:13)

    console.log
      [2026-02-08T19:37:10.102Z] 📡 Calling API client register method

      at Object.log [as handleSubmit] (src/hooks/useRegistrationForm.ts:316:15)

    console.log
      [2026-02-08T19:37:10.102Z] API payload: {
        email: "^.|_1`huzp??3%.+=t5m4.6!m&7t5.z==8g^'i.'04l_}b6g=r@k62.k04yyzyx.ca",
        name: 'y+oC,-;g&',
        password: '***REDACTED***'
      }

      at Object.log [as handleSubmit] (src/hooks/useRegistrationForm.ts:317:15)

    console.log
      [2026-02-08T19:37:10.102Z] ✅ API call successful

      at Object.log [as handleSubmit] (src/hooks/useRegistrationForm.ts:330:15)

    console.log
      [2026-02-08T19:37:10.102Z] ========== FORM SUBMISSION ENDED ==========

      at Object.log [as handleSubmit] (src/hooks/useRegistrationForm.ts:376:15)

    console.log
      ✅ preventDefault() called FIRST (stopPropagation also called if available)

      at Object.log [as handleSubmit] (src/hooks/useRegistrationForm.ts:277:13)

    console.log
      [2026-02-08T19:37:10.125Z] ========== FORM SUBMISSION STARTED ==========

      at Object.log [as handleSubmit] (src/hooks/useRegistrationForm.ts:280:13)

    console.log
      [2026-02-08T19:37:10.125Z] Event defaultPrevented: undefined

      at Object.log [as handleSubmit] (src/hooks/useRegistrationForm.ts:281:13)

    console.log
      [2026-02-08T19:37:10.125Z] Event type: undefined

      at Object.log [as handleSubmit] (src/hooks/useRegistrationForm.ts:282:13)

    console.log
      [2026-02-08T19:37:10.125Z] Event target: undefined

      at Object.log [as handleSubmit] (src/hooks/useRegistrationForm.ts:283:13)

    console.log
      [2026-02-08T19:37:10.125Z] Form data: {
        "fullName": "?3lO);+x<O2-.g",
        "email": "4?9wj*p_44^.dc4q.kq`2{{i2.7qr6_xr!.2?*h=.o}{.ks}ud.r.c}.z}x0$m'5@5kpzafo.scr",
        "password": "W;>68\\8 P8sg~]Q\\.\";\",@7d4",
        "confirmPassword": "W;>68\\8 P8sg~]Q\\.\";\",@7d4"
      }

      at Object.log [as handleSubmit] (src/hooks/useRegistrationForm.ts:284:13)

    console.log
      [2026-02-08T19:37:10.125Z] Current errors: {}

      at Object.log [as handleSubmit] (src/hooks/useRegistrationForm.ts:285:13)

    console.log
      [2026-02-08T19:37:10.125Z] Is rate limited: false

      at Object.log [as handleSubmit] (src/hooks/useRegistrationForm.ts:286:13)

    console.log
      [2026-02-08T19:37:10.125Z] Validation result: true

      at Object.log [as handleSubmit] (src/hooks/useRegistrationForm.ts:296:13)

    console.log
      [2026-02-08T19:37:10.125Z] ✅ Validation passed, proceeding with API call

      at Object.log [as handleSubmit] (src/hooks/useRegistrationForm.ts:303:13)

    console.log
      [2026-02-08T19:37:10.125Z] 📡 Calling API client register method

      at Object.log [as handleSubmit] (src/hooks/useRegistrationForm.ts:316:15)

    console.log
      [2026-02-08T19:37:10.125Z] API payload: {
        email: "4?9wj*p_44^.dc4q.kq`2{{i2.7qr6_xr!.2?*h=.o}{.ks}ud.r.c}.z}x0$m'5@5kpzafo.scr",
        name: '?3lO);+x<O2-.g',
        password: '***REDACTED***'
      }

      at Object.log [as handleSubmit] (src/hooks/useRegistrationForm.ts:317:15)

    console.log
      [2026-02-08T19:37:10.125Z] ✅ API call successful

      at Object.log [as handleSubmit] (src/hooks/useRegistrationForm.ts:330:15)

    console.log
      [2026-02-08T19:37:10.125Z] ========== FORM SUBMISSION ENDED ==========

      at Object.log [as handleSubmit] (src/hooks/useRegistrationForm.ts:376:15)

    console.log
      ✅ preventDefault() called FIRST (stopPropagation also called if available)

      at Object.log [as handleSubmit] (src/hooks/useRegistrationForm.ts:277:13)

    console.log
      [2026-02-08T19:37:10.188Z] ========== FORM SUBMISSION STARTED ==========

      at Object.log [as handleSubmit] (src/hooks/useRegistrationForm.ts:280:13)

    console.log
      [2026-02-08T19:37:10.188Z] Event defaultPrevented: undefined

      at Object.log [as handleSubmit] (src/hooks/useRegistrationForm.ts:281:13)

    console.log
      [2026-02-08T19:37:10.188Z] Event type: undefined

      at Object.log [as handleSubmit] (src/hooks/useRegistrationForm.ts:282:13)

    console.log
      [2026-02-08T19:37:10.188Z] Event target: undefined

      at Object.log [as handleSubmit] (src/hooks/useRegistrationForm.ts:283:13)

    console.log
      [2026-02-08T19:37:10.188Z] Form data: {
        "fullName": "!#_% ",
        "email": "$.t|.u`o.^^y@v6.tfoio.dz",
        "password": "6<~Uv6'g PQDctpf+{3bK#",
        "confirmPassword": "6<~Uv6'g PQDctpf+{3bK#"
      }

      at Object.log [as handleSubmit] (src/hooks/useRegistrationForm.ts:284:13)

    console.log
      [2026-02-08T19:37:10.188Z] Current errors: {}

      at Object.log [as handleSubmit] (src/hooks/useRegistrationForm.ts:285:13)

    console.log
      [2026-02-08T19:37:10.188Z] Is rate limited: false

      at Object.log [as handleSubmit] (src/hooks/useRegistrationForm.ts:286:13)

    console.log
      [2026-02-08T19:37:10.188Z] Validation result: true

      at Object.log [as handleSubmit] (src/hooks/useRegistrationForm.ts:296:13)

    console.log
      [2026-02-08T19:37:10.188Z] ✅ Validation passed, proceeding with API call

      at Object.log [as handleSubmit] (src/hooks/useRegistrationForm.ts:303:13)

    console.log
      [2026-02-08T19:37:10.188Z] 📡 Calling API client register method

      at Object.log [as handleSubmit] (src/hooks/useRegistrationForm.ts:316:15)

    console.log
      [2026-02-08T19:37:10.188Z] API payload: {
        email: '$.t|.u`o.^^y@v6.tfoio.dz',
        name: '!#_% ',
        password: '***REDACTED***'
      }

      at Object.log [as handleSubmit] (src/hooks/useRegistrationForm.ts:317:15)

    console.log
      [2026-02-08T19:37:10.188Z] ✅ API call successful

      at Object.log [as handleSubmit] (src/hooks/useRegistrationForm.ts:330:15)

    console.log
      [2026-02-08T19:37:10.188Z] ========== FORM SUBMISSION ENDED ==========

      at Object.log [as handleSubmit] (src/hooks/useRegistrationForm.ts:376:15)

    console.log
      ✅ preventDefault() called FIRST (stopPropagation also called if available)

      at Object.log [as handleSubmit] (src/hooks/useRegistrationForm.ts:277:13)

    console.log
      [2026-02-08T19:37:10.204Z] ========== FORM SUBMISSION STARTED ==========

      at Object.log [as handleSubmit] (src/hooks/useRegistrationForm.ts:280:13)

    console.log
      [2026-02-08T19:37:10.204Z] Event defaultPrevented: undefined

      at Object.log [as handleSubmit] (src/hooks/useRegistrationForm.ts:281:13)

    console.log
      [2026-02-08T19:37:10.204Z] Event type: undefined

      at Object.log [as handleSubmit] (src/hooks/useRegistrationForm.ts:282:13)

    console.log
      [2026-02-08T19:37:10.204Z] Event target: undefined

      at Object.log [as handleSubmit] (src/hooks/useRegistrationForm.ts:283:13)

    console.log
      [2026-02-08T19:37:10.204Z] Form data: {
        "fullName": "W?.$@3/SRN>",
        "email": "0&{+%w!t%1.-to8=d!.p*$z.l6#=kl1mo2*4.34!g'3$=th3.!e*ed_z.-&.zp@y.zfu",
        "password": "Gd0'dP`c~jUy(|1bkBL",
        "confirmPassword": "Gd0'dP`c~jUy(|1bkBL"
      }

      at Object.log [as handleSubmit] (src/hooks/useRegistrationForm.ts:284:13)

    console.log
      [2026-02-08T19:37:10.204Z] Current errors: {}

      at Object.log [as handleSubmit] (src/hooks/useRegistrationForm.ts:285:13)

    console.log
      [2026-02-08T19:37:10.204Z] Is rate limited: false

      at Object.log [as handleSubmit] (src/hooks/useRegistrationForm.ts:286:13)

    console.log
      [2026-02-08T19:37:10.204Z] Validation result: true

      at Object.log [as handleSubmit] (src/hooks/useRegistrationForm.ts:296:13)

    console.log
      [2026-02-08T19:37:10.204Z] ✅ Validation passed, proceeding with API call

      at Object.log [as handleSubmit] (src/hooks/useRegistrationForm.ts:303:13)

    console.log
      [2026-02-08T19:37:10.204Z] 📡 Calling API client register method

      at Object.log [as handleSubmit] (src/hooks/useRegistrationForm.ts:316:15)

    console.log
      [2026-02-08T19:37:10.204Z] API payload: {
        email: "0&{+%w!t%1.-to8=d!.p*$z.l6#=kl1mo2*4.34!g'3$=th3.!e*ed_z.-&.zp@y.zfu",
        name: 'W?.$@3/SRN>',
        password: '***REDACTED***'
      }

      at Object.log [as handleSubmit] (src/hooks/useRegistrationForm.ts:317:15)

    console.log
      [2026-02-08T19:37:10.204Z] ✅ API call successful

      at Object.log [as handleSubmit] (src/hooks/useRegistrationForm.ts:330:15)

    console.log
      [2026-02-08T19:37:10.204Z] ========== FORM SUBMISSION ENDED ==========

      at Object.log [as handleSubmit] (src/hooks/useRegistrationForm.ts:376:15)

    console.log
      ✅ preventDefault() called FIRST (stopPropagation also called if available)

      at Object.log [as handleSubmit] (src/hooks/useRegistrationForm.ts:277:13)

    console.log
      [2026-02-08T19:37:10.219Z] ========== FORM SUBMISSION STARTED ==========

      at Object.log [as handleSubmit] (src/hooks/useRegistrationForm.ts:280:13)

    console.log
      [2026-02-08T19:37:10.219Z] Event defaultPrevented: undefined

      at Object.log [as handleSubmit] (src/hooks/useRegistrationForm.ts:281:13)

    console.log
      [2026-02-08T19:37:10.219Z] Event type: undefined

      at Object.log [as handleSubmit] (src/hooks/useRegistrationForm.ts:282:13)

    console.log
      [2026-02-08T19:37:10.219Z] Event target: undefined

      at Object.log [as handleSubmit] (src/hooks/useRegistrationForm.ts:283:13)

    console.log
      [2026-02-08T19:37:10.219Z] Form data: {
        "fullName": "2=a",
        "email": "vt.p5f'?%m}|k.vq^=7&~j+9.}f8#t.b{|91b-kgwk.8zi1n@0cx5aj.21wfpl.kw",
        "password": "}vGq^Yj`@Hu HO6glHoaLB",
        "confirmPassword": "}vGq^Yj`@Hu HO6glHoaLB"
      }

      at Object.log [as handleSubmit] (src/hooks/useRegistrationForm.ts:284:13)

    console.log
      [2026-02-08T19:37:10.219Z] Current errors: {}

      at Object.log [as handleSubmit] (src/hooks/useRegistrationForm.ts:285:13)

    console.log
      [2026-02-08T19:37:10.219Z] Is rate limited: false

      at Object.log [as handleSubmit] (src/hooks/useRegistrationForm.ts:286:13)

    console.log
      [2026-02-08T19:37:10.219Z] Validation result: true

      at Object.log [as handleSubmit] (src/hooks/useRegistrationForm.ts:296:13)

    console.log
      [2026-02-08T19:37:10.219Z] ✅ Validation passed, proceeding with API call

      at Object.log [as handleSubmit] (src/hooks/useRegistrationForm.ts:303:13)

    console.log
      [2026-02-08T19:37:10.219Z] 📡 Calling API client register method

      at Object.log [as handleSubmit] (src/hooks/useRegistrationForm.ts:316:15)

    console.log
      [2026-02-08T19:37:10.219Z] API payload: {
        email: "vt.p5f'?%m}|k.vq^=7&~j+9.}f8#t.b{|91b-kgwk.8zi1n@0cx5aj.21wfpl.kw",
        name: '2=a',
        password: '***REDACTED***'
      }

      at Object.log [as handleSubmit] (src/hooks/useRegistrationForm.ts:317:15)

    console.log
      [2026-02-08T19:37:10.219Z] ✅ API call successful

      at Object.log [as handleSubmit] (src/hooks/useRegistrationForm.ts:330:15)

    console.log
      [2026-02-08T19:37:10.219Z] ========== FORM SUBMISSION ENDED ==========

      at Object.log [as handleSubmit] (src/hooks/useRegistrationForm.ts:376:15)

    console.log
      ✅ preventDefault() called FIRST (stopPropagation also called if available)

      at Object.log [as handleSubmit] (src/hooks/useRegistrationForm.ts:277:13)

    console.log
      [2026-02-08T19:37:10.226Z] ========== FORM SUBMISSION STARTED ==========

      at Object.log [as handleSubmit] (src/hooks/useRegistrationForm.ts:280:13)

    console.log
      [2026-02-08T19:37:10.226Z] Event defaultPrevented: undefined

      at Object.log [as handleSubmit] (src/hooks/useRegistrationForm.ts:281:13)

    console.log
      [2026-02-08T19:37:10.226Z] Event type: undefined

      at Object.log [as handleSubmit] (src/hooks/useRegistrationForm.ts:282:13)

    console.log
      [2026-02-08T19:37:10.226Z] Event target: undefined

      at Object.log [as handleSubmit] (src/hooks/useRegistrationForm.ts:283:13)

    console.log
      [2026-02-08T19:37:10.226Z] Form data: {
        "fullName": "Hwu",
        "email": "{/@f6k9b9u.ved",
        "password": "`<]w9%SX^`ZSl4<U@yLn7",
        "confirmPassword": "`<]w9%SX^`ZSl4<U@yLn7"
      }

      at Object.log [as handleSubmit] (src/hooks/useRegistrationForm.ts:284:13)

    console.log
      [2026-02-08T19:37:10.226Z] Current errors: {}

      at Object.log [as handleSubmit] (src/hooks/useRegistrationForm.ts:285:13)

    console.log
      [2026-02-08T19:37:10.226Z] Is rate limited: false

      at Object.log [as handleSubmit] (src/hooks/useRegistrationForm.ts:286:13)

    console.log
      [2026-02-08T19:37:10.226Z] Validation result: true

      at Object.log [as handleSubmit] (src/hooks/useRegistrationForm.ts:296:13)

    console.log
      [2026-02-08T19:37:10.226Z] ✅ Validation passed, proceeding with API call

      at Object.log [as handleSubmit] (src/hooks/useRegistrationForm.ts:303:13)

    console.log
      [2026-02-08T19:37:10.226Z] 📡 Calling API client register method

      at Object.log [as handleSubmit] (src/hooks/useRegistrationForm.ts:316:15)

    console.log
      [2026-02-08T19:37:10.226Z] API payload: { email: '{/@f6k9b9u.ved', name: 'Hwu', password: '***REDACTED***' }

      at Object.log [as handleSubmit] (src/hooks/useRegistrationForm.ts:317:15)

    console.log
      [2026-02-08T19:37:10.226Z] ✅ API call successful

      at Object.log [as handleSubmit] (src/hooks/useRegistrationForm.ts:330:15)

    console.log
      [2026-02-08T19:37:10.226Z] ========== FORM SUBMISSION ENDED ==========

      at Object.log [as handleSubmit] (src/hooks/useRegistrationForm.ts:376:15)

    console.log
      ✅ preventDefault() called FIRST (stopPropagation also called if available)

      at Object.log [as handleSubmit] (src/hooks/useRegistrationForm.ts:277:13)

    console.log
      [2026-02-08T19:37:10.235Z] ========== FORM SUBMISSION STARTED ==========

      at Object.log [as handleSubmit] (src/hooks/useRegistrationForm.ts:280:13)

    console.log
      [2026-02-08T19:37:10.235Z] Event defaultPrevented: undefined

      at Object.log [as handleSubmit] (src/hooks/useRegistrationForm.ts:281:13)

    console.log
      [2026-02-08T19:37:10.235Z] Event type: undefined

      at Object.log [as handleSubmit] (src/hooks/useRegistrationForm.ts:282:13)

    console.log
      [2026-02-08T19:37:10.235Z] Event target: undefined

      at Object.log [as handleSubmit] (src/hooks/useRegistrationForm.ts:283:13)

    console.log
      [2026-02-08T19:37:10.235Z] Form data: {
        "fullName": "p85^)WVW/Aoa9",
        "email": "_e.bbn=uc!.p.&#d/''x@wo5k1r-psg2.mzq",
        "password": ":Q9xig|A#-\\i9%",
        "confirmPassword": ":Q9xig|A#-\\i9%"
      }

      at Object.log [as handleSubmit] (src/hooks/useRegistrationForm.ts:284:13)

    console.log
      [2026-02-08T19:37:10.235Z] Current errors: {}

      at Object.log [as handleSubmit] (src/hooks/useRegistrationForm.ts:285:13)

    console.log
      [2026-02-08T19:37:10.235Z] Is rate limited: false

      at Object.log [as handleSubmit] (src/hooks/useRegistrationForm.ts:286:13)

    console.log
      [2026-02-08T19:37:10.235Z] Validation result: true

      at Object.log [as handleSubmit] (src/hooks/useRegistrationForm.ts:296:13)

    console.log
      [2026-02-08T19:37:10.235Z] ✅ Validation passed, proceeding with API call

      at Object.log [as handleSubmit] (src/hooks/useRegistrationForm.ts:303:13)

    console.log
      [2026-02-08T19:37:10.235Z] 📡 Calling API client register method

      at Object.log [as handleSubmit] (src/hooks/useRegistrationForm.ts:316:15)

    console.log
      [2026-02-08T19:37:10.235Z] API payload: {
        email: "_e.bbn=uc!.p.&#d/''x@wo5k1r-psg2.mzq",
        name: 'p85^)WVW/Aoa9',
        password: '***REDACTED***'
      }

      at Object.log [as handleSubmit] (src/hooks/useRegistrationForm.ts:317:15)

    console.log
      [2026-02-08T19:37:10.235Z] ✅ API call successful

      at Object.log [as handleSubmit] (src/hooks/useRegistrationForm.ts:330:15)

    console.log
      [2026-02-08T19:37:10.235Z] ========== FORM SUBMISSION ENDED ==========

      at Object.log [as handleSubmit] (src/hooks/useRegistrationForm.ts:376:15)

    console.log
      ✅ preventDefault() called FIRST (stopPropagation also called if available)

      at Object.log [as handleSubmit] (src/hooks/useRegistrationForm.ts:277:13)

    console.log
      [2026-02-08T19:37:10.241Z] ========== FORM SUBMISSION STARTED ==========

      at Object.log [as handleSubmit] (src/hooks/useRegistrationForm.ts:280:13)

    console.log
      [2026-02-08T19:37:10.241Z] Event defaultPrevented: undefined

      at Object.log [as handleSubmit] (src/hooks/useRegistrationForm.ts:281:13)

    console.log
      [2026-02-08T19:37:10.241Z] Event type: undefined

      at Object.log [as handleSubmit] (src/hooks/useRegistrationForm.ts:282:13)

    console.log
      [2026-02-08T19:37:10.241Z] Event target: undefined

      at Object.log [as handleSubmit] (src/hooks/useRegistrationForm.ts:283:13)

    console.log
      [2026-02-08T19:37:10.241Z] Form data: {
        "fullName": "6I~IL3 ",
        "email": "7}1.=0r^/!hi.i0b*|7'qn`.{p~g*#~o.o-6i/8@n.hoe",
        "password": "z=`l*3DJb55-J=e",
        "confirmPassword": "z=`l*3DJb55-J=e"
      }

      at Object.log [as handleSubmit] (src/hooks/useRegistrationForm.ts:284:13)

    console.log
      [2026-02-08T19:37:10.241Z] Current errors: {}

      at Object.log [as handleSubmit] (src/hooks/useRegistrationForm.ts:285:13)

    console.log
      [2026-02-08T19:37:10.241Z] Is rate limited: false

      at Object.log [as handleSubmit] (src/hooks/useRegistrationForm.ts:286:13)

    console.log
      [2026-02-08T19:37:10.241Z] Validation result: true

      at Object.log [as handleSubmit] (src/hooks/useRegistrationForm.ts:296:13)

    console.log
      [2026-02-08T19:37:10.241Z] ✅ Validation passed, proceeding with API call

      at Object.log [as handleSubmit] (src/hooks/useRegistrationForm.ts:303:13)

    console.log
      [2026-02-08T19:37:10.241Z] 📡 Calling API client register method

      at Object.log [as handleSubmit] (src/hooks/useRegistrationForm.ts:316:15)

    console.log
      [2026-02-08T19:37:10.241Z] API payload: {
        email: "7}1.=0r^/!hi.i0b*|7'qn`.{p~g*#~o.o-6i/8@n.hoe",
        name: '6I~IL3 ',
        password: '***REDACTED***'
      }

      at Object.log [as handleSubmit] (src/hooks/useRegistrationForm.ts:317:15)

    console.log
      [2026-02-08T19:37:10.241Z] ✅ API call successful

      at Object.log [as handleSubmit] (src/hooks/useRegistrationForm.ts:330:15)

    console.log
      [2026-02-08T19:37:10.241Z] ========== FORM SUBMISSION ENDED ==========

      at Object.log [as handleSubmit] (src/hooks/useRegistrationForm.ts:376:15)

    console.log
      ✅ preventDefault() called FIRST (stopPropagation also called if available)

      at Object.log [as handleSubmit] (src/hooks/useRegistrationForm.ts:277:13)

    console.log
      [2026-02-08T19:37:10.254Z] ========== FORM SUBMISSION STARTED ==========

      at Object.log [as handleSubmit] (src/hooks/useRegistrationForm.ts:280:13)

    console.log
      [2026-02-08T19:37:10.254Z] Event defaultPrevented: undefined

      at Object.log [as handleSubmit] (src/hooks/useRegistrationForm.ts:281:13)

    console.log
      [2026-02-08T19:37:10.254Z] Event type: undefined

      at Object.log [as handleSubmit] (src/hooks/useRegistrationForm.ts:282:13)

    console.log
      [2026-02-08T19:37:10.254Z] Event target: undefined

      at Object.log [as handleSubmit] (src/hooks/useRegistrationForm.ts:283:13)

    console.log
      [2026-02-08T19:37:10.254Z] Form data: {
        "fullName": "qg'{77(",
        "email": "*%#8dz.-'`lyv%1'k.+?.|'=*@b4pdnb.gxw",
        "password": "k1EJoQU/",
        "confirmPassword": "k1EJoQU/"
      }

      at Object.log [as handleSubmit] (src/hooks/useRegistrationForm.ts:284:13)

    console.log
      [2026-02-08T19:37:10.254Z] Current errors: {}

      at Object.log [as handleSubmit] (src/hooks/useRegistrationForm.ts:285:13)

    console.log
      [2026-02-08T19:37:10.254Z] Is rate limited: false

      at Object.log [as handleSubmit] (src/hooks/useRegistrationForm.ts:286:13)

    console.log
      [2026-02-08T19:37:10.254Z] Validation result: true

      at Object.log [as handleSubmit] (src/hooks/useRegistrationForm.ts:296:13)

    console.log
      [2026-02-08T19:37:10.254Z] ✅ Validation passed, proceeding with API call

      at Object.log [as handleSubmit] (src/hooks/useRegistrationForm.ts:303:13)

    console.log
      [2026-02-08T19:37:10.254Z] 📡 Calling API client register method

      at Object.log [as handleSubmit] (src/hooks/useRegistrationForm.ts:316:15)

    console.log
      [2026-02-08T19:37:10.254Z] API payload: {
        email: "*%#8dz.-'`lyv%1'k.+?.|'=*@b4pdnb.gxw",
        name: "qg'{77(",
        password: '***REDACTED***'
      }

      at Object.log [as handleSubmit] (src/hooks/useRegistrationForm.ts:317:15)

    console.log
      [2026-02-08T19:37:10.254Z] ✅ API call successful

      at Object.log [as handleSubmit] (src/hooks/useRegistrationForm.ts:330:15)

    console.log
      [2026-02-08T19:37:10.254Z] ========== FORM SUBMISSION ENDED ==========

      at Object.log [as handleSubmit] (src/hooks/useRegistrationForm.ts:376:15)

    console.log
      ✅ preventDefault() called FIRST (stopPropagation also called if available)

      at Object.log [as handleSubmit] (src/hooks/useRegistrationForm.ts:277:13)

    console.log
      [2026-02-08T19:37:10.268Z] ========== FORM SUBMISSION STARTED ==========

      at Object.log [as handleSubmit] (src/hooks/useRegistrationForm.ts:280:13)

    console.log
      [2026-02-08T19:37:10.268Z] Event defaultPrevented: undefined

      at Object.log [as handleSubmit] (src/hooks/useRegistrationForm.ts:281:13)

    console.log
      [2026-02-08T19:37:10.268Z] Event type: undefined

      at Object.log [as handleSubmit] (src/hooks/useRegistrationForm.ts:282:13)

    console.log
      [2026-02-08T19:37:10.268Z] Event target: undefined

      at Object.log [as handleSubmit] (src/hooks/useRegistrationForm.ts:283:13)

    console.log
      [2026-02-08T19:37:10.268Z] Form data: {
        "fullName": "ng;GcYg?J/|U",
        "email": "8.3%.^|tf%?rd1&.'0w.+/#s3.ip.1=9'4r2.ay=?ggaq.c*5g2v3.1$n|2#@2msfv.5kdxcarn4ngg.qf",
        "password": "!\"(m?4O$A0q",
        "confirmPassword": "!\"(m?4O$A0q"
      }

      at Object.log [as handleSubmit] (src/hooks/useRegistrationForm.ts:284:13)

    console.log
      [2026-02-08T19:37:10.268Z] Current errors: {}

      at Object.log [as handleSubmit] (src/hooks/useRegistrationForm.ts:285:13)

    console.log
      [2026-02-08T19:37:10.268Z] Is rate limited: false

      at Object.log [as handleSubmit] (src/hooks/useRegistrationForm.ts:286:13)

    console.log
      [2026-02-08T19:37:10.268Z] Validation result: true

      at Object.log [as handleSubmit] (src/hooks/useRegistrationForm.ts:296:13)

    console.log
      [2026-02-08T19:37:10.268Z] ✅ Validation passed, proceeding with API call

      at Object.log [as handleSubmit] (src/hooks/useRegistrationForm.ts:303:13)

    console.log
      [2026-02-08T19:37:10.268Z] 📡 Calling API client register method

      at Object.log [as handleSubmit] (src/hooks/useRegistrationForm.ts:316:15)

    console.log
      [2026-02-08T19:37:10.268Z] API payload: {
        email: "8.3%.^|tf%?rd1&.'0w.+/#s3.ip.1=9'4r2.ay=?ggaq.c*5g2v3.1$n|2#@2msfv.5kdxcarn4ngg.qf",
        name: 'ng;GcYg?J/|U',
        password: '***REDACTED***'
      }

      at Object.log [as handleSubmit] (src/hooks/useRegistrationForm.ts:317:15)

    console.log
      [2026-02-08T19:37:10.268Z] ✅ API call successful

      at Object.log [as handleSubmit] (src/hooks/useRegistrationForm.ts:330:15)

    console.log
      [2026-02-08T19:37:10.268Z] ========== FORM SUBMISSION ENDED ==========

      at Object.log [as handleSubmit] (src/hooks/useRegistrationForm.ts:376:15)

    console.log
      ✅ preventDefault() called FIRST (stopPropagation also called if available)

      at Object.log [as handleSubmit] (src/hooks/useRegistrationForm.ts:277:13)

    console.log
      [2026-02-08T19:37:10.289Z] ========== FORM SUBMISSION STARTED ==========

      at Object.log [as handleSubmit] (src/hooks/useRegistrationForm.ts:280:13)

    console.log
      [2026-02-08T19:37:10.289Z] Event defaultPrevented: undefined

      at Object.log [as handleSubmit] (src/hooks/useRegistrationForm.ts:281:13)

    console.log
      [2026-02-08T19:37:10.289Z] Event type: undefined

      at Object.log [as handleSubmit] (src/hooks/useRegistrationForm.ts:282:13)

    console.log
      [2026-02-08T19:37:10.289Z] Event target: undefined

      at Object.log [as handleSubmit] (src/hooks/useRegistrationForm.ts:283:13)

    console.log
      [2026-02-08T19:37:10.289Z] Form data: {
        "fullName": ")%9^m<=\"Vx",
        "email": "*?'w.y.j48^?k0.s.94!4s-.np9n0w!s/.e$zf$#4#dto.6.^lgxum@i-n4.mbh",
        "password": "Z.;7Z& I!pa5Xan",
        "confirmPassword": "Z.;7Z& I!pa5Xan"
      }

      at Object.log [as handleSubmit] (src/hooks/useRegistrationForm.ts:284:13)

    console.log
      [2026-02-08T19:37:10.289Z] Current errors: {}

      at Object.log [as handleSubmit] (src/hooks/useRegistrationForm.ts:285:13)

    console.log
      [2026-02-08T19:37:10.289Z] Is rate limited: false

      at Object.log [as handleSubmit] (src/hooks/useRegistrationForm.ts:286:13)

    console.log
      [2026-02-08T19:37:10.289Z] Validation result: true

      at Object.log [as handleSubmit] (src/hooks/useRegistrationForm.ts:296:13)

    console.log
      [2026-02-08T19:37:10.289Z] ✅ Validation passed, proceeding with API call

      at Object.log [as handleSubmit] (src/hooks/useRegistrationForm.ts:303:13)

    console.log
      [2026-02-08T19:37:10.289Z] 📡 Calling API client register method

      at Object.log [as handleSubmit] (src/hooks/useRegistrationForm.ts:316:15)

    console.log
      [2026-02-08T19:37:10.289Z] API payload: {
        email: "*?'w.y.j48^?k0.s.94!4s-.np9n0w!s/.e$zf$#4#dto.6.^lgxum@i-n4.mbh",
        name: ')%9^m<="Vx',
        password: '***REDACTED***'
      }

      at Object.log [as handleSubmit] (src/hooks/useRegistrationForm.ts:317:15)

    console.log
      [2026-02-08T19:37:10.289Z] ✅ API call successful

      at Object.log [as handleSubmit] (src/hooks/useRegistrationForm.ts:330:15)

    console.log
      [2026-02-08T19:37:10.289Z] ========== FORM SUBMISSION ENDED ==========

      at Object.log [as handleSubmit] (src/hooks/useRegistrationForm.ts:376:15)

    console.log
      ✅ preventDefault() called FIRST (stopPropagation also called if available)

      at Object.log [as handleSubmit] (src/hooks/useRegistrationForm.ts:277:13)

    console.log
      [2026-02-08T19:37:10.303Z] ========== FORM SUBMISSION STARTED ==========

      at Object.log [as handleSubmit] (src/hooks/useRegistrationForm.ts:280:13)

    console.log
      [2026-02-08T19:37:10.303Z] Event defaultPrevented: undefined

      at Object.log [as handleSubmit] (src/hooks/useRegistrationForm.ts:281:13)

    console.log
      [2026-02-08T19:37:10.303Z] Event type: undefined

      at Object.log [as handleSubmit] (src/hooks/useRegistrationForm.ts:282:13)

    console.log
      [2026-02-08T19:37:10.303Z] Event target: undefined

      at Object.log [as handleSubmit] (src/hooks/useRegistrationForm.ts:283:13)

    console.log
      [2026-02-08T19:37:10.303Z] Form data: {
        "fullName": "fDsy.5",
        "email": "mj?1{/%gsj.o~e'9.9i.+5h6s9i&.u`4vui6.app.x3&|2{?9kx7p.3t0tuu5@y.ec",
        "password": "i?rN?T.'2J1OGG[Ah",
        "confirmPassword": "i?rN?T.'2J1OGG[Ah"
      }

      at Object.log [as handleSubmit] (src/hooks/useRegistrationForm.ts:284:13)

    console.log
      [2026-02-08T19:37:10.303Z] Current errors: {}

      at Object.log [as handleSubmit] (src/hooks/useRegistrationForm.ts:285:13)

    console.log
      [2026-02-08T19:37:10.303Z] Is rate limited: false

      at Object.log [as handleSubmit] (src/hooks/useRegistrationForm.ts:286:13)

    console.log
      [2026-02-08T19:37:10.303Z] Validation result: true

      at Object.log [as handleSubmit] (src/hooks/useRegistrationForm.ts:296:13)

    console.log
      [2026-02-08T19:37:10.303Z] ✅ Validation passed, proceeding with API call

      at Object.log [as handleSubmit] (src/hooks/useRegistrationForm.ts:303:13)

    console.log
      [2026-02-08T19:37:10.303Z] 📡 Calling API client register method

      at Object.log [as handleSubmit] (src/hooks/useRegistrationForm.ts:316:15)

    console.log
      [2026-02-08T19:37:10.303Z] API payload: {
        email: "mj?1{/%gsj.o~e'9.9i.+5h6s9i&.u`4vui6.app.x3&|2{?9kx7p.3t0tuu5@y.ec",
        name: 'fDsy.5',
        password: '***REDACTED***'
      }

      at Object.log [as handleSubmit] (src/hooks/useRegistrationForm.ts:317:15)

    console.log
      [2026-02-08T19:37:10.303Z] ✅ API call successful

      at Object.log [as handleSubmit] (src/hooks/useRegistrationForm.ts:330:15)

    console.log
      [2026-02-08T19:37:10.303Z] ========== FORM SUBMISSION ENDED ==========

      at Object.log [as handleSubmit] (src/hooks/useRegistrationForm.ts:376:15)

    console.log
      ✅ preventDefault() called FIRST (stopPropagation also called if available)

      at Object.log [as handleSubmit] (src/hooks/useRegistrationForm.ts:277:13)

    console.log
      [2026-02-08T19:37:10.315Z] ========== FORM SUBMISSION STARTED ==========

      at Object.log [as handleSubmit] (src/hooks/useRegistrationForm.ts:280:13)

    console.log
      [2026-02-08T19:37:10.315Z] Event defaultPrevented: undefined

      at Object.log [as handleSubmit] (src/hooks/useRegistrationForm.ts:281:13)

    console.log
      [2026-02-08T19:37:10.315Z] Event type: undefined

      at Object.log [as handleSubmit] (src/hooks/useRegistrationForm.ts:282:13)

    console.log
      [2026-02-08T19:37:10.315Z] Event target: undefined

      at Object.log [as handleSubmit] (src/hooks/useRegistrationForm.ts:283:13)

    console.log
      [2026-02-08T19:37:10.315Z] Form data: {
        "fullName": "EWZ0% # zJS",
        "email": "ejfbr78zc30i.ev'c+k!=x|wc.=0ij/i73a*.=g!%^7rg.t?ze51*7.5.y{vja@5g.wd",
        "password": "J[U'_>x3o^MoRlfPq{~Xq",
        "confirmPassword": "J[U'_>x3o^MoRlfPq{~Xq"
      }

      at Object.log [as handleSubmit] (src/hooks/useRegistrationForm.ts:284:13)

    console.log
      [2026-02-08T19:37:10.315Z] Current errors: {}

      at Object.log [as handleSubmit] (src/hooks/useRegistrationForm.ts:285:13)

    console.log
      [2026-02-08T19:37:10.315Z] Is rate limited: false

      at Object.log [as handleSubmit] (src/hooks/useRegistrationForm.ts:286:13)

    console.log
      [2026-02-08T19:37:10.315Z] Validation result: true

      at Object.log [as handleSubmit] (src/hooks/useRegistrationForm.ts:296:13)

    console.log
      [2026-02-08T19:37:10.315Z] ✅ Validation passed, proceeding with API call

      at Object.log [as handleSubmit] (src/hooks/useRegistrationForm.ts:303:13)

    console.log
      [2026-02-08T19:37:10.315Z] 📡 Calling API client register method

      at Object.log [as handleSubmit] (src/hooks/useRegistrationForm.ts:316:15)

    console.log
      [2026-02-08T19:37:10.315Z] API payload: {
        email: "ejfbr78zc30i.ev'c+k!=x|wc.=0ij/i73a*.=g!%^7rg.t?ze51*7.5.y{vja@5g.wd",
        name: 'EWZ0% # zJS',
        password: '***REDACTED***'
      }

      at Object.log [as handleSubmit] (src/hooks/useRegistrationForm.ts:317:15)

    console.log
      [2026-02-08T19:37:10.315Z] ✅ API call successful

      at Object.log [as handleSubmit] (src/hooks/useRegistrationForm.ts:330:15)

    console.log
      [2026-02-08T19:37:10.315Z] ========== FORM SUBMISSION ENDED ==========

      at Object.log [as handleSubmit] (src/hooks/useRegistrationForm.ts:376:15)

    console.log
      ✅ preventDefault() called FIRST (stopPropagation also called if available)

      at Object.log [as handleSubmit] (src/hooks/useRegistrationForm.ts:277:13)

    console.log
      [2026-02-08T19:37:10.360Z] ========== FORM SUBMISSION STARTED ==========

      at Object.log [as handleSubmit] (src/hooks/useRegistrationForm.ts:280:13)

    console.log
      [2026-02-08T19:37:10.360Z] Event defaultPrevented: undefined

      at Object.log [as handleSubmit] (src/hooks/useRegistrationForm.ts:281:13)

    console.log
      [2026-02-08T19:37:10.360Z] Event type: undefined

      at Object.log [as handleSubmit] (src/hooks/useRegistrationForm.ts:282:13)

    console.log
      [2026-02-08T19:37:10.360Z] Event target: undefined

      at Object.log [as handleSubmit] (src/hooks/useRegistrationForm.ts:283:13)

    console.log
      [2026-02-08T19:37:10.360Z] Form data: {
        "fullName": "8vDu'%",
        "email": "$+1g+=mmp.?}u9d|.8&.pia{.q&+o.50f=4p95|@soprkuz5i84.yjl",
        "password": ",$;UA2k.zE/eGl",
        "confirmPassword": ",$;UA2k.zE/eGl"
      }

      at Object.log [as handleSubmit] (src/hooks/useRegistrationForm.ts:284:13)

    console.log
      [2026-02-08T19:37:10.360Z] Current errors: {}

      at Object.log [as handleSubmit] (src/hooks/useRegistrationForm.ts:285:13)

    console.log
      [2026-02-08T19:37:10.360Z] Is rate limited: false

      at Object.log [as handleSubmit] (src/hooks/useRegistrationForm.ts:286:13)

    console.log
      [2026-02-08T19:37:10.360Z] Validation result: true

      at Object.log [as handleSubmit] (src/hooks/useRegistrationForm.ts:296:13)

    console.log
      [2026-02-08T19:37:10.360Z] ✅ Validation passed, proceeding with API call

      at Object.log [as handleSubmit] (src/hooks/useRegistrationForm.ts:303:13)

    console.log
      [2026-02-08T19:37:10.360Z] 📡 Calling API client register method

      at Object.log [as handleSubmit] (src/hooks/useRegistrationForm.ts:316:15)

    console.log
      [2026-02-08T19:37:10.360Z] API payload: {
        email: '$+1g+=mmp.?}u9d|.8&.pia{.q&+o.50f=4p95|@soprkuz5i84.yjl',
        name: "8vDu'%",
        password: '***REDACTED***'
      }

      at Object.log [as handleSubmit] (src/hooks/useRegistrationForm.ts:317:15)

    console.log
      [2026-02-08T19:37:10.360Z] ✅ API call successful

      at Object.log [as handleSubmit] (src/hooks/useRegistrationForm.ts:330:15)

    console.log
      [2026-02-08T19:37:10.360Z] ========== FORM SUBMISSION ENDED ==========

      at Object.log [as handleSubmit] (src/hooks/useRegistrationForm.ts:376:15)

    console.log
      ✅ preventDefault() called FIRST (stopPropagation also called if available)

      at Object.log [as handleSubmit] (src/hooks/useRegistrationForm.ts:277:13)

    console.log
      [2026-02-08T19:37:10.405Z] ========== FORM SUBMISSION STARTED ==========

      at Object.log [as handleSubmit] (src/hooks/useRegistrationForm.ts:280:13)

    console.log
      [2026-02-08T19:37:10.405Z] Event defaultPrevented: undefined

      at Object.log [as handleSubmit] (src/hooks/useRegistrationForm.ts:281:13)

    console.log
      [2026-02-08T19:37:10.405Z] Event type: undefined

      at Object.log [as handleSubmit] (src/hooks/useRegistrationForm.ts:282:13)

    console.log
      [2026-02-08T19:37:10.405Z] Event target: undefined

      at Object.log [as handleSubmit] (src/hooks/useRegistrationForm.ts:283:13)

    console.log
      [2026-02-08T19:37:10.405Z] Form data: {
        "fullName": ";jw?=>D",
        "email": "`z&.7ec1.=z@ixoo3dqpgkua.da",
        "password": "m~=2lFAZo,mlZ",
        "confirmPassword": "m~=2lFAZo,mlZ"
      }

      at Object.log [as handleSubmit] (src/hooks/useRegistrationForm.ts:284:13)

    console.log
      [2026-02-08T19:37:10.405Z] Current errors: {}

      at Object.log [as handleSubmit] (src/hooks/useRegistrationForm.ts:285:13)

    console.log
      [2026-02-08T19:37:10.405Z] Is rate limited: false

      at Object.log [as handleSubmit] (src/hooks/useRegistrationForm.ts:286:13)

    console.log
      [2026-02-08T19:37:10.405Z] Validation result: true

      at Object.log [as handleSubmit] (src/hooks/useRegistrationForm.ts:296:13)

    console.log
      [2026-02-08T19:37:10.405Z] ✅ Validation passed, proceeding with API call

      at Object.log [as handleSubmit] (src/hooks/useRegistrationForm.ts:303:13)

    console.log
      [2026-02-08T19:37:10.405Z] 📡 Calling API client register method

      at Object.log [as handleSubmit] (src/hooks/useRegistrationForm.ts:316:15)

    console.log
      [2026-02-08T19:37:10.405Z] API payload: {
        email: '`z&.7ec1.=z@ixoo3dqpgkua.da',
        name: ';jw?=>D',
        password: '***REDACTED***'
      }

      at Object.log [as handleSubmit] (src/hooks/useRegistrationForm.ts:317:15)

    console.log
      [2026-02-08T19:37:10.405Z] ✅ API call successful

      at Object.log [as handleSubmit] (src/hooks/useRegistrationForm.ts:330:15)

    console.log
      [2026-02-08T19:37:10.405Z] ========== FORM SUBMISSION ENDED ==========

      at Object.log [as handleSubmit] (src/hooks/useRegistrationForm.ts:376:15)

    console.log
      ✅ preventDefault() called FIRST (stopPropagation also called if available)

      at Object.log [as handleSubmit] (src/hooks/useRegistrationForm.ts:277:13)

    console.log
      [2026-02-08T19:37:10.431Z] ========== FORM SUBMISSION STARTED ==========

      at Object.log [as handleSubmit] (src/hooks/useRegistrationForm.ts:280:13)

    console.log
      [2026-02-08T19:37:10.431Z] Event defaultPrevented: undefined

      at Object.log [as handleSubmit] (src/hooks/useRegistrationForm.ts:281:13)

    console.log
      [2026-02-08T19:37:10.431Z] Event type: undefined

      at Object.log [as handleSubmit] (src/hooks/useRegistrationForm.ts:282:13)

    console.log
      [2026-02-08T19:37:10.431Z] Event target: undefined

      at Object.log [as handleSubmit] (src/hooks/useRegistrationForm.ts:283:13)

    console.log
      [2026-02-08T19:37:10.431Z] Form data: {
        "fullName": "*(%0SrJ<_P-}VK",
        "email": "ai_fa3.n!qu|}00l.x4.'6#-.4/jii.oh/&vs@lyw1.k--5o.ljy",
        "password": "bC-z/@+)!Xp)3fNh* X\"",
        "confirmPassword": "bC-z/@+)!Xp)3fNh* X\""
      }

      at Object.log [as handleSubmit] (src/hooks/useRegistrationForm.ts:284:13)

    console.log
      [2026-02-08T19:37:10.431Z] Current errors: {}

      at Object.log [as handleSubmit] (src/hooks/useRegistrationForm.ts:285:13)

    console.log
      [2026-02-08T19:37:10.431Z] Is rate limited: false

      at Object.log [as handleSubmit] (src/hooks/useRegistrationForm.ts:286:13)

    console.log
      [2026-02-08T19:37:10.431Z] Validation result: true

      at Object.log [as handleSubmit] (src/hooks/useRegistrationForm.ts:296:13)

    console.log
      [2026-02-08T19:37:10.431Z] ✅ Validation passed, proceeding with API call

      at Object.log [as handleSubmit] (src/hooks/useRegistrationForm.ts:303:13)

    console.log
      [2026-02-08T19:37:10.431Z] 📡 Calling API client register method

      at Object.log [as handleSubmit] (src/hooks/useRegistrationForm.ts:316:15)

    console.log
      [2026-02-08T19:37:10.431Z] API payload: {
        email: "ai_fa3.n!qu|}00l.x4.'6#-.4/jii.oh/&vs@lyw1.k--5o.ljy",
        name: '*(%0SrJ<_P-}VK',
        password: '***REDACTED***'
      }

      at Object.log [as handleSubmit] (src/hooks/useRegistrationForm.ts:317:15)

    console.log
      [2026-02-08T19:37:10.431Z] ✅ API call successful

      at Object.log [as handleSubmit] (src/hooks/useRegistrationForm.ts:330:15)

    console.log
      [2026-02-08T19:37:10.431Z] ========== FORM SUBMISSION ENDED ==========

      at Object.log [as handleSubmit] (src/hooks/useRegistrationForm.ts:376:15)

    console.log
      ✅ preventDefault() called FIRST (stopPropagation also called if available)

      at Object.log [as handleSubmit] (src/hooks/useRegistrationForm.ts:277:13)

    console.log
      [2026-02-08T19:37:10.440Z] ========== FORM SUBMISSION STARTED ==========

      at Object.log [as handleSubmit] (src/hooks/useRegistrationForm.ts:280:13)

    console.log
      [2026-02-08T19:37:10.440Z] Event defaultPrevented: undefined

      at Object.log [as handleSubmit] (src/hooks/useRegistrationForm.ts:281:13)

    console.log
      [2026-02-08T19:37:10.440Z] Event type: undefined

      at Object.log [as handleSubmit] (src/hooks/useRegistrationForm.ts:282:13)

    console.log
      [2026-02-08T19:37:10.440Z] Event target: undefined

      at Object.log [as handleSubmit] (src/hooks/useRegistrationForm.ts:283:13)

    console.log
      [2026-02-08T19:37:10.440Z] Form data: {
        "fullName": "T}[]_-bjU?",
        "email": "+sc%68*|.h6zy1q6e_.ptct{.^7q|?y.9+bc0n|xw{**.zjl.${=pnt76a@khk8vt3fu.5ru9lw72.gf",
        "password": "j1EB+F7l>6]En3(vM(W\"YSST,",
        "confirmPassword": "j1EB+F7l>6]En3(vM(W\"YSST,"
      }

      at Object.log [as handleSubmit] (src/hooks/useRegistrationForm.ts:284:13)

    console.log
      [2026-02-08T19:37:10.440Z] Current errors: {}

      at Object.log [as handleSubmit] (src/hooks/useRegistrationForm.ts:285:13)

    console.log
      [2026-02-08T19:37:10.440Z] Is rate limited: false

      at Object.log [as handleSubmit] (src/hooks/useRegistrationForm.ts:286:13)

    console.log
      [2026-02-08T19:37:10.440Z] Validation result: true

      at Object.log [as handleSubmit] (src/hooks/useRegistrationForm.ts:296:13)

    console.log
      [2026-02-08T19:37:10.440Z] ✅ Validation passed, proceeding with API call

      at Object.log [as handleSubmit] (src/hooks/useRegistrationForm.ts:303:13)

    console.log
      [2026-02-08T19:37:10.440Z] 📡 Calling API client register method

      at Object.log [as handleSubmit] (src/hooks/useRegistrationForm.ts:316:15)

    console.log
      [2026-02-08T19:37:10.440Z] API payload: {
        email: '+sc%68*|.h6zy1q6e_.ptct{.^7q|?y.9+bc0n|xw{**.zjl.${=pnt76a@khk8vt3fu.5ru9lw72.gf',
        name: 'T}[]_-bjU?',
        password: '***REDACTED***'
      }

      at Object.log [as handleSubmit] (src/hooks/useRegistrationForm.ts:317:15)

    console.log
      [2026-02-08T19:37:10.440Z] ✅ API call successful

      at Object.log [as handleSubmit] (src/hooks/useRegistrationForm.ts:330:15)

    console.log
      [2026-02-08T19:37:10.440Z] ========== FORM SUBMISSION ENDED ==========

      at Object.log [as handleSubmit] (src/hooks/useRegistrationForm.ts:376:15)

    console.log
      ✅ preventDefault() called FIRST (stopPropagation also called if available)

      at Object.log [as handleSubmit] (src/hooks/useRegistrationForm.ts:277:13)

    console.log
      [2026-02-08T19:37:10.451Z] ========== FORM SUBMISSION STARTED ==========

      at Object.log [as handleSubmit] (src/hooks/useRegistrationForm.ts:280:13)

    console.log
      [2026-02-08T19:37:10.451Z] Event defaultPrevented: undefined

      at Object.log [as handleSubmit] (src/hooks/useRegistrationForm.ts:281:13)

    console.log
      [2026-02-08T19:37:10.451Z] Event type: undefined

      at Object.log [as handleSubmit] (src/hooks/useRegistrationForm.ts:282:13)

    console.log
      [2026-02-08T19:37:10.451Z] Event target: undefined

      at Object.log [as handleSubmit] (src/hooks/useRegistrationForm.ts:283:13)

    console.log
      [2026-02-08T19:37:10.451Z] Form data: {
        "fullName": "+>?/J>!F*{KQ",
        "email": "~jq7s+ye1m?.=cwzogq1~rm&.1w8{1.#&ies|gdyp@6th9b-y2.bs4as0chf.ret",
        "password": ">/F '=HzNIY!T)3S[HTkh+7@",
        "confirmPassword": ">/F '=HzNIY!T)3S[HTkh+7@"
      }

      at Object.log [as handleSubmit] (src/hooks/useRegistrationForm.ts:284:13)

    console.log
      [2026-02-08T19:37:10.451Z] Current errors: {}

      at Object.log [as handleSubmit] (src/hooks/useRegistrationForm.ts:285:13)

    console.log
      [2026-02-08T19:37:10.451Z] Is rate limited: false

      at Object.log [as handleSubmit] (src/hooks/useRegistrationForm.ts:286:13)

    console.log
      [2026-02-08T19:37:10.451Z] Validation result: true

      at Object.log [as handleSubmit] (src/hooks/useRegistrationForm.ts:296:13)

    console.log
      [2026-02-08T19:37:10.451Z] ✅ Validation passed, proceeding with API call

      at Object.log [as handleSubmit] (src/hooks/useRegistrationForm.ts:303:13)

    console.log
      [2026-02-08T19:37:10.451Z] 📡 Calling API client register method

      at Object.log [as handleSubmit] (src/hooks/useRegistrationForm.ts:316:15)

    console.log
      [2026-02-08T19:37:10.451Z] API payload: {
        email: '~jq7s+ye1m?.=cwzogq1~rm&.1w8{1.#&ies|gdyp@6th9b-y2.bs4as0chf.ret',
        name: '+>?/J>!F*{KQ',
        password: '***REDACTED***'
      }

      at Object.log [as handleSubmit] (src/hooks/useRegistrationForm.ts:317:15)

    console.log
      [2026-02-08T19:37:10.451Z] ✅ API call successful

      at Object.log [as handleSubmit] (src/hooks/useRegistrationForm.ts:330:15)

    console.log
      [2026-02-08T19:37:10.451Z] ========== FORM SUBMISSION ENDED ==========

      at Object.log [as handleSubmit] (src/hooks/useRegistrationForm.ts:376:15)

    console.log
      ✅ preventDefault() called FIRST (stopPropagation also called if available)

      at Object.log [as handleSubmit] (src/hooks/useRegistrationForm.ts:277:13)

    console.log
      [2026-02-08T19:37:10.467Z] ========== FORM SUBMISSION STARTED ==========

      at Object.log [as handleSubmit] (src/hooks/useRegistrationForm.ts:280:13)

    console.log
      [2026-02-08T19:37:10.467Z] Event defaultPrevented: undefined

      at Object.log [as handleSubmit] (src/hooks/useRegistrationForm.ts:281:13)

    console.log
      [2026-02-08T19:37:10.467Z] Event type: undefined

      at Object.log [as handleSubmit] (src/hooks/useRegistrationForm.ts:282:13)

    console.log
      [2026-02-08T19:37:10.467Z] Event target: undefined

      at Object.log [as handleSubmit] (src/hooks/useRegistrationForm.ts:283:13)

    console.log
      [2026-02-08T19:37:10.467Z] Form data: {
        "fullName": "+3",
        "email": "y8ub}p.c}@ex2.gwg",
        "password": "gV#^ gwqd0\\[I1U0b-1b2\\",
        "confirmPassword": "gV#^ gwqd0\\[I1U0b-1b2\\"
      }

      at Object.log [as handleSubmit] (src/hooks/useRegistrationForm.ts:284:13)

    console.log
      [2026-02-08T19:37:10.467Z] Current errors: {}

      at Object.log [as handleSubmit] (src/hooks/useRegistrationForm.ts:285:13)

    console.log
      [2026-02-08T19:37:10.467Z] Is rate limited: false

      at Object.log [as handleSubmit] (src/hooks/useRegistrationForm.ts:286:13)

    console.log
      [2026-02-08T19:37:10.467Z] Validation result: true

      at Object.log [as handleSubmit] (src/hooks/useRegistrationForm.ts:296:13)

    console.log
      [2026-02-08T19:37:10.467Z] ✅ Validation passed, proceeding with API call

      at Object.log [as handleSubmit] (src/hooks/useRegistrationForm.ts:303:13)

    console.log
      [2026-02-08T19:37:10.467Z] 📡 Calling API client register method

      at Object.log [as handleSubmit] (src/hooks/useRegistrationForm.ts:316:15)

    console.log
      [2026-02-08T19:37:10.467Z] API payload: { email: 'y8ub}p.c}@ex2.gwg', name: '+3', password: '***REDACTED***' }

      at Object.log [as handleSubmit] (src/hooks/useRegistrationForm.ts:317:15)

    console.log
      [2026-02-08T19:37:10.467Z] ✅ API call successful

      at Object.log [as handleSubmit] (src/hooks/useRegistrationForm.ts:330:15)

    console.log
      [2026-02-08T19:37:10.467Z] ========== FORM SUBMISSION ENDED ==========

      at Object.log [as handleSubmit] (src/hooks/useRegistrationForm.ts:376:15)

    console.log
      ✅ preventDefault() called FIRST (stopPropagation also called if available)

      at Object.log [as handleSubmit] (src/hooks/useRegistrationForm.ts:277:13)

    console.log
      [2026-02-08T19:37:10.476Z] ========== FORM SUBMISSION STARTED ==========

      at Object.log [as handleSubmit] (src/hooks/useRegistrationForm.ts:280:13)

    console.log
      [2026-02-08T19:37:10.476Z] Event defaultPrevented: undefined

      at Object.log [as handleSubmit] (src/hooks/useRegistrationForm.ts:281:13)

    console.log
      [2026-02-08T19:37:10.476Z] Event type: undefined

      at Object.log [as handleSubmit] (src/hooks/useRegistrationForm.ts:282:13)

    console.log
      [2026-02-08T19:37:10.476Z] Event target: undefined

      at Object.log [as handleSubmit] (src/hooks/useRegistrationForm.ts:283:13)

    console.log
      [2026-02-08T19:37:10.476Z] Form data: {
        "fullName": "ac*",
        "email": "}c'9h&&m.spc78l#~.dr&.77kf4#!hg~b4@42b8zk.1.vi",
        "password": "fHXf\"o`rQ}(QKr/W|n7>{Y'!-",
        "confirmPassword": "fHXf\"o`rQ}(QKr/W|n7>{Y'!-"
      }

      at Object.log [as handleSubmit] (src/hooks/useRegistrationForm.ts:284:13)

    console.log
      [2026-02-08T19:37:10.476Z] Current errors: {}

      at Object.log [as handleSubmit] (src/hooks/useRegistrationForm.ts:285:13)

    console.log
      [2026-02-08T19:37:10.476Z] Is rate limited: false

      at Object.log [as handleSubmit] (src/hooks/useRegistrationForm.ts:286:13)

    console.log
      [2026-02-08T19:37:10.476Z] Validation result: true

      at Object.log [as handleSubmit] (src/hooks/useRegistrationForm.ts:296:13)

    console.log
      [2026-02-08T19:37:10.476Z] ✅ Validation passed, proceeding with API call

      at Object.log [as handleSubmit] (src/hooks/useRegistrationForm.ts:303:13)

    console.log
      [2026-02-08T19:37:10.476Z] 📡 Calling API client register method

      at Object.log [as handleSubmit] (src/hooks/useRegistrationForm.ts:316:15)

    console.log
      [2026-02-08T19:37:10.476Z] API payload: {
        email: "}c'9h&&m.spc78l#~.dr&.77kf4#!hg~b4@42b8zk.1.vi",
        name: 'ac*',
        password: '***REDACTED***'
      }

      at Object.log [as handleSubmit] (src/hooks/useRegistrationForm.ts:317:15)

    console.log
      [2026-02-08T19:37:10.476Z] ✅ API call successful

      at Object.log [as handleSubmit] (src/hooks/useRegistrationForm.ts:330:15)

    console.log
      [2026-02-08T19:37:10.476Z] ========== FORM SUBMISSION ENDED ==========

      at Object.log [as handleSubmit] (src/hooks/useRegistrationForm.ts:376:15)

    console.log
      ✅ preventDefault() called FIRST (stopPropagation also called if available)

      at Object.log [as handleSubmit] (src/hooks/useRegistrationForm.ts:277:13)

    console.log
      [2026-02-08T19:37:10.519Z] ========== FORM SUBMISSION STARTED ==========

      at Object.log [as handleSubmit] (src/hooks/useRegistrationForm.ts:280:13)

    console.log
      [2026-02-08T19:37:10.519Z] Event defaultPrevented: undefined

      at Object.log [as handleSubmit] (src/hooks/useRegistrationForm.ts:281:13)

    console.log
      [2026-02-08T19:37:10.519Z] Event type: undefined

      at Object.log [as handleSubmit] (src/hooks/useRegistrationForm.ts:282:13)

    console.log
      [2026-02-08T19:37:10.519Z] Event target: undefined

      at Object.log [as handleSubmit] (src/hooks/useRegistrationForm.ts:283:13)

    console.log
      [2026-02-08T19:37:10.519Z] Form data: {
        "fullName": "LJ,8DU*;",
        "email": "1nbwq4.pb*1k3.o.o~2m'8{k63gf@nfkiipq7h4e.wd032m.rq",
        "password": "UaCe[J0~y)7qv?NY'6:oDZ%",
        "confirmPassword": "UaCe[J0~y)7qv?NY'6:oDZ%"
      }

      at Object.log [as handleSubmit] (src/hooks/useRegistrationForm.ts:284:13)

    console.log
      [2026-02-08T19:37:10.519Z] Current errors: {}

      at Object.log [as handleSubmit] (src/hooks/useRegistrationForm.ts:285:13)

    console.log
      [2026-02-08T19:37:10.519Z] Is rate limited: false

      at Object.log [as handleSubmit] (src/hooks/useRegistrationForm.ts:286:13)

    console.log
      [2026-02-08T19:37:10.519Z] Validation result: true

      at Object.log [as handleSubmit] (src/hooks/useRegistrationForm.ts:296:13)

    console.log
      [2026-02-08T19:37:10.519Z] ✅ Validation passed, proceeding with API call

      at Object.log [as handleSubmit] (src/hooks/useRegistrationForm.ts:303:13)

    console.log
      [2026-02-08T19:37:10.519Z] 📡 Calling API client register method

      at Object.log [as handleSubmit] (src/hooks/useRegistrationForm.ts:316:15)

    console.log
      [2026-02-08T19:37:10.519Z] API payload: {
        email: "1nbwq4.pb*1k3.o.o~2m'8{k63gf@nfkiipq7h4e.wd032m.rq",
        name: 'LJ,8DU*;',
        password: '***REDACTED***'
      }

      at Object.log [as handleSubmit] (src/hooks/useRegistrationForm.ts:317:15)

    console.log
      [2026-02-08T19:37:10.519Z] ✅ API call successful

      at Object.log [as handleSubmit] (src/hooks/useRegistrationForm.ts:330:15)

    console.log
      [2026-02-08T19:37:10.519Z] ========== FORM SUBMISSION ENDED ==========

      at Object.log [as handleSubmit] (src/hooks/useRegistrationForm.ts:376:15)

    console.log
      ✅ preventDefault() called FIRST (stopPropagation also called if available)

      at Object.log [as handleSubmit] (src/hooks/useRegistrationForm.ts:277:13)

    console.log
      [2026-02-08T19:37:10.523Z] ========== FORM SUBMISSION STARTED ==========

      at Object.log [as handleSubmit] (src/hooks/useRegistrationForm.ts:280:13)

    console.log
      [2026-02-08T19:37:10.523Z] Event defaultPrevented: undefined

      at Object.log [as handleSubmit] (src/hooks/useRegistrationForm.ts:281:13)

    console.log
      [2026-02-08T19:37:10.523Z] Event type: undefined

      at Object.log [as handleSubmit] (src/hooks/useRegistrationForm.ts:282:13)

    console.log
      [2026-02-08T19:37:10.523Z] Event target: undefined

      at Object.log [as handleSubmit] (src/hooks/useRegistrationForm.ts:283:13)

    console.log
      [2026-02-08T19:37:10.523Z] Form data: {
        "fullName": "_4HXv,",
        "email": "{t!!.~r3ooyv47i7q.an=#a.%+1wpv$@gl5b.xx",
        "password": "SO=3%3t|hki;7'xMF{Tj_uu",
        "confirmPassword": "SO=3%3t|hki;7'xMF{Tj_uu"
      }

      at Object.log [as handleSubmit] (src/hooks/useRegistrationForm.ts:284:13)

    console.log
      [2026-02-08T19:37:10.523Z] Current errors: {}

      at Object.log [as handleSubmit] (src/hooks/useRegistrationForm.ts:285:13)

    console.log
      [2026-02-08T19:37:10.523Z] Is rate limited: false

      at Object.log [as handleSubmit] (src/hooks/useRegistrationForm.ts:286:13)

    console.log
      [2026-02-08T19:37:10.523Z] Validation result: true

      at Object.log [as handleSubmit] (src/hooks/useRegistrationForm.ts:296:13)

    console.log
      [2026-02-08T19:37:10.523Z] ✅ Validation passed, proceeding with API call

      at Object.log [as handleSubmit] (src/hooks/useRegistrationForm.ts:303:13)

    console.log
      [2026-02-08T19:37:10.523Z] 📡 Calling API client register method

      at Object.log [as handleSubmit] (src/hooks/useRegistrationForm.ts:316:15)

    console.log
      [2026-02-08T19:37:10.523Z] API payload: {
        email: '{t!!.~r3ooyv47i7q.an=#a.%+1wpv$@gl5b.xx',
        name: '_4HXv,',
        password: '***REDACTED***'
      }

      at Object.log [as handleSubmit] (src/hooks/useRegistrationForm.ts:317:15)

    console.log
      [2026-02-08T19:37:10.523Z] ✅ API call successful

      at Object.log [as handleSubmit] (src/hooks/useRegistrationForm.ts:330:15)

    console.log
      [2026-02-08T19:37:10.523Z] ========== FORM SUBMISSION ENDED ==========

      at Object.log [as handleSubmit] (src/hooks/useRegistrationForm.ts:376:15)

    console.log
      ✅ preventDefault() called FIRST (stopPropagation also called if available)

      at Object.log [as handleSubmit] (src/hooks/useRegistrationForm.ts:277:13)

    console.log
      [2026-02-08T19:37:10.530Z] ========== FORM SUBMISSION STARTED ==========

      at Object.log [as handleSubmit] (src/hooks/useRegistrationForm.ts:280:13)

    console.log
      [2026-02-08T19:37:10.530Z] Event defaultPrevented: undefined

      at Object.log [as handleSubmit] (src/hooks/useRegistrationForm.ts:281:13)

    console.log
      [2026-02-08T19:37:10.530Z] Event type: undefined

      at Object.log [as handleSubmit] (src/hooks/useRegistrationForm.ts:282:13)

    console.log
      [2026-02-08T19:37:10.530Z] Event target: undefined

      at Object.log [as handleSubmit] (src/hooks/useRegistrationForm.ts:283:13)

    console.log
      [2026-02-08T19:37:10.530Z] Form data: {
        "fullName": "ysz",
        "email": "p~bc.#jzt8.6nj_trcg6zh.sw6~t.#_.j28h.yz&u`jmx.89mi7+5.mv4t{!$@cp9ij2.gkv",
        "password": "{PhH5}+e~7:S{%Of^_[",
        "confirmPassword": "{PhH5}+e~7:S{%Of^_["
      }

      at Object.log [as handleSubmit] (src/hooks/useRegistrationForm.ts:284:13)

    console.log
      [2026-02-08T19:37:10.530Z] Current errors: {}

      at Object.log [as handleSubmit] (src/hooks/useRegistrationForm.ts:285:13)

    console.log
      [2026-02-08T19:37:10.530Z] Is rate limited: false

      at Object.log [as handleSubmit] (src/hooks/useRegistrationForm.ts:286:13)

    console.log
      [2026-02-08T19:37:10.530Z] Validation result: true

      at Object.log [as handleSubmit] (src/hooks/useRegistrationForm.ts:296:13)

    console.log
      [2026-02-08T19:37:10.530Z] ✅ Validation passed, proceeding with API call

      at Object.log [as handleSubmit] (src/hooks/useRegistrationForm.ts:303:13)

    console.log
      [2026-02-08T19:37:10.530Z] 📡 Calling API client register method

      at Object.log [as handleSubmit] (src/hooks/useRegistrationForm.ts:316:15)

    console.log
      [2026-02-08T19:37:10.530Z] API payload: {
        email: 'p~bc.#jzt8.6nj_trcg6zh.sw6~t.#_.j28h.yz&u`jmx.89mi7+5.mv4t{!$@cp9ij2.gkv',
        name: 'ysz',
        password: '***REDACTED***'
      }

      at Object.log [as handleSubmit] (src/hooks/useRegistrationForm.ts:317:15)

    console.log
      [2026-02-08T19:37:10.530Z] ✅ API call successful

      at Object.log [as handleSubmit] (src/hooks/useRegistrationForm.ts:330:15)

    console.log
      [2026-02-08T19:37:10.530Z] ========== FORM SUBMISSION ENDED ==========

      at Object.log [as handleSubmit] (src/hooks/useRegistrationForm.ts:376:15)

    console.log
      ✅ preventDefault() called FIRST (stopPropagation also called if available)

      at Object.log [as handleSubmit] (src/hooks/useRegistrationForm.ts:277:13)

    console.log
      [2026-02-08T19:37:10.538Z] ========== FORM SUBMISSION STARTED ==========

      at Object.log [as handleSubmit] (src/hooks/useRegistrationForm.ts:280:13)

    console.log
      [2026-02-08T19:37:10.538Z] Event defaultPrevented: undefined

      at Object.log [as handleSubmit] (src/hooks/useRegistrationForm.ts:281:13)

    console.log
      [2026-02-08T19:37:10.538Z] Event type: undefined

      at Object.log [as handleSubmit] (src/hooks/useRegistrationForm.ts:282:13)

    console.log
      [2026-02-08T19:37:10.538Z] Event target: undefined

      at Object.log [as handleSubmit] (src/hooks/useRegistrationForm.ts:283:13)

    console.log
      [2026-02-08T19:37:10.538Z] Form data: {
        "fullName": "m!",
        "email": "#e.2?=f!#.~~~c?st.a.m^d.#s|!_^2}@3igq.ha.pp",
        "password": "4iy,{vxC> a-V&l;1\"9fSb4",
        "confirmPassword": "4iy,{vxC> a-V&l;1\"9fSb4"
      }

      at Object.log [as handleSubmit] (src/hooks/useRegistrationForm.ts:284:13)

    console.log
      [2026-02-08T19:37:10.538Z] Current errors: {}

      at Object.log [as handleSubmit] (src/hooks/useRegistrationForm.ts:285:13)

    console.log
      [2026-02-08T19:37:10.538Z] Is rate limited: false

      at Object.log [as handleSubmit] (src/hooks/useRegistrationForm.ts:286:13)

    console.log
      [2026-02-08T19:37:10.538Z] Validation result: true

      at Object.log [as handleSubmit] (src/hooks/useRegistrationForm.ts:296:13)

    console.log
      [2026-02-08T19:37:10.538Z] ✅ Validation passed, proceeding with API call

      at Object.log [as handleSubmit] (src/hooks/useRegistrationForm.ts:303:13)

    console.log
      [2026-02-08T19:37:10.538Z] 📡 Calling API client register method

      at Object.log [as handleSubmit] (src/hooks/useRegistrationForm.ts:316:15)

    console.log
      [2026-02-08T19:37:10.538Z] API payload: {
        email: '#e.2?=f!#.~~~c?st.a.m^d.#s|!_^2}@3igq.ha.pp',
        name: 'm!',
        password: '***REDACTED***'
      }

      at Object.log [as handleSubmit] (src/hooks/useRegistrationForm.ts:317:15)

    console.log
      [2026-02-08T19:37:10.538Z] ✅ API call successful

      at Object.log [as handleSubmit] (src/hooks/useRegistrationForm.ts:330:15)

    console.log
      [2026-02-08T19:37:10.538Z] ========== FORM SUBMISSION ENDED ==========

      at Object.log [as handleSubmit] (src/hooks/useRegistrationForm.ts:376:15)

    console.log
      ✅ preventDefault() called FIRST (stopPropagation also called if available)

      at Object.log [as handleSubmit] (src/hooks/useRegistrationForm.ts:277:13)

    console.log
      [2026-02-08T19:37:10.542Z] ========== FORM SUBMISSION STARTED ==========

      at Object.log [as handleSubmit] (src/hooks/useRegistrationForm.ts:280:13)

    console.log
      [2026-02-08T19:37:10.542Z] Event defaultPrevented: undefined

      at Object.log [as handleSubmit] (src/hooks/useRegistrationForm.ts:281:13)

    console.log
      [2026-02-08T19:37:10.542Z] Event type: undefined

      at Object.log [as handleSubmit] (src/hooks/useRegistrationForm.ts:282:13)

    console.log
      [2026-02-08T19:37:10.542Z] Event target: undefined

      at Object.log [as handleSubmit] (src/hooks/useRegistrationForm.ts:283:13)

    console.log
      [2026-02-08T19:37:10.542Z] Form data: {
        "fullName": ";Lz@l4\"x4{.-",
        "email": "2nh==@tw8t.1o9jqf.dxk",
        "password": "8wFm\\@XBkEkl",
        "confirmPassword": "8wFm\\@XBkEkl"
      }

      at Object.log [as handleSubmit] (src/hooks/useRegistrationForm.ts:284:13)

    console.log
      [2026-02-08T19:37:10.542Z] Current errors: {}

      at Object.log [as handleSubmit] (src/hooks/useRegistrationForm.ts:285:13)

    console.log
      [2026-02-08T19:37:10.542Z] Is rate limited: false

      at Object.log [as handleSubmit] (src/hooks/useRegistrationForm.ts:286:13)

    console.log
      [2026-02-08T19:37:10.542Z] Validation result: true

      at Object.log [as handleSubmit] (src/hooks/useRegistrationForm.ts:296:13)

    console.log
      [2026-02-08T19:37:10.542Z] ✅ Validation passed, proceeding with API call

      at Object.log [as handleSubmit] (src/hooks/useRegistrationForm.ts:303:13)

    console.log
      [2026-02-08T19:37:10.542Z] 📡 Calling API client register method

      at Object.log [as handleSubmit] (src/hooks/useRegistrationForm.ts:316:15)

    console.log
      [2026-02-08T19:37:10.542Z] API payload: {
        email: '2nh==@tw8t.1o9jqf.dxk',
        name: ';Lz@l4"x4{.-',
        password: '***REDACTED***'
      }

      at Object.log [as handleSubmit] (src/hooks/useRegistrationForm.ts:317:15)

    console.log
      [2026-02-08T19:37:10.542Z] ✅ API call successful

      at Object.log [as handleSubmit] (src/hooks/useRegistrationForm.ts:330:15)

    console.log
      [2026-02-08T19:37:10.542Z] ========== FORM SUBMISSION ENDED ==========

      at Object.log [as handleSubmit] (src/hooks/useRegistrationForm.ts:376:15)

    console.log
      ✅ preventDefault() called FIRST (stopPropagation also called if available)

      at Object.log [as handleSubmit] (src/hooks/useRegistrationForm.ts:277:13)

    console.log
      [2026-02-08T19:37:10.547Z] ========== FORM SUBMISSION STARTED ==========

      at Object.log [as handleSubmit] (src/hooks/useRegistrationForm.ts:280:13)

    console.log
      [2026-02-08T19:37:10.547Z] Event defaultPrevented: undefined

      at Object.log [as handleSubmit] (src/hooks/useRegistrationForm.ts:281:13)

    console.log
      [2026-02-08T19:37:10.547Z] Event type: undefined

      at Object.log [as handleSubmit] (src/hooks/useRegistrationForm.ts:282:13)

    console.log
      [2026-02-08T19:37:10.547Z] Event target: undefined

      at Object.log [as handleSubmit] (src/hooks/useRegistrationForm.ts:283:13)

    console.log
      [2026-02-08T19:37:10.547Z] Form data: {
        "fullName": ":2GD",
        "email": "p.x{tp1pki.^y{.{#als*lx.y'~m#jpr!?t.d+}e5//t57.rj.ym.j.#-2!q.x3e@qw.wc",
        "password": "m'Yc5Fgl\"b!\\s?xJ.Y?xT",
        "confirmPassword": "m'Yc5Fgl\"b!\\s?xJ.Y?xT"
      }

      at Object.log [as handleSubmit] (src/hooks/useRegistrationForm.ts:284:13)

    console.log
      [2026-02-08T19:37:10.547Z] Current errors: {}

      at Object.log [as handleSubmit] (src/hooks/useRegistrationForm.ts:285:13)

    console.log
      [2026-02-08T19:37:10.547Z] Is rate limited: false

      at Object.log [as handleSubmit] (src/hooks/useRegistrationForm.ts:286:13)

    console.log
      [2026-02-08T19:37:10.547Z] Validation result: true

      at Object.log [as handleSubmit] (src/hooks/useRegistrationForm.ts:296:13)

    console.log
      [2026-02-08T19:37:10.547Z] ✅ Validation passed, proceeding with API call

      at Object.log [as handleSubmit] (src/hooks/useRegistrationForm.ts:303:13)

    console.log
      [2026-02-08T19:37:10.547Z] 📡 Calling API client register method

      at Object.log [as handleSubmit] (src/hooks/useRegistrationForm.ts:316:15)

    console.log
      [2026-02-08T19:37:10.547Z] API payload: {
        email: "p.x{tp1pki.^y{.{#als*lx.y'~m#jpr!?t.d+}e5//t57.rj.ym.j.#-2!q.x3e@qw.wc",
        name: ':2GD',
        password: '***REDACTED***'
      }

      at Object.log [as handleSubmit] (src/hooks/useRegistrationForm.ts:317:15)

    console.log
      [2026-02-08T19:37:10.547Z] ✅ API call successful

      at Object.log [as handleSubmit] (src/hooks/useRegistrationForm.ts:330:15)

    console.log
      [2026-02-08T19:37:10.547Z] ========== FORM SUBMISSION ENDED ==========

      at Object.log [as handleSubmit] (src/hooks/useRegistrationForm.ts:376:15)

    console.log
      ✅ preventDefault() called FIRST (stopPropagation also called if available)

      at Object.log [as handleSubmit] (src/hooks/useRegistrationForm.ts:277:13)

    console.log
      [2026-02-08T19:37:10.559Z] ========== FORM SUBMISSION STARTED ==========

      at Object.log [as handleSubmit] (src/hooks/useRegistrationForm.ts:280:13)

    console.log
      [2026-02-08T19:37:10.559Z] Event defaultPrevented: undefined

      at Object.log [as handleSubmit] (src/hooks/useRegistrationForm.ts:281:13)

    console.log
      [2026-02-08T19:37:10.559Z] Event type: undefined

      at Object.log [as handleSubmit] (src/hooks/useRegistrationForm.ts:282:13)

    console.log
      [2026-02-08T19:37:10.559Z] Event target: undefined

      at Object.log [as handleSubmit] (src/hooks/useRegistrationForm.ts:283:13)

    console.log
      [2026-02-08T19:37:10.559Z] Form data: {
        "fullName": "Uy>9_;*Uu2+",
        "email": "8?2oave1|}.s}4l&8c2co0?.t?-hm1=.6lq.*_^n_s#+=7@sul6a.j.ye",
        "password": "`\"CWQC{APUw_JnJFv_2%]j%kM",
        "confirmPassword": "`\"CWQC{APUw_JnJFv_2%]j%kM"
      }

      at Object.log [as handleSubmit] (src/hooks/useRegistrationForm.ts:284:13)

    console.log
      [2026-02-08T19:37:10.559Z] Current errors: {}

      at Object.log [as handleSubmit] (src/hooks/useRegistrationForm.ts:285:13)

    console.log
      [2026-02-08T19:37:10.559Z] Is rate limited: false

      at Object.log [as handleSubmit] (src/hooks/useRegistrationForm.ts:286:13)

    console.log
      [2026-02-08T19:37:10.559Z] Validation result: true

      at Object.log [as handleSubmit] (src/hooks/useRegistrationForm.ts:296:13)

    console.log
      [2026-02-08T19:37:10.559Z] ✅ Validation passed, proceeding with API call

      at Object.log [as handleSubmit] (src/hooks/useRegistrationForm.ts:303:13)

    console.log
      [2026-02-08T19:37:10.559Z] 📡 Calling API client register method

      at Object.log [as handleSubmit] (src/hooks/useRegistrationForm.ts:316:15)

    console.log
      [2026-02-08T19:37:10.559Z] API payload: {
        email: '8?2oave1|}.s}4l&8c2co0?.t?-hm1=.6lq.*_^n_s#+=7@sul6a.j.ye',
        name: 'Uy>9_;*Uu2+',
        password: '***REDACTED***'
      }

      at Object.log [as handleSubmit] (src/hooks/useRegistrationForm.ts:317:15)

    console.log
      [2026-02-08T19:37:10.559Z] ✅ API call successful

      at Object.log [as handleSubmit] (src/hooks/useRegistrationForm.ts:330:15)

    console.log
      [2026-02-08T19:37:10.559Z] ========== FORM SUBMISSION ENDED ==========

      at Object.log [as handleSubmit] (src/hooks/useRegistrationForm.ts:376:15)

    console.log
      ✅ preventDefault() called FIRST (stopPropagation also called if available)

      at Object.log [as handleSubmit] (src/hooks/useRegistrationForm.ts:277:13)

    console.log
      [2026-02-08T19:37:10.562Z] ========== FORM SUBMISSION STARTED ==========

      at Object.log [as handleSubmit] (src/hooks/useRegistrationForm.ts:280:13)

    console.log
      [2026-02-08T19:37:10.562Z] Event defaultPrevented: undefined

      at Object.log [as handleSubmit] (src/hooks/useRegistrationForm.ts:281:13)

    console.log
      [2026-02-08T19:37:10.562Z] Event type: undefined

      at Object.log [as handleSubmit] (src/hooks/useRegistrationForm.ts:282:13)

    console.log
      [2026-02-08T19:37:10.562Z] Event target: undefined

      at Object.log [as handleSubmit] (src/hooks/useRegistrationForm.ts:283:13)

    console.log
      [2026-02-08T19:37:10.562Z] Form data: {
        "fullName": ">yWg;)zl<_=",
        "email": "th%cz!qj.*qtcwh-='*0+.dw18=.31'z6^.s*#bb|&./.1$9^#/.-&b!+ct@y8-nzjl64k2u.q-7.qx",
        "password": "SYa:l/9MeDI",
        "confirmPassword": "SYa:l/9MeDI"
      }

      at Object.log [as handleSubmit] (src/hooks/useRegistrationForm.ts:284:13)

    console.log
      [2026-02-08T19:37:10.562Z] Current errors: {}

      at Object.log [as handleSubmit] (src/hooks/useRegistrationForm.ts:285:13)

    console.log
      [2026-02-08T19:37:10.562Z] Is rate limited: false

      at Object.log [as handleSubmit] (src/hooks/useRegistrationForm.ts:286:13)

    console.log
      [2026-02-08T19:37:10.562Z] Validation result: true

      at Object.log [as handleSubmit] (src/hooks/useRegistrationForm.ts:296:13)

    console.log
      [2026-02-08T19:37:10.562Z] ✅ Validation passed, proceeding with API call

      at Object.log [as handleSubmit] (src/hooks/useRegistrationForm.ts:303:13)

    console.log
      [2026-02-08T19:37:10.562Z] 📡 Calling API client register method

      at Object.log [as handleSubmit] (src/hooks/useRegistrationForm.ts:316:15)

    console.log
      [2026-02-08T19:37:10.562Z] API payload: {
        email: "th%cz!qj.*qtcwh-='*0+.dw18=.31'z6^.s*#bb|&./.1$9^#/.-&b!+ct@y8-nzjl64k2u.q-7.qx",
        name: '>yWg;)zl<_=',
        password: '***REDACTED***'
      }

      at Object.log [as handleSubmit] (src/hooks/useRegistrationForm.ts:317:15)

    console.log
      [2026-02-08T19:37:10.562Z] ✅ API call successful

      at Object.log [as handleSubmit] (src/hooks/useRegistrationForm.ts:330:15)

    console.log
      [2026-02-08T19:37:10.562Z] ========== FORM SUBMISSION ENDED ==========

      at Object.log [as handleSubmit] (src/hooks/useRegistrationForm.ts:376:15)

    console.log
      ✅ preventDefault() called FIRST (stopPropagation also called if available)

      at Object.log [as handleSubmit] (src/hooks/useRegistrationForm.ts:277:13)

    console.log
      [2026-02-08T19:37:10.570Z] ========== FORM SUBMISSION STARTED ==========

      at Object.log [as handleSubmit] (src/hooks/useRegistrationForm.ts:280:13)

    console.log
      [2026-02-08T19:37:10.570Z] Event defaultPrevented: undefined

      at Object.log [as handleSubmit] (src/hooks/useRegistrationForm.ts:281:13)

    console.log
      [2026-02-08T19:37:10.570Z] Event type: undefined

      at Object.log [as handleSubmit] (src/hooks/useRegistrationForm.ts:282:13)

    console.log
      [2026-02-08T19:37:10.570Z] Event target: undefined

      at Object.log [as handleSubmit] (src/hooks/useRegistrationForm.ts:283:13)

    console.log
      [2026-02-08T19:37:10.570Z] Form data: {
        "fullName": "H k,!f%5{F T:}",
        "email": "2b1{j'9_.#.?%ts#f.v!.=.8{4i~vg+'.*'i@reripvldmk.zvq",
        "password": "I6Me?gz^T/|:BNoy,YV=NebUdL",
        "confirmPassword": "I6Me?gz^T/|:BNoy,YV=NebUdL"
      }

      at Object.log [as handleSubmit] (src/hooks/useRegistrationForm.ts:284:13)

    console.log
      [2026-02-08T19:37:10.570Z] Current errors: {}

      at Object.log [as handleSubmit] (src/hooks/useRegistrationForm.ts:285:13)

    console.log
      [2026-02-08T19:37:10.570Z] Is rate limited: false

      at Object.log [as handleSubmit] (src/hooks/useRegistrationForm.ts:286:13)

    console.log
      [2026-02-08T19:37:10.570Z] Validation result: true

      at Object.log [as handleSubmit] (src/hooks/useRegistrationForm.ts:296:13)

    console.log
      [2026-02-08T19:37:10.570Z] ✅ Validation passed, proceeding with API call

      at Object.log [as handleSubmit] (src/hooks/useRegistrationForm.ts:303:13)

    console.log
      [2026-02-08T19:37:10.570Z] 📡 Calling API client register method

      at Object.log [as handleSubmit] (src/hooks/useRegistrationForm.ts:316:15)

    console.log
      [2026-02-08T19:37:10.570Z] API payload: {
        email: "2b1{j'9_.#.?%ts#f.v!.=.8{4i~vg+'.*'i@reripvldmk.zvq",
        name: 'H k,!f%5{F T:}',
        password: '***REDACTED***'
      }

      at Object.log [as handleSubmit] (src/hooks/useRegistrationForm.ts:317:15)

    console.log
      [2026-02-08T19:37:10.570Z] ✅ API call successful

      at Object.log [as handleSubmit] (src/hooks/useRegistrationForm.ts:330:15)

    console.log
      [2026-02-08T19:37:10.570Z] ========== FORM SUBMISSION ENDED ==========

      at Object.log [as handleSubmit] (src/hooks/useRegistrationForm.ts:376:15)

    console.log
      ✅ preventDefault() called FIRST (stopPropagation also called if available)

      at Object.log [as handleSubmit] (src/hooks/useRegistrationForm.ts:277:13)

    console.log
      [2026-02-08T19:37:10.573Z] ========== FORM SUBMISSION STARTED ==========

      at Object.log [as handleSubmit] (src/hooks/useRegistrationForm.ts:280:13)

    console.log
      [2026-02-08T19:37:10.573Z] Event defaultPrevented: undefined

      at Object.log [as handleSubmit] (src/hooks/useRegistrationForm.ts:281:13)

    console.log
      [2026-02-08T19:37:10.573Z] Event type: undefined

      at Object.log [as handleSubmit] (src/hooks/useRegistrationForm.ts:282:13)

    console.log
      [2026-02-08T19:37:10.573Z] Event target: undefined

      at Object.log [as handleSubmit] (src/hooks/useRegistrationForm.ts:283:13)

    console.log
      [2026-02-08T19:37:10.573Z] Form data: {
        "fullName": "22FLvhVi]Cn",
        "email": "-n^.v=a_#|1.l&.ref.da.%q.?cc#~a$n@a.ms",
        "password": "\")^{b1OG)|oROy6X|v",
        "confirmPassword": "\")^{b1OG)|oROy6X|v"
      }

      at Object.log [as handleSubmit] (src/hooks/useRegistrationForm.ts:284:13)

    console.log
      [2026-02-08T19:37:10.573Z] Current errors: {}

      at Object.log [as handleSubmit] (src/hooks/useRegistrationForm.ts:285:13)

    console.log
      [2026-02-08T19:37:10.573Z] Is rate limited: false

      at Object.log [as handleSubmit] (src/hooks/useRegistrationForm.ts:286:13)

    console.log
      [2026-02-08T19:37:10.573Z] Validation result: true

      at Object.log [as handleSubmit] (src/hooks/useRegistrationForm.ts:296:13)

    console.log
      [2026-02-08T19:37:10.573Z] ✅ Validation passed, proceeding with API call

      at Object.log [as handleSubmit] (src/hooks/useRegistrationForm.ts:303:13)

    console.log
      [2026-02-08T19:37:10.573Z] 📡 Calling API client register method

      at Object.log [as handleSubmit] (src/hooks/useRegistrationForm.ts:316:15)

    console.log
      [2026-02-08T19:37:10.573Z] API payload: {
        email: '-n^.v=a_#|1.l&.ref.da.%q.?cc#~a$n@a.ms',
        name: '22FLvhVi]Cn',
        password: '***REDACTED***'
      }

      at Object.log [as handleSubmit] (src/hooks/useRegistrationForm.ts:317:15)

    console.log
      [2026-02-08T19:37:10.573Z] ✅ API call successful

      at Object.log [as handleSubmit] (src/hooks/useRegistrationForm.ts:330:15)

    console.log
      [2026-02-08T19:37:10.573Z] ========== FORM SUBMISSION ENDED ==========

      at Object.log [as handleSubmit] (src/hooks/useRegistrationForm.ts:376:15)

    console.log
      ✅ preventDefault() called FIRST (stopPropagation also called if available)

      at Object.log [as handleSubmit] (src/hooks/useRegistrationForm.ts:277:13)

    console.log
      [2026-02-08T19:37:10.580Z] ========== FORM SUBMISSION STARTED ==========

      at Object.log [as handleSubmit] (src/hooks/useRegistrationForm.ts:280:13)

    console.log
      [2026-02-08T19:37:10.580Z] Event defaultPrevented: undefined

      at Object.log [as handleSubmit] (src/hooks/useRegistrationForm.ts:281:13)

    console.log
      [2026-02-08T19:37:10.580Z] Event type: undefined

      at Object.log [as handleSubmit] (src/hooks/useRegistrationForm.ts:282:13)

    console.log
      [2026-02-08T19:37:10.580Z] Event target: undefined

      at Object.log [as handleSubmit] (src/hooks/useRegistrationForm.ts:283:13)

    console.log
      [2026-02-08T19:37:10.580Z] Form data: {
        "fullName": "pr!LxYoLgKo",
        "email": "a0|{$%gr.eq}q.6syga'e5.v4m&v5py7+&}.j'/l6tt7ct.2%89d1.d1wl2tp93@8-u71lgq.v4u39sluexyw.ano",
        "password": "S`&K`6y](X4-k",
        "confirmPassword": "S`&K`6y](X4-k"
      }

      at Object.log [as handleSubmit] (src/hooks/useRegistrationForm.ts:284:13)

    console.log
      [2026-02-08T19:37:10.580Z] Current errors: {}

      at Object.log [as handleSubmit] (src/hooks/useRegistrationForm.ts:285:13)

    console.log
      [2026-02-08T19:37:10.580Z] Is rate limited: false

      at Object.log [as handleSubmit] (src/hooks/useRegistrationForm.ts:286:13)

    console.log
      [2026-02-08T19:37:10.580Z] Validation result: true

      at Object.log [as handleSubmit] (src/hooks/useRegistrationForm.ts:296:13)

    console.log
      [2026-02-08T19:37:10.580Z] ✅ Validation passed, proceeding with API call

      at Object.log [as handleSubmit] (src/hooks/useRegistrationForm.ts:303:13)

    console.log
      [2026-02-08T19:37:10.580Z] 📡 Calling API client register method

      at Object.log [as handleSubmit] (src/hooks/useRegistrationForm.ts:316:15)

    console.log
      [2026-02-08T19:37:10.580Z] API payload: {
        email: "a0|{$%gr.eq}q.6syga'e5.v4m&v5py7+&}.j'/l6tt7ct.2%89d1.d1wl2tp93@8-u71lgq.v4u39sluexyw.ano",
        name: 'pr!LxYoLgKo',
        password: '***REDACTED***'
      }

      at Object.log [as handleSubmit] (src/hooks/useRegistrationForm.ts:317:15)

    console.log
      [2026-02-08T19:37:10.580Z] ✅ API call successful

      at Object.log [as handleSubmit] (src/hooks/useRegistrationForm.ts:330:15)

    console.log
      [2026-02-08T19:37:10.580Z] ========== FORM SUBMISSION ENDED ==========

      at Object.log [as handleSubmit] (src/hooks/useRegistrationForm.ts:376:15)

    console.log
      ✅ preventDefault() called FIRST (stopPropagation also called if available)

      at Object.log [as handleSubmit] (src/hooks/useRegistrationForm.ts:277:13)

    console.log
      [2026-02-08T19:37:10.585Z] ========== FORM SUBMISSION STARTED ==========

      at Object.log [as handleSubmit] (src/hooks/useRegistrationForm.ts:280:13)

    console.log
      [2026-02-08T19:37:10.585Z] Event defaultPrevented: undefined

      at Object.log [as handleSubmit] (src/hooks/useRegistrationForm.ts:281:13)

    console.log
      [2026-02-08T19:37:10.585Z] Event type: undefined

      at Object.log [as handleSubmit] (src/hooks/useRegistrationForm.ts:282:13)

    console.log
      [2026-02-08T19:37:10.585Z] Event target: undefined

      at Object.log [as handleSubmit] (src/hooks/useRegistrationForm.ts:283:13)

    console.log
      [2026-02-08T19:37:10.585Z] Form data: {
        "fullName": "W]9]::&u9\"k",
        "email": "qf&*1h9ca?'s.ecpew^k1.aao@o2ip5wjt.re",
        "password": "O:<x[UAIr5gN_BA9c{N",
        "confirmPassword": "O:<x[UAIr5gN_BA9c{N"
      }

      at Object.log [as handleSubmit] (src/hooks/useRegistrationForm.ts:284:13)

    console.log
      [2026-02-08T19:37:10.585Z] Current errors: {}

      at Object.log [as handleSubmit] (src/hooks/useRegistrationForm.ts:285:13)

    console.log
      [2026-02-08T19:37:10.585Z] Is rate limited: false

      at Object.log [as handleSubmit] (src/hooks/useRegistrationForm.ts:286:13)

    console.log
      [2026-02-08T19:37:10.585Z] Validation result: true

      at Object.log [as handleSubmit] (src/hooks/useRegistrationForm.ts:296:13)

    console.log
      [2026-02-08T19:37:10.585Z] ✅ Validation passed, proceeding with API call

      at Object.log [as handleSubmit] (src/hooks/useRegistrationForm.ts:303:13)

    console.log
      [2026-02-08T19:37:10.585Z] 📡 Calling API client register method

      at Object.log [as handleSubmit] (src/hooks/useRegistrationForm.ts:316:15)

    console.log
      [2026-02-08T19:37:10.585Z] API payload: {
        email: "qf&*1h9ca?'s.ecpew^k1.aao@o2ip5wjt.re",
        name: 'W]9]::&u9"k',
        password: '***REDACTED***'
      }

      at Object.log [as handleSubmit] (src/hooks/useRegistrationForm.ts:317:15)

    console.log
      [2026-02-08T19:37:10.585Z] ✅ API call successful

      at Object.log [as handleSubmit] (src/hooks/useRegistrationForm.ts:330:15)

    console.log
      [2026-02-08T19:37:10.585Z] ========== FORM SUBMISSION ENDED ==========

      at Object.log [as handleSubmit] (src/hooks/useRegistrationForm.ts:376:15)

    console.log
      ✅ preventDefault() called FIRST (stopPropagation also called if available)

      at Object.log [as handleSubmit] (src/hooks/useRegistrationForm.ts:277:13)

    console.log
      [2026-02-08T19:37:10.591Z] ========== FORM SUBMISSION STARTED ==========

      at Object.log [as handleSubmit] (src/hooks/useRegistrationForm.ts:280:13)

    console.log
      [2026-02-08T19:37:10.591Z] Event defaultPrevented: undefined

      at Object.log [as handleSubmit] (src/hooks/useRegistrationForm.ts:281:13)

    console.log
      [2026-02-08T19:37:10.591Z] Event type: undefined

      at Object.log [as handleSubmit] (src/hooks/useRegistrationForm.ts:282:13)

    console.log
      [2026-02-08T19:37:10.591Z] Event target: undefined

      at Object.log [as handleSubmit] (src/hooks/useRegistrationForm.ts:283:13)

    console.log
      [2026-02-08T19:37:10.591Z] Form data: {
        "fullName": "zt|2,~NM?/7",
        "email": "prototype.z&~p.^.v.3pwyl3.call.&{f.6.#tv0}{-%n`.w%i}k%'@x1xuqejewph.kgit.uvz",
        "password": "hx~+yax}g80FY&x7",
        "confirmPassword": "hx~+yax}g80FY&x7"
      }

      at Object.log [as handleSubmit] (src/hooks/useRegistrationForm.ts:284:13)

    console.log
      [2026-02-08T19:37:10.591Z] Current errors: {}

      at Object.log [as handleSubmit] (src/hooks/useRegistrationForm.ts:285:13)

    console.log
      [2026-02-08T19:37:10.591Z] Is rate limited: false

      at Object.log [as handleSubmit] (src/hooks/useRegistrationForm.ts:286:13)

    console.log
      [2026-02-08T19:37:10.591Z] Validation result: true

      at Object.log [as handleSubmit] (src/hooks/useRegistrationForm.ts:296:13)

    console.log
      [2026-02-08T19:37:10.591Z] ✅ Validation passed, proceeding with API call

      at Object.log [as handleSubmit] (src/hooks/useRegistrationForm.ts:303:13)

    console.log
      [2026-02-08T19:37:10.591Z] 📡 Calling API client register method

      at Object.log [as handleSubmit] (src/hooks/useRegistrationForm.ts:316:15)

    console.log
      [2026-02-08T19:37:10.591Z] API payload: {
        email: "prototype.z&~p.^.v.3pwyl3.call.&{f.6.#tv0}{-%n`.w%i}k%'@x1xuqejewph.kgit.uvz",
        name: 'zt|2,~NM?/7',
        password: '***REDACTED***'
      }

      at Object.log [as handleSubmit] (src/hooks/useRegistrationForm.ts:317:15)

    console.log
      [2026-02-08T19:37:10.591Z] ✅ API call successful

      at Object.log [as handleSubmit] (src/hooks/useRegistrationForm.ts:330:15)

    console.log
      [2026-02-08T19:37:10.591Z] ========== FORM SUBMISSION ENDED ==========

      at Object.log [as handleSubmit] (src/hooks/useRegistrationForm.ts:376:15)

    console.log
      ✅ preventDefault() called FIRST (stopPropagation also called if available)

      at Object.log [as handleSubmit] (src/hooks/useRegistrationForm.ts:277:13)

    console.log
      [2026-02-08T19:37:10.664Z] ========== FORM SUBMISSION STARTED ==========

      at Object.log [as handleSubmit] (src/hooks/useRegistrationForm.ts:280:13)

    console.log
      [2026-02-08T19:37:10.664Z] Event defaultPrevented: undefined

      at Object.log [as handleSubmit] (src/hooks/useRegistrationForm.ts:281:13)

    console.log
      [2026-02-08T19:37:10.664Z] Event type: undefined

      at Object.log [as handleSubmit] (src/hooks/useRegistrationForm.ts:282:13)

    console.log
      [2026-02-08T19:37:10.664Z] Event target: undefined

      at Object.log [as handleSubmit] (src/hooks/useRegistrationForm.ts:283:13)

    console.log
      [2026-02-08T19:37:10.664Z] Form data: {
        "fullName": "%T#{~oE|",
        "email": "p+.$t7.d-5/j7{hf{$.j|v.^nu5i}=.fu8yj2r`1j.b2go%#.!w{ndr?oax1@zy2uvu3.qd",
        "password": "NM|?R1H|E}=&kGRDUrm,c",
        "confirmPassword": "NM|?R1H|E}=&kGRDUrm,c"
      }

      at Object.log [as handleSubmit] (src/hooks/useRegistrationForm.ts:284:13)

    console.log
      [2026-02-08T19:37:10.664Z] Current errors: {}

      at Object.log [as handleSubmit] (src/hooks/useRegistrationForm.ts:285:13)

    console.log
      [2026-02-08T19:37:10.664Z] Is rate limited: false

      at Object.log [as handleSubmit] (src/hooks/useRegistrationForm.ts:286:13)

    console.log
      [2026-02-08T19:37:10.664Z] Validation result: true

      at Object.log [as handleSubmit] (src/hooks/useRegistrationForm.ts:296:13)

    console.log
      [2026-02-08T19:37:10.664Z] ✅ Validation passed, proceeding with API call

      at Object.log [as handleSubmit] (src/hooks/useRegistrationForm.ts:303:13)

    console.log
      [2026-02-08T19:37:10.664Z] 📡 Calling API client register method

      at Object.log [as handleSubmit] (src/hooks/useRegistrationForm.ts:316:15)

    console.log
      [2026-02-08T19:37:10.664Z] API payload: {
        email: 'p+.$t7.d-5/j7{hf{$.j|v.^nu5i}=.fu8yj2r`1j.b2go%#.!w{ndr?oax1@zy2uvu3.qd',
        name: '%T#{~oE|',
        password: '***REDACTED***'
      }

      at Object.log [as handleSubmit] (src/hooks/useRegistrationForm.ts:317:15)

    console.log
      [2026-02-08T19:37:10.664Z] ✅ API call successful

      at Object.log [as handleSubmit] (src/hooks/useRegistrationForm.ts:330:15)

    console.log
      [2026-02-08T19:37:10.664Z] ========== FORM SUBMISSION ENDED ==========

      at Object.log [as handleSubmit] (src/hooks/useRegistrationForm.ts:376:15)

    console.log
      ✅ preventDefault() called FIRST (stopPropagation also called if available)

      at Object.log [as handleSubmit] (src/hooks/useRegistrationForm.ts:277:13)

    console.log
      [2026-02-08T19:37:10.728Z] ========== FORM SUBMISSION STARTED ==========

      at Object.log [as handleSubmit] (src/hooks/useRegistrationForm.ts:280:13)

    console.log
      [2026-02-08T19:37:10.728Z] Event defaultPrevented: undefined

      at Object.log [as handleSubmit] (src/hooks/useRegistrationForm.ts:281:13)

    console.log
      [2026-02-08T19:37:10.728Z] Event type: undefined

      at Object.log [as handleSubmit] (src/hooks/useRegistrationForm.ts:282:13)

    console.log
      [2026-02-08T19:37:10.728Z] Event target: undefined

      at Object.log [as handleSubmit] (src/hooks/useRegistrationForm.ts:283:13)

    console.log
      [2026-02-08T19:37:10.728Z] Form data: {
        "fullName": "&,>bY628",
        "email": "3v-xl.'/hy+6c0.#ph7|4=c'z25.9er}nqfov5.82!d.!|cmly^m|x.7afr't+@4ucg.gq",
        "password": "&\"Tu1`(#XE@V&CH)OZaKEIYY",
        "confirmPassword": "&\"Tu1`(#XE@V&CH)OZaKEIYY"
      }

      at Object.log [as handleSubmit] (src/hooks/useRegistrationForm.ts:284:13)

    console.log
      [2026-02-08T19:37:10.728Z] Current errors: {}

      at Object.log [as handleSubmit] (src/hooks/useRegistrationForm.ts:285:13)

    console.log
      [2026-02-08T19:37:10.728Z] Is rate limited: false

      at Object.log [as handleSubmit] (src/hooks/useRegistrationForm.ts:286:13)

    console.log
      [2026-02-08T19:37:10.728Z] Validation result: true

      at Object.log [as handleSubmit] (src/hooks/useRegistrationForm.ts:296:13)

    console.log
      [2026-02-08T19:37:10.728Z] ✅ Validation passed, proceeding with API call

      at Object.log [as handleSubmit] (src/hooks/useRegistrationForm.ts:303:13)

    console.log
      [2026-02-08T19:37:10.728Z] 📡 Calling API client register method

      at Object.log [as handleSubmit] (src/hooks/useRegistrationForm.ts:316:15)

    console.log
      [2026-02-08T19:37:10.728Z] API payload: {
        email: "3v-xl.'/hy+6c0.#ph7|4=c'z25.9er}nqfov5.82!d.!|cmly^m|x.7afr't+@4ucg.gq",
        name: '&,>bY628',
        password: '***REDACTED***'
      }

      at Object.log [as handleSubmit] (src/hooks/useRegistrationForm.ts:317:15)

    console.log
      [2026-02-08T19:37:10.728Z] ✅ API call successful

      at Object.log [as handleSubmit] (src/hooks/useRegistrationForm.ts:330:15)

    console.log
      [2026-02-08T19:37:10.728Z] ========== FORM SUBMISSION ENDED ==========

      at Object.log [as handleSubmit] (src/hooks/useRegistrationForm.ts:376:15)

    console.log
      ✅ preventDefault() called FIRST (stopPropagation also called if available)

      at Object.log [as handleSubmit] (src/hooks/useRegistrationForm.ts:277:13)

    console.log
      [2026-02-08T19:37:10.756Z] ========== FORM SUBMISSION STARTED ==========

      at Object.log [as handleSubmit] (src/hooks/useRegistrationForm.ts:280:13)

    console.log
      [2026-02-08T19:37:10.756Z] Event defaultPrevented: undefined

      at Object.log [as handleSubmit] (src/hooks/useRegistrationForm.ts:281:13)

    console.log
      [2026-02-08T19:37:10.756Z] Event type: undefined

      at Object.log [as handleSubmit] (src/hooks/useRegistrationForm.ts:282:13)

    console.log
      [2026-02-08T19:37:10.756Z] Event target: undefined

      at Object.log [as handleSubmit] (src/hooks/useRegistrationForm.ts:283:13)

    console.log
      [2026-02-08T19:37:10.756Z] Form data: {
        "fullName": "3b2S9Ct/9",
        "email": "?`s#.~bl{.*#!|#!oy^`.!0.0b+.%`8bj.caller#`.~|nb?.0d=+$~_^?bi.p*@592e.k.oht",
        "password": "+9IEYA>k<(a){zZC$}M{m4",
        "confirmPassword": "+9IEYA>k<(a){zZC$}M{m4"
      }

      at Object.log [as handleSubmit] (src/hooks/useRegistrationForm.ts:284:13)

    console.log
      [2026-02-08T19:37:10.756Z] Current errors: {}

      at Object.log [as handleSubmit] (src/hooks/useRegistrationForm.ts:285:13)

    console.log
      [2026-02-08T19:37:10.756Z] Is rate limited: false

      at Object.log [as handleSubmit] (src/hooks/useRegistrationForm.ts:286:13)

    console.log
      [2026-02-08T19:37:10.756Z] Validation result: true

      at Object.log [as handleSubmit] (src/hooks/useRegistrationForm.ts:296:13)

    console.log
      [2026-02-08T19:37:10.756Z] ✅ Validation passed, proceeding with API call

      at Object.log [as handleSubmit] (src/hooks/useRegistrationForm.ts:303:13)

    console.log
      [2026-02-08T19:37:10.756Z] 📡 Calling API client register method

      at Object.log [as handleSubmit] (src/hooks/useRegistrationForm.ts:316:15)

    console.log
      [2026-02-08T19:37:10.756Z] API payload: {
        email: '?`s#.~bl{.*#!|#!oy^`.!0.0b+.%`8bj.caller#`.~|nb?.0d=+$~_^?bi.p*@592e.k.oht',
        name: '3b2S9Ct/9',
        password: '***REDACTED***'
      }

      at Object.log [as handleSubmit] (src/hooks/useRegistrationForm.ts:317:15)

    console.log
      [2026-02-08T19:37:10.756Z] ✅ API call successful

      at Object.log [as handleSubmit] (src/hooks/useRegistrationForm.ts:330:15)

    console.log
      [2026-02-08T19:37:10.756Z] ========== FORM SUBMISSION ENDED ==========

      at Object.log [as handleSubmit] (src/hooks/useRegistrationForm.ts:376:15)

    console.log
      ✅ preventDefault() called FIRST (stopPropagation also called if available)

      at Object.log [as handleSubmit] (src/hooks/useRegistrationForm.ts:277:13)

    console.log
      [2026-02-08T19:37:10.788Z] ========== FORM SUBMISSION STARTED ==========

      at Object.log [as handleSubmit] (src/hooks/useRegistrationForm.ts:280:13)

    console.log
      [2026-02-08T19:37:10.788Z] Event defaultPrevented: undefined

      at Object.log [as handleSubmit] (src/hooks/useRegistrationForm.ts:281:13)

    console.log
      [2026-02-08T19:37:10.788Z] Event type: undefined

      at Object.log [as handleSubmit] (src/hooks/useRegistrationForm.ts:282:13)

    console.log
      [2026-02-08T19:37:10.788Z] Event target: undefined

      at Object.log [as handleSubmit] (src/hooks/useRegistrationForm.ts:283:13)

    console.log
      [2026-02-08T19:37:10.788Z] Form data: {
        "fullName": "^#3~",
        "email": "yph7+w=osi.!k9!fsdka5.mivqtlcm{r.v~.f9.kj#~'.5|2*$np'*9cv@x95.tzb",
        "password": "t`(T_Xk0tI^E`CNZ2^Kmg",
        "confirmPassword": "t`(T_Xk0tI^E`CNZ2^Kmg"
      }

      at Object.log [as handleSubmit] (src/hooks/useRegistrationForm.ts:284:13)

    console.log
      [2026-02-08T19:37:10.788Z] Current errors: {}

      at Object.log [as handleSubmit] (src/hooks/useRegistrationForm.ts:285:13)

    console.log
      [2026-02-08T19:37:10.788Z] Is rate limited: false

      at Object.log [as handleSubmit] (src/hooks/useRegistrationForm.ts:286:13)

    console.log
      [2026-02-08T19:37:10.788Z] Validation result: true

      at Object.log [as handleSubmit] (src/hooks/useRegistrationForm.ts:296:13)

    console.log
      [2026-02-08T19:37:10.788Z] ✅ Validation passed, proceeding with API call

      at Object.log [as handleSubmit] (src/hooks/useRegistrationForm.ts:303:13)

    console.log
      [2026-02-08T19:37:10.788Z] 📡 Calling API client register method

      at Object.log [as handleSubmit] (src/hooks/useRegistrationForm.ts:316:15)

    console.log
      [2026-02-08T19:37:10.788Z] API payload: {
        email: "yph7+w=osi.!k9!fsdka5.mivqtlcm{r.v~.f9.kj#~'.5|2*$np'*9cv@x95.tzb",
        name: '^#3~',
        password: '***REDACTED***'
      }

      at Object.log [as handleSubmit] (src/hooks/useRegistrationForm.ts:317:15)

    console.log
      [2026-02-08T19:37:10.788Z] ✅ API call successful

      at Object.log [as handleSubmit] (src/hooks/useRegistrationForm.ts:330:15)

    console.log
      [2026-02-08T19:37:10.788Z] ========== FORM SUBMISSION ENDED ==========

      at Object.log [as handleSubmit] (src/hooks/useRegistrationForm.ts:376:15)

    console.log
      ✅ preventDefault() called FIRST (stopPropagation also called if available)

      at Object.log [as handleSubmit] (src/hooks/useRegistrationForm.ts:277:13)

    console.log
      [2026-02-08T19:37:10.807Z] ========== FORM SUBMISSION STARTED ==========

      at Object.log [as handleSubmit] (src/hooks/useRegistrationForm.ts:280:13)

    console.log
      [2026-02-08T19:37:10.807Z] Event defaultPrevented: undefined

      at Object.log [as handleSubmit] (src/hooks/useRegistrationForm.ts:281:13)

    console.log
      [2026-02-08T19:37:10.807Z] Event type: undefined

      at Object.log [as handleSubmit] (src/hooks/useRegistrationForm.ts:282:13)

    console.log
      [2026-02-08T19:37:10.807Z] Event target: undefined

      at Object.log [as handleSubmit] (src/hooks/useRegistrationForm.ts:283:13)

    console.log
      [2026-02-08T19:37:10.807Z] Form data: {
        "fullName": "^3|v9S",
        "email": "k.%gp^|1.rre.h1p81._2q9~o5$r.|lksc4z9q*n$.r+&2$?f1_eu.p/=9!9@znmzver.mq",
        "password": "G{lZt2O*~s",
        "confirmPassword": "G{lZt2O*~s"
      }

      at Object.log [as handleSubmit] (src/hooks/useRegistrationForm.ts:284:13)

    console.log
      [2026-02-08T19:37:10.807Z] Current errors: {}

      at Object.log [as handleSubmit] (src/hooks/useRegistrationForm.ts:285:13)

    console.log
      [2026-02-08T19:37:10.807Z] Is rate limited: false

      at Object.log [as handleSubmit] (src/hooks/useRegistrationForm.ts:286:13)

    console.log
      [2026-02-08T19:37:10.807Z] Validation result: true

      at Object.log [as handleSubmit] (src/hooks/useRegistrationForm.ts:296:13)

    console.log
      [2026-02-08T19:37:10.807Z] ✅ Validation passed, proceeding with API call

      at Object.log [as handleSubmit] (src/hooks/useRegistrationForm.ts:303:13)

    console.log
      [2026-02-08T19:37:10.807Z] 📡 Calling API client register method

      at Object.log [as handleSubmit] (src/hooks/useRegistrationForm.ts:316:15)

    console.log
      [2026-02-08T19:37:10.807Z] API payload: {
        email: 'k.%gp^|1.rre.h1p81._2q9~o5$r.|lksc4z9q*n$.r+&2$?f1_eu.p/=9!9@znmzver.mq',
        name: '^3|v9S',
        password: '***REDACTED***'
      }

      at Object.log [as handleSubmit] (src/hooks/useRegistrationForm.ts:317:15)

    console.log
      [2026-02-08T19:37:10.807Z] ✅ API call successful

      at Object.log [as handleSubmit] (src/hooks/useRegistrationForm.ts:330:15)

    console.log
      [2026-02-08T19:37:10.807Z] ========== FORM SUBMISSION ENDED ==========

      at Object.log [as handleSubmit] (src/hooks/useRegistrationForm.ts:376:15)

    console.log
      ✅ preventDefault() called FIRST (stopPropagation also called if available)

      at Object.log [as handleSubmit] (src/hooks/useRegistrationForm.ts:277:13)

    console.log
      [2026-02-08T19:37:10.819Z] ========== FORM SUBMISSION STARTED ==========

      at Object.log [as handleSubmit] (src/hooks/useRegistrationForm.ts:280:13)

    console.log
      [2026-02-08T19:37:10.819Z] Event defaultPrevented: undefined

      at Object.log [as handleSubmit] (src/hooks/useRegistrationForm.ts:281:13)

    console.log
      [2026-02-08T19:37:10.819Z] Event type: undefined

      at Object.log [as handleSubmit] (src/hooks/useRegistrationForm.ts:282:13)

    console.log
      [2026-02-08T19:37:10.819Z] Event target: undefined

      at Object.log [as handleSubmit] (src/hooks/useRegistrationForm.ts:283:13)

    console.log
      [2026-02-08T19:37:10.819Z] Form data: {
        "fullName": "X^ugO_1",
        "email": "i#6e^|q``3.y{j2=.1i3=f?z_0m.$.$mk%0kk%4.1+3b2|.y3h%.3@occ3.lu",
        "password": "!9&C%&Qb",
        "confirmPassword": "!9&C%&Qb"
      }

      at Object.log [as handleSubmit] (src/hooks/useRegistrationForm.ts:284:13)

    console.log
      [2026-02-08T19:37:10.819Z] Current errors: {}

      at Object.log [as handleSubmit] (src/hooks/useRegistrationForm.ts:285:13)

    console.log
      [2026-02-08T19:37:10.819Z] Is rate limited: false

      at Object.log [as handleSubmit] (src/hooks/useRegistrationForm.ts:286:13)

    console.log
      [2026-02-08T19:37:10.819Z] Validation result: true

      at Object.log [as handleSubmit] (src/hooks/useRegistrationForm.ts:296:13)

    console.log
      [2026-02-08T19:37:10.819Z] ✅ Validation passed, proceeding with API call

      at Object.log [as handleSubmit] (src/hooks/useRegistrationForm.ts:303:13)

    console.log
      [2026-02-08T19:37:10.819Z] 📡 Calling API client register method

      at Object.log [as handleSubmit] (src/hooks/useRegistrationForm.ts:316:15)

    console.log
      [2026-02-08T19:37:10.819Z] API payload: {
        email: 'i#6e^|q``3.y{j2=.1i3=f?z_0m.$.$mk%0kk%4.1+3b2|.y3h%.3@occ3.lu',
        name: 'X^ugO_1',
        password: '***REDACTED***'
      }

      at Object.log [as handleSubmit] (src/hooks/useRegistrationForm.ts:317:15)

    console.log
      [2026-02-08T19:37:10.819Z] ✅ API call successful

      at Object.log [as handleSubmit] (src/hooks/useRegistrationForm.ts:330:15)

    console.log
      [2026-02-08T19:37:10.819Z] ========== FORM SUBMISSION ENDED ==========

      at Object.log [as handleSubmit] (src/hooks/useRegistrationForm.ts:376:15)

    console.log
      ✅ preventDefault() called FIRST (stopPropagation also called if available)

      at Object.log [as handleSubmit] (src/hooks/useRegistrationForm.ts:277:13)

    console.log
      [2026-02-08T19:37:10.824Z] ========== FORM SUBMISSION STARTED ==========

      at Object.log [as handleSubmit] (src/hooks/useRegistrationForm.ts:280:13)

    console.log
      [2026-02-08T19:37:10.824Z] Event defaultPrevented: undefined

      at Object.log [as handleSubmit] (src/hooks/useRegistrationForm.ts:281:13)

    console.log
      [2026-02-08T19:37:10.824Z] Event type: undefined

      at Object.log [as handleSubmit] (src/hooks/useRegistrationForm.ts:282:13)

    console.log
      [2026-02-08T19:37:10.824Z] Event target: undefined

      at Object.log [as handleSubmit] (src/hooks/useRegistrationForm.ts:283:13)

    console.log
      [2026-02-08T19:37:10.824Z] Form data: {
        "fullName": "RR7He;C`Iz",
        "email": "+{89%8m248.cdl`?'ep0b&@07.gi",
        "password": "O;o0I#u}",
        "confirmPassword": "O;o0I#u}"
      }

      at Object.log [as handleSubmit] (src/hooks/useRegistrationForm.ts:284:13)

    console.log
      [2026-02-08T19:37:10.824Z] Current errors: {}

      at Object.log [as handleSubmit] (src/hooks/useRegistrationForm.ts:285:13)

    console.log
      [2026-02-08T19:37:10.824Z] Is rate limited: false

      at Object.log [as handleSubmit] (src/hooks/useRegistrationForm.ts:286:13)

    console.log
      [2026-02-08T19:37:10.824Z] Validation result: true

      at Object.log [as handleSubmit] (src/hooks/useRegistrationForm.ts:296:13)

    console.log
      [2026-02-08T19:37:10.824Z] ✅ Validation passed, proceeding with API call

      at Object.log [as handleSubmit] (src/hooks/useRegistrationForm.ts:303:13)

    console.log
      [2026-02-08T19:37:10.824Z] 📡 Calling API client register method

      at Object.log [as handleSubmit] (src/hooks/useRegistrationForm.ts:316:15)

    console.log
      [2026-02-08T19:37:10.824Z] API payload: {
        email: "+{89%8m248.cdl`?'ep0b&@07.gi",
        name: 'RR7He;C`Iz',
        password: '***REDACTED***'
      }

      at Object.log [as handleSubmit] (src/hooks/useRegistrationForm.ts:317:15)

    console.log
      [2026-02-08T19:37:10.824Z] ✅ API call successful

      at Object.log [as handleSubmit] (src/hooks/useRegistrationForm.ts:330:15)

    console.log
      [2026-02-08T19:37:10.824Z] ========== FORM SUBMISSION ENDED ==========

      at Object.log [as handleSubmit] (src/hooks/useRegistrationForm.ts:376:15)

    console.log
      ✅ preventDefault() called FIRST (stopPropagation also called if available)

      at Object.log [as handleSubmit] (src/hooks/useRegistrationForm.ts:277:13)

    console.log
      [2026-02-08T19:37:10.829Z] ========== FORM SUBMISSION STARTED ==========

      at Object.log [as handleSubmit] (src/hooks/useRegistrationForm.ts:280:13)

    console.log
      [2026-02-08T19:37:10.829Z] Event defaultPrevented: undefined

      at Object.log [as handleSubmit] (src/hooks/useRegistrationForm.ts:281:13)

    console.log
      [2026-02-08T19:37:10.829Z] Event type: undefined

      at Object.log [as handleSubmit] (src/hooks/useRegistrationForm.ts:282:13)

    console.log
      [2026-02-08T19:37:10.829Z] Event target: undefined

      at Object.log [as handleSubmit] (src/hooks/useRegistrationForm.ts:283:13)

    console.log
      [2026-02-08T19:37:10.829Z] Form data: {
        "fullName": "`tE8h^^|^KI",
        "email": "u.~acml=.{t0j.tf0_'?c.j75z|x{5.p7&w5|.x1#{`ke_w*42.8cf3.m@9o-rr2n1w.isw21bm0k.gq",
        "password": "!R!AfjdSW*\\u\"@87&'rSN:gGT",
        "confirmPassword": "!R!AfjdSW*\\u\"@87&'rSN:gGT"
      }

      at Object.log [as handleSubmit] (src/hooks/useRegistrationForm.ts:284:13)

    console.log
      [2026-02-08T19:37:10.829Z] Current errors: {}

      at Object.log [as handleSubmit] (src/hooks/useRegistrationForm.ts:285:13)

    console.log
      [2026-02-08T19:37:10.829Z] Is rate limited: false

      at Object.log [as handleSubmit] (src/hooks/useRegistrationForm.ts:286:13)

    console.log
      [2026-02-08T19:37:10.829Z] Validation result: true

      at Object.log [as handleSubmit] (src/hooks/useRegistrationForm.ts:296:13)

    console.log
      [2026-02-08T19:37:10.829Z] ✅ Validation passed, proceeding with API call

      at Object.log [as handleSubmit] (src/hooks/useRegistrationForm.ts:303:13)

    console.log
      [2026-02-08T19:37:10.829Z] 📡 Calling API client register method

      at Object.log [as handleSubmit] (src/hooks/useRegistrationForm.ts:316:15)

    console.log
      [2026-02-08T19:37:10.829Z] API payload: {
        email: "u.~acml=.{t0j.tf0_'?c.j75z|x{5.p7&w5|.x1#{`ke_w*42.8cf3.m@9o-rr2n1w.isw21bm0k.gq",
        name: '`tE8h^^|^KI',
        password: '***REDACTED***'
      }

      at Object.log [as handleSubmit] (src/hooks/useRegistrationForm.ts:317:15)

    console.log
      [2026-02-08T19:37:10.829Z] ✅ API call successful

      at Object.log [as handleSubmit] (src/hooks/useRegistrationForm.ts:330:15)

    console.log
      [2026-02-08T19:37:10.829Z] ========== FORM SUBMISSION ENDED ==========

      at Object.log [as handleSubmit] (src/hooks/useRegistrationForm.ts:376:15)

    console.log
      ✅ preventDefault() called FIRST (stopPropagation also called if available)

      at Object.log [as handleSubmit] (src/hooks/useRegistrationForm.ts:277:13)

    console.log
      [2026-02-08T19:37:10.837Z] ========== FORM SUBMISSION STARTED ==========

      at Object.log [as handleSubmit] (src/hooks/useRegistrationForm.ts:280:13)

    console.log
      [2026-02-08T19:37:10.837Z] Event defaultPrevented: undefined

      at Object.log [as handleSubmit] (src/hooks/useRegistrationForm.ts:281:13)

    console.log
      [2026-02-08T19:37:10.837Z] Event type: undefined

      at Object.log [as handleSubmit] (src/hooks/useRegistrationForm.ts:282:13)

    console.log
      [2026-02-08T19:37:10.837Z] Event target: undefined

      at Object.log [as handleSubmit] (src/hooks/useRegistrationForm.ts:283:13)

    console.log
      [2026-02-08T19:37:10.837Z] Form data: {
        "fullName": "<sX)",
        "email": "8u@o.ka",
        "password": "P0b7kI%Il Gr\\2k^mo[MJ|",
        "confirmPassword": "P0b7kI%Il Gr\\2k^mo[MJ|"
      }

      at Object.log [as handleSubmit] (src/hooks/useRegistrationForm.ts:284:13)

    console.log
      [2026-02-08T19:37:10.837Z] Current errors: {}

      at Object.log [as handleSubmit] (src/hooks/useRegistrationForm.ts:285:13)

    console.log
      [2026-02-08T19:37:10.837Z] Is rate limited: false

      at Object.log [as handleSubmit] (src/hooks/useRegistrationForm.ts:286:13)

    console.log
      [2026-02-08T19:37:10.837Z] Validation result: true

      at Object.log [as handleSubmit] (src/hooks/useRegistrationForm.ts:296:13)

    console.log
      [2026-02-08T19:37:10.837Z] ✅ Validation passed, proceeding with API call

      at Object.log [as handleSubmit] (src/hooks/useRegistrationForm.ts:303:13)

    console.log
      [2026-02-08T19:37:10.837Z] 📡 Calling API client register method

      at Object.log [as handleSubmit] (src/hooks/useRegistrationForm.ts:316:15)

    console.log
      [2026-02-08T19:37:10.837Z] API payload: { email: '8u@o.ka', name: '<sX)', password: '***REDACTED***' }

      at Object.log [as handleSubmit] (src/hooks/useRegistrationForm.ts:317:15)

    console.log
      [2026-02-08T19:37:10.837Z] ✅ API call successful

      at Object.log [as handleSubmit] (src/hooks/useRegistrationForm.ts:330:15)

    console.log
      [2026-02-08T19:37:10.837Z] ========== FORM SUBMISSION ENDED ==========

      at Object.log [as handleSubmit] (src/hooks/useRegistrationForm.ts:376:15)

    console.log
      ✅ preventDefault() called FIRST (stopPropagation also called if available)

      at Object.log [as handleSubmit] (src/hooks/useRegistrationForm.ts:277:13)

    console.log
      [2026-02-08T19:37:10.844Z] ========== FORM SUBMISSION STARTED ==========

      at Object.log [as handleSubmit] (src/hooks/useRegistrationForm.ts:280:13)

    console.log
      [2026-02-08T19:37:10.844Z] Event defaultPrevented: undefined

      at Object.log [as handleSubmit] (src/hooks/useRegistrationForm.ts:281:13)

    console.log
      [2026-02-08T19:37:10.844Z] Event type: undefined

      at Object.log [as handleSubmit] (src/hooks/useRegistrationForm.ts:282:13)

    console.log
      [2026-02-08T19:37:10.844Z] Event target: undefined

      at Object.log [as handleSubmit] (src/hooks/useRegistrationForm.ts:283:13)

    console.log
      [2026-02-08T19:37:10.844Z] Form data: {
        "fullName": ")K*oL9ZB7bs5Pc",
        "email": "?++`@5l.iq",
        "password": "!%Pp\\g4]75<",
        "confirmPassword": "!%Pp\\g4]75<"
      }

      at Object.log [as handleSubmit] (src/hooks/useRegistrationForm.ts:284:13)

    console.log
      [2026-02-08T19:37:10.844Z] Current errors: {}

      at Object.log [as handleSubmit] (src/hooks/useRegistrationForm.ts:285:13)

    console.log
      [2026-02-08T19:37:10.844Z] Is rate limited: false

      at Object.log [as handleSubmit] (src/hooks/useRegistrationForm.ts:286:13)

    console.log
      [2026-02-08T19:37:10.844Z] Validation result: true

      at Object.log [as handleSubmit] (src/hooks/useRegistrationForm.ts:296:13)

    console.log
      [2026-02-08T19:37:10.844Z] ✅ Validation passed, proceeding with API call

      at Object.log [as handleSubmit] (src/hooks/useRegistrationForm.ts:303:13)

    console.log
      [2026-02-08T19:37:10.844Z] 📡 Calling API client register method

      at Object.log [as handleSubmit] (src/hooks/useRegistrationForm.ts:316:15)

    console.log
      [2026-02-08T19:37:10.844Z] API payload: {
        email: '?++`@5l.iq',
        name: ')K*oL9ZB7bs5Pc',
        password: '***REDACTED***'
      }

      at Object.log [as handleSubmit] (src/hooks/useRegistrationForm.ts:317:15)

    console.log
      [2026-02-08T19:37:10.844Z] ✅ API call successful

      at Object.log [as handleSubmit] (src/hooks/useRegistrationForm.ts:330:15)

    console.log
      [2026-02-08T19:37:10.844Z] ========== FORM SUBMISSION ENDED ==========

      at Object.log [as handleSubmit] (src/hooks/useRegistrationForm.ts:376:15)

    console.log
      ✅ preventDefault() called FIRST (stopPropagation also called if available)

      at Object.log [as handleSubmit] (src/hooks/useRegistrationForm.ts:277:13)

    console.log
      [2026-02-08T19:37:10.850Z] ========== FORM SUBMISSION STARTED ==========

      at Object.log [as handleSubmit] (src/hooks/useRegistrationForm.ts:280:13)

    console.log
      [2026-02-08T19:37:10.850Z] Event defaultPrevented: undefined

      at Object.log [as handleSubmit] (src/hooks/useRegistrationForm.ts:281:13)

    console.log
      [2026-02-08T19:37:10.850Z] Event type: undefined

      at Object.log [as handleSubmit] (src/hooks/useRegistrationForm.ts:282:13)

    console.log
      [2026-02-08T19:37:10.850Z] Event target: undefined

      at Object.log [as handleSubmit] (src/hooks/useRegistrationForm.ts:283:13)

    console.log
      [2026-02-08T19:37:10.850Z] Form data: {
        "fullName": "0;?+]?Ht](}",
        "email": "#vcw^+u*2/.p3.hk7^h&k.~e0orpn.du27.i{6_98yx$j.ebm^@e8oq8d.xx",
        "password": "c>g_(=p# ;ouA7w",
        "confirmPassword": "c>g_(=p# ;ouA7w"
      }

      at Object.log [as handleSubmit] (src/hooks/useRegistrationForm.ts:284:13)

    console.log
      [2026-02-08T19:37:10.850Z] Current errors: {}

      at Object.log [as handleSubmit] (src/hooks/useRegistrationForm.ts:285:13)

    console.log
      [2026-02-08T19:37:10.850Z] Is rate limited: false

      at Object.log [as handleSubmit] (src/hooks/useRegistrationForm.ts:286:13)

    console.log
      [2026-02-08T19:37:10.850Z] Validation result: true

      at Object.log [as handleSubmit] (src/hooks/useRegistrationForm.ts:296:13)

    console.log
      [2026-02-08T19:37:10.850Z] ✅ Validation passed, proceeding with API call

      at Object.log [as handleSubmit] (src/hooks/useRegistrationForm.ts:303:13)

    console.log
      [2026-02-08T19:37:10.850Z] 📡 Calling API client register method

      at Object.log [as handleSubmit] (src/hooks/useRegistrationForm.ts:316:15)

    console.log
      [2026-02-08T19:37:10.850Z] API payload: {
        email: '#vcw^+u*2/.p3.hk7^h&k.~e0orpn.du27.i{6_98yx$j.ebm^@e8oq8d.xx',
        name: '0;?+]?Ht](}',
        password: '***REDACTED***'
      }

      at Object.log [as handleSubmit] (src/hooks/useRegistrationForm.ts:317:15)

    console.log
      [2026-02-08T19:37:10.850Z] ✅ API call successful

      at Object.log [as handleSubmit] (src/hooks/useRegistrationForm.ts:330:15)

    console.log
      [2026-02-08T19:37:10.850Z] ========== FORM SUBMISSION ENDED ==========

      at Object.log [as handleSubmit] (src/hooks/useRegistrationForm.ts:376:15)

    console.log
      ✅ preventDefault() called FIRST (stopPropagation also called if available)

      at Object.log [as handleSubmit] (src/hooks/useRegistrationForm.ts:277:13)

    console.log
      [2026-02-08T19:37:10.856Z] ========== FORM SUBMISSION STARTED ==========

      at Object.log [as handleSubmit] (src/hooks/useRegistrationForm.ts:280:13)

    console.log
      [2026-02-08T19:37:10.856Z] Event defaultPrevented: undefined

      at Object.log [as handleSubmit] (src/hooks/useRegistrationForm.ts:281:13)

    console.log
      [2026-02-08T19:37:10.856Z] Event type: undefined

      at Object.log [as handleSubmit] (src/hooks/useRegistrationForm.ts:282:13)

    console.log
      [2026-02-08T19:37:10.856Z] Event target: undefined

      at Object.log [as handleSubmit] (src/hooks/useRegistrationForm.ts:283:13)

    console.log
      [2026-02-08T19:37:10.856Z] Form data: {
        "fullName": "5D$i",
        "email": "v5.#@9p.hwr14u6.zzs",
        "password": "HC}pRF5Y",
        "confirmPassword": "HC}pRF5Y"
      }

      at Object.log [as handleSubmit] (src/hooks/useRegistrationForm.ts:284:13)

    console.log
      [2026-02-08T19:37:10.856Z] Current errors: {}

      at Object.log [as handleSubmit] (src/hooks/useRegistrationForm.ts:285:13)

    console.log
      [2026-02-08T19:37:10.856Z] Is rate limited: false

      at Object.log [as handleSubmit] (src/hooks/useRegistrationForm.ts:286:13)

    console.log
      [2026-02-08T19:37:10.856Z] Validation result: true

      at Object.log [as handleSubmit] (src/hooks/useRegistrationForm.ts:296:13)

    console.log
      [2026-02-08T19:37:10.856Z] ✅ Validation passed, proceeding with API call

      at Object.log [as handleSubmit] (src/hooks/useRegistrationForm.ts:303:13)

    console.log
      [2026-02-08T19:37:10.856Z] 📡 Calling API client register method

      at Object.log [as handleSubmit] (src/hooks/useRegistrationForm.ts:316:15)

    console.log
      [2026-02-08T19:37:10.856Z] API payload: {
        email: 'v5.#@9p.hwr14u6.zzs',
        name: '5D$i',
        password: '***REDACTED***'
      }

      at Object.log [as handleSubmit] (src/hooks/useRegistrationForm.ts:317:15)

    console.log
      [2026-02-08T19:37:10.856Z] ✅ API call successful

      at Object.log [as handleSubmit] (src/hooks/useRegistrationForm.ts:330:15)

    console.log
      [2026-02-08T19:37:10.856Z] ========== FORM SUBMISSION ENDED ==========

      at Object.log [as handleSubmit] (src/hooks/useRegistrationForm.ts:376:15)

    console.log
      ✅ preventDefault() called FIRST (stopPropagation also called if available)

      at Object.log [as handleSubmit] (src/hooks/useRegistrationForm.ts:277:13)

    console.log
      [2026-02-08T19:37:10.869Z] ========== FORM SUBMISSION STARTED ==========

      at Object.log [as handleSubmit] (src/hooks/useRegistrationForm.ts:280:13)

    console.log
      [2026-02-08T19:37:10.869Z] Event defaultPrevented: undefined

      at Object.log [as handleSubmit] (src/hooks/useRegistrationForm.ts:281:13)

    console.log
      [2026-02-08T19:37:10.869Z] Event type: undefined

      at Object.log [as handleSubmit] (src/hooks/useRegistrationForm.ts:282:13)

    console.log
      [2026-02-08T19:37:10.869Z] Event target: undefined

      at Object.log [as handleSubmit] (src/hooks/useRegistrationForm.ts:283:13)

    console.log
      [2026-02-08T19:37:10.869Z] Form data: {
        "fullName": "p{cqprt  IJ",
        "email": "=~1w|#}gtme8@7hswbp.na",
        "password": "PtE<UuSTxl[tQqqvW6",
        "confirmPassword": "PtE<UuSTxl[tQqqvW6"
      }

      at Object.log [as handleSubmit] (src/hooks/useRegistrationForm.ts:284:13)

    console.log
      [2026-02-08T19:37:10.869Z] Current errors: {}

      at Object.log [as handleSubmit] (src/hooks/useRegistrationForm.ts:285:13)

    console.log
      [2026-02-08T19:37:10.869Z] Is rate limited: false

      at Object.log [as handleSubmit] (src/hooks/useRegistrationForm.ts:286:13)

    console.log
      [2026-02-08T19:37:10.869Z] Validation result: true

      at Object.log [as handleSubmit] (src/hooks/useRegistrationForm.ts:296:13)

    console.log
      [2026-02-08T19:37:10.869Z] ✅ Validation passed, proceeding with API call

      at Object.log [as handleSubmit] (src/hooks/useRegistrationForm.ts:303:13)

    console.log
      [2026-02-08T19:37:10.869Z] 📡 Calling API client register method

      at Object.log [as handleSubmit] (src/hooks/useRegistrationForm.ts:316:15)

    console.log
      [2026-02-08T19:37:10.869Z] API payload: {
        email: '=~1w|#}gtme8@7hswbp.na',
        name: 'p{cqprt  IJ',
        password: '***REDACTED***'
      }

      at Object.log [as handleSubmit] (src/hooks/useRegistrationForm.ts:317:15)

    console.log
      [2026-02-08T19:37:10.869Z] ✅ API call successful

      at Object.log [as handleSubmit] (src/hooks/useRegistrationForm.ts:330:15)

    console.log
      [2026-02-08T19:37:10.869Z] ========== FORM SUBMISSION ENDED ==========

      at Object.log [as handleSubmit] (src/hooks/useRegistrationForm.ts:376:15)

    console.log
      ✅ preventDefault() called FIRST (stopPropagation also called if available)

      at Object.log [as handleSubmit] (src/hooks/useRegistrationForm.ts:277:13)

    console.log
      [2026-02-08T19:37:10.885Z] ========== FORM SUBMISSION STARTED ==========

      at Object.log [as handleSubmit] (src/hooks/useRegistrationForm.ts:280:13)

    console.log
      [2026-02-08T19:37:10.885Z] Event defaultPrevented: undefined

      at Object.log [as handleSubmit] (src/hooks/useRegistrationForm.ts:281:13)

    console.log
      [2026-02-08T19:37:10.885Z] Event type: undefined

      at Object.log [as handleSubmit] (src/hooks/useRegistrationForm.ts:282:13)

    console.log
      [2026-02-08T19:37:10.885Z] Event target: undefined

      at Object.log [as handleSubmit] (src/hooks/useRegistrationForm.ts:283:13)

    console.log
      [2026-02-08T19:37:10.885Z] Form data: {
        "fullName": "N__lookupGe",
        "email": "s18kx-'co=u.b~6qt^r!/9.65r.#g&j34*a.#8e.~/~vso?ooqs.o=_7*@3b7ka.pdo",
        "password": "M<2I0Cg%%Qzo&2rM;!Y",
        "confirmPassword": "M<2I0Cg%%Qzo&2rM;!Y"
      }

      at Object.log [as handleSubmit] (src/hooks/useRegistrationForm.ts:284:13)

    console.log
      [2026-02-08T19:37:10.885Z] Current errors: {}

      at Object.log [as handleSubmit] (src/hooks/useRegistrationForm.ts:285:13)

    console.log
      [2026-02-08T19:37:10.885Z] Is rate limited: false

      at Object.log [as handleSubmit] (src/hooks/useRegistrationForm.ts:286:13)

    console.log
      [2026-02-08T19:37:10.885Z] Validation result: true

      at Object.log [as handleSubmit] (src/hooks/useRegistrationForm.ts:296:13)

    console.log
      [2026-02-08T19:37:10.885Z] ✅ Validation passed, proceeding with API call

      at Object.log [as handleSubmit] (src/hooks/useRegistrationForm.ts:303:13)

    console.log
      [2026-02-08T19:37:10.885Z] 📡 Calling API client register method

      at Object.log [as handleSubmit] (src/hooks/useRegistrationForm.ts:316:15)

    console.log
      [2026-02-08T19:37:10.885Z] API payload: {
        email: "s18kx-'co=u.b~6qt^r!/9.65r.#g&j34*a.#8e.~/~vso?ooqs.o=_7*@3b7ka.pdo",
        name: 'N__lookupGe',
        password: '***REDACTED***'
      }

      at Object.log [as handleSubmit] (src/hooks/useRegistrationForm.ts:317:15)

    console.log
      [2026-02-08T19:37:10.885Z] ✅ API call successful

      at Object.log [as handleSubmit] (src/hooks/useRegistrationForm.ts:330:15)

    console.log
      [2026-02-08T19:37:10.885Z] ========== FORM SUBMISSION ENDED ==========

      at Object.log [as handleSubmit] (src/hooks/useRegistrationForm.ts:376:15)

    console.log
      ✅ preventDefault() called FIRST (stopPropagation also called if available)

      at Object.log [as handleSubmit] (src/hooks/useRegistrationForm.ts:277:13)

    console.log
      [2026-02-08T19:37:10.889Z] ========== FORM SUBMISSION STARTED ==========

      at Object.log [as handleSubmit] (src/hooks/useRegistrationForm.ts:280:13)

    console.log
      [2026-02-08T19:37:10.889Z] Event defaultPrevented: undefined

      at Object.log [as handleSubmit] (src/hooks/useRegistrationForm.ts:281:13)

    console.log
      [2026-02-08T19:37:10.889Z] Event type: undefined

      at Object.log [as handleSubmit] (src/hooks/useRegistrationForm.ts:282:13)

    console.log
      [2026-02-08T19:37:10.889Z] Event target: undefined

      at Object.log [as handleSubmit] (src/hooks/useRegistrationForm.ts:283:13)

    console.log
      [2026-02-08T19:37:10.889Z] Form data: {
        "fullName": "YV; wD[m^pcY</",
        "email": "y*a}~0.i|jnvge2.g6p%o^zd9i2.q'h*1}6&.%ngt%++/.cw/{k6wd'pi4.%ub@hh08-ngywqw.vdk",
        "password": "x#5 ~Gk8~,\"",
        "confirmPassword": "x#5 ~Gk8~,\""
      }

      at Object.log [as handleSubmit] (src/hooks/useRegistrationForm.ts:284:13)

    console.log
      [2026-02-08T19:37:10.889Z] Current errors: {}

      at Object.log [as handleSubmit] (src/hooks/useRegistrationForm.ts:285:13)

    console.log
      [2026-02-08T19:37:10.889Z] Is rate limited: false

      at Object.log [as handleSubmit] (src/hooks/useRegistrationForm.ts:286:13)

    console.log
      [2026-02-08T19:37:10.889Z] Validation result: true

      at Object.log [as handleSubmit] (src/hooks/useRegistrationForm.ts:296:13)

    console.log
      [2026-02-08T19:37:10.889Z] ✅ Validation passed, proceeding with API call

      at Object.log [as handleSubmit] (src/hooks/useRegistrationForm.ts:303:13)

    console.log
      [2026-02-08T19:37:10.889Z] 📡 Calling API client register method

      at Object.log [as handleSubmit] (src/hooks/useRegistrationForm.ts:316:15)

    console.log
      [2026-02-08T19:37:10.889Z] API payload: {
        email: "y*a}~0.i|jnvge2.g6p%o^zd9i2.q'h*1}6&.%ngt%++/.cw/{k6wd'pi4.%ub@hh08-ngywqw.vdk",
        name: 'YV; wD[m^pcY</',
        password: '***REDACTED***'
      }

      at Object.log [as handleSubmit] (src/hooks/useRegistrationForm.ts:317:15)

    console.log
      [2026-02-08T19:37:10.889Z] ✅ API call successful

      at Object.log [as handleSubmit] (src/hooks/useRegistrationForm.ts:330:15)

    console.log
      [2026-02-08T19:37:10.889Z] ========== FORM SUBMISSION ENDED ==========

      at Object.log [as handleSubmit] (src/hooks/useRegistrationForm.ts:376:15)

    console.log
      ✅ preventDefault() called FIRST (stopPropagation also called if available)

      at Object.log [as handleSubmit] (src/hooks/useRegistrationForm.ts:277:13)

    console.log
      [2026-02-08T19:37:10.893Z] ========== FORM SUBMISSION STARTED ==========

      at Object.log [as handleSubmit] (src/hooks/useRegistrationForm.ts:280:13)

    console.log
      [2026-02-08T19:37:10.893Z] Event defaultPrevented: undefined

      at Object.log [as handleSubmit] (src/hooks/useRegistrationForm.ts:281:13)

    console.log
      [2026-02-08T19:37:10.893Z] Event type: undefined

      at Object.log [as handleSubmit] (src/hooks/useRegistrationForm.ts:282:13)

    console.log
      [2026-02-08T19:37:10.893Z] Event target: undefined

      at Object.log [as handleSubmit] (src/hooks/useRegistrationForm.ts:283:13)

    console.log
      [2026-02-08T19:37:10.893Z] Form data: {
        "fullName": ":{3h&FG#$",
        "email": "!fe{7&}4w.2b/a~8x&4e.+r??^?pw./@d4.mnb8nwjdoyf.ue",
        "password": "]b`q5QZx^`,=*3(P",
        "confirmPassword": "]b`q5QZx^`,=*3(P"
      }

      at Object.log [as handleSubmit] (src/hooks/useRegistrationForm.ts:284:13)

    console.log
      [2026-02-08T19:37:10.893Z] Current errors: {}

      at Object.log [as handleSubmit] (src/hooks/useRegistrationForm.ts:285:13)

    console.log
      [2026-02-08T19:37:10.893Z] Is rate limited: false

      at Object.log [as handleSubmit] (src/hooks/useRegistrationForm.ts:286:13)

    console.log
      [2026-02-08T19:37:10.893Z] Validation result: true

      at Object.log [as handleSubmit] (src/hooks/useRegistrationForm.ts:296:13)

    console.log
      [2026-02-08T19:37:10.893Z] ✅ Validation passed, proceeding with API call

      at Object.log [as handleSubmit] (src/hooks/useRegistrationForm.ts:303:13)

    console.log
      [2026-02-08T19:37:10.893Z] 📡 Calling API client register method

      at Object.log [as handleSubmit] (src/hooks/useRegistrationForm.ts:316:15)

    console.log
      [2026-02-08T19:37:10.893Z] API payload: {
        email: '!fe{7&}4w.2b/a~8x&4e.+r??^?pw./@d4.mnb8nwjdoyf.ue',
        name: ':{3h&FG#$',
        password: '***REDACTED***'
      }

      at Object.log [as handleSubmit] (src/hooks/useRegistrationForm.ts:317:15)

    console.log
      [2026-02-08T19:37:10.893Z] ✅ API call successful

      at Object.log [as handleSubmit] (src/hooks/useRegistrationForm.ts:330:15)

    console.log
      [2026-02-08T19:37:10.893Z] ========== FORM SUBMISSION ENDED ==========

      at Object.log [as handleSubmit] (src/hooks/useRegistrationForm.ts:376:15)

    console.log
      ✅ preventDefault() called FIRST (stopPropagation also called if available)

      at Object.log [as handleSubmit] (src/hooks/useRegistrationForm.ts:277:13)

    console.log
      [2026-02-08T19:37:10.900Z] ========== FORM SUBMISSION STARTED ==========

      at Object.log [as handleSubmit] (src/hooks/useRegistrationForm.ts:280:13)

    console.log
      [2026-02-08T19:37:10.900Z] Event defaultPrevented: undefined

      at Object.log [as handleSubmit] (src/hooks/useRegistrationForm.ts:281:13)

    console.log
      [2026-02-08T19:37:10.900Z] Event type: undefined

      at Object.log [as handleSubmit] (src/hooks/useRegistrationForm.ts:282:13)

    console.log
      [2026-02-08T19:37:10.900Z] Event target: undefined

      at Object.log [as handleSubmit] (src/hooks/useRegistrationForm.ts:283:13)

    console.log
      [2026-02-08T19:37:10.900Z] Form data: {
        "fullName": "%EVqXf",
        "email": "p?j.064o/.miew$t&*tt._cx.9?&.w*q+tsmdp7?g.58tk}c_vr.he.a'%~#}@em1echtqh.m.ae",
        "password": "V8~,\"\"'_p{b",
        "confirmPassword": "V8~,\"\"'_p{b"
      }

      at Object.log [as handleSubmit] (src/hooks/useRegistrationForm.ts:284:13)

    console.log
      [2026-02-08T19:37:10.900Z] Current errors: {}

      at Object.log [as handleSubmit] (src/hooks/useRegistrationForm.ts:285:13)

    console.log
      [2026-02-08T19:37:10.900Z] Is rate limited: false

      at Object.log [as handleSubmit] (src/hooks/useRegistrationForm.ts:286:13)

    console.log
      [2026-02-08T19:37:10.900Z] Validation result: true

      at Object.log [as handleSubmit] (src/hooks/useRegistrationForm.ts:296:13)

    console.log
      [2026-02-08T19:37:10.900Z] ✅ Validation passed, proceeding with API call

      at Object.log [as handleSubmit] (src/hooks/useRegistrationForm.ts:303:13)

    console.log
      [2026-02-08T19:37:10.900Z] 📡 Calling API client register method

      at Object.log [as handleSubmit] (src/hooks/useRegistrationForm.ts:316:15)

    console.log
      [2026-02-08T19:37:10.900Z] API payload: {
        email: "p?j.064o/.miew$t&*tt._cx.9?&.w*q+tsmdp7?g.58tk}c_vr.he.a'%~#}@em1echtqh.m.ae",
        name: '%EVqXf',
        password: '***REDACTED***'
      }

      at Object.log [as handleSubmit] (src/hooks/useRegistrationForm.ts:317:15)

    console.log
      [2026-02-08T19:37:10.900Z] ✅ API call successful

      at Object.log [as handleSubmit] (src/hooks/useRegistrationForm.ts:330:15)

    console.log
      [2026-02-08T19:37:10.900Z] ========== FORM SUBMISSION ENDED ==========

      at Object.log [as handleSubmit] (src/hooks/useRegistrationForm.ts:376:15)

    console.log
      ✅ preventDefault() called FIRST (stopPropagation also called if available)

      at Object.log [as handleSubmit] (src/hooks/useRegistrationForm.ts:277:13)

    console.log
      [2026-02-08T19:37:10.909Z] ========== FORM SUBMISSION STARTED ==========

      at Object.log [as handleSubmit] (src/hooks/useRegistrationForm.ts:280:13)

    console.log
      [2026-02-08T19:37:10.909Z] Event defaultPrevented: undefined

      at Object.log [as handleSubmit] (src/hooks/useRegistrationForm.ts:281:13)

    console.log
      [2026-02-08T19:37:10.909Z] Event type: undefined

      at Object.log [as handleSubmit] (src/hooks/useRegistrationForm.ts:282:13)

    console.log
      [2026-02-08T19:37:10.909Z] Event target: undefined

      at Object.log [as handleSubmit] (src/hooks/useRegistrationForm.ts:283:13)

    console.log
      [2026-02-08T19:37:10.909Z] Form data: {
        "fullName": "[0w",
        "email": "~{m51a6.q/0kog@71oytvggdy.u.abe",
        "password": "@A;iE\"'|\"[%#bVK}y3|",
        "confirmPassword": "@A;iE\"'|\"[%#bVK}y3|"
      }

      at Object.log [as handleSubmit] (src/hooks/useRegistrationForm.ts:284:13)

    console.log
      [2026-02-08T19:37:10.909Z] Current errors: {}

      at Object.log [as handleSubmit] (src/hooks/useRegistrationForm.ts:285:13)

    console.log
      [2026-02-08T19:37:10.909Z] Is rate limited: false

      at Object.log [as handleSubmit] (src/hooks/useRegistrationForm.ts:286:13)

    console.log
      [2026-02-08T19:37:10.909Z] Validation result: true

      at Object.log [as handleSubmit] (src/hooks/useRegistrationForm.ts:296:13)

    console.log
      [2026-02-08T19:37:10.909Z] ✅ Validation passed, proceeding with API call

      at Object.log [as handleSubmit] (src/hooks/useRegistrationForm.ts:303:13)

    console.log
      [2026-02-08T19:37:10.909Z] 📡 Calling API client register method

      at Object.log [as handleSubmit] (src/hooks/useRegistrationForm.ts:316:15)

    console.log
      [2026-02-08T19:37:10.909Z] API payload: {
        email: '~{m51a6.q/0kog@71oytvggdy.u.abe',
        name: '[0w',
        password: '***REDACTED***'
      }

      at Object.log [as handleSubmit] (src/hooks/useRegistrationForm.ts:317:15)

    console.log
      [2026-02-08T19:37:10.909Z] ✅ API call successful

      at Object.log [as handleSubmit] (src/hooks/useRegistrationForm.ts:330:15)

    console.log
      [2026-02-08T19:37:10.909Z] ========== FORM SUBMISSION ENDED ==========

      at Object.log [as handleSubmit] (src/hooks/useRegistrationForm.ts:376:15)

    console.log
      ✅ preventDefault() called FIRST (stopPropagation also called if available)

      at Object.log [as handleSubmit] (src/hooks/useRegistrationForm.ts:277:13)

    console.log
      [2026-02-08T19:37:10.915Z] ========== FORM SUBMISSION STARTED ==========

      at Object.log [as handleSubmit] (src/hooks/useRegistrationForm.ts:280:13)

    console.log
      [2026-02-08T19:37:10.915Z] Event defaultPrevented: undefined

      at Object.log [as handleSubmit] (src/hooks/useRegistrationForm.ts:281:13)

    console.log
      [2026-02-08T19:37:10.915Z] Event type: undefined

      at Object.log [as handleSubmit] (src/hooks/useRegistrationForm.ts:282:13)

    console.log
      [2026-02-08T19:37:10.915Z] Event target: undefined

      at Object.log [as handleSubmit] (src/hooks/useRegistrationForm.ts:283:13)

    console.log
      [2026-02-08T19:37:10.915Z] Form data: {
        "fullName": "IR",
        "email": "qsb'_o.th832?o#6.'jqq`t!+_.=7=@vlas.ow",
        "password": "xSc{H|2f4v! !k!6|4:y",
        "confirmPassword": "xSc{H|2f4v! !k!6|4:y"
      }

      at Object.log [as handleSubmit] (src/hooks/useRegistrationForm.ts:284:13)

    console.log
      [2026-02-08T19:37:10.915Z] Current errors: {}

      at Object.log [as handleSubmit] (src/hooks/useRegistrationForm.ts:285:13)

    console.log
      [2026-02-08T19:37:10.915Z] Is rate limited: false

      at Object.log [as handleSubmit] (src/hooks/useRegistrationForm.ts:286:13)

    console.log
      [2026-02-08T19:37:10.915Z] Validation result: true

      at Object.log [as handleSubmit] (src/hooks/useRegistrationForm.ts:296:13)

    console.log
      [2026-02-08T19:37:10.915Z] ✅ Validation passed, proceeding with API call

      at Object.log [as handleSubmit] (src/hooks/useRegistrationForm.ts:303:13)

    console.log
      [2026-02-08T19:37:10.915Z] 📡 Calling API client register method

      at Object.log [as handleSubmit] (src/hooks/useRegistrationForm.ts:316:15)

    console.log
      [2026-02-08T19:37:10.915Z] API payload: {
        email: "qsb'_o.th832?o#6.'jqq`t!+_.=7=@vlas.ow",
        name: 'IR',
        password: '***REDACTED***'
      }

      at Object.log [as handleSubmit] (src/hooks/useRegistrationForm.ts:317:15)

    console.log
      [2026-02-08T19:37:10.915Z] ✅ API call successful

      at Object.log [as handleSubmit] (src/hooks/useRegistrationForm.ts:330:15)

    console.log
      [2026-02-08T19:37:10.915Z] ========== FORM SUBMISSION ENDED ==========

      at Object.log [as handleSubmit] (src/hooks/useRegistrationForm.ts:376:15)

    console.log
      ✅ preventDefault() called FIRST (stopPropagation also called if available)

      at Object.log [as handleSubmit] (src/hooks/useRegistrationForm.ts:277:13)

    console.log
      [2026-02-08T19:37:10.921Z] ========== FORM SUBMISSION STARTED ==========

      at Object.log [as handleSubmit] (src/hooks/useRegistrationForm.ts:280:13)

    console.log
      [2026-02-08T19:37:10.921Z] Event defaultPrevented: undefined

      at Object.log [as handleSubmit] (src/hooks/useRegistrationForm.ts:281:13)

    console.log
      [2026-02-08T19:37:10.921Z] Event type: undefined

      at Object.log [as handleSubmit] (src/hooks/useRegistrationForm.ts:282:13)

    console.log
      [2026-02-08T19:37:10.921Z] Event target: undefined

      at Object.log [as handleSubmit] (src/hooks/useRegistrationForm.ts:283:13)

    console.log
      [2026-02-08T19:37:10.921Z] Form data: {
        "fullName": "!elO",
        "email": "a.tn.vg|'6.9go+o.1lp^$/utq^k@k.jlo7hs2zy.ab",
        "password": "\"g]xz7,l;Urn=<VU_I9.g@@|`D",
        "confirmPassword": "\"g]xz7,l;Urn=<VU_I9.g@@|`D"
      }

      at Object.log [as handleSubmit] (src/hooks/useRegistrationForm.ts:284:13)

    console.log
      [2026-02-08T19:37:10.921Z] Current errors: {}

      at Object.log [as handleSubmit] (src/hooks/useRegistrationForm.ts:285:13)

    console.log
      [2026-02-08T19:37:10.921Z] Is rate limited: false

      at Object.log [as handleSubmit] (src/hooks/useRegistrationForm.ts:286:13)

    console.log
      [2026-02-08T19:37:10.921Z] Validation result: true

      at Object.log [as handleSubmit] (src/hooks/useRegistrationForm.ts:296:13)

    console.log
      [2026-02-08T19:37:10.921Z] ✅ Validation passed, proceeding with API call

      at Object.log [as handleSubmit] (src/hooks/useRegistrationForm.ts:303:13)

    console.log
      [2026-02-08T19:37:10.921Z] 📡 Calling API client register method

      at Object.log [as handleSubmit] (src/hooks/useRegistrationForm.ts:316:15)

    console.log
      [2026-02-08T19:37:10.921Z] API payload: {
        email: "a.tn.vg|'6.9go+o.1lp^$/utq^k@k.jlo7hs2zy.ab",
        name: '!elO',
        password: '***REDACTED***'
      }

      at Object.log [as handleSubmit] (src/hooks/useRegistrationForm.ts:317:15)

    console.log
      [2026-02-08T19:37:10.921Z] ✅ API call successful

      at Object.log [as handleSubmit] (src/hooks/useRegistrationForm.ts:330:15)

    console.log
      [2026-02-08T19:37:10.921Z] ========== FORM SUBMISSION ENDED ==========

      at Object.log [as handleSubmit] (src/hooks/useRegistrationForm.ts:376:15)

    console.log
      ✅ preventDefault() called FIRST (stopPropagation also called if available)

      at Object.log [as handleSubmit] (src/hooks/useRegistrationForm.ts:277:13)

    console.log
      [2026-02-08T19:37:10.935Z] ========== FORM SUBMISSION STARTED ==========

      at Object.log [as handleSubmit] (src/hooks/useRegistrationForm.ts:280:13)

    console.log
      [2026-02-08T19:37:10.935Z] Event defaultPrevented: undefined

      at Object.log [as handleSubmit] (src/hooks/useRegistrationForm.ts:281:13)

    console.log
      [2026-02-08T19:37:10.935Z] Event type: undefined

      at Object.log [as handleSubmit] (src/hooks/useRegistrationForm.ts:282:13)

    console.log
      [2026-02-08T19:37:10.935Z] Event target: undefined

      at Object.log [as handleSubmit] (src/hooks/useRegistrationForm.ts:283:13)

    console.log
      [2026-02-08T19:37:10.935Z] Form data: {
        "fullName": "nz",
        "email": "1|@3.jku",
        "password": "vC4$fYm!%c\":;z#g@f&uKi\"x}",
        "confirmPassword": "vC4$fYm!%c\":;z#g@f&uKi\"x}"
      }

      at Object.log [as handleSubmit] (src/hooks/useRegistrationForm.ts:284:13)

    console.log
      [2026-02-08T19:37:10.935Z] Current errors: {}

      at Object.log [as handleSubmit] (src/hooks/useRegistrationForm.ts:285:13)

    console.log
      [2026-02-08T19:37:10.935Z] Is rate limited: false

      at Object.log [as handleSubmit] (src/hooks/useRegistrationForm.ts:286:13)

    console.log
      [2026-02-08T19:37:10.935Z] Validation result: true

      at Object.log [as handleSubmit] (src/hooks/useRegistrationForm.ts:296:13)

    console.log
      [2026-02-08T19:37:10.935Z] ✅ Validation passed, proceeding with API call

      at Object.log [as handleSubmit] (src/hooks/useRegistrationForm.ts:303:13)

    console.log
      [2026-02-08T19:37:10.935Z] 📡 Calling API client register method

      at Object.log [as handleSubmit] (src/hooks/useRegistrationForm.ts:316:15)

    console.log
      [2026-02-08T19:37:10.935Z] API payload: { email: '1|@3.jku', name: 'nz', password: '***REDACTED***' }

      at Object.log [as handleSubmit] (src/hooks/useRegistrationForm.ts:317:15)

    console.log
      [2026-02-08T19:37:10.935Z] ✅ API call successful

      at Object.log [as handleSubmit] (src/hooks/useRegistrationForm.ts:330:15)

    console.log
      [2026-02-08T19:37:10.935Z] ========== FORM SUBMISSION ENDED ==========

      at Object.log [as handleSubmit] (src/hooks/useRegistrationForm.ts:376:15)

    console.log
      ✅ preventDefault() called FIRST (stopPropagation also called if available)

      at Object.log [as handleSubmit] (src/hooks/useRegistrationForm.ts:277:13)

    console.log
      [2026-02-08T19:37:10.950Z] ========== FORM SUBMISSION STARTED ==========

      at Object.log [as handleSubmit] (src/hooks/useRegistrationForm.ts:280:13)

    console.log
      [2026-02-08T19:37:10.950Z] Event defaultPrevented: undefined

      at Object.log [as handleSubmit] (src/hooks/useRegistrationForm.ts:281:13)

    console.log
      [2026-02-08T19:37:10.950Z] Event type: undefined

      at Object.log [as handleSubmit] (src/hooks/useRegistrationForm.ts:282:13)

    console.log
      [2026-02-08T19:37:10.950Z] Event target: undefined

      at Object.log [as handleSubmit] (src/hooks/useRegistrationForm.ts:283:13)

    console.log
      [2026-02-08T19:37:10.950Z] Form data: {
        "fullName": "]iwM",
        "email": "1@r650n.an",
        "password": "Eug$QK9p4w:fq9\"E7{=)",
        "confirmPassword": "Eug$QK9p4w:fq9\"E7{=)"
      }

      at Object.log [as handleSubmit] (src/hooks/useRegistrationForm.ts:284:13)

    console.log
      [2026-02-08T19:37:10.950Z] Current errors: {}

      at Object.log [as handleSubmit] (src/hooks/useRegistrationForm.ts:285:13)

    console.log
      [2026-02-08T19:37:10.950Z] Is rate limited: false

      at Object.log [as handleSubmit] (src/hooks/useRegistrationForm.ts:286:13)

    console.log
      [2026-02-08T19:37:10.950Z] Validation result: true

      at Object.log [as handleSubmit] (src/hooks/useRegistrationForm.ts:296:13)

    console.log
      [2026-02-08T19:37:10.950Z] ✅ Validation passed, proceeding with API call

      at Object.log [as handleSubmit] (src/hooks/useRegistrationForm.ts:303:13)

    console.log
      [2026-02-08T19:37:10.950Z] 📡 Calling API client register method

      at Object.log [as handleSubmit] (src/hooks/useRegistrationForm.ts:316:15)

    console.log
      [2026-02-08T19:37:10.950Z] API payload: { email: '1@r650n.an', name: ']iwM', password: '***REDACTED***' }

      at Object.log [as handleSubmit] (src/hooks/useRegistrationForm.ts:317:15)

    console.log
      [2026-02-08T19:37:10.950Z] ✅ API call successful

      at Object.log [as handleSubmit] (src/hooks/useRegistrationForm.ts:330:15)

    console.log
      [2026-02-08T19:37:10.950Z] ========== FORM SUBMISSION ENDED ==========

      at Object.log [as handleSubmit] (src/hooks/useRegistrationForm.ts:376:15)

    console.log
      ✅ preventDefault() called FIRST (stopPropagation also called if available)

      at Object.log [as handleSubmit] (src/hooks/useRegistrationForm.ts:277:13)

    console.log
      [2026-02-08T19:37:10.960Z] ========== FORM SUBMISSION STARTED ==========

      at Object.log [as handleSubmit] (src/hooks/useRegistrationForm.ts:280:13)

    console.log
      [2026-02-08T19:37:10.960Z] Event defaultPrevented: undefined

      at Object.log [as handleSubmit] (src/hooks/useRegistrationForm.ts:281:13)

    console.log
      [2026-02-08T19:37:10.960Z] Event type: undefined

      at Object.log [as handleSubmit] (src/hooks/useRegistrationForm.ts:282:13)

    console.log
      [2026-02-08T19:37:10.960Z] Event target: undefined

      at Object.log [as handleSubmit] (src/hooks/useRegistrationForm.ts:283:13)

    console.log
      [2026-02-08T19:37:10.960Z] Form data: {
        "fullName": "%mV?{",
        "email": "46to0/.sc`.}50f4jqxpb'.&v9}.|~|/a?v@v.cd",
        "password": " o|^xOacROhYg}k?JPp\\ 0fsc&",
        "confirmPassword": " o|^xOacROhYg}k?JPp\\ 0fsc&"
      }

      at Object.log [as handleSubmit] (src/hooks/useRegistrationForm.ts:284:13)

    console.log
      [2026-02-08T19:37:10.960Z] Current errors: {}

      at Object.log [as handleSubmit] (src/hooks/useRegistrationForm.ts:285:13)

    console.log
      [2026-02-08T19:37:10.960Z] Is rate limited: false

      at Object.log [as handleSubmit] (src/hooks/useRegistrationForm.ts:286:13)

    console.log
      [2026-02-08T19:37:10.960Z] Validation result: true

      at Object.log [as handleSubmit] (src/hooks/useRegistrationForm.ts:296:13)

    console.log
      [2026-02-08T19:37:10.960Z] ✅ Validation passed, proceeding with API call

      at Object.log [as handleSubmit] (src/hooks/useRegistrationForm.ts:303:13)

    console.log
      [2026-02-08T19:37:10.960Z] 📡 Calling API client register method

      at Object.log [as handleSubmit] (src/hooks/useRegistrationForm.ts:316:15)

    console.log
      [2026-02-08T19:37:10.960Z] API payload: {
        email: "46to0/.sc`.}50f4jqxpb'.&v9}.|~|/a?v@v.cd",
        name: '%mV?{',
        password: '***REDACTED***'
      }

      at Object.log [as handleSubmit] (src/hooks/useRegistrationForm.ts:317:15)

    console.log
      [2026-02-08T19:37:10.960Z] ✅ API call successful

      at Object.log [as handleSubmit] (src/hooks/useRegistrationForm.ts:330:15)

    console.log
      [2026-02-08T19:37:10.960Z] ========== FORM SUBMISSION ENDED ==========

      at Object.log [as handleSubmit] (src/hooks/useRegistrationForm.ts:376:15)

    console.log
      ✅ preventDefault() called FIRST (stopPropagation also called if available)

      at Object.log [as handleSubmit] (src/hooks/useRegistrationForm.ts:277:13)

    console.log
      [2026-02-08T19:37:10.966Z] ========== FORM SUBMISSION STARTED ==========

      at Object.log [as handleSubmit] (src/hooks/useRegistrationForm.ts:280:13)

    console.log
      [2026-02-08T19:37:10.966Z] Event defaultPrevented: undefined

      at Object.log [as handleSubmit] (src/hooks/useRegistrationForm.ts:281:13)

    console.log
      [2026-02-08T19:37:10.966Z] Event type: undefined

      at Object.log [as handleSubmit] (src/hooks/useRegistrationForm.ts:282:13)

    console.log
      [2026-02-08T19:37:10.966Z] Event target: undefined

      at Object.log [as handleSubmit] (src/hooks/useRegistrationForm.ts:283:13)

    console.log
      [2026-02-08T19:37:10.966Z] Form data: {
        "fullName": ":s8Aek\\",
        "email": "^t.hsc^%-n.y.`.#ejzf3.x!.%q~{ixi=%@rxwqzq8b.g75kzo5.ocw",
        "password": "[UYk4WUX7fQ(Z}",
        "confirmPassword": "[UYk4WUX7fQ(Z}"
      }

      at Object.log [as handleSubmit] (src/hooks/useRegistrationForm.ts:284:13)

    console.log
      [2026-02-08T19:37:10.966Z] Current errors: {}

      at Object.log [as handleSubmit] (src/hooks/useRegistrationForm.ts:285:13)

    console.log
      [2026-02-08T19:37:10.966Z] Is rate limited: false

      at Object.log [as handleSubmit] (src/hooks/useRegistrationForm.ts:286:13)

    console.log
      [2026-02-08T19:37:10.966Z] Validation result: true

      at Object.log [as handleSubmit] (src/hooks/useRegistrationForm.ts:296:13)

    console.log
      [2026-02-08T19:37:10.966Z] ✅ Validation passed, proceeding with API call

      at Object.log [as handleSubmit] (src/hooks/useRegistrationForm.ts:303:13)

    console.log
      [2026-02-08T19:37:10.966Z] 📡 Calling API client register method

      at Object.log [as handleSubmit] (src/hooks/useRegistrationForm.ts:316:15)

    console.log
      [2026-02-08T19:37:10.966Z] API payload: {
        email: '^t.hsc^%-n.y.`.#ejzf3.x!.%q~{ixi=%@rxwqzq8b.g75kzo5.ocw',
        name: ':s8Aek\\',
        password: '***REDACTED***'
      }

      at Object.log [as handleSubmit] (src/hooks/useRegistrationForm.ts:317:15)

    console.log
      [2026-02-08T19:37:10.966Z] ✅ API call successful

      at Object.log [as handleSubmit] (src/hooks/useRegistrationForm.ts:330:15)

    console.log
      [2026-02-08T19:37:10.966Z] ========== FORM SUBMISSION ENDED ==========

      at Object.log [as handleSubmit] (src/hooks/useRegistrationForm.ts:376:15)

    console.log
      ✅ preventDefault() called FIRST (stopPropagation also called if available)

      at Object.log [as handleSubmit] (src/hooks/useRegistrationForm.ts:277:13)

    console.log
      [2026-02-08T19:37:10.973Z] ========== FORM SUBMISSION STARTED ==========

      at Object.log [as handleSubmit] (src/hooks/useRegistrationForm.ts:280:13)

    console.log
      [2026-02-08T19:37:10.973Z] Event defaultPrevented: undefined

      at Object.log [as handleSubmit] (src/hooks/useRegistrationForm.ts:281:13)

    console.log
      [2026-02-08T19:37:10.973Z] Event type: undefined

      at Object.log [as handleSubmit] (src/hooks/useRegistrationForm.ts:282:13)

    console.log
      [2026-02-08T19:37:10.973Z] Event target: undefined

      at Object.log [as handleSubmit] (src/hooks/useRegistrationForm.ts:283:13)

    console.log
      [2026-02-08T19:37:10.973Z] Form data: {
        "fullName": "L]",
        "email": "~.4sce~#7q0'7z@d4a9e9dzvbo.wo",
        "password": "+?2J?>5=:.]iJ(",
        "confirmPassword": "+?2J?>5=:.]iJ("
      }

      at Object.log [as handleSubmit] (src/hooks/useRegistrationForm.ts:284:13)

    console.log
      [2026-02-08T19:37:10.973Z] Current errors: {}

      at Object.log [as handleSubmit] (src/hooks/useRegistrationForm.ts:285:13)

    console.log
      [2026-02-08T19:37:10.973Z] Is rate limited: false

      at Object.log [as handleSubmit] (src/hooks/useRegistrationForm.ts:286:13)

    console.log
      [2026-02-08T19:37:10.973Z] Validation result: true

      at Object.log [as handleSubmit] (src/hooks/useRegistrationForm.ts:296:13)

    console.log
      [2026-02-08T19:37:10.973Z] ✅ Validation passed, proceeding with API call

      at Object.log [as handleSubmit] (src/hooks/useRegistrationForm.ts:303:13)

    console.log
      [2026-02-08T19:37:10.973Z] 📡 Calling API client register method

      at Object.log [as handleSubmit] (src/hooks/useRegistrationForm.ts:316:15)

    console.log
      [2026-02-08T19:37:10.973Z] API payload: {
        email: "~.4sce~#7q0'7z@d4a9e9dzvbo.wo",
        name: 'L]',
        password: '***REDACTED***'
      }

      at Object.log [as handleSubmit] (src/hooks/useRegistrationForm.ts:317:15)

    console.log
      [2026-02-08T19:37:10.973Z] ✅ API call successful

      at Object.log [as handleSubmit] (src/hooks/useRegistrationForm.ts:330:15)

    console.log
      [2026-02-08T19:37:10.973Z] ========== FORM SUBMISSION ENDED ==========

      at Object.log [as handleSubmit] (src/hooks/useRegistrationForm.ts:376:15)

    console.log
      ✅ preventDefault() called FIRST (stopPropagation also called if available)

      at Object.log [as handleSubmit] (src/hooks/useRegistrationForm.ts:277:13)

    console.log
      [2026-02-08T19:37:10.978Z] ========== FORM SUBMISSION STARTED ==========

      at Object.log [as handleSubmit] (src/hooks/useRegistrationForm.ts:280:13)

    console.log
      [2026-02-08T19:37:10.978Z] Event defaultPrevented: undefined

      at Object.log [as handleSubmit] (src/hooks/useRegistrationForm.ts:281:13)

    console.log
      [2026-02-08T19:37:10.978Z] Event type: undefined

      at Object.log [as handleSubmit] (src/hooks/useRegistrationForm.ts:282:13)

    console.log
      [2026-02-08T19:37:10.978Z] Event target: undefined

      at Object.log [as handleSubmit] (src/hooks/useRegistrationForm.ts:283:13)

    console.log
      [2026-02-08T19:37:10.978Z] Form data: {
        "fullName": "mp|N~Hq4n#a_",
        "email": "qe*{6.j`.8tg=o7j%5?+.*k4z./c}.q4adlyl.c$o=+*q.s}.plsrjdgo1gq.|gq@0utw80y.c-7b6452hyc.le",
        "password": "t}h6o0F\\ 00B+Y",
        "confirmPassword": "t}h6o0F\\ 00B+Y"
      }

      at Object.log [as handleSubmit] (src/hooks/useRegistrationForm.ts:284:13)

    console.log
      [2026-02-08T19:37:10.978Z] Current errors: {}

      at Object.log [as handleSubmit] (src/hooks/useRegistrationForm.ts:285:13)

    console.log
      [2026-02-08T19:37:10.978Z] Is rate limited: false

      at Object.log [as handleSubmit] (src/hooks/useRegistrationForm.ts:286:13)

    console.log
      [2026-02-08T19:37:10.978Z] Validation result: true

      at Object.log [as handleSubmit] (src/hooks/useRegistrationForm.ts:296:13)

    console.log
      [2026-02-08T19:37:10.978Z] ✅ Validation passed, proceeding with API call

      at Object.log [as handleSubmit] (src/hooks/useRegistrationForm.ts:303:13)

    console.log
      [2026-02-08T19:37:10.978Z] 📡 Calling API client register method

      at Object.log [as handleSubmit] (src/hooks/useRegistrationForm.ts:316:15)

    console.log
      [2026-02-08T19:37:10.978Z] API payload: {
        email: 'qe*{6.j`.8tg=o7j%5?+.*k4z./c}.q4adlyl.c$o=+*q.s}.plsrjdgo1gq.|gq@0utw80y.c-7b6452hyc.le',
        name: 'mp|N~Hq4n#a_',
        password: '***REDACTED***'
      }

      at Object.log [as handleSubmit] (src/hooks/useRegistrationForm.ts:317:15)

    console.log
      [2026-02-08T19:37:10.978Z] ✅ API call successful

      at Object.log [as handleSubmit] (src/hooks/useRegistrationForm.ts:330:15)

    console.log
      [2026-02-08T19:37:10.978Z] ========== FORM SUBMISSION ENDED ==========

      at Object.log [as handleSubmit] (src/hooks/useRegistrationForm.ts:376:15)

    console.log
      ✅ preventDefault() called FIRST (stopPropagation also called if available)

      at Object.log [as handleSubmit] (src/hooks/useRegistrationForm.ts:277:13)

    console.log
      [2026-02-08T19:37:10.985Z] ========== FORM SUBMISSION STARTED ==========

      at Object.log [as handleSubmit] (src/hooks/useRegistrationForm.ts:280:13)

    console.log
      [2026-02-08T19:37:10.985Z] Event defaultPrevented: undefined

      at Object.log [as handleSubmit] (src/hooks/useRegistrationForm.ts:281:13)

    console.log
      [2026-02-08T19:37:10.985Z] Event type: undefined

      at Object.log [as handleSubmit] (src/hooks/useRegistrationForm.ts:282:13)

    console.log
      [2026-02-08T19:37:10.985Z] Event target: undefined

      at Object.log [as handleSubmit] (src/hooks/useRegistrationForm.ts:283:13)

    console.log
      [2026-02-08T19:37:10.985Z] Form data: {
        "fullName": "q%=4(JIEs=HS=",
        "email": "jl*77^apz&r.0k9@8r.aa",
        "password": "in?3+qsJ",
        "confirmPassword": "in?3+qsJ"
      }

      at Object.log [as handleSubmit] (src/hooks/useRegistrationForm.ts:284:13)

    console.log
      [2026-02-08T19:37:10.985Z] Current errors: {}

      at Object.log [as handleSubmit] (src/hooks/useRegistrationForm.ts:285:13)

    console.log
      [2026-02-08T19:37:10.985Z] Is rate limited: false

      at Object.log [as handleSubmit] (src/hooks/useRegistrationForm.ts:286:13)

    console.log
      [2026-02-08T19:37:10.985Z] Validation result: true

      at Object.log [as handleSubmit] (src/hooks/useRegistrationForm.ts:296:13)

    console.log
      [2026-02-08T19:37:10.985Z] ✅ Validation passed, proceeding with API call

      at Object.log [as handleSubmit] (src/hooks/useRegistrationForm.ts:303:13)

    console.log
      [2026-02-08T19:37:10.985Z] 📡 Calling API client register method

      at Object.log [as handleSubmit] (src/hooks/useRegistrationForm.ts:316:15)

    console.log
      [2026-02-08T19:37:10.985Z] API payload: {
        email: 'jl*77^apz&r.0k9@8r.aa',
        name: 'q%=4(JIEs=HS=',
        password: '***REDACTED***'
      }

      at Object.log [as handleSubmit] (src/hooks/useRegistrationForm.ts:317:15)

    console.log
      [2026-02-08T19:37:10.985Z] ✅ API call successful

      at Object.log [as handleSubmit] (src/hooks/useRegistrationForm.ts:330:15)

    console.log
      [2026-02-08T19:37:10.985Z] ========== FORM SUBMISSION ENDED ==========

      at Object.log [as handleSubmit] (src/hooks/useRegistrationForm.ts:376:15)

    console.log
      ✅ preventDefault() called FIRST (stopPropagation also called if available)

      at Object.log [as handleSubmit] (src/hooks/useRegistrationForm.ts:277:13)

    console.log
      [2026-02-08T19:37:10.990Z] ========== FORM SUBMISSION STARTED ==========

      at Object.log [as handleSubmit] (src/hooks/useRegistrationForm.ts:280:13)

    console.log
      [2026-02-08T19:37:10.990Z] Event defaultPrevented: undefined

      at Object.log [as handleSubmit] (src/hooks/useRegistrationForm.ts:281:13)

    console.log
      [2026-02-08T19:37:10.990Z] Event type: undefined

      at Object.log [as handleSubmit] (src/hooks/useRegistrationForm.ts:282:13)

    console.log
      [2026-02-08T19:37:10.990Z] Event target: undefined

      at Object.log [as handleSubmit] (src/hooks/useRegistrationForm.ts:283:13)

    console.log
      [2026-02-08T19:37:10.990Z] Form data: {
        "fullName": "a*",
        "email": "!u5`.hu4!'/.o~nat2~.?3cc0wjp`i.%6%ez#qd2*7{./l2.%48x75p7$@9ufyczua00ol.qpga-z74lx.wfz",
        "password": "'3%O=Jg,>S(zmLc)",
        "confirmPassword": "'3%O=Jg,>S(zmLc)"
      }

      at Object.log [as handleSubmit] (src/hooks/useRegistrationForm.ts:284:13)

    console.log
      [2026-02-08T19:37:10.990Z] Current errors: {}

      at Object.log [as handleSubmit] (src/hooks/useRegistrationForm.ts:285:13)

    console.log
      [2026-02-08T19:37:10.990Z] Is rate limited: false

      at Object.log [as handleSubmit] (src/hooks/useRegistrationForm.ts:286:13)

    console.log
      [2026-02-08T19:37:10.990Z] Validation result: true

      at Object.log [as handleSubmit] (src/hooks/useRegistrationForm.ts:296:13)

    console.log
      [2026-02-08T19:37:10.990Z] ✅ Validation passed, proceeding with API call

      at Object.log [as handleSubmit] (src/hooks/useRegistrationForm.ts:303:13)

    console.log
      [2026-02-08T19:37:10.990Z] 📡 Calling API client register method

      at Object.log [as handleSubmit] (src/hooks/useRegistrationForm.ts:316:15)

    console.log
      [2026-02-08T19:37:10.990Z] API payload: {
        email: "!u5`.hu4!'/.o~nat2~.?3cc0wjp`i.%6%ez#qd2*7{./l2.%48x75p7$@9ufyczua00ol.qpga-z74lx.wfz",
        name: 'a*',
        password: '***REDACTED***'
      }

      at Object.log [as handleSubmit] (src/hooks/useRegistrationForm.ts:317:15)

    console.log
      [2026-02-08T19:37:10.990Z] ✅ API call successful

      at Object.log [as handleSubmit] (src/hooks/useRegistrationForm.ts:330:15)

    console.log
      [2026-02-08T19:37:10.990Z] ========== FORM SUBMISSION ENDED ==========

      at Object.log [as handleSubmit] (src/hooks/useRegistrationForm.ts:376:15)

    console.log
      ✅ preventDefault() called FIRST (stopPropagation also called if available)

      at Object.log [as handleSubmit] (src/hooks/useRegistrationForm.ts:277:13)

    console.log
      [2026-02-08T19:37:10.996Z] ========== FORM SUBMISSION STARTED ==========

      at Object.log [as handleSubmit] (src/hooks/useRegistrationForm.ts:280:13)

    console.log
      [2026-02-08T19:37:10.996Z] Event defaultPrevented: undefined

      at Object.log [as handleSubmit] (src/hooks/useRegistrationForm.ts:281:13)

    console.log
      [2026-02-08T19:37:10.996Z] Event type: undefined

      at Object.log [as handleSubmit] (src/hooks/useRegistrationForm.ts:282:13)

    console.log
      [2026-02-08T19:37:10.996Z] Event target: undefined

      at Object.log [as handleSubmit] (src/hooks/useRegistrationForm.ts:283:13)

    console.log
      [2026-02-08T19:37:10.996Z] Form data: {
        "fullName": "l9ll~=",
        "email": "h^.6679=a8f@lhi.xj",
        "password": "d: f#{rzK?k\":6 \"U|~}+nVj",
        "confirmPassword": "d: f#{rzK?k\":6 \"U|~}+nVj"
      }

      at Object.log [as handleSubmit] (src/hooks/useRegistrationForm.ts:284:13)

    console.log
      [2026-02-08T19:37:10.996Z] Current errors: {}

      at Object.log [as handleSubmit] (src/hooks/useRegistrationForm.ts:285:13)

    console.log
      [2026-02-08T19:37:10.996Z] Is rate limited: false

      at Object.log [as handleSubmit] (src/hooks/useRegistrationForm.ts:286:13)

    console.log
      [2026-02-08T19:37:10.996Z] Validation result: true

      at Object.log [as handleSubmit] (src/hooks/useRegistrationForm.ts:296:13)

    console.log
      [2026-02-08T19:37:10.996Z] ✅ Validation passed, proceeding with API call

      at Object.log [as handleSubmit] (src/hooks/useRegistrationForm.ts:303:13)

    console.log
      [2026-02-08T19:37:10.996Z] 📡 Calling API client register method

      at Object.log [as handleSubmit] (src/hooks/useRegistrationForm.ts:316:15)

    console.log
      [2026-02-08T19:37:10.996Z] API payload: {
        email: 'h^.6679=a8f@lhi.xj',
        name: 'l9ll~=',
        password: '***REDACTED***'
      }

      at Object.log [as handleSubmit] (src/hooks/useRegistrationForm.ts:317:15)

    console.log
      [2026-02-08T19:37:10.996Z] ✅ API call successful

      at Object.log [as handleSubmit] (src/hooks/useRegistrationForm.ts:330:15)

    console.log
      [2026-02-08T19:37:10.996Z] ========== FORM SUBMISSION ENDED ==========

      at Object.log [as handleSubmit] (src/hooks/useRegistrationForm.ts:376:15)

    console.log
      ✅ preventDefault() called FIRST (stopPropagation also called if available)

      at Object.log [as handleSubmit] (src/hooks/useRegistrationForm.ts:277:13)

    console.log
      [2026-02-08T19:37:11.001Z] ========== FORM SUBMISSION STARTED ==========

      at Object.log [as handleSubmit] (src/hooks/useRegistrationForm.ts:280:13)

    console.log
      [2026-02-08T19:37:11.001Z] Event defaultPrevented: undefined

      at Object.log [as handleSubmit] (src/hooks/useRegistrationForm.ts:281:13)

    console.log
      [2026-02-08T19:37:11.001Z] Event type: undefined

      at Object.log [as handleSubmit] (src/hooks/useRegistrationForm.ts:282:13)

    console.log
      [2026-02-08T19:37:11.001Z] Event target: undefined

      at Object.log [as handleSubmit] (src/hooks/useRegistrationForm.ts:283:13)

    console.log
      [2026-02-08T19:37:11.001Z] Form data: {
        "fullName": "NOMKF6",
        "email": "vx-.s.a4m4*6*`l.*16.!w%.n18j.73.a`dva|b_u.g62f=4|2'h3~.rsfnj`@n5qdg.fv",
        "password": "djBuPSGE)ams6DT",
        "confirmPassword": "djBuPSGE)ams6DT"
      }

      at Object.log [as handleSubmit] (src/hooks/useRegistrationForm.ts:284:13)

    console.log
      [2026-02-08T19:37:11.001Z] Current errors: {}

      at Object.log [as handleSubmit] (src/hooks/useRegistrationForm.ts:285:13)

    console.log
      [2026-02-08T19:37:11.001Z] Is rate limited: false

      at Object.log [as handleSubmit] (src/hooks/useRegistrationForm.ts:286:13)

    console.log
      [2026-02-08T19:37:11.001Z] Validation result: true

      at Object.log [as handleSubmit] (src/hooks/useRegistrationForm.ts:296:13)

    console.log
      [2026-02-08T19:37:11.001Z] ✅ Validation passed, proceeding with API call

      at Object.log [as handleSubmit] (src/hooks/useRegistrationForm.ts:303:13)

    console.log
      [2026-02-08T19:37:11.001Z] 📡 Calling API client register method

      at Object.log [as handleSubmit] (src/hooks/useRegistrationForm.ts:316:15)

    console.log
      [2026-02-08T19:37:11.001Z] API payload: {
        email: "vx-.s.a4m4*6*`l.*16.!w%.n18j.73.a`dva|b_u.g62f=4|2'h3~.rsfnj`@n5qdg.fv",
        name: 'NOMKF6',
        password: '***REDACTED***'
      }

      at Object.log [as handleSubmit] (src/hooks/useRegistrationForm.ts:317:15)

    console.log
      [2026-02-08T19:37:11.001Z] ✅ API call successful

      at Object.log [as handleSubmit] (src/hooks/useRegistrationForm.ts:330:15)

    console.log
      [2026-02-08T19:37:11.001Z] ========== FORM SUBMISSION ENDED ==========

      at Object.log [as handleSubmit] (src/hooks/useRegistrationForm.ts:376:15)

    console.log
      ✅ preventDefault() called FIRST (stopPropagation also called if available)

      at Object.log [as handleSubmit] (src/hooks/useRegistrationForm.ts:277:13)

    console.log
      [2026-02-08T19:37:11.009Z] ========== FORM SUBMISSION STARTED ==========

      at Object.log [as handleSubmit] (src/hooks/useRegistrationForm.ts:280:13)

    console.log
      [2026-02-08T19:37:11.009Z] Event defaultPrevented: undefined

      at Object.log [as handleSubmit] (src/hooks/useRegistrationForm.ts:281:13)

    console.log
      [2026-02-08T19:37:11.009Z] Event type: undefined

      at Object.log [as handleSubmit] (src/hooks/useRegistrationForm.ts:282:13)

    console.log
      [2026-02-08T19:37:11.009Z] Event target: undefined

      at Object.log [as handleSubmit] (src/hooks/useRegistrationForm.ts:283:13)

    console.log
      [2026-02-08T19:37:11.009Z] Form data: {
        "fullName": "@B",
        "email": "p}nn29.k3.=1}u.&40}3{c.xy%`&qdz.u.0vtw$7|g0$8}.lj859@c5xii.pps",
        "password": "!)$I2gr\\dC\\c &$|b@#1@",
        "confirmPassword": "!)$I2gr\\dC\\c &$|b@#1@"
      }

      at Object.log [as handleSubmit] (src/hooks/useRegistrationForm.ts:284:13)

    console.log
      [2026-02-08T19:37:11.009Z] Current errors: {}

      at Object.log [as handleSubmit] (src/hooks/useRegistrationForm.ts:285:13)

    console.log
      [2026-02-08T19:37:11.009Z] Is rate limited: false

      at Object.log [as handleSubmit] (src/hooks/useRegistrationForm.ts:286:13)

    console.log
      [2026-02-08T19:37:11.009Z] Validation result: true

      at Object.log [as handleSubmit] (src/hooks/useRegistrationForm.ts:296:13)

    console.log
      [2026-02-08T19:37:11.009Z] ✅ Validation passed, proceeding with API call

      at Object.log [as handleSubmit] (src/hooks/useRegistrationForm.ts:303:13)

    console.log
      [2026-02-08T19:37:11.009Z] 📡 Calling API client register method

      at Object.log [as handleSubmit] (src/hooks/useRegistrationForm.ts:316:15)

    console.log
      [2026-02-08T19:37:11.009Z] API payload: {
        email: 'p}nn29.k3.=1}u.&40}3{c.xy%`&qdz.u.0vtw$7|g0$8}.lj859@c5xii.pps',
        name: '@B',
        password: '***REDACTED***'
      }

      at Object.log [as handleSubmit] (src/hooks/useRegistrationForm.ts:317:15)

    console.log
      [2026-02-08T19:37:11.009Z] ✅ API call successful

      at Object.log [as handleSubmit] (src/hooks/useRegistrationForm.ts:330:15)

    console.log
      [2026-02-08T19:37:11.009Z] ========== FORM SUBMISSION ENDED ==========

      at Object.log [as handleSubmit] (src/hooks/useRegistrationForm.ts:376:15)

    console.log
      ✅ preventDefault() called FIRST (stopPropagation also called if available)

      at Object.log [as handleSubmit] (src/hooks/useRegistrationForm.ts:277:13)

    console.log
      [2026-02-08T19:37:11.014Z] ========== FORM SUBMISSION STARTED ==========

      at Object.log [as handleSubmit] (src/hooks/useRegistrationForm.ts:280:13)

    console.log
      [2026-02-08T19:37:11.014Z] Event defaultPrevented: undefined

      at Object.log [as handleSubmit] (src/hooks/useRegistrationForm.ts:281:13)

    console.log
      [2026-02-08T19:37:11.014Z] Event type: undefined

      at Object.log [as handleSubmit] (src/hooks/useRegistrationForm.ts:282:13)

    console.log
      [2026-02-08T19:37:11.014Z] Event target: undefined

      at Object.log [as handleSubmit] (src/hooks/useRegistrationForm.ts:283:13)

    console.log
      [2026-02-08T19:37:11.014Z] Form data: {
        "fullName": "@'RcMHn5m",
        "email": "5`ei.{1-0xp&9^.8y}+._a9'0a`^@4heoo3-x6lb.vz",
        "password": "Q=8}d\"Wj=Dd6:{_AH,",
        "confirmPassword": "Q=8}d\"Wj=Dd6:{_AH,"
      }

      at Object.log [as handleSubmit] (src/hooks/useRegistrationForm.ts:284:13)

    console.log
      [2026-02-08T19:37:11.014Z] Current errors: {}

      at Object.log [as handleSubmit] (src/hooks/useRegistrationForm.ts:285:13)

    console.log
      [2026-02-08T19:37:11.014Z] Is rate limited: false

      at Object.log [as handleSubmit] (src/hooks/useRegistrationForm.ts:286:13)

    console.log
      [2026-02-08T19:37:11.014Z] Validation result: true

      at Object.log [as handleSubmit] (src/hooks/useRegistrationForm.ts:296:13)

    console.log
      [2026-02-08T19:37:11.014Z] ✅ Validation passed, proceeding with API call

      at Object.log [as handleSubmit] (src/hooks/useRegistrationForm.ts:303:13)

    console.log
      [2026-02-08T19:37:11.014Z] 📡 Calling API client register method

      at Object.log [as handleSubmit] (src/hooks/useRegistrationForm.ts:316:15)

    console.log
      [2026-02-08T19:37:11.014Z] API payload: {
        email: "5`ei.{1-0xp&9^.8y}+._a9'0a`^@4heoo3-x6lb.vz",
        name: "@'RcMHn5m",
        password: '***REDACTED***'
      }

      at Object.log [as handleSubmit] (src/hooks/useRegistrationForm.ts:317:15)

    console.log
      [2026-02-08T19:37:11.014Z] ✅ API call successful

      at Object.log [as handleSubmit] (src/hooks/useRegistrationForm.ts:330:15)

    console.log
      [2026-02-08T19:37:11.014Z] ========== FORM SUBMISSION ENDED ==========

      at Object.log [as handleSubmit] (src/hooks/useRegistrationForm.ts:376:15)

    console.log
      ✅ preventDefault() called FIRST (stopPropagation also called if available)

      at Object.log [as handleSubmit] (src/hooks/useRegistrationForm.ts:277:13)

    console.log
      [2026-02-08T19:37:11.018Z] ========== FORM SUBMISSION STARTED ==========

      at Object.log [as handleSubmit] (src/hooks/useRegistrationForm.ts:280:13)

    console.log
      [2026-02-08T19:37:11.018Z] Event defaultPrevented: undefined

      at Object.log [as handleSubmit] (src/hooks/useRegistrationForm.ts:281:13)

    console.log
      [2026-02-08T19:37:11.018Z] Event type: undefined

      at Object.log [as handleSubmit] (src/hooks/useRegistrationForm.ts:282:13)

    console.log
      [2026-02-08T19:37:11.018Z] Event target: undefined

      at Object.log [as handleSubmit] (src/hooks/useRegistrationForm.ts:283:13)

    console.log
      [2026-02-08T19:37:11.018Z] Form data: {
        "fullName": "uSQFp*",
        "email": "kni/`1u+^a^!.$0|bk.n#a2d~lo?.q1|}_a`fd}}w.c3|rrj37*+tz@hn.bt",
        "password": "W=@<qJTr/`>9*Cs",
        "confirmPassword": "W=@<qJTr/`>9*Cs"
      }

      at Object.log [as handleSubmit] (src/hooks/useRegistrationForm.ts:284:13)

    console.log
      [2026-02-08T19:37:11.018Z] Current errors: {}

      at Object.log [as handleSubmit] (src/hooks/useRegistrationForm.ts:285:13)

    console.log
      [2026-02-08T19:37:11.018Z] Is rate limited: false

      at Object.log [as handleSubmit] (src/hooks/useRegistrationForm.ts:286:13)

    console.log
      [2026-02-08T19:37:11.018Z] Validation result: true

      at Object.log [as handleSubmit] (src/hooks/useRegistrationForm.ts:296:13)

    console.log
      [2026-02-08T19:37:11.018Z] ✅ Validation passed, proceeding with API call

      at Object.log [as handleSubmit] (src/hooks/useRegistrationForm.ts:303:13)

    console.log
      [2026-02-08T19:37:11.018Z] 📡 Calling API client register method

      at Object.log [as handleSubmit] (src/hooks/useRegistrationForm.ts:316:15)

    console.log
      [2026-02-08T19:37:11.018Z] API payload: {
        email: 'kni/`1u+^a^!.$0|bk.n#a2d~lo?.q1|}_a`fd}}w.c3|rrj37*+tz@hn.bt',
        name: 'uSQFp*',
        password: '***REDACTED***'
      }

      at Object.log [as handleSubmit] (src/hooks/useRegistrationForm.ts:317:15)

    console.log
      [2026-02-08T19:37:11.018Z] ✅ API call successful

      at Object.log [as handleSubmit] (src/hooks/useRegistrationForm.ts:330:15)

    console.log
      [2026-02-08T19:37:11.018Z] ========== FORM SUBMISSION ENDED ==========

      at Object.log [as handleSubmit] (src/hooks/useRegistrationForm.ts:376:15)

    console.log
      ✅ preventDefault() called FIRST (stopPropagation also called if available)

      at Object.log [as handleSubmit] (src/hooks/useRegistrationForm.ts:277:13)

    console.log
      [2026-02-08T19:37:11.021Z] ========== FORM SUBMISSION STARTED ==========

      at Object.log [as handleSubmit] (src/hooks/useRegistrationForm.ts:280:13)

    console.log
      [2026-02-08T19:37:11.021Z] Event defaultPrevented: undefined

      at Object.log [as handleSubmit] (src/hooks/useRegistrationForm.ts:281:13)

    console.log
      [2026-02-08T19:37:11.021Z] Event type: undefined

      at Object.log [as handleSubmit] (src/hooks/useRegistrationForm.ts:282:13)

    console.log
      [2026-02-08T19:37:11.021Z] Event target: undefined

      at Object.log [as handleSubmit] (src/hooks/useRegistrationForm.ts:283:13)

    console.log
      [2026-02-08T19:37:11.021Z] Form data: {
        "fullName": "<NK\\.",
        "email": "q.gbk4s*/6wsn5.3g6k=$=@63vifr7g.iql",
        "password": "!!2cZ9}f*P!U(yzHU*m16#x=&",
        "confirmPassword": "!!2cZ9}f*P!U(yzHU*m16#x=&"
      }

      at Object.log [as handleSubmit] (src/hooks/useRegistrationForm.ts:284:13)

    console.log
      [2026-02-08T19:37:11.021Z] Current errors: {}

      at Object.log [as handleSubmit] (src/hooks/useRegistrationForm.ts:285:13)

    console.log
      [2026-02-08T19:37:11.021Z] Is rate limited: false

      at Object.log [as handleSubmit] (src/hooks/useRegistrationForm.ts:286:13)

    console.log
      [2026-02-08T19:37:11.021Z] Validation result: true

      at Object.log [as handleSubmit] (src/hooks/useRegistrationForm.ts:296:13)

    console.log
      [2026-02-08T19:37:11.021Z] ✅ Validation passed, proceeding with API call

      at Object.log [as handleSubmit] (src/hooks/useRegistrationForm.ts:303:13)

    console.log
      [2026-02-08T19:37:11.021Z] 📡 Calling API client register method

      at Object.log [as handleSubmit] (src/hooks/useRegistrationForm.ts:316:15)

    console.log
      [2026-02-08T19:37:11.021Z] API payload: {
        email: 'q.gbk4s*/6wsn5.3g6k=$=@63vifr7g.iql',
        name: '<NK\\.',
        password: '***REDACTED***'
      }

      at Object.log [as handleSubmit] (src/hooks/useRegistrationForm.ts:317:15)

    console.log
      [2026-02-08T19:37:11.021Z] ✅ API call successful

      at Object.log [as handleSubmit] (src/hooks/useRegistrationForm.ts:330:15)

    console.log
      [2026-02-08T19:37:11.021Z] ========== FORM SUBMISSION ENDED ==========

      at Object.log [as handleSubmit] (src/hooks/useRegistrationForm.ts:376:15)

    console.log
      ✅ preventDefault() called FIRST (stopPropagation also called if available)

      at Object.log [as handleSubmit] (src/hooks/useRegistrationForm.ts:277:13)

    console.log
      [2026-02-08T19:37:11.028Z] ========== FORM SUBMISSION STARTED ==========

      at Object.log [as handleSubmit] (src/hooks/useRegistrationForm.ts:280:13)

    console.log
      [2026-02-08T19:37:11.028Z] Event defaultPrevented: undefined

      at Object.log [as handleSubmit] (src/hooks/useRegistrationForm.ts:281:13)

    console.log
      [2026-02-08T19:37:11.028Z] Event type: undefined

      at Object.log [as handleSubmit] (src/hooks/useRegistrationForm.ts:282:13)

    console.log
      [2026-02-08T19:37:11.028Z] Event target: undefined

      at Object.log [as handleSubmit] (src/hooks/useRegistrationForm.ts:283:13)

    console.log
      [2026-02-08T19:37:11.028Z] Form data: {
        "fullName": "A`*v]Bzy(@Jk",
        "email": "u!.%cvi5j.h#?7^_.d9z+6w.du!.ue6qcbkn4.$f{bgry88.z1.1't.2=.y%%$t'@kk61xwcayxq.q-khc8p.mtu",
        "password": "s-.w2o`Nb2|N",
        "confirmPassword": "s-.w2o`Nb2|N"
      }

      at Object.log [as handleSubmit] (src/hooks/useRegistrationForm.ts:284:13)

    console.log
      [2026-02-08T19:37:11.028Z] Current errors: {}

      at Object.log [as handleSubmit] (src/hooks/useRegistrationForm.ts:285:13)

    console.log
      [2026-02-08T19:37:11.028Z] Is rate limited: false

      at Object.log [as handleSubmit] (src/hooks/useRegistrationForm.ts:286:13)

    console.log
      [2026-02-08T19:37:11.028Z] Validation result: true

      at Object.log [as handleSubmit] (src/hooks/useRegistrationForm.ts:296:13)

    console.log
      [2026-02-08T19:37:11.028Z] ✅ Validation passed, proceeding with API call

      at Object.log [as handleSubmit] (src/hooks/useRegistrationForm.ts:303:13)

    console.log
      [2026-02-08T19:37:11.028Z] 📡 Calling API client register method

      at Object.log [as handleSubmit] (src/hooks/useRegistrationForm.ts:316:15)

    console.log
      [2026-02-08T19:37:11.028Z] API payload: {
        email: "u!.%cvi5j.h#?7^_.d9z+6w.du!.ue6qcbkn4.$f{bgry88.z1.1't.2=.y%%$t'@kk61xwcayxq.q-khc8p.mtu",
        name: 'A`*v]Bzy(@Jk',
        password: '***REDACTED***'
      }

      at Object.log [as handleSubmit] (src/hooks/useRegistrationForm.ts:317:15)

    console.log
      [2026-02-08T19:37:11.028Z] ✅ API call successful

      at Object.log [as handleSubmit] (src/hooks/useRegistrationForm.ts:330:15)

    console.log
      [2026-02-08T19:37:11.028Z] ========== FORM SUBMISSION ENDED ==========

      at Object.log [as handleSubmit] (src/hooks/useRegistrationForm.ts:376:15)

    console.log
      ✅ preventDefault() called FIRST (stopPropagation also called if available)

      at Object.log [as handleSubmit] (src/hooks/useRegistrationForm.ts:277:13)

    console.log
      [2026-02-08T19:37:11.031Z] ========== FORM SUBMISSION STARTED ==========

      at Object.log [as handleSubmit] (src/hooks/useRegistrationForm.ts:280:13)

    console.log
      [2026-02-08T19:37:11.031Z] Event defaultPrevented: undefined

      at Object.log [as handleSubmit] (src/hooks/useRegistrationForm.ts:281:13)

    console.log
      [2026-02-08T19:37:11.031Z] Event type: undefined

      at Object.log [as handleSubmit] (src/hooks/useRegistrationForm.ts:282:13)

    console.log
      [2026-02-08T19:37:11.031Z] Event target: undefined

      at Object.log [as handleSubmit] (src/hooks/useRegistrationForm.ts:283:13)

    console.log
      [2026-02-08T19:37:11.031Z] Form data: {
        "fullName": "S7J!`V?BgGn?+P",
        "email": "65.$h~'|mw8hf.!=5ky.2n3bt9~ga.z?~1`p.f/y.b2rik*.`^||@v1ogeguf.cgbnlq.my",
        "password": ";z{OnL49;Oj*z6g0a~\\x0=x",
        "confirmPassword": ";z{OnL49;Oj*z6g0a~\\x0=x"
      }

      at Object.log [as handleSubmit] (src/hooks/useRegistrationForm.ts:284:13)

    console.log
      [2026-02-08T19:37:11.031Z] Current errors: {}

      at Object.log [as handleSubmit] (src/hooks/useRegistrationForm.ts:285:13)

    console.log
      [2026-02-08T19:37:11.031Z] Is rate limited: false

      at Object.log [as handleSubmit] (src/hooks/useRegistrationForm.ts:286:13)

    console.log
      [2026-02-08T19:37:11.031Z] Validation result: true

      at Object.log [as handleSubmit] (src/hooks/useRegistrationForm.ts:296:13)

    console.log
      [2026-02-08T19:37:11.031Z] ✅ Validation passed, proceeding with API call

      at Object.log [as handleSubmit] (src/hooks/useRegistrationForm.ts:303:13)

    console.log
      [2026-02-08T19:37:11.031Z] 📡 Calling API client register method

      at Object.log [as handleSubmit] (src/hooks/useRegistrationForm.ts:316:15)

    console.log
      [2026-02-08T19:37:11.031Z] API payload: {
        email: "65.$h~'|mw8hf.!=5ky.2n3bt9~ga.z?~1`p.f/y.b2rik*.`^||@v1ogeguf.cgbnlq.my",
        name: 'S7J!`V?BgGn?+P',
        password: '***REDACTED***'
      }

      at Object.log [as handleSubmit] (src/hooks/useRegistrationForm.ts:317:15)

    console.log
      [2026-02-08T19:37:11.031Z] ✅ API call successful

      at Object.log [as handleSubmit] (src/hooks/useRegistrationForm.ts:330:15)

    console.log
      [2026-02-08T19:37:11.031Z] ========== FORM SUBMISSION ENDED ==========

      at Object.log [as handleSubmit] (src/hooks/useRegistrationForm.ts:376:15)

    console.log
      ✅ preventDefault() called FIRST (stopPropagation also called if available)

      at Object.log [as handleSubmit] (src/hooks/useRegistrationForm.ts:277:13)

    console.log
      [2026-02-08T19:37:11.037Z] ========== FORM SUBMISSION STARTED ==========

      at Object.log [as handleSubmit] (src/hooks/useRegistrationForm.ts:280:13)

    console.log
      [2026-02-08T19:37:11.037Z] Event defaultPrevented: undefined

      at Object.log [as handleSubmit] (src/hooks/useRegistrationForm.ts:281:13)

    console.log
      [2026-02-08T19:37:11.037Z] Event type: undefined

      at Object.log [as handleSubmit] (src/hooks/useRegistrationForm.ts:282:13)

    console.log
      [2026-02-08T19:37:11.037Z] Event target: undefined

      at Object.log [as handleSubmit] (src/hooks/useRegistrationForm.ts:283:13)

    console.log
      [2026-02-08T19:37:11.037Z] Form data: {
        "fullName": "cab",
        "email": "eio!z.u.e._.=}?%dda}fi.c+*?ri7=$/^h./{.d#1yl1p.y7!.+5.g#q@av7g.psv",
        "password": "/0*b~=^Kj;gWQJR",
        "confirmPassword": "/0*b~=^Kj;gWQJR"
      }

      at Object.log [as handleSubmit] (src/hooks/useRegistrationForm.ts:284:13)

    console.log
      [2026-02-08T19:37:11.037Z] Current errors: {}

      at Object.log [as handleSubmit] (src/hooks/useRegistrationForm.ts:285:13)

    console.log
      [2026-02-08T19:37:11.037Z] Is rate limited: false

      at Object.log [as handleSubmit] (src/hooks/useRegistrationForm.ts:286:13)

    console.log
      [2026-02-08T19:37:11.037Z] Validation result: true

      at Object.log [as handleSubmit] (src/hooks/useRegistrationForm.ts:296:13)

    console.log
      [2026-02-08T19:37:11.037Z] ✅ Validation passed, proceeding with API call

      at Object.log [as handleSubmit] (src/hooks/useRegistrationForm.ts:303:13)

    console.log
      [2026-02-08T19:37:11.037Z] 📡 Calling API client register method

      at Object.log [as handleSubmit] (src/hooks/useRegistrationForm.ts:316:15)

    console.log
      [2026-02-08T19:37:11.037Z] API payload: {
        email: 'eio!z.u.e._.=}?%dda}fi.c+*?ri7=$/^h./{.d#1yl1p.y7!.+5.g#q@av7g.psv',
        name: 'cab',
        password: '***REDACTED***'
      }

      at Object.log [as handleSubmit] (src/hooks/useRegistrationForm.ts:317:15)

    console.log
      [2026-02-08T19:37:11.037Z] ✅ API call successful

      at Object.log [as handleSubmit] (src/hooks/useRegistrationForm.ts:330:15)

    console.log
      [2026-02-08T19:37:11.037Z] ========== FORM SUBMISSION ENDED ==========

      at Object.log [as handleSubmit] (src/hooks/useRegistrationForm.ts:376:15)

    console.log
      ✅ preventDefault() called FIRST (stopPropagation also called if available)

      at Object.log [as handleSubmit] (src/hooks/useRegistrationForm.ts:277:13)

    console.log
      [2026-02-08T19:37:11.045Z] ========== FORM SUBMISSION STARTED ==========

      at Object.log [as handleSubmit] (src/hooks/useRegistrationForm.ts:280:13)

    console.log
      [2026-02-08T19:37:11.045Z] Event defaultPrevented: undefined

      at Object.log [as handleSubmit] (src/hooks/useRegistrationForm.ts:281:13)

    console.log
      [2026-02-08T19:37:11.045Z] Event type: undefined

      at Object.log [as handleSubmit] (src/hooks/useRegistrationForm.ts:282:13)

    console.log
      [2026-02-08T19:37:11.045Z] Event target: undefined

      at Object.log [as handleSubmit] (src/hooks/useRegistrationForm.ts:283:13)

    console.log
      [2026-02-08T19:37:11.045Z] Form data: {
        "fullName": "\\<uxa J",
        "email": "bwas/3=}p0_4@6y44903xp.va5yo8ac7dp.zz",
        "password": "!9pk)\"nUQa|^&|Uy*R|0",
        "confirmPassword": "!9pk)\"nUQa|^&|Uy*R|0"
      }

      at Object.log [as handleSubmit] (src/hooks/useRegistrationForm.ts:284:13)

    console.log
      [2026-02-08T19:37:11.045Z] Current errors: {}

      at Object.log [as handleSubmit] (src/hooks/useRegistrationForm.ts:285:13)

    console.log
      [2026-02-08T19:37:11.045Z] Is rate limited: false

      at Object.log [as handleSubmit] (src/hooks/useRegistrationForm.ts:286:13)

    console.log
      [2026-02-08T19:37:11.045Z] Validation result: true

      at Object.log [as handleSubmit] (src/hooks/useRegistrationForm.ts:296:13)

    console.log
      [2026-02-08T19:37:11.045Z] ✅ Validation passed, proceeding with API call

      at Object.log [as handleSubmit] (src/hooks/useRegistrationForm.ts:303:13)

    console.log
      [2026-02-08T19:37:11.045Z] 📡 Calling API client register method

      at Object.log [as handleSubmit] (src/hooks/useRegistrationForm.ts:316:15)

    console.log
      [2026-02-08T19:37:11.045Z] API payload: {
        email: 'bwas/3=}p0_4@6y44903xp.va5yo8ac7dp.zz',
        name: '\\<uxa J',
        password: '***REDACTED***'
      }

      at Object.log [as handleSubmit] (src/hooks/useRegistrationForm.ts:317:15)

    console.log
      [2026-02-08T19:37:11.045Z] ✅ API call successful

      at Object.log [as handleSubmit] (src/hooks/useRegistrationForm.ts:330:15)

    console.log
      [2026-02-08T19:37:11.045Z] ========== FORM SUBMISSION ENDED ==========

      at Object.log [as handleSubmit] (src/hooks/useRegistrationForm.ts:376:15)

    console.log
      ✅ preventDefault() called FIRST (stopPropagation also called if available)

      at Object.log [as handleSubmit] (src/hooks/useRegistrationForm.ts:277:13)

    console.log
      [2026-02-08T19:37:11.052Z] ========== FORM SUBMISSION STARTED ==========

      at Object.log [as handleSubmit] (src/hooks/useRegistrationForm.ts:280:13)

    console.log
      [2026-02-08T19:37:11.052Z] Event defaultPrevented: undefined

      at Object.log [as handleSubmit] (src/hooks/useRegistrationForm.ts:281:13)

    console.log
      [2026-02-08T19:37:11.052Z] Event type: undefined

      at Object.log [as handleSubmit] (src/hooks/useRegistrationForm.ts:282:13)

    console.log
      [2026-02-08T19:37:11.052Z] Event target: undefined

      at Object.log [as handleSubmit] (src/hooks/useRegistrationForm.ts:283:13)

    console.log
      [2026-02-08T19:37:11.052Z] Form data: {
        "fullName": "aBXp5`",
        "email": "4@kppvjmp3hzsi.uuq",
        "password": "t1j[9WDo",
        "confirmPassword": "t1j[9WDo"
      }

      at Object.log [as handleSubmit] (src/hooks/useRegistrationForm.ts:284:13)

    console.log
      [2026-02-08T19:37:11.052Z] Current errors: {}

      at Object.log [as handleSubmit] (src/hooks/useRegistrationForm.ts:285:13)

    console.log
      [2026-02-08T19:37:11.052Z] Is rate limited: false

      at Object.log [as handleSubmit] (src/hooks/useRegistrationForm.ts:286:13)

    console.log
      [2026-02-08T19:37:11.052Z] Validation result: true

      at Object.log [as handleSubmit] (src/hooks/useRegistrationForm.ts:296:13)

    console.log
      [2026-02-08T19:37:11.052Z] ✅ Validation passed, proceeding with API call

      at Object.log [as handleSubmit] (src/hooks/useRegistrationForm.ts:303:13)

    console.log
      [2026-02-08T19:37:11.052Z] 📡 Calling API client register method

      at Object.log [as handleSubmit] (src/hooks/useRegistrationForm.ts:316:15)

    console.log
      [2026-02-08T19:37:11.052Z] API payload: {
        email: '4@kppvjmp3hzsi.uuq',
        name: 'aBXp5`',
        password: '***REDACTED***'
      }

      at Object.log [as handleSubmit] (src/hooks/useRegistrationForm.ts:317:15)

    console.log
      [2026-02-08T19:37:11.052Z] ✅ API call successful

      at Object.log [as handleSubmit] (src/hooks/useRegistrationForm.ts:330:15)

    console.log
      [2026-02-08T19:37:11.052Z] ========== FORM SUBMISSION ENDED ==========

      at Object.log [as handleSubmit] (src/hooks/useRegistrationForm.ts:376:15)

    console.log
      ✅ preventDefault() called FIRST (stopPropagation also called if available)

      at Object.log [as handleSubmit] (src/hooks/useRegistrationForm.ts:277:13)

    console.log
      [2026-02-08T19:37:11.056Z] ========== FORM SUBMISSION STARTED ==========

      at Object.log [as handleSubmit] (src/hooks/useRegistrationForm.ts:280:13)

    console.log
      [2026-02-08T19:37:11.056Z] Event defaultPrevented: undefined

      at Object.log [as handleSubmit] (src/hooks/useRegistrationForm.ts:281:13)

    console.log
      [2026-02-08T19:37:11.056Z] Event type: undefined

      at Object.log [as handleSubmit] (src/hooks/useRegistrationForm.ts:282:13)

    console.log
      [2026-02-08T19:37:11.056Z] Event target: undefined

      at Object.log [as handleSubmit] (src/hooks/useRegistrationForm.ts:283:13)

    console.log
      [2026-02-08T19:37:11.056Z] Form data: {
        "fullName": "ARrS}3id",
        "email": "_@15.jcb",
        "password": "\"D$ pL0.(M ",
        "confirmPassword": "\"D$ pL0.(M "
      }

      at Object.log [as handleSubmit] (src/hooks/useRegistrationForm.ts:284:13)

    console.log
      [2026-02-08T19:37:11.056Z] Current errors: {}

      at Object.log [as handleSubmit] (src/hooks/useRegistrationForm.ts:285:13)

    console.log
      [2026-02-08T19:37:11.056Z] Is rate limited: false

      at Object.log [as handleSubmit] (src/hooks/useRegistrationForm.ts:286:13)

    console.log
      [2026-02-08T19:37:11.056Z] Validation result: true

      at Object.log [as handleSubmit] (src/hooks/useRegistrationForm.ts:296:13)

    console.log
      [2026-02-08T19:37:11.056Z] ✅ Validation passed, proceeding with API call

      at Object.log [as handleSubmit] (src/hooks/useRegistrationForm.ts:303:13)

    console.log
      [2026-02-08T19:37:11.056Z] 📡 Calling API client register method

      at Object.log [as handleSubmit] (src/hooks/useRegistrationForm.ts:316:15)

    console.log
      [2026-02-08T19:37:11.056Z] API payload: { email: '_@15.jcb', name: 'ARrS}3id', password: '***REDACTED***' }

      at Object.log [as handleSubmit] (src/hooks/useRegistrationForm.ts:317:15)

    console.log
      [2026-02-08T19:37:11.056Z] ✅ API call successful

      at Object.log [as handleSubmit] (src/hooks/useRegistrationForm.ts:330:15)

    console.log
      [2026-02-08T19:37:11.056Z] ========== FORM SUBMISSION ENDED ==========

      at Object.log [as handleSubmit] (src/hooks/useRegistrationForm.ts:376:15)

    console.log
      ✅ preventDefault() called FIRST (stopPropagation also called if available)

      at Object.log [as handleSubmit] (src/hooks/useRegistrationForm.ts:277:13)

    console.log
      [2026-02-08T19:37:11.062Z] ========== FORM SUBMISSION STARTED ==========

      at Object.log [as handleSubmit] (src/hooks/useRegistrationForm.ts:280:13)

    console.log
      [2026-02-08T19:37:11.062Z] Event defaultPrevented: undefined

      at Object.log [as handleSubmit] (src/hooks/useRegistrationForm.ts:281:13)

    console.log
      [2026-02-08T19:37:11.062Z] Event type: undefined

      at Object.log [as handleSubmit] (src/hooks/useRegistrationForm.ts:282:13)

    console.log
      [2026-02-08T19:37:11.062Z] Event target: undefined

      at Object.log [as handleSubmit] (src/hooks/useRegistrationForm.ts:283:13)

    console.log
      [2026-02-08T19:37:11.062Z] Form data: {
        "fullName": "{j=",
        "email": "m_br'.l5i`-9t}.jqt~cc5ty.8bklf--2x$?.lm$b8eey4.r%vs3q'?/@ohci.qh2.lid",
        "password": "E/7SCbe&",
        "confirmPassword": "E/7SCbe&"
      }

      at Object.log [as handleSubmit] (src/hooks/useRegistrationForm.ts:284:13)

    console.log
      [2026-02-08T19:37:11.062Z] Current errors: {}

      at Object.log [as handleSubmit] (src/hooks/useRegistrationForm.ts:285:13)

    console.log
      [2026-02-08T19:37:11.062Z] Is rate limited: false

      at Object.log [as handleSubmit] (src/hooks/useRegistrationForm.ts:286:13)

    console.log
      [2026-02-08T19:37:11.062Z] Validation result: true

      at Object.log [as handleSubmit] (src/hooks/useRegistrationForm.ts:296:13)

    console.log
      [2026-02-08T19:37:11.062Z] ✅ Validation passed, proceeding with API call

      at Object.log [as handleSubmit] (src/hooks/useRegistrationForm.ts:303:13)

    console.log
      [2026-02-08T19:37:11.062Z] 📡 Calling API client register method

      at Object.log [as handleSubmit] (src/hooks/useRegistrationForm.ts:316:15)

    console.log
      [2026-02-08T19:37:11.062Z] API payload: {
        email: "m_br'.l5i`-9t}.jqt~cc5ty.8bklf--2x$?.lm$b8eey4.r%vs3q'?/@ohci.qh2.lid",
        name: '{j=',
        password: '***REDACTED***'
      }

      at Object.log [as handleSubmit] (src/hooks/useRegistrationForm.ts:317:15)

    console.log
      [2026-02-08T19:37:11.062Z] ✅ API call successful

      at Object.log [as handleSubmit] (src/hooks/useRegistrationForm.ts:330:15)

    console.log
      [2026-02-08T19:37:11.062Z] ========== FORM SUBMISSION ENDED ==========

      at Object.log [as handleSubmit] (src/hooks/useRegistrationForm.ts:376:15)

    console.log
      ✅ preventDefault() called FIRST (stopPropagation also called if available)

      at Object.log [as handleSubmit] (src/hooks/useRegistrationForm.ts:277:13)

    console.log
      [2026-02-08T19:37:11.067Z] ========== FORM SUBMISSION STARTED ==========

      at Object.log [as handleSubmit] (src/hooks/useRegistrationForm.ts:280:13)

    console.log
      [2026-02-08T19:37:11.067Z] Event defaultPrevented: undefined

      at Object.log [as handleSubmit] (src/hooks/useRegistrationForm.ts:281:13)

    console.log
      [2026-02-08T19:37:11.067Z] Event type: undefined

      at Object.log [as handleSubmit] (src/hooks/useRegistrationForm.ts:282:13)

    console.log
      [2026-02-08T19:37:11.067Z] Event target: undefined

      at Object.log [as handleSubmit] (src/hooks/useRegistrationForm.ts:283:13)

    console.log
      [2026-02-08T19:37:11.067Z] Form data: {
        "fullName": "FOCIN,)^J",
        "email": "3e0|dl&y6.!$tc5_30.0e3.5qp/$l.fez-yx&~m-.$'a*p2wkvm6j.h'zu9c*r{@bb.lb",
        "password": "1i[(p~;Qy",
        "confirmPassword": "1i[(p~;Qy"
      }

      at Object.log [as handleSubmit] (src/hooks/useRegistrationForm.ts:284:13)

    console.log
      [2026-02-08T19:37:11.067Z] Current errors: {}

      at Object.log [as handleSubmit] (src/hooks/useRegistrationForm.ts:285:13)

    console.log
      [2026-02-08T19:37:11.067Z] Is rate limited: false

      at Object.log [as handleSubmit] (src/hooks/useRegistrationForm.ts:286:13)

    console.log
      [2026-02-08T19:37:11.067Z] Validation result: true

      at Object.log [as handleSubmit] (src/hooks/useRegistrationForm.ts:296:13)

    console.log
      [2026-02-08T19:37:11.067Z] ✅ Validation passed, proceeding with API call

      at Object.log [as handleSubmit] (src/hooks/useRegistrationForm.ts:303:13)

    console.log
      [2026-02-08T19:37:11.067Z] 📡 Calling API client register method

      at Object.log [as handleSubmit] (src/hooks/useRegistrationForm.ts:316:15)

    console.log
      [2026-02-08T19:37:11.067Z] API payload: {
        email: "3e0|dl&y6.!$tc5_30.0e3.5qp/$l.fez-yx&~m-.$'a*p2wkvm6j.h'zu9c*r{@bb.lb",
        name: 'FOCIN,)^J',
        password: '***REDACTED***'
      }

      at Object.log [as handleSubmit] (src/hooks/useRegistrationForm.ts:317:15)

    console.log
      [2026-02-08T19:37:11.067Z] ✅ API call successful

      at Object.log [as handleSubmit] (src/hooks/useRegistrationForm.ts:330:15)

    console.log
      [2026-02-08T19:37:11.067Z] ========== FORM SUBMISSION ENDED ==========

      at Object.log [as handleSubmit] (src/hooks/useRegistrationForm.ts:376:15)

    console.log
      ✅ preventDefault() called FIRST (stopPropagation also called if available)

      at Object.log [as handleSubmit] (src/hooks/useRegistrationForm.ts:277:13)

    console.log
      [2026-02-08T19:37:11.075Z] ========== FORM SUBMISSION STARTED ==========

      at Object.log [as handleSubmit] (src/hooks/useRegistrationForm.ts:280:13)

    console.log
      [2026-02-08T19:37:11.075Z] Event defaultPrevented: undefined

      at Object.log [as handleSubmit] (src/hooks/useRegistrationForm.ts:281:13)

    console.log
      [2026-02-08T19:37:11.075Z] Event type: undefined

      at Object.log [as handleSubmit] (src/hooks/useRegistrationForm.ts:282:13)

    console.log
      [2026-02-08T19:37:11.075Z] Event target: undefined

      at Object.log [as handleSubmit] (src/hooks/useRegistrationForm.ts:283:13)

    console.log
      [2026-02-08T19:37:11.075Z] Form data: {
        "fullName": "xJ+i",
        "email": "h6{78h*{i@ij.i.uwt",
        "password": "|f##j\"U}y4##!?C> w\\X0d",
        "confirmPassword": "|f##j\"U}y4##!?C> w\\X0d"
      }

      at Object.log [as handleSubmit] (src/hooks/useRegistrationForm.ts:284:13)

    console.log
      [2026-02-08T19:37:11.075Z] Current errors: {}

      at Object.log [as handleSubmit] (src/hooks/useRegistrationForm.ts:285:13)

    console.log
      [2026-02-08T19:37:11.075Z] Is rate limited: false

      at Object.log [as handleSubmit] (src/hooks/useRegistrationForm.ts:286:13)

    console.log
      [2026-02-08T19:37:11.075Z] Validation result: true

      at Object.log [as handleSubmit] (src/hooks/useRegistrationForm.ts:296:13)

    console.log
      [2026-02-08T19:37:11.075Z] ✅ Validation passed, proceeding with API call

      at Object.log [as handleSubmit] (src/hooks/useRegistrationForm.ts:303:13)

    console.log
      [2026-02-08T19:37:11.075Z] 📡 Calling API client register method

      at Object.log [as handleSubmit] (src/hooks/useRegistrationForm.ts:316:15)

    console.log
      [2026-02-08T19:37:11.075Z] API payload: {
        email: 'h6{78h*{i@ij.i.uwt',
        name: 'xJ+i',
        password: '***REDACTED***'
      }

      at Object.log [as handleSubmit] (src/hooks/useRegistrationForm.ts:317:15)

    console.log
      [2026-02-08T19:37:11.075Z] ✅ API call successful

      at Object.log [as handleSubmit] (src/hooks/useRegistrationForm.ts:330:15)

    console.log
      [2026-02-08T19:37:11.075Z] ========== FORM SUBMISSION ENDED ==========

      at Object.log [as handleSubmit] (src/hooks/useRegistrationForm.ts:376:15)

    console.log
      ✅ preventDefault() called FIRST (stopPropagation also called if available)

      at Object.log [as handleSubmit] (src/hooks/useRegistrationForm.ts:277:13)

    console.log
      [2026-02-08T19:37:11.083Z] ========== FORM SUBMISSION STARTED ==========

      at Object.log [as handleSubmit] (src/hooks/useRegistrationForm.ts:280:13)

    console.log
      [2026-02-08T19:37:11.083Z] Event defaultPrevented: undefined

      at Object.log [as handleSubmit] (src/hooks/useRegistrationForm.ts:281:13)

    console.log
      [2026-02-08T19:37:11.083Z] Event type: undefined

      at Object.log [as handleSubmit] (src/hooks/useRegistrationForm.ts:282:13)

    console.log
      [2026-02-08T19:37:11.083Z] Event target: undefined

      at Object.log [as handleSubmit] (src/hooks/useRegistrationForm.ts:283:13)

    console.log
      [2026-02-08T19:37:11.083Z] Form data: {
        "fullName": "G_9r",
        "email": "joo'#`o?%!.zmatc-.rzdp%s$`~q4v.kv7*.7*+`7$37`r27.%^m-415rt.r.s@cifid4ngto.jlf8a283fqr.ib",
        "password": "D?3\"*|mx",
        "confirmPassword": "D?3\"*|mx"
      }

      at Object.log [as handleSubmit] (src/hooks/useRegistrationForm.ts:284:13)

    console.log
      [2026-02-08T19:37:11.083Z] Current errors: {}

      at Object.log [as handleSubmit] (src/hooks/useRegistrationForm.ts:285:13)

    console.log
      [2026-02-08T19:37:11.083Z] Is rate limited: false

      at Object.log [as handleSubmit] (src/hooks/useRegistrationForm.ts:286:13)

    console.log
      [2026-02-08T19:37:11.083Z] Validation result: true

      at Object.log [as handleSubmit] (src/hooks/useRegistrationForm.ts:296:13)

    console.log
      [2026-02-08T19:37:11.083Z] ✅ Validation passed, proceeding with API call

      at Object.log [as handleSubmit] (src/hooks/useRegistrationForm.ts:303:13)

    console.log
      [2026-02-08T19:37:11.083Z] 📡 Calling API client register method

      at Object.log [as handleSubmit] (src/hooks/useRegistrationForm.ts:316:15)

    console.log
      [2026-02-08T19:37:11.083Z] API payload: {
        email: "joo'#`o?%!.zmatc-.rzdp%s$`~q4v.kv7*.7*+`7$37`r27.%^m-415rt.r.s@cifid4ngto.jlf8a283fqr.ib",
        name: 'G_9r',
        password: '***REDACTED***'
      }

      at Object.log [as handleSubmit] (src/hooks/useRegistrationForm.ts:317:15)

    console.log
      [2026-02-08T19:37:11.083Z] ✅ API call successful

      at Object.log [as handleSubmit] (src/hooks/useRegistrationForm.ts:330:15)

    console.log
      [2026-02-08T19:37:11.083Z] ========== FORM SUBMISSION ENDED ==========

      at Object.log [as handleSubmit] (src/hooks/useRegistrationForm.ts:376:15)

    console.log
      ✅ preventDefault() called FIRST (stopPropagation also called if available)

      at Object.log [as handleSubmit] (src/hooks/useRegistrationForm.ts:277:13)

    console.log
      [2026-02-08T19:37:11.091Z] ========== FORM SUBMISSION STARTED ==========

      at Object.log [as handleSubmit] (src/hooks/useRegistrationForm.ts:280:13)

    console.log
      [2026-02-08T19:37:11.091Z] Event defaultPrevented: undefined

      at Object.log [as handleSubmit] (src/hooks/useRegistrationForm.ts:281:13)

    console.log
      [2026-02-08T19:37:11.091Z] Event type: undefined

      at Object.log [as handleSubmit] (src/hooks/useRegistrationForm.ts:282:13)

    console.log
      [2026-02-08T19:37:11.091Z] Event target: undefined

      at Object.log [as handleSubmit] (src/hooks/useRegistrationForm.ts:283:13)

    console.log
      [2026-02-08T19:37:11.091Z] Form data: {
        "fullName": "!)AxS|l",
        "email": "7d?d.i.2vpj#5~xk._./28lengthna.&uc}}.33=.0^213{lsh$6.c%i@d7.fww",
        "password": "DmkuN&x6? VfjpQ1",
        "confirmPassword": "DmkuN&x6? VfjpQ1"
      }

      at Object.log [as handleSubmit] (src/hooks/useRegistrationForm.ts:284:13)

    console.log
      [2026-02-08T19:37:11.091Z] Current errors: {}

      at Object.log [as handleSubmit] (src/hooks/useRegistrationForm.ts:285:13)

    console.log
      [2026-02-08T19:37:11.091Z] Is rate limited: false

      at Object.log [as handleSubmit] (src/hooks/useRegistrationForm.ts:286:13)

    console.log
      [2026-02-08T19:37:11.091Z] Validation result: true

      at Object.log [as handleSubmit] (src/hooks/useRegistrationForm.ts:296:13)

    console.log
      [2026-02-08T19:37:11.091Z] ✅ Validation passed, proceeding with API call

      at Object.log [as handleSubmit] (src/hooks/useRegistrationForm.ts:303:13)

    console.log
      [2026-02-08T19:37:11.091Z] 📡 Calling API client register method

      at Object.log [as handleSubmit] (src/hooks/useRegistrationForm.ts:316:15)

    console.log
      [2026-02-08T19:37:11.091Z] API payload: {
        email: '7d?d.i.2vpj#5~xk._./28lengthna.&uc}}.33=.0^213{lsh$6.c%i@d7.fww',
        name: '!)AxS|l',
        password: '***REDACTED***'
      }

      at Object.log [as handleSubmit] (src/hooks/useRegistrationForm.ts:317:15)

    console.log
      [2026-02-08T19:37:11.091Z] ✅ API call successful

      at Object.log [as handleSubmit] (src/hooks/useRegistrationForm.ts:330:15)

    console.log
      [2026-02-08T19:37:11.091Z] ========== FORM SUBMISSION ENDED ==========

      at Object.log [as handleSubmit] (src/hooks/useRegistrationForm.ts:376:15)

    console.log
      ✅ preventDefault() called FIRST (stopPropagation also called if available)

      at Object.log [as handleSubmit] (src/hooks/useRegistrationForm.ts:277:13)

    console.log
      [2026-02-08T19:37:11.097Z] ========== FORM SUBMISSION STARTED ==========

      at Object.log [as handleSubmit] (src/hooks/useRegistrationForm.ts:280:13)

    console.log
      [2026-02-08T19:37:11.097Z] Event defaultPrevented: undefined

      at Object.log [as handleSubmit] (src/hooks/useRegistrationForm.ts:281:13)

    console.log
      [2026-02-08T19:37:11.097Z] Event type: undefined

      at Object.log [as handleSubmit] (src/hooks/useRegistrationForm.ts:282:13)

    console.log
      [2026-02-08T19:37:11.097Z] Event target: undefined

      at Object.log [as handleSubmit] (src/hooks/useRegistrationForm.ts:283:13)

    console.log
      [2026-02-08T19:37:11.097Z] Form data: {
        "fullName": "J!",
        "email": "%-b7.`fc^-e4~b.y?31_9o{.xeg`*|wc.iwk7e2t`/r.~~qk{5#^~=o3.f1#@y54u9xsf.oke",
        "password": "{~b#y$ G! $7\"Fyx#1l",
        "confirmPassword": "{~b#y$ G! $7\"Fyx#1l"
      }

      at Object.log [as handleSubmit] (src/hooks/useRegistrationForm.ts:284:13)

    console.log
      [2026-02-08T19:37:11.097Z] Current errors: {}

      at Object.log [as handleSubmit] (src/hooks/useRegistrationForm.ts:285:13)

    console.log
      [2026-02-08T19:37:11.097Z] Is rate limited: false

      at Object.log [as handleSubmit] (src/hooks/useRegistrationForm.ts:286:13)

    console.log
      [2026-02-08T19:37:11.097Z] Validation result: true

      at Object.log [as handleSubmit] (src/hooks/useRegistrationForm.ts:296:13)

    console.log
      [2026-02-08T19:37:11.097Z] ✅ Validation passed, proceeding with API call

      at Object.log [as handleSubmit] (src/hooks/useRegistrationForm.ts:303:13)

    console.log
      [2026-02-08T19:37:11.097Z] 📡 Calling API client register method

      at Object.log [as handleSubmit] (src/hooks/useRegistrationForm.ts:316:15)

    console.log
      [2026-02-08T19:37:11.097Z] API payload: {
        email: '%-b7.`fc^-e4~b.y?31_9o{.xeg`*|wc.iwk7e2t`/r.~~qk{5#^~=o3.f1#@y54u9xsf.oke',
        name: 'J!',
        password: '***REDACTED***'
      }

      at Object.log [as handleSubmit] (src/hooks/useRegistrationForm.ts:317:15)

    console.log
      [2026-02-08T19:37:11.097Z] ✅ API call successful

      at Object.log [as handleSubmit] (src/hooks/useRegistrationForm.ts:330:15)

    console.log
      [2026-02-08T19:37:11.097Z] ========== FORM SUBMISSION ENDED ==========

      at Object.log [as handleSubmit] (src/hooks/useRegistrationForm.ts:376:15)

    console.log
      ✅ preventDefault() called FIRST (stopPropagation also called if available)

      at Object.log [as handleSubmit] (src/hooks/useRegistrationForm.ts:277:13)

    console.log
      [2026-02-08T19:37:11.102Z] ========== FORM SUBMISSION STARTED ==========

      at Object.log [as handleSubmit] (src/hooks/useRegistrationForm.ts:280:13)

    console.log
      [2026-02-08T19:37:11.102Z] Event defaultPrevented: undefined

      at Object.log [as handleSubmit] (src/hooks/useRegistrationForm.ts:281:13)

    console.log
      [2026-02-08T19:37:11.102Z] Event type: undefined

      at Object.log [as handleSubmit] (src/hooks/useRegistrationForm.ts:282:13)

    console.log
      [2026-02-08T19:37:11.102Z] Event target: undefined

      at Object.log [as handleSubmit] (src/hooks/useRegistrationForm.ts:283:13)

    console.log
      [2026-02-08T19:37:11.102Z] Form data: {
        "fullName": "]$b+<mQ%`Z",
        "email": "-za8bav%.qy{$iy!ppd8.gb`-bz12.6=7`5bt@xnfbk8g.79of2e8zi.zu",
        "password": "?{$?EMk:m?#la*.]`]BE;8BQ9$",
        "confirmPassword": "?{$?EMk:m?#la*.]`]BE;8BQ9$"
      }

      at Object.log [as handleSubmit] (src/hooks/useRegistrationForm.ts:284:13)

    console.log
      [2026-02-08T19:37:11.102Z] Current errors: {}

      at Object.log [as handleSubmit] (src/hooks/useRegistrationForm.ts:285:13)

    console.log
      [2026-02-08T19:37:11.102Z] Is rate limited: false

      at Object.log [as handleSubmit] (src/hooks/useRegistrationForm.ts:286:13)

    console.log
      [2026-02-08T19:37:11.102Z] Validation result: true

      at Object.log [as handleSubmit] (src/hooks/useRegistrationForm.ts:296:13)

    console.log
      [2026-02-08T19:37:11.102Z] ✅ Validation passed, proceeding with API call

      at Object.log [as handleSubmit] (src/hooks/useRegistrationForm.ts:303:13)

    console.log
      [2026-02-08T19:37:11.102Z] 📡 Calling API client register method

      at Object.log [as handleSubmit] (src/hooks/useRegistrationForm.ts:316:15)

    console.log
      [2026-02-08T19:37:11.102Z] API payload: {
        email: '-za8bav%.qy{$iy!ppd8.gb`-bz12.6=7`5bt@xnfbk8g.79of2e8zi.zu',
        name: ']$b+<mQ%`Z',
        password: '***REDACTED***'
      }

      at Object.log [as handleSubmit] (src/hooks/useRegistrationForm.ts:317:15)

    console.log
      [2026-02-08T19:37:11.102Z] ✅ API call successful

      at Object.log [as handleSubmit] (src/hooks/useRegistrationForm.ts:330:15)

    console.log
      [2026-02-08T19:37:11.102Z] ========== FORM SUBMISSION ENDED ==========

      at Object.log [as handleSubmit] (src/hooks/useRegistrationForm.ts:376:15)

    console.log
      ✅ preventDefault() called FIRST (stopPropagation also called if available)

      at Object.log [as handleSubmit] (src/hooks/useRegistrationForm.ts:277:13)

    console.log
      [2026-02-08T19:37:11.112Z] ========== FORM SUBMISSION STARTED ==========

      at Object.log [as handleSubmit] (src/hooks/useRegistrationForm.ts:280:13)

    console.log
      [2026-02-08T19:37:11.112Z] Event defaultPrevented: undefined

      at Object.log [as handleSubmit] (src/hooks/useRegistrationForm.ts:281:13)

    console.log
      [2026-02-08T19:37:11.112Z] Event type: undefined

      at Object.log [as handleSubmit] (src/hooks/useRegistrationForm.ts:282:13)

    console.log
      [2026-02-08T19:37:11.112Z] Event target: undefined

      at Object.log [as handleSubmit] (src/hooks/useRegistrationForm.ts:283:13)

    console.log
      [2026-02-08T19:37:11.112Z] Form data: {
        "fullName": "cPOYHT-CECD9A",
        "email": "uk/ksd{.dr+zyw|/._g}i9~.-ghtx0.wd`+wk2h.te?.v*n5d~ln7hz@u6qu8.irn",
        "password": "RoW(Mklm]kU '}K{8FP",
        "confirmPassword": "RoW(Mklm]kU '}K{8FP"
      }

      at Object.log [as handleSubmit] (src/hooks/useRegistrationForm.ts:284:13)

    console.log
      [2026-02-08T19:37:11.112Z] Current errors: {}

      at Object.log [as handleSubmit] (src/hooks/useRegistrationForm.ts:285:13)

    console.log
      [2026-02-08T19:37:11.112Z] Is rate limited: false

      at Object.log [as handleSubmit] (src/hooks/useRegistrationForm.ts:286:13)

    console.log
      [2026-02-08T19:37:11.112Z] Validation result: true

      at Object.log [as handleSubmit] (src/hooks/useRegistrationForm.ts:296:13)

    console.log
      [2026-02-08T19:37:11.112Z] ✅ Validation passed, proceeding with API call

      at Object.log [as handleSubmit] (src/hooks/useRegistrationForm.ts:303:13)

    console.log
      [2026-02-08T19:37:11.112Z] 📡 Calling API client register method

      at Object.log [as handleSubmit] (src/hooks/useRegistrationForm.ts:316:15)

    console.log
      [2026-02-08T19:37:11.112Z] API payload: {
        email: 'uk/ksd{.dr+zyw|/._g}i9~.-ghtx0.wd`+wk2h.te?.v*n5d~ln7hz@u6qu8.irn',
        name: 'cPOYHT-CECD9A',
        password: '***REDACTED***'
      }

      at Object.log [as handleSubmit] (src/hooks/useRegistrationForm.ts:317:15)

    console.log
      [2026-02-08T19:37:11.112Z] ✅ API call successful

      at Object.log [as handleSubmit] (src/hooks/useRegistrationForm.ts:330:15)

    console.log
      [2026-02-08T19:37:11.112Z] ========== FORM SUBMISSION ENDED ==========

      at Object.log [as handleSubmit] (src/hooks/useRegistrationForm.ts:376:15)

    console.log
      ✅ preventDefault() called FIRST (stopPropagation also called if available)

      at Object.log [as handleSubmit] (src/hooks/useRegistrationForm.ts:277:13)

    console.log
      [2026-02-08T19:37:11.117Z] ========== FORM SUBMISSION STARTED ==========

      at Object.log [as handleSubmit] (src/hooks/useRegistrationForm.ts:280:13)

    console.log
      [2026-02-08T19:37:11.117Z] Event defaultPrevented: undefined

      at Object.log [as handleSubmit] (src/hooks/useRegistrationForm.ts:281:13)

    console.log
      [2026-02-08T19:37:11.117Z] Event type: undefined

      at Object.log [as handleSubmit] (src/hooks/useRegistrationForm.ts:282:13)

    console.log
      [2026-02-08T19:37:11.117Z] Event target: undefined

      at Object.log [as handleSubmit] (src/hooks/useRegistrationForm.ts:283:13)

    console.log
      [2026-02-08T19:37:11.117Z] Form data: {
        "fullName": "O`",
        "email": "qmst-p5.b01uzby=_f.9`cd.k/{7w@anfdj.qib1hojgu.wg",
        "password": ",~0Jlk!5m\"IQTX'[",
        "confirmPassword": ",~0Jlk!5m\"IQTX'["
      }

      at Object.log [as handleSubmit] (src/hooks/useRegistrationForm.ts:284:13)

    console.log
      [2026-02-08T19:37:11.117Z] Current errors: {}

      at Object.log [as handleSubmit] (src/hooks/useRegistrationForm.ts:285:13)

    console.log
      [2026-02-08T19:37:11.117Z] Is rate limited: false

      at Object.log [as handleSubmit] (src/hooks/useRegistrationForm.ts:286:13)

    console.log
      [2026-02-08T19:37:11.117Z] Validation result: true

      at Object.log [as handleSubmit] (src/hooks/useRegistrationForm.ts:296:13)

    console.log
      [2026-02-08T19:37:11.117Z] ✅ Validation passed, proceeding with API call

      at Object.log [as handleSubmit] (src/hooks/useRegistrationForm.ts:303:13)

    console.log
      [2026-02-08T19:37:11.117Z] 📡 Calling API client register method

      at Object.log [as handleSubmit] (src/hooks/useRegistrationForm.ts:316:15)

    console.log
      [2026-02-08T19:37:11.117Z] API payload: {
        email: 'qmst-p5.b01uzby=_f.9`cd.k/{7w@anfdj.qib1hojgu.wg',
        name: 'O`',
        password: '***REDACTED***'
      }

      at Object.log [as handleSubmit] (src/hooks/useRegistrationForm.ts:317:15)

    console.log
      [2026-02-08T19:37:11.117Z] ✅ API call successful

      at Object.log [as handleSubmit] (src/hooks/useRegistrationForm.ts:330:15)

    console.log
      [2026-02-08T19:37:11.117Z] ========== FORM SUBMISSION ENDED ==========

      at Object.log [as handleSubmit] (src/hooks/useRegistrationForm.ts:376:15)

    console.log
      ✅ preventDefault() called FIRST (stopPropagation also called if available)

      at Object.log [as handleSubmit] (src/hooks/useRegistrationForm.ts:277:13)

    console.log
      [2026-02-08T19:37:11.131Z] ========== FORM SUBMISSION STARTED ==========

      at Object.log [as handleSubmit] (src/hooks/useRegistrationForm.ts:280:13)

    console.log
      [2026-02-08T19:37:11.131Z] Event defaultPrevented: undefined

      at Object.log [as handleSubmit] (src/hooks/useRegistrationForm.ts:281:13)

    console.log
      [2026-02-08T19:37:11.131Z] Event type: undefined

      at Object.log [as handleSubmit] (src/hooks/useRegistrationForm.ts:282:13)

    console.log
      [2026-02-08T19:37:11.131Z] Event target: undefined

      at Object.log [as handleSubmit] (src/hooks/useRegistrationForm.ts:283:13)

    console.log
      [2026-02-08T19:37:11.131Z] Form data: {
        "fullName": "John Doe",
        "email": "toString",
        "password": "Password123!",
        "confirmPassword": "Password123!"
      }

      at Object.log [as handleSubmit] (src/hooks/useRegistrationForm.ts:284:13)

    console.log
      [2026-02-08T19:37:11.131Z] Current errors: {}

      at Object.log [as handleSubmit] (src/hooks/useRegistrationForm.ts:285:13)

    console.log
      [2026-02-08T19:37:11.131Z] Is rate limited: false

      at Object.log [as handleSubmit] (src/hooks/useRegistrationForm.ts:286:13)

    console.log
      [2026-02-08T19:37:11.131Z] Validation result: false

      at Object.log [as handleSubmit] (src/hooks/useRegistrationForm.ts:296:13)

    console.log
      [2026-02-08T19:37:11.131Z] ❌ Form submission blocked: validation failed

      at Object.log [as handleSubmit] (src/hooks/useRegistrationForm.ts:298:15)

    console.log
      [2026-02-08T19:37:11.131Z] Validation errors: {}

      at Object.log [as handleSubmit] (src/hooks/useRegistrationForm.ts:299:15)

    console.log
      ✅ preventDefault() called FIRST (stopPropagation also called if available)

      at Object.log [as handleSubmit] (src/hooks/useRegistrationForm.ts:277:13)

    console.log
      [2026-02-08T19:37:11.138Z] ========== FORM SUBMISSION STARTED ==========

      at Object.log [as handleSubmit] (src/hooks/useRegistrationForm.ts:280:13)

    console.log
      [2026-02-08T19:37:11.138Z] Event defaultPrevented: undefined

      at Object.log [as handleSubmit] (src/hooks/useRegistrationForm.ts:281:13)

    console.log
      [2026-02-08T19:37:11.138Z] Event type: undefined

      at Object.log [as handleSubmit] (src/hooks/useRegistrationForm.ts:282:13)

    console.log
      [2026-02-08T19:37:11.138Z] Event target: undefined

      at Object.log [as handleSubmit] (src/hooks/useRegistrationForm.ts:283:13)

    console.log
      [2026-02-08T19:37:11.138Z] Form data: {
        "fullName": "John Doe",
        "email": "",
        "password": "Password123!",
        "confirmPassword": "Password123!"
      }

      at Object.log [as handleSubmit] (src/hooks/useRegistrationForm.ts:284:13)

    console.log
      [2026-02-08T19:37:11.138Z] Current errors: {}

      at Object.log [as handleSubmit] (src/hooks/useRegistrationForm.ts:285:13)

    console.log
      [2026-02-08T19:37:11.138Z] Is rate limited: false

      at Object.log [as handleSubmit] (src/hooks/useRegistrationForm.ts:286:13)

    console.log
      [2026-02-08T19:37:11.138Z] Validation result: false

      at Object.log [as handleSubmit] (src/hooks/useRegistrationForm.ts:296:13)

    console.log
      [2026-02-08T19:37:11.138Z] ❌ Form submission blocked: validation failed

      at Object.log [as handleSubmit] (src/hooks/useRegistrationForm.ts:298:15)

    console.log
      [2026-02-08T19:37:11.138Z] Validation errors: {}

      at Object.log [as handleSubmit] (src/hooks/useRegistrationForm.ts:299:15)

    console.log
      ✅ preventDefault() called FIRST (stopPropagation also called if available)

      at Object.log [as handleSubmit] (src/hooks/useRegistrationForm.ts:277:13)

    console.log
      [2026-02-08T19:37:11.144Z] ========== FORM SUBMISSION STARTED ==========

      at Object.log [as handleSubmit] (src/hooks/useRegistrationForm.ts:280:13)

    console.log
      [2026-02-08T19:37:11.144Z] Event defaultPrevented: undefined

      at Object.log [as handleSubmit] (src/hooks/useRegistrationForm.ts:281:13)

    console.log
      [2026-02-08T19:37:11.144Z] Event type: undefined

      at Object.log [as handleSubmit] (src/hooks/useRegistrationForm.ts:282:13)

    console.log
      [2026-02-08T19:37:11.144Z] Event target: undefined

      at Object.log [as handleSubmit] (src/hooks/useRegistrationForm.ts:283:13)

    console.log
      [2026-02-08T19:37:11.144Z] Form data: {
        "fullName": "John Doe",
        "email": "a",
        "password": "Password123!",
        "confirmPassword": "Password123!"
      }

      at Object.log [as handleSubmit] (src/hooks/useRegistrationForm.ts:284:13)

    console.log
      [2026-02-08T19:37:11.144Z] Current errors: {}

      at Object.log [as handleSubmit] (src/hooks/useRegistrationForm.ts:285:13)

    console.log
      [2026-02-08T19:37:11.144Z] Is rate limited: false

      at Object.log [as handleSubmit] (src/hooks/useRegistrationForm.ts:286:13)

    console.log
      [2026-02-08T19:37:11.144Z] Validation result: false

      at Object.log [as handleSubmit] (src/hooks/useRegistrationForm.ts:296:13)

    console.log
      [2026-02-08T19:37:11.144Z] ❌ Form submission blocked: validation failed

      at Object.log [as handleSubmit] (src/hooks/useRegistrationForm.ts:298:15)

    console.log
      [2026-02-08T19:37:11.144Z] Validation errors: {}

      at Object.log [as handleSubmit] (src/hooks/useRegistrationForm.ts:299:15)

    console.log
      ✅ preventDefault() called FIRST (stopPropagation also called if available)

      at Object.log [as handleSubmit] (src/hooks/useRegistrationForm.ts:277:13)

    console.log
      [2026-02-08T19:37:11.146Z] ========== FORM SUBMISSION STARTED ==========

      at Object.log [as handleSubmit] (src/hooks/useRegistrationForm.ts:280:13)

    console.log
      [2026-02-08T19:37:11.146Z] Event defaultPrevented: undefined

      at Object.log [as handleSubmit] (src/hooks/useRegistrationForm.ts:281:13)

    console.log
      [2026-02-08T19:37:11.146Z] Event type: undefined

      at Object.log [as handleSubmit] (src/hooks/useRegistrationForm.ts:282:13)

    console.log
      [2026-02-08T19:37:11.146Z] Event target: undefined

      at Object.log [as handleSubmit] (src/hooks/useRegistrationForm.ts:283:13)

    console.log
      [2026-02-08T19:37:11.146Z] Form data: {
        "fullName": "John Doe",
        "email": "pxt+d9&lv~.4.}b/dwiq.#8!.6p5!8+=h.}lu_svx4-?4.456.f|9fr#$@435q7m-9bu8b.5z6u1rjjyo.yi",
        "password": "Password123!",
        "confirmPassword": "Password123!"
      }

      at Object.log [as handleSubmit] (src/hooks/useRegistrationForm.ts:284:13)

    console.log
      [2026-02-08T19:37:11.146Z] Current errors: {}

      at Object.log [as handleSubmit] (src/hooks/useRegistrationForm.ts:285:13)

    console.log
      [2026-02-08T19:37:11.146Z] Is rate limited: false

      at Object.log [as handleSubmit] (src/hooks/useRegistrationForm.ts:286:13)

    console.log
      [2026-02-08T19:37:11.146Z] Validation result: true

      at Object.log [as handleSubmit] (src/hooks/useRegistrationForm.ts:296:13)

    console.log
      [2026-02-08T19:37:11.146Z] ✅ Validation passed, proceeding with API call

      at Object.log [as handleSubmit] (src/hooks/useRegistrationForm.ts:303:13)

    console.log
      [2026-02-08T19:37:11.146Z] 📡 Calling API client register method

      at Object.log [as handleSubmit] (src/hooks/useRegistrationForm.ts:316:15)

    console.log
      [2026-02-08T19:37:11.146Z] API payload: {
        email: 'pxt+d9&lv~.4.}b/dwiq.#8!.6p5!8+=h.}lu_svx4-?4.456.f|9fr#$@435q7m-9bu8b.5z6u1rjjyo.yi',
        name: 'John Doe',
        password: '***REDACTED***'
      }

      at Object.log [as handleSubmit] (src/hooks/useRegistrationForm.ts:317:15)

    console.log
      [2026-02-08T19:37:11.146Z] ✅ API call successful

      at Object.log [as handleSubmit] (src/hooks/useRegistrationForm.ts:330:15)

    console.log
      [2026-02-08T19:37:11.146Z] ========== FORM SUBMISSION ENDED ==========

      at Object.log [as handleSubmit] (src/hooks/useRegistrationForm.ts:376:15)

    console.log
      ✅ preventDefault() called FIRST (stopPropagation also called if available)

      at Object.log [as handleSubmit] (src/hooks/useRegistrationForm.ts:277:13)

    console.log
      [2026-02-08T19:37:11.152Z] ========== FORM SUBMISSION STARTED ==========

      at Object.log [as handleSubmit] (src/hooks/useRegistrationForm.ts:280:13)

    console.log
      [2026-02-08T19:37:11.152Z] Event defaultPrevented: undefined

      at Object.log [as handleSubmit] (src/hooks/useRegistrationForm.ts:281:13)

    console.log
      [2026-02-08T19:37:11.152Z] Event type: undefined

      at Object.log [as handleSubmit] (src/hooks/useRegistrationForm.ts:282:13)

    console.log
      [2026-02-08T19:37:11.152Z] Event target: undefined

      at Object.log [as handleSubmit] (src/hooks/useRegistrationForm.ts:283:13)

    console.log
      [2026-02-08T19:37:11.152Z] Form data: {
        "fullName": "John Doe",
        "email": "ref",
        "password": "Password123!",
        "confirmPassword": "Password123!"
      }

      at Object.log [as handleSubmit] (src/hooks/useRegistrationForm.ts:284:13)

    console.log
      [2026-02-08T19:37:11.152Z] Current errors: {}

      at Object.log [as handleSubmit] (src/hooks/useRegistrationForm.ts:285:13)

    console.log
      [2026-02-08T19:37:11.152Z] Is rate limited: false

      at Object.log [as handleSubmit] (src/hooks/useRegistrationForm.ts:286:13)

    console.log
      [2026-02-08T19:37:11.152Z] Validation result: false

      at Object.log [as handleSubmit] (src/hooks/useRegistrationForm.ts:296:13)

    console.log
      [2026-02-08T19:37:11.152Z] ❌ Form submission blocked: validation failed

      at Object.log [as handleSubmit] (src/hooks/useRegistrationForm.ts:298:15)

    console.log
      [2026-02-08T19:37:11.152Z] Validation errors: {}

      at Object.log [as handleSubmit] (src/hooks/useRegistrationForm.ts:299:15)

    console.log
      ✅ preventDefault() called FIRST (stopPropagation also called if available)

      at Object.log [as handleSubmit] (src/hooks/useRegistrationForm.ts:277:13)

    console.log
      [2026-02-08T19:37:11.155Z] ========== FORM SUBMISSION STARTED ==========

      at Object.log [as handleSubmit] (src/hooks/useRegistrationForm.ts:280:13)

    console.log
      [2026-02-08T19:37:11.155Z] Event defaultPrevented: undefined

      at Object.log [as handleSubmit] (src/hooks/useRegistrationForm.ts:281:13)

    console.log
      [2026-02-08T19:37:11.155Z] Event type: undefined

      at Object.log [as handleSubmit] (src/hooks/useRegistrationForm.ts:282:13)

    console.log
      [2026-02-08T19:37:11.155Z] Event target: undefined

      at Object.log [as handleSubmit] (src/hooks/useRegistrationForm.ts:283:13)

    console.log
      [2026-02-08T19:37:11.155Z] Form data: {
        "fullName": "John Doe",
        "email": "~(",
        "password": "Password123!",
        "confirmPassword": "Password123!"
      }

      at Object.log [as handleSubmit] (src/hooks/useRegistrationForm.ts:284:13)

    console.log
      [2026-02-08T19:37:11.155Z] Current errors: {}

      at Object.log [as handleSubmit] (src/hooks/useRegistrationForm.ts:285:13)

    console.log
      [2026-02-08T19:37:11.155Z] Is rate limited: false

      at Object.log [as handleSubmit] (src/hooks/useRegistrationForm.ts:286:13)

    console.log
      [2026-02-08T19:37:11.155Z] Validation result: false

      at Object.log [as handleSubmit] (src/hooks/useRegistrationForm.ts:296:13)

    console.log
      [2026-02-08T19:37:11.155Z] ❌ Form submission blocked: validation failed

      at Object.log [as handleSubmit] (src/hooks/useRegistrationForm.ts:298:15)

    console.log
      [2026-02-08T19:37:11.155Z] Validation errors: {}

      at Object.log [as handleSubmit] (src/hooks/useRegistrationForm.ts:299:15)

    console.log
      ✅ preventDefault() called FIRST (stopPropagation also called if available)

      at Object.log [as handleSubmit] (src/hooks/useRegistrationForm.ts:277:13)

    console.log
      [2026-02-08T19:37:11.163Z] ========== FORM SUBMISSION STARTED ==========

      at Object.log [as handleSubmit] (src/hooks/useRegistrationForm.ts:280:13)

    console.log
      [2026-02-08T19:37:11.163Z] Event defaultPrevented: undefined

      at Object.log [as handleSubmit] (src/hooks/useRegistrationForm.ts:281:13)

    console.log
      [2026-02-08T19:37:11.163Z] Event type: undefined

      at Object.log [as handleSubmit] (src/hooks/useRegistrationForm.ts:282:13)

    console.log
      [2026-02-08T19:37:11.163Z] Event target: undefined

      at Object.log [as handleSubmit] (src/hooks/useRegistrationForm.ts:283:13)

    console.log
      [2026-02-08T19:37:11.163Z] Form data: {
        "fullName": "John Doe",
        "email": "OK",
        "password": "Password123!",
        "confirmPassword": "Password123!"
      }

      at Object.log [as handleSubmit] (src/hooks/useRegistrationForm.ts:284:13)

    console.log
      [2026-02-08T19:37:11.163Z] Current errors: {}

      at Object.log [as handleSubmit] (src/hooks/useRegistrationForm.ts:285:13)

    console.log
      [2026-02-08T19:37:11.163Z] Is rate limited: false

      at Object.log [as handleSubmit] (src/hooks/useRegistrationForm.ts:286:13)

    console.log
      [2026-02-08T19:37:11.163Z] Validation result: false

      at Object.log [as handleSubmit] (src/hooks/useRegistrationForm.ts:296:13)

    console.log
      [2026-02-08T19:37:11.163Z] ❌ Form submission blocked: validation failed

      at Object.log [as handleSubmit] (src/hooks/useRegistrationForm.ts:298:15)

    console.log
      [2026-02-08T19:37:11.163Z] Validation errors: {}

      at Object.log [as handleSubmit] (src/hooks/useRegistrationForm.ts:299:15)

    console.log
      ✅ preventDefault() called FIRST (stopPropagation also called if available)

      at Object.log [as handleSubmit] (src/hooks/useRegistrationForm.ts:277:13)

    console.log
      [2026-02-08T19:37:11.168Z] ========== FORM SUBMISSION STARTED ==========

      at Object.log [as handleSubmit] (src/hooks/useRegistrationForm.ts:280:13)

    console.log
      [2026-02-08T19:37:11.168Z] Event defaultPrevented: undefined

      at Object.log [as handleSubmit] (src/hooks/useRegistrationForm.ts:281:13)

    console.log
      [2026-02-08T19:37:11.168Z] Event type: undefined

      at Object.log [as handleSubmit] (src/hooks/useRegistrationForm.ts:282:13)

    console.log
      [2026-02-08T19:37:11.168Z] Event target: undefined

      at Object.log [as handleSubmit] (src/hooks/useRegistrationForm.ts:283:13)

    console.log
      [2026-02-08T19:37:11.168Z] Form data: {
        "fullName": "John Doe",
        "email": "kdz.eci@2.j.wv",
        "password": "Password123!",
        "confirmPassword": "Password123!"
      }

      at Object.log [as handleSubmit] (src/hooks/useRegistrationForm.ts:284:13)

    console.log
      [2026-02-08T19:37:11.168Z] Current errors: {}

      at Object.log [as handleSubmit] (src/hooks/useRegistrationForm.ts:285:13)

    console.log
      [2026-02-08T19:37:11.168Z] Is rate limited: false

      at Object.log [as handleSubmit] (src/hooks/useRegistrationForm.ts:286:13)

    console.log
      [2026-02-08T19:37:11.168Z] Validation result: true

      at Object.log [as handleSubmit] (src/hooks/useRegistrationForm.ts:296:13)

    console.log
      [2026-02-08T19:37:11.168Z] ✅ Validation passed, proceeding with API call

      at Object.log [as handleSubmit] (src/hooks/useRegistrationForm.ts:303:13)

    console.log
      [2026-02-08T19:37:11.168Z] 📡 Calling API client register method

      at Object.log [as handleSubmit] (src/hooks/useRegistrationForm.ts:316:15)

    console.log
      [2026-02-08T19:37:11.168Z] API payload: {
        email: 'kdz.eci@2.j.wv',
        name: 'John Doe',
        password: '***REDACTED***'
      }

      at Object.log [as handleSubmit] (src/hooks/useRegistrationForm.ts:317:15)

    console.log
      [2026-02-08T19:37:11.168Z] ✅ API call successful

      at Object.log [as handleSubmit] (src/hooks/useRegistrationForm.ts:330:15)

    console.log
      [2026-02-08T19:37:11.168Z] ========== FORM SUBMISSION ENDED ==========

      at Object.log [as handleSubmit] (src/hooks/useRegistrationForm.ts:376:15)

    console.log
      ✅ preventDefault() called FIRST (stopPropagation also called if available)

      at Object.log [as handleSubmit] (src/hooks/useRegistrationForm.ts:277:13)

    console.log
      [2026-02-08T19:37:11.179Z] ========== FORM SUBMISSION STARTED ==========

      at Object.log [as handleSubmit] (src/hooks/useRegistrationForm.ts:280:13)

    console.log
      [2026-02-08T19:37:11.179Z] Event defaultPrevented: undefined

      at Object.log [as handleSubmit] (src/hooks/useRegistrationForm.ts:281:13)

    console.log
      [2026-02-08T19:37:11.179Z] Event type: undefined

      at Object.log [as handleSubmit] (src/hooks/useRegistrationForm.ts:282:13)

    console.log
      [2026-02-08T19:37:11.179Z] Event target: undefined

      at Object.log [as handleSubmit] (src/hooks/useRegistrationForm.ts:283:13)

    console.log
      [2026-02-08T19:37:11.179Z] Form data: {
        "fullName": "John Doe",
        "email": "wm",
        "password": "Password123!",
        "confirmPassword": "Password123!"
      }

      at Object.log [as handleSubmit] (src/hooks/useRegistrationForm.ts:284:13)

    console.log
      [2026-02-08T19:37:11.179Z] Current errors: {}

      at Object.log [as handleSubmit] (src/hooks/useRegistrationForm.ts:285:13)

    console.log
      [2026-02-08T19:37:11.179Z] Is rate limited: false

      at Object.log [as handleSubmit] (src/hooks/useRegistrationForm.ts:286:13)

    console.log
      [2026-02-08T19:37:11.179Z] Validation result: false

      at Object.log [as handleSubmit] (src/hooks/useRegistrationForm.ts:296:13)

    console.log
      [2026-02-08T19:37:11.179Z] ❌ Form submission blocked: validation failed

      at Object.log [as handleSubmit] (src/hooks/useRegistrationForm.ts:298:15)

    console.log
      [2026-02-08T19:37:11.179Z] Validation errors: {}

      at Object.log [as handleSubmit] (src/hooks/useRegistrationForm.ts:299:15)

    console.log
      ✅ preventDefault() called FIRST (stopPropagation also called if available)

      at Object.log [as handleSubmit] (src/hooks/useRegistrationForm.ts:277:13)

    console.log
      [2026-02-08T19:37:11.181Z] ========== FORM SUBMISSION STARTED ==========

      at Object.log [as handleSubmit] (src/hooks/useRegistrationForm.ts:280:13)

    console.log
      [2026-02-08T19:37:11.181Z] Event defaultPrevented: undefined

      at Object.log [as handleSubmit] (src/hooks/useRegistrationForm.ts:281:13)

    console.log
      [2026-02-08T19:37:11.181Z] Event type: undefined

      at Object.log [as handleSubmit] (src/hooks/useRegistrationForm.ts:282:13)

    console.log
      [2026-02-08T19:37:11.181Z] Event target: undefined

      at Object.log [as handleSubmit] (src/hooks/useRegistrationForm.ts:283:13)

    console.log
      [2026-02-08T19:37:11.181Z] Form data: {
        "fullName": "John Doe",
        "email": " 7<5}",
        "password": "Password123!",
        "confirmPassword": "Password123!"
      }

      at Object.log [as handleSubmit] (src/hooks/useRegistrationForm.ts:284:13)

    console.log
      [2026-02-08T19:37:11.181Z] Current errors: {}

      at Object.log [as handleSubmit] (src/hooks/useRegistrationForm.ts:285:13)

    console.log
      [2026-02-08T19:37:11.181Z] Is rate limited: false

      at Object.log [as handleSubmit] (src/hooks/useRegistrationForm.ts:286:13)

    console.log
      [2026-02-08T19:37:11.181Z] Validation result: false

      at Object.log [as handleSubmit] (src/hooks/useRegistrationForm.ts:296:13)

    console.log
      [2026-02-08T19:37:11.181Z] ❌ Form submission blocked: validation failed

      at Object.log [as handleSubmit] (src/hooks/useRegistrationForm.ts:298:15)

    console.log
      [2026-02-08T19:37:11.181Z] Validation errors: {}

      at Object.log [as handleSubmit] (src/hooks/useRegistrationForm.ts:299:15)

    console.log
      ✅ preventDefault() called FIRST (stopPropagation also called if available)

      at Object.log [as handleSubmit] (src/hooks/useRegistrationForm.ts:277:13)

    console.log
      [2026-02-08T19:37:11.187Z] ========== FORM SUBMISSION STARTED ==========

      at Object.log [as handleSubmit] (src/hooks/useRegistrationForm.ts:280:13)

    console.log
      [2026-02-08T19:37:11.187Z] Event defaultPrevented: undefined

      at Object.log [as handleSubmit] (src/hooks/useRegistrationForm.ts:281:13)

    console.log
      [2026-02-08T19:37:11.187Z] Event type: undefined

      at Object.log [as handleSubmit] (src/hooks/useRegistrationForm.ts:282:13)

    console.log
      [2026-02-08T19:37:11.187Z] Event target: undefined

      at Object.log [as handleSubmit] (src/hooks/useRegistrationForm.ts:283:13)

    console.log
      [2026-02-08T19:37:11.187Z] Form data: {
        "fullName": "John Doe",
        "email": "&",
        "password": "Password123!",
        "confirmPassword": "Password123!"
      }

      at Object.log [as handleSubmit] (src/hooks/useRegistrationForm.ts:284:13)

    console.log
      [2026-02-08T19:37:11.187Z] Current errors: {}

      at Object.log [as handleSubmit] (src/hooks/useRegistrationForm.ts:285:13)

    console.log
      [2026-02-08T19:37:11.187Z] Is rate limited: false

      at Object.log [as handleSubmit] (src/hooks/useRegistrationForm.ts:286:13)

    console.log
      [2026-02-08T19:37:11.187Z] Validation result: false

      at Object.log [as handleSubmit] (src/hooks/useRegistrationForm.ts:296:13)

    console.log
      [2026-02-08T19:37:11.187Z] ❌ Form submission blocked: validation failed

      at Object.log [as handleSubmit] (src/hooks/useRegistrationForm.ts:298:15)

    console.log
      [2026-02-08T19:37:11.187Z] Validation errors: {}

      at Object.log [as handleSubmit] (src/hooks/useRegistrationForm.ts:299:15)

    console.log
      ✅ preventDefault() called FIRST (stopPropagation also called if available)

      at Object.log [as handleSubmit] (src/hooks/useRegistrationForm.ts:277:13)

    console.log
      [2026-02-08T19:37:11.190Z] ========== FORM SUBMISSION STARTED ==========

      at Object.log [as handleSubmit] (src/hooks/useRegistrationForm.ts:280:13)

    console.log
      [2026-02-08T19:37:11.190Z] Event defaultPrevented: undefined

      at Object.log [as handleSubmit] (src/hooks/useRegistrationForm.ts:281:13)

    console.log
      [2026-02-08T19:37:11.190Z] Event type: undefined

      at Object.log [as handleSubmit] (src/hooks/useRegistrationForm.ts:282:13)

    console.log
      [2026-02-08T19:37:11.190Z] Event target: undefined

      at Object.log [as handleSubmit] (src/hooks/useRegistrationForm.ts:283:13)

    console.log
      [2026-02-08T19:37:11.190Z] Form data: {
        "fullName": "John Doe",
        "email": "hasO",
        "password": "Password123!",
        "confirmPassword": "Password123!"
      }

      at Object.log [as handleSubmit] (src/hooks/useRegistrationForm.ts:284:13)

    console.log
      [2026-02-08T19:37:11.190Z] Current errors: {}

      at Object.log [as handleSubmit] (src/hooks/useRegistrationForm.ts:285:13)

    console.log
      [2026-02-08T19:37:11.190Z] Is rate limited: false

      at Object.log [as handleSubmit] (src/hooks/useRegistrationForm.ts:286:13)

    console.log
      [2026-02-08T19:37:11.190Z] Validation result: false

      at Object.log [as handleSubmit] (src/hooks/useRegistrationForm.ts:296:13)

    console.log
      [2026-02-08T19:37:11.190Z] ❌ Form submission blocked: validation failed

      at Object.log [as handleSubmit] (src/hooks/useRegistrationForm.ts:298:15)

    console.log
      [2026-02-08T19:37:11.190Z] Validation errors: {}

      at Object.log [as handleSubmit] (src/hooks/useRegistrationForm.ts:299:15)

    console.log
      ✅ preventDefault() called FIRST (stopPropagation also called if available)

      at Object.log [as handleSubmit] (src/hooks/useRegistrationForm.ts:277:13)

    console.log
      [2026-02-08T19:37:11.195Z] ========== FORM SUBMISSION STARTED ==========

      at Object.log [as handleSubmit] (src/hooks/useRegistrationForm.ts:280:13)

    console.log
      [2026-02-08T19:37:11.195Z] Event defaultPrevented: undefined

      at Object.log [as handleSubmit] (src/hooks/useRegistrationForm.ts:281:13)

    console.log
      [2026-02-08T19:37:11.195Z] Event type: undefined

      at Object.log [as handleSubmit] (src/hooks/useRegistrationForm.ts:282:13)

    console.log
      [2026-02-08T19:37:11.195Z] Event target: undefined

      at Object.log [as handleSubmit] (src/hooks/useRegistrationForm.ts:283:13)

    console.log
      [2026-02-08T19:37:11.195Z] Form data: {
        "fullName": "John Doe",
        "email": "}lfyjd?oa.7c#e4r.a`+|cd8a.applypp#yvca@t.bin",
        "password": "Password123!",
        "confirmPassword": "Password123!"
      }

      at Object.log [as handleSubmit] (src/hooks/useRegistrationForm.ts:284:13)

    console.log
      [2026-02-08T19:37:11.195Z] Current errors: {}

      at Object.log [as handleSubmit] (src/hooks/useRegistrationForm.ts:285:13)

    console.log
      [2026-02-08T19:37:11.195Z] Is rate limited: false

      at Object.log [as handleSubmit] (src/hooks/useRegistrationForm.ts:286:13)

    console.log
      [2026-02-08T19:37:11.195Z] Validation result: true

      at Object.log [as handleSubmit] (src/hooks/useRegistrationForm.ts:296:13)

    console.log
      [2026-02-08T19:37:11.195Z] ✅ Validation passed, proceeding with API call

      at Object.log [as handleSubmit] (src/hooks/useRegistrationForm.ts:303:13)

    console.log
      [2026-02-08T19:37:11.195Z] 📡 Calling API client register method

      at Object.log [as handleSubmit] (src/hooks/useRegistrationForm.ts:316:15)

    console.log
      [2026-02-08T19:37:11.195Z] API payload: {
        email: '}lfyjd?oa.7c#e4r.a`+|cd8a.applypp#yvca@t.bin',
        name: 'John Doe',
        password: '***REDACTED***'
      }

      at Object.log [as handleSubmit] (src/hooks/useRegistrationForm.ts:317:15)

    console.log
      [2026-02-08T19:37:11.195Z] ✅ API call successful

      at Object.log [as handleSubmit] (src/hooks/useRegistrationForm.ts:330:15)

    console.log
      [2026-02-08T19:37:11.195Z] ========== FORM SUBMISSION ENDED ==========

      at Object.log [as handleSubmit] (src/hooks/useRegistrationForm.ts:376:15)

    console.log
      ✅ preventDefault() called FIRST (stopPropagation also called if available)

      at Object.log [as handleSubmit] (src/hooks/useRegistrationForm.ts:277:13)

    console.log
      [2026-02-08T19:37:11.203Z] ========== FORM SUBMISSION STARTED ==========

      at Object.log [as handleSubmit] (src/hooks/useRegistrationForm.ts:280:13)

    console.log
      [2026-02-08T19:37:11.203Z] Event defaultPrevented: undefined

      at Object.log [as handleSubmit] (src/hooks/useRegistrationForm.ts:281:13)

    console.log
      [2026-02-08T19:37:11.203Z] Event type: undefined

      at Object.log [as handleSubmit] (src/hooks/useRegistrationForm.ts:282:13)

    console.log
      [2026-02-08T19:37:11.203Z] Event target: undefined

      at Object.log [as handleSubmit] (src/hooks/useRegistrationForm.ts:283:13)

    console.log
      [2026-02-08T19:37:11.203Z] Form data: {
        "fullName": "John Doe",
        "email": "e~",
        "password": "Password123!",
        "confirmPassword": "Password123!"
      }

      at Object.log [as handleSubmit] (src/hooks/useRegistrationForm.ts:284:13)

    console.log
      [2026-02-08T19:37:11.203Z] Current errors: {}

      at Object.log [as handleSubmit] (src/hooks/useRegistrationForm.ts:285:13)

    console.log
      [2026-02-08T19:37:11.203Z] Is rate limited: false

      at Object.log [as handleSubmit] (src/hooks/useRegistrationForm.ts:286:13)

    console.log
      [2026-02-08T19:37:11.203Z] Validation result: false

      at Object.log [as handleSubmit] (src/hooks/useRegistrationForm.ts:296:13)

    console.log
      [2026-02-08T19:37:11.203Z] ❌ Form submission blocked: validation failed

      at Object.log [as handleSubmit] (src/hooks/useRegistrationForm.ts:298:15)

    console.log
      [2026-02-08T19:37:11.203Z] Validation errors: {}

      at Object.log [as handleSubmit] (src/hooks/useRegistrationForm.ts:299:15)

    console.log
      ✅ preventDefault() called FIRST (stopPropagation also called if available)

      at Object.log [as handleSubmit] (src/hooks/useRegistrationForm.ts:277:13)

    console.log
      [2026-02-08T19:37:11.207Z] ========== FORM SUBMISSION STARTED ==========

      at Object.log [as handleSubmit] (src/hooks/useRegistrationForm.ts:280:13)

    console.log
      [2026-02-08T19:37:11.207Z] Event defaultPrevented: undefined

      at Object.log [as handleSubmit] (src/hooks/useRegistrationForm.ts:281:13)

    console.log
      [2026-02-08T19:37:11.207Z] Event type: undefined

      at Object.log [as handleSubmit] (src/hooks/useRegistrationForm.ts:282:13)

    console.log
      [2026-02-08T19:37:11.207Z] Event target: undefined

      at Object.log [as handleSubmit] (src/hooks/useRegistrationForm.ts:283:13)

    console.log
      [2026-02-08T19:37:11.207Z] Form data: {
        "fullName": "John Doe",
        "email": "fu^&.apply@4sg9.dy",
        "password": "Password123!",
        "confirmPassword": "Password123!"
      }

      at Object.log [as handleSubmit] (src/hooks/useRegistrationForm.ts:284:13)

    console.log
      [2026-02-08T19:37:11.207Z] Current errors: {}

      at Object.log [as handleSubmit] (src/hooks/useRegistrationForm.ts:285:13)

    console.log
      [2026-02-08T19:37:11.207Z] Is rate limited: false

      at Object.log [as handleSubmit] (src/hooks/useRegistrationForm.ts:286:13)

    console.log
      [2026-02-08T19:37:11.207Z] Validation result: true

      at Object.log [as handleSubmit] (src/hooks/useRegistrationForm.ts:296:13)

    console.log
      [2026-02-08T19:37:11.207Z] ✅ Validation passed, proceeding with API call

      at Object.log [as handleSubmit] (src/hooks/useRegistrationForm.ts:303:13)

    console.log
      [2026-02-08T19:37:11.207Z] 📡 Calling API client register method

      at Object.log [as handleSubmit] (src/hooks/useRegistrationForm.ts:316:15)

    console.log
      [2026-02-08T19:37:11.207Z] API payload: {
        email: 'fu^&.apply@4sg9.dy',
        name: 'John Doe',
        password: '***REDACTED***'
      }

      at Object.log [as handleSubmit] (src/hooks/useRegistrationForm.ts:317:15)

    console.log
      [2026-02-08T19:37:11.207Z] ✅ API call successful

      at Object.log [as handleSubmit] (src/hooks/useRegistrationForm.ts:330:15)

    console.log
      [2026-02-08T19:37:11.207Z] ========== FORM SUBMISSION ENDED ==========

      at Object.log [as handleSubmit] (src/hooks/useRegistrationForm.ts:376:15)

    console.log
      ✅ preventDefault() called FIRST (stopPropagation also called if available)

      at Object.log [as handleSubmit] (src/hooks/useRegistrationForm.ts:277:13)

    console.log
      [2026-02-08T19:37:11.211Z] ========== FORM SUBMISSION STARTED ==========

      at Object.log [as handleSubmit] (src/hooks/useRegistrationForm.ts:280:13)

    console.log
      [2026-02-08T19:37:11.211Z] Event defaultPrevented: undefined

      at Object.log [as handleSubmit] (src/hooks/useRegistrationForm.ts:281:13)

    console.log
      [2026-02-08T19:37:11.211Z] Event type: undefined

      at Object.log [as handleSubmit] (src/hooks/useRegistrationForm.ts:282:13)

    console.log
      [2026-02-08T19:37:11.211Z] Event target: undefined

      at Object.log [as handleSubmit] (src/hooks/useRegistrationForm.ts:283:13)

    console.log
      [2026-02-08T19:37:11.211Z] Form data: {
        "fullName": "John Doe",
        "email": "5$?gr}.g4@jr.oc",
        "password": "Password123!",
        "confirmPassword": "Password123!"
      }

      at Object.log [as handleSubmit] (src/hooks/useRegistrationForm.ts:284:13)

    console.log
      [2026-02-08T19:37:11.211Z] Current errors: {}

      at Object.log [as handleSubmit] (src/hooks/useRegistrationForm.ts:285:13)

    console.log
      [2026-02-08T19:37:11.211Z] Is rate limited: false

      at Object.log [as handleSubmit] (src/hooks/useRegistrationForm.ts:286:13)

    console.log
      [2026-02-08T19:37:11.211Z] Validation result: true

      at Object.log [as handleSubmit] (src/hooks/useRegistrationForm.ts:296:13)

    console.log
      [2026-02-08T19:37:11.211Z] ✅ Validation passed, proceeding with API call

      at Object.log [as handleSubmit] (src/hooks/useRegistrationForm.ts:303:13)

    console.log
      [2026-02-08T19:37:11.211Z] 📡 Calling API client register method

      at Object.log [as handleSubmit] (src/hooks/useRegistrationForm.ts:316:15)

    console.log
      [2026-02-08T19:37:11.211Z] API payload: {
        email: '5$?gr}.g4@jr.oc',
        name: 'John Doe',
        password: '***REDACTED***'
      }

      at Object.log [as handleSubmit] (src/hooks/useRegistrationForm.ts:317:15)

    console.log
      [2026-02-08T19:37:11.211Z] ✅ API call successful

      at Object.log [as handleSubmit] (src/hooks/useRegistrationForm.ts:330:15)

    console.log
      [2026-02-08T19:37:11.211Z] ========== FORM SUBMISSION ENDED ==========

      at Object.log [as handleSubmit] (src/hooks/useRegistrationForm.ts:376:15)

    console.log
      ✅ preventDefault() called FIRST (stopPropagation also called if available)

      at Object.log [as handleSubmit] (src/hooks/useRegistrationForm.ts:277:13)

    console.log
      [2026-02-08T19:37:11.213Z] ========== FORM SUBMISSION STARTED ==========

      at Object.log [as handleSubmit] (src/hooks/useRegistrationForm.ts:280:13)

    console.log
      [2026-02-08T19:37:11.213Z] Event defaultPrevented: undefined

      at Object.log [as handleSubmit] (src/hooks/useRegistrationForm.ts:281:13)

    console.log
      [2026-02-08T19:37:11.213Z] Event type: undefined

      at Object.log [as handleSubmit] (src/hooks/useRegistrationForm.ts:282:13)

    console.log
      [2026-02-08T19:37:11.213Z] Event target: undefined

      at Object.log [as handleSubmit] (src/hooks/useRegistrationForm.ts:283:13)

    console.log
      [2026-02-08T19:37:11.213Z] Form data: {
        "fullName": "John Doe",
        "email": "i})t^,IL",
        "password": "Password123!",
        "confirmPassword": "Password123!"
      }

      at Object.log [as handleSubmit] (src/hooks/useRegistrationForm.ts:284:13)

    console.log
      [2026-02-08T19:37:11.213Z] Current errors: {}

      at Object.log [as handleSubmit] (src/hooks/useRegistrationForm.ts:285:13)

    console.log
      [2026-02-08T19:37:11.213Z] Is rate limited: false

      at Object.log [as handleSubmit] (src/hooks/useRegistrationForm.ts:286:13)

    console.log
      [2026-02-08T19:37:11.213Z] Validation result: false

      at Object.log [as handleSubmit] (src/hooks/useRegistrationForm.ts:296:13)

    console.log
      [2026-02-08T19:37:11.213Z] ❌ Form submission blocked: validation failed

      at Object.log [as handleSubmit] (src/hooks/useRegistrationForm.ts:298:15)

    console.log
      [2026-02-08T19:37:11.213Z] Validation errors: {}

      at Object.log [as handleSubmit] (src/hooks/useRegistrationForm.ts:299:15)

    console.log
      ✅ preventDefault() called FIRST (stopPropagation also called if available)

      at Object.log [as handleSubmit] (src/hooks/useRegistrationForm.ts:277:13)

    console.log
      [2026-02-08T19:37:11.215Z] ========== FORM SUBMISSION STARTED ==========

      at Object.log [as handleSubmit] (src/hooks/useRegistrationForm.ts:280:13)

    console.log
      [2026-02-08T19:37:11.215Z] Event defaultPrevented: undefined

      at Object.log [as handleSubmit] (src/hooks/useRegistrationForm.ts:281:13)

    console.log
      [2026-02-08T19:37:11.215Z] Event type: undefined

      at Object.log [as handleSubmit] (src/hooks/useRegistrationForm.ts:282:13)

    console.log
      [2026-02-08T19:37:11.215Z] Event target: undefined

      at Object.log [as handleSubmit] (src/hooks/useRegistrationForm.ts:283:13)

    console.log
      [2026-02-08T19:37:11.215Z] Form data: {
        "fullName": "John Doe",
        "email": "'v~d&beyvfx.dtoprototype.|z.~.91k-4_j6'-.wz9#6z~w|h3@aj6.largumentse.owp",
        "password": "Password123!",
        "confirmPassword": "Password123!"
      }

      at Object.log [as handleSubmit] (src/hooks/useRegistrationForm.ts:284:13)

    console.log
      [2026-02-08T19:37:11.215Z] Current errors: {}

      at Object.log [as handleSubmit] (src/hooks/useRegistrationForm.ts:285:13)

    console.log
      [2026-02-08T19:37:11.215Z] Is rate limited: false

      at Object.log [as handleSubmit] (src/hooks/useRegistrationForm.ts:286:13)

    console.log
      [2026-02-08T19:37:11.215Z] Validation result: true

      at Object.log [as handleSubmit] (src/hooks/useRegistrationForm.ts:296:13)

    console.log
      [2026-02-08T19:37:11.215Z] ✅ Validation passed, proceeding with API call

      at Object.log [as handleSubmit] (src/hooks/useRegistrationForm.ts:303:13)

    console.log
      [2026-02-08T19:37:11.215Z] 📡 Calling API client register method

      at Object.log [as handleSubmit] (src/hooks/useRegistrationForm.ts:316:15)

    console.log
      [2026-02-08T19:37:11.215Z] API payload: {
        email: "'v~d&beyvfx.dtoprototype.|z.~.91k-4_j6'-.wz9#6z~w|h3@aj6.largumentse.owp",
        name: 'John Doe',
        password: '***REDACTED***'
      }

      at Object.log [as handleSubmit] (src/hooks/useRegistrationForm.ts:317:15)

    console.log
      [2026-02-08T19:37:11.215Z] ✅ API call successful

      at Object.log [as handleSubmit] (src/hooks/useRegistrationForm.ts:330:15)

    console.log
      [2026-02-08T19:37:11.215Z] ========== FORM SUBMISSION ENDED ==========

      at Object.log [as handleSubmit] (src/hooks/useRegistrationForm.ts:376:15)

    console.log
      ✅ preventDefault() called FIRST (stopPropagation also called if available)

      at Object.log [as handleSubmit] (src/hooks/useRegistrationForm.ts:277:13)

    console.log
      [2026-02-08T19:37:11.220Z] ========== FORM SUBMISSION STARTED ==========

      at Object.log [as handleSubmit] (src/hooks/useRegistrationForm.ts:280:13)

    console.log
      [2026-02-08T19:37:11.220Z] Event defaultPrevented: undefined

      at Object.log [as handleSubmit] (src/hooks/useRegistrationForm.ts:281:13)

    console.log
      [2026-02-08T19:37:11.220Z] Event type: undefined

      at Object.log [as handleSubmit] (src/hooks/useRegistrationForm.ts:282:13)

    console.log
      [2026-02-08T19:37:11.220Z] Event target: undefined

      at Object.log [as handleSubmit] (src/hooks/useRegistrationForm.ts:283:13)

    console.log
      [2026-02-08T19:37:11.220Z] Form data: {
        "fullName": "John Doe",
        "email": "}HW'dw\"kq",
        "password": "Password123!",
        "confirmPassword": "Password123!"
      }

      at Object.log [as handleSubmit] (src/hooks/useRegistrationForm.ts:284:13)

    console.log
      [2026-02-08T19:37:11.220Z] Current errors: {}

      at Object.log [as handleSubmit] (src/hooks/useRegistrationForm.ts:285:13)

    console.log
      [2026-02-08T19:37:11.220Z] Is rate limited: false

      at Object.log [as handleSubmit] (src/hooks/useRegistrationForm.ts:286:13)

    console.log
      [2026-02-08T19:37:11.220Z] Validation result: false

      at Object.log [as handleSubmit] (src/hooks/useRegistrationForm.ts:296:13)

    console.log
      [2026-02-08T19:37:11.220Z] ❌ Form submission blocked: validation failed

      at Object.log [as handleSubmit] (src/hooks/useRegistrationForm.ts:298:15)

    console.log
      [2026-02-08T19:37:11.220Z] Validation errors: {}

      at Object.log [as handleSubmit] (src/hooks/useRegistrationForm.ts:299:15)

    console.log
      ✅ preventDefault() called FIRST (stopPropagation also called if available)

      at Object.log [as handleSubmit] (src/hooks/useRegistrationForm.ts:277:13)

    console.log
      [2026-02-08T19:37:11.223Z] ========== FORM SUBMISSION STARTED ==========

      at Object.log [as handleSubmit] (src/hooks/useRegistrationForm.ts:280:13)

    console.log
      [2026-02-08T19:37:11.223Z] Event defaultPrevented: undefined

      at Object.log [as handleSubmit] (src/hooks/useRegistrationForm.ts:281:13)

    console.log
      [2026-02-08T19:37:11.223Z] Event type: undefined

      at Object.log [as handleSubmit] (src/hooks/useRegistrationForm.ts:282:13)

    console.log
      [2026-02-08T19:37:11.223Z] Event target: undefined

      at Object.log [as handleSubmit] (src/hooks/useRegistrationForm.ts:283:13)

    console.log
      [2026-02-08T19:37:11.223Z] Form data: {
        "fullName": "John Doe",
        "email": "?z/+.3k.%41.vpc}6yp}y=t.qjx&-.5?7l_+e9^|.-v!#%.name.cdxu-k?s.fdo@4ce.3s4fiwz.msf",
        "password": "Password123!",
        "confirmPassword": "Password123!"
      }

      at Object.log [as handleSubmit] (src/hooks/useRegistrationForm.ts:284:13)

    console.log
      [2026-02-08T19:37:11.223Z] Current errors: {}

      at Object.log [as handleSubmit] (src/hooks/useRegistrationForm.ts:285:13)

    console.log
      [2026-02-08T19:37:11.223Z] Is rate limited: false

      at Object.log [as handleSubmit] (src/hooks/useRegistrationForm.ts:286:13)

    console.log
      [2026-02-08T19:37:11.223Z] Validation result: true

      at Object.log [as handleSubmit] (src/hooks/useRegistrationForm.ts:296:13)

    console.log
      [2026-02-08T19:37:11.223Z] ✅ Validation passed, proceeding with API call

      at Object.log [as handleSubmit] (src/hooks/useRegistrationForm.ts:303:13)

    console.log
      [2026-02-08T19:37:11.223Z] 📡 Calling API client register method

      at Object.log [as handleSubmit] (src/hooks/useRegistrationForm.ts:316:15)

    console.log
      [2026-02-08T19:37:11.223Z] API payload: {
        email: '?z/+.3k.%41.vpc}6yp}y=t.qjx&-.5?7l_+e9^|.-v!#%.name.cdxu-k?s.fdo@4ce.3s4fiwz.msf',
        name: 'John Doe',
        password: '***REDACTED***'
      }

      at Object.log [as handleSubmit] (src/hooks/useRegistrationForm.ts:317:15)

    console.log
      [2026-02-08T19:37:11.223Z] ✅ API call successful

      at Object.log [as handleSubmit] (src/hooks/useRegistrationForm.ts:330:15)

    console.log
      [2026-02-08T19:37:11.223Z] ========== FORM SUBMISSION ENDED ==========

      at Object.log [as handleSubmit] (src/hooks/useRegistrationForm.ts:376:15)

    console.log
      ✅ preventDefault() called FIRST (stopPropagation also called if available)

      at Object.log [as handleSubmit] (src/hooks/useRegistrationForm.ts:277:13)

    console.log
      [2026-02-08T19:37:11.237Z] ========== FORM SUBMISSION STARTED ==========

      at Object.log [as handleSubmit] (src/hooks/useRegistrationForm.ts:280:13)

    console.log
      [2026-02-08T19:37:11.237Z] Event defaultPrevented: undefined

      at Object.log [as handleSubmit] (src/hooks/useRegistrationForm.ts:281:13)

    console.log
      [2026-02-08T19:37:11.237Z] Event type: undefined

      at Object.log [as handleSubmit] (src/hooks/useRegistrationForm.ts:282:13)

    console.log
      [2026-02-08T19:37:11.237Z] Event target: undefined

      at Object.log [as handleSubmit] (src/hooks/useRegistrationForm.ts:283:13)

    console.log
      [2026-02-08T19:37:11.237Z] Form data: {
        "fullName": "John Doe",
        "email": "",
        "password": "Password123!",
        "confirmPassword": "Password123!"
      }

      at Object.log [as handleSubmit] (src/hooks/useRegistrationForm.ts:284:13)

    console.log
      [2026-02-08T19:37:11.237Z] Current errors: {}

      at Object.log [as handleSubmit] (src/hooks/useRegistrationForm.ts:285:13)

    console.log
      [2026-02-08T19:37:11.237Z] Is rate limited: false

      at Object.log [as handleSubmit] (src/hooks/useRegistrationForm.ts:286:13)

    console.log
      [2026-02-08T19:37:11.237Z] Validation result: false

      at Object.log [as handleSubmit] (src/hooks/useRegistrationForm.ts:296:13)

    console.log
      [2026-02-08T19:37:11.237Z] ❌ Form submission blocked: validation failed

      at Object.log [as handleSubmit] (src/hooks/useRegistrationForm.ts:298:15)

    console.log
      [2026-02-08T19:37:11.237Z] Validation errors: {}

      at Object.log [as handleSubmit] (src/hooks/useRegistrationForm.ts:299:15)

    console.log
      ✅ preventDefault() called FIRST (stopPropagation also called if available)

      at Object.log [as handleSubmit] (src/hooks/useRegistrationForm.ts:277:13)

    console.log
      [2026-02-08T19:37:11.238Z] ========== FORM SUBMISSION STARTED ==========

      at Object.log [as handleSubmit] (src/hooks/useRegistrationForm.ts:280:13)

    console.log
      [2026-02-08T19:37:11.238Z] Event defaultPrevented: undefined

      at Object.log [as handleSubmit] (src/hooks/useRegistrationForm.ts:281:13)

    console.log
      [2026-02-08T19:37:11.238Z] Event type: undefined

      at Object.log [as handleSubmit] (src/hooks/useRegistrationForm.ts:282:13)

    console.log
      [2026-02-08T19:37:11.238Z] Event target: undefined

      at Object.log [as handleSubmit] (src/hooks/useRegistrationForm.ts:283:13)

    console.log
      [2026-02-08T19:37:11.238Z] Form data: {
        "fullName": "John Doe",
        "email": "^$wy0iv.+pj3yz&+fz@dj.cp",
        "password": "Password123!",
        "confirmPassword": "Password123!"
      }

      at Object.log [as handleSubmit] (src/hooks/useRegistrationForm.ts:284:13)

    console.log
      [2026-02-08T19:37:11.238Z] Current errors: {}

      at Object.log [as handleSubmit] (src/hooks/useRegistrationForm.ts:285:13)

    console.log
      [2026-02-08T19:37:11.238Z] Is rate limited: false

      at Object.log [as handleSubmit] (src/hooks/useRegistrationForm.ts:286:13)

    console.log
      [2026-02-08T19:37:11.238Z] Validation result: true

      at Object.log [as handleSubmit] (src/hooks/useRegistrationForm.ts:296:13)

    console.log
      [2026-02-08T19:37:11.238Z] ✅ Validation passed, proceeding with API call

      at Object.log [as handleSubmit] (src/hooks/useRegistrationForm.ts:303:13)

    console.log
      [2026-02-08T19:37:11.238Z] 📡 Calling API client register method

      at Object.log [as handleSubmit] (src/hooks/useRegistrationForm.ts:316:15)

    console.log
      [2026-02-08T19:37:11.238Z] API payload: {
        email: '^$wy0iv.+pj3yz&+fz@dj.cp',
        name: 'John Doe',
        password: '***REDACTED***'
      }

      at Object.log [as handleSubmit] (src/hooks/useRegistrationForm.ts:317:15)

    console.log
      [2026-02-08T19:37:11.238Z] ✅ API call successful

      at Object.log [as handleSubmit] (src/hooks/useRegistrationForm.ts:330:15)

    console.log
      [2026-02-08T19:37:11.238Z] ========== FORM SUBMISSION ENDED ==========

      at Object.log [as handleSubmit] (src/hooks/useRegistrationForm.ts:376:15)

    console.log
      ✅ preventDefault() called FIRST (stopPropagation also called if available)

      at Object.log [as handleSubmit] (src/hooks/useRegistrationForm.ts:277:13)

    console.log
      [2026-02-08T19:37:11.246Z] ========== FORM SUBMISSION STARTED ==========

      at Object.log [as handleSubmit] (src/hooks/useRegistrationForm.ts:280:13)

    console.log
      [2026-02-08T19:37:11.246Z] Event defaultPrevented: undefined

      at Object.log [as handleSubmit] (src/hooks/useRegistrationForm.ts:281:13)

    console.log
      [2026-02-08T19:37:11.246Z] Event type: undefined

      at Object.log [as handleSubmit] (src/hooks/useRegistrationForm.ts:282:13)

    console.log
      [2026-02-08T19:37:11.246Z] Event target: undefined

      at Object.log [as handleSubmit] (src/hooks/useRegistrationForm.ts:283:13)

    console.log
      [2026-02-08T19:37:11.246Z] Form data: {
        "fullName": "John Doe",
        "email": "g8=e'e&@ws8xreom0emd.ual.cb",
        "password": "Password123!",
        "confirmPassword": "Password123!"
      }

      at Object.log [as handleSubmit] (src/hooks/useRegistrationForm.ts:284:13)

    console.log
      [2026-02-08T19:37:11.246Z] Current errors: {}

      at Object.log [as handleSubmit] (src/hooks/useRegistrationForm.ts:285:13)

    console.log
      [2026-02-08T19:37:11.246Z] Is rate limited: false

      at Object.log [as handleSubmit] (src/hooks/useRegistrationForm.ts:286:13)

    console.log
      [2026-02-08T19:37:11.246Z] Validation result: true

      at Object.log [as handleSubmit] (src/hooks/useRegistrationForm.ts:296:13)

    console.log
      [2026-02-08T19:37:11.246Z] ✅ Validation passed, proceeding with API call

      at Object.log [as handleSubmit] (src/hooks/useRegistrationForm.ts:303:13)

    console.log
      [2026-02-08T19:37:11.246Z] 📡 Calling API client register method

      at Object.log [as handleSubmit] (src/hooks/useRegistrationForm.ts:316:15)

    console.log
      [2026-02-08T19:37:11.246Z] API payload: {
        email: "g8=e'e&@ws8xreom0emd.ual.cb",
        name: 'John Doe',
        password: '***REDACTED***'
      }

      at Object.log [as handleSubmit] (src/hooks/useRegistrationForm.ts:317:15)

    console.log
      [2026-02-08T19:37:11.246Z] ✅ API call successful

      at Object.log [as handleSubmit] (src/hooks/useRegistrationForm.ts:330:15)

    console.log
      [2026-02-08T19:37:11.246Z] ========== FORM SUBMISSION ENDED ==========

      at Object.log [as handleSubmit] (src/hooks/useRegistrationForm.ts:376:15)

    console.log
      ✅ preventDefault() called FIRST (stopPropagation also called if available)

      at Object.log [as handleSubmit] (src/hooks/useRegistrationForm.ts:277:13)

    console.log
      [2026-02-08T19:37:11.252Z] ========== FORM SUBMISSION STARTED ==========

      at Object.log [as handleSubmit] (src/hooks/useRegistrationForm.ts:280:13)

    console.log
      [2026-02-08T19:37:11.252Z] Event defaultPrevented: undefined

      at Object.log [as handleSubmit] (src/hooks/useRegistrationForm.ts:281:13)

    console.log
      [2026-02-08T19:37:11.252Z] Event type: undefined

      at Object.log [as handleSubmit] (src/hooks/useRegistrationForm.ts:282:13)

    console.log
      [2026-02-08T19:37:11.252Z] Event target: undefined

      at Object.log [as handleSubmit] (src/hooks/useRegistrationForm.ts:283:13)

    console.log
      [2026-02-08T19:37:11.252Z] Form data: {
        "fullName": "John Doe",
        "email": "\"Z`2O",
        "password": "Password123!",
        "confirmPassword": "Password123!"
      }

      at Object.log [as handleSubmit] (src/hooks/useRegistrationForm.ts:284:13)

    console.log
      [2026-02-08T19:37:11.252Z] Current errors: {}

      at Object.log [as handleSubmit] (src/hooks/useRegistrationForm.ts:285:13)

    console.log
      [2026-02-08T19:37:11.252Z] Is rate limited: false

      at Object.log [as handleSubmit] (src/hooks/useRegistrationForm.ts:286:13)

    console.log
      [2026-02-08T19:37:11.252Z] Validation result: false

      at Object.log [as handleSubmit] (src/hooks/useRegistrationForm.ts:296:13)

    console.log
      [2026-02-08T19:37:11.252Z] ❌ Form submission blocked: validation failed

      at Object.log [as handleSubmit] (src/hooks/useRegistrationForm.ts:298:15)

    console.log
      [2026-02-08T19:37:11.252Z] Validation errors: {}

      at Object.log [as handleSubmit] (src/hooks/useRegistrationForm.ts:299:15)

    console.log
      ✅ preventDefault() called FIRST (stopPropagation also called if available)

      at Object.log [as handleSubmit] (src/hooks/useRegistrationForm.ts:277:13)

    console.log
      [2026-02-08T19:37:11.260Z] ========== FORM SUBMISSION STARTED ==========

      at Object.log [as handleSubmit] (src/hooks/useRegistrationForm.ts:280:13)

    console.log
      [2026-02-08T19:37:11.260Z] Event defaultPrevented: undefined

      at Object.log [as handleSubmit] (src/hooks/useRegistrationForm.ts:281:13)

    console.log
      [2026-02-08T19:37:11.260Z] Event type: undefined

      at Object.log [as handleSubmit] (src/hooks/useRegistrationForm.ts:282:13)

    console.log
      [2026-02-08T19:37:11.260Z] Event target: undefined

      at Object.log [as handleSubmit] (src/hooks/useRegistrationForm.ts:283:13)

    console.log
      [2026-02-08T19:37:11.260Z] Form data: {
        "fullName": "John Doe",
        "email": "c\"SR;*ND",
        "password": "Password123!",
        "confirmPassword": "Password123!"
      }

      at Object.log [as handleSubmit] (src/hooks/useRegistrationForm.ts:284:13)

    console.log
      [2026-02-08T19:37:11.260Z] Current errors: {}

      at Object.log [as handleSubmit] (src/hooks/useRegistrationForm.ts:285:13)

    console.log
      [2026-02-08T19:37:11.260Z] Is rate limited: false

      at Object.log [as handleSubmit] (src/hooks/useRegistrationForm.ts:286:13)

    console.log
      [2026-02-08T19:37:11.260Z] Validation result: false

      at Object.log [as handleSubmit] (src/hooks/useRegistrationForm.ts:296:13)

    console.log
      [2026-02-08T19:37:11.260Z] ❌ Form submission blocked: validation failed

      at Object.log [as handleSubmit] (src/hooks/useRegistrationForm.ts:298:15)

    console.log
      [2026-02-08T19:37:11.260Z] Validation errors: {}

      at Object.log [as handleSubmit] (src/hooks/useRegistrationForm.ts:299:15)

    console.log
      ✅ preventDefault() called FIRST (stopPropagation also called if available)

      at Object.log [as handleSubmit] (src/hooks/useRegistrationForm.ts:277:13)

    console.log
      [2026-02-08T19:37:11.264Z] ========== FORM SUBMISSION STARTED ==========

      at Object.log [as handleSubmit] (src/hooks/useRegistrationForm.ts:280:13)

    console.log
      [2026-02-08T19:37:11.264Z] Event defaultPrevented: undefined

      at Object.log [as handleSubmit] (src/hooks/useRegistrationForm.ts:281:13)

    console.log
      [2026-02-08T19:37:11.264Z] Event type: undefined

      at Object.log [as handleSubmit] (src/hooks/useRegistrationForm.ts:282:13)

    console.log
      [2026-02-08T19:37:11.264Z] Event target: undefined

      at Object.log [as handleSubmit] (src/hooks/useRegistrationForm.ts:283:13)

    console.log
      [2026-02-08T19:37:11.264Z] Form data: {
        "fullName": "John Doe",
        "email": "$2ra=0-0b$j_.ry8a~&j8.0k/e'ng!/204@ey-e.sa0pm17.gew",
        "password": "Password123!",
        "confirmPassword": "Password123!"
      }

      at Object.log [as handleSubmit] (src/hooks/useRegistrationForm.ts:284:13)

    console.log
      [2026-02-08T19:37:11.264Z] Current errors: {}

      at Object.log [as handleSubmit] (src/hooks/useRegistrationForm.ts:285:13)

    console.log
      [2026-02-08T19:37:11.264Z] Is rate limited: false

      at Object.log [as handleSubmit] (src/hooks/useRegistrationForm.ts:286:13)

    console.log
      [2026-02-08T19:37:11.264Z] Validation result: true

      at Object.log [as handleSubmit] (src/hooks/useRegistrationForm.ts:296:13)

    console.log
      [2026-02-08T19:37:11.264Z] ✅ Validation passed, proceeding with API call

      at Object.log [as handleSubmit] (src/hooks/useRegistrationForm.ts:303:13)

    console.log
      [2026-02-08T19:37:11.264Z] 📡 Calling API client register method

      at Object.log [as handleSubmit] (src/hooks/useRegistrationForm.ts:316:15)

    console.log
      [2026-02-08T19:37:11.264Z] API payload: {
        email: "$2ra=0-0b$j_.ry8a~&j8.0k/e'ng!/204@ey-e.sa0pm17.gew",
        name: 'John Doe',
        password: '***REDACTED***'
      }

      at Object.log [as handleSubmit] (src/hooks/useRegistrationForm.ts:317:15)

    console.log
      [2026-02-08T19:37:11.264Z] ✅ API call successful

      at Object.log [as handleSubmit] (src/hooks/useRegistrationForm.ts:330:15)

    console.log
      [2026-02-08T19:37:11.264Z] ========== FORM SUBMISSION ENDED ==========

      at Object.log [as handleSubmit] (src/hooks/useRegistrationForm.ts:376:15)

    console.log
      ✅ preventDefault() called FIRST (stopPropagation also called if available)

      at Object.log [as handleSubmit] (src/hooks/useRegistrationForm.ts:277:13)

    console.log
      [2026-02-08T19:37:11.268Z] ========== FORM SUBMISSION STARTED ==========

      at Object.log [as handleSubmit] (src/hooks/useRegistrationForm.ts:280:13)

    console.log
      [2026-02-08T19:37:11.268Z] Event defaultPrevented: undefined

      at Object.log [as handleSubmit] (src/hooks/useRegistrationForm.ts:281:13)

    console.log
      [2026-02-08T19:37:11.268Z] Event type: undefined

      at Object.log [as handleSubmit] (src/hooks/useRegistrationForm.ts:282:13)

    console.log
      [2026-02-08T19:37:11.268Z] Event target: undefined

      at Object.log [as handleSubmit] (src/hooks/useRegistrationForm.ts:283:13)

    console.log
      [2026-02-08T19:37:11.268Z] Form data: {
        "fullName": "John Doe",
        "email": "m/i.5$/d8.4$!=~.y+l8gzrg.#++^x6+.u9.$qeay=}13.4'p/e9*bn.xe.pdj@21-e0.dan",
        "password": "Password123!",
        "confirmPassword": "Password123!"
      }

      at Object.log [as handleSubmit] (src/hooks/useRegistrationForm.ts:284:13)

    console.log
      [2026-02-08T19:37:11.268Z] Current errors: {}

      at Object.log [as handleSubmit] (src/hooks/useRegistrationForm.ts:285:13)

    console.log
      [2026-02-08T19:37:11.268Z] Is rate limited: false

      at Object.log [as handleSubmit] (src/hooks/useRegistrationForm.ts:286:13)

    console.log
      [2026-02-08T19:37:11.268Z] Validation result: true

      at Object.log [as handleSubmit] (src/hooks/useRegistrationForm.ts:296:13)

    console.log
      [2026-02-08T19:37:11.268Z] ✅ Validation passed, proceeding with API call

      at Object.log [as handleSubmit] (src/hooks/useRegistrationForm.ts:303:13)

    console.log
      [2026-02-08T19:37:11.268Z] 📡 Calling API client register method

      at Object.log [as handleSubmit] (src/hooks/useRegistrationForm.ts:316:15)

    console.log
      [2026-02-08T19:37:11.268Z] API payload: {
        email: "m/i.5$/d8.4$!=~.y+l8gzrg.#++^x6+.u9.$qeay=}13.4'p/e9*bn.xe.pdj@21-e0.dan",
        name: 'John Doe',
        password: '***REDACTED***'
      }

      at Object.log [as handleSubmit] (src/hooks/useRegistrationForm.ts:317:15)

    console.log
      [2026-02-08T19:37:11.268Z] ✅ API call successful

      at Object.log [as handleSubmit] (src/hooks/useRegistrationForm.ts:330:15)

    console.log
      [2026-02-08T19:37:11.268Z] ========== FORM SUBMISSION ENDED ==========

      at Object.log [as handleSubmit] (src/hooks/useRegistrationForm.ts:376:15)

    console.log
      ✅ preventDefault() called FIRST (stopPropagation also called if available)

      at Object.log [as handleSubmit] (src/hooks/useRegistrationForm.ts:277:13)

    console.log
      [2026-02-08T19:37:11.277Z] ========== FORM SUBMISSION STARTED ==========

      at Object.log [as handleSubmit] (src/hooks/useRegistrationForm.ts:280:13)

    console.log
      [2026-02-08T19:37:11.277Z] Event defaultPrevented: undefined

      at Object.log [as handleSubmit] (src/hooks/useRegistrationForm.ts:281:13)

    console.log
      [2026-02-08T19:37:11.277Z] Event type: undefined

      at Object.log [as handleSubmit] (src/hooks/useRegistrationForm.ts:282:13)

    console.log
      [2026-02-08T19:37:11.277Z] Event target: undefined

      at Object.log [as handleSubmit] (src/hooks/useRegistrationForm.ts:283:13)

    console.log
      [2026-02-08T19:37:11.277Z] Form data: {
        "fullName": "John Doe",
        "email": "(",
        "password": "Password123!",
        "confirmPassword": "Password123!"
      }

      at Object.log [as handleSubmit] (src/hooks/useRegistrationForm.ts:284:13)

    console.log
      [2026-02-08T19:37:11.277Z] Current errors: {}

      at Object.log [as handleSubmit] (src/hooks/useRegistrationForm.ts:285:13)

    console.log
      [2026-02-08T19:37:11.277Z] Is rate limited: false

      at Object.log [as handleSubmit] (src/hooks/useRegistrationForm.ts:286:13)

    console.log
      [2026-02-08T19:37:11.277Z] Validation result: false

      at Object.log [as handleSubmit] (src/hooks/useRegistrationForm.ts:296:13)

    console.log
      [2026-02-08T19:37:11.277Z] ❌ Form submission blocked: validation failed

      at Object.log [as handleSubmit] (src/hooks/useRegistrationForm.ts:298:15)

    console.log
      [2026-02-08T19:37:11.277Z] Validation errors: {}

      at Object.log [as handleSubmit] (src/hooks/useRegistrationForm.ts:299:15)

    console.log
      ✅ preventDefault() called FIRST (stopPropagation also called if available)

      at Object.log [as handleSubmit] (src/hooks/useRegistrationForm.ts:277:13)

    console.log
      [2026-02-08T19:37:11.284Z] ========== FORM SUBMISSION STARTED ==========

      at Object.log [as handleSubmit] (src/hooks/useRegistrationForm.ts:280:13)

    console.log
      [2026-02-08T19:37:11.284Z] Event defaultPrevented: undefined

      at Object.log [as handleSubmit] (src/hooks/useRegistrationForm.ts:281:13)

    console.log
      [2026-02-08T19:37:11.284Z] Event type: undefined

      at Object.log [as handleSubmit] (src/hooks/useRegistrationForm.ts:282:13)

    console.log
      [2026-02-08T19:37:11.284Z] Event target: undefined

      at Object.log [as handleSubmit] (src/hooks/useRegistrationForm.ts:283:13)

    console.log
      [2026-02-08T19:37:11.284Z] Form data: {
        "fullName": "John Doe",
        "email": "P!\"-G",
        "password": "Password123!",
        "confirmPassword": "Password123!"
      }

      at Object.log [as handleSubmit] (src/hooks/useRegistrationForm.ts:284:13)

    console.log
      [2026-02-08T19:37:11.284Z] Current errors: {}

      at Object.log [as handleSubmit] (src/hooks/useRegistrationForm.ts:285:13)

    console.log
      [2026-02-08T19:37:11.284Z] Is rate limited: false

      at Object.log [as handleSubmit] (src/hooks/useRegistrationForm.ts:286:13)

    console.log
      [2026-02-08T19:37:11.284Z] Validation result: false

      at Object.log [as handleSubmit] (src/hooks/useRegistrationForm.ts:296:13)

    console.log
      [2026-02-08T19:37:11.284Z] ❌ Form submission blocked: validation failed

      at Object.log [as handleSubmit] (src/hooks/useRegistrationForm.ts:298:15)

    console.log
      [2026-02-08T19:37:11.284Z] Validation errors: {}

      at Object.log [as handleSubmit] (src/hooks/useRegistrationForm.ts:299:15)

    console.log
      ✅ preventDefault() called FIRST (stopPropagation also called if available)

      at Object.log [as handleSubmit] (src/hooks/useRegistrationForm.ts:277:13)

    console.log
      [2026-02-08T19:37:11.286Z] ========== FORM SUBMISSION STARTED ==========

      at Object.log [as handleSubmit] (src/hooks/useRegistrationForm.ts:280:13)

    console.log
      [2026-02-08T19:37:11.286Z] Event defaultPrevented: undefined

      at Object.log [as handleSubmit] (src/hooks/useRegistrationForm.ts:281:13)

    console.log
      [2026-02-08T19:37:11.286Z] Event type: undefined

      at Object.log [as handleSubmit] (src/hooks/useRegistrationForm.ts:282:13)

    console.log
      [2026-02-08T19:37:11.286Z] Event target: undefined

      at Object.log [as handleSubmit] (src/hooks/useRegistrationForm.ts:283:13)

    console.log
      [2026-02-08T19:37:11.286Z] Form data: {
        "fullName": "John Doe",
        "email": "9ya*_1@\"",
        "password": "Password123!",
        "confirmPassword": "Password123!"
      }

      at Object.log [as handleSubmit] (src/hooks/useRegistrationForm.ts:284:13)

    console.log
      [2026-02-08T19:37:11.286Z] Current errors: {}

      at Object.log [as handleSubmit] (src/hooks/useRegistrationForm.ts:285:13)

    console.log
      [2026-02-08T19:37:11.286Z] Is rate limited: false

      at Object.log [as handleSubmit] (src/hooks/useRegistrationForm.ts:286:13)

    console.log
      [2026-02-08T19:37:11.286Z] Validation result: false

      at Object.log [as handleSubmit] (src/hooks/useRegistrationForm.ts:296:13)

    console.log
      [2026-02-08T19:37:11.286Z] ❌ Form submission blocked: validation failed

      at Object.log [as handleSubmit] (src/hooks/useRegistrationForm.ts:298:15)

    console.log
      [2026-02-08T19:37:11.286Z] Validation errors: {}

      at Object.log [as handleSubmit] (src/hooks/useRegistrationForm.ts:299:15)

    console.log
      ✅ preventDefault() called FIRST (stopPropagation also called if available)

      at Object.log [as handleSubmit] (src/hooks/useRegistrationForm.ts:277:13)

    console.log
      [2026-02-08T19:37:11.290Z] ========== FORM SUBMISSION STARTED ==========

      at Object.log [as handleSubmit] (src/hooks/useRegistrationForm.ts:280:13)

    console.log
      [2026-02-08T19:37:11.290Z] Event defaultPrevented: undefined

      at Object.log [as handleSubmit] (src/hooks/useRegistrationForm.ts:281:13)

    console.log
      [2026-02-08T19:37:11.290Z] Event type: undefined

      at Object.log [as handleSubmit] (src/hooks/useRegistrationForm.ts:282:13)

    console.log
      [2026-02-08T19:37:11.290Z] Event target: undefined

      at Object.log [as handleSubmit] (src/hooks/useRegistrationForm.ts:283:13)

    console.log
      [2026-02-08T19:37:11.290Z] Form data: {
        "fullName": "John Doe",
        "email": "/~ys|j1.gf7tj.1k{8y1=tx.+-^y1|clui.#q=7nq9mf.d.|3pj}o{%^~|v.}@t8sq8.z21srri.fw",
        "password": "Password123!",
        "confirmPassword": "Password123!"
      }

      at Object.log [as handleSubmit] (src/hooks/useRegistrationForm.ts:284:13)

    console.log
      [2026-02-08T19:37:11.290Z] Current errors: {}

      at Object.log [as handleSubmit] (src/hooks/useRegistrationForm.ts:285:13)

    console.log
      [2026-02-08T19:37:11.290Z] Is rate limited: false

      at Object.log [as handleSubmit] (src/hooks/useRegistrationForm.ts:286:13)

    console.log
      [2026-02-08T19:37:11.290Z] Validation result: true

      at Object.log [as handleSubmit] (src/hooks/useRegistrationForm.ts:296:13)

    console.log
      [2026-02-08T19:37:11.290Z] ✅ Validation passed, proceeding with API call

      at Object.log [as handleSubmit] (src/hooks/useRegistrationForm.ts:303:13)

    console.log
      [2026-02-08T19:37:11.290Z] 📡 Calling API client register method

      at Object.log [as handleSubmit] (src/hooks/useRegistrationForm.ts:316:15)

    console.log
      [2026-02-08T19:37:11.290Z] API payload: {
        email: '/~ys|j1.gf7tj.1k{8y1=tx.+-^y1|clui.#q=7nq9mf.d.|3pj}o{%^~|v.}@t8sq8.z21srri.fw',
        name: 'John Doe',
        password: '***REDACTED***'
      }

      at Object.log [as handleSubmit] (src/hooks/useRegistrationForm.ts:317:15)

    console.log
      [2026-02-08T19:37:11.290Z] ✅ API call successful

      at Object.log [as handleSubmit] (src/hooks/useRegistrationForm.ts:330:15)

    console.log
      [2026-02-08T19:37:11.290Z] ========== FORM SUBMISSION ENDED ==========

      at Object.log [as handleSubmit] (src/hooks/useRegistrationForm.ts:376:15)

    console.log
      ✅ preventDefault() called FIRST (stopPropagation also called if available)

      at Object.log [as handleSubmit] (src/hooks/useRegistrationForm.ts:277:13)

    console.log
      [2026-02-08T19:37:11.297Z] ========== FORM SUBMISSION STARTED ==========

      at Object.log [as handleSubmit] (src/hooks/useRegistrationForm.ts:280:13)

    console.log
      [2026-02-08T19:37:11.297Z] Event defaultPrevented: undefined

      at Object.log [as handleSubmit] (src/hooks/useRegistrationForm.ts:281:13)

    console.log
      [2026-02-08T19:37:11.297Z] Event type: undefined

      at Object.log [as handleSubmit] (src/hooks/useRegistrationForm.ts:282:13)

    console.log
      [2026-02-08T19:37:11.297Z] Event target: undefined

      at Object.log [as handleSubmit] (src/hooks/useRegistrationForm.ts:283:13)

    console.log
      [2026-02-08T19:37:11.297Z] Form data: {
        "fullName": "John Doe",
        "email": "zconstr.mzv=@ds260tdaa7we.tpc",
        "password": "Password123!",
        "confirmPassword": "Password123!"
      }

      at Object.log [as handleSubmit] (src/hooks/useRegistrationForm.ts:284:13)

    console.log
      [2026-02-08T19:37:11.297Z] Current errors: {}

      at Object.log [as handleSubmit] (src/hooks/useRegistrationForm.ts:285:13)

    console.log
      [2026-02-08T19:37:11.297Z] Is rate limited: false

      at Object.log [as handleSubmit] (src/hooks/useRegistrationForm.ts:286:13)

    console.log
      [2026-02-08T19:37:11.297Z] Validation result: true

      at Object.log [as handleSubmit] (src/hooks/useRegistrationForm.ts:296:13)

    console.log
      [2026-02-08T19:37:11.297Z] ✅ Validation passed, proceeding with API call

      at Object.log [as handleSubmit] (src/hooks/useRegistrationForm.ts:303:13)

    console.log
      [2026-02-08T19:37:11.297Z] 📡 Calling API client register method

      at Object.log [as handleSubmit] (src/hooks/useRegistrationForm.ts:316:15)

    console.log
      [2026-02-08T19:37:11.297Z] API payload: {
        email: 'zconstr.mzv=@ds260tdaa7we.tpc',
        name: 'John Doe',
        password: '***REDACTED***'
      }

      at Object.log [as handleSubmit] (src/hooks/useRegistrationForm.ts:317:15)

    console.log
      [2026-02-08T19:37:11.297Z] ✅ API call successful

      at Object.log [as handleSubmit] (src/hooks/useRegistrationForm.ts:330:15)

    console.log
      [2026-02-08T19:37:11.297Z] ========== FORM SUBMISSION ENDED ==========

      at Object.log [as handleSubmit] (src/hooks/useRegistrationForm.ts:376:15)

    console.log
      ✅ preventDefault() called FIRST (stopPropagation also called if available)

      at Object.log [as handleSubmit] (src/hooks/useRegistrationForm.ts:277:13)

    console.log
      [2026-02-08T19:37:11.304Z] ========== FORM SUBMISSION STARTED ==========

      at Object.log [as handleSubmit] (src/hooks/useRegistrationForm.ts:280:13)

    console.log
      [2026-02-08T19:37:11.304Z] Event defaultPrevented: undefined

      at Object.log [as handleSubmit] (src/hooks/useRegistrationForm.ts:281:13)

    console.log
      [2026-02-08T19:37:11.304Z] Event type: undefined

      at Object.log [as handleSubmit] (src/hooks/useRegistrationForm.ts:282:13)

    console.log
      [2026-02-08T19:37:11.304Z] Event target: undefined

      at Object.log [as handleSubmit] (src/hooks/useRegistrationForm.ts:283:13)

    console.log
      [2026-02-08T19:37:11.304Z] Form data: {
        "fullName": "John Doe",
        "email": "zW(X",
        "password": "Password123!",
        "confirmPassword": "Password123!"
      }

      at Object.log [as handleSubmit] (src/hooks/useRegistrationForm.ts:284:13)

    console.log
      [2026-02-08T19:37:11.304Z] Current errors: {}

      at Object.log [as handleSubmit] (src/hooks/useRegistrationForm.ts:285:13)

    console.log
      [2026-02-08T19:37:11.304Z] Is rate limited: false

      at Object.log [as handleSubmit] (src/hooks/useRegistrationForm.ts:286:13)

    console.log
      [2026-02-08T19:37:11.304Z] Validation result: false

      at Object.log [as handleSubmit] (src/hooks/useRegistrationForm.ts:296:13)

    console.log
      [2026-02-08T19:37:11.304Z] ❌ Form submission blocked: validation failed

      at Object.log [as handleSubmit] (src/hooks/useRegistrationForm.ts:298:15)

    console.log
      [2026-02-08T19:37:11.304Z] Validation errors: {}

      at Object.log [as handleSubmit] (src/hooks/useRegistrationForm.ts:299:15)

    console.log
      ✅ preventDefault() called FIRST (stopPropagation also called if available)

      at Object.log [as handleSubmit] (src/hooks/useRegistrationForm.ts:277:13)

    console.log
      [2026-02-08T19:37:11.309Z] ========== FORM SUBMISSION STARTED ==========

      at Object.log [as handleSubmit] (src/hooks/useRegistrationForm.ts:280:13)

    console.log
      [2026-02-08T19:37:11.309Z] Event defaultPrevented: undefined

      at Object.log [as handleSubmit] (src/hooks/useRegistrationForm.ts:281:13)

    console.log
      [2026-02-08T19:37:11.309Z] Event type: undefined

      at Object.log [as handleSubmit] (src/hooks/useRegistrationForm.ts:282:13)

    console.log
      [2026-02-08T19:37:11.309Z] Event target: undefined

      at Object.log [as handleSubmit] (src/hooks/useRegistrationForm.ts:283:13)

    console.log
      [2026-02-08T19:37:11.309Z] Form data: {
        "fullName": "John Doe",
        "email": "2z!b.`%s6c?p.#|!x._.sxh.p$x2i3@kt4pohi.dwgs1ah55759.zp",
        "password": "Password123!",
        "confirmPassword": "Password123!"
      }

      at Object.log [as handleSubmit] (src/hooks/useRegistrationForm.ts:284:13)

    console.log
      [2026-02-08T19:37:11.309Z] Current errors: {}

      at Object.log [as handleSubmit] (src/hooks/useRegistrationForm.ts:285:13)

    console.log
      [2026-02-08T19:37:11.309Z] Is rate limited: false

      at Object.log [as handleSubmit] (src/hooks/useRegistrationForm.ts:286:13)

    console.log
      [2026-02-08T19:37:11.309Z] Validation result: true

      at Object.log [as handleSubmit] (src/hooks/useRegistrationForm.ts:296:13)

    console.log
      [2026-02-08T19:37:11.309Z] ✅ Validation passed, proceeding with API call

      at Object.log [as handleSubmit] (src/hooks/useRegistrationForm.ts:303:13)

    console.log
      [2026-02-08T19:37:11.309Z] 📡 Calling API client register method

      at Object.log [as handleSubmit] (src/hooks/useRegistrationForm.ts:316:15)

    console.log
      [2026-02-08T19:37:11.309Z] API payload: {
        email: '2z!b.`%s6c?p.#|!x._.sxh.p$x2i3@kt4pohi.dwgs1ah55759.zp',
        name: 'John Doe',
        password: '***REDACTED***'
      }

      at Object.log [as handleSubmit] (src/hooks/useRegistrationForm.ts:317:15)

    console.log
      [2026-02-08T19:37:11.309Z] ✅ API call successful

      at Object.log [as handleSubmit] (src/hooks/useRegistrationForm.ts:330:15)

    console.log
      [2026-02-08T19:37:11.309Z] ========== FORM SUBMISSION ENDED ==========

      at Object.log [as handleSubmit] (src/hooks/useRegistrationForm.ts:376:15)

    console.log
      ✅ preventDefault() called FIRST (stopPropagation also called if available)

      at Object.log [as handleSubmit] (src/hooks/useRegistrationForm.ts:277:13)

    console.log
      [2026-02-08T19:37:11.316Z] ========== FORM SUBMISSION STARTED ==========

      at Object.log [as handleSubmit] (src/hooks/useRegistrationForm.ts:280:13)

    console.log
      [2026-02-08T19:37:11.316Z] Event defaultPrevented: undefined

      at Object.log [as handleSubmit] (src/hooks/useRegistrationForm.ts:281:13)

    console.log
      [2026-02-08T19:37:11.316Z] Event type: undefined

      at Object.log [as handleSubmit] (src/hooks/useRegistrationForm.ts:282:13)

    console.log
      [2026-02-08T19:37:11.316Z] Event target: undefined

      at Object.log [as handleSubmit] (src/hooks/useRegistrationForm.ts:283:13)

    console.log
      [2026-02-08T19:37:11.316Z] Form data: {
        "fullName": "John Doe",
        "email": "XLizGP],1`",
        "password": "Password123!",
        "confirmPassword": "Password123!"
      }

      at Object.log [as handleSubmit] (src/hooks/useRegistrationForm.ts:284:13)

    console.log
      [2026-02-08T19:37:11.316Z] Current errors: {}

      at Object.log [as handleSubmit] (src/hooks/useRegistrationForm.ts:285:13)

    console.log
      [2026-02-08T19:37:11.316Z] Is rate limited: false

      at Object.log [as handleSubmit] (src/hooks/useRegistrationForm.ts:286:13)

    console.log
      [2026-02-08T19:37:11.316Z] Validation result: false

      at Object.log [as handleSubmit] (src/hooks/useRegistrationForm.ts:296:13)

    console.log
      [2026-02-08T19:37:11.316Z] ❌ Form submission blocked: validation failed

      at Object.log [as handleSubmit] (src/hooks/useRegistrationForm.ts:298:15)

    console.log
      [2026-02-08T19:37:11.316Z] Validation errors: {}

      at Object.log [as handleSubmit] (src/hooks/useRegistrationForm.ts:299:15)

    console.log
      ✅ preventDefault() called FIRST (stopPropagation also called if available)

      at Object.log [as handleSubmit] (src/hooks/useRegistrationForm.ts:277:13)

    console.log
      [2026-02-08T19:37:11.333Z] ========== FORM SUBMISSION STARTED ==========

      at Object.log [as handleSubmit] (src/hooks/useRegistrationForm.ts:280:13)

    console.log
      [2026-02-08T19:37:11.333Z] Event defaultPrevented: undefined

      at Object.log [as handleSubmit] (src/hooks/useRegistrationForm.ts:281:13)

    console.log
      [2026-02-08T19:37:11.333Z] Event type: undefined

      at Object.log [as handleSubmit] (src/hooks/useRegistrationForm.ts:282:13)

    console.log
      [2026-02-08T19:37:11.333Z] Event target: undefined

      at Object.log [as handleSubmit] (src/hooks/useRegistrationForm.ts:283:13)

    console.log
      [2026-02-08T19:37:11.333Z] Form data: {
        "fullName": "John Doe",
        "email": ")KpHW",
        "password": "Password123!",
        "confirmPassword": "Password123!"
      }

      at Object.log [as handleSubmit] (src/hooks/useRegistrationForm.ts:284:13)

    console.log
      [2026-02-08T19:37:11.333Z] Current errors: {}

      at Object.log [as handleSubmit] (src/hooks/useRegistrationForm.ts:285:13)

    console.log
      [2026-02-08T19:37:11.333Z] Is rate limited: false

      at Object.log [as handleSubmit] (src/hooks/useRegistrationForm.ts:286:13)

    console.log
      [2026-02-08T19:37:11.333Z] Validation result: false

      at Object.log [as handleSubmit] (src/hooks/useRegistrationForm.ts:296:13)

    console.log
      [2026-02-08T19:37:11.333Z] ❌ Form submission blocked: validation failed

      at Object.log [as handleSubmit] (src/hooks/useRegistrationForm.ts:298:15)

    console.log
      [2026-02-08T19:37:11.333Z] Validation errors: {}

      at Object.log [as handleSubmit] (src/hooks/useRegistrationForm.ts:299:15)

    console.log
      ✅ preventDefault() called FIRST (stopPropagation also called if available)

      at Object.log [as handleSubmit] (src/hooks/useRegistrationForm.ts:277:13)

    console.log
      [2026-02-08T19:37:11.345Z] ========== FORM SUBMISSION STARTED ==========

      at Object.log [as handleSubmit] (src/hooks/useRegistrationForm.ts:280:13)

    console.log
      [2026-02-08T19:37:11.345Z] Event defaultPrevented: undefined

      at Object.log [as handleSubmit] (src/hooks/useRegistrationForm.ts:281:13)

    console.log
      [2026-02-08T19:37:11.345Z] Event type: undefined

      at Object.log [as handleSubmit] (src/hooks/useRegistrationForm.ts:282:13)

    console.log
      [2026-02-08T19:37:11.345Z] Event target: undefined

      at Object.log [as handleSubmit] (src/hooks/useRegistrationForm.ts:283:13)

    console.log
      [2026-02-08T19:37:11.345Z] Form data: {
        "fullName": "John Doe",
        "email": "a/q.3v6m7o1n_{p.%1|&e&f-qy~.674szls}#7l.!.-777&g#b_x%?.li.#.^!@5dr.lt",
        "password": "Password123!",
        "confirmPassword": "Password123!"
      }

      at Object.log [as handleSubmit] (src/hooks/useRegistrationForm.ts:284:13)

    console.log
      [2026-02-08T19:37:11.345Z] Current errors: {}

      at Object.log [as handleSubmit] (src/hooks/useRegistrationForm.ts:285:13)

    console.log
      [2026-02-08T19:37:11.345Z] Is rate limited: false

      at Object.log [as handleSubmit] (src/hooks/useRegistrationForm.ts:286:13)

    console.log
      [2026-02-08T19:37:11.345Z] Validation result: true

      at Object.log [as handleSubmit] (src/hooks/useRegistrationForm.ts:296:13)

    console.log
      [2026-02-08T19:37:11.345Z] ✅ Validation passed, proceeding with API call

      at Object.log [as handleSubmit] (src/hooks/useRegistrationForm.ts:303:13)

    console.log
      [2026-02-08T19:37:11.345Z] 📡 Calling API client register method

      at Object.log [as handleSubmit] (src/hooks/useRegistrationForm.ts:316:15)

    console.log
      [2026-02-08T19:37:11.345Z] API payload: {
        email: 'a/q.3v6m7o1n_{p.%1|&e&f-qy~.674szls}#7l.!.-777&g#b_x%?.li.#.^!@5dr.lt',
        name: 'John Doe',
        password: '***REDACTED***'
      }

      at Object.log [as handleSubmit] (src/hooks/useRegistrationForm.ts:317:15)

    console.log
      [2026-02-08T19:37:11.345Z] ✅ API call successful

      at Object.log [as handleSubmit] (src/hooks/useRegistrationForm.ts:330:15)

    console.log
      [2026-02-08T19:37:11.345Z] ========== FORM SUBMISSION ENDED ==========

      at Object.log [as handleSubmit] (src/hooks/useRegistrationForm.ts:376:15)

    console.log
      ✅ preventDefault() called FIRST (stopPropagation also called if available)

      at Object.log [as handleSubmit] (src/hooks/useRegistrationForm.ts:277:13)

    console.log
      [2026-02-08T19:37:11.354Z] ========== FORM SUBMISSION STARTED ==========

      at Object.log [as handleSubmit] (src/hooks/useRegistrationForm.ts:280:13)

    console.log
      [2026-02-08T19:37:11.354Z] Event defaultPrevented: undefined

      at Object.log [as handleSubmit] (src/hooks/useRegistrationForm.ts:281:13)

    console.log
      [2026-02-08T19:37:11.354Z] Event type: undefined

      at Object.log [as handleSubmit] (src/hooks/useRegistrationForm.ts:282:13)

    console.log
      [2026-02-08T19:37:11.354Z] Event target: undefined

      at Object.log [as handleSubmit] (src/hooks/useRegistrationForm.ts:283:13)

    console.log
      [2026-02-08T19:37:11.354Z] Form data: {
        "fullName": "John Doe",
        "email": "-)|[k",
        "password": "Password123!",
        "confirmPassword": "Password123!"
      }

      at Object.log [as handleSubmit] (src/hooks/useRegistrationForm.ts:284:13)

    console.log
      [2026-02-08T19:37:11.354Z] Current errors: {}

      at Object.log [as handleSubmit] (src/hooks/useRegistrationForm.ts:285:13)

    console.log
      [2026-02-08T19:37:11.354Z] Is rate limited: false

      at Object.log [as handleSubmit] (src/hooks/useRegistrationForm.ts:286:13)

    console.log
      [2026-02-08T19:37:11.354Z] Validation result: false

      at Object.log [as handleSubmit] (src/hooks/useRegistrationForm.ts:296:13)

    console.log
      [2026-02-08T19:37:11.354Z] ❌ Form submission blocked: validation failed

      at Object.log [as handleSubmit] (src/hooks/useRegistrationForm.ts:298:15)

    console.log
      [2026-02-08T19:37:11.354Z] Validation errors: {}

      at Object.log [as handleSubmit] (src/hooks/useRegistrationForm.ts:299:15)

    console.log
      ✅ preventDefault() called FIRST (stopPropagation also called if available)

      at Object.log [as handleSubmit] (src/hooks/useRegistrationForm.ts:277:13)

    console.log
      [2026-02-08T19:37:11.358Z] ========== FORM SUBMISSION STARTED ==========

      at Object.log [as handleSubmit] (src/hooks/useRegistrationForm.ts:280:13)

    console.log
      [2026-02-08T19:37:11.358Z] Event defaultPrevented: undefined

      at Object.log [as handleSubmit] (src/hooks/useRegistrationForm.ts:281:13)

    console.log
      [2026-02-08T19:37:11.358Z] Event type: undefined

      at Object.log [as handleSubmit] (src/hooks/useRegistrationForm.ts:282:13)

    console.log
      [2026-02-08T19:37:11.358Z] Event target: undefined

      at Object.log [as handleSubmit] (src/hooks/useRegistrationForm.ts:283:13)

    console.log
      [2026-02-08T19:37:11.358Z] Form data: {
        "fullName": "John Doe",
        "email": "cf_7^4u/.2._.n#5ozst%f_.4.}'jb'.&a@h.plj",
        "password": "Password123!",
        "confirmPassword": "Password123!"
      }

      at Object.log [as handleSubmit] (src/hooks/useRegistrationForm.ts:284:13)

    console.log
      [2026-02-08T19:37:11.358Z] Current errors: {}

      at Object.log [as handleSubmit] (src/hooks/useRegistrationForm.ts:285:13)

    console.log
      [2026-02-08T19:37:11.358Z] Is rate limited: false

      at Object.log [as handleSubmit] (src/hooks/useRegistrationForm.ts:286:13)

    console.log
      [2026-02-08T19:37:11.358Z] Validation result: true

      at Object.log [as handleSubmit] (src/hooks/useRegistrationForm.ts:296:13)

    console.log
      [2026-02-08T19:37:11.358Z] ✅ Validation passed, proceeding with API call

      at Object.log [as handleSubmit] (src/hooks/useRegistrationForm.ts:303:13)

    console.log
      [2026-02-08T19:37:11.358Z] 📡 Calling API client register method

      at Object.log [as handleSubmit] (src/hooks/useRegistrationForm.ts:316:15)

    console.log
      [2026-02-08T19:37:11.358Z] API payload: {
        email: "cf_7^4u/.2._.n#5ozst%f_.4.}'jb'.&a@h.plj",
        name: 'John Doe',
        password: '***REDACTED***'
      }

      at Object.log [as handleSubmit] (src/hooks/useRegistrationForm.ts:317:15)

    console.log
      [2026-02-08T19:37:11.358Z] ✅ API call successful

      at Object.log [as handleSubmit] (src/hooks/useRegistrationForm.ts:330:15)

    console.log
      [2026-02-08T19:37:11.358Z] ========== FORM SUBMISSION ENDED ==========

      at Object.log [as handleSubmit] (src/hooks/useRegistrationForm.ts:376:15)

    console.log
      ✅ preventDefault() called FIRST (stopPropagation also called if available)

      at Object.log [as handleSubmit] (src/hooks/useRegistrationForm.ts:277:13)

    console.log
      [2026-02-08T19:37:11.367Z] ========== FORM SUBMISSION STARTED ==========

      at Object.log [as handleSubmit] (src/hooks/useRegistrationForm.ts:280:13)

    console.log
      [2026-02-08T19:37:11.367Z] Event defaultPrevented: undefined

      at Object.log [as handleSubmit] (src/hooks/useRegistrationForm.ts:281:13)

    console.log
      [2026-02-08T19:37:11.367Z] Event type: undefined

      at Object.log [as handleSubmit] (src/hooks/useRegistrationForm.ts:282:13)

    console.log
      [2026-02-08T19:37:11.367Z] Event target: undefined

      at Object.log [as handleSubmit] (src/hooks/useRegistrationForm.ts:283:13)

    console.log
      [2026-02-08T19:37:11.367Z] Form data: {
        "fullName": "John Doe",
        "email": "5w.%d'4f4+0=2.o@ytb.ref",
        "password": "Password123!",
        "confirmPassword": "Password123!"
      }

      at Object.log [as handleSubmit] (src/hooks/useRegistrationForm.ts:284:13)

    console.log
      [2026-02-08T19:37:11.367Z] Current errors: {}

      at Object.log [as handleSubmit] (src/hooks/useRegistrationForm.ts:285:13)

    console.log
      [2026-02-08T19:37:11.367Z] Is rate limited: false

      at Object.log [as handleSubmit] (src/hooks/useRegistrationForm.ts:286:13)

    console.log
      [2026-02-08T19:37:11.367Z] Validation result: true

      at Object.log [as handleSubmit] (src/hooks/useRegistrationForm.ts:296:13)

    console.log
      [2026-02-08T19:37:11.367Z] ✅ Validation passed, proceeding with API call

      at Object.log [as handleSubmit] (src/hooks/useRegistrationForm.ts:303:13)

    console.log
      [2026-02-08T19:37:11.367Z] 📡 Calling API client register method

      at Object.log [as handleSubmit] (src/hooks/useRegistrationForm.ts:316:15)

    console.log
      [2026-02-08T19:37:11.367Z] API payload: {
        email: "5w.%d'4f4+0=2.o@ytb.ref",
        name: 'John Doe',
        password: '***REDACTED***'
      }

      at Object.log [as handleSubmit] (src/hooks/useRegistrationForm.ts:317:15)

    console.log
      [2026-02-08T19:37:11.367Z] ✅ API call successful

      at Object.log [as handleSubmit] (src/hooks/useRegistrationForm.ts:330:15)

    console.log
      [2026-02-08T19:37:11.367Z] ========== FORM SUBMISSION ENDED ==========

      at Object.log [as handleSubmit] (src/hooks/useRegistrationForm.ts:376:15)

    console.log
      ✅ preventDefault() called FIRST (stopPropagation also called if available)

      at Object.log [as handleSubmit] (src/hooks/useRegistrationForm.ts:277:13)

    console.log
      [2026-02-08T19:37:11.373Z] ========== FORM SUBMISSION STARTED ==========

      at Object.log [as handleSubmit] (src/hooks/useRegistrationForm.ts:280:13)

    console.log
      [2026-02-08T19:37:11.373Z] Event defaultPrevented: undefined

      at Object.log [as handleSubmit] (src/hooks/useRegistrationForm.ts:281:13)

    console.log
      [2026-02-08T19:37:11.373Z] Event type: undefined

      at Object.log [as handleSubmit] (src/hooks/useRegistrationForm.ts:282:13)

    console.log
      [2026-02-08T19:37:11.373Z] Event target: undefined

      at Object.log [as handleSubmit] (src/hooks/useRegistrationForm.ts:283:13)

    console.log
      [2026-02-08T19:37:11.373Z] Form data: {
        "fullName": "John Doe",
        "email": "~ ",
        "password": "Password123!",
        "confirmPassword": "Password123!"
      }

      at Object.log [as handleSubmit] (src/hooks/useRegistrationForm.ts:284:13)

    console.log
      [2026-02-08T19:37:11.373Z] Current errors: {}

      at Object.log [as handleSubmit] (src/hooks/useRegistrationForm.ts:285:13)

    console.log
      [2026-02-08T19:37:11.373Z] Is rate limited: false

      at Object.log [as handleSubmit] (src/hooks/useRegistrationForm.ts:286:13)

    console.log
      [2026-02-08T19:37:11.373Z] Validation result: false

      at Object.log [as handleSubmit] (src/hooks/useRegistrationForm.ts:296:13)

    console.log
      [2026-02-08T19:37:11.373Z] ❌ Form submission blocked: validation failed

      at Object.log [as handleSubmit] (src/hooks/useRegistrationForm.ts:298:15)

    console.log
      [2026-02-08T19:37:11.373Z] Validation errors: {}

      at Object.log [as handleSubmit] (src/hooks/useRegistrationForm.ts:299:15)

    console.log
      ✅ preventDefault() called FIRST (stopPropagation also called if available)

      at Object.log [as handleSubmit] (src/hooks/useRegistrationForm.ts:277:13)

    console.log
      [2026-02-08T19:37:11.378Z] ========== FORM SUBMISSION STARTED ==========

      at Object.log [as handleSubmit] (src/hooks/useRegistrationForm.ts:280:13)

    console.log
      [2026-02-08T19:37:11.378Z] Event defaultPrevented: undefined

      at Object.log [as handleSubmit] (src/hooks/useRegistrationForm.ts:281:13)

    console.log
      [2026-02-08T19:37:11.378Z] Event type: undefined

      at Object.log [as handleSubmit] (src/hooks/useRegistrationForm.ts:282:13)

    console.log
      [2026-02-08T19:37:11.378Z] Event target: undefined

      at Object.log [as handleSubmit] (src/hooks/useRegistrationForm.ts:283:13)

    console.log
      [2026-02-08T19:37:11.378Z] Form data: {
        "fullName": "John Doe",
        "email": "iazh.^n'jc|os'1q8.^m5tv4_.w=9.&81mqo~'n-02.0$9m.-2=.x?g_j'8u}3q@n1pa.9gpr9z8x.ge",
        "password": "Password123!",
        "confirmPassword": "Password123!"
      }

      at Object.log [as handleSubmit] (src/hooks/useRegistrationForm.ts:284:13)

    console.log
      [2026-02-08T19:37:11.378Z] Current errors: {}

      at Object.log [as handleSubmit] (src/hooks/useRegistrationForm.ts:285:13)

    console.log
      [2026-02-08T19:37:11.378Z] Is rate limited: false

      at Object.log [as handleSubmit] (src/hooks/useRegistrationForm.ts:286:13)

    console.log
      [2026-02-08T19:37:11.378Z] Validation result: true

      at Object.log [as handleSubmit] (src/hooks/useRegistrationForm.ts:296:13)

    console.log
      [2026-02-08T19:37:11.378Z] ✅ Validation passed, proceeding with API call

      at Object.log [as handleSubmit] (src/hooks/useRegistrationForm.ts:303:13)

    console.log
      [2026-02-08T19:37:11.378Z] 📡 Calling API client register method

      at Object.log [as handleSubmit] (src/hooks/useRegistrationForm.ts:316:15)

    console.log
      [2026-02-08T19:37:11.378Z] API payload: {
        email: "iazh.^n'jc|os'1q8.^m5tv4_.w=9.&81mqo~'n-02.0$9m.-2=.x?g_j'8u}3q@n1pa.9gpr9z8x.ge",
        name: 'John Doe',
        password: '***REDACTED***'
      }

      at Object.log [as handleSubmit] (src/hooks/useRegistrationForm.ts:317:15)

    console.log
      [2026-02-08T19:37:11.378Z] ✅ API call successful

      at Object.log [as handleSubmit] (src/hooks/useRegistrationForm.ts:330:15)

    console.log
      [2026-02-08T19:37:11.378Z] ========== FORM SUBMISSION ENDED ==========

      at Object.log [as handleSubmit] (src/hooks/useRegistrationForm.ts:376:15)

    console.log
      ✅ preventDefault() called FIRST (stopPropagation also called if available)

      at Object.log [as handleSubmit] (src/hooks/useRegistrationForm.ts:277:13)

    console.log
      [2026-02-08T19:37:11.382Z] ========== FORM SUBMISSION STARTED ==========

      at Object.log [as handleSubmit] (src/hooks/useRegistrationForm.ts:280:13)

    console.log
      [2026-02-08T19:37:11.382Z] Event defaultPrevented: undefined

      at Object.log [as handleSubmit] (src/hooks/useRegistrationForm.ts:281:13)

    console.log
      [2026-02-08T19:37:11.382Z] Event type: undefined

      at Object.log [as handleSubmit] (src/hooks/useRegistrationForm.ts:282:13)

    console.log
      [2026-02-08T19:37:11.382Z] Event target: undefined

      at Object.log [as handleSubmit] (src/hooks/useRegistrationForm.ts:283:13)

    console.log
      [2026-02-08T19:37:11.382Z] Form data: {
        "fullName": "John Doe",
        "email": "length",
        "password": "Password123!",
        "confirmPassword": "Password123!"
      }

      at Object.log [as handleSubmit] (src/hooks/useRegistrationForm.ts:284:13)

    console.log
      [2026-02-08T19:37:11.382Z] Current errors: {}

      at Object.log [as handleSubmit] (src/hooks/useRegistrationForm.ts:285:13)

    console.log
      [2026-02-08T19:37:11.382Z] Is rate limited: false

      at Object.log [as handleSubmit] (src/hooks/useRegistrationForm.ts:286:13)

    console.log
      [2026-02-08T19:37:11.382Z] Validation result: false

      at Object.log [as handleSubmit] (src/hooks/useRegistrationForm.ts:296:13)

    console.log
      [2026-02-08T19:37:11.382Z] ❌ Form submission blocked: validation failed

      at Object.log [as handleSubmit] (src/hooks/useRegistrationForm.ts:298:15)

    console.log
      [2026-02-08T19:37:11.382Z] Validation errors: {}

      at Object.log [as handleSubmit] (src/hooks/useRegistrationForm.ts:299:15)

    console.log
      ✅ preventDefault() called FIRST (stopPropagation also called if available)

      at Object.log [as handleSubmit] (src/hooks/useRegistrationForm.ts:277:13)

    console.log
      [2026-02-08T19:37:11.391Z] ========== FORM SUBMISSION STARTED ==========

      at Object.log [as handleSubmit] (src/hooks/useRegistrationForm.ts:280:13)

    console.log
      [2026-02-08T19:37:11.391Z] Event defaultPrevented: undefined

      at Object.log [as handleSubmit] (src/hooks/useRegistrationForm.ts:281:13)

    console.log
      [2026-02-08T19:37:11.391Z] Event type: undefined

      at Object.log [as handleSubmit] (src/hooks/useRegistrationForm.ts:282:13)

    console.log
      [2026-02-08T19:37:11.391Z] Event target: undefined

      at Object.log [as handleSubmit] (src/hooks/useRegistrationForm.ts:283:13)

    console.log
      [2026-02-08T19:37:11.391Z] Form data: {
        "fullName": "John Doe",
        "email": ".b?_''>u)",
        "password": "Password123!",
        "confirmPassword": "Password123!"
      }

      at Object.log [as handleSubmit] (src/hooks/useRegistrationForm.ts:284:13)

    console.log
      [2026-02-08T19:37:11.391Z] Current errors: {}

      at Object.log [as handleSubmit] (src/hooks/useRegistrationForm.ts:285:13)

    console.log
      [2026-02-08T19:37:11.391Z] Is rate limited: false

      at Object.log [as handleSubmit] (src/hooks/useRegistrationForm.ts:286:13)

    console.log
      [2026-02-08T19:37:11.391Z] Validation result: false

      at Object.log [as handleSubmit] (src/hooks/useRegistrationForm.ts:296:13)

    console.log
      [2026-02-08T19:37:11.391Z] ❌ Form submission blocked: validation failed

      at Object.log [as handleSubmit] (src/hooks/useRegistrationForm.ts:298:15)

    console.log
      [2026-02-08T19:37:11.391Z] Validation errors: {}

      at Object.log [as handleSubmit] (src/hooks/useRegistrationForm.ts:299:15)

    console.log
      ✅ preventDefault() called FIRST (stopPropagation also called if available)

      at Object.log [as handleSubmit] (src/hooks/useRegistrationForm.ts:277:13)

    console.log
      [2026-02-08T19:37:11.396Z] ========== FORM SUBMISSION STARTED ==========

      at Object.log [as handleSubmit] (src/hooks/useRegistrationForm.ts:280:13)

    console.log
      [2026-02-08T19:37:11.396Z] Event defaultPrevented: undefined

      at Object.log [as handleSubmit] (src/hooks/useRegistrationForm.ts:281:13)

    console.log
      [2026-02-08T19:37:11.396Z] Event type: undefined

      at Object.log [as handleSubmit] (src/hooks/useRegistrationForm.ts:282:13)

    console.log
      [2026-02-08T19:37:11.396Z] Event target: undefined

      at Object.log [as handleSubmit] (src/hooks/useRegistrationForm.ts:283:13)

    console.log
      [2026-02-08T19:37:11.396Z] Form data: {
        "fullName": "John Doe",
        "email": "7r}.|e#cw`d|{f@evxhfo.az",
        "password": "Password123!",
        "confirmPassword": "Password123!"
      }

      at Object.log [as handleSubmit] (src/hooks/useRegistrationForm.ts:284:13)

    console.log
      [2026-02-08T19:37:11.396Z] Current errors: {}

      at Object.log [as handleSubmit] (src/hooks/useRegistrationForm.ts:285:13)

    console.log
      [2026-02-08T19:37:11.396Z] Is rate limited: false

      at Object.log [as handleSubmit] (src/hooks/useRegistrationForm.ts:286:13)

    console.log
      [2026-02-08T19:37:11.396Z] Validation result: true

      at Object.log [as handleSubmit] (src/hooks/useRegistrationForm.ts:296:13)

    console.log
      [2026-02-08T19:37:11.396Z] ✅ Validation passed, proceeding with API call

      at Object.log [as handleSubmit] (src/hooks/useRegistrationForm.ts:303:13)

    console.log
      [2026-02-08T19:37:11.396Z] 📡 Calling API client register method

      at Object.log [as handleSubmit] (src/hooks/useRegistrationForm.ts:316:15)

    console.log
      [2026-02-08T19:37:11.396Z] API payload: {
        email: '7r}.|e#cw`d|{f@evxhfo.az',
        name: 'John Doe',
        password: '***REDACTED***'
      }

      at Object.log [as handleSubmit] (src/hooks/useRegistrationForm.ts:317:15)

    console.log
      [2026-02-08T19:37:11.396Z] ✅ API call successful

      at Object.log [as handleSubmit] (src/hooks/useRegistrationForm.ts:330:15)

    console.log
      [2026-02-08T19:37:11.396Z] ========== FORM SUBMISSION ENDED ==========

      at Object.log [as handleSubmit] (src/hooks/useRegistrationForm.ts:376:15)

    console.log
      ✅ preventDefault() called FIRST (stopPropagation also called if available)

      at Object.log [as handleSubmit] (src/hooks/useRegistrationForm.ts:277:13)

    console.log
      [2026-02-08T19:37:11.399Z] ========== FORM SUBMISSION STARTED ==========

      at Object.log [as handleSubmit] (src/hooks/useRegistrationForm.ts:280:13)

    console.log
      [2026-02-08T19:37:11.399Z] Event defaultPrevented: undefined

      at Object.log [as handleSubmit] (src/hooks/useRegistrationForm.ts:281:13)

    console.log
      [2026-02-08T19:37:11.399Z] Event type: undefined

      at Object.log [as handleSubmit] (src/hooks/useRegistrationForm.ts:282:13)

    console.log
      [2026-02-08T19:37:11.399Z] Event target: undefined

      at Object.log [as handleSubmit] (src/hooks/useRegistrationForm.ts:283:13)

    console.log
      [2026-02-08T19:37:11.399Z] Form data: {
        "fullName": "John Doe",
        "email": "",
        "password": "Password123!",
        "confirmPassword": "Password123!"
      }

      at Object.log [as handleSubmit] (src/hooks/useRegistrationForm.ts:284:13)

    console.log
      [2026-02-08T19:37:11.399Z] Current errors: {}

      at Object.log [as handleSubmit] (src/hooks/useRegistrationForm.ts:285:13)

    console.log
      [2026-02-08T19:37:11.399Z] Is rate limited: false

      at Object.log [as handleSubmit] (src/hooks/useRegistrationForm.ts:286:13)

    console.log
      [2026-02-08T19:37:11.399Z] Validation result: false

      at Object.log [as handleSubmit] (src/hooks/useRegistrationForm.ts:296:13)

    console.log
      [2026-02-08T19:37:11.399Z] ❌ Form submission blocked: validation failed

      at Object.log [as handleSubmit] (src/hooks/useRegistrationForm.ts:298:15)

    console.log
      [2026-02-08T19:37:11.399Z] Validation errors: {}

      at Object.log [as handleSubmit] (src/hooks/useRegistrationForm.ts:299:15)

    console.log
      ✅ preventDefault() called FIRST (stopPropagation also called if available)

      at Object.log [as handleSubmit] (src/hooks/useRegistrationForm.ts:277:13)

    console.log
      [2026-02-08T19:37:11.401Z] ========== FORM SUBMISSION STARTED ==========

      at Object.log [as handleSubmit] (src/hooks/useRegistrationForm.ts:280:13)

    console.log
      [2026-02-08T19:37:11.401Z] Event defaultPrevented: undefined

      at Object.log [as handleSubmit] (src/hooks/useRegistrationForm.ts:281:13)

    console.log
      [2026-02-08T19:37:11.401Z] Event type: undefined

      at Object.log [as handleSubmit] (src/hooks/useRegistrationForm.ts:282:13)

    console.log
      [2026-02-08T19:37:11.401Z] Event target: undefined

      at Object.log [as handleSubmit] (src/hooks/useRegistrationForm.ts:283:13)

    console.log
      [2026-02-08T19:37:11.401Z] Form data: {
        "fullName": "John Doe",
        "email": "rBs\"lz",
        "password": "Password123!",
        "confirmPassword": "Password123!"
      }

      at Object.log [as handleSubmit] (src/hooks/useRegistrationForm.ts:284:13)

    console.log
      [2026-02-08T19:37:11.401Z] Current errors: {}

      at Object.log [as handleSubmit] (src/hooks/useRegistrationForm.ts:285:13)

    console.log
      [2026-02-08T19:37:11.401Z] Is rate limited: false

      at Object.log [as handleSubmit] (src/hooks/useRegistrationForm.ts:286:13)

    console.log
      [2026-02-08T19:37:11.401Z] Validation result: false

      at Object.log [as handleSubmit] (src/hooks/useRegistrationForm.ts:296:13)

    console.log
      [2026-02-08T19:37:11.401Z] ❌ Form submission blocked: validation failed

      at Object.log [as handleSubmit] (src/hooks/useRegistrationForm.ts:298:15)

    console.log
      [2026-02-08T19:37:11.401Z] Validation errors: {}

      at Object.log [as handleSubmit] (src/hooks/useRegistrationForm.ts:299:15)

    console.log
      ✅ preventDefault() called FIRST (stopPropagation also called if available)

      at Object.log [as handleSubmit] (src/hooks/useRegistrationForm.ts:277:13)

    console.log
      [2026-02-08T19:37:11.403Z] ========== FORM SUBMISSION STARTED ==========

      at Object.log [as handleSubmit] (src/hooks/useRegistrationForm.ts:280:13)

    console.log
      [2026-02-08T19:37:11.403Z] Event defaultPrevented: undefined

      at Object.log [as handleSubmit] (src/hooks/useRegistrationForm.ts:281:13)

    console.log
      [2026-02-08T19:37:11.403Z] Event type: undefined

      at Object.log [as handleSubmit] (src/hooks/useRegistrationForm.ts:282:13)

    console.log
      [2026-02-08T19:37:11.403Z] Event target: undefined

      at Object.log [as handleSubmit] (src/hooks/useRegistrationForm.ts:283:13)

    console.log
      [2026-02-08T19:37:11.403Z] Form data: {
        "fullName": "John Doe",
        "email": "dfaj7=23q.xeit&h~pwz}y@13kfowb0.hue54e7.dqb",
        "password": "Password123!",
        "confirmPassword": "Password123!"
      }

      at Object.log [as handleSubmit] (src/hooks/useRegistrationForm.ts:284:13)

    console.log
      [2026-02-08T19:37:11.403Z] Current errors: {}

      at Object.log [as handleSubmit] (src/hooks/useRegistrationForm.ts:285:13)

    console.log
      [2026-02-08T19:37:11.403Z] Is rate limited: false

      at Object.log [as handleSubmit] (src/hooks/useRegistrationForm.ts:286:13)

    console.log
      [2026-02-08T19:37:11.403Z] Validation result: true

      at Object.log [as handleSubmit] (src/hooks/useRegistrationForm.ts:296:13)

    console.log
      [2026-02-08T19:37:11.403Z] ✅ Validation passed, proceeding with API call

      at Object.log [as handleSubmit] (src/hooks/useRegistrationForm.ts:303:13)

    console.log
      [2026-02-08T19:37:11.403Z] 📡 Calling API client register method

      at Object.log [as handleSubmit] (src/hooks/useRegistrationForm.ts:316:15)

    console.log
      [2026-02-08T19:37:11.403Z] API payload: {
        email: 'dfaj7=23q.xeit&h~pwz}y@13kfowb0.hue54e7.dqb',
        name: 'John Doe',
        password: '***REDACTED***'
      }

      at Object.log [as handleSubmit] (src/hooks/useRegistrationForm.ts:317:15)

    console.log
      [2026-02-08T19:37:11.403Z] ✅ API call successful

      at Object.log [as handleSubmit] (src/hooks/useRegistrationForm.ts:330:15)

    console.log
      [2026-02-08T19:37:11.403Z] ========== FORM SUBMISSION ENDED ==========

      at Object.log [as handleSubmit] (src/hooks/useRegistrationForm.ts:376:15)

    console.log
      ✅ preventDefault() called FIRST (stopPropagation also called if available)

      at Object.log [as handleSubmit] (src/hooks/useRegistrationForm.ts:277:13)

    console.log
      [2026-02-08T19:37:11.407Z] ========== FORM SUBMISSION STARTED ==========

      at Object.log [as handleSubmit] (src/hooks/useRegistrationForm.ts:280:13)

    console.log
      [2026-02-08T19:37:11.407Z] Event defaultPrevented: undefined

      at Object.log [as handleSubmit] (src/hooks/useRegistrationForm.ts:281:13)

    console.log
      [2026-02-08T19:37:11.407Z] Event type: undefined

      at Object.log [as handleSubmit] (src/hooks/useRegistrationForm.ts:282:13)

    console.log
      [2026-02-08T19:37:11.407Z] Event target: undefined

      at Object.log [as handleSubmit] (src/hooks/useRegistrationForm.ts:283:13)

    console.log
      [2026-02-08T19:37:11.407Z] Form data: {
        "fullName": "John Doe",
        "email": "5___p.i|7'@a7-tcaf.xv",
        "password": "Password123!",
        "confirmPassword": "Password123!"
      }

      at Object.log [as handleSubmit] (src/hooks/useRegistrationForm.ts:284:13)

    console.log
      [2026-02-08T19:37:11.407Z] Current errors: {}

      at Object.log [as handleSubmit] (src/hooks/useRegistrationForm.ts:285:13)

    console.log
      [2026-02-08T19:37:11.407Z] Is rate limited: false

      at Object.log [as handleSubmit] (src/hooks/useRegistrationForm.ts:286:13)

    console.log
      [2026-02-08T19:37:11.407Z] Validation result: true

      at Object.log [as handleSubmit] (src/hooks/useRegistrationForm.ts:296:13)

    console.log
      [2026-02-08T19:37:11.407Z] ✅ Validation passed, proceeding with API call

      at Object.log [as handleSubmit] (src/hooks/useRegistrationForm.ts:303:13)

    console.log
      [2026-02-08T19:37:11.407Z] 📡 Calling API client register method

      at Object.log [as handleSubmit] (src/hooks/useRegistrationForm.ts:316:15)

    console.log
      [2026-02-08T19:37:11.407Z] API payload: {
        email: "5___p.i|7'@a7-tcaf.xv",
        name: 'John Doe',
        password: '***REDACTED***'
      }

      at Object.log [as handleSubmit] (src/hooks/useRegistrationForm.ts:317:15)

    console.log
      [2026-02-08T19:37:11.407Z] ✅ API call successful

      at Object.log [as handleSubmit] (src/hooks/useRegistrationForm.ts:330:15)

    console.log
      [2026-02-08T19:37:11.407Z] ========== FORM SUBMISSION ENDED ==========

      at Object.log [as handleSubmit] (src/hooks/useRegistrationForm.ts:376:15)

    console.log
      ✅ preventDefault() called FIRST (stopPropagation also called if available)

      at Object.log [as handleSubmit] (src/hooks/useRegistrationForm.ts:277:13)

    console.log
      [2026-02-08T19:37:11.413Z] ========== FORM SUBMISSION STARTED ==========

      at Object.log [as handleSubmit] (src/hooks/useRegistrationForm.ts:280:13)

    console.log
      [2026-02-08T19:37:11.413Z] Event defaultPrevented: undefined

      at Object.log [as handleSubmit] (src/hooks/useRegistrationForm.ts:281:13)

    console.log
      [2026-02-08T19:37:11.413Z] Event type: undefined

      at Object.log [as handleSubmit] (src/hooks/useRegistrationForm.ts:282:13)

    console.log
      [2026-02-08T19:37:11.413Z] Event target: undefined

      at Object.log [as handleSubmit] (src/hooks/useRegistrationForm.ts:283:13)

    console.log
      [2026-02-08T19:37:11.413Z] Form data: {
        "fullName": "John Doe",
        "email": "8ls1ny{3z5.ks+.inpba.w2.rh3l.0u~4|4+''i.qff=v2t.`j.}5v|}s@m.nw",
        "password": "Password123!",
        "confirmPassword": "Password123!"
      }

      at Object.log [as handleSubmit] (src/hooks/useRegistrationForm.ts:284:13)

    console.log
      [2026-02-08T19:37:11.413Z] Current errors: {}

      at Object.log [as handleSubmit] (src/hooks/useRegistrationForm.ts:285:13)

    console.log
      [2026-02-08T19:37:11.413Z] Is rate limited: false

      at Object.log [as handleSubmit] (src/hooks/useRegistrationForm.ts:286:13)

    console.log
      [2026-02-08T19:37:11.413Z] Validation result: true

      at Object.log [as handleSubmit] (src/hooks/useRegistrationForm.ts:296:13)

    console.log
      [2026-02-08T19:37:11.413Z] ✅ Validation passed, proceeding with API call

      at Object.log [as handleSubmit] (src/hooks/useRegistrationForm.ts:303:13)

    console.log
      [2026-02-08T19:37:11.413Z] 📡 Calling API client register method

      at Object.log [as handleSubmit] (src/hooks/useRegistrationForm.ts:316:15)

    console.log
      [2026-02-08T19:37:11.413Z] API payload: {
        email: "8ls1ny{3z5.ks+.inpba.w2.rh3l.0u~4|4+''i.qff=v2t.`j.}5v|}s@m.nw",
        name: 'John Doe',
        password: '***REDACTED***'
      }

      at Object.log [as handleSubmit] (src/hooks/useRegistrationForm.ts:317:15)

    console.log
      [2026-02-08T19:37:11.413Z] ✅ API call successful

      at Object.log [as handleSubmit] (src/hooks/useRegistrationForm.ts:330:15)

    console.log
      [2026-02-08T19:37:11.413Z] ========== FORM SUBMISSION ENDED ==========

      at Object.log [as handleSubmit] (src/hooks/useRegistrationForm.ts:376:15)

    console.log
      ✅ preventDefault() called FIRST (stopPropagation also called if available)

      at Object.log [as handleSubmit] (src/hooks/useRegistrationForm.ts:277:13)

    console.log
      [2026-02-08T19:37:11.417Z] ========== FORM SUBMISSION STARTED ==========

      at Object.log [as handleSubmit] (src/hooks/useRegistrationForm.ts:280:13)

    console.log
      [2026-02-08T19:37:11.417Z] Event defaultPrevented: undefined

      at Object.log [as handleSubmit] (src/hooks/useRegistrationForm.ts:281:13)

    console.log
      [2026-02-08T19:37:11.417Z] Event type: undefined

      at Object.log [as handleSubmit] (src/hooks/useRegistrationForm.ts:282:13)

    console.log
      [2026-02-08T19:37:11.417Z] Event target: undefined

      at Object.log [as handleSubmit] (src/hooks/useRegistrationForm.ts:283:13)

    console.log
      [2026-02-08T19:37:11.417Z] Form data: {
        "fullName": "John Doe",
        "email": "0-f#8.dh*.dbz.b~k{/0gb.w6_w2kl'htdf@abig.diz",
        "password": "Password123!",
        "confirmPassword": "Password123!"
      }

      at Object.log [as handleSubmit] (src/hooks/useRegistrationForm.ts:284:13)

    console.log
      [2026-02-08T19:37:11.417Z] Current errors: {}

      at Object.log [as handleSubmit] (src/hooks/useRegistrationForm.ts:285:13)

    console.log
      [2026-02-08T19:37:11.417Z] Is rate limited: false

      at Object.log [as handleSubmit] (src/hooks/useRegistrationForm.ts:286:13)

    console.log
      [2026-02-08T19:37:11.417Z] Validation result: true

      at Object.log [as handleSubmit] (src/hooks/useRegistrationForm.ts:296:13)

    console.log
      [2026-02-08T19:37:11.417Z] ✅ Validation passed, proceeding with API call

      at Object.log [as handleSubmit] (src/hooks/useRegistrationForm.ts:303:13)

    console.log
      [2026-02-08T19:37:11.417Z] 📡 Calling API client register method

      at Object.log [as handleSubmit] (src/hooks/useRegistrationForm.ts:316:15)

    console.log
      [2026-02-08T19:37:11.417Z] API payload: {
        email: "0-f#8.dh*.dbz.b~k{/0gb.w6_w2kl'htdf@abig.diz",
        name: 'John Doe',
        password: '***REDACTED***'
      }

      at Object.log [as handleSubmit] (src/hooks/useRegistrationForm.ts:317:15)

    console.log
      [2026-02-08T19:37:11.417Z] ✅ API call successful

      at Object.log [as handleSubmit] (src/hooks/useRegistrationForm.ts:330:15)

    console.log
      [2026-02-08T19:37:11.417Z] ========== FORM SUBMISSION ENDED ==========

      at Object.log [as handleSubmit] (src/hooks/useRegistrationForm.ts:376:15)

    console.log
      ✅ preventDefault() called FIRST (stopPropagation also called if available)

      at Object.log [as handleSubmit] (src/hooks/useRegistrationForm.ts:277:13)

    console.log
      [2026-02-08T19:37:11.421Z] ========== FORM SUBMISSION STARTED ==========

      at Object.log [as handleSubmit] (src/hooks/useRegistrationForm.ts:280:13)

    console.log
      [2026-02-08T19:37:11.421Z] Event defaultPrevented: undefined

      at Object.log [as handleSubmit] (src/hooks/useRegistrationForm.ts:281:13)

    console.log
      [2026-02-08T19:37:11.421Z] Event type: undefined

      at Object.log [as handleSubmit] (src/hooks/useRegistrationForm.ts:282:13)

    console.log
      [2026-02-08T19:37:11.421Z] Event target: undefined

      at Object.log [as handleSubmit] (src/hooks/useRegistrationForm.ts:283:13)

    console.log
      [2026-02-08T19:37:11.421Z] Form data: {
        "fullName": "John Doe",
        "email": "`g2.{ded=pd.2.cg_k.gu^d^i~ah|c7.v?of.r$s^.^.q4fekom@s4mty9za1e6.vjl",
        "password": "Password123!",
        "confirmPassword": "Password123!"
      }

      at Object.log [as handleSubmit] (src/hooks/useRegistrationForm.ts:284:13)

    console.log
      [2026-02-08T19:37:11.421Z] Current errors: {}

      at Object.log [as handleSubmit] (src/hooks/useRegistrationForm.ts:285:13)

    console.log
      [2026-02-08T19:37:11.421Z] Is rate limited: false

      at Object.log [as handleSubmit] (src/hooks/useRegistrationForm.ts:286:13)

    console.log
      [2026-02-08T19:37:11.421Z] Validation result: true

      at Object.log [as handleSubmit] (src/hooks/useRegistrationForm.ts:296:13)

    console.log
      [2026-02-08T19:37:11.421Z] ✅ Validation passed, proceeding with API call

      at Object.log [as handleSubmit] (src/hooks/useRegistrationForm.ts:303:13)

    console.log
      [2026-02-08T19:37:11.421Z] 📡 Calling API client register method

      at Object.log [as handleSubmit] (src/hooks/useRegistrationForm.ts:316:15)

    console.log
      [2026-02-08T19:37:11.421Z] API payload: {
        email: '`g2.{ded=pd.2.cg_k.gu^d^i~ah|c7.v?of.r$s^.^.q4fekom@s4mty9za1e6.vjl',
        name: 'John Doe',
        password: '***REDACTED***'
      }

      at Object.log [as handleSubmit] (src/hooks/useRegistrationForm.ts:317:15)

    console.log
      [2026-02-08T19:37:11.421Z] ✅ API call successful

      at Object.log [as handleSubmit] (src/hooks/useRegistrationForm.ts:330:15)

    console.log
      [2026-02-08T19:37:11.421Z] ========== FORM SUBMISSION ENDED ==========

      at Object.log [as handleSubmit] (src/hooks/useRegistrationForm.ts:376:15)

    console.log
      ✅ preventDefault() called FIRST (stopPropagation also called if available)

      at Object.log [as handleSubmit] (src/hooks/useRegistrationForm.ts:277:13)

    console.log
      [2026-02-08T19:37:11.424Z] ========== FORM SUBMISSION STARTED ==========

      at Object.log [as handleSubmit] (src/hooks/useRegistrationForm.ts:280:13)

    console.log
      [2026-02-08T19:37:11.424Z] Event defaultPrevented: undefined

      at Object.log [as handleSubmit] (src/hooks/useRegistrationForm.ts:281:13)

    console.log
      [2026-02-08T19:37:11.424Z] Event type: undefined

      at Object.log [as handleSubmit] (src/hooks/useRegistrationForm.ts:282:13)

    console.log
      [2026-02-08T19:37:11.424Z] Event target: undefined

      at Object.log [as handleSubmit] (src/hooks/useRegistrationForm.ts:283:13)

    console.log
      [2026-02-08T19:37:11.424Z] Form data: {
        "fullName": "John Doe",
        "email": "!!%jZ",
        "password": "Password123!",
        "confirmPassword": "Password123!"
      }

      at Object.log [as handleSubmit] (src/hooks/useRegistrationForm.ts:284:13)

    console.log
      [2026-02-08T19:37:11.424Z] Current errors: {}

      at Object.log [as handleSubmit] (src/hooks/useRegistrationForm.ts:285:13)

    console.log
      [2026-02-08T19:37:11.424Z] Is rate limited: false

      at Object.log [as handleSubmit] (src/hooks/useRegistrationForm.ts:286:13)

    console.log
      [2026-02-08T19:37:11.424Z] Validation result: false

      at Object.log [as handleSubmit] (src/hooks/useRegistrationForm.ts:296:13)

    console.log
      [2026-02-08T19:37:11.424Z] ❌ Form submission blocked: validation failed

      at Object.log [as handleSubmit] (src/hooks/useRegistrationForm.ts:298:15)

    console.log
      [2026-02-08T19:37:11.424Z] Validation errors: {}

      at Object.log [as handleSubmit] (src/hooks/useRegistrationForm.ts:299:15)

    console.log
      ✅ preventDefault() called FIRST (stopPropagation also called if available)

      at Object.log [as handleSubmit] (src/hooks/useRegistrationForm.ts:277:13)

    console.log
      [2026-02-08T19:37:11.426Z] ========== FORM SUBMISSION STARTED ==========

      at Object.log [as handleSubmit] (src/hooks/useRegistrationForm.ts:280:13)

    console.log
      [2026-02-08T19:37:11.426Z] Event defaultPrevented: undefined

      at Object.log [as handleSubmit] (src/hooks/useRegistrationForm.ts:281:13)

    console.log
      [2026-02-08T19:37:11.426Z] Event type: undefined

      at Object.log [as handleSubmit] (src/hooks/useRegistrationForm.ts:282:13)

    console.log
      [2026-02-08T19:37:11.426Z] Event target: undefined

      at Object.log [as handleSubmit] (src/hooks/useRegistrationForm.ts:283:13)

    console.log
      [2026-02-08T19:37:11.426Z] Form data: {
        "fullName": "John Doe",
        "email": "apply4 <",
        "password": "Password123!",
        "confirmPassword": "Password123!"
      }

      at Object.log [as handleSubmit] (src/hooks/useRegistrationForm.ts:284:13)

    console.log
      [2026-02-08T19:37:11.426Z] Current errors: {}

      at Object.log [as handleSubmit] (src/hooks/useRegistrationForm.ts:285:13)

    console.log
      [2026-02-08T19:37:11.426Z] Is rate limited: false

      at Object.log [as handleSubmit] (src/hooks/useRegistrationForm.ts:286:13)

    console.log
      [2026-02-08T19:37:11.426Z] Validation result: false

      at Object.log [as handleSubmit] (src/hooks/useRegistrationForm.ts:296:13)

    console.log
      [2026-02-08T19:37:11.426Z] ❌ Form submission blocked: validation failed

      at Object.log [as handleSubmit] (src/hooks/useRegistrationForm.ts:298:15)

    console.log
      [2026-02-08T19:37:11.426Z] Validation errors: {}

      at Object.log [as handleSubmit] (src/hooks/useRegistrationForm.ts:299:15)

    console.log
      ✅ preventDefault() called FIRST (stopPropagation also called if available)

      at Object.log [as handleSubmit] (src/hooks/useRegistrationForm.ts:277:13)

    console.log
      [2026-02-08T19:37:11.428Z] ========== FORM SUBMISSION STARTED ==========

      at Object.log [as handleSubmit] (src/hooks/useRegistrationForm.ts:280:13)

    console.log
      [2026-02-08T19:37:11.428Z] Event defaultPrevented: undefined

      at Object.log [as handleSubmit] (src/hooks/useRegistrationForm.ts:281:13)

    console.log
      [2026-02-08T19:37:11.428Z] Event type: undefined

      at Object.log [as handleSubmit] (src/hooks/useRegistrationForm.ts:282:13)

    console.log
      [2026-02-08T19:37:11.428Z] Event target: undefined

      at Object.log [as handleSubmit] (src/hooks/useRegistrationForm.ts:283:13)

    console.log
      [2026-02-08T19:37:11.428Z] Form data: {
        "fullName": "John Doe",
        "email": "n?a.v9^${#lz.08lz.&2-p+.}jk.17zm|v'.f@6pu8x.ibz",
        "password": "Password123!",
        "confirmPassword": "Password123!"
      }

      at Object.log [as handleSubmit] (src/hooks/useRegistrationForm.ts:284:13)

    console.log
      [2026-02-08T19:37:11.428Z] Current errors: {}

      at Object.log [as handleSubmit] (src/hooks/useRegistrationForm.ts:285:13)

    console.log
      [2026-02-08T19:37:11.428Z] Is rate limited: false

      at Object.log [as handleSubmit] (src/hooks/useRegistrationForm.ts:286:13)

    console.log
      [2026-02-08T19:37:11.428Z] Validation result: true

      at Object.log [as handleSubmit] (src/hooks/useRegistrationForm.ts:296:13)

    console.log
      [2026-02-08T19:37:11.428Z] ✅ Validation passed, proceeding with API call

      at Object.log [as handleSubmit] (src/hooks/useRegistrationForm.ts:303:13)

    console.log
      [2026-02-08T19:37:11.428Z] 📡 Calling API client register method

      at Object.log [as handleSubmit] (src/hooks/useRegistrationForm.ts:316:15)

    console.log
      [2026-02-08T19:37:11.428Z] API payload: {
        email: "n?a.v9^${#lz.08lz.&2-p+.}jk.17zm|v'.f@6pu8x.ibz",
        name: 'John Doe',
        password: '***REDACTED***'
      }

      at Object.log [as handleSubmit] (src/hooks/useRegistrationForm.ts:317:15)

    console.log
      [2026-02-08T19:37:11.428Z] ✅ API call successful

      at Object.log [as handleSubmit] (src/hooks/useRegistrationForm.ts:330:15)

    console.log
      [2026-02-08T19:37:11.428Z] ========== FORM SUBMISSION ENDED ==========

      at Object.log [as handleSubmit] (src/hooks/useRegistrationForm.ts:376:15)

    console.log
      ✅ preventDefault() called FIRST (stopPropagation also called if available)

      at Object.log [as handleSubmit] (src/hooks/useRegistrationForm.ts:277:13)

    console.log
      [2026-02-08T19:37:11.434Z] ========== FORM SUBMISSION STARTED ==========

      at Object.log [as handleSubmit] (src/hooks/useRegistrationForm.ts:280:13)

    console.log
      [2026-02-08T19:37:11.434Z] Event defaultPrevented: undefined

      at Object.log [as handleSubmit] (src/hooks/useRegistrationForm.ts:281:13)

    console.log
      [2026-02-08T19:37:11.434Z] Event type: undefined

      at Object.log [as handleSubmit] (src/hooks/useRegistrationForm.ts:282:13)

    console.log
      [2026-02-08T19:37:11.434Z] Event target: undefined

      at Object.log [as handleSubmit] (src/hooks/useRegistrationForm.ts:283:13)

    console.log
      [2026-02-08T19:37:11.434Z] Form data: {
        "fullName": "John Doe",
        "email": "NzYP",
        "password": "Password123!",
        "confirmPassword": "Password123!"
      }

      at Object.log [as handleSubmit] (src/hooks/useRegistrationForm.ts:284:13)

    console.log
      [2026-02-08T19:37:11.434Z] Current errors: {}

      at Object.log [as handleSubmit] (src/hooks/useRegistrationForm.ts:285:13)

    console.log
      [2026-02-08T19:37:11.434Z] Is rate limited: false

      at Object.log [as handleSubmit] (src/hooks/useRegistrationForm.ts:286:13)

    console.log
      [2026-02-08T19:37:11.434Z] Validation result: false

      at Object.log [as handleSubmit] (src/hooks/useRegistrationForm.ts:296:13)

    console.log
      [2026-02-08T19:37:11.434Z] ❌ Form submission blocked: validation failed

      at Object.log [as handleSubmit] (src/hooks/useRegistrationForm.ts:298:15)

    console.log
      [2026-02-08T19:37:11.434Z] Validation errors: {}

      at Object.log [as handleSubmit] (src/hooks/useRegistrationForm.ts:299:15)

    console.log
      ✅ preventDefault() called FIRST (stopPropagation also called if available)

      at Object.log [as handleSubmit] (src/hooks/useRegistrationForm.ts:277:13)

    console.log
      [2026-02-08T19:37:11.437Z] ========== FORM SUBMISSION STARTED ==========

      at Object.log [as handleSubmit] (src/hooks/useRegistrationForm.ts:280:13)

    console.log
      [2026-02-08T19:37:11.437Z] Event defaultPrevented: undefined

      at Object.log [as handleSubmit] (src/hooks/useRegistrationForm.ts:281:13)

    console.log
      [2026-02-08T19:37:11.437Z] Event type: undefined

      at Object.log [as handleSubmit] (src/hooks/useRegistrationForm.ts:282:13)

    console.log
      [2026-02-08T19:37:11.437Z] Event target: undefined

      at Object.log [as handleSubmit] (src/hooks/useRegistrationForm.ts:283:13)

    console.log
      [2026-02-08T19:37:11.437Z] Form data: {
        "fullName": "John Doe",
        "email": "tz+bud~{-8s_.8p9&.f.z.v80@ayty5knbcck.ae",
        "password": "Password123!",
        "confirmPassword": "Password123!"
      }

      at Object.log [as handleSubmit] (src/hooks/useRegistrationForm.ts:284:13)

    console.log
      [2026-02-08T19:37:11.437Z] Current errors: {}

      at Object.log [as handleSubmit] (src/hooks/useRegistrationForm.ts:285:13)

    console.log
      [2026-02-08T19:37:11.437Z] Is rate limited: false

      at Object.log [as handleSubmit] (src/hooks/useRegistrationForm.ts:286:13)

    console.log
      [2026-02-08T19:37:11.437Z] Validation result: true

      at Object.log [as handleSubmit] (src/hooks/useRegistrationForm.ts:296:13)

    console.log
      [2026-02-08T19:37:11.437Z] ✅ Validation passed, proceeding with API call

      at Object.log [as handleSubmit] (src/hooks/useRegistrationForm.ts:303:13)

    console.log
      [2026-02-08T19:37:11.437Z] 📡 Calling API client register method

      at Object.log [as handleSubmit] (src/hooks/useRegistrationForm.ts:316:15)

    console.log
      [2026-02-08T19:37:11.437Z] API payload: {
        email: 'tz+bud~{-8s_.8p9&.f.z.v80@ayty5knbcck.ae',
        name: 'John Doe',
        password: '***REDACTED***'
      }

      at Object.log [as handleSubmit] (src/hooks/useRegistrationForm.ts:317:15)

    console.log
      [2026-02-08T19:37:11.437Z] ✅ API call successful

      at Object.log [as handleSubmit] (src/hooks/useRegistrationForm.ts:330:15)

    console.log
      [2026-02-08T19:37:11.437Z] ========== FORM SUBMISSION ENDED ==========

      at Object.log [as handleSubmit] (src/hooks/useRegistrationForm.ts:376:15)

    console.log
      ✅ preventDefault() called FIRST (stopPropagation also called if available)

      at Object.log [as handleSubmit] (src/hooks/useRegistrationForm.ts:277:13)

    console.log
      [2026-02-08T19:37:11.442Z] ========== FORM SUBMISSION STARTED ==========

      at Object.log [as handleSubmit] (src/hooks/useRegistrationForm.ts:280:13)

    console.log
      [2026-02-08T19:37:11.442Z] Event defaultPrevented: undefined

      at Object.log [as handleSubmit] (src/hooks/useRegistrationForm.ts:281:13)

    console.log
      [2026-02-08T19:37:11.442Z] Event type: undefined

      at Object.log [as handleSubmit] (src/hooks/useRegistrationForm.ts:282:13)

    console.log
      [2026-02-08T19:37:11.442Z] Event target: undefined

      at Object.log [as handleSubmit] (src/hooks/useRegistrationForm.ts:283:13)

    console.log
      [2026-02-08T19:37:11.442Z] Form data: {
        "fullName": "John Doe",
        "email": "ats.wwr=8%1.i2!4fm=_sjq@07xq7.037wz.oo",
        "password": "Password123!",
        "confirmPassword": "Password123!"
      }

      at Object.log [as handleSubmit] (src/hooks/useRegistrationForm.ts:284:13)

    console.log
      [2026-02-08T19:37:11.442Z] Current errors: {}

      at Object.log [as handleSubmit] (src/hooks/useRegistrationForm.ts:285:13)

    console.log
      [2026-02-08T19:37:11.442Z] Is rate limited: false

      at Object.log [as handleSubmit] (src/hooks/useRegistrationForm.ts:286:13)

    console.log
      [2026-02-08T19:37:11.442Z] Validation result: true

      at Object.log [as handleSubmit] (src/hooks/useRegistrationForm.ts:296:13)

    console.log
      [2026-02-08T19:37:11.442Z] ✅ Validation passed, proceeding with API call

      at Object.log [as handleSubmit] (src/hooks/useRegistrationForm.ts:303:13)

    console.log
      [2026-02-08T19:37:11.442Z] 📡 Calling API client register method

      at Object.log [as handleSubmit] (src/hooks/useRegistrationForm.ts:316:15)

    console.log
      [2026-02-08T19:37:11.442Z] API payload: {
        email: 'ats.wwr=8%1.i2!4fm=_sjq@07xq7.037wz.oo',
        name: 'John Doe',
        password: '***REDACTED***'
      }

      at Object.log [as handleSubmit] (src/hooks/useRegistrationForm.ts:317:15)

    console.log
      [2026-02-08T19:37:11.442Z] ✅ API call successful

      at Object.log [as handleSubmit] (src/hooks/useRegistrationForm.ts:330:15)

    console.log
      [2026-02-08T19:37:11.442Z] ========== FORM SUBMISSION ENDED ==========

      at Object.log [as handleSubmit] (src/hooks/useRegistrationForm.ts:376:15)

    console.log
      ✅ preventDefault() called FIRST (stopPropagation also called if available)

      at Object.log [as handleSubmit] (src/hooks/useRegistrationForm.ts:277:13)

    console.log
      [2026-02-08T19:37:11.447Z] ========== FORM SUBMISSION STARTED ==========

      at Object.log [as handleSubmit] (src/hooks/useRegistrationForm.ts:280:13)

    console.log
      [2026-02-08T19:37:11.447Z] Event defaultPrevented: undefined

      at Object.log [as handleSubmit] (src/hooks/useRegistrationForm.ts:281:13)

    console.log
      [2026-02-08T19:37:11.447Z] Event type: undefined

      at Object.log [as handleSubmit] (src/hooks/useRegistrationForm.ts:282:13)

    console.log
      [2026-02-08T19:37:11.447Z] Event target: undefined

      at Object.log [as handleSubmit] (src/hooks/useRegistrationForm.ts:283:13)

    console.log
      [2026-02-08T19:37:11.447Z] Form data: {
        "fullName": "John Doe",
        "email": "v2!dk6xey2!g.a.5}i.x-4#.np'6.hf_zbk=.9kl&m`^a7#@sm72kyceut.7s4vz7o.chb",
        "password": "Password123!",
        "confirmPassword": "Password123!"
      }

      at Object.log [as handleSubmit] (src/hooks/useRegistrationForm.ts:284:13)

    console.log
      [2026-02-08T19:37:11.447Z] Current errors: {}

      at Object.log [as handleSubmit] (src/hooks/useRegistrationForm.ts:285:13)

    console.log
      [2026-02-08T19:37:11.447Z] Is rate limited: false

      at Object.log [as handleSubmit] (src/hooks/useRegistrationForm.ts:286:13)

    console.log
      [2026-02-08T19:37:11.447Z] Validation result: true

      at Object.log [as handleSubmit] (src/hooks/useRegistrationForm.ts:296:13)

    console.log
      [2026-02-08T19:37:11.447Z] ✅ Validation passed, proceeding with API call

      at Object.log [as handleSubmit] (src/hooks/useRegistrationForm.ts:303:13)

    console.log
      [2026-02-08T19:37:11.447Z] 📡 Calling API client register method

      at Object.log [as handleSubmit] (src/hooks/useRegistrationForm.ts:316:15)

    console.log
      [2026-02-08T19:37:11.447Z] API payload: {
        email: "v2!dk6xey2!g.a.5}i.x-4#.np'6.hf_zbk=.9kl&m`^a7#@sm72kyceut.7s4vz7o.chb",
        name: 'John Doe',
        password: '***REDACTED***'
      }

      at Object.log [as handleSubmit] (src/hooks/useRegistrationForm.ts:317:15)

    console.log
      [2026-02-08T19:37:11.447Z] ✅ API call successful

      at Object.log [as handleSubmit] (src/hooks/useRegistrationForm.ts:330:15)

    console.log
      [2026-02-08T19:37:11.447Z] ========== FORM SUBMISSION ENDED ==========

      at Object.log [as handleSubmit] (src/hooks/useRegistrationForm.ts:376:15)

    console.log
      ✅ preventDefault() called FIRST (stopPropagation also called if available)

      at Object.log [as handleSubmit] (src/hooks/useRegistrationForm.ts:277:13)

    console.log
      [2026-02-08T19:37:11.451Z] ========== FORM SUBMISSION STARTED ==========

      at Object.log [as handleSubmit] (src/hooks/useRegistrationForm.ts:280:13)

    console.log
      [2026-02-08T19:37:11.451Z] Event defaultPrevented: undefined

      at Object.log [as handleSubmit] (src/hooks/useRegistrationForm.ts:281:13)

    console.log
      [2026-02-08T19:37:11.451Z] Event type: undefined

      at Object.log [as handleSubmit] (src/hooks/useRegistrationForm.ts:282:13)

    console.log
      [2026-02-08T19:37:11.451Z] Event target: undefined

      at Object.log [as handleSubmit] (src/hooks/useRegistrationForm.ts:283:13)

    console.log
      [2026-02-08T19:37:11.451Z] Form data: {
        "fullName": "John Doe",
        "email": "kV,=9U",
        "password": "Password123!",
        "confirmPassword": "Password123!"
      }

      at Object.log [as handleSubmit] (src/hooks/useRegistrationForm.ts:284:13)

    console.log
      [2026-02-08T19:37:11.451Z] Current errors: {}

      at Object.log [as handleSubmit] (src/hooks/useRegistrationForm.ts:285:13)

    console.log
      [2026-02-08T19:37:11.451Z] Is rate limited: false

      at Object.log [as handleSubmit] (src/hooks/useRegistrationForm.ts:286:13)

    console.log
      [2026-02-08T19:37:11.451Z] Validation result: false

      at Object.log [as handleSubmit] (src/hooks/useRegistrationForm.ts:296:13)

    console.log
      [2026-02-08T19:37:11.451Z] ❌ Form submission blocked: validation failed

      at Object.log [as handleSubmit] (src/hooks/useRegistrationForm.ts:298:15)

    console.log
      [2026-02-08T19:37:11.451Z] Validation errors: {}

      at Object.log [as handleSubmit] (src/hooks/useRegistrationForm.ts:299:15)

    console.log
      ✅ preventDefault() called FIRST (stopPropagation also called if available)

      at Object.log [as handleSubmit] (src/hooks/useRegistrationForm.ts:277:13)

    console.log
      [2026-02-08T19:37:11.453Z] ========== FORM SUBMISSION STARTED ==========

      at Object.log [as handleSubmit] (src/hooks/useRegistrationForm.ts:280:13)

    console.log
      [2026-02-08T19:37:11.453Z] Event defaultPrevented: undefined

      at Object.log [as handleSubmit] (src/hooks/useRegistrationForm.ts:281:13)

    console.log
      [2026-02-08T19:37:11.453Z] Event type: undefined

      at Object.log [as handleSubmit] (src/hooks/useRegistrationForm.ts:282:13)

    console.log
      [2026-02-08T19:37:11.453Z] Event target: undefined

      at Object.log [as handleSubmit] (src/hooks/useRegistrationForm.ts:283:13)

    console.log
      [2026-02-08T19:37:11.453Z] Form data: {
        "fullName": "John Doe",
        "email": "q;/C",
        "password": "Password123!",
        "confirmPassword": "Password123!"
      }

      at Object.log [as handleSubmit] (src/hooks/useRegistrationForm.ts:284:13)

    console.log
      [2026-02-08T19:37:11.453Z] Current errors: {}

      at Object.log [as handleSubmit] (src/hooks/useRegistrationForm.ts:285:13)

    console.log
      [2026-02-08T19:37:11.453Z] Is rate limited: false

      at Object.log [as handleSubmit] (src/hooks/useRegistrationForm.ts:286:13)

    console.log
      [2026-02-08T19:37:11.453Z] Validation result: false

      at Object.log [as handleSubmit] (src/hooks/useRegistrationForm.ts:296:13)

    console.log
      [2026-02-08T19:37:11.453Z] ❌ Form submission blocked: validation failed

      at Object.log [as handleSubmit] (src/hooks/useRegistrationForm.ts:298:15)

    console.log
      [2026-02-08T19:37:11.453Z] Validation errors: {}

      at Object.log [as handleSubmit] (src/hooks/useRegistrationForm.ts:299:15)

    console.log
      ✅ preventDefault() called FIRST (stopPropagation also called if available)

      at Object.log [as handleSubmit] (src/hooks/useRegistrationForm.ts:277:13)

    console.log
      [2026-02-08T19:37:11.458Z] ========== FORM SUBMISSION STARTED ==========

      at Object.log [as handleSubmit] (src/hooks/useRegistrationForm.ts:280:13)

    console.log
      [2026-02-08T19:37:11.458Z] Event defaultPrevented: undefined

      at Object.log [as handleSubmit] (src/hooks/useRegistrationForm.ts:281:13)

    console.log
      [2026-02-08T19:37:11.458Z] Event type: undefined

      at Object.log [as handleSubmit] (src/hooks/useRegistrationForm.ts:282:13)

    console.log
      [2026-02-08T19:37:11.458Z] Event target: undefined

      at Object.log [as handleSubmit] (src/hooks/useRegistrationForm.ts:283:13)

    console.log
      [2026-02-08T19:37:11.458Z] Form data: {
        "fullName": "John Doe",
        "email": "j8+i4`+6!4.ja8uw9c.!#0n&#6?w=|.~dri|i#oy!15.84u'v}{mvja.0s3!{@dg66zf.sy",
        "password": "Password123!",
        "confirmPassword": "Password123!"
      }

      at Object.log [as handleSubmit] (src/hooks/useRegistrationForm.ts:284:13)

    console.log
      [2026-02-08T19:37:11.458Z] Current errors: {}

      at Object.log [as handleSubmit] (src/hooks/useRegistrationForm.ts:285:13)

    console.log
      [2026-02-08T19:37:11.458Z] Is rate limited: false

      at Object.log [as handleSubmit] (src/hooks/useRegistrationForm.ts:286:13)

    console.log
      [2026-02-08T19:37:11.458Z] Validation result: true

      at Object.log [as handleSubmit] (src/hooks/useRegistrationForm.ts:296:13)

    console.log
      [2026-02-08T19:37:11.458Z] ✅ Validation passed, proceeding with API call

      at Object.log [as handleSubmit] (src/hooks/useRegistrationForm.ts:303:13)

    console.log
      [2026-02-08T19:37:11.458Z] 📡 Calling API client register method

      at Object.log [as handleSubmit] (src/hooks/useRegistrationForm.ts:316:15)

    console.log
      [2026-02-08T19:37:11.458Z] API payload: {
        email: "j8+i4`+6!4.ja8uw9c.!#0n&#6?w=|.~dri|i#oy!15.84u'v}{mvja.0s3!{@dg66zf.sy",
        name: 'John Doe',
        password: '***REDACTED***'
      }

      at Object.log [as handleSubmit] (src/hooks/useRegistrationForm.ts:317:15)

    console.log
      [2026-02-08T19:37:11.458Z] ✅ API call successful

      at Object.log [as handleSubmit] (src/hooks/useRegistrationForm.ts:330:15)

    console.log
      [2026-02-08T19:37:11.458Z] ========== FORM SUBMISSION ENDED ==========

      at Object.log [as handleSubmit] (src/hooks/useRegistrationForm.ts:376:15)

    console.log
      ✅ preventDefault() called FIRST (stopPropagation also called if available)

      at Object.log [as handleSubmit] (src/hooks/useRegistrationForm.ts:277:13)

    console.log
      [2026-02-08T19:37:11.463Z] ========== FORM SUBMISSION STARTED ==========

      at Object.log [as handleSubmit] (src/hooks/useRegistrationForm.ts:280:13)

    console.log
      [2026-02-08T19:37:11.463Z] Event defaultPrevented: undefined

      at Object.log [as handleSubmit] (src/hooks/useRegistrationForm.ts:281:13)

    console.log
      [2026-02-08T19:37:11.463Z] Event type: undefined

      at Object.log [as handleSubmit] (src/hooks/useRegistrationForm.ts:282:13)

    console.log
      [2026-02-08T19:37:11.463Z] Event target: undefined

      at Object.log [as handleSubmit] (src/hooks/useRegistrationForm.ts:283:13)

    console.log
      [2026-02-08T19:37:11.463Z] Form data: {
        "fullName": "John Doe",
        "email": "z._f0$0uev_if.gw~cr.-/=uq/!z|8tk.yow{&ci!g2.{#$_28v.f@om9u474r9.av",
        "password": "Password123!",
        "confirmPassword": "Password123!"
      }

      at Object.log [as handleSubmit] (src/hooks/useRegistrationForm.ts:284:13)

    console.log
      [2026-02-08T19:37:11.463Z] Current errors: {}

      at Object.log [as handleSubmit] (src/hooks/useRegistrationForm.ts:285:13)

    console.log
      [2026-02-08T19:37:11.463Z] Is rate limited: false

      at Object.log [as handleSubmit] (src/hooks/useRegistrationForm.ts:286:13)

    console.log
      [2026-02-08T19:37:11.463Z] Validation result: true

      at Object.log [as handleSubmit] (src/hooks/useRegistrationForm.ts:296:13)

    console.log
      [2026-02-08T19:37:11.463Z] ✅ Validation passed, proceeding with API call

      at Object.log [as handleSubmit] (src/hooks/useRegistrationForm.ts:303:13)

    console.log
      [2026-02-08T19:37:11.463Z] 📡 Calling API client register method

      at Object.log [as handleSubmit] (src/hooks/useRegistrationForm.ts:316:15)

    console.log
      [2026-02-08T19:37:11.463Z] API payload: {
        email: 'z._f0$0uev_if.gw~cr.-/=uq/!z|8tk.yow{&ci!g2.{#$_28v.f@om9u474r9.av',
        name: 'John Doe',
        password: '***REDACTED***'
      }

      at Object.log [as handleSubmit] (src/hooks/useRegistrationForm.ts:317:15)

    console.log
      [2026-02-08T19:37:11.463Z] ✅ API call successful

      at Object.log [as handleSubmit] (src/hooks/useRegistrationForm.ts:330:15)

    console.log
      [2026-02-08T19:37:11.463Z] ========== FORM SUBMISSION ENDED ==========

      at Object.log [as handleSubmit] (src/hooks/useRegistrationForm.ts:376:15)

    console.log
      ✅ preventDefault() called FIRST (stopPropagation also called if available)

      at Object.log [as handleSubmit] (src/hooks/useRegistrationForm.ts:277:13)

    console.log
      [2026-02-08T19:37:11.475Z] ========== FORM SUBMISSION STARTED ==========

      at Object.log [as handleSubmit] (src/hooks/useRegistrationForm.ts:280:13)

    console.log
      [2026-02-08T19:37:11.475Z] Event defaultPrevented: undefined

      at Object.log [as handleSubmit] (src/hooks/useRegistrationForm.ts:281:13)

    console.log
      [2026-02-08T19:37:11.475Z] Event type: undefined

      at Object.log [as handleSubmit] (src/hooks/useRegistrationForm.ts:282:13)

    console.log
      [2026-02-08T19:37:11.475Z] Event target: undefined

      at Object.log [as handleSubmit] (src/hooks/useRegistrationForm.ts:283:13)

    console.log
      [2026-02-08T19:37:11.475Z] Form data: {
        "fullName": "John Doe",
        "email": "=.mWkM",
        "password": "Password123!",
        "confirmPassword": "Password123!"
      }

      at Object.log [as handleSubmit] (src/hooks/useRegistrationForm.ts:284:13)

    console.log
      [2026-02-08T19:37:11.475Z] Current errors: {}

      at Object.log [as handleSubmit] (src/hooks/useRegistrationForm.ts:285:13)

    console.log
      [2026-02-08T19:37:11.475Z] Is rate limited: false

      at Object.log [as handleSubmit] (src/hooks/useRegistrationForm.ts:286:13)

    console.log
      [2026-02-08T19:37:11.475Z] Validation result: false

      at Object.log [as handleSubmit] (src/hooks/useRegistrationForm.ts:296:13)

    console.log
      [2026-02-08T19:37:11.475Z] ❌ Form submission blocked: validation failed

      at Object.log [as handleSubmit] (src/hooks/useRegistrationForm.ts:298:15)

    console.log
      [2026-02-08T19:37:11.475Z] Validation errors: {}

      at Object.log [as handleSubmit] (src/hooks/useRegistrationForm.ts:299:15)

    console.log
      ✅ preventDefault() called FIRST (stopPropagation also called if available)

      at Object.log [as handleSubmit] (src/hooks/useRegistrationForm.ts:277:13)

    console.log
      [2026-02-08T19:37:11.484Z] ========== FORM SUBMISSION STARTED ==========

      at Object.log [as handleSubmit] (src/hooks/useRegistrationForm.ts:280:13)

    console.log
      [2026-02-08T19:37:11.484Z] Event defaultPrevented: undefined

      at Object.log [as handleSubmit] (src/hooks/useRegistrationForm.ts:281:13)

    console.log
      [2026-02-08T19:37:11.484Z] Event type: undefined

      at Object.log [as handleSubmit] (src/hooks/useRegistrationForm.ts:282:13)

    console.log
      [2026-02-08T19:37:11.484Z] Event target: undefined

      at Object.log [as handleSubmit] (src/hooks/useRegistrationForm.ts:283:13)

    console.log
      [2026-02-08T19:37:11.484Z] Form data: {
        "fullName": "John Doe",
        "email": "80md8c7.z3m6mdemy.x!42?20ls.p8{8.{^./t*_`!ko.yo.yalezyl@toop.vwu.nfp",
        "password": "Password123!",
        "confirmPassword": "Password123!"
      }

      at Object.log [as handleSubmit] (src/hooks/useRegistrationForm.ts:284:13)

    console.log
      [2026-02-08T19:37:11.484Z] Current errors: {}

      at Object.log [as handleSubmit] (src/hooks/useRegistrationForm.ts:285:13)

    console.log
      [2026-02-08T19:37:11.484Z] Is rate limited: false

      at Object.log [as handleSubmit] (src/hooks/useRegistrationForm.ts:286:13)

    console.log
      [2026-02-08T19:37:11.484Z] Validation result: true

      at Object.log [as handleSubmit] (src/hooks/useRegistrationForm.ts:296:13)

    console.log
      [2026-02-08T19:37:11.484Z] ✅ Validation passed, proceeding with API call

      at Object.log [as handleSubmit] (src/hooks/useRegistrationForm.ts:303:13)

    console.log
      [2026-02-08T19:37:11.484Z] 📡 Calling API client register method

      at Object.log [as handleSubmit] (src/hooks/useRegistrationForm.ts:316:15)

    console.log
      [2026-02-08T19:37:11.484Z] API payload: {
        email: '80md8c7.z3m6mdemy.x!42?20ls.p8{8.{^./t*_`!ko.yo.yalezyl@toop.vwu.nfp',
        name: 'John Doe',
        password: '***REDACTED***'
      }

      at Object.log [as handleSubmit] (src/hooks/useRegistrationForm.ts:317:15)

    console.log
      [2026-02-08T19:37:11.484Z] ✅ API call successful

      at Object.log [as handleSubmit] (src/hooks/useRegistrationForm.ts:330:15)

    console.log
      [2026-02-08T19:37:11.484Z] ========== FORM SUBMISSION ENDED ==========

      at Object.log [as handleSubmit] (src/hooks/useRegistrationForm.ts:376:15)

    console.log
      ✅ preventDefault() called FIRST (stopPropagation also called if available)

      at Object.log [as handleSubmit] (src/hooks/useRegistrationForm.ts:277:13)

    console.log
      [2026-02-08T19:37:11.497Z] ========== FORM SUBMISSION STARTED ==========

      at Object.log [as handleSubmit] (src/hooks/useRegistrationForm.ts:280:13)

    console.log
      [2026-02-08T19:37:11.497Z] Event defaultPrevented: undefined

      at Object.log [as handleSubmit] (src/hooks/useRegistrationForm.ts:281:13)

    console.log
      [2026-02-08T19:37:11.497Z] Event type: undefined

      at Object.log [as handleSubmit] (src/hooks/useRegistrationForm.ts:282:13)

    console.log
      [2026-02-08T19:37:11.497Z] Event target: undefined

      at Object.log [as handleSubmit] (src/hooks/useRegistrationForm.ts:283:13)

    console.log
      [2026-02-08T19:37:11.497Z] Form data: {
        "fullName": "John Doe",
        "email": "call.pusz-l!~}.df*s.dub&a~i@dd.cxn",
        "password": "Password123!",
        "confirmPassword": "Password123!"
      }

      at Object.log [as handleSubmit] (src/hooks/useRegistrationForm.ts:284:13)

    console.log
      [2026-02-08T19:37:11.497Z] Current errors: {}

      at Object.log [as handleSubmit] (src/hooks/useRegistrationForm.ts:285:13)

    console.log
      [2026-02-08T19:37:11.497Z] Is rate limited: false

      at Object.log [as handleSubmit] (src/hooks/useRegistrationForm.ts:286:13)

    console.log
      [2026-02-08T19:37:11.497Z] Validation result: true

      at Object.log [as handleSubmit] (src/hooks/useRegistrationForm.ts:296:13)

    console.log
      [2026-02-08T19:37:11.497Z] ✅ Validation passed, proceeding with API call

      at Object.log [as handleSubmit] (src/hooks/useRegistrationForm.ts:303:13)

    console.log
      [2026-02-08T19:37:11.497Z] 📡 Calling API client register method

      at Object.log [as handleSubmit] (src/hooks/useRegistrationForm.ts:316:15)

    console.log
      [2026-02-08T19:37:11.497Z] API payload: {
        email: 'call.pusz-l!~}.df*s.dub&a~i@dd.cxn',
        name: 'John Doe',
        password: '***REDACTED***'
      }

      at Object.log [as handleSubmit] (src/hooks/useRegistrationForm.ts:317:15)

    console.log
      [2026-02-08T19:37:11.497Z] ✅ API call successful

      at Object.log [as handleSubmit] (src/hooks/useRegistrationForm.ts:330:15)

    console.log
      [2026-02-08T19:37:11.497Z] ========== FORM SUBMISSION ENDED ==========

      at Object.log [as handleSubmit] (src/hooks/useRegistrationForm.ts:376:15)

    console.log
      ✅ preventDefault() called FIRST (stopPropagation also called if available)

      at Object.log [as handleSubmit] (src/hooks/useRegistrationForm.ts:277:13)

    console.log
      [2026-02-08T19:37:11.516Z] ========== FORM SUBMISSION STARTED ==========

      at Object.log [as handleSubmit] (src/hooks/useRegistrationForm.ts:280:13)

    console.log
      [2026-02-08T19:37:11.516Z] Event defaultPrevented: undefined

      at Object.log [as handleSubmit] (src/hooks/useRegistrationForm.ts:281:13)

    console.log
      [2026-02-08T19:37:11.516Z] Event type: undefined

      at Object.log [as handleSubmit] (src/hooks/useRegistrationForm.ts:282:13)

    console.log
      [2026-02-08T19:37:11.516Z] Event target: undefined

      at Object.log [as handleSubmit] (src/hooks/useRegistrationForm.ts:283:13)

    console.log
      [2026-02-08T19:37:11.516Z] Form data: {
        "fullName": "John Doe",
        "email": "m",
        "password": "Password123!",
        "confirmPassword": "Password123!"
      }

      at Object.log [as handleSubmit] (src/hooks/useRegistrationForm.ts:284:13)

    console.log
      [2026-02-08T19:37:11.516Z] Current errors: {}

      at Object.log [as handleSubmit] (src/hooks/useRegistrationForm.ts:285:13)

    console.log
      [2026-02-08T19:37:11.516Z] Is rate limited: false

      at Object.log [as handleSubmit] (src/hooks/useRegistrationForm.ts:286:13)

    console.log
      [2026-02-08T19:37:11.516Z] Validation result: false

      at Object.log [as handleSubmit] (src/hooks/useRegistrationForm.ts:296:13)

    console.log
      [2026-02-08T19:37:11.516Z] ❌ Form submission blocked: validation failed

      at Object.log [as handleSubmit] (src/hooks/useRegistrationForm.ts:298:15)

    console.log
      [2026-02-08T19:37:11.516Z] Validation errors: {}

      at Object.log [as handleSubmit] (src/hooks/useRegistrationForm.ts:299:15)

    console.log
      ✅ preventDefault() called FIRST (stopPropagation also called if available)

      at Object.log [as handleSubmit] (src/hooks/useRegistrationForm.ts:277:13)

    console.log
      [2026-02-08T19:37:11.531Z] ========== FORM SUBMISSION STARTED ==========

      at Object.log [as handleSubmit] (src/hooks/useRegistrationForm.ts:280:13)

    console.log
      [2026-02-08T19:37:11.531Z] Event defaultPrevented: undefined

      at Object.log [as handleSubmit] (src/hooks/useRegistrationForm.ts:281:13)

    console.log
      [2026-02-08T19:37:11.531Z] Event type: undefined

      at Object.log [as handleSubmit] (src/hooks/useRegistrationForm.ts:282:13)

    console.log
      [2026-02-08T19:37:11.531Z] Event target: undefined

      at Object.log [as handleSubmit] (src/hooks/useRegistrationForm.ts:283:13)

    console.log
      [2026-02-08T19:37:11.531Z] Form data: {
        "fullName": "John Doe",
        "email": "l",
        "password": "Password123!",
        "confirmPassword": "Password123!"
      }

      at Object.log [as handleSubmit] (src/hooks/useRegistrationForm.ts:284:13)

    console.log
      [2026-02-08T19:37:11.531Z] Current errors: {}

      at Object.log [as handleSubmit] (src/hooks/useRegistrationForm.ts:285:13)

    console.log
      [2026-02-08T19:37:11.531Z] Is rate limited: false

      at Object.log [as handleSubmit] (src/hooks/useRegistrationForm.ts:286:13)

    console.log
      [2026-02-08T19:37:11.531Z] Validation result: false

      at Object.log [as handleSubmit] (src/hooks/useRegistrationForm.ts:296:13)

    console.log
      [2026-02-08T19:37:11.531Z] ❌ Form submission blocked: validation failed

      at Object.log [as handleSubmit] (src/hooks/useRegistrationForm.ts:298:15)

    console.log
      [2026-02-08T19:37:11.531Z] Validation errors: {}

      at Object.log [as handleSubmit] (src/hooks/useRegistrationForm.ts:299:15)

    console.log
      ✅ preventDefault() called FIRST (stopPropagation also called if available)

      at Object.log [as handleSubmit] (src/hooks/useRegistrationForm.ts:277:13)

    console.log
      [2026-02-08T19:37:11.541Z] ========== FORM SUBMISSION STARTED ==========

      at Object.log [as handleSubmit] (src/hooks/useRegistrationForm.ts:280:13)

    console.log
      [2026-02-08T19:37:11.541Z] Event defaultPrevented: undefined

      at Object.log [as handleSubmit] (src/hooks/useRegistrationForm.ts:281:13)

    console.log
      [2026-02-08T19:37:11.541Z] Event type: undefined

      at Object.log [as handleSubmit] (src/hooks/useRegistrationForm.ts:282:13)

    console.log
      [2026-02-08T19:37:11.541Z] Event target: undefined

      at Object.log [as handleSubmit] (src/hooks/useRegistrationForm.ts:283:13)

    console.log
      [2026-02-08T19:37:11.541Z] Form data: {
        "fullName": "John Doe",
        "email": "b=/q%$.3/`+6ffj2.hkb8b.^s/gdpa-p4.7.r.|1{4o0f6.&8sj2hu3f.%~{aey#@j.gj",
        "password": "Password123!",
        "confirmPassword": "Password123!"
      }

      at Object.log [as handleSubmit] (src/hooks/useRegistrationForm.ts:284:13)

    console.log
      [2026-02-08T19:37:11.541Z] Current errors: {}

      at Object.log [as handleSubmit] (src/hooks/useRegistrationForm.ts:285:13)

    console.log
      [2026-02-08T19:37:11.541Z] Is rate limited: false

      at Object.log [as handleSubmit] (src/hooks/useRegistrationForm.ts:286:13)

    console.log
      [2026-02-08T19:37:11.541Z] Validation result: true

      at Object.log [as handleSubmit] (src/hooks/useRegistrationForm.ts:296:13)

    console.log
      [2026-02-08T19:37:11.541Z] ✅ Validation passed, proceeding with API call

      at Object.log [as handleSubmit] (src/hooks/useRegistrationForm.ts:303:13)

    console.log
      [2026-02-08T19:37:11.541Z] 📡 Calling API client register method

      at Object.log [as handleSubmit] (src/hooks/useRegistrationForm.ts:316:15)

    console.log
      [2026-02-08T19:37:11.541Z] API payload: {
        email: 'b=/q%$.3/`+6ffj2.hkb8b.^s/gdpa-p4.7.r.|1{4o0f6.&8sj2hu3f.%~{aey#@j.gj',
        name: 'John Doe',
        password: '***REDACTED***'
      }

      at Object.log [as handleSubmit] (src/hooks/useRegistrationForm.ts:317:15)

    console.log
      [2026-02-08T19:37:11.541Z] ✅ API call successful

      at Object.log [as handleSubmit] (src/hooks/useRegistrationForm.ts:330:15)

    console.log
      [2026-02-08T19:37:11.541Z] ========== FORM SUBMISSION ENDED ==========

      at Object.log [as handleSubmit] (src/hooks/useRegistrationForm.ts:376:15)

    console.log
      ✅ preventDefault() called FIRST (stopPropagation also called if available)

      at Object.log [as handleSubmit] (src/hooks/useRegistrationForm.ts:277:13)

    console.log
      [2026-02-08T19:37:11.550Z] ========== FORM SUBMISSION STARTED ==========

      at Object.log [as handleSubmit] (src/hooks/useRegistrationForm.ts:280:13)

    console.log
      [2026-02-08T19:37:11.550Z] Event defaultPrevented: undefined

      at Object.log [as handleSubmit] (src/hooks/useRegistrationForm.ts:281:13)

    console.log
      [2026-02-08T19:37:11.550Z] Event type: undefined

      at Object.log [as handleSubmit] (src/hooks/useRegistrationForm.ts:282:13)

    console.log
      [2026-02-08T19:37:11.550Z] Event target: undefined

      at Object.log [as handleSubmit] (src/hooks/useRegistrationForm.ts:283:13)

    console.log
      [2026-02-08T19:37:11.550Z] Form data: {
        "fullName": "John Doe",
        "email": "t~x Ty>:j",
        "password": "Password123!",
        "confirmPassword": "Password123!"
      }

      at Object.log [as handleSubmit] (src/hooks/useRegistrationForm.ts:284:13)

    console.log
      [2026-02-08T19:37:11.550Z] Current errors: {}

      at Object.log [as handleSubmit] (src/hooks/useRegistrationForm.ts:285:13)

    console.log
      [2026-02-08T19:37:11.550Z] Is rate limited: false

      at Object.log [as handleSubmit] (src/hooks/useRegistrationForm.ts:286:13)

    console.log
      [2026-02-08T19:37:11.550Z] Validation result: false

      at Object.log [as handleSubmit] (src/hooks/useRegistrationForm.ts:296:13)

    console.log
      [2026-02-08T19:37:11.550Z] ❌ Form submission blocked: validation failed

      at Object.log [as handleSubmit] (src/hooks/useRegistrationForm.ts:298:15)

    console.log
      [2026-02-08T19:37:11.550Z] Validation errors: {}

      at Object.log [as handleSubmit] (src/hooks/useRegistrationForm.ts:299:15)

    console.log
      ✅ preventDefault() called FIRST (stopPropagation also called if available)

      at Object.log [as handleSubmit] (src/hooks/useRegistrationForm.ts:277:13)

    console.log
      [2026-02-08T19:37:11.553Z] ========== FORM SUBMISSION STARTED ==========

      at Object.log [as handleSubmit] (src/hooks/useRegistrationForm.ts:280:13)

    console.log
      [2026-02-08T19:37:11.553Z] Event defaultPrevented: undefined

      at Object.log [as handleSubmit] (src/hooks/useRegistrationForm.ts:281:13)

    console.log
      [2026-02-08T19:37:11.553Z] Event type: undefined

      at Object.log [as handleSubmit] (src/hooks/useRegistrationForm.ts:282:13)

    console.log
      [2026-02-08T19:37:11.553Z] Event target: undefined

      at Object.log [as handleSubmit] (src/hooks/useRegistrationForm.ts:283:13)

    console.log
      [2026-02-08T19:37:11.553Z] Form data: {
        "fullName": "John Doe",
        "email": "{",
        "password": "Password123!",
        "confirmPassword": "Password123!"
      }

      at Object.log [as handleSubmit] (src/hooks/useRegistrationForm.ts:284:13)

    console.log
      [2026-02-08T19:37:11.553Z] Current errors: {}

      at Object.log [as handleSubmit] (src/hooks/useRegistrationForm.ts:285:13)

    console.log
      [2026-02-08T19:37:11.553Z] Is rate limited: false

      at Object.log [as handleSubmit] (src/hooks/useRegistrationForm.ts:286:13)

    console.log
      [2026-02-08T19:37:11.553Z] Validation result: false

      at Object.log [as handleSubmit] (src/hooks/useRegistrationForm.ts:296:13)

    console.log
      [2026-02-08T19:37:11.553Z] ❌ Form submission blocked: validation failed

      at Object.log [as handleSubmit] (src/hooks/useRegistrationForm.ts:298:15)

    console.log
      [2026-02-08T19:37:11.553Z] Validation errors: {}

      at Object.log [as handleSubmit] (src/hooks/useRegistrationForm.ts:299:15)

    console.log
      ✅ preventDefault() called FIRST (stopPropagation also called if available)

      at Object.log [as handleSubmit] (src/hooks/useRegistrationForm.ts:277:13)

    console.log
      [2026-02-08T19:37:11.557Z] ========== FORM SUBMISSION STARTED ==========

      at Object.log [as handleSubmit] (src/hooks/useRegistrationForm.ts:280:13)

    console.log
      [2026-02-08T19:37:11.557Z] Event defaultPrevented: undefined

      at Object.log [as handleSubmit] (src/hooks/useRegistrationForm.ts:281:13)

    console.log
      [2026-02-08T19:37:11.557Z] Event type: undefined

      at Object.log [as handleSubmit] (src/hooks/useRegistrationForm.ts:282:13)

    console.log
      [2026-02-08T19:37:11.557Z] Event target: undefined

      at Object.log [as handleSubmit] (src/hooks/useRegistrationForm.ts:283:13)

    console.log
      [2026-02-08T19:37:11.557Z] Form data: {
        "fullName": "John Doe",
        "email": "z!dd/@acbsc1a5kbyt.cz",
        "password": "Password123!",
        "confirmPassword": "Password123!"
      }

      at Object.log [as handleSubmit] (src/hooks/useRegistrationForm.ts:284:13)

    console.log
      [2026-02-08T19:37:11.557Z] Current errors: {}

      at Object.log [as handleSubmit] (src/hooks/useRegistrationForm.ts:285:13)

    console.log
      [2026-02-08T19:37:11.557Z] Is rate limited: false

      at Object.log [as handleSubmit] (src/hooks/useRegistrationForm.ts:286:13)

    console.log
      [2026-02-08T19:37:11.557Z] Validation result: true

      at Object.log [as handleSubmit] (src/hooks/useRegistrationForm.ts:296:13)

    console.log
      [2026-02-08T19:37:11.557Z] ✅ Validation passed, proceeding with API call

      at Object.log [as handleSubmit] (src/hooks/useRegistrationForm.ts:303:13)

    console.log
      [2026-02-08T19:37:11.557Z] 📡 Calling API client register method

      at Object.log [as handleSubmit] (src/hooks/useRegistrationForm.ts:316:15)

    console.log
      [2026-02-08T19:37:11.557Z] API payload: {
        email: 'z!dd/@acbsc1a5kbyt.cz',
        name: 'John Doe',
        password: '***REDACTED***'
      }

      at Object.log [as handleSubmit] (src/hooks/useRegistrationForm.ts:317:15)

    console.log
      [2026-02-08T19:37:11.557Z] ✅ API call successful

      at Object.log [as handleSubmit] (src/hooks/useRegistrationForm.ts:330:15)

    console.log
      [2026-02-08T19:37:11.557Z] ========== FORM SUBMISSION ENDED ==========

      at Object.log [as handleSubmit] (src/hooks/useRegistrationForm.ts:376:15)

    console.log
      ✅ preventDefault() called FIRST (stopPropagation also called if available)

      at Object.log [as handleSubmit] (src/hooks/useRegistrationForm.ts:277:13)

    console.log
      [2026-02-08T19:37:11.565Z] ========== FORM SUBMISSION STARTED ==========

      at Object.log [as handleSubmit] (src/hooks/useRegistrationForm.ts:280:13)

    console.log
      [2026-02-08T19:37:11.565Z] Event defaultPrevented: undefined

      at Object.log [as handleSubmit] (src/hooks/useRegistrationForm.ts:281:13)

    console.log
      [2026-02-08T19:37:11.565Z] Event type: undefined

      at Object.log [as handleSubmit] (src/hooks/useRegistrationForm.ts:282:13)

    console.log
      [2026-02-08T19:37:11.565Z] Event target: undefined

      at Object.log [as handleSubmit] (src/hooks/useRegistrationForm.ts:283:13)

    console.log
      [2026-02-08T19:37:11.565Z] Form data: {
        "fullName": "John Doe",
        "email": "Z6c{Duw",
        "password": "Password123!",
        "confirmPassword": "Password123!"
      }

      at Object.log [as handleSubmit] (src/hooks/useRegistrationForm.ts:284:13)

    console.log
      [2026-02-08T19:37:11.565Z] Current errors: {}

      at Object.log [as handleSubmit] (src/hooks/useRegistrationForm.ts:285:13)

    console.log
      [2026-02-08T19:37:11.565Z] Is rate limited: false

      at Object.log [as handleSubmit] (src/hooks/useRegistrationForm.ts:286:13)

    console.log
      [2026-02-08T19:37:11.565Z] Validation result: false

      at Object.log [as handleSubmit] (src/hooks/useRegistrationForm.ts:296:13)

    console.log
      [2026-02-08T19:37:11.565Z] ❌ Form submission blocked: validation failed

      at Object.log [as handleSubmit] (src/hooks/useRegistrationForm.ts:298:15)

    console.log
      [2026-02-08T19:37:11.565Z] Validation errors: {}

      at Object.log [as handleSubmit] (src/hooks/useRegistrationForm.ts:299:15)

    console.log
      ✅ preventDefault() called FIRST (stopPropagation also called if available)

      at Object.log [as handleSubmit] (src/hooks/useRegistrationForm.ts:277:13)

    console.log
      [2026-02-08T19:37:11.572Z] ========== FORM SUBMISSION STARTED ==========

      at Object.log [as handleSubmit] (src/hooks/useRegistrationForm.ts:280:13)

    console.log
      [2026-02-08T19:37:11.572Z] Event defaultPrevented: undefined

      at Object.log [as handleSubmit] (src/hooks/useRegistrationForm.ts:281:13)

    console.log
      [2026-02-08T19:37:11.572Z] Event type: undefined

      at Object.log [as handleSubmit] (src/hooks/useRegistrationForm.ts:282:13)

    console.log
      [2026-02-08T19:37:11.572Z] Event target: undefined

      at Object.log [as handleSubmit] (src/hooks/useRegistrationForm.ts:283:13)

    console.log
      [2026-02-08T19:37:11.572Z] Form data: {
        "fullName": "John Doe",
        "email": "0\"#^}V'",
        "password": "Password123!",
        "confirmPassword": "Password123!"
      }

      at Object.log [as handleSubmit] (src/hooks/useRegistrationForm.ts:284:13)

    console.log
      [2026-02-08T19:37:11.572Z] Current errors: {}

      at Object.log [as handleSubmit] (src/hooks/useRegistrationForm.ts:285:13)

    console.log
      [2026-02-08T19:37:11.572Z] Is rate limited: false

      at Object.log [as handleSubmit] (src/hooks/useRegistrationForm.ts:286:13)

    console.log
      [2026-02-08T19:37:11.572Z] Validation result: false

      at Object.log [as handleSubmit] (src/hooks/useRegistrationForm.ts:296:13)

    console.log
      [2026-02-08T19:37:11.572Z] ❌ Form submission blocked: validation failed

      at Object.log [as handleSubmit] (src/hooks/useRegistrationForm.ts:298:15)

    console.log
      [2026-02-08T19:37:11.572Z] Validation errors: {}

      at Object.log [as handleSubmit] (src/hooks/useRegistrationForm.ts:299:15)

    console.log
      ✅ preventDefault() called FIRST (stopPropagation also called if available)

      at Object.log [as handleSubmit] (src/hooks/useRegistrationForm.ts:277:13)

    console.log
      [2026-02-08T19:37:11.576Z] ========== FORM SUBMISSION STARTED ==========

      at Object.log [as handleSubmit] (src/hooks/useRegistrationForm.ts:280:13)

    console.log
      [2026-02-08T19:37:11.576Z] Event defaultPrevented: undefined

      at Object.log [as handleSubmit] (src/hooks/useRegistrationForm.ts:281:13)

    console.log
      [2026-02-08T19:37:11.576Z] Event type: undefined

      at Object.log [as handleSubmit] (src/hooks/useRegistrationForm.ts:282:13)

    console.log
      [2026-02-08T19:37:11.576Z] Event target: undefined

      at Object.log [as handleSubmit] (src/hooks/useRegistrationForm.ts:283:13)

    console.log
      [2026-02-08T19:37:11.576Z] Form data: {
        "fullName": "John Doe",
        "email": "hx@UePz",
        "password": "Password123!",
        "confirmPassword": "Password123!"
      }

      at Object.log [as handleSubmit] (src/hooks/useRegistrationForm.ts:284:13)

    console.log
      [2026-02-08T19:37:11.576Z] Current errors: {}

      at Object.log [as handleSubmit] (src/hooks/useRegistrationForm.ts:285:13)

    console.log
      [2026-02-08T19:37:11.576Z] Is rate limited: false

      at Object.log [as handleSubmit] (src/hooks/useRegistrationForm.ts:286:13)

    console.log
      [2026-02-08T19:37:11.576Z] Validation result: false

      at Object.log [as handleSubmit] (src/hooks/useRegistrationForm.ts:296:13)

    console.log
      [2026-02-08T19:37:11.576Z] ❌ Form submission blocked: validation failed

      at Object.log [as handleSubmit] (src/hooks/useRegistrationForm.ts:298:15)

    console.log
      [2026-02-08T19:37:11.576Z] Validation errors: {}

      at Object.log [as handleSubmit] (src/hooks/useRegistrationForm.ts:299:15)

    console.log
      ✅ preventDefault() called FIRST (stopPropagation also called if available)

      at Object.log [as handleSubmit] (src/hooks/useRegistrationForm.ts:277:13)

    console.log
      [2026-02-08T19:37:11.578Z] ========== FORM SUBMISSION STARTED ==========

      at Object.log [as handleSubmit] (src/hooks/useRegistrationForm.ts:280:13)

    console.log
      [2026-02-08T19:37:11.578Z] Event defaultPrevented: undefined

      at Object.log [as handleSubmit] (src/hooks/useRegistrationForm.ts:281:13)

    console.log
      [2026-02-08T19:37:11.578Z] Event type: undefined

      at Object.log [as handleSubmit] (src/hooks/useRegistrationForm.ts:282:13)

    console.log
      [2026-02-08T19:37:11.578Z] Event target: undefined

      at Object.log [as handleSubmit] (src/hooks/useRegistrationForm.ts:283:13)

    console.log
      [2026-02-08T19:37:11.578Z] Form data: {
        "fullName": "John Doe",
        "email": "uo6`j|j%b.b=-3s@4e51z4lx4.bea",
        "password": "Password123!",
        "confirmPassword": "Password123!"
      }

      at Object.log [as handleSubmit] (src/hooks/useRegistrationForm.ts:284:13)

    console.log
      [2026-02-08T19:37:11.578Z] Current errors: {}

      at Object.log [as handleSubmit] (src/hooks/useRegistrationForm.ts:285:13)

    console.log
      [2026-02-08T19:37:11.578Z] Is rate limited: false

      at Object.log [as handleSubmit] (src/hooks/useRegistrationForm.ts:286:13)

    console.log
      [2026-02-08T19:37:11.578Z] Validation result: true

      at Object.log [as handleSubmit] (src/hooks/useRegistrationForm.ts:296:13)

    console.log
      [2026-02-08T19:37:11.578Z] ✅ Validation passed, proceeding with API call

      at Object.log [as handleSubmit] (src/hooks/useRegistrationForm.ts:303:13)

    console.log
      [2026-02-08T19:37:11.578Z] 📡 Calling API client register method

      at Object.log [as handleSubmit] (src/hooks/useRegistrationForm.ts:316:15)

    console.log
      [2026-02-08T19:37:11.578Z] API payload: {
        email: 'uo6`j|j%b.b=-3s@4e51z4lx4.bea',
        name: 'John Doe',
        password: '***REDACTED***'
      }

      at Object.log [as handleSubmit] (src/hooks/useRegistrationForm.ts:317:15)

    console.log
      [2026-02-08T19:37:11.578Z] ✅ API call successful

      at Object.log [as handleSubmit] (src/hooks/useRegistrationForm.ts:330:15)

    console.log
      [2026-02-08T19:37:11.578Z] ========== FORM SUBMISSION ENDED ==========

      at Object.log [as handleSubmit] (src/hooks/useRegistrationForm.ts:376:15)

    console.log
      ✅ preventDefault() called FIRST (stopPropagation also called if available)

      at Object.log [as handleSubmit] (src/hooks/useRegistrationForm.ts:277:13)

    console.log
      [2026-02-08T19:37:11.584Z] ========== FORM SUBMISSION STARTED ==========

      at Object.log [as handleSubmit] (src/hooks/useRegistrationForm.ts:280:13)

    console.log
      [2026-02-08T19:37:11.584Z] Event defaultPrevented: undefined

      at Object.log [as handleSubmit] (src/hooks/useRegistrationForm.ts:281:13)

    console.log
      [2026-02-08T19:37:11.584Z] Event type: undefined

      at Object.log [as handleSubmit] (src/hooks/useRegistrationForm.ts:282:13)

    console.log
      [2026-02-08T19:37:11.584Z] Event target: undefined

      at Object.log [as handleSubmit] (src/hooks/useRegistrationForm.ts:283:13)

    console.log
      [2026-02-08T19:37:11.584Z] Form data: {
        "fullName": "John Doe",
        "email": "przj9~.{kpk|ryx&a/~.xtm17*._&*k&.0#zhm51.p}*_bo&.ph%./9m$|q=+.|_@2.zn",
        "password": "Password123!",
        "confirmPassword": "Password123!"
      }

      at Object.log [as handleSubmit] (src/hooks/useRegistrationForm.ts:284:13)

    console.log
      [2026-02-08T19:37:11.584Z] Current errors: {}

      at Object.log [as handleSubmit] (src/hooks/useRegistrationForm.ts:285:13)

    console.log
      [2026-02-08T19:37:11.584Z] Is rate limited: false

      at Object.log [as handleSubmit] (src/hooks/useRegistrationForm.ts:286:13)

    console.log
      [2026-02-08T19:37:11.584Z] Validation result: true

      at Object.log [as handleSubmit] (src/hooks/useRegistrationForm.ts:296:13)

    console.log
      [2026-02-08T19:37:11.584Z] ✅ Validation passed, proceeding with API call

      at Object.log [as handleSubmit] (src/hooks/useRegistrationForm.ts:303:13)

    console.log
      [2026-02-08T19:37:11.584Z] 📡 Calling API client register method

      at Object.log [as handleSubmit] (src/hooks/useRegistrationForm.ts:316:15)

    console.log
      [2026-02-08T19:37:11.584Z] API payload: {
        email: 'przj9~.{kpk|ryx&a/~.xtm17*._&*k&.0#zhm51.p}*_bo&.ph%./9m$|q=+.|_@2.zn',
        name: 'John Doe',
        password: '***REDACTED***'
      }

      at Object.log [as handleSubmit] (src/hooks/useRegistrationForm.ts:317:15)

    console.log
      [2026-02-08T19:37:11.584Z] ✅ API call successful

      at Object.log [as handleSubmit] (src/hooks/useRegistrationForm.ts:330:15)

    console.log
      [2026-02-08T19:37:11.584Z] ========== FORM SUBMISSION ENDED ==========

      at Object.log [as handleSubmit] (src/hooks/useRegistrationForm.ts:376:15)

    console.log
      ✅ preventDefault() called FIRST (stopPropagation also called if available)

      at Object.log [as handleSubmit] (src/hooks/useRegistrationForm.ts:277:13)

    console.log
      [2026-02-08T19:37:11.592Z] ========== FORM SUBMISSION STARTED ==========

      at Object.log [as handleSubmit] (src/hooks/useRegistrationForm.ts:280:13)

    console.log
      [2026-02-08T19:37:11.592Z] Event defaultPrevented: undefined

      at Object.log [as handleSubmit] (src/hooks/useRegistrationForm.ts:281:13)

    console.log
      [2026-02-08T19:37:11.592Z] Event type: undefined

      at Object.log [as handleSubmit] (src/hooks/useRegistrationForm.ts:282:13)

    console.log
      [2026-02-08T19:37:11.592Z] Event target: undefined

      at Object.log [as handleSubmit] (src/hooks/useRegistrationForm.ts:283:13)

    console.log
      [2026-02-08T19:37:11.592Z] Form data: {
        "fullName": "John Doe",
        "email": "7%{w(/W7<",
        "password": "Password123!",
        "confirmPassword": "Password123!"
      }

      at Object.log [as handleSubmit] (src/hooks/useRegistrationForm.ts:284:13)

    console.log
      [2026-02-08T19:37:11.592Z] Current errors: {}

      at Object.log [as handleSubmit] (src/hooks/useRegistrationForm.ts:285:13)

    console.log
      [2026-02-08T19:37:11.592Z] Is rate limited: false

      at Object.log [as handleSubmit] (src/hooks/useRegistrationForm.ts:286:13)

    console.log
      [2026-02-08T19:37:11.592Z] Validation result: false

      at Object.log [as handleSubmit] (src/hooks/useRegistrationForm.ts:296:13)

    console.log
      [2026-02-08T19:37:11.592Z] ❌ Form submission blocked: validation failed

      at Object.log [as handleSubmit] (src/hooks/useRegistrationForm.ts:298:15)

    console.log
      [2026-02-08T19:37:11.592Z] Validation errors: {}

      at Object.log [as handleSubmit] (src/hooks/useRegistrationForm.ts:299:15)

    console.log
      ✅ preventDefault() called FIRST (stopPropagation also called if available)

      at Object.log [as handleSubmit] (src/hooks/useRegistrationForm.ts:277:13)

    console.log
      [2026-02-08T19:37:11.597Z] ========== FORM SUBMISSION STARTED ==========

      at Object.log [as handleSubmit] (src/hooks/useRegistrationForm.ts:280:13)

    console.log
      [2026-02-08T19:37:11.597Z] Event defaultPrevented: undefined

      at Object.log [as handleSubmit] (src/hooks/useRegistrationForm.ts:281:13)

    console.log
      [2026-02-08T19:37:11.597Z] Event type: undefined

      at Object.log [as handleSubmit] (src/hooks/useRegistrationForm.ts:282:13)

    console.log
      [2026-02-08T19:37:11.597Z] Event target: undefined

      at Object.log [as handleSubmit] (src/hooks/useRegistrationForm.ts:283:13)

    console.log
      [2026-02-08T19:37:11.597Z] Form data: {
        "fullName": "John Doe",
        "email": "?*8h?p=wl1n.u.apply.!{o%/3erq#56.qsj{'w5.f$+u*yn~mow.a`.~{y.'d=@w9gh.ft",
        "password": "Password123!",
        "confirmPassword": "Password123!"
      }

      at Object.log [as handleSubmit] (src/hooks/useRegistrationForm.ts:284:13)

    console.log
      [2026-02-08T19:37:11.597Z] Current errors: {}

      at Object.log [as handleSubmit] (src/hooks/useRegistrationForm.ts:285:13)

    console.log
      [2026-02-08T19:37:11.597Z] Is rate limited: false

      at Object.log [as handleSubmit] (src/hooks/useRegistrationForm.ts:286:13)

    console.log
      [2026-02-08T19:37:11.597Z] Validation result: true

      at Object.log [as handleSubmit] (src/hooks/useRegistrationForm.ts:296:13)

    console.log
      [2026-02-08T19:37:11.597Z] ✅ Validation passed, proceeding with API call

      at Object.log [as handleSubmit] (src/hooks/useRegistrationForm.ts:303:13)

    console.log
      [2026-02-08T19:37:11.597Z] 📡 Calling API client register method

      at Object.log [as handleSubmit] (src/hooks/useRegistrationForm.ts:316:15)

    console.log
      [2026-02-08T19:37:11.597Z] API payload: {
        email: "?*8h?p=wl1n.u.apply.!{o%/3erq#56.qsj{'w5.f$+u*yn~mow.a`.~{y.'d=@w9gh.ft",
        name: 'John Doe',
        password: '***REDACTED***'
      }

      at Object.log [as handleSubmit] (src/hooks/useRegistrationForm.ts:317:15)

    console.log
      [2026-02-08T19:37:11.597Z] ✅ API call successful

      at Object.log [as handleSubmit] (src/hooks/useRegistrationForm.ts:330:15)

    console.log
      [2026-02-08T19:37:11.597Z] ========== FORM SUBMISSION ENDED ==========

      at Object.log [as handleSubmit] (src/hooks/useRegistrationForm.ts:376:15)

    console.log
      ✅ preventDefault() called FIRST (stopPropagation also called if available)

      at Object.log [as handleSubmit] (src/hooks/useRegistrationForm.ts:277:13)

    console.log
      [2026-02-08T19:37:11.822Z] ========== FORM SUBMISSION STARTED ==========

      at Object.log [as handleSubmit] (src/hooks/useRegistrationForm.ts:280:13)

    console.log
      [2026-02-08T19:37:11.822Z] Event defaultPrevented: undefined

      at Object.log [as handleSubmit] (src/hooks/useRegistrationForm.ts:281:13)

    console.log
      [2026-02-08T19:37:11.822Z] Event type: undefined

      at Object.log [as handleSubmit] (src/hooks/useRegistrationForm.ts:282:13)

    console.log
      [2026-02-08T19:37:11.822Z] Event target: undefined

      at Object.log [as handleSubmit] (src/hooks/useRegistrationForm.ts:283:13)

    console.log
      [2026-02-08T19:37:11.822Z] Form data: {
        "fullName": "John Doe",
        "email": "dH6S/",
        "password": "Password123!",
        "confirmPassword": "Password123!"
      }

      at Object.log [as handleSubmit] (src/hooks/useRegistrationForm.ts:284:13)

    console.log
      [2026-02-08T19:37:11.822Z] Current errors: {}

      at Object.log [as handleSubmit] (src/hooks/useRegistrationForm.ts:285:13)

    console.log
      [2026-02-08T19:37:11.822Z] Is rate limited: false

      at Object.log [as handleSubmit] (src/hooks/useRegistrationForm.ts:286:13)

    console.log
      [2026-02-08T19:37:11.822Z] Validation result: false

      at Object.log [as handleSubmit] (src/hooks/useRegistrationForm.ts:296:13)

    console.log
      [2026-02-08T19:37:11.822Z] ❌ Form submission blocked: validation failed

      at Object.log [as handleSubmit] (src/hooks/useRegistrationForm.ts:298:15)

    console.log
      [2026-02-08T19:37:11.822Z] Validation errors: {}

      at Object.log [as handleSubmit] (src/hooks/useRegistrationForm.ts:299:15)

    console.log
      ✅ preventDefault() called FIRST (stopPropagation also called if available)

      at Object.log [as handleSubmit] (src/hooks/useRegistrationForm.ts:277:13)

    console.log
      [2026-02-08T19:37:11.860Z] ========== FORM SUBMISSION STARTED ==========

      at Object.log [as handleSubmit] (src/hooks/useRegistrationForm.ts:280:13)

    console.log
      [2026-02-08T19:37:11.860Z] Event defaultPrevented: undefined

      at Object.log [as handleSubmit] (src/hooks/useRegistrationForm.ts:281:13)

    console.log
      [2026-02-08T19:37:11.860Z] Event type: undefined

      at Object.log [as handleSubmit] (src/hooks/useRegistrationForm.ts:282:13)

    console.log
      [2026-02-08T19:37:11.860Z] Event target: undefined

      at Object.log [as handleSubmit] (src/hooks/useRegistrationForm.ts:283:13)

    console.log
      [2026-02-08T19:37:11.860Z] Form data: {
        "fullName": "John Doe",
        "email": "-c#?s90?.?_|3eh2|v.z*@esae94y2xq.vct",
        "password": "Password123!",
        "confirmPassword": "Password123!"
      }

      at Object.log [as handleSubmit] (src/hooks/useRegistrationForm.ts:284:13)

    console.log
      [2026-02-08T19:37:11.860Z] Current errors: {}

      at Object.log [as handleSubmit] (src/hooks/useRegistrationForm.ts:285:13)

    console.log
      [2026-02-08T19:37:11.860Z] Is rate limited: false

      at Object.log [as handleSubmit] (src/hooks/useRegistrationForm.ts:286:13)

    console.log
      [2026-02-08T19:37:11.860Z] Validation result: true

      at Object.log [as handleSubmit] (src/hooks/useRegistrationForm.ts:296:13)

    console.log
      [2026-02-08T19:37:11.860Z] ✅ Validation passed, proceeding with API call

      at Object.log [as handleSubmit] (src/hooks/useRegistrationForm.ts:303:13)

    console.log
      [2026-02-08T19:37:11.860Z] 📡 Calling API client register method

      at Object.log [as handleSubmit] (src/hooks/useRegistrationForm.ts:316:15)

    console.log
      [2026-02-08T19:37:11.860Z] API payload: {
        email: '-c#?s90?.?_|3eh2|v.z*@esae94y2xq.vct',
        name: 'John Doe',
        password: '***REDACTED***'
      }

      at Object.log [as handleSubmit] (src/hooks/useRegistrationForm.ts:317:15)

    console.log
      [2026-02-08T19:37:11.860Z] ✅ API call successful

      at Object.log [as handleSubmit] (src/hooks/useRegistrationForm.ts:330:15)

    console.log
      [2026-02-08T19:37:11.860Z] ========== FORM SUBMISSION ENDED ==========

      at Object.log [as handleSubmit] (src/hooks/useRegistrationForm.ts:376:15)

    console.log
      ✅ preventDefault() called FIRST (stopPropagation also called if available)

      at Object.log [as handleSubmit] (src/hooks/useRegistrationForm.ts:277:13)

    console.log
      [2026-02-08T19:37:11.891Z] ========== FORM SUBMISSION STARTED ==========

      at Object.log [as handleSubmit] (src/hooks/useRegistrationForm.ts:280:13)

    console.log
      [2026-02-08T19:37:11.891Z] Event defaultPrevented: undefined

      at Object.log [as handleSubmit] (src/hooks/useRegistrationForm.ts:281:13)

    console.log
      [2026-02-08T19:37:11.891Z] Event type: undefined

      at Object.log [as handleSubmit] (src/hooks/useRegistrationForm.ts:282:13)

    console.log
      [2026-02-08T19:37:11.891Z] Event target: undefined

      at Object.log [as handleSubmit] (src/hooks/useRegistrationForm.ts:283:13)

    console.log
      [2026-02-08T19:37:11.891Z] Form data: {
        "fullName": "John Doe",
        "email": "|%/.3fhu5&#g*'yv.s0sro+gl.z'p?}n2ulp@4h4x-8xw8mr.len",
        "password": "Password123!",
        "confirmPassword": "Password123!"
      }

      at Object.log [as handleSubmit] (src/hooks/useRegistrationForm.ts:284:13)

    console.log
      [2026-02-08T19:37:11.891Z] Current errors: {}

      at Object.log [as handleSubmit] (src/hooks/useRegistrationForm.ts:285:13)

    console.log
      [2026-02-08T19:37:11.891Z] Is rate limited: false

      at Object.log [as handleSubmit] (src/hooks/useRegistrationForm.ts:286:13)

    console.log
      [2026-02-08T19:37:11.891Z] Validation result: true

      at Object.log [as handleSubmit] (src/hooks/useRegistrationForm.ts:296:13)

    console.log
      [2026-02-08T19:37:11.891Z] ✅ Validation passed, proceeding with API call

      at Object.log [as handleSubmit] (src/hooks/useRegistrationForm.ts:303:13)

    console.log
      [2026-02-08T19:37:11.891Z] 📡 Calling API client register method

      at Object.log [as handleSubmit] (src/hooks/useRegistrationForm.ts:316:15)

    console.log
      [2026-02-08T19:37:11.891Z] API payload: {
        email: "|%/.3fhu5&#g*'yv.s0sro+gl.z'p?}n2ulp@4h4x-8xw8mr.len",
        name: 'John Doe',
        password: '***REDACTED***'
      }

      at Object.log [as handleSubmit] (src/hooks/useRegistrationForm.ts:317:15)

    console.log
      [2026-02-08T19:37:11.891Z] ✅ API call successful

      at Object.log [as handleSubmit] (src/hooks/useRegistrationForm.ts:330:15)

    console.log
      [2026-02-08T19:37:11.891Z] ========== FORM SUBMISSION ENDED ==========

      at Object.log [as handleSubmit] (src/hooks/useRegistrationForm.ts:376:15)

    console.log
      ✅ preventDefault() called FIRST (stopPropagation also called if available)

      at Object.log [as handleSubmit] (src/hooks/useRegistrationForm.ts:277:13)

    console.log
      [2026-02-08T19:37:11.903Z] ========== FORM SUBMISSION STARTED ==========

      at Object.log [as handleSubmit] (src/hooks/useRegistrationForm.ts:280:13)

    console.log
      [2026-02-08T19:37:11.903Z] Event defaultPrevented: undefined

      at Object.log [as handleSubmit] (src/hooks/useRegistrationForm.ts:281:13)

    console.log
      [2026-02-08T19:37:11.903Z] Event type: undefined

      at Object.log [as handleSubmit] (src/hooks/useRegistrationForm.ts:282:13)

    console.log
      [2026-02-08T19:37:11.903Z] Event target: undefined

      at Object.log [as handleSubmit] (src/hooks/useRegistrationForm.ts:283:13)

    console.log
      [2026-02-08T19:37:11.903Z] Form data: {
        "fullName": "John Doe",
        "email": "3^pjw*9!t-.6y_dzi.5}p7afdx.%q^`vbb}c.-zr=7l.$7ef`80s.?id4!bv23@3djmy.gdi",
        "password": "Password123!",
        "confirmPassword": "Password123!"
      }

      at Object.log [as handleSubmit] (src/hooks/useRegistrationForm.ts:284:13)

    console.log
      [2026-02-08T19:37:11.903Z] Current errors: {}

      at Object.log [as handleSubmit] (src/hooks/useRegistrationForm.ts:285:13)

    console.log
      [2026-02-08T19:37:11.903Z] Is rate limited: false

      at Object.log [as handleSubmit] (src/hooks/useRegistrationForm.ts:286:13)

    console.log
      [2026-02-08T19:37:11.903Z] Validation result: true

      at Object.log [as handleSubmit] (src/hooks/useRegistrationForm.ts:296:13)

    console.log
      [2026-02-08T19:37:11.903Z] ✅ Validation passed, proceeding with API call

      at Object.log [as handleSubmit] (src/hooks/useRegistrationForm.ts:303:13)

    console.log
      [2026-02-08T19:37:11.903Z] 📡 Calling API client register method

      at Object.log [as handleSubmit] (src/hooks/useRegistrationForm.ts:316:15)

    console.log
      [2026-02-08T19:37:11.903Z] API payload: {
        email: '3^pjw*9!t-.6y_dzi.5}p7afdx.%q^`vbb}c.-zr=7l.$7ef`80s.?id4!bv23@3djmy.gdi',
        name: 'John Doe',
        password: '***REDACTED***'
      }

      at Object.log [as handleSubmit] (src/hooks/useRegistrationForm.ts:317:15)

    console.log
      [2026-02-08T19:37:11.903Z] ✅ API call successful

      at Object.log [as handleSubmit] (src/hooks/useRegistrationForm.ts:330:15)

    console.log
      [2026-02-08T19:37:11.903Z] ========== FORM SUBMISSION ENDED ==========

      at Object.log [as handleSubmit] (src/hooks/useRegistrationForm.ts:376:15)

    console.log
      ✅ preventDefault() called FIRST (stopPropagation also called if available)

      at Object.log [as handleSubmit] (src/hooks/useRegistrationForm.ts:277:13)

    console.log
      [2026-02-08T19:37:11.917Z] ========== FORM SUBMISSION STARTED ==========

      at Object.log [as handleSubmit] (src/hooks/useRegistrationForm.ts:280:13)

    console.log
      [2026-02-08T19:37:11.917Z] Event defaultPrevented: undefined

      at Object.log [as handleSubmit] (src/hooks/useRegistrationForm.ts:281:13)

    console.log
      [2026-02-08T19:37:11.917Z] Event type: undefined

      at Object.log [as handleSubmit] (src/hooks/useRegistrationForm.ts:282:13)

    console.log
      [2026-02-08T19:37:11.917Z] Event target: undefined

      at Object.log [as handleSubmit] (src/hooks/useRegistrationForm.ts:283:13)

    console.log
      [2026-02-08T19:37:11.917Z] Form data: {
        "fullName": "John Doe",
        "email": "|?$%6regeu6.w3x.w$.r66'mmq.a+k9.v{~b#nmz}b.u?1p|-.d4.%0hof%m4@dy.qx",
        "password": "Password123!",
        "confirmPassword": "Password123!"
      }

      at Object.log [as handleSubmit] (src/hooks/useRegistrationForm.ts:284:13)

    console.log
      [2026-02-08T19:37:11.917Z] Current errors: {}

      at Object.log [as handleSubmit] (src/hooks/useRegistrationForm.ts:285:13)

    console.log
      [2026-02-08T19:37:11.917Z] Is rate limited: false

      at Object.log [as handleSubmit] (src/hooks/useRegistrationForm.ts:286:13)

    console.log
      [2026-02-08T19:37:11.917Z] Validation result: true

      at Object.log [as handleSubmit] (src/hooks/useRegistrationForm.ts:296:13)

    console.log
      [2026-02-08T19:37:11.917Z] ✅ Validation passed, proceeding with API call

      at Object.log [as handleSubmit] (src/hooks/useRegistrationForm.ts:303:13)

    console.log
      [2026-02-08T19:37:11.917Z] 📡 Calling API client register method

      at Object.log [as handleSubmit] (src/hooks/useRegistrationForm.ts:316:15)

    console.log
      [2026-02-08T19:37:11.917Z] API payload: {
        email: "|?$%6regeu6.w3x.w$.r66'mmq.a+k9.v{~b#nmz}b.u?1p|-.d4.%0hof%m4@dy.qx",
        name: 'John Doe',
        password: '***REDACTED***'
      }

      at Object.log [as handleSubmit] (src/hooks/useRegistrationForm.ts:317:15)

    console.log
      [2026-02-08T19:37:11.917Z] ✅ API call successful

      at Object.log [as handleSubmit] (src/hooks/useRegistrationForm.ts:330:15)

    console.log
      [2026-02-08T19:37:11.917Z] ========== FORM SUBMISSION ENDED ==========

      at Object.log [as handleSubmit] (src/hooks/useRegistrationForm.ts:376:15)

    console.log
      ✅ preventDefault() called FIRST (stopPropagation also called if available)

      at Object.log [as handleSubmit] (src/hooks/useRegistrationForm.ts:277:13)

    console.log
      [2026-02-08T19:37:11.931Z] ========== FORM SUBMISSION STARTED ==========

      at Object.log [as handleSubmit] (src/hooks/useRegistrationForm.ts:280:13)

    console.log
      [2026-02-08T19:37:11.931Z] Event defaultPrevented: undefined

      at Object.log [as handleSubmit] (src/hooks/useRegistrationForm.ts:281:13)

    console.log
      [2026-02-08T19:37:11.931Z] Event type: undefined

      at Object.log [as handleSubmit] (src/hooks/useRegistrationForm.ts:282:13)

    console.log
      [2026-02-08T19:37:11.931Z] Event target: undefined

      at Object.log [as handleSubmit] (src/hooks/useRegistrationForm.ts:283:13)

    console.log
      [2026-02-08T19:37:11.931Z] Form data: {
        "fullName": "John Doe",
        "email": "'}8%p/'w.l?k_b00%4v.h4mo1'.%%|6${-g-bey.b^l0ga$jyw3.7pi.df0m@oty5csziozy.gfu",
        "password": "Password123!",
        "confirmPassword": "Password123!"
      }

      at Object.log [as handleSubmit] (src/hooks/useRegistrationForm.ts:284:13)

    console.log
      [2026-02-08T19:37:11.931Z] Current errors: {}

      at Object.log [as handleSubmit] (src/hooks/useRegistrationForm.ts:285:13)

    console.log
      [2026-02-08T19:37:11.931Z] Is rate limited: false

      at Object.log [as handleSubmit] (src/hooks/useRegistrationForm.ts:286:13)

    console.log
      [2026-02-08T19:37:11.931Z] Validation result: true

      at Object.log [as handleSubmit] (src/hooks/useRegistrationForm.ts:296:13)

    console.log
      [2026-02-08T19:37:11.931Z] ✅ Validation passed, proceeding with API call

      at Object.log [as handleSubmit] (src/hooks/useRegistrationForm.ts:303:13)

    console.log
      [2026-02-08T19:37:11.931Z] 📡 Calling API client register method

      at Object.log [as handleSubmit] (src/hooks/useRegistrationForm.ts:316:15)

    console.log
      [2026-02-08T19:37:11.931Z] API payload: {
        email: "'}8%p/'w.l?k_b00%4v.h4mo1'.%%|6${-g-bey.b^l0ga$jyw3.7pi.df0m@oty5csziozy.gfu",
        name: 'John Doe',
        password: '***REDACTED***'
      }

      at Object.log [as handleSubmit] (src/hooks/useRegistrationForm.ts:317:15)

    console.log
      [2026-02-08T19:37:11.931Z] ✅ API call successful

      at Object.log [as handleSubmit] (src/hooks/useRegistrationForm.ts:330:15)

    console.log
      [2026-02-08T19:37:11.931Z] ========== FORM SUBMISSION ENDED ==========

      at Object.log [as handleSubmit] (src/hooks/useRegistrationForm.ts:376:15)

    console.log
      ✅ preventDefault() called FIRST (stopPropagation also called if available)

      at Object.log [as handleSubmit] (src/hooks/useRegistrationForm.ts:277:13)

    console.log
      [2026-02-08T19:37:11.982Z] ========== FORM SUBMISSION STARTED ==========

      at Object.log [as handleSubmit] (src/hooks/useRegistrationForm.ts:280:13)

    console.log
      [2026-02-08T19:37:11.982Z] Event defaultPrevented: undefined

      at Object.log [as handleSubmit] (src/hooks/useRegistrationForm.ts:281:13)

    console.log
      [2026-02-08T19:37:11.982Z] Event type: undefined

      at Object.log [as handleSubmit] (src/hooks/useRegistrationForm.ts:282:13)

    console.log
      [2026-02-08T19:37:11.982Z] Event target: undefined

      at Object.log [as handleSubmit] (src/hooks/useRegistrationForm.ts:283:13)

    console.log
      [2026-02-08T19:37:11.982Z] Form data: {
        "fullName": "John Doe",
        "email": "lS.otzu0nO",
        "password": "Password123!",
        "confirmPassword": "Password123!"
      }

      at Object.log [as handleSubmit] (src/hooks/useRegistrationForm.ts:284:13)

    console.log
      [2026-02-08T19:37:11.982Z] Current errors: {}

      at Object.log [as handleSubmit] (src/hooks/useRegistrationForm.ts:285:13)

    console.log
      [2026-02-08T19:37:11.982Z] Is rate limited: false

      at Object.log [as handleSubmit] (src/hooks/useRegistrationForm.ts:286:13)

    console.log
      [2026-02-08T19:37:11.982Z] Validation result: false

      at Object.log [as handleSubmit] (src/hooks/useRegistrationForm.ts:296:13)

    console.log
      [2026-02-08T19:37:11.982Z] ❌ Form submission blocked: validation failed

      at Object.log [as handleSubmit] (src/hooks/useRegistrationForm.ts:298:15)

    console.log
      [2026-02-08T19:37:11.982Z] Validation errors: {}

      at Object.log [as handleSubmit] (src/hooks/useRegistrationForm.ts:299:15)

    console.log
      ✅ preventDefault() called FIRST (stopPropagation also called if available)

      at Object.log [as handleSubmit] (src/hooks/useRegistrationForm.ts:277:13)

    console.log
      [2026-02-08T19:37:11.987Z] ========== FORM SUBMISSION STARTED ==========

      at Object.log [as handleSubmit] (src/hooks/useRegistrationForm.ts:280:13)

    console.log
      [2026-02-08T19:37:11.987Z] Event defaultPrevented: undefined

      at Object.log [as handleSubmit] (src/hooks/useRegistrationForm.ts:281:13)

    console.log
      [2026-02-08T19:37:11.987Z] Event type: undefined

      at Object.log [as handleSubmit] (src/hooks/useRegistrationForm.ts:282:13)

    console.log
      [2026-02-08T19:37:11.987Z] Event target: undefined

      at Object.log [as handleSubmit] (src/hooks/useRegistrationForm.ts:283:13)

    console.log
      [2026-02-08T19:37:11.987Z] Form data: {
        "fullName": "John Doe",
        "email": "-5z*6v!|~&!./%@wew6-71c9ivv.2hxi0w.vea",
        "password": "Password123!",
        "confirmPassword": "Password123!"
      }

      at Object.log [as handleSubmit] (src/hooks/useRegistrationForm.ts:284:13)

    console.log
      [2026-02-08T19:37:11.987Z] Current errors: {}

      at Object.log [as handleSubmit] (src/hooks/useRegistrationForm.ts:285:13)

    console.log
      [2026-02-08T19:37:11.987Z] Is rate limited: false

      at Object.log [as handleSubmit] (src/hooks/useRegistrationForm.ts:286:13)

    console.log
      [2026-02-08T19:37:11.987Z] Validation result: true

      at Object.log [as handleSubmit] (src/hooks/useRegistrationForm.ts:296:13)

    console.log
      [2026-02-08T19:37:11.987Z] ✅ Validation passed, proceeding with API call

      at Object.log [as handleSubmit] (src/hooks/useRegistrationForm.ts:303:13)

    console.log
      [2026-02-08T19:37:11.987Z] 📡 Calling API client register method

      at Object.log [as handleSubmit] (src/hooks/useRegistrationForm.ts:316:15)

    console.log
      [2026-02-08T19:37:11.987Z] API payload: {
        email: '-5z*6v!|~&!./%@wew6-71c9ivv.2hxi0w.vea',
        name: 'John Doe',
        password: '***REDACTED***'
      }

      at Object.log [as handleSubmit] (src/hooks/useRegistrationForm.ts:317:15)

    console.log
      [2026-02-08T19:37:11.987Z] ✅ API call successful

      at Object.log [as handleSubmit] (src/hooks/useRegistrationForm.ts:330:15)

    console.log
      [2026-02-08T19:37:11.987Z] ========== FORM SUBMISSION ENDED ==========

      at Object.log [as handleSubmit] (src/hooks/useRegistrationForm.ts:376:15)

    console.log
      ✅ preventDefault() called FIRST (stopPropagation also called if available)

      at Object.log [as handleSubmit] (src/hooks/useRegistrationForm.ts:277:13)

    console.log
      [2026-02-08T19:37:11.995Z] ========== FORM SUBMISSION STARTED ==========

      at Object.log [as handleSubmit] (src/hooks/useRegistrationForm.ts:280:13)

    console.log
      [2026-02-08T19:37:11.995Z] Event defaultPrevented: undefined

      at Object.log [as handleSubmit] (src/hooks/useRegistrationForm.ts:281:13)

    console.log
      [2026-02-08T19:37:11.995Z] Event type: undefined

      at Object.log [as handleSubmit] (src/hooks/useRegistrationForm.ts:282:13)

    console.log
      [2026-02-08T19:37:11.995Z] Event target: undefined

      at Object.log [as handleSubmit] (src/hooks/useRegistrationForm.ts:283:13)

    console.log
      [2026-02-08T19:37:11.995Z] Form data: {
        "fullName": "John Doe",
        "email": "db.x6hz24wx.jy._7+04=/$@y-0-41izk.xab42s21.yz",
        "password": "Password123!",
        "confirmPassword": "Password123!"
      }

      at Object.log [as handleSubmit] (src/hooks/useRegistrationForm.ts:284:13)

    console.log
      [2026-02-08T19:37:11.995Z] Current errors: {}

      at Object.log [as handleSubmit] (src/hooks/useRegistrationForm.ts:285:13)

    console.log
      [2026-02-08T19:37:11.995Z] Is rate limited: false

      at Object.log [as handleSubmit] (src/hooks/useRegistrationForm.ts:286:13)

    console.log
      [2026-02-08T19:37:11.995Z] Validation result: true

      at Object.log [as handleSubmit] (src/hooks/useRegistrationForm.ts:296:13)

    console.log
      [2026-02-08T19:37:11.995Z] ✅ Validation passed, proceeding with API call

      at Object.log [as handleSubmit] (src/hooks/useRegistrationForm.ts:303:13)

    console.log
      [2026-02-08T19:37:11.995Z] 📡 Calling API client register method

      at Object.log [as handleSubmit] (src/hooks/useRegistrationForm.ts:316:15)

    console.log
      [2026-02-08T19:37:11.995Z] API payload: {
        email: 'db.x6hz24wx.jy._7+04=/$@y-0-41izk.xab42s21.yz',
        name: 'John Doe',
        password: '***REDACTED***'
      }

      at Object.log [as handleSubmit] (src/hooks/useRegistrationForm.ts:317:15)

    console.log
      [2026-02-08T19:37:11.995Z] ✅ API call successful

      at Object.log [as handleSubmit] (src/hooks/useRegistrationForm.ts:330:15)

    console.log
      [2026-02-08T19:37:11.995Z] ========== FORM SUBMISSION ENDED ==========

      at Object.log [as handleSubmit] (src/hooks/useRegistrationForm.ts:376:15)

    console.log
      ✅ preventDefault() called FIRST (stopPropagation also called if available)

      at Object.log [as handleSubmit] (src/hooks/useRegistrationForm.ts:277:13)

    console.log
      [2026-02-08T19:37:12.003Z] ========== FORM SUBMISSION STARTED ==========

      at Object.log [as handleSubmit] (src/hooks/useRegistrationForm.ts:280:13)

    console.log
      [2026-02-08T19:37:12.003Z] Event defaultPrevented: undefined

      at Object.log [as handleSubmit] (src/hooks/useRegistrationForm.ts:281:13)

    console.log
      [2026-02-08T19:37:12.003Z] Event type: undefined

      at Object.log [as handleSubmit] (src/hooks/useRegistrationForm.ts:282:13)

    console.log
      [2026-02-08T19:37:12.003Z] Event target: undefined

      at Object.log [as handleSubmit] (src/hooks/useRegistrationForm.ts:283:13)

    console.log
      [2026-02-08T19:37:12.003Z] Form data: {
        "fullName": "John Doe",
        "email": "$2",
        "password": "Password123!",
        "confirmPassword": "Password123!"
      }

      at Object.log [as handleSubmit] (src/hooks/useRegistrationForm.ts:284:13)

    console.log
      [2026-02-08T19:37:12.003Z] Current errors: {}

      at Object.log [as handleSubmit] (src/hooks/useRegistrationForm.ts:285:13)

    console.log
      [2026-02-08T19:37:12.003Z] Is rate limited: false

      at Object.log [as handleSubmit] (src/hooks/useRegistrationForm.ts:286:13)

    console.log
      [2026-02-08T19:37:12.003Z] Validation result: false

      at Object.log [as handleSubmit] (src/hooks/useRegistrationForm.ts:296:13)

    console.log
      [2026-02-08T19:37:12.003Z] ❌ Form submission blocked: validation failed

      at Object.log [as handleSubmit] (src/hooks/useRegistrationForm.ts:298:15)

    console.log
      [2026-02-08T19:37:12.003Z] Validation errors: {}

      at Object.log [as handleSubmit] (src/hooks/useRegistrationForm.ts:299:15)

    console.log
      ✅ preventDefault() called FIRST (stopPropagation also called if available)

      at Object.log [as handleSubmit] (src/hooks/useRegistrationForm.ts:277:13)

    console.log
      [2026-02-08T19:37:12.005Z] ========== FORM SUBMISSION STARTED ==========

      at Object.log [as handleSubmit] (src/hooks/useRegistrationForm.ts:280:13)

    console.log
      [2026-02-08T19:37:12.005Z] Event defaultPrevented: undefined

      at Object.log [as handleSubmit] (src/hooks/useRegistrationForm.ts:281:13)

    console.log
      [2026-02-08T19:37:12.005Z] Event type: undefined

      at Object.log [as handleSubmit] (src/hooks/useRegistrationForm.ts:282:13)

    console.log
      [2026-02-08T19:37:12.005Z] Event target: undefined

      at Object.log [as handleSubmit] (src/hooks/useRegistrationForm.ts:283:13)

    console.log
      [2026-02-08T19:37:12.005Z] Form data: {
        "fullName": "John Doe",
        "email": "Ea3_hv",
        "password": "Password123!",
        "confirmPassword": "Password123!"
      }

      at Object.log [as handleSubmit] (src/hooks/useRegistrationForm.ts:284:13)

    console.log
      [2026-02-08T19:37:12.005Z] Current errors: {}

      at Object.log [as handleSubmit] (src/hooks/useRegistrationForm.ts:285:13)

    console.log
      [2026-02-08T19:37:12.005Z] Is rate limited: false

      at Object.log [as handleSubmit] (src/hooks/useRegistrationForm.ts:286:13)

    console.log
      [2026-02-08T19:37:12.005Z] Validation result: false

      at Object.log [as handleSubmit] (src/hooks/useRegistrationForm.ts:296:13)

    console.log
      [2026-02-08T19:37:12.005Z] ❌ Form submission blocked: validation failed

      at Object.log [as handleSubmit] (src/hooks/useRegistrationForm.ts:298:15)

    console.log
      [2026-02-08T19:37:12.005Z] Validation errors: {}

      at Object.log [as handleSubmit] (src/hooks/useRegistrationForm.ts:299:15)

    console.log
      ✅ preventDefault() called FIRST (stopPropagation also called if available)

      at Object.log [as handleSubmit] (src/hooks/useRegistrationForm.ts:277:13)

    console.log
      [2026-02-08T19:37:12.010Z] ========== FORM SUBMISSION STARTED ==========

      at Object.log [as handleSubmit] (src/hooks/useRegistrationForm.ts:280:13)

    console.log
      [2026-02-08T19:37:12.010Z] Event defaultPrevented: undefined

      at Object.log [as handleSubmit] (src/hooks/useRegistrationForm.ts:281:13)

    console.log
      [2026-02-08T19:37:12.010Z] Event type: undefined

      at Object.log [as handleSubmit] (src/hooks/useRegistrationForm.ts:282:13)

    console.log
      [2026-02-08T19:37:12.010Z] Event target: undefined

      at Object.log [as handleSubmit] (src/hooks/useRegistrationForm.ts:283:13)

    console.log
      [2026-02-08T19:37:12.010Z] Form data: {
        "fullName": "John Doe",
        "email": "|af@f.aedmd.dc",
        "password": "Password123!",
        "confirmPassword": "Password123!"
      }

      at Object.log [as handleSubmit] (src/hooks/useRegistrationForm.ts:284:13)

    console.log
      [2026-02-08T19:37:12.010Z] Current errors: {}

      at Object.log [as handleSubmit] (src/hooks/useRegistrationForm.ts:285:13)

    console.log
      [2026-02-08T19:37:12.010Z] Is rate limited: false

      at Object.log [as handleSubmit] (src/hooks/useRegistrationForm.ts:286:13)

    console.log
      [2026-02-08T19:37:12.010Z] Validation result: true

      at Object.log [as handleSubmit] (src/hooks/useRegistrationForm.ts:296:13)

    console.log
      [2026-02-08T19:37:12.010Z] ✅ Validation passed, proceeding with API call

      at Object.log [as handleSubmit] (src/hooks/useRegistrationForm.ts:303:13)

    console.log
      [2026-02-08T19:37:12.010Z] 📡 Calling API client register method

      at Object.log [as handleSubmit] (src/hooks/useRegistrationForm.ts:316:15)

    console.log
      [2026-02-08T19:37:12.010Z] API payload: {
        email: '|af@f.aedmd.dc',
        name: 'John Doe',
        password: '***REDACTED***'
      }

      at Object.log [as handleSubmit] (src/hooks/useRegistrationForm.ts:317:15)

    console.log
      [2026-02-08T19:37:12.010Z] ✅ API call successful

      at Object.log [as handleSubmit] (src/hooks/useRegistrationForm.ts:330:15)

    console.log
      [2026-02-08T19:37:12.010Z] ========== FORM SUBMISSION ENDED ==========

      at Object.log [as handleSubmit] (src/hooks/useRegistrationForm.ts:376:15)

    console.log
      ✅ preventDefault() called FIRST (stopPropagation also called if available)

      at Object.log [as handleSubmit] (src/hooks/useRegistrationForm.ts:277:13)

    console.log
      [2026-02-08T19:37:12.019Z] ========== FORM SUBMISSION STARTED ==========

      at Object.log [as handleSubmit] (src/hooks/useRegistrationForm.ts:280:13)

    console.log
      [2026-02-08T19:37:12.019Z] Event defaultPrevented: undefined

      at Object.log [as handleSubmit] (src/hooks/useRegistrationForm.ts:281:13)

    console.log
      [2026-02-08T19:37:12.019Z] Event type: undefined

      at Object.log [as handleSubmit] (src/hooks/useRegistrationForm.ts:282:13)

    console.log
      [2026-02-08T19:37:12.019Z] Event target: undefined

      at Object.log [as handleSubmit] (src/hooks/useRegistrationForm.ts:283:13)

    console.log
      [2026-02-08T19:37:12.019Z] Form data: {
        "fullName": "John Doe",
        "email": "6.d&eymg&hl2.7$|4r.add!'|.iqexj0.t/.-rd}&jby.p=%w~$#r}@4m359wxlu0z.fxx-m1k.tg",
        "password": "Password123!",
        "confirmPassword": "Password123!"
      }

      at Object.log [as handleSubmit] (src/hooks/useRegistrationForm.ts:284:13)

    console.log
      [2026-02-08T19:37:12.019Z] Current errors: {}

      at Object.log [as handleSubmit] (src/hooks/useRegistrationForm.ts:285:13)

    console.log
      [2026-02-08T19:37:12.019Z] Is rate limited: false

      at Object.log [as handleSubmit] (src/hooks/useRegistrationForm.ts:286:13)

    console.log
      [2026-02-08T19:37:12.019Z] Validation result: true

      at Object.log [as handleSubmit] (src/hooks/useRegistrationForm.ts:296:13)

    console.log
      [2026-02-08T19:37:12.019Z] ✅ Validation passed, proceeding with API call

      at Object.log [as handleSubmit] (src/hooks/useRegistrationForm.ts:303:13)

    console.log
      [2026-02-08T19:37:12.019Z] 📡 Calling API client register method

      at Object.log [as handleSubmit] (src/hooks/useRegistrationForm.ts:316:15)

    console.log
      [2026-02-08T19:37:12.019Z] API payload: {
        email: "6.d&eymg&hl2.7$|4r.add!'|.iqexj0.t/.-rd}&jby.p=%w~$#r}@4m359wxlu0z.fxx-m1k.tg",
        name: 'John Doe',
        password: '***REDACTED***'
      }

      at Object.log [as handleSubmit] (src/hooks/useRegistrationForm.ts:317:15)

    console.log
      [2026-02-08T19:37:12.019Z] ✅ API call successful

      at Object.log [as handleSubmit] (src/hooks/useRegistrationForm.ts:330:15)

    console.log
      [2026-02-08T19:37:12.019Z] ========== FORM SUBMISSION ENDED ==========

      at Object.log [as handleSubmit] (src/hooks/useRegistrationForm.ts:376:15)

    console.log
      ✅ preventDefault() called FIRST (stopPropagation also called if available)

      at Object.log [as handleSubmit] (src/hooks/useRegistrationForm.ts:277:13)

    console.log
      [2026-02-08T19:37:12.023Z] ========== FORM SUBMISSION STARTED ==========

      at Object.log [as handleSubmit] (src/hooks/useRegistrationForm.ts:280:13)

    console.log
      [2026-02-08T19:37:12.023Z] Event defaultPrevented: undefined

      at Object.log [as handleSubmit] (src/hooks/useRegistrationForm.ts:281:13)

    console.log
      [2026-02-08T19:37:12.023Z] Event type: undefined

      at Object.log [as handleSubmit] (src/hooks/useRegistrationForm.ts:282:13)

    console.log
      [2026-02-08T19:37:12.023Z] Event target: undefined

      at Object.log [as handleSubmit] (src/hooks/useRegistrationForm.ts:283:13)

    console.log
      [2026-02-08T19:37:12.023Z] Form data: {
        "fullName": "John Doe",
        "email": "~",
        "password": "Password123!",
        "confirmPassword": "Password123!"
      }

      at Object.log [as handleSubmit] (src/hooks/useRegistrationForm.ts:284:13)

    console.log
      [2026-02-08T19:37:12.023Z] Current errors: {}

      at Object.log [as handleSubmit] (src/hooks/useRegistrationForm.ts:285:13)

    console.log
      [2026-02-08T19:37:12.023Z] Is rate limited: false

      at Object.log [as handleSubmit] (src/hooks/useRegistrationForm.ts:286:13)

    console.log
      [2026-02-08T19:37:12.023Z] Validation result: false

      at Object.log [as handleSubmit] (src/hooks/useRegistrationForm.ts:296:13)

    console.log
      [2026-02-08T19:37:12.023Z] ❌ Form submission blocked: validation failed

      at Object.log [as handleSubmit] (src/hooks/useRegistrationForm.ts:298:15)

    console.log
      [2026-02-08T19:37:12.023Z] Validation errors: {}

      at Object.log [as handleSubmit] (src/hooks/useRegistrationForm.ts:299:15)

    console.log
      ✅ preventDefault() called FIRST (stopPropagation also called if available)

      at Object.log [as handleSubmit] (src/hooks/useRegistrationForm.ts:277:13)

    console.log
      [2026-02-08T19:37:12.027Z] ========== FORM SUBMISSION STARTED ==========

      at Object.log [as handleSubmit] (src/hooks/useRegistrationForm.ts:280:13)

    console.log
      [2026-02-08T19:37:12.027Z] Event defaultPrevented: undefined

      at Object.log [as handleSubmit] (src/hooks/useRegistrationForm.ts:281:13)

    console.log
      [2026-02-08T19:37:12.027Z] Event type: undefined

      at Object.log [as handleSubmit] (src/hooks/useRegistrationForm.ts:282:13)

    console.log
      [2026-02-08T19:37:12.027Z] Event target: undefined

      at Object.log [as handleSubmit] (src/hooks/useRegistrationForm.ts:283:13)

    console.log
      [2026-02-08T19:37:12.027Z] Form data: {
        "fullName": "John Doe",
        "email": "z/&!5$=?$x.qb.*t4.y-cc@d9c.ref",
        "password": "Password123!",
        "confirmPassword": "Password123!"
      }

      at Object.log [as handleSubmit] (src/hooks/useRegistrationForm.ts:284:13)

    console.log
      [2026-02-08T19:37:12.027Z] Current errors: {}

      at Object.log [as handleSubmit] (src/hooks/useRegistrationForm.ts:285:13)

    console.log
      [2026-02-08T19:37:12.027Z] Is rate limited: false

      at Object.log [as handleSubmit] (src/hooks/useRegistrationForm.ts:286:13)

    console.log
      [2026-02-08T19:37:12.027Z] Validation result: true

      at Object.log [as handleSubmit] (src/hooks/useRegistrationForm.ts:296:13)

    console.log
      [2026-02-08T19:37:12.027Z] ✅ Validation passed, proceeding with API call

      at Object.log [as handleSubmit] (src/hooks/useRegistrationForm.ts:303:13)

    console.log
      [2026-02-08T19:37:12.027Z] 📡 Calling API client register method

      at Object.log [as handleSubmit] (src/hooks/useRegistrationForm.ts:316:15)

    console.log
      [2026-02-08T19:37:12.027Z] API payload: {
        email: 'z/&!5$=?$x.qb.*t4.y-cc@d9c.ref',
        name: 'John Doe',
        password: '***REDACTED***'
      }

      at Object.log [as handleSubmit] (src/hooks/useRegistrationForm.ts:317:15)

    console.log
      [2026-02-08T19:37:12.027Z] ✅ API call successful

      at Object.log [as handleSubmit] (src/hooks/useRegistrationForm.ts:330:15)

    console.log
      [2026-02-08T19:37:12.027Z] ========== FORM SUBMISSION ENDED ==========

      at Object.log [as handleSubmit] (src/hooks/useRegistrationForm.ts:376:15)

    console.log
      ✅ preventDefault() called FIRST (stopPropagation also called if available)

      at Object.log [as handleSubmit] (src/hooks/useRegistrationForm.ts:277:13)

    console.log
      [2026-02-08T19:37:12.032Z] ========== FORM SUBMISSION STARTED ==========

      at Object.log [as handleSubmit] (src/hooks/useRegistrationForm.ts:280:13)

    console.log
      [2026-02-08T19:37:12.032Z] Event defaultPrevented: undefined

      at Object.log [as handleSubmit] (src/hooks/useRegistrationForm.ts:281:13)

    console.log
      [2026-02-08T19:37:12.032Z] Event type: undefined

      at Object.log [as handleSubmit] (src/hooks/useRegistrationForm.ts:282:13)

    console.log
      [2026-02-08T19:37:12.032Z] Event target: undefined

      at Object.log [as handleSubmit] (src/hooks/useRegistrationForm.ts:283:13)

    console.log
      [2026-02-08T19:37:12.032Z] Form data: {
        "fullName": "John Doe",
        "email": "#7mr4@e6.f.dkc",
        "password": "Password123!",
        "confirmPassword": "Password123!"
      }

      at Object.log [as handleSubmit] (src/hooks/useRegistrationForm.ts:284:13)

    console.log
      [2026-02-08T19:37:12.032Z] Current errors: {}

      at Object.log [as handleSubmit] (src/hooks/useRegistrationForm.ts:285:13)

    console.log
      [2026-02-08T19:37:12.032Z] Is rate limited: false

      at Object.log [as handleSubmit] (src/hooks/useRegistrationForm.ts:286:13)

    console.log
      [2026-02-08T19:37:12.032Z] Validation result: true

      at Object.log [as handleSubmit] (src/hooks/useRegistrationForm.ts:296:13)

    console.log
      [2026-02-08T19:37:12.032Z] ✅ Validation passed, proceeding with API call

      at Object.log [as handleSubmit] (src/hooks/useRegistrationForm.ts:303:13)

    console.log
      [2026-02-08T19:37:12.032Z] 📡 Calling API client register method

      at Object.log [as handleSubmit] (src/hooks/useRegistrationForm.ts:316:15)

    console.log
      [2026-02-08T19:37:12.032Z] API payload: {
        email: '#7mr4@e6.f.dkc',
        name: 'John Doe',
        password: '***REDACTED***'
      }

      at Object.log [as handleSubmit] (src/hooks/useRegistrationForm.ts:317:15)

    console.log
      [2026-02-08T19:37:12.032Z] ✅ API call successful

      at Object.log [as handleSubmit] (src/hooks/useRegistrationForm.ts:330:15)

    console.log
      [2026-02-08T19:37:12.032Z] ========== FORM SUBMISSION ENDED ==========

      at Object.log [as handleSubmit] (src/hooks/useRegistrationForm.ts:376:15)

    console.log
      ✅ preventDefault() called FIRST (stopPropagation also called if available)

      at Object.log [as handleSubmit] (src/hooks/useRegistrationForm.ts:277:13)

    console.log
      [2026-02-08T19:37:12.038Z] ========== FORM SUBMISSION STARTED ==========

      at Object.log [as handleSubmit] (src/hooks/useRegistrationForm.ts:280:13)

    console.log
      [2026-02-08T19:37:12.038Z] Event defaultPrevented: undefined

      at Object.log [as handleSubmit] (src/hooks/useRegistrationForm.ts:281:13)

    console.log
      [2026-02-08T19:37:12.038Z] Event type: undefined

      at Object.log [as handleSubmit] (src/hooks/useRegistrationForm.ts:282:13)

    console.log
      [2026-02-08T19:37:12.038Z] Event target: undefined

      at Object.log [as handleSubmit] (src/hooks/useRegistrationForm.ts:283:13)

    console.log
      [2026-02-08T19:37:12.038Z] Form data: {
        "fullName": "John Doe",
        "email": "/T9ZJ1.\\",
        "password": "Password123!",
        "confirmPassword": "Password123!"
      }

      at Object.log [as handleSubmit] (src/hooks/useRegistrationForm.ts:284:13)

    console.log
      [2026-02-08T19:37:12.038Z] Current errors: {}

      at Object.log [as handleSubmit] (src/hooks/useRegistrationForm.ts:285:13)

    console.log
      [2026-02-08T19:37:12.038Z] Is rate limited: false

      at Object.log [as handleSubmit] (src/hooks/useRegistrationForm.ts:286:13)

    console.log
      [2026-02-08T19:37:12.038Z] Validation result: false

      at Object.log [as handleSubmit] (src/hooks/useRegistrationForm.ts:296:13)

    console.log
      [2026-02-08T19:37:12.038Z] ❌ Form submission blocked: validation failed

      at Object.log [as handleSubmit] (src/hooks/useRegistrationForm.ts:298:15)

    console.log
      [2026-02-08T19:37:12.038Z] Validation errors: {}

      at Object.log [as handleSubmit] (src/hooks/useRegistrationForm.ts:299:15)

    console.log
      ✅ preventDefault() called FIRST (stopPropagation also called if available)

      at Object.log [as handleSubmit] (src/hooks/useRegistrationForm.ts:277:13)

    console.log
      [2026-02-08T19:37:12.042Z] ========== FORM SUBMISSION STARTED ==========

      at Object.log [as handleSubmit] (src/hooks/useRegistrationForm.ts:280:13)

    console.log
      [2026-02-08T19:37:12.042Z] Event defaultPrevented: undefined

      at Object.log [as handleSubmit] (src/hooks/useRegistrationForm.ts:281:13)

    console.log
      [2026-02-08T19:37:12.042Z] Event type: undefined

      at Object.log [as handleSubmit] (src/hooks/useRegistrationForm.ts:282:13)

    console.log
      [2026-02-08T19:37:12.042Z] Event target: undefined

      at Object.log [as handleSubmit] (src/hooks/useRegistrationForm.ts:283:13)

    console.log
      [2026-02-08T19:37:12.042Z] Form data: {
        "fullName": "John Doe",
        "email": "!%",
        "password": "Password123!",
        "confirmPassword": "Password123!"
      }

      at Object.log [as handleSubmit] (src/hooks/useRegistrationForm.ts:284:13)

    console.log
      [2026-02-08T19:37:12.042Z] Current errors: {}

      at Object.log [as handleSubmit] (src/hooks/useRegistrationForm.ts:285:13)

    console.log
      [2026-02-08T19:37:12.042Z] Is rate limited: false

      at Object.log [as handleSubmit] (src/hooks/useRegistrationForm.ts:286:13)

    console.log
      [2026-02-08T19:37:12.042Z] Validation result: false

      at Object.log [as handleSubmit] (src/hooks/useRegistrationForm.ts:296:13)

    console.log
      [2026-02-08T19:37:12.042Z] ❌ Form submission blocked: validation failed

      at Object.log [as handleSubmit] (src/hooks/useRegistrationForm.ts:298:15)

    console.log
      [2026-02-08T19:37:12.042Z] Validation errors: {}

      at Object.log [as handleSubmit] (src/hooks/useRegistrationForm.ts:299:15)

    console.log
      ✅ preventDefault() called FIRST (stopPropagation also called if available)

      at Object.log [as handleSubmit] (src/hooks/useRegistrationForm.ts:277:13)

    console.log
      [2026-02-08T19:37:12.046Z] ========== FORM SUBMISSION STARTED ==========

      at Object.log [as handleSubmit] (src/hooks/useRegistrationForm.ts:280:13)

    console.log
      [2026-02-08T19:37:12.046Z] Event defaultPrevented: undefined

      at Object.log [as handleSubmit] (src/hooks/useRegistrationForm.ts:281:13)

    console.log
      [2026-02-08T19:37:12.046Z] Event type: undefined

      at Object.log [as handleSubmit] (src/hooks/useRegistrationForm.ts:282:13)

    console.log
      [2026-02-08T19:37:12.046Z] Event target: undefined

      at Object.log [as handleSubmit] (src/hooks/useRegistrationForm.ts:283:13)

    console.log
      [2026-02-08T19:37:12.046Z] Form data: {
        "fullName": "John Doe",
        "email": "7?+.z=3.c&~6py6jzgi4@be.ps",
        "password": "Password123!",
        "confirmPassword": "Password123!"
      }

      at Object.log [as handleSubmit] (src/hooks/useRegistrationForm.ts:284:13)

    console.log
      [2026-02-08T19:37:12.046Z] Current errors: {}

      at Object.log [as handleSubmit] (src/hooks/useRegistrationForm.ts:285:13)

    console.log
      [2026-02-08T19:37:12.046Z] Is rate limited: false

      at Object.log [as handleSubmit] (src/hooks/useRegistrationForm.ts:286:13)

    console.log
      [2026-02-08T19:37:12.046Z] Validation result: true

      at Object.log [as handleSubmit] (src/hooks/useRegistrationForm.ts:296:13)

    console.log
      [2026-02-08T19:37:12.046Z] ✅ Validation passed, proceeding with API call

      at Object.log [as handleSubmit] (src/hooks/useRegistrationForm.ts:303:13)

    console.log
      [2026-02-08T19:37:12.046Z] 📡 Calling API client register method

      at Object.log [as handleSubmit] (src/hooks/useRegistrationForm.ts:316:15)

    console.log
      [2026-02-08T19:37:12.046Z] API payload: {
        email: '7?+.z=3.c&~6py6jzgi4@be.ps',
        name: 'John Doe',
        password: '***REDACTED***'
      }

      at Object.log [as handleSubmit] (src/hooks/useRegistrationForm.ts:317:15)

    console.log
      [2026-02-08T19:37:12.046Z] ✅ API call successful

      at Object.log [as handleSubmit] (src/hooks/useRegistrationForm.ts:330:15)

    console.log
      [2026-02-08T19:37:12.046Z] ========== FORM SUBMISSION ENDED ==========

      at Object.log [as handleSubmit] (src/hooks/useRegistrationForm.ts:376:15)

    console.log
      ✅ preventDefault() called FIRST (stopPropagation also called if available)

      at Object.log [as handleSubmit] (src/hooks/useRegistrationForm.ts:277:13)

    console.log
      [2026-02-08T19:37:12.052Z] ========== FORM SUBMISSION STARTED ==========

      at Object.log [as handleSubmit] (src/hooks/useRegistrationForm.ts:280:13)

    console.log
      [2026-02-08T19:37:12.052Z] Event defaultPrevented: undefined

      at Object.log [as handleSubmit] (src/hooks/useRegistrationForm.ts:281:13)

    console.log
      [2026-02-08T19:37:12.052Z] Event type: undefined

      at Object.log [as handleSubmit] (src/hooks/useRegistrationForm.ts:282:13)

    console.log
      [2026-02-08T19:37:12.052Z] Event target: undefined

      at Object.log [as handleSubmit] (src/hooks/useRegistrationForm.ts:283:13)

    console.log
      [2026-02-08T19:37:12.052Z] Form data: {
        "fullName": "John Doe",
        "email": "{'mgu`.afr#|juwf.n{!33.y.jy3.-95m/hq'.whm|p304ok!.o`uo$.g-h*ebz'@m.cd",
        "password": "Password123!",
        "confirmPassword": "Password123!"
      }

      at Object.log [as handleSubmit] (src/hooks/useRegistrationForm.ts:284:13)

    console.log
      [2026-02-08T19:37:12.052Z] Current errors: {}

      at Object.log [as handleSubmit] (src/hooks/useRegistrationForm.ts:285:13)

    console.log
      [2026-02-08T19:37:12.052Z] Is rate limited: false

      at Object.log [as handleSubmit] (src/hooks/useRegistrationForm.ts:286:13)

    console.log
      [2026-02-08T19:37:12.052Z] Validation result: true

      at Object.log [as handleSubmit] (src/hooks/useRegistrationForm.ts:296:13)

    console.log
      [2026-02-08T19:37:12.052Z] ✅ Validation passed, proceeding with API call

      at Object.log [as handleSubmit] (src/hooks/useRegistrationForm.ts:303:13)

    console.log
      [2026-02-08T19:37:12.052Z] 📡 Calling API client register method

      at Object.log [as handleSubmit] (src/hooks/useRegistrationForm.ts:316:15)

    console.log
      [2026-02-08T19:37:12.052Z] API payload: {
        email: "{'mgu`.afr#|juwf.n{!33.y.jy3.-95m/hq'.whm|p304ok!.o`uo$.g-h*ebz'@m.cd",
        name: 'John Doe',
        password: '***REDACTED***'
      }

      at Object.log [as handleSubmit] (src/hooks/useRegistrationForm.ts:317:15)

    console.log
      [2026-02-08T19:37:12.052Z] ✅ API call successful

      at Object.log [as handleSubmit] (src/hooks/useRegistrationForm.ts:330:15)

    console.log
      [2026-02-08T19:37:12.052Z] ========== FORM SUBMISSION ENDED ==========

      at Object.log [as handleSubmit] (src/hooks/useRegistrationForm.ts:376:15)

    console.log
      ✅ preventDefault() called FIRST (stopPropagation also called if available)

      at Object.log [as handleSubmit] (src/hooks/useRegistrationForm.ts:277:13)

    console.log
      [2026-02-08T19:37:12.057Z] ========== FORM SUBMISSION STARTED ==========

      at Object.log [as handleSubmit] (src/hooks/useRegistrationForm.ts:280:13)

    console.log
      [2026-02-08T19:37:12.057Z] Event defaultPrevented: undefined

      at Object.log [as handleSubmit] (src/hooks/useRegistrationForm.ts:281:13)

    console.log
      [2026-02-08T19:37:12.057Z] Event type: undefined

      at Object.log [as handleSubmit] (src/hooks/useRegistrationForm.ts:282:13)

    console.log
      [2026-02-08T19:37:12.057Z] Event target: undefined

      at Object.log [as handleSubmit] (src/hooks/useRegistrationForm.ts:283:13)

    console.log
      [2026-02-08T19:37:12.057Z] Form data: {
        "fullName": "John Doe",
        "email": "1/~Szx~",
        "password": "Password123!",
        "confirmPassword": "Password123!"
      }

      at Object.log [as handleSubmit] (src/hooks/useRegistrationForm.ts:284:13)

    console.log
      [2026-02-08T19:37:12.057Z] Current errors: {}

      at Object.log [as handleSubmit] (src/hooks/useRegistrationForm.ts:285:13)

    console.log
      [2026-02-08T19:37:12.057Z] Is rate limited: false

      at Object.log [as handleSubmit] (src/hooks/useRegistrationForm.ts:286:13)

    console.log
      [2026-02-08T19:37:12.057Z] Validation result: false

      at Object.log [as handleSubmit] (src/hooks/useRegistrationForm.ts:296:13)

    console.log
      [2026-02-08T19:37:12.057Z] ❌ Form submission blocked: validation failed

      at Object.log [as handleSubmit] (src/hooks/useRegistrationForm.ts:298:15)

    console.log
      [2026-02-08T19:37:12.057Z] Validation errors: {}

      at Object.log [as handleSubmit] (src/hooks/useRegistrationForm.ts:299:15)

    console.log
      ✅ preventDefault() called FIRST (stopPropagation also called if available)

      at Object.log [as handleSubmit] (src/hooks/useRegistrationForm.ts:277:13)

    console.log
      [2026-02-08T19:37:12.106Z] ========== FORM SUBMISSION STARTED ==========

      at Object.log [as handleSubmit] (src/hooks/useRegistrationForm.ts:280:13)

    console.log
      [2026-02-08T19:37:12.106Z] Event defaultPrevented: undefined

      at Object.log [as handleSubmit] (src/hooks/useRegistrationForm.ts:281:13)

    console.log
      [2026-02-08T19:37:12.106Z] Event type: undefined

      at Object.log [as handleSubmit] (src/hooks/useRegistrationForm.ts:282:13)

    console.log
      [2026-02-08T19:37:12.106Z] Event target: undefined

      at Object.log [as handleSubmit] (src/hooks/useRegistrationForm.ts:283:13)

    console.log
      [2026-02-08T19:37:12.106Z] Form data: {
        "fullName": "John Doe",
        "email": "test@example.com",
        "password": "%&%|bqVV4",
        "confirmPassword": "*&alueOx"
      }

      at Object.log [as handleSubmit] (src/hooks/useRegistrationForm.ts:284:13)

    console.log
      [2026-02-08T19:37:12.106Z] Current errors: {}

      at Object.log [as handleSubmit] (src/hooks/useRegistrationForm.ts:285:13)

    console.log
      [2026-02-08T19:37:12.106Z] Is rate limited: false

      at Object.log [as handleSubmit] (src/hooks/useRegistrationForm.ts:286:13)

    console.log
      [2026-02-08T19:37:12.106Z] Validation result: false

      at Object.log [as handleSubmit] (src/hooks/useRegistrationForm.ts:296:13)

    console.log
      [2026-02-08T19:37:12.106Z] ❌ Form submission blocked: validation failed

      at Object.log [as handleSubmit] (src/hooks/useRegistrationForm.ts:298:15)

    console.log
      [2026-02-08T19:37:12.106Z] Validation errors: {}

      at Object.log [as handleSubmit] (src/hooks/useRegistrationForm.ts:299:15)

    console.log
      ✅ preventDefault() called FIRST (stopPropagation also called if available)

      at Object.log [as handleSubmit] (src/hooks/useRegistrationForm.ts:277:13)

    console.log
      [2026-02-08T19:37:12.109Z] ========== FORM SUBMISSION STARTED ==========

      at Object.log [as handleSubmit] (src/hooks/useRegistrationForm.ts:280:13)

    console.log
      [2026-02-08T19:37:12.109Z] Event defaultPrevented: undefined

      at Object.log [as handleSubmit] (src/hooks/useRegistrationForm.ts:281:13)

    console.log
      [2026-02-08T19:37:12.109Z] Event type: undefined

      at Object.log [as handleSubmit] (src/hooks/useRegistrationForm.ts:282:13)

    console.log
      [2026-02-08T19:37:12.109Z] Event target: undefined

      at Object.log [as handleSubmit] (src/hooks/useRegistrationForm.ts:283:13)

    console.log
      [2026-02-08T19:37:12.109Z] Form data: {
        "fullName": "John Doe",
        "email": "test@example.com",
        "password": "Pyt8]vrB]6nl.!I</'aK ",
        "confirmPassword": "qH%T}K"
      }

      at Object.log [as handleSubmit] (src/hooks/useRegistrationForm.ts:284:13)

    console.log
      [2026-02-08T19:37:12.109Z] Current errors: {}

      at Object.log [as handleSubmit] (src/hooks/useRegistrationForm.ts:285:13)

    console.log
      [2026-02-08T19:37:12.109Z] Is rate limited: false

      at Object.log [as handleSubmit] (src/hooks/useRegistrationForm.ts:286:13)

    console.log
      [2026-02-08T19:37:12.109Z] Validation result: false

      at Object.log [as handleSubmit] (src/hooks/useRegistrationForm.ts:296:13)

    console.log
      [2026-02-08T19:37:12.109Z] ❌ Form submission blocked: validation failed

      at Object.log [as handleSubmit] (src/hooks/useRegistrationForm.ts:298:15)

    console.log
      [2026-02-08T19:37:12.109Z] Validation errors: {}

      at Object.log [as handleSubmit] (src/hooks/useRegistrationForm.ts:299:15)

    console.log
      ✅ preventDefault() called FIRST (stopPropagation also called if available)

      at Object.log [as handleSubmit] (src/hooks/useRegistrationForm.ts:277:13)

    console.log
      [2026-02-08T19:37:12.113Z] ========== FORM SUBMISSION STARTED ==========

      at Object.log [as handleSubmit] (src/hooks/useRegistrationForm.ts:280:13)

    console.log
      [2026-02-08T19:37:12.113Z] Event defaultPrevented: undefined

      at Object.log [as handleSubmit] (src/hooks/useRegistrationForm.ts:281:13)

    console.log
      [2026-02-08T19:37:12.113Z] Event type: undefined

      at Object.log [as handleSubmit] (src/hooks/useRegistrationForm.ts:282:13)

    console.log
      [2026-02-08T19:37:12.113Z] Event target: undefined

      at Object.log [as handleSubmit] (src/hooks/useRegistrationForm.ts:283:13)

    console.log
      [2026-02-08T19:37:12.113Z] Form data: {
        "fullName": "John Doe",
        "email": "test@example.com",
        "password": "\"}u5D,lA{G0nm",
        "confirmPassword": "%>"
      }

      at Object.log [as handleSubmit] (src/hooks/useRegistrationForm.ts:284:13)

    console.log
      [2026-02-08T19:37:12.113Z] Current errors: {}

      at Object.log [as handleSubmit] (src/hooks/useRegistrationForm.ts:285:13)

    console.log
      [2026-02-08T19:37:12.113Z] Is rate limited: false

      at Object.log [as handleSubmit] (src/hooks/useRegistrationForm.ts:286:13)

    console.log
      [2026-02-08T19:37:12.113Z] Validation result: false

      at Object.log [as handleSubmit] (src/hooks/useRegistrationForm.ts:296:13)

    console.log
      [2026-02-08T19:37:12.113Z] ❌ Form submission blocked: validation failed

      at Object.log [as handleSubmit] (src/hooks/useRegistrationForm.ts:298:15)

    console.log
      [2026-02-08T19:37:12.113Z] Validation errors: {}

      at Object.log [as handleSubmit] (src/hooks/useRegistrationForm.ts:299:15)

    console.log
      ✅ preventDefault() called FIRST (stopPropagation also called if available)

      at Object.log [as handleSubmit] (src/hooks/useRegistrationForm.ts:277:13)

    console.log
      [2026-02-08T19:37:12.121Z] ========== FORM SUBMISSION STARTED ==========

      at Object.log [as handleSubmit] (src/hooks/useRegistrationForm.ts:280:13)

    console.log
      [2026-02-08T19:37:12.121Z] Event defaultPrevented: undefined

      at Object.log [as handleSubmit] (src/hooks/useRegistrationForm.ts:281:13)

    console.log
      [2026-02-08T19:37:12.121Z] Event type: undefined

      at Object.log [as handleSubmit] (src/hooks/useRegistrationForm.ts:282:13)

    console.log
      [2026-02-08T19:37:12.121Z] Event target: undefined

      at Object.log [as handleSubmit] (src/hooks/useRegistrationForm.ts:283:13)

    console.log
      [2026-02-08T19:37:12.121Z] Form data: {
        "fullName": "John Doe",
        "email": "test@example.com",
        "password": "/d?y=)>?_-s Hjk~7",
        "confirmPassword": "key"
      }

      at Object.log [as handleSubmit] (src/hooks/useRegistrationForm.ts:284:13)

    console.log
      [2026-02-08T19:37:12.121Z] Current errors: {}

      at Object.log [as handleSubmit] (src/hooks/useRegistrationForm.ts:285:13)

    console.log
      [2026-02-08T19:37:12.121Z] Is rate limited: false

      at Object.log [as handleSubmit] (src/hooks/useRegistrationForm.ts:286:13)

    console.log
      [2026-02-08T19:37:12.121Z] Validation result: false

      at Object.log [as handleSubmit] (src/hooks/useRegistrationForm.ts:296:13)

    console.log
      [2026-02-08T19:37:12.121Z] ❌ Form submission blocked: validation failed

      at Object.log [as handleSubmit] (src/hooks/useRegistrationForm.ts:298:15)

    console.log
      [2026-02-08T19:37:12.121Z] Validation errors: {}

      at Object.log [as handleSubmit] (src/hooks/useRegistrationForm.ts:299:15)

    console.log
      ✅ preventDefault() called FIRST (stopPropagation also called if available)

      at Object.log [as handleSubmit] (src/hooks/useRegistrationForm.ts:277:13)

    console.log
      [2026-02-08T19:37:12.123Z] ========== FORM SUBMISSION STARTED ==========

      at Object.log [as handleSubmit] (src/hooks/useRegistrationForm.ts:280:13)

    console.log
      [2026-02-08T19:37:12.123Z] Event defaultPrevented: undefined

      at Object.log [as handleSubmit] (src/hooks/useRegistrationForm.ts:281:13)

    console.log
      [2026-02-08T19:37:12.123Z] Event type: undefined

      at Object.log [as handleSubmit] (src/hooks/useRegistrationForm.ts:282:13)

    console.log
      [2026-02-08T19:37:12.123Z] Event target: undefined

      at Object.log [as handleSubmit] (src/hooks/useRegistrationForm.ts:283:13)

    console.log
      [2026-02-08T19:37:12.123Z] Form data: {
        "fullName": "John Doe",
        "email": "test@example.com",
        "password": "9UXtdZ\",X`sKh",
        "confirmPassword": "?L:hiOcO+\\"
      }

      at Object.log [as handleSubmit] (src/hooks/useRegistrationForm.ts:284:13)

    console.log
      [2026-02-08T19:37:12.123Z] Current errors: {}

      at Object.log [as handleSubmit] (src/hooks/useRegistrationForm.ts:285:13)

    console.log
      [2026-02-08T19:37:12.123Z] Is rate limited: false

      at Object.log [as handleSubmit] (src/hooks/useRegistrationForm.ts:286:13)

    console.log
      [2026-02-08T19:37:12.123Z] Validation result: false

      at Object.log [as handleSubmit] (src/hooks/useRegistrationForm.ts:296:13)

    console.log
      [2026-02-08T19:37:12.123Z] ❌ Form submission blocked: validation failed

      at Object.log [as handleSubmit] (src/hooks/useRegistrationForm.ts:298:15)

    console.log
      [2026-02-08T19:37:12.123Z] Validation errors: {}

      at Object.log [as handleSubmit] (src/hooks/useRegistrationForm.ts:299:15)

    console.log
      ✅ preventDefault() called FIRST (stopPropagation also called if available)

      at Object.log [as handleSubmit] (src/hooks/useRegistrationForm.ts:277:13)

    console.log
      [2026-02-08T19:37:12.126Z] ========== FORM SUBMISSION STARTED ==========

      at Object.log [as handleSubmit] (src/hooks/useRegistrationForm.ts:280:13)

    console.log
      [2026-02-08T19:37:12.126Z] Event defaultPrevented: undefined

      at Object.log [as handleSubmit] (src/hooks/useRegistrationForm.ts:281:13)

    console.log
      [2026-02-08T19:37:12.126Z] Event type: undefined

      at Object.log [as handleSubmit] (src/hooks/useRegistrationForm.ts:282:13)

    console.log
      [2026-02-08T19:37:12.126Z] Event target: undefined

      at Object.log [as handleSubmit] (src/hooks/useRegistrationForm.ts:283:13)

    console.log
      [2026-02-08T19:37:12.126Z] Form data: {
        "fullName": "John Doe",
        "email": "test@example.com",
        "password": "/1%.{m'[Mqw\\!VLl689y",
        "confirmPassword": "^X^"
      }

      at Object.log [as handleSubmit] (src/hooks/useRegistrationForm.ts:284:13)

    console.log
      [2026-02-08T19:37:12.126Z] Current errors: {}

      at Object.log [as handleSubmit] (src/hooks/useRegistrationForm.ts:285:13)

    console.log
      [2026-02-08T19:37:12.126Z] Is rate limited: false

      at Object.log [as handleSubmit] (src/hooks/useRegistrationForm.ts:286:13)

    console.log
      [2026-02-08T19:37:12.126Z] Validation result: false

      at Object.log [as handleSubmit] (src/hooks/useRegistrationForm.ts:296:13)

    console.log
      [2026-02-08T19:37:12.126Z] ❌ Form submission blocked: validation failed

      at Object.log [as handleSubmit] (src/hooks/useRegistrationForm.ts:298:15)

    console.log
      [2026-02-08T19:37:12.126Z] Validation errors: {}

      at Object.log [as handleSubmit] (src/hooks/useRegistrationForm.ts:299:15)

    console.log
      ✅ preventDefault() called FIRST (stopPropagation also called if available)

      at Object.log [as handleSubmit] (src/hooks/useRegistrationForm.ts:277:13)

    console.log
      [2026-02-08T19:37:12.129Z] ========== FORM SUBMISSION STARTED ==========

      at Object.log [as handleSubmit] (src/hooks/useRegistrationForm.ts:280:13)

    console.log
      [2026-02-08T19:37:12.129Z] Event defaultPrevented: undefined

      at Object.log [as handleSubmit] (src/hooks/useRegistrationForm.ts:281:13)

    console.log
      [2026-02-08T19:37:12.129Z] Event type: undefined

      at Object.log [as handleSubmit] (src/hooks/useRegistrationForm.ts:282:13)

    console.log
      [2026-02-08T19:37:12.129Z] Event target: undefined

      at Object.log [as handleSubmit] (src/hooks/useRegistrationForm.ts:283:13)

    console.log
      [2026-02-08T19:37:12.129Z] Form data: {
        "fullName": "John Doe",
        "email": "test@example.com",
        "password": "[5Agt@!xi&[E(A%E3PKk1*",
        "confirmPassword": "c"
      }

      at Object.log [as handleSubmit] (src/hooks/useRegistrationForm.ts:284:13)

    console.log
      [2026-02-08T19:37:12.129Z] Current errors: {}

      at Object.log [as handleSubmit] (src/hooks/useRegistrationForm.ts:285:13)

    console.log
      [2026-02-08T19:37:12.129Z] Is rate limited: false

      at Object.log [as handleSubmit] (src/hooks/useRegistrationForm.ts:286:13)

    console.log
      [2026-02-08T19:37:12.129Z] Validation result: false

      at Object.log [as handleSubmit] (src/hooks/useRegistrationForm.ts:296:13)

    console.log
      [2026-02-08T19:37:12.129Z] ❌ Form submission blocked: validation failed

      at Object.log [as handleSubmit] (src/hooks/useRegistrationForm.ts:298:15)

    console.log
      [2026-02-08T19:37:12.129Z] Validation errors: {}

      at Object.log [as handleSubmit] (src/hooks/useRegistrationForm.ts:299:15)

    console.log
      ✅ preventDefault() called FIRST (stopPropagation also called if available)

      at Object.log [as handleSubmit] (src/hooks/useRegistrationForm.ts:277:13)

    console.log
      [2026-02-08T19:37:12.131Z] ========== FORM SUBMISSION STARTED ==========

      at Object.log [as handleSubmit] (src/hooks/useRegistrationForm.ts:280:13)

    console.log
      [2026-02-08T19:37:12.131Z] Event defaultPrevented: undefined

      at Object.log [as handleSubmit] (src/hooks/useRegistrationForm.ts:281:13)

    console.log
      [2026-02-08T19:37:12.131Z] Event type: undefined

      at Object.log [as handleSubmit] (src/hooks/useRegistrationForm.ts:282:13)

    console.log
      [2026-02-08T19:37:12.131Z] Event target: undefined

      at Object.log [as handleSubmit] (src/hooks/useRegistrationForm.ts:283:13)

    console.log
      [2026-02-08T19:37:12.131Z] Form data: {
        "fullName": "John Doe",
        "email": "test@example.com",
        "password": "$Qq2'~KtOophnjfk",
        "confirmPassword": ""
      }

      at Object.log [as handleSubmit] (src/hooks/useRegistrationForm.ts:284:13)

    console.log
      [2026-02-08T19:37:12.131Z] Current errors: {}

      at Object.log [as handleSubmit] (src/hooks/useRegistrationForm.ts:285:13)

    console.log
      [2026-02-08T19:37:12.131Z] Is rate limited: false

      at Object.log [as handleSubmit] (src/hooks/useRegistrationForm.ts:286:13)

    console.log
      [2026-02-08T19:37:12.131Z] Validation result: false

      at Object.log [as handleSubmit] (src/hooks/useRegistrationForm.ts:296:13)

    console.log
      [2026-02-08T19:37:12.131Z] ❌ Form submission blocked: validation failed

      at Object.log [as handleSubmit] (src/hooks/useRegistrationForm.ts:298:15)

    console.log
      [2026-02-08T19:37:12.131Z] Validation errors: {}

      at Object.log [as handleSubmit] (src/hooks/useRegistrationForm.ts:299:15)

    console.log
      ✅ preventDefault() called FIRST (stopPropagation also called if available)

      at Object.log [as handleSubmit] (src/hooks/useRegistrationForm.ts:277:13)

    console.log
      [2026-02-08T19:37:12.135Z] ========== FORM SUBMISSION STARTED ==========

      at Object.log [as handleSubmit] (src/hooks/useRegistrationForm.ts:280:13)

    console.log
      [2026-02-08T19:37:12.135Z] Event defaultPrevented: undefined

      at Object.log [as handleSubmit] (src/hooks/useRegistrationForm.ts:281:13)

    console.log
      [2026-02-08T19:37:12.135Z] Event type: undefined

      at Object.log [as handleSubmit] (src/hooks/useRegistrationForm.ts:282:13)

    console.log
      [2026-02-08T19:37:12.135Z] Event target: undefined

      at Object.log [as handleSubmit] (src/hooks/useRegistrationForm.ts:283:13)

    console.log
      [2026-02-08T19:37:12.135Z] Form data: {
        "fullName": "John Doe",
        "email": "test@example.com",
        "password": "\"@;%2yC!%0]##&R",
        "confirmPassword": ""
      }

      at Object.log [as handleSubmit] (src/hooks/useRegistrationForm.ts:284:13)

    console.log
      [2026-02-08T19:37:12.135Z] Current errors: {}

      at Object.log [as handleSubmit] (src/hooks/useRegistrationForm.ts:285:13)

    console.log
      [2026-02-08T19:37:12.135Z] Is rate limited: false

      at Object.log [as handleSubmit] (src/hooks/useRegistrationForm.ts:286:13)

    console.log
      [2026-02-08T19:37:12.135Z] Validation result: false

      at Object.log [as handleSubmit] (src/hooks/useRegistrationForm.ts:296:13)

    console.log
      [2026-02-08T19:37:12.135Z] ❌ Form submission blocked: validation failed

      at Object.log [as handleSubmit] (src/hooks/useRegistrationForm.ts:298:15)

    console.log
      [2026-02-08T19:37:12.135Z] Validation errors: {}

      at Object.log [as handleSubmit] (src/hooks/useRegistrationForm.ts:299:15)

    console.log
      ✅ preventDefault() called FIRST (stopPropagation also called if available)

      at Object.log [as handleSubmit] (src/hooks/useRegistrationForm.ts:277:13)

    console.log
      [2026-02-08T19:37:12.136Z] ========== FORM SUBMISSION STARTED ==========

      at Object.log [as handleSubmit] (src/hooks/useRegistrationForm.ts:280:13)

    console.log
      [2026-02-08T19:37:12.136Z] Event defaultPrevented: undefined

      at Object.log [as handleSubmit] (src/hooks/useRegistrationForm.ts:281:13)

    console.log
      [2026-02-08T19:37:12.136Z] Event type: undefined

      at Object.log [as handleSubmit] (src/hooks/useRegistrationForm.ts:282:13)

    console.log
      [2026-02-08T19:37:12.136Z] Event target: undefined

      at Object.log [as handleSubmit] (src/hooks/useRegistrationForm.ts:283:13)

    console.log
      [2026-02-08T19:37:12.136Z] Form data: {
        "fullName": "John Doe",
        "email": "test@example.com",
        "password": ",&~635R-\\^c@tkoBHLxj{",
        "confirmPassword": "ng4K~~p\"x"
      }

      at Object.log [as handleSubmit] (src/hooks/useRegistrationForm.ts:284:13)

    console.log
      [2026-02-08T19:37:12.136Z] Current errors: {}

      at Object.log [as handleSubmit] (src/hooks/useRegistrationForm.ts:285:13)

    console.log
      [2026-02-08T19:37:12.136Z] Is rate limited: false

      at Object.log [as handleSubmit] (src/hooks/useRegistrationForm.ts:286:13)

    console.log
      [2026-02-08T19:37:12.136Z] Validation result: false

      at Object.log [as handleSubmit] (src/hooks/useRegistrationForm.ts:296:13)

    console.log
      [2026-02-08T19:37:12.136Z] ❌ Form submission blocked: validation failed

      at Object.log [as handleSubmit] (src/hooks/useRegistrationForm.ts:298:15)

    console.log
      [2026-02-08T19:37:12.136Z] Validation errors: {}

      at Object.log [as handleSubmit] (src/hooks/useRegistrationForm.ts:299:15)

    console.log
      ✅ preventDefault() called FIRST (stopPropagation also called if available)

      at Object.log [as handleSubmit] (src/hooks/useRegistrationForm.ts:277:13)

    console.log
      [2026-02-08T19:37:12.140Z] ========== FORM SUBMISSION STARTED ==========

      at Object.log [as handleSubmit] (src/hooks/useRegistrationForm.ts:280:13)

    console.log
      [2026-02-08T19:37:12.140Z] Event defaultPrevented: undefined

      at Object.log [as handleSubmit] (src/hooks/useRegistrationForm.ts:281:13)

    console.log
      [2026-02-08T19:37:12.140Z] Event type: undefined

      at Object.log [as handleSubmit] (src/hooks/useRegistrationForm.ts:282:13)

    console.log
      [2026-02-08T19:37:12.140Z] Event target: undefined

      at Object.log [as handleSubmit] (src/hooks/useRegistrationForm.ts:283:13)

    console.log
      [2026-02-08T19:37:12.140Z] Form data: {
        "fullName": "John Doe",
        "email": "test@example.com",
        "password": "{%pZd2<DtAApn|",
        "confirmPassword": "Va=IA:y"
      }

      at Object.log [as handleSubmit] (src/hooks/useRegistrationForm.ts:284:13)

    console.log
      [2026-02-08T19:37:12.140Z] Current errors: {}

      at Object.log [as handleSubmit] (src/hooks/useRegistrationForm.ts:285:13)

    console.log
      [2026-02-08T19:37:12.140Z] Is rate limited: false

      at Object.log [as handleSubmit] (src/hooks/useRegistrationForm.ts:286:13)

    console.log
      [2026-02-08T19:37:12.140Z] Validation result: false

      at Object.log [as handleSubmit] (src/hooks/useRegistrationForm.ts:296:13)

    console.log
      [2026-02-08T19:37:12.140Z] ❌ Form submission blocked: validation failed

      at Object.log [as handleSubmit] (src/hooks/useRegistrationForm.ts:298:15)

    console.log
      [2026-02-08T19:37:12.140Z] Validation errors: {}

      at Object.log [as handleSubmit] (src/hooks/useRegistrationForm.ts:299:15)

    console.log
      ✅ preventDefault() called FIRST (stopPropagation also called if available)

      at Object.log [as handleSubmit] (src/hooks/useRegistrationForm.ts:277:13)

    console.log
      [2026-02-08T19:37:12.141Z] ========== FORM SUBMISSION STARTED ==========

      at Object.log [as handleSubmit] (src/hooks/useRegistrationForm.ts:280:13)

    console.log
      [2026-02-08T19:37:12.141Z] Event defaultPrevented: undefined

      at Object.log [as handleSubmit] (src/hooks/useRegistrationForm.ts:281:13)

    console.log
      [2026-02-08T19:37:12.141Z] Event type: undefined

      at Object.log [as handleSubmit] (src/hooks/useRegistrationForm.ts:282:13)

    console.log
      [2026-02-08T19:37:12.141Z] Event target: undefined

      at Object.log [as handleSubmit] (src/hooks/useRegistrationForm.ts:283:13)

    console.log
      [2026-02-08T19:37:12.141Z] Form data: {
        "fullName": "John Doe",
        "email": "test@example.com",
        "password": "eJygk)T5@O!x'Q6",
        "confirmPassword": "[nP^_aa'.Y"
      }

      at Object.log [as handleSubmit] (src/hooks/useRegistrationForm.ts:284:13)

    console.log
      [2026-02-08T19:37:12.141Z] Current errors: {}

      at Object.log [as handleSubmit] (src/hooks/useRegistrationForm.ts:285:13)

    console.log
      [2026-02-08T19:37:12.141Z] Is rate limited: false

      at Object.log [as handleSubmit] (src/hooks/useRegistrationForm.ts:286:13)

    console.log
      [2026-02-08T19:37:12.141Z] Validation result: false

      at Object.log [as handleSubmit] (src/hooks/useRegistrationForm.ts:296:13)

    console.log
      [2026-02-08T19:37:12.141Z] ❌ Form submission blocked: validation failed

      at Object.log [as handleSubmit] (src/hooks/useRegistrationForm.ts:298:15)

    console.log
      [2026-02-08T19:37:12.141Z] Validation errors: {}

      at Object.log [as handleSubmit] (src/hooks/useRegistrationForm.ts:299:15)

    console.log
      ✅ preventDefault() called FIRST (stopPropagation also called if available)

      at Object.log [as handleSubmit] (src/hooks/useRegistrationForm.ts:277:13)

    console.log
      [2026-02-08T19:37:12.143Z] ========== FORM SUBMISSION STARTED ==========

      at Object.log [as handleSubmit] (src/hooks/useRegistrationForm.ts:280:13)

    console.log
      [2026-02-08T19:37:12.143Z] Event defaultPrevented: undefined

      at Object.log [as handleSubmit] (src/hooks/useRegistrationForm.ts:281:13)

    console.log
      [2026-02-08T19:37:12.143Z] Event type: undefined

      at Object.log [as handleSubmit] (src/hooks/useRegistrationForm.ts:282:13)

    console.log
      [2026-02-08T19:37:12.143Z] Event target: undefined

      at Object.log [as handleSubmit] (src/hooks/useRegistrationForm.ts:283:13)

    console.log
      [2026-02-08T19:37:12.143Z] Form data: {
        "fullName": "John Doe",
        "email": "test@example.com",
        "password": "Ex\\j^qvdB^X.KP28__LDe",
        "confirmPassword": "J#% 6{o"
      }

      at Object.log [as handleSubmit] (src/hooks/useRegistrationForm.ts:284:13)

    console.log
      [2026-02-08T19:37:12.143Z] Current errors: {}

      at Object.log [as handleSubmit] (src/hooks/useRegistrationForm.ts:285:13)

    console.log
      [2026-02-08T19:37:12.143Z] Is rate limited: false

      at Object.log [as handleSubmit] (src/hooks/useRegistrationForm.ts:286:13)

    console.log
      [2026-02-08T19:37:12.143Z] Validation result: false

      at Object.log [as handleSubmit] (src/hooks/useRegistrationForm.ts:296:13)

    console.log
      [2026-02-08T19:37:12.143Z] ❌ Form submission blocked: validation failed

      at Object.log [as handleSubmit] (src/hooks/useRegistrationForm.ts:298:15)

    console.log
      [2026-02-08T19:37:12.143Z] Validation errors: {}

      at Object.log [as handleSubmit] (src/hooks/useRegistrationForm.ts:299:15)

    console.log
      ✅ preventDefault() called FIRST (stopPropagation also called if available)

      at Object.log [as handleSubmit] (src/hooks/useRegistrationForm.ts:277:13)

    console.log
      [2026-02-08T19:37:12.144Z] ========== FORM SUBMISSION STARTED ==========

      at Object.log [as handleSubmit] (src/hooks/useRegistrationForm.ts:280:13)

    console.log
      [2026-02-08T19:37:12.144Z] Event defaultPrevented: undefined

      at Object.log [as handleSubmit] (src/hooks/useRegistrationForm.ts:281:13)

    console.log
      [2026-02-08T19:37:12.144Z] Event type: undefined

      at Object.log [as handleSubmit] (src/hooks/useRegistrationForm.ts:282:13)

    console.log
      [2026-02-08T19:37:12.144Z] Event target: undefined

      at Object.log [as handleSubmit] (src/hooks/useRegistrationForm.ts:283:13)

    console.log
      [2026-02-08T19:37:12.144Z] Form data: {
        "fullName": "John Doe",
        "email": "test@example.com",
        "password": "'na.jB7 6%^qm!O_MS!YIdFHsL",
        "confirmPassword": "^o\"7"
      }

      at Object.log [as handleSubmit] (src/hooks/useRegistrationForm.ts:284:13)

    console.log
      [2026-02-08T19:37:12.144Z] Current errors: {}

      at Object.log [as handleSubmit] (src/hooks/useRegistrationForm.ts:285:13)

    console.log
      [2026-02-08T19:37:12.144Z] Is rate limited: false

      at Object.log [as handleSubmit] (src/hooks/useRegistrationForm.ts:286:13)

    console.log
      [2026-02-08T19:37:12.144Z] Validation result: false

      at Object.log [as handleSubmit] (src/hooks/useRegistrationForm.ts:296:13)

    console.log
      [2026-02-08T19:37:12.144Z] ❌ Form submission blocked: validation failed

      at Object.log [as handleSubmit] (src/hooks/useRegistrationForm.ts:298:15)

    console.log
      [2026-02-08T19:37:12.144Z] Validation errors: {}

      at Object.log [as handleSubmit] (src/hooks/useRegistrationForm.ts:299:15)

    console.log
      ✅ preventDefault() called FIRST (stopPropagation also called if available)

      at Object.log [as handleSubmit] (src/hooks/useRegistrationForm.ts:277:13)

    console.log
      [2026-02-08T19:37:12.145Z] ========== FORM SUBMISSION STARTED ==========

      at Object.log [as handleSubmit] (src/hooks/useRegistrationForm.ts:280:13)

    console.log
      [2026-02-08T19:37:12.145Z] Event defaultPrevented: undefined

      at Object.log [as handleSubmit] (src/hooks/useRegistrationForm.ts:281:13)

    console.log
      [2026-02-08T19:37:12.145Z] Event type: undefined

      at Object.log [as handleSubmit] (src/hooks/useRegistrationForm.ts:282:13)

    console.log
      [2026-02-08T19:37:12.145Z] Event target: undefined

      at Object.log [as handleSubmit] (src/hooks/useRegistrationForm.ts:283:13)

    console.log
      [2026-02-08T19:37:12.145Z] Form data: {
        "fullName": "John Doe",
        "email": "test@example.com",
        "password": "^z4y(}Fq.X",
        "confirmPassword": "H,(^"
      }

      at Object.log [as handleSubmit] (src/hooks/useRegistrationForm.ts:284:13)

    console.log
      [2026-02-08T19:37:12.145Z] Current errors: {}

      at Object.log [as handleSubmit] (src/hooks/useRegistrationForm.ts:285:13)

    console.log
      [2026-02-08T19:37:12.145Z] Is rate limited: false

      at Object.log [as handleSubmit] (src/hooks/useRegistrationForm.ts:286:13)

    console.log
      [2026-02-08T19:37:12.145Z] Validation result: false

      at Object.log [as handleSubmit] (src/hooks/useRegistrationForm.ts:296:13)

    console.log
      [2026-02-08T19:37:12.145Z] ❌ Form submission blocked: validation failed

      at Object.log [as handleSubmit] (src/hooks/useRegistrationForm.ts:298:15)

    console.log
      [2026-02-08T19:37:12.145Z] Validation errors: {}

      at Object.log [as handleSubmit] (src/hooks/useRegistrationForm.ts:299:15)

    console.log
      ✅ preventDefault() called FIRST (stopPropagation also called if available)

      at Object.log [as handleSubmit] (src/hooks/useRegistrationForm.ts:277:13)

    console.log
      [2026-02-08T19:37:12.147Z] ========== FORM SUBMISSION STARTED ==========

      at Object.log [as handleSubmit] (src/hooks/useRegistrationForm.ts:280:13)

    console.log
      [2026-02-08T19:37:12.147Z] Event defaultPrevented: undefined

      at Object.log [as handleSubmit] (src/hooks/useRegistrationForm.ts:281:13)

    console.log
      [2026-02-08T19:37:12.147Z] Event type: undefined

      at Object.log [as handleSubmit] (src/hooks/useRegistrationForm.ts:282:13)

    console.log
      [2026-02-08T19:37:12.147Z] Event target: undefined

      at Object.log [as handleSubmit] (src/hooks/useRegistrationForm.ts:283:13)

    console.log
      [2026-02-08T19:37:12.147Z] Form data: {
        "fullName": "John Doe",
        "email": "test@example.com",
        "password": "^E[4AD*9OZ$~tja{uV \\\"8VHr",
        "confirmPassword": "^W"
      }

      at Object.log [as handleSubmit] (src/hooks/useRegistrationForm.ts:284:13)

    console.log
      [2026-02-08T19:37:12.147Z] Current errors: {}

      at Object.log [as handleSubmit] (src/hooks/useRegistrationForm.ts:285:13)

    console.log
      [2026-02-08T19:37:12.147Z] Is rate limited: false

      at Object.log [as handleSubmit] (src/hooks/useRegistrationForm.ts:286:13)

    console.log
      [2026-02-08T19:37:12.147Z] Validation result: false

      at Object.log [as handleSubmit] (src/hooks/useRegistrationForm.ts:296:13)

    console.log
      [2026-02-08T19:37:12.147Z] ❌ Form submission blocked: validation failed

      at Object.log [as handleSubmit] (src/hooks/useRegistrationForm.ts:298:15)

    console.log
      [2026-02-08T19:37:12.147Z] Validation errors: {}

      at Object.log [as handleSubmit] (src/hooks/useRegistrationForm.ts:299:15)

    console.log
      ✅ preventDefault() called FIRST (stopPropagation also called if available)

      at Object.log [as handleSubmit] (src/hooks/useRegistrationForm.ts:277:13)

    console.log
      [2026-02-08T19:37:12.149Z] ========== FORM SUBMISSION STARTED ==========

      at Object.log [as handleSubmit] (src/hooks/useRegistrationForm.ts:280:13)

    console.log
      [2026-02-08T19:37:12.149Z] Event defaultPrevented: undefined

      at Object.log [as handleSubmit] (src/hooks/useRegistrationForm.ts:281:13)

    console.log
      [2026-02-08T19:37:12.149Z] Event type: undefined

      at Object.log [as handleSubmit] (src/hooks/useRegistrationForm.ts:282:13)

    console.log
      [2026-02-08T19:37:12.149Z] Event target: undefined

      at Object.log [as handleSubmit] (src/hooks/useRegistrationForm.ts:283:13)

    console.log
      [2026-02-08T19:37:12.149Z] Form data: {
        "fullName": "John Doe",
        "email": "test@example.com",
        "password": "\\`Y&emYfEI/u(3NQyr}Pn",
        "confirmPassword": "g"
      }

      at Object.log [as handleSubmit] (src/hooks/useRegistrationForm.ts:284:13)

    console.log
      [2026-02-08T19:37:12.149Z] Current errors: {}

      at Object.log [as handleSubmit] (src/hooks/useRegistrationForm.ts:285:13)

    console.log
      [2026-02-08T19:37:12.149Z] Is rate limited: false

      at Object.log [as handleSubmit] (src/hooks/useRegistrationForm.ts:286:13)

    console.log
      [2026-02-08T19:37:12.149Z] Validation result: false

      at Object.log [as handleSubmit] (src/hooks/useRegistrationForm.ts:296:13)

    console.log
      [2026-02-08T19:37:12.149Z] ❌ Form submission blocked: validation failed

      at Object.log [as handleSubmit] (src/hooks/useRegistrationForm.ts:298:15)

    console.log
      [2026-02-08T19:37:12.149Z] Validation errors: {}

      at Object.log [as handleSubmit] (src/hooks/useRegistrationForm.ts:299:15)

    console.log
      ✅ preventDefault() called FIRST (stopPropagation also called if available)

      at Object.log [as handleSubmit] (src/hooks/useRegistrationForm.ts:277:13)

    console.log
      [2026-02-08T19:37:12.153Z] ========== FORM SUBMISSION STARTED ==========

      at Object.log [as handleSubmit] (src/hooks/useRegistrationForm.ts:280:13)

    console.log
      [2026-02-08T19:37:12.153Z] Event defaultPrevented: undefined

      at Object.log [as handleSubmit] (src/hooks/useRegistrationForm.ts:281:13)

    console.log
      [2026-02-08T19:37:12.153Z] Event type: undefined

      at Object.log [as handleSubmit] (src/hooks/useRegistrationForm.ts:282:13)

    console.log
      [2026-02-08T19:37:12.153Z] Event target: undefined

      at Object.log [as handleSubmit] (src/hooks/useRegistrationForm.ts:283:13)

    console.log
      [2026-02-08T19:37:12.153Z] Form data: {
        "fullName": "John Doe",
        "email": "test@example.com",
        "password": "[0M,h3;ec= \"T(",
        "confirmPassword": "$*k%!#Vq1p"
      }

      at Object.log [as handleSubmit] (src/hooks/useRegistrationForm.ts:284:13)

    console.log
      [2026-02-08T19:37:12.153Z] Current errors: {}

      at Object.log [as handleSubmit] (src/hooks/useRegistrationForm.ts:285:13)

    console.log
      [2026-02-08T19:37:12.153Z] Is rate limited: false

      at Object.log [as handleSubmit] (src/hooks/useRegistrationForm.ts:286:13)

    console.log
      [2026-02-08T19:37:12.153Z] Validation result: false

      at Object.log [as handleSubmit] (src/hooks/useRegistrationForm.ts:296:13)

    console.log
      [2026-02-08T19:37:12.153Z] ❌ Form submission blocked: validation failed

      at Object.log [as handleSubmit] (src/hooks/useRegistrationForm.ts:298:15)

    console.log
      [2026-02-08T19:37:12.153Z] Validation errors: {}

      at Object.log [as handleSubmit] (src/hooks/useRegistrationForm.ts:299:15)

    console.log
      ✅ preventDefault() called FIRST (stopPropagation also called if available)

      at Object.log [as handleSubmit] (src/hooks/useRegistrationForm.ts:277:13)

    console.log
      [2026-02-08T19:37:12.155Z] ========== FORM SUBMISSION STARTED ==========

      at Object.log [as handleSubmit] (src/hooks/useRegistrationForm.ts:280:13)

    console.log
      [2026-02-08T19:37:12.155Z] Event defaultPrevented: undefined

      at Object.log [as handleSubmit] (src/hooks/useRegistrationForm.ts:281:13)

    console.log
      [2026-02-08T19:37:12.155Z] Event type: undefined

      at Object.log [as handleSubmit] (src/hooks/useRegistrationForm.ts:282:13)

    console.log
      [2026-02-08T19:37:12.155Z] Event target: undefined

      at Object.log [as handleSubmit] (src/hooks/useRegistrationForm.ts:283:13)

    console.log
      [2026-02-08T19:37:12.155Z] Form data: {
        "fullName": "John Doe",
        "email": "test@example.com",
        "password": "V+[4YIm4&@lj1wydDq9o",
        "confirmPassword": "qiU@t:=:;M"
      }

      at Object.log [as handleSubmit] (src/hooks/useRegistrationForm.ts:284:13)

    console.log
      [2026-02-08T19:37:12.155Z] Current errors: {}

      at Object.log [as handleSubmit] (src/hooks/useRegistrationForm.ts:285:13)

    console.log
      [2026-02-08T19:37:12.155Z] Is rate limited: false

      at Object.log [as handleSubmit] (src/hooks/useRegistrationForm.ts:286:13)

    console.log
      [2026-02-08T19:37:12.155Z] Validation result: false

      at Object.log [as handleSubmit] (src/hooks/useRegistrationForm.ts:296:13)

    console.log
      [2026-02-08T19:37:12.155Z] ❌ Form submission blocked: validation failed

      at Object.log [as handleSubmit] (src/hooks/useRegistrationForm.ts:298:15)

    console.log
      [2026-02-08T19:37:12.155Z] Validation errors: {}

      at Object.log [as handleSubmit] (src/hooks/useRegistrationForm.ts:299:15)

    console.log
      ✅ preventDefault() called FIRST (stopPropagation also called if available)

      at Object.log [as handleSubmit] (src/hooks/useRegistrationForm.ts:277:13)

    console.log
      [2026-02-08T19:37:12.158Z] ========== FORM SUBMISSION STARTED ==========

      at Object.log [as handleSubmit] (src/hooks/useRegistrationForm.ts:280:13)

    console.log
      [2026-02-08T19:37:12.158Z] Event defaultPrevented: undefined

      at Object.log [as handleSubmit] (src/hooks/useRegistrationForm.ts:281:13)

    console.log
      [2026-02-08T19:37:12.158Z] Event type: undefined

      at Object.log [as handleSubmit] (src/hooks/useRegistrationForm.ts:282:13)

    console.log
      [2026-02-08T19:37:12.158Z] Event target: undefined

      at Object.log [as handleSubmit] (src/hooks/useRegistrationForm.ts:283:13)

    console.log
      [2026-02-08T19:37:12.158Z] Form data: {
        "fullName": "John Doe",
        "email": "test@example.com",
        "password": "9\\{;~cplby|$$z# R{#\"JD%u9",
        "confirmPassword": "rogarQS"
      }

      at Object.log [as handleSubmit] (src/hooks/useRegistrationForm.ts:284:13)

    console.log
      [2026-02-08T19:37:12.158Z] Current errors: {}

      at Object.log [as handleSubmit] (src/hooks/useRegistrationForm.ts:285:13)

    console.log
      [2026-02-08T19:37:12.158Z] Is rate limited: false

      at Object.log [as handleSubmit] (src/hooks/useRegistrationForm.ts:286:13)

    console.log
      [2026-02-08T19:37:12.158Z] Validation result: false

      at Object.log [as handleSubmit] (src/hooks/useRegistrationForm.ts:296:13)

    console.log
      [2026-02-08T19:37:12.158Z] ❌ Form submission blocked: validation failed

      at Object.log [as handleSubmit] (src/hooks/useRegistrationForm.ts:298:15)

    console.log
      [2026-02-08T19:37:12.158Z] Validation errors: {}

      at Object.log [as handleSubmit] (src/hooks/useRegistrationForm.ts:299:15)

    console.log
      ✅ preventDefault() called FIRST (stopPropagation also called if available)

      at Object.log [as handleSubmit] (src/hooks/useRegistrationForm.ts:277:13)

    console.log
      [2026-02-08T19:37:12.162Z] ========== FORM SUBMISSION STARTED ==========

      at Object.log [as handleSubmit] (src/hooks/useRegistrationForm.ts:280:13)

    console.log
      [2026-02-08T19:37:12.162Z] Event defaultPrevented: undefined

      at Object.log [as handleSubmit] (src/hooks/useRegistrationForm.ts:281:13)

    console.log
      [2026-02-08T19:37:12.162Z] Event type: undefined

      at Object.log [as handleSubmit] (src/hooks/useRegistrationForm.ts:282:13)

    console.log
      [2026-02-08T19:37:12.162Z] Event target: undefined

      at Object.log [as handleSubmit] (src/hooks/useRegistrationForm.ts:283:13)

    console.log
      [2026-02-08T19:37:12.162Z] Form data: {
        "fullName": "John Doe",
        "email": "test@example.com",
        "password": "MGFJH5$qC[9LLV 27Gv1$N}({,",
        "confirmPassword": "."
      }

      at Object.log [as handleSubmit] (src/hooks/useRegistrationForm.ts:284:13)

    console.log
      [2026-02-08T19:37:12.162Z] Current errors: {}

      at Object.log [as handleSubmit] (src/hooks/useRegistrationForm.ts:285:13)

    console.log
      [2026-02-08T19:37:12.162Z] Is rate limited: false

      at Object.log [as handleSubmit] (src/hooks/useRegistrationForm.ts:286:13)

    console.log
      [2026-02-08T19:37:12.162Z] Validation result: false

      at Object.log [as handleSubmit] (src/hooks/useRegistrationForm.ts:296:13)

    console.log
      [2026-02-08T19:37:12.162Z] ❌ Form submission blocked: validation failed

      at Object.log [as handleSubmit] (src/hooks/useRegistrationForm.ts:298:15)

    console.log
      [2026-02-08T19:37:12.162Z] Validation errors: {}

      at Object.log [as handleSubmit] (src/hooks/useRegistrationForm.ts:299:15)

    console.log
      ✅ preventDefault() called FIRST (stopPropagation also called if available)

      at Object.log [as handleSubmit] (src/hooks/useRegistrationForm.ts:277:13)

    console.log
      [2026-02-08T19:37:12.163Z] ========== FORM SUBMISSION STARTED ==========

      at Object.log [as handleSubmit] (src/hooks/useRegistrationForm.ts:280:13)

    console.log
      [2026-02-08T19:37:12.163Z] Event defaultPrevented: undefined

      at Object.log [as handleSubmit] (src/hooks/useRegistrationForm.ts:281:13)

    console.log
      [2026-02-08T19:37:12.163Z] Event type: undefined

      at Object.log [as handleSubmit] (src/hooks/useRegistrationForm.ts:282:13)

    console.log
      [2026-02-08T19:37:12.163Z] Event target: undefined

      at Object.log [as handleSubmit] (src/hooks/useRegistrationForm.ts:283:13)

    console.log
      [2026-02-08T19:37:12.163Z] Form data: {
        "fullName": "John Doe",
        "email": "test@example.com",
        "password": "A|b[yq$?/7%{62bU ",
        "confirmPassword": "pToQ"
      }

      at Object.log [as handleSubmit] (src/hooks/useRegistrationForm.ts:284:13)

    console.log
      [2026-02-08T19:37:12.163Z] Current errors: {}

      at Object.log [as handleSubmit] (src/hooks/useRegistrationForm.ts:285:13)

    console.log
      [2026-02-08T19:37:12.163Z] Is rate limited: false

      at Object.log [as handleSubmit] (src/hooks/useRegistrationForm.ts:286:13)

    console.log
      [2026-02-08T19:37:12.163Z] Validation result: false

      at Object.log [as handleSubmit] (src/hooks/useRegistrationForm.ts:296:13)

    console.log
      [2026-02-08T19:37:12.163Z] ❌ Form submission blocked: validation failed

      at Object.log [as handleSubmit] (src/hooks/useRegistrationForm.ts:298:15)

    console.log
      [2026-02-08T19:37:12.163Z] Validation errors: {}

      at Object.log [as handleSubmit] (src/hooks/useRegistrationForm.ts:299:15)

    console.log
      ✅ preventDefault() called FIRST (stopPropagation also called if available)

      at Object.log [as handleSubmit] (src/hooks/useRegistrationForm.ts:277:13)

    console.log
      [2026-02-08T19:37:12.167Z] ========== FORM SUBMISSION STARTED ==========

      at Object.log [as handleSubmit] (src/hooks/useRegistrationForm.ts:280:13)

    console.log
      [2026-02-08T19:37:12.167Z] Event defaultPrevented: undefined

      at Object.log [as handleSubmit] (src/hooks/useRegistrationForm.ts:281:13)

    console.log
      [2026-02-08T19:37:12.167Z] Event type: undefined

      at Object.log [as handleSubmit] (src/hooks/useRegistrationForm.ts:282:13)

    console.log
      [2026-02-08T19:37:12.167Z] Event target: undefined

      at Object.log [as handleSubmit] (src/hooks/useRegistrationForm.ts:283:13)

    console.log
      [2026-02-08T19:37:12.167Z] Form data: {
        "fullName": "John Doe",
        "email": "test@example.com",
        "password": "g&\"Nwi3RJ/",
        "confirmPassword": "h9HgVU4>6s"
      }

      at Object.log [as handleSubmit] (src/hooks/useRegistrationForm.ts:284:13)

    console.log
      [2026-02-08T19:37:12.167Z] Current errors: {}

      at Object.log [as handleSubmit] (src/hooks/useRegistrationForm.ts:285:13)

    console.log
      [2026-02-08T19:37:12.167Z] Is rate limited: false

      at Object.log [as handleSubmit] (src/hooks/useRegistrationForm.ts:286:13)

    console.log
      [2026-02-08T19:37:12.167Z] Validation result: false

      at Object.log [as handleSubmit] (src/hooks/useRegistrationForm.ts:296:13)

    console.log
      [2026-02-08T19:37:12.167Z] ❌ Form submission blocked: validation failed

      at Object.log [as handleSubmit] (src/hooks/useRegistrationForm.ts:298:15)

    console.log
      [2026-02-08T19:37:12.167Z] Validation errors: {}

      at Object.log [as handleSubmit] (src/hooks/useRegistrationForm.ts:299:15)

    console.log
      ✅ preventDefault() called FIRST (stopPropagation also called if available)

      at Object.log [as handleSubmit] (src/hooks/useRegistrationForm.ts:277:13)

    console.log
      [2026-02-08T19:37:12.170Z] ========== FORM SUBMISSION STARTED ==========

      at Object.log [as handleSubmit] (src/hooks/useRegistrationForm.ts:280:13)

    console.log
      [2026-02-08T19:37:12.170Z] Event defaultPrevented: undefined

      at Object.log [as handleSubmit] (src/hooks/useRegistrationForm.ts:281:13)

    console.log
      [2026-02-08T19:37:12.170Z] Event type: undefined

      at Object.log [as handleSubmit] (src/hooks/useRegistrationForm.ts:282:13)

    console.log
      [2026-02-08T19:37:12.170Z] Event target: undefined

      at Object.log [as handleSubmit] (src/hooks/useRegistrationForm.ts:283:13)

    console.log
      [2026-02-08T19:37:12.170Z] Form data: {
        "fullName": "John Doe",
        "email": "test@example.com",
        "password": "(VQFYeh_wBdj8AxTNI)",
        "confirmPassword": "gd"
      }

      at Object.log [as handleSubmit] (src/hooks/useRegistrationForm.ts:284:13)

    console.log
      [2026-02-08T19:37:12.170Z] Current errors: {}

      at Object.log [as handleSubmit] (src/hooks/useRegistrationForm.ts:285:13)

    console.log
      [2026-02-08T19:37:12.170Z] Is rate limited: false

      at Object.log [as handleSubmit] (src/hooks/useRegistrationForm.ts:286:13)

    console.log
      [2026-02-08T19:37:12.170Z] Validation result: false

      at Object.log [as handleSubmit] (src/hooks/useRegistrationForm.ts:296:13)

    console.log
      [2026-02-08T19:37:12.170Z] ❌ Form submission blocked: validation failed

      at Object.log [as handleSubmit] (src/hooks/useRegistrationForm.ts:298:15)

    console.log
      [2026-02-08T19:37:12.170Z] Validation errors: {}

      at Object.log [as handleSubmit] (src/hooks/useRegistrationForm.ts:299:15)

    console.log
      ✅ preventDefault() called FIRST (stopPropagation also called if available)

      at Object.log [as handleSubmit] (src/hooks/useRegistrationForm.ts:277:13)

    console.log
      [2026-02-08T19:37:12.173Z] ========== FORM SUBMISSION STARTED ==========

      at Object.log [as handleSubmit] (src/hooks/useRegistrationForm.ts:280:13)

    console.log
      [2026-02-08T19:37:12.173Z] Event defaultPrevented: undefined

      at Object.log [as handleSubmit] (src/hooks/useRegistrationForm.ts:281:13)

    console.log
      [2026-02-08T19:37:12.173Z] Event type: undefined

      at Object.log [as handleSubmit] (src/hooks/useRegistrationForm.ts:282:13)

    console.log
      [2026-02-08T19:37:12.173Z] Event target: undefined

      at Object.log [as handleSubmit] (src/hooks/useRegistrationForm.ts:283:13)

    console.log
      [2026-02-08T19:37:12.173Z] Form data: {
        "fullName": "John Doe",
        "email": "test@example.com",
        "password": " +!LocaleS2;tterN%__lo",
        "confirmPassword": ""
      }

      at Object.log [as handleSubmit] (src/hooks/useRegistrationForm.ts:284:13)

    console.log
      [2026-02-08T19:37:12.173Z] Current errors: {}

      at Object.log [as handleSubmit] (src/hooks/useRegistrationForm.ts:285:13)

    console.log
      [2026-02-08T19:37:12.173Z] Is rate limited: false

      at Object.log [as handleSubmit] (src/hooks/useRegistrationForm.ts:286:13)

    console.log
      [2026-02-08T19:37:12.173Z] Validation result: false

      at Object.log [as handleSubmit] (src/hooks/useRegistrationForm.ts:296:13)

    console.log
      [2026-02-08T19:37:12.173Z] ❌ Form submission blocked: validation failed

      at Object.log [as handleSubmit] (src/hooks/useRegistrationForm.ts:298:15)

    console.log
      [2026-02-08T19:37:12.173Z] Validation errors: {}

      at Object.log [as handleSubmit] (src/hooks/useRegistrationForm.ts:299:15)

    console.log
      ✅ preventDefault() called FIRST (stopPropagation also called if available)

      at Object.log [as handleSubmit] (src/hooks/useRegistrationForm.ts:277:13)

    console.log
      [2026-02-08T19:37:12.189Z] ========== FORM SUBMISSION STARTED ==========

      at Object.log [as handleSubmit] (src/hooks/useRegistrationForm.ts:280:13)

    console.log
      [2026-02-08T19:37:12.189Z] Event defaultPrevented: undefined

      at Object.log [as handleSubmit] (src/hooks/useRegistrationForm.ts:281:13)

    console.log
      [2026-02-08T19:37:12.189Z] Event type: undefined

      at Object.log [as handleSubmit] (src/hooks/useRegistrationForm.ts:282:13)

    console.log
      [2026-02-08T19:37:12.189Z] Event target: undefined

      at Object.log [as handleSubmit] (src/hooks/useRegistrationForm.ts:283:13)

    console.log
      [2026-02-08T19:37:12.189Z] Form data: {
        "fullName": "John Doe",
        "email": "test@example.com",
        "password": "5H%q{J#HT?t#D#j7svHwI|]_5J",
        "confirmPassword": "`X_R,^:<l1"
      }

      at Object.log [as handleSubmit] (src/hooks/useRegistrationForm.ts:284:13)

    console.log
      [2026-02-08T19:37:12.189Z] Current errors: {}

      at Object.log [as handleSubmit] (src/hooks/useRegistrationForm.ts:285:13)

    console.log
      [2026-02-08T19:37:12.189Z] Is rate limited: false

      at Object.log [as handleSubmit] (src/hooks/useRegistrationForm.ts:286:13)

    console.log
      [2026-02-08T19:37:12.189Z] Validation result: false

      at Object.log [as handleSubmit] (src/hooks/useRegistrationForm.ts:296:13)

    console.log
      [2026-02-08T19:37:12.189Z] ❌ Form submission blocked: validation failed

      at Object.log [as handleSubmit] (src/hooks/useRegistrationForm.ts:298:15)

    console.log
      [2026-02-08T19:37:12.189Z] Validation errors: {}

      at Object.log [as handleSubmit] (src/hooks/useRegistrationForm.ts:299:15)

    console.log
      ✅ preventDefault() called FIRST (stopPropagation also called if available)

      at Object.log [as handleSubmit] (src/hooks/useRegistrationForm.ts:277:13)

    console.log
      [2026-02-08T19:37:12.203Z] ========== FORM SUBMISSION STARTED ==========

      at Object.log [as handleSubmit] (src/hooks/useRegistrationForm.ts:280:13)

    console.log
      [2026-02-08T19:37:12.203Z] Event defaultPrevented: undefined

      at Object.log [as handleSubmit] (src/hooks/useRegistrationForm.ts:281:13)

    console.log
      [2026-02-08T19:37:12.203Z] Event type: undefined

      at Object.log [as handleSubmit] (src/hooks/useRegistrationForm.ts:282:13)

    console.log
      [2026-02-08T19:37:12.203Z] Event target: undefined

      at Object.log [as handleSubmit] (src/hooks/useRegistrationForm.ts:283:13)

    console.log
      [2026-02-08T19:37:12.203Z] Form data: {
        "fullName": "John Doe",
        "email": "test@example.com",
        "password": "Q!5x'CDn+EPwP\\rGh1",
        "confirmPassword": ""
      }

      at Object.log [as handleSubmit] (src/hooks/useRegistrationForm.ts:284:13)

    console.log
      [2026-02-08T19:37:12.203Z] Current errors: {}

      at Object.log [as handleSubmit] (src/hooks/useRegistrationForm.ts:285:13)

    console.log
      [2026-02-08T19:37:12.203Z] Is rate limited: false

      at Object.log [as handleSubmit] (src/hooks/useRegistrationForm.ts:286:13)

    console.log
      [2026-02-08T19:37:12.203Z] Validation result: false

      at Object.log [as handleSubmit] (src/hooks/useRegistrationForm.ts:296:13)

    console.log
      [2026-02-08T19:37:12.203Z] ❌ Form submission blocked: validation failed

      at Object.log [as handleSubmit] (src/hooks/useRegistrationForm.ts:298:15)

    console.log
      [2026-02-08T19:37:12.203Z] Validation errors: {}

      at Object.log [as handleSubmit] (src/hooks/useRegistrationForm.ts:299:15)

    console.log
      ✅ preventDefault() called FIRST (stopPropagation also called if available)

      at Object.log [as handleSubmit] (src/hooks/useRegistrationForm.ts:277:13)

    console.log
      [2026-02-08T19:37:12.206Z] ========== FORM SUBMISSION STARTED ==========

      at Object.log [as handleSubmit] (src/hooks/useRegistrationForm.ts:280:13)

    console.log
      [2026-02-08T19:37:12.206Z] Event defaultPrevented: undefined

      at Object.log [as handleSubmit] (src/hooks/useRegistrationForm.ts:281:13)

    console.log
      [2026-02-08T19:37:12.206Z] Event type: undefined

      at Object.log [as handleSubmit] (src/hooks/useRegistrationForm.ts:282:13)

    console.log
      [2026-02-08T19:37:12.206Z] Event target: undefined

      at Object.log [as handleSubmit] (src/hooks/useRegistrationForm.ts:283:13)

    console.log
      [2026-02-08T19:37:12.206Z] Form data: {
        "fullName": "John Doe",
        "email": "test@example.com",
        "password": "GE34< 4IfUCy!o4lz<$FAWGr)",
        "confirmPassword": ".\\GV#?"
      }

      at Object.log [as handleSubmit] (src/hooks/useRegistrationForm.ts:284:13)

    console.log
      [2026-02-08T19:37:12.206Z] Current errors: {}

      at Object.log [as handleSubmit] (src/hooks/useRegistrationForm.ts:285:13)

    console.log
      [2026-02-08T19:37:12.206Z] Is rate limited: false

      at Object.log [as handleSubmit] (src/hooks/useRegistrationForm.ts:286:13)

    console.log
      [2026-02-08T19:37:12.206Z] Validation result: false

      at Object.log [as handleSubmit] (src/hooks/useRegistrationForm.ts:296:13)

    console.log
      [2026-02-08T19:37:12.206Z] ❌ Form submission blocked: validation failed

      at Object.log [as handleSubmit] (src/hooks/useRegistrationForm.ts:298:15)

    console.log
      [2026-02-08T19:37:12.206Z] Validation errors: {}

      at Object.log [as handleSubmit] (src/hooks/useRegistrationForm.ts:299:15)

    console.log
      ✅ preventDefault() called FIRST (stopPropagation also called if available)

      at Object.log [as handleSubmit] (src/hooks/useRegistrationForm.ts:277:13)

    console.log
      [2026-02-08T19:37:12.215Z] ========== FORM SUBMISSION STARTED ==========

      at Object.log [as handleSubmit] (src/hooks/useRegistrationForm.ts:280:13)

    console.log
      [2026-02-08T19:37:12.215Z] Event defaultPrevented: undefined

      at Object.log [as handleSubmit] (src/hooks/useRegistrationForm.ts:281:13)

    console.log
      [2026-02-08T19:37:12.215Z] Event type: undefined

      at Object.log [as handleSubmit] (src/hooks/useRegistrationForm.ts:282:13)

    console.log
      [2026-02-08T19:37:12.215Z] Event target: undefined

      at Object.log [as handleSubmit] (src/hooks/useRegistrationForm.ts:283:13)

    console.log
      [2026-02-08T19:37:12.215Z] Form data: {
        "fullName": "John Doe",
        "email": "test@example.com",
        "password": "3zK^66c%mg$9}0>ct0v\\M6f",
        "confirmPassword": "?"
      }

      at Object.log [as handleSubmit] (src/hooks/useRegistrationForm.ts:284:13)

    console.log
      [2026-02-08T19:37:12.215Z] Current errors: {}

      at Object.log [as handleSubmit] (src/hooks/useRegistrationForm.ts:285:13)

    console.log
      [2026-02-08T19:37:12.215Z] Is rate limited: false

      at Object.log [as handleSubmit] (src/hooks/useRegistrationForm.ts:286:13)

    console.log
      [2026-02-08T19:37:12.215Z] Validation result: false

      at Object.log [as handleSubmit] (src/hooks/useRegistrationForm.ts:296:13)

    console.log
      [2026-02-08T19:37:12.215Z] ❌ Form submission blocked: validation failed

      at Object.log [as handleSubmit] (src/hooks/useRegistrationForm.ts:298:15)

    console.log
      [2026-02-08T19:37:12.215Z] Validation errors: {}

      at Object.log [as handleSubmit] (src/hooks/useRegistrationForm.ts:299:15)

    console.log
      ✅ preventDefault() called FIRST (stopPropagation also called if available)

      at Object.log [as handleSubmit] (src/hooks/useRegistrationForm.ts:277:13)

    console.log
      [2026-02-08T19:37:12.217Z] ========== FORM SUBMISSION STARTED ==========

      at Object.log [as handleSubmit] (src/hooks/useRegistrationForm.ts:280:13)

    console.log
      [2026-02-08T19:37:12.217Z] Event defaultPrevented: undefined

      at Object.log [as handleSubmit] (src/hooks/useRegistrationForm.ts:281:13)

    console.log
      [2026-02-08T19:37:12.217Z] Event type: undefined

      at Object.log [as handleSubmit] (src/hooks/useRegistrationForm.ts:282:13)

    console.log
      [2026-02-08T19:37:12.217Z] Event target: undefined

      at Object.log [as handleSubmit] (src/hooks/useRegistrationForm.ts:283:13)

    console.log
      [2026-02-08T19:37:12.217Z] Form data: {
        "fullName": "John Doe",
        "email": "test@example.com",
        "password": "t=y'OJMo 9[,,.`7$HA/S",
        "confirmPassword": "&ar"
      }

      at Object.log [as handleSubmit] (src/hooks/useRegistrationForm.ts:284:13)

    console.log
      [2026-02-08T19:37:12.217Z] Current errors: {}

      at Object.log [as handleSubmit] (src/hooks/useRegistrationForm.ts:285:13)

    console.log
      [2026-02-08T19:37:12.217Z] Is rate limited: false

      at Object.log [as handleSubmit] (src/hooks/useRegistrationForm.ts:286:13)

    console.log
      [2026-02-08T19:37:12.217Z] Validation result: false

      at Object.log [as handleSubmit] (src/hooks/useRegistrationForm.ts:296:13)

    console.log
      [2026-02-08T19:37:12.217Z] ❌ Form submission blocked: validation failed

      at Object.log [as handleSubmit] (src/hooks/useRegistrationForm.ts:298:15)

    console.log
      [2026-02-08T19:37:12.217Z] Validation errors: {}

      at Object.log [as handleSubmit] (src/hooks/useRegistrationForm.ts:299:15)

    console.log
      ✅ preventDefault() called FIRST (stopPropagation also called if available)

      at Object.log [as handleSubmit] (src/hooks/useRegistrationForm.ts:277:13)

    console.log
      [2026-02-08T19:37:12.219Z] ========== FORM SUBMISSION STARTED ==========

      at Object.log [as handleSubmit] (src/hooks/useRegistrationForm.ts:280:13)

    console.log
      [2026-02-08T19:37:12.219Z] Event defaultPrevented: undefined

      at Object.log [as handleSubmit] (src/hooks/useRegistrationForm.ts:281:13)

    console.log
      [2026-02-08T19:37:12.219Z] Event type: undefined

      at Object.log [as handleSubmit] (src/hooks/useRegistrationForm.ts:282:13)

    console.log
      [2026-02-08T19:37:12.219Z] Event target: undefined

      at Object.log [as handleSubmit] (src/hooks/useRegistrationForm.ts:283:13)

    console.log
      [2026-02-08T19:37:12.219Z] Form data: {
        "fullName": "John Doe",
        "email": "test@example.com",
        "password": "#c)$5{:0t ; >{J+_3(*3j}s%",
        "confirmPassword": "<W\\V |"
      }

      at Object.log [as handleSubmit] (src/hooks/useRegistrationForm.ts:284:13)

    console.log
      [2026-02-08T19:37:12.219Z] Current errors: {}

      at Object.log [as handleSubmit] (src/hooks/useRegistrationForm.ts:285:13)

    console.log
      [2026-02-08T19:37:12.219Z] Is rate limited: false

      at Object.log [as handleSubmit] (src/hooks/useRegistrationForm.ts:286:13)

    console.log
      [2026-02-08T19:37:12.219Z] Validation result: false

      at Object.log [as handleSubmit] (src/hooks/useRegistrationForm.ts:296:13)

    console.log
      [2026-02-08T19:37:12.219Z] ❌ Form submission blocked: validation failed

      at Object.log [as handleSubmit] (src/hooks/useRegistrationForm.ts:298:15)

    console.log
      [2026-02-08T19:37:12.219Z] Validation errors: {}

      at Object.log [as handleSubmit] (src/hooks/useRegistrationForm.ts:299:15)

    console.log
      ✅ preventDefault() called FIRST (stopPropagation also called if available)

      at Object.log [as handleSubmit] (src/hooks/useRegistrationForm.ts:277:13)

    console.log
      [2026-02-08T19:37:12.224Z] ========== FORM SUBMISSION STARTED ==========

      at Object.log [as handleSubmit] (src/hooks/useRegistrationForm.ts:280:13)

    console.log
      [2026-02-08T19:37:12.224Z] Event defaultPrevented: undefined

      at Object.log [as handleSubmit] (src/hooks/useRegistrationForm.ts:281:13)

    console.log
      [2026-02-08T19:37:12.224Z] Event type: undefined

      at Object.log [as handleSubmit] (src/hooks/useRegistrationForm.ts:282:13)

    console.log
      [2026-02-08T19:37:12.224Z] Event target: undefined

      at Object.log [as handleSubmit] (src/hooks/useRegistrationForm.ts:283:13)

    console.log
      [2026-02-08T19:37:12.224Z] Form data: {
        "fullName": "John Doe",
        "email": "test@example.com",
        "password": ":(hv-z_0T(`k0FSpn=],",
        "confirmPassword": "xOJK;u`Qvz"
      }

      at Object.log [as handleSubmit] (src/hooks/useRegistrationForm.ts:284:13)

    console.log
      [2026-02-08T19:37:12.224Z] Current errors: {}

      at Object.log [as handleSubmit] (src/hooks/useRegistrationForm.ts:285:13)

    console.log
      [2026-02-08T19:37:12.224Z] Is rate limited: false

      at Object.log [as handleSubmit] (src/hooks/useRegistrationForm.ts:286:13)

    console.log
      [2026-02-08T19:37:12.224Z] Validation result: false

      at Object.log [as handleSubmit] (src/hooks/useRegistrationForm.ts:296:13)

    console.log
      [2026-02-08T19:37:12.224Z] ❌ Form submission blocked: validation failed

      at Object.log [as handleSubmit] (src/hooks/useRegistrationForm.ts:298:15)

    console.log
      [2026-02-08T19:37:12.224Z] Validation errors: {}

      at Object.log [as handleSubmit] (src/hooks/useRegistrationForm.ts:299:15)

    console.log
      ✅ preventDefault() called FIRST (stopPropagation also called if available)

      at Object.log [as handleSubmit] (src/hooks/useRegistrationForm.ts:277:13)

    console.log
      [2026-02-08T19:37:12.235Z] ========== FORM SUBMISSION STARTED ==========

      at Object.log [as handleSubmit] (src/hooks/useRegistrationForm.ts:280:13)

    console.log
      [2026-02-08T19:37:12.235Z] Event defaultPrevented: undefined

      at Object.log [as handleSubmit] (src/hooks/useRegistrationForm.ts:281:13)

    console.log
      [2026-02-08T19:37:12.235Z] Event type: undefined

      at Object.log [as handleSubmit] (src/hooks/useRegistrationForm.ts:282:13)

    console.log
      [2026-02-08T19:37:12.235Z] Event target: undefined

      at Object.log [as handleSubmit] (src/hooks/useRegistrationForm.ts:283:13)

    console.log
      [2026-02-08T19:37:12.235Z] Form data: {
        "fullName": "John Doe",
        "email": "test@example.com",
        "password": "<V1Wh,NEc]t>*3gT",
        "confirmPassword": "SKl$7x#"
      }

      at Object.log [as handleSubmit] (src/hooks/useRegistrationForm.ts:284:13)

    console.log
      [2026-02-08T19:37:12.235Z] Current errors: {}

      at Object.log [as handleSubmit] (src/hooks/useRegistrationForm.ts:285:13)

    console.log
      [2026-02-08T19:37:12.235Z] Is rate limited: false

      at Object.log [as handleSubmit] (src/hooks/useRegistrationForm.ts:286:13)

    console.log
      [2026-02-08T19:37:12.235Z] Validation result: false

      at Object.log [as handleSubmit] (src/hooks/useRegistrationForm.ts:296:13)

    console.log
      [2026-02-08T19:37:12.235Z] ❌ Form submission blocked: validation failed

      at Object.log [as handleSubmit] (src/hooks/useRegistrationForm.ts:298:15)

    console.log
      [2026-02-08T19:37:12.235Z] Validation errors: {}

      at Object.log [as handleSubmit] (src/hooks/useRegistrationForm.ts:299:15)

    console.log
      ✅ preventDefault() called FIRST (stopPropagation also called if available)

      at Object.log [as handleSubmit] (src/hooks/useRegistrationForm.ts:277:13)

    console.log
      [2026-02-08T19:37:12.237Z] ========== FORM SUBMISSION STARTED ==========

      at Object.log [as handleSubmit] (src/hooks/useRegistrationForm.ts:280:13)

    console.log
      [2026-02-08T19:37:12.237Z] Event defaultPrevented: undefined

      at Object.log [as handleSubmit] (src/hooks/useRegistrationForm.ts:281:13)

    console.log
      [2026-02-08T19:37:12.237Z] Event type: undefined

      at Object.log [as handleSubmit] (src/hooks/useRegistrationForm.ts:282:13)

    console.log
      [2026-02-08T19:37:12.237Z] Event target: undefined

      at Object.log [as handleSubmit] (src/hooks/useRegistrationForm.ts:283:13)

    console.log
      [2026-02-08T19:37:12.237Z] Form data: {
        "fullName": "John Doe",
        "email": "test@example.com",
        "password": "x*Se iDu=EpyBz;:3S:`vRR",
        "confirmPassword": "DeXwIke"
      }

      at Object.log [as handleSubmit] (src/hooks/useRegistrationForm.ts:284:13)

    console.log
      [2026-02-08T19:37:12.237Z] Current errors: {}

      at Object.log [as handleSubmit] (src/hooks/useRegistrationForm.ts:285:13)

    console.log
      [2026-02-08T19:37:12.237Z] Is rate limited: false

      at Object.log [as handleSubmit] (src/hooks/useRegistrationForm.ts:286:13)

    console.log
      [2026-02-08T19:37:12.237Z] Validation result: false

      at Object.log [as handleSubmit] (src/hooks/useRegistrationForm.ts:296:13)

    console.log
      [2026-02-08T19:37:12.237Z] ❌ Form submission blocked: validation failed

      at Object.log [as handleSubmit] (src/hooks/useRegistrationForm.ts:298:15)

    console.log
      [2026-02-08T19:37:12.237Z] Validation errors: {}

      at Object.log [as handleSubmit] (src/hooks/useRegistrationForm.ts:299:15)

    console.log
      ✅ preventDefault() called FIRST (stopPropagation also called if available)

      at Object.log [as handleSubmit] (src/hooks/useRegistrationForm.ts:277:13)

    console.log
      [2026-02-08T19:37:12.238Z] ========== FORM SUBMISSION STARTED ==========

      at Object.log [as handleSubmit] (src/hooks/useRegistrationForm.ts:280:13)

    console.log
      [2026-02-08T19:37:12.238Z] Event defaultPrevented: undefined

      at Object.log [as handleSubmit] (src/hooks/useRegistrationForm.ts:281:13)

    console.log
      [2026-02-08T19:37:12.238Z] Event type: undefined

      at Object.log [as handleSubmit] (src/hooks/useRegistrationForm.ts:282:13)

    console.log
      [2026-02-08T19:37:12.238Z] Event target: undefined

      at Object.log [as handleSubmit] (src/hooks/useRegistrationForm.ts:283:13)

    console.log
      [2026-02-08T19:37:12.238Z] Form data: {
        "fullName": "John Doe",
        "email": "test@example.com",
        "password": "S~cH1c$2 k@(pVcoy",
        "confirmPassword": "v[SVnrfDs"
      }

      at Object.log [as handleSubmit] (src/hooks/useRegistrationForm.ts:284:13)

    console.log
      [2026-02-08T19:37:12.238Z] Current errors: {}

      at Object.log [as handleSubmit] (src/hooks/useRegistrationForm.ts:285:13)

    console.log
      [2026-02-08T19:37:12.238Z] Is rate limited: false

      at Object.log [as handleSubmit] (src/hooks/useRegistrationForm.ts:286:13)

    console.log
      [2026-02-08T19:37:12.238Z] Validation result: false

      at Object.log [as handleSubmit] (src/hooks/useRegistrationForm.ts:296:13)

    console.log
      [2026-02-08T19:37:12.238Z] ❌ Form submission blocked: validation failed

      at Object.log [as handleSubmit] (src/hooks/useRegistrationForm.ts:298:15)

    console.log
      [2026-02-08T19:37:12.238Z] Validation errors: {}

      at Object.log [as handleSubmit] (src/hooks/useRegistrationForm.ts:299:15)

    console.log
      ✅ preventDefault() called FIRST (stopPropagation also called if available)

      at Object.log [as handleSubmit] (src/hooks/useRegistrationForm.ts:277:13)

    console.log
      [2026-02-08T19:37:12.244Z] ========== FORM SUBMISSION STARTED ==========

      at Object.log [as handleSubmit] (src/hooks/useRegistrationForm.ts:280:13)

    console.log
      [2026-02-08T19:37:12.244Z] Event defaultPrevented: undefined

      at Object.log [as handleSubmit] (src/hooks/useRegistrationForm.ts:281:13)

    console.log
      [2026-02-08T19:37:12.244Z] Event type: undefined

      at Object.log [as handleSubmit] (src/hooks/useRegistrationForm.ts:282:13)

    console.log
      [2026-02-08T19:37:12.244Z] Event target: undefined

      at Object.log [as handleSubmit] (src/hooks/useRegistrationForm.ts:283:13)

    console.log
      [2026-02-08T19:37:12.244Z] Form data: {
        "fullName": "John Doe",
        "email": "test@example.com",
        "password": "@/:<?u0x:1Dqz&,Z8Rk4K2JHPp",
        "confirmPassword": "6vDA"
      }

      at Object.log [as handleSubmit] (src/hooks/useRegistrationForm.ts:284:13)

    console.log
      [2026-02-08T19:37:12.244Z] Current errors: {}

      at Object.log [as handleSubmit] (src/hooks/useRegistrationForm.ts:285:13)

    console.log
      [2026-02-08T19:37:12.244Z] Is rate limited: false

      at Object.log [as handleSubmit] (src/hooks/useRegistrationForm.ts:286:13)

    console.log
      [2026-02-08T19:37:12.244Z] Validation result: false

      at Object.log [as handleSubmit] (src/hooks/useRegistrationForm.ts:296:13)

    console.log
      [2026-02-08T19:37:12.244Z] ❌ Form submission blocked: validation failed

      at Object.log [as handleSubmit] (src/hooks/useRegistrationForm.ts:298:15)

    console.log
      [2026-02-08T19:37:12.244Z] Validation errors: {}

      at Object.log [as handleSubmit] (src/hooks/useRegistrationForm.ts:299:15)

    console.log
      ✅ preventDefault() called FIRST (stopPropagation also called if available)

      at Object.log [as handleSubmit] (src/hooks/useRegistrationForm.ts:277:13)

    console.log
      [2026-02-08T19:37:12.256Z] ========== FORM SUBMISSION STARTED ==========

      at Object.log [as handleSubmit] (src/hooks/useRegistrationForm.ts:280:13)

    console.log
      [2026-02-08T19:37:12.256Z] Event defaultPrevented: undefined

      at Object.log [as handleSubmit] (src/hooks/useRegistrationForm.ts:281:13)

    console.log
      [2026-02-08T19:37:12.256Z] Event type: undefined

      at Object.log [as handleSubmit] (src/hooks/useRegistrationForm.ts:282:13)

    console.log
      [2026-02-08T19:37:12.256Z] Event target: undefined

      at Object.log [as handleSubmit] (src/hooks/useRegistrationForm.ts:283:13)

    console.log
      [2026-02-08T19:37:12.256Z] Form data: {
        "fullName": "John Doe",
        "email": "test@example.com",
        "password": ">`be47N0p\\AW8~$j\\]hzGhL`D^",
        "confirmPassword": "Jv"
      }

      at Object.log [as handleSubmit] (src/hooks/useRegistrationForm.ts:284:13)

    console.log
      [2026-02-08T19:37:12.256Z] Current errors: {}

      at Object.log [as handleSubmit] (src/hooks/useRegistrationForm.ts:285:13)

    console.log
      [2026-02-08T19:37:12.256Z] Is rate limited: false

      at Object.log [as handleSubmit] (src/hooks/useRegistrationForm.ts:286:13)

    console.log
      [2026-02-08T19:37:12.256Z] Validation result: false

      at Object.log [as handleSubmit] (src/hooks/useRegistrationForm.ts:296:13)

    console.log
      [2026-02-08T19:37:12.256Z] ❌ Form submission blocked: validation failed

      at Object.log [as handleSubmit] (src/hooks/useRegistrationForm.ts:298:15)

    console.log
      [2026-02-08T19:37:12.256Z] Validation errors: {}

      at Object.log [as handleSubmit] (src/hooks/useRegistrationForm.ts:299:15)

    console.log
      ✅ preventDefault() called FIRST (stopPropagation also called if available)

      at Object.log [as handleSubmit] (src/hooks/useRegistrationForm.ts:277:13)

    console.log
      [2026-02-08T19:37:12.261Z] ========== FORM SUBMISSION STARTED ==========

      at Object.log [as handleSubmit] (src/hooks/useRegistrationForm.ts:280:13)

    console.log
      [2026-02-08T19:37:12.261Z] Event defaultPrevented: undefined

      at Object.log [as handleSubmit] (src/hooks/useRegistrationForm.ts:281:13)

    console.log
      [2026-02-08T19:37:12.261Z] Event type: undefined

      at Object.log [as handleSubmit] (src/hooks/useRegistrationForm.ts:282:13)

    console.log
      [2026-02-08T19:37:12.261Z] Event target: undefined

      at Object.log [as handleSubmit] (src/hooks/useRegistrationForm.ts:283:13)

    console.log
      [2026-02-08T19:37:12.261Z] Form data: {
        "fullName": "John Doe",
        "email": "test@example.com",
        "password": "cSko[yEQq|Nhg>n*!0?lqZp@",
        "confirmPassword": ",$ hWG"
      }

      at Object.log [as handleSubmit] (src/hooks/useRegistrationForm.ts:284:13)

    console.log
      [2026-02-08T19:37:12.261Z] Current errors: {}

      at Object.log [as handleSubmit] (src/hooks/useRegistrationForm.ts:285:13)

    console.log
      [2026-02-08T19:37:12.261Z] Is rate limited: false

      at Object.log [as handleSubmit] (src/hooks/useRegistrationForm.ts:286:13)

    console.log
      [2026-02-08T19:37:12.261Z] Validation result: false

      at Object.log [as handleSubmit] (src/hooks/useRegistrationForm.ts:296:13)

    console.log
      [2026-02-08T19:37:12.261Z] ❌ Form submission blocked: validation failed

      at Object.log [as handleSubmit] (src/hooks/useRegistrationForm.ts:298:15)

    console.log
      [2026-02-08T19:37:12.261Z] Validation errors: {}

      at Object.log [as handleSubmit] (src/hooks/useRegistrationForm.ts:299:15)

    console.log
      ✅ preventDefault() called FIRST (stopPropagation also called if available)

      at Object.log [as handleSubmit] (src/hooks/useRegistrationForm.ts:277:13)

    console.log
      [2026-02-08T19:37:12.265Z] ========== FORM SUBMISSION STARTED ==========

      at Object.log [as handleSubmit] (src/hooks/useRegistrationForm.ts:280:13)

    console.log
      [2026-02-08T19:37:12.265Z] Event defaultPrevented: undefined

      at Object.log [as handleSubmit] (src/hooks/useRegistrationForm.ts:281:13)

    console.log
      [2026-02-08T19:37:12.265Z] Event type: undefined

      at Object.log [as handleSubmit] (src/hooks/useRegistrationForm.ts:282:13)

    console.log
      [2026-02-08T19:37:12.265Z] Event target: undefined

      at Object.log [as handleSubmit] (src/hooks/useRegistrationForm.ts:283:13)

    console.log
      [2026-02-08T19:37:12.265Z] Form data: {
        "fullName": "John Doe",
        "email": "test@example.com",
        "password": ".i:z HM%fgO&/1ly^\"G",
        "confirmPassword": ""
      }

      at Object.log [as handleSubmit] (src/hooks/useRegistrationForm.ts:284:13)

    console.log
      [2026-02-08T19:37:12.265Z] Current errors: {}

      at Object.log [as handleSubmit] (src/hooks/useRegistrationForm.ts:285:13)

    console.log
      [2026-02-08T19:37:12.265Z] Is rate limited: false

      at Object.log [as handleSubmit] (src/hooks/useRegistrationForm.ts:286:13)

    console.log
      [2026-02-08T19:37:12.265Z] Validation result: false

      at Object.log [as handleSubmit] (src/hooks/useRegistrationForm.ts:296:13)

    console.log
      [2026-02-08T19:37:12.265Z] ❌ Form submission blocked: validation failed

      at Object.log [as handleSubmit] (src/hooks/useRegistrationForm.ts:298:15)

    console.log
      [2026-02-08T19:37:12.265Z] Validation errors: {}

      at Object.log [as handleSubmit] (src/hooks/useRegistrationForm.ts:299:15)

    console.log
      ✅ preventDefault() called FIRST (stopPropagation also called if available)

      at Object.log [as handleSubmit] (src/hooks/useRegistrationForm.ts:277:13)

    console.log
      [2026-02-08T19:37:12.268Z] ========== FORM SUBMISSION STARTED ==========

      at Object.log [as handleSubmit] (src/hooks/useRegistrationForm.ts:280:13)

    console.log
      [2026-02-08T19:37:12.268Z] Event defaultPrevented: undefined

      at Object.log [as handleSubmit] (src/hooks/useRegistrationForm.ts:281:13)

    console.log
      [2026-02-08T19:37:12.268Z] Event type: undefined

      at Object.log [as handleSubmit] (src/hooks/useRegistrationForm.ts:282:13)

    console.log
      [2026-02-08T19:37:12.268Z] Event target: undefined

      at Object.log [as handleSubmit] (src/hooks/useRegistrationForm.ts:283:13)

    console.log
      [2026-02-08T19:37:12.268Z] Form data: {
        "fullName": "John Doe",
        "email": "test@example.com",
        "password": "Zv}RVXM8`Xu",
        "confirmPassword": "mM8%"
      }

      at Object.log [as handleSubmit] (src/hooks/useRegistrationForm.ts:284:13)

    console.log
      [2026-02-08T19:37:12.268Z] Current errors: {}

      at Object.log [as handleSubmit] (src/hooks/useRegistrationForm.ts:285:13)

    console.log
      [2026-02-08T19:37:12.268Z] Is rate limited: false

      at Object.log [as handleSubmit] (src/hooks/useRegistrationForm.ts:286:13)

    console.log
      [2026-02-08T19:37:12.268Z] Validation result: false

      at Object.log [as handleSubmit] (src/hooks/useRegistrationForm.ts:296:13)

    console.log
      [2026-02-08T19:37:12.268Z] ❌ Form submission blocked: validation failed

      at Object.log [as handleSubmit] (src/hooks/useRegistrationForm.ts:298:15)

    console.log
      [2026-02-08T19:37:12.268Z] Validation errors: {}

      at Object.log [as handleSubmit] (src/hooks/useRegistrationForm.ts:299:15)

    console.log
      ✅ preventDefault() called FIRST (stopPropagation also called if available)

      at Object.log [as handleSubmit] (src/hooks/useRegistrationForm.ts:277:13)

    console.log
      [2026-02-08T19:37:12.270Z] ========== FORM SUBMISSION STARTED ==========

      at Object.log [as handleSubmit] (src/hooks/useRegistrationForm.ts:280:13)

    console.log
      [2026-02-08T19:37:12.270Z] Event defaultPrevented: undefined

      at Object.log [as handleSubmit] (src/hooks/useRegistrationForm.ts:281:13)

    console.log
      [2026-02-08T19:37:12.270Z] Event type: undefined

      at Object.log [as handleSubmit] (src/hooks/useRegistrationForm.ts:282:13)

    console.log
      [2026-02-08T19:37:12.270Z] Event target: undefined

      at Object.log [as handleSubmit] (src/hooks/useRegistrationForm.ts:283:13)

    console.log
      [2026-02-08T19:37:12.270Z] Form data: {
        "fullName": "John Doe",
        "email": "test@example.com",
        "password": "S9$yJconstruct",
        "confirmPassword": "P~r3B"
      }

      at Object.log [as handleSubmit] (src/hooks/useRegistrationForm.ts:284:13)

    console.log
      [2026-02-08T19:37:12.270Z] Current errors: {}

      at Object.log [as handleSubmit] (src/hooks/useRegistrationForm.ts:285:13)

    console.log
      [2026-02-08T19:37:12.270Z] Is rate limited: false

      at Object.log [as handleSubmit] (src/hooks/useRegistrationForm.ts:286:13)

    console.log
      [2026-02-08T19:37:12.270Z] Validation result: false

      at Object.log [as handleSubmit] (src/hooks/useRegistrationForm.ts:296:13)

    console.log
      [2026-02-08T19:37:12.270Z] ❌ Form submission blocked: validation failed

      at Object.log [as handleSubmit] (src/hooks/useRegistrationForm.ts:298:15)

    console.log
      [2026-02-08T19:37:12.270Z] Validation errors: {}

      at Object.log [as handleSubmit] (src/hooks/useRegistrationForm.ts:299:15)

    console.log
      ✅ preventDefault() called FIRST (stopPropagation also called if available)

      at Object.log [as handleSubmit] (src/hooks/useRegistrationForm.ts:277:13)

    console.log
      [2026-02-08T19:37:12.273Z] ========== FORM SUBMISSION STARTED ==========

      at Object.log [as handleSubmit] (src/hooks/useRegistrationForm.ts:280:13)

    console.log
      [2026-02-08T19:37:12.273Z] Event defaultPrevented: undefined

      at Object.log [as handleSubmit] (src/hooks/useRegistrationForm.ts:281:13)

    console.log
      [2026-02-08T19:37:12.273Z] Event type: undefined

      at Object.log [as handleSubmit] (src/hooks/useRegistrationForm.ts:282:13)

    console.log
      [2026-02-08T19:37:12.273Z] Event target: undefined

      at Object.log [as handleSubmit] (src/hooks/useRegistrationForm.ts:283:13)

    console.log
      [2026-02-08T19:37:12.273Z] Form data: {
        "fullName": "John Doe",
        "email": "test@example.com",
        "password": "8s}aBJT9\\",
        "confirmPassword": "X0"
      }

      at Object.log [as handleSubmit] (src/hooks/useRegistrationForm.ts:284:13)

    console.log
      [2026-02-08T19:37:12.273Z] Current errors: {}

      at Object.log [as handleSubmit] (src/hooks/useRegistrationForm.ts:285:13)

    console.log
      [2026-02-08T19:37:12.273Z] Is rate limited: false

      at Object.log [as handleSubmit] (src/hooks/useRegistrationForm.ts:286:13)

    console.log
      [2026-02-08T19:37:12.273Z] Validation result: false

      at Object.log [as handleSubmit] (src/hooks/useRegistrationForm.ts:296:13)

    console.log
      [2026-02-08T19:37:12.273Z] ❌ Form submission blocked: validation failed

      at Object.log [as handleSubmit] (src/hooks/useRegistrationForm.ts:298:15)

    console.log
      [2026-02-08T19:37:12.273Z] Validation errors: {}

      at Object.log [as handleSubmit] (src/hooks/useRegistrationForm.ts:299:15)

    console.log
      ✅ preventDefault() called FIRST (stopPropagation also called if available)

      at Object.log [as handleSubmit] (src/hooks/useRegistrationForm.ts:277:13)

    console.log
      [2026-02-08T19:37:12.275Z] ========== FORM SUBMISSION STARTED ==========

      at Object.log [as handleSubmit] (src/hooks/useRegistrationForm.ts:280:13)

    console.log
      [2026-02-08T19:37:12.275Z] Event defaultPrevented: undefined

      at Object.log [as handleSubmit] (src/hooks/useRegistrationForm.ts:281:13)

    console.log
      [2026-02-08T19:37:12.275Z] Event type: undefined

      at Object.log [as handleSubmit] (src/hooks/useRegistrationForm.ts:282:13)

    console.log
      [2026-02-08T19:37:12.275Z] Event target: undefined

      at Object.log [as handleSubmit] (src/hooks/useRegistrationForm.ts:283:13)

    console.log
      [2026-02-08T19:37:12.275Z] Form data: {
        "fullName": "John Doe",
        "email": "test@example.com",
        "password": "B(t3hQE0Q",
        "confirmPassword": "1JK"
      }

      at Object.log [as handleSubmit] (src/hooks/useRegistrationForm.ts:284:13)

    console.log
      [2026-02-08T19:37:12.275Z] Current errors: {}

      at Object.log [as handleSubmit] (src/hooks/useRegistrationForm.ts:285:13)

    console.log
      [2026-02-08T19:37:12.275Z] Is rate limited: false

      at Object.log [as handleSubmit] (src/hooks/useRegistrationForm.ts:286:13)

    console.log
      [2026-02-08T19:37:12.275Z] Validation result: false

      at Object.log [as handleSubmit] (src/hooks/useRegistrationForm.ts:296:13)

    console.log
      [2026-02-08T19:37:12.275Z] ❌ Form submission blocked: validation failed

      at Object.log [as handleSubmit] (src/hooks/useRegistrationForm.ts:298:15)

    console.log
      [2026-02-08T19:37:12.275Z] Validation errors: {}

      at Object.log [as handleSubmit] (src/hooks/useRegistrationForm.ts:299:15)

    console.log
      ✅ preventDefault() called FIRST (stopPropagation also called if available)

      at Object.log [as handleSubmit] (src/hooks/useRegistrationForm.ts:277:13)

    console.log
      [2026-02-08T19:37:12.277Z] ========== FORM SUBMISSION STARTED ==========

      at Object.log [as handleSubmit] (src/hooks/useRegistrationForm.ts:280:13)

    console.log
      [2026-02-08T19:37:12.277Z] Event defaultPrevented: undefined

      at Object.log [as handleSubmit] (src/hooks/useRegistrationForm.ts:281:13)

    console.log
      [2026-02-08T19:37:12.277Z] Event type: undefined

      at Object.log [as handleSubmit] (src/hooks/useRegistrationForm.ts:282:13)

    console.log
      [2026-02-08T19:37:12.277Z] Event target: undefined

      at Object.log [as handleSubmit] (src/hooks/useRegistrationForm.ts:283:13)

    console.log
      [2026-02-08T19:37:12.277Z] Form data: {
        "fullName": "John Doe",
        "email": "test@example.com",
        "password": "5uTC.ABw&cB@:Jbi}Ta?/",
        "confirmPassword": "_qD#}z"
      }

      at Object.log [as handleSubmit] (src/hooks/useRegistrationForm.ts:284:13)

    console.log
      [2026-02-08T19:37:12.277Z] Current errors: {}

      at Object.log [as handleSubmit] (src/hooks/useRegistrationForm.ts:285:13)

    console.log
      [2026-02-08T19:37:12.277Z] Is rate limited: false

      at Object.log [as handleSubmit] (src/hooks/useRegistrationForm.ts:286:13)

    console.log
      [2026-02-08T19:37:12.277Z] Validation result: false

      at Object.log [as handleSubmit] (src/hooks/useRegistrationForm.ts:296:13)

    console.log
      [2026-02-08T19:37:12.277Z] ❌ Form submission blocked: validation failed

      at Object.log [as handleSubmit] (src/hooks/useRegistrationForm.ts:298:15)

    console.log
      [2026-02-08T19:37:12.277Z] Validation errors: {}

      at Object.log [as handleSubmit] (src/hooks/useRegistrationForm.ts:299:15)

    console.log
      ✅ preventDefault() called FIRST (stopPropagation also called if available)

      at Object.log [as handleSubmit] (src/hooks/useRegistrationForm.ts:277:13)

    console.log
      [2026-02-08T19:37:12.278Z] ========== FORM SUBMISSION STARTED ==========

      at Object.log [as handleSubmit] (src/hooks/useRegistrationForm.ts:280:13)

    console.log
      [2026-02-08T19:37:12.278Z] Event defaultPrevented: undefined

      at Object.log [as handleSubmit] (src/hooks/useRegistrationForm.ts:281:13)

    console.log
      [2026-02-08T19:37:12.278Z] Event type: undefined

      at Object.log [as handleSubmit] (src/hooks/useRegistrationForm.ts:282:13)

    console.log
      [2026-02-08T19:37:12.278Z] Event target: undefined

      at Object.log [as handleSubmit] (src/hooks/useRegistrationForm.ts:283:13)

    console.log
      [2026-02-08T19:37:12.278Z] Form data: {
        "fullName": "John Doe",
        "email": "test@example.com",
        "password": "wolhkcKq[1&|L:R+,na6\\b",
        "confirmPassword": "n"
      }

      at Object.log [as handleSubmit] (src/hooks/useRegistrationForm.ts:284:13)

    console.log
      [2026-02-08T19:37:12.278Z] Current errors: {}

      at Object.log [as handleSubmit] (src/hooks/useRegistrationForm.ts:285:13)

    console.log
      [2026-02-08T19:37:12.278Z] Is rate limited: false

      at Object.log [as handleSubmit] (src/hooks/useRegistrationForm.ts:286:13)

    console.log
      [2026-02-08T19:37:12.278Z] Validation result: false

      at Object.log [as handleSubmit] (src/hooks/useRegistrationForm.ts:296:13)

    console.log
      [2026-02-08T19:37:12.278Z] ❌ Form submission blocked: validation failed

      at Object.log [as handleSubmit] (src/hooks/useRegistrationForm.ts:298:15)

    console.log
      [2026-02-08T19:37:12.278Z] Validation errors: {}

      at Object.log [as handleSubmit] (src/hooks/useRegistrationForm.ts:299:15)

    console.log
      ✅ preventDefault() called FIRST (stopPropagation also called if available)

      at Object.log [as handleSubmit] (src/hooks/useRegistrationForm.ts:277:13)

    console.log
      [2026-02-08T19:37:12.282Z] ========== FORM SUBMISSION STARTED ==========

      at Object.log [as handleSubmit] (src/hooks/useRegistrationForm.ts:280:13)

    console.log
      [2026-02-08T19:37:12.282Z] Event defaultPrevented: undefined

      at Object.log [as handleSubmit] (src/hooks/useRegistrationForm.ts:281:13)

    console.log
      [2026-02-08T19:37:12.282Z] Event type: undefined

      at Object.log [as handleSubmit] (src/hooks/useRegistrationForm.ts:282:13)

    console.log
      [2026-02-08T19:37:12.282Z] Event target: undefined

      at Object.log [as handleSubmit] (src/hooks/useRegistrationForm.ts:283:13)

    console.log
      [2026-02-08T19:37:12.282Z] Form data: {
        "fullName": "John Doe",
        "email": "test@example.com",
        "password": "vj9<@WB<Db:1RH*,NZTifn>nW",
        "confirmPassword": "u0ad/"
      }

      at Object.log [as handleSubmit] (src/hooks/useRegistrationForm.ts:284:13)

    console.log
      [2026-02-08T19:37:12.282Z] Current errors: {}

      at Object.log [as handleSubmit] (src/hooks/useRegistrationForm.ts:285:13)

    console.log
      [2026-02-08T19:37:12.282Z] Is rate limited: false

      at Object.log [as handleSubmit] (src/hooks/useRegistrationForm.ts:286:13)

    console.log
      [2026-02-08T19:37:12.282Z] Validation result: false

      at Object.log [as handleSubmit] (src/hooks/useRegistrationForm.ts:296:13)

    console.log
      [2026-02-08T19:37:12.282Z] ❌ Form submission blocked: validation failed

      at Object.log [as handleSubmit] (src/hooks/useRegistrationForm.ts:298:15)

    console.log
      [2026-02-08T19:37:12.282Z] Validation errors: {}

      at Object.log [as handleSubmit] (src/hooks/useRegistrationForm.ts:299:15)

    console.log
      ✅ preventDefault() called FIRST (stopPropagation also called if available)

      at Object.log [as handleSubmit] (src/hooks/useRegistrationForm.ts:277:13)

    console.log
      [2026-02-08T19:37:12.285Z] ========== FORM SUBMISSION STARTED ==========

      at Object.log [as handleSubmit] (src/hooks/useRegistrationForm.ts:280:13)

    console.log
      [2026-02-08T19:37:12.285Z] Event defaultPrevented: undefined

      at Object.log [as handleSubmit] (src/hooks/useRegistrationForm.ts:281:13)

    console.log
      [2026-02-08T19:37:12.285Z] Event type: undefined

      at Object.log [as handleSubmit] (src/hooks/useRegistrationForm.ts:282:13)

    console.log
      [2026-02-08T19:37:12.285Z] Event target: undefined

      at Object.log [as handleSubmit] (src/hooks/useRegistrationForm.ts:283:13)

    console.log
      [2026-02-08T19:37:12.285Z] Form data: {
        "fullName": "John Doe",
        "email": "test@example.com",
        "password": "uaa%A]fwc\\#8VS77",
        "confirmPassword": ";*80@l"
      }

      at Object.log [as handleSubmit] (src/hooks/useRegistrationForm.ts:284:13)

    console.log
      [2026-02-08T19:37:12.285Z] Current errors: {}

      at Object.log [as handleSubmit] (src/hooks/useRegistrationForm.ts:285:13)

    console.log
      [2026-02-08T19:37:12.285Z] Is rate limited: false

      at Object.log [as handleSubmit] (src/hooks/useRegistrationForm.ts:286:13)

    console.log
      [2026-02-08T19:37:12.285Z] Validation result: false

      at Object.log [as handleSubmit] (src/hooks/useRegistrationForm.ts:296:13)

    console.log
      [2026-02-08T19:37:12.285Z] ❌ Form submission blocked: validation failed

      at Object.log [as handleSubmit] (src/hooks/useRegistrationForm.ts:298:15)

    console.log
      [2026-02-08T19:37:12.285Z] Validation errors: {}

      at Object.log [as handleSubmit] (src/hooks/useRegistrationForm.ts:299:15)

    console.log
      ✅ preventDefault() called FIRST (stopPropagation also called if available)

      at Object.log [as handleSubmit] (src/hooks/useRegistrationForm.ts:277:13)

    console.log
      [2026-02-08T19:37:12.287Z] ========== FORM SUBMISSION STARTED ==========

      at Object.log [as handleSubmit] (src/hooks/useRegistrationForm.ts:280:13)

    console.log
      [2026-02-08T19:37:12.287Z] Event defaultPrevented: undefined

      at Object.log [as handleSubmit] (src/hooks/useRegistrationForm.ts:281:13)

    console.log
      [2026-02-08T19:37:12.287Z] Event type: undefined

      at Object.log [as handleSubmit] (src/hooks/useRegistrationForm.ts:282:13)

    console.log
      [2026-02-08T19:37:12.287Z] Event target: undefined

      at Object.log [as handleSubmit] (src/hooks/useRegistrationForm.ts:283:13)

    console.log
      [2026-02-08T19:37:12.287Z] Form data: {
        "fullName": "John Doe",
        "email": "test@example.com",
        "password": " k'=an])q0.e~L9",
        "confirmPassword": "ce5BB38,("
      }

      at Object.log [as handleSubmit] (src/hooks/useRegistrationForm.ts:284:13)

    console.log
      [2026-02-08T19:37:12.287Z] Current errors: {}

      at Object.log [as handleSubmit] (src/hooks/useRegistrationForm.ts:285:13)

    console.log
      [2026-02-08T19:37:12.287Z] Is rate limited: false

      at Object.log [as handleSubmit] (src/hooks/useRegistrationForm.ts:286:13)

    console.log
      [2026-02-08T19:37:12.287Z] Validation result: false

      at Object.log [as handleSubmit] (src/hooks/useRegistrationForm.ts:296:13)

    console.log
      [2026-02-08T19:37:12.287Z] ❌ Form submission blocked: validation failed

      at Object.log [as handleSubmit] (src/hooks/useRegistrationForm.ts:298:15)

    console.log
      [2026-02-08T19:37:12.287Z] Validation errors: {}

      at Object.log [as handleSubmit] (src/hooks/useRegistrationForm.ts:299:15)

    console.log
      ✅ preventDefault() called FIRST (stopPropagation also called if available)

      at Object.log [as handleSubmit] (src/hooks/useRegistrationForm.ts:277:13)

    console.log
      [2026-02-08T19:37:12.288Z] ========== FORM SUBMISSION STARTED ==========

      at Object.log [as handleSubmit] (src/hooks/useRegistrationForm.ts:280:13)

    console.log
      [2026-02-08T19:37:12.288Z] Event defaultPrevented: undefined

      at Object.log [as handleSubmit] (src/hooks/useRegistrationForm.ts:281:13)

    console.log
      [2026-02-08T19:37:12.288Z] Event type: undefined

      at Object.log [as handleSubmit] (src/hooks/useRegistrationForm.ts:282:13)

    console.log
      [2026-02-08T19:37:12.288Z] Event target: undefined

      at Object.log [as handleSubmit] (src/hooks/useRegistrationForm.ts:283:13)

    console.log
      [2026-02-08T19:37:12.288Z] Form data: {
        "fullName": "John Doe",
        "email": "test@example.com",
        "password": "GC7wS\"/I",
        "confirmPassword": "B\"^_%"
      }

      at Object.log [as handleSubmit] (src/hooks/useRegistrationForm.ts:284:13)

    console.log
      [2026-02-08T19:37:12.288Z] Current errors: {}

      at Object.log [as handleSubmit] (src/hooks/useRegistrationForm.ts:285:13)

    console.log
      [2026-02-08T19:37:12.288Z] Is rate limited: false

      at Object.log [as handleSubmit] (src/hooks/useRegistrationForm.ts:286:13)

    console.log
      [2026-02-08T19:37:12.288Z] Validation result: false

      at Object.log [as handleSubmit] (src/hooks/useRegistrationForm.ts:296:13)

    console.log
      [2026-02-08T19:37:12.288Z] ❌ Form submission blocked: validation failed

      at Object.log [as handleSubmit] (src/hooks/useRegistrationForm.ts:298:15)

    console.log
      [2026-02-08T19:37:12.288Z] Validation errors: {}

      at Object.log [as handleSubmit] (src/hooks/useRegistrationForm.ts:299:15)

    console.log
      ✅ preventDefault() called FIRST (stopPropagation also called if available)

      at Object.log [as handleSubmit] (src/hooks/useRegistrationForm.ts:277:13)

    console.log
      [2026-02-08T19:37:12.289Z] ========== FORM SUBMISSION STARTED ==========

      at Object.log [as handleSubmit] (src/hooks/useRegistrationForm.ts:280:13)

    console.log
      [2026-02-08T19:37:12.289Z] Event defaultPrevented: undefined

      at Object.log [as handleSubmit] (src/hooks/useRegistrationForm.ts:281:13)

    console.log
      [2026-02-08T19:37:12.289Z] Event type: undefined

      at Object.log [as handleSubmit] (src/hooks/useRegistrationForm.ts:282:13)

    console.log
      [2026-02-08T19:37:12.289Z] Event target: undefined

      at Object.log [as handleSubmit] (src/hooks/useRegistrationForm.ts:283:13)

    console.log
      [2026-02-08T19:37:12.289Z] Form data: {
        "fullName": "John Doe",
        "email": "test@example.com",
        "password": "DEQl7Du'=(F3}bo$ozO33",
        "confirmPassword": "8S[l{"
      }

      at Object.log [as handleSubmit] (src/hooks/useRegistrationForm.ts:284:13)

    console.log
      [2026-02-08T19:37:12.289Z] Current errors: {}

      at Object.log [as handleSubmit] (src/hooks/useRegistrationForm.ts:285:13)

    console.log
      [2026-02-08T19:37:12.289Z] Is rate limited: false

      at Object.log [as handleSubmit] (src/hooks/useRegistrationForm.ts:286:13)

    console.log
      [2026-02-08T19:37:12.289Z] Validation result: false

      at Object.log [as handleSubmit] (src/hooks/useRegistrationForm.ts:296:13)

    console.log
      [2026-02-08T19:37:12.289Z] ❌ Form submission blocked: validation failed

      at Object.log [as handleSubmit] (src/hooks/useRegistrationForm.ts:298:15)

    console.log
      [2026-02-08T19:37:12.289Z] Validation errors: {}

      at Object.log [as handleSubmit] (src/hooks/useRegistrationForm.ts:299:15)

    console.log
      ✅ preventDefault() called FIRST (stopPropagation also called if available)

      at Object.log [as handleSubmit] (src/hooks/useRegistrationForm.ts:277:13)

    console.log
      [2026-02-08T19:37:12.290Z] ========== FORM SUBMISSION STARTED ==========

      at Object.log [as handleSubmit] (src/hooks/useRegistrationForm.ts:280:13)

    console.log
      [2026-02-08T19:37:12.290Z] Event defaultPrevented: undefined

      at Object.log [as handleSubmit] (src/hooks/useRegistrationForm.ts:281:13)

    console.log
      [2026-02-08T19:37:12.290Z] Event type: undefined

      at Object.log [as handleSubmit] (src/hooks/useRegistrationForm.ts:282:13)

    console.log
      [2026-02-08T19:37:12.290Z] Event target: undefined

      at Object.log [as handleSubmit] (src/hooks/useRegistrationForm.ts:283:13)

    console.log
      [2026-02-08T19:37:12.290Z] Form data: {
        "fullName": "John Doe",
        "email": "test@example.com",
        "password": "Ta1AjUaCsQ>K;!m",
        "confirmPassword": "s|Uk"
      }

      at Object.log [as handleSubmit] (src/hooks/useRegistrationForm.ts:284:13)

    console.log
      [2026-02-08T19:37:12.290Z] Current errors: {}

      at Object.log [as handleSubmit] (src/hooks/useRegistrationForm.ts:285:13)

    console.log
      [2026-02-08T19:37:12.290Z] Is rate limited: false

      at Object.log [as handleSubmit] (src/hooks/useRegistrationForm.ts:286:13)

    console.log
      [2026-02-08T19:37:12.290Z] Validation result: false

      at Object.log [as handleSubmit] (src/hooks/useRegistrationForm.ts:296:13)

    console.log
      [2026-02-08T19:37:12.290Z] ❌ Form submission blocked: validation failed

      at Object.log [as handleSubmit] (src/hooks/useRegistrationForm.ts:298:15)

    console.log
      [2026-02-08T19:37:12.290Z] Validation errors: {}

      at Object.log [as handleSubmit] (src/hooks/useRegistrationForm.ts:299:15)

    console.log
      ✅ preventDefault() called FIRST (stopPropagation also called if available)

      at Object.log [as handleSubmit] (src/hooks/useRegistrationForm.ts:277:13)

    console.log
      [2026-02-08T19:37:12.291Z] ========== FORM SUBMISSION STARTED ==========

      at Object.log [as handleSubmit] (src/hooks/useRegistrationForm.ts:280:13)

    console.log
      [2026-02-08T19:37:12.291Z] Event defaultPrevented: undefined

      at Object.log [as handleSubmit] (src/hooks/useRegistrationForm.ts:281:13)

    console.log
      [2026-02-08T19:37:12.291Z] Event type: undefined

      at Object.log [as handleSubmit] (src/hooks/useRegistrationForm.ts:282:13)

    console.log
      [2026-02-08T19:37:12.291Z] Event target: undefined

      at Object.log [as handleSubmit] (src/hooks/useRegistrationForm.ts:283:13)

    console.log
      [2026-02-08T19:37:12.291Z] Form data: {
        "fullName": "John Doe",
        "email": "test@example.com",
        "password": "EI;'\"?HfJK5DQh<",
        "confirmPassword": ">cr"
      }

      at Object.log [as handleSubmit] (src/hooks/useRegistrationForm.ts:284:13)

    console.log
      [2026-02-08T19:37:12.291Z] Current errors: {}

      at Object.log [as handleSubmit] (src/hooks/useRegistrationForm.ts:285:13)

    console.log
      [2026-02-08T19:37:12.291Z] Is rate limited: false

      at Object.log [as handleSubmit] (src/hooks/useRegistrationForm.ts:286:13)

    console.log
      [2026-02-08T19:37:12.291Z] Validation result: false

      at Object.log [as handleSubmit] (src/hooks/useRegistrationForm.ts:296:13)

    console.log
      [2026-02-08T19:37:12.291Z] ❌ Form submission blocked: validation failed

      at Object.log [as handleSubmit] (src/hooks/useRegistrationForm.ts:298:15)

    console.log
      [2026-02-08T19:37:12.291Z] Validation errors: {}

      at Object.log [as handleSubmit] (src/hooks/useRegistrationForm.ts:299:15)

    console.log
      ✅ preventDefault() called FIRST (stopPropagation also called if available)

      at Object.log [as handleSubmit] (src/hooks/useRegistrationForm.ts:277:13)

    console.log
      [2026-02-08T19:37:12.299Z] ========== FORM SUBMISSION STARTED ==========

      at Object.log [as handleSubmit] (src/hooks/useRegistrationForm.ts:280:13)

    console.log
      [2026-02-08T19:37:12.299Z] Event defaultPrevented: undefined

      at Object.log [as handleSubmit] (src/hooks/useRegistrationForm.ts:281:13)

    console.log
      [2026-02-08T19:37:12.299Z] Event type: undefined

      at Object.log [as handleSubmit] (src/hooks/useRegistrationForm.ts:282:13)

    console.log
      [2026-02-08T19:37:12.299Z] Event target: undefined

      at Object.log [as handleSubmit] (src/hooks/useRegistrationForm.ts:283:13)

    console.log
      [2026-02-08T19:37:12.299Z] Form data: {
        "fullName": "John Doe",
        "email": "test@example.com",
        "password": "<&>zf-a6Jrt#L>~y",
        "confirmPassword": "d=Rb\\"
      }

      at Object.log [as handleSubmit] (src/hooks/useRegistrationForm.ts:284:13)

    console.log
      [2026-02-08T19:37:12.299Z] Current errors: {}

      at Object.log [as handleSubmit] (src/hooks/useRegistrationForm.ts:285:13)

    console.log
      [2026-02-08T19:37:12.299Z] Is rate limited: false

      at Object.log [as handleSubmit] (src/hooks/useRegistrationForm.ts:286:13)

    console.log
      [2026-02-08T19:37:12.299Z] Validation result: false

      at Object.log [as handleSubmit] (src/hooks/useRegistrationForm.ts:296:13)

    console.log
      [2026-02-08T19:37:12.299Z] ❌ Form submission blocked: validation failed

      at Object.log [as handleSubmit] (src/hooks/useRegistrationForm.ts:298:15)

    console.log
      [2026-02-08T19:37:12.299Z] Validation errors: {}

      at Object.log [as handleSubmit] (src/hooks/useRegistrationForm.ts:299:15)

    console.log
      ✅ preventDefault() called FIRST (stopPropagation also called if available)

      at Object.log [as handleSubmit] (src/hooks/useRegistrationForm.ts:277:13)

    console.log
      [2026-02-08T19:37:12.301Z] ========== FORM SUBMISSION STARTED ==========

      at Object.log [as handleSubmit] (src/hooks/useRegistrationForm.ts:280:13)

    console.log
      [2026-02-08T19:37:12.301Z] Event defaultPrevented: undefined

      at Object.log [as handleSubmit] (src/hooks/useRegistrationForm.ts:281:13)

    console.log
      [2026-02-08T19:37:12.301Z] Event type: undefined

      at Object.log [as handleSubmit] (src/hooks/useRegistrationForm.ts:282:13)

    console.log
      [2026-02-08T19:37:12.301Z] Event target: undefined

      at Object.log [as handleSubmit] (src/hooks/useRegistrationForm.ts:283:13)

    console.log
      [2026-02-08T19:37:12.301Z] Form data: {
        "fullName": "John Doe",
        "email": "test@example.com",
        "password": "1CB..<lU5ZmESd*sd-o-K",
        "confirmPassword": "DPLy`p[>"
      }

      at Object.log [as handleSubmit] (src/hooks/useRegistrationForm.ts:284:13)

    console.log
      [2026-02-08T19:37:12.301Z] Current errors: {}

      at Object.log [as handleSubmit] (src/hooks/useRegistrationForm.ts:285:13)

    console.log
      [2026-02-08T19:37:12.301Z] Is rate limited: false

      at Object.log [as handleSubmit] (src/hooks/useRegistrationForm.ts:286:13)

    console.log
      [2026-02-08T19:37:12.301Z] Validation result: false

      at Object.log [as handleSubmit] (src/hooks/useRegistrationForm.ts:296:13)

    console.log
      [2026-02-08T19:37:12.301Z] ❌ Form submission blocked: validation failed

      at Object.log [as handleSubmit] (src/hooks/useRegistrationForm.ts:298:15)

    console.log
      [2026-02-08T19:37:12.301Z] Validation errors: {}

      at Object.log [as handleSubmit] (src/hooks/useRegistrationForm.ts:299:15)

    console.log
      ✅ preventDefault() called FIRST (stopPropagation also called if available)

      at Object.log [as handleSubmit] (src/hooks/useRegistrationForm.ts:277:13)

    console.log
      [2026-02-08T19:37:12.306Z] ========== FORM SUBMISSION STARTED ==========

      at Object.log [as handleSubmit] (src/hooks/useRegistrationForm.ts:280:13)

    console.log
      [2026-02-08T19:37:12.306Z] Event defaultPrevented: undefined

      at Object.log [as handleSubmit] (src/hooks/useRegistrationForm.ts:281:13)

    console.log
      [2026-02-08T19:37:12.306Z] Event type: undefined

      at Object.log [as handleSubmit] (src/hooks/useRegistrationForm.ts:282:13)

    console.log
      [2026-02-08T19:37:12.306Z] Event target: undefined

      at Object.log [as handleSubmit] (src/hooks/useRegistrationForm.ts:283:13)

    console.log
      [2026-02-08T19:37:12.306Z] Form data: {
        "fullName": "John Doe",
        "email": "test@example.com",
        "password": "W*Cl1cf?soF0#Nq_pE-?C",
        "confirmPassword": "hUoo"
      }

      at Object.log [as handleSubmit] (src/hooks/useRegistrationForm.ts:284:13)

    console.log
      [2026-02-08T19:37:12.306Z] Current errors: {}

      at Object.log [as handleSubmit] (src/hooks/useRegistrationForm.ts:285:13)

    console.log
      [2026-02-08T19:37:12.306Z] Is rate limited: false

      at Object.log [as handleSubmit] (src/hooks/useRegistrationForm.ts:286:13)

    console.log
      [2026-02-08T19:37:12.306Z] Validation result: false

      at Object.log [as handleSubmit] (src/hooks/useRegistrationForm.ts:296:13)

    console.log
      [2026-02-08T19:37:12.306Z] ❌ Form submission blocked: validation failed

      at Object.log [as handleSubmit] (src/hooks/useRegistrationForm.ts:298:15)

    console.log
      [2026-02-08T19:37:12.306Z] Validation errors: {}

      at Object.log [as handleSubmit] (src/hooks/useRegistrationForm.ts:299:15)

    console.log
      ✅ preventDefault() called FIRST (stopPropagation also called if available)

      at Object.log [as handleSubmit] (src/hooks/useRegistrationForm.ts:277:13)

    console.log
      [2026-02-08T19:37:12.307Z] ========== FORM SUBMISSION STARTED ==========

      at Object.log [as handleSubmit] (src/hooks/useRegistrationForm.ts:280:13)

    console.log
      [2026-02-08T19:37:12.307Z] Event defaultPrevented: undefined

      at Object.log [as handleSubmit] (src/hooks/useRegistrationForm.ts:281:13)

    console.log
      [2026-02-08T19:37:12.307Z] Event type: undefined

      at Object.log [as handleSubmit] (src/hooks/useRegistrationForm.ts:282:13)

    console.log
      [2026-02-08T19:37:12.307Z] Event target: undefined

      at Object.log [as handleSubmit] (src/hooks/useRegistrationForm.ts:283:13)

    console.log
      [2026-02-08T19:37:12.307Z] Form data: {
        "fullName": "John Doe",
        "email": "test@example.com",
        "password": "B;jb$8l'I|;BBgS5:",
        "confirmPassword": "):"
      }

      at Object.log [as handleSubmit] (src/hooks/useRegistrationForm.ts:284:13)

    console.log
      [2026-02-08T19:37:12.307Z] Current errors: {}

      at Object.log [as handleSubmit] (src/hooks/useRegistrationForm.ts:285:13)

    console.log
      [2026-02-08T19:37:12.307Z] Is rate limited: false

      at Object.log [as handleSubmit] (src/hooks/useRegistrationForm.ts:286:13)

    console.log
      [2026-02-08T19:37:12.307Z] Validation result: false

      at Object.log [as handleSubmit] (src/hooks/useRegistrationForm.ts:296:13)

    console.log
      [2026-02-08T19:37:12.307Z] ❌ Form submission blocked: validation failed

      at Object.log [as handleSubmit] (src/hooks/useRegistrationForm.ts:298:15)

    console.log
      [2026-02-08T19:37:12.307Z] Validation errors: {}

      at Object.log [as handleSubmit] (src/hooks/useRegistrationForm.ts:299:15)

    console.log
      ✅ preventDefault() called FIRST (stopPropagation also called if available)

      at Object.log [as handleSubmit] (src/hooks/useRegistrationForm.ts:277:13)

    console.log
      [2026-02-08T19:37:12.309Z] ========== FORM SUBMISSION STARTED ==========

      at Object.log [as handleSubmit] (src/hooks/useRegistrationForm.ts:280:13)

    console.log
      [2026-02-08T19:37:12.309Z] Event defaultPrevented: undefined

      at Object.log [as handleSubmit] (src/hooks/useRegistrationForm.ts:281:13)

    console.log
      [2026-02-08T19:37:12.309Z] Event type: undefined

      at Object.log [as handleSubmit] (src/hooks/useRegistrationForm.ts:282:13)

    console.log
      [2026-02-08T19:37:12.309Z] Event target: undefined

      at Object.log [as handleSubmit] (src/hooks/useRegistrationForm.ts:283:13)

    console.log
      [2026-02-08T19:37:12.309Z] Form data: {
        "fullName": "John Doe",
        "email": "test@example.com",
        "password": "P~4\\5el ",
        "confirmPassword": ":2:9$y^j%5"
      }

      at Object.log [as handleSubmit] (src/hooks/useRegistrationForm.ts:284:13)

    console.log
      [2026-02-08T19:37:12.309Z] Current errors: {}

      at Object.log [as handleSubmit] (src/hooks/useRegistrationForm.ts:285:13)

    console.log
      [2026-02-08T19:37:12.309Z] Is rate limited: false

      at Object.log [as handleSubmit] (src/hooks/useRegistrationForm.ts:286:13)

    console.log
      [2026-02-08T19:37:12.309Z] Validation result: false

      at Object.log [as handleSubmit] (src/hooks/useRegistrationForm.ts:296:13)

    console.log
      [2026-02-08T19:37:12.309Z] ❌ Form submission blocked: validation failed

      at Object.log [as handleSubmit] (src/hooks/useRegistrationForm.ts:298:15)

    console.log
      [2026-02-08T19:37:12.309Z] Validation errors: {}

      at Object.log [as handleSubmit] (src/hooks/useRegistrationForm.ts:299:15)

    console.log
      ✅ preventDefault() called FIRST (stopPropagation also called if available)

      at Object.log [as handleSubmit] (src/hooks/useRegistrationForm.ts:277:13)

    console.log
      [2026-02-08T19:37:12.310Z] ========== FORM SUBMISSION STARTED ==========

      at Object.log [as handleSubmit] (src/hooks/useRegistrationForm.ts:280:13)

    console.log
      [2026-02-08T19:37:12.310Z] Event defaultPrevented: undefined

      at Object.log [as handleSubmit] (src/hooks/useRegistrationForm.ts:281:13)

    console.log
      [2026-02-08T19:37:12.310Z] Event type: undefined

      at Object.log [as handleSubmit] (src/hooks/useRegistrationForm.ts:282:13)

    console.log
      [2026-02-08T19:37:12.310Z] Event target: undefined

      at Object.log [as handleSubmit] (src/hooks/useRegistrationForm.ts:283:13)

    console.log
      [2026-02-08T19:37:12.310Z] Form data: {
        "fullName": "John Doe",
        "email": "test@example.com",
        "password": "-KJ5alCLOm~`Z&ndb",
        "confirmPassword": "`%"
      }

      at Object.log [as handleSubmit] (src/hooks/useRegistrationForm.ts:284:13)

    console.log
      [2026-02-08T19:37:12.310Z] Current errors: {}

      at Object.log [as handleSubmit] (src/hooks/useRegistrationForm.ts:285:13)

    console.log
      [2026-02-08T19:37:12.310Z] Is rate limited: false

      at Object.log [as handleSubmit] (src/hooks/useRegistrationForm.ts:286:13)

    console.log
      [2026-02-08T19:37:12.310Z] Validation result: false

      at Object.log [as handleSubmit] (src/hooks/useRegistrationForm.ts:296:13)

    console.log
      [2026-02-08T19:37:12.310Z] ❌ Form submission blocked: validation failed

      at Object.log [as handleSubmit] (src/hooks/useRegistrationForm.ts:298:15)

    console.log
      [2026-02-08T19:37:12.310Z] Validation errors: {}

      at Object.log [as handleSubmit] (src/hooks/useRegistrationForm.ts:299:15)

    console.log
      ✅ preventDefault() called FIRST (stopPropagation also called if available)

      at Object.log [as handleSubmit] (src/hooks/useRegistrationForm.ts:277:13)

    console.log
      [2026-02-08T19:37:12.312Z] ========== FORM SUBMISSION STARTED ==========

      at Object.log [as handleSubmit] (src/hooks/useRegistrationForm.ts:280:13)

    console.log
      [2026-02-08T19:37:12.312Z] Event defaultPrevented: undefined

      at Object.log [as handleSubmit] (src/hooks/useRegistrationForm.ts:281:13)

    console.log
      [2026-02-08T19:37:12.312Z] Event type: undefined

      at Object.log [as handleSubmit] (src/hooks/useRegistrationForm.ts:282:13)

    console.log
      [2026-02-08T19:37:12.312Z] Event target: undefined

      at Object.log [as handleSubmit] (src/hooks/useRegistrationForm.ts:283:13)

    console.log
      [2026-02-08T19:37:12.312Z] Form data: {
        "fullName": "John Doe",
        "email": "test@example.com",
        "password": "3P}~|\\Cb#9",
        "confirmPassword": "xs&G{#"
      }

      at Object.log [as handleSubmit] (src/hooks/useRegistrationForm.ts:284:13)

    console.log
      [2026-02-08T19:37:12.312Z] Current errors: {}

      at Object.log [as handleSubmit] (src/hooks/useRegistrationForm.ts:285:13)

    console.log
      [2026-02-08T19:37:12.312Z] Is rate limited: false

      at Object.log [as handleSubmit] (src/hooks/useRegistrationForm.ts:286:13)

    console.log
      [2026-02-08T19:37:12.312Z] Validation result: false

      at Object.log [as handleSubmit] (src/hooks/useRegistrationForm.ts:296:13)

    console.log
      [2026-02-08T19:37:12.312Z] ❌ Form submission blocked: validation failed

      at Object.log [as handleSubmit] (src/hooks/useRegistrationForm.ts:298:15)

    console.log
      [2026-02-08T19:37:12.312Z] Validation errors: {}

      at Object.log [as handleSubmit] (src/hooks/useRegistrationForm.ts:299:15)

    console.log
      ✅ preventDefault() called FIRST (stopPropagation also called if available)

      at Object.log [as handleSubmit] (src/hooks/useRegistrationForm.ts:277:13)

    console.log
      [2026-02-08T19:37:12.314Z] ========== FORM SUBMISSION STARTED ==========

      at Object.log [as handleSubmit] (src/hooks/useRegistrationForm.ts:280:13)

    console.log
      [2026-02-08T19:37:12.314Z] Event defaultPrevented: undefined

      at Object.log [as handleSubmit] (src/hooks/useRegistrationForm.ts:281:13)

    console.log
      [2026-02-08T19:37:12.314Z] Event type: undefined

      at Object.log [as handleSubmit] (src/hooks/useRegistrationForm.ts:282:13)

    console.log
      [2026-02-08T19:37:12.314Z] Event target: undefined

      at Object.log [as handleSubmit] (src/hooks/useRegistrationForm.ts:283:13)

    console.log
      [2026-02-08T19:37:12.314Z] Form data: {
        "fullName": "John Doe",
        "email": "test@example.com",
        "password": "L% \"-!pp!T;N&)V/;&, \"T3}",
        "confirmPassword": "/}T}Z\"x"
      }

      at Object.log [as handleSubmit] (src/hooks/useRegistrationForm.ts:284:13)

    console.log
      [2026-02-08T19:37:12.314Z] Current errors: {}

      at Object.log [as handleSubmit] (src/hooks/useRegistrationForm.ts:285:13)

    console.log
      [2026-02-08T19:37:12.314Z] Is rate limited: false

      at Object.log [as handleSubmit] (src/hooks/useRegistrationForm.ts:286:13)

    console.log
      [2026-02-08T19:37:12.314Z] Validation result: false

      at Object.log [as handleSubmit] (src/hooks/useRegistrationForm.ts:296:13)

    console.log
      [2026-02-08T19:37:12.314Z] ❌ Form submission blocked: validation failed

      at Object.log [as handleSubmit] (src/hooks/useRegistrationForm.ts:298:15)

    console.log
      [2026-02-08T19:37:12.314Z] Validation errors: {}

      at Object.log [as handleSubmit] (src/hooks/useRegistrationForm.ts:299:15)

    console.log
      ✅ preventDefault() called FIRST (stopPropagation also called if available)

      at Object.log [as handleSubmit] (src/hooks/useRegistrationForm.ts:277:13)

    console.log
      [2026-02-08T19:37:12.315Z] ========== FORM SUBMISSION STARTED ==========

      at Object.log [as handleSubmit] (src/hooks/useRegistrationForm.ts:280:13)

    console.log
      [2026-02-08T19:37:12.315Z] Event defaultPrevented: undefined

      at Object.log [as handleSubmit] (src/hooks/useRegistrationForm.ts:281:13)

    console.log
      [2026-02-08T19:37:12.315Z] Event type: undefined

      at Object.log [as handleSubmit] (src/hooks/useRegistrationForm.ts:282:13)

    console.log
      [2026-02-08T19:37:12.315Z] Event target: undefined

      at Object.log [as handleSubmit] (src/hooks/useRegistrationForm.ts:283:13)

    console.log
      [2026-02-08T19:37:12.315Z] Form data: {
        "fullName": "John Doe",
        "email": "test@example.com",
        "password": "wquhyB-^%8,&OnI7/B)Q~cK-c^",
        "confirmPassword": "~"
      }

      at Object.log [as handleSubmit] (src/hooks/useRegistrationForm.ts:284:13)

    console.log
      [2026-02-08T19:37:12.315Z] Current errors: {}

      at Object.log [as handleSubmit] (src/hooks/useRegistrationForm.ts:285:13)

    console.log
      [2026-02-08T19:37:12.315Z] Is rate limited: false

      at Object.log [as handleSubmit] (src/hooks/useRegistrationForm.ts:286:13)

    console.log
      [2026-02-08T19:37:12.315Z] Validation result: false

      at Object.log [as handleSubmit] (src/hooks/useRegistrationForm.ts:296:13)

    console.log
      [2026-02-08T19:37:12.315Z] ❌ Form submission blocked: validation failed

      at Object.log [as handleSubmit] (src/hooks/useRegistrationForm.ts:298:15)

    console.log
      [2026-02-08T19:37:12.315Z] Validation errors: {}

      at Object.log [as handleSubmit] (src/hooks/useRegistrationForm.ts:299:15)

    console.log
      ✅ preventDefault() called FIRST (stopPropagation also called if available)

      at Object.log [as handleSubmit] (src/hooks/useRegistrationForm.ts:277:13)

    console.log
      [2026-02-08T19:37:12.317Z] ========== FORM SUBMISSION STARTED ==========

      at Object.log [as handleSubmit] (src/hooks/useRegistrationForm.ts:280:13)

    console.log
      [2026-02-08T19:37:12.317Z] Event defaultPrevented: undefined

      at Object.log [as handleSubmit] (src/hooks/useRegistrationForm.ts:281:13)

    console.log
      [2026-02-08T19:37:12.317Z] Event type: undefined

      at Object.log [as handleSubmit] (src/hooks/useRegistrationForm.ts:282:13)

    console.log
      [2026-02-08T19:37:12.317Z] Event target: undefined

      at Object.log [as handleSubmit] (src/hooks/useRegistrationForm.ts:283:13)

    console.log
      [2026-02-08T19:37:12.317Z] Form data: {
        "fullName": "John Doe",
        "email": "test@example.com",
        "password": "Ny<&Zx#8}=!",
        "confirmPassword": "__"
      }

      at Object.log [as handleSubmit] (src/hooks/useRegistrationForm.ts:284:13)

    console.log
      [2026-02-08T19:37:12.317Z] Current errors: {}

      at Object.log [as handleSubmit] (src/hooks/useRegistrationForm.ts:285:13)

    console.log
      [2026-02-08T19:37:12.317Z] Is rate limited: false

      at Object.log [as handleSubmit] (src/hooks/useRegistrationForm.ts:286:13)

    console.log
      [2026-02-08T19:37:12.317Z] Validation result: false

      at Object.log [as handleSubmit] (src/hooks/useRegistrationForm.ts:296:13)

    console.log
      [2026-02-08T19:37:12.317Z] ❌ Form submission blocked: validation failed

      at Object.log [as handleSubmit] (src/hooks/useRegistrationForm.ts:298:15)

    console.log
      [2026-02-08T19:37:12.317Z] Validation errors: {}

      at Object.log [as handleSubmit] (src/hooks/useRegistrationForm.ts:299:15)

    console.log
      ✅ preventDefault() called FIRST (stopPropagation also called if available)

      at Object.log [as handleSubmit] (src/hooks/useRegistrationForm.ts:277:13)

    console.log
      [2026-02-08T19:37:12.319Z] ========== FORM SUBMISSION STARTED ==========

      at Object.log [as handleSubmit] (src/hooks/useRegistrationForm.ts:280:13)

    console.log
      [2026-02-08T19:37:12.319Z] Event defaultPrevented: undefined

      at Object.log [as handleSubmit] (src/hooks/useRegistrationForm.ts:281:13)

    console.log
      [2026-02-08T19:37:12.319Z] Event type: undefined

      at Object.log [as handleSubmit] (src/hooks/useRegistrationForm.ts:282:13)

    console.log
      [2026-02-08T19:37:12.319Z] Event target: undefined

      at Object.log [as handleSubmit] (src/hooks/useRegistrationForm.ts:283:13)

    console.log
      [2026-02-08T19:37:12.319Z] Form data: {
        "fullName": "John Doe",
        "email": "test@example.com",
        "password": " J0k}{.9G1W\"NE~Kp+\\/",
        "confirmPassword": "NQ`j<o*"
      }

      at Object.log [as handleSubmit] (src/hooks/useRegistrationForm.ts:284:13)

    console.log
      [2026-02-08T19:37:12.319Z] Current errors: {}

      at Object.log [as handleSubmit] (src/hooks/useRegistrationForm.ts:285:13)

    console.log
      [2026-02-08T19:37:12.319Z] Is rate limited: false

      at Object.log [as handleSubmit] (src/hooks/useRegistrationForm.ts:286:13)

    console.log
      [2026-02-08T19:37:12.319Z] Validation result: false

      at Object.log [as handleSubmit] (src/hooks/useRegistrationForm.ts:296:13)

    console.log
      [2026-02-08T19:37:12.319Z] ❌ Form submission blocked: validation failed

      at Object.log [as handleSubmit] (src/hooks/useRegistrationForm.ts:298:15)

    console.log
      [2026-02-08T19:37:12.319Z] Validation errors: {}

      at Object.log [as handleSubmit] (src/hooks/useRegistrationForm.ts:299:15)

    console.log
      ✅ preventDefault() called FIRST (stopPropagation also called if available)

      at Object.log [as handleSubmit] (src/hooks/useRegistrationForm.ts:277:13)

    console.log
      [2026-02-08T19:37:12.320Z] ========== FORM SUBMISSION STARTED ==========

      at Object.log [as handleSubmit] (src/hooks/useRegistrationForm.ts:280:13)

    console.log
      [2026-02-08T19:37:12.320Z] Event defaultPrevented: undefined

      at Object.log [as handleSubmit] (src/hooks/useRegistrationForm.ts:281:13)

    console.log
      [2026-02-08T19:37:12.320Z] Event type: undefined

      at Object.log [as handleSubmit] (src/hooks/useRegistrationForm.ts:282:13)

    console.log
      [2026-02-08T19:37:12.320Z] Event target: undefined

      at Object.log [as handleSubmit] (src/hooks/useRegistrationForm.ts:283:13)

    console.log
      [2026-02-08T19:37:12.320Z] Form data: {
        "fullName": "John Doe",
        "email": "test@example.com",
        "password": "K\\8&nwH0ELFT",
        "confirmPassword": "T"
      }

      at Object.log [as handleSubmit] (src/hooks/useRegistrationForm.ts:284:13)

    console.log
      [2026-02-08T19:37:12.320Z] Current errors: {}

      at Object.log [as handleSubmit] (src/hooks/useRegistrationForm.ts:285:13)

    console.log
      [2026-02-08T19:37:12.320Z] Is rate limited: false

      at Object.log [as handleSubmit] (src/hooks/useRegistrationForm.ts:286:13)

    console.log
      [2026-02-08T19:37:12.320Z] Validation result: false

      at Object.log [as handleSubmit] (src/hooks/useRegistrationForm.ts:296:13)

    console.log
      [2026-02-08T19:37:12.320Z] ❌ Form submission blocked: validation failed

      at Object.log [as handleSubmit] (src/hooks/useRegistrationForm.ts:298:15)

    console.log
      [2026-02-08T19:37:12.320Z] Validation errors: {}

      at Object.log [as handleSubmit] (src/hooks/useRegistrationForm.ts:299:15)

    console.log
      ✅ preventDefault() called FIRST (stopPropagation also called if available)

      at Object.log [as handleSubmit] (src/hooks/useRegistrationForm.ts:277:13)

    console.log
      [2026-02-08T19:37:12.321Z] ========== FORM SUBMISSION STARTED ==========

      at Object.log [as handleSubmit] (src/hooks/useRegistrationForm.ts:280:13)

    console.log
      [2026-02-08T19:37:12.321Z] Event defaultPrevented: undefined

      at Object.log [as handleSubmit] (src/hooks/useRegistrationForm.ts:281:13)

    console.log
      [2026-02-08T19:37:12.321Z] Event type: undefined

      at Object.log [as handleSubmit] (src/hooks/useRegistrationForm.ts:282:13)

    console.log
      [2026-02-08T19:37:12.321Z] Event target: undefined

      at Object.log [as handleSubmit] (src/hooks/useRegistrationForm.ts:283:13)

    console.log
      [2026-02-08T19:37:12.321Z] Form data: {
        "fullName": "John Doe",
        "email": "test@example.com",
        "password": "1\"jw`d\"X",
        "confirmPassword": "J-qy8\\P!z"
      }

      at Object.log [as handleSubmit] (src/hooks/useRegistrationForm.ts:284:13)

    console.log
      [2026-02-08T19:37:12.321Z] Current errors: {}

      at Object.log [as handleSubmit] (src/hooks/useRegistrationForm.ts:285:13)

    console.log
      [2026-02-08T19:37:12.321Z] Is rate limited: false

      at Object.log [as handleSubmit] (src/hooks/useRegistrationForm.ts:286:13)

    console.log
      [2026-02-08T19:37:12.321Z] Validation result: false

      at Object.log [as handleSubmit] (src/hooks/useRegistrationForm.ts:296:13)

    console.log
      [2026-02-08T19:37:12.321Z] ❌ Form submission blocked: validation failed

      at Object.log [as handleSubmit] (src/hooks/useRegistrationForm.ts:298:15)

    console.log
      [2026-02-08T19:37:12.321Z] Validation errors: {}

      at Object.log [as handleSubmit] (src/hooks/useRegistrationForm.ts:299:15)

    console.log
      ✅ preventDefault() called FIRST (stopPropagation also called if available)

      at Object.log [as handleSubmit] (src/hooks/useRegistrationForm.ts:277:13)

    console.log
      [2026-02-08T19:37:12.324Z] ========== FORM SUBMISSION STARTED ==========

      at Object.log [as handleSubmit] (src/hooks/useRegistrationForm.ts:280:13)

    console.log
      [2026-02-08T19:37:12.324Z] Event defaultPrevented: undefined

      at Object.log [as handleSubmit] (src/hooks/useRegistrationForm.ts:281:13)

    console.log
      [2026-02-08T19:37:12.324Z] Event type: undefined

      at Object.log [as handleSubmit] (src/hooks/useRegistrationForm.ts:282:13)

    console.log
      [2026-02-08T19:37:12.324Z] Event target: undefined

      at Object.log [as handleSubmit] (src/hooks/useRegistrationForm.ts:283:13)

    console.log
      [2026-02-08T19:37:12.324Z] Form data: {
        "fullName": "John Doe",
        "email": "test@example.com",
        "password": "U,@pdBm2j~_vmMA?8>h:\"$hwc",
        "confirmPassword": "sZw /]49"
      }

      at Object.log [as handleSubmit] (src/hooks/useRegistrationForm.ts:284:13)

    console.log
      [2026-02-08T19:37:12.324Z] Current errors: {}

      at Object.log [as handleSubmit] (src/hooks/useRegistrationForm.ts:285:13)

    console.log
      [2026-02-08T19:37:12.324Z] Is rate limited: false

      at Object.log [as handleSubmit] (src/hooks/useRegistrationForm.ts:286:13)

    console.log
      [2026-02-08T19:37:12.324Z] Validation result: false

      at Object.log [as handleSubmit] (src/hooks/useRegistrationForm.ts:296:13)

    console.log
      [2026-02-08T19:37:12.324Z] ❌ Form submission blocked: validation failed

      at Object.log [as handleSubmit] (src/hooks/useRegistrationForm.ts:298:15)

    console.log
      [2026-02-08T19:37:12.324Z] Validation errors: {}

      at Object.log [as handleSubmit] (src/hooks/useRegistrationForm.ts:299:15)

    console.log
      ✅ preventDefault() called FIRST (stopPropagation also called if available)

      at Object.log [as handleSubmit] (src/hooks/useRegistrationForm.ts:277:13)

    console.log
      [2026-02-08T19:37:12.341Z] ========== FORM SUBMISSION STARTED ==========

      at Object.log [as handleSubmit] (src/hooks/useRegistrationForm.ts:280:13)

    console.log
      [2026-02-08T19:37:12.341Z] Event defaultPrevented: undefined

      at Object.log [as handleSubmit] (src/hooks/useRegistrationForm.ts:281:13)

    console.log
      [2026-02-08T19:37:12.341Z] Event type: undefined

      at Object.log [as handleSubmit] (src/hooks/useRegistrationForm.ts:282:13)

    console.log
      [2026-02-08T19:37:12.341Z] Event target: undefined

      at Object.log [as handleSubmit] (src/hooks/useRegistrationForm.ts:283:13)

    console.log
      [2026-02-08T19:37:12.341Z] Form data: {
        "fullName": "John Doe",
        "email": "test@example.com",
        "password": "q5Ns3;0b",
        "confirmPassword": "Vg;JI,"
      }

      at Object.log [as handleSubmit] (src/hooks/useRegistrationForm.ts:284:13)

    console.log
      [2026-02-08T19:37:12.341Z] Current errors: {}

      at Object.log [as handleSubmit] (src/hooks/useRegistrationForm.ts:285:13)

    console.log
      [2026-02-08T19:37:12.341Z] Is rate limited: false

      at Object.log [as handleSubmit] (src/hooks/useRegistrationForm.ts:286:13)

    console.log
      [2026-02-08T19:37:12.341Z] Validation result: false

      at Object.log [as handleSubmit] (src/hooks/useRegistrationForm.ts:296:13)

    console.log
      [2026-02-08T19:37:12.341Z] ❌ Form submission blocked: validation failed

      at Object.log [as handleSubmit] (src/hooks/useRegistrationForm.ts:298:15)

    console.log
      [2026-02-08T19:37:12.341Z] Validation errors: {}

      at Object.log [as handleSubmit] (src/hooks/useRegistrationForm.ts:299:15)

    console.log
      ✅ preventDefault() called FIRST (stopPropagation also called if available)

      at Object.log [as handleSubmit] (src/hooks/useRegistrationForm.ts:277:13)

    console.log
      [2026-02-08T19:37:12.349Z] ========== FORM SUBMISSION STARTED ==========

      at Object.log [as handleSubmit] (src/hooks/useRegistrationForm.ts:280:13)

    console.log
      [2026-02-08T19:37:12.349Z] Event defaultPrevented: undefined

      at Object.log [as handleSubmit] (src/hooks/useRegistrationForm.ts:281:13)

    console.log
      [2026-02-08T19:37:12.349Z] Event type: undefined

      at Object.log [as handleSubmit] (src/hooks/useRegistrationForm.ts:282:13)

    console.log
      [2026-02-08T19:37:12.349Z] Event target: undefined

      at Object.log [as handleSubmit] (src/hooks/useRegistrationForm.ts:283:13)

    console.log
      [2026-02-08T19:37:12.349Z] Form data: {
        "fullName": "John Doe",
        "email": "test@example.com",
        "password": ")l1?[~e7kdEIi3q\\)H:1KzQ",
        "confirmPassword": "|dO"
      }

      at Object.log [as handleSubmit] (src/hooks/useRegistrationForm.ts:284:13)

    console.log
      [2026-02-08T19:37:12.349Z] Current errors: {}

      at Object.log [as handleSubmit] (src/hooks/useRegistrationForm.ts:285:13)

    console.log
      [2026-02-08T19:37:12.349Z] Is rate limited: false

      at Object.log [as handleSubmit] (src/hooks/useRegistrationForm.ts:286:13)

    console.log
      [2026-02-08T19:37:12.349Z] Validation result: false

      at Object.log [as handleSubmit] (src/hooks/useRegistrationForm.ts:296:13)

    console.log
      [2026-02-08T19:37:12.349Z] ❌ Form submission blocked: validation failed

      at Object.log [as handleSubmit] (src/hooks/useRegistrationForm.ts:298:15)

    console.log
      [2026-02-08T19:37:12.349Z] Validation errors: {}

      at Object.log [as handleSubmit] (src/hooks/useRegistrationForm.ts:299:15)

    console.log
      ✅ preventDefault() called FIRST (stopPropagation also called if available)

      at Object.log [as handleSubmit] (src/hooks/useRegistrationForm.ts:277:13)

    console.log
      [2026-02-08T19:37:12.353Z] ========== FORM SUBMISSION STARTED ==========

      at Object.log [as handleSubmit] (src/hooks/useRegistrationForm.ts:280:13)

    console.log
      [2026-02-08T19:37:12.353Z] Event defaultPrevented: undefined

      at Object.log [as handleSubmit] (src/hooks/useRegistrationForm.ts:281:13)

    console.log
      [2026-02-08T19:37:12.353Z] Event type: undefined

      at Object.log [as handleSubmit] (src/hooks/useRegistrationForm.ts:282:13)

    console.log
      [2026-02-08T19:37:12.353Z] Event target: undefined

      at Object.log [as handleSubmit] (src/hooks/useRegistrationForm.ts:283:13)

    console.log
      [2026-02-08T19:37:12.353Z] Form data: {
        "fullName": "John Doe",
        "email": "test@example.com",
        "password": "W%{Q\"7!~`$z$RZ]",
        "confirmPassword": "ref"
      }

      at Object.log [as handleSubmit] (src/hooks/useRegistrationForm.ts:284:13)

    console.log
      [2026-02-08T19:37:12.353Z] Current errors: {}

      at Object.log [as handleSubmit] (src/hooks/useRegistrationForm.ts:285:13)

    console.log
      [2026-02-08T19:37:12.353Z] Is rate limited: false

      at Object.log [as handleSubmit] (src/hooks/useRegistrationForm.ts:286:13)

    console.log
      [2026-02-08T19:37:12.353Z] Validation result: false

      at Object.log [as handleSubmit] (src/hooks/useRegistrationForm.ts:296:13)

    console.log
      [2026-02-08T19:37:12.353Z] ❌ Form submission blocked: validation failed

      at Object.log [as handleSubmit] (src/hooks/useRegistrationForm.ts:298:15)

    console.log
      [2026-02-08T19:37:12.353Z] Validation errors: {}

      at Object.log [as handleSubmit] (src/hooks/useRegistrationForm.ts:299:15)

    console.log
      ✅ preventDefault() called FIRST (stopPropagation also called if available)

      at Object.log [as handleSubmit] (src/hooks/useRegistrationForm.ts:277:13)

    console.log
      [2026-02-08T19:37:12.356Z] ========== FORM SUBMISSION STARTED ==========

      at Object.log [as handleSubmit] (src/hooks/useRegistrationForm.ts:280:13)

    console.log
      [2026-02-08T19:37:12.356Z] Event defaultPrevented: undefined

      at Object.log [as handleSubmit] (src/hooks/useRegistrationForm.ts:281:13)

    console.log
      [2026-02-08T19:37:12.356Z] Event type: undefined

      at Object.log [as handleSubmit] (src/hooks/useRegistrationForm.ts:282:13)

    console.log
      [2026-02-08T19:37:12.356Z] Event target: undefined

      at Object.log [as handleSubmit] (src/hooks/useRegistrationForm.ts:283:13)

    console.log
      [2026-02-08T19:37:12.356Z] Form data: {
        "fullName": "John Doe",
        "email": "test@example.com",
        "password": "Z:AQaS=;Op+p8a)P'L",
        "confirmPassword": ""
      }

      at Object.log [as handleSubmit] (src/hooks/useRegistrationForm.ts:284:13)

    console.log
      [2026-02-08T19:37:12.356Z] Current errors: {}

      at Object.log [as handleSubmit] (src/hooks/useRegistrationForm.ts:285:13)

    console.log
      [2026-02-08T19:37:12.356Z] Is rate limited: false

      at Object.log [as handleSubmit] (src/hooks/useRegistrationForm.ts:286:13)

    console.log
      [2026-02-08T19:37:12.356Z] Validation result: false

      at Object.log [as handleSubmit] (src/hooks/useRegistrationForm.ts:296:13)

    console.log
      [2026-02-08T19:37:12.356Z] ❌ Form submission blocked: validation failed

      at Object.log [as handleSubmit] (src/hooks/useRegistrationForm.ts:298:15)

    console.log
      [2026-02-08T19:37:12.356Z] Validation errors: {}

      at Object.log [as handleSubmit] (src/hooks/useRegistrationForm.ts:299:15)

    console.log
      ✅ preventDefault() called FIRST (stopPropagation also called if available)

      at Object.log [as handleSubmit] (src/hooks/useRegistrationForm.ts:277:13)

    console.log
      [2026-02-08T19:37:12.359Z] ========== FORM SUBMISSION STARTED ==========

      at Object.log [as handleSubmit] (src/hooks/useRegistrationForm.ts:280:13)

    console.log
      [2026-02-08T19:37:12.359Z] Event defaultPrevented: undefined

      at Object.log [as handleSubmit] (src/hooks/useRegistrationForm.ts:281:13)

    console.log
      [2026-02-08T19:37:12.359Z] Event type: undefined

      at Object.log [as handleSubmit] (src/hooks/useRegistrationForm.ts:282:13)

    console.log
      [2026-02-08T19:37:12.359Z] Event target: undefined

      at Object.log [as handleSubmit] (src/hooks/useRegistrationForm.ts:283:13)

    console.log
      [2026-02-08T19:37:12.359Z] Form data: {
        "fullName": "John Doe",
        "email": "test@example.com",
        "password": "%I X$KW{6!(r_Q\"F$Tp#yl",
        "confirmPassword": "\"}Fj"
      }

      at Object.log [as handleSubmit] (src/hooks/useRegistrationForm.ts:284:13)

    console.log
      [2026-02-08T19:37:12.359Z] Current errors: {}

      at Object.log [as handleSubmit] (src/hooks/useRegistrationForm.ts:285:13)

    console.log
      [2026-02-08T19:37:12.359Z] Is rate limited: false

      at Object.log [as handleSubmit] (src/hooks/useRegistrationForm.ts:286:13)

    console.log
      [2026-02-08T19:37:12.359Z] Validation result: false

      at Object.log [as handleSubmit] (src/hooks/useRegistrationForm.ts:296:13)

    console.log
      [2026-02-08T19:37:12.359Z] ❌ Form submission blocked: validation failed

      at Object.log [as handleSubmit] (src/hooks/useRegistrationForm.ts:298:15)

    console.log
      [2026-02-08T19:37:12.359Z] Validation errors: {}

      at Object.log [as handleSubmit] (src/hooks/useRegistrationForm.ts:299:15)

    console.log
      ✅ preventDefault() called FIRST (stopPropagation also called if available)

      at Object.log [as handleSubmit] (src/hooks/useRegistrationForm.ts:277:13)

    console.log
      [2026-02-08T19:37:12.361Z] ========== FORM SUBMISSION STARTED ==========

      at Object.log [as handleSubmit] (src/hooks/useRegistrationForm.ts:280:13)

    console.log
      [2026-02-08T19:37:12.361Z] Event defaultPrevented: undefined

      at Object.log [as handleSubmit] (src/hooks/useRegistrationForm.ts:281:13)

    console.log
      [2026-02-08T19:37:12.361Z] Event type: undefined

      at Object.log [as handleSubmit] (src/hooks/useRegistrationForm.ts:282:13)

    console.log
      [2026-02-08T19:37:12.361Z] Event target: undefined

      at Object.log [as handleSubmit] (src/hooks/useRegistrationForm.ts:283:13)

    console.log
      [2026-02-08T19:37:12.361Z] Form data: {
        "fullName": "John Doe",
        "email": "test@example.com",
        "password": "B^aT:)o5sKj{7 UwCI+~0')J",
        "confirmPassword": "\\}=c"
      }

      at Object.log [as handleSubmit] (src/hooks/useRegistrationForm.ts:284:13)

    console.log
      [2026-02-08T19:37:12.361Z] Current errors: {}

      at Object.log [as handleSubmit] (src/hooks/useRegistrationForm.ts:285:13)

    console.log
      [2026-02-08T19:37:12.361Z] Is rate limited: false

      at Object.log [as handleSubmit] (src/hooks/useRegistrationForm.ts:286:13)

    console.log
      [2026-02-08T19:37:12.361Z] Validation result: false

      at Object.log [as handleSubmit] (src/hooks/useRegistrationForm.ts:296:13)

    console.log
      [2026-02-08T19:37:12.361Z] ❌ Form submission blocked: validation failed

      at Object.log [as handleSubmit] (src/hooks/useRegistrationForm.ts:298:15)

    console.log
      [2026-02-08T19:37:12.361Z] Validation errors: {}

      at Object.log [as handleSubmit] (src/hooks/useRegistrationForm.ts:299:15)

    console.log
      ✅ preventDefault() called FIRST (stopPropagation also called if available)

      at Object.log [as handleSubmit] (src/hooks/useRegistrationForm.ts:277:13)

    console.log
      [2026-02-08T19:37:12.367Z] ========== FORM SUBMISSION STARTED ==========

      at Object.log [as handleSubmit] (src/hooks/useRegistrationForm.ts:280:13)

    console.log
      [2026-02-08T19:37:12.367Z] Event defaultPrevented: undefined

      at Object.log [as handleSubmit] (src/hooks/useRegistrationForm.ts:281:13)

    console.log
      [2026-02-08T19:37:12.367Z] Event type: undefined

      at Object.log [as handleSubmit] (src/hooks/useRegistrationForm.ts:282:13)

    console.log
      [2026-02-08T19:37:12.367Z] Event target: undefined

      at Object.log [as handleSubmit] (src/hooks/useRegistrationForm.ts:283:13)

    console.log
      [2026-02-08T19:37:12.367Z] Form data: {
        "fullName": "John Doe",
        "email": "test@example.com",
        "password": "33q\\fHpy6;&C`.A9Q.5%`",
        "confirmPassword": "Y"
      }

      at Object.log [as handleSubmit] (src/hooks/useRegistrationForm.ts:284:13)

    console.log
      [2026-02-08T19:37:12.367Z] Current errors: {}

      at Object.log [as handleSubmit] (src/hooks/useRegistrationForm.ts:285:13)

    console.log
      [2026-02-08T19:37:12.367Z] Is rate limited: false

      at Object.log [as handleSubmit] (src/hooks/useRegistrationForm.ts:286:13)

    console.log
      [2026-02-08T19:37:12.367Z] Validation result: false

      at Object.log [as handleSubmit] (src/hooks/useRegistrationForm.ts:296:13)

    console.log
      [2026-02-08T19:37:12.367Z] ❌ Form submission blocked: validation failed

      at Object.log [as handleSubmit] (src/hooks/useRegistrationForm.ts:298:15)

    console.log
      [2026-02-08T19:37:12.367Z] Validation errors: {}

      at Object.log [as handleSubmit] (src/hooks/useRegistrationForm.ts:299:15)

    console.log
      ✅ preventDefault() called FIRST (stopPropagation also called if available)

      at Object.log [as handleSubmit] (src/hooks/useRegistrationForm.ts:277:13)

    console.log
      [2026-02-08T19:37:12.395Z] ========== FORM SUBMISSION STARTED ==========

      at Object.log [as handleSubmit] (src/hooks/useRegistrationForm.ts:280:13)

    console.log
      [2026-02-08T19:37:12.395Z] Event defaultPrevented: undefined

      at Object.log [as handleSubmit] (src/hooks/useRegistrationForm.ts:281:13)

    console.log
      [2026-02-08T19:37:12.395Z] Event type: undefined

      at Object.log [as handleSubmit] (src/hooks/useRegistrationForm.ts:282:13)

    console.log
      [2026-02-08T19:37:12.395Z] Event target: undefined

      at Object.log [as handleSubmit] (src/hooks/useRegistrationForm.ts:283:13)

    console.log
      [2026-02-08T19:37:12.395Z] Form data: {
        "fullName": "John Doe",
        "email": "test@example.com",
        "password": "$~($8;^! _5TRf5[Pqh'v4;YLQ",
        "confirmPassword": "+!Gv5"
      }

      at Object.log [as handleSubmit] (src/hooks/useRegistrationForm.ts:284:13)

    console.log
      [2026-02-08T19:37:12.395Z] Current errors: {}

      at Object.log [as handleSubmit] (src/hooks/useRegistrationForm.ts:285:13)

    console.log
      [2026-02-08T19:37:12.395Z] Is rate limited: false

      at Object.log [as handleSubmit] (src/hooks/useRegistrationForm.ts:286:13)

    console.log
      [2026-02-08T19:37:12.395Z] Validation result: false

      at Object.log [as handleSubmit] (src/hooks/useRegistrationForm.ts:296:13)

    console.log
      [2026-02-08T19:37:12.395Z] ❌ Form submission blocked: validation failed

      at Object.log [as handleSubmit] (src/hooks/useRegistrationForm.ts:298:15)

    console.log
      [2026-02-08T19:37:12.395Z] Validation errors: {}

      at Object.log [as handleSubmit] (src/hooks/useRegistrationForm.ts:299:15)

    console.log
      ✅ preventDefault() called FIRST (stopPropagation also called if available)

      at Object.log [as handleSubmit] (src/hooks/useRegistrationForm.ts:277:13)

    console.log
      [2026-02-08T19:37:12.400Z] ========== FORM SUBMISSION STARTED ==========

      at Object.log [as handleSubmit] (src/hooks/useRegistrationForm.ts:280:13)

    console.log
      [2026-02-08T19:37:12.400Z] Event defaultPrevented: undefined

      at Object.log [as handleSubmit] (src/hooks/useRegistrationForm.ts:281:13)

    console.log
      [2026-02-08T19:37:12.400Z] Event type: undefined

      at Object.log [as handleSubmit] (src/hooks/useRegistrationForm.ts:282:13)

    console.log
      [2026-02-08T19:37:12.400Z] Event target: undefined

      at Object.log [as handleSubmit] (src/hooks/useRegistrationForm.ts:283:13)

    console.log
      [2026-02-08T19:37:12.400Z] Form data: {
        "fullName": "John Doe",
        "email": "test@example.com",
        "password": "vja2^}].44.],\"zQ-+)hrMRQ",
        "confirmPassword": "p"
      }

      at Object.log [as handleSubmit] (src/hooks/useRegistrationForm.ts:284:13)

    console.log
      [2026-02-08T19:37:12.400Z] Current errors: {}

      at Object.log [as handleSubmit] (src/hooks/useRegistrationForm.ts:285:13)

    console.log
      [2026-02-08T19:37:12.400Z] Is rate limited: false

      at Object.log [as handleSubmit] (src/hooks/useRegistrationForm.ts:286:13)

    console.log
      [2026-02-08T19:37:12.400Z] Validation result: false

      at Object.log [as handleSubmit] (src/hooks/useRegistrationForm.ts:296:13)

    console.log
      [2026-02-08T19:37:12.400Z] ❌ Form submission blocked: validation failed

      at Object.log [as handleSubmit] (src/hooks/useRegistrationForm.ts:298:15)

    console.log
      [2026-02-08T19:37:12.400Z] Validation errors: {}

      at Object.log [as handleSubmit] (src/hooks/useRegistrationForm.ts:299:15)

    console.log
      ✅ preventDefault() called FIRST (stopPropagation also called if available)

      at Object.log [as handleSubmit] (src/hooks/useRegistrationForm.ts:277:13)

    console.log
      [2026-02-08T19:37:12.401Z] ========== FORM SUBMISSION STARTED ==========

      at Object.log [as handleSubmit] (src/hooks/useRegistrationForm.ts:280:13)

    console.log
      [2026-02-08T19:37:12.401Z] Event defaultPrevented: undefined

      at Object.log [as handleSubmit] (src/hooks/useRegistrationForm.ts:281:13)

    console.log
      [2026-02-08T19:37:12.401Z] Event type: undefined

      at Object.log [as handleSubmit] (src/hooks/useRegistrationForm.ts:282:13)

    console.log
      [2026-02-08T19:37:12.401Z] Event target: undefined

      at Object.log [as handleSubmit] (src/hooks/useRegistrationForm.ts:283:13)

    console.log
      [2026-02-08T19:37:12.401Z] Form data: {
        "fullName": "John Doe",
        "email": "test@example.com",
        "password": "0J.qL,n*kW-7^xo2/!?/s",
        "confirmPassword": ""
      }

      at Object.log [as handleSubmit] (src/hooks/useRegistrationForm.ts:284:13)

    console.log
      [2026-02-08T19:37:12.401Z] Current errors: {}

      at Object.log [as handleSubmit] (src/hooks/useRegistrationForm.ts:285:13)

    console.log
      [2026-02-08T19:37:12.401Z] Is rate limited: false

      at Object.log [as handleSubmit] (src/hooks/useRegistrationForm.ts:286:13)

    console.log
      [2026-02-08T19:37:12.401Z] Validation result: false

      at Object.log [as handleSubmit] (src/hooks/useRegistrationForm.ts:296:13)

    console.log
      [2026-02-08T19:37:12.401Z] ❌ Form submission blocked: validation failed

      at Object.log [as handleSubmit] (src/hooks/useRegistrationForm.ts:298:15)

    console.log
      [2026-02-08T19:37:12.401Z] Validation errors: {}

      at Object.log [as handleSubmit] (src/hooks/useRegistrationForm.ts:299:15)

    console.log
      ✅ preventDefault() called FIRST (stopPropagation also called if available)

      at Object.log [as handleSubmit] (src/hooks/useRegistrationForm.ts:277:13)

    console.log
      [2026-02-08T19:37:12.407Z] ========== FORM SUBMISSION STARTED ==========

      at Object.log [as handleSubmit] (src/hooks/useRegistrationForm.ts:280:13)

    console.log
      [2026-02-08T19:37:12.407Z] Event defaultPrevented: undefined

      at Object.log [as handleSubmit] (src/hooks/useRegistrationForm.ts:281:13)

    console.log
      [2026-02-08T19:37:12.407Z] Event type: undefined

      at Object.log [as handleSubmit] (src/hooks/useRegistrationForm.ts:282:13)

    console.log
      [2026-02-08T19:37:12.407Z] Event target: undefined

      at Object.log [as handleSubmit] (src/hooks/useRegistrationForm.ts:283:13)

    console.log
      [2026-02-08T19:37:12.407Z] Form data: {
        "fullName": "John Doe",
        "email": "test@example.com",
        "password": "*[&1s.`dS^f*5E$ek ?%x'r*%\\",
        "confirmPassword": "E1H"
      }

      at Object.log [as handleSubmit] (src/hooks/useRegistrationForm.ts:284:13)

    console.log
      [2026-02-08T19:37:12.407Z] Current errors: {}

      at Object.log [as handleSubmit] (src/hooks/useRegistrationForm.ts:285:13)

    console.log
      [2026-02-08T19:37:12.407Z] Is rate limited: false

      at Object.log [as handleSubmit] (src/hooks/useRegistrationForm.ts:286:13)

    console.log
      [2026-02-08T19:37:12.407Z] Validation result: false

      at Object.log [as handleSubmit] (src/hooks/useRegistrationForm.ts:296:13)

    console.log
      [2026-02-08T19:37:12.407Z] ❌ Form submission blocked: validation failed

      at Object.log [as handleSubmit] (src/hooks/useRegistrationForm.ts:298:15)

    console.log
      [2026-02-08T19:37:12.407Z] Validation errors: {}

      at Object.log [as handleSubmit] (src/hooks/useRegistrationForm.ts:299:15)

    console.log
      ✅ preventDefault() called FIRST (stopPropagation also called if available)

      at Object.log [as handleSubmit] (src/hooks/useRegistrationForm.ts:277:13)

    console.log
      [2026-02-08T19:37:12.415Z] ========== FORM SUBMISSION STARTED ==========

      at Object.log [as handleSubmit] (src/hooks/useRegistrationForm.ts:280:13)

    console.log
      [2026-02-08T19:37:12.415Z] Event defaultPrevented: undefined

      at Object.log [as handleSubmit] (src/hooks/useRegistrationForm.ts:281:13)

    console.log
      [2026-02-08T19:37:12.415Z] Event type: undefined

      at Object.log [as handleSubmit] (src/hooks/useRegistrationForm.ts:282:13)

    console.log
      [2026-02-08T19:37:12.415Z] Event target: undefined

      at Object.log [as handleSubmit] (src/hooks/useRegistrationForm.ts:283:13)

    console.log
      [2026-02-08T19:37:12.415Z] Form data: {
        "fullName": "John Doe",
        "email": "test@example.com",
        "password": "ptzi2*+\\7B=`MK0nY1GkW",
        "confirmPassword": "tOcc"
      }

      at Object.log [as handleSubmit] (src/hooks/useRegistrationForm.ts:284:13)

    console.log
      [2026-02-08T19:37:12.415Z] Current errors: {}

      at Object.log [as handleSubmit] (src/hooks/useRegistrationForm.ts:285:13)

    console.log
      [2026-02-08T19:37:12.415Z] Is rate limited: false

      at Object.log [as handleSubmit] (src/hooks/useRegistrationForm.ts:286:13)

    console.log
      [2026-02-08T19:37:12.415Z] Validation result: false

      at Object.log [as handleSubmit] (src/hooks/useRegistrationForm.ts:296:13)

    console.log
      [2026-02-08T19:37:12.415Z] ❌ Form submission blocked: validation failed

      at Object.log [as handleSubmit] (src/hooks/useRegistrationForm.ts:298:15)

    console.log
      [2026-02-08T19:37:12.415Z] Validation errors: {}

      at Object.log [as handleSubmit] (src/hooks/useRegistrationForm.ts:299:15)

    console.log
      ✅ preventDefault() called FIRST (stopPropagation also called if available)

      at Object.log [as handleSubmit] (src/hooks/useRegistrationForm.ts:277:13)

    console.log
      [2026-02-08T19:37:12.421Z] ========== FORM SUBMISSION STARTED ==========

      at Object.log [as handleSubmit] (src/hooks/useRegistrationForm.ts:280:13)

    console.log
      [2026-02-08T19:37:12.421Z] Event defaultPrevented: undefined

      at Object.log [as handleSubmit] (src/hooks/useRegistrationForm.ts:281:13)

    console.log
      [2026-02-08T19:37:12.421Z] Event type: undefined

      at Object.log [as handleSubmit] (src/hooks/useRegistrationForm.ts:282:13)

    console.log
      [2026-02-08T19:37:12.421Z] Event target: undefined

      at Object.log [as handleSubmit] (src/hooks/useRegistrationForm.ts:283:13)

    console.log
      [2026-02-08T19:37:12.421Z] Form data: {
        "fullName": "John Doe",
        "email": "test@example.com",
        "password": "&u <cimy79G(",
        "confirmPassword": "sbUR]}<+f5"
      }

      at Object.log [as handleSubmit] (src/hooks/useRegistrationForm.ts:284:13)

    console.log
      [2026-02-08T19:37:12.421Z] Current errors: {}

      at Object.log [as handleSubmit] (src/hooks/useRegistrationForm.ts:285:13)

    console.log
      [2026-02-08T19:37:12.421Z] Is rate limited: false

      at Object.log [as handleSubmit] (src/hooks/useRegistrationForm.ts:286:13)

    console.log
      [2026-02-08T19:37:12.421Z] Validation result: false

      at Object.log [as handleSubmit] (src/hooks/useRegistrationForm.ts:296:13)

    console.log
      [2026-02-08T19:37:12.421Z] ❌ Form submission blocked: validation failed

      at Object.log [as handleSubmit] (src/hooks/useRegistrationForm.ts:298:15)

    console.log
      [2026-02-08T19:37:12.421Z] Validation errors: {}

      at Object.log [as handleSubmit] (src/hooks/useRegistrationForm.ts:299:15)

    console.log
      ✅ preventDefault() called FIRST (stopPropagation also called if available)

      at Object.log [as handleSubmit] (src/hooks/useRegistrationForm.ts:277:13)

    console.log
      [2026-02-08T19:37:12.426Z] ========== FORM SUBMISSION STARTED ==========

      at Object.log [as handleSubmit] (src/hooks/useRegistrationForm.ts:280:13)

    console.log
      [2026-02-08T19:37:12.426Z] Event defaultPrevented: undefined

      at Object.log [as handleSubmit] (src/hooks/useRegistrationForm.ts:281:13)

    console.log
      [2026-02-08T19:37:12.426Z] Event type: undefined

      at Object.log [as handleSubmit] (src/hooks/useRegistrationForm.ts:282:13)

    console.log
      [2026-02-08T19:37:12.426Z] Event target: undefined

      at Object.log [as handleSubmit] (src/hooks/useRegistrationForm.ts:283:13)

    console.log
      [2026-02-08T19:37:12.426Z] Form data: {
        "fullName": "John Doe",
        "email": "test@example.com",
        "password": "\"Z$TX9.yG[",
        "confirmPassword": "G#"
      }

      at Object.log [as handleSubmit] (src/hooks/useRegistrationForm.ts:284:13)

    console.log
      [2026-02-08T19:37:12.426Z] Current errors: {}

      at Object.log [as handleSubmit] (src/hooks/useRegistrationForm.ts:285:13)

    console.log
      [2026-02-08T19:37:12.426Z] Is rate limited: false

      at Object.log [as handleSubmit] (src/hooks/useRegistrationForm.ts:286:13)

    console.log
      [2026-02-08T19:37:12.426Z] Validation result: false

      at Object.log [as handleSubmit] (src/hooks/useRegistrationForm.ts:296:13)

    console.log
      [2026-02-08T19:37:12.426Z] ❌ Form submission blocked: validation failed

      at Object.log [as handleSubmit] (src/hooks/useRegistrationForm.ts:298:15)

    console.log
      [2026-02-08T19:37:12.426Z] Validation errors: {}

      at Object.log [as handleSubmit] (src/hooks/useRegistrationForm.ts:299:15)

    console.log
      ✅ preventDefault() called FIRST (stopPropagation also called if available)

      at Object.log [as handleSubmit] (src/hooks/useRegistrationForm.ts:277:13)

    console.log
      [2026-02-08T19:37:12.432Z] ========== FORM SUBMISSION STARTED ==========

      at Object.log [as handleSubmit] (src/hooks/useRegistrationForm.ts:280:13)

    console.log
      [2026-02-08T19:37:12.432Z] Event defaultPrevented: undefined

      at Object.log [as handleSubmit] (src/hooks/useRegistrationForm.ts:281:13)

    console.log
      [2026-02-08T19:37:12.432Z] Event type: undefined

      at Object.log [as handleSubmit] (src/hooks/useRegistrationForm.ts:282:13)

    console.log
      [2026-02-08T19:37:12.432Z] Event target: undefined

      at Object.log [as handleSubmit] (src/hooks/useRegistrationForm.ts:283:13)

    console.log
      [2026-02-08T19:37:12.432Z] Form data: {
        "fullName": "John Doe",
        "email": "test@example.com",
        "password": "z^fZSGk~E`tVb-i0KO5",
        "confirmPassword": "M3wCX_[9x"
      }

      at Object.log [as handleSubmit] (src/hooks/useRegistrationForm.ts:284:13)

    console.log
      [2026-02-08T19:37:12.432Z] Current errors: {}

      at Object.log [as handleSubmit] (src/hooks/useRegistrationForm.ts:285:13)

    console.log
      [2026-02-08T19:37:12.432Z] Is rate limited: false

      at Object.log [as handleSubmit] (src/hooks/useRegistrationForm.ts:286:13)

    console.log
      [2026-02-08T19:37:12.432Z] Validation result: false

      at Object.log [as handleSubmit] (src/hooks/useRegistrationForm.ts:296:13)

    console.log
      [2026-02-08T19:37:12.432Z] ❌ Form submission blocked: validation failed

      at Object.log [as handleSubmit] (src/hooks/useRegistrationForm.ts:298:15)

    console.log
      [2026-02-08T19:37:12.432Z] Validation errors: {}

      at Object.log [as handleSubmit] (src/hooks/useRegistrationForm.ts:299:15)

    console.log
      ✅ preventDefault() called FIRST (stopPropagation also called if available)

      at Object.log [as handleSubmit] (src/hooks/useRegistrationForm.ts:277:13)

    console.log
      [2026-02-08T19:37:12.436Z] ========== FORM SUBMISSION STARTED ==========

      at Object.log [as handleSubmit] (src/hooks/useRegistrationForm.ts:280:13)

    console.log
      [2026-02-08T19:37:12.436Z] Event defaultPrevented: undefined

      at Object.log [as handleSubmit] (src/hooks/useRegistrationForm.ts:281:13)

    console.log
      [2026-02-08T19:37:12.436Z] Event type: undefined

      at Object.log [as handleSubmit] (src/hooks/useRegistrationForm.ts:282:13)

    console.log
      [2026-02-08T19:37:12.436Z] Event target: undefined

      at Object.log [as handleSubmit] (src/hooks/useRegistrationForm.ts:283:13)

    console.log
      [2026-02-08T19:37:12.436Z] Form data: {
        "fullName": "John Doe",
        "email": "test@example.com",
        "password": "4&r&m yA\"\"x:#r",
        "confirmPassword": "__defi"
      }

      at Object.log [as handleSubmit] (src/hooks/useRegistrationForm.ts:284:13)

    console.log
      [2026-02-08T19:37:12.436Z] Current errors: {}

      at Object.log [as handleSubmit] (src/hooks/useRegistrationForm.ts:285:13)

    console.log
      [2026-02-08T19:37:12.436Z] Is rate limited: false

      at Object.log [as handleSubmit] (src/hooks/useRegistrationForm.ts:286:13)

    console.log
      [2026-02-08T19:37:12.436Z] Validation result: false

      at Object.log [as handleSubmit] (src/hooks/useRegistrationForm.ts:296:13)

    console.log
      [2026-02-08T19:37:12.436Z] ❌ Form submission blocked: validation failed

      at Object.log [as handleSubmit] (src/hooks/useRegistrationForm.ts:298:15)

    console.log
      [2026-02-08T19:37:12.436Z] Validation errors: {}

      at Object.log [as handleSubmit] (src/hooks/useRegistrationForm.ts:299:15)

    console.log
      ✅ preventDefault() called FIRST (stopPropagation also called if available)

      at Object.log [as handleSubmit] (src/hooks/useRegistrationForm.ts:277:13)

    console.log
      [2026-02-08T19:37:12.443Z] ========== FORM SUBMISSION STARTED ==========

      at Object.log [as handleSubmit] (src/hooks/useRegistrationForm.ts:280:13)

    console.log
      [2026-02-08T19:37:12.443Z] Event defaultPrevented: undefined

      at Object.log [as handleSubmit] (src/hooks/useRegistrationForm.ts:281:13)

    console.log
      [2026-02-08T19:37:12.443Z] Event type: undefined

      at Object.log [as handleSubmit] (src/hooks/useRegistrationForm.ts:282:13)

    console.log
      [2026-02-08T19:37:12.443Z] Event target: undefined

      at Object.log [as handleSubmit] (src/hooks/useRegistrationForm.ts:283:13)

    console.log
      [2026-02-08T19:37:12.443Z] Form data: {
        "fullName": "John Doe",
        "email": "test@example.com",
        "password": "R.AJaLkfxVzk.3",
        "confirmPassword": ""
      }

      at Object.log [as handleSubmit] (src/hooks/useRegistrationForm.ts:284:13)

    console.log
      [2026-02-08T19:37:12.443Z] Current errors: {}

      at Object.log [as handleSubmit] (src/hooks/useRegistrationForm.ts:285:13)

    console.log
      [2026-02-08T19:37:12.443Z] Is rate limited: false

      at Object.log [as handleSubmit] (src/hooks/useRegistrationForm.ts:286:13)

    console.log
      [2026-02-08T19:37:12.443Z] Validation result: false

      at Object.log [as handleSubmit] (src/hooks/useRegistrationForm.ts:296:13)

    console.log
      [2026-02-08T19:37:12.443Z] ❌ Form submission blocked: validation failed

      at Object.log [as handleSubmit] (src/hooks/useRegistrationForm.ts:298:15)

    console.log
      [2026-02-08T19:37:12.443Z] Validation errors: {}

      at Object.log [as handleSubmit] (src/hooks/useRegistrationForm.ts:299:15)

    console.log
      ✅ preventDefault() called FIRST (stopPropagation also called if available)

      at Object.log [as handleSubmit] (src/hooks/useRegistrationForm.ts:277:13)

    console.log
      [2026-02-08T19:37:12.451Z] ========== FORM SUBMISSION STARTED ==========

      at Object.log [as handleSubmit] (src/hooks/useRegistrationForm.ts:280:13)

    console.log
      [2026-02-08T19:37:12.451Z] Event defaultPrevented: undefined

      at Object.log [as handleSubmit] (src/hooks/useRegistrationForm.ts:281:13)

    console.log
      [2026-02-08T19:37:12.451Z] Event type: undefined

      at Object.log [as handleSubmit] (src/hooks/useRegistrationForm.ts:282:13)

    console.log
      [2026-02-08T19:37:12.451Z] Event target: undefined

      at Object.log [as handleSubmit] (src/hooks/useRegistrationForm.ts:283:13)

    console.log
      [2026-02-08T19:37:12.451Z] Form data: {
        "fullName": "John Doe",
        "email": "test@example.com",
        "password": "Pz&q&%&#&%{`#2=x",
        "confirmPassword": "#,* r"
      }

      at Object.log [as handleSubmit] (src/hooks/useRegistrationForm.ts:284:13)

    console.log
      [2026-02-08T19:37:12.451Z] Current errors: {}

      at Object.log [as handleSubmit] (src/hooks/useRegistrationForm.ts:285:13)

    console.log
      [2026-02-08T19:37:12.451Z] Is rate limited: false

      at Object.log [as handleSubmit] (src/hooks/useRegistrationForm.ts:286:13)

    console.log
      [2026-02-08T19:37:12.451Z] Validation result: false

      at Object.log [as handleSubmit] (src/hooks/useRegistrationForm.ts:296:13)

    console.log
      [2026-02-08T19:37:12.451Z] ❌ Form submission blocked: validation failed

      at Object.log [as handleSubmit] (src/hooks/useRegistrationForm.ts:298:15)

    console.log
      [2026-02-08T19:37:12.451Z] Validation errors: {}

      at Object.log [as handleSubmit] (src/hooks/useRegistrationForm.ts:299:15)

    console.log
      ✅ preventDefault() called FIRST (stopPropagation also called if available)

      at Object.log [as handleSubmit] (src/hooks/useRegistrationForm.ts:277:13)

    console.log
      [2026-02-08T19:37:12.453Z] ========== FORM SUBMISSION STARTED ==========

      at Object.log [as handleSubmit] (src/hooks/useRegistrationForm.ts:280:13)

    console.log
      [2026-02-08T19:37:12.453Z] Event defaultPrevented: undefined

      at Object.log [as handleSubmit] (src/hooks/useRegistrationForm.ts:281:13)

    console.log
      [2026-02-08T19:37:12.453Z] Event type: undefined

      at Object.log [as handleSubmit] (src/hooks/useRegistrationForm.ts:282:13)

    console.log
      [2026-02-08T19:37:12.453Z] Event target: undefined

      at Object.log [as handleSubmit] (src/hooks/useRegistrationForm.ts:283:13)

    console.log
      [2026-02-08T19:37:12.453Z] Form data: {
        "fullName": "John Doe",
        "email": "test@example.com",
        "password": "OmOOZ0zL!f@+D{N:",
        "confirmPassword": "#$c|*"
      }

      at Object.log [as handleSubmit] (src/hooks/useRegistrationForm.ts:284:13)

    console.log
      [2026-02-08T19:37:12.453Z] Current errors: {}

      at Object.log [as handleSubmit] (src/hooks/useRegistrationForm.ts:285:13)

    console.log
      [2026-02-08T19:37:12.453Z] Is rate limited: false

      at Object.log [as handleSubmit] (src/hooks/useRegistrationForm.ts:286:13)

    console.log
      [2026-02-08T19:37:12.453Z] Validation result: false

      at Object.log [as handleSubmit] (src/hooks/useRegistrationForm.ts:296:13)

    console.log
      [2026-02-08T19:37:12.453Z] ❌ Form submission blocked: validation failed

      at Object.log [as handleSubmit] (src/hooks/useRegistrationForm.ts:298:15)

    console.log
      [2026-02-08T19:37:12.453Z] Validation errors: {}

      at Object.log [as handleSubmit] (src/hooks/useRegistrationForm.ts:299:15)

    console.log
      ✅ preventDefault() called FIRST (stopPropagation also called if available)

      at Object.log [as handleSubmit] (src/hooks/useRegistrationForm.ts:277:13)

    console.log
      [2026-02-08T19:37:12.457Z] ========== FORM SUBMISSION STARTED ==========

      at Object.log [as handleSubmit] (src/hooks/useRegistrationForm.ts:280:13)

    console.log
      [2026-02-08T19:37:12.457Z] Event defaultPrevented: undefined

      at Object.log [as handleSubmit] (src/hooks/useRegistrationForm.ts:281:13)

    console.log
      [2026-02-08T19:37:12.457Z] Event type: undefined

      at Object.log [as handleSubmit] (src/hooks/useRegistrationForm.ts:282:13)

    console.log
      [2026-02-08T19:37:12.457Z] Event target: undefined

      at Object.log [as handleSubmit] (src/hooks/useRegistrationForm.ts:283:13)

    console.log
      [2026-02-08T19:37:12.457Z] Form data: {
        "fullName": "John Doe",
        "email": "test@example.com",
        "password": "akwCI(0*",
        "confirmPassword": ""
      }

      at Object.log [as handleSubmit] (src/hooks/useRegistrationForm.ts:284:13)

    console.log
      [2026-02-08T19:37:12.457Z] Current errors: {}

      at Object.log [as handleSubmit] (src/hooks/useRegistrationForm.ts:285:13)

    console.log
      [2026-02-08T19:37:12.457Z] Is rate limited: false

      at Object.log [as handleSubmit] (src/hooks/useRegistrationForm.ts:286:13)

    console.log
      [2026-02-08T19:37:12.457Z] Validation result: false

      at Object.log [as handleSubmit] (src/hooks/useRegistrationForm.ts:296:13)

    console.log
      [2026-02-08T19:37:12.457Z] ❌ Form submission blocked: validation failed

      at Object.log [as handleSubmit] (src/hooks/useRegistrationForm.ts:298:15)

    console.log
      [2026-02-08T19:37:12.457Z] Validation errors: {}

      at Object.log [as handleSubmit] (src/hooks/useRegistrationForm.ts:299:15)

    console.log
      ✅ preventDefault() called FIRST (stopPropagation also called if available)

      at Object.log [as handleSubmit] (src/hooks/useRegistrationForm.ts:277:13)

    console.log
      [2026-02-08T19:37:12.461Z] ========== FORM SUBMISSION STARTED ==========

      at Object.log [as handleSubmit] (src/hooks/useRegistrationForm.ts:280:13)

    console.log
      [2026-02-08T19:37:12.461Z] Event defaultPrevented: undefined

      at Object.log [as handleSubmit] (src/hooks/useRegistrationForm.ts:281:13)

    console.log
      [2026-02-08T19:37:12.461Z] Event type: undefined

      at Object.log [as handleSubmit] (src/hooks/useRegistrationForm.ts:282:13)

    console.log
      [2026-02-08T19:37:12.461Z] Event target: undefined

      at Object.log [as handleSubmit] (src/hooks/useRegistrationForm.ts:283:13)

    console.log
      [2026-02-08T19:37:12.461Z] Form data: {
        "fullName": "John Doe",
        "email": "test@example.com",
        "password": "{,(\\NYC)~,a>3pSy33bW[j9S",
        "confirmPassword": "V"
      }

      at Object.log [as handleSubmit] (src/hooks/useRegistrationForm.ts:284:13)

    console.log
      [2026-02-08T19:37:12.461Z] Current errors: {}

      at Object.log [as handleSubmit] (src/hooks/useRegistrationForm.ts:285:13)

    console.log
      [2026-02-08T19:37:12.461Z] Is rate limited: false

      at Object.log [as handleSubmit] (src/hooks/useRegistrationForm.ts:286:13)

    console.log
      [2026-02-08T19:37:12.461Z] Validation result: false

      at Object.log [as handleSubmit] (src/hooks/useRegistrationForm.ts:296:13)

    console.log
      [2026-02-08T19:37:12.461Z] ❌ Form submission blocked: validation failed

      at Object.log [as handleSubmit] (src/hooks/useRegistrationForm.ts:298:15)

    console.log
      [2026-02-08T19:37:12.461Z] Validation errors: {}

      at Object.log [as handleSubmit] (src/hooks/useRegistrationForm.ts:299:15)

    console.log
      ✅ preventDefault() called FIRST (stopPropagation also called if available)

      at Object.log [as handleSubmit] (src/hooks/useRegistrationForm.ts:277:13)

    console.log
      [2026-02-08T19:37:12.466Z] ========== FORM SUBMISSION STARTED ==========

      at Object.log [as handleSubmit] (src/hooks/useRegistrationForm.ts:280:13)

    console.log
      [2026-02-08T19:37:12.466Z] Event defaultPrevented: undefined

      at Object.log [as handleSubmit] (src/hooks/useRegistrationForm.ts:281:13)

    console.log
      [2026-02-08T19:37:12.466Z] Event type: undefined

      at Object.log [as handleSubmit] (src/hooks/useRegistrationForm.ts:282:13)

    console.log
      [2026-02-08T19:37:12.466Z] Event target: undefined

      at Object.log [as handleSubmit] (src/hooks/useRegistrationForm.ts:283:13)

    console.log
      [2026-02-08T19:37:12.466Z] Form data: {
        "fullName": "John Doe",
        "email": "test@example.com",
        "password": "9QDyF~u]/m",
        "confirmPassword": "{"
      }

      at Object.log [as handleSubmit] (src/hooks/useRegistrationForm.ts:284:13)

    console.log
      [2026-02-08T19:37:12.466Z] Current errors: {}

      at Object.log [as handleSubmit] (src/hooks/useRegistrationForm.ts:285:13)

    console.log
      [2026-02-08T19:37:12.466Z] Is rate limited: false

      at Object.log [as handleSubmit] (src/hooks/useRegistrationForm.ts:286:13)

    console.log
      [2026-02-08T19:37:12.466Z] Validation result: false

      at Object.log [as handleSubmit] (src/hooks/useRegistrationForm.ts:296:13)

    console.log
      [2026-02-08T19:37:12.466Z] ❌ Form submission blocked: validation failed

      at Object.log [as handleSubmit] (src/hooks/useRegistrationForm.ts:298:15)

    console.log
      [2026-02-08T19:37:12.466Z] Validation errors: {}

      at Object.log [as handleSubmit] (src/hooks/useRegistrationForm.ts:299:15)

    console.log
      ✅ preventDefault() called FIRST (stopPropagation also called if available)

      at Object.log [as handleSubmit] (src/hooks/useRegistrationForm.ts:277:13)

    console.log
      [2026-02-08T19:37:12.477Z] ========== FORM SUBMISSION STARTED ==========

      at Object.log [as handleSubmit] (src/hooks/useRegistrationForm.ts:280:13)

    console.log
      [2026-02-08T19:37:12.477Z] Event defaultPrevented: undefined

      at Object.log [as handleSubmit] (src/hooks/useRegistrationForm.ts:281:13)

    console.log
      [2026-02-08T19:37:12.477Z] Event type: undefined

      at Object.log [as handleSubmit] (src/hooks/useRegistrationForm.ts:282:13)

    console.log
      [2026-02-08T19:37:12.477Z] Event target: undefined

      at Object.log [as handleSubmit] (src/hooks/useRegistrationForm.ts:283:13)

    console.log
      [2026-02-08T19:37:12.477Z] Form data: {
        "fullName": "John Doe",
        "email": "test@example.com",
        "password": "}18W%bm5)H",
        "confirmPassword": "key"
      }

      at Object.log [as handleSubmit] (src/hooks/useRegistrationForm.ts:284:13)

    console.log
      [2026-02-08T19:37:12.477Z] Current errors: {}

      at Object.log [as handleSubmit] (src/hooks/useRegistrationForm.ts:285:13)

    console.log
      [2026-02-08T19:37:12.477Z] Is rate limited: false

      at Object.log [as handleSubmit] (src/hooks/useRegistrationForm.ts:286:13)

    console.log
      [2026-02-08T19:37:12.477Z] Validation result: false

      at Object.log [as handleSubmit] (src/hooks/useRegistrationForm.ts:296:13)

    console.log
      [2026-02-08T19:37:12.477Z] ❌ Form submission blocked: validation failed

      at Object.log [as handleSubmit] (src/hooks/useRegistrationForm.ts:298:15)

    console.log
      [2026-02-08T19:37:12.477Z] Validation errors: {}

      at Object.log [as handleSubmit] (src/hooks/useRegistrationForm.ts:299:15)

    console.log
      ✅ preventDefault() called FIRST (stopPropagation also called if available)

      at Object.log [as handleSubmit] (src/hooks/useRegistrationForm.ts:277:13)

    console.log
      [2026-02-08T19:37:12.478Z] ========== FORM SUBMISSION STARTED ==========

      at Object.log [as handleSubmit] (src/hooks/useRegistrationForm.ts:280:13)

    console.log
      [2026-02-08T19:37:12.478Z] Event defaultPrevented: undefined

      at Object.log [as handleSubmit] (src/hooks/useRegistrationForm.ts:281:13)

    console.log
      [2026-02-08T19:37:12.478Z] Event type: undefined

      at Object.log [as handleSubmit] (src/hooks/useRegistrationForm.ts:282:13)

    console.log
      [2026-02-08T19:37:12.478Z] Event target: undefined

      at Object.log [as handleSubmit] (src/hooks/useRegistrationForm.ts:283:13)

    console.log
      [2026-02-08T19:37:12.478Z] Form data: {
        "fullName": "John Doe",
        "email": "test@example.com",
        "password": "T)1V8dZA6MT=O",
        "confirmPassword": ">appl"
      }

      at Object.log [as handleSubmit] (src/hooks/useRegistrationForm.ts:284:13)

    console.log
      [2026-02-08T19:37:12.478Z] Current errors: {}

      at Object.log [as handleSubmit] (src/hooks/useRegistrationForm.ts:285:13)

    console.log
      [2026-02-08T19:37:12.478Z] Is rate limited: false

      at Object.log [as handleSubmit] (src/hooks/useRegistrationForm.ts:286:13)

    console.log
      [2026-02-08T19:37:12.478Z] Validation result: false

      at Object.log [as handleSubmit] (src/hooks/useRegistrationForm.ts:296:13)

    console.log
      [2026-02-08T19:37:12.478Z] ❌ Form submission blocked: validation failed

      at Object.log [as handleSubmit] (src/hooks/useRegistrationForm.ts:298:15)

    console.log
      [2026-02-08T19:37:12.478Z] Validation errors: {}

      at Object.log [as handleSubmit] (src/hooks/useRegistrationForm.ts:299:15)

    console.log
      ✅ preventDefault() called FIRST (stopPropagation also called if available)

      at Object.log [as handleSubmit] (src/hooks/useRegistrationForm.ts:277:13)

    console.log
      [2026-02-08T19:37:12.480Z] ========== FORM SUBMISSION STARTED ==========

      at Object.log [as handleSubmit] (src/hooks/useRegistrationForm.ts:280:13)

    console.log
      [2026-02-08T19:37:12.480Z] Event defaultPrevented: undefined

      at Object.log [as handleSubmit] (src/hooks/useRegistrationForm.ts:281:13)

    console.log
      [2026-02-08T19:37:12.480Z] Event type: undefined

      at Object.log [as handleSubmit] (src/hooks/useRegistrationForm.ts:282:13)

    console.log
      [2026-02-08T19:37:12.480Z] Event target: undefined

      at Object.log [as handleSubmit] (src/hooks/useRegistrationForm.ts:283:13)

    console.log
      [2026-02-08T19:37:12.480Z] Form data: {
        "fullName": "John Doe",
        "email": "test@example.com",
        "password": "r$[[S\\3J!>M}R:K=-BzW^W;",
        "confirmPassword": ".pqEl.c/"
      }

      at Object.log [as handleSubmit] (src/hooks/useRegistrationForm.ts:284:13)

    console.log
      [2026-02-08T19:37:12.480Z] Current errors: {}

      at Object.log [as handleSubmit] (src/hooks/useRegistrationForm.ts:285:13)

    console.log
      [2026-02-08T19:37:12.480Z] Is rate limited: false

      at Object.log [as handleSubmit] (src/hooks/useRegistrationForm.ts:286:13)

    console.log
      [2026-02-08T19:37:12.480Z] Validation result: false

      at Object.log [as handleSubmit] (src/hooks/useRegistrationForm.ts:296:13)

    console.log
      [2026-02-08T19:37:12.480Z] ❌ Form submission blocked: validation failed

      at Object.log [as handleSubmit] (src/hooks/useRegistrationForm.ts:298:15)

    console.log
      [2026-02-08T19:37:12.480Z] Validation errors: {}

      at Object.log [as handleSubmit] (src/hooks/useRegistrationForm.ts:299:15)

    console.log
      ✅ preventDefault() called FIRST (stopPropagation also called if available)

      at Object.log [as handleSubmit] (src/hooks/useRegistrationForm.ts:277:13)

    console.log
      [2026-02-08T19:37:12.481Z] ========== FORM SUBMISSION STARTED ==========

      at Object.log [as handleSubmit] (src/hooks/useRegistrationForm.ts:280:13)

    console.log
      [2026-02-08T19:37:12.481Z] Event defaultPrevented: undefined

      at Object.log [as handleSubmit] (src/hooks/useRegistrationForm.ts:281:13)

    console.log
      [2026-02-08T19:37:12.481Z] Event type: undefined

      at Object.log [as handleSubmit] (src/hooks/useRegistrationForm.ts:282:13)

    console.log
      [2026-02-08T19:37:12.481Z] Event target: undefined

      at Object.log [as handleSubmit] (src/hooks/useRegistrationForm.ts:283:13)

    console.log
      [2026-02-08T19:37:12.481Z] Form data: {
        "fullName": "John Doe",
        "email": "test@example.com",
        "password": "QwO{MR<.-#<h23Etx`9fGzy}PY",
        "confirmPassword": "X}tQz()w"
      }

      at Object.log [as handleSubmit] (src/hooks/useRegistrationForm.ts:284:13)

    console.log
      [2026-02-08T19:37:12.481Z] Current errors: {}

      at Object.log [as handleSubmit] (src/hooks/useRegistrationForm.ts:285:13)

    console.log
      [2026-02-08T19:37:12.481Z] Is rate limited: false

      at Object.log [as handleSubmit] (src/hooks/useRegistrationForm.ts:286:13)

    console.log
      [2026-02-08T19:37:12.481Z] Validation result: false

      at Object.log [as handleSubmit] (src/hooks/useRegistrationForm.ts:296:13)

    console.log
      [2026-02-08T19:37:12.481Z] ❌ Form submission blocked: validation failed

      at Object.log [as handleSubmit] (src/hooks/useRegistrationForm.ts:298:15)

    console.log
      [2026-02-08T19:37:12.481Z] Validation errors: {}

      at Object.log [as handleSubmit] (src/hooks/useRegistrationForm.ts:299:15)

    console.log
      ✅ preventDefault() called FIRST (stopPropagation also called if available)

      at Object.log [as handleSubmit] (src/hooks/useRegistrationForm.ts:277:13)

    console.log
      [2026-02-08T19:37:12.494Z] ========== FORM SUBMISSION STARTED ==========

      at Object.log [as handleSubmit] (src/hooks/useRegistrationForm.ts:280:13)

    console.log
      [2026-02-08T19:37:12.494Z] Event defaultPrevented: undefined

      at Object.log [as handleSubmit] (src/hooks/useRegistrationForm.ts:281:13)

    console.log
      [2026-02-08T19:37:12.494Z] Event type: undefined

      at Object.log [as handleSubmit] (src/hooks/useRegistrationForm.ts:282:13)

    console.log
      [2026-02-08T19:37:12.494Z] Event target: undefined

      at Object.log [as handleSubmit] (src/hooks/useRegistrationForm.ts:283:13)

    console.log
      [2026-02-08T19:37:12.494Z] Form data: {
        "fullName": "John Doe",
        "email": "test@example.com",
        "password": "PHb@+D_HM+Mqe\\=v$}Ar[]0M",
        "confirmPassword": ""
      }

      at Object.log [as handleSubmit] (src/hooks/useRegistrationForm.ts:284:13)

    console.log
      [2026-02-08T19:37:12.494Z] Current errors: {}

      at Object.log [as handleSubmit] (src/hooks/useRegistrationForm.ts:285:13)

    console.log
      [2026-02-08T19:37:12.494Z] Is rate limited: false

      at Object.log [as handleSubmit] (src/hooks/useRegistrationForm.ts:286:13)

    console.log
      [2026-02-08T19:37:12.494Z] Validation result: false

      at Object.log [as handleSubmit] (src/hooks/useRegistrationForm.ts:296:13)

    console.log
      [2026-02-08T19:37:12.494Z] ❌ Form submission blocked: validation failed

      at Object.log [as handleSubmit] (src/hooks/useRegistrationForm.ts:298:15)

    console.log
      [2026-02-08T19:37:12.494Z] Validation errors: {}

      at Object.log [as handleSubmit] (src/hooks/useRegistrationForm.ts:299:15)

    console.log
      ✅ preventDefault() called FIRST (stopPropagation also called if available)

      at Object.log [as handleSubmit] (src/hooks/useRegistrationForm.ts:277:13)

    console.log
      [2026-02-08T19:37:12.498Z] ========== FORM SUBMISSION STARTED ==========

      at Object.log [as handleSubmit] (src/hooks/useRegistrationForm.ts:280:13)

    console.log
      [2026-02-08T19:37:12.498Z] Event defaultPrevented: undefined

      at Object.log [as handleSubmit] (src/hooks/useRegistrationForm.ts:281:13)

    console.log
      [2026-02-08T19:37:12.498Z] Event type: undefined

      at Object.log [as handleSubmit] (src/hooks/useRegistrationForm.ts:282:13)

    console.log
      [2026-02-08T19:37:12.498Z] Event target: undefined

      at Object.log [as handleSubmit] (src/hooks/useRegistrationForm.ts:283:13)

    console.log
      [2026-02-08T19:37:12.498Z] Form data: {
        "fullName": "John Doe",
        "email": "test@example.com",
        "password": "}$2fd;I8T|)&%39&X/!0/(9",
        "confirmPassword": "lx>"
      }

      at Object.log [as handleSubmit] (src/hooks/useRegistrationForm.ts:284:13)

    console.log
      [2026-02-08T19:37:12.498Z] Current errors: {}

      at Object.log [as handleSubmit] (src/hooks/useRegistrationForm.ts:285:13)

    console.log
      [2026-02-08T19:37:12.498Z] Is rate limited: false

      at Object.log [as handleSubmit] (src/hooks/useRegistrationForm.ts:286:13)

    console.log
      [2026-02-08T19:37:12.498Z] Validation result: false

      at Object.log [as handleSubmit] (src/hooks/useRegistrationForm.ts:296:13)

    console.log
      [2026-02-08T19:37:12.498Z] ❌ Form submission blocked: validation failed

      at Object.log [as handleSubmit] (src/hooks/useRegistrationForm.ts:298:15)

    console.log
      [2026-02-08T19:37:12.498Z] Validation errors: {}

      at Object.log [as handleSubmit] (src/hooks/useRegistrationForm.ts:299:15)

    console.log
      ✅ preventDefault() called FIRST (stopPropagation also called if available)

      at Object.log [as handleSubmit] (src/hooks/useRegistrationForm.ts:277:13)

    console.log
      [2026-02-08T19:37:12.503Z] ========== FORM SUBMISSION STARTED ==========

      at Object.log [as handleSubmit] (src/hooks/useRegistrationForm.ts:280:13)

    console.log
      [2026-02-08T19:37:12.503Z] Event defaultPrevented: undefined

      at Object.log [as handleSubmit] (src/hooks/useRegistrationForm.ts:281:13)

    console.log
      [2026-02-08T19:37:12.503Z] Event type: undefined

      at Object.log [as handleSubmit] (src/hooks/useRegistrationForm.ts:282:13)

    console.log
      [2026-02-08T19:37:12.503Z] Event target: undefined

      at Object.log [as handleSubmit] (src/hooks/useRegistrationForm.ts:283:13)

    console.log
      [2026-02-08T19:37:12.503Z] Form data: {
        "fullName": "John Doe",
        "email": "test@example.com",
        "password": "KPc >Bt)QfTiOd.u}'1;[:`o,Y",
        "confirmPassword": "%6[o]/X%m^"
      }

      at Object.log [as handleSubmit] (src/hooks/useRegistrationForm.ts:284:13)

    console.log
      [2026-02-08T19:37:12.503Z] Current errors: {}

      at Object.log [as handleSubmit] (src/hooks/useRegistrationForm.ts:285:13)

    console.log
      [2026-02-08T19:37:12.503Z] Is rate limited: false

      at Object.log [as handleSubmit] (src/hooks/useRegistrationForm.ts:286:13)

    console.log
      [2026-02-08T19:37:12.503Z] Validation result: false

      at Object.log [as handleSubmit] (src/hooks/useRegistrationForm.ts:296:13)

    console.log
      [2026-02-08T19:37:12.503Z] ❌ Form submission blocked: validation failed

      at Object.log [as handleSubmit] (src/hooks/useRegistrationForm.ts:298:15)

    console.log
      [2026-02-08T19:37:12.503Z] Validation errors: {}

      at Object.log [as handleSubmit] (src/hooks/useRegistrationForm.ts:299:15)

    console.log
      ✅ preventDefault() called FIRST (stopPropagation also called if available)

      at Object.log [as handleSubmit] (src/hooks/useRegistrationForm.ts:277:13)

    console.log
      [2026-02-08T19:37:12.507Z] ========== FORM SUBMISSION STARTED ==========

      at Object.log [as handleSubmit] (src/hooks/useRegistrationForm.ts:280:13)

    console.log
      [2026-02-08T19:37:12.507Z] Event defaultPrevented: undefined

      at Object.log [as handleSubmit] (src/hooks/useRegistrationForm.ts:281:13)

    console.log
      [2026-02-08T19:37:12.507Z] Event type: undefined

      at Object.log [as handleSubmit] (src/hooks/useRegistrationForm.ts:282:13)

    console.log
      [2026-02-08T19:37:12.507Z] Event target: undefined

      at Object.log [as handleSubmit] (src/hooks/useRegistrationForm.ts:283:13)

    console.log
      [2026-02-08T19:37:12.507Z] Form data: {
        "fullName": "John Doe",
        "email": "test@example.com",
        "password": "YsimY6zWhJu0aT^pad_{kls",
        "confirmPassword": "al"
      }

      at Object.log [as handleSubmit] (src/hooks/useRegistrationForm.ts:284:13)

    console.log
      [2026-02-08T19:37:12.507Z] Current errors: {}

      at Object.log [as handleSubmit] (src/hooks/useRegistrationForm.ts:285:13)

    console.log
      [2026-02-08T19:37:12.507Z] Is rate limited: false

      at Object.log [as handleSubmit] (src/hooks/useRegistrationForm.ts:286:13)

    console.log
      [2026-02-08T19:37:12.507Z] Validation result: false

      at Object.log [as handleSubmit] (src/hooks/useRegistrationForm.ts:296:13)

    console.log
      [2026-02-08T19:37:12.507Z] ❌ Form submission blocked: validation failed

      at Object.log [as handleSubmit] (src/hooks/useRegistrationForm.ts:298:15)

    console.log
      [2026-02-08T19:37:12.507Z] Validation errors: {}

      at Object.log [as handleSubmit] (src/hooks/useRegistrationForm.ts:299:15)

    console.log
      ✅ preventDefault() called FIRST (stopPropagation also called if available)

      at Object.log [as handleSubmit] (src/hooks/useRegistrationForm.ts:277:13)

    console.log
      [2026-02-08T19:37:12.509Z] ========== FORM SUBMISSION STARTED ==========

      at Object.log [as handleSubmit] (src/hooks/useRegistrationForm.ts:280:13)

    console.log
      [2026-02-08T19:37:12.509Z] Event defaultPrevented: undefined

      at Object.log [as handleSubmit] (src/hooks/useRegistrationForm.ts:281:13)

    console.log
      [2026-02-08T19:37:12.509Z] Event type: undefined

      at Object.log [as handleSubmit] (src/hooks/useRegistrationForm.ts:282:13)

    console.log
      [2026-02-08T19:37:12.509Z] Event target: undefined

      at Object.log [as handleSubmit] (src/hooks/useRegistrationForm.ts:283:13)

    console.log
      [2026-02-08T19:37:12.509Z] Form data: {
        "fullName": "John Doe",
        "email": "test@example.com",
        "password": "k5rHGytivEH\\jp*)G~xt6XMOd",
        "confirmPassword": "mZ"
      }

      at Object.log [as handleSubmit] (src/hooks/useRegistrationForm.ts:284:13)

    console.log
      [2026-02-08T19:37:12.509Z] Current errors: {}

      at Object.log [as handleSubmit] (src/hooks/useRegistrationForm.ts:285:13)

    console.log
      [2026-02-08T19:37:12.509Z] Is rate limited: false

      at Object.log [as handleSubmit] (src/hooks/useRegistrationForm.ts:286:13)

    console.log
      [2026-02-08T19:37:12.509Z] Validation result: false

      at Object.log [as handleSubmit] (src/hooks/useRegistrationForm.ts:296:13)

    console.log
      [2026-02-08T19:37:12.509Z] ❌ Form submission blocked: validation failed

      at Object.log [as handleSubmit] (src/hooks/useRegistrationForm.ts:298:15)

    console.log
      [2026-02-08T19:37:12.509Z] Validation errors: {}

      at Object.log [as handleSubmit] (src/hooks/useRegistrationForm.ts:299:15)

    console.log
      ✅ preventDefault() called FIRST (stopPropagation also called if available)

      at Object.log [as handleSubmit] (src/hooks/useRegistrationForm.ts:277:13)

    console.log
      [2026-02-08T19:37:12.510Z] ========== FORM SUBMISSION STARTED ==========

      at Object.log [as handleSubmit] (src/hooks/useRegistrationForm.ts:280:13)

    console.log
      [2026-02-08T19:37:12.510Z] Event defaultPrevented: undefined

      at Object.log [as handleSubmit] (src/hooks/useRegistrationForm.ts:281:13)

    console.log
      [2026-02-08T19:37:12.510Z] Event type: undefined

      at Object.log [as handleSubmit] (src/hooks/useRegistrationForm.ts:282:13)

    console.log
      [2026-02-08T19:37:12.510Z] Event target: undefined

      at Object.log [as handleSubmit] (src/hooks/useRegistrationForm.ts:283:13)

    console.log
      [2026-02-08T19:37:12.510Z] Form data: {
        "fullName": "John Doe",
        "email": "test@example.com",
        "password": "d8'fu_,yr(y*8^(&4.Viw:/(",
        "confirmPassword": "1z]Mou-cf"
      }

      at Object.log [as handleSubmit] (src/hooks/useRegistrationForm.ts:284:13)

    console.log
      [2026-02-08T19:37:12.510Z] Current errors: {}

      at Object.log [as handleSubmit] (src/hooks/useRegistrationForm.ts:285:13)

    console.log
      [2026-02-08T19:37:12.510Z] Is rate limited: false

      at Object.log [as handleSubmit] (src/hooks/useRegistrationForm.ts:286:13)

    console.log
      [2026-02-08T19:37:12.510Z] Validation result: false

      at Object.log [as handleSubmit] (src/hooks/useRegistrationForm.ts:296:13)

    console.log
      [2026-02-08T19:37:12.510Z] ❌ Form submission blocked: validation failed

      at Object.log [as handleSubmit] (src/hooks/useRegistrationForm.ts:298:15)

    console.log
      [2026-02-08T19:37:12.510Z] Validation errors: {}

      at Object.log [as handleSubmit] (src/hooks/useRegistrationForm.ts:299:15)

    console.log
      ✅ preventDefault() called FIRST (stopPropagation also called if available)

      at Object.log [as handleSubmit] (src/hooks/useRegistrationForm.ts:277:13)

    console.log
      [2026-02-08T19:37:12.512Z] ========== FORM SUBMISSION STARTED ==========

      at Object.log [as handleSubmit] (src/hooks/useRegistrationForm.ts:280:13)

    console.log
      [2026-02-08T19:37:12.512Z] Event defaultPrevented: undefined

      at Object.log [as handleSubmit] (src/hooks/useRegistrationForm.ts:281:13)

    console.log
      [2026-02-08T19:37:12.512Z] Event type: undefined

      at Object.log [as handleSubmit] (src/hooks/useRegistrationForm.ts:282:13)

    console.log
      [2026-02-08T19:37:12.512Z] Event target: undefined

      at Object.log [as handleSubmit] (src/hooks/useRegistrationForm.ts:283:13)

    console.log
      [2026-02-08T19:37:12.512Z] Form data: {
        "fullName": "John Doe",
        "email": "test@example.com",
        "password": "g}u8S3\\k",
        "confirmPassword": "O9<o%`DT "
      }

      at Object.log [as handleSubmit] (src/hooks/useRegistrationForm.ts:284:13)

    console.log
      [2026-02-08T19:37:12.512Z] Current errors: {}

      at Object.log [as handleSubmit] (src/hooks/useRegistrationForm.ts:285:13)

    console.log
      [2026-02-08T19:37:12.512Z] Is rate limited: false

      at Object.log [as handleSubmit] (src/hooks/useRegistrationForm.ts:286:13)

    console.log
      [2026-02-08T19:37:12.512Z] Validation result: false

      at Object.log [as handleSubmit] (src/hooks/useRegistrationForm.ts:296:13)

    console.log
      [2026-02-08T19:37:12.512Z] ❌ Form submission blocked: validation failed

      at Object.log [as handleSubmit] (src/hooks/useRegistrationForm.ts:298:15)

    console.log
      [2026-02-08T19:37:12.512Z] Validation errors: {}

      at Object.log [as handleSubmit] (src/hooks/useRegistrationForm.ts:299:15)

    console.log
      ✅ preventDefault() called FIRST (stopPropagation also called if available)

      at Object.log [as handleSubmit] (src/hooks/useRegistrationForm.ts:277:13)

    console.log
      [2026-02-08T19:37:12.516Z] ========== FORM SUBMISSION STARTED ==========

      at Object.log [as handleSubmit] (src/hooks/useRegistrationForm.ts:280:13)

    console.log
      [2026-02-08T19:37:12.516Z] Event defaultPrevented: undefined

      at Object.log [as handleSubmit] (src/hooks/useRegistrationForm.ts:281:13)

    console.log
      [2026-02-08T19:37:12.516Z] Event type: undefined

      at Object.log [as handleSubmit] (src/hooks/useRegistrationForm.ts:282:13)

    console.log
      [2026-02-08T19:37:12.516Z] Event target: undefined

      at Object.log [as handleSubmit] (src/hooks/useRegistrationForm.ts:283:13)

    console.log
      [2026-02-08T19:37:12.516Z] Form data: {
        "fullName": "John Doe",
        "email": "test@example.com",
        "password": "\"Sa'&/\"3Rp3UBzC%\"<O",
        "confirmPassword": "%!"
      }

      at Object.log [as handleSubmit] (src/hooks/useRegistrationForm.ts:284:13)

    console.log
      [2026-02-08T19:37:12.516Z] Current errors: {}

      at Object.log [as handleSubmit] (src/hooks/useRegistrationForm.ts:285:13)

    console.log
      [2026-02-08T19:37:12.516Z] Is rate limited: false

      at Object.log [as handleSubmit] (src/hooks/useRegistrationForm.ts:286:13)

    console.log
      [2026-02-08T19:37:12.516Z] Validation result: false

      at Object.log [as handleSubmit] (src/hooks/useRegistrationForm.ts:296:13)

    console.log
      [2026-02-08T19:37:12.516Z] ❌ Form submission blocked: validation failed

      at Object.log [as handleSubmit] (src/hooks/useRegistrationForm.ts:298:15)

    console.log
      [2026-02-08T19:37:12.516Z] Validation errors: {}

      at Object.log [as handleSubmit] (src/hooks/useRegistrationForm.ts:299:15)

    console.log
      ✅ preventDefault() called FIRST (stopPropagation also called if available)

      at Object.log [as handleSubmit] (src/hooks/useRegistrationForm.ts:277:13)

    console.log
      [2026-02-08T19:37:12.539Z] ========== FORM SUBMISSION STARTED ==========

      at Object.log [as handleSubmit] (src/hooks/useRegistrationForm.ts:280:13)

    console.log
      [2026-02-08T19:37:12.539Z] Event defaultPrevented: undefined

      at Object.log [as handleSubmit] (src/hooks/useRegistrationForm.ts:281:13)

    console.log
      [2026-02-08T19:37:12.539Z] Event type: undefined

      at Object.log [as handleSubmit] (src/hooks/useRegistrationForm.ts:282:13)

    console.log
      [2026-02-08T19:37:12.539Z] Event target: undefined

      at Object.log [as handleSubmit] (src/hooks/useRegistrationForm.ts:283:13)

    console.log
      [2026-02-08T19:37:12.539Z] Form data: {
        "fullName": "John Doe",
        "email": "test@example.com",
        "password": "=uh1%J*LABRU [yjYd",
        "confirmPassword": "GIaV0Isx"
      }

      at Object.log [as handleSubmit] (src/hooks/useRegistrationForm.ts:284:13)

    console.log
      [2026-02-08T19:37:12.539Z] Current errors: {}

      at Object.log [as handleSubmit] (src/hooks/useRegistrationForm.ts:285:13)

    console.log
      [2026-02-08T19:37:12.539Z] Is rate limited: false

      at Object.log [as handleSubmit] (src/hooks/useRegistrationForm.ts:286:13)

    console.log
      [2026-02-08T19:37:12.539Z] Validation result: false

      at Object.log [as handleSubmit] (src/hooks/useRegistrationForm.ts:296:13)

    console.log
      [2026-02-08T19:37:12.539Z] ❌ Form submission blocked: validation failed

      at Object.log [as handleSubmit] (src/hooks/useRegistrationForm.ts:298:15)

    console.log
      [2026-02-08T19:37:12.539Z] Validation errors: {}

      at Object.log [as handleSubmit] (src/hooks/useRegistrationForm.ts:299:15)

    console.log
      ✅ preventDefault() called FIRST (stopPropagation also called if available)

      at Object.log [as handleSubmit] (src/hooks/useRegistrationForm.ts:277:13)

    console.log
      [2026-02-08T19:37:12.551Z] ========== FORM SUBMISSION STARTED ==========

      at Object.log [as handleSubmit] (src/hooks/useRegistrationForm.ts:280:13)

    console.log
      [2026-02-08T19:37:12.551Z] Event defaultPrevented: undefined

      at Object.log [as handleSubmit] (src/hooks/useRegistrationForm.ts:281:13)

    console.log
      [2026-02-08T19:37:12.551Z] Event type: undefined

      at Object.log [as handleSubmit] (src/hooks/useRegistrationForm.ts:282:13)

    console.log
      [2026-02-08T19:37:12.551Z] Event target: undefined

      at Object.log [as handleSubmit] (src/hooks/useRegistrationForm.ts:283:13)

    console.log
      [2026-02-08T19:37:12.551Z] Form data: {
        "fullName": "John Doe",
        "email": "test@example.com",
        "password": "*t8@:>*l`G$U-7:}`2C>[O,9",
        "confirmPassword": "ix9 `dC"
      }

      at Object.log [as handleSubmit] (src/hooks/useRegistrationForm.ts:284:13)

    console.log
      [2026-02-08T19:37:12.551Z] Current errors: {}

      at Object.log [as handleSubmit] (src/hooks/useRegistrationForm.ts:285:13)

    console.log
      [2026-02-08T19:37:12.551Z] Is rate limited: false

      at Object.log [as handleSubmit] (src/hooks/useRegistrationForm.ts:286:13)

    console.log
      [2026-02-08T19:37:12.551Z] Validation result: false

      at Object.log [as handleSubmit] (src/hooks/useRegistrationForm.ts:296:13)

    console.log
      [2026-02-08T19:37:12.551Z] ❌ Form submission blocked: validation failed

      at Object.log [as handleSubmit] (src/hooks/useRegistrationForm.ts:298:15)

    console.log
      [2026-02-08T19:37:12.551Z] Validation errors: {}

      at Object.log [as handleSubmit] (src/hooks/useRegistrationForm.ts:299:15)

    console.log
      ✅ preventDefault() called FIRST (stopPropagation also called if available)

      at Object.log [as handleSubmit] (src/hooks/useRegistrationForm.ts:277:13)

    console.log
      [2026-02-08T19:37:12.556Z] ========== FORM SUBMISSION STARTED ==========

      at Object.log [as handleSubmit] (src/hooks/useRegistrationForm.ts:280:13)

    console.log
      [2026-02-08T19:37:12.556Z] Event defaultPrevented: undefined

      at Object.log [as handleSubmit] (src/hooks/useRegistrationForm.ts:281:13)

    console.log
      [2026-02-08T19:37:12.556Z] Event type: undefined

      at Object.log [as handleSubmit] (src/hooks/useRegistrationForm.ts:282:13)

    console.log
      [2026-02-08T19:37:12.556Z] Event target: undefined

      at Object.log [as handleSubmit] (src/hooks/useRegistrationForm.ts:283:13)

    console.log
      [2026-02-08T19:37:12.556Z] Form data: {
        "fullName": "John Doe",
        "email": "test@example.com",
        "password": "lH5!/<e)JTG~`7~+||xs7",
        "confirmPassword": ""
      }

      at Object.log [as handleSubmit] (src/hooks/useRegistrationForm.ts:284:13)

    console.log
      [2026-02-08T19:37:12.556Z] Current errors: {}

      at Object.log [as handleSubmit] (src/hooks/useRegistrationForm.ts:285:13)

    console.log
      [2026-02-08T19:37:12.556Z] Is rate limited: false

      at Object.log [as handleSubmit] (src/hooks/useRegistrationForm.ts:286:13)

    console.log
      [2026-02-08T19:37:12.556Z] Validation result: false

      at Object.log [as handleSubmit] (src/hooks/useRegistrationForm.ts:296:13)

    console.log
      [2026-02-08T19:37:12.556Z] ❌ Form submission blocked: validation failed

      at Object.log [as handleSubmit] (src/hooks/useRegistrationForm.ts:298:15)

    console.log
      [2026-02-08T19:37:12.556Z] Validation errors: {}

      at Object.log [as handleSubmit] (src/hooks/useRegistrationForm.ts:299:15)

    console.log
      ✅ preventDefault() called FIRST (stopPropagation also called if available)

      at Object.log [as handleSubmit] (src/hooks/useRegistrationForm.ts:277:13)

    console.log
      [2026-02-08T19:37:12.559Z] ========== FORM SUBMISSION STARTED ==========

      at Object.log [as handleSubmit] (src/hooks/useRegistrationForm.ts:280:13)

    console.log
      [2026-02-08T19:37:12.559Z] Event defaultPrevented: undefined

      at Object.log [as handleSubmit] (src/hooks/useRegistrationForm.ts:281:13)

    console.log
      [2026-02-08T19:37:12.559Z] Event type: undefined

      at Object.log [as handleSubmit] (src/hooks/useRegistrationForm.ts:282:13)

    console.log
      [2026-02-08T19:37:12.559Z] Event target: undefined

      at Object.log [as handleSubmit] (src/hooks/useRegistrationForm.ts:283:13)

    console.log
      [2026-02-08T19:37:12.559Z] Form data: {
        "fullName": "John Doe",
        "email": "test@example.com",
        "password": "OHJp{3l[i",
        "confirmPassword": "1S<Ak`"
      }

      at Object.log [as handleSubmit] (src/hooks/useRegistrationForm.ts:284:13)

    console.log
      [2026-02-08T19:37:12.559Z] Current errors: {}

      at Object.log [as handleSubmit] (src/hooks/useRegistrationForm.ts:285:13)

    console.log
      [2026-02-08T19:37:12.559Z] Is rate limited: false

      at Object.log [as handleSubmit] (src/hooks/useRegistrationForm.ts:286:13)

    console.log
      [2026-02-08T19:37:12.559Z] Validation result: false

      at Object.log [as handleSubmit] (src/hooks/useRegistrationForm.ts:296:13)

    console.log
      [2026-02-08T19:37:12.559Z] ❌ Form submission blocked: validation failed

      at Object.log [as handleSubmit] (src/hooks/useRegistrationForm.ts:298:15)

    console.log
      [2026-02-08T19:37:12.559Z] Validation errors: {}

      at Object.log [as handleSubmit] (src/hooks/useRegistrationForm.ts:299:15)

    console.log
      ✅ preventDefault() called FIRST (stopPropagation also called if available)

      at Object.log [as handleSubmit] (src/hooks/useRegistrationForm.ts:277:13)

    console.log
      [2026-02-08T19:37:12.561Z] ========== FORM SUBMISSION STARTED ==========

      at Object.log [as handleSubmit] (src/hooks/useRegistrationForm.ts:280:13)

    console.log
      [2026-02-08T19:37:12.561Z] Event defaultPrevented: undefined

      at Object.log [as handleSubmit] (src/hooks/useRegistrationForm.ts:281:13)

    console.log
      [2026-02-08T19:37:12.561Z] Event type: undefined

      at Object.log [as handleSubmit] (src/hooks/useRegistrationForm.ts:282:13)

    console.log
      [2026-02-08T19:37:12.561Z] Event target: undefined

      at Object.log [as handleSubmit] (src/hooks/useRegistrationForm.ts:283:13)

    console.log
      [2026-02-08T19:37:12.561Z] Form data: {
        "fullName": "John Doe",
        "email": "test@example.com",
        "password": "3,\\R^0u*CF&T:I26Z-SnhDCC!#",
        "confirmPassword": "LV($N-Y"
      }

      at Object.log [as handleSubmit] (src/hooks/useRegistrationForm.ts:284:13)

    console.log
      [2026-02-08T19:37:12.561Z] Current errors: {}

      at Object.log [as handleSubmit] (src/hooks/useRegistrationForm.ts:285:13)

    console.log
      [2026-02-08T19:37:12.561Z] Is rate limited: false

      at Object.log [as handleSubmit] (src/hooks/useRegistrationForm.ts:286:13)

    console.log
      [2026-02-08T19:37:12.561Z] Validation result: false

      at Object.log [as handleSubmit] (src/hooks/useRegistrationForm.ts:296:13)

    console.log
      [2026-02-08T19:37:12.561Z] ❌ Form submission blocked: validation failed

      at Object.log [as handleSubmit] (src/hooks/useRegistrationForm.ts:298:15)

    console.log
      [2026-02-08T19:37:12.561Z] Validation errors: {}

      at Object.log [as handleSubmit] (src/hooks/useRegistrationForm.ts:299:15)

    console.log
      ✅ preventDefault() called FIRST (stopPropagation also called if available)

      at Object.log [as handleSubmit] (src/hooks/useRegistrationForm.ts:277:13)

    console.log
      [2026-02-08T19:37:12.564Z] ========== FORM SUBMISSION STARTED ==========

      at Object.log [as handleSubmit] (src/hooks/useRegistrationForm.ts:280:13)

    console.log
      [2026-02-08T19:37:12.564Z] Event defaultPrevented: undefined

      at Object.log [as handleSubmit] (src/hooks/useRegistrationForm.ts:281:13)

    console.log
      [2026-02-08T19:37:12.564Z] Event type: undefined

      at Object.log [as handleSubmit] (src/hooks/useRegistrationForm.ts:282:13)

    console.log
      [2026-02-08T19:37:12.564Z] Event target: undefined

      at Object.log [as handleSubmit] (src/hooks/useRegistrationForm.ts:283:13)

    console.log
      [2026-02-08T19:37:12.564Z] Form data: {
        "fullName": "John Doe",
        "email": "test@example.com",
        "password": ">wviZex rcw;t[q9C9u6",
        "confirmPassword": ""
      }

      at Object.log [as handleSubmit] (src/hooks/useRegistrationForm.ts:284:13)

    console.log
      [2026-02-08T19:37:12.564Z] Current errors: {}

      at Object.log [as handleSubmit] (src/hooks/useRegistrationForm.ts:285:13)

    console.log
      [2026-02-08T19:37:12.564Z] Is rate limited: false

      at Object.log [as handleSubmit] (src/hooks/useRegistrationForm.ts:286:13)

    console.log
      [2026-02-08T19:37:12.564Z] Validation result: false

      at Object.log [as handleSubmit] (src/hooks/useRegistrationForm.ts:296:13)

    console.log
      [2026-02-08T19:37:12.564Z] ❌ Form submission blocked: validation failed

      at Object.log [as handleSubmit] (src/hooks/useRegistrationForm.ts:298:15)

    console.log
      [2026-02-08T19:37:12.564Z] Validation errors: {}

      at Object.log [as handleSubmit] (src/hooks/useRegistrationForm.ts:299:15)

    console.log
      ✅ preventDefault() called FIRST (stopPropagation also called if available)

      at Object.log [as handleSubmit] (src/hooks/useRegistrationForm.ts:277:13)

    console.log
      [2026-02-08T19:37:12.573Z] ========== FORM SUBMISSION STARTED ==========

      at Object.log [as handleSubmit] (src/hooks/useRegistrationForm.ts:280:13)

    console.log
      [2026-02-08T19:37:12.573Z] Event defaultPrevented: undefined

      at Object.log [as handleSubmit] (src/hooks/useRegistrationForm.ts:281:13)

    console.log
      [2026-02-08T19:37:12.573Z] Event type: undefined

      at Object.log [as handleSubmit] (src/hooks/useRegistrationForm.ts:282:13)

    console.log
      [2026-02-08T19:37:12.573Z] Event target: undefined

      at Object.log [as handleSubmit] (src/hooks/useRegistrationForm.ts:283:13)

    console.log
      [2026-02-08T19:37:12.573Z] Form data: {
        "fullName": "John Doe",
        "email": "test@example.com",
        "password": "sC'l+w<m\"/3v",
        "confirmPassword": "oyil~U("
      }

      at Object.log [as handleSubmit] (src/hooks/useRegistrationForm.ts:284:13)

    console.log
      [2026-02-08T19:37:12.573Z] Current errors: {}

      at Object.log [as handleSubmit] (src/hooks/useRegistrationForm.ts:285:13)

    console.log
      [2026-02-08T19:37:12.573Z] Is rate limited: false

      at Object.log [as handleSubmit] (src/hooks/useRegistrationForm.ts:286:13)

    console.log
      [2026-02-08T19:37:12.573Z] Validation result: false

      at Object.log [as handleSubmit] (src/hooks/useRegistrationForm.ts:296:13)

    console.log
      [2026-02-08T19:37:12.573Z] ❌ Form submission blocked: validation failed

      at Object.log [as handleSubmit] (src/hooks/useRegistrationForm.ts:298:15)

    console.log
      [2026-02-08T19:37:12.573Z] Validation errors: {}

      at Object.log [as handleSubmit] (src/hooks/useRegistrationForm.ts:299:15)

    console.log
      ✅ preventDefault() called FIRST (stopPropagation also called if available)

      at Object.log [as handleSubmit] (src/hooks/useRegistrationForm.ts:277:13)

    console.log
      [2026-02-08T19:37:12.579Z] ========== FORM SUBMISSION STARTED ==========

      at Object.log [as handleSubmit] (src/hooks/useRegistrationForm.ts:280:13)

    console.log
      [2026-02-08T19:37:12.579Z] Event defaultPrevented: undefined

      at Object.log [as handleSubmit] (src/hooks/useRegistrationForm.ts:281:13)

    console.log
      [2026-02-08T19:37:12.579Z] Event type: undefined

      at Object.log [as handleSubmit] (src/hooks/useRegistrationForm.ts:282:13)

    console.log
      [2026-02-08T19:37:12.579Z] Event target: undefined

      at Object.log [as handleSubmit] (src/hooks/useRegistrationForm.ts:283:13)

    console.log
      [2026-02-08T19:37:12.579Z] Form data: {
        "fullName": "John Doe",
        "email": "test@example.com",
        "password": "4#{`B,24cZE'`^mG",
        "confirmPassword": ""
      }

      at Object.log [as handleSubmit] (src/hooks/useRegistrationForm.ts:284:13)

    console.log
      [2026-02-08T19:37:12.579Z] Current errors: {}

      at Object.log [as handleSubmit] (src/hooks/useRegistrationForm.ts:285:13)

    console.log
      [2026-02-08T19:37:12.579Z] Is rate limited: false

      at Object.log [as handleSubmit] (src/hooks/useRegistrationForm.ts:286:13)

    console.log
      [2026-02-08T19:37:12.579Z] Validation result: false

      at Object.log [as handleSubmit] (src/hooks/useRegistrationForm.ts:296:13)

    console.log
      [2026-02-08T19:37:12.579Z] ❌ Form submission blocked: validation failed

      at Object.log [as handleSubmit] (src/hooks/useRegistrationForm.ts:298:15)

    console.log
      [2026-02-08T19:37:12.579Z] Validation errors: {}

      at Object.log [as handleSubmit] (src/hooks/useRegistrationForm.ts:299:15)

    console.log
      ✅ preventDefault() called FIRST (stopPropagation also called if available)

      at Object.log [as handleSubmit] (src/hooks/useRegistrationForm.ts:277:13)

    console.log
      [2026-02-08T19:37:12.582Z] ========== FORM SUBMISSION STARTED ==========

      at Object.log [as handleSubmit] (src/hooks/useRegistrationForm.ts:280:13)

    console.log
      [2026-02-08T19:37:12.582Z] Event defaultPrevented: undefined

      at Object.log [as handleSubmit] (src/hooks/useRegistrationForm.ts:281:13)

    console.log
      [2026-02-08T19:37:12.582Z] Event type: undefined

      at Object.log [as handleSubmit] (src/hooks/useRegistrationForm.ts:282:13)

    console.log
      [2026-02-08T19:37:12.582Z] Event target: undefined

      at Object.log [as handleSubmit] (src/hooks/useRegistrationForm.ts:283:13)

    console.log
      [2026-02-08T19:37:12.582Z] Form data: {
        "fullName": "John Doe",
        "email": "test@example.com",
        "password": " hCiA6C]3d",
        "confirmPassword": ""
      }

      at Object.log [as handleSubmit] (src/hooks/useRegistrationForm.ts:284:13)

    console.log
      [2026-02-08T19:37:12.582Z] Current errors: {}

      at Object.log [as handleSubmit] (src/hooks/useRegistrationForm.ts:285:13)

    console.log
      [2026-02-08T19:37:12.582Z] Is rate limited: false

      at Object.log [as handleSubmit] (src/hooks/useRegistrationForm.ts:286:13)

    console.log
      [2026-02-08T19:37:12.582Z] Validation result: false

      at Object.log [as handleSubmit] (src/hooks/useRegistrationForm.ts:296:13)

    console.log
      [2026-02-08T19:37:12.582Z] ❌ Form submission blocked: validation failed

      at Object.log [as handleSubmit] (src/hooks/useRegistrationForm.ts:298:15)

    console.log
      [2026-02-08T19:37:12.582Z] Validation errors: {}

      at Object.log [as handleSubmit] (src/hooks/useRegistrationForm.ts:299:15)

    console.log
      ✅ preventDefault() called FIRST (stopPropagation also called if available)

      at Object.log [as handleSubmit] (src/hooks/useRegistrationForm.ts:277:13)

    console.log
      [2026-02-08T19:37:12.587Z] ========== FORM SUBMISSION STARTED ==========

      at Object.log [as handleSubmit] (src/hooks/useRegistrationForm.ts:280:13)

    console.log
      [2026-02-08T19:37:12.587Z] Event defaultPrevented: undefined

      at Object.log [as handleSubmit] (src/hooks/useRegistrationForm.ts:281:13)

    console.log
      [2026-02-08T19:37:12.587Z] Event type: undefined

      at Object.log [as handleSubmit] (src/hooks/useRegistrationForm.ts:282:13)

    console.log
      [2026-02-08T19:37:12.587Z] Event target: undefined

      at Object.log [as handleSubmit] (src/hooks/useRegistrationForm.ts:283:13)

    console.log
      [2026-02-08T19:37:12.587Z] Form data: {
        "fullName": "John Doe",
        "email": "test@example.com",
        "password": "kj|R 0b!-lNyf.u6?N.^ ",
        "confirmPassword": "+,F%k^\"!Z"
      }

      at Object.log [as handleSubmit] (src/hooks/useRegistrationForm.ts:284:13)

    console.log
      [2026-02-08T19:37:12.587Z] Current errors: {}

      at Object.log [as handleSubmit] (src/hooks/useRegistrationForm.ts:285:13)

    console.log
      [2026-02-08T19:37:12.587Z] Is rate limited: false

      at Object.log [as handleSubmit] (src/hooks/useRegistrationForm.ts:286:13)

    console.log
      [2026-02-08T19:37:12.587Z] Validation result: false

      at Object.log [as handleSubmit] (src/hooks/useRegistrationForm.ts:296:13)

    console.log
      [2026-02-08T19:37:12.587Z] ❌ Form submission blocked: validation failed

      at Object.log [as handleSubmit] (src/hooks/useRegistrationForm.ts:298:15)

    console.log
      [2026-02-08T19:37:12.587Z] Validation errors: {}

      at Object.log [as handleSubmit] (src/hooks/useRegistrationForm.ts:299:15)

    console.log
      ✅ preventDefault() called FIRST (stopPropagation also called if available)

      at Object.log [as handleSubmit] (src/hooks/useRegistrationForm.ts:277:13)

    console.log
      [2026-02-08T19:37:12.596Z] ========== FORM SUBMISSION STARTED ==========

      at Object.log [as handleSubmit] (src/hooks/useRegistrationForm.ts:280:13)

    console.log
      [2026-02-08T19:37:12.596Z] Event defaultPrevented: undefined

      at Object.log [as handleSubmit] (src/hooks/useRegistrationForm.ts:281:13)

    console.log
      [2026-02-08T19:37:12.596Z] Event type: undefined

      at Object.log [as handleSubmit] (src/hooks/useRegistrationForm.ts:282:13)

    console.log
      [2026-02-08T19:37:12.596Z] Event target: undefined

      at Object.log [as handleSubmit] (src/hooks/useRegistrationForm.ts:283:13)

    console.log
      [2026-02-08T19:37:12.596Z] Form data: {
        "fullName": "John Doe",
        "email": "test@example.com",
        "password": "-bx8t;`cLD\\0p5]",
        "confirmPassword": ""
      }

      at Object.log [as handleSubmit] (src/hooks/useRegistrationForm.ts:284:13)

    console.log
      [2026-02-08T19:37:12.596Z] Current errors: {}

      at Object.log [as handleSubmit] (src/hooks/useRegistrationForm.ts:285:13)

    console.log
      [2026-02-08T19:37:12.596Z] Is rate limited: false

      at Object.log [as handleSubmit] (src/hooks/useRegistrationForm.ts:286:13)

    console.log
      [2026-02-08T19:37:12.596Z] Validation result: false

      at Object.log [as handleSubmit] (src/hooks/useRegistrationForm.ts:296:13)

    console.log
      [2026-02-08T19:37:12.596Z] ❌ Form submission blocked: validation failed

      at Object.log [as handleSubmit] (src/hooks/useRegistrationForm.ts:298:15)

    console.log
      [2026-02-08T19:37:12.596Z] Validation errors: {}

      at Object.log [as handleSubmit] (src/hooks/useRegistrationForm.ts:299:15)

    console.log
      ✅ preventDefault() called FIRST (stopPropagation also called if available)

      at Object.log [as handleSubmit] (src/hooks/useRegistrationForm.ts:277:13)

    console.log
      [2026-02-08T19:37:12.603Z] ========== FORM SUBMISSION STARTED ==========

      at Object.log [as handleSubmit] (src/hooks/useRegistrationForm.ts:280:13)

    console.log
      [2026-02-08T19:37:12.603Z] Event defaultPrevented: undefined

      at Object.log [as handleSubmit] (src/hooks/useRegistrationForm.ts:281:13)

    console.log
      [2026-02-08T19:37:12.603Z] Event type: undefined

      at Object.log [as handleSubmit] (src/hooks/useRegistrationForm.ts:282:13)

    console.log
      [2026-02-08T19:37:12.603Z] Event target: undefined

      at Object.log [as handleSubmit] (src/hooks/useRegistrationForm.ts:283:13)

    console.log
      [2026-02-08T19:37:12.603Z] Form data: {
        "fullName": "John Doe",
        "email": "test@example.com",
        "password": "0(]WYvkIj?a",
        "confirmPassword": "5Oj"
      }

      at Object.log [as handleSubmit] (src/hooks/useRegistrationForm.ts:284:13)

    console.log
      [2026-02-08T19:37:12.603Z] Current errors: {}

      at Object.log [as handleSubmit] (src/hooks/useRegistrationForm.ts:285:13)

    console.log
      [2026-02-08T19:37:12.603Z] Is rate limited: false

      at Object.log [as handleSubmit] (src/hooks/useRegistrationForm.ts:286:13)

    console.log
      [2026-02-08T19:37:12.603Z] Validation result: false

      at Object.log [as handleSubmit] (src/hooks/useRegistrationForm.ts:296:13)

    console.log
      [2026-02-08T19:37:12.603Z] ❌ Form submission blocked: validation failed

      at Object.log [as handleSubmit] (src/hooks/useRegistrationForm.ts:298:15)

    console.log
      [2026-02-08T19:37:12.603Z] Validation errors: {}

      at Object.log [as handleSubmit] (src/hooks/useRegistrationForm.ts:299:15)

    console.log
      ✅ preventDefault() called FIRST (stopPropagation also called if available)

      at Object.log [as handleSubmit] (src/hooks/useRegistrationForm.ts:277:13)

    console.log
      [2026-02-08T19:37:12.606Z] ========== FORM SUBMISSION STARTED ==========

      at Object.log [as handleSubmit] (src/hooks/useRegistrationForm.ts:280:13)

    console.log
      [2026-02-08T19:37:12.606Z] Event defaultPrevented: undefined

      at Object.log [as handleSubmit] (src/hooks/useRegistrationForm.ts:281:13)

    console.log
      [2026-02-08T19:37:12.606Z] Event type: undefined

      at Object.log [as handleSubmit] (src/hooks/useRegistrationForm.ts:282:13)

    console.log
      [2026-02-08T19:37:12.606Z] Event target: undefined

      at Object.log [as handleSubmit] (src/hooks/useRegistrationForm.ts:283:13)

    console.log
      [2026-02-08T19:37:12.606Z] Form data: {
        "fullName": "John Doe",
        "email": "test@example.com",
        "password": "w{m yY;$%73yy$$7mM\"IzHpB#",
        "confirmPassword": "X]*m|d"
      }

      at Object.log [as handleSubmit] (src/hooks/useRegistrationForm.ts:284:13)

    console.log
      [2026-02-08T19:37:12.606Z] Current errors: {}

      at Object.log [as handleSubmit] (src/hooks/useRegistrationForm.ts:285:13)

    console.log
      [2026-02-08T19:37:12.606Z] Is rate limited: false

      at Object.log [as handleSubmit] (src/hooks/useRegistrationForm.ts:286:13)

    console.log
      [2026-02-08T19:37:12.606Z] Validation result: false

      at Object.log [as handleSubmit] (src/hooks/useRegistrationForm.ts:296:13)

    console.log
      [2026-02-08T19:37:12.606Z] ❌ Form submission blocked: validation failed

      at Object.log [as handleSubmit] (src/hooks/useRegistrationForm.ts:298:15)

    console.log
      [2026-02-08T19:37:12.606Z] Validation errors: {}

      at Object.log [as handleSubmit] (src/hooks/useRegistrationForm.ts:299:15)

    console.log
      ✅ preventDefault() called FIRST (stopPropagation also called if available)

      at Object.log [as handleSubmit] (src/hooks/useRegistrationForm.ts:277:13)

    console.log
      [2026-02-08T19:37:12.610Z] ========== FORM SUBMISSION STARTED ==========

      at Object.log [as handleSubmit] (src/hooks/useRegistrationForm.ts:280:13)

    console.log
      [2026-02-08T19:37:12.610Z] Event defaultPrevented: undefined

      at Object.log [as handleSubmit] (src/hooks/useRegistrationForm.ts:281:13)

    console.log
      [2026-02-08T19:37:12.610Z] Event type: undefined

      at Object.log [as handleSubmit] (src/hooks/useRegistrationForm.ts:282:13)

    console.log
      [2026-02-08T19:37:12.610Z] Event target: undefined

      at Object.log [as handleSubmit] (src/hooks/useRegistrationForm.ts:283:13)

    console.log
      [2026-02-08T19:37:12.610Z] Form data: {
        "fullName": "John Doe",
        "email": "test@example.com",
        "password": "GM3eWX/S@pyPP59y||bKi",
        "confirmPassword": "_"
      }

      at Object.log [as handleSubmit] (src/hooks/useRegistrationForm.ts:284:13)

    console.log
      [2026-02-08T19:37:12.610Z] Current errors: {}

      at Object.log [as handleSubmit] (src/hooks/useRegistrationForm.ts:285:13)

    console.log
      [2026-02-08T19:37:12.610Z] Is rate limited: false

      at Object.log [as handleSubmit] (src/hooks/useRegistrationForm.ts:286:13)

    console.log
      [2026-02-08T19:37:12.610Z] Validation result: false

      at Object.log [as handleSubmit] (src/hooks/useRegistrationForm.ts:296:13)

    console.log
      [2026-02-08T19:37:12.610Z] ❌ Form submission blocked: validation failed

      at Object.log [as handleSubmit] (src/hooks/useRegistrationForm.ts:298:15)

    console.log
      [2026-02-08T19:37:12.610Z] Validation errors: {}

      at Object.log [as handleSubmit] (src/hooks/useRegistrationForm.ts:299:15)

    console.log
      ✅ preventDefault() called FIRST (stopPropagation also called if available)

      at Object.log [as handleSubmit] (src/hooks/useRegistrationForm.ts:277:13)

    console.log
      [2026-02-08T19:37:12.612Z] ========== FORM SUBMISSION STARTED ==========

      at Object.log [as handleSubmit] (src/hooks/useRegistrationForm.ts:280:13)

    console.log
      [2026-02-08T19:37:12.612Z] Event defaultPrevented: undefined

      at Object.log [as handleSubmit] (src/hooks/useRegistrationForm.ts:281:13)

    console.log
      [2026-02-08T19:37:12.612Z] Event type: undefined

      at Object.log [as handleSubmit] (src/hooks/useRegistrationForm.ts:282:13)

    console.log
      [2026-02-08T19:37:12.612Z] Event target: undefined

      at Object.log [as handleSubmit] (src/hooks/useRegistrationForm.ts:283:13)

    console.log
      [2026-02-08T19:37:12.612Z] Form data: {
        "fullName": "John Doe",
        "email": "test@example.com",
        "password": "0TtRN;)5B~F{&97'>Bl0dH0",
        "confirmPassword": "|~FX+zPWw"
      }

      at Object.log [as handleSubmit] (src/hooks/useRegistrationForm.ts:284:13)

    console.log
      [2026-02-08T19:37:12.612Z] Current errors: {}

      at Object.log [as handleSubmit] (src/hooks/useRegistrationForm.ts:285:13)

    console.log
      [2026-02-08T19:37:12.612Z] Is rate limited: false

      at Object.log [as handleSubmit] (src/hooks/useRegistrationForm.ts:286:13)

    console.log
      [2026-02-08T19:37:12.612Z] Validation result: false

      at Object.log [as handleSubmit] (src/hooks/useRegistrationForm.ts:296:13)

    console.log
      [2026-02-08T19:37:12.612Z] ❌ Form submission blocked: validation failed

      at Object.log [as handleSubmit] (src/hooks/useRegistrationForm.ts:298:15)

    console.log
      [2026-02-08T19:37:12.612Z] Validation errors: {}

      at Object.log [as handleSubmit] (src/hooks/useRegistrationForm.ts:299:15)

    console.log
      ✅ preventDefault() called FIRST (stopPropagation also called if available)

      at Object.log [as handleSubmit] (src/hooks/useRegistrationForm.ts:277:13)

    console.log
      [2026-02-08T19:37:12.614Z] ========== FORM SUBMISSION STARTED ==========

      at Object.log [as handleSubmit] (src/hooks/useRegistrationForm.ts:280:13)

    console.log
      [2026-02-08T19:37:12.614Z] Event defaultPrevented: undefined

      at Object.log [as handleSubmit] (src/hooks/useRegistrationForm.ts:281:13)

    console.log
      [2026-02-08T19:37:12.614Z] Event type: undefined

      at Object.log [as handleSubmit] (src/hooks/useRegistrationForm.ts:282:13)

    console.log
      [2026-02-08T19:37:12.614Z] Event target: undefined

      at Object.log [as handleSubmit] (src/hooks/useRegistrationForm.ts:283:13)

    console.log
      [2026-02-08T19:37:12.614Z] Form data: {
        "fullName": "John Doe",
        "email": "test@example.com",
        "password": "V0;{Z=FS8lj",
        "confirmPassword": "ZV~j,"
      }

      at Object.log [as handleSubmit] (src/hooks/useRegistrationForm.ts:284:13)

    console.log
      [2026-02-08T19:37:12.614Z] Current errors: {}

      at Object.log [as handleSubmit] (src/hooks/useRegistrationForm.ts:285:13)

    console.log
      [2026-02-08T19:37:12.614Z] Is rate limited: false

      at Object.log [as handleSubmit] (src/hooks/useRegistrationForm.ts:286:13)

    console.log
      [2026-02-08T19:37:12.614Z] Validation result: false

      at Object.log [as handleSubmit] (src/hooks/useRegistrationForm.ts:296:13)

    console.log
      [2026-02-08T19:37:12.614Z] ❌ Form submission blocked: validation failed

      at Object.log [as handleSubmit] (src/hooks/useRegistrationForm.ts:298:15)

    console.log
      [2026-02-08T19:37:12.614Z] Validation errors: {}

      at Object.log [as handleSubmit] (src/hooks/useRegistrationForm.ts:299:15)

    console.log
      ✅ preventDefault() called FIRST (stopPropagation also called if available)

      at Object.log [as handleSubmit] (src/hooks/useRegistrationForm.ts:277:13)

    console.log
      [2026-02-08T19:37:12.615Z] ========== FORM SUBMISSION STARTED ==========

      at Object.log [as handleSubmit] (src/hooks/useRegistrationForm.ts:280:13)

    console.log
      [2026-02-08T19:37:12.615Z] Event defaultPrevented: undefined

      at Object.log [as handleSubmit] (src/hooks/useRegistrationForm.ts:281:13)

    console.log
      [2026-02-08T19:37:12.615Z] Event type: undefined

      at Object.log [as handleSubmit] (src/hooks/useRegistrationForm.ts:282:13)

    console.log
      [2026-02-08T19:37:12.615Z] Event target: undefined

      at Object.log [as handleSubmit] (src/hooks/useRegistrationForm.ts:283:13)

    console.log
      [2026-02-08T19:37:12.615Z] Form data: {
        "fullName": "John Doe",
        "email": "test@example.com",
        "password": "~ j3rY#($A,DoAlA_H4V",
        "confirmPassword": "\"$`d2%"
      }

      at Object.log [as handleSubmit] (src/hooks/useRegistrationForm.ts:284:13)

    console.log
      [2026-02-08T19:37:12.615Z] Current errors: {}

      at Object.log [as handleSubmit] (src/hooks/useRegistrationForm.ts:285:13)

    console.log
      [2026-02-08T19:37:12.615Z] Is rate limited: false

      at Object.log [as handleSubmit] (src/hooks/useRegistrationForm.ts:286:13)

    console.log
      [2026-02-08T19:37:12.615Z] Validation result: false

      at Object.log [as handleSubmit] (src/hooks/useRegistrationForm.ts:296:13)

    console.log
      [2026-02-08T19:37:12.615Z] ❌ Form submission blocked: validation failed

      at Object.log [as handleSubmit] (src/hooks/useRegistrationForm.ts:298:15)

    console.log
      [2026-02-08T19:37:12.615Z] Validation errors: {}

      at Object.log [as handleSubmit] (src/hooks/useRegistrationForm.ts:299:15)

    console.log
      ✅ preventDefault() called FIRST (stopPropagation also called if available)

      at Object.log [as handleSubmit] (src/hooks/useRegistrationForm.ts:277:13)

    console.log
      [2026-02-08T19:37:12.616Z] ========== FORM SUBMISSION STARTED ==========

      at Object.log [as handleSubmit] (src/hooks/useRegistrationForm.ts:280:13)

    console.log
      [2026-02-08T19:37:12.616Z] Event defaultPrevented: undefined

      at Object.log [as handleSubmit] (src/hooks/useRegistrationForm.ts:281:13)

    console.log
      [2026-02-08T19:37:12.616Z] Event type: undefined

      at Object.log [as handleSubmit] (src/hooks/useRegistrationForm.ts:282:13)

    console.log
      [2026-02-08T19:37:12.616Z] Event target: undefined

      at Object.log [as handleSubmit] (src/hooks/useRegistrationForm.ts:283:13)

    console.log
      [2026-02-08T19:37:12.616Z] Form data: {
        "fullName": "John Doe",
        "email": "test@example.com",
        "password": "4$6&!\"R\"#S7N<!_!f",
        "confirmPassword": "yFgk"
      }

      at Object.log [as handleSubmit] (src/hooks/useRegistrationForm.ts:284:13)

    console.log
      [2026-02-08T19:37:12.616Z] Current errors: {}

      at Object.log [as handleSubmit] (src/hooks/useRegistrationForm.ts:285:13)

    console.log
      [2026-02-08T19:37:12.616Z] Is rate limited: false

      at Object.log [as handleSubmit] (src/hooks/useRegistrationForm.ts:286:13)

    console.log
      [2026-02-08T19:37:12.616Z] Validation result: false

      at Object.log [as handleSubmit] (src/hooks/useRegistrationForm.ts:296:13)

    console.log
      [2026-02-08T19:37:12.616Z] ❌ Form submission blocked: validation failed

      at Object.log [as handleSubmit] (src/hooks/useRegistrationForm.ts:298:15)

    console.log
      [2026-02-08T19:37:12.616Z] Validation errors: {}

      at Object.log [as handleSubmit] (src/hooks/useRegistrationForm.ts:299:15)

    console.log
      ✅ preventDefault() called FIRST (stopPropagation also called if available)

      at Object.log [as handleSubmit] (src/hooks/useRegistrationForm.ts:277:13)

    console.log
      [2026-02-08T19:37:12.618Z] ========== FORM SUBMISSION STARTED ==========

      at Object.log [as handleSubmit] (src/hooks/useRegistrationForm.ts:280:13)

    console.log
      [2026-02-08T19:37:12.618Z] Event defaultPrevented: undefined

      at Object.log [as handleSubmit] (src/hooks/useRegistrationForm.ts:281:13)

    console.log
      [2026-02-08T19:37:12.618Z] Event type: undefined

      at Object.log [as handleSubmit] (src/hooks/useRegistrationForm.ts:282:13)

    console.log
      [2026-02-08T19:37:12.618Z] Event target: undefined

      at Object.log [as handleSubmit] (src/hooks/useRegistrationForm.ts:283:13)

    console.log
      [2026-02-08T19:37:12.618Z] Form data: {
        "fullName": "John Doe",
        "email": "test@example.com",
        "password": "Bo|{wl@1{E:\"zGN_'3s)?16r",
        "confirmPassword": ""
      }

      at Object.log [as handleSubmit] (src/hooks/useRegistrationForm.ts:284:13)

    console.log
      [2026-02-08T19:37:12.618Z] Current errors: {}

      at Object.log [as handleSubmit] (src/hooks/useRegistrationForm.ts:285:13)

    console.log
      [2026-02-08T19:37:12.618Z] Is rate limited: false

      at Object.log [as handleSubmit] (src/hooks/useRegistrationForm.ts:286:13)

    console.log
      [2026-02-08T19:37:12.618Z] Validation result: false

      at Object.log [as handleSubmit] (src/hooks/useRegistrationForm.ts:296:13)

    console.log
      [2026-02-08T19:37:12.618Z] ❌ Form submission blocked: validation failed

      at Object.log [as handleSubmit] (src/hooks/useRegistrationForm.ts:298:15)

    console.log
      [2026-02-08T19:37:12.618Z] Validation errors: {}

      at Object.log [as handleSubmit] (src/hooks/useRegistrationForm.ts:299:15)

    console.log
      ✅ preventDefault() called FIRST (stopPropagation also called if available)

      at Object.log [as handleSubmit] (src/hooks/useRegistrationForm.ts:277:13)

    console.log
      [2026-02-08T19:37:12.624Z] ========== FORM SUBMISSION STARTED ==========

      at Object.log [as handleSubmit] (src/hooks/useRegistrationForm.ts:280:13)

    console.log
      [2026-02-08T19:37:12.624Z] Event defaultPrevented: undefined

      at Object.log [as handleSubmit] (src/hooks/useRegistrationForm.ts:281:13)

    console.log
      [2026-02-08T19:37:12.624Z] Event type: undefined

      at Object.log [as handleSubmit] (src/hooks/useRegistrationForm.ts:282:13)

    console.log
      [2026-02-08T19:37:12.624Z] Event target: undefined

      at Object.log [as handleSubmit] (src/hooks/useRegistrationForm.ts:283:13)

    console.log
      [2026-02-08T19:37:12.624Z] Form data: {
        "fullName": "John Doe",
        "email": "test@example.com",
        "password": "W[:5[]\"!l1_n%tJ8$",
        "confirmPassword": "#"
      }

      at Object.log [as handleSubmit] (src/hooks/useRegistrationForm.ts:284:13)

    console.log
      [2026-02-08T19:37:12.624Z] Current errors: {}

      at Object.log [as handleSubmit] (src/hooks/useRegistrationForm.ts:285:13)

    console.log
      [2026-02-08T19:37:12.624Z] Is rate limited: false

      at Object.log [as handleSubmit] (src/hooks/useRegistrationForm.ts:286:13)

    console.log
      [2026-02-08T19:37:12.624Z] Validation result: false

      at Object.log [as handleSubmit] (src/hooks/useRegistrationForm.ts:296:13)

    console.log
      [2026-02-08T19:37:12.624Z] ❌ Form submission blocked: validation failed

      at Object.log [as handleSubmit] (src/hooks/useRegistrationForm.ts:298:15)

    console.log
      [2026-02-08T19:37:12.624Z] Validation errors: {}

      at Object.log [as handleSubmit] (src/hooks/useRegistrationForm.ts:299:15)

    console.log
      ✅ preventDefault() called FIRST (stopPropagation also called if available)

      at Object.log [as handleSubmit] (src/hooks/useRegistrationForm.ts:277:13)

    console.log
      [2026-02-08T19:37:12.638Z] ========== FORM SUBMISSION STARTED ==========

      at Object.log [as handleSubmit] (src/hooks/useRegistrationForm.ts:280:13)

    console.log
      [2026-02-08T19:37:12.638Z] Event defaultPrevented: undefined

      at Object.log [as handleSubmit] (src/hooks/useRegistrationForm.ts:281:13)

    console.log
      [2026-02-08T19:37:12.638Z] Event type: undefined

      at Object.log [as handleSubmit] (src/hooks/useRegistrationForm.ts:282:13)

    console.log
      [2026-02-08T19:37:12.638Z] Event target: undefined

      at Object.log [as handleSubmit] (src/hooks/useRegistrationForm.ts:283:13)

    console.log
      [2026-02-08T19:37:12.638Z] Form data: {
        "fullName": "John Doe",
        "email": "test@example.com",
        "password": "Ax+(u8.ctGIQ'e,zpj#",
        "confirmPassword": "!nam"
      }

      at Object.log [as handleSubmit] (src/hooks/useRegistrationForm.ts:284:13)

    console.log
      [2026-02-08T19:37:12.638Z] Current errors: {}

      at Object.log [as handleSubmit] (src/hooks/useRegistrationForm.ts:285:13)

    console.log
      [2026-02-08T19:37:12.638Z] Is rate limited: false

      at Object.log [as handleSubmit] (src/hooks/useRegistrationForm.ts:286:13)

    console.log
      [2026-02-08T19:37:12.638Z] Validation result: false

      at Object.log [as handleSubmit] (src/hooks/useRegistrationForm.ts:296:13)

    console.log
      [2026-02-08T19:37:12.638Z] ❌ Form submission blocked: validation failed

      at Object.log [as handleSubmit] (src/hooks/useRegistrationForm.ts:298:15)

    console.log
      [2026-02-08T19:37:12.638Z] Validation errors: {}

      at Object.log [as handleSubmit] (src/hooks/useRegistrationForm.ts:299:15)

    console.log
      ✅ preventDefault() called FIRST (stopPropagation also called if available)

      at Object.log [as handleSubmit] (src/hooks/useRegistrationForm.ts:277:13)

    console.log
      [2026-02-08T19:37:12.643Z] ========== FORM SUBMISSION STARTED ==========

      at Object.log [as handleSubmit] (src/hooks/useRegistrationForm.ts:280:13)

    console.log
      [2026-02-08T19:37:12.643Z] Event defaultPrevented: undefined

      at Object.log [as handleSubmit] (src/hooks/useRegistrationForm.ts:281:13)

    console.log
      [2026-02-08T19:37:12.643Z] Event type: undefined

      at Object.log [as handleSubmit] (src/hooks/useRegistrationForm.ts:282:13)

    console.log
      [2026-02-08T19:37:12.643Z] Event target: undefined

      at Object.log [as handleSubmit] (src/hooks/useRegistrationForm.ts:283:13)

    console.log
      [2026-02-08T19:37:12.643Z] Form data: {
        "fullName": "John Doe",
        "email": "test@example.com",
        "password": "6]$ xC%p6zTbzdF\" \\#Y",
        "confirmPassword": "#T|x|}^L@"
      }

      at Object.log [as handleSubmit] (src/hooks/useRegistrationForm.ts:284:13)

    console.log
      [2026-02-08T19:37:12.643Z] Current errors: {}

      at Object.log [as handleSubmit] (src/hooks/useRegistrationForm.ts:285:13)

    console.log
      [2026-02-08T19:37:12.643Z] Is rate limited: false

      at Object.log [as handleSubmit] (src/hooks/useRegistrationForm.ts:286:13)

    console.log
      [2026-02-08T19:37:12.643Z] Validation result: false

      at Object.log [as handleSubmit] (src/hooks/useRegistrationForm.ts:296:13)

    console.log
      [2026-02-08T19:37:12.643Z] ❌ Form submission blocked: validation failed

      at Object.log [as handleSubmit] (src/hooks/useRegistrationForm.ts:298:15)

    console.log
      [2026-02-08T19:37:12.643Z] Validation errors: {}

      at Object.log [as handleSubmit] (src/hooks/useRegistrationForm.ts:299:15)

    console.log
      ✅ preventDefault() called FIRST (stopPropagation also called if available)

      at Object.log [as handleSubmit] (src/hooks/useRegistrationForm.ts:277:13)

    console.log
      [2026-02-08T19:37:12.651Z] ========== FORM SUBMISSION STARTED ==========

      at Object.log [as handleSubmit] (src/hooks/useRegistrationForm.ts:280:13)

    console.log
      [2026-02-08T19:37:12.651Z] Event defaultPrevented: undefined

      at Object.log [as handleSubmit] (src/hooks/useRegistrationForm.ts:281:13)

    console.log
      [2026-02-08T19:37:12.651Z] Event type: undefined

      at Object.log [as handleSubmit] (src/hooks/useRegistrationForm.ts:282:13)

    console.log
      [2026-02-08T19:37:12.651Z] Event target: undefined

      at Object.log [as handleSubmit] (src/hooks/useRegistrationForm.ts:283:13)

    console.log
      [2026-02-08T19:37:12.651Z] Form data: {
        "fullName": "John Doe",
        "email": "test@example.com",
        "password": "q\"JGmP}moZp#7'(*+C8q<ulw\\Q",
        "confirmPassword": "/"
      }

      at Object.log [as handleSubmit] (src/hooks/useRegistrationForm.ts:284:13)

    console.log
      [2026-02-08T19:37:12.651Z] Current errors: {}

      at Object.log [as handleSubmit] (src/hooks/useRegistrationForm.ts:285:13)

    console.log
      [2026-02-08T19:37:12.651Z] Is rate limited: false

      at Object.log [as handleSubmit] (src/hooks/useRegistrationForm.ts:286:13)

    console.log
      [2026-02-08T19:37:12.651Z] Validation result: false

      at Object.log [as handleSubmit] (src/hooks/useRegistrationForm.ts:296:13)

    console.log
      [2026-02-08T19:37:12.651Z] ❌ Form submission blocked: validation failed

      at Object.log [as handleSubmit] (src/hooks/useRegistrationForm.ts:298:15)

    console.log
      [2026-02-08T19:37:12.651Z] Validation errors: {}

      at Object.log [as handleSubmit] (src/hooks/useRegistrationForm.ts:299:15)

    console.log
      ✅ preventDefault() called FIRST (stopPropagation also called if available)

      at Object.log [as handleSubmit] (src/hooks/useRegistrationForm.ts:277:13)

    console.log
      [2026-02-08T19:37:12.660Z] ========== FORM SUBMISSION STARTED ==========

      at Object.log [as handleSubmit] (src/hooks/useRegistrationForm.ts:280:13)

    console.log
      [2026-02-08T19:37:12.660Z] Event defaultPrevented: undefined

      at Object.log [as handleSubmit] (src/hooks/useRegistrationForm.ts:281:13)

    console.log
      [2026-02-08T19:37:12.660Z] Event type: undefined

      at Object.log [as handleSubmit] (src/hooks/useRegistrationForm.ts:282:13)

    console.log
      [2026-02-08T19:37:12.660Z] Event target: undefined

      at Object.log [as handleSubmit] (src/hooks/useRegistrationForm.ts:283:13)

    console.log
      [2026-02-08T19:37:12.660Z] Form data: {
        "fullName": "John Doe",
        "email": "test@example.com",
        "password": " 4,\"a{W$8&&~#Xz'3",
        "confirmPassword": "Xx"
      }

      at Object.log [as handleSubmit] (src/hooks/useRegistrationForm.ts:284:13)

    console.log
      [2026-02-08T19:37:12.660Z] Current errors: {}

      at Object.log [as handleSubmit] (src/hooks/useRegistrationForm.ts:285:13)

    console.log
      [2026-02-08T19:37:12.660Z] Is rate limited: false

      at Object.log [as handleSubmit] (src/hooks/useRegistrationForm.ts:286:13)

    console.log
      [2026-02-08T19:37:12.660Z] Validation result: false

      at Object.log [as handleSubmit] (src/hooks/useRegistrationForm.ts:296:13)

    console.log
      [2026-02-08T19:37:12.660Z] ❌ Form submission blocked: validation failed

      at Object.log [as handleSubmit] (src/hooks/useRegistrationForm.ts:298:15)

    console.log
      [2026-02-08T19:37:12.660Z] Validation errors: {}

      at Object.log [as handleSubmit] (src/hooks/useRegistrationForm.ts:299:15)

    console.log
      ✅ preventDefault() called FIRST (stopPropagation also called if available)

      at Object.log [as handleSubmit] (src/hooks/useRegistrationForm.ts:277:13)

    console.log
      [2026-02-08T19:37:12.668Z] ========== FORM SUBMISSION STARTED ==========

      at Object.log [as handleSubmit] (src/hooks/useRegistrationForm.ts:280:13)

    console.log
      [2026-02-08T19:37:12.668Z] Event defaultPrevented: undefined

      at Object.log [as handleSubmit] (src/hooks/useRegistrationForm.ts:281:13)

    console.log
      [2026-02-08T19:37:12.668Z] Event type: undefined

      at Object.log [as handleSubmit] (src/hooks/useRegistrationForm.ts:282:13)

    console.log
      [2026-02-08T19:37:12.668Z] Event target: undefined

      at Object.log [as handleSubmit] (src/hooks/useRegistrationForm.ts:283:13)

    console.log
      [2026-02-08T19:37:12.668Z] Form data: {
        "fullName": "John Doe",
        "email": "test@example.com",
        "password": "\"+eG-8G>w${\"/10>VVr&}v%@XI",
        "confirmPassword": "qmr9X"
      }

      at Object.log [as handleSubmit] (src/hooks/useRegistrationForm.ts:284:13)

    console.log
      [2026-02-08T19:37:12.668Z] Current errors: {}

      at Object.log [as handleSubmit] (src/hooks/useRegistrationForm.ts:285:13)

    console.log
      [2026-02-08T19:37:12.668Z] Is rate limited: false

      at Object.log [as handleSubmit] (src/hooks/useRegistrationForm.ts:286:13)

    console.log
      [2026-02-08T19:37:12.668Z] Validation result: false

      at Object.log [as handleSubmit] (src/hooks/useRegistrationForm.ts:296:13)

    console.log
      [2026-02-08T19:37:12.668Z] ❌ Form submission blocked: validation failed

      at Object.log [as handleSubmit] (src/hooks/useRegistrationForm.ts:298:15)

    console.log
      [2026-02-08T19:37:12.668Z] Validation errors: {}

      at Object.log [as handleSubmit] (src/hooks/useRegistrationForm.ts:299:15)

    console.log
      ✅ preventDefault() called FIRST (stopPropagation also called if available)

      at Object.log [as handleSubmit] (src/hooks/useRegistrationForm.ts:277:13)

    console.log
      [2026-02-08T19:37:12.681Z] ========== FORM SUBMISSION STARTED ==========

      at Object.log [as handleSubmit] (src/hooks/useRegistrationForm.ts:280:13)

    console.log
      [2026-02-08T19:37:12.681Z] Event defaultPrevented: undefined

      at Object.log [as handleSubmit] (src/hooks/useRegistrationForm.ts:281:13)

    console.log
      [2026-02-08T19:37:12.681Z] Event type: undefined

      at Object.log [as handleSubmit] (src/hooks/useRegistrationForm.ts:282:13)

    console.log
      [2026-02-08T19:37:12.681Z] Event target: undefined

      at Object.log [as handleSubmit] (src/hooks/useRegistrationForm.ts:283:13)

    console.log
      [2026-02-08T19:37:12.681Z] Form data: {
        "fullName": "John Doe",
        "email": "test@example.com",
        "password": "o8Vm6cO?#-sGSz&X+7*U",
        "confirmPassword": ":n`"
      }

      at Object.log [as handleSubmit] (src/hooks/useRegistrationForm.ts:284:13)

    console.log
      [2026-02-08T19:37:12.681Z] Current errors: {}

      at Object.log [as handleSubmit] (src/hooks/useRegistrationForm.ts:285:13)

    console.log
      [2026-02-08T19:37:12.681Z] Is rate limited: false

      at Object.log [as handleSubmit] (src/hooks/useRegistrationForm.ts:286:13)

    console.log
      [2026-02-08T19:37:12.681Z] Validation result: false

      at Object.log [as handleSubmit] (src/hooks/useRegistrationForm.ts:296:13)

    console.log
      [2026-02-08T19:37:12.681Z] ❌ Form submission blocked: validation failed

      at Object.log [as handleSubmit] (src/hooks/useRegistrationForm.ts:298:15)

    console.log
      [2026-02-08T19:37:12.681Z] Validation errors: {}

      at Object.log [as handleSubmit] (src/hooks/useRegistrationForm.ts:299:15)

    console.log
      ✅ preventDefault() called FIRST (stopPropagation also called if available)

      at Object.log [as handleSubmit] (src/hooks/useRegistrationForm.ts:277:13)

    console.log
      [2026-02-08T19:37:12.685Z] ========== FORM SUBMISSION STARTED ==========

      at Object.log [as handleSubmit] (src/hooks/useRegistrationForm.ts:280:13)

    console.log
      [2026-02-08T19:37:12.685Z] Event defaultPrevented: undefined

      at Object.log [as handleSubmit] (src/hooks/useRegistrationForm.ts:281:13)

    console.log
      [2026-02-08T19:37:12.685Z] Event type: undefined

      at Object.log [as handleSubmit] (src/hooks/useRegistrationForm.ts:282:13)

    console.log
      [2026-02-08T19:37:12.685Z] Event target: undefined

      at Object.log [as handleSubmit] (src/hooks/useRegistrationForm.ts:283:13)

    console.log
      [2026-02-08T19:37:12.685Z] Form data: {
        "fullName": "John Doe",
        "email": "test@example.com",
        "password": "*idv#d'6S,Gt!3K<",
        "confirmPassword": "4{:"
      }

      at Object.log [as handleSubmit] (src/hooks/useRegistrationForm.ts:284:13)

    console.log
      [2026-02-08T19:37:12.685Z] Current errors: {}

      at Object.log [as handleSubmit] (src/hooks/useRegistrationForm.ts:285:13)

    console.log
      [2026-02-08T19:37:12.685Z] Is rate limited: false

      at Object.log [as handleSubmit] (src/hooks/useRegistrationForm.ts:286:13)

    console.log
      [2026-02-08T19:37:12.685Z] Validation result: false

      at Object.log [as handleSubmit] (src/hooks/useRegistrationForm.ts:296:13)

    console.log
      [2026-02-08T19:37:12.685Z] ❌ Form submission blocked: validation failed

      at Object.log [as handleSubmit] (src/hooks/useRegistrationForm.ts:298:15)

    console.log
      [2026-02-08T19:37:12.685Z] Validation errors: {}

      at Object.log [as handleSubmit] (src/hooks/useRegistrationForm.ts:299:15)

    console.log
      ✅ preventDefault() called FIRST (stopPropagation also called if available)

      at Object.log [as handleSubmit] (src/hooks/useRegistrationForm.ts:277:13)

    console.log
      [2026-02-08T19:37:12.693Z] ========== FORM SUBMISSION STARTED ==========

      at Object.log [as handleSubmit] (src/hooks/useRegistrationForm.ts:280:13)

    console.log
      [2026-02-08T19:37:12.693Z] Event defaultPrevented: undefined

      at Object.log [as handleSubmit] (src/hooks/useRegistrationForm.ts:281:13)

    console.log
      [2026-02-08T19:37:12.693Z] Event type: undefined

      at Object.log [as handleSubmit] (src/hooks/useRegistrationForm.ts:282:13)

    console.log
      [2026-02-08T19:37:12.693Z] Event target: undefined

      at Object.log [as handleSubmit] (src/hooks/useRegistrationForm.ts:283:13)

    console.log
      [2026-02-08T19:37:12.693Z] Form data: {
        "fullName": "John Doe",
        "email": "test@example.com",
        "password": "K6Q .2GM!*]IBQt\"(*sJA",
        "confirmPassword": ""
      }

      at Object.log [as handleSubmit] (src/hooks/useRegistrationForm.ts:284:13)

    console.log
      [2026-02-08T19:37:12.693Z] Current errors: {}

      at Object.log [as handleSubmit] (src/hooks/useRegistrationForm.ts:285:13)

    console.log
      [2026-02-08T19:37:12.693Z] Is rate limited: false

      at Object.log [as handleSubmit] (src/hooks/useRegistrationForm.ts:286:13)

    console.log
      [2026-02-08T19:37:12.693Z] Validation result: false

      at Object.log [as handleSubmit] (src/hooks/useRegistrationForm.ts:296:13)

    console.log
      [2026-02-08T19:37:12.693Z] ❌ Form submission blocked: validation failed

      at Object.log [as handleSubmit] (src/hooks/useRegistrationForm.ts:298:15)

    console.log
      [2026-02-08T19:37:12.693Z] Validation errors: {}

      at Object.log [as handleSubmit] (src/hooks/useRegistrationForm.ts:299:15)

    console.log
      ✅ preventDefault() called FIRST (stopPropagation also called if available)

      at Object.log [as handleSubmit] (src/hooks/useRegistrationForm.ts:277:13)

    console.log
      [2026-02-08T19:37:12.695Z] ========== FORM SUBMISSION STARTED ==========

      at Object.log [as handleSubmit] (src/hooks/useRegistrationForm.ts:280:13)

    console.log
      [2026-02-08T19:37:12.695Z] Event defaultPrevented: undefined

      at Object.log [as handleSubmit] (src/hooks/useRegistrationForm.ts:281:13)

    console.log
      [2026-02-08T19:37:12.695Z] Event type: undefined

      at Object.log [as handleSubmit] (src/hooks/useRegistrationForm.ts:282:13)

    console.log
      [2026-02-08T19:37:12.695Z] Event target: undefined

      at Object.log [as handleSubmit] (src/hooks/useRegistrationForm.ts:283:13)

    console.log
      [2026-02-08T19:37:12.695Z] Form data: {
        "fullName": "John Doe",
        "email": "test@example.com",
        "password": "0^YCZ\"vE]1{",
        "confirmPassword": "gY"
      }

      at Object.log [as handleSubmit] (src/hooks/useRegistrationForm.ts:284:13)

    console.log
      [2026-02-08T19:37:12.695Z] Current errors: {}

      at Object.log [as handleSubmit] (src/hooks/useRegistrationForm.ts:285:13)

    console.log
      [2026-02-08T19:37:12.695Z] Is rate limited: false

      at Object.log [as handleSubmit] (src/hooks/useRegistrationForm.ts:286:13)

    console.log
      [2026-02-08T19:37:12.695Z] Validation result: false

      at Object.log [as handleSubmit] (src/hooks/useRegistrationForm.ts:296:13)

    console.log
      [2026-02-08T19:37:12.695Z] ❌ Form submission blocked: validation failed

      at Object.log [as handleSubmit] (src/hooks/useRegistrationForm.ts:298:15)

    console.log
      [2026-02-08T19:37:12.695Z] Validation errors: {}

      at Object.log [as handleSubmit] (src/hooks/useRegistrationForm.ts:299:15)

    console.log
      ✅ preventDefault() called FIRST (stopPropagation also called if available)

      at Object.log [as handleSubmit] (src/hooks/useRegistrationForm.ts:277:13)

    console.log
      [2026-02-08T19:37:12.698Z] ========== FORM SUBMISSION STARTED ==========

      at Object.log [as handleSubmit] (src/hooks/useRegistrationForm.ts:280:13)

    console.log
      [2026-02-08T19:37:12.698Z] Event defaultPrevented: undefined

      at Object.log [as handleSubmit] (src/hooks/useRegistrationForm.ts:281:13)

    console.log
      [2026-02-08T19:37:12.698Z] Event type: undefined

      at Object.log [as handleSubmit] (src/hooks/useRegistrationForm.ts:282:13)

    console.log
      [2026-02-08T19:37:12.698Z] Event target: undefined

      at Object.log [as handleSubmit] (src/hooks/useRegistrationForm.ts:283:13)

    console.log
      [2026-02-08T19:37:12.698Z] Form data: {
        "fullName": "John Doe",
        "email": "test@example.com",
        "password": "#s~{#:KM|#4+",
        "confirmPassword": "*8B7I#"
      }

      at Object.log [as handleSubmit] (src/hooks/useRegistrationForm.ts:284:13)

    console.log
      [2026-02-08T19:37:12.698Z] Current errors: {}

      at Object.log [as handleSubmit] (src/hooks/useRegistrationForm.ts:285:13)

    console.log
      [2026-02-08T19:37:12.698Z] Is rate limited: false

      at Object.log [as handleSubmit] (src/hooks/useRegistrationForm.ts:286:13)

    console.log
      [2026-02-08T19:37:12.698Z] Validation result: false

      at Object.log [as handleSubmit] (src/hooks/useRegistrationForm.ts:296:13)

    console.log
      [2026-02-08T19:37:12.698Z] ❌ Form submission blocked: validation failed

      at Object.log [as handleSubmit] (src/hooks/useRegistrationForm.ts:298:15)

    console.log
      [2026-02-08T19:37:12.698Z] Validation errors: {}

      at Object.log [as handleSubmit] (src/hooks/useRegistrationForm.ts:299:15)

    console.log
      ✅ preventDefault() called FIRST (stopPropagation also called if available)

      at Object.log [as handleSubmit] (src/hooks/useRegistrationForm.ts:277:13)

    console.log
      [2026-02-08T19:37:12.702Z] ========== FORM SUBMISSION STARTED ==========

      at Object.log [as handleSubmit] (src/hooks/useRegistrationForm.ts:280:13)

    console.log
      [2026-02-08T19:37:12.702Z] Event defaultPrevented: undefined

      at Object.log [as handleSubmit] (src/hooks/useRegistrationForm.ts:281:13)

    console.log
      [2026-02-08T19:37:12.702Z] Event type: undefined

      at Object.log [as handleSubmit] (src/hooks/useRegistrationForm.ts:282:13)

    console.log
      [2026-02-08T19:37:12.702Z] Event target: undefined

      at Object.log [as handleSubmit] (src/hooks/useRegistrationForm.ts:283:13)

    console.log
      [2026-02-08T19:37:12.702Z] Form data: {
        "fullName": "John Doe",
        "email": "test@example.com",
        "password": "3pV1X6*A&w",
        "confirmPassword": "toString"
      }

      at Object.log [as handleSubmit] (src/hooks/useRegistrationForm.ts:284:13)

    console.log
      [2026-02-08T19:37:12.702Z] Current errors: {}

      at Object.log [as handleSubmit] (src/hooks/useRegistrationForm.ts:285:13)

    console.log
      [2026-02-08T19:37:12.702Z] Is rate limited: false

      at Object.log [as handleSubmit] (src/hooks/useRegistrationForm.ts:286:13)

    console.log
      [2026-02-08T19:37:12.702Z] Validation result: false

      at Object.log [as handleSubmit] (src/hooks/useRegistrationForm.ts:296:13)

    console.log
      [2026-02-08T19:37:12.702Z] ❌ Form submission blocked: validation failed

      at Object.log [as handleSubmit] (src/hooks/useRegistrationForm.ts:298:15)

    console.log
      [2026-02-08T19:37:12.702Z] Validation errors: {}

      at Object.log [as handleSubmit] (src/hooks/useRegistrationForm.ts:299:15)

    console.log
      ✅ preventDefault() called FIRST (stopPropagation also called if available)

      at Object.log [as handleSubmit] (src/hooks/useRegistrationForm.ts:277:13)

    console.log
      [2026-02-08T19:37:12.705Z] ========== FORM SUBMISSION STARTED ==========

      at Object.log [as handleSubmit] (src/hooks/useRegistrationForm.ts:280:13)

    console.log
      [2026-02-08T19:37:12.705Z] Event defaultPrevented: undefined

      at Object.log [as handleSubmit] (src/hooks/useRegistrationForm.ts:281:13)

    console.log
      [2026-02-08T19:37:12.705Z] Event type: undefined

      at Object.log [as handleSubmit] (src/hooks/useRegistrationForm.ts:282:13)

    console.log
      [2026-02-08T19:37:12.705Z] Event target: undefined

      at Object.log [as handleSubmit] (src/hooks/useRegistrationForm.ts:283:13)

    console.log
      [2026-02-08T19:37:12.705Z] Form data: {
        "fullName": "John Doe",
        "email": "test@example.com",
        "password": "RPk3etteyC}",
        "confirmPassword": "}\\"
      }

      at Object.log [as handleSubmit] (src/hooks/useRegistrationForm.ts:284:13)

    console.log
      [2026-02-08T19:37:12.705Z] Current errors: {}

      at Object.log [as handleSubmit] (src/hooks/useRegistrationForm.ts:285:13)

    console.log
      [2026-02-08T19:37:12.705Z] Is rate limited: false

      at Object.log [as handleSubmit] (src/hooks/useRegistrationForm.ts:286:13)

    console.log
      [2026-02-08T19:37:12.705Z] Validation result: false

      at Object.log [as handleSubmit] (src/hooks/useRegistrationForm.ts:296:13)

    console.log
      [2026-02-08T19:37:12.705Z] ❌ Form submission blocked: validation failed

      at Object.log [as handleSubmit] (src/hooks/useRegistrationForm.ts:298:15)

    console.log
      [2026-02-08T19:37:12.705Z] Validation errors: {}

      at Object.log [as handleSubmit] (src/hooks/useRegistrationForm.ts:299:15)

    console.log
      ✅ preventDefault() called FIRST (stopPropagation also called if available)

      at Object.log [as handleSubmit] (src/hooks/useRegistrationForm.ts:277:13)

    console.log
      [2026-02-08T19:37:12.707Z] ========== FORM SUBMISSION STARTED ==========

      at Object.log [as handleSubmit] (src/hooks/useRegistrationForm.ts:280:13)

    console.log
      [2026-02-08T19:37:12.707Z] Event defaultPrevented: undefined

      at Object.log [as handleSubmit] (src/hooks/useRegistrationForm.ts:281:13)

    console.log
      [2026-02-08T19:37:12.707Z] Event type: undefined

      at Object.log [as handleSubmit] (src/hooks/useRegistrationForm.ts:282:13)

    console.log
      [2026-02-08T19:37:12.707Z] Event target: undefined

      at Object.log [as handleSubmit] (src/hooks/useRegistrationForm.ts:283:13)

    console.log
      [2026-02-08T19:37:12.707Z] Form data: {
        "fullName": "John Doe",
        "email": "test@example.com",
        "password": "<x4%xVS(4kK$%W9",
        "confirmPassword": "9UE"
      }

      at Object.log [as handleSubmit] (src/hooks/useRegistrationForm.ts:284:13)

    console.log
      [2026-02-08T19:37:12.707Z] Current errors: {}

      at Object.log [as handleSubmit] (src/hooks/useRegistrationForm.ts:285:13)

    console.log
      [2026-02-08T19:37:12.707Z] Is rate limited: false

      at Object.log [as handleSubmit] (src/hooks/useRegistrationForm.ts:286:13)

    console.log
      [2026-02-08T19:37:12.707Z] Validation result: false

      at Object.log [as handleSubmit] (src/hooks/useRegistrationForm.ts:296:13)

    console.log
      [2026-02-08T19:37:12.707Z] ❌ Form submission blocked: validation failed

      at Object.log [as handleSubmit] (src/hooks/useRegistrationForm.ts:298:15)

    console.log
      [2026-02-08T19:37:12.707Z] Validation errors: {}

      at Object.log [as handleSubmit] (src/hooks/useRegistrationForm.ts:299:15)

    console.log
      ✅ preventDefault() called FIRST (stopPropagation also called if available)

      at Object.log [as handleSubmit] (src/hooks/useRegistrationForm.ts:277:13)

    console.log
      [2026-02-08T19:37:12.712Z] ========== FORM SUBMISSION STARTED ==========

      at Object.log [as handleSubmit] (src/hooks/useRegistrationForm.ts:280:13)

    console.log
      [2026-02-08T19:37:12.712Z] Event defaultPrevented: undefined

      at Object.log [as handleSubmit] (src/hooks/useRegistrationForm.ts:281:13)

    console.log
      [2026-02-08T19:37:12.712Z] Event type: undefined

      at Object.log [as handleSubmit] (src/hooks/useRegistrationForm.ts:282:13)

    console.log
      [2026-02-08T19:37:12.712Z] Event target: undefined

      at Object.log [as handleSubmit] (src/hooks/useRegistrationForm.ts:283:13)

    console.log
      [2026-02-08T19:37:12.712Z] Form data: {
        "fullName": "John Doe",
        "email": "test@example.com",
        "password": "R@1lgw.[;xXEe'j/y,>.-%",
        "confirmPassword": "&"
      }

      at Object.log [as handleSubmit] (src/hooks/useRegistrationForm.ts:284:13)

    console.log
      [2026-02-08T19:37:12.712Z] Current errors: {}

      at Object.log [as handleSubmit] (src/hooks/useRegistrationForm.ts:285:13)

    console.log
      [2026-02-08T19:37:12.712Z] Is rate limited: false

      at Object.log [as handleSubmit] (src/hooks/useRegistrationForm.ts:286:13)

    console.log
      [2026-02-08T19:37:12.712Z] Validation result: false

      at Object.log [as handleSubmit] (src/hooks/useRegistrationForm.ts:296:13)

    console.log
      [2026-02-08T19:37:12.712Z] ❌ Form submission blocked: validation failed

      at Object.log [as handleSubmit] (src/hooks/useRegistrationForm.ts:298:15)

    console.log
      [2026-02-08T19:37:12.712Z] Validation errors: {}

      at Object.log [as handleSubmit] (src/hooks/useRegistrationForm.ts:299:15)

    console.log
      ✅ preventDefault() called FIRST (stopPropagation also called if available)

      at Object.log [as handleSubmit] (src/hooks/useRegistrationForm.ts:277:13)

    console.log
      [2026-02-08T19:37:12.715Z] ========== FORM SUBMISSION STARTED ==========

      at Object.log [as handleSubmit] (src/hooks/useRegistrationForm.ts:280:13)

    console.log
      [2026-02-08T19:37:12.715Z] Event defaultPrevented: undefined

      at Object.log [as handleSubmit] (src/hooks/useRegistrationForm.ts:281:13)

    console.log
      [2026-02-08T19:37:12.715Z] Event type: undefined

      at Object.log [as handleSubmit] (src/hooks/useRegistrationForm.ts:282:13)

    console.log
      [2026-02-08T19:37:12.715Z] Event target: undefined

      at Object.log [as handleSubmit] (src/hooks/useRegistrationForm.ts:283:13)

    console.log
      [2026-02-08T19:37:12.715Z] Form data: {
        "fullName": "John Doe",
        "email": "test@example.com",
        "password": "rWVD<u!@RU<`73k!1fT)M",
        "confirmPassword": "P!%D#M"
      }

      at Object.log [as handleSubmit] (src/hooks/useRegistrationForm.ts:284:13)

    console.log
      [2026-02-08T19:37:12.715Z] Current errors: {}

      at Object.log [as handleSubmit] (src/hooks/useRegistrationForm.ts:285:13)

    console.log
      [2026-02-08T19:37:12.715Z] Is rate limited: false

      at Object.log [as handleSubmit] (src/hooks/useRegistrationForm.ts:286:13)

    console.log
      [2026-02-08T19:37:12.715Z] Validation result: false

      at Object.log [as handleSubmit] (src/hooks/useRegistrationForm.ts:296:13)

    console.log
      [2026-02-08T19:37:12.715Z] ❌ Form submission blocked: validation failed

      at Object.log [as handleSubmit] (src/hooks/useRegistrationForm.ts:298:15)

    console.log
      [2026-02-08T19:37:12.715Z] Validation errors: {}

      at Object.log [as handleSubmit] (src/hooks/useRegistrationForm.ts:299:15)

    console.log
      ✅ preventDefault() called FIRST (stopPropagation also called if available)

      at Object.log [as handleSubmit] (src/hooks/useRegistrationForm.ts:277:13)

    console.log
      [2026-02-08T19:37:12.717Z] ========== FORM SUBMISSION STARTED ==========

      at Object.log [as handleSubmit] (src/hooks/useRegistrationForm.ts:280:13)

    console.log
      [2026-02-08T19:37:12.717Z] Event defaultPrevented: undefined

      at Object.log [as handleSubmit] (src/hooks/useRegistrationForm.ts:281:13)

    console.log
      [2026-02-08T19:37:12.717Z] Event type: undefined

      at Object.log [as handleSubmit] (src/hooks/useRegistrationForm.ts:282:13)

    console.log
      [2026-02-08T19:37:12.717Z] Event target: undefined

      at Object.log [as handleSubmit] (src/hooks/useRegistrationForm.ts:283:13)

    console.log
      [2026-02-08T19:37:12.717Z] Form data: {
        "fullName": "John Doe",
        "email": "test@example.com",
        "password": "%&\\4sK&Y`OID.M",
        "confirmPassword": "].I\\Kw"
      }

      at Object.log [as handleSubmit] (src/hooks/useRegistrationForm.ts:284:13)

    console.log
      [2026-02-08T19:37:12.717Z] Current errors: {}

      at Object.log [as handleSubmit] (src/hooks/useRegistrationForm.ts:285:13)

    console.log
      [2026-02-08T19:37:12.717Z] Is rate limited: false

      at Object.log [as handleSubmit] (src/hooks/useRegistrationForm.ts:286:13)

    console.log
      [2026-02-08T19:37:12.717Z] Validation result: false

      at Object.log [as handleSubmit] (src/hooks/useRegistrationForm.ts:296:13)

    console.log
      [2026-02-08T19:37:12.717Z] ❌ Form submission blocked: validation failed

      at Object.log [as handleSubmit] (src/hooks/useRegistrationForm.ts:298:15)

    console.log
      [2026-02-08T19:37:12.717Z] Validation errors: {}

      at Object.log [as handleSubmit] (src/hooks/useRegistrationForm.ts:299:15)

    console.log
      ✅ preventDefault() called FIRST (stopPropagation also called if available)

      at Object.log [as handleSubmit] (src/hooks/useRegistrationForm.ts:277:13)

    console.log
      [2026-02-08T19:37:12.718Z] ========== FORM SUBMISSION STARTED ==========

      at Object.log [as handleSubmit] (src/hooks/useRegistrationForm.ts:280:13)

    console.log
      [2026-02-08T19:37:12.718Z] Event defaultPrevented: undefined

      at Object.log [as handleSubmit] (src/hooks/useRegistrationForm.ts:281:13)

    console.log
      [2026-02-08T19:37:12.718Z] Event type: undefined

      at Object.log [as handleSubmit] (src/hooks/useRegistrationForm.ts:282:13)

    console.log
      [2026-02-08T19:37:12.718Z] Event target: undefined

      at Object.log [as handleSubmit] (src/hooks/useRegistrationForm.ts:283:13)

    console.log
      [2026-02-08T19:37:12.718Z] Form data: {
        "fullName": "John Doe",
        "email": "test@example.com",
        "password": "!v{;-0:RBOS:fr7>|r:",
        "confirmPassword": "]"
      }

      at Object.log [as handleSubmit] (src/hooks/useRegistrationForm.ts:284:13)

    console.log
      [2026-02-08T19:37:12.718Z] Current errors: {}

      at Object.log [as handleSubmit] (src/hooks/useRegistrationForm.ts:285:13)

    console.log
      [2026-02-08T19:37:12.718Z] Is rate limited: false

      at Object.log [as handleSubmit] (src/hooks/useRegistrationForm.ts:286:13)

    console.log
      [2026-02-08T19:37:12.718Z] Validation result: false

      at Object.log [as handleSubmit] (src/hooks/useRegistrationForm.ts:296:13)

    console.log
      [2026-02-08T19:37:12.718Z] ❌ Form submission blocked: validation failed

      at Object.log [as handleSubmit] (src/hooks/useRegistrationForm.ts:298:15)

    console.log
      [2026-02-08T19:37:12.718Z] Validation errors: {}

      at Object.log [as handleSubmit] (src/hooks/useRegistrationForm.ts:299:15)

    console.log
      ✅ preventDefault() called FIRST (stopPropagation also called if available)

      at Object.log [as handleSubmit] (src/hooks/useRegistrationForm.ts:277:13)

    console.log
      [2026-02-08T19:37:12.721Z] ========== FORM SUBMISSION STARTED ==========

      at Object.log [as handleSubmit] (src/hooks/useRegistrationForm.ts:280:13)

    console.log
      [2026-02-08T19:37:12.721Z] Event defaultPrevented: undefined

      at Object.log [as handleSubmit] (src/hooks/useRegistrationForm.ts:281:13)

    console.log
      [2026-02-08T19:37:12.721Z] Event type: undefined

      at Object.log [as handleSubmit] (src/hooks/useRegistrationForm.ts:282:13)

    console.log
      [2026-02-08T19:37:12.721Z] Event target: undefined

      at Object.log [as handleSubmit] (src/hooks/useRegistrationForm.ts:283:13)

    console.log
      [2026-02-08T19:37:12.721Z] Form data: {
        "fullName": "John Doe",
        "email": "test@example.com",
        "password": "kWU7_MexCGOZuD5",
        "confirmPassword": "JV"
      }

      at Object.log [as handleSubmit] (src/hooks/useRegistrationForm.ts:284:13)

    console.log
      [2026-02-08T19:37:12.721Z] Current errors: {}

      at Object.log [as handleSubmit] (src/hooks/useRegistrationForm.ts:285:13)

    console.log
      [2026-02-08T19:37:12.721Z] Is rate limited: false

      at Object.log [as handleSubmit] (src/hooks/useRegistrationForm.ts:286:13)

    console.log
      [2026-02-08T19:37:12.721Z] Validation result: false

      at Object.log [as handleSubmit] (src/hooks/useRegistrationForm.ts:296:13)

    console.log
      [2026-02-08T19:37:12.721Z] ❌ Form submission blocked: validation failed

      at Object.log [as handleSubmit] (src/hooks/useRegistrationForm.ts:298:15)

    console.log
      [2026-02-08T19:37:12.721Z] Validation errors: {}

      at Object.log [as handleSubmit] (src/hooks/useRegistrationForm.ts:299:15)

    console.log
      ✅ preventDefault() called FIRST (stopPropagation also called if available)

      at Object.log [as handleSubmit] (src/hooks/useRegistrationForm.ts:277:13)

    console.log
      [2026-02-08T19:37:12.723Z] ========== FORM SUBMISSION STARTED ==========

      at Object.log [as handleSubmit] (src/hooks/useRegistrationForm.ts:280:13)

    console.log
      [2026-02-08T19:37:12.723Z] Event defaultPrevented: undefined

      at Object.log [as handleSubmit] (src/hooks/useRegistrationForm.ts:281:13)

    console.log
      [2026-02-08T19:37:12.723Z] Event type: undefined

      at Object.log [as handleSubmit] (src/hooks/useRegistrationForm.ts:282:13)

    console.log
      [2026-02-08T19:37:12.723Z] Event target: undefined

      at Object.log [as handleSubmit] (src/hooks/useRegistrationForm.ts:283:13)

    console.log
      [2026-02-08T19:37:12.723Z] Form data: {
        "fullName": "John Doe",
        "email": "test@example.com",
        "password": "u=\\8dyi\"$ q:IdyI",
        "confirmPassword": "5\"p6If|"
      }

      at Object.log [as handleSubmit] (src/hooks/useRegistrationForm.ts:284:13)

    console.log
      [2026-02-08T19:37:12.723Z] Current errors: {}

      at Object.log [as handleSubmit] (src/hooks/useRegistrationForm.ts:285:13)

    console.log
      [2026-02-08T19:37:12.723Z] Is rate limited: false

      at Object.log [as handleSubmit] (src/hooks/useRegistrationForm.ts:286:13)

    console.log
      [2026-02-08T19:37:12.723Z] Validation result: false

      at Object.log [as handleSubmit] (src/hooks/useRegistrationForm.ts:296:13)

    console.log
      [2026-02-08T19:37:12.723Z] ❌ Form submission blocked: validation failed

      at Object.log [as handleSubmit] (src/hooks/useRegistrationForm.ts:298:15)

    console.log
      [2026-02-08T19:37:12.723Z] Validation errors: {}

      at Object.log [as handleSubmit] (src/hooks/useRegistrationForm.ts:299:15)

    console.log
      ✅ preventDefault() called FIRST (stopPropagation also called if available)

      at Object.log [as handleSubmit] (src/hooks/useRegistrationForm.ts:277:13)

    console.log
      [2026-02-08T19:37:12.724Z] ========== FORM SUBMISSION STARTED ==========

      at Object.log [as handleSubmit] (src/hooks/useRegistrationForm.ts:280:13)

    console.log
      [2026-02-08T19:37:12.724Z] Event defaultPrevented: undefined

      at Object.log [as handleSubmit] (src/hooks/useRegistrationForm.ts:281:13)

    console.log
      [2026-02-08T19:37:12.724Z] Event type: undefined

      at Object.log [as handleSubmit] (src/hooks/useRegistrationForm.ts:282:13)

    console.log
      [2026-02-08T19:37:12.724Z] Event target: undefined

      at Object.log [as handleSubmit] (src/hooks/useRegistrationForm.ts:283:13)

    console.log
      [2026-02-08T19:37:12.724Z] Form data: {
        "fullName": "John Doe",
        "email": "test@example.com",
        "password": "1litB;!Eh5l",
        "confirmPassword": "Vmi"
      }

      at Object.log [as handleSubmit] (src/hooks/useRegistrationForm.ts:284:13)

    console.log
      [2026-02-08T19:37:12.724Z] Current errors: {}

      at Object.log [as handleSubmit] (src/hooks/useRegistrationForm.ts:285:13)

    console.log
      [2026-02-08T19:37:12.724Z] Is rate limited: false

      at Object.log [as handleSubmit] (src/hooks/useRegistrationForm.ts:286:13)

    console.log
      [2026-02-08T19:37:12.724Z] Validation result: false

      at Object.log [as handleSubmit] (src/hooks/useRegistrationForm.ts:296:13)

    console.log
      [2026-02-08T19:37:12.724Z] ❌ Form submission blocked: validation failed

      at Object.log [as handleSubmit] (src/hooks/useRegistrationForm.ts:298:15)

    console.log
      [2026-02-08T19:37:12.724Z] Validation errors: {}

      at Object.log [as handleSubmit] (src/hooks/useRegistrationForm.ts:299:15)

    console.log
      ✅ preventDefault() called FIRST (stopPropagation also called if available)

      at Object.log [as handleSubmit] (src/hooks/useRegistrationForm.ts:277:13)

    console.log
      [2026-02-08T19:37:12.735Z] ========== FORM SUBMISSION STARTED ==========

      at Object.log [as handleSubmit] (src/hooks/useRegistrationForm.ts:280:13)

    console.log
      [2026-02-08T19:37:12.735Z] Event defaultPrevented: undefined

      at Object.log [as handleSubmit] (src/hooks/useRegistrationForm.ts:281:13)

    console.log
      [2026-02-08T19:37:12.735Z] Event type: undefined

      at Object.log [as handleSubmit] (src/hooks/useRegistrationForm.ts:282:13)

    console.log
      [2026-02-08T19:37:12.735Z] Event target: undefined

      at Object.log [as handleSubmit] (src/hooks/useRegistrationForm.ts:283:13)

    console.log
      [2026-02-08T19:37:12.735Z] Form data: {
        "fullName": "John Doe",
        "email": "test@example.com",
        "password": "Y},tZWiIVsBJz{/4KO",
        "confirmPassword": "),7vo"
      }

      at Object.log [as handleSubmit] (src/hooks/useRegistrationForm.ts:284:13)

    console.log
      [2026-02-08T19:37:12.735Z] Current errors: {}

      at Object.log [as handleSubmit] (src/hooks/useRegistrationForm.ts:285:13)

    console.log
      [2026-02-08T19:37:12.735Z] Is rate limited: false

      at Object.log [as handleSubmit] (src/hooks/useRegistrationForm.ts:286:13)

    console.log
      [2026-02-08T19:37:12.735Z] Validation result: false

      at Object.log [as handleSubmit] (src/hooks/useRegistrationForm.ts:296:13)

    console.log
      [2026-02-08T19:37:12.735Z] ❌ Form submission blocked: validation failed

      at Object.log [as handleSubmit] (src/hooks/useRegistrationForm.ts:298:15)

    console.log
      [2026-02-08T19:37:12.735Z] Validation errors: {}

      at Object.log [as handleSubmit] (src/hooks/useRegistrationForm.ts:299:15)

    console.log
      ✅ preventDefault() called FIRST (stopPropagation also called if available)

      at Object.log [as handleSubmit] (src/hooks/useRegistrationForm.ts:277:13)

    console.log
      [2026-02-08T19:37:12.738Z] ========== FORM SUBMISSION STARTED ==========

      at Object.log [as handleSubmit] (src/hooks/useRegistrationForm.ts:280:13)

    console.log
      [2026-02-08T19:37:12.738Z] Event defaultPrevented: undefined

      at Object.log [as handleSubmit] (src/hooks/useRegistrationForm.ts:281:13)

    console.log
      [2026-02-08T19:37:12.738Z] Event type: undefined

      at Object.log [as handleSubmit] (src/hooks/useRegistrationForm.ts:282:13)

    console.log
      [2026-02-08T19:37:12.738Z] Event target: undefined

      at Object.log [as handleSubmit] (src/hooks/useRegistrationForm.ts:283:13)

    console.log
      [2026-02-08T19:37:12.738Z] Form data: {
        "fullName": "John Doe",
        "email": "test@example.com",
        "password": "ckHm-|9g PF?",
        "confirmPassword": "&A%Lh?YeMq"
      }

      at Object.log [as handleSubmit] (src/hooks/useRegistrationForm.ts:284:13)

    console.log
      [2026-02-08T19:37:12.738Z] Current errors: {}

      at Object.log [as handleSubmit] (src/hooks/useRegistrationForm.ts:285:13)

    console.log
      [2026-02-08T19:37:12.738Z] Is rate limited: false

      at Object.log [as handleSubmit] (src/hooks/useRegistrationForm.ts:286:13)

    console.log
      [2026-02-08T19:37:12.738Z] Validation result: false

      at Object.log [as handleSubmit] (src/hooks/useRegistrationForm.ts:296:13)

    console.log
      [2026-02-08T19:37:12.738Z] ❌ Form submission blocked: validation failed

      at Object.log [as handleSubmit] (src/hooks/useRegistrationForm.ts:298:15)

    console.log
      [2026-02-08T19:37:12.738Z] Validation errors: {}

      at Object.log [as handleSubmit] (src/hooks/useRegistrationForm.ts:299:15)

    console.log
      ✅ preventDefault() called FIRST (stopPropagation also called if available)

      at Object.log [as handleSubmit] (src/hooks/useRegistrationForm.ts:277:13)

    console.log
      [2026-02-08T19:37:12.743Z] ========== FORM SUBMISSION STARTED ==========

      at Object.log [as handleSubmit] (src/hooks/useRegistrationForm.ts:280:13)

    console.log
      [2026-02-08T19:37:12.743Z] Event defaultPrevented: undefined

      at Object.log [as handleSubmit] (src/hooks/useRegistrationForm.ts:281:13)

    console.log
      [2026-02-08T19:37:12.743Z] Event type: undefined

      at Object.log [as handleSubmit] (src/hooks/useRegistrationForm.ts:282:13)

    console.log
      [2026-02-08T19:37:12.743Z] Event target: undefined

      at Object.log [as handleSubmit] (src/hooks/useRegistrationForm.ts:283:13)

    console.log
      [2026-02-08T19:37:12.743Z] Form data: {
        "fullName": "John Doe",
        "email": "test@example.com",
        "password": "y%mk?{Ly $%!^}P8xYc",
        "confirmPassword": ""
      }

      at Object.log [as handleSubmit] (src/hooks/useRegistrationForm.ts:284:13)

    console.log
      [2026-02-08T19:37:12.743Z] Current errors: {}

      at Object.log [as handleSubmit] (src/hooks/useRegistrationForm.ts:285:13)

    console.log
      [2026-02-08T19:37:12.743Z] Is rate limited: false

      at Object.log [as handleSubmit] (src/hooks/useRegistrationForm.ts:286:13)

    console.log
      [2026-02-08T19:37:12.743Z] Validation result: false

      at Object.log [as handleSubmit] (src/hooks/useRegistrationForm.ts:296:13)

    console.log
      [2026-02-08T19:37:12.743Z] ❌ Form submission blocked: validation failed

      at Object.log [as handleSubmit] (src/hooks/useRegistrationForm.ts:298:15)

    console.log
      [2026-02-08T19:37:12.743Z] Validation errors: {}

      at Object.log [as handleSubmit] (src/hooks/useRegistrationForm.ts:299:15)

    console.log
      ✅ preventDefault() called FIRST (stopPropagation also called if available)

      at Object.log [as handleSubmit] (src/hooks/useRegistrationForm.ts:277:13)

    console.log
      [2026-02-08T19:37:12.747Z] ========== FORM SUBMISSION STARTED ==========

      at Object.log [as handleSubmit] (src/hooks/useRegistrationForm.ts:280:13)

    console.log
      [2026-02-08T19:37:12.747Z] Event defaultPrevented: undefined

      at Object.log [as handleSubmit] (src/hooks/useRegistrationForm.ts:281:13)

    console.log
      [2026-02-08T19:37:12.747Z] Event type: undefined

      at Object.log [as handleSubmit] (src/hooks/useRegistrationForm.ts:282:13)

    console.log
      [2026-02-08T19:37:12.747Z] Event target: undefined

      at Object.log [as handleSubmit] (src/hooks/useRegistrationForm.ts:283:13)

    console.log
      [2026-02-08T19:37:12.747Z] Form data: {
        "fullName": "John Doe",
        "email": "test@example.com",
        "password": "3=4^Y/&s<YO*Ke=",
        "confirmPassword": "!8ocgn$3|o"
      }

      at Object.log [as handleSubmit] (src/hooks/useRegistrationForm.ts:284:13)

    console.log
      [2026-02-08T19:37:12.747Z] Current errors: {}

      at Object.log [as handleSubmit] (src/hooks/useRegistrationForm.ts:285:13)

    console.log
      [2026-02-08T19:37:12.747Z] Is rate limited: false

      at Object.log [as handleSubmit] (src/hooks/useRegistrationForm.ts:286:13)

    console.log
      [2026-02-08T19:37:12.747Z] Validation result: false

      at Object.log [as handleSubmit] (src/hooks/useRegistrationForm.ts:296:13)

    console.log
      [2026-02-08T19:37:12.747Z] ❌ Form submission blocked: validation failed

      at Object.log [as handleSubmit] (src/hooks/useRegistrationForm.ts:298:15)

    console.log
      [2026-02-08T19:37:12.747Z] Validation errors: {}

      at Object.log [as handleSubmit] (src/hooks/useRegistrationForm.ts:299:15)

    console.log
      ✅ preventDefault() called FIRST (stopPropagation also called if available)

      at Object.log [as handleSubmit] (src/hooks/useRegistrationForm.ts:277:13)

    console.log
      [2026-02-08T19:37:12.749Z] ========== FORM SUBMISSION STARTED ==========

      at Object.log [as handleSubmit] (src/hooks/useRegistrationForm.ts:280:13)

    console.log
      [2026-02-08T19:37:12.749Z] Event defaultPrevented: undefined

      at Object.log [as handleSubmit] (src/hooks/useRegistrationForm.ts:281:13)

    console.log
      [2026-02-08T19:37:12.749Z] Event type: undefined

      at Object.log [as handleSubmit] (src/hooks/useRegistrationForm.ts:282:13)

    console.log
      [2026-02-08T19:37:12.749Z] Event target: undefined

      at Object.log [as handleSubmit] (src/hooks/useRegistrationForm.ts:283:13)

    console.log
      [2026-02-08T19:37:12.749Z] Form data: {
        "fullName": "John Doe",
        "email": "test@example.com",
        "password": "R@j]x%t=aZu_^9v",
        "confirmPassword": "2"
      }

      at Object.log [as handleSubmit] (src/hooks/useRegistrationForm.ts:284:13)

    console.log
      [2026-02-08T19:37:12.749Z] Current errors: {}

      at Object.log [as handleSubmit] (src/hooks/useRegistrationForm.ts:285:13)

    console.log
      [2026-02-08T19:37:12.749Z] Is rate limited: false

      at Object.log [as handleSubmit] (src/hooks/useRegistrationForm.ts:286:13)

    console.log
      [2026-02-08T19:37:12.749Z] Validation result: false

      at Object.log [as handleSubmit] (src/hooks/useRegistrationForm.ts:296:13)

    console.log
      [2026-02-08T19:37:12.749Z] ❌ Form submission blocked: validation failed

      at Object.log [as handleSubmit] (src/hooks/useRegistrationForm.ts:298:15)

    console.log
      [2026-02-08T19:37:12.749Z] Validation errors: {}

      at Object.log [as handleSubmit] (src/hooks/useRegistrationForm.ts:299:15)

    console.log
      ✅ preventDefault() called FIRST (stopPropagation also called if available)

      at Object.log [as handleSubmit] (src/hooks/useRegistrationForm.ts:277:13)

    console.log
      [2026-02-08T19:37:12.752Z] ========== FORM SUBMISSION STARTED ==========

      at Object.log [as handleSubmit] (src/hooks/useRegistrationForm.ts:280:13)

    console.log
      [2026-02-08T19:37:12.752Z] Event defaultPrevented: undefined

      at Object.log [as handleSubmit] (src/hooks/useRegistrationForm.ts:281:13)

    console.log
      [2026-02-08T19:37:12.752Z] Event type: undefined

      at Object.log [as handleSubmit] (src/hooks/useRegistrationForm.ts:282:13)

    console.log
      [2026-02-08T19:37:12.752Z] Event target: undefined

      at Object.log [as handleSubmit] (src/hooks/useRegistrationForm.ts:283:13)

    console.log
      [2026-02-08T19:37:12.752Z] Form data: {
        "fullName": "John Doe",
        "email": "test@example.com",
        "password": "BMzBVy%d)@;,7a",
        "confirmPassword": "89*"
      }

      at Object.log [as handleSubmit] (src/hooks/useRegistrationForm.ts:284:13)

    console.log
      [2026-02-08T19:37:12.752Z] Current errors: {}

      at Object.log [as handleSubmit] (src/hooks/useRegistrationForm.ts:285:13)

    console.log
      [2026-02-08T19:37:12.752Z] Is rate limited: false

      at Object.log [as handleSubmit] (src/hooks/useRegistrationForm.ts:286:13)

    console.log
      [2026-02-08T19:37:12.752Z] Validation result: false

      at Object.log [as handleSubmit] (src/hooks/useRegistrationForm.ts:296:13)

    console.log
      [2026-02-08T19:37:12.752Z] ❌ Form submission blocked: validation failed

      at Object.log [as handleSubmit] (src/hooks/useRegistrationForm.ts:298:15)

    console.log
      [2026-02-08T19:37:12.752Z] Validation errors: {}

      at Object.log [as handleSubmit] (src/hooks/useRegistrationForm.ts:299:15)

    console.log
      ✅ preventDefault() called FIRST (stopPropagation also called if available)

      at Object.log [as handleSubmit] (src/hooks/useRegistrationForm.ts:277:13)

    console.log
      [2026-02-08T19:37:12.755Z] ========== FORM SUBMISSION STARTED ==========

      at Object.log [as handleSubmit] (src/hooks/useRegistrationForm.ts:280:13)

    console.log
      [2026-02-08T19:37:12.755Z] Event defaultPrevented: undefined

      at Object.log [as handleSubmit] (src/hooks/useRegistrationForm.ts:281:13)

    console.log
      [2026-02-08T19:37:12.755Z] Event type: undefined

      at Object.log [as handleSubmit] (src/hooks/useRegistrationForm.ts:282:13)

    console.log
      [2026-02-08T19:37:12.755Z] Event target: undefined

      at Object.log [as handleSubmit] (src/hooks/useRegistrationForm.ts:283:13)

    console.log
      [2026-02-08T19:37:12.755Z] Form data: {
        "fullName": "John Doe",
        "email": "test@example.com",
        "password": "$0WFG(eYo[Y95E|8",
        "confirmPassword": "~"
      }

      at Object.log [as handleSubmit] (src/hooks/useRegistrationForm.ts:284:13)

    console.log
      [2026-02-08T19:37:12.755Z] Current errors: {}

      at Object.log [as handleSubmit] (src/hooks/useRegistrationForm.ts:285:13)

    console.log
      [2026-02-08T19:37:12.755Z] Is rate limited: false

      at Object.log [as handleSubmit] (src/hooks/useRegistrationForm.ts:286:13)

    console.log
      [2026-02-08T19:37:12.755Z] Validation result: false

      at Object.log [as handleSubmit] (src/hooks/useRegistrationForm.ts:296:13)

    console.log
      [2026-02-08T19:37:12.755Z] ❌ Form submission blocked: validation failed

      at Object.log [as handleSubmit] (src/hooks/useRegistrationForm.ts:298:15)

    console.log
      [2026-02-08T19:37:12.755Z] Validation errors: {}

      at Object.log [as handleSubmit] (src/hooks/useRegistrationForm.ts:299:15)

    console.log
      ✅ preventDefault() called FIRST (stopPropagation also called if available)

      at Object.log [as handleSubmit] (src/hooks/useRegistrationForm.ts:277:13)

    console.log
      [2026-02-08T19:37:12.757Z] ========== FORM SUBMISSION STARTED ==========

      at Object.log [as handleSubmit] (src/hooks/useRegistrationForm.ts:280:13)

    console.log
      [2026-02-08T19:37:12.757Z] Event defaultPrevented: undefined

      at Object.log [as handleSubmit] (src/hooks/useRegistrationForm.ts:281:13)

    console.log
      [2026-02-08T19:37:12.757Z] Event type: undefined

      at Object.log [as handleSubmit] (src/hooks/useRegistrationForm.ts:282:13)

    console.log
      [2026-02-08T19:37:12.757Z] Event target: undefined

      at Object.log [as handleSubmit] (src/hooks/useRegistrationForm.ts:283:13)

    console.log
      [2026-02-08T19:37:12.757Z] Form data: {
        "fullName": "John Doe",
        "email": "test@example.com",
        "password": "ztXDX}?X,V L8OGFdP",
        "confirmPassword": "P!"
      }

      at Object.log [as handleSubmit] (src/hooks/useRegistrationForm.ts:284:13)

    console.log
      [2026-02-08T19:37:12.757Z] Current errors: {}

      at Object.log [as handleSubmit] (src/hooks/useRegistrationForm.ts:285:13)

    console.log
      [2026-02-08T19:37:12.757Z] Is rate limited: false

      at Object.log [as handleSubmit] (src/hooks/useRegistrationForm.ts:286:13)

    console.log
      [2026-02-08T19:37:12.757Z] Validation result: false

      at Object.log [as handleSubmit] (src/hooks/useRegistrationForm.ts:296:13)

    console.log
      [2026-02-08T19:37:12.757Z] ❌ Form submission blocked: validation failed

      at Object.log [as handleSubmit] (src/hooks/useRegistrationForm.ts:298:15)

    console.log
      [2026-02-08T19:37:12.757Z] Validation errors: {}

      at Object.log [as handleSubmit] (src/hooks/useRegistrationForm.ts:299:15)

    console.log
      ✅ preventDefault() called FIRST (stopPropagation also called if available)

      at Object.log [as handleSubmit] (src/hooks/useRegistrationForm.ts:277:13)

    console.log
      [2026-02-08T19:37:12.767Z] ========== FORM SUBMISSION STARTED ==========

      at Object.log [as handleSubmit] (src/hooks/useRegistrationForm.ts:280:13)

    console.log
      [2026-02-08T19:37:12.767Z] Event defaultPrevented: undefined

      at Object.log [as handleSubmit] (src/hooks/useRegistrationForm.ts:281:13)

    console.log
      [2026-02-08T19:37:12.767Z] Event type: undefined

      at Object.log [as handleSubmit] (src/hooks/useRegistrationForm.ts:282:13)

    console.log
      [2026-02-08T19:37:12.767Z] Event target: undefined

      at Object.log [as handleSubmit] (src/hooks/useRegistrationForm.ts:283:13)

    console.log
      [2026-02-08T19:37:12.767Z] Form data: {
        "fullName": "John Doe",
        "email": "test@example.com",
        "password": "!wy#$Zc &h1%||",
        "confirmPassword": ""
      }

      at Object.log [as handleSubmit] (src/hooks/useRegistrationForm.ts:284:13)

    console.log
      [2026-02-08T19:37:12.767Z] Current errors: {}

      at Object.log [as handleSubmit] (src/hooks/useRegistrationForm.ts:285:13)

    console.log
      [2026-02-08T19:37:12.767Z] Is rate limited: false

      at Object.log [as handleSubmit] (src/hooks/useRegistrationForm.ts:286:13)

    console.log
      [2026-02-08T19:37:12.767Z] Validation result: false

      at Object.log [as handleSubmit] (src/hooks/useRegistrationForm.ts:296:13)

    console.log
      [2026-02-08T19:37:12.767Z] ❌ Form submission blocked: validation failed

      at Object.log [as handleSubmit] (src/hooks/useRegistrationForm.ts:298:15)

    console.log
      [2026-02-08T19:37:12.767Z] Validation errors: {}

      at Object.log [as handleSubmit] (src/hooks/useRegistrationForm.ts:299:15)

    console.log
      ✅ preventDefault() called FIRST (stopPropagation also called if available)

      at Object.log [as handleSubmit] (src/hooks/useRegistrationForm.ts:277:13)

    console.log
      [2026-02-08T19:37:12.776Z] ========== FORM SUBMISSION STARTED ==========

      at Object.log [as handleSubmit] (src/hooks/useRegistrationForm.ts:280:13)

    console.log
      [2026-02-08T19:37:12.776Z] Event defaultPrevented: undefined

      at Object.log [as handleSubmit] (src/hooks/useRegistrationForm.ts:281:13)

    console.log
      [2026-02-08T19:37:12.776Z] Event type: undefined

      at Object.log [as handleSubmit] (src/hooks/useRegistrationForm.ts:282:13)

    console.log
      [2026-02-08T19:37:12.776Z] Event target: undefined

      at Object.log [as handleSubmit] (src/hooks/useRegistrationForm.ts:283:13)

    console.log
      [2026-02-08T19:37:12.776Z] Form data: {
        "fullName": "John Doe",
        "email": "test@example.com",
        "password": "2Iyvm8PsQ2f,",
        "confirmPassword": "+o1hV_y[e4"
      }

      at Object.log [as handleSubmit] (src/hooks/useRegistrationForm.ts:284:13)

    console.log
      [2026-02-08T19:37:12.776Z] Current errors: {}

      at Object.log [as handleSubmit] (src/hooks/useRegistrationForm.ts:285:13)

    console.log
      [2026-02-08T19:37:12.776Z] Is rate limited: false

      at Object.log [as handleSubmit] (src/hooks/useRegistrationForm.ts:286:13)

    console.log
      [2026-02-08T19:37:12.776Z] Validation result: false

      at Object.log [as handleSubmit] (src/hooks/useRegistrationForm.ts:296:13)

    console.log
      [2026-02-08T19:37:12.776Z] ❌ Form submission blocked: validation failed

      at Object.log [as handleSubmit] (src/hooks/useRegistrationForm.ts:298:15)

    console.log
      [2026-02-08T19:37:12.776Z] Validation errors: {}

      at Object.log [as handleSubmit] (src/hooks/useRegistrationForm.ts:299:15)

    console.log
      ✅ preventDefault() called FIRST (stopPropagation also called if available)

      at Object.log [as handleSubmit] (src/hooks/useRegistrationForm.ts:277:13)

    console.log
      [2026-02-08T19:37:12.779Z] ========== FORM SUBMISSION STARTED ==========

      at Object.log [as handleSubmit] (src/hooks/useRegistrationForm.ts:280:13)

    console.log
      [2026-02-08T19:37:12.779Z] Event defaultPrevented: undefined

      at Object.log [as handleSubmit] (src/hooks/useRegistrationForm.ts:281:13)

    console.log
      [2026-02-08T19:37:12.779Z] Event type: undefined

      at Object.log [as handleSubmit] (src/hooks/useRegistrationForm.ts:282:13)

    console.log
      [2026-02-08T19:37:12.779Z] Event target: undefined

      at Object.log [as handleSubmit] (src/hooks/useRegistrationForm.ts:283:13)

    console.log
      [2026-02-08T19:37:12.779Z] Form data: {
        "fullName": "John Doe",
        "email": "test@example.com",
        "password": "b2/Zf>K0Q",
        "confirmPassword": "_(vH{\\N6"
      }

      at Object.log [as handleSubmit] (src/hooks/useRegistrationForm.ts:284:13)

    console.log
      [2026-02-08T19:37:12.779Z] Current errors: {}

      at Object.log [as handleSubmit] (src/hooks/useRegistrationForm.ts:285:13)

    console.log
      [2026-02-08T19:37:12.779Z] Is rate limited: false

      at Object.log [as handleSubmit] (src/hooks/useRegistrationForm.ts:286:13)

    console.log
      [2026-02-08T19:37:12.779Z] Validation result: false

      at Object.log [as handleSubmit] (src/hooks/useRegistrationForm.ts:296:13)

    console.log
      [2026-02-08T19:37:12.779Z] ❌ Form submission blocked: validation failed

      at Object.log [as handleSubmit] (src/hooks/useRegistrationForm.ts:298:15)

    console.log
      [2026-02-08T19:37:12.779Z] Validation errors: {}

      at Object.log [as handleSubmit] (src/hooks/useRegistrationForm.ts:299:15)

    console.log
      ✅ preventDefault() called FIRST (stopPropagation also called if available)

      at Object.log [as handleSubmit] (src/hooks/useRegistrationForm.ts:277:13)

    console.log
      [2026-02-08T19:37:12.786Z] ========== FORM SUBMISSION STARTED ==========

      at Object.log [as handleSubmit] (src/hooks/useRegistrationForm.ts:280:13)

    console.log
      [2026-02-08T19:37:12.786Z] Event defaultPrevented: undefined

      at Object.log [as handleSubmit] (src/hooks/useRegistrationForm.ts:281:13)

    console.log
      [2026-02-08T19:37:12.786Z] Event type: undefined

      at Object.log [as handleSubmit] (src/hooks/useRegistrationForm.ts:282:13)

    console.log
      [2026-02-08T19:37:12.786Z] Event target: undefined

      at Object.log [as handleSubmit] (src/hooks/useRegistrationForm.ts:283:13)

    console.log
      [2026-02-08T19:37:12.786Z] Form data: {
        "fullName": "John Doe",
        "email": "test@example.com",
        "password": ",ov1]l{7aH",
        "confirmPassword": "Wj)7*Z9\\T"
      }

      at Object.log [as handleSubmit] (src/hooks/useRegistrationForm.ts:284:13)

    console.log
      [2026-02-08T19:37:12.786Z] Current errors: {}

      at Object.log [as handleSubmit] (src/hooks/useRegistrationForm.ts:285:13)

    console.log
      [2026-02-08T19:37:12.786Z] Is rate limited: false

      at Object.log [as handleSubmit] (src/hooks/useRegistrationForm.ts:286:13)

    console.log
      [2026-02-08T19:37:12.786Z] Validation result: false

      at Object.log [as handleSubmit] (src/hooks/useRegistrationForm.ts:296:13)

    console.log
      [2026-02-08T19:37:12.786Z] ❌ Form submission blocked: validation failed

      at Object.log [as handleSubmit] (src/hooks/useRegistrationForm.ts:298:15)

    console.log
      [2026-02-08T19:37:12.786Z] Validation errors: {}

      at Object.log [as handleSubmit] (src/hooks/useRegistrationForm.ts:299:15)

    console.log
      ✅ preventDefault() called FIRST (stopPropagation also called if available)

      at Object.log [as handleSubmit] (src/hooks/useRegistrationForm.ts:277:13)

    console.log
      [2026-02-08T19:37:12.790Z] ========== FORM SUBMISSION STARTED ==========

      at Object.log [as handleSubmit] (src/hooks/useRegistrationForm.ts:280:13)

    console.log
      [2026-02-08T19:37:12.790Z] Event defaultPrevented: undefined

      at Object.log [as handleSubmit] (src/hooks/useRegistrationForm.ts:281:13)

    console.log
      [2026-02-08T19:37:12.790Z] Event type: undefined

      at Object.log [as handleSubmit] (src/hooks/useRegistrationForm.ts:282:13)

    console.log
      [2026-02-08T19:37:12.790Z] Event target: undefined

      at Object.log [as handleSubmit] (src/hooks/useRegistrationForm.ts:283:13)

    console.log
      [2026-02-08T19:37:12.790Z] Form data: {
        "fullName": "John Doe",
        "email": "test@example.com",
        "password": "CrTFs=?>9",
        "confirmPassword": "=$Q"
      }

      at Object.log [as handleSubmit] (src/hooks/useRegistrationForm.ts:284:13)

    console.log
      [2026-02-08T19:37:12.790Z] Current errors: {}

      at Object.log [as handleSubmit] (src/hooks/useRegistrationForm.ts:285:13)

    console.log
      [2026-02-08T19:37:12.790Z] Is rate limited: false

      at Object.log [as handleSubmit] (src/hooks/useRegistrationForm.ts:286:13)

    console.log
      [2026-02-08T19:37:12.790Z] Validation result: false

      at Object.log [as handleSubmit] (src/hooks/useRegistrationForm.ts:296:13)

    console.log
      [2026-02-08T19:37:12.790Z] ❌ Form submission blocked: validation failed

      at Object.log [as handleSubmit] (src/hooks/useRegistrationForm.ts:298:15)

    console.log
      [2026-02-08T19:37:12.790Z] Validation errors: {}

      at Object.log [as handleSubmit] (src/hooks/useRegistrationForm.ts:299:15)

    console.log
      ✅ preventDefault() called FIRST (stopPropagation also called if available)

      at Object.log [as handleSubmit] (src/hooks/useRegistrationForm.ts:277:13)

    console.log
      [2026-02-08T19:37:12.795Z] ========== FORM SUBMISSION STARTED ==========

      at Object.log [as handleSubmit] (src/hooks/useRegistrationForm.ts:280:13)

    console.log
      [2026-02-08T19:37:12.795Z] Event defaultPrevented: undefined

      at Object.log [as handleSubmit] (src/hooks/useRegistrationForm.ts:281:13)

    console.log
      [2026-02-08T19:37:12.795Z] Event type: undefined

      at Object.log [as handleSubmit] (src/hooks/useRegistrationForm.ts:282:13)

    console.log
      [2026-02-08T19:37:12.795Z] Event target: undefined

      at Object.log [as handleSubmit] (src/hooks/useRegistrationForm.ts:283:13)

    console.log
      [2026-02-08T19:37:12.795Z] Form data: {
        "fullName": "John Doe",
        "email": "test@example.com",
        "password": "dM\\m8)k8",
        "confirmPassword": ""
      }

      at Object.log [as handleSubmit] (src/hooks/useRegistrationForm.ts:284:13)

    console.log
      [2026-02-08T19:37:12.795Z] Current errors: {}

      at Object.log [as handleSubmit] (src/hooks/useRegistrationForm.ts:285:13)

    console.log
      [2026-02-08T19:37:12.795Z] Is rate limited: false

      at Object.log [as handleSubmit] (src/hooks/useRegistrationForm.ts:286:13)

    console.log
      [2026-02-08T19:37:12.795Z] Validation result: false

      at Object.log [as handleSubmit] (src/hooks/useRegistrationForm.ts:296:13)

    console.log
      [2026-02-08T19:37:12.795Z] ❌ Form submission blocked: validation failed

      at Object.log [as handleSubmit] (src/hooks/useRegistrationForm.ts:298:15)

    console.log
      [2026-02-08T19:37:12.795Z] Validation errors: {}

      at Object.log [as handleSubmit] (src/hooks/useRegistrationForm.ts:299:15)

    console.log
      ✅ preventDefault() called FIRST (stopPropagation also called if available)

      at Object.log [as handleSubmit] (src/hooks/useRegistrationForm.ts:277:13)

    console.log
      [2026-02-08T19:37:12.799Z] ========== FORM SUBMISSION STARTED ==========

      at Object.log [as handleSubmit] (src/hooks/useRegistrationForm.ts:280:13)

    console.log
      [2026-02-08T19:37:12.799Z] Event defaultPrevented: undefined

      at Object.log [as handleSubmit] (src/hooks/useRegistrationForm.ts:281:13)

    console.log
      [2026-02-08T19:37:12.799Z] Event type: undefined

      at Object.log [as handleSubmit] (src/hooks/useRegistrationForm.ts:282:13)

    console.log
      [2026-02-08T19:37:12.799Z] Event target: undefined

      at Object.log [as handleSubmit] (src/hooks/useRegistrationForm.ts:283:13)

    console.log
      [2026-02-08T19:37:12.799Z] Form data: {
        "fullName": "John Doe",
        "email": "test@example.com",
        "password": "zT.g{0h&7zNH",
        "confirmPassword": "_-2)0"
      }

      at Object.log [as handleSubmit] (src/hooks/useRegistrationForm.ts:284:13)

    console.log
      [2026-02-08T19:37:12.799Z] Current errors: {}

      at Object.log [as handleSubmit] (src/hooks/useRegistrationForm.ts:285:13)

    console.log
      [2026-02-08T19:37:12.799Z] Is rate limited: false

      at Object.log [as handleSubmit] (src/hooks/useRegistrationForm.ts:286:13)

    console.log
      [2026-02-08T19:37:12.799Z] Validation result: false

      at Object.log [as handleSubmit] (src/hooks/useRegistrationForm.ts:296:13)

    console.log
      [2026-02-08T19:37:12.799Z] ❌ Form submission blocked: validation failed

      at Object.log [as handleSubmit] (src/hooks/useRegistrationForm.ts:298:15)

    console.log
      [2026-02-08T19:37:12.799Z] Validation errors: {}

      at Object.log [as handleSubmit] (src/hooks/useRegistrationForm.ts:299:15)

    console.log
      ✅ preventDefault() called FIRST (stopPropagation also called if available)

      at Object.log [as handleSubmit] (src/hooks/useRegistrationForm.ts:277:13)

    console.log
      [2026-02-08T19:37:12.804Z] ========== FORM SUBMISSION STARTED ==========

      at Object.log [as handleSubmit] (src/hooks/useRegistrationForm.ts:280:13)

    console.log
      [2026-02-08T19:37:12.804Z] Event defaultPrevented: undefined

      at Object.log [as handleSubmit] (src/hooks/useRegistrationForm.ts:281:13)

    console.log
      [2026-02-08T19:37:12.804Z] Event type: undefined

      at Object.log [as handleSubmit] (src/hooks/useRegistrationForm.ts:282:13)

    console.log
      [2026-02-08T19:37:12.804Z] Event target: undefined

      at Object.log [as handleSubmit] (src/hooks/useRegistrationForm.ts:283:13)

    console.log
      [2026-02-08T19:37:12.804Z] Form data: {
        "fullName": "John Doe",
        "email": "test@example.com",
        "password": ":=qQ&zc)T~=4A4 nuY{X",
        "confirmPassword": "Wo@>H :?$"
      }

      at Object.log [as handleSubmit] (src/hooks/useRegistrationForm.ts:284:13)

    console.log
      [2026-02-08T19:37:12.804Z] Current errors: {}

      at Object.log [as handleSubmit] (src/hooks/useRegistrationForm.ts:285:13)

    console.log
      [2026-02-08T19:37:12.804Z] Is rate limited: false

      at Object.log [as handleSubmit] (src/hooks/useRegistrationForm.ts:286:13)

    console.log
      [2026-02-08T19:37:12.804Z] Validation result: false

      at Object.log [as handleSubmit] (src/hooks/useRegistrationForm.ts:296:13)

    console.log
      [2026-02-08T19:37:12.804Z] ❌ Form submission blocked: validation failed

      at Object.log [as handleSubmit] (src/hooks/useRegistrationForm.ts:298:15)

    console.log
      [2026-02-08T19:37:12.804Z] Validation errors: {}

      at Object.log [as handleSubmit] (src/hooks/useRegistrationForm.ts:299:15)

    console.log
      ✅ preventDefault() called FIRST (stopPropagation also called if available)

      at Object.log [as handleSubmit] (src/hooks/useRegistrationForm.ts:277:13)

    console.log
      [2026-02-08T19:37:12.806Z] ========== FORM SUBMISSION STARTED ==========

      at Object.log [as handleSubmit] (src/hooks/useRegistrationForm.ts:280:13)

    console.log
      [2026-02-08T19:37:12.806Z] Event defaultPrevented: undefined

      at Object.log [as handleSubmit] (src/hooks/useRegistrationForm.ts:281:13)

    console.log
      [2026-02-08T19:37:12.806Z] Event type: undefined

      at Object.log [as handleSubmit] (src/hooks/useRegistrationForm.ts:282:13)

    console.log
      [2026-02-08T19:37:12.806Z] Event target: undefined

      at Object.log [as handleSubmit] (src/hooks/useRegistrationForm.ts:283:13)

    console.log
      [2026-02-08T19:37:12.806Z] Form data: {
        "fullName": "John Doe",
        "email": "test@example.com",
        "password": "pM8.A{X2<58Zz\\Q9R<9Z4I",
        "confirmPassword": "#"
      }

      at Object.log [as handleSubmit] (src/hooks/useRegistrationForm.ts:284:13)

    console.log
      [2026-02-08T19:37:12.806Z] Current errors: {}

      at Object.log [as handleSubmit] (src/hooks/useRegistrationForm.ts:285:13)

    console.log
      [2026-02-08T19:37:12.806Z] Is rate limited: false

      at Object.log [as handleSubmit] (src/hooks/useRegistrationForm.ts:286:13)

    console.log
      [2026-02-08T19:37:12.806Z] Validation result: false

      at Object.log [as handleSubmit] (src/hooks/useRegistrationForm.ts:296:13)

    console.log
      [2026-02-08T19:37:12.806Z] ❌ Form submission blocked: validation failed

      at Object.log [as handleSubmit] (src/hooks/useRegistrationForm.ts:298:15)

    console.log
      [2026-02-08T19:37:12.806Z] Validation errors: {}

      at Object.log [as handleSubmit] (src/hooks/useRegistrationForm.ts:299:15)

    console.log
      ✅ preventDefault() called FIRST (stopPropagation also called if available)

      at Object.log [as handleSubmit] (src/hooks/useRegistrationForm.ts:277:13)

    console.log
      [2026-02-08T19:37:12.809Z] ========== FORM SUBMISSION STARTED ==========

      at Object.log [as handleSubmit] (src/hooks/useRegistrationForm.ts:280:13)

    console.log
      [2026-02-08T19:37:12.809Z] Event defaultPrevented: undefined

      at Object.log [as handleSubmit] (src/hooks/useRegistrationForm.ts:281:13)

    console.log
      [2026-02-08T19:37:12.809Z] Event type: undefined

      at Object.log [as handleSubmit] (src/hooks/useRegistrationForm.ts:282:13)

    console.log
      [2026-02-08T19:37:12.809Z] Event target: undefined

      at Object.log [as handleSubmit] (src/hooks/useRegistrationForm.ts:283:13)

    console.log
      [2026-02-08T19:37:12.809Z] Form data: {
        "fullName": "John Doe",
        "email": "test@example.com",
        "password": "#2|e0$me\"_+0E",
        "confirmPassword": "Qb^kc?}AM"
      }

      at Object.log [as handleSubmit] (src/hooks/useRegistrationForm.ts:284:13)

    console.log
      [2026-02-08T19:37:12.809Z] Current errors: {}

      at Object.log [as handleSubmit] (src/hooks/useRegistrationForm.ts:285:13)

    console.log
      [2026-02-08T19:37:12.809Z] Is rate limited: false

      at Object.log [as handleSubmit] (src/hooks/useRegistrationForm.ts:286:13)

    console.log
      [2026-02-08T19:37:12.809Z] Validation result: false

      at Object.log [as handleSubmit] (src/hooks/useRegistrationForm.ts:296:13)

    console.log
      [2026-02-08T19:37:12.809Z] ❌ Form submission blocked: validation failed

      at Object.log [as handleSubmit] (src/hooks/useRegistrationForm.ts:298:15)

    console.log
      [2026-02-08T19:37:12.809Z] Validation errors: {}

      at Object.log [as handleSubmit] (src/hooks/useRegistrationForm.ts:299:15)

    console.log
      ✅ preventDefault() called FIRST (stopPropagation also called if available)

      at Object.log [as handleSubmit] (src/hooks/useRegistrationForm.ts:277:13)

    console.log
      [2026-02-08T19:37:12.812Z] ========== FORM SUBMISSION STARTED ==========

      at Object.log [as handleSubmit] (src/hooks/useRegistrationForm.ts:280:13)

    console.log
      [2026-02-08T19:37:12.812Z] Event defaultPrevented: undefined

      at Object.log [as handleSubmit] (src/hooks/useRegistrationForm.ts:281:13)

    console.log
      [2026-02-08T19:37:12.812Z] Event type: undefined

      at Object.log [as handleSubmit] (src/hooks/useRegistrationForm.ts:282:13)

    console.log
      [2026-02-08T19:37:12.812Z] Event target: undefined

      at Object.log [as handleSubmit] (src/hooks/useRegistrationForm.ts:283:13)

    console.log
      [2026-02-08T19:37:12.812Z] Form data: {
        "fullName": "John Doe",
        "email": "test@example.com",
        "password": "+_04o+]X7T1Tbd&o.",
        "confirmPassword": "fineSetter"
      }

      at Object.log [as handleSubmit] (src/hooks/useRegistrationForm.ts:284:13)

    console.log
      [2026-02-08T19:37:12.812Z] Current errors: {}

      at Object.log [as handleSubmit] (src/hooks/useRegistrationForm.ts:285:13)

    console.log
      [2026-02-08T19:37:12.812Z] Is rate limited: false

      at Object.log [as handleSubmit] (src/hooks/useRegistrationForm.ts:286:13)

    console.log
      [2026-02-08T19:37:12.812Z] Validation result: false

      at Object.log [as handleSubmit] (src/hooks/useRegistrationForm.ts:296:13)

    console.log
      [2026-02-08T19:37:12.812Z] ❌ Form submission blocked: validation failed

      at Object.log [as handleSubmit] (src/hooks/useRegistrationForm.ts:298:15)

    console.log
      [2026-02-08T19:37:12.812Z] Validation errors: {}

      at Object.log [as handleSubmit] (src/hooks/useRegistrationForm.ts:299:15)

    console.log
      ✅ preventDefault() called FIRST (stopPropagation also called if available)

      at Object.log [as handleSubmit] (src/hooks/useRegistrationForm.ts:277:13)

    console.log
      [2026-02-08T19:37:12.814Z] ========== FORM SUBMISSION STARTED ==========

      at Object.log [as handleSubmit] (src/hooks/useRegistrationForm.ts:280:13)

    console.log
      [2026-02-08T19:37:12.814Z] Event defaultPrevented: undefined

      at Object.log [as handleSubmit] (src/hooks/useRegistrationForm.ts:281:13)

    console.log
      [2026-02-08T19:37:12.814Z] Event type: undefined

      at Object.log [as handleSubmit] (src/hooks/useRegistrationForm.ts:282:13)

    console.log
      [2026-02-08T19:37:12.814Z] Event target: undefined

      at Object.log [as handleSubmit] (src/hooks/useRegistrationForm.ts:283:13)

    console.log
      [2026-02-08T19:37:12.814Z] Form data: {
        "fullName": "John Doe",
        "email": "test@example.com",
        "password": ";c3FWygMO6Y {31B",
        "confirmPassword": "^"
      }

      at Object.log [as handleSubmit] (src/hooks/useRegistrationForm.ts:284:13)

    console.log
      [2026-02-08T19:37:12.814Z] Current errors: {}

      at Object.log [as handleSubmit] (src/hooks/useRegistrationForm.ts:285:13)

    console.log
      [2026-02-08T19:37:12.814Z] Is rate limited: false

      at Object.log [as handleSubmit] (src/hooks/useRegistrationForm.ts:286:13)

    console.log
      [2026-02-08T19:37:12.814Z] Validation result: false

      at Object.log [as handleSubmit] (src/hooks/useRegistrationForm.ts:296:13)

    console.log
      [2026-02-08T19:37:12.814Z] ❌ Form submission blocked: validation failed

      at Object.log [as handleSubmit] (src/hooks/useRegistrationForm.ts:298:15)

    console.log
      [2026-02-08T19:37:12.814Z] Validation errors: {}

      at Object.log [as handleSubmit] (src/hooks/useRegistrationForm.ts:299:15)

    console.log
      ✅ preventDefault() called FIRST (stopPropagation also called if available)

      at Object.log [as handleSubmit] (src/hooks/useRegistrationForm.ts:277:13)

    console.log
      [2026-02-08T19:37:12.816Z] ========== FORM SUBMISSION STARTED ==========

      at Object.log [as handleSubmit] (src/hooks/useRegistrationForm.ts:280:13)

    console.log
      [2026-02-08T19:37:12.816Z] Event defaultPrevented: undefined

      at Object.log [as handleSubmit] (src/hooks/useRegistrationForm.ts:281:13)

    console.log
      [2026-02-08T19:37:12.816Z] Event type: undefined

      at Object.log [as handleSubmit] (src/hooks/useRegistrationForm.ts:282:13)

    console.log
      [2026-02-08T19:37:12.816Z] Event target: undefined

      at Object.log [as handleSubmit] (src/hooks/useRegistrationForm.ts:283:13)

    console.log
      [2026-02-08T19:37:12.816Z] Form data: {
        "fullName": "John Doe",
        "email": "test@example.com",
        "password": "ek{<M*c4ADr~Y_RFC%[w.EA7*",
        "confirmPassword": "m"
      }

      at Object.log [as handleSubmit] (src/hooks/useRegistrationForm.ts:284:13)

    console.log
      [2026-02-08T19:37:12.816Z] Current errors: {}

      at Object.log [as handleSubmit] (src/hooks/useRegistrationForm.ts:285:13)

    console.log
      [2026-02-08T19:37:12.816Z] Is rate limited: false

      at Object.log [as handleSubmit] (src/hooks/useRegistrationForm.ts:286:13)

    console.log
      [2026-02-08T19:37:12.816Z] Validation result: false

      at Object.log [as handleSubmit] (src/hooks/useRegistrationForm.ts:296:13)

    console.log
      [2026-02-08T19:37:12.816Z] ❌ Form submission blocked: validation failed

      at Object.log [as handleSubmit] (src/hooks/useRegistrationForm.ts:298:15)

    console.log
      [2026-02-08T19:37:12.816Z] Validation errors: {}

      at Object.log [as handleSubmit] (src/hooks/useRegistrationForm.ts:299:15)

    console.log
      ✅ preventDefault() called FIRST (stopPropagation also called if available)

      at Object.log [as handleSubmit] (src/hooks/useRegistrationForm.ts:277:13)

    console.log
      [2026-02-08T19:37:12.823Z] ========== FORM SUBMISSION STARTED ==========

      at Object.log [as handleSubmit] (src/hooks/useRegistrationForm.ts:280:13)

    console.log
      [2026-02-08T19:37:12.823Z] Event defaultPrevented: undefined

      at Object.log [as handleSubmit] (src/hooks/useRegistrationForm.ts:281:13)

    console.log
      [2026-02-08T19:37:12.823Z] Event type: undefined

      at Object.log [as handleSubmit] (src/hooks/useRegistrationForm.ts:282:13)

    console.log
      [2026-02-08T19:37:12.823Z] Event target: undefined

      at Object.log [as handleSubmit] (src/hooks/useRegistrationForm.ts:283:13)

    console.log
      [2026-02-08T19:37:12.823Z] Form data: {
        "fullName": "John Doe",
        "email": "test@example.com",
        "password": "t#{*yG#%\"4ZZBx#G.\"?u+{I",
        "confirmPassword": ""
      }

      at Object.log [as handleSubmit] (src/hooks/useRegistrationForm.ts:284:13)

    console.log
      [2026-02-08T19:37:12.823Z] Current errors: {}

      at Object.log [as handleSubmit] (src/hooks/useRegistrationForm.ts:285:13)

    console.log
      [2026-02-08T19:37:12.823Z] Is rate limited: false

      at Object.log [as handleSubmit] (src/hooks/useRegistrationForm.ts:286:13)

    console.log
      [2026-02-08T19:37:12.823Z] Validation result: false

      at Object.log [as handleSubmit] (src/hooks/useRegistrationForm.ts:296:13)

    console.log
      [2026-02-08T19:37:12.823Z] ❌ Form submission blocked: validation failed

      at Object.log [as handleSubmit] (src/hooks/useRegistrationForm.ts:298:15)

    console.log
      [2026-02-08T19:37:12.823Z] Validation errors: {}

      at Object.log [as handleSubmit] (src/hooks/useRegistrationForm.ts:299:15)

    console.log
      ✅ preventDefault() called FIRST (stopPropagation also called if available)

      at Object.log [as handleSubmit] (src/hooks/useRegistrationForm.ts:277:13)

    console.log
      [2026-02-08T19:37:12.829Z] ========== FORM SUBMISSION STARTED ==========

      at Object.log [as handleSubmit] (src/hooks/useRegistrationForm.ts:280:13)

    console.log
      [2026-02-08T19:37:12.829Z] Event defaultPrevented: undefined

      at Object.log [as handleSubmit] (src/hooks/useRegistrationForm.ts:281:13)

    console.log
      [2026-02-08T19:37:12.829Z] Event type: undefined

      at Object.log [as handleSubmit] (src/hooks/useRegistrationForm.ts:282:13)

    console.log
      [2026-02-08T19:37:12.829Z] Event target: undefined

      at Object.log [as handleSubmit] (src/hooks/useRegistrationForm.ts:283:13)

    console.log
      [2026-02-08T19:37:12.829Z] Form data: {
        "fullName": "John Doe",
        "email": "test@example.com",
        "password": "t^EjK|O`UAO<4\",+uG8L",
        "confirmPassword": "HxC$"
      }

      at Object.log [as handleSubmit] (src/hooks/useRegistrationForm.ts:284:13)

    console.log
      [2026-02-08T19:37:12.829Z] Current errors: {}

      at Object.log [as handleSubmit] (src/hooks/useRegistrationForm.ts:285:13)

    console.log
      [2026-02-08T19:37:12.829Z] Is rate limited: false

      at Object.log [as handleSubmit] (src/hooks/useRegistrationForm.ts:286:13)

    console.log
      [2026-02-08T19:37:12.829Z] Validation result: false

      at Object.log [as handleSubmit] (src/hooks/useRegistrationForm.ts:296:13)

    console.log
      [2026-02-08T19:37:12.829Z] ❌ Form submission blocked: validation failed

      at Object.log [as handleSubmit] (src/hooks/useRegistrationForm.ts:298:15)

    console.log
      [2026-02-08T19:37:12.829Z] Validation errors: {}

      at Object.log [as handleSubmit] (src/hooks/useRegistrationForm.ts:299:15)

    console.log
      ✅ preventDefault() called FIRST (stopPropagation also called if available)

      at Object.log [as handleSubmit] (src/hooks/useRegistrationForm.ts:277:13)

    console.log
      [2026-02-08T19:37:12.831Z] ========== FORM SUBMISSION STARTED ==========

      at Object.log [as handleSubmit] (src/hooks/useRegistrationForm.ts:280:13)

    console.log
      [2026-02-08T19:37:12.831Z] Event defaultPrevented: undefined

      at Object.log [as handleSubmit] (src/hooks/useRegistrationForm.ts:281:13)

    console.log
      [2026-02-08T19:37:12.831Z] Event type: undefined

      at Object.log [as handleSubmit] (src/hooks/useRegistrationForm.ts:282:13)

    console.log
      [2026-02-08T19:37:12.831Z] Event target: undefined

      at Object.log [as handleSubmit] (src/hooks/useRegistrationForm.ts:283:13)

    console.log
      [2026-02-08T19:37:12.831Z] Form data: {
        "fullName": "John Doe",
        "email": "test@example.com",
        "password": "02Hfis7URHJs\\d);2u.|",
        "confirmPassword": "]D*["
      }

      at Object.log [as handleSubmit] (src/hooks/useRegistrationForm.ts:284:13)

    console.log
      [2026-02-08T19:37:12.831Z] Current errors: {}

      at Object.log [as handleSubmit] (src/hooks/useRegistrationForm.ts:285:13)

    console.log
      [2026-02-08T19:37:12.831Z] Is rate limited: false

      at Object.log [as handleSubmit] (src/hooks/useRegistrationForm.ts:286:13)

    console.log
      [2026-02-08T19:37:12.831Z] Validation result: false

      at Object.log [as handleSubmit] (src/hooks/useRegistrationForm.ts:296:13)

    console.log
      [2026-02-08T19:37:12.831Z] ❌ Form submission blocked: validation failed

      at Object.log [as handleSubmit] (src/hooks/useRegistrationForm.ts:298:15)

    console.log
      [2026-02-08T19:37:12.831Z] Validation errors: {}

      at Object.log [as handleSubmit] (src/hooks/useRegistrationForm.ts:299:15)

    console.log
      ✅ preventDefault() called FIRST (stopPropagation also called if available)

      at Object.log [as handleSubmit] (src/hooks/useRegistrationForm.ts:277:13)

    console.log
      [2026-02-08T19:37:12.833Z] ========== FORM SUBMISSION STARTED ==========

      at Object.log [as handleSubmit] (src/hooks/useRegistrationForm.ts:280:13)

    console.log
      [2026-02-08T19:37:12.833Z] Event defaultPrevented: undefined

      at Object.log [as handleSubmit] (src/hooks/useRegistrationForm.ts:281:13)

    console.log
      [2026-02-08T19:37:12.833Z] Event type: undefined

      at Object.log [as handleSubmit] (src/hooks/useRegistrationForm.ts:282:13)

    console.log
      [2026-02-08T19:37:12.833Z] Event target: undefined

      at Object.log [as handleSubmit] (src/hooks/useRegistrationForm.ts:283:13)

    console.log
      [2026-02-08T19:37:12.833Z] Form data: {
        "fullName": "John Doe",
        "email": "test@example.com",
        "password": ":_%c:IrA7uMK.II^&jn]s",
        "confirmPassword": "s8dsh)na"
      }

      at Object.log [as handleSubmit] (src/hooks/useRegistrationForm.ts:284:13)

    console.log
      [2026-02-08T19:37:12.833Z] Current errors: {}

      at Object.log [as handleSubmit] (src/hooks/useRegistrationForm.ts:285:13)

    console.log
      [2026-02-08T19:37:12.833Z] Is rate limited: false

      at Object.log [as handleSubmit] (src/hooks/useRegistrationForm.ts:286:13)

    console.log
      [2026-02-08T19:37:12.833Z] Validation result: false

      at Object.log [as handleSubmit] (src/hooks/useRegistrationForm.ts:296:13)

    console.log
      [2026-02-08T19:37:12.833Z] ❌ Form submission blocked: validation failed

      at Object.log [as handleSubmit] (src/hooks/useRegistrationForm.ts:298:15)

    console.log
      [2026-02-08T19:37:12.833Z] Validation errors: {}

      at Object.log [as handleSubmit] (src/hooks/useRegistrationForm.ts:299:15)

    console.log
      ✅ preventDefault() called FIRST (stopPropagation also called if available)

      at Object.log [as handleSubmit] (src/hooks/useRegistrationForm.ts:277:13)

    console.log
      [2026-02-08T19:37:12.835Z] ========== FORM SUBMISSION STARTED ==========

      at Object.log [as handleSubmit] (src/hooks/useRegistrationForm.ts:280:13)

    console.log
      [2026-02-08T19:37:12.835Z] Event defaultPrevented: undefined

      at Object.log [as handleSubmit] (src/hooks/useRegistrationForm.ts:281:13)

    console.log
      [2026-02-08T19:37:12.835Z] Event type: undefined

      at Object.log [as handleSubmit] (src/hooks/useRegistrationForm.ts:282:13)

    console.log
      [2026-02-08T19:37:12.835Z] Event target: undefined

      at Object.log [as handleSubmit] (src/hooks/useRegistrationForm.ts:283:13)

    console.log
      [2026-02-08T19:37:12.835Z] Form data: {
        "fullName": "John Doe",
        "email": "test@example.com",
        "password": "m I8i*EV/tw,&d ?aW%}GUq",
        "confirmPassword": ""
      }

      at Object.log [as handleSubmit] (src/hooks/useRegistrationForm.ts:284:13)

    console.log
      [2026-02-08T19:37:12.835Z] Current errors: {}

      at Object.log [as handleSubmit] (src/hooks/useRegistrationForm.ts:285:13)

    console.log
      [2026-02-08T19:37:12.835Z] Is rate limited: false

      at Object.log [as handleSubmit] (src/hooks/useRegistrationForm.ts:286:13)

    console.log
      [2026-02-08T19:37:12.835Z] Validation result: false

      at Object.log [as handleSubmit] (src/hooks/useRegistrationForm.ts:296:13)

    console.log
      [2026-02-08T19:37:12.835Z] ❌ Form submission blocked: validation failed

      at Object.log [as handleSubmit] (src/hooks/useRegistrationForm.ts:298:15)

    console.log
      [2026-02-08T19:37:12.835Z] Validation errors: {}

      at Object.log [as handleSubmit] (src/hooks/useRegistrationForm.ts:299:15)

    console.log
      ✅ preventDefault() called FIRST (stopPropagation also called if available)

      at Object.log [as handleSubmit] (src/hooks/useRegistrationForm.ts:277:13)

    console.log
      [2026-02-08T19:37:12.837Z] ========== FORM SUBMISSION STARTED ==========

      at Object.log [as handleSubmit] (src/hooks/useRegistrationForm.ts:280:13)

    console.log
      [2026-02-08T19:37:12.837Z] Event defaultPrevented: undefined

      at Object.log [as handleSubmit] (src/hooks/useRegistrationForm.ts:281:13)

    console.log
      [2026-02-08T19:37:12.837Z] Event type: undefined

      at Object.log [as handleSubmit] (src/hooks/useRegistrationForm.ts:282:13)

    console.log
      [2026-02-08T19:37:12.837Z] Event target: undefined

      at Object.log [as handleSubmit] (src/hooks/useRegistrationForm.ts:283:13)

    console.log
      [2026-02-08T19:37:12.837Z] Form data: {
        "fullName": "John Doe",
        "email": "test@example.com",
        "password": "3|>&!%k{P|gw",
        "confirmPassword": ""
      }

      at Object.log [as handleSubmit] (src/hooks/useRegistrationForm.ts:284:13)

    console.log
      [2026-02-08T19:37:12.837Z] Current errors: {}

      at Object.log [as handleSubmit] (src/hooks/useRegistrationForm.ts:285:13)

    console.log
      [2026-02-08T19:37:12.837Z] Is rate limited: false

      at Object.log [as handleSubmit] (src/hooks/useRegistrationForm.ts:286:13)

    console.log
      [2026-02-08T19:37:12.837Z] Validation result: false

      at Object.log [as handleSubmit] (src/hooks/useRegistrationForm.ts:296:13)

    console.log
      [2026-02-08T19:37:12.837Z] ❌ Form submission blocked: validation failed

      at Object.log [as handleSubmit] (src/hooks/useRegistrationForm.ts:298:15)

    console.log
      [2026-02-08T19:37:12.837Z] Validation errors: {}

      at Object.log [as handleSubmit] (src/hooks/useRegistrationForm.ts:299:15)

    console.log
      ✅ preventDefault() called FIRST (stopPropagation also called if available)

      at Object.log [as handleSubmit] (src/hooks/useRegistrationForm.ts:277:13)

    console.log
      [2026-02-08T19:37:12.845Z] ========== FORM SUBMISSION STARTED ==========

      at Object.log [as handleSubmit] (src/hooks/useRegistrationForm.ts:280:13)

    console.log
      [2026-02-08T19:37:12.845Z] Event defaultPrevented: undefined

      at Object.log [as handleSubmit] (src/hooks/useRegistrationForm.ts:281:13)

    console.log
      [2026-02-08T19:37:12.845Z] Event type: undefined

      at Object.log [as handleSubmit] (src/hooks/useRegistrationForm.ts:282:13)

    console.log
      [2026-02-08T19:37:12.845Z] Event target: undefined

      at Object.log [as handleSubmit] (src/hooks/useRegistrationForm.ts:283:13)

    console.log
      [2026-02-08T19:37:12.845Z] Form data: {
        "fullName": "John Doe",
        "email": "test@example.com",
        "password": "!LLn#eZ16p\"g~g",
        "confirmPassword": "-duY"
      }

      at Object.log [as handleSubmit] (src/hooks/useRegistrationForm.ts:284:13)

    console.log
      [2026-02-08T19:37:12.845Z] Current errors: {}

      at Object.log [as handleSubmit] (src/hooks/useRegistrationForm.ts:285:13)

    console.log
      [2026-02-08T19:37:12.845Z] Is rate limited: false

      at Object.log [as handleSubmit] (src/hooks/useRegistrationForm.ts:286:13)

    console.log
      [2026-02-08T19:37:12.845Z] Validation result: false

      at Object.log [as handleSubmit] (src/hooks/useRegistrationForm.ts:296:13)

    console.log
      [2026-02-08T19:37:12.845Z] ❌ Form submission blocked: validation failed

      at Object.log [as handleSubmit] (src/hooks/useRegistrationForm.ts:298:15)

    console.log
      [2026-02-08T19:37:12.845Z] Validation errors: {}

      at Object.log [as handleSubmit] (src/hooks/useRegistrationForm.ts:299:15)

    console.log
      ✅ preventDefault() called FIRST (stopPropagation also called if available)

      at Object.log [as handleSubmit] (src/hooks/useRegistrationForm.ts:277:13)

    console.log
      [2026-02-08T19:37:12.847Z] ========== FORM SUBMISSION STARTED ==========

      at Object.log [as handleSubmit] (src/hooks/useRegistrationForm.ts:280:13)

    console.log
      [2026-02-08T19:37:12.847Z] Event defaultPrevented: undefined

      at Object.log [as handleSubmit] (src/hooks/useRegistrationForm.ts:281:13)

    console.log
      [2026-02-08T19:37:12.847Z] Event type: undefined

      at Object.log [as handleSubmit] (src/hooks/useRegistrationForm.ts:282:13)

    console.log
      [2026-02-08T19:37:12.847Z] Event target: undefined

      at Object.log [as handleSubmit] (src/hooks/useRegistrationForm.ts:283:13)

    console.log
      [2026-02-08T19:37:12.847Z] Form data: {
        "fullName": "John Doe",
        "email": "test@example.com",
        "password": "}>%b{2b>TDx!a&O-n8}",
        "confirmPassword": "^F,"
      }

      at Object.log [as handleSubmit] (src/hooks/useRegistrationForm.ts:284:13)

    console.log
      [2026-02-08T19:37:12.847Z] Current errors: {}

      at Object.log [as handleSubmit] (src/hooks/useRegistrationForm.ts:285:13)

    console.log
      [2026-02-08T19:37:12.847Z] Is rate limited: false

      at Object.log [as handleSubmit] (src/hooks/useRegistrationForm.ts:286:13)

    console.log
      [2026-02-08T19:37:12.847Z] Validation result: false

      at Object.log [as handleSubmit] (src/hooks/useRegistrationForm.ts:296:13)

    console.log
      [2026-02-08T19:37:12.847Z] ❌ Form submission blocked: validation failed

      at Object.log [as handleSubmit] (src/hooks/useRegistrationForm.ts:298:15)

    console.log
      [2026-02-08T19:37:12.847Z] Validation errors: {}

      at Object.log [as handleSubmit] (src/hooks/useRegistrationForm.ts:299:15)

    console.log
      ✅ preventDefault() called FIRST (stopPropagation also called if available)

      at Object.log [as handleSubmit] (src/hooks/useRegistrationForm.ts:277:13)

    console.log
      [2026-02-08T19:37:12.849Z] ========== FORM SUBMISSION STARTED ==========

      at Object.log [as handleSubmit] (src/hooks/useRegistrationForm.ts:280:13)

    console.log
      [2026-02-08T19:37:12.849Z] Event defaultPrevented: undefined

      at Object.log [as handleSubmit] (src/hooks/useRegistrationForm.ts:281:13)

    console.log
      [2026-02-08T19:37:12.849Z] Event type: undefined

      at Object.log [as handleSubmit] (src/hooks/useRegistrationForm.ts:282:13)

    console.log
      [2026-02-08T19:37:12.849Z] Event target: undefined

      at Object.log [as handleSubmit] (src/hooks/useRegistrationForm.ts:283:13)

    console.log
      [2026-02-08T19:37:12.849Z] Form data: {
        "fullName": "John Doe",
        "email": "test@example.com",
        "password": "Ub6uloO:j",
        "confirmPassword": "~WhmP|0f+n"
      }

      at Object.log [as handleSubmit] (src/hooks/useRegistrationForm.ts:284:13)

    console.log
      [2026-02-08T19:37:12.849Z] Current errors: {}

      at Object.log [as handleSubmit] (src/hooks/useRegistrationForm.ts:285:13)

    console.log
      [2026-02-08T19:37:12.849Z] Is rate limited: false

      at Object.log [as handleSubmit] (src/hooks/useRegistrationForm.ts:286:13)

    console.log
      [2026-02-08T19:37:12.849Z] Validation result: false

      at Object.log [as handleSubmit] (src/hooks/useRegistrationForm.ts:296:13)

    console.log
      [2026-02-08T19:37:12.849Z] ❌ Form submission blocked: validation failed

      at Object.log [as handleSubmit] (src/hooks/useRegistrationForm.ts:298:15)

    console.log
      [2026-02-08T19:37:12.849Z] Validation errors: {}

      at Object.log [as handleSubmit] (src/hooks/useRegistrationForm.ts:299:15)

    console.log
      ✅ preventDefault() called FIRST (stopPropagation also called if available)

      at Object.log [as handleSubmit] (src/hooks/useRegistrationForm.ts:277:13)

    console.log
      [2026-02-08T19:37:12.853Z] ========== FORM SUBMISSION STARTED ==========

      at Object.log [as handleSubmit] (src/hooks/useRegistrationForm.ts:280:13)

    console.log
      [2026-02-08T19:37:12.853Z] Event defaultPrevented: undefined

      at Object.log [as handleSubmit] (src/hooks/useRegistrationForm.ts:281:13)

    console.log
      [2026-02-08T19:37:12.853Z] Event type: undefined

      at Object.log [as handleSubmit] (src/hooks/useRegistrationForm.ts:282:13)

    console.log
      [2026-02-08T19:37:12.853Z] Event target: undefined

      at Object.log [as handleSubmit] (src/hooks/useRegistrationForm.ts:283:13)

    console.log
      [2026-02-08T19:37:12.853Z] Form data: {
        "fullName": "John Doe",
        "email": "test@example.com",
        "password": "SvA'>*_`_mxQGhe*+\"g6",
        "confirmPassword": "B |o wZZw|"
      }

      at Object.log [as handleSubmit] (src/hooks/useRegistrationForm.ts:284:13)

    console.log
      [2026-02-08T19:37:12.853Z] Current errors: {}

      at Object.log [as handleSubmit] (src/hooks/useRegistrationForm.ts:285:13)

    console.log
      [2026-02-08T19:37:12.853Z] Is rate limited: false

      at Object.log [as handleSubmit] (src/hooks/useRegistrationForm.ts:286:13)

    console.log
      [2026-02-08T19:37:12.853Z] Validation result: false

      at Object.log [as handleSubmit] (src/hooks/useRegistrationForm.ts:296:13)

    console.log
      [2026-02-08T19:37:12.853Z] ❌ Form submission blocked: validation failed

      at Object.log [as handleSubmit] (src/hooks/useRegistrationForm.ts:298:15)

    console.log
      [2026-02-08T19:37:12.853Z] Validation errors: {}

      at Object.log [as handleSubmit] (src/hooks/useRegistrationForm.ts:299:15)

    console.log
      ✅ preventDefault() called FIRST (stopPropagation also called if available)

      at Object.log [as handleSubmit] (src/hooks/useRegistrationForm.ts:277:13)

    console.log
      [2026-02-08T19:37:12.854Z] ========== FORM SUBMISSION STARTED ==========

      at Object.log [as handleSubmit] (src/hooks/useRegistrationForm.ts:280:13)

    console.log
      [2026-02-08T19:37:12.854Z] Event defaultPrevented: undefined

      at Object.log [as handleSubmit] (src/hooks/useRegistrationForm.ts:281:13)

    console.log
      [2026-02-08T19:37:12.854Z] Event type: undefined

      at Object.log [as handleSubmit] (src/hooks/useRegistrationForm.ts:282:13)

    console.log
      [2026-02-08T19:37:12.854Z] Event target: undefined

      at Object.log [as handleSubmit] (src/hooks/useRegistrationForm.ts:283:13)

    console.log
      [2026-02-08T19:37:12.854Z] Form data: {
        "fullName": "John Doe",
        "email": "test@example.com",
        "password": "4XMb5_A]ISvk.$yH#[oB<*B`",
        "confirmPassword": "74cDu<,!H"
      }

      at Object.log [as handleSubmit] (src/hooks/useRegistrationForm.ts:284:13)

    console.log
      [2026-02-08T19:37:12.854Z] Current errors: {}

      at Object.log [as handleSubmit] (src/hooks/useRegistrationForm.ts:285:13)

    console.log
      [2026-02-08T19:37:12.854Z] Is rate limited: false

      at Object.log [as handleSubmit] (src/hooks/useRegistrationForm.ts:286:13)

    console.log
      [2026-02-08T19:37:12.854Z] Validation result: false

      at Object.log [as handleSubmit] (src/hooks/useRegistrationForm.ts:296:13)

    console.log
      [2026-02-08T19:37:12.854Z] ❌ Form submission blocked: validation failed

      at Object.log [as handleSubmit] (src/hooks/useRegistrationForm.ts:298:15)

    console.log
      [2026-02-08T19:37:12.854Z] Validation errors: {}

      at Object.log [as handleSubmit] (src/hooks/useRegistrationForm.ts:299:15)

    console.log
      ✅ preventDefault() called FIRST (stopPropagation also called if available)

      at Object.log [as handleSubmit] (src/hooks/useRegistrationForm.ts:277:13)

    console.log
      [2026-02-08T19:37:12.863Z] ========== FORM SUBMISSION STARTED ==========

      at Object.log [as handleSubmit] (src/hooks/useRegistrationForm.ts:280:13)

    console.log
      [2026-02-08T19:37:12.863Z] Event defaultPrevented: undefined

      at Object.log [as handleSubmit] (src/hooks/useRegistrationForm.ts:281:13)

    console.log
      [2026-02-08T19:37:12.863Z] Event type: undefined

      at Object.log [as handleSubmit] (src/hooks/useRegistrationForm.ts:282:13)

    console.log
      [2026-02-08T19:37:12.863Z] Event target: undefined

      at Object.log [as handleSubmit] (src/hooks/useRegistrationForm.ts:283:13)

    console.log
      [2026-02-08T19:37:12.863Z] Form data: {
        "fullName": "John Doe",
        "email": "test@example.com",
        "password": "jECT@:&T-HN@<F;GFG=vG42d",
        "confirmPassword": "%"
      }

      at Object.log [as handleSubmit] (src/hooks/useRegistrationForm.ts:284:13)

    console.log
      [2026-02-08T19:37:12.863Z] Current errors: {}

      at Object.log [as handleSubmit] (src/hooks/useRegistrationForm.ts:285:13)

    console.log
      [2026-02-08T19:37:12.863Z] Is rate limited: false

      at Object.log [as handleSubmit] (src/hooks/useRegistrationForm.ts:286:13)

    console.log
      [2026-02-08T19:37:12.863Z] Validation result: false

      at Object.log [as handleSubmit] (src/hooks/useRegistrationForm.ts:296:13)

    console.log
      [2026-02-08T19:37:12.863Z] ❌ Form submission blocked: validation failed

      at Object.log [as handleSubmit] (src/hooks/useRegistrationForm.ts:298:15)

    console.log
      [2026-02-08T19:37:12.863Z] Validation errors: {}

      at Object.log [as handleSubmit] (src/hooks/useRegistrationForm.ts:299:15)

    console.log
      ✅ preventDefault() called FIRST (stopPropagation also called if available)

      at Object.log [as handleSubmit] (src/hooks/useRegistrationForm.ts:277:13)

    console.log
      [2026-02-08T19:37:12.874Z] ========== FORM SUBMISSION STARTED ==========

      at Object.log [as handleSubmit] (src/hooks/useRegistrationForm.ts:280:13)

    console.log
      [2026-02-08T19:37:12.874Z] Event defaultPrevented: undefined

      at Object.log [as handleSubmit] (src/hooks/useRegistrationForm.ts:281:13)

    console.log
      [2026-02-08T19:37:12.874Z] Event type: undefined

      at Object.log [as handleSubmit] (src/hooks/useRegistrationForm.ts:282:13)

    console.log
      [2026-02-08T19:37:12.874Z] Event target: undefined

      at Object.log [as handleSubmit] (src/hooks/useRegistrationForm.ts:283:13)

    console.log
      [2026-02-08T19:37:12.874Z] Form data: {
        "fullName": "John Doe",
        "email": "test@example.com",
        "password": "J}>9.*`E\"0<m@%!JlfY;CE",
        "confirmPassword": "s%!U"
      }

      at Object.log [as handleSubmit] (src/hooks/useRegistrationForm.ts:284:13)

    console.log
      [2026-02-08T19:37:12.874Z] Current errors: {}

      at Object.log [as handleSubmit] (src/hooks/useRegistrationForm.ts:285:13)

    console.log
      [2026-02-08T19:37:12.874Z] Is rate limited: false

      at Object.log [as handleSubmit] (src/hooks/useRegistrationForm.ts:286:13)

    console.log
      [2026-02-08T19:37:12.874Z] Validation result: false

      at Object.log [as handleSubmit] (src/hooks/useRegistrationForm.ts:296:13)

    console.log
      [2026-02-08T19:37:12.874Z] ❌ Form submission blocked: validation failed

      at Object.log [as handleSubmit] (src/hooks/useRegistrationForm.ts:298:15)

    console.log
      [2026-02-08T19:37:12.874Z] Validation errors: {}

      at Object.log [as handleSubmit] (src/hooks/useRegistrationForm.ts:299:15)

    console.log
      ✅ preventDefault() called FIRST (stopPropagation also called if available)

      at Object.log [as handleSubmit] (src/hooks/useRegistrationForm.ts:277:13)

    console.log
      [2026-02-08T19:37:12.877Z] ========== FORM SUBMISSION STARTED ==========

      at Object.log [as handleSubmit] (src/hooks/useRegistrationForm.ts:280:13)

    console.log
      [2026-02-08T19:37:12.877Z] Event defaultPrevented: undefined

      at Object.log [as handleSubmit] (src/hooks/useRegistrationForm.ts:281:13)

    console.log
      [2026-02-08T19:37:12.877Z] Event type: undefined

      at Object.log [as handleSubmit] (src/hooks/useRegistrationForm.ts:282:13)

    console.log
      [2026-02-08T19:37:12.877Z] Event target: undefined

      at Object.log [as handleSubmit] (src/hooks/useRegistrationForm.ts:283:13)

    console.log
      [2026-02-08T19:37:12.877Z] Form data: {
        "fullName": "John Doe",
        "email": "test@example.com",
        "password": "*AFC=7-tA\\",
        "confirmPassword": ""
      }

      at Object.log [as handleSubmit] (src/hooks/useRegistrationForm.ts:284:13)

    console.log
      [2026-02-08T19:37:12.877Z] Current errors: {}

      at Object.log [as handleSubmit] (src/hooks/useRegistrationForm.ts:285:13)

    console.log
      [2026-02-08T19:37:12.877Z] Is rate limited: false

      at Object.log [as handleSubmit] (src/hooks/useRegistrationForm.ts:286:13)

    console.log
      [2026-02-08T19:37:12.877Z] Validation result: false

      at Object.log [as handleSubmit] (src/hooks/useRegistrationForm.ts:296:13)

    console.log
      [2026-02-08T19:37:12.877Z] ❌ Form submission blocked: validation failed

      at Object.log [as handleSubmit] (src/hooks/useRegistrationForm.ts:298:15)

    console.log
      [2026-02-08T19:37:12.877Z] Validation errors: {}

      at Object.log [as handleSubmit] (src/hooks/useRegistrationForm.ts:299:15)

    console.log
      ✅ preventDefault() called FIRST (stopPropagation also called if available)

      at Object.log [as handleSubmit] (src/hooks/useRegistrationForm.ts:277:13)

    console.log
      [2026-02-08T19:37:12.879Z] ========== FORM SUBMISSION STARTED ==========

      at Object.log [as handleSubmit] (src/hooks/useRegistrationForm.ts:280:13)

    console.log
      [2026-02-08T19:37:12.879Z] Event defaultPrevented: undefined

      at Object.log [as handleSubmit] (src/hooks/useRegistrationForm.ts:281:13)

    console.log
      [2026-02-08T19:37:12.879Z] Event type: undefined

      at Object.log [as handleSubmit] (src/hooks/useRegistrationForm.ts:282:13)

    console.log
      [2026-02-08T19:37:12.879Z] Event target: undefined

      at Object.log [as handleSubmit] (src/hooks/useRegistrationForm.ts:283:13)

    console.log
      [2026-02-08T19:37:12.879Z] Form data: {
        "fullName": "John Doe",
        "email": "test@example.com",
        "password": "=Iyr3~+)zd+r$.ia",
        "confirmPassword": "mQQL"
      }

      at Object.log [as handleSubmit] (src/hooks/useRegistrationForm.ts:284:13)

    console.log
      [2026-02-08T19:37:12.879Z] Current errors: {}

      at Object.log [as handleSubmit] (src/hooks/useRegistrationForm.ts:285:13)

    console.log
      [2026-02-08T19:37:12.879Z] Is rate limited: false

      at Object.log [as handleSubmit] (src/hooks/useRegistrationForm.ts:286:13)

    console.log
      [2026-02-08T19:37:12.879Z] Validation result: false

      at Object.log [as handleSubmit] (src/hooks/useRegistrationForm.ts:296:13)

    console.log
      [2026-02-08T19:37:12.879Z] ❌ Form submission blocked: validation failed

      at Object.log [as handleSubmit] (src/hooks/useRegistrationForm.ts:298:15)

    console.log
      [2026-02-08T19:37:12.879Z] Validation errors: {}

      at Object.log [as handleSubmit] (src/hooks/useRegistrationForm.ts:299:15)

    console.log
      ✅ preventDefault() called FIRST (stopPropagation also called if available)

      at Object.log [as handleSubmit] (src/hooks/useRegistrationForm.ts:277:13)

    console.log
      [2026-02-08T19:37:12.882Z] ========== FORM SUBMISSION STARTED ==========

      at Object.log [as handleSubmit] (src/hooks/useRegistrationForm.ts:280:13)

    console.log
      [2026-02-08T19:37:12.882Z] Event defaultPrevented: undefined

      at Object.log [as handleSubmit] (src/hooks/useRegistrationForm.ts:281:13)

    console.log
      [2026-02-08T19:37:12.882Z] Event type: undefined

      at Object.log [as handleSubmit] (src/hooks/useRegistrationForm.ts:282:13)

    console.log
      [2026-02-08T19:37:12.882Z] Event target: undefined

      at Object.log [as handleSubmit] (src/hooks/useRegistrationForm.ts:283:13)

    console.log
      [2026-02-08T19:37:12.882Z] Form data: {
        "fullName": "John Doe",
        "email": "test@example.com",
        "password": "|!!bK!Eu!x~:Lq\\~8 0p\"M",
        "confirmPassword": "ta#wn"
      }

      at Object.log [as handleSubmit] (src/hooks/useRegistrationForm.ts:284:13)

    console.log
      [2026-02-08T19:37:12.882Z] Current errors: {}

      at Object.log [as handleSubmit] (src/hooks/useRegistrationForm.ts:285:13)

    console.log
      [2026-02-08T19:37:12.882Z] Is rate limited: false

      at Object.log [as handleSubmit] (src/hooks/useRegistrationForm.ts:286:13)

    console.log
      [2026-02-08T19:37:12.882Z] Validation result: false

      at Object.log [as handleSubmit] (src/hooks/useRegistrationForm.ts:296:13)

    console.log
      [2026-02-08T19:37:12.882Z] ❌ Form submission blocked: validation failed

      at Object.log [as handleSubmit] (src/hooks/useRegistrationForm.ts:298:15)

    console.log
      [2026-02-08T19:37:12.882Z] Validation errors: {}

      at Object.log [as handleSubmit] (src/hooks/useRegistrationForm.ts:299:15)

    console.log
      ✅ preventDefault() called FIRST (stopPropagation also called if available)

      at Object.log [as handleSubmit] (src/hooks/useRegistrationForm.ts:277:13)

    console.log
      [2026-02-08T19:37:12.886Z] ========== FORM SUBMISSION STARTED ==========

      at Object.log [as handleSubmit] (src/hooks/useRegistrationForm.ts:280:13)

    console.log
      [2026-02-08T19:37:12.886Z] Event defaultPrevented: undefined

      at Object.log [as handleSubmit] (src/hooks/useRegistrationForm.ts:281:13)

    console.log
      [2026-02-08T19:37:12.886Z] Event type: undefined

      at Object.log [as handleSubmit] (src/hooks/useRegistrationForm.ts:282:13)

    console.log
      [2026-02-08T19:37:12.886Z] Event target: undefined

      at Object.log [as handleSubmit] (src/hooks/useRegistrationForm.ts:283:13)

    console.log
      [2026-02-08T19:37:12.886Z] Form data: {
        "fullName": "John Doe",
        "email": "test@example.com",
        "password": "K)u\\YXIGF6[7p/FQ",
        "confirmPassword": "valueOf"
      }

      at Object.log [as handleSubmit] (src/hooks/useRegistrationForm.ts:284:13)

    console.log
      [2026-02-08T19:37:12.886Z] Current errors: {}

      at Object.log [as handleSubmit] (src/hooks/useRegistrationForm.ts:285:13)

    console.log
      [2026-02-08T19:37:12.886Z] Is rate limited: false

      at Object.log [as handleSubmit] (src/hooks/useRegistrationForm.ts:286:13)

    console.log
      [2026-02-08T19:37:12.886Z] Validation result: false

      at Object.log [as handleSubmit] (src/hooks/useRegistrationForm.ts:296:13)

    console.log
      [2026-02-08T19:37:12.886Z] ❌ Form submission blocked: validation failed

      at Object.log [as handleSubmit] (src/hooks/useRegistrationForm.ts:298:15)

    console.log
      [2026-02-08T19:37:12.886Z] Validation errors: {}

      at Object.log [as handleSubmit] (src/hooks/useRegistrationForm.ts:299:15)

    console.log
      ✅ preventDefault() called FIRST (stopPropagation also called if available)

      at Object.log [as handleSubmit] (src/hooks/useRegistrationForm.ts:277:13)

    console.log
      [2026-02-08T19:37:12.890Z] ========== FORM SUBMISSION STARTED ==========

      at Object.log [as handleSubmit] (src/hooks/useRegistrationForm.ts:280:13)

    console.log
      [2026-02-08T19:37:12.890Z] Event defaultPrevented: undefined

      at Object.log [as handleSubmit] (src/hooks/useRegistrationForm.ts:281:13)

    console.log
      [2026-02-08T19:37:12.890Z] Event type: undefined

      at Object.log [as handleSubmit] (src/hooks/useRegistrationForm.ts:282:13)

    console.log
      [2026-02-08T19:37:12.890Z] Event target: undefined

      at Object.log [as handleSubmit] (src/hooks/useRegistrationForm.ts:283:13)

    console.log
      [2026-02-08T19:37:12.890Z] Form data: {
        "fullName": "John Doe",
        "email": "test@example.com",
        "password": "&ci%,-5hqMz-g&Y/3",
        "confirmPassword": "!(!"
      }

      at Object.log [as handleSubmit] (src/hooks/useRegistrationForm.ts:284:13)

    console.log
      [2026-02-08T19:37:12.890Z] Current errors: {}

      at Object.log [as handleSubmit] (src/hooks/useRegistrationForm.ts:285:13)

    console.log
      [2026-02-08T19:37:12.890Z] Is rate limited: false

      at Object.log [as handleSubmit] (src/hooks/useRegistrationForm.ts:286:13)

    console.log
      [2026-02-08T19:37:12.890Z] Validation result: false

      at Object.log [as handleSubmit] (src/hooks/useRegistrationForm.ts:296:13)

    console.log
      [2026-02-08T19:37:12.890Z] ❌ Form submission blocked: validation failed

      at Object.log [as handleSubmit] (src/hooks/useRegistrationForm.ts:298:15)

    console.log
      [2026-02-08T19:37:12.890Z] Validation errors: {}

      at Object.log [as handleSubmit] (src/hooks/useRegistrationForm.ts:299:15)

    console.log
      ✅ preventDefault() called FIRST (stopPropagation also called if available)

      at Object.log [as handleSubmit] (src/hooks/useRegistrationForm.ts:277:13)

    console.log
      [2026-02-08T19:37:12.895Z] ========== FORM SUBMISSION STARTED ==========

      at Object.log [as handleSubmit] (src/hooks/useRegistrationForm.ts:280:13)

    console.log
      [2026-02-08T19:37:12.895Z] Event defaultPrevented: undefined

      at Object.log [as handleSubmit] (src/hooks/useRegistrationForm.ts:281:13)

    console.log
      [2026-02-08T19:37:12.895Z] Event type: undefined

      at Object.log [as handleSubmit] (src/hooks/useRegistrationForm.ts:282:13)

    console.log
      [2026-02-08T19:37:12.895Z] Event target: undefined

      at Object.log [as handleSubmit] (src/hooks/useRegistrationForm.ts:283:13)

    console.log
      [2026-02-08T19:37:12.895Z] Form data: {
        "fullName": "John Doe",
        "email": "test@example.com",
        "password": "\"5:8rH\"Uq7lZ_",
        "confirmPassword": "apply"
      }

      at Object.log [as handleSubmit] (src/hooks/useRegistrationForm.ts:284:13)

    console.log
      [2026-02-08T19:37:12.895Z] Current errors: {}

      at Object.log [as handleSubmit] (src/hooks/useRegistrationForm.ts:285:13)

    console.log
      [2026-02-08T19:37:12.895Z] Is rate limited: false

      at Object.log [as handleSubmit] (src/hooks/useRegistrationForm.ts:286:13)

    console.log
      [2026-02-08T19:37:12.895Z] Validation result: false

      at Object.log [as handleSubmit] (src/hooks/useRegistrationForm.ts:296:13)

    console.log
      [2026-02-08T19:37:12.895Z] ❌ Form submission blocked: validation failed

      at Object.log [as handleSubmit] (src/hooks/useRegistrationForm.ts:298:15)

    console.log
      [2026-02-08T19:37:12.895Z] Validation errors: {}

      at Object.log [as handleSubmit] (src/hooks/useRegistrationForm.ts:299:15)

    console.log
      ✅ preventDefault() called FIRST (stopPropagation also called if available)

      at Object.log [as handleSubmit] (src/hooks/useRegistrationForm.ts:277:13)

    console.log
      [2026-02-08T19:37:12.897Z] ========== FORM SUBMISSION STARTED ==========

      at Object.log [as handleSubmit] (src/hooks/useRegistrationForm.ts:280:13)

    console.log
      [2026-02-08T19:37:12.897Z] Event defaultPrevented: undefined

      at Object.log [as handleSubmit] (src/hooks/useRegistrationForm.ts:281:13)

    console.log
      [2026-02-08T19:37:12.897Z] Event type: undefined

      at Object.log [as handleSubmit] (src/hooks/useRegistrationForm.ts:282:13)

    console.log
      [2026-02-08T19:37:12.897Z] Event target: undefined

      at Object.log [as handleSubmit] (src/hooks/useRegistrationForm.ts:283:13)

    console.log
      [2026-02-08T19:37:12.897Z] Form data: {
        "fullName": "John Doe",
        "email": "test@example.com",
        "password": "muoD&cGwr)i1\\.S~gFW:{Ly",
        "confirmPassword": ""
      }

      at Object.log [as handleSubmit] (src/hooks/useRegistrationForm.ts:284:13)

    console.log
      [2026-02-08T19:37:12.897Z] Current errors: {}

      at Object.log [as handleSubmit] (src/hooks/useRegistrationForm.ts:285:13)

    console.log
      [2026-02-08T19:37:12.897Z] Is rate limited: false

      at Object.log [as handleSubmit] (src/hooks/useRegistrationForm.ts:286:13)

    console.log
      [2026-02-08T19:37:12.897Z] Validation result: false

      at Object.log [as handleSubmit] (src/hooks/useRegistrationForm.ts:296:13)

    console.log
      [2026-02-08T19:37:12.897Z] ❌ Form submission blocked: validation failed

      at Object.log [as handleSubmit] (src/hooks/useRegistrationForm.ts:298:15)

    console.log
      [2026-02-08T19:37:12.897Z] Validation errors: {}

      at Object.log [as handleSubmit] (src/hooks/useRegistrationForm.ts:299:15)

    console.log
      ✅ preventDefault() called FIRST (stopPropagation also called if available)

      at Object.log [as handleSubmit] (src/hooks/useRegistrationForm.ts:277:13)

    console.log
      [2026-02-08T19:37:12.898Z] ========== FORM SUBMISSION STARTED ==========

      at Object.log [as handleSubmit] (src/hooks/useRegistrationForm.ts:280:13)

    console.log
      [2026-02-08T19:37:12.898Z] Event defaultPrevented: undefined

      at Object.log [as handleSubmit] (src/hooks/useRegistrationForm.ts:281:13)

    console.log
      [2026-02-08T19:37:12.898Z] Event type: undefined

      at Object.log [as handleSubmit] (src/hooks/useRegistrationForm.ts:282:13)

    console.log
      [2026-02-08T19:37:12.898Z] Event target: undefined

      at Object.log [as handleSubmit] (src/hooks/useRegistrationForm.ts:283:13)

    console.log
      [2026-02-08T19:37:12.898Z] Form data: {
        "fullName": "John Doe",
        "email": "test@example.com",
        "password": "p7yr<|iG",
        "confirmPassword": "&M"
      }

      at Object.log [as handleSubmit] (src/hooks/useRegistrationForm.ts:284:13)

    console.log
      [2026-02-08T19:37:12.898Z] Current errors: {}

      at Object.log [as handleSubmit] (src/hooks/useRegistrationForm.ts:285:13)

    console.log
      [2026-02-08T19:37:12.898Z] Is rate limited: false

      at Object.log [as handleSubmit] (src/hooks/useRegistrationForm.ts:286:13)

    console.log
      [2026-02-08T19:37:12.898Z] Validation result: false

      at Object.log [as handleSubmit] (src/hooks/useRegistrationForm.ts:296:13)

    console.log
      [2026-02-08T19:37:12.898Z] ❌ Form submission blocked: validation failed

      at Object.log [as handleSubmit] (src/hooks/useRegistrationForm.ts:298:15)

    console.log
      [2026-02-08T19:37:12.898Z] Validation errors: {}

      at Object.log [as handleSubmit] (src/hooks/useRegistrationForm.ts:299:15)

    console.log
      ✅ preventDefault() called FIRST (stopPropagation also called if available)

      at Object.log [as handleSubmit] (src/hooks/useRegistrationForm.ts:277:13)

    console.log
      [2026-02-08T19:37:12.900Z] ========== FORM SUBMISSION STARTED ==========

      at Object.log [as handleSubmit] (src/hooks/useRegistrationForm.ts:280:13)

    console.log
      [2026-02-08T19:37:12.900Z] Event defaultPrevented: undefined

      at Object.log [as handleSubmit] (src/hooks/useRegistrationForm.ts:281:13)

    console.log
      [2026-02-08T19:37:12.900Z] Event type: undefined

      at Object.log [as handleSubmit] (src/hooks/useRegistrationForm.ts:282:13)

    console.log
      [2026-02-08T19:37:12.900Z] Event target: undefined

      at Object.log [as handleSubmit] (src/hooks/useRegistrationForm.ts:283:13)

    console.log
      [2026-02-08T19:37:12.900Z] Form data: {
        "fullName": "John Doe",
        "email": "test@example.com",
        "password": "!I\",\"e9const",
        "confirmPassword": "["
      }

      at Object.log [as handleSubmit] (src/hooks/useRegistrationForm.ts:284:13)

    console.log
      [2026-02-08T19:37:12.900Z] Current errors: {}

      at Object.log [as handleSubmit] (src/hooks/useRegistrationForm.ts:285:13)

    console.log
      [2026-02-08T19:37:12.900Z] Is rate limited: false

      at Object.log [as handleSubmit] (src/hooks/useRegistrationForm.ts:286:13)

    console.log
      [2026-02-08T19:37:12.900Z] Validation result: false

      at Object.log [as handleSubmit] (src/hooks/useRegistrationForm.ts:296:13)

    console.log
      [2026-02-08T19:37:12.900Z] ❌ Form submission blocked: validation failed

      at Object.log [as handleSubmit] (src/hooks/useRegistrationForm.ts:298:15)

    console.log
      [2026-02-08T19:37:12.900Z] Validation errors: {}

      at Object.log [as handleSubmit] (src/hooks/useRegistrationForm.ts:299:15)

    console.log
      ✅ preventDefault() called FIRST (stopPropagation also called if available)

      at Object.log [as handleSubmit] (src/hooks/useRegistrationForm.ts:277:13)

    console.log
      [2026-02-08T19:37:12.902Z] ========== FORM SUBMISSION STARTED ==========

      at Object.log [as handleSubmit] (src/hooks/useRegistrationForm.ts:280:13)

    console.log
      [2026-02-08T19:37:12.902Z] Event defaultPrevented: undefined

      at Object.log [as handleSubmit] (src/hooks/useRegistrationForm.ts:281:13)

    console.log
      [2026-02-08T19:37:12.902Z] Event type: undefined

      at Object.log [as handleSubmit] (src/hooks/useRegistrationForm.ts:282:13)

    console.log
      [2026-02-08T19:37:12.902Z] Event target: undefined

      at Object.log [as handleSubmit] (src/hooks/useRegistrationForm.ts:283:13)

    console.log
      [2026-02-08T19:37:12.902Z] Form data: {
        "fullName": "John Doe",
        "email": "test@example.com",
        "password": ".mu-LeU1Lp'1G|pNg",
        "confirmPassword": "m}5]}iWna["
      }

      at Object.log [as handleSubmit] (src/hooks/useRegistrationForm.ts:284:13)

    console.log
      [2026-02-08T19:37:12.902Z] Current errors: {}

      at Object.log [as handleSubmit] (src/hooks/useRegistrationForm.ts:285:13)

    console.log
      [2026-02-08T19:37:12.902Z] Is rate limited: false

      at Object.log [as handleSubmit] (src/hooks/useRegistrationForm.ts:286:13)

    console.log
      [2026-02-08T19:37:12.902Z] Validation result: false

      at Object.log [as handleSubmit] (src/hooks/useRegistrationForm.ts:296:13)

    console.log
      [2026-02-08T19:37:12.902Z] ❌ Form submission blocked: validation failed

      at Object.log [as handleSubmit] (src/hooks/useRegistrationForm.ts:298:15)

    console.log
      [2026-02-08T19:37:12.902Z] Validation errors: {}

      at Object.log [as handleSubmit] (src/hooks/useRegistrationForm.ts:299:15)

    console.log
      ✅ preventDefault() called FIRST (stopPropagation also called if available)

      at Object.log [as handleSubmit] (src/hooks/useRegistrationForm.ts:277:13)

    console.log
      [2026-02-08T19:37:12.906Z] ========== FORM SUBMISSION STARTED ==========

      at Object.log [as handleSubmit] (src/hooks/useRegistrationForm.ts:280:13)

    console.log
      [2026-02-08T19:37:12.906Z] Event defaultPrevented: undefined

      at Object.log [as handleSubmit] (src/hooks/useRegistrationForm.ts:281:13)

    console.log
      [2026-02-08T19:37:12.906Z] Event type: undefined

      at Object.log [as handleSubmit] (src/hooks/useRegistrationForm.ts:282:13)

    console.log
      [2026-02-08T19:37:12.906Z] Event target: undefined

      at Object.log [as handleSubmit] (src/hooks/useRegistrationForm.ts:283:13)

    console.log
      [2026-02-08T19:37:12.906Z] Form data: {
        "fullName": "John Doe",
        "email": "test@example.com",
        "password": ".lG2#tC-30XG;v%M+pxA",
        "confirmPassword": "/lTErA2*N"
      }

      at Object.log [as handleSubmit] (src/hooks/useRegistrationForm.ts:284:13)

    console.log
      [2026-02-08T19:37:12.906Z] Current errors: {}

      at Object.log [as handleSubmit] (src/hooks/useRegistrationForm.ts:285:13)

    console.log
      [2026-02-08T19:37:12.906Z] Is rate limited: false

      at Object.log [as handleSubmit] (src/hooks/useRegistrationForm.ts:286:13)

    console.log
      [2026-02-08T19:37:12.906Z] Validation result: false

      at Object.log [as handleSubmit] (src/hooks/useRegistrationForm.ts:296:13)

    console.log
      [2026-02-08T19:37:12.906Z] ❌ Form submission blocked: validation failed

      at Object.log [as handleSubmit] (src/hooks/useRegistrationForm.ts:298:15)

    console.log
      [2026-02-08T19:37:12.906Z] Validation errors: {}

      at Object.log [as handleSubmit] (src/hooks/useRegistrationForm.ts:299:15)

    console.log
      ✅ preventDefault() called FIRST (stopPropagation also called if available)

      at Object.log [as handleSubmit] (src/hooks/useRegistrationForm.ts:277:13)

    console.log
      [2026-02-08T19:37:12.911Z] ========== FORM SUBMISSION STARTED ==========

      at Object.log [as handleSubmit] (src/hooks/useRegistrationForm.ts:280:13)

    console.log
      [2026-02-08T19:37:12.911Z] Event defaultPrevented: undefined

      at Object.log [as handleSubmit] (src/hooks/useRegistrationForm.ts:281:13)

    console.log
      [2026-02-08T19:37:12.911Z] Event type: undefined

      at Object.log [as handleSubmit] (src/hooks/useRegistrationForm.ts:282:13)

    console.log
      [2026-02-08T19:37:12.911Z] Event target: undefined

      at Object.log [as handleSubmit] (src/hooks/useRegistrationForm.ts:283:13)

    console.log
      [2026-02-08T19:37:12.911Z] Form data: {
        "fullName": "John Doe",
        "email": "test@example.com",
        "password": "fz(J(N]_Lro6asY_YeqL",
        "confirmPassword": "j$',vBao"
      }

      at Object.log [as handleSubmit] (src/hooks/useRegistrationForm.ts:284:13)

    console.log
      [2026-02-08T19:37:12.911Z] Current errors: {}

      at Object.log [as handleSubmit] (src/hooks/useRegistrationForm.ts:285:13)

    console.log
      [2026-02-08T19:37:12.911Z] Is rate limited: false

      at Object.log [as handleSubmit] (src/hooks/useRegistrationForm.ts:286:13)

    console.log
      [2026-02-08T19:37:12.911Z] Validation result: false

      at Object.log [as handleSubmit] (src/hooks/useRegistrationForm.ts:296:13)

    console.log
      [2026-02-08T19:37:12.911Z] ❌ Form submission blocked: validation failed

      at Object.log [as handleSubmit] (src/hooks/useRegistrationForm.ts:298:15)

    console.log
      [2026-02-08T19:37:12.911Z] Validation errors: {}

      at Object.log [as handleSubmit] (src/hooks/useRegistrationForm.ts:299:15)

    console.log
      ✅ preventDefault() called FIRST (stopPropagation also called if available)

      at Object.log [as handleSubmit] (src/hooks/useRegistrationForm.ts:277:13)

    console.log
      [2026-02-08T19:37:12.915Z] ========== FORM SUBMISSION STARTED ==========

      at Object.log [as handleSubmit] (src/hooks/useRegistrationForm.ts:280:13)

    console.log
      [2026-02-08T19:37:12.915Z] Event defaultPrevented: undefined

      at Object.log [as handleSubmit] (src/hooks/useRegistrationForm.ts:281:13)

    console.log
      [2026-02-08T19:37:12.915Z] Event type: undefined

      at Object.log [as handleSubmit] (src/hooks/useRegistrationForm.ts:282:13)

    console.log
      [2026-02-08T19:37:12.915Z] Event target: undefined

      at Object.log [as handleSubmit] (src/hooks/useRegistrationForm.ts:283:13)

    console.log
      [2026-02-08T19:37:12.915Z] Form data: {
        "fullName": "John Doe",
        "email": "test@example.com",
        "password": "_Bd9+C68O+Qi;U7",
        "confirmPassword": "\" !"
      }

      at Object.log [as handleSubmit] (src/hooks/useRegistrationForm.ts:284:13)

    console.log
      [2026-02-08T19:37:12.915Z] Current errors: {}

      at Object.log [as handleSubmit] (src/hooks/useRegistrationForm.ts:285:13)

    console.log
      [2026-02-08T19:37:12.915Z] Is rate limited: false

      at Object.log [as handleSubmit] (src/hooks/useRegistrationForm.ts:286:13)

    console.log
      [2026-02-08T19:37:12.915Z] Validation result: false

      at Object.log [as handleSubmit] (src/hooks/useRegistrationForm.ts:296:13)

    console.log
      [2026-02-08T19:37:12.915Z] ❌ Form submission blocked: validation failed

      at Object.log [as handleSubmit] (src/hooks/useRegistrationForm.ts:298:15)

    console.log
      [2026-02-08T19:37:12.915Z] Validation errors: {}

      at Object.log [as handleSubmit] (src/hooks/useRegistrationForm.ts:299:15)

    console.log
      ✅ preventDefault() called FIRST (stopPropagation also called if available)

      at Object.log [as handleSubmit] (src/hooks/useRegistrationForm.ts:277:13)

    console.log
      [2026-02-08T19:37:12.919Z] ========== FORM SUBMISSION STARTED ==========

      at Object.log [as handleSubmit] (src/hooks/useRegistrationForm.ts:280:13)

    console.log
      [2026-02-08T19:37:12.919Z] Event defaultPrevented: undefined

      at Object.log [as handleSubmit] (src/hooks/useRegistrationForm.ts:281:13)

    console.log
      [2026-02-08T19:37:12.919Z] Event type: undefined

      at Object.log [as handleSubmit] (src/hooks/useRegistrationForm.ts:282:13)

    console.log
      [2026-02-08T19:37:12.919Z] Event target: undefined

      at Object.log [as handleSubmit] (src/hooks/useRegistrationForm.ts:283:13)

    console.log
      [2026-02-08T19:37:12.919Z] Form data: {
        "fullName": "John Doe",
        "email": "test@example.com",
        "password": "p>\"a>%elPL7W7LapF\\*>l-&0N",
        "confirmPassword": "CIWSW^.({"
      }

      at Object.log [as handleSubmit] (src/hooks/useRegistrationForm.ts:284:13)

    console.log
      [2026-02-08T19:37:12.919Z] Current errors: {}

      at Object.log [as handleSubmit] (src/hooks/useRegistrationForm.ts:285:13)

    console.log
      [2026-02-08T19:37:12.919Z] Is rate limited: false

      at Object.log [as handleSubmit] (src/hooks/useRegistrationForm.ts:286:13)

    console.log
      [2026-02-08T19:37:12.919Z] Validation result: false

      at Object.log [as handleSubmit] (src/hooks/useRegistrationForm.ts:296:13)

    console.log
      [2026-02-08T19:37:12.919Z] ❌ Form submission blocked: validation failed

      at Object.log [as handleSubmit] (src/hooks/useRegistrationForm.ts:298:15)

    console.log
      [2026-02-08T19:37:12.919Z] Validation errors: {}

      at Object.log [as handleSubmit] (src/hooks/useRegistrationForm.ts:299:15)

    console.log
      ✅ preventDefault() called FIRST (stopPropagation also called if available)

      at Object.log [as handleSubmit] (src/hooks/useRegistrationForm.ts:277:13)

    console.log
      [2026-02-08T19:37:12.923Z] ========== FORM SUBMISSION STARTED ==========

      at Object.log [as handleSubmit] (src/hooks/useRegistrationForm.ts:280:13)

    console.log
      [2026-02-08T19:37:12.923Z] Event defaultPrevented: undefined

      at Object.log [as handleSubmit] (src/hooks/useRegistrationForm.ts:281:13)

    console.log
      [2026-02-08T19:37:12.923Z] Event type: undefined

      at Object.log [as handleSubmit] (src/hooks/useRegistrationForm.ts:282:13)

    console.log
      [2026-02-08T19:37:12.923Z] Event target: undefined

      at Object.log [as handleSubmit] (src/hooks/useRegistrationForm.ts:283:13)

    console.log
      [2026-02-08T19:37:12.923Z] Form data: {
        "fullName": "John Doe",
        "email": "test@example.com",
        "password": "TZeDrY;{An9Ma",
        "confirmPassword": "+1"
      }

      at Object.log [as handleSubmit] (src/hooks/useRegistrationForm.ts:284:13)

    console.log
      [2026-02-08T19:37:12.923Z] Current errors: {}

      at Object.log [as handleSubmit] (src/hooks/useRegistrationForm.ts:285:13)

    console.log
      [2026-02-08T19:37:12.923Z] Is rate limited: false

      at Object.log [as handleSubmit] (src/hooks/useRegistrationForm.ts:286:13)

    console.log
      [2026-02-08T19:37:12.923Z] Validation result: false

      at Object.log [as handleSubmit] (src/hooks/useRegistrationForm.ts:296:13)

    console.log
      [2026-02-08T19:37:12.923Z] ❌ Form submission blocked: validation failed

      at Object.log [as handleSubmit] (src/hooks/useRegistrationForm.ts:298:15)

    console.log
      [2026-02-08T19:37:12.923Z] Validation errors: {}

      at Object.log [as handleSubmit] (src/hooks/useRegistrationForm.ts:299:15)

    console.log
      ✅ preventDefault() called FIRST (stopPropagation also called if available)

      at Object.log [as handleSubmit] (src/hooks/useRegistrationForm.ts:277:13)

    console.log
      [2026-02-08T19:37:12.927Z] ========== FORM SUBMISSION STARTED ==========

      at Object.log [as handleSubmit] (src/hooks/useRegistrationForm.ts:280:13)

    console.log
      [2026-02-08T19:37:12.927Z] Event defaultPrevented: undefined

      at Object.log [as handleSubmit] (src/hooks/useRegistrationForm.ts:281:13)

    console.log
      [2026-02-08T19:37:12.927Z] Event type: undefined

      at Object.log [as handleSubmit] (src/hooks/useRegistrationForm.ts:282:13)

    console.log
      [2026-02-08T19:37:12.927Z] Event target: undefined

      at Object.log [as handleSubmit] (src/hooks/useRegistrationForm.ts:283:13)

    console.log
      [2026-02-08T19:37:12.927Z] Form data: {
        "fullName": "John Doe",
        "email": "test@example.com",
        "password": "J&yTd+^) 2T%",
        "confirmPassword": "p:"
      }

      at Object.log [as handleSubmit] (src/hooks/useRegistrationForm.ts:284:13)

    console.log
      [2026-02-08T19:37:12.927Z] Current errors: {}

      at Object.log [as handleSubmit] (src/hooks/useRegistrationForm.ts:285:13)

    console.log
      [2026-02-08T19:37:12.927Z] Is rate limited: false

      at Object.log [as handleSubmit] (src/hooks/useRegistrationForm.ts:286:13)

    console.log
      [2026-02-08T19:37:12.927Z] Validation result: false

      at Object.log [as handleSubmit] (src/hooks/useRegistrationForm.ts:296:13)

    console.log
      [2026-02-08T19:37:12.927Z] ❌ Form submission blocked: validation failed

      at Object.log [as handleSubmit] (src/hooks/useRegistrationForm.ts:298:15)

    console.log
      [2026-02-08T19:37:12.927Z] Validation errors: {}

      at Object.log [as handleSubmit] (src/hooks/useRegistrationForm.ts:299:15)

    console.log
      ✅ preventDefault() called FIRST (stopPropagation also called if available)

      at Object.log [as handleSubmit] (src/hooks/useRegistrationForm.ts:277:13)

    console.log
      [2026-02-08T19:37:12.928Z] ========== FORM SUBMISSION STARTED ==========

      at Object.log [as handleSubmit] (src/hooks/useRegistrationForm.ts:280:13)

    console.log
      [2026-02-08T19:37:12.928Z] Event defaultPrevented: undefined

      at Object.log [as handleSubmit] (src/hooks/useRegistrationForm.ts:281:13)

    console.log
      [2026-02-08T19:37:12.928Z] Event type: undefined

      at Object.log [as handleSubmit] (src/hooks/useRegistrationForm.ts:282:13)

    console.log
      [2026-02-08T19:37:12.928Z] Event target: undefined

      at Object.log [as handleSubmit] (src/hooks/useRegistrationForm.ts:283:13)

    console.log
      [2026-02-08T19:37:12.928Z] Form data: {
        "fullName": "John Doe",
        "email": "test@example.com",
        "password": "jb(tIvwG523EO;?! 8rrIX",
        "confirmPassword": "`8c__lo"
      }

      at Object.log [as handleSubmit] (src/hooks/useRegistrationForm.ts:284:13)

    console.log
      [2026-02-08T19:37:12.928Z] Current errors: {}

      at Object.log [as handleSubmit] (src/hooks/useRegistrationForm.ts:285:13)

    console.log
      [2026-02-08T19:37:12.928Z] Is rate limited: false

      at Object.log [as handleSubmit] (src/hooks/useRegistrationForm.ts:286:13)

    console.log
      [2026-02-08T19:37:12.928Z] Validation result: false

      at Object.log [as handleSubmit] (src/hooks/useRegistrationForm.ts:296:13)

    console.log
      [2026-02-08T19:37:12.928Z] ❌ Form submission blocked: validation failed

      at Object.log [as handleSubmit] (src/hooks/useRegistrationForm.ts:298:15)

    console.log
      [2026-02-08T19:37:12.928Z] Validation errors: {}

      at Object.log [as handleSubmit] (src/hooks/useRegistrationForm.ts:299:15)

    console.log
      ✅ preventDefault() called FIRST (stopPropagation also called if available)

      at Object.log [as handleSubmit] (src/hooks/useRegistrationForm.ts:277:13)

    console.log
      [2026-02-08T19:37:12.939Z] ========== FORM SUBMISSION STARTED ==========

      at Object.log [as handleSubmit] (src/hooks/useRegistrationForm.ts:280:13)

    console.log
      [2026-02-08T19:37:12.939Z] Event defaultPrevented: undefined

      at Object.log [as handleSubmit] (src/hooks/useRegistrationForm.ts:281:13)

    console.log
      [2026-02-08T19:37:12.939Z] Event type: undefined

      at Object.log [as handleSubmit] (src/hooks/useRegistrationForm.ts:282:13)

    console.log
      [2026-02-08T19:37:12.939Z] Event target: undefined

      at Object.log [as handleSubmit] (src/hooks/useRegistrationForm.ts:283:13)

    console.log
      [2026-02-08T19:37:12.939Z] Form data: {
        "fullName": "John Doe",
        "email": "test@example.com",
        "password": "7}[:qVN$Vv.q:}'}lga",
        "confirmPassword": "&W"
      }

      at Object.log [as handleSubmit] (src/hooks/useRegistrationForm.ts:284:13)

    console.log
      [2026-02-08T19:37:12.939Z] Current errors: {}

      at Object.log [as handleSubmit] (src/hooks/useRegistrationForm.ts:285:13)

    console.log
      [2026-02-08T19:37:12.939Z] Is rate limited: false

      at Object.log [as handleSubmit] (src/hooks/useRegistrationForm.ts:286:13)

    console.log
      [2026-02-08T19:37:12.939Z] Validation result: false

      at Object.log [as handleSubmit] (src/hooks/useRegistrationForm.ts:296:13)

    console.log
      [2026-02-08T19:37:12.939Z] ❌ Form submission blocked: validation failed

      at Object.log [as handleSubmit] (src/hooks/useRegistrationForm.ts:298:15)

    console.log
      [2026-02-08T19:37:12.939Z] Validation errors: {}

      at Object.log [as handleSubmit] (src/hooks/useRegistrationForm.ts:299:15)

    console.log
      ✅ preventDefault() called FIRST (stopPropagation also called if available)

      at Object.log [as handleSubmit] (src/hooks/useRegistrationForm.ts:277:13)

    console.log
      [2026-02-08T19:37:12.948Z] ========== FORM SUBMISSION STARTED ==========

      at Object.log [as handleSubmit] (src/hooks/useRegistrationForm.ts:280:13)

    console.log
      [2026-02-08T19:37:12.948Z] Event defaultPrevented: undefined

      at Object.log [as handleSubmit] (src/hooks/useRegistrationForm.ts:281:13)

    console.log
      [2026-02-08T19:37:12.948Z] Event type: undefined

      at Object.log [as handleSubmit] (src/hooks/useRegistrationForm.ts:282:13)

    console.log
      [2026-02-08T19:37:12.948Z] Event target: undefined

      at Object.log [as handleSubmit] (src/hooks/useRegistrationForm.ts:283:13)

    console.log
      [2026-02-08T19:37:12.948Z] Form data: {
        "fullName": "John Doe",
        "email": "test@example.com",
        "password": ",[6wHC+'uw+Lhar)/x@",
        "confirmPassword": "~\"${8b"
      }

      at Object.log [as handleSubmit] (src/hooks/useRegistrationForm.ts:284:13)

    console.log
      [2026-02-08T19:37:12.948Z] Current errors: {}

      at Object.log [as handleSubmit] (src/hooks/useRegistrationForm.ts:285:13)

    console.log
      [2026-02-08T19:37:12.948Z] Is rate limited: false

      at Object.log [as handleSubmit] (src/hooks/useRegistrationForm.ts:286:13)

    console.log
      [2026-02-08T19:37:12.948Z] Validation result: false

      at Object.log [as handleSubmit] (src/hooks/useRegistrationForm.ts:296:13)

    console.log
      [2026-02-08T19:37:12.948Z] ❌ Form submission blocked: validation failed

      at Object.log [as handleSubmit] (src/hooks/useRegistrationForm.ts:298:15)

    console.log
      [2026-02-08T19:37:12.948Z] Validation errors: {}

      at Object.log [as handleSubmit] (src/hooks/useRegistrationForm.ts:299:15)

    console.log
      ✅ preventDefault() called FIRST (stopPropagation also called if available)

      at Object.log [as handleSubmit] (src/hooks/useRegistrationForm.ts:277:13)

    console.log
      [2026-02-08T19:37:12.956Z] ========== FORM SUBMISSION STARTED ==========

      at Object.log [as handleSubmit] (src/hooks/useRegistrationForm.ts:280:13)

    console.log
      [2026-02-08T19:37:12.956Z] Event defaultPrevented: undefined

      at Object.log [as handleSubmit] (src/hooks/useRegistrationForm.ts:281:13)

    console.log
      [2026-02-08T19:37:12.956Z] Event type: undefined

      at Object.log [as handleSubmit] (src/hooks/useRegistrationForm.ts:282:13)

    console.log
      [2026-02-08T19:37:12.956Z] Event target: undefined

      at Object.log [as handleSubmit] (src/hooks/useRegistrationForm.ts:283:13)

    console.log
      [2026-02-08T19:37:12.956Z] Form data: {
        "fullName": "John Doe",
        "email": "test@example.com",
        "password": " tJX6V`QkQvz~}X9?M#?Xzpr",
        "confirmPassword": ""
      }

      at Object.log [as handleSubmit] (src/hooks/useRegistrationForm.ts:284:13)

    console.log
      [2026-02-08T19:37:12.956Z] Current errors: {}

      at Object.log [as handleSubmit] (src/hooks/useRegistrationForm.ts:285:13)

    console.log
      [2026-02-08T19:37:12.956Z] Is rate limited: false

      at Object.log [as handleSubmit] (src/hooks/useRegistrationForm.ts:286:13)

    console.log
      [2026-02-08T19:37:12.956Z] Validation result: false

      at Object.log [as handleSubmit] (src/hooks/useRegistrationForm.ts:296:13)

    console.log
      [2026-02-08T19:37:12.956Z] ❌ Form submission blocked: validation failed

      at Object.log [as handleSubmit] (src/hooks/useRegistrationForm.ts:298:15)

    console.log
      [2026-02-08T19:37:12.956Z] Validation errors: {}

      at Object.log [as handleSubmit] (src/hooks/useRegistrationForm.ts:299:15)

    console.log
      ✅ preventDefault() called FIRST (stopPropagation also called if available)

      at Object.log [as handleSubmit] (src/hooks/useRegistrationForm.ts:277:13)

    console.log
      [2026-02-08T19:37:12.961Z] ========== FORM SUBMISSION STARTED ==========

      at Object.log [as handleSubmit] (src/hooks/useRegistrationForm.ts:280:13)

    console.log
      [2026-02-08T19:37:12.961Z] Event defaultPrevented: undefined

      at Object.log [as handleSubmit] (src/hooks/useRegistrationForm.ts:281:13)

    console.log
      [2026-02-08T19:37:12.961Z] Event type: undefined

      at Object.log [as handleSubmit] (src/hooks/useRegistrationForm.ts:282:13)

    console.log
      [2026-02-08T19:37:12.961Z] Event target: undefined

      at Object.log [as handleSubmit] (src/hooks/useRegistrationForm.ts:283:13)

    console.log
      [2026-02-08T19:37:12.961Z] Form data: {
        "fullName": "John Doe",
        "email": "test@example.com",
        "password": "~$L%b %8 #~r4 |`{\"# '\"x`|",
        "confirmPassword": "5CdbAg~>>"
      }

      at Object.log [as handleSubmit] (src/hooks/useRegistrationForm.ts:284:13)

    console.log
      [2026-02-08T19:37:12.961Z] Current errors: {}

      at Object.log [as handleSubmit] (src/hooks/useRegistrationForm.ts:285:13)

    console.log
      [2026-02-08T19:37:12.961Z] Is rate limited: false

      at Object.log [as handleSubmit] (src/hooks/useRegistrationForm.ts:286:13)

    console.log
      [2026-02-08T19:37:12.961Z] Validation result: false

      at Object.log [as handleSubmit] (src/hooks/useRegistrationForm.ts:296:13)

    console.log
      [2026-02-08T19:37:12.961Z] ❌ Form submission blocked: validation failed

      at Object.log [as handleSubmit] (src/hooks/useRegistrationForm.ts:298:15)

    console.log
      [2026-02-08T19:37:12.961Z] Validation errors: {}

      at Object.log [as handleSubmit] (src/hooks/useRegistrationForm.ts:299:15)

    console.log
      ✅ preventDefault() called FIRST (stopPropagation also called if available)

      at Object.log [as handleSubmit] (src/hooks/useRegistrationForm.ts:277:13)

    console.log
      [2026-02-08T19:37:12.970Z] ========== FORM SUBMISSION STARTED ==========

      at Object.log [as handleSubmit] (src/hooks/useRegistrationForm.ts:280:13)

    console.log
      [2026-02-08T19:37:12.970Z] Event defaultPrevented: undefined

      at Object.log [as handleSubmit] (src/hooks/useRegistrationForm.ts:281:13)

    console.log
      [2026-02-08T19:37:12.970Z] Event type: undefined

      at Object.log [as handleSubmit] (src/hooks/useRegistrationForm.ts:282:13)

    console.log
      [2026-02-08T19:37:12.970Z] Event target: undefined

      at Object.log [as handleSubmit] (src/hooks/useRegistrationForm.ts:283:13)

    console.log
      [2026-02-08T19:37:12.970Z] Form data: {
        "fullName": "John Doe",
        "email": "test@example.com",
        "password": "^\\l:7_g\">}b/{U<7@V",
        "confirmPassword": "W"
      }

      at Object.log [as handleSubmit] (src/hooks/useRegistrationForm.ts:284:13)

    console.log
      [2026-02-08T19:37:12.970Z] Current errors: {}

      at Object.log [as handleSubmit] (src/hooks/useRegistrationForm.ts:285:13)

    console.log
      [2026-02-08T19:37:12.970Z] Is rate limited: false

      at Object.log [as handleSubmit] (src/hooks/useRegistrationForm.ts:286:13)

    console.log
      [2026-02-08T19:37:12.970Z] Validation result: false

      at Object.log [as handleSubmit] (src/hooks/useRegistrationForm.ts:296:13)

    console.log
      [2026-02-08T19:37:12.970Z] ❌ Form submission blocked: validation failed

      at Object.log [as handleSubmit] (src/hooks/useRegistrationForm.ts:298:15)

    console.log
      [2026-02-08T19:37:12.970Z] Validation errors: {}

      at Object.log [as handleSubmit] (src/hooks/useRegistrationForm.ts:299:15)

    console.log
      ✅ preventDefault() called FIRST (stopPropagation also called if available)

      at Object.log [as handleSubmit] (src/hooks/useRegistrationForm.ts:277:13)

    console.log
      [2026-02-08T19:37:12.973Z] ========== FORM SUBMISSION STARTED ==========

      at Object.log [as handleSubmit] (src/hooks/useRegistrationForm.ts:280:13)

    console.log
      [2026-02-08T19:37:12.973Z] Event defaultPrevented: undefined

      at Object.log [as handleSubmit] (src/hooks/useRegistrationForm.ts:281:13)

    console.log
      [2026-02-08T19:37:12.973Z] Event type: undefined

      at Object.log [as handleSubmit] (src/hooks/useRegistrationForm.ts:282:13)

    console.log
      [2026-02-08T19:37:12.973Z] Event target: undefined

      at Object.log [as handleSubmit] (src/hooks/useRegistrationForm.ts:283:13)

    console.log
      [2026-02-08T19:37:12.973Z] Form data: {
        "fullName": "John Doe",
        "email": "test@example.com",
        "password": "\"72r77<>kZ]*",
        "confirmPassword": "Y"
      }

      at Object.log [as handleSubmit] (src/hooks/useRegistrationForm.ts:284:13)

    console.log
      [2026-02-08T19:37:12.973Z] Current errors: {}

      at Object.log [as handleSubmit] (src/hooks/useRegistrationForm.ts:285:13)

    console.log
      [2026-02-08T19:37:12.973Z] Is rate limited: false

      at Object.log [as handleSubmit] (src/hooks/useRegistrationForm.ts:286:13)

    console.log
      [2026-02-08T19:37:12.973Z] Validation result: false

      at Object.log [as handleSubmit] (src/hooks/useRegistrationForm.ts:296:13)

    console.log
      [2026-02-08T19:37:12.973Z] ❌ Form submission blocked: validation failed

      at Object.log [as handleSubmit] (src/hooks/useRegistrationForm.ts:298:15)

    console.log
      [2026-02-08T19:37:12.973Z] Validation errors: {}

      at Object.log [as handleSubmit] (src/hooks/useRegistrationForm.ts:299:15)

    console.log
      ✅ preventDefault() called FIRST (stopPropagation also called if available)

      at Object.log [as handleSubmit] (src/hooks/useRegistrationForm.ts:277:13)

    console.log
      [2026-02-08T19:37:12.981Z] ========== FORM SUBMISSION STARTED ==========

      at Object.log [as handleSubmit] (src/hooks/useRegistrationForm.ts:280:13)

    console.log
      [2026-02-08T19:37:12.981Z] Event defaultPrevented: undefined

      at Object.log [as handleSubmit] (src/hooks/useRegistrationForm.ts:281:13)

    console.log
      [2026-02-08T19:37:12.981Z] Event type: undefined

      at Object.log [as handleSubmit] (src/hooks/useRegistrationForm.ts:282:13)

    console.log
      [2026-02-08T19:37:12.981Z] Event target: undefined

      at Object.log [as handleSubmit] (src/hooks/useRegistrationForm.ts:283:13)

    console.log
      [2026-02-08T19:37:12.981Z] Form data: {
        "fullName": "John Doe",
        "email": "test@example.com",
        "password": "?{\"1prototypetoSt",
        "confirmPassword": "`! ;\"<x"
      }

      at Object.log [as handleSubmit] (src/hooks/useRegistrationForm.ts:284:13)

    console.log
      [2026-02-08T19:37:12.981Z] Current errors: {}

      at Object.log [as handleSubmit] (src/hooks/useRegistrationForm.ts:285:13)

    console.log
      [2026-02-08T19:37:12.981Z] Is rate limited: false

      at Object.log [as handleSubmit] (src/hooks/useRegistrationForm.ts:286:13)

    console.log
      [2026-02-08T19:37:12.981Z] Validation result: false

      at Object.log [as handleSubmit] (src/hooks/useRegistrationForm.ts:296:13)

    console.log
      [2026-02-08T19:37:12.981Z] ❌ Form submission blocked: validation failed

      at Object.log [as handleSubmit] (src/hooks/useRegistrationForm.ts:298:15)

    console.log
      [2026-02-08T19:37:12.981Z] Validation errors: {}

      at Object.log [as handleSubmit] (src/hooks/useRegistrationForm.ts:299:15)

    console.log
      ✅ preventDefault() called FIRST (stopPropagation also called if available)

      at Object.log [as handleSubmit] (src/hooks/useRegistrationForm.ts:277:13)

    console.log
      [2026-02-08T19:37:12.985Z] ========== FORM SUBMISSION STARTED ==========

      at Object.log [as handleSubmit] (src/hooks/useRegistrationForm.ts:280:13)

    console.log
      [2026-02-08T19:37:12.985Z] Event defaultPrevented: undefined

      at Object.log [as handleSubmit] (src/hooks/useRegistrationForm.ts:281:13)

    console.log
      [2026-02-08T19:37:12.985Z] Event type: undefined

      at Object.log [as handleSubmit] (src/hooks/useRegistrationForm.ts:282:13)

    console.log
      [2026-02-08T19:37:12.985Z] Event target: undefined

      at Object.log [as handleSubmit] (src/hooks/useRegistrationForm.ts:283:13)

    console.log
      [2026-02-08T19:37:12.985Z] Form data: {
        "fullName": "John Doe",
        "email": "test@example.com",
        "password": "10g+-+q8o`ALO",
        "confirmPassword": "}#yl0"
      }

      at Object.log [as handleSubmit] (src/hooks/useRegistrationForm.ts:284:13)

    console.log
      [2026-02-08T19:37:12.985Z] Current errors: {}

      at Object.log [as handleSubmit] (src/hooks/useRegistrationForm.ts:285:13)

    console.log
      [2026-02-08T19:37:12.985Z] Is rate limited: false

      at Object.log [as handleSubmit] (src/hooks/useRegistrationForm.ts:286:13)

    console.log
      [2026-02-08T19:37:12.985Z] Validation result: false

      at Object.log [as handleSubmit] (src/hooks/useRegistrationForm.ts:296:13)

    console.log
      [2026-02-08T19:37:12.985Z] ❌ Form submission blocked: validation failed

      at Object.log [as handleSubmit] (src/hooks/useRegistrationForm.ts:298:15)

    console.log
      [2026-02-08T19:37:12.985Z] Validation errors: {}

      at Object.log [as handleSubmit] (src/hooks/useRegistrationForm.ts:299:15)

    console.log
      ✅ preventDefault() called FIRST (stopPropagation also called if available)

      at Object.log [as handleSubmit] (src/hooks/useRegistrationForm.ts:277:13)

    console.log
      [2026-02-08T19:37:12.991Z] ========== FORM SUBMISSION STARTED ==========

      at Object.log [as handleSubmit] (src/hooks/useRegistrationForm.ts:280:13)

    console.log
      [2026-02-08T19:37:12.991Z] Event defaultPrevented: undefined

      at Object.log [as handleSubmit] (src/hooks/useRegistrationForm.ts:281:13)

    console.log
      [2026-02-08T19:37:12.991Z] Event type: undefined

      at Object.log [as handleSubmit] (src/hooks/useRegistrationForm.ts:282:13)

    console.log
      [2026-02-08T19:37:12.991Z] Event target: undefined

      at Object.log [as handleSubmit] (src/hooks/useRegistrationForm.ts:283:13)

    console.log
      [2026-02-08T19:37:12.991Z] Form data: {
        "fullName": "John Doe",
        "email": "test@example.com",
        "password": "j*.x2Y[|",
        "confirmPassword": "wX~&"
      }

      at Object.log [as handleSubmit] (src/hooks/useRegistrationForm.ts:284:13)

    console.log
      [2026-02-08T19:37:12.991Z] Current errors: {}

      at Object.log [as handleSubmit] (src/hooks/useRegistrationForm.ts:285:13)

    console.log
      [2026-02-08T19:37:12.991Z] Is rate limited: false

      at Object.log [as handleSubmit] (src/hooks/useRegistrationForm.ts:286:13)

    console.log
      [2026-02-08T19:37:12.991Z] Validation result: false

      at Object.log [as handleSubmit] (src/hooks/useRegistrationForm.ts:296:13)

    console.log
      [2026-02-08T19:37:12.991Z] ❌ Form submission blocked: validation failed

      at Object.log [as handleSubmit] (src/hooks/useRegistrationForm.ts:298:15)

    console.log
      [2026-02-08T19:37:12.991Z] Validation errors: {}

      at Object.log [as handleSubmit] (src/hooks/useRegistrationForm.ts:299:15)

    console.log
      ✅ preventDefault() called FIRST (stopPropagation also called if available)

      at Object.log [as handleSubmit] (src/hooks/useRegistrationForm.ts:277:13)

    console.log
      [2026-02-08T19:37:13.201Z] ========== FORM SUBMISSION STARTED ==========

      at Object.log [as handleSubmit] (src/hooks/useRegistrationForm.ts:280:13)

    console.log
      [2026-02-08T19:37:13.201Z] Event defaultPrevented: undefined

      at Object.log [as handleSubmit] (src/hooks/useRegistrationForm.ts:281:13)

    console.log
      [2026-02-08T19:37:13.201Z] Event type: undefined

      at Object.log [as handleSubmit] (src/hooks/useRegistrationForm.ts:282:13)

    console.log
      [2026-02-08T19:37:13.201Z] Event target: undefined

      at Object.log [as handleSubmit] (src/hooks/useRegistrationForm.ts:283:13)

    console.log
      [2026-02-08T19:37:13.201Z] Form data: {
        "fullName": "John Doe",
        "email": "test@example.com",
        "password": "Password123!",
        "confirmPassword": "Password123!"
      }

      at Object.log [as handleSubmit] (src/hooks/useRegistrationForm.ts:284:13)

    console.log
      [2026-02-08T19:37:13.201Z] Current errors: {}

      at Object.log [as handleSubmit] (src/hooks/useRegistrationForm.ts:285:13)

    console.log
      [2026-02-08T19:37:13.201Z] Is rate limited: false

      at Object.log [as handleSubmit] (src/hooks/useRegistrationForm.ts:286:13)

    console.log
      [2026-02-08T19:37:13.201Z] Validation result: true

      at Object.log [as handleSubmit] (src/hooks/useRegistrationForm.ts:296:13)

    console.log
      [2026-02-08T19:37:13.201Z] ✅ Validation passed, proceeding with API call

      at Object.log [as handleSubmit] (src/hooks/useRegistrationForm.ts:303:13)

    console.log
      [2026-02-08T19:37:13.201Z] 📡 Calling API client register method

      at Object.log [as handleSubmit] (src/hooks/useRegistrationForm.ts:316:15)

    console.log
      [2026-02-08T19:37:13.201Z] API payload: {
        email: 'test@example.com',
        name: 'John Doe',
        password: '***REDACTED***'
      }

      at Object.log [as handleSubmit] (src/hooks/useRegistrationForm.ts:317:15)

    console.log
      [2026-02-08T19:37:13.201Z] ✅ API call successful

      at Object.log [as handleSubmit] (src/hooks/useRegistrationForm.ts:330:15)

    console.log
      [2026-02-08T19:37:13.201Z] ========== FORM SUBMISSION ENDED ==========

      at Object.log [as handleSubmit] (src/hooks/useRegistrationForm.ts:376:15)

    console.log
      ✅ preventDefault() called FIRST (stopPropagation also called if available)

      at Object.log [as handleSubmit] (src/hooks/useRegistrationForm.ts:277:13)

    console.log
      [2026-02-08T19:37:13.205Z] ========== FORM SUBMISSION STARTED ==========

      at Object.log [as handleSubmit] (src/hooks/useRegistrationForm.ts:280:13)

    console.log
      [2026-02-08T19:37:13.205Z] Event defaultPrevented: undefined

      at Object.log [as handleSubmit] (src/hooks/useRegistrationForm.ts:281:13)

    console.log
      [2026-02-08T19:37:13.205Z] Event type: undefined

      at Object.log [as handleSubmit] (src/hooks/useRegistrationForm.ts:282:13)

    console.log
      [2026-02-08T19:37:13.205Z] Event target: undefined

      at Object.log [as handleSubmit] (src/hooks/useRegistrationForm.ts:283:13)

    console.log
      [2026-02-08T19:37:13.205Z] Form data: {
        "fullName": "John Doe",
        "email": "test@example.com",
        "password": "Password123!",
        "confirmPassword": "Password123!"
      }

      at Object.log [as handleSubmit] (src/hooks/useRegistrationForm.ts:284:13)

    console.log
      [2026-02-08T19:37:13.205Z] Current errors: {}

      at Object.log [as handleSubmit] (src/hooks/useRegistrationForm.ts:285:13)

    console.log
      [2026-02-08T19:37:13.205Z] Is rate limited: false

      at Object.log [as handleSubmit] (src/hooks/useRegistrationForm.ts:286:13)

    console.log
      [2026-02-08T19:37:13.205Z] Validation result: true

      at Object.log [as handleSubmit] (src/hooks/useRegistrationForm.ts:296:13)

    console.log
      [2026-02-08T19:37:13.205Z] ✅ Validation passed, proceeding with API call

      at Object.log [as handleSubmit] (src/hooks/useRegistrationForm.ts:303:13)

    console.log
      [2026-02-08T19:37:13.205Z] 📡 Calling API client register method

      at Object.log [as handleSubmit] (src/hooks/useRegistrationForm.ts:316:15)

    console.log
      [2026-02-08T19:37:13.205Z] API payload: {
        email: 'test@example.com',
        name: 'John Doe',
        password: '***REDACTED***'
      }

      at Object.log [as handleSubmit] (src/hooks/useRegistrationForm.ts:317:15)

    console.log
      [2026-02-08T19:37:13.205Z] ❌ API call failed: { status: 409, message: 'Email already exists' }

      at Object.log [as handleSubmit] (src/hooks/useRegistrationForm.ts:343:15)

    console.log
      [2026-02-08T19:37:13.205Z] ========== FORM SUBMISSION ENDED ==========

      at Object.log [as handleSubmit] (src/hooks/useRegistrationForm.ts:376:15)

    console.log
      ✅ preventDefault() called FIRST (stopPropagation also called if available)

      at Object.log [as handleSubmit] (src/hooks/useRegistrationForm.ts:277:13)

    console.log
      [2026-02-08T19:37:13.213Z] ========== FORM SUBMISSION STARTED ==========

      at Object.log [as handleSubmit] (src/hooks/useRegistrationForm.ts:280:13)

    console.log
      [2026-02-08T19:37:13.213Z] Event defaultPrevented: undefined

      at Object.log [as handleSubmit] (src/hooks/useRegistrationForm.ts:281:13)

    console.log
      [2026-02-08T19:37:13.213Z] Event type: undefined

      at Object.log [as handleSubmit] (src/hooks/useRegistrationForm.ts:282:13)

    console.log
      [2026-02-08T19:37:13.213Z] Event target: undefined

      at Object.log [as handleSubmit] (src/hooks/useRegistrationForm.ts:283:13)

    console.log
      [2026-02-08T19:37:13.213Z] Form data: {
        "fullName": "John Doe",
        "email": "test@example.com",
        "password": "Password123!",
        "confirmPassword": "Password123!"
      }

      at Object.log [as handleSubmit] (src/hooks/useRegistrationForm.ts:284:13)

    console.log
      [2026-02-08T19:37:13.213Z] Current errors: {}

      at Object.log [as handleSubmit] (src/hooks/useRegistrationForm.ts:285:13)

    console.log
      [2026-02-08T19:37:13.213Z] Is rate limited: false

      at Object.log [as handleSubmit] (src/hooks/useRegistrationForm.ts:286:13)

    console.log
      [2026-02-08T19:37:13.213Z] Validation result: true

      at Object.log [as handleSubmit] (src/hooks/useRegistrationForm.ts:296:13)

    console.log
      [2026-02-08T19:37:13.213Z] ✅ Validation passed, proceeding with API call

      at Object.log [as handleSubmit] (src/hooks/useRegistrationForm.ts:303:13)

    console.log
      [2026-02-08T19:37:13.213Z] 📡 Calling API client register method

      at Object.log [as handleSubmit] (src/hooks/useRegistrationForm.ts:316:15)

    console.log
      [2026-02-08T19:37:13.213Z] API payload: {
        email: 'test@example.com',
        name: 'John Doe',
        password: '***REDACTED***'
      }

      at Object.log [as handleSubmit] (src/hooks/useRegistrationForm.ts:317:15)

    console.log
      [2026-02-08T19:37:13.213Z] ❌ API call failed: { status: 409, message: 'Email already exists' }

      at Object.log [as handleSubmit] (src/hooks/useRegistrationForm.ts:343:15)

    console.log
      [2026-02-08T19:37:13.213Z] ========== FORM SUBMISSION ENDED ==========

      at Object.log [as handleSubmit] (src/hooks/useRegistrationForm.ts:376:15)

    console.log
      ✅ preventDefault() called FIRST (stopPropagation also called if available)

      at Object.log [as handleSubmit] (src/hooks/useRegistrationForm.ts:277:13)

    console.log
      [2026-02-08T19:37:13.230Z] ========== FORM SUBMISSION STARTED ==========

      at Object.log [as handleSubmit] (src/hooks/useRegistrationForm.ts:280:13)

    console.log
      [2026-02-08T19:37:13.230Z] Event defaultPrevented: undefined

      at Object.log [as handleSubmit] (src/hooks/useRegistrationForm.ts:281:13)

    console.log
      [2026-02-08T19:37:13.230Z] Event type: undefined

      at Object.log [as handleSubmit] (src/hooks/useRegistrationForm.ts:282:13)

    console.log
      [2026-02-08T19:37:13.230Z] Event target: undefined

      at Object.log [as handleSubmit] (src/hooks/useRegistrationForm.ts:283:13)

    console.log
      [2026-02-08T19:37:13.230Z] Form data: {
        "fullName": "John Doe",
        "email": "test@example.com",
        "password": "Password123!",
        "confirmPassword": "Password123!"
      }

      at Object.log [as handleSubmit] (src/hooks/useRegistrationForm.ts:284:13)

    console.log
      [2026-02-08T19:37:13.230Z] Current errors: {}

      at Object.log [as handleSubmit] (src/hooks/useRegistrationForm.ts:285:13)

    console.log
      [2026-02-08T19:37:13.230Z] Is rate limited: false

      at Object.log [as handleSubmit] (src/hooks/useRegistrationForm.ts:286:13)

    console.log
      [2026-02-08T19:37:13.230Z] Validation result: true

      at Object.log [as handleSubmit] (src/hooks/useRegistrationForm.ts:296:13)

    console.log
      [2026-02-08T19:37:13.230Z] ✅ Validation passed, proceeding with API call

      at Object.log [as handleSubmit] (src/hooks/useRegistrationForm.ts:303:13)

    console.log
      [2026-02-08T19:37:13.230Z] 📡 Calling API client register method

      at Object.log [as handleSubmit] (src/hooks/useRegistrationForm.ts:316:15)

    console.log
      [2026-02-08T19:37:13.230Z] API payload: {
        email: 'test@example.com',
        name: 'John Doe',
        password: '***REDACTED***'
      }

      at Object.log [as handleSubmit] (src/hooks/useRegistrationForm.ts:317:15)

    console.log
      [2026-02-08T19:37:13.230Z] ❌ API call failed: { status: 409, message: 'Email already exists' }

      at Object.log [as handleSubmit] (src/hooks/useRegistrationForm.ts:343:15)

    console.log
      [2026-02-08T19:37:13.230Z] ========== FORM SUBMISSION ENDED ==========

      at Object.log [as handleSubmit] (src/hooks/useRegistrationForm.ts:376:15)

    console.log
      ✅ preventDefault() called FIRST (stopPropagation also called if available)

      at Object.log [as handleSubmit] (src/hooks/useRegistrationForm.ts:277:13)

    console.log
      [2026-02-08T19:37:13.236Z] ========== FORM SUBMISSION STARTED ==========

      at Object.log [as handleSubmit] (src/hooks/useRegistrationForm.ts:280:13)

    console.log
      [2026-02-08T19:37:13.236Z] Event defaultPrevented: undefined

      at Object.log [as handleSubmit] (src/hooks/useRegistrationForm.ts:281:13)

    console.log
      [2026-02-08T19:37:13.236Z] Event type: undefined

      at Object.log [as handleSubmit] (src/hooks/useRegistrationForm.ts:282:13)

    console.log
      [2026-02-08T19:37:13.236Z] Event target: undefined

      at Object.log [as handleSubmit] (src/hooks/useRegistrationForm.ts:283:13)

    console.log
      [2026-02-08T19:37:13.236Z] Form data: {
        "fullName": "John Doe",
        "email": "test@example.com",
        "password": "Password123!",
        "confirmPassword": "Password123!"
      }

      at Object.log [as handleSubmit] (src/hooks/useRegistrationForm.ts:284:13)

    console.log
      [2026-02-08T19:37:13.236Z] Current errors: {}

      at Object.log [as handleSubmit] (src/hooks/useRegistrationForm.ts:285:13)

    console.log
      [2026-02-08T19:37:13.236Z] Is rate limited: false

      at Object.log [as handleSubmit] (src/hooks/useRegistrationForm.ts:286:13)

    console.log
      [2026-02-08T19:37:13.236Z] Validation result: true

      at Object.log [as handleSubmit] (src/hooks/useRegistrationForm.ts:296:13)

    console.log
      [2026-02-08T19:37:13.236Z] ✅ Validation passed, proceeding with API call

      at Object.log [as handleSubmit] (src/hooks/useRegistrationForm.ts:303:13)

    console.log
      [2026-02-08T19:37:13.236Z] 📡 Calling API client register method

      at Object.log [as handleSubmit] (src/hooks/useRegistrationForm.ts:316:15)

    console.log
      [2026-02-08T19:37:13.236Z] API payload: {
        email: 'test@example.com',
        name: 'John Doe',
        password: '***REDACTED***'
      }

      at Object.log [as handleSubmit] (src/hooks/useRegistrationForm.ts:317:15)

    console.log
      [2026-02-08T19:37:13.236Z] ❌ API call failed: { status: 409, message: 'Email already exists' }

      at Object.log [as handleSubmit] (src/hooks/useRegistrationForm.ts:343:15)

    console.log
      [2026-02-08T19:37:13.236Z] ========== FORM SUBMISSION ENDED ==========

      at Object.log [as handleSubmit] (src/hooks/useRegistrationForm.ts:376:15)

    console.log
      ✅ preventDefault() called FIRST (stopPropagation also called if available)

      at Object.log [as handleSubmit] (src/hooks/useRegistrationForm.ts:277:13)

    console.log
      [2026-02-08T19:37:13.257Z] ========== FORM SUBMISSION STARTED ==========

      at Object.log [as handleSubmit] (src/hooks/useRegistrationForm.ts:280:13)

    console.log
      [2026-02-08T19:37:13.257Z] Event defaultPrevented: undefined

      at Object.log [as handleSubmit] (src/hooks/useRegistrationForm.ts:281:13)

    console.log
      [2026-02-08T19:37:13.257Z] Event type: undefined

      at Object.log [as handleSubmit] (src/hooks/useRegistrationForm.ts:282:13)

    console.log
      [2026-02-08T19:37:13.257Z] Event target: undefined

      at Object.log [as handleSubmit] (src/hooks/useRegistrationForm.ts:283:13)

    console.log
      [2026-02-08T19:37:13.257Z] Form data: {
        "fullName": "John Doe",
        "email": "test@example.com",
        "password": "Password123!",
        "confirmPassword": "Password123!"
      }

      at Object.log [as handleSubmit] (src/hooks/useRegistrationForm.ts:284:13)

    console.log
      [2026-02-08T19:37:13.257Z] Current errors: {}

      at Object.log [as handleSubmit] (src/hooks/useRegistrationForm.ts:285:13)

    console.log
      [2026-02-08T19:37:13.257Z] Is rate limited: false

      at Object.log [as handleSubmit] (src/hooks/useRegistrationForm.ts:286:13)

    console.log
      [2026-02-08T19:37:13.257Z] Validation result: true

      at Object.log [as handleSubmit] (src/hooks/useRegistrationForm.ts:296:13)

    console.log
      [2026-02-08T19:37:13.257Z] ✅ Validation passed, proceeding with API call

      at Object.log [as handleSubmit] (src/hooks/useRegistrationForm.ts:303:13)

    console.log
      [2026-02-08T19:37:13.257Z] 📡 Calling API client register method

      at Object.log [as handleSubmit] (src/hooks/useRegistrationForm.ts:316:15)

    console.log
      [2026-02-08T19:37:13.257Z] API payload: {
        email: 'test@example.com',
        name: 'John Doe',
        password: '***REDACTED***'
      }

      at Object.log [as handleSubmit] (src/hooks/useRegistrationForm.ts:317:15)

    console.log
      [2026-02-08T19:37:13.257Z] ❌ API call failed: { status: 409, message: 'Email already exists' }

      at Object.log [as handleSubmit] (src/hooks/useRegistrationForm.ts:343:15)

    console.log
      [2026-02-08T19:37:13.257Z] ========== FORM SUBMISSION ENDED ==========

      at Object.log [as handleSubmit] (src/hooks/useRegistrationForm.ts:376:15)

    console.log
      ✅ preventDefault() called FIRST (stopPropagation also called if available)

      at Object.log [as handleSubmit] (src/hooks/useRegistrationForm.ts:277:13)

    console.log
      [2026-02-08T19:37:13.284Z] ========== FORM SUBMISSION STARTED ==========

      at Object.log [as handleSubmit] (src/hooks/useRegistrationForm.ts:280:13)

    console.log
      [2026-02-08T19:37:13.284Z] Event defaultPrevented: undefined

      at Object.log [as handleSubmit] (src/hooks/useRegistrationForm.ts:281:13)

    console.log
      [2026-02-08T19:37:13.284Z] Event type: undefined

      at Object.log [as handleSubmit] (src/hooks/useRegistrationForm.ts:282:13)

    console.log
      [2026-02-08T19:37:13.284Z] Event target: undefined

      at Object.log [as handleSubmit] (src/hooks/useRegistrationForm.ts:283:13)

    console.log
      [2026-02-08T19:37:13.284Z] Form data: {
        "fullName": "John Doe",
        "email": "test@example.com",
        "password": "Password123!",
        "confirmPassword": "Password123!"
      }

      at Object.log [as handleSubmit] (src/hooks/useRegistrationForm.ts:284:13)

    console.log
      [2026-02-08T19:37:13.284Z] Current errors: {}

      at Object.log [as handleSubmit] (src/hooks/useRegistrationForm.ts:285:13)

    console.log
      [2026-02-08T19:37:13.284Z] Is rate limited: false

      at Object.log [as handleSubmit] (src/hooks/useRegistrationForm.ts:286:13)

    console.log
      [2026-02-08T19:37:13.284Z] Validation result: true

      at Object.log [as handleSubmit] (src/hooks/useRegistrationForm.ts:296:13)

    console.log
      [2026-02-08T19:37:13.284Z] ✅ Validation passed, proceeding with API call

      at Object.log [as handleSubmit] (src/hooks/useRegistrationForm.ts:303:13)

    console.log
      [2026-02-08T19:37:13.284Z] 📡 Calling API client register method

      at Object.log [as handleSubmit] (src/hooks/useRegistrationForm.ts:316:15)

    console.log
      [2026-02-08T19:37:13.284Z] API payload: {
        email: 'test@example.com',
        name: 'John Doe',
        password: '***REDACTED***'
      }

      at Object.log [as handleSubmit] (src/hooks/useRegistrationForm.ts:317:15)

    console.log
      [2026-02-08T19:37:13.284Z] ❌ API call failed: { status: 409, message: 'Email already exists' }

      at Object.log [as handleSubmit] (src/hooks/useRegistrationForm.ts:343:15)

    console.log
      [2026-02-08T19:37:13.284Z] ========== FORM SUBMISSION ENDED ==========

      at Object.log [as handleSubmit] (src/hooks/useRegistrationForm.ts:376:15)

    console.log
      ✅ preventDefault() called FIRST (stopPropagation also called if available)

      at Object.log [as handleSubmit] (src/hooks/useRegistrationForm.ts:277:13)

    console.log
      [2026-02-08T19:37:13.287Z] ========== FORM SUBMISSION STARTED ==========

      at Object.log [as handleSubmit] (src/hooks/useRegistrationForm.ts:280:13)

    console.log
      [2026-02-08T19:37:13.287Z] Event defaultPrevented: undefined

      at Object.log [as handleSubmit] (src/hooks/useRegistrationForm.ts:281:13)

    console.log
      [2026-02-08T19:37:13.287Z] Event type: undefined

      at Object.log [as handleSubmit] (src/hooks/useRegistrationForm.ts:282:13)

    console.log
      [2026-02-08T19:37:13.287Z] Event target: undefined

      at Object.log [as handleSubmit] (src/hooks/useRegistrationForm.ts:283:13)

    console.log
      [2026-02-08T19:37:13.287Z] Form data: {
        "fullName": "John Doe",
        "email": "test@example.com",
        "password": "Password123!",
        "confirmPassword": "Password123!"
      }

      at Object.log [as handleSubmit] (src/hooks/useRegistrationForm.ts:284:13)

    console.log
      [2026-02-08T19:37:13.287Z] Current errors: {}

      at Object.log [as handleSubmit] (src/hooks/useRegistrationForm.ts:285:13)

    console.log
      [2026-02-08T19:37:13.287Z] Is rate limited: false

      at Object.log [as handleSubmit] (src/hooks/useRegistrationForm.ts:286:13)

    console.log
      [2026-02-08T19:37:13.287Z] Validation result: true

      at Object.log [as handleSubmit] (src/hooks/useRegistrationForm.ts:296:13)

    console.log
      [2026-02-08T19:37:13.287Z] ✅ Validation passed, proceeding with API call

      at Object.log [as handleSubmit] (src/hooks/useRegistrationForm.ts:303:13)

    console.log
      [2026-02-08T19:37:13.287Z] 📡 Calling API client register method

      at Object.log [as handleSubmit] (src/hooks/useRegistrationForm.ts:316:15)

    console.log
      [2026-02-08T19:37:13.287Z] API payload: {
        email: 'test@example.com',
        name: 'John Doe',
        password: '***REDACTED***'
      }

      at Object.log [as handleSubmit] (src/hooks/useRegistrationForm.ts:317:15)

    console.log
      [2026-02-08T19:37:13.287Z] ❌ API call failed: { status: 409, message: 'Email already exists' }

      at Object.log [as handleSubmit] (src/hooks/useRegistrationForm.ts:343:15)

    console.log
      [2026-02-08T19:37:13.287Z] ========== FORM SUBMISSION ENDED ==========

      at Object.log [as handleSubmit] (src/hooks/useRegistrationForm.ts:376:15)

    console.log
      ✅ preventDefault() called FIRST (stopPropagation also called if available)

      at Object.log [as handleSubmit] (src/hooks/useRegistrationForm.ts:277:13)

    console.log
      [2026-02-08T19:37:13.291Z] ========== FORM SUBMISSION STARTED ==========

      at Object.log [as handleSubmit] (src/hooks/useRegistrationForm.ts:280:13)

    console.log
      [2026-02-08T19:37:13.291Z] Event defaultPrevented: undefined

      at Object.log [as handleSubmit] (src/hooks/useRegistrationForm.ts:281:13)

    console.log
      [2026-02-08T19:37:13.291Z] Event type: undefined

      at Object.log [as handleSubmit] (src/hooks/useRegistrationForm.ts:282:13)

    console.log
      [2026-02-08T19:37:13.291Z] Event target: undefined

      at Object.log [as handleSubmit] (src/hooks/useRegistrationForm.ts:283:13)

    console.log
      [2026-02-08T19:37:13.291Z] Form data: {
        "fullName": "John Doe",
        "email": "test@example.com",
        "password": "Password123!",
        "confirmPassword": "Password123!"
      }

      at Object.log [as handleSubmit] (src/hooks/useRegistrationForm.ts:284:13)

    console.log
      [2026-02-08T19:37:13.291Z] Current errors: {}

      at Object.log [as handleSubmit] (src/hooks/useRegistrationForm.ts:285:13)

    console.log
      [2026-02-08T19:37:13.291Z] Is rate limited: false

      at Object.log [as handleSubmit] (src/hooks/useRegistrationForm.ts:286:13)

    console.log
      [2026-02-08T19:37:13.291Z] Validation result: true

      at Object.log [as handleSubmit] (src/hooks/useRegistrationForm.ts:296:13)

    console.log
      [2026-02-08T19:37:13.291Z] ✅ Validation passed, proceeding with API call

      at Object.log [as handleSubmit] (src/hooks/useRegistrationForm.ts:303:13)

    console.log
      [2026-02-08T19:37:13.291Z] 📡 Calling API client register method

      at Object.log [as handleSubmit] (src/hooks/useRegistrationForm.ts:316:15)

    console.log
      [2026-02-08T19:37:13.291Z] API payload: {
        email: 'test@example.com',
        name: 'John Doe',
        password: '***REDACTED***'
      }

      at Object.log [as handleSubmit] (src/hooks/useRegistrationForm.ts:317:15)

    console.log
      [2026-02-08T19:37:13.291Z] ✅ API call successful

      at Object.log [as handleSubmit] (src/hooks/useRegistrationForm.ts:330:15)

    console.log
      [2026-02-08T19:37:13.291Z] ========== FORM SUBMISSION ENDED ==========

      at Object.log [as handleSubmit] (src/hooks/useRegistrationForm.ts:376:15)

    console.log
      ✅ preventDefault() called FIRST (stopPropagation also called if available)

      at Object.log [as handleSubmit] (src/hooks/useRegistrationForm.ts:277:13)

    console.log
      [2026-02-08T19:37:13.295Z] ========== FORM SUBMISSION STARTED ==========

      at Object.log [as handleSubmit] (src/hooks/useRegistrationForm.ts:280:13)

    console.log
      [2026-02-08T19:37:13.295Z] Event defaultPrevented: undefined

      at Object.log [as handleSubmit] (src/hooks/useRegistrationForm.ts:281:13)

    console.log
      [2026-02-08T19:37:13.295Z] Event type: undefined

      at Object.log [as handleSubmit] (src/hooks/useRegistrationForm.ts:282:13)

    console.log
      [2026-02-08T19:37:13.295Z] Event target: undefined

      at Object.log [as handleSubmit] (src/hooks/useRegistrationForm.ts:283:13)

    console.log
      [2026-02-08T19:37:13.295Z] Form data: {
        "fullName": "John Doe",
        "email": "test@example.com",
        "password": "Password123!",
        "confirmPassword": "Password123!"
      }

      at Object.log [as handleSubmit] (src/hooks/useRegistrationForm.ts:284:13)

    console.log
      [2026-02-08T19:37:13.295Z] Current errors: {}

      at Object.log [as handleSubmit] (src/hooks/useRegistrationForm.ts:285:13)

    console.log
      [2026-02-08T19:37:13.295Z] Is rate limited: false

      at Object.log [as handleSubmit] (src/hooks/useRegistrationForm.ts:286:13)

    console.log
      [2026-02-08T19:37:13.295Z] Validation result: true

      at Object.log [as handleSubmit] (src/hooks/useRegistrationForm.ts:296:13)

    console.log
      [2026-02-08T19:37:13.295Z] ✅ Validation passed, proceeding with API call

      at Object.log [as handleSubmit] (src/hooks/useRegistrationForm.ts:303:13)

    console.log
      [2026-02-08T19:37:13.295Z] 📡 Calling API client register method

      at Object.log [as handleSubmit] (src/hooks/useRegistrationForm.ts:316:15)

    console.log
      [2026-02-08T19:37:13.295Z] API payload: {
        email: 'test@example.com',
        name: 'John Doe',
        password: '***REDACTED***'
      }

      at Object.log [as handleSubmit] (src/hooks/useRegistrationForm.ts:317:15)

    console.log
      [2026-02-08T19:37:13.295Z] ❌ API call failed: { status: 409, message: 'Email already exists' }

      at Object.log [as handleSubmit] (src/hooks/useRegistrationForm.ts:343:15)

    console.log
      [2026-02-08T19:37:13.295Z] ========== FORM SUBMISSION ENDED ==========

      at Object.log [as handleSubmit] (src/hooks/useRegistrationForm.ts:376:15)

    console.log
      ✅ preventDefault() called FIRST (stopPropagation also called if available)

      at Object.log [as handleSubmit] (src/hooks/useRegistrationForm.ts:277:13)

    console.log
      [2026-02-08T19:37:13.298Z] ========== FORM SUBMISSION STARTED ==========

      at Object.log [as handleSubmit] (src/hooks/useRegistrationForm.ts:280:13)

    console.log
      [2026-02-08T19:37:13.298Z] Event defaultPrevented: undefined

      at Object.log [as handleSubmit] (src/hooks/useRegistrationForm.ts:281:13)

    console.log
      [2026-02-08T19:37:13.298Z] Event type: undefined

      at Object.log [as handleSubmit] (src/hooks/useRegistrationForm.ts:282:13)

    console.log
      [2026-02-08T19:37:13.298Z] Event target: undefined

      at Object.log [as handleSubmit] (src/hooks/useRegistrationForm.ts:283:13)

    console.log
      [2026-02-08T19:37:13.298Z] Form data: {
        "fullName": "John Doe",
        "email": "test@example.com",
        "password": "Password123!",
        "confirmPassword": "Password123!"
      }

      at Object.log [as handleSubmit] (src/hooks/useRegistrationForm.ts:284:13)

    console.log
      [2026-02-08T19:37:13.298Z] Current errors: {}

      at Object.log [as handleSubmit] (src/hooks/useRegistrationForm.ts:285:13)

    console.log
      [2026-02-08T19:37:13.298Z] Is rate limited: false

      at Object.log [as handleSubmit] (src/hooks/useRegistrationForm.ts:286:13)

    console.log
      [2026-02-08T19:37:13.298Z] Validation result: true

      at Object.log [as handleSubmit] (src/hooks/useRegistrationForm.ts:296:13)

    console.log
      [2026-02-08T19:37:13.298Z] ✅ Validation passed, proceeding with API call

      at Object.log [as handleSubmit] (src/hooks/useRegistrationForm.ts:303:13)

    console.log
      [2026-02-08T19:37:13.298Z] 📡 Calling API client register method

      at Object.log [as handleSubmit] (src/hooks/useRegistrationForm.ts:316:15)

    console.log
      [2026-02-08T19:37:13.298Z] API payload: {
        email: 'test@example.com',
        name: 'John Doe',
        password: '***REDACTED***'
      }

      at Object.log [as handleSubmit] (src/hooks/useRegistrationForm.ts:317:15)

    console.log
      [2026-02-08T19:37:13.298Z] ❌ API call failed: { status: 409, message: 'Email already exists' }

      at Object.log [as handleSubmit] (src/hooks/useRegistrationForm.ts:343:15)

    console.log
      [2026-02-08T19:37:13.298Z] ========== FORM SUBMISSION ENDED ==========

      at Object.log [as handleSubmit] (src/hooks/useRegistrationForm.ts:376:15)

    console.log
      ✅ preventDefault() called FIRST (stopPropagation also called if available)

      at Object.log [as handleSubmit] (src/hooks/useRegistrationForm.ts:277:13)

    console.log
      [2026-02-08T19:37:13.304Z] ========== FORM SUBMISSION STARTED ==========

      at Object.log [as handleSubmit] (src/hooks/useRegistrationForm.ts:280:13)

    console.log
      [2026-02-08T19:37:13.304Z] Event defaultPrevented: undefined

      at Object.log [as handleSubmit] (src/hooks/useRegistrationForm.ts:281:13)

    console.log
      [2026-02-08T19:37:13.304Z] Event type: undefined

      at Object.log [as handleSubmit] (src/hooks/useRegistrationForm.ts:282:13)

    console.log
      [2026-02-08T19:37:13.304Z] Event target: undefined

      at Object.log [as handleSubmit] (src/hooks/useRegistrationForm.ts:283:13)

    console.log
      [2026-02-08T19:37:13.304Z] Form data: {
        "fullName": "John Doe",
        "email": "test@example.com",
        "password": "Password123!",
        "confirmPassword": "Password123!"
      }

      at Object.log [as handleSubmit] (src/hooks/useRegistrationForm.ts:284:13)

    console.log
      [2026-02-08T19:37:13.304Z] Current errors: {}

      at Object.log [as handleSubmit] (src/hooks/useRegistrationForm.ts:285:13)

    console.log
      [2026-02-08T19:37:13.304Z] Is rate limited: false

      at Object.log [as handleSubmit] (src/hooks/useRegistrationForm.ts:286:13)

    console.log
      [2026-02-08T19:37:13.304Z] Validation result: true

      at Object.log [as handleSubmit] (src/hooks/useRegistrationForm.ts:296:13)

    console.log
      [2026-02-08T19:37:13.304Z] ✅ Validation passed, proceeding with API call

      at Object.log [as handleSubmit] (src/hooks/useRegistrationForm.ts:303:13)

    console.log
      [2026-02-08T19:37:13.304Z] 📡 Calling API client register method

      at Object.log [as handleSubmit] (src/hooks/useRegistrationForm.ts:316:15)

    console.log
      [2026-02-08T19:37:13.304Z] API payload: {
        email: 'test@example.com',
        name: 'John Doe',
        password: '***REDACTED***'
      }

      at Object.log [as handleSubmit] (src/hooks/useRegistrationForm.ts:317:15)

    console.log
      [2026-02-08T19:37:13.304Z] ❌ API call failed: { status: 409, message: 'Email already exists' }

      at Object.log [as handleSubmit] (src/hooks/useRegistrationForm.ts:343:15)

    console.log
      [2026-02-08T19:37:13.304Z] ========== FORM SUBMISSION ENDED ==========

      at Object.log [as handleSubmit] (src/hooks/useRegistrationForm.ts:376:15)

    console.log
      ✅ preventDefault() called FIRST (stopPropagation also called if available)

      at Object.log [as handleSubmit] (src/hooks/useRegistrationForm.ts:277:13)

    console.log
      [2026-02-08T19:37:13.308Z] ========== FORM SUBMISSION STARTED ==========

      at Object.log [as handleSubmit] (src/hooks/useRegistrationForm.ts:280:13)

    console.log
      [2026-02-08T19:37:13.308Z] Event defaultPrevented: undefined

      at Object.log [as handleSubmit] (src/hooks/useRegistrationForm.ts:281:13)

    console.log
      [2026-02-08T19:37:13.308Z] Event type: undefined

      at Object.log [as handleSubmit] (src/hooks/useRegistrationForm.ts:282:13)

    console.log
      [2026-02-08T19:37:13.308Z] Event target: undefined

      at Object.log [as handleSubmit] (src/hooks/useRegistrationForm.ts:283:13)

    console.log
      [2026-02-08T19:37:13.308Z] Form data: {
        "fullName": "John Doe",
        "email": "test@example.com",
        "password": "Password123!",
        "confirmPassword": "Password123!"
      }

      at Object.log [as handleSubmit] (src/hooks/useRegistrationForm.ts:284:13)

    console.log
      [2026-02-08T19:37:13.308Z] Current errors: {}

      at Object.log [as handleSubmit] (src/hooks/useRegistrationForm.ts:285:13)

    console.log
      [2026-02-08T19:37:13.308Z] Is rate limited: false

      at Object.log [as handleSubmit] (src/hooks/useRegistrationForm.ts:286:13)

    console.log
      [2026-02-08T19:37:13.308Z] Validation result: true

      at Object.log [as handleSubmit] (src/hooks/useRegistrationForm.ts:296:13)

    console.log
      [2026-02-08T19:37:13.308Z] ✅ Validation passed, proceeding with API call

      at Object.log [as handleSubmit] (src/hooks/useRegistrationForm.ts:303:13)

    console.log
      [2026-02-08T19:37:13.308Z] 📡 Calling API client register method

      at Object.log [as handleSubmit] (src/hooks/useRegistrationForm.ts:316:15)

    console.log
      [2026-02-08T19:37:13.308Z] API payload: {
        email: 'test@example.com',
        name: 'John Doe',
        password: '***REDACTED***'
      }

      at Object.log [as handleSubmit] (src/hooks/useRegistrationForm.ts:317:15)

    console.log
      [2026-02-08T19:37:13.308Z] ✅ API call successful

      at Object.log [as handleSubmit] (src/hooks/useRegistrationForm.ts:330:15)

    console.log
      [2026-02-08T19:37:13.308Z] ========== FORM SUBMISSION ENDED ==========

      at Object.log [as handleSubmit] (src/hooks/useRegistrationForm.ts:376:15)

    console.log
      ✅ preventDefault() called FIRST (stopPropagation also called if available)

      at Object.log [as handleSubmit] (src/hooks/useRegistrationForm.ts:277:13)

    console.log
      [2026-02-08T19:37:13.314Z] ========== FORM SUBMISSION STARTED ==========

      at Object.log [as handleSubmit] (src/hooks/useRegistrationForm.ts:280:13)

    console.log
      [2026-02-08T19:37:13.314Z] Event defaultPrevented: undefined

      at Object.log [as handleSubmit] (src/hooks/useRegistrationForm.ts:281:13)

    console.log
      [2026-02-08T19:37:13.314Z] Event type: undefined

      at Object.log [as handleSubmit] (src/hooks/useRegistrationForm.ts:282:13)

    console.log
      [2026-02-08T19:37:13.314Z] Event target: undefined

      at Object.log [as handleSubmit] (src/hooks/useRegistrationForm.ts:283:13)

    console.log
      [2026-02-08T19:37:13.314Z] Form data: {
        "fullName": "John Doe",
        "email": "test@example.com",
        "password": "Password123!",
        "confirmPassword": "Password123!"
      }

      at Object.log [as handleSubmit] (src/hooks/useRegistrationForm.ts:284:13)

    console.log
      [2026-02-08T19:37:13.314Z] Current errors: {}

      at Object.log [as handleSubmit] (src/hooks/useRegistrationForm.ts:285:13)

    console.log
      [2026-02-08T19:37:13.314Z] Is rate limited: false

      at Object.log [as handleSubmit] (src/hooks/useRegistrationForm.ts:286:13)

    console.log
      [2026-02-08T19:37:13.314Z] Validation result: true

      at Object.log [as handleSubmit] (src/hooks/useRegistrationForm.ts:296:13)

    console.log
      [2026-02-08T19:37:13.314Z] ✅ Validation passed, proceeding with API call

      at Object.log [as handleSubmit] (src/hooks/useRegistrationForm.ts:303:13)

    console.log
      [2026-02-08T19:37:13.314Z] 📡 Calling API client register method

      at Object.log [as handleSubmit] (src/hooks/useRegistrationForm.ts:316:15)

    console.log
      [2026-02-08T19:37:13.314Z] API payload: {
        email: 'test@example.com',
        name: 'John Doe',
        password: '***REDACTED***'
      }

      at Object.log [as handleSubmit] (src/hooks/useRegistrationForm.ts:317:15)

    console.log
      [2026-02-08T19:37:13.314Z] ✅ API call successful

      at Object.log [as handleSubmit] (src/hooks/useRegistrationForm.ts:330:15)

    console.log
      [2026-02-08T19:37:13.314Z] ========== FORM SUBMISSION ENDED ==========

      at Object.log [as handleSubmit] (src/hooks/useRegistrationForm.ts:376:15)

    console.log
      ✅ preventDefault() called FIRST (stopPropagation also called if available)

      at Object.log [as handleSubmit] (src/hooks/useRegistrationForm.ts:277:13)

    console.log
      [2026-02-08T19:37:13.318Z] ========== FORM SUBMISSION STARTED ==========

      at Object.log [as handleSubmit] (src/hooks/useRegistrationForm.ts:280:13)

    console.log
      [2026-02-08T19:37:13.318Z] Event defaultPrevented: undefined

      at Object.log [as handleSubmit] (src/hooks/useRegistrationForm.ts:281:13)

    console.log
      [2026-02-08T19:37:13.318Z] Event type: undefined

      at Object.log [as handleSubmit] (src/hooks/useRegistrationForm.ts:282:13)

    console.log
      [2026-02-08T19:37:13.318Z] Event target: undefined

      at Object.log [as handleSubmit] (src/hooks/useRegistrationForm.ts:283:13)

    console.log
      [2026-02-08T19:37:13.318Z] Form data: {
        "fullName": "John Doe",
        "email": "test@example.com",
        "password": "Password123!",
        "confirmPassword": "Password123!"
      }

      at Object.log [as handleSubmit] (src/hooks/useRegistrationForm.ts:284:13)

    console.log
      [2026-02-08T19:37:13.318Z] Current errors: {}

      at Object.log [as handleSubmit] (src/hooks/useRegistrationForm.ts:285:13)

    console.log
      [2026-02-08T19:37:13.318Z] Is rate limited: false

      at Object.log [as handleSubmit] (src/hooks/useRegistrationForm.ts:286:13)

    console.log
      [2026-02-08T19:37:13.318Z] Validation result: true

      at Object.log [as handleSubmit] (src/hooks/useRegistrationForm.ts:296:13)

    console.log
      [2026-02-08T19:37:13.318Z] ✅ Validation passed, proceeding with API call

      at Object.log [as handleSubmit] (src/hooks/useRegistrationForm.ts:303:13)

    console.log
      [2026-02-08T19:37:13.318Z] 📡 Calling API client register method

      at Object.log [as handleSubmit] (src/hooks/useRegistrationForm.ts:316:15)

    console.log
      [2026-02-08T19:37:13.318Z] API payload: {
        email: 'test@example.com',
        name: 'John Doe',
        password: '***REDACTED***'
      }

      at Object.log [as handleSubmit] (src/hooks/useRegistrationForm.ts:317:15)

    console.log
      [2026-02-08T19:37:13.318Z] ❌ API call failed: { status: 409, message: 'Email already exists' }

      at Object.log [as handleSubmit] (src/hooks/useRegistrationForm.ts:343:15)

    console.log
      [2026-02-08T19:37:13.318Z] ========== FORM SUBMISSION ENDED ==========

      at Object.log [as handleSubmit] (src/hooks/useRegistrationForm.ts:376:15)

    console.log
      ✅ preventDefault() called FIRST (stopPropagation also called if available)

      at Object.log [as handleSubmit] (src/hooks/useRegistrationForm.ts:277:13)

    console.log
      [2026-02-08T19:37:13.329Z] ========== FORM SUBMISSION STARTED ==========

      at Object.log [as handleSubmit] (src/hooks/useRegistrationForm.ts:280:13)

    console.log
      [2026-02-08T19:37:13.329Z] Event defaultPrevented: undefined

      at Object.log [as handleSubmit] (src/hooks/useRegistrationForm.ts:281:13)

    console.log
      [2026-02-08T19:37:13.329Z] Event type: undefined

      at Object.log [as handleSubmit] (src/hooks/useRegistrationForm.ts:282:13)

    console.log
      [2026-02-08T19:37:13.329Z] Event target: undefined

      at Object.log [as handleSubmit] (src/hooks/useRegistrationForm.ts:283:13)

    console.log
      [2026-02-08T19:37:13.329Z] Form data: {
        "fullName": "John Doe",
        "email": "test@example.com",
        "password": "Password123!",
        "confirmPassword": "Password123!"
      }

      at Object.log [as handleSubmit] (src/hooks/useRegistrationForm.ts:284:13)

    console.log
      [2026-02-08T19:37:13.329Z] Current errors: {}

      at Object.log [as handleSubmit] (src/hooks/useRegistrationForm.ts:285:13)

    console.log
      [2026-02-08T19:37:13.329Z] Is rate limited: false

      at Object.log [as handleSubmit] (src/hooks/useRegistrationForm.ts:286:13)

    console.log
      [2026-02-08T19:37:13.329Z] Validation result: true

      at Object.log [as handleSubmit] (src/hooks/useRegistrationForm.ts:296:13)

    console.log
      [2026-02-08T19:37:13.329Z] ✅ Validation passed, proceeding with API call

      at Object.log [as handleSubmit] (src/hooks/useRegistrationForm.ts:303:13)

    console.log
      [2026-02-08T19:37:13.329Z] 📡 Calling API client register method

      at Object.log [as handleSubmit] (src/hooks/useRegistrationForm.ts:316:15)

    console.log
      [2026-02-08T19:37:13.329Z] API payload: {
        email: 'test@example.com',
        name: 'John Doe',
        password: '***REDACTED***'
      }

      at Object.log [as handleSubmit] (src/hooks/useRegistrationForm.ts:317:15)

    console.log
      [2026-02-08T19:37:13.329Z] ❌ API call failed: { status: 409, message: 'Email already exists' }

      at Object.log [as handleSubmit] (src/hooks/useRegistrationForm.ts:343:15)

    console.log
      [2026-02-08T19:37:13.329Z] ========== FORM SUBMISSION ENDED ==========

      at Object.log [as handleSubmit] (src/hooks/useRegistrationForm.ts:376:15)

    console.log
      ✅ preventDefault() called FIRST (stopPropagation also called if available)

      at Object.log [as handleSubmit] (src/hooks/useRegistrationForm.ts:277:13)

    console.log
      [2026-02-08T19:37:13.338Z] ========== FORM SUBMISSION STARTED ==========

      at Object.log [as handleSubmit] (src/hooks/useRegistrationForm.ts:280:13)

    console.log
      [2026-02-08T19:37:13.338Z] Event defaultPrevented: undefined

      at Object.log [as handleSubmit] (src/hooks/useRegistrationForm.ts:281:13)

    console.log
      [2026-02-08T19:37:13.338Z] Event type: undefined

      at Object.log [as handleSubmit] (src/hooks/useRegistrationForm.ts:282:13)

    console.log
      [2026-02-08T19:37:13.338Z] Event target: undefined

      at Object.log [as handleSubmit] (src/hooks/useRegistrationForm.ts:283:13)

    console.log
      [2026-02-08T19:37:13.338Z] Form data: {
        "fullName": "John Doe",
        "email": "test@example.com",
        "password": "Password123!",
        "confirmPassword": "Password123!"
      }

      at Object.log [as handleSubmit] (src/hooks/useRegistrationForm.ts:284:13)

    console.log
      [2026-02-08T19:37:13.338Z] Current errors: {}

      at Object.log [as handleSubmit] (src/hooks/useRegistrationForm.ts:285:13)

    console.log
      [2026-02-08T19:37:13.338Z] Is rate limited: false

      at Object.log [as handleSubmit] (src/hooks/useRegistrationForm.ts:286:13)

    console.log
      [2026-02-08T19:37:13.338Z] Validation result: true

      at Object.log [as handleSubmit] (src/hooks/useRegistrationForm.ts:296:13)

    console.log
      [2026-02-08T19:37:13.338Z] ✅ Validation passed, proceeding with API call

      at Object.log [as handleSubmit] (src/hooks/useRegistrationForm.ts:303:13)

    console.log
      [2026-02-08T19:37:13.338Z] 📡 Calling API client register method

      at Object.log [as handleSubmit] (src/hooks/useRegistrationForm.ts:316:15)

    console.log
      [2026-02-08T19:37:13.338Z] API payload: {
        email: 'test@example.com',
        name: 'John Doe',
        password: '***REDACTED***'
      }

      at Object.log [as handleSubmit] (src/hooks/useRegistrationForm.ts:317:15)

    console.log
      [2026-02-08T19:37:13.338Z] ❌ API call failed: { status: 409, message: 'Email already exists' }

      at Object.log [as handleSubmit] (src/hooks/useRegistrationForm.ts:343:15)

    console.log
      [2026-02-08T19:37:13.338Z] ========== FORM SUBMISSION ENDED ==========

      at Object.log [as handleSubmit] (src/hooks/useRegistrationForm.ts:376:15)

    console.log
      ✅ preventDefault() called FIRST (stopPropagation also called if available)

      at Object.log [as handleSubmit] (src/hooks/useRegistrationForm.ts:277:13)

    console.log
      [2026-02-08T19:37:13.343Z] ========== FORM SUBMISSION STARTED ==========

      at Object.log [as handleSubmit] (src/hooks/useRegistrationForm.ts:280:13)

    console.log
      [2026-02-08T19:37:13.343Z] Event defaultPrevented: undefined

      at Object.log [as handleSubmit] (src/hooks/useRegistrationForm.ts:281:13)

    console.log
      [2026-02-08T19:37:13.343Z] Event type: undefined

      at Object.log [as handleSubmit] (src/hooks/useRegistrationForm.ts:282:13)

    console.log
      [2026-02-08T19:37:13.343Z] Event target: undefined

      at Object.log [as handleSubmit] (src/hooks/useRegistrationForm.ts:283:13)

    console.log
      [2026-02-08T19:37:13.343Z] Form data: {
        "fullName": "John Doe",
        "email": "test@example.com",
        "password": "Password123!",
        "confirmPassword": "Password123!"
      }

      at Object.log [as handleSubmit] (src/hooks/useRegistrationForm.ts:284:13)

    console.log
      [2026-02-08T19:37:13.343Z] Current errors: {}

      at Object.log [as handleSubmit] (src/hooks/useRegistrationForm.ts:285:13)

    console.log
      [2026-02-08T19:37:13.343Z] Is rate limited: true

      at Object.log [as handleSubmit] (src/hooks/useRegistrationForm.ts:286:13)

    console.log
      [2026-02-08T19:37:13.343Z] ❌ Form submission blocked: rate limit active

      at Object.log [as handleSubmit] (src/hooks/useRegistrationForm.ts:290:15)

    console.log
      ✅ preventDefault() called FIRST (stopPropagation also called if available)

      at Object.log [as handleSubmit] (src/hooks/useRegistrationForm.ts:277:13)

    console.log
      [2026-02-08T19:37:13.348Z] ========== FORM SUBMISSION STARTED ==========

      at Object.log [as handleSubmit] (src/hooks/useRegistrationForm.ts:280:13)

    console.log
      [2026-02-08T19:37:13.348Z] Event defaultPrevented: undefined

      at Object.log [as handleSubmit] (src/hooks/useRegistrationForm.ts:281:13)

    console.log
      [2026-02-08T19:37:13.348Z] Event type: undefined

      at Object.log [as handleSubmit] (src/hooks/useRegistrationForm.ts:282:13)

    console.log
      [2026-02-08T19:37:13.348Z] Event target: undefined

      at Object.log [as handleSubmit] (src/hooks/useRegistrationForm.ts:283:13)

    console.log
      [2026-02-08T19:37:13.348Z] Form data: {
        "fullName": "John Doe",
        "email": "test@example.com",
        "password": "Password123!",
        "confirmPassword": "Password123!"
      }

      at Object.log [as handleSubmit] (src/hooks/useRegistrationForm.ts:284:13)

    console.log
      [2026-02-08T19:37:13.348Z] Current errors: {}

      at Object.log [as handleSubmit] (src/hooks/useRegistrationForm.ts:285:13)

    console.log
      [2026-02-08T19:37:13.348Z] Is rate limited: true

      at Object.log [as handleSubmit] (src/hooks/useRegistrationForm.ts:286:13)

    console.log
      [2026-02-08T19:37:13.348Z] ❌ Form submission blocked: rate limit active

      at Object.log [as handleSubmit] (src/hooks/useRegistrationForm.ts:290:15)

    console.log
      ✅ preventDefault() called FIRST (stopPropagation also called if available)

      at Object.log [as handleSubmit] (src/hooks/useRegistrationForm.ts:277:13)

    console.log
      [2026-02-08T19:37:13.350Z] ========== FORM SUBMISSION STARTED ==========

      at Object.log [as handleSubmit] (src/hooks/useRegistrationForm.ts:280:13)

    console.log
      [2026-02-08T19:37:13.350Z] Event defaultPrevented: undefined

      at Object.log [as handleSubmit] (src/hooks/useRegistrationForm.ts:281:13)

    console.log
      [2026-02-08T19:37:13.350Z] Event type: undefined

      at Object.log [as handleSubmit] (src/hooks/useRegistrationForm.ts:282:13)

    console.log
      [2026-02-08T19:37:13.350Z] Event target: undefined

      at Object.log [as handleSubmit] (src/hooks/useRegistrationForm.ts:283:13)

    console.log
      [2026-02-08T19:37:13.350Z] Form data: {
        "fullName": "John Doe",
        "email": "test@example.com",
        "password": "Password123!",
        "confirmPassword": "Password123!"
      }

      at Object.log [as handleSubmit] (src/hooks/useRegistrationForm.ts:284:13)

    console.log
      [2026-02-08T19:37:13.350Z] Current errors: {}

      at Object.log [as handleSubmit] (src/hooks/useRegistrationForm.ts:285:13)

    console.log
      [2026-02-08T19:37:13.350Z] Is rate limited: true

      at Object.log [as handleSubmit] (src/hooks/useRegistrationForm.ts:286:13)

    console.log
      [2026-02-08T19:37:13.350Z] ❌ Form submission blocked: rate limit active

      at Object.log [as handleSubmit] (src/hooks/useRegistrationForm.ts:290:15)

    console.log
      ✅ preventDefault() called FIRST (stopPropagation also called if available)

      at Object.log [as handleSubmit] (src/hooks/useRegistrationForm.ts:277:13)

    console.log
      [2026-02-08T19:37:13.352Z] ========== FORM SUBMISSION STARTED ==========

      at Object.log [as handleSubmit] (src/hooks/useRegistrationForm.ts:280:13)

    console.log
      [2026-02-08T19:37:13.352Z] Event defaultPrevented: undefined

      at Object.log [as handleSubmit] (src/hooks/useRegistrationForm.ts:281:13)

    console.log
      [2026-02-08T19:37:13.352Z] Event type: undefined

      at Object.log [as handleSubmit] (src/hooks/useRegistrationForm.ts:282:13)

    console.log
      [2026-02-08T19:37:13.352Z] Event target: undefined

      at Object.log [as handleSubmit] (src/hooks/useRegistrationForm.ts:283:13)

    console.log
      [2026-02-08T19:37:13.352Z] Form data: {
        "fullName": "John Doe",
        "email": "test@example.com",
        "password": "Password123!",
        "confirmPassword": "Password123!"
      }

      at Object.log [as handleSubmit] (src/hooks/useRegistrationForm.ts:284:13)

    console.log
      [2026-02-08T19:37:13.352Z] Current errors: {}

      at Object.log [as handleSubmit] (src/hooks/useRegistrationForm.ts:285:13)

    console.log
      [2026-02-08T19:37:13.352Z] Is rate limited: true

      at Object.log [as handleSubmit] (src/hooks/useRegistrationForm.ts:286:13)

    console.log
      [2026-02-08T19:37:13.352Z] ❌ Form submission blocked: rate limit active

      at Object.log [as handleSubmit] (src/hooks/useRegistrationForm.ts:290:15)

    console.log
      ✅ preventDefault() called FIRST (stopPropagation also called if available)

      at Object.log [as handleSubmit] (src/hooks/useRegistrationForm.ts:277:13)

    console.log
      [2026-02-08T19:37:13.361Z] ========== FORM SUBMISSION STARTED ==========

      at Object.log [as handleSubmit] (src/hooks/useRegistrationForm.ts:280:13)

    console.log
      [2026-02-08T19:37:13.361Z] Event defaultPrevented: undefined

      at Object.log [as handleSubmit] (src/hooks/useRegistrationForm.ts:281:13)

    console.log
      [2026-02-08T19:37:13.361Z] Event type: undefined

      at Object.log [as handleSubmit] (src/hooks/useRegistrationForm.ts:282:13)

    console.log
      [2026-02-08T19:37:13.361Z] Event target: undefined

      at Object.log [as handleSubmit] (src/hooks/useRegistrationForm.ts:283:13)

    console.log
      [2026-02-08T19:37:13.361Z] Form data: {
        "fullName": "John Doe",
        "email": "test@example.com",
        "password": "Password123!",
        "confirmPassword": "Password123!"
      }

      at Object.log [as handleSubmit] (src/hooks/useRegistrationForm.ts:284:13)

    console.log
      [2026-02-08T19:37:13.361Z] Current errors: {}

      at Object.log [as handleSubmit] (src/hooks/useRegistrationForm.ts:285:13)

    console.log
      [2026-02-08T19:37:13.361Z] Is rate limited: false

      at Object.log [as handleSubmit] (src/hooks/useRegistrationForm.ts:286:13)

    console.log
      [2026-02-08T19:37:13.361Z] Validation result: true

      at Object.log [as handleSubmit] (src/hooks/useRegistrationForm.ts:296:13)

    console.log
      [2026-02-08T19:37:13.361Z] ✅ Validation passed, proceeding with API call

      at Object.log [as handleSubmit] (src/hooks/useRegistrationForm.ts:303:13)

    console.log
      [2026-02-08T19:37:13.361Z] 📡 Calling API client register method

      at Object.log [as handleSubmit] (src/hooks/useRegistrationForm.ts:316:15)

    console.log
      [2026-02-08T19:37:13.361Z] API payload: {
        email: 'test@example.com',
        name: 'John Doe',
        password: '***REDACTED***'
      }

      at Object.log [as handleSubmit] (src/hooks/useRegistrationForm.ts:317:15)

    console.log
      [2026-02-08T19:37:13.361Z] ❌ API call failed: { status: 409, message: 'Email already exists' }

      at Object.log [as handleSubmit] (src/hooks/useRegistrationForm.ts:343:15)

    console.log
      [2026-02-08T19:37:13.361Z] ========== FORM SUBMISSION ENDED ==========

      at Object.log [as handleSubmit] (src/hooks/useRegistrationForm.ts:376:15)

    console.log
      ✅ preventDefault() called FIRST (stopPropagation also called if available)

      at Object.log [as handleSubmit] (src/hooks/useRegistrationForm.ts:277:13)

    console.log
      [2026-02-08T19:37:13.371Z] ========== FORM SUBMISSION STARTED ==========

      at Object.log [as handleSubmit] (src/hooks/useRegistrationForm.ts:280:13)

    console.log
      [2026-02-08T19:37:13.371Z] Event defaultPrevented: undefined

      at Object.log [as handleSubmit] (src/hooks/useRegistrationForm.ts:281:13)

    console.log
      [2026-02-08T19:37:13.371Z] Event type: undefined

      at Object.log [as handleSubmit] (src/hooks/useRegistrationForm.ts:282:13)

    console.log
      [2026-02-08T19:37:13.371Z] Event target: undefined

      at Object.log [as handleSubmit] (src/hooks/useRegistrationForm.ts:283:13)

    console.log
      [2026-02-08T19:37:13.371Z] Form data: {
        "fullName": "John Doe",
        "email": "test@example.com",
        "password": "Password123!",
        "confirmPassword": "Password123!"
      }

      at Object.log [as handleSubmit] (src/hooks/useRegistrationForm.ts:284:13)

    console.log
      [2026-02-08T19:37:13.371Z] Current errors: {}

      at Object.log [as handleSubmit] (src/hooks/useRegistrationForm.ts:285:13)

    console.log
      [2026-02-08T19:37:13.371Z] Is rate limited: false

      at Object.log [as handleSubmit] (src/hooks/useRegistrationForm.ts:286:13)

    console.log
      [2026-02-08T19:37:13.371Z] Validation result: true

      at Object.log [as handleSubmit] (src/hooks/useRegistrationForm.ts:296:13)

    console.log
      [2026-02-08T19:37:13.371Z] ✅ Validation passed, proceeding with API call

      at Object.log [as handleSubmit] (src/hooks/useRegistrationForm.ts:303:13)

    console.log
      [2026-02-08T19:37:13.371Z] 📡 Calling API client register method

      at Object.log [as handleSubmit] (src/hooks/useRegistrationForm.ts:316:15)

    console.log
      [2026-02-08T19:37:13.371Z] API payload: {
        email: 'test@example.com',
        name: 'John Doe',
        password: '***REDACTED***'
      }

      at Object.log [as handleSubmit] (src/hooks/useRegistrationForm.ts:317:15)

    console.log
      [2026-02-08T19:37:13.371Z] ❌ API call failed: { status: 409, message: 'Email already exists' }

      at Object.log [as handleSubmit] (src/hooks/useRegistrationForm.ts:343:15)

    console.log
      [2026-02-08T19:37:13.371Z] ========== FORM SUBMISSION ENDED ==========

      at Object.log [as handleSubmit] (src/hooks/useRegistrationForm.ts:376:15)

    console.log
      ✅ preventDefault() called FIRST (stopPropagation also called if available)

      at Object.log [as handleSubmit] (src/hooks/useRegistrationForm.ts:277:13)

    console.log
      [2026-02-08T19:37:13.376Z] ========== FORM SUBMISSION STARTED ==========

      at Object.log [as handleSubmit] (src/hooks/useRegistrationForm.ts:280:13)

    console.log
      [2026-02-08T19:37:13.376Z] Event defaultPrevented: undefined

      at Object.log [as handleSubmit] (src/hooks/useRegistrationForm.ts:281:13)

    console.log
      [2026-02-08T19:37:13.376Z] Event type: undefined

      at Object.log [as handleSubmit] (src/hooks/useRegistrationForm.ts:282:13)

    console.log
      [2026-02-08T19:37:13.376Z] Event target: undefined

      at Object.log [as handleSubmit] (src/hooks/useRegistrationForm.ts:283:13)

    console.log
      [2026-02-08T19:37:13.376Z] Form data: {
        "fullName": "John Doe",
        "email": "test@example.com",
        "password": "Password123!",
        "confirmPassword": "Password123!"
      }

      at Object.log [as handleSubmit] (src/hooks/useRegistrationForm.ts:284:13)

    console.log
      [2026-02-08T19:37:13.376Z] Current errors: {}

      at Object.log [as handleSubmit] (src/hooks/useRegistrationForm.ts:285:13)

    console.log
      [2026-02-08T19:37:13.376Z] Is rate limited: false

      at Object.log [as handleSubmit] (src/hooks/useRegistrationForm.ts:286:13)

    console.log
      [2026-02-08T19:37:13.376Z] Validation result: true

      at Object.log [as handleSubmit] (src/hooks/useRegistrationForm.ts:296:13)

    console.log
      [2026-02-08T19:37:13.376Z] ✅ Validation passed, proceeding with API call

      at Object.log [as handleSubmit] (src/hooks/useRegistrationForm.ts:303:13)

    console.log
      [2026-02-08T19:37:13.376Z] 📡 Calling API client register method

      at Object.log [as handleSubmit] (src/hooks/useRegistrationForm.ts:316:15)

    console.log
      [2026-02-08T19:37:13.376Z] API payload: {
        email: 'test@example.com',
        name: 'John Doe',
        password: '***REDACTED***'
      }

      at Object.log [as handleSubmit] (src/hooks/useRegistrationForm.ts:317:15)

    console.log
      [2026-02-08T19:37:13.376Z] ❌ API call failed: { status: 409, message: 'Email already exists' }

      at Object.log [as handleSubmit] (src/hooks/useRegistrationForm.ts:343:15)

    console.log
      [2026-02-08T19:37:13.376Z] ========== FORM SUBMISSION ENDED ==========

      at Object.log [as handleSubmit] (src/hooks/useRegistrationForm.ts:376:15)

    console.log
      ✅ preventDefault() called FIRST (stopPropagation also called if available)

      at Object.log [as handleSubmit] (src/hooks/useRegistrationForm.ts:277:13)

    console.log
      [2026-02-08T19:37:13.382Z] ========== FORM SUBMISSION STARTED ==========

      at Object.log [as handleSubmit] (src/hooks/useRegistrationForm.ts:280:13)

    console.log
      [2026-02-08T19:37:13.382Z] Event defaultPrevented: undefined

      at Object.log [as handleSubmit] (src/hooks/useRegistrationForm.ts:281:13)

    console.log
      [2026-02-08T19:37:13.382Z] Event type: undefined

      at Object.log [as handleSubmit] (src/hooks/useRegistrationForm.ts:282:13)

    console.log
      [2026-02-08T19:37:13.382Z] Event target: undefined

      at Object.log [as handleSubmit] (src/hooks/useRegistrationForm.ts:283:13)

    console.log
      [2026-02-08T19:37:13.382Z] Form data: {
        "fullName": "John Doe",
        "email": "test@example.com",
        "password": "Password123!",
        "confirmPassword": "Password123!"
      }

      at Object.log [as handleSubmit] (src/hooks/useRegistrationForm.ts:284:13)

    console.log
      [2026-02-08T19:37:13.382Z] Current errors: {}

      at Object.log [as handleSubmit] (src/hooks/useRegistrationForm.ts:285:13)

    console.log
      [2026-02-08T19:37:13.382Z] Is rate limited: false

      at Object.log [as handleSubmit] (src/hooks/useRegistrationForm.ts:286:13)

    console.log
      [2026-02-08T19:37:13.382Z] Validation result: true

      at Object.log [as handleSubmit] (src/hooks/useRegistrationForm.ts:296:13)

    console.log
      [2026-02-08T19:37:13.382Z] ✅ Validation passed, proceeding with API call

      at Object.log [as handleSubmit] (src/hooks/useRegistrationForm.ts:303:13)

    console.log
      [2026-02-08T19:37:13.382Z] 📡 Calling API client register method

      at Object.log [as handleSubmit] (src/hooks/useRegistrationForm.ts:316:15)

    console.log
      [2026-02-08T19:37:13.382Z] API payload: {
        email: 'test@example.com',
        name: 'John Doe',
        password: '***REDACTED***'
      }

      at Object.log [as handleSubmit] (src/hooks/useRegistrationForm.ts:317:15)

    console.log
      [2026-02-08T19:37:13.382Z] ❌ API call failed: { status: 409, message: 'Email already exists' }

      at Object.log [as handleSubmit] (src/hooks/useRegistrationForm.ts:343:15)

    console.log
      [2026-02-08T19:37:13.382Z] ========== FORM SUBMISSION ENDED ==========

      at Object.log [as handleSubmit] (src/hooks/useRegistrationForm.ts:376:15)

    console.log
      ✅ preventDefault() called FIRST (stopPropagation also called if available)

      at Object.log [as handleSubmit] (src/hooks/useRegistrationForm.ts:277:13)

    console.log
      [2026-02-08T19:37:13.389Z] ========== FORM SUBMISSION STARTED ==========

      at Object.log [as handleSubmit] (src/hooks/useRegistrationForm.ts:280:13)

    console.log
      [2026-02-08T19:37:13.389Z] Event defaultPrevented: undefined

      at Object.log [as handleSubmit] (src/hooks/useRegistrationForm.ts:281:13)

    console.log
      [2026-02-08T19:37:13.389Z] Event type: undefined

      at Object.log [as handleSubmit] (src/hooks/useRegistrationForm.ts:282:13)

    console.log
      [2026-02-08T19:37:13.389Z] Event target: undefined

      at Object.log [as handleSubmit] (src/hooks/useRegistrationForm.ts:283:13)

    console.log
      [2026-02-08T19:37:13.389Z] Form data: {
        "fullName": "John Doe",
        "email": "test@example.com",
        "password": "Password123!",
        "confirmPassword": "Password123!"
      }

      at Object.log [as handleSubmit] (src/hooks/useRegistrationForm.ts:284:13)

    console.log
      [2026-02-08T19:37:13.389Z] Current errors: {}

      at Object.log [as handleSubmit] (src/hooks/useRegistrationForm.ts:285:13)

    console.log
      [2026-02-08T19:37:13.389Z] Is rate limited: false

      at Object.log [as handleSubmit] (src/hooks/useRegistrationForm.ts:286:13)

    console.log
      [2026-02-08T19:37:13.389Z] Validation result: true

      at Object.log [as handleSubmit] (src/hooks/useRegistrationForm.ts:296:13)

    console.log
      [2026-02-08T19:37:13.389Z] ✅ Validation passed, proceeding with API call

      at Object.log [as handleSubmit] (src/hooks/useRegistrationForm.ts:303:13)

    console.log
      [2026-02-08T19:37:13.389Z] 📡 Calling API client register method

      at Object.log [as handleSubmit] (src/hooks/useRegistrationForm.ts:316:15)

    console.log
      [2026-02-08T19:37:13.389Z] API payload: {
        email: 'test@example.com',
        name: 'John Doe',
        password: '***REDACTED***'
      }

      at Object.log [as handleSubmit] (src/hooks/useRegistrationForm.ts:317:15)

    console.log
      [2026-02-08T19:37:13.389Z] ✅ API call successful

      at Object.log [as handleSubmit] (src/hooks/useRegistrationForm.ts:330:15)

    console.log
      [2026-02-08T19:37:13.389Z] ========== FORM SUBMISSION ENDED ==========

      at Object.log [as handleSubmit] (src/hooks/useRegistrationForm.ts:376:15)

    console.log
      ✅ preventDefault() called FIRST (stopPropagation also called if available)

      at Object.log [as handleSubmit] (src/hooks/useRegistrationForm.ts:277:13)

    console.log
      [2026-02-08T19:37:13.402Z] ========== FORM SUBMISSION STARTED ==========

      at Object.log [as handleSubmit] (src/hooks/useRegistrationForm.ts:280:13)

    console.log
      [2026-02-08T19:37:13.402Z] Event defaultPrevented: undefined

      at Object.log [as handleSubmit] (src/hooks/useRegistrationForm.ts:281:13)

    console.log
      [2026-02-08T19:37:13.402Z] Event type: undefined

      at Object.log [as handleSubmit] (src/hooks/useRegistrationForm.ts:282:13)

    console.log
      [2026-02-08T19:37:13.402Z] Event target: undefined

      at Object.log [as handleSubmit] (src/hooks/useRegistrationForm.ts:283:13)

    console.log
      [2026-02-08T19:37:13.402Z] Form data: {
        "fullName": "John Doe",
        "email": "test@example.com",
        "password": "Password123!",
        "confirmPassword": "Password123!"
      }

      at Object.log [as handleSubmit] (src/hooks/useRegistrationForm.ts:284:13)

    console.log
      [2026-02-08T19:37:13.402Z] Current errors: {}

      at Object.log [as handleSubmit] (src/hooks/useRegistrationForm.ts:285:13)

    console.log
      [2026-02-08T19:37:13.402Z] Is rate limited: true

      at Object.log [as handleSubmit] (src/hooks/useRegistrationForm.ts:286:13)

    console.log
      [2026-02-08T19:37:13.402Z] ❌ Form submission blocked: rate limit active

      at Object.log [as handleSubmit] (src/hooks/useRegistrationForm.ts:290:15)

    console.log
      ✅ preventDefault() called FIRST (stopPropagation also called if available)

      at Object.log [as handleSubmit] (src/hooks/useRegistrationForm.ts:277:13)

    console.log
      [2026-02-08T19:37:13.403Z] ========== FORM SUBMISSION STARTED ==========

      at Object.log [as handleSubmit] (src/hooks/useRegistrationForm.ts:280:13)

    console.log
      [2026-02-08T19:37:13.403Z] Event defaultPrevented: undefined

      at Object.log [as handleSubmit] (src/hooks/useRegistrationForm.ts:281:13)

    console.log
      [2026-02-08T19:37:13.403Z] Event type: undefined

      at Object.log [as handleSubmit] (src/hooks/useRegistrationForm.ts:282:13)

    console.log
      [2026-02-08T19:37:13.403Z] Event target: undefined

      at Object.log [as handleSubmit] (src/hooks/useRegistrationForm.ts:283:13)

    console.log
      [2026-02-08T19:37:13.403Z] Form data: {
        "fullName": "John Doe",
        "email": "test@example.com",
        "password": "Password123!",
        "confirmPassword": "Password123!"
      }

      at Object.log [as handleSubmit] (src/hooks/useRegistrationForm.ts:284:13)

    console.log
      [2026-02-08T19:37:13.403Z] Current errors: {}

      at Object.log [as handleSubmit] (src/hooks/useRegistrationForm.ts:285:13)

    console.log
      [2026-02-08T19:37:13.403Z] Is rate limited: true

      at Object.log [as handleSubmit] (src/hooks/useRegistrationForm.ts:286:13)

    console.log
      [2026-02-08T19:37:13.403Z] ❌ Form submission blocked: rate limit active

      at Object.log [as handleSubmit] (src/hooks/useRegistrationForm.ts:290:15)

    console.log
      ✅ preventDefault() called FIRST (stopPropagation also called if available)

      at Object.log [as handleSubmit] (src/hooks/useRegistrationForm.ts:277:13)

    console.log
      [2026-02-08T19:37:13.417Z] ========== FORM SUBMISSION STARTED ==========

      at Object.log [as handleSubmit] (src/hooks/useRegistrationForm.ts:280:13)

    console.log
      [2026-02-08T19:37:13.417Z] Event defaultPrevented: undefined

      at Object.log [as handleSubmit] (src/hooks/useRegistrationForm.ts:281:13)

    console.log
      [2026-02-08T19:37:13.417Z] Event type: undefined

      at Object.log [as handleSubmit] (src/hooks/useRegistrationForm.ts:282:13)

    console.log
      [2026-02-08T19:37:13.417Z] Event target: undefined

      at Object.log [as handleSubmit] (src/hooks/useRegistrationForm.ts:283:13)

    console.log
      [2026-02-08T19:37:13.417Z] Form data: {
        "fullName": "John Doe",
        "email": "test@example.com",
        "password": "Password123!",
        "confirmPassword": "Password123!"
      }

      at Object.log [as handleSubmit] (src/hooks/useRegistrationForm.ts:284:13)

    console.log
      [2026-02-08T19:37:13.417Z] Current errors: {}

      at Object.log [as handleSubmit] (src/hooks/useRegistrationForm.ts:285:13)

    console.log
      [2026-02-08T19:37:13.417Z] Is rate limited: true

      at Object.log [as handleSubmit] (src/hooks/useRegistrationForm.ts:286:13)

    console.log
      [2026-02-08T19:37:13.417Z] ❌ Form submission blocked: rate limit active

      at Object.log [as handleSubmit] (src/hooks/useRegistrationForm.ts:290:15)

    console.log
      ✅ preventDefault() called FIRST (stopPropagation also called if available)

      at Object.log [as handleSubmit] (src/hooks/useRegistrationForm.ts:277:13)

    console.log
      [2026-02-08T19:37:13.419Z] ========== FORM SUBMISSION STARTED ==========

      at Object.log [as handleSubmit] (src/hooks/useRegistrationForm.ts:280:13)

    console.log
      [2026-02-08T19:37:13.419Z] Event defaultPrevented: undefined

      at Object.log [as handleSubmit] (src/hooks/useRegistrationForm.ts:281:13)

    console.log
      [2026-02-08T19:37:13.419Z] Event type: undefined

      at Object.log [as handleSubmit] (src/hooks/useRegistrationForm.ts:282:13)

    console.log
      [2026-02-08T19:37:13.419Z] Event target: undefined

      at Object.log [as handleSubmit] (src/hooks/useRegistrationForm.ts:283:13)

    console.log
      [2026-02-08T19:37:13.419Z] Form data: {
        "fullName": "John Doe",
        "email": "test@example.com",
        "password": "Password123!",
        "confirmPassword": "Password123!"
      }

      at Object.log [as handleSubmit] (src/hooks/useRegistrationForm.ts:284:13)

    console.log
      [2026-02-08T19:37:13.419Z] Current errors: {}

      at Object.log [as handleSubmit] (src/hooks/useRegistrationForm.ts:285:13)

    console.log
      [2026-02-08T19:37:13.419Z] Is rate limited: true

      at Object.log [as handleSubmit] (src/hooks/useRegistrationForm.ts:286:13)

    console.log
      [2026-02-08T19:37:13.419Z] ❌ Form submission blocked: rate limit active

      at Object.log [as handleSubmit] (src/hooks/useRegistrationForm.ts:290:15)

    console.log
      ✅ preventDefault() called FIRST (stopPropagation also called if available)

      at Object.log [as handleSubmit] (src/hooks/useRegistrationForm.ts:277:13)

    console.log
      [2026-02-08T19:37:13.420Z] ========== FORM SUBMISSION STARTED ==========

      at Object.log [as handleSubmit] (src/hooks/useRegistrationForm.ts:280:13)

    console.log
      [2026-02-08T19:37:13.420Z] Event defaultPrevented: undefined

      at Object.log [as handleSubmit] (src/hooks/useRegistrationForm.ts:281:13)

    console.log
      [2026-02-08T19:37:13.420Z] Event type: undefined

      at Object.log [as handleSubmit] (src/hooks/useRegistrationForm.ts:282:13)

    console.log
      [2026-02-08T19:37:13.420Z] Event target: undefined

      at Object.log [as handleSubmit] (src/hooks/useRegistrationForm.ts:283:13)

    console.log
      [2026-02-08T19:37:13.420Z] Form data: {
        "fullName": "John Doe",
        "email": "test@example.com",
        "password": "Password123!",
        "confirmPassword": "Password123!"
      }

      at Object.log [as handleSubmit] (src/hooks/useRegistrationForm.ts:284:13)

    console.log
      [2026-02-08T19:37:13.420Z] Current errors: {}

      at Object.log [as handleSubmit] (src/hooks/useRegistrationForm.ts:285:13)

    console.log
      [2026-02-08T19:37:13.420Z] Is rate limited: true

      at Object.log [as handleSubmit] (src/hooks/useRegistrationForm.ts:286:13)

    console.log
      [2026-02-08T19:37:13.420Z] ❌ Form submission blocked: rate limit active

      at Object.log [as handleSubmit] (src/hooks/useRegistrationForm.ts:290:15)

    console.log
      ✅ preventDefault() called FIRST (stopPropagation also called if available)

      at Object.log [as handleSubmit] (src/hooks/useRegistrationForm.ts:277:13)

    console.log
      [2026-02-08T19:37:13.423Z] ========== FORM SUBMISSION STARTED ==========

      at Object.log [as handleSubmit] (src/hooks/useRegistrationForm.ts:280:13)

    console.log
      [2026-02-08T19:37:13.423Z] Event defaultPrevented: undefined

      at Object.log [as handleSubmit] (src/hooks/useRegistrationForm.ts:281:13)

    console.log
      [2026-02-08T19:37:13.423Z] Event type: undefined

      at Object.log [as handleSubmit] (src/hooks/useRegistrationForm.ts:282:13)

    console.log
      [2026-02-08T19:37:13.423Z] Event target: undefined

      at Object.log [as handleSubmit] (src/hooks/useRegistrationForm.ts:283:13)

    console.log
      [2026-02-08T19:37:13.423Z] Form data: {
        "fullName": "John Doe",
        "email": "test@example.com",
        "password": "Password123!",
        "confirmPassword": "Password123!"
      }

      at Object.log [as handleSubmit] (src/hooks/useRegistrationForm.ts:284:13)

    console.log
      [2026-02-08T19:37:13.423Z] Current errors: {}

      at Object.log [as handleSubmit] (src/hooks/useRegistrationForm.ts:285:13)

    console.log
      [2026-02-08T19:37:13.423Z] Is rate limited: false

      at Object.log [as handleSubmit] (src/hooks/useRegistrationForm.ts:286:13)

    console.log
      [2026-02-08T19:37:13.423Z] Validation result: true

      at Object.log [as handleSubmit] (src/hooks/useRegistrationForm.ts:296:13)

    console.log
      [2026-02-08T19:37:13.423Z] ✅ Validation passed, proceeding with API call

      at Object.log [as handleSubmit] (src/hooks/useRegistrationForm.ts:303:13)

    console.log
      [2026-02-08T19:37:13.423Z] 📡 Calling API client register method

      at Object.log [as handleSubmit] (src/hooks/useRegistrationForm.ts:316:15)

    console.log
      [2026-02-08T19:37:13.423Z] API payload: {
        email: 'test@example.com',
        name: 'John Doe',
        password: '***REDACTED***'
      }

      at Object.log [as handleSubmit] (src/hooks/useRegistrationForm.ts:317:15)

    console.log
      [2026-02-08T19:37:13.423Z] ✅ API call successful

      at Object.log [as handleSubmit] (src/hooks/useRegistrationForm.ts:330:15)

    console.log
      [2026-02-08T19:37:13.423Z] ========== FORM SUBMISSION ENDED ==========

      at Object.log [as handleSubmit] (src/hooks/useRegistrationForm.ts:376:15)

    console.log
      ✅ preventDefault() called FIRST (stopPropagation also called if available)

      at Object.log [as handleSubmit] (src/hooks/useRegistrationForm.ts:277:13)

    console.log
      [2026-02-08T19:37:13.426Z] ========== FORM SUBMISSION STARTED ==========

      at Object.log [as handleSubmit] (src/hooks/useRegistrationForm.ts:280:13)

    console.log
      [2026-02-08T19:37:13.426Z] Event defaultPrevented: undefined

      at Object.log [as handleSubmit] (src/hooks/useRegistrationForm.ts:281:13)

    console.log
      [2026-02-08T19:37:13.426Z] Event type: undefined

      at Object.log [as handleSubmit] (src/hooks/useRegistrationForm.ts:282:13)

    console.log
      [2026-02-08T19:37:13.426Z] Event target: undefined

      at Object.log [as handleSubmit] (src/hooks/useRegistrationForm.ts:283:13)

    console.log
      [2026-02-08T19:37:13.426Z] Form data: {
        "fullName": "John Doe",
        "email": "test@example.com",
        "password": "Password123!",
        "confirmPassword": "Password123!"
      }

      at Object.log [as handleSubmit] (src/hooks/useRegistrationForm.ts:284:13)

    console.log
      [2026-02-08T19:37:13.426Z] Current errors: {}

      at Object.log [as handleSubmit] (src/hooks/useRegistrationForm.ts:285:13)

    console.log
      [2026-02-08T19:37:13.426Z] Is rate limited: false

      at Object.log [as handleSubmit] (src/hooks/useRegistrationForm.ts:286:13)

    console.log
      [2026-02-08T19:37:13.426Z] Validation result: true

      at Object.log [as handleSubmit] (src/hooks/useRegistrationForm.ts:296:13)

    console.log
      [2026-02-08T19:37:13.426Z] ✅ Validation passed, proceeding with API call

      at Object.log [as handleSubmit] (src/hooks/useRegistrationForm.ts:303:13)

    console.log
      [2026-02-08T19:37:13.426Z] 📡 Calling API client register method

      at Object.log [as handleSubmit] (src/hooks/useRegistrationForm.ts:316:15)

    console.log
      [2026-02-08T19:37:13.426Z] API payload: {
        email: 'test@example.com',
        name: 'John Doe',
        password: '***REDACTED***'
      }

      at Object.log [as handleSubmit] (src/hooks/useRegistrationForm.ts:317:15)

    console.log
      [2026-02-08T19:37:13.426Z] ❌ API call failed: { status: 409, message: 'Email already exists' }

      at Object.log [as handleSubmit] (src/hooks/useRegistrationForm.ts:343:15)

    console.log
      [2026-02-08T19:37:13.426Z] ========== FORM SUBMISSION ENDED ==========

      at Object.log [as handleSubmit] (src/hooks/useRegistrationForm.ts:376:15)

    console.log
      ✅ preventDefault() called FIRST (stopPropagation also called if available)

      at Object.log [as handleSubmit] (src/hooks/useRegistrationForm.ts:277:13)

    console.log
      [2026-02-08T19:37:13.430Z] ========== FORM SUBMISSION STARTED ==========

      at Object.log [as handleSubmit] (src/hooks/useRegistrationForm.ts:280:13)

    console.log
      [2026-02-08T19:37:13.430Z] Event defaultPrevented: undefined

      at Object.log [as handleSubmit] (src/hooks/useRegistrationForm.ts:281:13)

    console.log
      [2026-02-08T19:37:13.430Z] Event type: undefined

      at Object.log [as handleSubmit] (src/hooks/useRegistrationForm.ts:282:13)

    console.log
      [2026-02-08T19:37:13.430Z] Event target: undefined

      at Object.log [as handleSubmit] (src/hooks/useRegistrationForm.ts:283:13)

    console.log
      [2026-02-08T19:37:13.430Z] Form data: {
        "fullName": "John Doe",
        "email": "test@example.com",
        "password": "Password123!",
        "confirmPassword": "Password123!"
      }

      at Object.log [as handleSubmit] (src/hooks/useRegistrationForm.ts:284:13)

    console.log
      [2026-02-08T19:37:13.430Z] Current errors: {}

      at Object.log [as handleSubmit] (src/hooks/useRegistrationForm.ts:285:13)

    console.log
      [2026-02-08T19:37:13.430Z] Is rate limited: false

      at Object.log [as handleSubmit] (src/hooks/useRegistrationForm.ts:286:13)

    console.log
      [2026-02-08T19:37:13.430Z] Validation result: true

      at Object.log [as handleSubmit] (src/hooks/useRegistrationForm.ts:296:13)

    console.log
      [2026-02-08T19:37:13.430Z] ✅ Validation passed, proceeding with API call

      at Object.log [as handleSubmit] (src/hooks/useRegistrationForm.ts:303:13)

    console.log
      [2026-02-08T19:37:13.430Z] 📡 Calling API client register method

      at Object.log [as handleSubmit] (src/hooks/useRegistrationForm.ts:316:15)

    console.log
      [2026-02-08T19:37:13.430Z] API payload: {
        email: 'test@example.com',
        name: 'John Doe',
        password: '***REDACTED***'
      }

      at Object.log [as handleSubmit] (src/hooks/useRegistrationForm.ts:317:15)

    console.log
      [2026-02-08T19:37:13.430Z] ❌ API call failed: { status: 409, message: 'Email already exists' }

      at Object.log [as handleSubmit] (src/hooks/useRegistrationForm.ts:343:15)

    console.log
      [2026-02-08T19:37:13.430Z] ========== FORM SUBMISSION ENDED ==========

      at Object.log [as handleSubmit] (src/hooks/useRegistrationForm.ts:376:15)

    console.log
      ✅ preventDefault() called FIRST (stopPropagation also called if available)

      at Object.log [as handleSubmit] (src/hooks/useRegistrationForm.ts:277:13)

    console.log
      [2026-02-08T19:37:13.433Z] ========== FORM SUBMISSION STARTED ==========

      at Object.log [as handleSubmit] (src/hooks/useRegistrationForm.ts:280:13)

    console.log
      [2026-02-08T19:37:13.433Z] Event defaultPrevented: undefined

      at Object.log [as handleSubmit] (src/hooks/useRegistrationForm.ts:281:13)

    console.log
      [2026-02-08T19:37:13.433Z] Event type: undefined

      at Object.log [as handleSubmit] (src/hooks/useRegistrationForm.ts:282:13)

    console.log
      [2026-02-08T19:37:13.433Z] Event target: undefined

      at Object.log [as handleSubmit] (src/hooks/useRegistrationForm.ts:283:13)

    console.log
      [2026-02-08T19:37:13.433Z] Form data: {
        "fullName": "John Doe",
        "email": "test@example.com",
        "password": "Password123!",
        "confirmPassword": "Password123!"
      }

      at Object.log [as handleSubmit] (src/hooks/useRegistrationForm.ts:284:13)

    console.log
      [2026-02-08T19:37:13.433Z] Current errors: {}

      at Object.log [as handleSubmit] (src/hooks/useRegistrationForm.ts:285:13)

    console.log
      [2026-02-08T19:37:13.433Z] Is rate limited: false

      at Object.log [as handleSubmit] (src/hooks/useRegistrationForm.ts:286:13)

    console.log
      [2026-02-08T19:37:13.433Z] Validation result: true

      at Object.log [as handleSubmit] (src/hooks/useRegistrationForm.ts:296:13)

    console.log
      [2026-02-08T19:37:13.433Z] ✅ Validation passed, proceeding with API call

      at Object.log [as handleSubmit] (src/hooks/useRegistrationForm.ts:303:13)

    console.log
      [2026-02-08T19:37:13.433Z] 📡 Calling API client register method

      at Object.log [as handleSubmit] (src/hooks/useRegistrationForm.ts:316:15)

    console.log
      [2026-02-08T19:37:13.433Z] API payload: {
        email: 'test@example.com',
        name: 'John Doe',
        password: '***REDACTED***'
      }

      at Object.log [as handleSubmit] (src/hooks/useRegistrationForm.ts:317:15)

    console.log
      [2026-02-08T19:37:13.433Z] ❌ API call failed: { status: 409, message: 'Email already exists' }

      at Object.log [as handleSubmit] (src/hooks/useRegistrationForm.ts:343:15)

    console.log
      [2026-02-08T19:37:13.433Z] ========== FORM SUBMISSION ENDED ==========

      at Object.log [as handleSubmit] (src/hooks/useRegistrationForm.ts:376:15)

    console.log
      ✅ preventDefault() called FIRST (stopPropagation also called if available)

      at Object.log [as handleSubmit] (src/hooks/useRegistrationForm.ts:277:13)

    console.log
      [2026-02-08T19:37:13.437Z] ========== FORM SUBMISSION STARTED ==========

      at Object.log [as handleSubmit] (src/hooks/useRegistrationForm.ts:280:13)

    console.log
      [2026-02-08T19:37:13.437Z] Event defaultPrevented: undefined

      at Object.log [as handleSubmit] (src/hooks/useRegistrationForm.ts:281:13)

    console.log
      [2026-02-08T19:37:13.437Z] Event type: undefined

      at Object.log [as handleSubmit] (src/hooks/useRegistrationForm.ts:282:13)

    console.log
      [2026-02-08T19:37:13.437Z] Event target: undefined

      at Object.log [as handleSubmit] (src/hooks/useRegistrationForm.ts:283:13)

    console.log
      [2026-02-08T19:37:13.437Z] Form data: {
        "fullName": "John Doe",
        "email": "test@example.com",
        "password": "Password123!",
        "confirmPassword": "Password123!"
      }

      at Object.log [as handleSubmit] (src/hooks/useRegistrationForm.ts:284:13)

    console.log
      [2026-02-08T19:37:13.437Z] Current errors: {}

      at Object.log [as handleSubmit] (src/hooks/useRegistrationForm.ts:285:13)

    console.log
      [2026-02-08T19:37:13.437Z] Is rate limited: false

      at Object.log [as handleSubmit] (src/hooks/useRegistrationForm.ts:286:13)

    console.log
      [2026-02-08T19:37:13.437Z] Validation result: true

      at Object.log [as handleSubmit] (src/hooks/useRegistrationForm.ts:296:13)

    console.log
      [2026-02-08T19:37:13.437Z] ✅ Validation passed, proceeding with API call

      at Object.log [as handleSubmit] (src/hooks/useRegistrationForm.ts:303:13)

    console.log
      [2026-02-08T19:37:13.437Z] 📡 Calling API client register method

      at Object.log [as handleSubmit] (src/hooks/useRegistrationForm.ts:316:15)

    console.log
      [2026-02-08T19:37:13.437Z] API payload: {
        email: 'test@example.com',
        name: 'John Doe',
        password: '***REDACTED***'
      }

      at Object.log [as handleSubmit] (src/hooks/useRegistrationForm.ts:317:15)

    console.log
      [2026-02-08T19:37:13.437Z] ❌ API call failed: { status: 409, message: 'Email already exists' }

      at Object.log [as handleSubmit] (src/hooks/useRegistrationForm.ts:343:15)

    console.log
      [2026-02-08T19:37:13.437Z] ========== FORM SUBMISSION ENDED ==========

      at Object.log [as handleSubmit] (src/hooks/useRegistrationForm.ts:376:15)

    console.log
      ✅ preventDefault() called FIRST (stopPropagation also called if available)

      at Object.log [as handleSubmit] (src/hooks/useRegistrationForm.ts:277:13)

    console.log
      [2026-02-08T19:37:13.441Z] ========== FORM SUBMISSION STARTED ==========

      at Object.log [as handleSubmit] (src/hooks/useRegistrationForm.ts:280:13)

    console.log
      [2026-02-08T19:37:13.441Z] Event defaultPrevented: undefined

      at Object.log [as handleSubmit] (src/hooks/useRegistrationForm.ts:281:13)

    console.log
      [2026-02-08T19:37:13.441Z] Event type: undefined

      at Object.log [as handleSubmit] (src/hooks/useRegistrationForm.ts:282:13)

    console.log
      [2026-02-08T19:37:13.441Z] Event target: undefined

      at Object.log [as handleSubmit] (src/hooks/useRegistrationForm.ts:283:13)

    console.log
      [2026-02-08T19:37:13.441Z] Form data: {
        "fullName": "John Doe",
        "email": "test@example.com",
        "password": "Password123!",
        "confirmPassword": "Password123!"
      }

      at Object.log [as handleSubmit] (src/hooks/useRegistrationForm.ts:284:13)

    console.log
      [2026-02-08T19:37:13.441Z] Current errors: {}

      at Object.log [as handleSubmit] (src/hooks/useRegistrationForm.ts:285:13)

    console.log
      [2026-02-08T19:37:13.441Z] Is rate limited: true

      at Object.log [as handleSubmit] (src/hooks/useRegistrationForm.ts:286:13)

    console.log
      [2026-02-08T19:37:13.441Z] ❌ Form submission blocked: rate limit active

      at Object.log [as handleSubmit] (src/hooks/useRegistrationForm.ts:290:15)

    console.log
      ✅ preventDefault() called FIRST (stopPropagation also called if available)

      at Object.log [as handleSubmit] (src/hooks/useRegistrationForm.ts:277:13)

    console.log
      [2026-02-08T19:37:13.443Z] ========== FORM SUBMISSION STARTED ==========

      at Object.log [as handleSubmit] (src/hooks/useRegistrationForm.ts:280:13)

    console.log
      [2026-02-08T19:37:13.443Z] Event defaultPrevented: undefined

      at Object.log [as handleSubmit] (src/hooks/useRegistrationForm.ts:281:13)

    console.log
      [2026-02-08T19:37:13.443Z] Event type: undefined

      at Object.log [as handleSubmit] (src/hooks/useRegistrationForm.ts:282:13)

    console.log
      [2026-02-08T19:37:13.443Z] Event target: undefined

      at Object.log [as handleSubmit] (src/hooks/useRegistrationForm.ts:283:13)

    console.log
      [2026-02-08T19:37:13.443Z] Form data: {
        "fullName": "John Doe",
        "email": "test@example.com",
        "password": "Password123!",
        "confirmPassword": "Password123!"
      }

      at Object.log [as handleSubmit] (src/hooks/useRegistrationForm.ts:284:13)

    console.log
      [2026-02-08T19:37:13.443Z] Current errors: {}

      at Object.log [as handleSubmit] (src/hooks/useRegistrationForm.ts:285:13)

    console.log
      [2026-02-08T19:37:13.443Z] Is rate limited: true

      at Object.log [as handleSubmit] (src/hooks/useRegistrationForm.ts:286:13)

    console.log
      [2026-02-08T19:37:13.443Z] ❌ Form submission blocked: rate limit active

      at Object.log [as handleSubmit] (src/hooks/useRegistrationForm.ts:290:15)

    console.log
      ✅ preventDefault() called FIRST (stopPropagation also called if available)

      at Object.log [as handleSubmit] (src/hooks/useRegistrationForm.ts:277:13)

    console.log
      [2026-02-08T19:37:13.444Z] ========== FORM SUBMISSION STARTED ==========

      at Object.log [as handleSubmit] (src/hooks/useRegistrationForm.ts:280:13)

    console.log
      [2026-02-08T19:37:13.444Z] Event defaultPrevented: undefined

      at Object.log [as handleSubmit] (src/hooks/useRegistrationForm.ts:281:13)

    console.log
      [2026-02-08T19:37:13.444Z] Event type: undefined

      at Object.log [as handleSubmit] (src/hooks/useRegistrationForm.ts:282:13)

    console.log
      [2026-02-08T19:37:13.444Z] Event target: undefined

      at Object.log [as handleSubmit] (src/hooks/useRegistrationForm.ts:283:13)

    console.log
      [2026-02-08T19:37:13.444Z] Form data: {
        "fullName": "John Doe",
        "email": "test@example.com",
        "password": "Password123!",
        "confirmPassword": "Password123!"
      }

      at Object.log [as handleSubmit] (src/hooks/useRegistrationForm.ts:284:13)

    console.log
      [2026-02-08T19:37:13.444Z] Current errors: {}

      at Object.log [as handleSubmit] (src/hooks/useRegistrationForm.ts:285:13)

    console.log
      [2026-02-08T19:37:13.444Z] Is rate limited: true

      at Object.log [as handleSubmit] (src/hooks/useRegistrationForm.ts:286:13)

    console.log
      [2026-02-08T19:37:13.444Z] ❌ Form submission blocked: rate limit active

      at Object.log [as handleSubmit] (src/hooks/useRegistrationForm.ts:290:15)

    console.log
      ✅ preventDefault() called FIRST (stopPropagation also called if available)

      at Object.log [as handleSubmit] (src/hooks/useRegistrationForm.ts:277:13)

    console.log
      [2026-02-08T19:37:13.445Z] ========== FORM SUBMISSION STARTED ==========

      at Object.log [as handleSubmit] (src/hooks/useRegistrationForm.ts:280:13)

    console.log
      [2026-02-08T19:37:13.445Z] Event defaultPrevented: undefined

      at Object.log [as handleSubmit] (src/hooks/useRegistrationForm.ts:281:13)

    console.log
      [2026-02-08T19:37:13.445Z] Event type: undefined

      at Object.log [as handleSubmit] (src/hooks/useRegistrationForm.ts:282:13)

    console.log
      [2026-02-08T19:37:13.445Z] Event target: undefined

      at Object.log [as handleSubmit] (src/hooks/useRegistrationForm.ts:283:13)

    console.log
      [2026-02-08T19:37:13.445Z] Form data: {
        "fullName": "John Doe",
        "email": "test@example.com",
        "password": "Password123!",
        "confirmPassword": "Password123!"
      }

      at Object.log [as handleSubmit] (src/hooks/useRegistrationForm.ts:284:13)

    console.log
      [2026-02-08T19:37:13.445Z] Current errors: {}

      at Object.log [as handleSubmit] (src/hooks/useRegistrationForm.ts:285:13)

    console.log
      [2026-02-08T19:37:13.445Z] Is rate limited: true

      at Object.log [as handleSubmit] (src/hooks/useRegistrationForm.ts:286:13)

    console.log
      [2026-02-08T19:37:13.445Z] ❌ Form submission blocked: rate limit active

      at Object.log [as handleSubmit] (src/hooks/useRegistrationForm.ts:290:15)

    console.log
      ✅ preventDefault() called FIRST (stopPropagation also called if available)

      at Object.log [as handleSubmit] (src/hooks/useRegistrationForm.ts:277:13)

    console.log
      [2026-02-08T19:37:13.448Z] ========== FORM SUBMISSION STARTED ==========

      at Object.log [as handleSubmit] (src/hooks/useRegistrationForm.ts:280:13)

    console.log
      [2026-02-08T19:37:13.448Z] Event defaultPrevented: undefined

      at Object.log [as handleSubmit] (src/hooks/useRegistrationForm.ts:281:13)

    console.log
      [2026-02-08T19:37:13.448Z] Event type: undefined

      at Object.log [as handleSubmit] (src/hooks/useRegistrationForm.ts:282:13)

    console.log
      [2026-02-08T19:37:13.448Z] Event target: undefined

      at Object.log [as handleSubmit] (src/hooks/useRegistrationForm.ts:283:13)

    console.log
      [2026-02-08T19:37:13.448Z] Form data: {
        "fullName": "John Doe",
        "email": "test@example.com",
        "password": "Password123!",
        "confirmPassword": "Password123!"
      }

      at Object.log [as handleSubmit] (src/hooks/useRegistrationForm.ts:284:13)

    console.log
      [2026-02-08T19:37:13.448Z] Current errors: {}

      at Object.log [as handleSubmit] (src/hooks/useRegistrationForm.ts:285:13)

    console.log
      [2026-02-08T19:37:13.448Z] Is rate limited: true

      at Object.log [as handleSubmit] (src/hooks/useRegistrationForm.ts:286:13)

    console.log
      [2026-02-08T19:37:13.448Z] ❌ Form submission blocked: rate limit active

      at Object.log [as handleSubmit] (src/hooks/useRegistrationForm.ts:290:15)

    console.log
      ✅ preventDefault() called FIRST (stopPropagation also called if available)

      at Object.log [as handleSubmit] (src/hooks/useRegistrationForm.ts:277:13)

    console.log
      [2026-02-08T19:37:13.449Z] ========== FORM SUBMISSION STARTED ==========

      at Object.log [as handleSubmit] (src/hooks/useRegistrationForm.ts:280:13)

    console.log
      [2026-02-08T19:37:13.449Z] Event defaultPrevented: undefined

      at Object.log [as handleSubmit] (src/hooks/useRegistrationForm.ts:281:13)

    console.log
      [2026-02-08T19:37:13.449Z] Event type: undefined

      at Object.log [as handleSubmit] (src/hooks/useRegistrationForm.ts:282:13)

    console.log
      [2026-02-08T19:37:13.449Z] Event target: undefined

      at Object.log [as handleSubmit] (src/hooks/useRegistrationForm.ts:283:13)

    console.log
      [2026-02-08T19:37:13.449Z] Form data: {
        "fullName": "John Doe",
        "email": "test@example.com",
        "password": "Password123!",
        "confirmPassword": "Password123!"
      }

      at Object.log [as handleSubmit] (src/hooks/useRegistrationForm.ts:284:13)

    console.log
      [2026-02-08T19:37:13.449Z] Current errors: {}

      at Object.log [as handleSubmit] (src/hooks/useRegistrationForm.ts:285:13)

    console.log
      [2026-02-08T19:37:13.449Z] Is rate limited: false

      at Object.log [as handleSubmit] (src/hooks/useRegistrationForm.ts:286:13)

    console.log
      [2026-02-08T19:37:13.449Z] Validation result: true

      at Object.log [as handleSubmit] (src/hooks/useRegistrationForm.ts:296:13)

    console.log
      [2026-02-08T19:37:13.449Z] ✅ Validation passed, proceeding with API call

      at Object.log [as handleSubmit] (src/hooks/useRegistrationForm.ts:303:13)

    console.log
      [2026-02-08T19:37:13.449Z] 📡 Calling API client register method

      at Object.log [as handleSubmit] (src/hooks/useRegistrationForm.ts:316:15)

    console.log
      [2026-02-08T19:37:13.449Z] API payload: {
        email: 'test@example.com',
        name: 'John Doe',
        password: '***REDACTED***'
      }

      at Object.log [as handleSubmit] (src/hooks/useRegistrationForm.ts:317:15)

    console.log
      [2026-02-08T19:37:13.449Z] ✅ API call successful

      at Object.log [as handleSubmit] (src/hooks/useRegistrationForm.ts:330:15)

    console.log
      [2026-02-08T19:37:13.449Z] ========== FORM SUBMISSION ENDED ==========

      at Object.log [as handleSubmit] (src/hooks/useRegistrationForm.ts:376:15)

    console.log
      ✅ preventDefault() called FIRST (stopPropagation also called if available)

      at Object.log [as handleSubmit] (src/hooks/useRegistrationForm.ts:277:13)

    console.log
      [2026-02-08T19:37:13.457Z] ========== FORM SUBMISSION STARTED ==========

      at Object.log [as handleSubmit] (src/hooks/useRegistrationForm.ts:280:13)

    console.log
      [2026-02-08T19:37:13.457Z] Event defaultPrevented: undefined

      at Object.log [as handleSubmit] (src/hooks/useRegistrationForm.ts:281:13)

    console.log
      [2026-02-08T19:37:13.457Z] Event type: undefined

      at Object.log [as handleSubmit] (src/hooks/useRegistrationForm.ts:282:13)

    console.log
      [2026-02-08T19:37:13.457Z] Event target: undefined

      at Object.log [as handleSubmit] (src/hooks/useRegistrationForm.ts:283:13)

    console.log
      [2026-02-08T19:37:13.457Z] Form data: {
        "fullName": "John Doe",
        "email": "test@example.com",
        "password": "Password123!",
        "confirmPassword": "Password123!"
      }

      at Object.log [as handleSubmit] (src/hooks/useRegistrationForm.ts:284:13)

    console.log
      [2026-02-08T19:37:13.457Z] Current errors: {}

      at Object.log [as handleSubmit] (src/hooks/useRegistrationForm.ts:285:13)

    console.log
      [2026-02-08T19:37:13.457Z] Is rate limited: false

      at Object.log [as handleSubmit] (src/hooks/useRegistrationForm.ts:286:13)

    console.log
      [2026-02-08T19:37:13.457Z] Validation result: true

      at Object.log [as handleSubmit] (src/hooks/useRegistrationForm.ts:296:13)

    console.log
      [2026-02-08T19:37:13.457Z] ✅ Validation passed, proceeding with API call

      at Object.log [as handleSubmit] (src/hooks/useRegistrationForm.ts:303:13)

    console.log
      [2026-02-08T19:37:13.457Z] 📡 Calling API client register method

      at Object.log [as handleSubmit] (src/hooks/useRegistrationForm.ts:316:15)

    console.log
      [2026-02-08T19:37:13.457Z] API payload: {
        email: 'test@example.com',
        name: 'John Doe',
        password: '***REDACTED***'
      }

      at Object.log [as handleSubmit] (src/hooks/useRegistrationForm.ts:317:15)

    console.log
      [2026-02-08T19:37:13.457Z] ✅ API call successful

      at Object.log [as handleSubmit] (src/hooks/useRegistrationForm.ts:330:15)

    console.log
      [2026-02-08T19:37:13.457Z] ========== FORM SUBMISSION ENDED ==========

      at Object.log [as handleSubmit] (src/hooks/useRegistrationForm.ts:376:15)

    console.log
      ✅ preventDefault() called FIRST (stopPropagation also called if available)

      at Object.log [as handleSubmit] (src/hooks/useRegistrationForm.ts:277:13)

    console.log
      [2026-02-08T19:37:13.463Z] ========== FORM SUBMISSION STARTED ==========

      at Object.log [as handleSubmit] (src/hooks/useRegistrationForm.ts:280:13)

    console.log
      [2026-02-08T19:37:13.463Z] Event defaultPrevented: undefined

      at Object.log [as handleSubmit] (src/hooks/useRegistrationForm.ts:281:13)

    console.log
      [2026-02-08T19:37:13.463Z] Event type: undefined

      at Object.log [as handleSubmit] (src/hooks/useRegistrationForm.ts:282:13)

    console.log
      [2026-02-08T19:37:13.463Z] Event target: undefined

      at Object.log [as handleSubmit] (src/hooks/useRegistrationForm.ts:283:13)

    console.log
      [2026-02-08T19:37:13.463Z] Form data: {
        "fullName": "John Doe",
        "email": "test@example.com",
        "password": "Password123!",
        "confirmPassword": "Password123!"
      }

      at Object.log [as handleSubmit] (src/hooks/useRegistrationForm.ts:284:13)

    console.log
      [2026-02-08T19:37:13.463Z] Current errors: {}

      at Object.log [as handleSubmit] (src/hooks/useRegistrationForm.ts:285:13)

    console.log
      [2026-02-08T19:37:13.463Z] Is rate limited: false

      at Object.log [as handleSubmit] (src/hooks/useRegistrationForm.ts:286:13)

    console.log
      [2026-02-08T19:37:13.463Z] Validation result: true

      at Object.log [as handleSubmit] (src/hooks/useRegistrationForm.ts:296:13)

    console.log
      [2026-02-08T19:37:13.463Z] ✅ Validation passed, proceeding with API call

      at Object.log [as handleSubmit] (src/hooks/useRegistrationForm.ts:303:13)

    console.log
      [2026-02-08T19:37:13.463Z] 📡 Calling API client register method

      at Object.log [as handleSubmit] (src/hooks/useRegistrationForm.ts:316:15)

    console.log
      [2026-02-08T19:37:13.463Z] API payload: {
        email: 'test@example.com',
        name: 'John Doe',
        password: '***REDACTED***'
      }

      at Object.log [as handleSubmit] (src/hooks/useRegistrationForm.ts:317:15)

    console.log
      [2026-02-08T19:37:13.463Z] ✅ API call successful

      at Object.log [as handleSubmit] (src/hooks/useRegistrationForm.ts:330:15)

    console.log
      [2026-02-08T19:37:13.463Z] ========== FORM SUBMISSION ENDED ==========

      at Object.log [as handleSubmit] (src/hooks/useRegistrationForm.ts:376:15)

    console.log
      ✅ preventDefault() called FIRST (stopPropagation also called if available)

      at Object.log [as handleSubmit] (src/hooks/useRegistrationForm.ts:277:13)

    console.log
      [2026-02-08T19:37:13.468Z] ========== FORM SUBMISSION STARTED ==========

      at Object.log [as handleSubmit] (src/hooks/useRegistrationForm.ts:280:13)

    console.log
      [2026-02-08T19:37:13.468Z] Event defaultPrevented: undefined

      at Object.log [as handleSubmit] (src/hooks/useRegistrationForm.ts:281:13)

    console.log
      [2026-02-08T19:37:13.468Z] Event type: undefined

      at Object.log [as handleSubmit] (src/hooks/useRegistrationForm.ts:282:13)

    console.log
      [2026-02-08T19:37:13.468Z] Event target: undefined

      at Object.log [as handleSubmit] (src/hooks/useRegistrationForm.ts:283:13)

    console.log
      [2026-02-08T19:37:13.468Z] Form data: {
        "fullName": "John Doe",
        "email": "test@example.com",
        "password": "Password123!",
        "confirmPassword": "Password123!"
      }

      at Object.log [as handleSubmit] (src/hooks/useRegistrationForm.ts:284:13)

    console.log
      [2026-02-08T19:37:13.468Z] Current errors: {}

      at Object.log [as handleSubmit] (src/hooks/useRegistrationForm.ts:285:13)

    console.log
      [2026-02-08T19:37:13.468Z] Is rate limited: false

      at Object.log [as handleSubmit] (src/hooks/useRegistrationForm.ts:286:13)

    console.log
      [2026-02-08T19:37:13.468Z] Validation result: true

      at Object.log [as handleSubmit] (src/hooks/useRegistrationForm.ts:296:13)

    console.log
      [2026-02-08T19:37:13.468Z] ✅ Validation passed, proceeding with API call

      at Object.log [as handleSubmit] (src/hooks/useRegistrationForm.ts:303:13)

    console.log
      [2026-02-08T19:37:13.468Z] 📡 Calling API client register method

      at Object.log [as handleSubmit] (src/hooks/useRegistrationForm.ts:316:15)

    console.log
      [2026-02-08T19:37:13.468Z] API payload: {
        email: 'test@example.com',
        name: 'John Doe',
        password: '***REDACTED***'
      }

      at Object.log [as handleSubmit] (src/hooks/useRegistrationForm.ts:317:15)

    console.log
      [2026-02-08T19:37:13.468Z] ❌ API call failed: { status: 409, message: 'Email already exists' }

      at Object.log [as handleSubmit] (src/hooks/useRegistrationForm.ts:343:15)

    console.log
      [2026-02-08T19:37:13.468Z] ========== FORM SUBMISSION ENDED ==========

      at Object.log [as handleSubmit] (src/hooks/useRegistrationForm.ts:376:15)

    console.log
      ✅ preventDefault() called FIRST (stopPropagation also called if available)

      at Object.log [as handleSubmit] (src/hooks/useRegistrationForm.ts:277:13)

    console.log
      [2026-02-08T19:37:13.473Z] ========== FORM SUBMISSION STARTED ==========

      at Object.log [as handleSubmit] (src/hooks/useRegistrationForm.ts:280:13)

    console.log
      [2026-02-08T19:37:13.473Z] Event defaultPrevented: undefined

      at Object.log [as handleSubmit] (src/hooks/useRegistrationForm.ts:281:13)

    console.log
      [2026-02-08T19:37:13.473Z] Event type: undefined

      at Object.log [as handleSubmit] (src/hooks/useRegistrationForm.ts:282:13)

    console.log
      [2026-02-08T19:37:13.473Z] Event target: undefined

      at Object.log [as handleSubmit] (src/hooks/useRegistrationForm.ts:283:13)

    console.log
      [2026-02-08T19:37:13.473Z] Form data: {
        "fullName": "John Doe",
        "email": "test@example.com",
        "password": "Password123!",
        "confirmPassword": "Password123!"
      }

      at Object.log [as handleSubmit] (src/hooks/useRegistrationForm.ts:284:13)

    console.log
      [2026-02-08T19:37:13.473Z] Current errors: {}

      at Object.log [as handleSubmit] (src/hooks/useRegistrationForm.ts:285:13)

    console.log
      [2026-02-08T19:37:13.473Z] Is rate limited: false

      at Object.log [as handleSubmit] (src/hooks/useRegistrationForm.ts:286:13)

    console.log
      [2026-02-08T19:37:13.473Z] Validation result: true

      at Object.log [as handleSubmit] (src/hooks/useRegistrationForm.ts:296:13)

    console.log
      [2026-02-08T19:37:13.473Z] ✅ Validation passed, proceeding with API call

      at Object.log [as handleSubmit] (src/hooks/useRegistrationForm.ts:303:13)

    console.log
      [2026-02-08T19:37:13.473Z] 📡 Calling API client register method

      at Object.log [as handleSubmit] (src/hooks/useRegistrationForm.ts:316:15)

    console.log
      [2026-02-08T19:37:13.473Z] API payload: {
        email: 'test@example.com',
        name: 'John Doe',
        password: '***REDACTED***'
      }

      at Object.log [as handleSubmit] (src/hooks/useRegistrationForm.ts:317:15)

    console.log
      [2026-02-08T19:37:13.473Z] ✅ API call successful

      at Object.log [as handleSubmit] (src/hooks/useRegistrationForm.ts:330:15)

    console.log
      [2026-02-08T19:37:13.473Z] ========== FORM SUBMISSION ENDED ==========

      at Object.log [as handleSubmit] (src/hooks/useRegistrationForm.ts:376:15)

    console.log
      ✅ preventDefault() called FIRST (stopPropagation also called if available)

      at Object.log [as handleSubmit] (src/hooks/useRegistrationForm.ts:277:13)

    console.log
      [2026-02-08T19:37:13.476Z] ========== FORM SUBMISSION STARTED ==========

      at Object.log [as handleSubmit] (src/hooks/useRegistrationForm.ts:280:13)

    console.log
      [2026-02-08T19:37:13.476Z] Event defaultPrevented: undefined

      at Object.log [as handleSubmit] (src/hooks/useRegistrationForm.ts:281:13)

    console.log
      [2026-02-08T19:37:13.476Z] Event type: undefined

      at Object.log [as handleSubmit] (src/hooks/useRegistrationForm.ts:282:13)

    console.log
      [2026-02-08T19:37:13.476Z] Event target: undefined

      at Object.log [as handleSubmit] (src/hooks/useRegistrationForm.ts:283:13)

    console.log
      [2026-02-08T19:37:13.476Z] Form data: {
        "fullName": "John Doe",
        "email": "test@example.com",
        "password": "Password123!",
        "confirmPassword": "Password123!"
      }

      at Object.log [as handleSubmit] (src/hooks/useRegistrationForm.ts:284:13)

    console.log
      [2026-02-08T19:37:13.476Z] Current errors: {}

      at Object.log [as handleSubmit] (src/hooks/useRegistrationForm.ts:285:13)

    console.log
      [2026-02-08T19:37:13.476Z] Is rate limited: false

      at Object.log [as handleSubmit] (src/hooks/useRegistrationForm.ts:286:13)

    console.log
      [2026-02-08T19:37:13.476Z] Validation result: true

      at Object.log [as handleSubmit] (src/hooks/useRegistrationForm.ts:296:13)

    console.log
      [2026-02-08T19:37:13.476Z] ✅ Validation passed, proceeding with API call

      at Object.log [as handleSubmit] (src/hooks/useRegistrationForm.ts:303:13)

    console.log
      [2026-02-08T19:37:13.476Z] 📡 Calling API client register method

      at Object.log [as handleSubmit] (src/hooks/useRegistrationForm.ts:316:15)

    console.log
      [2026-02-08T19:37:13.476Z] API payload: {
        email: 'test@example.com',
        name: 'John Doe',
        password: '***REDACTED***'
      }

      at Object.log [as handleSubmit] (src/hooks/useRegistrationForm.ts:317:15)

    console.log
      [2026-02-08T19:37:13.476Z] ❌ API call failed: { status: 409, message: 'Email already exists' }

      at Object.log [as handleSubmit] (src/hooks/useRegistrationForm.ts:343:15)

    console.log
      [2026-02-08T19:37:13.476Z] ========== FORM SUBMISSION ENDED ==========

      at Object.log [as handleSubmit] (src/hooks/useRegistrationForm.ts:376:15)

    console.log
      ✅ preventDefault() called FIRST (stopPropagation also called if available)

      at Object.log [as handleSubmit] (src/hooks/useRegistrationForm.ts:277:13)

    console.log
      [2026-02-08T19:37:13.483Z] ========== FORM SUBMISSION STARTED ==========

      at Object.log [as handleSubmit] (src/hooks/useRegistrationForm.ts:280:13)

    console.log
      [2026-02-08T19:37:13.483Z] Event defaultPrevented: undefined

      at Object.log [as handleSubmit] (src/hooks/useRegistrationForm.ts:281:13)

    console.log
      [2026-02-08T19:37:13.483Z] Event type: undefined

      at Object.log [as handleSubmit] (src/hooks/useRegistrationForm.ts:282:13)

    console.log
      [2026-02-08T19:37:13.483Z] Event target: undefined

      at Object.log [as handleSubmit] (src/hooks/useRegistrationForm.ts:283:13)

    console.log
      [2026-02-08T19:37:13.483Z] Form data: {
        "fullName": "John Doe",
        "email": "test@example.com",
        "password": "Password123!",
        "confirmPassword": "Password123!"
      }

      at Object.log [as handleSubmit] (src/hooks/useRegistrationForm.ts:284:13)

    console.log
      [2026-02-08T19:37:13.483Z] Current errors: {}

      at Object.log [as handleSubmit] (src/hooks/useRegistrationForm.ts:285:13)

    console.log
      [2026-02-08T19:37:13.483Z] Is rate limited: false

      at Object.log [as handleSubmit] (src/hooks/useRegistrationForm.ts:286:13)

    console.log
      [2026-02-08T19:37:13.483Z] Validation result: true

      at Object.log [as handleSubmit] (src/hooks/useRegistrationForm.ts:296:13)

    console.log
      [2026-02-08T19:37:13.483Z] ✅ Validation passed, proceeding with API call

      at Object.log [as handleSubmit] (src/hooks/useRegistrationForm.ts:303:13)

    console.log
      [2026-02-08T19:37:13.483Z] 📡 Calling API client register method

      at Object.log [as handleSubmit] (src/hooks/useRegistrationForm.ts:316:15)

    console.log
      [2026-02-08T19:37:13.483Z] API payload: {
        email: 'test@example.com',
        name: 'John Doe',
        password: '***REDACTED***'
      }

      at Object.log [as handleSubmit] (src/hooks/useRegistrationForm.ts:317:15)

    console.log
      [2026-02-08T19:37:13.483Z] ✅ API call successful

      at Object.log [as handleSubmit] (src/hooks/useRegistrationForm.ts:330:15)

    console.log
      [2026-02-08T19:37:13.483Z] ========== FORM SUBMISSION ENDED ==========

      at Object.log [as handleSubmit] (src/hooks/useRegistrationForm.ts:376:15)

    console.log
      ✅ preventDefault() called FIRST (stopPropagation also called if available)

      at Object.log [as handleSubmit] (src/hooks/useRegistrationForm.ts:277:13)

    console.log
      [2026-02-08T19:37:13.491Z] ========== FORM SUBMISSION STARTED ==========

      at Object.log [as handleSubmit] (src/hooks/useRegistrationForm.ts:280:13)

    console.log
      [2026-02-08T19:37:13.491Z] Event defaultPrevented: undefined

      at Object.log [as handleSubmit] (src/hooks/useRegistrationForm.ts:281:13)

    console.log
      [2026-02-08T19:37:13.491Z] Event type: undefined

      at Object.log [as handleSubmit] (src/hooks/useRegistrationForm.ts:282:13)

    console.log
      [2026-02-08T19:37:13.491Z] Event target: undefined

      at Object.log [as handleSubmit] (src/hooks/useRegistrationForm.ts:283:13)

    console.log
      [2026-02-08T19:37:13.491Z] Form data: {
        "fullName": "John Doe",
        "email": "test@example.com",
        "password": "Password123!",
        "confirmPassword": "Password123!"
      }

      at Object.log [as handleSubmit] (src/hooks/useRegistrationForm.ts:284:13)

    console.log
      [2026-02-08T19:37:13.491Z] Current errors: {}

      at Object.log [as handleSubmit] (src/hooks/useRegistrationForm.ts:285:13)

    console.log
      [2026-02-08T19:37:13.491Z] Is rate limited: false

      at Object.log [as handleSubmit] (src/hooks/useRegistrationForm.ts:286:13)

    console.log
      [2026-02-08T19:37:13.491Z] Validation result: true

      at Object.log [as handleSubmit] (src/hooks/useRegistrationForm.ts:296:13)

    console.log
      [2026-02-08T19:37:13.491Z] ✅ Validation passed, proceeding with API call

      at Object.log [as handleSubmit] (src/hooks/useRegistrationForm.ts:303:13)

    console.log
      [2026-02-08T19:37:13.491Z] 📡 Calling API client register method

      at Object.log [as handleSubmit] (src/hooks/useRegistrationForm.ts:316:15)

    console.log
      [2026-02-08T19:37:13.491Z] API payload: {
        email: 'test@example.com',
        name: 'John Doe',
        password: '***REDACTED***'
      }

      at Object.log [as handleSubmit] (src/hooks/useRegistrationForm.ts:317:15)

    console.log
      [2026-02-08T19:37:13.491Z] ❌ API call failed: { status: 409, message: 'Email already exists' }

      at Object.log [as handleSubmit] (src/hooks/useRegistrationForm.ts:343:15)

    console.log
      [2026-02-08T19:37:13.491Z] ========== FORM SUBMISSION ENDED ==========

      at Object.log [as handleSubmit] (src/hooks/useRegistrationForm.ts:376:15)

    console.log
      ✅ preventDefault() called FIRST (stopPropagation also called if available)

      at Object.log [as handleSubmit] (src/hooks/useRegistrationForm.ts:277:13)

    console.log
      [2026-02-08T19:37:13.494Z] ========== FORM SUBMISSION STARTED ==========

      at Object.log [as handleSubmit] (src/hooks/useRegistrationForm.ts:280:13)

    console.log
      [2026-02-08T19:37:13.494Z] Event defaultPrevented: undefined

      at Object.log [as handleSubmit] (src/hooks/useRegistrationForm.ts:281:13)

    console.log
      [2026-02-08T19:37:13.494Z] Event type: undefined

      at Object.log [as handleSubmit] (src/hooks/useRegistrationForm.ts:282:13)

    console.log
      [2026-02-08T19:37:13.494Z] Event target: undefined

      at Object.log [as handleSubmit] (src/hooks/useRegistrationForm.ts:283:13)

    console.log
      [2026-02-08T19:37:13.494Z] Form data: {
        "fullName": "John Doe",
        "email": "test@example.com",
        "password": "Password123!",
        "confirmPassword": "Password123!"
      }

      at Object.log [as handleSubmit] (src/hooks/useRegistrationForm.ts:284:13)

    console.log
      [2026-02-08T19:37:13.494Z] Current errors: {}

      at Object.log [as handleSubmit] (src/hooks/useRegistrationForm.ts:285:13)

    console.log
      [2026-02-08T19:37:13.494Z] Is rate limited: false

      at Object.log [as handleSubmit] (src/hooks/useRegistrationForm.ts:286:13)

    console.log
      [2026-02-08T19:37:13.494Z] Validation result: true

      at Object.log [as handleSubmit] (src/hooks/useRegistrationForm.ts:296:13)

    console.log
      [2026-02-08T19:37:13.494Z] ✅ Validation passed, proceeding with API call

      at Object.log [as handleSubmit] (src/hooks/useRegistrationForm.ts:303:13)

    console.log
      [2026-02-08T19:37:13.494Z] 📡 Calling API client register method

      at Object.log [as handleSubmit] (src/hooks/useRegistrationForm.ts:316:15)

    console.log
      [2026-02-08T19:37:13.494Z] API payload: {
        email: 'test@example.com',
        name: 'John Doe',
        password: '***REDACTED***'
      }

      at Object.log [as handleSubmit] (src/hooks/useRegistrationForm.ts:317:15)

    console.log
      [2026-02-08T19:37:13.494Z] ❌ API call failed: { status: 409, message: 'Email already exists' }

      at Object.log [as handleSubmit] (src/hooks/useRegistrationForm.ts:343:15)

    console.log
      [2026-02-08T19:37:13.494Z] ========== FORM SUBMISSION ENDED ==========

      at Object.log [as handleSubmit] (src/hooks/useRegistrationForm.ts:376:15)

    console.log
      ✅ preventDefault() called FIRST (stopPropagation also called if available)

      at Object.log [as handleSubmit] (src/hooks/useRegistrationForm.ts:277:13)

    console.log
      [2026-02-08T19:37:13.500Z] ========== FORM SUBMISSION STARTED ==========

      at Object.log [as handleSubmit] (src/hooks/useRegistrationForm.ts:280:13)

    console.log
      [2026-02-08T19:37:13.500Z] Event defaultPrevented: undefined

      at Object.log [as handleSubmit] (src/hooks/useRegistrationForm.ts:281:13)

    console.log
      [2026-02-08T19:37:13.500Z] Event type: undefined

      at Object.log [as handleSubmit] (src/hooks/useRegistrationForm.ts:282:13)

    console.log
      [2026-02-08T19:37:13.500Z] Event target: undefined

      at Object.log [as handleSubmit] (src/hooks/useRegistrationForm.ts:283:13)

    console.log
      [2026-02-08T19:37:13.500Z] Form data: {
        "fullName": "John Doe",
        "email": "test@example.com",
        "password": "Password123!",
        "confirmPassword": "Password123!"
      }

      at Object.log [as handleSubmit] (src/hooks/useRegistrationForm.ts:284:13)

    console.log
      [2026-02-08T19:37:13.500Z] Current errors: {}

      at Object.log [as handleSubmit] (src/hooks/useRegistrationForm.ts:285:13)

    console.log
      [2026-02-08T19:37:13.500Z] Is rate limited: true

      at Object.log [as handleSubmit] (src/hooks/useRegistrationForm.ts:286:13)

    console.log
      [2026-02-08T19:37:13.500Z] ❌ Form submission blocked: rate limit active

      at Object.log [as handleSubmit] (src/hooks/useRegistrationForm.ts:290:15)

    console.log
      ✅ preventDefault() called FIRST (stopPropagation also called if available)

      at Object.log [as handleSubmit] (src/hooks/useRegistrationForm.ts:277:13)

    console.log
      [2026-02-08T19:37:13.503Z] ========== FORM SUBMISSION STARTED ==========

      at Object.log [as handleSubmit] (src/hooks/useRegistrationForm.ts:280:13)

    console.log
      [2026-02-08T19:37:13.503Z] Event defaultPrevented: undefined

      at Object.log [as handleSubmit] (src/hooks/useRegistrationForm.ts:281:13)

    console.log
      [2026-02-08T19:37:13.503Z] Event type: undefined

      at Object.log [as handleSubmit] (src/hooks/useRegistrationForm.ts:282:13)

    console.log
      [2026-02-08T19:37:13.503Z] Event target: undefined

      at Object.log [as handleSubmit] (src/hooks/useRegistrationForm.ts:283:13)

    console.log
      [2026-02-08T19:37:13.503Z] Form data: {
        "fullName": "John Doe",
        "email": "test@example.com",
        "password": "Password123!",
        "confirmPassword": "Password123!"
      }

      at Object.log [as handleSubmit] (src/hooks/useRegistrationForm.ts:284:13)

    console.log
      [2026-02-08T19:37:13.503Z] Current errors: {}

      at Object.log [as handleSubmit] (src/hooks/useRegistrationForm.ts:285:13)

    console.log
      [2026-02-08T19:37:13.503Z] Is rate limited: true

      at Object.log [as handleSubmit] (src/hooks/useRegistrationForm.ts:286:13)

    console.log
      [2026-02-08T19:37:13.503Z] ❌ Form submission blocked: rate limit active

      at Object.log [as handleSubmit] (src/hooks/useRegistrationForm.ts:290:15)

    console.log
      ✅ preventDefault() called FIRST (stopPropagation also called if available)

      at Object.log [as handleSubmit] (src/hooks/useRegistrationForm.ts:277:13)

    console.log
      [2026-02-08T19:37:13.507Z] ========== FORM SUBMISSION STARTED ==========

      at Object.log [as handleSubmit] (src/hooks/useRegistrationForm.ts:280:13)

    console.log
      [2026-02-08T19:37:13.507Z] Event defaultPrevented: undefined

      at Object.log [as handleSubmit] (src/hooks/useRegistrationForm.ts:281:13)

    console.log
      [2026-02-08T19:37:13.507Z] Event type: undefined

      at Object.log [as handleSubmit] (src/hooks/useRegistrationForm.ts:282:13)

    console.log
      [2026-02-08T19:37:13.507Z] Event target: undefined

      at Object.log [as handleSubmit] (src/hooks/useRegistrationForm.ts:283:13)

    console.log
      [2026-02-08T19:37:13.507Z] Form data: {
        "fullName": "John Doe",
        "email": "test@example.com",
        "password": "Password123!",
        "confirmPassword": "Password123!"
      }

      at Object.log [as handleSubmit] (src/hooks/useRegistrationForm.ts:284:13)

    console.log
      [2026-02-08T19:37:13.507Z] Current errors: {}

      at Object.log [as handleSubmit] (src/hooks/useRegistrationForm.ts:285:13)

    console.log
      [2026-02-08T19:37:13.507Z] Is rate limited: false

      at Object.log [as handleSubmit] (src/hooks/useRegistrationForm.ts:286:13)

    console.log
      [2026-02-08T19:37:13.507Z] Validation result: true

      at Object.log [as handleSubmit] (src/hooks/useRegistrationForm.ts:296:13)

    console.log
      [2026-02-08T19:37:13.507Z] ✅ Validation passed, proceeding with API call

      at Object.log [as handleSubmit] (src/hooks/useRegistrationForm.ts:303:13)

    console.log
      [2026-02-08T19:37:13.507Z] 📡 Calling API client register method

      at Object.log [as handleSubmit] (src/hooks/useRegistrationForm.ts:316:15)

    console.log
      [2026-02-08T19:37:13.507Z] API payload: {
        email: 'test@example.com',
        name: 'John Doe',
        password: '***REDACTED***'
      }

      at Object.log [as handleSubmit] (src/hooks/useRegistrationForm.ts:317:15)

    console.log
      [2026-02-08T19:37:13.507Z] ❌ API call failed: { status: 409, message: 'Email already exists' }

      at Object.log [as handleSubmit] (src/hooks/useRegistrationForm.ts:343:15)

    console.log
      [2026-02-08T19:37:13.507Z] ========== FORM SUBMISSION ENDED ==========

      at Object.log [as handleSubmit] (src/hooks/useRegistrationForm.ts:376:15)

    console.log
      ✅ preventDefault() called FIRST (stopPropagation also called if available)

      at Object.log [as handleSubmit] (src/hooks/useRegistrationForm.ts:277:13)

    console.log
      [2026-02-08T19:37:13.512Z] ========== FORM SUBMISSION STARTED ==========

      at Object.log [as handleSubmit] (src/hooks/useRegistrationForm.ts:280:13)

    console.log
      [2026-02-08T19:37:13.512Z] Event defaultPrevented: undefined

      at Object.log [as handleSubmit] (src/hooks/useRegistrationForm.ts:281:13)

    console.log
      [2026-02-08T19:37:13.512Z] Event type: undefined

      at Object.log [as handleSubmit] (src/hooks/useRegistrationForm.ts:282:13)

    console.log
      [2026-02-08T19:37:13.512Z] Event target: undefined

      at Object.log [as handleSubmit] (src/hooks/useRegistrationForm.ts:283:13)

    console.log
      [2026-02-08T19:37:13.512Z] Form data: {
        "fullName": "John Doe",
        "email": "test@example.com",
        "password": "Password123!",
        "confirmPassword": "Password123!"
      }

      at Object.log [as handleSubmit] (src/hooks/useRegistrationForm.ts:284:13)

    console.log
      [2026-02-08T19:37:13.512Z] Current errors: {}

      at Object.log [as handleSubmit] (src/hooks/useRegistrationForm.ts:285:13)

    console.log
      [2026-02-08T19:37:13.512Z] Is rate limited: false

      at Object.log [as handleSubmit] (src/hooks/useRegistrationForm.ts:286:13)

    console.log
      [2026-02-08T19:37:13.512Z] Validation result: true

      at Object.log [as handleSubmit] (src/hooks/useRegistrationForm.ts:296:13)

    console.log
      [2026-02-08T19:37:13.512Z] ✅ Validation passed, proceeding with API call

      at Object.log [as handleSubmit] (src/hooks/useRegistrationForm.ts:303:13)

    console.log
      [2026-02-08T19:37:13.512Z] 📡 Calling API client register method

      at Object.log [as handleSubmit] (src/hooks/useRegistrationForm.ts:316:15)

    console.log
      [2026-02-08T19:37:13.512Z] API payload: {
        email: 'test@example.com',
        name: 'John Doe',
        password: '***REDACTED***'
      }

      at Object.log [as handleSubmit] (src/hooks/useRegistrationForm.ts:317:15)

    console.log
      [2026-02-08T19:37:13.512Z] ❌ API call failed: { status: 409, message: 'Email already exists' }

      at Object.log [as handleSubmit] (src/hooks/useRegistrationForm.ts:343:15)

    console.log
      [2026-02-08T19:37:13.512Z] ========== FORM SUBMISSION ENDED ==========

      at Object.log [as handleSubmit] (src/hooks/useRegistrationForm.ts:376:15)

    console.log
      ✅ preventDefault() called FIRST (stopPropagation also called if available)

      at Object.log [as handleSubmit] (src/hooks/useRegistrationForm.ts:277:13)

    console.log
      [2026-02-08T19:37:13.515Z] ========== FORM SUBMISSION STARTED ==========

      at Object.log [as handleSubmit] (src/hooks/useRegistrationForm.ts:280:13)

    console.log
      [2026-02-08T19:37:13.515Z] Event defaultPrevented: undefined

      at Object.log [as handleSubmit] (src/hooks/useRegistrationForm.ts:281:13)

    console.log
      [2026-02-08T19:37:13.515Z] Event type: undefined

      at Object.log [as handleSubmit] (src/hooks/useRegistrationForm.ts:282:13)

    console.log
      [2026-02-08T19:37:13.515Z] Event target: undefined

      at Object.log [as handleSubmit] (src/hooks/useRegistrationForm.ts:283:13)

    console.log
      [2026-02-08T19:37:13.515Z] Form data: {
        "fullName": "John Doe",
        "email": "test@example.com",
        "password": "Password123!",
        "confirmPassword": "Password123!"
      }

      at Object.log [as handleSubmit] (src/hooks/useRegistrationForm.ts:284:13)

    console.log
      [2026-02-08T19:37:13.515Z] Current errors: {}

      at Object.log [as handleSubmit] (src/hooks/useRegistrationForm.ts:285:13)

    console.log
      [2026-02-08T19:37:13.515Z] Is rate limited: false

      at Object.log [as handleSubmit] (src/hooks/useRegistrationForm.ts:286:13)

    console.log
      [2026-02-08T19:37:13.515Z] Validation result: true

      at Object.log [as handleSubmit] (src/hooks/useRegistrationForm.ts:296:13)

    console.log
      [2026-02-08T19:37:13.515Z] ✅ Validation passed, proceeding with API call

      at Object.log [as handleSubmit] (src/hooks/useRegistrationForm.ts:303:13)

    console.log
      [2026-02-08T19:37:13.515Z] 📡 Calling API client register method

      at Object.log [as handleSubmit] (src/hooks/useRegistrationForm.ts:316:15)

    console.log
      [2026-02-08T19:37:13.515Z] API payload: {
        email: 'test@example.com',
        name: 'John Doe',
        password: '***REDACTED***'
      }

      at Object.log [as handleSubmit] (src/hooks/useRegistrationForm.ts:317:15)

    console.log
      [2026-02-08T19:37:13.515Z] ❌ API call failed: { status: 409, message: 'Email already exists' }

      at Object.log [as handleSubmit] (src/hooks/useRegistrationForm.ts:343:15)

    console.log
      [2026-02-08T19:37:13.515Z] ========== FORM SUBMISSION ENDED ==========

      at Object.log [as handleSubmit] (src/hooks/useRegistrationForm.ts:376:15)

    console.log
      ✅ preventDefault() called FIRST (stopPropagation also called if available)

      at Object.log [as handleSubmit] (src/hooks/useRegistrationForm.ts:277:13)

    console.log
      [2026-02-08T19:37:13.520Z] ========== FORM SUBMISSION STARTED ==========

      at Object.log [as handleSubmit] (src/hooks/useRegistrationForm.ts:280:13)

    console.log
      [2026-02-08T19:37:13.520Z] Event defaultPrevented: undefined

      at Object.log [as handleSubmit] (src/hooks/useRegistrationForm.ts:281:13)

    console.log
      [2026-02-08T19:37:13.520Z] Event type: undefined

      at Object.log [as handleSubmit] (src/hooks/useRegistrationForm.ts:282:13)

    console.log
      [2026-02-08T19:37:13.520Z] Event target: undefined

      at Object.log [as handleSubmit] (src/hooks/useRegistrationForm.ts:283:13)

    console.log
      [2026-02-08T19:37:13.520Z] Form data: {
        "fullName": "John Doe",
        "email": "test@example.com",
        "password": "Password123!",
        "confirmPassword": "Password123!"
      }

      at Object.log [as handleSubmit] (src/hooks/useRegistrationForm.ts:284:13)

    console.log
      [2026-02-08T19:37:13.520Z] Current errors: {}

      at Object.log [as handleSubmit] (src/hooks/useRegistrationForm.ts:285:13)

    console.log
      [2026-02-08T19:37:13.520Z] Is rate limited: false

      at Object.log [as handleSubmit] (src/hooks/useRegistrationForm.ts:286:13)

    console.log
      [2026-02-08T19:37:13.520Z] Validation result: true

      at Object.log [as handleSubmit] (src/hooks/useRegistrationForm.ts:296:13)

    console.log
      [2026-02-08T19:37:13.520Z] ✅ Validation passed, proceeding with API call

      at Object.log [as handleSubmit] (src/hooks/useRegistrationForm.ts:303:13)

    console.log
      [2026-02-08T19:37:13.520Z] 📡 Calling API client register method

      at Object.log [as handleSubmit] (src/hooks/useRegistrationForm.ts:316:15)

    console.log
      [2026-02-08T19:37:13.520Z] API payload: {
        email: 'test@example.com',
        name: 'John Doe',
        password: '***REDACTED***'
      }

      at Object.log [as handleSubmit] (src/hooks/useRegistrationForm.ts:317:15)

    console.log
      [2026-02-08T19:37:13.520Z] ❌ API call failed: { status: 409, message: 'Email already exists' }

      at Object.log [as handleSubmit] (src/hooks/useRegistrationForm.ts:343:15)

    console.log
      [2026-02-08T19:37:13.520Z] ========== FORM SUBMISSION ENDED ==========

      at Object.log [as handleSubmit] (src/hooks/useRegistrationForm.ts:376:15)

    console.log
      ✅ preventDefault() called FIRST (stopPropagation also called if available)

      at Object.log [as handleSubmit] (src/hooks/useRegistrationForm.ts:277:13)

    console.log
      [2026-02-08T19:37:13.523Z] ========== FORM SUBMISSION STARTED ==========

      at Object.log [as handleSubmit] (src/hooks/useRegistrationForm.ts:280:13)

    console.log
      [2026-02-08T19:37:13.523Z] Event defaultPrevented: undefined

      at Object.log [as handleSubmit] (src/hooks/useRegistrationForm.ts:281:13)

    console.log
      [2026-02-08T19:37:13.523Z] Event type: undefined

      at Object.log [as handleSubmit] (src/hooks/useRegistrationForm.ts:282:13)

    console.log
      [2026-02-08T19:37:13.523Z] Event target: undefined

      at Object.log [as handleSubmit] (src/hooks/useRegistrationForm.ts:283:13)

    console.log
      [2026-02-08T19:37:13.523Z] Form data: {
        "fullName": "John Doe",
        "email": "test@example.com",
        "password": "Password123!",
        "confirmPassword": "Password123!"
      }

      at Object.log [as handleSubmit] (src/hooks/useRegistrationForm.ts:284:13)

    console.log
      [2026-02-08T19:37:13.523Z] Current errors: {}

      at Object.log [as handleSubmit] (src/hooks/useRegistrationForm.ts:285:13)

    console.log
      [2026-02-08T19:37:13.523Z] Is rate limited: false

      at Object.log [as handleSubmit] (src/hooks/useRegistrationForm.ts:286:13)

    console.log
      [2026-02-08T19:37:13.523Z] Validation result: true

      at Object.log [as handleSubmit] (src/hooks/useRegistrationForm.ts:296:13)

    console.log
      [2026-02-08T19:37:13.523Z] ✅ Validation passed, proceeding with API call

      at Object.log [as handleSubmit] (src/hooks/useRegistrationForm.ts:303:13)

    console.log
      [2026-02-08T19:37:13.523Z] 📡 Calling API client register method

      at Object.log [as handleSubmit] (src/hooks/useRegistrationForm.ts:316:15)

    console.log
      [2026-02-08T19:37:13.523Z] API payload: {
        email: 'test@example.com',
        name: 'John Doe',
        password: '***REDACTED***'
      }

      at Object.log [as handleSubmit] (src/hooks/useRegistrationForm.ts:317:15)

    console.log
      [2026-02-08T19:37:13.523Z] ❌ API call failed: { status: 409, message: 'Email already exists' }

      at Object.log [as handleSubmit] (src/hooks/useRegistrationForm.ts:343:15)

    console.log
      [2026-02-08T19:37:13.523Z] ========== FORM SUBMISSION ENDED ==========

      at Object.log [as handleSubmit] (src/hooks/useRegistrationForm.ts:376:15)

    console.log
      ✅ preventDefault() called FIRST (stopPropagation also called if available)

      at Object.log [as handleSubmit] (src/hooks/useRegistrationForm.ts:277:13)

    console.log
      [2026-02-08T19:37:13.531Z] ========== FORM SUBMISSION STARTED ==========

      at Object.log [as handleSubmit] (src/hooks/useRegistrationForm.ts:280:13)

    console.log
      [2026-02-08T19:37:13.531Z] Event defaultPrevented: undefined

      at Object.log [as handleSubmit] (src/hooks/useRegistrationForm.ts:281:13)

    console.log
      [2026-02-08T19:37:13.531Z] Event type: undefined

      at Object.log [as handleSubmit] (src/hooks/useRegistrationForm.ts:282:13)

    console.log
      [2026-02-08T19:37:13.531Z] Event target: undefined

      at Object.log [as handleSubmit] (src/hooks/useRegistrationForm.ts:283:13)

    console.log
      [2026-02-08T19:37:13.531Z] Form data: {
        "fullName": "John Doe",
        "email": "test@example.com",
        "password": "Password123!",
        "confirmPassword": "Password123!"
      }

      at Object.log [as handleSubmit] (src/hooks/useRegistrationForm.ts:284:13)

    console.log
      [2026-02-08T19:37:13.531Z] Current errors: {}

      at Object.log [as handleSubmit] (src/hooks/useRegistrationForm.ts:285:13)

    console.log
      [2026-02-08T19:37:13.531Z] Is rate limited: false

      at Object.log [as handleSubmit] (src/hooks/useRegistrationForm.ts:286:13)

    console.log
      [2026-02-08T19:37:13.531Z] Validation result: true

      at Object.log [as handleSubmit] (src/hooks/useRegistrationForm.ts:296:13)

    console.log
      [2026-02-08T19:37:13.531Z] ✅ Validation passed, proceeding with API call

      at Object.log [as handleSubmit] (src/hooks/useRegistrationForm.ts:303:13)

    console.log
      [2026-02-08T19:37:13.531Z] 📡 Calling API client register method

      at Object.log [as handleSubmit] (src/hooks/useRegistrationForm.ts:316:15)

    console.log
      [2026-02-08T19:37:13.531Z] API payload: {
        email: 'test@example.com',
        name: 'John Doe',
        password: '***REDACTED***'
      }

      at Object.log [as handleSubmit] (src/hooks/useRegistrationForm.ts:317:15)

    console.log
      [2026-02-08T19:37:13.531Z] ✅ API call successful

      at Object.log [as handleSubmit] (src/hooks/useRegistrationForm.ts:330:15)

    console.log
      [2026-02-08T19:37:13.531Z] ========== FORM SUBMISSION ENDED ==========

      at Object.log [as handleSubmit] (src/hooks/useRegistrationForm.ts:376:15)

    console.log
      ✅ preventDefault() called FIRST (stopPropagation also called if available)

      at Object.log [as handleSubmit] (src/hooks/useRegistrationForm.ts:277:13)

    console.log
      [2026-02-08T19:37:13.534Z] ========== FORM SUBMISSION STARTED ==========

      at Object.log [as handleSubmit] (src/hooks/useRegistrationForm.ts:280:13)

    console.log
      [2026-02-08T19:37:13.534Z] Event defaultPrevented: undefined

      at Object.log [as handleSubmit] (src/hooks/useRegistrationForm.ts:281:13)

    console.log
      [2026-02-08T19:37:13.534Z] Event type: undefined

      at Object.log [as handleSubmit] (src/hooks/useRegistrationForm.ts:282:13)

    console.log
      [2026-02-08T19:37:13.534Z] Event target: undefined

      at Object.log [as handleSubmit] (src/hooks/useRegistrationForm.ts:283:13)

    console.log
      [2026-02-08T19:37:13.534Z] Form data: {
        "fullName": "John Doe",
        "email": "test@example.com",
        "password": "Password123!",
        "confirmPassword": "Password123!"
      }

      at Object.log [as handleSubmit] (src/hooks/useRegistrationForm.ts:284:13)

    console.log
      [2026-02-08T19:37:13.534Z] Current errors: {}

      at Object.log [as handleSubmit] (src/hooks/useRegistrationForm.ts:285:13)

    console.log
      [2026-02-08T19:37:13.534Z] Is rate limited: false

      at Object.log [as handleSubmit] (src/hooks/useRegistrationForm.ts:286:13)

    console.log
      [2026-02-08T19:37:13.534Z] Validation result: true

      at Object.log [as handleSubmit] (src/hooks/useRegistrationForm.ts:296:13)

    console.log
      [2026-02-08T19:37:13.534Z] ✅ Validation passed, proceeding with API call

      at Object.log [as handleSubmit] (src/hooks/useRegistrationForm.ts:303:13)

    console.log
      [2026-02-08T19:37:13.534Z] 📡 Calling API client register method

      at Object.log [as handleSubmit] (src/hooks/useRegistrationForm.ts:316:15)

    console.log
      [2026-02-08T19:37:13.534Z] API payload: {
        email: 'test@example.com',
        name: 'John Doe',
        password: '***REDACTED***'
      }

      at Object.log [as handleSubmit] (src/hooks/useRegistrationForm.ts:317:15)

    console.log
      [2026-02-08T19:37:13.534Z] ❌ API call failed: { status: 409, message: 'Email already exists' }

      at Object.log [as handleSubmit] (src/hooks/useRegistrationForm.ts:343:15)

    console.log
      [2026-02-08T19:37:13.534Z] ========== FORM SUBMISSION ENDED ==========

      at Object.log [as handleSubmit] (src/hooks/useRegistrationForm.ts:376:15)

    console.log
      ✅ preventDefault() called FIRST (stopPropagation also called if available)

      at Object.log [as handleSubmit] (src/hooks/useRegistrationForm.ts:277:13)

    console.log
      [2026-02-08T19:37:13.542Z] ========== FORM SUBMISSION STARTED ==========

      at Object.log [as handleSubmit] (src/hooks/useRegistrationForm.ts:280:13)

    console.log
      [2026-02-08T19:37:13.542Z] Event defaultPrevented: undefined

      at Object.log [as handleSubmit] (src/hooks/useRegistrationForm.ts:281:13)

    console.log
      [2026-02-08T19:37:13.542Z] Event type: undefined

      at Object.log [as handleSubmit] (src/hooks/useRegistrationForm.ts:282:13)

    console.log
      [2026-02-08T19:37:13.542Z] Event target: undefined

      at Object.log [as handleSubmit] (src/hooks/useRegistrationForm.ts:283:13)

    console.log
      [2026-02-08T19:37:13.542Z] Form data: {
        "fullName": "John Doe",
        "email": "test@example.com",
        "password": "Password123!",
        "confirmPassword": "Password123!"
      }

      at Object.log [as handleSubmit] (src/hooks/useRegistrationForm.ts:284:13)

    console.log
      [2026-02-08T19:37:13.542Z] Current errors: {}

      at Object.log [as handleSubmit] (src/hooks/useRegistrationForm.ts:285:13)

    console.log
      [2026-02-08T19:37:13.542Z] Is rate limited: false

      at Object.log [as handleSubmit] (src/hooks/useRegistrationForm.ts:286:13)

    console.log
      [2026-02-08T19:37:13.542Z] Validation result: true

      at Object.log [as handleSubmit] (src/hooks/useRegistrationForm.ts:296:13)

    console.log
      [2026-02-08T19:37:13.542Z] ✅ Validation passed, proceeding with API call

      at Object.log [as handleSubmit] (src/hooks/useRegistrationForm.ts:303:13)

    console.log
      [2026-02-08T19:37:13.542Z] 📡 Calling API client register method

      at Object.log [as handleSubmit] (src/hooks/useRegistrationForm.ts:316:15)

    console.log
      [2026-02-08T19:37:13.542Z] API payload: {
        email: 'test@example.com',
        name: 'John Doe',
        password: '***REDACTED***'
      }

      at Object.log [as handleSubmit] (src/hooks/useRegistrationForm.ts:317:15)

    console.log
      [2026-02-08T19:37:13.542Z] ❌ API call failed: { status: 409, message: 'Email already exists' }

      at Object.log [as handleSubmit] (src/hooks/useRegistrationForm.ts:343:15)

    console.log
      [2026-02-08T19:37:13.542Z] ========== FORM SUBMISSION ENDED ==========

      at Object.log [as handleSubmit] (src/hooks/useRegistrationForm.ts:376:15)

    console.log
      ✅ preventDefault() called FIRST (stopPropagation also called if available)

      at Object.log [as handleSubmit] (src/hooks/useRegistrationForm.ts:277:13)

    console.log
      [2026-02-08T19:37:13.547Z] ========== FORM SUBMISSION STARTED ==========

      at Object.log [as handleSubmit] (src/hooks/useRegistrationForm.ts:280:13)

    console.log
      [2026-02-08T19:37:13.547Z] Event defaultPrevented: undefined

      at Object.log [as handleSubmit] (src/hooks/useRegistrationForm.ts:281:13)

    console.log
      [2026-02-08T19:37:13.547Z] Event type: undefined

      at Object.log [as handleSubmit] (src/hooks/useRegistrationForm.ts:282:13)

    console.log
      [2026-02-08T19:37:13.547Z] Event target: undefined

      at Object.log [as handleSubmit] (src/hooks/useRegistrationForm.ts:283:13)

    console.log
      [2026-02-08T19:37:13.547Z] Form data: {
        "fullName": "John Doe",
        "email": "test@example.com",
        "password": "Password123!",
        "confirmPassword": "Password123!"
      }

      at Object.log [as handleSubmit] (src/hooks/useRegistrationForm.ts:284:13)

    console.log
      [2026-02-08T19:37:13.547Z] Current errors: {}

      at Object.log [as handleSubmit] (src/hooks/useRegistrationForm.ts:285:13)

    console.log
      [2026-02-08T19:37:13.547Z] Is rate limited: false

      at Object.log [as handleSubmit] (src/hooks/useRegistrationForm.ts:286:13)

    console.log
      [2026-02-08T19:37:13.547Z] Validation result: true

      at Object.log [as handleSubmit] (src/hooks/useRegistrationForm.ts:296:13)

    console.log
      [2026-02-08T19:37:13.547Z] ✅ Validation passed, proceeding with API call

      at Object.log [as handleSubmit] (src/hooks/useRegistrationForm.ts:303:13)

    console.log
      [2026-02-08T19:37:13.547Z] 📡 Calling API client register method

      at Object.log [as handleSubmit] (src/hooks/useRegistrationForm.ts:316:15)

    console.log
      [2026-02-08T19:37:13.547Z] API payload: {
        email: 'test@example.com',
        name: 'John Doe',
        password: '***REDACTED***'
      }

      at Object.log [as handleSubmit] (src/hooks/useRegistrationForm.ts:317:15)

    console.log
      [2026-02-08T19:37:13.547Z] ❌ API call failed: { status: 409, message: 'Email already exists' }

      at Object.log [as handleSubmit] (src/hooks/useRegistrationForm.ts:343:15)

    console.log
      [2026-02-08T19:37:13.547Z] ========== FORM SUBMISSION ENDED ==========

      at Object.log [as handleSubmit] (src/hooks/useRegistrationForm.ts:376:15)

    console.log
      ✅ preventDefault() called FIRST (stopPropagation also called if available)

      at Object.log [as handleSubmit] (src/hooks/useRegistrationForm.ts:277:13)

    console.log
      [2026-02-08T19:37:13.558Z] ========== FORM SUBMISSION STARTED ==========

      at Object.log [as handleSubmit] (src/hooks/useRegistrationForm.ts:280:13)

    console.log
      [2026-02-08T19:37:13.558Z] Event defaultPrevented: undefined

      at Object.log [as handleSubmit] (src/hooks/useRegistrationForm.ts:281:13)

    console.log
      [2026-02-08T19:37:13.558Z] Event type: undefined

      at Object.log [as handleSubmit] (src/hooks/useRegistrationForm.ts:282:13)

    console.log
      [2026-02-08T19:37:13.558Z] Event target: undefined

      at Object.log [as handleSubmit] (src/hooks/useRegistrationForm.ts:283:13)

    console.log
      [2026-02-08T19:37:13.558Z] Form data: {
        "fullName": "John Doe",
        "email": "test@example.com",
        "password": "Password123!",
        "confirmPassword": "Password123!"
      }

      at Object.log [as handleSubmit] (src/hooks/useRegistrationForm.ts:284:13)

    console.log
      [2026-02-08T19:37:13.558Z] Current errors: {}

      at Object.log [as handleSubmit] (src/hooks/useRegistrationForm.ts:285:13)

    console.log
      [2026-02-08T19:37:13.558Z] Is rate limited: false

      at Object.log [as handleSubmit] (src/hooks/useRegistrationForm.ts:286:13)

    console.log
      [2026-02-08T19:37:13.558Z] Validation result: true

      at Object.log [as handleSubmit] (src/hooks/useRegistrationForm.ts:296:13)

    console.log
      [2026-02-08T19:37:13.558Z] ✅ Validation passed, proceeding with API call

      at Object.log [as handleSubmit] (src/hooks/useRegistrationForm.ts:303:13)

    console.log
      [2026-02-08T19:37:13.558Z] 📡 Calling API client register method

      at Object.log [as handleSubmit] (src/hooks/useRegistrationForm.ts:316:15)

    console.log
      [2026-02-08T19:37:13.558Z] API payload: {
        email: 'test@example.com',
        name: 'John Doe',
        password: '***REDACTED***'
      }

      at Object.log [as handleSubmit] (src/hooks/useRegistrationForm.ts:317:15)

    console.log
      [2026-02-08T19:37:13.558Z] ❌ API call failed: { status: 409, message: 'Email already exists' }

      at Object.log [as handleSubmit] (src/hooks/useRegistrationForm.ts:343:15)

    console.log
      [2026-02-08T19:37:13.558Z] ========== FORM SUBMISSION ENDED ==========

      at Object.log [as handleSubmit] (src/hooks/useRegistrationForm.ts:376:15)

    console.log
      ✅ preventDefault() called FIRST (stopPropagation also called if available)

      at Object.log [as handleSubmit] (src/hooks/useRegistrationForm.ts:277:13)

    console.log
      [2026-02-08T19:37:13.566Z] ========== FORM SUBMISSION STARTED ==========

      at Object.log [as handleSubmit] (src/hooks/useRegistrationForm.ts:280:13)

    console.log
      [2026-02-08T19:37:13.566Z] Event defaultPrevented: undefined

      at Object.log [as handleSubmit] (src/hooks/useRegistrationForm.ts:281:13)

    console.log
      [2026-02-08T19:37:13.566Z] Event type: undefined

      at Object.log [as handleSubmit] (src/hooks/useRegistrationForm.ts:282:13)

    console.log
      [2026-02-08T19:37:13.566Z] Event target: undefined

      at Object.log [as handleSubmit] (src/hooks/useRegistrationForm.ts:283:13)

    console.log
      [2026-02-08T19:37:13.566Z] Form data: {
        "fullName": "John Doe",
        "email": "test@example.com",
        "password": "Password123!",
        "confirmPassword": "Password123!"
      }

      at Object.log [as handleSubmit] (src/hooks/useRegistrationForm.ts:284:13)

    console.log
      [2026-02-08T19:37:13.566Z] Current errors: {}

      at Object.log [as handleSubmit] (src/hooks/useRegistrationForm.ts:285:13)

    console.log
      [2026-02-08T19:37:13.566Z] Is rate limited: false

      at Object.log [as handleSubmit] (src/hooks/useRegistrationForm.ts:286:13)

    console.log
      [2026-02-08T19:37:13.566Z] Validation result: true

      at Object.log [as handleSubmit] (src/hooks/useRegistrationForm.ts:296:13)

    console.log
      [2026-02-08T19:37:13.566Z] ✅ Validation passed, proceeding with API call

      at Object.log [as handleSubmit] (src/hooks/useRegistrationForm.ts:303:13)

    console.log
      [2026-02-08T19:37:13.566Z] 📡 Calling API client register method

      at Object.log [as handleSubmit] (src/hooks/useRegistrationForm.ts:316:15)

    console.log
      [2026-02-08T19:37:13.566Z] API payload: {
        email: 'test@example.com',
        name: 'John Doe',
        password: '***REDACTED***'
      }

      at Object.log [as handleSubmit] (src/hooks/useRegistrationForm.ts:317:15)

    console.log
      [2026-02-08T19:37:13.566Z] ❌ API call failed: { status: 409, message: 'Email already exists' }

      at Object.log [as handleSubmit] (src/hooks/useRegistrationForm.ts:343:15)

    console.log
      [2026-02-08T19:37:13.566Z] ========== FORM SUBMISSION ENDED ==========

      at Object.log [as handleSubmit] (src/hooks/useRegistrationForm.ts:376:15)

    console.log
      ✅ preventDefault() called FIRST (stopPropagation also called if available)

      at Object.log [as handleSubmit] (src/hooks/useRegistrationForm.ts:277:13)

    console.log
      [2026-02-08T19:37:13.570Z] ========== FORM SUBMISSION STARTED ==========

      at Object.log [as handleSubmit] (src/hooks/useRegistrationForm.ts:280:13)

    console.log
      [2026-02-08T19:37:13.570Z] Event defaultPrevented: undefined

      at Object.log [as handleSubmit] (src/hooks/useRegistrationForm.ts:281:13)

    console.log
      [2026-02-08T19:37:13.570Z] Event type: undefined

      at Object.log [as handleSubmit] (src/hooks/useRegistrationForm.ts:282:13)

    console.log
      [2026-02-08T19:37:13.570Z] Event target: undefined

      at Object.log [as handleSubmit] (src/hooks/useRegistrationForm.ts:283:13)

    console.log
      [2026-02-08T19:37:13.570Z] Form data: {
        "fullName": "John Doe",
        "email": "test@example.com",
        "password": "Password123!",
        "confirmPassword": "Password123!"
      }

      at Object.log [as handleSubmit] (src/hooks/useRegistrationForm.ts:284:13)

    console.log
      [2026-02-08T19:37:13.570Z] Current errors: {}

      at Object.log [as handleSubmit] (src/hooks/useRegistrationForm.ts:285:13)

    console.log
      [2026-02-08T19:37:13.570Z] Is rate limited: false

      at Object.log [as handleSubmit] (src/hooks/useRegistrationForm.ts:286:13)

    console.log
      [2026-02-08T19:37:13.570Z] Validation result: true

      at Object.log [as handleSubmit] (src/hooks/useRegistrationForm.ts:296:13)

    console.log
      [2026-02-08T19:37:13.570Z] ✅ Validation passed, proceeding with API call

      at Object.log [as handleSubmit] (src/hooks/useRegistrationForm.ts:303:13)

    console.log
      [2026-02-08T19:37:13.570Z] 📡 Calling API client register method

      at Object.log [as handleSubmit] (src/hooks/useRegistrationForm.ts:316:15)

    console.log
      [2026-02-08T19:37:13.570Z] API payload: {
        email: 'test@example.com',
        name: 'John Doe',
        password: '***REDACTED***'
      }

      at Object.log [as handleSubmit] (src/hooks/useRegistrationForm.ts:317:15)

    console.log
      [2026-02-08T19:37:13.570Z] ❌ API call failed: { status: 409, message: 'Email already exists' }

      at Object.log [as handleSubmit] (src/hooks/useRegistrationForm.ts:343:15)

    console.log
      [2026-02-08T19:37:13.570Z] ========== FORM SUBMISSION ENDED ==========

      at Object.log [as handleSubmit] (src/hooks/useRegistrationForm.ts:376:15)

    console.log
      ✅ preventDefault() called FIRST (stopPropagation also called if available)

      at Object.log [as handleSubmit] (src/hooks/useRegistrationForm.ts:277:13)

    console.log
      [2026-02-08T19:37:13.578Z] ========== FORM SUBMISSION STARTED ==========

      at Object.log [as handleSubmit] (src/hooks/useRegistrationForm.ts:280:13)

    console.log
      [2026-02-08T19:37:13.578Z] Event defaultPrevented: undefined

      at Object.log [as handleSubmit] (src/hooks/useRegistrationForm.ts:281:13)

    console.log
      [2026-02-08T19:37:13.578Z] Event type: undefined

      at Object.log [as handleSubmit] (src/hooks/useRegistrationForm.ts:282:13)

    console.log
      [2026-02-08T19:37:13.578Z] Event target: undefined

      at Object.log [as handleSubmit] (src/hooks/useRegistrationForm.ts:283:13)

    console.log
      [2026-02-08T19:37:13.578Z] Form data: {
        "fullName": "John Doe",
        "email": "test@example.com",
        "password": "Password123!",
        "confirmPassword": "Password123!"
      }

      at Object.log [as handleSubmit] (src/hooks/useRegistrationForm.ts:284:13)

    console.log
      [2026-02-08T19:37:13.578Z] Current errors: {}

      at Object.log [as handleSubmit] (src/hooks/useRegistrationForm.ts:285:13)

    console.log
      [2026-02-08T19:37:13.578Z] Is rate limited: false

      at Object.log [as handleSubmit] (src/hooks/useRegistrationForm.ts:286:13)

    console.log
      [2026-02-08T19:37:13.578Z] Validation result: true

      at Object.log [as handleSubmit] (src/hooks/useRegistrationForm.ts:296:13)

    console.log
      [2026-02-08T19:37:13.578Z] ✅ Validation passed, proceeding with API call

      at Object.log [as handleSubmit] (src/hooks/useRegistrationForm.ts:303:13)

    console.log
      [2026-02-08T19:37:13.578Z] 📡 Calling API client register method

      at Object.log [as handleSubmit] (src/hooks/useRegistrationForm.ts:316:15)

    console.log
      [2026-02-08T19:37:13.578Z] API payload: {
        email: 'test@example.com',
        name: 'John Doe',
        password: '***REDACTED***'
      }

      at Object.log [as handleSubmit] (src/hooks/useRegistrationForm.ts:317:15)

    console.log
      [2026-02-08T19:37:13.578Z] ❌ API call failed: { status: 409, message: 'Email already exists' }

      at Object.log [as handleSubmit] (src/hooks/useRegistrationForm.ts:343:15)

    console.log
      [2026-02-08T19:37:13.578Z] ========== FORM SUBMISSION ENDED ==========

      at Object.log [as handleSubmit] (src/hooks/useRegistrationForm.ts:376:15)

    console.log
      ✅ preventDefault() called FIRST (stopPropagation also called if available)

      at Object.log [as handleSubmit] (src/hooks/useRegistrationForm.ts:277:13)

    console.log
      [2026-02-08T19:37:13.582Z] ========== FORM SUBMISSION STARTED ==========

      at Object.log [as handleSubmit] (src/hooks/useRegistrationForm.ts:280:13)

    console.log
      [2026-02-08T19:37:13.582Z] Event defaultPrevented: undefined

      at Object.log [as handleSubmit] (src/hooks/useRegistrationForm.ts:281:13)

    console.log
      [2026-02-08T19:37:13.582Z] Event type: undefined

      at Object.log [as handleSubmit] (src/hooks/useRegistrationForm.ts:282:13)

    console.log
      [2026-02-08T19:37:13.582Z] Event target: undefined

      at Object.log [as handleSubmit] (src/hooks/useRegistrationForm.ts:283:13)

    console.log
      [2026-02-08T19:37:13.582Z] Form data: {
        "fullName": "John Doe",
        "email": "test@example.com",
        "password": "Password123!",
        "confirmPassword": "Password123!"
      }

      at Object.log [as handleSubmit] (src/hooks/useRegistrationForm.ts:284:13)

    console.log
      [2026-02-08T19:37:13.582Z] Current errors: {}

      at Object.log [as handleSubmit] (src/hooks/useRegistrationForm.ts:285:13)

    console.log
      [2026-02-08T19:37:13.582Z] Is rate limited: false

      at Object.log [as handleSubmit] (src/hooks/useRegistrationForm.ts:286:13)

    console.log
      [2026-02-08T19:37:13.582Z] Validation result: true

      at Object.log [as handleSubmit] (src/hooks/useRegistrationForm.ts:296:13)

    console.log
      [2026-02-08T19:37:13.582Z] ✅ Validation passed, proceeding with API call

      at Object.log [as handleSubmit] (src/hooks/useRegistrationForm.ts:303:13)

    console.log
      [2026-02-08T19:37:13.582Z] 📡 Calling API client register method

      at Object.log [as handleSubmit] (src/hooks/useRegistrationForm.ts:316:15)

    console.log
      [2026-02-08T19:37:13.582Z] API payload: {
        email: 'test@example.com',
        name: 'John Doe',
        password: '***REDACTED***'
      }

      at Object.log [as handleSubmit] (src/hooks/useRegistrationForm.ts:317:15)

    console.log
      [2026-02-08T19:37:13.582Z] ❌ API call failed: { status: 409, message: 'Email already exists' }

      at Object.log [as handleSubmit] (src/hooks/useRegistrationForm.ts:343:15)

    console.log
      [2026-02-08T19:37:13.582Z] ========== FORM SUBMISSION ENDED ==========

      at Object.log [as handleSubmit] (src/hooks/useRegistrationForm.ts:376:15)

    console.log
      ✅ preventDefault() called FIRST (stopPropagation also called if available)

      at Object.log [as handleSubmit] (src/hooks/useRegistrationForm.ts:277:13)

    console.log
      [2026-02-08T19:37:13.587Z] ========== FORM SUBMISSION STARTED ==========

      at Object.log [as handleSubmit] (src/hooks/useRegistrationForm.ts:280:13)

    console.log
      [2026-02-08T19:37:13.587Z] Event defaultPrevented: undefined

      at Object.log [as handleSubmit] (src/hooks/useRegistrationForm.ts:281:13)

    console.log
      [2026-02-08T19:37:13.587Z] Event type: undefined

      at Object.log [as handleSubmit] (src/hooks/useRegistrationForm.ts:282:13)

    console.log
      [2026-02-08T19:37:13.587Z] Event target: undefined

      at Object.log [as handleSubmit] (src/hooks/useRegistrationForm.ts:283:13)

    console.log
      [2026-02-08T19:37:13.587Z] Form data: {
        "fullName": "John Doe",
        "email": "test@example.com",
        "password": "Password123!",
        "confirmPassword": "Password123!"
      }

      at Object.log [as handleSubmit] (src/hooks/useRegistrationForm.ts:284:13)

    console.log
      [2026-02-08T19:37:13.587Z] Current errors: {}

      at Object.log [as handleSubmit] (src/hooks/useRegistrationForm.ts:285:13)

    console.log
      [2026-02-08T19:37:13.587Z] Is rate limited: false

      at Object.log [as handleSubmit] (src/hooks/useRegistrationForm.ts:286:13)

    console.log
      [2026-02-08T19:37:13.587Z] Validation result: true

      at Object.log [as handleSubmit] (src/hooks/useRegistrationForm.ts:296:13)

    console.log
      [2026-02-08T19:37:13.587Z] ✅ Validation passed, proceeding with API call

      at Object.log [as handleSubmit] (src/hooks/useRegistrationForm.ts:303:13)

    console.log
      [2026-02-08T19:37:13.587Z] 📡 Calling API client register method

      at Object.log [as handleSubmit] (src/hooks/useRegistrationForm.ts:316:15)

    console.log
      [2026-02-08T19:37:13.587Z] API payload: {
        email: 'test@example.com',
        name: 'John Doe',
        password: '***REDACTED***'
      }

      at Object.log [as handleSubmit] (src/hooks/useRegistrationForm.ts:317:15)

    console.log
      [2026-02-08T19:37:13.587Z] ❌ API call failed: { status: 409, message: 'Email already exists' }

      at Object.log [as handleSubmit] (src/hooks/useRegistrationForm.ts:343:15)

    console.log
      [2026-02-08T19:37:13.587Z] ========== FORM SUBMISSION ENDED ==========

      at Object.log [as handleSubmit] (src/hooks/useRegistrationForm.ts:376:15)

    console.log
      ✅ preventDefault() called FIRST (stopPropagation also called if available)

      at Object.log [as handleSubmit] (src/hooks/useRegistrationForm.ts:277:13)

    console.log
      [2026-02-08T19:37:13.595Z] ========== FORM SUBMISSION STARTED ==========

      at Object.log [as handleSubmit] (src/hooks/useRegistrationForm.ts:280:13)

    console.log
      [2026-02-08T19:37:13.595Z] Event defaultPrevented: undefined

      at Object.log [as handleSubmit] (src/hooks/useRegistrationForm.ts:281:13)

    console.log
      [2026-02-08T19:37:13.595Z] Event type: undefined

      at Object.log [as handleSubmit] (src/hooks/useRegistrationForm.ts:282:13)

    console.log
      [2026-02-08T19:37:13.595Z] Event target: undefined

      at Object.log [as handleSubmit] (src/hooks/useRegistrationForm.ts:283:13)

    console.log
      [2026-02-08T19:37:13.595Z] Form data: {
        "fullName": "John Doe",
        "email": "test@example.com",
        "password": "Password123!",
        "confirmPassword": "Password123!"
      }

      at Object.log [as handleSubmit] (src/hooks/useRegistrationForm.ts:284:13)

    console.log
      [2026-02-08T19:37:13.595Z] Current errors: {}

      at Object.log [as handleSubmit] (src/hooks/useRegistrationForm.ts:285:13)

    console.log
      [2026-02-08T19:37:13.595Z] Is rate limited: false

      at Object.log [as handleSubmit] (src/hooks/useRegistrationForm.ts:286:13)

    console.log
      [2026-02-08T19:37:13.595Z] Validation result: true

      at Object.log [as handleSubmit] (src/hooks/useRegistrationForm.ts:296:13)

    console.log
      [2026-02-08T19:37:13.595Z] ✅ Validation passed, proceeding with API call

      at Object.log [as handleSubmit] (src/hooks/useRegistrationForm.ts:303:13)

    console.log
      [2026-02-08T19:37:13.595Z] 📡 Calling API client register method

      at Object.log [as handleSubmit] (src/hooks/useRegistrationForm.ts:316:15)

    console.log
      [2026-02-08T19:37:13.595Z] API payload: {
        email: 'test@example.com',
        name: 'John Doe',
        password: '***REDACTED***'
      }

      at Object.log [as handleSubmit] (src/hooks/useRegistrationForm.ts:317:15)

    console.log
      [2026-02-08T19:37:13.595Z] ❌ API call failed: { status: 409, message: 'Email already exists' }

      at Object.log [as handleSubmit] (src/hooks/useRegistrationForm.ts:343:15)

    console.log
      [2026-02-08T19:37:13.595Z] ========== FORM SUBMISSION ENDED ==========

      at Object.log [as handleSubmit] (src/hooks/useRegistrationForm.ts:376:15)

    console.log
      ✅ preventDefault() called FIRST (stopPropagation also called if available)

      at Object.log [as handleSubmit] (src/hooks/useRegistrationForm.ts:277:13)

    console.log
      [2026-02-08T19:37:13.605Z] ========== FORM SUBMISSION STARTED ==========

      at Object.log [as handleSubmit] (src/hooks/useRegistrationForm.ts:280:13)

    console.log
      [2026-02-08T19:37:13.605Z] Event defaultPrevented: undefined

      at Object.log [as handleSubmit] (src/hooks/useRegistrationForm.ts:281:13)

    console.log
      [2026-02-08T19:37:13.605Z] Event type: undefined

      at Object.log [as handleSubmit] (src/hooks/useRegistrationForm.ts:282:13)

    console.log
      [2026-02-08T19:37:13.605Z] Event target: undefined

      at Object.log [as handleSubmit] (src/hooks/useRegistrationForm.ts:283:13)

    console.log
      [2026-02-08T19:37:13.605Z] Form data: {
        "fullName": "John Doe",
        "email": "test@example.com",
        "password": "Password123!",
        "confirmPassword": "Password123!"
      }

      at Object.log [as handleSubmit] (src/hooks/useRegistrationForm.ts:284:13)

    console.log
      [2026-02-08T19:37:13.605Z] Current errors: {}

      at Object.log [as handleSubmit] (src/hooks/useRegistrationForm.ts:285:13)

    console.log
      [2026-02-08T19:37:13.605Z] Is rate limited: false

      at Object.log [as handleSubmit] (src/hooks/useRegistrationForm.ts:286:13)

    console.log
      [2026-02-08T19:37:13.605Z] Validation result: true

      at Object.log [as handleSubmit] (src/hooks/useRegistrationForm.ts:296:13)

    console.log
      [2026-02-08T19:37:13.605Z] ✅ Validation passed, proceeding with API call

      at Object.log [as handleSubmit] (src/hooks/useRegistrationForm.ts:303:13)

    console.log
      [2026-02-08T19:37:13.605Z] 📡 Calling API client register method

      at Object.log [as handleSubmit] (src/hooks/useRegistrationForm.ts:316:15)

    console.log
      [2026-02-08T19:37:13.605Z] API payload: {
        email: 'test@example.com',
        name: 'John Doe',
        password: '***REDACTED***'
      }

      at Object.log [as handleSubmit] (src/hooks/useRegistrationForm.ts:317:15)

    console.log
      [2026-02-08T19:37:13.605Z] ✅ API call successful

      at Object.log [as handleSubmit] (src/hooks/useRegistrationForm.ts:330:15)

    console.log
      [2026-02-08T19:37:13.605Z] ========== FORM SUBMISSION ENDED ==========

      at Object.log [as handleSubmit] (src/hooks/useRegistrationForm.ts:376:15)

    console.log
      ✅ preventDefault() called FIRST (stopPropagation also called if available)

      at Object.log [as handleSubmit] (src/hooks/useRegistrationForm.ts:277:13)

    console.log
      [2026-02-08T19:37:13.612Z] ========== FORM SUBMISSION STARTED ==========

      at Object.log [as handleSubmit] (src/hooks/useRegistrationForm.ts:280:13)

    console.log
      [2026-02-08T19:37:13.612Z] Event defaultPrevented: undefined

      at Object.log [as handleSubmit] (src/hooks/useRegistrationForm.ts:281:13)

    console.log
      [2026-02-08T19:37:13.612Z] Event type: undefined

      at Object.log [as handleSubmit] (src/hooks/useRegistrationForm.ts:282:13)

    console.log
      [2026-02-08T19:37:13.612Z] Event target: undefined

      at Object.log [as handleSubmit] (src/hooks/useRegistrationForm.ts:283:13)

    console.log
      [2026-02-08T19:37:13.612Z] Form data: {
        "fullName": "John Doe",
        "email": "test@example.com",
        "password": "Password123!",
        "confirmPassword": "Password123!"
      }

      at Object.log [as handleSubmit] (src/hooks/useRegistrationForm.ts:284:13)

    console.log
      [2026-02-08T19:37:13.612Z] Current errors: {}

      at Object.log [as handleSubmit] (src/hooks/useRegistrationForm.ts:285:13)

    console.log
      [2026-02-08T19:37:13.612Z] Is rate limited: false

      at Object.log [as handleSubmit] (src/hooks/useRegistrationForm.ts:286:13)

    console.log
      [2026-02-08T19:37:13.612Z] Validation result: true

      at Object.log [as handleSubmit] (src/hooks/useRegistrationForm.ts:296:13)

    console.log
      [2026-02-08T19:37:13.612Z] ✅ Validation passed, proceeding with API call

      at Object.log [as handleSubmit] (src/hooks/useRegistrationForm.ts:303:13)

    console.log
      [2026-02-08T19:37:13.612Z] 📡 Calling API client register method

      at Object.log [as handleSubmit] (src/hooks/useRegistrationForm.ts:316:15)

    console.log
      [2026-02-08T19:37:13.612Z] API payload: {
        email: 'test@example.com',
        name: 'John Doe',
        password: '***REDACTED***'
      }

      at Object.log [as handleSubmit] (src/hooks/useRegistrationForm.ts:317:15)

    console.log
      [2026-02-08T19:37:13.612Z] ❌ API call failed: { status: 409, message: 'Email already exists' }

      at Object.log [as handleSubmit] (src/hooks/useRegistrationForm.ts:343:15)

    console.log
      [2026-02-08T19:37:13.612Z] ========== FORM SUBMISSION ENDED ==========

      at Object.log [as handleSubmit] (src/hooks/useRegistrationForm.ts:376:15)

    console.log
      ✅ preventDefault() called FIRST (stopPropagation also called if available)

      at Object.log [as handleSubmit] (src/hooks/useRegistrationForm.ts:277:13)

    console.log
      [2026-02-08T19:37:13.620Z] ========== FORM SUBMISSION STARTED ==========

      at Object.log [as handleSubmit] (src/hooks/useRegistrationForm.ts:280:13)

    console.log
      [2026-02-08T19:37:13.620Z] Event defaultPrevented: undefined

      at Object.log [as handleSubmit] (src/hooks/useRegistrationForm.ts:281:13)

    console.log
      [2026-02-08T19:37:13.620Z] Event type: undefined

      at Object.log [as handleSubmit] (src/hooks/useRegistrationForm.ts:282:13)

    console.log
      [2026-02-08T19:37:13.620Z] Event target: undefined

      at Object.log [as handleSubmit] (src/hooks/useRegistrationForm.ts:283:13)

    console.log
      [2026-02-08T19:37:13.620Z] Form data: {
        "fullName": "John Doe",
        "email": "test@example.com",
        "password": "Password123!",
        "confirmPassword": "Password123!"
      }

      at Object.log [as handleSubmit] (src/hooks/useRegistrationForm.ts:284:13)

    console.log
      [2026-02-08T19:37:13.620Z] Current errors: {}

      at Object.log [as handleSubmit] (src/hooks/useRegistrationForm.ts:285:13)

    console.log
      [2026-02-08T19:37:13.620Z] Is rate limited: false

      at Object.log [as handleSubmit] (src/hooks/useRegistrationForm.ts:286:13)

    console.log
      [2026-02-08T19:37:13.620Z] Validation result: true

      at Object.log [as handleSubmit] (src/hooks/useRegistrationForm.ts:296:13)

    console.log
      [2026-02-08T19:37:13.620Z] ✅ Validation passed, proceeding with API call

      at Object.log [as handleSubmit] (src/hooks/useRegistrationForm.ts:303:13)

    console.log
      [2026-02-08T19:37:13.620Z] 📡 Calling API client register method

      at Object.log [as handleSubmit] (src/hooks/useRegistrationForm.ts:316:15)

    console.log
      [2026-02-08T19:37:13.620Z] API payload: {
        email: 'test@example.com',
        name: 'John Doe',
        password: '***REDACTED***'
      }

      at Object.log [as handleSubmit] (src/hooks/useRegistrationForm.ts:317:15)

    console.log
      [2026-02-08T19:37:13.620Z] ❌ API call failed: { status: 409, message: 'Email already exists' }

      at Object.log [as handleSubmit] (src/hooks/useRegistrationForm.ts:343:15)

    console.log
      [2026-02-08T19:37:13.620Z] ========== FORM SUBMISSION ENDED ==========

      at Object.log [as handleSubmit] (src/hooks/useRegistrationForm.ts:376:15)

    console.log
      ✅ preventDefault() called FIRST (stopPropagation also called if available)

      at Object.log [as handleSubmit] (src/hooks/useRegistrationForm.ts:277:13)

    console.log
      [2026-02-08T19:37:13.625Z] ========== FORM SUBMISSION STARTED ==========

      at Object.log [as handleSubmit] (src/hooks/useRegistrationForm.ts:280:13)

    console.log
      [2026-02-08T19:37:13.625Z] Event defaultPrevented: undefined

      at Object.log [as handleSubmit] (src/hooks/useRegistrationForm.ts:281:13)

    console.log
      [2026-02-08T19:37:13.625Z] Event type: undefined

      at Object.log [as handleSubmit] (src/hooks/useRegistrationForm.ts:282:13)

    console.log
      [2026-02-08T19:37:13.625Z] Event target: undefined

      at Object.log [as handleSubmit] (src/hooks/useRegistrationForm.ts:283:13)

    console.log
      [2026-02-08T19:37:13.625Z] Form data: {
        "fullName": "John Doe",
        "email": "test@example.com",
        "password": "Password123!",
        "confirmPassword": "Password123!"
      }

      at Object.log [as handleSubmit] (src/hooks/useRegistrationForm.ts:284:13)

    console.log
      [2026-02-08T19:37:13.625Z] Current errors: {}

      at Object.log [as handleSubmit] (src/hooks/useRegistrationForm.ts:285:13)

    console.log
      [2026-02-08T19:37:13.625Z] Is rate limited: false

      at Object.log [as handleSubmit] (src/hooks/useRegistrationForm.ts:286:13)

    console.log
      [2026-02-08T19:37:13.625Z] Validation result: true

      at Object.log [as handleSubmit] (src/hooks/useRegistrationForm.ts:296:13)

    console.log
      [2026-02-08T19:37:13.625Z] ✅ Validation passed, proceeding with API call

      at Object.log [as handleSubmit] (src/hooks/useRegistrationForm.ts:303:13)

    console.log
      [2026-02-08T19:37:13.625Z] 📡 Calling API client register method

      at Object.log [as handleSubmit] (src/hooks/useRegistrationForm.ts:316:15)

    console.log
      [2026-02-08T19:37:13.625Z] API payload: {
        email: 'test@example.com',
        name: 'John Doe',
        password: '***REDACTED***'
      }

      at Object.log [as handleSubmit] (src/hooks/useRegistrationForm.ts:317:15)

    console.log
      [2026-02-08T19:37:13.625Z] ✅ API call successful

      at Object.log [as handleSubmit] (src/hooks/useRegistrationForm.ts:330:15)

    console.log
      [2026-02-08T19:37:13.625Z] ========== FORM SUBMISSION ENDED ==========

      at Object.log [as handleSubmit] (src/hooks/useRegistrationForm.ts:376:15)

    console.log
      ✅ preventDefault() called FIRST (stopPropagation also called if available)

      at Object.log [as handleSubmit] (src/hooks/useRegistrationForm.ts:277:13)

    console.log
      [2026-02-08T19:37:13.629Z] ========== FORM SUBMISSION STARTED ==========

      at Object.log [as handleSubmit] (src/hooks/useRegistrationForm.ts:280:13)

    console.log
      [2026-02-08T19:37:13.629Z] Event defaultPrevented: undefined

      at Object.log [as handleSubmit] (src/hooks/useRegistrationForm.ts:281:13)

    console.log
      [2026-02-08T19:37:13.629Z] Event type: undefined

      at Object.log [as handleSubmit] (src/hooks/useRegistrationForm.ts:282:13)

    console.log
      [2026-02-08T19:37:13.629Z] Event target: undefined

      at Object.log [as handleSubmit] (src/hooks/useRegistrationForm.ts:283:13)

    console.log
      [2026-02-08T19:37:13.629Z] Form data: {
        "fullName": "John Doe",
        "email": "test@example.com",
        "password": "Password123!",
        "confirmPassword": "Password123!"
      }

      at Object.log [as handleSubmit] (src/hooks/useRegistrationForm.ts:284:13)

    console.log
      [2026-02-08T19:37:13.629Z] Current errors: {}

      at Object.log [as handleSubmit] (src/hooks/useRegistrationForm.ts:285:13)

    console.log
      [2026-02-08T19:37:13.629Z] Is rate limited: false

      at Object.log [as handleSubmit] (src/hooks/useRegistrationForm.ts:286:13)

    console.log
      [2026-02-08T19:37:13.629Z] Validation result: true

      at Object.log [as handleSubmit] (src/hooks/useRegistrationForm.ts:296:13)

    console.log
      [2026-02-08T19:37:13.629Z] ✅ Validation passed, proceeding with API call

      at Object.log [as handleSubmit] (src/hooks/useRegistrationForm.ts:303:13)

    console.log
      [2026-02-08T19:37:13.629Z] 📡 Calling API client register method

      at Object.log [as handleSubmit] (src/hooks/useRegistrationForm.ts:316:15)

    console.log
      [2026-02-08T19:37:13.629Z] API payload: {
        email: 'test@example.com',
        name: 'John Doe',
        password: '***REDACTED***'
      }

      at Object.log [as handleSubmit] (src/hooks/useRegistrationForm.ts:317:15)

    console.log
      [2026-02-08T19:37:13.629Z] ✅ API call successful

      at Object.log [as handleSubmit] (src/hooks/useRegistrationForm.ts:330:15)

    console.log
      [2026-02-08T19:37:13.629Z] ========== FORM SUBMISSION ENDED ==========

      at Object.log [as handleSubmit] (src/hooks/useRegistrationForm.ts:376:15)

    console.log
      ✅ preventDefault() called FIRST (stopPropagation also called if available)

      at Object.log [as handleSubmit] (src/hooks/useRegistrationForm.ts:277:13)

    console.log
      [2026-02-08T19:37:13.635Z] ========== FORM SUBMISSION STARTED ==========

      at Object.log [as handleSubmit] (src/hooks/useRegistrationForm.ts:280:13)

    console.log
      [2026-02-08T19:37:13.635Z] Event defaultPrevented: undefined

      at Object.log [as handleSubmit] (src/hooks/useRegistrationForm.ts:281:13)

    console.log
      [2026-02-08T19:37:13.635Z] Event type: undefined

      at Object.log [as handleSubmit] (src/hooks/useRegistrationForm.ts:282:13)

    console.log
      [2026-02-08T19:37:13.635Z] Event target: undefined

      at Object.log [as handleSubmit] (src/hooks/useRegistrationForm.ts:283:13)

    console.log
      [2026-02-08T19:37:13.635Z] Form data: {
        "fullName": "John Doe",
        "email": "test@example.com",
        "password": "Password123!",
        "confirmPassword": "Password123!"
      }

      at Object.log [as handleSubmit] (src/hooks/useRegistrationForm.ts:284:13)

    console.log
      [2026-02-08T19:37:13.635Z] Current errors: {}

      at Object.log [as handleSubmit] (src/hooks/useRegistrationForm.ts:285:13)

    console.log
      [2026-02-08T19:37:13.635Z] Is rate limited: false

      at Object.log [as handleSubmit] (src/hooks/useRegistrationForm.ts:286:13)

    console.log
      [2026-02-08T19:37:13.635Z] Validation result: true

      at Object.log [as handleSubmit] (src/hooks/useRegistrationForm.ts:296:13)

    console.log
      [2026-02-08T19:37:13.635Z] ✅ Validation passed, proceeding with API call

      at Object.log [as handleSubmit] (src/hooks/useRegistrationForm.ts:303:13)

    console.log
      [2026-02-08T19:37:13.635Z] 📡 Calling API client register method

      at Object.log [as handleSubmit] (src/hooks/useRegistrationForm.ts:316:15)

    console.log
      [2026-02-08T19:37:13.635Z] API payload: {
        email: 'test@example.com',
        name: 'John Doe',
        password: '***REDACTED***'
      }

      at Object.log [as handleSubmit] (src/hooks/useRegistrationForm.ts:317:15)

    console.log
      [2026-02-08T19:37:13.635Z] ✅ API call successful

      at Object.log [as handleSubmit] (src/hooks/useRegistrationForm.ts:330:15)

    console.log
      [2026-02-08T19:37:13.635Z] ========== FORM SUBMISSION ENDED ==========

      at Object.log [as handleSubmit] (src/hooks/useRegistrationForm.ts:376:15)

    console.log
      ✅ preventDefault() called FIRST (stopPropagation also called if available)

      at Object.log [as handleSubmit] (src/hooks/useRegistrationForm.ts:277:13)

    console.log
      [2026-02-08T19:37:13.640Z] ========== FORM SUBMISSION STARTED ==========

      at Object.log [as handleSubmit] (src/hooks/useRegistrationForm.ts:280:13)

    console.log
      [2026-02-08T19:37:13.640Z] Event defaultPrevented: undefined

      at Object.log [as handleSubmit] (src/hooks/useRegistrationForm.ts:281:13)

    console.log
      [2026-02-08T19:37:13.640Z] Event type: undefined

      at Object.log [as handleSubmit] (src/hooks/useRegistrationForm.ts:282:13)

    console.log
      [2026-02-08T19:37:13.640Z] Event target: undefined

      at Object.log [as handleSubmit] (src/hooks/useRegistrationForm.ts:283:13)

    console.log
      [2026-02-08T19:37:13.640Z] Form data: {
        "fullName": "John Doe",
        "email": "test@example.com",
        "password": "Password123!",
        "confirmPassword": "Password123!"
      }

      at Object.log [as handleSubmit] (src/hooks/useRegistrationForm.ts:284:13)

    console.log
      [2026-02-08T19:37:13.640Z] Current errors: {}

      at Object.log [as handleSubmit] (src/hooks/useRegistrationForm.ts:285:13)

    console.log
      [2026-02-08T19:37:13.640Z] Is rate limited: false

      at Object.log [as handleSubmit] (src/hooks/useRegistrationForm.ts:286:13)

    console.log
      [2026-02-08T19:37:13.640Z] Validation result: true

      at Object.log [as handleSubmit] (src/hooks/useRegistrationForm.ts:296:13)

    console.log
      [2026-02-08T19:37:13.640Z] ✅ Validation passed, proceeding with API call

      at Object.log [as handleSubmit] (src/hooks/useRegistrationForm.ts:303:13)

    console.log
      [2026-02-08T19:37:13.640Z] 📡 Calling API client register method

      at Object.log [as handleSubmit] (src/hooks/useRegistrationForm.ts:316:15)

    console.log
      [2026-02-08T19:37:13.640Z] API payload: {
        email: 'test@example.com',
        name: 'John Doe',
        password: '***REDACTED***'
      }

      at Object.log [as handleSubmit] (src/hooks/useRegistrationForm.ts:317:15)

    console.log
      [2026-02-08T19:37:13.640Z] ✅ API call successful

      at Object.log [as handleSubmit] (src/hooks/useRegistrationForm.ts:330:15)

    console.log
      [2026-02-08T19:37:13.640Z] ========== FORM SUBMISSION ENDED ==========

      at Object.log [as handleSubmit] (src/hooks/useRegistrationForm.ts:376:15)

    console.log
      ✅ preventDefault() called FIRST (stopPropagation also called if available)

      at Object.log [as handleSubmit] (src/hooks/useRegistrationForm.ts:277:13)

    console.log
      [2026-02-08T19:37:13.645Z] ========== FORM SUBMISSION STARTED ==========

      at Object.log [as handleSubmit] (src/hooks/useRegistrationForm.ts:280:13)

    console.log
      [2026-02-08T19:37:13.645Z] Event defaultPrevented: undefined

      at Object.log [as handleSubmit] (src/hooks/useRegistrationForm.ts:281:13)

    console.log
      [2026-02-08T19:37:13.645Z] Event type: undefined

      at Object.log [as handleSubmit] (src/hooks/useRegistrationForm.ts:282:13)

    console.log
      [2026-02-08T19:37:13.645Z] Event target: undefined

      at Object.log [as handleSubmit] (src/hooks/useRegistrationForm.ts:283:13)

    console.log
      [2026-02-08T19:37:13.645Z] Form data: {
        "fullName": "John Doe",
        "email": "test@example.com",
        "password": "Password123!",
        "confirmPassword": "Password123!"
      }

      at Object.log [as handleSubmit] (src/hooks/useRegistrationForm.ts:284:13)

    console.log
      [2026-02-08T19:37:13.645Z] Current errors: {}

      at Object.log [as handleSubmit] (src/hooks/useRegistrationForm.ts:285:13)

    console.log
      [2026-02-08T19:37:13.645Z] Is rate limited: false

      at Object.log [as handleSubmit] (src/hooks/useRegistrationForm.ts:286:13)

    console.log
      [2026-02-08T19:37:13.645Z] Validation result: true

      at Object.log [as handleSubmit] (src/hooks/useRegistrationForm.ts:296:13)

    console.log
      [2026-02-08T19:37:13.645Z] ✅ Validation passed, proceeding with API call

      at Object.log [as handleSubmit] (src/hooks/useRegistrationForm.ts:303:13)

    console.log
      [2026-02-08T19:37:13.645Z] 📡 Calling API client register method

      at Object.log [as handleSubmit] (src/hooks/useRegistrationForm.ts:316:15)

    console.log
      [2026-02-08T19:37:13.645Z] API payload: {
        email: 'test@example.com',
        name: 'John Doe',
        password: '***REDACTED***'
      }

      at Object.log [as handleSubmit] (src/hooks/useRegistrationForm.ts:317:15)

    console.log
      [2026-02-08T19:37:13.645Z] ✅ API call successful

      at Object.log [as handleSubmit] (src/hooks/useRegistrationForm.ts:330:15)

    console.log
      [2026-02-08T19:37:13.645Z] ========== FORM SUBMISSION ENDED ==========

      at Object.log [as handleSubmit] (src/hooks/useRegistrationForm.ts:376:15)

    console.log
      ✅ preventDefault() called FIRST (stopPropagation also called if available)

      at Object.log [as handleSubmit] (src/hooks/useRegistrationForm.ts:277:13)

    console.log
      [2026-02-08T19:37:13.648Z] ========== FORM SUBMISSION STARTED ==========

      at Object.log [as handleSubmit] (src/hooks/useRegistrationForm.ts:280:13)

    console.log
      [2026-02-08T19:37:13.648Z] Event defaultPrevented: undefined

      at Object.log [as handleSubmit] (src/hooks/useRegistrationForm.ts:281:13)

    console.log
      [2026-02-08T19:37:13.648Z] Event type: undefined

      at Object.log [as handleSubmit] (src/hooks/useRegistrationForm.ts:282:13)

    console.log
      [2026-02-08T19:37:13.648Z] Event target: undefined

      at Object.log [as handleSubmit] (src/hooks/useRegistrationForm.ts:283:13)

    console.log
      [2026-02-08T19:37:13.648Z] Form data: {
        "fullName": "John Doe",
        "email": "test@example.com",
        "password": "Password123!",
        "confirmPassword": "Password123!"
      }

      at Object.log [as handleSubmit] (src/hooks/useRegistrationForm.ts:284:13)

    console.log
      [2026-02-08T19:37:13.648Z] Current errors: {}

      at Object.log [as handleSubmit] (src/hooks/useRegistrationForm.ts:285:13)

    console.log
      [2026-02-08T19:37:13.648Z] Is rate limited: false

      at Object.log [as handleSubmit] (src/hooks/useRegistrationForm.ts:286:13)

    console.log
      [2026-02-08T19:37:13.648Z] Validation result: true

      at Object.log [as handleSubmit] (src/hooks/useRegistrationForm.ts:296:13)

    console.log
      [2026-02-08T19:37:13.648Z] ✅ Validation passed, proceeding with API call

      at Object.log [as handleSubmit] (src/hooks/useRegistrationForm.ts:303:13)

    console.log
      [2026-02-08T19:37:13.648Z] 📡 Calling API client register method

      at Object.log [as handleSubmit] (src/hooks/useRegistrationForm.ts:316:15)

    console.log
      [2026-02-08T19:37:13.648Z] API payload: {
        email: 'test@example.com',
        name: 'John Doe',
        password: '***REDACTED***'
      }

      at Object.log [as handleSubmit] (src/hooks/useRegistrationForm.ts:317:15)

    console.log
      [2026-02-08T19:37:13.648Z] ✅ API call successful

      at Object.log [as handleSubmit] (src/hooks/useRegistrationForm.ts:330:15)

    console.log
      [2026-02-08T19:37:13.648Z] ========== FORM SUBMISSION ENDED ==========

      at Object.log [as handleSubmit] (src/hooks/useRegistrationForm.ts:376:15)

    console.log
      ✅ preventDefault() called FIRST (stopPropagation also called if available)

      at Object.log [as handleSubmit] (src/hooks/useRegistrationForm.ts:277:13)

    console.log
      [2026-02-08T19:37:13.659Z] ========== FORM SUBMISSION STARTED ==========

      at Object.log [as handleSubmit] (src/hooks/useRegistrationForm.ts:280:13)

    console.log
      [2026-02-08T19:37:13.659Z] Event defaultPrevented: undefined

      at Object.log [as handleSubmit] (src/hooks/useRegistrationForm.ts:281:13)

    console.log
      [2026-02-08T19:37:13.659Z] Event type: undefined

      at Object.log [as handleSubmit] (src/hooks/useRegistrationForm.ts:282:13)

    console.log
      [2026-02-08T19:37:13.659Z] Event target: undefined

      at Object.log [as handleSubmit] (src/hooks/useRegistrationForm.ts:283:13)

    console.log
      [2026-02-08T19:37:13.659Z] Form data: {
        "fullName": "John Doe",
        "email": "test@example.com",
        "password": "Password123!",
        "confirmPassword": "Password123!"
      }

      at Object.log [as handleSubmit] (src/hooks/useRegistrationForm.ts:284:13)

    console.log
      [2026-02-08T19:37:13.659Z] Current errors: {}

      at Object.log [as handleSubmit] (src/hooks/useRegistrationForm.ts:285:13)

    console.log
      [2026-02-08T19:37:13.659Z] Is rate limited: false

      at Object.log [as handleSubmit] (src/hooks/useRegistrationForm.ts:286:13)

    console.log
      [2026-02-08T19:37:13.659Z] Validation result: true

      at Object.log [as handleSubmit] (src/hooks/useRegistrationForm.ts:296:13)

    console.log
      [2026-02-08T19:37:13.659Z] ✅ Validation passed, proceeding with API call

      at Object.log [as handleSubmit] (src/hooks/useRegistrationForm.ts:303:13)

    console.log
      [2026-02-08T19:37:13.659Z] 📡 Calling API client register method

      at Object.log [as handleSubmit] (src/hooks/useRegistrationForm.ts:316:15)

    console.log
      [2026-02-08T19:37:13.659Z] API payload: {
        email: 'test@example.com',
        name: 'John Doe',
        password: '***REDACTED***'
      }

      at Object.log [as handleSubmit] (src/hooks/useRegistrationForm.ts:317:15)

    console.log
      [2026-02-08T19:37:13.659Z] ❌ API call failed: { status: 409, message: 'Email already exists' }

      at Object.log [as handleSubmit] (src/hooks/useRegistrationForm.ts:343:15)

    console.log
      [2026-02-08T19:37:13.659Z] ========== FORM SUBMISSION ENDED ==========

      at Object.log [as handleSubmit] (src/hooks/useRegistrationForm.ts:376:15)

    console.log
      ✅ preventDefault() called FIRST (stopPropagation also called if available)

      at Object.log [as handleSubmit] (src/hooks/useRegistrationForm.ts:277:13)

    console.log
      [2026-02-08T19:37:13.663Z] ========== FORM SUBMISSION STARTED ==========

      at Object.log [as handleSubmit] (src/hooks/useRegistrationForm.ts:280:13)

    console.log
      [2026-02-08T19:37:13.663Z] Event defaultPrevented: undefined

      at Object.log [as handleSubmit] (src/hooks/useRegistrationForm.ts:281:13)

    console.log
      [2026-02-08T19:37:13.663Z] Event type: undefined

      at Object.log [as handleSubmit] (src/hooks/useRegistrationForm.ts:282:13)

    console.log
      [2026-02-08T19:37:13.663Z] Event target: undefined

      at Object.log [as handleSubmit] (src/hooks/useRegistrationForm.ts:283:13)

    console.log
      [2026-02-08T19:37:13.663Z] Form data: {
        "fullName": "John Doe",
        "email": "test@example.com",
        "password": "Password123!",
        "confirmPassword": "Password123!"
      }

      at Object.log [as handleSubmit] (src/hooks/useRegistrationForm.ts:284:13)

    console.log
      [2026-02-08T19:37:13.663Z] Current errors: {}

      at Object.log [as handleSubmit] (src/hooks/useRegistrationForm.ts:285:13)

    console.log
      [2026-02-08T19:37:13.663Z] Is rate limited: false

      at Object.log [as handleSubmit] (src/hooks/useRegistrationForm.ts:286:13)

    console.log
      [2026-02-08T19:37:13.663Z] Validation result: true

      at Object.log [as handleSubmit] (src/hooks/useRegistrationForm.ts:296:13)

    console.log
      [2026-02-08T19:37:13.663Z] ✅ Validation passed, proceeding with API call

      at Object.log [as handleSubmit] (src/hooks/useRegistrationForm.ts:303:13)

    console.log
      [2026-02-08T19:37:13.663Z] 📡 Calling API client register method

      at Object.log [as handleSubmit] (src/hooks/useRegistrationForm.ts:316:15)

    console.log
      [2026-02-08T19:37:13.663Z] API payload: {
        email: 'test@example.com',
        name: 'John Doe',
        password: '***REDACTED***'
      }

      at Object.log [as handleSubmit] (src/hooks/useRegistrationForm.ts:317:15)

    console.log
      [2026-02-08T19:37:13.663Z] ❌ API call failed: { status: 409, message: 'Email already exists' }

      at Object.log [as handleSubmit] (src/hooks/useRegistrationForm.ts:343:15)

    console.log
      [2026-02-08T19:37:13.663Z] ========== FORM SUBMISSION ENDED ==========

      at Object.log [as handleSubmit] (src/hooks/useRegistrationForm.ts:376:15)

    console.log
      ✅ preventDefault() called FIRST (stopPropagation also called if available)

      at Object.log [as handleSubmit] (src/hooks/useRegistrationForm.ts:277:13)

    console.log
      [2026-02-08T19:37:13.666Z] ========== FORM SUBMISSION STARTED ==========

      at Object.log [as handleSubmit] (src/hooks/useRegistrationForm.ts:280:13)

    console.log
      [2026-02-08T19:37:13.666Z] Event defaultPrevented: undefined

      at Object.log [as handleSubmit] (src/hooks/useRegistrationForm.ts:281:13)

    console.log
      [2026-02-08T19:37:13.666Z] Event type: undefined

      at Object.log [as handleSubmit] (src/hooks/useRegistrationForm.ts:282:13)

    console.log
      [2026-02-08T19:37:13.666Z] Event target: undefined

      at Object.log [as handleSubmit] (src/hooks/useRegistrationForm.ts:283:13)

    console.log
      [2026-02-08T19:37:13.666Z] Form data: {
        "fullName": "John Doe",
        "email": "test@example.com",
        "password": "Password123!",
        "confirmPassword": "Password123!"
      }

      at Object.log [as handleSubmit] (src/hooks/useRegistrationForm.ts:284:13)

    console.log
      [2026-02-08T19:37:13.666Z] Current errors: {}

      at Object.log [as handleSubmit] (src/hooks/useRegistrationForm.ts:285:13)

    console.log
      [2026-02-08T19:37:13.666Z] Is rate limited: false

      at Object.log [as handleSubmit] (src/hooks/useRegistrationForm.ts:286:13)

    console.log
      [2026-02-08T19:37:13.666Z] Validation result: true

      at Object.log [as handleSubmit] (src/hooks/useRegistrationForm.ts:296:13)

    console.log
      [2026-02-08T19:37:13.666Z] ✅ Validation passed, proceeding with API call

      at Object.log [as handleSubmit] (src/hooks/useRegistrationForm.ts:303:13)

    console.log
      [2026-02-08T19:37:13.666Z] 📡 Calling API client register method

      at Object.log [as handleSubmit] (src/hooks/useRegistrationForm.ts:316:15)

    console.log
      [2026-02-08T19:37:13.666Z] API payload: {
        email: 'test@example.com',
        name: 'John Doe',
        password: '***REDACTED***'
      }

      at Object.log [as handleSubmit] (src/hooks/useRegistrationForm.ts:317:15)

    console.log
      [2026-02-08T19:37:13.666Z] ❌ API call failed: { status: 409, message: 'Email already exists' }

      at Object.log [as handleSubmit] (src/hooks/useRegistrationForm.ts:343:15)

    console.log
      [2026-02-08T19:37:13.666Z] ========== FORM SUBMISSION ENDED ==========

      at Object.log [as handleSubmit] (src/hooks/useRegistrationForm.ts:376:15)

    console.log
      ✅ preventDefault() called FIRST (stopPropagation also called if available)

      at Object.log [as handleSubmit] (src/hooks/useRegistrationForm.ts:277:13)

    console.log
      [2026-02-08T19:37:13.674Z] ========== FORM SUBMISSION STARTED ==========

      at Object.log [as handleSubmit] (src/hooks/useRegistrationForm.ts:280:13)

    console.log
      [2026-02-08T19:37:13.674Z] Event defaultPrevented: undefined

      at Object.log [as handleSubmit] (src/hooks/useRegistrationForm.ts:281:13)

    console.log
      [2026-02-08T19:37:13.674Z] Event type: undefined

      at Object.log [as handleSubmit] (src/hooks/useRegistrationForm.ts:282:13)

    console.log
      [2026-02-08T19:37:13.674Z] Event target: undefined

      at Object.log [as handleSubmit] (src/hooks/useRegistrationForm.ts:283:13)

    console.log
      [2026-02-08T19:37:13.674Z] Form data: {
        "fullName": "John Doe",
        "email": "test@example.com",
        "password": "Password123!",
        "confirmPassword": "Password123!"
      }

      at Object.log [as handleSubmit] (src/hooks/useRegistrationForm.ts:284:13)

    console.log
      [2026-02-08T19:37:13.674Z] Current errors: {}

      at Object.log [as handleSubmit] (src/hooks/useRegistrationForm.ts:285:13)

    console.log
      [2026-02-08T19:37:13.674Z] Is rate limited: true

      at Object.log [as handleSubmit] (src/hooks/useRegistrationForm.ts:286:13)

    console.log
      [2026-02-08T19:37:13.674Z] ❌ Form submission blocked: rate limit active

      at Object.log [as handleSubmit] (src/hooks/useRegistrationForm.ts:290:15)

    console.log
      ✅ preventDefault() called FIRST (stopPropagation also called if available)

      at Object.log [as handleSubmit] (src/hooks/useRegistrationForm.ts:277:13)

    console.log
      [2026-02-08T19:37:13.676Z] ========== FORM SUBMISSION STARTED ==========

      at Object.log [as handleSubmit] (src/hooks/useRegistrationForm.ts:280:13)

    console.log
      [2026-02-08T19:37:13.676Z] Event defaultPrevented: undefined

      at Object.log [as handleSubmit] (src/hooks/useRegistrationForm.ts:281:13)

    console.log
      [2026-02-08T19:37:13.676Z] Event type: undefined

      at Object.log [as handleSubmit] (src/hooks/useRegistrationForm.ts:282:13)

    console.log
      [2026-02-08T19:37:13.676Z] Event target: undefined

      at Object.log [as handleSubmit] (src/hooks/useRegistrationForm.ts:283:13)

    console.log
      [2026-02-08T19:37:13.676Z] Form data: {
        "fullName": "John Doe",
        "email": "test@example.com",
        "password": "Password123!",
        "confirmPassword": "Password123!"
      }

      at Object.log [as handleSubmit] (src/hooks/useRegistrationForm.ts:284:13)

    console.log
      [2026-02-08T19:37:13.676Z] Current errors: {}

      at Object.log [as handleSubmit] (src/hooks/useRegistrationForm.ts:285:13)

    console.log
      [2026-02-08T19:37:13.676Z] Is rate limited: true

      at Object.log [as handleSubmit] (src/hooks/useRegistrationForm.ts:286:13)

    console.log
      [2026-02-08T19:37:13.676Z] ❌ Form submission blocked: rate limit active

      at Object.log [as handleSubmit] (src/hooks/useRegistrationForm.ts:290:15)

    console.log
      ✅ preventDefault() called FIRST (stopPropagation also called if available)

      at Object.log [as handleSubmit] (src/hooks/useRegistrationForm.ts:277:13)

    console.log
      [2026-02-08T19:37:13.680Z] ========== FORM SUBMISSION STARTED ==========

      at Object.log [as handleSubmit] (src/hooks/useRegistrationForm.ts:280:13)

    console.log
      [2026-02-08T19:37:13.680Z] Event defaultPrevented: undefined

      at Object.log [as handleSubmit] (src/hooks/useRegistrationForm.ts:281:13)

    console.log
      [2026-02-08T19:37:13.680Z] Event type: undefined

      at Object.log [as handleSubmit] (src/hooks/useRegistrationForm.ts:282:13)

    console.log
      [2026-02-08T19:37:13.680Z] Event target: undefined

      at Object.log [as handleSubmit] (src/hooks/useRegistrationForm.ts:283:13)

    console.log
      [2026-02-08T19:37:13.680Z] Form data: {
        "fullName": "John Doe",
        "email": "test@example.com",
        "password": "Password123!",
        "confirmPassword": "Password123!"
      }

      at Object.log [as handleSubmit] (src/hooks/useRegistrationForm.ts:284:13)

    console.log
      [2026-02-08T19:37:13.680Z] Current errors: {}

      at Object.log [as handleSubmit] (src/hooks/useRegistrationForm.ts:285:13)

    console.log
      [2026-02-08T19:37:13.680Z] Is rate limited: true

      at Object.log [as handleSubmit] (src/hooks/useRegistrationForm.ts:286:13)

    console.log
      [2026-02-08T19:37:13.680Z] ❌ Form submission blocked: rate limit active

      at Object.log [as handleSubmit] (src/hooks/useRegistrationForm.ts:290:15)

    console.log
      ✅ preventDefault() called FIRST (stopPropagation also called if available)

      at Object.log [as handleSubmit] (src/hooks/useRegistrationForm.ts:277:13)

    console.log
      [2026-02-08T19:37:13.682Z] ========== FORM SUBMISSION STARTED ==========

      at Object.log [as handleSubmit] (src/hooks/useRegistrationForm.ts:280:13)

    console.log
      [2026-02-08T19:37:13.682Z] Event defaultPrevented: undefined

      at Object.log [as handleSubmit] (src/hooks/useRegistrationForm.ts:281:13)

    console.log
      [2026-02-08T19:37:13.682Z] Event type: undefined

      at Object.log [as handleSubmit] (src/hooks/useRegistrationForm.ts:282:13)

    console.log
      [2026-02-08T19:37:13.682Z] Event target: undefined

      at Object.log [as handleSubmit] (src/hooks/useRegistrationForm.ts:283:13)

    console.log
      [2026-02-08T19:37:13.682Z] Form data: {
        "fullName": "John Doe",
        "email": "test@example.com",
        "password": "Password123!",
        "confirmPassword": "Password123!"
      }

      at Object.log [as handleSubmit] (src/hooks/useRegistrationForm.ts:284:13)

    console.log
      [2026-02-08T19:37:13.682Z] Current errors: {}

      at Object.log [as handleSubmit] (src/hooks/useRegistrationForm.ts:285:13)

    console.log
      [2026-02-08T19:37:13.682Z] Is rate limited: true

      at Object.log [as handleSubmit] (src/hooks/useRegistrationForm.ts:286:13)

    console.log
      [2026-02-08T19:37:13.682Z] ❌ Form submission blocked: rate limit active

      at Object.log [as handleSubmit] (src/hooks/useRegistrationForm.ts:290:15)

    console.log
      ✅ preventDefault() called FIRST (stopPropagation also called if available)

      at Object.log [as handleSubmit] (src/hooks/useRegistrationForm.ts:277:13)

    console.log
      [2026-02-08T19:37:13.685Z] ========== FORM SUBMISSION STARTED ==========

      at Object.log [as handleSubmit] (src/hooks/useRegistrationForm.ts:280:13)

    console.log
      [2026-02-08T19:37:13.685Z] Event defaultPrevented: undefined

      at Object.log [as handleSubmit] (src/hooks/useRegistrationForm.ts:281:13)

    console.log
      [2026-02-08T19:37:13.685Z] Event type: undefined

      at Object.log [as handleSubmit] (src/hooks/useRegistrationForm.ts:282:13)

    console.log
      [2026-02-08T19:37:13.685Z] Event target: undefined

      at Object.log [as handleSubmit] (src/hooks/useRegistrationForm.ts:283:13)

    console.log
      [2026-02-08T19:37:13.685Z] Form data: {
        "fullName": "John Doe",
        "email": "test@example.com",
        "password": "Password123!",
        "confirmPassword": "Password123!"
      }

      at Object.log [as handleSubmit] (src/hooks/useRegistrationForm.ts:284:13)

    console.log
      [2026-02-08T19:37:13.685Z] Current errors: {}

      at Object.log [as handleSubmit] (src/hooks/useRegistrationForm.ts:285:13)

    console.log
      [2026-02-08T19:37:13.685Z] Is rate limited: false

      at Object.log [as handleSubmit] (src/hooks/useRegistrationForm.ts:286:13)

    console.log
      [2026-02-08T19:37:13.685Z] Validation result: true

      at Object.log [as handleSubmit] (src/hooks/useRegistrationForm.ts:296:13)

    console.log
      [2026-02-08T19:37:13.685Z] ✅ Validation passed, proceeding with API call

      at Object.log [as handleSubmit] (src/hooks/useRegistrationForm.ts:303:13)

    console.log
      [2026-02-08T19:37:13.685Z] 📡 Calling API client register method

      at Object.log [as handleSubmit] (src/hooks/useRegistrationForm.ts:316:15)

    console.log
      [2026-02-08T19:37:13.685Z] API payload: {
        email: 'test@example.com',
        name: 'John Doe',
        password: '***REDACTED***'
      }

      at Object.log [as handleSubmit] (src/hooks/useRegistrationForm.ts:317:15)

    console.log
      [2026-02-08T19:37:13.685Z] ✅ API call successful

      at Object.log [as handleSubmit] (src/hooks/useRegistrationForm.ts:330:15)

    console.log
      [2026-02-08T19:37:13.685Z] ========== FORM SUBMISSION ENDED ==========

      at Object.log [as handleSubmit] (src/hooks/useRegistrationForm.ts:376:15)

    console.log
      ✅ preventDefault() called FIRST (stopPropagation also called if available)

      at Object.log [as handleSubmit] (src/hooks/useRegistrationForm.ts:277:13)

    console.log
      [2026-02-08T19:37:13.695Z] ========== FORM SUBMISSION STARTED ==========

      at Object.log [as handleSubmit] (src/hooks/useRegistrationForm.ts:280:13)

    console.log
      [2026-02-08T19:37:13.695Z] Event defaultPrevented: undefined

      at Object.log [as handleSubmit] (src/hooks/useRegistrationForm.ts:281:13)

    console.log
      [2026-02-08T19:37:13.695Z] Event type: undefined

      at Object.log [as handleSubmit] (src/hooks/useRegistrationForm.ts:282:13)

    console.log
      [2026-02-08T19:37:13.695Z] Event target: undefined

      at Object.log [as handleSubmit] (src/hooks/useRegistrationForm.ts:283:13)

    console.log
      [2026-02-08T19:37:13.695Z] Form data: {
        "fullName": "John Doe",
        "email": "test@example.com",
        "password": "Password123!",
        "confirmPassword": "Password123!"
      }

      at Object.log [as handleSubmit] (src/hooks/useRegistrationForm.ts:284:13)

    console.log
      [2026-02-08T19:37:13.695Z] Current errors: {}

      at Object.log [as handleSubmit] (src/hooks/useRegistrationForm.ts:285:13)

    console.log
      [2026-02-08T19:37:13.695Z] Is rate limited: false

      at Object.log [as handleSubmit] (src/hooks/useRegistrationForm.ts:286:13)

    console.log
      [2026-02-08T19:37:13.695Z] Validation result: true

      at Object.log [as handleSubmit] (src/hooks/useRegistrationForm.ts:296:13)

    console.log
      [2026-02-08T19:37:13.695Z] ✅ Validation passed, proceeding with API call

      at Object.log [as handleSubmit] (src/hooks/useRegistrationForm.ts:303:13)

    console.log
      [2026-02-08T19:37:13.695Z] 📡 Calling API client register method

      at Object.log [as handleSubmit] (src/hooks/useRegistrationForm.ts:316:15)

    console.log
      [2026-02-08T19:37:13.695Z] API payload: {
        email: 'test@example.com',
        name: 'John Doe',
        password: '***REDACTED***'
      }

      at Object.log [as handleSubmit] (src/hooks/useRegistrationForm.ts:317:15)

    console.log
      [2026-02-08T19:37:13.695Z] ✅ API call successful

      at Object.log [as handleSubmit] (src/hooks/useRegistrationForm.ts:330:15)

    console.log
      [2026-02-08T19:37:13.695Z] ========== FORM SUBMISSION ENDED ==========

      at Object.log [as handleSubmit] (src/hooks/useRegistrationForm.ts:376:15)

    console.log
      ✅ preventDefault() called FIRST (stopPropagation also called if available)

      at Object.log [as handleSubmit] (src/hooks/useRegistrationForm.ts:277:13)

    console.log
      [2026-02-08T19:37:13.699Z] ========== FORM SUBMISSION STARTED ==========

      at Object.log [as handleSubmit] (src/hooks/useRegistrationForm.ts:280:13)

    console.log
      [2026-02-08T19:37:13.699Z] Event defaultPrevented: undefined

      at Object.log [as handleSubmit] (src/hooks/useRegistrationForm.ts:281:13)

    console.log
      [2026-02-08T19:37:13.699Z] Event type: undefined

      at Object.log [as handleSubmit] (src/hooks/useRegistrationForm.ts:282:13)

    console.log
      [2026-02-08T19:37:13.699Z] Event target: undefined

      at Object.log [as handleSubmit] (src/hooks/useRegistrationForm.ts:283:13)

    console.log
      [2026-02-08T19:37:13.699Z] Form data: {
        "fullName": "John Doe",
        "email": "test@example.com",
        "password": "Password123!",
        "confirmPassword": "Password123!"
      }

      at Object.log [as handleSubmit] (src/hooks/useRegistrationForm.ts:284:13)

    console.log
      [2026-02-08T19:37:13.699Z] Current errors: {}

      at Object.log [as handleSubmit] (src/hooks/useRegistrationForm.ts:285:13)

    console.log
      [2026-02-08T19:37:13.699Z] Is rate limited: false

      at Object.log [as handleSubmit] (src/hooks/useRegistrationForm.ts:286:13)

    console.log
      [2026-02-08T19:37:13.699Z] Validation result: true

      at Object.log [as handleSubmit] (src/hooks/useRegistrationForm.ts:296:13)

    console.log
      [2026-02-08T19:37:13.699Z] ✅ Validation passed, proceeding with API call

      at Object.log [as handleSubmit] (src/hooks/useRegistrationForm.ts:303:13)

    console.log
      [2026-02-08T19:37:13.699Z] 📡 Calling API client register method

      at Object.log [as handleSubmit] (src/hooks/useRegistrationForm.ts:316:15)

    console.log
      [2026-02-08T19:37:13.699Z] API payload: {
        email: 'test@example.com',
        name: 'John Doe',
        password: '***REDACTED***'
      }

      at Object.log [as handleSubmit] (src/hooks/useRegistrationForm.ts:317:15)

    console.log
      [2026-02-08T19:37:13.699Z] ❌ API call failed: { status: 409, message: 'Email already exists' }

      at Object.log [as handleSubmit] (src/hooks/useRegistrationForm.ts:343:15)

    console.log
      [2026-02-08T19:37:13.699Z] ========== FORM SUBMISSION ENDED ==========

      at Object.log [as handleSubmit] (src/hooks/useRegistrationForm.ts:376:15)

    console.log
      ✅ preventDefault() called FIRST (stopPropagation also called if available)

      at Object.log [as handleSubmit] (src/hooks/useRegistrationForm.ts:277:13)

    console.log
      [2026-02-08T19:37:13.702Z] ========== FORM SUBMISSION STARTED ==========

      at Object.log [as handleSubmit] (src/hooks/useRegistrationForm.ts:280:13)

    console.log
      [2026-02-08T19:37:13.702Z] Event defaultPrevented: undefined

      at Object.log [as handleSubmit] (src/hooks/useRegistrationForm.ts:281:13)

    console.log
      [2026-02-08T19:37:13.702Z] Event type: undefined

      at Object.log [as handleSubmit] (src/hooks/useRegistrationForm.ts:282:13)

    console.log
      [2026-02-08T19:37:13.702Z] Event target: undefined

      at Object.log [as handleSubmit] (src/hooks/useRegistrationForm.ts:283:13)

    console.log
      [2026-02-08T19:37:13.702Z] Form data: {
        "fullName": "John Doe",
        "email": "test@example.com",
        "password": "Password123!",
        "confirmPassword": "Password123!"
      }

      at Object.log [as handleSubmit] (src/hooks/useRegistrationForm.ts:284:13)

    console.log
      [2026-02-08T19:37:13.702Z] Current errors: {}

      at Object.log [as handleSubmit] (src/hooks/useRegistrationForm.ts:285:13)

    console.log
      [2026-02-08T19:37:13.702Z] Is rate limited: false

      at Object.log [as handleSubmit] (src/hooks/useRegistrationForm.ts:286:13)

    console.log
      [2026-02-08T19:37:13.702Z] Validation result: true

      at Object.log [as handleSubmit] (src/hooks/useRegistrationForm.ts:296:13)

    console.log
      [2026-02-08T19:37:13.702Z] ✅ Validation passed, proceeding with API call

      at Object.log [as handleSubmit] (src/hooks/useRegistrationForm.ts:303:13)

    console.log
      [2026-02-08T19:37:13.702Z] 📡 Calling API client register method

      at Object.log [as handleSubmit] (src/hooks/useRegistrationForm.ts:316:15)

    console.log
      [2026-02-08T19:37:13.702Z] API payload: {
        email: 'test@example.com',
        name: 'John Doe',
        password: '***REDACTED***'
      }

      at Object.log [as handleSubmit] (src/hooks/useRegistrationForm.ts:317:15)

    console.log
      [2026-02-08T19:37:13.702Z] ❌ API call failed: { status: 409, message: 'Email already exists' }

      at Object.log [as handleSubmit] (src/hooks/useRegistrationForm.ts:343:15)

    console.log
      [2026-02-08T19:37:13.702Z] ========== FORM SUBMISSION ENDED ==========

      at Object.log [as handleSubmit] (src/hooks/useRegistrationForm.ts:376:15)

    console.log
      ✅ preventDefault() called FIRST (stopPropagation also called if available)

      at Object.log [as handleSubmit] (src/hooks/useRegistrationForm.ts:277:13)

    console.log
      [2026-02-08T19:37:13.708Z] ========== FORM SUBMISSION STARTED ==========

      at Object.log [as handleSubmit] (src/hooks/useRegistrationForm.ts:280:13)

    console.log
      [2026-02-08T19:37:13.708Z] Event defaultPrevented: undefined

      at Object.log [as handleSubmit] (src/hooks/useRegistrationForm.ts:281:13)

    console.log
      [2026-02-08T19:37:13.708Z] Event type: undefined

      at Object.log [as handleSubmit] (src/hooks/useRegistrationForm.ts:282:13)

    console.log
      [2026-02-08T19:37:13.708Z] Event target: undefined

      at Object.log [as handleSubmit] (src/hooks/useRegistrationForm.ts:283:13)

    console.log
      [2026-02-08T19:37:13.708Z] Form data: {
        "fullName": "John Doe",
        "email": "test@example.com",
        "password": "Password123!",
        "confirmPassword": "Password123!"
      }

      at Object.log [as handleSubmit] (src/hooks/useRegistrationForm.ts:284:13)

    console.log
      [2026-02-08T19:37:13.708Z] Current errors: {}

      at Object.log [as handleSubmit] (src/hooks/useRegistrationForm.ts:285:13)

    console.log
      [2026-02-08T19:37:13.708Z] Is rate limited: false

      at Object.log [as handleSubmit] (src/hooks/useRegistrationForm.ts:286:13)

    console.log
      [2026-02-08T19:37:13.708Z] Validation result: true

      at Object.log [as handleSubmit] (src/hooks/useRegistrationForm.ts:296:13)

    console.log
      [2026-02-08T19:37:13.708Z] ✅ Validation passed, proceeding with API call

      at Object.log [as handleSubmit] (src/hooks/useRegistrationForm.ts:303:13)

    console.log
      [2026-02-08T19:37:13.708Z] 📡 Calling API client register method

      at Object.log [as handleSubmit] (src/hooks/useRegistrationForm.ts:316:15)

    console.log
      [2026-02-08T19:37:13.708Z] API payload: {
        email: 'test@example.com',
        name: 'John Doe',
        password: '***REDACTED***'
      }

      at Object.log [as handleSubmit] (src/hooks/useRegistrationForm.ts:317:15)

    console.log
      [2026-02-08T19:37:13.708Z] ❌ API call failed: { status: 409, message: 'Email already exists' }

      at Object.log [as handleSubmit] (src/hooks/useRegistrationForm.ts:343:15)

    console.log
      [2026-02-08T19:37:13.708Z] ========== FORM SUBMISSION ENDED ==========

      at Object.log [as handleSubmit] (src/hooks/useRegistrationForm.ts:376:15)

    console.log
      ✅ preventDefault() called FIRST (stopPropagation also called if available)

      at Object.log [as handleSubmit] (src/hooks/useRegistrationForm.ts:277:13)

    console.log
      [2026-02-08T19:37:13.716Z] ========== FORM SUBMISSION STARTED ==========

      at Object.log [as handleSubmit] (src/hooks/useRegistrationForm.ts:280:13)

    console.log
      [2026-02-08T19:37:13.716Z] Event defaultPrevented: undefined

      at Object.log [as handleSubmit] (src/hooks/useRegistrationForm.ts:281:13)

    console.log
      [2026-02-08T19:37:13.716Z] Event type: undefined

      at Object.log [as handleSubmit] (src/hooks/useRegistrationForm.ts:282:13)

    console.log
      [2026-02-08T19:37:13.716Z] Event target: undefined

      at Object.log [as handleSubmit] (src/hooks/useRegistrationForm.ts:283:13)

    console.log
      [2026-02-08T19:37:13.716Z] Form data: {
        "fullName": "John Doe",
        "email": "test@example.com",
        "password": "Password123!",
        "confirmPassword": "Password123!"
      }

      at Object.log [as handleSubmit] (src/hooks/useRegistrationForm.ts:284:13)

    console.log
      [2026-02-08T19:37:13.716Z] Current errors: {}

      at Object.log [as handleSubmit] (src/hooks/useRegistrationForm.ts:285:13)

    console.log
      [2026-02-08T19:37:13.716Z] Is rate limited: false

      at Object.log [as handleSubmit] (src/hooks/useRegistrationForm.ts:286:13)

    console.log
      [2026-02-08T19:37:13.716Z] Validation result: true

      at Object.log [as handleSubmit] (src/hooks/useRegistrationForm.ts:296:13)

    console.log
      [2026-02-08T19:37:13.716Z] ✅ Validation passed, proceeding with API call

      at Object.log [as handleSubmit] (src/hooks/useRegistrationForm.ts:303:13)

    console.log
      [2026-02-08T19:37:13.716Z] 📡 Calling API client register method

      at Object.log [as handleSubmit] (src/hooks/useRegistrationForm.ts:316:15)

    console.log
      [2026-02-08T19:37:13.716Z] API payload: {
        email: 'test@example.com',
        name: 'John Doe',
        password: '***REDACTED***'
      }

      at Object.log [as handleSubmit] (src/hooks/useRegistrationForm.ts:317:15)

    console.log
      [2026-02-08T19:37:13.716Z] ✅ API call successful

      at Object.log [as handleSubmit] (src/hooks/useRegistrationForm.ts:330:15)

    console.log
      [2026-02-08T19:37:13.716Z] ========== FORM SUBMISSION ENDED ==========

      at Object.log [as handleSubmit] (src/hooks/useRegistrationForm.ts:376:15)

    console.log
      ✅ preventDefault() called FIRST (stopPropagation also called if available)

      at Object.log [as handleSubmit] (src/hooks/useRegistrationForm.ts:277:13)

    console.log
      [2026-02-08T19:37:13.722Z] ========== FORM SUBMISSION STARTED ==========

      at Object.log [as handleSubmit] (src/hooks/useRegistrationForm.ts:280:13)

    console.log
      [2026-02-08T19:37:13.722Z] Event defaultPrevented: undefined

      at Object.log [as handleSubmit] (src/hooks/useRegistrationForm.ts:281:13)

    console.log
      [2026-02-08T19:37:13.722Z] Event type: undefined

      at Object.log [as handleSubmit] (src/hooks/useRegistrationForm.ts:282:13)

    console.log
      [2026-02-08T19:37:13.722Z] Event target: undefined

      at Object.log [as handleSubmit] (src/hooks/useRegistrationForm.ts:283:13)

    console.log
      [2026-02-08T19:37:13.722Z] Form data: {
        "fullName": "John Doe",
        "email": "test@example.com",
        "password": "Password123!",
        "confirmPassword": "Password123!"
      }

      at Object.log [as handleSubmit] (src/hooks/useRegistrationForm.ts:284:13)

    console.log
      [2026-02-08T19:37:13.722Z] Current errors: {}

      at Object.log [as handleSubmit] (src/hooks/useRegistrationForm.ts:285:13)

    console.log
      [2026-02-08T19:37:13.722Z] Is rate limited: false

      at Object.log [as handleSubmit] (src/hooks/useRegistrationForm.ts:286:13)

    console.log
      [2026-02-08T19:37:13.722Z] Validation result: true

      at Object.log [as handleSubmit] (src/hooks/useRegistrationForm.ts:296:13)

    console.log
      [2026-02-08T19:37:13.722Z] ✅ Validation passed, proceeding with API call

      at Object.log [as handleSubmit] (src/hooks/useRegistrationForm.ts:303:13)

    console.log
      [2026-02-08T19:37:13.722Z] 📡 Calling API client register method

      at Object.log [as handleSubmit] (src/hooks/useRegistrationForm.ts:316:15)

    console.log
      [2026-02-08T19:37:13.722Z] API payload: {
        email: 'test@example.com',
        name: 'John Doe',
        password: '***REDACTED***'
      }

      at Object.log [as handleSubmit] (src/hooks/useRegistrationForm.ts:317:15)

    console.log
      [2026-02-08T19:37:13.722Z] ❌ API call failed: { status: 409, message: 'Email already exists' }

      at Object.log [as handleSubmit] (src/hooks/useRegistrationForm.ts:343:15)

    console.log
      [2026-02-08T19:37:13.722Z] ========== FORM SUBMISSION ENDED ==========

      at Object.log [as handleSubmit] (src/hooks/useRegistrationForm.ts:376:15)

    console.log
      ✅ preventDefault() called FIRST (stopPropagation also called if available)

      at Object.log [as handleSubmit] (src/hooks/useRegistrationForm.ts:277:13)

    console.log
      [2026-02-08T19:37:13.736Z] ========== FORM SUBMISSION STARTED ==========

      at Object.log [as handleSubmit] (src/hooks/useRegistrationForm.ts:280:13)

    console.log
      [2026-02-08T19:37:13.736Z] Event defaultPrevented: undefined

      at Object.log [as handleSubmit] (src/hooks/useRegistrationForm.ts:281:13)

    console.log
      [2026-02-08T19:37:13.736Z] Event type: undefined

      at Object.log [as handleSubmit] (src/hooks/useRegistrationForm.ts:282:13)

    console.log
      [2026-02-08T19:37:13.736Z] Event target: undefined

      at Object.log [as handleSubmit] (src/hooks/useRegistrationForm.ts:283:13)

    console.log
      [2026-02-08T19:37:13.736Z] Form data: {
        "fullName": "John Doe",
        "email": "test@example.com",
        "password": "Password123!",
        "confirmPassword": "Password123!"
      }

      at Object.log [as handleSubmit] (src/hooks/useRegistrationForm.ts:284:13)

    console.log
      [2026-02-08T19:37:13.736Z] Current errors: {}

      at Object.log [as handleSubmit] (src/hooks/useRegistrationForm.ts:285:13)

    console.log
      [2026-02-08T19:37:13.736Z] Is rate limited: false

      at Object.log [as handleSubmit] (src/hooks/useRegistrationForm.ts:286:13)

    console.log
      [2026-02-08T19:37:13.736Z] Validation result: true

      at Object.log [as handleSubmit] (src/hooks/useRegistrationForm.ts:296:13)

    console.log
      [2026-02-08T19:37:13.736Z] ✅ Validation passed, proceeding with API call

      at Object.log [as handleSubmit] (src/hooks/useRegistrationForm.ts:303:13)

    console.log
      [2026-02-08T19:37:13.736Z] 📡 Calling API client register method

      at Object.log [as handleSubmit] (src/hooks/useRegistrationForm.ts:316:15)

    console.log
      [2026-02-08T19:37:13.736Z] API payload: {
        email: 'test@example.com',
        name: 'John Doe',
        password: '***REDACTED***'
      }

      at Object.log [as handleSubmit] (src/hooks/useRegistrationForm.ts:317:15)

    console.log
      [2026-02-08T19:37:13.736Z] ✅ API call successful

      at Object.log [as handleSubmit] (src/hooks/useRegistrationForm.ts:330:15)

    console.log
      [2026-02-08T19:37:13.736Z] ========== FORM SUBMISSION ENDED ==========

      at Object.log [as handleSubmit] (src/hooks/useRegistrationForm.ts:376:15)

    console.log
      ✅ preventDefault() called FIRST (stopPropagation also called if available)

      at Object.log [as handleSubmit] (src/hooks/useRegistrationForm.ts:277:13)

    console.log
      [2026-02-08T19:37:13.748Z] ========== FORM SUBMISSION STARTED ==========

      at Object.log [as handleSubmit] (src/hooks/useRegistrationForm.ts:280:13)

    console.log
      [2026-02-08T19:37:13.748Z] Event defaultPrevented: undefined

      at Object.log [as handleSubmit] (src/hooks/useRegistrationForm.ts:281:13)

    console.log
      [2026-02-08T19:37:13.748Z] Event type: undefined

      at Object.log [as handleSubmit] (src/hooks/useRegistrationForm.ts:282:13)

    console.log
      [2026-02-08T19:37:13.748Z] Event target: undefined

      at Object.log [as handleSubmit] (src/hooks/useRegistrationForm.ts:283:13)

    console.log
      [2026-02-08T19:37:13.748Z] Form data: {
        "fullName": "John Doe",
        "email": "test@example.com",
        "password": "Password123!",
        "confirmPassword": "Password123!"
      }

      at Object.log [as handleSubmit] (src/hooks/useRegistrationForm.ts:284:13)

    console.log
      [2026-02-08T19:37:13.748Z] Current errors: {}

      at Object.log [as handleSubmit] (src/hooks/useRegistrationForm.ts:285:13)

    console.log
      [2026-02-08T19:37:13.748Z] Is rate limited: false

      at Object.log [as handleSubmit] (src/hooks/useRegistrationForm.ts:286:13)

    console.log
      [2026-02-08T19:37:13.748Z] Validation result: true

      at Object.log [as handleSubmit] (src/hooks/useRegistrationForm.ts:296:13)

    console.log
      [2026-02-08T19:37:13.748Z] ✅ Validation passed, proceeding with API call

      at Object.log [as handleSubmit] (src/hooks/useRegistrationForm.ts:303:13)

    console.log
      [2026-02-08T19:37:13.748Z] 📡 Calling API client register method

      at Object.log [as handleSubmit] (src/hooks/useRegistrationForm.ts:316:15)

    console.log
      [2026-02-08T19:37:13.748Z] API payload: {
        email: 'test@example.com',
        name: 'John Doe',
        password: '***REDACTED***'
      }

      at Object.log [as handleSubmit] (src/hooks/useRegistrationForm.ts:317:15)

    console.log
      [2026-02-08T19:37:13.748Z] ✅ API call successful

      at Object.log [as handleSubmit] (src/hooks/useRegistrationForm.ts:330:15)

    console.log
      [2026-02-08T19:37:13.748Z] ========== FORM SUBMISSION ENDED ==========

      at Object.log [as handleSubmit] (src/hooks/useRegistrationForm.ts:376:15)

    console.log
      ✅ preventDefault() called FIRST (stopPropagation also called if available)

      at Object.log [as handleSubmit] (src/hooks/useRegistrationForm.ts:277:13)

    console.log
      [2026-02-08T19:37:13.760Z] ========== FORM SUBMISSION STARTED ==========

      at Object.log [as handleSubmit] (src/hooks/useRegistrationForm.ts:280:13)

    console.log
      [2026-02-08T19:37:13.760Z] Event defaultPrevented: undefined

      at Object.log [as handleSubmit] (src/hooks/useRegistrationForm.ts:281:13)

    console.log
      [2026-02-08T19:37:13.760Z] Event type: undefined

      at Object.log [as handleSubmit] (src/hooks/useRegistrationForm.ts:282:13)

    console.log
      [2026-02-08T19:37:13.760Z] Event target: undefined

      at Object.log [as handleSubmit] (src/hooks/useRegistrationForm.ts:283:13)

    console.log
      [2026-02-08T19:37:13.760Z] Form data: {
        "fullName": "John Doe",
        "email": "test@example.com",
        "password": "Password123!",
        "confirmPassword": "Password123!"
      }

      at Object.log [as handleSubmit] (src/hooks/useRegistrationForm.ts:284:13)

    console.log
      [2026-02-08T19:37:13.760Z] Current errors: {}

      at Object.log [as handleSubmit] (src/hooks/useRegistrationForm.ts:285:13)

    console.log
      [2026-02-08T19:37:13.760Z] Is rate limited: true

      at Object.log [as handleSubmit] (src/hooks/useRegistrationForm.ts:286:13)

    console.log
      [2026-02-08T19:37:13.760Z] ❌ Form submission blocked: rate limit active

      at Object.log [as handleSubmit] (src/hooks/useRegistrationForm.ts:290:15)

    console.log
      ✅ preventDefault() called FIRST (stopPropagation also called if available)

      at Object.log [as handleSubmit] (src/hooks/useRegistrationForm.ts:277:13)

    console.log
      [2026-02-08T19:37:13.764Z] ========== FORM SUBMISSION STARTED ==========

      at Object.log [as handleSubmit] (src/hooks/useRegistrationForm.ts:280:13)

    console.log
      [2026-02-08T19:37:13.764Z] Event defaultPrevented: undefined

      at Object.log [as handleSubmit] (src/hooks/useRegistrationForm.ts:281:13)

    console.log
      [2026-02-08T19:37:13.764Z] Event type: undefined

      at Object.log [as handleSubmit] (src/hooks/useRegistrationForm.ts:282:13)

    console.log
      [2026-02-08T19:37:13.764Z] Event target: undefined

      at Object.log [as handleSubmit] (src/hooks/useRegistrationForm.ts:283:13)

    console.log
      [2026-02-08T19:37:13.764Z] Form data: {
        "fullName": "John Doe",
        "email": "test@example.com",
        "password": "Password123!",
        "confirmPassword": "Password123!"
      }

      at Object.log [as handleSubmit] (src/hooks/useRegistrationForm.ts:284:13)

    console.log
      [2026-02-08T19:37:13.764Z] Current errors: {}

      at Object.log [as handleSubmit] (src/hooks/useRegistrationForm.ts:285:13)

    console.log
      [2026-02-08T19:37:13.764Z] Is rate limited: true

      at Object.log [as handleSubmit] (src/hooks/useRegistrationForm.ts:286:13)

    console.log
      [2026-02-08T19:37:13.764Z] ❌ Form submission blocked: rate limit active

      at Object.log [as handleSubmit] (src/hooks/useRegistrationForm.ts:290:15)

    console.log
      ✅ preventDefault() called FIRST (stopPropagation also called if available)

      at Object.log [as handleSubmit] (src/hooks/useRegistrationForm.ts:277:13)

    console.log
      [2026-02-08T19:37:13.778Z] ========== FORM SUBMISSION STARTED ==========

      at Object.log [as handleSubmit] (src/hooks/useRegistrationForm.ts:280:13)

    console.log
      [2026-02-08T19:37:13.778Z] Event defaultPrevented: undefined

      at Object.log [as handleSubmit] (src/hooks/useRegistrationForm.ts:281:13)

    console.log
      [2026-02-08T19:37:13.778Z] Event type: undefined

      at Object.log [as handleSubmit] (src/hooks/useRegistrationForm.ts:282:13)

    console.log
      [2026-02-08T19:37:13.778Z] Event target: undefined

      at Object.log [as handleSubmit] (src/hooks/useRegistrationForm.ts:283:13)

    console.log
      [2026-02-08T19:37:13.778Z] Form data: {
        "fullName": "John Doe",
        "email": "test@example.com",
        "password": "Password123!",
        "confirmPassword": "Password123!"
      }

      at Object.log [as handleSubmit] (src/hooks/useRegistrationForm.ts:284:13)

    console.log
      [2026-02-08T19:37:13.778Z] Current errors: {}

      at Object.log [as handleSubmit] (src/hooks/useRegistrationForm.ts:285:13)

    console.log
      [2026-02-08T19:37:13.778Z] Is rate limited: true

      at Object.log [as handleSubmit] (src/hooks/useRegistrationForm.ts:286:13)

    console.log
      [2026-02-08T19:37:13.778Z] ❌ Form submission blocked: rate limit active

      at Object.log [as handleSubmit] (src/hooks/useRegistrationForm.ts:290:15)

    console.log
      ✅ preventDefault() called FIRST (stopPropagation also called if available)

      at Object.log [as handleSubmit] (src/hooks/useRegistrationForm.ts:277:13)

    console.log
      [2026-02-08T19:37:13.788Z] ========== FORM SUBMISSION STARTED ==========

      at Object.log [as handleSubmit] (src/hooks/useRegistrationForm.ts:280:13)

    console.log
      [2026-02-08T19:37:13.788Z] Event defaultPrevented: undefined

      at Object.log [as handleSubmit] (src/hooks/useRegistrationForm.ts:281:13)

    console.log
      [2026-02-08T19:37:13.788Z] Event type: undefined

      at Object.log [as handleSubmit] (src/hooks/useRegistrationForm.ts:282:13)

    console.log
      [2026-02-08T19:37:13.788Z] Event target: undefined

      at Object.log [as handleSubmit] (src/hooks/useRegistrationForm.ts:283:13)

    console.log
      [2026-02-08T19:37:13.788Z] Form data: {
        "fullName": "John Doe",
        "email": "test@example.com",
        "password": "Password123!",
        "confirmPassword": "Password123!"
      }

      at Object.log [as handleSubmit] (src/hooks/useRegistrationForm.ts:284:13)

    console.log
      [2026-02-08T19:37:13.788Z] Current errors: {}

      at Object.log [as handleSubmit] (src/hooks/useRegistrationForm.ts:285:13)

    console.log
      [2026-02-08T19:37:13.788Z] Is rate limited: false

      at Object.log [as handleSubmit] (src/hooks/useRegistrationForm.ts:286:13)

    console.log
      [2026-02-08T19:37:13.788Z] Validation result: true

      at Object.log [as handleSubmit] (src/hooks/useRegistrationForm.ts:296:13)

    console.log
      [2026-02-08T19:37:13.788Z] ✅ Validation passed, proceeding with API call

      at Object.log [as handleSubmit] (src/hooks/useRegistrationForm.ts:303:13)

    console.log
      [2026-02-08T19:37:13.788Z] 📡 Calling API client register method

      at Object.log [as handleSubmit] (src/hooks/useRegistrationForm.ts:316:15)

    console.log
      [2026-02-08T19:37:13.788Z] API payload: {
        email: 'test@example.com',
        name: 'John Doe',
        password: '***REDACTED***'
      }

      at Object.log [as handleSubmit] (src/hooks/useRegistrationForm.ts:317:15)

    console.log
      [2026-02-08T19:37:13.788Z] ✅ API call successful

      at Object.log [as handleSubmit] (src/hooks/useRegistrationForm.ts:330:15)

    console.log
      [2026-02-08T19:37:13.788Z] ========== FORM SUBMISSION ENDED ==========

      at Object.log [as handleSubmit] (src/hooks/useRegistrationForm.ts:376:15)

    console.log
      ✅ preventDefault() called FIRST (stopPropagation also called if available)

      at Object.log [as handleSubmit] (src/hooks/useRegistrationForm.ts:277:13)

    console.log
      [2026-02-08T19:37:13.806Z] ========== FORM SUBMISSION STARTED ==========

      at Object.log [as handleSubmit] (src/hooks/useRegistrationForm.ts:280:13)

    console.log
      [2026-02-08T19:37:13.806Z] Event defaultPrevented: undefined

      at Object.log [as handleSubmit] (src/hooks/useRegistrationForm.ts:281:13)

    console.log
      [2026-02-08T19:37:13.806Z] Event type: undefined

      at Object.log [as handleSubmit] (src/hooks/useRegistrationForm.ts:282:13)

    console.log
      [2026-02-08T19:37:13.806Z] Event target: undefined

      at Object.log [as handleSubmit] (src/hooks/useRegistrationForm.ts:283:13)

    console.log
      [2026-02-08T19:37:13.806Z] Form data: {
        "fullName": "John Doe",
        "email": "test@example.com",
        "password": "Password123!",
        "confirmPassword": "Password123!"
      }

      at Object.log [as handleSubmit] (src/hooks/useRegistrationForm.ts:284:13)

    console.log
      [2026-02-08T19:37:13.806Z] Current errors: {}

      at Object.log [as handleSubmit] (src/hooks/useRegistrationForm.ts:285:13)

    console.log
      [2026-02-08T19:37:13.806Z] Is rate limited: false

      at Object.log [as handleSubmit] (src/hooks/useRegistrationForm.ts:286:13)

    console.log
      [2026-02-08T19:37:13.806Z] Validation result: true

      at Object.log [as handleSubmit] (src/hooks/useRegistrationForm.ts:296:13)

    console.log
      [2026-02-08T19:37:13.806Z] ✅ Validation passed, proceeding with API call

      at Object.log [as handleSubmit] (src/hooks/useRegistrationForm.ts:303:13)

    console.log
      [2026-02-08T19:37:13.806Z] 📡 Calling API client register method

      at Object.log [as handleSubmit] (src/hooks/useRegistrationForm.ts:316:15)

    console.log
      [2026-02-08T19:37:13.806Z] API payload: {
        email: 'test@example.com',
        name: 'John Doe',
        password: '***REDACTED***'
      }

      at Object.log [as handleSubmit] (src/hooks/useRegistrationForm.ts:317:15)

    console.log
      [2026-02-08T19:37:13.806Z] ❌ API call failed: { status: 409, message: 'Email already exists' }

      at Object.log [as handleSubmit] (src/hooks/useRegistrationForm.ts:343:15)

    console.log
      [2026-02-08T19:37:13.806Z] ========== FORM SUBMISSION ENDED ==========

      at Object.log [as handleSubmit] (src/hooks/useRegistrationForm.ts:376:15)

    console.log
      ✅ preventDefault() called FIRST (stopPropagation also called if available)

      at Object.log [as handleSubmit] (src/hooks/useRegistrationForm.ts:277:13)

    console.log
      [2026-02-08T19:37:13.864Z] ========== FORM SUBMISSION STARTED ==========

      at Object.log [as handleSubmit] (src/hooks/useRegistrationForm.ts:280:13)

    console.log
      [2026-02-08T19:37:13.864Z] Event defaultPrevented: undefined

      at Object.log [as handleSubmit] (src/hooks/useRegistrationForm.ts:281:13)

    console.log
      [2026-02-08T19:37:13.864Z] Event type: undefined

      at Object.log [as handleSubmit] (src/hooks/useRegistrationForm.ts:282:13)

    console.log
      [2026-02-08T19:37:13.864Z] Event target: undefined

      at Object.log [as handleSubmit] (src/hooks/useRegistrationForm.ts:283:13)

    console.log
      [2026-02-08T19:37:13.864Z] Form data: {
        "fullName": "John Doe",
        "email": "test@example.com",
        "password": "Password123!",
        "confirmPassword": "Password123!"
      }

      at Object.log [as handleSubmit] (src/hooks/useRegistrationForm.ts:284:13)

    console.log
      [2026-02-08T19:37:13.864Z] Current errors: {}

      at Object.log [as handleSubmit] (src/hooks/useRegistrationForm.ts:285:13)

    console.log
      [2026-02-08T19:37:13.864Z] Is rate limited: false

      at Object.log [as handleSubmit] (src/hooks/useRegistrationForm.ts:286:13)

    console.log
      [2026-02-08T19:37:13.864Z] Validation result: true

      at Object.log [as handleSubmit] (src/hooks/useRegistrationForm.ts:296:13)

    console.log
      [2026-02-08T19:37:13.864Z] ✅ Validation passed, proceeding with API call

      at Object.log [as handleSubmit] (src/hooks/useRegistrationForm.ts:303:13)

    console.log
      [2026-02-08T19:37:13.864Z] 📡 Calling API client register method

      at Object.log [as handleSubmit] (src/hooks/useRegistrationForm.ts:316:15)

    console.log
      [2026-02-08T19:37:13.864Z] API payload: {
        email: 'test@example.com',
        name: 'John Doe',
        password: '***REDACTED***'
      }

      at Object.log [as handleSubmit] (src/hooks/useRegistrationForm.ts:317:15)

    console.log
      [2026-02-08T19:37:13.864Z] ❌ API call failed: { status: 409, message: 'Email already exists' }

      at Object.log [as handleSubmit] (src/hooks/useRegistrationForm.ts:343:15)

    console.log
      [2026-02-08T19:37:13.864Z] ========== FORM SUBMISSION ENDED ==========

      at Object.log [as handleSubmit] (src/hooks/useRegistrationForm.ts:376:15)

    console.log
      ✅ preventDefault() called FIRST (stopPropagation also called if available)

      at Object.log [as handleSubmit] (src/hooks/useRegistrationForm.ts:277:13)

    console.log
      [2026-02-08T19:37:13.897Z] ========== FORM SUBMISSION STARTED ==========

      at Object.log [as handleSubmit] (src/hooks/useRegistrationForm.ts:280:13)

    console.log
      [2026-02-08T19:37:13.897Z] Event defaultPrevented: undefined

      at Object.log [as handleSubmit] (src/hooks/useRegistrationForm.ts:281:13)

    console.log
      [2026-02-08T19:37:13.897Z] Event type: undefined

      at Object.log [as handleSubmit] (src/hooks/useRegistrationForm.ts:282:13)

    console.log
      [2026-02-08T19:37:13.897Z] Event target: undefined

      at Object.log [as handleSubmit] (src/hooks/useRegistrationForm.ts:283:13)

    console.log
      [2026-02-08T19:37:13.897Z] Form data: {
        "fullName": "John Doe",
        "email": "test@example.com",
        "password": "Password123!",
        "confirmPassword": "Password123!"
      }

      at Object.log [as handleSubmit] (src/hooks/useRegistrationForm.ts:284:13)

    console.log
      [2026-02-08T19:37:13.897Z] Current errors: {}

      at Object.log [as handleSubmit] (src/hooks/useRegistrationForm.ts:285:13)

    console.log
      [2026-02-08T19:37:13.897Z] Is rate limited: false

      at Object.log [as handleSubmit] (src/hooks/useRegistrationForm.ts:286:13)

    console.log
      [2026-02-08T19:37:13.897Z] Validation result: true

      at Object.log [as handleSubmit] (src/hooks/useRegistrationForm.ts:296:13)

    console.log
      [2026-02-08T19:37:13.897Z] ✅ Validation passed, proceeding with API call

      at Object.log [as handleSubmit] (src/hooks/useRegistrationForm.ts:303:13)

    console.log
      [2026-02-08T19:37:13.897Z] 📡 Calling API client register method

      at Object.log [as handleSubmit] (src/hooks/useRegistrationForm.ts:316:15)

    console.log
      [2026-02-08T19:37:13.897Z] API payload: {
        email: 'test@example.com',
        name: 'John Doe',
        password: '***REDACTED***'
      }

      at Object.log [as handleSubmit] (src/hooks/useRegistrationForm.ts:317:15)

    console.log
      [2026-02-08T19:37:13.897Z] ✅ API call successful

      at Object.log [as handleSubmit] (src/hooks/useRegistrationForm.ts:330:15)

    console.log
      [2026-02-08T19:37:13.897Z] ========== FORM SUBMISSION ENDED ==========

      at Object.log [as handleSubmit] (src/hooks/useRegistrationForm.ts:376:15)

    console.log
      ✅ preventDefault() called FIRST (stopPropagation also called if available)

      at Object.log [as handleSubmit] (src/hooks/useRegistrationForm.ts:277:13)

    console.log
      [2026-02-08T19:37:13.900Z] ========== FORM SUBMISSION STARTED ==========

      at Object.log [as handleSubmit] (src/hooks/useRegistrationForm.ts:280:13)

    console.log
      [2026-02-08T19:37:13.900Z] Event defaultPrevented: undefined

      at Object.log [as handleSubmit] (src/hooks/useRegistrationForm.ts:281:13)

    console.log
      [2026-02-08T19:37:13.900Z] Event type: undefined

      at Object.log [as handleSubmit] (src/hooks/useRegistrationForm.ts:282:13)

    console.log
      [2026-02-08T19:37:13.900Z] Event target: undefined

      at Object.log [as handleSubmit] (src/hooks/useRegistrationForm.ts:283:13)

    console.log
      [2026-02-08T19:37:13.900Z] Form data: {
        "fullName": "John Doe",
        "email": "test@example.com",
        "password": "Password123!",
        "confirmPassword": "Password123!"
      }

      at Object.log [as handleSubmit] (src/hooks/useRegistrationForm.ts:284:13)

    console.log
      [2026-02-08T19:37:13.900Z] Current errors: {}

      at Object.log [as handleSubmit] (src/hooks/useRegistrationForm.ts:285:13)

    console.log
      [2026-02-08T19:37:13.900Z] Is rate limited: false

      at Object.log [as handleSubmit] (src/hooks/useRegistrationForm.ts:286:13)

    console.log
      [2026-02-08T19:37:13.900Z] Validation result: true

      at Object.log [as handleSubmit] (src/hooks/useRegistrationForm.ts:296:13)

    console.log
      [2026-02-08T19:37:13.900Z] ✅ Validation passed, proceeding with API call

      at Object.log [as handleSubmit] (src/hooks/useRegistrationForm.ts:303:13)

    console.log
      [2026-02-08T19:37:13.900Z] 📡 Calling API client register method

      at Object.log [as handleSubmit] (src/hooks/useRegistrationForm.ts:316:15)

    console.log
      [2026-02-08T19:37:13.900Z] API payload: {
        email: 'test@example.com',
        name: 'John Doe',
        password: '***REDACTED***'
      }

      at Object.log [as handleSubmit] (src/hooks/useRegistrationForm.ts:317:15)

    console.log
      [2026-02-08T19:37:13.900Z] ✅ API call successful

      at Object.log [as handleSubmit] (src/hooks/useRegistrationForm.ts:330:15)

    console.log
      [2026-02-08T19:37:13.900Z] ========== FORM SUBMISSION ENDED ==========

      at Object.log [as handleSubmit] (src/hooks/useRegistrationForm.ts:376:15)

    console.log
      ✅ preventDefault() called FIRST (stopPropagation also called if available)

      at Object.log [as handleSubmit] (src/hooks/useRegistrationForm.ts:277:13)

    console.log
      [2026-02-08T19:37:13.905Z] ========== FORM SUBMISSION STARTED ==========

      at Object.log [as handleSubmit] (src/hooks/useRegistrationForm.ts:280:13)

    console.log
      [2026-02-08T19:37:13.905Z] Event defaultPrevented: undefined

      at Object.log [as handleSubmit] (src/hooks/useRegistrationForm.ts:281:13)

    console.log
      [2026-02-08T19:37:13.905Z] Event type: undefined

      at Object.log [as handleSubmit] (src/hooks/useRegistrationForm.ts:282:13)

    console.log
      [2026-02-08T19:37:13.905Z] Event target: undefined

      at Object.log [as handleSubmit] (src/hooks/useRegistrationForm.ts:283:13)

    console.log
      [2026-02-08T19:37:13.905Z] Form data: {
        "fullName": "John Doe",
        "email": "test@example.com",
        "password": "Password123!",
        "confirmPassword": "Password123!"
      }

      at Object.log [as handleSubmit] (src/hooks/useRegistrationForm.ts:284:13)

    console.log
      [2026-02-08T19:37:13.905Z] Current errors: {}

      at Object.log [as handleSubmit] (src/hooks/useRegistrationForm.ts:285:13)

    console.log
      [2026-02-08T19:37:13.905Z] Is rate limited: false

      at Object.log [as handleSubmit] (src/hooks/useRegistrationForm.ts:286:13)

    console.log
      [2026-02-08T19:37:13.905Z] Validation result: true

      at Object.log [as handleSubmit] (src/hooks/useRegistrationForm.ts:296:13)

    console.log
      [2026-02-08T19:37:13.905Z] ✅ Validation passed, proceeding with API call

      at Object.log [as handleSubmit] (src/hooks/useRegistrationForm.ts:303:13)

    console.log
      [2026-02-08T19:37:13.905Z] 📡 Calling API client register method

      at Object.log [as handleSubmit] (src/hooks/useRegistrationForm.ts:316:15)

    console.log
      [2026-02-08T19:37:13.905Z] API payload: {
        email: 'test@example.com',
        name: 'John Doe',
        password: '***REDACTED***'
      }

      at Object.log [as handleSubmit] (src/hooks/useRegistrationForm.ts:317:15)

    console.log
      [2026-02-08T19:37:13.905Z] ✅ API call successful

      at Object.log [as handleSubmit] (src/hooks/useRegistrationForm.ts:330:15)

    console.log
      [2026-02-08T19:37:13.905Z] ========== FORM SUBMISSION ENDED ==========

      at Object.log [as handleSubmit] (src/hooks/useRegistrationForm.ts:376:15)

    console.log
      ✅ preventDefault() called FIRST (stopPropagation also called if available)

      at Object.log [as handleSubmit] (src/hooks/useRegistrationForm.ts:277:13)

    console.log
      [2026-02-08T19:37:13.916Z] ========== FORM SUBMISSION STARTED ==========

      at Object.log [as handleSubmit] (src/hooks/useRegistrationForm.ts:280:13)

    console.log
      [2026-02-08T19:37:13.916Z] Event defaultPrevented: undefined

      at Object.log [as handleSubmit] (src/hooks/useRegistrationForm.ts:281:13)

    console.log
      [2026-02-08T19:37:13.916Z] Event type: undefined

      at Object.log [as handleSubmit] (src/hooks/useRegistrationForm.ts:282:13)

    console.log
      [2026-02-08T19:37:13.916Z] Event target: undefined

      at Object.log [as handleSubmit] (src/hooks/useRegistrationForm.ts:283:13)

    console.log
      [2026-02-08T19:37:13.916Z] Form data: {
        "fullName": "John Doe",
        "email": "test@example.com",
        "password": "Password123!",
        "confirmPassword": "Password123!"
      }

      at Object.log [as handleSubmit] (src/hooks/useRegistrationForm.ts:284:13)

    console.log
      [2026-02-08T19:37:13.916Z] Current errors: {}

      at Object.log [as handleSubmit] (src/hooks/useRegistrationForm.ts:285:13)

    console.log
      [2026-02-08T19:37:13.916Z] Is rate limited: false

      at Object.log [as handleSubmit] (src/hooks/useRegistrationForm.ts:286:13)

    console.log
      [2026-02-08T19:37:13.916Z] Validation result: true

      at Object.log [as handleSubmit] (src/hooks/useRegistrationForm.ts:296:13)

    console.log
      [2026-02-08T19:37:13.916Z] ✅ Validation passed, proceeding with API call

      at Object.log [as handleSubmit] (src/hooks/useRegistrationForm.ts:303:13)

    console.log
      [2026-02-08T19:37:13.916Z] 📡 Calling API client register method

      at Object.log [as handleSubmit] (src/hooks/useRegistrationForm.ts:316:15)

    console.log
      [2026-02-08T19:37:13.916Z] API payload: {
        email: 'test@example.com',
        name: 'John Doe',
        password: '***REDACTED***'
      }

      at Object.log [as handleSubmit] (src/hooks/useRegistrationForm.ts:317:15)

    console.log
      [2026-02-08T19:37:13.916Z] ✅ API call successful

      at Object.log [as handleSubmit] (src/hooks/useRegistrationForm.ts:330:15)

    console.log
      [2026-02-08T19:37:13.916Z] ========== FORM SUBMISSION ENDED ==========

      at Object.log [as handleSubmit] (src/hooks/useRegistrationForm.ts:376:15)

    console.log
      ✅ preventDefault() called FIRST (stopPropagation also called if available)

      at Object.log [as handleSubmit] (src/hooks/useRegistrationForm.ts:277:13)

    console.log
      [2026-02-08T19:37:13.920Z] ========== FORM SUBMISSION STARTED ==========

      at Object.log [as handleSubmit] (src/hooks/useRegistrationForm.ts:280:13)

    console.log
      [2026-02-08T19:37:13.920Z] Event defaultPrevented: undefined

      at Object.log [as handleSubmit] (src/hooks/useRegistrationForm.ts:281:13)

    console.log
      [2026-02-08T19:37:13.920Z] Event type: undefined

      at Object.log [as handleSubmit] (src/hooks/useRegistrationForm.ts:282:13)

    console.log
      [2026-02-08T19:37:13.920Z] Event target: undefined

      at Object.log [as handleSubmit] (src/hooks/useRegistrationForm.ts:283:13)

    console.log
      [2026-02-08T19:37:13.920Z] Form data: {
        "fullName": "John Doe",
        "email": "test@example.com",
        "password": "Password123!",
        "confirmPassword": "Password123!"
      }

      at Object.log [as handleSubmit] (src/hooks/useRegistrationForm.ts:284:13)

    console.log
      [2026-02-08T19:37:13.920Z] Current errors: {}

      at Object.log [as handleSubmit] (src/hooks/useRegistrationForm.ts:285:13)

    console.log
      [2026-02-08T19:37:13.920Z] Is rate limited: true

      at Object.log [as handleSubmit] (src/hooks/useRegistrationForm.ts:286:13)

    console.log
      [2026-02-08T19:37:13.920Z] ❌ Form submission blocked: rate limit active

      at Object.log [as handleSubmit] (src/hooks/useRegistrationForm.ts:290:15)

    console.log
      ✅ preventDefault() called FIRST (stopPropagation also called if available)

      at Object.log [as handleSubmit] (src/hooks/useRegistrationForm.ts:277:13)

    console.log
      [2026-02-08T19:37:13.921Z] ========== FORM SUBMISSION STARTED ==========

      at Object.log [as handleSubmit] (src/hooks/useRegistrationForm.ts:280:13)

    console.log
      [2026-02-08T19:37:13.921Z] Event defaultPrevented: undefined

      at Object.log [as handleSubmit] (src/hooks/useRegistrationForm.ts:281:13)

    console.log
      [2026-02-08T19:37:13.921Z] Event type: undefined

      at Object.log [as handleSubmit] (src/hooks/useRegistrationForm.ts:282:13)

    console.log
      [2026-02-08T19:37:13.921Z] Event target: undefined

      at Object.log [as handleSubmit] (src/hooks/useRegistrationForm.ts:283:13)

    console.log
      [2026-02-08T19:37:13.921Z] Form data: {
        "fullName": "John Doe",
        "email": "test@example.com",
        "password": "Password123!",
        "confirmPassword": "Password123!"
      }

      at Object.log [as handleSubmit] (src/hooks/useRegistrationForm.ts:284:13)

    console.log
      [2026-02-08T19:37:13.921Z] Current errors: {}

      at Object.log [as handleSubmit] (src/hooks/useRegistrationForm.ts:285:13)

    console.log
      [2026-02-08T19:37:13.921Z] Is rate limited: true

      at Object.log [as handleSubmit] (src/hooks/useRegistrationForm.ts:286:13)

    console.log
      [2026-02-08T19:37:13.921Z] ❌ Form submission blocked: rate limit active

      at Object.log [as handleSubmit] (src/hooks/useRegistrationForm.ts:290:15)

    console.log
      ✅ preventDefault() called FIRST (stopPropagation also called if available)

      at Object.log [as handleSubmit] (src/hooks/useRegistrationForm.ts:277:13)

    console.log
      [2026-02-08T19:37:13.923Z] ========== FORM SUBMISSION STARTED ==========

      at Object.log [as handleSubmit] (src/hooks/useRegistrationForm.ts:280:13)

    console.log
      [2026-02-08T19:37:13.923Z] Event defaultPrevented: undefined

      at Object.log [as handleSubmit] (src/hooks/useRegistrationForm.ts:281:13)

    console.log
      [2026-02-08T19:37:13.923Z] Event type: undefined

      at Object.log [as handleSubmit] (src/hooks/useRegistrationForm.ts:282:13)

    console.log
      [2026-02-08T19:37:13.923Z] Event target: undefined

      at Object.log [as handleSubmit] (src/hooks/useRegistrationForm.ts:283:13)

    console.log
      [2026-02-08T19:37:13.923Z] Form data: {
        "fullName": "John Doe",
        "email": "test@example.com",
        "password": "Password123!",
        "confirmPassword": "Password123!"
      }

      at Object.log [as handleSubmit] (src/hooks/useRegistrationForm.ts:284:13)

    console.log
      [2026-02-08T19:37:13.923Z] Current errors: {}

      at Object.log [as handleSubmit] (src/hooks/useRegistrationForm.ts:285:13)

    console.log
      [2026-02-08T19:37:13.923Z] Is rate limited: false

      at Object.log [as handleSubmit] (src/hooks/useRegistrationForm.ts:286:13)

    console.log
      [2026-02-08T19:37:13.923Z] Validation result: true

      at Object.log [as handleSubmit] (src/hooks/useRegistrationForm.ts:296:13)

    console.log
      [2026-02-08T19:37:13.923Z] ✅ Validation passed, proceeding with API call

      at Object.log [as handleSubmit] (src/hooks/useRegistrationForm.ts:303:13)

    console.log
      [2026-02-08T19:37:13.923Z] 📡 Calling API client register method

      at Object.log [as handleSubmit] (src/hooks/useRegistrationForm.ts:316:15)

    console.log
      [2026-02-08T19:37:13.923Z] API payload: {
        email: 'test@example.com',
        name: 'John Doe',
        password: '***REDACTED***'
      }

      at Object.log [as handleSubmit] (src/hooks/useRegistrationForm.ts:317:15)

    console.log
      [2026-02-08T19:37:13.923Z] ✅ API call successful

      at Object.log [as handleSubmit] (src/hooks/useRegistrationForm.ts:330:15)

    console.log
      [2026-02-08T19:37:13.923Z] ========== FORM SUBMISSION ENDED ==========

      at Object.log [as handleSubmit] (src/hooks/useRegistrationForm.ts:376:15)

    console.log
      ✅ preventDefault() called FIRST (stopPropagation also called if available)

      at Object.log [as handleSubmit] (src/hooks/useRegistrationForm.ts:277:13)

    console.log
      [2026-02-08T19:37:13.929Z] ========== FORM SUBMISSION STARTED ==========

      at Object.log [as handleSubmit] (src/hooks/useRegistrationForm.ts:280:13)

    console.log
      [2026-02-08T19:37:13.929Z] Event defaultPrevented: undefined

      at Object.log [as handleSubmit] (src/hooks/useRegistrationForm.ts:281:13)

    console.log
      [2026-02-08T19:37:13.929Z] Event type: undefined

      at Object.log [as handleSubmit] (src/hooks/useRegistrationForm.ts:282:13)

    console.log
      [2026-02-08T19:37:13.929Z] Event target: undefined

      at Object.log [as handleSubmit] (src/hooks/useRegistrationForm.ts:283:13)

    console.log
      [2026-02-08T19:37:13.929Z] Form data: {
        "fullName": "John Doe",
        "email": "test@example.com",
        "password": "Password123!",
        "confirmPassword": "Password123!"
      }

      at Object.log [as handleSubmit] (src/hooks/useRegistrationForm.ts:284:13)

    console.log
      [2026-02-08T19:37:13.929Z] Current errors: {}

      at Object.log [as handleSubmit] (src/hooks/useRegistrationForm.ts:285:13)

    console.log
      [2026-02-08T19:37:13.929Z] Is rate limited: false

      at Object.log [as handleSubmit] (src/hooks/useRegistrationForm.ts:286:13)

    console.log
      [2026-02-08T19:37:13.929Z] Validation result: true

      at Object.log [as handleSubmit] (src/hooks/useRegistrationForm.ts:296:13)

    console.log
      [2026-02-08T19:37:13.929Z] ✅ Validation passed, proceeding with API call

      at Object.log [as handleSubmit] (src/hooks/useRegistrationForm.ts:303:13)

    console.log
      [2026-02-08T19:37:13.929Z] 📡 Calling API client register method

      at Object.log [as handleSubmit] (src/hooks/useRegistrationForm.ts:316:15)

    console.log
      [2026-02-08T19:37:13.929Z] API payload: {
        email: 'test@example.com',
        name: 'John Doe',
        password: '***REDACTED***'
      }

      at Object.log [as handleSubmit] (src/hooks/useRegistrationForm.ts:317:15)

    console.log
      [2026-02-08T19:37:13.929Z] ❌ API call failed: { status: 409, message: 'Email already exists' }

      at Object.log [as handleSubmit] (src/hooks/useRegistrationForm.ts:343:15)

    console.log
      [2026-02-08T19:37:13.929Z] ========== FORM SUBMISSION ENDED ==========

      at Object.log [as handleSubmit] (src/hooks/useRegistrationForm.ts:376:15)

    console.log
      ✅ preventDefault() called FIRST (stopPropagation also called if available)

      at Object.log [as handleSubmit] (src/hooks/useRegistrationForm.ts:277:13)

    console.log
      [2026-02-08T19:37:13.934Z] ========== FORM SUBMISSION STARTED ==========

      at Object.log [as handleSubmit] (src/hooks/useRegistrationForm.ts:280:13)

    console.log
      [2026-02-08T19:37:13.934Z] Event defaultPrevented: undefined

      at Object.log [as handleSubmit] (src/hooks/useRegistrationForm.ts:281:13)

    console.log
      [2026-02-08T19:37:13.934Z] Event type: undefined

      at Object.log [as handleSubmit] (src/hooks/useRegistrationForm.ts:282:13)

    console.log
      [2026-02-08T19:37:13.934Z] Event target: undefined

      at Object.log [as handleSubmit] (src/hooks/useRegistrationForm.ts:283:13)

    console.log
      [2026-02-08T19:37:13.934Z] Form data: {
        "fullName": "John Doe",
        "email": "test@example.com",
        "password": "Password123!",
        "confirmPassword": "Password123!"
      }

      at Object.log [as handleSubmit] (src/hooks/useRegistrationForm.ts:284:13)

    console.log
      [2026-02-08T19:37:13.934Z] Current errors: {}

      at Object.log [as handleSubmit] (src/hooks/useRegistrationForm.ts:285:13)

    console.log
      [2026-02-08T19:37:13.934Z] Is rate limited: false

      at Object.log [as handleSubmit] (src/hooks/useRegistrationForm.ts:286:13)

    console.log
      [2026-02-08T19:37:13.934Z] Validation result: true

      at Object.log [as handleSubmit] (src/hooks/useRegistrationForm.ts:296:13)

    console.log
      [2026-02-08T19:37:13.934Z] ✅ Validation passed, proceeding with API call

      at Object.log [as handleSubmit] (src/hooks/useRegistrationForm.ts:303:13)

    console.log
      [2026-02-08T19:37:13.934Z] 📡 Calling API client register method

      at Object.log [as handleSubmit] (src/hooks/useRegistrationForm.ts:316:15)

    console.log
      [2026-02-08T19:37:13.934Z] API payload: {
        email: 'test@example.com',
        name: 'John Doe',
        password: '***REDACTED***'
      }

      at Object.log [as handleSubmit] (src/hooks/useRegistrationForm.ts:317:15)

    console.log
      [2026-02-08T19:37:13.934Z] ❌ API call failed: { status: 409, message: 'Email already exists' }

      at Object.log [as handleSubmit] (src/hooks/useRegistrationForm.ts:343:15)

    console.log
      [2026-02-08T19:37:13.934Z] ========== FORM SUBMISSION ENDED ==========

      at Object.log [as handleSubmit] (src/hooks/useRegistrationForm.ts:376:15)

    console.log
      ✅ preventDefault() called FIRST (stopPropagation also called if available)

      at Object.log [as handleSubmit] (src/hooks/useRegistrationForm.ts:277:13)

    console.log
      [2026-02-08T19:37:13.938Z] ========== FORM SUBMISSION STARTED ==========

      at Object.log [as handleSubmit] (src/hooks/useRegistrationForm.ts:280:13)

    console.log
      [2026-02-08T19:37:13.938Z] Event defaultPrevented: undefined

      at Object.log [as handleSubmit] (src/hooks/useRegistrationForm.ts:281:13)

    console.log
      [2026-02-08T19:37:13.938Z] Event type: undefined

      at Object.log [as handleSubmit] (src/hooks/useRegistrationForm.ts:282:13)

    console.log
      [2026-02-08T19:37:13.938Z] Event target: undefined

      at Object.log [as handleSubmit] (src/hooks/useRegistrationForm.ts:283:13)

    console.log
      [2026-02-08T19:37:13.938Z] Form data: {
        "fullName": "John Doe",
        "email": "test@example.com",
        "password": "Password123!",
        "confirmPassword": "Password123!"
      }

      at Object.log [as handleSubmit] (src/hooks/useRegistrationForm.ts:284:13)

    console.log
      [2026-02-08T19:37:13.938Z] Current errors: {}

      at Object.log [as handleSubmit] (src/hooks/useRegistrationForm.ts:285:13)

    console.log
      [2026-02-08T19:37:13.938Z] Is rate limited: false

      at Object.log [as handleSubmit] (src/hooks/useRegistrationForm.ts:286:13)

    console.log
      [2026-02-08T19:37:13.938Z] Validation result: true

      at Object.log [as handleSubmit] (src/hooks/useRegistrationForm.ts:296:13)

    console.log
      [2026-02-08T19:37:13.938Z] ✅ Validation passed, proceeding with API call

      at Object.log [as handleSubmit] (src/hooks/useRegistrationForm.ts:303:13)

    console.log
      [2026-02-08T19:37:13.938Z] 📡 Calling API client register method

      at Object.log [as handleSubmit] (src/hooks/useRegistrationForm.ts:316:15)

    console.log
      [2026-02-08T19:37:13.938Z] API payload: {
        email: 'test@example.com',
        name: 'John Doe',
        password: '***REDACTED***'
      }

      at Object.log [as handleSubmit] (src/hooks/useRegistrationForm.ts:317:15)

    console.log
      [2026-02-08T19:37:13.938Z] ✅ API call successful

      at Object.log [as handleSubmit] (src/hooks/useRegistrationForm.ts:330:15)

    console.log
      [2026-02-08T19:37:13.938Z] ========== FORM SUBMISSION ENDED ==========

      at Object.log [as handleSubmit] (src/hooks/useRegistrationForm.ts:376:15)

    console.log
      ✅ preventDefault() called FIRST (stopPropagation also called if available)

      at Object.log [as handleSubmit] (src/hooks/useRegistrationForm.ts:277:13)

    console.log
      [2026-02-08T19:37:13.941Z] ========== FORM SUBMISSION STARTED ==========

      at Object.log [as handleSubmit] (src/hooks/useRegistrationForm.ts:280:13)

    console.log
      [2026-02-08T19:37:13.941Z] Event defaultPrevented: undefined

      at Object.log [as handleSubmit] (src/hooks/useRegistrationForm.ts:281:13)

    console.log
      [2026-02-08T19:37:13.941Z] Event type: undefined

      at Object.log [as handleSubmit] (src/hooks/useRegistrationForm.ts:282:13)

    console.log
      [2026-02-08T19:37:13.941Z] Event target: undefined

      at Object.log [as handleSubmit] (src/hooks/useRegistrationForm.ts:283:13)

    console.log
      [2026-02-08T19:37:13.941Z] Form data: {
        "fullName": "John Doe",
        "email": "test@example.com",
        "password": "Password123!",
        "confirmPassword": "Password123!"
      }

      at Object.log [as handleSubmit] (src/hooks/useRegistrationForm.ts:284:13)

    console.log
      [2026-02-08T19:37:13.941Z] Current errors: {}

      at Object.log [as handleSubmit] (src/hooks/useRegistrationForm.ts:285:13)

    console.log
      [2026-02-08T19:37:13.941Z] Is rate limited: false

      at Object.log [as handleSubmit] (src/hooks/useRegistrationForm.ts:286:13)

    console.log
      [2026-02-08T19:37:13.941Z] Validation result: true

      at Object.log [as handleSubmit] (src/hooks/useRegistrationForm.ts:296:13)

    console.log
      [2026-02-08T19:37:13.941Z] ✅ Validation passed, proceeding with API call

      at Object.log [as handleSubmit] (src/hooks/useRegistrationForm.ts:303:13)

    console.log
      [2026-02-08T19:37:13.941Z] 📡 Calling API client register method

      at Object.log [as handleSubmit] (src/hooks/useRegistrationForm.ts:316:15)

    console.log
      [2026-02-08T19:37:13.941Z] API payload: {
        email: 'test@example.com',
        name: 'John Doe',
        password: '***REDACTED***'
      }

      at Object.log [as handleSubmit] (src/hooks/useRegistrationForm.ts:317:15)

    console.log
      [2026-02-08T19:37:13.941Z] ❌ API call failed: { status: 409, message: 'Email already exists' }

      at Object.log [as handleSubmit] (src/hooks/useRegistrationForm.ts:343:15)

    console.log
      [2026-02-08T19:37:13.941Z] ========== FORM SUBMISSION ENDED ==========

      at Object.log [as handleSubmit] (src/hooks/useRegistrationForm.ts:376:15)

    console.log
      ✅ preventDefault() called FIRST (stopPropagation also called if available)

      at Object.log [as handleSubmit] (src/hooks/useRegistrationForm.ts:277:13)

    console.log
      [2026-02-08T19:37:13.945Z] ========== FORM SUBMISSION STARTED ==========

      at Object.log [as handleSubmit] (src/hooks/useRegistrationForm.ts:280:13)

    console.log
      [2026-02-08T19:37:13.945Z] Event defaultPrevented: undefined

      at Object.log [as handleSubmit] (src/hooks/useRegistrationForm.ts:281:13)

    console.log
      [2026-02-08T19:37:13.945Z] Event type: undefined

      at Object.log [as handleSubmit] (src/hooks/useRegistrationForm.ts:282:13)

    console.log
      [2026-02-08T19:37:13.945Z] Event target: undefined

      at Object.log [as handleSubmit] (src/hooks/useRegistrationForm.ts:283:13)

    console.log
      [2026-02-08T19:37:13.945Z] Form data: {
        "fullName": "John Doe",
        "email": "test@example.com",
        "password": "Password123!",
        "confirmPassword": "Password123!"
      }

      at Object.log [as handleSubmit] (src/hooks/useRegistrationForm.ts:284:13)

    console.log
      [2026-02-08T19:37:13.945Z] Current errors: {}

      at Object.log [as handleSubmit] (src/hooks/useRegistrationForm.ts:285:13)

    console.log
      [2026-02-08T19:37:13.945Z] Is rate limited: false

      at Object.log [as handleSubmit] (src/hooks/useRegistrationForm.ts:286:13)

    console.log
      [2026-02-08T19:37:13.945Z] Validation result: true

      at Object.log [as handleSubmit] (src/hooks/useRegistrationForm.ts:296:13)

    console.log
      [2026-02-08T19:37:13.945Z] ✅ Validation passed, proceeding with API call

      at Object.log [as handleSubmit] (src/hooks/useRegistrationForm.ts:303:13)

    console.log
      [2026-02-08T19:37:13.945Z] 📡 Calling API client register method

      at Object.log [as handleSubmit] (src/hooks/useRegistrationForm.ts:316:15)

    console.log
      [2026-02-08T19:37:13.945Z] API payload: {
        email: 'test@example.com',
        name: 'John Doe',
        password: '***REDACTED***'
      }

      at Object.log [as handleSubmit] (src/hooks/useRegistrationForm.ts:317:15)

    console.log
      [2026-02-08T19:37:13.945Z] ❌ API call failed: { status: 409, message: 'Email already exists' }

      at Object.log [as handleSubmit] (src/hooks/useRegistrationForm.ts:343:15)

    console.log
      [2026-02-08T19:37:13.945Z] ========== FORM SUBMISSION ENDED ==========

      at Object.log [as handleSubmit] (src/hooks/useRegistrationForm.ts:376:15)

    console.log
      ✅ preventDefault() called FIRST (stopPropagation also called if available)

      at Object.log [as handleSubmit] (src/hooks/useRegistrationForm.ts:277:13)

    console.log
      [2026-02-08T19:37:13.950Z] ========== FORM SUBMISSION STARTED ==========

      at Object.log [as handleSubmit] (src/hooks/useRegistrationForm.ts:280:13)

    console.log
      [2026-02-08T19:37:13.950Z] Event defaultPrevented: undefined

      at Object.log [as handleSubmit] (src/hooks/useRegistrationForm.ts:281:13)

    console.log
      [2026-02-08T19:37:13.950Z] Event type: undefined

      at Object.log [as handleSubmit] (src/hooks/useRegistrationForm.ts:282:13)

    console.log
      [2026-02-08T19:37:13.950Z] Event target: undefined

      at Object.log [as handleSubmit] (src/hooks/useRegistrationForm.ts:283:13)

    console.log
      [2026-02-08T19:37:13.950Z] Form data: {
        "fullName": "John Doe",
        "email": "test@example.com",
        "password": "Password123!",
        "confirmPassword": "Password123!"
      }

      at Object.log [as handleSubmit] (src/hooks/useRegistrationForm.ts:284:13)

    console.log
      [2026-02-08T19:37:13.950Z] Current errors: {}

      at Object.log [as handleSubmit] (src/hooks/useRegistrationForm.ts:285:13)

    console.log
      [2026-02-08T19:37:13.950Z] Is rate limited: false

      at Object.log [as handleSubmit] (src/hooks/useRegistrationForm.ts:286:13)

    console.log
      [2026-02-08T19:37:13.950Z] Validation result: true

      at Object.log [as handleSubmit] (src/hooks/useRegistrationForm.ts:296:13)

    console.log
      [2026-02-08T19:37:13.950Z] ✅ Validation passed, proceeding with API call

      at Object.log [as handleSubmit] (src/hooks/useRegistrationForm.ts:303:13)

    console.log
      [2026-02-08T19:37:13.950Z] 📡 Calling API client register method

      at Object.log [as handleSubmit] (src/hooks/useRegistrationForm.ts:316:15)

    console.log
      [2026-02-08T19:37:13.950Z] API payload: {
        email: 'test@example.com',
        name: 'John Doe',
        password: '***REDACTED***'
      }

      at Object.log [as handleSubmit] (src/hooks/useRegistrationForm.ts:317:15)

    console.log
      [2026-02-08T19:37:13.950Z] ✅ API call successful

      at Object.log [as handleSubmit] (src/hooks/useRegistrationForm.ts:330:15)

    console.log
      [2026-02-08T19:37:13.950Z] ========== FORM SUBMISSION ENDED ==========

      at Object.log [as handleSubmit] (src/hooks/useRegistrationForm.ts:376:15)

    console.log
      ✅ preventDefault() called FIRST (stopPropagation also called if available)

      at Object.log [as handleSubmit] (src/hooks/useRegistrationForm.ts:277:13)

    console.log
      [2026-02-08T19:37:13.954Z] ========== FORM SUBMISSION STARTED ==========

      at Object.log [as handleSubmit] (src/hooks/useRegistrationForm.ts:280:13)

    console.log
      [2026-02-08T19:37:13.954Z] Event defaultPrevented: undefined

      at Object.log [as handleSubmit] (src/hooks/useRegistrationForm.ts:281:13)

    console.log
      [2026-02-08T19:37:13.954Z] Event type: undefined

      at Object.log [as handleSubmit] (src/hooks/useRegistrationForm.ts:282:13)

    console.log
      [2026-02-08T19:37:13.954Z] Event target: undefined

      at Object.log [as handleSubmit] (src/hooks/useRegistrationForm.ts:283:13)

    console.log
      [2026-02-08T19:37:13.954Z] Form data: {
        "fullName": "John Doe",
        "email": "test@example.com",
        "password": "Password123!",
        "confirmPassword": "Password123!"
      }

      at Object.log [as handleSubmit] (src/hooks/useRegistrationForm.ts:284:13)

    console.log
      [2026-02-08T19:37:13.954Z] Current errors: {}

      at Object.log [as handleSubmit] (src/hooks/useRegistrationForm.ts:285:13)

    console.log
      [2026-02-08T19:37:13.954Z] Is rate limited: false

      at Object.log [as handleSubmit] (src/hooks/useRegistrationForm.ts:286:13)

    console.log
      [2026-02-08T19:37:13.954Z] Validation result: true

      at Object.log [as handleSubmit] (src/hooks/useRegistrationForm.ts:296:13)

    console.log
      [2026-02-08T19:37:13.954Z] ✅ Validation passed, proceeding with API call

      at Object.log [as handleSubmit] (src/hooks/useRegistrationForm.ts:303:13)

    console.log
      [2026-02-08T19:37:13.954Z] 📡 Calling API client register method

      at Object.log [as handleSubmit] (src/hooks/useRegistrationForm.ts:316:15)

    console.log
      [2026-02-08T19:37:13.954Z] API payload: {
        email: 'test@example.com',
        name: 'John Doe',
        password: '***REDACTED***'
      }

      at Object.log [as handleSubmit] (src/hooks/useRegistrationForm.ts:317:15)

    console.log
      [2026-02-08T19:37:13.954Z] ❌ API call failed: { status: 409, message: 'Email already exists' }

      at Object.log [as handleSubmit] (src/hooks/useRegistrationForm.ts:343:15)

    console.log
      [2026-02-08T19:37:13.954Z] ========== FORM SUBMISSION ENDED ==========

      at Object.log [as handleSubmit] (src/hooks/useRegistrationForm.ts:376:15)

    console.log
      ✅ preventDefault() called FIRST (stopPropagation also called if available)

      at Object.log [as handleSubmit] (src/hooks/useRegistrationForm.ts:277:13)

    console.log
      [2026-02-08T19:37:13.958Z] ========== FORM SUBMISSION STARTED ==========

      at Object.log [as handleSubmit] (src/hooks/useRegistrationForm.ts:280:13)

    console.log
      [2026-02-08T19:37:13.958Z] Event defaultPrevented: undefined

      at Object.log [as handleSubmit] (src/hooks/useRegistrationForm.ts:281:13)

    console.log
      [2026-02-08T19:37:13.958Z] Event type: undefined

      at Object.log [as handleSubmit] (src/hooks/useRegistrationForm.ts:282:13)

    console.log
      [2026-02-08T19:37:13.958Z] Event target: undefined

      at Object.log [as handleSubmit] (src/hooks/useRegistrationForm.ts:283:13)

    console.log
      [2026-02-08T19:37:13.958Z] Form data: {
        "fullName": "John Doe",
        "email": "test@example.com",
        "password": "Password123!",
        "confirmPassword": "Password123!"
      }

      at Object.log [as handleSubmit] (src/hooks/useRegistrationForm.ts:284:13)

    console.log
      [2026-02-08T19:37:13.958Z] Current errors: {}

      at Object.log [as handleSubmit] (src/hooks/useRegistrationForm.ts:285:13)

    console.log
      [2026-02-08T19:37:13.958Z] Is rate limited: false

      at Object.log [as handleSubmit] (src/hooks/useRegistrationForm.ts:286:13)

    console.log
      [2026-02-08T19:37:13.958Z] Validation result: true

      at Object.log [as handleSubmit] (src/hooks/useRegistrationForm.ts:296:13)

    console.log
      [2026-02-08T19:37:13.958Z] ✅ Validation passed, proceeding with API call

      at Object.log [as handleSubmit] (src/hooks/useRegistrationForm.ts:303:13)

    console.log
      [2026-02-08T19:37:13.958Z] 📡 Calling API client register method

      at Object.log [as handleSubmit] (src/hooks/useRegistrationForm.ts:316:15)

    console.log
      [2026-02-08T19:37:13.958Z] API payload: {
        email: 'test@example.com',
        name: 'John Doe',
        password: '***REDACTED***'
      }

      at Object.log [as handleSubmit] (src/hooks/useRegistrationForm.ts:317:15)

    console.log
      [2026-02-08T19:37:13.958Z] ❌ API call failed: { status: 409, message: 'Email already exists' }

      at Object.log [as handleSubmit] (src/hooks/useRegistrationForm.ts:343:15)

    console.log
      [2026-02-08T19:37:13.958Z] ========== FORM SUBMISSION ENDED ==========

      at Object.log [as handleSubmit] (src/hooks/useRegistrationForm.ts:376:15)

    console.log
      ✅ preventDefault() called FIRST (stopPropagation also called if available)

      at Object.log [as handleSubmit] (src/hooks/useRegistrationForm.ts:277:13)

    console.log
      [2026-02-08T19:37:13.966Z] ========== FORM SUBMISSION STARTED ==========

      at Object.log [as handleSubmit] (src/hooks/useRegistrationForm.ts:280:13)

    console.log
      [2026-02-08T19:37:13.966Z] Event defaultPrevented: undefined

      at Object.log [as handleSubmit] (src/hooks/useRegistrationForm.ts:281:13)

    console.log
      [2026-02-08T19:37:13.966Z] Event type: undefined

      at Object.log [as handleSubmit] (src/hooks/useRegistrationForm.ts:282:13)

    console.log
      [2026-02-08T19:37:13.966Z] Event target: undefined

      at Object.log [as handleSubmit] (src/hooks/useRegistrationForm.ts:283:13)

    console.log
      [2026-02-08T19:37:13.966Z] Form data: {
        "fullName": "John Doe",
        "email": "test@example.com",
        "password": "Password123!",
        "confirmPassword": "Password123!"
      }

      at Object.log [as handleSubmit] (src/hooks/useRegistrationForm.ts:284:13)

    console.log
      [2026-02-08T19:37:13.966Z] Current errors: {}

      at Object.log [as handleSubmit] (src/hooks/useRegistrationForm.ts:285:13)

    console.log
      [2026-02-08T19:37:13.966Z] Is rate limited: false

      at Object.log [as handleSubmit] (src/hooks/useRegistrationForm.ts:286:13)

    console.log
      [2026-02-08T19:37:13.966Z] Validation result: true

      at Object.log [as handleSubmit] (src/hooks/useRegistrationForm.ts:296:13)

    console.log
      [2026-02-08T19:37:13.966Z] ✅ Validation passed, proceeding with API call

      at Object.log [as handleSubmit] (src/hooks/useRegistrationForm.ts:303:13)

    console.log
      [2026-02-08T19:37:13.966Z] 📡 Calling API client register method

      at Object.log [as handleSubmit] (src/hooks/useRegistrationForm.ts:316:15)

    console.log
      [2026-02-08T19:37:13.966Z] API payload: {
        email: 'test@example.com',
        name: 'John Doe',
        password: '***REDACTED***'
      }

      at Object.log [as handleSubmit] (src/hooks/useRegistrationForm.ts:317:15)

    console.log
      [2026-02-08T19:37:13.966Z] ✅ API call successful

      at Object.log [as handleSubmit] (src/hooks/useRegistrationForm.ts:330:15)

    console.log
      [2026-02-08T19:37:13.966Z] ========== FORM SUBMISSION ENDED ==========

      at Object.log [as handleSubmit] (src/hooks/useRegistrationForm.ts:376:15)

    console.log
      ✅ preventDefault() called FIRST (stopPropagation also called if available)

      at Object.log [as handleSubmit] (src/hooks/useRegistrationForm.ts:277:13)

    console.log
      [2026-02-08T19:37:13.970Z] ========== FORM SUBMISSION STARTED ==========

      at Object.log [as handleSubmit] (src/hooks/useRegistrationForm.ts:280:13)

    console.log
      [2026-02-08T19:37:13.970Z] Event defaultPrevented: undefined

      at Object.log [as handleSubmit] (src/hooks/useRegistrationForm.ts:281:13)

    console.log
      [2026-02-08T19:37:13.970Z] Event type: undefined

      at Object.log [as handleSubmit] (src/hooks/useRegistrationForm.ts:282:13)

    console.log
      [2026-02-08T19:37:13.970Z] Event target: undefined

      at Object.log [as handleSubmit] (src/hooks/useRegistrationForm.ts:283:13)

    console.log
      [2026-02-08T19:37:13.970Z] Form data: {
        "fullName": "John Doe",
        "email": "test@example.com",
        "password": "Password123!",
        "confirmPassword": "Password123!"
      }

      at Object.log [as handleSubmit] (src/hooks/useRegistrationForm.ts:284:13)

    console.log
      [2026-02-08T19:37:13.970Z] Current errors: {}

      at Object.log [as handleSubmit] (src/hooks/useRegistrationForm.ts:285:13)

    console.log
      [2026-02-08T19:37:13.970Z] Is rate limited: false

      at Object.log [as handleSubmit] (src/hooks/useRegistrationForm.ts:286:13)

    console.log
      [2026-02-08T19:37:13.970Z] Validation result: true

      at Object.log [as handleSubmit] (src/hooks/useRegistrationForm.ts:296:13)

    console.log
      [2026-02-08T19:37:13.970Z] ✅ Validation passed, proceeding with API call

      at Object.log [as handleSubmit] (src/hooks/useRegistrationForm.ts:303:13)

    console.log
      [2026-02-08T19:37:13.970Z] 📡 Calling API client register method

      at Object.log [as handleSubmit] (src/hooks/useRegistrationForm.ts:316:15)

    console.log
      [2026-02-08T19:37:13.970Z] API payload: {
        email: 'test@example.com',
        name: 'John Doe',
        password: '***REDACTED***'
      }

      at Object.log [as handleSubmit] (src/hooks/useRegistrationForm.ts:317:15)

    console.log
      [2026-02-08T19:37:13.970Z] ✅ API call successful

      at Object.log [as handleSubmit] (src/hooks/useRegistrationForm.ts:330:15)

    console.log
      [2026-02-08T19:37:13.970Z] ========== FORM SUBMISSION ENDED ==========

      at Object.log [as handleSubmit] (src/hooks/useRegistrationForm.ts:376:15)

    console.log
      ✅ preventDefault() called FIRST (stopPropagation also called if available)

      at Object.log [as handleSubmit] (src/hooks/useRegistrationForm.ts:277:13)

    console.log
      [2026-02-08T19:37:13.978Z] ========== FORM SUBMISSION STARTED ==========

      at Object.log [as handleSubmit] (src/hooks/useRegistrationForm.ts:280:13)

    console.log
      [2026-02-08T19:37:13.978Z] Event defaultPrevented: undefined

      at Object.log [as handleSubmit] (src/hooks/useRegistrationForm.ts:281:13)

    console.log
      [2026-02-08T19:37:13.978Z] Event type: undefined

      at Object.log [as handleSubmit] (src/hooks/useRegistrationForm.ts:282:13)

    console.log
      [2026-02-08T19:37:13.978Z] Event target: undefined

      at Object.log [as handleSubmit] (src/hooks/useRegistrationForm.ts:283:13)

    console.log
      [2026-02-08T19:37:13.978Z] Form data: {
        "fullName": "John Doe",
        "email": "test@example.com",
        "password": "Password123!",
        "confirmPassword": "Password123!"
      }

      at Object.log [as handleSubmit] (src/hooks/useRegistrationForm.ts:284:13)

    console.log
      [2026-02-08T19:37:13.978Z] Current errors: {}

      at Object.log [as handleSubmit] (src/hooks/useRegistrationForm.ts:285:13)

    console.log
      [2026-02-08T19:37:13.978Z] Is rate limited: false

      at Object.log [as handleSubmit] (src/hooks/useRegistrationForm.ts:286:13)

    console.log
      [2026-02-08T19:37:13.978Z] Validation result: true

      at Object.log [as handleSubmit] (src/hooks/useRegistrationForm.ts:296:13)

    console.log
      [2026-02-08T19:37:13.978Z] ✅ Validation passed, proceeding with API call

      at Object.log [as handleSubmit] (src/hooks/useRegistrationForm.ts:303:13)

    console.log
      [2026-02-08T19:37:13.978Z] 📡 Calling API client register method

      at Object.log [as handleSubmit] (src/hooks/useRegistrationForm.ts:316:15)

    console.log
      [2026-02-08T19:37:13.978Z] API payload: {
        email: 'test@example.com',
        name: 'John Doe',
        password: '***REDACTED***'
      }

      at Object.log [as handleSubmit] (src/hooks/useRegistrationForm.ts:317:15)

    console.log
      [2026-02-08T19:37:13.978Z] ❌ API call failed: { status: 409, message: 'Email already exists' }

      at Object.log [as handleSubmit] (src/hooks/useRegistrationForm.ts:343:15)

    console.log
      [2026-02-08T19:37:13.978Z] ========== FORM SUBMISSION ENDED ==========

      at Object.log [as handleSubmit] (src/hooks/useRegistrationForm.ts:376:15)

    console.log
      ✅ preventDefault() called FIRST (stopPropagation also called if available)

      at Object.log [as handleSubmit] (src/hooks/useRegistrationForm.ts:277:13)

    console.log
      [2026-02-08T19:37:13.982Z] ========== FORM SUBMISSION STARTED ==========

      at Object.log [as handleSubmit] (src/hooks/useRegistrationForm.ts:280:13)

    console.log
      [2026-02-08T19:37:13.982Z] Event defaultPrevented: undefined

      at Object.log [as handleSubmit] (src/hooks/useRegistrationForm.ts:281:13)

    console.log
      [2026-02-08T19:37:13.982Z] Event type: undefined

      at Object.log [as handleSubmit] (src/hooks/useRegistrationForm.ts:282:13)

    console.log
      [2026-02-08T19:37:13.982Z] Event target: undefined

      at Object.log [as handleSubmit] (src/hooks/useRegistrationForm.ts:283:13)

    console.log
      [2026-02-08T19:37:13.982Z] Form data: {
        "fullName": "John Doe",
        "email": "test@example.com",
        "password": "Password123!",
        "confirmPassword": "Password123!"
      }

      at Object.log [as handleSubmit] (src/hooks/useRegistrationForm.ts:284:13)

    console.log
      [2026-02-08T19:37:13.982Z] Current errors: {}

      at Object.log [as handleSubmit] (src/hooks/useRegistrationForm.ts:285:13)

    console.log
      [2026-02-08T19:37:13.982Z] Is rate limited: true

      at Object.log [as handleSubmit] (src/hooks/useRegistrationForm.ts:286:13)

    console.log
      [2026-02-08T19:37:13.982Z] ❌ Form submission blocked: rate limit active

      at Object.log [as handleSubmit] (src/hooks/useRegistrationForm.ts:290:15)

    console.log
      ✅ preventDefault() called FIRST (stopPropagation also called if available)

      at Object.log [as handleSubmit] (src/hooks/useRegistrationForm.ts:277:13)

    console.log
      [2026-02-08T19:37:13.983Z] ========== FORM SUBMISSION STARTED ==========

      at Object.log [as handleSubmit] (src/hooks/useRegistrationForm.ts:280:13)

    console.log
      [2026-02-08T19:37:13.983Z] Event defaultPrevented: undefined

      at Object.log [as handleSubmit] (src/hooks/useRegistrationForm.ts:281:13)

    console.log
      [2026-02-08T19:37:13.983Z] Event type: undefined

      at Object.log [as handleSubmit] (src/hooks/useRegistrationForm.ts:282:13)

    console.log
      [2026-02-08T19:37:13.983Z] Event target: undefined

      at Object.log [as handleSubmit] (src/hooks/useRegistrationForm.ts:283:13)

    console.log
      [2026-02-08T19:37:13.983Z] Form data: {
        "fullName": "John Doe",
        "email": "test@example.com",
        "password": "Password123!",
        "confirmPassword": "Password123!"
      }

      at Object.log [as handleSubmit] (src/hooks/useRegistrationForm.ts:284:13)

    console.log
      [2026-02-08T19:37:13.983Z] Current errors: {}

      at Object.log [as handleSubmit] (src/hooks/useRegistrationForm.ts:285:13)

    console.log
      [2026-02-08T19:37:13.983Z] Is rate limited: true

      at Object.log [as handleSubmit] (src/hooks/useRegistrationForm.ts:286:13)

    console.log
      [2026-02-08T19:37:13.983Z] ❌ Form submission blocked: rate limit active

      at Object.log [as handleSubmit] (src/hooks/useRegistrationForm.ts:290:15)

    console.log
      ✅ preventDefault() called FIRST (stopPropagation also called if available)

      at Object.log [as handleSubmit] (src/hooks/useRegistrationForm.ts:277:13)

    console.log
      [2026-02-08T19:37:13.988Z] ========== FORM SUBMISSION STARTED ==========

      at Object.log [as handleSubmit] (src/hooks/useRegistrationForm.ts:280:13)

    console.log
      [2026-02-08T19:37:13.988Z] Event defaultPrevented: undefined

      at Object.log [as handleSubmit] (src/hooks/useRegistrationForm.ts:281:13)

    console.log
      [2026-02-08T19:37:13.988Z] Event type: undefined

      at Object.log [as handleSubmit] (src/hooks/useRegistrationForm.ts:282:13)

    console.log
      [2026-02-08T19:37:13.988Z] Event target: undefined

      at Object.log [as handleSubmit] (src/hooks/useRegistrationForm.ts:283:13)

    console.log
      [2026-02-08T19:37:13.988Z] Form data: {
        "fullName": "John Doe",
        "email": "test@example.com",
        "password": "Password123!",
        "confirmPassword": "Password123!"
      }

      at Object.log [as handleSubmit] (src/hooks/useRegistrationForm.ts:284:13)

    console.log
      [2026-02-08T19:37:13.988Z] Current errors: {}

      at Object.log [as handleSubmit] (src/hooks/useRegistrationForm.ts:285:13)

    console.log
      [2026-02-08T19:37:13.988Z] Is rate limited: true

      at Object.log [as handleSubmit] (src/hooks/useRegistrationForm.ts:286:13)

    console.log
      [2026-02-08T19:37:13.988Z] ❌ Form submission blocked: rate limit active

      at Object.log [as handleSubmit] (src/hooks/useRegistrationForm.ts:290:15)

    console.log
      ✅ preventDefault() called FIRST (stopPropagation also called if available)

      at Object.log [as handleSubmit] (src/hooks/useRegistrationForm.ts:277:13)

    console.log
      [2026-02-08T19:37:13.989Z] ========== FORM SUBMISSION STARTED ==========

      at Object.log [as handleSubmit] (src/hooks/useRegistrationForm.ts:280:13)

    console.log
      [2026-02-08T19:37:13.989Z] Event defaultPrevented: undefined

      at Object.log [as handleSubmit] (src/hooks/useRegistrationForm.ts:281:13)

    console.log
      [2026-02-08T19:37:13.989Z] Event type: undefined

      at Object.log [as handleSubmit] (src/hooks/useRegistrationForm.ts:282:13)

    console.log
      [2026-02-08T19:37:13.989Z] Event target: undefined

      at Object.log [as handleSubmit] (src/hooks/useRegistrationForm.ts:283:13)

    console.log
      [2026-02-08T19:37:13.989Z] Form data: {
        "fullName": "John Doe",
        "email": "test@example.com",
        "password": "Password123!",
        "confirmPassword": "Password123!"
      }

      at Object.log [as handleSubmit] (src/hooks/useRegistrationForm.ts:284:13)

    console.log
      [2026-02-08T19:37:13.989Z] Current errors: {}

      at Object.log [as handleSubmit] (src/hooks/useRegistrationForm.ts:285:13)

    console.log
      [2026-02-08T19:37:13.989Z] Is rate limited: true

      at Object.log [as handleSubmit] (src/hooks/useRegistrationForm.ts:286:13)

    console.log
      [2026-02-08T19:37:13.989Z] ❌ Form submission blocked: rate limit active

      at Object.log [as handleSubmit] (src/hooks/useRegistrationForm.ts:290:15)

    console.log
      ✅ preventDefault() called FIRST (stopPropagation also called if available)

      at Object.log [as handleSubmit] (src/hooks/useRegistrationForm.ts:277:13)

    console.log
      [2026-02-08T19:37:13.992Z] ========== FORM SUBMISSION STARTED ==========

      at Object.log [as handleSubmit] (src/hooks/useRegistrationForm.ts:280:13)

    console.log
      [2026-02-08T19:37:13.992Z] Event defaultPrevented: undefined

      at Object.log [as handleSubmit] (src/hooks/useRegistrationForm.ts:281:13)

    console.log
      [2026-02-08T19:37:13.992Z] Event type: undefined

      at Object.log [as handleSubmit] (src/hooks/useRegistrationForm.ts:282:13)

    console.log
      [2026-02-08T19:37:13.992Z] Event target: undefined

      at Object.log [as handleSubmit] (src/hooks/useRegistrationForm.ts:283:13)

    console.log
      [2026-02-08T19:37:13.992Z] Form data: {
        "fullName": "John Doe",
        "email": "test@example.com",
        "password": "Password123!",
        "confirmPassword": "Password123!"
      }

      at Object.log [as handleSubmit] (src/hooks/useRegistrationForm.ts:284:13)

    console.log
      [2026-02-08T19:37:13.992Z] Current errors: {}

      at Object.log [as handleSubmit] (src/hooks/useRegistrationForm.ts:285:13)

    console.log
      [2026-02-08T19:37:13.992Z] Is rate limited: false

      at Object.log [as handleSubmit] (src/hooks/useRegistrationForm.ts:286:13)

    console.log
      [2026-02-08T19:37:13.992Z] Validation result: true

      at Object.log [as handleSubmit] (src/hooks/useRegistrationForm.ts:296:13)

    console.log
      [2026-02-08T19:37:13.992Z] ✅ Validation passed, proceeding with API call

      at Object.log [as handleSubmit] (src/hooks/useRegistrationForm.ts:303:13)

    console.log
      [2026-02-08T19:37:13.992Z] 📡 Calling API client register method

      at Object.log [as handleSubmit] (src/hooks/useRegistrationForm.ts:316:15)

    console.log
      [2026-02-08T19:37:13.992Z] API payload: {
        email: 'test@example.com',
        name: 'John Doe',
        password: '***REDACTED***'
      }

      at Object.log [as handleSubmit] (src/hooks/useRegistrationForm.ts:317:15)

    console.log
      [2026-02-08T19:37:13.992Z] ❌ API call failed: { status: 409, message: 'Email already exists' }

      at Object.log [as handleSubmit] (src/hooks/useRegistrationForm.ts:343:15)

    console.log
      [2026-02-08T19:37:13.992Z] ========== FORM SUBMISSION ENDED ==========

      at Object.log [as handleSubmit] (src/hooks/useRegistrationForm.ts:376:15)

    console.log
      ✅ preventDefault() called FIRST (stopPropagation also called if available)

      at Object.log [as handleSubmit] (src/hooks/useRegistrationForm.ts:277:13)

    console.log
      [2026-02-08T19:37:13.998Z] ========== FORM SUBMISSION STARTED ==========

      at Object.log [as handleSubmit] (src/hooks/useRegistrationForm.ts:280:13)

    console.log
      [2026-02-08T19:37:13.998Z] Event defaultPrevented: undefined

      at Object.log [as handleSubmit] (src/hooks/useRegistrationForm.ts:281:13)

    console.log
      [2026-02-08T19:37:13.998Z] Event type: undefined

      at Object.log [as handleSubmit] (src/hooks/useRegistrationForm.ts:282:13)

    console.log
      [2026-02-08T19:37:13.998Z] Event target: undefined

      at Object.log [as handleSubmit] (src/hooks/useRegistrationForm.ts:283:13)

    console.log
      [2026-02-08T19:37:13.998Z] Form data: {
        "fullName": "John Doe",
        "email": "test@example.com",
        "password": "Password123!",
        "confirmPassword": "Password123!"
      }

      at Object.log [as handleSubmit] (src/hooks/useRegistrationForm.ts:284:13)

    console.log
      [2026-02-08T19:37:13.998Z] Current errors: {}

      at Object.log [as handleSubmit] (src/hooks/useRegistrationForm.ts:285:13)

    console.log
      [2026-02-08T19:37:13.998Z] Is rate limited: false

      at Object.log [as handleSubmit] (src/hooks/useRegistrationForm.ts:286:13)

    console.log
      [2026-02-08T19:37:13.998Z] Validation result: true

      at Object.log [as handleSubmit] (src/hooks/useRegistrationForm.ts:296:13)

    console.log
      [2026-02-08T19:37:13.998Z] ✅ Validation passed, proceeding with API call

      at Object.log [as handleSubmit] (src/hooks/useRegistrationForm.ts:303:13)

    console.log
      [2026-02-08T19:37:13.998Z] 📡 Calling API client register method

      at Object.log [as handleSubmit] (src/hooks/useRegistrationForm.ts:316:15)

    console.log
      [2026-02-08T19:37:13.998Z] API payload: {
        email: 'test@example.com',
        name: 'John Doe',
        password: '***REDACTED***'
      }

      at Object.log [as handleSubmit] (src/hooks/useRegistrationForm.ts:317:15)

    console.log
      [2026-02-08T19:37:13.998Z] ❌ API call failed: { status: 409, message: 'Email already exists' }

      at Object.log [as handleSubmit] (src/hooks/useRegistrationForm.ts:343:15)

    console.log
      [2026-02-08T19:37:13.998Z] ========== FORM SUBMISSION ENDED ==========

      at Object.log [as handleSubmit] (src/hooks/useRegistrationForm.ts:376:15)

    console.log
      ✅ preventDefault() called FIRST (stopPropagation also called if available)

      at Object.log [as handleSubmit] (src/hooks/useRegistrationForm.ts:277:13)

    console.log
      [2026-02-08T19:37:14.004Z] ========== FORM SUBMISSION STARTED ==========

      at Object.log [as handleSubmit] (src/hooks/useRegistrationForm.ts:280:13)

    console.log
      [2026-02-08T19:37:14.004Z] Event defaultPrevented: undefined

      at Object.log [as handleSubmit] (src/hooks/useRegistrationForm.ts:281:13)

    console.log
      [2026-02-08T19:37:14.004Z] Event type: undefined

      at Object.log [as handleSubmit] (src/hooks/useRegistrationForm.ts:282:13)

    console.log
      [2026-02-08T19:37:14.004Z] Event target: undefined

      at Object.log [as handleSubmit] (src/hooks/useRegistrationForm.ts:283:13)

    console.log
      [2026-02-08T19:37:14.004Z] Form data: {
        "fullName": "John Doe",
        "email": "test@example.com",
        "password": "Password123!",
        "confirmPassword": "Password123!"
      }

      at Object.log [as handleSubmit] (src/hooks/useRegistrationForm.ts:284:13)

    console.log
      [2026-02-08T19:37:14.004Z] Current errors: {}

      at Object.log [as handleSubmit] (src/hooks/useRegistrationForm.ts:285:13)

    console.log
      [2026-02-08T19:37:14.004Z] Is rate limited: false

      at Object.log [as handleSubmit] (src/hooks/useRegistrationForm.ts:286:13)

    console.log
      [2026-02-08T19:37:14.004Z] Validation result: true

      at Object.log [as handleSubmit] (src/hooks/useRegistrationForm.ts:296:13)

    console.log
      [2026-02-08T19:37:14.004Z] ✅ Validation passed, proceeding with API call

      at Object.log [as handleSubmit] (src/hooks/useRegistrationForm.ts:303:13)

    console.log
      [2026-02-08T19:37:14.004Z] 📡 Calling API client register method

      at Object.log [as handleSubmit] (src/hooks/useRegistrationForm.ts:316:15)

    console.log
      [2026-02-08T19:37:14.004Z] API payload: {
        email: 'test@example.com',
        name: 'John Doe',
        password: '***REDACTED***'
      }

      at Object.log [as handleSubmit] (src/hooks/useRegistrationForm.ts:317:15)

    console.log
      [2026-02-08T19:37:14.004Z] ❌ API call failed: { status: 409, message: 'Email already exists' }

      at Object.log [as handleSubmit] (src/hooks/useRegistrationForm.ts:343:15)

    console.log
      [2026-02-08T19:37:14.004Z] ========== FORM SUBMISSION ENDED ==========

      at Object.log [as handleSubmit] (src/hooks/useRegistrationForm.ts:376:15)

    console.log
      ✅ preventDefault() called FIRST (stopPropagation also called if available)

      at Object.log [as handleSubmit] (src/hooks/useRegistrationForm.ts:277:13)

    console.log
      [2026-02-08T19:37:14.009Z] ========== FORM SUBMISSION STARTED ==========

      at Object.log [as handleSubmit] (src/hooks/useRegistrationForm.ts:280:13)

    console.log
      [2026-02-08T19:37:14.009Z] Event defaultPrevented: undefined

      at Object.log [as handleSubmit] (src/hooks/useRegistrationForm.ts:281:13)

    console.log
      [2026-02-08T19:37:14.009Z] Event type: undefined

      at Object.log [as handleSubmit] (src/hooks/useRegistrationForm.ts:282:13)

    console.log
      [2026-02-08T19:37:14.009Z] Event target: undefined

      at Object.log [as handleSubmit] (src/hooks/useRegistrationForm.ts:283:13)

    console.log
      [2026-02-08T19:37:14.009Z] Form data: {
        "fullName": "John Doe",
        "email": "test@example.com",
        "password": "Password123!",
        "confirmPassword": "Password123!"
      }

      at Object.log [as handleSubmit] (src/hooks/useRegistrationForm.ts:284:13)

    console.log
      [2026-02-08T19:37:14.009Z] Current errors: {}

      at Object.log [as handleSubmit] (src/hooks/useRegistrationForm.ts:285:13)

    console.log
      [2026-02-08T19:37:14.009Z] Is rate limited: false

      at Object.log [as handleSubmit] (src/hooks/useRegistrationForm.ts:286:13)

    console.log
      [2026-02-08T19:37:14.009Z] Validation result: true

      at Object.log [as handleSubmit] (src/hooks/useRegistrationForm.ts:296:13)

    console.log
      [2026-02-08T19:37:14.009Z] ✅ Validation passed, proceeding with API call

      at Object.log [as handleSubmit] (src/hooks/useRegistrationForm.ts:303:13)

    console.log
      [2026-02-08T19:37:14.009Z] 📡 Calling API client register method

      at Object.log [as handleSubmit] (src/hooks/useRegistrationForm.ts:316:15)

    console.log
      [2026-02-08T19:37:14.009Z] API payload: {
        email: 'test@example.com',
        name: 'John Doe',
        password: '***REDACTED***'
      }

      at Object.log [as handleSubmit] (src/hooks/useRegistrationForm.ts:317:15)

    console.log
      [2026-02-08T19:37:14.009Z] ❌ API call failed: { status: 409, message: 'Email already exists' }

      at Object.log [as handleSubmit] (src/hooks/useRegistrationForm.ts:343:15)

    console.log
      [2026-02-08T19:37:14.009Z] ========== FORM SUBMISSION ENDED ==========

      at Object.log [as handleSubmit] (src/hooks/useRegistrationForm.ts:376:15)

    console.log
      ✅ preventDefault() called FIRST (stopPropagation also called if available)

      at Object.log [as handleSubmit] (src/hooks/useRegistrationForm.ts:277:13)

    console.log
      [2026-02-08T19:37:14.016Z] ========== FORM SUBMISSION STARTED ==========

      at Object.log [as handleSubmit] (src/hooks/useRegistrationForm.ts:280:13)

    console.log
      [2026-02-08T19:37:14.016Z] Event defaultPrevented: undefined

      at Object.log [as handleSubmit] (src/hooks/useRegistrationForm.ts:281:13)

    console.log
      [2026-02-08T19:37:14.016Z] Event type: undefined

      at Object.log [as handleSubmit] (src/hooks/useRegistrationForm.ts:282:13)

    console.log
      [2026-02-08T19:37:14.016Z] Event target: undefined

      at Object.log [as handleSubmit] (src/hooks/useRegistrationForm.ts:283:13)

    console.log
      [2026-02-08T19:37:14.016Z] Form data: {
        "fullName": "John Doe",
        "email": "test@example.com",
        "password": "Password123!",
        "confirmPassword": "Password123!"
      }

      at Object.log [as handleSubmit] (src/hooks/useRegistrationForm.ts:284:13)

    console.log
      [2026-02-08T19:37:14.016Z] Current errors: {}

      at Object.log [as handleSubmit] (src/hooks/useRegistrationForm.ts:285:13)

    console.log
      [2026-02-08T19:37:14.016Z] Is rate limited: false

      at Object.log [as handleSubmit] (src/hooks/useRegistrationForm.ts:286:13)

    console.log
      [2026-02-08T19:37:14.016Z] Validation result: true

      at Object.log [as handleSubmit] (src/hooks/useRegistrationForm.ts:296:13)

    console.log
      [2026-02-08T19:37:14.016Z] ✅ Validation passed, proceeding with API call

      at Object.log [as handleSubmit] (src/hooks/useRegistrationForm.ts:303:13)

    console.log
      [2026-02-08T19:37:14.016Z] 📡 Calling API client register method

      at Object.log [as handleSubmit] (src/hooks/useRegistrationForm.ts:316:15)

    console.log
      [2026-02-08T19:37:14.016Z] API payload: {
        email: 'test@example.com',
        name: 'John Doe',
        password: '***REDACTED***'
      }

      at Object.log [as handleSubmit] (src/hooks/useRegistrationForm.ts:317:15)

    console.log
      [2026-02-08T19:37:14.016Z] ❌ API call failed: { status: 409, message: 'Email already exists' }

      at Object.log [as handleSubmit] (src/hooks/useRegistrationForm.ts:343:15)

    console.log
      [2026-02-08T19:37:14.016Z] ========== FORM SUBMISSION ENDED ==========

      at Object.log [as handleSubmit] (src/hooks/useRegistrationForm.ts:376:15)

    console.log
      ✅ preventDefault() called FIRST (stopPropagation also called if available)

      at Object.log [as handleSubmit] (src/hooks/useRegistrationForm.ts:277:13)

    console.log
      [2026-02-08T19:37:14.023Z] ========== FORM SUBMISSION STARTED ==========

      at Object.log [as handleSubmit] (src/hooks/useRegistrationForm.ts:280:13)

    console.log
      [2026-02-08T19:37:14.023Z] Event defaultPrevented: undefined

      at Object.log [as handleSubmit] (src/hooks/useRegistrationForm.ts:281:13)

    console.log
      [2026-02-08T19:37:14.023Z] Event type: undefined

      at Object.log [as handleSubmit] (src/hooks/useRegistrationForm.ts:282:13)

    console.log
      [2026-02-08T19:37:14.023Z] Event target: undefined

      at Object.log [as handleSubmit] (src/hooks/useRegistrationForm.ts:283:13)

    console.log
      [2026-02-08T19:37:14.023Z] Form data: {
        "fullName": "John Doe",
        "email": "test@example.com",
        "password": "Password123!",
        "confirmPassword": "Password123!"
      }

      at Object.log [as handleSubmit] (src/hooks/useRegistrationForm.ts:284:13)

    console.log
      [2026-02-08T19:37:14.023Z] Current errors: {}

      at Object.log [as handleSubmit] (src/hooks/useRegistrationForm.ts:285:13)

    console.log
      [2026-02-08T19:37:14.023Z] Is rate limited: true

      at Object.log [as handleSubmit] (src/hooks/useRegistrationForm.ts:286:13)

    console.log
      [2026-02-08T19:37:14.023Z] ❌ Form submission blocked: rate limit active

      at Object.log [as handleSubmit] (src/hooks/useRegistrationForm.ts:290:15)

    console.log
      ✅ preventDefault() called FIRST (stopPropagation also called if available)

      at Object.log [as handleSubmit] (src/hooks/useRegistrationForm.ts:277:13)

    console.log
      [2026-02-08T19:37:14.024Z] ========== FORM SUBMISSION STARTED ==========

      at Object.log [as handleSubmit] (src/hooks/useRegistrationForm.ts:280:13)

    console.log
      [2026-02-08T19:37:14.024Z] Event defaultPrevented: undefined

      at Object.log [as handleSubmit] (src/hooks/useRegistrationForm.ts:281:13)

    console.log
      [2026-02-08T19:37:14.024Z] Event type: undefined

      at Object.log [as handleSubmit] (src/hooks/useRegistrationForm.ts:282:13)

    console.log
      [2026-02-08T19:37:14.024Z] Event target: undefined

      at Object.log [as handleSubmit] (src/hooks/useRegistrationForm.ts:283:13)

    console.log
      [2026-02-08T19:37:14.024Z] Form data: {
        "fullName": "John Doe",
        "email": "test@example.com",
        "password": "Password123!",
        "confirmPassword": "Password123!"
      }

      at Object.log [as handleSubmit] (src/hooks/useRegistrationForm.ts:284:13)

    console.log
      [2026-02-08T19:37:14.024Z] Current errors: {}

      at Object.log [as handleSubmit] (src/hooks/useRegistrationForm.ts:285:13)

    console.log
      [2026-02-08T19:37:14.024Z] Is rate limited: true

      at Object.log [as handleSubmit] (src/hooks/useRegistrationForm.ts:286:13)

    console.log
      [2026-02-08T19:37:14.024Z] ❌ Form submission blocked: rate limit active

      at Object.log [as handleSubmit] (src/hooks/useRegistrationForm.ts:290:15)

    console.log
      ✅ preventDefault() called FIRST (stopPropagation also called if available)

      at Object.log [as handleSubmit] (src/hooks/useRegistrationForm.ts:277:13)

    console.log
      [2026-02-08T19:37:14.026Z] ========== FORM SUBMISSION STARTED ==========

      at Object.log [as handleSubmit] (src/hooks/useRegistrationForm.ts:280:13)

    console.log
      [2026-02-08T19:37:14.026Z] Event defaultPrevented: undefined

      at Object.log [as handleSubmit] (src/hooks/useRegistrationForm.ts:281:13)

    console.log
      [2026-02-08T19:37:14.026Z] Event type: undefined

      at Object.log [as handleSubmit] (src/hooks/useRegistrationForm.ts:282:13)

    console.log
      [2026-02-08T19:37:14.026Z] Event target: undefined

      at Object.log [as handleSubmit] (src/hooks/useRegistrationForm.ts:283:13)

    console.log
      [2026-02-08T19:37:14.026Z] Form data: {
        "fullName": "John Doe",
        "email": "test@example.com",
        "password": "Password123!",
        "confirmPassword": "Password123!"
      }

      at Object.log [as handleSubmit] (src/hooks/useRegistrationForm.ts:284:13)

    console.log
      [2026-02-08T19:37:14.026Z] Current errors: {}

      at Object.log [as handleSubmit] (src/hooks/useRegistrationForm.ts:285:13)

    console.log
      [2026-02-08T19:37:14.026Z] Is rate limited: false

      at Object.log [as handleSubmit] (src/hooks/useRegistrationForm.ts:286:13)

    console.log
      [2026-02-08T19:37:14.026Z] Validation result: true

      at Object.log [as handleSubmit] (src/hooks/useRegistrationForm.ts:296:13)

    console.log
      [2026-02-08T19:37:14.026Z] ✅ Validation passed, proceeding with API call

      at Object.log [as handleSubmit] (src/hooks/useRegistrationForm.ts:303:13)

    console.log
      [2026-02-08T19:37:14.026Z] 📡 Calling API client register method

      at Object.log [as handleSubmit] (src/hooks/useRegistrationForm.ts:316:15)

    console.log
      [2026-02-08T19:37:14.026Z] API payload: {
        email: 'test@example.com',
        name: 'John Doe',
        password: '***REDACTED***'
      }

      at Object.log [as handleSubmit] (src/hooks/useRegistrationForm.ts:317:15)

    console.log
      [2026-02-08T19:37:14.026Z] ✅ API call successful

      at Object.log [as handleSubmit] (src/hooks/useRegistrationForm.ts:330:15)

    console.log
      [2026-02-08T19:37:14.026Z] ========== FORM SUBMISSION ENDED ==========

      at Object.log [as handleSubmit] (src/hooks/useRegistrationForm.ts:376:15)

    console.log
      ✅ preventDefault() called FIRST (stopPropagation also called if available)

      at Object.log [as handleSubmit] (src/hooks/useRegistrationForm.ts:277:13)

    console.log
      [2026-02-08T19:37:14.032Z] ========== FORM SUBMISSION STARTED ==========

      at Object.log [as handleSubmit] (src/hooks/useRegistrationForm.ts:280:13)

    console.log
      [2026-02-08T19:37:14.032Z] Event defaultPrevented: undefined

      at Object.log [as handleSubmit] (src/hooks/useRegistrationForm.ts:281:13)

    console.log
      [2026-02-08T19:37:14.032Z] Event type: undefined

      at Object.log [as handleSubmit] (src/hooks/useRegistrationForm.ts:282:13)

    console.log
      [2026-02-08T19:37:14.032Z] Event target: undefined

      at Object.log [as handleSubmit] (src/hooks/useRegistrationForm.ts:283:13)

    console.log
      [2026-02-08T19:37:14.032Z] Form data: {
        "fullName": "John Doe",
        "email": "test@example.com",
        "password": "Password123!",
        "confirmPassword": "Password123!"
      }

      at Object.log [as handleSubmit] (src/hooks/useRegistrationForm.ts:284:13)

    console.log
      [2026-02-08T19:37:14.032Z] Current errors: {}

      at Object.log [as handleSubmit] (src/hooks/useRegistrationForm.ts:285:13)

    console.log
      [2026-02-08T19:37:14.032Z] Is rate limited: false

      at Object.log [as handleSubmit] (src/hooks/useRegistrationForm.ts:286:13)

    console.log
      [2026-02-08T19:37:14.032Z] Validation result: true

      at Object.log [as handleSubmit] (src/hooks/useRegistrationForm.ts:296:13)

    console.log
      [2026-02-08T19:37:14.032Z] ✅ Validation passed, proceeding with API call

      at Object.log [as handleSubmit] (src/hooks/useRegistrationForm.ts:303:13)

    console.log
      [2026-02-08T19:37:14.032Z] 📡 Calling API client register method

      at Object.log [as handleSubmit] (src/hooks/useRegistrationForm.ts:316:15)

    console.log
      [2026-02-08T19:37:14.032Z] API payload: {
        email: 'test@example.com',
        name: 'John Doe',
        password: '***REDACTED***'
      }

      at Object.log [as handleSubmit] (src/hooks/useRegistrationForm.ts:317:15)

    console.log
      [2026-02-08T19:37:14.032Z] ✅ API call successful

      at Object.log [as handleSubmit] (src/hooks/useRegistrationForm.ts:330:15)

    console.log
      [2026-02-08T19:37:14.032Z] ========== FORM SUBMISSION ENDED ==========

      at Object.log [as handleSubmit] (src/hooks/useRegistrationForm.ts:376:15)

    console.log
      ✅ preventDefault() called FIRST (stopPropagation also called if available)

      at Object.log [as handleSubmit] (src/hooks/useRegistrationForm.ts:277:13)

    console.log
      [2026-02-08T19:37:14.036Z] ========== FORM SUBMISSION STARTED ==========

      at Object.log [as handleSubmit] (src/hooks/useRegistrationForm.ts:280:13)

    console.log
      [2026-02-08T19:37:14.036Z] Event defaultPrevented: undefined

      at Object.log [as handleSubmit] (src/hooks/useRegistrationForm.ts:281:13)

    console.log
      [2026-02-08T19:37:14.036Z] Event type: undefined

      at Object.log [as handleSubmit] (src/hooks/useRegistrationForm.ts:282:13)

    console.log
      [2026-02-08T19:37:14.036Z] Event target: undefined

      at Object.log [as handleSubmit] (src/hooks/useRegistrationForm.ts:283:13)

    console.log
      [2026-02-08T19:37:14.036Z] Form data: {
        "fullName": "John Doe",
        "email": "test@example.com",
        "password": "Password123!",
        "confirmPassword": "Password123!"
      }

      at Object.log [as handleSubmit] (src/hooks/useRegistrationForm.ts:284:13)

    console.log
      [2026-02-08T19:37:14.036Z] Current errors: {}

      at Object.log [as handleSubmit] (src/hooks/useRegistrationForm.ts:285:13)

    console.log
      [2026-02-08T19:37:14.036Z] Is rate limited: false

      at Object.log [as handleSubmit] (src/hooks/useRegistrationForm.ts:286:13)

    console.log
      [2026-02-08T19:37:14.036Z] Validation result: true

      at Object.log [as handleSubmit] (src/hooks/useRegistrationForm.ts:296:13)

    console.log
      [2026-02-08T19:37:14.036Z] ✅ Validation passed, proceeding with API call

      at Object.log [as handleSubmit] (src/hooks/useRegistrationForm.ts:303:13)

    console.log
      [2026-02-08T19:37:14.036Z] 📡 Calling API client register method

      at Object.log [as handleSubmit] (src/hooks/useRegistrationForm.ts:316:15)

    console.log
      [2026-02-08T19:37:14.036Z] API payload: {
        email: 'test@example.com',
        name: 'John Doe',
        password: '***REDACTED***'
      }

      at Object.log [as handleSubmit] (src/hooks/useRegistrationForm.ts:317:15)

    console.log
      [2026-02-08T19:37:14.036Z] ✅ API call successful

      at Object.log [as handleSubmit] (src/hooks/useRegistrationForm.ts:330:15)

    console.log
      [2026-02-08T19:37:14.036Z] ========== FORM SUBMISSION ENDED ==========

      at Object.log [as handleSubmit] (src/hooks/useRegistrationForm.ts:376:15)

    console.log
      ✅ preventDefault() called FIRST (stopPropagation also called if available)

      at Object.log [as handleSubmit] (src/hooks/useRegistrationForm.ts:277:13)

    console.log
      [2026-02-08T19:37:14.042Z] ========== FORM SUBMISSION STARTED ==========

      at Object.log [as handleSubmit] (src/hooks/useRegistrationForm.ts:280:13)

    console.log
      [2026-02-08T19:37:14.042Z] Event defaultPrevented: undefined

      at Object.log [as handleSubmit] (src/hooks/useRegistrationForm.ts:281:13)

    console.log
      [2026-02-08T19:37:14.042Z] Event type: undefined

      at Object.log [as handleSubmit] (src/hooks/useRegistrationForm.ts:282:13)

    console.log
      [2026-02-08T19:37:14.042Z] Event target: undefined

      at Object.log [as handleSubmit] (src/hooks/useRegistrationForm.ts:283:13)

    console.log
      [2026-02-08T19:37:14.042Z] Form data: {
        "fullName": "John Doe",
        "email": "test@example.com",
        "password": "Password123!",
        "confirmPassword": "Password123!"
      }

      at Object.log [as handleSubmit] (src/hooks/useRegistrationForm.ts:284:13)

    console.log
      [2026-02-08T19:37:14.042Z] Current errors: {}

      at Object.log [as handleSubmit] (src/hooks/useRegistrationForm.ts:285:13)

    console.log
      [2026-02-08T19:37:14.042Z] Is rate limited: false

      at Object.log [as handleSubmit] (src/hooks/useRegistrationForm.ts:286:13)

    console.log
      [2026-02-08T19:37:14.042Z] Validation result: true

      at Object.log [as handleSubmit] (src/hooks/useRegistrationForm.ts:296:13)

    console.log
      [2026-02-08T19:37:14.042Z] ✅ Validation passed, proceeding with API call

      at Object.log [as handleSubmit] (src/hooks/useRegistrationForm.ts:303:13)

    console.log
      [2026-02-08T19:37:14.042Z] 📡 Calling API client register method

      at Object.log [as handleSubmit] (src/hooks/useRegistrationForm.ts:316:15)

    console.log
      [2026-02-08T19:37:14.042Z] API payload: {
        email: 'test@example.com',
        name: 'John Doe',
        password: '***REDACTED***'
      }

      at Object.log [as handleSubmit] (src/hooks/useRegistrationForm.ts:317:15)

    console.log
      [2026-02-08T19:37:14.042Z] ✅ API call successful

      at Object.log [as handleSubmit] (src/hooks/useRegistrationForm.ts:330:15)

    console.log
      [2026-02-08T19:37:14.042Z] ========== FORM SUBMISSION ENDED ==========

      at Object.log [as handleSubmit] (src/hooks/useRegistrationForm.ts:376:15)

    console.log
      ✅ preventDefault() called FIRST (stopPropagation also called if available)

      at Object.log [as handleSubmit] (src/hooks/useRegistrationForm.ts:277:13)

    console.log
      [2026-02-08T19:37:14.045Z] ========== FORM SUBMISSION STARTED ==========

      at Object.log [as handleSubmit] (src/hooks/useRegistrationForm.ts:280:13)

    console.log
      [2026-02-08T19:37:14.045Z] Event defaultPrevented: undefined

      at Object.log [as handleSubmit] (src/hooks/useRegistrationForm.ts:281:13)

    console.log
      [2026-02-08T19:37:14.045Z] Event type: undefined

      at Object.log [as handleSubmit] (src/hooks/useRegistrationForm.ts:282:13)

    console.log
      [2026-02-08T19:37:14.045Z] Event target: undefined

      at Object.log [as handleSubmit] (src/hooks/useRegistrationForm.ts:283:13)

    console.log
      [2026-02-08T19:37:14.045Z] Form data: {
        "fullName": "John Doe",
        "email": "test@example.com",
        "password": "Password123!",
        "confirmPassword": "Password123!"
      }

      at Object.log [as handleSubmit] (src/hooks/useRegistrationForm.ts:284:13)

    console.log
      [2026-02-08T19:37:14.045Z] Current errors: {}

      at Object.log [as handleSubmit] (src/hooks/useRegistrationForm.ts:285:13)

    console.log
      [2026-02-08T19:37:14.045Z] Is rate limited: false

      at Object.log [as handleSubmit] (src/hooks/useRegistrationForm.ts:286:13)

    console.log
      [2026-02-08T19:37:14.045Z] Validation result: true

      at Object.log [as handleSubmit] (src/hooks/useRegistrationForm.ts:296:13)

    console.log
      [2026-02-08T19:37:14.045Z] ✅ Validation passed, proceeding with API call

      at Object.log [as handleSubmit] (src/hooks/useRegistrationForm.ts:303:13)

    console.log
      [2026-02-08T19:37:14.045Z] 📡 Calling API client register method

      at Object.log [as handleSubmit] (src/hooks/useRegistrationForm.ts:316:15)

    console.log
      [2026-02-08T19:37:14.045Z] API payload: {
        email: 'test@example.com',
        name: 'John Doe',
        password: '***REDACTED***'
      }

      at Object.log [as handleSubmit] (src/hooks/useRegistrationForm.ts:317:15)

    console.log
      [2026-02-08T19:37:14.045Z] ❌ API call failed: { status: 409, message: 'Email already exists' }

      at Object.log [as handleSubmit] (src/hooks/useRegistrationForm.ts:343:15)

    console.log
      [2026-02-08T19:37:14.045Z] ========== FORM SUBMISSION ENDED ==========

      at Object.log [as handleSubmit] (src/hooks/useRegistrationForm.ts:376:15)

    console.log
      ✅ preventDefault() called FIRST (stopPropagation also called if available)

      at Object.log [as handleSubmit] (src/hooks/useRegistrationForm.ts:277:13)

    console.log
      [2026-02-08T19:37:14.051Z] ========== FORM SUBMISSION STARTED ==========

      at Object.log [as handleSubmit] (src/hooks/useRegistrationForm.ts:280:13)

    console.log
      [2026-02-08T19:37:14.051Z] Event defaultPrevented: undefined

      at Object.log [as handleSubmit] (src/hooks/useRegistrationForm.ts:281:13)

    console.log
      [2026-02-08T19:37:14.051Z] Event type: undefined

      at Object.log [as handleSubmit] (src/hooks/useRegistrationForm.ts:282:13)

    console.log
      [2026-02-08T19:37:14.051Z] Event target: undefined

      at Object.log [as handleSubmit] (src/hooks/useRegistrationForm.ts:283:13)

    console.log
      [2026-02-08T19:37:14.051Z] Form data: {
        "fullName": "John Doe",
        "email": "test@example.com",
        "password": "Password123!",
        "confirmPassword": "Password123!"
      }

      at Object.log [as handleSubmit] (src/hooks/useRegistrationForm.ts:284:13)

    console.log
      [2026-02-08T19:37:14.051Z] Current errors: {}

      at Object.log [as handleSubmit] (src/hooks/useRegistrationForm.ts:285:13)

    console.log
      [2026-02-08T19:37:14.051Z] Is rate limited: true

      at Object.log [as handleSubmit] (src/hooks/useRegistrationForm.ts:286:13)

    console.log
      [2026-02-08T19:37:14.051Z] ❌ Form submission blocked: rate limit active

      at Object.log [as handleSubmit] (src/hooks/useRegistrationForm.ts:290:15)

    console.log
      ✅ preventDefault() called FIRST (stopPropagation also called if available)

      at Object.log [as handleSubmit] (src/hooks/useRegistrationForm.ts:277:13)

    console.log
      [2026-02-08T19:37:14.053Z] ========== FORM SUBMISSION STARTED ==========

      at Object.log [as handleSubmit] (src/hooks/useRegistrationForm.ts:280:13)

    console.log
      [2026-02-08T19:37:14.053Z] Event defaultPrevented: undefined

      at Object.log [as handleSubmit] (src/hooks/useRegistrationForm.ts:281:13)

    console.log
      [2026-02-08T19:37:14.053Z] Event type: undefined

      at Object.log [as handleSubmit] (src/hooks/useRegistrationForm.ts:282:13)

    console.log
      [2026-02-08T19:37:14.053Z] Event target: undefined

      at Object.log [as handleSubmit] (src/hooks/useRegistrationForm.ts:283:13)

    console.log
      [2026-02-08T19:37:14.053Z] Form data: {
        "fullName": "John Doe",
        "email": "test@example.com",
        "password": "Password123!",
        "confirmPassword": "Password123!"
      }

      at Object.log [as handleSubmit] (src/hooks/useRegistrationForm.ts:284:13)

    console.log
      [2026-02-08T19:37:14.053Z] Current errors: {}

      at Object.log [as handleSubmit] (src/hooks/useRegistrationForm.ts:285:13)

    console.log
      [2026-02-08T19:37:14.053Z] Is rate limited: true

      at Object.log [as handleSubmit] (src/hooks/useRegistrationForm.ts:286:13)

    console.log
      [2026-02-08T19:37:14.053Z] ❌ Form submission blocked: rate limit active

      at Object.log [as handleSubmit] (src/hooks/useRegistrationForm.ts:290:15)

    console.log
      ✅ preventDefault() called FIRST (stopPropagation also called if available)

      at Object.log [as handleSubmit] (src/hooks/useRegistrationForm.ts:277:13)

    console.log
      [2026-02-08T19:37:14.054Z] ========== FORM SUBMISSION STARTED ==========

      at Object.log [as handleSubmit] (src/hooks/useRegistrationForm.ts:280:13)

    console.log
      [2026-02-08T19:37:14.054Z] Event defaultPrevented: undefined

      at Object.log [as handleSubmit] (src/hooks/useRegistrationForm.ts:281:13)

    console.log
      [2026-02-08T19:37:14.054Z] Event type: undefined

      at Object.log [as handleSubmit] (src/hooks/useRegistrationForm.ts:282:13)

    console.log
      [2026-02-08T19:37:14.054Z] Event target: undefined

      at Object.log [as handleSubmit] (src/hooks/useRegistrationForm.ts:283:13)

    console.log
      [2026-02-08T19:37:14.054Z] Form data: {
        "fullName": "John Doe",
        "email": "test@example.com",
        "password": "Password123!",
        "confirmPassword": "Password123!"
      }

      at Object.log [as handleSubmit] (src/hooks/useRegistrationForm.ts:284:13)

    console.log
      [2026-02-08T19:37:14.054Z] Current errors: {}

      at Object.log [as handleSubmit] (src/hooks/useRegistrationForm.ts:285:13)

    console.log
      [2026-02-08T19:37:14.054Z] Is rate limited: false

      at Object.log [as handleSubmit] (src/hooks/useRegistrationForm.ts:286:13)

    console.log
      [2026-02-08T19:37:14.054Z] Validation result: true

      at Object.log [as handleSubmit] (src/hooks/useRegistrationForm.ts:296:13)

    console.log
      [2026-02-08T19:37:14.054Z] ✅ Validation passed, proceeding with API call

      at Object.log [as handleSubmit] (src/hooks/useRegistrationForm.ts:303:13)

    console.log
      [2026-02-08T19:37:14.054Z] 📡 Calling API client register method

      at Object.log [as handleSubmit] (src/hooks/useRegistrationForm.ts:316:15)

    console.log
      [2026-02-08T19:37:14.054Z] API payload: {
        email: 'test@example.com',
        name: 'John Doe',
        password: '***REDACTED***'
      }

      at Object.log [as handleSubmit] (src/hooks/useRegistrationForm.ts:317:15)

    console.log
      [2026-02-08T19:37:14.054Z] ❌ API call failed: { status: 409, message: 'Email already exists' }

      at Object.log [as handleSubmit] (src/hooks/useRegistrationForm.ts:343:15)

    console.log
      [2026-02-08T19:37:14.054Z] ========== FORM SUBMISSION ENDED ==========

      at Object.log [as handleSubmit] (src/hooks/useRegistrationForm.ts:376:15)

    console.log
      ✅ preventDefault() called FIRST (stopPropagation also called if available)

      at Object.log [as handleSubmit] (src/hooks/useRegistrationForm.ts:277:13)

    console.log
      [2026-02-08T19:37:14.059Z] ========== FORM SUBMISSION STARTED ==========

      at Object.log [as handleSubmit] (src/hooks/useRegistrationForm.ts:280:13)

    console.log
      [2026-02-08T19:37:14.059Z] Event defaultPrevented: undefined

      at Object.log [as handleSubmit] (src/hooks/useRegistrationForm.ts:281:13)

    console.log
      [2026-02-08T19:37:14.059Z] Event type: undefined

      at Object.log [as handleSubmit] (src/hooks/useRegistrationForm.ts:282:13)

    console.log
      [2026-02-08T19:37:14.059Z] Event target: undefined

      at Object.log [as handleSubmit] (src/hooks/useRegistrationForm.ts:283:13)

    console.log
      [2026-02-08T19:37:14.059Z] Form data: {
        "fullName": "John Doe",
        "email": "test@example.com",
        "password": "Password123!",
        "confirmPassword": "Password123!"
      }

      at Object.log [as handleSubmit] (src/hooks/useRegistrationForm.ts:284:13)

    console.log
      [2026-02-08T19:37:14.059Z] Current errors: {}

      at Object.log [as handleSubmit] (src/hooks/useRegistrationForm.ts:285:13)

    console.log
      [2026-02-08T19:37:14.059Z] Is rate limited: false

      at Object.log [as handleSubmit] (src/hooks/useRegistrationForm.ts:286:13)

    console.log
      [2026-02-08T19:37:14.059Z] Validation result: true

      at Object.log [as handleSubmit] (src/hooks/useRegistrationForm.ts:296:13)

    console.log
      [2026-02-08T19:37:14.059Z] ✅ Validation passed, proceeding with API call

      at Object.log [as handleSubmit] (src/hooks/useRegistrationForm.ts:303:13)

    console.log
      [2026-02-08T19:37:14.059Z] 📡 Calling API client register method

      at Object.log [as handleSubmit] (src/hooks/useRegistrationForm.ts:316:15)

    console.log
      [2026-02-08T19:37:14.059Z] API payload: {
        email: 'test@example.com',
        name: 'John Doe',
        password: '***REDACTED***'
      }

      at Object.log [as handleSubmit] (src/hooks/useRegistrationForm.ts:317:15)

    console.log
      [2026-02-08T19:37:14.059Z] ❌ API call failed: { status: 409, message: 'Email already exists' }

      at Object.log [as handleSubmit] (src/hooks/useRegistrationForm.ts:343:15)

    console.log
      [2026-02-08T19:37:14.059Z] ========== FORM SUBMISSION ENDED ==========

      at Object.log [as handleSubmit] (src/hooks/useRegistrationForm.ts:376:15)

    console.log
      ✅ preventDefault() called FIRST (stopPropagation also called if available)

      at Object.log [as handleSubmit] (src/hooks/useRegistrationForm.ts:277:13)

    console.log
      [2026-02-08T19:37:14.063Z] ========== FORM SUBMISSION STARTED ==========

      at Object.log [as handleSubmit] (src/hooks/useRegistrationForm.ts:280:13)

    console.log
      [2026-02-08T19:37:14.063Z] Event defaultPrevented: undefined

      at Object.log [as handleSubmit] (src/hooks/useRegistrationForm.ts:281:13)

    console.log
      [2026-02-08T19:37:14.063Z] Event type: undefined

      at Object.log [as handleSubmit] (src/hooks/useRegistrationForm.ts:282:13)

    console.log
      [2026-02-08T19:37:14.063Z] Event target: undefined

      at Object.log [as handleSubmit] (src/hooks/useRegistrationForm.ts:283:13)

    console.log
      [2026-02-08T19:37:14.063Z] Form data: {
        "fullName": "John Doe",
        "email": "test@example.com",
        "password": "Password123!",
        "confirmPassword": "Password123!"
      }

      at Object.log [as handleSubmit] (src/hooks/useRegistrationForm.ts:284:13)

    console.log
      [2026-02-08T19:37:14.063Z] Current errors: {}

      at Object.log [as handleSubmit] (src/hooks/useRegistrationForm.ts:285:13)

    console.log
      [2026-02-08T19:37:14.063Z] Is rate limited: false

      at Object.log [as handleSubmit] (src/hooks/useRegistrationForm.ts:286:13)

    console.log
      [2026-02-08T19:37:14.063Z] Validation result: true

      at Object.log [as handleSubmit] (src/hooks/useRegistrationForm.ts:296:13)

    console.log
      [2026-02-08T19:37:14.063Z] ✅ Validation passed, proceeding with API call

      at Object.log [as handleSubmit] (src/hooks/useRegistrationForm.ts:303:13)

    console.log
      [2026-02-08T19:37:14.063Z] 📡 Calling API client register method

      at Object.log [as handleSubmit] (src/hooks/useRegistrationForm.ts:316:15)

    console.log
      [2026-02-08T19:37:14.063Z] API payload: {
        email: 'test@example.com',
        name: 'John Doe',
        password: '***REDACTED***'
      }

      at Object.log [as handleSubmit] (src/hooks/useRegistrationForm.ts:317:15)

    console.log
      [2026-02-08T19:37:14.063Z] ❌ API call failed: { status: 409, message: 'Email already exists' }

      at Object.log [as handleSubmit] (src/hooks/useRegistrationForm.ts:343:15)

    console.log
      [2026-02-08T19:37:14.063Z] ========== FORM SUBMISSION ENDED ==========

      at Object.log [as handleSubmit] (src/hooks/useRegistrationForm.ts:376:15)

    console.log
      ✅ preventDefault() called FIRST (stopPropagation also called if available)

      at Object.log [as handleSubmit] (src/hooks/useRegistrationForm.ts:277:13)

    console.log
      [2026-02-08T19:37:14.069Z] ========== FORM SUBMISSION STARTED ==========

      at Object.log [as handleSubmit] (src/hooks/useRegistrationForm.ts:280:13)

    console.log
      [2026-02-08T19:37:14.069Z] Event defaultPrevented: undefined

      at Object.log [as handleSubmit] (src/hooks/useRegistrationForm.ts:281:13)

    console.log
      [2026-02-08T19:37:14.069Z] Event type: undefined

      at Object.log [as handleSubmit] (src/hooks/useRegistrationForm.ts:282:13)

    console.log
      [2026-02-08T19:37:14.069Z] Event target: undefined

      at Object.log [as handleSubmit] (src/hooks/useRegistrationForm.ts:283:13)

    console.log
      [2026-02-08T19:37:14.069Z] Form data: {
        "fullName": "John Doe",
        "email": "test@example.com",
        "password": "Password123!",
        "confirmPassword": "Password123!"
      }

      at Object.log [as handleSubmit] (src/hooks/useRegistrationForm.ts:284:13)

    console.log
      [2026-02-08T19:37:14.069Z] Current errors: {}

      at Object.log [as handleSubmit] (src/hooks/useRegistrationForm.ts:285:13)

    console.log
      [2026-02-08T19:37:14.069Z] Is rate limited: false

      at Object.log [as handleSubmit] (src/hooks/useRegistrationForm.ts:286:13)

    console.log
      [2026-02-08T19:37:14.069Z] Validation result: true

      at Object.log [as handleSubmit] (src/hooks/useRegistrationForm.ts:296:13)

    console.log
      [2026-02-08T19:37:14.069Z] ✅ Validation passed, proceeding with API call

      at Object.log [as handleSubmit] (src/hooks/useRegistrationForm.ts:303:13)

    console.log
      [2026-02-08T19:37:14.069Z] 📡 Calling API client register method

      at Object.log [as handleSubmit] (src/hooks/useRegistrationForm.ts:316:15)

    console.log
      [2026-02-08T19:37:14.069Z] API payload: {
        email: 'test@example.com',
        name: 'John Doe',
        password: '***REDACTED***'
      }

      at Object.log [as handleSubmit] (src/hooks/useRegistrationForm.ts:317:15)

    console.log
      [2026-02-08T19:37:14.069Z] ❌ API call failed: { status: 409, message: 'Email already exists' }

      at Object.log [as handleSubmit] (src/hooks/useRegistrationForm.ts:343:15)

    console.log
      [2026-02-08T19:37:14.069Z] ========== FORM SUBMISSION ENDED ==========

      at Object.log [as handleSubmit] (src/hooks/useRegistrationForm.ts:376:15)

    console.log
      ✅ preventDefault() called FIRST (stopPropagation also called if available)

      at Object.log [as handleSubmit] (src/hooks/useRegistrationForm.ts:277:13)

    console.log
      [2026-02-08T19:37:14.073Z] ========== FORM SUBMISSION STARTED ==========

      at Object.log [as handleSubmit] (src/hooks/useRegistrationForm.ts:280:13)

    console.log
      [2026-02-08T19:37:14.073Z] Event defaultPrevented: undefined

      at Object.log [as handleSubmit] (src/hooks/useRegistrationForm.ts:281:13)

    console.log
      [2026-02-08T19:37:14.073Z] Event type: undefined

      at Object.log [as handleSubmit] (src/hooks/useRegistrationForm.ts:282:13)

    console.log
      [2026-02-08T19:37:14.073Z] Event target: undefined

      at Object.log [as handleSubmit] (src/hooks/useRegistrationForm.ts:283:13)

    console.log
      [2026-02-08T19:37:14.073Z] Form data: {
        "fullName": "John Doe",
        "email": "test@example.com",
        "password": "Password123!",
        "confirmPassword": "Password123!"
      }

      at Object.log [as handleSubmit] (src/hooks/useRegistrationForm.ts:284:13)

    console.log
      [2026-02-08T19:37:14.073Z] Current errors: {}

      at Object.log [as handleSubmit] (src/hooks/useRegistrationForm.ts:285:13)

    console.log
      [2026-02-08T19:37:14.073Z] Is rate limited: false

      at Object.log [as handleSubmit] (src/hooks/useRegistrationForm.ts:286:13)

    console.log
      [2026-02-08T19:37:14.073Z] Validation result: true

      at Object.log [as handleSubmit] (src/hooks/useRegistrationForm.ts:296:13)

    console.log
      [2026-02-08T19:37:14.073Z] ✅ Validation passed, proceeding with API call

      at Object.log [as handleSubmit] (src/hooks/useRegistrationForm.ts:303:13)

    console.log
      [2026-02-08T19:37:14.073Z] 📡 Calling API client register method

      at Object.log [as handleSubmit] (src/hooks/useRegistrationForm.ts:316:15)

    console.log
      [2026-02-08T19:37:14.073Z] API payload: {
        email: 'test@example.com',
        name: 'John Doe',
        password: '***REDACTED***'
      }

      at Object.log [as handleSubmit] (src/hooks/useRegistrationForm.ts:317:15)

    console.log
      [2026-02-08T19:37:14.073Z] ❌ API call failed: { status: 409, message: 'Email already exists' }

      at Object.log [as handleSubmit] (src/hooks/useRegistrationForm.ts:343:15)

    console.log
      [2026-02-08T19:37:14.073Z] ========== FORM SUBMISSION ENDED ==========

      at Object.log [as handleSubmit] (src/hooks/useRegistrationForm.ts:376:15)

    console.log
      ✅ preventDefault() called FIRST (stopPropagation also called if available)

      at Object.log [as handleSubmit] (src/hooks/useRegistrationForm.ts:277:13)

    console.log
      [2026-02-08T19:37:14.076Z] ========== FORM SUBMISSION STARTED ==========

      at Object.log [as handleSubmit] (src/hooks/useRegistrationForm.ts:280:13)

    console.log
      [2026-02-08T19:37:14.076Z] Event defaultPrevented: undefined

      at Object.log [as handleSubmit] (src/hooks/useRegistrationForm.ts:281:13)

    console.log
      [2026-02-08T19:37:14.076Z] Event type: undefined

      at Object.log [as handleSubmit] (src/hooks/useRegistrationForm.ts:282:13)

    console.log
      [2026-02-08T19:37:14.076Z] Event target: undefined

      at Object.log [as handleSubmit] (src/hooks/useRegistrationForm.ts:283:13)

    console.log
      [2026-02-08T19:37:14.076Z] Form data: {
        "fullName": "John Doe",
        "email": "test@example.com",
        "password": "Password123!",
        "confirmPassword": "Password123!"
      }

      at Object.log [as handleSubmit] (src/hooks/useRegistrationForm.ts:284:13)

    console.log
      [2026-02-08T19:37:14.076Z] Current errors: {}

      at Object.log [as handleSubmit] (src/hooks/useRegistrationForm.ts:285:13)

    console.log
      [2026-02-08T19:37:14.076Z] Is rate limited: false

      at Object.log [as handleSubmit] (src/hooks/useRegistrationForm.ts:286:13)

    console.log
      [2026-02-08T19:37:14.076Z] Validation result: true

      at Object.log [as handleSubmit] (src/hooks/useRegistrationForm.ts:296:13)

    console.log
      [2026-02-08T19:37:14.076Z] ✅ Validation passed, proceeding with API call

      at Object.log [as handleSubmit] (src/hooks/useRegistrationForm.ts:303:13)

    console.log
      [2026-02-08T19:37:14.076Z] 📡 Calling API client register method

      at Object.log [as handleSubmit] (src/hooks/useRegistrationForm.ts:316:15)

    console.log
      [2026-02-08T19:37:14.076Z] API payload: {
        email: 'test@example.com',
        name: 'John Doe',
        password: '***REDACTED***'
      }

      at Object.log [as handleSubmit] (src/hooks/useRegistrationForm.ts:317:15)

    console.log
      [2026-02-08T19:37:14.076Z] ❌ API call failed: { status: 409, message: 'Email already exists' }

      at Object.log [as handleSubmit] (src/hooks/useRegistrationForm.ts:343:15)

    console.log
      [2026-02-08T19:37:14.076Z] ========== FORM SUBMISSION ENDED ==========

      at Object.log [as handleSubmit] (src/hooks/useRegistrationForm.ts:376:15)

    console.log
      ✅ preventDefault() called FIRST (stopPropagation also called if available)

      at Object.log [as handleSubmit] (src/hooks/useRegistrationForm.ts:277:13)

    console.log
      [2026-02-08T19:37:14.083Z] ========== FORM SUBMISSION STARTED ==========

      at Object.log [as handleSubmit] (src/hooks/useRegistrationForm.ts:280:13)

    console.log
      [2026-02-08T19:37:14.083Z] Event defaultPrevented: undefined

      at Object.log [as handleSubmit] (src/hooks/useRegistrationForm.ts:281:13)

    console.log
      [2026-02-08T19:37:14.083Z] Event type: undefined

      at Object.log [as handleSubmit] (src/hooks/useRegistrationForm.ts:282:13)

    console.log
      [2026-02-08T19:37:14.083Z] Event target: undefined

      at Object.log [as handleSubmit] (src/hooks/useRegistrationForm.ts:283:13)

    console.log
      [2026-02-08T19:37:14.083Z] Form data: {
        "fullName": "John Doe",
        "email": "test@example.com",
        "password": "Password123!",
        "confirmPassword": "Password123!"
      }

      at Object.log [as handleSubmit] (src/hooks/useRegistrationForm.ts:284:13)

    console.log
      [2026-02-08T19:37:14.083Z] Current errors: {}

      at Object.log [as handleSubmit] (src/hooks/useRegistrationForm.ts:285:13)

    console.log
      [2026-02-08T19:37:14.083Z] Is rate limited: false

      at Object.log [as handleSubmit] (src/hooks/useRegistrationForm.ts:286:13)

    console.log
      [2026-02-08T19:37:14.083Z] Validation result: true

      at Object.log [as handleSubmit] (src/hooks/useRegistrationForm.ts:296:13)

    console.log
      [2026-02-08T19:37:14.083Z] ✅ Validation passed, proceeding with API call

      at Object.log [as handleSubmit] (src/hooks/useRegistrationForm.ts:303:13)

    console.log
      [2026-02-08T19:37:14.083Z] 📡 Calling API client register method

      at Object.log [as handleSubmit] (src/hooks/useRegistrationForm.ts:316:15)

    console.log
      [2026-02-08T19:37:14.083Z] API payload: {
        email: 'test@example.com',
        name: 'John Doe',
        password: '***REDACTED***'
      }

      at Object.log [as handleSubmit] (src/hooks/useRegistrationForm.ts:317:15)

    console.log
      [2026-02-08T19:37:14.083Z] ❌ API call failed: { status: 409, message: 'Email already exists' }

      at Object.log [as handleSubmit] (src/hooks/useRegistrationForm.ts:343:15)

    console.log
      [2026-02-08T19:37:14.083Z] ========== FORM SUBMISSION ENDED ==========

      at Object.log [as handleSubmit] (src/hooks/useRegistrationForm.ts:376:15)

    console.log
      ✅ preventDefault() called FIRST (stopPropagation also called if available)

      at Object.log [as handleSubmit] (src/hooks/useRegistrationForm.ts:277:13)

    console.log
      [2026-02-08T19:37:14.088Z] ========== FORM SUBMISSION STARTED ==========

      at Object.log [as handleSubmit] (src/hooks/useRegistrationForm.ts:280:13)

    console.log
      [2026-02-08T19:37:14.088Z] Event defaultPrevented: undefined

      at Object.log [as handleSubmit] (src/hooks/useRegistrationForm.ts:281:13)

    console.log
      [2026-02-08T19:37:14.088Z] Event type: undefined

      at Object.log [as handleSubmit] (src/hooks/useRegistrationForm.ts:282:13)

    console.log
      [2026-02-08T19:37:14.088Z] Event target: undefined

      at Object.log [as handleSubmit] (src/hooks/useRegistrationForm.ts:283:13)

    console.log
      [2026-02-08T19:37:14.088Z] Form data: {
        "fullName": "John Doe",
        "email": "test@example.com",
        "password": "Password123!",
        "confirmPassword": "Password123!"
      }

      at Object.log [as handleSubmit] (src/hooks/useRegistrationForm.ts:284:13)

    console.log
      [2026-02-08T19:37:14.088Z] Current errors: {}

      at Object.log [as handleSubmit] (src/hooks/useRegistrationForm.ts:285:13)

    console.log
      [2026-02-08T19:37:14.088Z] Is rate limited: false

      at Object.log [as handleSubmit] (src/hooks/useRegistrationForm.ts:286:13)

    console.log
      [2026-02-08T19:37:14.088Z] Validation result: true

      at Object.log [as handleSubmit] (src/hooks/useRegistrationForm.ts:296:13)

    console.log
      [2026-02-08T19:37:14.088Z] ✅ Validation passed, proceeding with API call

      at Object.log [as handleSubmit] (src/hooks/useRegistrationForm.ts:303:13)

    console.log
      [2026-02-08T19:37:14.088Z] 📡 Calling API client register method

      at Object.log [as handleSubmit] (src/hooks/useRegistrationForm.ts:316:15)

    console.log
      [2026-02-08T19:37:14.088Z] API payload: {
        email: 'test@example.com',
        name: 'John Doe',
        password: '***REDACTED***'
      }

      at Object.log [as handleSubmit] (src/hooks/useRegistrationForm.ts:317:15)

    console.log
      [2026-02-08T19:37:14.088Z] ❌ API call failed: { status: 409, message: 'Email already exists' }

      at Object.log [as handleSubmit] (src/hooks/useRegistrationForm.ts:343:15)

    console.log
      [2026-02-08T19:37:14.088Z] ========== FORM SUBMISSION ENDED ==========

      at Object.log [as handleSubmit] (src/hooks/useRegistrationForm.ts:376:15)

    console.log
      ✅ preventDefault() called FIRST (stopPropagation also called if available)

      at Object.log [as handleSubmit] (src/hooks/useRegistrationForm.ts:277:13)

    console.log
      [2026-02-08T19:37:14.093Z] ========== FORM SUBMISSION STARTED ==========

      at Object.log [as handleSubmit] (src/hooks/useRegistrationForm.ts:280:13)

    console.log
      [2026-02-08T19:37:14.093Z] Event defaultPrevented: undefined

      at Object.log [as handleSubmit] (src/hooks/useRegistrationForm.ts:281:13)

    console.log
      [2026-02-08T19:37:14.093Z] Event type: undefined

      at Object.log [as handleSubmit] (src/hooks/useRegistrationForm.ts:282:13)

    console.log
      [2026-02-08T19:37:14.093Z] Event target: undefined

      at Object.log [as handleSubmit] (src/hooks/useRegistrationForm.ts:283:13)

    console.log
      [2026-02-08T19:37:14.093Z] Form data: {
        "fullName": "John Doe",
        "email": "test@example.com",
        "password": "Password123!",
        "confirmPassword": "Password123!"
      }

      at Object.log [as handleSubmit] (src/hooks/useRegistrationForm.ts:284:13)

    console.log
      [2026-02-08T19:37:14.093Z] Current errors: {}

      at Object.log [as handleSubmit] (src/hooks/useRegistrationForm.ts:285:13)

    console.log
      [2026-02-08T19:37:14.093Z] Is rate limited: true

      at Object.log [as handleSubmit] (src/hooks/useRegistrationForm.ts:286:13)

    console.log
      [2026-02-08T19:37:14.093Z] ❌ Form submission blocked: rate limit active

      at Object.log [as handleSubmit] (src/hooks/useRegistrationForm.ts:290:15)

    console.log
      ✅ preventDefault() called FIRST (stopPropagation also called if available)

      at Object.log [as handleSubmit] (src/hooks/useRegistrationForm.ts:277:13)

    console.log
      [2026-02-08T19:37:14.096Z] ========== FORM SUBMISSION STARTED ==========

      at Object.log [as handleSubmit] (src/hooks/useRegistrationForm.ts:280:13)

    console.log
      [2026-02-08T19:37:14.096Z] Event defaultPrevented: undefined

      at Object.log [as handleSubmit] (src/hooks/useRegistrationForm.ts:281:13)

    console.log
      [2026-02-08T19:37:14.096Z] Event type: undefined

      at Object.log [as handleSubmit] (src/hooks/useRegistrationForm.ts:282:13)

    console.log
      [2026-02-08T19:37:14.096Z] Event target: undefined

      at Object.log [as handleSubmit] (src/hooks/useRegistrationForm.ts:283:13)

    console.log
      [2026-02-08T19:37:14.096Z] Form data: {
        "fullName": "John Doe",
        "email": "test@example.com",
        "password": "Password123!",
        "confirmPassword": "Password123!"
      }

      at Object.log [as handleSubmit] (src/hooks/useRegistrationForm.ts:284:13)

    console.log
      [2026-02-08T19:37:14.096Z] Current errors: {}

      at Object.log [as handleSubmit] (src/hooks/useRegistrationForm.ts:285:13)

    console.log
      [2026-02-08T19:37:14.096Z] Is rate limited: true

      at Object.log [as handleSubmit] (src/hooks/useRegistrationForm.ts:286:13)

    console.log
      [2026-02-08T19:37:14.096Z] ❌ Form submission blocked: rate limit active

      at Object.log [as handleSubmit] (src/hooks/useRegistrationForm.ts:290:15)

    console.log
      ✅ preventDefault() called FIRST (stopPropagation also called if available)

      at Object.log [as handleSubmit] (src/hooks/useRegistrationForm.ts:277:13)

    console.log
      [2026-02-08T19:37:14.102Z] ========== FORM SUBMISSION STARTED ==========

      at Object.log [as handleSubmit] (src/hooks/useRegistrationForm.ts:280:13)

    console.log
      [2026-02-08T19:37:14.102Z] Event defaultPrevented: undefined

      at Object.log [as handleSubmit] (src/hooks/useRegistrationForm.ts:281:13)

    console.log
      [2026-02-08T19:37:14.102Z] Event type: undefined

      at Object.log [as handleSubmit] (src/hooks/useRegistrationForm.ts:282:13)

    console.log
      [2026-02-08T19:37:14.102Z] Event target: undefined

      at Object.log [as handleSubmit] (src/hooks/useRegistrationForm.ts:283:13)

    console.log
      [2026-02-08T19:37:14.102Z] Form data: {
        "fullName": "John Doe",
        "email": "test@example.com",
        "password": "Password123!",
        "confirmPassword": "Password123!"
      }

      at Object.log [as handleSubmit] (src/hooks/useRegistrationForm.ts:284:13)

    console.log
      [2026-02-08T19:37:14.102Z] Current errors: {}

      at Object.log [as handleSubmit] (src/hooks/useRegistrationForm.ts:285:13)

    console.log
      [2026-02-08T19:37:14.102Z] Is rate limited: true

      at Object.log [as handleSubmit] (src/hooks/useRegistrationForm.ts:286:13)

    console.log
      [2026-02-08T19:37:14.102Z] ❌ Form submission blocked: rate limit active

      at Object.log [as handleSubmit] (src/hooks/useRegistrationForm.ts:290:15)

    console.log
      ✅ preventDefault() called FIRST (stopPropagation also called if available)

      at Object.log [as handleSubmit] (src/hooks/useRegistrationForm.ts:277:13)

    console.log
      [2026-02-08T19:37:14.104Z] ========== FORM SUBMISSION STARTED ==========

      at Object.log [as handleSubmit] (src/hooks/useRegistrationForm.ts:280:13)

    console.log
      [2026-02-08T19:37:14.104Z] Event defaultPrevented: undefined

      at Object.log [as handleSubmit] (src/hooks/useRegistrationForm.ts:281:13)

    console.log
      [2026-02-08T19:37:14.104Z] Event type: undefined

      at Object.log [as handleSubmit] (src/hooks/useRegistrationForm.ts:282:13)

    console.log
      [2026-02-08T19:37:14.104Z] Event target: undefined

      at Object.log [as handleSubmit] (src/hooks/useRegistrationForm.ts:283:13)

    console.log
      [2026-02-08T19:37:14.104Z] Form data: {
        "fullName": "John Doe",
        "email": "test@example.com",
        "password": "Password123!",
        "confirmPassword": "Password123!"
      }

      at Object.log [as handleSubmit] (src/hooks/useRegistrationForm.ts:284:13)

    console.log
      [2026-02-08T19:37:14.104Z] Current errors: {}

      at Object.log [as handleSubmit] (src/hooks/useRegistrationForm.ts:285:13)

    console.log
      [2026-02-08T19:37:14.104Z] Is rate limited: false

      at Object.log [as handleSubmit] (src/hooks/useRegistrationForm.ts:286:13)

    console.log
      [2026-02-08T19:37:14.104Z] Validation result: true

      at Object.log [as handleSubmit] (src/hooks/useRegistrationForm.ts:296:13)

    console.log
      [2026-02-08T19:37:14.104Z] ✅ Validation passed, proceeding with API call

      at Object.log [as handleSubmit] (src/hooks/useRegistrationForm.ts:303:13)

    console.log
      [2026-02-08T19:37:14.104Z] 📡 Calling API client register method

      at Object.log [as handleSubmit] (src/hooks/useRegistrationForm.ts:316:15)

    console.log
      [2026-02-08T19:37:14.104Z] API payload: {
        email: 'test@example.com',
        name: 'John Doe',
        password: '***REDACTED***'
      }

      at Object.log [as handleSubmit] (src/hooks/useRegistrationForm.ts:317:15)

    console.log
      [2026-02-08T19:37:14.104Z] ❌ API call failed: { status: 409, message: 'Email already exists' }

      at Object.log [as handleSubmit] (src/hooks/useRegistrationForm.ts:343:15)

    console.log
      [2026-02-08T19:37:14.104Z] ========== FORM SUBMISSION ENDED ==========

      at Object.log [as handleSubmit] (src/hooks/useRegistrationForm.ts:376:15)

    console.log
      ✅ preventDefault() called FIRST (stopPropagation also called if available)

      at Object.log [as handleSubmit] (src/hooks/useRegistrationForm.ts:277:13)

    console.log
      [2026-02-08T19:37:14.113Z] ========== FORM SUBMISSION STARTED ==========

      at Object.log [as handleSubmit] (src/hooks/useRegistrationForm.ts:280:13)

    console.log
      [2026-02-08T19:37:14.113Z] Event defaultPrevented: undefined

      at Object.log [as handleSubmit] (src/hooks/useRegistrationForm.ts:281:13)

    console.log
      [2026-02-08T19:37:14.113Z] Event type: undefined

      at Object.log [as handleSubmit] (src/hooks/useRegistrationForm.ts:282:13)

    console.log
      [2026-02-08T19:37:14.113Z] Event target: undefined

      at Object.log [as handleSubmit] (src/hooks/useRegistrationForm.ts:283:13)

    console.log
      [2026-02-08T19:37:14.113Z] Form data: {
        "fullName": "John Doe",
        "email": "test@example.com",
        "password": "Password123!",
        "confirmPassword": "Password123!"
      }

      at Object.log [as handleSubmit] (src/hooks/useRegistrationForm.ts:284:13)

    console.log
      [2026-02-08T19:37:14.113Z] Current errors: {}

      at Object.log [as handleSubmit] (src/hooks/useRegistrationForm.ts:285:13)

    console.log
      [2026-02-08T19:37:14.113Z] Is rate limited: false

      at Object.log [as handleSubmit] (src/hooks/useRegistrationForm.ts:286:13)

    console.log
      [2026-02-08T19:37:14.113Z] Validation result: true

      at Object.log [as handleSubmit] (src/hooks/useRegistrationForm.ts:296:13)

    console.log
      [2026-02-08T19:37:14.113Z] ✅ Validation passed, proceeding with API call

      at Object.log [as handleSubmit] (src/hooks/useRegistrationForm.ts:303:13)

    console.log
      [2026-02-08T19:37:14.113Z] 📡 Calling API client register method

      at Object.log [as handleSubmit] (src/hooks/useRegistrationForm.ts:316:15)

    console.log
      [2026-02-08T19:37:14.113Z] API payload: {
        email: 'test@example.com',
        name: 'John Doe',
        password: '***REDACTED***'
      }

      at Object.log [as handleSubmit] (src/hooks/useRegistrationForm.ts:317:15)

    console.log
      [2026-02-08T19:37:14.113Z] ✅ API call successful

      at Object.log [as handleSubmit] (src/hooks/useRegistrationForm.ts:330:15)

    console.log
      [2026-02-08T19:37:14.113Z] ========== FORM SUBMISSION ENDED ==========

      at Object.log [as handleSubmit] (src/hooks/useRegistrationForm.ts:376:15)

    console.log
      ✅ preventDefault() called FIRST (stopPropagation also called if available)

      at Object.log [as handleSubmit] (src/hooks/useRegistrationForm.ts:277:13)

    console.log
      [2026-02-08T19:37:14.118Z] ========== FORM SUBMISSION STARTED ==========

      at Object.log [as handleSubmit] (src/hooks/useRegistrationForm.ts:280:13)

    console.log
      [2026-02-08T19:37:14.118Z] Event defaultPrevented: undefined

      at Object.log [as handleSubmit] (src/hooks/useRegistrationForm.ts:281:13)

    console.log
      [2026-02-08T19:37:14.118Z] Event type: undefined

      at Object.log [as handleSubmit] (src/hooks/useRegistrationForm.ts:282:13)

    console.log
      [2026-02-08T19:37:14.118Z] Event target: undefined

      at Object.log [as handleSubmit] (src/hooks/useRegistrationForm.ts:283:13)

    console.log
      [2026-02-08T19:37:14.118Z] Form data: {
        "fullName": "John Doe",
        "email": "test@example.com",
        "password": "Password123!",
        "confirmPassword": "Password123!"
      }

      at Object.log [as handleSubmit] (src/hooks/useRegistrationForm.ts:284:13)

    console.log
      [2026-02-08T19:37:14.118Z] Current errors: {}

      at Object.log [as handleSubmit] (src/hooks/useRegistrationForm.ts:285:13)

    console.log
      [2026-02-08T19:37:14.118Z] Is rate limited: false

      at Object.log [as handleSubmit] (src/hooks/useRegistrationForm.ts:286:13)

    console.log
      [2026-02-08T19:37:14.118Z] Validation result: true

      at Object.log [as handleSubmit] (src/hooks/useRegistrationForm.ts:296:13)

    console.log
      [2026-02-08T19:37:14.118Z] ✅ Validation passed, proceeding with API call

      at Object.log [as handleSubmit] (src/hooks/useRegistrationForm.ts:303:13)

    console.log
      [2026-02-08T19:37:14.118Z] 📡 Calling API client register method

      at Object.log [as handleSubmit] (src/hooks/useRegistrationForm.ts:316:15)

    console.log
      [2026-02-08T19:37:14.118Z] API payload: {
        email: 'test@example.com',
        name: 'John Doe',
        password: '***REDACTED***'
      }

      at Object.log [as handleSubmit] (src/hooks/useRegistrationForm.ts:317:15)

    console.log
      [2026-02-08T19:37:14.118Z] ✅ API call successful

      at Object.log [as handleSubmit] (src/hooks/useRegistrationForm.ts:330:15)

    console.log
      [2026-02-08T19:37:14.118Z] ========== FORM SUBMISSION ENDED ==========

      at Object.log [as handleSubmit] (src/hooks/useRegistrationForm.ts:376:15)

    console.log
      ✅ preventDefault() called FIRST (stopPropagation also called if available)

      at Object.log [as handleSubmit] (src/hooks/useRegistrationForm.ts:277:13)

    console.log
      [2026-02-08T19:37:14.121Z] ========== FORM SUBMISSION STARTED ==========

      at Object.log [as handleSubmit] (src/hooks/useRegistrationForm.ts:280:13)

    console.log
      [2026-02-08T19:37:14.121Z] Event defaultPrevented: undefined

      at Object.log [as handleSubmit] (src/hooks/useRegistrationForm.ts:281:13)

    console.log
      [2026-02-08T19:37:14.121Z] Event type: undefined

      at Object.log [as handleSubmit] (src/hooks/useRegistrationForm.ts:282:13)

    console.log
      [2026-02-08T19:37:14.121Z] Event target: undefined

      at Object.log [as handleSubmit] (src/hooks/useRegistrationForm.ts:283:13)

    console.log
      [2026-02-08T19:37:14.121Z] Form data: {
        "fullName": "John Doe",
        "email": "test@example.com",
        "password": "Password123!",
        "confirmPassword": "Password123!"
      }

      at Object.log [as handleSubmit] (src/hooks/useRegistrationForm.ts:284:13)

    console.log
      [2026-02-08T19:37:14.121Z] Current errors: {}

      at Object.log [as handleSubmit] (src/hooks/useRegistrationForm.ts:285:13)

    console.log
      [2026-02-08T19:37:14.121Z] Is rate limited: false

      at Object.log [as handleSubmit] (src/hooks/useRegistrationForm.ts:286:13)

    console.log
      [2026-02-08T19:37:14.121Z] Validation result: true

      at Object.log [as handleSubmit] (src/hooks/useRegistrationForm.ts:296:13)

    console.log
      [2026-02-08T19:37:14.121Z] ✅ Validation passed, proceeding with API call

      at Object.log [as handleSubmit] (src/hooks/useRegistrationForm.ts:303:13)

    console.log
      [2026-02-08T19:37:14.121Z] 📡 Calling API client register method

      at Object.log [as handleSubmit] (src/hooks/useRegistrationForm.ts:316:15)

    console.log
      [2026-02-08T19:37:14.121Z] API payload: {
        email: 'test@example.com',
        name: 'John Doe',
        password: '***REDACTED***'
      }

      at Object.log [as handleSubmit] (src/hooks/useRegistrationForm.ts:317:15)

    console.log
      [2026-02-08T19:37:14.121Z] ❌ API call failed: { status: 409, message: 'Email already exists' }

      at Object.log [as handleSubmit] (src/hooks/useRegistrationForm.ts:343:15)

    console.log
      [2026-02-08T19:37:14.121Z] ========== FORM SUBMISSION ENDED ==========

      at Object.log [as handleSubmit] (src/hooks/useRegistrationForm.ts:376:15)

    console.log
      ✅ preventDefault() called FIRST (stopPropagation also called if available)

      at Object.log [as handleSubmit] (src/hooks/useRegistrationForm.ts:277:13)

    console.log
      [2026-02-08T19:37:14.126Z] ========== FORM SUBMISSION STARTED ==========

      at Object.log [as handleSubmit] (src/hooks/useRegistrationForm.ts:280:13)

    console.log
      [2026-02-08T19:37:14.126Z] Event defaultPrevented: undefined

      at Object.log [as handleSubmit] (src/hooks/useRegistrationForm.ts:281:13)

    console.log
      [2026-02-08T19:37:14.126Z] Event type: undefined

      at Object.log [as handleSubmit] (src/hooks/useRegistrationForm.ts:282:13)

    console.log
      [2026-02-08T19:37:14.126Z] Event target: undefined

      at Object.log [as handleSubmit] (src/hooks/useRegistrationForm.ts:283:13)

    console.log
      [2026-02-08T19:37:14.126Z] Form data: {
        "fullName": "John Doe",
        "email": "test@example.com",
        "password": "Password123!",
        "confirmPassword": "Password123!"
      }

      at Object.log [as handleSubmit] (src/hooks/useRegistrationForm.ts:284:13)

    console.log
      [2026-02-08T19:37:14.126Z] Current errors: {}

      at Object.log [as handleSubmit] (src/hooks/useRegistrationForm.ts:285:13)

    console.log
      [2026-02-08T19:37:14.126Z] Is rate limited: false

      at Object.log [as handleSubmit] (src/hooks/useRegistrationForm.ts:286:13)

    console.log
      [2026-02-08T19:37:14.126Z] Validation result: true

      at Object.log [as handleSubmit] (src/hooks/useRegistrationForm.ts:296:13)

    console.log
      [2026-02-08T19:37:14.126Z] ✅ Validation passed, proceeding with API call

      at Object.log [as handleSubmit] (src/hooks/useRegistrationForm.ts:303:13)

    console.log
      [2026-02-08T19:37:14.126Z] 📡 Calling API client register method

      at Object.log [as handleSubmit] (src/hooks/useRegistrationForm.ts:316:15)

    console.log
      [2026-02-08T19:37:14.126Z] API payload: {
        email: 'test@example.com',
        name: 'John Doe',
        password: '***REDACTED***'
      }

      at Object.log [as handleSubmit] (src/hooks/useRegistrationForm.ts:317:15)

    console.log
      [2026-02-08T19:37:14.126Z] ❌ API call failed: { status: 409, message: 'Email already exists' }

      at Object.log [as handleSubmit] (src/hooks/useRegistrationForm.ts:343:15)

    console.log
      [2026-02-08T19:37:14.126Z] ========== FORM SUBMISSION ENDED ==========

      at Object.log [as handleSubmit] (src/hooks/useRegistrationForm.ts:376:15)

    console.log
      ✅ preventDefault() called FIRST (stopPropagation also called if available)

      at Object.log [as handleSubmit] (src/hooks/useRegistrationForm.ts:277:13)

    console.log
      [2026-02-08T19:37:14.132Z] ========== FORM SUBMISSION STARTED ==========

      at Object.log [as handleSubmit] (src/hooks/useRegistrationForm.ts:280:13)

    console.log
      [2026-02-08T19:37:14.132Z] Event defaultPrevented: undefined

      at Object.log [as handleSubmit] (src/hooks/useRegistrationForm.ts:281:13)

    console.log
      [2026-02-08T19:37:14.132Z] Event type: undefined

      at Object.log [as handleSubmit] (src/hooks/useRegistrationForm.ts:282:13)

    console.log
      [2026-02-08T19:37:14.132Z] Event target: undefined

      at Object.log [as handleSubmit] (src/hooks/useRegistrationForm.ts:283:13)

    console.log
      [2026-02-08T19:37:14.132Z] Form data: {
        "fullName": "John Doe",
        "email": "test@example.com",
        "password": "Password123!",
        "confirmPassword": "Password123!"
      }

      at Object.log [as handleSubmit] (src/hooks/useRegistrationForm.ts:284:13)

    console.log
      [2026-02-08T19:37:14.132Z] Current errors: {}

      at Object.log [as handleSubmit] (src/hooks/useRegistrationForm.ts:285:13)

    console.log
      [2026-02-08T19:37:14.132Z] Is rate limited: false

      at Object.log [as handleSubmit] (src/hooks/useRegistrationForm.ts:286:13)

    console.log
      [2026-02-08T19:37:14.132Z] Validation result: true

      at Object.log [as handleSubmit] (src/hooks/useRegistrationForm.ts:296:13)

    console.log
      [2026-02-08T19:37:14.132Z] ✅ Validation passed, proceeding with API call

      at Object.log [as handleSubmit] (src/hooks/useRegistrationForm.ts:303:13)

    console.log
      [2026-02-08T19:37:14.132Z] 📡 Calling API client register method

      at Object.log [as handleSubmit] (src/hooks/useRegistrationForm.ts:316:15)

    console.log
      [2026-02-08T19:37:14.132Z] API payload: {
        email: 'test@example.com',
        name: 'John Doe',
        password: '***REDACTED***'
      }

      at Object.log [as handleSubmit] (src/hooks/useRegistrationForm.ts:317:15)

    console.log
      [2026-02-08T19:37:14.132Z] ❌ API call failed: { status: 409, message: 'Email already exists' }

      at Object.log [as handleSubmit] (src/hooks/useRegistrationForm.ts:343:15)

    console.log
      [2026-02-08T19:37:14.132Z] ========== FORM SUBMISSION ENDED ==========

      at Object.log [as handleSubmit] (src/hooks/useRegistrationForm.ts:376:15)

    console.log
      ✅ preventDefault() called FIRST (stopPropagation also called if available)

      at Object.log [as handleSubmit] (src/hooks/useRegistrationForm.ts:277:13)

    console.log
      [2026-02-08T19:37:14.137Z] ========== FORM SUBMISSION STARTED ==========

      at Object.log [as handleSubmit] (src/hooks/useRegistrationForm.ts:280:13)

    console.log
      [2026-02-08T19:37:14.137Z] Event defaultPrevented: undefined

      at Object.log [as handleSubmit] (src/hooks/useRegistrationForm.ts:281:13)

    console.log
      [2026-02-08T19:37:14.137Z] Event type: undefined

      at Object.log [as handleSubmit] (src/hooks/useRegistrationForm.ts:282:13)

    console.log
      [2026-02-08T19:37:14.137Z] Event target: undefined

      at Object.log [as handleSubmit] (src/hooks/useRegistrationForm.ts:283:13)

    console.log
      [2026-02-08T19:37:14.137Z] Form data: {
        "fullName": "John Doe",
        "email": "test@example.com",
        "password": "Password123!",
        "confirmPassword": "Password123!"
      }

      at Object.log [as handleSubmit] (src/hooks/useRegistrationForm.ts:284:13)

    console.log
      [2026-02-08T19:37:14.137Z] Current errors: {}

      at Object.log [as handleSubmit] (src/hooks/useRegistrationForm.ts:285:13)

    console.log
      [2026-02-08T19:37:14.137Z] Is rate limited: false

      at Object.log [as handleSubmit] (src/hooks/useRegistrationForm.ts:286:13)

    console.log
      [2026-02-08T19:37:14.137Z] Validation result: true

      at Object.log [as handleSubmit] (src/hooks/useRegistrationForm.ts:296:13)

    console.log
      [2026-02-08T19:37:14.137Z] ✅ Validation passed, proceeding with API call

      at Object.log [as handleSubmit] (src/hooks/useRegistrationForm.ts:303:13)

    console.log
      [2026-02-08T19:37:14.137Z] 📡 Calling API client register method

      at Object.log [as handleSubmit] (src/hooks/useRegistrationForm.ts:316:15)

    console.log
      [2026-02-08T19:37:14.137Z] API payload: {
        email: 'test@example.com',
        name: 'John Doe',
        password: '***REDACTED***'
      }

      at Object.log [as handleSubmit] (src/hooks/useRegistrationForm.ts:317:15)

    console.log
      [2026-02-08T19:37:14.137Z] ❌ API call failed: { status: 409, message: 'Email already exists' }

      at Object.log [as handleSubmit] (src/hooks/useRegistrationForm.ts:343:15)

    console.log
      [2026-02-08T19:37:14.137Z] ========== FORM SUBMISSION ENDED ==========

      at Object.log [as handleSubmit] (src/hooks/useRegistrationForm.ts:376:15)

    console.log
      ✅ preventDefault() called FIRST (stopPropagation also called if available)

      at Object.log [as handleSubmit] (src/hooks/useRegistrationForm.ts:277:13)

    console.log
      [2026-02-08T19:37:14.143Z] ========== FORM SUBMISSION STARTED ==========

      at Object.log [as handleSubmit] (src/hooks/useRegistrationForm.ts:280:13)

    console.log
      [2026-02-08T19:37:14.143Z] Event defaultPrevented: undefined

      at Object.log [as handleSubmit] (src/hooks/useRegistrationForm.ts:281:13)

    console.log
      [2026-02-08T19:37:14.143Z] Event type: undefined

      at Object.log [as handleSubmit] (src/hooks/useRegistrationForm.ts:282:13)

    console.log
      [2026-02-08T19:37:14.143Z] Event target: undefined

      at Object.log [as handleSubmit] (src/hooks/useRegistrationForm.ts:283:13)

    console.log
      [2026-02-08T19:37:14.143Z] Form data: {
        "fullName": "John Doe",
        "email": "test@example.com",
        "password": "Password123!",
        "confirmPassword": "Password123!"
      }

      at Object.log [as handleSubmit] (src/hooks/useRegistrationForm.ts:284:13)

    console.log
      [2026-02-08T19:37:14.143Z] Current errors: {}

      at Object.log [as handleSubmit] (src/hooks/useRegistrationForm.ts:285:13)

    console.log
      [2026-02-08T19:37:14.143Z] Is rate limited: false

      at Object.log [as handleSubmit] (src/hooks/useRegistrationForm.ts:286:13)

    console.log
      [2026-02-08T19:37:14.143Z] Validation result: true

      at Object.log [as handleSubmit] (src/hooks/useRegistrationForm.ts:296:13)

    console.log
      [2026-02-08T19:37:14.143Z] ✅ Validation passed, proceeding with API call

      at Object.log [as handleSubmit] (src/hooks/useRegistrationForm.ts:303:13)

    console.log
      [2026-02-08T19:37:14.143Z] 📡 Calling API client register method

      at Object.log [as handleSubmit] (src/hooks/useRegistrationForm.ts:316:15)

    console.log
      [2026-02-08T19:37:14.143Z] API payload: {
        email: 'test@example.com',
        name: 'John Doe',
        password: '***REDACTED***'
      }

      at Object.log [as handleSubmit] (src/hooks/useRegistrationForm.ts:317:15)

    console.log
      [2026-02-08T19:37:14.143Z] ❌ API call failed: { status: 409, message: 'Email already exists' }

      at Object.log [as handleSubmit] (src/hooks/useRegistrationForm.ts:343:15)

    console.log
      [2026-02-08T19:37:14.143Z] ========== FORM SUBMISSION ENDED ==========

      at Object.log [as handleSubmit] (src/hooks/useRegistrationForm.ts:376:15)

    console.log
      ✅ preventDefault() called FIRST (stopPropagation also called if available)

      at Object.log [as handleSubmit] (src/hooks/useRegistrationForm.ts:277:13)

    console.log
      [2026-02-08T19:37:14.150Z] ========== FORM SUBMISSION STARTED ==========

      at Object.log [as handleSubmit] (src/hooks/useRegistrationForm.ts:280:13)

    console.log
      [2026-02-08T19:37:14.150Z] Event defaultPrevented: undefined

      at Object.log [as handleSubmit] (src/hooks/useRegistrationForm.ts:281:13)

    console.log
      [2026-02-08T19:37:14.150Z] Event type: undefined

      at Object.log [as handleSubmit] (src/hooks/useRegistrationForm.ts:282:13)

    console.log
      [2026-02-08T19:37:14.150Z] Event target: undefined

      at Object.log [as handleSubmit] (src/hooks/useRegistrationForm.ts:283:13)

    console.log
      [2026-02-08T19:37:14.150Z] Form data: {
        "fullName": "John Doe",
        "email": "test@example.com",
        "password": "Password123!",
        "confirmPassword": "Password123!"
      }

      at Object.log [as handleSubmit] (src/hooks/useRegistrationForm.ts:284:13)

    console.log
      [2026-02-08T19:37:14.150Z] Current errors: {}

      at Object.log [as handleSubmit] (src/hooks/useRegistrationForm.ts:285:13)

    console.log
      [2026-02-08T19:37:14.150Z] Is rate limited: false

      at Object.log [as handleSubmit] (src/hooks/useRegistrationForm.ts:286:13)

    console.log
      [2026-02-08T19:37:14.150Z] Validation result: true

      at Object.log [as handleSubmit] (src/hooks/useRegistrationForm.ts:296:13)

    console.log
      [2026-02-08T19:37:14.150Z] ✅ Validation passed, proceeding with API call

      at Object.log [as handleSubmit] (src/hooks/useRegistrationForm.ts:303:13)

    console.log
      [2026-02-08T19:37:14.150Z] 📡 Calling API client register method

      at Object.log [as handleSubmit] (src/hooks/useRegistrationForm.ts:316:15)

    console.log
      [2026-02-08T19:37:14.150Z] API payload: {
        email: 'test@example.com',
        name: 'John Doe',
        password: '***REDACTED***'
      }

      at Object.log [as handleSubmit] (src/hooks/useRegistrationForm.ts:317:15)

    console.log
      [2026-02-08T19:37:14.150Z] ❌ API call failed: { status: 409, message: 'Email already exists' }

      at Object.log [as handleSubmit] (src/hooks/useRegistrationForm.ts:343:15)

    console.log
      [2026-02-08T19:37:14.150Z] ========== FORM SUBMISSION ENDED ==========

      at Object.log [as handleSubmit] (src/hooks/useRegistrationForm.ts:376:15)

    console.log
      ✅ preventDefault() called FIRST (stopPropagation also called if available)

      at Object.log [as handleSubmit] (src/hooks/useRegistrationForm.ts:277:13)

    console.log
      [2026-02-08T19:37:14.166Z] ========== FORM SUBMISSION STARTED ==========

      at Object.log [as handleSubmit] (src/hooks/useRegistrationForm.ts:280:13)

    console.log
      [2026-02-08T19:37:14.166Z] Event defaultPrevented: undefined

      at Object.log [as handleSubmit] (src/hooks/useRegistrationForm.ts:281:13)

    console.log
      [2026-02-08T19:37:14.166Z] Event type: undefined

      at Object.log [as handleSubmit] (src/hooks/useRegistrationForm.ts:282:13)

    console.log
      [2026-02-08T19:37:14.166Z] Event target: undefined

      at Object.log [as handleSubmit] (src/hooks/useRegistrationForm.ts:283:13)

    console.log
      [2026-02-08T19:37:14.166Z] Form data: {
        "fullName": "John Doe",
        "email": "test@example.com",
        "password": "Password123!",
        "confirmPassword": "Password123!"
      }

      at Object.log [as handleSubmit] (src/hooks/useRegistrationForm.ts:284:13)

    console.log
      [2026-02-08T19:37:14.166Z] Current errors: {}

      at Object.log [as handleSubmit] (src/hooks/useRegistrationForm.ts:285:13)

    console.log
      [2026-02-08T19:37:14.166Z] Is rate limited: false

      at Object.log [as handleSubmit] (src/hooks/useRegistrationForm.ts:286:13)

    console.log
      [2026-02-08T19:37:14.166Z] Validation result: true

      at Object.log [as handleSubmit] (src/hooks/useRegistrationForm.ts:296:13)

    console.log
      [2026-02-08T19:37:14.166Z] ✅ Validation passed, proceeding with API call

      at Object.log [as handleSubmit] (src/hooks/useRegistrationForm.ts:303:13)

    console.log
      [2026-02-08T19:37:14.166Z] 📡 Calling API client register method

      at Object.log [as handleSubmit] (src/hooks/useRegistrationForm.ts:316:15)

    console.log
      [2026-02-08T19:37:14.166Z] API payload: {
        email: 'test@example.com',
        name: 'John Doe',
        password: '***REDACTED***'
      }

      at Object.log [as handleSubmit] (src/hooks/useRegistrationForm.ts:317:15)

    console.log
      [2026-02-08T19:37:14.166Z] ❌ API call failed: { status: 409, message: 'Email already exists' }

      at Object.log [as handleSubmit] (src/hooks/useRegistrationForm.ts:343:15)

    console.log
      [2026-02-08T19:37:14.166Z] ========== FORM SUBMISSION ENDED ==========

      at Object.log [as handleSubmit] (src/hooks/useRegistrationForm.ts:376:15)

    console.log
      ✅ preventDefault() called FIRST (stopPropagation also called if available)

      at Object.log [as handleSubmit] (src/hooks/useRegistrationForm.ts:277:13)

    console.log
      [2026-02-08T19:37:14.172Z] ========== FORM SUBMISSION STARTED ==========

      at Object.log [as handleSubmit] (src/hooks/useRegistrationForm.ts:280:13)

    console.log
      [2026-02-08T19:37:14.172Z] Event defaultPrevented: undefined

      at Object.log [as handleSubmit] (src/hooks/useRegistrationForm.ts:281:13)

    console.log
      [2026-02-08T19:37:14.172Z] Event type: undefined

      at Object.log [as handleSubmit] (src/hooks/useRegistrationForm.ts:282:13)

    console.log
      [2026-02-08T19:37:14.172Z] Event target: undefined

      at Object.log [as handleSubmit] (src/hooks/useRegistrationForm.ts:283:13)

    console.log
      [2026-02-08T19:37:14.172Z] Form data: {
        "fullName": "John Doe",
        "email": "test@example.com",
        "password": "Password123!",
        "confirmPassword": "Password123!"
      }

      at Object.log [as handleSubmit] (src/hooks/useRegistrationForm.ts:284:13)

    console.log
      [2026-02-08T19:37:14.172Z] Current errors: {}

      at Object.log [as handleSubmit] (src/hooks/useRegistrationForm.ts:285:13)

    console.log
      [2026-02-08T19:37:14.172Z] Is rate limited: false

      at Object.log [as handleSubmit] (src/hooks/useRegistrationForm.ts:286:13)

    console.log
      [2026-02-08T19:37:14.172Z] Validation result: true

      at Object.log [as handleSubmit] (src/hooks/useRegistrationForm.ts:296:13)

    console.log
      [2026-02-08T19:37:14.172Z] ✅ Validation passed, proceeding with API call

      at Object.log [as handleSubmit] (src/hooks/useRegistrationForm.ts:303:13)

    console.log
      [2026-02-08T19:37:14.172Z] 📡 Calling API client register method

      at Object.log [as handleSubmit] (src/hooks/useRegistrationForm.ts:316:15)

    console.log
      [2026-02-08T19:37:14.172Z] API payload: {
        email: 'test@example.com',
        name: 'John Doe',
        password: '***REDACTED***'
      }

      at Object.log [as handleSubmit] (src/hooks/useRegistrationForm.ts:317:15)

    console.log
      [2026-02-08T19:37:14.172Z] ❌ API call failed: { status: 409, message: 'Email already exists' }

      at Object.log [as handleSubmit] (src/hooks/useRegistrationForm.ts:343:15)

    console.log
      [2026-02-08T19:37:14.172Z] ========== FORM SUBMISSION ENDED ==========

      at Object.log [as handleSubmit] (src/hooks/useRegistrationForm.ts:376:15)

    console.log
      ✅ preventDefault() called FIRST (stopPropagation also called if available)

      at Object.log [as handleSubmit] (src/hooks/useRegistrationForm.ts:277:13)

    console.log
      [2026-02-08T19:37:14.176Z] ========== FORM SUBMISSION STARTED ==========

      at Object.log [as handleSubmit] (src/hooks/useRegistrationForm.ts:280:13)

    console.log
      [2026-02-08T19:37:14.176Z] Event defaultPrevented: undefined

      at Object.log [as handleSubmit] (src/hooks/useRegistrationForm.ts:281:13)

    console.log
      [2026-02-08T19:37:14.176Z] Event type: undefined

      at Object.log [as handleSubmit] (src/hooks/useRegistrationForm.ts:282:13)

    console.log
      [2026-02-08T19:37:14.176Z] Event target: undefined

      at Object.log [as handleSubmit] (src/hooks/useRegistrationForm.ts:283:13)

    console.log
      [2026-02-08T19:37:14.176Z] Form data: {
        "fullName": "John Doe",
        "email": "test@example.com",
        "password": "Password123!",
        "confirmPassword": "Password123!"
      }

      at Object.log [as handleSubmit] (src/hooks/useRegistrationForm.ts:284:13)

    console.log
      [2026-02-08T19:37:14.176Z] Current errors: {}

      at Object.log [as handleSubmit] (src/hooks/useRegistrationForm.ts:285:13)

    console.log
      [2026-02-08T19:37:14.176Z] Is rate limited: true

      at Object.log [as handleSubmit] (src/hooks/useRegistrationForm.ts:286:13)

    console.log
      [2026-02-08T19:37:14.176Z] ❌ Form submission blocked: rate limit active

      at Object.log [as handleSubmit] (src/hooks/useRegistrationForm.ts:290:15)

    console.log
      ✅ preventDefault() called FIRST (stopPropagation also called if available)

      at Object.log [as handleSubmit] (src/hooks/useRegistrationForm.ts:277:13)

    console.log
      [2026-02-08T19:37:14.177Z] ========== FORM SUBMISSION STARTED ==========

      at Object.log [as handleSubmit] (src/hooks/useRegistrationForm.ts:280:13)

    console.log
      [2026-02-08T19:37:14.177Z] Event defaultPrevented: undefined

      at Object.log [as handleSubmit] (src/hooks/useRegistrationForm.ts:281:13)

    console.log
      [2026-02-08T19:37:14.177Z] Event type: undefined

      at Object.log [as handleSubmit] (src/hooks/useRegistrationForm.ts:282:13)

    console.log
      [2026-02-08T19:37:14.177Z] Event target: undefined

      at Object.log [as handleSubmit] (src/hooks/useRegistrationForm.ts:283:13)

    console.log
      [2026-02-08T19:37:14.177Z] Form data: {
        "fullName": "John Doe",
        "email": "test@example.com",
        "password": "Password123!",
        "confirmPassword": "Password123!"
      }

      at Object.log [as handleSubmit] (src/hooks/useRegistrationForm.ts:284:13)

    console.log
      [2026-02-08T19:37:14.177Z] Current errors: {}

      at Object.log [as handleSubmit] (src/hooks/useRegistrationForm.ts:285:13)

    console.log
      [2026-02-08T19:37:14.177Z] Is rate limited: true

      at Object.log [as handleSubmit] (src/hooks/useRegistrationForm.ts:286:13)

    console.log
      [2026-02-08T19:37:14.177Z] ❌ Form submission blocked: rate limit active

      at Object.log [as handleSubmit] (src/hooks/useRegistrationForm.ts:290:15)

    console.log
      ✅ preventDefault() called FIRST (stopPropagation also called if available)

      at Object.log [as handleSubmit] (src/hooks/useRegistrationForm.ts:277:13)

    console.log
      [2026-02-08T19:37:14.178Z] ========== FORM SUBMISSION STARTED ==========

      at Object.log [as handleSubmit] (src/hooks/useRegistrationForm.ts:280:13)

    console.log
      [2026-02-08T19:37:14.178Z] Event defaultPrevented: undefined

      at Object.log [as handleSubmit] (src/hooks/useRegistrationForm.ts:281:13)

    console.log
      [2026-02-08T19:37:14.178Z] Event type: undefined

      at Object.log [as handleSubmit] (src/hooks/useRegistrationForm.ts:282:13)

    console.log
      [2026-02-08T19:37:14.178Z] Event target: undefined

      at Object.log [as handleSubmit] (src/hooks/useRegistrationForm.ts:283:13)

    console.log
      [2026-02-08T19:37:14.178Z] Form data: {
        "fullName": "John Doe",
        "email": "test@example.com",
        "password": "Password123!",
        "confirmPassword": "Password123!"
      }

      at Object.log [as handleSubmit] (src/hooks/useRegistrationForm.ts:284:13)

    console.log
      [2026-02-08T19:37:14.178Z] Current errors: {}

      at Object.log [as handleSubmit] (src/hooks/useRegistrationForm.ts:285:13)

    console.log
      [2026-02-08T19:37:14.178Z] Is rate limited: false

      at Object.log [as handleSubmit] (src/hooks/useRegistrationForm.ts:286:13)

    console.log
      [2026-02-08T19:37:14.178Z] Validation result: true

      at Object.log [as handleSubmit] (src/hooks/useRegistrationForm.ts:296:13)

    console.log
      [2026-02-08T19:37:14.178Z] ✅ Validation passed, proceeding with API call

      at Object.log [as handleSubmit] (src/hooks/useRegistrationForm.ts:303:13)

    console.log
      [2026-02-08T19:37:14.178Z] 📡 Calling API client register method

      at Object.log [as handleSubmit] (src/hooks/useRegistrationForm.ts:316:15)

    console.log
      [2026-02-08T19:37:14.178Z] API payload: {
        email: 'test@example.com',
        name: 'John Doe',
        password: '***REDACTED***'
      }

      at Object.log [as handleSubmit] (src/hooks/useRegistrationForm.ts:317:15)

    console.log
      [2026-02-08T19:37:14.178Z] ❌ API call failed: { status: 409, message: 'Email already exists' }

      at Object.log [as handleSubmit] (src/hooks/useRegistrationForm.ts:343:15)

    console.log
      [2026-02-08T19:37:14.178Z] ========== FORM SUBMISSION ENDED ==========

      at Object.log [as handleSubmit] (src/hooks/useRegistrationForm.ts:376:15)

    console.log
      ✅ preventDefault() called FIRST (stopPropagation also called if available)

      at Object.log [as handleSubmit] (src/hooks/useRegistrationForm.ts:277:13)

    console.log
      [2026-02-08T19:37:14.185Z] ========== FORM SUBMISSION STARTED ==========

      at Object.log [as handleSubmit] (src/hooks/useRegistrationForm.ts:280:13)

    console.log
      [2026-02-08T19:37:14.185Z] Event defaultPrevented: undefined

      at Object.log [as handleSubmit] (src/hooks/useRegistrationForm.ts:281:13)

    console.log
      [2026-02-08T19:37:14.185Z] Event type: undefined

      at Object.log [as handleSubmit] (src/hooks/useRegistrationForm.ts:282:13)

    console.log
      [2026-02-08T19:37:14.185Z] Event target: undefined

      at Object.log [as handleSubmit] (src/hooks/useRegistrationForm.ts:283:13)

    console.log
      [2026-02-08T19:37:14.185Z] Form data: {
        "fullName": "John Doe",
        "email": "test@example.com",
        "password": "Password123!",
        "confirmPassword": "Password123!"
      }

      at Object.log [as handleSubmit] (src/hooks/useRegistrationForm.ts:284:13)

    console.log
      [2026-02-08T19:37:14.185Z] Current errors: {}

      at Object.log [as handleSubmit] (src/hooks/useRegistrationForm.ts:285:13)

    console.log
      [2026-02-08T19:37:14.185Z] Is rate limited: false

      at Object.log [as handleSubmit] (src/hooks/useRegistrationForm.ts:286:13)

    console.log
      [2026-02-08T19:37:14.185Z] Validation result: true

      at Object.log [as handleSubmit] (src/hooks/useRegistrationForm.ts:296:13)

    console.log
      [2026-02-08T19:37:14.185Z] ✅ Validation passed, proceeding with API call

      at Object.log [as handleSubmit] (src/hooks/useRegistrationForm.ts:303:13)

    console.log
      [2026-02-08T19:37:14.185Z] 📡 Calling API client register method

      at Object.log [as handleSubmit] (src/hooks/useRegistrationForm.ts:316:15)

    console.log
      [2026-02-08T19:37:14.185Z] API payload: {
        email: 'test@example.com',
        name: 'John Doe',
        password: '***REDACTED***'
      }

      at Object.log [as handleSubmit] (src/hooks/useRegistrationForm.ts:317:15)

    console.log
      [2026-02-08T19:37:14.185Z] ✅ API call successful

      at Object.log [as handleSubmit] (src/hooks/useRegistrationForm.ts:330:15)

    console.log
      [2026-02-08T19:37:14.185Z] ========== FORM SUBMISSION ENDED ==========

      at Object.log [as handleSubmit] (src/hooks/useRegistrationForm.ts:376:15)

    console.log
      ✅ preventDefault() called FIRST (stopPropagation also called if available)

      at Object.log [as handleSubmit] (src/hooks/useRegistrationForm.ts:277:13)

    console.log
      [2026-02-08T19:37:14.189Z] ========== FORM SUBMISSION STARTED ==========

      at Object.log [as handleSubmit] (src/hooks/useRegistrationForm.ts:280:13)

    console.log
      [2026-02-08T19:37:14.189Z] Event defaultPrevented: undefined

      at Object.log [as handleSubmit] (src/hooks/useRegistrationForm.ts:281:13)

    console.log
      [2026-02-08T19:37:14.189Z] Event type: undefined

      at Object.log [as handleSubmit] (src/hooks/useRegistrationForm.ts:282:13)

    console.log
      [2026-02-08T19:37:14.189Z] Event target: undefined

      at Object.log [as handleSubmit] (src/hooks/useRegistrationForm.ts:283:13)

    console.log
      [2026-02-08T19:37:14.189Z] Form data: {
        "fullName": "John Doe",
        "email": "test@example.com",
        "password": "Password123!",
        "confirmPassword": "Password123!"
      }

      at Object.log [as handleSubmit] (src/hooks/useRegistrationForm.ts:284:13)

    console.log
      [2026-02-08T19:37:14.189Z] Current errors: {}

      at Object.log [as handleSubmit] (src/hooks/useRegistrationForm.ts:285:13)

    console.log
      [2026-02-08T19:37:14.189Z] Is rate limited: false

      at Object.log [as handleSubmit] (src/hooks/useRegistrationForm.ts:286:13)

    console.log
      [2026-02-08T19:37:14.189Z] Validation result: true

      at Object.log [as handleSubmit] (src/hooks/useRegistrationForm.ts:296:13)

    console.log
      [2026-02-08T19:37:14.189Z] ✅ Validation passed, proceeding with API call

      at Object.log [as handleSubmit] (src/hooks/useRegistrationForm.ts:303:13)

    console.log
      [2026-02-08T19:37:14.189Z] 📡 Calling API client register method

      at Object.log [as handleSubmit] (src/hooks/useRegistrationForm.ts:316:15)

    console.log
      [2026-02-08T19:37:14.189Z] API payload: {
        email: 'test@example.com',
        name: 'John Doe',
        password: '***REDACTED***'
      }

      at Object.log [as handleSubmit] (src/hooks/useRegistrationForm.ts:317:15)

    console.log
      [2026-02-08T19:37:14.189Z] ✅ API call successful

      at Object.log [as handleSubmit] (src/hooks/useRegistrationForm.ts:330:15)

    console.log
      [2026-02-08T19:37:14.189Z] ========== FORM SUBMISSION ENDED ==========

      at Object.log [as handleSubmit] (src/hooks/useRegistrationForm.ts:376:15)

    console.log
      ✅ preventDefault() called FIRST (stopPropagation also called if available)

      at Object.log [as handleSubmit] (src/hooks/useRegistrationForm.ts:277:13)

    console.log
      [2026-02-08T19:37:14.197Z] ========== FORM SUBMISSION STARTED ==========

      at Object.log [as handleSubmit] (src/hooks/useRegistrationForm.ts:280:13)

    console.log
      [2026-02-08T19:37:14.197Z] Event defaultPrevented: undefined

      at Object.log [as handleSubmit] (src/hooks/useRegistrationForm.ts:281:13)

    console.log
      [2026-02-08T19:37:14.197Z] Event type: undefined

      at Object.log [as handleSubmit] (src/hooks/useRegistrationForm.ts:282:13)

    console.log
      [2026-02-08T19:37:14.197Z] Event target: undefined

      at Object.log [as handleSubmit] (src/hooks/useRegistrationForm.ts:283:13)

    console.log
      [2026-02-08T19:37:14.197Z] Form data: {
        "fullName": "John Doe",
        "email": "test@example.com",
        "password": "Password123!",
        "confirmPassword": "Password123!"
      }

      at Object.log [as handleSubmit] (src/hooks/useRegistrationForm.ts:284:13)

    console.log
      [2026-02-08T19:37:14.197Z] Current errors: {}

      at Object.log [as handleSubmit] (src/hooks/useRegistrationForm.ts:285:13)

    console.log
      [2026-02-08T19:37:14.197Z] Is rate limited: false

      at Object.log [as handleSubmit] (src/hooks/useRegistrationForm.ts:286:13)

    console.log
      [2026-02-08T19:37:14.197Z] Validation result: true

      at Object.log [as handleSubmit] (src/hooks/useRegistrationForm.ts:296:13)

    console.log
      [2026-02-08T19:37:14.197Z] ✅ Validation passed, proceeding with API call

      at Object.log [as handleSubmit] (src/hooks/useRegistrationForm.ts:303:13)

    console.log
      [2026-02-08T19:37:14.197Z] 📡 Calling API client register method

      at Object.log [as handleSubmit] (src/hooks/useRegistrationForm.ts:316:15)

    console.log
      [2026-02-08T19:37:14.197Z] API payload: {
        email: 'test@example.com',
        name: 'John Doe',
        password: '***REDACTED***'
      }

      at Object.log [as handleSubmit] (src/hooks/useRegistrationForm.ts:317:15)

    console.log
      [2026-02-08T19:37:14.197Z] ❌ API call failed: { status: 409, message: 'Email already exists' }

      at Object.log [as handleSubmit] (src/hooks/useRegistrationForm.ts:343:15)

    console.log
      [2026-02-08T19:37:14.197Z] ========== FORM SUBMISSION ENDED ==========

      at Object.log [as handleSubmit] (src/hooks/useRegistrationForm.ts:376:15)

    console.log
      ✅ preventDefault() called FIRST (stopPropagation also called if available)

      at Object.log [as handleSubmit] (src/hooks/useRegistrationForm.ts:277:13)

    console.log
      [2026-02-08T19:37:14.203Z] ========== FORM SUBMISSION STARTED ==========

      at Object.log [as handleSubmit] (src/hooks/useRegistrationForm.ts:280:13)

    console.log
      [2026-02-08T19:37:14.203Z] Event defaultPrevented: undefined

      at Object.log [as handleSubmit] (src/hooks/useRegistrationForm.ts:281:13)

    console.log
      [2026-02-08T19:37:14.203Z] Event type: undefined

      at Object.log [as handleSubmit] (src/hooks/useRegistrationForm.ts:282:13)

    console.log
      [2026-02-08T19:37:14.203Z] Event target: undefined

      at Object.log [as handleSubmit] (src/hooks/useRegistrationForm.ts:283:13)

    console.log
      [2026-02-08T19:37:14.203Z] Form data: {
        "fullName": "John Doe",
        "email": "test@example.com",
        "password": "Password123!",
        "confirmPassword": "Password123!"
      }

      at Object.log [as handleSubmit] (src/hooks/useRegistrationForm.ts:284:13)

    console.log
      [2026-02-08T19:37:14.203Z] Current errors: {}

      at Object.log [as handleSubmit] (src/hooks/useRegistrationForm.ts:285:13)

    console.log
      [2026-02-08T19:37:14.203Z] Is rate limited: false

      at Object.log [as handleSubmit] (src/hooks/useRegistrationForm.ts:286:13)

    console.log
      [2026-02-08T19:37:14.203Z] Validation result: true

      at Object.log [as handleSubmit] (src/hooks/useRegistrationForm.ts:296:13)

    console.log
      [2026-02-08T19:37:14.203Z] ✅ Validation passed, proceeding with API call

      at Object.log [as handleSubmit] (src/hooks/useRegistrationForm.ts:303:13)

    console.log
      [2026-02-08T19:37:14.203Z] 📡 Calling API client register method

      at Object.log [as handleSubmit] (src/hooks/useRegistrationForm.ts:316:15)

    console.log
      [2026-02-08T19:37:14.203Z] API payload: {
        email: 'test@example.com',
        name: 'John Doe',
        password: '***REDACTED***'
      }

      at Object.log [as handleSubmit] (src/hooks/useRegistrationForm.ts:317:15)

    console.log
      [2026-02-08T19:37:14.203Z] ❌ API call failed: { status: 409, message: 'Email already exists' }

      at Object.log [as handleSubmit] (src/hooks/useRegistrationForm.ts:343:15)

    console.log
      [2026-02-08T19:37:14.203Z] ========== FORM SUBMISSION ENDED ==========

      at Object.log [as handleSubmit] (src/hooks/useRegistrationForm.ts:376:15)

    console.log
      ✅ preventDefault() called FIRST (stopPropagation also called if available)

      at Object.log [as handleSubmit] (src/hooks/useRegistrationForm.ts:277:13)

    console.log
      [2026-02-08T19:37:14.211Z] ========== FORM SUBMISSION STARTED ==========

      at Object.log [as handleSubmit] (src/hooks/useRegistrationForm.ts:280:13)

    console.log
      [2026-02-08T19:37:14.211Z] Event defaultPrevented: undefined

      at Object.log [as handleSubmit] (src/hooks/useRegistrationForm.ts:281:13)

    console.log
      [2026-02-08T19:37:14.211Z] Event type: undefined

      at Object.log [as handleSubmit] (src/hooks/useRegistrationForm.ts:282:13)

    console.log
      [2026-02-08T19:37:14.211Z] Event target: undefined

      at Object.log [as handleSubmit] (src/hooks/useRegistrationForm.ts:283:13)

    console.log
      [2026-02-08T19:37:14.211Z] Form data: {
        "fullName": "John Doe",
        "email": "test@example.com",
        "password": "Password123!",
        "confirmPassword": "Password123!"
      }

      at Object.log [as handleSubmit] (src/hooks/useRegistrationForm.ts:284:13)

    console.log
      [2026-02-08T19:37:14.211Z] Current errors: {}

      at Object.log [as handleSubmit] (src/hooks/useRegistrationForm.ts:285:13)

    console.log
      [2026-02-08T19:37:14.211Z] Is rate limited: true

      at Object.log [as handleSubmit] (src/hooks/useRegistrationForm.ts:286:13)

    console.log
      [2026-02-08T19:37:14.211Z] ❌ Form submission blocked: rate limit active

      at Object.log [as handleSubmit] (src/hooks/useRegistrationForm.ts:290:15)

    console.log
      ✅ preventDefault() called FIRST (stopPropagation also called if available)

      at Object.log [as handleSubmit] (src/hooks/useRegistrationForm.ts:277:13)

    console.log
      [2026-02-08T19:37:14.214Z] ========== FORM SUBMISSION STARTED ==========

      at Object.log [as handleSubmit] (src/hooks/useRegistrationForm.ts:280:13)

    console.log
      [2026-02-08T19:37:14.214Z] Event defaultPrevented: undefined

      at Object.log [as handleSubmit] (src/hooks/useRegistrationForm.ts:281:13)

    console.log
      [2026-02-08T19:37:14.214Z] Event type: undefined

      at Object.log [as handleSubmit] (src/hooks/useRegistrationForm.ts:282:13)

    console.log
      [2026-02-08T19:37:14.214Z] Event target: undefined

      at Object.log [as handleSubmit] (src/hooks/useRegistrationForm.ts:283:13)

    console.log
      [2026-02-08T19:37:14.214Z] Form data: {
        "fullName": "John Doe",
        "email": "test@example.com",
        "password": "Password123!",
        "confirmPassword": "Password123!"
      }

      at Object.log [as handleSubmit] (src/hooks/useRegistrationForm.ts:284:13)

    console.log
      [2026-02-08T19:37:14.214Z] Current errors: {}

      at Object.log [as handleSubmit] (src/hooks/useRegistrationForm.ts:285:13)

    console.log
      [2026-02-08T19:37:14.214Z] Is rate limited: true

      at Object.log [as handleSubmit] (src/hooks/useRegistrationForm.ts:286:13)

    console.log
      [2026-02-08T19:37:14.214Z] ❌ Form submission blocked: rate limit active

      at Object.log [as handleSubmit] (src/hooks/useRegistrationForm.ts:290:15)

    console.log
      ✅ preventDefault() called FIRST (stopPropagation also called if available)

      at Object.log [as handleSubmit] (src/hooks/useRegistrationForm.ts:277:13)

    console.log
      [2026-02-08T19:37:14.215Z] ========== FORM SUBMISSION STARTED ==========

      at Object.log [as handleSubmit] (src/hooks/useRegistrationForm.ts:280:13)

    console.log
      [2026-02-08T19:37:14.215Z] Event defaultPrevented: undefined

      at Object.log [as handleSubmit] (src/hooks/useRegistrationForm.ts:281:13)

    console.log
      [2026-02-08T19:37:14.215Z] Event type: undefined

      at Object.log [as handleSubmit] (src/hooks/useRegistrationForm.ts:282:13)

    console.log
      [2026-02-08T19:37:14.215Z] Event target: undefined

      at Object.log [as handleSubmit] (src/hooks/useRegistrationForm.ts:283:13)

    console.log
      [2026-02-08T19:37:14.215Z] Form data: {
        "fullName": "John Doe",
        "email": "test@example.com",
        "password": "Password123!",
        "confirmPassword": "Password123!"
      }

      at Object.log [as handleSubmit] (src/hooks/useRegistrationForm.ts:284:13)

    console.log
      [2026-02-08T19:37:14.215Z] Current errors: {}

      at Object.log [as handleSubmit] (src/hooks/useRegistrationForm.ts:285:13)

    console.log
      [2026-02-08T19:37:14.215Z] Is rate limited: true

      at Object.log [as handleSubmit] (src/hooks/useRegistrationForm.ts:286:13)

    console.log
      [2026-02-08T19:37:14.215Z] ❌ Form submission blocked: rate limit active

      at Object.log [as handleSubmit] (src/hooks/useRegistrationForm.ts:290:15)

    console.log
      ✅ preventDefault() called FIRST (stopPropagation also called if available)

      at Object.log [as handleSubmit] (src/hooks/useRegistrationForm.ts:277:13)

    console.log
      [2026-02-08T19:37:14.217Z] ========== FORM SUBMISSION STARTED ==========

      at Object.log [as handleSubmit] (src/hooks/useRegistrationForm.ts:280:13)

    console.log
      [2026-02-08T19:37:14.217Z] Event defaultPrevented: undefined

      at Object.log [as handleSubmit] (src/hooks/useRegistrationForm.ts:281:13)

    console.log
      [2026-02-08T19:37:14.217Z] Event type: undefined

      at Object.log [as handleSubmit] (src/hooks/useRegistrationForm.ts:282:13)

    console.log
      [2026-02-08T19:37:14.217Z] Event target: undefined

      at Object.log [as handleSubmit] (src/hooks/useRegistrationForm.ts:283:13)

    console.log
      [2026-02-08T19:37:14.217Z] Form data: {
        "fullName": "John Doe",
        "email": "test@example.com",
        "password": "Password123!",
        "confirmPassword": "Password123!"
      }

      at Object.log [as handleSubmit] (src/hooks/useRegistrationForm.ts:284:13)

    console.log
      [2026-02-08T19:37:14.217Z] Current errors: {}

      at Object.log [as handleSubmit] (src/hooks/useRegistrationForm.ts:285:13)

    console.log
      [2026-02-08T19:37:14.217Z] Is rate limited: false

      at Object.log [as handleSubmit] (src/hooks/useRegistrationForm.ts:286:13)

    console.log
      [2026-02-08T19:37:14.217Z] Validation result: true

      at Object.log [as handleSubmit] (src/hooks/useRegistrationForm.ts:296:13)

    console.log
      [2026-02-08T19:37:14.217Z] ✅ Validation passed, proceeding with API call

      at Object.log [as handleSubmit] (src/hooks/useRegistrationForm.ts:303:13)

    console.log
      [2026-02-08T19:37:14.217Z] 📡 Calling API client register method

      at Object.log [as handleSubmit] (src/hooks/useRegistrationForm.ts:316:15)

    console.log
      [2026-02-08T19:37:14.217Z] API payload: {
        email: 'test@example.com',
        name: 'John Doe',
        password: '***REDACTED***'
      }

      at Object.log [as handleSubmit] (src/hooks/useRegistrationForm.ts:317:15)

    console.log
      [2026-02-08T19:37:14.217Z] ❌ API call failed: { status: 409, message: 'Email already exists' }

      at Object.log [as handleSubmit] (src/hooks/useRegistrationForm.ts:343:15)

    console.log
      [2026-02-08T19:37:14.217Z] ========== FORM SUBMISSION ENDED ==========

      at Object.log [as handleSubmit] (src/hooks/useRegistrationForm.ts:376:15)

    console.log
      ✅ preventDefault() called FIRST (stopPropagation also called if available)

      at Object.log [as handleSubmit] (src/hooks/useRegistrationForm.ts:277:13)

    console.log
      [2026-02-08T19:37:14.224Z] ========== FORM SUBMISSION STARTED ==========

      at Object.log [as handleSubmit] (src/hooks/useRegistrationForm.ts:280:13)

    console.log
      [2026-02-08T19:37:14.224Z] Event defaultPrevented: undefined

      at Object.log [as handleSubmit] (src/hooks/useRegistrationForm.ts:281:13)

    console.log
      [2026-02-08T19:37:14.224Z] Event type: undefined

      at Object.log [as handleSubmit] (src/hooks/useRegistrationForm.ts:282:13)

    console.log
      [2026-02-08T19:37:14.224Z] Event target: undefined

      at Object.log [as handleSubmit] (src/hooks/useRegistrationForm.ts:283:13)

    console.log
      [2026-02-08T19:37:14.224Z] Form data: {
        "fullName": "John Doe",
        "email": "test@example.com",
        "password": "Password123!",
        "confirmPassword": "Password123!"
      }

      at Object.log [as handleSubmit] (src/hooks/useRegistrationForm.ts:284:13)

    console.log
      [2026-02-08T19:37:14.224Z] Current errors: {}

      at Object.log [as handleSubmit] (src/hooks/useRegistrationForm.ts:285:13)

    console.log
      [2026-02-08T19:37:14.224Z] Is rate limited: false

      at Object.log [as handleSubmit] (src/hooks/useRegistrationForm.ts:286:13)

    console.log
      [2026-02-08T19:37:14.224Z] Validation result: true

      at Object.log [as handleSubmit] (src/hooks/useRegistrationForm.ts:296:13)

    console.log
      [2026-02-08T19:37:14.224Z] ✅ Validation passed, proceeding with API call

      at Object.log [as handleSubmit] (src/hooks/useRegistrationForm.ts:303:13)

    console.log
      [2026-02-08T19:37:14.224Z] 📡 Calling API client register method

      at Object.log [as handleSubmit] (src/hooks/useRegistrationForm.ts:316:15)

    console.log
      [2026-02-08T19:37:14.224Z] API payload: {
        email: 'test@example.com',
        name: 'John Doe',
        password: '***REDACTED***'
      }

      at Object.log [as handleSubmit] (src/hooks/useRegistrationForm.ts:317:15)

    console.log
      [2026-02-08T19:37:14.224Z] ❌ API call failed: { status: 409, message: 'Email already exists' }

      at Object.log [as handleSubmit] (src/hooks/useRegistrationForm.ts:343:15)

    console.log
      [2026-02-08T19:37:14.224Z] ========== FORM SUBMISSION ENDED ==========

      at Object.log [as handleSubmit] (src/hooks/useRegistrationForm.ts:376:15)

    console.log
      ✅ preventDefault() called FIRST (stopPropagation also called if available)

      at Object.log [as handleSubmit] (src/hooks/useRegistrationForm.ts:277:13)

    console.log
      [2026-02-08T19:37:14.229Z] ========== FORM SUBMISSION STARTED ==========

      at Object.log [as handleSubmit] (src/hooks/useRegistrationForm.ts:280:13)

    console.log
      [2026-02-08T19:37:14.229Z] Event defaultPrevented: undefined

      at Object.log [as handleSubmit] (src/hooks/useRegistrationForm.ts:281:13)

    console.log
      [2026-02-08T19:37:14.229Z] Event type: undefined

      at Object.log [as handleSubmit] (src/hooks/useRegistrationForm.ts:282:13)

    console.log
      [2026-02-08T19:37:14.229Z] Event target: undefined

      at Object.log [as handleSubmit] (src/hooks/useRegistrationForm.ts:283:13)

    console.log
      [2026-02-08T19:37:14.229Z] Form data: {
        "fullName": "John Doe",
        "email": "test@example.com",
        "password": "Password123!",
        "confirmPassword": "Password123!"
      }

      at Object.log [as handleSubmit] (src/hooks/useRegistrationForm.ts:284:13)

    console.log
      [2026-02-08T19:37:14.229Z] Current errors: {}

      at Object.log [as handleSubmit] (src/hooks/useRegistrationForm.ts:285:13)

    console.log
      [2026-02-08T19:37:14.229Z] Is rate limited: false

      at Object.log [as handleSubmit] (src/hooks/useRegistrationForm.ts:286:13)

    console.log
      [2026-02-08T19:37:14.229Z] Validation result: true

      at Object.log [as handleSubmit] (src/hooks/useRegistrationForm.ts:296:13)

    console.log
      [2026-02-08T19:37:14.229Z] ✅ Validation passed, proceeding with API call

      at Object.log [as handleSubmit] (src/hooks/useRegistrationForm.ts:303:13)

    console.log
      [2026-02-08T19:37:14.229Z] 📡 Calling API client register method

      at Object.log [as handleSubmit] (src/hooks/useRegistrationForm.ts:316:15)

    console.log
      [2026-02-08T19:37:14.229Z] API payload: {
        email: 'test@example.com',
        name: 'John Doe',
        password: '***REDACTED***'
      }

      at Object.log [as handleSubmit] (src/hooks/useRegistrationForm.ts:317:15)

    console.log
      [2026-02-08T19:37:14.229Z] ❌ API call failed: { status: 409, message: 'Email already exists' }

      at Object.log [as handleSubmit] (src/hooks/useRegistrationForm.ts:343:15)

    console.log
      [2026-02-08T19:37:14.229Z] ========== FORM SUBMISSION ENDED ==========

      at Object.log [as handleSubmit] (src/hooks/useRegistrationForm.ts:376:15)

    console.log
      ✅ preventDefault() called FIRST (stopPropagation also called if available)

      at Object.log [as handleSubmit] (src/hooks/useRegistrationForm.ts:277:13)

    console.log
      [2026-02-08T19:37:14.233Z] ========== FORM SUBMISSION STARTED ==========

      at Object.log [as handleSubmit] (src/hooks/useRegistrationForm.ts:280:13)

    console.log
      [2026-02-08T19:37:14.233Z] Event defaultPrevented: undefined

      at Object.log [as handleSubmit] (src/hooks/useRegistrationForm.ts:281:13)

    console.log
      [2026-02-08T19:37:14.233Z] Event type: undefined

      at Object.log [as handleSubmit] (src/hooks/useRegistrationForm.ts:282:13)

    console.log
      [2026-02-08T19:37:14.233Z] Event target: undefined

      at Object.log [as handleSubmit] (src/hooks/useRegistrationForm.ts:283:13)

    console.log
      [2026-02-08T19:37:14.233Z] Form data: {
        "fullName": "John Doe",
        "email": "test@example.com",
        "password": "Password123!",
        "confirmPassword": "Password123!"
      }

      at Object.log [as handleSubmit] (src/hooks/useRegistrationForm.ts:284:13)

    console.log
      [2026-02-08T19:37:14.233Z] Current errors: {}

      at Object.log [as handleSubmit] (src/hooks/useRegistrationForm.ts:285:13)

    console.log
      [2026-02-08T19:37:14.233Z] Is rate limited: false

      at Object.log [as handleSubmit] (src/hooks/useRegistrationForm.ts:286:13)

    console.log
      [2026-02-08T19:37:14.233Z] Validation result: true

      at Object.log [as handleSubmit] (src/hooks/useRegistrationForm.ts:296:13)

    console.log
      [2026-02-08T19:37:14.233Z] ✅ Validation passed, proceeding with API call

      at Object.log [as handleSubmit] (src/hooks/useRegistrationForm.ts:303:13)

    console.log
      [2026-02-08T19:37:14.233Z] 📡 Calling API client register method

      at Object.log [as handleSubmit] (src/hooks/useRegistrationForm.ts:316:15)

    console.log
      [2026-02-08T19:37:14.233Z] API payload: {
        email: 'test@example.com',
        name: 'John Doe',
        password: '***REDACTED***'
      }

      at Object.log [as handleSubmit] (src/hooks/useRegistrationForm.ts:317:15)

    console.log
      [2026-02-08T19:37:14.233Z] ❌ API call failed: { status: 409, message: 'Email already exists' }

      at Object.log [as handleSubmit] (src/hooks/useRegistrationForm.ts:343:15)

    console.log
      [2026-02-08T19:37:14.233Z] ========== FORM SUBMISSION ENDED ==========

      at Object.log [as handleSubmit] (src/hooks/useRegistrationForm.ts:376:15)

    console.log
      ✅ preventDefault() called FIRST (stopPropagation also called if available)

      at Object.log [as handleSubmit] (src/hooks/useRegistrationForm.ts:277:13)

    console.log
      [2026-02-08T19:37:14.239Z] ========== FORM SUBMISSION STARTED ==========

      at Object.log [as handleSubmit] (src/hooks/useRegistrationForm.ts:280:13)

    console.log
      [2026-02-08T19:37:14.239Z] Event defaultPrevented: undefined

      at Object.log [as handleSubmit] (src/hooks/useRegistrationForm.ts:281:13)

    console.log
      [2026-02-08T19:37:14.239Z] Event type: undefined

      at Object.log [as handleSubmit] (src/hooks/useRegistrationForm.ts:282:13)

    console.log
      [2026-02-08T19:37:14.239Z] Event target: undefined

      at Object.log [as handleSubmit] (src/hooks/useRegistrationForm.ts:283:13)

    console.log
      [2026-02-08T19:37:14.239Z] Form data: {
        "fullName": "John Doe",
        "email": "test@example.com",
        "password": "Password123!",
        "confirmPassword": "Password123!"
      }

      at Object.log [as handleSubmit] (src/hooks/useRegistrationForm.ts:284:13)

    console.log
      [2026-02-08T19:37:14.239Z] Current errors: {}

      at Object.log [as handleSubmit] (src/hooks/useRegistrationForm.ts:285:13)

    console.log
      [2026-02-08T19:37:14.239Z] Is rate limited: false

      at Object.log [as handleSubmit] (src/hooks/useRegistrationForm.ts:286:13)

    console.log
      [2026-02-08T19:37:14.239Z] Validation result: true

      at Object.log [as handleSubmit] (src/hooks/useRegistrationForm.ts:296:13)

    console.log
      [2026-02-08T19:37:14.239Z] ✅ Validation passed, proceeding with API call

      at Object.log [as handleSubmit] (src/hooks/useRegistrationForm.ts:303:13)

    console.log
      [2026-02-08T19:37:14.239Z] 📡 Calling API client register method

      at Object.log [as handleSubmit] (src/hooks/useRegistrationForm.ts:316:15)

    console.log
      [2026-02-08T19:37:14.239Z] API payload: {
        email: 'test@example.com',
        name: 'John Doe',
        password: '***REDACTED***'
      }

      at Object.log [as handleSubmit] (src/hooks/useRegistrationForm.ts:317:15)

    console.log
      [2026-02-08T19:37:14.239Z] ✅ API call successful

      at Object.log [as handleSubmit] (src/hooks/useRegistrationForm.ts:330:15)

    console.log
      [2026-02-08T19:37:14.239Z] ========== FORM SUBMISSION ENDED ==========

      at Object.log [as handleSubmit] (src/hooks/useRegistrationForm.ts:376:15)

    console.log
      ✅ preventDefault() called FIRST (stopPropagation also called if available)

      at Object.log [as handleSubmit] (src/hooks/useRegistrationForm.ts:277:13)

    console.log
      [2026-02-08T19:37:14.244Z] ========== FORM SUBMISSION STARTED ==========

      at Object.log [as handleSubmit] (src/hooks/useRegistrationForm.ts:280:13)

    console.log
      [2026-02-08T19:37:14.244Z] Event defaultPrevented: undefined

      at Object.log [as handleSubmit] (src/hooks/useRegistrationForm.ts:281:13)

    console.log
      [2026-02-08T19:37:14.244Z] Event type: undefined

      at Object.log [as handleSubmit] (src/hooks/useRegistrationForm.ts:282:13)

    console.log
      [2026-02-08T19:37:14.244Z] Event target: undefined

      at Object.log [as handleSubmit] (src/hooks/useRegistrationForm.ts:283:13)

    console.log
      [2026-02-08T19:37:14.244Z] Form data: {
        "fullName": "John Doe",
        "email": "test@example.com",
        "password": "Password123!",
        "confirmPassword": "Password123!"
      }

      at Object.log [as handleSubmit] (src/hooks/useRegistrationForm.ts:284:13)

    console.log
      [2026-02-08T19:37:14.244Z] Current errors: {}

      at Object.log [as handleSubmit] (src/hooks/useRegistrationForm.ts:285:13)

    console.log
      [2026-02-08T19:37:14.244Z] Is rate limited: true

      at Object.log [as handleSubmit] (src/hooks/useRegistrationForm.ts:286:13)

    console.log
      [2026-02-08T19:37:14.244Z] ❌ Form submission blocked: rate limit active

      at Object.log [as handleSubmit] (src/hooks/useRegistrationForm.ts:290:15)

    console.log
      ✅ preventDefault() called FIRST (stopPropagation also called if available)

      at Object.log [as handleSubmit] (src/hooks/useRegistrationForm.ts:277:13)

    console.log
      [2026-02-08T19:37:14.250Z] ========== FORM SUBMISSION STARTED ==========

      at Object.log [as handleSubmit] (src/hooks/useRegistrationForm.ts:280:13)

    console.log
      [2026-02-08T19:37:14.250Z] Event defaultPrevented: undefined

      at Object.log [as handleSubmit] (src/hooks/useRegistrationForm.ts:281:13)

    console.log
      [2026-02-08T19:37:14.250Z] Event type: undefined

      at Object.log [as handleSubmit] (src/hooks/useRegistrationForm.ts:282:13)

    console.log
      [2026-02-08T19:37:14.250Z] Event target: undefined

      at Object.log [as handleSubmit] (src/hooks/useRegistrationForm.ts:283:13)

    console.log
      [2026-02-08T19:37:14.250Z] Form data: {
        "fullName": "John Doe",
        "email": "test@example.com",
        "password": "Password123!",
        "confirmPassword": "Password123!"
      }

      at Object.log [as handleSubmit] (src/hooks/useRegistrationForm.ts:284:13)

    console.log
      [2026-02-08T19:37:14.250Z] Current errors: {}

      at Object.log [as handleSubmit] (src/hooks/useRegistrationForm.ts:285:13)

    console.log
      [2026-02-08T19:37:14.250Z] Is rate limited: true

      at Object.log [as handleSubmit] (src/hooks/useRegistrationForm.ts:286:13)

    console.log
      [2026-02-08T19:37:14.250Z] ❌ Form submission blocked: rate limit active

      at Object.log [as handleSubmit] (src/hooks/useRegistrationForm.ts:290:15)

    console.log
      ✅ preventDefault() called FIRST (stopPropagation also called if available)

      at Object.log [as handleSubmit] (src/hooks/useRegistrationForm.ts:277:13)

    console.log
      [2026-02-08T19:37:14.251Z] ========== FORM SUBMISSION STARTED ==========

      at Object.log [as handleSubmit] (src/hooks/useRegistrationForm.ts:280:13)

    console.log
      [2026-02-08T19:37:14.251Z] Event defaultPrevented: undefined

      at Object.log [as handleSubmit] (src/hooks/useRegistrationForm.ts:281:13)

    console.log
      [2026-02-08T19:37:14.251Z] Event type: undefined

      at Object.log [as handleSubmit] (src/hooks/useRegistrationForm.ts:282:13)

    console.log
      [2026-02-08T19:37:14.251Z] Event target: undefined

      at Object.log [as handleSubmit] (src/hooks/useRegistrationForm.ts:283:13)

    console.log
      [2026-02-08T19:37:14.251Z] Form data: {
        "fullName": "John Doe",
        "email": "test@example.com",
        "password": "Password123!",
        "confirmPassword": "Password123!"
      }

      at Object.log [as handleSubmit] (src/hooks/useRegistrationForm.ts:284:13)

    console.log
      [2026-02-08T19:37:14.251Z] Current errors: {}

      at Object.log [as handleSubmit] (src/hooks/useRegistrationForm.ts:285:13)

    console.log
      [2026-02-08T19:37:14.251Z] Is rate limited: true

      at Object.log [as handleSubmit] (src/hooks/useRegistrationForm.ts:286:13)

    console.log
      [2026-02-08T19:37:14.251Z] ❌ Form submission blocked: rate limit active

      at Object.log [as handleSubmit] (src/hooks/useRegistrationForm.ts:290:15)

    console.log
      ✅ preventDefault() called FIRST (stopPropagation also called if available)

      at Object.log [as handleSubmit] (src/hooks/useRegistrationForm.ts:277:13)

    console.log
      [2026-02-08T19:37:14.253Z] ========== FORM SUBMISSION STARTED ==========

      at Object.log [as handleSubmit] (src/hooks/useRegistrationForm.ts:280:13)

    console.log
      [2026-02-08T19:37:14.253Z] Event defaultPrevented: undefined

      at Object.log [as handleSubmit] (src/hooks/useRegistrationForm.ts:281:13)

    console.log
      [2026-02-08T19:37:14.253Z] Event type: undefined

      at Object.log [as handleSubmit] (src/hooks/useRegistrationForm.ts:282:13)

    console.log
      [2026-02-08T19:37:14.253Z] Event target: undefined

      at Object.log [as handleSubmit] (src/hooks/useRegistrationForm.ts:283:13)

    console.log
      [2026-02-08T19:37:14.253Z] Form data: {
        "fullName": "John Doe",
        "email": "test@example.com",
        "password": "Password123!",
        "confirmPassword": "Password123!"
      }

      at Object.log [as handleSubmit] (src/hooks/useRegistrationForm.ts:284:13)

    console.log
      [2026-02-08T19:37:14.253Z] Current errors: {}

      at Object.log [as handleSubmit] (src/hooks/useRegistrationForm.ts:285:13)

    console.log
      [2026-02-08T19:37:14.253Z] Is rate limited: true

      at Object.log [as handleSubmit] (src/hooks/useRegistrationForm.ts:286:13)

    console.log
      [2026-02-08T19:37:14.253Z] ❌ Form submission blocked: rate limit active

      at Object.log [as handleSubmit] (src/hooks/useRegistrationForm.ts:290:15)

    console.log
      ✅ preventDefault() called FIRST (stopPropagation also called if available)

      at Object.log [as handleSubmit] (src/hooks/useRegistrationForm.ts:277:13)

    console.log
      [2026-02-08T19:37:14.257Z] ========== FORM SUBMISSION STARTED ==========

      at Object.log [as handleSubmit] (src/hooks/useRegistrationForm.ts:280:13)

    console.log
      [2026-02-08T19:37:14.257Z] Event defaultPrevented: undefined

      at Object.log [as handleSubmit] (src/hooks/useRegistrationForm.ts:281:13)

    console.log
      [2026-02-08T19:37:14.257Z] Event type: undefined

      at Object.log [as handleSubmit] (src/hooks/useRegistrationForm.ts:282:13)

    console.log
      [2026-02-08T19:37:14.257Z] Event target: undefined

      at Object.log [as handleSubmit] (src/hooks/useRegistrationForm.ts:283:13)

    console.log
      [2026-02-08T19:37:14.257Z] Form data: {
        "fullName": "John Doe",
        "email": "test@example.com",
        "password": "Password123!",
        "confirmPassword": "Password123!"
      }

      at Object.log [as handleSubmit] (src/hooks/useRegistrationForm.ts:284:13)

    console.log
      [2026-02-08T19:37:14.257Z] Current errors: {}

      at Object.log [as handleSubmit] (src/hooks/useRegistrationForm.ts:285:13)

    console.log
      [2026-02-08T19:37:14.257Z] Is rate limited: false

      at Object.log [as handleSubmit] (src/hooks/useRegistrationForm.ts:286:13)

    console.log
      [2026-02-08T19:37:14.257Z] Validation result: true

      at Object.log [as handleSubmit] (src/hooks/useRegistrationForm.ts:296:13)

    console.log
      [2026-02-08T19:37:14.257Z] ✅ Validation passed, proceeding with API call

      at Object.log [as handleSubmit] (src/hooks/useRegistrationForm.ts:303:13)

    console.log
      [2026-02-08T19:37:14.257Z] 📡 Calling API client register method

      at Object.log [as handleSubmit] (src/hooks/useRegistrationForm.ts:316:15)

    console.log
      [2026-02-08T19:37:14.257Z] API payload: {
        email: 'test@example.com',
        name: 'John Doe',
        password: '***REDACTED***'
      }

      at Object.log [as handleSubmit] (src/hooks/useRegistrationForm.ts:317:15)

    console.log
      [2026-02-08T19:37:14.257Z] ❌ API call failed: { status: 409, message: 'Email already exists' }

      at Object.log [as handleSubmit] (src/hooks/useRegistrationForm.ts:343:15)

    console.log
      [2026-02-08T19:37:14.257Z] ========== FORM SUBMISSION ENDED ==========

      at Object.log [as handleSubmit] (src/hooks/useRegistrationForm.ts:376:15)

    console.log
      ✅ preventDefault() called FIRST (stopPropagation also called if available)

      at Object.log [as handleSubmit] (src/hooks/useRegistrationForm.ts:277:13)

    console.log
      [2026-02-08T19:37:14.265Z] ========== FORM SUBMISSION STARTED ==========

      at Object.log [as handleSubmit] (src/hooks/useRegistrationForm.ts:280:13)

    console.log
      [2026-02-08T19:37:14.265Z] Event defaultPrevented: undefined

      at Object.log [as handleSubmit] (src/hooks/useRegistrationForm.ts:281:13)

    console.log
      [2026-02-08T19:37:14.265Z] Event type: undefined

      at Object.log [as handleSubmit] (src/hooks/useRegistrationForm.ts:282:13)

    console.log
      [2026-02-08T19:37:14.265Z] Event target: undefined

      at Object.log [as handleSubmit] (src/hooks/useRegistrationForm.ts:283:13)

    console.log
      [2026-02-08T19:37:14.265Z] Form data: {
        "fullName": "John Doe",
        "email": "test@example.com",
        "password": "Password123!",
        "confirmPassword": "Password123!"
      }

      at Object.log [as handleSubmit] (src/hooks/useRegistrationForm.ts:284:13)

    console.log
      [2026-02-08T19:37:14.265Z] Current errors: {}

      at Object.log [as handleSubmit] (src/hooks/useRegistrationForm.ts:285:13)

    console.log
      [2026-02-08T19:37:14.265Z] Is rate limited: false

      at Object.log [as handleSubmit] (src/hooks/useRegistrationForm.ts:286:13)

    console.log
      [2026-02-08T19:37:14.265Z] Validation result: true

      at Object.log [as handleSubmit] (src/hooks/useRegistrationForm.ts:296:13)

    console.log
      [2026-02-08T19:37:14.265Z] ✅ Validation passed, proceeding with API call

      at Object.log [as handleSubmit] (src/hooks/useRegistrationForm.ts:303:13)

    console.log
      [2026-02-08T19:37:14.265Z] 📡 Calling API client register method

      at Object.log [as handleSubmit] (src/hooks/useRegistrationForm.ts:316:15)

    console.log
      [2026-02-08T19:37:14.265Z] API payload: {
        email: 'test@example.com',
        name: 'John Doe',
        password: '***REDACTED***'
      }

      at Object.log [as handleSubmit] (src/hooks/useRegistrationForm.ts:317:15)

    console.log
      [2026-02-08T19:37:14.265Z] ❌ API call failed: { status: 409, message: 'Email already exists' }

      at Object.log [as handleSubmit] (src/hooks/useRegistrationForm.ts:343:15)

    console.log
      [2026-02-08T19:37:14.265Z] ========== FORM SUBMISSION ENDED ==========

      at Object.log [as handleSubmit] (src/hooks/useRegistrationForm.ts:376:15)

    console.log
      ✅ preventDefault() called FIRST (stopPropagation also called if available)

      at Object.log [as handleSubmit] (src/hooks/useRegistrationForm.ts:277:13)

    console.log
      [2026-02-08T19:37:14.274Z] ========== FORM SUBMISSION STARTED ==========

      at Object.log [as handleSubmit] (src/hooks/useRegistrationForm.ts:280:13)

    console.log
      [2026-02-08T19:37:14.274Z] Event defaultPrevented: undefined

      at Object.log [as handleSubmit] (src/hooks/useRegistrationForm.ts:281:13)

    console.log
      [2026-02-08T19:37:14.274Z] Event type: undefined

      at Object.log [as handleSubmit] (src/hooks/useRegistrationForm.ts:282:13)

    console.log
      [2026-02-08T19:37:14.274Z] Event target: undefined

      at Object.log [as handleSubmit] (src/hooks/useRegistrationForm.ts:283:13)

    console.log
      [2026-02-08T19:37:14.274Z] Form data: {
        "fullName": "John Doe",
        "email": "test@example.com",
        "password": "Password123!",
        "confirmPassword": "Password123!"
      }

      at Object.log [as handleSubmit] (src/hooks/useRegistrationForm.ts:284:13)

    console.log
      [2026-02-08T19:37:14.274Z] Current errors: {}

      at Object.log [as handleSubmit] (src/hooks/useRegistrationForm.ts:285:13)

    console.log
      [2026-02-08T19:37:14.274Z] Is rate limited: false

      at Object.log [as handleSubmit] (src/hooks/useRegistrationForm.ts:286:13)

    console.log
      [2026-02-08T19:37:14.274Z] Validation result: true

      at Object.log [as handleSubmit] (src/hooks/useRegistrationForm.ts:296:13)

    console.log
      [2026-02-08T19:37:14.274Z] ✅ Validation passed, proceeding with API call

      at Object.log [as handleSubmit] (src/hooks/useRegistrationForm.ts:303:13)

    console.log
      [2026-02-08T19:37:14.274Z] 📡 Calling API client register method

      at Object.log [as handleSubmit] (src/hooks/useRegistrationForm.ts:316:15)

    console.log
      [2026-02-08T19:37:14.274Z] API payload: {
        email: 'test@example.com',
        name: 'John Doe',
        password: '***REDACTED***'
      }

      at Object.log [as handleSubmit] (src/hooks/useRegistrationForm.ts:317:15)

    console.log
      [2026-02-08T19:37:14.274Z] ❌ API call failed: { status: 409, message: 'Email already exists' }

      at Object.log [as handleSubmit] (src/hooks/useRegistrationForm.ts:343:15)

    console.log
      [2026-02-08T19:37:14.274Z] ========== FORM SUBMISSION ENDED ==========

      at Object.log [as handleSubmit] (src/hooks/useRegistrationForm.ts:376:15)

    console.log
      ✅ preventDefault() called FIRST (stopPropagation also called if available)

      at Object.log [as handleSubmit] (src/hooks/useRegistrationForm.ts:277:13)

    console.log
      [2026-02-08T19:37:14.282Z] ========== FORM SUBMISSION STARTED ==========

      at Object.log [as handleSubmit] (src/hooks/useRegistrationForm.ts:280:13)

    console.log
      [2026-02-08T19:37:14.282Z] Event defaultPrevented: undefined

      at Object.log [as handleSubmit] (src/hooks/useRegistrationForm.ts:281:13)

    console.log
      [2026-02-08T19:37:14.282Z] Event type: undefined

      at Object.log [as handleSubmit] (src/hooks/useRegistrationForm.ts:282:13)

    console.log
      [2026-02-08T19:37:14.282Z] Event target: undefined

      at Object.log [as handleSubmit] (src/hooks/useRegistrationForm.ts:283:13)

    console.log
      [2026-02-08T19:37:14.282Z] Form data: {
        "fullName": "John Doe",
        "email": "test@example.com",
        "password": "Password123!",
        "confirmPassword": "Password123!"
      }

      at Object.log [as handleSubmit] (src/hooks/useRegistrationForm.ts:284:13)

    console.log
      [2026-02-08T19:37:14.282Z] Current errors: {}

      at Object.log [as handleSubmit] (src/hooks/useRegistrationForm.ts:285:13)

    console.log
      [2026-02-08T19:37:14.282Z] Is rate limited: false

      at Object.log [as handleSubmit] (src/hooks/useRegistrationForm.ts:286:13)

    console.log
      [2026-02-08T19:37:14.282Z] Validation result: true

      at Object.log [as handleSubmit] (src/hooks/useRegistrationForm.ts:296:13)

    console.log
      [2026-02-08T19:37:14.282Z] ✅ Validation passed, proceeding with API call

      at Object.log [as handleSubmit] (src/hooks/useRegistrationForm.ts:303:13)

    console.log
      [2026-02-08T19:37:14.282Z] 📡 Calling API client register method

      at Object.log [as handleSubmit] (src/hooks/useRegistrationForm.ts:316:15)

    console.log
      [2026-02-08T19:37:14.282Z] API payload: {
        email: 'test@example.com',
        name: 'John Doe',
        password: '***REDACTED***'
      }

      at Object.log [as handleSubmit] (src/hooks/useRegistrationForm.ts:317:15)

    console.log
      [2026-02-08T19:37:14.282Z] ❌ API call failed: { status: 409, message: 'Email already exists' }

      at Object.log [as handleSubmit] (src/hooks/useRegistrationForm.ts:343:15)

    console.log
      [2026-02-08T19:37:14.282Z] ========== FORM SUBMISSION ENDED ==========

      at Object.log [as handleSubmit] (src/hooks/useRegistrationForm.ts:376:15)

    console.log
      ✅ preventDefault() called FIRST (stopPropagation also called if available)

      at Object.log [as handleSubmit] (src/hooks/useRegistrationForm.ts:277:13)

    console.log
      [2026-02-08T19:37:14.288Z] ========== FORM SUBMISSION STARTED ==========

      at Object.log [as handleSubmit] (src/hooks/useRegistrationForm.ts:280:13)

    console.log
      [2026-02-08T19:37:14.288Z] Event defaultPrevented: undefined

      at Object.log [as handleSubmit] (src/hooks/useRegistrationForm.ts:281:13)

    console.log
      [2026-02-08T19:37:14.288Z] Event type: undefined

      at Object.log [as handleSubmit] (src/hooks/useRegistrationForm.ts:282:13)

    console.log
      [2026-02-08T19:37:14.288Z] Event target: undefined

      at Object.log [as handleSubmit] (src/hooks/useRegistrationForm.ts:283:13)

    console.log
      [2026-02-08T19:37:14.288Z] Form data: {
        "fullName": "John Doe",
        "email": "test@example.com",
        "password": "Password123!",
        "confirmPassword": "Password123!"
      }

      at Object.log [as handleSubmit] (src/hooks/useRegistrationForm.ts:284:13)

    console.log
      [2026-02-08T19:37:14.288Z] Current errors: {}

      at Object.log [as handleSubmit] (src/hooks/useRegistrationForm.ts:285:13)

    console.log
      [2026-02-08T19:37:14.288Z] Is rate limited: false

      at Object.log [as handleSubmit] (src/hooks/useRegistrationForm.ts:286:13)

    console.log
      [2026-02-08T19:37:14.288Z] Validation result: true

      at Object.log [as handleSubmit] (src/hooks/useRegistrationForm.ts:296:13)

    console.log
      [2026-02-08T19:37:14.288Z] ✅ Validation passed, proceeding with API call

      at Object.log [as handleSubmit] (src/hooks/useRegistrationForm.ts:303:13)

    console.log
      [2026-02-08T19:37:14.288Z] 📡 Calling API client register method

      at Object.log [as handleSubmit] (src/hooks/useRegistrationForm.ts:316:15)

    console.log
      [2026-02-08T19:37:14.288Z] API payload: {
        email: 'test@example.com',
        name: 'John Doe',
        password: '***REDACTED***'
      }

      at Object.log [as handleSubmit] (src/hooks/useRegistrationForm.ts:317:15)

    console.log
      [2026-02-08T19:37:14.288Z] ❌ API call failed: { status: 409, message: 'Email already exists' }

      at Object.log [as handleSubmit] (src/hooks/useRegistrationForm.ts:343:15)

    console.log
      [2026-02-08T19:37:14.288Z] ========== FORM SUBMISSION ENDED ==========

      at Object.log [as handleSubmit] (src/hooks/useRegistrationForm.ts:376:15)

    console.log
      ✅ preventDefault() called FIRST (stopPropagation also called if available)

      at Object.log [as handleSubmit] (src/hooks/useRegistrationForm.ts:277:13)

    console.log
      [2026-02-08T19:37:14.296Z] ========== FORM SUBMISSION STARTED ==========

      at Object.log [as handleSubmit] (src/hooks/useRegistrationForm.ts:280:13)

    console.log
      [2026-02-08T19:37:14.296Z] Event defaultPrevented: undefined

      at Object.log [as handleSubmit] (src/hooks/useRegistrationForm.ts:281:13)

    console.log
      [2026-02-08T19:37:14.296Z] Event type: undefined

      at Object.log [as handleSubmit] (src/hooks/useRegistrationForm.ts:282:13)

    console.log
      [2026-02-08T19:37:14.296Z] Event target: undefined

      at Object.log [as handleSubmit] (src/hooks/useRegistrationForm.ts:283:13)

    console.log
      [2026-02-08T19:37:14.296Z] Form data: {
        "fullName": "John Doe",
        "email": "test@example.com",
        "password": "Password123!",
        "confirmPassword": "Password123!"
      }

      at Object.log [as handleSubmit] (src/hooks/useRegistrationForm.ts:284:13)

    console.log
      [2026-02-08T19:37:14.296Z] Current errors: {}

      at Object.log [as handleSubmit] (src/hooks/useRegistrationForm.ts:285:13)

    console.log
      [2026-02-08T19:37:14.296Z] Is rate limited: true

      at Object.log [as handleSubmit] (src/hooks/useRegistrationForm.ts:286:13)

    console.log
      [2026-02-08T19:37:14.296Z] ❌ Form submission blocked: rate limit active

      at Object.log [as handleSubmit] (src/hooks/useRegistrationForm.ts:290:15)

    console.log
      ✅ preventDefault() called FIRST (stopPropagation also called if available)

      at Object.log [as handleSubmit] (src/hooks/useRegistrationForm.ts:277:13)

    console.log
      [2026-02-08T19:37:14.297Z] ========== FORM SUBMISSION STARTED ==========

      at Object.log [as handleSubmit] (src/hooks/useRegistrationForm.ts:280:13)

    console.log
      [2026-02-08T19:37:14.297Z] Event defaultPrevented: undefined

      at Object.log [as handleSubmit] (src/hooks/useRegistrationForm.ts:281:13)

    console.log
      [2026-02-08T19:37:14.297Z] Event type: undefined

      at Object.log [as handleSubmit] (src/hooks/useRegistrationForm.ts:282:13)

    console.log
      [2026-02-08T19:37:14.297Z] Event target: undefined

      at Object.log [as handleSubmit] (src/hooks/useRegistrationForm.ts:283:13)

    console.log
      [2026-02-08T19:37:14.297Z] Form data: {
        "fullName": "John Doe",
        "email": "test@example.com",
        "password": "Password123!",
        "confirmPassword": "Password123!"
      }

      at Object.log [as handleSubmit] (src/hooks/useRegistrationForm.ts:284:13)

    console.log
      [2026-02-08T19:37:14.297Z] Current errors: {}

      at Object.log [as handleSubmit] (src/hooks/useRegistrationForm.ts:285:13)

    console.log
      [2026-02-08T19:37:14.297Z] Is rate limited: true

      at Object.log [as handleSubmit] (src/hooks/useRegistrationForm.ts:286:13)

    console.log
      [2026-02-08T19:37:14.297Z] ❌ Form submission blocked: rate limit active

      at Object.log [as handleSubmit] (src/hooks/useRegistrationForm.ts:290:15)

    console.log
      ✅ preventDefault() called FIRST (stopPropagation also called if available)

      at Object.log [as handleSubmit] (src/hooks/useRegistrationForm.ts:277:13)

    console.log
      [2026-02-08T19:37:14.303Z] ========== FORM SUBMISSION STARTED ==========

      at Object.log [as handleSubmit] (src/hooks/useRegistrationForm.ts:280:13)

    console.log
      [2026-02-08T19:37:14.303Z] Event defaultPrevented: undefined

      at Object.log [as handleSubmit] (src/hooks/useRegistrationForm.ts:281:13)

    console.log
      [2026-02-08T19:37:14.303Z] Event type: undefined

      at Object.log [as handleSubmit] (src/hooks/useRegistrationForm.ts:282:13)

    console.log
      [2026-02-08T19:37:14.303Z] Event target: undefined

      at Object.log [as handleSubmit] (src/hooks/useRegistrationForm.ts:283:13)

    console.log
      [2026-02-08T19:37:14.303Z] Form data: {
        "fullName": "John Doe",
        "email": "test@example.com",
        "password": "Password123!",
        "confirmPassword": "Password123!"
      }

      at Object.log [as handleSubmit] (src/hooks/useRegistrationForm.ts:284:13)

    console.log
      [2026-02-08T19:37:14.303Z] Current errors: {}

      at Object.log [as handleSubmit] (src/hooks/useRegistrationForm.ts:285:13)

    console.log
      [2026-02-08T19:37:14.303Z] Is rate limited: true

      at Object.log [as handleSubmit] (src/hooks/useRegistrationForm.ts:286:13)

    console.log
      [2026-02-08T19:37:14.303Z] ❌ Form submission blocked: rate limit active

      at Object.log [as handleSubmit] (src/hooks/useRegistrationForm.ts:290:15)

    console.log
      ✅ preventDefault() called FIRST (stopPropagation also called if available)

      at Object.log [as handleSubmit] (src/hooks/useRegistrationForm.ts:277:13)

    console.log
      [2026-02-08T19:37:14.305Z] ========== FORM SUBMISSION STARTED ==========

      at Object.log [as handleSubmit] (src/hooks/useRegistrationForm.ts:280:13)

    console.log
      [2026-02-08T19:37:14.305Z] Event defaultPrevented: undefined

      at Object.log [as handleSubmit] (src/hooks/useRegistrationForm.ts:281:13)

    console.log
      [2026-02-08T19:37:14.305Z] Event type: undefined

      at Object.log [as handleSubmit] (src/hooks/useRegistrationForm.ts:282:13)

    console.log
      [2026-02-08T19:37:14.305Z] Event target: undefined

      at Object.log [as handleSubmit] (src/hooks/useRegistrationForm.ts:283:13)

    console.log
      [2026-02-08T19:37:14.305Z] Form data: {
        "fullName": "John Doe",
        "email": "test@example.com",
        "password": "Password123!",
        "confirmPassword": "Password123!"
      }

      at Object.log [as handleSubmit] (src/hooks/useRegistrationForm.ts:284:13)

    console.log
      [2026-02-08T19:37:14.305Z] Current errors: {}

      at Object.log [as handleSubmit] (src/hooks/useRegistrationForm.ts:285:13)

    console.log
      [2026-02-08T19:37:14.305Z] Is rate limited: true

      at Object.log [as handleSubmit] (src/hooks/useRegistrationForm.ts:286:13)

    console.log
      [2026-02-08T19:37:14.305Z] ❌ Form submission blocked: rate limit active

      at Object.log [as handleSubmit] (src/hooks/useRegistrationForm.ts:290:15)

    console.log
      ✅ preventDefault() called FIRST (stopPropagation also called if available)

      at Object.log [as handleSubmit] (src/hooks/useRegistrationForm.ts:277:13)

    console.log
      [2026-02-08T19:37:14.307Z] ========== FORM SUBMISSION STARTED ==========

      at Object.log [as handleSubmit] (src/hooks/useRegistrationForm.ts:280:13)

    console.log
      [2026-02-08T19:37:14.307Z] Event defaultPrevented: undefined

      at Object.log [as handleSubmit] (src/hooks/useRegistrationForm.ts:281:13)

    console.log
      [2026-02-08T19:37:14.307Z] Event type: undefined

      at Object.log [as handleSubmit] (src/hooks/useRegistrationForm.ts:282:13)

    console.log
      [2026-02-08T19:37:14.307Z] Event target: undefined

      at Object.log [as handleSubmit] (src/hooks/useRegistrationForm.ts:283:13)

    console.log
      [2026-02-08T19:37:14.307Z] Form data: {
        "fullName": "John Doe",
        "email": "test@example.com",
        "password": "Password123!",
        "confirmPassword": "Password123!"
      }

      at Object.log [as handleSubmit] (src/hooks/useRegistrationForm.ts:284:13)

    console.log
      [2026-02-08T19:37:14.307Z] Current errors: {}

      at Object.log [as handleSubmit] (src/hooks/useRegistrationForm.ts:285:13)

    console.log
      [2026-02-08T19:37:14.307Z] Is rate limited: true

      at Object.log [as handleSubmit] (src/hooks/useRegistrationForm.ts:286:13)

    console.log
      [2026-02-08T19:37:14.307Z] ❌ Form submission blocked: rate limit active

      at Object.log [as handleSubmit] (src/hooks/useRegistrationForm.ts:290:15)

    console.log
      ✅ preventDefault() called FIRST (stopPropagation also called if available)

      at Object.log [as handleSubmit] (src/hooks/useRegistrationForm.ts:277:13)

    console.log
      [2026-02-08T19:37:14.309Z] ========== FORM SUBMISSION STARTED ==========

      at Object.log [as handleSubmit] (src/hooks/useRegistrationForm.ts:280:13)

    console.log
      [2026-02-08T19:37:14.309Z] Event defaultPrevented: undefined

      at Object.log [as handleSubmit] (src/hooks/useRegistrationForm.ts:281:13)

    console.log
      [2026-02-08T19:37:14.309Z] Event type: undefined

      at Object.log [as handleSubmit] (src/hooks/useRegistrationForm.ts:282:13)

    console.log
      [2026-02-08T19:37:14.309Z] Event target: undefined

      at Object.log [as handleSubmit] (src/hooks/useRegistrationForm.ts:283:13)

    console.log
      [2026-02-08T19:37:14.309Z] Form data: {
        "fullName": "John Doe",
        "email": "test@example.com",
        "password": "Password123!",
        "confirmPassword": "Password123!"
      }

      at Object.log [as handleSubmit] (src/hooks/useRegistrationForm.ts:284:13)

    console.log
      [2026-02-08T19:37:14.309Z] Current errors: {}

      at Object.log [as handleSubmit] (src/hooks/useRegistrationForm.ts:285:13)

    console.log
      [2026-02-08T19:37:14.309Z] Is rate limited: false

      at Object.log [as handleSubmit] (src/hooks/useRegistrationForm.ts:286:13)

    console.log
      [2026-02-08T19:37:14.309Z] Validation result: true

      at Object.log [as handleSubmit] (src/hooks/useRegistrationForm.ts:296:13)

    console.log
      [2026-02-08T19:37:14.309Z] ✅ Validation passed, proceeding with API call

      at Object.log [as handleSubmit] (src/hooks/useRegistrationForm.ts:303:13)

    console.log
      [2026-02-08T19:37:14.309Z] 📡 Calling API client register method

      at Object.log [as handleSubmit] (src/hooks/useRegistrationForm.ts:316:15)

    console.log
      [2026-02-08T19:37:14.309Z] API payload: {
        email: 'test@example.com',
        name: 'John Doe',
        password: '***REDACTED***'
      }

      at Object.log [as handleSubmit] (src/hooks/useRegistrationForm.ts:317:15)

    console.log
      [2026-02-08T19:37:14.309Z] ❌ API call failed: { status: 409, message: 'Email already exists' }

      at Object.log [as handleSubmit] (src/hooks/useRegistrationForm.ts:343:15)

    console.log
      [2026-02-08T19:37:14.309Z] ========== FORM SUBMISSION ENDED ==========

      at Object.log [as handleSubmit] (src/hooks/useRegistrationForm.ts:376:15)

    console.log
      ✅ preventDefault() called FIRST (stopPropagation also called if available)

      at Object.log [as handleSubmit] (src/hooks/useRegistrationForm.ts:277:13)

    console.log
      [2026-02-08T19:37:14.316Z] ========== FORM SUBMISSION STARTED ==========

      at Object.log [as handleSubmit] (src/hooks/useRegistrationForm.ts:280:13)

    console.log
      [2026-02-08T19:37:14.316Z] Event defaultPrevented: undefined

      at Object.log [as handleSubmit] (src/hooks/useRegistrationForm.ts:281:13)

    console.log
      [2026-02-08T19:37:14.316Z] Event type: undefined

      at Object.log [as handleSubmit] (src/hooks/useRegistrationForm.ts:282:13)

    console.log
      [2026-02-08T19:37:14.316Z] Event target: undefined

      at Object.log [as handleSubmit] (src/hooks/useRegistrationForm.ts:283:13)

    console.log
      [2026-02-08T19:37:14.316Z] Form data: {
        "fullName": "John Doe",
        "email": "test@example.com",
        "password": "Password123!",
        "confirmPassword": "Password123!"
      }

      at Object.log [as handleSubmit] (src/hooks/useRegistrationForm.ts:284:13)

    console.log
      [2026-02-08T19:37:14.316Z] Current errors: {}

      at Object.log [as handleSubmit] (src/hooks/useRegistrationForm.ts:285:13)

    console.log
      [2026-02-08T19:37:14.316Z] Is rate limited: false

      at Object.log [as handleSubmit] (src/hooks/useRegistrationForm.ts:286:13)

    console.log
      [2026-02-08T19:37:14.316Z] Validation result: true

      at Object.log [as handleSubmit] (src/hooks/useRegistrationForm.ts:296:13)

    console.log
      [2026-02-08T19:37:14.316Z] ✅ Validation passed, proceeding with API call

      at Object.log [as handleSubmit] (src/hooks/useRegistrationForm.ts:303:13)

    console.log
      [2026-02-08T19:37:14.316Z] 📡 Calling API client register method

      at Object.log [as handleSubmit] (src/hooks/useRegistrationForm.ts:316:15)

    console.log
      [2026-02-08T19:37:14.316Z] API payload: {
        email: 'test@example.com',
        name: 'John Doe',
        password: '***REDACTED***'
      }

      at Object.log [as handleSubmit] (src/hooks/useRegistrationForm.ts:317:15)

    console.log
      [2026-02-08T19:37:14.316Z] ❌ API call failed: { status: 409, message: 'Email already exists' }

      at Object.log [as handleSubmit] (src/hooks/useRegistrationForm.ts:343:15)

    console.log
      [2026-02-08T19:37:14.316Z] ========== FORM SUBMISSION ENDED ==========

      at Object.log [as handleSubmit] (src/hooks/useRegistrationForm.ts:376:15)

    console.log
      ✅ preventDefault() called FIRST (stopPropagation also called if available)

      at Object.log [as handleSubmit] (src/hooks/useRegistrationForm.ts:277:13)

    console.log
      [2026-02-08T19:37:14.329Z] ========== FORM SUBMISSION STARTED ==========

      at Object.log [as handleSubmit] (src/hooks/useRegistrationForm.ts:280:13)

    console.log
      [2026-02-08T19:37:14.329Z] Event defaultPrevented: undefined

      at Object.log [as handleSubmit] (src/hooks/useRegistrationForm.ts:281:13)

    console.log
      [2026-02-08T19:37:14.329Z] Event type: undefined

      at Object.log [as handleSubmit] (src/hooks/useRegistrationForm.ts:282:13)

    console.log
      [2026-02-08T19:37:14.329Z] Event target: undefined

      at Object.log [as handleSubmit] (src/hooks/useRegistrationForm.ts:283:13)

    console.log
      [2026-02-08T19:37:14.329Z] Form data: {
        "fullName": "John Doe",
        "email": "test@example.com",
        "password": "Password123!",
        "confirmPassword": "Password123!"
      }

      at Object.log [as handleSubmit] (src/hooks/useRegistrationForm.ts:284:13)

    console.log
      [2026-02-08T19:37:14.329Z] Current errors: {}

      at Object.log [as handleSubmit] (src/hooks/useRegistrationForm.ts:285:13)

    console.log
      [2026-02-08T19:37:14.329Z] Is rate limited: false

      at Object.log [as handleSubmit] (src/hooks/useRegistrationForm.ts:286:13)

    console.log
      [2026-02-08T19:37:14.329Z] Validation result: true

      at Object.log [as handleSubmit] (src/hooks/useRegistrationForm.ts:296:13)

    console.log
      [2026-02-08T19:37:14.329Z] ✅ Validation passed, proceeding with API call

      at Object.log [as handleSubmit] (src/hooks/useRegistrationForm.ts:303:13)

    console.log
      [2026-02-08T19:37:14.329Z] 📡 Calling API client register method

      at Object.log [as handleSubmit] (src/hooks/useRegistrationForm.ts:316:15)

    console.log
      [2026-02-08T19:37:14.329Z] API payload: {
        email: 'test@example.com',
        name: 'John Doe',
        password: '***REDACTED***'
      }

      at Object.log [as handleSubmit] (src/hooks/useRegistrationForm.ts:317:15)

    console.log
      [2026-02-08T19:37:14.329Z] ❌ API call failed: { status: 409, message: 'Email already exists' }

      at Object.log [as handleSubmit] (src/hooks/useRegistrationForm.ts:343:15)

    console.log
      [2026-02-08T19:37:14.329Z] ========== FORM SUBMISSION ENDED ==========

      at Object.log [as handleSubmit] (src/hooks/useRegistrationForm.ts:376:15)

    console.log
      ✅ preventDefault() called FIRST (stopPropagation also called if available)

      at Object.log [as handleSubmit] (src/hooks/useRegistrationForm.ts:277:13)

    console.log
      [2026-02-08T19:37:14.333Z] ========== FORM SUBMISSION STARTED ==========

      at Object.log [as handleSubmit] (src/hooks/useRegistrationForm.ts:280:13)

    console.log
      [2026-02-08T19:37:14.333Z] Event defaultPrevented: undefined

      at Object.log [as handleSubmit] (src/hooks/useRegistrationForm.ts:281:13)

    console.log
      [2026-02-08T19:37:14.333Z] Event type: undefined

      at Object.log [as handleSubmit] (src/hooks/useRegistrationForm.ts:282:13)

    console.log
      [2026-02-08T19:37:14.333Z] Event target: undefined

      at Object.log [as handleSubmit] (src/hooks/useRegistrationForm.ts:283:13)

    console.log
      [2026-02-08T19:37:14.333Z] Form data: {
        "fullName": "John Doe",
        "email": "test@example.com",
        "password": "Password123!",
        "confirmPassword": "Password123!"
      }

      at Object.log [as handleSubmit] (src/hooks/useRegistrationForm.ts:284:13)

    console.log
      [2026-02-08T19:37:14.333Z] Current errors: {}

      at Object.log [as handleSubmit] (src/hooks/useRegistrationForm.ts:285:13)

    console.log
      [2026-02-08T19:37:14.333Z] Is rate limited: false

      at Object.log [as handleSubmit] (src/hooks/useRegistrationForm.ts:286:13)

    console.log
      [2026-02-08T19:37:14.333Z] Validation result: true

      at Object.log [as handleSubmit] (src/hooks/useRegistrationForm.ts:296:13)

    console.log
      [2026-02-08T19:37:14.333Z] ✅ Validation passed, proceeding with API call

      at Object.log [as handleSubmit] (src/hooks/useRegistrationForm.ts:303:13)

    console.log
      [2026-02-08T19:37:14.333Z] 📡 Calling API client register method

      at Object.log [as handleSubmit] (src/hooks/useRegistrationForm.ts:316:15)

    console.log
      [2026-02-08T19:37:14.333Z] API payload: {
        email: 'test@example.com',
        name: 'John Doe',
        password: '***REDACTED***'
      }

      at Object.log [as handleSubmit] (src/hooks/useRegistrationForm.ts:317:15)

    console.log
      [2026-02-08T19:37:14.333Z] ✅ API call successful

      at Object.log [as handleSubmit] (src/hooks/useRegistrationForm.ts:330:15)

    console.log
      [2026-02-08T19:37:14.333Z] ========== FORM SUBMISSION ENDED ==========

      at Object.log [as handleSubmit] (src/hooks/useRegistrationForm.ts:376:15)

    console.log
      ✅ preventDefault() called FIRST (stopPropagation also called if available)

      at Object.log [as handleSubmit] (src/hooks/useRegistrationForm.ts:277:13)

    console.log
      [2026-02-08T19:37:14.340Z] ========== FORM SUBMISSION STARTED ==========

      at Object.log [as handleSubmit] (src/hooks/useRegistrationForm.ts:280:13)

    console.log
      [2026-02-08T19:37:14.340Z] Event defaultPrevented: undefined

      at Object.log [as handleSubmit] (src/hooks/useRegistrationForm.ts:281:13)

    console.log
      [2026-02-08T19:37:14.340Z] Event type: undefined

      at Object.log [as handleSubmit] (src/hooks/useRegistrationForm.ts:282:13)

    console.log
      [2026-02-08T19:37:14.340Z] Event target: undefined

      at Object.log [as handleSubmit] (src/hooks/useRegistrationForm.ts:283:13)

    console.log
      [2026-02-08T19:37:14.340Z] Form data: {
        "fullName": "John Doe",
        "email": "test@example.com",
        "password": "Password123!",
        "confirmPassword": "Password123!"
      }

      at Object.log [as handleSubmit] (src/hooks/useRegistrationForm.ts:284:13)

    console.log
      [2026-02-08T19:37:14.340Z] Current errors: {}

      at Object.log [as handleSubmit] (src/hooks/useRegistrationForm.ts:285:13)

    console.log
      [2026-02-08T19:37:14.340Z] Is rate limited: false

      at Object.log [as handleSubmit] (src/hooks/useRegistrationForm.ts:286:13)

    console.log
      [2026-02-08T19:37:14.340Z] Validation result: true

      at Object.log [as handleSubmit] (src/hooks/useRegistrationForm.ts:296:13)

    console.log
      [2026-02-08T19:37:14.340Z] ✅ Validation passed, proceeding with API call

      at Object.log [as handleSubmit] (src/hooks/useRegistrationForm.ts:303:13)

    console.log
      [2026-02-08T19:37:14.340Z] 📡 Calling API client register method

      at Object.log [as handleSubmit] (src/hooks/useRegistrationForm.ts:316:15)

    console.log
      [2026-02-08T19:37:14.340Z] API payload: {
        email: 'test@example.com',
        name: 'John Doe',
        password: '***REDACTED***'
      }

      at Object.log [as handleSubmit] (src/hooks/useRegistrationForm.ts:317:15)

    console.log
      [2026-02-08T19:37:14.340Z] ❌ API call failed: { status: 409, message: 'Email already exists' }

      at Object.log [as handleSubmit] (src/hooks/useRegistrationForm.ts:343:15)

    console.log
      [2026-02-08T19:37:14.340Z] ========== FORM SUBMISSION ENDED ==========

      at Object.log [as handleSubmit] (src/hooks/useRegistrationForm.ts:376:15)

    console.log
      ✅ preventDefault() called FIRST (stopPropagation also called if available)

      at Object.log [as handleSubmit] (src/hooks/useRegistrationForm.ts:277:13)

    console.log
      [2026-02-08T19:37:14.349Z] ========== FORM SUBMISSION STARTED ==========

      at Object.log [as handleSubmit] (src/hooks/useRegistrationForm.ts:280:13)

    console.log
      [2026-02-08T19:37:14.349Z] Event defaultPrevented: undefined

      at Object.log [as handleSubmit] (src/hooks/useRegistrationForm.ts:281:13)

    console.log
      [2026-02-08T19:37:14.349Z] Event type: undefined

      at Object.log [as handleSubmit] (src/hooks/useRegistrationForm.ts:282:13)

    console.log
      [2026-02-08T19:37:14.349Z] Event target: undefined

      at Object.log [as handleSubmit] (src/hooks/useRegistrationForm.ts:283:13)

    console.log
      [2026-02-08T19:37:14.349Z] Form data: {
        "fullName": "John Doe",
        "email": "test@example.com",
        "password": "Password123!",
        "confirmPassword": "Password123!"
      }

      at Object.log [as handleSubmit] (src/hooks/useRegistrationForm.ts:284:13)

    console.log
      [2026-02-08T19:37:14.349Z] Current errors: {}

      at Object.log [as handleSubmit] (src/hooks/useRegistrationForm.ts:285:13)

    console.log
      [2026-02-08T19:37:14.349Z] Is rate limited: false

      at Object.log [as handleSubmit] (src/hooks/useRegistrationForm.ts:286:13)

    console.log
      [2026-02-08T19:37:14.349Z] Validation result: true

      at Object.log [as handleSubmit] (src/hooks/useRegistrationForm.ts:296:13)

    console.log
      [2026-02-08T19:37:14.349Z] ✅ Validation passed, proceeding with API call

      at Object.log [as handleSubmit] (src/hooks/useRegistrationForm.ts:303:13)

    console.log
      [2026-02-08T19:37:14.349Z] 📡 Calling API client register method

      at Object.log [as handleSubmit] (src/hooks/useRegistrationForm.ts:316:15)

    console.log
      [2026-02-08T19:37:14.349Z] API payload: {
        email: 'test@example.com',
        name: 'John Doe',
        password: '***REDACTED***'
      }

      at Object.log [as handleSubmit] (src/hooks/useRegistrationForm.ts:317:15)

    console.log
      [2026-02-08T19:37:14.349Z] ❌ API call failed: { status: 409, message: 'Email already exists' }

      at Object.log [as handleSubmit] (src/hooks/useRegistrationForm.ts:343:15)

    console.log
      [2026-02-08T19:37:14.349Z] ========== FORM SUBMISSION ENDED ==========

      at Object.log [as handleSubmit] (src/hooks/useRegistrationForm.ts:376:15)

    console.log
      ✅ preventDefault() called FIRST (stopPropagation also called if available)

      at Object.log [as handleSubmit] (src/hooks/useRegistrationForm.ts:277:13)

    console.log
      [2026-02-08T19:37:14.367Z] ========== FORM SUBMISSION STARTED ==========

      at Object.log [as handleSubmit] (src/hooks/useRegistrationForm.ts:280:13)

    console.log
      [2026-02-08T19:37:14.367Z] Event defaultPrevented: undefined

      at Object.log [as handleSubmit] (src/hooks/useRegistrationForm.ts:281:13)

    console.log
      [2026-02-08T19:37:14.367Z] Event type: undefined

      at Object.log [as handleSubmit] (src/hooks/useRegistrationForm.ts:282:13)

    console.log
      [2026-02-08T19:37:14.367Z] Event target: undefined

      at Object.log [as handleSubmit] (src/hooks/useRegistrationForm.ts:283:13)

    console.log
      [2026-02-08T19:37:14.367Z] Form data: {
        "fullName": "John Doe",
        "email": "test@example.com",
        "password": "Password123!",
        "confirmPassword": "Password123!"
      }

      at Object.log [as handleSubmit] (src/hooks/useRegistrationForm.ts:284:13)

    console.log
      [2026-02-08T19:37:14.367Z] Current errors: {}

      at Object.log [as handleSubmit] (src/hooks/useRegistrationForm.ts:285:13)

    console.log
      [2026-02-08T19:37:14.367Z] Is rate limited: false

      at Object.log [as handleSubmit] (src/hooks/useRegistrationForm.ts:286:13)

    console.log
      [2026-02-08T19:37:14.367Z] Validation result: true

      at Object.log [as handleSubmit] (src/hooks/useRegistrationForm.ts:296:13)

    console.log
      [2026-02-08T19:37:14.367Z] ✅ Validation passed, proceeding with API call

      at Object.log [as handleSubmit] (src/hooks/useRegistrationForm.ts:303:13)

    console.log
      [2026-02-08T19:37:14.367Z] 📡 Calling API client register method

      at Object.log [as handleSubmit] (src/hooks/useRegistrationForm.ts:316:15)

    console.log
      [2026-02-08T19:37:14.367Z] API payload: {
        email: 'test@example.com',
        name: 'John Doe',
        password: '***REDACTED***'
      }

      at Object.log [as handleSubmit] (src/hooks/useRegistrationForm.ts:317:15)

    console.log
      [2026-02-08T19:37:14.367Z] ❌ API call failed: { status: 409, message: 'Email already exists' }

      at Object.log [as handleSubmit] (src/hooks/useRegistrationForm.ts:343:15)

    console.log
      [2026-02-08T19:37:14.367Z] ========== FORM SUBMISSION ENDED ==========

      at Object.log [as handleSubmit] (src/hooks/useRegistrationForm.ts:376:15)

    console.log
      ✅ preventDefault() called FIRST (stopPropagation also called if available)

      at Object.log [as handleSubmit] (src/hooks/useRegistrationForm.ts:277:13)

    console.log
      [2026-02-08T19:37:14.381Z] ========== FORM SUBMISSION STARTED ==========

      at Object.log [as handleSubmit] (src/hooks/useRegistrationForm.ts:280:13)

    console.log
      [2026-02-08T19:37:14.381Z] Event defaultPrevented: undefined

      at Object.log [as handleSubmit] (src/hooks/useRegistrationForm.ts:281:13)

    console.log
      [2026-02-08T19:37:14.381Z] Event type: undefined

      at Object.log [as handleSubmit] (src/hooks/useRegistrationForm.ts:282:13)

    console.log
      [2026-02-08T19:37:14.381Z] Event target: undefined

      at Object.log [as handleSubmit] (src/hooks/useRegistrationForm.ts:283:13)

    console.log
      [2026-02-08T19:37:14.381Z] Form data: {
        "fullName": "John Doe",
        "email": "test@example.com",
        "password": "Password123!",
        "confirmPassword": "Password123!"
      }

      at Object.log [as handleSubmit] (src/hooks/useRegistrationForm.ts:284:13)

    console.log
      [2026-02-08T19:37:14.381Z] Current errors: {}

      at Object.log [as handleSubmit] (src/hooks/useRegistrationForm.ts:285:13)

    console.log
      [2026-02-08T19:37:14.381Z] Is rate limited: false

      at Object.log [as handleSubmit] (src/hooks/useRegistrationForm.ts:286:13)

    console.log
      [2026-02-08T19:37:14.381Z] Validation result: true

      at Object.log [as handleSubmit] (src/hooks/useRegistrationForm.ts:296:13)

    console.log
      [2026-02-08T19:37:14.381Z] ✅ Validation passed, proceeding with API call

      at Object.log [as handleSubmit] (src/hooks/useRegistrationForm.ts:303:13)

    console.log
      [2026-02-08T19:37:14.381Z] 📡 Calling API client register method

      at Object.log [as handleSubmit] (src/hooks/useRegistrationForm.ts:316:15)

    console.log
      [2026-02-08T19:37:14.381Z] API payload: {
        email: 'test@example.com',
        name: 'John Doe',
        password: '***REDACTED***'
      }

      at Object.log [as handleSubmit] (src/hooks/useRegistrationForm.ts:317:15)

    console.log
      [2026-02-08T19:37:14.381Z] ✅ API call successful

      at Object.log [as handleSubmit] (src/hooks/useRegistrationForm.ts:330:15)

    console.log
      [2026-02-08T19:37:14.381Z] ========== FORM SUBMISSION ENDED ==========

      at Object.log [as handleSubmit] (src/hooks/useRegistrationForm.ts:376:15)

    console.log
      ✅ preventDefault() called FIRST (stopPropagation also called if available)

      at Object.log [as handleSubmit] (src/hooks/useRegistrationForm.ts:277:13)

    console.log
      [2026-02-08T19:37:14.387Z] ========== FORM SUBMISSION STARTED ==========

      at Object.log [as handleSubmit] (src/hooks/useRegistrationForm.ts:280:13)

    console.log
      [2026-02-08T19:37:14.387Z] Event defaultPrevented: undefined

      at Object.log [as handleSubmit] (src/hooks/useRegistrationForm.ts:281:13)

    console.log
      [2026-02-08T19:37:14.387Z] Event type: undefined

      at Object.log [as handleSubmit] (src/hooks/useRegistrationForm.ts:282:13)

    console.log
      [2026-02-08T19:37:14.387Z] Event target: undefined

      at Object.log [as handleSubmit] (src/hooks/useRegistrationForm.ts:283:13)

    console.log
      [2026-02-08T19:37:14.387Z] Form data: {
        "fullName": "John Doe",
        "email": "test@example.com",
        "password": "Password123!",
        "confirmPassword": "Password123!"
      }

      at Object.log [as handleSubmit] (src/hooks/useRegistrationForm.ts:284:13)

    console.log
      [2026-02-08T19:37:14.387Z] Current errors: {}

      at Object.log [as handleSubmit] (src/hooks/useRegistrationForm.ts:285:13)

    console.log
      [2026-02-08T19:37:14.387Z] Is rate limited: false

      at Object.log [as handleSubmit] (src/hooks/useRegistrationForm.ts:286:13)

    console.log
      [2026-02-08T19:37:14.387Z] Validation result: true

      at Object.log [as handleSubmit] (src/hooks/useRegistrationForm.ts:296:13)

    console.log
      [2026-02-08T19:37:14.387Z] ✅ Validation passed, proceeding with API call

      at Object.log [as handleSubmit] (src/hooks/useRegistrationForm.ts:303:13)

    console.log
      [2026-02-08T19:37:14.387Z] 📡 Calling API client register method

      at Object.log [as handleSubmit] (src/hooks/useRegistrationForm.ts:316:15)

    console.log
      [2026-02-08T19:37:14.387Z] API payload: {
        email: 'test@example.com',
        name: 'John Doe',
        password: '***REDACTED***'
      }

      at Object.log [as handleSubmit] (src/hooks/useRegistrationForm.ts:317:15)

    console.log
      [2026-02-08T19:37:14.387Z] ✅ API call successful

      at Object.log [as handleSubmit] (src/hooks/useRegistrationForm.ts:330:15)

    console.log
      [2026-02-08T19:37:14.387Z] ========== FORM SUBMISSION ENDED ==========

      at Object.log [as handleSubmit] (src/hooks/useRegistrationForm.ts:376:15)

    console.log
      ✅ preventDefault() called FIRST (stopPropagation also called if available)

      at Object.log [as handleSubmit] (src/hooks/useRegistrationForm.ts:277:13)

    console.log
      [2026-02-08T19:37:14.389Z] ========== FORM SUBMISSION STARTED ==========

      at Object.log [as handleSubmit] (src/hooks/useRegistrationForm.ts:280:13)

    console.log
      [2026-02-08T19:37:14.389Z] Event defaultPrevented: undefined

      at Object.log [as handleSubmit] (src/hooks/useRegistrationForm.ts:281:13)

    console.log
      [2026-02-08T19:37:14.389Z] Event type: undefined

      at Object.log [as handleSubmit] (src/hooks/useRegistrationForm.ts:282:13)

    console.log
      [2026-02-08T19:37:14.389Z] Event target: undefined

      at Object.log [as handleSubmit] (src/hooks/useRegistrationForm.ts:283:13)

    console.log
      [2026-02-08T19:37:14.389Z] Form data: {
        "fullName": "John Doe",
        "email": "test@example.com",
        "password": "Password123!",
        "confirmPassword": "Password123!"
      }

      at Object.log [as handleSubmit] (src/hooks/useRegistrationForm.ts:284:13)

    console.log
      [2026-02-08T19:37:14.389Z] Current errors: {}

      at Object.log [as handleSubmit] (src/hooks/useRegistrationForm.ts:285:13)

    console.log
      [2026-02-08T19:37:14.389Z] Is rate limited: true

      at Object.log [as handleSubmit] (src/hooks/useRegistrationForm.ts:286:13)

    console.log
      [2026-02-08T19:37:14.389Z] ❌ Form submission blocked: rate limit active

      at Object.log [as handleSubmit] (src/hooks/useRegistrationForm.ts:290:15)

    console.log
      ✅ preventDefault() called FIRST (stopPropagation also called if available)

      at Object.log [as handleSubmit] (src/hooks/useRegistrationForm.ts:277:13)

    console.log
      [2026-02-08T19:37:14.393Z] ========== FORM SUBMISSION STARTED ==========

      at Object.log [as handleSubmit] (src/hooks/useRegistrationForm.ts:280:13)

    console.log
      [2026-02-08T19:37:14.393Z] Event defaultPrevented: undefined

      at Object.log [as handleSubmit] (src/hooks/useRegistrationForm.ts:281:13)

    console.log
      [2026-02-08T19:37:14.393Z] Event type: undefined

      at Object.log [as handleSubmit] (src/hooks/useRegistrationForm.ts:282:13)

    console.log
      [2026-02-08T19:37:14.393Z] Event target: undefined

      at Object.log [as handleSubmit] (src/hooks/useRegistrationForm.ts:283:13)

    console.log
      [2026-02-08T19:37:14.393Z] Form data: {
        "fullName": "John Doe",
        "email": "test@example.com",
        "password": "Password123!",
        "confirmPassword": "Password123!"
      }

      at Object.log [as handleSubmit] (src/hooks/useRegistrationForm.ts:284:13)

    console.log
      [2026-02-08T19:37:14.393Z] Current errors: {}

      at Object.log [as handleSubmit] (src/hooks/useRegistrationForm.ts:285:13)

    console.log
      [2026-02-08T19:37:14.393Z] Is rate limited: true

      at Object.log [as handleSubmit] (src/hooks/useRegistrationForm.ts:286:13)

    console.log
      [2026-02-08T19:37:14.393Z] ❌ Form submission blocked: rate limit active

      at Object.log [as handleSubmit] (src/hooks/useRegistrationForm.ts:290:15)

    console.log
      ✅ preventDefault() called FIRST (stopPropagation also called if available)

      at Object.log [as handleSubmit] (src/hooks/useRegistrationForm.ts:277:13)

    console.log
      [2026-02-08T19:37:14.400Z] ========== FORM SUBMISSION STARTED ==========

      at Object.log [as handleSubmit] (src/hooks/useRegistrationForm.ts:280:13)

    console.log
      [2026-02-08T19:37:14.400Z] Event defaultPrevented: undefined

      at Object.log [as handleSubmit] (src/hooks/useRegistrationForm.ts:281:13)

    console.log
      [2026-02-08T19:37:14.400Z] Event type: undefined

      at Object.log [as handleSubmit] (src/hooks/useRegistrationForm.ts:282:13)

    console.log
      [2026-02-08T19:37:14.400Z] Event target: undefined

      at Object.log [as handleSubmit] (src/hooks/useRegistrationForm.ts:283:13)

    console.log
      [2026-02-08T19:37:14.400Z] Form data: {
        "fullName": "John Doe",
        "email": "test@example.com",
        "password": "Password123!",
        "confirmPassword": "Password123!"
      }

      at Object.log [as handleSubmit] (src/hooks/useRegistrationForm.ts:284:13)

    console.log
      [2026-02-08T19:37:14.400Z] Current errors: {}

      at Object.log [as handleSubmit] (src/hooks/useRegistrationForm.ts:285:13)

    console.log
      [2026-02-08T19:37:14.400Z] Is rate limited: false

      at Object.log [as handleSubmit] (src/hooks/useRegistrationForm.ts:286:13)

    console.log
      [2026-02-08T19:37:14.400Z] Validation result: true

      at Object.log [as handleSubmit] (src/hooks/useRegistrationForm.ts:296:13)

    console.log
      [2026-02-08T19:37:14.400Z] ✅ Validation passed, proceeding with API call

      at Object.log [as handleSubmit] (src/hooks/useRegistrationForm.ts:303:13)

    console.log
      [2026-02-08T19:37:14.400Z] 📡 Calling API client register method

      at Object.log [as handleSubmit] (src/hooks/useRegistrationForm.ts:316:15)

    console.log
      [2026-02-08T19:37:14.400Z] API payload: {
        email: 'test@example.com',
        name: 'John Doe',
        password: '***REDACTED***'
      }

      at Object.log [as handleSubmit] (src/hooks/useRegistrationForm.ts:317:15)

    console.log
      [2026-02-08T19:37:14.400Z] ✅ API call successful

      at Object.log [as handleSubmit] (src/hooks/useRegistrationForm.ts:330:15)

    console.log
      [2026-02-08T19:37:14.400Z] ========== FORM SUBMISSION ENDED ==========

      at Object.log [as handleSubmit] (src/hooks/useRegistrationForm.ts:376:15)

    console.log
      ✅ preventDefault() called FIRST (stopPropagation also called if available)

      at Object.log [as handleSubmit] (src/hooks/useRegistrationForm.ts:277:13)

    console.log
      [2026-02-08T19:37:14.406Z] ========== FORM SUBMISSION STARTED ==========

      at Object.log [as handleSubmit] (src/hooks/useRegistrationForm.ts:280:13)

    console.log
      [2026-02-08T19:37:14.406Z] Event defaultPrevented: undefined

      at Object.log [as handleSubmit] (src/hooks/useRegistrationForm.ts:281:13)

    console.log
      [2026-02-08T19:37:14.406Z] Event type: undefined

      at Object.log [as handleSubmit] (src/hooks/useRegistrationForm.ts:282:13)

    console.log
      [2026-02-08T19:37:14.406Z] Event target: undefined

      at Object.log [as handleSubmit] (src/hooks/useRegistrationForm.ts:283:13)

    console.log
      [2026-02-08T19:37:14.406Z] Form data: {
        "fullName": "John Doe",
        "email": "test@example.com",
        "password": "Password123!",
        "confirmPassword": "Password123!"
      }

      at Object.log [as handleSubmit] (src/hooks/useRegistrationForm.ts:284:13)

    console.log
      [2026-02-08T19:37:14.406Z] Current errors: {}

      at Object.log [as handleSubmit] (src/hooks/useRegistrationForm.ts:285:13)

    console.log
      [2026-02-08T19:37:14.406Z] Is rate limited: false

      at Object.log [as handleSubmit] (src/hooks/useRegistrationForm.ts:286:13)

    console.log
      [2026-02-08T19:37:14.406Z] Validation result: true

      at Object.log [as handleSubmit] (src/hooks/useRegistrationForm.ts:296:13)

    console.log
      [2026-02-08T19:37:14.406Z] ✅ Validation passed, proceeding with API call

      at Object.log [as handleSubmit] (src/hooks/useRegistrationForm.ts:303:13)

    console.log
      [2026-02-08T19:37:14.406Z] 📡 Calling API client register method

      at Object.log [as handleSubmit] (src/hooks/useRegistrationForm.ts:316:15)

    console.log
      [2026-02-08T19:37:14.406Z] API payload: {
        email: 'test@example.com',
        name: 'John Doe',
        password: '***REDACTED***'
      }

      at Object.log [as handleSubmit] (src/hooks/useRegistrationForm.ts:317:15)

    console.log
      [2026-02-08T19:37:14.406Z] ❌ API call failed: { status: 409, message: 'Email already exists' }

      at Object.log [as handleSubmit] (src/hooks/useRegistrationForm.ts:343:15)

    console.log
      [2026-02-08T19:37:14.406Z] ========== FORM SUBMISSION ENDED ==========

      at Object.log [as handleSubmit] (src/hooks/useRegistrationForm.ts:376:15)

    console.log
      ✅ preventDefault() called FIRST (stopPropagation also called if available)

      at Object.log [as handleSubmit] (src/hooks/useRegistrationForm.ts:277:13)

    console.log
      [2026-02-08T19:37:14.411Z] ========== FORM SUBMISSION STARTED ==========

      at Object.log [as handleSubmit] (src/hooks/useRegistrationForm.ts:280:13)

    console.log
      [2026-02-08T19:37:14.411Z] Event defaultPrevented: undefined

      at Object.log [as handleSubmit] (src/hooks/useRegistrationForm.ts:281:13)

    console.log
      [2026-02-08T19:37:14.411Z] Event type: undefined

      at Object.log [as handleSubmit] (src/hooks/useRegistrationForm.ts:282:13)

    console.log
      [2026-02-08T19:37:14.411Z] Event target: undefined

      at Object.log [as handleSubmit] (src/hooks/useRegistrationForm.ts:283:13)

    console.log
      [2026-02-08T19:37:14.411Z] Form data: {
        "fullName": "John Doe",
        "email": "test@example.com",
        "password": "Password123!",
        "confirmPassword": "Password123!"
      }

      at Object.log [as handleSubmit] (src/hooks/useRegistrationForm.ts:284:13)

    console.log
      [2026-02-08T19:37:14.411Z] Current errors: {}

      at Object.log [as handleSubmit] (src/hooks/useRegistrationForm.ts:285:13)

    console.log
      [2026-02-08T19:37:14.411Z] Is rate limited: false

      at Object.log [as handleSubmit] (src/hooks/useRegistrationForm.ts:286:13)

    console.log
      [2026-02-08T19:37:14.411Z] Validation result: true

      at Object.log [as handleSubmit] (src/hooks/useRegistrationForm.ts:296:13)

    console.log
      [2026-02-08T19:37:14.411Z] ✅ Validation passed, proceeding with API call

      at Object.log [as handleSubmit] (src/hooks/useRegistrationForm.ts:303:13)

    console.log
      [2026-02-08T19:37:14.411Z] 📡 Calling API client register method

      at Object.log [as handleSubmit] (src/hooks/useRegistrationForm.ts:316:15)

    console.log
      [2026-02-08T19:37:14.411Z] API payload: {
        email: 'test@example.com',
        name: 'John Doe',
        password: '***REDACTED***'
      }

      at Object.log [as handleSubmit] (src/hooks/useRegistrationForm.ts:317:15)

    console.log
      [2026-02-08T19:37:14.411Z] ❌ API call failed: { status: 409, message: 'Email already exists' }

      at Object.log [as handleSubmit] (src/hooks/useRegistrationForm.ts:343:15)

    console.log
      [2026-02-08T19:37:14.411Z] ========== FORM SUBMISSION ENDED ==========

      at Object.log [as handleSubmit] (src/hooks/useRegistrationForm.ts:376:15)

    console.log
      ✅ preventDefault() called FIRST (stopPropagation also called if available)

      at Object.log [as handleSubmit] (src/hooks/useRegistrationForm.ts:277:13)

    console.log
      [2026-02-08T19:37:14.415Z] ========== FORM SUBMISSION STARTED ==========

      at Object.log [as handleSubmit] (src/hooks/useRegistrationForm.ts:280:13)

    console.log
      [2026-02-08T19:37:14.415Z] Event defaultPrevented: undefined

      at Object.log [as handleSubmit] (src/hooks/useRegistrationForm.ts:281:13)

    console.log
      [2026-02-08T19:37:14.415Z] Event type: undefined

      at Object.log [as handleSubmit] (src/hooks/useRegistrationForm.ts:282:13)

    console.log
      [2026-02-08T19:37:14.415Z] Event target: undefined

      at Object.log [as handleSubmit] (src/hooks/useRegistrationForm.ts:283:13)

    console.log
      [2026-02-08T19:37:14.415Z] Form data: {
        "fullName": "John Doe",
        "email": "test@example.com",
        "password": "Password123!",
        "confirmPassword": "Password123!"
      }

      at Object.log [as handleSubmit] (src/hooks/useRegistrationForm.ts:284:13)

    console.log
      [2026-02-08T19:37:14.415Z] Current errors: {}

      at Object.log [as handleSubmit] (src/hooks/useRegistrationForm.ts:285:13)

    console.log
      [2026-02-08T19:37:14.415Z] Is rate limited: false

      at Object.log [as handleSubmit] (src/hooks/useRegistrationForm.ts:286:13)

    console.log
      [2026-02-08T19:37:14.415Z] Validation result: true

      at Object.log [as handleSubmit] (src/hooks/useRegistrationForm.ts:296:13)

    console.log
      [2026-02-08T19:37:14.415Z] ✅ Validation passed, proceeding with API call

      at Object.log [as handleSubmit] (src/hooks/useRegistrationForm.ts:303:13)

    console.log
      [2026-02-08T19:37:14.415Z] 📡 Calling API client register method

      at Object.log [as handleSubmit] (src/hooks/useRegistrationForm.ts:316:15)

    console.log
      [2026-02-08T19:37:14.415Z] API payload: {
        email: 'test@example.com',
        name: 'John Doe',
        password: '***REDACTED***'
      }

      at Object.log [as handleSubmit] (src/hooks/useRegistrationForm.ts:317:15)

    console.log
      [2026-02-08T19:37:14.415Z] ❌ API call failed: { status: 409, message: 'Email already exists' }

      at Object.log [as handleSubmit] (src/hooks/useRegistrationForm.ts:343:15)

    console.log
      [2026-02-08T19:37:14.415Z] ========== FORM SUBMISSION ENDED ==========

      at Object.log [as handleSubmit] (src/hooks/useRegistrationForm.ts:376:15)

    console.log
      ✅ preventDefault() called FIRST (stopPropagation also called if available)

      at Object.log [as handleSubmit] (src/hooks/useRegistrationForm.ts:277:13)

    console.log
      [2026-02-08T19:37:14.420Z] ========== FORM SUBMISSION STARTED ==========

      at Object.log [as handleSubmit] (src/hooks/useRegistrationForm.ts:280:13)

    console.log
      [2026-02-08T19:37:14.420Z] Event defaultPrevented: undefined

      at Object.log [as handleSubmit] (src/hooks/useRegistrationForm.ts:281:13)

    console.log
      [2026-02-08T19:37:14.420Z] Event type: undefined

      at Object.log [as handleSubmit] (src/hooks/useRegistrationForm.ts:282:13)

    console.log
      [2026-02-08T19:37:14.420Z] Event target: undefined

      at Object.log [as handleSubmit] (src/hooks/useRegistrationForm.ts:283:13)

    console.log
      [2026-02-08T19:37:14.420Z] Form data: {
        "fullName": "John Doe",
        "email": "test@example.com",
        "password": "Password123!",
        "confirmPassword": "Password123!"
      }

      at Object.log [as handleSubmit] (src/hooks/useRegistrationForm.ts:284:13)

    console.log
      [2026-02-08T19:37:14.420Z] Current errors: {}

      at Object.log [as handleSubmit] (src/hooks/useRegistrationForm.ts:285:13)

    console.log
      [2026-02-08T19:37:14.420Z] Is rate limited: false

      at Object.log [as handleSubmit] (src/hooks/useRegistrationForm.ts:286:13)

    console.log
      [2026-02-08T19:37:14.420Z] Validation result: true

      at Object.log [as handleSubmit] (src/hooks/useRegistrationForm.ts:296:13)

    console.log
      [2026-02-08T19:37:14.420Z] ✅ Validation passed, proceeding with API call

      at Object.log [as handleSubmit] (src/hooks/useRegistrationForm.ts:303:13)

    console.log
      [2026-02-08T19:37:14.420Z] 📡 Calling API client register method

      at Object.log [as handleSubmit] (src/hooks/useRegistrationForm.ts:316:15)

    console.log
      [2026-02-08T19:37:14.420Z] API payload: {
        email: 'test@example.com',
        name: 'John Doe',
        password: '***REDACTED***'
      }

      at Object.log [as handleSubmit] (src/hooks/useRegistrationForm.ts:317:15)

    console.log
      [2026-02-08T19:37:14.420Z] ✅ API call successful

      at Object.log [as handleSubmit] (src/hooks/useRegistrationForm.ts:330:15)

    console.log
      [2026-02-08T19:37:14.420Z] ========== FORM SUBMISSION ENDED ==========

      at Object.log [as handleSubmit] (src/hooks/useRegistrationForm.ts:376:15)

    console.log
      ✅ preventDefault() called FIRST (stopPropagation also called if available)

      at Object.log [as handleSubmit] (src/hooks/useRegistrationForm.ts:277:13)

    console.log
      [2026-02-08T19:37:14.426Z] ========== FORM SUBMISSION STARTED ==========

      at Object.log [as handleSubmit] (src/hooks/useRegistrationForm.ts:280:13)

    console.log
      [2026-02-08T19:37:14.426Z] Event defaultPrevented: undefined

      at Object.log [as handleSubmit] (src/hooks/useRegistrationForm.ts:281:13)

    console.log
      [2026-02-08T19:37:14.426Z] Event type: undefined

      at Object.log [as handleSubmit] (src/hooks/useRegistrationForm.ts:282:13)

    console.log
      [2026-02-08T19:37:14.426Z] Event target: undefined

      at Object.log [as handleSubmit] (src/hooks/useRegistrationForm.ts:283:13)

    console.log
      [2026-02-08T19:37:14.426Z] Form data: {
        "fullName": "John Doe",
        "email": "test@example.com",
        "password": "Password123!",
        "confirmPassword": "Password123!"
      }

      at Object.log [as handleSubmit] (src/hooks/useRegistrationForm.ts:284:13)

    console.log
      [2026-02-08T19:37:14.426Z] Current errors: {}

      at Object.log [as handleSubmit] (src/hooks/useRegistrationForm.ts:285:13)

    console.log
      [2026-02-08T19:37:14.426Z] Is rate limited: false

      at Object.log [as handleSubmit] (src/hooks/useRegistrationForm.ts:286:13)

    console.log
      [2026-02-08T19:37:14.426Z] Validation result: true

      at Object.log [as handleSubmit] (src/hooks/useRegistrationForm.ts:296:13)

    console.log
      [2026-02-08T19:37:14.426Z] ✅ Validation passed, proceeding with API call

      at Object.log [as handleSubmit] (src/hooks/useRegistrationForm.ts:303:13)

    console.log
      [2026-02-08T19:37:14.426Z] 📡 Calling API client register method

      at Object.log [as handleSubmit] (src/hooks/useRegistrationForm.ts:316:15)

    console.log
      [2026-02-08T19:37:14.426Z] API payload: {
        email: 'test@example.com',
        name: 'John Doe',
        password: '***REDACTED***'
      }

      at Object.log [as handleSubmit] (src/hooks/useRegistrationForm.ts:317:15)

    console.log
      [2026-02-08T19:37:14.426Z] ✅ API call successful

      at Object.log [as handleSubmit] (src/hooks/useRegistrationForm.ts:330:15)

    console.log
      [2026-02-08T19:37:14.426Z] ========== FORM SUBMISSION ENDED ==========

      at Object.log [as handleSubmit] (src/hooks/useRegistrationForm.ts:376:15)

    console.log
      ✅ preventDefault() called FIRST (stopPropagation also called if available)

      at Object.log [as handleSubmit] (src/hooks/useRegistrationForm.ts:277:13)

    console.log
      [2026-02-08T19:37:14.429Z] ========== FORM SUBMISSION STARTED ==========

      at Object.log [as handleSubmit] (src/hooks/useRegistrationForm.ts:280:13)

    console.log
      [2026-02-08T19:37:14.429Z] Event defaultPrevented: undefined

      at Object.log [as handleSubmit] (src/hooks/useRegistrationForm.ts:281:13)

    console.log
      [2026-02-08T19:37:14.429Z] Event type: undefined

      at Object.log [as handleSubmit] (src/hooks/useRegistrationForm.ts:282:13)

    console.log
      [2026-02-08T19:37:14.429Z] Event target: undefined

      at Object.log [as handleSubmit] (src/hooks/useRegistrationForm.ts:283:13)

    console.log
      [2026-02-08T19:37:14.429Z] Form data: {
        "fullName": "John Doe",
        "email": "test@example.com",
        "password": "Password123!",
        "confirmPassword": "Password123!"
      }

      at Object.log [as handleSubmit] (src/hooks/useRegistrationForm.ts:284:13)

    console.log
      [2026-02-08T19:37:14.429Z] Current errors: {}

      at Object.log [as handleSubmit] (src/hooks/useRegistrationForm.ts:285:13)

    console.log
      [2026-02-08T19:37:14.429Z] Is rate limited: false

      at Object.log [as handleSubmit] (src/hooks/useRegistrationForm.ts:286:13)

    console.log
      [2026-02-08T19:37:14.429Z] Validation result: true

      at Object.log [as handleSubmit] (src/hooks/useRegistrationForm.ts:296:13)

    console.log
      [2026-02-08T19:37:14.429Z] ✅ Validation passed, proceeding with API call

      at Object.log [as handleSubmit] (src/hooks/useRegistrationForm.ts:303:13)

    console.log
      [2026-02-08T19:37:14.429Z] 📡 Calling API client register method

      at Object.log [as handleSubmit] (src/hooks/useRegistrationForm.ts:316:15)

    console.log
      [2026-02-08T19:37:14.429Z] API payload: {
        email: 'test@example.com',
        name: 'John Doe',
        password: '***REDACTED***'
      }

      at Object.log [as handleSubmit] (src/hooks/useRegistrationForm.ts:317:15)

    console.log
      [2026-02-08T19:37:14.429Z] ❌ API call failed: { status: 409, message: 'Email already exists' }

      at Object.log [as handleSubmit] (src/hooks/useRegistrationForm.ts:343:15)

    console.log
      [2026-02-08T19:37:14.429Z] ========== FORM SUBMISSION ENDED ==========

      at Object.log [as handleSubmit] (src/hooks/useRegistrationForm.ts:376:15)

    console.log
      ✅ preventDefault() called FIRST (stopPropagation also called if available)

      at Object.log [as handleSubmit] (src/hooks/useRegistrationForm.ts:277:13)

    console.log
      [2026-02-08T19:37:14.433Z] ========== FORM SUBMISSION STARTED ==========

      at Object.log [as handleSubmit] (src/hooks/useRegistrationForm.ts:280:13)

    console.log
      [2026-02-08T19:37:14.433Z] Event defaultPrevented: undefined

      at Object.log [as handleSubmit] (src/hooks/useRegistrationForm.ts:281:13)

    console.log
      [2026-02-08T19:37:14.433Z] Event type: undefined

      at Object.log [as handleSubmit] (src/hooks/useRegistrationForm.ts:282:13)

    console.log
      [2026-02-08T19:37:14.433Z] Event target: undefined

      at Object.log [as handleSubmit] (src/hooks/useRegistrationForm.ts:283:13)

    console.log
      [2026-02-08T19:37:14.433Z] Form data: {
        "fullName": "John Doe",
        "email": "test@example.com",
        "password": "Password123!",
        "confirmPassword": "Password123!"
      }

      at Object.log [as handleSubmit] (src/hooks/useRegistrationForm.ts:284:13)

    console.log
      [2026-02-08T19:37:14.433Z] Current errors: {}

      at Object.log [as handleSubmit] (src/hooks/useRegistrationForm.ts:285:13)

    console.log
      [2026-02-08T19:37:14.433Z] Is rate limited: false

      at Object.log [as handleSubmit] (src/hooks/useRegistrationForm.ts:286:13)

    console.log
      [2026-02-08T19:37:14.433Z] Validation result: true

      at Object.log [as handleSubmit] (src/hooks/useRegistrationForm.ts:296:13)

    console.log
      [2026-02-08T19:37:14.433Z] ✅ Validation passed, proceeding with API call

      at Object.log [as handleSubmit] (src/hooks/useRegistrationForm.ts:303:13)

    console.log
      [2026-02-08T19:37:14.433Z] 📡 Calling API client register method

      at Object.log [as handleSubmit] (src/hooks/useRegistrationForm.ts:316:15)

    console.log
      [2026-02-08T19:37:14.433Z] API payload: {
        email: 'test@example.com',
        name: 'John Doe',
        password: '***REDACTED***'
      }

      at Object.log [as handleSubmit] (src/hooks/useRegistrationForm.ts:317:15)

    console.log
      [2026-02-08T19:37:14.433Z] ❌ API call failed: { status: 409, message: 'Email already exists' }

      at Object.log [as handleSubmit] (src/hooks/useRegistrationForm.ts:343:15)

    console.log
      [2026-02-08T19:37:14.433Z] ========== FORM SUBMISSION ENDED ==========

      at Object.log [as handleSubmit] (src/hooks/useRegistrationForm.ts:376:15)

    console.log
      ✅ preventDefault() called FIRST (stopPropagation also called if available)

      at Object.log [as handleSubmit] (src/hooks/useRegistrationForm.ts:277:13)

    console.log
      [2026-02-08T19:37:14.438Z] ========== FORM SUBMISSION STARTED ==========

      at Object.log [as handleSubmit] (src/hooks/useRegistrationForm.ts:280:13)

    console.log
      [2026-02-08T19:37:14.438Z] Event defaultPrevented: undefined

      at Object.log [as handleSubmit] (src/hooks/useRegistrationForm.ts:281:13)

    console.log
      [2026-02-08T19:37:14.438Z] Event type: undefined

      at Object.log [as handleSubmit] (src/hooks/useRegistrationForm.ts:282:13)

    console.log
      [2026-02-08T19:37:14.438Z] Event target: undefined

      at Object.log [as handleSubmit] (src/hooks/useRegistrationForm.ts:283:13)

    console.log
      [2026-02-08T19:37:14.438Z] Form data: {
        "fullName": "John Doe",
        "email": "test@example.com",
        "password": "Password123!",
        "confirmPassword": "Password123!"
      }

      at Object.log [as handleSubmit] (src/hooks/useRegistrationForm.ts:284:13)

    console.log
      [2026-02-08T19:37:14.438Z] Current errors: {}

      at Object.log [as handleSubmit] (src/hooks/useRegistrationForm.ts:285:13)

    console.log
      [2026-02-08T19:37:14.438Z] Is rate limited: false

      at Object.log [as handleSubmit] (src/hooks/useRegistrationForm.ts:286:13)

    console.log
      [2026-02-08T19:37:14.438Z] Validation result: true

      at Object.log [as handleSubmit] (src/hooks/useRegistrationForm.ts:296:13)

    console.log
      [2026-02-08T19:37:14.438Z] ✅ Validation passed, proceeding with API call

      at Object.log [as handleSubmit] (src/hooks/useRegistrationForm.ts:303:13)

    console.log
      [2026-02-08T19:37:14.438Z] 📡 Calling API client register method

      at Object.log [as handleSubmit] (src/hooks/useRegistrationForm.ts:316:15)

    console.log
      [2026-02-08T19:37:14.438Z] API payload: {
        email: 'test@example.com',
        name: 'John Doe',
        password: '***REDACTED***'
      }

      at Object.log [as handleSubmit] (src/hooks/useRegistrationForm.ts:317:15)

    console.log
      [2026-02-08T19:37:14.438Z] ✅ API call successful

      at Object.log [as handleSubmit] (src/hooks/useRegistrationForm.ts:330:15)

    console.log
      [2026-02-08T19:37:14.438Z] ========== FORM SUBMISSION ENDED ==========

      at Object.log [as handleSubmit] (src/hooks/useRegistrationForm.ts:376:15)

    console.log
      ✅ preventDefault() called FIRST (stopPropagation also called if available)

      at Object.log [as handleSubmit] (src/hooks/useRegistrationForm.ts:277:13)

    console.log
      [2026-02-08T19:37:14.442Z] ========== FORM SUBMISSION STARTED ==========

      at Object.log [as handleSubmit] (src/hooks/useRegistrationForm.ts:280:13)

    console.log
      [2026-02-08T19:37:14.442Z] Event defaultPrevented: undefined

      at Object.log [as handleSubmit] (src/hooks/useRegistrationForm.ts:281:13)

    console.log
      [2026-02-08T19:37:14.442Z] Event type: undefined

      at Object.log [as handleSubmit] (src/hooks/useRegistrationForm.ts:282:13)

    console.log
      [2026-02-08T19:37:14.442Z] Event target: undefined

      at Object.log [as handleSubmit] (src/hooks/useRegistrationForm.ts:283:13)

    console.log
      [2026-02-08T19:37:14.442Z] Form data: {
        "fullName": "John Doe",
        "email": "test@example.com",
        "password": "Password123!",
        "confirmPassword": "Password123!"
      }

      at Object.log [as handleSubmit] (src/hooks/useRegistrationForm.ts:284:13)

    console.log
      [2026-02-08T19:37:14.442Z] Current errors: {}

      at Object.log [as handleSubmit] (src/hooks/useRegistrationForm.ts:285:13)

    console.log
      [2026-02-08T19:37:14.442Z] Is rate limited: false

      at Object.log [as handleSubmit] (src/hooks/useRegistrationForm.ts:286:13)

    console.log
      [2026-02-08T19:37:14.442Z] Validation result: true

      at Object.log [as handleSubmit] (src/hooks/useRegistrationForm.ts:296:13)

    console.log
      [2026-02-08T19:37:14.442Z] ✅ Validation passed, proceeding with API call

      at Object.log [as handleSubmit] (src/hooks/useRegistrationForm.ts:303:13)

    console.log
      [2026-02-08T19:37:14.442Z] 📡 Calling API client register method

      at Object.log [as handleSubmit] (src/hooks/useRegistrationForm.ts:316:15)

    console.log
      [2026-02-08T19:37:14.442Z] API payload: {
        email: 'test@example.com',
        name: 'John Doe',
        password: '***REDACTED***'
      }

      at Object.log [as handleSubmit] (src/hooks/useRegistrationForm.ts:317:15)

    console.log
      [2026-02-08T19:37:14.442Z] ❌ API call failed: { status: 409, message: 'Email already exists' }

      at Object.log [as handleSubmit] (src/hooks/useRegistrationForm.ts:343:15)

    console.log
      [2026-02-08T19:37:14.442Z] ========== FORM SUBMISSION ENDED ==========

      at Object.log [as handleSubmit] (src/hooks/useRegistrationForm.ts:376:15)

    console.log
      ✅ preventDefault() called FIRST (stopPropagation also called if available)

      at Object.log [as handleSubmit] (src/hooks/useRegistrationForm.ts:277:13)

    console.log
      [2026-02-08T19:37:14.445Z] ========== FORM SUBMISSION STARTED ==========

      at Object.log [as handleSubmit] (src/hooks/useRegistrationForm.ts:280:13)

    console.log
      [2026-02-08T19:37:14.445Z] Event defaultPrevented: undefined

      at Object.log [as handleSubmit] (src/hooks/useRegistrationForm.ts:281:13)

    console.log
      [2026-02-08T19:37:14.445Z] Event type: undefined

      at Object.log [as handleSubmit] (src/hooks/useRegistrationForm.ts:282:13)

    console.log
      [2026-02-08T19:37:14.445Z] Event target: undefined

      at Object.log [as handleSubmit] (src/hooks/useRegistrationForm.ts:283:13)

    console.log
      [2026-02-08T19:37:14.445Z] Form data: {
        "fullName": "John Doe",
        "email": "test@example.com",
        "password": "Password123!",
        "confirmPassword": "Password123!"
      }

      at Object.log [as handleSubmit] (src/hooks/useRegistrationForm.ts:284:13)

    console.log
      [2026-02-08T19:37:14.445Z] Current errors: {}

      at Object.log [as handleSubmit] (src/hooks/useRegistrationForm.ts:285:13)

    console.log
      [2026-02-08T19:37:14.445Z] Is rate limited: false

      at Object.log [as handleSubmit] (src/hooks/useRegistrationForm.ts:286:13)

    console.log
      [2026-02-08T19:37:14.445Z] Validation result: true

      at Object.log [as handleSubmit] (src/hooks/useRegistrationForm.ts:296:13)

    console.log
      [2026-02-08T19:37:14.445Z] ✅ Validation passed, proceeding with API call

      at Object.log [as handleSubmit] (src/hooks/useRegistrationForm.ts:303:13)

    console.log
      [2026-02-08T19:37:14.445Z] 📡 Calling API client register method

      at Object.log [as handleSubmit] (src/hooks/useRegistrationForm.ts:316:15)

    console.log
      [2026-02-08T19:37:14.445Z] API payload: {
        email: 'test@example.com',
        name: 'John Doe',
        password: '***REDACTED***'
      }

      at Object.log [as handleSubmit] (src/hooks/useRegistrationForm.ts:317:15)

    console.log
      [2026-02-08T19:37:14.445Z] ❌ API call failed: { status: 409, message: 'Email already exists' }

      at Object.log [as handleSubmit] (src/hooks/useRegistrationForm.ts:343:15)

    console.log
      [2026-02-08T19:37:14.445Z] ========== FORM SUBMISSION ENDED ==========

      at Object.log [as handleSubmit] (src/hooks/useRegistrationForm.ts:376:15)

    console.log
      ✅ preventDefault() called FIRST (stopPropagation also called if available)

      at Object.log [as handleSubmit] (src/hooks/useRegistrationForm.ts:277:13)

    console.log
      [2026-02-08T19:37:14.447Z] ========== FORM SUBMISSION STARTED ==========

      at Object.log [as handleSubmit] (src/hooks/useRegistrationForm.ts:280:13)

    console.log
      [2026-02-08T19:37:14.447Z] Event defaultPrevented: undefined

      at Object.log [as handleSubmit] (src/hooks/useRegistrationForm.ts:281:13)

    console.log
      [2026-02-08T19:37:14.447Z] Event type: undefined

      at Object.log [as handleSubmit] (src/hooks/useRegistrationForm.ts:282:13)

    console.log
      [2026-02-08T19:37:14.447Z] Event target: undefined

      at Object.log [as handleSubmit] (src/hooks/useRegistrationForm.ts:283:13)

    console.log
      [2026-02-08T19:37:14.447Z] Form data: {
        "fullName": "John Doe",
        "email": "test@example.com",
        "password": "Password123!",
        "confirmPassword": "Password123!"
      }

      at Object.log [as handleSubmit] (src/hooks/useRegistrationForm.ts:284:13)

    console.log
      [2026-02-08T19:37:14.447Z] Current errors: {}

      at Object.log [as handleSubmit] (src/hooks/useRegistrationForm.ts:285:13)

    console.log
      [2026-02-08T19:37:14.447Z] Is rate limited: false

      at Object.log [as handleSubmit] (src/hooks/useRegistrationForm.ts:286:13)

    console.log
      [2026-02-08T19:37:14.447Z] Validation result: true

      at Object.log [as handleSubmit] (src/hooks/useRegistrationForm.ts:296:13)

    console.log
      [2026-02-08T19:37:14.447Z] ✅ Validation passed, proceeding with API call

      at Object.log [as handleSubmit] (src/hooks/useRegistrationForm.ts:303:13)

    console.log
      [2026-02-08T19:37:14.447Z] 📡 Calling API client register method

      at Object.log [as handleSubmit] (src/hooks/useRegistrationForm.ts:316:15)

    console.log
      [2026-02-08T19:37:14.447Z] API payload: {
        email: 'test@example.com',
        name: 'John Doe',
        password: '***REDACTED***'
      }

      at Object.log [as handleSubmit] (src/hooks/useRegistrationForm.ts:317:15)

    console.log
      [2026-02-08T19:37:14.447Z] ❌ API call failed: { status: 409, message: 'Email already exists' }

      at Object.log [as handleSubmit] (src/hooks/useRegistrationForm.ts:343:15)

    console.log
      [2026-02-08T19:37:14.447Z] ========== FORM SUBMISSION ENDED ==========

      at Object.log [as handleSubmit] (src/hooks/useRegistrationForm.ts:376:15)

    console.log
      ✅ preventDefault() called FIRST (stopPropagation also called if available)

      at Object.log [as handleSubmit] (src/hooks/useRegistrationForm.ts:277:13)

    console.log
      [2026-02-08T19:37:14.450Z] ========== FORM SUBMISSION STARTED ==========

      at Object.log [as handleSubmit] (src/hooks/useRegistrationForm.ts:280:13)

    console.log
      [2026-02-08T19:37:14.450Z] Event defaultPrevented: undefined

      at Object.log [as handleSubmit] (src/hooks/useRegistrationForm.ts:281:13)

    console.log
      [2026-02-08T19:37:14.450Z] Event type: undefined

      at Object.log [as handleSubmit] (src/hooks/useRegistrationForm.ts:282:13)

    console.log
      [2026-02-08T19:37:14.450Z] Event target: undefined

      at Object.log [as handleSubmit] (src/hooks/useRegistrationForm.ts:283:13)

    console.log
      [2026-02-08T19:37:14.450Z] Form data: {
        "fullName": "John Doe",
        "email": "test@example.com",
        "password": "Password123!",
        "confirmPassword": "Password123!"
      }

      at Object.log [as handleSubmit] (src/hooks/useRegistrationForm.ts:284:13)

    console.log
      [2026-02-08T19:37:14.450Z] Current errors: {}

      at Object.log [as handleSubmit] (src/hooks/useRegistrationForm.ts:285:13)

    console.log
      [2026-02-08T19:37:14.450Z] Is rate limited: true

      at Object.log [as handleSubmit] (src/hooks/useRegistrationForm.ts:286:13)

    console.log
      [2026-02-08T19:37:14.450Z] ❌ Form submission blocked: rate limit active

      at Object.log [as handleSubmit] (src/hooks/useRegistrationForm.ts:290:15)

    console.log
      ✅ preventDefault() called FIRST (stopPropagation also called if available)

      at Object.log [as handleSubmit] (src/hooks/useRegistrationForm.ts:277:13)

    console.log
      [2026-02-08T19:37:14.460Z] ========== FORM SUBMISSION STARTED ==========

      at Object.log [as handleSubmit] (src/hooks/useRegistrationForm.ts:280:13)

    console.log
      [2026-02-08T19:37:14.460Z] Event defaultPrevented: undefined

      at Object.log [as handleSubmit] (src/hooks/useRegistrationForm.ts:281:13)

    console.log
      [2026-02-08T19:37:14.460Z] Event type: undefined

      at Object.log [as handleSubmit] (src/hooks/useRegistrationForm.ts:282:13)

    console.log
      [2026-02-08T19:37:14.460Z] Event target: undefined

      at Object.log [as handleSubmit] (src/hooks/useRegistrationForm.ts:283:13)

    console.log
      [2026-02-08T19:37:14.460Z] Form data: {
        "fullName": "John Doe",
        "email": "test@example.com",
        "password": "Password123!",
        "confirmPassword": "Password123!"
      }

      at Object.log [as handleSubmit] (src/hooks/useRegistrationForm.ts:284:13)

    console.log
      [2026-02-08T19:37:14.460Z] Current errors: {}

      at Object.log [as handleSubmit] (src/hooks/useRegistrationForm.ts:285:13)

    console.log
      [2026-02-08T19:37:14.460Z] Is rate limited: true

      at Object.log [as handleSubmit] (src/hooks/useRegistrationForm.ts:286:13)

    console.log
      [2026-02-08T19:37:14.460Z] ❌ Form submission blocked: rate limit active

      at Object.log [as handleSubmit] (src/hooks/useRegistrationForm.ts:290:15)

    console.log
      ✅ preventDefault() called FIRST (stopPropagation also called if available)

      at Object.log [as handleSubmit] (src/hooks/useRegistrationForm.ts:277:13)

    console.log
      [2026-02-08T19:37:14.462Z] ========== FORM SUBMISSION STARTED ==========

      at Object.log [as handleSubmit] (src/hooks/useRegistrationForm.ts:280:13)

    console.log
      [2026-02-08T19:37:14.462Z] Event defaultPrevented: undefined

      at Object.log [as handleSubmit] (src/hooks/useRegistrationForm.ts:281:13)

    console.log
      [2026-02-08T19:37:14.462Z] Event type: undefined

      at Object.log [as handleSubmit] (src/hooks/useRegistrationForm.ts:282:13)

    console.log
      [2026-02-08T19:37:14.462Z] Event target: undefined

      at Object.log [as handleSubmit] (src/hooks/useRegistrationForm.ts:283:13)

    console.log
      [2026-02-08T19:37:14.462Z] Form data: {
        "fullName": "John Doe",
        "email": "test@example.com",
        "password": "Password123!",
        "confirmPassword": "Password123!"
      }

      at Object.log [as handleSubmit] (src/hooks/useRegistrationForm.ts:284:13)

    console.log
      [2026-02-08T19:37:14.462Z] Current errors: {}

      at Object.log [as handleSubmit] (src/hooks/useRegistrationForm.ts:285:13)

    console.log
      [2026-02-08T19:37:14.462Z] Is rate limited: false

      at Object.log [as handleSubmit] (src/hooks/useRegistrationForm.ts:286:13)

    console.log
      [2026-02-08T19:37:14.462Z] Validation result: true

      at Object.log [as handleSubmit] (src/hooks/useRegistrationForm.ts:296:13)

    console.log
      [2026-02-08T19:37:14.462Z] ✅ Validation passed, proceeding with API call

      at Object.log [as handleSubmit] (src/hooks/useRegistrationForm.ts:303:13)

    console.log
      [2026-02-08T19:37:14.462Z] 📡 Calling API client register method

      at Object.log [as handleSubmit] (src/hooks/useRegistrationForm.ts:316:15)

    console.log
      [2026-02-08T19:37:14.462Z] API payload: {
        email: 'test@example.com',
        name: 'John Doe',
        password: '***REDACTED***'
      }

      at Object.log [as handleSubmit] (src/hooks/useRegistrationForm.ts:317:15)

    console.log
      [2026-02-08T19:37:14.462Z] ❌ API call failed: { status: 409, message: 'Email already exists' }

      at Object.log [as handleSubmit] (src/hooks/useRegistrationForm.ts:343:15)

    console.log
      [2026-02-08T19:37:14.462Z] ========== FORM SUBMISSION ENDED ==========

      at Object.log [as handleSubmit] (src/hooks/useRegistrationForm.ts:376:15)

    console.log
      ✅ preventDefault() called FIRST (stopPropagation also called if available)

      at Object.log [as handleSubmit] (src/hooks/useRegistrationForm.ts:277:13)

    console.log
      [2026-02-08T19:37:14.466Z] ========== FORM SUBMISSION STARTED ==========

      at Object.log [as handleSubmit] (src/hooks/useRegistrationForm.ts:280:13)

    console.log
      [2026-02-08T19:37:14.466Z] Event defaultPrevented: undefined

      at Object.log [as handleSubmit] (src/hooks/useRegistrationForm.ts:281:13)

    console.log
      [2026-02-08T19:37:14.466Z] Event type: undefined

      at Object.log [as handleSubmit] (src/hooks/useRegistrationForm.ts:282:13)

    console.log
      [2026-02-08T19:37:14.466Z] Event target: undefined

      at Object.log [as handleSubmit] (src/hooks/useRegistrationForm.ts:283:13)

    console.log
      [2026-02-08T19:37:14.466Z] Form data: {
        "fullName": "John Doe",
        "email": "test@example.com",
        "password": "Password123!",
        "confirmPassword": "Password123!"
      }

      at Object.log [as handleSubmit] (src/hooks/useRegistrationForm.ts:284:13)

    console.log
      [2026-02-08T19:37:14.466Z] Current errors: {}

      at Object.log [as handleSubmit] (src/hooks/useRegistrationForm.ts:285:13)

    console.log
      [2026-02-08T19:37:14.466Z] Is rate limited: false

      at Object.log [as handleSubmit] (src/hooks/useRegistrationForm.ts:286:13)

    console.log
      [2026-02-08T19:37:14.466Z] Validation result: true

      at Object.log [as handleSubmit] (src/hooks/useRegistrationForm.ts:296:13)

    console.log
      [2026-02-08T19:37:14.466Z] ✅ Validation passed, proceeding with API call

      at Object.log [as handleSubmit] (src/hooks/useRegistrationForm.ts:303:13)

    console.log
      [2026-02-08T19:37:14.466Z] 📡 Calling API client register method

      at Object.log [as handleSubmit] (src/hooks/useRegistrationForm.ts:316:15)

    console.log
      [2026-02-08T19:37:14.466Z] API payload: {
        email: 'test@example.com',
        name: 'John Doe',
        password: '***REDACTED***'
      }

      at Object.log [as handleSubmit] (src/hooks/useRegistrationForm.ts:317:15)

    console.log
      [2026-02-08T19:37:14.466Z] ❌ API call failed: { status: 409, message: 'Email already exists' }

      at Object.log [as handleSubmit] (src/hooks/useRegistrationForm.ts:343:15)

    console.log
      [2026-02-08T19:37:14.466Z] ========== FORM SUBMISSION ENDED ==========

      at Object.log [as handleSubmit] (src/hooks/useRegistrationForm.ts:376:15)

    console.log
      ✅ preventDefault() called FIRST (stopPropagation also called if available)

      at Object.log [as handleSubmit] (src/hooks/useRegistrationForm.ts:277:13)

    console.log
      [2026-02-08T19:37:14.470Z] ========== FORM SUBMISSION STARTED ==========

      at Object.log [as handleSubmit] (src/hooks/useRegistrationForm.ts:280:13)

    console.log
      [2026-02-08T19:37:14.470Z] Event defaultPrevented: undefined

      at Object.log [as handleSubmit] (src/hooks/useRegistrationForm.ts:281:13)

    console.log
      [2026-02-08T19:37:14.470Z] Event type: undefined

      at Object.log [as handleSubmit] (src/hooks/useRegistrationForm.ts:282:13)

    console.log
      [2026-02-08T19:37:14.470Z] Event target: undefined

      at Object.log [as handleSubmit] (src/hooks/useRegistrationForm.ts:283:13)

    console.log
      [2026-02-08T19:37:14.470Z] Form data: {
        "fullName": "John Doe",
        "email": "test@example.com",
        "password": "Password123!",
        "confirmPassword": "Password123!"
      }

      at Object.log [as handleSubmit] (src/hooks/useRegistrationForm.ts:284:13)

    console.log
      [2026-02-08T19:37:14.470Z] Current errors: {}

      at Object.log [as handleSubmit] (src/hooks/useRegistrationForm.ts:285:13)

    console.log
      [2026-02-08T19:37:14.470Z] Is rate limited: false

      at Object.log [as handleSubmit] (src/hooks/useRegistrationForm.ts:286:13)

    console.log
      [2026-02-08T19:37:14.470Z] Validation result: true

      at Object.log [as handleSubmit] (src/hooks/useRegistrationForm.ts:296:13)

    console.log
      [2026-02-08T19:37:14.470Z] ✅ Validation passed, proceeding with API call

      at Object.log [as handleSubmit] (src/hooks/useRegistrationForm.ts:303:13)

    console.log
      [2026-02-08T19:37:14.470Z] 📡 Calling API client register method

      at Object.log [as handleSubmit] (src/hooks/useRegistrationForm.ts:316:15)

    console.log
      [2026-02-08T19:37:14.470Z] API payload: {
        email: 'test@example.com',
        name: 'John Doe',
        password: '***REDACTED***'
      }

      at Object.log [as handleSubmit] (src/hooks/useRegistrationForm.ts:317:15)

    console.log
      [2026-02-08T19:37:14.470Z] ✅ API call successful

      at Object.log [as handleSubmit] (src/hooks/useRegistrationForm.ts:330:15)

    console.log
      [2026-02-08T19:37:14.470Z] ========== FORM SUBMISSION ENDED ==========

      at Object.log [as handleSubmit] (src/hooks/useRegistrationForm.ts:376:15)

    console.log
      ✅ preventDefault() called FIRST (stopPropagation also called if available)

      at Object.log [as handleSubmit] (src/hooks/useRegistrationForm.ts:277:13)

    console.log
      [2026-02-08T19:37:14.472Z] ========== FORM SUBMISSION STARTED ==========

      at Object.log [as handleSubmit] (src/hooks/useRegistrationForm.ts:280:13)

    console.log
      [2026-02-08T19:37:14.472Z] Event defaultPrevented: undefined

      at Object.log [as handleSubmit] (src/hooks/useRegistrationForm.ts:281:13)

    console.log
      [2026-02-08T19:37:14.472Z] Event type: undefined

      at Object.log [as handleSubmit] (src/hooks/useRegistrationForm.ts:282:13)

    console.log
      [2026-02-08T19:37:14.472Z] Event target: undefined

      at Object.log [as handleSubmit] (src/hooks/useRegistrationForm.ts:283:13)

    console.log
      [2026-02-08T19:37:14.472Z] Form data: {
        "fullName": "John Doe",
        "email": "test@example.com",
        "password": "Password123!",
        "confirmPassword": "Password123!"
      }

      at Object.log [as handleSubmit] (src/hooks/useRegistrationForm.ts:284:13)

    console.log
      [2026-02-08T19:37:14.472Z] Current errors: {}

      at Object.log [as handleSubmit] (src/hooks/useRegistrationForm.ts:285:13)

    console.log
      [2026-02-08T19:37:14.472Z] Is rate limited: false

      at Object.log [as handleSubmit] (src/hooks/useRegistrationForm.ts:286:13)

    console.log
      [2026-02-08T19:37:14.472Z] Validation result: true

      at Object.log [as handleSubmit] (src/hooks/useRegistrationForm.ts:296:13)

    console.log
      [2026-02-08T19:37:14.472Z] ✅ Validation passed, proceeding with API call

      at Object.log [as handleSubmit] (src/hooks/useRegistrationForm.ts:303:13)

    console.log
      [2026-02-08T19:37:14.472Z] 📡 Calling API client register method

      at Object.log [as handleSubmit] (src/hooks/useRegistrationForm.ts:316:15)

    console.log
      [2026-02-08T19:37:14.472Z] API payload: {
        email: 'test@example.com',
        name: 'John Doe',
        password: '***REDACTED***'
      }

      at Object.log [as handleSubmit] (src/hooks/useRegistrationForm.ts:317:15)

    console.log
      [2026-02-08T19:37:14.472Z] ❌ API call failed: { status: 409, message: 'Email already exists' }

      at Object.log [as handleSubmit] (src/hooks/useRegistrationForm.ts:343:15)

    console.log
      [2026-02-08T19:37:14.472Z] ========== FORM SUBMISSION ENDED ==========

      at Object.log [as handleSubmit] (src/hooks/useRegistrationForm.ts:376:15)

    console.log
      ✅ preventDefault() called FIRST (stopPropagation also called if available)

      at Object.log [as handleSubmit] (src/hooks/useRegistrationForm.ts:277:13)

    console.log
      [2026-02-08T19:37:14.476Z] ========== FORM SUBMISSION STARTED ==========

      at Object.log [as handleSubmit] (src/hooks/useRegistrationForm.ts:280:13)

    console.log
      [2026-02-08T19:37:14.476Z] Event defaultPrevented: undefined

      at Object.log [as handleSubmit] (src/hooks/useRegistrationForm.ts:281:13)

    console.log
      [2026-02-08T19:37:14.476Z] Event type: undefined

      at Object.log [as handleSubmit] (src/hooks/useRegistrationForm.ts:282:13)

    console.log
      [2026-02-08T19:37:14.476Z] Event target: undefined

      at Object.log [as handleSubmit] (src/hooks/useRegistrationForm.ts:283:13)

    console.log
      [2026-02-08T19:37:14.476Z] Form data: {
        "fullName": "John Doe",
        "email": "test@example.com",
        "password": "Password123!",
        "confirmPassword": "Password123!"
      }

      at Object.log [as handleSubmit] (src/hooks/useRegistrationForm.ts:284:13)

    console.log
      [2026-02-08T19:37:14.476Z] Current errors: {}

      at Object.log [as handleSubmit] (src/hooks/useRegistrationForm.ts:285:13)

    console.log
      [2026-02-08T19:37:14.476Z] Is rate limited: false

      at Object.log [as handleSubmit] (src/hooks/useRegistrationForm.ts:286:13)

    console.log
      [2026-02-08T19:37:14.476Z] Validation result: true

      at Object.log [as handleSubmit] (src/hooks/useRegistrationForm.ts:296:13)

    console.log
      [2026-02-08T19:37:14.476Z] ✅ Validation passed, proceeding with API call

      at Object.log [as handleSubmit] (src/hooks/useRegistrationForm.ts:303:13)

    console.log
      [2026-02-08T19:37:14.476Z] 📡 Calling API client register method

      at Object.log [as handleSubmit] (src/hooks/useRegistrationForm.ts:316:15)

    console.log
      [2026-02-08T19:37:14.476Z] API payload: {
        email: 'test@example.com',
        name: 'John Doe',
        password: '***REDACTED***'
      }

      at Object.log [as handleSubmit] (src/hooks/useRegistrationForm.ts:317:15)

    console.log
      [2026-02-08T19:37:14.476Z] ✅ API call successful

      at Object.log [as handleSubmit] (src/hooks/useRegistrationForm.ts:330:15)

    console.log
      [2026-02-08T19:37:14.476Z] ========== FORM SUBMISSION ENDED ==========

      at Object.log [as handleSubmit] (src/hooks/useRegistrationForm.ts:376:15)

    console.log
      ✅ preventDefault() called FIRST (stopPropagation also called if available)

      at Object.log [as handleSubmit] (src/hooks/useRegistrationForm.ts:277:13)

    console.log
      [2026-02-08T19:37:14.479Z] ========== FORM SUBMISSION STARTED ==========

      at Object.log [as handleSubmit] (src/hooks/useRegistrationForm.ts:280:13)

    console.log
      [2026-02-08T19:37:14.479Z] Event defaultPrevented: undefined

      at Object.log [as handleSubmit] (src/hooks/useRegistrationForm.ts:281:13)

    console.log
      [2026-02-08T19:37:14.479Z] Event type: undefined

      at Object.log [as handleSubmit] (src/hooks/useRegistrationForm.ts:282:13)

    console.log
      [2026-02-08T19:37:14.479Z] Event target: undefined

      at Object.log [as handleSubmit] (src/hooks/useRegistrationForm.ts:283:13)

    console.log
      [2026-02-08T19:37:14.479Z] Form data: {
        "fullName": "John Doe",
        "email": "test@example.com",
        "password": "Password123!",
        "confirmPassword": "Password123!"
      }

      at Object.log [as handleSubmit] (src/hooks/useRegistrationForm.ts:284:13)

    console.log
      [2026-02-08T19:37:14.479Z] Current errors: {}

      at Object.log [as handleSubmit] (src/hooks/useRegistrationForm.ts:285:13)

    console.log
      [2026-02-08T19:37:14.479Z] Is rate limited: true

      at Object.log [as handleSubmit] (src/hooks/useRegistrationForm.ts:286:13)

    console.log
      [2026-02-08T19:37:14.479Z] ❌ Form submission blocked: rate limit active

      at Object.log [as handleSubmit] (src/hooks/useRegistrationForm.ts:290:15)

    console.log
      ✅ preventDefault() called FIRST (stopPropagation also called if available)

      at Object.log [as handleSubmit] (src/hooks/useRegistrationForm.ts:277:13)

    console.log
      [2026-02-08T19:37:14.481Z] ========== FORM SUBMISSION STARTED ==========

      at Object.log [as handleSubmit] (src/hooks/useRegistrationForm.ts:280:13)

    console.log
      [2026-02-08T19:37:14.481Z] Event defaultPrevented: undefined

      at Object.log [as handleSubmit] (src/hooks/useRegistrationForm.ts:281:13)

    console.log
      [2026-02-08T19:37:14.481Z] Event type: undefined

      at Object.log [as handleSubmit] (src/hooks/useRegistrationForm.ts:282:13)

    console.log
      [2026-02-08T19:37:14.481Z] Event target: undefined

      at Object.log [as handleSubmit] (src/hooks/useRegistrationForm.ts:283:13)

    console.log
      [2026-02-08T19:37:14.481Z] Form data: {
        "fullName": "John Doe",
        "email": "test@example.com",
        "password": "Password123!",
        "confirmPassword": "Password123!"
      }

      at Object.log [as handleSubmit] (src/hooks/useRegistrationForm.ts:284:13)

    console.log
      [2026-02-08T19:37:14.481Z] Current errors: {}

      at Object.log [as handleSubmit] (src/hooks/useRegistrationForm.ts:285:13)

    console.log
      [2026-02-08T19:37:14.481Z] Is rate limited: true

      at Object.log [as handleSubmit] (src/hooks/useRegistrationForm.ts:286:13)

    console.log
      [2026-02-08T19:37:14.481Z] ❌ Form submission blocked: rate limit active

      at Object.log [as handleSubmit] (src/hooks/useRegistrationForm.ts:290:15)

    console.log
      ✅ preventDefault() called FIRST (stopPropagation also called if available)

      at Object.log [as handleSubmit] (src/hooks/useRegistrationForm.ts:277:13)

    console.log
      [2026-02-08T19:37:14.483Z] ========== FORM SUBMISSION STARTED ==========

      at Object.log [as handleSubmit] (src/hooks/useRegistrationForm.ts:280:13)

    console.log
      [2026-02-08T19:37:14.483Z] Event defaultPrevented: undefined

      at Object.log [as handleSubmit] (src/hooks/useRegistrationForm.ts:281:13)

    console.log
      [2026-02-08T19:37:14.483Z] Event type: undefined

      at Object.log [as handleSubmit] (src/hooks/useRegistrationForm.ts:282:13)

    console.log
      [2026-02-08T19:37:14.483Z] Event target: undefined

      at Object.log [as handleSubmit] (src/hooks/useRegistrationForm.ts:283:13)

    console.log
      [2026-02-08T19:37:14.483Z] Form data: {
        "fullName": "John Doe",
        "email": "test@example.com",
        "password": "Password123!",
        "confirmPassword": "Password123!"
      }

      at Object.log [as handleSubmit] (src/hooks/useRegistrationForm.ts:284:13)

    console.log
      [2026-02-08T19:37:14.483Z] Current errors: {}

      at Object.log [as handleSubmit] (src/hooks/useRegistrationForm.ts:285:13)

    console.log
      [2026-02-08T19:37:14.483Z] Is rate limited: true

      at Object.log [as handleSubmit] (src/hooks/useRegistrationForm.ts:286:13)

    console.log
      [2026-02-08T19:37:14.483Z] ❌ Form submission blocked: rate limit active

      at Object.log [as handleSubmit] (src/hooks/useRegistrationForm.ts:290:15)

    console.log
      ✅ preventDefault() called FIRST (stopPropagation also called if available)

      at Object.log [as handleSubmit] (src/hooks/useRegistrationForm.ts:277:13)

    console.log
      [2026-02-08T19:37:14.485Z] ========== FORM SUBMISSION STARTED ==========

      at Object.log [as handleSubmit] (src/hooks/useRegistrationForm.ts:280:13)

    console.log
      [2026-02-08T19:37:14.485Z] Event defaultPrevented: undefined

      at Object.log [as handleSubmit] (src/hooks/useRegistrationForm.ts:281:13)

    console.log
      [2026-02-08T19:37:14.485Z] Event type: undefined

      at Object.log [as handleSubmit] (src/hooks/useRegistrationForm.ts:282:13)

    console.log
      [2026-02-08T19:37:14.485Z] Event target: undefined

      at Object.log [as handleSubmit] (src/hooks/useRegistrationForm.ts:283:13)

    console.log
      [2026-02-08T19:37:14.485Z] Form data: {
        "fullName": "John Doe",
        "email": "test@example.com",
        "password": "Password123!",
        "confirmPassword": "Password123!"
      }

      at Object.log [as handleSubmit] (src/hooks/useRegistrationForm.ts:284:13)

    console.log
      [2026-02-08T19:37:14.485Z] Current errors: {}

      at Object.log [as handleSubmit] (src/hooks/useRegistrationForm.ts:285:13)

    console.log
      [2026-02-08T19:37:14.485Z] Is rate limited: true

      at Object.log [as handleSubmit] (src/hooks/useRegistrationForm.ts:286:13)

    console.log
      [2026-02-08T19:37:14.485Z] ❌ Form submission blocked: rate limit active

      at Object.log [as handleSubmit] (src/hooks/useRegistrationForm.ts:290:15)

    console.log
      ✅ preventDefault() called FIRST (stopPropagation also called if available)

      at Object.log [as handleSubmit] (src/hooks/useRegistrationForm.ts:277:13)

    console.log
      [2026-02-08T19:37:14.486Z] ========== FORM SUBMISSION STARTED ==========

      at Object.log [as handleSubmit] (src/hooks/useRegistrationForm.ts:280:13)

    console.log
      [2026-02-08T19:37:14.486Z] Event defaultPrevented: undefined

      at Object.log [as handleSubmit] (src/hooks/useRegistrationForm.ts:281:13)

    console.log
      [2026-02-08T19:37:14.486Z] Event type: undefined

      at Object.log [as handleSubmit] (src/hooks/useRegistrationForm.ts:282:13)

    console.log
      [2026-02-08T19:37:14.486Z] Event target: undefined

      at Object.log [as handleSubmit] (src/hooks/useRegistrationForm.ts:283:13)

    console.log
      [2026-02-08T19:37:14.486Z] Form data: {
        "fullName": "John Doe",
        "email": "test@example.com",
        "password": "Password123!",
        "confirmPassword": "Password123!"
      }

      at Object.log [as handleSubmit] (src/hooks/useRegistrationForm.ts:284:13)

    console.log
      [2026-02-08T19:37:14.486Z] Current errors: {}

      at Object.log [as handleSubmit] (src/hooks/useRegistrationForm.ts:285:13)

    console.log
      [2026-02-08T19:37:14.486Z] Is rate limited: true

      at Object.log [as handleSubmit] (src/hooks/useRegistrationForm.ts:286:13)

    console.log
      [2026-02-08T19:37:14.486Z] ❌ Form submission blocked: rate limit active

      at Object.log [as handleSubmit] (src/hooks/useRegistrationForm.ts:290:15)

    console.log
      ✅ preventDefault() called FIRST (stopPropagation also called if available)

      at Object.log [as handleSubmit] (src/hooks/useRegistrationForm.ts:277:13)

    console.log
      [2026-02-08T19:37:14.488Z] ========== FORM SUBMISSION STARTED ==========

      at Object.log [as handleSubmit] (src/hooks/useRegistrationForm.ts:280:13)

    console.log
      [2026-02-08T19:37:14.488Z] Event defaultPrevented: undefined

      at Object.log [as handleSubmit] (src/hooks/useRegistrationForm.ts:281:13)

    console.log
      [2026-02-08T19:37:14.488Z] Event type: undefined

      at Object.log [as handleSubmit] (src/hooks/useRegistrationForm.ts:282:13)

    console.log
      [2026-02-08T19:37:14.488Z] Event target: undefined

      at Object.log [as handleSubmit] (src/hooks/useRegistrationForm.ts:283:13)

    console.log
      [2026-02-08T19:37:14.488Z] Form data: {
        "fullName": "John Doe",
        "email": "test@example.com",
        "password": "Password123!",
        "confirmPassword": "Password123!"
      }

      at Object.log [as handleSubmit] (src/hooks/useRegistrationForm.ts:284:13)

    console.log
      [2026-02-08T19:37:14.488Z] Current errors: {}

      at Object.log [as handleSubmit] (src/hooks/useRegistrationForm.ts:285:13)

    console.log
      [2026-02-08T19:37:14.488Z] Is rate limited: false

      at Object.log [as handleSubmit] (src/hooks/useRegistrationForm.ts:286:13)

    console.log
      [2026-02-08T19:37:14.488Z] Validation result: true

      at Object.log [as handleSubmit] (src/hooks/useRegistrationForm.ts:296:13)

    console.log
      [2026-02-08T19:37:14.488Z] ✅ Validation passed, proceeding with API call

      at Object.log [as handleSubmit] (src/hooks/useRegistrationForm.ts:303:13)

    console.log
      [2026-02-08T19:37:14.488Z] 📡 Calling API client register method

      at Object.log [as handleSubmit] (src/hooks/useRegistrationForm.ts:316:15)

    console.log
      [2026-02-08T19:37:14.488Z] API payload: {
        email: 'test@example.com',
        name: 'John Doe',
        password: '***REDACTED***'
      }

      at Object.log [as handleSubmit] (src/hooks/useRegistrationForm.ts:317:15)

    console.log
      [2026-02-08T19:37:14.488Z] ❌ API call failed: { status: 409, message: 'Email already exists' }

      at Object.log [as handleSubmit] (src/hooks/useRegistrationForm.ts:343:15)

    console.log
      [2026-02-08T19:37:14.488Z] ========== FORM SUBMISSION ENDED ==========

      at Object.log [as handleSubmit] (src/hooks/useRegistrationForm.ts:376:15)

    console.log
      ✅ preventDefault() called FIRST (stopPropagation also called if available)

      at Object.log [as handleSubmit] (src/hooks/useRegistrationForm.ts:277:13)

    console.log
      [2026-02-08T19:37:14.491Z] ========== FORM SUBMISSION STARTED ==========

      at Object.log [as handleSubmit] (src/hooks/useRegistrationForm.ts:280:13)

    console.log
      [2026-02-08T19:37:14.491Z] Event defaultPrevented: undefined

      at Object.log [as handleSubmit] (src/hooks/useRegistrationForm.ts:281:13)

    console.log
      [2026-02-08T19:37:14.491Z] Event type: undefined

      at Object.log [as handleSubmit] (src/hooks/useRegistrationForm.ts:282:13)

    console.log
      [2026-02-08T19:37:14.491Z] Event target: undefined

      at Object.log [as handleSubmit] (src/hooks/useRegistrationForm.ts:283:13)

    console.log
      [2026-02-08T19:37:14.491Z] Form data: {
        "fullName": "John Doe",
        "email": "test@example.com",
        "password": "Password123!",
        "confirmPassword": "Password123!"
      }

      at Object.log [as handleSubmit] (src/hooks/useRegistrationForm.ts:284:13)

    console.log
      [2026-02-08T19:37:14.491Z] Current errors: {}

      at Object.log [as handleSubmit] (src/hooks/useRegistrationForm.ts:285:13)

    console.log
      [2026-02-08T19:37:14.491Z] Is rate limited: false

      at Object.log [as handleSubmit] (src/hooks/useRegistrationForm.ts:286:13)

    console.log
      [2026-02-08T19:37:14.491Z] Validation result: true

      at Object.log [as handleSubmit] (src/hooks/useRegistrationForm.ts:296:13)

    console.log
      [2026-02-08T19:37:14.491Z] ✅ Validation passed, proceeding with API call

      at Object.log [as handleSubmit] (src/hooks/useRegistrationForm.ts:303:13)

    console.log
      [2026-02-08T19:37:14.491Z] 📡 Calling API client register method

      at Object.log [as handleSubmit] (src/hooks/useRegistrationForm.ts:316:15)

    console.log
      [2026-02-08T19:37:14.491Z] API payload: {
        email: 'test@example.com',
        name: 'John Doe',
        password: '***REDACTED***'
      }

      at Object.log [as handleSubmit] (src/hooks/useRegistrationForm.ts:317:15)

    console.log
      [2026-02-08T19:37:14.491Z] ❌ API call failed: { status: 409, message: 'Email already exists' }

      at Object.log [as handleSubmit] (src/hooks/useRegistrationForm.ts:343:15)

    console.log
      [2026-02-08T19:37:14.491Z] ========== FORM SUBMISSION ENDED ==========

      at Object.log [as handleSubmit] (src/hooks/useRegistrationForm.ts:376:15)

    console.log
      ✅ preventDefault() called FIRST (stopPropagation also called if available)

      at Object.log [as handleSubmit] (src/hooks/useRegistrationForm.ts:277:13)

    console.log
      [2026-02-08T19:37:14.500Z] ========== FORM SUBMISSION STARTED ==========

      at Object.log [as handleSubmit] (src/hooks/useRegistrationForm.ts:280:13)

    console.log
      [2026-02-08T19:37:14.500Z] Event defaultPrevented: undefined

      at Object.log [as handleSubmit] (src/hooks/useRegistrationForm.ts:281:13)

    console.log
      [2026-02-08T19:37:14.500Z] Event type: undefined

      at Object.log [as handleSubmit] (src/hooks/useRegistrationForm.ts:282:13)

    console.log
      [2026-02-08T19:37:14.500Z] Event target: undefined

      at Object.log [as handleSubmit] (src/hooks/useRegistrationForm.ts:283:13)

    console.log
      [2026-02-08T19:37:14.500Z] Form data: {
        "fullName": "John Doe",
        "email": "test@example.com",
        "password": "Password123!",
        "confirmPassword": "Password123!"
      }

      at Object.log [as handleSubmit] (src/hooks/useRegistrationForm.ts:284:13)

    console.log
      [2026-02-08T19:37:14.500Z] Current errors: {}

      at Object.log [as handleSubmit] (src/hooks/useRegistrationForm.ts:285:13)

    console.log
      [2026-02-08T19:37:14.500Z] Is rate limited: false

      at Object.log [as handleSubmit] (src/hooks/useRegistrationForm.ts:286:13)

    console.log
      [2026-02-08T19:37:14.500Z] Validation result: true

      at Object.log [as handleSubmit] (src/hooks/useRegistrationForm.ts:296:13)

    console.log
      [2026-02-08T19:37:14.500Z] ✅ Validation passed, proceeding with API call

      at Object.log [as handleSubmit] (src/hooks/useRegistrationForm.ts:303:13)

    console.log
      [2026-02-08T19:37:14.500Z] 📡 Calling API client register method

      at Object.log [as handleSubmit] (src/hooks/useRegistrationForm.ts:316:15)

    console.log
      [2026-02-08T19:37:14.500Z] API payload: {
        email: 'test@example.com',
        name: 'John Doe',
        password: '***REDACTED***'
      }

      at Object.log [as handleSubmit] (src/hooks/useRegistrationForm.ts:317:15)

    console.log
      [2026-02-08T19:37:14.500Z] ❌ API call failed: { status: 409, message: 'Email already exists' }

      at Object.log [as handleSubmit] (src/hooks/useRegistrationForm.ts:343:15)

    console.log
      [2026-02-08T19:37:14.500Z] ========== FORM SUBMISSION ENDED ==========

      at Object.log [as handleSubmit] (src/hooks/useRegistrationForm.ts:376:15)

    console.log
      ✅ preventDefault() called FIRST (stopPropagation also called if available)

      at Object.log [as handleSubmit] (src/hooks/useRegistrationForm.ts:277:13)

    console.log
      [2026-02-08T19:37:14.518Z] ========== FORM SUBMISSION STARTED ==========

      at Object.log [as handleSubmit] (src/hooks/useRegistrationForm.ts:280:13)

    console.log
      [2026-02-08T19:37:14.518Z] Event defaultPrevented: undefined

      at Object.log [as handleSubmit] (src/hooks/useRegistrationForm.ts:281:13)

    console.log
      [2026-02-08T19:37:14.518Z] Event type: undefined

      at Object.log [as handleSubmit] (src/hooks/useRegistrationForm.ts:282:13)

    console.log
      [2026-02-08T19:37:14.518Z] Event target: undefined

      at Object.log [as handleSubmit] (src/hooks/useRegistrationForm.ts:283:13)

    console.log
      [2026-02-08T19:37:14.518Z] Form data: {
        "fullName": "John Doe",
        "email": "test@example.com",
        "password": "Password123!",
        "confirmPassword": "Password123!"
      }

      at Object.log [as handleSubmit] (src/hooks/useRegistrationForm.ts:284:13)

    console.log
      [2026-02-08T19:37:14.518Z] Current errors: {}

      at Object.log [as handleSubmit] (src/hooks/useRegistrationForm.ts:285:13)

    console.log
      [2026-02-08T19:37:14.518Z] Is rate limited: false

      at Object.log [as handleSubmit] (src/hooks/useRegistrationForm.ts:286:13)

    console.log
      [2026-02-08T19:37:14.518Z] Validation result: true

      at Object.log [as handleSubmit] (src/hooks/useRegistrationForm.ts:296:13)

    console.log
      [2026-02-08T19:37:14.518Z] ✅ Validation passed, proceeding with API call

      at Object.log [as handleSubmit] (src/hooks/useRegistrationForm.ts:303:13)

    console.log
      [2026-02-08T19:37:14.518Z] 📡 Calling API client register method

      at Object.log [as handleSubmit] (src/hooks/useRegistrationForm.ts:316:15)

    console.log
      [2026-02-08T19:37:14.518Z] API payload: {
        email: 'test@example.com',
        name: 'John Doe',
        password: '***REDACTED***'
      }

      at Object.log [as handleSubmit] (src/hooks/useRegistrationForm.ts:317:15)

    console.log
      [2026-02-08T19:37:14.518Z] ❌ API call failed: { status: 409, message: 'Email already exists' }

      at Object.log [as handleSubmit] (src/hooks/useRegistrationForm.ts:343:15)

    console.log
      [2026-02-08T19:37:14.518Z] ========== FORM SUBMISSION ENDED ==========

      at Object.log [as handleSubmit] (src/hooks/useRegistrationForm.ts:376:15)

    console.log
      ✅ preventDefault() called FIRST (stopPropagation also called if available)

      at Object.log [as handleSubmit] (src/hooks/useRegistrationForm.ts:277:13)

    console.log
      [2026-02-08T19:37:14.547Z] ========== FORM SUBMISSION STARTED ==========

      at Object.log [as handleSubmit] (src/hooks/useRegistrationForm.ts:280:13)

    console.log
      [2026-02-08T19:37:14.547Z] Event defaultPrevented: undefined

      at Object.log [as handleSubmit] (src/hooks/useRegistrationForm.ts:281:13)

    console.log
      [2026-02-08T19:37:14.547Z] Event type: undefined

      at Object.log [as handleSubmit] (src/hooks/useRegistrationForm.ts:282:13)

    console.log
      [2026-02-08T19:37:14.547Z] Event target: undefined

      at Object.log [as handleSubmit] (src/hooks/useRegistrationForm.ts:283:13)

    console.log
      [2026-02-08T19:37:14.547Z] Form data: {
        "fullName": "John Doe",
        "email": "test@example.com",
        "password": "Password123!",
        "confirmPassword": "Password123!"
      }

      at Object.log [as handleSubmit] (src/hooks/useRegistrationForm.ts:284:13)

    console.log
      [2026-02-08T19:37:14.547Z] Current errors: {}

      at Object.log [as handleSubmit] (src/hooks/useRegistrationForm.ts:285:13)

    console.log
      [2026-02-08T19:37:14.547Z] Is rate limited: false

      at Object.log [as handleSubmit] (src/hooks/useRegistrationForm.ts:286:13)

    console.log
      [2026-02-08T19:37:14.547Z] Validation result: true

      at Object.log [as handleSubmit] (src/hooks/useRegistrationForm.ts:296:13)

    console.log
      [2026-02-08T19:37:14.547Z] ✅ Validation passed, proceeding with API call

      at Object.log [as handleSubmit] (src/hooks/useRegistrationForm.ts:303:13)

    console.log
      [2026-02-08T19:37:14.547Z] 📡 Calling API client register method

      at Object.log [as handleSubmit] (src/hooks/useRegistrationForm.ts:316:15)

    console.log
      [2026-02-08T19:37:14.547Z] API payload: {
        email: 'test@example.com',
        name: 'John Doe',
        password: '***REDACTED***'
      }

      at Object.log [as handleSubmit] (src/hooks/useRegistrationForm.ts:317:15)

    console.log
      [2026-02-08T19:37:14.547Z] ❌ API call failed: { status: 409, message: 'Email already exists' }

      at Object.log [as handleSubmit] (src/hooks/useRegistrationForm.ts:343:15)

    console.log
      [2026-02-08T19:37:14.547Z] ========== FORM SUBMISSION ENDED ==========

      at Object.log [as handleSubmit] (src/hooks/useRegistrationForm.ts:376:15)

    console.log
      ✅ preventDefault() called FIRST (stopPropagation also called if available)

      at Object.log [as handleSubmit] (src/hooks/useRegistrationForm.ts:277:13)

    console.log
      [2026-02-08T19:37:14.555Z] ========== FORM SUBMISSION STARTED ==========

      at Object.log [as handleSubmit] (src/hooks/useRegistrationForm.ts:280:13)

    console.log
      [2026-02-08T19:37:14.555Z] Event defaultPrevented: undefined

      at Object.log [as handleSubmit] (src/hooks/useRegistrationForm.ts:281:13)

    console.log
      [2026-02-08T19:37:14.555Z] Event type: undefined

      at Object.log [as handleSubmit] (src/hooks/useRegistrationForm.ts:282:13)

    console.log
      [2026-02-08T19:37:14.555Z] Event target: undefined

      at Object.log [as handleSubmit] (src/hooks/useRegistrationForm.ts:283:13)

    console.log
      [2026-02-08T19:37:14.555Z] Form data: {
        "fullName": "John Doe",
        "email": "test@example.com",
        "password": "Password123!",
        "confirmPassword": "Password123!"
      }

      at Object.log [as handleSubmit] (src/hooks/useRegistrationForm.ts:284:13)

    console.log
      [2026-02-08T19:37:14.555Z] Current errors: {}

      at Object.log [as handleSubmit] (src/hooks/useRegistrationForm.ts:285:13)

    console.log
      [2026-02-08T19:37:14.555Z] Is rate limited: false

      at Object.log [as handleSubmit] (src/hooks/useRegistrationForm.ts:286:13)

    console.log
      [2026-02-08T19:37:14.555Z] Validation result: true

      at Object.log [as handleSubmit] (src/hooks/useRegistrationForm.ts:296:13)

    console.log
      [2026-02-08T19:37:14.555Z] ✅ Validation passed, proceeding with API call

      at Object.log [as handleSubmit] (src/hooks/useRegistrationForm.ts:303:13)

    console.log
      [2026-02-08T19:37:14.555Z] 📡 Calling API client register method

      at Object.log [as handleSubmit] (src/hooks/useRegistrationForm.ts:316:15)

    console.log
      [2026-02-08T19:37:14.555Z] API payload: {
        email: 'test@example.com',
        name: 'John Doe',
        password: '***REDACTED***'
      }

      at Object.log [as handleSubmit] (src/hooks/useRegistrationForm.ts:317:15)

    console.log
      [2026-02-08T19:37:14.555Z] ❌ API call failed: { status: 409, message: 'Email already exists' }

      at Object.log [as handleSubmit] (src/hooks/useRegistrationForm.ts:343:15)

    console.log
      [2026-02-08T19:37:14.555Z] ========== FORM SUBMISSION ENDED ==========

      at Object.log [as handleSubmit] (src/hooks/useRegistrationForm.ts:376:15)

    console.log
      ✅ preventDefault() called FIRST (stopPropagation also called if available)

      at Object.log [as handleSubmit] (src/hooks/useRegistrationForm.ts:277:13)

    console.log
      [2026-02-08T19:37:14.560Z] ========== FORM SUBMISSION STARTED ==========

      at Object.log [as handleSubmit] (src/hooks/useRegistrationForm.ts:280:13)

    console.log
      [2026-02-08T19:37:14.560Z] Event defaultPrevented: undefined

      at Object.log [as handleSubmit] (src/hooks/useRegistrationForm.ts:281:13)

    console.log
      [2026-02-08T19:37:14.560Z] Event type: undefined

      at Object.log [as handleSubmit] (src/hooks/useRegistrationForm.ts:282:13)

    console.log
      [2026-02-08T19:37:14.560Z] Event target: undefined

      at Object.log [as handleSubmit] (src/hooks/useRegistrationForm.ts:283:13)

    console.log
      [2026-02-08T19:37:14.560Z] Form data: {
        "fullName": "John Doe",
        "email": "test@example.com",
        "password": "Password123!",
        "confirmPassword": "Password123!"
      }

      at Object.log [as handleSubmit] (src/hooks/useRegistrationForm.ts:284:13)

    console.log
      [2026-02-08T19:37:14.560Z] Current errors: {}

      at Object.log [as handleSubmit] (src/hooks/useRegistrationForm.ts:285:13)

    console.log
      [2026-02-08T19:37:14.560Z] Is rate limited: true

      at Object.log [as handleSubmit] (src/hooks/useRegistrationForm.ts:286:13)

    console.log
      [2026-02-08T19:37:14.560Z] ❌ Form submission blocked: rate limit active

      at Object.log [as handleSubmit] (src/hooks/useRegistrationForm.ts:290:15)

    console.log
      ✅ preventDefault() called FIRST (stopPropagation also called if available)

      at Object.log [as handleSubmit] (src/hooks/useRegistrationForm.ts:277:13)

    console.log
      [2026-02-08T19:37:14.562Z] ========== FORM SUBMISSION STARTED ==========

      at Object.log [as handleSubmit] (src/hooks/useRegistrationForm.ts:280:13)

    console.log
      [2026-02-08T19:37:14.562Z] Event defaultPrevented: undefined

      at Object.log [as handleSubmit] (src/hooks/useRegistrationForm.ts:281:13)

    console.log
      [2026-02-08T19:37:14.562Z] Event type: undefined

      at Object.log [as handleSubmit] (src/hooks/useRegistrationForm.ts:282:13)

    console.log
      [2026-02-08T19:37:14.562Z] Event target: undefined

      at Object.log [as handleSubmit] (src/hooks/useRegistrationForm.ts:283:13)

    console.log
      [2026-02-08T19:37:14.562Z] Form data: {
        "fullName": "John Doe",
        "email": "test@example.com",
        "password": "Password123!",
        "confirmPassword": "Password123!"
      }

      at Object.log [as handleSubmit] (src/hooks/useRegistrationForm.ts:284:13)

    console.log
      [2026-02-08T19:37:14.562Z] Current errors: {}

      at Object.log [as handleSubmit] (src/hooks/useRegistrationForm.ts:285:13)

    console.log
      [2026-02-08T19:37:14.562Z] Is rate limited: true

      at Object.log [as handleSubmit] (src/hooks/useRegistrationForm.ts:286:13)

    console.log
      [2026-02-08T19:37:14.562Z] ❌ Form submission blocked: rate limit active

      at Object.log [as handleSubmit] (src/hooks/useRegistrationForm.ts:290:15)

    console.log
      ✅ preventDefault() called FIRST (stopPropagation also called if available)

      at Object.log [as handleSubmit] (src/hooks/useRegistrationForm.ts:277:13)

    console.log
      [2026-02-08T19:37:14.565Z] ========== FORM SUBMISSION STARTED ==========

      at Object.log [as handleSubmit] (src/hooks/useRegistrationForm.ts:280:13)

    console.log
      [2026-02-08T19:37:14.565Z] Event defaultPrevented: undefined

      at Object.log [as handleSubmit] (src/hooks/useRegistrationForm.ts:281:13)

    console.log
      [2026-02-08T19:37:14.565Z] Event type: undefined

      at Object.log [as handleSubmit] (src/hooks/useRegistrationForm.ts:282:13)

    console.log
      [2026-02-08T19:37:14.565Z] Event target: undefined

      at Object.log [as handleSubmit] (src/hooks/useRegistrationForm.ts:283:13)

    console.log
      [2026-02-08T19:37:14.565Z] Form data: {
        "fullName": "John Doe",
        "email": "test@example.com",
        "password": "Password123!",
        "confirmPassword": "Password123!"
      }

      at Object.log [as handleSubmit] (src/hooks/useRegistrationForm.ts:284:13)

    console.log
      [2026-02-08T19:37:14.565Z] Current errors: {}

      at Object.log [as handleSubmit] (src/hooks/useRegistrationForm.ts:285:13)

    console.log
      [2026-02-08T19:37:14.565Z] Is rate limited: true

      at Object.log [as handleSubmit] (src/hooks/useRegistrationForm.ts:286:13)

    console.log
      [2026-02-08T19:37:14.565Z] ❌ Form submission blocked: rate limit active

      at Object.log [as handleSubmit] (src/hooks/useRegistrationForm.ts:290:15)

    console.log
      ✅ preventDefault() called FIRST (stopPropagation also called if available)

      at Object.log [as handleSubmit] (src/hooks/useRegistrationForm.ts:277:13)

    console.log
      [2026-02-08T19:37:14.566Z] ========== FORM SUBMISSION STARTED ==========

      at Object.log [as handleSubmit] (src/hooks/useRegistrationForm.ts:280:13)

    console.log
      [2026-02-08T19:37:14.566Z] Event defaultPrevented: undefined

      at Object.log [as handleSubmit] (src/hooks/useRegistrationForm.ts:281:13)

    console.log
      [2026-02-08T19:37:14.566Z] Event type: undefined

      at Object.log [as handleSubmit] (src/hooks/useRegistrationForm.ts:282:13)

    console.log
      [2026-02-08T19:37:14.566Z] Event target: undefined

      at Object.log [as handleSubmit] (src/hooks/useRegistrationForm.ts:283:13)

    console.log
      [2026-02-08T19:37:14.566Z] Form data: {
        "fullName": "John Doe",
        "email": "test@example.com",
        "password": "Password123!",
        "confirmPassword": "Password123!"
      }

      at Object.log [as handleSubmit] (src/hooks/useRegistrationForm.ts:284:13)

    console.log
      [2026-02-08T19:37:14.566Z] Current errors: {}

      at Object.log [as handleSubmit] (src/hooks/useRegistrationForm.ts:285:13)

    console.log
      [2026-02-08T19:37:14.566Z] Is rate limited: true

      at Object.log [as handleSubmit] (src/hooks/useRegistrationForm.ts:286:13)

    console.log
      [2026-02-08T19:37:14.566Z] ❌ Form submission blocked: rate limit active

      at Object.log [as handleSubmit] (src/hooks/useRegistrationForm.ts:290:15)

    console.log
      ✅ preventDefault() called FIRST (stopPropagation also called if available)

      at Object.log [as handleSubmit] (src/hooks/useRegistrationForm.ts:277:13)

    console.log
      [2026-02-08T19:37:14.571Z] ========== FORM SUBMISSION STARTED ==========

      at Object.log [as handleSubmit] (src/hooks/useRegistrationForm.ts:280:13)

    console.log
      [2026-02-08T19:37:14.571Z] Event defaultPrevented: undefined

      at Object.log [as handleSubmit] (src/hooks/useRegistrationForm.ts:281:13)

    console.log
      [2026-02-08T19:37:14.571Z] Event type: undefined

      at Object.log [as handleSubmit] (src/hooks/useRegistrationForm.ts:282:13)

    console.log
      [2026-02-08T19:37:14.571Z] Event target: undefined

      at Object.log [as handleSubmit] (src/hooks/useRegistrationForm.ts:283:13)

    console.log
      [2026-02-08T19:37:14.571Z] Form data: {
        "fullName": "John Doe",
        "email": "test@example.com",
        "password": "Password123!",
        "confirmPassword": "Password123!"
      }

      at Object.log [as handleSubmit] (src/hooks/useRegistrationForm.ts:284:13)

    console.log
      [2026-02-08T19:37:14.571Z] Current errors: {}

      at Object.log [as handleSubmit] (src/hooks/useRegistrationForm.ts:285:13)

    console.log
      [2026-02-08T19:37:14.571Z] Is rate limited: true

      at Object.log [as handleSubmit] (src/hooks/useRegistrationForm.ts:286:13)

    console.log
      [2026-02-08T19:37:14.571Z] ❌ Form submission blocked: rate limit active

      at Object.log [as handleSubmit] (src/hooks/useRegistrationForm.ts:290:15)

    console.log
      ✅ preventDefault() called FIRST (stopPropagation also called if available)

      at Object.log [as handleSubmit] (src/hooks/useRegistrationForm.ts:277:13)

    console.log
      [2026-02-08T19:37:14.577Z] ========== FORM SUBMISSION STARTED ==========

      at Object.log [as handleSubmit] (src/hooks/useRegistrationForm.ts:280:13)

    console.log
      [2026-02-08T19:37:14.577Z] Event defaultPrevented: undefined

      at Object.log [as handleSubmit] (src/hooks/useRegistrationForm.ts:281:13)

    console.log
      [2026-02-08T19:37:14.577Z] Event type: undefined

      at Object.log [as handleSubmit] (src/hooks/useRegistrationForm.ts:282:13)

    console.log
      [2026-02-08T19:37:14.577Z] Event target: undefined

      at Object.log [as handleSubmit] (src/hooks/useRegistrationForm.ts:283:13)

    console.log
      [2026-02-08T19:37:14.577Z] Form data: {
        "fullName": "John Doe",
        "email": "test@example.com",
        "password": "Password123!",
        "confirmPassword": "Password123!"
      }

      at Object.log [as handleSubmit] (src/hooks/useRegistrationForm.ts:284:13)

    console.log
      [2026-02-08T19:37:14.577Z] Current errors: {}

      at Object.log [as handleSubmit] (src/hooks/useRegistrationForm.ts:285:13)

    console.log
      [2026-02-08T19:37:14.577Z] Is rate limited: false

      at Object.log [as handleSubmit] (src/hooks/useRegistrationForm.ts:286:13)

    console.log
      [2026-02-08T19:37:14.577Z] Validation result: true

      at Object.log [as handleSubmit] (src/hooks/useRegistrationForm.ts:296:13)

    console.log
      [2026-02-08T19:37:14.577Z] ✅ Validation passed, proceeding with API call

      at Object.log [as handleSubmit] (src/hooks/useRegistrationForm.ts:303:13)

    console.log
      [2026-02-08T19:37:14.577Z] 📡 Calling API client register method

      at Object.log [as handleSubmit] (src/hooks/useRegistrationForm.ts:316:15)

    console.log
      [2026-02-08T19:37:14.577Z] API payload: {
        email: 'test@example.com',
        name: 'John Doe',
        password: '***REDACTED***'
      }

      at Object.log [as handleSubmit] (src/hooks/useRegistrationForm.ts:317:15)

    console.log
      [2026-02-08T19:37:14.577Z] ✅ API call successful

      at Object.log [as handleSubmit] (src/hooks/useRegistrationForm.ts:330:15)

    console.log
      [2026-02-08T19:37:14.577Z] ========== FORM SUBMISSION ENDED ==========

      at Object.log [as handleSubmit] (src/hooks/useRegistrationForm.ts:376:15)

    console.log
      ✅ preventDefault() called FIRST (stopPropagation also called if available)

      at Object.log [as handleSubmit] (src/hooks/useRegistrationForm.ts:277:13)

    console.log
      [2026-02-08T19:37:14.581Z] ========== FORM SUBMISSION STARTED ==========

      at Object.log [as handleSubmit] (src/hooks/useRegistrationForm.ts:280:13)

    console.log
      [2026-02-08T19:37:14.581Z] Event defaultPrevented: undefined

      at Object.log [as handleSubmit] (src/hooks/useRegistrationForm.ts:281:13)

    console.log
      [2026-02-08T19:37:14.581Z] Event type: undefined

      at Object.log [as handleSubmit] (src/hooks/useRegistrationForm.ts:282:13)

    console.log
      [2026-02-08T19:37:14.581Z] Event target: undefined

      at Object.log [as handleSubmit] (src/hooks/useRegistrationForm.ts:283:13)

    console.log
      [2026-02-08T19:37:14.581Z] Form data: {
        "fullName": "John Doe",
        "email": "test@example.com",
        "password": "Password123!",
        "confirmPassword": "Password123!"
      }

      at Object.log [as handleSubmit] (src/hooks/useRegistrationForm.ts:284:13)

    console.log
      [2026-02-08T19:37:14.581Z] Current errors: {}

      at Object.log [as handleSubmit] (src/hooks/useRegistrationForm.ts:285:13)

    console.log
      [2026-02-08T19:37:14.581Z] Is rate limited: false

      at Object.log [as handleSubmit] (src/hooks/useRegistrationForm.ts:286:13)

    console.log
      [2026-02-08T19:37:14.581Z] Validation result: true

      at Object.log [as handleSubmit] (src/hooks/useRegistrationForm.ts:296:13)

    console.log
      [2026-02-08T19:37:14.581Z] ✅ Validation passed, proceeding with API call

      at Object.log [as handleSubmit] (src/hooks/useRegistrationForm.ts:303:13)

    console.log
      [2026-02-08T19:37:14.581Z] 📡 Calling API client register method

      at Object.log [as handleSubmit] (src/hooks/useRegistrationForm.ts:316:15)

    console.log
      [2026-02-08T19:37:14.581Z] API payload: {
        email: 'test@example.com',
        name: 'John Doe',
        password: '***REDACTED***'
      }

      at Object.log [as handleSubmit] (src/hooks/useRegistrationForm.ts:317:15)

    console.log
      [2026-02-08T19:37:14.581Z] ❌ API call failed: { status: 409, message: 'Email already exists' }

      at Object.log [as handleSubmit] (src/hooks/useRegistrationForm.ts:343:15)

    console.log
      [2026-02-08T19:37:14.581Z] ========== FORM SUBMISSION ENDED ==========

      at Object.log [as handleSubmit] (src/hooks/useRegistrationForm.ts:376:15)

    console.log
      ✅ preventDefault() called FIRST (stopPropagation also called if available)

      at Object.log [as handleSubmit] (src/hooks/useRegistrationForm.ts:277:13)

    console.log
      [2026-02-08T19:37:14.585Z] ========== FORM SUBMISSION STARTED ==========

      at Object.log [as handleSubmit] (src/hooks/useRegistrationForm.ts:280:13)

    console.log
      [2026-02-08T19:37:14.585Z] Event defaultPrevented: undefined

      at Object.log [as handleSubmit] (src/hooks/useRegistrationForm.ts:281:13)

    console.log
      [2026-02-08T19:37:14.585Z] Event type: undefined

      at Object.log [as handleSubmit] (src/hooks/useRegistrationForm.ts:282:13)

    console.log
      [2026-02-08T19:37:14.585Z] Event target: undefined

      at Object.log [as handleSubmit] (src/hooks/useRegistrationForm.ts:283:13)

    console.log
      [2026-02-08T19:37:14.585Z] Form data: {
        "fullName": "John Doe",
        "email": "test@example.com",
        "password": "Password123!",
        "confirmPassword": "Password123!"
      }

      at Object.log [as handleSubmit] (src/hooks/useRegistrationForm.ts:284:13)

    console.log
      [2026-02-08T19:37:14.585Z] Current errors: {}

      at Object.log [as handleSubmit] (src/hooks/useRegistrationForm.ts:285:13)

    console.log
      [2026-02-08T19:37:14.585Z] Is rate limited: false

      at Object.log [as handleSubmit] (src/hooks/useRegistrationForm.ts:286:13)

    console.log
      [2026-02-08T19:37:14.585Z] Validation result: true

      at Object.log [as handleSubmit] (src/hooks/useRegistrationForm.ts:296:13)

    console.log
      [2026-02-08T19:37:14.585Z] ✅ Validation passed, proceeding with API call

      at Object.log [as handleSubmit] (src/hooks/useRegistrationForm.ts:303:13)

    console.log
      [2026-02-08T19:37:14.585Z] 📡 Calling API client register method

      at Object.log [as handleSubmit] (src/hooks/useRegistrationForm.ts:316:15)

    console.log
      [2026-02-08T19:37:14.585Z] API payload: {
        email: 'test@example.com',
        name: 'John Doe',
        password: '***REDACTED***'
      }

      at Object.log [as handleSubmit] (src/hooks/useRegistrationForm.ts:317:15)

    console.log
      [2026-02-08T19:37:14.585Z] ✅ API call successful

      at Object.log [as handleSubmit] (src/hooks/useRegistrationForm.ts:330:15)

    console.log
      [2026-02-08T19:37:14.585Z] ========== FORM SUBMISSION ENDED ==========

      at Object.log [as handleSubmit] (src/hooks/useRegistrationForm.ts:376:15)

    console.log
      ✅ preventDefault() called FIRST (stopPropagation also called if available)

      at Object.log [as handleSubmit] (src/hooks/useRegistrationForm.ts:277:13)

    console.log
      [2026-02-08T19:37:14.589Z] ========== FORM SUBMISSION STARTED ==========

      at Object.log [as handleSubmit] (src/hooks/useRegistrationForm.ts:280:13)

    console.log
      [2026-02-08T19:37:14.589Z] Event defaultPrevented: undefined

      at Object.log [as handleSubmit] (src/hooks/useRegistrationForm.ts:281:13)

    console.log
      [2026-02-08T19:37:14.589Z] Event type: undefined

      at Object.log [as handleSubmit] (src/hooks/useRegistrationForm.ts:282:13)

    console.log
      [2026-02-08T19:37:14.589Z] Event target: undefined

      at Object.log [as handleSubmit] (src/hooks/useRegistrationForm.ts:283:13)

    console.log
      [2026-02-08T19:37:14.589Z] Form data: {
        "fullName": "John Doe",
        "email": "test@example.com",
        "password": "Password123!",
        "confirmPassword": "Password123!"
      }

      at Object.log [as handleSubmit] (src/hooks/useRegistrationForm.ts:284:13)

    console.log
      [2026-02-08T19:37:14.589Z] Current errors: {}

      at Object.log [as handleSubmit] (src/hooks/useRegistrationForm.ts:285:13)

    console.log
      [2026-02-08T19:37:14.589Z] Is rate limited: false

      at Object.log [as handleSubmit] (src/hooks/useRegistrationForm.ts:286:13)

    console.log
      [2026-02-08T19:37:14.589Z] Validation result: true

      at Object.log [as handleSubmit] (src/hooks/useRegistrationForm.ts:296:13)

    console.log
      [2026-02-08T19:37:14.589Z] ✅ Validation passed, proceeding with API call

      at Object.log [as handleSubmit] (src/hooks/useRegistrationForm.ts:303:13)

    console.log
      [2026-02-08T19:37:14.589Z] 📡 Calling API client register method

      at Object.log [as handleSubmit] (src/hooks/useRegistrationForm.ts:316:15)

    console.log
      [2026-02-08T19:37:14.589Z] API payload: {
        email: 'test@example.com',
        name: 'John Doe',
        password: '***REDACTED***'
      }

      at Object.log [as handleSubmit] (src/hooks/useRegistrationForm.ts:317:15)

    console.log
      [2026-02-08T19:37:14.589Z] ✅ API call successful

      at Object.log [as handleSubmit] (src/hooks/useRegistrationForm.ts:330:15)

    console.log
      [2026-02-08T19:37:14.589Z] ========== FORM SUBMISSION ENDED ==========

      at Object.log [as handleSubmit] (src/hooks/useRegistrationForm.ts:376:15)

    console.log
      ✅ preventDefault() called FIRST (stopPropagation also called if available)

      at Object.log [as handleSubmit] (src/hooks/useRegistrationForm.ts:277:13)

    console.log
      [2026-02-08T19:37:14.592Z] ========== FORM SUBMISSION STARTED ==========

      at Object.log [as handleSubmit] (src/hooks/useRegistrationForm.ts:280:13)

    console.log
      [2026-02-08T19:37:14.592Z] Event defaultPrevented: undefined

      at Object.log [as handleSubmit] (src/hooks/useRegistrationForm.ts:281:13)

    console.log
      [2026-02-08T19:37:14.592Z] Event type: undefined

      at Object.log [as handleSubmit] (src/hooks/useRegistrationForm.ts:282:13)

    console.log
      [2026-02-08T19:37:14.592Z] Event target: undefined

      at Object.log [as handleSubmit] (src/hooks/useRegistrationForm.ts:283:13)

    console.log
      [2026-02-08T19:37:14.592Z] Form data: {
        "fullName": "John Doe",
        "email": "test@example.com",
        "password": "Password123!",
        "confirmPassword": "Password123!"
      }

      at Object.log [as handleSubmit] (src/hooks/useRegistrationForm.ts:284:13)

    console.log
      [2026-02-08T19:37:14.592Z] Current errors: {}

      at Object.log [as handleSubmit] (src/hooks/useRegistrationForm.ts:285:13)

    console.log
      [2026-02-08T19:37:14.592Z] Is rate limited: false

      at Object.log [as handleSubmit] (src/hooks/useRegistrationForm.ts:286:13)

    console.log
      [2026-02-08T19:37:14.592Z] Validation result: true

      at Object.log [as handleSubmit] (src/hooks/useRegistrationForm.ts:296:13)

    console.log
      [2026-02-08T19:37:14.592Z] ✅ Validation passed, proceeding with API call

      at Object.log [as handleSubmit] (src/hooks/useRegistrationForm.ts:303:13)

    console.log
      [2026-02-08T19:37:14.592Z] 📡 Calling API client register method

      at Object.log [as handleSubmit] (src/hooks/useRegistrationForm.ts:316:15)

    console.log
      [2026-02-08T19:37:14.592Z] API payload: {
        email: 'test@example.com',
        name: 'John Doe',
        password: '***REDACTED***'
      }

      at Object.log [as handleSubmit] (src/hooks/useRegistrationForm.ts:317:15)

    console.log
      [2026-02-08T19:37:14.592Z] ✅ API call successful

      at Object.log [as handleSubmit] (src/hooks/useRegistrationForm.ts:330:15)

    console.log
      [2026-02-08T19:37:14.592Z] ========== FORM SUBMISSION ENDED ==========

      at Object.log [as handleSubmit] (src/hooks/useRegistrationForm.ts:376:15)

    console.log
      ✅ preventDefault() called FIRST (stopPropagation also called if available)

      at Object.log [as handleSubmit] (src/hooks/useRegistrationForm.ts:277:13)

    console.log
      [2026-02-08T19:37:14.597Z] ========== FORM SUBMISSION STARTED ==========

      at Object.log [as handleSubmit] (src/hooks/useRegistrationForm.ts:280:13)

    console.log
      [2026-02-08T19:37:14.597Z] Event defaultPrevented: undefined

      at Object.log [as handleSubmit] (src/hooks/useRegistrationForm.ts:281:13)

    console.log
      [2026-02-08T19:37:14.597Z] Event type: undefined

      at Object.log [as handleSubmit] (src/hooks/useRegistrationForm.ts:282:13)

    console.log
      [2026-02-08T19:37:14.597Z] Event target: undefined

      at Object.log [as handleSubmit] (src/hooks/useRegistrationForm.ts:283:13)

    console.log
      [2026-02-08T19:37:14.597Z] Form data: {
        "fullName": "John Doe",
        "email": "test@example.com",
        "password": "Password123!",
        "confirmPassword": "Password123!"
      }

      at Object.log [as handleSubmit] (src/hooks/useRegistrationForm.ts:284:13)

    console.log
      [2026-02-08T19:37:14.597Z] Current errors: {}

      at Object.log [as handleSubmit] (src/hooks/useRegistrationForm.ts:285:13)

    console.log
      [2026-02-08T19:37:14.597Z] Is rate limited: false

      at Object.log [as handleSubmit] (src/hooks/useRegistrationForm.ts:286:13)

    console.log
      [2026-02-08T19:37:14.597Z] Validation result: true

      at Object.log [as handleSubmit] (src/hooks/useRegistrationForm.ts:296:13)

    console.log
      [2026-02-08T19:37:14.597Z] ✅ Validation passed, proceeding with API call

      at Object.log [as handleSubmit] (src/hooks/useRegistrationForm.ts:303:13)

    console.log
      [2026-02-08T19:37:14.597Z] 📡 Calling API client register method

      at Object.log [as handleSubmit] (src/hooks/useRegistrationForm.ts:316:15)

    console.log
      [2026-02-08T19:37:14.597Z] API payload: {
        email: 'test@example.com',
        name: 'John Doe',
        password: '***REDACTED***'
      }

      at Object.log [as handleSubmit] (src/hooks/useRegistrationForm.ts:317:15)

    console.log
      [2026-02-08T19:37:14.597Z] ❌ API call failed: { status: 409, message: 'Email already exists' }

      at Object.log [as handleSubmit] (src/hooks/useRegistrationForm.ts:343:15)

    console.log
      [2026-02-08T19:37:14.597Z] ========== FORM SUBMISSION ENDED ==========

      at Object.log [as handleSubmit] (src/hooks/useRegistrationForm.ts:376:15)

    console.log
      ✅ preventDefault() called FIRST (stopPropagation also called if available)

      at Object.log [as handleSubmit] (src/hooks/useRegistrationForm.ts:277:13)

    console.log
      [2026-02-08T19:37:14.604Z] ========== FORM SUBMISSION STARTED ==========

      at Object.log [as handleSubmit] (src/hooks/useRegistrationForm.ts:280:13)

    console.log
      [2026-02-08T19:37:14.604Z] Event defaultPrevented: undefined

      at Object.log [as handleSubmit] (src/hooks/useRegistrationForm.ts:281:13)

    console.log
      [2026-02-08T19:37:14.604Z] Event type: undefined

      at Object.log [as handleSubmit] (src/hooks/useRegistrationForm.ts:282:13)

    console.log
      [2026-02-08T19:37:14.604Z] Event target: undefined

      at Object.log [as handleSubmit] (src/hooks/useRegistrationForm.ts:283:13)

    console.log
      [2026-02-08T19:37:14.604Z] Form data: {
        "fullName": "John Doe",
        "email": "test@example.com",
        "password": "Password123!",
        "confirmPassword": "Password123!"
      }

      at Object.log [as handleSubmit] (src/hooks/useRegistrationForm.ts:284:13)

    console.log
      [2026-02-08T19:37:14.604Z] Current errors: {}

      at Object.log [as handleSubmit] (src/hooks/useRegistrationForm.ts:285:13)

    console.log
      [2026-02-08T19:37:14.604Z] Is rate limited: false

      at Object.log [as handleSubmit] (src/hooks/useRegistrationForm.ts:286:13)

    console.log
      [2026-02-08T19:37:14.604Z] Validation result: true

      at Object.log [as handleSubmit] (src/hooks/useRegistrationForm.ts:296:13)

    console.log
      [2026-02-08T19:37:14.604Z] ✅ Validation passed, proceeding with API call

      at Object.log [as handleSubmit] (src/hooks/useRegistrationForm.ts:303:13)

    console.log
      [2026-02-08T19:37:14.604Z] 📡 Calling API client register method

      at Object.log [as handleSubmit] (src/hooks/useRegistrationForm.ts:316:15)

    console.log
      [2026-02-08T19:37:14.604Z] API payload: {
        email: 'test@example.com',
        name: 'John Doe',
        password: '***REDACTED***'
      }

      at Object.log [as handleSubmit] (src/hooks/useRegistrationForm.ts:317:15)

    console.log
      [2026-02-08T19:37:14.604Z] ❌ API call failed: { status: 409, message: 'Email already exists' }

      at Object.log [as handleSubmit] (src/hooks/useRegistrationForm.ts:343:15)

    console.log
      [2026-02-08T19:37:14.604Z] ========== FORM SUBMISSION ENDED ==========

      at Object.log [as handleSubmit] (src/hooks/useRegistrationForm.ts:376:15)

    console.log
      ✅ preventDefault() called FIRST (stopPropagation also called if available)

      at Object.log [as handleSubmit] (src/hooks/useRegistrationForm.ts:277:13)

    console.log
      [2026-02-08T19:37:14.608Z] ========== FORM SUBMISSION STARTED ==========

      at Object.log [as handleSubmit] (src/hooks/useRegistrationForm.ts:280:13)

    console.log
      [2026-02-08T19:37:14.608Z] Event defaultPrevented: undefined

      at Object.log [as handleSubmit] (src/hooks/useRegistrationForm.ts:281:13)

    console.log
      [2026-02-08T19:37:14.608Z] Event type: undefined

      at Object.log [as handleSubmit] (src/hooks/useRegistrationForm.ts:282:13)

    console.log
      [2026-02-08T19:37:14.608Z] Event target: undefined

      at Object.log [as handleSubmit] (src/hooks/useRegistrationForm.ts:283:13)

    console.log
      [2026-02-08T19:37:14.608Z] Form data: {
        "fullName": "John Doe",
        "email": "test@example.com",
        "password": "Password123!",
        "confirmPassword": "Password123!"
      }

      at Object.log [as handleSubmit] (src/hooks/useRegistrationForm.ts:284:13)

    console.log
      [2026-02-08T19:37:14.608Z] Current errors: {}

      at Object.log [as handleSubmit] (src/hooks/useRegistrationForm.ts:285:13)

    console.log
      [2026-02-08T19:37:14.608Z] Is rate limited: false

      at Object.log [as handleSubmit] (src/hooks/useRegistrationForm.ts:286:13)

    console.log
      [2026-02-08T19:37:14.608Z] Validation result: true

      at Object.log [as handleSubmit] (src/hooks/useRegistrationForm.ts:296:13)

    console.log
      [2026-02-08T19:37:14.608Z] ✅ Validation passed, proceeding with API call

      at Object.log [as handleSubmit] (src/hooks/useRegistrationForm.ts:303:13)

    console.log
      [2026-02-08T19:37:14.608Z] 📡 Calling API client register method

      at Object.log [as handleSubmit] (src/hooks/useRegistrationForm.ts:316:15)

    console.log
      [2026-02-08T19:37:14.608Z] API payload: {
        email: 'test@example.com',
        name: 'John Doe',
        password: '***REDACTED***'
      }

      at Object.log [as handleSubmit] (src/hooks/useRegistrationForm.ts:317:15)

    console.log
      [2026-02-08T19:37:14.608Z] ❌ API call failed: { status: 409, message: 'Email already exists' }

      at Object.log [as handleSubmit] (src/hooks/useRegistrationForm.ts:343:15)

    console.log
      [2026-02-08T19:37:14.608Z] ========== FORM SUBMISSION ENDED ==========

      at Object.log [as handleSubmit] (src/hooks/useRegistrationForm.ts:376:15)

    console.log
      ✅ preventDefault() called FIRST (stopPropagation also called if available)

      at Object.log [as handleSubmit] (src/hooks/useRegistrationForm.ts:277:13)

    console.log
      [2026-02-08T19:37:14.612Z] ========== FORM SUBMISSION STARTED ==========

      at Object.log [as handleSubmit] (src/hooks/useRegistrationForm.ts:280:13)

    console.log
      [2026-02-08T19:37:14.612Z] Event defaultPrevented: undefined

      at Object.log [as handleSubmit] (src/hooks/useRegistrationForm.ts:281:13)

    console.log
      [2026-02-08T19:37:14.612Z] Event type: undefined

      at Object.log [as handleSubmit] (src/hooks/useRegistrationForm.ts:282:13)

    console.log
      [2026-02-08T19:37:14.612Z] Event target: undefined

      at Object.log [as handleSubmit] (src/hooks/useRegistrationForm.ts:283:13)

    console.log
      [2026-02-08T19:37:14.612Z] Form data: {
        "fullName": "John Doe",
        "email": "test@example.com",
        "password": "Password123!",
        "confirmPassword": "Password123!"
      }

      at Object.log [as handleSubmit] (src/hooks/useRegistrationForm.ts:284:13)

    console.log
      [2026-02-08T19:37:14.612Z] Current errors: {}

      at Object.log [as handleSubmit] (src/hooks/useRegistrationForm.ts:285:13)

    console.log
      [2026-02-08T19:37:14.612Z] Is rate limited: false

      at Object.log [as handleSubmit] (src/hooks/useRegistrationForm.ts:286:13)

    console.log
      [2026-02-08T19:37:14.612Z] Validation result: true

      at Object.log [as handleSubmit] (src/hooks/useRegistrationForm.ts:296:13)

    console.log
      [2026-02-08T19:37:14.612Z] ✅ Validation passed, proceeding with API call

      at Object.log [as handleSubmit] (src/hooks/useRegistrationForm.ts:303:13)

    console.log
      [2026-02-08T19:37:14.612Z] 📡 Calling API client register method

      at Object.log [as handleSubmit] (src/hooks/useRegistrationForm.ts:316:15)

    console.log
      [2026-02-08T19:37:14.612Z] API payload: {
        email: 'test@example.com',
        name: 'John Doe',
        password: '***REDACTED***'
      }

      at Object.log [as handleSubmit] (src/hooks/useRegistrationForm.ts:317:15)

    console.log
      [2026-02-08T19:37:14.612Z] ❌ API call failed: { status: 409, message: 'Email already exists' }

      at Object.log [as handleSubmit] (src/hooks/useRegistrationForm.ts:343:15)

    console.log
      [2026-02-08T19:37:14.612Z] ========== FORM SUBMISSION ENDED ==========

      at Object.log [as handleSubmit] (src/hooks/useRegistrationForm.ts:376:15)

    console.log
      ✅ preventDefault() called FIRST (stopPropagation also called if available)

      at Object.log [as handleSubmit] (src/hooks/useRegistrationForm.ts:277:13)

    console.log
      [2026-02-08T19:37:14.616Z] ========== FORM SUBMISSION STARTED ==========

      at Object.log [as handleSubmit] (src/hooks/useRegistrationForm.ts:280:13)

    console.log
      [2026-02-08T19:37:14.616Z] Event defaultPrevented: undefined

      at Object.log [as handleSubmit] (src/hooks/useRegistrationForm.ts:281:13)

    console.log
      [2026-02-08T19:37:14.616Z] Event type: undefined

      at Object.log [as handleSubmit] (src/hooks/useRegistrationForm.ts:282:13)

    console.log
      [2026-02-08T19:37:14.616Z] Event target: undefined

      at Object.log [as handleSubmit] (src/hooks/useRegistrationForm.ts:283:13)

    console.log
      [2026-02-08T19:37:14.616Z] Form data: {
        "fullName": "John Doe",
        "email": "test@example.com",
        "password": "Password123!",
        "confirmPassword": "Password123!"
      }

      at Object.log [as handleSubmit] (src/hooks/useRegistrationForm.ts:284:13)

    console.log
      [2026-02-08T19:37:14.616Z] Current errors: {}

      at Object.log [as handleSubmit] (src/hooks/useRegistrationForm.ts:285:13)

    console.log
      [2026-02-08T19:37:14.616Z] Is rate limited: false

      at Object.log [as handleSubmit] (src/hooks/useRegistrationForm.ts:286:13)

    console.log
      [2026-02-08T19:37:14.616Z] Validation result: true

      at Object.log [as handleSubmit] (src/hooks/useRegistrationForm.ts:296:13)

    console.log
      [2026-02-08T19:37:14.616Z] ✅ Validation passed, proceeding with API call

      at Object.log [as handleSubmit] (src/hooks/useRegistrationForm.ts:303:13)

    console.log
      [2026-02-08T19:37:14.616Z] 📡 Calling API client register method

      at Object.log [as handleSubmit] (src/hooks/useRegistrationForm.ts:316:15)

    console.log
      [2026-02-08T19:37:14.616Z] API payload: {
        email: 'test@example.com',
        name: 'John Doe',
        password: '***REDACTED***'
      }

      at Object.log [as handleSubmit] (src/hooks/useRegistrationForm.ts:317:15)

    console.log
      [2026-02-08T19:37:14.616Z] ❌ API call failed: { status: 409, message: 'Email already exists' }

      at Object.log [as handleSubmit] (src/hooks/useRegistrationForm.ts:343:15)

    console.log
      [2026-02-08T19:37:14.616Z] ========== FORM SUBMISSION ENDED ==========

      at Object.log [as handleSubmit] (src/hooks/useRegistrationForm.ts:376:15)

    console.log
      ✅ preventDefault() called FIRST (stopPropagation also called if available)

      at Object.log [as handleSubmit] (src/hooks/useRegistrationForm.ts:277:13)

    console.log
      [2026-02-08T19:37:14.621Z] ========== FORM SUBMISSION STARTED ==========

      at Object.log [as handleSubmit] (src/hooks/useRegistrationForm.ts:280:13)

    console.log
      [2026-02-08T19:37:14.621Z] Event defaultPrevented: undefined

      at Object.log [as handleSubmit] (src/hooks/useRegistrationForm.ts:281:13)

    console.log
      [2026-02-08T19:37:14.621Z] Event type: undefined

      at Object.log [as handleSubmit] (src/hooks/useRegistrationForm.ts:282:13)

    console.log
      [2026-02-08T19:37:14.621Z] Event target: undefined

      at Object.log [as handleSubmit] (src/hooks/useRegistrationForm.ts:283:13)

    console.log
      [2026-02-08T19:37:14.621Z] Form data: {
        "fullName": "John Doe",
        "email": "test@example.com",
        "password": "Password123!",
        "confirmPassword": "Password123!"
      }

      at Object.log [as handleSubmit] (src/hooks/useRegistrationForm.ts:284:13)

    console.log
      [2026-02-08T19:37:14.621Z] Current errors: {}

      at Object.log [as handleSubmit] (src/hooks/useRegistrationForm.ts:285:13)

    console.log
      [2026-02-08T19:37:14.621Z] Is rate limited: false

      at Object.log [as handleSubmit] (src/hooks/useRegistrationForm.ts:286:13)

    console.log
      [2026-02-08T19:37:14.621Z] Validation result: true

      at Object.log [as handleSubmit] (src/hooks/useRegistrationForm.ts:296:13)

    console.log
      [2026-02-08T19:37:14.621Z] ✅ Validation passed, proceeding with API call

      at Object.log [as handleSubmit] (src/hooks/useRegistrationForm.ts:303:13)

    console.log
      [2026-02-08T19:37:14.621Z] 📡 Calling API client register method

      at Object.log [as handleSubmit] (src/hooks/useRegistrationForm.ts:316:15)

    console.log
      [2026-02-08T19:37:14.621Z] API payload: {
        email: 'test@example.com',
        name: 'John Doe',
        password: '***REDACTED***'
      }

      at Object.log [as handleSubmit] (src/hooks/useRegistrationForm.ts:317:15)

    console.log
      [2026-02-08T19:37:14.621Z] ❌ API call failed: { status: 409, message: 'Email already exists' }

      at Object.log [as handleSubmit] (src/hooks/useRegistrationForm.ts:343:15)

    console.log
      [2026-02-08T19:37:14.621Z] ========== FORM SUBMISSION ENDED ==========

      at Object.log [as handleSubmit] (src/hooks/useRegistrationForm.ts:376:15)

    console.log
      ✅ preventDefault() called FIRST (stopPropagation also called if available)

      at Object.log [as handleSubmit] (src/hooks/useRegistrationForm.ts:277:13)

    console.log
      [2026-02-08T19:37:14.624Z] ========== FORM SUBMISSION STARTED ==========

      at Object.log [as handleSubmit] (src/hooks/useRegistrationForm.ts:280:13)

    console.log
      [2026-02-08T19:37:14.624Z] Event defaultPrevented: undefined

      at Object.log [as handleSubmit] (src/hooks/useRegistrationForm.ts:281:13)

    console.log
      [2026-02-08T19:37:14.624Z] Event type: undefined

      at Object.log [as handleSubmit] (src/hooks/useRegistrationForm.ts:282:13)

    console.log
      [2026-02-08T19:37:14.624Z] Event target: undefined

      at Object.log [as handleSubmit] (src/hooks/useRegistrationForm.ts:283:13)

    console.log
      [2026-02-08T19:37:14.624Z] Form data: {
        "fullName": "John Doe",
        "email": "test@example.com",
        "password": "Password123!",
        "confirmPassword": "Password123!"
      }

      at Object.log [as handleSubmit] (src/hooks/useRegistrationForm.ts:284:13)

    console.log
      [2026-02-08T19:37:14.624Z] Current errors: {}

      at Object.log [as handleSubmit] (src/hooks/useRegistrationForm.ts:285:13)

    console.log
      [2026-02-08T19:37:14.624Z] Is rate limited: false

      at Object.log [as handleSubmit] (src/hooks/useRegistrationForm.ts:286:13)

    console.log
      [2026-02-08T19:37:14.624Z] Validation result: true

      at Object.log [as handleSubmit] (src/hooks/useRegistrationForm.ts:296:13)

    console.log
      [2026-02-08T19:37:14.624Z] ✅ Validation passed, proceeding with API call

      at Object.log [as handleSubmit] (src/hooks/useRegistrationForm.ts:303:13)

    console.log
      [2026-02-08T19:37:14.624Z] 📡 Calling API client register method

      at Object.log [as handleSubmit] (src/hooks/useRegistrationForm.ts:316:15)

    console.log
      [2026-02-08T19:37:14.624Z] API payload: {
        email: 'test@example.com',
        name: 'John Doe',
        password: '***REDACTED***'
      }

      at Object.log [as handleSubmit] (src/hooks/useRegistrationForm.ts:317:15)

    console.log
      [2026-02-08T19:37:14.624Z] ❌ API call failed: { status: 409, message: 'Email already exists' }

      at Object.log [as handleSubmit] (src/hooks/useRegistrationForm.ts:343:15)

    console.log
      [2026-02-08T19:37:14.624Z] ========== FORM SUBMISSION ENDED ==========

      at Object.log [as handleSubmit] (src/hooks/useRegistrationForm.ts:376:15)

    console.log
      ✅ preventDefault() called FIRST (stopPropagation also called if available)

      at Object.log [as handleSubmit] (src/hooks/useRegistrationForm.ts:277:13)

    console.log
      [2026-02-08T19:37:14.631Z] ========== FORM SUBMISSION STARTED ==========

      at Object.log [as handleSubmit] (src/hooks/useRegistrationForm.ts:280:13)

    console.log
      [2026-02-08T19:37:14.631Z] Event defaultPrevented: undefined

      at Object.log [as handleSubmit] (src/hooks/useRegistrationForm.ts:281:13)

    console.log
      [2026-02-08T19:37:14.631Z] Event type: undefined

      at Object.log [as handleSubmit] (src/hooks/useRegistrationForm.ts:282:13)

    console.log
      [2026-02-08T19:37:14.631Z] Event target: undefined

      at Object.log [as handleSubmit] (src/hooks/useRegistrationForm.ts:283:13)

    console.log
      [2026-02-08T19:37:14.631Z] Form data: {
        "fullName": "John Doe",
        "email": "test@example.com",
        "password": "Password123!",
        "confirmPassword": "Password123!"
      }

      at Object.log [as handleSubmit] (src/hooks/useRegistrationForm.ts:284:13)

    console.log
      [2026-02-08T19:37:14.631Z] Current errors: {}

      at Object.log [as handleSubmit] (src/hooks/useRegistrationForm.ts:285:13)

    console.log
      [2026-02-08T19:37:14.631Z] Is rate limited: true

      at Object.log [as handleSubmit] (src/hooks/useRegistrationForm.ts:286:13)

    console.log
      [2026-02-08T19:37:14.631Z] ❌ Form submission blocked: rate limit active

      at Object.log [as handleSubmit] (src/hooks/useRegistrationForm.ts:290:15)

    console.log
      ✅ preventDefault() called FIRST (stopPropagation also called if available)

      at Object.log [as handleSubmit] (src/hooks/useRegistrationForm.ts:277:13)

    console.log
      [2026-02-08T19:37:14.634Z] ========== FORM SUBMISSION STARTED ==========

      at Object.log [as handleSubmit] (src/hooks/useRegistrationForm.ts:280:13)

    console.log
      [2026-02-08T19:37:14.634Z] Event defaultPrevented: undefined

      at Object.log [as handleSubmit] (src/hooks/useRegistrationForm.ts:281:13)

    console.log
      [2026-02-08T19:37:14.634Z] Event type: undefined

      at Object.log [as handleSubmit] (src/hooks/useRegistrationForm.ts:282:13)

    console.log
      [2026-02-08T19:37:14.634Z] Event target: undefined

      at Object.log [as handleSubmit] (src/hooks/useRegistrationForm.ts:283:13)

    console.log
      [2026-02-08T19:37:14.634Z] Form data: {
        "fullName": "John Doe",
        "email": "test@example.com",
        "password": "Password123!",
        "confirmPassword": "Password123!"
      }

      at Object.log [as handleSubmit] (src/hooks/useRegistrationForm.ts:284:13)

    console.log
      [2026-02-08T19:37:14.634Z] Current errors: {}

      at Object.log [as handleSubmit] (src/hooks/useRegistrationForm.ts:285:13)

    console.log
      [2026-02-08T19:37:14.634Z] Is rate limited: true

      at Object.log [as handleSubmit] (src/hooks/useRegistrationForm.ts:286:13)

    console.log
      [2026-02-08T19:37:14.634Z] ❌ Form submission blocked: rate limit active

      at Object.log [as handleSubmit] (src/hooks/useRegistrationForm.ts:290:15)

    console.log
      ✅ preventDefault() called FIRST (stopPropagation also called if available)

      at Object.log [as handleSubmit] (src/hooks/useRegistrationForm.ts:277:13)

    console.log
      [2026-02-08T19:37:14.636Z] ========== FORM SUBMISSION STARTED ==========

      at Object.log [as handleSubmit] (src/hooks/useRegistrationForm.ts:280:13)

    console.log
      [2026-02-08T19:37:14.636Z] Event defaultPrevented: undefined

      at Object.log [as handleSubmit] (src/hooks/useRegistrationForm.ts:281:13)

    console.log
      [2026-02-08T19:37:14.636Z] Event type: undefined

      at Object.log [as handleSubmit] (src/hooks/useRegistrationForm.ts:282:13)

    console.log
      [2026-02-08T19:37:14.636Z] Event target: undefined

      at Object.log [as handleSubmit] (src/hooks/useRegistrationForm.ts:283:13)

    console.log
      [2026-02-08T19:37:14.636Z] Form data: {
        "fullName": "John Doe",
        "email": "test@example.com",
        "password": "Password123!",
        "confirmPassword": "Password123!"
      }

      at Object.log [as handleSubmit] (src/hooks/useRegistrationForm.ts:284:13)

    console.log
      [2026-02-08T19:37:14.636Z] Current errors: {}

      at Object.log [as handleSubmit] (src/hooks/useRegistrationForm.ts:285:13)

    console.log
      [2026-02-08T19:37:14.636Z] Is rate limited: false

      at Object.log [as handleSubmit] (src/hooks/useRegistrationForm.ts:286:13)

    console.log
      [2026-02-08T19:37:14.636Z] Validation result: true

      at Object.log [as handleSubmit] (src/hooks/useRegistrationForm.ts:296:13)

    console.log
      [2026-02-08T19:37:14.636Z] ✅ Validation passed, proceeding with API call

      at Object.log [as handleSubmit] (src/hooks/useRegistrationForm.ts:303:13)

    console.log
      [2026-02-08T19:37:14.636Z] 📡 Calling API client register method

      at Object.log [as handleSubmit] (src/hooks/useRegistrationForm.ts:316:15)

    console.log
      [2026-02-08T19:37:14.636Z] API payload: {
        email: 'test@example.com',
        name: 'John Doe',
        password: '***REDACTED***'
      }

      at Object.log [as handleSubmit] (src/hooks/useRegistrationForm.ts:317:15)

    console.log
      [2026-02-08T19:37:14.636Z] ❌ API call failed: { status: 409, message: 'Email already exists' }

      at Object.log [as handleSubmit] (src/hooks/useRegistrationForm.ts:343:15)

    console.log
      [2026-02-08T19:37:14.636Z] ========== FORM SUBMISSION ENDED ==========

      at Object.log [as handleSubmit] (src/hooks/useRegistrationForm.ts:376:15)

    console.log
      ✅ preventDefault() called FIRST (stopPropagation also called if available)

      at Object.log [as handleSubmit] (src/hooks/useRegistrationForm.ts:277:13)

    console.log
      [2026-02-08T19:37:14.639Z] ========== FORM SUBMISSION STARTED ==========

      at Object.log [as handleSubmit] (src/hooks/useRegistrationForm.ts:280:13)

    console.log
      [2026-02-08T19:37:14.639Z] Event defaultPrevented: undefined

      at Object.log [as handleSubmit] (src/hooks/useRegistrationForm.ts:281:13)

    console.log
      [2026-02-08T19:37:14.639Z] Event type: undefined

      at Object.log [as handleSubmit] (src/hooks/useRegistrationForm.ts:282:13)

    console.log
      [2026-02-08T19:37:14.639Z] Event target: undefined

      at Object.log [as handleSubmit] (src/hooks/useRegistrationForm.ts:283:13)

    console.log
      [2026-02-08T19:37:14.639Z] Form data: {
        "fullName": "John Doe",
        "email": "test@example.com",
        "password": "Password123!",
        "confirmPassword": "Password123!"
      }

      at Object.log [as handleSubmit] (src/hooks/useRegistrationForm.ts:284:13)

    console.log
      [2026-02-08T19:37:14.639Z] Current errors: {}

      at Object.log [as handleSubmit] (src/hooks/useRegistrationForm.ts:285:13)

    console.log
      [2026-02-08T19:37:14.639Z] Is rate limited: false

      at Object.log [as handleSubmit] (src/hooks/useRegistrationForm.ts:286:13)

    console.log
      [2026-02-08T19:37:14.639Z] Validation result: true

      at Object.log [as handleSubmit] (src/hooks/useRegistrationForm.ts:296:13)

    console.log
      [2026-02-08T19:37:14.639Z] ✅ Validation passed, proceeding with API call

      at Object.log [as handleSubmit] (src/hooks/useRegistrationForm.ts:303:13)

    console.log
      [2026-02-08T19:37:14.639Z] 📡 Calling API client register method

      at Object.log [as handleSubmit] (src/hooks/useRegistrationForm.ts:316:15)

    console.log
      [2026-02-08T19:37:14.639Z] API payload: {
        email: 'test@example.com',
        name: 'John Doe',
        password: '***REDACTED***'
      }

      at Object.log [as handleSubmit] (src/hooks/useRegistrationForm.ts:317:15)

    console.log
      [2026-02-08T19:37:14.639Z] ❌ API call failed: { status: 409, message: 'Email already exists' }

      at Object.log [as handleSubmit] (src/hooks/useRegistrationForm.ts:343:15)

    console.log
      [2026-02-08T19:37:14.639Z] ========== FORM SUBMISSION ENDED ==========

      at Object.log [as handleSubmit] (src/hooks/useRegistrationForm.ts:376:15)

    console.log
      ✅ preventDefault() called FIRST (stopPropagation also called if available)

      at Object.log [as handleSubmit] (src/hooks/useRegistrationForm.ts:277:13)

    console.log
      [2026-02-08T19:37:14.645Z] ========== FORM SUBMISSION STARTED ==========

      at Object.log [as handleSubmit] (src/hooks/useRegistrationForm.ts:280:13)

    console.log
      [2026-02-08T19:37:14.645Z] Event defaultPrevented: undefined

      at Object.log [as handleSubmit] (src/hooks/useRegistrationForm.ts:281:13)

    console.log
      [2026-02-08T19:37:14.645Z] Event type: undefined

      at Object.log [as handleSubmit] (src/hooks/useRegistrationForm.ts:282:13)

    console.log
      [2026-02-08T19:37:14.645Z] Event target: undefined

      at Object.log [as handleSubmit] (src/hooks/useRegistrationForm.ts:283:13)

    console.log
      [2026-02-08T19:37:14.645Z] Form data: {
        "fullName": "John Doe",
        "email": "test@example.com",
        "password": "Password123!",
        "confirmPassword": "Password123!"
      }

      at Object.log [as handleSubmit] (src/hooks/useRegistrationForm.ts:284:13)

    console.log
      [2026-02-08T19:37:14.645Z] Current errors: {}

      at Object.log [as handleSubmit] (src/hooks/useRegistrationForm.ts:285:13)

    console.log
      [2026-02-08T19:37:14.645Z] Is rate limited: false

      at Object.log [as handleSubmit] (src/hooks/useRegistrationForm.ts:286:13)

    console.log
      [2026-02-08T19:37:14.645Z] Validation result: true

      at Object.log [as handleSubmit] (src/hooks/useRegistrationForm.ts:296:13)

    console.log
      [2026-02-08T19:37:14.645Z] ✅ Validation passed, proceeding with API call

      at Object.log [as handleSubmit] (src/hooks/useRegistrationForm.ts:303:13)

    console.log
      [2026-02-08T19:37:14.645Z] 📡 Calling API client register method

      at Object.log [as handleSubmit] (src/hooks/useRegistrationForm.ts:316:15)

    console.log
      [2026-02-08T19:37:14.645Z] API payload: {
        email: 'test@example.com',
        name: 'John Doe',
        password: '***REDACTED***'
      }

      at Object.log [as handleSubmit] (src/hooks/useRegistrationForm.ts:317:15)

    console.log
      [2026-02-08T19:37:14.645Z] ❌ API call failed: { status: 409, message: 'Email already exists' }

      at Object.log [as handleSubmit] (src/hooks/useRegistrationForm.ts:343:15)

    console.log
      [2026-02-08T19:37:14.645Z] ========== FORM SUBMISSION ENDED ==========

      at Object.log [as handleSubmit] (src/hooks/useRegistrationForm.ts:376:15)

    console.log
      ✅ preventDefault() called FIRST (stopPropagation also called if available)

      at Object.log [as handleSubmit] (src/hooks/useRegistrationForm.ts:277:13)

    console.log
      [2026-02-08T19:37:14.648Z] ========== FORM SUBMISSION STARTED ==========

      at Object.log [as handleSubmit] (src/hooks/useRegistrationForm.ts:280:13)

    console.log
      [2026-02-08T19:37:14.648Z] Event defaultPrevented: undefined

      at Object.log [as handleSubmit] (src/hooks/useRegistrationForm.ts:281:13)

    console.log
      [2026-02-08T19:37:14.648Z] Event type: undefined

      at Object.log [as handleSubmit] (src/hooks/useRegistrationForm.ts:282:13)

    console.log
      [2026-02-08T19:37:14.648Z] Event target: undefined

      at Object.log [as handleSubmit] (src/hooks/useRegistrationForm.ts:283:13)

    console.log
      [2026-02-08T19:37:14.648Z] Form data: {
        "fullName": "John Doe",
        "email": "test@example.com",
        "password": "Password123!",
        "confirmPassword": "Password123!"
      }

      at Object.log [as handleSubmit] (src/hooks/useRegistrationForm.ts:284:13)

    console.log
      [2026-02-08T19:37:14.648Z] Current errors: {}

      at Object.log [as handleSubmit] (src/hooks/useRegistrationForm.ts:285:13)

    console.log
      [2026-02-08T19:37:14.648Z] Is rate limited: false

      at Object.log [as handleSubmit] (src/hooks/useRegistrationForm.ts:286:13)

    console.log
      [2026-02-08T19:37:14.648Z] Validation result: true

      at Object.log [as handleSubmit] (src/hooks/useRegistrationForm.ts:296:13)

    console.log
      [2026-02-08T19:37:14.648Z] ✅ Validation passed, proceeding with API call

      at Object.log [as handleSubmit] (src/hooks/useRegistrationForm.ts:303:13)

    console.log
      [2026-02-08T19:37:14.648Z] 📡 Calling API client register method

      at Object.log [as handleSubmit] (src/hooks/useRegistrationForm.ts:316:15)

    console.log
      [2026-02-08T19:37:14.648Z] API payload: {
        email: 'test@example.com',
        name: 'John Doe',
        password: '***REDACTED***'
      }

      at Object.log [as handleSubmit] (src/hooks/useRegistrationForm.ts:317:15)

    console.log
      [2026-02-08T19:37:14.648Z] ❌ API call failed: { status: 409, message: 'Email already exists' }

      at Object.log [as handleSubmit] (src/hooks/useRegistrationForm.ts:343:15)

    console.log
      [2026-02-08T19:37:14.648Z] ========== FORM SUBMISSION ENDED ==========

      at Object.log [as handleSubmit] (src/hooks/useRegistrationForm.ts:376:15)

    console.log
      ✅ preventDefault() called FIRST (stopPropagation also called if available)

      at Object.log [as handleSubmit] (src/hooks/useRegistrationForm.ts:277:13)

    console.log
      [2026-02-08T19:37:14.652Z] ========== FORM SUBMISSION STARTED ==========

      at Object.log [as handleSubmit] (src/hooks/useRegistrationForm.ts:280:13)

    console.log
      [2026-02-08T19:37:14.652Z] Event defaultPrevented: undefined

      at Object.log [as handleSubmit] (src/hooks/useRegistrationForm.ts:281:13)

    console.log
      [2026-02-08T19:37:14.652Z] Event type: undefined

      at Object.log [as handleSubmit] (src/hooks/useRegistrationForm.ts:282:13)

    console.log
      [2026-02-08T19:37:14.652Z] Event target: undefined

      at Object.log [as handleSubmit] (src/hooks/useRegistrationForm.ts:283:13)

    console.log
      [2026-02-08T19:37:14.652Z] Form data: {
        "fullName": "John Doe",
        "email": "test@example.com",
        "password": "Password123!",
        "confirmPassword": "Password123!"
      }

      at Object.log [as handleSubmit] (src/hooks/useRegistrationForm.ts:284:13)

    console.log
      [2026-02-08T19:37:14.652Z] Current errors: {}

      at Object.log [as handleSubmit] (src/hooks/useRegistrationForm.ts:285:13)

    console.log
      [2026-02-08T19:37:14.652Z] Is rate limited: false

      at Object.log [as handleSubmit] (src/hooks/useRegistrationForm.ts:286:13)

    console.log
      [2026-02-08T19:37:14.652Z] Validation result: true

      at Object.log [as handleSubmit] (src/hooks/useRegistrationForm.ts:296:13)

    console.log
      [2026-02-08T19:37:14.652Z] ✅ Validation passed, proceeding with API call

      at Object.log [as handleSubmit] (src/hooks/useRegistrationForm.ts:303:13)

    console.log
      [2026-02-08T19:37:14.652Z] 📡 Calling API client register method

      at Object.log [as handleSubmit] (src/hooks/useRegistrationForm.ts:316:15)

    console.log
      [2026-02-08T19:37:14.652Z] API payload: {
        email: 'test@example.com',
        name: 'John Doe',
        password: '***REDACTED***'
      }

      at Object.log [as handleSubmit] (src/hooks/useRegistrationForm.ts:317:15)

    console.log
      [2026-02-08T19:37:14.652Z] ❌ API call failed: { status: 409, message: 'Email already exists' }

      at Object.log [as handleSubmit] (src/hooks/useRegistrationForm.ts:343:15)

    console.log
      [2026-02-08T19:37:14.652Z] ========== FORM SUBMISSION ENDED ==========

      at Object.log [as handleSubmit] (src/hooks/useRegistrationForm.ts:376:15)

    console.log
      ✅ preventDefault() called FIRST (stopPropagation also called if available)

      at Object.log [as handleSubmit] (src/hooks/useRegistrationForm.ts:277:13)

    console.log
      [2026-02-08T19:37:14.660Z] ========== FORM SUBMISSION STARTED ==========

      at Object.log [as handleSubmit] (src/hooks/useRegistrationForm.ts:280:13)

    console.log
      [2026-02-08T19:37:14.660Z] Event defaultPrevented: undefined

      at Object.log [as handleSubmit] (src/hooks/useRegistrationForm.ts:281:13)

    console.log
      [2026-02-08T19:37:14.660Z] Event type: undefined

      at Object.log [as handleSubmit] (src/hooks/useRegistrationForm.ts:282:13)

    console.log
      [2026-02-08T19:37:14.660Z] Event target: undefined

      at Object.log [as handleSubmit] (src/hooks/useRegistrationForm.ts:283:13)

    console.log
      [2026-02-08T19:37:14.660Z] Form data: {
        "fullName": "John Doe",
        "email": "test@example.com",
        "password": "Password123!",
        "confirmPassword": "Password123!"
      }

      at Object.log [as handleSubmit] (src/hooks/useRegistrationForm.ts:284:13)

    console.log
      [2026-02-08T19:37:14.660Z] Current errors: {}

      at Object.log [as handleSubmit] (src/hooks/useRegistrationForm.ts:285:13)

    console.log
      [2026-02-08T19:37:14.660Z] Is rate limited: true

      at Object.log [as handleSubmit] (src/hooks/useRegistrationForm.ts:286:13)

    console.log
      [2026-02-08T19:37:14.660Z] ❌ Form submission blocked: rate limit active

      at Object.log [as handleSubmit] (src/hooks/useRegistrationForm.ts:290:15)

    console.log
      ✅ preventDefault() called FIRST (stopPropagation also called if available)

      at Object.log [as handleSubmit] (src/hooks/useRegistrationForm.ts:277:13)

    console.log
      [2026-02-08T19:37:14.665Z] ========== FORM SUBMISSION STARTED ==========

      at Object.log [as handleSubmit] (src/hooks/useRegistrationForm.ts:280:13)

    console.log
      [2026-02-08T19:37:14.665Z] Event defaultPrevented: undefined

      at Object.log [as handleSubmit] (src/hooks/useRegistrationForm.ts:281:13)

    console.log
      [2026-02-08T19:37:14.665Z] Event type: undefined

      at Object.log [as handleSubmit] (src/hooks/useRegistrationForm.ts:282:13)

    console.log
      [2026-02-08T19:37:14.665Z] Event target: undefined

      at Object.log [as handleSubmit] (src/hooks/useRegistrationForm.ts:283:13)

    console.log
      [2026-02-08T19:37:14.665Z] Form data: {
        "fullName": "John Doe",
        "email": "test@example.com",
        "password": "Password123!",
        "confirmPassword": "Password123!"
      }

      at Object.log [as handleSubmit] (src/hooks/useRegistrationForm.ts:284:13)

    console.log
      [2026-02-08T19:37:14.665Z] Current errors: {}

      at Object.log [as handleSubmit] (src/hooks/useRegistrationForm.ts:285:13)

    console.log
      [2026-02-08T19:37:14.665Z] Is rate limited: false

      at Object.log [as handleSubmit] (src/hooks/useRegistrationForm.ts:286:13)

    console.log
      [2026-02-08T19:37:14.665Z] Validation result: true

      at Object.log [as handleSubmit] (src/hooks/useRegistrationForm.ts:296:13)

    console.log
      [2026-02-08T19:37:14.665Z] ✅ Validation passed, proceeding with API call

      at Object.log [as handleSubmit] (src/hooks/useRegistrationForm.ts:303:13)

    console.log
      [2026-02-08T19:37:14.665Z] 📡 Calling API client register method

      at Object.log [as handleSubmit] (src/hooks/useRegistrationForm.ts:316:15)

    console.log
      [2026-02-08T19:37:14.665Z] API payload: {
        email: 'test@example.com',
        name: 'John Doe',
        password: '***REDACTED***'
      }

      at Object.log [as handleSubmit] (src/hooks/useRegistrationForm.ts:317:15)

    console.log
      [2026-02-08T19:37:14.665Z] ❌ API call failed: { status: 409, message: 'Email already exists' }

      at Object.log [as handleSubmit] (src/hooks/useRegistrationForm.ts:343:15)

    console.log
      [2026-02-08T19:37:14.665Z] ========== FORM SUBMISSION ENDED ==========

      at Object.log [as handleSubmit] (src/hooks/useRegistrationForm.ts:376:15)

    console.log
      ✅ preventDefault() called FIRST (stopPropagation also called if available)

      at Object.log [as handleSubmit] (src/hooks/useRegistrationForm.ts:277:13)

    console.log
      [2026-02-08T19:37:14.669Z] ========== FORM SUBMISSION STARTED ==========

      at Object.log [as handleSubmit] (src/hooks/useRegistrationForm.ts:280:13)

    console.log
      [2026-02-08T19:37:14.669Z] Event defaultPrevented: undefined

      at Object.log [as handleSubmit] (src/hooks/useRegistrationForm.ts:281:13)

    console.log
      [2026-02-08T19:37:14.669Z] Event type: undefined

      at Object.log [as handleSubmit] (src/hooks/useRegistrationForm.ts:282:13)

    console.log
      [2026-02-08T19:37:14.669Z] Event target: undefined

      at Object.log [as handleSubmit] (src/hooks/useRegistrationForm.ts:283:13)

    console.log
      [2026-02-08T19:37:14.669Z] Form data: {
        "fullName": "John Doe",
        "email": "test@example.com",
        "password": "Password123!",
        "confirmPassword": "Password123!"
      }

      at Object.log [as handleSubmit] (src/hooks/useRegistrationForm.ts:284:13)

    console.log
      [2026-02-08T19:37:14.669Z] Current errors: {}

      at Object.log [as handleSubmit] (src/hooks/useRegistrationForm.ts:285:13)

    console.log
      [2026-02-08T19:37:14.669Z] Is rate limited: false

      at Object.log [as handleSubmit] (src/hooks/useRegistrationForm.ts:286:13)

    console.log
      [2026-02-08T19:37:14.669Z] Validation result: true

      at Object.log [as handleSubmit] (src/hooks/useRegistrationForm.ts:296:13)

    console.log
      [2026-02-08T19:37:14.669Z] ✅ Validation passed, proceeding with API call

      at Object.log [as handleSubmit] (src/hooks/useRegistrationForm.ts:303:13)

    console.log
      [2026-02-08T19:37:14.669Z] 📡 Calling API client register method

      at Object.log [as handleSubmit] (src/hooks/useRegistrationForm.ts:316:15)

    console.log
      [2026-02-08T19:37:14.669Z] API payload: {
        email: 'test@example.com',
        name: 'John Doe',
        password: '***REDACTED***'
      }

      at Object.log [as handleSubmit] (src/hooks/useRegistrationForm.ts:317:15)

    console.log
      [2026-02-08T19:37:14.669Z] ✅ API call successful

      at Object.log [as handleSubmit] (src/hooks/useRegistrationForm.ts:330:15)

    console.log
      [2026-02-08T19:37:14.669Z] ========== FORM SUBMISSION ENDED ==========

      at Object.log [as handleSubmit] (src/hooks/useRegistrationForm.ts:376:15)

    console.log
      ✅ preventDefault() called FIRST (stopPropagation also called if available)

      at Object.log [as handleSubmit] (src/hooks/useRegistrationForm.ts:277:13)

    console.log
      [2026-02-08T19:37:14.673Z] ========== FORM SUBMISSION STARTED ==========

      at Object.log [as handleSubmit] (src/hooks/useRegistrationForm.ts:280:13)

    console.log
      [2026-02-08T19:37:14.673Z] Event defaultPrevented: undefined

      at Object.log [as handleSubmit] (src/hooks/useRegistrationForm.ts:281:13)

    console.log
      [2026-02-08T19:37:14.673Z] Event type: undefined

      at Object.log [as handleSubmit] (src/hooks/useRegistrationForm.ts:282:13)

    console.log
      [2026-02-08T19:37:14.673Z] Event target: undefined

      at Object.log [as handleSubmit] (src/hooks/useRegistrationForm.ts:283:13)

    console.log
      [2026-02-08T19:37:14.673Z] Form data: {
        "fullName": "John Doe",
        "email": "test@example.com",
        "password": "Password123!",
        "confirmPassword": "Password123!"
      }

      at Object.log [as handleSubmit] (src/hooks/useRegistrationForm.ts:284:13)

    console.log
      [2026-02-08T19:37:14.673Z] Current errors: {}

      at Object.log [as handleSubmit] (src/hooks/useRegistrationForm.ts:285:13)

    console.log
      [2026-02-08T19:37:14.673Z] Is rate limited: false

      at Object.log [as handleSubmit] (src/hooks/useRegistrationForm.ts:286:13)

    console.log
      [2026-02-08T19:37:14.673Z] Validation result: true

      at Object.log [as handleSubmit] (src/hooks/useRegistrationForm.ts:296:13)

    console.log
      [2026-02-08T19:37:14.673Z] ✅ Validation passed, proceeding with API call

      at Object.log [as handleSubmit] (src/hooks/useRegistrationForm.ts:303:13)

    console.log
      [2026-02-08T19:37:14.673Z] 📡 Calling API client register method

      at Object.log [as handleSubmit] (src/hooks/useRegistrationForm.ts:316:15)

    console.log
      [2026-02-08T19:37:14.673Z] API payload: {
        email: 'test@example.com',
        name: 'John Doe',
        password: '***REDACTED***'
      }

      at Object.log [as handleSubmit] (src/hooks/useRegistrationForm.ts:317:15)

    console.log
      [2026-02-08T19:37:14.673Z] ❌ API call failed: { status: 409, message: 'Email already exists' }

      at Object.log [as handleSubmit] (src/hooks/useRegistrationForm.ts:343:15)

    console.log
      [2026-02-08T19:37:14.673Z] ========== FORM SUBMISSION ENDED ==========

      at Object.log [as handleSubmit] (src/hooks/useRegistrationForm.ts:376:15)

    console.log
      ✅ preventDefault() called FIRST (stopPropagation also called if available)

      at Object.log [as handleSubmit] (src/hooks/useRegistrationForm.ts:277:13)

    console.log
      [2026-02-08T19:37:14.683Z] ========== FORM SUBMISSION STARTED ==========

      at Object.log [as handleSubmit] (src/hooks/useRegistrationForm.ts:280:13)

    console.log
      [2026-02-08T19:37:14.683Z] Event defaultPrevented: undefined

      at Object.log [as handleSubmit] (src/hooks/useRegistrationForm.ts:281:13)

    console.log
      [2026-02-08T19:37:14.683Z] Event type: undefined

      at Object.log [as handleSubmit] (src/hooks/useRegistrationForm.ts:282:13)

    console.log
      [2026-02-08T19:37:14.683Z] Event target: undefined

      at Object.log [as handleSubmit] (src/hooks/useRegistrationForm.ts:283:13)

    console.log
      [2026-02-08T19:37:14.683Z] Form data: {
        "fullName": "John Doe",
        "email": "test@example.com",
        "password": "Password123!",
        "confirmPassword": "Password123!"
      }

      at Object.log [as handleSubmit] (src/hooks/useRegistrationForm.ts:284:13)

    console.log
      [2026-02-08T19:37:14.683Z] Current errors: {}

      at Object.log [as handleSubmit] (src/hooks/useRegistrationForm.ts:285:13)

    console.log
      [2026-02-08T19:37:14.683Z] Is rate limited: false

      at Object.log [as handleSubmit] (src/hooks/useRegistrationForm.ts:286:13)

    console.log
      [2026-02-08T19:37:14.683Z] Validation result: true

      at Object.log [as handleSubmit] (src/hooks/useRegistrationForm.ts:296:13)

    console.log
      [2026-02-08T19:37:14.683Z] ✅ Validation passed, proceeding with API call

      at Object.log [as handleSubmit] (src/hooks/useRegistrationForm.ts:303:13)

    console.log
      [2026-02-08T19:37:14.683Z] 📡 Calling API client register method

      at Object.log [as handleSubmit] (src/hooks/useRegistrationForm.ts:316:15)

    console.log
      [2026-02-08T19:37:14.683Z] API payload: {
        email: 'test@example.com',
        name: 'John Doe',
        password: '***REDACTED***'
      }

      at Object.log [as handleSubmit] (src/hooks/useRegistrationForm.ts:317:15)

    console.log
      [2026-02-08T19:37:14.683Z] ✅ API call successful

      at Object.log [as handleSubmit] (src/hooks/useRegistrationForm.ts:330:15)

    console.log
      [2026-02-08T19:37:14.683Z] ========== FORM SUBMISSION ENDED ==========

      at Object.log [as handleSubmit] (src/hooks/useRegistrationForm.ts:376:15)

    console.log
      ✅ preventDefault() called FIRST (stopPropagation also called if available)

      at Object.log [as handleSubmit] (src/hooks/useRegistrationForm.ts:277:13)

    console.log
      [2026-02-08T19:37:14.686Z] ========== FORM SUBMISSION STARTED ==========

      at Object.log [as handleSubmit] (src/hooks/useRegistrationForm.ts:280:13)

    console.log
      [2026-02-08T19:37:14.686Z] Event defaultPrevented: undefined

      at Object.log [as handleSubmit] (src/hooks/useRegistrationForm.ts:281:13)

    console.log
      [2026-02-08T19:37:14.686Z] Event type: undefined

      at Object.log [as handleSubmit] (src/hooks/useRegistrationForm.ts:282:13)

    console.log
      [2026-02-08T19:37:14.686Z] Event target: undefined

      at Object.log [as handleSubmit] (src/hooks/useRegistrationForm.ts:283:13)

    console.log
      [2026-02-08T19:37:14.686Z] Form data: {
        "fullName": "John Doe",
        "email": "test@example.com",
        "password": "Password123!",
        "confirmPassword": "Password123!"
      }

      at Object.log [as handleSubmit] (src/hooks/useRegistrationForm.ts:284:13)

    console.log
      [2026-02-08T19:37:14.686Z] Current errors: {}

      at Object.log [as handleSubmit] (src/hooks/useRegistrationForm.ts:285:13)

    console.log
      [2026-02-08T19:37:14.686Z] Is rate limited: false

      at Object.log [as handleSubmit] (src/hooks/useRegistrationForm.ts:286:13)

    console.log
      [2026-02-08T19:37:14.686Z] Validation result: true

      at Object.log [as handleSubmit] (src/hooks/useRegistrationForm.ts:296:13)

    console.log
      [2026-02-08T19:37:14.686Z] ✅ Validation passed, proceeding with API call

      at Object.log [as handleSubmit] (src/hooks/useRegistrationForm.ts:303:13)

    console.log
      [2026-02-08T19:37:14.686Z] 📡 Calling API client register method

      at Object.log [as handleSubmit] (src/hooks/useRegistrationForm.ts:316:15)

    console.log
      [2026-02-08T19:37:14.686Z] API payload: {
        email: 'test@example.com',
        name: 'John Doe',
        password: '***REDACTED***'
      }

      at Object.log [as handleSubmit] (src/hooks/useRegistrationForm.ts:317:15)

    console.log
      [2026-02-08T19:37:14.686Z] ✅ API call successful

      at Object.log [as handleSubmit] (src/hooks/useRegistrationForm.ts:330:15)

    console.log
      [2026-02-08T19:37:14.686Z] ========== FORM SUBMISSION ENDED ==========

      at Object.log [as handleSubmit] (src/hooks/useRegistrationForm.ts:376:15)

    console.log
      ✅ preventDefault() called FIRST (stopPropagation also called if available)

      at Object.log [as handleSubmit] (src/hooks/useRegistrationForm.ts:277:13)

    console.log
      [2026-02-08T19:37:14.690Z] ========== FORM SUBMISSION STARTED ==========

      at Object.log [as handleSubmit] (src/hooks/useRegistrationForm.ts:280:13)

    console.log
      [2026-02-08T19:37:14.690Z] Event defaultPrevented: undefined

      at Object.log [as handleSubmit] (src/hooks/useRegistrationForm.ts:281:13)

    console.log
      [2026-02-08T19:37:14.690Z] Event type: undefined

      at Object.log [as handleSubmit] (src/hooks/useRegistrationForm.ts:282:13)

    console.log
      [2026-02-08T19:37:14.690Z] Event target: undefined

      at Object.log [as handleSubmit] (src/hooks/useRegistrationForm.ts:283:13)

    console.log
      [2026-02-08T19:37:14.690Z] Form data: {
        "fullName": "John Doe",
        "email": "test@example.com",
        "password": "Password123!",
        "confirmPassword": "Password123!"
      }

      at Object.log [as handleSubmit] (src/hooks/useRegistrationForm.ts:284:13)

    console.log
      [2026-02-08T19:37:14.690Z] Current errors: {}

      at Object.log [as handleSubmit] (src/hooks/useRegistrationForm.ts:285:13)

    console.log
      [2026-02-08T19:37:14.690Z] Is rate limited: false

      at Object.log [as handleSubmit] (src/hooks/useRegistrationForm.ts:286:13)

    console.log
      [2026-02-08T19:37:14.690Z] Validation result: true

      at Object.log [as handleSubmit] (src/hooks/useRegistrationForm.ts:296:13)

    console.log
      [2026-02-08T19:37:14.690Z] ✅ Validation passed, proceeding with API call

      at Object.log [as handleSubmit] (src/hooks/useRegistrationForm.ts:303:13)

    console.log
      [2026-02-08T19:37:14.690Z] 📡 Calling API client register method

      at Object.log [as handleSubmit] (src/hooks/useRegistrationForm.ts:316:15)

    console.log
      [2026-02-08T19:37:14.690Z] API payload: {
        email: 'test@example.com',
        name: 'John Doe',
        password: '***REDACTED***'
      }

      at Object.log [as handleSubmit] (src/hooks/useRegistrationForm.ts:317:15)

    console.log
      [2026-02-08T19:37:14.690Z] ❌ API call failed: { status: 409, message: 'Email already exists' }

      at Object.log [as handleSubmit] (src/hooks/useRegistrationForm.ts:343:15)

    console.log
      [2026-02-08T19:37:14.690Z] ========== FORM SUBMISSION ENDED ==========

      at Object.log [as handleSubmit] (src/hooks/useRegistrationForm.ts:376:15)

    console.log
      ✅ preventDefault() called FIRST (stopPropagation also called if available)

      at Object.log [as handleSubmit] (src/hooks/useRegistrationForm.ts:277:13)

    console.log
      [2026-02-08T19:37:14.696Z] ========== FORM SUBMISSION STARTED ==========

      at Object.log [as handleSubmit] (src/hooks/useRegistrationForm.ts:280:13)

    console.log
      [2026-02-08T19:37:14.696Z] Event defaultPrevented: undefined

      at Object.log [as handleSubmit] (src/hooks/useRegistrationForm.ts:281:13)

    console.log
      [2026-02-08T19:37:14.696Z] Event type: undefined

      at Object.log [as handleSubmit] (src/hooks/useRegistrationForm.ts:282:13)

    console.log
      [2026-02-08T19:37:14.696Z] Event target: undefined

      at Object.log [as handleSubmit] (src/hooks/useRegistrationForm.ts:283:13)

    console.log
      [2026-02-08T19:37:14.696Z] Form data: {
        "fullName": "John Doe",
        "email": "test@example.com",
        "password": "Password123!",
        "confirmPassword": "Password123!"
      }

      at Object.log [as handleSubmit] (src/hooks/useRegistrationForm.ts:284:13)

    console.log
      [2026-02-08T19:37:14.696Z] Current errors: {}

      at Object.log [as handleSubmit] (src/hooks/useRegistrationForm.ts:285:13)

    console.log
      [2026-02-08T19:37:14.696Z] Is rate limited: false

      at Object.log [as handleSubmit] (src/hooks/useRegistrationForm.ts:286:13)

    console.log
      [2026-02-08T19:37:14.696Z] Validation result: true

      at Object.log [as handleSubmit] (src/hooks/useRegistrationForm.ts:296:13)

    console.log
      [2026-02-08T19:37:14.696Z] ✅ Validation passed, proceeding with API call

      at Object.log [as handleSubmit] (src/hooks/useRegistrationForm.ts:303:13)

    console.log
      [2026-02-08T19:37:14.696Z] 📡 Calling API client register method

      at Object.log [as handleSubmit] (src/hooks/useRegistrationForm.ts:316:15)

    console.log
      [2026-02-08T19:37:14.696Z] API payload: {
        email: 'test@example.com',
        name: 'John Doe',
        password: '***REDACTED***'
      }

      at Object.log [as handleSubmit] (src/hooks/useRegistrationForm.ts:317:15)

    console.log
      [2026-02-08T19:37:14.696Z] ❌ API call failed: { status: 409, message: 'Email already exists' }

      at Object.log [as handleSubmit] (src/hooks/useRegistrationForm.ts:343:15)

    console.log
      [2026-02-08T19:37:14.696Z] ========== FORM SUBMISSION ENDED ==========

      at Object.log [as handleSubmit] (src/hooks/useRegistrationForm.ts:376:15)

    console.log
      ✅ preventDefault() called FIRST (stopPropagation also called if available)

      at Object.log [as handleSubmit] (src/hooks/useRegistrationForm.ts:277:13)

    console.log
      [2026-02-08T19:37:14.700Z] ========== FORM SUBMISSION STARTED ==========

      at Object.log [as handleSubmit] (src/hooks/useRegistrationForm.ts:280:13)

    console.log
      [2026-02-08T19:37:14.700Z] Event defaultPrevented: undefined

      at Object.log [as handleSubmit] (src/hooks/useRegistrationForm.ts:281:13)

    console.log
      [2026-02-08T19:37:14.700Z] Event type: undefined

      at Object.log [as handleSubmit] (src/hooks/useRegistrationForm.ts:282:13)

    console.log
      [2026-02-08T19:37:14.700Z] Event target: undefined

      at Object.log [as handleSubmit] (src/hooks/useRegistrationForm.ts:283:13)

    console.log
      [2026-02-08T19:37:14.700Z] Form data: {
        "fullName": "John Doe",
        "email": "test@example.com",
        "password": "Password123!",
        "confirmPassword": "Password123!"
      }

      at Object.log [as handleSubmit] (src/hooks/useRegistrationForm.ts:284:13)

    console.log
      [2026-02-08T19:37:14.700Z] Current errors: {}

      at Object.log [as handleSubmit] (src/hooks/useRegistrationForm.ts:285:13)

    console.log
      [2026-02-08T19:37:14.700Z] Is rate limited: false

      at Object.log [as handleSubmit] (src/hooks/useRegistrationForm.ts:286:13)

    console.log
      [2026-02-08T19:37:14.700Z] Validation result: true

      at Object.log [as handleSubmit] (src/hooks/useRegistrationForm.ts:296:13)

    console.log
      [2026-02-08T19:37:14.700Z] ✅ Validation passed, proceeding with API call

      at Object.log [as handleSubmit] (src/hooks/useRegistrationForm.ts:303:13)

    console.log
      [2026-02-08T19:37:14.700Z] 📡 Calling API client register method

      at Object.log [as handleSubmit] (src/hooks/useRegistrationForm.ts:316:15)

    console.log
      [2026-02-08T19:37:14.700Z] API payload: {
        email: 'test@example.com',
        name: 'John Doe',
        password: '***REDACTED***'
      }

      at Object.log [as handleSubmit] (src/hooks/useRegistrationForm.ts:317:15)

    console.log
      [2026-02-08T19:37:14.700Z] ❌ API call failed: { status: 409, message: 'Email already exists' }

      at Object.log [as handleSubmit] (src/hooks/useRegistrationForm.ts:343:15)

    console.log
      [2026-02-08T19:37:14.700Z] ========== FORM SUBMISSION ENDED ==========

      at Object.log [as handleSubmit] (src/hooks/useRegistrationForm.ts:376:15)

    console.log
      ✅ preventDefault() called FIRST (stopPropagation also called if available)

      at Object.log [as handleSubmit] (src/hooks/useRegistrationForm.ts:277:13)

    console.log
      [2026-02-08T19:37:14.704Z] ========== FORM SUBMISSION STARTED ==========

      at Object.log [as handleSubmit] (src/hooks/useRegistrationForm.ts:280:13)

    console.log
      [2026-02-08T19:37:14.704Z] Event defaultPrevented: undefined

      at Object.log [as handleSubmit] (src/hooks/useRegistrationForm.ts:281:13)

    console.log
      [2026-02-08T19:37:14.704Z] Event type: undefined

      at Object.log [as handleSubmit] (src/hooks/useRegistrationForm.ts:282:13)

    console.log
      [2026-02-08T19:37:14.704Z] Event target: undefined

      at Object.log [as handleSubmit] (src/hooks/useRegistrationForm.ts:283:13)

    console.log
      [2026-02-08T19:37:14.704Z] Form data: {
        "fullName": "John Doe",
        "email": "test@example.com",
        "password": "Password123!",
        "confirmPassword": "Password123!"
      }

      at Object.log [as handleSubmit] (src/hooks/useRegistrationForm.ts:284:13)

    console.log
      [2026-02-08T19:37:14.704Z] Current errors: {}

      at Object.log [as handleSubmit] (src/hooks/useRegistrationForm.ts:285:13)

    console.log
      [2026-02-08T19:37:14.704Z] Is rate limited: true

      at Object.log [as handleSubmit] (src/hooks/useRegistrationForm.ts:286:13)

    console.log
      [2026-02-08T19:37:14.704Z] ❌ Form submission blocked: rate limit active

      at Object.log [as handleSubmit] (src/hooks/useRegistrationForm.ts:290:15)

    console.log
      ✅ preventDefault() called FIRST (stopPropagation also called if available)

      at Object.log [as handleSubmit] (src/hooks/useRegistrationForm.ts:277:13)

    console.log
      [2026-02-08T19:37:14.705Z] ========== FORM SUBMISSION STARTED ==========

      at Object.log [as handleSubmit] (src/hooks/useRegistrationForm.ts:280:13)

    console.log
      [2026-02-08T19:37:14.705Z] Event defaultPrevented: undefined

      at Object.log [as handleSubmit] (src/hooks/useRegistrationForm.ts:281:13)

    console.log
      [2026-02-08T19:37:14.705Z] Event type: undefined

      at Object.log [as handleSubmit] (src/hooks/useRegistrationForm.ts:282:13)

    console.log
      [2026-02-08T19:37:14.705Z] Event target: undefined

      at Object.log [as handleSubmit] (src/hooks/useRegistrationForm.ts:283:13)

    console.log
      [2026-02-08T19:37:14.705Z] Form data: {
        "fullName": "John Doe",
        "email": "test@example.com",
        "password": "Password123!",
        "confirmPassword": "Password123!"
      }

      at Object.log [as handleSubmit] (src/hooks/useRegistrationForm.ts:284:13)

    console.log
      [2026-02-08T19:37:14.705Z] Current errors: {}

      at Object.log [as handleSubmit] (src/hooks/useRegistrationForm.ts:285:13)

    console.log
      [2026-02-08T19:37:14.705Z] Is rate limited: true

      at Object.log [as handleSubmit] (src/hooks/useRegistrationForm.ts:286:13)

    console.log
      [2026-02-08T19:37:14.705Z] ❌ Form submission blocked: rate limit active

      at Object.log [as handleSubmit] (src/hooks/useRegistrationForm.ts:290:15)

    console.log
      ✅ preventDefault() called FIRST (stopPropagation also called if available)

      at Object.log [as handleSubmit] (src/hooks/useRegistrationForm.ts:277:13)

    console.log
      [2026-02-08T19:37:14.706Z] ========== FORM SUBMISSION STARTED ==========

      at Object.log [as handleSubmit] (src/hooks/useRegistrationForm.ts:280:13)

    console.log
      [2026-02-08T19:37:14.706Z] Event defaultPrevented: undefined

      at Object.log [as handleSubmit] (src/hooks/useRegistrationForm.ts:281:13)

    console.log
      [2026-02-08T19:37:14.706Z] Event type: undefined

      at Object.log [as handleSubmit] (src/hooks/useRegistrationForm.ts:282:13)

    console.log
      [2026-02-08T19:37:14.706Z] Event target: undefined

      at Object.log [as handleSubmit] (src/hooks/useRegistrationForm.ts:283:13)

    console.log
      [2026-02-08T19:37:14.706Z] Form data: {
        "fullName": "John Doe",
        "email": "test@example.com",
        "password": "Password123!",
        "confirmPassword": "Password123!"
      }

      at Object.log [as handleSubmit] (src/hooks/useRegistrationForm.ts:284:13)

    console.log
      [2026-02-08T19:37:14.706Z] Current errors: {}

      at Object.log [as handleSubmit] (src/hooks/useRegistrationForm.ts:285:13)

    console.log
      [2026-02-08T19:37:14.706Z] Is rate limited: true

      at Object.log [as handleSubmit] (src/hooks/useRegistrationForm.ts:286:13)

    console.log
      [2026-02-08T19:37:14.706Z] ❌ Form submission blocked: rate limit active

      at Object.log [as handleSubmit] (src/hooks/useRegistrationForm.ts:290:15)

    console.log
      ✅ preventDefault() called FIRST (stopPropagation also called if available)

      at Object.log [as handleSubmit] (src/hooks/useRegistrationForm.ts:277:13)

    console.log
      [2026-02-08T19:37:14.715Z] ========== FORM SUBMISSION STARTED ==========

      at Object.log [as handleSubmit] (src/hooks/useRegistrationForm.ts:280:13)

    console.log
      [2026-02-08T19:37:14.715Z] Event defaultPrevented: undefined

      at Object.log [as handleSubmit] (src/hooks/useRegistrationForm.ts:281:13)

    console.log
      [2026-02-08T19:37:14.715Z] Event type: undefined

      at Object.log [as handleSubmit] (src/hooks/useRegistrationForm.ts:282:13)

    console.log
      [2026-02-08T19:37:14.715Z] Event target: undefined

      at Object.log [as handleSubmit] (src/hooks/useRegistrationForm.ts:283:13)

    console.log
      [2026-02-08T19:37:14.715Z] Form data: {
        "fullName": "John Doe",
        "email": "test@example.com",
        "password": "Password123!",
        "confirmPassword": "Password123!"
      }

      at Object.log [as handleSubmit] (src/hooks/useRegistrationForm.ts:284:13)

    console.log
      [2026-02-08T19:37:14.715Z] Current errors: {}

      at Object.log [as handleSubmit] (src/hooks/useRegistrationForm.ts:285:13)

    console.log
      [2026-02-08T19:37:14.715Z] Is rate limited: true

      at Object.log [as handleSubmit] (src/hooks/useRegistrationForm.ts:286:13)

    console.log
      [2026-02-08T19:37:14.715Z] ❌ Form submission blocked: rate limit active

      at Object.log [as handleSubmit] (src/hooks/useRegistrationForm.ts:290:15)

    console.log
      ✅ preventDefault() called FIRST (stopPropagation also called if available)

      at Object.log [as handleSubmit] (src/hooks/useRegistrationForm.ts:277:13)

    console.log
      [2026-02-08T19:37:14.720Z] ========== FORM SUBMISSION STARTED ==========

      at Object.log [as handleSubmit] (src/hooks/useRegistrationForm.ts:280:13)

    console.log
      [2026-02-08T19:37:14.720Z] Event defaultPrevented: undefined

      at Object.log [as handleSubmit] (src/hooks/useRegistrationForm.ts:281:13)

    console.log
      [2026-02-08T19:37:14.720Z] Event type: undefined

      at Object.log [as handleSubmit] (src/hooks/useRegistrationForm.ts:282:13)

    console.log
      [2026-02-08T19:37:14.720Z] Event target: undefined

      at Object.log [as handleSubmit] (src/hooks/useRegistrationForm.ts:283:13)

    console.log
      [2026-02-08T19:37:14.720Z] Form data: {
        "fullName": "John Doe",
        "email": "test@example.com",
        "password": "Password123!",
        "confirmPassword": "Password123!"
      }

      at Object.log [as handleSubmit] (src/hooks/useRegistrationForm.ts:284:13)

    console.log
      [2026-02-08T19:37:14.720Z] Current errors: {}

      at Object.log [as handleSubmit] (src/hooks/useRegistrationForm.ts:285:13)

    console.log
      [2026-02-08T19:37:14.720Z] Is rate limited: false

      at Object.log [as handleSubmit] (src/hooks/useRegistrationForm.ts:286:13)

    console.log
      [2026-02-08T19:37:14.720Z] Validation result: true

      at Object.log [as handleSubmit] (src/hooks/useRegistrationForm.ts:296:13)

    console.log
      [2026-02-08T19:37:14.720Z] ✅ Validation passed, proceeding with API call

      at Object.log [as handleSubmit] (src/hooks/useRegistrationForm.ts:303:13)

    console.log
      [2026-02-08T19:37:14.720Z] 📡 Calling API client register method

      at Object.log [as handleSubmit] (src/hooks/useRegistrationForm.ts:316:15)

    console.log
      [2026-02-08T19:37:14.720Z] API payload: {
        email: 'test@example.com',
        name: 'John Doe',
        password: '***REDACTED***'
      }

      at Object.log [as handleSubmit] (src/hooks/useRegistrationForm.ts:317:15)

    console.log
      [2026-02-08T19:37:14.720Z] ❌ API call failed: { status: 409, message: 'Email already exists' }

      at Object.log [as handleSubmit] (src/hooks/useRegistrationForm.ts:343:15)

    console.log
      [2026-02-08T19:37:14.720Z] ========== FORM SUBMISSION ENDED ==========

      at Object.log [as handleSubmit] (src/hooks/useRegistrationForm.ts:376:15)

    console.log
      ✅ preventDefault() called FIRST (stopPropagation also called if available)

      at Object.log [as handleSubmit] (src/hooks/useRegistrationForm.ts:277:13)

    console.log
      [2026-02-08T19:37:14.728Z] ========== FORM SUBMISSION STARTED ==========

      at Object.log [as handleSubmit] (src/hooks/useRegistrationForm.ts:280:13)

    console.log
      [2026-02-08T19:37:14.728Z] Event defaultPrevented: undefined

      at Object.log [as handleSubmit] (src/hooks/useRegistrationForm.ts:281:13)

    console.log
      [2026-02-08T19:37:14.728Z] Event type: undefined

      at Object.log [as handleSubmit] (src/hooks/useRegistrationForm.ts:282:13)

    console.log
      [2026-02-08T19:37:14.728Z] Event target: undefined

      at Object.log [as handleSubmit] (src/hooks/useRegistrationForm.ts:283:13)

    console.log
      [2026-02-08T19:37:14.728Z] Form data: {
        "fullName": "John Doe",
        "email": "test@example.com",
        "password": "Password123!",
        "confirmPassword": "Password123!"
      }

      at Object.log [as handleSubmit] (src/hooks/useRegistrationForm.ts:284:13)

    console.log
      [2026-02-08T19:37:14.728Z] Current errors: {}

      at Object.log [as handleSubmit] (src/hooks/useRegistrationForm.ts:285:13)

    console.log
      [2026-02-08T19:37:14.728Z] Is rate limited: false

      at Object.log [as handleSubmit] (src/hooks/useRegistrationForm.ts:286:13)

    console.log
      [2026-02-08T19:37:14.728Z] Validation result: true

      at Object.log [as handleSubmit] (src/hooks/useRegistrationForm.ts:296:13)

    console.log
      [2026-02-08T19:37:14.728Z] ✅ Validation passed, proceeding with API call

      at Object.log [as handleSubmit] (src/hooks/useRegistrationForm.ts:303:13)

    console.log
      [2026-02-08T19:37:14.728Z] 📡 Calling API client register method

      at Object.log [as handleSubmit] (src/hooks/useRegistrationForm.ts:316:15)

    console.log
      [2026-02-08T19:37:14.728Z] API payload: {
        email: 'test@example.com',
        name: 'John Doe',
        password: '***REDACTED***'
      }

      at Object.log [as handleSubmit] (src/hooks/useRegistrationForm.ts:317:15)

    console.log
      [2026-02-08T19:37:14.728Z] ❌ API call failed: { status: 409, message: 'Email already exists' }

      at Object.log [as handleSubmit] (src/hooks/useRegistrationForm.ts:343:15)

    console.log
      [2026-02-08T19:37:14.728Z] ========== FORM SUBMISSION ENDED ==========

      at Object.log [as handleSubmit] (src/hooks/useRegistrationForm.ts:376:15)

    console.log
      ✅ preventDefault() called FIRST (stopPropagation also called if available)

      at Object.log [as handleSubmit] (src/hooks/useRegistrationForm.ts:277:13)

    console.log
      [2026-02-08T19:37:14.734Z] ========== FORM SUBMISSION STARTED ==========

      at Object.log [as handleSubmit] (src/hooks/useRegistrationForm.ts:280:13)

    console.log
      [2026-02-08T19:37:14.734Z] Event defaultPrevented: undefined

      at Object.log [as handleSubmit] (src/hooks/useRegistrationForm.ts:281:13)

    console.log
      [2026-02-08T19:37:14.734Z] Event type: undefined

      at Object.log [as handleSubmit] (src/hooks/useRegistrationForm.ts:282:13)

    console.log
      [2026-02-08T19:37:14.734Z] Event target: undefined

      at Object.log [as handleSubmit] (src/hooks/useRegistrationForm.ts:283:13)

    console.log
      [2026-02-08T19:37:14.734Z] Form data: {
        "fullName": "John Doe",
        "email": "test@example.com",
        "password": "Password123!",
        "confirmPassword": "Password123!"
      }

      at Object.log [as handleSubmit] (src/hooks/useRegistrationForm.ts:284:13)

    console.log
      [2026-02-08T19:37:14.734Z] Current errors: {}

      at Object.log [as handleSubmit] (src/hooks/useRegistrationForm.ts:285:13)

    console.log
      [2026-02-08T19:37:14.734Z] Is rate limited: false

      at Object.log [as handleSubmit] (src/hooks/useRegistrationForm.ts:286:13)

    console.log
      [2026-02-08T19:37:14.734Z] Validation result: true

      at Object.log [as handleSubmit] (src/hooks/useRegistrationForm.ts:296:13)

    console.log
      [2026-02-08T19:37:14.734Z] ✅ Validation passed, proceeding with API call

      at Object.log [as handleSubmit] (src/hooks/useRegistrationForm.ts:303:13)

    console.log
      [2026-02-08T19:37:14.734Z] 📡 Calling API client register method

      at Object.log [as handleSubmit] (src/hooks/useRegistrationForm.ts:316:15)

    console.log
      [2026-02-08T19:37:14.734Z] API payload: {
        email: 'test@example.com',
        name: 'John Doe',
        password: '***REDACTED***'
      }

      at Object.log [as handleSubmit] (src/hooks/useRegistrationForm.ts:317:15)

    console.log
      [2026-02-08T19:37:14.734Z] ❌ API call failed: { status: 409, message: 'Email already exists' }

      at Object.log [as handleSubmit] (src/hooks/useRegistrationForm.ts:343:15)

    console.log
      [2026-02-08T19:37:14.734Z] ========== FORM SUBMISSION ENDED ==========

      at Object.log [as handleSubmit] (src/hooks/useRegistrationForm.ts:376:15)

    console.log
      ✅ preventDefault() called FIRST (stopPropagation also called if available)

      at Object.log [as handleSubmit] (src/hooks/useRegistrationForm.ts:277:13)

    console.log
      [2026-02-08T19:37:14.738Z] ========== FORM SUBMISSION STARTED ==========

      at Object.log [as handleSubmit] (src/hooks/useRegistrationForm.ts:280:13)

    console.log
      [2026-02-08T19:37:14.738Z] Event defaultPrevented: undefined

      at Object.log [as handleSubmit] (src/hooks/useRegistrationForm.ts:281:13)

    console.log
      [2026-02-08T19:37:14.738Z] Event type: undefined

      at Object.log [as handleSubmit] (src/hooks/useRegistrationForm.ts:282:13)

    console.log
      [2026-02-08T19:37:14.738Z] Event target: undefined

      at Object.log [as handleSubmit] (src/hooks/useRegistrationForm.ts:283:13)

    console.log
      [2026-02-08T19:37:14.738Z] Form data: {
        "fullName": "John Doe",
        "email": "test@example.com",
        "password": "Password123!",
        "confirmPassword": "Password123!"
      }

      at Object.log [as handleSubmit] (src/hooks/useRegistrationForm.ts:284:13)

    console.log
      [2026-02-08T19:37:14.738Z] Current errors: {}

      at Object.log [as handleSubmit] (src/hooks/useRegistrationForm.ts:285:13)

    console.log
      [2026-02-08T19:37:14.738Z] Is rate limited: false

      at Object.log [as handleSubmit] (src/hooks/useRegistrationForm.ts:286:13)

    console.log
      [2026-02-08T19:37:14.738Z] Validation result: true

      at Object.log [as handleSubmit] (src/hooks/useRegistrationForm.ts:296:13)

    console.log
      [2026-02-08T19:37:14.738Z] ✅ Validation passed, proceeding with API call

      at Object.log [as handleSubmit] (src/hooks/useRegistrationForm.ts:303:13)

    console.log
      [2026-02-08T19:37:14.738Z] 📡 Calling API client register method

      at Object.log [as handleSubmit] (src/hooks/useRegistrationForm.ts:316:15)

    console.log
      [2026-02-08T19:37:14.738Z] API payload: {
        email: 'test@example.com',
        name: 'John Doe',
        password: '***REDACTED***'
      }

      at Object.log [as handleSubmit] (src/hooks/useRegistrationForm.ts:317:15)

    console.log
      [2026-02-08T19:37:14.738Z] ❌ API call failed: { status: 409, message: 'Email already exists' }

      at Object.log [as handleSubmit] (src/hooks/useRegistrationForm.ts:343:15)

    console.log
      [2026-02-08T19:37:14.738Z] ========== FORM SUBMISSION ENDED ==========

      at Object.log [as handleSubmit] (src/hooks/useRegistrationForm.ts:376:15)

    console.log
      ✅ preventDefault() called FIRST (stopPropagation also called if available)

      at Object.log [as handleSubmit] (src/hooks/useRegistrationForm.ts:277:13)

    console.log
      [2026-02-08T19:37:14.742Z] ========== FORM SUBMISSION STARTED ==========

      at Object.log [as handleSubmit] (src/hooks/useRegistrationForm.ts:280:13)

    console.log
      [2026-02-08T19:37:14.742Z] Event defaultPrevented: undefined

      at Object.log [as handleSubmit] (src/hooks/useRegistrationForm.ts:281:13)

    console.log
      [2026-02-08T19:37:14.742Z] Event type: undefined

      at Object.log [as handleSubmit] (src/hooks/useRegistrationForm.ts:282:13)

    console.log
      [2026-02-08T19:37:14.742Z] Event target: undefined

      at Object.log [as handleSubmit] (src/hooks/useRegistrationForm.ts:283:13)

    console.log
      [2026-02-08T19:37:14.742Z] Form data: {
        "fullName": "John Doe",
        "email": "test@example.com",
        "password": "Password123!",
        "confirmPassword": "Password123!"
      }

      at Object.log [as handleSubmit] (src/hooks/useRegistrationForm.ts:284:13)

    console.log
      [2026-02-08T19:37:14.742Z] Current errors: {}

      at Object.log [as handleSubmit] (src/hooks/useRegistrationForm.ts:285:13)

    console.log
      [2026-02-08T19:37:14.742Z] Is rate limited: false

      at Object.log [as handleSubmit] (src/hooks/useRegistrationForm.ts:286:13)

    console.log
      [2026-02-08T19:37:14.742Z] Validation result: true

      at Object.log [as handleSubmit] (src/hooks/useRegistrationForm.ts:296:13)

    console.log
      [2026-02-08T19:37:14.742Z] ✅ Validation passed, proceeding with API call

      at Object.log [as handleSubmit] (src/hooks/useRegistrationForm.ts:303:13)

    console.log
      [2026-02-08T19:37:14.742Z] 📡 Calling API client register method

      at Object.log [as handleSubmit] (src/hooks/useRegistrationForm.ts:316:15)

    console.log
      [2026-02-08T19:37:14.742Z] API payload: {
        email: 'test@example.com',
        name: 'John Doe',
        password: '***REDACTED***'
      }

      at Object.log [as handleSubmit] (src/hooks/useRegistrationForm.ts:317:15)

    console.log
      [2026-02-08T19:37:14.742Z] ❌ API call failed: { status: 409, message: 'Email already exists' }

      at Object.log [as handleSubmit] (src/hooks/useRegistrationForm.ts:343:15)

    console.log
      [2026-02-08T19:37:14.742Z] ========== FORM SUBMISSION ENDED ==========

      at Object.log [as handleSubmit] (src/hooks/useRegistrationForm.ts:376:15)

    console.log
      ✅ preventDefault() called FIRST (stopPropagation also called if available)

      at Object.log [as handleSubmit] (src/hooks/useRegistrationForm.ts:277:13)

    console.log
      [2026-02-08T19:37:14.746Z] ========== FORM SUBMISSION STARTED ==========

      at Object.log [as handleSubmit] (src/hooks/useRegistrationForm.ts:280:13)

    console.log
      [2026-02-08T19:37:14.746Z] Event defaultPrevented: undefined

      at Object.log [as handleSubmit] (src/hooks/useRegistrationForm.ts:281:13)

    console.log
      [2026-02-08T19:37:14.746Z] Event type: undefined

      at Object.log [as handleSubmit] (src/hooks/useRegistrationForm.ts:282:13)

    console.log
      [2026-02-08T19:37:14.746Z] Event target: undefined

      at Object.log [as handleSubmit] (src/hooks/useRegistrationForm.ts:283:13)

    console.log
      [2026-02-08T19:37:14.746Z] Form data: {
        "fullName": "John Doe",
        "email": "test@example.com",
        "password": "Password123!",
        "confirmPassword": "Password123!"
      }

      at Object.log [as handleSubmit] (src/hooks/useRegistrationForm.ts:284:13)

    console.log
      [2026-02-08T19:37:14.746Z] Current errors: {}

      at Object.log [as handleSubmit] (src/hooks/useRegistrationForm.ts:285:13)

    console.log
      [2026-02-08T19:37:14.746Z] Is rate limited: false

      at Object.log [as handleSubmit] (src/hooks/useRegistrationForm.ts:286:13)

    console.log
      [2026-02-08T19:37:14.746Z] Validation result: true

      at Object.log [as handleSubmit] (src/hooks/useRegistrationForm.ts:296:13)

    console.log
      [2026-02-08T19:37:14.746Z] ✅ Validation passed, proceeding with API call

      at Object.log [as handleSubmit] (src/hooks/useRegistrationForm.ts:303:13)

    console.log
      [2026-02-08T19:37:14.746Z] 📡 Calling API client register method

      at Object.log [as handleSubmit] (src/hooks/useRegistrationForm.ts:316:15)

    console.log
      [2026-02-08T19:37:14.746Z] API payload: {
        email: 'test@example.com',
        name: 'John Doe',
        password: '***REDACTED***'
      }

      at Object.log [as handleSubmit] (src/hooks/useRegistrationForm.ts:317:15)

    console.log
      [2026-02-08T19:37:14.746Z] ❌ API call failed: { status: 409, message: 'Email already exists' }

      at Object.log [as handleSubmit] (src/hooks/useRegistrationForm.ts:343:15)

    console.log
      [2026-02-08T19:37:14.746Z] ========== FORM SUBMISSION ENDED ==========

      at Object.log [as handleSubmit] (src/hooks/useRegistrationForm.ts:376:15)

    console.log
      ✅ preventDefault() called FIRST (stopPropagation also called if available)

      at Object.log [as handleSubmit] (src/hooks/useRegistrationForm.ts:277:13)

    console.log
      [2026-02-08T19:37:14.749Z] ========== FORM SUBMISSION STARTED ==========

      at Object.log [as handleSubmit] (src/hooks/useRegistrationForm.ts:280:13)

    console.log
      [2026-02-08T19:37:14.749Z] Event defaultPrevented: undefined

      at Object.log [as handleSubmit] (src/hooks/useRegistrationForm.ts:281:13)

    console.log
      [2026-02-08T19:37:14.749Z] Event type: undefined

      at Object.log [as handleSubmit] (src/hooks/useRegistrationForm.ts:282:13)

    console.log
      [2026-02-08T19:37:14.749Z] Event target: undefined

      at Object.log [as handleSubmit] (src/hooks/useRegistrationForm.ts:283:13)

    console.log
      [2026-02-08T19:37:14.749Z] Form data: {
        "fullName": "John Doe",
        "email": "test@example.com",
        "password": "Password123!",
        "confirmPassword": "Password123!"
      }

      at Object.log [as handleSubmit] (src/hooks/useRegistrationForm.ts:284:13)

    console.log
      [2026-02-08T19:37:14.749Z] Current errors: {}

      at Object.log [as handleSubmit] (src/hooks/useRegistrationForm.ts:285:13)

    console.log
      [2026-02-08T19:37:14.749Z] Is rate limited: true

      at Object.log [as handleSubmit] (src/hooks/useRegistrationForm.ts:286:13)

    console.log
      [2026-02-08T19:37:14.749Z] ❌ Form submission blocked: rate limit active

      at Object.log [as handleSubmit] (src/hooks/useRegistrationForm.ts:290:15)

    console.log
      ✅ preventDefault() called FIRST (stopPropagation also called if available)

      at Object.log [as handleSubmit] (src/hooks/useRegistrationForm.ts:277:13)

    console.log
      [2026-02-08T19:37:14.752Z] ========== FORM SUBMISSION STARTED ==========

      at Object.log [as handleSubmit] (src/hooks/useRegistrationForm.ts:280:13)

    console.log
      [2026-02-08T19:37:14.752Z] Event defaultPrevented: undefined

      at Object.log [as handleSubmit] (src/hooks/useRegistrationForm.ts:281:13)

    console.log
      [2026-02-08T19:37:14.752Z] Event type: undefined

      at Object.log [as handleSubmit] (src/hooks/useRegistrationForm.ts:282:13)

    console.log
      [2026-02-08T19:37:14.752Z] Event target: undefined

      at Object.log [as handleSubmit] (src/hooks/useRegistrationForm.ts:283:13)

    console.log
      [2026-02-08T19:37:14.752Z] Form data: {
        "fullName": "John Doe",
        "email": "test@example.com",
        "password": "Password123!",
        "confirmPassword": "Password123!"
      }

      at Object.log [as handleSubmit] (src/hooks/useRegistrationForm.ts:284:13)

    console.log
      [2026-02-08T19:37:14.752Z] Current errors: {}

      at Object.log [as handleSubmit] (src/hooks/useRegistrationForm.ts:285:13)

    console.log
      [2026-02-08T19:37:14.752Z] Is rate limited: true

      at Object.log [as handleSubmit] (src/hooks/useRegistrationForm.ts:286:13)

    console.log
      [2026-02-08T19:37:14.752Z] ❌ Form submission blocked: rate limit active

      at Object.log [as handleSubmit] (src/hooks/useRegistrationForm.ts:290:15)

    console.log
      ✅ preventDefault() called FIRST (stopPropagation also called if available)

      at Object.log [as handleSubmit] (src/hooks/useRegistrationForm.ts:277:13)

    console.log
      [2026-02-08T19:37:14.754Z] ========== FORM SUBMISSION STARTED ==========

      at Object.log [as handleSubmit] (src/hooks/useRegistrationForm.ts:280:13)

    console.log
      [2026-02-08T19:37:14.754Z] Event defaultPrevented: undefined

      at Object.log [as handleSubmit] (src/hooks/useRegistrationForm.ts:281:13)

    console.log
      [2026-02-08T19:37:14.754Z] Event type: undefined

      at Object.log [as handleSubmit] (src/hooks/useRegistrationForm.ts:282:13)

    console.log
      [2026-02-08T19:37:14.754Z] Event target: undefined

      at Object.log [as handleSubmit] (src/hooks/useRegistrationForm.ts:283:13)

    console.log
      [2026-02-08T19:37:14.754Z] Form data: {
        "fullName": "John Doe",
        "email": "test@example.com",
        "password": "Password123!",
        "confirmPassword": "Password123!"
      }

      at Object.log [as handleSubmit] (src/hooks/useRegistrationForm.ts:284:13)

    console.log
      [2026-02-08T19:37:14.754Z] Current errors: {}

      at Object.log [as handleSubmit] (src/hooks/useRegistrationForm.ts:285:13)

    console.log
      [2026-02-08T19:37:14.754Z] Is rate limited: false

      at Object.log [as handleSubmit] (src/hooks/useRegistrationForm.ts:286:13)

    console.log
      [2026-02-08T19:37:14.754Z] Validation result: true

      at Object.log [as handleSubmit] (src/hooks/useRegistrationForm.ts:296:13)

    console.log
      [2026-02-08T19:37:14.754Z] ✅ Validation passed, proceeding with API call

      at Object.log [as handleSubmit] (src/hooks/useRegistrationForm.ts:303:13)

    console.log
      [2026-02-08T19:37:14.754Z] 📡 Calling API client register method

      at Object.log [as handleSubmit] (src/hooks/useRegistrationForm.ts:316:15)

    console.log
      [2026-02-08T19:37:14.754Z] API payload: {
        email: 'test@example.com',
        name: 'John Doe',
        password: '***REDACTED***'
      }

      at Object.log [as handleSubmit] (src/hooks/useRegistrationForm.ts:317:15)

    console.log
      [2026-02-08T19:37:14.754Z] ❌ API call failed: { status: 409, message: 'Email already exists' }

      at Object.log [as handleSubmit] (src/hooks/useRegistrationForm.ts:343:15)

    console.log
      [2026-02-08T19:37:14.754Z] ========== FORM SUBMISSION ENDED ==========

      at Object.log [as handleSubmit] (src/hooks/useRegistrationForm.ts:376:15)

    console.log
      ✅ preventDefault() called FIRST (stopPropagation also called if available)

      at Object.log [as handleSubmit] (src/hooks/useRegistrationForm.ts:277:13)

    console.log
      [2026-02-08T19:37:14.760Z] ========== FORM SUBMISSION STARTED ==========

      at Object.log [as handleSubmit] (src/hooks/useRegistrationForm.ts:280:13)

    console.log
      [2026-02-08T19:37:14.760Z] Event defaultPrevented: undefined

      at Object.log [as handleSubmit] (src/hooks/useRegistrationForm.ts:281:13)

    console.log
      [2026-02-08T19:37:14.760Z] Event type: undefined

      at Object.log [as handleSubmit] (src/hooks/useRegistrationForm.ts:282:13)

    console.log
      [2026-02-08T19:37:14.760Z] Event target: undefined

      at Object.log [as handleSubmit] (src/hooks/useRegistrationForm.ts:283:13)

    console.log
      [2026-02-08T19:37:14.760Z] Form data: {
        "fullName": "John Doe",
        "email": "test@example.com",
        "password": "Password123!",
        "confirmPassword": "Password123!"
      }

      at Object.log [as handleSubmit] (src/hooks/useRegistrationForm.ts:284:13)

    console.log
      [2026-02-08T19:37:14.760Z] Current errors: {}

      at Object.log [as handleSubmit] (src/hooks/useRegistrationForm.ts:285:13)

    console.log
      [2026-02-08T19:37:14.760Z] Is rate limited: false

      at Object.log [as handleSubmit] (src/hooks/useRegistrationForm.ts:286:13)

    console.log
      [2026-02-08T19:37:14.760Z] Validation result: true

      at Object.log [as handleSubmit] (src/hooks/useRegistrationForm.ts:296:13)

    console.log
      [2026-02-08T19:37:14.760Z] ✅ Validation passed, proceeding with API call

      at Object.log [as handleSubmit] (src/hooks/useRegistrationForm.ts:303:13)

    console.log
      [2026-02-08T19:37:14.760Z] 📡 Calling API client register method

      at Object.log [as handleSubmit] (src/hooks/useRegistrationForm.ts:316:15)

    console.log
      [2026-02-08T19:37:14.760Z] API payload: {
        email: 'test@example.com',
        name: 'John Doe',
        password: '***REDACTED***'
      }

      at Object.log [as handleSubmit] (src/hooks/useRegistrationForm.ts:317:15)

    console.log
      [2026-02-08T19:37:14.760Z] ❌ API call failed: { status: 409, message: 'Email already exists' }

      at Object.log [as handleSubmit] (src/hooks/useRegistrationForm.ts:343:15)

    console.log
      [2026-02-08T19:37:14.760Z] ========== FORM SUBMISSION ENDED ==========

      at Object.log [as handleSubmit] (src/hooks/useRegistrationForm.ts:376:15)

    console.log
      ✅ preventDefault() called FIRST (stopPropagation also called if available)

      at Object.log [as handleSubmit] (src/hooks/useRegistrationForm.ts:277:13)

    console.log
      [2026-02-08T19:37:14.768Z] ========== FORM SUBMISSION STARTED ==========

      at Object.log [as handleSubmit] (src/hooks/useRegistrationForm.ts:280:13)

    console.log
      [2026-02-08T19:37:14.768Z] Event defaultPrevented: undefined

      at Object.log [as handleSubmit] (src/hooks/useRegistrationForm.ts:281:13)

    console.log
      [2026-02-08T19:37:14.768Z] Event type: undefined

      at Object.log [as handleSubmit] (src/hooks/useRegistrationForm.ts:282:13)

    console.log
      [2026-02-08T19:37:14.768Z] Event target: undefined

      at Object.log [as handleSubmit] (src/hooks/useRegistrationForm.ts:283:13)

    console.log
      [2026-02-08T19:37:14.768Z] Form data: {
        "fullName": "John Doe",
        "email": "test@example.com",
        "password": "Password123!",
        "confirmPassword": "Password123!"
      }

      at Object.log [as handleSubmit] (src/hooks/useRegistrationForm.ts:284:13)

    console.log
      [2026-02-08T19:37:14.768Z] Current errors: {}

      at Object.log [as handleSubmit] (src/hooks/useRegistrationForm.ts:285:13)

    console.log
      [2026-02-08T19:37:14.768Z] Is rate limited: false

      at Object.log [as handleSubmit] (src/hooks/useRegistrationForm.ts:286:13)

    console.log
      [2026-02-08T19:37:14.768Z] Validation result: true

      at Object.log [as handleSubmit] (src/hooks/useRegistrationForm.ts:296:13)

    console.log
      [2026-02-08T19:37:14.768Z] ✅ Validation passed, proceeding with API call

      at Object.log [as handleSubmit] (src/hooks/useRegistrationForm.ts:303:13)

    console.log
      [2026-02-08T19:37:14.768Z] 📡 Calling API client register method

      at Object.log [as handleSubmit] (src/hooks/useRegistrationForm.ts:316:15)

    console.log
      [2026-02-08T19:37:14.768Z] API payload: {
        email: 'test@example.com',
        name: 'John Doe',
        password: '***REDACTED***'
      }

      at Object.log [as handleSubmit] (src/hooks/useRegistrationForm.ts:317:15)

    console.log
      [2026-02-08T19:37:14.768Z] ✅ API call successful

      at Object.log [as handleSubmit] (src/hooks/useRegistrationForm.ts:330:15)

    console.log
      [2026-02-08T19:37:14.768Z] ========== FORM SUBMISSION ENDED ==========

      at Object.log [as handleSubmit] (src/hooks/useRegistrationForm.ts:376:15)

    console.log
      ✅ preventDefault() called FIRST (stopPropagation also called if available)

      at Object.log [as handleSubmit] (src/hooks/useRegistrationForm.ts:277:13)

    console.log
      [2026-02-08T19:37:14.772Z] ========== FORM SUBMISSION STARTED ==========

      at Object.log [as handleSubmit] (src/hooks/useRegistrationForm.ts:280:13)

    console.log
      [2026-02-08T19:37:14.772Z] Event defaultPrevented: undefined

      at Object.log [as handleSubmit] (src/hooks/useRegistrationForm.ts:281:13)

    console.log
      [2026-02-08T19:37:14.772Z] Event type: undefined

      at Object.log [as handleSubmit] (src/hooks/useRegistrationForm.ts:282:13)

    console.log
      [2026-02-08T19:37:14.772Z] Event target: undefined

      at Object.log [as handleSubmit] (src/hooks/useRegistrationForm.ts:283:13)

    console.log
      [2026-02-08T19:37:14.772Z] Form data: {
        "fullName": "John Doe",
        "email": "test@example.com",
        "password": "Password123!",
        "confirmPassword": "Password123!"
      }

      at Object.log [as handleSubmit] (src/hooks/useRegistrationForm.ts:284:13)

    console.log
      [2026-02-08T19:37:14.772Z] Current errors: {}

      at Object.log [as handleSubmit] (src/hooks/useRegistrationForm.ts:285:13)

    console.log
      [2026-02-08T19:37:14.772Z] Is rate limited: false

      at Object.log [as handleSubmit] (src/hooks/useRegistrationForm.ts:286:13)

    console.log
      [2026-02-08T19:37:14.772Z] Validation result: true

      at Object.log [as handleSubmit] (src/hooks/useRegistrationForm.ts:296:13)

    console.log
      [2026-02-08T19:37:14.772Z] ✅ Validation passed, proceeding with API call

      at Object.log [as handleSubmit] (src/hooks/useRegistrationForm.ts:303:13)

    console.log
      [2026-02-08T19:37:14.772Z] 📡 Calling API client register method

      at Object.log [as handleSubmit] (src/hooks/useRegistrationForm.ts:316:15)

    console.log
      [2026-02-08T19:37:14.772Z] API payload: {
        email: 'test@example.com',
        name: 'John Doe',
        password: '***REDACTED***'
      }

      at Object.log [as handleSubmit] (src/hooks/useRegistrationForm.ts:317:15)

    console.log
      [2026-02-08T19:37:14.772Z] ❌ API call failed: { status: 409, message: 'Email already exists' }

      at Object.log [as handleSubmit] (src/hooks/useRegistrationForm.ts:343:15)

    console.log
      [2026-02-08T19:37:14.772Z] ========== FORM SUBMISSION ENDED ==========

      at Object.log [as handleSubmit] (src/hooks/useRegistrationForm.ts:376:15)

    console.log
      ✅ preventDefault() called FIRST (stopPropagation also called if available)

      at Object.log [as handleSubmit] (src/hooks/useRegistrationForm.ts:277:13)

    console.log
      [2026-02-08T19:37:14.778Z] ========== FORM SUBMISSION STARTED ==========

      at Object.log [as handleSubmit] (src/hooks/useRegistrationForm.ts:280:13)

    console.log
      [2026-02-08T19:37:14.778Z] Event defaultPrevented: undefined

      at Object.log [as handleSubmit] (src/hooks/useRegistrationForm.ts:281:13)

    console.log
      [2026-02-08T19:37:14.778Z] Event type: undefined

      at Object.log [as handleSubmit] (src/hooks/useRegistrationForm.ts:282:13)

    console.log
      [2026-02-08T19:37:14.778Z] Event target: undefined

      at Object.log [as handleSubmit] (src/hooks/useRegistrationForm.ts:283:13)

    console.log
      [2026-02-08T19:37:14.778Z] Form data: {
        "fullName": "John Doe",
        "email": "test@example.com",
        "password": "Password123!",
        "confirmPassword": "Password123!"
      }

      at Object.log [as handleSubmit] (src/hooks/useRegistrationForm.ts:284:13)

    console.log
      [2026-02-08T19:37:14.778Z] Current errors: {}

      at Object.log [as handleSubmit] (src/hooks/useRegistrationForm.ts:285:13)

    console.log
      [2026-02-08T19:37:14.778Z] Is rate limited: false

      at Object.log [as handleSubmit] (src/hooks/useRegistrationForm.ts:286:13)

    console.log
      [2026-02-08T19:37:14.778Z] Validation result: true

      at Object.log [as handleSubmit] (src/hooks/useRegistrationForm.ts:296:13)

    console.log
      [2026-02-08T19:37:14.778Z] ✅ Validation passed, proceeding with API call

      at Object.log [as handleSubmit] (src/hooks/useRegistrationForm.ts:303:13)

    console.log
      [2026-02-08T19:37:14.778Z] 📡 Calling API client register method

      at Object.log [as handleSubmit] (src/hooks/useRegistrationForm.ts:316:15)

    console.log
      [2026-02-08T19:37:14.778Z] API payload: {
        email: 'test@example.com',
        name: 'John Doe',
        password: '***REDACTED***'
      }

      at Object.log [as handleSubmit] (src/hooks/useRegistrationForm.ts:317:15)

    console.log
      [2026-02-08T19:37:14.778Z] ❌ API call failed: { status: 409, message: 'Email already exists' }

      at Object.log [as handleSubmit] (src/hooks/useRegistrationForm.ts:343:15)

    console.log
      [2026-02-08T19:37:14.778Z] ========== FORM SUBMISSION ENDED ==========

      at Object.log [as handleSubmit] (src/hooks/useRegistrationForm.ts:376:15)

    console.log
      ✅ preventDefault() called FIRST (stopPropagation also called if available)

      at Object.log [as handleSubmit] (src/hooks/useRegistrationForm.ts:277:13)

    console.log
      [2026-02-08T19:37:14.781Z] ========== FORM SUBMISSION STARTED ==========

      at Object.log [as handleSubmit] (src/hooks/useRegistrationForm.ts:280:13)

    console.log
      [2026-02-08T19:37:14.781Z] Event defaultPrevented: undefined

      at Object.log [as handleSubmit] (src/hooks/useRegistrationForm.ts:281:13)

    console.log
      [2026-02-08T19:37:14.781Z] Event type: undefined

      at Object.log [as handleSubmit] (src/hooks/useRegistrationForm.ts:282:13)

    console.log
      [2026-02-08T19:37:14.781Z] Event target: undefined

      at Object.log [as handleSubmit] (src/hooks/useRegistrationForm.ts:283:13)

    console.log
      [2026-02-08T19:37:14.781Z] Form data: {
        "fullName": "John Doe",
        "email": "test@example.com",
        "password": "Password123!",
        "confirmPassword": "Password123!"
      }

      at Object.log [as handleSubmit] (src/hooks/useRegistrationForm.ts:284:13)

    console.log
      [2026-02-08T19:37:14.781Z] Current errors: {}

      at Object.log [as handleSubmit] (src/hooks/useRegistrationForm.ts:285:13)

    console.log
      [2026-02-08T19:37:14.781Z] Is rate limited: false

      at Object.log [as handleSubmit] (src/hooks/useRegistrationForm.ts:286:13)

    console.log
      [2026-02-08T19:37:14.781Z] Validation result: true

      at Object.log [as handleSubmit] (src/hooks/useRegistrationForm.ts:296:13)

    console.log
      [2026-02-08T19:37:14.781Z] ✅ Validation passed, proceeding with API call

      at Object.log [as handleSubmit] (src/hooks/useRegistrationForm.ts:303:13)

    console.log
      [2026-02-08T19:37:14.781Z] 📡 Calling API client register method

      at Object.log [as handleSubmit] (src/hooks/useRegistrationForm.ts:316:15)

    console.log
      [2026-02-08T19:37:14.781Z] API payload: {
        email: 'test@example.com',
        name: 'John Doe',
        password: '***REDACTED***'
      }

      at Object.log [as handleSubmit] (src/hooks/useRegistrationForm.ts:317:15)

    console.log
      [2026-02-08T19:37:14.781Z] ✅ API call successful

      at Object.log [as handleSubmit] (src/hooks/useRegistrationForm.ts:330:15)

    console.log
      [2026-02-08T19:37:14.781Z] ========== FORM SUBMISSION ENDED ==========

      at Object.log [as handleSubmit] (src/hooks/useRegistrationForm.ts:376:15)

    console.log
      ✅ preventDefault() called FIRST (stopPropagation also called if available)

      at Object.log [as handleSubmit] (src/hooks/useRegistrationForm.ts:277:13)

    console.log
      [2026-02-08T19:37:14.787Z] ========== FORM SUBMISSION STARTED ==========

      at Object.log [as handleSubmit] (src/hooks/useRegistrationForm.ts:280:13)

    console.log
      [2026-02-08T19:37:14.787Z] Event defaultPrevented: undefined

      at Object.log [as handleSubmit] (src/hooks/useRegistrationForm.ts:281:13)

    console.log
      [2026-02-08T19:37:14.787Z] Event type: undefined

      at Object.log [as handleSubmit] (src/hooks/useRegistrationForm.ts:282:13)

    console.log
      [2026-02-08T19:37:14.787Z] Event target: undefined

      at Object.log [as handleSubmit] (src/hooks/useRegistrationForm.ts:283:13)

    console.log
      [2026-02-08T19:37:14.787Z] Form data: {
        "fullName": "John Doe",
        "email": "test@example.com",
        "password": "Password123!",
        "confirmPassword": "Password123!"
      }

      at Object.log [as handleSubmit] (src/hooks/useRegistrationForm.ts:284:13)

    console.log
      [2026-02-08T19:37:14.787Z] Current errors: {}

      at Object.log [as handleSubmit] (src/hooks/useRegistrationForm.ts:285:13)

    console.log
      [2026-02-08T19:37:14.787Z] Is rate limited: false

      at Object.log [as handleSubmit] (src/hooks/useRegistrationForm.ts:286:13)

    console.log
      [2026-02-08T19:37:14.787Z] Validation result: true

      at Object.log [as handleSubmit] (src/hooks/useRegistrationForm.ts:296:13)

    console.log
      [2026-02-08T19:37:14.787Z] ✅ Validation passed, proceeding with API call

      at Object.log [as handleSubmit] (src/hooks/useRegistrationForm.ts:303:13)

    console.log
      [2026-02-08T19:37:14.787Z] 📡 Calling API client register method

      at Object.log [as handleSubmit] (src/hooks/useRegistrationForm.ts:316:15)

    console.log
      [2026-02-08T19:37:14.787Z] API payload: {
        email: 'test@example.com',
        name: 'John Doe',
        password: '***REDACTED***'
      }

      at Object.log [as handleSubmit] (src/hooks/useRegistrationForm.ts:317:15)

    console.log
      [2026-02-08T19:37:14.787Z] ✅ API call successful

      at Object.log [as handleSubmit] (src/hooks/useRegistrationForm.ts:330:15)

    console.log
      [2026-02-08T19:37:14.787Z] ========== FORM SUBMISSION ENDED ==========

      at Object.log [as handleSubmit] (src/hooks/useRegistrationForm.ts:376:15)

    console.log
      ✅ preventDefault() called FIRST (stopPropagation also called if available)

      at Object.log [as handleSubmit] (src/hooks/useRegistrationForm.ts:277:13)

    console.log
      [2026-02-08T19:37:14.795Z] ========== FORM SUBMISSION STARTED ==========

      at Object.log [as handleSubmit] (src/hooks/useRegistrationForm.ts:280:13)

    console.log
      [2026-02-08T19:37:14.795Z] Event defaultPrevented: undefined

      at Object.log [as handleSubmit] (src/hooks/useRegistrationForm.ts:281:13)

    console.log
      [2026-02-08T19:37:14.795Z] Event type: undefined

      at Object.log [as handleSubmit] (src/hooks/useRegistrationForm.ts:282:13)

    console.log
      [2026-02-08T19:37:14.795Z] Event target: undefined

      at Object.log [as handleSubmit] (src/hooks/useRegistrationForm.ts:283:13)

    console.log
      [2026-02-08T19:37:14.795Z] Form data: {
        "fullName": "John Doe",
        "email": "test@example.com",
        "password": "Password123!",
        "confirmPassword": "Password123!"
      }

      at Object.log [as handleSubmit] (src/hooks/useRegistrationForm.ts:284:13)

    console.log
      [2026-02-08T19:37:14.795Z] Current errors: {}

      at Object.log [as handleSubmit] (src/hooks/useRegistrationForm.ts:285:13)

    console.log
      [2026-02-08T19:37:14.795Z] Is rate limited: false

      at Object.log [as handleSubmit] (src/hooks/useRegistrationForm.ts:286:13)

    console.log
      [2026-02-08T19:37:14.795Z] Validation result: true

      at Object.log [as handleSubmit] (src/hooks/useRegistrationForm.ts:296:13)

    console.log
      [2026-02-08T19:37:14.795Z] ✅ Validation passed, proceeding with API call

      at Object.log [as handleSubmit] (src/hooks/useRegistrationForm.ts:303:13)

    console.log
      [2026-02-08T19:37:14.795Z] 📡 Calling API client register method

      at Object.log [as handleSubmit] (src/hooks/useRegistrationForm.ts:316:15)

    console.log
      [2026-02-08T19:37:14.795Z] API payload: {
        email: 'test@example.com',
        name: 'John Doe',
        password: '***REDACTED***'
      }

      at Object.log [as handleSubmit] (src/hooks/useRegistrationForm.ts:317:15)

    console.log
      [2026-02-08T19:37:14.795Z] ❌ API call failed: { status: 409, message: 'Email already exists' }

      at Object.log [as handleSubmit] (src/hooks/useRegistrationForm.ts:343:15)

    console.log
      [2026-02-08T19:37:14.795Z] ========== FORM SUBMISSION ENDED ==========

      at Object.log [as handleSubmit] (src/hooks/useRegistrationForm.ts:376:15)

    console.log
      ✅ preventDefault() called FIRST (stopPropagation also called if available)

      at Object.log [as handleSubmit] (src/hooks/useRegistrationForm.ts:277:13)

    console.log
      [2026-02-08T19:37:14.805Z] ========== FORM SUBMISSION STARTED ==========

      at Object.log [as handleSubmit] (src/hooks/useRegistrationForm.ts:280:13)

    console.log
      [2026-02-08T19:37:14.805Z] Event defaultPrevented: undefined

      at Object.log [as handleSubmit] (src/hooks/useRegistrationForm.ts:281:13)

    console.log
      [2026-02-08T19:37:14.805Z] Event type: undefined

      at Object.log [as handleSubmit] (src/hooks/useRegistrationForm.ts:282:13)

    console.log
      [2026-02-08T19:37:14.805Z] Event target: undefined

      at Object.log [as handleSubmit] (src/hooks/useRegistrationForm.ts:283:13)

    console.log
      [2026-02-08T19:37:14.805Z] Form data: {
        "fullName": "John Doe",
        "email": "test@example.com",
        "password": "Password123!",
        "confirmPassword": "Password123!"
      }

      at Object.log [as handleSubmit] (src/hooks/useRegistrationForm.ts:284:13)

    console.log
      [2026-02-08T19:37:14.805Z] Current errors: {}

      at Object.log [as handleSubmit] (src/hooks/useRegistrationForm.ts:285:13)

    console.log
      [2026-02-08T19:37:14.805Z] Is rate limited: false

      at Object.log [as handleSubmit] (src/hooks/useRegistrationForm.ts:286:13)

    console.log
      [2026-02-08T19:37:14.805Z] Validation result: true

      at Object.log [as handleSubmit] (src/hooks/useRegistrationForm.ts:296:13)

    console.log
      [2026-02-08T19:37:14.805Z] ✅ Validation passed, proceeding with API call

      at Object.log [as handleSubmit] (src/hooks/useRegistrationForm.ts:303:13)

    console.log
      [2026-02-08T19:37:14.805Z] 📡 Calling API client register method

      at Object.log [as handleSubmit] (src/hooks/useRegistrationForm.ts:316:15)

    console.log
      [2026-02-08T19:37:14.805Z] API payload: {
        email: 'test@example.com',
        name: 'John Doe',
        password: '***REDACTED***'
      }

      at Object.log [as handleSubmit] (src/hooks/useRegistrationForm.ts:317:15)

    console.log
      [2026-02-08T19:37:14.805Z] ✅ API call successful

      at Object.log [as handleSubmit] (src/hooks/useRegistrationForm.ts:330:15)

    console.log
      [2026-02-08T19:37:14.805Z] ========== FORM SUBMISSION ENDED ==========

      at Object.log [as handleSubmit] (src/hooks/useRegistrationForm.ts:376:15)

    console.log
      ✅ preventDefault() called FIRST (stopPropagation also called if available)

      at Object.log [as handleSubmit] (src/hooks/useRegistrationForm.ts:277:13)

    console.log
      [2026-02-08T19:37:14.810Z] ========== FORM SUBMISSION STARTED ==========

      at Object.log [as handleSubmit] (src/hooks/useRegistrationForm.ts:280:13)

    console.log
      [2026-02-08T19:37:14.810Z] Event defaultPrevented: undefined

      at Object.log [as handleSubmit] (src/hooks/useRegistrationForm.ts:281:13)

    console.log
      [2026-02-08T19:37:14.810Z] Event type: undefined

      at Object.log [as handleSubmit] (src/hooks/useRegistrationForm.ts:282:13)

    console.log
      [2026-02-08T19:37:14.810Z] Event target: undefined

      at Object.log [as handleSubmit] (src/hooks/useRegistrationForm.ts:283:13)

    console.log
      [2026-02-08T19:37:14.810Z] Form data: {
        "fullName": "John Doe",
        "email": "test@example.com",
        "password": "Password123!",
        "confirmPassword": "Password123!"
      }

      at Object.log [as handleSubmit] (src/hooks/useRegistrationForm.ts:284:13)

    console.log
      [2026-02-08T19:37:14.810Z] Current errors: {}

      at Object.log [as handleSubmit] (src/hooks/useRegistrationForm.ts:285:13)

    console.log
      [2026-02-08T19:37:14.810Z] Is rate limited: false

      at Object.log [as handleSubmit] (src/hooks/useRegistrationForm.ts:286:13)

    console.log
      [2026-02-08T19:37:14.810Z] Validation result: true

      at Object.log [as handleSubmit] (src/hooks/useRegistrationForm.ts:296:13)

    console.log
      [2026-02-08T19:37:14.810Z] ✅ Validation passed, proceeding with API call

      at Object.log [as handleSubmit] (src/hooks/useRegistrationForm.ts:303:13)

    console.log
      [2026-02-08T19:37:14.810Z] 📡 Calling API client register method

      at Object.log [as handleSubmit] (src/hooks/useRegistrationForm.ts:316:15)

    console.log
      [2026-02-08T19:37:14.810Z] API payload: {
        email: 'test@example.com',
        name: 'John Doe',
        password: '***REDACTED***'
      }

      at Object.log [as handleSubmit] (src/hooks/useRegistrationForm.ts:317:15)

    console.log
      [2026-02-08T19:37:14.810Z] ❌ API call failed: { status: 409, message: 'Email already exists' }

      at Object.log [as handleSubmit] (src/hooks/useRegistrationForm.ts:343:15)

    console.log
      [2026-02-08T19:37:14.810Z] ========== FORM SUBMISSION ENDED ==========

      at Object.log [as handleSubmit] (src/hooks/useRegistrationForm.ts:376:15)

    console.log
      ✅ preventDefault() called FIRST (stopPropagation also called if available)

      at Object.log [as handleSubmit] (src/hooks/useRegistrationForm.ts:277:13)

    console.log
      [2026-02-08T19:37:14.815Z] ========== FORM SUBMISSION STARTED ==========

      at Object.log [as handleSubmit] (src/hooks/useRegistrationForm.ts:280:13)

    console.log
      [2026-02-08T19:37:14.815Z] Event defaultPrevented: undefined

      at Object.log [as handleSubmit] (src/hooks/useRegistrationForm.ts:281:13)

    console.log
      [2026-02-08T19:37:14.815Z] Event type: undefined

      at Object.log [as handleSubmit] (src/hooks/useRegistrationForm.ts:282:13)

    console.log
      [2026-02-08T19:37:14.815Z] Event target: undefined

      at Object.log [as handleSubmit] (src/hooks/useRegistrationForm.ts:283:13)

    console.log
      [2026-02-08T19:37:14.815Z] Form data: {
        "fullName": "John Doe",
        "email": "test@example.com",
        "password": "Password123!",
        "confirmPassword": "Password123!"
      }

      at Object.log [as handleSubmit] (src/hooks/useRegistrationForm.ts:284:13)

    console.log
      [2026-02-08T19:37:14.815Z] Current errors: {}

      at Object.log [as handleSubmit] (src/hooks/useRegistrationForm.ts:285:13)

    console.log
      [2026-02-08T19:37:14.815Z] Is rate limited: false

      at Object.log [as handleSubmit] (src/hooks/useRegistrationForm.ts:286:13)

    console.log
      [2026-02-08T19:37:14.815Z] Validation result: true

      at Object.log [as handleSubmit] (src/hooks/useRegistrationForm.ts:296:13)

    console.log
      [2026-02-08T19:37:14.815Z] ✅ Validation passed, proceeding with API call

      at Object.log [as handleSubmit] (src/hooks/useRegistrationForm.ts:303:13)

    console.log
      [2026-02-08T19:37:14.815Z] 📡 Calling API client register method

      at Object.log [as handleSubmit] (src/hooks/useRegistrationForm.ts:316:15)

    console.log
      [2026-02-08T19:37:14.815Z] API payload: {
        email: 'test@example.com',
        name: 'John Doe',
        password: '***REDACTED***'
      }

      at Object.log [as handleSubmit] (src/hooks/useRegistrationForm.ts:317:15)

    console.log
      [2026-02-08T19:37:14.815Z] ❌ API call failed: { status: 409, message: 'Email already exists' }

      at Object.log [as handleSubmit] (src/hooks/useRegistrationForm.ts:343:15)

    console.log
      [2026-02-08T19:37:14.815Z] ========== FORM SUBMISSION ENDED ==========

      at Object.log [as handleSubmit] (src/hooks/useRegistrationForm.ts:376:15)

    console.log
      ✅ preventDefault() called FIRST (stopPropagation also called if available)

      at Object.log [as handleSubmit] (src/hooks/useRegistrationForm.ts:277:13)

    console.log
      [2026-02-08T19:37:14.820Z] ========== FORM SUBMISSION STARTED ==========

      at Object.log [as handleSubmit] (src/hooks/useRegistrationForm.ts:280:13)

    console.log
      [2026-02-08T19:37:14.820Z] Event defaultPrevented: undefined

      at Object.log [as handleSubmit] (src/hooks/useRegistrationForm.ts:281:13)

    console.log
      [2026-02-08T19:37:14.820Z] Event type: undefined

      at Object.log [as handleSubmit] (src/hooks/useRegistrationForm.ts:282:13)

    console.log
      [2026-02-08T19:37:14.820Z] Event target: undefined

      at Object.log [as handleSubmit] (src/hooks/useRegistrationForm.ts:283:13)

    console.log
      [2026-02-08T19:37:14.820Z] Form data: {
        "fullName": "John Doe",
        "email": "test@example.com",
        "password": "Password123!",
        "confirmPassword": "Password123!"
      }

      at Object.log [as handleSubmit] (src/hooks/useRegistrationForm.ts:284:13)

    console.log
      [2026-02-08T19:37:14.820Z] Current errors: {}

      at Object.log [as handleSubmit] (src/hooks/useRegistrationForm.ts:285:13)

    console.log
      [2026-02-08T19:37:14.820Z] Is rate limited: false

      at Object.log [as handleSubmit] (src/hooks/useRegistrationForm.ts:286:13)

    console.log
      [2026-02-08T19:37:14.820Z] Validation result: true

      at Object.log [as handleSubmit] (src/hooks/useRegistrationForm.ts:296:13)

    console.log
      [2026-02-08T19:37:14.820Z] ✅ Validation passed, proceeding with API call

      at Object.log [as handleSubmit] (src/hooks/useRegistrationForm.ts:303:13)

    console.log
      [2026-02-08T19:37:14.820Z] 📡 Calling API client register method

      at Object.log [as handleSubmit] (src/hooks/useRegistrationForm.ts:316:15)

    console.log
      [2026-02-08T19:37:14.820Z] API payload: {
        email: 'test@example.com',
        name: 'John Doe',
        password: '***REDACTED***'
      }

      at Object.log [as handleSubmit] (src/hooks/useRegistrationForm.ts:317:15)

    console.log
      [2026-02-08T19:37:14.820Z] ❌ API call failed: { status: 409, message: 'Email already exists' }

      at Object.log [as handleSubmit] (src/hooks/useRegistrationForm.ts:343:15)

    console.log
      [2026-02-08T19:37:14.820Z] ========== FORM SUBMISSION ENDED ==========

      at Object.log [as handleSubmit] (src/hooks/useRegistrationForm.ts:376:15)

    console.log
      ✅ preventDefault() called FIRST (stopPropagation also called if available)

      at Object.log [as handleSubmit] (src/hooks/useRegistrationForm.ts:277:13)

    console.log
      [2026-02-08T19:37:14.824Z] ========== FORM SUBMISSION STARTED ==========

      at Object.log [as handleSubmit] (src/hooks/useRegistrationForm.ts:280:13)

    console.log
      [2026-02-08T19:37:14.824Z] Event defaultPrevented: undefined

      at Object.log [as handleSubmit] (src/hooks/useRegistrationForm.ts:281:13)

    console.log
      [2026-02-08T19:37:14.824Z] Event type: undefined

      at Object.log [as handleSubmit] (src/hooks/useRegistrationForm.ts:282:13)

    console.log
      [2026-02-08T19:37:14.824Z] Event target: undefined

      at Object.log [as handleSubmit] (src/hooks/useRegistrationForm.ts:283:13)

    console.log
      [2026-02-08T19:37:14.824Z] Form data: {
        "fullName": "John Doe",
        "email": "test@example.com",
        "password": "Password123!",
        "confirmPassword": "Password123!"
      }

      at Object.log [as handleSubmit] (src/hooks/useRegistrationForm.ts:284:13)

    console.log
      [2026-02-08T19:37:14.824Z] Current errors: {}

      at Object.log [as handleSubmit] (src/hooks/useRegistrationForm.ts:285:13)

    console.log
      [2026-02-08T19:37:14.824Z] Is rate limited: false

      at Object.log [as handleSubmit] (src/hooks/useRegistrationForm.ts:286:13)

    console.log
      [2026-02-08T19:37:14.824Z] Validation result: true

      at Object.log [as handleSubmit] (src/hooks/useRegistrationForm.ts:296:13)

    console.log
      [2026-02-08T19:37:14.824Z] ✅ Validation passed, proceeding with API call

      at Object.log [as handleSubmit] (src/hooks/useRegistrationForm.ts:303:13)

    console.log
      [2026-02-08T19:37:14.824Z] 📡 Calling API client register method

      at Object.log [as handleSubmit] (src/hooks/useRegistrationForm.ts:316:15)

    console.log
      [2026-02-08T19:37:14.824Z] API payload: {
        email: 'test@example.com',
        name: 'John Doe',
        password: '***REDACTED***'
      }

      at Object.log [as handleSubmit] (src/hooks/useRegistrationForm.ts:317:15)

    console.log
      [2026-02-08T19:37:14.824Z] ✅ API call successful

      at Object.log [as handleSubmit] (src/hooks/useRegistrationForm.ts:330:15)

    console.log
      [2026-02-08T19:37:14.824Z] ========== FORM SUBMISSION ENDED ==========

      at Object.log [as handleSubmit] (src/hooks/useRegistrationForm.ts:376:15)

    console.log
      ✅ preventDefault() called FIRST (stopPropagation also called if available)

      at Object.log [as handleSubmit] (src/hooks/useRegistrationForm.ts:277:13)

    console.log
      [2026-02-08T19:37:14.829Z] ========== FORM SUBMISSION STARTED ==========

      at Object.log [as handleSubmit] (src/hooks/useRegistrationForm.ts:280:13)

    console.log
      [2026-02-08T19:37:14.829Z] Event defaultPrevented: undefined

      at Object.log [as handleSubmit] (src/hooks/useRegistrationForm.ts:281:13)

    console.log
      [2026-02-08T19:37:14.829Z] Event type: undefined

      at Object.log [as handleSubmit] (src/hooks/useRegistrationForm.ts:282:13)

    console.log
      [2026-02-08T19:37:14.829Z] Event target: undefined

      at Object.log [as handleSubmit] (src/hooks/useRegistrationForm.ts:283:13)

    console.log
      [2026-02-08T19:37:14.829Z] Form data: {
        "fullName": "John Doe",
        "email": "test@example.com",
        "password": "Password123!",
        "confirmPassword": "Password123!"
      }

      at Object.log [as handleSubmit] (src/hooks/useRegistrationForm.ts:284:13)

    console.log
      [2026-02-08T19:37:14.829Z] Current errors: {}

      at Object.log [as handleSubmit] (src/hooks/useRegistrationForm.ts:285:13)

    console.log
      [2026-02-08T19:37:14.829Z] Is rate limited: true

      at Object.log [as handleSubmit] (src/hooks/useRegistrationForm.ts:286:13)

    console.log
      [2026-02-08T19:37:14.829Z] ❌ Form submission blocked: rate limit active

      at Object.log [as handleSubmit] (src/hooks/useRegistrationForm.ts:290:15)

    console.log
      ✅ preventDefault() called FIRST (stopPropagation also called if available)

      at Object.log [as handleSubmit] (src/hooks/useRegistrationForm.ts:277:13)

    console.log
      [2026-02-08T19:37:14.831Z] ========== FORM SUBMISSION STARTED ==========

      at Object.log [as handleSubmit] (src/hooks/useRegistrationForm.ts:280:13)

    console.log
      [2026-02-08T19:37:14.831Z] Event defaultPrevented: undefined

      at Object.log [as handleSubmit] (src/hooks/useRegistrationForm.ts:281:13)

    console.log
      [2026-02-08T19:37:14.831Z] Event type: undefined

      at Object.log [as handleSubmit] (src/hooks/useRegistrationForm.ts:282:13)

    console.log
      [2026-02-08T19:37:14.831Z] Event target: undefined

      at Object.log [as handleSubmit] (src/hooks/useRegistrationForm.ts:283:13)

    console.log
      [2026-02-08T19:37:14.831Z] Form data: {
        "fullName": "John Doe",
        "email": "test@example.com",
        "password": "Password123!",
        "confirmPassword": "Password123!"
      }

      at Object.log [as handleSubmit] (src/hooks/useRegistrationForm.ts:284:13)

    console.log
      [2026-02-08T19:37:14.831Z] Current errors: {}

      at Object.log [as handleSubmit] (src/hooks/useRegistrationForm.ts:285:13)

    console.log
      [2026-02-08T19:37:14.831Z] Is rate limited: true

      at Object.log [as handleSubmit] (src/hooks/useRegistrationForm.ts:286:13)

    console.log
      [2026-02-08T19:37:14.831Z] ❌ Form submission blocked: rate limit active

      at Object.log [as handleSubmit] (src/hooks/useRegistrationForm.ts:290:15)

    console.log
      ✅ preventDefault() called FIRST (stopPropagation also called if available)

      at Object.log [as handleSubmit] (src/hooks/useRegistrationForm.ts:277:13)

    console.log
      [2026-02-08T19:37:14.838Z] ========== FORM SUBMISSION STARTED ==========

      at Object.log [as handleSubmit] (src/hooks/useRegistrationForm.ts:280:13)

    console.log
      [2026-02-08T19:37:14.838Z] Event defaultPrevented: undefined

      at Object.log [as handleSubmit] (src/hooks/useRegistrationForm.ts:281:13)

    console.log
      [2026-02-08T19:37:14.838Z] Event type: undefined

      at Object.log [as handleSubmit] (src/hooks/useRegistrationForm.ts:282:13)

    console.log
      [2026-02-08T19:37:14.838Z] Event target: undefined

      at Object.log [as handleSubmit] (src/hooks/useRegistrationForm.ts:283:13)

    console.log
      [2026-02-08T19:37:14.838Z] Form data: {
        "fullName": "John Doe",
        "email": "test@example.com",
        "password": "Password123!",
        "confirmPassword": "Password123!"
      }

      at Object.log [as handleSubmit] (src/hooks/useRegistrationForm.ts:284:13)

    console.log
      [2026-02-08T19:37:14.838Z] Current errors: {}

      at Object.log [as handleSubmit] (src/hooks/useRegistrationForm.ts:285:13)

    console.log
      [2026-02-08T19:37:14.838Z] Is rate limited: true

      at Object.log [as handleSubmit] (src/hooks/useRegistrationForm.ts:286:13)

    console.log
      [2026-02-08T19:37:14.838Z] ❌ Form submission blocked: rate limit active

      at Object.log [as handleSubmit] (src/hooks/useRegistrationForm.ts:290:15)

    console.log
      ✅ preventDefault() called FIRST (stopPropagation also called if available)

      at Object.log [as handleSubmit] (src/hooks/useRegistrationForm.ts:277:13)

    console.log
      [2026-02-08T19:37:14.843Z] ========== FORM SUBMISSION STARTED ==========

      at Object.log [as handleSubmit] (src/hooks/useRegistrationForm.ts:280:13)

    console.log
      [2026-02-08T19:37:14.843Z] Event defaultPrevented: undefined

      at Object.log [as handleSubmit] (src/hooks/useRegistrationForm.ts:281:13)

    console.log
      [2026-02-08T19:37:14.843Z] Event type: undefined

      at Object.log [as handleSubmit] (src/hooks/useRegistrationForm.ts:282:13)

    console.log
      [2026-02-08T19:37:14.843Z] Event target: undefined

      at Object.log [as handleSubmit] (src/hooks/useRegistrationForm.ts:283:13)

    console.log
      [2026-02-08T19:37:14.843Z] Form data: {
        "fullName": "John Doe",
        "email": "test@example.com",
        "password": "Password123!",
        "confirmPassword": "Password123!"
      }

      at Object.log [as handleSubmit] (src/hooks/useRegistrationForm.ts:284:13)

    console.log
      [2026-02-08T19:37:14.843Z] Current errors: {}

      at Object.log [as handleSubmit] (src/hooks/useRegistrationForm.ts:285:13)

    console.log
      [2026-02-08T19:37:14.843Z] Is rate limited: false

      at Object.log [as handleSubmit] (src/hooks/useRegistrationForm.ts:286:13)

    console.log
      [2026-02-08T19:37:14.843Z] Validation result: true

      at Object.log [as handleSubmit] (src/hooks/useRegistrationForm.ts:296:13)

    console.log
      [2026-02-08T19:37:14.843Z] ✅ Validation passed, proceeding with API call

      at Object.log [as handleSubmit] (src/hooks/useRegistrationForm.ts:303:13)

    console.log
      [2026-02-08T19:37:14.843Z] 📡 Calling API client register method

      at Object.log [as handleSubmit] (src/hooks/useRegistrationForm.ts:316:15)

    console.log
      [2026-02-08T19:37:14.843Z] API payload: {
        email: 'test@example.com',
        name: 'John Doe',
        password: '***REDACTED***'
      }

      at Object.log [as handleSubmit] (src/hooks/useRegistrationForm.ts:317:15)

    console.log
      [2026-02-08T19:37:14.843Z] ❌ API call failed: { status: 409, message: 'Email already exists' }

      at Object.log [as handleSubmit] (src/hooks/useRegistrationForm.ts:343:15)

    console.log
      [2026-02-08T19:37:14.843Z] ========== FORM SUBMISSION ENDED ==========

      at Object.log [as handleSubmit] (src/hooks/useRegistrationForm.ts:376:15)

    console.log
      ✅ preventDefault() called FIRST (stopPropagation also called if available)

      at Object.log [as handleSubmit] (src/hooks/useRegistrationForm.ts:277:13)

    console.log
      [2026-02-08T19:37:14.890Z] ========== FORM SUBMISSION STARTED ==========

      at Object.log [as handleSubmit] (src/hooks/useRegistrationForm.ts:280:13)

    console.log
      [2026-02-08T19:37:14.890Z] Event defaultPrevented: undefined

      at Object.log [as handleSubmit] (src/hooks/useRegistrationForm.ts:281:13)

    console.log
      [2026-02-08T19:37:14.890Z] Event type: undefined

      at Object.log [as handleSubmit] (src/hooks/useRegistrationForm.ts:282:13)

    console.log
      [2026-02-08T19:37:14.890Z] Event target: undefined

      at Object.log [as handleSubmit] (src/hooks/useRegistrationForm.ts:283:13)

    console.log
      [2026-02-08T19:37:14.890Z] Form data: {
        "fullName": "John Doe",
        "email": "test@example.com",
        "password": "Password123!",
        "confirmPassword": "Password123!"
      }

      at Object.log [as handleSubmit] (src/hooks/useRegistrationForm.ts:284:13)

    console.log
      [2026-02-08T19:37:14.890Z] Current errors: {}

      at Object.log [as handleSubmit] (src/hooks/useRegistrationForm.ts:285:13)

    console.log
      [2026-02-08T19:37:14.890Z] Is rate limited: false

      at Object.log [as handleSubmit] (src/hooks/useRegistrationForm.ts:286:13)

    console.log
      [2026-02-08T19:37:14.890Z] Validation result: true

      at Object.log [as handleSubmit] (src/hooks/useRegistrationForm.ts:296:13)

    console.log
      [2026-02-08T19:37:14.890Z] ✅ Validation passed, proceeding with API call

      at Object.log [as handleSubmit] (src/hooks/useRegistrationForm.ts:303:13)

    console.log
      [2026-02-08T19:37:14.890Z] 📡 Calling API client register method

      at Object.log [as handleSubmit] (src/hooks/useRegistrationForm.ts:316:15)

    console.log
      [2026-02-08T19:37:14.890Z] API payload: {
        email: 'test@example.com',
        name: 'John Doe',
        password: '***REDACTED***'
      }

      at Object.log [as handleSubmit] (src/hooks/useRegistrationForm.ts:317:15)

    console.log
      [2026-02-08T19:37:14.890Z] ❌ API call failed: { status: 409, message: 'Email already exists' }

      at Object.log [as handleSubmit] (src/hooks/useRegistrationForm.ts:343:15)

    console.log
      [2026-02-08T19:37:14.890Z] ========== FORM SUBMISSION ENDED ==========

      at Object.log [as handleSubmit] (src/hooks/useRegistrationForm.ts:376:15)

    console.log
      ✅ preventDefault() called FIRST (stopPropagation also called if available)

      at Object.log [as handleSubmit] (src/hooks/useRegistrationForm.ts:277:13)

    console.log
      [2026-02-08T19:37:14.896Z] ========== FORM SUBMISSION STARTED ==========

      at Object.log [as handleSubmit] (src/hooks/useRegistrationForm.ts:280:13)

    console.log
      [2026-02-08T19:37:14.896Z] Event defaultPrevented: undefined

      at Object.log [as handleSubmit] (src/hooks/useRegistrationForm.ts:281:13)

    console.log
      [2026-02-08T19:37:14.896Z] Event type: undefined

      at Object.log [as handleSubmit] (src/hooks/useRegistrationForm.ts:282:13)

    console.log
      [2026-02-08T19:37:14.896Z] Event target: undefined

      at Object.log [as handleSubmit] (src/hooks/useRegistrationForm.ts:283:13)

    console.log
      [2026-02-08T19:37:14.896Z] Form data: {
        "fullName": "John Doe",
        "email": "test@example.com",
        "password": "Password123!",
        "confirmPassword": "Password123!"
      }

      at Object.log [as handleSubmit] (src/hooks/useRegistrationForm.ts:284:13)

    console.log
      [2026-02-08T19:37:14.896Z] Current errors: {}

      at Object.log [as handleSubmit] (src/hooks/useRegistrationForm.ts:285:13)

    console.log
      [2026-02-08T19:37:14.896Z] Is rate limited: false

      at Object.log [as handleSubmit] (src/hooks/useRegistrationForm.ts:286:13)

    console.log
      [2026-02-08T19:37:14.896Z] Validation result: true

      at Object.log [as handleSubmit] (src/hooks/useRegistrationForm.ts:296:13)

    console.log
      [2026-02-08T19:37:14.896Z] ✅ Validation passed, proceeding with API call

      at Object.log [as handleSubmit] (src/hooks/useRegistrationForm.ts:303:13)

    console.log
      [2026-02-08T19:37:14.896Z] 📡 Calling API client register method

      at Object.log [as handleSubmit] (src/hooks/useRegistrationForm.ts:316:15)

    console.log
      [2026-02-08T19:37:14.896Z] API payload: {
        email: 'test@example.com',
        name: 'John Doe',
        password: '***REDACTED***'
      }

      at Object.log [as handleSubmit] (src/hooks/useRegistrationForm.ts:317:15)

    console.log
      [2026-02-08T19:37:14.896Z] ❌ API call failed: { status: 409, message: 'Email already exists' }

      at Object.log [as handleSubmit] (src/hooks/useRegistrationForm.ts:343:15)

    console.log
      [2026-02-08T19:37:14.896Z] ========== FORM SUBMISSION ENDED ==========

      at Object.log [as handleSubmit] (src/hooks/useRegistrationForm.ts:376:15)

    console.log
      ✅ preventDefault() called FIRST (stopPropagation also called if available)

      at Object.log [as handleSubmit] (src/hooks/useRegistrationForm.ts:277:13)

    console.log
      [2026-02-08T19:37:14.903Z] ========== FORM SUBMISSION STARTED ==========

      at Object.log [as handleSubmit] (src/hooks/useRegistrationForm.ts:280:13)

    console.log
      [2026-02-08T19:37:14.903Z] Event defaultPrevented: undefined

      at Object.log [as handleSubmit] (src/hooks/useRegistrationForm.ts:281:13)

    console.log
      [2026-02-08T19:37:14.903Z] Event type: undefined

      at Object.log [as handleSubmit] (src/hooks/useRegistrationForm.ts:282:13)

    console.log
      [2026-02-08T19:37:14.903Z] Event target: undefined

      at Object.log [as handleSubmit] (src/hooks/useRegistrationForm.ts:283:13)

    console.log
      [2026-02-08T19:37:14.903Z] Form data: {
        "fullName": "John Doe",
        "email": "test@example.com",
        "password": "Password123!",
        "confirmPassword": "Password123!"
      }

      at Object.log [as handleSubmit] (src/hooks/useRegistrationForm.ts:284:13)

    console.log
      [2026-02-08T19:37:14.903Z] Current errors: {}

      at Object.log [as handleSubmit] (src/hooks/useRegistrationForm.ts:285:13)

    console.log
      [2026-02-08T19:37:14.903Z] Is rate limited: false

      at Object.log [as handleSubmit] (src/hooks/useRegistrationForm.ts:286:13)

    console.log
      [2026-02-08T19:37:14.903Z] Validation result: true

      at Object.log [as handleSubmit] (src/hooks/useRegistrationForm.ts:296:13)

    console.log
      [2026-02-08T19:37:14.903Z] ✅ Validation passed, proceeding with API call

      at Object.log [as handleSubmit] (src/hooks/useRegistrationForm.ts:303:13)

    console.log
      [2026-02-08T19:37:14.903Z] 📡 Calling API client register method

      at Object.log [as handleSubmit] (src/hooks/useRegistrationForm.ts:316:15)

    console.log
      [2026-02-08T19:37:14.903Z] API payload: {
        email: 'test@example.com',
        name: 'John Doe',
        password: '***REDACTED***'
      }

      at Object.log [as handleSubmit] (src/hooks/useRegistrationForm.ts:317:15)

    console.log
      [2026-02-08T19:37:14.903Z] ❌ API call failed: { status: 409, message: 'Email already exists' }

      at Object.log [as handleSubmit] (src/hooks/useRegistrationForm.ts:343:15)

    console.log
      [2026-02-08T19:37:14.903Z] ========== FORM SUBMISSION ENDED ==========

      at Object.log [as handleSubmit] (src/hooks/useRegistrationForm.ts:376:15)

    console.log
      ✅ preventDefault() called FIRST (stopPropagation also called if available)

      at Object.log [as handleSubmit] (src/hooks/useRegistrationForm.ts:277:13)

    console.log
      [2026-02-08T19:37:14.912Z] ========== FORM SUBMISSION STARTED ==========

      at Object.log [as handleSubmit] (src/hooks/useRegistrationForm.ts:280:13)

    console.log
      [2026-02-08T19:37:14.912Z] Event defaultPrevented: undefined

      at Object.log [as handleSubmit] (src/hooks/useRegistrationForm.ts:281:13)

    console.log
      [2026-02-08T19:37:14.912Z] Event type: undefined

      at Object.log [as handleSubmit] (src/hooks/useRegistrationForm.ts:282:13)

    console.log
      [2026-02-08T19:37:14.912Z] Event target: undefined

      at Object.log [as handleSubmit] (src/hooks/useRegistrationForm.ts:283:13)

    console.log
      [2026-02-08T19:37:14.912Z] Form data: {
        "fullName": "John Doe",
        "email": "test@example.com",
        "password": "Password123!",
        "confirmPassword": "Password123!"
      }

      at Object.log [as handleSubmit] (src/hooks/useRegistrationForm.ts:284:13)

    console.log
      [2026-02-08T19:37:14.912Z] Current errors: {}

      at Object.log [as handleSubmit] (src/hooks/useRegistrationForm.ts:285:13)

    console.log
      [2026-02-08T19:37:14.912Z] Is rate limited: false

      at Object.log [as handleSubmit] (src/hooks/useRegistrationForm.ts:286:13)

    console.log
      [2026-02-08T19:37:14.912Z] Validation result: true

      at Object.log [as handleSubmit] (src/hooks/useRegistrationForm.ts:296:13)

    console.log
      [2026-02-08T19:37:14.912Z] ✅ Validation passed, proceeding with API call

      at Object.log [as handleSubmit] (src/hooks/useRegistrationForm.ts:303:13)

    console.log
      [2026-02-08T19:37:14.912Z] 📡 Calling API client register method

      at Object.log [as handleSubmit] (src/hooks/useRegistrationForm.ts:316:15)

    console.log
      [2026-02-08T19:37:14.912Z] API payload: {
        email: 'test@example.com',
        name: 'John Doe',
        password: '***REDACTED***'
      }

      at Object.log [as handleSubmit] (src/hooks/useRegistrationForm.ts:317:15)

    console.log
      [2026-02-08T19:37:14.912Z] ❌ API call failed: { status: 409, message: 'Email already exists' }

      at Object.log [as handleSubmit] (src/hooks/useRegistrationForm.ts:343:15)

    console.log
      [2026-02-08T19:37:14.912Z] ========== FORM SUBMISSION ENDED ==========

      at Object.log [as handleSubmit] (src/hooks/useRegistrationForm.ts:376:15)

    console.log
      ✅ preventDefault() called FIRST (stopPropagation also called if available)

      at Object.log [as handleSubmit] (src/hooks/useRegistrationForm.ts:277:13)

    console.log
      [2026-02-08T19:37:14.917Z] ========== FORM SUBMISSION STARTED ==========

      at Object.log [as handleSubmit] (src/hooks/useRegistrationForm.ts:280:13)

    console.log
      [2026-02-08T19:37:14.917Z] Event defaultPrevented: undefined

      at Object.log [as handleSubmit] (src/hooks/useRegistrationForm.ts:281:13)

    console.log
      [2026-02-08T19:37:14.917Z] Event type: undefined

      at Object.log [as handleSubmit] (src/hooks/useRegistrationForm.ts:282:13)

    console.log
      [2026-02-08T19:37:14.917Z] Event target: undefined

      at Object.log [as handleSubmit] (src/hooks/useRegistrationForm.ts:283:13)

    console.log
      [2026-02-08T19:37:14.917Z] Form data: {
        "fullName": "John Doe",
        "email": "test@example.com",
        "password": "Password123!",
        "confirmPassword": "Password123!"
      }

      at Object.log [as handleSubmit] (src/hooks/useRegistrationForm.ts:284:13)

    console.log
      [2026-02-08T19:37:14.917Z] Current errors: {}

      at Object.log [as handleSubmit] (src/hooks/useRegistrationForm.ts:285:13)

    console.log
      [2026-02-08T19:37:14.917Z] Is rate limited: false

      at Object.log [as handleSubmit] (src/hooks/useRegistrationForm.ts:286:13)

    console.log
      [2026-02-08T19:37:14.917Z] Validation result: true

      at Object.log [as handleSubmit] (src/hooks/useRegistrationForm.ts:296:13)

    console.log
      [2026-02-08T19:37:14.917Z] ✅ Validation passed, proceeding with API call

      at Object.log [as handleSubmit] (src/hooks/useRegistrationForm.ts:303:13)

    console.log
      [2026-02-08T19:37:14.917Z] 📡 Calling API client register method

      at Object.log [as handleSubmit] (src/hooks/useRegistrationForm.ts:316:15)

    console.log
      [2026-02-08T19:37:14.917Z] API payload: {
        email: 'test@example.com',
        name: 'John Doe',
        password: '***REDACTED***'
      }

      at Object.log [as handleSubmit] (src/hooks/useRegistrationForm.ts:317:15)

    console.log
      [2026-02-08T19:37:14.917Z] ❌ API call failed: { status: 409, message: 'Email already exists' }

      at Object.log [as handleSubmit] (src/hooks/useRegistrationForm.ts:343:15)

    console.log
      [2026-02-08T19:37:14.917Z] ========== FORM SUBMISSION ENDED ==========

      at Object.log [as handleSubmit] (src/hooks/useRegistrationForm.ts:376:15)

    console.log
      ✅ preventDefault() called FIRST (stopPropagation also called if available)

      at Object.log [as handleSubmit] (src/hooks/useRegistrationForm.ts:277:13)

    console.log
      [2026-02-08T19:37:14.924Z] ========== FORM SUBMISSION STARTED ==========

      at Object.log [as handleSubmit] (src/hooks/useRegistrationForm.ts:280:13)

    console.log
      [2026-02-08T19:37:14.924Z] Event defaultPrevented: undefined

      at Object.log [as handleSubmit] (src/hooks/useRegistrationForm.ts:281:13)

    console.log
      [2026-02-08T19:37:14.924Z] Event type: undefined

      at Object.log [as handleSubmit] (src/hooks/useRegistrationForm.ts:282:13)

    console.log
      [2026-02-08T19:37:14.924Z] Event target: undefined

      at Object.log [as handleSubmit] (src/hooks/useRegistrationForm.ts:283:13)

    console.log
      [2026-02-08T19:37:14.924Z] Form data: {
        "fullName": "John Doe",
        "email": "test@example.com",
        "password": "Password123!",
        "confirmPassword": "Password123!"
      }

      at Object.log [as handleSubmit] (src/hooks/useRegistrationForm.ts:284:13)

    console.log
      [2026-02-08T19:37:14.924Z] Current errors: {}

      at Object.log [as handleSubmit] (src/hooks/useRegistrationForm.ts:285:13)

    console.log
      [2026-02-08T19:37:14.924Z] Is rate limited: true

      at Object.log [as handleSubmit] (src/hooks/useRegistrationForm.ts:286:13)

    console.log
      [2026-02-08T19:37:14.924Z] ❌ Form submission blocked: rate limit active

      at Object.log [as handleSubmit] (src/hooks/useRegistrationForm.ts:290:15)

    console.log
      ✅ preventDefault() called FIRST (stopPropagation also called if available)

      at Object.log [as handleSubmit] (src/hooks/useRegistrationForm.ts:277:13)

    console.log
      [2026-02-08T19:37:14.926Z] ========== FORM SUBMISSION STARTED ==========

      at Object.log [as handleSubmit] (src/hooks/useRegistrationForm.ts:280:13)

    console.log
      [2026-02-08T19:37:14.926Z] Event defaultPrevented: undefined

      at Object.log [as handleSubmit] (src/hooks/useRegistrationForm.ts:281:13)

    console.log
      [2026-02-08T19:37:14.926Z] Event type: undefined

      at Object.log [as handleSubmit] (src/hooks/useRegistrationForm.ts:282:13)

    console.log
      [2026-02-08T19:37:14.926Z] Event target: undefined

      at Object.log [as handleSubmit] (src/hooks/useRegistrationForm.ts:283:13)

    console.log
      [2026-02-08T19:37:14.926Z] Form data: {
        "fullName": "John Doe",
        "email": "test@example.com",
        "password": "Password123!",
        "confirmPassword": "Password123!"
      }

      at Object.log [as handleSubmit] (src/hooks/useRegistrationForm.ts:284:13)

    console.log
      [2026-02-08T19:37:14.926Z] Current errors: {}

      at Object.log [as handleSubmit] (src/hooks/useRegistrationForm.ts:285:13)

    console.log
      [2026-02-08T19:37:14.926Z] Is rate limited: true

      at Object.log [as handleSubmit] (src/hooks/useRegistrationForm.ts:286:13)

    console.log
      [2026-02-08T19:37:14.926Z] ❌ Form submission blocked: rate limit active

      at Object.log [as handleSubmit] (src/hooks/useRegistrationForm.ts:290:15)

    console.log
      ✅ preventDefault() called FIRST (stopPropagation also called if available)

      at Object.log [as handleSubmit] (src/hooks/useRegistrationForm.ts:277:13)

    console.log
      [2026-02-08T19:37:14.929Z] ========== FORM SUBMISSION STARTED ==========

      at Object.log [as handleSubmit] (src/hooks/useRegistrationForm.ts:280:13)

    console.log
      [2026-02-08T19:37:14.929Z] Event defaultPrevented: undefined

      at Object.log [as handleSubmit] (src/hooks/useRegistrationForm.ts:281:13)

    console.log
      [2026-02-08T19:37:14.929Z] Event type: undefined

      at Object.log [as handleSubmit] (src/hooks/useRegistrationForm.ts:282:13)

    console.log
      [2026-02-08T19:37:14.929Z] Event target: undefined

      at Object.log [as handleSubmit] (src/hooks/useRegistrationForm.ts:283:13)

    console.log
      [2026-02-08T19:37:14.929Z] Form data: {
        "fullName": "John Doe",
        "email": "test@example.com",
        "password": "Password123!",
        "confirmPassword": "Password123!"
      }

      at Object.log [as handleSubmit] (src/hooks/useRegistrationForm.ts:284:13)

    console.log
      [2026-02-08T19:37:14.929Z] Current errors: {}

      at Object.log [as handleSubmit] (src/hooks/useRegistrationForm.ts:285:13)

    console.log
      [2026-02-08T19:37:14.929Z] Is rate limited: true

      at Object.log [as handleSubmit] (src/hooks/useRegistrationForm.ts:286:13)

    console.log
      [2026-02-08T19:37:14.929Z] ❌ Form submission blocked: rate limit active

      at Object.log [as handleSubmit] (src/hooks/useRegistrationForm.ts:290:15)

    console.log
      ✅ preventDefault() called FIRST (stopPropagation also called if available)

      at Object.log [as handleSubmit] (src/hooks/useRegistrationForm.ts:277:13)

    console.log
      [2026-02-08T19:37:14.933Z] ========== FORM SUBMISSION STARTED ==========

      at Object.log [as handleSubmit] (src/hooks/useRegistrationForm.ts:280:13)

    console.log
      [2026-02-08T19:37:14.933Z] Event defaultPrevented: undefined

      at Object.log [as handleSubmit] (src/hooks/useRegistrationForm.ts:281:13)

    console.log
      [2026-02-08T19:37:14.933Z] Event type: undefined

      at Object.log [as handleSubmit] (src/hooks/useRegistrationForm.ts:282:13)

    console.log
      [2026-02-08T19:37:14.933Z] Event target: undefined

      at Object.log [as handleSubmit] (src/hooks/useRegistrationForm.ts:283:13)

    console.log
      [2026-02-08T19:37:14.933Z] Form data: {
        "fullName": "John Doe",
        "email": "test@example.com",
        "password": "Password123!",
        "confirmPassword": "Password123!"
      }

      at Object.log [as handleSubmit] (src/hooks/useRegistrationForm.ts:284:13)

    console.log
      [2026-02-08T19:37:14.933Z] Current errors: {}

      at Object.log [as handleSubmit] (src/hooks/useRegistrationForm.ts:285:13)

    console.log
      [2026-02-08T19:37:14.933Z] Is rate limited: false

      at Object.log [as handleSubmit] (src/hooks/useRegistrationForm.ts:286:13)

    console.log
      [2026-02-08T19:37:14.933Z] Validation result: true

      at Object.log [as handleSubmit] (src/hooks/useRegistrationForm.ts:296:13)

    console.log
      [2026-02-08T19:37:14.933Z] ✅ Validation passed, proceeding with API call

      at Object.log [as handleSubmit] (src/hooks/useRegistrationForm.ts:303:13)

    console.log
      [2026-02-08T19:37:14.933Z] 📡 Calling API client register method

      at Object.log [as handleSubmit] (src/hooks/useRegistrationForm.ts:316:15)

    console.log
      [2026-02-08T19:37:14.933Z] API payload: {
        email: 'test@example.com',
        name: 'John Doe',
        password: '***REDACTED***'
      }

      at Object.log [as handleSubmit] (src/hooks/useRegistrationForm.ts:317:15)

    console.log
      [2026-02-08T19:37:14.933Z] ❌ API call failed: { status: 409, message: 'Email already exists' }

      at Object.log [as handleSubmit] (src/hooks/useRegistrationForm.ts:343:15)

    console.log
      [2026-02-08T19:37:14.933Z] ========== FORM SUBMISSION ENDED ==========

      at Object.log [as handleSubmit] (src/hooks/useRegistrationForm.ts:376:15)

    console.log
      ✅ preventDefault() called FIRST (stopPropagation also called if available)

      at Object.log [as handleSubmit] (src/hooks/useRegistrationForm.ts:277:13)

    console.log
      [2026-02-08T19:37:14.938Z] ========== FORM SUBMISSION STARTED ==========

      at Object.log [as handleSubmit] (src/hooks/useRegistrationForm.ts:280:13)

    console.log
      [2026-02-08T19:37:14.938Z] Event defaultPrevented: undefined

      at Object.log [as handleSubmit] (src/hooks/useRegistrationForm.ts:281:13)

    console.log
      [2026-02-08T19:37:14.938Z] Event type: undefined

      at Object.log [as handleSubmit] (src/hooks/useRegistrationForm.ts:282:13)

    console.log
      [2026-02-08T19:37:14.938Z] Event target: undefined

      at Object.log [as handleSubmit] (src/hooks/useRegistrationForm.ts:283:13)

    console.log
      [2026-02-08T19:37:14.938Z] Form data: {
        "fullName": "John Doe",
        "email": "test@example.com",
        "password": "Password123!",
        "confirmPassword": "Password123!"
      }

      at Object.log [as handleSubmit] (src/hooks/useRegistrationForm.ts:284:13)

    console.log
      [2026-02-08T19:37:14.938Z] Current errors: {}

      at Object.log [as handleSubmit] (src/hooks/useRegistrationForm.ts:285:13)

    console.log
      [2026-02-08T19:37:14.938Z] Is rate limited: false

      at Object.log [as handleSubmit] (src/hooks/useRegistrationForm.ts:286:13)

    console.log
      [2026-02-08T19:37:14.938Z] Validation result: true

      at Object.log [as handleSubmit] (src/hooks/useRegistrationForm.ts:296:13)

    console.log
      [2026-02-08T19:37:14.938Z] ✅ Validation passed, proceeding with API call

      at Object.log [as handleSubmit] (src/hooks/useRegistrationForm.ts:303:13)

    console.log
      [2026-02-08T19:37:14.938Z] 📡 Calling API client register method

      at Object.log [as handleSubmit] (src/hooks/useRegistrationForm.ts:316:15)

    console.log
      [2026-02-08T19:37:14.938Z] API payload: {
        email: 'test@example.com',
        name: 'John Doe',
        password: '***REDACTED***'
      }

      at Object.log [as handleSubmit] (src/hooks/useRegistrationForm.ts:317:15)

    console.log
      [2026-02-08T19:37:14.938Z] ❌ API call failed: { status: 409, message: 'Email already exists' }

      at Object.log [as handleSubmit] (src/hooks/useRegistrationForm.ts:343:15)

    console.log
      [2026-02-08T19:37:14.938Z] ========== FORM SUBMISSION ENDED ==========

      at Object.log [as handleSubmit] (src/hooks/useRegistrationForm.ts:376:15)

    console.log
      ✅ preventDefault() called FIRST (stopPropagation also called if available)

      at Object.log [as handleSubmit] (src/hooks/useRegistrationForm.ts:277:13)

    console.log
      [2026-02-08T19:37:14.943Z] ========== FORM SUBMISSION STARTED ==========

      at Object.log [as handleSubmit] (src/hooks/useRegistrationForm.ts:280:13)

    console.log
      [2026-02-08T19:37:14.943Z] Event defaultPrevented: undefined

      at Object.log [as handleSubmit] (src/hooks/useRegistrationForm.ts:281:13)

    console.log
      [2026-02-08T19:37:14.943Z] Event type: undefined

      at Object.log [as handleSubmit] (src/hooks/useRegistrationForm.ts:282:13)

    console.log
      [2026-02-08T19:37:14.943Z] Event target: undefined

      at Object.log [as handleSubmit] (src/hooks/useRegistrationForm.ts:283:13)

    console.log
      [2026-02-08T19:37:14.943Z] Form data: {
        "fullName": "John Doe",
        "email": "test@example.com",
        "password": "Password123!",
        "confirmPassword": "Password123!"
      }

      at Object.log [as handleSubmit] (src/hooks/useRegistrationForm.ts:284:13)

    console.log
      [2026-02-08T19:37:14.943Z] Current errors: {}

      at Object.log [as handleSubmit] (src/hooks/useRegistrationForm.ts:285:13)

    console.log
      [2026-02-08T19:37:14.943Z] Is rate limited: false

      at Object.log [as handleSubmit] (src/hooks/useRegistrationForm.ts:286:13)

    console.log
      [2026-02-08T19:37:14.943Z] Validation result: true

      at Object.log [as handleSubmit] (src/hooks/useRegistrationForm.ts:296:13)

    console.log
      [2026-02-08T19:37:14.943Z] ✅ Validation passed, proceeding with API call

      at Object.log [as handleSubmit] (src/hooks/useRegistrationForm.ts:303:13)

    console.log
      [2026-02-08T19:37:14.943Z] 📡 Calling API client register method

      at Object.log [as handleSubmit] (src/hooks/useRegistrationForm.ts:316:15)

    console.log
      [2026-02-08T19:37:14.943Z] API payload: {
        email: 'test@example.com',
        name: 'John Doe',
        password: '***REDACTED***'
      }

      at Object.log [as handleSubmit] (src/hooks/useRegistrationForm.ts:317:15)

    console.log
      [2026-02-08T19:37:14.943Z] ❌ API call failed: { status: 409, message: 'Email already exists' }

      at Object.log [as handleSubmit] (src/hooks/useRegistrationForm.ts:343:15)

    console.log
      [2026-02-08T19:37:14.943Z] ========== FORM SUBMISSION ENDED ==========

      at Object.log [as handleSubmit] (src/hooks/useRegistrationForm.ts:376:15)

    console.log
      ✅ preventDefault() called FIRST (stopPropagation also called if available)

      at Object.log [as handleSubmit] (src/hooks/useRegistrationForm.ts:277:13)

    console.log
      [2026-02-08T19:37:14.948Z] ========== FORM SUBMISSION STARTED ==========

      at Object.log [as handleSubmit] (src/hooks/useRegistrationForm.ts:280:13)

    console.log
      [2026-02-08T19:37:14.948Z] Event defaultPrevented: undefined

      at Object.log [as handleSubmit] (src/hooks/useRegistrationForm.ts:281:13)

    console.log
      [2026-02-08T19:37:14.948Z] Event type: undefined

      at Object.log [as handleSubmit] (src/hooks/useRegistrationForm.ts:282:13)

    console.log
      [2026-02-08T19:37:14.948Z] Event target: undefined

      at Object.log [as handleSubmit] (src/hooks/useRegistrationForm.ts:283:13)

    console.log
      [2026-02-08T19:37:14.948Z] Form data: {
        "fullName": "John Doe",
        "email": "test@example.com",
        "password": "Password123!",
        "confirmPassword": "Password123!"
      }

      at Object.log [as handleSubmit] (src/hooks/useRegistrationForm.ts:284:13)

    console.log
      [2026-02-08T19:37:14.948Z] Current errors: {}

      at Object.log [as handleSubmit] (src/hooks/useRegistrationForm.ts:285:13)

    console.log
      [2026-02-08T19:37:14.948Z] Is rate limited: false

      at Object.log [as handleSubmit] (src/hooks/useRegistrationForm.ts:286:13)

    console.log
      [2026-02-08T19:37:14.948Z] Validation result: true

      at Object.log [as handleSubmit] (src/hooks/useRegistrationForm.ts:296:13)

    console.log
      [2026-02-08T19:37:14.948Z] ✅ Validation passed, proceeding with API call

      at Object.log [as handleSubmit] (src/hooks/useRegistrationForm.ts:303:13)

    console.log
      [2026-02-08T19:37:14.948Z] 📡 Calling API client register method

      at Object.log [as handleSubmit] (src/hooks/useRegistrationForm.ts:316:15)

    console.log
      [2026-02-08T19:37:14.948Z] API payload: {
        email: 'test@example.com',
        name: 'John Doe',
        password: '***REDACTED***'
      }

      at Object.log [as handleSubmit] (src/hooks/useRegistrationForm.ts:317:15)

    console.log
      [2026-02-08T19:37:14.948Z] ❌ API call failed: { status: 409, message: 'Email already exists' }

      at Object.log [as handleSubmit] (src/hooks/useRegistrationForm.ts:343:15)

    console.log
      [2026-02-08T19:37:14.948Z] ========== FORM SUBMISSION ENDED ==========

      at Object.log [as handleSubmit] (src/hooks/useRegistrationForm.ts:376:15)

    console.log
      ✅ preventDefault() called FIRST (stopPropagation also called if available)

      at Object.log [as handleSubmit] (src/hooks/useRegistrationForm.ts:277:13)

    console.log
      [2026-02-08T19:37:14.959Z] ========== FORM SUBMISSION STARTED ==========

      at Object.log [as handleSubmit] (src/hooks/useRegistrationForm.ts:280:13)

    console.log
      [2026-02-08T19:37:14.959Z] Event defaultPrevented: undefined

      at Object.log [as handleSubmit] (src/hooks/useRegistrationForm.ts:281:13)

    console.log
      [2026-02-08T19:37:14.959Z] Event type: undefined

      at Object.log [as handleSubmit] (src/hooks/useRegistrationForm.ts:282:13)

    console.log
      [2026-02-08T19:37:14.959Z] Event target: undefined

      at Object.log [as handleSubmit] (src/hooks/useRegistrationForm.ts:283:13)

    console.log
      [2026-02-08T19:37:14.959Z] Form data: {
        "fullName": "John Doe",
        "email": "test@example.com",
        "password": "Password123!",
        "confirmPassword": "Password123!"
      }

      at Object.log [as handleSubmit] (src/hooks/useRegistrationForm.ts:284:13)

    console.log
      [2026-02-08T19:37:14.959Z] Current errors: {}

      at Object.log [as handleSubmit] (src/hooks/useRegistrationForm.ts:285:13)

    console.log
      [2026-02-08T19:37:14.959Z] Is rate limited: false

      at Object.log [as handleSubmit] (src/hooks/useRegistrationForm.ts:286:13)

    console.log
      [2026-02-08T19:37:14.959Z] Validation result: true

      at Object.log [as handleSubmit] (src/hooks/useRegistrationForm.ts:296:13)

    console.log
      [2026-02-08T19:37:14.959Z] ✅ Validation passed, proceeding with API call

      at Object.log [as handleSubmit] (src/hooks/useRegistrationForm.ts:303:13)

    console.log
      [2026-02-08T19:37:14.959Z] 📡 Calling API client register method

      at Object.log [as handleSubmit] (src/hooks/useRegistrationForm.ts:316:15)

    console.log
      [2026-02-08T19:37:14.959Z] API payload: {
        email: 'test@example.com',
        name: 'John Doe',
        password: '***REDACTED***'
      }

      at Object.log [as handleSubmit] (src/hooks/useRegistrationForm.ts:317:15)

    console.log
      [2026-02-08T19:37:14.959Z] ✅ API call successful

      at Object.log [as handleSubmit] (src/hooks/useRegistrationForm.ts:330:15)

    console.log
      [2026-02-08T19:37:14.959Z] ========== FORM SUBMISSION ENDED ==========

      at Object.log [as handleSubmit] (src/hooks/useRegistrationForm.ts:376:15)

    console.log
      ✅ preventDefault() called FIRST (stopPropagation also called if available)

      at Object.log [as handleSubmit] (src/hooks/useRegistrationForm.ts:277:13)

    console.log
      [2026-02-08T19:37:14.964Z] ========== FORM SUBMISSION STARTED ==========

      at Object.log [as handleSubmit] (src/hooks/useRegistrationForm.ts:280:13)

    console.log
      [2026-02-08T19:37:14.964Z] Event defaultPrevented: undefined

      at Object.log [as handleSubmit] (src/hooks/useRegistrationForm.ts:281:13)

    console.log
      [2026-02-08T19:37:14.964Z] Event type: undefined

      at Object.log [as handleSubmit] (src/hooks/useRegistrationForm.ts:282:13)

    console.log
      [2026-02-08T19:37:14.964Z] Event target: undefined

      at Object.log [as handleSubmit] (src/hooks/useRegistrationForm.ts:283:13)

    console.log
      [2026-02-08T19:37:14.964Z] Form data: {
        "fullName": "John Doe",
        "email": "test@example.com",
        "password": "Password123!",
        "confirmPassword": "Password123!"
      }

      at Object.log [as handleSubmit] (src/hooks/useRegistrationForm.ts:284:13)

    console.log
      [2026-02-08T19:37:14.964Z] Current errors: {}

      at Object.log [as handleSubmit] (src/hooks/useRegistrationForm.ts:285:13)

    console.log
      [2026-02-08T19:37:14.964Z] Is rate limited: false

      at Object.log [as handleSubmit] (src/hooks/useRegistrationForm.ts:286:13)

    console.log
      [2026-02-08T19:37:14.964Z] Validation result: true

      at Object.log [as handleSubmit] (src/hooks/useRegistrationForm.ts:296:13)

    console.log
      [2026-02-08T19:37:14.964Z] ✅ Validation passed, proceeding with API call

      at Object.log [as handleSubmit] (src/hooks/useRegistrationForm.ts:303:13)

    console.log
      [2026-02-08T19:37:14.964Z] 📡 Calling API client register method

      at Object.log [as handleSubmit] (src/hooks/useRegistrationForm.ts:316:15)

    console.log
      [2026-02-08T19:37:14.964Z] API payload: {
        email: 'test@example.com',
        name: 'John Doe',
        password: '***REDACTED***'
      }

      at Object.log [as handleSubmit] (src/hooks/useRegistrationForm.ts:317:15)

    console.log
      [2026-02-08T19:37:14.964Z] ✅ API call successful

      at Object.log [as handleSubmit] (src/hooks/useRegistrationForm.ts:330:15)

    console.log
      [2026-02-08T19:37:14.964Z] ========== FORM SUBMISSION ENDED ==========

      at Object.log [as handleSubmit] (src/hooks/useRegistrationForm.ts:376:15)

    console.log
      ✅ preventDefault() called FIRST (stopPropagation also called if available)

      at Object.log [as handleSubmit] (src/hooks/useRegistrationForm.ts:277:13)

    console.log
      [2026-02-08T19:37:14.968Z] ========== FORM SUBMISSION STARTED ==========

      at Object.log [as handleSubmit] (src/hooks/useRegistrationForm.ts:280:13)

    console.log
      [2026-02-08T19:37:14.968Z] Event defaultPrevented: undefined

      at Object.log [as handleSubmit] (src/hooks/useRegistrationForm.ts:281:13)

    console.log
      [2026-02-08T19:37:14.968Z] Event type: undefined

      at Object.log [as handleSubmit] (src/hooks/useRegistrationForm.ts:282:13)

    console.log
      [2026-02-08T19:37:14.968Z] Event target: undefined

      at Object.log [as handleSubmit] (src/hooks/useRegistrationForm.ts:283:13)

    console.log
      [2026-02-08T19:37:14.968Z] Form data: {
        "fullName": "John Doe",
        "email": "test@example.com",
        "password": "Password123!",
        "confirmPassword": "Password123!"
      }

      at Object.log [as handleSubmit] (src/hooks/useRegistrationForm.ts:284:13)

    console.log
      [2026-02-08T19:37:14.968Z] Current errors: {}

      at Object.log [as handleSubmit] (src/hooks/useRegistrationForm.ts:285:13)

    console.log
      [2026-02-08T19:37:14.968Z] Is rate limited: false

      at Object.log [as handleSubmit] (src/hooks/useRegistrationForm.ts:286:13)

    console.log
      [2026-02-08T19:37:14.968Z] Validation result: true

      at Object.log [as handleSubmit] (src/hooks/useRegistrationForm.ts:296:13)

    console.log
      [2026-02-08T19:37:14.968Z] ✅ Validation passed, proceeding with API call

      at Object.log [as handleSubmit] (src/hooks/useRegistrationForm.ts:303:13)

    console.log
      [2026-02-08T19:37:14.968Z] 📡 Calling API client register method

      at Object.log [as handleSubmit] (src/hooks/useRegistrationForm.ts:316:15)

    console.log
      [2026-02-08T19:37:14.968Z] API payload: {
        email: 'test@example.com',
        name: 'John Doe',
        password: '***REDACTED***'
      }

      at Object.log [as handleSubmit] (src/hooks/useRegistrationForm.ts:317:15)

    console.log
      [2026-02-08T19:37:14.968Z] ❌ API call failed: { status: 409, message: 'Email already exists' }

      at Object.log [as handleSubmit] (src/hooks/useRegistrationForm.ts:343:15)

    console.log
      [2026-02-08T19:37:14.968Z] ========== FORM SUBMISSION ENDED ==========

      at Object.log [as handleSubmit] (src/hooks/useRegistrationForm.ts:376:15)

    console.log
      ✅ preventDefault() called FIRST (stopPropagation also called if available)

      at Object.log [as handleSubmit] (src/hooks/useRegistrationForm.ts:277:13)

    console.log
      [2026-02-08T19:37:14.975Z] ========== FORM SUBMISSION STARTED ==========

      at Object.log [as handleSubmit] (src/hooks/useRegistrationForm.ts:280:13)

    console.log
      [2026-02-08T19:37:14.975Z] Event defaultPrevented: undefined

      at Object.log [as handleSubmit] (src/hooks/useRegistrationForm.ts:281:13)

    console.log
      [2026-02-08T19:37:14.975Z] Event type: undefined

      at Object.log [as handleSubmit] (src/hooks/useRegistrationForm.ts:282:13)

    console.log
      [2026-02-08T19:37:14.975Z] Event target: undefined

      at Object.log [as handleSubmit] (src/hooks/useRegistrationForm.ts:283:13)

    console.log
      [2026-02-08T19:37:14.975Z] Form data: {
        "fullName": "John Doe",
        "email": "test@example.com",
        "password": "Password123!",
        "confirmPassword": "Password123!"
      }

      at Object.log [as handleSubmit] (src/hooks/useRegistrationForm.ts:284:13)

    console.log
      [2026-02-08T19:37:14.975Z] Current errors: {}

      at Object.log [as handleSubmit] (src/hooks/useRegistrationForm.ts:285:13)

    console.log
      [2026-02-08T19:37:14.975Z] Is rate limited: true

      at Object.log [as handleSubmit] (src/hooks/useRegistrationForm.ts:286:13)

    console.log
      [2026-02-08T19:37:14.975Z] ❌ Form submission blocked: rate limit active

      at Object.log [as handleSubmit] (src/hooks/useRegistrationForm.ts:290:15)

    console.log
      ✅ preventDefault() called FIRST (stopPropagation also called if available)

      at Object.log [as handleSubmit] (src/hooks/useRegistrationForm.ts:277:13)

    console.log
      [2026-02-08T19:37:14.985Z] ========== FORM SUBMISSION STARTED ==========

      at Object.log [as handleSubmit] (src/hooks/useRegistrationForm.ts:280:13)

    console.log
      [2026-02-08T19:37:14.985Z] Event defaultPrevented: undefined

      at Object.log [as handleSubmit] (src/hooks/useRegistrationForm.ts:281:13)

    console.log
      [2026-02-08T19:37:14.985Z] Event type: undefined

      at Object.log [as handleSubmit] (src/hooks/useRegistrationForm.ts:282:13)

    console.log
      [2026-02-08T19:37:14.985Z] Event target: undefined

      at Object.log [as handleSubmit] (src/hooks/useRegistrationForm.ts:283:13)

    console.log
      [2026-02-08T19:37:14.985Z] Form data: {
        "fullName": "John Doe",
        "email": "test@example.com",
        "password": "Password123!",
        "confirmPassword": "Password123!"
      }

      at Object.log [as handleSubmit] (src/hooks/useRegistrationForm.ts:284:13)

    console.log
      [2026-02-08T19:37:14.985Z] Current errors: {}

      at Object.log [as handleSubmit] (src/hooks/useRegistrationForm.ts:285:13)

    console.log
      [2026-02-08T19:37:14.985Z] Is rate limited: true

      at Object.log [as handleSubmit] (src/hooks/useRegistrationForm.ts:286:13)

    console.log
      [2026-02-08T19:37:14.985Z] ❌ Form submission blocked: rate limit active

      at Object.log [as handleSubmit] (src/hooks/useRegistrationForm.ts:290:15)

    console.log
      ✅ preventDefault() called FIRST (stopPropagation also called if available)

      at Object.log [as handleSubmit] (src/hooks/useRegistrationForm.ts:277:13)

    console.log
      [2026-02-08T19:37:14.990Z] ========== FORM SUBMISSION STARTED ==========

      at Object.log [as handleSubmit] (src/hooks/useRegistrationForm.ts:280:13)

    console.log
      [2026-02-08T19:37:14.990Z] Event defaultPrevented: undefined

      at Object.log [as handleSubmit] (src/hooks/useRegistrationForm.ts:281:13)

    console.log
      [2026-02-08T19:37:14.990Z] Event type: undefined

      at Object.log [as handleSubmit] (src/hooks/useRegistrationForm.ts:282:13)

    console.log
      [2026-02-08T19:37:14.990Z] Event target: undefined

      at Object.log [as handleSubmit] (src/hooks/useRegistrationForm.ts:283:13)

    console.log
      [2026-02-08T19:37:14.990Z] Form data: {
        "fullName": "John Doe",
        "email": "test@example.com",
        "password": "Password123!",
        "confirmPassword": "Password123!"
      }

      at Object.log [as handleSubmit] (src/hooks/useRegistrationForm.ts:284:13)

    console.log
      [2026-02-08T19:37:14.990Z] Current errors: {}

      at Object.log [as handleSubmit] (src/hooks/useRegistrationForm.ts:285:13)

    console.log
      [2026-02-08T19:37:14.990Z] Is rate limited: true

      at Object.log [as handleSubmit] (src/hooks/useRegistrationForm.ts:286:13)

    console.log
      [2026-02-08T19:37:14.990Z] ❌ Form submission blocked: rate limit active

      at Object.log [as handleSubmit] (src/hooks/useRegistrationForm.ts:290:15)

    console.log
      ✅ preventDefault() called FIRST (stopPropagation also called if available)

      at Object.log [as handleSubmit] (src/hooks/useRegistrationForm.ts:277:13)

    console.log
      [2026-02-08T19:37:14.991Z] ========== FORM SUBMISSION STARTED ==========

      at Object.log [as handleSubmit] (src/hooks/useRegistrationForm.ts:280:13)

    console.log
      [2026-02-08T19:37:14.991Z] Event defaultPrevented: undefined

      at Object.log [as handleSubmit] (src/hooks/useRegistrationForm.ts:281:13)

    console.log
      [2026-02-08T19:37:14.991Z] Event type: undefined

      at Object.log [as handleSubmit] (src/hooks/useRegistrationForm.ts:282:13)

    console.log
      [2026-02-08T19:37:14.991Z] Event target: undefined

      at Object.log [as handleSubmit] (src/hooks/useRegistrationForm.ts:283:13)

    console.log
      [2026-02-08T19:37:14.991Z] Form data: {
        "fullName": "John Doe",
        "email": "test@example.com",
        "password": "Password123!",
        "confirmPassword": "Password123!"
      }

      at Object.log [as handleSubmit] (src/hooks/useRegistrationForm.ts:284:13)

    console.log
      [2026-02-08T19:37:14.991Z] Current errors: {}

      at Object.log [as handleSubmit] (src/hooks/useRegistrationForm.ts:285:13)

    console.log
      [2026-02-08T19:37:14.991Z] Is rate limited: true

      at Object.log [as handleSubmit] (src/hooks/useRegistrationForm.ts:286:13)

    console.log
      [2026-02-08T19:37:14.991Z] ❌ Form submission blocked: rate limit active

      at Object.log [as handleSubmit] (src/hooks/useRegistrationForm.ts:290:15)

    console.log
      ✅ preventDefault() called FIRST (stopPropagation also called if available)

      at Object.log [as handleSubmit] (src/hooks/useRegistrationForm.ts:277:13)

    console.log
      [2026-02-08T19:37:14.993Z] ========== FORM SUBMISSION STARTED ==========

      at Object.log [as handleSubmit] (src/hooks/useRegistrationForm.ts:280:13)

    console.log
      [2026-02-08T19:37:14.993Z] Event defaultPrevented: undefined

      at Object.log [as handleSubmit] (src/hooks/useRegistrationForm.ts:281:13)

    console.log
      [2026-02-08T19:37:14.993Z] Event type: undefined

      at Object.log [as handleSubmit] (src/hooks/useRegistrationForm.ts:282:13)

    console.log
      [2026-02-08T19:37:14.993Z] Event target: undefined

      at Object.log [as handleSubmit] (src/hooks/useRegistrationForm.ts:283:13)

    console.log
      [2026-02-08T19:37:14.993Z] Form data: {
        "fullName": "John Doe",
        "email": "test@example.com",
        "password": "Password123!",
        "confirmPassword": "Password123!"
      }

      at Object.log [as handleSubmit] (src/hooks/useRegistrationForm.ts:284:13)

    console.log
      [2026-02-08T19:37:14.993Z] Current errors: {}

      at Object.log [as handleSubmit] (src/hooks/useRegistrationForm.ts:285:13)

    console.log
      [2026-02-08T19:37:14.993Z] Is rate limited: true

      at Object.log [as handleSubmit] (src/hooks/useRegistrationForm.ts:286:13)

    console.log
      [2026-02-08T19:37:14.993Z] ❌ Form submission blocked: rate limit active

      at Object.log [as handleSubmit] (src/hooks/useRegistrationForm.ts:290:15)

    console.log
      ✅ preventDefault() called FIRST (stopPropagation also called if available)

      at Object.log [as handleSubmit] (src/hooks/useRegistrationForm.ts:277:13)

    console.log
      [2026-02-08T19:37:14.998Z] ========== FORM SUBMISSION STARTED ==========

      at Object.log [as handleSubmit] (src/hooks/useRegistrationForm.ts:280:13)

    console.log
      [2026-02-08T19:37:14.998Z] Event defaultPrevented: undefined

      at Object.log [as handleSubmit] (src/hooks/useRegistrationForm.ts:281:13)

    console.log
      [2026-02-08T19:37:14.998Z] Event type: undefined

      at Object.log [as handleSubmit] (src/hooks/useRegistrationForm.ts:282:13)

    console.log
      [2026-02-08T19:37:14.998Z] Event target: undefined

      at Object.log [as handleSubmit] (src/hooks/useRegistrationForm.ts:283:13)

    console.log
      [2026-02-08T19:37:14.998Z] Form data: {
        "fullName": "John Doe",
        "email": "test@example.com",
        "password": "Password123!",
        "confirmPassword": "Password123!"
      }

      at Object.log [as handleSubmit] (src/hooks/useRegistrationForm.ts:284:13)

    console.log
      [2026-02-08T19:37:14.998Z] Current errors: {}

      at Object.log [as handleSubmit] (src/hooks/useRegistrationForm.ts:285:13)

    console.log
      [2026-02-08T19:37:14.998Z] Is rate limited: false

      at Object.log [as handleSubmit] (src/hooks/useRegistrationForm.ts:286:13)

    console.log
      [2026-02-08T19:37:14.998Z] Validation result: true

      at Object.log [as handleSubmit] (src/hooks/useRegistrationForm.ts:296:13)

    console.log
      [2026-02-08T19:37:14.998Z] ✅ Validation passed, proceeding with API call

      at Object.log [as handleSubmit] (src/hooks/useRegistrationForm.ts:303:13)

    console.log
      [2026-02-08T19:37:14.998Z] 📡 Calling API client register method

      at Object.log [as handleSubmit] (src/hooks/useRegistrationForm.ts:316:15)

    console.log
      [2026-02-08T19:37:14.998Z] API payload: {
        email: 'test@example.com',
        name: 'John Doe',
        password: '***REDACTED***'
      }

      at Object.log [as handleSubmit] (src/hooks/useRegistrationForm.ts:317:15)

    console.log
      [2026-02-08T19:37:14.998Z] ❌ API call failed: { status: 409, message: 'Email already exists' }

      at Object.log [as handleSubmit] (src/hooks/useRegistrationForm.ts:343:15)

    console.log
      [2026-02-08T19:37:14.998Z] ========== FORM SUBMISSION ENDED ==========

      at Object.log [as handleSubmit] (src/hooks/useRegistrationForm.ts:376:15)

    console.log
      ✅ preventDefault() called FIRST (stopPropagation also called if available)

      at Object.log [as handleSubmit] (src/hooks/useRegistrationForm.ts:277:13)

    console.log
      [2026-02-08T19:37:15.004Z] ========== FORM SUBMISSION STARTED ==========

      at Object.log [as handleSubmit] (src/hooks/useRegistrationForm.ts:280:13)

    console.log
      [2026-02-08T19:37:15.004Z] Event defaultPrevented: undefined

      at Object.log [as handleSubmit] (src/hooks/useRegistrationForm.ts:281:13)

    console.log
      [2026-02-08T19:37:15.004Z] Event type: undefined

      at Object.log [as handleSubmit] (src/hooks/useRegistrationForm.ts:282:13)

    console.log
      [2026-02-08T19:37:15.004Z] Event target: undefined

      at Object.log [as handleSubmit] (src/hooks/useRegistrationForm.ts:283:13)

    console.log
      [2026-02-08T19:37:15.004Z] Form data: {
        "fullName": "John Doe",
        "email": "test@example.com",
        "password": "Password123!",
        "confirmPassword": "Password123!"
      }

      at Object.log [as handleSubmit] (src/hooks/useRegistrationForm.ts:284:13)

    console.log
      [2026-02-08T19:37:15.004Z] Current errors: {}

      at Object.log [as handleSubmit] (src/hooks/useRegistrationForm.ts:285:13)

    console.log
      [2026-02-08T19:37:15.004Z] Is rate limited: false

      at Object.log [as handleSubmit] (src/hooks/useRegistrationForm.ts:286:13)

    console.log
      [2026-02-08T19:37:15.004Z] Validation result: true

      at Object.log [as handleSubmit] (src/hooks/useRegistrationForm.ts:296:13)

    console.log
      [2026-02-08T19:37:15.004Z] ✅ Validation passed, proceeding with API call

      at Object.log [as handleSubmit] (src/hooks/useRegistrationForm.ts:303:13)

    console.log
      [2026-02-08T19:37:15.004Z] 📡 Calling API client register method

      at Object.log [as handleSubmit] (src/hooks/useRegistrationForm.ts:316:15)

    console.log
      [2026-02-08T19:37:15.004Z] API payload: {
        email: 'test@example.com',
        name: 'John Doe',
        password: '***REDACTED***'
      }

      at Object.log [as handleSubmit] (src/hooks/useRegistrationForm.ts:317:15)

    console.log
      [2026-02-08T19:37:15.004Z] ❌ API call failed: { status: 409, message: 'Email already exists' }

      at Object.log [as handleSubmit] (src/hooks/useRegistrationForm.ts:343:15)

    console.log
      [2026-02-08T19:37:15.004Z] ========== FORM SUBMISSION ENDED ==========

      at Object.log [as handleSubmit] (src/hooks/useRegistrationForm.ts:376:15)

    console.log
      ✅ preventDefault() called FIRST (stopPropagation also called if available)

      at Object.log [as handleSubmit] (src/hooks/useRegistrationForm.ts:277:13)

    console.log
      [2026-02-08T19:37:15.006Z] ========== FORM SUBMISSION STARTED ==========

      at Object.log [as handleSubmit] (src/hooks/useRegistrationForm.ts:280:13)

    console.log
      [2026-02-08T19:37:15.006Z] Event defaultPrevented: undefined

      at Object.log [as handleSubmit] (src/hooks/useRegistrationForm.ts:281:13)

    console.log
      [2026-02-08T19:37:15.006Z] Event type: undefined

      at Object.log [as handleSubmit] (src/hooks/useRegistrationForm.ts:282:13)

    console.log
      [2026-02-08T19:37:15.006Z] Event target: undefined

      at Object.log [as handleSubmit] (src/hooks/useRegistrationForm.ts:283:13)

    console.log
      [2026-02-08T19:37:15.006Z] Form data: {
        "fullName": "John Doe",
        "email": "test@example.com",
        "password": "Password123!",
        "confirmPassword": "Password123!"
      }

      at Object.log [as handleSubmit] (src/hooks/useRegistrationForm.ts:284:13)

    console.log
      [2026-02-08T19:37:15.006Z] Current errors: {}

      at Object.log [as handleSubmit] (src/hooks/useRegistrationForm.ts:285:13)

    console.log
      [2026-02-08T19:37:15.006Z] Is rate limited: false

      at Object.log [as handleSubmit] (src/hooks/useRegistrationForm.ts:286:13)

    console.log
      [2026-02-08T19:37:15.006Z] Validation result: true

      at Object.log [as handleSubmit] (src/hooks/useRegistrationForm.ts:296:13)

    console.log
      [2026-02-08T19:37:15.006Z] ✅ Validation passed, proceeding with API call

      at Object.log [as handleSubmit] (src/hooks/useRegistrationForm.ts:303:13)

    console.log
      [2026-02-08T19:37:15.006Z] 📡 Calling API client register method

      at Object.log [as handleSubmit] (src/hooks/useRegistrationForm.ts:316:15)

    console.log
      [2026-02-08T19:37:15.006Z] API payload: {
        email: 'test@example.com',
        name: 'John Doe',
        password: '***REDACTED***'
      }

      at Object.log [as handleSubmit] (src/hooks/useRegistrationForm.ts:317:15)

    console.log
      [2026-02-08T19:37:15.006Z] ❌ API call failed: { status: 409, message: 'Email already exists' }

      at Object.log [as handleSubmit] (src/hooks/useRegistrationForm.ts:343:15)

    console.log
      [2026-02-08T19:37:15.006Z] ========== FORM SUBMISSION ENDED ==========

      at Object.log [as handleSubmit] (src/hooks/useRegistrationForm.ts:376:15)

    console.log
      ✅ preventDefault() called FIRST (stopPropagation also called if available)

      at Object.log [as handleSubmit] (src/hooks/useRegistrationForm.ts:277:13)

    console.log
      [2026-02-08T19:37:15.010Z] ========== FORM SUBMISSION STARTED ==========

      at Object.log [as handleSubmit] (src/hooks/useRegistrationForm.ts:280:13)

    console.log
      [2026-02-08T19:37:15.010Z] Event defaultPrevented: undefined

      at Object.log [as handleSubmit] (src/hooks/useRegistrationForm.ts:281:13)

    console.log
      [2026-02-08T19:37:15.010Z] Event type: undefined

      at Object.log [as handleSubmit] (src/hooks/useRegistrationForm.ts:282:13)

    console.log
      [2026-02-08T19:37:15.010Z] Event target: undefined

      at Object.log [as handleSubmit] (src/hooks/useRegistrationForm.ts:283:13)

    console.log
      [2026-02-08T19:37:15.010Z] Form data: {
        "fullName": "John Doe",
        "email": "test@example.com",
        "password": "Password123!",
        "confirmPassword": "Password123!"
      }

      at Object.log [as handleSubmit] (src/hooks/useRegistrationForm.ts:284:13)

    console.log
      [2026-02-08T19:37:15.010Z] Current errors: {}

      at Object.log [as handleSubmit] (src/hooks/useRegistrationForm.ts:285:13)

    console.log
      [2026-02-08T19:37:15.010Z] Is rate limited: false

      at Object.log [as handleSubmit] (src/hooks/useRegistrationForm.ts:286:13)

    console.log
      [2026-02-08T19:37:15.010Z] Validation result: true

      at Object.log [as handleSubmit] (src/hooks/useRegistrationForm.ts:296:13)

    console.log
      [2026-02-08T19:37:15.010Z] ✅ Validation passed, proceeding with API call

      at Object.log [as handleSubmit] (src/hooks/useRegistrationForm.ts:303:13)

    console.log
      [2026-02-08T19:37:15.010Z] 📡 Calling API client register method

      at Object.log [as handleSubmit] (src/hooks/useRegistrationForm.ts:316:15)

    console.log
      [2026-02-08T19:37:15.010Z] API payload: {
        email: 'test@example.com',
        name: 'John Doe',
        password: '***REDACTED***'
      }

      at Object.log [as handleSubmit] (src/hooks/useRegistrationForm.ts:317:15)

    console.log
      [2026-02-08T19:37:15.010Z] ❌ API call failed: { status: 409, message: 'Email already exists' }

      at Object.log [as handleSubmit] (src/hooks/useRegistrationForm.ts:343:15)

    console.log
      [2026-02-08T19:37:15.010Z] ========== FORM SUBMISSION ENDED ==========

      at Object.log [as handleSubmit] (src/hooks/useRegistrationForm.ts:376:15)

    console.log
      ✅ preventDefault() called FIRST (stopPropagation also called if available)

      at Object.log [as handleSubmit] (src/hooks/useRegistrationForm.ts:277:13)

    console.log
      [2026-02-08T19:37:15.014Z] ========== FORM SUBMISSION STARTED ==========

      at Object.log [as handleSubmit] (src/hooks/useRegistrationForm.ts:280:13)

    console.log
      [2026-02-08T19:37:15.014Z] Event defaultPrevented: undefined

      at Object.log [as handleSubmit] (src/hooks/useRegistrationForm.ts:281:13)

    console.log
      [2026-02-08T19:37:15.014Z] Event type: undefined

      at Object.log [as handleSubmit] (src/hooks/useRegistrationForm.ts:282:13)

    console.log
      [2026-02-08T19:37:15.014Z] Event target: undefined

      at Object.log [as handleSubmit] (src/hooks/useRegistrationForm.ts:283:13)

    console.log
      [2026-02-08T19:37:15.014Z] Form data: {
        "fullName": "John Doe",
        "email": "test@example.com",
        "password": "Password123!",
        "confirmPassword": "Password123!"
      }

      at Object.log [as handleSubmit] (src/hooks/useRegistrationForm.ts:284:13)

    console.log
      [2026-02-08T19:37:15.014Z] Current errors: {}

      at Object.log [as handleSubmit] (src/hooks/useRegistrationForm.ts:285:13)

    console.log
      [2026-02-08T19:37:15.014Z] Is rate limited: false

      at Object.log [as handleSubmit] (src/hooks/useRegistrationForm.ts:286:13)

    console.log
      [2026-02-08T19:37:15.014Z] Validation result: true

      at Object.log [as handleSubmit] (src/hooks/useRegistrationForm.ts:296:13)

    console.log
      [2026-02-08T19:37:15.014Z] ✅ Validation passed, proceeding with API call

      at Object.log [as handleSubmit] (src/hooks/useRegistrationForm.ts:303:13)

    console.log
      [2026-02-08T19:37:15.014Z] 📡 Calling API client register method

      at Object.log [as handleSubmit] (src/hooks/useRegistrationForm.ts:316:15)

    console.log
      [2026-02-08T19:37:15.014Z] API payload: {
        email: 'test@example.com',
        name: 'John Doe',
        password: '***REDACTED***'
      }

      at Object.log [as handleSubmit] (src/hooks/useRegistrationForm.ts:317:15)

    console.log
      [2026-02-08T19:37:15.014Z] ❌ API call failed: { status: 409, message: 'Email already exists' }

      at Object.log [as handleSubmit] (src/hooks/useRegistrationForm.ts:343:15)

    console.log
      [2026-02-08T19:37:15.014Z] ========== FORM SUBMISSION ENDED ==========

      at Object.log [as handleSubmit] (src/hooks/useRegistrationForm.ts:376:15)

    console.log
      ✅ preventDefault() called FIRST (stopPropagation also called if available)

      at Object.log [as handleSubmit] (src/hooks/useRegistrationForm.ts:277:13)

    console.log
      [2026-02-08T19:37:15.020Z] ========== FORM SUBMISSION STARTED ==========

      at Object.log [as handleSubmit] (src/hooks/useRegistrationForm.ts:280:13)

    console.log
      [2026-02-08T19:37:15.020Z] Event defaultPrevented: undefined

      at Object.log [as handleSubmit] (src/hooks/useRegistrationForm.ts:281:13)

    console.log
      [2026-02-08T19:37:15.020Z] Event type: undefined

      at Object.log [as handleSubmit] (src/hooks/useRegistrationForm.ts:282:13)

    console.log
      [2026-02-08T19:37:15.020Z] Event target: undefined

      at Object.log [as handleSubmit] (src/hooks/useRegistrationForm.ts:283:13)

    console.log
      [2026-02-08T19:37:15.020Z] Form data: {
        "fullName": "John Doe",
        "email": "test@example.com",
        "password": "Password123!",
        "confirmPassword": "Password123!"
      }

      at Object.log [as handleSubmit] (src/hooks/useRegistrationForm.ts:284:13)

    console.log
      [2026-02-08T19:37:15.020Z] Current errors: {}

      at Object.log [as handleSubmit] (src/hooks/useRegistrationForm.ts:285:13)

    console.log
      [2026-02-08T19:37:15.020Z] Is rate limited: false

      at Object.log [as handleSubmit] (src/hooks/useRegistrationForm.ts:286:13)

    console.log
      [2026-02-08T19:37:15.020Z] Validation result: true

      at Object.log [as handleSubmit] (src/hooks/useRegistrationForm.ts:296:13)

    console.log
      [2026-02-08T19:37:15.020Z] ✅ Validation passed, proceeding with API call

      at Object.log [as handleSubmit] (src/hooks/useRegistrationForm.ts:303:13)

    console.log
      [2026-02-08T19:37:15.020Z] 📡 Calling API client register method

      at Object.log [as handleSubmit] (src/hooks/useRegistrationForm.ts:316:15)

    console.log
      [2026-02-08T19:37:15.020Z] API payload: {
        email: 'test@example.com',
        name: 'John Doe',
        password: '***REDACTED***'
      }

      at Object.log [as handleSubmit] (src/hooks/useRegistrationForm.ts:317:15)

    console.log
      [2026-02-08T19:37:15.020Z] ❌ API call failed: { status: 409, message: 'Email already exists' }

      at Object.log [as handleSubmit] (src/hooks/useRegistrationForm.ts:343:15)

    console.log
      [2026-02-08T19:37:15.020Z] ========== FORM SUBMISSION ENDED ==========

      at Object.log [as handleSubmit] (src/hooks/useRegistrationForm.ts:376:15)

    console.log
      ✅ preventDefault() called FIRST (stopPropagation also called if available)

      at Object.log [as handleSubmit] (src/hooks/useRegistrationForm.ts:277:13)

    console.log
      [2026-02-08T19:37:15.026Z] ========== FORM SUBMISSION STARTED ==========

      at Object.log [as handleSubmit] (src/hooks/useRegistrationForm.ts:280:13)

    console.log
      [2026-02-08T19:37:15.026Z] Event defaultPrevented: undefined

      at Object.log [as handleSubmit] (src/hooks/useRegistrationForm.ts:281:13)

    console.log
      [2026-02-08T19:37:15.026Z] Event type: undefined

      at Object.log [as handleSubmit] (src/hooks/useRegistrationForm.ts:282:13)

    console.log
      [2026-02-08T19:37:15.026Z] Event target: undefined

      at Object.log [as handleSubmit] (src/hooks/useRegistrationForm.ts:283:13)

    console.log
      [2026-02-08T19:37:15.026Z] Form data: {
        "fullName": "John Doe",
        "email": "test@example.com",
        "password": "Password123!",
        "confirmPassword": "Password123!"
      }

      at Object.log [as handleSubmit] (src/hooks/useRegistrationForm.ts:284:13)

    console.log
      [2026-02-08T19:37:15.026Z] Current errors: {}

      at Object.log [as handleSubmit] (src/hooks/useRegistrationForm.ts:285:13)

    console.log
      [2026-02-08T19:37:15.026Z] Is rate limited: false

      at Object.log [as handleSubmit] (src/hooks/useRegistrationForm.ts:286:13)

    console.log
      [2026-02-08T19:37:15.026Z] Validation result: true

      at Object.log [as handleSubmit] (src/hooks/useRegistrationForm.ts:296:13)

    console.log
      [2026-02-08T19:37:15.026Z] ✅ Validation passed, proceeding with API call

      at Object.log [as handleSubmit] (src/hooks/useRegistrationForm.ts:303:13)

    console.log
      [2026-02-08T19:37:15.026Z] 📡 Calling API client register method

      at Object.log [as handleSubmit] (src/hooks/useRegistrationForm.ts:316:15)

    console.log
      [2026-02-08T19:37:15.026Z] API payload: {
        email: 'test@example.com',
        name: 'John Doe',
        password: '***REDACTED***'
      }

      at Object.log [as handleSubmit] (src/hooks/useRegistrationForm.ts:317:15)

    console.log
      [2026-02-08T19:37:15.026Z] ❌ API call failed: { status: 409, message: 'Email already exists' }

      at Object.log [as handleSubmit] (src/hooks/useRegistrationForm.ts:343:15)

    console.log
      [2026-02-08T19:37:15.026Z] ========== FORM SUBMISSION ENDED ==========

      at Object.log [as handleSubmit] (src/hooks/useRegistrationForm.ts:376:15)

    console.log
      ✅ preventDefault() called FIRST (stopPropagation also called if available)

      at Object.log [as handleSubmit] (src/hooks/useRegistrationForm.ts:277:13)

    console.log
      [2026-02-08T19:37:15.029Z] ========== FORM SUBMISSION STARTED ==========

      at Object.log [as handleSubmit] (src/hooks/useRegistrationForm.ts:280:13)

    console.log
      [2026-02-08T19:37:15.029Z] Event defaultPrevented: undefined

      at Object.log [as handleSubmit] (src/hooks/useRegistrationForm.ts:281:13)

    console.log
      [2026-02-08T19:37:15.029Z] Event type: undefined

      at Object.log [as handleSubmit] (src/hooks/useRegistrationForm.ts:282:13)

    console.log
      [2026-02-08T19:37:15.029Z] Event target: undefined

      at Object.log [as handleSubmit] (src/hooks/useRegistrationForm.ts:283:13)

    console.log
      [2026-02-08T19:37:15.029Z] Form data: {
        "fullName": "John Doe",
        "email": "test@example.com",
        "password": "Password123!",
        "confirmPassword": "Password123!"
      }

      at Object.log [as handleSubmit] (src/hooks/useRegistrationForm.ts:284:13)

    console.log
      [2026-02-08T19:37:15.029Z] Current errors: {}

      at Object.log [as handleSubmit] (src/hooks/useRegistrationForm.ts:285:13)

    console.log
      [2026-02-08T19:37:15.029Z] Is rate limited: true

      at Object.log [as handleSubmit] (src/hooks/useRegistrationForm.ts:286:13)

    console.log
      [2026-02-08T19:37:15.029Z] ❌ Form submission blocked: rate limit active

      at Object.log [as handleSubmit] (src/hooks/useRegistrationForm.ts:290:15)

    console.log
      ✅ preventDefault() called FIRST (stopPropagation also called if available)

      at Object.log [as handleSubmit] (src/hooks/useRegistrationForm.ts:277:13)

    console.log
      [2026-02-08T19:37:15.033Z] ========== FORM SUBMISSION STARTED ==========

      at Object.log [as handleSubmit] (src/hooks/useRegistrationForm.ts:280:13)

    console.log
      [2026-02-08T19:37:15.033Z] Event defaultPrevented: undefined

      at Object.log [as handleSubmit] (src/hooks/useRegistrationForm.ts:281:13)

    console.log
      [2026-02-08T19:37:15.033Z] Event type: undefined

      at Object.log [as handleSubmit] (src/hooks/useRegistrationForm.ts:282:13)

    console.log
      [2026-02-08T19:37:15.033Z] Event target: undefined

      at Object.log [as handleSubmit] (src/hooks/useRegistrationForm.ts:283:13)

    console.log
      [2026-02-08T19:37:15.033Z] Form data: {
        "fullName": "John Doe",
        "email": "test@example.com",
        "password": "Password123!",
        "confirmPassword": "Password123!"
      }

      at Object.log [as handleSubmit] (src/hooks/useRegistrationForm.ts:284:13)

    console.log
      [2026-02-08T19:37:15.033Z] Current errors: {}

      at Object.log [as handleSubmit] (src/hooks/useRegistrationForm.ts:285:13)

    console.log
      [2026-02-08T19:37:15.033Z] Is rate limited: true

      at Object.log [as handleSubmit] (src/hooks/useRegistrationForm.ts:286:13)

    console.log
      [2026-02-08T19:37:15.033Z] ❌ Form submission blocked: rate limit active

      at Object.log [as handleSubmit] (src/hooks/useRegistrationForm.ts:290:15)

    console.log
      ✅ preventDefault() called FIRST (stopPropagation also called if available)

      at Object.log [as handleSubmit] (src/hooks/useRegistrationForm.ts:277:13)

    console.log
      [2026-02-08T19:37:15.036Z] ========== FORM SUBMISSION STARTED ==========

      at Object.log [as handleSubmit] (src/hooks/useRegistrationForm.ts:280:13)

    console.log
      [2026-02-08T19:37:15.036Z] Event defaultPrevented: undefined

      at Object.log [as handleSubmit] (src/hooks/useRegistrationForm.ts:281:13)

    console.log
      [2026-02-08T19:37:15.036Z] Event type: undefined

      at Object.log [as handleSubmit] (src/hooks/useRegistrationForm.ts:282:13)

    console.log
      [2026-02-08T19:37:15.036Z] Event target: undefined

      at Object.log [as handleSubmit] (src/hooks/useRegistrationForm.ts:283:13)

    console.log
      [2026-02-08T19:37:15.036Z] Form data: {
        "fullName": "John Doe",
        "email": "test@example.com",
        "password": "Password123!",
        "confirmPassword": "Password123!"
      }

      at Object.log [as handleSubmit] (src/hooks/useRegistrationForm.ts:284:13)

    console.log
      [2026-02-08T19:37:15.036Z] Current errors: {}

      at Object.log [as handleSubmit] (src/hooks/useRegistrationForm.ts:285:13)

    console.log
      [2026-02-08T19:37:15.036Z] Is rate limited: true

      at Object.log [as handleSubmit] (src/hooks/useRegistrationForm.ts:286:13)

    console.log
      [2026-02-08T19:37:15.036Z] ❌ Form submission blocked: rate limit active

      at Object.log [as handleSubmit] (src/hooks/useRegistrationForm.ts:290:15)

    console.log
      ✅ preventDefault() called FIRST (stopPropagation also called if available)

      at Object.log [as handleSubmit] (src/hooks/useRegistrationForm.ts:277:13)

    console.log
      [2026-02-08T19:37:15.038Z] ========== FORM SUBMISSION STARTED ==========

      at Object.log [as handleSubmit] (src/hooks/useRegistrationForm.ts:280:13)

    console.log
      [2026-02-08T19:37:15.038Z] Event defaultPrevented: undefined

      at Object.log [as handleSubmit] (src/hooks/useRegistrationForm.ts:281:13)

    console.log
      [2026-02-08T19:37:15.038Z] Event type: undefined

      at Object.log [as handleSubmit] (src/hooks/useRegistrationForm.ts:282:13)

    console.log
      [2026-02-08T19:37:15.038Z] Event target: undefined

      at Object.log [as handleSubmit] (src/hooks/useRegistrationForm.ts:283:13)

    console.log
      [2026-02-08T19:37:15.038Z] Form data: {
        "fullName": "John Doe",
        "email": "test@example.com",
        "password": "Password123!",
        "confirmPassword": "Password123!"
      }

      at Object.log [as handleSubmit] (src/hooks/useRegistrationForm.ts:284:13)

    console.log
      [2026-02-08T19:37:15.038Z] Current errors: {}

      at Object.log [as handleSubmit] (src/hooks/useRegistrationForm.ts:285:13)

    console.log
      [2026-02-08T19:37:15.038Z] Is rate limited: true

      at Object.log [as handleSubmit] (src/hooks/useRegistrationForm.ts:286:13)

    console.log
      [2026-02-08T19:37:15.038Z] ❌ Form submission blocked: rate limit active

      at Object.log [as handleSubmit] (src/hooks/useRegistrationForm.ts:290:15)

    console.log
      ✅ preventDefault() called FIRST (stopPropagation also called if available)

      at Object.log [as handleSubmit] (src/hooks/useRegistrationForm.ts:277:13)

    console.log
      [2026-02-08T19:37:15.040Z] ========== FORM SUBMISSION STARTED ==========

      at Object.log [as handleSubmit] (src/hooks/useRegistrationForm.ts:280:13)

    console.log
      [2026-02-08T19:37:15.040Z] Event defaultPrevented: undefined

      at Object.log [as handleSubmit] (src/hooks/useRegistrationForm.ts:281:13)

    console.log
      [2026-02-08T19:37:15.040Z] Event type: undefined

      at Object.log [as handleSubmit] (src/hooks/useRegistrationForm.ts:282:13)

    console.log
      [2026-02-08T19:37:15.040Z] Event target: undefined

      at Object.log [as handleSubmit] (src/hooks/useRegistrationForm.ts:283:13)

    console.log
      [2026-02-08T19:37:15.040Z] Form data: {
        "fullName": "John Doe",
        "email": "test@example.com",
        "password": "Password123!",
        "confirmPassword": "Password123!"
      }

      at Object.log [as handleSubmit] (src/hooks/useRegistrationForm.ts:284:13)

    console.log
      [2026-02-08T19:37:15.040Z] Current errors: {}

      at Object.log [as handleSubmit] (src/hooks/useRegistrationForm.ts:285:13)

    console.log
      [2026-02-08T19:37:15.040Z] Is rate limited: false

      at Object.log [as handleSubmit] (src/hooks/useRegistrationForm.ts:286:13)

    console.log
      [2026-02-08T19:37:15.040Z] Validation result: true

      at Object.log [as handleSubmit] (src/hooks/useRegistrationForm.ts:296:13)

    console.log
      [2026-02-08T19:37:15.040Z] ✅ Validation passed, proceeding with API call

      at Object.log [as handleSubmit] (src/hooks/useRegistrationForm.ts:303:13)

    console.log
      [2026-02-08T19:37:15.040Z] 📡 Calling API client register method

      at Object.log [as handleSubmit] (src/hooks/useRegistrationForm.ts:316:15)

    console.log
      [2026-02-08T19:37:15.040Z] API payload: {
        email: 'test@example.com',
        name: 'John Doe',
        password: '***REDACTED***'
      }

      at Object.log [as handleSubmit] (src/hooks/useRegistrationForm.ts:317:15)

    console.log
      [2026-02-08T19:37:15.040Z] ❌ API call failed: { status: 409, message: 'Email already exists' }

      at Object.log [as handleSubmit] (src/hooks/useRegistrationForm.ts:343:15)

    console.log
      [2026-02-08T19:37:15.040Z] ========== FORM SUBMISSION ENDED ==========

      at Object.log [as handleSubmit] (src/hooks/useRegistrationForm.ts:376:15)

    console.log
      ✅ preventDefault() called FIRST (stopPropagation also called if available)

      at Object.log [as handleSubmit] (src/hooks/useRegistrationForm.ts:277:13)

    console.log
      [2026-02-08T19:37:15.045Z] ========== FORM SUBMISSION STARTED ==========

      at Object.log [as handleSubmit] (src/hooks/useRegistrationForm.ts:280:13)

    console.log
      [2026-02-08T19:37:15.045Z] Event defaultPrevented: undefined

      at Object.log [as handleSubmit] (src/hooks/useRegistrationForm.ts:281:13)

    console.log
      [2026-02-08T19:37:15.045Z] Event type: undefined

      at Object.log [as handleSubmit] (src/hooks/useRegistrationForm.ts:282:13)

    console.log
      [2026-02-08T19:37:15.045Z] Event target: undefined

      at Object.log [as handleSubmit] (src/hooks/useRegistrationForm.ts:283:13)

    console.log
      [2026-02-08T19:37:15.045Z] Form data: {
        "fullName": "John Doe",
        "email": "test@example.com",
        "password": "Password123!",
        "confirmPassword": "Password123!"
      }

      at Object.log [as handleSubmit] (src/hooks/useRegistrationForm.ts:284:13)

    console.log
      [2026-02-08T19:37:15.045Z] Current errors: {}

      at Object.log [as handleSubmit] (src/hooks/useRegistrationForm.ts:285:13)

    console.log
      [2026-02-08T19:37:15.045Z] Is rate limited: false

      at Object.log [as handleSubmit] (src/hooks/useRegistrationForm.ts:286:13)

    console.log
      [2026-02-08T19:37:15.045Z] Validation result: true

      at Object.log [as handleSubmit] (src/hooks/useRegistrationForm.ts:296:13)

    console.log
      [2026-02-08T19:37:15.045Z] ✅ Validation passed, proceeding with API call

      at Object.log [as handleSubmit] (src/hooks/useRegistrationForm.ts:303:13)

    console.log
      [2026-02-08T19:37:15.045Z] 📡 Calling API client register method

      at Object.log [as handleSubmit] (src/hooks/useRegistrationForm.ts:316:15)

    console.log
      [2026-02-08T19:37:15.045Z] API payload: {
        email: 'test@example.com',
        name: 'John Doe',
        password: '***REDACTED***'
      }

      at Object.log [as handleSubmit] (src/hooks/useRegistrationForm.ts:317:15)

    console.log
      [2026-02-08T19:37:15.045Z] ✅ API call successful

      at Object.log [as handleSubmit] (src/hooks/useRegistrationForm.ts:330:15)

    console.log
      [2026-02-08T19:37:15.045Z] ========== FORM SUBMISSION ENDED ==========

      at Object.log [as handleSubmit] (src/hooks/useRegistrationForm.ts:376:15)

    console.log
      ✅ preventDefault() called FIRST (stopPropagation also called if available)

      at Object.log [as handleSubmit] (src/hooks/useRegistrationForm.ts:277:13)

    console.log
      [2026-02-08T19:37:15.049Z] ========== FORM SUBMISSION STARTED ==========

      at Object.log [as handleSubmit] (src/hooks/useRegistrationForm.ts:280:13)

    console.log
      [2026-02-08T19:37:15.049Z] Event defaultPrevented: undefined

      at Object.log [as handleSubmit] (src/hooks/useRegistrationForm.ts:281:13)

    console.log
      [2026-02-08T19:37:15.049Z] Event type: undefined

      at Object.log [as handleSubmit] (src/hooks/useRegistrationForm.ts:282:13)

    console.log
      [2026-02-08T19:37:15.049Z] Event target: undefined

      at Object.log [as handleSubmit] (src/hooks/useRegistrationForm.ts:283:13)

    console.log
      [2026-02-08T19:37:15.049Z] Form data: {
        "fullName": "John Doe",
        "email": "test@example.com",
        "password": "Password123!",
        "confirmPassword": "Password123!"
      }

      at Object.log [as handleSubmit] (src/hooks/useRegistrationForm.ts:284:13)

    console.log
      [2026-02-08T19:37:15.049Z] Current errors: {}

      at Object.log [as handleSubmit] (src/hooks/useRegistrationForm.ts:285:13)

    console.log
      [2026-02-08T19:37:15.049Z] Is rate limited: false

      at Object.log [as handleSubmit] (src/hooks/useRegistrationForm.ts:286:13)

    console.log
      [2026-02-08T19:37:15.049Z] Validation result: true

      at Object.log [as handleSubmit] (src/hooks/useRegistrationForm.ts:296:13)

    console.log
      [2026-02-08T19:37:15.049Z] ✅ Validation passed, proceeding with API call

      at Object.log [as handleSubmit] (src/hooks/useRegistrationForm.ts:303:13)

    console.log
      [2026-02-08T19:37:15.049Z] 📡 Calling API client register method

      at Object.log [as handleSubmit] (src/hooks/useRegistrationForm.ts:316:15)

    console.log
      [2026-02-08T19:37:15.049Z] API payload: {
        email: 'test@example.com',
        name: 'John Doe',
        password: '***REDACTED***'
      }

      at Object.log [as handleSubmit] (src/hooks/useRegistrationForm.ts:317:15)

    console.log
      [2026-02-08T19:37:15.049Z] ❌ API call failed: { status: 409, message: 'Email already exists' }

      at Object.log [as handleSubmit] (src/hooks/useRegistrationForm.ts:343:15)

    console.log
      [2026-02-08T19:37:15.049Z] ========== FORM SUBMISSION ENDED ==========

      at Object.log [as handleSubmit] (src/hooks/useRegistrationForm.ts:376:15)

    console.log
      ✅ preventDefault() called FIRST (stopPropagation also called if available)

      at Object.log [as handleSubmit] (src/hooks/useRegistrationForm.ts:277:13)

    console.log
      [2026-02-08T19:37:15.056Z] ========== FORM SUBMISSION STARTED ==========

      at Object.log [as handleSubmit] (src/hooks/useRegistrationForm.ts:280:13)

    console.log
      [2026-02-08T19:37:15.056Z] Event defaultPrevented: undefined

      at Object.log [as handleSubmit] (src/hooks/useRegistrationForm.ts:281:13)

    console.log
      [2026-02-08T19:37:15.056Z] Event type: undefined

      at Object.log [as handleSubmit] (src/hooks/useRegistrationForm.ts:282:13)

    console.log
      [2026-02-08T19:37:15.056Z] Event target: undefined

      at Object.log [as handleSubmit] (src/hooks/useRegistrationForm.ts:283:13)

    console.log
      [2026-02-08T19:37:15.056Z] Form data: {
        "fullName": "John Doe",
        "email": "test@example.com",
        "password": "Password123!",
        "confirmPassword": "Password123!"
      }

      at Object.log [as handleSubmit] (src/hooks/useRegistrationForm.ts:284:13)

    console.log
      [2026-02-08T19:37:15.056Z] Current errors: {}

      at Object.log [as handleSubmit] (src/hooks/useRegistrationForm.ts:285:13)

    console.log
      [2026-02-08T19:37:15.056Z] Is rate limited: false

      at Object.log [as handleSubmit] (src/hooks/useRegistrationForm.ts:286:13)

    console.log
      [2026-02-08T19:37:15.056Z] Validation result: true

      at Object.log [as handleSubmit] (src/hooks/useRegistrationForm.ts:296:13)

    console.log
      [2026-02-08T19:37:15.056Z] ✅ Validation passed, proceeding with API call

      at Object.log [as handleSubmit] (src/hooks/useRegistrationForm.ts:303:13)

    console.log
      [2026-02-08T19:37:15.056Z] 📡 Calling API client register method

      at Object.log [as handleSubmit] (src/hooks/useRegistrationForm.ts:316:15)

    console.log
      [2026-02-08T19:37:15.056Z] API payload: {
        email: 'test@example.com',
        name: 'John Doe',
        password: '***REDACTED***'
      }

      at Object.log [as handleSubmit] (src/hooks/useRegistrationForm.ts:317:15)

    console.log
      [2026-02-08T19:37:15.056Z] ❌ API call failed: { status: 409, message: 'Email already exists' }

      at Object.log [as handleSubmit] (src/hooks/useRegistrationForm.ts:343:15)

    console.log
      [2026-02-08T19:37:15.056Z] ========== FORM SUBMISSION ENDED ==========

      at Object.log [as handleSubmit] (src/hooks/useRegistrationForm.ts:376:15)

    console.log
      ✅ preventDefault() called FIRST (stopPropagation also called if available)

      at Object.log [as handleSubmit] (src/hooks/useRegistrationForm.ts:277:13)

    console.log
      [2026-02-08T19:37:15.061Z] ========== FORM SUBMISSION STARTED ==========

      at Object.log [as handleSubmit] (src/hooks/useRegistrationForm.ts:280:13)

    console.log
      [2026-02-08T19:37:15.061Z] Event defaultPrevented: undefined

      at Object.log [as handleSubmit] (src/hooks/useRegistrationForm.ts:281:13)

    console.log
      [2026-02-08T19:37:15.061Z] Event type: undefined

      at Object.log [as handleSubmit] (src/hooks/useRegistrationForm.ts:282:13)

    console.log
      [2026-02-08T19:37:15.061Z] Event target: undefined

      at Object.log [as handleSubmit] (src/hooks/useRegistrationForm.ts:283:13)

    console.log
      [2026-02-08T19:37:15.061Z] Form data: {
        "fullName": "John Doe",
        "email": "test@example.com",
        "password": "Password123!",
        "confirmPassword": "Password123!"
      }

      at Object.log [as handleSubmit] (src/hooks/useRegistrationForm.ts:284:13)

    console.log
      [2026-02-08T19:37:15.061Z] Current errors: {}

      at Object.log [as handleSubmit] (src/hooks/useRegistrationForm.ts:285:13)

    console.log
      [2026-02-08T19:37:15.061Z] Is rate limited: false

      at Object.log [as handleSubmit] (src/hooks/useRegistrationForm.ts:286:13)

    console.log
      [2026-02-08T19:37:15.061Z] Validation result: true

      at Object.log [as handleSubmit] (src/hooks/useRegistrationForm.ts:296:13)

    console.log
      [2026-02-08T19:37:15.061Z] ✅ Validation passed, proceeding with API call

      at Object.log [as handleSubmit] (src/hooks/useRegistrationForm.ts:303:13)

    console.log
      [2026-02-08T19:37:15.061Z] 📡 Calling API client register method

      at Object.log [as handleSubmit] (src/hooks/useRegistrationForm.ts:316:15)

    console.log
      [2026-02-08T19:37:15.061Z] API payload: {
        email: 'test@example.com',
        name: 'John Doe',
        password: '***REDACTED***'
      }

      at Object.log [as handleSubmit] (src/hooks/useRegistrationForm.ts:317:15)

    console.log
      [2026-02-08T19:37:15.061Z] ❌ API call failed: { status: 409, message: 'Email already exists' }

      at Object.log [as handleSubmit] (src/hooks/useRegistrationForm.ts:343:15)

    console.log
      [2026-02-08T19:37:15.061Z] ========== FORM SUBMISSION ENDED ==========

      at Object.log [as handleSubmit] (src/hooks/useRegistrationForm.ts:376:15)

    console.log
      ✅ preventDefault() called FIRST (stopPropagation also called if available)

      at Object.log [as handleSubmit] (src/hooks/useRegistrationForm.ts:277:13)

    console.log
      [2026-02-08T19:37:15.064Z] ========== FORM SUBMISSION STARTED ==========

      at Object.log [as handleSubmit] (src/hooks/useRegistrationForm.ts:280:13)

    console.log
      [2026-02-08T19:37:15.064Z] Event defaultPrevented: undefined

      at Object.log [as handleSubmit] (src/hooks/useRegistrationForm.ts:281:13)

    console.log
      [2026-02-08T19:37:15.064Z] Event type: undefined

      at Object.log [as handleSubmit] (src/hooks/useRegistrationForm.ts:282:13)

    console.log
      [2026-02-08T19:37:15.064Z] Event target: undefined

      at Object.log [as handleSubmit] (src/hooks/useRegistrationForm.ts:283:13)

    console.log
      [2026-02-08T19:37:15.064Z] Form data: {
        "fullName": "John Doe",
        "email": "test@example.com",
        "password": "Password123!",
        "confirmPassword": "Password123!"
      }

      at Object.log [as handleSubmit] (src/hooks/useRegistrationForm.ts:284:13)

    console.log
      [2026-02-08T19:37:15.064Z] Current errors: {}

      at Object.log [as handleSubmit] (src/hooks/useRegistrationForm.ts:285:13)

    console.log
      [2026-02-08T19:37:15.064Z] Is rate limited: false

      at Object.log [as handleSubmit] (src/hooks/useRegistrationForm.ts:286:13)

    console.log
      [2026-02-08T19:37:15.064Z] Validation result: true

      at Object.log [as handleSubmit] (src/hooks/useRegistrationForm.ts:296:13)

    console.log
      [2026-02-08T19:37:15.064Z] ✅ Validation passed, proceeding with API call

      at Object.log [as handleSubmit] (src/hooks/useRegistrationForm.ts:303:13)

    console.log
      [2026-02-08T19:37:15.064Z] 📡 Calling API client register method

      at Object.log [as handleSubmit] (src/hooks/useRegistrationForm.ts:316:15)

    console.log
      [2026-02-08T19:37:15.064Z] API payload: {
        email: 'test@example.com',
        name: 'John Doe',
        password: '***REDACTED***'
      }

      at Object.log [as handleSubmit] (src/hooks/useRegistrationForm.ts:317:15)

    console.log
      [2026-02-08T19:37:15.064Z] ❌ API call failed: { status: 409, message: 'Email already exists' }

      at Object.log [as handleSubmit] (src/hooks/useRegistrationForm.ts:343:15)

    console.log
      [2026-02-08T19:37:15.064Z] ========== FORM SUBMISSION ENDED ==========

      at Object.log [as handleSubmit] (src/hooks/useRegistrationForm.ts:376:15)

    console.log
      ✅ preventDefault() called FIRST (stopPropagation also called if available)

      at Object.log [as handleSubmit] (src/hooks/useRegistrationForm.ts:277:13)

    console.log
      [2026-02-08T19:37:15.069Z] ========== FORM SUBMISSION STARTED ==========

      at Object.log [as handleSubmit] (src/hooks/useRegistrationForm.ts:280:13)

    console.log
      [2026-02-08T19:37:15.069Z] Event defaultPrevented: undefined

      at Object.log [as handleSubmit] (src/hooks/useRegistrationForm.ts:281:13)

    console.log
      [2026-02-08T19:37:15.069Z] Event type: undefined

      at Object.log [as handleSubmit] (src/hooks/useRegistrationForm.ts:282:13)

    console.log
      [2026-02-08T19:37:15.069Z] Event target: undefined

      at Object.log [as handleSubmit] (src/hooks/useRegistrationForm.ts:283:13)

    console.log
      [2026-02-08T19:37:15.069Z] Form data: {
        "fullName": "John Doe",
        "email": "test@example.com",
        "password": "Password123!",
        "confirmPassword": "Password123!"
      }

      at Object.log [as handleSubmit] (src/hooks/useRegistrationForm.ts:284:13)

    console.log
      [2026-02-08T19:37:15.069Z] Current errors: {}

      at Object.log [as handleSubmit] (src/hooks/useRegistrationForm.ts:285:13)

    console.log
      [2026-02-08T19:37:15.069Z] Is rate limited: false

      at Object.log [as handleSubmit] (src/hooks/useRegistrationForm.ts:286:13)

    console.log
      [2026-02-08T19:37:15.069Z] Validation result: true

      at Object.log [as handleSubmit] (src/hooks/useRegistrationForm.ts:296:13)

    console.log
      [2026-02-08T19:37:15.069Z] ✅ Validation passed, proceeding with API call

      at Object.log [as handleSubmit] (src/hooks/useRegistrationForm.ts:303:13)

    console.log
      [2026-02-08T19:37:15.069Z] 📡 Calling API client register method

      at Object.log [as handleSubmit] (src/hooks/useRegistrationForm.ts:316:15)

    console.log
      [2026-02-08T19:37:15.069Z] API payload: {
        email: 'test@example.com',
        name: 'John Doe',
        password: '***REDACTED***'
      }

      at Object.log [as handleSubmit] (src/hooks/useRegistrationForm.ts:317:15)

    console.log
      [2026-02-08T19:37:15.069Z] ✅ API call successful

      at Object.log [as handleSubmit] (src/hooks/useRegistrationForm.ts:330:15)

    console.log
      [2026-02-08T19:37:15.069Z] ========== FORM SUBMISSION ENDED ==========

      at Object.log [as handleSubmit] (src/hooks/useRegistrationForm.ts:376:15)

    console.log
      ✅ preventDefault() called FIRST (stopPropagation also called if available)

      at Object.log [as handleSubmit] (src/hooks/useRegistrationForm.ts:277:13)

    console.log
      [2026-02-08T19:37:15.072Z] ========== FORM SUBMISSION STARTED ==========

      at Object.log [as handleSubmit] (src/hooks/useRegistrationForm.ts:280:13)

    console.log
      [2026-02-08T19:37:15.072Z] Event defaultPrevented: undefined

      at Object.log [as handleSubmit] (src/hooks/useRegistrationForm.ts:281:13)

    console.log
      [2026-02-08T19:37:15.072Z] Event type: undefined

      at Object.log [as handleSubmit] (src/hooks/useRegistrationForm.ts:282:13)

    console.log
      [2026-02-08T19:37:15.072Z] Event target: undefined

      at Object.log [as handleSubmit] (src/hooks/useRegistrationForm.ts:283:13)

    console.log
      [2026-02-08T19:37:15.072Z] Form data: {
        "fullName": "John Doe",
        "email": "test@example.com",
        "password": "Password123!",
        "confirmPassword": "Password123!"
      }

      at Object.log [as handleSubmit] (src/hooks/useRegistrationForm.ts:284:13)

    console.log
      [2026-02-08T19:37:15.072Z] Current errors: {}

      at Object.log [as handleSubmit] (src/hooks/useRegistrationForm.ts:285:13)

    console.log
      [2026-02-08T19:37:15.072Z] Is rate limited: false

      at Object.log [as handleSubmit] (src/hooks/useRegistrationForm.ts:286:13)

    console.log
      [2026-02-08T19:37:15.072Z] Validation result: true

      at Object.log [as handleSubmit] (src/hooks/useRegistrationForm.ts:296:13)

    console.log
      [2026-02-08T19:37:15.072Z] ✅ Validation passed, proceeding with API call

      at Object.log [as handleSubmit] (src/hooks/useRegistrationForm.ts:303:13)

    console.log
      [2026-02-08T19:37:15.072Z] 📡 Calling API client register method

      at Object.log [as handleSubmit] (src/hooks/useRegistrationForm.ts:316:15)

    console.log
      [2026-02-08T19:37:15.072Z] API payload: {
        email: 'test@example.com',
        name: 'John Doe',
        password: '***REDACTED***'
      }

      at Object.log [as handleSubmit] (src/hooks/useRegistrationForm.ts:317:15)

    console.log
      [2026-02-08T19:37:15.072Z] ❌ API call failed: { status: 409, message: 'Email already exists' }

      at Object.log [as handleSubmit] (src/hooks/useRegistrationForm.ts:343:15)

    console.log
      [2026-02-08T19:37:15.072Z] ========== FORM SUBMISSION ENDED ==========

      at Object.log [as handleSubmit] (src/hooks/useRegistrationForm.ts:376:15)

    console.log
      ✅ preventDefault() called FIRST (stopPropagation also called if available)

      at Object.log [as handleSubmit] (src/hooks/useRegistrationForm.ts:277:13)

    console.log
      [2026-02-08T19:37:15.077Z] ========== FORM SUBMISSION STARTED ==========

      at Object.log [as handleSubmit] (src/hooks/useRegistrationForm.ts:280:13)

    console.log
      [2026-02-08T19:37:15.077Z] Event defaultPrevented: undefined

      at Object.log [as handleSubmit] (src/hooks/useRegistrationForm.ts:281:13)

    console.log
      [2026-02-08T19:37:15.077Z] Event type: undefined

      at Object.log [as handleSubmit] (src/hooks/useRegistrationForm.ts:282:13)

    console.log
      [2026-02-08T19:37:15.077Z] Event target: undefined

      at Object.log [as handleSubmit] (src/hooks/useRegistrationForm.ts:283:13)

    console.log
      [2026-02-08T19:37:15.077Z] Form data: {
        "fullName": "John Doe",
        "email": "test@example.com",
        "password": "Password123!",
        "confirmPassword": "Password123!"
      }

      at Object.log [as handleSubmit] (src/hooks/useRegistrationForm.ts:284:13)

    console.log
      [2026-02-08T19:37:15.077Z] Current errors: {}

      at Object.log [as handleSubmit] (src/hooks/useRegistrationForm.ts:285:13)

    console.log
      [2026-02-08T19:37:15.077Z] Is rate limited: true

      at Object.log [as handleSubmit] (src/hooks/useRegistrationForm.ts:286:13)

    console.log
      [2026-02-08T19:37:15.077Z] ❌ Form submission blocked: rate limit active

      at Object.log [as handleSubmit] (src/hooks/useRegistrationForm.ts:290:15)

    console.log
      ✅ preventDefault() called FIRST (stopPropagation also called if available)

      at Object.log [as handleSubmit] (src/hooks/useRegistrationForm.ts:277:13)

    console.log
      [2026-02-08T19:37:15.079Z] ========== FORM SUBMISSION STARTED ==========

      at Object.log [as handleSubmit] (src/hooks/useRegistrationForm.ts:280:13)

    console.log
      [2026-02-08T19:37:15.079Z] Event defaultPrevented: undefined

      at Object.log [as handleSubmit] (src/hooks/useRegistrationForm.ts:281:13)

    console.log
      [2026-02-08T19:37:15.079Z] Event type: undefined

      at Object.log [as handleSubmit] (src/hooks/useRegistrationForm.ts:282:13)

    console.log
      [2026-02-08T19:37:15.079Z] Event target: undefined

      at Object.log [as handleSubmit] (src/hooks/useRegistrationForm.ts:283:13)

    console.log
      [2026-02-08T19:37:15.079Z] Form data: {
        "fullName": "John Doe",
        "email": "test@example.com",
        "password": "Password123!",
        "confirmPassword": "Password123!"
      }

      at Object.log [as handleSubmit] (src/hooks/useRegistrationForm.ts:284:13)

    console.log
      [2026-02-08T19:37:15.079Z] Current errors: {}

      at Object.log [as handleSubmit] (src/hooks/useRegistrationForm.ts:285:13)

    console.log
      [2026-02-08T19:37:15.079Z] Is rate limited: true

      at Object.log [as handleSubmit] (src/hooks/useRegistrationForm.ts:286:13)

    console.log
      [2026-02-08T19:37:15.079Z] ❌ Form submission blocked: rate limit active

      at Object.log [as handleSubmit] (src/hooks/useRegistrationForm.ts:290:15)

    console.log
      ✅ preventDefault() called FIRST (stopPropagation also called if available)

      at Object.log [as handleSubmit] (src/hooks/useRegistrationForm.ts:277:13)

    console.log
      [2026-02-08T19:37:15.081Z] ========== FORM SUBMISSION STARTED ==========

      at Object.log [as handleSubmit] (src/hooks/useRegistrationForm.ts:280:13)

    console.log
      [2026-02-08T19:37:15.081Z] Event defaultPrevented: undefined

      at Object.log [as handleSubmit] (src/hooks/useRegistrationForm.ts:281:13)

    console.log
      [2026-02-08T19:37:15.081Z] Event type: undefined

      at Object.log [as handleSubmit] (src/hooks/useRegistrationForm.ts:282:13)

    console.log
      [2026-02-08T19:37:15.081Z] Event target: undefined

      at Object.log [as handleSubmit] (src/hooks/useRegistrationForm.ts:283:13)

    console.log
      [2026-02-08T19:37:15.081Z] Form data: {
        "fullName": "John Doe",
        "email": "test@example.com",
        "password": "Password123!",
        "confirmPassword": "Password123!"
      }

      at Object.log [as handleSubmit] (src/hooks/useRegistrationForm.ts:284:13)

    console.log
      [2026-02-08T19:37:15.081Z] Current errors: {}

      at Object.log [as handleSubmit] (src/hooks/useRegistrationForm.ts:285:13)

    console.log
      [2026-02-08T19:37:15.081Z] Is rate limited: true

      at Object.log [as handleSubmit] (src/hooks/useRegistrationForm.ts:286:13)

    console.log
      [2026-02-08T19:37:15.081Z] ❌ Form submission blocked: rate limit active

      at Object.log [as handleSubmit] (src/hooks/useRegistrationForm.ts:290:15)

    console.log
      ✅ preventDefault() called FIRST (stopPropagation also called if available)

      at Object.log [as handleSubmit] (src/hooks/useRegistrationForm.ts:277:13)

    console.log
      [2026-02-08T19:37:15.083Z] ========== FORM SUBMISSION STARTED ==========

      at Object.log [as handleSubmit] (src/hooks/useRegistrationForm.ts:280:13)

    console.log
      [2026-02-08T19:37:15.083Z] Event defaultPrevented: undefined

      at Object.log [as handleSubmit] (src/hooks/useRegistrationForm.ts:281:13)

    console.log
      [2026-02-08T19:37:15.083Z] Event type: undefined

      at Object.log [as handleSubmit] (src/hooks/useRegistrationForm.ts:282:13)

    console.log
      [2026-02-08T19:37:15.083Z] Event target: undefined

      at Object.log [as handleSubmit] (src/hooks/useRegistrationForm.ts:283:13)

    console.log
      [2026-02-08T19:37:15.083Z] Form data: {
        "fullName": "John Doe",
        "email": "test@example.com",
        "password": "Password123!",
        "confirmPassword": "Password123!"
      }

      at Object.log [as handleSubmit] (src/hooks/useRegistrationForm.ts:284:13)

    console.log
      [2026-02-08T19:37:15.083Z] Current errors: {}

      at Object.log [as handleSubmit] (src/hooks/useRegistrationForm.ts:285:13)

    console.log
      [2026-02-08T19:37:15.083Z] Is rate limited: true

      at Object.log [as handleSubmit] (src/hooks/useRegistrationForm.ts:286:13)

    console.log
      [2026-02-08T19:37:15.083Z] ❌ Form submission blocked: rate limit active

      at Object.log [as handleSubmit] (src/hooks/useRegistrationForm.ts:290:15)

    console.log
      ✅ preventDefault() called FIRST (stopPropagation also called if available)

      at Object.log [as handleSubmit] (src/hooks/useRegistrationForm.ts:277:13)

    console.log
      [2026-02-08T19:37:15.085Z] ========== FORM SUBMISSION STARTED ==========

      at Object.log [as handleSubmit] (src/hooks/useRegistrationForm.ts:280:13)

    console.log
      [2026-02-08T19:37:15.085Z] Event defaultPrevented: undefined

      at Object.log [as handleSubmit] (src/hooks/useRegistrationForm.ts:281:13)

    console.log
      [2026-02-08T19:37:15.085Z] Event type: undefined

      at Object.log [as handleSubmit] (src/hooks/useRegistrationForm.ts:282:13)

    console.log
      [2026-02-08T19:37:15.085Z] Event target: undefined

      at Object.log [as handleSubmit] (src/hooks/useRegistrationForm.ts:283:13)

    console.log
      [2026-02-08T19:37:15.085Z] Form data: {
        "fullName": "John Doe",
        "email": "test@example.com",
        "password": "Password123!",
        "confirmPassword": "Password123!"
      }

      at Object.log [as handleSubmit] (src/hooks/useRegistrationForm.ts:284:13)

    console.log
      [2026-02-08T19:37:15.085Z] Current errors: {}

      at Object.log [as handleSubmit] (src/hooks/useRegistrationForm.ts:285:13)

    console.log
      [2026-02-08T19:37:15.085Z] Is rate limited: false

      at Object.log [as handleSubmit] (src/hooks/useRegistrationForm.ts:286:13)

    console.log
      [2026-02-08T19:37:15.085Z] Validation result: true

      at Object.log [as handleSubmit] (src/hooks/useRegistrationForm.ts:296:13)

    console.log
      [2026-02-08T19:37:15.085Z] ✅ Validation passed, proceeding with API call

      at Object.log [as handleSubmit] (src/hooks/useRegistrationForm.ts:303:13)

    console.log
      [2026-02-08T19:37:15.085Z] 📡 Calling API client register method

      at Object.log [as handleSubmit] (src/hooks/useRegistrationForm.ts:316:15)

    console.log
      [2026-02-08T19:37:15.085Z] API payload: {
        email: 'test@example.com',
        name: 'John Doe',
        password: '***REDACTED***'
      }

      at Object.log [as handleSubmit] (src/hooks/useRegistrationForm.ts:317:15)

    console.log
      [2026-02-08T19:37:15.085Z] ❌ API call failed: { status: 409, message: 'Email already exists' }

      at Object.log [as handleSubmit] (src/hooks/useRegistrationForm.ts:343:15)

    console.log
      [2026-02-08T19:37:15.085Z] ========== FORM SUBMISSION ENDED ==========

      at Object.log [as handleSubmit] (src/hooks/useRegistrationForm.ts:376:15)

    console.log
      ✅ preventDefault() called FIRST (stopPropagation also called if available)

      at Object.log [as handleSubmit] (src/hooks/useRegistrationForm.ts:277:13)

    console.log
      [2026-02-08T19:37:15.089Z] ========== FORM SUBMISSION STARTED ==========

      at Object.log [as handleSubmit] (src/hooks/useRegistrationForm.ts:280:13)

    console.log
      [2026-02-08T19:37:15.089Z] Event defaultPrevented: undefined

      at Object.log [as handleSubmit] (src/hooks/useRegistrationForm.ts:281:13)

    console.log
      [2026-02-08T19:37:15.089Z] Event type: undefined

      at Object.log [as handleSubmit] (src/hooks/useRegistrationForm.ts:282:13)

    console.log
      [2026-02-08T19:37:15.089Z] Event target: undefined

      at Object.log [as handleSubmit] (src/hooks/useRegistrationForm.ts:283:13)

    console.log
      [2026-02-08T19:37:15.089Z] Form data: {
        "fullName": "John Doe",
        "email": "test@example.com",
        "password": "Password123!",
        "confirmPassword": "Password123!"
      }

      at Object.log [as handleSubmit] (src/hooks/useRegistrationForm.ts:284:13)

    console.log
      [2026-02-08T19:37:15.089Z] Current errors: {}

      at Object.log [as handleSubmit] (src/hooks/useRegistrationForm.ts:285:13)

    console.log
      [2026-02-08T19:37:15.089Z] Is rate limited: false

      at Object.log [as handleSubmit] (src/hooks/useRegistrationForm.ts:286:13)

    console.log
      [2026-02-08T19:37:15.089Z] Validation result: true

      at Object.log [as handleSubmit] (src/hooks/useRegistrationForm.ts:296:13)

    console.log
      [2026-02-08T19:37:15.089Z] ✅ Validation passed, proceeding with API call

      at Object.log [as handleSubmit] (src/hooks/useRegistrationForm.ts:303:13)

    console.log
      [2026-02-08T19:37:15.089Z] 📡 Calling API client register method

      at Object.log [as handleSubmit] (src/hooks/useRegistrationForm.ts:316:15)

    console.log
      [2026-02-08T19:37:15.089Z] API payload: {
        email: 'test@example.com',
        name: 'John Doe',
        password: '***REDACTED***'
      }

      at Object.log [as handleSubmit] (src/hooks/useRegistrationForm.ts:317:15)

    console.log
      [2026-02-08T19:37:15.089Z] ❌ API call failed: { status: 409, message: 'Email already exists' }

      at Object.log [as handleSubmit] (src/hooks/useRegistrationForm.ts:343:15)

    console.log
      [2026-02-08T19:37:15.089Z] ========== FORM SUBMISSION ENDED ==========

      at Object.log [as handleSubmit] (src/hooks/useRegistrationForm.ts:376:15)

    console.log
      ✅ preventDefault() called FIRST (stopPropagation also called if available)

      at Object.log [as handleSubmit] (src/hooks/useRegistrationForm.ts:277:13)

    console.log
      [2026-02-08T19:37:15.095Z] ========== FORM SUBMISSION STARTED ==========

      at Object.log [as handleSubmit] (src/hooks/useRegistrationForm.ts:280:13)

    console.log
      [2026-02-08T19:37:15.095Z] Event defaultPrevented: undefined

      at Object.log [as handleSubmit] (src/hooks/useRegistrationForm.ts:281:13)

    console.log
      [2026-02-08T19:37:15.095Z] Event type: undefined

      at Object.log [as handleSubmit] (src/hooks/useRegistrationForm.ts:282:13)

    console.log
      [2026-02-08T19:37:15.095Z] Event target: undefined

      at Object.log [as handleSubmit] (src/hooks/useRegistrationForm.ts:283:13)

    console.log
      [2026-02-08T19:37:15.095Z] Form data: {
        "fullName": "John Doe",
        "email": "test@example.com",
        "password": "Password123!",
        "confirmPassword": "Password123!"
      }

      at Object.log [as handleSubmit] (src/hooks/useRegistrationForm.ts:284:13)

    console.log
      [2026-02-08T19:37:15.095Z] Current errors: {}

      at Object.log [as handleSubmit] (src/hooks/useRegistrationForm.ts:285:13)

    console.log
      [2026-02-08T19:37:15.095Z] Is rate limited: false

      at Object.log [as handleSubmit] (src/hooks/useRegistrationForm.ts:286:13)

    console.log
      [2026-02-08T19:37:15.095Z] Validation result: true

      at Object.log [as handleSubmit] (src/hooks/useRegistrationForm.ts:296:13)

    console.log
      [2026-02-08T19:37:15.095Z] ✅ Validation passed, proceeding with API call

      at Object.log [as handleSubmit] (src/hooks/useRegistrationForm.ts:303:13)

    console.log
      [2026-02-08T19:37:15.095Z] 📡 Calling API client register method

      at Object.log [as handleSubmit] (src/hooks/useRegistrationForm.ts:316:15)

    console.log
      [2026-02-08T19:37:15.095Z] API payload: {
        email: 'test@example.com',
        name: 'John Doe',
        password: '***REDACTED***'
      }

      at Object.log [as handleSubmit] (src/hooks/useRegistrationForm.ts:317:15)

    console.log
      [2026-02-08T19:37:15.095Z] ❌ API call failed: { status: 409, message: 'Email already exists' }

      at Object.log [as handleSubmit] (src/hooks/useRegistrationForm.ts:343:15)

    console.log
      [2026-02-08T19:37:15.095Z] ========== FORM SUBMISSION ENDED ==========

      at Object.log [as handleSubmit] (src/hooks/useRegistrationForm.ts:376:15)

    console.log
      ✅ preventDefault() called FIRST (stopPropagation also called if available)

      at Object.log [as handleSubmit] (src/hooks/useRegistrationForm.ts:277:13)

    console.log
      [2026-02-08T19:37:15.099Z] ========== FORM SUBMISSION STARTED ==========

      at Object.log [as handleSubmit] (src/hooks/useRegistrationForm.ts:280:13)

    console.log
      [2026-02-08T19:37:15.099Z] Event defaultPrevented: undefined

      at Object.log [as handleSubmit] (src/hooks/useRegistrationForm.ts:281:13)

    console.log
      [2026-02-08T19:37:15.099Z] Event type: undefined

      at Object.log [as handleSubmit] (src/hooks/useRegistrationForm.ts:282:13)

    console.log
      [2026-02-08T19:37:15.099Z] Event target: undefined

      at Object.log [as handleSubmit] (src/hooks/useRegistrationForm.ts:283:13)

    console.log
      [2026-02-08T19:37:15.099Z] Form data: {
        "fullName": "John Doe",
        "email": "test@example.com",
        "password": "Password123!",
        "confirmPassword": "Password123!"
      }

      at Object.log [as handleSubmit] (src/hooks/useRegistrationForm.ts:284:13)

    console.log
      [2026-02-08T19:37:15.099Z] Current errors: {}

      at Object.log [as handleSubmit] (src/hooks/useRegistrationForm.ts:285:13)

    console.log
      [2026-02-08T19:37:15.099Z] Is rate limited: false

      at Object.log [as handleSubmit] (src/hooks/useRegistrationForm.ts:286:13)

    console.log
      [2026-02-08T19:37:15.099Z] Validation result: true

      at Object.log [as handleSubmit] (src/hooks/useRegistrationForm.ts:296:13)

    console.log
      [2026-02-08T19:37:15.099Z] ✅ Validation passed, proceeding with API call

      at Object.log [as handleSubmit] (src/hooks/useRegistrationForm.ts:303:13)

    console.log
      [2026-02-08T19:37:15.099Z] 📡 Calling API client register method

      at Object.log [as handleSubmit] (src/hooks/useRegistrationForm.ts:316:15)

    console.log
      [2026-02-08T19:37:15.099Z] API payload: {
        email: 'test@example.com',
        name: 'John Doe',
        password: '***REDACTED***'
      }

      at Object.log [as handleSubmit] (src/hooks/useRegistrationForm.ts:317:15)

    console.log
      [2026-02-08T19:37:15.099Z] ❌ API call failed: { status: 409, message: 'Email already exists' }

      at Object.log [as handleSubmit] (src/hooks/useRegistrationForm.ts:343:15)

    console.log
      [2026-02-08T19:37:15.099Z] ========== FORM SUBMISSION ENDED ==========

      at Object.log [as handleSubmit] (src/hooks/useRegistrationForm.ts:376:15)

    console.log
      ✅ preventDefault() called FIRST (stopPropagation also called if available)

      at Object.log [as handleSubmit] (src/hooks/useRegistrationForm.ts:277:13)

    console.log
      [2026-02-08T19:37:15.105Z] ========== FORM SUBMISSION STARTED ==========

      at Object.log [as handleSubmit] (src/hooks/useRegistrationForm.ts:280:13)

    console.log
      [2026-02-08T19:37:15.105Z] Event defaultPrevented: undefined

      at Object.log [as handleSubmit] (src/hooks/useRegistrationForm.ts:281:13)

    console.log
      [2026-02-08T19:37:15.105Z] Event type: undefined

      at Object.log [as handleSubmit] (src/hooks/useRegistrationForm.ts:282:13)

    console.log
      [2026-02-08T19:37:15.105Z] Event target: undefined

      at Object.log [as handleSubmit] (src/hooks/useRegistrationForm.ts:283:13)

    console.log
      [2026-02-08T19:37:15.105Z] Form data: {
        "fullName": "John Doe",
        "email": "test@example.com",
        "password": "Password123!",
        "confirmPassword": "Password123!"
      }

      at Object.log [as handleSubmit] (src/hooks/useRegistrationForm.ts:284:13)

    console.log
      [2026-02-08T19:37:15.105Z] Current errors: {}

      at Object.log [as handleSubmit] (src/hooks/useRegistrationForm.ts:285:13)

    console.log
      [2026-02-08T19:37:15.105Z] Is rate limited: false

      at Object.log [as handleSubmit] (src/hooks/useRegistrationForm.ts:286:13)

    console.log
      [2026-02-08T19:37:15.105Z] Validation result: true

      at Object.log [as handleSubmit] (src/hooks/useRegistrationForm.ts:296:13)

    console.log
      [2026-02-08T19:37:15.105Z] ✅ Validation passed, proceeding with API call

      at Object.log [as handleSubmit] (src/hooks/useRegistrationForm.ts:303:13)

    console.log
      [2026-02-08T19:37:15.105Z] 📡 Calling API client register method

      at Object.log [as handleSubmit] (src/hooks/useRegistrationForm.ts:316:15)

    console.log
      [2026-02-08T19:37:15.105Z] API payload: {
        email: 'test@example.com',
        name: 'John Doe',
        password: '***REDACTED***'
      }

      at Object.log [as handleSubmit] (src/hooks/useRegistrationForm.ts:317:15)

    console.log
      [2026-02-08T19:37:15.105Z] ❌ API call failed: { status: 409, message: 'Email already exists' }

      at Object.log [as handleSubmit] (src/hooks/useRegistrationForm.ts:343:15)

    console.log
      [2026-02-08T19:37:15.105Z] ========== FORM SUBMISSION ENDED ==========

      at Object.log [as handleSubmit] (src/hooks/useRegistrationForm.ts:376:15)

    console.log
      ✅ preventDefault() called FIRST (stopPropagation also called if available)

      at Object.log [as handleSubmit] (src/hooks/useRegistrationForm.ts:277:13)

    console.log
      [2026-02-08T19:37:15.111Z] ========== FORM SUBMISSION STARTED ==========

      at Object.log [as handleSubmit] (src/hooks/useRegistrationForm.ts:280:13)

    console.log
      [2026-02-08T19:37:15.111Z] Event defaultPrevented: undefined

      at Object.log [as handleSubmit] (src/hooks/useRegistrationForm.ts:281:13)

    console.log
      [2026-02-08T19:37:15.111Z] Event type: undefined

      at Object.log [as handleSubmit] (src/hooks/useRegistrationForm.ts:282:13)

    console.log
      [2026-02-08T19:37:15.111Z] Event target: undefined

      at Object.log [as handleSubmit] (src/hooks/useRegistrationForm.ts:283:13)

    console.log
      [2026-02-08T19:37:15.111Z] Form data: {
        "fullName": "John Doe",
        "email": "test@example.com",
        "password": "Password123!",
        "confirmPassword": "Password123!"
      }

      at Object.log [as handleSubmit] (src/hooks/useRegistrationForm.ts:284:13)

    console.log
      [2026-02-08T19:37:15.111Z] Current errors: {}

      at Object.log [as handleSubmit] (src/hooks/useRegistrationForm.ts:285:13)

    console.log
      [2026-02-08T19:37:15.111Z] Is rate limited: true

      at Object.log [as handleSubmit] (src/hooks/useRegistrationForm.ts:286:13)

    console.log
      [2026-02-08T19:37:15.111Z] ❌ Form submission blocked: rate limit active

      at Object.log [as handleSubmit] (src/hooks/useRegistrationForm.ts:290:15)

    console.log
      ✅ preventDefault() called FIRST (stopPropagation also called if available)

      at Object.log [as handleSubmit] (src/hooks/useRegistrationForm.ts:277:13)

    console.log
      [2026-02-08T19:37:15.112Z] ========== FORM SUBMISSION STARTED ==========

      at Object.log [as handleSubmit] (src/hooks/useRegistrationForm.ts:280:13)

    console.log
      [2026-02-08T19:37:15.112Z] Event defaultPrevented: undefined

      at Object.log [as handleSubmit] (src/hooks/useRegistrationForm.ts:281:13)

    console.log
      [2026-02-08T19:37:15.112Z] Event type: undefined

      at Object.log [as handleSubmit] (src/hooks/useRegistrationForm.ts:282:13)

    console.log
      [2026-02-08T19:37:15.112Z] Event target: undefined

      at Object.log [as handleSubmit] (src/hooks/useRegistrationForm.ts:283:13)

    console.log
      [2026-02-08T19:37:15.112Z] Form data: {
        "fullName": "John Doe",
        "email": "test@example.com",
        "password": "Password123!",
        "confirmPassword": "Password123!"
      }

      at Object.log [as handleSubmit] (src/hooks/useRegistrationForm.ts:284:13)

    console.log
      [2026-02-08T19:37:15.112Z] Current errors: {}

      at Object.log [as handleSubmit] (src/hooks/useRegistrationForm.ts:285:13)

    console.log
      [2026-02-08T19:37:15.112Z] Is rate limited: true

      at Object.log [as handleSubmit] (src/hooks/useRegistrationForm.ts:286:13)

    console.log
      [2026-02-08T19:37:15.112Z] ❌ Form submission blocked: rate limit active

      at Object.log [as handleSubmit] (src/hooks/useRegistrationForm.ts:290:15)

    console.log
      ✅ preventDefault() called FIRST (stopPropagation also called if available)

      at Object.log [as handleSubmit] (src/hooks/useRegistrationForm.ts:277:13)

    console.log
      [2026-02-08T19:37:15.113Z] ========== FORM SUBMISSION STARTED ==========

      at Object.log [as handleSubmit] (src/hooks/useRegistrationForm.ts:280:13)

    console.log
      [2026-02-08T19:37:15.113Z] Event defaultPrevented: undefined

      at Object.log [as handleSubmit] (src/hooks/useRegistrationForm.ts:281:13)

    console.log
      [2026-02-08T19:37:15.113Z] Event type: undefined

      at Object.log [as handleSubmit] (src/hooks/useRegistrationForm.ts:282:13)

    console.log
      [2026-02-08T19:37:15.113Z] Event target: undefined

      at Object.log [as handleSubmit] (src/hooks/useRegistrationForm.ts:283:13)

    console.log
      [2026-02-08T19:37:15.113Z] Form data: {
        "fullName": "John Doe",
        "email": "test@example.com",
        "password": "Password123!",
        "confirmPassword": "Password123!"
      }

      at Object.log [as handleSubmit] (src/hooks/useRegistrationForm.ts:284:13)

    console.log
      [2026-02-08T19:37:15.113Z] Current errors: {}

      at Object.log [as handleSubmit] (src/hooks/useRegistrationForm.ts:285:13)

    console.log
      [2026-02-08T19:37:15.113Z] Is rate limited: false

      at Object.log [as handleSubmit] (src/hooks/useRegistrationForm.ts:286:13)

    console.log
      [2026-02-08T19:37:15.113Z] Validation result: true

      at Object.log [as handleSubmit] (src/hooks/useRegistrationForm.ts:296:13)

    console.log
      [2026-02-08T19:37:15.113Z] ✅ Validation passed, proceeding with API call

      at Object.log [as handleSubmit] (src/hooks/useRegistrationForm.ts:303:13)

    console.log
      [2026-02-08T19:37:15.113Z] 📡 Calling API client register method

      at Object.log [as handleSubmit] (src/hooks/useRegistrationForm.ts:316:15)

    console.log
      [2026-02-08T19:37:15.113Z] API payload: {
        email: 'test@example.com',
        name: 'John Doe',
        password: '***REDACTED***'
      }

      at Object.log [as handleSubmit] (src/hooks/useRegistrationForm.ts:317:15)

    console.log
      [2026-02-08T19:37:15.113Z] ❌ API call failed: { status: 409, message: 'Email already exists' }

      at Object.log [as handleSubmit] (src/hooks/useRegistrationForm.ts:343:15)

    console.log
      [2026-02-08T19:37:15.113Z] ========== FORM SUBMISSION ENDED ==========

      at Object.log [as handleSubmit] (src/hooks/useRegistrationForm.ts:376:15)

    console.log
      ✅ preventDefault() called FIRST (stopPropagation also called if available)

      at Object.log [as handleSubmit] (src/hooks/useRegistrationForm.ts:277:13)

    console.log
      [2026-02-08T19:37:15.118Z] ========== FORM SUBMISSION STARTED ==========

      at Object.log [as handleSubmit] (src/hooks/useRegistrationForm.ts:280:13)

    console.log
      [2026-02-08T19:37:15.118Z] Event defaultPrevented: undefined

      at Object.log [as handleSubmit] (src/hooks/useRegistrationForm.ts:281:13)

    console.log
      [2026-02-08T19:37:15.118Z] Event type: undefined

      at Object.log [as handleSubmit] (src/hooks/useRegistrationForm.ts:282:13)

    console.log
      [2026-02-08T19:37:15.118Z] Event target: undefined

      at Object.log [as handleSubmit] (src/hooks/useRegistrationForm.ts:283:13)

    console.log
      [2026-02-08T19:37:15.118Z] Form data: {
        "fullName": "John Doe",
        "email": "test@example.com",
        "password": "Password123!",
        "confirmPassword": "Password123!"
      }

      at Object.log [as handleSubmit] (src/hooks/useRegistrationForm.ts:284:13)

    console.log
      [2026-02-08T19:37:15.118Z] Current errors: {}

      at Object.log [as handleSubmit] (src/hooks/useRegistrationForm.ts:285:13)

    console.log
      [2026-02-08T19:37:15.118Z] Is rate limited: false

      at Object.log [as handleSubmit] (src/hooks/useRegistrationForm.ts:286:13)

    console.log
      [2026-02-08T19:37:15.118Z] Validation result: true

      at Object.log [as handleSubmit] (src/hooks/useRegistrationForm.ts:296:13)

    console.log
      [2026-02-08T19:37:15.118Z] ✅ Validation passed, proceeding with API call

      at Object.log [as handleSubmit] (src/hooks/useRegistrationForm.ts:303:13)

    console.log
      [2026-02-08T19:37:15.118Z] 📡 Calling API client register method

      at Object.log [as handleSubmit] (src/hooks/useRegistrationForm.ts:316:15)

    console.log
      [2026-02-08T19:37:15.118Z] API payload: {
        email: 'test@example.com',
        name: 'John Doe',
        password: '***REDACTED***'
      }

      at Object.log [as handleSubmit] (src/hooks/useRegistrationForm.ts:317:15)

    console.log
      [2026-02-08T19:37:15.118Z] ❌ API call failed: { status: 409, message: 'Email already exists' }

      at Object.log [as handleSubmit] (src/hooks/useRegistrationForm.ts:343:15)

    console.log
      [2026-02-08T19:37:15.118Z] ========== FORM SUBMISSION ENDED ==========

      at Object.log [as handleSubmit] (src/hooks/useRegistrationForm.ts:376:15)

    console.log
      ✅ preventDefault() called FIRST (stopPropagation also called if available)

      at Object.log [as handleSubmit] (src/hooks/useRegistrationForm.ts:277:13)

    console.log
      [2026-02-08T19:37:15.123Z] ========== FORM SUBMISSION STARTED ==========

      at Object.log [as handleSubmit] (src/hooks/useRegistrationForm.ts:280:13)

    console.log
      [2026-02-08T19:37:15.123Z] Event defaultPrevented: undefined

      at Object.log [as handleSubmit] (src/hooks/useRegistrationForm.ts:281:13)

    console.log
      [2026-02-08T19:37:15.123Z] Event type: undefined

      at Object.log [as handleSubmit] (src/hooks/useRegistrationForm.ts:282:13)

    console.log
      [2026-02-08T19:37:15.123Z] Event target: undefined

      at Object.log [as handleSubmit] (src/hooks/useRegistrationForm.ts:283:13)

    console.log
      [2026-02-08T19:37:15.123Z] Form data: {
        "fullName": "John Doe",
        "email": "test@example.com",
        "password": "Password123!",
        "confirmPassword": "Password123!"
      }

      at Object.log [as handleSubmit] (src/hooks/useRegistrationForm.ts:284:13)

    console.log
      [2026-02-08T19:37:15.123Z] Current errors: {}

      at Object.log [as handleSubmit] (src/hooks/useRegistrationForm.ts:285:13)

    console.log
      [2026-02-08T19:37:15.123Z] Is rate limited: false

      at Object.log [as handleSubmit] (src/hooks/useRegistrationForm.ts:286:13)

    console.log
      [2026-02-08T19:37:15.123Z] Validation result: true

      at Object.log [as handleSubmit] (src/hooks/useRegistrationForm.ts:296:13)

    console.log
      [2026-02-08T19:37:15.123Z] ✅ Validation passed, proceeding with API call

      at Object.log [as handleSubmit] (src/hooks/useRegistrationForm.ts:303:13)

    console.log
      [2026-02-08T19:37:15.123Z] 📡 Calling API client register method

      at Object.log [as handleSubmit] (src/hooks/useRegistrationForm.ts:316:15)

    console.log
      [2026-02-08T19:37:15.123Z] API payload: {
        email: 'test@example.com',
        name: 'John Doe',
        password: '***REDACTED***'
      }

      at Object.log [as handleSubmit] (src/hooks/useRegistrationForm.ts:317:15)

    console.log
      [2026-02-08T19:37:15.123Z] ❌ API call failed: { status: 409, message: 'Email already exists' }

      at Object.log [as handleSubmit] (src/hooks/useRegistrationForm.ts:343:15)

    console.log
      [2026-02-08T19:37:15.123Z] ========== FORM SUBMISSION ENDED ==========

      at Object.log [as handleSubmit] (src/hooks/useRegistrationForm.ts:376:15)

    console.log
      ✅ preventDefault() called FIRST (stopPropagation also called if available)

      at Object.log [as handleSubmit] (src/hooks/useRegistrationForm.ts:277:13)

    console.log
      [2026-02-08T19:37:15.127Z] ========== FORM SUBMISSION STARTED ==========

      at Object.log [as handleSubmit] (src/hooks/useRegistrationForm.ts:280:13)

    console.log
      [2026-02-08T19:37:15.127Z] Event defaultPrevented: undefined

      at Object.log [as handleSubmit] (src/hooks/useRegistrationForm.ts:281:13)

    console.log
      [2026-02-08T19:37:15.127Z] Event type: undefined

      at Object.log [as handleSubmit] (src/hooks/useRegistrationForm.ts:282:13)

    console.log
      [2026-02-08T19:37:15.127Z] Event target: undefined

      at Object.log [as handleSubmit] (src/hooks/useRegistrationForm.ts:283:13)

    console.log
      [2026-02-08T19:37:15.127Z] Form data: {
        "fullName": "John Doe",
        "email": "test@example.com",
        "password": "Password123!",
        "confirmPassword": "Password123!"
      }

      at Object.log [as handleSubmit] (src/hooks/useRegistrationForm.ts:284:13)

    console.log
      [2026-02-08T19:37:15.127Z] Current errors: {}

      at Object.log [as handleSubmit] (src/hooks/useRegistrationForm.ts:285:13)

    console.log
      [2026-02-08T19:37:15.127Z] Is rate limited: false

      at Object.log [as handleSubmit] (src/hooks/useRegistrationForm.ts:286:13)

    console.log
      [2026-02-08T19:37:15.127Z] Validation result: true

      at Object.log [as handleSubmit] (src/hooks/useRegistrationForm.ts:296:13)

    console.log
      [2026-02-08T19:37:15.127Z] ✅ Validation passed, proceeding with API call

      at Object.log [as handleSubmit] (src/hooks/useRegistrationForm.ts:303:13)

    console.log
      [2026-02-08T19:37:15.127Z] 📡 Calling API client register method

      at Object.log [as handleSubmit] (src/hooks/useRegistrationForm.ts:316:15)

    console.log
      [2026-02-08T19:37:15.127Z] API payload: {
        email: 'test@example.com',
        name: 'John Doe',
        password: '***REDACTED***'
      }

      at Object.log [as handleSubmit] (src/hooks/useRegistrationForm.ts:317:15)

    console.log
      [2026-02-08T19:37:15.127Z] ✅ API call successful

      at Object.log [as handleSubmit] (src/hooks/useRegistrationForm.ts:330:15)

    console.log
      [2026-02-08T19:37:15.127Z] ========== FORM SUBMISSION ENDED ==========

      at Object.log [as handleSubmit] (src/hooks/useRegistrationForm.ts:376:15)

    console.log
      ✅ preventDefault() called FIRST (stopPropagation also called if available)

      at Object.log [as handleSubmit] (src/hooks/useRegistrationForm.ts:277:13)

    console.log
      [2026-02-08T19:37:15.133Z] ========== FORM SUBMISSION STARTED ==========

      at Object.log [as handleSubmit] (src/hooks/useRegistrationForm.ts:280:13)

    console.log
      [2026-02-08T19:37:15.133Z] Event defaultPrevented: undefined

      at Object.log [as handleSubmit] (src/hooks/useRegistrationForm.ts:281:13)

    console.log
      [2026-02-08T19:37:15.133Z] Event type: undefined

      at Object.log [as handleSubmit] (src/hooks/useRegistrationForm.ts:282:13)

    console.log
      [2026-02-08T19:37:15.133Z] Event target: undefined

      at Object.log [as handleSubmit] (src/hooks/useRegistrationForm.ts:283:13)

    console.log
      [2026-02-08T19:37:15.133Z] Form data: {
        "fullName": "John Doe",
        "email": "test@example.com",
        "password": "Password123!",
        "confirmPassword": "Password123!"
      }

      at Object.log [as handleSubmit] (src/hooks/useRegistrationForm.ts:284:13)

    console.log
      [2026-02-08T19:37:15.133Z] Current errors: {}

      at Object.log [as handleSubmit] (src/hooks/useRegistrationForm.ts:285:13)

    console.log
      [2026-02-08T19:37:15.133Z] Is rate limited: false

      at Object.log [as handleSubmit] (src/hooks/useRegistrationForm.ts:286:13)

    console.log
      [2026-02-08T19:37:15.133Z] Validation result: true

      at Object.log [as handleSubmit] (src/hooks/useRegistrationForm.ts:296:13)

    console.log
      [2026-02-08T19:37:15.133Z] ✅ Validation passed, proceeding with API call

      at Object.log [as handleSubmit] (src/hooks/useRegistrationForm.ts:303:13)

    console.log
      [2026-02-08T19:37:15.133Z] 📡 Calling API client register method

      at Object.log [as handleSubmit] (src/hooks/useRegistrationForm.ts:316:15)

    console.log
      [2026-02-08T19:37:15.133Z] API payload: {
        email: 'test@example.com',
        name: 'John Doe',
        password: '***REDACTED***'
      }

      at Object.log [as handleSubmit] (src/hooks/useRegistrationForm.ts:317:15)

    console.log
      [2026-02-08T19:37:15.133Z] ✅ API call successful

      at Object.log [as handleSubmit] (src/hooks/useRegistrationForm.ts:330:15)

    console.log
      [2026-02-08T19:37:15.133Z] ========== FORM SUBMISSION ENDED ==========

      at Object.log [as handleSubmit] (src/hooks/useRegistrationForm.ts:376:15)

    console.log
      ✅ preventDefault() called FIRST (stopPropagation also called if available)

      at Object.log [as handleSubmit] (src/hooks/useRegistrationForm.ts:277:13)

    console.log
      [2026-02-08T19:37:15.139Z] ========== FORM SUBMISSION STARTED ==========

      at Object.log [as handleSubmit] (src/hooks/useRegistrationForm.ts:280:13)

    console.log
      [2026-02-08T19:37:15.139Z] Event defaultPrevented: undefined

      at Object.log [as handleSubmit] (src/hooks/useRegistrationForm.ts:281:13)

    console.log
      [2026-02-08T19:37:15.139Z] Event type: undefined

      at Object.log [as handleSubmit] (src/hooks/useRegistrationForm.ts:282:13)

    console.log
      [2026-02-08T19:37:15.139Z] Event target: undefined

      at Object.log [as handleSubmit] (src/hooks/useRegistrationForm.ts:283:13)

    console.log
      [2026-02-08T19:37:15.139Z] Form data: {
        "fullName": "John Doe",
        "email": "test@example.com",
        "password": "Password123!",
        "confirmPassword": "Password123!"
      }

      at Object.log [as handleSubmit] (src/hooks/useRegistrationForm.ts:284:13)

    console.log
      [2026-02-08T19:37:15.139Z] Current errors: {}

      at Object.log [as handleSubmit] (src/hooks/useRegistrationForm.ts:285:13)

    console.log
      [2026-02-08T19:37:15.139Z] Is rate limited: false

      at Object.log [as handleSubmit] (src/hooks/useRegistrationForm.ts:286:13)

    console.log
      [2026-02-08T19:37:15.139Z] Validation result: true

      at Object.log [as handleSubmit] (src/hooks/useRegistrationForm.ts:296:13)

    console.log
      [2026-02-08T19:37:15.139Z] ✅ Validation passed, proceeding with API call

      at Object.log [as handleSubmit] (src/hooks/useRegistrationForm.ts:303:13)

    console.log
      [2026-02-08T19:37:15.139Z] 📡 Calling API client register method

      at Object.log [as handleSubmit] (src/hooks/useRegistrationForm.ts:316:15)

    console.log
      [2026-02-08T19:37:15.139Z] API payload: {
        email: 'test@example.com',
        name: 'John Doe',
        password: '***REDACTED***'
      }

      at Object.log [as handleSubmit] (src/hooks/useRegistrationForm.ts:317:15)

    console.log
      [2026-02-08T19:37:15.139Z] ❌ API call failed: { status: 409, message: 'Email already exists' }

      at Object.log [as handleSubmit] (src/hooks/useRegistrationForm.ts:343:15)

    console.log
      [2026-02-08T19:37:15.139Z] ========== FORM SUBMISSION ENDED ==========

      at Object.log [as handleSubmit] (src/hooks/useRegistrationForm.ts:376:15)

    console.log
      ✅ preventDefault() called FIRST (stopPropagation also called if available)

      at Object.log [as handleSubmit] (src/hooks/useRegistrationForm.ts:277:13)

    console.log
      [2026-02-08T19:37:15.145Z] ========== FORM SUBMISSION STARTED ==========

      at Object.log [as handleSubmit] (src/hooks/useRegistrationForm.ts:280:13)

    console.log
      [2026-02-08T19:37:15.145Z] Event defaultPrevented: undefined

      at Object.log [as handleSubmit] (src/hooks/useRegistrationForm.ts:281:13)

    console.log
      [2026-02-08T19:37:15.145Z] Event type: undefined

      at Object.log [as handleSubmit] (src/hooks/useRegistrationForm.ts:282:13)

    console.log
      [2026-02-08T19:37:15.145Z] Event target: undefined

      at Object.log [as handleSubmit] (src/hooks/useRegistrationForm.ts:283:13)

    console.log
      [2026-02-08T19:37:15.145Z] Form data: {
        "fullName": "John Doe",
        "email": "test@example.com",
        "password": "Password123!",
        "confirmPassword": "Password123!"
      }

      at Object.log [as handleSubmit] (src/hooks/useRegistrationForm.ts:284:13)

    console.log
      [2026-02-08T19:37:15.145Z] Current errors: {}

      at Object.log [as handleSubmit] (src/hooks/useRegistrationForm.ts:285:13)

    console.log
      [2026-02-08T19:37:15.145Z] Is rate limited: true

      at Object.log [as handleSubmit] (src/hooks/useRegistrationForm.ts:286:13)

    console.log
      [2026-02-08T19:37:15.145Z] ❌ Form submission blocked: rate limit active

      at Object.log [as handleSubmit] (src/hooks/useRegistrationForm.ts:290:15)

    console.log
      ✅ preventDefault() called FIRST (stopPropagation also called if available)

      at Object.log [as handleSubmit] (src/hooks/useRegistrationForm.ts:277:13)

    console.log
      [2026-02-08T19:37:15.148Z] ========== FORM SUBMISSION STARTED ==========

      at Object.log [as handleSubmit] (src/hooks/useRegistrationForm.ts:280:13)

    console.log
      [2026-02-08T19:37:15.148Z] Event defaultPrevented: undefined

      at Object.log [as handleSubmit] (src/hooks/useRegistrationForm.ts:281:13)

    console.log
      [2026-02-08T19:37:15.148Z] Event type: undefined

      at Object.log [as handleSubmit] (src/hooks/useRegistrationForm.ts:282:13)

    console.log
      [2026-02-08T19:37:15.148Z] Event target: undefined

      at Object.log [as handleSubmit] (src/hooks/useRegistrationForm.ts:283:13)

    console.log
      [2026-02-08T19:37:15.148Z] Form data: {
        "fullName": "John Doe",
        "email": "test@example.com",
        "password": "Password123!",
        "confirmPassword": "Password123!"
      }

      at Object.log [as handleSubmit] (src/hooks/useRegistrationForm.ts:284:13)

    console.log
      [2026-02-08T19:37:15.148Z] Current errors: {}

      at Object.log [as handleSubmit] (src/hooks/useRegistrationForm.ts:285:13)

    console.log
      [2026-02-08T19:37:15.148Z] Is rate limited: true

      at Object.log [as handleSubmit] (src/hooks/useRegistrationForm.ts:286:13)

    console.log
      [2026-02-08T19:37:15.148Z] ❌ Form submission blocked: rate limit active

      at Object.log [as handleSubmit] (src/hooks/useRegistrationForm.ts:290:15)

    console.log
      ✅ preventDefault() called FIRST (stopPropagation also called if available)

      at Object.log [as handleSubmit] (src/hooks/useRegistrationForm.ts:277:13)

    console.log
      [2026-02-08T19:37:15.152Z] ========== FORM SUBMISSION STARTED ==========

      at Object.log [as handleSubmit] (src/hooks/useRegistrationForm.ts:280:13)

    console.log
      [2026-02-08T19:37:15.152Z] Event defaultPrevented: undefined

      at Object.log [as handleSubmit] (src/hooks/useRegistrationForm.ts:281:13)

    console.log
      [2026-02-08T19:37:15.152Z] Event type: undefined

      at Object.log [as handleSubmit] (src/hooks/useRegistrationForm.ts:282:13)

    console.log
      [2026-02-08T19:37:15.152Z] Event target: undefined

      at Object.log [as handleSubmit] (src/hooks/useRegistrationForm.ts:283:13)

    console.log
      [2026-02-08T19:37:15.152Z] Form data: {
        "fullName": "John Doe",
        "email": "test@example.com",
        "password": "Password123!",
        "confirmPassword": "Password123!"
      }

      at Object.log [as handleSubmit] (src/hooks/useRegistrationForm.ts:284:13)

    console.log
      [2026-02-08T19:37:15.152Z] Current errors: {}

      at Object.log [as handleSubmit] (src/hooks/useRegistrationForm.ts:285:13)

    console.log
      [2026-02-08T19:37:15.152Z] Is rate limited: false

      at Object.log [as handleSubmit] (src/hooks/useRegistrationForm.ts:286:13)

    console.log
      [2026-02-08T19:37:15.152Z] Validation result: true

      at Object.log [as handleSubmit] (src/hooks/useRegistrationForm.ts:296:13)

    console.log
      [2026-02-08T19:37:15.152Z] ✅ Validation passed, proceeding with API call

      at Object.log [as handleSubmit] (src/hooks/useRegistrationForm.ts:303:13)

    console.log
      [2026-02-08T19:37:15.152Z] 📡 Calling API client register method

      at Object.log [as handleSubmit] (src/hooks/useRegistrationForm.ts:316:15)

    console.log
      [2026-02-08T19:37:15.152Z] API payload: {
        email: 'test@example.com',
        name: 'John Doe',
        password: '***REDACTED***'
      }

      at Object.log [as handleSubmit] (src/hooks/useRegistrationForm.ts:317:15)

    console.log
      [2026-02-08T19:37:15.152Z] ❌ API call failed: { status: 409, message: 'Email already exists' }

      at Object.log [as handleSubmit] (src/hooks/useRegistrationForm.ts:343:15)

    console.log
      [2026-02-08T19:37:15.152Z] ========== FORM SUBMISSION ENDED ==========

      at Object.log [as handleSubmit] (src/hooks/useRegistrationForm.ts:376:15)

    console.log
      ✅ preventDefault() called FIRST (stopPropagation also called if available)

      at Object.log [as handleSubmit] (src/hooks/useRegistrationForm.ts:277:13)

    console.log
      [2026-02-08T19:37:15.158Z] ========== FORM SUBMISSION STARTED ==========

      at Object.log [as handleSubmit] (src/hooks/useRegistrationForm.ts:280:13)

    console.log
      [2026-02-08T19:37:15.158Z] Event defaultPrevented: undefined

      at Object.log [as handleSubmit] (src/hooks/useRegistrationForm.ts:281:13)

    console.log
      [2026-02-08T19:37:15.158Z] Event type: undefined

      at Object.log [as handleSubmit] (src/hooks/useRegistrationForm.ts:282:13)

    console.log
      [2026-02-08T19:37:15.158Z] Event target: undefined

      at Object.log [as handleSubmit] (src/hooks/useRegistrationForm.ts:283:13)

    console.log
      [2026-02-08T19:37:15.158Z] Form data: {
        "fullName": "John Doe",
        "email": "test@example.com",
        "password": "Password123!",
        "confirmPassword": "Password123!"
      }

      at Object.log [as handleSubmit] (src/hooks/useRegistrationForm.ts:284:13)

    console.log
      [2026-02-08T19:37:15.158Z] Current errors: {}

      at Object.log [as handleSubmit] (src/hooks/useRegistrationForm.ts:285:13)

    console.log
      [2026-02-08T19:37:15.158Z] Is rate limited: false

      at Object.log [as handleSubmit] (src/hooks/useRegistrationForm.ts:286:13)

    console.log
      [2026-02-08T19:37:15.158Z] Validation result: true

      at Object.log [as handleSubmit] (src/hooks/useRegistrationForm.ts:296:13)

    console.log
      [2026-02-08T19:37:15.158Z] ✅ Validation passed, proceeding with API call

      at Object.log [as handleSubmit] (src/hooks/useRegistrationForm.ts:303:13)

    console.log
      [2026-02-08T19:37:15.158Z] 📡 Calling API client register method

      at Object.log [as handleSubmit] (src/hooks/useRegistrationForm.ts:316:15)

    console.log
      [2026-02-08T19:37:15.158Z] API payload: {
        email: 'test@example.com',
        name: 'John Doe',
        password: '***REDACTED***'
      }

      at Object.log [as handleSubmit] (src/hooks/useRegistrationForm.ts:317:15)

    console.log
      [2026-02-08T19:37:15.158Z] ✅ API call successful

      at Object.log [as handleSubmit] (src/hooks/useRegistrationForm.ts:330:15)

    console.log
      [2026-02-08T19:37:15.158Z] ========== FORM SUBMISSION ENDED ==========

      at Object.log [as handleSubmit] (src/hooks/useRegistrationForm.ts:376:15)

    console.log
      ✅ preventDefault() called FIRST (stopPropagation also called if available)

      at Object.log [as handleSubmit] (src/hooks/useRegistrationForm.ts:277:13)

    console.log
      [2026-02-08T19:37:15.163Z] ========== FORM SUBMISSION STARTED ==========

      at Object.log [as handleSubmit] (src/hooks/useRegistrationForm.ts:280:13)

    console.log
      [2026-02-08T19:37:15.163Z] Event defaultPrevented: undefined

      at Object.log [as handleSubmit] (src/hooks/useRegistrationForm.ts:281:13)

    console.log
      [2026-02-08T19:37:15.163Z] Event type: undefined

      at Object.log [as handleSubmit] (src/hooks/useRegistrationForm.ts:282:13)

    console.log
      [2026-02-08T19:37:15.163Z] Event target: undefined

      at Object.log [as handleSubmit] (src/hooks/useRegistrationForm.ts:283:13)

    console.log
      [2026-02-08T19:37:15.163Z] Form data: {
        "fullName": "John Doe",
        "email": "test@example.com",
        "password": "Password123!",
        "confirmPassword": "Password123!"
      }

      at Object.log [as handleSubmit] (src/hooks/useRegistrationForm.ts:284:13)

    console.log
      [2026-02-08T19:37:15.163Z] Current errors: {}

      at Object.log [as handleSubmit] (src/hooks/useRegistrationForm.ts:285:13)

    console.log
      [2026-02-08T19:37:15.163Z] Is rate limited: false

      at Object.log [as handleSubmit] (src/hooks/useRegistrationForm.ts:286:13)

    console.log
      [2026-02-08T19:37:15.163Z] Validation result: true

      at Object.log [as handleSubmit] (src/hooks/useRegistrationForm.ts:296:13)

    console.log
      [2026-02-08T19:37:15.163Z] ✅ Validation passed, proceeding with API call

      at Object.log [as handleSubmit] (src/hooks/useRegistrationForm.ts:303:13)

    console.log
      [2026-02-08T19:37:15.163Z] 📡 Calling API client register method

      at Object.log [as handleSubmit] (src/hooks/useRegistrationForm.ts:316:15)

    console.log
      [2026-02-08T19:37:15.163Z] API payload: {
        email: 'test@example.com',
        name: 'John Doe',
        password: '***REDACTED***'
      }

      at Object.log [as handleSubmit] (src/hooks/useRegistrationForm.ts:317:15)

    console.log
      [2026-02-08T19:37:15.163Z] ❌ API call failed: { status: 409, message: 'Email already exists' }

      at Object.log [as handleSubmit] (src/hooks/useRegistrationForm.ts:343:15)

    console.log
      [2026-02-08T19:37:15.163Z] ========== FORM SUBMISSION ENDED ==========

      at Object.log [as handleSubmit] (src/hooks/useRegistrationForm.ts:376:15)

    console.log
      ✅ preventDefault() called FIRST (stopPropagation also called if available)

      at Object.log [as handleSubmit] (src/hooks/useRegistrationForm.ts:277:13)

    console.log
      [2026-02-08T19:37:15.166Z] ========== FORM SUBMISSION STARTED ==========

      at Object.log [as handleSubmit] (src/hooks/useRegistrationForm.ts:280:13)

    console.log
      [2026-02-08T19:37:15.166Z] Event defaultPrevented: undefined

      at Object.log [as handleSubmit] (src/hooks/useRegistrationForm.ts:281:13)

    console.log
      [2026-02-08T19:37:15.166Z] Event type: undefined

      at Object.log [as handleSubmit] (src/hooks/useRegistrationForm.ts:282:13)

    console.log
      [2026-02-08T19:37:15.166Z] Event target: undefined

      at Object.log [as handleSubmit] (src/hooks/useRegistrationForm.ts:283:13)

    console.log
      [2026-02-08T19:37:15.166Z] Form data: {
        "fullName": "John Doe",
        "email": "test@example.com",
        "password": "Password123!",
        "confirmPassword": "Password123!"
      }

      at Object.log [as handleSubmit] (src/hooks/useRegistrationForm.ts:284:13)

    console.log
      [2026-02-08T19:37:15.166Z] Current errors: {}

      at Object.log [as handleSubmit] (src/hooks/useRegistrationForm.ts:285:13)

    console.log
      [2026-02-08T19:37:15.166Z] Is rate limited: false

      at Object.log [as handleSubmit] (src/hooks/useRegistrationForm.ts:286:13)

    console.log
      [2026-02-08T19:37:15.166Z] Validation result: true

      at Object.log [as handleSubmit] (src/hooks/useRegistrationForm.ts:296:13)

    console.log
      [2026-02-08T19:37:15.166Z] ✅ Validation passed, proceeding with API call

      at Object.log [as handleSubmit] (src/hooks/useRegistrationForm.ts:303:13)

    console.log
      [2026-02-08T19:37:15.166Z] 📡 Calling API client register method

      at Object.log [as handleSubmit] (src/hooks/useRegistrationForm.ts:316:15)

    console.log
      [2026-02-08T19:37:15.166Z] API payload: {
        email: 'test@example.com',
        name: 'John Doe',
        password: '***REDACTED***'
      }

      at Object.log [as handleSubmit] (src/hooks/useRegistrationForm.ts:317:15)

    console.log
      [2026-02-08T19:37:15.166Z] ❌ API call failed: { status: 409, message: 'Email already exists' }

      at Object.log [as handleSubmit] (src/hooks/useRegistrationForm.ts:343:15)

    console.log
      [2026-02-08T19:37:15.166Z] ========== FORM SUBMISSION ENDED ==========

      at Object.log [as handleSubmit] (src/hooks/useRegistrationForm.ts:376:15)

    console.log
      ✅ preventDefault() called FIRST (stopPropagation also called if available)

      at Object.log [as handleSubmit] (src/hooks/useRegistrationForm.ts:277:13)

    console.log
      [2026-02-08T19:37:15.174Z] ========== FORM SUBMISSION STARTED ==========

      at Object.log [as handleSubmit] (src/hooks/useRegistrationForm.ts:280:13)

    console.log
      [2026-02-08T19:37:15.174Z] Event defaultPrevented: undefined

      at Object.log [as handleSubmit] (src/hooks/useRegistrationForm.ts:281:13)

    console.log
      [2026-02-08T19:37:15.174Z] Event type: undefined

      at Object.log [as handleSubmit] (src/hooks/useRegistrationForm.ts:282:13)

    console.log
      [2026-02-08T19:37:15.174Z] Event target: undefined

      at Object.log [as handleSubmit] (src/hooks/useRegistrationForm.ts:283:13)

    console.log
      [2026-02-08T19:37:15.174Z] Form data: {
        "fullName": "John Doe",
        "email": "test@example.com",
        "password": "Password123!",
        "confirmPassword": "Password123!"
      }

      at Object.log [as handleSubmit] (src/hooks/useRegistrationForm.ts:284:13)

    console.log
      [2026-02-08T19:37:15.174Z] Current errors: {}

      at Object.log [as handleSubmit] (src/hooks/useRegistrationForm.ts:285:13)

    console.log
      [2026-02-08T19:37:15.174Z] Is rate limited: false

      at Object.log [as handleSubmit] (src/hooks/useRegistrationForm.ts:286:13)

    console.log
      [2026-02-08T19:37:15.174Z] Validation result: true

      at Object.log [as handleSubmit] (src/hooks/useRegistrationForm.ts:296:13)

    console.log
      [2026-02-08T19:37:15.174Z] ✅ Validation passed, proceeding with API call

      at Object.log [as handleSubmit] (src/hooks/useRegistrationForm.ts:303:13)

    console.log
      [2026-02-08T19:37:15.174Z] 📡 Calling API client register method

      at Object.log [as handleSubmit] (src/hooks/useRegistrationForm.ts:316:15)

    console.log
      [2026-02-08T19:37:15.174Z] API payload: {
        email: 'test@example.com',
        name: 'John Doe',
        password: '***REDACTED***'
      }

      at Object.log [as handleSubmit] (src/hooks/useRegistrationForm.ts:317:15)

    console.log
      [2026-02-08T19:37:15.174Z] ❌ API call failed: { status: 409, message: 'Email already exists' }

      at Object.log [as handleSubmit] (src/hooks/useRegistrationForm.ts:343:15)

    console.log
      [2026-02-08T19:37:15.174Z] ========== FORM SUBMISSION ENDED ==========

      at Object.log [as handleSubmit] (src/hooks/useRegistrationForm.ts:376:15)

    console.log
      ✅ preventDefault() called FIRST (stopPropagation also called if available)

      at Object.log [as handleSubmit] (src/hooks/useRegistrationForm.ts:277:13)

    console.log
      [2026-02-08T19:37:15.180Z] ========== FORM SUBMISSION STARTED ==========

      at Object.log [as handleSubmit] (src/hooks/useRegistrationForm.ts:280:13)

    console.log
      [2026-02-08T19:37:15.180Z] Event defaultPrevented: undefined

      at Object.log [as handleSubmit] (src/hooks/useRegistrationForm.ts:281:13)

    console.log
      [2026-02-08T19:37:15.180Z] Event type: undefined

      at Object.log [as handleSubmit] (src/hooks/useRegistrationForm.ts:282:13)

    console.log
      [2026-02-08T19:37:15.180Z] Event target: undefined

      at Object.log [as handleSubmit] (src/hooks/useRegistrationForm.ts:283:13)

    console.log
      [2026-02-08T19:37:15.180Z] Form data: {
        "fullName": "John Doe",
        "email": "test@example.com",
        "password": "Password123!",
        "confirmPassword": "Password123!"
      }

      at Object.log [as handleSubmit] (src/hooks/useRegistrationForm.ts:284:13)

    console.log
      [2026-02-08T19:37:15.180Z] Current errors: {}

      at Object.log [as handleSubmit] (src/hooks/useRegistrationForm.ts:285:13)

    console.log
      [2026-02-08T19:37:15.180Z] Is rate limited: false

      at Object.log [as handleSubmit] (src/hooks/useRegistrationForm.ts:286:13)

    console.log
      [2026-02-08T19:37:15.180Z] Validation result: true

      at Object.log [as handleSubmit] (src/hooks/useRegistrationForm.ts:296:13)

    console.log
      [2026-02-08T19:37:15.180Z] ✅ Validation passed, proceeding with API call

      at Object.log [as handleSubmit] (src/hooks/useRegistrationForm.ts:303:13)

    console.log
      [2026-02-08T19:37:15.180Z] 📡 Calling API client register method

      at Object.log [as handleSubmit] (src/hooks/useRegistrationForm.ts:316:15)

    console.log
      [2026-02-08T19:37:15.180Z] API payload: {
        email: 'test@example.com',
        name: 'John Doe',
        password: '***REDACTED***'
      }

      at Object.log [as handleSubmit] (src/hooks/useRegistrationForm.ts:317:15)

    console.log
      [2026-02-08T19:37:15.180Z] ❌ API call failed: { status: 409, message: 'Email already exists' }

      at Object.log [as handleSubmit] (src/hooks/useRegistrationForm.ts:343:15)

    console.log
      [2026-02-08T19:37:15.180Z] ========== FORM SUBMISSION ENDED ==========

      at Object.log [as handleSubmit] (src/hooks/useRegistrationForm.ts:376:15)

    console.log
      ✅ preventDefault() called FIRST (stopPropagation also called if available)

      at Object.log [as handleSubmit] (src/hooks/useRegistrationForm.ts:277:13)

    console.log
      [2026-02-08T19:37:15.186Z] ========== FORM SUBMISSION STARTED ==========

      at Object.log [as handleSubmit] (src/hooks/useRegistrationForm.ts:280:13)

    console.log
      [2026-02-08T19:37:15.186Z] Event defaultPrevented: undefined

      at Object.log [as handleSubmit] (src/hooks/useRegistrationForm.ts:281:13)

    console.log
      [2026-02-08T19:37:15.186Z] Event type: undefined

      at Object.log [as handleSubmit] (src/hooks/useRegistrationForm.ts:282:13)

    console.log
      [2026-02-08T19:37:15.186Z] Event target: undefined

      at Object.log [as handleSubmit] (src/hooks/useRegistrationForm.ts:283:13)

    console.log
      [2026-02-08T19:37:15.186Z] Form data: {
        "fullName": "John Doe",
        "email": "test@example.com",
        "password": "Password123!",
        "confirmPassword": "Password123!"
      }

      at Object.log [as handleSubmit] (src/hooks/useRegistrationForm.ts:284:13)

    console.log
      [2026-02-08T19:37:15.186Z] Current errors: {}

      at Object.log [as handleSubmit] (src/hooks/useRegistrationForm.ts:285:13)

    console.log
      [2026-02-08T19:37:15.186Z] Is rate limited: false

      at Object.log [as handleSubmit] (src/hooks/useRegistrationForm.ts:286:13)

    console.log
      [2026-02-08T19:37:15.186Z] Validation result: true

      at Object.log [as handleSubmit] (src/hooks/useRegistrationForm.ts:296:13)

    console.log
      [2026-02-08T19:37:15.186Z] ✅ Validation passed, proceeding with API call

      at Object.log [as handleSubmit] (src/hooks/useRegistrationForm.ts:303:13)

    console.log
      [2026-02-08T19:37:15.186Z] 📡 Calling API client register method

      at Object.log [as handleSubmit] (src/hooks/useRegistrationForm.ts:316:15)

    console.log
      [2026-02-08T19:37:15.186Z] API payload: {
        email: 'test@example.com',
        name: 'John Doe',
        password: '***REDACTED***'
      }

      at Object.log [as handleSubmit] (src/hooks/useRegistrationForm.ts:317:15)

    console.log
      [2026-02-08T19:37:15.186Z] ❌ API call failed: { status: 409, message: 'Email already exists' }

      at Object.log [as handleSubmit] (src/hooks/useRegistrationForm.ts:343:15)

    console.log
      [2026-02-08T19:37:15.186Z] ========== FORM SUBMISSION ENDED ==========

      at Object.log [as handleSubmit] (src/hooks/useRegistrationForm.ts:376:15)

    console.log
      ✅ preventDefault() called FIRST (stopPropagation also called if available)

      at Object.log [as handleSubmit] (src/hooks/useRegistrationForm.ts:277:13)

    console.log
      [2026-02-08T19:37:15.189Z] ========== FORM SUBMISSION STARTED ==========

      at Object.log [as handleSubmit] (src/hooks/useRegistrationForm.ts:280:13)

    console.log
      [2026-02-08T19:37:15.189Z] Event defaultPrevented: undefined

      at Object.log [as handleSubmit] (src/hooks/useRegistrationForm.ts:281:13)

    console.log
      [2026-02-08T19:37:15.189Z] Event type: undefined

      at Object.log [as handleSubmit] (src/hooks/useRegistrationForm.ts:282:13)

    console.log
      [2026-02-08T19:37:15.189Z] Event target: undefined

      at Object.log [as handleSubmit] (src/hooks/useRegistrationForm.ts:283:13)

    console.log
      [2026-02-08T19:37:15.189Z] Form data: {
        "fullName": "John Doe",
        "email": "test@example.com",
        "password": "Password123!",
        "confirmPassword": "Password123!"
      }

      at Object.log [as handleSubmit] (src/hooks/useRegistrationForm.ts:284:13)

    console.log
      [2026-02-08T19:37:15.189Z] Current errors: {}

      at Object.log [as handleSubmit] (src/hooks/useRegistrationForm.ts:285:13)

    console.log
      [2026-02-08T19:37:15.189Z] Is rate limited: false

      at Object.log [as handleSubmit] (src/hooks/useRegistrationForm.ts:286:13)

    console.log
      [2026-02-08T19:37:15.189Z] Validation result: true

      at Object.log [as handleSubmit] (src/hooks/useRegistrationForm.ts:296:13)

    console.log
      [2026-02-08T19:37:15.189Z] ✅ Validation passed, proceeding with API call

      at Object.log [as handleSubmit] (src/hooks/useRegistrationForm.ts:303:13)

    console.log
      [2026-02-08T19:37:15.189Z] 📡 Calling API client register method

      at Object.log [as handleSubmit] (src/hooks/useRegistrationForm.ts:316:15)

    console.log
      [2026-02-08T19:37:15.189Z] API payload: {
        email: 'test@example.com',
        name: 'John Doe',
        password: '***REDACTED***'
      }

      at Object.log [as handleSubmit] (src/hooks/useRegistrationForm.ts:317:15)

    console.log
      [2026-02-08T19:37:15.189Z] ✅ API call successful

      at Object.log [as handleSubmit] (src/hooks/useRegistrationForm.ts:330:15)

    console.log
      [2026-02-08T19:37:15.189Z] ========== FORM SUBMISSION ENDED ==========

      at Object.log [as handleSubmit] (src/hooks/useRegistrationForm.ts:376:15)

    console.log
      ✅ preventDefault() called FIRST (stopPropagation also called if available)

      at Object.log [as handleSubmit] (src/hooks/useRegistrationForm.ts:277:13)

    console.log
      [2026-02-08T19:37:15.193Z] ========== FORM SUBMISSION STARTED ==========

      at Object.log [as handleSubmit] (src/hooks/useRegistrationForm.ts:280:13)

    console.log
      [2026-02-08T19:37:15.193Z] Event defaultPrevented: undefined

      at Object.log [as handleSubmit] (src/hooks/useRegistrationForm.ts:281:13)

    console.log
      [2026-02-08T19:37:15.193Z] Event type: undefined

      at Object.log [as handleSubmit] (src/hooks/useRegistrationForm.ts:282:13)

    console.log
      [2026-02-08T19:37:15.193Z] Event target: undefined

      at Object.log [as handleSubmit] (src/hooks/useRegistrationForm.ts:283:13)

    console.log
      [2026-02-08T19:37:15.193Z] Form data: {
        "fullName": "John Doe",
        "email": "test@example.com",
        "password": "Password123!",
        "confirmPassword": "Password123!"
      }

      at Object.log [as handleSubmit] (src/hooks/useRegistrationForm.ts:284:13)

    console.log
      [2026-02-08T19:37:15.193Z] Current errors: {}

      at Object.log [as handleSubmit] (src/hooks/useRegistrationForm.ts:285:13)

    console.log
      [2026-02-08T19:37:15.193Z] Is rate limited: false

      at Object.log [as handleSubmit] (src/hooks/useRegistrationForm.ts:286:13)

    console.log
      [2026-02-08T19:37:15.193Z] Validation result: true

      at Object.log [as handleSubmit] (src/hooks/useRegistrationForm.ts:296:13)

    console.log
      [2026-02-08T19:37:15.193Z] ✅ Validation passed, proceeding with API call

      at Object.log [as handleSubmit] (src/hooks/useRegistrationForm.ts:303:13)

    console.log
      [2026-02-08T19:37:15.193Z] 📡 Calling API client register method

      at Object.log [as handleSubmit] (src/hooks/useRegistrationForm.ts:316:15)

    console.log
      [2026-02-08T19:37:15.193Z] API payload: {
        email: 'test@example.com',
        name: 'John Doe',
        password: '***REDACTED***'
      }

      at Object.log [as handleSubmit] (src/hooks/useRegistrationForm.ts:317:15)

    console.log
      [2026-02-08T19:37:15.193Z] ❌ API call failed: { status: 409, message: 'Email already exists' }

      at Object.log [as handleSubmit] (src/hooks/useRegistrationForm.ts:343:15)

    console.log
      [2026-02-08T19:37:15.193Z] ========== FORM SUBMISSION ENDED ==========

      at Object.log [as handleSubmit] (src/hooks/useRegistrationForm.ts:376:15)

    console.log
      ✅ preventDefault() called FIRST (stopPropagation also called if available)

      at Object.log [as handleSubmit] (src/hooks/useRegistrationForm.ts:277:13)

    console.log
      [2026-02-08T19:37:15.197Z] ========== FORM SUBMISSION STARTED ==========

      at Object.log [as handleSubmit] (src/hooks/useRegistrationForm.ts:280:13)

    console.log
      [2026-02-08T19:37:15.197Z] Event defaultPrevented: undefined

      at Object.log [as handleSubmit] (src/hooks/useRegistrationForm.ts:281:13)

    console.log
      [2026-02-08T19:37:15.197Z] Event type: undefined

      at Object.log [as handleSubmit] (src/hooks/useRegistrationForm.ts:282:13)

    console.log
      [2026-02-08T19:37:15.197Z] Event target: undefined

      at Object.log [as handleSubmit] (src/hooks/useRegistrationForm.ts:283:13)

    console.log
      [2026-02-08T19:37:15.197Z] Form data: {
        "fullName": "John Doe",
        "email": "test@example.com",
        "password": "Password123!",
        "confirmPassword": "Password123!"
      }

      at Object.log [as handleSubmit] (src/hooks/useRegistrationForm.ts:284:13)

    console.log
      [2026-02-08T19:37:15.197Z] Current errors: {}

      at Object.log [as handleSubmit] (src/hooks/useRegistrationForm.ts:285:13)

    console.log
      [2026-02-08T19:37:15.197Z] Is rate limited: false

      at Object.log [as handleSubmit] (src/hooks/useRegistrationForm.ts:286:13)

    console.log
      [2026-02-08T19:37:15.197Z] Validation result: true

      at Object.log [as handleSubmit] (src/hooks/useRegistrationForm.ts:296:13)

    console.log
      [2026-02-08T19:37:15.197Z] ✅ Validation passed, proceeding with API call

      at Object.log [as handleSubmit] (src/hooks/useRegistrationForm.ts:303:13)

    console.log
      [2026-02-08T19:37:15.197Z] 📡 Calling API client register method

      at Object.log [as handleSubmit] (src/hooks/useRegistrationForm.ts:316:15)

    console.log
      [2026-02-08T19:37:15.197Z] API payload: {
        email: 'test@example.com',
        name: 'John Doe',
        password: '***REDACTED***'
      }

      at Object.log [as handleSubmit] (src/hooks/useRegistrationForm.ts:317:15)

    console.log
      [2026-02-08T19:37:15.197Z] ❌ API call failed: { status: 409, message: 'Email already exists' }

      at Object.log [as handleSubmit] (src/hooks/useRegistrationForm.ts:343:15)

    console.log
      [2026-02-08T19:37:15.197Z] ========== FORM SUBMISSION ENDED ==========

      at Object.log [as handleSubmit] (src/hooks/useRegistrationForm.ts:376:15)

    console.log
      ✅ preventDefault() called FIRST (stopPropagation also called if available)

      at Object.log [as handleSubmit] (src/hooks/useRegistrationForm.ts:277:13)

    console.log
      [2026-02-08T19:37:15.202Z] ========== FORM SUBMISSION STARTED ==========

      at Object.log [as handleSubmit] (src/hooks/useRegistrationForm.ts:280:13)

    console.log
      [2026-02-08T19:37:15.202Z] Event defaultPrevented: undefined

      at Object.log [as handleSubmit] (src/hooks/useRegistrationForm.ts:281:13)

    console.log
      [2026-02-08T19:37:15.202Z] Event type: undefined

      at Object.log [as handleSubmit] (src/hooks/useRegistrationForm.ts:282:13)

    console.log
      [2026-02-08T19:37:15.202Z] Event target: undefined

      at Object.log [as handleSubmit] (src/hooks/useRegistrationForm.ts:283:13)

    console.log
      [2026-02-08T19:37:15.202Z] Form data: {
        "fullName": "John Doe",
        "email": "test@example.com",
        "password": "Password123!",
        "confirmPassword": "Password123!"
      }

      at Object.log [as handleSubmit] (src/hooks/useRegistrationForm.ts:284:13)

    console.log
      [2026-02-08T19:37:15.202Z] Current errors: {}

      at Object.log [as handleSubmit] (src/hooks/useRegistrationForm.ts:285:13)

    console.log
      [2026-02-08T19:37:15.202Z] Is rate limited: false

      at Object.log [as handleSubmit] (src/hooks/useRegistrationForm.ts:286:13)

    console.log
      [2026-02-08T19:37:15.202Z] Validation result: true

      at Object.log [as handleSubmit] (src/hooks/useRegistrationForm.ts:296:13)

    console.log
      [2026-02-08T19:37:15.202Z] ✅ Validation passed, proceeding with API call

      at Object.log [as handleSubmit] (src/hooks/useRegistrationForm.ts:303:13)

    console.log
      [2026-02-08T19:37:15.202Z] 📡 Calling API client register method

      at Object.log [as handleSubmit] (src/hooks/useRegistrationForm.ts:316:15)

    console.log
      [2026-02-08T19:37:15.202Z] API payload: {
        email: 'test@example.com',
        name: 'John Doe',
        password: '***REDACTED***'
      }

      at Object.log [as handleSubmit] (src/hooks/useRegistrationForm.ts:317:15)

    console.log
      [2026-02-08T19:37:15.202Z] ❌ API call failed: { status: 409, message: 'Email already exists' }

      at Object.log [as handleSubmit] (src/hooks/useRegistrationForm.ts:343:15)

    console.log
      [2026-02-08T19:37:15.202Z] ========== FORM SUBMISSION ENDED ==========

      at Object.log [as handleSubmit] (src/hooks/useRegistrationForm.ts:376:15)

    console.log
      ✅ preventDefault() called FIRST (stopPropagation also called if available)

      at Object.log [as handleSubmit] (src/hooks/useRegistrationForm.ts:277:13)

    console.log
      [2026-02-08T19:37:15.208Z] ========== FORM SUBMISSION STARTED ==========

      at Object.log [as handleSubmit] (src/hooks/useRegistrationForm.ts:280:13)

    console.log
      [2026-02-08T19:37:15.208Z] Event defaultPrevented: undefined

      at Object.log [as handleSubmit] (src/hooks/useRegistrationForm.ts:281:13)

    console.log
      [2026-02-08T19:37:15.208Z] Event type: undefined

      at Object.log [as handleSubmit] (src/hooks/useRegistrationForm.ts:282:13)

    console.log
      [2026-02-08T19:37:15.208Z] Event target: undefined

      at Object.log [as handleSubmit] (src/hooks/useRegistrationForm.ts:283:13)

    console.log
      [2026-02-08T19:37:15.208Z] Form data: {
        "fullName": "John Doe",
        "email": "test@example.com",
        "password": "Password123!",
        "confirmPassword": "Password123!"
      }

      at Object.log [as handleSubmit] (src/hooks/useRegistrationForm.ts:284:13)

    console.log
      [2026-02-08T19:37:15.208Z] Current errors: {}

      at Object.log [as handleSubmit] (src/hooks/useRegistrationForm.ts:285:13)

    console.log
      [2026-02-08T19:37:15.208Z] Is rate limited: false

      at Object.log [as handleSubmit] (src/hooks/useRegistrationForm.ts:286:13)

    console.log
      [2026-02-08T19:37:15.208Z] Validation result: true

      at Object.log [as handleSubmit] (src/hooks/useRegistrationForm.ts:296:13)

    console.log
      [2026-02-08T19:37:15.208Z] ✅ Validation passed, proceeding with API call

      at Object.log [as handleSubmit] (src/hooks/useRegistrationForm.ts:303:13)

    console.log
      [2026-02-08T19:37:15.208Z] 📡 Calling API client register method

      at Object.log [as handleSubmit] (src/hooks/useRegistrationForm.ts:316:15)

    console.log
      [2026-02-08T19:37:15.208Z] API payload: {
        email: 'test@example.com',
        name: 'John Doe',
        password: '***REDACTED***'
      }

      at Object.log [as handleSubmit] (src/hooks/useRegistrationForm.ts:317:15)

    console.log
      [2026-02-08T19:37:15.208Z] ❌ API call failed: { status: 409, message: 'Email already exists' }

      at Object.log [as handleSubmit] (src/hooks/useRegistrationForm.ts:343:15)

    console.log
      [2026-02-08T19:37:15.208Z] ========== FORM SUBMISSION ENDED ==========

      at Object.log [as handleSubmit] (src/hooks/useRegistrationForm.ts:376:15)

    console.log
      ✅ preventDefault() called FIRST (stopPropagation also called if available)

      at Object.log [as handleSubmit] (src/hooks/useRegistrationForm.ts:277:13)

    console.log
      [2026-02-08T19:37:15.212Z] ========== FORM SUBMISSION STARTED ==========

      at Object.log [as handleSubmit] (src/hooks/useRegistrationForm.ts:280:13)

    console.log
      [2026-02-08T19:37:15.212Z] Event defaultPrevented: undefined

      at Object.log [as handleSubmit] (src/hooks/useRegistrationForm.ts:281:13)

    console.log
      [2026-02-08T19:37:15.212Z] Event type: undefined

      at Object.log [as handleSubmit] (src/hooks/useRegistrationForm.ts:282:13)

    console.log
      [2026-02-08T19:37:15.212Z] Event target: undefined

      at Object.log [as handleSubmit] (src/hooks/useRegistrationForm.ts:283:13)

    console.log
      [2026-02-08T19:37:15.212Z] Form data: {
        "fullName": "John Doe",
        "email": "test@example.com",
        "password": "Password123!",
        "confirmPassword": "Password123!"
      }

      at Object.log [as handleSubmit] (src/hooks/useRegistrationForm.ts:284:13)

    console.log
      [2026-02-08T19:37:15.212Z] Current errors: {}

      at Object.log [as handleSubmit] (src/hooks/useRegistrationForm.ts:285:13)

    console.log
      [2026-02-08T19:37:15.212Z] Is rate limited: false

      at Object.log [as handleSubmit] (src/hooks/useRegistrationForm.ts:286:13)

    console.log
      [2026-02-08T19:37:15.212Z] Validation result: true

      at Object.log [as handleSubmit] (src/hooks/useRegistrationForm.ts:296:13)

    console.log
      [2026-02-08T19:37:15.212Z] ✅ Validation passed, proceeding with API call

      at Object.log [as handleSubmit] (src/hooks/useRegistrationForm.ts:303:13)

    console.log
      [2026-02-08T19:37:15.212Z] 📡 Calling API client register method

      at Object.log [as handleSubmit] (src/hooks/useRegistrationForm.ts:316:15)

    console.log
      [2026-02-08T19:37:15.212Z] API payload: {
        email: 'test@example.com',
        name: 'John Doe',
        password: '***REDACTED***'
      }

      at Object.log [as handleSubmit] (src/hooks/useRegistrationForm.ts:317:15)

    console.log
      [2026-02-08T19:37:15.212Z] ❌ API call failed: { status: 409, message: 'Email already exists' }

      at Object.log [as handleSubmit] (src/hooks/useRegistrationForm.ts:343:15)

    console.log
      [2026-02-08T19:37:15.212Z] ========== FORM SUBMISSION ENDED ==========

      at Object.log [as handleSubmit] (src/hooks/useRegistrationForm.ts:376:15)

    console.log
      ✅ preventDefault() called FIRST (stopPropagation also called if available)

      at Object.log [as handleSubmit] (src/hooks/useRegistrationForm.ts:277:13)

    console.log
      [2026-02-08T19:37:15.216Z] ========== FORM SUBMISSION STARTED ==========

      at Object.log [as handleSubmit] (src/hooks/useRegistrationForm.ts:280:13)

    console.log
      [2026-02-08T19:37:15.216Z] Event defaultPrevented: undefined

      at Object.log [as handleSubmit] (src/hooks/useRegistrationForm.ts:281:13)

    console.log
      [2026-02-08T19:37:15.216Z] Event type: undefined

      at Object.log [as handleSubmit] (src/hooks/useRegistrationForm.ts:282:13)

    console.log
      [2026-02-08T19:37:15.216Z] Event target: undefined

      at Object.log [as handleSubmit] (src/hooks/useRegistrationForm.ts:283:13)

    console.log
      [2026-02-08T19:37:15.216Z] Form data: {
        "fullName": "John Doe",
        "email": "test@example.com",
        "password": "Password123!",
        "confirmPassword": "Password123!"
      }

      at Object.log [as handleSubmit] (src/hooks/useRegistrationForm.ts:284:13)

    console.log
      [2026-02-08T19:37:15.216Z] Current errors: {}

      at Object.log [as handleSubmit] (src/hooks/useRegistrationForm.ts:285:13)

    console.log
      [2026-02-08T19:37:15.216Z] Is rate limited: false

      at Object.log [as handleSubmit] (src/hooks/useRegistrationForm.ts:286:13)

    console.log
      [2026-02-08T19:37:15.216Z] Validation result: true

      at Object.log [as handleSubmit] (src/hooks/useRegistrationForm.ts:296:13)

    console.log
      [2026-02-08T19:37:15.216Z] ✅ Validation passed, proceeding with API call

      at Object.log [as handleSubmit] (src/hooks/useRegistrationForm.ts:303:13)

    console.log
      [2026-02-08T19:37:15.216Z] 📡 Calling API client register method

      at Object.log [as handleSubmit] (src/hooks/useRegistrationForm.ts:316:15)

    console.log
      [2026-02-08T19:37:15.216Z] API payload: {
        email: 'test@example.com',
        name: 'John Doe',
        password: '***REDACTED***'
      }

      at Object.log [as handleSubmit] (src/hooks/useRegistrationForm.ts:317:15)

    console.log
      [2026-02-08T19:37:15.216Z] ✅ API call successful

      at Object.log [as handleSubmit] (src/hooks/useRegistrationForm.ts:330:15)

    console.log
      [2026-02-08T19:37:15.216Z] ========== FORM SUBMISSION ENDED ==========

      at Object.log [as handleSubmit] (src/hooks/useRegistrationForm.ts:376:15)

    console.log
      ✅ preventDefault() called FIRST (stopPropagation also called if available)

      at Object.log [as handleSubmit] (src/hooks/useRegistrationForm.ts:277:13)

    console.log
      [2026-02-08T19:37:15.220Z] ========== FORM SUBMISSION STARTED ==========

      at Object.log [as handleSubmit] (src/hooks/useRegistrationForm.ts:280:13)

    console.log
      [2026-02-08T19:37:15.220Z] Event defaultPrevented: undefined

      at Object.log [as handleSubmit] (src/hooks/useRegistrationForm.ts:281:13)

    console.log
      [2026-02-08T19:37:15.220Z] Event type: undefined

      at Object.log [as handleSubmit] (src/hooks/useRegistrationForm.ts:282:13)

    console.log
      [2026-02-08T19:37:15.220Z] Event target: undefined

      at Object.log [as handleSubmit] (src/hooks/useRegistrationForm.ts:283:13)

    console.log
      [2026-02-08T19:37:15.220Z] Form data: {
        "fullName": "John Doe",
        "email": "test@example.com",
        "password": "Password123!",
        "confirmPassword": "Password123!"
      }

      at Object.log [as handleSubmit] (src/hooks/useRegistrationForm.ts:284:13)

    console.log
      [2026-02-08T19:37:15.220Z] Current errors: {}

      at Object.log [as handleSubmit] (src/hooks/useRegistrationForm.ts:285:13)

    console.log
      [2026-02-08T19:37:15.220Z] Is rate limited: true

      at Object.log [as handleSubmit] (src/hooks/useRegistrationForm.ts:286:13)

    console.log
      [2026-02-08T19:37:15.220Z] ❌ Form submission blocked: rate limit active

      at Object.log [as handleSubmit] (src/hooks/useRegistrationForm.ts:290:15)

    console.log
      ✅ preventDefault() called FIRST (stopPropagation also called if available)

      at Object.log [as handleSubmit] (src/hooks/useRegistrationForm.ts:277:13)

    console.log
      [2026-02-08T19:37:15.222Z] ========== FORM SUBMISSION STARTED ==========

      at Object.log [as handleSubmit] (src/hooks/useRegistrationForm.ts:280:13)

    console.log
      [2026-02-08T19:37:15.222Z] Event defaultPrevented: undefined

      at Object.log [as handleSubmit] (src/hooks/useRegistrationForm.ts:281:13)

    console.log
      [2026-02-08T19:37:15.222Z] Event type: undefined

      at Object.log [as handleSubmit] (src/hooks/useRegistrationForm.ts:282:13)

    console.log
      [2026-02-08T19:37:15.222Z] Event target: undefined

      at Object.log [as handleSubmit] (src/hooks/useRegistrationForm.ts:283:13)

    console.log
      [2026-02-08T19:37:15.222Z] Form data: {
        "fullName": "John Doe",
        "email": "test@example.com",
        "password": "Password123!",
        "confirmPassword": "Password123!"
      }

      at Object.log [as handleSubmit] (src/hooks/useRegistrationForm.ts:284:13)

    console.log
      [2026-02-08T19:37:15.222Z] Current errors: {}

      at Object.log [as handleSubmit] (src/hooks/useRegistrationForm.ts:285:13)

    console.log
      [2026-02-08T19:37:15.222Z] Is rate limited: false

      at Object.log [as handleSubmit] (src/hooks/useRegistrationForm.ts:286:13)

    console.log
      [2026-02-08T19:37:15.222Z] Validation result: true

      at Object.log [as handleSubmit] (src/hooks/useRegistrationForm.ts:296:13)

    console.log
      [2026-02-08T19:37:15.222Z] ✅ Validation passed, proceeding with API call

      at Object.log [as handleSubmit] (src/hooks/useRegistrationForm.ts:303:13)

    console.log
      [2026-02-08T19:37:15.222Z] 📡 Calling API client register method

      at Object.log [as handleSubmit] (src/hooks/useRegistrationForm.ts:316:15)

    console.log
      [2026-02-08T19:37:15.222Z] API payload: {
        email: 'test@example.com',
        name: 'John Doe',
        password: '***REDACTED***'
      }

      at Object.log [as handleSubmit] (src/hooks/useRegistrationForm.ts:317:15)

    console.log
      [2026-02-08T19:37:15.222Z] ✅ API call successful

      at Object.log [as handleSubmit] (src/hooks/useRegistrationForm.ts:330:15)

    console.log
      [2026-02-08T19:37:15.222Z] ========== FORM SUBMISSION ENDED ==========

      at Object.log [as handleSubmit] (src/hooks/useRegistrationForm.ts:376:15)

    console.log
      ✅ preventDefault() called FIRST (stopPropagation also called if available)

      at Object.log [as handleSubmit] (src/hooks/useRegistrationForm.ts:277:13)

    console.log
      [2026-02-08T19:37:15.227Z] ========== FORM SUBMISSION STARTED ==========

      at Object.log [as handleSubmit] (src/hooks/useRegistrationForm.ts:280:13)

    console.log
      [2026-02-08T19:37:15.227Z] Event defaultPrevented: undefined

      at Object.log [as handleSubmit] (src/hooks/useRegistrationForm.ts:281:13)

    console.log
      [2026-02-08T19:37:15.227Z] Event type: undefined

      at Object.log [as handleSubmit] (src/hooks/useRegistrationForm.ts:282:13)

    console.log
      [2026-02-08T19:37:15.227Z] Event target: undefined

      at Object.log [as handleSubmit] (src/hooks/useRegistrationForm.ts:283:13)

    console.log
      [2026-02-08T19:37:15.227Z] Form data: {
        "fullName": "John Doe",
        "email": "test@example.com",
        "password": "Password123!",
        "confirmPassword": "Password123!"
      }

      at Object.log [as handleSubmit] (src/hooks/useRegistrationForm.ts:284:13)

    console.log
      [2026-02-08T19:37:15.227Z] Current errors: {}

      at Object.log [as handleSubmit] (src/hooks/useRegistrationForm.ts:285:13)

    console.log
      [2026-02-08T19:37:15.227Z] Is rate limited: false

      at Object.log [as handleSubmit] (src/hooks/useRegistrationForm.ts:286:13)

    console.log
      [2026-02-08T19:37:15.227Z] Validation result: true

      at Object.log [as handleSubmit] (src/hooks/useRegistrationForm.ts:296:13)

    console.log
      [2026-02-08T19:37:15.227Z] ✅ Validation passed, proceeding with API call

      at Object.log [as handleSubmit] (src/hooks/useRegistrationForm.ts:303:13)

    console.log
      [2026-02-08T19:37:15.227Z] 📡 Calling API client register method

      at Object.log [as handleSubmit] (src/hooks/useRegistrationForm.ts:316:15)

    console.log
      [2026-02-08T19:37:15.227Z] API payload: {
        email: 'test@example.com',
        name: 'John Doe',
        password: '***REDACTED***'
      }

      at Object.log [as handleSubmit] (src/hooks/useRegistrationForm.ts:317:15)

    console.log
      [2026-02-08T19:37:15.227Z] ❌ API call failed: { status: 409, message: 'Email already exists' }

      at Object.log [as handleSubmit] (src/hooks/useRegistrationForm.ts:343:15)

    console.log
      [2026-02-08T19:37:15.227Z] ========== FORM SUBMISSION ENDED ==========

      at Object.log [as handleSubmit] (src/hooks/useRegistrationForm.ts:376:15)

    console.log
      ✅ preventDefault() called FIRST (stopPropagation also called if available)

      at Object.log [as handleSubmit] (src/hooks/useRegistrationForm.ts:277:13)

    console.log
      [2026-02-08T19:37:15.230Z] ========== FORM SUBMISSION STARTED ==========

      at Object.log [as handleSubmit] (src/hooks/useRegistrationForm.ts:280:13)

    console.log
      [2026-02-08T19:37:15.230Z] Event defaultPrevented: undefined

      at Object.log [as handleSubmit] (src/hooks/useRegistrationForm.ts:281:13)

    console.log
      [2026-02-08T19:37:15.230Z] Event type: undefined

      at Object.log [as handleSubmit] (src/hooks/useRegistrationForm.ts:282:13)

    console.log
      [2026-02-08T19:37:15.230Z] Event target: undefined

      at Object.log [as handleSubmit] (src/hooks/useRegistrationForm.ts:283:13)

    console.log
      [2026-02-08T19:37:15.230Z] Form data: {
        "fullName": "John Doe",
        "email": "test@example.com",
        "password": "Password123!",
        "confirmPassword": "Password123!"
      }

      at Object.log [as handleSubmit] (src/hooks/useRegistrationForm.ts:284:13)

    console.log
      [2026-02-08T19:37:15.230Z] Current errors: {}

      at Object.log [as handleSubmit] (src/hooks/useRegistrationForm.ts:285:13)

    console.log
      [2026-02-08T19:37:15.230Z] Is rate limited: false

      at Object.log [as handleSubmit] (src/hooks/useRegistrationForm.ts:286:13)

    console.log
      [2026-02-08T19:37:15.230Z] Validation result: true

      at Object.log [as handleSubmit] (src/hooks/useRegistrationForm.ts:296:13)

    console.log
      [2026-02-08T19:37:15.230Z] ✅ Validation passed, proceeding with API call

      at Object.log [as handleSubmit] (src/hooks/useRegistrationForm.ts:303:13)

    console.log
      [2026-02-08T19:37:15.230Z] 📡 Calling API client register method

      at Object.log [as handleSubmit] (src/hooks/useRegistrationForm.ts:316:15)

    console.log
      [2026-02-08T19:37:15.230Z] API payload: {
        email: 'test@example.com',
        name: 'John Doe',
        password: '***REDACTED***'
      }

      at Object.log [as handleSubmit] (src/hooks/useRegistrationForm.ts:317:15)

    console.log
      [2026-02-08T19:37:15.230Z] ❌ API call failed: { status: 409, message: 'Email already exists' }

      at Object.log [as handleSubmit] (src/hooks/useRegistrationForm.ts:343:15)

    console.log
      [2026-02-08T19:37:15.230Z] ========== FORM SUBMISSION ENDED ==========

      at Object.log [as handleSubmit] (src/hooks/useRegistrationForm.ts:376:15)

    console.log
      ✅ preventDefault() called FIRST (stopPropagation also called if available)

      at Object.log [as handleSubmit] (src/hooks/useRegistrationForm.ts:277:13)

    console.log
      [2026-02-08T19:37:15.235Z] ========== FORM SUBMISSION STARTED ==========

      at Object.log [as handleSubmit] (src/hooks/useRegistrationForm.ts:280:13)

    console.log
      [2026-02-08T19:37:15.235Z] Event defaultPrevented: undefined

      at Object.log [as handleSubmit] (src/hooks/useRegistrationForm.ts:281:13)

    console.log
      [2026-02-08T19:37:15.235Z] Event type: undefined

      at Object.log [as handleSubmit] (src/hooks/useRegistrationForm.ts:282:13)

    console.log
      [2026-02-08T19:37:15.235Z] Event target: undefined

      at Object.log [as handleSubmit] (src/hooks/useRegistrationForm.ts:283:13)

    console.log
      [2026-02-08T19:37:15.235Z] Form data: {
        "fullName": "John Doe",
        "email": "test@example.com",
        "password": "Password123!",
        "confirmPassword": "Password123!"
      }

      at Object.log [as handleSubmit] (src/hooks/useRegistrationForm.ts:284:13)

    console.log
      [2026-02-08T19:37:15.235Z] Current errors: {}

      at Object.log [as handleSubmit] (src/hooks/useRegistrationForm.ts:285:13)

    console.log
      [2026-02-08T19:37:15.235Z] Is rate limited: false

      at Object.log [as handleSubmit] (src/hooks/useRegistrationForm.ts:286:13)

    console.log
      [2026-02-08T19:37:15.235Z] Validation result: true

      at Object.log [as handleSubmit] (src/hooks/useRegistrationForm.ts:296:13)

    console.log
      [2026-02-08T19:37:15.235Z] ✅ Validation passed, proceeding with API call

      at Object.log [as handleSubmit] (src/hooks/useRegistrationForm.ts:303:13)

    console.log
      [2026-02-08T19:37:15.235Z] 📡 Calling API client register method

      at Object.log [as handleSubmit] (src/hooks/useRegistrationForm.ts:316:15)

    console.log
      [2026-02-08T19:37:15.235Z] API payload: {
        email: 'test@example.com',
        name: 'John Doe',
        password: '***REDACTED***'
      }

      at Object.log [as handleSubmit] (src/hooks/useRegistrationForm.ts:317:15)

    console.log
      [2026-02-08T19:37:15.235Z] ✅ API call successful

      at Object.log [as handleSubmit] (src/hooks/useRegistrationForm.ts:330:15)

    console.log
      [2026-02-08T19:37:15.235Z] ========== FORM SUBMISSION ENDED ==========

      at Object.log [as handleSubmit] (src/hooks/useRegistrationForm.ts:376:15)

    console.log
      ✅ preventDefault() called FIRST (stopPropagation also called if available)

      at Object.log [as handleSubmit] (src/hooks/useRegistrationForm.ts:277:13)

    console.log
      [2026-02-08T19:37:15.239Z] ========== FORM SUBMISSION STARTED ==========

      at Object.log [as handleSubmit] (src/hooks/useRegistrationForm.ts:280:13)

    console.log
      [2026-02-08T19:37:15.239Z] Event defaultPrevented: undefined

      at Object.log [as handleSubmit] (src/hooks/useRegistrationForm.ts:281:13)

    console.log
      [2026-02-08T19:37:15.239Z] Event type: undefined

      at Object.log [as handleSubmit] (src/hooks/useRegistrationForm.ts:282:13)

    console.log
      [2026-02-08T19:37:15.239Z] Event target: undefined

      at Object.log [as handleSubmit] (src/hooks/useRegistrationForm.ts:283:13)

    console.log
      [2026-02-08T19:37:15.239Z] Form data: {
        "fullName": "John Doe",
        "email": "test@example.com",
        "password": "Password123!",
        "confirmPassword": "Password123!"
      }

      at Object.log [as handleSubmit] (src/hooks/useRegistrationForm.ts:284:13)

    console.log
      [2026-02-08T19:37:15.239Z] Current errors: {}

      at Object.log [as handleSubmit] (src/hooks/useRegistrationForm.ts:285:13)

    console.log
      [2026-02-08T19:37:15.239Z] Is rate limited: false

      at Object.log [as handleSubmit] (src/hooks/useRegistrationForm.ts:286:13)

    console.log
      [2026-02-08T19:37:15.239Z] Validation result: true

      at Object.log [as handleSubmit] (src/hooks/useRegistrationForm.ts:296:13)

    console.log
      [2026-02-08T19:37:15.239Z] ✅ Validation passed, proceeding with API call

      at Object.log [as handleSubmit] (src/hooks/useRegistrationForm.ts:303:13)

    console.log
      [2026-02-08T19:37:15.239Z] 📡 Calling API client register method

      at Object.log [as handleSubmit] (src/hooks/useRegistrationForm.ts:316:15)

    console.log
      [2026-02-08T19:37:15.239Z] API payload: {
        email: 'test@example.com',
        name: 'John Doe',
        password: '***REDACTED***'
      }

      at Object.log [as handleSubmit] (src/hooks/useRegistrationForm.ts:317:15)

    console.log
      [2026-02-08T19:37:15.239Z] ❌ API call failed: { status: 409, message: 'Email already exists' }

      at Object.log [as handleSubmit] (src/hooks/useRegistrationForm.ts:343:15)

    console.log
      [2026-02-08T19:37:15.239Z] ========== FORM SUBMISSION ENDED ==========

      at Object.log [as handleSubmit] (src/hooks/useRegistrationForm.ts:376:15)

    console.log
      ✅ preventDefault() called FIRST (stopPropagation also called if available)

      at Object.log [as handleSubmit] (src/hooks/useRegistrationForm.ts:277:13)

    console.log
      [2026-02-08T19:37:15.245Z] ========== FORM SUBMISSION STARTED ==========

      at Object.log [as handleSubmit] (src/hooks/useRegistrationForm.ts:280:13)

    console.log
      [2026-02-08T19:37:15.245Z] Event defaultPrevented: undefined

      at Object.log [as handleSubmit] (src/hooks/useRegistrationForm.ts:281:13)

    console.log
      [2026-02-08T19:37:15.245Z] Event type: undefined

      at Object.log [as handleSubmit] (src/hooks/useRegistrationForm.ts:282:13)

    console.log
      [2026-02-08T19:37:15.245Z] Event target: undefined

      at Object.log [as handleSubmit] (src/hooks/useRegistrationForm.ts:283:13)

    console.log
      [2026-02-08T19:37:15.245Z] Form data: {
        "fullName": "John Doe",
        "email": "test@example.com",
        "password": "Password123!",
        "confirmPassword": "Password123!"
      }

      at Object.log [as handleSubmit] (src/hooks/useRegistrationForm.ts:284:13)

    console.log
      [2026-02-08T19:37:15.245Z] Current errors: {}

      at Object.log [as handleSubmit] (src/hooks/useRegistrationForm.ts:285:13)

    console.log
      [2026-02-08T19:37:15.245Z] Is rate limited: true

      at Object.log [as handleSubmit] (src/hooks/useRegistrationForm.ts:286:13)

    console.log
      [2026-02-08T19:37:15.245Z] ❌ Form submission blocked: rate limit active

      at Object.log [as handleSubmit] (src/hooks/useRegistrationForm.ts:290:15)

    console.log
      ✅ preventDefault() called FIRST (stopPropagation also called if available)

      at Object.log [as handleSubmit] (src/hooks/useRegistrationForm.ts:277:13)

    console.log
      [2026-02-08T19:37:15.248Z] ========== FORM SUBMISSION STARTED ==========

      at Object.log [as handleSubmit] (src/hooks/useRegistrationForm.ts:280:13)

    console.log
      [2026-02-08T19:37:15.248Z] Event defaultPrevented: undefined

      at Object.log [as handleSubmit] (src/hooks/useRegistrationForm.ts:281:13)

    console.log
      [2026-02-08T19:37:15.248Z] Event type: undefined

      at Object.log [as handleSubmit] (src/hooks/useRegistrationForm.ts:282:13)

    console.log
      [2026-02-08T19:37:15.248Z] Event target: undefined

      at Object.log [as handleSubmit] (src/hooks/useRegistrationForm.ts:283:13)

    console.log
      [2026-02-08T19:37:15.248Z] Form data: {
        "fullName": "John Doe",
        "email": "test@example.com",
        "password": "Password123!",
        "confirmPassword": "Password123!"
      }

      at Object.log [as handleSubmit] (src/hooks/useRegistrationForm.ts:284:13)

    console.log
      [2026-02-08T19:37:15.248Z] Current errors: {}

      at Object.log [as handleSubmit] (src/hooks/useRegistrationForm.ts:285:13)

    console.log
      [2026-02-08T19:37:15.248Z] Is rate limited: true

      at Object.log [as handleSubmit] (src/hooks/useRegistrationForm.ts:286:13)

    console.log
      [2026-02-08T19:37:15.248Z] ❌ Form submission blocked: rate limit active

      at Object.log [as handleSubmit] (src/hooks/useRegistrationForm.ts:290:15)

    console.log
      ✅ preventDefault() called FIRST (stopPropagation also called if available)

      at Object.log [as handleSubmit] (src/hooks/useRegistrationForm.ts:277:13)

    console.log
      [2026-02-08T19:37:15.249Z] ========== FORM SUBMISSION STARTED ==========

      at Object.log [as handleSubmit] (src/hooks/useRegistrationForm.ts:280:13)

    console.log
      [2026-02-08T19:37:15.249Z] Event defaultPrevented: undefined

      at Object.log [as handleSubmit] (src/hooks/useRegistrationForm.ts:281:13)

    console.log
      [2026-02-08T19:37:15.249Z] Event type: undefined

      at Object.log [as handleSubmit] (src/hooks/useRegistrationForm.ts:282:13)

    console.log
      [2026-02-08T19:37:15.249Z] Event target: undefined

      at Object.log [as handleSubmit] (src/hooks/useRegistrationForm.ts:283:13)

    console.log
      [2026-02-08T19:37:15.249Z] Form data: {
        "fullName": "John Doe",
        "email": "test@example.com",
        "password": "Password123!",
        "confirmPassword": "Password123!"
      }

      at Object.log [as handleSubmit] (src/hooks/useRegistrationForm.ts:284:13)

    console.log
      [2026-02-08T19:37:15.249Z] Current errors: {}

      at Object.log [as handleSubmit] (src/hooks/useRegistrationForm.ts:285:13)

    console.log
      [2026-02-08T19:37:15.249Z] Is rate limited: false

      at Object.log [as handleSubmit] (src/hooks/useRegistrationForm.ts:286:13)

    console.log
      [2026-02-08T19:37:15.249Z] Validation result: true

      at Object.log [as handleSubmit] (src/hooks/useRegistrationForm.ts:296:13)

    console.log
      [2026-02-08T19:37:15.249Z] ✅ Validation passed, proceeding with API call

      at Object.log [as handleSubmit] (src/hooks/useRegistrationForm.ts:303:13)

    console.log
      [2026-02-08T19:37:15.249Z] 📡 Calling API client register method

      at Object.log [as handleSubmit] (src/hooks/useRegistrationForm.ts:316:15)

    console.log
      [2026-02-08T19:37:15.249Z] API payload: {
        email: 'test@example.com',
        name: 'John Doe',
        password: '***REDACTED***'
      }

      at Object.log [as handleSubmit] (src/hooks/useRegistrationForm.ts:317:15)

    console.log
      [2026-02-08T19:37:15.249Z] ❌ API call failed: { status: 409, message: 'Email already exists' }

      at Object.log [as handleSubmit] (src/hooks/useRegistrationForm.ts:343:15)

    console.log
      [2026-02-08T19:37:15.249Z] ========== FORM SUBMISSION ENDED ==========

      at Object.log [as handleSubmit] (src/hooks/useRegistrationForm.ts:376:15)

    console.log
      ✅ preventDefault() called FIRST (stopPropagation also called if available)

      at Object.log [as handleSubmit] (src/hooks/useRegistrationForm.ts:277:13)

    console.log
      [2026-02-08T19:37:15.256Z] ========== FORM SUBMISSION STARTED ==========

      at Object.log [as handleSubmit] (src/hooks/useRegistrationForm.ts:280:13)

    console.log
      [2026-02-08T19:37:15.256Z] Event defaultPrevented: undefined

      at Object.log [as handleSubmit] (src/hooks/useRegistrationForm.ts:281:13)

    console.log
      [2026-02-08T19:37:15.256Z] Event type: undefined

      at Object.log [as handleSubmit] (src/hooks/useRegistrationForm.ts:282:13)

    console.log
      [2026-02-08T19:37:15.256Z] Event target: undefined

      at Object.log [as handleSubmit] (src/hooks/useRegistrationForm.ts:283:13)

    console.log
      [2026-02-08T19:37:15.256Z] Form data: {
        "fullName": "John Doe",
        "email": "test@example.com",
        "password": "Password123!",
        "confirmPassword": "Password123!"
      }

      at Object.log [as handleSubmit] (src/hooks/useRegistrationForm.ts:284:13)

    console.log
      [2026-02-08T19:37:15.256Z] Current errors: {}

      at Object.log [as handleSubmit] (src/hooks/useRegistrationForm.ts:285:13)

    console.log
      [2026-02-08T19:37:15.256Z] Is rate limited: false

      at Object.log [as handleSubmit] (src/hooks/useRegistrationForm.ts:286:13)

    console.log
      [2026-02-08T19:37:15.256Z] Validation result: true

      at Object.log [as handleSubmit] (src/hooks/useRegistrationForm.ts:296:13)

    console.log
      [2026-02-08T19:37:15.256Z] ✅ Validation passed, proceeding with API call

      at Object.log [as handleSubmit] (src/hooks/useRegistrationForm.ts:303:13)

    console.log
      [2026-02-08T19:37:15.256Z] 📡 Calling API client register method

      at Object.log [as handleSubmit] (src/hooks/useRegistrationForm.ts:316:15)

    console.log
      [2026-02-08T19:37:15.256Z] API payload: {
        email: 'test@example.com',
        name: 'John Doe',
        password: '***REDACTED***'
      }

      at Object.log [as handleSubmit] (src/hooks/useRegistrationForm.ts:317:15)

    console.log
      [2026-02-08T19:37:15.256Z] ❌ API call failed: { status: 409, message: 'Email already exists' }

      at Object.log [as handleSubmit] (src/hooks/useRegistrationForm.ts:343:15)

    console.log
      [2026-02-08T19:37:15.256Z] ========== FORM SUBMISSION ENDED ==========

      at Object.log [as handleSubmit] (src/hooks/useRegistrationForm.ts:376:15)

    console.log
      ✅ preventDefault() called FIRST (stopPropagation also called if available)

      at Object.log [as handleSubmit] (src/hooks/useRegistrationForm.ts:277:13)

    console.log
      [2026-02-08T19:37:15.258Z] ========== FORM SUBMISSION STARTED ==========

      at Object.log [as handleSubmit] (src/hooks/useRegistrationForm.ts:280:13)

    console.log
      [2026-02-08T19:37:15.258Z] Event defaultPrevented: undefined

      at Object.log [as handleSubmit] (src/hooks/useRegistrationForm.ts:281:13)

    console.log
      [2026-02-08T19:37:15.258Z] Event type: undefined

      at Object.log [as handleSubmit] (src/hooks/useRegistrationForm.ts:282:13)

    console.log
      [2026-02-08T19:37:15.258Z] Event target: undefined

      at Object.log [as handleSubmit] (src/hooks/useRegistrationForm.ts:283:13)

    console.log
      [2026-02-08T19:37:15.258Z] Form data: {
        "fullName": "John Doe",
        "email": "test@example.com",
        "password": "Password123!",
        "confirmPassword": "Password123!"
      }

      at Object.log [as handleSubmit] (src/hooks/useRegistrationForm.ts:284:13)

    console.log
      [2026-02-08T19:37:15.258Z] Current errors: {}

      at Object.log [as handleSubmit] (src/hooks/useRegistrationForm.ts:285:13)

    console.log
      [2026-02-08T19:37:15.258Z] Is rate limited: false

      at Object.log [as handleSubmit] (src/hooks/useRegistrationForm.ts:286:13)

    console.log
      [2026-02-08T19:37:15.258Z] Validation result: true

      at Object.log [as handleSubmit] (src/hooks/useRegistrationForm.ts:296:13)

    console.log
      [2026-02-08T19:37:15.258Z] ✅ Validation passed, proceeding with API call

      at Object.log [as handleSubmit] (src/hooks/useRegistrationForm.ts:303:13)

    console.log
      [2026-02-08T19:37:15.258Z] 📡 Calling API client register method

      at Object.log [as handleSubmit] (src/hooks/useRegistrationForm.ts:316:15)

    console.log
      [2026-02-08T19:37:15.258Z] API payload: {
        email: 'test@example.com',
        name: 'John Doe',
        password: '***REDACTED***'
      }

      at Object.log [as handleSubmit] (src/hooks/useRegistrationForm.ts:317:15)

    console.log
      [2026-02-08T19:37:15.258Z] ✅ API call successful

      at Object.log [as handleSubmit] (src/hooks/useRegistrationForm.ts:330:15)

    console.log
      [2026-02-08T19:37:15.258Z] ========== FORM SUBMISSION ENDED ==========

      at Object.log [as handleSubmit] (src/hooks/useRegistrationForm.ts:376:15)

    console.log
      ✅ preventDefault() called FIRST (stopPropagation also called if available)

      at Object.log [as handleSubmit] (src/hooks/useRegistrationForm.ts:277:13)

    console.log
      [2026-02-08T19:37:15.262Z] ========== FORM SUBMISSION STARTED ==========

      at Object.log [as handleSubmit] (src/hooks/useRegistrationForm.ts:280:13)

    console.log
      [2026-02-08T19:37:15.262Z] Event defaultPrevented: undefined

      at Object.log [as handleSubmit] (src/hooks/useRegistrationForm.ts:281:13)

    console.log
      [2026-02-08T19:37:15.262Z] Event type: undefined

      at Object.log [as handleSubmit] (src/hooks/useRegistrationForm.ts:282:13)

    console.log
      [2026-02-08T19:37:15.262Z] Event target: undefined

      at Object.log [as handleSubmit] (src/hooks/useRegistrationForm.ts:283:13)

    console.log
      [2026-02-08T19:37:15.262Z] Form data: {
        "fullName": "John Doe",
        "email": "test@example.com",
        "password": "Password123!",
        "confirmPassword": "Password123!"
      }

      at Object.log [as handleSubmit] (src/hooks/useRegistrationForm.ts:284:13)

    console.log
      [2026-02-08T19:37:15.262Z] Current errors: {}

      at Object.log [as handleSubmit] (src/hooks/useRegistrationForm.ts:285:13)

    console.log
      [2026-02-08T19:37:15.262Z] Is rate limited: false

      at Object.log [as handleSubmit] (src/hooks/useRegistrationForm.ts:286:13)

    console.log
      [2026-02-08T19:37:15.262Z] Validation result: true

      at Object.log [as handleSubmit] (src/hooks/useRegistrationForm.ts:296:13)

    console.log
      [2026-02-08T19:37:15.262Z] ✅ Validation passed, proceeding with API call

      at Object.log [as handleSubmit] (src/hooks/useRegistrationForm.ts:303:13)

    console.log
      [2026-02-08T19:37:15.262Z] 📡 Calling API client register method

      at Object.log [as handleSubmit] (src/hooks/useRegistrationForm.ts:316:15)

    console.log
      [2026-02-08T19:37:15.262Z] API payload: {
        email: 'test@example.com',
        name: 'John Doe',
        password: '***REDACTED***'
      }

      at Object.log [as handleSubmit] (src/hooks/useRegistrationForm.ts:317:15)

    console.log
      [2026-02-08T19:37:15.262Z] ❌ API call failed: { status: 409, message: 'Email already exists' }

      at Object.log [as handleSubmit] (src/hooks/useRegistrationForm.ts:343:15)

    console.log
      [2026-02-08T19:37:15.262Z] ========== FORM SUBMISSION ENDED ==========

      at Object.log [as handleSubmit] (src/hooks/useRegistrationForm.ts:376:15)

    console.log
      ✅ preventDefault() called FIRST (stopPropagation also called if available)

      at Object.log [as handleSubmit] (src/hooks/useRegistrationForm.ts:277:13)

    console.log
      [2026-02-08T19:37:15.267Z] ========== FORM SUBMISSION STARTED ==========

      at Object.log [as handleSubmit] (src/hooks/useRegistrationForm.ts:280:13)

    console.log
      [2026-02-08T19:37:15.267Z] Event defaultPrevented: undefined

      at Object.log [as handleSubmit] (src/hooks/useRegistrationForm.ts:281:13)

    console.log
      [2026-02-08T19:37:15.267Z] Event type: undefined

      at Object.log [as handleSubmit] (src/hooks/useRegistrationForm.ts:282:13)

    console.log
      [2026-02-08T19:37:15.267Z] Event target: undefined

      at Object.log [as handleSubmit] (src/hooks/useRegistrationForm.ts:283:13)

    console.log
      [2026-02-08T19:37:15.267Z] Form data: {
        "fullName": "John Doe",
        "email": "test@example.com",
        "password": "Password123!",
        "confirmPassword": "Password123!"
      }

      at Object.log [as handleSubmit] (src/hooks/useRegistrationForm.ts:284:13)

    console.log
      [2026-02-08T19:37:15.267Z] Current errors: {}

      at Object.log [as handleSubmit] (src/hooks/useRegistrationForm.ts:285:13)

    console.log
      [2026-02-08T19:37:15.267Z] Is rate limited: false

      at Object.log [as handleSubmit] (src/hooks/useRegistrationForm.ts:286:13)

    console.log
      [2026-02-08T19:37:15.267Z] Validation result: true

      at Object.log [as handleSubmit] (src/hooks/useRegistrationForm.ts:296:13)

    console.log
      [2026-02-08T19:37:15.267Z] ✅ Validation passed, proceeding with API call

      at Object.log [as handleSubmit] (src/hooks/useRegistrationForm.ts:303:13)

    console.log
      [2026-02-08T19:37:15.267Z] 📡 Calling API client register method

      at Object.log [as handleSubmit] (src/hooks/useRegistrationForm.ts:316:15)

    console.log
      [2026-02-08T19:37:15.267Z] API payload: {
        email: 'test@example.com',
        name: 'John Doe',
        password: '***REDACTED***'
      }

      at Object.log [as handleSubmit] (src/hooks/useRegistrationForm.ts:317:15)

    console.log
      [2026-02-08T19:37:15.267Z] ❌ API call failed: { status: 409, message: 'Email already exists' }

      at Object.log [as handleSubmit] (src/hooks/useRegistrationForm.ts:343:15)

    console.log
      [2026-02-08T19:37:15.267Z] ========== FORM SUBMISSION ENDED ==========

      at Object.log [as handleSubmit] (src/hooks/useRegistrationForm.ts:376:15)

    console.log
      ✅ preventDefault() called FIRST (stopPropagation also called if available)

      at Object.log [as handleSubmit] (src/hooks/useRegistrationForm.ts:277:13)

    console.log
      [2026-02-08T19:37:15.270Z] ========== FORM SUBMISSION STARTED ==========

      at Object.log [as handleSubmit] (src/hooks/useRegistrationForm.ts:280:13)

    console.log
      [2026-02-08T19:37:15.270Z] Event defaultPrevented: undefined

      at Object.log [as handleSubmit] (src/hooks/useRegistrationForm.ts:281:13)

    console.log
      [2026-02-08T19:37:15.270Z] Event type: undefined

      at Object.log [as handleSubmit] (src/hooks/useRegistrationForm.ts:282:13)

    console.log
      [2026-02-08T19:37:15.270Z] Event target: undefined

      at Object.log [as handleSubmit] (src/hooks/useRegistrationForm.ts:283:13)

    console.log
      [2026-02-08T19:37:15.270Z] Form data: {
        "fullName": "John Doe",
        "email": "test@example.com",
        "password": "Password123!",
        "confirmPassword": "Password123!"
      }

      at Object.log [as handleSubmit] (src/hooks/useRegistrationForm.ts:284:13)

    console.log
      [2026-02-08T19:37:15.270Z] Current errors: {}

      at Object.log [as handleSubmit] (src/hooks/useRegistrationForm.ts:285:13)

    console.log
      [2026-02-08T19:37:15.270Z] Is rate limited: true

      at Object.log [as handleSubmit] (src/hooks/useRegistrationForm.ts:286:13)

    console.log
      [2026-02-08T19:37:15.270Z] ❌ Form submission blocked: rate limit active

      at Object.log [as handleSubmit] (src/hooks/useRegistrationForm.ts:290:15)

    console.log
      ✅ preventDefault() called FIRST (stopPropagation also called if available)

      at Object.log [as handleSubmit] (src/hooks/useRegistrationForm.ts:277:13)

    console.log
      [2026-02-08T19:37:15.271Z] ========== FORM SUBMISSION STARTED ==========

      at Object.log [as handleSubmit] (src/hooks/useRegistrationForm.ts:280:13)

    console.log
      [2026-02-08T19:37:15.271Z] Event defaultPrevented: undefined

      at Object.log [as handleSubmit] (src/hooks/useRegistrationForm.ts:281:13)

    console.log
      [2026-02-08T19:37:15.271Z] Event type: undefined

      at Object.log [as handleSubmit] (src/hooks/useRegistrationForm.ts:282:13)

    console.log
      [2026-02-08T19:37:15.271Z] Event target: undefined

      at Object.log [as handleSubmit] (src/hooks/useRegistrationForm.ts:283:13)

    console.log
      [2026-02-08T19:37:15.271Z] Form data: {
        "fullName": "John Doe",
        "email": "test@example.com",
        "password": "Password123!",
        "confirmPassword": "Password123!"
      }

      at Object.log [as handleSubmit] (src/hooks/useRegistrationForm.ts:284:13)

    console.log
      [2026-02-08T19:37:15.271Z] Current errors: {}

      at Object.log [as handleSubmit] (src/hooks/useRegistrationForm.ts:285:13)

    console.log
      [2026-02-08T19:37:15.271Z] Is rate limited: true

      at Object.log [as handleSubmit] (src/hooks/useRegistrationForm.ts:286:13)

    console.log
      [2026-02-08T19:37:15.271Z] ❌ Form submission blocked: rate limit active

      at Object.log [as handleSubmit] (src/hooks/useRegistrationForm.ts:290:15)

    console.log
      ✅ preventDefault() called FIRST (stopPropagation also called if available)

      at Object.log [as handleSubmit] (src/hooks/useRegistrationForm.ts:277:13)

    console.log
      [2026-02-08T19:37:15.273Z] ========== FORM SUBMISSION STARTED ==========

      at Object.log [as handleSubmit] (src/hooks/useRegistrationForm.ts:280:13)

    console.log
      [2026-02-08T19:37:15.273Z] Event defaultPrevented: undefined

      at Object.log [as handleSubmit] (src/hooks/useRegistrationForm.ts:281:13)

    console.log
      [2026-02-08T19:37:15.273Z] Event type: undefined

      at Object.log [as handleSubmit] (src/hooks/useRegistrationForm.ts:282:13)

    console.log
      [2026-02-08T19:37:15.273Z] Event target: undefined

      at Object.log [as handleSubmit] (src/hooks/useRegistrationForm.ts:283:13)

    console.log
      [2026-02-08T19:37:15.273Z] Form data: {
        "fullName": "John Doe",
        "email": "test@example.com",
        "password": "Password123!",
        "confirmPassword": "Password123!"
      }

      at Object.log [as handleSubmit] (src/hooks/useRegistrationForm.ts:284:13)

    console.log
      [2026-02-08T19:37:15.273Z] Current errors: {}

      at Object.log [as handleSubmit] (src/hooks/useRegistrationForm.ts:285:13)

    console.log
      [2026-02-08T19:37:15.273Z] Is rate limited: true

      at Object.log [as handleSubmit] (src/hooks/useRegistrationForm.ts:286:13)

    console.log
      [2026-02-08T19:37:15.273Z] ❌ Form submission blocked: rate limit active

      at Object.log [as handleSubmit] (src/hooks/useRegistrationForm.ts:290:15)

    console.log
      ✅ preventDefault() called FIRST (stopPropagation also called if available)

      at Object.log [as handleSubmit] (src/hooks/useRegistrationForm.ts:277:13)

    console.log
      [2026-02-08T19:37:15.274Z] ========== FORM SUBMISSION STARTED ==========

      at Object.log [as handleSubmit] (src/hooks/useRegistrationForm.ts:280:13)

    console.log
      [2026-02-08T19:37:15.274Z] Event defaultPrevented: undefined

      at Object.log [as handleSubmit] (src/hooks/useRegistrationForm.ts:281:13)

    console.log
      [2026-02-08T19:37:15.274Z] Event type: undefined

      at Object.log [as handleSubmit] (src/hooks/useRegistrationForm.ts:282:13)

    console.log
      [2026-02-08T19:37:15.274Z] Event target: undefined

      at Object.log [as handleSubmit] (src/hooks/useRegistrationForm.ts:283:13)

    console.log
      [2026-02-08T19:37:15.274Z] Form data: {
        "fullName": "John Doe",
        "email": "test@example.com",
        "password": "Password123!",
        "confirmPassword": "Password123!"
      }

      at Object.log [as handleSubmit] (src/hooks/useRegistrationForm.ts:284:13)

    console.log
      [2026-02-08T19:37:15.274Z] Current errors: {}

      at Object.log [as handleSubmit] (src/hooks/useRegistrationForm.ts:285:13)

    console.log
      [2026-02-08T19:37:15.274Z] Is rate limited: true

      at Object.log [as handleSubmit] (src/hooks/useRegistrationForm.ts:286:13)

    console.log
      [2026-02-08T19:37:15.274Z] ❌ Form submission blocked: rate limit active

      at Object.log [as handleSubmit] (src/hooks/useRegistrationForm.ts:290:15)

    console.log
      ✅ preventDefault() called FIRST (stopPropagation also called if available)

      at Object.log [as handleSubmit] (src/hooks/useRegistrationForm.ts:277:13)

    console.log
      [2026-02-08T19:37:15.277Z] ========== FORM SUBMISSION STARTED ==========

      at Object.log [as handleSubmit] (src/hooks/useRegistrationForm.ts:280:13)

    console.log
      [2026-02-08T19:37:15.277Z] Event defaultPrevented: undefined

      at Object.log [as handleSubmit] (src/hooks/useRegistrationForm.ts:281:13)

    console.log
      [2026-02-08T19:37:15.277Z] Event type: undefined

      at Object.log [as handleSubmit] (src/hooks/useRegistrationForm.ts:282:13)

    console.log
      [2026-02-08T19:37:15.277Z] Event target: undefined

      at Object.log [as handleSubmit] (src/hooks/useRegistrationForm.ts:283:13)

    console.log
      [2026-02-08T19:37:15.277Z] Form data: {
        "fullName": "John Doe",
        "email": "test@example.com",
        "password": "Password123!",
        "confirmPassword": "Password123!"
      }

      at Object.log [as handleSubmit] (src/hooks/useRegistrationForm.ts:284:13)

    console.log
      [2026-02-08T19:37:15.277Z] Current errors: {}

      at Object.log [as handleSubmit] (src/hooks/useRegistrationForm.ts:285:13)

    console.log
      [2026-02-08T19:37:15.277Z] Is rate limited: false

      at Object.log [as handleSubmit] (src/hooks/useRegistrationForm.ts:286:13)

    console.log
      [2026-02-08T19:37:15.277Z] Validation result: true

      at Object.log [as handleSubmit] (src/hooks/useRegistrationForm.ts:296:13)

    console.log
      [2026-02-08T19:37:15.277Z] ✅ Validation passed, proceeding with API call

      at Object.log [as handleSubmit] (src/hooks/useRegistrationForm.ts:303:13)

    console.log
      [2026-02-08T19:37:15.277Z] 📡 Calling API client register method

      at Object.log [as handleSubmit] (src/hooks/useRegistrationForm.ts:316:15)

    console.log
      [2026-02-08T19:37:15.277Z] API payload: {
        email: 'test@example.com',
        name: 'John Doe',
        password: '***REDACTED***'
      }

      at Object.log [as handleSubmit] (src/hooks/useRegistrationForm.ts:317:15)

    console.log
      [2026-02-08T19:37:15.277Z] ❌ API call failed: { status: 409, message: 'Email already exists' }

      at Object.log [as handleSubmit] (src/hooks/useRegistrationForm.ts:343:15)

    console.log
      [2026-02-08T19:37:15.277Z] ========== FORM SUBMISSION ENDED ==========

      at Object.log [as handleSubmit] (src/hooks/useRegistrationForm.ts:376:15)

    console.log
      ✅ preventDefault() called FIRST (stopPropagation also called if available)

      at Object.log [as handleSubmit] (src/hooks/useRegistrationForm.ts:277:13)

    console.log
      [2026-02-08T19:37:15.280Z] ========== FORM SUBMISSION STARTED ==========

      at Object.log [as handleSubmit] (src/hooks/useRegistrationForm.ts:280:13)

    console.log
      [2026-02-08T19:37:15.280Z] Event defaultPrevented: undefined

      at Object.log [as handleSubmit] (src/hooks/useRegistrationForm.ts:281:13)

    console.log
      [2026-02-08T19:37:15.280Z] Event type: undefined

      at Object.log [as handleSubmit] (src/hooks/useRegistrationForm.ts:282:13)

    console.log
      [2026-02-08T19:37:15.280Z] Event target: undefined

      at Object.log [as handleSubmit] (src/hooks/useRegistrationForm.ts:283:13)

    console.log
      [2026-02-08T19:37:15.280Z] Form data: {
        "fullName": "John Doe",
        "email": "test@example.com",
        "password": "Password123!",
        "confirmPassword": "Password123!"
      }

      at Object.log [as handleSubmit] (src/hooks/useRegistrationForm.ts:284:13)

    console.log
      [2026-02-08T19:37:15.280Z] Current errors: {}

      at Object.log [as handleSubmit] (src/hooks/useRegistrationForm.ts:285:13)

    console.log
      [2026-02-08T19:37:15.280Z] Is rate limited: false

      at Object.log [as handleSubmit] (src/hooks/useRegistrationForm.ts:286:13)

    console.log
      [2026-02-08T19:37:15.280Z] Validation result: true

      at Object.log [as handleSubmit] (src/hooks/useRegistrationForm.ts:296:13)

    console.log
      [2026-02-08T19:37:15.280Z] ✅ Validation passed, proceeding with API call

      at Object.log [as handleSubmit] (src/hooks/useRegistrationForm.ts:303:13)

    console.log
      [2026-02-08T19:37:15.280Z] 📡 Calling API client register method

      at Object.log [as handleSubmit] (src/hooks/useRegistrationForm.ts:316:15)

    console.log
      [2026-02-08T19:37:15.280Z] API payload: {
        email: 'test@example.com',
        name: 'John Doe',
        password: '***REDACTED***'
      }

      at Object.log [as handleSubmit] (src/hooks/useRegistrationForm.ts:317:15)

    console.log
      [2026-02-08T19:37:15.280Z] ❌ API call failed: { status: 409, message: 'Email already exists' }

      at Object.log [as handleSubmit] (src/hooks/useRegistrationForm.ts:343:15)

    console.log
      [2026-02-08T19:37:15.280Z] ========== FORM SUBMISSION ENDED ==========

      at Object.log [as handleSubmit] (src/hooks/useRegistrationForm.ts:376:15)

    console.log
      ✅ preventDefault() called FIRST (stopPropagation also called if available)

      at Object.log [as handleSubmit] (src/hooks/useRegistrationForm.ts:277:13)

    console.log
      [2026-02-08T19:37:15.284Z] ========== FORM SUBMISSION STARTED ==========

      at Object.log [as handleSubmit] (src/hooks/useRegistrationForm.ts:280:13)

    console.log
      [2026-02-08T19:37:15.284Z] Event defaultPrevented: undefined

      at Object.log [as handleSubmit] (src/hooks/useRegistrationForm.ts:281:13)

    console.log
      [2026-02-08T19:37:15.284Z] Event type: undefined

      at Object.log [as handleSubmit] (src/hooks/useRegistrationForm.ts:282:13)

    console.log
      [2026-02-08T19:37:15.284Z] Event target: undefined

      at Object.log [as handleSubmit] (src/hooks/useRegistrationForm.ts:283:13)

    console.log
      [2026-02-08T19:37:15.284Z] Form data: {
        "fullName": "John Doe",
        "email": "test@example.com",
        "password": "Password123!",
        "confirmPassword": "Password123!"
      }

      at Object.log [as handleSubmit] (src/hooks/useRegistrationForm.ts:284:13)

    console.log
      [2026-02-08T19:37:15.284Z] Current errors: {}

      at Object.log [as handleSubmit] (src/hooks/useRegistrationForm.ts:285:13)

    console.log
      [2026-02-08T19:37:15.284Z] Is rate limited: false

      at Object.log [as handleSubmit] (src/hooks/useRegistrationForm.ts:286:13)

    console.log
      [2026-02-08T19:37:15.284Z] Validation result: true

      at Object.log [as handleSubmit] (src/hooks/useRegistrationForm.ts:296:13)

    console.log
      [2026-02-08T19:37:15.284Z] ✅ Validation passed, proceeding with API call

      at Object.log [as handleSubmit] (src/hooks/useRegistrationForm.ts:303:13)

    console.log
      [2026-02-08T19:37:15.284Z] 📡 Calling API client register method

      at Object.log [as handleSubmit] (src/hooks/useRegistrationForm.ts:316:15)

    console.log
      [2026-02-08T19:37:15.284Z] API payload: {
        email: 'test@example.com',
        name: 'John Doe',
        password: '***REDACTED***'
      }

      at Object.log [as handleSubmit] (src/hooks/useRegistrationForm.ts:317:15)

    console.log
      [2026-02-08T19:37:15.284Z] ❌ API call failed: { status: 409, message: 'Email already exists' }

      at Object.log [as handleSubmit] (src/hooks/useRegistrationForm.ts:343:15)

    console.log
      [2026-02-08T19:37:15.284Z] ========== FORM SUBMISSION ENDED ==========

      at Object.log [as handleSubmit] (src/hooks/useRegistrationForm.ts:376:15)

    console.log
      ✅ preventDefault() called FIRST (stopPropagation also called if available)

      at Object.log [as handleSubmit] (src/hooks/useRegistrationForm.ts:277:13)

    console.log
      [2026-02-08T19:37:15.286Z] ========== FORM SUBMISSION STARTED ==========

      at Object.log [as handleSubmit] (src/hooks/useRegistrationForm.ts:280:13)

    console.log
      [2026-02-08T19:37:15.286Z] Event defaultPrevented: undefined

      at Object.log [as handleSubmit] (src/hooks/useRegistrationForm.ts:281:13)

    console.log
      [2026-02-08T19:37:15.286Z] Event type: undefined

      at Object.log [as handleSubmit] (src/hooks/useRegistrationForm.ts:282:13)

    console.log
      [2026-02-08T19:37:15.286Z] Event target: undefined

      at Object.log [as handleSubmit] (src/hooks/useRegistrationForm.ts:283:13)

    console.log
      [2026-02-08T19:37:15.286Z] Form data: {
        "fullName": "John Doe",
        "email": "test@example.com",
        "password": "Password123!",
        "confirmPassword": "Password123!"
      }

      at Object.log [as handleSubmit] (src/hooks/useRegistrationForm.ts:284:13)

    console.log
      [2026-02-08T19:37:15.286Z] Current errors: {}

      at Object.log [as handleSubmit] (src/hooks/useRegistrationForm.ts:285:13)

    console.log
      [2026-02-08T19:37:15.286Z] Is rate limited: false

      at Object.log [as handleSubmit] (src/hooks/useRegistrationForm.ts:286:13)

    console.log
      [2026-02-08T19:37:15.286Z] Validation result: true

      at Object.log [as handleSubmit] (src/hooks/useRegistrationForm.ts:296:13)

    console.log
      [2026-02-08T19:37:15.286Z] ✅ Validation passed, proceeding with API call

      at Object.log [as handleSubmit] (src/hooks/useRegistrationForm.ts:303:13)

    console.log
      [2026-02-08T19:37:15.286Z] 📡 Calling API client register method

      at Object.log [as handleSubmit] (src/hooks/useRegistrationForm.ts:316:15)

    console.log
      [2026-02-08T19:37:15.286Z] API payload: {
        email: 'test@example.com',
        name: 'John Doe',
        password: '***REDACTED***'
      }

      at Object.log [as handleSubmit] (src/hooks/useRegistrationForm.ts:317:15)

    console.log
      [2026-02-08T19:37:15.286Z] ✅ API call successful

      at Object.log [as handleSubmit] (src/hooks/useRegistrationForm.ts:330:15)

    console.log
      [2026-02-08T19:37:15.286Z] ========== FORM SUBMISSION ENDED ==========

      at Object.log [as handleSubmit] (src/hooks/useRegistrationForm.ts:376:15)

    console.log
      ✅ preventDefault() called FIRST (stopPropagation also called if available)

      at Object.log [as handleSubmit] (src/hooks/useRegistrationForm.ts:277:13)

    console.log
      [2026-02-08T19:37:15.293Z] ========== FORM SUBMISSION STARTED ==========

      at Object.log [as handleSubmit] (src/hooks/useRegistrationForm.ts:280:13)

    console.log
      [2026-02-08T19:37:15.293Z] Event defaultPrevented: undefined

      at Object.log [as handleSubmit] (src/hooks/useRegistrationForm.ts:281:13)

    console.log
      [2026-02-08T19:37:15.293Z] Event type: undefined

      at Object.log [as handleSubmit] (src/hooks/useRegistrationForm.ts:282:13)

    console.log
      [2026-02-08T19:37:15.293Z] Event target: undefined

      at Object.log [as handleSubmit] (src/hooks/useRegistrationForm.ts:283:13)

    console.log
      [2026-02-08T19:37:15.293Z] Form data: {
        "fullName": "John Doe",
        "email": "test@example.com",
        "password": "Password123!",
        "confirmPassword": "Password123!"
      }

      at Object.log [as handleSubmit] (src/hooks/useRegistrationForm.ts:284:13)

    console.log
      [2026-02-08T19:37:15.293Z] Current errors: {}

      at Object.log [as handleSubmit] (src/hooks/useRegistrationForm.ts:285:13)

    console.log
      [2026-02-08T19:37:15.293Z] Is rate limited: false

      at Object.log [as handleSubmit] (src/hooks/useRegistrationForm.ts:286:13)

    console.log
      [2026-02-08T19:37:15.293Z] Validation result: true

      at Object.log [as handleSubmit] (src/hooks/useRegistrationForm.ts:296:13)

    console.log
      [2026-02-08T19:37:15.293Z] ✅ Validation passed, proceeding with API call

      at Object.log [as handleSubmit] (src/hooks/useRegistrationForm.ts:303:13)

    console.log
      [2026-02-08T19:37:15.293Z] 📡 Calling API client register method

      at Object.log [as handleSubmit] (src/hooks/useRegistrationForm.ts:316:15)

    console.log
      [2026-02-08T19:37:15.293Z] API payload: {
        email: 'test@example.com',
        name: 'John Doe',
        password: '***REDACTED***'
      }

      at Object.log [as handleSubmit] (src/hooks/useRegistrationForm.ts:317:15)

    console.log
      [2026-02-08T19:37:15.293Z] ❌ API call failed: { status: 409, message: 'Email already exists' }

      at Object.log [as handleSubmit] (src/hooks/useRegistrationForm.ts:343:15)

    console.log
      [2026-02-08T19:37:15.293Z] ========== FORM SUBMISSION ENDED ==========

      at Object.log [as handleSubmit] (src/hooks/useRegistrationForm.ts:376:15)

    console.log
      ✅ preventDefault() called FIRST (stopPropagation also called if available)

      at Object.log [as handleSubmit] (src/hooks/useRegistrationForm.ts:277:13)

    console.log
      [2026-02-08T19:37:15.301Z] ========== FORM SUBMISSION STARTED ==========

      at Object.log [as handleSubmit] (src/hooks/useRegistrationForm.ts:280:13)

    console.log
      [2026-02-08T19:37:15.301Z] Event defaultPrevented: undefined

      at Object.log [as handleSubmit] (src/hooks/useRegistrationForm.ts:281:13)

    console.log
      [2026-02-08T19:37:15.301Z] Event type: undefined

      at Object.log [as handleSubmit] (src/hooks/useRegistrationForm.ts:282:13)

    console.log
      [2026-02-08T19:37:15.301Z] Event target: undefined

      at Object.log [as handleSubmit] (src/hooks/useRegistrationForm.ts:283:13)

    console.log
      [2026-02-08T19:37:15.301Z] Form data: {
        "fullName": "John Doe",
        "email": "test@example.com",
        "password": "Password123!",
        "confirmPassword": "Password123!"
      }

      at Object.log [as handleSubmit] (src/hooks/useRegistrationForm.ts:284:13)

    console.log
      [2026-02-08T19:37:15.301Z] Current errors: {}

      at Object.log [as handleSubmit] (src/hooks/useRegistrationForm.ts:285:13)

    console.log
      [2026-02-08T19:37:15.301Z] Is rate limited: false

      at Object.log [as handleSubmit] (src/hooks/useRegistrationForm.ts:286:13)

    console.log
      [2026-02-08T19:37:15.301Z] Validation result: true

      at Object.log [as handleSubmit] (src/hooks/useRegistrationForm.ts:296:13)

    console.log
      [2026-02-08T19:37:15.301Z] ✅ Validation passed, proceeding with API call

      at Object.log [as handleSubmit] (src/hooks/useRegistrationForm.ts:303:13)

    console.log
      [2026-02-08T19:37:15.301Z] 📡 Calling API client register method

      at Object.log [as handleSubmit] (src/hooks/useRegistrationForm.ts:316:15)

    console.log
      [2026-02-08T19:37:15.301Z] API payload: {
        email: 'test@example.com',
        name: 'John Doe',
        password: '***REDACTED***'
      }

      at Object.log [as handleSubmit] (src/hooks/useRegistrationForm.ts:317:15)

    console.log
      [2026-02-08T19:37:15.301Z] ✅ API call successful

      at Object.log [as handleSubmit] (src/hooks/useRegistrationForm.ts:330:15)

    console.log
      [2026-02-08T19:37:15.301Z] ========== FORM SUBMISSION ENDED ==========

      at Object.log [as handleSubmit] (src/hooks/useRegistrationForm.ts:376:15)

    console.log
      ✅ preventDefault() called FIRST (stopPropagation also called if available)

      at Object.log [as handleSubmit] (src/hooks/useRegistrationForm.ts:277:13)

    console.log
      [2026-02-08T19:37:15.307Z] ========== FORM SUBMISSION STARTED ==========

      at Object.log [as handleSubmit] (src/hooks/useRegistrationForm.ts:280:13)

    console.log
      [2026-02-08T19:37:15.307Z] Event defaultPrevented: undefined

      at Object.log [as handleSubmit] (src/hooks/useRegistrationForm.ts:281:13)

    console.log
      [2026-02-08T19:37:15.307Z] Event type: undefined

      at Object.log [as handleSubmit] (src/hooks/useRegistrationForm.ts:282:13)

    console.log
      [2026-02-08T19:37:15.307Z] Event target: undefined

      at Object.log [as handleSubmit] (src/hooks/useRegistrationForm.ts:283:13)

    console.log
      [2026-02-08T19:37:15.307Z] Form data: {
        "fullName": "John Doe",
        "email": "test@example.com",
        "password": "Password123!",
        "confirmPassword": "Password123!"
      }

      at Object.log [as handleSubmit] (src/hooks/useRegistrationForm.ts:284:13)

    console.log
      [2026-02-08T19:37:15.307Z] Current errors: {}

      at Object.log [as handleSubmit] (src/hooks/useRegistrationForm.ts:285:13)

    console.log
      [2026-02-08T19:37:15.307Z] Is rate limited: false

      at Object.log [as handleSubmit] (src/hooks/useRegistrationForm.ts:286:13)

    console.log
      [2026-02-08T19:37:15.307Z] Validation result: true

      at Object.log [as handleSubmit] (src/hooks/useRegistrationForm.ts:296:13)

    console.log
      [2026-02-08T19:37:15.307Z] ✅ Validation passed, proceeding with API call

      at Object.log [as handleSubmit] (src/hooks/useRegistrationForm.ts:303:13)

    console.log
      [2026-02-08T19:37:15.307Z] 📡 Calling API client register method

      at Object.log [as handleSubmit] (src/hooks/useRegistrationForm.ts:316:15)

    console.log
      [2026-02-08T19:37:15.307Z] API payload: {
        email: 'test@example.com',
        name: 'John Doe',
        password: '***REDACTED***'
      }

      at Object.log [as handleSubmit] (src/hooks/useRegistrationForm.ts:317:15)

    console.log
      [2026-02-08T19:37:15.307Z] ❌ API call failed: { status: 409, message: 'Email already exists' }

      at Object.log [as handleSubmit] (src/hooks/useRegistrationForm.ts:343:15)

    console.log
      [2026-02-08T19:37:15.307Z] ========== FORM SUBMISSION ENDED ==========

      at Object.log [as handleSubmit] (src/hooks/useRegistrationForm.ts:376:15)

    console.log
      ✅ preventDefault() called FIRST (stopPropagation also called if available)

      at Object.log [as handleSubmit] (src/hooks/useRegistrationForm.ts:277:13)

    console.log
      [2026-02-08T19:37:15.312Z] ========== FORM SUBMISSION STARTED ==========

      at Object.log [as handleSubmit] (src/hooks/useRegistrationForm.ts:280:13)

    console.log
      [2026-02-08T19:37:15.312Z] Event defaultPrevented: undefined

      at Object.log [as handleSubmit] (src/hooks/useRegistrationForm.ts:281:13)

    console.log
      [2026-02-08T19:37:15.312Z] Event type: undefined

      at Object.log [as handleSubmit] (src/hooks/useRegistrationForm.ts:282:13)

    console.log
      [2026-02-08T19:37:15.312Z] Event target: undefined

      at Object.log [as handleSubmit] (src/hooks/useRegistrationForm.ts:283:13)

    console.log
      [2026-02-08T19:37:15.312Z] Form data: {
        "fullName": "John Doe",
        "email": "test@example.com",
        "password": "Password123!",
        "confirmPassword": "Password123!"
      }

      at Object.log [as handleSubmit] (src/hooks/useRegistrationForm.ts:284:13)

    console.log
      [2026-02-08T19:37:15.312Z] Current errors: {}

      at Object.log [as handleSubmit] (src/hooks/useRegistrationForm.ts:285:13)

    console.log
      [2026-02-08T19:37:15.312Z] Is rate limited: true

      at Object.log [as handleSubmit] (src/hooks/useRegistrationForm.ts:286:13)

    console.log
      [2026-02-08T19:37:15.312Z] ❌ Form submission blocked: rate limit active

      at Object.log [as handleSubmit] (src/hooks/useRegistrationForm.ts:290:15)

    console.log
      ✅ preventDefault() called FIRST (stopPropagation also called if available)

      at Object.log [as handleSubmit] (src/hooks/useRegistrationForm.ts:277:13)

    console.log
      [2026-02-08T19:37:15.317Z] ========== FORM SUBMISSION STARTED ==========

      at Object.log [as handleSubmit] (src/hooks/useRegistrationForm.ts:280:13)

    console.log
      [2026-02-08T19:37:15.317Z] Event defaultPrevented: undefined

      at Object.log [as handleSubmit] (src/hooks/useRegistrationForm.ts:281:13)

    console.log
      [2026-02-08T19:37:15.317Z] Event type: undefined

      at Object.log [as handleSubmit] (src/hooks/useRegistrationForm.ts:282:13)

    console.log
      [2026-02-08T19:37:15.317Z] Event target: undefined

      at Object.log [as handleSubmit] (src/hooks/useRegistrationForm.ts:283:13)

    console.log
      [2026-02-08T19:37:15.317Z] Form data: {
        "fullName": "John Doe",
        "email": "test@example.com",
        "password": "Password123!",
        "confirmPassword": "Password123!"
      }

      at Object.log [as handleSubmit] (src/hooks/useRegistrationForm.ts:284:13)

    console.log
      [2026-02-08T19:37:15.317Z] Current errors: {}

      at Object.log [as handleSubmit] (src/hooks/useRegistrationForm.ts:285:13)

    console.log
      [2026-02-08T19:37:15.317Z] Is rate limited: false

      at Object.log [as handleSubmit] (src/hooks/useRegistrationForm.ts:286:13)

    console.log
      [2026-02-08T19:37:15.317Z] Validation result: true

      at Object.log [as handleSubmit] (src/hooks/useRegistrationForm.ts:296:13)

    console.log
      [2026-02-08T19:37:15.317Z] ✅ Validation passed, proceeding with API call

      at Object.log [as handleSubmit] (src/hooks/useRegistrationForm.ts:303:13)

    console.log
      [2026-02-08T19:37:15.317Z] 📡 Calling API client register method

      at Object.log [as handleSubmit] (src/hooks/useRegistrationForm.ts:316:15)

    console.log
      [2026-02-08T19:37:15.317Z] API payload: {
        email: 'test@example.com',
        name: 'John Doe',
        password: '***REDACTED***'
      }

      at Object.log [as handleSubmit] (src/hooks/useRegistrationForm.ts:317:15)

    console.log
      [2026-02-08T19:37:15.317Z] ✅ API call successful

      at Object.log [as handleSubmit] (src/hooks/useRegistrationForm.ts:330:15)

    console.log
      [2026-02-08T19:37:15.317Z] ========== FORM SUBMISSION ENDED ==========

      at Object.log [as handleSubmit] (src/hooks/useRegistrationForm.ts:376:15)

    console.log
      ✅ preventDefault() called FIRST (stopPropagation also called if available)

      at Object.log [as handleSubmit] (src/hooks/useRegistrationForm.ts:277:13)

    console.log
      [2026-02-08T19:37:15.326Z] ========== FORM SUBMISSION STARTED ==========

      at Object.log [as handleSubmit] (src/hooks/useRegistrationForm.ts:280:13)

    console.log
      [2026-02-08T19:37:15.326Z] Event defaultPrevented: undefined

      at Object.log [as handleSubmit] (src/hooks/useRegistrationForm.ts:281:13)

    console.log
      [2026-02-08T19:37:15.326Z] Event type: undefined

      at Object.log [as handleSubmit] (src/hooks/useRegistrationForm.ts:282:13)

    console.log
      [2026-02-08T19:37:15.326Z] Event target: undefined

      at Object.log [as handleSubmit] (src/hooks/useRegistrationForm.ts:283:13)

    console.log
      [2026-02-08T19:37:15.326Z] Form data: {
        "fullName": "John Doe",
        "email": "test@example.com",
        "password": "Password123!",
        "confirmPassword": "Password123!"
      }

      at Object.log [as handleSubmit] (src/hooks/useRegistrationForm.ts:284:13)

    console.log
      [2026-02-08T19:37:15.326Z] Current errors: {}

      at Object.log [as handleSubmit] (src/hooks/useRegistrationForm.ts:285:13)

    console.log
      [2026-02-08T19:37:15.326Z] Is rate limited: false

      at Object.log [as handleSubmit] (src/hooks/useRegistrationForm.ts:286:13)

    console.log
      [2026-02-08T19:37:15.326Z] Validation result: true

      at Object.log [as handleSubmit] (src/hooks/useRegistrationForm.ts:296:13)

    console.log
      [2026-02-08T19:37:15.326Z] ✅ Validation passed, proceeding with API call

      at Object.log [as handleSubmit] (src/hooks/useRegistrationForm.ts:303:13)

    console.log
      [2026-02-08T19:37:15.326Z] 📡 Calling API client register method

      at Object.log [as handleSubmit] (src/hooks/useRegistrationForm.ts:316:15)

    console.log
      [2026-02-08T19:37:15.326Z] API payload: {
        email: 'test@example.com',
        name: 'John Doe',
        password: '***REDACTED***'
      }

      at Object.log [as handleSubmit] (src/hooks/useRegistrationForm.ts:317:15)

    console.log
      [2026-02-08T19:37:15.326Z] ❌ API call failed: { status: 409, message: 'Email already exists' }

      at Object.log [as handleSubmit] (src/hooks/useRegistrationForm.ts:343:15)

    console.log
      [2026-02-08T19:37:15.326Z] ========== FORM SUBMISSION ENDED ==========

      at Object.log [as handleSubmit] (src/hooks/useRegistrationForm.ts:376:15)

    console.log
      ✅ preventDefault() called FIRST (stopPropagation also called if available)

      at Object.log [as handleSubmit] (src/hooks/useRegistrationForm.ts:277:13)

    console.log
      [2026-02-08T19:37:15.334Z] ========== FORM SUBMISSION STARTED ==========

      at Object.log [as handleSubmit] (src/hooks/useRegistrationForm.ts:280:13)

    console.log
      [2026-02-08T19:37:15.334Z] Event defaultPrevented: undefined

      at Object.log [as handleSubmit] (src/hooks/useRegistrationForm.ts:281:13)

    console.log
      [2026-02-08T19:37:15.334Z] Event type: undefined

      at Object.log [as handleSubmit] (src/hooks/useRegistrationForm.ts:282:13)

    console.log
      [2026-02-08T19:37:15.334Z] Event target: undefined

      at Object.log [as handleSubmit] (src/hooks/useRegistrationForm.ts:283:13)

    console.log
      [2026-02-08T19:37:15.334Z] Form data: {
        "fullName": "John Doe",
        "email": "test@example.com",
        "password": "Password123!",
        "confirmPassword": "Password123!"
      }

      at Object.log [as handleSubmit] (src/hooks/useRegistrationForm.ts:284:13)

    console.log
      [2026-02-08T19:37:15.334Z] Current errors: {}

      at Object.log [as handleSubmit] (src/hooks/useRegistrationForm.ts:285:13)

    console.log
      [2026-02-08T19:37:15.334Z] Is rate limited: false

      at Object.log [as handleSubmit] (src/hooks/useRegistrationForm.ts:286:13)

    console.log
      [2026-02-08T19:37:15.334Z] Validation result: true

      at Object.log [as handleSubmit] (src/hooks/useRegistrationForm.ts:296:13)

    console.log
      [2026-02-08T19:37:15.334Z] ✅ Validation passed, proceeding with API call

      at Object.log [as handleSubmit] (src/hooks/useRegistrationForm.ts:303:13)

    console.log
      [2026-02-08T19:37:15.334Z] 📡 Calling API client register method

      at Object.log [as handleSubmit] (src/hooks/useRegistrationForm.ts:316:15)

    console.log
      [2026-02-08T19:37:15.334Z] API payload: {
        email: 'test@example.com',
        name: 'John Doe',
        password: '***REDACTED***'
      }

      at Object.log [as handleSubmit] (src/hooks/useRegistrationForm.ts:317:15)

    console.log
      [2026-02-08T19:37:15.334Z] ✅ API call successful

      at Object.log [as handleSubmit] (src/hooks/useRegistrationForm.ts:330:15)

    console.log
      [2026-02-08T19:37:15.334Z] ========== FORM SUBMISSION ENDED ==========

      at Object.log [as handleSubmit] (src/hooks/useRegistrationForm.ts:376:15)

    console.log
      ✅ preventDefault() called FIRST (stopPropagation also called if available)

      at Object.log [as handleSubmit] (src/hooks/useRegistrationForm.ts:277:13)

    console.log
      [2026-02-08T19:37:15.352Z] ========== FORM SUBMISSION STARTED ==========

      at Object.log [as handleSubmit] (src/hooks/useRegistrationForm.ts:280:13)

    console.log
      [2026-02-08T19:37:15.352Z] Event defaultPrevented: undefined

      at Object.log [as handleSubmit] (src/hooks/useRegistrationForm.ts:281:13)

    console.log
      [2026-02-08T19:37:15.352Z] Event type: undefined

      at Object.log [as handleSubmit] (src/hooks/useRegistrationForm.ts:282:13)

    console.log
      [2026-02-08T19:37:15.352Z] Event target: undefined

      at Object.log [as handleSubmit] (src/hooks/useRegistrationForm.ts:283:13)

    console.log
      [2026-02-08T19:37:15.352Z] Form data: {
        "fullName": "John Doe",
        "email": "test@example.com",
        "password": "Password123!",
        "confirmPassword": "Password123!"
      }

      at Object.log [as handleSubmit] (src/hooks/useRegistrationForm.ts:284:13)

    console.log
      [2026-02-08T19:37:15.352Z] Current errors: {}

      at Object.log [as handleSubmit] (src/hooks/useRegistrationForm.ts:285:13)

    console.log
      [2026-02-08T19:37:15.352Z] Is rate limited: false

      at Object.log [as handleSubmit] (src/hooks/useRegistrationForm.ts:286:13)

    console.log
      [2026-02-08T19:37:15.352Z] Validation result: true

      at Object.log [as handleSubmit] (src/hooks/useRegistrationForm.ts:296:13)

    console.log
      [2026-02-08T19:37:15.352Z] ✅ Validation passed, proceeding with API call

      at Object.log [as handleSubmit] (src/hooks/useRegistrationForm.ts:303:13)

    console.log
      [2026-02-08T19:37:15.352Z] 📡 Calling API client register method

      at Object.log [as handleSubmit] (src/hooks/useRegistrationForm.ts:316:15)

    console.log
      [2026-02-08T19:37:15.352Z] API payload: {
        email: 'test@example.com',
        name: 'John Doe',
        password: '***REDACTED***'
      }

      at Object.log [as handleSubmit] (src/hooks/useRegistrationForm.ts:317:15)

    console.log
      [2026-02-08T19:37:15.352Z] ✅ API call successful

      at Object.log [as handleSubmit] (src/hooks/useRegistrationForm.ts:330:15)

    console.log
      [2026-02-08T19:37:15.352Z] ========== FORM SUBMISSION ENDED ==========

      at Object.log [as handleSubmit] (src/hooks/useRegistrationForm.ts:376:15)

    console.log
      ✅ preventDefault() called FIRST (stopPropagation also called if available)

      at Object.log [as handleSubmit] (src/hooks/useRegistrationForm.ts:277:13)

    console.log
      [2026-02-08T19:37:15.370Z] ========== FORM SUBMISSION STARTED ==========

      at Object.log [as handleSubmit] (src/hooks/useRegistrationForm.ts:280:13)

    console.log
      [2026-02-08T19:37:15.370Z] Event defaultPrevented: undefined

      at Object.log [as handleSubmit] (src/hooks/useRegistrationForm.ts:281:13)

    console.log
      [2026-02-08T19:37:15.370Z] Event type: undefined

      at Object.log [as handleSubmit] (src/hooks/useRegistrationForm.ts:282:13)

    console.log
      [2026-02-08T19:37:15.370Z] Event target: undefined

      at Object.log [as handleSubmit] (src/hooks/useRegistrationForm.ts:283:13)

    console.log
      [2026-02-08T19:37:15.370Z] Form data: {
        "fullName": "John Doe",
        "email": "test@example.com",
        "password": "Password123!",
        "confirmPassword": "Password123!"
      }

      at Object.log [as handleSubmit] (src/hooks/useRegistrationForm.ts:284:13)

    console.log
      [2026-02-08T19:37:15.370Z] Current errors: {}

      at Object.log [as handleSubmit] (src/hooks/useRegistrationForm.ts:285:13)

    console.log
      [2026-02-08T19:37:15.370Z] Is rate limited: false

      at Object.log [as handleSubmit] (src/hooks/useRegistrationForm.ts:286:13)

    console.log
      [2026-02-08T19:37:15.370Z] Validation result: true

      at Object.log [as handleSubmit] (src/hooks/useRegistrationForm.ts:296:13)

    console.log
      [2026-02-08T19:37:15.370Z] ✅ Validation passed, proceeding with API call

      at Object.log [as handleSubmit] (src/hooks/useRegistrationForm.ts:303:13)

    console.log
      [2026-02-08T19:37:15.370Z] 📡 Calling API client register method

      at Object.log [as handleSubmit] (src/hooks/useRegistrationForm.ts:316:15)

    console.log
      [2026-02-08T19:37:15.370Z] API payload: {
        email: 'test@example.com',
        name: 'John Doe',
        password: '***REDACTED***'
      }

      at Object.log [as handleSubmit] (src/hooks/useRegistrationForm.ts:317:15)

    console.log
      [2026-02-08T19:37:15.370Z] ❌ API call failed: { status: 409, message: 'Email already exists' }

      at Object.log [as handleSubmit] (src/hooks/useRegistrationForm.ts:343:15)

    console.log
      [2026-02-08T19:37:15.370Z] ========== FORM SUBMISSION ENDED ==========

      at Object.log [as handleSubmit] (src/hooks/useRegistrationForm.ts:376:15)

    console.log
      ✅ preventDefault() called FIRST (stopPropagation also called if available)

      at Object.log [as handleSubmit] (src/hooks/useRegistrationForm.ts:277:13)

    console.log
      [2026-02-08T19:37:15.384Z] ========== FORM SUBMISSION STARTED ==========

      at Object.log [as handleSubmit] (src/hooks/useRegistrationForm.ts:280:13)

    console.log
      [2026-02-08T19:37:15.384Z] Event defaultPrevented: undefined

      at Object.log [as handleSubmit] (src/hooks/useRegistrationForm.ts:281:13)

    console.log
      [2026-02-08T19:37:15.384Z] Event type: undefined

      at Object.log [as handleSubmit] (src/hooks/useRegistrationForm.ts:282:13)

    console.log
      [2026-02-08T19:37:15.384Z] Event target: undefined

      at Object.log [as handleSubmit] (src/hooks/useRegistrationForm.ts:283:13)

    console.log
      [2026-02-08T19:37:15.384Z] Form data: {
        "fullName": "John Doe",
        "email": "test@example.com",
        "password": "Password123!",
        "confirmPassword": "Password123!"
      }

      at Object.log [as handleSubmit] (src/hooks/useRegistrationForm.ts:284:13)

    console.log
      [2026-02-08T19:37:15.384Z] Current errors: {}

      at Object.log [as handleSubmit] (src/hooks/useRegistrationForm.ts:285:13)

    console.log
      [2026-02-08T19:37:15.384Z] Is rate limited: false

      at Object.log [as handleSubmit] (src/hooks/useRegistrationForm.ts:286:13)

    console.log
      [2026-02-08T19:37:15.384Z] Validation result: true

      at Object.log [as handleSubmit] (src/hooks/useRegistrationForm.ts:296:13)

    console.log
      [2026-02-08T19:37:15.384Z] ✅ Validation passed, proceeding with API call

      at Object.log [as handleSubmit] (src/hooks/useRegistrationForm.ts:303:13)

    console.log
      [2026-02-08T19:37:15.384Z] 📡 Calling API client register method

      at Object.log [as handleSubmit] (src/hooks/useRegistrationForm.ts:316:15)

    console.log
      [2026-02-08T19:37:15.384Z] API payload: {
        email: 'test@example.com',
        name: 'John Doe',
        password: '***REDACTED***'
      }

      at Object.log [as handleSubmit] (src/hooks/useRegistrationForm.ts:317:15)

    console.log
      [2026-02-08T19:37:15.384Z] ❌ API call failed: { status: 409, message: 'Email already exists' }

      at Object.log [as handleSubmit] (src/hooks/useRegistrationForm.ts:343:15)

    console.log
      [2026-02-08T19:37:15.384Z] ========== FORM SUBMISSION ENDED ==========

      at Object.log [as handleSubmit] (src/hooks/useRegistrationForm.ts:376:15)

    console.log
      ✅ preventDefault() called FIRST (stopPropagation also called if available)

      at Object.log [as handleSubmit] (src/hooks/useRegistrationForm.ts:277:13)

    console.log
      [2026-02-08T19:37:15.387Z] ========== FORM SUBMISSION STARTED ==========

      at Object.log [as handleSubmit] (src/hooks/useRegistrationForm.ts:280:13)

    console.log
      [2026-02-08T19:37:15.387Z] Event defaultPrevented: undefined

      at Object.log [as handleSubmit] (src/hooks/useRegistrationForm.ts:281:13)

    console.log
      [2026-02-08T19:37:15.387Z] Event type: undefined

      at Object.log [as handleSubmit] (src/hooks/useRegistrationForm.ts:282:13)

    console.log
      [2026-02-08T19:37:15.387Z] Event target: undefined

      at Object.log [as handleSubmit] (src/hooks/useRegistrationForm.ts:283:13)

    console.log
      [2026-02-08T19:37:15.387Z] Form data: {
        "fullName": "John Doe",
        "email": "test@example.com",
        "password": "Password123!",
        "confirmPassword": "Password123!"
      }

      at Object.log [as handleSubmit] (src/hooks/useRegistrationForm.ts:284:13)

    console.log
      [2026-02-08T19:37:15.387Z] Current errors: {}

      at Object.log [as handleSubmit] (src/hooks/useRegistrationForm.ts:285:13)

    console.log
      [2026-02-08T19:37:15.387Z] Is rate limited: false

      at Object.log [as handleSubmit] (src/hooks/useRegistrationForm.ts:286:13)

    console.log
      [2026-02-08T19:37:15.387Z] Validation result: true

      at Object.log [as handleSubmit] (src/hooks/useRegistrationForm.ts:296:13)

    console.log
      [2026-02-08T19:37:15.387Z] ✅ Validation passed, proceeding with API call

      at Object.log [as handleSubmit] (src/hooks/useRegistrationForm.ts:303:13)

    console.log
      [2026-02-08T19:37:15.387Z] 📡 Calling API client register method

      at Object.log [as handleSubmit] (src/hooks/useRegistrationForm.ts:316:15)

    console.log
      [2026-02-08T19:37:15.387Z] API payload: {
        email: 'test@example.com',
        name: 'John Doe',
        password: '***REDACTED***'
      }

      at Object.log [as handleSubmit] (src/hooks/useRegistrationForm.ts:317:15)

    console.log
      [2026-02-08T19:37:15.387Z] ❌ API call failed: { status: 409, message: 'Email already exists' }

      at Object.log [as handleSubmit] (src/hooks/useRegistrationForm.ts:343:15)

    console.log
      [2026-02-08T19:37:15.387Z] ========== FORM SUBMISSION ENDED ==========

      at Object.log [as handleSubmit] (src/hooks/useRegistrationForm.ts:376:15)

    console.log
      ✅ preventDefault() called FIRST (stopPropagation also called if available)

      at Object.log [as handleSubmit] (src/hooks/useRegistrationForm.ts:277:13)

    console.log
      [2026-02-08T19:37:15.389Z] ========== FORM SUBMISSION STARTED ==========

      at Object.log [as handleSubmit] (src/hooks/useRegistrationForm.ts:280:13)

    console.log
      [2026-02-08T19:37:15.389Z] Event defaultPrevented: undefined

      at Object.log [as handleSubmit] (src/hooks/useRegistrationForm.ts:281:13)

    console.log
      [2026-02-08T19:37:15.389Z] Event type: undefined

      at Object.log [as handleSubmit] (src/hooks/useRegistrationForm.ts:282:13)

    console.log
      [2026-02-08T19:37:15.389Z] Event target: undefined

      at Object.log [as handleSubmit] (src/hooks/useRegistrationForm.ts:283:13)

    console.log
      [2026-02-08T19:37:15.389Z] Form data: {
        "fullName": "John Doe",
        "email": "test@example.com",
        "password": "Password123!",
        "confirmPassword": "Password123!"
      }

      at Object.log [as handleSubmit] (src/hooks/useRegistrationForm.ts:284:13)

    console.log
      [2026-02-08T19:37:15.389Z] Current errors: {}

      at Object.log [as handleSubmit] (src/hooks/useRegistrationForm.ts:285:13)

    console.log
      [2026-02-08T19:37:15.389Z] Is rate limited: false

      at Object.log [as handleSubmit] (src/hooks/useRegistrationForm.ts:286:13)

    console.log
      [2026-02-08T19:37:15.389Z] Validation result: true

      at Object.log [as handleSubmit] (src/hooks/useRegistrationForm.ts:296:13)

    console.log
      [2026-02-08T19:37:15.389Z] ✅ Validation passed, proceeding with API call

      at Object.log [as handleSubmit] (src/hooks/useRegistrationForm.ts:303:13)

    console.log
      [2026-02-08T19:37:15.389Z] 📡 Calling API client register method

      at Object.log [as handleSubmit] (src/hooks/useRegistrationForm.ts:316:15)

    console.log
      [2026-02-08T19:37:15.389Z] API payload: {
        email: 'test@example.com',
        name: 'John Doe',
        password: '***REDACTED***'
      }

      at Object.log [as handleSubmit] (src/hooks/useRegistrationForm.ts:317:15)

    console.log
      [2026-02-08T19:37:15.389Z] ❌ API call failed: { status: 409, message: 'Email already exists' }

      at Object.log [as handleSubmit] (src/hooks/useRegistrationForm.ts:343:15)

    console.log
      [2026-02-08T19:37:15.389Z] ========== FORM SUBMISSION ENDED ==========

      at Object.log [as handleSubmit] (src/hooks/useRegistrationForm.ts:376:15)

    console.log
      ✅ preventDefault() called FIRST (stopPropagation also called if available)

      at Object.log [as handleSubmit] (src/hooks/useRegistrationForm.ts:277:13)

    console.log
      [2026-02-08T19:37:15.391Z] ========== FORM SUBMISSION STARTED ==========

      at Object.log [as handleSubmit] (src/hooks/useRegistrationForm.ts:280:13)

    console.log
      [2026-02-08T19:37:15.391Z] Event defaultPrevented: undefined

      at Object.log [as handleSubmit] (src/hooks/useRegistrationForm.ts:281:13)

    console.log
      [2026-02-08T19:37:15.391Z] Event type: undefined

      at Object.log [as handleSubmit] (src/hooks/useRegistrationForm.ts:282:13)

    console.log
      [2026-02-08T19:37:15.391Z] Event target: undefined

      at Object.log [as handleSubmit] (src/hooks/useRegistrationForm.ts:283:13)

    console.log
      [2026-02-08T19:37:15.391Z] Form data: {
        "fullName": "John Doe",
        "email": "test@example.com",
        "password": "Password123!",
        "confirmPassword": "Password123!"
      }

      at Object.log [as handleSubmit] (src/hooks/useRegistrationForm.ts:284:13)

    console.log
      [2026-02-08T19:37:15.391Z] Current errors: {}

      at Object.log [as handleSubmit] (src/hooks/useRegistrationForm.ts:285:13)

    console.log
      [2026-02-08T19:37:15.391Z] Is rate limited: false

      at Object.log [as handleSubmit] (src/hooks/useRegistrationForm.ts:286:13)

    console.log
      [2026-02-08T19:37:15.391Z] Validation result: true

      at Object.log [as handleSubmit] (src/hooks/useRegistrationForm.ts:296:13)

    console.log
      [2026-02-08T19:37:15.391Z] ✅ Validation passed, proceeding with API call

      at Object.log [as handleSubmit] (src/hooks/useRegistrationForm.ts:303:13)

    console.log
      [2026-02-08T19:37:15.391Z] 📡 Calling API client register method

      at Object.log [as handleSubmit] (src/hooks/useRegistrationForm.ts:316:15)

    console.log
      [2026-02-08T19:37:15.391Z] API payload: {
        email: 'test@example.com',
        name: 'John Doe',
        password: '***REDACTED***'
      }

      at Object.log [as handleSubmit] (src/hooks/useRegistrationForm.ts:317:15)

    console.log
      [2026-02-08T19:37:15.391Z] ❌ API call failed: { status: 409, message: 'Email already exists' }

      at Object.log [as handleSubmit] (src/hooks/useRegistrationForm.ts:343:15)

    console.log
      [2026-02-08T19:37:15.391Z] ========== FORM SUBMISSION ENDED ==========

      at Object.log [as handleSubmit] (src/hooks/useRegistrationForm.ts:376:15)

    console.log
      ✅ preventDefault() called FIRST (stopPropagation also called if available)

      at Object.log [as handleSubmit] (src/hooks/useRegistrationForm.ts:277:13)

    console.log
      [2026-02-08T19:37:15.394Z] ========== FORM SUBMISSION STARTED ==========

      at Object.log [as handleSubmit] (src/hooks/useRegistrationForm.ts:280:13)

    console.log
      [2026-02-08T19:37:15.394Z] Event defaultPrevented: undefined

      at Object.log [as handleSubmit] (src/hooks/useRegistrationForm.ts:281:13)

    console.log
      [2026-02-08T19:37:15.394Z] Event type: undefined

      at Object.log [as handleSubmit] (src/hooks/useRegistrationForm.ts:282:13)

    console.log
      [2026-02-08T19:37:15.394Z] Event target: undefined

      at Object.log [as handleSubmit] (src/hooks/useRegistrationForm.ts:283:13)

    console.log
      [2026-02-08T19:37:15.394Z] Form data: {
        "fullName": "John Doe",
        "email": "test@example.com",
        "password": "Password123!",
        "confirmPassword": "Password123!"
      }

      at Object.log [as handleSubmit] (src/hooks/useRegistrationForm.ts:284:13)

    console.log
      [2026-02-08T19:37:15.394Z] Current errors: {}

      at Object.log [as handleSubmit] (src/hooks/useRegistrationForm.ts:285:13)

    console.log
      [2026-02-08T19:37:15.394Z] Is rate limited: false

      at Object.log [as handleSubmit] (src/hooks/useRegistrationForm.ts:286:13)

    console.log
      [2026-02-08T19:37:15.394Z] Validation result: true

      at Object.log [as handleSubmit] (src/hooks/useRegistrationForm.ts:296:13)

    console.log
      [2026-02-08T19:37:15.394Z] ✅ Validation passed, proceeding with API call

      at Object.log [as handleSubmit] (src/hooks/useRegistrationForm.ts:303:13)

    console.log
      [2026-02-08T19:37:15.394Z] 📡 Calling API client register method

      at Object.log [as handleSubmit] (src/hooks/useRegistrationForm.ts:316:15)

    console.log
      [2026-02-08T19:37:15.394Z] API payload: {
        email: 'test@example.com',
        name: 'John Doe',
        password: '***REDACTED***'
      }

      at Object.log [as handleSubmit] (src/hooks/useRegistrationForm.ts:317:15)

    console.log
      [2026-02-08T19:37:15.394Z] ✅ API call successful

      at Object.log [as handleSubmit] (src/hooks/useRegistrationForm.ts:330:15)

    console.log
      [2026-02-08T19:37:15.394Z] ========== FORM SUBMISSION ENDED ==========

      at Object.log [as handleSubmit] (src/hooks/useRegistrationForm.ts:376:15)

    console.log
      ✅ preventDefault() called FIRST (stopPropagation also called if available)

      at Object.log [as handleSubmit] (src/hooks/useRegistrationForm.ts:277:13)

    console.log
      [2026-02-08T19:37:15.399Z] ========== FORM SUBMISSION STARTED ==========

      at Object.log [as handleSubmit] (src/hooks/useRegistrationForm.ts:280:13)

    console.log
      [2026-02-08T19:37:15.399Z] Event defaultPrevented: undefined

      at Object.log [as handleSubmit] (src/hooks/useRegistrationForm.ts:281:13)

    console.log
      [2026-02-08T19:37:15.399Z] Event type: undefined

      at Object.log [as handleSubmit] (src/hooks/useRegistrationForm.ts:282:13)

    console.log
      [2026-02-08T19:37:15.399Z] Event target: undefined

      at Object.log [as handleSubmit] (src/hooks/useRegistrationForm.ts:283:13)

    console.log
      [2026-02-08T19:37:15.399Z] Form data: {
        "fullName": "John Doe",
        "email": "test@example.com",
        "password": "Password123!",
        "confirmPassword": "Password123!"
      }

      at Object.log [as handleSubmit] (src/hooks/useRegistrationForm.ts:284:13)

    console.log
      [2026-02-08T19:37:15.399Z] Current errors: {}

      at Object.log [as handleSubmit] (src/hooks/useRegistrationForm.ts:285:13)

    console.log
      [2026-02-08T19:37:15.399Z] Is rate limited: false

      at Object.log [as handleSubmit] (src/hooks/useRegistrationForm.ts:286:13)

    console.log
      [2026-02-08T19:37:15.399Z] Validation result: true

      at Object.log [as handleSubmit] (src/hooks/useRegistrationForm.ts:296:13)

    console.log
      [2026-02-08T19:37:15.399Z] ✅ Validation passed, proceeding with API call

      at Object.log [as handleSubmit] (src/hooks/useRegistrationForm.ts:303:13)

    console.log
      [2026-02-08T19:37:15.399Z] 📡 Calling API client register method

      at Object.log [as handleSubmit] (src/hooks/useRegistrationForm.ts:316:15)

    console.log
      [2026-02-08T19:37:15.399Z] API payload: {
        email: 'test@example.com',
        name: 'John Doe',
        password: '***REDACTED***'
      }

      at Object.log [as handleSubmit] (src/hooks/useRegistrationForm.ts:317:15)

    console.log
      [2026-02-08T19:37:15.399Z] ✅ API call successful

      at Object.log [as handleSubmit] (src/hooks/useRegistrationForm.ts:330:15)

    console.log
      [2026-02-08T19:37:15.399Z] ========== FORM SUBMISSION ENDED ==========

      at Object.log [as handleSubmit] (src/hooks/useRegistrationForm.ts:376:15)

    console.log
      ✅ preventDefault() called FIRST (stopPropagation also called if available)

      at Object.log [as handleSubmit] (src/hooks/useRegistrationForm.ts:277:13)

    console.log
      [2026-02-08T19:37:15.404Z] ========== FORM SUBMISSION STARTED ==========

      at Object.log [as handleSubmit] (src/hooks/useRegistrationForm.ts:280:13)

    console.log
      [2026-02-08T19:37:15.404Z] Event defaultPrevented: undefined

      at Object.log [as handleSubmit] (src/hooks/useRegistrationForm.ts:281:13)

    console.log
      [2026-02-08T19:37:15.404Z] Event type: undefined

      at Object.log [as handleSubmit] (src/hooks/useRegistrationForm.ts:282:13)

    console.log
      [2026-02-08T19:37:15.404Z] Event target: undefined

      at Object.log [as handleSubmit] (src/hooks/useRegistrationForm.ts:283:13)

    console.log
      [2026-02-08T19:37:15.404Z] Form data: {
        "fullName": "John Doe",
        "email": "test@example.com",
        "password": "Password123!",
        "confirmPassword": "Password123!"
      }

      at Object.log [as handleSubmit] (src/hooks/useRegistrationForm.ts:284:13)

    console.log
      [2026-02-08T19:37:15.404Z] Current errors: {}

      at Object.log [as handleSubmit] (src/hooks/useRegistrationForm.ts:285:13)

    console.log
      [2026-02-08T19:37:15.404Z] Is rate limited: false

      at Object.log [as handleSubmit] (src/hooks/useRegistrationForm.ts:286:13)

    console.log
      [2026-02-08T19:37:15.404Z] Validation result: true

      at Object.log [as handleSubmit] (src/hooks/useRegistrationForm.ts:296:13)

    console.log
      [2026-02-08T19:37:15.404Z] ✅ Validation passed, proceeding with API call

      at Object.log [as handleSubmit] (src/hooks/useRegistrationForm.ts:303:13)

    console.log
      [2026-02-08T19:37:15.404Z] 📡 Calling API client register method

      at Object.log [as handleSubmit] (src/hooks/useRegistrationForm.ts:316:15)

    console.log
      [2026-02-08T19:37:15.404Z] API payload: {
        email: 'test@example.com',
        name: 'John Doe',
        password: '***REDACTED***'
      }

      at Object.log [as handleSubmit] (src/hooks/useRegistrationForm.ts:317:15)

    console.log
      [2026-02-08T19:37:15.404Z] ✅ API call successful

      at Object.log [as handleSubmit] (src/hooks/useRegistrationForm.ts:330:15)

    console.log
      [2026-02-08T19:37:15.404Z] ========== FORM SUBMISSION ENDED ==========

      at Object.log [as handleSubmit] (src/hooks/useRegistrationForm.ts:376:15)

    console.log
      ✅ preventDefault() called FIRST (stopPropagation also called if available)

      at Object.log [as handleSubmit] (src/hooks/useRegistrationForm.ts:277:13)

    console.log
      [2026-02-08T19:37:15.409Z] ========== FORM SUBMISSION STARTED ==========

      at Object.log [as handleSubmit] (src/hooks/useRegistrationForm.ts:280:13)

    console.log
      [2026-02-08T19:37:15.409Z] Event defaultPrevented: undefined

      at Object.log [as handleSubmit] (src/hooks/useRegistrationForm.ts:281:13)

    console.log
      [2026-02-08T19:37:15.409Z] Event type: undefined

      at Object.log [as handleSubmit] (src/hooks/useRegistrationForm.ts:282:13)

    console.log
      [2026-02-08T19:37:15.409Z] Event target: undefined

      at Object.log [as handleSubmit] (src/hooks/useRegistrationForm.ts:283:13)

    console.log
      [2026-02-08T19:37:15.409Z] Form data: {
        "fullName": "John Doe",
        "email": "test@example.com",
        "password": "Password123!",
        "confirmPassword": "Password123!"
      }

      at Object.log [as handleSubmit] (src/hooks/useRegistrationForm.ts:284:13)

    console.log
      [2026-02-08T19:37:15.409Z] Current errors: {}

      at Object.log [as handleSubmit] (src/hooks/useRegistrationForm.ts:285:13)

    console.log
      [2026-02-08T19:37:15.409Z] Is rate limited: false

      at Object.log [as handleSubmit] (src/hooks/useRegistrationForm.ts:286:13)

    console.log
      [2026-02-08T19:37:15.409Z] Validation result: true

      at Object.log [as handleSubmit] (src/hooks/useRegistrationForm.ts:296:13)

    console.log
      [2026-02-08T19:37:15.409Z] ✅ Validation passed, proceeding with API call

      at Object.log [as handleSubmit] (src/hooks/useRegistrationForm.ts:303:13)

    console.log
      [2026-02-08T19:37:15.409Z] 📡 Calling API client register method

      at Object.log [as handleSubmit] (src/hooks/useRegistrationForm.ts:316:15)

    console.log
      [2026-02-08T19:37:15.409Z] API payload: {
        email: 'test@example.com',
        name: 'John Doe',
        password: '***REDACTED***'
      }

      at Object.log [as handleSubmit] (src/hooks/useRegistrationForm.ts:317:15)

    console.log
      [2026-02-08T19:37:15.409Z] ✅ API call successful

      at Object.log [as handleSubmit] (src/hooks/useRegistrationForm.ts:330:15)

    console.log
      [2026-02-08T19:37:15.409Z] ========== FORM SUBMISSION ENDED ==========

      at Object.log [as handleSubmit] (src/hooks/useRegistrationForm.ts:376:15)

    console.log
      ✅ preventDefault() called FIRST (stopPropagation also called if available)

      at Object.log [as handleSubmit] (src/hooks/useRegistrationForm.ts:277:13)

    console.log
      [2026-02-08T19:37:15.414Z] ========== FORM SUBMISSION STARTED ==========

      at Object.log [as handleSubmit] (src/hooks/useRegistrationForm.ts:280:13)

    console.log
      [2026-02-08T19:37:15.414Z] Event defaultPrevented: undefined

      at Object.log [as handleSubmit] (src/hooks/useRegistrationForm.ts:281:13)

    console.log
      [2026-02-08T19:37:15.414Z] Event type: undefined

      at Object.log [as handleSubmit] (src/hooks/useRegistrationForm.ts:282:13)

    console.log
      [2026-02-08T19:37:15.414Z] Event target: undefined

      at Object.log [as handleSubmit] (src/hooks/useRegistrationForm.ts:283:13)

    console.log
      [2026-02-08T19:37:15.414Z] Form data: {
        "fullName": "John Doe",
        "email": "test@example.com",
        "password": "Password123!",
        "confirmPassword": "Password123!"
      }

      at Object.log [as handleSubmit] (src/hooks/useRegistrationForm.ts:284:13)

    console.log
      [2026-02-08T19:37:15.414Z] Current errors: {}

      at Object.log [as handleSubmit] (src/hooks/useRegistrationForm.ts:285:13)

    console.log
      [2026-02-08T19:37:15.414Z] Is rate limited: false

      at Object.log [as handleSubmit] (src/hooks/useRegistrationForm.ts:286:13)

    console.log
      [2026-02-08T19:37:15.414Z] Validation result: true

      at Object.log [as handleSubmit] (src/hooks/useRegistrationForm.ts:296:13)

    console.log
      [2026-02-08T19:37:15.414Z] ✅ Validation passed, proceeding with API call

      at Object.log [as handleSubmit] (src/hooks/useRegistrationForm.ts:303:13)

    console.log
      [2026-02-08T19:37:15.414Z] 📡 Calling API client register method

      at Object.log [as handleSubmit] (src/hooks/useRegistrationForm.ts:316:15)

    console.log
      [2026-02-08T19:37:15.414Z] API payload: {
        email: 'test@example.com',
        name: 'John Doe',
        password: '***REDACTED***'
      }

      at Object.log [as handleSubmit] (src/hooks/useRegistrationForm.ts:317:15)

    console.log
      [2026-02-08T19:37:15.414Z] ❌ API call failed: { status: 409, message: 'Email already exists' }

      at Object.log [as handleSubmit] (src/hooks/useRegistrationForm.ts:343:15)

    console.log
      [2026-02-08T19:37:15.414Z] ========== FORM SUBMISSION ENDED ==========

      at Object.log [as handleSubmit] (src/hooks/useRegistrationForm.ts:376:15)

    console.log
      ✅ preventDefault() called FIRST (stopPropagation also called if available)

      at Object.log [as handleSubmit] (src/hooks/useRegistrationForm.ts:277:13)

    console.log
      [2026-02-08T19:37:15.419Z] ========== FORM SUBMISSION STARTED ==========

      at Object.log [as handleSubmit] (src/hooks/useRegistrationForm.ts:280:13)

    console.log
      [2026-02-08T19:37:15.419Z] Event defaultPrevented: undefined

      at Object.log [as handleSubmit] (src/hooks/useRegistrationForm.ts:281:13)

    console.log
      [2026-02-08T19:37:15.419Z] Event type: undefined

      at Object.log [as handleSubmit] (src/hooks/useRegistrationForm.ts:282:13)

    console.log
      [2026-02-08T19:37:15.419Z] Event target: undefined

      at Object.log [as handleSubmit] (src/hooks/useRegistrationForm.ts:283:13)

    console.log
      [2026-02-08T19:37:15.419Z] Form data: {
        "fullName": "John Doe",
        "email": "test@example.com",
        "password": "Password123!",
        "confirmPassword": "Password123!"
      }

      at Object.log [as handleSubmit] (src/hooks/useRegistrationForm.ts:284:13)

    console.log
      [2026-02-08T19:37:15.419Z] Current errors: {}

      at Object.log [as handleSubmit] (src/hooks/useRegistrationForm.ts:285:13)

    console.log
      [2026-02-08T19:37:15.419Z] Is rate limited: false

      at Object.log [as handleSubmit] (src/hooks/useRegistrationForm.ts:286:13)

    console.log
      [2026-02-08T19:37:15.419Z] Validation result: true

      at Object.log [as handleSubmit] (src/hooks/useRegistrationForm.ts:296:13)

    console.log
      [2026-02-08T19:37:15.419Z] ✅ Validation passed, proceeding with API call

      at Object.log [as handleSubmit] (src/hooks/useRegistrationForm.ts:303:13)

    console.log
      [2026-02-08T19:37:15.419Z] 📡 Calling API client register method

      at Object.log [as handleSubmit] (src/hooks/useRegistrationForm.ts:316:15)

    console.log
      [2026-02-08T19:37:15.419Z] API payload: {
        email: 'test@example.com',
        name: 'John Doe',
        password: '***REDACTED***'
      }

      at Object.log [as handleSubmit] (src/hooks/useRegistrationForm.ts:317:15)

    console.log
      [2026-02-08T19:37:15.419Z] ❌ API call failed: { status: 409, message: 'Email already exists' }

      at Object.log [as handleSubmit] (src/hooks/useRegistrationForm.ts:343:15)

    console.log
      [2026-02-08T19:37:15.419Z] ========== FORM SUBMISSION ENDED ==========

      at Object.log [as handleSubmit] (src/hooks/useRegistrationForm.ts:376:15)

    console.log
      ✅ preventDefault() called FIRST (stopPropagation also called if available)

      at Object.log [as handleSubmit] (src/hooks/useRegistrationForm.ts:277:13)

    console.log
      [2026-02-08T19:37:15.423Z] ========== FORM SUBMISSION STARTED ==========

      at Object.log [as handleSubmit] (src/hooks/useRegistrationForm.ts:280:13)

    console.log
      [2026-02-08T19:37:15.423Z] Event defaultPrevented: undefined

      at Object.log [as handleSubmit] (src/hooks/useRegistrationForm.ts:281:13)

    console.log
      [2026-02-08T19:37:15.423Z] Event type: undefined

      at Object.log [as handleSubmit] (src/hooks/useRegistrationForm.ts:282:13)

    console.log
      [2026-02-08T19:37:15.423Z] Event target: undefined

      at Object.log [as handleSubmit] (src/hooks/useRegistrationForm.ts:283:13)

    console.log
      [2026-02-08T19:37:15.423Z] Form data: {
        "fullName": "John Doe",
        "email": "test@example.com",
        "password": "Password123!",
        "confirmPassword": "Password123!"
      }

      at Object.log [as handleSubmit] (src/hooks/useRegistrationForm.ts:284:13)

    console.log
      [2026-02-08T19:37:15.423Z] Current errors: {}

      at Object.log [as handleSubmit] (src/hooks/useRegistrationForm.ts:285:13)

    console.log
      [2026-02-08T19:37:15.423Z] Is rate limited: false

      at Object.log [as handleSubmit] (src/hooks/useRegistrationForm.ts:286:13)

    console.log
      [2026-02-08T19:37:15.423Z] Validation result: true

      at Object.log [as handleSubmit] (src/hooks/useRegistrationForm.ts:296:13)

    console.log
      [2026-02-08T19:37:15.423Z] ✅ Validation passed, proceeding with API call

      at Object.log [as handleSubmit] (src/hooks/useRegistrationForm.ts:303:13)

    console.log
      [2026-02-08T19:37:15.423Z] 📡 Calling API client register method

      at Object.log [as handleSubmit] (src/hooks/useRegistrationForm.ts:316:15)

    console.log
      [2026-02-08T19:37:15.423Z] API payload: {
        email: 'test@example.com',
        name: 'John Doe',
        password: '***REDACTED***'
      }

      at Object.log [as handleSubmit] (src/hooks/useRegistrationForm.ts:317:15)

    console.log
      [2026-02-08T19:37:15.423Z] ✅ API call successful

      at Object.log [as handleSubmit] (src/hooks/useRegistrationForm.ts:330:15)

    console.log
      [2026-02-08T19:37:15.423Z] ========== FORM SUBMISSION ENDED ==========

      at Object.log [as handleSubmit] (src/hooks/useRegistrationForm.ts:376:15)

    console.log
      ✅ preventDefault() called FIRST (stopPropagation also called if available)

      at Object.log [as handleSubmit] (src/hooks/useRegistrationForm.ts:277:13)

    console.log
      [2026-02-08T19:37:15.426Z] ========== FORM SUBMISSION STARTED ==========

      at Object.log [as handleSubmit] (src/hooks/useRegistrationForm.ts:280:13)

    console.log
      [2026-02-08T19:37:15.426Z] Event defaultPrevented: undefined

      at Object.log [as handleSubmit] (src/hooks/useRegistrationForm.ts:281:13)

    console.log
      [2026-02-08T19:37:15.426Z] Event type: undefined

      at Object.log [as handleSubmit] (src/hooks/useRegistrationForm.ts:282:13)

    console.log
      [2026-02-08T19:37:15.426Z] Event target: undefined

      at Object.log [as handleSubmit] (src/hooks/useRegistrationForm.ts:283:13)

    console.log
      [2026-02-08T19:37:15.426Z] Form data: {
        "fullName": "John Doe",
        "email": "test@example.com",
        "password": "Password123!",
        "confirmPassword": "Password123!"
      }

      at Object.log [as handleSubmit] (src/hooks/useRegistrationForm.ts:284:13)

    console.log
      [2026-02-08T19:37:15.426Z] Current errors: {}

      at Object.log [as handleSubmit] (src/hooks/useRegistrationForm.ts:285:13)

    console.log
      [2026-02-08T19:37:15.426Z] Is rate limited: false

      at Object.log [as handleSubmit] (src/hooks/useRegistrationForm.ts:286:13)

    console.log
      [2026-02-08T19:37:15.426Z] Validation result: true

      at Object.log [as handleSubmit] (src/hooks/useRegistrationForm.ts:296:13)

    console.log
      [2026-02-08T19:37:15.426Z] ✅ Validation passed, proceeding with API call

      at Object.log [as handleSubmit] (src/hooks/useRegistrationForm.ts:303:13)

    console.log
      [2026-02-08T19:37:15.426Z] 📡 Calling API client register method

      at Object.log [as handleSubmit] (src/hooks/useRegistrationForm.ts:316:15)

    console.log
      [2026-02-08T19:37:15.426Z] API payload: {
        email: 'test@example.com',
        name: 'John Doe',
        password: '***REDACTED***'
      }

      at Object.log [as handleSubmit] (src/hooks/useRegistrationForm.ts:317:15)

    console.log
      [2026-02-08T19:37:15.426Z] ✅ API call successful

      at Object.log [as handleSubmit] (src/hooks/useRegistrationForm.ts:330:15)

    console.log
      [2026-02-08T19:37:15.426Z] ========== FORM SUBMISSION ENDED ==========

      at Object.log [as handleSubmit] (src/hooks/useRegistrationForm.ts:376:15)

    console.log
      ✅ preventDefault() called FIRST (stopPropagation also called if available)

      at Object.log [as handleSubmit] (src/hooks/useRegistrationForm.ts:277:13)

    console.log
      [2026-02-08T19:37:15.429Z] ========== FORM SUBMISSION STARTED ==========

      at Object.log [as handleSubmit] (src/hooks/useRegistrationForm.ts:280:13)

    console.log
      [2026-02-08T19:37:15.429Z] Event defaultPrevented: undefined

      at Object.log [as handleSubmit] (src/hooks/useRegistrationForm.ts:281:13)

    console.log
      [2026-02-08T19:37:15.429Z] Event type: undefined

      at Object.log [as handleSubmit] (src/hooks/useRegistrationForm.ts:282:13)

    console.log
      [2026-02-08T19:37:15.429Z] Event target: undefined

      at Object.log [as handleSubmit] (src/hooks/useRegistrationForm.ts:283:13)

    console.log
      [2026-02-08T19:37:15.429Z] Form data: {
        "fullName": "John Doe",
        "email": "test@example.com",
        "password": "Password123!",
        "confirmPassword": "Password123!"
      }

      at Object.log [as handleSubmit] (src/hooks/useRegistrationForm.ts:284:13)

    console.log
      [2026-02-08T19:37:15.429Z] Current errors: {}

      at Object.log [as handleSubmit] (src/hooks/useRegistrationForm.ts:285:13)

    console.log
      [2026-02-08T19:37:15.429Z] Is rate limited: false

      at Object.log [as handleSubmit] (src/hooks/useRegistrationForm.ts:286:13)

    console.log
      [2026-02-08T19:37:15.429Z] Validation result: true

      at Object.log [as handleSubmit] (src/hooks/useRegistrationForm.ts:296:13)

    console.log
      [2026-02-08T19:37:15.429Z] ✅ Validation passed, proceeding with API call

      at Object.log [as handleSubmit] (src/hooks/useRegistrationForm.ts:303:13)

    console.log
      [2026-02-08T19:37:15.429Z] 📡 Calling API client register method

      at Object.log [as handleSubmit] (src/hooks/useRegistrationForm.ts:316:15)

    console.log
      [2026-02-08T19:37:15.429Z] API payload: {
        email: 'test@example.com',
        name: 'John Doe',
        password: '***REDACTED***'
      }

      at Object.log [as handleSubmit] (src/hooks/useRegistrationForm.ts:317:15)

    console.log
      [2026-02-08T19:37:15.429Z] ❌ API call failed: { status: 409, message: 'Email already exists' }

      at Object.log [as handleSubmit] (src/hooks/useRegistrationForm.ts:343:15)

    console.log
      [2026-02-08T19:37:15.429Z] ========== FORM SUBMISSION ENDED ==========

      at Object.log [as handleSubmit] (src/hooks/useRegistrationForm.ts:376:15)

    console.log
      ✅ preventDefault() called FIRST (stopPropagation also called if available)

      at Object.log [as handleSubmit] (src/hooks/useRegistrationForm.ts:277:13)

    console.log
      [2026-02-08T19:37:15.434Z] ========== FORM SUBMISSION STARTED ==========

      at Object.log [as handleSubmit] (src/hooks/useRegistrationForm.ts:280:13)

    console.log
      [2026-02-08T19:37:15.434Z] Event defaultPrevented: undefined

      at Object.log [as handleSubmit] (src/hooks/useRegistrationForm.ts:281:13)

    console.log
      [2026-02-08T19:37:15.434Z] Event type: undefined

      at Object.log [as handleSubmit] (src/hooks/useRegistrationForm.ts:282:13)

    console.log
      [2026-02-08T19:37:15.434Z] Event target: undefined

      at Object.log [as handleSubmit] (src/hooks/useRegistrationForm.ts:283:13)

    console.log
      [2026-02-08T19:37:15.434Z] Form data: {
        "fullName": "John Doe",
        "email": "test@example.com",
        "password": "Password123!",
        "confirmPassword": "Password123!"
      }

      at Object.log [as handleSubmit] (src/hooks/useRegistrationForm.ts:284:13)

    console.log
      [2026-02-08T19:37:15.434Z] Current errors: {}

      at Object.log [as handleSubmit] (src/hooks/useRegistrationForm.ts:285:13)

    console.log
      [2026-02-08T19:37:15.434Z] Is rate limited: false

      at Object.log [as handleSubmit] (src/hooks/useRegistrationForm.ts:286:13)

    console.log
      [2026-02-08T19:37:15.434Z] Validation result: true

      at Object.log [as handleSubmit] (src/hooks/useRegistrationForm.ts:296:13)

    console.log
      [2026-02-08T19:37:15.434Z] ✅ Validation passed, proceeding with API call

      at Object.log [as handleSubmit] (src/hooks/useRegistrationForm.ts:303:13)

    console.log
      [2026-02-08T19:37:15.434Z] 📡 Calling API client register method

      at Object.log [as handleSubmit] (src/hooks/useRegistrationForm.ts:316:15)

    console.log
      [2026-02-08T19:37:15.434Z] API payload: {
        email: 'test@example.com',
        name: 'John Doe',
        password: '***REDACTED***'
      }

      at Object.log [as handleSubmit] (src/hooks/useRegistrationForm.ts:317:15)

    console.log
      [2026-02-08T19:37:15.434Z] ❌ API call failed: { status: 409, message: 'Email already exists' }

      at Object.log [as handleSubmit] (src/hooks/useRegistrationForm.ts:343:15)

    console.log
      [2026-02-08T19:37:15.434Z] ========== FORM SUBMISSION ENDED ==========

      at Object.log [as handleSubmit] (src/hooks/useRegistrationForm.ts:376:15)

    console.log
      ✅ preventDefault() called FIRST (stopPropagation also called if available)

      at Object.log [as handleSubmit] (src/hooks/useRegistrationForm.ts:277:13)

    console.log
      [2026-02-08T19:37:15.439Z] ========== FORM SUBMISSION STARTED ==========

      at Object.log [as handleSubmit] (src/hooks/useRegistrationForm.ts:280:13)

    console.log
      [2026-02-08T19:37:15.439Z] Event defaultPrevented: undefined

      at Object.log [as handleSubmit] (src/hooks/useRegistrationForm.ts:281:13)

    console.log
      [2026-02-08T19:37:15.439Z] Event type: undefined

      at Object.log [as handleSubmit] (src/hooks/useRegistrationForm.ts:282:13)

    console.log
      [2026-02-08T19:37:15.439Z] Event target: undefined

      at Object.log [as handleSubmit] (src/hooks/useRegistrationForm.ts:283:13)

    console.log
      [2026-02-08T19:37:15.439Z] Form data: {
        "fullName": "John Doe",
        "email": "test@example.com",
        "password": "Password123!",
        "confirmPassword": "Password123!"
      }

      at Object.log [as handleSubmit] (src/hooks/useRegistrationForm.ts:284:13)

    console.log
      [2026-02-08T19:37:15.439Z] Current errors: {}

      at Object.log [as handleSubmit] (src/hooks/useRegistrationForm.ts:285:13)

    console.log
      [2026-02-08T19:37:15.439Z] Is rate limited: false

      at Object.log [as handleSubmit] (src/hooks/useRegistrationForm.ts:286:13)

    console.log
      [2026-02-08T19:37:15.439Z] Validation result: true

      at Object.log [as handleSubmit] (src/hooks/useRegistrationForm.ts:296:13)

    console.log
      [2026-02-08T19:37:15.439Z] ✅ Validation passed, proceeding with API call

      at Object.log [as handleSubmit] (src/hooks/useRegistrationForm.ts:303:13)

    console.log
      [2026-02-08T19:37:15.439Z] 📡 Calling API client register method

      at Object.log [as handleSubmit] (src/hooks/useRegistrationForm.ts:316:15)

    console.log
      [2026-02-08T19:37:15.439Z] API payload: {
        email: 'test@example.com',
        name: 'John Doe',
        password: '***REDACTED***'
      }

      at Object.log [as handleSubmit] (src/hooks/useRegistrationForm.ts:317:15)

    console.log
      [2026-02-08T19:37:15.439Z] ❌ API call failed: { status: 409, message: 'Email already exists' }

      at Object.log [as handleSubmit] (src/hooks/useRegistrationForm.ts:343:15)

    console.log
      [2026-02-08T19:37:15.439Z] ========== FORM SUBMISSION ENDED ==========

      at Object.log [as handleSubmit] (src/hooks/useRegistrationForm.ts:376:15)

    console.log
      ✅ preventDefault() called FIRST (stopPropagation also called if available)

      at Object.log [as handleSubmit] (src/hooks/useRegistrationForm.ts:277:13)

    console.log
      [2026-02-08T19:37:15.442Z] ========== FORM SUBMISSION STARTED ==========

      at Object.log [as handleSubmit] (src/hooks/useRegistrationForm.ts:280:13)

    console.log
      [2026-02-08T19:37:15.442Z] Event defaultPrevented: undefined

      at Object.log [as handleSubmit] (src/hooks/useRegistrationForm.ts:281:13)

    console.log
      [2026-02-08T19:37:15.442Z] Event type: undefined

      at Object.log [as handleSubmit] (src/hooks/useRegistrationForm.ts:282:13)

    console.log
      [2026-02-08T19:37:15.442Z] Event target: undefined

      at Object.log [as handleSubmit] (src/hooks/useRegistrationForm.ts:283:13)

    console.log
      [2026-02-08T19:37:15.442Z] Form data: {
        "fullName": "John Doe",
        "email": "test@example.com",
        "password": "Password123!",
        "confirmPassword": "Password123!"
      }

      at Object.log [as handleSubmit] (src/hooks/useRegistrationForm.ts:284:13)

    console.log
      [2026-02-08T19:37:15.442Z] Current errors: {}

      at Object.log [as handleSubmit] (src/hooks/useRegistrationForm.ts:285:13)

    console.log
      [2026-02-08T19:37:15.442Z] Is rate limited: true

      at Object.log [as handleSubmit] (src/hooks/useRegistrationForm.ts:286:13)

    console.log
      [2026-02-08T19:37:15.442Z] ❌ Form submission blocked: rate limit active

      at Object.log [as handleSubmit] (src/hooks/useRegistrationForm.ts:290:15)

    console.log
      ✅ preventDefault() called FIRST (stopPropagation also called if available)

      at Object.log [as handleSubmit] (src/hooks/useRegistrationForm.ts:277:13)

    console.log
      [2026-02-08T19:37:15.445Z] ========== FORM SUBMISSION STARTED ==========

      at Object.log [as handleSubmit] (src/hooks/useRegistrationForm.ts:280:13)

    console.log
      [2026-02-08T19:37:15.445Z] Event defaultPrevented: undefined

      at Object.log [as handleSubmit] (src/hooks/useRegistrationForm.ts:281:13)

    console.log
      [2026-02-08T19:37:15.445Z] Event type: undefined

      at Object.log [as handleSubmit] (src/hooks/useRegistrationForm.ts:282:13)

    console.log
      [2026-02-08T19:37:15.445Z] Event target: undefined

      at Object.log [as handleSubmit] (src/hooks/useRegistrationForm.ts:283:13)

    console.log
      [2026-02-08T19:37:15.445Z] Form data: {
        "fullName": "John Doe",
        "email": "test@example.com",
        "password": "Password123!",
        "confirmPassword": "Password123!"
      }

      at Object.log [as handleSubmit] (src/hooks/useRegistrationForm.ts:284:13)

    console.log
      [2026-02-08T19:37:15.445Z] Current errors: {}

      at Object.log [as handleSubmit] (src/hooks/useRegistrationForm.ts:285:13)

    console.log
      [2026-02-08T19:37:15.445Z] Is rate limited: false

      at Object.log [as handleSubmit] (src/hooks/useRegistrationForm.ts:286:13)

    console.log
      [2026-02-08T19:37:15.445Z] Validation result: true

      at Object.log [as handleSubmit] (src/hooks/useRegistrationForm.ts:296:13)

    console.log
      [2026-02-08T19:37:15.445Z] ✅ Validation passed, proceeding with API call

      at Object.log [as handleSubmit] (src/hooks/useRegistrationForm.ts:303:13)

    console.log
      [2026-02-08T19:37:15.445Z] 📡 Calling API client register method

      at Object.log [as handleSubmit] (src/hooks/useRegistrationForm.ts:316:15)

    console.log
      [2026-02-08T19:37:15.445Z] API payload: {
        email: 'test@example.com',
        name: 'John Doe',
        password: '***REDACTED***'
      }

      at Object.log [as handleSubmit] (src/hooks/useRegistrationForm.ts:317:15)

    console.log
      [2026-02-08T19:37:15.445Z] ❌ API call failed: { status: 409, message: 'Email already exists' }

      at Object.log [as handleSubmit] (src/hooks/useRegistrationForm.ts:343:15)

    console.log
      [2026-02-08T19:37:15.445Z] ========== FORM SUBMISSION ENDED ==========

      at Object.log [as handleSubmit] (src/hooks/useRegistrationForm.ts:376:15)

    console.log
      ✅ preventDefault() called FIRST (stopPropagation also called if available)

      at Object.log [as handleSubmit] (src/hooks/useRegistrationForm.ts:277:13)

    console.log
      [2026-02-08T19:37:15.448Z] ========== FORM SUBMISSION STARTED ==========

      at Object.log [as handleSubmit] (src/hooks/useRegistrationForm.ts:280:13)

    console.log
      [2026-02-08T19:37:15.448Z] Event defaultPrevented: undefined

      at Object.log [as handleSubmit] (src/hooks/useRegistrationForm.ts:281:13)

    console.log
      [2026-02-08T19:37:15.448Z] Event type: undefined

      at Object.log [as handleSubmit] (src/hooks/useRegistrationForm.ts:282:13)

    console.log
      [2026-02-08T19:37:15.448Z] Event target: undefined

      at Object.log [as handleSubmit] (src/hooks/useRegistrationForm.ts:283:13)

    console.log
      [2026-02-08T19:37:15.448Z] Form data: {
        "fullName": "John Doe",
        "email": "test@example.com",
        "password": "Password123!",
        "confirmPassword": "Password123!"
      }

      at Object.log [as handleSubmit] (src/hooks/useRegistrationForm.ts:284:13)

    console.log
      [2026-02-08T19:37:15.448Z] Current errors: {}

      at Object.log [as handleSubmit] (src/hooks/useRegistrationForm.ts:285:13)

    console.log
      [2026-02-08T19:37:15.448Z] Is rate limited: false

      at Object.log [as handleSubmit] (src/hooks/useRegistrationForm.ts:286:13)

    console.log
      [2026-02-08T19:37:15.448Z] Validation result: true

      at Object.log [as handleSubmit] (src/hooks/useRegistrationForm.ts:296:13)

    console.log
      [2026-02-08T19:37:15.448Z] ✅ Validation passed, proceeding with API call

      at Object.log [as handleSubmit] (src/hooks/useRegistrationForm.ts:303:13)

    console.log
      [2026-02-08T19:37:15.448Z] 📡 Calling API client register method

      at Object.log [as handleSubmit] (src/hooks/useRegistrationForm.ts:316:15)

    console.log
      [2026-02-08T19:37:15.448Z] API payload: {
        email: 'test@example.com',
        name: 'John Doe',
        password: '***REDACTED***'
      }

      at Object.log [as handleSubmit] (src/hooks/useRegistrationForm.ts:317:15)

    console.log
      [2026-02-08T19:37:15.448Z] ❌ API call failed: { status: 409, message: 'Email already exists' }

      at Object.log [as handleSubmit] (src/hooks/useRegistrationForm.ts:343:15)

    console.log
      [2026-02-08T19:37:15.448Z] ========== FORM SUBMISSION ENDED ==========

      at Object.log [as handleSubmit] (src/hooks/useRegistrationForm.ts:376:15)

    console.log
      ✅ preventDefault() called FIRST (stopPropagation also called if available)

      at Object.log [as handleSubmit] (src/hooks/useRegistrationForm.ts:277:13)

    console.log
      [2026-02-08T19:37:15.452Z] ========== FORM SUBMISSION STARTED ==========

      at Object.log [as handleSubmit] (src/hooks/useRegistrationForm.ts:280:13)

    console.log
      [2026-02-08T19:37:15.452Z] Event defaultPrevented: undefined

      at Object.log [as handleSubmit] (src/hooks/useRegistrationForm.ts:281:13)

    console.log
      [2026-02-08T19:37:15.452Z] Event type: undefined

      at Object.log [as handleSubmit] (src/hooks/useRegistrationForm.ts:282:13)

    console.log
      [2026-02-08T19:37:15.452Z] Event target: undefined

      at Object.log [as handleSubmit] (src/hooks/useRegistrationForm.ts:283:13)

    console.log
      [2026-02-08T19:37:15.452Z] Form data: {
        "fullName": "John Doe",
        "email": "test@example.com",
        "password": "Password123!",
        "confirmPassword": "Password123!"
      }

      at Object.log [as handleSubmit] (src/hooks/useRegistrationForm.ts:284:13)

    console.log
      [2026-02-08T19:37:15.452Z] Current errors: {}

      at Object.log [as handleSubmit] (src/hooks/useRegistrationForm.ts:285:13)

    console.log
      [2026-02-08T19:37:15.452Z] Is rate limited: false

      at Object.log [as handleSubmit] (src/hooks/useRegistrationForm.ts:286:13)

    console.log
      [2026-02-08T19:37:15.452Z] Validation result: true

      at Object.log [as handleSubmit] (src/hooks/useRegistrationForm.ts:296:13)

    console.log
      [2026-02-08T19:37:15.452Z] ✅ Validation passed, proceeding with API call

      at Object.log [as handleSubmit] (src/hooks/useRegistrationForm.ts:303:13)

    console.log
      [2026-02-08T19:37:15.452Z] 📡 Calling API client register method

      at Object.log [as handleSubmit] (src/hooks/useRegistrationForm.ts:316:15)

    console.log
      [2026-02-08T19:37:15.452Z] API payload: {
        email: 'test@example.com',
        name: 'John Doe',
        password: '***REDACTED***'
      }

      at Object.log [as handleSubmit] (src/hooks/useRegistrationForm.ts:317:15)

    console.log
      [2026-02-08T19:37:15.452Z] ❌ API call failed: { status: 409, message: 'Email already exists' }

      at Object.log [as handleSubmit] (src/hooks/useRegistrationForm.ts:343:15)

    console.log
      [2026-02-08T19:37:15.452Z] ========== FORM SUBMISSION ENDED ==========

      at Object.log [as handleSubmit] (src/hooks/useRegistrationForm.ts:376:15)

    console.log
      ✅ preventDefault() called FIRST (stopPropagation also called if available)

      at Object.log [as handleSubmit] (src/hooks/useRegistrationForm.ts:277:13)

    console.log
      [2026-02-08T19:37:15.455Z] ========== FORM SUBMISSION STARTED ==========

      at Object.log [as handleSubmit] (src/hooks/useRegistrationForm.ts:280:13)

    console.log
      [2026-02-08T19:37:15.455Z] Event defaultPrevented: undefined

      at Object.log [as handleSubmit] (src/hooks/useRegistrationForm.ts:281:13)

    console.log
      [2026-02-08T19:37:15.455Z] Event type: undefined

      at Object.log [as handleSubmit] (src/hooks/useRegistrationForm.ts:282:13)

    console.log
      [2026-02-08T19:37:15.455Z] Event target: undefined

      at Object.log [as handleSubmit] (src/hooks/useRegistrationForm.ts:283:13)

    console.log
      [2026-02-08T19:37:15.455Z] Form data: {
        "fullName": "John Doe",
        "email": "test@example.com",
        "password": "Password123!",
        "confirmPassword": "Password123!"
      }

      at Object.log [as handleSubmit] (src/hooks/useRegistrationForm.ts:284:13)

    console.log
      [2026-02-08T19:37:15.455Z] Current errors: {}

      at Object.log [as handleSubmit] (src/hooks/useRegistrationForm.ts:285:13)

    console.log
      [2026-02-08T19:37:15.455Z] Is rate limited: false

      at Object.log [as handleSubmit] (src/hooks/useRegistrationForm.ts:286:13)

    console.log
      [2026-02-08T19:37:15.455Z] Validation result: true

      at Object.log [as handleSubmit] (src/hooks/useRegistrationForm.ts:296:13)

    console.log
      [2026-02-08T19:37:15.455Z] ✅ Validation passed, proceeding with API call

      at Object.log [as handleSubmit] (src/hooks/useRegistrationForm.ts:303:13)

    console.log
      [2026-02-08T19:37:15.455Z] 📡 Calling API client register method

      at Object.log [as handleSubmit] (src/hooks/useRegistrationForm.ts:316:15)

    console.log
      [2026-02-08T19:37:15.455Z] API payload: {
        email: 'test@example.com',
        name: 'John Doe',
        password: '***REDACTED***'
      }

      at Object.log [as handleSubmit] (src/hooks/useRegistrationForm.ts:317:15)

    console.log
      [2026-02-08T19:37:15.455Z] ❌ API call failed: { status: 409, message: 'Email already exists' }

      at Object.log [as handleSubmit] (src/hooks/useRegistrationForm.ts:343:15)

    console.log
      [2026-02-08T19:37:15.455Z] ========== FORM SUBMISSION ENDED ==========

      at Object.log [as handleSubmit] (src/hooks/useRegistrationForm.ts:376:15)

    console.log
      ✅ preventDefault() called FIRST (stopPropagation also called if available)

      at Object.log [as handleSubmit] (src/hooks/useRegistrationForm.ts:277:13)

    console.log
      [2026-02-08T19:37:15.459Z] ========== FORM SUBMISSION STARTED ==========

      at Object.log [as handleSubmit] (src/hooks/useRegistrationForm.ts:280:13)

    console.log
      [2026-02-08T19:37:15.459Z] Event defaultPrevented: undefined

      at Object.log [as handleSubmit] (src/hooks/useRegistrationForm.ts:281:13)

    console.log
      [2026-02-08T19:37:15.459Z] Event type: undefined

      at Object.log [as handleSubmit] (src/hooks/useRegistrationForm.ts:282:13)

    console.log
      [2026-02-08T19:37:15.459Z] Event target: undefined

      at Object.log [as handleSubmit] (src/hooks/useRegistrationForm.ts:283:13)

    console.log
      [2026-02-08T19:37:15.459Z] Form data: {
        "fullName": "John Doe",
        "email": "test@example.com",
        "password": "Password123!",
        "confirmPassword": "Password123!"
      }

      at Object.log [as handleSubmit] (src/hooks/useRegistrationForm.ts:284:13)

    console.log
      [2026-02-08T19:37:15.459Z] Current errors: {}

      at Object.log [as handleSubmit] (src/hooks/useRegistrationForm.ts:285:13)

    console.log
      [2026-02-08T19:37:15.459Z] Is rate limited: false

      at Object.log [as handleSubmit] (src/hooks/useRegistrationForm.ts:286:13)

    console.log
      [2026-02-08T19:37:15.459Z] Validation result: true

      at Object.log [as handleSubmit] (src/hooks/useRegistrationForm.ts:296:13)

    console.log
      [2026-02-08T19:37:15.459Z] ✅ Validation passed, proceeding with API call

      at Object.log [as handleSubmit] (src/hooks/useRegistrationForm.ts:303:13)

    console.log
      [2026-02-08T19:37:15.459Z] 📡 Calling API client register method

      at Object.log [as handleSubmit] (src/hooks/useRegistrationForm.ts:316:15)

    console.log
      [2026-02-08T19:37:15.459Z] API payload: {
        email: 'test@example.com',
        name: 'John Doe',
        password: '***REDACTED***'
      }

      at Object.log [as handleSubmit] (src/hooks/useRegistrationForm.ts:317:15)

    console.log
      [2026-02-08T19:37:15.459Z] ❌ API call failed: { status: 409, message: 'Email already exists' }

      at Object.log [as handleSubmit] (src/hooks/useRegistrationForm.ts:343:15)

    console.log
      [2026-02-08T19:37:15.459Z] ========== FORM SUBMISSION ENDED ==========

      at Object.log [as handleSubmit] (src/hooks/useRegistrationForm.ts:376:15)

    console.log
      ✅ preventDefault() called FIRST (stopPropagation also called if available)

      at Object.log [as handleSubmit] (src/hooks/useRegistrationForm.ts:277:13)

    console.log
      [2026-02-08T19:37:15.473Z] ========== FORM SUBMISSION STARTED ==========

      at Object.log [as handleSubmit] (src/hooks/useRegistrationForm.ts:280:13)

    console.log
      [2026-02-08T19:37:15.473Z] Event defaultPrevented: undefined

      at Object.log [as handleSubmit] (src/hooks/useRegistrationForm.ts:281:13)

    console.log
      [2026-02-08T19:37:15.473Z] Event type: undefined

      at Object.log [as handleSubmit] (src/hooks/useRegistrationForm.ts:282:13)

    console.log
      [2026-02-08T19:37:15.473Z] Event target: undefined

      at Object.log [as handleSubmit] (src/hooks/useRegistrationForm.ts:283:13)

    console.log
      [2026-02-08T19:37:15.473Z] Form data: {
        "fullName": "John Doe",
        "email": "test@example.com",
        "password": "Password123!",
        "confirmPassword": "Password123!"
      }

      at Object.log [as handleSubmit] (src/hooks/useRegistrationForm.ts:284:13)

    console.log
      [2026-02-08T19:37:15.473Z] Current errors: {}

      at Object.log [as handleSubmit] (src/hooks/useRegistrationForm.ts:285:13)

    console.log
      [2026-02-08T19:37:15.473Z] Is rate limited: false

      at Object.log [as handleSubmit] (src/hooks/useRegistrationForm.ts:286:13)

    console.log
      [2026-02-08T19:37:15.473Z] Validation result: true

      at Object.log [as handleSubmit] (src/hooks/useRegistrationForm.ts:296:13)

    console.log
      [2026-02-08T19:37:15.473Z] ✅ Validation passed, proceeding with API call

      at Object.log [as handleSubmit] (src/hooks/useRegistrationForm.ts:303:13)

    console.log
      [2026-02-08T19:37:15.473Z] 📡 Calling API client register method

      at Object.log [as handleSubmit] (src/hooks/useRegistrationForm.ts:316:15)

    console.log
      [2026-02-08T19:37:15.473Z] API payload: {
        email: 'test@example.com',
        name: 'John Doe',
        password: '***REDACTED***'
      }

      at Object.log [as handleSubmit] (src/hooks/useRegistrationForm.ts:317:15)

    console.log
      [2026-02-08T19:37:15.473Z] ❌ API call failed: { status: 409, message: 'Email already exists' }

      at Object.log [as handleSubmit] (src/hooks/useRegistrationForm.ts:343:15)

    console.log
      [2026-02-08T19:37:15.473Z] ========== FORM SUBMISSION ENDED ==========

      at Object.log [as handleSubmit] (src/hooks/useRegistrationForm.ts:376:15)

    console.log
      ✅ preventDefault() called FIRST (stopPropagation also called if available)

      at Object.log [as handleSubmit] (src/hooks/useRegistrationForm.ts:277:13)

    console.log
      [2026-02-08T19:37:15.477Z] ========== FORM SUBMISSION STARTED ==========

      at Object.log [as handleSubmit] (src/hooks/useRegistrationForm.ts:280:13)

    console.log
      [2026-02-08T19:37:15.477Z] Event defaultPrevented: undefined

      at Object.log [as handleSubmit] (src/hooks/useRegistrationForm.ts:281:13)

    console.log
      [2026-02-08T19:37:15.477Z] Event type: undefined

      at Object.log [as handleSubmit] (src/hooks/useRegistrationForm.ts:282:13)

    console.log
      [2026-02-08T19:37:15.477Z] Event target: undefined

      at Object.log [as handleSubmit] (src/hooks/useRegistrationForm.ts:283:13)

    console.log
      [2026-02-08T19:37:15.477Z] Form data: {
        "fullName": "John Doe",
        "email": "test@example.com",
        "password": "Password123!",
        "confirmPassword": "Password123!"
      }

      at Object.log [as handleSubmit] (src/hooks/useRegistrationForm.ts:284:13)

    console.log
      [2026-02-08T19:37:15.477Z] Current errors: {}

      at Object.log [as handleSubmit] (src/hooks/useRegistrationForm.ts:285:13)

    console.log
      [2026-02-08T19:37:15.477Z] Is rate limited: false

      at Object.log [as handleSubmit] (src/hooks/useRegistrationForm.ts:286:13)

    console.log
      [2026-02-08T19:37:15.477Z] Validation result: true

      at Object.log [as handleSubmit] (src/hooks/useRegistrationForm.ts:296:13)

    console.log
      [2026-02-08T19:37:15.477Z] ✅ Validation passed, proceeding with API call

      at Object.log [as handleSubmit] (src/hooks/useRegistrationForm.ts:303:13)

    console.log
      [2026-02-08T19:37:15.477Z] 📡 Calling API client register method

      at Object.log [as handleSubmit] (src/hooks/useRegistrationForm.ts:316:15)

    console.log
      [2026-02-08T19:37:15.477Z] API payload: {
        email: 'test@example.com',
        name: 'John Doe',
        password: '***REDACTED***'
      }

      at Object.log [as handleSubmit] (src/hooks/useRegistrationForm.ts:317:15)

    console.log
      [2026-02-08T19:37:15.477Z] ❌ API call failed: { status: 409, message: 'Email already exists' }

      at Object.log [as handleSubmit] (src/hooks/useRegistrationForm.ts:343:15)

    console.log
      [2026-02-08T19:37:15.477Z] ========== FORM SUBMISSION ENDED ==========

      at Object.log [as handleSubmit] (src/hooks/useRegistrationForm.ts:376:15)

    console.log
      ✅ preventDefault() called FIRST (stopPropagation also called if available)

      at Object.log [as handleSubmit] (src/hooks/useRegistrationForm.ts:277:13)

    console.log
      [2026-02-08T19:37:15.482Z] ========== FORM SUBMISSION STARTED ==========

      at Object.log [as handleSubmit] (src/hooks/useRegistrationForm.ts:280:13)

    console.log
      [2026-02-08T19:37:15.482Z] Event defaultPrevented: undefined

      at Object.log [as handleSubmit] (src/hooks/useRegistrationForm.ts:281:13)

    console.log
      [2026-02-08T19:37:15.482Z] Event type: undefined

      at Object.log [as handleSubmit] (src/hooks/useRegistrationForm.ts:282:13)

    console.log
      [2026-02-08T19:37:15.482Z] Event target: undefined

      at Object.log [as handleSubmit] (src/hooks/useRegistrationForm.ts:283:13)

    console.log
      [2026-02-08T19:37:15.482Z] Form data: {
        "fullName": "John Doe",
        "email": "test@example.com",
        "password": "Password123!",
        "confirmPassword": "Password123!"
      }

      at Object.log [as handleSubmit] (src/hooks/useRegistrationForm.ts:284:13)

    console.log
      [2026-02-08T19:37:15.482Z] Current errors: {}

      at Object.log [as handleSubmit] (src/hooks/useRegistrationForm.ts:285:13)

    console.log
      [2026-02-08T19:37:15.482Z] Is rate limited: false

      at Object.log [as handleSubmit] (src/hooks/useRegistrationForm.ts:286:13)

    console.log
      [2026-02-08T19:37:15.482Z] Validation result: true

      at Object.log [as handleSubmit] (src/hooks/useRegistrationForm.ts:296:13)

    console.log
      [2026-02-08T19:37:15.482Z] ✅ Validation passed, proceeding with API call

      at Object.log [as handleSubmit] (src/hooks/useRegistrationForm.ts:303:13)

    console.log
      [2026-02-08T19:37:15.482Z] 📡 Calling API client register method

      at Object.log [as handleSubmit] (src/hooks/useRegistrationForm.ts:316:15)

    console.log
      [2026-02-08T19:37:15.482Z] API payload: {
        email: 'test@example.com',
        name: 'John Doe',
        password: '***REDACTED***'
      }

      at Object.log [as handleSubmit] (src/hooks/useRegistrationForm.ts:317:15)

    console.log
      [2026-02-08T19:37:15.482Z] ✅ API call successful

      at Object.log [as handleSubmit] (src/hooks/useRegistrationForm.ts:330:15)

    console.log
      [2026-02-08T19:37:15.482Z] ========== FORM SUBMISSION ENDED ==========

      at Object.log [as handleSubmit] (src/hooks/useRegistrationForm.ts:376:15)

    console.log
      ✅ preventDefault() called FIRST (stopPropagation also called if available)

      at Object.log [as handleSubmit] (src/hooks/useRegistrationForm.ts:277:13)

    console.log
      [2026-02-08T19:37:15.490Z] ========== FORM SUBMISSION STARTED ==========

      at Object.log [as handleSubmit] (src/hooks/useRegistrationForm.ts:280:13)

    console.log
      [2026-02-08T19:37:15.490Z] Event defaultPrevented: undefined

      at Object.log [as handleSubmit] (src/hooks/useRegistrationForm.ts:281:13)

    console.log
      [2026-02-08T19:37:15.490Z] Event type: undefined

      at Object.log [as handleSubmit] (src/hooks/useRegistrationForm.ts:282:13)

    console.log
      [2026-02-08T19:37:15.490Z] Event target: undefined

      at Object.log [as handleSubmit] (src/hooks/useRegistrationForm.ts:283:13)

    console.log
      [2026-02-08T19:37:15.490Z] Form data: {
        "fullName": "John Doe",
        "email": "test@example.com",
        "password": "Password123!",
        "confirmPassword": "Password123!"
      }

      at Object.log [as handleSubmit] (src/hooks/useRegistrationForm.ts:284:13)

    console.log
      [2026-02-08T19:37:15.490Z] Current errors: {}

      at Object.log [as handleSubmit] (src/hooks/useRegistrationForm.ts:285:13)

    console.log
      [2026-02-08T19:37:15.490Z] Is rate limited: false

      at Object.log [as handleSubmit] (src/hooks/useRegistrationForm.ts:286:13)

    console.log
      [2026-02-08T19:37:15.490Z] Validation result: true

      at Object.log [as handleSubmit] (src/hooks/useRegistrationForm.ts:296:13)

    console.log
      [2026-02-08T19:37:15.490Z] ✅ Validation passed, proceeding with API call

      at Object.log [as handleSubmit] (src/hooks/useRegistrationForm.ts:303:13)

    console.log
      [2026-02-08T19:37:15.490Z] 📡 Calling API client register method

      at Object.log [as handleSubmit] (src/hooks/useRegistrationForm.ts:316:15)

    console.log
      [2026-02-08T19:37:15.490Z] API payload: {
        email: 'test@example.com',
        name: 'John Doe',
        password: '***REDACTED***'
      }

      at Object.log [as handleSubmit] (src/hooks/useRegistrationForm.ts:317:15)

    console.log
      [2026-02-08T19:37:15.490Z] ✅ API call successful

      at Object.log [as handleSubmit] (src/hooks/useRegistrationForm.ts:330:15)

    console.log
      [2026-02-08T19:37:15.490Z] ========== FORM SUBMISSION ENDED ==========

      at Object.log [as handleSubmit] (src/hooks/useRegistrationForm.ts:376:15)

    console.log
      ✅ preventDefault() called FIRST (stopPropagation also called if available)

      at Object.log [as handleSubmit] (src/hooks/useRegistrationForm.ts:277:13)

    console.log
      [2026-02-08T19:37:15.499Z] ========== FORM SUBMISSION STARTED ==========

      at Object.log [as handleSubmit] (src/hooks/useRegistrationForm.ts:280:13)

    console.log
      [2026-02-08T19:37:15.499Z] Event defaultPrevented: undefined

      at Object.log [as handleSubmit] (src/hooks/useRegistrationForm.ts:281:13)

    console.log
      [2026-02-08T19:37:15.499Z] Event type: undefined

      at Object.log [as handleSubmit] (src/hooks/useRegistrationForm.ts:282:13)

    console.log
      [2026-02-08T19:37:15.499Z] Event target: undefined

      at Object.log [as handleSubmit] (src/hooks/useRegistrationForm.ts:283:13)

    console.log
      [2026-02-08T19:37:15.499Z] Form data: {
        "fullName": "John Doe",
        "email": "test@example.com",
        "password": "Password123!",
        "confirmPassword": "Password123!"
      }

      at Object.log [as handleSubmit] (src/hooks/useRegistrationForm.ts:284:13)

    console.log
      [2026-02-08T19:37:15.499Z] Current errors: {}

      at Object.log [as handleSubmit] (src/hooks/useRegistrationForm.ts:285:13)

    console.log
      [2026-02-08T19:37:15.499Z] Is rate limited: false

      at Object.log [as handleSubmit] (src/hooks/useRegistrationForm.ts:286:13)

    console.log
      [2026-02-08T19:37:15.499Z] Validation result: true

      at Object.log [as handleSubmit] (src/hooks/useRegistrationForm.ts:296:13)

    console.log
      [2026-02-08T19:37:15.499Z] ✅ Validation passed, proceeding with API call

      at Object.log [as handleSubmit] (src/hooks/useRegistrationForm.ts:303:13)

    console.log
      [2026-02-08T19:37:15.499Z] 📡 Calling API client register method

      at Object.log [as handleSubmit] (src/hooks/useRegistrationForm.ts:316:15)

    console.log
      [2026-02-08T19:37:15.499Z] API payload: {
        email: 'test@example.com',
        name: 'John Doe',
        password: '***REDACTED***'
      }

      at Object.log [as handleSubmit] (src/hooks/useRegistrationForm.ts:317:15)

    console.log
      [2026-02-08T19:37:15.499Z] ✅ API call successful

      at Object.log [as handleSubmit] (src/hooks/useRegistrationForm.ts:330:15)

    console.log
      [2026-02-08T19:37:15.499Z] ========== FORM SUBMISSION ENDED ==========

      at Object.log [as handleSubmit] (src/hooks/useRegistrationForm.ts:376:15)

    console.log
      ✅ preventDefault() called FIRST (stopPropagation also called if available)

      at Object.log [as handleSubmit] (src/hooks/useRegistrationForm.ts:277:13)

    console.log
      [2026-02-08T19:37:15.505Z] ========== FORM SUBMISSION STARTED ==========

      at Object.log [as handleSubmit] (src/hooks/useRegistrationForm.ts:280:13)

    console.log
      [2026-02-08T19:37:15.505Z] Event defaultPrevented: undefined

      at Object.log [as handleSubmit] (src/hooks/useRegistrationForm.ts:281:13)

    console.log
      [2026-02-08T19:37:15.505Z] Event type: undefined

      at Object.log [as handleSubmit] (src/hooks/useRegistrationForm.ts:282:13)

    console.log
      [2026-02-08T19:37:15.505Z] Event target: undefined

      at Object.log [as handleSubmit] (src/hooks/useRegistrationForm.ts:283:13)

    console.log
      [2026-02-08T19:37:15.505Z] Form data: {
        "fullName": "John Doe",
        "email": "test@example.com",
        "password": "Password123!",
        "confirmPassword": "Password123!"
      }

      at Object.log [as handleSubmit] (src/hooks/useRegistrationForm.ts:284:13)

    console.log
      [2026-02-08T19:37:15.505Z] Current errors: {}

      at Object.log [as handleSubmit] (src/hooks/useRegistrationForm.ts:285:13)

    console.log
      [2026-02-08T19:37:15.505Z] Is rate limited: false

      at Object.log [as handleSubmit] (src/hooks/useRegistrationForm.ts:286:13)

    console.log
      [2026-02-08T19:37:15.505Z] Validation result: true

      at Object.log [as handleSubmit] (src/hooks/useRegistrationForm.ts:296:13)

    console.log
      [2026-02-08T19:37:15.505Z] ✅ Validation passed, proceeding with API call

      at Object.log [as handleSubmit] (src/hooks/useRegistrationForm.ts:303:13)

    console.log
      [2026-02-08T19:37:15.505Z] 📡 Calling API client register method

      at Object.log [as handleSubmit] (src/hooks/useRegistrationForm.ts:316:15)

    console.log
      [2026-02-08T19:37:15.505Z] API payload: {
        email: 'test@example.com',
        name: 'John Doe',
        password: '***REDACTED***'
      }

      at Object.log [as handleSubmit] (src/hooks/useRegistrationForm.ts:317:15)

    console.log
      [2026-02-08T19:37:15.505Z] ❌ API call failed: { status: 409, message: 'Email already exists' }

      at Object.log [as handleSubmit] (src/hooks/useRegistrationForm.ts:343:15)

    console.log
      [2026-02-08T19:37:15.505Z] ========== FORM SUBMISSION ENDED ==========

      at Object.log [as handleSubmit] (src/hooks/useRegistrationForm.ts:376:15)

    console.log
      ✅ preventDefault() called FIRST (stopPropagation also called if available)

      at Object.log [as handleSubmit] (src/hooks/useRegistrationForm.ts:277:13)

    console.log
      [2026-02-08T19:37:15.511Z] ========== FORM SUBMISSION STARTED ==========

      at Object.log [as handleSubmit] (src/hooks/useRegistrationForm.ts:280:13)

    console.log
      [2026-02-08T19:37:15.511Z] Event defaultPrevented: undefined

      at Object.log [as handleSubmit] (src/hooks/useRegistrationForm.ts:281:13)

    console.log
      [2026-02-08T19:37:15.511Z] Event type: undefined

      at Object.log [as handleSubmit] (src/hooks/useRegistrationForm.ts:282:13)

    console.log
      [2026-02-08T19:37:15.511Z] Event target: undefined

      at Object.log [as handleSubmit] (src/hooks/useRegistrationForm.ts:283:13)

    console.log
      [2026-02-08T19:37:15.511Z] Form data: {
        "fullName": "John Doe",
        "email": "test@example.com",
        "password": "Password123!",
        "confirmPassword": "Password123!"
      }

      at Object.log [as handleSubmit] (src/hooks/useRegistrationForm.ts:284:13)

    console.log
      [2026-02-08T19:37:15.511Z] Current errors: {}

      at Object.log [as handleSubmit] (src/hooks/useRegistrationForm.ts:285:13)

    console.log
      [2026-02-08T19:37:15.511Z] Is rate limited: false

      at Object.log [as handleSubmit] (src/hooks/useRegistrationForm.ts:286:13)

    console.log
      [2026-02-08T19:37:15.511Z] Validation result: true

      at Object.log [as handleSubmit] (src/hooks/useRegistrationForm.ts:296:13)

    console.log
      [2026-02-08T19:37:15.511Z] ✅ Validation passed, proceeding with API call

      at Object.log [as handleSubmit] (src/hooks/useRegistrationForm.ts:303:13)

    console.log
      [2026-02-08T19:37:15.511Z] 📡 Calling API client register method

      at Object.log [as handleSubmit] (src/hooks/useRegistrationForm.ts:316:15)

    console.log
      [2026-02-08T19:37:15.511Z] API payload: {
        email: 'test@example.com',
        name: 'John Doe',
        password: '***REDACTED***'
      }

      at Object.log [as handleSubmit] (src/hooks/useRegistrationForm.ts:317:15)

    console.log
      [2026-02-08T19:37:15.511Z] ✅ API call successful

      at Object.log [as handleSubmit] (src/hooks/useRegistrationForm.ts:330:15)

    console.log
      [2026-02-08T19:37:15.511Z] ========== FORM SUBMISSION ENDED ==========

      at Object.log [as handleSubmit] (src/hooks/useRegistrationForm.ts:376:15)

    console.log
      ✅ preventDefault() called FIRST (stopPropagation also called if available)

      at Object.log [as handleSubmit] (src/hooks/useRegistrationForm.ts:277:13)

    console.log
      [2026-02-08T19:37:15.515Z] ========== FORM SUBMISSION STARTED ==========

      at Object.log [as handleSubmit] (src/hooks/useRegistrationForm.ts:280:13)

    console.log
      [2026-02-08T19:37:15.515Z] Event defaultPrevented: undefined

      at Object.log [as handleSubmit] (src/hooks/useRegistrationForm.ts:281:13)

    console.log
      [2026-02-08T19:37:15.515Z] Event type: undefined

      at Object.log [as handleSubmit] (src/hooks/useRegistrationForm.ts:282:13)

    console.log
      [2026-02-08T19:37:15.515Z] Event target: undefined

      at Object.log [as handleSubmit] (src/hooks/useRegistrationForm.ts:283:13)

    console.log
      [2026-02-08T19:37:15.515Z] Form data: {
        "fullName": "John Doe",
        "email": "test@example.com",
        "password": "Password123!",
        "confirmPassword": "Password123!"
      }

      at Object.log [as handleSubmit] (src/hooks/useRegistrationForm.ts:284:13)

    console.log
      [2026-02-08T19:37:15.515Z] Current errors: {}

      at Object.log [as handleSubmit] (src/hooks/useRegistrationForm.ts:285:13)

    console.log
      [2026-02-08T19:37:15.515Z] Is rate limited: false

      at Object.log [as handleSubmit] (src/hooks/useRegistrationForm.ts:286:13)

    console.log
      [2026-02-08T19:37:15.515Z] Validation result: true

      at Object.log [as handleSubmit] (src/hooks/useRegistrationForm.ts:296:13)

    console.log
      [2026-02-08T19:37:15.515Z] ✅ Validation passed, proceeding with API call

      at Object.log [as handleSubmit] (src/hooks/useRegistrationForm.ts:303:13)

    console.log
      [2026-02-08T19:37:15.515Z] 📡 Calling API client register method

      at Object.log [as handleSubmit] (src/hooks/useRegistrationForm.ts:316:15)

    console.log
      [2026-02-08T19:37:15.515Z] API payload: {
        email: 'test@example.com',
        name: 'John Doe',
        password: '***REDACTED***'
      }

      at Object.log [as handleSubmit] (src/hooks/useRegistrationForm.ts:317:15)

    console.log
      [2026-02-08T19:37:15.515Z] ❌ API call failed: { status: 409, message: 'Email already exists' }

      at Object.log [as handleSubmit] (src/hooks/useRegistrationForm.ts:343:15)

    console.log
      [2026-02-08T19:37:15.515Z] ========== FORM SUBMISSION ENDED ==========

      at Object.log [as handleSubmit] (src/hooks/useRegistrationForm.ts:376:15)

    console.log
      ✅ preventDefault() called FIRST (stopPropagation also called if available)

      at Object.log [as handleSubmit] (src/hooks/useRegistrationForm.ts:277:13)

    console.log
      [2026-02-08T19:37:15.518Z] ========== FORM SUBMISSION STARTED ==========

      at Object.log [as handleSubmit] (src/hooks/useRegistrationForm.ts:280:13)

    console.log
      [2026-02-08T19:37:15.518Z] Event defaultPrevented: undefined

      at Object.log [as handleSubmit] (src/hooks/useRegistrationForm.ts:281:13)

    console.log
      [2026-02-08T19:37:15.518Z] Event type: undefined

      at Object.log [as handleSubmit] (src/hooks/useRegistrationForm.ts:282:13)

    console.log
      [2026-02-08T19:37:15.518Z] Event target: undefined

      at Object.log [as handleSubmit] (src/hooks/useRegistrationForm.ts:283:13)

    console.log
      [2026-02-08T19:37:15.518Z] Form data: {
        "fullName": "John Doe",
        "email": "test@example.com",
        "password": "Password123!",
        "confirmPassword": "Password123!"
      }

      at Object.log [as handleSubmit] (src/hooks/useRegistrationForm.ts:284:13)

    console.log
      [2026-02-08T19:37:15.518Z] Current errors: {}

      at Object.log [as handleSubmit] (src/hooks/useRegistrationForm.ts:285:13)

    console.log
      [2026-02-08T19:37:15.518Z] Is rate limited: false

      at Object.log [as handleSubmit] (src/hooks/useRegistrationForm.ts:286:13)

    console.log
      [2026-02-08T19:37:15.518Z] Validation result: true

      at Object.log [as handleSubmit] (src/hooks/useRegistrationForm.ts:296:13)

    console.log
      [2026-02-08T19:37:15.518Z] ✅ Validation passed, proceeding with API call

      at Object.log [as handleSubmit] (src/hooks/useRegistrationForm.ts:303:13)

    console.log
      [2026-02-08T19:37:15.518Z] 📡 Calling API client register method

      at Object.log [as handleSubmit] (src/hooks/useRegistrationForm.ts:316:15)

    console.log
      [2026-02-08T19:37:15.518Z] API payload: {
        email: 'test@example.com',
        name: 'John Doe',
        password: '***REDACTED***'
      }

      at Object.log [as handleSubmit] (src/hooks/useRegistrationForm.ts:317:15)

    console.log
      [2026-02-08T19:37:15.518Z] ✅ API call successful

      at Object.log [as handleSubmit] (src/hooks/useRegistrationForm.ts:330:15)

    console.log
      [2026-02-08T19:37:15.518Z] ========== FORM SUBMISSION ENDED ==========

      at Object.log [as handleSubmit] (src/hooks/useRegistrationForm.ts:376:15)

    console.log
      ✅ preventDefault() called FIRST (stopPropagation also called if available)

      at Object.log [as handleSubmit] (src/hooks/useRegistrationForm.ts:277:13)

    console.log
      [2026-02-08T19:37:15.521Z] ========== FORM SUBMISSION STARTED ==========

      at Object.log [as handleSubmit] (src/hooks/useRegistrationForm.ts:280:13)

    console.log
      [2026-02-08T19:37:15.521Z] Event defaultPrevented: undefined

      at Object.log [as handleSubmit] (src/hooks/useRegistrationForm.ts:281:13)

    console.log
      [2026-02-08T19:37:15.521Z] Event type: undefined

      at Object.log [as handleSubmit] (src/hooks/useRegistrationForm.ts:282:13)

    console.log
      [2026-02-08T19:37:15.521Z] Event target: undefined

      at Object.log [as handleSubmit] (src/hooks/useRegistrationForm.ts:283:13)

    console.log
      [2026-02-08T19:37:15.521Z] Form data: {
        "fullName": "John Doe",
        "email": "test@example.com",
        "password": "Password123!",
        "confirmPassword": "Password123!"
      }

      at Object.log [as handleSubmit] (src/hooks/useRegistrationForm.ts:284:13)

    console.log
      [2026-02-08T19:37:15.521Z] Current errors: {}

      at Object.log [as handleSubmit] (src/hooks/useRegistrationForm.ts:285:13)

    console.log
      [2026-02-08T19:37:15.521Z] Is rate limited: false

      at Object.log [as handleSubmit] (src/hooks/useRegistrationForm.ts:286:13)

    console.log
      [2026-02-08T19:37:15.521Z] Validation result: true

      at Object.log [as handleSubmit] (src/hooks/useRegistrationForm.ts:296:13)

    console.log
      [2026-02-08T19:37:15.521Z] ✅ Validation passed, proceeding with API call

      at Object.log [as handleSubmit] (src/hooks/useRegistrationForm.ts:303:13)

    console.log
      [2026-02-08T19:37:15.521Z] 📡 Calling API client register method

      at Object.log [as handleSubmit] (src/hooks/useRegistrationForm.ts:316:15)

    console.log
      [2026-02-08T19:37:15.521Z] API payload: {
        email: 'test@example.com',
        name: 'John Doe',
        password: '***REDACTED***'
      }

      at Object.log [as handleSubmit] (src/hooks/useRegistrationForm.ts:317:15)

    console.log
      [2026-02-08T19:37:15.521Z] ❌ API call failed: { status: 409, message: 'Email already exists' }

      at Object.log [as handleSubmit] (src/hooks/useRegistrationForm.ts:343:15)

    console.log
      [2026-02-08T19:37:15.521Z] ========== FORM SUBMISSION ENDED ==========

      at Object.log [as handleSubmit] (src/hooks/useRegistrationForm.ts:376:15)

    console.log
      ✅ preventDefault() called FIRST (stopPropagation also called if available)

      at Object.log [as handleSubmit] (src/hooks/useRegistrationForm.ts:277:13)

    console.log
      [2026-02-08T19:37:15.527Z] ========== FORM SUBMISSION STARTED ==========

      at Object.log [as handleSubmit] (src/hooks/useRegistrationForm.ts:280:13)

    console.log
      [2026-02-08T19:37:15.527Z] Event defaultPrevented: undefined

      at Object.log [as handleSubmit] (src/hooks/useRegistrationForm.ts:281:13)

    console.log
      [2026-02-08T19:37:15.527Z] Event type: undefined

      at Object.log [as handleSubmit] (src/hooks/useRegistrationForm.ts:282:13)

    console.log
      [2026-02-08T19:37:15.527Z] Event target: undefined

      at Object.log [as handleSubmit] (src/hooks/useRegistrationForm.ts:283:13)

    console.log
      [2026-02-08T19:37:15.527Z] Form data: {
        "fullName": "John Doe",
        "email": "test@example.com",
        "password": "Password123!",
        "confirmPassword": "Password123!"
      }

      at Object.log [as handleSubmit] (src/hooks/useRegistrationForm.ts:284:13)

    console.log
      [2026-02-08T19:37:15.527Z] Current errors: {}

      at Object.log [as handleSubmit] (src/hooks/useRegistrationForm.ts:285:13)

    console.log
      [2026-02-08T19:37:15.527Z] Is rate limited: false

      at Object.log [as handleSubmit] (src/hooks/useRegistrationForm.ts:286:13)

    console.log
      [2026-02-08T19:37:15.527Z] Validation result: true

      at Object.log [as handleSubmit] (src/hooks/useRegistrationForm.ts:296:13)

    console.log
      [2026-02-08T19:37:15.527Z] ✅ Validation passed, proceeding with API call

      at Object.log [as handleSubmit] (src/hooks/useRegistrationForm.ts:303:13)

    console.log
      [2026-02-08T19:37:15.527Z] 📡 Calling API client register method

      at Object.log [as handleSubmit] (src/hooks/useRegistrationForm.ts:316:15)

    console.log
      [2026-02-08T19:37:15.527Z] API payload: {
        email: 'test@example.com',
        name: 'John Doe',
        password: '***REDACTED***'
      }

      at Object.log [as handleSubmit] (src/hooks/useRegistrationForm.ts:317:15)

    console.log
      [2026-02-08T19:37:15.527Z] ❌ API call failed: { status: 409, message: 'Email already exists' }

      at Object.log [as handleSubmit] (src/hooks/useRegistrationForm.ts:343:15)

    console.log
      [2026-02-08T19:37:15.527Z] ========== FORM SUBMISSION ENDED ==========

      at Object.log [as handleSubmit] (src/hooks/useRegistrationForm.ts:376:15)

    console.log
      ✅ preventDefault() called FIRST (stopPropagation also called if available)

      at Object.log [as handleSubmit] (src/hooks/useRegistrationForm.ts:277:13)

    console.log
      [2026-02-08T19:37:15.535Z] ========== FORM SUBMISSION STARTED ==========

      at Object.log [as handleSubmit] (src/hooks/useRegistrationForm.ts:280:13)

    console.log
      [2026-02-08T19:37:15.535Z] Event defaultPrevented: undefined

      at Object.log [as handleSubmit] (src/hooks/useRegistrationForm.ts:281:13)

    console.log
      [2026-02-08T19:37:15.535Z] Event type: undefined

      at Object.log [as handleSubmit] (src/hooks/useRegistrationForm.ts:282:13)

    console.log
      [2026-02-08T19:37:15.535Z] Event target: undefined

      at Object.log [as handleSubmit] (src/hooks/useRegistrationForm.ts:283:13)

    console.log
      [2026-02-08T19:37:15.535Z] Form data: {
        "fullName": "John Doe",
        "email": "test@example.com",
        "password": "Password123!",
        "confirmPassword": "Password123!"
      }

      at Object.log [as handleSubmit] (src/hooks/useRegistrationForm.ts:284:13)

    console.log
      [2026-02-08T19:37:15.535Z] Current errors: {}

      at Object.log [as handleSubmit] (src/hooks/useRegistrationForm.ts:285:13)

    console.log
      [2026-02-08T19:37:15.535Z] Is rate limited: false

      at Object.log [as handleSubmit] (src/hooks/useRegistrationForm.ts:286:13)

    console.log
      [2026-02-08T19:37:15.535Z] Validation result: true

      at Object.log [as handleSubmit] (src/hooks/useRegistrationForm.ts:296:13)

    console.log
      [2026-02-08T19:37:15.535Z] ✅ Validation passed, proceeding with API call

      at Object.log [as handleSubmit] (src/hooks/useRegistrationForm.ts:303:13)

    console.log
      [2026-02-08T19:37:15.535Z] 📡 Calling API client register method

      at Object.log [as handleSubmit] (src/hooks/useRegistrationForm.ts:316:15)

    console.log
      [2026-02-08T19:37:15.535Z] API payload: {
        email: 'test@example.com',
        name: 'John Doe',
        password: '***REDACTED***'
      }

      at Object.log [as handleSubmit] (src/hooks/useRegistrationForm.ts:317:15)

    console.log
      [2026-02-08T19:37:15.535Z] ❌ API call failed: { status: 409, message: 'Email already exists' }

      at Object.log [as handleSubmit] (src/hooks/useRegistrationForm.ts:343:15)

    console.log
      [2026-02-08T19:37:15.535Z] ========== FORM SUBMISSION ENDED ==========

      at Object.log [as handleSubmit] (src/hooks/useRegistrationForm.ts:376:15)

    console.log
      ✅ preventDefault() called FIRST (stopPropagation also called if available)

      at Object.log [as handleSubmit] (src/hooks/useRegistrationForm.ts:277:13)

    console.log
      [2026-02-08T19:37:15.538Z] ========== FORM SUBMISSION STARTED ==========

      at Object.log [as handleSubmit] (src/hooks/useRegistrationForm.ts:280:13)

    console.log
      [2026-02-08T19:37:15.538Z] Event defaultPrevented: undefined

      at Object.log [as handleSubmit] (src/hooks/useRegistrationForm.ts:281:13)

    console.log
      [2026-02-08T19:37:15.538Z] Event type: undefined

      at Object.log [as handleSubmit] (src/hooks/useRegistrationForm.ts:282:13)

    console.log
      [2026-02-08T19:37:15.538Z] Event target: undefined

      at Object.log [as handleSubmit] (src/hooks/useRegistrationForm.ts:283:13)

    console.log
      [2026-02-08T19:37:15.538Z] Form data: {
        "fullName": "John Doe",
        "email": "test@example.com",
        "password": "Password123!",
        "confirmPassword": "Password123!"
      }

      at Object.log [as handleSubmit] (src/hooks/useRegistrationForm.ts:284:13)

    console.log
      [2026-02-08T19:37:15.538Z] Current errors: {}

      at Object.log [as handleSubmit] (src/hooks/useRegistrationForm.ts:285:13)

    console.log
      [2026-02-08T19:37:15.538Z] Is rate limited: true

      at Object.log [as handleSubmit] (src/hooks/useRegistrationForm.ts:286:13)

    console.log
      [2026-02-08T19:37:15.538Z] ❌ Form submission blocked: rate limit active

      at Object.log [as handleSubmit] (src/hooks/useRegistrationForm.ts:290:15)

    console.log
      ✅ preventDefault() called FIRST (stopPropagation also called if available)

      at Object.log [as handleSubmit] (src/hooks/useRegistrationForm.ts:277:13)

    console.log
      [2026-02-08T19:37:15.543Z] ========== FORM SUBMISSION STARTED ==========

      at Object.log [as handleSubmit] (src/hooks/useRegistrationForm.ts:280:13)

    console.log
      [2026-02-08T19:37:15.543Z] Event defaultPrevented: undefined

      at Object.log [as handleSubmit] (src/hooks/useRegistrationForm.ts:281:13)

    console.log
      [2026-02-08T19:37:15.543Z] Event type: undefined

      at Object.log [as handleSubmit] (src/hooks/useRegistrationForm.ts:282:13)

    console.log
      [2026-02-08T19:37:15.543Z] Event target: undefined

      at Object.log [as handleSubmit] (src/hooks/useRegistrationForm.ts:283:13)

    console.log
      [2026-02-08T19:37:15.543Z] Form data: {
        "fullName": "John Doe",
        "email": "test@example.com",
        "password": "Password123!",
        "confirmPassword": "Password123!"
      }

      at Object.log [as handleSubmit] (src/hooks/useRegistrationForm.ts:284:13)

    console.log
      [2026-02-08T19:37:15.543Z] Current errors: {}

      at Object.log [as handleSubmit] (src/hooks/useRegistrationForm.ts:285:13)

    console.log
      [2026-02-08T19:37:15.543Z] Is rate limited: true

      at Object.log [as handleSubmit] (src/hooks/useRegistrationForm.ts:286:13)

    console.log
      [2026-02-08T19:37:15.543Z] ❌ Form submission blocked: rate limit active

      at Object.log [as handleSubmit] (src/hooks/useRegistrationForm.ts:290:15)

    console.log
      ✅ preventDefault() called FIRST (stopPropagation also called if available)

      at Object.log [as handleSubmit] (src/hooks/useRegistrationForm.ts:277:13)

    console.log
      [2026-02-08T19:37:15.546Z] ========== FORM SUBMISSION STARTED ==========

      at Object.log [as handleSubmit] (src/hooks/useRegistrationForm.ts:280:13)

    console.log
      [2026-02-08T19:37:15.546Z] Event defaultPrevented: undefined

      at Object.log [as handleSubmit] (src/hooks/useRegistrationForm.ts:281:13)

    console.log
      [2026-02-08T19:37:15.546Z] Event type: undefined

      at Object.log [as handleSubmit] (src/hooks/useRegistrationForm.ts:282:13)

    console.log
      [2026-02-08T19:37:15.546Z] Event target: undefined

      at Object.log [as handleSubmit] (src/hooks/useRegistrationForm.ts:283:13)

    console.log
      [2026-02-08T19:37:15.546Z] Form data: {
        "fullName": "John Doe",
        "email": "test@example.com",
        "password": "Password123!",
        "confirmPassword": "Password123!"
      }

      at Object.log [as handleSubmit] (src/hooks/useRegistrationForm.ts:284:13)

    console.log
      [2026-02-08T19:37:15.546Z] Current errors: {}

      at Object.log [as handleSubmit] (src/hooks/useRegistrationForm.ts:285:13)

    console.log
      [2026-02-08T19:37:15.546Z] Is rate limited: true

      at Object.log [as handleSubmit] (src/hooks/useRegistrationForm.ts:286:13)

    console.log
      [2026-02-08T19:37:15.546Z] ❌ Form submission blocked: rate limit active

      at Object.log [as handleSubmit] (src/hooks/useRegistrationForm.ts:290:15)

    console.log
      ✅ preventDefault() called FIRST (stopPropagation also called if available)

      at Object.log [as handleSubmit] (src/hooks/useRegistrationForm.ts:277:13)

    console.log
      [2026-02-08T19:37:15.548Z] ========== FORM SUBMISSION STARTED ==========

      at Object.log [as handleSubmit] (src/hooks/useRegistrationForm.ts:280:13)

    console.log
      [2026-02-08T19:37:15.548Z] Event defaultPrevented: undefined

      at Object.log [as handleSubmit] (src/hooks/useRegistrationForm.ts:281:13)

    console.log
      [2026-02-08T19:37:15.548Z] Event type: undefined

      at Object.log [as handleSubmit] (src/hooks/useRegistrationForm.ts:282:13)

    console.log
      [2026-02-08T19:37:15.548Z] Event target: undefined

      at Object.log [as handleSubmit] (src/hooks/useRegistrationForm.ts:283:13)

    console.log
      [2026-02-08T19:37:15.548Z] Form data: {
        "fullName": "John Doe",
        "email": "test@example.com",
        "password": "Password123!",
        "confirmPassword": "Password123!"
      }

      at Object.log [as handleSubmit] (src/hooks/useRegistrationForm.ts:284:13)

    console.log
      [2026-02-08T19:37:15.548Z] Current errors: {}

      at Object.log [as handleSubmit] (src/hooks/useRegistrationForm.ts:285:13)

    console.log
      [2026-02-08T19:37:15.548Z] Is rate limited: true

      at Object.log [as handleSubmit] (src/hooks/useRegistrationForm.ts:286:13)

    console.log
      [2026-02-08T19:37:15.548Z] ❌ Form submission blocked: rate limit active

      at Object.log [as handleSubmit] (src/hooks/useRegistrationForm.ts:290:15)

    console.log
      ✅ preventDefault() called FIRST (stopPropagation also called if available)

      at Object.log [as handleSubmit] (src/hooks/useRegistrationForm.ts:277:13)

    console.log
      [2026-02-08T19:37:15.550Z] ========== FORM SUBMISSION STARTED ==========

      at Object.log [as handleSubmit] (src/hooks/useRegistrationForm.ts:280:13)

    console.log
      [2026-02-08T19:37:15.550Z] Event defaultPrevented: undefined

      at Object.log [as handleSubmit] (src/hooks/useRegistrationForm.ts:281:13)

    console.log
      [2026-02-08T19:37:15.550Z] Event type: undefined

      at Object.log [as handleSubmit] (src/hooks/useRegistrationForm.ts:282:13)

    console.log
      [2026-02-08T19:37:15.550Z] Event target: undefined

      at Object.log [as handleSubmit] (src/hooks/useRegistrationForm.ts:283:13)

    console.log
      [2026-02-08T19:37:15.550Z] Form data: {
        "fullName": "John Doe",
        "email": "test@example.com",
        "password": "Password123!",
        "confirmPassword": "Password123!"
      }

      at Object.log [as handleSubmit] (src/hooks/useRegistrationForm.ts:284:13)

    console.log
      [2026-02-08T19:37:15.550Z] Current errors: {}

      at Object.log [as handleSubmit] (src/hooks/useRegistrationForm.ts:285:13)

    console.log
      [2026-02-08T19:37:15.550Z] Is rate limited: false

      at Object.log [as handleSubmit] (src/hooks/useRegistrationForm.ts:286:13)

    console.log
      [2026-02-08T19:37:15.550Z] Validation result: true

      at Object.log [as handleSubmit] (src/hooks/useRegistrationForm.ts:296:13)

    console.log
      [2026-02-08T19:37:15.550Z] ✅ Validation passed, proceeding with API call

      at Object.log [as handleSubmit] (src/hooks/useRegistrationForm.ts:303:13)

    console.log
      [2026-02-08T19:37:15.550Z] 📡 Calling API client register method

      at Object.log [as handleSubmit] (src/hooks/useRegistrationForm.ts:316:15)

    console.log
      [2026-02-08T19:37:15.550Z] API payload: {
        email: 'test@example.com',
        name: 'John Doe',
        password: '***REDACTED***'
      }

      at Object.log [as handleSubmit] (src/hooks/useRegistrationForm.ts:317:15)

    console.log
      [2026-02-08T19:37:15.550Z] ❌ API call failed: { status: 409, message: 'Email already exists' }

      at Object.log [as handleSubmit] (src/hooks/useRegistrationForm.ts:343:15)

    console.log
      [2026-02-08T19:37:15.550Z] ========== FORM SUBMISSION ENDED ==========

      at Object.log [as handleSubmit] (src/hooks/useRegistrationForm.ts:376:15)

    console.log
      ✅ preventDefault() called FIRST (stopPropagation also called if available)

      at Object.log [as handleSubmit] (src/hooks/useRegistrationForm.ts:277:13)

    console.log
      [2026-02-08T19:37:15.555Z] ========== FORM SUBMISSION STARTED ==========

      at Object.log [as handleSubmit] (src/hooks/useRegistrationForm.ts:280:13)

    console.log
      [2026-02-08T19:37:15.555Z] Event defaultPrevented: undefined

      at Object.log [as handleSubmit] (src/hooks/useRegistrationForm.ts:281:13)

    console.log
      [2026-02-08T19:37:15.555Z] Event type: undefined

      at Object.log [as handleSubmit] (src/hooks/useRegistrationForm.ts:282:13)

    console.log
      [2026-02-08T19:37:15.555Z] Event target: undefined

      at Object.log [as handleSubmit] (src/hooks/useRegistrationForm.ts:283:13)

    console.log
      [2026-02-08T19:37:15.555Z] Form data: {
        "fullName": "John Doe",
        "email": "test@example.com",
        "password": "Password123!",
        "confirmPassword": "Password123!"
      }

      at Object.log [as handleSubmit] (src/hooks/useRegistrationForm.ts:284:13)

    console.log
      [2026-02-08T19:37:15.555Z] Current errors: {}

      at Object.log [as handleSubmit] (src/hooks/useRegistrationForm.ts:285:13)

    console.log
      [2026-02-08T19:37:15.555Z] Is rate limited: false

      at Object.log [as handleSubmit] (src/hooks/useRegistrationForm.ts:286:13)

    console.log
      [2026-02-08T19:37:15.555Z] Validation result: true

      at Object.log [as handleSubmit] (src/hooks/useRegistrationForm.ts:296:13)

    console.log
      [2026-02-08T19:37:15.555Z] ✅ Validation passed, proceeding with API call

      at Object.log [as handleSubmit] (src/hooks/useRegistrationForm.ts:303:13)

    console.log
      [2026-02-08T19:37:15.555Z] 📡 Calling API client register method

      at Object.log [as handleSubmit] (src/hooks/useRegistrationForm.ts:316:15)

    console.log
      [2026-02-08T19:37:15.555Z] API payload: {
        email: 'test@example.com',
        name: 'John Doe',
        password: '***REDACTED***'
      }

      at Object.log [as handleSubmit] (src/hooks/useRegistrationForm.ts:317:15)

    console.log
      [2026-02-08T19:37:15.555Z] ❌ API call failed: { status: 409, message: 'Email already exists' }

      at Object.log [as handleSubmit] (src/hooks/useRegistrationForm.ts:343:15)

    console.log
      [2026-02-08T19:37:15.555Z] ========== FORM SUBMISSION ENDED ==========

      at Object.log [as handleSubmit] (src/hooks/useRegistrationForm.ts:376:15)

    console.log
      ✅ preventDefault() called FIRST (stopPropagation also called if available)

      at Object.log [as handleSubmit] (src/hooks/useRegistrationForm.ts:277:13)

    console.log
      [2026-02-08T19:37:15.557Z] ========== FORM SUBMISSION STARTED ==========

      at Object.log [as handleSubmit] (src/hooks/useRegistrationForm.ts:280:13)

    console.log
      [2026-02-08T19:37:15.557Z] Event defaultPrevented: undefined

      at Object.log [as handleSubmit] (src/hooks/useRegistrationForm.ts:281:13)

    console.log
      [2026-02-08T19:37:15.557Z] Event type: undefined

      at Object.log [as handleSubmit] (src/hooks/useRegistrationForm.ts:282:13)

    console.log
      [2026-02-08T19:37:15.557Z] Event target: undefined

      at Object.log [as handleSubmit] (src/hooks/useRegistrationForm.ts:283:13)

    console.log
      [2026-02-08T19:37:15.557Z] Form data: {
        "fullName": "John Doe",
        "email": "test@example.com",
        "password": "Password123!",
        "confirmPassword": "Password123!"
      }

      at Object.log [as handleSubmit] (src/hooks/useRegistrationForm.ts:284:13)

    console.log
      [2026-02-08T19:37:15.557Z] Current errors: {}

      at Object.log [as handleSubmit] (src/hooks/useRegistrationForm.ts:285:13)

    console.log
      [2026-02-08T19:37:15.557Z] Is rate limited: false

      at Object.log [as handleSubmit] (src/hooks/useRegistrationForm.ts:286:13)

    console.log
      [2026-02-08T19:37:15.557Z] Validation result: true

      at Object.log [as handleSubmit] (src/hooks/useRegistrationForm.ts:296:13)

    console.log
      [2026-02-08T19:37:15.557Z] ✅ Validation passed, proceeding with API call

      at Object.log [as handleSubmit] (src/hooks/useRegistrationForm.ts:303:13)

    console.log
      [2026-02-08T19:37:15.557Z] 📡 Calling API client register method

      at Object.log [as handleSubmit] (src/hooks/useRegistrationForm.ts:316:15)

    console.log
      [2026-02-08T19:37:15.557Z] API payload: {
        email: 'test@example.com',
        name: 'John Doe',
        password: '***REDACTED***'
      }

      at Object.log [as handleSubmit] (src/hooks/useRegistrationForm.ts:317:15)

    console.log
      [2026-02-08T19:37:15.557Z] ❌ API call failed: { status: 409, message: 'Email already exists' }

      at Object.log [as handleSubmit] (src/hooks/useRegistrationForm.ts:343:15)

    console.log
      [2026-02-08T19:37:15.557Z] ========== FORM SUBMISSION ENDED ==========

      at Object.log [as handleSubmit] (src/hooks/useRegistrationForm.ts:376:15)

    console.log
      ✅ preventDefault() called FIRST (stopPropagation also called if available)

      at Object.log [as handleSubmit] (src/hooks/useRegistrationForm.ts:277:13)

    console.log
      [2026-02-08T19:37:15.561Z] ========== FORM SUBMISSION STARTED ==========

      at Object.log [as handleSubmit] (src/hooks/useRegistrationForm.ts:280:13)

    console.log
      [2026-02-08T19:37:15.561Z] Event defaultPrevented: undefined

      at Object.log [as handleSubmit] (src/hooks/useRegistrationForm.ts:281:13)

    console.log
      [2026-02-08T19:37:15.561Z] Event type: undefined

      at Object.log [as handleSubmit] (src/hooks/useRegistrationForm.ts:282:13)

    console.log
      [2026-02-08T19:37:15.561Z] Event target: undefined

      at Object.log [as handleSubmit] (src/hooks/useRegistrationForm.ts:283:13)

    console.log
      [2026-02-08T19:37:15.561Z] Form data: {
        "fullName": "John Doe",
        "email": "test@example.com",
        "password": "Password123!",
        "confirmPassword": "Password123!"
      }

      at Object.log [as handleSubmit] (src/hooks/useRegistrationForm.ts:284:13)

    console.log
      [2026-02-08T19:37:15.561Z] Current errors: {}

      at Object.log [as handleSubmit] (src/hooks/useRegistrationForm.ts:285:13)

    console.log
      [2026-02-08T19:37:15.561Z] Is rate limited: false

      at Object.log [as handleSubmit] (src/hooks/useRegistrationForm.ts:286:13)

    console.log
      [2026-02-08T19:37:15.561Z] Validation result: true

      at Object.log [as handleSubmit] (src/hooks/useRegistrationForm.ts:296:13)

    console.log
      [2026-02-08T19:37:15.561Z] ✅ Validation passed, proceeding with API call

      at Object.log [as handleSubmit] (src/hooks/useRegistrationForm.ts:303:13)

    console.log
      [2026-02-08T19:37:15.561Z] 📡 Calling API client register method

      at Object.log [as handleSubmit] (src/hooks/useRegistrationForm.ts:316:15)

    console.log
      [2026-02-08T19:37:15.561Z] API payload: {
        email: 'test@example.com',
        name: 'John Doe',
        password: '***REDACTED***'
      }

      at Object.log [as handleSubmit] (src/hooks/useRegistrationForm.ts:317:15)

    console.log
      [2026-02-08T19:37:15.561Z] ❌ API call failed: { status: 409, message: 'Email already exists' }

      at Object.log [as handleSubmit] (src/hooks/useRegistrationForm.ts:343:15)

    console.log
      [2026-02-08T19:37:15.561Z] ========== FORM SUBMISSION ENDED ==========

      at Object.log [as handleSubmit] (src/hooks/useRegistrationForm.ts:376:15)

    console.log
      ✅ preventDefault() called FIRST (stopPropagation also called if available)

      at Object.log [as handleSubmit] (src/hooks/useRegistrationForm.ts:277:13)

    console.log
      [2026-02-08T19:37:15.567Z] ========== FORM SUBMISSION STARTED ==========

      at Object.log [as handleSubmit] (src/hooks/useRegistrationForm.ts:280:13)

    console.log
      [2026-02-08T19:37:15.567Z] Event defaultPrevented: undefined

      at Object.log [as handleSubmit] (src/hooks/useRegistrationForm.ts:281:13)

    console.log
      [2026-02-08T19:37:15.567Z] Event type: undefined

      at Object.log [as handleSubmit] (src/hooks/useRegistrationForm.ts:282:13)

    console.log
      [2026-02-08T19:37:15.567Z] Event target: undefined

      at Object.log [as handleSubmit] (src/hooks/useRegistrationForm.ts:283:13)

    console.log
      [2026-02-08T19:37:15.567Z] Form data: {
        "fullName": "John Doe",
        "email": "test@example.com",
        "password": "Password123!",
        "confirmPassword": "Password123!"
      }

      at Object.log [as handleSubmit] (src/hooks/useRegistrationForm.ts:284:13)

    console.log
      [2026-02-08T19:37:15.567Z] Current errors: {}

      at Object.log [as handleSubmit] (src/hooks/useRegistrationForm.ts:285:13)

    console.log
      [2026-02-08T19:37:15.567Z] Is rate limited: false

      at Object.log [as handleSubmit] (src/hooks/useRegistrationForm.ts:286:13)

    console.log
      [2026-02-08T19:37:15.567Z] Validation result: true

      at Object.log [as handleSubmit] (src/hooks/useRegistrationForm.ts:296:13)

    console.log
      [2026-02-08T19:37:15.567Z] ✅ Validation passed, proceeding with API call

      at Object.log [as handleSubmit] (src/hooks/useRegistrationForm.ts:303:13)

    console.log
      [2026-02-08T19:37:15.567Z] 📡 Calling API client register method

      at Object.log [as handleSubmit] (src/hooks/useRegistrationForm.ts:316:15)

    console.log
      [2026-02-08T19:37:15.567Z] API payload: {
        email: 'test@example.com',
        name: 'John Doe',
        password: '***REDACTED***'
      }

      at Object.log [as handleSubmit] (src/hooks/useRegistrationForm.ts:317:15)

    console.log
      [2026-02-08T19:37:15.567Z] ❌ API call failed: { status: 409, message: 'Email already exists' }

      at Object.log [as handleSubmit] (src/hooks/useRegistrationForm.ts:343:15)

    console.log
      [2026-02-08T19:37:15.567Z] ========== FORM SUBMISSION ENDED ==========

      at Object.log [as handleSubmit] (src/hooks/useRegistrationForm.ts:376:15)

    console.log
      ✅ preventDefault() called FIRST (stopPropagation also called if available)

      at Object.log [as handleSubmit] (src/hooks/useRegistrationForm.ts:277:13)

    console.log
      [2026-02-08T19:37:15.571Z] ========== FORM SUBMISSION STARTED ==========

      at Object.log [as handleSubmit] (src/hooks/useRegistrationForm.ts:280:13)

    console.log
      [2026-02-08T19:37:15.571Z] Event defaultPrevented: undefined

      at Object.log [as handleSubmit] (src/hooks/useRegistrationForm.ts:281:13)

    console.log
      [2026-02-08T19:37:15.571Z] Event type: undefined

      at Object.log [as handleSubmit] (src/hooks/useRegistrationForm.ts:282:13)

    console.log
      [2026-02-08T19:37:15.571Z] Event target: undefined

      at Object.log [as handleSubmit] (src/hooks/useRegistrationForm.ts:283:13)

    console.log
      [2026-02-08T19:37:15.571Z] Form data: {
        "fullName": "John Doe",
        "email": "test@example.com",
        "password": "Password123!",
        "confirmPassword": "Password123!"
      }

      at Object.log [as handleSubmit] (src/hooks/useRegistrationForm.ts:284:13)

    console.log
      [2026-02-08T19:37:15.571Z] Current errors: {}

      at Object.log [as handleSubmit] (src/hooks/useRegistrationForm.ts:285:13)

    console.log
      [2026-02-08T19:37:15.571Z] Is rate limited: true

      at Object.log [as handleSubmit] (src/hooks/useRegistrationForm.ts:286:13)

    console.log
      [2026-02-08T19:37:15.571Z] ❌ Form submission blocked: rate limit active

      at Object.log [as handleSubmit] (src/hooks/useRegistrationForm.ts:290:15)

    console.log
      ✅ preventDefault() called FIRST (stopPropagation also called if available)

      at Object.log [as handleSubmit] (src/hooks/useRegistrationForm.ts:277:13)

    console.log
      [2026-02-08T19:37:15.572Z] ========== FORM SUBMISSION STARTED ==========

      at Object.log [as handleSubmit] (src/hooks/useRegistrationForm.ts:280:13)

    console.log
      [2026-02-08T19:37:15.572Z] Event defaultPrevented: undefined

      at Object.log [as handleSubmit] (src/hooks/useRegistrationForm.ts:281:13)

    console.log
      [2026-02-08T19:37:15.572Z] Event type: undefined

      at Object.log [as handleSubmit] (src/hooks/useRegistrationForm.ts:282:13)

    console.log
      [2026-02-08T19:37:15.572Z] Event target: undefined

      at Object.log [as handleSubmit] (src/hooks/useRegistrationForm.ts:283:13)

    console.log
      [2026-02-08T19:37:15.572Z] Form data: {
        "fullName": "John Doe",
        "email": "test@example.com",
        "password": "Password123!",
        "confirmPassword": "Password123!"
      }

      at Object.log [as handleSubmit] (src/hooks/useRegistrationForm.ts:284:13)

    console.log
      [2026-02-08T19:37:15.572Z] Current errors: {}

      at Object.log [as handleSubmit] (src/hooks/useRegistrationForm.ts:285:13)

    console.log
      [2026-02-08T19:37:15.572Z] Is rate limited: true

      at Object.log [as handleSubmit] (src/hooks/useRegistrationForm.ts:286:13)

    console.log
      [2026-02-08T19:37:15.572Z] ❌ Form submission blocked: rate limit active

      at Object.log [as handleSubmit] (src/hooks/useRegistrationForm.ts:290:15)

    console.log
      ✅ preventDefault() called FIRST (stopPropagation also called if available)

      at Object.log [as handleSubmit] (src/hooks/useRegistrationForm.ts:277:13)

    console.log
      [2026-02-08T19:37:15.573Z] ========== FORM SUBMISSION STARTED ==========

      at Object.log [as handleSubmit] (src/hooks/useRegistrationForm.ts:280:13)

    console.log
      [2026-02-08T19:37:15.573Z] Event defaultPrevented: undefined

      at Object.log [as handleSubmit] (src/hooks/useRegistrationForm.ts:281:13)

    console.log
      [2026-02-08T19:37:15.573Z] Event type: undefined

      at Object.log [as handleSubmit] (src/hooks/useRegistrationForm.ts:282:13)

    console.log
      [2026-02-08T19:37:15.573Z] Event target: undefined

      at Object.log [as handleSubmit] (src/hooks/useRegistrationForm.ts:283:13)

    console.log
      [2026-02-08T19:37:15.573Z] Form data: {
        "fullName": "John Doe",
        "email": "test@example.com",
        "password": "Password123!",
        "confirmPassword": "Password123!"
      }

      at Object.log [as handleSubmit] (src/hooks/useRegistrationForm.ts:284:13)

    console.log
      [2026-02-08T19:37:15.573Z] Current errors: {}

      at Object.log [as handleSubmit] (src/hooks/useRegistrationForm.ts:285:13)

    console.log
      [2026-02-08T19:37:15.573Z] Is rate limited: true

      at Object.log [as handleSubmit] (src/hooks/useRegistrationForm.ts:286:13)

    console.log
      [2026-02-08T19:37:15.573Z] ❌ Form submission blocked: rate limit active

      at Object.log [as handleSubmit] (src/hooks/useRegistrationForm.ts:290:15)

    console.log
      ✅ preventDefault() called FIRST (stopPropagation also called if available)

      at Object.log [as handleSubmit] (src/hooks/useRegistrationForm.ts:277:13)

    console.log
      [2026-02-08T19:37:15.575Z] ========== FORM SUBMISSION STARTED ==========

      at Object.log [as handleSubmit] (src/hooks/useRegistrationForm.ts:280:13)

    console.log
      [2026-02-08T19:37:15.575Z] Event defaultPrevented: undefined

      at Object.log [as handleSubmit] (src/hooks/useRegistrationForm.ts:281:13)

    console.log
      [2026-02-08T19:37:15.575Z] Event type: undefined

      at Object.log [as handleSubmit] (src/hooks/useRegistrationForm.ts:282:13)

    console.log
      [2026-02-08T19:37:15.575Z] Event target: undefined

      at Object.log [as handleSubmit] (src/hooks/useRegistrationForm.ts:283:13)

    console.log
      [2026-02-08T19:37:15.575Z] Form data: {
        "fullName": "John Doe",
        "email": "test@example.com",
        "password": "Password123!",
        "confirmPassword": "Password123!"
      }

      at Object.log [as handleSubmit] (src/hooks/useRegistrationForm.ts:284:13)

    console.log
      [2026-02-08T19:37:15.575Z] Current errors: {}

      at Object.log [as handleSubmit] (src/hooks/useRegistrationForm.ts:285:13)

    console.log
      [2026-02-08T19:37:15.575Z] Is rate limited: false

      at Object.log [as handleSubmit] (src/hooks/useRegistrationForm.ts:286:13)

    console.log
      [2026-02-08T19:37:15.575Z] Validation result: true

      at Object.log [as handleSubmit] (src/hooks/useRegistrationForm.ts:296:13)

    console.log
      [2026-02-08T19:37:15.575Z] ✅ Validation passed, proceeding with API call

      at Object.log [as handleSubmit] (src/hooks/useRegistrationForm.ts:303:13)

    console.log
      [2026-02-08T19:37:15.575Z] 📡 Calling API client register method

      at Object.log [as handleSubmit] (src/hooks/useRegistrationForm.ts:316:15)

    console.log
      [2026-02-08T19:37:15.575Z] API payload: {
        email: 'test@example.com',
        name: 'John Doe',
        password: '***REDACTED***'
      }

      at Object.log [as handleSubmit] (src/hooks/useRegistrationForm.ts:317:15)

    console.log
      [2026-02-08T19:37:15.575Z] ❌ API call failed: { status: 409, message: 'Email already exists' }

      at Object.log [as handleSubmit] (src/hooks/useRegistrationForm.ts:343:15)

    console.log
      [2026-02-08T19:37:15.575Z] ========== FORM SUBMISSION ENDED ==========

      at Object.log [as handleSubmit] (src/hooks/useRegistrationForm.ts:376:15)

    console.log
      ✅ preventDefault() called FIRST (stopPropagation also called if available)

      at Object.log [as handleSubmit] (src/hooks/useRegistrationForm.ts:277:13)

    console.log
      [2026-02-08T19:37:15.579Z] ========== FORM SUBMISSION STARTED ==========

      at Object.log [as handleSubmit] (src/hooks/useRegistrationForm.ts:280:13)

    console.log
      [2026-02-08T19:37:15.579Z] Event defaultPrevented: undefined

      at Object.log [as handleSubmit] (src/hooks/useRegistrationForm.ts:281:13)

    console.log
      [2026-02-08T19:37:15.579Z] Event type: undefined

      at Object.log [as handleSubmit] (src/hooks/useRegistrationForm.ts:282:13)

    console.log
      [2026-02-08T19:37:15.579Z] Event target: undefined

      at Object.log [as handleSubmit] (src/hooks/useRegistrationForm.ts:283:13)

    console.log
      [2026-02-08T19:37:15.579Z] Form data: {
        "fullName": "John Doe",
        "email": "test@example.com",
        "password": "Password123!",
        "confirmPassword": "Password123!"
      }

      at Object.log [as handleSubmit] (src/hooks/useRegistrationForm.ts:284:13)

    console.log
      [2026-02-08T19:37:15.579Z] Current errors: {}

      at Object.log [as handleSubmit] (src/hooks/useRegistrationForm.ts:285:13)

    console.log
      [2026-02-08T19:37:15.579Z] Is rate limited: false

      at Object.log [as handleSubmit] (src/hooks/useRegistrationForm.ts:286:13)

    console.log
      [2026-02-08T19:37:15.579Z] Validation result: true

      at Object.log [as handleSubmit] (src/hooks/useRegistrationForm.ts:296:13)

    console.log
      [2026-02-08T19:37:15.579Z] ✅ Validation passed, proceeding with API call

      at Object.log [as handleSubmit] (src/hooks/useRegistrationForm.ts:303:13)

    console.log
      [2026-02-08T19:37:15.579Z] 📡 Calling API client register method

      at Object.log [as handleSubmit] (src/hooks/useRegistrationForm.ts:316:15)

    console.log
      [2026-02-08T19:37:15.579Z] API payload: {
        email: 'test@example.com',
        name: 'John Doe',
        password: '***REDACTED***'
      }

      at Object.log [as handleSubmit] (src/hooks/useRegistrationForm.ts:317:15)

    console.log
      [2026-02-08T19:37:15.579Z] ✅ API call successful

      at Object.log [as handleSubmit] (src/hooks/useRegistrationForm.ts:330:15)

    console.log
      [2026-02-08T19:37:15.579Z] ========== FORM SUBMISSION ENDED ==========

      at Object.log [as handleSubmit] (src/hooks/useRegistrationForm.ts:376:15)

    console.log
      ✅ preventDefault() called FIRST (stopPropagation also called if available)

      at Object.log [as handleSubmit] (src/hooks/useRegistrationForm.ts:277:13)

    console.log
      [2026-02-08T19:37:15.582Z] ========== FORM SUBMISSION STARTED ==========

      at Object.log [as handleSubmit] (src/hooks/useRegistrationForm.ts:280:13)

    console.log
      [2026-02-08T19:37:15.582Z] Event defaultPrevented: undefined

      at Object.log [as handleSubmit] (src/hooks/useRegistrationForm.ts:281:13)

    console.log
      [2026-02-08T19:37:15.582Z] Event type: undefined

      at Object.log [as handleSubmit] (src/hooks/useRegistrationForm.ts:282:13)

    console.log
      [2026-02-08T19:37:15.582Z] Event target: undefined

      at Object.log [as handleSubmit] (src/hooks/useRegistrationForm.ts:283:13)

    console.log
      [2026-02-08T19:37:15.582Z] Form data: {
        "fullName": "John Doe",
        "email": "test@example.com",
        "password": "Password123!",
        "confirmPassword": "Password123!"
      }

      at Object.log [as handleSubmit] (src/hooks/useRegistrationForm.ts:284:13)

    console.log
      [2026-02-08T19:37:15.582Z] Current errors: {}

      at Object.log [as handleSubmit] (src/hooks/useRegistrationForm.ts:285:13)

    console.log
      [2026-02-08T19:37:15.582Z] Is rate limited: false

      at Object.log [as handleSubmit] (src/hooks/useRegistrationForm.ts:286:13)

    console.log
      [2026-02-08T19:37:15.582Z] Validation result: true

      at Object.log [as handleSubmit] (src/hooks/useRegistrationForm.ts:296:13)

    console.log
      [2026-02-08T19:37:15.582Z] ✅ Validation passed, proceeding with API call

      at Object.log [as handleSubmit] (src/hooks/useRegistrationForm.ts:303:13)

    console.log
      [2026-02-08T19:37:15.582Z] 📡 Calling API client register method

      at Object.log [as handleSubmit] (src/hooks/useRegistrationForm.ts:316:15)

    console.log
      [2026-02-08T19:37:15.582Z] API payload: {
        email: 'test@example.com',
        name: 'John Doe',
        password: '***REDACTED***'
      }

      at Object.log [as handleSubmit] (src/hooks/useRegistrationForm.ts:317:15)

    console.log
      [2026-02-08T19:37:15.582Z] ❌ API call failed: { status: 409, message: 'Email already exists' }

      at Object.log [as handleSubmit] (src/hooks/useRegistrationForm.ts:343:15)

    console.log
      [2026-02-08T19:37:15.582Z] ========== FORM SUBMISSION ENDED ==========

      at Object.log [as handleSubmit] (src/hooks/useRegistrationForm.ts:376:15)

    console.log
      ✅ preventDefault() called FIRST (stopPropagation also called if available)

      at Object.log [as handleSubmit] (src/hooks/useRegistrationForm.ts:277:13)

    console.log
      [2026-02-08T19:37:15.589Z] ========== FORM SUBMISSION STARTED ==========

      at Object.log [as handleSubmit] (src/hooks/useRegistrationForm.ts:280:13)

    console.log
      [2026-02-08T19:37:15.589Z] Event defaultPrevented: undefined

      at Object.log [as handleSubmit] (src/hooks/useRegistrationForm.ts:281:13)

    console.log
      [2026-02-08T19:37:15.589Z] Event type: undefined

      at Object.log [as handleSubmit] (src/hooks/useRegistrationForm.ts:282:13)

    console.log
      [2026-02-08T19:37:15.589Z] Event target: undefined

      at Object.log [as handleSubmit] (src/hooks/useRegistrationForm.ts:283:13)

    console.log
      [2026-02-08T19:37:15.589Z] Form data: {
        "fullName": "John Doe",
        "email": "test@example.com",
        "password": "Password123!",
        "confirmPassword": "Password123!"
      }

      at Object.log [as handleSubmit] (src/hooks/useRegistrationForm.ts:284:13)

    console.log
      [2026-02-08T19:37:15.589Z] Current errors: {}

      at Object.log [as handleSubmit] (src/hooks/useRegistrationForm.ts:285:13)

    console.log
      [2026-02-08T19:37:15.589Z] Is rate limited: false

      at Object.log [as handleSubmit] (src/hooks/useRegistrationForm.ts:286:13)

    console.log
      [2026-02-08T19:37:15.589Z] Validation result: true

      at Object.log [as handleSubmit] (src/hooks/useRegistrationForm.ts:296:13)

    console.log
      [2026-02-08T19:37:15.589Z] ✅ Validation passed, proceeding with API call

      at Object.log [as handleSubmit] (src/hooks/useRegistrationForm.ts:303:13)

    console.log
      [2026-02-08T19:37:15.589Z] 📡 Calling API client register method

      at Object.log [as handleSubmit] (src/hooks/useRegistrationForm.ts:316:15)

    console.log
      [2026-02-08T19:37:15.589Z] API payload: {
        email: 'test@example.com',
        name: 'John Doe',
        password: '***REDACTED***'
      }

      at Object.log [as handleSubmit] (src/hooks/useRegistrationForm.ts:317:15)

    console.log
      [2026-02-08T19:37:15.589Z] ❌ API call failed: { status: 409, message: 'Email already exists' }

      at Object.log [as handleSubmit] (src/hooks/useRegistrationForm.ts:343:15)

    console.log
      [2026-02-08T19:37:15.589Z] ========== FORM SUBMISSION ENDED ==========

      at Object.log [as handleSubmit] (src/hooks/useRegistrationForm.ts:376:15)

    console.log
      ✅ preventDefault() called FIRST (stopPropagation also called if available)

      at Object.log [as handleSubmit] (src/hooks/useRegistrationForm.ts:277:13)

    console.log
      [2026-02-08T19:37:15.594Z] ========== FORM SUBMISSION STARTED ==========

      at Object.log [as handleSubmit] (src/hooks/useRegistrationForm.ts:280:13)

    console.log
      [2026-02-08T19:37:15.594Z] Event defaultPrevented: undefined

      at Object.log [as handleSubmit] (src/hooks/useRegistrationForm.ts:281:13)

    console.log
      [2026-02-08T19:37:15.594Z] Event type: undefined

      at Object.log [as handleSubmit] (src/hooks/useRegistrationForm.ts:282:13)

    console.log
      [2026-02-08T19:37:15.594Z] Event target: undefined

      at Object.log [as handleSubmit] (src/hooks/useRegistrationForm.ts:283:13)

    console.log
      [2026-02-08T19:37:15.594Z] Form data: {
        "fullName": "John Doe",
        "email": "test@example.com",
        "password": "Password123!",
        "confirmPassword": "Password123!"
      }

      at Object.log [as handleSubmit] (src/hooks/useRegistrationForm.ts:284:13)

    console.log
      [2026-02-08T19:37:15.594Z] Current errors: {}

      at Object.log [as handleSubmit] (src/hooks/useRegistrationForm.ts:285:13)

    console.log
      [2026-02-08T19:37:15.594Z] Is rate limited: false

      at Object.log [as handleSubmit] (src/hooks/useRegistrationForm.ts:286:13)

    console.log
      [2026-02-08T19:37:15.594Z] Validation result: true

      at Object.log [as handleSubmit] (src/hooks/useRegistrationForm.ts:296:13)

    console.log
      [2026-02-08T19:37:15.594Z] ✅ Validation passed, proceeding with API call

      at Object.log [as handleSubmit] (src/hooks/useRegistrationForm.ts:303:13)

    console.log
      [2026-02-08T19:37:15.594Z] 📡 Calling API client register method

      at Object.log [as handleSubmit] (src/hooks/useRegistrationForm.ts:316:15)

    console.log
      [2026-02-08T19:37:15.594Z] API payload: {
        email: 'test@example.com',
        name: 'John Doe',
        password: '***REDACTED***'
      }

      at Object.log [as handleSubmit] (src/hooks/useRegistrationForm.ts:317:15)

    console.log
      [2026-02-08T19:37:15.594Z] ❌ API call failed: { status: 409, message: 'Email already exists' }

      at Object.log [as handleSubmit] (src/hooks/useRegistrationForm.ts:343:15)

    console.log
      [2026-02-08T19:37:15.594Z] ========== FORM SUBMISSION ENDED ==========

      at Object.log [as handleSubmit] (src/hooks/useRegistrationForm.ts:376:15)

    console.log
      ✅ preventDefault() called FIRST (stopPropagation also called if available)

      at Object.log [as handleSubmit] (src/hooks/useRegistrationForm.ts:277:13)

    console.log
      [2026-02-08T19:37:15.598Z] ========== FORM SUBMISSION STARTED ==========

      at Object.log [as handleSubmit] (src/hooks/useRegistrationForm.ts:280:13)

    console.log
      [2026-02-08T19:37:15.598Z] Event defaultPrevented: undefined

      at Object.log [as handleSubmit] (src/hooks/useRegistrationForm.ts:281:13)

    console.log
      [2026-02-08T19:37:15.598Z] Event type: undefined

      at Object.log [as handleSubmit] (src/hooks/useRegistrationForm.ts:282:13)

    console.log
      [2026-02-08T19:37:15.598Z] Event target: undefined

      at Object.log [as handleSubmit] (src/hooks/useRegistrationForm.ts:283:13)

    console.log
      [2026-02-08T19:37:15.598Z] Form data: {
        "fullName": "John Doe",
        "email": "test@example.com",
        "password": "Password123!",
        "confirmPassword": "Password123!"
      }

      at Object.log [as handleSubmit] (src/hooks/useRegistrationForm.ts:284:13)

    console.log
      [2026-02-08T19:37:15.598Z] Current errors: {}

      at Object.log [as handleSubmit] (src/hooks/useRegistrationForm.ts:285:13)

    console.log
      [2026-02-08T19:37:15.598Z] Is rate limited: false

      at Object.log [as handleSubmit] (src/hooks/useRegistrationForm.ts:286:13)

    console.log
      [2026-02-08T19:37:15.598Z] Validation result: true

      at Object.log [as handleSubmit] (src/hooks/useRegistrationForm.ts:296:13)

    console.log
      [2026-02-08T19:37:15.598Z] ✅ Validation passed, proceeding with API call

      at Object.log [as handleSubmit] (src/hooks/useRegistrationForm.ts:303:13)

    console.log
      [2026-02-08T19:37:15.598Z] 📡 Calling API client register method

      at Object.log [as handleSubmit] (src/hooks/useRegistrationForm.ts:316:15)

    console.log
      [2026-02-08T19:37:15.598Z] API payload: {
        email: 'test@example.com',
        name: 'John Doe',
        password: '***REDACTED***'
      }

      at Object.log [as handleSubmit] (src/hooks/useRegistrationForm.ts:317:15)

    console.log
      [2026-02-08T19:37:15.598Z] ❌ API call failed: { status: 409, message: 'Email already exists' }

      at Object.log [as handleSubmit] (src/hooks/useRegistrationForm.ts:343:15)

    console.log
      [2026-02-08T19:37:15.598Z] ========== FORM SUBMISSION ENDED ==========

      at Object.log [as handleSubmit] (src/hooks/useRegistrationForm.ts:376:15)

    console.log
      ✅ preventDefault() called FIRST (stopPropagation also called if available)

      at Object.log [as handleSubmit] (src/hooks/useRegistrationForm.ts:277:13)

    console.log
      [2026-02-08T19:37:15.601Z] ========== FORM SUBMISSION STARTED ==========

      at Object.log [as handleSubmit] (src/hooks/useRegistrationForm.ts:280:13)

    console.log
      [2026-02-08T19:37:15.601Z] Event defaultPrevented: undefined

      at Object.log [as handleSubmit] (src/hooks/useRegistrationForm.ts:281:13)

    console.log
      [2026-02-08T19:37:15.601Z] Event type: undefined

      at Object.log [as handleSubmit] (src/hooks/useRegistrationForm.ts:282:13)

    console.log
      [2026-02-08T19:37:15.601Z] Event target: undefined

      at Object.log [as handleSubmit] (src/hooks/useRegistrationForm.ts:283:13)

    console.log
      [2026-02-08T19:37:15.601Z] Form data: {
        "fullName": "John Doe",
        "email": "test@example.com",
        "password": "Password123!",
        "confirmPassword": "Password123!"
      }

      at Object.log [as handleSubmit] (src/hooks/useRegistrationForm.ts:284:13)

    console.log
      [2026-02-08T19:37:15.601Z] Current errors: {}

      at Object.log [as handleSubmit] (src/hooks/useRegistrationForm.ts:285:13)

    console.log
      [2026-02-08T19:37:15.601Z] Is rate limited: false

      at Object.log [as handleSubmit] (src/hooks/useRegistrationForm.ts:286:13)

    console.log
      [2026-02-08T19:37:15.601Z] Validation result: true

      at Object.log [as handleSubmit] (src/hooks/useRegistrationForm.ts:296:13)

    console.log
      [2026-02-08T19:37:15.601Z] ✅ Validation passed, proceeding with API call

      at Object.log [as handleSubmit] (src/hooks/useRegistrationForm.ts:303:13)

    console.log
      [2026-02-08T19:37:15.601Z] 📡 Calling API client register method

      at Object.log [as handleSubmit] (src/hooks/useRegistrationForm.ts:316:15)

    console.log
      [2026-02-08T19:37:15.601Z] API payload: {
        email: 'test@example.com',
        name: 'John Doe',
        password: '***REDACTED***'
      }

      at Object.log [as handleSubmit] (src/hooks/useRegistrationForm.ts:317:15)

    console.log
      [2026-02-08T19:37:15.601Z] ❌ API call failed: { status: 409, message: 'Email already exists' }

      at Object.log [as handleSubmit] (src/hooks/useRegistrationForm.ts:343:15)

    console.log
      [2026-02-08T19:37:15.601Z] ========== FORM SUBMISSION ENDED ==========

      at Object.log [as handleSubmit] (src/hooks/useRegistrationForm.ts:376:15)

    console.log
      ✅ preventDefault() called FIRST (stopPropagation also called if available)

      at Object.log [as handleSubmit] (src/hooks/useRegistrationForm.ts:277:13)

    console.log
      [2026-02-08T19:37:15.605Z] ========== FORM SUBMISSION STARTED ==========

      at Object.log [as handleSubmit] (src/hooks/useRegistrationForm.ts:280:13)

    console.log
      [2026-02-08T19:37:15.605Z] Event defaultPrevented: undefined

      at Object.log [as handleSubmit] (src/hooks/useRegistrationForm.ts:281:13)

    console.log
      [2026-02-08T19:37:15.605Z] Event type: undefined

      at Object.log [as handleSubmit] (src/hooks/useRegistrationForm.ts:282:13)

    console.log
      [2026-02-08T19:37:15.605Z] Event target: undefined

      at Object.log [as handleSubmit] (src/hooks/useRegistrationForm.ts:283:13)

    console.log
      [2026-02-08T19:37:15.605Z] Form data: {
        "fullName": "John Doe",
        "email": "test@example.com",
        "password": "Password123!",
        "confirmPassword": "Password123!"
      }

      at Object.log [as handleSubmit] (src/hooks/useRegistrationForm.ts:284:13)

    console.log
      [2026-02-08T19:37:15.605Z] Current errors: {}

      at Object.log [as handleSubmit] (src/hooks/useRegistrationForm.ts:285:13)

    console.log
      [2026-02-08T19:37:15.605Z] Is rate limited: false

      at Object.log [as handleSubmit] (src/hooks/useRegistrationForm.ts:286:13)

    console.log
      [2026-02-08T19:37:15.605Z] Validation result: true

      at Object.log [as handleSubmit] (src/hooks/useRegistrationForm.ts:296:13)

    console.log
      [2026-02-08T19:37:15.605Z] ✅ Validation passed, proceeding with API call

      at Object.log [as handleSubmit] (src/hooks/useRegistrationForm.ts:303:13)

    console.log
      [2026-02-08T19:37:15.605Z] 📡 Calling API client register method

      at Object.log [as handleSubmit] (src/hooks/useRegistrationForm.ts:316:15)

    console.log
      [2026-02-08T19:37:15.605Z] API payload: {
        email: 'test@example.com',
        name: 'John Doe',
        password: '***REDACTED***'
      }

      at Object.log [as handleSubmit] (src/hooks/useRegistrationForm.ts:317:15)

    console.log
      [2026-02-08T19:37:15.605Z] ❌ API call failed: { status: 409, message: 'Email already exists' }

      at Object.log [as handleSubmit] (src/hooks/useRegistrationForm.ts:343:15)

    console.log
      [2026-02-08T19:37:15.605Z] ========== FORM SUBMISSION ENDED ==========

      at Object.log [as handleSubmit] (src/hooks/useRegistrationForm.ts:376:15)

    console.log
      ✅ preventDefault() called FIRST (stopPropagation also called if available)

      at Object.log [as handleSubmit] (src/hooks/useRegistrationForm.ts:277:13)

    console.log
      [2026-02-08T19:37:15.610Z] ========== FORM SUBMISSION STARTED ==========

      at Object.log [as handleSubmit] (src/hooks/useRegistrationForm.ts:280:13)

    console.log
      [2026-02-08T19:37:15.610Z] Event defaultPrevented: undefined

      at Object.log [as handleSubmit] (src/hooks/useRegistrationForm.ts:281:13)

    console.log
      [2026-02-08T19:37:15.610Z] Event type: undefined

      at Object.log [as handleSubmit] (src/hooks/useRegistrationForm.ts:282:13)

    console.log
      [2026-02-08T19:37:15.610Z] Event target: undefined

      at Object.log [as handleSubmit] (src/hooks/useRegistrationForm.ts:283:13)

    console.log
      [2026-02-08T19:37:15.610Z] Form data: {
        "fullName": "John Doe",
        "email": "test@example.com",
        "password": "Password123!",
        "confirmPassword": "Password123!"
      }

      at Object.log [as handleSubmit] (src/hooks/useRegistrationForm.ts:284:13)

    console.log
      [2026-02-08T19:37:15.610Z] Current errors: {}

      at Object.log [as handleSubmit] (src/hooks/useRegistrationForm.ts:285:13)

    console.log
      [2026-02-08T19:37:15.610Z] Is rate limited: false

      at Object.log [as handleSubmit] (src/hooks/useRegistrationForm.ts:286:13)

    console.log
      [2026-02-08T19:37:15.610Z] Validation result: true

      at Object.log [as handleSubmit] (src/hooks/useRegistrationForm.ts:296:13)

    console.log
      [2026-02-08T19:37:15.610Z] ✅ Validation passed, proceeding with API call

      at Object.log [as handleSubmit] (src/hooks/useRegistrationForm.ts:303:13)

    console.log
      [2026-02-08T19:37:15.610Z] 📡 Calling API client register method

      at Object.log [as handleSubmit] (src/hooks/useRegistrationForm.ts:316:15)

    console.log
      [2026-02-08T19:37:15.610Z] API payload: {
        email: 'test@example.com',
        name: 'John Doe',
        password: '***REDACTED***'
      }

      at Object.log [as handleSubmit] (src/hooks/useRegistrationForm.ts:317:15)

    console.log
      [2026-02-08T19:37:15.610Z] ✅ API call successful

      at Object.log [as handleSubmit] (src/hooks/useRegistrationForm.ts:330:15)

    console.log
      [2026-02-08T19:37:15.610Z] ========== FORM SUBMISSION ENDED ==========

      at Object.log [as handleSubmit] (src/hooks/useRegistrationForm.ts:376:15)

    console.log
      ✅ preventDefault() called FIRST (stopPropagation also called if available)

      at Object.log [as handleSubmit] (src/hooks/useRegistrationForm.ts:277:13)

    console.log
      [2026-02-08T19:37:15.614Z] ========== FORM SUBMISSION STARTED ==========

      at Object.log [as handleSubmit] (src/hooks/useRegistrationForm.ts:280:13)

    console.log
      [2026-02-08T19:37:15.614Z] Event defaultPrevented: undefined

      at Object.log [as handleSubmit] (src/hooks/useRegistrationForm.ts:281:13)

    console.log
      [2026-02-08T19:37:15.614Z] Event type: undefined

      at Object.log [as handleSubmit] (src/hooks/useRegistrationForm.ts:282:13)

    console.log
      [2026-02-08T19:37:15.614Z] Event target: undefined

      at Object.log [as handleSubmit] (src/hooks/useRegistrationForm.ts:283:13)

    console.log
      [2026-02-08T19:37:15.614Z] Form data: {
        "fullName": "John Doe",
        "email": "test@example.com",
        "password": "Password123!",
        "confirmPassword": "Password123!"
      }

      at Object.log [as handleSubmit] (src/hooks/useRegistrationForm.ts:284:13)

    console.log
      [2026-02-08T19:37:15.614Z] Current errors: {}

      at Object.log [as handleSubmit] (src/hooks/useRegistrationForm.ts:285:13)

    console.log
      [2026-02-08T19:37:15.614Z] Is rate limited: true

      at Object.log [as handleSubmit] (src/hooks/useRegistrationForm.ts:286:13)

    console.log
      [2026-02-08T19:37:15.614Z] ❌ Form submission blocked: rate limit active

      at Object.log [as handleSubmit] (src/hooks/useRegistrationForm.ts:290:15)

    console.log
      ✅ preventDefault() called FIRST (stopPropagation also called if available)

      at Object.log [as handleSubmit] (src/hooks/useRegistrationForm.ts:277:13)

    console.log
      [2026-02-08T19:37:15.620Z] ========== FORM SUBMISSION STARTED ==========

      at Object.log [as handleSubmit] (src/hooks/useRegistrationForm.ts:280:13)

    console.log
      [2026-02-08T19:37:15.620Z] Event defaultPrevented: undefined

      at Object.log [as handleSubmit] (src/hooks/useRegistrationForm.ts:281:13)

    console.log
      [2026-02-08T19:37:15.620Z] Event type: undefined

      at Object.log [as handleSubmit] (src/hooks/useRegistrationForm.ts:282:13)

    console.log
      [2026-02-08T19:37:15.620Z] Event target: undefined

      at Object.log [as handleSubmit] (src/hooks/useRegistrationForm.ts:283:13)

    console.log
      [2026-02-08T19:37:15.620Z] Form data: {
        "fullName": "John Doe",
        "email": "test@example.com",
        "password": "Password123!",
        "confirmPassword": "Password123!"
      }

      at Object.log [as handleSubmit] (src/hooks/useRegistrationForm.ts:284:13)

    console.log
      [2026-02-08T19:37:15.620Z] Current errors: {}

      at Object.log [as handleSubmit] (src/hooks/useRegistrationForm.ts:285:13)

    console.log
      [2026-02-08T19:37:15.620Z] Is rate limited: false

      at Object.log [as handleSubmit] (src/hooks/useRegistrationForm.ts:286:13)

    console.log
      [2026-02-08T19:37:15.620Z] Validation result: true

      at Object.log [as handleSubmit] (src/hooks/useRegistrationForm.ts:296:13)

    console.log
      [2026-02-08T19:37:15.620Z] ✅ Validation passed, proceeding with API call

      at Object.log [as handleSubmit] (src/hooks/useRegistrationForm.ts:303:13)

    console.log
      [2026-02-08T19:37:15.620Z] 📡 Calling API client register method

      at Object.log [as handleSubmit] (src/hooks/useRegistrationForm.ts:316:15)

    console.log
      [2026-02-08T19:37:15.620Z] API payload: {
        email: 'test@example.com',
        name: 'John Doe',
        password: '***REDACTED***'
      }

      at Object.log [as handleSubmit] (src/hooks/useRegistrationForm.ts:317:15)

    console.log
      [2026-02-08T19:37:15.620Z] ❌ API call failed: { status: 409, message: 'Email already exists' }

      at Object.log [as handleSubmit] (src/hooks/useRegistrationForm.ts:343:15)

    console.log
      [2026-02-08T19:37:15.620Z] ========== FORM SUBMISSION ENDED ==========

      at Object.log [as handleSubmit] (src/hooks/useRegistrationForm.ts:376:15)

    console.log
      ✅ preventDefault() called FIRST (stopPropagation also called if available)

      at Object.log [as handleSubmit] (src/hooks/useRegistrationForm.ts:277:13)

    console.log
      [2026-02-08T19:37:15.627Z] ========== FORM SUBMISSION STARTED ==========

      at Object.log [as handleSubmit] (src/hooks/useRegistrationForm.ts:280:13)

    console.log
      [2026-02-08T19:37:15.627Z] Event defaultPrevented: undefined

      at Object.log [as handleSubmit] (src/hooks/useRegistrationForm.ts:281:13)

    console.log
      [2026-02-08T19:37:15.627Z] Event type: undefined

      at Object.log [as handleSubmit] (src/hooks/useRegistrationForm.ts:282:13)

    console.log
      [2026-02-08T19:37:15.627Z] Event target: undefined

      at Object.log [as handleSubmit] (src/hooks/useRegistrationForm.ts:283:13)

    console.log
      [2026-02-08T19:37:15.627Z] Form data: {
        "fullName": "John Doe",
        "email": "test@example.com",
        "password": "Password123!",
        "confirmPassword": "Password123!"
      }

      at Object.log [as handleSubmit] (src/hooks/useRegistrationForm.ts:284:13)

    console.log
      [2026-02-08T19:37:15.627Z] Current errors: {}

      at Object.log [as handleSubmit] (src/hooks/useRegistrationForm.ts:285:13)

    console.log
      [2026-02-08T19:37:15.627Z] Is rate limited: false

      at Object.log [as handleSubmit] (src/hooks/useRegistrationForm.ts:286:13)

    console.log
      [2026-02-08T19:37:15.627Z] Validation result: true

      at Object.log [as handleSubmit] (src/hooks/useRegistrationForm.ts:296:13)

    console.log
      [2026-02-08T19:37:15.627Z] ✅ Validation passed, proceeding with API call

      at Object.log [as handleSubmit] (src/hooks/useRegistrationForm.ts:303:13)

    console.log
      [2026-02-08T19:37:15.627Z] 📡 Calling API client register method

      at Object.log [as handleSubmit] (src/hooks/useRegistrationForm.ts:316:15)

    console.log
      [2026-02-08T19:37:15.627Z] API payload: {
        email: 'test@example.com',
        name: 'John Doe',
        password: '***REDACTED***'
      }

      at Object.log [as handleSubmit] (src/hooks/useRegistrationForm.ts:317:15)

    console.log
      [2026-02-08T19:37:15.627Z] ✅ API call successful

      at Object.log [as handleSubmit] (src/hooks/useRegistrationForm.ts:330:15)

    console.log
      [2026-02-08T19:37:15.627Z] ========== FORM SUBMISSION ENDED ==========

      at Object.log [as handleSubmit] (src/hooks/useRegistrationForm.ts:376:15)

    console.log
      ✅ preventDefault() called FIRST (stopPropagation also called if available)

      at Object.log [as handleSubmit] (src/hooks/useRegistrationForm.ts:277:13)

    console.log
      [2026-02-08T19:37:15.630Z] ========== FORM SUBMISSION STARTED ==========

      at Object.log [as handleSubmit] (src/hooks/useRegistrationForm.ts:280:13)

    console.log
      [2026-02-08T19:37:15.630Z] Event defaultPrevented: undefined

      at Object.log [as handleSubmit] (src/hooks/useRegistrationForm.ts:281:13)

    console.log
      [2026-02-08T19:37:15.630Z] Event type: undefined

      at Object.log [as handleSubmit] (src/hooks/useRegistrationForm.ts:282:13)

    console.log
      [2026-02-08T19:37:15.630Z] Event target: undefined

      at Object.log [as handleSubmit] (src/hooks/useRegistrationForm.ts:283:13)

    console.log
      [2026-02-08T19:37:15.630Z] Form data: {
        "fullName": "John Doe",
        "email": "test@example.com",
        "password": "Password123!",
        "confirmPassword": "Password123!"
      }

      at Object.log [as handleSubmit] (src/hooks/useRegistrationForm.ts:284:13)

    console.log
      [2026-02-08T19:37:15.630Z] Current errors: {}

      at Object.log [as handleSubmit] (src/hooks/useRegistrationForm.ts:285:13)

    console.log
      [2026-02-08T19:37:15.630Z] Is rate limited: false

      at Object.log [as handleSubmit] (src/hooks/useRegistrationForm.ts:286:13)

    console.log
      [2026-02-08T19:37:15.630Z] Validation result: true

      at Object.log [as handleSubmit] (src/hooks/useRegistrationForm.ts:296:13)

    console.log
      [2026-02-08T19:37:15.630Z] ✅ Validation passed, proceeding with API call

      at Object.log [as handleSubmit] (src/hooks/useRegistrationForm.ts:303:13)

    console.log
      [2026-02-08T19:37:15.630Z] 📡 Calling API client register method

      at Object.log [as handleSubmit] (src/hooks/useRegistrationForm.ts:316:15)

    console.log
      [2026-02-08T19:37:15.630Z] API payload: {
        email: 'test@example.com',
        name: 'John Doe',
        password: '***REDACTED***'
      }

      at Object.log [as handleSubmit] (src/hooks/useRegistrationForm.ts:317:15)

    console.log
      [2026-02-08T19:37:15.630Z] ✅ API call successful

      at Object.log [as handleSubmit] (src/hooks/useRegistrationForm.ts:330:15)

    console.log
      [2026-02-08T19:37:15.630Z] ========== FORM SUBMISSION ENDED ==========

      at Object.log [as handleSubmit] (src/hooks/useRegistrationForm.ts:376:15)

    console.log
      ✅ preventDefault() called FIRST (stopPropagation also called if available)

      at Object.log [as handleSubmit] (src/hooks/useRegistrationForm.ts:277:13)

    console.log
      [2026-02-08T19:37:15.643Z] ========== FORM SUBMISSION STARTED ==========

      at Object.log [as handleSubmit] (src/hooks/useRegistrationForm.ts:280:13)

    console.log
      [2026-02-08T19:37:15.643Z] Event defaultPrevented: undefined

      at Object.log [as handleSubmit] (src/hooks/useRegistrationForm.ts:281:13)

    console.log
      [2026-02-08T19:37:15.643Z] Event type: undefined

      at Object.log [as handleSubmit] (src/hooks/useRegistrationForm.ts:282:13)

    console.log
      [2026-02-08T19:37:15.643Z] Event target: undefined

      at Object.log [as handleSubmit] (src/hooks/useRegistrationForm.ts:283:13)

    console.log
      [2026-02-08T19:37:15.643Z] Form data: {
        "fullName": "John Doe",
        "email": "test@example.com",
        "password": "Password123!",
        "confirmPassword": "Password123!"
      }

      at Object.log [as handleSubmit] (src/hooks/useRegistrationForm.ts:284:13)

    console.log
      [2026-02-08T19:37:15.643Z] Current errors: {}

      at Object.log [as handleSubmit] (src/hooks/useRegistrationForm.ts:285:13)

    console.log
      [2026-02-08T19:37:15.643Z] Is rate limited: false

      at Object.log [as handleSubmit] (src/hooks/useRegistrationForm.ts:286:13)

    console.log
      [2026-02-08T19:37:15.643Z] Validation result: true

      at Object.log [as handleSubmit] (src/hooks/useRegistrationForm.ts:296:13)

    console.log
      [2026-02-08T19:37:15.643Z] ✅ Validation passed, proceeding with API call

      at Object.log [as handleSubmit] (src/hooks/useRegistrationForm.ts:303:13)

    console.log
      [2026-02-08T19:37:15.643Z] 📡 Calling API client register method

      at Object.log [as handleSubmit] (src/hooks/useRegistrationForm.ts:316:15)

    console.log
      [2026-02-08T19:37:15.643Z] API payload: {
        email: 'test@example.com',
        name: 'John Doe',
        password: '***REDACTED***'
      }

      at Object.log [as handleSubmit] (src/hooks/useRegistrationForm.ts:317:15)

    console.log
      [2026-02-08T19:37:15.643Z] ❌ API call failed: { status: 409, message: 'Email already exists' }

      at Object.log [as handleSubmit] (src/hooks/useRegistrationForm.ts:343:15)

    console.log
      [2026-02-08T19:37:15.643Z] ========== FORM SUBMISSION ENDED ==========

      at Object.log [as handleSubmit] (src/hooks/useRegistrationForm.ts:376:15)

    console.log
      ✅ preventDefault() called FIRST (stopPropagation also called if available)

      at Object.log [as handleSubmit] (src/hooks/useRegistrationForm.ts:277:13)

    console.log
      [2026-02-08T19:37:15.650Z] ========== FORM SUBMISSION STARTED ==========

      at Object.log [as handleSubmit] (src/hooks/useRegistrationForm.ts:280:13)

    console.log
      [2026-02-08T19:37:15.650Z] Event defaultPrevented: undefined

      at Object.log [as handleSubmit] (src/hooks/useRegistrationForm.ts:281:13)

    console.log
      [2026-02-08T19:37:15.650Z] Event type: undefined

      at Object.log [as handleSubmit] (src/hooks/useRegistrationForm.ts:282:13)

    console.log
      [2026-02-08T19:37:15.650Z] Event target: undefined

      at Object.log [as handleSubmit] (src/hooks/useRegistrationForm.ts:283:13)

    console.log
      [2026-02-08T19:37:15.650Z] Form data: {
        "fullName": "John Doe",
        "email": "test@example.com",
        "password": "Password123!",
        "confirmPassword": "Password123!"
      }

      at Object.log [as handleSubmit] (src/hooks/useRegistrationForm.ts:284:13)

    console.log
      [2026-02-08T19:37:15.650Z] Current errors: {}

      at Object.log [as handleSubmit] (src/hooks/useRegistrationForm.ts:285:13)

    console.log
      [2026-02-08T19:37:15.650Z] Is rate limited: false

      at Object.log [as handleSubmit] (src/hooks/useRegistrationForm.ts:286:13)

    console.log
      [2026-02-08T19:37:15.650Z] Validation result: true

      at Object.log [as handleSubmit] (src/hooks/useRegistrationForm.ts:296:13)

    console.log
      [2026-02-08T19:37:15.650Z] ✅ Validation passed, proceeding with API call

      at Object.log [as handleSubmit] (src/hooks/useRegistrationForm.ts:303:13)

    console.log
      [2026-02-08T19:37:15.650Z] 📡 Calling API client register method

      at Object.log [as handleSubmit] (src/hooks/useRegistrationForm.ts:316:15)

    console.log
      [2026-02-08T19:37:15.650Z] API payload: {
        email: 'test@example.com',
        name: 'John Doe',
        password: '***REDACTED***'
      }

      at Object.log [as handleSubmit] (src/hooks/useRegistrationForm.ts:317:15)

    console.log
      [2026-02-08T19:37:15.650Z] ❌ API call failed: { status: 409, message: 'Email already exists' }

      at Object.log [as handleSubmit] (src/hooks/useRegistrationForm.ts:343:15)

    console.log
      [2026-02-08T19:37:15.650Z] ========== FORM SUBMISSION ENDED ==========

      at Object.log [as handleSubmit] (src/hooks/useRegistrationForm.ts:376:15)

    console.log
      ✅ preventDefault() called FIRST (stopPropagation also called if available)

      at Object.log [as handleSubmit] (src/hooks/useRegistrationForm.ts:277:13)

    console.log
      [2026-02-08T19:37:15.654Z] ========== FORM SUBMISSION STARTED ==========

      at Object.log [as handleSubmit] (src/hooks/useRegistrationForm.ts:280:13)

    console.log
      [2026-02-08T19:37:15.654Z] Event defaultPrevented: undefined

      at Object.log [as handleSubmit] (src/hooks/useRegistrationForm.ts:281:13)

    console.log
      [2026-02-08T19:37:15.654Z] Event type: undefined

      at Object.log [as handleSubmit] (src/hooks/useRegistrationForm.ts:282:13)

    console.log
      [2026-02-08T19:37:15.654Z] Event target: undefined

      at Object.log [as handleSubmit] (src/hooks/useRegistrationForm.ts:283:13)

    console.log
      [2026-02-08T19:37:15.654Z] Form data: {
        "fullName": "John Doe",
        "email": "test@example.com",
        "password": "Password123!",
        "confirmPassword": "Password123!"
      }

      at Object.log [as handleSubmit] (src/hooks/useRegistrationForm.ts:284:13)

    console.log
      [2026-02-08T19:37:15.654Z] Current errors: {}

      at Object.log [as handleSubmit] (src/hooks/useRegistrationForm.ts:285:13)

    console.log
      [2026-02-08T19:37:15.654Z] Is rate limited: false

      at Object.log [as handleSubmit] (src/hooks/useRegistrationForm.ts:286:13)

    console.log
      [2026-02-08T19:37:15.654Z] Validation result: true

      at Object.log [as handleSubmit] (src/hooks/useRegistrationForm.ts:296:13)

    console.log
      [2026-02-08T19:37:15.654Z] ✅ Validation passed, proceeding with API call

      at Object.log [as handleSubmit] (src/hooks/useRegistrationForm.ts:303:13)

    console.log
      [2026-02-08T19:37:15.654Z] 📡 Calling API client register method

      at Object.log [as handleSubmit] (src/hooks/useRegistrationForm.ts:316:15)

    console.log
      [2026-02-08T19:37:15.654Z] API payload: {
        email: 'test@example.com',
        name: 'John Doe',
        password: '***REDACTED***'
      }

      at Object.log [as handleSubmit] (src/hooks/useRegistrationForm.ts:317:15)

    console.log
      [2026-02-08T19:37:15.654Z] ❌ API call failed: { status: 409, message: 'Email already exists' }

      at Object.log [as handleSubmit] (src/hooks/useRegistrationForm.ts:343:15)

    console.log
      [2026-02-08T19:37:15.654Z] ========== FORM SUBMISSION ENDED ==========

      at Object.log [as handleSubmit] (src/hooks/useRegistrationForm.ts:376:15)

    console.log
      ✅ preventDefault() called FIRST (stopPropagation also called if available)

      at Object.log [as handleSubmit] (src/hooks/useRegistrationForm.ts:277:13)

    console.log
      [2026-02-08T19:37:15.656Z] ========== FORM SUBMISSION STARTED ==========

      at Object.log [as handleSubmit] (src/hooks/useRegistrationForm.ts:280:13)

    console.log
      [2026-02-08T19:37:15.656Z] Event defaultPrevented: undefined

      at Object.log [as handleSubmit] (src/hooks/useRegistrationForm.ts:281:13)

    console.log
      [2026-02-08T19:37:15.656Z] Event type: undefined

      at Object.log [as handleSubmit] (src/hooks/useRegistrationForm.ts:282:13)

    console.log
      [2026-02-08T19:37:15.656Z] Event target: undefined

      at Object.log [as handleSubmit] (src/hooks/useRegistrationForm.ts:283:13)

    console.log
      [2026-02-08T19:37:15.656Z] Form data: {
        "fullName": "John Doe",
        "email": "test@example.com",
        "password": "Password123!",
        "confirmPassword": "Password123!"
      }

      at Object.log [as handleSubmit] (src/hooks/useRegistrationForm.ts:284:13)

    console.log
      [2026-02-08T19:37:15.656Z] Current errors: {}

      at Object.log [as handleSubmit] (src/hooks/useRegistrationForm.ts:285:13)

    console.log
      [2026-02-08T19:37:15.656Z] Is rate limited: false

      at Object.log [as handleSubmit] (src/hooks/useRegistrationForm.ts:286:13)

    console.log
      [2026-02-08T19:37:15.656Z] Validation result: true

      at Object.log [as handleSubmit] (src/hooks/useRegistrationForm.ts:296:13)

    console.log
      [2026-02-08T19:37:15.656Z] ✅ Validation passed, proceeding with API call

      at Object.log [as handleSubmit] (src/hooks/useRegistrationForm.ts:303:13)

    console.log
      [2026-02-08T19:37:15.656Z] 📡 Calling API client register method

      at Object.log [as handleSubmit] (src/hooks/useRegistrationForm.ts:316:15)

    console.log
      [2026-02-08T19:37:15.656Z] API payload: {
        email: 'test@example.com',
        name: 'John Doe',
        password: '***REDACTED***'
      }

      at Object.log [as handleSubmit] (src/hooks/useRegistrationForm.ts:317:15)

    console.log
      [2026-02-08T19:37:15.656Z] ❌ API call failed: { status: 409, message: 'Email already exists' }

      at Object.log [as handleSubmit] (src/hooks/useRegistrationForm.ts:343:15)

    console.log
      [2026-02-08T19:37:15.656Z] ========== FORM SUBMISSION ENDED ==========

      at Object.log [as handleSubmit] (src/hooks/useRegistrationForm.ts:376:15)

    console.log
      ✅ preventDefault() called FIRST (stopPropagation also called if available)

      at Object.log [as handleSubmit] (src/hooks/useRegistrationForm.ts:277:13)

    console.log
      [2026-02-08T19:37:15.662Z] ========== FORM SUBMISSION STARTED ==========

      at Object.log [as handleSubmit] (src/hooks/useRegistrationForm.ts:280:13)

    console.log
      [2026-02-08T19:37:15.662Z] Event defaultPrevented: undefined

      at Object.log [as handleSubmit] (src/hooks/useRegistrationForm.ts:281:13)

    console.log
      [2026-02-08T19:37:15.662Z] Event type: undefined

      at Object.log [as handleSubmit] (src/hooks/useRegistrationForm.ts:282:13)

    console.log
      [2026-02-08T19:37:15.662Z] Event target: undefined

      at Object.log [as handleSubmit] (src/hooks/useRegistrationForm.ts:283:13)

    console.log
      [2026-02-08T19:37:15.662Z] Form data: {
        "fullName": "John Doe",
        "email": "test@example.com",
        "password": "Password123!",
        "confirmPassword": "Password123!"
      }

      at Object.log [as handleSubmit] (src/hooks/useRegistrationForm.ts:284:13)

    console.log
      [2026-02-08T19:37:15.662Z] Current errors: {}

      at Object.log [as handleSubmit] (src/hooks/useRegistrationForm.ts:285:13)

    console.log
      [2026-02-08T19:37:15.662Z] Is rate limited: false

      at Object.log [as handleSubmit] (src/hooks/useRegistrationForm.ts:286:13)

    console.log
      [2026-02-08T19:37:15.662Z] Validation result: true

      at Object.log [as handleSubmit] (src/hooks/useRegistrationForm.ts:296:13)

    console.log
      [2026-02-08T19:37:15.662Z] ✅ Validation passed, proceeding with API call

      at Object.log [as handleSubmit] (src/hooks/useRegistrationForm.ts:303:13)

    console.log
      [2026-02-08T19:37:15.662Z] 📡 Calling API client register method

      at Object.log [as handleSubmit] (src/hooks/useRegistrationForm.ts:316:15)

    console.log
      [2026-02-08T19:37:15.662Z] API payload: {
        email: 'test@example.com',
        name: 'John Doe',
        password: '***REDACTED***'
      }

      at Object.log [as handleSubmit] (src/hooks/useRegistrationForm.ts:317:15)

    console.log
      [2026-02-08T19:37:15.662Z] ✅ API call successful

      at Object.log [as handleSubmit] (src/hooks/useRegistrationForm.ts:330:15)

    console.log
      [2026-02-08T19:37:15.662Z] ========== FORM SUBMISSION ENDED ==========

      at Object.log [as handleSubmit] (src/hooks/useRegistrationForm.ts:376:15)

    console.log
      ✅ preventDefault() called FIRST (stopPropagation also called if available)

      at Object.log [as handleSubmit] (src/hooks/useRegistrationForm.ts:277:13)

    console.log
      [2026-02-08T19:37:15.667Z] ========== FORM SUBMISSION STARTED ==========

      at Object.log [as handleSubmit] (src/hooks/useRegistrationForm.ts:280:13)

    console.log
      [2026-02-08T19:37:15.667Z] Event defaultPrevented: undefined

      at Object.log [as handleSubmit] (src/hooks/useRegistrationForm.ts:281:13)

    console.log
      [2026-02-08T19:37:15.667Z] Event type: undefined

      at Object.log [as handleSubmit] (src/hooks/useRegistrationForm.ts:282:13)

    console.log
      [2026-02-08T19:37:15.667Z] Event target: undefined

      at Object.log [as handleSubmit] (src/hooks/useRegistrationForm.ts:283:13)

    console.log
      [2026-02-08T19:37:15.667Z] Form data: {
        "fullName": "John Doe",
        "email": "test@example.com",
        "password": "Password123!",
        "confirmPassword": "Password123!"
      }

      at Object.log [as handleSubmit] (src/hooks/useRegistrationForm.ts:284:13)

    console.log
      [2026-02-08T19:37:15.667Z] Current errors: {}

      at Object.log [as handleSubmit] (src/hooks/useRegistrationForm.ts:285:13)

    console.log
      [2026-02-08T19:37:15.667Z] Is rate limited: false

      at Object.log [as handleSubmit] (src/hooks/useRegistrationForm.ts:286:13)

    console.log
      [2026-02-08T19:37:15.667Z] Validation result: true

      at Object.log [as handleSubmit] (src/hooks/useRegistrationForm.ts:296:13)

    console.log
      [2026-02-08T19:37:15.667Z] ✅ Validation passed, proceeding with API call

      at Object.log [as handleSubmit] (src/hooks/useRegistrationForm.ts:303:13)

    console.log
      [2026-02-08T19:37:15.667Z] 📡 Calling API client register method

      at Object.log [as handleSubmit] (src/hooks/useRegistrationForm.ts:316:15)

    console.log
      [2026-02-08T19:37:15.667Z] API payload: {
        email: 'test@example.com',
        name: 'John Doe',
        password: '***REDACTED***'
      }

      at Object.log [as handleSubmit] (src/hooks/useRegistrationForm.ts:317:15)

    console.log
      [2026-02-08T19:37:15.667Z] ✅ API call successful

      at Object.log [as handleSubmit] (src/hooks/useRegistrationForm.ts:330:15)

    console.log
      [2026-02-08T19:37:15.667Z] ========== FORM SUBMISSION ENDED ==========

      at Object.log [as handleSubmit] (src/hooks/useRegistrationForm.ts:376:15)

    console.log
      ✅ preventDefault() called FIRST (stopPropagation also called if available)

      at Object.log [as handleSubmit] (src/hooks/useRegistrationForm.ts:277:13)

    console.log
      [2026-02-08T19:37:15.671Z] ========== FORM SUBMISSION STARTED ==========

      at Object.log [as handleSubmit] (src/hooks/useRegistrationForm.ts:280:13)

    console.log
      [2026-02-08T19:37:15.671Z] Event defaultPrevented: undefined

      at Object.log [as handleSubmit] (src/hooks/useRegistrationForm.ts:281:13)

    console.log
      [2026-02-08T19:37:15.671Z] Event type: undefined

      at Object.log [as handleSubmit] (src/hooks/useRegistrationForm.ts:282:13)

    console.log
      [2026-02-08T19:37:15.671Z] Event target: undefined

      at Object.log [as handleSubmit] (src/hooks/useRegistrationForm.ts:283:13)

    console.log
      [2026-02-08T19:37:15.671Z] Form data: {
        "fullName": "John Doe",
        "email": "test@example.com",
        "password": "Password123!",
        "confirmPassword": "Password123!"
      }

      at Object.log [as handleSubmit] (src/hooks/useRegistrationForm.ts:284:13)

    console.log
      [2026-02-08T19:37:15.671Z] Current errors: {}

      at Object.log [as handleSubmit] (src/hooks/useRegistrationForm.ts:285:13)

    console.log
      [2026-02-08T19:37:15.671Z] Is rate limited: true

      at Object.log [as handleSubmit] (src/hooks/useRegistrationForm.ts:286:13)

    console.log
      [2026-02-08T19:37:15.671Z] ❌ Form submission blocked: rate limit active

      at Object.log [as handleSubmit] (src/hooks/useRegistrationForm.ts:290:15)

    console.log
      ✅ preventDefault() called FIRST (stopPropagation also called if available)

      at Object.log [as handleSubmit] (src/hooks/useRegistrationForm.ts:277:13)

    console.log
      [2026-02-08T19:37:15.674Z] ========== FORM SUBMISSION STARTED ==========

      at Object.log [as handleSubmit] (src/hooks/useRegistrationForm.ts:280:13)

    console.log
      [2026-02-08T19:37:15.674Z] Event defaultPrevented: undefined

      at Object.log [as handleSubmit] (src/hooks/useRegistrationForm.ts:281:13)

    console.log
      [2026-02-08T19:37:15.674Z] Event type: undefined

      at Object.log [as handleSubmit] (src/hooks/useRegistrationForm.ts:282:13)

    console.log
      [2026-02-08T19:37:15.674Z] Event target: undefined

      at Object.log [as handleSubmit] (src/hooks/useRegistrationForm.ts:283:13)

    console.log
      [2026-02-08T19:37:15.674Z] Form data: {
        "fullName": "John Doe",
        "email": "test@example.com",
        "password": "Password123!",
        "confirmPassword": "Password123!"
      }

      at Object.log [as handleSubmit] (src/hooks/useRegistrationForm.ts:284:13)

    console.log
      [2026-02-08T19:37:15.674Z] Current errors: {}

      at Object.log [as handleSubmit] (src/hooks/useRegistrationForm.ts:285:13)

    console.log
      [2026-02-08T19:37:15.674Z] Is rate limited: true

      at Object.log [as handleSubmit] (src/hooks/useRegistrationForm.ts:286:13)

    console.log
      [2026-02-08T19:37:15.674Z] ❌ Form submission blocked: rate limit active

      at Object.log [as handleSubmit] (src/hooks/useRegistrationForm.ts:290:15)

    console.log
      ✅ preventDefault() called FIRST (stopPropagation also called if available)

      at Object.log [as handleSubmit] (src/hooks/useRegistrationForm.ts:277:13)

    console.log
      [2026-02-08T19:37:15.675Z] ========== FORM SUBMISSION STARTED ==========

      at Object.log [as handleSubmit] (src/hooks/useRegistrationForm.ts:280:13)

    console.log
      [2026-02-08T19:37:15.675Z] Event defaultPrevented: undefined

      at Object.log [as handleSubmit] (src/hooks/useRegistrationForm.ts:281:13)

    console.log
      [2026-02-08T19:37:15.675Z] Event type: undefined

      at Object.log [as handleSubmit] (src/hooks/useRegistrationForm.ts:282:13)

    console.log
      [2026-02-08T19:37:15.675Z] Event target: undefined

      at Object.log [as handleSubmit] (src/hooks/useRegistrationForm.ts:283:13)

    console.log
      [2026-02-08T19:37:15.675Z] Form data: {
        "fullName": "John Doe",
        "email": "test@example.com",
        "password": "Password123!",
        "confirmPassword": "Password123!"
      }

      at Object.log [as handleSubmit] (src/hooks/useRegistrationForm.ts:284:13)

    console.log
      [2026-02-08T19:37:15.675Z] Current errors: {}

      at Object.log [as handleSubmit] (src/hooks/useRegistrationForm.ts:285:13)

    console.log
      [2026-02-08T19:37:15.675Z] Is rate limited: true

      at Object.log [as handleSubmit] (src/hooks/useRegistrationForm.ts:286:13)

    console.log
      [2026-02-08T19:37:15.675Z] ❌ Form submission blocked: rate limit active

      at Object.log [as handleSubmit] (src/hooks/useRegistrationForm.ts:290:15)

    console.log
      ✅ preventDefault() called FIRST (stopPropagation also called if available)

      at Object.log [as handleSubmit] (src/hooks/useRegistrationForm.ts:277:13)

    console.log
      [2026-02-08T19:37:15.679Z] ========== FORM SUBMISSION STARTED ==========

      at Object.log [as handleSubmit] (src/hooks/useRegistrationForm.ts:280:13)

    console.log
      [2026-02-08T19:37:15.679Z] Event defaultPrevented: undefined

      at Object.log [as handleSubmit] (src/hooks/useRegistrationForm.ts:281:13)

    console.log
      [2026-02-08T19:37:15.679Z] Event type: undefined

      at Object.log [as handleSubmit] (src/hooks/useRegistrationForm.ts:282:13)

    console.log
      [2026-02-08T19:37:15.679Z] Event target: undefined

      at Object.log [as handleSubmit] (src/hooks/useRegistrationForm.ts:283:13)

    console.log
      [2026-02-08T19:37:15.679Z] Form data: {
        "fullName": "John Doe",
        "email": "test@example.com",
        "password": "Password123!",
        "confirmPassword": "Password123!"
      }

      at Object.log [as handleSubmit] (src/hooks/useRegistrationForm.ts:284:13)

    console.log
      [2026-02-08T19:37:15.679Z] Current errors: {}

      at Object.log [as handleSubmit] (src/hooks/useRegistrationForm.ts:285:13)

    console.log
      [2026-02-08T19:37:15.679Z] Is rate limited: false

      at Object.log [as handleSubmit] (src/hooks/useRegistrationForm.ts:286:13)

    console.log
      [2026-02-08T19:37:15.679Z] Validation result: true

      at Object.log [as handleSubmit] (src/hooks/useRegistrationForm.ts:296:13)

    console.log
      [2026-02-08T19:37:15.679Z] ✅ Validation passed, proceeding with API call

      at Object.log [as handleSubmit] (src/hooks/useRegistrationForm.ts:303:13)

    console.log
      [2026-02-08T19:37:15.679Z] 📡 Calling API client register method

      at Object.log [as handleSubmit] (src/hooks/useRegistrationForm.ts:316:15)

    console.log
      [2026-02-08T19:37:15.679Z] API payload: {
        email: 'test@example.com',
        name: 'John Doe',
        password: '***REDACTED***'
      }

      at Object.log [as handleSubmit] (src/hooks/useRegistrationForm.ts:317:15)

    console.log
      [2026-02-08T19:37:15.679Z] ✅ API call successful

      at Object.log [as handleSubmit] (src/hooks/useRegistrationForm.ts:330:15)

    console.log
      [2026-02-08T19:37:15.679Z] ========== FORM SUBMISSION ENDED ==========

      at Object.log [as handleSubmit] (src/hooks/useRegistrationForm.ts:376:15)

    console.log
      ✅ preventDefault() called FIRST (stopPropagation also called if available)

      at Object.log [as handleSubmit] (src/hooks/useRegistrationForm.ts:277:13)

    console.log
      [2026-02-08T19:37:15.684Z] ========== FORM SUBMISSION STARTED ==========

      at Object.log [as handleSubmit] (src/hooks/useRegistrationForm.ts:280:13)

    console.log
      [2026-02-08T19:37:15.684Z] Event defaultPrevented: undefined

      at Object.log [as handleSubmit] (src/hooks/useRegistrationForm.ts:281:13)

    console.log
      [2026-02-08T19:37:15.684Z] Event type: undefined

      at Object.log [as handleSubmit] (src/hooks/useRegistrationForm.ts:282:13)

    console.log
      [2026-02-08T19:37:15.684Z] Event target: undefined

      at Object.log [as handleSubmit] (src/hooks/useRegistrationForm.ts:283:13)

    console.log
      [2026-02-08T19:37:15.684Z] Form data: {
        "fullName": "John Doe",
        "email": "test@example.com",
        "password": "Password123!",
        "confirmPassword": "Password123!"
      }

      at Object.log [as handleSubmit] (src/hooks/useRegistrationForm.ts:284:13)

    console.log
      [2026-02-08T19:37:15.684Z] Current errors: {}

      at Object.log [as handleSubmit] (src/hooks/useRegistrationForm.ts:285:13)

    console.log
      [2026-02-08T19:37:15.684Z] Is rate limited: false

      at Object.log [as handleSubmit] (src/hooks/useRegistrationForm.ts:286:13)

    console.log
      [2026-02-08T19:37:15.684Z] Validation result: true

      at Object.log [as handleSubmit] (src/hooks/useRegistrationForm.ts:296:13)

    console.log
      [2026-02-08T19:37:15.684Z] ✅ Validation passed, proceeding with API call

      at Object.log [as handleSubmit] (src/hooks/useRegistrationForm.ts:303:13)

    console.log
      [2026-02-08T19:37:15.684Z] 📡 Calling API client register method

      at Object.log [as handleSubmit] (src/hooks/useRegistrationForm.ts:316:15)

    console.log
      [2026-02-08T19:37:15.684Z] API payload: {
        email: 'test@example.com',
        name: 'John Doe',
        password: '***REDACTED***'
      }

      at Object.log [as handleSubmit] (src/hooks/useRegistrationForm.ts:317:15)

    console.log
      [2026-02-08T19:37:15.684Z] ✅ API call successful

      at Object.log [as handleSubmit] (src/hooks/useRegistrationForm.ts:330:15)

    console.log
      [2026-02-08T19:37:15.684Z] ========== FORM SUBMISSION ENDED ==========

      at Object.log [as handleSubmit] (src/hooks/useRegistrationForm.ts:376:15)

    console.log
      ✅ preventDefault() called FIRST (stopPropagation also called if available)

      at Object.log [as handleSubmit] (src/hooks/useRegistrationForm.ts:277:13)

    console.log
      [2026-02-08T19:37:15.701Z] ========== FORM SUBMISSION STARTED ==========

      at Object.log [as handleSubmit] (src/hooks/useRegistrationForm.ts:280:13)

    console.log
      [2026-02-08T19:37:15.701Z] Event defaultPrevented: undefined

      at Object.log [as handleSubmit] (src/hooks/useRegistrationForm.ts:281:13)

    console.log
      [2026-02-08T19:37:15.701Z] Event type: undefined

      at Object.log [as handleSubmit] (src/hooks/useRegistrationForm.ts:282:13)

    console.log
      [2026-02-08T19:37:15.701Z] Event target: undefined

      at Object.log [as handleSubmit] (src/hooks/useRegistrationForm.ts:283:13)

    console.log
      [2026-02-08T19:37:15.701Z] Form data: {
        "fullName": "John Doe",
        "email": "test@example.com",
        "password": "Password123!",
        "confirmPassword": "Password123!"
      }

      at Object.log [as handleSubmit] (src/hooks/useRegistrationForm.ts:284:13)

    console.log
      [2026-02-08T19:37:15.701Z] Current errors: {}

      at Object.log [as handleSubmit] (src/hooks/useRegistrationForm.ts:285:13)

    console.log
      [2026-02-08T19:37:15.701Z] Is rate limited: false

      at Object.log [as handleSubmit] (src/hooks/useRegistrationForm.ts:286:13)

    console.log
      [2026-02-08T19:37:15.701Z] Validation result: true

      at Object.log [as handleSubmit] (src/hooks/useRegistrationForm.ts:296:13)

    console.log
      [2026-02-08T19:37:15.701Z] ✅ Validation passed, proceeding with API call

      at Object.log [as handleSubmit] (src/hooks/useRegistrationForm.ts:303:13)

    console.log
      [2026-02-08T19:37:15.701Z] 📡 Calling API client register method

      at Object.log [as handleSubmit] (src/hooks/useRegistrationForm.ts:316:15)

    console.log
      [2026-02-08T19:37:15.701Z] API payload: {
        email: 'test@example.com',
        name: 'John Doe',
        password: '***REDACTED***'
      }

      at Object.log [as handleSubmit] (src/hooks/useRegistrationForm.ts:317:15)

    console.log
      [2026-02-08T19:37:15.701Z] ✅ API call successful

      at Object.log [as handleSubmit] (src/hooks/useRegistrationForm.ts:330:15)

    console.log
      [2026-02-08T19:37:15.701Z] ========== FORM SUBMISSION ENDED ==========

      at Object.log [as handleSubmit] (src/hooks/useRegistrationForm.ts:376:15)

    console.log
      ✅ preventDefault() called FIRST (stopPropagation also called if available)

      at Object.log [as handleSubmit] (src/hooks/useRegistrationForm.ts:277:13)

    console.log
      [2026-02-08T19:37:15.704Z] ========== FORM SUBMISSION STARTED ==========

      at Object.log [as handleSubmit] (src/hooks/useRegistrationForm.ts:280:13)

    console.log
      [2026-02-08T19:37:15.704Z] Event defaultPrevented: undefined

      at Object.log [as handleSubmit] (src/hooks/useRegistrationForm.ts:281:13)

    console.log
      [2026-02-08T19:37:15.704Z] Event type: undefined

      at Object.log [as handleSubmit] (src/hooks/useRegistrationForm.ts:282:13)

    console.log
      [2026-02-08T19:37:15.704Z] Event target: undefined

      at Object.log [as handleSubmit] (src/hooks/useRegistrationForm.ts:283:13)

    console.log
      [2026-02-08T19:37:15.704Z] Form data: {
        "fullName": "John Doe",
        "email": "test@example.com",
        "password": "Password123!",
        "confirmPassword": "Password123!"
      }

      at Object.log [as handleSubmit] (src/hooks/useRegistrationForm.ts:284:13)

    console.log
      [2026-02-08T19:37:15.704Z] Current errors: {}

      at Object.log [as handleSubmit] (src/hooks/useRegistrationForm.ts:285:13)

    console.log
      [2026-02-08T19:37:15.704Z] Is rate limited: false

      at Object.log [as handleSubmit] (src/hooks/useRegistrationForm.ts:286:13)

    console.log
      [2026-02-08T19:37:15.704Z] Validation result: true

      at Object.log [as handleSubmit] (src/hooks/useRegistrationForm.ts:296:13)

    console.log
      [2026-02-08T19:37:15.704Z] ✅ Validation passed, proceeding with API call

      at Object.log [as handleSubmit] (src/hooks/useRegistrationForm.ts:303:13)

    console.log
      [2026-02-08T19:37:15.704Z] 📡 Calling API client register method

      at Object.log [as handleSubmit] (src/hooks/useRegistrationForm.ts:316:15)

    console.log
      [2026-02-08T19:37:15.704Z] API payload: {
        email: 'test@example.com',
        name: 'John Doe',
        password: '***REDACTED***'
      }

      at Object.log [as handleSubmit] (src/hooks/useRegistrationForm.ts:317:15)

    console.log
      [2026-02-08T19:37:15.704Z] ❌ API call failed: { status: 409, message: 'Email already exists' }

      at Object.log [as handleSubmit] (src/hooks/useRegistrationForm.ts:343:15)

    console.log
      [2026-02-08T19:37:15.704Z] ========== FORM SUBMISSION ENDED ==========

      at Object.log [as handleSubmit] (src/hooks/useRegistrationForm.ts:376:15)

    console.log
      ✅ preventDefault() called FIRST (stopPropagation also called if available)

      at Object.log [as handleSubmit] (src/hooks/useRegistrationForm.ts:277:13)

    console.log
      [2026-02-08T19:37:15.709Z] ========== FORM SUBMISSION STARTED ==========

      at Object.log [as handleSubmit] (src/hooks/useRegistrationForm.ts:280:13)

    console.log
      [2026-02-08T19:37:15.709Z] Event defaultPrevented: undefined

      at Object.log [as handleSubmit] (src/hooks/useRegistrationForm.ts:281:13)

    console.log
      [2026-02-08T19:37:15.709Z] Event type: undefined

      at Object.log [as handleSubmit] (src/hooks/useRegistrationForm.ts:282:13)

    console.log
      [2026-02-08T19:37:15.709Z] Event target: undefined

      at Object.log [as handleSubmit] (src/hooks/useRegistrationForm.ts:283:13)

    console.log
      [2026-02-08T19:37:15.709Z] Form data: {
        "fullName": "John Doe",
        "email": "test@example.com",
        "password": "Password123!",
        "confirmPassword": "Password123!"
      }

      at Object.log [as handleSubmit] (src/hooks/useRegistrationForm.ts:284:13)

    console.log
      [2026-02-08T19:37:15.709Z] Current errors: {}

      at Object.log [as handleSubmit] (src/hooks/useRegistrationForm.ts:285:13)

    console.log
      [2026-02-08T19:37:15.709Z] Is rate limited: false

      at Object.log [as handleSubmit] (src/hooks/useRegistrationForm.ts:286:13)

    console.log
      [2026-02-08T19:37:15.709Z] Validation result: true

      at Object.log [as handleSubmit] (src/hooks/useRegistrationForm.ts:296:13)

    console.log
      [2026-02-08T19:37:15.709Z] ✅ Validation passed, proceeding with API call

      at Object.log [as handleSubmit] (src/hooks/useRegistrationForm.ts:303:13)

    console.log
      [2026-02-08T19:37:15.709Z] 📡 Calling API client register method

      at Object.log [as handleSubmit] (src/hooks/useRegistrationForm.ts:316:15)

    console.log
      [2026-02-08T19:37:15.709Z] API payload: {
        email: 'test@example.com',
        name: 'John Doe',
        password: '***REDACTED***'
      }

      at Object.log [as handleSubmit] (src/hooks/useRegistrationForm.ts:317:15)

    console.log
      [2026-02-08T19:37:15.709Z] ❌ API call failed: { status: 409, message: 'Email already exists' }

      at Object.log [as handleSubmit] (src/hooks/useRegistrationForm.ts:343:15)

    console.log
      [2026-02-08T19:37:15.709Z] ========== FORM SUBMISSION ENDED ==========

      at Object.log [as handleSubmit] (src/hooks/useRegistrationForm.ts:376:15)

    console.log
      ✅ preventDefault() called FIRST (stopPropagation also called if available)

      at Object.log [as handleSubmit] (src/hooks/useRegistrationForm.ts:277:13)

    console.log
      [2026-02-08T19:37:15.712Z] ========== FORM SUBMISSION STARTED ==========

      at Object.log [as handleSubmit] (src/hooks/useRegistrationForm.ts:280:13)

    console.log
      [2026-02-08T19:37:15.712Z] Event defaultPrevented: undefined

      at Object.log [as handleSubmit] (src/hooks/useRegistrationForm.ts:281:13)

    console.log
      [2026-02-08T19:37:15.712Z] Event type: undefined

      at Object.log [as handleSubmit] (src/hooks/useRegistrationForm.ts:282:13)

    console.log
      [2026-02-08T19:37:15.712Z] Event target: undefined

      at Object.log [as handleSubmit] (src/hooks/useRegistrationForm.ts:283:13)

    console.log
      [2026-02-08T19:37:15.712Z] Form data: {
        "fullName": "John Doe",
        "email": "test@example.com",
        "password": "Password123!",
        "confirmPassword": "Password123!"
      }

      at Object.log [as handleSubmit] (src/hooks/useRegistrationForm.ts:284:13)

    console.log
      [2026-02-08T19:37:15.712Z] Current errors: {}

      at Object.log [as handleSubmit] (src/hooks/useRegistrationForm.ts:285:13)

    console.log
      [2026-02-08T19:37:15.712Z] Is rate limited: false

      at Object.log [as handleSubmit] (src/hooks/useRegistrationForm.ts:286:13)

    console.log
      [2026-02-08T19:37:15.712Z] Validation result: true

      at Object.log [as handleSubmit] (src/hooks/useRegistrationForm.ts:296:13)

    console.log
      [2026-02-08T19:37:15.712Z] ✅ Validation passed, proceeding with API call

      at Object.log [as handleSubmit] (src/hooks/useRegistrationForm.ts:303:13)

    console.log
      [2026-02-08T19:37:15.712Z] 📡 Calling API client register method

      at Object.log [as handleSubmit] (src/hooks/useRegistrationForm.ts:316:15)

    console.log
      [2026-02-08T19:37:15.712Z] API payload: {
        email: 'test@example.com',
        name: 'John Doe',
        password: '***REDACTED***'
      }

      at Object.log [as handleSubmit] (src/hooks/useRegistrationForm.ts:317:15)

    console.log
      [2026-02-08T19:37:15.712Z] ✅ API call successful

      at Object.log [as handleSubmit] (src/hooks/useRegistrationForm.ts:330:15)

    console.log
      [2026-02-08T19:37:15.712Z] ========== FORM SUBMISSION ENDED ==========

      at Object.log [as handleSubmit] (src/hooks/useRegistrationForm.ts:376:15)

    console.log
      ✅ preventDefault() called FIRST (stopPropagation also called if available)

      at Object.log [as handleSubmit] (src/hooks/useRegistrationForm.ts:277:13)

    console.log
      [2026-02-08T19:37:15.716Z] ========== FORM SUBMISSION STARTED ==========

      at Object.log [as handleSubmit] (src/hooks/useRegistrationForm.ts:280:13)

    console.log
      [2026-02-08T19:37:15.716Z] Event defaultPrevented: undefined

      at Object.log [as handleSubmit] (src/hooks/useRegistrationForm.ts:281:13)

    console.log
      [2026-02-08T19:37:15.716Z] Event type: undefined

      at Object.log [as handleSubmit] (src/hooks/useRegistrationForm.ts:282:13)

    console.log
      [2026-02-08T19:37:15.716Z] Event target: undefined

      at Object.log [as handleSubmit] (src/hooks/useRegistrationForm.ts:283:13)

    console.log
      [2026-02-08T19:37:15.716Z] Form data: {
        "fullName": "John Doe",
        "email": "test@example.com",
        "password": "Password123!",
        "confirmPassword": "Password123!"
      }

      at Object.log [as handleSubmit] (src/hooks/useRegistrationForm.ts:284:13)

    console.log
      [2026-02-08T19:37:15.716Z] Current errors: {}

      at Object.log [as handleSubmit] (src/hooks/useRegistrationForm.ts:285:13)

    console.log
      [2026-02-08T19:37:15.716Z] Is rate limited: true

      at Object.log [as handleSubmit] (src/hooks/useRegistrationForm.ts:286:13)

    console.log
      [2026-02-08T19:37:15.716Z] ❌ Form submission blocked: rate limit active

      at Object.log [as handleSubmit] (src/hooks/useRegistrationForm.ts:290:15)

    console.log
      ✅ preventDefault() called FIRST (stopPropagation also called if available)

      at Object.log [as handleSubmit] (src/hooks/useRegistrationForm.ts:277:13)

    console.log
      [2026-02-08T19:37:15.720Z] ========== FORM SUBMISSION STARTED ==========

      at Object.log [as handleSubmit] (src/hooks/useRegistrationForm.ts:280:13)

    console.log
      [2026-02-08T19:37:15.720Z] Event defaultPrevented: undefined

      at Object.log [as handleSubmit] (src/hooks/useRegistrationForm.ts:281:13)

    console.log
      [2026-02-08T19:37:15.720Z] Event type: undefined

      at Object.log [as handleSubmit] (src/hooks/useRegistrationForm.ts:282:13)

    console.log
      [2026-02-08T19:37:15.720Z] Event target: undefined

      at Object.log [as handleSubmit] (src/hooks/useRegistrationForm.ts:283:13)

    console.log
      [2026-02-08T19:37:15.720Z] Form data: {
        "fullName": "John Doe",
        "email": "test@example.com",
        "password": "Password123!",
        "confirmPassword": "Password123!"
      }

      at Object.log [as handleSubmit] (src/hooks/useRegistrationForm.ts:284:13)

    console.log
      [2026-02-08T19:37:15.720Z] Current errors: {}

      at Object.log [as handleSubmit] (src/hooks/useRegistrationForm.ts:285:13)

    console.log
      [2026-02-08T19:37:15.720Z] Is rate limited: true

      at Object.log [as handleSubmit] (src/hooks/useRegistrationForm.ts:286:13)

    console.log
      [2026-02-08T19:37:15.720Z] ❌ Form submission blocked: rate limit active

      at Object.log [as handleSubmit] (src/hooks/useRegistrationForm.ts:290:15)

    console.log
      ✅ preventDefault() called FIRST (stopPropagation also called if available)

      at Object.log [as handleSubmit] (src/hooks/useRegistrationForm.ts:277:13)

    console.log
      [2026-02-08T19:37:15.723Z] ========== FORM SUBMISSION STARTED ==========

      at Object.log [as handleSubmit] (src/hooks/useRegistrationForm.ts:280:13)

    console.log
      [2026-02-08T19:37:15.723Z] Event defaultPrevented: undefined

      at Object.log [as handleSubmit] (src/hooks/useRegistrationForm.ts:281:13)

    console.log
      [2026-02-08T19:37:15.723Z] Event type: undefined

      at Object.log [as handleSubmit] (src/hooks/useRegistrationForm.ts:282:13)

    console.log
      [2026-02-08T19:37:15.723Z] Event target: undefined

      at Object.log [as handleSubmit] (src/hooks/useRegistrationForm.ts:283:13)

    console.log
      [2026-02-08T19:37:15.723Z] Form data: {
        "fullName": "John Doe",
        "email": "test@example.com",
        "password": "Password123!",
        "confirmPassword": "Password123!"
      }

      at Object.log [as handleSubmit] (src/hooks/useRegistrationForm.ts:284:13)

    console.log
      [2026-02-08T19:37:15.723Z] Current errors: {}

      at Object.log [as handleSubmit] (src/hooks/useRegistrationForm.ts:285:13)

    console.log
      [2026-02-08T19:37:15.723Z] Is rate limited: false

      at Object.log [as handleSubmit] (src/hooks/useRegistrationForm.ts:286:13)

    console.log
      [2026-02-08T19:37:15.723Z] Validation result: true

      at Object.log [as handleSubmit] (src/hooks/useRegistrationForm.ts:296:13)

    console.log
      [2026-02-08T19:37:15.723Z] ✅ Validation passed, proceeding with API call

      at Object.log [as handleSubmit] (src/hooks/useRegistrationForm.ts:303:13)

    console.log
      [2026-02-08T19:37:15.723Z] 📡 Calling API client register method

      at Object.log [as handleSubmit] (src/hooks/useRegistrationForm.ts:316:15)

    console.log
      [2026-02-08T19:37:15.723Z] API payload: {
        email: 'test@example.com',
        name: 'John Doe',
        password: '***REDACTED***'
      }

      at Object.log [as handleSubmit] (src/hooks/useRegistrationForm.ts:317:15)

    console.log
      [2026-02-08T19:37:15.723Z] ❌ API call failed: { status: 409, message: 'Email already exists' }

      at Object.log [as handleSubmit] (src/hooks/useRegistrationForm.ts:343:15)

    console.log
      [2026-02-08T19:37:15.723Z] ========== FORM SUBMISSION ENDED ==========

      at Object.log [as handleSubmit] (src/hooks/useRegistrationForm.ts:376:15)

    console.log
      ✅ preventDefault() called FIRST (stopPropagation also called if available)

      at Object.log [as handleSubmit] (src/hooks/useRegistrationForm.ts:277:13)

    console.log
      [2026-02-08T19:37:15.731Z] ========== FORM SUBMISSION STARTED ==========

      at Object.log [as handleSubmit] (src/hooks/useRegistrationForm.ts:280:13)

    console.log
      [2026-02-08T19:37:15.731Z] Event defaultPrevented: undefined

      at Object.log [as handleSubmit] (src/hooks/useRegistrationForm.ts:281:13)

    console.log
      [2026-02-08T19:37:15.731Z] Event type: undefined

      at Object.log [as handleSubmit] (src/hooks/useRegistrationForm.ts:282:13)

    console.log
      [2026-02-08T19:37:15.731Z] Event target: undefined

      at Object.log [as handleSubmit] (src/hooks/useRegistrationForm.ts:283:13)

    console.log
      [2026-02-08T19:37:15.731Z] Form data: {
        "fullName": "John Doe",
        "email": "test@example.com",
        "password": "Password123!",
        "confirmPassword": "Password123!"
      }

      at Object.log [as handleSubmit] (src/hooks/useRegistrationForm.ts:284:13)

    console.log
      [2026-02-08T19:37:15.731Z] Current errors: {}

      at Object.log [as handleSubmit] (src/hooks/useRegistrationForm.ts:285:13)

    console.log
      [2026-02-08T19:37:15.731Z] Is rate limited: false

      at Object.log [as handleSubmit] (src/hooks/useRegistrationForm.ts:286:13)

    console.log
      [2026-02-08T19:37:15.731Z] Validation result: true

      at Object.log [as handleSubmit] (src/hooks/useRegistrationForm.ts:296:13)

    console.log
      [2026-02-08T19:37:15.731Z] ✅ Validation passed, proceeding with API call

      at Object.log [as handleSubmit] (src/hooks/useRegistrationForm.ts:303:13)

    console.log
      [2026-02-08T19:37:15.731Z] 📡 Calling API client register method

      at Object.log [as handleSubmit] (src/hooks/useRegistrationForm.ts:316:15)

    console.log
      [2026-02-08T19:37:15.731Z] API payload: {
        email: 'test@example.com',
        name: 'John Doe',
        password: '***REDACTED***'
      }

      at Object.log [as handleSubmit] (src/hooks/useRegistrationForm.ts:317:15)

    console.log
      [2026-02-08T19:37:15.731Z] ❌ API call failed: { status: 409, message: 'Email already exists' }

      at Object.log [as handleSubmit] (src/hooks/useRegistrationForm.ts:343:15)

    console.log
      [2026-02-08T19:37:15.731Z] ========== FORM SUBMISSION ENDED ==========

      at Object.log [as handleSubmit] (src/hooks/useRegistrationForm.ts:376:15)

    console.log
      ✅ preventDefault() called FIRST (stopPropagation also called if available)

      at Object.log [as handleSubmit] (src/hooks/useRegistrationForm.ts:277:13)

    console.log
      [2026-02-08T19:37:15.737Z] ========== FORM SUBMISSION STARTED ==========

      at Object.log [as handleSubmit] (src/hooks/useRegistrationForm.ts:280:13)

    console.log
      [2026-02-08T19:37:15.737Z] Event defaultPrevented: undefined

      at Object.log [as handleSubmit] (src/hooks/useRegistrationForm.ts:281:13)

    console.log
      [2026-02-08T19:37:15.737Z] Event type: undefined

      at Object.log [as handleSubmit] (src/hooks/useRegistrationForm.ts:282:13)

    console.log
      [2026-02-08T19:37:15.737Z] Event target: undefined

      at Object.log [as handleSubmit] (src/hooks/useRegistrationForm.ts:283:13)

    console.log
      [2026-02-08T19:37:15.737Z] Form data: {
        "fullName": "John Doe",
        "email": "test@example.com",
        "password": "Password123!",
        "confirmPassword": "Password123!"
      }

      at Object.log [as handleSubmit] (src/hooks/useRegistrationForm.ts:284:13)

    console.log
      [2026-02-08T19:37:15.737Z] Current errors: {}

      at Object.log [as handleSubmit] (src/hooks/useRegistrationForm.ts:285:13)

    console.log
      [2026-02-08T19:37:15.737Z] Is rate limited: false

      at Object.log [as handleSubmit] (src/hooks/useRegistrationForm.ts:286:13)

    console.log
      [2026-02-08T19:37:15.737Z] Validation result: true

      at Object.log [as handleSubmit] (src/hooks/useRegistrationForm.ts:296:13)

    console.log
      [2026-02-08T19:37:15.737Z] ✅ Validation passed, proceeding with API call

      at Object.log [as handleSubmit] (src/hooks/useRegistrationForm.ts:303:13)

    console.log
      [2026-02-08T19:37:15.737Z] 📡 Calling API client register method

      at Object.log [as handleSubmit] (src/hooks/useRegistrationForm.ts:316:15)

    console.log
      [2026-02-08T19:37:15.737Z] API payload: {
        email: 'test@example.com',
        name: 'John Doe',
        password: '***REDACTED***'
      }

      at Object.log [as handleSubmit] (src/hooks/useRegistrationForm.ts:317:15)

    console.log
      [2026-02-08T19:37:15.737Z] ❌ API call failed: { status: 409, message: 'Email already exists' }

      at Object.log [as handleSubmit] (src/hooks/useRegistrationForm.ts:343:15)

    console.log
      [2026-02-08T19:37:15.737Z] ========== FORM SUBMISSION ENDED ==========

      at Object.log [as handleSubmit] (src/hooks/useRegistrationForm.ts:376:15)

    console.log
      ✅ preventDefault() called FIRST (stopPropagation also called if available)

      at Object.log [as handleSubmit] (src/hooks/useRegistrationForm.ts:277:13)

    console.log
      [2026-02-08T19:37:15.740Z] ========== FORM SUBMISSION STARTED ==========

      at Object.log [as handleSubmit] (src/hooks/useRegistrationForm.ts:280:13)

    console.log
      [2026-02-08T19:37:15.740Z] Event defaultPrevented: undefined

      at Object.log [as handleSubmit] (src/hooks/useRegistrationForm.ts:281:13)

    console.log
      [2026-02-08T19:37:15.740Z] Event type: undefined

      at Object.log [as handleSubmit] (src/hooks/useRegistrationForm.ts:282:13)

    console.log
      [2026-02-08T19:37:15.740Z] Event target: undefined

      at Object.log [as handleSubmit] (src/hooks/useRegistrationForm.ts:283:13)

    console.log
      [2026-02-08T19:37:15.740Z] Form data: {
        "fullName": "John Doe",
        "email": "test@example.com",
        "password": "Password123!",
        "confirmPassword": "Password123!"
      }

      at Object.log [as handleSubmit] (src/hooks/useRegistrationForm.ts:284:13)

    console.log
      [2026-02-08T19:37:15.740Z] Current errors: {}

      at Object.log [as handleSubmit] (src/hooks/useRegistrationForm.ts:285:13)

    console.log
      [2026-02-08T19:37:15.740Z] Is rate limited: false

      at Object.log [as handleSubmit] (src/hooks/useRegistrationForm.ts:286:13)

    console.log
      [2026-02-08T19:37:15.740Z] Validation result: true

      at Object.log [as handleSubmit] (src/hooks/useRegistrationForm.ts:296:13)

    console.log
      [2026-02-08T19:37:15.740Z] ✅ Validation passed, proceeding with API call

      at Object.log [as handleSubmit] (src/hooks/useRegistrationForm.ts:303:13)

    console.log
      [2026-02-08T19:37:15.740Z] 📡 Calling API client register method

      at Object.log [as handleSubmit] (src/hooks/useRegistrationForm.ts:316:15)

    console.log
      [2026-02-08T19:37:15.740Z] API payload: {
        email: 'test@example.com',
        name: 'John Doe',
        password: '***REDACTED***'
      }

      at Object.log [as handleSubmit] (src/hooks/useRegistrationForm.ts:317:15)

    console.log
      [2026-02-08T19:37:15.740Z] ✅ API call successful

      at Object.log [as handleSubmit] (src/hooks/useRegistrationForm.ts:330:15)

    console.log
      [2026-02-08T19:37:15.740Z] ========== FORM SUBMISSION ENDED ==========

      at Object.log [as handleSubmit] (src/hooks/useRegistrationForm.ts:376:15)

    console.log
      ✅ preventDefault() called FIRST (stopPropagation also called if available)

      at Object.log [as handleSubmit] (src/hooks/useRegistrationForm.ts:277:13)

    console.log
      [2026-02-08T19:37:15.746Z] ========== FORM SUBMISSION STARTED ==========

      at Object.log [as handleSubmit] (src/hooks/useRegistrationForm.ts:280:13)

    console.log
      [2026-02-08T19:37:15.746Z] Event defaultPrevented: undefined

      at Object.log [as handleSubmit] (src/hooks/useRegistrationForm.ts:281:13)

    console.log
      [2026-02-08T19:37:15.746Z] Event type: undefined

      at Object.log [as handleSubmit] (src/hooks/useRegistrationForm.ts:282:13)

    console.log
      [2026-02-08T19:37:15.746Z] Event target: undefined

      at Object.log [as handleSubmit] (src/hooks/useRegistrationForm.ts:283:13)

    console.log
      [2026-02-08T19:37:15.746Z] Form data: {
        "fullName": "John Doe",
        "email": "test@example.com",
        "password": "Password123!",
        "confirmPassword": "Password123!"
      }

      at Object.log [as handleSubmit] (src/hooks/useRegistrationForm.ts:284:13)

    console.log
      [2026-02-08T19:37:15.746Z] Current errors: {}

      at Object.log [as handleSubmit] (src/hooks/useRegistrationForm.ts:285:13)

    console.log
      [2026-02-08T19:37:15.746Z] Is rate limited: false

      at Object.log [as handleSubmit] (src/hooks/useRegistrationForm.ts:286:13)

    console.log
      [2026-02-08T19:37:15.746Z] Validation result: true

      at Object.log [as handleSubmit] (src/hooks/useRegistrationForm.ts:296:13)

    console.log
      [2026-02-08T19:37:15.746Z] ✅ Validation passed, proceeding with API call

      at Object.log [as handleSubmit] (src/hooks/useRegistrationForm.ts:303:13)

    console.log
      [2026-02-08T19:37:15.746Z] 📡 Calling API client register method

      at Object.log [as handleSubmit] (src/hooks/useRegistrationForm.ts:316:15)

    console.log
      [2026-02-08T19:37:15.746Z] API payload: {
        email: 'test@example.com',
        name: 'John Doe',
        password: '***REDACTED***'
      }

      at Object.log [as handleSubmit] (src/hooks/useRegistrationForm.ts:317:15)

    console.log
      [2026-02-08T19:37:15.746Z] ❌ API call failed: { status: 409, message: 'Email already exists' }

      at Object.log [as handleSubmit] (src/hooks/useRegistrationForm.ts:343:15)

    console.log
      [2026-02-08T19:37:15.746Z] ========== FORM SUBMISSION ENDED ==========

      at Object.log [as handleSubmit] (src/hooks/useRegistrationForm.ts:376:15)

    console.log
      ✅ preventDefault() called FIRST (stopPropagation also called if available)

      at Object.log [as handleSubmit] (src/hooks/useRegistrationForm.ts:277:13)

    console.log
      [2026-02-08T19:37:15.751Z] ========== FORM SUBMISSION STARTED ==========

      at Object.log [as handleSubmit] (src/hooks/useRegistrationForm.ts:280:13)

    console.log
      [2026-02-08T19:37:15.751Z] Event defaultPrevented: undefined

      at Object.log [as handleSubmit] (src/hooks/useRegistrationForm.ts:281:13)

    console.log
      [2026-02-08T19:37:15.751Z] Event type: undefined

      at Object.log [as handleSubmit] (src/hooks/useRegistrationForm.ts:282:13)

    console.log
      [2026-02-08T19:37:15.751Z] Event target: undefined

      at Object.log [as handleSubmit] (src/hooks/useRegistrationForm.ts:283:13)

    console.log
      [2026-02-08T19:37:15.751Z] Form data: {
        "fullName": "John Doe",
        "email": "test@example.com",
        "password": "Password123!",
        "confirmPassword": "Password123!"
      }

      at Object.log [as handleSubmit] (src/hooks/useRegistrationForm.ts:284:13)

    console.log
      [2026-02-08T19:37:15.751Z] Current errors: {}

      at Object.log [as handleSubmit] (src/hooks/useRegistrationForm.ts:285:13)

    console.log
      [2026-02-08T19:37:15.751Z] Is rate limited: false

      at Object.log [as handleSubmit] (src/hooks/useRegistrationForm.ts:286:13)

    console.log
      [2026-02-08T19:37:15.751Z] Validation result: true

      at Object.log [as handleSubmit] (src/hooks/useRegistrationForm.ts:296:13)

    console.log
      [2026-02-08T19:37:15.751Z] ✅ Validation passed, proceeding with API call

      at Object.log [as handleSubmit] (src/hooks/useRegistrationForm.ts:303:13)

    console.log
      [2026-02-08T19:37:15.751Z] 📡 Calling API client register method

      at Object.log [as handleSubmit] (src/hooks/useRegistrationForm.ts:316:15)

    console.log
      [2026-02-08T19:37:15.751Z] API payload: {
        email: 'test@example.com',
        name: 'John Doe',
        password: '***REDACTED***'
      }

      at Object.log [as handleSubmit] (src/hooks/useRegistrationForm.ts:317:15)

    console.log
      [2026-02-08T19:37:15.751Z] ✅ API call successful

      at Object.log [as handleSubmit] (src/hooks/useRegistrationForm.ts:330:15)

    console.log
      [2026-02-08T19:37:15.751Z] ========== FORM SUBMISSION ENDED ==========

      at Object.log [as handleSubmit] (src/hooks/useRegistrationForm.ts:376:15)

    console.log
      ✅ preventDefault() called FIRST (stopPropagation also called if available)

      at Object.log [as handleSubmit] (src/hooks/useRegistrationForm.ts:277:13)

    console.log
      [2026-02-08T19:37:15.759Z] ========== FORM SUBMISSION STARTED ==========

      at Object.log [as handleSubmit] (src/hooks/useRegistrationForm.ts:280:13)

    console.log
      [2026-02-08T19:37:15.759Z] Event defaultPrevented: undefined

      at Object.log [as handleSubmit] (src/hooks/useRegistrationForm.ts:281:13)

    console.log
      [2026-02-08T19:37:15.759Z] Event type: undefined

      at Object.log [as handleSubmit] (src/hooks/useRegistrationForm.ts:282:13)

    console.log
      [2026-02-08T19:37:15.759Z] Event target: undefined

      at Object.log [as handleSubmit] (src/hooks/useRegistrationForm.ts:283:13)

    console.log
      [2026-02-08T19:37:15.759Z] Form data: {
        "fullName": "John Doe",
        "email": "test@example.com",
        "password": "Password123!",
        "confirmPassword": "Password123!"
      }

      at Object.log [as handleSubmit] (src/hooks/useRegistrationForm.ts:284:13)

    console.log
      [2026-02-08T19:37:15.759Z] Current errors: {}

      at Object.log [as handleSubmit] (src/hooks/useRegistrationForm.ts:285:13)

    console.log
      [2026-02-08T19:37:15.759Z] Is rate limited: false

      at Object.log [as handleSubmit] (src/hooks/useRegistrationForm.ts:286:13)

    console.log
      [2026-02-08T19:37:15.759Z] Validation result: true

      at Object.log [as handleSubmit] (src/hooks/useRegistrationForm.ts:296:13)

    console.log
      [2026-02-08T19:37:15.759Z] ✅ Validation passed, proceeding with API call

      at Object.log [as handleSubmit] (src/hooks/useRegistrationForm.ts:303:13)

    console.log
      [2026-02-08T19:37:15.759Z] 📡 Calling API client register method

      at Object.log [as handleSubmit] (src/hooks/useRegistrationForm.ts:316:15)

    console.log
      [2026-02-08T19:37:15.759Z] API payload: {
        email: 'test@example.com',
        name: 'John Doe',
        password: '***REDACTED***'
      }

      at Object.log [as handleSubmit] (src/hooks/useRegistrationForm.ts:317:15)

    console.log
      [2026-02-08T19:37:15.759Z] ✅ API call successful

      at Object.log [as handleSubmit] (src/hooks/useRegistrationForm.ts:330:15)

    console.log
      [2026-02-08T19:37:15.759Z] ========== FORM SUBMISSION ENDED ==========

      at Object.log [as handleSubmit] (src/hooks/useRegistrationForm.ts:376:15)

    console.log
      ✅ preventDefault() called FIRST (stopPropagation also called if available)

      at Object.log [as handleSubmit] (src/hooks/useRegistrationForm.ts:277:13)

    console.log
      [2026-02-08T19:37:15.764Z] ========== FORM SUBMISSION STARTED ==========

      at Object.log [as handleSubmit] (src/hooks/useRegistrationForm.ts:280:13)

    console.log
      [2026-02-08T19:37:15.764Z] Event defaultPrevented: undefined

      at Object.log [as handleSubmit] (src/hooks/useRegistrationForm.ts:281:13)

    console.log
      [2026-02-08T19:37:15.764Z] Event type: undefined

      at Object.log [as handleSubmit] (src/hooks/useRegistrationForm.ts:282:13)

    console.log
      [2026-02-08T19:37:15.764Z] Event target: undefined

      at Object.log [as handleSubmit] (src/hooks/useRegistrationForm.ts:283:13)

    console.log
      [2026-02-08T19:37:15.764Z] Form data: {
        "fullName": "John Doe",
        "email": "test@example.com",
        "password": "Password123!",
        "confirmPassword": "Password123!"
      }

      at Object.log [as handleSubmit] (src/hooks/useRegistrationForm.ts:284:13)

    console.log
      [2026-02-08T19:37:15.764Z] Current errors: {}

      at Object.log [as handleSubmit] (src/hooks/useRegistrationForm.ts:285:13)

    console.log
      [2026-02-08T19:37:15.764Z] Is rate limited: false

      at Object.log [as handleSubmit] (src/hooks/useRegistrationForm.ts:286:13)

    console.log
      [2026-02-08T19:37:15.764Z] Validation result: true

      at Object.log [as handleSubmit] (src/hooks/useRegistrationForm.ts:296:13)

    console.log
      [2026-02-08T19:37:15.764Z] ✅ Validation passed, proceeding with API call

      at Object.log [as handleSubmit] (src/hooks/useRegistrationForm.ts:303:13)

    console.log
      [2026-02-08T19:37:15.764Z] 📡 Calling API client register method

      at Object.log [as handleSubmit] (src/hooks/useRegistrationForm.ts:316:15)

    console.log
      [2026-02-08T19:37:15.764Z] API payload: {
        email: 'test@example.com',
        name: 'John Doe',
        password: '***REDACTED***'
      }

      at Object.log [as handleSubmit] (src/hooks/useRegistrationForm.ts:317:15)

    console.log
      [2026-02-08T19:37:15.764Z] ✅ API call successful

      at Object.log [as handleSubmit] (src/hooks/useRegistrationForm.ts:330:15)

    console.log
      [2026-02-08T19:37:15.764Z] ========== FORM SUBMISSION ENDED ==========

      at Object.log [as handleSubmit] (src/hooks/useRegistrationForm.ts:376:15)

    console.log
      ✅ preventDefault() called FIRST (stopPropagation also called if available)

      at Object.log [as handleSubmit] (src/hooks/useRegistrationForm.ts:277:13)

    console.log
      [2026-02-08T19:37:15.768Z] ========== FORM SUBMISSION STARTED ==========

      at Object.log [as handleSubmit] (src/hooks/useRegistrationForm.ts:280:13)

    console.log
      [2026-02-08T19:37:15.768Z] Event defaultPrevented: undefined

      at Object.log [as handleSubmit] (src/hooks/useRegistrationForm.ts:281:13)

    console.log
      [2026-02-08T19:37:15.768Z] Event type: undefined

      at Object.log [as handleSubmit] (src/hooks/useRegistrationForm.ts:282:13)

    console.log
      [2026-02-08T19:37:15.768Z] Event target: undefined

      at Object.log [as handleSubmit] (src/hooks/useRegistrationForm.ts:283:13)

    console.log
      [2026-02-08T19:37:15.768Z] Form data: {
        "fullName": "John Doe",
        "email": "test@example.com",
        "password": "Password123!",
        "confirmPassword": "Password123!"
      }

      at Object.log [as handleSubmit] (src/hooks/useRegistrationForm.ts:284:13)

    console.log
      [2026-02-08T19:37:15.768Z] Current errors: {}

      at Object.log [as handleSubmit] (src/hooks/useRegistrationForm.ts:285:13)

    console.log
      [2026-02-08T19:37:15.768Z] Is rate limited: false

      at Object.log [as handleSubmit] (src/hooks/useRegistrationForm.ts:286:13)

    console.log
      [2026-02-08T19:37:15.768Z] Validation result: true

      at Object.log [as handleSubmit] (src/hooks/useRegistrationForm.ts:296:13)

    console.log
      [2026-02-08T19:37:15.768Z] ✅ Validation passed, proceeding with API call

      at Object.log [as handleSubmit] (src/hooks/useRegistrationForm.ts:303:13)

    console.log
      [2026-02-08T19:37:15.768Z] 📡 Calling API client register method

      at Object.log [as handleSubmit] (src/hooks/useRegistrationForm.ts:316:15)

    console.log
      [2026-02-08T19:37:15.768Z] API payload: {
        email: 'test@example.com',
        name: 'John Doe',
        password: '***REDACTED***'
      }

      at Object.log [as handleSubmit] (src/hooks/useRegistrationForm.ts:317:15)

    console.log
      [2026-02-08T19:37:15.768Z] ✅ API call successful

      at Object.log [as handleSubmit] (src/hooks/useRegistrationForm.ts:330:15)

    console.log
      [2026-02-08T19:37:15.768Z] ========== FORM SUBMISSION ENDED ==========

      at Object.log [as handleSubmit] (src/hooks/useRegistrationForm.ts:376:15)

    console.log
      ✅ preventDefault() called FIRST (stopPropagation also called if available)

      at Object.log [as handleSubmit] (src/hooks/useRegistrationForm.ts:277:13)

    console.log
      [2026-02-08T19:37:15.797Z] ========== FORM SUBMISSION STARTED ==========

      at Object.log [as handleSubmit] (src/hooks/useRegistrationForm.ts:280:13)

    console.log
      [2026-02-08T19:37:15.797Z] Event defaultPrevented: undefined

      at Object.log [as handleSubmit] (src/hooks/useRegistrationForm.ts:281:13)

    console.log
      [2026-02-08T19:37:15.797Z] Event type: undefined

      at Object.log [as handleSubmit] (src/hooks/useRegistrationForm.ts:282:13)

    console.log
      [2026-02-08T19:37:15.797Z] Event target: undefined

      at Object.log [as handleSubmit] (src/hooks/useRegistrationForm.ts:283:13)

    console.log
      [2026-02-08T19:37:15.797Z] Form data: {
        "fullName": "",
        "email": "",
        "password": "",
        "confirmPassword": ""
      }

      at Object.log [as handleSubmit] (src/hooks/useRegistrationForm.ts:284:13)

    console.log
      [2026-02-08T19:37:15.797Z] Current errors: {}

      at Object.log [as handleSubmit] (src/hooks/useRegistrationForm.ts:285:13)

    console.log
      [2026-02-08T19:37:15.797Z] Is rate limited: false

      at Object.log [as handleSubmit] (src/hooks/useRegistrationForm.ts:286:13)

    console.log
      [2026-02-08T19:37:15.797Z] Validation result: false

      at Object.log [as handleSubmit] (src/hooks/useRegistrationForm.ts:296:13)

    console.log
      [2026-02-08T19:37:15.797Z] ❌ Form submission blocked: validation failed

      at Object.log [as handleSubmit] (src/hooks/useRegistrationForm.ts:298:15)

    console.log
      [2026-02-08T19:37:15.797Z] Validation errors: {}

      at Object.log [as handleSubmit] (src/hooks/useRegistrationForm.ts:299:15)

    console.log
      ✅ preventDefault() called FIRST (stopPropagation also called if available)

      at Object.log [as handleSubmit] (src/hooks/useRegistrationForm.ts:277:13)

    console.log
      [2026-02-08T19:37:15.800Z] ========== FORM SUBMISSION STARTED ==========

      at Object.log [as handleSubmit] (src/hooks/useRegistrationForm.ts:280:13)

    console.log
      [2026-02-08T19:37:15.800Z] Event defaultPrevented: undefined

      at Object.log [as handleSubmit] (src/hooks/useRegistrationForm.ts:281:13)

    console.log
      [2026-02-08T19:37:15.800Z] Event type: undefined

      at Object.log [as handleSubmit] (src/hooks/useRegistrationForm.ts:282:13)

    console.log
      [2026-02-08T19:37:15.800Z] Event target: undefined

      at Object.log [as handleSubmit] (src/hooks/useRegistrationForm.ts:283:13)

    console.log
      [2026-02-08T19:37:15.800Z] Form data: {
        "fullName": "John Doe",
        "email": "test@example.com",
        "password": "",
        "confirmPassword": ""
      }

      at Object.log [as handleSubmit] (src/hooks/useRegistrationForm.ts:284:13)

    console.log
      [2026-02-08T19:37:15.800Z] Current errors: {}

      at Object.log [as handleSubmit] (src/hooks/useRegistrationForm.ts:285:13)

    console.log
      [2026-02-08T19:37:15.800Z] Is rate limited: false

      at Object.log [as handleSubmit] (src/hooks/useRegistrationForm.ts:286:13)

    console.log
      [2026-02-08T19:37:15.800Z] Validation result: false

      at Object.log [as handleSubmit] (src/hooks/useRegistrationForm.ts:296:13)

    console.log
      [2026-02-08T19:37:15.800Z] ❌ Form submission blocked: validation failed

      at Object.log [as handleSubmit] (src/hooks/useRegistrationForm.ts:298:15)

    console.log
      [2026-02-08T19:37:15.800Z] Validation errors: {}

      at Object.log [as handleSubmit] (src/hooks/useRegistrationForm.ts:299:15)

    console.log
      ✅ preventDefault() called FIRST (stopPropagation also called if available)

      at Object.log [as handleSubmit] (src/hooks/useRegistrationForm.ts:277:13)

    console.log
      [2026-02-08T19:37:15.804Z] ========== FORM SUBMISSION STARTED ==========

      at Object.log [as handleSubmit] (src/hooks/useRegistrationForm.ts:280:13)

    console.log
      [2026-02-08T19:37:15.804Z] Event defaultPrevented: undefined

      at Object.log [as handleSubmit] (src/hooks/useRegistrationForm.ts:281:13)

    console.log
      [2026-02-08T19:37:15.804Z] Event type: undefined

      at Object.log [as handleSubmit] (src/hooks/useRegistrationForm.ts:282:13)

    console.log
      [2026-02-08T19:37:15.804Z] Event target: undefined

      at Object.log [as handleSubmit] (src/hooks/useRegistrationForm.ts:283:13)

    console.log
      [2026-02-08T19:37:15.804Z] Form data: {
        "fullName": "John Doe",
        "email": "existing@example.com",
        "password": "Password123!",
        "confirmPassword": "Password123!"
      }

      at Object.log [as handleSubmit] (src/hooks/useRegistrationForm.ts:284:13)

    console.log
      [2026-02-08T19:37:15.804Z] Current errors: {}

      at Object.log [as handleSubmit] (src/hooks/useRegistrationForm.ts:285:13)

    console.log
      [2026-02-08T19:37:15.804Z] Is rate limited: false

      at Object.log [as handleSubmit] (src/hooks/useRegistrationForm.ts:286:13)

    console.log
      [2026-02-08T19:37:15.804Z] Validation result: true

      at Object.log [as handleSubmit] (src/hooks/useRegistrationForm.ts:296:13)

    console.log
      [2026-02-08T19:37:15.804Z] ✅ Validation passed, proceeding with API call

      at Object.log [as handleSubmit] (src/hooks/useRegistrationForm.ts:303:13)

    console.log
      [2026-02-08T19:37:15.804Z] 📡 Calling API client register method

      at Object.log [as handleSubmit] (src/hooks/useRegistrationForm.ts:316:15)

    console.log
      [2026-02-08T19:37:15.804Z] API payload: {
        email: 'existing@example.com',
        name: 'John Doe',
        password: '***REDACTED***'
      }

      at Object.log [as handleSubmit] (src/hooks/useRegistrationForm.ts:317:15)

    console.log
      [2026-02-08T19:37:15.804Z] ❌ API call failed: { status: 409, message: 'Email already exists' }

      at Object.log [as handleSubmit] (src/hooks/useRegistrationForm.ts:343:15)

    console.log
      [2026-02-08T19:37:15.804Z] ========== FORM SUBMISSION ENDED ==========

      at Object.log [as handleSubmit] (src/hooks/useRegistrationForm.ts:376:15)

    console.log
      ✅ preventDefault() called FIRST (stopPropagation also called if available)

      at Object.log [as handleSubmit] (src/hooks/useRegistrationForm.ts:277:13)

    console.log
      [2026-02-08T19:37:15.826Z] ========== FORM SUBMISSION STARTED ==========

      at Object.log [as handleSubmit] (src/hooks/useRegistrationForm.ts:280:13)

    console.log
      [2026-02-08T19:37:15.826Z] Event defaultPrevented: undefined

      at Object.log [as handleSubmit] (src/hooks/useRegistrationForm.ts:281:13)

    console.log
      [2026-02-08T19:37:15.826Z] Event type: undefined

      at Object.log [as handleSubmit] (src/hooks/useRegistrationForm.ts:282:13)

    console.log
      [2026-02-08T19:37:15.826Z] Event target: undefined

      at Object.log [as handleSubmit] (src/hooks/useRegistrationForm.ts:283:13)

    console.log
      [2026-02-08T19:37:15.826Z] Form data: {
        "fullName": "John Doe",
        "email": "test@example.com",
        "password": "Password123!",
        "confirmPassword": "Password123!"
      }

      at Object.log [as handleSubmit] (src/hooks/useRegistrationForm.ts:284:13)

    console.log
      [2026-02-08T19:37:15.826Z] Current errors: {}

      at Object.log [as handleSubmit] (src/hooks/useRegistrationForm.ts:285:13)

    console.log
      [2026-02-08T19:37:15.826Z] Is rate limited: false

      at Object.log [as handleSubmit] (src/hooks/useRegistrationForm.ts:286:13)

    console.log
      [2026-02-08T19:37:15.826Z] Validation result: true

      at Object.log [as handleSubmit] (src/hooks/useRegistrationForm.ts:296:13)

    console.log
      [2026-02-08T19:37:15.826Z] ✅ Validation passed, proceeding with API call

      at Object.log [as handleSubmit] (src/hooks/useRegistrationForm.ts:303:13)

    console.log
      [2026-02-08T19:37:15.826Z] 📡 Calling API client register method

      at Object.log [as handleSubmit] (src/hooks/useRegistrationForm.ts:316:15)

    console.log
      [2026-02-08T19:37:15.826Z] API payload: {
        email: 'test@example.com',
        name: 'John Doe',
        password: '***REDACTED***'
      }

      at Object.log [as handleSubmit] (src/hooks/useRegistrationForm.ts:317:15)

    console.log
      [2026-02-08T19:37:15.826Z] ❌ API call failed: {
        status: 500,
        message: 'An unexpected error occurred. Please try again.'
      }

      at Object.log [as handleSubmit] (src/hooks/useRegistrationForm.ts:343:15)

    console.log
      [2026-02-08T19:37:15.826Z] ========== FORM SUBMISSION ENDED ==========

      at Object.log [as handleSubmit] (src/hooks/useRegistrationForm.ts:376:15)

    console.log
      ✅ preventDefault() called FIRST (stopPropagation also called if available)

      at Object.log [as handleSubmit] (src/hooks/useRegistrationForm.ts:277:13)

    console.log
      [2026-02-08T19:37:15.833Z] ========== FORM SUBMISSION STARTED ==========

      at Object.log [as handleSubmit] (src/hooks/useRegistrationForm.ts:280:13)

    console.log
      [2026-02-08T19:37:15.833Z] Event defaultPrevented: undefined

      at Object.log [as handleSubmit] (src/hooks/useRegistrationForm.ts:281:13)

    console.log
      [2026-02-08T19:37:15.833Z] Event type: undefined

      at Object.log [as handleSubmit] (src/hooks/useRegistrationForm.ts:282:13)

    console.log
      [2026-02-08T19:37:15.833Z] Event target: undefined

      at Object.log [as handleSubmit] (src/hooks/useRegistrationForm.ts:283:13)

    console.log
      [2026-02-08T19:37:15.833Z] Form data: {
        "fullName": "John Doe",
        "email": "test@example.com",
        "password": "Password123!",
        "confirmPassword": "Password123!"
      }

      at Object.log [as handleSubmit] (src/hooks/useRegistrationForm.ts:284:13)

    console.log
      [2026-02-08T19:37:15.833Z] Current errors: {}

      at Object.log [as handleSubmit] (src/hooks/useRegistrationForm.ts:285:13)

    console.log
      [2026-02-08T19:37:15.833Z] Is rate limited: false

      at Object.log [as handleSubmit] (src/hooks/useRegistrationForm.ts:286:13)

    console.log
      [2026-02-08T19:37:15.833Z] Validation result: true

      at Object.log [as handleSubmit] (src/hooks/useRegistrationForm.ts:296:13)

    console.log
      [2026-02-08T19:37:15.833Z] ✅ Validation passed, proceeding with API call

      at Object.log [as handleSubmit] (src/hooks/useRegistrationForm.ts:303:13)

    console.log
      [2026-02-08T19:37:15.833Z] 📡 Calling API client register method

      at Object.log [as handleSubmit] (src/hooks/useRegistrationForm.ts:316:15)

    console.log
      [2026-02-08T19:37:15.833Z] API payload: {
        email: 'test@example.com',
        name: 'John Doe',
        password: '***REDACTED***'
      }

      at Object.log [as handleSubmit] (src/hooks/useRegistrationForm.ts:317:15)

    console.log
      [2026-02-08T19:37:15.833Z] ❌ API call failed: Error: Network error
          at Object.<anonymous> (/Users/ryan/Library/Mobile Documents/com~apple~CloudDocs/Documents/VSCode/Tax-App-Frontend/src/hooks/useRegistrationForm.test.tsx:929:40)
          at Promise.finally.completed (/Users/ryan/Library/Mobile Documents/com~apple~CloudDocs/Documents/VSCode/Tax-App-Frontend/node_modules/jest-circus/build/jestAdapterInit.js:1557:28)
          at new Promise (<anonymous>)
          at callAsyncCircusFn (/Users/ryan/Library/Mobile Documents/com~apple~CloudDocs/Documents/VSCode/Tax-App-Frontend/node_modules/jest-circus/build/jestAdapterInit.js:1497:10)
          at _callCircusTest (/Users/ryan/Library/Mobile Documents/com~apple~CloudDocs/Documents/VSCode/Tax-App-Frontend/node_modules/jest-circus/build/jestAdapterInit.js:1007:40)
          at _runTest (/Users/ryan/Library/Mobile Documents/com~apple~CloudDocs/Documents/VSCode/Tax-App-Frontend/node_modules/jest-circus/build/jestAdapterInit.js:947:3)
          at /Users/ryan/Library/Mobile Documents/com~apple~CloudDocs/Documents/VSCode/Tax-App-Frontend/node_modules/jest-circus/build/jestAdapterInit.js:849:7
          at _runTestsForDescribeBlock (/Users/ryan/Library/Mobile Documents/com~apple~CloudDocs/Documents/VSCode/Tax-App-Frontend/node_modules/jest-circus/build/jestAdapterInit.js:862:11)
          at _runTestsForDescribeBlock (/Users/ryan/Library/Mobile Documents/com~apple~CloudDocs/Documents/VSCode/Tax-App-Frontend/node_modules/jest-circus/build/jestAdapterInit.js:857:11)
          at run (/Users/ryan/Library/Mobile Documents/com~apple~CloudDocs/Documents/VSCode/Tax-App-Frontend/node_modules/jest-circus/build/jestAdapterInit.js:761:3)
          at runAndTransformResultsToJestFormat (/Users/ryan/Library/Mobile Documents/com~apple~CloudDocs/Documents/VSCode/Tax-App-Frontend/node_modules/jest-circus/build/jestAdapterInit.js:1918:21)
          at jestAdapter (/Users/ryan/Library/Mobile Documents/com~apple~CloudDocs/Documents/VSCode/Tax-App-Frontend/node_modules/jest-circus/build/runner.js:101:19)
          at runTestInternal (/Users/ryan/Library/Mobile Documents/com~apple~CloudDocs/Documents/VSCode/Tax-App-Frontend/node_modules/jest-runner/build/testWorker.js:275:16)
          at runTest (/Users/ryan/Library/Mobile Documents/com~apple~CloudDocs/Documents/VSCode/Tax-App-Frontend/node_modules/jest-runner/build/testWorker.js:343:7)
          at Object.worker (/Users/ryan/Library/Mobile Documents/com~apple~CloudDocs/Documents/VSCode/Tax-App-Frontend/node_modules/jest-runner/build/testWorker.js:497:12)

      at Object.log [as handleSubmit] (src/hooks/useRegistrationForm.ts:343:15)

    console.log
      [2026-02-08T19:37:15.833Z] ========== FORM SUBMISSION ENDED ==========

      at Object.log [as handleSubmit] (src/hooks/useRegistrationForm.ts:376:15)

    console.log
      ✅ preventDefault() called FIRST (stopPropagation also called if available)

      at Object.log [as handleSubmit] (src/hooks/useRegistrationForm.ts:277:13)

    console.log
      [2026-02-08T19:37:15.862Z] ========== FORM SUBMISSION STARTED ==========

      at Object.log [as handleSubmit] (src/hooks/useRegistrationForm.ts:280:13)

    console.log
      [2026-02-08T19:37:15.862Z] Event defaultPrevented: undefined

      at Object.log [as handleSubmit] (src/hooks/useRegistrationForm.ts:281:13)

    console.log
      [2026-02-08T19:37:15.862Z] Event type: undefined

      at Object.log [as handleSubmit] (src/hooks/useRegistrationForm.ts:282:13)

    console.log
      [2026-02-08T19:37:15.862Z] Event target: undefined

      at Object.log [as handleSubmit] (src/hooks/useRegistrationForm.ts:283:13)

    console.log
      [2026-02-08T19:37:15.862Z] Form data: {
        "fullName": "",
        "email": "",
        "password": "",
        "confirmPassword": ""
      }

      at Object.log [as handleSubmit] (src/hooks/useRegistrationForm.ts:284:13)

    console.log
      [2026-02-08T19:37:15.862Z] Current errors: {}

      at Object.log [as handleSubmit] (src/hooks/useRegistrationForm.ts:285:13)

    console.log
      [2026-02-08T19:37:15.862Z] Is rate limited: false

      at Object.log [as handleSubmit] (src/hooks/useRegistrationForm.ts:286:13)

    console.log
      [2026-02-08T19:37:15.862Z] Validation result: false

      at Object.log [as handleSubmit] (src/hooks/useRegistrationForm.ts:296:13)

    console.log
      [2026-02-08T19:37:15.862Z] ❌ Form submission blocked: validation failed

      at Object.log [as handleSubmit] (src/hooks/useRegistrationForm.ts:298:15)

    console.log
      [2026-02-08T19:37:15.862Z] Validation errors: {}

      at Object.log [as handleSubmit] (src/hooks/useRegistrationForm.ts:299:15)

    console.log
      ✅ preventDefault() called FIRST (stopPropagation also called if available)

      at Object.log [as handleSubmit] (src/hooks/useRegistrationForm.ts:277:13)

    console.log
      [2026-02-08T19:37:15.868Z] ========== FORM SUBMISSION STARTED ==========

      at Object.log [as handleSubmit] (src/hooks/useRegistrationForm.ts:280:13)

    console.log
      [2026-02-08T19:37:15.868Z] Event defaultPrevented: undefined

      at Object.log [as handleSubmit] (src/hooks/useRegistrationForm.ts:281:13)

    console.log
      [2026-02-08T19:37:15.868Z] Event type: undefined

      at Object.log [as handleSubmit] (src/hooks/useRegistrationForm.ts:282:13)

    console.log
      [2026-02-08T19:37:15.868Z] Event target: undefined

      at Object.log [as handleSubmit] (src/hooks/useRegistrationForm.ts:283:13)

    console.log
      [2026-02-08T19:37:15.868Z] Form data: {
        "fullName": "John Doe",
        "email": "test@example.com",
        "password": "Password123!",
        "confirmPassword": "Password123!"
      }

      at Object.log [as handleSubmit] (src/hooks/useRegistrationForm.ts:284:13)

    console.log
      [2026-02-08T19:37:15.868Z] Current errors: {}

      at Object.log [as handleSubmit] (src/hooks/useRegistrationForm.ts:285:13)

    console.log
      [2026-02-08T19:37:15.868Z] Is rate limited: false

      at Object.log [as handleSubmit] (src/hooks/useRegistrationForm.ts:286:13)

    console.log
      [2026-02-08T19:37:15.868Z] Validation result: true

      at Object.log [as handleSubmit] (src/hooks/useRegistrationForm.ts:296:13)

    console.log
      [2026-02-08T19:37:15.868Z] ✅ Validation passed, proceeding with API call

      at Object.log [as handleSubmit] (src/hooks/useRegistrationForm.ts:303:13)

    console.log
      [2026-02-08T19:37:15.868Z] 📡 Calling API client register method

      at Object.log [as handleSubmit] (src/hooks/useRegistrationForm.ts:316:15)

    console.log
      [2026-02-08T19:37:15.868Z] API payload: {
        email: 'test@example.com',
        name: 'John Doe',
        password: '***REDACTED***'
      }

      at Object.log [as handleSubmit] (src/hooks/useRegistrationForm.ts:317:15)

    console.log
      [2026-02-08T19:37:15.868Z] ❌ API call failed: Error: Network error
          at Object.<anonymous> (/Users/ryan/Library/Mobile Documents/com~apple~CloudDocs/Documents/VSCode/Tax-App-Frontend/src/hooks/useRegistrationForm.test.tsx:1022:40)
          at Promise.finally.completed (/Users/ryan/Library/Mobile Documents/com~apple~CloudDocs/Documents/VSCode/Tax-App-Frontend/node_modules/jest-circus/build/jestAdapterInit.js:1557:28)
          at new Promise (<anonymous>)
          at callAsyncCircusFn (/Users/ryan/Library/Mobile Documents/com~apple~CloudDocs/Documents/VSCode/Tax-App-Frontend/node_modules/jest-circus/build/jestAdapterInit.js:1497:10)
          at _callCircusTest (/Users/ryan/Library/Mobile Documents/com~apple~CloudDocs/Documents/VSCode/Tax-App-Frontend/node_modules/jest-circus/build/jestAdapterInit.js:1007:40)
          at _runTest (/Users/ryan/Library/Mobile Documents/com~apple~CloudDocs/Documents/VSCode/Tax-App-Frontend/node_modules/jest-circus/build/jestAdapterInit.js:947:3)
          at /Users/ryan/Library/Mobile Documents/com~apple~CloudDocs/Documents/VSCode/Tax-App-Frontend/node_modules/jest-circus/build/jestAdapterInit.js:849:7
          at _runTestsForDescribeBlock (/Users/ryan/Library/Mobile Documents/com~apple~CloudDocs/Documents/VSCode/Tax-App-Frontend/node_modules/jest-circus/build/jestAdapterInit.js:862:11)
          at _runTestsForDescribeBlock (/Users/ryan/Library/Mobile Documents/com~apple~CloudDocs/Documents/VSCode/Tax-App-Frontend/node_modules/jest-circus/build/jestAdapterInit.js:857:11)
          at run (/Users/ryan/Library/Mobile Documents/com~apple~CloudDocs/Documents/VSCode/Tax-App-Frontend/node_modules/jest-circus/build/jestAdapterInit.js:761:3)
          at runAndTransformResultsToJestFormat (/Users/ryan/Library/Mobile Documents/com~apple~CloudDocs/Documents/VSCode/Tax-App-Frontend/node_modules/jest-circus/build/jestAdapterInit.js:1918:21)
          at jestAdapter (/Users/ryan/Library/Mobile Documents/com~apple~CloudDocs/Documents/VSCode/Tax-App-Frontend/node_modules/jest-circus/build/runner.js:101:19)
          at runTestInternal (/Users/ryan/Library/Mobile Documents/com~apple~CloudDocs/Documents/VSCode/Tax-App-Frontend/node_modules/jest-runner/build/testWorker.js:275:16)
          at runTest (/Users/ryan/Library/Mobile Documents/com~apple~CloudDocs/Documents/VSCode/Tax-App-Frontend/node_modules/jest-runner/build/testWorker.js:343:7)
          at Object.worker (/Users/ryan/Library/Mobile Documents/com~apple~CloudDocs/Documents/VSCode/Tax-App-Frontend/node_modules/jest-runner/build/testWorker.js:497:12)

      at Object.log [as handleSubmit] (src/hooks/useRegistrationForm.ts:343:15)

    console.log
      [2026-02-08T19:37:15.868Z] ========== FORM SUBMISSION ENDED ==========

      at Object.log [as handleSubmit] (src/hooks/useRegistrationForm.ts:376:15)

    console.log
      ✅ preventDefault() called FIRST (stopPropagation also called if available)

      at Object.log [as handleSubmit] (src/hooks/useRegistrationForm.ts:277:13)

    console.log
      [2026-02-08T19:37:15.876Z] ========== FORM SUBMISSION STARTED ==========

      at Object.log [as handleSubmit] (src/hooks/useRegistrationForm.ts:280:13)

    console.log
      [2026-02-08T19:37:15.876Z] Event defaultPrevented: undefined

      at Object.log [as handleSubmit] (src/hooks/useRegistrationForm.ts:281:13)

    console.log
      [2026-02-08T19:37:15.876Z] Event type: undefined

      at Object.log [as handleSubmit] (src/hooks/useRegistrationForm.ts:282:13)

    console.log
      [2026-02-08T19:37:15.876Z] Event target: undefined

      at Object.log [as handleSubmit] (src/hooks/useRegistrationForm.ts:283:13)

    console.log
      [2026-02-08T19:37:15.876Z] Form data: {
        "fullName": "John Doe",
        "email": "invalid-email",
        "password": "Password123!",
        "confirmPassword": "Password123!"
      }

      at Object.log [as handleSubmit] (src/hooks/useRegistrationForm.ts:284:13)

    console.log
      [2026-02-08T19:37:15.876Z] Current errors: {}

      at Object.log [as handleSubmit] (src/hooks/useRegistrationForm.ts:285:13)

    console.log
      [2026-02-08T19:37:15.876Z] Is rate limited: false

      at Object.log [as handleSubmit] (src/hooks/useRegistrationForm.ts:286:13)

    console.log
      [2026-02-08T19:37:15.876Z] Validation result: false

      at Object.log [as handleSubmit] (src/hooks/useRegistrationForm.ts:296:13)

    console.log
      [2026-02-08T19:37:15.876Z] ❌ Form submission blocked: validation failed

      at Object.log [as handleSubmit] (src/hooks/useRegistrationForm.ts:298:15)

    console.log
      [2026-02-08T19:37:15.876Z] Validation errors: {}

      at Object.log [as handleSubmit] (src/hooks/useRegistrationForm.ts:299:15)

    console.log
      ✅ preventDefault() called FIRST (stopPropagation also called if available)

      at Object.log [as handleSubmit] (src/hooks/useRegistrationForm.ts:277:13)

    console.log
      [2026-02-08T19:37:15.881Z] ========== FORM SUBMISSION STARTED ==========

      at Object.log [as handleSubmit] (src/hooks/useRegistrationForm.ts:280:13)

    console.log
      [2026-02-08T19:37:15.881Z] Event defaultPrevented: undefined

      at Object.log [as handleSubmit] (src/hooks/useRegistrationForm.ts:281:13)

    console.log
      [2026-02-08T19:37:15.881Z] Event type: undefined

      at Object.log [as handleSubmit] (src/hooks/useRegistrationForm.ts:282:13)

    console.log
      [2026-02-08T19:37:15.881Z] Event target: undefined

      at Object.log [as handleSubmit] (src/hooks/useRegistrationForm.ts:283:13)

    console.log
      [2026-02-08T19:37:15.881Z] Form data: {
        "fullName": "John Doe",
        "email": "test@example.com",
        "password": "weak",
        "confirmPassword": "weak"
      }

      at Object.log [as handleSubmit] (src/hooks/useRegistrationForm.ts:284:13)

    console.log
      [2026-02-08T19:37:15.881Z] Current errors: {}

      at Object.log [as handleSubmit] (src/hooks/useRegistrationForm.ts:285:13)

    console.log
      [2026-02-08T19:37:15.881Z] Is rate limited: false

      at Object.log [as handleSubmit] (src/hooks/useRegistrationForm.ts:286:13)

    console.log
      [2026-02-08T19:37:15.881Z] Validation result: false

      at Object.log [as handleSubmit] (src/hooks/useRegistrationForm.ts:296:13)

    console.log
      [2026-02-08T19:37:15.881Z] ❌ Form submission blocked: validation failed

      at Object.log [as handleSubmit] (src/hooks/useRegistrationForm.ts:298:15)

    console.log
      [2026-02-08T19:37:15.881Z] Validation errors: {}

      at Object.log [as handleSubmit] (src/hooks/useRegistrationForm.ts:299:15)

    console.log
      ✅ preventDefault() called FIRST (stopPropagation also called if available)

      at Object.log [as handleSubmit] (src/hooks/useRegistrationForm.ts:277:13)

    console.log
      [2026-02-08T19:37:15.890Z] ========== FORM SUBMISSION STARTED ==========

      at Object.log [as handleSubmit] (src/hooks/useRegistrationForm.ts:280:13)

    console.log
      [2026-02-08T19:37:15.890Z] Event defaultPrevented: undefined

      at Object.log [as handleSubmit] (src/hooks/useRegistrationForm.ts:281:13)

    console.log
      [2026-02-08T19:37:15.890Z] Event type: undefined

      at Object.log [as handleSubmit] (src/hooks/useRegistrationForm.ts:282:13)

    console.log
      [2026-02-08T19:37:15.890Z] Event target: undefined

      at Object.log [as handleSubmit] (src/hooks/useRegistrationForm.ts:283:13)

    console.log
      [2026-02-08T19:37:15.890Z] Form data: {
        "fullName": "John Doe",
        "email": "test@example.com",
        "password": "Password123!",
        "confirmPassword": "DifferentPassword123!"
      }

      at Object.log [as handleSubmit] (src/hooks/useRegistrationForm.ts:284:13)

    console.log
      [2026-02-08T19:37:15.890Z] Current errors: {}

      at Object.log [as handleSubmit] (src/hooks/useRegistrationForm.ts:285:13)

    console.log
      [2026-02-08T19:37:15.890Z] Is rate limited: false

      at Object.log [as handleSubmit] (src/hooks/useRegistrationForm.ts:286:13)

    console.log
      [2026-02-08T19:37:15.890Z] Validation result: false

      at Object.log [as handleSubmit] (src/hooks/useRegistrationForm.ts:296:13)

    console.log
      [2026-02-08T19:37:15.890Z] ❌ Form submission blocked: validation failed

      at Object.log [as handleSubmit] (src/hooks/useRegistrationForm.ts:298:15)

    console.log
      [2026-02-08T19:37:15.890Z] Validation errors: {}

      at Object.log [as handleSubmit] (src/hooks/useRegistrationForm.ts:299:15)

FAIL src/components/LoginForm.property3.test.tsx
  ● Console

    console.log
      [Button] Rendering with type: submit

      at log (src/components/ui/Button.tsx:25:13)

    console.log
      [Button] Props received: {
        variant: 'primary',
        size: 'lg',
        type: 'submit',
        loading: true,
        disabled: true
      }

      at log (src/components/ui/Button.tsx:26:13)

    console.log
      [Button] Has onClick in props: false

      at log (src/components/ui/Button.tsx:27:13)

    console.log
      [Button] All props: {}

      at log (src/components/ui/Button.tsx:28:13)

    console.log
      [Button] Rendering with type: submit

      at log (src/components/ui/Button.tsx:25:13)

    console.log
      [Button] Props received: {
        variant: 'primary',
        size: 'lg',
        type: 'submit',
        loading: true,
        disabled: true
      }

      at log (src/components/ui/Button.tsx:26:13)

    console.log
      [Button] Has onClick in props: false

      at log (src/components/ui/Button.tsx:27:13)

    console.log
      [Button] All props: {}

      at log (src/components/ui/Button.tsx:28:13)

    console.log
      [Button] Rendering with type: submit

      at log (src/components/ui/Button.tsx:25:13)

    console.log
      [Button] Props received: {
        variant: 'primary',
        size: 'lg',
        type: 'submit',
        loading: true,
        disabled: true
      }

      at log (src/components/ui/Button.tsx:26:13)

    console.log
      [Button] Has onClick in props: false

      at log (src/components/ui/Button.tsx:27:13)

    console.log
      [Button] All props: {}

      at log (src/components/ui/Button.tsx:28:13)

    console.log
      [Button] Rendering with type: submit

      at log (src/components/ui/Button.tsx:25:13)

    console.log
      [Button] Props received: {
        variant: 'primary',
        size: 'lg',
        type: 'submit',
        loading: true,
        disabled: true
      }

      at log (src/components/ui/Button.tsx:26:13)

    console.log
      [Button] Has onClick in props: false

      at log (src/components/ui/Button.tsx:27:13)

    console.log
      [Button] All props: {}

      at log (src/components/ui/Button.tsx:28:13)

    console.log
      [Button] Rendering with type: submit

      at log (src/components/ui/Button.tsx:25:13)

    console.log
      [Button] Props received: {
        variant: 'primary',
        size: 'lg',
        type: 'submit',
        loading: true,
        disabled: true
      }

      at log (src/components/ui/Button.tsx:26:13)

    console.log
      [Button] Has onClick in props: false

      at log (src/components/ui/Button.tsx:27:13)

    console.log
      [Button] All props: {}

      at log (src/components/ui/Button.tsx:28:13)

    console.log
      [Button] Rendering with type: submit

      at log (src/components/ui/Button.tsx:25:13)

    console.log
      [Button] Props received: {
        variant: 'primary',
        size: 'lg',
        type: 'submit',
        loading: true,
        disabled: true
      }

      at log (src/components/ui/Button.tsx:26:13)

    console.log
      [Button] Has onClick in props: false

      at log (src/components/ui/Button.tsx:27:13)

    console.log
      [Button] All props: {}

      at log (src/components/ui/Button.tsx:28:13)

    console.log
      [Button] Rendering with type: submit

      at log (src/components/ui/Button.tsx:25:13)

    console.log
      [Button] Props received: {
        variant: 'primary',
        size: 'lg',
        type: 'submit',
        loading: true,
        disabled: true
      }

      at log (src/components/ui/Button.tsx:26:13)

    console.log
      [Button] Has onClick in props: false

      at log (src/components/ui/Button.tsx:27:13)

    console.log
      [Button] All props: {}

      at log (src/components/ui/Button.tsx:28:13)

    console.log
      [Button] Rendering with type: submit

      at log (src/components/ui/Button.tsx:25:13)

    console.log
      [Button] Props received: {
        variant: 'primary',
        size: 'lg',
        type: 'submit',
        loading: true,
        disabled: true
      }

      at log (src/components/ui/Button.tsx:26:13)

    console.log
      [Button] Has onClick in props: false

      at log (src/components/ui/Button.tsx:27:13)

    console.log
      [Button] All props: {}

      at log (src/components/ui/Button.tsx:28:13)

    console.log
      [Button] Rendering with type: submit

      at log (src/components/ui/Button.tsx:25:13)

    console.log
      [Button] Props received: {
        variant: 'primary',
        size: 'lg',
        type: 'submit',
        loading: true,
        disabled: true
      }

      at log (src/components/ui/Button.tsx:26:13)

    console.log
      [Button] Has onClick in props: false

      at log (src/components/ui/Button.tsx:27:13)

    console.log
      [Button] All props: {}

      at log (src/components/ui/Button.tsx:28:13)

    console.log
      [Button] Rendering with type: submit

      at log (src/components/ui/Button.tsx:25:13)

    console.log
      [Button] Props received: {
        variant: 'primary',
        size: 'lg',
        type: 'submit',
        loading: true,
        disabled: true
      }

      at log (src/components/ui/Button.tsx:26:13)

    console.log
      [Button] Has onClick in props: false

      at log (src/components/ui/Button.tsx:27:13)

    console.log
      [Button] All props: {}

      at log (src/components/ui/Button.tsx:28:13)

    console.log
      [Button] Rendering with type: submit

      at log (src/components/ui/Button.tsx:25:13)

    console.log
      [Button] Props received: {
        variant: 'primary',
        size: 'lg',
        type: 'submit',
        loading: true,
        disabled: true
      }

      at log (src/components/ui/Button.tsx:26:13)

    console.log
      [Button] Has onClick in props: false

      at log (src/components/ui/Button.tsx:27:13)

    console.log
      [Button] All props: {}

      at log (src/components/ui/Button.tsx:28:13)

    console.log
      [Button] Rendering with type: submit

      at log (src/components/ui/Button.tsx:25:13)

    console.log
      [Button] Props received: {
        variant: 'primary',
        size: 'lg',
        type: 'submit',
        loading: true,
        disabled: true
      }

      at log (src/components/ui/Button.tsx:26:13)

    console.log
      [Button] Has onClick in props: false

      at log (src/components/ui/Button.tsx:27:13)

    console.log
      [Button] All props: {}

      at log (src/components/ui/Button.tsx:28:13)

    console.log
      [Button] Rendering with type: submit

      at log (src/components/ui/Button.tsx:25:13)

    console.log
      [Button] Props received: {
        variant: 'primary',
        size: 'lg',
        type: 'submit',
        loading: true,
        disabled: true
      }

      at log (src/components/ui/Button.tsx:26:13)

    console.log
      [Button] Has onClick in props: false

      at log (src/components/ui/Button.tsx:27:13)

    console.log
      [Button] All props: {}

      at log (src/components/ui/Button.tsx:28:13)

    console.log
      [Button] Rendering with type: submit

      at log (src/components/ui/Button.tsx:25:13)

    console.log
      [Button] Props received: {
        variant: 'primary',
        size: 'lg',
        type: 'submit',
        loading: true,
        disabled: true
      }

      at log (src/components/ui/Button.tsx:26:13)

    console.log
      [Button] Has onClick in props: false

      at log (src/components/ui/Button.tsx:27:13)

    console.log
      [Button] All props: {}

      at log (src/components/ui/Button.tsx:28:13)

    console.log
      [Button] Rendering with type: submit

      at log (src/components/ui/Button.tsx:25:13)

    console.log
      [Button] Props received: {
        variant: 'primary',
        size: 'lg',
        type: 'submit',
        loading: true,
        disabled: true
      }

      at log (src/components/ui/Button.tsx:26:13)

    console.log
      [Button] Has onClick in props: false

      at log (src/components/ui/Button.tsx:27:13)

    console.log
      [Button] All props: {}

      at log (src/components/ui/Button.tsx:28:13)

    console.log
      [Button] Rendering with type: submit

      at log (src/components/ui/Button.tsx:25:13)

    console.log
      [Button] Props received: {
        variant: 'primary',
        size: 'lg',
        type: 'submit',
        loading: true,
        disabled: true
      }

      at log (src/components/ui/Button.tsx:26:13)

    console.log
      [Button] Has onClick in props: false

      at log (src/components/ui/Button.tsx:27:13)

    console.log
      [Button] All props: {}

      at log (src/components/ui/Button.tsx:28:13)

    console.log
      [Button] Rendering with type: submit

      at log (src/components/ui/Button.tsx:25:13)

    console.log
      [Button] Props received: {
        variant: 'primary',
        size: 'lg',
        type: 'submit',
        loading: true,
        disabled: true
      }

      at log (src/components/ui/Button.tsx:26:13)

    console.log
      [Button] Has onClick in props: false

      at log (src/components/ui/Button.tsx:27:13)

    console.log
      [Button] All props: {}

      at log (src/components/ui/Button.tsx:28:13)

    console.log
      [Button] Rendering with type: submit

      at log (src/components/ui/Button.tsx:25:13)

    console.log
      [Button] Props received: {
        variant: 'primary',
        size: 'lg',
        type: 'submit',
        loading: true,
        disabled: true
      }

      at log (src/components/ui/Button.tsx:26:13)

    console.log
      [Button] Has onClick in props: false

      at log (src/components/ui/Button.tsx:27:13)

    console.log
      [Button] All props: {}

      at log (src/components/ui/Button.tsx:28:13)

    console.log
      [Button] Rendering with type: submit

      at log (src/components/ui/Button.tsx:25:13)

    console.log
      [Button] Props received: {
        variant: 'primary',
        size: 'lg',
        type: 'submit',
        loading: true,
        disabled: true
      }

      at log (src/components/ui/Button.tsx:26:13)

    console.log
      [Button] Has onClick in props: false

      at log (src/components/ui/Button.tsx:27:13)

    console.log
      [Button] All props: {}

      at log (src/components/ui/Button.tsx:28:13)

    console.log
      [Button] Rendering with type: submit

      at log (src/components/ui/Button.tsx:25:13)

    console.log
      [Button] Props received: {
        variant: 'primary',
        size: 'lg',
        type: 'submit',
        loading: false,
        disabled: false
      }

      at log (src/components/ui/Button.tsx:26:13)

    console.log
      [Button] Has onClick in props: false

      at log (src/components/ui/Button.tsx:27:13)

    console.log
      [Button] All props: {}

      at log (src/components/ui/Button.tsx:28:13)

    console.log
      [Button] Rendering with type: submit

      at log (src/components/ui/Button.tsx:25:13)

    console.log
      [Button] Props received: {
        variant: 'primary',
        size: 'lg',
        type: 'submit',
        loading: false,
        disabled: false
      }

      at log (src/components/ui/Button.tsx:26:13)

    console.log
      [Button] Has onClick in props: false

      at log (src/components/ui/Button.tsx:27:13)

    console.log
      [Button] All props: {}

      at log (src/components/ui/Button.tsx:28:13)

    console.log
      [Button] Rendering with type: submit

      at log (src/components/ui/Button.tsx:25:13)

    console.log
      [Button] Props received: {
        variant: 'primary',
        size: 'lg',
        type: 'submit',
        loading: false,
        disabled: false
      }

      at log (src/components/ui/Button.tsx:26:13)

    console.log
      [Button] Has onClick in props: false

      at log (src/components/ui/Button.tsx:27:13)

    console.log
      [Button] All props: {}

      at log (src/components/ui/Button.tsx:28:13)

    console.log
      [Button] Rendering with type: submit

      at log (src/components/ui/Button.tsx:25:13)

    console.log
      [Button] Props received: {
        variant: 'primary',
        size: 'lg',
        type: 'submit',
        loading: false,
        disabled: false
      }

      at log (src/components/ui/Button.tsx:26:13)

    console.log
      [Button] Has onClick in props: false

      at log (src/components/ui/Button.tsx:27:13)

    console.log
      [Button] All props: {}

      at log (src/components/ui/Button.tsx:28:13)

    console.log
      [Button] Rendering with type: submit

      at log (src/components/ui/Button.tsx:25:13)

    console.log
      [Button] Props received: {
        variant: 'primary',
        size: 'lg',
        type: 'submit',
        loading: false,
        disabled: false
      }

      at log (src/components/ui/Button.tsx:26:13)

    console.log
      [Button] Has onClick in props: false

      at log (src/components/ui/Button.tsx:27:13)

    console.log
      [Button] All props: {}

      at log (src/components/ui/Button.tsx:28:13)

    console.log
      [Button] Rendering with type: submit

      at log (src/components/ui/Button.tsx:25:13)

    console.log
      [Button] Props received: {
        variant: 'primary',
        size: 'lg',
        type: 'submit',
        loading: false,
        disabled: false
      }

      at log (src/components/ui/Button.tsx:26:13)

    console.log
      [Button] Has onClick in props: false

      at log (src/components/ui/Button.tsx:27:13)

    console.log
      [Button] All props: {}

      at log (src/components/ui/Button.tsx:28:13)

    console.log
      [Button] Rendering with type: submit

      at log (src/components/ui/Button.tsx:25:13)

    console.log
      [Button] Props received: {
        variant: 'primary',
        size: 'lg',
        type: 'submit',
        loading: false,
        disabled: false
      }

      at log (src/components/ui/Button.tsx:26:13)

    console.log
      [Button] Has onClick in props: false

      at log (src/components/ui/Button.tsx:27:13)

    console.log
      [Button] All props: {}

      at log (src/components/ui/Button.tsx:28:13)

    console.log
      [Button] Rendering with type: submit

      at log (src/components/ui/Button.tsx:25:13)

    console.log
      [Button] Props received: {
        variant: 'primary',
        size: 'lg',
        type: 'submit',
        loading: false,
        disabled: false
      }

      at log (src/components/ui/Button.tsx:26:13)

    console.log
      [Button] Has onClick in props: false

      at log (src/components/ui/Button.tsx:27:13)

    console.log
      [Button] All props: {}

      at log (src/components/ui/Button.tsx:28:13)

    console.log
      [Button] Rendering with type: submit

      at log (src/components/ui/Button.tsx:25:13)

    console.log
      [Button] Props received: {
        variant: 'primary',
        size: 'lg',
        type: 'submit',
        loading: false,
        disabled: false
      }

      at log (src/components/ui/Button.tsx:26:13)

    console.log
      [Button] Has onClick in props: false

      at log (src/components/ui/Button.tsx:27:13)

    console.log
      [Button] All props: {}

      at log (src/components/ui/Button.tsx:28:13)

    console.log
      [Button] Rendering with type: submit

      at log (src/components/ui/Button.tsx:25:13)

    console.log
      [Button] Props received: {
        variant: 'primary',
        size: 'lg',
        type: 'submit',
        loading: false,
        disabled: false
      }

      at log (src/components/ui/Button.tsx:26:13)

    console.log
      [Button] Has onClick in props: false

      at log (src/components/ui/Button.tsx:27:13)

    console.log
      [Button] All props: {}

      at log (src/components/ui/Button.tsx:28:13)

    console.log
      [Button] Rendering with type: submit

      at log (src/components/ui/Button.tsx:25:13)

    console.log
      [Button] Props received: {
        variant: 'primary',
        size: 'lg',
        type: 'submit',
        loading: false,
        disabled: false
      }

      at log (src/components/ui/Button.tsx:26:13)

    console.log
      [Button] Has onClick in props: false

      at log (src/components/ui/Button.tsx:27:13)

    console.log
      [Button] All props: {}

      at log (src/components/ui/Button.tsx:28:13)

    console.log
      [Button] Rendering with type: submit

      at log (src/components/ui/Button.tsx:25:13)

    console.log
      [Button] Props received: {
        variant: 'primary',
        size: 'lg',
        type: 'submit',
        loading: false,
        disabled: false
      }

      at log (src/components/ui/Button.tsx:26:13)

    console.log
      [Button] Has onClick in props: false

      at log (src/components/ui/Button.tsx:27:13)

    console.log
      [Button] All props: {}

      at log (src/components/ui/Button.tsx:28:13)

    console.log
      [Button] Rendering with type: submit

      at log (src/components/ui/Button.tsx:25:13)

    console.log
      [Button] Props received: {
        variant: 'primary',
        size: 'lg',
        type: 'submit',
        loading: false,
        disabled: false
      }

      at log (src/components/ui/Button.tsx:26:13)

    console.log
      [Button] Has onClick in props: false

      at log (src/components/ui/Button.tsx:27:13)

    console.log
      [Button] All props: {}

      at log (src/components/ui/Button.tsx:28:13)

    console.log
      [Button] Rendering with type: submit

      at log (src/components/ui/Button.tsx:25:13)

    console.log
      [Button] Props received: {
        variant: 'primary',
        size: 'lg',
        type: 'submit',
        loading: false,
        disabled: false
      }

      at log (src/components/ui/Button.tsx:26:13)

    console.log
      [Button] Has onClick in props: false

      at log (src/components/ui/Button.tsx:27:13)

    console.log
      [Button] All props: {}

      at log (src/components/ui/Button.tsx:28:13)

    console.log
      [Button] Rendering with type: submit

      at log (src/components/ui/Button.tsx:25:13)

    console.log
      [Button] Props received: {
        variant: 'primary',
        size: 'lg',
        type: 'submit',
        loading: false,
        disabled: false
      }

      at log (src/components/ui/Button.tsx:26:13)

    console.log
      [Button] Has onClick in props: false

      at log (src/components/ui/Button.tsx:27:13)

    console.log
      [Button] All props: {}

      at log (src/components/ui/Button.tsx:28:13)

    console.log
      [Button] Rendering with type: submit

      at log (src/components/ui/Button.tsx:25:13)

    console.log
      [Button] Props received: {
        variant: 'primary',
        size: 'lg',
        type: 'submit',
        loading: false,
        disabled: false
      }

      at log (src/components/ui/Button.tsx:26:13)

    console.log
      [Button] Has onClick in props: false

      at log (src/components/ui/Button.tsx:27:13)

    console.log
      [Button] All props: {}

      at log (src/components/ui/Button.tsx:28:13)

    console.log
      [Button] Rendering with type: submit

      at log (src/components/ui/Button.tsx:25:13)

    console.log
      [Button] Props received: {
        variant: 'primary',
        size: 'lg',
        type: 'submit',
        loading: false,
        disabled: false
      }

      at log (src/components/ui/Button.tsx:26:13)

    console.log
      [Button] Has onClick in props: false

      at log (src/components/ui/Button.tsx:27:13)

    console.log
      [Button] All props: {}

      at log (src/components/ui/Button.tsx:28:13)

    console.log
      [Button] Rendering with type: submit

      at log (src/components/ui/Button.tsx:25:13)

    console.log
      [Button] Props received: {
        variant: 'primary',
        size: 'lg',
        type: 'submit',
        loading: false,
        disabled: false
      }

      at log (src/components/ui/Button.tsx:26:13)

    console.log
      [Button] Has onClick in props: false

      at log (src/components/ui/Button.tsx:27:13)

    console.log
      [Button] All props: {}

      at log (src/components/ui/Button.tsx:28:13)

    console.log
      [Button] Rendering with type: submit

      at log (src/components/ui/Button.tsx:25:13)

    console.log
      [Button] Props received: {
        variant: 'primary',
        size: 'lg',
        type: 'submit',
        loading: false,
        disabled: false
      }

      at log (src/components/ui/Button.tsx:26:13)

    console.log
      [Button] Has onClick in props: false

      at log (src/components/ui/Button.tsx:27:13)

    console.log
      [Button] All props: {}

      at log (src/components/ui/Button.tsx:28:13)

    console.log
      [Button] Rendering with type: submit

      at log (src/components/ui/Button.tsx:25:13)

    console.log
      [Button] Props received: {
        variant: 'primary',
        size: 'lg',
        type: 'submit',
        loading: false,
        disabled: false
      }

      at log (src/components/ui/Button.tsx:26:13)

    console.log
      [Button] Has onClick in props: false

      at log (src/components/ui/Button.tsx:27:13)

    console.log
      [Button] All props: {}

      at log (src/components/ui/Button.tsx:28:13)

    console.log
      [Button] Rendering with type: submit

      at log (src/components/ui/Button.tsx:25:13)

    console.log
      [Button] Props received: {
        variant: 'primary',
        size: 'lg',
        type: 'submit',
        loading: false,
        disabled: false
      }

      at log (src/components/ui/Button.tsx:26:13)

    console.log
      [Button] Has onClick in props: false

      at log (src/components/ui/Button.tsx:27:13)

    console.log
      [Button] All props: {}

      at log (src/components/ui/Button.tsx:28:13)

    console.log
      [Button] Rendering with type: submit

      at log (src/components/ui/Button.tsx:25:13)

    console.log
      [Button] Props received: {
        variant: 'primary',
        size: 'lg',
        type: 'submit',
        loading: false,
        disabled: false
      }

      at log (src/components/ui/Button.tsx:26:13)

    console.log
      [Button] Has onClick in props: false

      at log (src/components/ui/Button.tsx:27:13)

    console.log
      [Button] All props: {}

      at log (src/components/ui/Button.tsx:28:13)

    console.log
      [Button] Rendering with type: submit

      at log (src/components/ui/Button.tsx:25:13)

    console.log
      [Button] Props received: {
        variant: 'primary',
        size: 'lg',
        type: 'submit',
        loading: false,
        disabled: false
      }

      at log (src/components/ui/Button.tsx:26:13)

    console.log
      [Button] Has onClick in props: false

      at log (src/components/ui/Button.tsx:27:13)

    console.log
      [Button] All props: {}

      at log (src/components/ui/Button.tsx:28:13)

    console.log
      [Button] Rendering with type: submit

      at log (src/components/ui/Button.tsx:25:13)

    console.log
      [Button] Props received: {
        variant: 'primary',
        size: 'lg',
        type: 'submit',
        loading: false,
        disabled: false
      }

      at log (src/components/ui/Button.tsx:26:13)

    console.log
      [Button] Has onClick in props: false

      at log (src/components/ui/Button.tsx:27:13)

    console.log
      [Button] All props: {}

      at log (src/components/ui/Button.tsx:28:13)

    console.log
      [Button] Rendering with type: submit

      at log (src/components/ui/Button.tsx:25:13)

    console.log
      [Button] Props received: {
        variant: 'primary',
        size: 'lg',
        type: 'submit',
        loading: false,
        disabled: false
      }

      at log (src/components/ui/Button.tsx:26:13)

    console.log
      [Button] Has onClick in props: false

      at log (src/components/ui/Button.tsx:27:13)

    console.log
      [Button] All props: {}

      at log (src/components/ui/Button.tsx:28:13)

    console.log
      [Button] Rendering with type: submit

      at log (src/components/ui/Button.tsx:25:13)

    console.log
      [Button] Props received: {
        variant: 'primary',
        size: 'lg',
        type: 'submit',
        loading: false,
        disabled: false
      }

      at log (src/components/ui/Button.tsx:26:13)

    console.log
      [Button] Has onClick in props: false

      at log (src/components/ui/Button.tsx:27:13)

    console.log
      [Button] All props: {}

      at log (src/components/ui/Button.tsx:28:13)

    console.log
      [Button] Rendering with type: submit

      at log (src/components/ui/Button.tsx:25:13)

    console.log
      [Button] Props received: {
        variant: 'primary',
        size: 'lg',
        type: 'submit',
        loading: false,
        disabled: false
      }

      at log (src/components/ui/Button.tsx:26:13)

    console.log
      [Button] Has onClick in props: false

      at log (src/components/ui/Button.tsx:27:13)

    console.log
      [Button] All props: {}

      at log (src/components/ui/Button.tsx:28:13)

    console.log
      [Button] Rendering with type: submit

      at log (src/components/ui/Button.tsx:25:13)

    console.log
      [Button] Props received: {
        variant: 'primary',
        size: 'lg',
        type: 'submit',
        loading: false,
        disabled: false
      }

      at log (src/components/ui/Button.tsx:26:13)

    console.log
      [Button] Has onClick in props: false

      at log (src/components/ui/Button.tsx:27:13)

    console.log
      [Button] All props: {}

      at log (src/components/ui/Button.tsx:28:13)

    console.log
      [Button] Rendering with type: submit

      at log (src/components/ui/Button.tsx:25:13)

    console.log
      [Button] Props received: {
        variant: 'primary',
        size: 'lg',
        type: 'submit',
        loading: false,
        disabled: false
      }

      at log (src/components/ui/Button.tsx:26:13)

    console.log
      [Button] Has onClick in props: false

      at log (src/components/ui/Button.tsx:27:13)

    console.log
      [Button] All props: {}

      at log (src/components/ui/Button.tsx:28:13)

    console.log
      [Button] Rendering with type: submit

      at log (src/components/ui/Button.tsx:25:13)

    console.log
      [Button] Props received: {
        variant: 'primary',
        size: 'lg',
        type: 'submit',
        loading: false,
        disabled: false
      }

      at log (src/components/ui/Button.tsx:26:13)

    console.log
      [Button] Has onClick in props: false

      at log (src/components/ui/Button.tsx:27:13)

    console.log
      [Button] All props: {}

      at log (src/components/ui/Button.tsx:28:13)

    console.log
      [Button] Rendering with type: submit

      at log (src/components/ui/Button.tsx:25:13)

    console.log
      [Button] Props received: {
        variant: 'primary',
        size: 'lg',
        type: 'submit',
        loading: false,
        disabled: false
      }

      at log (src/components/ui/Button.tsx:26:13)

    console.log
      [Button] Has onClick in props: false

      at log (src/components/ui/Button.tsx:27:13)

    console.log
      [Button] All props: {}

      at log (src/components/ui/Button.tsx:28:13)

    console.log
      [Button] Rendering with type: submit

      at log (src/components/ui/Button.tsx:25:13)

    console.log
      [Button] Props received: {
        variant: 'primary',
        size: 'lg',
        type: 'submit',
        loading: false,
        disabled: false
      }

      at log (src/components/ui/Button.tsx:26:13)

    console.log
      [Button] Has onClick in props: false

      at log (src/components/ui/Button.tsx:27:13)

    console.log
      [Button] All props: {}

      at log (src/components/ui/Button.tsx:28:13)

    console.log
      [Button] Rendering with type: submit

      at log (src/components/ui/Button.tsx:25:13)

    console.log
      [Button] Props received: {
        variant: 'primary',
        size: 'lg',
        type: 'submit',
        loading: false,
        disabled: false
      }

      at log (src/components/ui/Button.tsx:26:13)

    console.log
      [Button] Has onClick in props: false

      at log (src/components/ui/Button.tsx:27:13)

    console.log
      [Button] All props: {}

      at log (src/components/ui/Button.tsx:28:13)

    console.log
      [Button] Rendering with type: submit

      at log (src/components/ui/Button.tsx:25:13)

    console.log
      [Button] Props received: {
        variant: 'primary',
        size: 'lg',
        type: 'submit',
        loading: false,
        disabled: false
      }

      at log (src/components/ui/Button.tsx:26:13)

    console.log
      [Button] Has onClick in props: false

      at log (src/components/ui/Button.tsx:27:13)

    console.log
      [Button] All props: {}

      at log (src/components/ui/Button.tsx:28:13)

    console.log
      [Button] Rendering with type: submit

      at log (src/components/ui/Button.tsx:25:13)

    console.log
      [Button] Props received: {
        variant: 'primary',
        size: 'lg',
        type: 'submit',
        loading: false,
        disabled: false
      }

      at log (src/components/ui/Button.tsx:26:13)

    console.log
      [Button] Has onClick in props: false

      at log (src/components/ui/Button.tsx:27:13)

    console.log
      [Button] All props: {}

      at log (src/components/ui/Button.tsx:28:13)

    console.log
      [Button] Rendering with type: submit

      at log (src/components/ui/Button.tsx:25:13)

    console.log
      [Button] Props received: {
        variant: 'primary',
        size: 'lg',
        type: 'submit',
        loading: false,
        disabled: false
      }

      at log (src/components/ui/Button.tsx:26:13)

    console.log
      [Button] Has onClick in props: false

      at log (src/components/ui/Button.tsx:27:13)

    console.log
      [Button] All props: {}

      at log (src/components/ui/Button.tsx:28:13)

    console.log
      [Button] Rendering with type: submit

      at log (src/components/ui/Button.tsx:25:13)

    console.log
      [Button] Props received: {
        variant: 'primary',
        size: 'lg',
        type: 'submit',
        loading: false,
        disabled: false
      }

      at log (src/components/ui/Button.tsx:26:13)

    console.log
      [Button] Has onClick in props: false

      at log (src/components/ui/Button.tsx:27:13)

    console.log
      [Button] All props: {}

      at log (src/components/ui/Button.tsx:28:13)

    console.log
      [Button] Rendering with type: submit

      at log (src/components/ui/Button.tsx:25:13)

    console.log
      [Button] Props received: {
        variant: 'primary',
        size: 'lg',
        type: 'submit',
        loading: false,
        disabled: false
      }

      at log (src/components/ui/Button.tsx:26:13)

    console.log
      [Button] Has onClick in props: false

      at log (src/components/ui/Button.tsx:27:13)

    console.log
      [Button] All props: {}

      at log (src/components/ui/Button.tsx:28:13)

    console.log
      [Button] Rendering with type: submit

      at log (src/components/ui/Button.tsx:25:13)

    console.log
      [Button] Props received: {
        variant: 'primary',
        size: 'lg',
        type: 'submit',
        loading: false,
        disabled: false
      }

      at log (src/components/ui/Button.tsx:26:13)

    console.log
      [Button] Has onClick in props: false

      at log (src/components/ui/Button.tsx:27:13)

    console.log
      [Button] All props: {}

      at log (src/components/ui/Button.tsx:28:13)

    console.log
      [Button] Rendering with type: submit

      at log (src/components/ui/Button.tsx:25:13)

    console.log
      [Button] Props received: {
        variant: 'primary',
        size: 'lg',
        type: 'submit',
        loading: false,
        disabled: false
      }

      at log (src/components/ui/Button.tsx:26:13)

    console.log
      [Button] Has onClick in props: false

      at log (src/components/ui/Button.tsx:27:13)

    console.log
      [Button] All props: {}

      at log (src/components/ui/Button.tsx:28:13)

    console.log
      [Button] Rendering with type: submit

      at log (src/components/ui/Button.tsx:25:13)

    console.log
      [Button] Props received: {
        variant: 'primary',
        size: 'lg',
        type: 'submit',
        loading: false,
        disabled: false
      }

      at log (src/components/ui/Button.tsx:26:13)

    console.log
      [Button] Has onClick in props: false

      at log (src/components/ui/Button.tsx:27:13)

    console.log
      [Button] All props: {}

      at log (src/components/ui/Button.tsx:28:13)

    console.log
      [Button] Rendering with type: submit

      at log (src/components/ui/Button.tsx:25:13)

    console.log
      [Button] Props received: {
        variant: 'primary',
        size: 'lg',
        type: 'submit',
        loading: false,
        disabled: false
      }

      at log (src/components/ui/Button.tsx:26:13)

    console.log
      [Button] Has onClick in props: false

      at log (src/components/ui/Button.tsx:27:13)

    console.log
      [Button] All props: {}

      at log (src/components/ui/Button.tsx:28:13)

    console.log
      [Button] Rendering with type: submit

      at log (src/components/ui/Button.tsx:25:13)

    console.log
      [Button] Props received: {
        variant: 'primary',
        size: 'lg',
        type: 'submit',
        loading: false,
        disabled: false
      }

      at log (src/components/ui/Button.tsx:26:13)

    console.log
      [Button] Has onClick in props: false

      at log (src/components/ui/Button.tsx:27:13)

    console.log
      [Button] All props: {}

      at log (src/components/ui/Button.tsx:28:13)

    console.log
      [Button] Rendering with type: submit

      at log (src/components/ui/Button.tsx:25:13)

    console.log
      [Button] Props received: {
        variant: 'primary',
        size: 'lg',
        type: 'submit',
        loading: false,
        disabled: false
      }

      at log (src/components/ui/Button.tsx:26:13)

    console.log
      [Button] Has onClick in props: false

      at log (src/components/ui/Button.tsx:27:13)

    console.log
      [Button] All props: {}

      at log (src/components/ui/Button.tsx:28:13)

    console.log
      [Button] Rendering with type: submit

      at log (src/components/ui/Button.tsx:25:13)

    console.log
      [Button] Props received: {
        variant: 'primary',
        size: 'lg',
        type: 'submit',
        loading: false,
        disabled: false
      }

      at log (src/components/ui/Button.tsx:26:13)

    console.log
      [Button] Has onClick in props: false

      at log (src/components/ui/Button.tsx:27:13)

    console.log
      [Button] All props: {}

      at log (src/components/ui/Button.tsx:28:13)

    console.log
      [Button] Rendering with type: submit

      at log (src/components/ui/Button.tsx:25:13)

    console.log
      [Button] Props received: {
        variant: 'primary',
        size: 'lg',
        type: 'submit',
        loading: false,
        disabled: false
      }

      at log (src/components/ui/Button.tsx:26:13)

    console.log
      [Button] Has onClick in props: false

      at log (src/components/ui/Button.tsx:27:13)

    console.log
      [Button] All props: {}

      at log (src/components/ui/Button.tsx:28:13)

    console.log
      [Button] Rendering with type: submit

      at log (src/components/ui/Button.tsx:25:13)

    console.log
      [Button] Props received: {
        variant: 'primary',
        size: 'lg',
        type: 'submit',
        loading: false,
        disabled: false
      }

      at log (src/components/ui/Button.tsx:26:13)

    console.log
      [Button] Has onClick in props: false

      at log (src/components/ui/Button.tsx:27:13)

    console.log
      [Button] All props: {}

      at log (src/components/ui/Button.tsx:28:13)

    console.log
      [Button] Rendering with type: submit

      at log (src/components/ui/Button.tsx:25:13)

    console.log
      [Button] Props received: {
        variant: 'primary',
        size: 'lg',
        type: 'submit',
        loading: false,
        disabled: false
      }

      at log (src/components/ui/Button.tsx:26:13)

    console.log
      [Button] Has onClick in props: false

      at log (src/components/ui/Button.tsx:27:13)

    console.log
      [Button] All props: {}

      at log (src/components/ui/Button.tsx:28:13)

    console.log
      [Button] Rendering with type: submit

      at log (src/components/ui/Button.tsx:25:13)

    console.log
      [Button] Props received: {
        variant: 'primary',
        size: 'lg',
        type: 'submit',
        loading: false,
        disabled: false
      }

      at log (src/components/ui/Button.tsx:26:13)

    console.log
      [Button] Has onClick in props: false

      at log (src/components/ui/Button.tsx:27:13)

    console.log
      [Button] All props: {}

      at log (src/components/ui/Button.tsx:28:13)

    console.log
      [Button] Rendering with type: submit

      at log (src/components/ui/Button.tsx:25:13)

    console.log
      [Button] Props received: {
        variant: 'primary',
        size: 'lg',
        type: 'submit',
        loading: false,
        disabled: false
      }

      at log (src/components/ui/Button.tsx:26:13)

    console.log
      [Button] Has onClick in props: false

      at log (src/components/ui/Button.tsx:27:13)

    console.log
      [Button] All props: {}

      at log (src/components/ui/Button.tsx:28:13)

    console.log
      [Button] Rendering with type: submit

      at log (src/components/ui/Button.tsx:25:13)

    console.log
      [Button] Props received: {
        variant: 'primary',
        size: 'lg',
        type: 'submit',
        loading: false,
        disabled: false
      }

      at log (src/components/ui/Button.tsx:26:13)

    console.log
      [Button] Has onClick in props: false

      at log (src/components/ui/Button.tsx:27:13)

    console.log
      [Button] All props: {}

      at log (src/components/ui/Button.tsx:28:13)

    console.log
      [Button] Rendering with type: submit

      at log (src/components/ui/Button.tsx:25:13)

    console.log
      [Button] Props received: {
        variant: 'primary',
        size: 'lg',
        type: 'submit',
        loading: false,
        disabled: false
      }

      at log (src/components/ui/Button.tsx:26:13)

    console.log
      [Button] Has onClick in props: false

      at log (src/components/ui/Button.tsx:27:13)

    console.log
      [Button] All props: {}

      at log (src/components/ui/Button.tsx:28:13)

    console.log
      [Button] Rendering with type: submit

      at log (src/components/ui/Button.tsx:25:13)

    console.log
      [Button] Props received: {
        variant: 'primary',
        size: 'lg',
        type: 'submit',
        loading: false,
        disabled: false
      }

      at log (src/components/ui/Button.tsx:26:13)

    console.log
      [Button] Has onClick in props: false

      at log (src/components/ui/Button.tsx:27:13)

    console.log
      [Button] All props: {}

      at log (src/components/ui/Button.tsx:28:13)

    console.log
      [Button] Rendering with type: submit

      at log (src/components/ui/Button.tsx:25:13)

    console.log
      [Button] Props received: {
        variant: 'primary',
        size: 'lg',
        type: 'submit',
        loading: false,
        disabled: false
      }

      at log (src/components/ui/Button.tsx:26:13)

    console.log
      [Button] Has onClick in props: false

      at log (src/components/ui/Button.tsx:27:13)

    console.log
      [Button] All props: {}

      at log (src/components/ui/Button.tsx:28:13)

    console.log
      [Button] Rendering with type: submit

      at log (src/components/ui/Button.tsx:25:13)

    console.log
      [Button] Props received: {
        variant: 'primary',
        size: 'lg',
        type: 'submit',
        loading: false,
        disabled: false
      }

      at log (src/components/ui/Button.tsx:26:13)

    console.log
      [Button] Has onClick in props: false

      at log (src/components/ui/Button.tsx:27:13)

    console.log
      [Button] All props: {}

      at log (src/components/ui/Button.tsx:28:13)

    console.log
      [Button] Rendering with type: submit

      at log (src/components/ui/Button.tsx:25:13)

    console.log
      [Button] Props received: {
        variant: 'primary',
        size: 'lg',
        type: 'submit',
        loading: false,
        disabled: false
      }

      at log (src/components/ui/Button.tsx:26:13)

    console.log
      [Button] Has onClick in props: false

      at log (src/components/ui/Button.tsx:27:13)

    console.log
      [Button] All props: {}

      at log (src/components/ui/Button.tsx:28:13)

    console.log
      [Button] Rendering with type: submit

      at log (src/components/ui/Button.tsx:25:13)

    console.log
      [Button] Props received: {
        variant: 'primary',
        size: 'lg',
        type: 'submit',
        loading: false,
        disabled: false
      }

      at log (src/components/ui/Button.tsx:26:13)

    console.log
      [Button] Has onClick in props: false

      at log (src/components/ui/Button.tsx:27:13)

    console.log
      [Button] All props: {}

      at log (src/components/ui/Button.tsx:28:13)

    console.log
      [Button] Rendering with type: submit

      at log (src/components/ui/Button.tsx:25:13)

    console.log
      [Button] Props received: {
        variant: 'primary',
        size: 'lg',
        type: 'submit',
        loading: false,
        disabled: false
      }

      at log (src/components/ui/Button.tsx:26:13)

    console.log
      [Button] Has onClick in props: false

      at log (src/components/ui/Button.tsx:27:13)

    console.log
      [Button] All props: {}

      at log (src/components/ui/Button.tsx:28:13)

    console.log
      [Button] Rendering with type: submit

      at log (src/components/ui/Button.tsx:25:13)

    console.log
      [Button] Props received: {
        variant: 'primary',
        size: 'lg',
        type: 'submit',
        loading: false,
        disabled: false
      }

      at log (src/components/ui/Button.tsx:26:13)

    console.log
      [Button] Has onClick in props: false

      at log (src/components/ui/Button.tsx:27:13)

    console.log
      [Button] All props: {}

      at log (src/components/ui/Button.tsx:28:13)

    console.log
      [Button] Rendering with type: submit

      at log (src/components/ui/Button.tsx:25:13)

    console.log
      [Button] Props received: {
        variant: 'primary',
        size: 'lg',
        type: 'submit',
        loading: false,
        disabled: false
      }

      at log (src/components/ui/Button.tsx:26:13)

    console.log
      [Button] Has onClick in props: false

      at log (src/components/ui/Button.tsx:27:13)

    console.log
      [Button] All props: {}

      at log (src/components/ui/Button.tsx:28:13)

    console.log
      [Button] Rendering with type: submit

      at log (src/components/ui/Button.tsx:25:13)

    console.log
      [Button] Props received: {
        variant: 'primary',
        size: 'lg',
        type: 'submit',
        loading: false,
        disabled: false
      }

      at log (src/components/ui/Button.tsx:26:13)

    console.log
      [Button] Has onClick in props: false

      at log (src/components/ui/Button.tsx:27:13)

    console.log
      [Button] All props: {}

      at log (src/components/ui/Button.tsx:28:13)

    console.log
      [Button] Rendering with type: submit

      at log (src/components/ui/Button.tsx:25:13)

    console.log
      [Button] Props received: {
        variant: 'primary',
        size: 'lg',
        type: 'submit',
        loading: false,
        disabled: false
      }

      at log (src/components/ui/Button.tsx:26:13)

    console.log
      [Button] Has onClick in props: false

      at log (src/components/ui/Button.tsx:27:13)

    console.log
      [Button] All props: {}

      at log (src/components/ui/Button.tsx:28:13)

    console.log
      [Button] Rendering with type: submit

      at log (src/components/ui/Button.tsx:25:13)

    console.log
      [Button] Props received: {
        variant: 'primary',
        size: 'lg',
        type: 'submit',
        loading: false,
        disabled: false
      }

      at log (src/components/ui/Button.tsx:26:13)

    console.log
      [Button] Has onClick in props: false

      at log (src/components/ui/Button.tsx:27:13)

    console.log
      [Button] All props: {}

      at log (src/components/ui/Button.tsx:28:13)

    console.log
      [Button] Rendering with type: submit

      at log (src/components/ui/Button.tsx:25:13)

    console.log
      [Button] Props received: {
        variant: 'primary',
        size: 'lg',
        type: 'submit',
        loading: false,
        disabled: false
      }

      at log (src/components/ui/Button.tsx:26:13)

    console.log
      [Button] Has onClick in props: false

      at log (src/components/ui/Button.tsx:27:13)

    console.log
      [Button] All props: {}

      at log (src/components/ui/Button.tsx:28:13)

    console.log
      [Button] Rendering with type: submit

      at log (src/components/ui/Button.tsx:25:13)

    console.log
      [Button] Props received: {
        variant: 'primary',
        size: 'lg',
        type: 'submit',
        loading: false,
        disabled: false
      }

      at log (src/components/ui/Button.tsx:26:13)

    console.log
      [Button] Has onClick in props: false

      at log (src/components/ui/Button.tsx:27:13)

    console.log
      [Button] All props: {}

      at log (src/components/ui/Button.tsx:28:13)

    console.log
      [Button] Rendering with type: submit

      at log (src/components/ui/Button.tsx:25:13)

    console.log
      [Button] Props received: {
        variant: 'primary',
        size: 'lg',
        type: 'submit',
        loading: false,
        disabled: false
      }

      at log (src/components/ui/Button.tsx:26:13)

    console.log
      [Button] Has onClick in props: false

      at log (src/components/ui/Button.tsx:27:13)

    console.log
      [Button] All props: {}

      at log (src/components/ui/Button.tsx:28:13)

    console.log
      [Button] Rendering with type: submit

      at log (src/components/ui/Button.tsx:25:13)

    console.log
      [Button] Props received: {
        variant: 'primary',
        size: 'lg',
        type: 'submit',
        loading: false,
        disabled: false
      }

      at log (src/components/ui/Button.tsx:26:13)

    console.log
      [Button] Has onClick in props: false

      at log (src/components/ui/Button.tsx:27:13)

    console.log
      [Button] All props: {}

      at log (src/components/ui/Button.tsx:28:13)

    console.log
      [Button] Rendering with type: submit

      at log (src/components/ui/Button.tsx:25:13)

    console.log
      [Button] Props received: {
        variant: 'primary',
        size: 'lg',
        type: 'submit',
        loading: false,
        disabled: false
      }

      at log (src/components/ui/Button.tsx:26:13)

    console.log
      [Button] Has onClick in props: false

      at log (src/components/ui/Button.tsx:27:13)

    console.log
      [Button] All props: {}

      at log (src/components/ui/Button.tsx:28:13)

    console.log
      [Button] Rendering with type: submit

      at log (src/components/ui/Button.tsx:25:13)

    console.log
      [Button] Props received: {
        variant: 'primary',
        size: 'lg',
        type: 'submit',
        loading: false,
        disabled: false
      }

      at log (src/components/ui/Button.tsx:26:13)

    console.log
      [Button] Has onClick in props: false

      at log (src/components/ui/Button.tsx:27:13)

    console.log
      [Button] All props: {}

      at log (src/components/ui/Button.tsx:28:13)

    console.log
      [Button] Rendering with type: submit

      at log (src/components/ui/Button.tsx:25:13)

    console.log
      [Button] Props received: {
        variant: 'primary',
        size: 'lg',
        type: 'submit',
        loading: false,
        disabled: false
      }

      at log (src/components/ui/Button.tsx:26:13)

    console.log
      [Button] Has onClick in props: false

      at log (src/components/ui/Button.tsx:27:13)

    console.log
      [Button] All props: {}

      at log (src/components/ui/Button.tsx:28:13)

    console.log
      [Button] Rendering with type: submit

      at log (src/components/ui/Button.tsx:25:13)

    console.log
      [Button] Props received: {
        variant: 'primary',
        size: 'lg',
        type: 'submit',
        loading: false,
        disabled: false
      }

      at log (src/components/ui/Button.tsx:26:13)

    console.log
      [Button] Has onClick in props: false

      at log (src/components/ui/Button.tsx:27:13)

    console.log
      [Button] All props: {}

      at log (src/components/ui/Button.tsx:28:13)

    console.log
      [Button] Rendering with type: submit

      at log (src/components/ui/Button.tsx:25:13)

    console.log
      [Button] Props received: {
        variant: 'primary',
        size: 'lg',
        type: 'submit',
        loading: false,
        disabled: false
      }

      at log (src/components/ui/Button.tsx:26:13)

    console.log
      [Button] Has onClick in props: false

      at log (src/components/ui/Button.tsx:27:13)

    console.log
      [Button] All props: {}

      at log (src/components/ui/Button.tsx:28:13)

    console.log
      [Button] Rendering with type: submit

      at log (src/components/ui/Button.tsx:25:13)

    console.log
      [Button] Props received: {
        variant: 'primary',
        size: 'lg',
        type: 'submit',
        loading: false,
        disabled: false
      }

      at log (src/components/ui/Button.tsx:26:13)

    console.log
      [Button] Has onClick in props: false

      at log (src/components/ui/Button.tsx:27:13)

    console.log
      [Button] All props: {}

      at log (src/components/ui/Button.tsx:28:13)

    console.log
      [Button] Rendering with type: submit

      at log (src/components/ui/Button.tsx:25:13)

    console.log
      [Button] Props received: {
        variant: 'primary',
        size: 'lg',
        type: 'submit',
        loading: false,
        disabled: false
      }

      at log (src/components/ui/Button.tsx:26:13)

    console.log
      [Button] Has onClick in props: false

      at log (src/components/ui/Button.tsx:27:13)

    console.log
      [Button] All props: {}

      at log (src/components/ui/Button.tsx:28:13)

    console.log
      [Button] Rendering with type: submit

      at log (src/components/ui/Button.tsx:25:13)

    console.log
      [Button] Props received: {
        variant: 'primary',
        size: 'lg',
        type: 'submit',
        loading: false,
        disabled: false
      }

      at log (src/components/ui/Button.tsx:26:13)

    console.log
      [Button] Has onClick in props: false

      at log (src/components/ui/Button.tsx:27:13)

    console.log
      [Button] All props: {}

      at log (src/components/ui/Button.tsx:28:13)

    console.log
      [Button] Rendering with type: submit

      at log (src/components/ui/Button.tsx:25:13)

    console.log
      [Button] Props received: {
        variant: 'primary',
        size: 'lg',
        type: 'submit',
        loading: false,
        disabled: false
      }

      at log (src/components/ui/Button.tsx:26:13)

    console.log
      [Button] Has onClick in props: false

      at log (src/components/ui/Button.tsx:27:13)

    console.log
      [Button] All props: {}

      at log (src/components/ui/Button.tsx:28:13)

    console.log
      [Button] Rendering with type: submit

      at log (src/components/ui/Button.tsx:25:13)

    console.log
      [Button] Props received: {
        variant: 'primary',
        size: 'lg',
        type: 'submit',
        loading: false,
        disabled: false
      }

      at log (src/components/ui/Button.tsx:26:13)

    console.log
      [Button] Has onClick in props: false

      at log (src/components/ui/Button.tsx:27:13)

    console.log
      [Button] All props: {}

      at log (src/components/ui/Button.tsx:28:13)

    console.log
      [Button] Rendering with type: submit

      at log (src/components/ui/Button.tsx:25:13)

    console.log
      [Button] Props received: {
        variant: 'primary',
        size: 'lg',
        type: 'submit',
        loading: false,
        disabled: false
      }

      at log (src/components/ui/Button.tsx:26:13)

    console.log
      [Button] Has onClick in props: false

      at log (src/components/ui/Button.tsx:27:13)

    console.log
      [Button] All props: {}

      at log (src/components/ui/Button.tsx:28:13)

    console.log
      [Button] Rendering with type: submit

      at log (src/components/ui/Button.tsx:25:13)

    console.log
      [Button] Props received: {
        variant: 'primary',
        size: 'lg',
        type: 'submit',
        loading: false,
        disabled: false
      }

      at log (src/components/ui/Button.tsx:26:13)

    console.log
      [Button] Has onClick in props: false

      at log (src/components/ui/Button.tsx:27:13)

    console.log
      [Button] All props: {}

      at log (src/components/ui/Button.tsx:28:13)

    console.log
      [Button] Rendering with type: submit

      at log (src/components/ui/Button.tsx:25:13)

    console.log
      [Button] Props received: {
        variant: 'primary',
        size: 'lg',
        type: 'submit',
        loading: false,
        disabled: false
      }

      at log (src/components/ui/Button.tsx:26:13)

    console.log
      [Button] Has onClick in props: false

      at log (src/components/ui/Button.tsx:27:13)

    console.log
      [Button] All props: {}

      at log (src/components/ui/Button.tsx:28:13)

    console.log
      [Button] Rendering with type: submit

      at log (src/components/ui/Button.tsx:25:13)

    console.log
      [Button] Props received: {
        variant: 'primary',
        size: 'lg',
        type: 'submit',
        loading: false,
        disabled: false
      }

      at log (src/components/ui/Button.tsx:26:13)

    console.log
      [Button] Has onClick in props: false

      at log (src/components/ui/Button.tsx:27:13)

    console.log
      [Button] All props: {}

      at log (src/components/ui/Button.tsx:28:13)

    console.log
      [Button] Rendering with type: submit

      at log (src/components/ui/Button.tsx:25:13)

    console.log
      [Button] Props received: {
        variant: 'primary',
        size: 'lg',
        type: 'submit',
        loading: false,
        disabled: false
      }

      at log (src/components/ui/Button.tsx:26:13)

    console.log
      [Button] Has onClick in props: false

      at log (src/components/ui/Button.tsx:27:13)

    console.log
      [Button] All props: {}

      at log (src/components/ui/Button.tsx:28:13)

    console.log
      [Button] Rendering with type: submit

      at log (src/components/ui/Button.tsx:25:13)

    console.log
      [Button] Props received: {
        variant: 'primary',
        size: 'lg',
        type: 'submit',
        loading: false,
        disabled: false
      }

      at log (src/components/ui/Button.tsx:26:13)

    console.log
      [Button] Has onClick in props: false

      at log (src/components/ui/Button.tsx:27:13)

    console.log
      [Button] All props: {}

      at log (src/components/ui/Button.tsx:28:13)

    console.log
      [Button] Rendering with type: submit

      at log (src/components/ui/Button.tsx:25:13)

    console.log
      [Button] Props received: {
        variant: 'primary',
        size: 'lg',
        type: 'submit',
        loading: false,
        disabled: false
      }

      at log (src/components/ui/Button.tsx:26:13)

    console.log
      [Button] Has onClick in props: false

      at log (src/components/ui/Button.tsx:27:13)

    console.log
      [Button] All props: {}

      at log (src/components/ui/Button.tsx:28:13)

    console.log
      [Button] Rendering with type: submit

      at log (src/components/ui/Button.tsx:25:13)

    console.log
      [Button] Props received: {
        variant: 'primary',
        size: 'lg',
        type: 'submit',
        loading: false,
        disabled: false
      }

      at log (src/components/ui/Button.tsx:26:13)

    console.log
      [Button] Has onClick in props: false

      at log (src/components/ui/Button.tsx:27:13)

    console.log
      [Button] All props: {}

      at log (src/components/ui/Button.tsx:28:13)

    console.log
      [Button] Rendering with type: submit

      at log (src/components/ui/Button.tsx:25:13)

    console.log
      [Button] Props received: {
        variant: 'primary',
        size: 'lg',
        type: 'submit',
        loading: false,
        disabled: false
      }

      at log (src/components/ui/Button.tsx:26:13)

    console.log
      [Button] Has onClick in props: false

      at log (src/components/ui/Button.tsx:27:13)

    console.log
      [Button] All props: {}

      at log (src/components/ui/Button.tsx:28:13)

    console.log
      [Button] Rendering with type: submit

      at log (src/components/ui/Button.tsx:25:13)

    console.log
      [Button] Props received: {
        variant: 'primary',
        size: 'lg',
        type: 'submit',
        loading: false,
        disabled: false
      }

      at log (src/components/ui/Button.tsx:26:13)

    console.log
      [Button] Has onClick in props: false

      at log (src/components/ui/Button.tsx:27:13)

    console.log
      [Button] All props: {}

      at log (src/components/ui/Button.tsx:28:13)

    console.log
      [Button] Rendering with type: submit

      at log (src/components/ui/Button.tsx:25:13)

    console.log
      [Button] Props received: {
        variant: 'primary',
        size: 'lg',
        type: 'submit',
        loading: false,
        disabled: false
      }

      at log (src/components/ui/Button.tsx:26:13)

    console.log
      [Button] Has onClick in props: false

      at log (src/components/ui/Button.tsx:27:13)

    console.log
      [Button] All props: {}

      at log (src/components/ui/Button.tsx:28:13)

    console.log
      [Button] Rendering with type: submit

      at log (src/components/ui/Button.tsx:25:13)

    console.log
      [Button] Props received: {
        variant: 'primary',
        size: 'lg',
        type: 'submit',
        loading: false,
        disabled: false
      }

      at log (src/components/ui/Button.tsx:26:13)

    console.log
      [Button] Has onClick in props: false

      at log (src/components/ui/Button.tsx:27:13)

    console.log
      [Button] All props: {}

      at log (src/components/ui/Button.tsx:28:13)

    console.log
      [Button] Rendering with type: submit

      at log (src/components/ui/Button.tsx:25:13)

    console.log
      [Button] Props received: {
        variant: 'primary',
        size: 'lg',
        type: 'submit',
        loading: false,
        disabled: false
      }

      at log (src/components/ui/Button.tsx:26:13)

    console.log
      [Button] Has onClick in props: false

      at log (src/components/ui/Button.tsx:27:13)

    console.log
      [Button] All props: {}

      at log (src/components/ui/Button.tsx:28:13)

    console.log
      [Button] Rendering with type: submit

      at log (src/components/ui/Button.tsx:25:13)

    console.log
      [Button] Props received: {
        variant: 'primary',
        size: 'lg',
        type: 'submit',
        loading: false,
        disabled: false
      }

      at log (src/components/ui/Button.tsx:26:13)

    console.log
      [Button] Has onClick in props: false

      at log (src/components/ui/Button.tsx:27:13)

    console.log
      [Button] All props: {}

      at log (src/components/ui/Button.tsx:28:13)

    console.log
      [Button] Rendering with type: submit

      at log (src/components/ui/Button.tsx:25:13)

    console.log
      [Button] Props received: {
        variant: 'primary',
        size: 'lg',
        type: 'submit',
        loading: false,
        disabled: false
      }

      at log (src/components/ui/Button.tsx:26:13)

    console.log
      [Button] Has onClick in props: false

      at log (src/components/ui/Button.tsx:27:13)

    console.log
      [Button] All props: {}

      at log (src/components/ui/Button.tsx:28:13)

    console.log
      [Button] Rendering with type: submit

      at log (src/components/ui/Button.tsx:25:13)

    console.log
      [Button] Props received: {
        variant: 'primary',
        size: 'lg',
        type: 'submit',
        loading: false,
        disabled: false
      }

      at log (src/components/ui/Button.tsx:26:13)

    console.log
      [Button] Has onClick in props: false

      at log (src/components/ui/Button.tsx:27:13)

    console.log
      [Button] All props: {}

      at log (src/components/ui/Button.tsx:28:13)

    console.log
      [Button] Rendering with type: submit

      at log (src/components/ui/Button.tsx:25:13)

    console.log
      [Button] Props received: {
        variant: 'primary',
        size: 'lg',
        type: 'submit',
        loading: false,
        disabled: false
      }

      at log (src/components/ui/Button.tsx:26:13)

    console.log
      [Button] Has onClick in props: false

      at log (src/components/ui/Button.tsx:27:13)

    console.log
      [Button] All props: {}

      at log (src/components/ui/Button.tsx:28:13)

    console.log
      [Button] Rendering with type: submit

      at log (src/components/ui/Button.tsx:25:13)

    console.log
      [Button] Props received: {
        variant: 'primary',
        size: 'lg',
        type: 'submit',
        loading: false,
        disabled: false
      }

      at log (src/components/ui/Button.tsx:26:13)

    console.log
      [Button] Has onClick in props: false

      at log (src/components/ui/Button.tsx:27:13)

    console.log
      [Button] All props: {}

      at log (src/components/ui/Button.tsx:28:13)

    console.log
      [Button] Rendering with type: submit

      at log (src/components/ui/Button.tsx:25:13)

    console.log
      [Button] Props received: {
        variant: 'primary',
        size: 'lg',
        type: 'submit',
        loading: false,
        disabled: false
      }

      at log (src/components/ui/Button.tsx:26:13)

    console.log
      [Button] Has onClick in props: false

      at log (src/components/ui/Button.tsx:27:13)

    console.log
      [Button] All props: {}

      at log (src/components/ui/Button.tsx:28:13)

    console.log
      [Button] Rendering with type: submit

      at log (src/components/ui/Button.tsx:25:13)

    console.log
      [Button] Props received: {
        variant: 'primary',
        size: 'lg',
        type: 'submit',
        loading: false,
        disabled: false
      }

      at log (src/components/ui/Button.tsx:26:13)

    console.log
      [Button] Has onClick in props: false

      at log (src/components/ui/Button.tsx:27:13)

    console.log
      [Button] All props: {}

      at log (src/components/ui/Button.tsx:28:13)

    console.log
      [Button] Rendering with type: submit

      at log (src/components/ui/Button.tsx:25:13)

    console.log
      [Button] Props received: {
        variant: 'primary',
        size: 'lg',
        type: 'submit',
        loading: false,
        disabled: false
      }

      at log (src/components/ui/Button.tsx:26:13)

    console.log
      [Button] Has onClick in props: false

      at log (src/components/ui/Button.tsx:27:13)

    console.log
      [Button] All props: {}

      at log (src/components/ui/Button.tsx:28:13)

    console.log
      [Button] Rendering with type: submit

      at log (src/components/ui/Button.tsx:25:13)

    console.log
      [Button] Props received: {
        variant: 'primary',
        size: 'lg',
        type: 'submit',
        loading: false,
        disabled: false
      }

      at log (src/components/ui/Button.tsx:26:13)

    console.log
      [Button] Has onClick in props: false

      at log (src/components/ui/Button.tsx:27:13)

    console.log
      [Button] All props: {}

      at log (src/components/ui/Button.tsx:28:13)

    console.log
      [Button] Rendering with type: submit

      at log (src/components/ui/Button.tsx:25:13)

    console.log
      [Button] Props received: {
        variant: 'primary',
        size: 'lg',
        type: 'submit',
        loading: false,
        disabled: false
      }

      at log (src/components/ui/Button.tsx:26:13)

    console.log
      [Button] Has onClick in props: false

      at log (src/components/ui/Button.tsx:27:13)

    console.log
      [Button] All props: {}

      at log (src/components/ui/Button.tsx:28:13)

    console.log
      [Button] Rendering with type: submit

      at log (src/components/ui/Button.tsx:25:13)

    console.log
      [Button] Props received: {
        variant: 'primary',
        size: 'lg',
        type: 'submit',
        loading: false,
        disabled: false
      }

      at log (src/components/ui/Button.tsx:26:13)

    console.log
      [Button] Has onClick in props: false

      at log (src/components/ui/Button.tsx:27:13)

    console.log
      [Button] All props: {}

      at log (src/components/ui/Button.tsx:28:13)

    console.log
      [Button] Rendering with type: submit

      at log (src/components/ui/Button.tsx:25:13)

    console.log
      [Button] Props received: {
        variant: 'primary',
        size: 'lg',
        type: 'submit',
        loading: false,
        disabled: false
      }

      at log (src/components/ui/Button.tsx:26:13)

    console.log
      [Button] Has onClick in props: false

      at log (src/components/ui/Button.tsx:27:13)

    console.log
      [Button] All props: {}

      at log (src/components/ui/Button.tsx:28:13)

    console.log
      [Button] Rendering with type: submit

      at log (src/components/ui/Button.tsx:25:13)

    console.log
      [Button] Props received: {
        variant: 'primary',
        size: 'lg',
        type: 'submit',
        loading: false,
        disabled: false
      }

      at log (src/components/ui/Button.tsx:26:13)

    console.log
      [Button] Has onClick in props: false

      at log (src/components/ui/Button.tsx:27:13)

    console.log
      [Button] All props: {}

      at log (src/components/ui/Button.tsx:28:13)

    console.log
      [Button] Rendering with type: submit

      at log (src/components/ui/Button.tsx:25:13)

    console.log
      [Button] Props received: {
        variant: 'primary',
        size: 'lg',
        type: 'submit',
        loading: false,
        disabled: false
      }

      at log (src/components/ui/Button.tsx:26:13)

    console.log
      [Button] Has onClick in props: false

      at log (src/components/ui/Button.tsx:27:13)

    console.log
      [Button] All props: {}

      at log (src/components/ui/Button.tsx:28:13)

    console.log
      [Button] Rendering with type: submit

      at log (src/components/ui/Button.tsx:25:13)

    console.log
      [Button] Props received: {
        variant: 'primary',
        size: 'lg',
        type: 'submit',
        loading: false,
        disabled: false
      }

      at log (src/components/ui/Button.tsx:26:13)

    console.log
      [Button] Has onClick in props: false

      at log (src/components/ui/Button.tsx:27:13)

    console.log
      [Button] All props: {}

      at log (src/components/ui/Button.tsx:28:13)

    console.log
      [Button] Rendering with type: submit

      at log (src/components/ui/Button.tsx:25:13)

    console.log
      [Button] Props received: {
        variant: 'primary',
        size: 'lg',
        type: 'submit',
        loading: false,
        disabled: false
      }

      at log (src/components/ui/Button.tsx:26:13)

    console.log
      [Button] Has onClick in props: false

      at log (src/components/ui/Button.tsx:27:13)

    console.log
      [Button] All props: {}

      at log (src/components/ui/Button.tsx:28:13)

    console.log
      [Button] Rendering with type: submit

      at log (src/components/ui/Button.tsx:25:13)

    console.log
      [Button] Props received: {
        variant: 'primary',
        size: 'lg',
        type: 'submit',
        loading: false,
        disabled: false
      }

      at log (src/components/ui/Button.tsx:26:13)

    console.log
      [Button] Has onClick in props: false

      at log (src/components/ui/Button.tsx:27:13)

    console.log
      [Button] All props: {}

      at log (src/components/ui/Button.tsx:28:13)

    console.log
      [Button] Rendering with type: submit

      at log (src/components/ui/Button.tsx:25:13)

    console.log
      [Button] Props received: {
        variant: 'primary',
        size: 'lg',
        type: 'submit',
        loading: false,
        disabled: false
      }

      at log (src/components/ui/Button.tsx:26:13)

    console.log
      [Button] Has onClick in props: false

      at log (src/components/ui/Button.tsx:27:13)

    console.log
      [Button] All props: {}

      at log (src/components/ui/Button.tsx:28:13)

    console.log
      [Button] Rendering with type: submit

      at log (src/components/ui/Button.tsx:25:13)

    console.log
      [Button] Props received: {
        variant: 'primary',
        size: 'lg',
        type: 'submit',
        loading: false,
        disabled: false
      }

      at log (src/components/ui/Button.tsx:26:13)

    console.log
      [Button] Has onClick in props: false

      at log (src/components/ui/Button.tsx:27:13)

    console.log
      [Button] All props: {}

      at log (src/components/ui/Button.tsx:28:13)

    console.log
      [Button] Rendering with type: submit

      at log (src/components/ui/Button.tsx:25:13)

    console.log
      [Button] Props received: {
        variant: 'primary',
        size: 'lg',
        type: 'submit',
        loading: false,
        disabled: false
      }

      at log (src/components/ui/Button.tsx:26:13)

    console.log
      [Button] Has onClick in props: false

      at log (src/components/ui/Button.tsx:27:13)

    console.log
      [Button] All props: {}

      at log (src/components/ui/Button.tsx:28:13)

    console.log
      [Button] Rendering with type: submit

      at log (src/components/ui/Button.tsx:25:13)

    console.log
      [Button] Props received: {
        variant: 'primary',
        size: 'lg',
        type: 'submit',
        loading: false,
        disabled: false
      }

      at log (src/components/ui/Button.tsx:26:13)

    console.log
      [Button] Has onClick in props: false

      at log (src/components/ui/Button.tsx:27:13)

    console.log
      [Button] All props: {}

      at log (src/components/ui/Button.tsx:28:13)

    console.log
      [Button] Rendering with type: submit

      at log (src/components/ui/Button.tsx:25:13)

    console.log
      [Button] Props received: {
        variant: 'primary',
        size: 'lg',
        type: 'submit',
        loading: false,
        disabled: false
      }

      at log (src/components/ui/Button.tsx:26:13)

    console.log
      [Button] Has onClick in props: false

      at log (src/components/ui/Button.tsx:27:13)

    console.log
      [Button] All props: {}

      at log (src/components/ui/Button.tsx:28:13)

    console.log
      [Button] Rendering with type: submit

      at log (src/components/ui/Button.tsx:25:13)

    console.log
      [Button] Props received: {
        variant: 'primary',
        size: 'lg',
        type: 'submit',
        loading: false,
        disabled: false
      }

      at log (src/components/ui/Button.tsx:26:13)

    console.log
      [Button] Has onClick in props: false

      at log (src/components/ui/Button.tsx:27:13)

    console.log
      [Button] All props: {}

      at log (src/components/ui/Button.tsx:28:13)

    console.log
      [Button] Rendering with type: submit

      at log (src/components/ui/Button.tsx:25:13)

    console.log
      [Button] Props received: {
        variant: 'primary',
        size: 'lg',
        type: 'submit',
        loading: false,
        disabled: false
      }

      at log (src/components/ui/Button.tsx:26:13)

    console.log
      [Button] Has onClick in props: false

      at log (src/components/ui/Button.tsx:27:13)

    console.log
      [Button] All props: {}

      at log (src/components/ui/Button.tsx:28:13)

    console.log
      [Button] Rendering with type: submit

      at log (src/components/ui/Button.tsx:25:13)

    console.log
      [Button] Props received: {
        variant: 'primary',
        size: 'lg',
        type: 'submit',
        loading: false,
        disabled: false
      }

      at log (src/components/ui/Button.tsx:26:13)

    console.log
      [Button] Has onClick in props: false

      at log (src/components/ui/Button.tsx:27:13)

    console.log
      [Button] All props: {}

      at log (src/components/ui/Button.tsx:28:13)

    console.log
      [Button] Rendering with type: submit

      at log (src/components/ui/Button.tsx:25:13)

    console.log
      [Button] Props received: {
        variant: 'primary',
        size: 'lg',
        type: 'submit',
        loading: false,
        disabled: false
      }

      at log (src/components/ui/Button.tsx:26:13)

    console.log
      [Button] Has onClick in props: false

      at log (src/components/ui/Button.tsx:27:13)

    console.log
      [Button] All props: {}

      at log (src/components/ui/Button.tsx:28:13)

    console.log
      [Button] Rendering with type: submit

      at log (src/components/ui/Button.tsx:25:13)

    console.log
      [Button] Props received: {
        variant: 'primary',
        size: 'lg',
        type: 'submit',
        loading: false,
        disabled: false
      }

      at log (src/components/ui/Button.tsx:26:13)

    console.log
      [Button] Has onClick in props: false

      at log (src/components/ui/Button.tsx:27:13)

    console.log
      [Button] All props: {}

      at log (src/components/ui/Button.tsx:28:13)

    console.log
      [Button] Rendering with type: submit

      at log (src/components/ui/Button.tsx:25:13)

    console.log
      [Button] Props received: {
        variant: 'primary',
        size: 'lg',
        type: 'submit',
        loading: false,
        disabled: false
      }

      at log (src/components/ui/Button.tsx:26:13)

    console.log
      [Button] Has onClick in props: false

      at log (src/components/ui/Button.tsx:27:13)

    console.log
      [Button] All props: {}

      at log (src/components/ui/Button.tsx:28:13)

    console.log
      [Button] Rendering with type: submit

      at log (src/components/ui/Button.tsx:25:13)

    console.log
      [Button] Props received: {
        variant: 'primary',
        size: 'lg',
        type: 'submit',
        loading: false,
        disabled: false
      }

      at log (src/components/ui/Button.tsx:26:13)

    console.log
      [Button] Has onClick in props: false

      at log (src/components/ui/Button.tsx:27:13)

    console.log
      [Button] All props: {}

      at log (src/components/ui/Button.tsx:28:13)

    console.log
      [Button] Rendering with type: submit

      at log (src/components/ui/Button.tsx:25:13)

    console.log
      [Button] Props received: {
        variant: 'primary',
        size: 'lg',
        type: 'submit',
        loading: false,
        disabled: false
      }

      at log (src/components/ui/Button.tsx:26:13)

    console.log
      [Button] Has onClick in props: false

      at log (src/components/ui/Button.tsx:27:13)

    console.log
      [Button] All props: {}

      at log (src/components/ui/Button.tsx:28:13)

    console.log
      [Button] Rendering with type: submit

      at log (src/components/ui/Button.tsx:25:13)

    console.log
      [Button] Props received: {
        variant: 'primary',
        size: 'lg',
        type: 'submit',
        loading: false,
        disabled: false
      }

      at log (src/components/ui/Button.tsx:26:13)

    console.log
      [Button] Has onClick in props: false

      at log (src/components/ui/Button.tsx:27:13)

    console.log
      [Button] All props: {}

      at log (src/components/ui/Button.tsx:28:13)

    console.log
      [Button] Rendering with type: submit

      at log (src/components/ui/Button.tsx:25:13)

    console.log
      [Button] Props received: {
        variant: 'primary',
        size: 'lg',
        type: 'submit',
        loading: false,
        disabled: false
      }

      at log (src/components/ui/Button.tsx:26:13)

    console.log
      [Button] Has onClick in props: false

      at log (src/components/ui/Button.tsx:27:13)

    console.log
      [Button] All props: {}

      at log (src/components/ui/Button.tsx:28:13)

    console.log
      [Button] Rendering with type: submit

      at log (src/components/ui/Button.tsx:25:13)

    console.log
      [Button] Props received: {
        variant: 'primary',
        size: 'lg',
        type: 'submit',
        loading: false,
        disabled: false
      }

      at log (src/components/ui/Button.tsx:26:13)

    console.log
      [Button] Has onClick in props: false

      at log (src/components/ui/Button.tsx:27:13)

    console.log
      [Button] All props: {}

      at log (src/components/ui/Button.tsx:28:13)

    console.log
      [Button] Rendering with type: submit

      at log (src/components/ui/Button.tsx:25:13)

    console.log
      [Button] Props received: {
        variant: 'primary',
        size: 'lg',
        type: 'submit',
        loading: false,
        disabled: false
      }

      at log (src/components/ui/Button.tsx:26:13)

    console.log
      [Button] Has onClick in props: false

      at log (src/components/ui/Button.tsx:27:13)

    console.log
      [Button] All props: {}

      at log (src/components/ui/Button.tsx:28:13)

    console.log
      [Button] Rendering with type: submit

      at log (src/components/ui/Button.tsx:25:13)

    console.log
      [Button] Props received: {
        variant: 'primary',
        size: 'lg',
        type: 'submit',
        loading: false,
        disabled: false
      }

      at log (src/components/ui/Button.tsx:26:13)

    console.log
      [Button] Has onClick in props: false

      at log (src/components/ui/Button.tsx:27:13)

    console.log
      [Button] All props: {}

      at log (src/components/ui/Button.tsx:28:13)

    console.log
      [Button] Rendering with type: submit

      at log (src/components/ui/Button.tsx:25:13)

    console.log
      [Button] Props received: {
        variant: 'primary',
        size: 'lg',
        type: 'submit',
        loading: false,
        disabled: false
      }

      at log (src/components/ui/Button.tsx:26:13)

    console.log
      [Button] Has onClick in props: false

      at log (src/components/ui/Button.tsx:27:13)

    console.log
      [Button] All props: {}

      at log (src/components/ui/Button.tsx:28:13)

    console.log
      [Button] Rendering with type: submit

      at log (src/components/ui/Button.tsx:25:13)

    console.log
      [Button] Props received: {
        variant: 'primary',
        size: 'lg',
        type: 'submit',
        loading: false,
        disabled: false
      }

      at log (src/components/ui/Button.tsx:26:13)

    console.log
      [Button] Has onClick in props: false

      at log (src/components/ui/Button.tsx:27:13)

    console.log
      [Button] All props: {}

      at log (src/components/ui/Button.tsx:28:13)

    console.log
      [Button] Rendering with type: submit

      at log (src/components/ui/Button.tsx:25:13)

    console.log
      [Button] Props received: {
        variant: 'primary',
        size: 'lg',
        type: 'submit',
        loading: false,
        disabled: false
      }

      at log (src/components/ui/Button.tsx:26:13)

    console.log
      [Button] Has onClick in props: false

      at log (src/components/ui/Button.tsx:27:13)

    console.log
      [Button] All props: {}

      at log (src/components/ui/Button.tsx:28:13)

    console.log
      [Button] Rendering with type: submit

      at log (src/components/ui/Button.tsx:25:13)

    console.log
      [Button] Props received: {
        variant: 'primary',
        size: 'lg',
        type: 'submit',
        loading: false,
        disabled: false
      }

      at log (src/components/ui/Button.tsx:26:13)

    console.log
      [Button] Has onClick in props: false

      at log (src/components/ui/Button.tsx:27:13)

    console.log
      [Button] All props: {}

      at log (src/components/ui/Button.tsx:28:13)

    console.log
      [Button] Rendering with type: submit

      at log (src/components/ui/Button.tsx:25:13)

    console.log
      [Button] Props received: {
        variant: 'primary',
        size: 'lg',
        type: 'submit',
        loading: false,
        disabled: false
      }

      at log (src/components/ui/Button.tsx:26:13)

    console.log
      [Button] Has onClick in props: false

      at log (src/components/ui/Button.tsx:27:13)

    console.log
      [Button] All props: {}

      at log (src/components/ui/Button.tsx:28:13)

    console.log
      [Button] Rendering with type: submit

      at log (src/components/ui/Button.tsx:25:13)

    console.log
      [Button] Props received: {
        variant: 'primary',
        size: 'lg',
        type: 'submit',
        loading: false,
        disabled: false
      }

      at log (src/components/ui/Button.tsx:26:13)

    console.log
      [Button] Has onClick in props: false

      at log (src/components/ui/Button.tsx:27:13)

    console.log
      [Button] All props: {}

      at log (src/components/ui/Button.tsx:28:13)

    console.log
      [Button] Rendering with type: submit

      at log (src/components/ui/Button.tsx:25:13)

    console.log
      [Button] Props received: {
        variant: 'primary',
        size: 'lg',
        type: 'submit',
        loading: false,
        disabled: false
      }

      at log (src/components/ui/Button.tsx:26:13)

    console.log
      [Button] Has onClick in props: false

      at log (src/components/ui/Button.tsx:27:13)

    console.log
      [Button] All props: {}

      at log (src/components/ui/Button.tsx:28:13)

    console.log
      [Button] Rendering with type: submit

      at log (src/components/ui/Button.tsx:25:13)

    console.log
      [Button] Props received: {
        variant: 'primary',
        size: 'lg',
        type: 'submit',
        loading: false,
        disabled: false
      }

      at log (src/components/ui/Button.tsx:26:13)

    console.log
      [Button] Has onClick in props: false

      at log (src/components/ui/Button.tsx:27:13)

    console.log
      [Button] All props: {}

      at log (src/components/ui/Button.tsx:28:13)

    console.log
      [Button] Rendering with type: submit

      at log (src/components/ui/Button.tsx:25:13)

    console.log
      [Button] Props received: {
        variant: 'primary',
        size: 'lg',
        type: 'submit',
        loading: false,
        disabled: false
      }

      at log (src/components/ui/Button.tsx:26:13)

    console.log
      [Button] Has onClick in props: false

      at log (src/components/ui/Button.tsx:27:13)

    console.log
      [Button] All props: {}

      at log (src/components/ui/Button.tsx:28:13)

    console.log
      [Button] Rendering with type: submit

      at log (src/components/ui/Button.tsx:25:13)

    console.log
      [Button] Props received: {
        variant: 'primary',
        size: 'lg',
        type: 'submit',
        loading: false,
        disabled: false
      }

      at log (src/components/ui/Button.tsx:26:13)

    console.log
      [Button] Has onClick in props: false

      at log (src/components/ui/Button.tsx:27:13)

    console.log
      [Button] All props: {}

      at log (src/components/ui/Button.tsx:28:13)

    console.log
      [Button] Rendering with type: submit

      at log (src/components/ui/Button.tsx:25:13)

    console.log
      [Button] Props received: {
        variant: 'primary',
        size: 'lg',
        type: 'submit',
        loading: false,
        disabled: false
      }

      at log (src/components/ui/Button.tsx:26:13)

    console.log
      [Button] Has onClick in props: false

      at log (src/components/ui/Button.tsx:27:13)

    console.log
      [Button] All props: {}

      at log (src/components/ui/Button.tsx:28:13)

    console.log
      [Button] Rendering with type: submit

      at log (src/components/ui/Button.tsx:25:13)

    console.log
      [Button] Props received: {
        variant: 'primary',
        size: 'lg',
        type: 'submit',
        loading: false,
        disabled: false
      }

      at log (src/components/ui/Button.tsx:26:13)

    console.log
      [Button] Has onClick in props: false

      at log (src/components/ui/Button.tsx:27:13)

    console.log
      [Button] All props: {}

      at log (src/components/ui/Button.tsx:28:13)

    console.log
      [Button] Rendering with type: submit

      at log (src/components/ui/Button.tsx:25:13)

    console.log
      [Button] Props received: {
        variant: 'primary',
        size: 'lg',
        type: 'submit',
        loading: false,
        disabled: false
      }

      at log (src/components/ui/Button.tsx:26:13)

    console.log
      [Button] Has onClick in props: false

      at log (src/components/ui/Button.tsx:27:13)

    console.log
      [Button] All props: {}

      at log (src/components/ui/Button.tsx:28:13)

    console.log
      [Button] Rendering with type: submit

      at log (src/components/ui/Button.tsx:25:13)

    console.log
      [Button] Props received: {
        variant: 'primary',
        size: 'lg',
        type: 'submit',
        loading: false,
        disabled: false
      }

      at log (src/components/ui/Button.tsx:26:13)

    console.log
      [Button] Has onClick in props: false

      at log (src/components/ui/Button.tsx:27:13)

    console.log
      [Button] All props: {}

      at log (src/components/ui/Button.tsx:28:13)

    console.log
      [Button] Rendering with type: submit

      at log (src/components/ui/Button.tsx:25:13)

    console.log
      [Button] Props received: {
        variant: 'primary',
        size: 'lg',
        type: 'submit',
        loading: false,
        disabled: false
      }

      at log (src/components/ui/Button.tsx:26:13)

    console.log
      [Button] Has onClick in props: false

      at log (src/components/ui/Button.tsx:27:13)

    console.log
      [Button] All props: {}

      at log (src/components/ui/Button.tsx:28:13)

    console.log
      [Button] Rendering with type: submit

      at log (src/components/ui/Button.tsx:25:13)

    console.log
      [Button] Props received: {
        variant: 'primary',
        size: 'lg',
        type: 'submit',
        loading: false,
        disabled: false
      }

      at log (src/components/ui/Button.tsx:26:13)

    console.log
      [Button] Has onClick in props: false

      at log (src/components/ui/Button.tsx:27:13)

    console.log
      [Button] All props: {}

      at log (src/components/ui/Button.tsx:28:13)

    console.log
      [Button] Rendering with type: submit

      at log (src/components/ui/Button.tsx:25:13)

    console.log
      [Button] Props received: {
        variant: 'primary',
        size: 'lg',
        type: 'submit',
        loading: false,
        disabled: false
      }

      at log (src/components/ui/Button.tsx:26:13)

    console.log
      [Button] Has onClick in props: false

      at log (src/components/ui/Button.tsx:27:13)

    console.log
      [Button] All props: {}

      at log (src/components/ui/Button.tsx:28:13)

    console.log
      [Button] Rendering with type: submit

      at log (src/components/ui/Button.tsx:25:13)

    console.log
      [Button] Props received: {
        variant: 'primary',
        size: 'lg',
        type: 'submit',
        loading: false,
        disabled: false
      }

      at log (src/components/ui/Button.tsx:26:13)

    console.log
      [Button] Has onClick in props: false

      at log (src/components/ui/Button.tsx:27:13)

    console.log
      [Button] All props: {}

      at log (src/components/ui/Button.tsx:28:13)

    console.log
      [Button] Rendering with type: submit

      at log (src/components/ui/Button.tsx:25:13)

    console.log
      [Button] Props received: {
        variant: 'primary',
        size: 'lg',
        type: 'submit',
        loading: false,
        disabled: false
      }

      at log (src/components/ui/Button.tsx:26:13)

    console.log
      [Button] Has onClick in props: false

      at log (src/components/ui/Button.tsx:27:13)

    console.log
      [Button] All props: {}

      at log (src/components/ui/Button.tsx:28:13)

    console.log
      [Button] Rendering with type: submit

      at log (src/components/ui/Button.tsx:25:13)

    console.log
      [Button] Props received: {
        variant: 'primary',
        size: 'lg',
        type: 'submit',
        loading: false,
        disabled: false
      }

      at log (src/components/ui/Button.tsx:26:13)

    console.log
      [Button] Has onClick in props: false

      at log (src/components/ui/Button.tsx:27:13)

    console.log
      [Button] All props: {}

      at log (src/components/ui/Button.tsx:28:13)

    console.log
      [Button] Rendering with type: submit

      at log (src/components/ui/Button.tsx:25:13)

    console.log
      [Button] Props received: {
        variant: 'primary',
        size: 'lg',
        type: 'submit',
        loading: false,
        disabled: false
      }

      at log (src/components/ui/Button.tsx:26:13)

    console.log
      [Button] Has onClick in props: false

      at log (src/components/ui/Button.tsx:27:13)

    console.log
      [Button] All props: {}

      at log (src/components/ui/Button.tsx:28:13)

    console.log
      [Button] Rendering with type: submit

      at log (src/components/ui/Button.tsx:25:13)

    console.log
      [Button] Props received: {
        variant: 'primary',
        size: 'lg',
        type: 'submit',
        loading: false,
        disabled: false
      }

      at log (src/components/ui/Button.tsx:26:13)

    console.log
      [Button] Has onClick in props: false

      at log (src/components/ui/Button.tsx:27:13)

    console.log
      [Button] All props: {}

      at log (src/components/ui/Button.tsx:28:13)

    console.log
      [Button] Rendering with type: submit

      at log (src/components/ui/Button.tsx:25:13)

    console.log
      [Button] Props received: {
        variant: 'primary',
        size: 'lg',
        type: 'submit',
        loading: false,
        disabled: false
      }

      at log (src/components/ui/Button.tsx:26:13)

    console.log
      [Button] Has onClick in props: false

      at log (src/components/ui/Button.tsx:27:13)

    console.log
      [Button] All props: {}

      at log (src/components/ui/Button.tsx:28:13)

    console.log
      [Button] Rendering with type: submit

      at log (src/components/ui/Button.tsx:25:13)

    console.log
      [Button] Props received: {
        variant: 'primary',
        size: 'lg',
        type: 'submit',
        loading: false,
        disabled: false
      }

      at log (src/components/ui/Button.tsx:26:13)

    console.log
      [Button] Has onClick in props: false

      at log (src/components/ui/Button.tsx:27:13)

    console.log
      [Button] All props: {}

      at log (src/components/ui/Button.tsx:28:13)

    console.log
      [Button] Rendering with type: submit

      at log (src/components/ui/Button.tsx:25:13)

    console.log
      [Button] Props received: {
        variant: 'primary',
        size: 'lg',
        type: 'submit',
        loading: false,
        disabled: false
      }

      at log (src/components/ui/Button.tsx:26:13)

    console.log
      [Button] Has onClick in props: false

      at log (src/components/ui/Button.tsx:27:13)

    console.log
      [Button] All props: {}

      at log (src/components/ui/Button.tsx:28:13)

    console.log
      [Button] Rendering with type: submit

      at log (src/components/ui/Button.tsx:25:13)

    console.log
      [Button] Props received: {
        variant: 'primary',
        size: 'lg',
        type: 'submit',
        loading: false,
        disabled: false
      }

      at log (src/components/ui/Button.tsx:26:13)

    console.log
      [Button] Has onClick in props: false

      at log (src/components/ui/Button.tsx:27:13)

    console.log
      [Button] All props: {}

      at log (src/components/ui/Button.tsx:28:13)

    console.log
      [Button] Rendering with type: submit

      at log (src/components/ui/Button.tsx:25:13)

    console.log
      [Button] Props received: {
        variant: 'primary',
        size: 'lg',
        type: 'submit',
        loading: false,
        disabled: false
      }

      at log (src/components/ui/Button.tsx:26:13)

    console.log
      [Button] Has onClick in props: false

      at log (src/components/ui/Button.tsx:27:13)

    console.log
      [Button] All props: {}

      at log (src/components/ui/Button.tsx:28:13)

    console.log
      [Button] Rendering with type: submit

      at log (src/components/ui/Button.tsx:25:13)

    console.log
      [Button] Props received: {
        variant: 'primary',
        size: 'lg',
        type: 'submit',
        loading: false,
        disabled: false
      }

      at log (src/components/ui/Button.tsx:26:13)

    console.log
      [Button] Has onClick in props: false

      at log (src/components/ui/Button.tsx:27:13)

    console.log
      [Button] All props: {}

      at log (src/components/ui/Button.tsx:28:13)

    console.log
      [Button] Rendering with type: submit

      at log (src/components/ui/Button.tsx:25:13)

    console.log
      [Button] Props received: {
        variant: 'primary',
        size: 'lg',
        type: 'submit',
        loading: false,
        disabled: false
      }

      at log (src/components/ui/Button.tsx:26:13)

    console.log
      [Button] Has onClick in props: false

      at log (src/components/ui/Button.tsx:27:13)

    console.log
      [Button] All props: {}

      at log (src/components/ui/Button.tsx:28:13)

    console.log
      [Button] Rendering with type: submit

      at log (src/components/ui/Button.tsx:25:13)

    console.log
      [Button] Props received: {
        variant: 'primary',
        size: 'lg',
        type: 'submit',
        loading: false,
        disabled: false
      }

      at log (src/components/ui/Button.tsx:26:13)

    console.log
      [Button] Has onClick in props: false

      at log (src/components/ui/Button.tsx:27:13)

    console.log
      [Button] All props: {}

      at log (src/components/ui/Button.tsx:28:13)

    console.log
      [Button] Rendering with type: submit

      at log (src/components/ui/Button.tsx:25:13)

    console.log
      [Button] Props received: {
        variant: 'primary',
        size: 'lg',
        type: 'submit',
        loading: false,
        disabled: false
      }

      at log (src/components/ui/Button.tsx:26:13)

    console.log
      [Button] Has onClick in props: false

      at log (src/components/ui/Button.tsx:27:13)

    console.log
      [Button] All props: {}

      at log (src/components/ui/Button.tsx:28:13)

    console.log
      [Button] Rendering with type: submit

      at log (src/components/ui/Button.tsx:25:13)

    console.log
      [Button] Props received: {
        variant: 'primary',
        size: 'lg',
        type: 'submit',
        loading: false,
        disabled: false
      }

      at log (src/components/ui/Button.tsx:26:13)

    console.log
      [Button] Has onClick in props: false

      at log (src/components/ui/Button.tsx:27:13)

    console.log
      [Button] All props: {}

      at log (src/components/ui/Button.tsx:28:13)

    console.log
      [Button] Rendering with type: submit

      at log (src/components/ui/Button.tsx:25:13)

    console.log
      [Button] Props received: {
        variant: 'primary',
        size: 'lg',
        type: 'submit',
        loading: false,
        disabled: false
      }

      at log (src/components/ui/Button.tsx:26:13)

    console.log
      [Button] Has onClick in props: false

      at log (src/components/ui/Button.tsx:27:13)

    console.log
      [Button] All props: {}

      at log (src/components/ui/Button.tsx:28:13)

    console.log
      [Button] Rendering with type: submit

      at log (src/components/ui/Button.tsx:25:13)

    console.log
      [Button] Props received: {
        variant: 'primary',
        size: 'lg',
        type: 'submit',
        loading: false,
        disabled: false
      }

      at log (src/components/ui/Button.tsx:26:13)

    console.log
      [Button] Has onClick in props: false

      at log (src/components/ui/Button.tsx:27:13)

    console.log
      [Button] All props: {}

      at log (src/components/ui/Button.tsx:28:13)

    console.log
      [Button] Rendering with type: submit

      at log (src/components/ui/Button.tsx:25:13)

    console.log
      [Button] Props received: {
        variant: 'primary',
        size: 'lg',
        type: 'submit',
        loading: false,
        disabled: false
      }

      at log (src/components/ui/Button.tsx:26:13)

    console.log
      [Button] Has onClick in props: false

      at log (src/components/ui/Button.tsx:27:13)

    console.log
      [Button] All props: {}

      at log (src/components/ui/Button.tsx:28:13)

    console.log
      [Button] Rendering with type: submit

      at log (src/components/ui/Button.tsx:25:13)

    console.log
      [Button] Props received: {
        variant: 'primary',
        size: 'lg',
        type: 'submit',
        loading: false,
        disabled: false
      }

      at log (src/components/ui/Button.tsx:26:13)

    console.log
      [Button] Has onClick in props: false

      at log (src/components/ui/Button.tsx:27:13)

    console.log
      [Button] All props: {}

      at log (src/components/ui/Button.tsx:28:13)

    console.log
      [Button] Rendering with type: submit

      at log (src/components/ui/Button.tsx:25:13)

    console.log
      [Button] Props received: {
        variant: 'primary',
        size: 'lg',
        type: 'submit',
        loading: false,
        disabled: false
      }

      at log (src/components/ui/Button.tsx:26:13)

    console.log
      [Button] Has onClick in props: false

      at log (src/components/ui/Button.tsx:27:13)

    console.log
      [Button] All props: {}

      at log (src/components/ui/Button.tsx:28:13)

    console.log
      [Button] Rendering with type: submit

      at log (src/components/ui/Button.tsx:25:13)

    console.log
      [Button] Props received: {
        variant: 'primary',
        size: 'lg',
        type: 'submit',
        loading: false,
        disabled: false
      }

      at log (src/components/ui/Button.tsx:26:13)

    console.log
      [Button] Has onClick in props: false

      at log (src/components/ui/Button.tsx:27:13)

    console.log
      [Button] All props: {}

      at log (src/components/ui/Button.tsx:28:13)

    console.log
      [Button] Rendering with type: submit

      at log (src/components/ui/Button.tsx:25:13)

    console.log
      [Button] Props received: {
        variant: 'primary',
        size: 'lg',
        type: 'submit',
        loading: false,
        disabled: false
      }

      at log (src/components/ui/Button.tsx:26:13)

    console.log
      [Button] Has onClick in props: false

      at log (src/components/ui/Button.tsx:27:13)

    console.log
      [Button] All props: {}

      at log (src/components/ui/Button.tsx:28:13)

    console.log
      [Button] Rendering with type: submit

      at log (src/components/ui/Button.tsx:25:13)

    console.log
      [Button] Props received: {
        variant: 'primary',
        size: 'lg',
        type: 'submit',
        loading: false,
        disabled: false
      }

      at log (src/components/ui/Button.tsx:26:13)

    console.log
      [Button] Has onClick in props: false

      at log (src/components/ui/Button.tsx:27:13)

    console.log
      [Button] All props: {}

      at log (src/components/ui/Button.tsx:28:13)

    console.log
      [Button] Rendering with type: submit

      at log (src/components/ui/Button.tsx:25:13)

    console.log
      [Button] Props received: {
        variant: 'primary',
        size: 'lg',
        type: 'submit',
        loading: false,
        disabled: false
      }

      at log (src/components/ui/Button.tsx:26:13)

    console.log
      [Button] Has onClick in props: false

      at log (src/components/ui/Button.tsx:27:13)

    console.log
      [Button] All props: {}

      at log (src/components/ui/Button.tsx:28:13)

    console.log
      [Button] Rendering with type: submit

      at log (src/components/ui/Button.tsx:25:13)

    console.log
      [Button] Props received: {
        variant: 'primary',
        size: 'lg',
        type: 'submit',
        loading: false,
        disabled: false
      }

      at log (src/components/ui/Button.tsx:26:13)

    console.log
      [Button] Has onClick in props: false

      at log (src/components/ui/Button.tsx:27:13)

    console.log
      [Button] All props: {}

      at log (src/components/ui/Button.tsx:28:13)

    console.log
      [Button] Rendering with type: submit

      at log (src/components/ui/Button.tsx:25:13)

    console.log
      [Button] Props received: {
        variant: 'primary',
        size: 'lg',
        type: 'submit',
        loading: false,
        disabled: false
      }

      at log (src/components/ui/Button.tsx:26:13)

    console.log
      [Button] Has onClick in props: false

      at log (src/components/ui/Button.tsx:27:13)

    console.log
      [Button] All props: {}

      at log (src/components/ui/Button.tsx:28:13)

    console.log
      [Button] Rendering with type: submit

      at log (src/components/ui/Button.tsx:25:13)

    console.log
      [Button] Props received: {
        variant: 'primary',
        size: 'lg',
        type: 'submit',
        loading: false,
        disabled: false
      }

      at log (src/components/ui/Button.tsx:26:13)

    console.log
      [Button] Has onClick in props: false

      at log (src/components/ui/Button.tsx:27:13)

    console.log
      [Button] All props: {}

      at log (src/components/ui/Button.tsx:28:13)

    console.log
      [Button] Rendering with type: submit

      at log (src/components/ui/Button.tsx:25:13)

    console.log
      [Button] Props received: {
        variant: 'primary',
        size: 'lg',
        type: 'submit',
        loading: false,
        disabled: false
      }

      at log (src/components/ui/Button.tsx:26:13)

    console.log
      [Button] Has onClick in props: false

      at log (src/components/ui/Button.tsx:27:13)

    console.log
      [Button] All props: {}

      at log (src/components/ui/Button.tsx:28:13)

    console.log
      [Button] Rendering with type: submit

      at log (src/components/ui/Button.tsx:25:13)

    console.log
      [Button] Props received: {
        variant: 'primary',
        size: 'lg',
        type: 'submit',
        loading: false,
        disabled: false
      }

      at log (src/components/ui/Button.tsx:26:13)

    console.log
      [Button] Has onClick in props: false

      at log (src/components/ui/Button.tsx:27:13)

    console.log
      [Button] All props: {}

      at log (src/components/ui/Button.tsx:28:13)

    console.log
      [Button] Rendering with type: submit

      at log (src/components/ui/Button.tsx:25:13)

    console.log
      [Button] Props received: {
        variant: 'primary',
        size: 'lg',
        type: 'submit',
        loading: false,
        disabled: false
      }

      at log (src/components/ui/Button.tsx:26:13)

    console.log
      [Button] Has onClick in props: false

      at log (src/components/ui/Button.tsx:27:13)

    console.log
      [Button] All props: {}

      at log (src/components/ui/Button.tsx:28:13)

    console.log
      [Button] Rendering with type: submit

      at log (src/components/ui/Button.tsx:25:13)

    console.log
      [Button] Props received: {
        variant: 'primary',
        size: 'lg',
        type: 'submit',
        loading: false,
        disabled: false
      }

      at log (src/components/ui/Button.tsx:26:13)

    console.log
      [Button] Has onClick in props: false

      at log (src/components/ui/Button.tsx:27:13)

    console.log
      [Button] All props: {}

      at log (src/components/ui/Button.tsx:28:13)

    console.log
      [Button] Rendering with type: submit

      at log (src/components/ui/Button.tsx:25:13)

    console.log
      [Button] Props received: {
        variant: 'primary',
        size: 'lg',
        type: 'submit',
        loading: false,
        disabled: false
      }

      at log (src/components/ui/Button.tsx:26:13)

    console.log
      [Button] Has onClick in props: false

      at log (src/components/ui/Button.tsx:27:13)

    console.log
      [Button] All props: {}

      at log (src/components/ui/Button.tsx:28:13)

    console.log
      [Button] Rendering with type: submit

      at log (src/components/ui/Button.tsx:25:13)

    console.log
      [Button] Props received: {
        variant: 'primary',
        size: 'lg',
        type: 'submit',
        loading: false,
        disabled: false
      }

      at log (src/components/ui/Button.tsx:26:13)

    console.log
      [Button] Has onClick in props: false

      at log (src/components/ui/Button.tsx:27:13)

    console.log
      [Button] All props: {}

      at log (src/components/ui/Button.tsx:28:13)

    console.log
      [Button] Rendering with type: submit

      at log (src/components/ui/Button.tsx:25:13)

    console.log
      [Button] Props received: {
        variant: 'primary',
        size: 'lg',
        type: 'submit',
        loading: false,
        disabled: false
      }

      at log (src/components/ui/Button.tsx:26:13)

    console.log
      [Button] Has onClick in props: false

      at log (src/components/ui/Button.tsx:27:13)

    console.log
      [Button] All props: {}

      at log (src/components/ui/Button.tsx:28:13)

    console.log
      [Button] Rendering with type: submit

      at log (src/components/ui/Button.tsx:25:13)

    console.log
      [Button] Props received: {
        variant: 'primary',
        size: 'lg',
        type: 'submit',
        loading: false,
        disabled: false
      }

      at log (src/components/ui/Button.tsx:26:13)

    console.log
      [Button] Has onClick in props: false

      at log (src/components/ui/Button.tsx:27:13)

    console.log
      [Button] All props: {}

      at log (src/components/ui/Button.tsx:28:13)

    console.log
      [Button] Rendering with type: submit

      at log (src/components/ui/Button.tsx:25:13)

    console.log
      [Button] Props received: {
        variant: 'primary',
        size: 'lg',
        type: 'submit',
        loading: false,
        disabled: false
      }

      at log (src/components/ui/Button.tsx:26:13)

    console.log
      [Button] Has onClick in props: false

      at log (src/components/ui/Button.tsx:27:13)

    console.log
      [Button] All props: {}

      at log (src/components/ui/Button.tsx:28:13)

    console.log
      [Button] Rendering with type: submit

      at log (src/components/ui/Button.tsx:25:13)

    console.log
      [Button] Props received: {
        variant: 'primary',
        size: 'lg',
        type: 'submit',
        loading: false,
        disabled: false
      }

      at log (src/components/ui/Button.tsx:26:13)

    console.log
      [Button] Has onClick in props: false

      at log (src/components/ui/Button.tsx:27:13)

    console.log
      [Button] All props: {}

      at log (src/components/ui/Button.tsx:28:13)

    console.log
      [Button] Rendering with type: submit

      at log (src/components/ui/Button.tsx:25:13)

    console.log
      [Button] Props received: {
        variant: 'primary',
        size: 'lg',
        type: 'submit',
        loading: false,
        disabled: false
      }

      at log (src/components/ui/Button.tsx:26:13)

    console.log
      [Button] Has onClick in props: false

      at log (src/components/ui/Button.tsx:27:13)

    console.log
      [Button] All props: {}

      at log (src/components/ui/Button.tsx:28:13)

    console.log
      [Button] Rendering with type: submit

      at log (src/components/ui/Button.tsx:25:13)

    console.log
      [Button] Props received: {
        variant: 'primary',
        size: 'lg',
        type: 'submit',
        loading: false,
        disabled: false
      }

      at log (src/components/ui/Button.tsx:26:13)

    console.log
      [Button] Has onClick in props: false

      at log (src/components/ui/Button.tsx:27:13)

    console.log
      [Button] All props: {}

      at log (src/components/ui/Button.tsx:28:13)

    console.log
      [Button] Rendering with type: submit

      at log (src/components/ui/Button.tsx:25:13)

    console.log
      [Button] Props received: {
        variant: 'primary',
        size: 'lg',
        type: 'submit',
        loading: false,
        disabled: false
      }

      at log (src/components/ui/Button.tsx:26:13)

    console.log
      [Button] Has onClick in props: false

      at log (src/components/ui/Button.tsx:27:13)

    console.log
      [Button] All props: {}

      at log (src/components/ui/Button.tsx:28:13)

    console.log
      [Button] Rendering with type: submit

      at log (src/components/ui/Button.tsx:25:13)

    console.log
      [Button] Props received: {
        variant: 'primary',
        size: 'lg',
        type: 'submit',
        loading: false,
        disabled: false
      }

      at log (src/components/ui/Button.tsx:26:13)

    console.log
      [Button] Has onClick in props: false

      at log (src/components/ui/Button.tsx:27:13)

    console.log
      [Button] All props: {}

      at log (src/components/ui/Button.tsx:28:13)

    console.log
      [Button] Rendering with type: submit

      at log (src/components/ui/Button.tsx:25:13)

    console.log
      [Button] Props received: {
        variant: 'primary',
        size: 'lg',
        type: 'submit',
        loading: false,
        disabled: false
      }

      at log (src/components/ui/Button.tsx:26:13)

    console.log
      [Button] Has onClick in props: false

      at log (src/components/ui/Button.tsx:27:13)

    console.log
      [Button] All props: {}

      at log (src/components/ui/Button.tsx:28:13)

    console.log
      [Button] Rendering with type: submit

      at log (src/components/ui/Button.tsx:25:13)

    console.log
      [Button] Props received: {
        variant: 'primary',
        size: 'lg',
        type: 'submit',
        loading: false,
        disabled: false
      }

      at log (src/components/ui/Button.tsx:26:13)

    console.log
      [Button] Has onClick in props: false

      at log (src/components/ui/Button.tsx:27:13)

    console.log
      [Button] All props: {}

      at log (src/components/ui/Button.tsx:28:13)

    console.log
      [Button] Rendering with type: submit

      at log (src/components/ui/Button.tsx:25:13)

    console.log
      [Button] Props received: {
        variant: 'primary',
        size: 'lg',
        type: 'submit',
        loading: false,
        disabled: false
      }

      at log (src/components/ui/Button.tsx:26:13)

    console.log
      [Button] Has onClick in props: false

      at log (src/components/ui/Button.tsx:27:13)

    console.log
      [Button] All props: {}

      at log (src/components/ui/Button.tsx:28:13)

    console.log
      [Button] Rendering with type: submit

      at log (src/components/ui/Button.tsx:25:13)

    console.log
      [Button] Props received: {
        variant: 'primary',
        size: 'lg',
        type: 'submit',
        loading: false,
        disabled: false
      }

      at log (src/components/ui/Button.tsx:26:13)

    console.log
      [Button] Has onClick in props: false

      at log (src/components/ui/Button.tsx:27:13)

    console.log
      [Button] All props: {}

      at log (src/components/ui/Button.tsx:28:13)

    console.log
      [Button] Rendering with type: submit

      at log (src/components/ui/Button.tsx:25:13)

    console.log
      [Button] Props received: {
        variant: 'primary',
        size: 'lg',
        type: 'submit',
        loading: false,
        disabled: false
      }

      at log (src/components/ui/Button.tsx:26:13)

    console.log
      [Button] Has onClick in props: false

      at log (src/components/ui/Button.tsx:27:13)

    console.log
      [Button] All props: {}

      at log (src/components/ui/Button.tsx:28:13)

    console.log
      [Button] Rendering with type: submit

      at log (src/components/ui/Button.tsx:25:13)

    console.log
      [Button] Props received: {
        variant: 'primary',
        size: 'lg',
        type: 'submit',
        loading: false,
        disabled: false
      }

      at log (src/components/ui/Button.tsx:26:13)

    console.log
      [Button] Has onClick in props: false

      at log (src/components/ui/Button.tsx:27:13)

    console.log
      [Button] All props: {}

      at log (src/components/ui/Button.tsx:28:13)

    console.log
      [Button] Rendering with type: submit

      at log (src/components/ui/Button.tsx:25:13)

    console.log
      [Button] Props received: {
        variant: 'primary',
        size: 'lg',
        type: 'submit',
        loading: false,
        disabled: false
      }

      at log (src/components/ui/Button.tsx:26:13)

    console.log
      [Button] Has onClick in props: false

      at log (src/components/ui/Button.tsx:27:13)

    console.log
      [Button] All props: {}

      at log (src/components/ui/Button.tsx:28:13)

    console.log
      [Button] Rendering with type: submit

      at log (src/components/ui/Button.tsx:25:13)

    console.log
      [Button] Props received: {
        variant: 'primary',
        size: 'lg',
        type: 'submit',
        loading: false,
        disabled: false
      }

      at log (src/components/ui/Button.tsx:26:13)

    console.log
      [Button] Has onClick in props: false

      at log (src/components/ui/Button.tsx:27:13)

    console.log
      [Button] All props: {}

      at log (src/components/ui/Button.tsx:28:13)

    console.log
      [Button] Rendering with type: submit

      at log (src/components/ui/Button.tsx:25:13)

    console.log
      [Button] Props received: {
        variant: 'primary',
        size: 'lg',
        type: 'submit',
        loading: false,
        disabled: false
      }

      at log (src/components/ui/Button.tsx:26:13)

    console.log
      [Button] Has onClick in props: false

      at log (src/components/ui/Button.tsx:27:13)

    console.log
      [Button] All props: {}

      at log (src/components/ui/Button.tsx:28:13)

    console.log
      [Button] Rendering with type: submit

      at log (src/components/ui/Button.tsx:25:13)

    console.log
      [Button] Props received: {
        variant: 'primary',
        size: 'lg',
        type: 'submit',
        loading: false,
        disabled: false
      }

      at log (src/components/ui/Button.tsx:26:13)

    console.log
      [Button] Has onClick in props: false

      at log (src/components/ui/Button.tsx:27:13)

    console.log
      [Button] All props: {}

      at log (src/components/ui/Button.tsx:28:13)

    console.log
      [Button] Rendering with type: submit

      at log (src/components/ui/Button.tsx:25:13)

    console.log
      [Button] Props received: {
        variant: 'primary',
        size: 'lg',
        type: 'submit',
        loading: false,
        disabled: false
      }

      at log (src/components/ui/Button.tsx:26:13)

    console.log
      [Button] Has onClick in props: false

      at log (src/components/ui/Button.tsx:27:13)

    console.log
      [Button] All props: {}

      at log (src/components/ui/Button.tsx:28:13)

    console.log
      [Button] Rendering with type: submit

      at log (src/components/ui/Button.tsx:25:13)

    console.log
      [Button] Props received: {
        variant: 'primary',
        size: 'lg',
        type: 'submit',
        loading: false,
        disabled: false
      }

      at log (src/components/ui/Button.tsx:26:13)

    console.log
      [Button] Has onClick in props: false

      at log (src/components/ui/Button.tsx:27:13)

    console.log
      [Button] All props: {}

      at log (src/components/ui/Button.tsx:28:13)

    console.log
      [Button] Rendering with type: submit

      at log (src/components/ui/Button.tsx:25:13)

    console.log
      [Button] Props received: {
        variant: 'primary',
        size: 'lg',
        type: 'submit',
        loading: false,
        disabled: false
      }

      at log (src/components/ui/Button.tsx:26:13)

    console.log
      [Button] Has onClick in props: false

      at log (src/components/ui/Button.tsx:27:13)

    console.log
      [Button] All props: {}

      at log (src/components/ui/Button.tsx:28:13)

    console.log
      [Button] Rendering with type: submit

      at log (src/components/ui/Button.tsx:25:13)

    console.log
      [Button] Props received: {
        variant: 'primary',
        size: 'lg',
        type: 'submit',
        loading: false,
        disabled: false
      }

      at log (src/components/ui/Button.tsx:26:13)

    console.log
      [Button] Has onClick in props: false

      at log (src/components/ui/Button.tsx:27:13)

    console.log
      [Button] All props: {}

      at log (src/components/ui/Button.tsx:28:13)

    console.log
      [Button] Rendering with type: submit

      at log (src/components/ui/Button.tsx:25:13)

    console.log
      [Button] Props received: {
        variant: 'primary',
        size: 'lg',
        type: 'submit',
        loading: false,
        disabled: false
      }

      at log (src/components/ui/Button.tsx:26:13)

    console.log
      [Button] Has onClick in props: false

      at log (src/components/ui/Button.tsx:27:13)

    console.log
      [Button] All props: {}

      at log (src/components/ui/Button.tsx:28:13)

    console.log
      [Button] Rendering with type: submit

      at log (src/components/ui/Button.tsx:25:13)

    console.log
      [Button] Props received: {
        variant: 'primary',
        size: 'lg',
        type: 'submit',
        loading: false,
        disabled: false
      }

      at log (src/components/ui/Button.tsx:26:13)

    console.log
      [Button] Has onClick in props: false

      at log (src/components/ui/Button.tsx:27:13)

    console.log
      [Button] All props: {}

      at log (src/components/ui/Button.tsx:28:13)

    console.log
      [Button] Rendering with type: submit

      at log (src/components/ui/Button.tsx:25:13)

    console.log
      [Button] Props received: {
        variant: 'primary',
        size: 'lg',
        type: 'submit',
        loading: false,
        disabled: false
      }

      at log (src/components/ui/Button.tsx:26:13)

    console.log
      [Button] Has onClick in props: false

      at log (src/components/ui/Button.tsx:27:13)

    console.log
      [Button] All props: {}

      at log (src/components/ui/Button.tsx:28:13)

    console.error
      Error: Uncaught [TypeError: Cannot read properties of undefined (reading 'state')]
          at reportException (/Users/ryan/Library/Mobile Documents/com~apple~CloudDocs/Documents/VSCode/Tax-App-Frontend/node_modules/jsdom/lib/jsdom/living/helpers/runtime-script-errors.js:66:24)
          at innerInvokeEventListeners (/Users/ryan/Library/Mobile Documents/com~apple~CloudDocs/Documents/VSCode/Tax-App-Frontend/node_modules/jsdom/lib/jsdom/living/events/EventTarget-impl.js:353:9)
          at invokeEventListeners (/Users/ryan/Library/Mobile Documents/com~apple~CloudDocs/Documents/VSCode/Tax-App-Frontend/node_modules/jsdom/lib/jsdom/living/events/EventTarget-impl.js:286:3)
          at HTMLUnknownElementImpl._dispatch (/Users/ryan/Library/Mobile Documents/com~apple~CloudDocs/Documents/VSCode/Tax-App-Frontend/node_modules/jsdom/lib/jsdom/living/events/EventTarget-impl.js:233:9)
          at HTMLUnknownElementImpl.dispatchEvent (/Users/ryan/Library/Mobile Documents/com~apple~CloudDocs/Documents/VSCode/Tax-App-Frontend/node_modules/jsdom/lib/jsdom/living/events/EventTarget-impl.js:104:17)
          at HTMLUnknownElement.dispatchEvent (/Users/ryan/Library/Mobile Documents/com~apple~CloudDocs/Documents/VSCode/Tax-App-Frontend/node_modules/jsdom/lib/jsdom/living/generated/EventTarget.js:241:34)
          at Object.invokeGuardedCallbackDev (/Users/ryan/Library/Mobile Documents/com~apple~CloudDocs/Documents/VSCode/Tax-App-Frontend/node_modules/react-dom/cjs/react-dom.development.js:4213:16)
          at invokeGuardedCallback (/Users/ryan/Library/Mobile Documents/com~apple~CloudDocs/Documents/VSCode/Tax-App-Frontend/node_modules/react-dom/cjs/react-dom.development.js:4277:31)
          at beginWork$1 (/Users/ryan/Library/Mobile Documents/com~apple~CloudDocs/Documents/VSCode/Tax-App-Frontend/node_modules/react-dom/cjs/react-dom.development.js:27490:7)
          at performUnitOfWork (/Users/ryan/Library/Mobile Documents/com~apple~CloudDocs/Documents/VSCode/Tax-App-Frontend/node_modules/react-dom/cjs/react-dom.development.js:26599:12)
          at workLoopSync (/Users/ryan/Library/Mobile Documents/com~apple~CloudDocs/Documents/VSCode/Tax-App-Frontend/node_modules/react-dom/cjs/react-dom.development.js:26505:5)
          at renderRootSync (/Users/ryan/Library/Mobile Documents/com~apple~CloudDocs/Documents/VSCode/Tax-App-Frontend/node_modules/react-dom/cjs/react-dom.development.js:26473:7)
          at performConcurrentWorkOnRoot (/Users/ryan/Library/Mobile Documents/com~apple~CloudDocs/Documents/VSCode/Tax-App-Frontend/node_modules/react-dom/cjs/react-dom.development.js:25777:74)
          at flushActQueue (/Users/ryan/Library/Mobile Documents/com~apple~CloudDocs/Documents/VSCode/Tax-App-Frontend/node_modules/react/cjs/react.development.js:2667:24)
          at act (/Users/ryan/Library/Mobile Documents/com~apple~CloudDocs/Documents/VSCode/Tax-App-Frontend/node_modules/react/cjs/react.development.js:2582:11)
          at /Users/ryan/Library/Mobile Documents/com~apple~CloudDocs/Documents/VSCode/Tax-App-Frontend/node_modules/@testing-library/react/dist/act-compat.js:46:25
          at renderRoot (/Users/ryan/Library/Mobile Documents/com~apple~CloudDocs/Documents/VSCode/Tax-App-Frontend/node_modules/@testing-library/react/dist/pure.js:189:26)
          at render (/Users/ryan/Library/Mobile Documents/com~apple~CloudDocs/Documents/VSCode/Tax-App-Frontend/node_modules/@testing-library/react/dist/pure.js:291:10)
          at /Users/ryan/Library/Mobile Documents/com~apple~CloudDocs/Documents/VSCode/Tax-App-Frontend/src/components/LoginForm.property3.test.tsx:237:37
          at AsyncProperty.predicate (/Users/ryan/Library/Mobile Documents/com~apple~CloudDocs/Documents/VSCode/Tax-App-Frontend/node_modules/fast-check/lib/cjs/check/property/AsyncProperty.js:17:102)
          at AsyncProperty.run (/Users/ryan/Library/Mobile Documents/com~apple~CloudDocs/Documents/VSCode/Tax-App-Frontend/node_modules/fast-check/lib/cjs/check/property/AsyncProperty.generic.js:46:39)
          at asyncRunIt (/Users/ryan/Library/Mobile Documents/com~apple~CloudDocs/Documents/VSCode/Tax-App-Frontend/node_modules/fast-check/lib/cjs/check/runner/Runner.js:28:36)
          at processTicksAndRejections (node:internal/process/task_queues:95:5)
          at Object.<anonymous> (/Users/ryan/Library/Mobile Documents/com~apple~CloudDocs/Documents/VSCode/Tax-App-Frontend/src/components/LoginForm.property3.test.tsx:211:5) {
        detail: TypeError: Cannot read properties of undefined (reading 'state')
            at state (/Users/ryan/Library/Mobile Documents/com~apple~CloudDocs/Documents/VSCode/Tax-App-Frontend/src/components/LoginForm.tsx:93:15)
            at renderWithHooks (/Users/ryan/Library/Mobile Documents/com~apple~CloudDocs/Documents/VSCode/Tax-App-Frontend/node_modules/react-dom/cjs/react-dom.development.js:15486:18)
            at mountIndeterminateComponent (/Users/ryan/Library/Mobile Documents/com~apple~CloudDocs/Documents/VSCode/Tax-App-Frontend/node_modules/react-dom/cjs/react-dom.development.js:20103:13)
            at beginWork (/Users/ryan/Library/Mobile Documents/com~apple~CloudDocs/Documents/VSCode/Tax-App-Frontend/node_modules/react-dom/cjs/react-dom.development.js:21626:16)
            at HTMLUnknownElement.callCallback (/Users/ryan/Library/Mobile Documents/com~apple~CloudDocs/Documents/VSCode/Tax-App-Frontend/node_modules/react-dom/cjs/react-dom.development.js:4164:14)
            at HTMLUnknownElement.callTheUserObjectsOperation (/Users/ryan/Library/Mobile Documents/com~apple~CloudDocs/Documents/VSCode/Tax-App-Frontend/node_modules/jsdom/lib/jsdom/living/generated/EventListener.js:26:30)
            at innerInvokeEventListeners (/Users/ryan/Library/Mobile Documents/com~apple~CloudDocs/Documents/VSCode/Tax-App-Frontend/node_modules/jsdom/lib/jsdom/living/events/EventTarget-impl.js:350:25)
            at invokeEventListeners (/Users/ryan/Library/Mobile Documents/com~apple~CloudDocs/Documents/VSCode/Tax-App-Frontend/node_modules/jsdom/lib/jsdom/living/events/EventTarget-impl.js:286:3)
            at HTMLUnknownElementImpl._dispatch (/Users/ryan/Library/Mobile Documents/com~apple~CloudDocs/Documents/VSCode/Tax-App-Frontend/node_modules/jsdom/lib/jsdom/living/events/EventTarget-impl.js:233:9)
            at HTMLUnknownElementImpl.dispatchEvent (/Users/ryan/Library/Mobile Documents/com~apple~CloudDocs/Documents/VSCode/Tax-App-Frontend/node_modules/jsdom/lib/jsdom/living/events/EventTarget-impl.js:104:17)
            at HTMLUnknownElement.dispatchEvent (/Users/ryan/Library/Mobile Documents/com~apple~CloudDocs/Documents/VSCode/Tax-App-Frontend/node_modules/jsdom/lib/jsdom/living/generated/EventTarget.js:241:34)
            at Object.invokeGuardedCallbackDev (/Users/ryan/Library/Mobile Documents/com~apple~CloudDocs/Documents/VSCode/Tax-App-Frontend/node_modules/react-dom/cjs/react-dom.development.js:4213:16)
            at invokeGuardedCallback (/Users/ryan/Library/Mobile Documents/com~apple~CloudDocs/Documents/VSCode/Tax-App-Frontend/node_modules/react-dom/cjs/react-dom.development.js:4277:31)
            at beginWork$1 (/Users/ryan/Library/Mobile Documents/com~apple~CloudDocs/Documents/VSCode/Tax-App-Frontend/node_modules/react-dom/cjs/react-dom.development.js:27490:7)
            at performUnitOfWork (/Users/ryan/Library/Mobile Documents/com~apple~CloudDocs/Documents/VSCode/Tax-App-Frontend/node_modules/react-dom/cjs/react-dom.development.js:26599:12)
            at workLoopSync (/Users/ryan/Library/Mobile Documents/com~apple~CloudDocs/Documents/VSCode/Tax-App-Frontend/node_modules/react-dom/cjs/react-dom.development.js:26505:5)
            at renderRootSync (/Users/ryan/Library/Mobile Documents/com~apple~CloudDocs/Documents/VSCode/Tax-App-Frontend/node_modules/react-dom/cjs/react-dom.development.js:26473:7)
            at performConcurrentWorkOnRoot (/Users/ryan/Library/Mobile Documents/com~apple~CloudDocs/Documents/VSCode/Tax-App-Frontend/node_modules/react-dom/cjs/react-dom.development.js:25777:74)
            at flushActQueue (/Users/ryan/Library/Mobile Documents/com~apple~CloudDocs/Documents/VSCode/Tax-App-Frontend/node_modules/react/cjs/react.development.js:2667:24)
            at act (/Users/ryan/Library/Mobile Documents/com~apple~CloudDocs/Documents/VSCode/Tax-App-Frontend/node_modules/react/cjs/react.development.js:2582:11)
            at /Users/ryan/Library/Mobile Documents/com~apple~CloudDocs/Documents/VSCode/Tax-App-Frontend/node_modules/@testing-library/react/dist/act-compat.js:46:25
            at renderRoot (/Users/ryan/Library/Mobile Documents/com~apple~CloudDocs/Documents/VSCode/Tax-App-Frontend/node_modules/@testing-library/react/dist/pure.js:189:26)
            at render (/Users/ryan/Library/Mobile Documents/com~apple~CloudDocs/Documents/VSCode/Tax-App-Frontend/node_modules/@testing-library/react/dist/pure.js:291:10)
            at /Users/ryan/Library/Mobile Documents/com~apple~CloudDocs/Documents/VSCode/Tax-App-Frontend/src/components/LoginForm.property3.test.tsx:237:37
            at AsyncProperty.predicate (/Users/ryan/Library/Mobile Documents/com~apple~CloudDocs/Documents/VSCode/Tax-App-Frontend/node_modules/fast-check/lib/cjs/check/property/AsyncProperty.js:17:102)
            at AsyncProperty.run (/Users/ryan/Library/Mobile Documents/com~apple~CloudDocs/Documents/VSCode/Tax-App-Frontend/node_modules/fast-check/lib/cjs/check/property/AsyncProperty.generic.js:46:39)
            at asyncRunIt (/Users/ryan/Library/Mobile Documents/com~apple~CloudDocs/Documents/VSCode/Tax-App-Frontend/node_modules/fast-check/lib/cjs/check/runner/Runner.js:28:36)
            at processTicksAndRejections (node:internal/process/task_queues:95:5)
            at Object.<anonymous> (/Users/ryan/Library/Mobile Documents/com~apple~CloudDocs/Documents/VSCode/Tax-App-Frontend/src/components/LoginForm.property3.test.tsx:211:5),
        type: 'unhandled exception'
      }

      235 |           });
      236 |
    > 237 |           const { unmount } = render(<LoginForm onSuccess={mockOnSuccess} onError={mockOnError} />);
          |                                     ^
      238 |
      239 |           try {
      240 |             // Find the input field

      at VirtualConsole.<anonymous> (node_modules/@jest/environment-jsdom-abstract/build/index.js:87:23)
      at reportException (node_modules/jsdom/lib/jsdom/living/helpers/runtime-script-errors.js:70:28)
      at innerInvokeEventListeners (node_modules/jsdom/lib/jsdom/living/events/EventTarget-impl.js:353:9)
      at invokeEventListeners (node_modules/jsdom/lib/jsdom/living/events/EventTarget-impl.js:286:3)
      at HTMLUnknownElementImpl._dispatch (node_modules/jsdom/lib/jsdom/living/events/EventTarget-impl.js:233:9)
      at HTMLUnknownElementImpl.dispatchEvent (node_modules/jsdom/lib/jsdom/living/events/EventTarget-impl.js:104:17)
      at HTMLUnknownElement.dispatchEvent (node_modules/jsdom/lib/jsdom/living/generated/EventTarget.js:241:34)
      at Object.invokeGuardedCallbackDev (node_modules/react-dom/cjs/react-dom.development.js:4213:16)
      at invokeGuardedCallback (node_modules/react-dom/cjs/react-dom.development.js:4277:31)
      at beginWork$1 (node_modules/react-dom/cjs/react-dom.development.js:27490:7)
      at performUnitOfWork (node_modules/react-dom/cjs/react-dom.development.js:26599:12)
      at workLoopSync (node_modules/react-dom/cjs/react-dom.development.js:26505:5)
      at renderRootSync (node_modules/react-dom/cjs/react-dom.development.js:26473:7)
      at performConcurrentWorkOnRoot (node_modules/react-dom/cjs/react-dom.development.js:25777:74)
      at flushActQueue (node_modules/react/cjs/react.development.js:2667:24)
      at act (node_modules/react/cjs/react.development.js:2582:11)
      at node_modules/@testing-library/react/dist/act-compat.js:46:25
      at renderRoot (node_modules/@testing-library/react/dist/pure.js:189:26)
      at render (node_modules/@testing-library/react/dist/pure.js:291:10)
      at src/components/LoginForm.property3.test.tsx:237:37
      at AsyncProperty.predicate (node_modules/fast-check/lib/cjs/check/property/AsyncProperty.js:17:102)
      at AsyncProperty.run (node_modules/fast-check/lib/cjs/check/property/AsyncProperty.generic.js:46:39)
      at asyncRunIt (node_modules/fast-check/lib/cjs/check/runner/Runner.js:28:36)
      at Object.<anonymous> (src/components/LoginForm.property3.test.tsx:211:5)

    console.error
      Error: Uncaught [TypeError: Cannot read properties of undefined (reading 'state')]
          at reportException (/Users/ryan/Library/Mobile Documents/com~apple~CloudDocs/Documents/VSCode/Tax-App-Frontend/node_modules/jsdom/lib/jsdom/living/helpers/runtime-script-errors.js:66:24)
          at innerInvokeEventListeners (/Users/ryan/Library/Mobile Documents/com~apple~CloudDocs/Documents/VSCode/Tax-App-Frontend/node_modules/jsdom/lib/jsdom/living/events/EventTarget-impl.js:353:9)
          at invokeEventListeners (/Users/ryan/Library/Mobile Documents/com~apple~CloudDocs/Documents/VSCode/Tax-App-Frontend/node_modules/jsdom/lib/jsdom/living/events/EventTarget-impl.js:286:3)
          at HTMLUnknownElementImpl._dispatch (/Users/ryan/Library/Mobile Documents/com~apple~CloudDocs/Documents/VSCode/Tax-App-Frontend/node_modules/jsdom/lib/jsdom/living/events/EventTarget-impl.js:233:9)
          at HTMLUnknownElementImpl.dispatchEvent (/Users/ryan/Library/Mobile Documents/com~apple~CloudDocs/Documents/VSCode/Tax-App-Frontend/node_modules/jsdom/lib/jsdom/living/events/EventTarget-impl.js:104:17)
          at HTMLUnknownElement.dispatchEvent (/Users/ryan/Library/Mobile Documents/com~apple~CloudDocs/Documents/VSCode/Tax-App-Frontend/node_modules/jsdom/lib/jsdom/living/generated/EventTarget.js:241:34)
          at Object.invokeGuardedCallbackDev (/Users/ryan/Library/Mobile Documents/com~apple~CloudDocs/Documents/VSCode/Tax-App-Frontend/node_modules/react-dom/cjs/react-dom.development.js:4213:16)
          at invokeGuardedCallback (/Users/ryan/Library/Mobile Documents/com~apple~CloudDocs/Documents/VSCode/Tax-App-Frontend/node_modules/react-dom/cjs/react-dom.development.js:4277:31)
          at beginWork$1 (/Users/ryan/Library/Mobile Documents/com~apple~CloudDocs/Documents/VSCode/Tax-App-Frontend/node_modules/react-dom/cjs/react-dom.development.js:27490:7)
          at performUnitOfWork (/Users/ryan/Library/Mobile Documents/com~apple~CloudDocs/Documents/VSCode/Tax-App-Frontend/node_modules/react-dom/cjs/react-dom.development.js:26599:12)
          at workLoopSync (/Users/ryan/Library/Mobile Documents/com~apple~CloudDocs/Documents/VSCode/Tax-App-Frontend/node_modules/react-dom/cjs/react-dom.development.js:26505:5)
          at renderRootSync (/Users/ryan/Library/Mobile Documents/com~apple~CloudDocs/Documents/VSCode/Tax-App-Frontend/node_modules/react-dom/cjs/react-dom.development.js:26473:7)
          at recoverFromConcurrentError (/Users/ryan/Library/Mobile Documents/com~apple~CloudDocs/Documents/VSCode/Tax-App-Frontend/node_modules/react-dom/cjs/react-dom.development.js:25889:20)
          at performConcurrentWorkOnRoot (/Users/ryan/Library/Mobile Documents/com~apple~CloudDocs/Documents/VSCode/Tax-App-Frontend/node_modules/react-dom/cjs/react-dom.development.js:25789:22)
          at flushActQueue (/Users/ryan/Library/Mobile Documents/com~apple~CloudDocs/Documents/VSCode/Tax-App-Frontend/node_modules/react/cjs/react.development.js:2667:24)
          at act (/Users/ryan/Library/Mobile Documents/com~apple~CloudDocs/Documents/VSCode/Tax-App-Frontend/node_modules/react/cjs/react.development.js:2582:11)
          at /Users/ryan/Library/Mobile Documents/com~apple~CloudDocs/Documents/VSCode/Tax-App-Frontend/node_modules/@testing-library/react/dist/act-compat.js:46:25
          at renderRoot (/Users/ryan/Library/Mobile Documents/com~apple~CloudDocs/Documents/VSCode/Tax-App-Frontend/node_modules/@testing-library/react/dist/pure.js:189:26)
          at render (/Users/ryan/Library/Mobile Documents/com~apple~CloudDocs/Documents/VSCode/Tax-App-Frontend/node_modules/@testing-library/react/dist/pure.js:291:10)
          at /Users/ryan/Library/Mobile Documents/com~apple~CloudDocs/Documents/VSCode/Tax-App-Frontend/src/components/LoginForm.property3.test.tsx:237:37
          at AsyncProperty.predicate (/Users/ryan/Library/Mobile Documents/com~apple~CloudDocs/Documents/VSCode/Tax-App-Frontend/node_modules/fast-check/lib/cjs/check/property/AsyncProperty.js:17:102)
          at AsyncProperty.run (/Users/ryan/Library/Mobile Documents/com~apple~CloudDocs/Documents/VSCode/Tax-App-Frontend/node_modules/fast-check/lib/cjs/check/property/AsyncProperty.generic.js:46:39)
          at asyncRunIt (/Users/ryan/Library/Mobile Documents/com~apple~CloudDocs/Documents/VSCode/Tax-App-Frontend/node_modules/fast-check/lib/cjs/check/runner/Runner.js:28:36)
          at processTicksAndRejections (node:internal/process/task_queues:95:5)
          at Object.<anonymous> (/Users/ryan/Library/Mobile Documents/com~apple~CloudDocs/Documents/VSCode/Tax-App-Frontend/src/components/LoginForm.property3.test.tsx:211:5) {
        detail: TypeError: Cannot read properties of undefined (reading 'state')
            at state (/Users/ryan/Library/Mobile Documents/com~apple~CloudDocs/Documents/VSCode/Tax-App-Frontend/src/components/LoginForm.tsx:93:15)
            at renderWithHooks (/Users/ryan/Library/Mobile Documents/com~apple~CloudDocs/Documents/VSCode/Tax-App-Frontend/node_modules/react-dom/cjs/react-dom.development.js:15486:18)
            at mountIndeterminateComponent (/Users/ryan/Library/Mobile Documents/com~apple~CloudDocs/Documents/VSCode/Tax-App-Frontend/node_modules/react-dom/cjs/react-dom.development.js:20103:13)
            at beginWork (/Users/ryan/Library/Mobile Documents/com~apple~CloudDocs/Documents/VSCode/Tax-App-Frontend/node_modules/react-dom/cjs/react-dom.development.js:21626:16)
            at HTMLUnknownElement.callCallback (/Users/ryan/Library/Mobile Documents/com~apple~CloudDocs/Documents/VSCode/Tax-App-Frontend/node_modules/react-dom/cjs/react-dom.development.js:4164:14)
            at HTMLUnknownElement.callTheUserObjectsOperation (/Users/ryan/Library/Mobile Documents/com~apple~CloudDocs/Documents/VSCode/Tax-App-Frontend/node_modules/jsdom/lib/jsdom/living/generated/EventListener.js:26:30)
            at innerInvokeEventListeners (/Users/ryan/Library/Mobile Documents/com~apple~CloudDocs/Documents/VSCode/Tax-App-Frontend/node_modules/jsdom/lib/jsdom/living/events/EventTarget-impl.js:350:25)
            at invokeEventListeners (/Users/ryan/Library/Mobile Documents/com~apple~CloudDocs/Documents/VSCode/Tax-App-Frontend/node_modules/jsdom/lib/jsdom/living/events/EventTarget-impl.js:286:3)
            at HTMLUnknownElementImpl._dispatch (/Users/ryan/Library/Mobile Documents/com~apple~CloudDocs/Documents/VSCode/Tax-App-Frontend/node_modules/jsdom/lib/jsdom/living/events/EventTarget-impl.js:233:9)
            at HTMLUnknownElementImpl.dispatchEvent (/Users/ryan/Library/Mobile Documents/com~apple~CloudDocs/Documents/VSCode/Tax-App-Frontend/node_modules/jsdom/lib/jsdom/living/events/EventTarget-impl.js:104:17)
            at HTMLUnknownElement.dispatchEvent (/Users/ryan/Library/Mobile Documents/com~apple~CloudDocs/Documents/VSCode/Tax-App-Frontend/node_modules/jsdom/lib/jsdom/living/generated/EventTarget.js:241:34)
            at Object.invokeGuardedCallbackDev (/Users/ryan/Library/Mobile Documents/com~apple~CloudDocs/Documents/VSCode/Tax-App-Frontend/node_modules/react-dom/cjs/react-dom.development.js:4213:16)
            at invokeGuardedCallback (/Users/ryan/Library/Mobile Documents/com~apple~CloudDocs/Documents/VSCode/Tax-App-Frontend/node_modules/react-dom/cjs/react-dom.development.js:4277:31)
            at beginWork$1 (/Users/ryan/Library/Mobile Documents/com~apple~CloudDocs/Documents/VSCode/Tax-App-Frontend/node_modules/react-dom/cjs/react-dom.development.js:27490:7)
            at performUnitOfWork (/Users/ryan/Library/Mobile Documents/com~apple~CloudDocs/Documents/VSCode/Tax-App-Frontend/node_modules/react-dom/cjs/react-dom.development.js:26599:12)
            at workLoopSync (/Users/ryan/Library/Mobile Documents/com~apple~CloudDocs/Documents/VSCode/Tax-App-Frontend/node_modules/react-dom/cjs/react-dom.development.js:26505:5)
            at renderRootSync (/Users/ryan/Library/Mobile Documents/com~apple~CloudDocs/Documents/VSCode/Tax-App-Frontend/node_modules/react-dom/cjs/react-dom.development.js:26473:7)
            at recoverFromConcurrentError (/Users/ryan/Library/Mobile Documents/com~apple~CloudDocs/Documents/VSCode/Tax-App-Frontend/node_modules/react-dom/cjs/react-dom.development.js:25889:20)
            at performConcurrentWorkOnRoot (/Users/ryan/Library/Mobile Documents/com~apple~CloudDocs/Documents/VSCode/Tax-App-Frontend/node_modules/react-dom/cjs/react-dom.development.js:25789:22)
            at flushActQueue (/Users/ryan/Library/Mobile Documents/com~apple~CloudDocs/Documents/VSCode/Tax-App-Frontend/node_modules/react/cjs/react.development.js:2667:24)
            at act (/Users/ryan/Library/Mobile Documents/com~apple~CloudDocs/Documents/VSCode/Tax-App-Frontend/node_modules/react/cjs/react.development.js:2582:11)
            at /Users/ryan/Library/Mobile Documents/com~apple~CloudDocs/Documents/VSCode/Tax-App-Frontend/node_modules/@testing-library/react/dist/act-compat.js:46:25
            at renderRoot (/Users/ryan/Library/Mobile Documents/com~apple~CloudDocs/Documents/VSCode/Tax-App-Frontend/node_modules/@testing-library/react/dist/pure.js:189:26)
            at render (/Users/ryan/Library/Mobile Documents/com~apple~CloudDocs/Documents/VSCode/Tax-App-Frontend/node_modules/@testing-library/react/dist/pure.js:291:10)
            at /Users/ryan/Library/Mobile Documents/com~apple~CloudDocs/Documents/VSCode/Tax-App-Frontend/src/components/LoginForm.property3.test.tsx:237:37
            at AsyncProperty.predicate (/Users/ryan/Library/Mobile Documents/com~apple~CloudDocs/Documents/VSCode/Tax-App-Frontend/node_modules/fast-check/lib/cjs/check/property/AsyncProperty.js:17:102)
            at AsyncProperty.run (/Users/ryan/Library/Mobile Documents/com~apple~CloudDocs/Documents/VSCode/Tax-App-Frontend/node_modules/fast-check/lib/cjs/check/property/AsyncProperty.generic.js:46:39)
            at asyncRunIt (/Users/ryan/Library/Mobile Documents/com~apple~CloudDocs/Documents/VSCode/Tax-App-Frontend/node_modules/fast-check/lib/cjs/check/runner/Runner.js:28:36)
            at processTicksAndRejections (node:internal/process/task_queues:95:5)
            at Object.<anonymous> (/Users/ryan/Library/Mobile Documents/com~apple~CloudDocs/Documents/VSCode/Tax-App-Frontend/src/components/LoginForm.property3.test.tsx:211:5),
        type: 'unhandled exception'
      }

      235 |           });
      236 |
    > 237 |           const { unmount } = render(<LoginForm onSuccess={mockOnSuccess} onError={mockOnError} />);
          |                                     ^
      238 |
      239 |           try {
      240 |             // Find the input field

      at VirtualConsole.<anonymous> (node_modules/@jest/environment-jsdom-abstract/build/index.js:87:23)
      at reportException (node_modules/jsdom/lib/jsdom/living/helpers/runtime-script-errors.js:70:28)
      at innerInvokeEventListeners (node_modules/jsdom/lib/jsdom/living/events/EventTarget-impl.js:353:9)
      at invokeEventListeners (node_modules/jsdom/lib/jsdom/living/events/EventTarget-impl.js:286:3)
      at HTMLUnknownElementImpl._dispatch (node_modules/jsdom/lib/jsdom/living/events/EventTarget-impl.js:233:9)
      at HTMLUnknownElementImpl.dispatchEvent (node_modules/jsdom/lib/jsdom/living/events/EventTarget-impl.js:104:17)
      at HTMLUnknownElement.dispatchEvent (node_modules/jsdom/lib/jsdom/living/generated/EventTarget.js:241:34)
      at Object.invokeGuardedCallbackDev (node_modules/react-dom/cjs/react-dom.development.js:4213:16)
      at invokeGuardedCallback (node_modules/react-dom/cjs/react-dom.development.js:4277:31)
      at beginWork$1 (node_modules/react-dom/cjs/react-dom.development.js:27490:7)
      at performUnitOfWork (node_modules/react-dom/cjs/react-dom.development.js:26599:12)
      at workLoopSync (node_modules/react-dom/cjs/react-dom.development.js:26505:5)
      at renderRootSync (node_modules/react-dom/cjs/react-dom.development.js:26473:7)
      at recoverFromConcurrentError (node_modules/react-dom/cjs/react-dom.development.js:25889:20)
      at performConcurrentWorkOnRoot (node_modules/react-dom/cjs/react-dom.development.js:25789:22)
      at flushActQueue (node_modules/react/cjs/react.development.js:2667:24)
      at act (node_modules/react/cjs/react.development.js:2582:11)
      at node_modules/@testing-library/react/dist/act-compat.js:46:25
      at renderRoot (node_modules/@testing-library/react/dist/pure.js:189:26)
      at render (node_modules/@testing-library/react/dist/pure.js:291:10)
      at src/components/LoginForm.property3.test.tsx:237:37
      at AsyncProperty.predicate (node_modules/fast-check/lib/cjs/check/property/AsyncProperty.js:17:102)
      at AsyncProperty.run (node_modules/fast-check/lib/cjs/check/property/AsyncProperty.generic.js:46:39)
      at asyncRunIt (node_modules/fast-check/lib/cjs/check/runner/Runner.js:28:36)
      at Object.<anonymous> (src/components/LoginForm.property3.test.tsx:211:5)

    console.error
      The above error occurred in the <LoginForm> component:
      
          at className (/Users/ryan/Library/Mobile Documents/com~apple~CloudDocs/Documents/VSCode/Tax-App-Frontend/src/components/LoginForm.tsx:45:29)
      
      Consider adding an error boundary to your tree to customize error handling behavior.
      Visit https://reactjs.org/link/error-boundaries to learn more about error boundaries.

      235 |           });
      236 |
    > 237 |           const { unmount } = render(<LoginForm onSuccess={mockOnSuccess} onError={mockOnError} />);
          |                                     ^
      238 |
      239 |           try {
      240 |             // Find the input field

      at logCapturedError (node_modules/react-dom/cjs/react-dom.development.js:18704:23)
      at update.callback (node_modules/react-dom/cjs/react-dom.development.js:18737:5)
      at callCallback (node_modules/react-dom/cjs/react-dom.development.js:15036:12)
      at commitUpdateQueue (node_modules/react-dom/cjs/react-dom.development.js:15057:9)
      at commitLayoutEffectOnFiber (node_modules/react-dom/cjs/react-dom.development.js:23430:13)
      at commitLayoutMountEffects_complete (node_modules/react-dom/cjs/react-dom.development.js:24727:9)
      at commitLayoutEffects_begin (node_modules/react-dom/cjs/react-dom.development.js:24713:7)
      at commitLayoutEffects (node_modules/react-dom/cjs/react-dom.development.js:24651:3)
      at commitRootImpl (node_modules/react-dom/cjs/react-dom.development.js:26862:5)
      at commitRoot (node_modules/react-dom/cjs/react-dom.development.js:26721:5)
      at finishConcurrentRender (node_modules/react-dom/cjs/react-dom.development.js:25931:9)
      at performConcurrentWorkOnRoot (node_modules/react-dom/cjs/react-dom.development.js:25848:7)
      at flushActQueue (node_modules/react/cjs/react.development.js:2667:24)
      at act (node_modules/react/cjs/react.development.js:2582:11)
      at node_modules/@testing-library/react/dist/act-compat.js:46:25
      at renderRoot (node_modules/@testing-library/react/dist/pure.js:189:26)
      at render (node_modules/@testing-library/react/dist/pure.js:291:10)
      at src/components/LoginForm.property3.test.tsx:237:37
      at AsyncProperty.predicate (node_modules/fast-check/lib/cjs/check/property/AsyncProperty.js:17:102)
      at AsyncProperty.run (node_modules/fast-check/lib/cjs/check/property/AsyncProperty.generic.js:46:39)
      at asyncRunIt (node_modules/fast-check/lib/cjs/check/runner/Runner.js:28:36)
      at Object.<anonymous> (src/components/LoginForm.property3.test.tsx:211:5)

    console.error
      Error: Uncaught [TypeError: Cannot read properties of undefined (reading 'state')]
          at reportException (/Users/ryan/Library/Mobile Documents/com~apple~CloudDocs/Documents/VSCode/Tax-App-Frontend/node_modules/jsdom/lib/jsdom/living/helpers/runtime-script-errors.js:66:24)
          at innerInvokeEventListeners (/Users/ryan/Library/Mobile Documents/com~apple~CloudDocs/Documents/VSCode/Tax-App-Frontend/node_modules/jsdom/lib/jsdom/living/events/EventTarget-impl.js:353:9)
          at invokeEventListeners (/Users/ryan/Library/Mobile Documents/com~apple~CloudDocs/Documents/VSCode/Tax-App-Frontend/node_modules/jsdom/lib/jsdom/living/events/EventTarget-impl.js:286:3)
          at HTMLUnknownElementImpl._dispatch (/Users/ryan/Library/Mobile Documents/com~apple~CloudDocs/Documents/VSCode/Tax-App-Frontend/node_modules/jsdom/lib/jsdom/living/events/EventTarget-impl.js:233:9)
          at HTMLUnknownElementImpl.dispatchEvent (/Users/ryan/Library/Mobile Documents/com~apple~CloudDocs/Documents/VSCode/Tax-App-Frontend/node_modules/jsdom/lib/jsdom/living/events/EventTarget-impl.js:104:17)
          at HTMLUnknownElement.dispatchEvent (/Users/ryan/Library/Mobile Documents/com~apple~CloudDocs/Documents/VSCode/Tax-App-Frontend/node_modules/jsdom/lib/jsdom/living/generated/EventTarget.js:241:34)
          at Object.invokeGuardedCallbackDev (/Users/ryan/Library/Mobile Documents/com~apple~CloudDocs/Documents/VSCode/Tax-App-Frontend/node_modules/react-dom/cjs/react-dom.development.js:4213:16)
          at invokeGuardedCallback (/Users/ryan/Library/Mobile Documents/com~apple~CloudDocs/Documents/VSCode/Tax-App-Frontend/node_modules/react-dom/cjs/react-dom.development.js:4277:31)
          at beginWork$1 (/Users/ryan/Library/Mobile Documents/com~apple~CloudDocs/Documents/VSCode/Tax-App-Frontend/node_modules/react-dom/cjs/react-dom.development.js:27490:7)
          at performUnitOfWork (/Users/ryan/Library/Mobile Documents/com~apple~CloudDocs/Documents/VSCode/Tax-App-Frontend/node_modules/react-dom/cjs/react-dom.development.js:26599:12)
          at workLoopSync (/Users/ryan/Library/Mobile Documents/com~apple~CloudDocs/Documents/VSCode/Tax-App-Frontend/node_modules/react-dom/cjs/react-dom.development.js:26505:5)
          at renderRootSync (/Users/ryan/Library/Mobile Documents/com~apple~CloudDocs/Documents/VSCode/Tax-App-Frontend/node_modules/react-dom/cjs/react-dom.development.js:26473:7)
          at performConcurrentWorkOnRoot (/Users/ryan/Library/Mobile Documents/com~apple~CloudDocs/Documents/VSCode/Tax-App-Frontend/node_modules/react-dom/cjs/react-dom.development.js:25777:74)
          at flushActQueue (/Users/ryan/Library/Mobile Documents/com~apple~CloudDocs/Documents/VSCode/Tax-App-Frontend/node_modules/react/cjs/react.development.js:2667:24)
          at act (/Users/ryan/Library/Mobile Documents/com~apple~CloudDocs/Documents/VSCode/Tax-App-Frontend/node_modules/react/cjs/react.development.js:2582:11)
          at /Users/ryan/Library/Mobile Documents/com~apple~CloudDocs/Documents/VSCode/Tax-App-Frontend/node_modules/@testing-library/react/dist/act-compat.js:46:25
          at renderRoot (/Users/ryan/Library/Mobile Documents/com~apple~CloudDocs/Documents/VSCode/Tax-App-Frontend/node_modules/@testing-library/react/dist/pure.js:189:26)
          at render (/Users/ryan/Library/Mobile Documents/com~apple~CloudDocs/Documents/VSCode/Tax-App-Frontend/node_modules/@testing-library/react/dist/pure.js:291:10)
          at /Users/ryan/Library/Mobile Documents/com~apple~CloudDocs/Documents/VSCode/Tax-App-Frontend/src/components/LoginForm.property3.test.tsx:237:37
          at AsyncProperty.predicate (/Users/ryan/Library/Mobile Documents/com~apple~CloudDocs/Documents/VSCode/Tax-App-Frontend/node_modules/fast-check/lib/cjs/check/property/AsyncProperty.js:17:102)
          at AsyncProperty.run (/Users/ryan/Library/Mobile Documents/com~apple~CloudDocs/Documents/VSCode/Tax-App-Frontend/node_modules/fast-check/lib/cjs/check/property/AsyncProperty.generic.js:46:39)
          at asyncRunIt (/Users/ryan/Library/Mobile Documents/com~apple~CloudDocs/Documents/VSCode/Tax-App-Frontend/node_modules/fast-check/lib/cjs/check/runner/Runner.js:28:36)
          at processTicksAndRejections (node:internal/process/task_queues:95:5)
          at Object.<anonymous> (/Users/ryan/Library/Mobile Documents/com~apple~CloudDocs/Documents/VSCode/Tax-App-Frontend/src/components/LoginForm.property3.test.tsx:211:5) {
        detail: TypeError: Cannot read properties of undefined (reading 'state')
            at state (/Users/ryan/Library/Mobile Documents/com~apple~CloudDocs/Documents/VSCode/Tax-App-Frontend/src/components/LoginForm.tsx:93:15)
            at renderWithHooks (/Users/ryan/Library/Mobile Documents/com~apple~CloudDocs/Documents/VSCode/Tax-App-Frontend/node_modules/react-dom/cjs/react-dom.development.js:15486:18)
            at mountIndeterminateComponent (/Users/ryan/Library/Mobile Documents/com~apple~CloudDocs/Documents/VSCode/Tax-App-Frontend/node_modules/react-dom/cjs/react-dom.development.js:20103:13)
            at beginWork (/Users/ryan/Library/Mobile Documents/com~apple~CloudDocs/Documents/VSCode/Tax-App-Frontend/node_modules/react-dom/cjs/react-dom.development.js:21626:16)
            at HTMLUnknownElement.callCallback (/Users/ryan/Library/Mobile Documents/com~apple~CloudDocs/Documents/VSCode/Tax-App-Frontend/node_modules/react-dom/cjs/react-dom.development.js:4164:14)
            at HTMLUnknownElement.callTheUserObjectsOperation (/Users/ryan/Library/Mobile Documents/com~apple~CloudDocs/Documents/VSCode/Tax-App-Frontend/node_modules/jsdom/lib/jsdom/living/generated/EventListener.js:26:30)
            at innerInvokeEventListeners (/Users/ryan/Library/Mobile Documents/com~apple~CloudDocs/Documents/VSCode/Tax-App-Frontend/node_modules/jsdom/lib/jsdom/living/events/EventTarget-impl.js:350:25)
            at invokeEventListeners (/Users/ryan/Library/Mobile Documents/com~apple~CloudDocs/Documents/VSCode/Tax-App-Frontend/node_modules/jsdom/lib/jsdom/living/events/EventTarget-impl.js:286:3)
            at HTMLUnknownElementImpl._dispatch (/Users/ryan/Library/Mobile Documents/com~apple~CloudDocs/Documents/VSCode/Tax-App-Frontend/node_modules/jsdom/lib/jsdom/living/events/EventTarget-impl.js:233:9)
            at HTMLUnknownElementImpl.dispatchEvent (/Users/ryan/Library/Mobile Documents/com~apple~CloudDocs/Documents/VSCode/Tax-App-Frontend/node_modules/jsdom/lib/jsdom/living/events/EventTarget-impl.js:104:17)
            at HTMLUnknownElement.dispatchEvent (/Users/ryan/Library/Mobile Documents/com~apple~CloudDocs/Documents/VSCode/Tax-App-Frontend/node_modules/jsdom/lib/jsdom/living/generated/EventTarget.js:241:34)
            at Object.invokeGuardedCallbackDev (/Users/ryan/Library/Mobile Documents/com~apple~CloudDocs/Documents/VSCode/Tax-App-Frontend/node_modules/react-dom/cjs/react-dom.development.js:4213:16)
            at invokeGuardedCallback (/Users/ryan/Library/Mobile Documents/com~apple~CloudDocs/Documents/VSCode/Tax-App-Frontend/node_modules/react-dom/cjs/react-dom.development.js:4277:31)
            at beginWork$1 (/Users/ryan/Library/Mobile Documents/com~apple~CloudDocs/Documents/VSCode/Tax-App-Frontend/node_modules/react-dom/cjs/react-dom.development.js:27490:7)
            at performUnitOfWork (/Users/ryan/Library/Mobile Documents/com~apple~CloudDocs/Documents/VSCode/Tax-App-Frontend/node_modules/react-dom/cjs/react-dom.development.js:26599:12)
            at workLoopSync (/Users/ryan/Library/Mobile Documents/com~apple~CloudDocs/Documents/VSCode/Tax-App-Frontend/node_modules/react-dom/cjs/react-dom.development.js:26505:5)
            at renderRootSync (/Users/ryan/Library/Mobile Documents/com~apple~CloudDocs/Documents/VSCode/Tax-App-Frontend/node_modules/react-dom/cjs/react-dom.development.js:26473:7)
            at performConcurrentWorkOnRoot (/Users/ryan/Library/Mobile Documents/com~apple~CloudDocs/Documents/VSCode/Tax-App-Frontend/node_modules/react-dom/cjs/react-dom.development.js:25777:74)
            at flushActQueue (/Users/ryan/Library/Mobile Documents/com~apple~CloudDocs/Documents/VSCode/Tax-App-Frontend/node_modules/react/cjs/react.development.js:2667:24)
            at act (/Users/ryan/Library/Mobile Documents/com~apple~CloudDocs/Documents/VSCode/Tax-App-Frontend/node_modules/react/cjs/react.development.js:2582:11)
            at /Users/ryan/Library/Mobile Documents/com~apple~CloudDocs/Documents/VSCode/Tax-App-Frontend/node_modules/@testing-library/react/dist/act-compat.js:46:25
            at renderRoot (/Users/ryan/Library/Mobile Documents/com~apple~CloudDocs/Documents/VSCode/Tax-App-Frontend/node_modules/@testing-library/react/dist/pure.js:189:26)
            at render (/Users/ryan/Library/Mobile Documents/com~apple~CloudDocs/Documents/VSCode/Tax-App-Frontend/node_modules/@testing-library/react/dist/pure.js:291:10)
            at /Users/ryan/Library/Mobile Documents/com~apple~CloudDocs/Documents/VSCode/Tax-App-Frontend/src/components/LoginForm.property3.test.tsx:237:37
            at AsyncProperty.predicate (/Users/ryan/Library/Mobile Documents/com~apple~CloudDocs/Documents/VSCode/Tax-App-Frontend/node_modules/fast-check/lib/cjs/check/property/AsyncProperty.js:17:102)
            at AsyncProperty.run (/Users/ryan/Library/Mobile Documents/com~apple~CloudDocs/Documents/VSCode/Tax-App-Frontend/node_modules/fast-check/lib/cjs/check/property/AsyncProperty.generic.js:46:39)
            at asyncRunIt (/Users/ryan/Library/Mobile Documents/com~apple~CloudDocs/Documents/VSCode/Tax-App-Frontend/node_modules/fast-check/lib/cjs/check/runner/Runner.js:28:36)
            at processTicksAndRejections (node:internal/process/task_queues:95:5)
            at Object.<anonymous> (/Users/ryan/Library/Mobile Documents/com~apple~CloudDocs/Documents/VSCode/Tax-App-Frontend/src/components/LoginForm.property3.test.tsx:211:5),
        type: 'unhandled exception'
      }

      235 |           });
      236 |
    > 237 |           const { unmount } = render(<LoginForm onSuccess={mockOnSuccess} onError={mockOnError} />);
          |                                     ^
      238 |
      239 |           try {
      240 |             // Find the input field

      at VirtualConsole.<anonymous> (node_modules/@jest/environment-jsdom-abstract/build/index.js:87:23)
      at reportException (node_modules/jsdom/lib/jsdom/living/helpers/runtime-script-errors.js:70:28)
      at innerInvokeEventListeners (node_modules/jsdom/lib/jsdom/living/events/EventTarget-impl.js:353:9)
      at invokeEventListeners (node_modules/jsdom/lib/jsdom/living/events/EventTarget-impl.js:286:3)
      at HTMLUnknownElementImpl._dispatch (node_modules/jsdom/lib/jsdom/living/events/EventTarget-impl.js:233:9)
      at HTMLUnknownElementImpl.dispatchEvent (node_modules/jsdom/lib/jsdom/living/events/EventTarget-impl.js:104:17)
      at HTMLUnknownElement.dispatchEvent (node_modules/jsdom/lib/jsdom/living/generated/EventTarget.js:241:34)
      at Object.invokeGuardedCallbackDev (node_modules/react-dom/cjs/react-dom.development.js:4213:16)
      at invokeGuardedCallback (node_modules/react-dom/cjs/react-dom.development.js:4277:31)
      at beginWork$1 (node_modules/react-dom/cjs/react-dom.development.js:27490:7)
      at performUnitOfWork (node_modules/react-dom/cjs/react-dom.development.js:26599:12)
      at workLoopSync (node_modules/react-dom/cjs/react-dom.development.js:26505:5)
      at renderRootSync (node_modules/react-dom/cjs/react-dom.development.js:26473:7)
      at performConcurrentWorkOnRoot (node_modules/react-dom/cjs/react-dom.development.js:25777:74)
      at flushActQueue (node_modules/react/cjs/react.development.js:2667:24)
      at act (node_modules/react/cjs/react.development.js:2582:11)
      at node_modules/@testing-library/react/dist/act-compat.js:46:25
      at renderRoot (node_modules/@testing-library/react/dist/pure.js:189:26)
      at render (node_modules/@testing-library/react/dist/pure.js:291:10)
      at src/components/LoginForm.property3.test.tsx:237:37
      at AsyncProperty.predicate (node_modules/fast-check/lib/cjs/check/property/AsyncProperty.js:17:102)
      at AsyncProperty.run (node_modules/fast-check/lib/cjs/check/property/AsyncProperty.generic.js:46:39)
      at asyncRunIt (node_modules/fast-check/lib/cjs/check/runner/Runner.js:28:36)
      at Object.<anonymous> (src/components/LoginForm.property3.test.tsx:211:5)

    console.error
      Error: Uncaught [TypeError: Cannot read properties of undefined (reading 'state')]
          at reportException (/Users/ryan/Library/Mobile Documents/com~apple~CloudDocs/Documents/VSCode/Tax-App-Frontend/node_modules/jsdom/lib/jsdom/living/helpers/runtime-script-errors.js:66:24)
          at innerInvokeEventListeners (/Users/ryan/Library/Mobile Documents/com~apple~CloudDocs/Documents/VSCode/Tax-App-Frontend/node_modules/jsdom/lib/jsdom/living/events/EventTarget-impl.js:353:9)
          at invokeEventListeners (/Users/ryan/Library/Mobile Documents/com~apple~CloudDocs/Documents/VSCode/Tax-App-Frontend/node_modules/jsdom/lib/jsdom/living/events/EventTarget-impl.js:286:3)
          at HTMLUnknownElementImpl._dispatch (/Users/ryan/Library/Mobile Documents/com~apple~CloudDocs/Documents/VSCode/Tax-App-Frontend/node_modules/jsdom/lib/jsdom/living/events/EventTarget-impl.js:233:9)
          at HTMLUnknownElementImpl.dispatchEvent (/Users/ryan/Library/Mobile Documents/com~apple~CloudDocs/Documents/VSCode/Tax-App-Frontend/node_modules/jsdom/lib/jsdom/living/events/EventTarget-impl.js:104:17)
          at HTMLUnknownElement.dispatchEvent (/Users/ryan/Library/Mobile Documents/com~apple~CloudDocs/Documents/VSCode/Tax-App-Frontend/node_modules/jsdom/lib/jsdom/living/generated/EventTarget.js:241:34)
          at Object.invokeGuardedCallbackDev (/Users/ryan/Library/Mobile Documents/com~apple~CloudDocs/Documents/VSCode/Tax-App-Frontend/node_modules/react-dom/cjs/react-dom.development.js:4213:16)
          at invokeGuardedCallback (/Users/ryan/Library/Mobile Documents/com~apple~CloudDocs/Documents/VSCode/Tax-App-Frontend/node_modules/react-dom/cjs/react-dom.development.js:4277:31)
          at beginWork$1 (/Users/ryan/Library/Mobile Documents/com~apple~CloudDocs/Documents/VSCode/Tax-App-Frontend/node_modules/react-dom/cjs/react-dom.development.js:27490:7)
          at performUnitOfWork (/Users/ryan/Library/Mobile Documents/com~apple~CloudDocs/Documents/VSCode/Tax-App-Frontend/node_modules/react-dom/cjs/react-dom.development.js:26599:12)
          at workLoopSync (/Users/ryan/Library/Mobile Documents/com~apple~CloudDocs/Documents/VSCode/Tax-App-Frontend/node_modules/react-dom/cjs/react-dom.development.js:26505:5)
          at renderRootSync (/Users/ryan/Library/Mobile Documents/com~apple~CloudDocs/Documents/VSCode/Tax-App-Frontend/node_modules/react-dom/cjs/react-dom.development.js:26473:7)
          at recoverFromConcurrentError (/Users/ryan/Library/Mobile Documents/com~apple~CloudDocs/Documents/VSCode/Tax-App-Frontend/node_modules/react-dom/cjs/react-dom.development.js:25889:20)
          at performConcurrentWorkOnRoot (/Users/ryan/Library/Mobile Documents/com~apple~CloudDocs/Documents/VSCode/Tax-App-Frontend/node_modules/react-dom/cjs/react-dom.development.js:25789:22)
          at flushActQueue (/Users/ryan/Library/Mobile Documents/com~apple~CloudDocs/Documents/VSCode/Tax-App-Frontend/node_modules/react/cjs/react.development.js:2667:24)
          at act (/Users/ryan/Library/Mobile Documents/com~apple~CloudDocs/Documents/VSCode/Tax-App-Frontend/node_modules/react/cjs/react.development.js:2582:11)
          at /Users/ryan/Library/Mobile Documents/com~apple~CloudDocs/Documents/VSCode/Tax-App-Frontend/node_modules/@testing-library/react/dist/act-compat.js:46:25
          at renderRoot (/Users/ryan/Library/Mobile Documents/com~apple~CloudDocs/Documents/VSCode/Tax-App-Frontend/node_modules/@testing-library/react/dist/pure.js:189:26)
          at render (/Users/ryan/Library/Mobile Documents/com~apple~CloudDocs/Documents/VSCode/Tax-App-Frontend/node_modules/@testing-library/react/dist/pure.js:291:10)
          at /Users/ryan/Library/Mobile Documents/com~apple~CloudDocs/Documents/VSCode/Tax-App-Frontend/src/components/LoginForm.property3.test.tsx:237:37
          at AsyncProperty.predicate (/Users/ryan/Library/Mobile Documents/com~apple~CloudDocs/Documents/VSCode/Tax-App-Frontend/node_modules/fast-check/lib/cjs/check/property/AsyncProperty.js:17:102)
          at AsyncProperty.run (/Users/ryan/Library/Mobile Documents/com~apple~CloudDocs/Documents/VSCode/Tax-App-Frontend/node_modules/fast-check/lib/cjs/check/property/AsyncProperty.generic.js:46:39)
          at asyncRunIt (/Users/ryan/Library/Mobile Documents/com~apple~CloudDocs/Documents/VSCode/Tax-App-Frontend/node_modules/fast-check/lib/cjs/check/runner/Runner.js:28:36)
          at processTicksAndRejections (node:internal/process/task_queues:95:5)
          at Object.<anonymous> (/Users/ryan/Library/Mobile Documents/com~apple~CloudDocs/Documents/VSCode/Tax-App-Frontend/src/components/LoginForm.property3.test.tsx:211:5) {
        detail: TypeError: Cannot read properties of undefined (reading 'state')
            at state (/Users/ryan/Library/Mobile Documents/com~apple~CloudDocs/Documents/VSCode/Tax-App-Frontend/src/components/LoginForm.tsx:93:15)
            at renderWithHooks (/Users/ryan/Library/Mobile Documents/com~apple~CloudDocs/Documents/VSCode/Tax-App-Frontend/node_modules/react-dom/cjs/react-dom.development.js:15486:18)
            at mountIndeterminateComponent (/Users/ryan/Library/Mobile Documents/com~apple~CloudDocs/Documents/VSCode/Tax-App-Frontend/node_modules/react-dom/cjs/react-dom.development.js:20103:13)
            at beginWork (/Users/ryan/Library/Mobile Documents/com~apple~CloudDocs/Documents/VSCode/Tax-App-Frontend/node_modules/react-dom/cjs/react-dom.development.js:21626:16)
            at HTMLUnknownElement.callCallback (/Users/ryan/Library/Mobile Documents/com~apple~CloudDocs/Documents/VSCode/Tax-App-Frontend/node_modules/react-dom/cjs/react-dom.development.js:4164:14)
            at HTMLUnknownElement.callTheUserObjectsOperation (/Users/ryan/Library/Mobile Documents/com~apple~CloudDocs/Documents/VSCode/Tax-App-Frontend/node_modules/jsdom/lib/jsdom/living/generated/EventListener.js:26:30)
            at innerInvokeEventListeners (/Users/ryan/Library/Mobile Documents/com~apple~CloudDocs/Documents/VSCode/Tax-App-Frontend/node_modules/jsdom/lib/jsdom/living/events/EventTarget-impl.js:350:25)
            at invokeEventListeners (/Users/ryan/Library/Mobile Documents/com~apple~CloudDocs/Documents/VSCode/Tax-App-Frontend/node_modules/jsdom/lib/jsdom/living/events/EventTarget-impl.js:286:3)
            at HTMLUnknownElementImpl._dispatch (/Users/ryan/Library/Mobile Documents/com~apple~CloudDocs/Documents/VSCode/Tax-App-Frontend/node_modules/jsdom/lib/jsdom/living/events/EventTarget-impl.js:233:9)
            at HTMLUnknownElementImpl.dispatchEvent (/Users/ryan/Library/Mobile Documents/com~apple~CloudDocs/Documents/VSCode/Tax-App-Frontend/node_modules/jsdom/lib/jsdom/living/events/EventTarget-impl.js:104:17)
            at HTMLUnknownElement.dispatchEvent (/Users/ryan/Library/Mobile Documents/com~apple~CloudDocs/Documents/VSCode/Tax-App-Frontend/node_modules/jsdom/lib/jsdom/living/generated/EventTarget.js:241:34)
            at Object.invokeGuardedCallbackDev (/Users/ryan/Library/Mobile Documents/com~apple~CloudDocs/Documents/VSCode/Tax-App-Frontend/node_modules/react-dom/cjs/react-dom.development.js:4213:16)
            at invokeGuardedCallback (/Users/ryan/Library/Mobile Documents/com~apple~CloudDocs/Documents/VSCode/Tax-App-Frontend/node_modules/react-dom/cjs/react-dom.development.js:4277:31)
            at beginWork$1 (/Users/ryan/Library/Mobile Documents/com~apple~CloudDocs/Documents/VSCode/Tax-App-Frontend/node_modules/react-dom/cjs/react-dom.development.js:27490:7)
            at performUnitOfWork (/Users/ryan/Library/Mobile Documents/com~apple~CloudDocs/Documents/VSCode/Tax-App-Frontend/node_modules/react-dom/cjs/react-dom.development.js:26599:12)
            at workLoopSync (/Users/ryan/Library/Mobile Documents/com~apple~CloudDocs/Documents/VSCode/Tax-App-Frontend/node_modules/react-dom/cjs/react-dom.development.js:26505:5)
            at renderRootSync (/Users/ryan/Library/Mobile Documents/com~apple~CloudDocs/Documents/VSCode/Tax-App-Frontend/node_modules/react-dom/cjs/react-dom.development.js:26473:7)
            at recoverFromConcurrentError (/Users/ryan/Library/Mobile Documents/com~apple~CloudDocs/Documents/VSCode/Tax-App-Frontend/node_modules/react-dom/cjs/react-dom.development.js:25889:20)
            at performConcurrentWorkOnRoot (/Users/ryan/Library/Mobile Documents/com~apple~CloudDocs/Documents/VSCode/Tax-App-Frontend/node_modules/react-dom/cjs/react-dom.development.js:25789:22)
            at flushActQueue (/Users/ryan/Library/Mobile Documents/com~apple~CloudDocs/Documents/VSCode/Tax-App-Frontend/node_modules/react/cjs/react.development.js:2667:24)
            at act (/Users/ryan/Library/Mobile Documents/com~apple~CloudDocs/Documents/VSCode/Tax-App-Frontend/node_modules/react/cjs/react.development.js:2582:11)
            at /Users/ryan/Library/Mobile Documents/com~apple~CloudDocs/Documents/VSCode/Tax-App-Frontend/node_modules/@testing-library/react/dist/act-compat.js:46:25
            at renderRoot (/Users/ryan/Library/Mobile Documents/com~apple~CloudDocs/Documents/VSCode/Tax-App-Frontend/node_modules/@testing-library/react/dist/pure.js:189:26)
            at render (/Users/ryan/Library/Mobile Documents/com~apple~CloudDocs/Documents/VSCode/Tax-App-Frontend/node_modules/@testing-library/react/dist/pure.js:291:10)
            at /Users/ryan/Library/Mobile Documents/com~apple~CloudDocs/Documents/VSCode/Tax-App-Frontend/src/components/LoginForm.property3.test.tsx:237:37
            at AsyncProperty.predicate (/Users/ryan/Library/Mobile Documents/com~apple~CloudDocs/Documents/VSCode/Tax-App-Frontend/node_modules/fast-check/lib/cjs/check/property/AsyncProperty.js:17:102)
            at AsyncProperty.run (/Users/ryan/Library/Mobile Documents/com~apple~CloudDocs/Documents/VSCode/Tax-App-Frontend/node_modules/fast-check/lib/cjs/check/property/AsyncProperty.generic.js:46:39)
            at asyncRunIt (/Users/ryan/Library/Mobile Documents/com~apple~CloudDocs/Documents/VSCode/Tax-App-Frontend/node_modules/fast-check/lib/cjs/check/runner/Runner.js:28:36)
            at processTicksAndRejections (node:internal/process/task_queues:95:5)
            at Object.<anonymous> (/Users/ryan/Library/Mobile Documents/com~apple~CloudDocs/Documents/VSCode/Tax-App-Frontend/src/components/LoginForm.property3.test.tsx:211:5),
        type: 'unhandled exception'
      }

      235 |           });
      236 |
    > 237 |           const { unmount } = render(<LoginForm onSuccess={mockOnSuccess} onError={mockOnError} />);
          |                                     ^
      238 |
      239 |           try {
      240 |             // Find the input field

      at VirtualConsole.<anonymous> (node_modules/@jest/environment-jsdom-abstract/build/index.js:87:23)
      at reportException (node_modules/jsdom/lib/jsdom/living/helpers/runtime-script-errors.js:70:28)
      at innerInvokeEventListeners (node_modules/jsdom/lib/jsdom/living/events/EventTarget-impl.js:353:9)
      at invokeEventListeners (node_modules/jsdom/lib/jsdom/living/events/EventTarget-impl.js:286:3)
      at HTMLUnknownElementImpl._dispatch (node_modules/jsdom/lib/jsdom/living/events/EventTarget-impl.js:233:9)
      at HTMLUnknownElementImpl.dispatchEvent (node_modules/jsdom/lib/jsdom/living/events/EventTarget-impl.js:104:17)
      at HTMLUnknownElement.dispatchEvent (node_modules/jsdom/lib/jsdom/living/generated/EventTarget.js:241:34)
      at Object.invokeGuardedCallbackDev (node_modules/react-dom/cjs/react-dom.development.js:4213:16)
      at invokeGuardedCallback (node_modules/react-dom/cjs/react-dom.development.js:4277:31)
      at beginWork$1 (node_modules/react-dom/cjs/react-dom.development.js:27490:7)
      at performUnitOfWork (node_modules/react-dom/cjs/react-dom.development.js:26599:12)
      at workLoopSync (node_modules/react-dom/cjs/react-dom.development.js:26505:5)
      at renderRootSync (node_modules/react-dom/cjs/react-dom.development.js:26473:7)
      at recoverFromConcurrentError (node_modules/react-dom/cjs/react-dom.development.js:25889:20)
      at performConcurrentWorkOnRoot (node_modules/react-dom/cjs/react-dom.development.js:25789:22)
      at flushActQueue (node_modules/react/cjs/react.development.js:2667:24)
      at act (node_modules/react/cjs/react.development.js:2582:11)
      at node_modules/@testing-library/react/dist/act-compat.js:46:25
      at renderRoot (node_modules/@testing-library/react/dist/pure.js:189:26)
      at render (node_modules/@testing-library/react/dist/pure.js:291:10)
      at src/components/LoginForm.property3.test.tsx:237:37
      at AsyncProperty.predicate (node_modules/fast-check/lib/cjs/check/property/AsyncProperty.js:17:102)
      at AsyncProperty.run (node_modules/fast-check/lib/cjs/check/property/AsyncProperty.generic.js:46:39)
      at asyncRunIt (node_modules/fast-check/lib/cjs/check/runner/Runner.js:28:36)
      at Object.<anonymous> (src/components/LoginForm.property3.test.tsx:211:5)

    console.error
      The above error occurred in the <LoginForm> component:
      
          at className (/Users/ryan/Library/Mobile Documents/com~apple~CloudDocs/Documents/VSCode/Tax-App-Frontend/src/components/LoginForm.tsx:45:29)
      
      Consider adding an error boundary to your tree to customize error handling behavior.
      Visit https://reactjs.org/link/error-boundaries to learn more about error boundaries.

      235 |           });
      236 |
    > 237 |           const { unmount } = render(<LoginForm onSuccess={mockOnSuccess} onError={mockOnError} />);
          |                                     ^
      238 |
      239 |           try {
      240 |             // Find the input field

      at logCapturedError (node_modules/react-dom/cjs/react-dom.development.js:18704:23)
      at update.callback (node_modules/react-dom/cjs/react-dom.development.js:18737:5)
      at callCallback (node_modules/react-dom/cjs/react-dom.development.js:15036:12)
      at commitUpdateQueue (node_modules/react-dom/cjs/react-dom.development.js:15057:9)
      at commitLayoutEffectOnFiber (node_modules/react-dom/cjs/react-dom.development.js:23430:13)
      at commitLayoutMountEffects_complete (node_modules/react-dom/cjs/react-dom.development.js:24727:9)
      at commitLayoutEffects_begin (node_modules/react-dom/cjs/react-dom.development.js:24713:7)
      at commitLayoutEffects (node_modules/react-dom/cjs/react-dom.development.js:24651:3)
      at commitRootImpl (node_modules/react-dom/cjs/react-dom.development.js:26862:5)
      at commitRoot (node_modules/react-dom/cjs/react-dom.development.js:26721:5)
      at finishConcurrentRender (node_modules/react-dom/cjs/react-dom.development.js:25931:9)
      at performConcurrentWorkOnRoot (node_modules/react-dom/cjs/react-dom.development.js:25848:7)
      at flushActQueue (node_modules/react/cjs/react.development.js:2667:24)
      at act (node_modules/react/cjs/react.development.js:2582:11)
      at node_modules/@testing-library/react/dist/act-compat.js:46:25
      at renderRoot (node_modules/@testing-library/react/dist/pure.js:189:26)
      at render (node_modules/@testing-library/react/dist/pure.js:291:10)
      at src/components/LoginForm.property3.test.tsx:237:37
      at AsyncProperty.predicate (node_modules/fast-check/lib/cjs/check/property/AsyncProperty.js:17:102)
      at AsyncProperty.run (node_modules/fast-check/lib/cjs/check/property/AsyncProperty.generic.js:46:39)
      at asyncRunIt (node_modules/fast-check/lib/cjs/check/runner/Runner.js:28:36)
      at Object.<anonymous> (src/components/LoginForm.property3.test.tsx:211:5)

    console.error
      Error: Uncaught [TypeError: Cannot read properties of undefined (reading 'state')]
          at reportException (/Users/ryan/Library/Mobile Documents/com~apple~CloudDocs/Documents/VSCode/Tax-App-Frontend/node_modules/jsdom/lib/jsdom/living/helpers/runtime-script-errors.js:66:24)
          at innerInvokeEventListeners (/Users/ryan/Library/Mobile Documents/com~apple~CloudDocs/Documents/VSCode/Tax-App-Frontend/node_modules/jsdom/lib/jsdom/living/events/EventTarget-impl.js:353:9)
          at invokeEventListeners (/Users/ryan/Library/Mobile Documents/com~apple~CloudDocs/Documents/VSCode/Tax-App-Frontend/node_modules/jsdom/lib/jsdom/living/events/EventTarget-impl.js:286:3)
          at HTMLUnknownElementImpl._dispatch (/Users/ryan/Library/Mobile Documents/com~apple~CloudDocs/Documents/VSCode/Tax-App-Frontend/node_modules/jsdom/lib/jsdom/living/events/EventTarget-impl.js:233:9)
          at HTMLUnknownElementImpl.dispatchEvent (/Users/ryan/Library/Mobile Documents/com~apple~CloudDocs/Documents/VSCode/Tax-App-Frontend/node_modules/jsdom/lib/jsdom/living/events/EventTarget-impl.js:104:17)
          at HTMLUnknownElement.dispatchEvent (/Users/ryan/Library/Mobile Documents/com~apple~CloudDocs/Documents/VSCode/Tax-App-Frontend/node_modules/jsdom/lib/jsdom/living/generated/EventTarget.js:241:34)
          at Object.invokeGuardedCallbackDev (/Users/ryan/Library/Mobile Documents/com~apple~CloudDocs/Documents/VSCode/Tax-App-Frontend/node_modules/react-dom/cjs/react-dom.development.js:4213:16)
          at invokeGuardedCallback (/Users/ryan/Library/Mobile Documents/com~apple~CloudDocs/Documents/VSCode/Tax-App-Frontend/node_modules/react-dom/cjs/react-dom.development.js:4277:31)
          at beginWork$1 (/Users/ryan/Library/Mobile Documents/com~apple~CloudDocs/Documents/VSCode/Tax-App-Frontend/node_modules/react-dom/cjs/react-dom.development.js:27490:7)
          at performUnitOfWork (/Users/ryan/Library/Mobile Documents/com~apple~CloudDocs/Documents/VSCode/Tax-App-Frontend/node_modules/react-dom/cjs/react-dom.development.js:26599:12)
          at workLoopSync (/Users/ryan/Library/Mobile Documents/com~apple~CloudDocs/Documents/VSCode/Tax-App-Frontend/node_modules/react-dom/cjs/react-dom.development.js:26505:5)
          at renderRootSync (/Users/ryan/Library/Mobile Documents/com~apple~CloudDocs/Documents/VSCode/Tax-App-Frontend/node_modules/react-dom/cjs/react-dom.development.js:26473:7)
          at performConcurrentWorkOnRoot (/Users/ryan/Library/Mobile Documents/com~apple~CloudDocs/Documents/VSCode/Tax-App-Frontend/node_modules/react-dom/cjs/react-dom.development.js:25777:74)
          at flushActQueue (/Users/ryan/Library/Mobile Documents/com~apple~CloudDocs/Documents/VSCode/Tax-App-Frontend/node_modules/react/cjs/react.development.js:2667:24)
          at act (/Users/ryan/Library/Mobile Documents/com~apple~CloudDocs/Documents/VSCode/Tax-App-Frontend/node_modules/react/cjs/react.development.js:2582:11)
          at /Users/ryan/Library/Mobile Documents/com~apple~CloudDocs/Documents/VSCode/Tax-App-Frontend/node_modules/@testing-library/react/dist/act-compat.js:46:25
          at renderRoot (/Users/ryan/Library/Mobile Documents/com~apple~CloudDocs/Documents/VSCode/Tax-App-Frontend/node_modules/@testing-library/react/dist/pure.js:189:26)
          at render (/Users/ryan/Library/Mobile Documents/com~apple~CloudDocs/Documents/VSCode/Tax-App-Frontend/node_modules/@testing-library/react/dist/pure.js:291:10)
          at /Users/ryan/Library/Mobile Documents/com~apple~CloudDocs/Documents/VSCode/Tax-App-Frontend/src/components/LoginForm.property3.test.tsx:237:37
          at AsyncProperty.predicate (/Users/ryan/Library/Mobile Documents/com~apple~CloudDocs/Documents/VSCode/Tax-App-Frontend/node_modules/fast-check/lib/cjs/check/property/AsyncProperty.js:17:102)
          at AsyncProperty.run (/Users/ryan/Library/Mobile Documents/com~apple~CloudDocs/Documents/VSCode/Tax-App-Frontend/node_modules/fast-check/lib/cjs/check/property/AsyncProperty.generic.js:46:39)
          at asyncRunIt (/Users/ryan/Library/Mobile Documents/com~apple~CloudDocs/Documents/VSCode/Tax-App-Frontend/node_modules/fast-check/lib/cjs/check/runner/Runner.js:28:36)
          at processTicksAndRejections (node:internal/process/task_queues:95:5)
          at Object.<anonymous> (/Users/ryan/Library/Mobile Documents/com~apple~CloudDocs/Documents/VSCode/Tax-App-Frontend/src/components/LoginForm.property3.test.tsx:211:5) {
        detail: TypeError: Cannot read properties of undefined (reading 'state')
            at state (/Users/ryan/Library/Mobile Documents/com~apple~CloudDocs/Documents/VSCode/Tax-App-Frontend/src/components/LoginForm.tsx:93:15)
            at renderWithHooks (/Users/ryan/Library/Mobile Documents/com~apple~CloudDocs/Documents/VSCode/Tax-App-Frontend/node_modules/react-dom/cjs/react-dom.development.js:15486:18)
            at mountIndeterminateComponent (/Users/ryan/Library/Mobile Documents/com~apple~CloudDocs/Documents/VSCode/Tax-App-Frontend/node_modules/react-dom/cjs/react-dom.development.js:20103:13)
            at beginWork (/Users/ryan/Library/Mobile Documents/com~apple~CloudDocs/Documents/VSCode/Tax-App-Frontend/node_modules/react-dom/cjs/react-dom.development.js:21626:16)
            at HTMLUnknownElement.callCallback (/Users/ryan/Library/Mobile Documents/com~apple~CloudDocs/Documents/VSCode/Tax-App-Frontend/node_modules/react-dom/cjs/react-dom.development.js:4164:14)
            at HTMLUnknownElement.callTheUserObjectsOperation (/Users/ryan/Library/Mobile Documents/com~apple~CloudDocs/Documents/VSCode/Tax-App-Frontend/node_modules/jsdom/lib/jsdom/living/generated/EventListener.js:26:30)
            at innerInvokeEventListeners (/Users/ryan/Library/Mobile Documents/com~apple~CloudDocs/Documents/VSCode/Tax-App-Frontend/node_modules/jsdom/lib/jsdom/living/events/EventTarget-impl.js:350:25)
            at invokeEventListeners (/Users/ryan/Library/Mobile Documents/com~apple~CloudDocs/Documents/VSCode/Tax-App-Frontend/node_modules/jsdom/lib/jsdom/living/events/EventTarget-impl.js:286:3)
            at HTMLUnknownElementImpl._dispatch (/Users/ryan/Library/Mobile Documents/com~apple~CloudDocs/Documents/VSCode/Tax-App-Frontend/node_modules/jsdom/lib/jsdom/living/events/EventTarget-impl.js:233:9)
            at HTMLUnknownElementImpl.dispatchEvent (/Users/ryan/Library/Mobile Documents/com~apple~CloudDocs/Documents/VSCode/Tax-App-Frontend/node_modules/jsdom/lib/jsdom/living/events/EventTarget-impl.js:104:17)
            at HTMLUnknownElement.dispatchEvent (/Users/ryan/Library/Mobile Documents/com~apple~CloudDocs/Documents/VSCode/Tax-App-Frontend/node_modules/jsdom/lib/jsdom/living/generated/EventTarget.js:241:34)
            at Object.invokeGuardedCallbackDev (/Users/ryan/Library/Mobile Documents/com~apple~CloudDocs/Documents/VSCode/Tax-App-Frontend/node_modules/react-dom/cjs/react-dom.development.js:4213:16)
            at invokeGuardedCallback (/Users/ryan/Library/Mobile Documents/com~apple~CloudDocs/Documents/VSCode/Tax-App-Frontend/node_modules/react-dom/cjs/react-dom.development.js:4277:31)
            at beginWork$1 (/Users/ryan/Library/Mobile Documents/com~apple~CloudDocs/Documents/VSCode/Tax-App-Frontend/node_modules/react-dom/cjs/react-dom.development.js:27490:7)
            at performUnitOfWork (/Users/ryan/Library/Mobile Documents/com~apple~CloudDocs/Documents/VSCode/Tax-App-Frontend/node_modules/react-dom/cjs/react-dom.development.js:26599:12)
            at workLoopSync (/Users/ryan/Library/Mobile Documents/com~apple~CloudDocs/Documents/VSCode/Tax-App-Frontend/node_modules/react-dom/cjs/react-dom.development.js:26505:5)
            at renderRootSync (/Users/ryan/Library/Mobile Documents/com~apple~CloudDocs/Documents/VSCode/Tax-App-Frontend/node_modules/react-dom/cjs/react-dom.development.js:26473:7)
            at performConcurrentWorkOnRoot (/Users/ryan/Library/Mobile Documents/com~apple~CloudDocs/Documents/VSCode/Tax-App-Frontend/node_modules/react-dom/cjs/react-dom.development.js:25777:74)
            at flushActQueue (/Users/ryan/Library/Mobile Documents/com~apple~CloudDocs/Documents/VSCode/Tax-App-Frontend/node_modules/react/cjs/react.development.js:2667:24)
            at act (/Users/ryan/Library/Mobile Documents/com~apple~CloudDocs/Documents/VSCode/Tax-App-Frontend/node_modules/react/cjs/react.development.js:2582:11)
            at /Users/ryan/Library/Mobile Documents/com~apple~CloudDocs/Documents/VSCode/Tax-App-Frontend/node_modules/@testing-library/react/dist/act-compat.js:46:25
            at renderRoot (/Users/ryan/Library/Mobile Documents/com~apple~CloudDocs/Documents/VSCode/Tax-App-Frontend/node_modules/@testing-library/react/dist/pure.js:189:26)
            at render (/Users/ryan/Library/Mobile Documents/com~apple~CloudDocs/Documents/VSCode/Tax-App-Frontend/node_modules/@testing-library/react/dist/pure.js:291:10)
            at /Users/ryan/Library/Mobile Documents/com~apple~CloudDocs/Documents/VSCode/Tax-App-Frontend/src/components/LoginForm.property3.test.tsx:237:37
            at AsyncProperty.predicate (/Users/ryan/Library/Mobile Documents/com~apple~CloudDocs/Documents/VSCode/Tax-App-Frontend/node_modules/fast-check/lib/cjs/check/property/AsyncProperty.js:17:102)
            at AsyncProperty.run (/Users/ryan/Library/Mobile Documents/com~apple~CloudDocs/Documents/VSCode/Tax-App-Frontend/node_modules/fast-check/lib/cjs/check/property/AsyncProperty.generic.js:46:39)
            at asyncRunIt (/Users/ryan/Library/Mobile Documents/com~apple~CloudDocs/Documents/VSCode/Tax-App-Frontend/node_modules/fast-check/lib/cjs/check/runner/Runner.js:28:36)
            at processTicksAndRejections (node:internal/process/task_queues:95:5)
            at Object.<anonymous> (/Users/ryan/Library/Mobile Documents/com~apple~CloudDocs/Documents/VSCode/Tax-App-Frontend/src/components/LoginForm.property3.test.tsx:211:5),
        type: 'unhandled exception'
      }

      235 |           });
      236 |
    > 237 |           const { unmount } = render(<LoginForm onSuccess={mockOnSuccess} onError={mockOnError} />);
          |                                     ^
      238 |
      239 |           try {
      240 |             // Find the input field

      at VirtualConsole.<anonymous> (node_modules/@jest/environment-jsdom-abstract/build/index.js:87:23)
      at reportException (node_modules/jsdom/lib/jsdom/living/helpers/runtime-script-errors.js:70:28)
      at innerInvokeEventListeners (node_modules/jsdom/lib/jsdom/living/events/EventTarget-impl.js:353:9)
      at invokeEventListeners (node_modules/jsdom/lib/jsdom/living/events/EventTarget-impl.js:286:3)
      at HTMLUnknownElementImpl._dispatch (node_modules/jsdom/lib/jsdom/living/events/EventTarget-impl.js:233:9)
      at HTMLUnknownElementImpl.dispatchEvent (node_modules/jsdom/lib/jsdom/living/events/EventTarget-impl.js:104:17)
      at HTMLUnknownElement.dispatchEvent (node_modules/jsdom/lib/jsdom/living/generated/EventTarget.js:241:34)
      at Object.invokeGuardedCallbackDev (node_modules/react-dom/cjs/react-dom.development.js:4213:16)
      at invokeGuardedCallback (node_modules/react-dom/cjs/react-dom.development.js:4277:31)
      at beginWork$1 (node_modules/react-dom/cjs/react-dom.development.js:27490:7)
      at performUnitOfWork (node_modules/react-dom/cjs/react-dom.development.js:26599:12)
      at workLoopSync (node_modules/react-dom/cjs/react-dom.development.js:26505:5)
      at renderRootSync (node_modules/react-dom/cjs/react-dom.development.js:26473:7)
      at performConcurrentWorkOnRoot (node_modules/react-dom/cjs/react-dom.development.js:25777:74)
      at flushActQueue (node_modules/react/cjs/react.development.js:2667:24)
      at act (node_modules/react/cjs/react.development.js:2582:11)
      at node_modules/@testing-library/react/dist/act-compat.js:46:25
      at renderRoot (node_modules/@testing-library/react/dist/pure.js:189:26)
      at render (node_modules/@testing-library/react/dist/pure.js:291:10)
      at src/components/LoginForm.property3.test.tsx:237:37
      at AsyncProperty.predicate (node_modules/fast-check/lib/cjs/check/property/AsyncProperty.js:17:102)
      at AsyncProperty.run (node_modules/fast-check/lib/cjs/check/property/AsyncProperty.generic.js:46:39)
      at asyncRunIt (node_modules/fast-check/lib/cjs/check/runner/Runner.js:28:36)
      at Object.<anonymous> (src/components/LoginForm.property3.test.tsx:211:5)

    console.error
      Error: Uncaught [TypeError: Cannot read properties of undefined (reading 'state')]
          at reportException (/Users/ryan/Library/Mobile Documents/com~apple~CloudDocs/Documents/VSCode/Tax-App-Frontend/node_modules/jsdom/lib/jsdom/living/helpers/runtime-script-errors.js:66:24)
          at innerInvokeEventListeners (/Users/ryan/Library/Mobile Documents/com~apple~CloudDocs/Documents/VSCode/Tax-App-Frontend/node_modules/jsdom/lib/jsdom/living/events/EventTarget-impl.js:353:9)
          at invokeEventListeners (/Users/ryan/Library/Mobile Documents/com~apple~CloudDocs/Documents/VSCode/Tax-App-Frontend/node_modules/jsdom/lib/jsdom/living/events/EventTarget-impl.js:286:3)
          at HTMLUnknownElementImpl._dispatch (/Users/ryan/Library/Mobile Documents/com~apple~CloudDocs/Documents/VSCode/Tax-App-Frontend/node_modules/jsdom/lib/jsdom/living/events/EventTarget-impl.js:233:9)
          at HTMLUnknownElementImpl.dispatchEvent (/Users/ryan/Library/Mobile Documents/com~apple~CloudDocs/Documents/VSCode/Tax-App-Frontend/node_modules/jsdom/lib/jsdom/living/events/EventTarget-impl.js:104:17)
          at HTMLUnknownElement.dispatchEvent (/Users/ryan/Library/Mobile Documents/com~apple~CloudDocs/Documents/VSCode/Tax-App-Frontend/node_modules/jsdom/lib/jsdom/living/generated/EventTarget.js:241:34)
          at Object.invokeGuardedCallbackDev (/Users/ryan/Library/Mobile Documents/com~apple~CloudDocs/Documents/VSCode/Tax-App-Frontend/node_modules/react-dom/cjs/react-dom.development.js:4213:16)
          at invokeGuardedCallback (/Users/ryan/Library/Mobile Documents/com~apple~CloudDocs/Documents/VSCode/Tax-App-Frontend/node_modules/react-dom/cjs/react-dom.development.js:4277:31)
          at beginWork$1 (/Users/ryan/Library/Mobile Documents/com~apple~CloudDocs/Documents/VSCode/Tax-App-Frontend/node_modules/react-dom/cjs/react-dom.development.js:27490:7)
          at performUnitOfWork (/Users/ryan/Library/Mobile Documents/com~apple~CloudDocs/Documents/VSCode/Tax-App-Frontend/node_modules/react-dom/cjs/react-dom.development.js:26599:12)
          at workLoopSync (/Users/ryan/Library/Mobile Documents/com~apple~CloudDocs/Documents/VSCode/Tax-App-Frontend/node_modules/react-dom/cjs/react-dom.development.js:26505:5)
          at renderRootSync (/Users/ryan/Library/Mobile Documents/com~apple~CloudDocs/Documents/VSCode/Tax-App-Frontend/node_modules/react-dom/cjs/react-dom.development.js:26473:7)
          at recoverFromConcurrentError (/Users/ryan/Library/Mobile Documents/com~apple~CloudDocs/Documents/VSCode/Tax-App-Frontend/node_modules/react-dom/cjs/react-dom.development.js:25889:20)
          at performConcurrentWorkOnRoot (/Users/ryan/Library/Mobile Documents/com~apple~CloudDocs/Documents/VSCode/Tax-App-Frontend/node_modules/react-dom/cjs/react-dom.development.js:25789:22)
          at flushActQueue (/Users/ryan/Library/Mobile Documents/com~apple~CloudDocs/Documents/VSCode/Tax-App-Frontend/node_modules/react/cjs/react.development.js:2667:24)
          at act (/Users/ryan/Library/Mobile Documents/com~apple~CloudDocs/Documents/VSCode/Tax-App-Frontend/node_modules/react/cjs/react.development.js:2582:11)
          at /Users/ryan/Library/Mobile Documents/com~apple~CloudDocs/Documents/VSCode/Tax-App-Frontend/node_modules/@testing-library/react/dist/act-compat.js:46:25
          at renderRoot (/Users/ryan/Library/Mobile Documents/com~apple~CloudDocs/Documents/VSCode/Tax-App-Frontend/node_modules/@testing-library/react/dist/pure.js:189:26)
          at render (/Users/ryan/Library/Mobile Documents/com~apple~CloudDocs/Documents/VSCode/Tax-App-Frontend/node_modules/@testing-library/react/dist/pure.js:291:10)
          at /Users/ryan/Library/Mobile Documents/com~apple~CloudDocs/Documents/VSCode/Tax-App-Frontend/src/components/LoginForm.property3.test.tsx:237:37
          at AsyncProperty.predicate (/Users/ryan/Library/Mobile Documents/com~apple~CloudDocs/Documents/VSCode/Tax-App-Frontend/node_modules/fast-check/lib/cjs/check/property/AsyncProperty.js:17:102)
          at AsyncProperty.run (/Users/ryan/Library/Mobile Documents/com~apple~CloudDocs/Documents/VSCode/Tax-App-Frontend/node_modules/fast-check/lib/cjs/check/property/AsyncProperty.generic.js:46:39)
          at asyncRunIt (/Users/ryan/Library/Mobile Documents/com~apple~CloudDocs/Documents/VSCode/Tax-App-Frontend/node_modules/fast-check/lib/cjs/check/runner/Runner.js:28:36)
          at processTicksAndRejections (node:internal/process/task_queues:95:5)
          at Object.<anonymous> (/Users/ryan/Library/Mobile Documents/com~apple~CloudDocs/Documents/VSCode/Tax-App-Frontend/src/components/LoginForm.property3.test.tsx:211:5) {
        detail: TypeError: Cannot read properties of undefined (reading 'state')
            at state (/Users/ryan/Library/Mobile Documents/com~apple~CloudDocs/Documents/VSCode/Tax-App-Frontend/src/components/LoginForm.tsx:93:15)
            at renderWithHooks (/Users/ryan/Library/Mobile Documents/com~apple~CloudDocs/Documents/VSCode/Tax-App-Frontend/node_modules/react-dom/cjs/react-dom.development.js:15486:18)
            at mountIndeterminateComponent (/Users/ryan/Library/Mobile Documents/com~apple~CloudDocs/Documents/VSCode/Tax-App-Frontend/node_modules/react-dom/cjs/react-dom.development.js:20103:13)
            at beginWork (/Users/ryan/Library/Mobile Documents/com~apple~CloudDocs/Documents/VSCode/Tax-App-Frontend/node_modules/react-dom/cjs/react-dom.development.js:21626:16)
            at HTMLUnknownElement.callCallback (/Users/ryan/Library/Mobile Documents/com~apple~CloudDocs/Documents/VSCode/Tax-App-Frontend/node_modules/react-dom/cjs/react-dom.development.js:4164:14)
            at HTMLUnknownElement.callTheUserObjectsOperation (/Users/ryan/Library/Mobile Documents/com~apple~CloudDocs/Documents/VSCode/Tax-App-Frontend/node_modules/jsdom/lib/jsdom/living/generated/EventListener.js:26:30)
            at innerInvokeEventListeners (/Users/ryan/Library/Mobile Documents/com~apple~CloudDocs/Documents/VSCode/Tax-App-Frontend/node_modules/jsdom/lib/jsdom/living/events/EventTarget-impl.js:350:25)
            at invokeEventListeners (/Users/ryan/Library/Mobile Documents/com~apple~CloudDocs/Documents/VSCode/Tax-App-Frontend/node_modules/jsdom/lib/jsdom/living/events/EventTarget-impl.js:286:3)
            at HTMLUnknownElementImpl._dispatch (/Users/ryan/Library/Mobile Documents/com~apple~CloudDocs/Documents/VSCode/Tax-App-Frontend/node_modules/jsdom/lib/jsdom/living/events/EventTarget-impl.js:233:9)
            at HTMLUnknownElementImpl.dispatchEvent (/Users/ryan/Library/Mobile Documents/com~apple~CloudDocs/Documents/VSCode/Tax-App-Frontend/node_modules/jsdom/lib/jsdom/living/events/EventTarget-impl.js:104:17)
            at HTMLUnknownElement.dispatchEvent (/Users/ryan/Library/Mobile Documents/com~apple~CloudDocs/Documents/VSCode/Tax-App-Frontend/node_modules/jsdom/lib/jsdom/living/generated/EventTarget.js:241:34)
            at Object.invokeGuardedCallbackDev (/Users/ryan/Library/Mobile Documents/com~apple~CloudDocs/Documents/VSCode/Tax-App-Frontend/node_modules/react-dom/cjs/react-dom.development.js:4213:16)
            at invokeGuardedCallback (/Users/ryan/Library/Mobile Documents/com~apple~CloudDocs/Documents/VSCode/Tax-App-Frontend/node_modules/react-dom/cjs/react-dom.development.js:4277:31)
            at beginWork$1 (/Users/ryan/Library/Mobile Documents/com~apple~CloudDocs/Documents/VSCode/Tax-App-Frontend/node_modules/react-dom/cjs/react-dom.development.js:27490:7)
            at performUnitOfWork (/Users/ryan/Library/Mobile Documents/com~apple~CloudDocs/Documents/VSCode/Tax-App-Frontend/node_modules/react-dom/cjs/react-dom.development.js:26599:12)
            at workLoopSync (/Users/ryan/Library/Mobile Documents/com~apple~CloudDocs/Documents/VSCode/Tax-App-Frontend/node_modules/react-dom/cjs/react-dom.development.js:26505:5)
            at renderRootSync (/Users/ryan/Library/Mobile Documents/com~apple~CloudDocs/Documents/VSCode/Tax-App-Frontend/node_modules/react-dom/cjs/react-dom.development.js:26473:7)
            at recoverFromConcurrentError (/Users/ryan/Library/Mobile Documents/com~apple~CloudDocs/Documents/VSCode/Tax-App-Frontend/node_modules/react-dom/cjs/react-dom.development.js:25889:20)
            at performConcurrentWorkOnRoot (/Users/ryan/Library/Mobile Documents/com~apple~CloudDocs/Documents/VSCode/Tax-App-Frontend/node_modules/react-dom/cjs/react-dom.development.js:25789:22)
            at flushActQueue (/Users/ryan/Library/Mobile Documents/com~apple~CloudDocs/Documents/VSCode/Tax-App-Frontend/node_modules/react/cjs/react.development.js:2667:24)
            at act (/Users/ryan/Library/Mobile Documents/com~apple~CloudDocs/Documents/VSCode/Tax-App-Frontend/node_modules/react/cjs/react.development.js:2582:11)
            at /Users/ryan/Library/Mobile Documents/com~apple~CloudDocs/Documents/VSCode/Tax-App-Frontend/node_modules/@testing-library/react/dist/act-compat.js:46:25
            at renderRoot (/Users/ryan/Library/Mobile Documents/com~apple~CloudDocs/Documents/VSCode/Tax-App-Frontend/node_modules/@testing-library/react/dist/pure.js:189:26)
            at render (/Users/ryan/Library/Mobile Documents/com~apple~CloudDocs/Documents/VSCode/Tax-App-Frontend/node_modules/@testing-library/react/dist/pure.js:291:10)
            at /Users/ryan/Library/Mobile Documents/com~apple~CloudDocs/Documents/VSCode/Tax-App-Frontend/src/components/LoginForm.property3.test.tsx:237:37
            at AsyncProperty.predicate (/Users/ryan/Library/Mobile Documents/com~apple~CloudDocs/Documents/VSCode/Tax-App-Frontend/node_modules/fast-check/lib/cjs/check/property/AsyncProperty.js:17:102)
            at AsyncProperty.run (/Users/ryan/Library/Mobile Documents/com~apple~CloudDocs/Documents/VSCode/Tax-App-Frontend/node_modules/fast-check/lib/cjs/check/property/AsyncProperty.generic.js:46:39)
            at asyncRunIt (/Users/ryan/Library/Mobile Documents/com~apple~CloudDocs/Documents/VSCode/Tax-App-Frontend/node_modules/fast-check/lib/cjs/check/runner/Runner.js:28:36)
            at processTicksAndRejections (node:internal/process/task_queues:95:5)
            at Object.<anonymous> (/Users/ryan/Library/Mobile Documents/com~apple~CloudDocs/Documents/VSCode/Tax-App-Frontend/src/components/LoginForm.property3.test.tsx:211:5),
        type: 'unhandled exception'
      }

      235 |           });
      236 |
    > 237 |           const { unmount } = render(<LoginForm onSuccess={mockOnSuccess} onError={mockOnError} />);
          |                                     ^
      238 |
      239 |           try {
      240 |             // Find the input field

      at VirtualConsole.<anonymous> (node_modules/@jest/environment-jsdom-abstract/build/index.js:87:23)
      at reportException (node_modules/jsdom/lib/jsdom/living/helpers/runtime-script-errors.js:70:28)
      at innerInvokeEventListeners (node_modules/jsdom/lib/jsdom/living/events/EventTarget-impl.js:353:9)
      at invokeEventListeners (node_modules/jsdom/lib/jsdom/living/events/EventTarget-impl.js:286:3)
      at HTMLUnknownElementImpl._dispatch (node_modules/jsdom/lib/jsdom/living/events/EventTarget-impl.js:233:9)
      at HTMLUnknownElementImpl.dispatchEvent (node_modules/jsdom/lib/jsdom/living/events/EventTarget-impl.js:104:17)
      at HTMLUnknownElement.dispatchEvent (node_modules/jsdom/lib/jsdom/living/generated/EventTarget.js:241:34)
      at Object.invokeGuardedCallbackDev (node_modules/react-dom/cjs/react-dom.development.js:4213:16)
      at invokeGuardedCallback (node_modules/react-dom/cjs/react-dom.development.js:4277:31)
      at beginWork$1 (node_modules/react-dom/cjs/react-dom.development.js:27490:7)
      at performUnitOfWork (node_modules/react-dom/cjs/react-dom.development.js:26599:12)
      at workLoopSync (node_modules/react-dom/cjs/react-dom.development.js:26505:5)
      at renderRootSync (node_modules/react-dom/cjs/react-dom.development.js:26473:7)
      at recoverFromConcurrentError (node_modules/react-dom/cjs/react-dom.development.js:25889:20)
      at performConcurrentWorkOnRoot (node_modules/react-dom/cjs/react-dom.development.js:25789:22)
      at flushActQueue (node_modules/react/cjs/react.development.js:2667:24)
      at act (node_modules/react/cjs/react.development.js:2582:11)
      at node_modules/@testing-library/react/dist/act-compat.js:46:25
      at renderRoot (node_modules/@testing-library/react/dist/pure.js:189:26)
      at render (node_modules/@testing-library/react/dist/pure.js:291:10)
      at src/components/LoginForm.property3.test.tsx:237:37
      at AsyncProperty.predicate (node_modules/fast-check/lib/cjs/check/property/AsyncProperty.js:17:102)
      at AsyncProperty.run (node_modules/fast-check/lib/cjs/check/property/AsyncProperty.generic.js:46:39)
      at asyncRunIt (node_modules/fast-check/lib/cjs/check/runner/Runner.js:28:36)
      at Object.<anonymous> (src/components/LoginForm.property3.test.tsx:211:5)

    console.error
      The above error occurred in the <LoginForm> component:
      
          at className (/Users/ryan/Library/Mobile Documents/com~apple~CloudDocs/Documents/VSCode/Tax-App-Frontend/src/components/LoginForm.tsx:45:29)
      
      Consider adding an error boundary to your tree to customize error handling behavior.
      Visit https://reactjs.org/link/error-boundaries to learn more about error boundaries.

      235 |           });
      236 |
    > 237 |           const { unmount } = render(<LoginForm onSuccess={mockOnSuccess} onError={mockOnError} />);
          |                                     ^
      238 |
      239 |           try {
      240 |             // Find the input field

      at logCapturedError (node_modules/react-dom/cjs/react-dom.development.js:18704:23)
      at update.callback (node_modules/react-dom/cjs/react-dom.development.js:18737:5)
      at callCallback (node_modules/react-dom/cjs/react-dom.development.js:15036:12)
      at commitUpdateQueue (node_modules/react-dom/cjs/react-dom.development.js:15057:9)
      at commitLayoutEffectOnFiber (node_modules/react-dom/cjs/react-dom.development.js:23430:13)
      at commitLayoutMountEffects_complete (node_modules/react-dom/cjs/react-dom.development.js:24727:9)
      at commitLayoutEffects_begin (node_modules/react-dom/cjs/react-dom.development.js:24713:7)
      at commitLayoutEffects (node_modules/react-dom/cjs/react-dom.development.js:24651:3)
      at commitRootImpl (node_modules/react-dom/cjs/react-dom.development.js:26862:5)
      at commitRoot (node_modules/react-dom/cjs/react-dom.development.js:26721:5)
      at finishConcurrentRender (node_modules/react-dom/cjs/react-dom.development.js:25931:9)
      at performConcurrentWorkOnRoot (node_modules/react-dom/cjs/react-dom.development.js:25848:7)
      at flushActQueue (node_modules/react/cjs/react.development.js:2667:24)
      at act (node_modules/react/cjs/react.development.js:2582:11)
      at node_modules/@testing-library/react/dist/act-compat.js:46:25
      at renderRoot (node_modules/@testing-library/react/dist/pure.js:189:26)
      at render (node_modules/@testing-library/react/dist/pure.js:291:10)
      at src/components/LoginForm.property3.test.tsx:237:37
      at AsyncProperty.predicate (node_modules/fast-check/lib/cjs/check/property/AsyncProperty.js:17:102)
      at AsyncProperty.run (node_modules/fast-check/lib/cjs/check/property/AsyncProperty.generic.js:46:39)
      at asyncRunIt (node_modules/fast-check/lib/cjs/check/runner/Runner.js:28:36)
      at Object.<anonymous> (src/components/LoginForm.property3.test.tsx:211:5)

    console.error
      Error: Uncaught [TypeError: Cannot read properties of undefined (reading 'state')]
          at reportException (/Users/ryan/Library/Mobile Documents/com~apple~CloudDocs/Documents/VSCode/Tax-App-Frontend/node_modules/jsdom/lib/jsdom/living/helpers/runtime-script-errors.js:66:24)
          at innerInvokeEventListeners (/Users/ryan/Library/Mobile Documents/com~apple~CloudDocs/Documents/VSCode/Tax-App-Frontend/node_modules/jsdom/lib/jsdom/living/events/EventTarget-impl.js:353:9)
          at invokeEventListeners (/Users/ryan/Library/Mobile Documents/com~apple~CloudDocs/Documents/VSCode/Tax-App-Frontend/node_modules/jsdom/lib/jsdom/living/events/EventTarget-impl.js:286:3)
          at HTMLUnknownElementImpl._dispatch (/Users/ryan/Library/Mobile Documents/com~apple~CloudDocs/Documents/VSCode/Tax-App-Frontend/node_modules/jsdom/lib/jsdom/living/events/EventTarget-impl.js:233:9)
          at HTMLUnknownElementImpl.dispatchEvent (/Users/ryan/Library/Mobile Documents/com~apple~CloudDocs/Documents/VSCode/Tax-App-Frontend/node_modules/jsdom/lib/jsdom/living/events/EventTarget-impl.js:104:17)
          at HTMLUnknownElement.dispatchEvent (/Users/ryan/Library/Mobile Documents/com~apple~CloudDocs/Documents/VSCode/Tax-App-Frontend/node_modules/jsdom/lib/jsdom/living/generated/EventTarget.js:241:34)
          at Object.invokeGuardedCallbackDev (/Users/ryan/Library/Mobile Documents/com~apple~CloudDocs/Documents/VSCode/Tax-App-Frontend/node_modules/react-dom/cjs/react-dom.development.js:4213:16)
          at invokeGuardedCallback (/Users/ryan/Library/Mobile Documents/com~apple~CloudDocs/Documents/VSCode/Tax-App-Frontend/node_modules/react-dom/cjs/react-dom.development.js:4277:31)
          at beginWork$1 (/Users/ryan/Library/Mobile Documents/com~apple~CloudDocs/Documents/VSCode/Tax-App-Frontend/node_modules/react-dom/cjs/react-dom.development.js:27490:7)
          at performUnitOfWork (/Users/ryan/Library/Mobile Documents/com~apple~CloudDocs/Documents/VSCode/Tax-App-Frontend/node_modules/react-dom/cjs/react-dom.development.js:26599:12)
          at workLoopSync (/Users/ryan/Library/Mobile Documents/com~apple~CloudDocs/Documents/VSCode/Tax-App-Frontend/node_modules/react-dom/cjs/react-dom.development.js:26505:5)
          at renderRootSync (/Users/ryan/Library/Mobile Documents/com~apple~CloudDocs/Documents/VSCode/Tax-App-Frontend/node_modules/react-dom/cjs/react-dom.development.js:26473:7)
          at performConcurrentWorkOnRoot (/Users/ryan/Library/Mobile Documents/com~apple~CloudDocs/Documents/VSCode/Tax-App-Frontend/node_modules/react-dom/cjs/react-dom.development.js:25777:74)
          at flushActQueue (/Users/ryan/Library/Mobile Documents/com~apple~CloudDocs/Documents/VSCode/Tax-App-Frontend/node_modules/react/cjs/react.development.js:2667:24)
          at act (/Users/ryan/Library/Mobile Documents/com~apple~CloudDocs/Documents/VSCode/Tax-App-Frontend/node_modules/react/cjs/react.development.js:2582:11)
          at /Users/ryan/Library/Mobile Documents/com~apple~CloudDocs/Documents/VSCode/Tax-App-Frontend/node_modules/@testing-library/react/dist/act-compat.js:46:25
          at renderRoot (/Users/ryan/Library/Mobile Documents/com~apple~CloudDocs/Documents/VSCode/Tax-App-Frontend/node_modules/@testing-library/react/dist/pure.js:189:26)
          at render (/Users/ryan/Library/Mobile Documents/com~apple~CloudDocs/Documents/VSCode/Tax-App-Frontend/node_modules/@testing-library/react/dist/pure.js:291:10)
          at /Users/ryan/Library/Mobile Documents/com~apple~CloudDocs/Documents/VSCode/Tax-App-Frontend/src/components/LoginForm.property3.test.tsx:237:37
          at AsyncProperty.predicate (/Users/ryan/Library/Mobile Documents/com~apple~CloudDocs/Documents/VSCode/Tax-App-Frontend/node_modules/fast-check/lib/cjs/check/property/AsyncProperty.js:17:102)
          at AsyncProperty.run (/Users/ryan/Library/Mobile Documents/com~apple~CloudDocs/Documents/VSCode/Tax-App-Frontend/node_modules/fast-check/lib/cjs/check/property/AsyncProperty.generic.js:46:39)
          at asyncRunIt (/Users/ryan/Library/Mobile Documents/com~apple~CloudDocs/Documents/VSCode/Tax-App-Frontend/node_modules/fast-check/lib/cjs/check/runner/Runner.js:28:36)
          at processTicksAndRejections (node:internal/process/task_queues:95:5)
          at Object.<anonymous> (/Users/ryan/Library/Mobile Documents/com~apple~CloudDocs/Documents/VSCode/Tax-App-Frontend/src/components/LoginForm.property3.test.tsx:211:5) {
        detail: TypeError: Cannot read properties of undefined (reading 'state')
            at state (/Users/ryan/Library/Mobile Documents/com~apple~CloudDocs/Documents/VSCode/Tax-App-Frontend/src/components/LoginForm.tsx:93:15)
            at renderWithHooks (/Users/ryan/Library/Mobile Documents/com~apple~CloudDocs/Documents/VSCode/Tax-App-Frontend/node_modules/react-dom/cjs/react-dom.development.js:15486:18)
            at mountIndeterminateComponent (/Users/ryan/Library/Mobile Documents/com~apple~CloudDocs/Documents/VSCode/Tax-App-Frontend/node_modules/react-dom/cjs/react-dom.development.js:20103:13)
            at beginWork (/Users/ryan/Library/Mobile Documents/com~apple~CloudDocs/Documents/VSCode/Tax-App-Frontend/node_modules/react-dom/cjs/react-dom.development.js:21626:16)
            at HTMLUnknownElement.callCallback (/Users/ryan/Library/Mobile Documents/com~apple~CloudDocs/Documents/VSCode/Tax-App-Frontend/node_modules/react-dom/cjs/react-dom.development.js:4164:14)
            at HTMLUnknownElement.callTheUserObjectsOperation (/Users/ryan/Library/Mobile Documents/com~apple~CloudDocs/Documents/VSCode/Tax-App-Frontend/node_modules/jsdom/lib/jsdom/living/generated/EventListener.js:26:30)
            at innerInvokeEventListeners (/Users/ryan/Library/Mobile Documents/com~apple~CloudDocs/Documents/VSCode/Tax-App-Frontend/node_modules/jsdom/lib/jsdom/living/events/EventTarget-impl.js:350:25)
            at invokeEventListeners (/Users/ryan/Library/Mobile Documents/com~apple~CloudDocs/Documents/VSCode/Tax-App-Frontend/node_modules/jsdom/lib/jsdom/living/events/EventTarget-impl.js:286:3)
            at HTMLUnknownElementImpl._dispatch (/Users/ryan/Library/Mobile Documents/com~apple~CloudDocs/Documents/VSCode/Tax-App-Frontend/node_modules/jsdom/lib/jsdom/living/events/EventTarget-impl.js:233:9)
            at HTMLUnknownElementImpl.dispatchEvent (/Users/ryan/Library/Mobile Documents/com~apple~CloudDocs/Documents/VSCode/Tax-App-Frontend/node_modules/jsdom/lib/jsdom/living/events/EventTarget-impl.js:104:17)
            at HTMLUnknownElement.dispatchEvent (/Users/ryan/Library/Mobile Documents/com~apple~CloudDocs/Documents/VSCode/Tax-App-Frontend/node_modules/jsdom/lib/jsdom/living/generated/EventTarget.js:241:34)
            at Object.invokeGuardedCallbackDev (/Users/ryan/Library/Mobile Documents/com~apple~CloudDocs/Documents/VSCode/Tax-App-Frontend/node_modules/react-dom/cjs/react-dom.development.js:4213:16)
            at invokeGuardedCallback (/Users/ryan/Library/Mobile Documents/com~apple~CloudDocs/Documents/VSCode/Tax-App-Frontend/node_modules/react-dom/cjs/react-dom.development.js:4277:31)
            at beginWork$1 (/Users/ryan/Library/Mobile Documents/com~apple~CloudDocs/Documents/VSCode/Tax-App-Frontend/node_modules/react-dom/cjs/react-dom.development.js:27490:7)
            at performUnitOfWork (/Users/ryan/Library/Mobile Documents/com~apple~CloudDocs/Documents/VSCode/Tax-App-Frontend/node_modules/react-dom/cjs/react-dom.development.js:26599:12)
            at workLoopSync (/Users/ryan/Library/Mobile Documents/com~apple~CloudDocs/Documents/VSCode/Tax-App-Frontend/node_modules/react-dom/cjs/react-dom.development.js:26505:5)
            at renderRootSync (/Users/ryan/Library/Mobile Documents/com~apple~CloudDocs/Documents/VSCode/Tax-App-Frontend/node_modules/react-dom/cjs/react-dom.development.js:26473:7)
            at performConcurrentWorkOnRoot (/Users/ryan/Library/Mobile Documents/com~apple~CloudDocs/Documents/VSCode/Tax-App-Frontend/node_modules/react-dom/cjs/react-dom.development.js:25777:74)
            at flushActQueue (/Users/ryan/Library/Mobile Documents/com~apple~CloudDocs/Documents/VSCode/Tax-App-Frontend/node_modules/react/cjs/react.development.js:2667:24)
            at act (/Users/ryan/Library/Mobile Documents/com~apple~CloudDocs/Documents/VSCode/Tax-App-Frontend/node_modules/react/cjs/react.development.js:2582:11)
            at /Users/ryan/Library/Mobile Documents/com~apple~CloudDocs/Documents/VSCode/Tax-App-Frontend/node_modules/@testing-library/react/dist/act-compat.js:46:25
            at renderRoot (/Users/ryan/Library/Mobile Documents/com~apple~CloudDocs/Documents/VSCode/Tax-App-Frontend/node_modules/@testing-library/react/dist/pure.js:189:26)
            at render (/Users/ryan/Library/Mobile Documents/com~apple~CloudDocs/Documents/VSCode/Tax-App-Frontend/node_modules/@testing-library/react/dist/pure.js:291:10)
            at /Users/ryan/Library/Mobile Documents/com~apple~CloudDocs/Documents/VSCode/Tax-App-Frontend/src/components/LoginForm.property3.test.tsx:237:37
            at AsyncProperty.predicate (/Users/ryan/Library/Mobile Documents/com~apple~CloudDocs/Documents/VSCode/Tax-App-Frontend/node_modules/fast-check/lib/cjs/check/property/AsyncProperty.js:17:102)
            at AsyncProperty.run (/Users/ryan/Library/Mobile Documents/com~apple~CloudDocs/Documents/VSCode/Tax-App-Frontend/node_modules/fast-check/lib/cjs/check/property/AsyncProperty.generic.js:46:39)
            at asyncRunIt (/Users/ryan/Library/Mobile Documents/com~apple~CloudDocs/Documents/VSCode/Tax-App-Frontend/node_modules/fast-check/lib/cjs/check/runner/Runner.js:28:36)
            at processTicksAndRejections (node:internal/process/task_queues:95:5)
            at Object.<anonymous> (/Users/ryan/Library/Mobile Documents/com~apple~CloudDocs/Documents/VSCode/Tax-App-Frontend/src/components/LoginForm.property3.test.tsx:211:5),
        type: 'unhandled exception'
      }

      235 |           });
      236 |
    > 237 |           const { unmount } = render(<LoginForm onSuccess={mockOnSuccess} onError={mockOnError} />);
          |                                     ^
      238 |
      239 |           try {
      240 |             // Find the input field

      at VirtualConsole.<anonymous> (node_modules/@jest/environment-jsdom-abstract/build/index.js:87:23)
      at reportException (node_modules/jsdom/lib/jsdom/living/helpers/runtime-script-errors.js:70:28)
      at innerInvokeEventListeners (node_modules/jsdom/lib/jsdom/living/events/EventTarget-impl.js:353:9)
      at invokeEventListeners (node_modules/jsdom/lib/jsdom/living/events/EventTarget-impl.js:286:3)
      at HTMLUnknownElementImpl._dispatch (node_modules/jsdom/lib/jsdom/living/events/EventTarget-impl.js:233:9)
      at HTMLUnknownElementImpl.dispatchEvent (node_modules/jsdom/lib/jsdom/living/events/EventTarget-impl.js:104:17)
      at HTMLUnknownElement.dispatchEvent (node_modules/jsdom/lib/jsdom/living/generated/EventTarget.js:241:34)
      at Object.invokeGuardedCallbackDev (node_modules/react-dom/cjs/react-dom.development.js:4213:16)
      at invokeGuardedCallback (node_modules/react-dom/cjs/react-dom.development.js:4277:31)
      at beginWork$1 (node_modules/react-dom/cjs/react-dom.development.js:27490:7)
      at performUnitOfWork (node_modules/react-dom/cjs/react-dom.development.js:26599:12)
      at workLoopSync (node_modules/react-dom/cjs/react-dom.development.js:26505:5)
      at renderRootSync (node_modules/react-dom/cjs/react-dom.development.js:26473:7)
      at performConcurrentWorkOnRoot (node_modules/react-dom/cjs/react-dom.development.js:25777:74)
      at flushActQueue (node_modules/react/cjs/react.development.js:2667:24)
      at act (node_modules/react/cjs/react.development.js:2582:11)
      at node_modules/@testing-library/react/dist/act-compat.js:46:25
      at renderRoot (node_modules/@testing-library/react/dist/pure.js:189:26)
      at render (node_modules/@testing-library/react/dist/pure.js:291:10)
      at src/components/LoginForm.property3.test.tsx:237:37
      at AsyncProperty.predicate (node_modules/fast-check/lib/cjs/check/property/AsyncProperty.js:17:102)
      at AsyncProperty.run (node_modules/fast-check/lib/cjs/check/property/AsyncProperty.generic.js:46:39)
      at asyncRunIt (node_modules/fast-check/lib/cjs/check/runner/Runner.js:28:36)
      at Object.<anonymous> (src/components/LoginForm.property3.test.tsx:211:5)

    console.error
      Error: Uncaught [TypeError: Cannot read properties of undefined (reading 'state')]
          at reportException (/Users/ryan/Library/Mobile Documents/com~apple~CloudDocs/Documents/VSCode/Tax-App-Frontend/node_modules/jsdom/lib/jsdom/living/helpers/runtime-script-errors.js:66:24)
          at innerInvokeEventListeners (/Users/ryan/Library/Mobile Documents/com~apple~CloudDocs/Documents/VSCode/Tax-App-Frontend/node_modules/jsdom/lib/jsdom/living/events/EventTarget-impl.js:353:9)
          at invokeEventListeners (/Users/ryan/Library/Mobile Documents/com~apple~CloudDocs/Documents/VSCode/Tax-App-Frontend/node_modules/jsdom/lib/jsdom/living/events/EventTarget-impl.js:286:3)
          at HTMLUnknownElementImpl._dispatch (/Users/ryan/Library/Mobile Documents/com~apple~CloudDocs/Documents/VSCode/Tax-App-Frontend/node_modules/jsdom/lib/jsdom/living/events/EventTarget-impl.js:233:9)
          at HTMLUnknownElementImpl.dispatchEvent (/Users/ryan/Library/Mobile Documents/com~apple~CloudDocs/Documents/VSCode/Tax-App-Frontend/node_modules/jsdom/lib/jsdom/living/events/EventTarget-impl.js:104:17)
          at HTMLUnknownElement.dispatchEvent (/Users/ryan/Library/Mobile Documents/com~apple~CloudDocs/Documents/VSCode/Tax-App-Frontend/node_modules/jsdom/lib/jsdom/living/generated/EventTarget.js:241:34)
          at Object.invokeGuardedCallbackDev (/Users/ryan/Library/Mobile Documents/com~apple~CloudDocs/Documents/VSCode/Tax-App-Frontend/node_modules/react-dom/cjs/react-dom.development.js:4213:16)
          at invokeGuardedCallback (/Users/ryan/Library/Mobile Documents/com~apple~CloudDocs/Documents/VSCode/Tax-App-Frontend/node_modules/react-dom/cjs/react-dom.development.js:4277:31)
          at beginWork$1 (/Users/ryan/Library/Mobile Documents/com~apple~CloudDocs/Documents/VSCode/Tax-App-Frontend/node_modules/react-dom/cjs/react-dom.development.js:27490:7)
          at performUnitOfWork (/Users/ryan/Library/Mobile Documents/com~apple~CloudDocs/Documents/VSCode/Tax-App-Frontend/node_modules/react-dom/cjs/react-dom.development.js:26599:12)
          at workLoopSync (/Users/ryan/Library/Mobile Documents/com~apple~CloudDocs/Documents/VSCode/Tax-App-Frontend/node_modules/react-dom/cjs/react-dom.development.js:26505:5)
          at renderRootSync (/Users/ryan/Library/Mobile Documents/com~apple~CloudDocs/Documents/VSCode/Tax-App-Frontend/node_modules/react-dom/cjs/react-dom.development.js:26473:7)
          at recoverFromConcurrentError (/Users/ryan/Library/Mobile Documents/com~apple~CloudDocs/Documents/VSCode/Tax-App-Frontend/node_modules/react-dom/cjs/react-dom.development.js:25889:20)
          at performConcurrentWorkOnRoot (/Users/ryan/Library/Mobile Documents/com~apple~CloudDocs/Documents/VSCode/Tax-App-Frontend/node_modules/react-dom/cjs/react-dom.development.js:25789:22)
          at flushActQueue (/Users/ryan/Library/Mobile Documents/com~apple~CloudDocs/Documents/VSCode/Tax-App-Frontend/node_modules/react/cjs/react.development.js:2667:24)
          at act (/Users/ryan/Library/Mobile Documents/com~apple~CloudDocs/Documents/VSCode/Tax-App-Frontend/node_modules/react/cjs/react.development.js:2582:11)
          at /Users/ryan/Library/Mobile Documents/com~apple~CloudDocs/Documents/VSCode/Tax-App-Frontend/node_modules/@testing-library/react/dist/act-compat.js:46:25
          at renderRoot (/Users/ryan/Library/Mobile Documents/com~apple~CloudDocs/Documents/VSCode/Tax-App-Frontend/node_modules/@testing-library/react/dist/pure.js:189:26)
          at render (/Users/ryan/Library/Mobile Documents/com~apple~CloudDocs/Documents/VSCode/Tax-App-Frontend/node_modules/@testing-library/react/dist/pure.js:291:10)
          at /Users/ryan/Library/Mobile Documents/com~apple~CloudDocs/Documents/VSCode/Tax-App-Frontend/src/components/LoginForm.property3.test.tsx:237:37
          at AsyncProperty.predicate (/Users/ryan/Library/Mobile Documents/com~apple~CloudDocs/Documents/VSCode/Tax-App-Frontend/node_modules/fast-check/lib/cjs/check/property/AsyncProperty.js:17:102)
          at AsyncProperty.run (/Users/ryan/Library/Mobile Documents/com~apple~CloudDocs/Documents/VSCode/Tax-App-Frontend/node_modules/fast-check/lib/cjs/check/property/AsyncProperty.generic.js:46:39)
          at asyncRunIt (/Users/ryan/Library/Mobile Documents/com~apple~CloudDocs/Documents/VSCode/Tax-App-Frontend/node_modules/fast-check/lib/cjs/check/runner/Runner.js:28:36)
          at processTicksAndRejections (node:internal/process/task_queues:95:5)
          at Object.<anonymous> (/Users/ryan/Library/Mobile Documents/com~apple~CloudDocs/Documents/VSCode/Tax-App-Frontend/src/components/LoginForm.property3.test.tsx:211:5) {
        detail: TypeError: Cannot read properties of undefined (reading 'state')
            at state (/Users/ryan/Library/Mobile Documents/com~apple~CloudDocs/Documents/VSCode/Tax-App-Frontend/src/components/LoginForm.tsx:93:15)
            at renderWithHooks (/Users/ryan/Library/Mobile Documents/com~apple~CloudDocs/Documents/VSCode/Tax-App-Frontend/node_modules/react-dom/cjs/react-dom.development.js:15486:18)
            at mountIndeterminateComponent (/Users/ryan/Library/Mobile Documents/com~apple~CloudDocs/Documents/VSCode/Tax-App-Frontend/node_modules/react-dom/cjs/react-dom.development.js:20103:13)
            at beginWork (/Users/ryan/Library/Mobile Documents/com~apple~CloudDocs/Documents/VSCode/Tax-App-Frontend/node_modules/react-dom/cjs/react-dom.development.js:21626:16)
            at HTMLUnknownElement.callCallback (/Users/ryan/Library/Mobile Documents/com~apple~CloudDocs/Documents/VSCode/Tax-App-Frontend/node_modules/react-dom/cjs/react-dom.development.js:4164:14)
            at HTMLUnknownElement.callTheUserObjectsOperation (/Users/ryan/Library/Mobile Documents/com~apple~CloudDocs/Documents/VSCode/Tax-App-Frontend/node_modules/jsdom/lib/jsdom/living/generated/EventListener.js:26:30)
            at innerInvokeEventListeners (/Users/ryan/Library/Mobile Documents/com~apple~CloudDocs/Documents/VSCode/Tax-App-Frontend/node_modules/jsdom/lib/jsdom/living/events/EventTarget-impl.js:350:25)
            at invokeEventListeners (/Users/ryan/Library/Mobile Documents/com~apple~CloudDocs/Documents/VSCode/Tax-App-Frontend/node_modules/jsdom/lib/jsdom/living/events/EventTarget-impl.js:286:3)
            at HTMLUnknownElementImpl._dispatch (/Users/ryan/Library/Mobile Documents/com~apple~CloudDocs/Documents/VSCode/Tax-App-Frontend/node_modules/jsdom/lib/jsdom/living/events/EventTarget-impl.js:233:9)
            at HTMLUnknownElementImpl.dispatchEvent (/Users/ryan/Library/Mobile Documents/com~apple~CloudDocs/Documents/VSCode/Tax-App-Frontend/node_modules/jsdom/lib/jsdom/living/events/EventTarget-impl.js:104:17)
            at HTMLUnknownElement.dispatchEvent (/Users/ryan/Library/Mobile Documents/com~apple~CloudDocs/Documents/VSCode/Tax-App-Frontend/node_modules/jsdom/lib/jsdom/living/generated/EventTarget.js:241:34)
            at Object.invokeGuardedCallbackDev (/Users/ryan/Library/Mobile Documents/com~apple~CloudDocs/Documents/VSCode/Tax-App-Frontend/node_modules/react-dom/cjs/react-dom.development.js:4213:16)
            at invokeGuardedCallback (/Users/ryan/Library/Mobile Documents/com~apple~CloudDocs/Documents/VSCode/Tax-App-Frontend/node_modules/react-dom/cjs/react-dom.development.js:4277:31)
            at beginWork$1 (/Users/ryan/Library/Mobile Documents/com~apple~CloudDocs/Documents/VSCode/Tax-App-Frontend/node_modules/react-dom/cjs/react-dom.development.js:27490:7)
            at performUnitOfWork (/Users/ryan/Library/Mobile Documents/com~apple~CloudDocs/Documents/VSCode/Tax-App-Frontend/node_modules/react-dom/cjs/react-dom.development.js:26599:12)
            at workLoopSync (/Users/ryan/Library/Mobile Documents/com~apple~CloudDocs/Documents/VSCode/Tax-App-Frontend/node_modules/react-dom/cjs/react-dom.development.js:26505:5)
            at renderRootSync (/Users/ryan/Library/Mobile Documents/com~apple~CloudDocs/Documents/VSCode/Tax-App-Frontend/node_modules/react-dom/cjs/react-dom.development.js:26473:7)
            at recoverFromConcurrentError (/Users/ryan/Library/Mobile Documents/com~apple~CloudDocs/Documents/VSCode/Tax-App-Frontend/node_modules/react-dom/cjs/react-dom.development.js:25889:20)
            at performConcurrentWorkOnRoot (/Users/ryan/Library/Mobile Documents/com~apple~CloudDocs/Documents/VSCode/Tax-App-Frontend/node_modules/react-dom/cjs/react-dom.development.js:25789:22)
            at flushActQueue (/Users/ryan/Library/Mobile Documents/com~apple~CloudDocs/Documents/VSCode/Tax-App-Frontend/node_modules/react/cjs/react.development.js:2667:24)
            at act (/Users/ryan/Library/Mobile Documents/com~apple~CloudDocs/Documents/VSCode/Tax-App-Frontend/node_modules/react/cjs/react.development.js:2582:11)
            at /Users/ryan/Library/Mobile Documents/com~apple~CloudDocs/Documents/VSCode/Tax-App-Frontend/node_modules/@testing-library/react/dist/act-compat.js:46:25
            at renderRoot (/Users/ryan/Library/Mobile Documents/com~apple~CloudDocs/Documents/VSCode/Tax-App-Frontend/node_modules/@testing-library/react/dist/pure.js:189:26)
            at render (/Users/ryan/Library/Mobile Documents/com~apple~CloudDocs/Documents/VSCode/Tax-App-Frontend/node_modules/@testing-library/react/dist/pure.js:291:10)
            at /Users/ryan/Library/Mobile Documents/com~apple~CloudDocs/Documents/VSCode/Tax-App-Frontend/src/components/LoginForm.property3.test.tsx:237:37
            at AsyncProperty.predicate (/Users/ryan/Library/Mobile Documents/com~apple~CloudDocs/Documents/VSCode/Tax-App-Frontend/node_modules/fast-check/lib/cjs/check/property/AsyncProperty.js:17:102)
            at AsyncProperty.run (/Users/ryan/Library/Mobile Documents/com~apple~CloudDocs/Documents/VSCode/Tax-App-Frontend/node_modules/fast-check/lib/cjs/check/property/AsyncProperty.generic.js:46:39)
            at asyncRunIt (/Users/ryan/Library/Mobile Documents/com~apple~CloudDocs/Documents/VSCode/Tax-App-Frontend/node_modules/fast-check/lib/cjs/check/runner/Runner.js:28:36)
            at processTicksAndRejections (node:internal/process/task_queues:95:5)
            at Object.<anonymous> (/Users/ryan/Library/Mobile Documents/com~apple~CloudDocs/Documents/VSCode/Tax-App-Frontend/src/components/LoginForm.property3.test.tsx:211:5),
        type: 'unhandled exception'
      }

      235 |           });
      236 |
    > 237 |           const { unmount } = render(<LoginForm onSuccess={mockOnSuccess} onError={mockOnError} />);
          |                                     ^
      238 |
      239 |           try {
      240 |             // Find the input field

      at VirtualConsole.<anonymous> (node_modules/@jest/environment-jsdom-abstract/build/index.js:87:23)
      at reportException (node_modules/jsdom/lib/jsdom/living/helpers/runtime-script-errors.js:70:28)
      at innerInvokeEventListeners (node_modules/jsdom/lib/jsdom/living/events/EventTarget-impl.js:353:9)
      at invokeEventListeners (node_modules/jsdom/lib/jsdom/living/events/EventTarget-impl.js:286:3)
      at HTMLUnknownElementImpl._dispatch (node_modules/jsdom/lib/jsdom/living/events/EventTarget-impl.js:233:9)
      at HTMLUnknownElementImpl.dispatchEvent (node_modules/jsdom/lib/jsdom/living/events/EventTarget-impl.js:104:17)
      at HTMLUnknownElement.dispatchEvent (node_modules/jsdom/lib/jsdom/living/generated/EventTarget.js:241:34)
      at Object.invokeGuardedCallbackDev (node_modules/react-dom/cjs/react-dom.development.js:4213:16)
      at invokeGuardedCallback (node_modules/react-dom/cjs/react-dom.development.js:4277:31)
      at beginWork$1 (node_modules/react-dom/cjs/react-dom.development.js:27490:7)
      at performUnitOfWork (node_modules/react-dom/cjs/react-dom.development.js:26599:12)
      at workLoopSync (node_modules/react-dom/cjs/react-dom.development.js:26505:5)
      at renderRootSync (node_modules/react-dom/cjs/react-dom.development.js:26473:7)
      at recoverFromConcurrentError (node_modules/react-dom/cjs/react-dom.development.js:25889:20)
      at performConcurrentWorkOnRoot (node_modules/react-dom/cjs/react-dom.development.js:25789:22)
      at flushActQueue (node_modules/react/cjs/react.development.js:2667:24)
      at act (node_modules/react/cjs/react.development.js:2582:11)
      at node_modules/@testing-library/react/dist/act-compat.js:46:25
      at renderRoot (node_modules/@testing-library/react/dist/pure.js:189:26)
      at render (node_modules/@testing-library/react/dist/pure.js:291:10)
      at src/components/LoginForm.property3.test.tsx:237:37
      at AsyncProperty.predicate (node_modules/fast-check/lib/cjs/check/property/AsyncProperty.js:17:102)
      at AsyncProperty.run (node_modules/fast-check/lib/cjs/check/property/AsyncProperty.generic.js:46:39)
      at asyncRunIt (node_modules/fast-check/lib/cjs/check/runner/Runner.js:28:36)
      at Object.<anonymous> (src/components/LoginForm.property3.test.tsx:211:5)

    console.error
      The above error occurred in the <LoginForm> component:
      
          at className (/Users/ryan/Library/Mobile Documents/com~apple~CloudDocs/Documents/VSCode/Tax-App-Frontend/src/components/LoginForm.tsx:45:29)
      
      Consider adding an error boundary to your tree to customize error handling behavior.
      Visit https://reactjs.org/link/error-boundaries to learn more about error boundaries.

      235 |           });
      236 |
    > 237 |           const { unmount } = render(<LoginForm onSuccess={mockOnSuccess} onError={mockOnError} />);
          |                                     ^
      238 |
      239 |           try {
      240 |             // Find the input field

      at logCapturedError (node_modules/react-dom/cjs/react-dom.development.js:18704:23)
      at update.callback (node_modules/react-dom/cjs/react-dom.development.js:18737:5)
      at callCallback (node_modules/react-dom/cjs/react-dom.development.js:15036:12)
      at commitUpdateQueue (node_modules/react-dom/cjs/react-dom.development.js:15057:9)
      at commitLayoutEffectOnFiber (node_modules/react-dom/cjs/react-dom.development.js:23430:13)
      at commitLayoutMountEffects_complete (node_modules/react-dom/cjs/react-dom.development.js:24727:9)
      at commitLayoutEffects_begin (node_modules/react-dom/cjs/react-dom.development.js:24713:7)
      at commitLayoutEffects (node_modules/react-dom/cjs/react-dom.development.js:24651:3)
      at commitRootImpl (node_modules/react-dom/cjs/react-dom.development.js:26862:5)
      at commitRoot (node_modules/react-dom/cjs/react-dom.development.js:26721:5)
      at finishConcurrentRender (node_modules/react-dom/cjs/react-dom.development.js:25931:9)
      at performConcurrentWorkOnRoot (node_modules/react-dom/cjs/react-dom.development.js:25848:7)
      at flushActQueue (node_modules/react/cjs/react.development.js:2667:24)
      at act (node_modules/react/cjs/react.development.js:2582:11)
      at node_modules/@testing-library/react/dist/act-compat.js:46:25
      at renderRoot (node_modules/@testing-library/react/dist/pure.js:189:26)
      at render (node_modules/@testing-library/react/dist/pure.js:291:10)
      at src/components/LoginForm.property3.test.tsx:237:37
      at AsyncProperty.predicate (node_modules/fast-check/lib/cjs/check/property/AsyncProperty.js:17:102)
      at AsyncProperty.run (node_modules/fast-check/lib/cjs/check/property/AsyncProperty.generic.js:46:39)
      at asyncRunIt (node_modules/fast-check/lib/cjs/check/runner/Runner.js:28:36)
      at Object.<anonymous> (src/components/LoginForm.property3.test.tsx:211:5)

    console.error
      Error: Uncaught [TypeError: Cannot read properties of undefined (reading 'state')]
          at reportException (/Users/ryan/Library/Mobile Documents/com~apple~CloudDocs/Documents/VSCode/Tax-App-Frontend/node_modules/jsdom/lib/jsdom/living/helpers/runtime-script-errors.js:66:24)
          at innerInvokeEventListeners (/Users/ryan/Library/Mobile Documents/com~apple~CloudDocs/Documents/VSCode/Tax-App-Frontend/node_modules/jsdom/lib/jsdom/living/events/EventTarget-impl.js:353:9)
          at invokeEventListeners (/Users/ryan/Library/Mobile Documents/com~apple~CloudDocs/Documents/VSCode/Tax-App-Frontend/node_modules/jsdom/lib/jsdom/living/events/EventTarget-impl.js:286:3)
          at HTMLUnknownElementImpl._dispatch (/Users/ryan/Library/Mobile Documents/com~apple~CloudDocs/Documents/VSCode/Tax-App-Frontend/node_modules/jsdom/lib/jsdom/living/events/EventTarget-impl.js:233:9)
          at HTMLUnknownElementImpl.dispatchEvent (/Users/ryan/Library/Mobile Documents/com~apple~CloudDocs/Documents/VSCode/Tax-App-Frontend/node_modules/jsdom/lib/jsdom/living/events/EventTarget-impl.js:104:17)
          at HTMLUnknownElement.dispatchEvent (/Users/ryan/Library/Mobile Documents/com~apple~CloudDocs/Documents/VSCode/Tax-App-Frontend/node_modules/jsdom/lib/jsdom/living/generated/EventTarget.js:241:34)
          at Object.invokeGuardedCallbackDev (/Users/ryan/Library/Mobile Documents/com~apple~CloudDocs/Documents/VSCode/Tax-App-Frontend/node_modules/react-dom/cjs/react-dom.development.js:4213:16)
          at invokeGuardedCallback (/Users/ryan/Library/Mobile Documents/com~apple~CloudDocs/Documents/VSCode/Tax-App-Frontend/node_modules/react-dom/cjs/react-dom.development.js:4277:31)
          at beginWork$1 (/Users/ryan/Library/Mobile Documents/com~apple~CloudDocs/Documents/VSCode/Tax-App-Frontend/node_modules/react-dom/cjs/react-dom.development.js:27490:7)
          at performUnitOfWork (/Users/ryan/Library/Mobile Documents/com~apple~CloudDocs/Documents/VSCode/Tax-App-Frontend/node_modules/react-dom/cjs/react-dom.development.js:26599:12)
          at workLoopSync (/Users/ryan/Library/Mobile Documents/com~apple~CloudDocs/Documents/VSCode/Tax-App-Frontend/node_modules/react-dom/cjs/react-dom.development.js:26505:5)
          at renderRootSync (/Users/ryan/Library/Mobile Documents/com~apple~CloudDocs/Documents/VSCode/Tax-App-Frontend/node_modules/react-dom/cjs/react-dom.development.js:26473:7)
          at performConcurrentWorkOnRoot (/Users/ryan/Library/Mobile Documents/com~apple~CloudDocs/Documents/VSCode/Tax-App-Frontend/node_modules/react-dom/cjs/react-dom.development.js:25777:74)
          at flushActQueue (/Users/ryan/Library/Mobile Documents/com~apple~CloudDocs/Documents/VSCode/Tax-App-Frontend/node_modules/react/cjs/react.development.js:2667:24)
          at act (/Users/ryan/Library/Mobile Documents/com~apple~CloudDocs/Documents/VSCode/Tax-App-Frontend/node_modules/react/cjs/react.development.js:2582:11)
          at /Users/ryan/Library/Mobile Documents/com~apple~CloudDocs/Documents/VSCode/Tax-App-Frontend/node_modules/@testing-library/react/dist/act-compat.js:46:25
          at renderRoot (/Users/ryan/Library/Mobile Documents/com~apple~CloudDocs/Documents/VSCode/Tax-App-Frontend/node_modules/@testing-library/react/dist/pure.js:189:26)
          at render (/Users/ryan/Library/Mobile Documents/com~apple~CloudDocs/Documents/VSCode/Tax-App-Frontend/node_modules/@testing-library/react/dist/pure.js:291:10)
          at /Users/ryan/Library/Mobile Documents/com~apple~CloudDocs/Documents/VSCode/Tax-App-Frontend/src/components/LoginForm.property3.test.tsx:237:37
          at AsyncProperty.predicate (/Users/ryan/Library/Mobile Documents/com~apple~CloudDocs/Documents/VSCode/Tax-App-Frontend/node_modules/fast-check/lib/cjs/check/property/AsyncProperty.js:17:102)
          at AsyncProperty.run (/Users/ryan/Library/Mobile Documents/com~apple~CloudDocs/Documents/VSCode/Tax-App-Frontend/node_modules/fast-check/lib/cjs/check/property/AsyncProperty.generic.js:46:39)
          at asyncRunIt (/Users/ryan/Library/Mobile Documents/com~apple~CloudDocs/Documents/VSCode/Tax-App-Frontend/node_modules/fast-check/lib/cjs/check/runner/Runner.js:28:36)
          at processTicksAndRejections (node:internal/process/task_queues:95:5)
          at Object.<anonymous> (/Users/ryan/Library/Mobile Documents/com~apple~CloudDocs/Documents/VSCode/Tax-App-Frontend/src/components/LoginForm.property3.test.tsx:211:5) {
        detail: TypeError: Cannot read properties of undefined (reading 'state')
            at state (/Users/ryan/Library/Mobile Documents/com~apple~CloudDocs/Documents/VSCode/Tax-App-Frontend/src/components/LoginForm.tsx:93:15)
            at renderWithHooks (/Users/ryan/Library/Mobile Documents/com~apple~CloudDocs/Documents/VSCode/Tax-App-Frontend/node_modules/react-dom/cjs/react-dom.development.js:15486:18)
            at mountIndeterminateComponent (/Users/ryan/Library/Mobile Documents/com~apple~CloudDocs/Documents/VSCode/Tax-App-Frontend/node_modules/react-dom/cjs/react-dom.development.js:20103:13)
            at beginWork (/Users/ryan/Library/Mobile Documents/com~apple~CloudDocs/Documents/VSCode/Tax-App-Frontend/node_modules/react-dom/cjs/react-dom.development.js:21626:16)
            at HTMLUnknownElement.callCallback (/Users/ryan/Library/Mobile Documents/com~apple~CloudDocs/Documents/VSCode/Tax-App-Frontend/node_modules/react-dom/cjs/react-dom.development.js:4164:14)
            at HTMLUnknownElement.callTheUserObjectsOperation (/Users/ryan/Library/Mobile Documents/com~apple~CloudDocs/Documents/VSCode/Tax-App-Frontend/node_modules/jsdom/lib/jsdom/living/generated/EventListener.js:26:30)
            at innerInvokeEventListeners (/Users/ryan/Library/Mobile Documents/com~apple~CloudDocs/Documents/VSCode/Tax-App-Frontend/node_modules/jsdom/lib/jsdom/living/events/EventTarget-impl.js:350:25)
            at invokeEventListeners (/Users/ryan/Library/Mobile Documents/com~apple~CloudDocs/Documents/VSCode/Tax-App-Frontend/node_modules/jsdom/lib/jsdom/living/events/EventTarget-impl.js:286:3)
            at HTMLUnknownElementImpl._dispatch (/Users/ryan/Library/Mobile Documents/com~apple~CloudDocs/Documents/VSCode/Tax-App-Frontend/node_modules/jsdom/lib/jsdom/living/events/EventTarget-impl.js:233:9)
            at HTMLUnknownElementImpl.dispatchEvent (/Users/ryan/Library/Mobile Documents/com~apple~CloudDocs/Documents/VSCode/Tax-App-Frontend/node_modules/jsdom/lib/jsdom/living/events/EventTarget-impl.js:104:17)
            at HTMLUnknownElement.dispatchEvent (/Users/ryan/Library/Mobile Documents/com~apple~CloudDocs/Documents/VSCode/Tax-App-Frontend/node_modules/jsdom/lib/jsdom/living/generated/EventTarget.js:241:34)
            at Object.invokeGuardedCallbackDev (/Users/ryan/Library/Mobile Documents/com~apple~CloudDocs/Documents/VSCode/Tax-App-Frontend/node_modules/react-dom/cjs/react-dom.development.js:4213:16)
            at invokeGuardedCallback (/Users/ryan/Library/Mobile Documents/com~apple~CloudDocs/Documents/VSCode/Tax-App-Frontend/node_modules/react-dom/cjs/react-dom.development.js:4277:31)
            at beginWork$1 (/Users/ryan/Library/Mobile Documents/com~apple~CloudDocs/Documents/VSCode/Tax-App-Frontend/node_modules/react-dom/cjs/react-dom.development.js:27490:7)
            at performUnitOfWork (/Users/ryan/Library/Mobile Documents/com~apple~CloudDocs/Documents/VSCode/Tax-App-Frontend/node_modules/react-dom/cjs/react-dom.development.js:26599:12)
            at workLoopSync (/Users/ryan/Library/Mobile Documents/com~apple~CloudDocs/Documents/VSCode/Tax-App-Frontend/node_modules/react-dom/cjs/react-dom.development.js:26505:5)
            at renderRootSync (/Users/ryan/Library/Mobile Documents/com~apple~CloudDocs/Documents/VSCode/Tax-App-Frontend/node_modules/react-dom/cjs/react-dom.development.js:26473:7)
            at performConcurrentWorkOnRoot (/Users/ryan/Library/Mobile Documents/com~apple~CloudDocs/Documents/VSCode/Tax-App-Frontend/node_modules/react-dom/cjs/react-dom.development.js:25777:74)
            at flushActQueue (/Users/ryan/Library/Mobile Documents/com~apple~CloudDocs/Documents/VSCode/Tax-App-Frontend/node_modules/react/cjs/react.development.js:2667:24)
            at act (/Users/ryan/Library/Mobile Documents/com~apple~CloudDocs/Documents/VSCode/Tax-App-Frontend/node_modules/react/cjs/react.development.js:2582:11)
            at /Users/ryan/Library/Mobile Documents/com~apple~CloudDocs/Documents/VSCode/Tax-App-Frontend/node_modules/@testing-library/react/dist/act-compat.js:46:25
            at renderRoot (/Users/ryan/Library/Mobile Documents/com~apple~CloudDocs/Documents/VSCode/Tax-App-Frontend/node_modules/@testing-library/react/dist/pure.js:189:26)
            at render (/Users/ryan/Library/Mobile Documents/com~apple~CloudDocs/Documents/VSCode/Tax-App-Frontend/node_modules/@testing-library/react/dist/pure.js:291:10)
            at /Users/ryan/Library/Mobile Documents/com~apple~CloudDocs/Documents/VSCode/Tax-App-Frontend/src/components/LoginForm.property3.test.tsx:237:37
            at AsyncProperty.predicate (/Users/ryan/Library/Mobile Documents/com~apple~CloudDocs/Documents/VSCode/Tax-App-Frontend/node_modules/fast-check/lib/cjs/check/property/AsyncProperty.js:17:102)
            at AsyncProperty.run (/Users/ryan/Library/Mobile Documents/com~apple~CloudDocs/Documents/VSCode/Tax-App-Frontend/node_modules/fast-check/lib/cjs/check/property/AsyncProperty.generic.js:46:39)
            at asyncRunIt (/Users/ryan/Library/Mobile Documents/com~apple~CloudDocs/Documents/VSCode/Tax-App-Frontend/node_modules/fast-check/lib/cjs/check/runner/Runner.js:28:36)
            at processTicksAndRejections (node:internal/process/task_queues:95:5)
            at Object.<anonymous> (/Users/ryan/Library/Mobile Documents/com~apple~CloudDocs/Documents/VSCode/Tax-App-Frontend/src/components/LoginForm.property3.test.tsx:211:5),
        type: 'unhandled exception'
      }

      235 |           });
      236 |
    > 237 |           const { unmount } = render(<LoginForm onSuccess={mockOnSuccess} onError={mockOnError} />);
          |                                     ^
      238 |
      239 |           try {
      240 |             // Find the input field

      at VirtualConsole.<anonymous> (node_modules/@jest/environment-jsdom-abstract/build/index.js:87:23)
      at reportException (node_modules/jsdom/lib/jsdom/living/helpers/runtime-script-errors.js:70:28)
      at innerInvokeEventListeners (node_modules/jsdom/lib/jsdom/living/events/EventTarget-impl.js:353:9)
      at invokeEventListeners (node_modules/jsdom/lib/jsdom/living/events/EventTarget-impl.js:286:3)
      at HTMLUnknownElementImpl._dispatch (node_modules/jsdom/lib/jsdom/living/events/EventTarget-impl.js:233:9)
      at HTMLUnknownElementImpl.dispatchEvent (node_modules/jsdom/lib/jsdom/living/events/EventTarget-impl.js:104:17)
      at HTMLUnknownElement.dispatchEvent (node_modules/jsdom/lib/jsdom/living/generated/EventTarget.js:241:34)
      at Object.invokeGuardedCallbackDev (node_modules/react-dom/cjs/react-dom.development.js:4213:16)
      at invokeGuardedCallback (node_modules/react-dom/cjs/react-dom.development.js:4277:31)
      at beginWork$1 (node_modules/react-dom/cjs/react-dom.development.js:27490:7)
      at performUnitOfWork (node_modules/react-dom/cjs/react-dom.development.js:26599:12)
      at workLoopSync (node_modules/react-dom/cjs/react-dom.development.js:26505:5)
      at renderRootSync (node_modules/react-dom/cjs/react-dom.development.js:26473:7)
      at performConcurrentWorkOnRoot (node_modules/react-dom/cjs/react-dom.development.js:25777:74)
      at flushActQueue (node_modules/react/cjs/react.development.js:2667:24)
      at act (node_modules/react/cjs/react.development.js:2582:11)
      at node_modules/@testing-library/react/dist/act-compat.js:46:25
      at renderRoot (node_modules/@testing-library/react/dist/pure.js:189:26)
      at render (node_modules/@testing-library/react/dist/pure.js:291:10)
      at src/components/LoginForm.property3.test.tsx:237:37
      at AsyncProperty.predicate (node_modules/fast-check/lib/cjs/check/property/AsyncProperty.js:17:102)
      at AsyncProperty.run (node_modules/fast-check/lib/cjs/check/property/AsyncProperty.generic.js:46:39)
      at asyncRunIt (node_modules/fast-check/lib/cjs/check/runner/Runner.js:28:36)
      at Object.<anonymous> (src/components/LoginForm.property3.test.tsx:211:5)

    console.error
      Error: Uncaught [TypeError: Cannot read properties of undefined (reading 'state')]
          at reportException (/Users/ryan/Library/Mobile Documents/com~apple~CloudDocs/Documents/VSCode/Tax-App-Frontend/node_modules/jsdom/lib/jsdom/living/helpers/runtime-script-errors.js:66:24)
          at innerInvokeEventListeners (/Users/ryan/Library/Mobile Documents/com~apple~CloudDocs/Documents/VSCode/Tax-App-Frontend/node_modules/jsdom/lib/jsdom/living/events/EventTarget-impl.js:353:9)
          at invokeEventListeners (/Users/ryan/Library/Mobile Documents/com~apple~CloudDocs/Documents/VSCode/Tax-App-Frontend/node_modules/jsdom/lib/jsdom/living/events/EventTarget-impl.js:286:3)
          at HTMLUnknownElementImpl._dispatch (/Users/ryan/Library/Mobile Documents/com~apple~CloudDocs/Documents/VSCode/Tax-App-Frontend/node_modules/jsdom/lib/jsdom/living/events/EventTarget-impl.js:233:9)
          at HTMLUnknownElementImpl.dispatchEvent (/Users/ryan/Library/Mobile Documents/com~apple~CloudDocs/Documents/VSCode/Tax-App-Frontend/node_modules/jsdom/lib/jsdom/living/events/EventTarget-impl.js:104:17)
          at HTMLUnknownElement.dispatchEvent (/Users/ryan/Library/Mobile Documents/com~apple~CloudDocs/Documents/VSCode/Tax-App-Frontend/node_modules/jsdom/lib/jsdom/living/generated/EventTarget.js:241:34)
          at Object.invokeGuardedCallbackDev (/Users/ryan/Library/Mobile Documents/com~apple~CloudDocs/Documents/VSCode/Tax-App-Frontend/node_modules/react-dom/cjs/react-dom.development.js:4213:16)
          at invokeGuardedCallback (/Users/ryan/Library/Mobile Documents/com~apple~CloudDocs/Documents/VSCode/Tax-App-Frontend/node_modules/react-dom/cjs/react-dom.development.js:4277:31)
          at beginWork$1 (/Users/ryan/Library/Mobile Documents/com~apple~CloudDocs/Documents/VSCode/Tax-App-Frontend/node_modules/react-dom/cjs/react-dom.development.js:27490:7)
          at performUnitOfWork (/Users/ryan/Library/Mobile Documents/com~apple~CloudDocs/Documents/VSCode/Tax-App-Frontend/node_modules/react-dom/cjs/react-dom.development.js:26599:12)
          at workLoopSync (/Users/ryan/Library/Mobile Documents/com~apple~CloudDocs/Documents/VSCode/Tax-App-Frontend/node_modules/react-dom/cjs/react-dom.development.js:26505:5)
          at renderRootSync (/Users/ryan/Library/Mobile Documents/com~apple~CloudDocs/Documents/VSCode/Tax-App-Frontend/node_modules/react-dom/cjs/react-dom.development.js:26473:7)
          at recoverFromConcurrentError (/Users/ryan/Library/Mobile Documents/com~apple~CloudDocs/Documents/VSCode/Tax-App-Frontend/node_modules/react-dom/cjs/react-dom.development.js:25889:20)
          at performConcurrentWorkOnRoot (/Users/ryan/Library/Mobile Documents/com~apple~CloudDocs/Documents/VSCode/Tax-App-Frontend/node_modules/react-dom/cjs/react-dom.development.js:25789:22)
          at flushActQueue (/Users/ryan/Library/Mobile Documents/com~apple~CloudDocs/Documents/VSCode/Tax-App-Frontend/node_modules/react/cjs/react.development.js:2667:24)
          at act (/Users/ryan/Library/Mobile Documents/com~apple~CloudDocs/Documents/VSCode/Tax-App-Frontend/node_modules/react/cjs/react.development.js:2582:11)
          at /Users/ryan/Library/Mobile Documents/com~apple~CloudDocs/Documents/VSCode/Tax-App-Frontend/node_modules/@testing-library/react/dist/act-compat.js:46:25
          at renderRoot (/Users/ryan/Library/Mobile Documents/com~apple~CloudDocs/Documents/VSCode/Tax-App-Frontend/node_modules/@testing-library/react/dist/pure.js:189:26)
          at render (/Users/ryan/Library/Mobile Documents/com~apple~CloudDocs/Documents/VSCode/Tax-App-Frontend/node_modules/@testing-library/react/dist/pure.js:291:10)
          at /Users/ryan/Library/Mobile Documents/com~apple~CloudDocs/Documents/VSCode/Tax-App-Frontend/src/components/LoginForm.property3.test.tsx:237:37
          at AsyncProperty.predicate (/Users/ryan/Library/Mobile Documents/com~apple~CloudDocs/Documents/VSCode/Tax-App-Frontend/node_modules/fast-check/lib/cjs/check/property/AsyncProperty.js:17:102)
          at AsyncProperty.run (/Users/ryan/Library/Mobile Documents/com~apple~CloudDocs/Documents/VSCode/Tax-App-Frontend/node_modules/fast-check/lib/cjs/check/property/AsyncProperty.generic.js:46:39)
          at asyncRunIt (/Users/ryan/Library/Mobile Documents/com~apple~CloudDocs/Documents/VSCode/Tax-App-Frontend/node_modules/fast-check/lib/cjs/check/runner/Runner.js:28:36)
          at processTicksAndRejections (node:internal/process/task_queues:95:5)
          at Object.<anonymous> (/Users/ryan/Library/Mobile Documents/com~apple~CloudDocs/Documents/VSCode/Tax-App-Frontend/src/components/LoginForm.property3.test.tsx:211:5) {
        detail: TypeError: Cannot read properties of undefined (reading 'state')
            at state (/Users/ryan/Library/Mobile Documents/com~apple~CloudDocs/Documents/VSCode/Tax-App-Frontend/src/components/LoginForm.tsx:93:15)
            at renderWithHooks (/Users/ryan/Library/Mobile Documents/com~apple~CloudDocs/Documents/VSCode/Tax-App-Frontend/node_modules/react-dom/cjs/react-dom.development.js:15486:18)
            at mountIndeterminateComponent (/Users/ryan/Library/Mobile Documents/com~apple~CloudDocs/Documents/VSCode/Tax-App-Frontend/node_modules/react-dom/cjs/react-dom.development.js:20103:13)
            at beginWork (/Users/ryan/Library/Mobile Documents/com~apple~CloudDocs/Documents/VSCode/Tax-App-Frontend/node_modules/react-dom/cjs/react-dom.development.js:21626:16)
            at HTMLUnknownElement.callCallback (/Users/ryan/Library/Mobile Documents/com~apple~CloudDocs/Documents/VSCode/Tax-App-Frontend/node_modules/react-dom/cjs/react-dom.development.js:4164:14)
            at HTMLUnknownElement.callTheUserObjectsOperation (/Users/ryan/Library/Mobile Documents/com~apple~CloudDocs/Documents/VSCode/Tax-App-Frontend/node_modules/jsdom/lib/jsdom/living/generated/EventListener.js:26:30)
            at innerInvokeEventListeners (/Users/ryan/Library/Mobile Documents/com~apple~CloudDocs/Documents/VSCode/Tax-App-Frontend/node_modules/jsdom/lib/jsdom/living/events/EventTarget-impl.js:350:25)
            at invokeEventListeners (/Users/ryan/Library/Mobile Documents/com~apple~CloudDocs/Documents/VSCode/Tax-App-Frontend/node_modules/jsdom/lib/jsdom/living/events/EventTarget-impl.js:286:3)
            at HTMLUnknownElementImpl._dispatch (/Users/ryan/Library/Mobile Documents/com~apple~CloudDocs/Documents/VSCode/Tax-App-Frontend/node_modules/jsdom/lib/jsdom/living/events/EventTarget-impl.js:233:9)
            at HTMLUnknownElementImpl.dispatchEvent (/Users/ryan/Library/Mobile Documents/com~apple~CloudDocs/Documents/VSCode/Tax-App-Frontend/node_modules/jsdom/lib/jsdom/living/events/EventTarget-impl.js:104:17)
            at HTMLUnknownElement.dispatchEvent (/Users/ryan/Library/Mobile Documents/com~apple~CloudDocs/Documents/VSCode/Tax-App-Frontend/node_modules/jsdom/lib/jsdom/living/generated/EventTarget.js:241:34)
            at Object.invokeGuardedCallbackDev (/Users/ryan/Library/Mobile Documents/com~apple~CloudDocs/Documents/VSCode/Tax-App-Frontend/node_modules/react-dom/cjs/react-dom.development.js:4213:16)
            at invokeGuardedCallback (/Users/ryan/Library/Mobile Documents/com~apple~CloudDocs/Documents/VSCode/Tax-App-Frontend/node_modules/react-dom/cjs/react-dom.development.js:4277:31)
            at beginWork$1 (/Users/ryan/Library/Mobile Documents/com~apple~CloudDocs/Documents/VSCode/Tax-App-Frontend/node_modules/react-dom/cjs/react-dom.development.js:27490:7)
            at performUnitOfWork (/Users/ryan/Library/Mobile Documents/com~apple~CloudDocs/Documents/VSCode/Tax-App-Frontend/node_modules/react-dom/cjs/react-dom.development.js:26599:12)
            at workLoopSync (/Users/ryan/Library/Mobile Documents/com~apple~CloudDocs/Documents/VSCode/Tax-App-Frontend/node_modules/react-dom/cjs/react-dom.development.js:26505:5)
            at renderRootSync (/Users/ryan/Library/Mobile Documents/com~apple~CloudDocs/Documents/VSCode/Tax-App-Frontend/node_modules/react-dom/cjs/react-dom.development.js:26473:7)
            at recoverFromConcurrentError (/Users/ryan/Library/Mobile Documents/com~apple~CloudDocs/Documents/VSCode/Tax-App-Frontend/node_modules/react-dom/cjs/react-dom.development.js:25889:20)
            at performConcurrentWorkOnRoot (/Users/ryan/Library/Mobile Documents/com~apple~CloudDocs/Documents/VSCode/Tax-App-Frontend/node_modules/react-dom/cjs/react-dom.development.js:25789:22)
            at flushActQueue (/Users/ryan/Library/Mobile Documents/com~apple~CloudDocs/Documents/VSCode/Tax-App-Frontend/node_modules/react/cjs/react.development.js:2667:24)
            at act (/Users/ryan/Library/Mobile Documents/com~apple~CloudDocs/Documents/VSCode/Tax-App-Frontend/node_modules/react/cjs/react.development.js:2582:11)
            at /Users/ryan/Library/Mobile Documents/com~apple~CloudDocs/Documents/VSCode/Tax-App-Frontend/node_modules/@testing-library/react/dist/act-compat.js:46:25
            at renderRoot (/Users/ryan/Library/Mobile Documents/com~apple~CloudDocs/Documents/VSCode/Tax-App-Frontend/node_modules/@testing-library/react/dist/pure.js:189:26)
            at render (/Users/ryan/Library/Mobile Documents/com~apple~CloudDocs/Documents/VSCode/Tax-App-Frontend/node_modules/@testing-library/react/dist/pure.js:291:10)
            at /Users/ryan/Library/Mobile Documents/com~apple~CloudDocs/Documents/VSCode/Tax-App-Frontend/src/components/LoginForm.property3.test.tsx:237:37
            at AsyncProperty.predicate (/Users/ryan/Library/Mobile Documents/com~apple~CloudDocs/Documents/VSCode/Tax-App-Frontend/node_modules/fast-check/lib/cjs/check/property/AsyncProperty.js:17:102)
            at AsyncProperty.run (/Users/ryan/Library/Mobile Documents/com~apple~CloudDocs/Documents/VSCode/Tax-App-Frontend/node_modules/fast-check/lib/cjs/check/property/AsyncProperty.generic.js:46:39)
            at asyncRunIt (/Users/ryan/Library/Mobile Documents/com~apple~CloudDocs/Documents/VSCode/Tax-App-Frontend/node_modules/fast-check/lib/cjs/check/runner/Runner.js:28:36)
            at processTicksAndRejections (node:internal/process/task_queues:95:5)
            at Object.<anonymous> (/Users/ryan/Library/Mobile Documents/com~apple~CloudDocs/Documents/VSCode/Tax-App-Frontend/src/components/LoginForm.property3.test.tsx:211:5),
        type: 'unhandled exception'
      }

      235 |           });
      236 |
    > 237 |           const { unmount } = render(<LoginForm onSuccess={mockOnSuccess} onError={mockOnError} />);
          |                                     ^
      238 |
      239 |           try {
      240 |             // Find the input field

      at VirtualConsole.<anonymous> (node_modules/@jest/environment-jsdom-abstract/build/index.js:87:23)
      at reportException (node_modules/jsdom/lib/jsdom/living/helpers/runtime-script-errors.js:70:28)
      at innerInvokeEventListeners (node_modules/jsdom/lib/jsdom/living/events/EventTarget-impl.js:353:9)
      at invokeEventListeners (node_modules/jsdom/lib/jsdom/living/events/EventTarget-impl.js:286:3)
      at HTMLUnknownElementImpl._dispatch (node_modules/jsdom/lib/jsdom/living/events/EventTarget-impl.js:233:9)
      at HTMLUnknownElementImpl.dispatchEvent (node_modules/jsdom/lib/jsdom/living/events/EventTarget-impl.js:104:17)
      at HTMLUnknownElement.dispatchEvent (node_modules/jsdom/lib/jsdom/living/generated/EventTarget.js:241:34)
      at Object.invokeGuardedCallbackDev (node_modules/react-dom/cjs/react-dom.development.js:4213:16)
      at invokeGuardedCallback (node_modules/react-dom/cjs/react-dom.development.js:4277:31)
      at beginWork$1 (node_modules/react-dom/cjs/react-dom.development.js:27490:7)
      at performUnitOfWork (node_modules/react-dom/cjs/react-dom.development.js:26599:12)
      at workLoopSync (node_modules/react-dom/cjs/react-dom.development.js:26505:5)
      at renderRootSync (node_modules/react-dom/cjs/react-dom.development.js:26473:7)
      at recoverFromConcurrentError (node_modules/react-dom/cjs/react-dom.development.js:25889:20)
      at performConcurrentWorkOnRoot (node_modules/react-dom/cjs/react-dom.development.js:25789:22)
      at flushActQueue (node_modules/react/cjs/react.development.js:2667:24)
      at act (node_modules/react/cjs/react.development.js:2582:11)
      at node_modules/@testing-library/react/dist/act-compat.js:46:25
      at renderRoot (node_modules/@testing-library/react/dist/pure.js:189:26)
      at render (node_modules/@testing-library/react/dist/pure.js:291:10)
      at src/components/LoginForm.property3.test.tsx:237:37
      at AsyncProperty.predicate (node_modules/fast-check/lib/cjs/check/property/AsyncProperty.js:17:102)
      at AsyncProperty.run (node_modules/fast-check/lib/cjs/check/property/AsyncProperty.generic.js:46:39)
      at asyncRunIt (node_modules/fast-check/lib/cjs/check/runner/Runner.js:28:36)
      at Object.<anonymous> (src/components/LoginForm.property3.test.tsx:211:5)

    console.error
      The above error occurred in the <LoginForm> component:
      
          at className (/Users/ryan/Library/Mobile Documents/com~apple~CloudDocs/Documents/VSCode/Tax-App-Frontend/src/components/LoginForm.tsx:45:29)
      
      Consider adding an error boundary to your tree to customize error handling behavior.
      Visit https://reactjs.org/link/error-boundaries to learn more about error boundaries.

      235 |           });
      236 |
    > 237 |           const { unmount } = render(<LoginForm onSuccess={mockOnSuccess} onError={mockOnError} />);
          |                                     ^
      238 |
      239 |           try {
      240 |             // Find the input field

      at logCapturedError (node_modules/react-dom/cjs/react-dom.development.js:18704:23)
      at update.callback (node_modules/react-dom/cjs/react-dom.development.js:18737:5)
      at callCallback (node_modules/react-dom/cjs/react-dom.development.js:15036:12)
      at commitUpdateQueue (node_modules/react-dom/cjs/react-dom.development.js:15057:9)
      at commitLayoutEffectOnFiber (node_modules/react-dom/cjs/react-dom.development.js:23430:13)
      at commitLayoutMountEffects_complete (node_modules/react-dom/cjs/react-dom.development.js:24727:9)
      at commitLayoutEffects_begin (node_modules/react-dom/cjs/react-dom.development.js:24713:7)
      at commitLayoutEffects (node_modules/react-dom/cjs/react-dom.development.js:24651:3)
      at commitRootImpl (node_modules/react-dom/cjs/react-dom.development.js:26862:5)
      at commitRoot (node_modules/react-dom/cjs/react-dom.development.js:26721:5)
      at finishConcurrentRender (node_modules/react-dom/cjs/react-dom.development.js:25931:9)
      at performConcurrentWorkOnRoot (node_modules/react-dom/cjs/react-dom.development.js:25848:7)
      at flushActQueue (node_modules/react/cjs/react.development.js:2667:24)
      at act (node_modules/react/cjs/react.development.js:2582:11)
      at node_modules/@testing-library/react/dist/act-compat.js:46:25
      at renderRoot (node_modules/@testing-library/react/dist/pure.js:189:26)
      at render (node_modules/@testing-library/react/dist/pure.js:291:10)
      at src/components/LoginForm.property3.test.tsx:237:37
      at AsyncProperty.predicate (node_modules/fast-check/lib/cjs/check/property/AsyncProperty.js:17:102)
      at AsyncProperty.run (node_modules/fast-check/lib/cjs/check/property/AsyncProperty.generic.js:46:39)
      at asyncRunIt (node_modules/fast-check/lib/cjs/check/runner/Runner.js:28:36)
      at Object.<anonymous> (src/components/LoginForm.property3.test.tsx:211:5)

    console.error
      Error: Uncaught [TypeError: Cannot read properties of undefined (reading 'state')]
          at reportException (/Users/ryan/Library/Mobile Documents/com~apple~CloudDocs/Documents/VSCode/Tax-App-Frontend/node_modules/jsdom/lib/jsdom/living/helpers/runtime-script-errors.js:66:24)
          at innerInvokeEventListeners (/Users/ryan/Library/Mobile Documents/com~apple~CloudDocs/Documents/VSCode/Tax-App-Frontend/node_modules/jsdom/lib/jsdom/living/events/EventTarget-impl.js:353:9)
          at invokeEventListeners (/Users/ryan/Library/Mobile Documents/com~apple~CloudDocs/Documents/VSCode/Tax-App-Frontend/node_modules/jsdom/lib/jsdom/living/events/EventTarget-impl.js:286:3)
          at HTMLUnknownElementImpl._dispatch (/Users/ryan/Library/Mobile Documents/com~apple~CloudDocs/Documents/VSCode/Tax-App-Frontend/node_modules/jsdom/lib/jsdom/living/events/EventTarget-impl.js:233:9)
          at HTMLUnknownElementImpl.dispatchEvent (/Users/ryan/Library/Mobile Documents/com~apple~CloudDocs/Documents/VSCode/Tax-App-Frontend/node_modules/jsdom/lib/jsdom/living/events/EventTarget-impl.js:104:17)
          at HTMLUnknownElement.dispatchEvent (/Users/ryan/Library/Mobile Documents/com~apple~CloudDocs/Documents/VSCode/Tax-App-Frontend/node_modules/jsdom/lib/jsdom/living/generated/EventTarget.js:241:34)
          at Object.invokeGuardedCallbackDev (/Users/ryan/Library/Mobile Documents/com~apple~CloudDocs/Documents/VSCode/Tax-App-Frontend/node_modules/react-dom/cjs/react-dom.development.js:4213:16)
          at invokeGuardedCallback (/Users/ryan/Library/Mobile Documents/com~apple~CloudDocs/Documents/VSCode/Tax-App-Frontend/node_modules/react-dom/cjs/react-dom.development.js:4277:31)
          at beginWork$1 (/Users/ryan/Library/Mobile Documents/com~apple~CloudDocs/Documents/VSCode/Tax-App-Frontend/node_modules/react-dom/cjs/react-dom.development.js:27490:7)
          at performUnitOfWork (/Users/ryan/Library/Mobile Documents/com~apple~CloudDocs/Documents/VSCode/Tax-App-Frontend/node_modules/react-dom/cjs/react-dom.development.js:26599:12)
          at workLoopSync (/Users/ryan/Library/Mobile Documents/com~apple~CloudDocs/Documents/VSCode/Tax-App-Frontend/node_modules/react-dom/cjs/react-dom.development.js:26505:5)
          at renderRootSync (/Users/ryan/Library/Mobile Documents/com~apple~CloudDocs/Documents/VSCode/Tax-App-Frontend/node_modules/react-dom/cjs/react-dom.development.js:26473:7)
          at performConcurrentWorkOnRoot (/Users/ryan/Library/Mobile Documents/com~apple~CloudDocs/Documents/VSCode/Tax-App-Frontend/node_modules/react-dom/cjs/react-dom.development.js:25777:74)
          at flushActQueue (/Users/ryan/Library/Mobile Documents/com~apple~CloudDocs/Documents/VSCode/Tax-App-Frontend/node_modules/react/cjs/react.development.js:2667:24)
          at act (/Users/ryan/Library/Mobile Documents/com~apple~CloudDocs/Documents/VSCode/Tax-App-Frontend/node_modules/react/cjs/react.development.js:2582:11)
          at /Users/ryan/Library/Mobile Documents/com~apple~CloudDocs/Documents/VSCode/Tax-App-Frontend/node_modules/@testing-library/react/dist/act-compat.js:46:25
          at renderRoot (/Users/ryan/Library/Mobile Documents/com~apple~CloudDocs/Documents/VSCode/Tax-App-Frontend/node_modules/@testing-library/react/dist/pure.js:189:26)
          at render (/Users/ryan/Library/Mobile Documents/com~apple~CloudDocs/Documents/VSCode/Tax-App-Frontend/node_modules/@testing-library/react/dist/pure.js:291:10)
          at /Users/ryan/Library/Mobile Documents/com~apple~CloudDocs/Documents/VSCode/Tax-App-Frontend/src/components/LoginForm.property3.test.tsx:237:37
          at AsyncProperty.predicate (/Users/ryan/Library/Mobile Documents/com~apple~CloudDocs/Documents/VSCode/Tax-App-Frontend/node_modules/fast-check/lib/cjs/check/property/AsyncProperty.js:17:102)
          at AsyncProperty.run (/Users/ryan/Library/Mobile Documents/com~apple~CloudDocs/Documents/VSCode/Tax-App-Frontend/node_modules/fast-check/lib/cjs/check/property/AsyncProperty.generic.js:46:39)
          at asyncRunIt (/Users/ryan/Library/Mobile Documents/com~apple~CloudDocs/Documents/VSCode/Tax-App-Frontend/node_modules/fast-check/lib/cjs/check/runner/Runner.js:28:36)
          at processTicksAndRejections (node:internal/process/task_queues:95:5)
          at Object.<anonymous> (/Users/ryan/Library/Mobile Documents/com~apple~CloudDocs/Documents/VSCode/Tax-App-Frontend/src/components/LoginForm.property3.test.tsx:211:5) {
        detail: TypeError: Cannot read properties of undefined (reading 'state')
            at state (/Users/ryan/Library/Mobile Documents/com~apple~CloudDocs/Documents/VSCode/Tax-App-Frontend/src/components/LoginForm.tsx:93:15)
            at renderWithHooks (/Users/ryan/Library/Mobile Documents/com~apple~CloudDocs/Documents/VSCode/Tax-App-Frontend/node_modules/react-dom/cjs/react-dom.development.js:15486:18)
            at mountIndeterminateComponent (/Users/ryan/Library/Mobile Documents/com~apple~CloudDocs/Documents/VSCode/Tax-App-Frontend/node_modules/react-dom/cjs/react-dom.development.js:20103:13)
            at beginWork (/Users/ryan/Library/Mobile Documents/com~apple~CloudDocs/Documents/VSCode/Tax-App-Frontend/node_modules/react-dom/cjs/react-dom.development.js:21626:16)
            at HTMLUnknownElement.callCallback (/Users/ryan/Library/Mobile Documents/com~apple~CloudDocs/Documents/VSCode/Tax-App-Frontend/node_modules/react-dom/cjs/react-dom.development.js:4164:14)
            at HTMLUnknownElement.callTheUserObjectsOperation (/Users/ryan/Library/Mobile Documents/com~apple~CloudDocs/Documents/VSCode/Tax-App-Frontend/node_modules/jsdom/lib/jsdom/living/generated/EventListener.js:26:30)
            at innerInvokeEventListeners (/Users/ryan/Library/Mobile Documents/com~apple~CloudDocs/Documents/VSCode/Tax-App-Frontend/node_modules/jsdom/lib/jsdom/living/events/EventTarget-impl.js:350:25)
            at invokeEventListeners (/Users/ryan/Library/Mobile Documents/com~apple~CloudDocs/Documents/VSCode/Tax-App-Frontend/node_modules/jsdom/lib/jsdom/living/events/EventTarget-impl.js:286:3)
            at HTMLUnknownElementImpl._dispatch (/Users/ryan/Library/Mobile Documents/com~apple~CloudDocs/Documents/VSCode/Tax-App-Frontend/node_modules/jsdom/lib/jsdom/living/events/EventTarget-impl.js:233:9)
            at HTMLUnknownElementImpl.dispatchEvent (/Users/ryan/Library/Mobile Documents/com~apple~CloudDocs/Documents/VSCode/Tax-App-Frontend/node_modules/jsdom/lib/jsdom/living/events/EventTarget-impl.js:104:17)
            at HTMLUnknownElement.dispatchEvent (/Users/ryan/Library/Mobile Documents/com~apple~CloudDocs/Documents/VSCode/Tax-App-Frontend/node_modules/jsdom/lib/jsdom/living/generated/EventTarget.js:241:34)
            at Object.invokeGuardedCallbackDev (/Users/ryan/Library/Mobile Documents/com~apple~CloudDocs/Documents/VSCode/Tax-App-Frontend/node_modules/react-dom/cjs/react-dom.development.js:4213:16)
            at invokeGuardedCallback (/Users/ryan/Library/Mobile Documents/com~apple~CloudDocs/Documents/VSCode/Tax-App-Frontend/node_modules/react-dom/cjs/react-dom.development.js:4277:31)
            at beginWork$1 (/Users/ryan/Library/Mobile Documents/com~apple~CloudDocs/Documents/VSCode/Tax-App-Frontend/node_modules/react-dom/cjs/react-dom.development.js:27490:7)
            at performUnitOfWork (/Users/ryan/Library/Mobile Documents/com~apple~CloudDocs/Documents/VSCode/Tax-App-Frontend/node_modules/react-dom/cjs/react-dom.development.js:26599:12)
            at workLoopSync (/Users/ryan/Library/Mobile Documents/com~apple~CloudDocs/Documents/VSCode/Tax-App-Frontend/node_modules/react-dom/cjs/react-dom.development.js:26505:5)
            at renderRootSync (/Users/ryan/Library/Mobile Documents/com~apple~CloudDocs/Documents/VSCode/Tax-App-Frontend/node_modules/react-dom/cjs/react-dom.development.js:26473:7)
            at performConcurrentWorkOnRoot (/Users/ryan/Library/Mobile Documents/com~apple~CloudDocs/Documents/VSCode/Tax-App-Frontend/node_modules/react-dom/cjs/react-dom.development.js:25777:74)
            at flushActQueue (/Users/ryan/Library/Mobile Documents/com~apple~CloudDocs/Documents/VSCode/Tax-App-Frontend/node_modules/react/cjs/react.development.js:2667:24)
            at act (/Users/ryan/Library/Mobile Documents/com~apple~CloudDocs/Documents/VSCode/Tax-App-Frontend/node_modules/react/cjs/react.development.js:2582:11)
            at /Users/ryan/Library/Mobile Documents/com~apple~CloudDocs/Documents/VSCode/Tax-App-Frontend/node_modules/@testing-library/react/dist/act-compat.js:46:25
            at renderRoot (/Users/ryan/Library/Mobile Documents/com~apple~CloudDocs/Documents/VSCode/Tax-App-Frontend/node_modules/@testing-library/react/dist/pure.js:189:26)
            at render (/Users/ryan/Library/Mobile Documents/com~apple~CloudDocs/Documents/VSCode/Tax-App-Frontend/node_modules/@testing-library/react/dist/pure.js:291:10)
            at /Users/ryan/Library/Mobile Documents/com~apple~CloudDocs/Documents/VSCode/Tax-App-Frontend/src/components/LoginForm.property3.test.tsx:237:37
            at AsyncProperty.predicate (/Users/ryan/Library/Mobile Documents/com~apple~CloudDocs/Documents/VSCode/Tax-App-Frontend/node_modules/fast-check/lib/cjs/check/property/AsyncProperty.js:17:102)
            at AsyncProperty.run (/Users/ryan/Library/Mobile Documents/com~apple~CloudDocs/Documents/VSCode/Tax-App-Frontend/node_modules/fast-check/lib/cjs/check/property/AsyncProperty.generic.js:46:39)
            at asyncRunIt (/Users/ryan/Library/Mobile Documents/com~apple~CloudDocs/Documents/VSCode/Tax-App-Frontend/node_modules/fast-check/lib/cjs/check/runner/Runner.js:28:36)
            at processTicksAndRejections (node:internal/process/task_queues:95:5)
            at Object.<anonymous> (/Users/ryan/Library/Mobile Documents/com~apple~CloudDocs/Documents/VSCode/Tax-App-Frontend/src/components/LoginForm.property3.test.tsx:211:5),
        type: 'unhandled exception'
      }

      235 |           });
      236 |
    > 237 |           const { unmount } = render(<LoginForm onSuccess={mockOnSuccess} onError={mockOnError} />);
          |                                     ^
      238 |
      239 |           try {
      240 |             // Find the input field

      at VirtualConsole.<anonymous> (node_modules/@jest/environment-jsdom-abstract/build/index.js:87:23)
      at reportException (node_modules/jsdom/lib/jsdom/living/helpers/runtime-script-errors.js:70:28)
      at innerInvokeEventListeners (node_modules/jsdom/lib/jsdom/living/events/EventTarget-impl.js:353:9)
      at invokeEventListeners (node_modules/jsdom/lib/jsdom/living/events/EventTarget-impl.js:286:3)
      at HTMLUnknownElementImpl._dispatch (node_modules/jsdom/lib/jsdom/living/events/EventTarget-impl.js:233:9)
      at HTMLUnknownElementImpl.dispatchEvent (node_modules/jsdom/lib/jsdom/living/events/EventTarget-impl.js:104:17)
      at HTMLUnknownElement.dispatchEvent (node_modules/jsdom/lib/jsdom/living/generated/EventTarget.js:241:34)
      at Object.invokeGuardedCallbackDev (node_modules/react-dom/cjs/react-dom.development.js:4213:16)
      at invokeGuardedCallback (node_modules/react-dom/cjs/react-dom.development.js:4277:31)
      at beginWork$1 (node_modules/react-dom/cjs/react-dom.development.js:27490:7)
      at performUnitOfWork (node_modules/react-dom/cjs/react-dom.development.js:26599:12)
      at workLoopSync (node_modules/react-dom/cjs/react-dom.development.js:26505:5)
      at renderRootSync (node_modules/react-dom/cjs/react-dom.development.js:26473:7)
      at performConcurrentWorkOnRoot (node_modules/react-dom/cjs/react-dom.development.js:25777:74)
      at flushActQueue (node_modules/react/cjs/react.development.js:2667:24)
      at act (node_modules/react/cjs/react.development.js:2582:11)
      at node_modules/@testing-library/react/dist/act-compat.js:46:25
      at renderRoot (node_modules/@testing-library/react/dist/pure.js:189:26)
      at render (node_modules/@testing-library/react/dist/pure.js:291:10)
      at src/components/LoginForm.property3.test.tsx:237:37
      at AsyncProperty.predicate (node_modules/fast-check/lib/cjs/check/property/AsyncProperty.js:17:102)
      at AsyncProperty.run (node_modules/fast-check/lib/cjs/check/property/AsyncProperty.generic.js:46:39)
      at asyncRunIt (node_modules/fast-check/lib/cjs/check/runner/Runner.js:28:36)
      at Object.<anonymous> (src/components/LoginForm.property3.test.tsx:211:5)

    console.error
      Error: Uncaught [TypeError: Cannot read properties of undefined (reading 'state')]
          at reportException (/Users/ryan/Library/Mobile Documents/com~apple~CloudDocs/Documents/VSCode/Tax-App-Frontend/node_modules/jsdom/lib/jsdom/living/helpers/runtime-script-errors.js:66:24)
          at innerInvokeEventListeners (/Users/ryan/Library/Mobile Documents/com~apple~CloudDocs/Documents/VSCode/Tax-App-Frontend/node_modules/jsdom/lib/jsdom/living/events/EventTarget-impl.js:353:9)
          at invokeEventListeners (/Users/ryan/Library/Mobile Documents/com~apple~CloudDocs/Documents/VSCode/Tax-App-Frontend/node_modules/jsdom/lib/jsdom/living/events/EventTarget-impl.js:286:3)
          at HTMLUnknownElementImpl._dispatch (/Users/ryan/Library/Mobile Documents/com~apple~CloudDocs/Documents/VSCode/Tax-App-Frontend/node_modules/jsdom/lib/jsdom/living/events/EventTarget-impl.js:233:9)
          at HTMLUnknownElementImpl.dispatchEvent (/Users/ryan/Library/Mobile Documents/com~apple~CloudDocs/Documents/VSCode/Tax-App-Frontend/node_modules/jsdom/lib/jsdom/living/events/EventTarget-impl.js:104:17)
          at HTMLUnknownElement.dispatchEvent (/Users/ryan/Library/Mobile Documents/com~apple~CloudDocs/Documents/VSCode/Tax-App-Frontend/node_modules/jsdom/lib/jsdom/living/generated/EventTarget.js:241:34)
          at Object.invokeGuardedCallbackDev (/Users/ryan/Library/Mobile Documents/com~apple~CloudDocs/Documents/VSCode/Tax-App-Frontend/node_modules/react-dom/cjs/react-dom.development.js:4213:16)
          at invokeGuardedCallback (/Users/ryan/Library/Mobile Documents/com~apple~CloudDocs/Documents/VSCode/Tax-App-Frontend/node_modules/react-dom/cjs/react-dom.development.js:4277:31)
          at beginWork$1 (/Users/ryan/Library/Mobile Documents/com~apple~CloudDocs/Documents/VSCode/Tax-App-Frontend/node_modules/react-dom/cjs/react-dom.development.js:27490:7)
          at performUnitOfWork (/Users/ryan/Library/Mobile Documents/com~apple~CloudDocs/Documents/VSCode/Tax-App-Frontend/node_modules/react-dom/cjs/react-dom.development.js:26599:12)
          at workLoopSync (/Users/ryan/Library/Mobile Documents/com~apple~CloudDocs/Documents/VSCode/Tax-App-Frontend/node_modules/react-dom/cjs/react-dom.development.js:26505:5)
          at renderRootSync (/Users/ryan/Library/Mobile Documents/com~apple~CloudDocs/Documents/VSCode/Tax-App-Frontend/node_modules/react-dom/cjs/react-dom.development.js:26473:7)
          at recoverFromConcurrentError (/Users/ryan/Library/Mobile Documents/com~apple~CloudDocs/Documents/VSCode/Tax-App-Frontend/node_modules/react-dom/cjs/react-dom.development.js:25889:20)
          at performConcurrentWorkOnRoot (/Users/ryan/Library/Mobile Documents/com~apple~CloudDocs/Documents/VSCode/Tax-App-Frontend/node_modules/react-dom/cjs/react-dom.development.js:25789:22)
          at flushActQueue (/Users/ryan/Library/Mobile Documents/com~apple~CloudDocs/Documents/VSCode/Tax-App-Frontend/node_modules/react/cjs/react.development.js:2667:24)
          at act (/Users/ryan/Library/Mobile Documents/com~apple~CloudDocs/Documents/VSCode/Tax-App-Frontend/node_modules/react/cjs/react.development.js:2582:11)
          at /Users/ryan/Library/Mobile Documents/com~apple~CloudDocs/Documents/VSCode/Tax-App-Frontend/node_modules/@testing-library/react/dist/act-compat.js:46:25
          at renderRoot (/Users/ryan/Library/Mobile Documents/com~apple~CloudDocs/Documents/VSCode/Tax-App-Frontend/node_modules/@testing-library/react/dist/pure.js:189:26)
          at render (/Users/ryan/Library/Mobile Documents/com~apple~CloudDocs/Documents/VSCode/Tax-App-Frontend/node_modules/@testing-library/react/dist/pure.js:291:10)
          at /Users/ryan/Library/Mobile Documents/com~apple~CloudDocs/Documents/VSCode/Tax-App-Frontend/src/components/LoginForm.property3.test.tsx:237:37
          at AsyncProperty.predicate (/Users/ryan/Library/Mobile Documents/com~apple~CloudDocs/Documents/VSCode/Tax-App-Frontend/node_modules/fast-check/lib/cjs/check/property/AsyncProperty.js:17:102)
          at AsyncProperty.run (/Users/ryan/Library/Mobile Documents/com~apple~CloudDocs/Documents/VSCode/Tax-App-Frontend/node_modules/fast-check/lib/cjs/check/property/AsyncProperty.generic.js:46:39)
          at asyncRunIt (/Users/ryan/Library/Mobile Documents/com~apple~CloudDocs/Documents/VSCode/Tax-App-Frontend/node_modules/fast-check/lib/cjs/check/runner/Runner.js:28:36)
          at processTicksAndRejections (node:internal/process/task_queues:95:5)
          at Object.<anonymous> (/Users/ryan/Library/Mobile Documents/com~apple~CloudDocs/Documents/VSCode/Tax-App-Frontend/src/components/LoginForm.property3.test.tsx:211:5) {
        detail: TypeError: Cannot read properties of undefined (reading 'state')
            at state (/Users/ryan/Library/Mobile Documents/com~apple~CloudDocs/Documents/VSCode/Tax-App-Frontend/src/components/LoginForm.tsx:93:15)
            at renderWithHooks (/Users/ryan/Library/Mobile Documents/com~apple~CloudDocs/Documents/VSCode/Tax-App-Frontend/node_modules/react-dom/cjs/react-dom.development.js:15486:18)
            at mountIndeterminateComponent (/Users/ryan/Library/Mobile Documents/com~apple~CloudDocs/Documents/VSCode/Tax-App-Frontend/node_modules/react-dom/cjs/react-dom.development.js:20103:13)
            at beginWork (/Users/ryan/Library/Mobile Documents/com~apple~CloudDocs/Documents/VSCode/Tax-App-Frontend/node_modules/react-dom/cjs/react-dom.development.js:21626:16)
            at HTMLUnknownElement.callCallback (/Users/ryan/Library/Mobile Documents/com~apple~CloudDocs/Documents/VSCode/Tax-App-Frontend/node_modules/react-dom/cjs/react-dom.development.js:4164:14)
            at HTMLUnknownElement.callTheUserObjectsOperation (/Users/ryan/Library/Mobile Documents/com~apple~CloudDocs/Documents/VSCode/Tax-App-Frontend/node_modules/jsdom/lib/jsdom/living/generated/EventListener.js:26:30)
            at innerInvokeEventListeners (/Users/ryan/Library/Mobile Documents/com~apple~CloudDocs/Documents/VSCode/Tax-App-Frontend/node_modules/jsdom/lib/jsdom/living/events/EventTarget-impl.js:350:25)
            at invokeEventListeners (/Users/ryan/Library/Mobile Documents/com~apple~CloudDocs/Documents/VSCode/Tax-App-Frontend/node_modules/jsdom/lib/jsdom/living/events/EventTarget-impl.js:286:3)
            at HTMLUnknownElementImpl._dispatch (/Users/ryan/Library/Mobile Documents/com~apple~CloudDocs/Documents/VSCode/Tax-App-Frontend/node_modules/jsdom/lib/jsdom/living/events/EventTarget-impl.js:233:9)
            at HTMLUnknownElementImpl.dispatchEvent (/Users/ryan/Library/Mobile Documents/com~apple~CloudDocs/Documents/VSCode/Tax-App-Frontend/node_modules/jsdom/lib/jsdom/living/events/EventTarget-impl.js:104:17)
            at HTMLUnknownElement.dispatchEvent (/Users/ryan/Library/Mobile Documents/com~apple~CloudDocs/Documents/VSCode/Tax-App-Frontend/node_modules/jsdom/lib/jsdom/living/generated/EventTarget.js:241:34)
            at Object.invokeGuardedCallbackDev (/Users/ryan/Library/Mobile Documents/com~apple~CloudDocs/Documents/VSCode/Tax-App-Frontend/node_modules/react-dom/cjs/react-dom.development.js:4213:16)
            at invokeGuardedCallback (/Users/ryan/Library/Mobile Documents/com~apple~CloudDocs/Documents/VSCode/Tax-App-Frontend/node_modules/react-dom/cjs/react-dom.development.js:4277:31)
            at beginWork$1 (/Users/ryan/Library/Mobile Documents/com~apple~CloudDocs/Documents/VSCode/Tax-App-Frontend/node_modules/react-dom/cjs/react-dom.development.js:27490:7)
            at performUnitOfWork (/Users/ryan/Library/Mobile Documents/com~apple~CloudDocs/Documents/VSCode/Tax-App-Frontend/node_modules/react-dom/cjs/react-dom.development.js:26599:12)
            at workLoopSync (/Users/ryan/Library/Mobile Documents/com~apple~CloudDocs/Documents/VSCode/Tax-App-Frontend/node_modules/react-dom/cjs/react-dom.development.js:26505:5)
            at renderRootSync (/Users/ryan/Library/Mobile Documents/com~apple~CloudDocs/Documents/VSCode/Tax-App-Frontend/node_modules/react-dom/cjs/react-dom.development.js:26473:7)
            at recoverFromConcurrentError (/Users/ryan/Library/Mobile Documents/com~apple~CloudDocs/Documents/VSCode/Tax-App-Frontend/node_modules/react-dom/cjs/react-dom.development.js:25889:20)
            at performConcurrentWorkOnRoot (/Users/ryan/Library/Mobile Documents/com~apple~CloudDocs/Documents/VSCode/Tax-App-Frontend/node_modules/react-dom/cjs/react-dom.development.js:25789:22)
            at flushActQueue (/Users/ryan/Library/Mobile Documents/com~apple~CloudDocs/Documents/VSCode/Tax-App-Frontend/node_modules/react/cjs/react.development.js:2667:24)
            at act (/Users/ryan/Library/Mobile Documents/com~apple~CloudDocs/Documents/VSCode/Tax-App-Frontend/node_modules/react/cjs/react.development.js:2582:11)
            at /Users/ryan/Library/Mobile Documents/com~apple~CloudDocs/Documents/VSCode/Tax-App-Frontend/node_modules/@testing-library/react/dist/act-compat.js:46:25
            at renderRoot (/Users/ryan/Library/Mobile Documents/com~apple~CloudDocs/Documents/VSCode/Tax-App-Frontend/node_modules/@testing-library/react/dist/pure.js:189:26)
            at render (/Users/ryan/Library/Mobile Documents/com~apple~CloudDocs/Documents/VSCode/Tax-App-Frontend/node_modules/@testing-library/react/dist/pure.js:291:10)
            at /Users/ryan/Library/Mobile Documents/com~apple~CloudDocs/Documents/VSCode/Tax-App-Frontend/src/components/LoginForm.property3.test.tsx:237:37
            at AsyncProperty.predicate (/Users/ryan/Library/Mobile Documents/com~apple~CloudDocs/Documents/VSCode/Tax-App-Frontend/node_modules/fast-check/lib/cjs/check/property/AsyncProperty.js:17:102)
            at AsyncProperty.run (/Users/ryan/Library/Mobile Documents/com~apple~CloudDocs/Documents/VSCode/Tax-App-Frontend/node_modules/fast-check/lib/cjs/check/property/AsyncProperty.generic.js:46:39)
            at asyncRunIt (/Users/ryan/Library/Mobile Documents/com~apple~CloudDocs/Documents/VSCode/Tax-App-Frontend/node_modules/fast-check/lib/cjs/check/runner/Runner.js:28:36)
            at processTicksAndRejections (node:internal/process/task_queues:95:5)
            at Object.<anonymous> (/Users/ryan/Library/Mobile Documents/com~apple~CloudDocs/Documents/VSCode/Tax-App-Frontend/src/components/LoginForm.property3.test.tsx:211:5),
        type: 'unhandled exception'
      }

      235 |           });
      236 |
    > 237 |           const { unmount } = render(<LoginForm onSuccess={mockOnSuccess} onError={mockOnError} />);
          |                                     ^
      238 |
      239 |           try {
      240 |             // Find the input field

      at VirtualConsole.<anonymous> (node_modules/@jest/environment-jsdom-abstract/build/index.js:87:23)
      at reportException (node_modules/jsdom/lib/jsdom/living/helpers/runtime-script-errors.js:70:28)
      at innerInvokeEventListeners (node_modules/jsdom/lib/jsdom/living/events/EventTarget-impl.js:353:9)
      at invokeEventListeners (node_modules/jsdom/lib/jsdom/living/events/EventTarget-impl.js:286:3)
      at HTMLUnknownElementImpl._dispatch (node_modules/jsdom/lib/jsdom/living/events/EventTarget-impl.js:233:9)
      at HTMLUnknownElementImpl.dispatchEvent (node_modules/jsdom/lib/jsdom/living/events/EventTarget-impl.js:104:17)
      at HTMLUnknownElement.dispatchEvent (node_modules/jsdom/lib/jsdom/living/generated/EventTarget.js:241:34)
      at Object.invokeGuardedCallbackDev (node_modules/react-dom/cjs/react-dom.development.js:4213:16)
      at invokeGuardedCallback (node_modules/react-dom/cjs/react-dom.development.js:4277:31)
      at beginWork$1 (node_modules/react-dom/cjs/react-dom.development.js:27490:7)
      at performUnitOfWork (node_modules/react-dom/cjs/react-dom.development.js:26599:12)
      at workLoopSync (node_modules/react-dom/cjs/react-dom.development.js:26505:5)
      at renderRootSync (node_modules/react-dom/cjs/react-dom.development.js:26473:7)
      at recoverFromConcurrentError (node_modules/react-dom/cjs/react-dom.development.js:25889:20)
      at performConcurrentWorkOnRoot (node_modules/react-dom/cjs/react-dom.development.js:25789:22)
      at flushActQueue (node_modules/react/cjs/react.development.js:2667:24)
      at act (node_modules/react/cjs/react.development.js:2582:11)
      at node_modules/@testing-library/react/dist/act-compat.js:46:25
      at renderRoot (node_modules/@testing-library/react/dist/pure.js:189:26)
      at render (node_modules/@testing-library/react/dist/pure.js:291:10)
      at src/components/LoginForm.property3.test.tsx:237:37
      at AsyncProperty.predicate (node_modules/fast-check/lib/cjs/check/property/AsyncProperty.js:17:102)
      at AsyncProperty.run (node_modules/fast-check/lib/cjs/check/property/AsyncProperty.generic.js:46:39)
      at asyncRunIt (node_modules/fast-check/lib/cjs/check/runner/Runner.js:28:36)
      at Object.<anonymous> (src/components/LoginForm.property3.test.tsx:211:5)

    console.error
      The above error occurred in the <LoginForm> component:
      
          at className (/Users/ryan/Library/Mobile Documents/com~apple~CloudDocs/Documents/VSCode/Tax-App-Frontend/src/components/LoginForm.tsx:45:29)
      
      Consider adding an error boundary to your tree to customize error handling behavior.
      Visit https://reactjs.org/link/error-boundaries to learn more about error boundaries.

      235 |           });
      236 |
    > 237 |           const { unmount } = render(<LoginForm onSuccess={mockOnSuccess} onError={mockOnError} />);
          |                                     ^
      238 |
      239 |           try {
      240 |             // Find the input field

      at logCapturedError (node_modules/react-dom/cjs/react-dom.development.js:18704:23)
      at update.callback (node_modules/react-dom/cjs/react-dom.development.js:18737:5)
      at callCallback (node_modules/react-dom/cjs/react-dom.development.js:15036:12)
      at commitUpdateQueue (node_modules/react-dom/cjs/react-dom.development.js:15057:9)
      at commitLayoutEffectOnFiber (node_modules/react-dom/cjs/react-dom.development.js:23430:13)
      at commitLayoutMountEffects_complete (node_modules/react-dom/cjs/react-dom.development.js:24727:9)
      at commitLayoutEffects_begin (node_modules/react-dom/cjs/react-dom.development.js:24713:7)
      at commitLayoutEffects (node_modules/react-dom/cjs/react-dom.development.js:24651:3)
      at commitRootImpl (node_modules/react-dom/cjs/react-dom.development.js:26862:5)
      at commitRoot (node_modules/react-dom/cjs/react-dom.development.js:26721:5)
      at finishConcurrentRender (node_modules/react-dom/cjs/react-dom.development.js:25931:9)
      at performConcurrentWorkOnRoot (node_modules/react-dom/cjs/react-dom.development.js:25848:7)
      at flushActQueue (node_modules/react/cjs/react.development.js:2667:24)
      at act (node_modules/react/cjs/react.development.js:2582:11)
      at node_modules/@testing-library/react/dist/act-compat.js:46:25
      at renderRoot (node_modules/@testing-library/react/dist/pure.js:189:26)
      at render (node_modules/@testing-library/react/dist/pure.js:291:10)
      at src/components/LoginForm.property3.test.tsx:237:37
      at AsyncProperty.predicate (node_modules/fast-check/lib/cjs/check/property/AsyncProperty.js:17:102)
      at AsyncProperty.run (node_modules/fast-check/lib/cjs/check/property/AsyncProperty.generic.js:46:39)
      at asyncRunIt (node_modules/fast-check/lib/cjs/check/runner/Runner.js:28:36)
      at Object.<anonymous> (src/components/LoginForm.property3.test.tsx:211:5)

    console.log
      [Button] Rendering with type: submit

      at log (src/components/ui/Button.tsx:25:13)

    console.log
      [Button] Props received: {
        variant: 'primary',
        size: 'lg',
        type: 'submit',
        loading: false,
        disabled: true
      }

      at log (src/components/ui/Button.tsx:26:13)

    console.log
      [Button] Has onClick in props: false

      at log (src/components/ui/Button.tsx:27:13)

    console.log
      [Button] All props: {}

      at log (src/components/ui/Button.tsx:28:13)

    console.log
      [Button] Rendering with type: submit

      at log (src/components/ui/Button.tsx:25:13)

    console.log
      [Button] Props received: {
        variant: 'primary',
        size: 'lg',
        type: 'submit',
        loading: false,
        disabled: true
      }

      at log (src/components/ui/Button.tsx:26:13)

    console.log
      [Button] Has onClick in props: false

      at log (src/components/ui/Button.tsx:27:13)

    console.log
      [Button] All props: {}

      at log (src/components/ui/Button.tsx:28:13)

    console.log
      [Button] Rendering with type: submit

      at log (src/components/ui/Button.tsx:25:13)

    console.log
      [Button] Props received: {
        variant: 'primary',
        size: 'lg',
        type: 'submit',
        loading: false,
        disabled: true
      }

      at log (src/components/ui/Button.tsx:26:13)

    console.log
      [Button] Has onClick in props: false

      at log (src/components/ui/Button.tsx:27:13)

    console.log
      [Button] All props: {}

      at log (src/components/ui/Button.tsx:28:13)

    console.log
      [Button] Rendering with type: submit

      at log (src/components/ui/Button.tsx:25:13)

    console.log
      [Button] Props received: {
        variant: 'primary',
        size: 'lg',
        type: 'submit',
        loading: false,
        disabled: true
      }

      at log (src/components/ui/Button.tsx:26:13)

    console.log
      [Button] Has onClick in props: false

      at log (src/components/ui/Button.tsx:27:13)

    console.log
      [Button] All props: {}

      at log (src/components/ui/Button.tsx:28:13)

    console.log
      [Button] Rendering with type: submit

      at log (src/components/ui/Button.tsx:25:13)

    console.log
      [Button] Props received: {
        variant: 'primary',
        size: 'lg',
        type: 'submit',
        loading: false,
        disabled: true
      }

      at log (src/components/ui/Button.tsx:26:13)

    console.log
      [Button] Has onClick in props: false

      at log (src/components/ui/Button.tsx:27:13)

    console.log
      [Button] All props: {}

      at log (src/components/ui/Button.tsx:28:13)

    console.log
      [Button] Rendering with type: submit

      at log (src/components/ui/Button.tsx:25:13)

    console.log
      [Button] Props received: {
        variant: 'primary',
        size: 'lg',
        type: 'submit',
        loading: false,
        disabled: true
      }

      at log (src/components/ui/Button.tsx:26:13)

    console.log
      [Button] Has onClick in props: false

      at log (src/components/ui/Button.tsx:27:13)

    console.log
      [Button] All props: {}

      at log (src/components/ui/Button.tsx:28:13)

    console.log
      [Button] Rendering with type: submit

      at log (src/components/ui/Button.tsx:25:13)

    console.log
      [Button] Props received: {
        variant: 'primary',
        size: 'lg',
        type: 'submit',
        loading: false,
        disabled: true
      }

      at log (src/components/ui/Button.tsx:26:13)

    console.log
      [Button] Has onClick in props: false

      at log (src/components/ui/Button.tsx:27:13)

    console.log
      [Button] All props: {}

      at log (src/components/ui/Button.tsx:28:13)

    console.log
      [Button] Rendering with type: submit

      at log (src/components/ui/Button.tsx:25:13)

    console.log
      [Button] Props received: {
        variant: 'primary',
        size: 'lg',
        type: 'submit',
        loading: false,
        disabled: true
      }

      at log (src/components/ui/Button.tsx:26:13)

    console.log
      [Button] Has onClick in props: false

      at log (src/components/ui/Button.tsx:27:13)

    console.log
      [Button] All props: {}

      at log (src/components/ui/Button.tsx:28:13)

    console.log
      [Button] Rendering with type: submit

      at log (src/components/ui/Button.tsx:25:13)

    console.log
      [Button] Props received: {
        variant: 'primary',
        size: 'lg',
        type: 'submit',
        loading: false,
        disabled: true
      }

      at log (src/components/ui/Button.tsx:26:13)

    console.log
      [Button] Has onClick in props: false

      at log (src/components/ui/Button.tsx:27:13)

    console.log
      [Button] All props: {}

      at log (src/components/ui/Button.tsx:28:13)

    console.log
      [Button] Rendering with type: submit

      at log (src/components/ui/Button.tsx:25:13)

    console.log
      [Button] Props received: {
        variant: 'primary',
        size: 'lg',
        type: 'submit',
        loading: false,
        disabled: true
      }

      at log (src/components/ui/Button.tsx:26:13)

    console.log
      [Button] Has onClick in props: false

      at log (src/components/ui/Button.tsx:27:13)

    console.log
      [Button] All props: {}

      at log (src/components/ui/Button.tsx:28:13)

    console.log
      [Button] Rendering with type: submit

      at log (src/components/ui/Button.tsx:25:13)

    console.log
      [Button] Props received: {
        variant: 'primary',
        size: 'lg',
        type: 'submit',
        loading: false,
        disabled: true
      }

      at log (src/components/ui/Button.tsx:26:13)

    console.log
      [Button] Has onClick in props: false

      at log (src/components/ui/Button.tsx:27:13)

    console.log
      [Button] All props: {}

      at log (src/components/ui/Button.tsx:28:13)

    console.log
      [Button] Rendering with type: submit

      at log (src/components/ui/Button.tsx:25:13)

    console.log
      [Button] Props received: {
        variant: 'primary',
        size: 'lg',
        type: 'submit',
        loading: false,
        disabled: true
      }

      at log (src/components/ui/Button.tsx:26:13)

    console.log
      [Button] Has onClick in props: false

      at log (src/components/ui/Button.tsx:27:13)

    console.log
      [Button] All props: {}

      at log (src/components/ui/Button.tsx:28:13)

    console.log
      [Button] Rendering with type: submit

      at log (src/components/ui/Button.tsx:25:13)

    console.log
      [Button] Props received: {
        variant: 'primary',
        size: 'lg',
        type: 'submit',
        loading: false,
        disabled: true
      }

      at log (src/components/ui/Button.tsx:26:13)

    console.log
      [Button] Has onClick in props: false

      at log (src/components/ui/Button.tsx:27:13)

    console.log
      [Button] All props: {}

      at log (src/components/ui/Button.tsx:28:13)

    console.log
      [Button] Rendering with type: submit

      at log (src/components/ui/Button.tsx:25:13)

    console.log
      [Button] Props received: {
        variant: 'primary',
        size: 'lg',
        type: 'submit',
        loading: false,
        disabled: true
      }

      at log (src/components/ui/Button.tsx:26:13)

    console.log
      [Button] Has onClick in props: false

      at log (src/components/ui/Button.tsx:27:13)

    console.log
      [Button] All props: {}

      at log (src/components/ui/Button.tsx:28:13)

    console.log
      [Button] Rendering with type: submit

      at log (src/components/ui/Button.tsx:25:13)

    console.log
      [Button] Props received: {
        variant: 'primary',
        size: 'lg',
        type: 'submit',
        loading: false,
        disabled: true
      }

      at log (src/components/ui/Button.tsx:26:13)

    console.log
      [Button] Has onClick in props: false

      at log (src/components/ui/Button.tsx:27:13)

    console.log
      [Button] All props: {}

      at log (src/components/ui/Button.tsx:28:13)

    console.log
      [Button] Rendering with type: submit

      at log (src/components/ui/Button.tsx:25:13)

    console.log
      [Button] Props received: {
        variant: 'primary',
        size: 'lg',
        type: 'submit',
        loading: false,
        disabled: true
      }

      at log (src/components/ui/Button.tsx:26:13)

    console.log
      [Button] Has onClick in props: false

      at log (src/components/ui/Button.tsx:27:13)

    console.log
      [Button] All props: {}

      at log (src/components/ui/Button.tsx:28:13)

    console.log
      [Button] Rendering with type: submit

      at log (src/components/ui/Button.tsx:25:13)

    console.log
      [Button] Props received: {
        variant: 'primary',
        size: 'lg',
        type: 'submit',
        loading: false,
        disabled: true
      }

      at log (src/components/ui/Button.tsx:26:13)

    console.log
      [Button] Has onClick in props: false

      at log (src/components/ui/Button.tsx:27:13)

    console.log
      [Button] All props: {}

      at log (src/components/ui/Button.tsx:28:13)

    console.log
      [Button] Rendering with type: submit

      at log (src/components/ui/Button.tsx:25:13)

    console.log
      [Button] Props received: {
        variant: 'primary',
        size: 'lg',
        type: 'submit',
        loading: false,
        disabled: true
      }

      at log (src/components/ui/Button.tsx:26:13)

    console.log
      [Button] Has onClick in props: false

      at log (src/components/ui/Button.tsx:27:13)

    console.log
      [Button] All props: {}

      at log (src/components/ui/Button.tsx:28:13)

    console.log
      [Button] Rendering with type: submit

      at log (src/components/ui/Button.tsx:25:13)

    console.log
      [Button] Props received: {
        variant: 'primary',
        size: 'lg',
        type: 'submit',
        loading: false,
        disabled: true
      }

      at log (src/components/ui/Button.tsx:26:13)

    console.log
      [Button] Has onClick in props: false

      at log (src/components/ui/Button.tsx:27:13)

    console.log
      [Button] All props: {}

      at log (src/components/ui/Button.tsx:28:13)

    console.log
      [Button] Rendering with type: submit

      at log (src/components/ui/Button.tsx:25:13)

    console.log
      [Button] Props received: {
        variant: 'primary',
        size: 'lg',
        type: 'submit',
        loading: false,
        disabled: true
      }

      at log (src/components/ui/Button.tsx:26:13)

    console.log
      [Button] Has onClick in props: false

      at log (src/components/ui/Button.tsx:27:13)

    console.log
      [Button] All props: {}

      at log (src/components/ui/Button.tsx:28:13)

    console.log
      [Button] Rendering with type: submit

      at log (src/components/ui/Button.tsx:25:13)

    console.log
      [Button] Props received: {
        variant: 'primary',
        size: 'lg',
        type: 'submit',
        loading: false,
        disabled: true
      }

      at log (src/components/ui/Button.tsx:26:13)

    console.log
      [Button] Has onClick in props: false

      at log (src/components/ui/Button.tsx:27:13)

    console.log
      [Button] All props: {}

      at log (src/components/ui/Button.tsx:28:13)

    console.log
      [Button] Rendering with type: submit

      at log (src/components/ui/Button.tsx:25:13)

    console.log
      [Button] Props received: {
        variant: 'primary',
        size: 'lg',
        type: 'submit',
        loading: false,
        disabled: true
      }

      at log (src/components/ui/Button.tsx:26:13)

    console.log
      [Button] Has onClick in props: false

      at log (src/components/ui/Button.tsx:27:13)

    console.log
      [Button] All props: {}

      at log (src/components/ui/Button.tsx:28:13)

    console.log
      [Button] Rendering with type: submit

      at log (src/components/ui/Button.tsx:25:13)

    console.log
      [Button] Props received: {
        variant: 'primary',
        size: 'lg',
        type: 'submit',
        loading: false,
        disabled: true
      }

      at log (src/components/ui/Button.tsx:26:13)

    console.log
      [Button] Has onClick in props: false

      at log (src/components/ui/Button.tsx:27:13)

    console.log
      [Button] All props: {}

      at log (src/components/ui/Button.tsx:28:13)

    console.log
      [Button] Rendering with type: submit

      at log (src/components/ui/Button.tsx:25:13)

    console.log
      [Button] Props received: {
        variant: 'primary',
        size: 'lg',
        type: 'submit',
        loading: false,
        disabled: true
      }

      at log (src/components/ui/Button.tsx:26:13)

    console.log
      [Button] Has onClick in props: false

      at log (src/components/ui/Button.tsx:27:13)

    console.log
      [Button] All props: {}

      at log (src/components/ui/Button.tsx:28:13)

    console.log
      [Button] Rendering with type: submit

      at log (src/components/ui/Button.tsx:25:13)

    console.log
      [Button] Props received: {
        variant: 'primary',
        size: 'lg',
        type: 'submit',
        loading: false,
        disabled: true
      }

      at log (src/components/ui/Button.tsx:26:13)

    console.log
      [Button] Has onClick in props: false

      at log (src/components/ui/Button.tsx:27:13)

    console.log
      [Button] All props: {}

      at log (src/components/ui/Button.tsx:28:13)

    console.log
      [Button] Rendering with type: submit

      at log (src/components/ui/Button.tsx:25:13)

    console.log
      [Button] Props received: {
        variant: 'primary',
        size: 'lg',
        type: 'submit',
        loading: false,
        disabled: true
      }

      at log (src/components/ui/Button.tsx:26:13)

    console.log
      [Button] Has onClick in props: false

      at log (src/components/ui/Button.tsx:27:13)

    console.log
      [Button] All props: {}

      at log (src/components/ui/Button.tsx:28:13)

    console.log
      [Button] Rendering with type: submit

      at log (src/components/ui/Button.tsx:25:13)

    console.log
      [Button] Props received: {
        variant: 'primary',
        size: 'lg',
        type: 'submit',
        loading: false,
        disabled: true
      }

      at log (src/components/ui/Button.tsx:26:13)

    console.log
      [Button] Has onClick in props: false

      at log (src/components/ui/Button.tsx:27:13)

    console.log
      [Button] All props: {}

      at log (src/components/ui/Button.tsx:28:13)

    console.log
      [Button] Rendering with type: submit

      at log (src/components/ui/Button.tsx:25:13)

    console.log
      [Button] Props received: {
        variant: 'primary',
        size: 'lg',
        type: 'submit',
        loading: false,
        disabled: true
      }

      at log (src/components/ui/Button.tsx:26:13)

    console.log
      [Button] Has onClick in props: false

      at log (src/components/ui/Button.tsx:27:13)

    console.log
      [Button] All props: {}

      at log (src/components/ui/Button.tsx:28:13)

    console.log
      [Button] Rendering with type: submit

      at log (src/components/ui/Button.tsx:25:13)

    console.log
      [Button] Props received: {
        variant: 'primary',
        size: 'lg',
        type: 'submit',
        loading: false,
        disabled: true
      }

      at log (src/components/ui/Button.tsx:26:13)

    console.log
      [Button] Has onClick in props: false

      at log (src/components/ui/Button.tsx:27:13)

    console.log
      [Button] All props: {}

      at log (src/components/ui/Button.tsx:28:13)

    console.log
      [Button] Rendering with type: submit

      at log (src/components/ui/Button.tsx:25:13)

    console.log
      [Button] Props received: {
        variant: 'primary',
        size: 'lg',
        type: 'submit',
        loading: false,
        disabled: true
      }

      at log (src/components/ui/Button.tsx:26:13)

    console.log
      [Button] Has onClick in props: false

      at log (src/components/ui/Button.tsx:27:13)

    console.log
      [Button] All props: {}

      at log (src/components/ui/Button.tsx:28:13)

    console.log
      [Button] Rendering with type: submit

      at log (src/components/ui/Button.tsx:25:13)

    console.log
      [Button] Props received: {
        variant: 'primary',
        size: 'lg',
        type: 'submit',
        loading: false,
        disabled: true
      }

      at log (src/components/ui/Button.tsx:26:13)

    console.log
      [Button] Has onClick in props: false

      at log (src/components/ui/Button.tsx:27:13)

    console.log
      [Button] All props: {}

      at log (src/components/ui/Button.tsx:28:13)

    console.log
      [Button] Rendering with type: submit

      at log (src/components/ui/Button.tsx:25:13)

    console.log
      [Button] Props received: {
        variant: 'primary',
        size: 'lg',
        type: 'submit',
        loading: false,
        disabled: true
      }

      at log (src/components/ui/Button.tsx:26:13)

    console.log
      [Button] Has onClick in props: false

      at log (src/components/ui/Button.tsx:27:13)

    console.log
      [Button] All props: {}

      at log (src/components/ui/Button.tsx:28:13)

    console.log
      [Button] Rendering with type: submit

      at log (src/components/ui/Button.tsx:25:13)

    console.log
      [Button] Props received: {
        variant: 'primary',
        size: 'lg',
        type: 'submit',
        loading: false,
        disabled: true
      }

      at log (src/components/ui/Button.tsx:26:13)

    console.log
      [Button] Has onClick in props: false

      at log (src/components/ui/Button.tsx:27:13)

    console.log
      [Button] All props: {}

      at log (src/components/ui/Button.tsx:28:13)

    console.log
      [Button] Rendering with type: submit

      at log (src/components/ui/Button.tsx:25:13)

    console.log
      [Button] Props received: {
        variant: 'primary',
        size: 'lg',
        type: 'submit',
        loading: false,
        disabled: true
      }

      at log (src/components/ui/Button.tsx:26:13)

    console.log
      [Button] Has onClick in props: false

      at log (src/components/ui/Button.tsx:27:13)

    console.log
      [Button] All props: {}

      at log (src/components/ui/Button.tsx:28:13)

    console.log
      [Button] Rendering with type: submit

      at log (src/components/ui/Button.tsx:25:13)

    console.log
      [Button] Props received: {
        variant: 'primary',
        size: 'lg',
        type: 'submit',
        loading: false,
        disabled: true
      }

      at log (src/components/ui/Button.tsx:26:13)

    console.log
      [Button] Has onClick in props: false

      at log (src/components/ui/Button.tsx:27:13)

    console.log
      [Button] All props: {}

      at log (src/components/ui/Button.tsx:28:13)

    console.log
      [Button] Rendering with type: submit

      at log (src/components/ui/Button.tsx:25:13)

    console.log
      [Button] Props received: {
        variant: 'primary',
        size: 'lg',
        type: 'submit',
        loading: false,
        disabled: true
      }

      at log (src/components/ui/Button.tsx:26:13)

    console.log
      [Button] Has onClick in props: false

      at log (src/components/ui/Button.tsx:27:13)

    console.log
      [Button] All props: {}

      at log (src/components/ui/Button.tsx:28:13)

    console.log
      [Button] Rendering with type: submit

      at log (src/components/ui/Button.tsx:25:13)

    console.log
      [Button] Props received: {
        variant: 'primary',
        size: 'lg',
        type: 'submit',
        loading: false,
        disabled: true
      }

      at log (src/components/ui/Button.tsx:26:13)

    console.log
      [Button] Has onClick in props: false

      at log (src/components/ui/Button.tsx:27:13)

    console.log
      [Button] All props: {}

      at log (src/components/ui/Button.tsx:28:13)

    console.log
      [Button] Rendering with type: submit

      at log (src/components/ui/Button.tsx:25:13)

    console.log
      [Button] Props received: {
        variant: 'primary',
        size: 'lg',
        type: 'submit',
        loading: false,
        disabled: true
      }

      at log (src/components/ui/Button.tsx:26:13)

    console.log
      [Button] Has onClick in props: false

      at log (src/components/ui/Button.tsx:27:13)

    console.log
      [Button] All props: {}

      at log (src/components/ui/Button.tsx:28:13)

    console.log
      [Button] Rendering with type: submit

      at log (src/components/ui/Button.tsx:25:13)

    console.log
      [Button] Props received: {
        variant: 'primary',
        size: 'lg',
        type: 'submit',
        loading: false,
        disabled: true
      }

      at log (src/components/ui/Button.tsx:26:13)

    console.log
      [Button] Has onClick in props: false

      at log (src/components/ui/Button.tsx:27:13)

    console.log
      [Button] All props: {}

      at log (src/components/ui/Button.tsx:28:13)

    console.log
      [Button] Rendering with type: submit

      at log (src/components/ui/Button.tsx:25:13)

    console.log
      [Button] Props received: {
        variant: 'primary',
        size: 'lg',
        type: 'submit',
        loading: false,
        disabled: true
      }

      at log (src/components/ui/Button.tsx:26:13)

    console.log
      [Button] Has onClick in props: false

      at log (src/components/ui/Button.tsx:27:13)

    console.log
      [Button] All props: {}

      at log (src/components/ui/Button.tsx:28:13)

    console.log
      [Button] Rendering with type: submit

      at log (src/components/ui/Button.tsx:25:13)

    console.log
      [Button] Props received: {
        variant: 'primary',
        size: 'lg',
        type: 'submit',
        loading: false,
        disabled: true
      }

      at log (src/components/ui/Button.tsx:26:13)

    console.log
      [Button] Has onClick in props: false

      at log (src/components/ui/Button.tsx:27:13)

    console.log
      [Button] All props: {}

      at log (src/components/ui/Button.tsx:28:13)

    console.log
      [Button] Rendering with type: submit

      at log (src/components/ui/Button.tsx:25:13)

    console.log
      [Button] Props received: {
        variant: 'primary',
        size: 'lg',
        type: 'submit',
        loading: false,
        disabled: true
      }

      at log (src/components/ui/Button.tsx:26:13)

    console.log
      [Button] Has onClick in props: false

      at log (src/components/ui/Button.tsx:27:13)

    console.log
      [Button] All props: {}

      at log (src/components/ui/Button.tsx:28:13)

    console.log
      [Button] Rendering with type: submit

      at log (src/components/ui/Button.tsx:25:13)

    console.log
      [Button] Props received: {
        variant: 'primary',
        size: 'lg',
        type: 'submit',
        loading: false,
        disabled: true
      }

      at log (src/components/ui/Button.tsx:26:13)

    console.log
      [Button] Has onClick in props: false

      at log (src/components/ui/Button.tsx:27:13)

    console.log
      [Button] All props: {}

      at log (src/components/ui/Button.tsx:28:13)

    console.log
      [Button] Rendering with type: submit

      at log (src/components/ui/Button.tsx:25:13)

    console.log
      [Button] Props received: {
        variant: 'primary',
        size: 'lg',
        type: 'submit',
        loading: false,
        disabled: true
      }

      at log (src/components/ui/Button.tsx:26:13)

    console.log
      [Button] Has onClick in props: false

      at log (src/components/ui/Button.tsx:27:13)

    console.log
      [Button] All props: {}

      at log (src/components/ui/Button.tsx:28:13)

    console.log
      [Button] Rendering with type: submit

      at log (src/components/ui/Button.tsx:25:13)

    console.log
      [Button] Props received: {
        variant: 'primary',
        size: 'lg',
        type: 'submit',
        loading: false,
        disabled: true
      }

      at log (src/components/ui/Button.tsx:26:13)

    console.log
      [Button] Has onClick in props: false

      at log (src/components/ui/Button.tsx:27:13)

    console.log
      [Button] All props: {}

      at log (src/components/ui/Button.tsx:28:13)

    console.log
      [Button] Rendering with type: submit

      at log (src/components/ui/Button.tsx:25:13)

    console.log
      [Button] Props received: {
        variant: 'primary',
        size: 'lg',
        type: 'submit',
        loading: false,
        disabled: true
      }

      at log (src/components/ui/Button.tsx:26:13)

    console.log
      [Button] Has onClick in props: false

      at log (src/components/ui/Button.tsx:27:13)

    console.log
      [Button] All props: {}

      at log (src/components/ui/Button.tsx:28:13)

    console.log
      [Button] Rendering with type: submit

      at log (src/components/ui/Button.tsx:25:13)

    console.log
      [Button] Props received: {
        variant: 'primary',
        size: 'lg',
        type: 'submit',
        loading: false,
        disabled: true
      }

      at log (src/components/ui/Button.tsx:26:13)

    console.log
      [Button] Has onClick in props: false

      at log (src/components/ui/Button.tsx:27:13)

    console.log
      [Button] All props: {}

      at log (src/components/ui/Button.tsx:28:13)

    console.log
      [Button] Rendering with type: submit

      at log (src/components/ui/Button.tsx:25:13)

    console.log
      [Button] Props received: {
        variant: 'primary',
        size: 'lg',
        type: 'submit',
        loading: false,
        disabled: true
      }

      at log (src/components/ui/Button.tsx:26:13)

    console.log
      [Button] Has onClick in props: false

      at log (src/components/ui/Button.tsx:27:13)

    console.log
      [Button] All props: {}

      at log (src/components/ui/Button.tsx:28:13)

    console.log
      [Button] Rendering with type: submit

      at log (src/components/ui/Button.tsx:25:13)

    console.log
      [Button] Props received: {
        variant: 'primary',
        size: 'lg',
        type: 'submit',
        loading: false,
        disabled: true
      }

      at log (src/components/ui/Button.tsx:26:13)

    console.log
      [Button] Has onClick in props: false

      at log (src/components/ui/Button.tsx:27:13)

    console.log
      [Button] All props: {}

      at log (src/components/ui/Button.tsx:28:13)

    console.log
      [Button] Rendering with type: submit

      at log (src/components/ui/Button.tsx:25:13)

    console.log
      [Button] Props received: {
        variant: 'primary',
        size: 'lg',
        type: 'submit',
        loading: false,
        disabled: true
      }

      at log (src/components/ui/Button.tsx:26:13)

    console.log
      [Button] Has onClick in props: false

      at log (src/components/ui/Button.tsx:27:13)

    console.log
      [Button] All props: {}

      at log (src/components/ui/Button.tsx:28:13)

    console.log
      [Button] Rendering with type: submit

      at log (src/components/ui/Button.tsx:25:13)

    console.log
      [Button] Props received: {
        variant: 'primary',
        size: 'lg',
        type: 'submit',
        loading: false,
        disabled: true
      }

      at log (src/components/ui/Button.tsx:26:13)

    console.log
      [Button] Has onClick in props: false

      at log (src/components/ui/Button.tsx:27:13)

    console.log
      [Button] All props: {}

      at log (src/components/ui/Button.tsx:28:13)

    console.log
      [Button] Rendering with type: submit

      at log (src/components/ui/Button.tsx:25:13)

    console.log
      [Button] Props received: {
        variant: 'primary',
        size: 'lg',
        type: 'submit',
        loading: false,
        disabled: true
      }

      at log (src/components/ui/Button.tsx:26:13)

    console.log
      [Button] Has onClick in props: false

      at log (src/components/ui/Button.tsx:27:13)

    console.log
      [Button] All props: {}

      at log (src/components/ui/Button.tsx:28:13)

    console.log
      [Button] Rendering with type: submit

      at log (src/components/ui/Button.tsx:25:13)

    console.log
      [Button] Props received: {
        variant: 'primary',
        size: 'lg',
        type: 'submit',
        loading: false,
        disabled: true
      }

      at log (src/components/ui/Button.tsx:26:13)

    console.log
      [Button] Has onClick in props: false

      at log (src/components/ui/Button.tsx:27:13)

    console.log
      [Button] All props: {}

      at log (src/components/ui/Button.tsx:28:13)

    console.log
      [Button] Rendering with type: submit

      at log (src/components/ui/Button.tsx:25:13)

    console.log
      [Button] Props received: {
        variant: 'primary',
        size: 'lg',
        type: 'submit',
        loading: false,
        disabled: true
      }

      at log (src/components/ui/Button.tsx:26:13)

    console.log
      [Button] Has onClick in props: false

      at log (src/components/ui/Button.tsx:27:13)

    console.log
      [Button] All props: {}

      at log (src/components/ui/Button.tsx:28:13)

    console.log
      [Button] Rendering with type: submit

      at log (src/components/ui/Button.tsx:25:13)

    console.log
      [Button] Props received: {
        variant: 'primary',
        size: 'lg',
        type: 'submit',
        loading: false,
        disabled: true
      }

      at log (src/components/ui/Button.tsx:26:13)

    console.log
      [Button] Has onClick in props: false

      at log (src/components/ui/Button.tsx:27:13)

    console.log
      [Button] All props: {}

      at log (src/components/ui/Button.tsx:28:13)

    console.log
      [Button] Rendering with type: submit

      at log (src/components/ui/Button.tsx:25:13)

    console.log
      [Button] Props received: {
        variant: 'primary',
        size: 'lg',
        type: 'submit',
        loading: false,
        disabled: true
      }

      at log (src/components/ui/Button.tsx:26:13)

    console.log
      [Button] Has onClick in props: false

      at log (src/components/ui/Button.tsx:27:13)

    console.log
      [Button] All props: {}

      at log (src/components/ui/Button.tsx:28:13)

    console.log
      [Button] Rendering with type: submit

      at log (src/components/ui/Button.tsx:25:13)

    console.log
      [Button] Props received: {
        variant: 'primary',
        size: 'lg',
        type: 'submit',
        loading: false,
        disabled: true
      }

      at log (src/components/ui/Button.tsx:26:13)

    console.log
      [Button] Has onClick in props: false

      at log (src/components/ui/Button.tsx:27:13)

    console.log
      [Button] All props: {}

      at log (src/components/ui/Button.tsx:28:13)

    console.log
      [Button] Rendering with type: submit

      at log (src/components/ui/Button.tsx:25:13)

    console.log
      [Button] Props received: {
        variant: 'primary',
        size: 'lg',
        type: 'submit',
        loading: false,
        disabled: true
      }

      at log (src/components/ui/Button.tsx:26:13)

    console.log
      [Button] Has onClick in props: false

      at log (src/components/ui/Button.tsx:27:13)

    console.log
      [Button] All props: {}

      at log (src/components/ui/Button.tsx:28:13)

    console.log
      [Button] Rendering with type: submit

      at log (src/components/ui/Button.tsx:25:13)

    console.log
      [Button] Props received: {
        variant: 'primary',
        size: 'lg',
        type: 'submit',
        loading: false,
        disabled: true
      }

      at log (src/components/ui/Button.tsx:26:13)

    console.log
      [Button] Has onClick in props: false

      at log (src/components/ui/Button.tsx:27:13)

    console.log
      [Button] All props: {}

      at log (src/components/ui/Button.tsx:28:13)

    console.log
      [Button] Rendering with type: submit

      at log (src/components/ui/Button.tsx:25:13)

    console.log
      [Button] Props received: {
        variant: 'primary',
        size: 'lg',
        type: 'submit',
        loading: false,
        disabled: true
      }

      at log (src/components/ui/Button.tsx:26:13)

    console.log
      [Button] Has onClick in props: false

      at log (src/components/ui/Button.tsx:27:13)

    console.log
      [Button] All props: {}

      at log (src/components/ui/Button.tsx:28:13)

    console.log
      [Button] Rendering with type: submit

      at log (src/components/ui/Button.tsx:25:13)

    console.log
      [Button] Props received: {
        variant: 'primary',
        size: 'lg',
        type: 'submit',
        loading: false,
        disabled: true
      }

      at log (src/components/ui/Button.tsx:26:13)

    console.log
      [Button] Has onClick in props: false

      at log (src/components/ui/Button.tsx:27:13)

    console.log
      [Button] All props: {}

      at log (src/components/ui/Button.tsx:28:13)

    console.log
      [Button] Rendering with type: submit

      at log (src/components/ui/Button.tsx:25:13)

    console.log
      [Button] Props received: {
        variant: 'primary',
        size: 'lg',
        type: 'submit',
        loading: false,
        disabled: true
      }

      at log (src/components/ui/Button.tsx:26:13)

    console.log
      [Button] Has onClick in props: false

      at log (src/components/ui/Button.tsx:27:13)

    console.log
      [Button] All props: {}

      at log (src/components/ui/Button.tsx:28:13)

    console.log
      [Button] Rendering with type: submit

      at log (src/components/ui/Button.tsx:25:13)

    console.log
      [Button] Props received: {
        variant: 'primary',
        size: 'lg',
        type: 'submit',
        loading: false,
        disabled: true
      }

      at log (src/components/ui/Button.tsx:26:13)

    console.log
      [Button] Has onClick in props: false

      at log (src/components/ui/Button.tsx:27:13)

    console.log
      [Button] All props: {}

      at log (src/components/ui/Button.tsx:28:13)

    console.log
      [Button] Rendering with type: submit

      at log (src/components/ui/Button.tsx:25:13)

    console.log
      [Button] Props received: {
        variant: 'primary',
        size: 'lg',
        type: 'submit',
        loading: false,
        disabled: true
      }

      at log (src/components/ui/Button.tsx:26:13)

    console.log
      [Button] Has onClick in props: false

      at log (src/components/ui/Button.tsx:27:13)

    console.log
      [Button] All props: {}

      at log (src/components/ui/Button.tsx:28:13)

    console.log
      [Button] Rendering with type: submit

      at log (src/components/ui/Button.tsx:25:13)

    console.log
      [Button] Props received: {
        variant: 'primary',
        size: 'lg',
        type: 'submit',
        loading: false,
        disabled: true
      }

      at log (src/components/ui/Button.tsx:26:13)

    console.log
      [Button] Has onClick in props: false

      at log (src/components/ui/Button.tsx:27:13)

    console.log
      [Button] All props: {}

      at log (src/components/ui/Button.tsx:28:13)

    console.log
      [Button] Rendering with type: submit

      at log (src/components/ui/Button.tsx:25:13)

    console.log
      [Button] Props received: {
        variant: 'primary',
        size: 'lg',
        type: 'submit',
        loading: false,
        disabled: true
      }

      at log (src/components/ui/Button.tsx:26:13)

    console.log
      [Button] Has onClick in props: false

      at log (src/components/ui/Button.tsx:27:13)

    console.log
      [Button] All props: {}

      at log (src/components/ui/Button.tsx:28:13)

    console.log
      [Button] Rendering with type: submit

      at log (src/components/ui/Button.tsx:25:13)

    console.log
      [Button] Props received: {
        variant: 'primary',
        size: 'lg',
        type: 'submit',
        loading: false,
        disabled: true
      }

      at log (src/components/ui/Button.tsx:26:13)

    console.log
      [Button] Has onClick in props: false

      at log (src/components/ui/Button.tsx:27:13)

    console.log
      [Button] All props: {}

      at log (src/components/ui/Button.tsx:28:13)

    console.log
      [Button] Rendering with type: submit

      at log (src/components/ui/Button.tsx:25:13)

    console.log
      [Button] Props received: {
        variant: 'primary',
        size: 'lg',
        type: 'submit',
        loading: false,
        disabled: true
      }

      at log (src/components/ui/Button.tsx:26:13)

    console.log
      [Button] Has onClick in props: false

      at log (src/components/ui/Button.tsx:27:13)

    console.log
      [Button] All props: {}

      at log (src/components/ui/Button.tsx:28:13)

    console.log
      [Button] Rendering with type: submit

      at log (src/components/ui/Button.tsx:25:13)

    console.log
      [Button] Props received: {
        variant: 'primary',
        size: 'lg',
        type: 'submit',
        loading: false,
        disabled: true
      }

      at log (src/components/ui/Button.tsx:26:13)

    console.log
      [Button] Has onClick in props: false

      at log (src/components/ui/Button.tsx:27:13)

    console.log
      [Button] All props: {}

      at log (src/components/ui/Button.tsx:28:13)

    console.log
      [Button] Rendering with type: submit

      at log (src/components/ui/Button.tsx:25:13)

    console.log
      [Button] Props received: {
        variant: 'primary',
        size: 'lg',
        type: 'submit',
        loading: false,
        disabled: true
      }

      at log (src/components/ui/Button.tsx:26:13)

    console.log
      [Button] Has onClick in props: false

      at log (src/components/ui/Button.tsx:27:13)

    console.log
      [Button] All props: {}

      at log (src/components/ui/Button.tsx:28:13)

    console.log
      [Button] Rendering with type: submit

      at log (src/components/ui/Button.tsx:25:13)

    console.log
      [Button] Props received: {
        variant: 'primary',
        size: 'lg',
        type: 'submit',
        loading: false,
        disabled: true
      }

      at log (src/components/ui/Button.tsx:26:13)

    console.log
      [Button] Has onClick in props: false

      at log (src/components/ui/Button.tsx:27:13)

    console.log
      [Button] All props: {}

      at log (src/components/ui/Button.tsx:28:13)

    console.log
      [Button] Rendering with type: submit

      at log (src/components/ui/Button.tsx:25:13)

    console.log
      [Button] Props received: {
        variant: 'primary',
        size: 'lg',
        type: 'submit',
        loading: false,
        disabled: true
      }

      at log (src/components/ui/Button.tsx:26:13)

    console.log
      [Button] Has onClick in props: false

      at log (src/components/ui/Button.tsx:27:13)

    console.log
      [Button] All props: {}

      at log (src/components/ui/Button.tsx:28:13)

    console.log
      [Button] Rendering with type: submit

      at log (src/components/ui/Button.tsx:25:13)

    console.log
      [Button] Props received: {
        variant: 'primary',
        size: 'lg',
        type: 'submit',
        loading: false,
        disabled: true
      }

      at log (src/components/ui/Button.tsx:26:13)

    console.log
      [Button] Has onClick in props: false

      at log (src/components/ui/Button.tsx:27:13)

    console.log
      [Button] All props: {}

      at log (src/components/ui/Button.tsx:28:13)

    console.log
      [Button] Rendering with type: submit

      at log (src/components/ui/Button.tsx:25:13)

    console.log
      [Button] Props received: {
        variant: 'primary',
        size: 'lg',
        type: 'submit',
        loading: false,
        disabled: true
      }

      at log (src/components/ui/Button.tsx:26:13)

    console.log
      [Button] Has onClick in props: false

      at log (src/components/ui/Button.tsx:27:13)

    console.log
      [Button] All props: {}

      at log (src/components/ui/Button.tsx:28:13)

    console.log
      [Button] Rendering with type: submit

      at log (src/components/ui/Button.tsx:25:13)

    console.log
      [Button] Props received: {
        variant: 'primary',
        size: 'lg',
        type: 'submit',
        loading: false,
        disabled: true
      }

      at log (src/components/ui/Button.tsx:26:13)

    console.log
      [Button] Has onClick in props: false

      at log (src/components/ui/Button.tsx:27:13)

    console.log
      [Button] All props: {}

      at log (src/components/ui/Button.tsx:28:13)

    console.log
      [Button] Rendering with type: submit

      at log (src/components/ui/Button.tsx:25:13)

    console.log
      [Button] Props received: {
        variant: 'primary',
        size: 'lg',
        type: 'submit',
        loading: false,
        disabled: true
      }

      at log (src/components/ui/Button.tsx:26:13)

    console.log
      [Button] Has onClick in props: false

      at log (src/components/ui/Button.tsx:27:13)

    console.log
      [Button] All props: {}

      at log (src/components/ui/Button.tsx:28:13)

    console.log
      [Button] Rendering with type: submit

      at log (src/components/ui/Button.tsx:25:13)

    console.log
      [Button] Props received: {
        variant: 'primary',
        size: 'lg',
        type: 'submit',
        loading: false,
        disabled: true
      }

      at log (src/components/ui/Button.tsx:26:13)

    console.log
      [Button] Has onClick in props: false

      at log (src/components/ui/Button.tsx:27:13)

    console.log
      [Button] All props: {}

      at log (src/components/ui/Button.tsx:28:13)

    console.log
      [Button] Rendering with type: submit

      at log (src/components/ui/Button.tsx:25:13)

    console.log
      [Button] Props received: {
        variant: 'primary',
        size: 'lg',
        type: 'submit',
        loading: false,
        disabled: true
      }

      at log (src/components/ui/Button.tsx:26:13)

    console.log
      [Button] Has onClick in props: false

      at log (src/components/ui/Button.tsx:27:13)

    console.log
      [Button] All props: {}

      at log (src/components/ui/Button.tsx:28:13)

    console.log
      [Button] Rendering with type: submit

      at log (src/components/ui/Button.tsx:25:13)

    console.log
      [Button] Props received: {
        variant: 'primary',
        size: 'lg',
        type: 'submit',
        loading: false,
        disabled: true
      }

      at log (src/components/ui/Button.tsx:26:13)

    console.log
      [Button] Has onClick in props: false

      at log (src/components/ui/Button.tsx:27:13)

    console.log
      [Button] All props: {}

      at log (src/components/ui/Button.tsx:28:13)

    console.log
      [Button] Rendering with type: submit

      at log (src/components/ui/Button.tsx:25:13)

    console.log
      [Button] Props received: {
        variant: 'primary',
        size: 'lg',
        type: 'submit',
        loading: false,
        disabled: true
      }

      at log (src/components/ui/Button.tsx:26:13)

    console.log
      [Button] Has onClick in props: false

      at log (src/components/ui/Button.tsx:27:13)

    console.log
      [Button] All props: {}

      at log (src/components/ui/Button.tsx:28:13)

    console.log
      [Button] Rendering with type: submit

      at log (src/components/ui/Button.tsx:25:13)

    console.log
      [Button] Props received: {
        variant: 'primary',
        size: 'lg',
        type: 'submit',
        loading: false,
        disabled: true
      }

      at log (src/components/ui/Button.tsx:26:13)

    console.log
      [Button] Has onClick in props: false

      at log (src/components/ui/Button.tsx:27:13)

    console.log
      [Button] All props: {}

      at log (src/components/ui/Button.tsx:28:13)

    console.log
      [Button] Rendering with type: submit

      at log (src/components/ui/Button.tsx:25:13)

    console.log
      [Button] Props received: {
        variant: 'primary',
        size: 'lg',
        type: 'submit',
        loading: false,
        disabled: true
      }

      at log (src/components/ui/Button.tsx:26:13)

    console.log
      [Button] Has onClick in props: false

      at log (src/components/ui/Button.tsx:27:13)

    console.log
      [Button] All props: {}

      at log (src/components/ui/Button.tsx:28:13)

    console.log
      [Button] Rendering with type: submit

      at log (src/components/ui/Button.tsx:25:13)

    console.log
      [Button] Props received: {
        variant: 'primary',
        size: 'lg',
        type: 'submit',
        loading: false,
        disabled: true
      }

      at log (src/components/ui/Button.tsx:26:13)

    console.log
      [Button] Has onClick in props: false

      at log (src/components/ui/Button.tsx:27:13)

    console.log
      [Button] All props: {}

      at log (src/components/ui/Button.tsx:28:13)

    console.log
      [Button] Rendering with type: submit

      at log (src/components/ui/Button.tsx:25:13)

    console.log
      [Button] Props received: {
        variant: 'primary',
        size: 'lg',
        type: 'submit',
        loading: false,
        disabled: true
      }

      at log (src/components/ui/Button.tsx:26:13)

    console.log
      [Button] Has onClick in props: false

      at log (src/components/ui/Button.tsx:27:13)

    console.log
      [Button] All props: {}

      at log (src/components/ui/Button.tsx:28:13)

    console.log
      [Button] Rendering with type: submit

      at log (src/components/ui/Button.tsx:25:13)

    console.log
      [Button] Props received: {
        variant: 'primary',
        size: 'lg',
        type: 'submit',
        loading: false,
        disabled: true
      }

      at log (src/components/ui/Button.tsx:26:13)

    console.log
      [Button] Has onClick in props: false

      at log (src/components/ui/Button.tsx:27:13)

    console.log
      [Button] All props: {}

      at log (src/components/ui/Button.tsx:28:13)

    console.log
      [Button] Rendering with type: submit

      at log (src/components/ui/Button.tsx:25:13)

    console.log
      [Button] Props received: {
        variant: 'primary',
        size: 'lg',
        type: 'submit',
        loading: false,
        disabled: true
      }

      at log (src/components/ui/Button.tsx:26:13)

    console.log
      [Button] Has onClick in props: false

      at log (src/components/ui/Button.tsx:27:13)

    console.log
      [Button] All props: {}

      at log (src/components/ui/Button.tsx:28:13)

    console.log
      [Button] Rendering with type: submit

      at log (src/components/ui/Button.tsx:25:13)

    console.log
      [Button] Props received: {
        variant: 'primary',
        size: 'lg',
        type: 'submit',
        loading: false,
        disabled: true
      }

      at log (src/components/ui/Button.tsx:26:13)

    console.log
      [Button] Has onClick in props: false

      at log (src/components/ui/Button.tsx:27:13)

    console.log
      [Button] All props: {}

      at log (src/components/ui/Button.tsx:28:13)

    console.log
      [Button] Rendering with type: submit

      at log (src/components/ui/Button.tsx:25:13)

    console.log
      [Button] Props received: {
        variant: 'primary',
        size: 'lg',
        type: 'submit',
        loading: false,
        disabled: true
      }

      at log (src/components/ui/Button.tsx:26:13)

    console.log
      [Button] Has onClick in props: false

      at log (src/components/ui/Button.tsx:27:13)

    console.log
      [Button] All props: {}

      at log (src/components/ui/Button.tsx:28:13)

    console.log
      [Button] Rendering with type: submit

      at log (src/components/ui/Button.tsx:25:13)

    console.log
      [Button] Props received: {
        variant: 'primary',
        size: 'lg',
        type: 'submit',
        loading: false,
        disabled: true
      }

      at log (src/components/ui/Button.tsx:26:13)

    console.log
      [Button] Has onClick in props: false

      at log (src/components/ui/Button.tsx:27:13)

    console.log
      [Button] All props: {}

      at log (src/components/ui/Button.tsx:28:13)

    console.log
      [Button] Rendering with type: submit

      at log (src/components/ui/Button.tsx:25:13)

    console.log
      [Button] Props received: {
        variant: 'primary',
        size: 'lg',
        type: 'submit',
        loading: false,
        disabled: true
      }

      at log (src/components/ui/Button.tsx:26:13)

    console.log
      [Button] Has onClick in props: false

      at log (src/components/ui/Button.tsx:27:13)

    console.log
      [Button] All props: {}

      at log (src/components/ui/Button.tsx:28:13)

    console.log
      [Button] Rendering with type: submit

      at log (src/components/ui/Button.tsx:25:13)

    console.log
      [Button] Props received: {
        variant: 'primary',
        size: 'lg',
        type: 'submit',
        loading: false,
        disabled: true
      }

      at log (src/components/ui/Button.tsx:26:13)

    console.log
      [Button] Has onClick in props: false

      at log (src/components/ui/Button.tsx:27:13)

    console.log
      [Button] All props: {}

      at log (src/components/ui/Button.tsx:28:13)

    console.log
      [Button] Rendering with type: submit

      at log (src/components/ui/Button.tsx:25:13)

    console.log
      [Button] Props received: {
        variant: 'primary',
        size: 'lg',
        type: 'submit',
        loading: false,
        disabled: true
      }

      at log (src/components/ui/Button.tsx:26:13)

    console.log
      [Button] Has onClick in props: false

      at log (src/components/ui/Button.tsx:27:13)

    console.log
      [Button] All props: {}

      at log (src/components/ui/Button.tsx:28:13)

    console.log
      [Button] Rendering with type: submit

      at log (src/components/ui/Button.tsx:25:13)

    console.log
      [Button] Props received: {
        variant: 'primary',
        size: 'lg',
        type: 'submit',
        loading: false,
        disabled: true
      }

      at log (src/components/ui/Button.tsx:26:13)

    console.log
      [Button] Has onClick in props: false

      at log (src/components/ui/Button.tsx:27:13)

    console.log
      [Button] All props: {}

      at log (src/components/ui/Button.tsx:28:13)

    console.log
      [Button] Rendering with type: submit

      at log (src/components/ui/Button.tsx:25:13)

    console.log
      [Button] Props received: {
        variant: 'primary',
        size: 'lg',
        type: 'submit',
        loading: false,
        disabled: true
      }

      at log (src/components/ui/Button.tsx:26:13)

    console.log
      [Button] Has onClick in props: false

      at log (src/components/ui/Button.tsx:27:13)

    console.log
      [Button] All props: {}

      at log (src/components/ui/Button.tsx:28:13)

    console.log
      [Button] Rendering with type: submit

      at log (src/components/ui/Button.tsx:25:13)

    console.log
      [Button] Props received: {
        variant: 'primary',
        size: 'lg',
        type: 'submit',
        loading: false,
        disabled: true
      }

      at log (src/components/ui/Button.tsx:26:13)

    console.log
      [Button] Has onClick in props: false

      at log (src/components/ui/Button.tsx:27:13)

    console.log
      [Button] All props: {}

      at log (src/components/ui/Button.tsx:28:13)

    console.log
      [Button] Rendering with type: submit

      at log (src/components/ui/Button.tsx:25:13)

    console.log
      [Button] Props received: {
        variant: 'primary',
        size: 'lg',
        type: 'submit',
        loading: false,
        disabled: true
      }

      at log (src/components/ui/Button.tsx:26:13)

    console.log
      [Button] Has onClick in props: false

      at log (src/components/ui/Button.tsx:27:13)

    console.log
      [Button] All props: {}

      at log (src/components/ui/Button.tsx:28:13)

    console.log
      [Button] Rendering with type: submit

      at log (src/components/ui/Button.tsx:25:13)

    console.log
      [Button] Props received: {
        variant: 'primary',
        size: 'lg',
        type: 'submit',
        loading: false,
        disabled: true
      }

      at log (src/components/ui/Button.tsx:26:13)

    console.log
      [Button] Has onClick in props: false

      at log (src/components/ui/Button.tsx:27:13)

    console.log
      [Button] All props: {}

      at log (src/components/ui/Button.tsx:28:13)

    console.log
      [Button] Rendering with type: submit

      at log (src/components/ui/Button.tsx:25:13)

    console.log
      [Button] Props received: {
        variant: 'primary',
        size: 'lg',
        type: 'submit',
        loading: false,
        disabled: true
      }

      at log (src/components/ui/Button.tsx:26:13)

    console.log
      [Button] Has onClick in props: false

      at log (src/components/ui/Button.tsx:27:13)

    console.log
      [Button] All props: {}

      at log (src/components/ui/Button.tsx:28:13)

    console.log
      [Button] Rendering with type: submit

      at log (src/components/ui/Button.tsx:25:13)

    console.log
      [Button] Props received: {
        variant: 'primary',
        size: 'lg',
        type: 'submit',
        loading: false,
        disabled: true
      }

      at log (src/components/ui/Button.tsx:26:13)

    console.log
      [Button] Has onClick in props: false

      at log (src/components/ui/Button.tsx:27:13)

    console.log
      [Button] All props: {}

      at log (src/components/ui/Button.tsx:28:13)

    console.log
      [Button] Rendering with type: submit

      at log (src/components/ui/Button.tsx:25:13)

    console.log
      [Button] Props received: {
        variant: 'primary',
        size: 'lg',
        type: 'submit',
        loading: false,
        disabled: true
      }

      at log (src/components/ui/Button.tsx:26:13)

    console.log
      [Button] Has onClick in props: false

      at log (src/components/ui/Button.tsx:27:13)

    console.log
      [Button] All props: {}

      at log (src/components/ui/Button.tsx:28:13)

    console.log
      [Button] Rendering with type: submit

      at log (src/components/ui/Button.tsx:25:13)

    console.log
      [Button] Props received: {
        variant: 'primary',
        size: 'lg',
        type: 'submit',
        loading: false,
        disabled: true
      }

      at log (src/components/ui/Button.tsx:26:13)

    console.log
      [Button] Has onClick in props: false

      at log (src/components/ui/Button.tsx:27:13)

    console.log
      [Button] All props: {}

      at log (src/components/ui/Button.tsx:28:13)

    console.log
      [Button] Rendering with type: submit

      at log (src/components/ui/Button.tsx:25:13)

    console.log
      [Button] Props received: {
        variant: 'primary',
        size: 'lg',
        type: 'submit',
        loading: false,
        disabled: true
      }

      at log (src/components/ui/Button.tsx:26:13)

    console.log
      [Button] Has onClick in props: false

      at log (src/components/ui/Button.tsx:27:13)

    console.log
      [Button] All props: {}

      at log (src/components/ui/Button.tsx:28:13)

    console.log
      [Button] Rendering with type: submit

      at log (src/components/ui/Button.tsx:25:13)

    console.log
      [Button] Props received: {
        variant: 'primary',
        size: 'lg',
        type: 'submit',
        loading: false,
        disabled: true
      }

      at log (src/components/ui/Button.tsx:26:13)

    console.log
      [Button] Has onClick in props: false

      at log (src/components/ui/Button.tsx:27:13)

    console.log
      [Button] All props: {}

      at log (src/components/ui/Button.tsx:28:13)

    console.log
      [Button] Rendering with type: submit

      at log (src/components/ui/Button.tsx:25:13)

    console.log
      [Button] Props received: {
        variant: 'primary',
        size: 'lg',
        type: 'submit',
        loading: false,
        disabled: true
      }

      at log (src/components/ui/Button.tsx:26:13)

    console.log
      [Button] Has onClick in props: false

      at log (src/components/ui/Button.tsx:27:13)

    console.log
      [Button] All props: {}

      at log (src/components/ui/Button.tsx:28:13)

    console.log
      [Button] Rendering with type: submit

      at log (src/components/ui/Button.tsx:25:13)

    console.log
      [Button] Props received: {
        variant: 'primary',
        size: 'lg',
        type: 'submit',
        loading: false,
        disabled: true
      }

      at log (src/components/ui/Button.tsx:26:13)

    console.log
      [Button] Has onClick in props: false

      at log (src/components/ui/Button.tsx:27:13)

    console.log
      [Button] All props: {}

      at log (src/components/ui/Button.tsx:28:13)

    console.log
      [Button] Rendering with type: submit

      at log (src/components/ui/Button.tsx:25:13)

    console.log
      [Button] Props received: {
        variant: 'primary',
        size: 'lg',
        type: 'submit',
        loading: false,
        disabled: true
      }

      at log (src/components/ui/Button.tsx:26:13)

    console.log
      [Button] Has onClick in props: false

      at log (src/components/ui/Button.tsx:27:13)

    console.log
      [Button] All props: {}

      at log (src/components/ui/Button.tsx:28:13)

    console.log
      [Button] Rendering with type: submit

      at log (src/components/ui/Button.tsx:25:13)

    console.log
      [Button] Props received: {
        variant: 'primary',
        size: 'lg',
        type: 'submit',
        loading: false,
        disabled: true
      }

      at log (src/components/ui/Button.tsx:26:13)

    console.log
      [Button] Has onClick in props: false

      at log (src/components/ui/Button.tsx:27:13)

    console.log
      [Button] All props: {}

      at log (src/components/ui/Button.tsx:28:13)

    console.log
      [Button] Rendering with type: submit

      at log (src/components/ui/Button.tsx:25:13)

    console.log
      [Button] Props received: {
        variant: 'primary',
        size: 'lg',
        type: 'submit',
        loading: false,
        disabled: true
      }

      at log (src/components/ui/Button.tsx:26:13)

    console.log
      [Button] Has onClick in props: false

      at log (src/components/ui/Button.tsx:27:13)

    console.log
      [Button] All props: {}

      at log (src/components/ui/Button.tsx:28:13)

    console.log
      [Button] Rendering with type: submit

      at log (src/components/ui/Button.tsx:25:13)

    console.log
      [Button] Props received: {
        variant: 'primary',
        size: 'lg',
        type: 'submit',
        loading: false,
        disabled: true
      }

      at log (src/components/ui/Button.tsx:26:13)

    console.log
      [Button] Has onClick in props: false

      at log (src/components/ui/Button.tsx:27:13)

    console.log
      [Button] All props: {}

      at log (src/components/ui/Button.tsx:28:13)

    console.log
      [Button] Rendering with type: submit

      at log (src/components/ui/Button.tsx:25:13)

    console.log
      [Button] Props received: {
        variant: 'primary',
        size: 'lg',
        type: 'submit',
        loading: false,
        disabled: true
      }

      at log (src/components/ui/Button.tsx:26:13)

    console.log
      [Button] Has onClick in props: false

      at log (src/components/ui/Button.tsx:27:13)

    console.log
      [Button] All props: {}

      at log (src/components/ui/Button.tsx:28:13)

    console.log
      [Button] Rendering with type: submit

      at log (src/components/ui/Button.tsx:25:13)

    console.log
      [Button] Props received: {
        variant: 'primary',
        size: 'lg',
        type: 'submit',
        loading: false,
        disabled: true
      }

      at log (src/components/ui/Button.tsx:26:13)

    console.log
      [Button] Has onClick in props: false

      at log (src/components/ui/Button.tsx:27:13)

    console.log
      [Button] All props: {}

      at log (src/components/ui/Button.tsx:28:13)

    console.log
      [Button] Rendering with type: submit

      at log (src/components/ui/Button.tsx:25:13)

    console.log
      [Button] Props received: {
        variant: 'primary',
        size: 'lg',
        type: 'submit',
        loading: false,
        disabled: true
      }

      at log (src/components/ui/Button.tsx:26:13)

    console.log
      [Button] Has onClick in props: false

      at log (src/components/ui/Button.tsx:27:13)

    console.log
      [Button] All props: {}

      at log (src/components/ui/Button.tsx:28:13)

    console.log
      [Button] Rendering with type: submit

      at log (src/components/ui/Button.tsx:25:13)

    console.log
      [Button] Props received: {
        variant: 'primary',
        size: 'lg',
        type: 'submit',
        loading: false,
        disabled: true
      }

      at log (src/components/ui/Button.tsx:26:13)

    console.log
      [Button] Has onClick in props: false

      at log (src/components/ui/Button.tsx:27:13)

    console.log
      [Button] All props: {}

      at log (src/components/ui/Button.tsx:28:13)

    console.log
      [Button] Rendering with type: submit

      at log (src/components/ui/Button.tsx:25:13)

    console.log
      [Button] Props received: {
        variant: 'primary',
        size: 'lg',
        type: 'submit',
        loading: false,
        disabled: true
      }

      at log (src/components/ui/Button.tsx:26:13)

    console.log
      [Button] Has onClick in props: false

      at log (src/components/ui/Button.tsx:27:13)

    console.log
      [Button] All props: {}

      at log (src/components/ui/Button.tsx:28:13)

    console.log
      [Button] Rendering with type: submit

      at log (src/components/ui/Button.tsx:25:13)

    console.log
      [Button] Props received: {
        variant: 'primary',
        size: 'lg',
        type: 'submit',
        loading: false,
        disabled: true
      }

      at log (src/components/ui/Button.tsx:26:13)

    console.log
      [Button] Has onClick in props: false

      at log (src/components/ui/Button.tsx:27:13)

    console.log
      [Button] All props: {}

      at log (src/components/ui/Button.tsx:28:13)

    console.log
      [Button] Rendering with type: submit

      at log (src/components/ui/Button.tsx:25:13)

    console.log
      [Button] Props received: {
        variant: 'primary',
        size: 'lg',
        type: 'submit',
        loading: false,
        disabled: true
      }

      at log (src/components/ui/Button.tsx:26:13)

    console.log
      [Button] Has onClick in props: false

      at log (src/components/ui/Button.tsx:27:13)

    console.log
      [Button] All props: {}

      at log (src/components/ui/Button.tsx:28:13)

    console.log
      [Button] Rendering with type: submit

      at log (src/components/ui/Button.tsx:25:13)

    console.log
      [Button] Props received: {
        variant: 'primary',
        size: 'lg',
        type: 'submit',
        loading: false,
        disabled: true
      }

      at log (src/components/ui/Button.tsx:26:13)

    console.log
      [Button] Has onClick in props: false

      at log (src/components/ui/Button.tsx:27:13)

    console.log
      [Button] All props: {}

      at log (src/components/ui/Button.tsx:28:13)

    console.log
      [Button] Rendering with type: submit

      at log (src/components/ui/Button.tsx:25:13)

    console.log
      [Button] Props received: {
        variant: 'primary',
        size: 'lg',
        type: 'submit',
        loading: false,
        disabled: true
      }

      at log (src/components/ui/Button.tsx:26:13)

    console.log
      [Button] Has onClick in props: false

      at log (src/components/ui/Button.tsx:27:13)

    console.log
      [Button] All props: {}

      at log (src/components/ui/Button.tsx:28:13)

    console.log
      [Button] Rendering with type: submit

      at log (src/components/ui/Button.tsx:25:13)

    console.log
      [Button] Props received: {
        variant: 'primary',
        size: 'lg',
        type: 'submit',
        loading: false,
        disabled: true
      }

      at log (src/components/ui/Button.tsx:26:13)

    console.log
      [Button] Has onClick in props: false

      at log (src/components/ui/Button.tsx:27:13)

    console.log
      [Button] All props: {}

      at log (src/components/ui/Button.tsx:28:13)

    console.log
      [Button] Rendering with type: submit

      at log (src/components/ui/Button.tsx:25:13)

    console.log
      [Button] Props received: {
        variant: 'primary',
        size: 'lg',
        type: 'submit',
        loading: false,
        disabled: true
      }

      at log (src/components/ui/Button.tsx:26:13)

    console.log
      [Button] Has onClick in props: false

      at log (src/components/ui/Button.tsx:27:13)

    console.log
      [Button] All props: {}

      at log (src/components/ui/Button.tsx:28:13)

    console.log
      [Button] Rendering with type: submit

      at log (src/components/ui/Button.tsx:25:13)

    console.log
      [Button] Props received: {
        variant: 'primary',
        size: 'lg',
        type: 'submit',
        loading: false,
        disabled: true
      }

      at log (src/components/ui/Button.tsx:26:13)

    console.log
      [Button] Has onClick in props: false

      at log (src/components/ui/Button.tsx:27:13)

    console.log
      [Button] All props: {}

      at log (src/components/ui/Button.tsx:28:13)

    console.log
      [Button] Rendering with type: submit

      at log (src/components/ui/Button.tsx:25:13)

    console.log
      [Button] Props received: {
        variant: 'primary',
        size: 'lg',
        type: 'submit',
        loading: false,
        disabled: true
      }

      at log (src/components/ui/Button.tsx:26:13)

    console.log
      [Button] Has onClick in props: false

      at log (src/components/ui/Button.tsx:27:13)

    console.log
      [Button] All props: {}

      at log (src/components/ui/Button.tsx:28:13)

    console.log
      [Button] Rendering with type: submit

      at log (src/components/ui/Button.tsx:25:13)

    console.log
      [Button] Props received: {
        variant: 'primary',
        size: 'lg',
        type: 'submit',
        loading: false,
        disabled: true
      }

      at log (src/components/ui/Button.tsx:26:13)

    console.log
      [Button] Has onClick in props: false

      at log (src/components/ui/Button.tsx:27:13)

    console.log
      [Button] All props: {}

      at log (src/components/ui/Button.tsx:28:13)

    console.log
      [Button] Rendering with type: submit

      at log (src/components/ui/Button.tsx:25:13)

    console.log
      [Button] Props received: {
        variant: 'primary',
        size: 'lg',
        type: 'submit',
        loading: false,
        disabled: true
      }

      at log (src/components/ui/Button.tsx:26:13)

    console.log
      [Button] Has onClick in props: false

      at log (src/components/ui/Button.tsx:27:13)

    console.log
      [Button] All props: {}

      at log (src/components/ui/Button.tsx:28:13)

    console.log
      [Button] Rendering with type: submit

      at log (src/components/ui/Button.tsx:25:13)

    console.log
      [Button] Props received: {
        variant: 'primary',
        size: 'lg',
        type: 'submit',
        loading: false,
        disabled: true
      }

      at log (src/components/ui/Button.tsx:26:13)

    console.log
      [Button] Has onClick in props: false

      at log (src/components/ui/Button.tsx:27:13)

    console.log
      [Button] All props: {}

      at log (src/components/ui/Button.tsx:28:13)

    console.log
      [Button] Rendering with type: submit

      at log (src/components/ui/Button.tsx:25:13)

    console.log
      [Button] Props received: {
        variant: 'primary',
        size: 'lg',
        type: 'submit',
        loading: false,
        disabled: true
      }

      at log (src/components/ui/Button.tsx:26:13)

    console.log
      [Button] Has onClick in props: false

      at log (src/components/ui/Button.tsx:27:13)

    console.log
      [Button] All props: {}

      at log (src/components/ui/Button.tsx:28:13)

    console.log
      [Button] Rendering with type: submit

      at log (src/components/ui/Button.tsx:25:13)

    console.log
      [Button] Props received: {
        variant: 'primary',
        size: 'lg',
        type: 'submit',
        loading: false,
        disabled: true
      }

      at log (src/components/ui/Button.tsx:26:13)

    console.log
      [Button] Has onClick in props: false

      at log (src/components/ui/Button.tsx:27:13)

    console.log
      [Button] All props: {}

      at log (src/components/ui/Button.tsx:28:13)

    console.log
      [Button] Rendering with type: submit

      at log (src/components/ui/Button.tsx:25:13)

    console.log
      [Button] Props received: {
        variant: 'primary',
        size: 'lg',
        type: 'submit',
        loading: false,
        disabled: true
      }

      at log (src/components/ui/Button.tsx:26:13)

    console.log
      [Button] Has onClick in props: false

      at log (src/components/ui/Button.tsx:27:13)

    console.log
      [Button] All props: {}

      at log (src/components/ui/Button.tsx:28:13)

    console.log
      [Button] Rendering with type: submit

      at log (src/components/ui/Button.tsx:25:13)

    console.log
      [Button] Props received: {
        variant: 'primary',
        size: 'lg',
        type: 'submit',
        loading: false,
        disabled: true
      }

      at log (src/components/ui/Button.tsx:26:13)

    console.log
      [Button] Has onClick in props: false

      at log (src/components/ui/Button.tsx:27:13)

    console.log
      [Button] All props: {}

      at log (src/components/ui/Button.tsx:28:13)

    console.log
      [Button] Rendering with type: submit

      at log (src/components/ui/Button.tsx:25:13)

    console.log
      [Button] Props received: {
        variant: 'primary',
        size: 'lg',
        type: 'submit',
        loading: false,
        disabled: true
      }

      at log (src/components/ui/Button.tsx:26:13)

    console.log
      [Button] Has onClick in props: false

      at log (src/components/ui/Button.tsx:27:13)

    console.log
      [Button] All props: {}

      at log (src/components/ui/Button.tsx:28:13)

    console.log
      [Button] Rendering with type: submit

      at log (src/components/ui/Button.tsx:25:13)

    console.log
      [Button] Props received: {
        variant: 'primary',
        size: 'lg',
        type: 'submit',
        loading: false,
        disabled: true
      }

      at log (src/components/ui/Button.tsx:26:13)

    console.log
      [Button] Has onClick in props: false

      at log (src/components/ui/Button.tsx:27:13)

    console.log
      [Button] All props: {}

      at log (src/components/ui/Button.tsx:28:13)

    console.log
      [Button] Rendering with type: submit

      at log (src/components/ui/Button.tsx:25:13)

    console.log
      [Button] Props received: {
        variant: 'primary',
        size: 'lg',
        type: 'submit',
        loading: false,
        disabled: true
      }

      at log (src/components/ui/Button.tsx:26:13)

    console.log
      [Button] Has onClick in props: false

      at log (src/components/ui/Button.tsx:27:13)

    console.log
      [Button] All props: {}

      at log (src/components/ui/Button.tsx:28:13)

    console.log
      [Button] Rendering with type: submit

      at log (src/components/ui/Button.tsx:25:13)

    console.log
      [Button] Props received: {
        variant: 'primary',
        size: 'lg',
        type: 'submit',
        loading: false,
        disabled: true
      }

      at log (src/components/ui/Button.tsx:26:13)

    console.log
      [Button] Has onClick in props: false

      at log (src/components/ui/Button.tsx:27:13)

    console.log
      [Button] All props: {}

      at log (src/components/ui/Button.tsx:28:13)

    console.log
      [Button] Rendering with type: submit

      at log (src/components/ui/Button.tsx:25:13)

    console.log
      [Button] Props received: {
        variant: 'primary',
        size: 'lg',
        type: 'submit',
        loading: false,
        disabled: true
      }

      at log (src/components/ui/Button.tsx:26:13)

    console.log
      [Button] Has onClick in props: false

      at log (src/components/ui/Button.tsx:27:13)

    console.log
      [Button] All props: {}

      at log (src/components/ui/Button.tsx:28:13)

    console.log
      [Button] Rendering with type: submit

      at log (src/components/ui/Button.tsx:25:13)

    console.log
      [Button] Props received: {
        variant: 'primary',
        size: 'lg',
        type: 'submit',
        loading: false,
        disabled: true
      }

      at log (src/components/ui/Button.tsx:26:13)

    console.log
      [Button] Has onClick in props: false

      at log (src/components/ui/Button.tsx:27:13)

    console.log
      [Button] All props: {}

      at log (src/components/ui/Button.tsx:28:13)

    console.log
      [Button] Rendering with type: submit

      at log (src/components/ui/Button.tsx:25:13)

    console.log
      [Button] Props received: {
        variant: 'primary',
        size: 'lg',
        type: 'submit',
        loading: false,
        disabled: true
      }

      at log (src/components/ui/Button.tsx:26:13)

    console.log
      [Button] Has onClick in props: false

      at log (src/components/ui/Button.tsx:27:13)

    console.log
      [Button] All props: {}

      at log (src/components/ui/Button.tsx:28:13)

    console.log
      [Button] Rendering with type: submit

      at log (src/components/ui/Button.tsx:25:13)

    console.log
      [Button] Props received: {
        variant: 'primary',
        size: 'lg',
        type: 'submit',
        loading: false,
        disabled: true
      }

      at log (src/components/ui/Button.tsx:26:13)

    console.log
      [Button] Has onClick in props: false

      at log (src/components/ui/Button.tsx:27:13)

    console.log
      [Button] All props: {}

      at log (src/components/ui/Button.tsx:28:13)

    console.log
      [Button] Rendering with type: submit

      at log (src/components/ui/Button.tsx:25:13)

    console.log
      [Button] Props received: {
        variant: 'primary',
        size: 'lg',
        type: 'submit',
        loading: false,
        disabled: true
      }

      at log (src/components/ui/Button.tsx:26:13)

    console.log
      [Button] Has onClick in props: false

      at log (src/components/ui/Button.tsx:27:13)

    console.log
      [Button] All props: {}

      at log (src/components/ui/Button.tsx:28:13)

    console.log
      [Button] Rendering with type: submit

      at log (src/components/ui/Button.tsx:25:13)

    console.log
      [Button] Props received: {
        variant: 'primary',
        size: 'lg',
        type: 'submit',
        loading: false,
        disabled: true
      }

      at log (src/components/ui/Button.tsx:26:13)

    console.log
      [Button] Has onClick in props: false

      at log (src/components/ui/Button.tsx:27:13)

    console.log
      [Button] All props: {}

      at log (src/components/ui/Button.tsx:28:13)

    console.log
      [Button] Rendering with type: submit

      at log (src/components/ui/Button.tsx:25:13)

    console.log
      [Button] Props received: {
        variant: 'primary',
        size: 'lg',
        type: 'submit',
        loading: false,
        disabled: true
      }

      at log (src/components/ui/Button.tsx:26:13)

    console.log
      [Button] Has onClick in props: false

      at log (src/components/ui/Button.tsx:27:13)

    console.log
      [Button] All props: {}

      at log (src/components/ui/Button.tsx:28:13)

    console.log
      [Button] Rendering with type: submit

      at log (src/components/ui/Button.tsx:25:13)

    console.log
      [Button] Props received: {
        variant: 'primary',
        size: 'lg',
        type: 'submit',
        loading: false,
        disabled: true
      }

      at log (src/components/ui/Button.tsx:26:13)

    console.log
      [Button] Has onClick in props: false

      at log (src/components/ui/Button.tsx:27:13)

    console.log
      [Button] All props: {}

      at log (src/components/ui/Button.tsx:28:13)

    console.log
      [Button] Rendering with type: submit

      at log (src/components/ui/Button.tsx:25:13)

    console.log
      [Button] Props received: {
        variant: 'primary',
        size: 'lg',
        type: 'submit',
        loading: false,
        disabled: true
      }

      at log (src/components/ui/Button.tsx:26:13)

    console.log
      [Button] Has onClick in props: false

      at log (src/components/ui/Button.tsx:27:13)

    console.log
      [Button] All props: {}

      at log (src/components/ui/Button.tsx:28:13)

    console.log
      [Button] Rendering with type: submit

      at log (src/components/ui/Button.tsx:25:13)

    console.log
      [Button] Props received: {
        variant: 'primary',
        size: 'lg',
        type: 'submit',
        loading: false,
        disabled: true
      }

      at log (src/components/ui/Button.tsx:26:13)

    console.log
      [Button] Has onClick in props: false

      at log (src/components/ui/Button.tsx:27:13)

    console.log
      [Button] All props: {}

      at log (src/components/ui/Button.tsx:28:13)

    console.log
      [Button] Rendering with type: submit

      at log (src/components/ui/Button.tsx:25:13)

    console.log
      [Button] Props received: {
        variant: 'primary',
        size: 'lg',
        type: 'submit',
        loading: false,
        disabled: true
      }

      at log (src/components/ui/Button.tsx:26:13)

    console.log
      [Button] Has onClick in props: false

      at log (src/components/ui/Button.tsx:27:13)

    console.log
      [Button] All props: {}

      at log (src/components/ui/Button.tsx:28:13)

    console.log
      [Button] Rendering with type: submit

      at log (src/components/ui/Button.tsx:25:13)

    console.log
      [Button] Props received: {
        variant: 'primary',
        size: 'lg',
        type: 'submit',
        loading: false,
        disabled: true
      }

      at log (src/components/ui/Button.tsx:26:13)

    console.log
      [Button] Has onClick in props: false

      at log (src/components/ui/Button.tsx:27:13)

    console.log
      [Button] All props: {}

      at log (src/components/ui/Button.tsx:28:13)

    console.log
      [Button] Rendering with type: submit

      at log (src/components/ui/Button.tsx:25:13)

    console.log
      [Button] Props received: {
        variant: 'primary',
        size: 'lg',
        type: 'submit',
        loading: false,
        disabled: true
      }

      at log (src/components/ui/Button.tsx:26:13)

    console.log
      [Button] Has onClick in props: false

      at log (src/components/ui/Button.tsx:27:13)

    console.log
      [Button] All props: {}

      at log (src/components/ui/Button.tsx:28:13)

    console.log
      [Button] Rendering with type: submit

      at log (src/components/ui/Button.tsx:25:13)

    console.log
      [Button] Props received: {
        variant: 'primary',
        size: 'lg',
        type: 'submit',
        loading: false,
        disabled: true
      }

      at log (src/components/ui/Button.tsx:26:13)

    console.log
      [Button] Has onClick in props: false

      at log (src/components/ui/Button.tsx:27:13)

    console.log
      [Button] All props: {}

      at log (src/components/ui/Button.tsx:28:13)

    console.log
      [Button] Rendering with type: submit

      at log (src/components/ui/Button.tsx:25:13)

    console.log
      [Button] Props received: {
        variant: 'primary',
        size: 'lg',
        type: 'submit',
        loading: false,
        disabled: true
      }

      at log (src/components/ui/Button.tsx:26:13)

    console.log
      [Button] Has onClick in props: false

      at log (src/components/ui/Button.tsx:27:13)

    console.log
      [Button] All props: {}

      at log (src/components/ui/Button.tsx:28:13)

    console.log
      [Button] Rendering with type: submit

      at log (src/components/ui/Button.tsx:25:13)

    console.log
      [Button] Props received: {
        variant: 'primary',
        size: 'lg',
        type: 'submit',
        loading: false,
        disabled: true
      }

      at log (src/components/ui/Button.tsx:26:13)

    console.log
      [Button] Has onClick in props: false

      at log (src/components/ui/Button.tsx:27:13)

    console.log
      [Button] All props: {}

      at log (src/components/ui/Button.tsx:28:13)

    console.log
      [Button] Rendering with type: submit

      at log (src/components/ui/Button.tsx:25:13)

    console.log
      [Button] Props received: {
        variant: 'primary',
        size: 'lg',
        type: 'submit',
        loading: false,
        disabled: true
      }

      at log (src/components/ui/Button.tsx:26:13)

    console.log
      [Button] Has onClick in props: false

      at log (src/components/ui/Button.tsx:27:13)

    console.log
      [Button] All props: {}

      at log (src/components/ui/Button.tsx:28:13)

    console.log
      [Button] Rendering with type: submit

      at log (src/components/ui/Button.tsx:25:13)

    console.log
      [Button] Props received: {
        variant: 'primary',
        size: 'lg',
        type: 'submit',
        loading: false,
        disabled: true
      }

      at log (src/components/ui/Button.tsx:26:13)

    console.log
      [Button] Has onClick in props: false

      at log (src/components/ui/Button.tsx:27:13)

    console.log
      [Button] All props: {}

      at log (src/components/ui/Button.tsx:28:13)

    console.log
      [Button] Rendering with type: submit

      at log (src/components/ui/Button.tsx:25:13)

    console.log
      [Button] Props received: {
        variant: 'primary',
        size: 'lg',
        type: 'submit',
        loading: false,
        disabled: true
      }

      at log (src/components/ui/Button.tsx:26:13)

    console.log
      [Button] Has onClick in props: false

      at log (src/components/ui/Button.tsx:27:13)

    console.log
      [Button] All props: {}

      at log (src/components/ui/Button.tsx:28:13)

    console.log
      [Button] Rendering with type: submit

      at log (src/components/ui/Button.tsx:25:13)

    console.log
      [Button] Props received: {
        variant: 'primary',
        size: 'lg',
        type: 'submit',
        loading: false,
        disabled: true
      }

      at log (src/components/ui/Button.tsx:26:13)

    console.log
      [Button] Has onClick in props: false

      at log (src/components/ui/Button.tsx:27:13)

    console.log
      [Button] All props: {}

      at log (src/components/ui/Button.tsx:28:13)

    console.log
      [Button] Rendering with type: submit

      at log (src/components/ui/Button.tsx:25:13)

    console.log
      [Button] Props received: {
        variant: 'primary',
        size: 'lg',
        type: 'submit',
        loading: false,
        disabled: true
      }

      at log (src/components/ui/Button.tsx:26:13)

    console.log
      [Button] Has onClick in props: false

      at log (src/components/ui/Button.tsx:27:13)

    console.log
      [Button] All props: {}

      at log (src/components/ui/Button.tsx:28:13)

    console.log
      [Button] Rendering with type: submit

      at log (src/components/ui/Button.tsx:25:13)

    console.log
      [Button] Props received: {
        variant: 'primary',
        size: 'lg',
        type: 'submit',
        loading: false,
        disabled: true
      }

      at log (src/components/ui/Button.tsx:26:13)

    console.log
      [Button] Has onClick in props: false

      at log (src/components/ui/Button.tsx:27:13)

    console.log
      [Button] All props: {}

      at log (src/components/ui/Button.tsx:28:13)

    console.log
      [Button] Rendering with type: submit

      at log (src/components/ui/Button.tsx:25:13)

    console.log
      [Button] Props received: {
        variant: 'primary',
        size: 'lg',
        type: 'submit',
        loading: false,
        disabled: true
      }

      at log (src/components/ui/Button.tsx:26:13)

    console.log
      [Button] Has onClick in props: false

      at log (src/components/ui/Button.tsx:27:13)

    console.log
      [Button] All props: {}

      at log (src/components/ui/Button.tsx:28:13)

    console.log
      [Button] Rendering with type: submit

      at log (src/components/ui/Button.tsx:25:13)

    console.log
      [Button] Props received: {
        variant: 'primary',
        size: 'lg',
        type: 'submit',
        loading: false,
        disabled: true
      }

      at log (src/components/ui/Button.tsx:26:13)

    console.log
      [Button] Has onClick in props: false

      at log (src/components/ui/Button.tsx:27:13)

    console.log
      [Button] All props: {}

      at log (src/components/ui/Button.tsx:28:13)

    console.log
      [Button] Rendering with type: submit

      at log (src/components/ui/Button.tsx:25:13)

    console.log
      [Button] Props received: {
        variant: 'primary',
        size: 'lg',
        type: 'submit',
        loading: false,
        disabled: true
      }

      at log (src/components/ui/Button.tsx:26:13)

    console.log
      [Button] Has onClick in props: false

      at log (src/components/ui/Button.tsx:27:13)

    console.log
      [Button] All props: {}

      at log (src/components/ui/Button.tsx:28:13)

    console.log
      [Button] Rendering with type: submit

      at log (src/components/ui/Button.tsx:25:13)

    console.log
      [Button] Props received: {
        variant: 'primary',
        size: 'lg',
        type: 'submit',
        loading: false,
        disabled: true
      }

      at log (src/components/ui/Button.tsx:26:13)

    console.log
      [Button] Has onClick in props: false

      at log (src/components/ui/Button.tsx:27:13)

    console.log
      [Button] All props: {}

      at log (src/components/ui/Button.tsx:28:13)

    console.log
      [Button] Rendering with type: submit

      at log (src/components/ui/Button.tsx:25:13)

    console.log
      [Button] Props received: {
        variant: 'primary',
        size: 'lg',
        type: 'submit',
        loading: false,
        disabled: true
      }

      at log (src/components/ui/Button.tsx:26:13)

    console.log
      [Button] Has onClick in props: false

      at log (src/components/ui/Button.tsx:27:13)

    console.log
      [Button] All props: {}

      at log (src/components/ui/Button.tsx:28:13)

    console.log
      [Button] Rendering with type: submit

      at log (src/components/ui/Button.tsx:25:13)

    console.log
      [Button] Props received: {
        variant: 'primary',
        size: 'lg',
        type: 'submit',
        loading: false,
        disabled: true
      }

      at log (src/components/ui/Button.tsx:26:13)

    console.log
      [Button] Has onClick in props: false

      at log (src/components/ui/Button.tsx:27:13)

    console.log
      [Button] All props: {}

      at log (src/components/ui/Button.tsx:28:13)

    console.log
      [Button] Rendering with type: submit

      at log (src/components/ui/Button.tsx:25:13)

    console.log
      [Button] Props received: {
        variant: 'primary',
        size: 'lg',
        type: 'submit',
        loading: false,
        disabled: true
      }

      at log (src/components/ui/Button.tsx:26:13)

    console.log
      [Button] Has onClick in props: false

      at log (src/components/ui/Button.tsx:27:13)

    console.log
      [Button] All props: {}

      at log (src/components/ui/Button.tsx:28:13)

    console.log
      [Button] Rendering with type: submit

      at log (src/components/ui/Button.tsx:25:13)

    console.log
      [Button] Props received: {
        variant: 'primary',
        size: 'lg',
        type: 'submit',
        loading: false,
        disabled: true
      }

      at log (src/components/ui/Button.tsx:26:13)

    console.log
      [Button] Has onClick in props: false

      at log (src/components/ui/Button.tsx:27:13)

    console.log
      [Button] All props: {}

      at log (src/components/ui/Button.tsx:28:13)

    console.log
      [Button] Rendering with type: submit

      at log (src/components/ui/Button.tsx:25:13)

    console.log
      [Button] Props received: {
        variant: 'primary',
        size: 'lg',
        type: 'submit',
        loading: false,
        disabled: true
      }

      at log (src/components/ui/Button.tsx:26:13)

    console.log
      [Button] Has onClick in props: false

      at log (src/components/ui/Button.tsx:27:13)

    console.log
      [Button] All props: {}

      at log (src/components/ui/Button.tsx:28:13)

    console.log
      [Button] Rendering with type: submit

      at log (src/components/ui/Button.tsx:25:13)

    console.log
      [Button] Props received: {
        variant: 'primary',
        size: 'lg',
        type: 'submit',
        loading: false,
        disabled: true
      }

      at log (src/components/ui/Button.tsx:26:13)

    console.log
      [Button] Has onClick in props: false

      at log (src/components/ui/Button.tsx:27:13)

    console.log
      [Button] All props: {}

      at log (src/components/ui/Button.tsx:28:13)

    console.log
      [Button] Rendering with type: submit

      at log (src/components/ui/Button.tsx:25:13)

    console.log
      [Button] Props received: {
        variant: 'primary',
        size: 'lg',
        type: 'submit',
        loading: false,
        disabled: true
      }

      at log (src/components/ui/Button.tsx:26:13)

    console.log
      [Button] Has onClick in props: false

      at log (src/components/ui/Button.tsx:27:13)

    console.log
      [Button] All props: {}

      at log (src/components/ui/Button.tsx:28:13)

    console.log
      [Button] Rendering with type: submit

      at log (src/components/ui/Button.tsx:25:13)

    console.log
      [Button] Props received: {
        variant: 'primary',
        size: 'lg',
        type: 'submit',
        loading: false,
        disabled: true
      }

      at log (src/components/ui/Button.tsx:26:13)

    console.log
      [Button] Has onClick in props: false

      at log (src/components/ui/Button.tsx:27:13)

    console.log
      [Button] All props: {}

      at log (src/components/ui/Button.tsx:28:13)

    console.log
      [Button] Rendering with type: submit

      at log (src/components/ui/Button.tsx:25:13)

    console.log
      [Button] Props received: {
        variant: 'primary',
        size: 'lg',
        type: 'submit',
        loading: false,
        disabled: true
      }

      at log (src/components/ui/Button.tsx:26:13)

    console.log
      [Button] Has onClick in props: false

      at log (src/components/ui/Button.tsx:27:13)

    console.log
      [Button] All props: {}

      at log (src/components/ui/Button.tsx:28:13)

    console.log
      [Button] Rendering with type: submit

      at log (src/components/ui/Button.tsx:25:13)

    console.log
      [Button] Props received: {
        variant: 'primary',
        size: 'lg',
        type: 'submit',
        loading: false,
        disabled: true
      }

      at log (src/components/ui/Button.tsx:26:13)

    console.log
      [Button] Has onClick in props: false

      at log (src/components/ui/Button.tsx:27:13)

    console.log
      [Button] All props: {}

      at log (src/components/ui/Button.tsx:28:13)

    console.log
      [Button] Rendering with type: submit

      at log (src/components/ui/Button.tsx:25:13)

    console.log
      [Button] Props received: {
        variant: 'primary',
        size: 'lg',
        type: 'submit',
        loading: false,
        disabled: true
      }

      at log (src/components/ui/Button.tsx:26:13)

    console.log
      [Button] Has onClick in props: false

      at log (src/components/ui/Button.tsx:27:13)

    console.log
      [Button] All props: {}

      at log (src/components/ui/Button.tsx:28:13)

    console.log
      [Button] Rendering with type: submit

      at log (src/components/ui/Button.tsx:25:13)

    console.log
      [Button] Props received: {
        variant: 'primary',
        size: 'lg',
        type: 'submit',
        loading: false,
        disabled: true
      }

      at log (src/components/ui/Button.tsx:26:13)

    console.log
      [Button] Has onClick in props: false

      at log (src/components/ui/Button.tsx:27:13)

    console.log
      [Button] All props: {}

      at log (src/components/ui/Button.tsx:28:13)

    console.log
      [Button] Rendering with type: submit

      at log (src/components/ui/Button.tsx:25:13)

    console.log
      [Button] Props received: {
        variant: 'primary',
        size: 'lg',
        type: 'submit',
        loading: false,
        disabled: true
      }

      at log (src/components/ui/Button.tsx:26:13)

    console.log
      [Button] Has onClick in props: false

      at log (src/components/ui/Button.tsx:27:13)

    console.log
      [Button] All props: {}

      at log (src/components/ui/Button.tsx:28:13)

    console.log
      [Button] Rendering with type: submit

      at log (src/components/ui/Button.tsx:25:13)

    console.log
      [Button] Props received: {
        variant: 'primary',
        size: 'lg',
        type: 'submit',
        loading: false,
        disabled: true
      }

      at log (src/components/ui/Button.tsx:26:13)

    console.log
      [Button] Has onClick in props: false

      at log (src/components/ui/Button.tsx:27:13)

    console.log
      [Button] All props: {}

      at log (src/components/ui/Button.tsx:28:13)

    console.log
      [Button] Rendering with type: submit

      at log (src/components/ui/Button.tsx:25:13)

    console.log
      [Button] Props received: {
        variant: 'primary',
        size: 'lg',
        type: 'submit',
        loading: false,
        disabled: true
      }

      at log (src/components/ui/Button.tsx:26:13)

    console.log
      [Button] Has onClick in props: false

      at log (src/components/ui/Button.tsx:27:13)

    console.log
      [Button] All props: {}

      at log (src/components/ui/Button.tsx:28:13)

    console.log
      [Button] Rendering with type: submit

      at log (src/components/ui/Button.tsx:25:13)

    console.log
      [Button] Props received: {
        variant: 'primary',
        size: 'lg',
        type: 'submit',
        loading: false,
        disabled: true
      }

      at log (src/components/ui/Button.tsx:26:13)

    console.log
      [Button] Has onClick in props: false

      at log (src/components/ui/Button.tsx:27:13)

    console.log
      [Button] All props: {}

      at log (src/components/ui/Button.tsx:28:13)

    console.log
      [Button] Rendering with type: submit

      at log (src/components/ui/Button.tsx:25:13)

    console.log
      [Button] Props received: {
        variant: 'primary',
        size: 'lg',
        type: 'submit',
        loading: false,
        disabled: true
      }

      at log (src/components/ui/Button.tsx:26:13)

    console.log
      [Button] Has onClick in props: false

      at log (src/components/ui/Button.tsx:27:13)

    console.log
      [Button] All props: {}

      at log (src/components/ui/Button.tsx:28:13)

    console.log
      [Button] Rendering with type: submit

      at log (src/components/ui/Button.tsx:25:13)

    console.log
      [Button] Props received: {
        variant: 'primary',
        size: 'lg',
        type: 'submit',
        loading: false,
        disabled: true
      }

      at log (src/components/ui/Button.tsx:26:13)

    console.log
      [Button] Has onClick in props: false

      at log (src/components/ui/Button.tsx:27:13)

    console.log
      [Button] All props: {}

      at log (src/components/ui/Button.tsx:28:13)

    console.log
      [Button] Rendering with type: submit

      at log (src/components/ui/Button.tsx:25:13)

    console.log
      [Button] Props received: {
        variant: 'primary',
        size: 'lg',
        type: 'submit',
        loading: false,
        disabled: true
      }

      at log (src/components/ui/Button.tsx:26:13)

    console.log
      [Button] Has onClick in props: false

      at log (src/components/ui/Button.tsx:27:13)

    console.log
      [Button] All props: {}

      at log (src/components/ui/Button.tsx:28:13)

    console.log
      [Button] Rendering with type: submit

      at log (src/components/ui/Button.tsx:25:13)

    console.log
      [Button] Props received: {
        variant: 'primary',
        size: 'lg',
        type: 'submit',
        loading: false,
        disabled: true
      }

      at log (src/components/ui/Button.tsx:26:13)

    console.log
      [Button] Has onClick in props: false

      at log (src/components/ui/Button.tsx:27:13)

    console.log
      [Button] All props: {}

      at log (src/components/ui/Button.tsx:28:13)

    console.log
      [Button] Rendering with type: submit

      at log (src/components/ui/Button.tsx:25:13)

    console.log
      [Button] Props received: {
        variant: 'primary',
        size: 'lg',
        type: 'submit',
        loading: false,
        disabled: true
      }

      at log (src/components/ui/Button.tsx:26:13)

    console.log
      [Button] Has onClick in props: false

      at log (src/components/ui/Button.tsx:27:13)

    console.log
      [Button] All props: {}

      at log (src/components/ui/Button.tsx:28:13)

    console.log
      [Button] Rendering with type: submit

      at log (src/components/ui/Button.tsx:25:13)

    console.log
      [Button] Props received: {
        variant: 'primary',
        size: 'lg',
        type: 'submit',
        loading: false,
        disabled: true
      }

      at log (src/components/ui/Button.tsx:26:13)

    console.log
      [Button] Has onClick in props: false

      at log (src/components/ui/Button.tsx:27:13)

    console.log
      [Button] All props: {}

      at log (src/components/ui/Button.tsx:28:13)

    console.log
      [Button] Rendering with type: submit

      at log (src/components/ui/Button.tsx:25:13)

    console.log
      [Button] Props received: {
        variant: 'primary',
        size: 'lg',
        type: 'submit',
        loading: false,
        disabled: true
      }

      at log (src/components/ui/Button.tsx:26:13)

    console.log
      [Button] Has onClick in props: false

      at log (src/components/ui/Button.tsx:27:13)

    console.log
      [Button] All props: {}

      at log (src/components/ui/Button.tsx:28:13)

    console.log
      [Button] Rendering with type: submit

      at log (src/components/ui/Button.tsx:25:13)

    console.log
      [Button] Props received: {
        variant: 'primary',
        size: 'lg',
        type: 'submit',
        loading: false,
        disabled: true
      }

      at log (src/components/ui/Button.tsx:26:13)

    console.log
      [Button] Has onClick in props: false

      at log (src/components/ui/Button.tsx:27:13)

    console.log
      [Button] All props: {}

      at log (src/components/ui/Button.tsx:28:13)

    console.log
      [Button] Rendering with type: submit

      at log (src/components/ui/Button.tsx:25:13)

    console.log
      [Button] Props received: {
        variant: 'primary',
        size: 'lg',
        type: 'submit',
        loading: false,
        disabled: true
      }

      at log (src/components/ui/Button.tsx:26:13)

    console.log
      [Button] Has onClick in props: false

      at log (src/components/ui/Button.tsx:27:13)

    console.log
      [Button] All props: {}

      at log (src/components/ui/Button.tsx:28:13)

    console.log
      [Button] Rendering with type: submit

      at log (src/components/ui/Button.tsx:25:13)

    console.log
      [Button] Props received: {
        variant: 'primary',
        size: 'lg',
        type: 'submit',
        loading: false,
        disabled: true
      }

      at log (src/components/ui/Button.tsx:26:13)

    console.log
      [Button] Has onClick in props: false

      at log (src/components/ui/Button.tsx:27:13)

    console.log
      [Button] All props: {}

      at log (src/components/ui/Button.tsx:28:13)

    console.log
      [Button] Rendering with type: submit

      at log (src/components/ui/Button.tsx:25:13)

    console.log
      [Button] Props received: {
        variant: 'primary',
        size: 'lg',
        type: 'submit',
        loading: false,
        disabled: true
      }

      at log (src/components/ui/Button.tsx:26:13)

    console.log
      [Button] Has onClick in props: false

      at log (src/components/ui/Button.tsx:27:13)

    console.log
      [Button] All props: {}

      at log (src/components/ui/Button.tsx:28:13)

    console.log
      [Button] Rendering with type: submit

      at log (src/components/ui/Button.tsx:25:13)

    console.log
      [Button] Props received: {
        variant: 'primary',
        size: 'lg',
        type: 'submit',
        loading: false,
        disabled: true
      }

      at log (src/components/ui/Button.tsx:26:13)

    console.log
      [Button] Has onClick in props: false

      at log (src/components/ui/Button.tsx:27:13)

    console.log
      [Button] All props: {}

      at log (src/components/ui/Button.tsx:28:13)

    console.log
      [Button] Rendering with type: submit

      at log (src/components/ui/Button.tsx:25:13)

    console.log
      [Button] Props received: {
        variant: 'primary',
        size: 'lg',
        type: 'submit',
        loading: false,
        disabled: true
      }

      at log (src/components/ui/Button.tsx:26:13)

    console.log
      [Button] Has onClick in props: false

      at log (src/components/ui/Button.tsx:27:13)

    console.log
      [Button] All props: {}

      at log (src/components/ui/Button.tsx:28:13)

    console.log
      [Button] Rendering with type: submit

      at log (src/components/ui/Button.tsx:25:13)

    console.log
      [Button] Props received: {
        variant: 'primary',
        size: 'lg',
        type: 'submit',
        loading: false,
        disabled: true
      }

      at log (src/components/ui/Button.tsx:26:13)

    console.log
      [Button] Has onClick in props: false

      at log (src/components/ui/Button.tsx:27:13)

    console.log
      [Button] All props: {}

      at log (src/components/ui/Button.tsx:28:13)

    console.log
      [Button] Rendering with type: submit

      at log (src/components/ui/Button.tsx:25:13)

    console.log
      [Button] Props received: {
        variant: 'primary',
        size: 'lg',
        type: 'submit',
        loading: false,
        disabled: true
      }

      at log (src/components/ui/Button.tsx:26:13)

    console.log
      [Button] Has onClick in props: false

      at log (src/components/ui/Button.tsx:27:13)

    console.log
      [Button] All props: {}

      at log (src/components/ui/Button.tsx:28:13)

    console.log
      [Button] Rendering with type: submit

      at log (src/components/ui/Button.tsx:25:13)

    console.log
      [Button] Props received: {
        variant: 'primary',
        size: 'lg',
        type: 'submit',
        loading: false,
        disabled: true
      }

      at log (src/components/ui/Button.tsx:26:13)

    console.log
      [Button] Has onClick in props: false

      at log (src/components/ui/Button.tsx:27:13)

    console.log
      [Button] All props: {}

      at log (src/components/ui/Button.tsx:28:13)

    console.log
      [Button] Rendering with type: submit

      at log (src/components/ui/Button.tsx:25:13)

    console.log
      [Button] Props received: {
        variant: 'primary',
        size: 'lg',
        type: 'submit',
        loading: false,
        disabled: true
      }

      at log (src/components/ui/Button.tsx:26:13)

    console.log
      [Button] Has onClick in props: false

      at log (src/components/ui/Button.tsx:27:13)

    console.log
      [Button] All props: {}

      at log (src/components/ui/Button.tsx:28:13)

    console.log
      [Button] Rendering with type: submit

      at log (src/components/ui/Button.tsx:25:13)

    console.log
      [Button] Props received: {
        variant: 'primary',
        size: 'lg',
        type: 'submit',
        loading: false,
        disabled: true
      }

      at log (src/components/ui/Button.tsx:26:13)

    console.log
      [Button] Has onClick in props: false

      at log (src/components/ui/Button.tsx:27:13)

    console.log
      [Button] All props: {}

      at log (src/components/ui/Button.tsx:28:13)

    console.log
      [Button] Rendering with type: submit

      at log (src/components/ui/Button.tsx:25:13)

    console.log
      [Button] Props received: {
        variant: 'primary',
        size: 'lg',
        type: 'submit',
        loading: false,
        disabled: true
      }

      at log (src/components/ui/Button.tsx:26:13)

    console.log
      [Button] Has onClick in props: false

      at log (src/components/ui/Button.tsx:27:13)

    console.log
      [Button] All props: {}

      at log (src/components/ui/Button.tsx:28:13)

    console.log
      [Button] Rendering with type: submit

      at log (src/components/ui/Button.tsx:25:13)

    console.log
      [Button] Props received: {
        variant: 'primary',
        size: 'lg',
        type: 'submit',
        loading: false,
        disabled: true
      }

      at log (src/components/ui/Button.tsx:26:13)

    console.log
      [Button] Has onClick in props: false

      at log (src/components/ui/Button.tsx:27:13)

    console.log
      [Button] All props: {}

      at log (src/components/ui/Button.tsx:28:13)

    console.log
      [Button] Rendering with type: submit

      at log (src/components/ui/Button.tsx:25:13)

    console.log
      [Button] Props received: {
        variant: 'primary',
        size: 'lg',
        type: 'submit',
        loading: false,
        disabled: true
      }

      at log (src/components/ui/Button.tsx:26:13)

    console.log
      [Button] Has onClick in props: false

      at log (src/components/ui/Button.tsx:27:13)

    console.log
      [Button] All props: {}

      at log (src/components/ui/Button.tsx:28:13)

    console.log
      [Button] Rendering with type: submit

      at log (src/components/ui/Button.tsx:25:13)

    console.log
      [Button] Props received: {
        variant: 'primary',
        size: 'lg',
        type: 'submit',
        loading: false,
        disabled: true
      }

      at log (src/components/ui/Button.tsx:26:13)

    console.log
      [Button] Has onClick in props: false

      at log (src/components/ui/Button.tsx:27:13)

    console.log
      [Button] All props: {}

      at log (src/components/ui/Button.tsx:28:13)

    console.log
      [Button] Rendering with type: submit

      at log (src/components/ui/Button.tsx:25:13)

    console.log
      [Button] Props received: {
        variant: 'primary',
        size: 'lg',
        type: 'submit',
        loading: false,
        disabled: true
      }

      at log (src/components/ui/Button.tsx:26:13)

    console.log
      [Button] Has onClick in props: false

      at log (src/components/ui/Button.tsx:27:13)

    console.log
      [Button] All props: {}

      at log (src/components/ui/Button.tsx:28:13)

    console.log
      [Button] Rendering with type: submit

      at log (src/components/ui/Button.tsx:25:13)

    console.log
      [Button] Props received: {
        variant: 'primary',
        size: 'lg',
        type: 'submit',
        loading: false,
        disabled: true
      }

      at log (src/components/ui/Button.tsx:26:13)

    console.log
      [Button] Has onClick in props: false

      at log (src/components/ui/Button.tsx:27:13)

    console.log
      [Button] All props: {}

      at log (src/components/ui/Button.tsx:28:13)

    console.log
      [Button] Rendering with type: submit

      at log (src/components/ui/Button.tsx:25:13)

    console.log
      [Button] Props received: {
        variant: 'primary',
        size: 'lg',
        type: 'submit',
        loading: false,
        disabled: true
      }

      at log (src/components/ui/Button.tsx:26:13)

    console.log
      [Button] Has onClick in props: false

      at log (src/components/ui/Button.tsx:27:13)

    console.log
      [Button] All props: {}

      at log (src/components/ui/Button.tsx:28:13)

    console.log
      [Button] Rendering with type: submit

      at log (src/components/ui/Button.tsx:25:13)

    console.log
      [Button] Props received: {
        variant: 'primary',
        size: 'lg',
        type: 'submit',
        loading: false,
        disabled: false
      }

      at log (src/components/ui/Button.tsx:26:13)

    console.log
      [Button] Has onClick in props: false

      at log (src/components/ui/Button.tsx:27:13)

    console.log
      [Button] All props: {}

      at log (src/components/ui/Button.tsx:28:13)

    console.log
      [Button] Rendering with type: submit

      at log (src/components/ui/Button.tsx:25:13)

    console.log
      [Button] Props received: {
        variant: 'primary',
        size: 'lg',
        type: 'submit',
        loading: false,
        disabled: true
      }

      at log (src/components/ui/Button.tsx:26:13)

    console.log
      [Button] Has onClick in props: false

      at log (src/components/ui/Button.tsx:27:13)

    console.log
      [Button] All props: {}

      at log (src/components/ui/Button.tsx:28:13)

    console.log
      [Button] Rendering with type: submit

      at log (src/components/ui/Button.tsx:25:13)

    console.log
      [Button] Props received: {
        variant: 'primary',
        size: 'lg',
        type: 'submit',
        loading: false,
        disabled: false
      }

      at log (src/components/ui/Button.tsx:26:13)

    console.log
      [Button] Has onClick in props: false

      at log (src/components/ui/Button.tsx:27:13)

    console.log
      [Button] All props: {}

      at log (src/components/ui/Button.tsx:28:13)

    console.log
      [Button] Rendering with type: submit

      at log (src/components/ui/Button.tsx:25:13)

    console.log
      [Button] Props received: {
        variant: 'primary',
        size: 'lg',
        type: 'submit',
        loading: false,
        disabled: false
      }

      at log (src/components/ui/Button.tsx:26:13)

    console.log
      [Button] Has onClick in props: false

      at log (src/components/ui/Button.tsx:27:13)

    console.log
      [Button] All props: {}

      at log (src/components/ui/Button.tsx:28:13)

    console.log
      [Button] Rendering with type: submit

      at log (src/components/ui/Button.tsx:25:13)

    console.log
      [Button] Props received: {
        variant: 'primary',
        size: 'lg',
        type: 'submit',
        loading: false,
        disabled: false
      }

      at log (src/components/ui/Button.tsx:26:13)

    console.log
      [Button] Has onClick in props: false

      at log (src/components/ui/Button.tsx:27:13)

    console.log
      [Button] All props: {}

      at log (src/components/ui/Button.tsx:28:13)

    console.log
      [Button] Rendering with type: submit

      at log (src/components/ui/Button.tsx:25:13)

    console.log
      [Button] Props received: {
        variant: 'primary',
        size: 'lg',
        type: 'submit',
        loading: false,
        disabled: false
      }

      at log (src/components/ui/Button.tsx:26:13)

    console.log
      [Button] Has onClick in props: false

      at log (src/components/ui/Button.tsx:27:13)

    console.log
      [Button] All props: {}

      at log (src/components/ui/Button.tsx:28:13)

    console.log
      [Button] Rendering with type: submit

      at log (src/components/ui/Button.tsx:25:13)

    console.log
      [Button] Props received: {
        variant: 'primary',
        size: 'lg',
        type: 'submit',
        loading: false,
        disabled: false
      }

      at log (src/components/ui/Button.tsx:26:13)

    console.log
      [Button] Has onClick in props: false

      at log (src/components/ui/Button.tsx:27:13)

    console.log
      [Button] All props: {}

      at log (src/components/ui/Button.tsx:28:13)

    console.log
      [Button] Rendering with type: submit

      at log (src/components/ui/Button.tsx:25:13)

    console.log
      [Button] Props received: {
        variant: 'primary',
        size: 'lg',
        type: 'submit',
        loading: false,
        disabled: false
      }

      at log (src/components/ui/Button.tsx:26:13)

    console.log
      [Button] Has onClick in props: false

      at log (src/components/ui/Button.tsx:27:13)

    console.log
      [Button] All props: {}

      at log (src/components/ui/Button.tsx:28:13)

    console.log
      [Button] Rendering with type: submit

      at log (src/components/ui/Button.tsx:25:13)

    console.log
      [Button] Props received: {
        variant: 'primary',
        size: 'lg',
        type: 'submit',
        loading: false,
        disabled: false
      }

      at log (src/components/ui/Button.tsx:26:13)

    console.log
      [Button] Has onClick in props: false

      at log (src/components/ui/Button.tsx:27:13)

    console.log
      [Button] All props: {}

      at log (src/components/ui/Button.tsx:28:13)

    console.log
      [Button] Rendering with type: submit

      at log (src/components/ui/Button.tsx:25:13)

    console.log
      [Button] Props received: {
        variant: 'primary',
        size: 'lg',
        type: 'submit',
        loading: false,
        disabled: false
      }

      at log (src/components/ui/Button.tsx:26:13)

    console.log
      [Button] Has onClick in props: false

      at log (src/components/ui/Button.tsx:27:13)

    console.log
      [Button] All props: {}

      at log (src/components/ui/Button.tsx:28:13)

    console.log
      [Button] Rendering with type: submit

      at log (src/components/ui/Button.tsx:25:13)

    console.log
      [Button] Props received: {
        variant: 'primary',
        size: 'lg',
        type: 'submit',
        loading: false,
        disabled: false
      }

      at log (src/components/ui/Button.tsx:26:13)

    console.log
      [Button] Has onClick in props: false

      at log (src/components/ui/Button.tsx:27:13)

    console.log
      [Button] All props: {}

      at log (src/components/ui/Button.tsx:28:13)

    console.log
      [Button] Rendering with type: submit

      at log (src/components/ui/Button.tsx:25:13)

    console.log
      [Button] Props received: {
        variant: 'primary',
        size: 'lg',
        type: 'submit',
        loading: false,
        disabled: false
      }

      at log (src/components/ui/Button.tsx:26:13)

    console.log
      [Button] Has onClick in props: false

      at log (src/components/ui/Button.tsx:27:13)

    console.log
      [Button] All props: {}

      at log (src/components/ui/Button.tsx:28:13)

    console.log
      [Button] Rendering with type: submit

      at log (src/components/ui/Button.tsx:25:13)

    console.log
      [Button] Props received: {
        variant: 'primary',
        size: 'lg',
        type: 'submit',
        loading: false,
        disabled: false
      }

      at log (src/components/ui/Button.tsx:26:13)

    console.log
      [Button] Has onClick in props: false

      at log (src/components/ui/Button.tsx:27:13)

    console.log
      [Button] All props: {}

      at log (src/components/ui/Button.tsx:28:13)

    console.log
      [Button] Rendering with type: submit

      at log (src/components/ui/Button.tsx:25:13)

    console.log
      [Button] Props received: {
        variant: 'primary',
        size: 'lg',
        type: 'submit',
        loading: false,
        disabled: false
      }

      at log (src/components/ui/Button.tsx:26:13)

    console.log
      [Button] Has onClick in props: false

      at log (src/components/ui/Button.tsx:27:13)

    console.log
      [Button] All props: {}

      at log (src/components/ui/Button.tsx:28:13)

    console.log
      [Button] Rendering with type: submit

      at log (src/components/ui/Button.tsx:25:13)

    console.log
      [Button] Props received: {
        variant: 'primary',
        size: 'lg',
        type: 'submit',
        loading: false,
        disabled: false
      }

      at log (src/components/ui/Button.tsx:26:13)

    console.log
      [Button] Has onClick in props: false

      at log (src/components/ui/Button.tsx:27:13)

    console.log
      [Button] All props: {}

      at log (src/components/ui/Button.tsx:28:13)

    console.log
      [Button] Rendering with type: submit

      at log (src/components/ui/Button.tsx:25:13)

    console.log
      [Button] Props received: {
        variant: 'primary',
        size: 'lg',
        type: 'submit',
        loading: false,
        disabled: false
      }

      at log (src/components/ui/Button.tsx:26:13)

    console.log
      [Button] Has onClick in props: false

      at log (src/components/ui/Button.tsx:27:13)

    console.log
      [Button] All props: {}

      at log (src/components/ui/Button.tsx:28:13)

    console.log
      [Button] Rendering with type: submit

      at log (src/components/ui/Button.tsx:25:13)

    console.log
      [Button] Props received: {
        variant: 'primary',
        size: 'lg',
        type: 'submit',
        loading: false,
        disabled: false
      }

      at log (src/components/ui/Button.tsx:26:13)

    console.log
      [Button] Has onClick in props: false

      at log (src/components/ui/Button.tsx:27:13)

    console.log
      [Button] All props: {}

      at log (src/components/ui/Button.tsx:28:13)

    console.log
      [Button] Rendering with type: submit

      at log (src/components/ui/Button.tsx:25:13)

    console.log
      [Button] Props received: {
        variant: 'primary',
        size: 'lg',
        type: 'submit',
        loading: false,
        disabled: false
      }

      at log (src/components/ui/Button.tsx:26:13)

    console.log
      [Button] Has onClick in props: false

      at log (src/components/ui/Button.tsx:27:13)

    console.log
      [Button] All props: {}

      at log (src/components/ui/Button.tsx:28:13)

    console.log
      [Button] Rendering with type: submit

      at log (src/components/ui/Button.tsx:25:13)

    console.log
      [Button] Props received: {
        variant: 'primary',
        size: 'lg',
        type: 'submit',
        loading: false,
        disabled: false
      }

      at log (src/components/ui/Button.tsx:26:13)

    console.log
      [Button] Has onClick in props: false

      at log (src/components/ui/Button.tsx:27:13)

    console.log
      [Button] All props: {}

      at log (src/components/ui/Button.tsx:28:13)

    console.log
      [Button] Rendering with type: submit

      at log (src/components/ui/Button.tsx:25:13)

    console.log
      [Button] Props received: {
        variant: 'primary',
        size: 'lg',
        type: 'submit',
        loading: false,
        disabled: false
      }

      at log (src/components/ui/Button.tsx:26:13)

    console.log
      [Button] Has onClick in props: false

      at log (src/components/ui/Button.tsx:27:13)

    console.log
      [Button] All props: {}

      at log (src/components/ui/Button.tsx:28:13)

    console.log
      [Button] Rendering with type: submit

      at log (src/components/ui/Button.tsx:25:13)

    console.log
      [Button] Props received: {
        variant: 'primary',
        size: 'lg',
        type: 'submit',
        loading: false,
        disabled: false
      }

      at log (src/components/ui/Button.tsx:26:13)

    console.log
      [Button] Has onClick in props: false

      at log (src/components/ui/Button.tsx:27:13)

    console.log
      [Button] All props: {}

      at log (src/components/ui/Button.tsx:28:13)

    console.log
      [Button] Rendering with type: submit

      at log (src/components/ui/Button.tsx:25:13)

    console.log
      [Button] Props received: {
        variant: 'primary',
        size: 'lg',
        type: 'submit',
        loading: false,
        disabled: true
      }

      at log (src/components/ui/Button.tsx:26:13)

    console.log
      [Button] Has onClick in props: false

      at log (src/components/ui/Button.tsx:27:13)

    console.log
      [Button] All props: {}

      at log (src/components/ui/Button.tsx:28:13)

    console.log
      [Button] Rendering with type: submit

      at log (src/components/ui/Button.tsx:25:13)

    console.log
      [Button] Props received: {
        variant: 'primary',
        size: 'lg',
        type: 'submit',
        loading: false,
        disabled: false
      }

      at log (src/components/ui/Button.tsx:26:13)

    console.log
      [Button] Has onClick in props: false

      at log (src/components/ui/Button.tsx:27:13)

    console.log
      [Button] All props: {}

      at log (src/components/ui/Button.tsx:28:13)

    console.log
      [Button] Rendering with type: submit

      at log (src/components/ui/Button.tsx:25:13)

    console.log
      [Button] Props received: {
        variant: 'primary',
        size: 'lg',
        type: 'submit',
        loading: false,
        disabled: false
      }

      at log (src/components/ui/Button.tsx:26:13)

    console.log
      [Button] Has onClick in props: false

      at log (src/components/ui/Button.tsx:27:13)

    console.log
      [Button] All props: {}

      at log (src/components/ui/Button.tsx:28:13)

    console.log
      [Button] Rendering with type: submit

      at log (src/components/ui/Button.tsx:25:13)

    console.log
      [Button] Props received: {
        variant: 'primary',
        size: 'lg',
        type: 'submit',
        loading: false,
        disabled: false
      }

      at log (src/components/ui/Button.tsx:26:13)

    console.log
      [Button] Has onClick in props: false

      at log (src/components/ui/Button.tsx:27:13)

    console.log
      [Button] All props: {}

      at log (src/components/ui/Button.tsx:28:13)

    console.log
      [Button] Rendering with type: submit

      at log (src/components/ui/Button.tsx:25:13)

    console.log
      [Button] Props received: {
        variant: 'primary',
        size: 'lg',
        type: 'submit',
        loading: false,
        disabled: false
      }

      at log (src/components/ui/Button.tsx:26:13)

    console.log
      [Button] Has onClick in props: false

      at log (src/components/ui/Button.tsx:27:13)

    console.log
      [Button] All props: {}

      at log (src/components/ui/Button.tsx:28:13)

    console.log
      [Button] Rendering with type: submit

      at log (src/components/ui/Button.tsx:25:13)

    console.log
      [Button] Props received: {
        variant: 'primary',
        size: 'lg',
        type: 'submit',
        loading: false,
        disabled: false
      }

      at log (src/components/ui/Button.tsx:26:13)

    console.log
      [Button] Has onClick in props: false

      at log (src/components/ui/Button.tsx:27:13)

    console.log
      [Button] All props: {}

      at log (src/components/ui/Button.tsx:28:13)

    console.log
      [Button] Rendering with type: submit

      at log (src/components/ui/Button.tsx:25:13)

    console.log
      [Button] Props received: {
        variant: 'primary',
        size: 'lg',
        type: 'submit',
        loading: false,
        disabled: false
      }

      at log (src/components/ui/Button.tsx:26:13)

    console.log
      [Button] Has onClick in props: false

      at log (src/components/ui/Button.tsx:27:13)

    console.log
      [Button] All props: {}

      at log (src/components/ui/Button.tsx:28:13)

    console.log
      [Button] Rendering with type: submit

      at log (src/components/ui/Button.tsx:25:13)

    console.log
      [Button] Props received: {
        variant: 'primary',
        size: 'lg',
        type: 'submit',
        loading: false,
        disabled: false
      }

      at log (src/components/ui/Button.tsx:26:13)

    console.log
      [Button] Has onClick in props: false

      at log (src/components/ui/Button.tsx:27:13)

    console.log
      [Button] All props: {}

      at log (src/components/ui/Button.tsx:28:13)

    console.log
      [Button] Rendering with type: submit

      at log (src/components/ui/Button.tsx:25:13)

    console.log
      [Button] Props received: {
        variant: 'primary',
        size: 'lg',
        type: 'submit',
        loading: false,
        disabled: false
      }

      at log (src/components/ui/Button.tsx:26:13)

    console.log
      [Button] Has onClick in props: false

      at log (src/components/ui/Button.tsx:27:13)

    console.log
      [Button] All props: {}

      at log (src/components/ui/Button.tsx:28:13)

    console.log
      [Button] Rendering with type: submit

      at log (src/components/ui/Button.tsx:25:13)

    console.log
      [Button] Props received: {
        variant: 'primary',
        size: 'lg',
        type: 'submit',
        loading: false,
        disabled: true
      }

      at log (src/components/ui/Button.tsx:26:13)

    console.log
      [Button] Has onClick in props: false

      at log (src/components/ui/Button.tsx:27:13)

    console.log
      [Button] All props: {}

      at log (src/components/ui/Button.tsx:28:13)

    console.log
      [Button] Rendering with type: submit

      at log (src/components/ui/Button.tsx:25:13)

    console.log
      [Button] Props received: {
        variant: 'primary',
        size: 'lg',
        type: 'submit',
        loading: false,
        disabled: true
      }

      at log (src/components/ui/Button.tsx:26:13)

    console.log
      [Button] Has onClick in props: false

      at log (src/components/ui/Button.tsx:27:13)

    console.log
      [Button] All props: {}

      at log (src/components/ui/Button.tsx:28:13)

    console.log
      [Button] Rendering with type: submit

      at log (src/components/ui/Button.tsx:25:13)

    console.log
      [Button] Props received: {
        variant: 'primary',
        size: 'lg',
        type: 'submit',
        loading: false,
        disabled: true
      }

      at log (src/components/ui/Button.tsx:26:13)

    console.log
      [Button] Has onClick in props: false

      at log (src/components/ui/Button.tsx:27:13)

    console.log
      [Button] All props: {}

      at log (src/components/ui/Button.tsx:28:13)

    console.log
      [Button] Rendering with type: submit

      at log (src/components/ui/Button.tsx:25:13)

    console.log
      [Button] Props received: {
        variant: 'primary',
        size: 'lg',
        type: 'submit',
        loading: false,
        disabled: false
      }

      at log (src/components/ui/Button.tsx:26:13)

    console.log
      [Button] Has onClick in props: false

      at log (src/components/ui/Button.tsx:27:13)

    console.log
      [Button] All props: {}

      at log (src/components/ui/Button.tsx:28:13)

    console.log
      [Button] Rendering with type: submit

      at log (src/components/ui/Button.tsx:25:13)

    console.log
      [Button] Props received: {
        variant: 'primary',
        size: 'lg',
        type: 'submit',
        loading: false,
        disabled: true
      }

      at log (src/components/ui/Button.tsx:26:13)

    console.log
      [Button] Has onClick in props: false

      at log (src/components/ui/Button.tsx:27:13)

    console.log
      [Button] All props: {}

      at log (src/components/ui/Button.tsx:28:13)

    console.log
      [Button] Rendering with type: submit

      at log (src/components/ui/Button.tsx:25:13)

    console.log
      [Button] Props received: {
        variant: 'primary',
        size: 'lg',
        type: 'submit',
        loading: false,
        disabled: false
      }

      at log (src/components/ui/Button.tsx:26:13)

    console.log
      [Button] Has onClick in props: false

      at log (src/components/ui/Button.tsx:27:13)

    console.log
      [Button] All props: {}

      at log (src/components/ui/Button.tsx:28:13)

    console.log
      [Button] Rendering with type: submit

      at log (src/components/ui/Button.tsx:25:13)

    console.log
      [Button] Props received: {
        variant: 'primary',
        size: 'lg',
        type: 'submit',
        loading: false,
        disabled: false
      }

      at log (src/components/ui/Button.tsx:26:13)

    console.log
      [Button] Has onClick in props: false

      at log (src/components/ui/Button.tsx:27:13)

    console.log
      [Button] All props: {}

      at log (src/components/ui/Button.tsx:28:13)

    console.log
      [Button] Rendering with type: submit

      at log (src/components/ui/Button.tsx:25:13)

    console.log
      [Button] Props received: {
        variant: 'primary',
        size: 'lg',
        type: 'submit',
        loading: false,
        disabled: true
      }

      at log (src/components/ui/Button.tsx:26:13)

    console.log
      [Button] Has onClick in props: false

      at log (src/components/ui/Button.tsx:27:13)

    console.log
      [Button] All props: {}

      at log (src/components/ui/Button.tsx:28:13)

    console.log
      [Button] Rendering with type: submit

      at log (src/components/ui/Button.tsx:25:13)

    console.log
      [Button] Props received: {
        variant: 'primary',
        size: 'lg',
        type: 'submit',
        loading: false,
        disabled: true
      }

      at log (src/components/ui/Button.tsx:26:13)

    console.log
      [Button] Has onClick in props: false

      at log (src/components/ui/Button.tsx:27:13)

    console.log
      [Button] All props: {}

      at log (src/components/ui/Button.tsx:28:13)

    console.log
      [Button] Rendering with type: submit

      at log (src/components/ui/Button.tsx:25:13)

    console.log
      [Button] Props received: {
        variant: 'primary',
        size: 'lg',
        type: 'submit',
        loading: false,
        disabled: false
      }

      at log (src/components/ui/Button.tsx:26:13)

    console.log
      [Button] Has onClick in props: false

      at log (src/components/ui/Button.tsx:27:13)

    console.log
      [Button] All props: {}

      at log (src/components/ui/Button.tsx:28:13)

    console.log
      [Button] Rendering with type: submit

      at log (src/components/ui/Button.tsx:25:13)

    console.log
      [Button] Props received: {
        variant: 'primary',
        size: 'lg',
        type: 'submit',
        loading: false,
        disabled: true
      }

      at log (src/components/ui/Button.tsx:26:13)

    console.log
      [Button] Has onClick in props: false

      at log (src/components/ui/Button.tsx:27:13)

    console.log
      [Button] All props: {}

      at log (src/components/ui/Button.tsx:28:13)

    console.log
      [Button] Rendering with type: submit

      at log (src/components/ui/Button.tsx:25:13)

    console.log
      [Button] Props received: {
        variant: 'primary',
        size: 'lg',
        type: 'submit',
        loading: false,
        disabled: false
      }

      at log (src/components/ui/Button.tsx:26:13)

    console.log
      [Button] Has onClick in props: false

      at log (src/components/ui/Button.tsx:27:13)

    console.log
      [Button] All props: {}

      at log (src/components/ui/Button.tsx:28:13)

    console.log
      [Button] Rendering with type: submit

      at log (src/components/ui/Button.tsx:25:13)

    console.log
      [Button] Props received: {
        variant: 'primary',
        size: 'lg',
        type: 'submit',
        loading: false,
        disabled: false
      }

      at log (src/components/ui/Button.tsx:26:13)

    console.log
      [Button] Has onClick in props: false

      at log (src/components/ui/Button.tsx:27:13)

    console.log
      [Button] All props: {}

      at log (src/components/ui/Button.tsx:28:13)

    console.log
      [Button] Rendering with type: submit

      at log (src/components/ui/Button.tsx:25:13)

    console.log
      [Button] Props received: {
        variant: 'primary',
        size: 'lg',
        type: 'submit',
        loading: false,
        disabled: false
      }

      at log (src/components/ui/Button.tsx:26:13)

    console.log
      [Button] Has onClick in props: false

      at log (src/components/ui/Button.tsx:27:13)

    console.log
      [Button] All props: {}

      at log (src/components/ui/Button.tsx:28:13)

    console.log
      [Button] Rendering with type: submit

      at log (src/components/ui/Button.tsx:25:13)

    console.log
      [Button] Props received: {
        variant: 'primary',
        size: 'lg',
        type: 'submit',
        loading: false,
        disabled: false
      }

      at log (src/components/ui/Button.tsx:26:13)

    console.log
      [Button] Has onClick in props: false

      at log (src/components/ui/Button.tsx:27:13)

    console.log
      [Button] All props: {}

      at log (src/components/ui/Button.tsx:28:13)

    console.log
      [Button] Rendering with type: submit

      at log (src/components/ui/Button.tsx:25:13)

    console.log
      [Button] Props received: {
        variant: 'primary',
        size: 'lg',
        type: 'submit',
        loading: false,
        disabled: false
      }

      at log (src/components/ui/Button.tsx:26:13)

    console.log
      [Button] Has onClick in props: false

      at log (src/components/ui/Button.tsx:27:13)

    console.log
      [Button] All props: {}

      at log (src/components/ui/Button.tsx:28:13)

    console.log
      [Button] Rendering with type: submit

      at log (src/components/ui/Button.tsx:25:13)

    console.log
      [Button] Props received: {
        variant: 'primary',
        size: 'lg',
        type: 'submit',
        loading: false,
        disabled: false
      }

      at log (src/components/ui/Button.tsx:26:13)

    console.log
      [Button] Has onClick in props: false

      at log (src/components/ui/Button.tsx:27:13)

    console.log
      [Button] All props: {}

      at log (src/components/ui/Button.tsx:28:13)

    console.log
      [Button] Rendering with type: submit

      at log (src/components/ui/Button.tsx:25:13)

    console.log
      [Button] Props received: {
        variant: 'primary',
        size: 'lg',
        type: 'submit',
        loading: false,
        disabled: false
      }

      at log (src/components/ui/Button.tsx:26:13)

    console.log
      [Button] Has onClick in props: false

      at log (src/components/ui/Button.tsx:27:13)

    console.log
      [Button] All props: {}

      at log (src/components/ui/Button.tsx:28:13)

    console.log
      [Button] Rendering with type: submit

      at log (src/components/ui/Button.tsx:25:13)

    console.log
      [Button] Props received: {
        variant: 'primary',
        size: 'lg',
        type: 'submit',
        loading: false,
        disabled: false
      }

      at log (src/components/ui/Button.tsx:26:13)

    console.log
      [Button] Has onClick in props: false

      at log (src/components/ui/Button.tsx:27:13)

    console.log
      [Button] All props: {}

      at log (src/components/ui/Button.tsx:28:13)

    console.log
      [Button] Rendering with type: submit

      at log (src/components/ui/Button.tsx:25:13)

    console.log
      [Button] Props received: {
        variant: 'primary',
        size: 'lg',
        type: 'submit',
        loading: false,
        disabled: false
      }

      at log (src/components/ui/Button.tsx:26:13)

    console.log
      [Button] Has onClick in props: false

      at log (src/components/ui/Button.tsx:27:13)

    console.log
      [Button] All props: {}

      at log (src/components/ui/Button.tsx:28:13)

    console.log
      [Button] Rendering with type: submit

      at log (src/components/ui/Button.tsx:25:13)

    console.log
      [Button] Props received: {
        variant: 'primary',
        size: 'lg',
        type: 'submit',
        loading: false,
        disabled: false
      }

      at log (src/components/ui/Button.tsx:26:13)

    console.log
      [Button] Has onClick in props: false

      at log (src/components/ui/Button.tsx:27:13)

    console.log
      [Button] All props: {}

      at log (src/components/ui/Button.tsx:28:13)

    console.log
      [Button] Rendering with type: submit

      at log (src/components/ui/Button.tsx:25:13)

    console.log
      [Button] Props received: {
        variant: 'primary',
        size: 'lg',
        type: 'submit',
        loading: false,
        disabled: false
      }

      at log (src/components/ui/Button.tsx:26:13)

    console.log
      [Button] Has onClick in props: false

      at log (src/components/ui/Button.tsx:27:13)

    console.log
      [Button] All props: {}

      at log (src/components/ui/Button.tsx:28:13)

    console.log
      [Button] Rendering with type: submit

      at log (src/components/ui/Button.tsx:25:13)

    console.log
      [Button] Props received: {
        variant: 'primary',
        size: 'lg',
        type: 'submit',
        loading: false,
        disabled: false
      }

      at log (src/components/ui/Button.tsx:26:13)

    console.log
      [Button] Has onClick in props: false

      at log (src/components/ui/Button.tsx:27:13)

    console.log
      [Button] All props: {}

      at log (src/components/ui/Button.tsx:28:13)

    console.log
      [Button] Rendering with type: submit

      at log (src/components/ui/Button.tsx:25:13)

    console.log
      [Button] Props received: {
        variant: 'primary',
        size: 'lg',
        type: 'submit',
        loading: false,
        disabled: false
      }

      at log (src/components/ui/Button.tsx:26:13)

    console.log
      [Button] Has onClick in props: false

      at log (src/components/ui/Button.tsx:27:13)

    console.log
      [Button] All props: {}

      at log (src/components/ui/Button.tsx:28:13)

    console.log
      [Button] Rendering with type: submit

      at log (src/components/ui/Button.tsx:25:13)

    console.log
      [Button] Props received: {
        variant: 'primary',
        size: 'lg',
        type: 'submit',
        loading: false,
        disabled: true
      }

      at log (src/components/ui/Button.tsx:26:13)

    console.log
      [Button] Has onClick in props: false

      at log (src/components/ui/Button.tsx:27:13)

    console.log
      [Button] All props: {}

      at log (src/components/ui/Button.tsx:28:13)

    console.log
      [Button] Rendering with type: submit

      at log (src/components/ui/Button.tsx:25:13)

    console.log
      [Button] Props received: {
        variant: 'primary',
        size: 'lg',
        type: 'submit',
        loading: false,
        disabled: false
      }

      at log (src/components/ui/Button.tsx:26:13)

    console.log
      [Button] Has onClick in props: false

      at log (src/components/ui/Button.tsx:27:13)

    console.log
      [Button] All props: {}

      at log (src/components/ui/Button.tsx:28:13)

    console.log
      [Button] Rendering with type: submit

      at log (src/components/ui/Button.tsx:25:13)

    console.log
      [Button] Props received: {
        variant: 'primary',
        size: 'lg',
        type: 'submit',
        loading: false,
        disabled: false
      }

      at log (src/components/ui/Button.tsx:26:13)

    console.log
      [Button] Has onClick in props: false

      at log (src/components/ui/Button.tsx:27:13)

    console.log
      [Button] All props: {}

      at log (src/components/ui/Button.tsx:28:13)

    console.log
      [Button] Rendering with type: submit

      at log (src/components/ui/Button.tsx:25:13)

    console.log
      [Button] Props received: {
        variant: 'primary',
        size: 'lg',
        type: 'submit',
        loading: false,
        disabled: false
      }

      at log (src/components/ui/Button.tsx:26:13)

    console.log
      [Button] Has onClick in props: false

      at log (src/components/ui/Button.tsx:27:13)

    console.log
      [Button] All props: {}

      at log (src/components/ui/Button.tsx:28:13)

    console.log
      [Button] Rendering with type: submit

      at log (src/components/ui/Button.tsx:25:13)

    console.log
      [Button] Props received: {
        variant: 'primary',
        size: 'lg',
        type: 'submit',
        loading: false,
        disabled: false
      }

      at log (src/components/ui/Button.tsx:26:13)

    console.log
      [Button] Has onClick in props: false

      at log (src/components/ui/Button.tsx:27:13)

    console.log
      [Button] All props: {}

      at log (src/components/ui/Button.tsx:28:13)

    console.log
      [Button] Rendering with type: submit

      at log (src/components/ui/Button.tsx:25:13)

    console.log
      [Button] Props received: {
        variant: 'primary',
        size: 'lg',
        type: 'submit',
        loading: false,
        disabled: false
      }

      at log (src/components/ui/Button.tsx:26:13)

    console.log
      [Button] Has onClick in props: false

      at log (src/components/ui/Button.tsx:27:13)

    console.log
      [Button] All props: {}

      at log (src/components/ui/Button.tsx:28:13)

    console.log
      [Button] Rendering with type: submit

      at log (src/components/ui/Button.tsx:25:13)

    console.log
      [Button] Props received: {
        variant: 'primary',
        size: 'lg',
        type: 'submit',
        loading: false,
        disabled: false
      }

      at log (src/components/ui/Button.tsx:26:13)

    console.log
      [Button] Has onClick in props: false

      at log (src/components/ui/Button.tsx:27:13)

    console.log
      [Button] All props: {}

      at log (src/components/ui/Button.tsx:28:13)

    console.log
      [Button] Rendering with type: submit

      at log (src/components/ui/Button.tsx:25:13)

    console.log
      [Button] Props received: {
        variant: 'primary',
        size: 'lg',
        type: 'submit',
        loading: false,
        disabled: false
      }

      at log (src/components/ui/Button.tsx:26:13)

    console.log
      [Button] Has onClick in props: false

      at log (src/components/ui/Button.tsx:27:13)

    console.log
      [Button] All props: {}

      at log (src/components/ui/Button.tsx:28:13)

    console.log
      [Button] Rendering with type: submit

      at log (src/components/ui/Button.tsx:25:13)

    console.log
      [Button] Props received: {
        variant: 'primary',
        size: 'lg',
        type: 'submit',
        loading: false,
        disabled: true
      }

      at log (src/components/ui/Button.tsx:26:13)

    console.log
      [Button] Has onClick in props: false

      at log (src/components/ui/Button.tsx:27:13)

    console.log
      [Button] All props: {}

      at log (src/components/ui/Button.tsx:28:13)

    console.log
      [Button] Rendering with type: submit

      at log (src/components/ui/Button.tsx:25:13)

    console.log
      [Button] Props received: {
        variant: 'primary',
        size: 'lg',
        type: 'submit',
        loading: false,
        disabled: false
      }

      at log (src/components/ui/Button.tsx:26:13)

    console.log
      [Button] Has onClick in props: false

      at log (src/components/ui/Button.tsx:27:13)

    console.log
      [Button] All props: {}

      at log (src/components/ui/Button.tsx:28:13)

    console.log
      [Button] Rendering with type: submit

      at log (src/components/ui/Button.tsx:25:13)

    console.log
      [Button] Props received: {
        variant: 'primary',
        size: 'lg',
        type: 'submit',
        loading: false,
        disabled: false
      }

      at log (src/components/ui/Button.tsx:26:13)

    console.log
      [Button] Has onClick in props: false

      at log (src/components/ui/Button.tsx:27:13)

    console.log
      [Button] All props: {}

      at log (src/components/ui/Button.tsx:28:13)

    console.log
      [Button] Rendering with type: submit

      at log (src/components/ui/Button.tsx:25:13)

    console.log
      [Button] Props received: {
        variant: 'primary',
        size: 'lg',
        type: 'submit',
        loading: false,
        disabled: false
      }

      at log (src/components/ui/Button.tsx:26:13)

    console.log
      [Button] Has onClick in props: false

      at log (src/components/ui/Button.tsx:27:13)

    console.log
      [Button] All props: {}

      at log (src/components/ui/Button.tsx:28:13)

    console.log
      [Button] Rendering with type: submit

      at log (src/components/ui/Button.tsx:25:13)

    console.log
      [Button] Props received: {
        variant: 'primary',
        size: 'lg',
        type: 'submit',
        loading: false,
        disabled: false
      }

      at log (src/components/ui/Button.tsx:26:13)

    console.log
      [Button] Has onClick in props: false

      at log (src/components/ui/Button.tsx:27:13)

    console.log
      [Button] All props: {}

      at log (src/components/ui/Button.tsx:28:13)

    console.log
      [Button] Rendering with type: submit

      at log (src/components/ui/Button.tsx:25:13)

    console.log
      [Button] Props received: {
        variant: 'primary',
        size: 'lg',
        type: 'submit',
        loading: false,
        disabled: false
      }

      at log (src/components/ui/Button.tsx:26:13)

    console.log
      [Button] Has onClick in props: false

      at log (src/components/ui/Button.tsx:27:13)

    console.log
      [Button] All props: {}

      at log (src/components/ui/Button.tsx:28:13)

    console.log
      [Button] Rendering with type: submit

      at log (src/components/ui/Button.tsx:25:13)

    console.log
      [Button] Props received: {
        variant: 'primary',
        size: 'lg',
        type: 'submit',
        loading: false,
        disabled: false
      }

      at log (src/components/ui/Button.tsx:26:13)

    console.log
      [Button] Has onClick in props: false

      at log (src/components/ui/Button.tsx:27:13)

    console.log
      [Button] All props: {}

      at log (src/components/ui/Button.tsx:28:13)

    console.log
      [Button] Rendering with type: submit

      at log (src/components/ui/Button.tsx:25:13)

    console.log
      [Button] Props received: {
        variant: 'primary',
        size: 'lg',
        type: 'submit',
        loading: false,
        disabled: false
      }

      at log (src/components/ui/Button.tsx:26:13)

    console.log
      [Button] Has onClick in props: false

      at log (src/components/ui/Button.tsx:27:13)

    console.log
      [Button] All props: {}

      at log (src/components/ui/Button.tsx:28:13)

    console.log
      [Button] Rendering with type: submit

      at log (src/components/ui/Button.tsx:25:13)

    console.log
      [Button] Props received: {
        variant: 'primary',
        size: 'lg',
        type: 'submit',
        loading: false,
        disabled: true
      }

      at log (src/components/ui/Button.tsx:26:13)

    console.log
      [Button] Has onClick in props: false

      at log (src/components/ui/Button.tsx:27:13)

    console.log
      [Button] All props: {}

      at log (src/components/ui/Button.tsx:28:13)

    console.log
      [Button] Rendering with type: submit

      at log (src/components/ui/Button.tsx:25:13)

    console.log
      [Button] Props received: {
        variant: 'primary',
        size: 'lg',
        type: 'submit',
        loading: false,
        disabled: false
      }

      at log (src/components/ui/Button.tsx:26:13)

    console.log
      [Button] Has onClick in props: false

      at log (src/components/ui/Button.tsx:27:13)

    console.log
      [Button] All props: {}

      at log (src/components/ui/Button.tsx:28:13)

    console.log
      [Button] Rendering with type: submit

      at log (src/components/ui/Button.tsx:25:13)

    console.log
      [Button] Props received: {
        variant: 'primary',
        size: 'lg',
        type: 'submit',
        loading: false,
        disabled: false
      }

      at log (src/components/ui/Button.tsx:26:13)

    console.log
      [Button] Has onClick in props: false

      at log (src/components/ui/Button.tsx:27:13)

    console.log
      [Button] All props: {}

      at log (src/components/ui/Button.tsx:28:13)

    console.log
      [Button] Rendering with type: submit

      at log (src/components/ui/Button.tsx:25:13)

    console.log
      [Button] Props received: {
        variant: 'primary',
        size: 'lg',
        type: 'submit',
        loading: false,
        disabled: true
      }

      at log (src/components/ui/Button.tsx:26:13)

    console.log
      [Button] Has onClick in props: false

      at log (src/components/ui/Button.tsx:27:13)

    console.log
      [Button] All props: {}

      at log (src/components/ui/Button.tsx:28:13)

    console.log
      [Button] Rendering with type: submit

      at log (src/components/ui/Button.tsx:25:13)

    console.log
      [Button] Props received: {
        variant: 'primary',
        size: 'lg',
        type: 'submit',
        loading: false,
        disabled: false
      }

      at log (src/components/ui/Button.tsx:26:13)

    console.log
      [Button] Has onClick in props: false

      at log (src/components/ui/Button.tsx:27:13)

    console.log
      [Button] All props: {}

      at log (src/components/ui/Button.tsx:28:13)

    console.log
      [Button] Rendering with type: submit

      at log (src/components/ui/Button.tsx:25:13)

    console.log
      [Button] Props received: {
        variant: 'primary',
        size: 'lg',
        type: 'submit',
        loading: false,
        disabled: true
      }

      at log (src/components/ui/Button.tsx:26:13)

    console.log
      [Button] Has onClick in props: false

      at log (src/components/ui/Button.tsx:27:13)

    console.log
      [Button] All props: {}

      at log (src/components/ui/Button.tsx:28:13)

    console.log
      [Button] Rendering with type: submit

      at log (src/components/ui/Button.tsx:25:13)

    console.log
      [Button] Props received: {
        variant: 'primary',
        size: 'lg',
        type: 'submit',
        loading: false,
        disabled: true
      }

      at log (src/components/ui/Button.tsx:26:13)

    console.log
      [Button] Has onClick in props: false

      at log (src/components/ui/Button.tsx:27:13)

    console.log
      [Button] All props: {}

      at log (src/components/ui/Button.tsx:28:13)

    console.log
      [Button] Rendering with type: submit

      at log (src/components/ui/Button.tsx:25:13)

    console.log
      [Button] Props received: {
        variant: 'primary',
        size: 'lg',
        type: 'submit',
        loading: false,
        disabled: false
      }

      at log (src/components/ui/Button.tsx:26:13)

    console.log
      [Button] Has onClick in props: false

      at log (src/components/ui/Button.tsx:27:13)

    console.log
      [Button] All props: {}

      at log (src/components/ui/Button.tsx:28:13)

    console.log
      [Button] Rendering with type: submit

      at log (src/components/ui/Button.tsx:25:13)

    console.log
      [Button] Props received: {
        variant: 'primary',
        size: 'lg',
        type: 'submit',
        loading: false,
        disabled: false
      }

      at log (src/components/ui/Button.tsx:26:13)

    console.log
      [Button] Has onClick in props: false

      at log (src/components/ui/Button.tsx:27:13)

    console.log
      [Button] All props: {}

      at log (src/components/ui/Button.tsx:28:13)

    console.log
      [Button] Rendering with type: submit

      at log (src/components/ui/Button.tsx:25:13)

    console.log
      [Button] Props received: {
        variant: 'primary',
        size: 'lg',
        type: 'submit',
        loading: false,
        disabled: false
      }

      at log (src/components/ui/Button.tsx:26:13)

    console.log
      [Button] Has onClick in props: false

      at log (src/components/ui/Button.tsx:27:13)

    console.log
      [Button] All props: {}

      at log (src/components/ui/Button.tsx:28:13)

    console.log
      [Button] Rendering with type: submit

      at log (src/components/ui/Button.tsx:25:13)

    console.log
      [Button] Props received: {
        variant: 'primary',
        size: 'lg',
        type: 'submit',
        loading: false,
        disabled: true
      }

      at log (src/components/ui/Button.tsx:26:13)

    console.log
      [Button] Has onClick in props: false

      at log (src/components/ui/Button.tsx:27:13)

    console.log
      [Button] All props: {}

      at log (src/components/ui/Button.tsx:28:13)

    console.log
      [Button] Rendering with type: submit

      at log (src/components/ui/Button.tsx:25:13)

    console.log
      [Button] Props received: {
        variant: 'primary',
        size: 'lg',
        type: 'submit',
        loading: false,
        disabled: false
      }

      at log (src/components/ui/Button.tsx:26:13)

    console.log
      [Button] Has onClick in props: false

      at log (src/components/ui/Button.tsx:27:13)

    console.log
      [Button] All props: {}

      at log (src/components/ui/Button.tsx:28:13)

    console.log
      [Button] Rendering with type: submit

      at log (src/components/ui/Button.tsx:25:13)

    console.log
      [Button] Props received: {
        variant: 'primary',
        size: 'lg',
        type: 'submit',
        loading: false,
        disabled: false
      }

      at log (src/components/ui/Button.tsx:26:13)

    console.log
      [Button] Has onClick in props: false

      at log (src/components/ui/Button.tsx:27:13)

    console.log
      [Button] All props: {}

      at log (src/components/ui/Button.tsx:28:13)

    console.log
      [Button] Rendering with type: submit

      at log (src/components/ui/Button.tsx:25:13)

    console.log
      [Button] Props received: {
        variant: 'primary',
        size: 'lg',
        type: 'submit',
        loading: false,
        disabled: false
      }

      at log (src/components/ui/Button.tsx:26:13)

    console.log
      [Button] Has onClick in props: false

      at log (src/components/ui/Button.tsx:27:13)

    console.log
      [Button] All props: {}

      at log (src/components/ui/Button.tsx:28:13)

    console.log
      [Button] Rendering with type: submit

      at log (src/components/ui/Button.tsx:25:13)

    console.log
      [Button] Props received: {
        variant: 'primary',
        size: 'lg',
        type: 'submit',
        loading: false,
        disabled: false
      }

      at log (src/components/ui/Button.tsx:26:13)

    console.log
      [Button] Has onClick in props: false

      at log (src/components/ui/Button.tsx:27:13)

    console.log
      [Button] All props: {}

      at log (src/components/ui/Button.tsx:28:13)

    console.log
      [Button] Rendering with type: submit

      at log (src/components/ui/Button.tsx:25:13)

    console.log
      [Button] Props received: {
        variant: 'primary',
        size: 'lg',
        type: 'submit',
        loading: false,
        disabled: false
      }

      at log (src/components/ui/Button.tsx:26:13)

    console.log
      [Button] Has onClick in props: false

      at log (src/components/ui/Button.tsx:27:13)

    console.log
      [Button] All props: {}

      at log (src/components/ui/Button.tsx:28:13)

    console.log
      [Button] Rendering with type: submit

      at log (src/components/ui/Button.tsx:25:13)

    console.log
      [Button] Props received: {
        variant: 'primary',
        size: 'lg',
        type: 'submit',
        loading: false,
        disabled: true
      }

      at log (src/components/ui/Button.tsx:26:13)

    console.log
      [Button] Has onClick in props: false

      at log (src/components/ui/Button.tsx:27:13)

    console.log
      [Button] All props: {}

      at log (src/components/ui/Button.tsx:28:13)

    console.log
      [Button] Rendering with type: submit

      at log (src/components/ui/Button.tsx:25:13)

    console.log
      [Button] Props received: {
        variant: 'primary',
        size: 'lg',
        type: 'submit',
        loading: false,
        disabled: false
      }

      at log (src/components/ui/Button.tsx:26:13)

    console.log
      [Button] Has onClick in props: false

      at log (src/components/ui/Button.tsx:27:13)

    console.log
      [Button] All props: {}

      at log (src/components/ui/Button.tsx:28:13)

    console.log
      [Button] Rendering with type: submit

      at log (src/components/ui/Button.tsx:25:13)

    console.log
      [Button] Props received: {
        variant: 'primary',
        size: 'lg',
        type: 'submit',
        loading: false,
        disabled: false
      }

      at log (src/components/ui/Button.tsx:26:13)

    console.log
      [Button] Has onClick in props: false

      at log (src/components/ui/Button.tsx:27:13)

    console.log
      [Button] All props: {}

      at log (src/components/ui/Button.tsx:28:13)

    console.log
      [Button] Rendering with type: submit

      at log (src/components/ui/Button.tsx:25:13)

    console.log
      [Button] Props received: {
        variant: 'primary',
        size: 'lg',
        type: 'submit',
        loading: false,
        disabled: false
      }

      at log (src/components/ui/Button.tsx:26:13)

    console.log
      [Button] Has onClick in props: false

      at log (src/components/ui/Button.tsx:27:13)

    console.log
      [Button] All props: {}

      at log (src/components/ui/Button.tsx:28:13)

    console.log
      [Button] Rendering with type: submit

      at log (src/components/ui/Button.tsx:25:13)

    console.log
      [Button] Props received: {
        variant: 'primary',
        size: 'lg',
        type: 'submit',
        loading: false,
        disabled: false
      }

      at log (src/components/ui/Button.tsx:26:13)

    console.log
      [Button] Has onClick in props: false

      at log (src/components/ui/Button.tsx:27:13)

    console.log
      [Button] All props: {}

      at log (src/components/ui/Button.tsx:28:13)

    console.log
      [Button] Rendering with type: submit

      at log (src/components/ui/Button.tsx:25:13)

    console.log
      [Button] Props received: {
        variant: 'primary',
        size: 'lg',
        type: 'submit',
        loading: false,
        disabled: true
      }

      at log (src/components/ui/Button.tsx:26:13)

    console.log
      [Button] Has onClick in props: false

      at log (src/components/ui/Button.tsx:27:13)

    console.log
      [Button] All props: {}

      at log (src/components/ui/Button.tsx:28:13)

    console.log
      [Button] Rendering with type: submit

      at log (src/components/ui/Button.tsx:25:13)

    console.log
      [Button] Props received: {
        variant: 'primary',
        size: 'lg',
        type: 'submit',
        loading: false,
        disabled: false
      }

      at log (src/components/ui/Button.tsx:26:13)

    console.log
      [Button] Has onClick in props: false

      at log (src/components/ui/Button.tsx:27:13)

    console.log
      [Button] All props: {}

      at log (src/components/ui/Button.tsx:28:13)

    console.log
      [Button] Rendering with type: submit

      at log (src/components/ui/Button.tsx:25:13)

    console.log
      [Button] Props received: {
        variant: 'primary',
        size: 'lg',
        type: 'submit',
        loading: false,
        disabled: false
      }

      at log (src/components/ui/Button.tsx:26:13)

    console.log
      [Button] Has onClick in props: false

      at log (src/components/ui/Button.tsx:27:13)

    console.log
      [Button] All props: {}

      at log (src/components/ui/Button.tsx:28:13)

    console.log
      [Button] Rendering with type: submit

      at log (src/components/ui/Button.tsx:25:13)

    console.log
      [Button] Props received: {
        variant: 'primary',
        size: 'lg',
        type: 'submit',
        loading: false,
        disabled: false
      }

      at log (src/components/ui/Button.tsx:26:13)

    console.log
      [Button] Has onClick in props: false

      at log (src/components/ui/Button.tsx:27:13)

    console.log
      [Button] All props: {}

      at log (src/components/ui/Button.tsx:28:13)

    console.log
      [Button] Rendering with type: submit

      at log (src/components/ui/Button.tsx:25:13)

    console.log
      [Button] Props received: {
        variant: 'primary',
        size: 'lg',
        type: 'submit',
        loading: false,
        disabled: false
      }

      at log (src/components/ui/Button.tsx:26:13)

    console.log
      [Button] Has onClick in props: false

      at log (src/components/ui/Button.tsx:27:13)

    console.log
      [Button] All props: {}

      at log (src/components/ui/Button.tsx:28:13)

    console.log
      [Button] Rendering with type: submit

      at log (src/components/ui/Button.tsx:25:13)

    console.log
      [Button] Props received: {
        variant: 'primary',
        size: 'lg',
        type: 'submit',
        loading: false,
        disabled: false
      }

      at log (src/components/ui/Button.tsx:26:13)

    console.log
      [Button] Has onClick in props: false

      at log (src/components/ui/Button.tsx:27:13)

    console.log
      [Button] All props: {}

      at log (src/components/ui/Button.tsx:28:13)

    console.log
      [Button] Rendering with type: submit

      at log (src/components/ui/Button.tsx:25:13)

    console.log
      [Button] Props received: {
        variant: 'primary',
        size: 'lg',
        type: 'submit',
        loading: false,
        disabled: false
      }

      at log (src/components/ui/Button.tsx:26:13)

    console.log
      [Button] Has onClick in props: false

      at log (src/components/ui/Button.tsx:27:13)

    console.log
      [Button] All props: {}

      at log (src/components/ui/Button.tsx:28:13)

    console.log
      [Button] Rendering with type: submit

      at log (src/components/ui/Button.tsx:25:13)

    console.log
      [Button] Props received: {
        variant: 'primary',
        size: 'lg',
        type: 'submit',
        loading: false,
        disabled: true
      }

      at log (src/components/ui/Button.tsx:26:13)

    console.log
      [Button] Has onClick in props: false

      at log (src/components/ui/Button.tsx:27:13)

    console.log
      [Button] All props: {}

      at log (src/components/ui/Button.tsx:28:13)

    console.log
      [Button] Rendering with type: submit

      at log (src/components/ui/Button.tsx:25:13)

    console.log
      [Button] Props received: {
        variant: 'primary',
        size: 'lg',
        type: 'submit',
        loading: false,
        disabled: false
      }

      at log (src/components/ui/Button.tsx:26:13)

    console.log
      [Button] Has onClick in props: false

      at log (src/components/ui/Button.tsx:27:13)

    console.log
      [Button] All props: {}

      at log (src/components/ui/Button.tsx:28:13)

    console.log
      [Button] Rendering with type: submit

      at log (src/components/ui/Button.tsx:25:13)

    console.log
      [Button] Props received: {
        variant: 'primary',
        size: 'lg',
        type: 'submit',
        loading: false,
        disabled: false
      }

      at log (src/components/ui/Button.tsx:26:13)

    console.log
      [Button] Has onClick in props: false

      at log (src/components/ui/Button.tsx:27:13)

    console.log
      [Button] All props: {}

      at log (src/components/ui/Button.tsx:28:13)

    console.log
      [Button] Rendering with type: submit

      at log (src/components/ui/Button.tsx:25:13)

    console.log
      [Button] Props received: {
        variant: 'primary',
        size: 'lg',
        type: 'submit',
        loading: false,
        disabled: false
      }

      at log (src/components/ui/Button.tsx:26:13)

    console.log
      [Button] Has onClick in props: false

      at log (src/components/ui/Button.tsx:27:13)

    console.log
      [Button] All props: {}

      at log (src/components/ui/Button.tsx:28:13)

    console.log
      [Button] Rendering with type: submit

      at log (src/components/ui/Button.tsx:25:13)

    console.log
      [Button] Props received: {
        variant: 'primary',
        size: 'lg',
        type: 'submit',
        loading: false,
        disabled: false
      }

      at log (src/components/ui/Button.tsx:26:13)

    console.log
      [Button] Has onClick in props: false

      at log (src/components/ui/Button.tsx:27:13)

    console.log
      [Button] All props: {}

      at log (src/components/ui/Button.tsx:28:13)

    console.log
      [Button] Rendering with type: submit

      at log (src/components/ui/Button.tsx:25:13)

    console.log
      [Button] Props received: {
        variant: 'primary',
        size: 'lg',
        type: 'submit',
        loading: false,
        disabled: false
      }

      at log (src/components/ui/Button.tsx:26:13)

    console.log
      [Button] Has onClick in props: false

      at log (src/components/ui/Button.tsx:27:13)

    console.log
      [Button] All props: {}

      at log (src/components/ui/Button.tsx:28:13)

    console.log
      [Button] Rendering with type: submit

      at log (src/components/ui/Button.tsx:25:13)

    console.log
      [Button] Props received: {
        variant: 'primary',
        size: 'lg',
        type: 'submit',
        loading: false,
        disabled: false
      }

      at log (src/components/ui/Button.tsx:26:13)

    console.log
      [Button] Has onClick in props: false

      at log (src/components/ui/Button.tsx:27:13)

    console.log
      [Button] All props: {}

      at log (src/components/ui/Button.tsx:28:13)

    console.log
      [Button] Rendering with type: submit

      at log (src/components/ui/Button.tsx:25:13)

    console.log
      [Button] Props received: {
        variant: 'primary',
        size: 'lg',
        type: 'submit',
        loading: false,
        disabled: false
      }

      at log (src/components/ui/Button.tsx:26:13)

    console.log
      [Button] Has onClick in props: false

      at log (src/components/ui/Button.tsx:27:13)

    console.log
      [Button] All props: {}

      at log (src/components/ui/Button.tsx:28:13)

    console.log
      [Button] Rendering with type: submit

      at log (src/components/ui/Button.tsx:25:13)

    console.log
      [Button] Props received: {
        variant: 'primary',
        size: 'lg',
        type: 'submit',
        loading: false,
        disabled: false
      }

      at log (src/components/ui/Button.tsx:26:13)

    console.log
      [Button] Has onClick in props: false

      at log (src/components/ui/Button.tsx:27:13)

    console.log
      [Button] All props: {}

      at log (src/components/ui/Button.tsx:28:13)

    console.log
      [Button] Rendering with type: submit

      at log (src/components/ui/Button.tsx:25:13)

    console.log
      [Button] Props received: {
        variant: 'primary',
        size: 'lg',
        type: 'submit',
        loading: false,
        disabled: false
      }

      at log (src/components/ui/Button.tsx:26:13)

    console.log
      [Button] Has onClick in props: false

      at log (src/components/ui/Button.tsx:27:13)

    console.log
      [Button] All props: {}

      at log (src/components/ui/Button.tsx:28:13)

    console.log
      [Button] Rendering with type: submit

      at log (src/components/ui/Button.tsx:25:13)

    console.log
      [Button] Props received: {
        variant: 'primary',
        size: 'lg',
        type: 'submit',
        loading: false,
        disabled: false
      }

      at log (src/components/ui/Button.tsx:26:13)

    console.log
      [Button] Has onClick in props: false

      at log (src/components/ui/Button.tsx:27:13)

    console.log
      [Button] All props: {}

      at log (src/components/ui/Button.tsx:28:13)

    console.log
      [Button] Rendering with type: submit

      at log (src/components/ui/Button.tsx:25:13)

    console.log
      [Button] Props received: {
        variant: 'primary',
        size: 'lg',
        type: 'submit',
        loading: false,
        disabled: false
      }

      at log (src/components/ui/Button.tsx:26:13)

    console.log
      [Button] Has onClick in props: false

      at log (src/components/ui/Button.tsx:27:13)

    console.log
      [Button] All props: {}

      at log (src/components/ui/Button.tsx:28:13)

    console.log
      [Button] Rendering with type: submit

      at log (src/components/ui/Button.tsx:25:13)

    console.log
      [Button] Props received: {
        variant: 'primary',
        size: 'lg',
        type: 'submit',
        loading: false,
        disabled: false
      }

      at log (src/components/ui/Button.tsx:26:13)

    console.log
      [Button] Has onClick in props: false

      at log (src/components/ui/Button.tsx:27:13)

    console.log
      [Button] All props: {}

      at log (src/components/ui/Button.tsx:28:13)

    console.log
      [Button] Rendering with type: submit

      at log (src/components/ui/Button.tsx:25:13)

    console.log
      [Button] Props received: {
        variant: 'primary',
        size: 'lg',
        type: 'submit',
        loading: false,
        disabled: false
      }

      at log (src/components/ui/Button.tsx:26:13)

    console.log
      [Button] Has onClick in props: false

      at log (src/components/ui/Button.tsx:27:13)

    console.log
      [Button] All props: {}

      at log (src/components/ui/Button.tsx:28:13)

    console.log
      [Button] Rendering with type: submit

      at log (src/components/ui/Button.tsx:25:13)

    console.log
      [Button] Props received: {
        variant: 'primary',
        size: 'lg',
        type: 'submit',
        loading: false,
        disabled: false
      }

      at log (src/components/ui/Button.tsx:26:13)

    console.log
      [Button] Has onClick in props: false

      at log (src/components/ui/Button.tsx:27:13)

    console.log
      [Button] All props: {}

      at log (src/components/ui/Button.tsx:28:13)

    console.log
      [Button] Rendering with type: submit

      at log (src/components/ui/Button.tsx:25:13)

    console.log
      [Button] Props received: {
        variant: 'primary',
        size: 'lg',
        type: 'submit',
        loading: false,
        disabled: false
      }

      at log (src/components/ui/Button.tsx:26:13)

    console.log
      [Button] Has onClick in props: false

      at log (src/components/ui/Button.tsx:27:13)

    console.log
      [Button] All props: {}

      at log (src/components/ui/Button.tsx:28:13)

    console.log
      [Button] Rendering with type: submit

      at log (src/components/ui/Button.tsx:25:13)

    console.log
      [Button] Props received: {
        variant: 'primary',
        size: 'lg',
        type: 'submit',
        loading: false,
        disabled: false
      }

      at log (src/components/ui/Button.tsx:26:13)

    console.log
      [Button] Has onClick in props: false

      at log (src/components/ui/Button.tsx:27:13)

    console.log
      [Button] All props: {}

      at log (src/components/ui/Button.tsx:28:13)

    console.log
      [Button] Rendering with type: submit

      at log (src/components/ui/Button.tsx:25:13)

    console.log
      [Button] Props received: {
        variant: 'primary',
        size: 'lg',
        type: 'submit',
        loading: false,
        disabled: false
      }

      at log (src/components/ui/Button.tsx:26:13)

    console.log
      [Button] Has onClick in props: false

      at log (src/components/ui/Button.tsx:27:13)

    console.log
      [Button] All props: {}

      at log (src/components/ui/Button.tsx:28:13)

    console.log
      [Button] Rendering with type: submit

      at log (src/components/ui/Button.tsx:25:13)

    console.log
      [Button] Props received: {
        variant: 'primary',
        size: 'lg',
        type: 'submit',
        loading: false,
        disabled: false
      }

      at log (src/components/ui/Button.tsx:26:13)

    console.log
      [Button] Has onClick in props: false

      at log (src/components/ui/Button.tsx:27:13)

    console.log
      [Button] All props: {}

      at log (src/components/ui/Button.tsx:28:13)

    console.log
      [Button] Rendering with type: submit

      at log (src/components/ui/Button.tsx:25:13)

    console.log
      [Button] Props received: {
        variant: 'primary',
        size: 'lg',
        type: 'submit',
        loading: false,
        disabled: false
      }

      at log (src/components/ui/Button.tsx:26:13)

    console.log
      [Button] Has onClick in props: false

      at log (src/components/ui/Button.tsx:27:13)

    console.log
      [Button] All props: {}

      at log (src/components/ui/Button.tsx:28:13)

    console.log
      [Button] Rendering with type: submit

      at log (src/components/ui/Button.tsx:25:13)

    console.log
      [Button] Props received: {
        variant: 'primary',
        size: 'lg',
        type: 'submit',
        loading: false,
        disabled: false
      }

      at log (src/components/ui/Button.tsx:26:13)

    console.log
      [Button] Has onClick in props: false

      at log (src/components/ui/Button.tsx:27:13)

    console.log
      [Button] All props: {}

      at log (src/components/ui/Button.tsx:28:13)

    console.log
      [Button] Rendering with type: submit

      at log (src/components/ui/Button.tsx:25:13)

    console.log
      [Button] Props received: {
        variant: 'primary',
        size: 'lg',
        type: 'submit',
        loading: false,
        disabled: false
      }

      at log (src/components/ui/Button.tsx:26:13)

    console.log
      [Button] Has onClick in props: false

      at log (src/components/ui/Button.tsx:27:13)

    console.log
      [Button] All props: {}

      at log (src/components/ui/Button.tsx:28:13)

    console.log
      [Button] Rendering with type: submit

      at log (src/components/ui/Button.tsx:25:13)

    console.log
      [Button] Props received: {
        variant: 'primary',
        size: 'lg',
        type: 'submit',
        loading: false,
        disabled: false
      }

      at log (src/components/ui/Button.tsx:26:13)

    console.log
      [Button] Has onClick in props: false

      at log (src/components/ui/Button.tsx:27:13)

    console.log
      [Button] All props: {}

      at log (src/components/ui/Button.tsx:28:13)

    console.log
      [Button] Rendering with type: submit

      at log (src/components/ui/Button.tsx:25:13)

    console.log
      [Button] Props received: {
        variant: 'primary',
        size: 'lg',
        type: 'submit',
        loading: false,
        disabled: false
      }

      at log (src/components/ui/Button.tsx:26:13)

    console.log
      [Button] Has onClick in props: false

      at log (src/components/ui/Button.tsx:27:13)

    console.log
      [Button] All props: {}

      at log (src/components/ui/Button.tsx:28:13)

    console.log
      [Button] Rendering with type: submit

      at log (src/components/ui/Button.tsx:25:13)

    console.log
      [Button] Props received: {
        variant: 'primary',
        size: 'lg',
        type: 'submit',
        loading: false,
        disabled: false
      }

      at log (src/components/ui/Button.tsx:26:13)

    console.log
      [Button] Has onClick in props: false

      at log (src/components/ui/Button.tsx:27:13)

    console.log
      [Button] All props: {}

      at log (src/components/ui/Button.tsx:28:13)

    console.log
      [Button] Rendering with type: submit

      at log (src/components/ui/Button.tsx:25:13)

    console.log
      [Button] Props received: {
        variant: 'primary',
        size: 'lg',
        type: 'submit',
        loading: false,
        disabled: false
      }

      at log (src/components/ui/Button.tsx:26:13)

    console.log
      [Button] Has onClick in props: false

      at log (src/components/ui/Button.tsx:27:13)

    console.log
      [Button] All props: {}

      at log (src/components/ui/Button.tsx:28:13)

    console.log
      [Button] Rendering with type: submit

      at log (src/components/ui/Button.tsx:25:13)

    console.log
      [Button] Props received: {
        variant: 'primary',
        size: 'lg',
        type: 'submit',
        loading: false,
        disabled: false
      }

      at log (src/components/ui/Button.tsx:26:13)

    console.log
      [Button] Has onClick in props: false

      at log (src/components/ui/Button.tsx:27:13)

    console.log
      [Button] All props: {}

      at log (src/components/ui/Button.tsx:28:13)

    console.log
      [Button] Rendering with type: submit

      at log (src/components/ui/Button.tsx:25:13)

    console.log
      [Button] Props received: {
        variant: 'primary',
        size: 'lg',
        type: 'submit',
        loading: false,
        disabled: false
      }

      at log (src/components/ui/Button.tsx:26:13)

    console.log
      [Button] Has onClick in props: false

      at log (src/components/ui/Button.tsx:27:13)

    console.log
      [Button] All props: {}

      at log (src/components/ui/Button.tsx:28:13)

    console.log
      [Button] Rendering with type: submit

      at log (src/components/ui/Button.tsx:25:13)

    console.log
      [Button] Props received: {
        variant: 'primary',
        size: 'lg',
        type: 'submit',
        loading: false,
        disabled: false
      }

      at log (src/components/ui/Button.tsx:26:13)

    console.log
      [Button] Has onClick in props: false

      at log (src/components/ui/Button.tsx:27:13)

    console.log
      [Button] All props: {}

      at log (src/components/ui/Button.tsx:28:13)

    console.log
      [Button] Rendering with type: submit

      at log (src/components/ui/Button.tsx:25:13)

    console.log
      [Button] Props received: {
        variant: 'primary',
        size: 'lg',
        type: 'submit',
        loading: false,
        disabled: false
      }

      at log (src/components/ui/Button.tsx:26:13)

    console.log
      [Button] Has onClick in props: false

      at log (src/components/ui/Button.tsx:27:13)

    console.log
      [Button] All props: {}

      at log (src/components/ui/Button.tsx:28:13)

    console.log
      [Button] Rendering with type: submit

      at log (src/components/ui/Button.tsx:25:13)

    console.log
      [Button] Props received: {
        variant: 'primary',
        size: 'lg',
        type: 'submit',
        loading: false,
        disabled: false
      }

      at log (src/components/ui/Button.tsx:26:13)

    console.log
      [Button] Has onClick in props: false

      at log (src/components/ui/Button.tsx:27:13)

    console.log
      [Button] All props: {}

      at log (src/components/ui/Button.tsx:28:13)

    console.log
      [Button] Rendering with type: submit

      at log (src/components/ui/Button.tsx:25:13)

    console.log
      [Button] Props received: {
        variant: 'primary',
        size: 'lg',
        type: 'submit',
        loading: false,
        disabled: false
      }

      at log (src/components/ui/Button.tsx:26:13)

    console.log
      [Button] Has onClick in props: false

      at log (src/components/ui/Button.tsx:27:13)

    console.log
      [Button] All props: {}

      at log (src/components/ui/Button.tsx:28:13)

    console.log
      [Button] Rendering with type: submit

      at log (src/components/ui/Button.tsx:25:13)

    console.log
      [Button] Props received: {
        variant: 'primary',
        size: 'lg',
        type: 'submit',
        loading: false,
        disabled: false
      }

      at log (src/components/ui/Button.tsx:26:13)

    console.log
      [Button] Has onClick in props: false

      at log (src/components/ui/Button.tsx:27:13)

    console.log
      [Button] All props: {}

      at log (src/components/ui/Button.tsx:28:13)

    console.log
      [Button] Rendering with type: submit

      at log (src/components/ui/Button.tsx:25:13)

    console.log
      [Button] Props received: {
        variant: 'primary',
        size: 'lg',
        type: 'submit',
        loading: false,
        disabled: false
      }

      at log (src/components/ui/Button.tsx:26:13)

    console.log
      [Button] Has onClick in props: false

      at log (src/components/ui/Button.tsx:27:13)

    console.log
      [Button] All props: {}

      at log (src/components/ui/Button.tsx:28:13)

    console.log
      [Button] Rendering with type: submit

      at log (src/components/ui/Button.tsx:25:13)

    console.log
      [Button] Props received: {
        variant: 'primary',
        size: 'lg',
        type: 'submit',
        loading: false,
        disabled: false
      }

      at log (src/components/ui/Button.tsx:26:13)

    console.log
      [Button] Has onClick in props: false

      at log (src/components/ui/Button.tsx:27:13)

    console.log
      [Button] All props: {}

      at log (src/components/ui/Button.tsx:28:13)

    console.log
      [Button] Rendering with type: submit

      at log (src/components/ui/Button.tsx:25:13)

    console.log
      [Button] Props received: {
        variant: 'primary',
        size: 'lg',
        type: 'submit',
        loading: false,
        disabled: false
      }

      at log (src/components/ui/Button.tsx:26:13)

    console.log
      [Button] Has onClick in props: false

      at log (src/components/ui/Button.tsx:27:13)

    console.log
      [Button] All props: {}

      at log (src/components/ui/Button.tsx:28:13)

    console.log
      [Button] Rendering with type: submit

      at log (src/components/ui/Button.tsx:25:13)

    console.log
      [Button] Props received: {
        variant: 'primary',
        size: 'lg',
        type: 'submit',
        loading: false,
        disabled: false
      }

      at log (src/components/ui/Button.tsx:26:13)

    console.log
      [Button] Has onClick in props: false

      at log (src/components/ui/Button.tsx:27:13)

    console.log
      [Button] All props: {}

      at log (src/components/ui/Button.tsx:28:13)

    console.log
      [Button] Rendering with type: submit

      at log (src/components/ui/Button.tsx:25:13)

    console.log
      [Button] Props received: {
        variant: 'primary',
        size: 'lg',
        type: 'submit',
        loading: false,
        disabled: false
      }

      at log (src/components/ui/Button.tsx:26:13)

    console.log
      [Button] Has onClick in props: false

      at log (src/components/ui/Button.tsx:27:13)

    console.log
      [Button] All props: {}

      at log (src/components/ui/Button.tsx:28:13)

    console.log
      [Button] Rendering with type: submit

      at log (src/components/ui/Button.tsx:25:13)

    console.log
      [Button] Props received: {
        variant: 'primary',
        size: 'lg',
        type: 'submit',
        loading: false,
        disabled: false
      }

      at log (src/components/ui/Button.tsx:26:13)

    console.log
      [Button] Has onClick in props: false

      at log (src/components/ui/Button.tsx:27:13)

    console.log
      [Button] All props: {}

      at log (src/components/ui/Button.tsx:28:13)

    console.log
      [Button] Rendering with type: submit

      at log (src/components/ui/Button.tsx:25:13)

    console.log
      [Button] Props received: {
        variant: 'primary',
        size: 'lg',
        type: 'submit',
        loading: false,
        disabled: false
      }

      at log (src/components/ui/Button.tsx:26:13)

    console.log
      [Button] Has onClick in props: false

      at log (src/components/ui/Button.tsx:27:13)

    console.log
      [Button] All props: {}

      at log (src/components/ui/Button.tsx:28:13)

    console.log
      [Button] Rendering with type: submit

      at log (src/components/ui/Button.tsx:25:13)

    console.log
      [Button] Props received: {
        variant: 'primary',
        size: 'lg',
        type: 'submit',
        loading: false,
        disabled: false
      }

      at log (src/components/ui/Button.tsx:26:13)

    console.log
      [Button] Has onClick in props: false

      at log (src/components/ui/Button.tsx:27:13)

    console.log
      [Button] All props: {}

      at log (src/components/ui/Button.tsx:28:13)

    console.log
      [Button] Rendering with type: submit

      at log (src/components/ui/Button.tsx:25:13)

    console.log
      [Button] Props received: {
        variant: 'primary',
        size: 'lg',
        type: 'submit',
        loading: false,
        disabled: false
      }

      at log (src/components/ui/Button.tsx:26:13)

    console.log
      [Button] Has onClick in props: false

      at log (src/components/ui/Button.tsx:27:13)

    console.log
      [Button] All props: {}

      at log (src/components/ui/Button.tsx:28:13)

    console.log
      [Button] Rendering with type: submit

      at log (src/components/ui/Button.tsx:25:13)

    console.log
      [Button] Props received: {
        variant: 'primary',
        size: 'lg',
        type: 'submit',
        loading: false,
        disabled: false
      }

      at log (src/components/ui/Button.tsx:26:13)

    console.log
      [Button] Has onClick in props: false

      at log (src/components/ui/Button.tsx:27:13)

    console.log
      [Button] All props: {}

      at log (src/components/ui/Button.tsx:28:13)

    console.log
      [Button] Rendering with type: submit

      at log (src/components/ui/Button.tsx:25:13)

    console.log
      [Button] Props received: {
        variant: 'primary',
        size: 'lg',
        type: 'submit',
        loading: false,
        disabled: false
      }

      at log (src/components/ui/Button.tsx:26:13)

    console.log
      [Button] Has onClick in props: false

      at log (src/components/ui/Button.tsx:27:13)

    console.log
      [Button] All props: {}

      at log (src/components/ui/Button.tsx:28:13)

    console.log
      [Button] Rendering with type: submit

      at log (src/components/ui/Button.tsx:25:13)

    console.log
      [Button] Props received: {
        variant: 'primary',
        size: 'lg',
        type: 'submit',
        loading: false,
        disabled: false
      }

      at log (src/components/ui/Button.tsx:26:13)

    console.log
      [Button] Has onClick in props: false

      at log (src/components/ui/Button.tsx:27:13)

    console.log
      [Button] All props: {}

      at log (src/components/ui/Button.tsx:28:13)

    console.log
      [Button] Rendering with type: submit

      at log (src/components/ui/Button.tsx:25:13)

    console.log
      [Button] Props received: {
        variant: 'primary',
        size: 'lg',
        type: 'submit',
        loading: false,
        disabled: false
      }

      at log (src/components/ui/Button.tsx:26:13)

    console.log
      [Button] Has onClick in props: false

      at log (src/components/ui/Button.tsx:27:13)

    console.log
      [Button] All props: {}

      at log (src/components/ui/Button.tsx:28:13)

    console.log
      [Button] Rendering with type: submit

      at log (src/components/ui/Button.tsx:25:13)

    console.log
      [Button] Props received: {
        variant: 'primary',
        size: 'lg',
        type: 'submit',
        loading: false,
        disabled: false
      }

      at log (src/components/ui/Button.tsx:26:13)

    console.log
      [Button] Has onClick in props: false

      at log (src/components/ui/Button.tsx:27:13)

    console.log
      [Button] All props: {}

      at log (src/components/ui/Button.tsx:28:13)

    console.log
      [Button] Rendering with type: submit

      at log (src/components/ui/Button.tsx:25:13)

    console.log
      [Button] Props received: {
        variant: 'primary',
        size: 'lg',
        type: 'submit',
        loading: false,
        disabled: false
      }

      at log (src/components/ui/Button.tsx:26:13)

    console.log
      [Button] Has onClick in props: false

      at log (src/components/ui/Button.tsx:27:13)

    console.log
      [Button] All props: {}

      at log (src/components/ui/Button.tsx:28:13)

    console.log
      [Button] Rendering with type: submit

      at log (src/components/ui/Button.tsx:25:13)

    console.log
      [Button] Props received: {
        variant: 'primary',
        size: 'lg',
        type: 'submit',
        loading: false,
        disabled: false
      }

      at log (src/components/ui/Button.tsx:26:13)

    console.log
      [Button] Has onClick in props: false

      at log (src/components/ui/Button.tsx:27:13)

    console.log
      [Button] All props: {}

      at log (src/components/ui/Button.tsx:28:13)

    console.log
      [Button] Rendering with type: submit

      at log (src/components/ui/Button.tsx:25:13)

    console.log
      [Button] Props received: {
        variant: 'primary',
        size: 'lg',
        type: 'submit',
        loading: false,
        disabled: false
      }

      at log (src/components/ui/Button.tsx:26:13)

    console.log
      [Button] Has onClick in props: false

      at log (src/components/ui/Button.tsx:27:13)

    console.log
      [Button] All props: {}

      at log (src/components/ui/Button.tsx:28:13)

    console.log
      [Button] Rendering with type: submit

      at log (src/components/ui/Button.tsx:25:13)

    console.log
      [Button] Props received: {
        variant: 'primary',
        size: 'lg',
        type: 'submit',
        loading: false,
        disabled: false
      }

      at log (src/components/ui/Button.tsx:26:13)

    console.log
      [Button] Has onClick in props: false

      at log (src/components/ui/Button.tsx:27:13)

    console.log
      [Button] All props: {}

      at log (src/components/ui/Button.tsx:28:13)

    console.log
      [Button] Rendering with type: submit

      at log (src/components/ui/Button.tsx:25:13)

    console.log
      [Button] Props received: {
        variant: 'primary',
        size: 'lg',
        type: 'submit',
        loading: false,
        disabled: false
      }

      at log (src/components/ui/Button.tsx:26:13)

    console.log
      [Button] Has onClick in props: false

      at log (src/components/ui/Button.tsx:27:13)

    console.log
      [Button] All props: {}

      at log (src/components/ui/Button.tsx:28:13)

    console.log
      [Button] Rendering with type: submit

      at log (src/components/ui/Button.tsx:25:13)

    console.log
      [Button] Props received: {
        variant: 'primary',
        size: 'lg',
        type: 'submit',
        loading: false,
        disabled: false
      }

      at log (src/components/ui/Button.tsx:26:13)

    console.log
      [Button] Has onClick in props: false

      at log (src/components/ui/Button.tsx:27:13)

    console.log
      [Button] All props: {}

      at log (src/components/ui/Button.tsx:28:13)

    console.log
      [Button] Rendering with type: submit

      at log (src/components/ui/Button.tsx:25:13)

    console.log
      [Button] Props received: {
        variant: 'primary',
        size: 'lg',
        type: 'submit',
        loading: false,
        disabled: false
      }

      at log (src/components/ui/Button.tsx:26:13)

    console.log
      [Button] Has onClick in props: false

      at log (src/components/ui/Button.tsx:27:13)

    console.log
      [Button] All props: {}

      at log (src/components/ui/Button.tsx:28:13)

    console.log
      [Button] Rendering with type: submit

      at log (src/components/ui/Button.tsx:25:13)

    console.log
      [Button] Props received: {
        variant: 'primary',
        size: 'lg',
        type: 'submit',
        loading: false,
        disabled: false
      }

      at log (src/components/ui/Button.tsx:26:13)

    console.log
      [Button] Has onClick in props: false

      at log (src/components/ui/Button.tsx:27:13)

    console.log
      [Button] All props: {}

      at log (src/components/ui/Button.tsx:28:13)

    console.log
      [Button] Rendering with type: submit

      at log (src/components/ui/Button.tsx:25:13)

    console.log
      [Button] Props received: {
        variant: 'primary',
        size: 'lg',
        type: 'submit',
        loading: false,
        disabled: false
      }

      at log (src/components/ui/Button.tsx:26:13)

    console.log
      [Button] Has onClick in props: false

      at log (src/components/ui/Button.tsx:27:13)

    console.log
      [Button] All props: {}

      at log (src/components/ui/Button.tsx:28:13)

    console.log
      [Button] Rendering with type: submit

      at log (src/components/ui/Button.tsx:25:13)

    console.log
      [Button] Props received: {
        variant: 'primary',
        size: 'lg',
        type: 'submit',
        loading: false,
        disabled: false
      }

      at log (src/components/ui/Button.tsx:26:13)

    console.log
      [Button] Has onClick in props: false

      at log (src/components/ui/Button.tsx:27:13)

    console.log
      [Button] All props: {}

      at log (src/components/ui/Button.tsx:28:13)

    console.log
      [Button] Rendering with type: submit

      at log (src/components/ui/Button.tsx:25:13)

    console.log
      [Button] Props received: {
        variant: 'primary',
        size: 'lg',
        type: 'submit',
        loading: false,
        disabled: false
      }

      at log (src/components/ui/Button.tsx:26:13)

    console.log
      [Button] Has onClick in props: false

      at log (src/components/ui/Button.tsx:27:13)

    console.log
      [Button] All props: {}

      at log (src/components/ui/Button.tsx:28:13)

    console.log
      [Button] Rendering with type: submit

      at log (src/components/ui/Button.tsx:25:13)

    console.log
      [Button] Props received: {
        variant: 'primary',
        size: 'lg',
        type: 'submit',
        loading: false,
        disabled: false
      }

      at log (src/components/ui/Button.tsx:26:13)

    console.log
      [Button] Has onClick in props: false

      at log (src/components/ui/Button.tsx:27:13)

    console.log
      [Button] All props: {}

      at log (src/components/ui/Button.tsx:28:13)

    console.log
      [Button] Rendering with type: submit

      at log (src/components/ui/Button.tsx:25:13)

    console.log
      [Button] Props received: {
        variant: 'primary',
        size: 'lg',
        type: 'submit',
        loading: false,
        disabled: false
      }

      at log (src/components/ui/Button.tsx:26:13)

    console.log
      [Button] Has onClick in props: false

      at log (src/components/ui/Button.tsx:27:13)

    console.log
      [Button] All props: {}

      at log (src/components/ui/Button.tsx:28:13)

    console.log
      [Button] Rendering with type: submit

      at log (src/components/ui/Button.tsx:25:13)

    console.log
      [Button] Props received: {
        variant: 'primary',
        size: 'lg',
        type: 'submit',
        loading: false,
        disabled: false
      }

      at log (src/components/ui/Button.tsx:26:13)

    console.log
      [Button] Has onClick in props: false

      at log (src/components/ui/Button.tsx:27:13)

    console.log
      [Button] All props: {}

      at log (src/components/ui/Button.tsx:28:13)

    console.log
      [Button] Rendering with type: submit

      at log (src/components/ui/Button.tsx:25:13)

    console.log
      [Button] Props received: {
        variant: 'primary',
        size: 'lg',
        type: 'submit',
        loading: false,
        disabled: false
      }

      at log (src/components/ui/Button.tsx:26:13)

    console.log
      [Button] Has onClick in props: false

      at log (src/components/ui/Button.tsx:27:13)

    console.log
      [Button] All props: {}

      at log (src/components/ui/Button.tsx:28:13)

    console.log
      [Button] Rendering with type: submit

      at log (src/components/ui/Button.tsx:25:13)

    console.log
      [Button] Props received: {
        variant: 'primary',
        size: 'lg',
        type: 'submit',
        loading: false,
        disabled: false
      }

      at log (src/components/ui/Button.tsx:26:13)

    console.log
      [Button] Has onClick in props: false

      at log (src/components/ui/Button.tsx:27:13)

    console.log
      [Button] All props: {}

      at log (src/components/ui/Button.tsx:28:13)

    console.log
      [Button] Rendering with type: submit

      at log (src/components/ui/Button.tsx:25:13)

    console.log
      [Button] Props received: {
        variant: 'primary',
        size: 'lg',
        type: 'submit',
        loading: false,
        disabled: false
      }

      at log (src/components/ui/Button.tsx:26:13)

    console.log
      [Button] Has onClick in props: false

      at log (src/components/ui/Button.tsx:27:13)

    console.log
      [Button] All props: {}

      at log (src/components/ui/Button.tsx:28:13)

    console.log
      [Button] Rendering with type: submit

      at log (src/components/ui/Button.tsx:25:13)

    console.log
      [Button] Props received: {
        variant: 'primary',
        size: 'lg',
        type: 'submit',
        loading: false,
        disabled: false
      }

      at log (src/components/ui/Button.tsx:26:13)

    console.log
      [Button] Has onClick in props: false

      at log (src/components/ui/Button.tsx:27:13)

    console.log
      [Button] All props: {}

      at log (src/components/ui/Button.tsx:28:13)

    console.log
      [Button] Rendering with type: submit

      at log (src/components/ui/Button.tsx:25:13)

    console.log
      [Button] Props received: {
        variant: 'primary',
        size: 'lg',
        type: 'submit',
        loading: false,
        disabled: false
      }

      at log (src/components/ui/Button.tsx:26:13)

    console.log
      [Button] Has onClick in props: false

      at log (src/components/ui/Button.tsx:27:13)

    console.log
      [Button] All props: {}

      at log (src/components/ui/Button.tsx:28:13)

    console.log
      [Button] Rendering with type: submit

      at log (src/components/ui/Button.tsx:25:13)

    console.log
      [Button] Props received: {
        variant: 'primary',
        size: 'lg',
        type: 'submit',
        loading: false,
        disabled: false
      }

      at log (src/components/ui/Button.tsx:26:13)

    console.log
      [Button] Has onClick in props: false

      at log (src/components/ui/Button.tsx:27:13)

    console.log
      [Button] All props: {}

      at log (src/components/ui/Button.tsx:28:13)

    console.log
      [Button] Rendering with type: submit

      at log (src/components/ui/Button.tsx:25:13)

    console.log
      [Button] Props received: {
        variant: 'primary',
        size: 'lg',
        type: 'submit',
        loading: false,
        disabled: false
      }

      at log (src/components/ui/Button.tsx:26:13)

    console.log
      [Button] Has onClick in props: false

      at log (src/components/ui/Button.tsx:27:13)

    console.log
      [Button] All props: {}

      at log (src/components/ui/Button.tsx:28:13)

    console.log
      [Button] Rendering with type: submit

      at log (src/components/ui/Button.tsx:25:13)

    console.log
      [Button] Props received: {
        variant: 'primary',
        size: 'lg',
        type: 'submit',
        loading: false,
        disabled: false
      }

      at log (src/components/ui/Button.tsx:26:13)

    console.log
      [Button] Has onClick in props: false

      at log (src/components/ui/Button.tsx:27:13)

    console.log
      [Button] All props: {}

      at log (src/components/ui/Button.tsx:28:13)

    console.log
      [Button] Rendering with type: submit

      at log (src/components/ui/Button.tsx:25:13)

    console.log
      [Button] Props received: {
        variant: 'primary',
        size: 'lg',
        type: 'submit',
        loading: false,
        disabled: false
      }

      at log (src/components/ui/Button.tsx:26:13)

    console.log
      [Button] Has onClick in props: false

      at log (src/components/ui/Button.tsx:27:13)

    console.log
      [Button] All props: {}

      at log (src/components/ui/Button.tsx:28:13)

    console.log
      [Button] Rendering with type: submit

      at log (src/components/ui/Button.tsx:25:13)

    console.log
      [Button] Props received: {
        variant: 'primary',
        size: 'lg',
        type: 'submit',
        loading: false,
        disabled: false
      }

      at log (src/components/ui/Button.tsx:26:13)

    console.log
      [Button] Has onClick in props: false

      at log (src/components/ui/Button.tsx:27:13)

    console.log
      [Button] All props: {}

      at log (src/components/ui/Button.tsx:28:13)

    console.log
      [Button] Rendering with type: submit

      at log (src/components/ui/Button.tsx:25:13)

    console.log
      [Button] Props received: {
        variant: 'primary',
        size: 'lg',
        type: 'submit',
        loading: false,
        disabled: false
      }

      at log (src/components/ui/Button.tsx:26:13)

    console.log
      [Button] Has onClick in props: false

      at log (src/components/ui/Button.tsx:27:13)

    console.log
      [Button] All props: {}

      at log (src/components/ui/Button.tsx:28:13)

    console.log
      [Button] Rendering with type: submit

      at log (src/components/ui/Button.tsx:25:13)

    console.log
      [Button] Props received: {
        variant: 'primary',
        size: 'lg',
        type: 'submit',
        loading: false,
        disabled: false
      }

      at log (src/components/ui/Button.tsx:26:13)

    console.log
      [Button] Has onClick in props: false

      at log (src/components/ui/Button.tsx:27:13)

    console.log
      [Button] All props: {}

      at log (src/components/ui/Button.tsx:28:13)

    console.log
      [Button] Rendering with type: submit

      at log (src/components/ui/Button.tsx:25:13)

    console.log
      [Button] Props received: {
        variant: 'primary',
        size: 'lg',
        type: 'submit',
        loading: false,
        disabled: false
      }

      at log (src/components/ui/Button.tsx:26:13)

    console.log
      [Button] Has onClick in props: false

      at log (src/components/ui/Button.tsx:27:13)

    console.log
      [Button] All props: {}

      at log (src/components/ui/Button.tsx:28:13)

    console.log
      [Button] Rendering with type: submit

      at log (src/components/ui/Button.tsx:25:13)

    console.log
      [Button] Props received: {
        variant: 'primary',
        size: 'lg',
        type: 'submit',
        loading: false,
        disabled: false
      }

      at log (src/components/ui/Button.tsx:26:13)

    console.log
      [Button] Has onClick in props: false

      at log (src/components/ui/Button.tsx:27:13)

    console.log
      [Button] All props: {}

      at log (src/components/ui/Button.tsx:28:13)

    console.log
      [Button] Rendering with type: submit

      at log (src/components/ui/Button.tsx:25:13)

    console.log
      [Button] Props received: {
        variant: 'primary',
        size: 'lg',
        type: 'submit',
        loading: false,
        disabled: false
      }

      at log (src/components/ui/Button.tsx:26:13)

    console.log
      [Button] Has onClick in props: false

      at log (src/components/ui/Button.tsx:27:13)

    console.log
      [Button] All props: {}

      at log (src/components/ui/Button.tsx:28:13)

    console.log
      [Button] Rendering with type: submit

      at log (src/components/ui/Button.tsx:25:13)

    console.log
      [Button] Props received: {
        variant: 'primary',
        size: 'lg',
        type: 'submit',
        loading: false,
        disabled: false
      }

      at log (src/components/ui/Button.tsx:26:13)

    console.log
      [Button] Has onClick in props: false

      at log (src/components/ui/Button.tsx:27:13)

    console.log
      [Button] All props: {}

      at log (src/components/ui/Button.tsx:28:13)

    console.log
      [Button] Rendering with type: submit

      at log (src/components/ui/Button.tsx:25:13)

    console.log
      [Button] Props received: {
        variant: 'primary',
        size: 'lg',
        type: 'submit',
        loading: false,
        disabled: false
      }

      at log (src/components/ui/Button.tsx:26:13)

    console.log
      [Button] Has onClick in props: false

      at log (src/components/ui/Button.tsx:27:13)

    console.log
      [Button] All props: {}

      at log (src/components/ui/Button.tsx:28:13)

    console.log
      [Button] Rendering with type: submit

      at log (src/components/ui/Button.tsx:25:13)

    console.log
      [Button] Props received: {
        variant: 'primary',
        size: 'lg',
        type: 'submit',
        loading: false,
        disabled: false
      }

      at log (src/components/ui/Button.tsx:26:13)

    console.log
      [Button] Has onClick in props: false

      at log (src/components/ui/Button.tsx:27:13)

    console.log
      [Button] All props: {}

      at log (src/components/ui/Button.tsx:28:13)

    console.log
      [Button] Rendering with type: submit

      at log (src/components/ui/Button.tsx:25:13)

    console.log
      [Button] Props received: {
        variant: 'primary',
        size: 'lg',
        type: 'submit',
        loading: false,
        disabled: false
      }

      at log (src/components/ui/Button.tsx:26:13)

    console.log
      [Button] Has onClick in props: false

      at log (src/components/ui/Button.tsx:27:13)

    console.log
      [Button] All props: {}

      at log (src/components/ui/Button.tsx:28:13)

    console.log
      [Button] Rendering with type: submit

      at log (src/components/ui/Button.tsx:25:13)

    console.log
      [Button] Props received: {
        variant: 'primary',
        size: 'lg',
        type: 'submit',
        loading: false,
        disabled: false
      }

      at log (src/components/ui/Button.tsx:26:13)

    console.log
      [Button] Has onClick in props: false

      at log (src/components/ui/Button.tsx:27:13)

    console.log
      [Button] All props: {}

      at log (src/components/ui/Button.tsx:28:13)

    console.log
      [Button] Rendering with type: submit

      at log (src/components/ui/Button.tsx:25:13)

    console.log
      [Button] Props received: {
        variant: 'primary',
        size: 'lg',
        type: 'submit',
        loading: false,
        disabled: false
      }

      at log (src/components/ui/Button.tsx:26:13)

    console.log
      [Button] Has onClick in props: false

      at log (src/components/ui/Button.tsx:27:13)

    console.log
      [Button] All props: {}

      at log (src/components/ui/Button.tsx:28:13)

    console.log
      [Button] Rendering with type: submit

      at log (src/components/ui/Button.tsx:25:13)

    console.log
      [Button] Props received: {
        variant: 'primary',
        size: 'lg',
        type: 'submit',
        loading: false,
        disabled: false
      }

      at log (src/components/ui/Button.tsx:26:13)

    console.log
      [Button] Has onClick in props: false

      at log (src/components/ui/Button.tsx:27:13)

    console.log
      [Button] All props: {}

      at log (src/components/ui/Button.tsx:28:13)

    console.log
      [Button] Rendering with type: submit

      at log (src/components/ui/Button.tsx:25:13)

    console.log
      [Button] Props received: {
        variant: 'primary',
        size: 'lg',
        type: 'submit',
        loading: false,
        disabled: false
      }

      at log (src/components/ui/Button.tsx:26:13)

    console.log
      [Button] Has onClick in props: false

      at log (src/components/ui/Button.tsx:27:13)

    console.log
      [Button] All props: {}

      at log (src/components/ui/Button.tsx:28:13)

    console.log
      [Button] Rendering with type: submit

      at log (src/components/ui/Button.tsx:25:13)

    console.log
      [Button] Props received: {
        variant: 'primary',
        size: 'lg',
        type: 'submit',
        loading: false,
        disabled: false
      }

      at log (src/components/ui/Button.tsx:26:13)

    console.log
      [Button] Has onClick in props: false

      at log (src/components/ui/Button.tsx:27:13)

    console.log
      [Button] All props: {}

      at log (src/components/ui/Button.tsx:28:13)

    console.log
      [Button] Rendering with type: submit

      at log (src/components/ui/Button.tsx:25:13)

    console.log
      [Button] Props received: {
        variant: 'primary',
        size: 'lg',
        type: 'submit',
        loading: false,
        disabled: false
      }

      at log (src/components/ui/Button.tsx:26:13)

    console.log
      [Button] Has onClick in props: false

      at log (src/components/ui/Button.tsx:27:13)

    console.log
      [Button] All props: {}

      at log (src/components/ui/Button.tsx:28:13)

    console.log
      [Button] Rendering with type: submit

      at log (src/components/ui/Button.tsx:25:13)

    console.log
      [Button] Props received: {
        variant: 'primary',
        size: 'lg',
        type: 'submit',
        loading: false,
        disabled: false
      }

      at log (src/components/ui/Button.tsx:26:13)

    console.log
      [Button] Has onClick in props: false

      at log (src/components/ui/Button.tsx:27:13)

    console.log
      [Button] All props: {}

      at log (src/components/ui/Button.tsx:28:13)

    console.log
      [Button] Rendering with type: submit

      at log (src/components/ui/Button.tsx:25:13)

    console.log
      [Button] Props received: {
        variant: 'primary',
        size: 'lg',
        type: 'submit',
        loading: false,
        disabled: false
      }

      at log (src/components/ui/Button.tsx:26:13)

    console.log
      [Button] Has onClick in props: false

      at log (src/components/ui/Button.tsx:27:13)

    console.log
      [Button] All props: {}

      at log (src/components/ui/Button.tsx:28:13)

    console.log
      [Button] Rendering with type: submit

      at log (src/components/ui/Button.tsx:25:13)

    console.log
      [Button] Props received: {
        variant: 'primary',
        size: 'lg',
        type: 'submit',
        loading: false,
        disabled: false
      }

      at log (src/components/ui/Button.tsx:26:13)

    console.log
      [Button] Has onClick in props: false

      at log (src/components/ui/Button.tsx:27:13)

    console.log
      [Button] All props: {}

      at log (src/components/ui/Button.tsx:28:13)

    console.log
      [Button] Rendering with type: submit

      at log (src/components/ui/Button.tsx:25:13)

    console.log
      [Button] Props received: {
        variant: 'primary',
        size: 'lg',
        type: 'submit',
        loading: false,
        disabled: false
      }

      at log (src/components/ui/Button.tsx:26:13)

    console.log
      [Button] Has onClick in props: false

      at log (src/components/ui/Button.tsx:27:13)

    console.log
      [Button] All props: {}

      at log (src/components/ui/Button.tsx:28:13)

    console.log
      [Button] Rendering with type: submit

      at log (src/components/ui/Button.tsx:25:13)

    console.log
      [Button] Props received: {
        variant: 'primary',
        size: 'lg',
        type: 'submit',
        loading: false,
        disabled: false
      }

      at log (src/components/ui/Button.tsx:26:13)

    console.log
      [Button] Has onClick in props: false

      at log (src/components/ui/Button.tsx:27:13)

    console.log
      [Button] All props: {}

      at log (src/components/ui/Button.tsx:28:13)

    console.log
      [Button] Rendering with type: submit

      at log (src/components/ui/Button.tsx:25:13)

    console.log
      [Button] Props received: {
        variant: 'primary',
        size: 'lg',
        type: 'submit',
        loading: false,
        disabled: false
      }

      at log (src/components/ui/Button.tsx:26:13)

    console.log
      [Button] Has onClick in props: false

      at log (src/components/ui/Button.tsx:27:13)

    console.log
      [Button] All props: {}

      at log (src/components/ui/Button.tsx:28:13)

    console.log
      [Button] Rendering with type: submit

      at log (src/components/ui/Button.tsx:25:13)

    console.log
      [Button] Props received: {
        variant: 'primary',
        size: 'lg',
        type: 'submit',
        loading: false,
        disabled: false
      }

      at log (src/components/ui/Button.tsx:26:13)

    console.log
      [Button] Has onClick in props: false

      at log (src/components/ui/Button.tsx:27:13)

    console.log
      [Button] All props: {}

      at log (src/components/ui/Button.tsx:28:13)

    console.log
      [Button] Rendering with type: submit

      at log (src/components/ui/Button.tsx:25:13)

    console.log
      [Button] Props received: {
        variant: 'primary',
        size: 'lg',
        type: 'submit',
        loading: false,
        disabled: false
      }

      at log (src/components/ui/Button.tsx:26:13)

    console.log
      [Button] Has onClick in props: false

      at log (src/components/ui/Button.tsx:27:13)

    console.log
      [Button] All props: {}

      at log (src/components/ui/Button.tsx:28:13)

    console.log
      [Button] Rendering with type: submit

      at log (src/components/ui/Button.tsx:25:13)

    console.log
      [Button] Props received: {
        variant: 'primary',
        size: 'lg',
        type: 'submit',
        loading: false,
        disabled: false
      }

      at log (src/components/ui/Button.tsx:26:13)

    console.log
      [Button] Has onClick in props: false

      at log (src/components/ui/Button.tsx:27:13)

    console.log
      [Button] All props: {}

      at log (src/components/ui/Button.tsx:28:13)

    console.log
      [Button] Rendering with type: submit

      at log (src/components/ui/Button.tsx:25:13)

    console.log
      [Button] Props received: {
        variant: 'primary',
        size: 'lg',
        type: 'submit',
        loading: false,
        disabled: false
      }

      at log (src/components/ui/Button.tsx:26:13)

    console.log
      [Button] Has onClick in props: false

      at log (src/components/ui/Button.tsx:27:13)

    console.log
      [Button] All props: {}

      at log (src/components/ui/Button.tsx:28:13)

    console.log
      [Button] Rendering with type: submit

      at log (src/components/ui/Button.tsx:25:13)

    console.log
      [Button] Props received: {
        variant: 'primary',
        size: 'lg',
        type: 'submit',
        loading: false,
        disabled: false
      }

      at log (src/components/ui/Button.tsx:26:13)

    console.log
      [Button] Has onClick in props: false

      at log (src/components/ui/Button.tsx:27:13)

    console.log
      [Button] All props: {}

      at log (src/components/ui/Button.tsx:28:13)

    console.log
      [Button] Rendering with type: submit

      at log (src/components/ui/Button.tsx:25:13)

    console.log
      [Button] Props received: {
        variant: 'primary',
        size: 'lg',
        type: 'submit',
        loading: false,
        disabled: false
      }

      at log (src/components/ui/Button.tsx:26:13)

    console.log
      [Button] Has onClick in props: false

      at log (src/components/ui/Button.tsx:27:13)

    console.log
      [Button] All props: {}

      at log (src/components/ui/Button.tsx:28:13)

    console.log
      [Button] Rendering with type: submit

      at log (src/components/ui/Button.tsx:25:13)

    console.log
      [Button] Props received: {
        variant: 'primary',
        size: 'lg',
        type: 'submit',
        loading: false,
        disabled: false
      }

      at log (src/components/ui/Button.tsx:26:13)

    console.log
      [Button] Has onClick in props: false

      at log (src/components/ui/Button.tsx:27:13)

    console.log
      [Button] All props: {}

      at log (src/components/ui/Button.tsx:28:13)

    console.log
      [Button] Rendering with type: submit

      at log (src/components/ui/Button.tsx:25:13)

    console.log
      [Button] Props received: {
        variant: 'primary',
        size: 'lg',
        type: 'submit',
        loading: false,
        disabled: false
      }

      at log (src/components/ui/Button.tsx:26:13)

    console.log
      [Button] Has onClick in props: false

      at log (src/components/ui/Button.tsx:27:13)

    console.log
      [Button] All props: {}

      at log (src/components/ui/Button.tsx:28:13)

    console.log
      [Button] Rendering with type: submit

      at log (src/components/ui/Button.tsx:25:13)

    console.log
      [Button] Props received: {
        variant: 'primary',
        size: 'lg',
        type: 'submit',
        loading: false,
        disabled: false
      }

      at log (src/components/ui/Button.tsx:26:13)

    console.log
      [Button] Has onClick in props: false

      at log (src/components/ui/Button.tsx:27:13)

    console.log
      [Button] All props: {}

      at log (src/components/ui/Button.tsx:28:13)

    console.log
      [Button] Rendering with type: submit

      at log (src/components/ui/Button.tsx:25:13)

    console.log
      [Button] Props received: {
        variant: 'primary',
        size: 'lg',
        type: 'submit',
        loading: false,
        disabled: false
      }

      at log (src/components/ui/Button.tsx:26:13)

    console.log
      [Button] Has onClick in props: false

      at log (src/components/ui/Button.tsx:27:13)

    console.log
      [Button] All props: {}

      at log (src/components/ui/Button.tsx:28:13)

  ● LoginForm - Property-Based Tests (Part 3) › property: submission prevents duplicate requests

    Property failed after 1 tests
    { seed: 151254300, path: "0:0:0:0:0:0:0:0:0:0:0:0:0:0:0:0:0:0:0", endOnFailure: true }
    Counterexample: [{"email":"a@a.aa","password":"        "}]
    Shrunk 18 time(s)

    Hint: Enable verbose mode in order to have the list of all failing values encountered during the run

      42 |    */
      43 |   test('property: submission prevents duplicate requests', () => {
    > 44 |     fc.assert(
         |        ^
      45 |       fc.property(
      46 |         fc.record({
      47 |           email: fc.emailAddress(),

      at buildError (node_modules/fast-check/lib/cjs/check/runner/utils/RunDetailsFormatter.js:162:19)
      at throwIfFailed (node_modules/fast-check/lib/cjs/check/runner/utils/RunDetailsFormatter.js:171:11)
      at reportRunDetails (node_modules/fast-check/lib/cjs/check/runner/utils/RunDetailsFormatter.js:184:16)
      at Object.assert (node_modules/fast-check/lib/cjs/check/runner/Runner.js:65:55)
      at Object.assert (src/components/LoginForm.property3.test.tsx:44:8)

    Cause:
    TestingLibraryElementError: Unable to find an accessible element with the role "button" and name `/signing in/i`

    Here are the accessible roles:

      textbox:

      Name "Email Address":
      [36m<input[39m
        [33maria-invalid[39m=[32m"false"[39m
        [33maria-label[39m=[32m"Email Address"[39m
        [33maria-required[39m=[32m"true"[39m
        [33mautocomplete[39m=[32m"email"[39m
        [33mclass[39m=[32m"w-full px-3 py-2 rounded-md border text-gray-900 transition-colors duration-200 placeholder:text-gray-400 focus:outline-none focus:ring-2 focus:ring-offset-2 focus-visible:outline-none focus-visible:ring-2 focus-visible:ring-offset-2 min-h-[44px] text-base md:min-h-[40px] md:text-sm border-gray-300 focus:ring-blue-500 focus:border-blue-500 focus-visible:ring-blue-500 bg-gray-100 cursor-not-allowed opacity-60"[39m
        [33mdisabled[39m=[32m""[39m
        [33mid[39m=[32m"email"[39m
        [33mname[39m=[32m"email"[39m
        [33mtype[39m=[32m"email"[39m
      [36m/>[39m

      --------------------------------------------------
      button:

      Name "Show password":
      [36m<button[39m
        [33maria-label[39m=[32m"Show password"[39m
        [33maria-pressed[39m=[32m"false"[39m
        [33mclass[39m=[32m"absolute right-2 top-1/2 -translate-y-1/2 p-2 rounded-md z-10 min-w-[44px] min-h-[44px] md:min-w-[36px] md:min-h-[36px] transition-colors duration-200 focus:outline-none focus:ring-2 focus:ring-blue-500 focus:ring-offset-2 focus-visible:outline-none focus-visible:ring-2 focus-visible:ring-blue-500 focus-visible:ring-offset-2 cursor-not-allowed opacity-60 hover:bg-transparent"[39m
        [33mdisabled[39m=[32m""[39m
        [33mtype[39m=[32m"button"[39m
      [36m/>[39m

      Name "Logging in...":
      [36m<button[39m
        [33maria-busy[39m=[32m"true"[39m
        [33mclass[39m=[32m"inline-flex items-center justify-center rounded-md font-medium transition-colors focus-visible:outline-none focus-visible:ring-2 focus-visible:ring-offset-2 disabled:pointer-events-none disabled:opacity-50 focus:outline-none focus:ring-2 focus:ring-offset-2 bg-blue-600 text-white hover:bg-blue-700 active:bg-blue-800 focus-visible:ring-blue-500 focus:ring-blue-500 h-12 px-6 text-lg w-full min-h-[44px] md:min-h-[48px]"[39m
        [33mdisabled[39m=[32m""[39m
        [33mtype[39m=[32m"submit"[39m
      [36m/>[39m

      --------------------------------------------------

    Ignored nodes: comments, script, style
    [36m<body>[39m
      [36m<div />[39m
      [36m<div />[39m
      [36m<div />[39m
      [36m<div />[39m
      [36m<div />[39m
      [36m<div />[39m
      [36m<div />[39m
      [36m<div />[39m
      [36m<div />[39m
      [36m<div />[39m
      [36m<div />[39m
      [36m<div />[39m
      [36m<div />[39m
      [36m<div />[39m
      [36m<div />[39m
      [36m<div />[39m
      [36m<div />[39m
      [36m<div />[39m
      [36m<div>[39m
        [36m<form[39m
          [33mclass[39m=[32m"space-y-6"[39m
          [33mnovalidate[39m=[32m""[39m
        [36m>[39m
          [36m<div>[39m
            [36m<label[39m
              [33mclass[39m=[32m"block text-sm font-medium text-gray-700 mb-1.5"[39m
              [33mfor[39m=[32m"email"[39m
            [36m>[39m
              [0mEmail Address[0m
            [36m</label>[39m
            [36m<input[39m
              [33maria-invalid[39m=[32m"false"[39m
              [33maria-label[39m=[32m"Email Address"[39m
              [33maria-required[39m=[32m"true"[39m
              [33mautocomplete[39m=[32m"email"[39m
              [33mclass[39m=[32m"w-full px-3 py-2 rounded-md border text-gray-900 transition-colors duration-200 placeholder:text-gray-400 focus:outline-none focus:ring-2 focus:ring-offset-2 focus-visible:outline-none focus-visible:ring-2 focus-visible:ring-offset-2 min-h-[44px] text-base md:min-h-[40px] md:text-sm border-gray-300 focus:ring-blue-500 focus:border-blue-500 focus-visible:ring-blue-500 bg-gray-100 cursor-not-allowed opacity-60"[39m
              [33mdisabled[39m=[32m""[39m
              [33mid[39m=[32m"email"[39m
              [33mname[39m=[32m"email"[39m
              [33mtype[39m=[32m"email"[39m
            [36m/>[39m
          [36m</div>[39m
          [36m<div>[39m
            [36m<label[39m
              [33mclass[39m=[32m"block text-sm font-medium text-gray-700 mb-1.5"[39m
              [33mfor[39m=[32m"password"[39m
            [36m>[39m
              [0mPassword[0m
            [36m</label>[39m
            [36m<div[39m
              [33mclass[39m=[32m"relative"[39m
            [36m>[39m
              [36m<input[39m
                [33maria-invalid[39m=[32m"false"[39m
                [33maria-label[39m=[32m"Password"[39m
                [33maria-required[39m=[32m"true"[39m
                [33mautocomplete[39m=[32m"current-password"[39m
                [33mclass[39m=[32m"w-full px-3 py-2 pr-12 rounded-md border text-gray-900 transition-colors duration-200 placeholder:text-gray-400 focus:outline-none focus:ring-2 focus:ring-offset-2 focus-visible:outline-none focus-visible:ring-2 focus-visible:ring-offset-2 min-h-[44px] text-base md:min-h-[40px] md:text-sm border-gray-300 focus:ring-blue-500 focus:border-blue-500 focus-visible:ring-blue-500 bg-gray-100 cursor-not-allowed opacity-60"[39m
                [33mdisabled[39m=[32m""[39m
                [33mid[39m=[32m"password"[39m
                [33mname[39m=[32m"password"[39m
                [33mtype[39m=[32m"password"[39m
              [36m/>[39m
              [36m<button[39m
                [33maria-label[39m=[32m"Show password"[39m
                [33maria-pressed[39m=[32m"false"[39m
                [33mclass[39m=[32m"absolute right-2 top-1/2 -translate-y-1/2 p-2 rounded-md z-10 min-w-[44px] min-h-[44px] md:min-w-[36px] md:min-h-[36px] transition-colors duration-200 focus:outline-none focus:ring-2 focus:ring-blue-500 focus:ring-offset-2 focus-visible:outline-none focus-visible:ring-2 focus-visible:ring-blue-500 focus-visible:ring-offset-2 cursor-not-allowed opacity-60 hover:bg-transparent"[39m
                [33mdisabled[39m=[32m""[39m
                [33mtype[39m=[32m"button"[39m
              [36m>[39m
                [36m<svg[39m
                  [33maria-hidden[39m=[32m"true"[39m
                  [33mclass[39m=[32m"w-5 h-5 text-gray-600"[39m
                  [33mfill[39m=[32m"none"[39m
                  [33mstroke[39m=[32m"currentColor"[39m
                  [33mstyle[39m=[32m"pointer-events: none;"[39m
                  [33mviewBox[39m=[32m"0 0 24 24"[39m
                [36m>[39m
                  [36m<path[39m
                    [33md[39m=[32m"M15 12a3 3 0 11-6 0 3 3 0 016 0z"[39m
                    [33mstroke-linecap[39m=[32m"round"[39m
                    [33mstroke-linejoin[39m=[32m"round"[39m
                    [33mstroke-width[39m=[32m"2"[39m
                    [33mstyle[39m=[32m"pointer-events: none;"[39m
                  [36m/>[39m
                  [36m<path[39m
                    [33md[39m=[32m"M2.458 12C3.732 7.943 7.523 5 12 5c4.478 0 8.268 2.943 9.542 7-1.274 4.057-5.064 7-9.542 7-4.477 0-8.268-2.943-9.542-7z"[39m
                    [33mstroke-linecap[39m=[32m"round"[39m
                    [33mstroke-linejoin[39m=[32m"round"[39m
                    [33mstroke-width[39m=[32m"2"[39m
                    [33mstyle[39m=[32m"pointer-events: none;"[39m
                  [36m/>[39m
                [36m</svg>[39m
              [36m</button>[39m
            [36m</div>[39m
          [36m</div>[39m
          [36m<button[39m
            [33maria-busy[39m=[32m"true"[39m
            [33mclass[39m=[32m"inline-flex items-center justify-center rounded-md font-medium transition-colors focus-visible:outline-none focus-visible:ring-2 focus-visible:ring-offset-2 disabled:pointer-events-none disabled:opacity-50 focus:outline-none focus:ring-2 focus:ring-offset-2 bg-blue-600 text-white hover:bg-blue-700 active:bg-blue-800 focus-visible:ring-blue-500 focus:ring-blue-500 h-12 px-6 text-lg w-full min-h-[44px] md:min-h-[48px]"[39m
            [33mdisabled[39m=[32m""[39m
            [33mtype[39m=[32m"submit"[39m
          [36m>[39m
            [36m<svg[39m
              [33maria-hidden[39m=[32m"true"[39m
              [33mclass[39m=[32m"animate-spin mr-2 w-5 h-5"[39m
              [33mfill[39m=[32m"none"[39m
              [33mviewBox[39m=[32m"0 0 24 24"[39m
            [36m>[39m
              [36m<circle[39m
                [33mclass[39m=[32m"opacity-25"[39m
                [33mcx[39m=[32m"12"[39m
                [33mcy[39m=[32m"12"[39m
                [33mr[39m=[32m"10"[39m
                [33mstroke[39m=[32m"currentColor"[39m
                [33mstroke-width[39m=[32m"4"[39m
              [36m/>[39m
              [36m<path[39m
                [33mclass[39m=[32m"opacity-75"[39m
                [33md[39m=[32m"M4 12a8 8 0 018-8V0C5.373 0 0 5.373 0 12h4zm2 5.291A7.962 7.962 0 014 12H0c0 3.042 1.135 5.824 3 7.938l3-2.647z"[39m
                [33mfill[39m=[32m"currentColor"[39m
              [36m/>[39m
            [36m</svg>[39m
            [0mLogging in...[0m
          [36m</button>[39m
        [36m</form>[39m
      [36m</div>[39m
    [36m</body>[39m

      68 |           try {
      69 |             // Property: Button must be disabled when form is submitting
    > 70 |             const submitButton = screen.getByRole('button', { name: /signing in/i });
         |                                         ^
      71 |             expect(submitButton).toBeDisabled();
      72 |
      73 |             // Property: This prevents duplicate submissions since disabled buttons can't be clicked

      at Object.getElementError (node_modules/@testing-library/dom/dist/config.js:37:19)
      at node_modules/@testing-library/dom/dist/query-helpers.js:76:38
      at node_modules/@testing-library/dom/dist/query-helpers.js:52:17
      at node_modules/@testing-library/dom/dist/query-helpers.js:95:19
      at getByRole (src/components/LoginForm.property3.test.tsx:70:41)
      at Property.predicate (node_modules/fast-check/lib/cjs/check/property/Property.js:17:92)
      at Property.run (node_modules/fast-check/lib/cjs/check/property/Property.generic.js:46:33)
      at runIt (node_modules/fast-check/lib/cjs/check/runner/Runner.js:18:30)
      at check (node_modules/fast-check/lib/cjs/check/runner/Runner.js:58:11)
      at Object.assert (node_modules/fast-check/lib/cjs/check/runner/Runner.js:61:17)
      at Object.assert (src/components/LoginForm.property3.test.tsx:44:8)

  ● LoginForm - Property-Based Tests (Part 3) › property: user input clears errors

    Property failed after 1 tests
    { seed: 1107241907, path: "0:0:0:0:0:0", endOnFailure: true }
    Counterexample: [{"field":"email","errorMessage":"     "}]
    Shrunk 5 time(s)

    Hint: Enable verbose mode in order to have the list of all failing values encountered during the run

      at buildError (node_modules/fast-check/lib/cjs/check/runner/utils/RunDetailsFormatter.js:162:19)
      at asyncThrowIfFailed (node_modules/fast-check/lib/cjs/check/runner/utils/RunDetailsFormatter.js:176:11)

    Cause:
    TypeError: Cannot read properties of undefined (reading 'state')

      91 |
      92 |       {/* Status Message Display */}
    > 93 |       {status.state !== 'idle' && (
         |               ^
      94 |         <div
      95 |           role="status"
      96 |           aria-live="polite"

      at state (src/components/LoginForm.tsx:93:15)
      at renderWithHooks (node_modules/react-dom/cjs/react-dom.development.js:15486:18)
      at mountIndeterminateComponent (node_modules/react-dom/cjs/react-dom.development.js:20103:13)
      at beginWork (node_modules/react-dom/cjs/react-dom.development.js:21626:16)
      at beginWork$1 (node_modules/react-dom/cjs/react-dom.development.js:27465:14)
      at performUnitOfWork (node_modules/react-dom/cjs/react-dom.development.js:26599:12)
      at workLoopSync (node_modules/react-dom/cjs/react-dom.development.js:26505:5)
      at renderRootSync (node_modules/react-dom/cjs/react-dom.development.js:26473:7)
      at recoverFromConcurrentError (node_modules/react-dom/cjs/react-dom.development.js:25889:20)
      at performConcurrentWorkOnRoot (node_modules/react-dom/cjs/react-dom.development.js:25789:22)
      at flushActQueue (node_modules/react/cjs/react.development.js:2667:24)
      at act (node_modules/react/cjs/react.development.js:2582:11)
      at node_modules/@testing-library/react/dist/act-compat.js:46:25
      at renderRoot (node_modules/@testing-library/react/dist/pure.js:189:26)
      at render (node_modules/@testing-library/react/dist/pure.js:291:10)
      at src/components/LoginForm.property3.test.tsx:237:37
      at AsyncProperty.predicate (node_modules/fast-check/lib/cjs/check/property/AsyncProperty.js:17:102)
      at AsyncProperty.run (node_modules/fast-check/lib/cjs/check/property/AsyncProperty.generic.js:46:39)
      at asyncRunIt (node_modules/fast-check/lib/cjs/check/runner/Runner.js:28:36)
      at Object.<anonymous> (src/components/LoginForm.property3.test.tsx:211:5)

FAIL src/components/ErrorRecovery.integration.test.tsx (7.297 s)
  ● Error Recovery Flow - Integration Tests › 6.3: Error recovery flow › Login Form Error Recovery › should display error and allow recovery when user corrects input

    Unable to find an element with the text: /invalid email or password/i. This could be because the text is broken up by multiple elements. In this case, you can provide a function for your text matcher to make your matcher more flexible.

    Ignored nodes: comments, script, style
    [36m<body>[39m
      [36m<div>[39m
        [36m<form[39m
          [33mclass[39m=[32m"space-y-6"[39m
          [33mnovalidate[39m=[32m""[39m
        [36m>[39m
          [36m<div[39m
            [33maria-live[39m=[32m"assertive"[39m
            [33mclass[39m=[32m"p-4 rounded-md bg-red-50 border border-red-200"[39m
            [33mrole[39m=[32m"alert"[39m
          [36m>[39m
            [36m<div[39m
              [33mclass[39m=[32m"flex items-start"[39m
            [36m>[39m
              [36m<svg[39m
                [33maria-hidden[39m=[32m"true"[39m
                [33mclass[39m=[32m"w-5 h-5 text-red-600 mr-3 mt-0.5 flex-shrink-0"[39m
                [33mfill[39m=[32m"currentColor"[39m
                [33mviewBox[39m=[32m"0 0 20 20"[39m
              [36m>[39m
                [36m<path[39m
                  [33mclip-rule[39m=[32m"evenodd"[39m
                  [33md[39m=[32m"M10 18a8 8 0 100-16 8 8 0 000 16zM8.707 7.293a1 1 0 00-1.414 1.414L8.586 10l-1.293 1.293a1 1 0 101.414 1.414L10 11.414l1.293 1.293a1 1 0 001.414-1.414L11.414 10l1.293-1.293a1 1 0 00-1.414-1.414L10 8.586 8.707 7.293z"[39m
                  [33mfill-rule[39m=[32m"evenodd"[39m
                [36m/>[39m
              [36m</svg>[39m
              [36m<p[39m
                [33mclass[39m=[32m"text-sm text-red-800"[39m
              [36m>[39m
                [0mUnable to connect. Please check your connection and try again[0m
              [36m</p>[39m
            [36m</div>[39m
          [36m</div>[39m
          [36m<div[39m
            [33maria-live[39m=[32m"polite"[39m
            [33mclass[39m=[32m"p-4 rounded-md border transition-all duration-200 bg-red-50 border-red-200"[39m
            [33mrole[39m=[32m"status"[39m
          [36m>[39m
            [36m<div[39m
              [33mclass[39m=[32m"flex items-start"[39m
            [36m>[39m
              [36m<svg[39m
                [33maria-hidden[39m=[32m"true"[39m
                [33mclass[39m=[32m"w-5 h-5 text-red-600 mr-3 mt-0.5 flex-shrink-0"[39m
                [33mfill[39m=[32m"currentColor"[39m
                [33mviewBox[39m=[32m"0 0 20 20"[39m
              [36m>[39m
                [36m<path[39m
                  [33mclip-rule[39m=[32m"evenodd"[39m
                  [33md[39m=[32m"M10 18a8 8 0 100-16 8 8 0 000 16zM8.707 7.293a1 1 0 00-1.414 1.414L8.586 10l-1.293 1.293a1 1 0 101.414 1.414L10 11.414l1.293 1.293a1 1 0 001.414-1.414L11.414 10l1.293-1.293a1 1 0 00-1.414-1.414L10 8.586 8.707 7.293z"[39m
                  [33mfill-rule[39m=[32m"evenodd"[39m
                [36m/>[39m
              [36m</svg>[39m
              [36m<p[39m
                [33mclass[39m=[32m"text-sm text-red-800"[39m
              [36m>[39m
                [0mUnable to connect. Please check your connection and try again[0m
              [36m</p>[39m
            [36m</div>[39m
          [36m</div>[39m
          [36m<div>[39m
            [36m<label[39m
              [33mclass[39m=[32m"block text-sm font-medium text-gray-700 mb-1.5"[39m
              [33mfor[39m=[32m"email"[39m
            [36m>[39m
              [0mEmail Address[0m
            [36m</label>[39m
            [36m<input[39m
              [33maria-invalid[39m=[32m"false"[39m
              [33maria-label[39m=[32m"Email Address"[39m
              [33maria-required[39m=[32m"true"[39m
              [33mautocomplete[39m=[32m"email"[39m
              [33mclass[39m=[32m"w-full px-3 py-2 rounded-md border text-gray-900 transition-colors duration-200 placeholder:text-gray-400 focus:outline-none focus:ring-2 focus:ring-offset-2 focus-visible:outline-none focus-visible:ring-2 focus-visible:ring-offset-2 min-h-[44px] text-base md:min-h-[40px] md:text-sm border-gray-300 focus:ring-blue-500 focus:border-blue-500 focus-visible:ring-blue-500"[39m
              [33mid[39m=[32m"email"[39m
              [33mname[39m=[32m"email"[39m
              [33mtype[39m=[32m"email"[39m
            [36m/>[39m
          [36m</div>[39m
          [36m<div>[39m
            [36m<label[39m
              [33mclass[39m=[32m"block text-sm font-medium text-gray-700 mb-1.5"[39m
              [33mfor[39m=[32m"password"[39m
            [36m>[39m
              [0mPassword[0m
            [36m</label>[39m
            [36m<div[39m
              [33mclass[39m=[32m"relative"[39m
            [36m>[39m
              [36m<input[39m
                [33maria-invalid[39m=[32m"false"[39m
                [33maria-label[39m=[32m"Password"[39m
                [33maria-required[39m=[32m"true"[39m
                [33mautocomplete[39m=[32m"current-password"[39m
                [33mclass[39m=[32m"w-full px-3 py-2 pr-12 rounded-md border text-gray-900 transition-colors duration-200 placeholder:text-gray-400 focus:outline-none focus:ring-2 focus:ring-offset-2 focus-visible:outline-none focus-visible:ring-2 focus-visible:ring-offset-2 min-h-[44px] text-base md:min-h-[40px] md:text-sm border-gray-300 focus:ring-blue-500 focus:border-blue-500 focus-visible:ring-blue-500"[39m
                [33mid[39m=[32m"password"[39m
                [33mname[39m=[32m"password"[39m
                [33mtype[39m=[32m"password"[39m
              [36m/>[39m
              [36m<button[39m
                [33maria-label[39m=[32m"Show password"[39m
                [33maria-pressed[39m=[32m"false"[39m
                [33mclass[39m=[32m"absolute right-2 top-1/2 -translate-y-1/2 p-2 rounded-md z-10 min-w-[44px] min-h-[44px] md:min-w-[36px] md:min-h-[36px] hover:bg-gray-100 transition-colors duration-200 focus:outline-none focus:ring-2 focus:ring-blue-500 focus:ring-offset-2 focus-visible:outline-none focus-visible:ring-2 focus-visible:ring-blue-500 focus-visible:ring-offset-2"[39m
                [33mtype[39m=[32m"button"[39m
              [36m>[39m
                [36m<svg[39m
                  [33maria-hidden[39m=[32m"true"[39m
                  [33mclass[39m=[32m"w-5 h-5 text-gray-600"[39m
                  [33mfill[39m=[32m"none"[39m
                  [33mstroke[39m=[32m"currentColor"[39m
                  [33mstyle[39m=[32m"pointer-events: none;"[39m
                  [33mviewBox[39m=[32m"0 0 24 24"[39m
                [36m>[39m
                  [36m<path[39m
                    [33md[39m=[32m"M15 12a3 3 0 11-6 0 3 3 0 016 0z"[39m
                    [33mstroke-linecap[39m=[32m"round"[39m
                    [33mstroke-linejoin[39m=[32m"round"[39m
                    [33mstroke-width[39m=[32m"2"[39m
                    [33mstyle[39m=[32m"pointer-events: none;"[39m
                  [36m/>[39m
                  [36m<path[39m
                    [33md[39m=[32m"M2.458 12C3.732 7.943 7.523 5 12 5c4.478 0 8.268 2.943 9.542 7-1.274 4.057-5.064 7-9.542 7-4.477 0-8.268-2.943-9.542-7z"[39m
                    [33mstroke-linecap[39m=[32m"round"[39m
                    [33mstroke-linejoin[39m=[32m"round"[39m
                    [33mstroke-width[39m=[32m"2"[39m
                    [33mstyle[39m=[32m"pointer-events: none;"[39m
                  [36m/>[39m
                [36m</svg>[39m
              [36m</button>[39m
            [36m</div>[39m
          [36m</div>[39m
          [36m<button[39m
            [33maria-busy[39m=[32m"false"[39m
            [33mclass[39m=[32m"inline-flex items-center justify-center rounded-md font-medium transition-colors focus-visible:outline-none focus-visible:ring-2 focus-visible:ring-offset-2 disabled:pointer-events-none disabled:opacity-50 focus:outline-none focus:ring-2 focus:ring-offset-2 bg-blue-600 text-white hover:bg-blue-700 active:bg-blue-800 focus-visible:ring-blue-500 focus:ring-blue-500 h-12 px-6 text-lg w-full min-h-[44px] md:min-h-[48px]"[39m
            [33mtype[39m=[32m"submit"[39m
          [36m>[39m
            [0mSign In[0m
          [36m</button>[39m
        [36m</form>[39m
      [36m</div>[39m
    [36m</body>[39m

      64 |
      65 |         // Wait for error message
    > 66 |         await waitFor(() => {
         |                      ^
      67 |           expect(screen.getByText(/invalid email or password/i)).toBeInTheDocument();
      68 |         });
      69 |

      at waitForWrapper (node_modules/@testing-library/dom/dist/wait-for.js:163:27)
      at Object.<anonymous> (src/components/ErrorRecovery.integration.test.tsx:66:22)

  ● Error Recovery Flow - Integration Tests › 6.3: Error recovery flow › Login Form Error Recovery › should recover from network errors

    Found multiple elements with the text: /unable to connect/i

    Here are the matching elements:

    Ignored nodes: comments, script, style
    [36m<p[39m
      [33mclass[39m=[32m"text-sm text-red-800"[39m
    [36m>[39m
      [0mUnable to connect. Please check your connection and try again[0m
    [36m</p>[39m

    Ignored nodes: comments, script, style
    [36m<p[39m
      [33mclass[39m=[32m"text-sm text-red-800"[39m
    [36m>[39m
      [0mUnable to connect. Please check your connection and try again[0m
    [36m</p>[39m

    (If this is intentional, then use the `*AllBy*` variant of the query (like `queryAllByText`, `getAllByText`, or `findAllByText`)).

    Ignored nodes: comments, script, style
    [36m<body>[39m
      [36m<div>[39m
        [36m<form[39m
          [33mclass[39m=[32m"space-y-6"[39m
          [33mnovalidate[39m=[32m""[39m
        [36m>[39m
          [36m<div[39m
            [33maria-live[39m=[32m"assertive"[39m
            [33mclass[39m=[32m"p-4 rounded-md bg-red-50 border border-red-200"[39m
            [33mrole[39m=[32m"alert"[39m
          [36m>[39m
            [36m<div[39m
              [33mclass[39m=[32m"flex items-start"[39m
            [36m>[39m
              [36m<svg[39m
                [33maria-hidden[39m=[32m"true"[39m
                [33mclass[39m=[32m"w-5 h-5 text-red-600 mr-3 mt-0.5 flex-shrink-0"[39m
                [33mfill[39m=[32m"currentColor"[39m
                [33mviewBox[39m=[32m"0 0 20 20"[39m
              [36m>[39m
                [36m<path[39m
                  [33mclip-rule[39m=[32m"evenodd"[39m
                  [33md[39m=[32m"M10 18a8 8 0 100-16 8 8 0 000 16zM8.707 7.293a1 1 0 00-1.414 1.414L8.586 10l-1.293 1.293a1 1 0 101.414 1.414L10 11.414l1.293 1.293a1 1 0 001.414-1.414L11.414 10l1.293-1.293a1 1 0 00-1.414-1.414L10 8.586 8.707 7.293z"[39m
                  [33mfill-rule[39m=[32m"evenodd"[39m
                [36m/>[39m
              [36m</svg>[39m
              [36m<p[39m
                [33mclass[39m=[32m"text-sm text-red-800"[39m
              [36m>[39m
                [0mUnable to connect. Please check your connection and try again[0m
              [36m</p>[39m
            [36m</div>[39m
          [36m</div>[39m
          [36m<div[39m
            [33maria-live[39m=[32m"polite"[39m
            [33mclass[39m=[32m"p-4 rounded-md border transition-all duration-200 bg-red-50 border-red-200"[39m
            [33mrole[39m=[32m"status"[39m
          [36m>[39m
            [36m<div[39m
              [33mclass[39m=[32m"flex items-start"[39m
            [36m>[39m
              [36m<svg[39m
                [33maria-hidden[39m=[32m"true"[39m
                [33mclass[39m=[32m"w-5 h-5 text-red-600 mr-3 mt-0.5 flex-shrink-0"[39m
                [33mfill[39m=[32m"currentColor"[39m
                [33mviewBox[39m=[32m"0 0 20 20"[39m
              [36m>[39m
                [36m<path[39m
                  [33mclip-rule[39m=[32m"evenodd"[39m
                  [33md[39m=[32m"M10 18a8 8 0 100-16 8 8 0 000 16zM8.707 7.293a1 1 0 00-1.414 1.414L8.586 10l-1.293 1.293a1 1 0 101.414 1.414L10 11.414l1.293 1.293a1 1 0 001.414-1.414L11.414 10l1.293-1.293a1 1 0 00-1.414-1.414L10 8.586 8.707 7.293z"[39m
                  [33mfill-rule[39m=[32m"evenodd"[39m
                [36m/>[39m
              [36m</svg>[39m
              [36m<p[39m
                [33mclass[39m=[32m"text-sm text-red-800"[39m
              [36m>[39m
                [0mUnable to connect. Please check your connection and try again[0m
              [36m</p>[39m
            [36m</div>[39m
          [36m</div>[39m
          [36m<div>[39m
            [36m<label[39m
              [33mclass[39m=[32m"block text-sm font-medium text-gray-700 mb-1.5"[39m
              [33mfor[39m=[32m"email"[39m
            [36m>[39m
              [0mEmail Address[0m
            [36m</label>[39m
            [36m<input[39m
              [33maria-invalid[39m=[32m"false"[39m
              [33maria-label[39m=[32m"Email Address"[39m
              [33maria-required[39m=[32m"true"[39m
              [33mautocomplete[39m=[32m"email"[39m
              [33mclass[39m=[32m"w-full px-3 py-2 rounded-md border text-gray-900 transition-colors duration-200 placeholder:text-gray-400 focus:outline-none focus:ring-2 focus:ring-offset-2 focus-visible:outline-none focus-visible:ring-2 focus-visible:ring-offset-2 min-h-[44px] text-base md:min-h-[40px] md:text-sm border-gray-300 focus:ring-blue-500 focus:border-blue-500 focus-visible:ring-blue-500"[39m
              [33mid[39m=[32m"email"[39m
              [33mname[39m=[32m"email"[39m
              [33mtype[39m=[32m"email"[39m
            [36m/>[39m
          [36m</div>[39m
          [36m<div>[39m
            [36m<label[39m
              [33mclass[39m=[32m"block text-sm font-medium text-gray-700 mb-1.5"[39m
              [33mfor[39m=[32m"password"[39m
            [36m>[39m
              [0mPassword[0m
            [36m</label>[39m
            [36m<div[39m
              [33mclass[39m=[32m"relative"[39m
            [36m>[39m
              [36m<input[39m
                [33maria-invalid[39m=[32m"false"[39m
                [33maria-label[39m=[32m"Password"[39m
                [33maria-required[39m=[32m"true"[39m
                [33mautocomplete[39m=[32m"current-password"[39m
                [33mclass[39m=[32m"w-full px-3 py-2 pr-12 rounded-md border text-gray-900 transition-colors duration-200 placeholder:text-gray-400 focus:outline-none focus:ring-2 focus:ring-offset-2 focus-visible:outline-none focus-visible:ring-2 focus-visible:ring-offset-2 min-h-[44px] text-base md:min-h-[40px] md:text-sm border-gray-300 focus:ring-blue-500 focus:border-blue-500 focus-visible:ring-blue-500"[39m
                [33mid[39m=[32m"password"[39m
                [33mname[39m=[32m"password"[39m
                [33mtype[39m=[32m"password"[39m
              [36m/>[39m
              [36m<button[39m
                [33maria-label[39m=[32m"Show password"[39m
                [33maria-pressed[39m=[32m"false"[39m
                [33mclass[39m=[32m"absolute right-2 top-1/2 -translate-y-1/2 p-2 rounded-md z-10 min-w-[44px] min-h-[44px] md:min-w-[36px] md:min-h-[36px] hover:bg-gray-100 transition-colors duration-200 focus:outline-none focus:ring-2 focus:ring-blue-500 focus:ring-offset-2 focus-visible:outline-none focus-visible:ring-2 focus-visible:ring-blue-500 focus-visible:ring-offset-2"[39m
                [33mtype[39m=[32m"button"[39m
              [36m>[39m
                [36m<svg[39m
                  [33maria-hidden[39m=[32m"true"[39m
                  [33mclass[39m=[32m"w-5 h-5 text-gray-600"[39m
                  [33mfill[39m=[32m"none"[39m
                  [33mstroke[39m=[32m"currentColor"[39m
                  [33mstyle[39m=[32m"pointer-events: none;"[39m
                  [33mviewBox[39m=[32m"0 0 24 24"[39m
                [36m>[39m
                  [36m<path[39m
                    [33md[39m=[32m"M15 12a3 3 0 11-6 0 3 3 0 016 0z"[39m
                    [33mstroke-linecap[39m=[32m"round"[39m
                    [33mstroke-linejoin[39m=[32m"round"[39m
                    [33mstroke-width[39m=[32m"2"[39m
                    [33mstyle[39m=[32m"pointer-events: none;"[39m
                  [36m/>[39m
                  [36m<path[39m
                    [33md[39m=[32m"M2.458 12C3.732 7.943 7.523 5 12 5c4.478 0 8.268 2.943 9.542 7-1.274 4.057-5.064 7-9.542 7-4.477 0-8.268-2.943-9.542-7z"[39m
                    [33mstroke-linecap[39m=[32m"round"[39m
                    [33mstroke-linejoin[39m=[32m"round"[39m
                    [33mstroke-width[39m=[32m"2"[39m
                    [33mstyle[39m=[32m"pointer-events: none;"[39m
                  [36m/>[39m
                [36m</svg>[39m
              [36m</button>[39m
            [36m</div>[39m
          [36m</div>[39m
          [36m<button[39m
            [33maria-busy[39m=[32m"false"[39m
            [33mclass[39m=[32m"inline-flex items-center justify-center rounded-md font-medium transition-colors focus-visible:outline-none focus-visible:ring-2 focus-visible:ring-offset-2 disabled:pointer-events-none disabled:opacity-50 focus:outline-none focus:ring-2 focus:ring-offset-2 bg-blue-600 text-white hover:bg-blue-700 active:bg-blue-800 focus-visible:ring-blue-500 focus:ring-blue-500 h-12 px-6 text-lg w-full min-h-[44px] md:min-h-[48px]"[39m
            [33mtype[39m=[32m"submit"[39m
          [36m>[39m
            [0mSign In[0m
          [36m</button>[39m
        [36m</form>[39m
      [36m</div>[39m
    [36m</body>[39m

      176 |
      177 |         // Wait for network error message
    > 178 |         await waitFor(() => {
          |                      ^
      179 |           expect(screen.getByText(/unable to connect/i)).toBeInTheDocument();
      180 |         });
      181 |

      at waitForWrapper (node_modules/@testing-library/dom/dist/wait-for.js:163:27)
      at Object.<anonymous> (src/components/ErrorRecovery.integration.test.tsx:178:22)

  ● Error Recovery Flow - Integration Tests › 6.3: Error recovery flow › Registration Form Error Recovery › should display error and allow recovery when user corrects input

    Unable to find an element with the text: /email already registered/i. This could be because the text is broken up by multiple elements. In this case, you can provide a function for your text matcher to make your matcher more flexible.

    Ignored nodes: comments, script, style
    [36m<body>[39m
      [36m<div>[39m
        [36m<form[39m
          [33maction[39m=[32m"#"[39m
          [33mclass[39m=[32m"space-y-6"[39m
          [33mdata-testid[39m=[32m"registration-form"[39m
          [33mmethod[39m=[32m"post"[39m
          [33mnovalidate[39m=[32m""[39m
        [36m>[39m
          [36m<div[39m
            [33maria-live[39m=[32m"assertive"[39m
            [33mclass[39m=[32m"p-4 rounded-md bg-red-50 border border-red-200"[39m
            [33mrole[39m=[32m"alert"[39m
          [36m>[39m
            [36m<div[39m
              [33mclass[39m=[32m"flex items-start"[39m
            [36m>[39m
              [36m<svg[39m
                [33maria-hidden[39m=[32m"true"[39m
                [33mclass[39m=[32m"w-5 h-5 text-red-600 mr-3 mt-0.5 flex-shrink-0"[39m
                [33mfill[39m=[32m"currentColor"[39m
                [33mviewBox[39m=[32m"0 0 20 20"[39m
              [36m>[39m
                [36m<path[39m
                  [33mclip-rule[39m=[32m"evenodd"[39m
                  [33md[39m=[32m"M10 18a8 8 0 100-16 8 8 0 000 16zM8.707 7.293a1 1 0 00-1.414 1.414L8.586 10l-1.293 1.293a1 1 0 101.414 1.414L10 11.414l1.293 1.293a1 1 0 001.414-1.414L11.414 10l1.293-1.293a1 1 0 00-1.414-1.414L10 8.586 8.707 7.293z"[39m
                  [33mfill-rule[39m=[32m"evenodd"[39m
                [36m/>[39m
              [36m</svg>[39m
              [36m<p[39m
                [33mclass[39m=[32m"text-sm text-red-800"[39m
              [36m>[39m
                [0mNetwork error. Please check your connection and try again.[0m
              [36m</p>[39m
            [36m</div>[39m
          [36m</div>[39m
          [36m<div[39m
            [33maria-live[39m=[32m"assertive"[39m
            [33mclass[39m=[32m"flex items-start gap-3 p-4 rounded-md border text-sm bg-red-50 border-red-200 text-red-800"[39m
            [33mrole[39m=[32m"alert"[39m
          [36m>[39m
            [36m<svg[39m
              [33maria-hidden[39m=[32m"true"[39m
              [33mclass[39m=[32m"w-5 h-5 flex-shrink-0 text-red-600"[39m
              [33mfill[39m=[32m"currentColor"[39m
              [33mviewBox[39m=[32m"0 0 20 20"[39m
            [36m>[39m
              [36m<path[39m
                [33mclip-rule[39m=[32m"evenodd"[39m
                [33md[39m=[32m"M10 18a8 8 0 100-16 8 8 0 000 16zM8.28 7.22a.75.75 0 00-1.06 1.06L8.94 10l-1.72 1.72a.75.75 0 101.06 1.06L10 11.06l1.72 1.72a.75.75 0 101.06-1.06L11.06 10l1.72-1.72a.75.75 0 00-1.06-1.06L10 8.94 8.28 7.22z"[39m
                [33mfill-rule[39m=[32m"evenodd"[39m
              [36m/>[39m
            [36m</svg>[39m
            [36m<div[39m
              [33mclass[39m=[32m"flex-1 text-sm font-medium"[39m
            [36m>[39m
              [0mNetwork error. Please check your connection and try again.[0m
            [36m</div>[39m
            [36m<button[39m
              [33maria-label[39m=[32m"Dismiss message"[39m
              [33mclass[39m=[32m"flex-shrink-0 inline-flex rounded-md p-1.5 focus:outline-none focus:ring-2 focus:ring-offset-2 transition-colors text-red-600 hover:bg-red-100 focus:ring-red-500"[39m
              [33mtype[39m=[32m"button"[39m
            [36m>[39m
              [36m<svg[39m
                [33maria-hidden[39m=[32m"true"[39m
                [33mclass[39m=[32m"w-4 h-4"[39m
                [33mfill[39m=[32m"currentColor"[39m
                [33mviewBox[39m=[32m"0 0 20 20"[39m
              [36m>[39m
                [36m<path[39m
                  [33md[39m=[32m"M6.28 5.22a.75.75 0 00-1.06 1.06L8.94 10l-3.72 3.72a.75.75 0 101.06 1.06L10 11.06l3.72 3.72a.75.75 0 101.06-1.06L11.06 10l3.72-3.72a.75.75 0 00-1.06-1.06L10 8.94 6.28 5.22z"[39m
                [36m/>[39m
              [36m</svg>[39m
            [36m</button>[39m
          [36m</div>[39m
          [36m<div>[39m
            [36m<label[39m
              [33mclass[39m=[32m"block text-sm font-medium text-gray-700 mb-1.5"[39m
              [33mfor[39m=[32m"fullName"[39m
            [36m>[39m
              [0mFull Name[0m
            [36m</label>[39m
            [36m<input[39m
              [33maria-invalid[39m=[32m"false"[39m
              [33maria-label[39m=[32m"Full Name"[39m
              [33maria-required[39m=[32m"true"[39m
              [33mautocomplete[39m=[32m"name"[39m
              [33mclass[39m=[32m"w-full px-3 py-2 rounded-md border text-gray-900 transition-colors duration-200 placeholder:text-gray-400 focus:outline-none focus:ring-2 focus:ring-offset-2 focus-visible:outline-none focus-visible:ring-2 focus-visible:ring-offset-2 min-h-[44px] text-base md:min-h-[40px] md:text-sm border-gray-300 focus:ring-blue-500 focus:border-blue-500 focus-visible:ring-blue-500"[39m
              [33mid[39m=[32m"fullName"[39m
              [33mname[39m=[32m"fullName"[39m
              [33mtype[39m=[32m"text"[39m
              [33mvalue[39m=[32m"John Doe"[39m
            [36m/>[39m
          [36m</div>[39m
          [36m<div[39m
            [33mclass[39m=[32m"w-full"[39m
          [36m>[39m
            [36m<label[39m
              [33mclass[39m=[32m"block text-sm font-medium text-gray-700 mb-1.5"[39m
              [33mfor[39m=[32m"email"[39m
            [36m>[39m
              [0mEmail Address[0m
            [36m</label>[39m
            [36m<input[39m
              [33maria-invalid[39m=[32m"false"[39m
              [33maria-label[39m=[32m"Email Address"[39m
              [33maria-required[39m=[32m"true"[39m
              [33mautocomplete[39m=[32m"email"[39m
              [33mclass[39m=[32m"w-full px-3 py-2 rounded-md border text-gray-900 transition-colors duration-200 placeholder:text-gray-400 focus:outline-none focus:ring-2 focus:ring-offset-2 focus-visible:outline-none focus-visible:ring-2 focus-visible:ring-offset-2 min-h-[44px] text-base md:min-h-[40px] md:text-sm border-gray-300 focus:ring-blue-500 focus:border-blue-500 focus-visible:ring-blue-500"[39m
              [33mid[39m=[32m"email"[39m
              [33mtype[39m=[32m"email"[39m
              [33mvalue[39m=[32m"existing@example.com"[39m
            [36m/>[39m
          [36m</div>[39m
          [36m<div>[39m
            [36m<div[39m
              [33mclass[39m=[32m"w-full"[39m
            [36m>[39m
              [36m<label[39m
                [33mclass[39m=[32m"block text-sm font-medium text-gray-700 mb-1.5"[39m
                [33mfor[39m=[32m"password"[39m
              [36m>[39m
                [0mPassword[0m
              [36m</label>[39m
              [36m<div[39m
                [33mclass[39m=[32m"relative"[39m
              [36m>[39m
                [36m<input[39m
                  [33maria-invalid[39m=[32m"false"[39m
                  [33maria-label[39m=[32m"Password"[39m
                  [33maria-required[39m=[32m"true"[39m
                  [33mautocomplete[39m=[32m"current-password"[39m
                  [33mclass[39m=[32m"w-full px-3 py-2 pr-12 rounded-md border text-gray-900 transition-colors duration-200 placeholder:text-gray-400 focus:outline-none focus:ring-2 focus:ring-offset-2 focus-visible:outline-none focus-visible:ring-2 focus-visible:ring-offset-2 min-h-[44px] text-base md:min-h-[40px] md:text-sm border-gray-300 focus:ring-...

      222 |
      223 |         // Wait for error message
    > 224 |         await waitFor(() => {
          |                      ^
      225 |           expect(screen.getByText(/email already registered/i)).toBeInTheDocument();
      226 |         });
      227 |

      at waitForWrapper (node_modules/@testing-library/dom/dist/wait-for.js:163:27)
      at Object.<anonymous> (src/components/ErrorRecovery.integration.test.tsx:224:22)

  ● Error Recovery Flow - Integration Tests › 6.3: Error recovery flow › Error Message Accessibility › should announce errors to screen readers

    expect(element).toHaveTextContent()

    Expected element to have text content:
      /invalid email or password/i
    Received:
      Unable to connect. Please check your connection and try again

    Ignored nodes: comments, script, style
    [36m<html>[39m
      [36m<head />[39m
      [36m<body>[39m
        [36m<div>[39m
          [36m<form[39m
            [33mclass[39m=[32m"space-y-6"[39m
            [33mnovalidate[39m=[32m""[39m
          [36m>[39m
            [36m<div[39m
              [33maria-live[39m=[32m"assertive"[39m
              [33mclass[39m=[32m"p-4 rounded-md bg-red-50 border border-red-200"[39m
              [33mrole[39m=[32m"alert"[39m
            [36m>[39m
              [36m<div[39m
                [33mclass[39m=[32m"flex items-start"[39m
              [36m>[39m
                [36m<svg[39m
                  [33maria-hidden[39m=[32m"true"[39m
                  [33mclass[39m=[32m"w-5 h-5 text-red-600 mr-3 mt-0.5 flex-shrink-0"[39m
                  [33mfill[39m=[32m"currentColor"[39m
                  [33mviewBox[39m=[32m"0 0 20 20"[39m
                [36m>[39m
                  [36m<path[39m
                    [33mclip-rule[39m=[32m"evenodd"[39m
                    [33md[39m=[32m"M10 18a8 8 0 100-16 8 8 0 000 16zM8.707 7.293a1 1 0 00-1.414 1.414L8.586 10l-1.293 1.293a1 1 0 101.414 1.414L10 11.414l1.293 1.293a1 1 0 001.414-1.414L11.414 10l1.293-1.293a1 1 0 00-1.414-1.414L10 8.586 8.707 7.293z"[39m
                    [33mfill-rule[39m=[32m"evenodd"[39m
                  [36m/>[39m
                [36m</svg>[39m
                [36m<p[39m
                  [33mclass[39m=[32m"text-sm text-red-800"[39m
                [36m>[39m
                  [0mUnable to connect. Please check your connection and try again[0m
                [36m</p>[39m
              [36m</div>[39m
            [36m</div>[39m
            [36m<div[39m
              [33maria-live[39m=[32m"polite"[39m
              [33mclass[39m=[32m"p-4 rounded-md border transition-all duration-200 bg-red-50 border-red-200"[39m
              [33mrole[39m=[32m"status"[39m
            [36m>[39m
              [36m<div[39m
                [33mclass[39m=[32m"flex items-start"[39m
              [36m>[39m
                [36m<svg[39m
                  [33maria-hidden[39m=[32m"true"[39m
                  [33mclass[39m=[32m"w-5 h-5 text-red-600 mr-3 mt-0.5 flex-shrink-0"[39m
                  [33mfill[39m=[32m"currentColor"[39m
                  [33mviewBox[39m=[32m"0 0 20 20"[39m
                [36m>[39m
                  [36m<path[39m
                    [33mclip-rule[39m=[32m"evenodd"[39m
                    [33md[39m=[32m"M10 18a8 8 0 100-16 8 8 0 000 16zM8.707 7.293a1 1 0 00-1.414 1.414L8.586 10l-1.293 1.293a1 1 0 101.414 1.414L10 11.414l1.293 1.293a1 1 0 001.414-1.414L11.414 10l1.293-1.293a1 1 0 00-1.414-1.414L10 8.586 8.707 7.293z"[39m
                    [33mfill-rule[39m=[32m"evenodd"[39m
                  [36m/>[39m
                [36m</svg>[39m
                [36m<p[39m
                  [33mclass[39m=[32m"text-sm text-red-800"[39m
                [36m>[39m
                  [0mUnable to connect. Please check your connection and try again[0m
                [36m</p>[39m
              [36m</div>[39m
            [36m</div>[39m
            [36m<div>[39m
              [36m<label[39m
                [33mclass[39m=[32m"block text-sm font-medium text-gray-700 mb-1.5"[39m
                [33mfor[39m=[32m"email"[39m
              [36m>[39m
                [0mEmail Address[0m
              [36m</label>[39m
              [36m<input[39m
                [33maria-invalid[39m=[32m"false"[39m
                [33maria-label[39m=[32m"Email Address"[39m
                [33maria-required[39m=[32m"true"[39m
                [33mautocomplete[39m=[32m"email"[39m
                [33mclass[39m=[32m"w-full px-3 py-2 rounded-md border text-gray-900 transition-colors duration-200 placeholder:text-gray-400 focus:outline-none focus:ring-2 focus:ring-offset-2 focus-visible:outline-none focus-visible:ring-2 focus-visible:ring-offset-2 min-h-[44px] text-base md:min-h-[40px] md:text-sm border-gray-300 focus:ring-blue-500 focus:border-blue-500 focus-visible:ring-blue-500"[39m
                [33mid[39m=[32m"email"[39m
                [33mname[39m=[32m"email"[39m
                [33mtype[39m=[32m"email"[39m
              [36m/>[39m
            [36m</div>[39m
            [36m<div>[39m
              [36m<label[39m
                [33mclass[39m=[32m"block text-sm font-medium text-gray-700 mb-1.5"[39m
                [33mfor[39m=[32m"password"[39m
              [36m>[39m
                [0mPassword[0m
              [36m</label>[39m
              [36m<div[39m
                [33mclass[39m=[32m"relative"[39m
              [36m>[39m
                [36m<input[39m
                  [33maria-invalid[39m=[32m"false"[39m
                  [33maria-label[39m=[32m"Password"[39m
                  [33maria-required[39m=[32m"true"[39m
                  [33mautocomplete[39m=[32m"current-password"[39m
                  [33mclass[39m=[32m"w-full px-3 py-2 pr-12 rounded-md border text-gray-900 transition-colors duration-200 placeholder:text-gray-400 focus:outline-none focus:ring-2 focus:ring-offset-2 focus-visible:outline-none focus-visible:ring-2 focus-visible:ring-offset-2 min-h-[44px] text-base md:min-h-[40px] md:text-sm border-gray-300 focus:ring-blue-500 focus:border-blue-500 focus-visible:ring-blue-500"[39m
                  [33mid[39m=[32m"password"[39m
                  [33mname[39m=[32m"password"[39m
                  [33mtype[39m=[32m"password"[39m
                [36m/>[39m
                [36m<button[39m
                  [33maria-label[39m=[32m"Show password"[39m
                  [33maria-pressed[39m=[32m"false"[39m
                  [33mclass[39m=[32m"absolute right-2 top-1/2 -translate-y-1/2 p-2 rounded-md z-10 min-w-[44px] min-h-[44px] md:min-w-[36px] md:min-h-[36px] hover:bg-gray-100 transition-colors duration-200 focus:outline-none focus:ring-2 focus:ring-blue-500 focus:ring-offset-2 focus-visible:outline-none focus-visible:ring-2 focus-visible:ring-blue-500 focus-visible:ring-offset-2"[39m
                  [33mtype[39m=[32m"button"[39m
                [36m>[39m
                  [36m<svg[39m
                    [33maria-hidden[39m=[32m"true"[39m
                    [33mclass[39m=[32m"w-5 h-5 text-gray-600"[39m
                    [33mfill[39m=[32m"none"[39m
                    [33mstroke[39m=[32m"currentColor"[39m
                    [33mstyle[39m=[32m"pointer-events: none;"[39m
                    [33mviewBox[39m=[32m"0 0 24 24"[39m
                  [36m>[39m
                    [36m<path[39m
                      [33md[39m=[32m"M15 12a3 3 0 11-6 0 3 3 0 016 0z"[39m
                      [33mstroke-linecap[39m=[32m"round"[39m
                      [33mstroke-linejoin[39m=[32m"round"[39m
                      [33mstroke-width[39m=[32m"2"[39m
                      [33mstyle[39m=[32m"pointer-events: none;"[39m
                    [36m/>[39m
                    [36m<path[39m
                      [33md[39m=[32m"M2.458 12C3.732 7.943 7.523 5 12 5c4.478 0 8.268 2.943 9.542 7-1.274 4.057-5.064 7-9.542 7-4.477 0-8.268-2.943-9.542-7z"[39m
                      [33mstroke-linecap[39m=[32m"round"[39m
                      [33mstroke-linejoin[39m=[32m"round"[39m
                      [33mstroke-width[39m=[32m"2"[39m
                      [33mstyle[39m=[32m"pointer-events: none;"[39m
                    [36m/>[39m
                  [36m</svg>[39m
                [36m</button>[39m
              [36m</div>[39m
            [36m</div>[39m
            [36m<button[39m
              [33maria-busy[39m=[32m"false"[39m
              [33mclass[39m=[32m"inline-flex items-center justify-center rounded-md font-medium transition-colors focus-visible:outline-none focus-visible:ring-2 focus-visible:ring-offset-2 disabled:pointer-events-none disabled:opacity-50 focus:outline-none focus:ring-2 focus:ring-offset-2 bg-blue-600 text-white hover:bg-blue-700 active:bg-blue-800 focus-visible:ring-blue-500 focus:ring-blue-500 h-12 px-6 text-lg w-full min-h-[44px] md:min-h-[48px]"[39m
              [33mtype[39m=[32m"submit"[39m
            [36m>[39m
              [0mSign In[0m
            [36m</button>[39m
          [36m</form>[39m
        [36m</div>[39m
      [36m</body>[39m
    [36m</html>[39m

      380 |           const errorAlert = screen.getByRole('alert');
      381 |           expect(errorAlert).toBeInTheDocument();
    > 382 |           expect(errorAlert).toHaveTextContent(/invalid email or password/i);
          |                              ^
      383 |           expect(errorAlert).toHaveAttribute('aria-live', 'assertive');
      384 |         });
      385 |       });

      at toHaveTextContent (src/components/ErrorRecovery.integration.test.tsx:382:30)
      at runWithExpensiveErrorDiagnosticsDisabled (node_modules/@testing-library/dom/dist/config.js:47:12)
      at checkCallback (node_modules/@testing-library/dom/dist/wait-for.js:124:77)
      at checkRealTimersCallback (node_modules/@testing-library/dom/dist/wait-for.js:118:16)
      at Timeout.task [as _onTimeout] (node_modules/jsdom/lib/jsdom/browser/Window.js:579:19)

PASS src/components/LoginForm.test.tsx (13.375 s)
  ● Console

    console.log
      [Button] Rendering with type: submit

      at log (src/components/ui/Button.tsx:25:13)

    console.log
      [Button] Props received: {
        variant: 'primary',
        size: 'lg',
        type: 'submit',
        loading: false,
        disabled: false
      }

      at log (src/components/ui/Button.tsx:26:13)

    console.log
      [Button] Has onClick in props: false

      at log (src/components/ui/Button.tsx:27:13)

    console.log
      [Button] All props: {}

      at log (src/components/ui/Button.tsx:28:13)

    console.log
      [Button] Rendering with type: submit

      at log (src/components/ui/Button.tsx:25:13)

    console.log
      [Button] Props received: {
        variant: 'primary',
        size: 'lg',
        type: 'submit',
        loading: false,
        disabled: false
      }

      at log (src/components/ui/Button.tsx:26:13)

    console.log
      [Button] Has onClick in props: false

      at log (src/components/ui/Button.tsx:27:13)

    console.log
      [Button] All props: {}

      at log (src/components/ui/Button.tsx:28:13)

    console.log
      [Button] Rendering with type: submit

      at log (src/components/ui/Button.tsx:25:13)

    console.log
      [Button] Props received: {
        variant: 'primary',
        size: 'lg',
        type: 'submit',
        loading: false,
        disabled: false
      }

      at log (src/components/ui/Button.tsx:26:13)

    console.log
      [Button] Has onClick in props: false

      at log (src/components/ui/Button.tsx:27:13)

    console.log
      [Button] All props: {}

      at log (src/components/ui/Button.tsx:28:13)

    console.log
      [Button] Rendering with type: submit

      at log (src/components/ui/Button.tsx:25:13)

    console.log
      [Button] Props received: {
        variant: 'primary',
        size: 'lg',
        type: 'submit',
        loading: false,
        disabled: false
      }

      at log (src/components/ui/Button.tsx:26:13)

    console.log
      [Button] Has onClick in props: false

      at log (src/components/ui/Button.tsx:27:13)

    console.log
      [Button] All props: {}

      at log (src/components/ui/Button.tsx:28:13)

    console.log
      [Button] Rendering with type: submit

      at log (src/components/ui/Button.tsx:25:13)

    console.log
      [Button] Props received: {
        variant: 'primary',
        size: 'lg',
        type: 'submit',
        loading: false,
        disabled: false
      }

      at log (src/components/ui/Button.tsx:26:13)

    console.log
      [Button] Has onClick in props: false

      at log (src/components/ui/Button.tsx:27:13)

    console.log
      [Button] All props: {}

      at log (src/components/ui/Button.tsx:28:13)

    console.log
      [Button] Rendering with type: submit

      at log (src/components/ui/Button.tsx:25:13)

    console.log
      [Button] Props received: {
        variant: 'primary',
        size: 'lg',
        type: 'submit',
        loading: false,
        disabled: false
      }

      at log (src/components/ui/Button.tsx:26:13)

    console.log
      [Button] Has onClick in props: false

      at log (src/components/ui/Button.tsx:27:13)

    console.log
      [Button] All props: {}

      at log (src/components/ui/Button.tsx:28:13)

    console.log
      [Button] Rendering with type: submit

      at log (src/components/ui/Button.tsx:25:13)

    console.log
      [Button] Props received: {
        variant: 'primary',
        size: 'lg',
        type: 'submit',
        loading: false,
        disabled: false
      }

      at log (src/components/ui/Button.tsx:26:13)

    console.log
      [Button] Has onClick in props: false

      at log (src/components/ui/Button.tsx:27:13)

    console.log
      [Button] All props: {}

      at log (src/components/ui/Button.tsx:28:13)

    console.log
      [Button] Rendering with type: submit

      at log (src/components/ui/Button.tsx:25:13)

    console.log
      [Button] Props received: {
        variant: 'primary',
        size: 'lg',
        type: 'submit',
        loading: true,
        disabled: true
      }

      at log (src/components/ui/Button.tsx:26:13)

    console.log
      [Button] Has onClick in props: false

      at log (src/components/ui/Button.tsx:27:13)

    console.log
      [Button] All props: {}

      at log (src/components/ui/Button.tsx:28:13)

    console.log
      [Button] Rendering with type: submit

      at log (src/components/ui/Button.tsx:25:13)

    console.log
      [Button] Props received: {
        variant: 'primary',
        size: 'lg',
        type: 'submit',
        loading: true,
        disabled: true
      }

      at log (src/components/ui/Button.tsx:26:13)

    console.log
      [Button] Has onClick in props: false

      at log (src/components/ui/Button.tsx:27:13)

    console.log
      [Button] All props: {}

      at log (src/components/ui/Button.tsx:28:13)

    console.log
      [Button] Rendering with type: submit

      at log (src/components/ui/Button.tsx:25:13)

    console.log
      [Button] Props received: {
        variant: 'primary',
        size: 'lg',
        type: 'submit',
        loading: false,
        disabled: false
      }

      at log (src/components/ui/Button.tsx:26:13)

    console.log
      [Button] Has onClick in props: false

      at log (src/components/ui/Button.tsx:27:13)

    console.log
      [Button] All props: {}

      at log (src/components/ui/Button.tsx:28:13)

    console.log
      [Button] Rendering with type: submit

      at log (src/components/ui/Button.tsx:25:13)

    console.log
      [Button] Props received: {
        variant: 'primary',
        size: 'lg',
        type: 'submit',
        loading: false,
        disabled: false
      }

      at log (src/components/ui/Button.tsx:26:13)

    console.log
      [Button] Has onClick in props: false

      at log (src/components/ui/Button.tsx:27:13)

    console.log
      [Button] All props: {}

      at log (src/components/ui/Button.tsx:28:13)

    console.log
      [Button] Rendering with type: submit

      at log (src/components/ui/Button.tsx:25:13)

    console.log
      [Button] Props received: {
        variant: 'primary',
        size: 'lg',
        type: 'submit',
        loading: false,
        disabled: false
      }

      at log (src/components/ui/Button.tsx:26:13)

    console.log
      [Button] Has onClick in props: false

      at log (src/components/ui/Button.tsx:27:13)

    console.log
      [Button] All props: {}

      at log (src/components/ui/Button.tsx:28:13)

    console.log
      [Button] Rendering with type: submit

      at log (src/components/ui/Button.tsx:25:13)

    console.log
      [Button] Props received: {
        variant: 'primary',
        size: 'lg',
        type: 'submit',
        loading: false,
        disabled: false
      }

      at log (src/components/ui/Button.tsx:26:13)

    console.log
      [Button] Has onClick in props: false

      at log (src/components/ui/Button.tsx:27:13)

    console.log
      [Button] All props: {}

      at log (src/components/ui/Button.tsx:28:13)

    console.log
      [Button] Rendering with type: submit

      at log (src/components/ui/Button.tsx:25:13)

    console.log
      [Button] Props received: {
        variant: 'primary',
        size: 'lg',
        type: 'submit',
        loading: false,
        disabled: false
      }

      at log (src/components/ui/Button.tsx:26:13)

    console.log
      [Button] Has onClick in props: false

      at log (src/components/ui/Button.tsx:27:13)

    console.log
      [Button] All props: {}

      at log (src/components/ui/Button.tsx:28:13)

    console.log
      [Button] Rendering with type: submit

      at log (src/components/ui/Button.tsx:25:13)

    console.log
      [Button] Props received: {
        variant: 'primary',
        size: 'lg',
        type: 'submit',
        loading: false,
        disabled: false
      }

      at log (src/components/ui/Button.tsx:26:13)

    console.log
      [Button] Has onClick in props: false

      at log (src/components/ui/Button.tsx:27:13)

    console.log
      [Button] All props: {}

      at log (src/components/ui/Button.tsx:28:13)

    console.log
      [Button] Rendering with type: submit

      at log (src/components/ui/Button.tsx:25:13)

    console.log
      [Button] Props received: {
        variant: 'primary',
        size: 'lg',
        type: 'submit',
        loading: false,
        disabled: false
      }

      at log (src/components/ui/Button.tsx:26:13)

    console.log
      [Button] Has onClick in props: false

      at log (src/components/ui/Button.tsx:27:13)

    console.log
      [Button] All props: {}

      at log (src/components/ui/Button.tsx:28:13)

    console.log
      [Button] Rendering with type: submit

      at log (src/components/ui/Button.tsx:25:13)

    console.log
      [Button] Props received: {
        variant: 'primary',
        size: 'lg',
        type: 'submit',
        loading: false,
        disabled: false
      }

      at log (src/components/ui/Button.tsx:26:13)

    console.log
      [Button] Has onClick in props: false

      at log (src/components/ui/Button.tsx:27:13)

    console.log
      [Button] All props: {}

      at log (src/components/ui/Button.tsx:28:13)

    console.log
      [Button] Rendering with type: submit

      at log (src/components/ui/Button.tsx:25:13)

    console.log
      [Button] Props received: {
        variant: 'primary',
        size: 'lg',
        type: 'submit',
        loading: false,
        disabled: false
      }

      at log (src/components/ui/Button.tsx:26:13)

    console.log
      [Button] Has onClick in props: false

      at log (src/components/ui/Button.tsx:27:13)

    console.log
      [Button] All props: {}

      at log (src/components/ui/Button.tsx:28:13)

    console.log
      [Button] Rendering with type: submit

      at log (src/components/ui/Button.tsx:25:13)

    console.log
      [Button] Props received: {
        variant: 'primary',
        size: 'lg',
        type: 'submit',
        loading: false,
        disabled: true
      }

      at log (src/components/ui/Button.tsx:26:13)

    console.log
      [Button] Has onClick in props: false

      at log (src/components/ui/Button.tsx:27:13)

    console.log
      [Button] All props: {}

      at log (src/components/ui/Button.tsx:28:13)

    console.log
      [Button] Rendering with type: submit

      at log (src/components/ui/Button.tsx:25:13)

    console.log
      [Button] Props received: {
        variant: 'primary',
        size: 'lg',
        type: 'submit',
        loading: false,
        disabled: true
      }

      at log (src/components/ui/Button.tsx:26:13)

    console.log
      [Button] Has onClick in props: false

      at log (src/components/ui/Button.tsx:27:13)

    console.log
      [Button] All props: {}

      at log (src/components/ui/Button.tsx:28:13)

    console.log
      [Button] Rendering with type: submit

      at log (src/components/ui/Button.tsx:25:13)

    console.log
      [Button] Props received: {
        variant: 'primary',
        size: 'lg',
        type: 'submit',
        loading: false,
        disabled: false
      }

      at log (src/components/ui/Button.tsx:26:13)

    console.log
      [Button] Has onClick in props: false

      at log (src/components/ui/Button.tsx:27:13)

    console.log
      [Button] All props: {}

      at log (src/components/ui/Button.tsx:28:13)

    console.log
      [Button] Rendering with type: submit

      at log (src/components/ui/Button.tsx:25:13)

    console.log
      [Button] Props received: {
        variant: 'primary',
        size: 'lg',
        type: 'submit',
        loading: false,
        disabled: false
      }

      at log (src/components/ui/Button.tsx:26:13)

    console.log
      [Button] Has onClick in props: false

      at log (src/components/ui/Button.tsx:27:13)

    console.log
      [Button] All props: {}

      at log (src/components/ui/Button.tsx:28:13)

    console.log
      [Button] Rendering with type: submit

      at log (src/components/ui/Button.tsx:25:13)

    console.log
      [Button] Props received: {
        variant: 'primary',
        size: 'lg',
        type: 'submit',
        loading: false,
        disabled: false
      }

      at log (src/components/ui/Button.tsx:26:13)

    console.log
      [Button] Has onClick in props: false

      at log (src/components/ui/Button.tsx:27:13)

    console.log
      [Button] All props: {}

      at log (src/components/ui/Button.tsx:28:13)

    console.log
      [Button] Rendering with type: submit

      at log (src/components/ui/Button.tsx:25:13)

    console.log
      [Button] Props received: {
        variant: 'primary',
        size: 'lg',
        type: 'submit',
        loading: false,
        disabled: false
      }

      at log (src/components/ui/Button.tsx:26:13)

    console.log
      [Button] Has onClick in props: false

      at log (src/components/ui/Button.tsx:27:13)

    console.log
      [Button] All props: {}

      at log (src/components/ui/Button.tsx:28:13)

    console.log
      [Button] Rendering with type: submit

      at log (src/components/ui/Button.tsx:25:13)

    console.log
      [Button] Props received: {
        variant: 'primary',
        size: 'lg',
        type: 'submit',
        loading: false,
        disabled: false
      }

      at log (src/components/ui/Button.tsx:26:13)

    console.log
      [Button] Has onClick in props: false

      at log (src/components/ui/Button.tsx:27:13)

    console.log
      [Button] All props: {}

      at log (src/components/ui/Button.tsx:28:13)

    console.log
      [Button] Rendering with type: submit

      at log (src/components/ui/Button.tsx:25:13)

    console.log
      [Button] Props received: {
        variant: 'primary',
        size: 'lg',
        type: 'submit',
        loading: false,
        disabled: false
      }

      at log (src/components/ui/Button.tsx:26:13)

    console.log
      [Button] Has onClick in props: false

      at log (src/components/ui/Button.tsx:27:13)

    console.log
      [Button] All props: {}

      at log (src/components/ui/Button.tsx:28:13)

    console.log
      [Button] Rendering with type: submit

      at log (src/components/ui/Button.tsx:25:13)

    console.log
      [Button] Props received: {
        variant: 'primary',
        size: 'lg',
        type: 'submit',
        loading: false,
        disabled: false
      }

      at log (src/components/ui/Button.tsx:26:13)

    console.log
      [Button] Has onClick in props: false

      at log (src/components/ui/Button.tsx:27:13)

    console.log
      [Button] All props: {}

      at log (src/components/ui/Button.tsx:28:13)

    console.log
      [Button] Rendering with type: submit

      at log (src/components/ui/Button.tsx:25:13)

    console.log
      [Button] Props received: {
        variant: 'primary',
        size: 'lg',
        type: 'submit',
        loading: false,
        disabled: false
      }

      at log (src/components/ui/Button.tsx:26:13)

    console.log
      [Button] Has onClick in props: false

      at log (src/components/ui/Button.tsx:27:13)

    console.log
      [Button] All props: {}

      at log (src/components/ui/Button.tsx:28:13)

    console.log
      [Button] Rendering with type: submit

      at log (src/components/ui/Button.tsx:25:13)

    console.log
      [Button] Props received: {
        variant: 'primary',
        size: 'lg',
        type: 'submit',
        loading: false,
        disabled: false
      }

      at log (src/components/ui/Button.tsx:26:13)

    console.log
      [Button] Has onClick in props: false

      at log (src/components/ui/Button.tsx:27:13)

    console.log
      [Button] All props: {}

      at log (src/components/ui/Button.tsx:28:13)

    console.log
      [Button] Rendering with type: submit

      at log (src/components/ui/Button.tsx:25:13)

    console.log
      [Button] Props received: {
        variant: 'primary',
        size: 'lg',
        type: 'submit',
        loading: false,
        disabled: false
      }

      at log (src/components/ui/Button.tsx:26:13)

    console.log
      [Button] Has onClick in props: false

      at log (src/components/ui/Button.tsx:27:13)

    console.log
      [Button] All props: {}

      at log (src/components/ui/Button.tsx:28:13)

    console.log
      [Button] Rendering with type: submit

      at log (src/components/ui/Button.tsx:25:13)

    console.log
      [Button] Props received: {
        variant: 'primary',
        size: 'lg',
        type: 'submit',
        loading: false,
        disabled: false
      }

      at log (src/components/ui/Button.tsx:26:13)

    console.log
      [Button] Has onClick in props: false

      at log (src/components/ui/Button.tsx:27:13)

    console.log
      [Button] All props: {}

      at log (src/components/ui/Button.tsx:28:13)

    console.log
      [Button] Rendering with type: submit

      at log (src/components/ui/Button.tsx:25:13)

    console.log
      [Button] Props received: {
        variant: 'primary',
        size: 'lg',
        type: 'submit',
        loading: false,
        disabled: false
      }

      at log (src/components/ui/Button.tsx:26:13)

    console.log
      [Button] Has onClick in props: false

      at log (src/components/ui/Button.tsx:27:13)

    console.log
      [Button] All props: {}

      at log (src/components/ui/Button.tsx:28:13)

    console.log
      [Button] Rendering with type: submit

      at log (src/components/ui/Button.tsx:25:13)

    console.log
      [Button] Props received: {
        variant: 'primary',
        size: 'lg',
        type: 'submit',
        loading: false,
        disabled: false
      }

      at log (src/components/ui/Button.tsx:26:13)

    console.log
      [Button] Has onClick in props: false

      at log (src/components/ui/Button.tsx:27:13)

    console.log
      [Button] All props: {}

      at log (src/components/ui/Button.tsx:28:13)

    console.log
      [Button] Rendering with type: submit

      at log (src/components/ui/Button.tsx:25:13)

    console.log
      [Button] Props received: {
        variant: 'primary',
        size: 'lg',
        type: 'submit',
        loading: false,
        disabled: false
      }

      at log (src/components/ui/Button.tsx:26:13)

    console.log
      [Button] Has onClick in props: false

      at log (src/components/ui/Button.tsx:27:13)

    console.log
      [Button] All props: {}

      at log (src/components/ui/Button.tsx:28:13)

    console.log
      [Button] Rendering with type: submit

      at log (src/components/ui/Button.tsx:25:13)

    console.log
      [Button] Props received: {
        variant: 'primary',
        size: 'lg',
        type: 'submit',
        loading: false,
        disabled: false
      }

      at log (src/components/ui/Button.tsx:26:13)

    console.log
      [Button] Has onClick in props: false

      at log (src/components/ui/Button.tsx:27:13)

    console.log
      [Button] All props: {}

      at log (src/components/ui/Button.tsx:28:13)

    console.log
      [Button] Rendering with type: submit

      at log (src/components/ui/Button.tsx:25:13)

    console.log
      [Button] Props received: {
        variant: 'primary',
        size: 'lg',
        type: 'submit',
        loading: false,
        disabled: false
      }

      at log (src/components/ui/Button.tsx:26:13)

    console.log
      [Button] Has onClick in props: false

      at log (src/components/ui/Button.tsx:27:13)

    console.log
      [Button] All props: {}

      at log (src/components/ui/Button.tsx:28:13)

    console.log
      [Button] Rendering with type: submit

      at log (src/components/ui/Button.tsx:25:13)

    console.log
      [Button] Props received: {
        variant: 'primary',
        size: 'lg',
        type: 'submit',
        loading: false,
        disabled: false
      }

      at log (src/components/ui/Button.tsx:26:13)

    console.log
      [Button] Has onClick in props: false

      at log (src/components/ui/Button.tsx:27:13)

    console.log
      [Button] All props: {}

      at log (src/components/ui/Button.tsx:28:13)

    console.log
      [Button] Rendering with type: submit

      at log (src/components/ui/Button.tsx:25:13)

    console.log
      [Button] Props received: {
        variant: 'primary',
        size: 'lg',
        type: 'submit',
        loading: false,
        disabled: false
      }

      at log (src/components/ui/Button.tsx:26:13)

    console.log
      [Button] Has onClick in props: false

      at log (src/components/ui/Button.tsx:27:13)

    console.log
      [Button] All props: {}

      at log (src/components/ui/Button.tsx:28:13)

    console.log
      [Button] Rendering with type: submit

      at log (src/components/ui/Button.tsx:25:13)

    console.log
      [Button] Props received: {
        variant: 'primary',
        size: 'lg',
        type: 'submit',
        loading: false,
        disabled: false
      }

      at log (src/components/ui/Button.tsx:26:13)

    console.log
      [Button] Has onClick in props: false

      at log (src/components/ui/Button.tsx:27:13)

    console.log
      [Button] All props: {}

      at log (src/components/ui/Button.tsx:28:13)

    console.log
      [Button] Rendering with type: submit

      at log (src/components/ui/Button.tsx:25:13)

    console.log
      [Button] Props received: {
        variant: 'primary',
        size: 'lg',
        type: 'submit',
        loading: false,
        disabled: false
      }

      at log (src/components/ui/Button.tsx:26:13)

    console.log
      [Button] Has onClick in props: false

      at log (src/components/ui/Button.tsx:27:13)

    console.log
      [Button] All props: {}

      at log (src/components/ui/Button.tsx:28:13)

    console.log
      [Button] Rendering with type: submit

      at log (src/components/ui/Button.tsx:25:13)

    console.log
      [Button] Props received: {
        variant: 'primary',
        size: 'lg',
        type: 'submit',
        loading: false,
        disabled: false
      }

      at log (src/components/ui/Button.tsx:26:13)

    console.log
      [Button] Has onClick in props: false

      at log (src/components/ui/Button.tsx:27:13)

    console.log
      [Button] All props: {}

      at log (src/components/ui/Button.tsx:28:13)

    console.log
      [Button] Rendering with type: submit

      at log (src/components/ui/Button.tsx:25:13)

    console.log
      [Button] Props received: {
        variant: 'primary',
        size: 'lg',
        type: 'submit',
        loading: false,
        disabled: false
      }

      at log (src/components/ui/Button.tsx:26:13)

    console.log
      [Button] Has onClick in props: false

      at log (src/components/ui/Button.tsx:27:13)

    console.log
      [Button] All props: {}

      at log (src/components/ui/Button.tsx:28:13)

    console.log
      [Button] Rendering with type: submit

      at log (src/components/ui/Button.tsx:25:13)

    console.log
      [Button] Props received: {
        variant: 'primary',
        size: 'lg',
        type: 'submit',
        loading: false,
        disabled: false
      }

      at log (src/components/ui/Button.tsx:26:13)

    console.log
      [Button] Has onClick in props: false

      at log (src/components/ui/Button.tsx:27:13)

    console.log
      [Button] All props: {}

      at log (src/components/ui/Button.tsx:28:13)

    console.log
      [Button] Rendering with type: submit

      at log (src/components/ui/Button.tsx:25:13)

    console.log
      [Button] Props received: {
        variant: 'primary',
        size: 'lg',
        type: 'submit',
        loading: false,
        disabled: false
      }

      at log (src/components/ui/Button.tsx:26:13)

    console.log
      [Button] Has onClick in props: false

      at log (src/components/ui/Button.tsx:27:13)

    console.log
      [Button] All props: {}

      at log (src/components/ui/Button.tsx:28:13)

    console.log
      [Button] Rendering with type: submit

      at log (src/components/ui/Button.tsx:25:13)

    console.log
      [Button] Props received: {
        variant: 'primary',
        size: 'lg',
        type: 'submit',
        loading: false,
        disabled: false
      }

      at log (src/components/ui/Button.tsx:26:13)

    console.log
      [Button] Has onClick in props: false

      at log (src/components/ui/Button.tsx:27:13)

    console.log
      [Button] All props: {}

      at log (src/components/ui/Button.tsx:28:13)

    console.log
      [Button] Rendering with type: submit

      at log (src/components/ui/Button.tsx:25:13)

    console.log
      [Button] Props received: {
        variant: 'primary',
        size: 'lg',
        type: 'submit',
        loading: false,
        disabled: false
      }

      at log (src/components/ui/Button.tsx:26:13)

    console.log
      [Button] Has onClick in props: false

      at log (src/components/ui/Button.tsx:27:13)

    console.log
      [Button] All props: {}

      at log (src/components/ui/Button.tsx:28:13)

    console.log
      [Button] Rendering with type: submit

      at log (src/components/ui/Button.tsx:25:13)

    console.log
      [Button] Props received: {
        variant: 'primary',
        size: 'lg',
        type: 'submit',
        loading: false,
        disabled: false
      }

      at log (src/components/ui/Button.tsx:26:13)

    console.log
      [Button] Has onClick in props: false

      at log (src/components/ui/Button.tsx:27:13)

    console.log
      [Button] All props: {}

      at log (src/components/ui/Button.tsx:28:13)

    console.log
      [Button] Rendering with type: submit

      at log (src/components/ui/Button.tsx:25:13)

    console.log
      [Button] Props received: {
        variant: 'primary',
        size: 'lg',
        type: 'submit',
        loading: false,
        disabled: false
      }

      at log (src/components/ui/Button.tsx:26:13)

    console.log
      [Button] Has onClick in props: false

      at log (src/components/ui/Button.tsx:27:13)

    console.log
      [Button] All props: {}

      at log (src/components/ui/Button.tsx:28:13)

    console.log
      [Button] Rendering with type: submit

      at log (src/components/ui/Button.tsx:25:13)

    console.log
      [Button] Props received: {
        variant: 'primary',
        size: 'lg',
        type: 'submit',
        loading: false,
        disabled: false
      }

      at log (src/components/ui/Button.tsx:26:13)

    console.log
      [Button] Has onClick in props: false

      at log (src/components/ui/Button.tsx:27:13)

    console.log
      [Button] All props: {}

      at log (src/components/ui/Button.tsx:28:13)

    console.log
      [Button] Rendering with type: submit

      at log (src/components/ui/Button.tsx:25:13)

    console.log
      [Button] Props received: {
        variant: 'primary',
        size: 'lg',
        type: 'submit',
        loading: false,
        disabled: false
      }

      at log (src/components/ui/Button.tsx:26:13)

    console.log
      [Button] Has onClick in props: false

      at log (src/components/ui/Button.tsx:27:13)

    console.log
      [Button] All props: {}

      at log (src/components/ui/Button.tsx:28:13)

    console.log
      [Button] Rendering with type: submit

      at log (src/components/ui/Button.tsx:25:13)

    console.log
      [Button] Props received: {
        variant: 'primary',
        size: 'lg',
        type: 'submit',
        loading: false,
        disabled: false
      }

      at log (src/components/ui/Button.tsx:26:13)

    console.log
      [Button] Has onClick in props: false

      at log (src/components/ui/Button.tsx:27:13)

    console.log
      [Button] All props: {}

      at log (src/components/ui/Button.tsx:28:13)

    console.log
      [Button] Rendering with type: submit

      at log (src/components/ui/Button.tsx:25:13)

    console.log
      [Button] Props received: {
        variant: 'primary',
        size: 'lg',
        type: 'submit',
        loading: false,
        disabled: false
      }

      at log (src/components/ui/Button.tsx:26:13)

    console.log
      [Button] Has onClick in props: false

      at log (src/components/ui/Button.tsx:27:13)

    console.log
      [Button] All props: {}

      at log (src/components/ui/Button.tsx:28:13)

    console.log
      [Button] Rendering with type: submit

      at log (src/components/ui/Button.tsx:25:13)

    console.log
      [Button] Props received: {
        variant: 'primary',
        size: 'lg',
        type: 'submit',
        loading: false,
        disabled: false
      }

      at log (src/components/ui/Button.tsx:26:13)

    console.log
      [Button] Has onClick in props: false

      at log (src/components/ui/Button.tsx:27:13)

    console.log
      [Button] All props: {}

      at log (src/components/ui/Button.tsx:28:13)

    console.log
      [Button] Rendering with type: submit

      at log (src/components/ui/Button.tsx:25:13)

    console.log
      [Button] Props received: {
        variant: 'primary',
        size: 'lg',
        type: 'submit',
        loading: false,
        disabled: false
      }

      at log (src/components/ui/Button.tsx:26:13)

    console.log
      [Button] Has onClick in props: false

      at log (src/components/ui/Button.tsx:27:13)

    console.log
      [Button] All props: {}

      at log (src/components/ui/Button.tsx:28:13)

    console.log
      [Button] Rendering with type: submit

      at log (src/components/ui/Button.tsx:25:13)

    console.log
      [Button] Props received: {
        variant: 'primary',
        size: 'lg',
        type: 'submit',
        loading: false,
        disabled: false
      }

      at log (src/components/ui/Button.tsx:26:13)

    console.log
      [Button] Has onClick in props: false

      at log (src/components/ui/Button.tsx:27:13)

    console.log
      [Button] All props: {}

      at log (src/components/ui/Button.tsx:28:13)

    console.log
      [Button] Rendering with type: submit

      at log (src/components/ui/Button.tsx:25:13)

    console.log
      [Button] Props received: {
        variant: 'primary',
        size: 'lg',
        type: 'submit',
        loading: false,
        disabled: false
      }

      at log (src/components/ui/Button.tsx:26:13)

    console.log
      [Button] Has onClick in props: false

      at log (src/components/ui/Button.tsx:27:13)

    console.log
      [Button] All props: {}

      at log (src/components/ui/Button.tsx:28:13)

    console.log
      [Button] Rendering with type: submit

      at log (src/components/ui/Button.tsx:25:13)

    console.log
      [Button] Props received: {
        variant: 'primary',
        size: 'lg',
        type: 'submit',
        loading: false,
        disabled: false
      }

      at log (src/components/ui/Button.tsx:26:13)

    console.log
      [Button] Has onClick in props: false

      at log (src/components/ui/Button.tsx:27:13)

    console.log
      [Button] All props: {}

      at log (src/components/ui/Button.tsx:28:13)

    console.log
      [Button] Rendering with type: submit

      at log (src/components/ui/Button.tsx:25:13)

    console.log
      [Button] Props received: {
        variant: 'primary',
        size: 'lg',
        type: 'submit',
        loading: false,
        disabled: false
      }

      at log (src/components/ui/Button.tsx:26:13)

    console.log
      [Button] Has onClick in props: false

      at log (src/components/ui/Button.tsx:27:13)

    console.log
      [Button] All props: {}

      at log (src/components/ui/Button.tsx:28:13)

    console.log
      [Button] Rendering with type: submit

      at log (src/components/ui/Button.tsx:25:13)

    console.log
      [Button] Props received: {
        variant: 'primary',
        size: 'lg',
        type: 'submit',
        loading: false,
        disabled: false
      }

      at log (src/components/ui/Button.tsx:26:13)

    console.log
      [Button] Has onClick in props: false

      at log (src/components/ui/Button.tsx:27:13)

    console.log
      [Button] All props: {}

      at log (src/components/ui/Button.tsx:28:13)

    console.log
      [Button] Rendering with type: submit

      at log (src/components/ui/Button.tsx:25:13)

    console.log
      [Button] Props received: {
        variant: 'primary',
        size: 'lg',
        type: 'submit',
        loading: false,
        disabled: false
      }

      at log (src/components/ui/Button.tsx:26:13)

    console.log
      [Button] Has onClick in props: false

      at log (src/components/ui/Button.tsx:27:13)

    console.log
      [Button] All props: {}

      at log (src/components/ui/Button.tsx:28:13)

    console.log
      [Button] Rendering with type: submit

      at log (src/components/ui/Button.tsx:25:13)

    console.log
      [Button] Props received: {
        variant: 'primary',
        size: 'lg',
        type: 'submit',
        loading: false,
        disabled: false
      }

      at log (src/components/ui/Button.tsx:26:13)

    console.log
      [Button] Has onClick in props: false

      at log (src/components/ui/Button.tsx:27:13)

    console.log
      [Button] All props: {}

      at log (src/components/ui/Button.tsx:28:13)

    console.log
      [Button] Rendering with type: submit

      at log (src/components/ui/Button.tsx:25:13)

    console.log
      [Button] Props received: {
        variant: 'primary',
        size: 'lg',
        type: 'submit',
        loading: false,
        disabled: false
      }

      at log (src/components/ui/Button.tsx:26:13)

    console.log
      [Button] Has onClick in props: false

      at log (src/components/ui/Button.tsx:27:13)

    console.log
      [Button] All props: {}

      at log (src/components/ui/Button.tsx:28:13)

    console.log
      [Button] Rendering with type: submit

      at log (src/components/ui/Button.tsx:25:13)

    console.log
      [Button] Props received: {
        variant: 'primary',
        size: 'lg',
        type: 'submit',
        loading: false,
        disabled: false
      }

      at log (src/components/ui/Button.tsx:26:13)

    console.log
      [Button] Has onClick in props: false

      at log (src/components/ui/Button.tsx:27:13)

    console.log
      [Button] All props: {}

      at log (src/components/ui/Button.tsx:28:13)

    console.log
      [Button] Rendering with type: submit

      at log (src/components/ui/Button.tsx:25:13)

    console.log
      [Button] Props received: {
        variant: 'primary',
        size: 'lg',
        type: 'submit',
        loading: false,
        disabled: false
      }

      at log (src/components/ui/Button.tsx:26:13)

    console.log
      [Button] Has onClick in props: false

      at log (src/components/ui/Button.tsx:27:13)

    console.log
      [Button] All props: {}

      at log (src/components/ui/Button.tsx:28:13)

    console.log
      [Button] Rendering with type: submit

      at log (src/components/ui/Button.tsx:25:13)

    console.log
      [Button] Props received: {
        variant: 'primary',
        size: 'lg',
        type: 'submit',
        loading: false,
        disabled: false
      }

      at log (src/components/ui/Button.tsx:26:13)

    console.log
      [Button] Has onClick in props: false

      at log (src/components/ui/Button.tsx:27:13)

    console.log
      [Button] All props: {}

      at log (src/components/ui/Button.tsx:28:13)

    console.log
      [Button] Rendering with type: submit

      at log (src/components/ui/Button.tsx:25:13)

    console.log
      [Button] Props received: {
        variant: 'primary',
        size: 'lg',
        type: 'submit',
        loading: false,
        disabled: false
      }

      at log (src/components/ui/Button.tsx:26:13)

    console.log
      [Button] Has onClick in props: false

      at log (src/components/ui/Button.tsx:27:13)

    console.log
      [Button] All props: {}

      at log (src/components/ui/Button.tsx:28:13)

    console.log
      [Button] Rendering with type: submit

      at log (src/components/ui/Button.tsx:25:13)

    console.log
      [Button] Props received: {
        variant: 'primary',
        size: 'lg',
        type: 'submit',
        loading: false,
        disabled: false
      }

      at log (src/components/ui/Button.tsx:26:13)

    console.log
      [Button] Has onClick in props: false

      at log (src/components/ui/Button.tsx:27:13)

    console.log
      [Button] All props: {}

      at log (src/components/ui/Button.tsx:28:13)

    console.log
      [Button] Rendering with type: submit

      at log (src/components/ui/Button.tsx:25:13)

    console.log
      [Button] Props received: {
        variant: 'primary',
        size: 'lg',
        type: 'submit',
        loading: false,
        disabled: false
      }

      at log (src/components/ui/Button.tsx:26:13)

    console.log
      [Button] Has onClick in props: false

      at log (src/components/ui/Button.tsx:27:13)

    console.log
      [Button] All props: {}

      at log (src/components/ui/Button.tsx:28:13)

    console.log
      [Button] Rendering with type: submit

      at log (src/components/ui/Button.tsx:25:13)

    console.log
      [Button] Props received: {
        variant: 'primary',
        size: 'lg',
        type: 'submit',
        loading: false,
        disabled: false
      }

      at log (src/components/ui/Button.tsx:26:13)

    console.log
      [Button] Has onClick in props: false

      at log (src/components/ui/Button.tsx:27:13)

    console.log
      [Button] All props: {}

      at log (src/components/ui/Button.tsx:28:13)

    console.log
      [Button] Rendering with type: submit

      at log (src/components/ui/Button.tsx:25:13)

    console.log
      [Button] Props received: {
        variant: 'primary',
        size: 'lg',
        type: 'submit',
        loading: false,
        disabled: false
      }

      at log (src/components/ui/Button.tsx:26:13)

    console.log
      [Button] Has onClick in props: false

      at log (src/components/ui/Button.tsx:27:13)

    console.log
      [Button] All props: {}

      at log (src/components/ui/Button.tsx:28:13)

    console.log
      [Button] Rendering with type: submit

      at log (src/components/ui/Button.tsx:25:13)

    console.log
      [Button] Props received: {
        variant: 'primary',
        size: 'lg',
        type: 'submit',
        loading: false,
        disabled: false
      }

      at log (src/components/ui/Button.tsx:26:13)

    console.log
      [Button] Has onClick in props: false

      at log (src/components/ui/Button.tsx:27:13)

    console.log
      [Button] All props: {}

      at log (src/components/ui/Button.tsx:28:13)

    console.log
      [Button] Rendering with type: submit

      at log (src/components/ui/Button.tsx:25:13)

    console.log
      [Button] Props received: {
        variant: 'primary',
        size: 'lg',
        type: 'submit',
        loading: false,
        disabled: false
      }

      at log (src/components/ui/Button.tsx:26:13)

    console.log
      [Button] Has onClick in props: false

      at log (src/components/ui/Button.tsx:27:13)

    console.log
      [Button] All props: {}

      at log (src/components/ui/Button.tsx:28:13)

    console.log
      [Button] Rendering with type: submit

      at log (src/components/ui/Button.tsx:25:13)

    console.log
      [Button] Props received: {
        variant: 'primary',
        size: 'lg',
        type: 'submit',
        loading: false,
        disabled: false
      }

      at log (src/components/ui/Button.tsx:26:13)

    console.log
      [Button] Has onClick in props: false

      at log (src/components/ui/Button.tsx:27:13)

    console.log
      [Button] All props: {}

      at log (src/components/ui/Button.tsx:28:13)

    console.log
      [Button] Rendering with type: submit

      at log (src/components/ui/Button.tsx:25:13)

    console.log
      [Button] Props received: {
        variant: 'primary',
        size: 'lg',
        type: 'submit',
        loading: false,
        disabled: false
      }

      at log (src/components/ui/Button.tsx:26:13)

    console.log
      [Button] Has onClick in props: false

      at log (src/components/ui/Button.tsx:27:13)

    console.log
      [Button] All props: {}

      at log (src/components/ui/Button.tsx:28:13)

    console.log
      [Button] Rendering with type: submit

      at log (src/components/ui/Button.tsx:25:13)

    console.log
      [Button] Props received: {
        variant: 'primary',
        size: 'lg',
        type: 'submit',
        loading: false,
        disabled: false
      }

      at log (src/components/ui/Button.tsx:26:13)

    console.log
      [Button] Has onClick in props: false

      at log (src/components/ui/Button.tsx:27:13)

    console.log
      [Button] All props: {}

      at log (src/components/ui/Button.tsx:28:13)

    console.log
      [Button] Rendering with type: submit

      at log (src/components/ui/Button.tsx:25:13)

    console.log
      [Button] Props received: {
        variant: 'primary',
        size: 'lg',
        type: 'submit',
        loading: false,
        disabled: false
      }

      at log (src/components/ui/Button.tsx:26:13)

    console.log
      [Button] Has onClick in props: false

      at log (src/components/ui/Button.tsx:27:13)

    console.log
      [Button] All props: {}

      at log (src/components/ui/Button.tsx:28:13)

    console.log
      [Button] Rendering with type: submit

      at log (src/components/ui/Button.tsx:25:13)

    console.log
      [Button] Props received: {
        variant: 'primary',
        size: 'lg',
        type: 'submit',
        loading: false,
        disabled: false
      }

      at log (src/components/ui/Button.tsx:26:13)

    console.log
      [Button] Has onClick in props: false

      at log (src/components/ui/Button.tsx:27:13)

    console.log
      [Button] All props: {}

      at log (src/components/ui/Button.tsx:28:13)

    console.log
      [Button] Rendering with type: submit

      at log (src/components/ui/Button.tsx:25:13)

    console.log
      [Button] Props received: {
        variant: 'primary',
        size: 'lg',
        type: 'submit',
        loading: false,
        disabled: false
      }

      at log (src/components/ui/Button.tsx:26:13)

    console.log
      [Button] Has onClick in props: false

      at log (src/components/ui/Button.tsx:27:13)

    console.log
      [Button] All props: {}

      at log (src/components/ui/Button.tsx:28:13)

    console.log
      [Button] Rendering with type: submit

      at log (src/components/ui/Button.tsx:25:13)

    console.log
      [Button] Props received: {
        variant: 'primary',
        size: 'lg',
        type: 'submit',
        loading: false,
        disabled: false
      }

      at log (src/components/ui/Button.tsx:26:13)

    console.log
      [Button] Has onClick in props: false

      at log (src/components/ui/Button.tsx:27:13)

    console.log
      [Button] All props: {}

      at log (src/components/ui/Button.tsx:28:13)

    console.log
      [Button] Rendering with type: submit

      at log (src/components/ui/Button.tsx:25:13)

    console.log
      [Button] Props received: {
        variant: 'primary',
        size: 'lg',
        type: 'submit',
        loading: false,
        disabled: false
      }

      at log (src/components/ui/Button.tsx:26:13)

    console.log
      [Button] Has onClick in props: false

      at log (src/components/ui/Button.tsx:27:13)

    console.log
      [Button] All props: {}

      at log (src/components/ui/Button.tsx:28:13)

    console.log
      [Button] Rendering with type: submit

      at log (src/components/ui/Button.tsx:25:13)

    console.log
      [Button] Props received: {
        variant: 'primary',
        size: 'lg',
        type: 'submit',
        loading: false,
        disabled: false
      }

      at log (src/components/ui/Button.tsx:26:13)

    console.log
      [Button] Has onClick in props: false

      at log (src/components/ui/Button.tsx:27:13)

    console.log
      [Button] All props: {}

      at log (src/components/ui/Button.tsx:28:13)

    console.log
      [Button] Rendering with type: submit

      at log (src/components/ui/Button.tsx:25:13)

    console.log
      [Button] Props received: {
        variant: 'primary',
        size: 'lg',
        type: 'submit',
        loading: false,
        disabled: false
      }

      at log (src/components/ui/Button.tsx:26:13)

    console.log
      [Button] Has onClick in props: false

      at log (src/components/ui/Button.tsx:27:13)

    console.log
      [Button] All props: {}

      at log (src/components/ui/Button.tsx:28:13)

    console.log
      [Button] Rendering with type: submit

      at log (src/components/ui/Button.tsx:25:13)

    console.log
      [Button] Props received: {
        variant: 'primary',
        size: 'lg',
        type: 'submit',
        loading: false,
        disabled: false
      }

      at log (src/components/ui/Button.tsx:26:13)

    console.log
      [Button] Has onClick in props: false

      at log (src/components/ui/Button.tsx:27:13)

    console.log
      [Button] All props: {}

      at log (src/components/ui/Button.tsx:28:13)

    console.log
      [Button] Rendering with type: submit

      at log (src/components/ui/Button.tsx:25:13)

    console.log
      [Button] Props received: {
        variant: 'primary',
        size: 'lg',
        type: 'submit',
        loading: false,
        disabled: false
      }

      at log (src/components/ui/Button.tsx:26:13)

    console.log
      [Button] Has onClick in props: false

      at log (src/components/ui/Button.tsx:27:13)

    console.log
      [Button] All props: {}

      at log (src/components/ui/Button.tsx:28:13)

    console.log
      [Button] Rendering with type: submit

      at log (src/components/ui/Button.tsx:25:13)

    console.log
      [Button] Props received: {
        variant: 'primary',
        size: 'lg',
        type: 'submit',
        loading: false,
        disabled: false
      }

      at log (src/components/ui/Button.tsx:26:13)

    console.log
      [Button] Has onClick in props: false

      at log (src/components/ui/Button.tsx:27:13)

    console.log
      [Button] All props: {}

      at log (src/components/ui/Button.tsx:28:13)

    console.log
      [Button] Rendering with type: submit

      at log (src/components/ui/Button.tsx:25:13)

    console.log
      [Button] Props received: {
        variant: 'primary',
        size: 'lg',
        type: 'submit',
        loading: false,
        disabled: false
      }

      at log (src/components/ui/Button.tsx:26:13)

    console.log
      [Button] Has onClick in props: false

      at log (src/components/ui/Button.tsx:27:13)

    console.log
      [Button] All props: {}

      at log (src/components/ui/Button.tsx:28:13)

    console.log
      [Button] Rendering with type: submit

      at log (src/components/ui/Button.tsx:25:13)

    console.log
      [Button] Props received: {
        variant: 'primary',
        size: 'lg',
        type: 'submit',
        loading: false,
        disabled: false
      }

      at log (src/components/ui/Button.tsx:26:13)

    console.log
      [Button] Has onClick in props: false

      at log (src/components/ui/Button.tsx:27:13)

    console.log
      [Button] All props: {}

      at log (src/components/ui/Button.tsx:28:13)

    console.log
      [Button] Rendering with type: submit

      at log (src/components/ui/Button.tsx:25:13)

    console.log
      [Button] Props received: {
        variant: 'primary',
        size: 'lg',
        type: 'submit',
        loading: false,
        disabled: false
      }

      at log (src/components/ui/Button.tsx:26:13)

    console.log
      [Button] Has onClick in props: false

      at log (src/components/ui/Button.tsx:27:13)

    console.log
      [Button] All props: {}

      at log (src/components/ui/Button.tsx:28:13)

    console.log
      [Button] Rendering with type: submit

      at log (src/components/ui/Button.tsx:25:13)

    console.log
      [Button] Props received: {
        variant: 'primary',
        size: 'lg',
        type: 'submit',
        loading: false,
        disabled: false
      }

      at log (src/components/ui/Button.tsx:26:13)

    console.log
      [Button] Has onClick in props: false

      at log (src/components/ui/Button.tsx:27:13)

    console.log
      [Button] All props: {}

      at log (src/components/ui/Button.tsx:28:13)

    console.log
      [Button] Rendering with type: submit

      at log (src/components/ui/Button.tsx:25:13)

    console.log
      [Button] Props received: {
        variant: 'primary',
        size: 'lg',
        type: 'submit',
        loading: false,
        disabled: false
      }

      at log (src/components/ui/Button.tsx:26:13)

    console.log
      [Button] Has onClick in props: false

      at log (src/components/ui/Button.tsx:27:13)

    console.log
      [Button] All props: {}

      at log (src/components/ui/Button.tsx:28:13)

    console.log
      [Button] Rendering with type: submit

      at log (src/components/ui/Button.tsx:25:13)

    console.log
      [Button] Props received: {
        variant: 'primary',
        size: 'lg',
        type: 'submit',
        loading: false,
        disabled: false
      }

      at log (src/components/ui/Button.tsx:26:13)

    console.log
      [Button] Has onClick in props: false

      at log (src/components/ui/Button.tsx:27:13)

    console.log
      [Button] All props: {}

      at log (src/components/ui/Button.tsx:28:13)

    console.log
      [Button] Rendering with type: submit

      at log (src/components/ui/Button.tsx:25:13)

    console.log
      [Button] Props received: {
        variant: 'primary',
        size: 'lg',
        type: 'submit',
        loading: false,
        disabled: false
      }

      at log (src/components/ui/Button.tsx:26:13)

    console.log
      [Button] Has onClick in props: false

      at log (src/components/ui/Button.tsx:27:13)

    console.log
      [Button] All props: {}

      at log (src/components/ui/Button.tsx:28:13)

    console.log
      [Button] Rendering with type: submit

      at log (src/components/ui/Button.tsx:25:13)

    console.log
      [Button] Props received: {
        variant: 'primary',
        size: 'lg',
        type: 'submit',
        loading: false,
        disabled: false
      }

      at log (src/components/ui/Button.tsx:26:13)

    console.log
      [Button] Has onClick in props: false

      at log (src/components/ui/Button.tsx:27:13)

    console.log
      [Button] All props: {}

      at log (src/components/ui/Button.tsx:28:13)

    console.log
      [Button] Rendering with type: submit

      at log (src/components/ui/Button.tsx:25:13)

    console.log
      [Button] Props received: {
        variant: 'primary',
        size: 'lg',
        type: 'submit',
        loading: false,
        disabled: false
      }

      at log (src/components/ui/Button.tsx:26:13)

    console.log
      [Button] Has onClick in props: false

      at log (src/components/ui/Button.tsx:27:13)

    console.log
      [Button] All props: {}

      at log (src/components/ui/Button.tsx:28:13)

    console.log
      [Button] Rendering with type: submit

      at log (src/components/ui/Button.tsx:25:13)

    console.log
      [Button] Props received: {
        variant: 'primary',
        size: 'lg',
        type: 'submit',
        loading: false,
        disabled: false
      }

      at log (src/components/ui/Button.tsx:26:13)

    console.log
      [Button] Has onClick in props: false

      at log (src/components/ui/Button.tsx:27:13)

    console.log
      [Button] All props: {}

      at log (src/components/ui/Button.tsx:28:13)

    console.log
      [Button] Rendering with type: submit

      at log (src/components/ui/Button.tsx:25:13)

    console.log
      [Button] Props received: {
        variant: 'primary',
        size: 'lg',
        type: 'submit',
        loading: false,
        disabled: false
      }

      at log (src/components/ui/Button.tsx:26:13)

    console.log
      [Button] Has onClick in props: false

      at log (src/components/ui/Button.tsx:27:13)

    console.log
      [Button] All props: {}

      at log (src/components/ui/Button.tsx:28:13)

    console.log
      [Button] Rendering with type: submit

      at log (src/components/ui/Button.tsx:25:13)

    console.log
      [Button] Props received: {
        variant: 'primary',
        size: 'lg',
        type: 'submit',
        loading: false,
        disabled: false
      }

      at log (src/components/ui/Button.tsx:26:13)

    console.log
      [Button] Has onClick in props: false

      at log (src/components/ui/Button.tsx:27:13)

    console.log
      [Button] All props: {}

      at log (src/components/ui/Button.tsx:28:13)

    console.log
      [Button] Rendering with type: submit

      at log (src/components/ui/Button.tsx:25:13)

    console.log
      [Button] Props received: {
        variant: 'primary',
        size: 'lg',
        type: 'submit',
        loading: false,
        disabled: false
      }

      at log (src/components/ui/Button.tsx:26:13)

    console.log
      [Button] Has onClick in props: false

      at log (src/components/ui/Button.tsx:27:13)

    console.log
      [Button] All props: {}

      at log (src/components/ui/Button.tsx:28:13)

    console.log
      [Button] Rendering with type: submit

      at log (src/components/ui/Button.tsx:25:13)

    console.log
      [Button] Props received: {
        variant: 'primary',
        size: 'lg',
        type: 'submit',
        loading: false,
        disabled: false
      }

      at log (src/components/ui/Button.tsx:26:13)

    console.log
      [Button] Has onClick in props: false

      at log (src/components/ui/Button.tsx:27:13)

    console.log
      [Button] All props: {}

      at log (src/components/ui/Button.tsx:28:13)

    console.log
      [Button] Rendering with type: submit

      at log (src/components/ui/Button.tsx:25:13)

    console.log
      [Button] Props received: {
        variant: 'primary',
        size: 'lg',
        type: 'submit',
        loading: false,
        disabled: false
      }

      at log (src/components/ui/Button.tsx:26:13)

    console.log
      [Button] Has onClick in props: false

      at log (src/components/ui/Button.tsx:27:13)

    console.log
      [Button] All props: {}

      at log (src/components/ui/Button.tsx:28:13)

    console.log
      [Button] Rendering with type: submit

      at log (src/components/ui/Button.tsx:25:13)

    console.log
      [Button] Props received: {
        variant: 'primary',
        size: 'lg',
        type: 'submit',
        loading: false,
        disabled: false
      }

      at log (src/components/ui/Button.tsx:26:13)

    console.log
      [Button] Has onClick in props: false

      at log (src/components/ui/Button.tsx:27:13)

    console.log
      [Button] All props: {}

      at log (src/components/ui/Button.tsx:28:13)

    console.log
      [Button] Rendering with type: submit

      at log (src/components/ui/Button.tsx:25:13)

    console.log
      [Button] Props received: {
        variant: 'primary',
        size: 'lg',
        type: 'submit',
        loading: false,
        disabled: false
      }

      at log (src/components/ui/Button.tsx:26:13)

    console.log
      [Button] Has onClick in props: false

      at log (src/components/ui/Button.tsx:27:13)

    console.log
      [Button] All props: {}

      at log (src/components/ui/Button.tsx:28:13)

    console.log
      [Button] Rendering with type: submit

      at log (src/components/ui/Button.tsx:25:13)

    console.log
      [Button] Props received: {
        variant: 'primary',
        size: 'lg',
        type: 'submit',
        loading: false,
        disabled: false
      }

      at log (src/components/ui/Button.tsx:26:13)

    console.log
      [Button] Has onClick in props: false

      at log (src/components/ui/Button.tsx:27:13)

    console.log
      [Button] All props: {}

      at log (src/components/ui/Button.tsx:28:13)

    console.log
      [Button] Rendering with type: submit

      at log (src/components/ui/Button.tsx:25:13)

    console.log
      [Button] Props received: {
        variant: 'primary',
        size: 'lg',
        type: 'submit',
        loading: false,
        disabled: false
      }

      at log (src/components/ui/Button.tsx:26:13)

    console.log
      [Button] Has onClick in props: false

      at log (src/components/ui/Button.tsx:27:13)

    console.log
      [Button] All props: {}

      at log (src/components/ui/Button.tsx:28:13)

    console.log
      [Button] Rendering with type: submit

      at log (src/components/ui/Button.tsx:25:13)

    console.log
      [Button] Props received: {
        variant: 'primary',
        size: 'lg',
        type: 'submit',
        loading: false,
        disabled: false
      }

      at log (src/components/ui/Button.tsx:26:13)

    console.log
      [Button] Has onClick in props: false

      at log (src/components/ui/Button.tsx:27:13)

    console.log
      [Button] All props: {}

      at log (src/components/ui/Button.tsx:28:13)

    console.log
      [Button] Rendering with type: submit

      at log (src/components/ui/Button.tsx:25:13)

    console.log
      [Button] Props received: {
        variant: 'primary',
        size: 'lg',
        type: 'submit',
        loading: false,
        disabled: false
      }

      at log (src/components/ui/Button.tsx:26:13)

    console.log
      [Button] Has onClick in props: false

      at log (src/components/ui/Button.tsx:27:13)

    console.log
      [Button] All props: {}

      at log (src/components/ui/Button.tsx:28:13)

    console.log
      [Button] Rendering with type: submit

      at log (src/components/ui/Button.tsx:25:13)

    console.log
      [Button] Props received: {
        variant: 'primary',
        size: 'lg',
        type: 'submit',
        loading: false,
        disabled: false
      }

      at log (src/components/ui/Button.tsx:26:13)

    console.log
      [Button] Has onClick in props: false

      at log (src/components/ui/Button.tsx:27:13)

    console.log
      [Button] All props: {}

      at log (src/components/ui/Button.tsx:28:13)

    console.log
      [Button] Rendering with type: submit

      at log (src/components/ui/Button.tsx:25:13)

    console.log
      [Button] Props received: {
        variant: 'primary',
        size: 'lg',
        type: 'submit',
        loading: false,
        disabled: false
      }

      at log (src/components/ui/Button.tsx:26:13)

    console.log
      [Button] Has onClick in props: false

      at log (src/components/ui/Button.tsx:27:13)

    console.log
      [Button] All props: {}

      at log (src/components/ui/Button.tsx:28:13)

    console.log
      [Button] Rendering with type: submit

      at log (src/components/ui/Button.tsx:25:13)

    console.log
      [Button] Props received: {
        variant: 'primary',
        size: 'lg',
        type: 'submit',
        loading: false,
        disabled: false
      }

      at log (src/components/ui/Button.tsx:26:13)

    console.log
      [Button] Has onClick in props: false

      at log (src/components/ui/Button.tsx:27:13)

    console.log
      [Button] All props: {}

      at log (src/components/ui/Button.tsx:28:13)

    console.log
      [Button] Rendering with type: submit

      at log (src/components/ui/Button.tsx:25:13)

    console.log
      [Button] Props received: {
        variant: 'primary',
        size: 'lg',
        type: 'submit',
        loading: false,
        disabled: false
      }

      at log (src/components/ui/Button.tsx:26:13)

    console.log
      [Button] Has onClick in props: false

      at log (src/components/ui/Button.tsx:27:13)

    console.log
      [Button] All props: {}

      at log (src/components/ui/Button.tsx:28:13)

    console.log
      [Button] Rendering with type: submit

      at log (src/components/ui/Button.tsx:25:13)

    console.log
      [Button] Props received: {
        variant: 'primary',
        size: 'lg',
        type: 'submit',
        loading: false,
        disabled: false
      }

      at log (src/components/ui/Button.tsx:26:13)

    console.log
      [Button] Has onClick in props: false

      at log (src/components/ui/Button.tsx:27:13)

    console.log
      [Button] All props: {}

      at log (src/components/ui/Button.tsx:28:13)

    console.log
      [Button] Rendering with type: submit

      at log (src/components/ui/Button.tsx:25:13)

    console.log
      [Button] Props received: {
        variant: 'primary',
        size: 'lg',
        type: 'submit',
        loading: false,
        disabled: false
      }

      at log (src/components/ui/Button.tsx:26:13)

    console.log
      [Button] Has onClick in props: false

      at log (src/components/ui/Button.tsx:27:13)

    console.log
      [Button] All props: {}

      at log (src/components/ui/Button.tsx:28:13)

    console.log
      [Button] Rendering with type: submit

      at log (src/components/ui/Button.tsx:25:13)

    console.log
      [Button] Props received: {
        variant: 'primary',
        size: 'lg',
        type: 'submit',
        loading: false,
        disabled: false
      }

      at log (src/components/ui/Button.tsx:26:13)

    console.log
      [Button] Has onClick in props: false

      at log (src/components/ui/Button.tsx:27:13)

    console.log
      [Button] All props: {}

      at log (src/components/ui/Button.tsx:28:13)

    console.log
      [Button] Rendering with type: submit

      at log (src/components/ui/Button.tsx:25:13)

    console.log
      [Button] Props received: {
        variant: 'primary',
        size: 'lg',
        type: 'submit',
        loading: false,
        disabled: false
      }

      at log (src/components/ui/Button.tsx:26:13)

    console.log
      [Button] Has onClick in props: false

      at log (src/components/ui/Button.tsx:27:13)

    console.log
      [Button] All props: {}

      at log (src/components/ui/Button.tsx:28:13)

    console.log
      [Button] Rendering with type: submit

      at log (src/components/ui/Button.tsx:25:13)

    console.log
      [Button] Props received: {
        variant: 'primary',
        size: 'lg',
        type: 'submit',
        loading: false,
        disabled: false
      }

      at log (src/components/ui/Button.tsx:26:13)

    console.log
      [Button] Has onClick in props: false

      at log (src/components/ui/Button.tsx:27:13)

    console.log
      [Button] All props: {}

      at log (src/components/ui/Button.tsx:28:13)

    console.log
      [Button] Rendering with type: submit

      at log (src/components/ui/Button.tsx:25:13)

    console.log
      [Button] Props received: {
        variant: 'primary',
        size: 'lg',
        type: 'submit',
        loading: false,
        disabled: false
      }

      at log (src/components/ui/Button.tsx:26:13)

    console.log
      [Button] Has onClick in props: false

      at log (src/components/ui/Button.tsx:27:13)

    console.log
      [Button] All props: {}

      at log (src/components/ui/Button.tsx:28:13)

    console.log
      [Button] Rendering with type: submit

      at log (src/components/ui/Button.tsx:25:13)

    console.log
      [Button] Props received: {
        variant: 'primary',
        size: 'lg',
        type: 'submit',
        loading: false,
        disabled: false
      }

      at log (src/components/ui/Button.tsx:26:13)

    console.log
      [Button] Has onClick in props: false

      at log (src/components/ui/Button.tsx:27:13)

    console.log
      [Button] All props: {}

      at log (src/components/ui/Button.tsx:28:13)

    console.log
      [Button] Rendering with type: submit

      at log (src/components/ui/Button.tsx:25:13)

    console.log
      [Button] Props received: {
        variant: 'primary',
        size: 'lg',
        type: 'submit',
        loading: false,
        disabled: false
      }

      at log (src/components/ui/Button.tsx:26:13)

    console.log
      [Button] Has onClick in props: false

      at log (src/components/ui/Button.tsx:27:13)

    console.log
      [Button] All props: {}

      at log (src/components/ui/Button.tsx:28:13)

    console.log
      [Button] Rendering with type: submit

      at log (src/components/ui/Button.tsx:25:13)

    console.log
      [Button] Props received: {
        variant: 'primary',
        size: 'lg',
        type: 'submit',
        loading: false,
        disabled: false
      }

      at log (src/components/ui/Button.tsx:26:13)

    console.log
      [Button] Has onClick in props: false

      at log (src/components/ui/Button.tsx:27:13)

    console.log
      [Button] All props: {}

      at log (src/components/ui/Button.tsx:28:13)

    console.log
      [Button] Rendering with type: submit

      at log (src/components/ui/Button.tsx:25:13)

    console.log
      [Button] Props received: {
        variant: 'primary',
        size: 'lg',
        type: 'submit',
        loading: false,
        disabled: false
      }

      at log (src/components/ui/Button.tsx:26:13)

    console.log
      [Button] Has onClick in props: false

      at log (src/components/ui/Button.tsx:27:13)

    console.log
      [Button] All props: {}

      at log (src/components/ui/Button.tsx:28:13)

    console.log
      [Button] Rendering with type: submit

      at log (src/components/ui/Button.tsx:25:13)

    console.log
      [Button] Props received: {
        variant: 'primary',
        size: 'lg',
        type: 'submit',
        loading: false,
        disabled: false
      }

      at log (src/components/ui/Button.tsx:26:13)

    console.log
      [Button] Has onClick in props: false

      at log (src/components/ui/Button.tsx:27:13)

    console.log
      [Button] All props: {}

      at log (src/components/ui/Button.tsx:28:13)

    console.log
      [Button] Rendering with type: submit

      at log (src/components/ui/Button.tsx:25:13)

    console.log
      [Button] Props received: {
        variant: 'primary',
        size: 'lg',
        type: 'submit',
        loading: false,
        disabled: false
      }

      at log (src/components/ui/Button.tsx:26:13)

    console.log
      [Button] Has onClick in props: false

      at log (src/components/ui/Button.tsx:27:13)

    console.log
      [Button] All props: {}

      at log (src/components/ui/Button.tsx:28:13)

    console.log
      [Button] Rendering with type: submit

      at log (src/components/ui/Button.tsx:25:13)

    console.log
      [Button] Props received: {
        variant: 'primary',
        size: 'lg',
        type: 'submit',
        loading: false,
        disabled: false
      }

      at log (src/components/ui/Button.tsx:26:13)

    console.log
      [Button] Has onClick in props: false

      at log (src/components/ui/Button.tsx:27:13)

    console.log
      [Button] All props: {}

      at log (src/components/ui/Button.tsx:28:13)

    console.log
      [Button] Rendering with type: submit

      at log (src/components/ui/Button.tsx:25:13)

    console.log
      [Button] Props received: {
        variant: 'primary',
        size: 'lg',
        type: 'submit',
        loading: false,
        disabled: false
      }

      at log (src/components/ui/Button.tsx:26:13)

    console.log
      [Button] Has onClick in props: false

      at log (src/components/ui/Button.tsx:27:13)

    console.log
      [Button] All props: {}

      at log (src/components/ui/Button.tsx:28:13)

    console.log
      [Button] Rendering with type: submit

      at log (src/components/ui/Button.tsx:25:13)

    console.log
      [Button] Props received: {
        variant: 'primary',
        size: 'lg',
        type: 'submit',
        loading: true,
        disabled: true
      }

      at log (src/components/ui/Button.tsx:26:13)

    console.log
      [Button] Has onClick in props: false

      at log (src/components/ui/Button.tsx:27:13)

    console.log
      [Button] All props: {}

      at log (src/components/ui/Button.tsx:28:13)

    console.log
      [Button] Rendering with type: submit

      at log (src/components/ui/Button.tsx:25:13)

    console.log
      [Button] Props received: {
        variant: 'primary',
        size: 'lg',
        type: 'submit',
        loading: true,
        disabled: true
      }

      at log (src/components/ui/Button.tsx:26:13)

    console.log
      [Button] Has onClick in props: false

      at log (src/components/ui/Button.tsx:27:13)

    console.log
      [Button] All props: {}

      at log (src/components/ui/Button.tsx:28:13)

    console.log
      [Button] Rendering with type: submit

      at log (src/components/ui/Button.tsx:25:13)

    console.log
      [Button] Props received: {
        variant: 'primary',
        size: 'lg',
        type: 'submit',
        loading: true,
        disabled: true
      }

      at log (src/components/ui/Button.tsx:26:13)

    console.log
      [Button] Has onClick in props: false

      at log (src/components/ui/Button.tsx:27:13)

    console.log
      [Button] All props: {}

      at log (src/components/ui/Button.tsx:28:13)

    console.log
      [Button] Rendering with type: submit

      at log (src/components/ui/Button.tsx:25:13)

    console.log
      [Button] Props received: {
        variant: 'primary',
        size: 'lg',
        type: 'submit',
        loading: true,
        disabled: true
      }

      at log (src/components/ui/Button.tsx:26:13)

    console.log
      [Button] Has onClick in props: false

      at log (src/components/ui/Button.tsx:27:13)

    console.log
      [Button] All props: {}

      at log (src/components/ui/Button.tsx:28:13)

    console.log
      [Button] Rendering with type: submit

      at log (src/components/ui/Button.tsx:25:13)

    console.log
      [Button] Props received: {
        variant: 'primary',
        size: 'lg',
        type: 'submit',
        loading: false,
        disabled: true
      }

      at log (src/components/ui/Button.tsx:26:13)

    console.log
      [Button] Has onClick in props: false

      at log (src/components/ui/Button.tsx:27:13)

    console.log
      [Button] All props: {}

      at log (src/components/ui/Button.tsx:28:13)

    console.log
      [Button] Rendering with type: submit

      at log (src/components/ui/Button.tsx:25:13)

    console.log
      [Button] Props received: {
        variant: 'primary',
        size: 'lg',
        type: 'submit',
        loading: true,
        disabled: true
      }

      at log (src/components/ui/Button.tsx:26:13)

    console.log
      [Button] Has onClick in props: false

      at log (src/components/ui/Button.tsx:27:13)

    console.log
      [Button] All props: {}

      at log (src/components/ui/Button.tsx:28:13)

    console.log
      [Button] Rendering with type: submit

      at log (src/components/ui/Button.tsx:25:13)

    console.log
      [Button] Props received: {
        variant: 'primary',
        size: 'lg',
        type: 'submit',
        loading: false,
        disabled: false
      }

      at log (src/components/ui/Button.tsx:26:13)

    console.log
      [Button] Has onClick in props: false

      at log (src/components/ui/Button.tsx:27:13)

    console.log
      [Button] All props: {}

      at log (src/components/ui/Button.tsx:28:13)

    console.log
      [Button] Rendering with type: submit

      at log (src/components/ui/Button.tsx:25:13)

    console.log
      [Button] Props received: {
        variant: 'primary',
        size: 'lg',
        type: 'submit',
        loading: true,
        disabled: true
      }

      at log (src/components/ui/Button.tsx:26:13)

    console.log
      [Button] Has onClick in props: false

      at log (src/components/ui/Button.tsx:27:13)

    console.log
      [Button] All props: {}

      at log (src/components/ui/Button.tsx:28:13)

    console.log
      [Button] Rendering with type: submit

      at log (src/components/ui/Button.tsx:25:13)

    console.log
      [Button] Props received: {
        variant: 'primary',
        size: 'lg',
        type: 'submit',
        loading: false,
        disabled: false
      }

      at log (src/components/ui/Button.tsx:26:13)

    console.log
      [Button] Has onClick in props: false

      at log (src/components/ui/Button.tsx:27:13)

    console.log
      [Button] All props: {}

      at log (src/components/ui/Button.tsx:28:13)

    console.log
      [Button] Rendering with type: submit

      at log (src/components/ui/Button.tsx:25:13)

    console.log
      [Button] Props received: {
        variant: 'primary',
        size: 'lg',
        type: 'submit',
        loading: false,
        disabled: true
      }

      at log (src/components/ui/Button.tsx:26:13)

    console.log
      [Button] Has onClick in props: false

      at log (src/components/ui/Button.tsx:27:13)

    console.log
      [Button] All props: {}

      at log (src/components/ui/Button.tsx:28:13)

    console.log
      [Button] Rendering with type: submit

      at log (src/components/ui/Button.tsx:25:13)

    console.log
      [Button] Props received: {
        variant: 'primary',
        size: 'lg',
        type: 'submit',
        loading: false,
        disabled: true
      }

      at log (src/components/ui/Button.tsx:26:13)

    console.log
      [Button] Has onClick in props: false

      at log (src/components/ui/Button.tsx:27:13)

    console.log
      [Button] All props: {}

      at log (src/components/ui/Button.tsx:28:13)

    console.log
      [Button] Rendering with type: submit

      at log (src/components/ui/Button.tsx:25:13)

    console.log
      [Button] Props received: {
        variant: 'primary',
        size: 'lg',
        type: 'submit',
        loading: true,
        disabled: true
      }

      at log (src/components/ui/Button.tsx:26:13)

    console.log
      [Button] Has onClick in props: false

      at log (src/components/ui/Button.tsx:27:13)

    console.log
      [Button] All props: {}

      at log (src/components/ui/Button.tsx:28:13)

    console.log
      [Button] Rendering with type: submit

      at log (src/components/ui/Button.tsx:25:13)

    console.log
      [Button] Props received: {
        variant: 'primary',
        size: 'lg',
        type: 'submit',
        loading: false,
        disabled: false
      }

      at log (src/components/ui/Button.tsx:26:13)

    console.log
      [Button] Has onClick in props: false

      at log (src/components/ui/Button.tsx:27:13)

    console.log
      [Button] All props: {}

      at log (src/components/ui/Button.tsx:28:13)

    console.log
      [Button] Rendering with type: submit

      at log (src/components/ui/Button.tsx:25:13)

    console.log
      [Button] Props received: {
        variant: 'primary',
        size: 'lg',
        type: 'submit',
        loading: true,
        disabled: true
      }

      at log (src/components/ui/Button.tsx:26:13)

    console.log
      [Button] Has onClick in props: false

      at log (src/components/ui/Button.tsx:27:13)

    console.log
      [Button] All props: {}

      at log (src/components/ui/Button.tsx:28:13)

    console.log
      [Button] Rendering with type: submit

      at log (src/components/ui/Button.tsx:25:13)

    console.log
      [Button] Props received: {
        variant: 'primary',
        size: 'lg',
        type: 'submit',
        loading: false,
        disabled: false
      }

      at log (src/components/ui/Button.tsx:26:13)

    console.log
      [Button] Has onClick in props: false

      at log (src/components/ui/Button.tsx:27:13)

    console.log
      [Button] All props: {}

      at log (src/components/ui/Button.tsx:28:13)

    console.log
      [Button] Rendering with type: submit

      at log (src/components/ui/Button.tsx:25:13)

    console.log
      [Button] Props received: {
        variant: 'primary',
        size: 'lg',
        type: 'submit',
        loading: false,
        disabled: true
      }

      at log (src/components/ui/Button.tsx:26:13)

    console.log
      [Button] Has onClick in props: false

      at log (src/components/ui/Button.tsx:27:13)

    console.log
      [Button] All props: {}

      at log (src/components/ui/Button.tsx:28:13)

    console.log
      [Button] Rendering with type: submit

      at log (src/components/ui/Button.tsx:25:13)

    console.log
      [Button] Props received: {
        variant: 'primary',
        size: 'lg',
        type: 'submit',
        loading: false,
        disabled: false
      }

      at log (src/components/ui/Button.tsx:26:13)

    console.log
      [Button] Has onClick in props: false

      at log (src/components/ui/Button.tsx:27:13)

    console.log
      [Button] All props: {}

      at log (src/components/ui/Button.tsx:28:13)

    console.log
      [Button] Rendering with type: submit

      at log (src/components/ui/Button.tsx:25:13)

    console.log
      [Button] Props received: {
        variant: 'primary',
        size: 'lg',
        type: 'submit',
        loading: true,
        disabled: true
      }

      at log (src/components/ui/Button.tsx:26:13)

    console.log
      [Button] Has onClick in props: false

      at log (src/components/ui/Button.tsx:27:13)

    console.log
      [Button] All props: {}

      at log (src/components/ui/Button.tsx:28:13)

    console.log
      [Button] Rendering with type: submit

      at log (src/components/ui/Button.tsx:25:13)

    console.log
      [Button] Props received: {
        variant: 'primary',
        size: 'lg',
        type: 'submit',
        loading: true,
        disabled: true
      }

      at log (src/components/ui/Button.tsx:26:13)

    console.log
      [Button] Has onClick in props: false

      at log (src/components/ui/Button.tsx:27:13)

    console.log
      [Button] All props: {}

      at log (src/components/ui/Button.tsx:28:13)

    console.log
      [Button] Rendering with type: submit

      at log (src/components/ui/Button.tsx:25:13)

    console.log
      [Button] Props received: {
        variant: 'primary',
        size: 'lg',
        type: 'submit',
        loading: false,
        disabled: true
      }

      at log (src/components/ui/Button.tsx:26:13)

    console.log
      [Button] Has onClick in props: false

      at log (src/components/ui/Button.tsx:27:13)

    console.log
      [Button] All props: {}

      at log (src/components/ui/Button.tsx:28:13)

    console.log
      [Button] Rendering with type: submit

      at log (src/components/ui/Button.tsx:25:13)

    console.log
      [Button] Props received: {
        variant: 'primary',
        size: 'lg',
        type: 'submit',
        loading: false,
        disabled: true
      }

      at log (src/components/ui/Button.tsx:26:13)

    console.log
      [Button] Has onClick in props: false

      at log (src/components/ui/Button.tsx:27:13)

    console.log
      [Button] All props: {}

      at log (src/components/ui/Button.tsx:28:13)

    console.log
      [Button] Rendering with type: submit

      at log (src/components/ui/Button.tsx:25:13)

    console.log
      [Button] Props received: {
        variant: 'primary',
        size: 'lg',
        type: 'submit',
        loading: true,
        disabled: true
      }

      at log (src/components/ui/Button.tsx:26:13)

    console.log
      [Button] Has onClick in props: false

      at log (src/components/ui/Button.tsx:27:13)

    console.log
      [Button] All props: {}

      at log (src/components/ui/Button.tsx:28:13)

    console.log
      [Button] Rendering with type: submit

      at log (src/components/ui/Button.tsx:25:13)

    console.log
      [Button] Props received: {
        variant: 'primary',
        size: 'lg',
        type: 'submit',
        loading: true,
        disabled: true
      }

      at log (src/components/ui/Button.tsx:26:13)

    console.log
      [Button] Has onClick in props: false

      at log (src/components/ui/Button.tsx:27:13)

    console.log
      [Button] All props: {}

      at log (src/components/ui/Button.tsx:28:13)

    console.log
      [Button] Rendering with type: submit

      at log (src/components/ui/Button.tsx:25:13)

    console.log
      [Button] Props received: {
        variant: 'primary',
        size: 'lg',
        type: 'submit',
        loading: true,
        disabled: true
      }

      at log (src/components/ui/Button.tsx:26:13)

    console.log
      [Button] Has onClick in props: false

      at log (src/components/ui/Button.tsx:27:13)

    console.log
      [Button] All props: {}

      at log (src/components/ui/Button.tsx:28:13)

    console.log
      [Button] Rendering with type: submit

      at log (src/components/ui/Button.tsx:25:13)

    console.log
      [Button] Props received: {
        variant: 'primary',
        size: 'lg',
        type: 'submit',
        loading: false,
        disabled: true
      }

      at log (src/components/ui/Button.tsx:26:13)

    console.log
      [Button] Has onClick in props: false

      at log (src/components/ui/Button.tsx:27:13)

    console.log
      [Button] All props: {}

      at log (src/components/ui/Button.tsx:28:13)

    console.log
      [Button] Rendering with type: submit

      at log (src/components/ui/Button.tsx:25:13)

    console.log
      [Button] Props received: {
        variant: 'primary',
        size: 'lg',
        type: 'submit',
        loading: true,
        disabled: true
      }

      at log (src/components/ui/Button.tsx:26:13)

    console.log
      [Button] Has onClick in props: false

      at log (src/components/ui/Button.tsx:27:13)

    console.log
      [Button] All props: {}

      at log (src/components/ui/Button.tsx:28:13)

    console.log
      [Button] Rendering with type: submit

      at log (src/components/ui/Button.tsx:25:13)

    console.log
      [Button] Props received: {
        variant: 'primary',
        size: 'lg',
        type: 'submit',
        loading: true,
        disabled: true
      }

      at log (src/components/ui/Button.tsx:26:13)

    console.log
      [Button] Has onClick in props: false

      at log (src/components/ui/Button.tsx:27:13)

    console.log
      [Button] All props: {}

      at log (src/components/ui/Button.tsx:28:13)

    console.log
      [Button] Rendering with type: submit

      at log (src/components/ui/Button.tsx:25:13)

    console.log
      [Button] Props received: {
        variant: 'primary',
        size: 'lg',
        type: 'submit',
        loading: false,
        disabled: false
      }

      at log (src/components/ui/Button.tsx:26:13)

    console.log
      [Button] Has onClick in props: false

      at log (src/components/ui/Button.tsx:27:13)

    console.log
      [Button] All props: {}

      at log (src/components/ui/Button.tsx:28:13)

    console.log
      [Button] Rendering with type: submit

      at log (src/components/ui/Button.tsx:25:13)

    console.log
      [Button] Props received: {
        variant: 'primary',
        size: 'lg',
        type: 'submit',
        loading: false,
        disabled: true
      }

      at log (src/components/ui/Button.tsx:26:13)

    console.log
      [Button] Has onClick in props: false

      at log (src/components/ui/Button.tsx:27:13)

    console.log
      [Button] All props: {}

      at log (src/components/ui/Button.tsx:28:13)

    console.log
      [Button] Rendering with type: submit

      at log (src/components/ui/Button.tsx:25:13)

    console.log
      [Button] Props received: {
        variant: 'primary',
        size: 'lg',
        type: 'submit',
        loading: false,
        disabled: false
      }

      at log (src/components/ui/Button.tsx:26:13)

    console.log
      [Button] Has onClick in props: false

      at log (src/components/ui/Button.tsx:27:13)

    console.log
      [Button] All props: {}

      at log (src/components/ui/Button.tsx:28:13)

    console.log
      [Button] Rendering with type: submit

      at log (src/components/ui/Button.tsx:25:13)

    console.log
      [Button] Props received: {
        variant: 'primary',
        size: 'lg',
        type: 'submit',
        loading: true,
        disabled: true
      }

      at log (src/components/ui/Button.tsx:26:13)

    console.log
      [Button] Has onClick in props: false

      at log (src/components/ui/Button.tsx:27:13)

    console.log
      [Button] All props: {}

      at log (src/components/ui/Button.tsx:28:13)

    console.log
      [Button] Rendering with type: submit

      at log (src/components/ui/Button.tsx:25:13)

    console.log
      [Button] Props received: {
        variant: 'primary',
        size: 'lg',
        type: 'submit',
        loading: true,
        disabled: true
      }

      at log (src/components/ui/Button.tsx:26:13)

    console.log
      [Button] Has onClick in props: false

      at log (src/components/ui/Button.tsx:27:13)

    console.log
      [Button] All props: {}

      at log (src/components/ui/Button.tsx:28:13)

    console.log
      [Button] Rendering with type: submit

      at log (src/components/ui/Button.tsx:25:13)

    console.log
      [Button] Props received: {
        variant: 'primary',
        size: 'lg',
        type: 'submit',
        loading: true,
        disabled: true
      }

      at log (src/components/ui/Button.tsx:26:13)

    console.log
      [Button] Has onClick in props: false

      at log (src/components/ui/Button.tsx:27:13)

    console.log
      [Button] All props: {}

      at log (src/components/ui/Button.tsx:28:13)

    console.log
      [Button] Rendering with type: submit

      at log (src/components/ui/Button.tsx:25:13)

    console.log
      [Button] Props received: {
        variant: 'primary',
        size: 'lg',
        type: 'submit',
        loading: true,
        disabled: true
      }

      at log (src/components/ui/Button.tsx:26:13)

    console.log
      [Button] Has onClick in props: false

      at log (src/components/ui/Button.tsx:27:13)

    console.log
      [Button] All props: {}

      at log (src/components/ui/Button.tsx:28:13)

    console.log
      [Button] Rendering with type: submit

      at log (src/components/ui/Button.tsx:25:13)

    console.log
      [Button] Props received: {
        variant: 'primary',
        size: 'lg',
        type: 'submit',
        loading: true,
        disabled: true
      }

      at log (src/components/ui/Button.tsx:26:13)

    console.log
      [Button] Has onClick in props: false

      at log (src/components/ui/Button.tsx:27:13)

    console.log
      [Button] All props: {}

      at log (src/components/ui/Button.tsx:28:13)

    console.log
      [Button] Rendering with type: submit

      at log (src/components/ui/Button.tsx:25:13)

    console.log
      [Button] Props received: {
        variant: 'primary',
        size: 'lg',
        type: 'submit',
        loading: false,
        disabled: false
      }

      at log (src/components/ui/Button.tsx:26:13)

    console.log
      [Button] Has onClick in props: false

      at log (src/components/ui/Button.tsx:27:13)

    console.log
      [Button] All props: {}

      at log (src/components/ui/Button.tsx:28:13)

    console.log
      [Button] Rendering with type: submit

      at log (src/components/ui/Button.tsx:25:13)

    console.log
      [Button] Props received: {
        variant: 'primary',
        size: 'lg',
        type: 'submit',
        loading: false,
        disabled: false
      }

      at log (src/components/ui/Button.tsx:26:13)

    console.log
      [Button] Has onClick in props: false

      at log (src/components/ui/Button.tsx:27:13)

    console.log
      [Button] All props: {}

      at log (src/components/ui/Button.tsx:28:13)

    console.log
      [Button] Rendering with type: submit

      at log (src/components/ui/Button.tsx:25:13)

    console.log
      [Button] Props received: {
        variant: 'primary',
        size: 'lg',
        type: 'submit',
        loading: false,
        disabled: false
      }

      at log (src/components/ui/Button.tsx:26:13)

    console.log
      [Button] Has onClick in props: false

      at log (src/components/ui/Button.tsx:27:13)

    console.log
      [Button] All props: {}

      at log (src/components/ui/Button.tsx:28:13)

    console.log
      [Button] Rendering with type: submit

      at log (src/components/ui/Button.tsx:25:13)

    console.log
      [Button] Props received: {
        variant: 'primary',
        size: 'lg',
        type: 'submit',
        loading: false,
        disabled: true
      }

      at log (src/components/ui/Button.tsx:26:13)

    console.log
      [Button] Has onClick in props: false

      at log (src/components/ui/Button.tsx:27:13)

    console.log
      [Button] All props: {}

      at log (src/components/ui/Button.tsx:28:13)

    console.log
      [Button] Rendering with type: submit

      at log (src/components/ui/Button.tsx:25:13)

    console.log
      [Button] Props received: {
        variant: 'primary',
        size: 'lg',
        type: 'submit',
        loading: false,
        disabled: true
      }

      at log (src/components/ui/Button.tsx:26:13)

    console.log
      [Button] Has onClick in props: false

      at log (src/components/ui/Button.tsx:27:13)

    console.log
      [Button] All props: {}

      at log (src/components/ui/Button.tsx:28:13)

    console.log
      [Button] Rendering with type: submit

      at log (src/components/ui/Button.tsx:25:13)

    console.log
      [Button] Props received: {
        variant: 'primary',
        size: 'lg',
        type: 'submit',
        loading: false,
        disabled: true
      }

      at log (src/components/ui/Button.tsx:26:13)

    console.log
      [Button] Has onClick in props: false

      at log (src/components/ui/Button.tsx:27:13)

    console.log
      [Button] All props: {}

      at log (src/components/ui/Button.tsx:28:13)

    console.log
      [Button] Rendering with type: submit

      at log (src/components/ui/Button.tsx:25:13)

    console.log
      [Button] Props received: {
        variant: 'primary',
        size: 'lg',
        type: 'submit',
        loading: false,
        disabled: false
      }

      at log (src/components/ui/Button.tsx:26:13)

    console.log
      [Button] Has onClick in props: false

      at log (src/components/ui/Button.tsx:27:13)

    console.log
      [Button] All props: {}

      at log (src/components/ui/Button.tsx:28:13)

    console.log
      [Button] Rendering with type: submit

      at log (src/components/ui/Button.tsx:25:13)

    console.log
      [Button] Props received: {
        variant: 'primary',
        size: 'lg',
        type: 'submit',
        loading: true,
        disabled: true
      }

      at log (src/components/ui/Button.tsx:26:13)

    console.log
      [Button] Has onClick in props: false

      at log (src/components/ui/Button.tsx:27:13)

    console.log
      [Button] All props: {}

      at log (src/components/ui/Button.tsx:28:13)

    console.log
      [Button] Rendering with type: submit

      at log (src/components/ui/Button.tsx:25:13)

    console.log
      [Button] Props received: {
        variant: 'primary',
        size: 'lg',
        type: 'submit',
        loading: false,
        disabled: true
      }

      at log (src/components/ui/Button.tsx:26:13)

    console.log
      [Button] Has onClick in props: false

      at log (src/components/ui/Button.tsx:27:13)

    console.log
      [Button] All props: {}

      at log (src/components/ui/Button.tsx:28:13)

    console.log
      [Button] Rendering with type: submit

      at log (src/components/ui/Button.tsx:25:13)

    console.log
      [Button] Props received: {
        variant: 'primary',
        size: 'lg',
        type: 'submit',
        loading: false,
        disabled: true
      }

      at log (src/components/ui/Button.tsx:26:13)

    console.log
      [Button] Has onClick in props: false

      at log (src/components/ui/Button.tsx:27:13)

    console.log
      [Button] All props: {}

      at log (src/components/ui/Button.tsx:28:13)

    console.log
      [Button] Rendering with type: submit

      at log (src/components/ui/Button.tsx:25:13)

    console.log
      [Button] Props received: {
        variant: 'primary',
        size: 'lg',
        type: 'submit',
        loading: true,
        disabled: true
      }

      at log (src/components/ui/Button.tsx:26:13)

    console.log
      [Button] Has onClick in props: false

      at log (src/components/ui/Button.tsx:27:13)

    console.log
      [Button] All props: {}

      at log (src/components/ui/Button.tsx:28:13)

    console.log
      [Button] Rendering with type: submit

      at log (src/components/ui/Button.tsx:25:13)

    console.log
      [Button] Props received: {
        variant: 'primary',
        size: 'lg',
        type: 'submit',
        loading: false,
        disabled: true
      }

      at log (src/components/ui/Button.tsx:26:13)

    console.log
      [Button] Has onClick in props: false

      at log (src/components/ui/Button.tsx:27:13)

    console.log
      [Button] All props: {}

      at log (src/components/ui/Button.tsx:28:13)

    console.log
      [Button] Rendering with type: submit

      at log (src/components/ui/Button.tsx:25:13)

    console.log
      [Button] Props received: {
        variant: 'primary',
        size: 'lg',
        type: 'submit',
        loading: false,
        disabled: false
      }

      at log (src/components/ui/Button.tsx:26:13)

    console.log
      [Button] Has onClick in props: false

      at log (src/components/ui/Button.tsx:27:13)

    console.log
      [Button] All props: {}

      at log (src/components/ui/Button.tsx:28:13)

    console.log
      [Button] Rendering with type: submit

      at log (src/components/ui/Button.tsx:25:13)

    console.log
      [Button] Props received: {
        variant: 'primary',
        size: 'lg',
        type: 'submit',
        loading: false,
        disabled: false
      }

      at log (src/components/ui/Button.tsx:26:13)

    console.log
      [Button] Has onClick in props: false

      at log (src/components/ui/Button.tsx:27:13)

    console.log
      [Button] All props: {}

      at log (src/components/ui/Button.tsx:28:13)

    console.log
      [Button] Rendering with type: submit

      at log (src/components/ui/Button.tsx:25:13)

    console.log
      [Button] Props received: {
        variant: 'primary',
        size: 'lg',
        type: 'submit',
        loading: false,
        disabled: true
      }

      at log (src/components/ui/Button.tsx:26:13)

    console.log
      [Button] Has onClick in props: false

      at log (src/components/ui/Button.tsx:27:13)

    console.log
      [Button] All props: {}

      at log (src/components/ui/Button.tsx:28:13)

    console.log
      [Button] Rendering with type: submit

      at log (src/components/ui/Button.tsx:25:13)

    console.log
      [Button] Props received: {
        variant: 'primary',
        size: 'lg',
        type: 'submit',
        loading: true,
        disabled: true
      }

      at log (src/components/ui/Button.tsx:26:13)

    console.log
      [Button] Has onClick in props: false

      at log (src/components/ui/Button.tsx:27:13)

    console.log
      [Button] All props: {}

      at log (src/components/ui/Button.tsx:28:13)

    console.log
      [Button] Rendering with type: submit

      at log (src/components/ui/Button.tsx:25:13)

    console.log
      [Button] Props received: {
        variant: 'primary',
        size: 'lg',
        type: 'submit',
        loading: true,
        disabled: true
      }

      at log (src/components/ui/Button.tsx:26:13)

    console.log
      [Button] Has onClick in props: false

      at log (src/components/ui/Button.tsx:27:13)

    console.log
      [Button] All props: {}

      at log (src/components/ui/Button.tsx:28:13)

    console.log
      [Button] Rendering with type: submit

      at log (src/components/ui/Button.tsx:25:13)

    console.log
      [Button] Props received: {
        variant: 'primary',
        size: 'lg',
        type: 'submit',
        loading: false,
        disabled: true
      }

      at log (src/components/ui/Button.tsx:26:13)

    console.log
      [Button] Has onClick in props: false

      at log (src/components/ui/Button.tsx:27:13)

    console.log
      [Button] All props: {}

      at log (src/components/ui/Button.tsx:28:13)

    console.log
      [Button] Rendering with type: submit

      at log (src/components/ui/Button.tsx:25:13)

    console.log
      [Button] Props received: {
        variant: 'primary',
        size: 'lg',
        type: 'submit',
        loading: true,
        disabled: true
      }

      at log (src/components/ui/Button.tsx:26:13)

    console.log
      [Button] Has onClick in props: false

      at log (src/components/ui/Button.tsx:27:13)

    console.log
      [Button] All props: {}

      at log (src/components/ui/Button.tsx:28:13)

    console.log
      [Button] Rendering with type: submit

      at log (src/components/ui/Button.tsx:25:13)

    console.log
      [Button] Props received: {
        variant: 'primary',
        size: 'lg',
        type: 'submit',
        loading: true,
        disabled: true
      }

      at log (src/components/ui/Button.tsx:26:13)

    console.log
      [Button] Has onClick in props: false

      at log (src/components/ui/Button.tsx:27:13)

    console.log
      [Button] All props: {}

      at log (src/components/ui/Button.tsx:28:13)

    console.log
      [Button] Rendering with type: submit

      at log (src/components/ui/Button.tsx:25:13)

    console.log
      [Button] Props received: {
        variant: 'primary',
        size: 'lg',
        type: 'submit',
        loading: false,
        disabled: false
      }

      at log (src/components/ui/Button.tsx:26:13)

    console.log
      [Button] Has onClick in props: false

      at log (src/components/ui/Button.tsx:27:13)

    console.log
      [Button] All props: {}

      at log (src/components/ui/Button.tsx:28:13)

    console.log
      [Button] Rendering with type: submit

      at log (src/components/ui/Button.tsx:25:13)

    console.log
      [Button] Props received: {
        variant: 'primary',
        size: 'lg',
        type: 'submit',
        loading: false,
        disabled: false
      }

      at log (src/components/ui/Button.tsx:26:13)

    console.log
      [Button] Has onClick in props: false

      at log (src/components/ui/Button.tsx:27:13)

    console.log
      [Button] All props: {}

      at log (src/components/ui/Button.tsx:28:13)

    console.log
      [Button] Rendering with type: submit

      at log (src/components/ui/Button.tsx:25:13)

    console.log
      [Button] Props received: {
        variant: 'primary',
        size: 'lg',
        type: 'submit',
        loading: true,
        disabled: true
      }

      at log (src/components/ui/Button.tsx:26:13)

    console.log
      [Button] Has onClick in props: false

      at log (src/components/ui/Button.tsx:27:13)

    console.log
      [Button] All props: {}

      at log (src/components/ui/Button.tsx:28:13)

    console.log
      [Button] Rendering with type: submit

      at log (src/components/ui/Button.tsx:25:13)

    console.log
      [Button] Props received: {
        variant: 'primary',
        size: 'lg',
        type: 'submit',
        loading: false,
        disabled: false
      }

      at log (src/components/ui/Button.tsx:26:13)

    console.log
      [Button] Has onClick in props: false

      at log (src/components/ui/Button.tsx:27:13)

    console.log
      [Button] All props: {}

      at log (src/components/ui/Button.tsx:28:13)

    console.log
      [Button] Rendering with type: submit

      at log (src/components/ui/Button.tsx:25:13)

    console.log
      [Button] Props received: {
        variant: 'primary',
        size: 'lg',
        type: 'submit',
        loading: true,
        disabled: true
      }

      at log (src/components/ui/Button.tsx:26:13)

    console.log
      [Button] Has onClick in props: false

      at log (src/components/ui/Button.tsx:27:13)

    console.log
      [Button] All props: {}

      at log (src/components/ui/Button.tsx:28:13)

    console.log
      [Button] Rendering with type: submit

      at log (src/components/ui/Button.tsx:25:13)

    console.log
      [Button] Props received: {
        variant: 'primary',
        size: 'lg',
        type: 'submit',
        loading: false,
        disabled: false
      }

      at log (src/components/ui/Button.tsx:26:13)

    console.log
      [Button] Has onClick in props: false

      at log (src/components/ui/Button.tsx:27:13)

    console.log
      [Button] All props: {}

      at log (src/components/ui/Button.tsx:28:13)

    console.log
      [Button] Rendering with type: submit

      at log (src/components/ui/Button.tsx:25:13)

    console.log
      [Button] Props received: {
        variant: 'primary',
        size: 'lg',
        type: 'submit',
        loading: true,
        disabled: true
      }

      at log (src/components/ui/Button.tsx:26:13)

    console.log
      [Button] Has onClick in props: false

      at log (src/components/ui/Button.tsx:27:13)

    console.log
      [Button] All props: {}

      at log (src/components/ui/Button.tsx:28:13)

    console.log
      [Button] Rendering with type: submit

      at log (src/components/ui/Button.tsx:25:13)

    console.log
      [Button] Props received: {
        variant: 'primary',
        size: 'lg',
        type: 'submit',
        loading: false,
        disabled: false
      }

      at log (src/components/ui/Button.tsx:26:13)

    console.log
      [Button] Has onClick in props: false

      at log (src/components/ui/Button.tsx:27:13)

    console.log
      [Button] All props: {}

      at log (src/components/ui/Button.tsx:28:13)

    console.log
      [Button] Rendering with type: submit

      at log (src/components/ui/Button.tsx:25:13)

    console.log
      [Button] Props received: {
        variant: 'primary',
        size: 'lg',
        type: 'submit',
        loading: false,
        disabled: true
      }

      at log (src/components/ui/Button.tsx:26:13)

    console.log
      [Button] Has onClick in props: false

      at log (src/components/ui/Button.tsx:27:13)

    console.log
      [Button] All props: {}

      at log (src/components/ui/Button.tsx:28:13)

    console.log
      [Button] Rendering with type: submit

      at log (src/components/ui/Button.tsx:25:13)

    console.log
      [Button] Props received: {
        variant: 'primary',
        size: 'lg',
        type: 'submit',
        loading: false,
        disabled: false
      }

      at log (src/components/ui/Button.tsx:26:13)

    console.log
      [Button] Has onClick in props: false

      at log (src/components/ui/Button.tsx:27:13)

    console.log
      [Button] All props: {}

      at log (src/components/ui/Button.tsx:28:13)

    console.log
      [Button] Rendering with type: submit

      at log (src/components/ui/Button.tsx:25:13)

    console.log
      [Button] Props received: {
        variant: 'primary',
        size: 'lg',
        type: 'submit',
        loading: true,
        disabled: true
      }

      at log (src/components/ui/Button.tsx:26:13)

    console.log
      [Button] Has onClick in props: false

      at log (src/components/ui/Button.tsx:27:13)

    console.log
      [Button] All props: {}

      at log (src/components/ui/Button.tsx:28:13)

    console.log
      [Button] Rendering with type: submit

      at log (src/components/ui/Button.tsx:25:13)

    console.log
      [Button] Props received: {
        variant: 'primary',
        size: 'lg',
        type: 'submit',
        loading: true,
        disabled: true
      }

      at log (src/components/ui/Button.tsx:26:13)

    console.log
      [Button] Has onClick in props: false

      at log (src/components/ui/Button.tsx:27:13)

    console.log
      [Button] All props: {}

      at log (src/components/ui/Button.tsx:28:13)

    console.log
      [Button] Rendering with type: submit

      at log (src/components/ui/Button.tsx:25:13)

    console.log
      [Button] Props received: {
        variant: 'primary',
        size: 'lg',
        type: 'submit',
        loading: false,
        disabled: true
      }

      at log (src/components/ui/Button.tsx:26:13)

    console.log
      [Button] Has onClick in props: false

      at log (src/components/ui/Button.tsx:27:13)

    console.log
      [Button] All props: {}

      at log (src/components/ui/Button.tsx:28:13)

    console.log
      [Button] Rendering with type: submit

      at log (src/components/ui/Button.tsx:25:13)

    console.log
      [Button] Props received: {
        variant: 'primary',
        size: 'lg',
        type: 'submit',
        loading: false,
        disabled: true
      }

      at log (src/components/ui/Button.tsx:26:13)

    console.log
      [Button] Has onClick in props: false

      at log (src/components/ui/Button.tsx:27:13)

    console.log
      [Button] All props: {}

      at log (src/components/ui/Button.tsx:28:13)

    console.log
      [Button] Rendering with type: submit

      at log (src/components/ui/Button.tsx:25:13)

    console.log
      [Button] Props received: {
        variant: 'primary',
        size: 'lg',
        type: 'submit',
        loading: false,
        disabled: true
      }

      at log (src/components/ui/Button.tsx:26:13)

    console.log
      [Button] Has onClick in props: false

      at log (src/components/ui/Button.tsx:27:13)

    console.log
      [Button] All props: {}

      at log (src/components/ui/Button.tsx:28:13)

    console.log
      [Button] Rendering with type: submit

      at log (src/components/ui/Button.tsx:25:13)

    console.log
      [Button] Props received: {
        variant: 'primary',
        size: 'lg',
        type: 'submit',
        loading: false,
        disabled: true
      }

      at log (src/components/ui/Button.tsx:26:13)

    console.log
      [Button] Has onClick in props: false

      at log (src/components/ui/Button.tsx:27:13)

    console.log
      [Button] All props: {}

      at log (src/components/ui/Button.tsx:28:13)

    console.log
      [Button] Rendering with type: submit

      at log (src/components/ui/Button.tsx:25:13)

    console.log
      [Button] Props received: {
        variant: 'primary',
        size: 'lg',
        type: 'submit',
        loading: false,
        disabled: false
      }

      at log (src/components/ui/Button.tsx:26:13)

    console.log
      [Button] Has onClick in props: false

      at log (src/components/ui/Button.tsx:27:13)

    console.log
      [Button] All props: {}

      at log (src/components/ui/Button.tsx:28:13)

    console.log
      [Button] Rendering with type: submit

      at log (src/components/ui/Button.tsx:25:13)

    console.log
      [Button] Props received: {
        variant: 'primary',
        size: 'lg',
        type: 'submit',
        loading: true,
        disabled: true
      }

      at log (src/components/ui/Button.tsx:26:13)

    console.log
      [Button] Has onClick in props: false

      at log (src/components/ui/Button.tsx:27:13)

    console.log
      [Button] All props: {}

      at log (src/components/ui/Button.tsx:28:13)

    console.log
      [Button] Rendering with type: submit

      at log (src/components/ui/Button.tsx:25:13)

    console.log
      [Button] Props received: {
        variant: 'primary',
        size: 'lg',
        type: 'submit',
        loading: true,
        disabled: true
      }

      at log (src/components/ui/Button.tsx:26:13)

    console.log
      [Button] Has onClick in props: false

      at log (src/components/ui/Button.tsx:27:13)

    console.log
      [Button] All props: {}

      at log (src/components/ui/Button.tsx:28:13)

    console.log
      [Button] Rendering with type: submit

      at log (src/components/ui/Button.tsx:25:13)

    console.log
      [Button] Props received: {
        variant: 'primary',
        size: 'lg',
        type: 'submit',
        loading: true,
        disabled: true
      }

      at log (src/components/ui/Button.tsx:26:13)

    console.log
      [Button] Has onClick in props: false

      at log (src/components/ui/Button.tsx:27:13)

    console.log
      [Button] All props: {}

      at log (src/components/ui/Button.tsx:28:13)

    console.log
      [Button] Rendering with type: submit

      at log (src/components/ui/Button.tsx:25:13)

    console.log
      [Button] Props received: {
        variant: 'primary',
        size: 'lg',
        type: 'submit',
        loading: true,
        disabled: true
      }

      at log (src/components/ui/Button.tsx:26:13)

    console.log
      [Button] Has onClick in props: false

      at log (src/components/ui/Button.tsx:27:13)

    console.log
      [Button] All props: {}

      at log (src/components/ui/Button.tsx:28:13)

    console.log
      [Button] Rendering with type: submit

      at log (src/components/ui/Button.tsx:25:13)

    console.log
      [Button] Props received: {
        variant: 'primary',
        size: 'lg',
        type: 'submit',
        loading: false,
        disabled: true
      }

      at log (src/components/ui/Button.tsx:26:13)

    console.log
      [Button] Has onClick in props: false

      at log (src/components/ui/Button.tsx:27:13)

    console.log
      [Button] All props: {}

      at log (src/components/ui/Button.tsx:28:13)

    console.log
      [Button] Rendering with type: submit

      at log (src/components/ui/Button.tsx:25:13)

    console.log
      [Button] Props received: {
        variant: 'primary',
        size: 'lg',
        type: 'submit',
        loading: true,
        disabled: true
      }

      at log (src/components/ui/Button.tsx:26:13)

    console.log
      [Button] Has onClick in props: false

      at log (src/components/ui/Button.tsx:27:13)

    console.log
      [Button] All props: {}

      at log (src/components/ui/Button.tsx:28:13)

    console.log
      [Button] Rendering with type: submit

      at log (src/components/ui/Button.tsx:25:13)

    console.log
      [Button] Props received: {
        variant: 'primary',
        size: 'lg',
        type: 'submit',
        loading: false,
        disabled: false
      }

      at log (src/components/ui/Button.tsx:26:13)

    console.log
      [Button] Has onClick in props: false

      at log (src/components/ui/Button.tsx:27:13)

    console.log
      [Button] All props: {}

      at log (src/components/ui/Button.tsx:28:13)

    console.log
      [Button] Rendering with type: submit

      at log (src/components/ui/Button.tsx:25:13)

    console.log
      [Button] Props received: {
        variant: 'primary',
        size: 'lg',
        type: 'submit',
        loading: false,
        disabled: false
      }

      at log (src/components/ui/Button.tsx:26:13)

    console.log
      [Button] Has onClick in props: false

      at log (src/components/ui/Button.tsx:27:13)

    console.log
      [Button] All props: {}

      at log (src/components/ui/Button.tsx:28:13)

    console.log
      [Button] Rendering with type: submit

      at log (src/components/ui/Button.tsx:25:13)

    console.log
      [Button] Props received: {
        variant: 'primary',
        size: 'lg',
        type: 'submit',
        loading: false,
        disabled: true
      }

      at log (src/components/ui/Button.tsx:26:13)

    console.log
      [Button] Has onClick in props: false

      at log (src/components/ui/Button.tsx:27:13)

    console.log
      [Button] All props: {}

      at log (src/components/ui/Button.tsx:28:13)

    console.log
      [Button] Rendering with type: submit

      at log (src/components/ui/Button.tsx:25:13)

    console.log
      [Button] Props received: {
        variant: 'primary',
        size: 'lg',
        type: 'submit',
        loading: true,
        disabled: true
      }

      at log (src/components/ui/Button.tsx:26:13)

    console.log
      [Button] Has onClick in props: false

      at log (src/components/ui/Button.tsx:27:13)

    console.log
      [Button] All props: {}

      at log (src/components/ui/Button.tsx:28:13)

    console.log
      [Button] Rendering with type: submit

      at log (src/components/ui/Button.tsx:25:13)

    console.log
      [Button] Props received: {
        variant: 'primary',
        size: 'lg',
        type: 'submit',
        loading: false,
        disabled: true
      }

      at log (src/components/ui/Button.tsx:26:13)

    console.log
      [Button] Has onClick in props: false

      at log (src/components/ui/Button.tsx:27:13)

    console.log
      [Button] All props: {}

      at log (src/components/ui/Button.tsx:28:13)

    console.log
      [Button] Rendering with type: submit

      at log (src/components/ui/Button.tsx:25:13)

    console.log
      [Button] Props received: {
        variant: 'primary',
        size: 'lg',
        type: 'submit',
        loading: false,
        disabled: true
      }

      at log (src/components/ui/Button.tsx:26:13)

    console.log
      [Button] Has onClick in props: false

      at log (src/components/ui/Button.tsx:27:13)

    console.log
      [Button] All props: {}

      at log (src/components/ui/Button.tsx:28:13)

    console.log
      [Button] Rendering with type: submit

      at log (src/components/ui/Button.tsx:25:13)

    console.log
      [Button] Props received: {
        variant: 'primary',
        size: 'lg',
        type: 'submit',
        loading: true,
        disabled: true
      }

      at log (src/components/ui/Button.tsx:26:13)

    console.log
      [Button] Has onClick in props: false

      at log (src/components/ui/Button.tsx:27:13)

    console.log
      [Button] All props: {}

      at log (src/components/ui/Button.tsx:28:13)

    console.log
      [Button] Rendering with type: submit

      at log (src/components/ui/Button.tsx:25:13)

    console.log
      [Button] Props received: {
        variant: 'primary',
        size: 'lg',
        type: 'submit',
        loading: true,
        disabled: true
      }

      at log (src/components/ui/Button.tsx:26:13)

    console.log
      [Button] Has onClick in props: false

      at log (src/components/ui/Button.tsx:27:13)

    console.log
      [Button] All props: {}

      at log (src/components/ui/Button.tsx:28:13)

    console.log
      [Button] Rendering with type: submit

      at log (src/components/ui/Button.tsx:25:13)

    console.log
      [Button] Props received: {
        variant: 'primary',
        size: 'lg',
        type: 'submit',
        loading: false,
        disabled: false
      }

      at log (src/components/ui/Button.tsx:26:13)

    console.log
      [Button] Has onClick in props: false

      at log (src/components/ui/Button.tsx:27:13)

    console.log
      [Button] All props: {}

      at log (src/components/ui/Button.tsx:28:13)

    console.log
      [Button] Rendering with type: submit

      at log (src/components/ui/Button.tsx:25:13)

    console.log
      [Button] Props received: {
        variant: 'primary',
        size: 'lg',
        type: 'submit',
        loading: false,
        disabled: false
      }

      at log (src/components/ui/Button.tsx:26:13)

    console.log
      [Button] Has onClick in props: false

      at log (src/components/ui/Button.tsx:27:13)

    console.log
      [Button] All props: {}

      at log (src/components/ui/Button.tsx:28:13)

    console.log
      [Button] Rendering with type: submit

      at log (src/components/ui/Button.tsx:25:13)

    console.log
      [Button] Props received: {
        variant: 'primary',
        size: 'lg',
        type: 'submit',
        loading: false,
        disabled: false
      }

      at log (src/components/ui/Button.tsx:26:13)

    console.log
      [Button] Has onClick in props: false

      at log (src/components/ui/Button.tsx:27:13)

    console.log
      [Button] All props: {}

      at log (src/components/ui/Button.tsx:28:13)

    console.log
      [Button] Rendering with type: submit

      at log (src/components/ui/Button.tsx:25:13)

    console.log
      [Button] Props received: {
        variant: 'primary',
        size: 'lg',
        type: 'submit',
        loading: false,
        disabled: true
      }

      at log (src/components/ui/Button.tsx:26:13)

    console.log
      [Button] Has onClick in props: false

      at log (src/components/ui/Button.tsx:27:13)

    console.log
      [Button] All props: {}

      at log (src/components/ui/Button.tsx:28:13)

    console.log
      [Button] Rendering with type: submit

      at log (src/components/ui/Button.tsx:25:13)

    console.log
      [Button] Props received: {
        variant: 'primary',
        size: 'lg',
        type: 'submit',
        loading: true,
        disabled: true
      }

      at log (src/components/ui/Button.tsx:26:13)

    console.log
      [Button] Has onClick in props: false

      at log (src/components/ui/Button.tsx:27:13)

    console.log
      [Button] All props: {}

      at log (src/components/ui/Button.tsx:28:13)

    console.log
      [Button] Rendering with type: submit

      at log (src/components/ui/Button.tsx:25:13)

    console.log
      [Button] Props received: {
        variant: 'primary',
        size: 'lg',
        type: 'submit',
        loading: true,
        disabled: true
      }

      at log (src/components/ui/Button.tsx:26:13)

    console.log
      [Button] Has onClick in props: false

      at log (src/components/ui/Button.tsx:27:13)

    console.log
      [Button] All props: {}

      at log (src/components/ui/Button.tsx:28:13)

    console.log
      [Button] Rendering with type: submit

      at log (src/components/ui/Button.tsx:25:13)

    console.log
      [Button] Props received: {
        variant: 'primary',
        size: 'lg',
        type: 'submit',
        loading: false,
        disabled: false
      }

      at log (src/components/ui/Button.tsx:26:13)

    console.log
      [Button] Has onClick in props: false

      at log (src/components/ui/Button.tsx:27:13)

    console.log
      [Button] All props: {}

      at log (src/components/ui/Button.tsx:28:13)

    console.log
      [Button] Rendering with type: submit

      at log (src/components/ui/Button.tsx:25:13)

    console.log
      [Button] Props received: {
        variant: 'primary',
        size: 'lg',
        type: 'submit',
        loading: false,
        disabled: false
      }

      at log (src/components/ui/Button.tsx:26:13)

    console.log
      [Button] Has onClick in props: false

      at log (src/components/ui/Button.tsx:27:13)

    console.log
      [Button] All props: {}

      at log (src/components/ui/Button.tsx:28:13)

    console.log
      [Button] Rendering with type: submit

      at log (src/components/ui/Button.tsx:25:13)

    console.log
      [Button] Props received: {
        variant: 'primary',
        size: 'lg',
        type: 'submit',
        loading: true,
        disabled: true
      }

      at log (src/components/ui/Button.tsx:26:13)

    console.log
      [Button] Has onClick in props: false

      at log (src/components/ui/Button.tsx:27:13)

    console.log
      [Button] All props: {}

      at log (src/components/ui/Button.tsx:28:13)

    console.log
      [Button] Rendering with type: submit

      at log (src/components/ui/Button.tsx:25:13)

    console.log
      [Button] Props received: {
        variant: 'primary',
        size: 'lg',
        type: 'submit',
        loading: false,
        disabled: true
      }

      at log (src/components/ui/Button.tsx:26:13)

    console.log
      [Button] Has onClick in props: false

      at log (src/components/ui/Button.tsx:27:13)

    console.log
      [Button] All props: {}

      at log (src/components/ui/Button.tsx:28:13)

    console.log
      [Button] Rendering with type: submit

      at log (src/components/ui/Button.tsx:25:13)

    console.log
      [Button] Props received: {
        variant: 'primary',
        size: 'lg',
        type: 'submit',
        loading: true,
        disabled: true
      }

      at log (src/components/ui/Button.tsx:26:13)

    console.log
      [Button] Has onClick in props: false

      at log (src/components/ui/Button.tsx:27:13)

    console.log
      [Button] All props: {}

      at log (src/components/ui/Button.tsx:28:13)

    console.log
      [Button] Rendering with type: submit

      at log (src/components/ui/Button.tsx:25:13)

    console.log
      [Button] Props received: {
        variant: 'primary',
        size: 'lg',
        type: 'submit',
        loading: false,
        disabled: false
      }

      at log (src/components/ui/Button.tsx:26:13)

    console.log
      [Button] Has onClick in props: false

      at log (src/components/ui/Button.tsx:27:13)

    console.log
      [Button] All props: {}

      at log (src/components/ui/Button.tsx:28:13)

    console.log
      [Button] Rendering with type: submit

      at log (src/components/ui/Button.tsx:25:13)

    console.log
      [Button] Props received: {
        variant: 'primary',
        size: 'lg',
        type: 'submit',
        loading: false,
        disabled: false
      }

      at log (src/components/ui/Button.tsx:26:13)

    console.log
      [Button] Has onClick in props: false

      at log (src/components/ui/Button.tsx:27:13)

    console.log
      [Button] All props: {}

      at log (src/components/ui/Button.tsx:28:13)

    console.log
      [Button] Rendering with type: submit

      at log (src/components/ui/Button.tsx:25:13)

    console.log
      [Button] Props received: {
        variant: 'primary',
        size: 'lg',
        type: 'submit',
        loading: true,
        disabled: true
      }

      at log (src/components/ui/Button.tsx:26:13)

    console.log
      [Button] Has onClick in props: false

      at log (src/components/ui/Button.tsx:27:13)

    console.log
      [Button] All props: {}

      at log (src/components/ui/Button.tsx:28:13)

    console.log
      [Button] Rendering with type: submit

      at log (src/components/ui/Button.tsx:25:13)

    console.log
      [Button] Props received: {
        variant: 'primary',
        size: 'lg',
        type: 'submit',
        loading: false,
        disabled: false
      }

      at log (src/components/ui/Button.tsx:26:13)

    console.log
      [Button] Has onClick in props: false

      at log (src/components/ui/Button.tsx:27:13)

    console.log
      [Button] All props: {}

      at log (src/components/ui/Button.tsx:28:13)

    console.log
      [Button] Rendering with type: submit

      at log (src/components/ui/Button.tsx:25:13)

    console.log
      [Button] Props received: {
        variant: 'primary',
        size: 'lg',
        type: 'submit',
        loading: false,
        disabled: false
      }

      at log (src/components/ui/Button.tsx:26:13)

    console.log
      [Button] Has onClick in props: false

      at log (src/components/ui/Button.tsx:27:13)

    console.log
      [Button] All props: {}

      at log (src/components/ui/Button.tsx:28:13)

    console.log
      [Button] Rendering with type: submit

      at log (src/components/ui/Button.tsx:25:13)

    console.log
      [Button] Props received: {
        variant: 'primary',
        size: 'lg',
        type: 'submit',
        loading: false,
        disabled: false
      }

      at log (src/components/ui/Button.tsx:26:13)

    console.log
      [Button] Has onClick in props: false

      at log (src/components/ui/Button.tsx:27:13)

    console.log
      [Button] All props: {}

      at log (src/components/ui/Button.tsx:28:13)

    console.log
      [Button] Rendering with type: submit

      at log (src/components/ui/Button.tsx:25:13)

    console.log
      [Button] Props received: {
        variant: 'primary',
        size: 'lg',
        type: 'submit',
        loading: false,
        disabled: false
      }

      at log (src/components/ui/Button.tsx:26:13)

    console.log
      [Button] Has onClick in props: false

      at log (src/components/ui/Button.tsx:27:13)

    console.log
      [Button] All props: {}

      at log (src/components/ui/Button.tsx:28:13)

    console.log
      [Button] Rendering with type: submit

      at log (src/components/ui/Button.tsx:25:13)

    console.log
      [Button] Props received: {
        variant: 'primary',
        size: 'lg',
        type: 'submit',
        loading: false,
        disabled: false
      }

      at log (src/components/ui/Button.tsx:26:13)

    console.log
      [Button] Has onClick in props: false

      at log (src/components/ui/Button.tsx:27:13)

    console.log
      [Button] All props: {}

      at log (src/components/ui/Button.tsx:28:13)

    console.log
      [Button] Rendering with type: submit

      at log (src/components/ui/Button.tsx:25:13)

    console.log
      [Button] Props received: {
        variant: 'primary',
        size: 'lg',
        type: 'submit',
        loading: false,
        disabled: false
      }

      at log (src/components/ui/Button.tsx:26:13)

    console.log
      [Button] Has onClick in props: false

      at log (src/components/ui/Button.tsx:27:13)

    console.log
      [Button] All props: {}

      at log (src/components/ui/Button.tsx:28:13)

    console.log
      [Button] Rendering with type: submit

      at log (src/components/ui/Button.tsx:25:13)

    console.log
      [Button] Props received: {
        variant: 'primary',
        size: 'lg',
        type: 'submit',
        loading: false,
        disabled: false
      }

      at log (src/components/ui/Button.tsx:26:13)

    console.log
      [Button] Has onClick in props: false

      at log (src/components/ui/Button.tsx:27:13)

    console.log
      [Button] All props: {}

      at log (src/components/ui/Button.tsx:28:13)

    console.log
      [Button] Rendering with type: submit

      at log (src/components/ui/Button.tsx:25:13)

    console.log
      [Button] Props received: {
        variant: 'primary',
        size: 'lg',
        type: 'submit',
        loading: false,
        disabled: false
      }

      at log (src/components/ui/Button.tsx:26:13)

    console.log
      [Button] Has onClick in props: false

      at log (src/components/ui/Button.tsx:27:13)

    console.log
      [Button] All props: {}

      at log (src/components/ui/Button.tsx:28:13)

    console.log
      [Button] Rendering with type: submit

      at log (src/components/ui/Button.tsx:25:13)

    console.log
      [Button] Props received: {
        variant: 'primary',
        size: 'lg',
        type: 'submit',
        loading: false,
        disabled: false
      }

      at log (src/components/ui/Button.tsx:26:13)

    console.log
      [Button] Has onClick in props: false

      at log (src/components/ui/Button.tsx:27:13)

    console.log
      [Button] All props: {}

      at log (src/components/ui/Button.tsx:28:13)

    console.log
      [Button] Rendering with type: submit

      at log (src/components/ui/Button.tsx:25:13)

    console.log
      [Button] Props received: {
        variant: 'primary',
        size: 'lg',
        type: 'submit',
        loading: false,
        disabled: false
      }

      at log (src/components/ui/Button.tsx:26:13)

    console.log
      [Button] Has onClick in props: false

      at log (src/components/ui/Button.tsx:27:13)

    console.log
      [Button] All props: {}

      at log (src/components/ui/Button.tsx:28:13)

    console.log
      [Button] Rendering with type: submit

      at log (src/components/ui/Button.tsx:25:13)

    console.log
      [Button] Props received: {
        variant: 'primary',
        size: 'lg',
        type: 'submit',
        loading: false,
        disabled: false
      }

      at log (src/components/ui/Button.tsx:26:13)

    console.log
      [Button] Has onClick in props: false

      at log (src/components/ui/Button.tsx:27:13)

    console.log
      [Button] All props: {}

      at log (src/components/ui/Button.tsx:28:13)

    console.log
      [Button] Rendering with type: submit

      at log (src/components/ui/Button.tsx:25:13)

    console.log
      [Button] Props received: {
        variant: 'primary',
        size: 'lg',
        type: 'submit',
        loading: false,
        disabled: false
      }

      at log (src/components/ui/Button.tsx:26:13)

    console.log
      [Button] Has onClick in props: false

      at log (src/components/ui/Button.tsx:27:13)

    console.log
      [Button] All props: {}

      at log (src/components/ui/Button.tsx:28:13)

    console.log
      [Button] Rendering with type: submit

      at log (src/components/ui/Button.tsx:25:13)

    console.log
      [Button] Props received: {
        variant: 'primary',
        size: 'lg',
        type: 'submit',
        loading: false,
        disabled: false
      }

      at log (src/components/ui/Button.tsx:26:13)

    console.log
      [Button] Has onClick in props: false

      at log (src/components/ui/Button.tsx:27:13)

    console.log
      [Button] All props: {}

      at log (src/components/ui/Button.tsx:28:13)

    console.log
      [Button] Rendering with type: submit

      at log (src/components/ui/Button.tsx:25:13)

    console.log
      [Button] Props received: {
        variant: 'primary',
        size: 'lg',
        type: 'submit',
        loading: false,
        disabled: false
      }

      at log (src/components/ui/Button.tsx:26:13)

    console.log
      [Button] Has onClick in props: false

      at log (src/components/ui/Button.tsx:27:13)

    console.log
      [Button] All props: {}

      at log (src/components/ui/Button.tsx:28:13)

    console.log
      [Button] Rendering with type: submit

      at log (src/components/ui/Button.tsx:25:13)

    console.log
      [Button] Props received: {
        variant: 'primary',
        size: 'lg',
        type: 'submit',
        loading: false,
        disabled: false
      }

      at log (src/components/ui/Button.tsx:26:13)

    console.log
      [Button] Has onClick in props: false

      at log (src/components/ui/Button.tsx:27:13)

    console.log
      [Button] All props: {}

      at log (src/components/ui/Button.tsx:28:13)

    console.log
      [Button] Rendering with type: submit

      at log (src/components/ui/Button.tsx:25:13)

    console.log
      [Button] Props received: {
        variant: 'primary',
        size: 'lg',
        type: 'submit',
        loading: false,
        disabled: false
      }

      at log (src/components/ui/Button.tsx:26:13)

    console.log
      [Button] Has onClick in props: false

      at log (src/components/ui/Button.tsx:27:13)

    console.log
      [Button] All props: {}

      at log (src/components/ui/Button.tsx:28:13)

    console.log
      [Button] Rendering with type: submit

      at log (src/components/ui/Button.tsx:25:13)

    console.log
      [Button] Props received: {
        variant: 'primary',
        size: 'lg',
        type: 'submit',
        loading: false,
        disabled: false
      }

      at log (src/components/ui/Button.tsx:26:13)

    console.log
      [Button] Has onClick in props: false

      at log (src/components/ui/Button.tsx:27:13)

    console.log
      [Button] All props: {}

      at log (src/components/ui/Button.tsx:28:13)

    console.log
      [Button] Rendering with type: submit

      at log (src/components/ui/Button.tsx:25:13)

    console.log
      [Button] Props received: {
        variant: 'primary',
        size: 'lg',
        type: 'submit',
        loading: false,
        disabled: false
      }

      at log (src/components/ui/Button.tsx:26:13)

    console.log
      [Button] Has onClick in props: false

      at log (src/components/ui/Button.tsx:27:13)

    console.log
      [Button] All props: {}

      at log (src/components/ui/Button.tsx:28:13)

    console.log
      [Button] Rendering with type: submit

      at log (src/components/ui/Button.tsx:25:13)

    console.log
      [Button] Props received: {
        variant: 'primary',
        size: 'lg',
        type: 'submit',
        loading: false,
        disabled: false
      }

      at log (src/components/ui/Button.tsx:26:13)

    console.log
      [Button] Has onClick in props: false

      at log (src/components/ui/Button.tsx:27:13)

    console.log
      [Button] All props: {}

      at log (src/components/ui/Button.tsx:28:13)

    console.log
      [Button] Rendering with type: submit

      at log (src/components/ui/Button.tsx:25:13)

    console.log
      [Button] Props received: {
        variant: 'primary',
        size: 'lg',
        type: 'submit',
        loading: false,
        disabled: false
      }

      at log (src/components/ui/Button.tsx:26:13)

    console.log
      [Button] Has onClick in props: false

      at log (src/components/ui/Button.tsx:27:13)

    console.log
      [Button] All props: {}

      at log (src/components/ui/Button.tsx:28:13)

    console.log
      [Button] Rendering with type: submit

      at log (src/components/ui/Button.tsx:25:13)

    console.log
      [Button] Props received: {
        variant: 'primary',
        size: 'lg',
        type: 'submit',
        loading: false,
        disabled: false
      }

      at log (src/components/ui/Button.tsx:26:13)

    console.log
      [Button] Has onClick in props: false

      at log (src/components/ui/Button.tsx:27:13)

    console.log
      [Button] All props: {}

      at log (src/components/ui/Button.tsx:28:13)

    console.log
      [Button] Rendering with type: submit

      at log (src/components/ui/Button.tsx:25:13)

    console.log
      [Button] Props received: {
        variant: 'primary',
        size: 'lg',
        type: 'submit',
        loading: false,
        disabled: false
      }

      at log (src/components/ui/Button.tsx:26:13)

    console.log
      [Button] Has onClick in props: false

      at log (src/components/ui/Button.tsx:27:13)

    console.log
      [Button] All props: {}

      at log (src/components/ui/Button.tsx:28:13)

    console.log
      [Button] Rendering with type: submit

      at log (src/components/ui/Button.tsx:25:13)

    console.log
      [Button] Props received: {
        variant: 'primary',
        size: 'lg',
        type: 'submit',
        loading: false,
        disabled: false
      }

      at log (src/components/ui/Button.tsx:26:13)

    console.log
      [Button] Has onClick in props: false

      at log (src/components/ui/Button.tsx:27:13)

    console.log
      [Button] All props: {}

      at log (src/components/ui/Button.tsx:28:13)

    console.log
      [Button] Rendering with type: submit

      at log (src/components/ui/Button.tsx:25:13)

    console.log
      [Button] Props received: {
        variant: 'primary',
        size: 'lg',
        type: 'submit',
        loading: false,
        disabled: false
      }

      at log (src/components/ui/Button.tsx:26:13)

    console.log
      [Button] Has onClick in props: false

      at log (src/components/ui/Button.tsx:27:13)

    console.log
      [Button] All props: {}

      at log (src/components/ui/Button.tsx:28:13)

    console.log
      [Button] Rendering with type: submit

      at log (src/components/ui/Button.tsx:25:13)

    console.log
      [Button] Props received: {
        variant: 'primary',
        size: 'lg',
        type: 'submit',
        loading: false,
        disabled: false
      }

      at log (src/components/ui/Button.tsx:26:13)

    console.log
      [Button] Has onClick in props: false

      at log (src/components/ui/Button.tsx:27:13)

    console.log
      [Button] All props: {}

      at log (src/components/ui/Button.tsx:28:13)

    console.log
      [Button] Rendering with type: submit

      at log (src/components/ui/Button.tsx:25:13)

    console.log
      [Button] Props received: {
        variant: 'primary',
        size: 'lg',
        type: 'submit',
        loading: false,
        disabled: false
      }

      at log (src/components/ui/Button.tsx:26:13)

    console.log
      [Button] Has onClick in props: false

      at log (src/components/ui/Button.tsx:27:13)

    console.log
      [Button] All props: {}

      at log (src/components/ui/Button.tsx:28:13)

    console.log
      [Button] Rendering with type: submit

      at log (src/components/ui/Button.tsx:25:13)

    console.log
      [Button] Props received: {
        variant: 'primary',
        size: 'lg',
        type: 'submit',
        loading: false,
        disabled: false
      }

      at log (src/components/ui/Button.tsx:26:13)

    console.log
      [Button] Has onClick in props: false

      at log (src/components/ui/Button.tsx:27:13)

    console.log
      [Button] All props: {}

      at log (src/components/ui/Button.tsx:28:13)

    console.log
      [Button] Rendering with type: submit

      at log (src/components/ui/Button.tsx:25:13)

    console.log
      [Button] Props received: {
        variant: 'primary',
        size: 'lg',
        type: 'submit',
        loading: false,
        disabled: false
      }

      at log (src/components/ui/Button.tsx:26:13)

    console.log
      [Button] Has onClick in props: false

      at log (src/components/ui/Button.tsx:27:13)

    console.log
      [Button] All props: {}

      at log (src/components/ui/Button.tsx:28:13)

    console.log
      [Button] Rendering with type: submit

      at log (src/components/ui/Button.tsx:25:13)

    console.log
      [Button] Props received: {
        variant: 'primary',
        size: 'lg',
        type: 'submit',
        loading: false,
        disabled: false
      }

      at log (src/components/ui/Button.tsx:26:13)

    console.log
      [Button] Has onClick in props: false

      at log (src/components/ui/Button.tsx:27:13)

    console.log
      [Button] All props: {}

      at log (src/components/ui/Button.tsx:28:13)

    console.log
      [Button] Rendering with type: submit

      at log (src/components/ui/Button.tsx:25:13)

    console.log
      [Button] Props received: {
        variant: 'primary',
        size: 'lg',
        type: 'submit',
        loading: false,
        disabled: false
      }

      at log (src/components/ui/Button.tsx:26:13)

    console.log
      [Button] Has onClick in props: false

      at log (src/components/ui/Button.tsx:27:13)

    console.log
      [Button] All props: {}

      at log (src/components/ui/Button.tsx:28:13)

    console.log
      [Button] Rendering with type: submit

      at log (src/components/ui/Button.tsx:25:13)

    console.log
      [Button] Props received: {
        variant: 'primary',
        size: 'lg',
        type: 'submit',
        loading: false,
        disabled: false
      }

      at log (src/components/ui/Button.tsx:26:13)

    console.log
      [Button] Has onClick in props: false

      at log (src/components/ui/Button.tsx:27:13)

    console.log
      [Button] All props: {}

      at log (src/components/ui/Button.tsx:28:13)

    console.log
      [Button] Rendering with type: submit

      at log (src/components/ui/Button.tsx:25:13)

    console.log
      [Button] Props received: {
        variant: 'primary',
        size: 'lg',
        type: 'submit',
        loading: false,
        disabled: false
      }

      at log (src/components/ui/Button.tsx:26:13)

    console.log
      [Button] Has onClick in props: false

      at log (src/components/ui/Button.tsx:27:13)

    console.log
      [Button] All props: {}

      at log (src/components/ui/Button.tsx:28:13)

    console.log
      [Button] Rendering with type: submit

      at log (src/components/ui/Button.tsx:25:13)

    console.log
      [Button] Props received: {
        variant: 'primary',
        size: 'lg',
        type: 'submit',
        loading: false,
        disabled: false
      }

      at log (src/components/ui/Button.tsx:26:13)

    console.log
      [Button] Has onClick in props: false

      at log (src/components/ui/Button.tsx:27:13)

    console.log
      [Button] All props: {}

      at log (src/components/ui/Button.tsx:28:13)

    console.log
      [Button] Rendering with type: submit

      at log (src/components/ui/Button.tsx:25:13)

    console.log
      [Button] Props received: {
        variant: 'primary',
        size: 'lg',
        type: 'submit',
        loading: false,
        disabled: false
      }

      at log (src/components/ui/Button.tsx:26:13)

    console.log
      [Button] Has onClick in props: false

      at log (src/components/ui/Button.tsx:27:13)

    console.log
      [Button] All props: {}

      at log (src/components/ui/Button.tsx:28:13)

    console.log
      [Button] Rendering with type: submit

      at log (src/components/ui/Button.tsx:25:13)

    console.log
      [Button] Props received: {
        variant: 'primary',
        size: 'lg',
        type: 'submit',
        loading: false,
        disabled: false
      }

      at log (src/components/ui/Button.tsx:26:13)

    console.log
      [Button] Has onClick in props: false

      at log (src/components/ui/Button.tsx:27:13)

    console.log
      [Button] All props: {}

      at log (src/components/ui/Button.tsx:28:13)

    console.log
      [Button] Rendering with type: submit

      at log (src/components/ui/Button.tsx:25:13)

    console.log
      [Button] Props received: {
        variant: 'primary',
        size: 'lg',
        type: 'submit',
        loading: false,
        disabled: false
      }

      at log (src/components/ui/Button.tsx:26:13)

    console.log
      [Button] Has onClick in props: false

      at log (src/components/ui/Button.tsx:27:13)

    console.log
      [Button] All props: {}

      at log (src/components/ui/Button.tsx:28:13)

    console.log
      [Button] Rendering with type: submit

      at log (src/components/ui/Button.tsx:25:13)

    console.log
      [Button] Props received: {
        variant: 'primary',
        size: 'lg',
        type: 'submit',
        loading: false,
        disabled: false
      }

      at log (src/components/ui/Button.tsx:26:13)

    console.log
      [Button] Has onClick in props: false

      at log (src/components/ui/Button.tsx:27:13)

    console.log
      [Button] All props: {}

      at log (src/components/ui/Button.tsx:28:13)

    console.log
      [Button] Rendering with type: submit

      at log (src/components/ui/Button.tsx:25:13)

    console.log
      [Button] Props received: {
        variant: 'primary',
        size: 'lg',
        type: 'submit',
        loading: false,
        disabled: false
      }

      at log (src/components/ui/Button.tsx:26:13)

    console.log
      [Button] Has onClick in props: false

      at log (src/components/ui/Button.tsx:27:13)

    console.log
      [Button] All props: {}

      at log (src/components/ui/Button.tsx:28:13)

    console.log
      [Button] Rendering with type: submit

      at log (src/components/ui/Button.tsx:25:13)

    console.log
      [Button] Props received: {
        variant: 'primary',
        size: 'lg',
        type: 'submit',
        loading: false,
        disabled: false
      }

      at log (src/components/ui/Button.tsx:26:13)

    console.log
      [Button] Has onClick in props: false

      at log (src/components/ui/Button.tsx:27:13)

    console.log
      [Button] All props: {}

      at log (src/components/ui/Button.tsx:28:13)

    console.log
      [Button] Rendering with type: submit

      at log (src/components/ui/Button.tsx:25:13)

    console.log
      [Button] Props received: {
        variant: 'primary',
        size: 'lg',
        type: 'submit',
        loading: false,
        disabled: false
      }

      at log (src/components/ui/Button.tsx:26:13)

    console.log
      [Button] Has onClick in props: false

      at log (src/components/ui/Button.tsx:27:13)

    console.log
      [Button] All props: {}

      at log (src/components/ui/Button.tsx:28:13)

    console.log
      [Button] Rendering with type: submit

      at log (src/components/ui/Button.tsx:25:13)

    console.log
      [Button] Props received: {
        variant: 'primary',
        size: 'lg',
        type: 'submit',
        loading: false,
        disabled: false
      }

      at log (src/components/ui/Button.tsx:26:13)

    console.log
      [Button] Has onClick in props: false

      at log (src/components/ui/Button.tsx:27:13)

    console.log
      [Button] All props: {}

      at log (src/components/ui/Button.tsx:28:13)

    console.log
      [Button] Rendering with type: submit

      at log (src/components/ui/Button.tsx:25:13)

    console.log
      [Button] Props received: {
        variant: 'primary',
        size: 'lg',
        type: 'submit',
        loading: false,
        disabled: false
      }

      at log (src/components/ui/Button.tsx:26:13)

    console.log
      [Button] Has onClick in props: false

      at log (src/components/ui/Button.tsx:27:13)

    console.log
      [Button] All props: {}

      at log (src/components/ui/Button.tsx:28:13)

    console.log
      [Button] Rendering with type: submit

      at log (src/components/ui/Button.tsx:25:13)

    console.log
      [Button] Props received: {
        variant: 'primary',
        size: 'lg',
        type: 'submit',
        loading: false,
        disabled: false
      }

      at log (src/components/ui/Button.tsx:26:13)

    console.log
      [Button] Has onClick in props: false

      at log (src/components/ui/Button.tsx:27:13)

    console.log
      [Button] All props: {}

      at log (src/components/ui/Button.tsx:28:13)

    console.log
      [Button] Rendering with type: submit

      at log (src/components/ui/Button.tsx:25:13)

    console.log
      [Button] Props received: {
        variant: 'primary',
        size: 'lg',
        type: 'submit',
        loading: false,
        disabled: false
      }

      at log (src/components/ui/Button.tsx:26:13)

    console.log
      [Button] Has onClick in props: false

      at log (src/components/ui/Button.tsx:27:13)

    console.log
      [Button] All props: {}

      at log (src/components/ui/Button.tsx:28:13)

    console.log
      [Button] Rendering with type: submit

      at log (src/components/ui/Button.tsx:25:13)

    console.log
      [Button] Props received: {
        variant: 'primary',
        size: 'lg',
        type: 'submit',
        loading: false,
        disabled: false
      }

      at log (src/components/ui/Button.tsx:26:13)

    console.log
      [Button] Has onClick in props: false

      at log (src/components/ui/Button.tsx:27:13)

    console.log
      [Button] All props: {}

      at log (src/components/ui/Button.tsx:28:13)

    console.log
      [Button] Rendering with type: submit

      at log (src/components/ui/Button.tsx:25:13)

    console.log
      [Button] Props received: {
        variant: 'primary',
        size: 'lg',
        type: 'submit',
        loading: false,
        disabled: false
      }

      at log (src/components/ui/Button.tsx:26:13)

    console.log
      [Button] Has onClick in props: false

      at log (src/components/ui/Button.tsx:27:13)

    console.log
      [Button] All props: {}

      at log (src/components/ui/Button.tsx:28:13)

    console.log
      [Button] Rendering with type: submit

      at log (src/components/ui/Button.tsx:25:13)

    console.log
      [Button] Props received: {
        variant: 'primary',
        size: 'lg',
        type: 'submit',
        loading: false,
        disabled: false
      }

      at log (src/components/ui/Button.tsx:26:13)

    console.log
      [Button] Has onClick in props: false

      at log (src/components/ui/Button.tsx:27:13)

    console.log
      [Button] All props: {}

      at log (src/components/ui/Button.tsx:28:13)

    console.log
      [Button] Rendering with type: submit

      at log (src/components/ui/Button.tsx:25:13)

    console.log
      [Button] Props received: {
        variant: 'primary',
        size: 'lg',
        type: 'submit',
        loading: false,
        disabled: false
      }

      at log (src/components/ui/Button.tsx:26:13)

    console.log
      [Button] Has onClick in props: false

      at log (src/components/ui/Button.tsx:27:13)

    console.log
      [Button] All props: {}

      at log (src/components/ui/Button.tsx:28:13)

    console.log
      [Button] Rendering with type: submit

      at log (src/components/ui/Button.tsx:25:13)

    console.log
      [Button] Props received: {
        variant: 'primary',
        size: 'lg',
        type: 'submit',
        loading: false,
        disabled: false
      }

      at log (src/components/ui/Button.tsx:26:13)

    console.log
      [Button] Has onClick in props: false

      at log (src/components/ui/Button.tsx:27:13)

    console.log
      [Button] All props: {}

      at log (src/components/ui/Button.tsx:28:13)

    console.log
      [Button] Rendering with type: submit

      at log (src/components/ui/Button.tsx:25:13)

    console.log
      [Button] Props received: {
        variant: 'primary',
        size: 'lg',
        type: 'submit',
        loading: false,
        disabled: false
      }

      at log (src/components/ui/Button.tsx:26:13)

    console.log
      [Button] Has onClick in props: false

      at log (src/components/ui/Button.tsx:27:13)

    console.log
      [Button] All props: {}

      at log (src/components/ui/Button.tsx:28:13)

    console.log
      [Button] Rendering with type: submit

      at log (src/components/ui/Button.tsx:25:13)

    console.log
      [Button] Props received: {
        variant: 'primary',
        size: 'lg',
        type: 'submit',
        loading: false,
        disabled: false
      }

      at log (src/components/ui/Button.tsx:26:13)

    console.log
      [Button] Has onClick in props: false

      at log (src/components/ui/Button.tsx:27:13)

    console.log
      [Button] All props: {}

      at log (src/components/ui/Button.tsx:28:13)

    console.log
      [Button] Rendering with type: submit

      at log (src/components/ui/Button.tsx:25:13)

    console.log
      [Button] Props received: {
        variant: 'primary',
        size: 'lg',
        type: 'submit',
        loading: false,
        disabled: false
      }

      at log (src/components/ui/Button.tsx:26:13)

    console.log
      [Button] Has onClick in props: false

      at log (src/components/ui/Button.tsx:27:13)

    console.log
      [Button] All props: {}

      at log (src/components/ui/Button.tsx:28:13)

    console.log
      [Button] Rendering with type: submit

      at log (src/components/ui/Button.tsx:25:13)

    console.log
      [Button] Props received: {
        variant: 'primary',
        size: 'lg',
        type: 'submit',
        loading: false,
        disabled: false
      }

      at log (src/components/ui/Button.tsx:26:13)

    console.log
      [Button] Has onClick in props: false

      at log (src/components/ui/Button.tsx:27:13)

    console.log
      [Button] All props: {}

      at log (src/components/ui/Button.tsx:28:13)

    console.log
      [Button] Rendering with type: submit

      at log (src/components/ui/Button.tsx:25:13)

    console.log
      [Button] Props received: {
        variant: 'primary',
        size: 'lg',
        type: 'submit',
        loading: false,
        disabled: false
      }

      at log (src/components/ui/Button.tsx:26:13)

    console.log
      [Button] Has onClick in props: false

      at log (src/components/ui/Button.tsx:27:13)

    console.log
      [Button] All props: {}

      at log (src/components/ui/Button.tsx:28:13)

    console.log
      [Button] Rendering with type: submit

      at log (src/components/ui/Button.tsx:25:13)

    console.log
      [Button] Props received: {
        variant: 'primary',
        size: 'lg',
        type: 'submit',
        loading: false,
        disabled: false
      }

      at log (src/components/ui/Button.tsx:26:13)

    console.log
      [Button] Has onClick in props: false

      at log (src/components/ui/Button.tsx:27:13)

    console.log
      [Button] All props: {}

      at log (src/components/ui/Button.tsx:28:13)

    console.log
      [Button] Rendering with type: submit

      at log (src/components/ui/Button.tsx:25:13)

    console.log
      [Button] Props received: {
        variant: 'primary',
        size: 'lg',
        type: 'submit',
        loading: false,
        disabled: false
      }

      at log (src/components/ui/Button.tsx:26:13)

    console.log
      [Button] Has onClick in props: false

      at log (src/components/ui/Button.tsx:27:13)

    console.log
      [Button] All props: {}

      at log (src/components/ui/Button.tsx:28:13)

    console.log
      [Button] Rendering with type: submit

      at log (src/components/ui/Button.tsx:25:13)

    console.log
      [Button] Props received: {
        variant: 'primary',
        size: 'lg',
        type: 'submit',
        loading: false,
        disabled: false
      }

      at log (src/components/ui/Button.tsx:26:13)

    console.log
      [Button] Has onClick in props: false

      at log (src/components/ui/Button.tsx:27:13)

    console.log
      [Button] All props: {}

      at log (src/components/ui/Button.tsx:28:13)

    console.log
      [Button] Rendering with type: submit

      at log (src/components/ui/Button.tsx:25:13)

    console.log
      [Button] Props received: {
        variant: 'primary',
        size: 'lg',
        type: 'submit',
        loading: false,
        disabled: false
      }

      at log (src/components/ui/Button.tsx:26:13)

    console.log
      [Button] Has onClick in props: false

      at log (src/components/ui/Button.tsx:27:13)

    console.log
      [Button] All props: {}

      at log (src/components/ui/Button.tsx:28:13)

    console.log
      [Button] Rendering with type: submit

      at log (src/components/ui/Button.tsx:25:13)

    console.log
      [Button] Props received: {
        variant: 'primary',
        size: 'lg',
        type: 'submit',
        loading: false,
        disabled: false
      }

      at log (src/components/ui/Button.tsx:26:13)

    console.log
      [Button] Has onClick in props: false

      at log (src/components/ui/Button.tsx:27:13)

    console.log
      [Button] All props: {}

      at log (src/components/ui/Button.tsx:28:13)

    console.log
      [Button] Rendering with type: submit

      at log (src/components/ui/Button.tsx:25:13)

    console.log
      [Button] Props received: {
        variant: 'primary',
        size: 'lg',
        type: 'submit',
        loading: false,
        disabled: false
      }

      at log (src/components/ui/Button.tsx:26:13)

    console.log
      [Button] Has onClick in props: false

      at log (src/components/ui/Button.tsx:27:13)

    console.log
      [Button] All props: {}

      at log (src/components/ui/Button.tsx:28:13)

    console.log
      [Button] Rendering with type: submit

      at log (src/components/ui/Button.tsx:25:13)

    console.log
      [Button] Props received: {
        variant: 'primary',
        size: 'lg',
        type: 'submit',
        loading: false,
        disabled: false
      }

      at log (src/components/ui/Button.tsx:26:13)

    console.log
      [Button] Has onClick in props: false

      at log (src/components/ui/Button.tsx:27:13)

    console.log
      [Button] All props: {}

      at log (src/components/ui/Button.tsx:28:13)

    console.log
      [Button] Rendering with type: submit

      at log (src/components/ui/Button.tsx:25:13)

    console.log
      [Button] Props received: {
        variant: 'primary',
        size: 'lg',
        type: 'submit',
        loading: false,
        disabled: false
      }

      at log (src/components/ui/Button.tsx:26:13)

    console.log
      [Button] Has onClick in props: false

      at log (src/components/ui/Button.tsx:27:13)

    console.log
      [Button] All props: {}

      at log (src/components/ui/Button.tsx:28:13)

    console.log
      [Button] Rendering with type: submit

      at log (src/components/ui/Button.tsx:25:13)

    console.log
      [Button] Props received: {
        variant: 'primary',
        size: 'lg',
        type: 'submit',
        loading: false,
        disabled: false
      }

      at log (src/components/ui/Button.tsx:26:13)

    console.log
      [Button] Has onClick in props: false

      at log (src/components/ui/Button.tsx:27:13)

    console.log
      [Button] All props: {}

      at log (src/components/ui/Button.tsx:28:13)

    console.log
      [Button] Rendering with type: submit

      at log (src/components/ui/Button.tsx:25:13)

    console.log
      [Button] Props received: {
        variant: 'primary',
        size: 'lg',
        type: 'submit',
        loading: false,
        disabled: false
      }

      at log (src/components/ui/Button.tsx:26:13)

    console.log
      [Button] Has onClick in props: false

      at log (src/components/ui/Button.tsx:27:13)

    console.log
      [Button] All props: {}

      at log (src/components/ui/Button.tsx:28:13)

    console.log
      [Button] Rendering with type: submit

      at log (src/components/ui/Button.tsx:25:13)

    console.log
      [Button] Props received: {
        variant: 'primary',
        size: 'lg',
        type: 'submit',
        loading: false,
        disabled: false
      }

      at log (src/components/ui/Button.tsx:26:13)

    console.log
      [Button] Has onClick in props: false

      at log (src/components/ui/Button.tsx:27:13)

    console.log
      [Button] All props: {}

      at log (src/components/ui/Button.tsx:28:13)

    console.log
      [Button] Rendering with type: submit

      at log (src/components/ui/Button.tsx:25:13)

    console.log
      [Button] Props received: {
        variant: 'primary',
        size: 'lg',
        type: 'submit',
        loading: false,
        disabled: false
      }

      at log (src/components/ui/Button.tsx:26:13)

    console.log
      [Button] Has onClick in props: false

      at log (src/components/ui/Button.tsx:27:13)

    console.log
      [Button] All props: {}

      at log (src/components/ui/Button.tsx:28:13)

    console.log
      [Button] Rendering with type: submit

      at log (src/components/ui/Button.tsx:25:13)

    console.log
      [Button] Props received: {
        variant: 'primary',
        size: 'lg',
        type: 'submit',
        loading: false,
        disabled: false
      }

      at log (src/components/ui/Button.tsx:26:13)

    console.log
      [Button] Has onClick in props: false

      at log (src/components/ui/Button.tsx:27:13)

    console.log
      [Button] All props: {}

      at log (src/components/ui/Button.tsx:28:13)

    console.log
      [Button] Rendering with type: submit

      at log (src/components/ui/Button.tsx:25:13)

    console.log
      [Button] Props received: {
        variant: 'primary',
        size: 'lg',
        type: 'submit',
        loading: false,
        disabled: false
      }

      at log (src/components/ui/Button.tsx:26:13)

    console.log
      [Button] Has onClick in props: false

      at log (src/components/ui/Button.tsx:27:13)

    console.log
      [Button] All props: {}

      at log (src/components/ui/Button.tsx:28:13)

    console.log
      [Button] Rendering with type: submit

      at log (src/components/ui/Button.tsx:25:13)

    console.log
      [Button] Props received: {
        variant: 'primary',
        size: 'lg',
        type: 'submit',
        loading: false,
        disabled: false
      }

      at log (src/components/ui/Button.tsx:26:13)

    console.log
      [Button] Has onClick in props: false

      at log (src/components/ui/Button.tsx:27:13)

    console.log
      [Button] All props: {}

      at log (src/components/ui/Button.tsx:28:13)

    console.log
      [Button] Rendering with type: submit

      at log (src/components/ui/Button.tsx:25:13)

    console.log
      [Button] Props received: {
        variant: 'primary',
        size: 'lg',
        type: 'submit',
        loading: false,
        disabled: false
      }

      at log (src/components/ui/Button.tsx:26:13)

    console.log
      [Button] Has onClick in props: false

      at log (src/components/ui/Button.tsx:27:13)

    console.log
      [Button] All props: {}

      at log (src/components/ui/Button.tsx:28:13)

    console.log
      [Button] Rendering with type: submit

      at log (src/components/ui/Button.tsx:25:13)

    console.log
      [Button] Props received: {
        variant: 'primary',
        size: 'lg',
        type: 'submit',
        loading: false,
        disabled: false
      }

      at log (src/components/ui/Button.tsx:26:13)

    console.log
      [Button] Has onClick in props: false

      at log (src/components/ui/Button.tsx:27:13)

    console.log
      [Button] All props: {}

      at log (src/components/ui/Button.tsx:28:13)

    console.log
      [Button] Rendering with type: submit

      at log (src/components/ui/Button.tsx:25:13)

    console.log
      [Button] Props received: {
        variant: 'primary',
        size: 'lg',
        type: 'submit',
        loading: false,
        disabled: false
      }

      at log (src/components/ui/Button.tsx:26:13)

    console.log
      [Button] Has onClick in props: false

      at log (src/components/ui/Button.tsx:27:13)

    console.log
      [Button] All props: {}

      at log (src/components/ui/Button.tsx:28:13)

    console.log
      [Button] Rendering with type: submit

      at log (src/components/ui/Button.tsx:25:13)

    console.log
      [Button] Props received: {
        variant: 'primary',
        size: 'lg',
        type: 'submit',
        loading: false,
        disabled: false
      }

      at log (src/components/ui/Button.tsx:26:13)

    console.log
      [Button] Has onClick in props: false

      at log (src/components/ui/Button.tsx:27:13)

    console.log
      [Button] All props: {}

      at log (src/components/ui/Button.tsx:28:13)

    console.log
      [Button] Rendering with type: submit

      at log (src/components/ui/Button.tsx:25:13)

    console.log
      [Button] Props received: {
        variant: 'primary',
        size: 'lg',
        type: 'submit',
        loading: false,
        disabled: false
      }

      at log (src/components/ui/Button.tsx:26:13)

    console.log
      [Button] Has onClick in props: false

      at log (src/components/ui/Button.tsx:27:13)

    console.log
      [Button] All props: {}

      at log (src/components/ui/Button.tsx:28:13)

    console.log
      [Button] Rendering with type: submit

      at log (src/components/ui/Button.tsx:25:13)

    console.log
      [Button] Props received: {
        variant: 'primary',
        size: 'lg',
        type: 'submit',
        loading: false,
        disabled: false
      }

      at log (src/components/ui/Button.tsx:26:13)

    console.log
      [Button] Has onClick in props: false

      at log (src/components/ui/Button.tsx:27:13)

    console.log
      [Button] All props: {}

      at log (src/components/ui/Button.tsx:28:13)

    console.log
      [Button] Rendering with type: submit

      at log (src/components/ui/Button.tsx:25:13)

    console.log
      [Button] Props received: {
        variant: 'primary',
        size: 'lg',
        type: 'submit',
        loading: false,
        disabled: false
      }

      at log (src/components/ui/Button.tsx:26:13)

    console.log
      [Button] Has onClick in props: false

      at log (src/components/ui/Button.tsx:27:13)

    console.log
      [Button] All props: {}

      at log (src/components/ui/Button.tsx:28:13)

    console.log
      [Button] Rendering with type: submit

      at log (src/components/ui/Button.tsx:25:13)

    console.log
      [Button] Props received: {
        variant: 'primary',
        size: 'lg',
        type: 'submit',
        loading: false,
        disabled: false
      }

      at log (src/components/ui/Button.tsx:26:13)

    console.log
      [Button] Has onClick in props: false

      at log (src/components/ui/Button.tsx:27:13)

    console.log
      [Button] All props: {}

      at log (src/components/ui/Button.tsx:28:13)

    console.log
      [Button] Rendering with type: submit

      at log (src/components/ui/Button.tsx:25:13)

    console.log
      [Button] Props received: {
        variant: 'primary',
        size: 'lg',
        type: 'submit',
        loading: false,
        disabled: false
      }

      at log (src/components/ui/Button.tsx:26:13)

    console.log
      [Button] Has onClick in props: false

      at log (src/components/ui/Button.tsx:27:13)

    console.log
      [Button] All props: {}

      at log (src/components/ui/Button.tsx:28:13)

    console.log
      [Button] Rendering with type: submit

      at log (src/components/ui/Button.tsx:25:13)

    console.log
      [Button] Props received: {
        variant: 'primary',
        size: 'lg',
        type: 'submit',
        loading: false,
        disabled: false
      }

      at log (src/components/ui/Button.tsx:26:13)

    console.log
      [Button] Has onClick in props: false

      at log (src/components/ui/Button.tsx:27:13)

    console.log
      [Button] All props: {}

      at log (src/components/ui/Button.tsx:28:13)

    console.log
      [Button] Rendering with type: submit

      at log (src/components/ui/Button.tsx:25:13)

    console.log
      [Button] Props received: {
        variant: 'primary',
        size: 'lg',
        type: 'submit',
        loading: false,
        disabled: false
      }

      at log (src/components/ui/Button.tsx:26:13)

    console.log
      [Button] Has onClick in props: false

      at log (src/components/ui/Button.tsx:27:13)

    console.log
      [Button] All props: {}

      at log (src/components/ui/Button.tsx:28:13)

    console.log
      [Button] Rendering with type: submit

      at log (src/components/ui/Button.tsx:25:13)

    console.log
      [Button] Props received: {
        variant: 'primary',
        size: 'lg',
        type: 'submit',
        loading: false,
        disabled: false
      }

      at log (src/components/ui/Button.tsx:26:13)

    console.log
      [Button] Has onClick in props: false

      at log (src/components/ui/Button.tsx:27:13)

    console.log
      [Button] All props: {}

      at log (src/components/ui/Button.tsx:28:13)

    console.log
      [Button] Rendering with type: submit

      at log (src/components/ui/Button.tsx:25:13)

    console.log
      [Button] Props received: {
        variant: 'primary',
        size: 'lg',
        type: 'submit',
        loading: false,
        disabled: false
      }

      at log (src/components/ui/Button.tsx:26:13)

    console.log
      [Button] Has onClick in props: false

      at log (src/components/ui/Button.tsx:27:13)

    console.log
      [Button] All props: {}

      at log (src/components/ui/Button.tsx:28:13)

    console.log
      [Button] Rendering with type: submit

      at log (src/components/ui/Button.tsx:25:13)

    console.log
      [Button] Props received: {
        variant: 'primary',
        size: 'lg',
        type: 'submit',
        loading: false,
        disabled: false
      }

      at log (src/components/ui/Button.tsx:26:13)

    console.log
      [Button] Has onClick in props: false

      at log (src/components/ui/Button.tsx:27:13)

    console.log
      [Button] All props: {}

      at log (src/components/ui/Button.tsx:28:13)

    console.log
      [Button] Rendering with type: submit

      at log (src/components/ui/Button.tsx:25:13)

    console.log
      [Button] Props received: {
        variant: 'primary',
        size: 'lg',
        type: 'submit',
        loading: false,
        disabled: false
      }

      at log (src/components/ui/Button.tsx:26:13)

    console.log
      [Button] Has onClick in props: false

      at log (src/components/ui/Button.tsx:27:13)

    console.log
      [Button] All props: {}

      at log (src/components/ui/Button.tsx:28:13)

    console.log
      [Button] Rendering with type: submit

      at log (src/components/ui/Button.tsx:25:13)

    console.log
      [Button] Props received: {
        variant: 'primary',
        size: 'lg',
        type: 'submit',
        loading: false,
        disabled: false
      }

      at log (src/components/ui/Button.tsx:26:13)

    console.log
      [Button] Has onClick in props: false

      at log (src/components/ui/Button.tsx:27:13)

    console.log
      [Button] All props: {}

      at log (src/components/ui/Button.tsx:28:13)

    console.log
      [Button] Rendering with type: submit

      at log (src/components/ui/Button.tsx:25:13)

    console.log
      [Button] Props received: {
        variant: 'primary',
        size: 'lg',
        type: 'submit',
        loading: false,
        disabled: false
      }

      at log (src/components/ui/Button.tsx:26:13)

    console.log
      [Button] Has onClick in props: false

      at log (src/components/ui/Button.tsx:27:13)

    console.log
      [Button] All props: {}

      at log (src/components/ui/Button.tsx:28:13)

    console.log
      [Button] Rendering with type: submit

      at log (src/components/ui/Button.tsx:25:13)

    console.log
      [Button] Props received: {
        variant: 'primary',
        size: 'lg',
        type: 'submit',
        loading: false,
        disabled: false
      }

      at log (src/components/ui/Button.tsx:26:13)

    console.log
      [Button] Has onClick in props: false

      at log (src/components/ui/Button.tsx:27:13)

    console.log
      [Button] All props: {}

      at log (src/components/ui/Button.tsx:28:13)

    console.log
      [Button] Rendering with type: submit

      at log (src/components/ui/Button.tsx:25:13)

    console.log
      [Button] Props received: {
        variant: 'primary',
        size: 'lg',
        type: 'submit',
        loading: false,
        disabled: false
      }

      at log (src/components/ui/Button.tsx:26:13)

    console.log
      [Button] Has onClick in props: false

      at log (src/components/ui/Button.tsx:27:13)

    console.log
      [Button] All props: {}

      at log (src/components/ui/Button.tsx:28:13)

    console.log
      [Button] Rendering with type: submit

      at log (src/components/ui/Button.tsx:25:13)

    console.log
      [Button] Props received: {
        variant: 'primary',
        size: 'lg',
        type: 'submit',
        loading: false,
        disabled: false
      }

      at log (src/components/ui/Button.tsx:26:13)

    console.log
      [Button] Has onClick in props: false

      at log (src/components/ui/Button.tsx:27:13)

    console.log
      [Button] All props: {}

      at log (src/components/ui/Button.tsx:28:13)

    console.log
      [Button] Rendering with type: submit

      at log (src/components/ui/Button.tsx:25:13)

    console.log
      [Button] Props received: {
        variant: 'primary',
        size: 'lg',
        type: 'submit',
        loading: false,
        disabled: false
      }

      at log (src/components/ui/Button.tsx:26:13)

    console.log
      [Button] Has onClick in props: false

      at log (src/components/ui/Button.tsx:27:13)

    console.log
      [Button] All props: {}

      at log (src/components/ui/Button.tsx:28:13)

    console.log
      [Button] Rendering with type: submit

      at log (src/components/ui/Button.tsx:25:13)

    console.log
      [Button] Props received: {
        variant: 'primary',
        size: 'lg',
        type: 'submit',
        loading: false,
        disabled: false
      }

      at log (src/components/ui/Button.tsx:26:13)

    console.log
      [Button] Has onClick in props: false

      at log (src/components/ui/Button.tsx:27:13)

    console.log
      [Button] All props: {}

      at log (src/components/ui/Button.tsx:28:13)

    console.log
      [Button] Rendering with type: submit

      at log (src/components/ui/Button.tsx:25:13)

    console.log
      [Button] Props received: {
        variant: 'primary',
        size: 'lg',
        type: 'submit',
        loading: false,
        disabled: false
      }

      at log (src/components/ui/Button.tsx:26:13)

    console.log
      [Button] Has onClick in props: false

      at log (src/components/ui/Button.tsx:27:13)

    console.log
      [Button] All props: {}

      at log (src/components/ui/Button.tsx:28:13)

    console.log
      [Button] Rendering with type: submit

      at log (src/components/ui/Button.tsx:25:13)

    console.log
      [Button] Props received: {
        variant: 'primary',
        size: 'lg',
        type: 'submit',
        loading: false,
        disabled: false
      }

      at log (src/components/ui/Button.tsx:26:13)

    console.log
      [Button] Has onClick in props: false

      at log (src/components/ui/Button.tsx:27:13)

    console.log
      [Button] All props: {}

      at log (src/components/ui/Button.tsx:28:13)

    console.log
      [Button] Rendering with type: submit

      at log (src/components/ui/Button.tsx:25:13)

    console.log
      [Button] Props received: {
        variant: 'primary',
        size: 'lg',
        type: 'submit',
        loading: false,
        disabled: false
      }

      at log (src/components/ui/Button.tsx:26:13)

    console.log
      [Button] Has onClick in props: false

      at log (src/components/ui/Button.tsx:27:13)

    console.log
      [Button] All props: {}

      at log (src/components/ui/Button.tsx:28:13)

    console.log
      [Button] Rendering with type: submit

      at log (src/components/ui/Button.tsx:25:13)

    console.log
      [Button] Props received: {
        variant: 'primary',
        size: 'lg',
        type: 'submit',
        loading: false,
        disabled: false
      }

      at log (src/components/ui/Button.tsx:26:13)

    console.log
      [Button] Has onClick in props: false

      at log (src/components/ui/Button.tsx:27:13)

    console.log
      [Button] All props: {}

      at log (src/components/ui/Button.tsx:28:13)

    console.log
      [Button] Rendering with type: submit

      at log (src/components/ui/Button.tsx:25:13)

    console.log
      [Button] Props received: {
        variant: 'primary',
        size: 'lg',
        type: 'submit',
        loading: false,
        disabled: false
      }

      at log (src/components/ui/Button.tsx:26:13)

    console.log
      [Button] Has onClick in props: false

      at log (src/components/ui/Button.tsx:27:13)

    console.log
      [Button] All props: {}

      at log (src/components/ui/Button.tsx:28:13)

    console.log
      [Button] Rendering with type: submit

      at log (src/components/ui/Button.tsx:25:13)

    console.log
      [Button] Props received: {
        variant: 'primary',
        size: 'lg',
        type: 'submit',
        loading: false,
        disabled: false
      }

      at log (src/components/ui/Button.tsx:26:13)

    console.log
      [Button] Has onClick in props: false

      at log (src/components/ui/Button.tsx:27:13)

    console.log
      [Button] All props: {}

      at log (src/components/ui/Button.tsx:28:13)

    console.log
      [Button] Rendering with type: submit

      at log (src/components/ui/Button.tsx:25:13)

    console.log
      [Button] Props received: {
        variant: 'primary',
        size: 'lg',
        type: 'submit',
        loading: false,
        disabled: false
      }

      at log (src/components/ui/Button.tsx:26:13)

    console.log
      [Button] Has onClick in props: false

      at log (src/components/ui/Button.tsx:27:13)

    console.log
      [Button] All props: {}

      at log (src/components/ui/Button.tsx:28:13)

    console.log
      [Button] Rendering with type: submit

      at log (src/components/ui/Button.tsx:25:13)

    console.log
      [Button] Props received: {
        variant: 'primary',
        size: 'lg',
        type: 'submit',
        loading: false,
        disabled: false
      }

      at log (src/components/ui/Button.tsx:26:13)

    console.log
      [Button] Has onClick in props: false

      at log (src/components/ui/Button.tsx:27:13)

    console.log
      [Button] All props: {}

      at log (src/components/ui/Button.tsx:28:13)

    console.log
      [Button] Rendering with type: submit

      at log (src/components/ui/Button.tsx:25:13)

    console.log
      [Button] Props received: {
        variant: 'primary',
        size: 'lg',
        type: 'submit',
        loading: false,
        disabled: false
      }

      at log (src/components/ui/Button.tsx:26:13)

    console.log
      [Button] Has onClick in props: false

      at log (src/components/ui/Button.tsx:27:13)

    console.log
      [Button] All props: {}

      at log (src/components/ui/Button.tsx:28:13)

    console.log
      [Button] Rendering with type: submit

      at log (src/components/ui/Button.tsx:25:13)

    console.log
      [Button] Props received: {
        variant: 'primary',
        size: 'lg',
        type: 'submit',
        loading: false,
        disabled: false
      }

      at log (src/components/ui/Button.tsx:26:13)

    console.log
      [Button] Has onClick in props: false

      at log (src/components/ui/Button.tsx:27:13)

    console.log
      [Button] All props: {}

      at log (src/components/ui/Button.tsx:28:13)

    console.log
      [Button] Rendering with type: submit

      at log (src/components/ui/Button.tsx:25:13)

    console.log
      [Button] Props received: {
        variant: 'primary',
        size: 'lg',
        type: 'submit',
        loading: false,
        disabled: false
      }

      at log (src/components/ui/Button.tsx:26:13)

    console.log
      [Button] Has onClick in props: false

      at log (src/components/ui/Button.tsx:27:13)

    console.log
      [Button] All props: {}

      at log (src/components/ui/Button.tsx:28:13)

    console.log
      [Button] Rendering with type: submit

      at log (src/components/ui/Button.tsx:25:13)

    console.log
      [Button] Props received: {
        variant: 'primary',
        size: 'lg',
        type: 'submit',
        loading: false,
        disabled: false
      }

      at log (src/components/ui/Button.tsx:26:13)

    console.log
      [Button] Has onClick in props: false

      at log (src/components/ui/Button.tsx:27:13)

    console.log
      [Button] All props: {}

      at log (src/components/ui/Button.tsx:28:13)

    console.log
      [Button] Rendering with type: submit

      at log (src/components/ui/Button.tsx:25:13)

    console.log
      [Button] Props received: {
        variant: 'primary',
        size: 'lg',
        type: 'submit',
        loading: false,
        disabled: false
      }

      at log (src/components/ui/Button.tsx:26:13)

    console.log
      [Button] Has onClick in props: false

      at log (src/components/ui/Button.tsx:27:13)

    console.log
      [Button] All props: {}

      at log (src/components/ui/Button.tsx:28:13)

    console.log
      [Button] Rendering with type: submit

      at log (src/components/ui/Button.tsx:25:13)

    console.log
      [Button] Props received: {
        variant: 'primary',
        size: 'lg',
        type: 'submit',
        loading: false,
        disabled: false
      }

      at log (src/components/ui/Button.tsx:26:13)

    console.log
      [Button] Has onClick in props: false

      at log (src/components/ui/Button.tsx:27:13)

    console.log
      [Button] All props: {}

      at log (src/components/ui/Button.tsx:28:13)

    console.log
      [Button] Rendering with type: submit

      at log (src/components/ui/Button.tsx:25:13)

    console.log
      [Button] Props received: {
        variant: 'primary',
        size: 'lg',
        type: 'submit',
        loading: false,
        disabled: false
      }

      at log (src/components/ui/Button.tsx:26:13)

    console.log
      [Button] Has onClick in props: false

      at log (src/components/ui/Button.tsx:27:13)

    console.log
      [Button] All props: {}

      at log (src/components/ui/Button.tsx:28:13)

    console.log
      [Button] Rendering with type: submit

      at log (src/components/ui/Button.tsx:25:13)

    console.log
      [Button] Props received: {
        variant: 'primary',
        size: 'lg',
        type: 'submit',
        loading: false,
        disabled: false
      }

      at log (src/components/ui/Button.tsx:26:13)

    console.log
      [Button] Has onClick in props: false

      at log (src/components/ui/Button.tsx:27:13)

    console.log
      [Button] All props: {}

      at log (src/components/ui/Button.tsx:28:13)

    console.log
      [Button] Rendering with type: submit

      at log (src/components/ui/Button.tsx:25:13)

    console.log
      [Button] Props received: {
        variant: 'primary',
        size: 'lg',
        type: 'submit',
        loading: false,
        disabled: false
      }

      at log (src/components/ui/Button.tsx:26:13)

    console.log
      [Button] Has onClick in props: false

      at log (src/components/ui/Button.tsx:27:13)

    console.log
      [Button] All props: {}

      at log (src/components/ui/Button.tsx:28:13)

    console.log
      [Button] Rendering with type: submit

      at log (src/components/ui/Button.tsx:25:13)

    console.log
      [Button] Props received: {
        variant: 'primary',
        size: 'lg',
        type: 'submit',
        loading: false,
        disabled: false
      }

      at log (src/components/ui/Button.tsx:26:13)

    console.log
      [Button] Has onClick in props: false

      at log (src/components/ui/Button.tsx:27:13)

    console.log
      [Button] All props: {}

      at log (src/components/ui/Button.tsx:28:13)

    console.log
      [Button] Rendering with type: submit

      at log (src/components/ui/Button.tsx:25:13)

    console.log
      [Button] Props received: {
        variant: 'primary',
        size: 'lg',
        type: 'submit',
        loading: false,
        disabled: false
      }

      at log (src/components/ui/Button.tsx:26:13)

    console.log
      [Button] Has onClick in props: false

      at log (src/components/ui/Button.tsx:27:13)

    console.log
      [Button] All props: {}

      at log (src/components/ui/Button.tsx:28:13)

    console.log
      [Button] Rendering with type: submit

      at log (src/components/ui/Button.tsx:25:13)

    console.log
      [Button] Props received: {
        variant: 'primary',
        size: 'lg',
        type: 'submit',
        loading: false,
        disabled: false
      }

      at log (src/components/ui/Button.tsx:26:13)

    console.log
      [Button] Has onClick in props: false

      at log (src/components/ui/Button.tsx:27:13)

    console.log
      [Button] All props: {}

      at log (src/components/ui/Button.tsx:28:13)

    console.log
      [Button] Rendering with type: submit

      at log (src/components/ui/Button.tsx:25:13)

    console.log
      [Button] Props received: {
        variant: 'primary',
        size: 'lg',
        type: 'submit',
        loading: false,
        disabled: false
      }

      at log (src/components/ui/Button.tsx:26:13)

    console.log
      [Button] Has onClick in props: false

      at log (src/components/ui/Button.tsx:27:13)

    console.log
      [Button] All props: {}

      at log (src/components/ui/Button.tsx:28:13)

    console.log
      [Button] Rendering with type: submit

      at log (src/components/ui/Button.tsx:25:13)

    console.log
      [Button] Props received: {
        variant: 'primary',
        size: 'lg',
        type: 'submit',
        loading: false,
        disabled: false
      }

      at log (src/components/ui/Button.tsx:26:13)

    console.log
      [Button] Has onClick in props: false

      at log (src/components/ui/Button.tsx:27:13)

    console.log
      [Button] All props: {}

      at log (src/components/ui/Button.tsx:28:13)

    console.log
      [Button] Rendering with type: submit

      at log (src/components/ui/Button.tsx:25:13)

    console.log
      [Button] Props received: {
        variant: 'primary',
        size: 'lg',
        type: 'submit',
        loading: false,
        disabled: false
      }

      at log (src/components/ui/Button.tsx:26:13)

    console.log
      [Button] Has onClick in props: false

      at log (src/components/ui/Button.tsx:27:13)

    console.log
      [Button] All props: {}

      at log (src/components/ui/Button.tsx:28:13)

    console.log
      [Button] Rendering with type: submit

      at log (src/components/ui/Button.tsx:25:13)

    console.log
      [Button] Props received: {
        variant: 'primary',
        size: 'lg',
        type: 'submit',
        loading: false,
        disabled: false
      }

      at log (src/components/ui/Button.tsx:26:13)

    console.log
      [Button] Has onClick in props: false

      at log (src/components/ui/Button.tsx:27:13)

    console.log
      [Button] All props: {}

      at log (src/components/ui/Button.tsx:28:13)

    console.log
      [Button] Rendering with type: submit

      at log (src/components/ui/Button.tsx:25:13)

    console.log
      [Button] Props received: {
        variant: 'primary',
        size: 'lg',
        type: 'submit',
        loading: false,
        disabled: false
      }

      at log (src/components/ui/Button.tsx:26:13)

    console.log
      [Button] Has onClick in props: false

      at log (src/components/ui/Button.tsx:27:13)

    console.log
      [Button] All props: {}

      at log (src/components/ui/Button.tsx:28:13)

    console.log
      [Button] Rendering with type: submit

      at log (src/components/ui/Button.tsx:25:13)

    console.log
      [Button] Props received: {
        variant: 'primary',
        size: 'lg',
        type: 'submit',
        loading: false,
        disabled: false
      }

      at log (src/components/ui/Button.tsx:26:13)

    console.log
      [Button] Has onClick in props: false

      at log (src/components/ui/Button.tsx:27:13)

    console.log
      [Button] All props: {}

      at log (src/components/ui/Button.tsx:28:13)

    console.log
      [Button] Rendering with type: submit

      at log (src/components/ui/Button.tsx:25:13)

    console.log
      [Button] Props received: {
        variant: 'primary',
        size: 'lg',
        type: 'submit',
        loading: false,
        disabled: false
      }

      at log (src/components/ui/Button.tsx:26:13)

    console.log
      [Button] Has onClick in props: false

      at log (src/components/ui/Button.tsx:27:13)

    console.log
      [Button] All props: {}

      at log (src/components/ui/Button.tsx:28:13)

    console.log
      [Button] Rendering with type: submit

      at log (src/components/ui/Button.tsx:25:13)

    console.log
      [Button] Props received: {
        variant: 'primary',
        size: 'lg',
        type: 'submit',
        loading: false,
        disabled: false
      }

      at log (src/components/ui/Button.tsx:26:13)

    console.log
      [Button] Has onClick in props: false

      at log (src/components/ui/Button.tsx:27:13)

    console.log
      [Button] All props: {}

      at log (src/components/ui/Button.tsx:28:13)

    console.log
      [Button] Rendering with type: submit

      at log (src/components/ui/Button.tsx:25:13)

    console.log
      [Button] Props received: {
        variant: 'primary',
        size: 'lg',
        type: 'submit',
        loading: false,
        disabled: false
      }

      at log (src/components/ui/Button.tsx:26:13)

    console.log
      [Button] Has onClick in props: false

      at log (src/components/ui/Button.tsx:27:13)

    console.log
      [Button] All props: {}

      at log (src/components/ui/Button.tsx:28:13)

    console.log
      [Button] Rendering with type: submit

      at log (src/components/ui/Button.tsx:25:13)

    console.log
      [Button] Props received: {
        variant: 'primary',
        size: 'lg',
        type: 'submit',
        loading: false,
        disabled: false
      }

      at log (src/components/ui/Button.tsx:26:13)

    console.log
      [Button] Has onClick in props: false

      at log (src/components/ui/Button.tsx:27:13)

    console.log
      [Button] All props: {}

      at log (src/components/ui/Button.tsx:28:13)

    console.log
      [Button] Rendering with type: submit

      at log (src/components/ui/Button.tsx:25:13)

    console.log
      [Button] Props received: {
        variant: 'primary',
        size: 'lg',
        type: 'submit',
        loading: false,
        disabled: false
      }

      at log (src/components/ui/Button.tsx:26:13)

    console.log
      [Button] Has onClick in props: false

      at log (src/components/ui/Button.tsx:27:13)

    console.log
      [Button] All props: {}

      at log (src/components/ui/Button.tsx:28:13)

    console.log
      [Button] Rendering with type: submit

      at log (src/components/ui/Button.tsx:25:13)

    console.log
      [Button] Props received: {
        variant: 'primary',
        size: 'lg',
        type: 'submit',
        loading: false,
        disabled: false
      }

      at log (src/components/ui/Button.tsx:26:13)

    console.log
      [Button] Has onClick in props: false

      at log (src/components/ui/Button.tsx:27:13)

    console.log
      [Button] All props: {}

      at log (src/components/ui/Button.tsx:28:13)

    console.log
      [Button] Rendering with type: submit

      at log (src/components/ui/Button.tsx:25:13)

    console.log
      [Button] Props received: {
        variant: 'primary',
        size: 'lg',
        type: 'submit',
        loading: false,
        disabled: false
      }

      at log (src/components/ui/Button.tsx:26:13)

    console.log
      [Button] Has onClick in props: false

      at log (src/components/ui/Button.tsx:27:13)

    console.log
      [Button] All props: {}

      at log (src/components/ui/Button.tsx:28:13)

    console.log
      [Button] Rendering with type: submit

      at log (src/components/ui/Button.tsx:25:13)

    console.log
      [Button] Props received: {
        variant: 'primary',
        size: 'lg',
        type: 'submit',
        loading: false,
        disabled: false
      }

      at log (src/components/ui/Button.tsx:26:13)

    console.log
      [Button] Has onClick in props: false

      at log (src/components/ui/Button.tsx:27:13)

    console.log
      [Button] All props: {}

      at log (src/components/ui/Button.tsx:28:13)

    console.log
      [Button] Rendering with type: submit

      at log (src/components/ui/Button.tsx:25:13)

    console.log
      [Button] Props received: {
        variant: 'primary',
        size: 'lg',
        type: 'submit',
        loading: false,
        disabled: false
      }

      at log (src/components/ui/Button.tsx:26:13)

    console.log
      [Button] Has onClick in props: false

      at log (src/components/ui/Button.tsx:27:13)

    console.log
      [Button] All props: {}

      at log (src/components/ui/Button.tsx:28:13)

    console.log
      [Button] Rendering with type: submit

      at log (src/components/ui/Button.tsx:25:13)

    console.log
      [Button] Props received: {
        variant: 'primary',
        size: 'lg',
        type: 'submit',
        loading: false,
        disabled: false
      }

      at log (src/components/ui/Button.tsx:26:13)

    console.log
      [Button] Has onClick in props: false

      at log (src/components/ui/Button.tsx:27:13)

    console.log
      [Button] All props: {}

      at log (src/components/ui/Button.tsx:28:13)

    console.log
      [Button] Rendering with type: submit

      at log (src/components/ui/Button.tsx:25:13)

    console.log
      [Button] Props received: {
        variant: 'primary',
        size: 'lg',
        type: 'submit',
        loading: false,
        disabled: false
      }

      at log (src/components/ui/Button.tsx:26:13)

    console.log
      [Button] Has onClick in props: false

      at log (src/components/ui/Button.tsx:27:13)

    console.log
      [Button] All props: {}

      at log (src/components/ui/Button.tsx:28:13)

    console.log
      [Button] Rendering with type: submit

      at log (src/components/ui/Button.tsx:25:13)

    console.log
      [Button] Props received: {
        variant: 'primary',
        size: 'lg',
        type: 'submit',
        loading: false,
        disabled: false
      }

      at log (src/components/ui/Button.tsx:26:13)

    console.log
      [Button] Has onClick in props: false

      at log (src/components/ui/Button.tsx:27:13)

    console.log
      [Button] All props: {}

      at log (src/components/ui/Button.tsx:28:13)

    console.log
      [Button] Rendering with type: submit

      at log (src/components/ui/Button.tsx:25:13)

    console.log
      [Button] Props received: {
        variant: 'primary',
        size: 'lg',
        type: 'submit',
        loading: false,
        disabled: false
      }

      at log (src/components/ui/Button.tsx:26:13)

    console.log
      [Button] Has onClick in props: false

      at log (src/components/ui/Button.tsx:27:13)

    console.log
      [Button] All props: {}

      at log (src/components/ui/Button.tsx:28:13)

    console.log
      [Button] Rendering with type: submit

      at log (src/components/ui/Button.tsx:25:13)

    console.log
      [Button] Props received: {
        variant: 'primary',
        size: 'lg',
        type: 'submit',
        loading: false,
        disabled: false
      }

      at log (src/components/ui/Button.tsx:26:13)

    console.log
      [Button] Has onClick in props: false

      at log (src/components/ui/Button.tsx:27:13)

    console.log
      [Button] All props: {}

      at log (src/components/ui/Button.tsx:28:13)

    console.log
      [Button] Rendering with type: submit

      at log (src/components/ui/Button.tsx:25:13)

    console.log
      [Button] Props received: {
        variant: 'primary',
        size: 'lg',
        type: 'submit',
        loading: false,
        disabled: false
      }

      at log (src/components/ui/Button.tsx:26:13)

    console.log
      [Button] Has onClick in props: false

      at log (src/components/ui/Button.tsx:27:13)

    console.log
      [Button] All props: {}

      at log (src/components/ui/Button.tsx:28:13)

    console.log
      [Button] Rendering with type: submit

      at log (src/components/ui/Button.tsx:25:13)

    console.log
      [Button] Props received: {
        variant: 'primary',
        size: 'lg',
        type: 'submit',
        loading: false,
        disabled: false
      }

      at log (src/components/ui/Button.tsx:26:13)

    console.log
      [Button] Has onClick in props: false

      at log (src/components/ui/Button.tsx:27:13)

    console.log
      [Button] All props: {}

      at log (src/components/ui/Button.tsx:28:13)

    console.log
      [Button] Rendering with type: submit

      at log (src/components/ui/Button.tsx:25:13)

    console.log
      [Button] Props received: {
        variant: 'primary',
        size: 'lg',
        type: 'submit',
        loading: false,
        disabled: false
      }

      at log (src/components/ui/Button.tsx:26:13)

    console.log
      [Button] Has onClick in props: false

      at log (src/components/ui/Button.tsx:27:13)

    console.log
      [Button] All props: {}

      at log (src/components/ui/Button.tsx:28:13)

    console.log
      [Button] Rendering with type: submit

      at log (src/components/ui/Button.tsx:25:13)

    console.log
      [Button] Props received: {
        variant: 'primary',
        size: 'lg',
        type: 'submit',
        loading: false,
        disabled: false
      }

      at log (src/components/ui/Button.tsx:26:13)

    console.log
      [Button] Has onClick in props: false

      at log (src/components/ui/Button.tsx:27:13)

    console.log
      [Button] All props: {}

      at log (src/components/ui/Button.tsx:28:13)

    console.log
      [Button] Rendering with type: submit

      at log (src/components/ui/Button.tsx:25:13)

    console.log
      [Button] Props received: {
        variant: 'primary',
        size: 'lg',
        type: 'submit',
        loading: false,
        disabled: false
      }

      at log (src/components/ui/Button.tsx:26:13)

    console.log
      [Button] Has onClick in props: false

      at log (src/components/ui/Button.tsx:27:13)

    console.log
      [Button] All props: {}

      at log (src/components/ui/Button.tsx:28:13)

    console.log
      [Button] Rendering with type: submit

      at log (src/components/ui/Button.tsx:25:13)

    console.log
      [Button] Props received: {
        variant: 'primary',
        size: 'lg',
        type: 'submit',
        loading: false,
        disabled: false
      }

      at log (src/components/ui/Button.tsx:26:13)

    console.log
      [Button] Has onClick in props: false

      at log (src/components/ui/Button.tsx:27:13)

    console.log
      [Button] All props: {}

      at log (src/components/ui/Button.tsx:28:13)

    console.log
      [Button] Rendering with type: submit

      at log (src/components/ui/Button.tsx:25:13)

    console.log
      [Button] Props received: {
        variant: 'primary',
        size: 'lg',
        type: 'submit',
        loading: false,
        disabled: false
      }

      at log (src/components/ui/Button.tsx:26:13)

    console.log
      [Button] Has onClick in props: false

      at log (src/components/ui/Button.tsx:27:13)

    console.log
      [Button] All props: {}

      at log (src/components/ui/Button.tsx:28:13)

    console.log
      [Button] Rendering with type: submit

      at log (src/components/ui/Button.tsx:25:13)

    console.log
      [Button] Props received: {
        variant: 'primary',
        size: 'lg',
        type: 'submit',
        loading: false,
        disabled: false
      }

      at log (src/components/ui/Button.tsx:26:13)

    console.log
      [Button] Has onClick in props: false

      at log (src/components/ui/Button.tsx:27:13)

    console.log
      [Button] All props: {}

      at log (src/components/ui/Button.tsx:28:13)

    console.log
      [Button] Rendering with type: submit

      at log (src/components/ui/Button.tsx:25:13)

    console.log
      [Button] Props received: {
        variant: 'primary',
        size: 'lg',
        type: 'submit',
        loading: false,
        disabled: false
      }

      at log (src/components/ui/Button.tsx:26:13)

    console.log
      [Button] Has onClick in props: false

      at log (src/components/ui/Button.tsx:27:13)

    console.log
      [Button] All props: {}

      at log (src/components/ui/Button.tsx:28:13)

    console.log
      [Button] Rendering with type: submit

      at log (src/components/ui/Button.tsx:25:13)

    console.log
      [Button] Props received: {
        variant: 'primary',
        size: 'lg',
        type: 'submit',
        loading: false,
        disabled: false
      }

      at log (src/components/ui/Button.tsx:26:13)

    console.log
      [Button] Has onClick in props: false

      at log (src/components/ui/Button.tsx:27:13)

    console.log
      [Button] All props: {}

      at log (src/components/ui/Button.tsx:28:13)

    console.log
      [Button] Rendering with type: submit

      at log (src/components/ui/Button.tsx:25:13)

    console.log
      [Button] Props received: {
        variant: 'primary',
        size: 'lg',
        type: 'submit',
        loading: false,
        disabled: false
      }

      at log (src/components/ui/Button.tsx:26:13)

    console.log
      [Button] Has onClick in props: false

      at log (src/components/ui/Button.tsx:27:13)

    console.log
      [Button] All props: {}

      at log (src/components/ui/Button.tsx:28:13)

    console.log
      [Button] Rendering with type: submit

      at log (src/components/ui/Button.tsx:25:13)

    console.log
      [Button] Props received: {
        variant: 'primary',
        size: 'lg',
        type: 'submit',
        loading: false,
        disabled: false
      }

      at log (src/components/ui/Button.tsx:26:13)

    console.log
      [Button] Has onClick in props: false

      at log (src/components/ui/Button.tsx:27:13)

    console.log
      [Button] All props: {}

      at log (src/components/ui/Button.tsx:28:13)

    console.log
      [Button] Rendering with type: submit

      at log (src/components/ui/Button.tsx:25:13)

    console.log
      [Button] Props received: {
        variant: 'primary',
        size: 'lg',
        type: 'submit',
        loading: false,
        disabled: false
      }

      at log (src/components/ui/Button.tsx:26:13)

    console.log
      [Button] Has onClick in props: false

      at log (src/components/ui/Button.tsx:27:13)

    console.log
      [Button] All props: {}

      at log (src/components/ui/Button.tsx:28:13)

    console.log
      [Button] Rendering with type: submit

      at log (src/components/ui/Button.tsx:25:13)

    console.log
      [Button] Props received: {
        variant: 'primary',
        size: 'lg',
        type: 'submit',
        loading: false,
        disabled: false
      }

      at log (src/components/ui/Button.tsx:26:13)

    console.log
      [Button] Has onClick in props: false

      at log (src/components/ui/Button.tsx:27:13)

    console.log
      [Button] All props: {}

      at log (src/components/ui/Button.tsx:28:13)

    console.log
      [Button] Rendering with type: submit

      at log (src/components/ui/Button.tsx:25:13)

    console.log
      [Button] Props received: {
        variant: 'primary',
        size: 'lg',
        type: 'submit',
        loading: false,
        disabled: false
      }

      at log (src/components/ui/Button.tsx:26:13)

    console.log
      [Button] Has onClick in props: false

      at log (src/components/ui/Button.tsx:27:13)

    console.log
      [Button] All props: {}

      at log (src/components/ui/Button.tsx:28:13)

    console.log
      [Button] Rendering with type: submit

      at log (src/components/ui/Button.tsx:25:13)

    console.log
      [Button] Props received: {
        variant: 'primary',
        size: 'lg',
        type: 'submit',
        loading: false,
        disabled: false
      }

      at log (src/components/ui/Button.tsx:26:13)

    console.log
      [Button] Has onClick in props: false

      at log (src/components/ui/Button.tsx:27:13)

    console.log
      [Button] All props: {}

      at log (src/components/ui/Button.tsx:28:13)

    console.log
      [Button] Rendering with type: submit

      at log (src/components/ui/Button.tsx:25:13)

    console.log
      [Button] Props received: {
        variant: 'primary',
        size: 'lg',
        type: 'submit',
        loading: false,
        disabled: false
      }

      at log (src/components/ui/Button.tsx:26:13)

    console.log
      [Button] Has onClick in props: false

      at log (src/components/ui/Button.tsx:27:13)

    console.log
      [Button] All props: {}

      at log (src/components/ui/Button.tsx:28:13)

    console.log
      [Button] Rendering with type: submit

      at log (src/components/ui/Button.tsx:25:13)

    console.log
      [Button] Props received: {
        variant: 'primary',
        size: 'lg',
        type: 'submit',
        loading: false,
        disabled: false
      }

      at log (src/components/ui/Button.tsx:26:13)

    console.log
      [Button] Has onClick in props: false

      at log (src/components/ui/Button.tsx:27:13)

    console.log
      [Button] All props: {}

      at log (src/components/ui/Button.tsx:28:13)

    console.log
      [Button] Rendering with type: submit

      at log (src/components/ui/Button.tsx:25:13)

    console.log
      [Button] Props received: {
        variant: 'primary',
        size: 'lg',
        type: 'submit',
        loading: false,
        disabled: false
      }

      at log (src/components/ui/Button.tsx:26:13)

    console.log
      [Button] Has onClick in props: false

      at log (src/components/ui/Button.tsx:27:13)

    console.log
      [Button] All props: {}

      at log (src/components/ui/Button.tsx:28:13)

    console.log
      [Button] Rendering with type: submit

      at log (src/components/ui/Button.tsx:25:13)

    console.log
      [Button] Props received: {
        variant: 'primary',
        size: 'lg',
        type: 'submit',
        loading: false,
        disabled: false
      }

      at log (src/components/ui/Button.tsx:26:13)

    console.log
      [Button] Has onClick in props: false

      at log (src/components/ui/Button.tsx:27:13)

    console.log
      [Button] All props: {}

      at log (src/components/ui/Button.tsx:28:13)

    console.log
      [Button] Rendering with type: submit

      at log (src/components/ui/Button.tsx:25:13)

    console.log
      [Button] Props received: {
        variant: 'primary',
        size: 'lg',
        type: 'submit',
        loading: false,
        disabled: false
      }

      at log (src/components/ui/Button.tsx:26:13)

    console.log
      [Button] Has onClick in props: false

      at log (src/components/ui/Button.tsx:27:13)

    console.log
      [Button] All props: {}

      at log (src/components/ui/Button.tsx:28:13)

    console.log
      [Button] Rendering with type: submit

      at log (src/components/ui/Button.tsx:25:13)

    console.log
      [Button] Props received: {
        variant: 'primary',
        size: 'lg',
        type: 'submit',
        loading: false,
        disabled: false
      }

      at log (src/components/ui/Button.tsx:26:13)

    console.log
      [Button] Has onClick in props: false

      at log (src/components/ui/Button.tsx:27:13)

    console.log
      [Button] All props: {}

      at log (src/components/ui/Button.tsx:28:13)

    console.log
      [Button] Rendering with type: submit

      at log (src/components/ui/Button.tsx:25:13)

    console.log
      [Button] Props received: {
        variant: 'primary',
        size: 'lg',
        type: 'submit',
        loading: false,
        disabled: false
      }

      at log (src/components/ui/Button.tsx:26:13)

    console.log
      [Button] Has onClick in props: false

      at log (src/components/ui/Button.tsx:27:13)

    console.log
      [Button] All props: {}

      at log (src/components/ui/Button.tsx:28:13)

    console.log
      [Button] Rendering with type: submit

      at log (src/components/ui/Button.tsx:25:13)

    console.log
      [Button] Props received: {
        variant: 'primary',
        size: 'lg',
        type: 'submit',
        loading: false,
        disabled: false
      }

      at log (src/components/ui/Button.tsx:26:13)

    console.log
      [Button] Has onClick in props: false

      at log (src/components/ui/Button.tsx:27:13)

    console.log
      [Button] All props: {}

      at log (src/components/ui/Button.tsx:28:13)

    console.log
      [Button] Rendering with type: submit

      at log (src/components/ui/Button.tsx:25:13)

    console.log
      [Button] Props received: {
        variant: 'primary',
        size: 'lg',
        type: 'submit',
        loading: false,
        disabled: false
      }

      at log (src/components/ui/Button.tsx:26:13)

    console.log
      [Button] Has onClick in props: false

      at log (src/components/ui/Button.tsx:27:13)

    console.log
      [Button] All props: {}

      at log (src/components/ui/Button.tsx:28:13)

    console.log
      [Button] Rendering with type: submit

      at log (src/components/ui/Button.tsx:25:13)

    console.log
      [Button] Props received: {
        variant: 'primary',
        size: 'lg',
        type: 'submit',
        loading: false,
        disabled: false
      }

      at log (src/components/ui/Button.tsx:26:13)

    console.log
      [Button] Has onClick in props: false

      at log (src/components/ui/Button.tsx:27:13)

    console.log
      [Button] All props: {}

      at log (src/components/ui/Button.tsx:28:13)

    console.log
      [Button] Rendering with type: submit

      at log (src/components/ui/Button.tsx:25:13)

    console.log
      [Button] Props received: {
        variant: 'primary',
        size: 'lg',
        type: 'submit',
        loading: false,
        disabled: false
      }

      at log (src/components/ui/Button.tsx:26:13)

    console.log
      [Button] Has onClick in props: false

      at log (src/components/ui/Button.tsx:27:13)

    console.log
      [Button] All props: {}

      at log (src/components/ui/Button.tsx:28:13)

    console.log
      [Button] Rendering with type: submit

      at log (src/components/ui/Button.tsx:25:13)

    console.log
      [Button] Props received: {
        variant: 'primary',
        size: 'lg',
        type: 'submit',
        loading: false,
        disabled: false
      }

      at log (src/components/ui/Button.tsx:26:13)

    console.log
      [Button] Has onClick in props: false

      at log (src/components/ui/Button.tsx:27:13)

    console.log
      [Button] All props: {}

      at log (src/components/ui/Button.tsx:28:13)

    console.log
      [Button] Rendering with type: submit

      at log (src/components/ui/Button.tsx:25:13)

    console.log
      [Button] Props received: {
        variant: 'primary',
        size: 'lg',
        type: 'submit',
        loading: false,
        disabled: false
      }

      at log (src/components/ui/Button.tsx:26:13)

    console.log
      [Button] Has onClick in props: false

      at log (src/components/ui/Button.tsx:27:13)

    console.log
      [Button] All props: {}

      at log (src/components/ui/Button.tsx:28:13)

    console.log
      [Button] Rendering with type: submit

      at log (src/components/ui/Button.tsx:25:13)

    console.log
      [Button] Props received: {
        variant: 'primary',
        size: 'lg',
        type: 'submit',
        loading: false,
        disabled: false
      }

      at log (src/components/ui/Button.tsx:26:13)

    console.log
      [Button] Has onClick in props: false

      at log (src/components/ui/Button.tsx:27:13)

    console.log
      [Button] All props: {}

      at log (src/components/ui/Button.tsx:28:13)

    console.log
      [Button] Rendering with type: submit

      at log (src/components/ui/Button.tsx:25:13)

    console.log
      [Button] Props received: {
        variant: 'primary',
        size: 'lg',
        type: 'submit',
        loading: false,
        disabled: false
      }

      at log (src/components/ui/Button.tsx:26:13)

    console.log
      [Button] Has onClick in props: false

      at log (src/components/ui/Button.tsx:27:13)

    console.log
      [Button] All props: {}

      at log (src/components/ui/Button.tsx:28:13)

    console.log
      [Button] Rendering with type: submit

      at log (src/components/ui/Button.tsx:25:13)

    console.log
      [Button] Props received: {
        variant: 'primary',
        size: 'lg',
        type: 'submit',
        loading: false,
        disabled: false
      }

      at log (src/components/ui/Button.tsx:26:13)

    console.log
      [Button] Has onClick in props: false

      at log (src/components/ui/Button.tsx:27:13)

    console.log
      [Button] All props: {}

      at log (src/components/ui/Button.tsx:28:13)

    console.log
      [Button] Rendering with type: submit

      at log (src/components/ui/Button.tsx:25:13)

    console.log
      [Button] Props received: {
        variant: 'primary',
        size: 'lg',
        type: 'submit',
        loading: false,
        disabled: false
      }

      at log (src/components/ui/Button.tsx:26:13)

    console.log
      [Button] Has onClick in props: false

      at log (src/components/ui/Button.tsx:27:13)

    console.log
      [Button] All props: {}

      at log (src/components/ui/Button.tsx:28:13)

    console.log
      [Button] Rendering with type: submit

      at log (src/components/ui/Button.tsx:25:13)

    console.log
      [Button] Props received: {
        variant: 'primary',
        size: 'lg',
        type: 'submit',
        loading: false,
        disabled: false
      }

      at log (src/components/ui/Button.tsx:26:13)

    console.log
      [Button] Has onClick in props: false

      at log (src/components/ui/Button.tsx:27:13)

    console.log
      [Button] All props: {}

      at log (src/components/ui/Button.tsx:28:13)

    console.log
      [Button] Rendering with type: submit

      at log (src/components/ui/Button.tsx:25:13)

    console.log
      [Button] Props received: {
        variant: 'primary',
        size: 'lg',
        type: 'submit',
        loading: false,
        disabled: false
      }

      at log (src/components/ui/Button.tsx:26:13)

    console.log
      [Button] Has onClick in props: false

      at log (src/components/ui/Button.tsx:27:13)

    console.log
      [Button] All props: {}

      at log (src/components/ui/Button.tsx:28:13)

    console.log
      [Button] Rendering with type: submit

      at log (src/components/ui/Button.tsx:25:13)

    console.log
      [Button] Props received: {
        variant: 'primary',
        size: 'lg',
        type: 'submit',
        loading: false,
        disabled: false
      }

      at log (src/components/ui/Button.tsx:26:13)

    console.log
      [Button] Has onClick in props: false

      at log (src/components/ui/Button.tsx:27:13)

    console.log
      [Button] All props: {}

      at log (src/components/ui/Button.tsx:28:13)

    console.log
      [Button] Rendering with type: submit

      at log (src/components/ui/Button.tsx:25:13)

    console.log
      [Button] Props received: {
        variant: 'primary',
        size: 'lg',
        type: 'submit',
        loading: false,
        disabled: false
      }

      at log (src/components/ui/Button.tsx:26:13)

    console.log
      [Button] Has onClick in props: false

      at log (src/components/ui/Button.tsx:27:13)

    console.log
      [Button] All props: {}

      at log (src/components/ui/Button.tsx:28:13)

    console.log
      [Button] Rendering with type: submit

      at log (src/components/ui/Button.tsx:25:13)

    console.log
      [Button] Props received: {
        variant: 'primary',
        size: 'lg',
        type: 'submit',
        loading: false,
        disabled: false
      }

      at log (src/components/ui/Button.tsx:26:13)

    console.log
      [Button] Has onClick in props: false

      at log (src/components/ui/Button.tsx:27:13)

    console.log
      [Button] All props: {}

      at log (src/components/ui/Button.tsx:28:13)

    console.log
      [Button] Rendering with type: submit

      at log (src/components/ui/Button.tsx:25:13)

    console.log
      [Button] Props received: {
        variant: 'primary',
        size: 'lg',
        type: 'submit',
        loading: false,
        disabled: false
      }

      at log (src/components/ui/Button.tsx:26:13)

    console.log
      [Button] Has onClick in props: false

      at log (src/components/ui/Button.tsx:27:13)

    console.log
      [Button] All props: {}

      at log (src/components/ui/Button.tsx:28:13)

    console.log
      [Button] Rendering with type: submit

      at log (src/components/ui/Button.tsx:25:13)

    console.log
      [Button] Props received: {
        variant: 'primary',
        size: 'lg',
        type: 'submit',
        loading: false,
        disabled: false
      }

      at log (src/components/ui/Button.tsx:26:13)

    console.log
      [Button] Has onClick in props: false

      at log (src/components/ui/Button.tsx:27:13)

    console.log
      [Button] All props: {}

      at log (src/components/ui/Button.tsx:28:13)

    console.log
      [Button] Rendering with type: submit

      at log (src/components/ui/Button.tsx:25:13)

    console.log
      [Button] Props received: {
        variant: 'primary',
        size: 'lg',
        type: 'submit',
        loading: false,
        disabled: false
      }

      at log (src/components/ui/Button.tsx:26:13)

    console.log
      [Button] Has onClick in props: false

      at log (src/components/ui/Button.tsx:27:13)

    console.log
      [Button] All props: {}

      at log (src/components/ui/Button.tsx:28:13)

    console.log
      [Button] Rendering with type: submit

      at log (src/components/ui/Button.tsx:25:13)

    console.log
      [Button] Props received: {
        variant: 'primary',
        size: 'lg',
        type: 'submit',
        loading: false,
        disabled: false
      }

      at log (src/components/ui/Button.tsx:26:13)

    console.log
      [Button] Has onClick in props: false

      at log (src/components/ui/Button.tsx:27:13)

    console.log
      [Button] All props: {}

      at log (src/components/ui/Button.tsx:28:13)

    console.log
      [Button] Rendering with type: submit

      at log (src/components/ui/Button.tsx:25:13)

    console.log
      [Button] Props received: {
        variant: 'primary',
        size: 'lg',
        type: 'submit',
        loading: false,
        disabled: false
      }

      at log (src/components/ui/Button.tsx:26:13)

    console.log
      [Button] Has onClick in props: false

      at log (src/components/ui/Button.tsx:27:13)

    console.log
      [Button] All props: {}

      at log (src/components/ui/Button.tsx:28:13)

    console.log
      [Button] Rendering with type: submit

      at log (src/components/ui/Button.tsx:25:13)

    console.log
      [Button] Props received: {
        variant: 'primary',
        size: 'lg',
        type: 'submit',
        loading: false,
        disabled: false
      }

      at log (src/components/ui/Button.tsx:26:13)

    console.log
      [Button] Has onClick in props: false

      at log (src/components/ui/Button.tsx:27:13)

    console.log
      [Button] All props: {}

      at log (src/components/ui/Button.tsx:28:13)

    console.log
      [Button] Rendering with type: submit

      at log (src/components/ui/Button.tsx:25:13)

    console.log
      [Button] Props received: {
        variant: 'primary',
        size: 'lg',
        type: 'submit',
        loading: false,
        disabled: false
      }

      at log (src/components/ui/Button.tsx:26:13)

    console.log
      [Button] Has onClick in props: false

      at log (src/components/ui/Button.tsx:27:13)

    console.log
      [Button] All props: {}

      at log (src/components/ui/Button.tsx:28:13)

    console.log
      [Button] Rendering with type: submit

      at log (src/components/ui/Button.tsx:25:13)

    console.log
      [Button] Props received: {
        variant: 'primary',
        size: 'lg',
        type: 'submit',
        loading: false,
        disabled: false
      }

      at log (src/components/ui/Button.tsx:26:13)

    console.log
      [Button] Has onClick in props: false

      at log (src/components/ui/Button.tsx:27:13)

    console.log
      [Button] All props: {}

      at log (src/components/ui/Button.tsx:28:13)

    console.log
      [Button] Rendering with type: submit

      at log (src/components/ui/Button.tsx:25:13)

    console.log
      [Button] Props received: {
        variant: 'primary',
        size: 'lg',
        type: 'submit',
        loading: false,
        disabled: false
      }

      at log (src/components/ui/Button.tsx:26:13)

    console.log
      [Button] Has onClick in props: false

      at log (src/components/ui/Button.tsx:27:13)

    console.log
      [Button] All props: {}

      at log (src/components/ui/Button.tsx:28:13)

    console.log
      [Button] Rendering with type: submit

      at log (src/components/ui/Button.tsx:25:13)

    console.log
      [Button] Props received: {
        variant: 'primary',
        size: 'lg',
        type: 'submit',
        loading: false,
        disabled: false
      }

      at log (src/components/ui/Button.tsx:26:13)

    console.log
      [Button] Has onClick in props: false

      at log (src/components/ui/Button.tsx:27:13)

    console.log
      [Button] All props: {}

      at log (src/components/ui/Button.tsx:28:13)

    console.log
      [Button] Rendering with type: submit

      at log (src/components/ui/Button.tsx:25:13)

    console.log
      [Button] Props received: {
        variant: 'primary',
        size: 'lg',
        type: 'submit',
        loading: false,
        disabled: false
      }

      at log (src/components/ui/Button.tsx:26:13)

    console.log
      [Button] Has onClick in props: false

      at log (src/components/ui/Button.tsx:27:13)

    console.log
      [Button] All props: {}

      at log (src/components/ui/Button.tsx:28:13)

    console.log
      [Button] Rendering with type: submit

      at log (src/components/ui/Button.tsx:25:13)

    console.log
      [Button] Props received: {
        variant: 'primary',
        size: 'lg',
        type: 'submit',
        loading: false,
        disabled: false
      }

      at log (src/components/ui/Button.tsx:26:13)

    console.log
      [Button] Has onClick in props: false

      at log (src/components/ui/Button.tsx:27:13)

    console.log
      [Button] All props: {}

      at log (src/components/ui/Button.tsx:28:13)

    console.log
      [Button] Rendering with type: submit

      at log (src/components/ui/Button.tsx:25:13)

    console.log
      [Button] Props received: {
        variant: 'primary',
        size: 'lg',
        type: 'submit',
        loading: false,
        disabled: false
      }

      at log (src/components/ui/Button.tsx:26:13)

    console.log
      [Button] Has onClick in props: false

      at log (src/components/ui/Button.tsx:27:13)

    console.log
      [Button] All props: {}

      at log (src/components/ui/Button.tsx:28:13)

    console.log
      [Button] Rendering with type: submit

      at log (src/components/ui/Button.tsx:25:13)

    console.log
      [Button] Props received: {
        variant: 'primary',
        size: 'lg',
        type: 'submit',
        loading: false,
        disabled: false
      }

      at log (src/components/ui/Button.tsx:26:13)

    console.log
      [Button] Has onClick in props: false

      at log (src/components/ui/Button.tsx:27:13)

    console.log
      [Button] All props: {}

      at log (src/components/ui/Button.tsx:28:13)

    console.log
      [Button] Rendering with type: submit

      at log (src/components/ui/Button.tsx:25:13)

    console.log
      [Button] Props received: {
        variant: 'primary',
        size: 'lg',
        type: 'submit',
        loading: false,
        disabled: false
      }

      at log (src/components/ui/Button.tsx:26:13)

    console.log
      [Button] Has onClick in props: false

      at log (src/components/ui/Button.tsx:27:13)

    console.log
      [Button] All props: {}

      at log (src/components/ui/Button.tsx:28:13)

    console.log
      [Button] Rendering with type: submit

      at log (src/components/ui/Button.tsx:25:13)

    console.log
      [Button] Props received: {
        variant: 'primary',
        size: 'lg',
        type: 'submit',
        loading: false,
        disabled: false
      }

      at log (src/components/ui/Button.tsx:26:13)

    console.log
      [Button] Has onClick in props: false

      at log (src/components/ui/Button.tsx:27:13)

    console.log
      [Button] All props: {}

      at log (src/components/ui/Button.tsx:28:13)

    console.log
      [Button] Rendering with type: submit

      at log (src/components/ui/Button.tsx:25:13)

    console.log
      [Button] Props received: {
        variant: 'primary',
        size: 'lg',
        type: 'submit',
        loading: false,
        disabled: false
      }

      at log (src/components/ui/Button.tsx:26:13)

    console.log
      [Button] Has onClick in props: false

      at log (src/components/ui/Button.tsx:27:13)

    console.log
      [Button] All props: {}

      at log (src/components/ui/Button.tsx:28:13)

    console.log
      [Button] Rendering with type: submit

      at log (src/components/ui/Button.tsx:25:13)

    console.log
      [Button] Props received: {
        variant: 'primary',
        size: 'lg',
        type: 'submit',
        loading: false,
        disabled: false
      }

      at log (src/components/ui/Button.tsx:26:13)

    console.log
      [Button] Has onClick in props: false

      at log (src/components/ui/Button.tsx:27:13)

    console.log
      [Button] All props: {}

      at log (src/components/ui/Button.tsx:28:13)

    console.log
      [Button] Rendering with type: submit

      at log (src/components/ui/Button.tsx:25:13)

    console.log
      [Button] Props received: {
        variant: 'primary',
        size: 'lg',
        type: 'submit',
        loading: false,
        disabled: false
      }

      at log (src/components/ui/Button.tsx:26:13)

    console.log
      [Button] Has onClick in props: false

      at log (src/components/ui/Button.tsx:27:13)

    console.log
      [Button] All props: {}

      at log (src/components/ui/Button.tsx:28:13)

    console.log
      [Button] Rendering with type: submit

      at log (src/components/ui/Button.tsx:25:13)

    console.log
      [Button] Props received: {
        variant: 'primary',
        size: 'lg',
        type: 'submit',
        loading: false,
        disabled: false
      }

      at log (src/components/ui/Button.tsx:26:13)

    console.log
      [Button] Has onClick in props: false

      at log (src/components/ui/Button.tsx:27:13)

    console.log
      [Button] All props: {}

      at log (src/components/ui/Button.tsx:28:13)

    console.log
      [Button] Rendering with type: submit

      at log (src/components/ui/Button.tsx:25:13)

    console.log
      [Button] Props received: {
        variant: 'primary',
        size: 'lg',
        type: 'submit',
        loading: false,
        disabled: false
      }

      at log (src/components/ui/Button.tsx:26:13)

    console.log
      [Button] Has onClick in props: false

      at log (src/components/ui/Button.tsx:27:13)

    console.log
      [Button] All props: {}

      at log (src/components/ui/Button.tsx:28:13)

    console.log
      [Button] Rendering with type: submit

      at log (src/components/ui/Button.tsx:25:13)

    console.log
      [Button] Props received: {
        variant: 'primary',
        size: 'lg',
        type: 'submit',
        loading: false,
        disabled: false
      }

      at log (src/components/ui/Button.tsx:26:13)

    console.log
      [Button] Has onClick in props: false

      at log (src/components/ui/Button.tsx:27:13)

    console.log
      [Button] All props: {}

      at log (src/components/ui/Button.tsx:28:13)

    console.log
      [Button] Rendering with type: submit

      at log (src/components/ui/Button.tsx:25:13)

    console.log
      [Button] Props received: {
        variant: 'primary',
        size: 'lg',
        type: 'submit',
        loading: false,
        disabled: false
      }

      at log (src/components/ui/Button.tsx:26:13)

    console.log
      [Button] Has onClick in props: false

      at log (src/components/ui/Button.tsx:27:13)

    console.log
      [Button] All props: {}

      at log (src/components/ui/Button.tsx:28:13)

    console.log
      [Button] Rendering with type: submit

      at log (src/components/ui/Button.tsx:25:13)

    console.log
      [Button] Props received: {
        variant: 'primary',
        size: 'lg',
        type: 'submit',
        loading: false,
        disabled: false
      }

      at log (src/components/ui/Button.tsx:26:13)

    console.log
      [Button] Has onClick in props: false

      at log (src/components/ui/Button.tsx:27:13)

    console.log
      [Button] All props: {}

      at log (src/components/ui/Button.tsx:28:13)

    console.log
      [Button] Rendering with type: submit

      at log (src/components/ui/Button.tsx:25:13)

    console.log
      [Button] Props received: {
        variant: 'primary',
        size: 'lg',
        type: 'submit',
        loading: false,
        disabled: false
      }

      at log (src/components/ui/Button.tsx:26:13)

    console.log
      [Button] Has onClick in props: false

      at log (src/components/ui/Button.tsx:27:13)

    console.log
      [Button] All props: {}

      at log (src/components/ui/Button.tsx:28:13)

    console.log
      [Button] Rendering with type: submit

      at log (src/components/ui/Button.tsx:25:13)

    console.log
      [Button] Props received: {
        variant: 'primary',
        size: 'lg',
        type: 'submit',
        loading: false,
        disabled: false
      }

      at log (src/components/ui/Button.tsx:26:13)

    console.log
      [Button] Has onClick in props: false

      at log (src/components/ui/Button.tsx:27:13)

    console.log
      [Button] All props: {}

      at log (src/components/ui/Button.tsx:28:13)

    console.log
      [Button] Rendering with type: submit

      at log (src/components/ui/Button.tsx:25:13)

    console.log
      [Button] Props received: {
        variant: 'primary',
        size: 'lg',
        type: 'submit',
        loading: false,
        disabled: false
      }

      at log (src/components/ui/Button.tsx:26:13)

    console.log
      [Button] Has onClick in props: false

      at log (src/components/ui/Button.tsx:27:13)

    console.log
      [Button] All props: {}

      at log (src/components/ui/Button.tsx:28:13)

    console.log
      [Button] Rendering with type: submit

      at log (src/components/ui/Button.tsx:25:13)

    console.log
      [Button] Props received: {
        variant: 'primary',
        size: 'lg',
        type: 'submit',
        loading: false,
        disabled: false
      }

      at log (src/components/ui/Button.tsx:26:13)

    console.log
      [Button] Has onClick in props: false

      at log (src/components/ui/Button.tsx:27:13)

    console.log
      [Button] All props: {}

      at log (src/components/ui/Button.tsx:28:13)

    console.log
      [Button] Rendering with type: submit

      at log (src/components/ui/Button.tsx:25:13)

    console.log
      [Button] Props received: {
        variant: 'primary',
        size: 'lg',
        type: 'submit',
        loading: false,
        disabled: false
      }

      at log (src/components/ui/Button.tsx:26:13)

    console.log
      [Button] Has onClick in props: false

      at log (src/components/ui/Button.tsx:27:13)

    console.log
      [Button] All props: {}

      at log (src/components/ui/Button.tsx:28:13)

    console.log
      [Button] Rendering with type: submit

      at log (src/components/ui/Button.tsx:25:13)

    console.log
      [Button] Props received: {
        variant: 'primary',
        size: 'lg',
        type: 'submit',
        loading: false,
        disabled: false
      }

      at log (src/components/ui/Button.tsx:26:13)

    console.log
      [Button] Has onClick in props: false

      at log (src/components/ui/Button.tsx:27:13)

    console.log
      [Button] All props: {}

      at log (src/components/ui/Button.tsx:28:13)

    console.log
      [Button] Rendering with type: submit

      at log (src/components/ui/Button.tsx:25:13)

    console.log
      [Button] Props received: {
        variant: 'primary',
        size: 'lg',
        type: 'submit',
        loading: false,
        disabled: false
      }

      at log (src/components/ui/Button.tsx:26:13)

    console.log
      [Button] Has onClick in props: false

      at log (src/components/ui/Button.tsx:27:13)

    console.log
      [Button] All props: {}

      at log (src/components/ui/Button.tsx:28:13)

    console.log
      [Button] Rendering with type: submit

      at log (src/components/ui/Button.tsx:25:13)

    console.log
      [Button] Props received: {
        variant: 'primary',
        size: 'lg',
        type: 'submit',
        loading: false,
        disabled: false
      }

      at log (src/components/ui/Button.tsx:26:13)

    console.log
      [Button] Has onClick in props: false

      at log (src/components/ui/Button.tsx:27:13)

    console.log
      [Button] All props: {}

      at log (src/components/ui/Button.tsx:28:13)

    console.log
      [Button] Rendering with type: submit

      at log (src/components/ui/Button.tsx:25:13)

    console.log
      [Button] Props received: {
        variant: 'primary',
        size: 'lg',
        type: 'submit',
        loading: false,
        disabled: false
      }

      at log (src/components/ui/Button.tsx:26:13)

    console.log
      [Button] Has onClick in props: false

      at log (src/components/ui/Button.tsx:27:13)

    console.log
      [Button] All props: {}

      at log (src/components/ui/Button.tsx:28:13)

    console.log
      [Button] Rendering with type: submit

      at log (src/components/ui/Button.tsx:25:13)

    console.log
      [Button] Props received: {
        variant: 'primary',
        size: 'lg',
        type: 'submit',
        loading: false,
        disabled: false
      }

      at log (src/components/ui/Button.tsx:26:13)

    console.log
      [Button] Has onClick in props: false

      at log (src/components/ui/Button.tsx:27:13)

    console.log
      [Button] All props: {}

      at log (src/components/ui/Button.tsx:28:13)

    console.log
      [Button] Rendering with type: submit

      at log (src/components/ui/Button.tsx:25:13)

    console.log
      [Button] Props received: {
        variant: 'primary',
        size: 'lg',
        type: 'submit',
        loading: false,
        disabled: false
      }

      at log (src/components/ui/Button.tsx:26:13)

    console.log
      [Button] Has onClick in props: false

      at log (src/components/ui/Button.tsx:27:13)

    console.log
      [Button] All props: {}

      at log (src/components/ui/Button.tsx:28:13)

    console.log
      [Button] Rendering with type: submit

      at log (src/components/ui/Button.tsx:25:13)

    console.log
      [Button] Props received: {
        variant: 'primary',
        size: 'lg',
        type: 'submit',
        loading: false,
        disabled: false
      }

      at log (src/components/ui/Button.tsx:26:13)

    console.log
      [Button] Has onClick in props: false

      at log (src/components/ui/Button.tsx:27:13)

    console.log
      [Button] All props: {}

      at log (src/components/ui/Button.tsx:28:13)

    console.log
      [Button] Rendering with type: submit

      at log (src/components/ui/Button.tsx:25:13)

    console.log
      [Button] Props received: {
        variant: 'primary',
        size: 'lg',
        type: 'submit',
        loading: false,
        disabled: false
      }

      at log (src/components/ui/Button.tsx:26:13)

    console.log
      [Button] Has onClick in props: false

      at log (src/components/ui/Button.tsx:27:13)

    console.log
      [Button] All props: {}

      at log (src/components/ui/Button.tsx:28:13)

    console.log
      [Button] Rendering with type: submit

      at log (src/components/ui/Button.tsx:25:13)

    console.log
      [Button] Props received: {
        variant: 'primary',
        size: 'lg',
        type: 'submit',
        loading: false,
        disabled: false
      }

      at log (src/components/ui/Button.tsx:26:13)

    console.log
      [Button] Has onClick in props: false

      at log (src/components/ui/Button.tsx:27:13)

    console.log
      [Button] All props: {}

      at log (src/components/ui/Button.tsx:28:13)

    console.log
      [Button] Rendering with type: submit

      at log (src/components/ui/Button.tsx:25:13)

    console.log
      [Button] Props received: {
        variant: 'primary',
        size: 'lg',
        type: 'submit',
        loading: false,
        disabled: false
      }

      at log (src/components/ui/Button.tsx:26:13)

    console.log
      [Button] Has onClick in props: false

      at log (src/components/ui/Button.tsx:27:13)

    console.log
      [Button] All props: {}

      at log (src/components/ui/Button.tsx:28:13)

    console.log
      [Button] Rendering with type: submit

      at log (src/components/ui/Button.tsx:25:13)

    console.log
      [Button] Props received: {
        variant: 'primary',
        size: 'lg',
        type: 'submit',
        loading: false,
        disabled: false
      }

      at log (src/components/ui/Button.tsx:26:13)

    console.log
      [Button] Has onClick in props: false

      at log (src/components/ui/Button.tsx:27:13)

    console.log
      [Button] All props: {}

      at log (src/components/ui/Button.tsx:28:13)

    console.log
      [Button] Rendering with type: submit

      at log (src/components/ui/Button.tsx:25:13)

    console.log
      [Button] Props received: {
        variant: 'primary',
        size: 'lg',
        type: 'submit',
        loading: false,
        disabled: false
      }

      at log (src/components/ui/Button.tsx:26:13)

    console.log
      [Button] Has onClick in props: false

      at log (src/components/ui/Button.tsx:27:13)

    console.log
      [Button] All props: {}

      at log (src/components/ui/Button.tsx:28:13)

    console.log
      [Button] Rendering with type: submit

      at log (src/components/ui/Button.tsx:25:13)

    console.log
      [Button] Props received: {
        variant: 'primary',
        size: 'lg',
        type: 'submit',
        loading: false,
        disabled: false
      }

      at log (src/components/ui/Button.tsx:26:13)

    console.log
      [Button] Has onClick in props: false

      at log (src/components/ui/Button.tsx:27:13)

    console.log
      [Button] All props: {}

      at log (src/components/ui/Button.tsx:28:13)

    console.log
      [Button] Rendering with type: submit

      at log (src/components/ui/Button.tsx:25:13)

    console.log
      [Button] Props received: {
        variant: 'primary',
        size: 'lg',
        type: 'submit',
        loading: false,
        disabled: false
      }

      at log (src/components/ui/Button.tsx:26:13)

    console.log
      [Button] Has onClick in props: false

      at log (src/components/ui/Button.tsx:27:13)

    console.log
      [Button] All props: {}

      at log (src/components/ui/Button.tsx:28:13)

    console.log
      [Button] Rendering with type: submit

      at log (src/components/ui/Button.tsx:25:13)

    console.log
      [Button] Props received: {
        variant: 'primary',
        size: 'lg',
        type: 'submit',
        loading: false,
        disabled: false
      }

      at log (src/components/ui/Button.tsx:26:13)

    console.log
      [Button] Has onClick in props: false

      at log (src/components/ui/Button.tsx:27:13)

    console.log
      [Button] All props: {}

      at log (src/components/ui/Button.tsx:28:13)

    console.log
      [Button] Rendering with type: submit

      at log (src/components/ui/Button.tsx:25:13)

    console.log
      [Button] Props received: {
        variant: 'primary',
        size: 'lg',
        type: 'submit',
        loading: false,
        disabled: false
      }

      at log (src/components/ui/Button.tsx:26:13)

    console.log
      [Button] Has onClick in props: false

      at log (src/components/ui/Button.tsx:27:13)

    console.log
      [Button] All props: {}

      at log (src/components/ui/Button.tsx:28:13)

    console.log
      [Button] Rendering with type: submit

      at log (src/components/ui/Button.tsx:25:13)

    console.log
      [Button] Props received: {
        variant: 'primary',
        size: 'lg',
        type: 'submit',
        loading: false,
        disabled: false
      }

      at log (src/components/ui/Button.tsx:26:13)

    console.log
      [Button] Has onClick in props: false

      at log (src/components/ui/Button.tsx:27:13)

    console.log
      [Button] All props: {}

      at log (src/components/ui/Button.tsx:28:13)

    console.log
      [Button] Rendering with type: submit

      at log (src/components/ui/Button.tsx:25:13)

    console.log
      [Button] Props received: {
        variant: 'primary',
        size: 'lg',
        type: 'submit',
        loading: false,
        disabled: false
      }

      at log (src/components/ui/Button.tsx:26:13)

    console.log
      [Button] Has onClick in props: false

      at log (src/components/ui/Button.tsx:27:13)

    console.log
      [Button] All props: {}

      at log (src/components/ui/Button.tsx:28:13)

    console.log
      [Button] Rendering with type: submit

      at log (src/components/ui/Button.tsx:25:13)

    console.log
      [Button] Props received: {
        variant: 'primary',
        size: 'lg',
        type: 'submit',
        loading: false,
        disabled: false
      }

      at log (src/components/ui/Button.tsx:26:13)

    console.log
      [Button] Has onClick in props: false

      at log (src/components/ui/Button.tsx:27:13)

    console.log
      [Button] All props: {}

      at log (src/components/ui/Button.tsx:28:13)

    console.log
      [Button] Rendering with type: submit

      at log (src/components/ui/Button.tsx:25:13)

    console.log
      [Button] Props received: {
        variant: 'primary',
        size: 'lg',
        type: 'submit',
        loading: false,
        disabled: false
      }

      at log (src/components/ui/Button.tsx:26:13)

    console.log
      [Button] Has onClick in props: false

      at log (src/components/ui/Button.tsx:27:13)

    console.log
      [Button] All props: {}

      at log (src/components/ui/Button.tsx:28:13)

    console.log
      [Button] Rendering with type: submit

      at log (src/components/ui/Button.tsx:25:13)

    console.log
      [Button] Props received: {
        variant: 'primary',
        size: 'lg',
        type: 'submit',
        loading: false,
        disabled: false
      }

      at log (src/components/ui/Button.tsx:26:13)

    console.log
      [Button] Has onClick in props: false

      at log (src/components/ui/Button.tsx:27:13)

    console.log
      [Button] All props: {}

      at log (src/components/ui/Button.tsx:28:13)

    console.log
      [Button] Rendering with type: submit

      at log (src/components/ui/Button.tsx:25:13)

    console.log
      [Button] Props received: {
        variant: 'primary',
        size: 'lg',
        type: 'submit',
        loading: false,
        disabled: false
      }

      at log (src/components/ui/Button.tsx:26:13)

    console.log
      [Button] Has onClick in props: false

      at log (src/components/ui/Button.tsx:27:13)

    console.log
      [Button] All props: {}

      at log (src/components/ui/Button.tsx:28:13)

    console.log
      [Button] Rendering with type: submit

      at log (src/components/ui/Button.tsx:25:13)

    console.log
      [Button] Props received: {
        variant: 'primary',
        size: 'lg',
        type: 'submit',
        loading: false,
        disabled: false
      }

      at log (src/components/ui/Button.tsx:26:13)

    console.log
      [Button] Has onClick in props: false

      at log (src/components/ui/Button.tsx:27:13)

    console.log
      [Button] All props: {}

      at log (src/components/ui/Button.tsx:28:13)

    console.log
      [Button] Rendering with type: submit

      at log (src/components/ui/Button.tsx:25:13)

    console.log
      [Button] Props received: {
        variant: 'primary',
        size: 'lg',
        type: 'submit',
        loading: false,
        disabled: false
      }

      at log (src/components/ui/Button.tsx:26:13)

    console.log
      [Button] Has onClick in props: false

      at log (src/components/ui/Button.tsx:27:13)

    console.log
      [Button] All props: {}

      at log (src/components/ui/Button.tsx:28:13)

    console.log
      [Button] Rendering with type: submit

      at log (src/components/ui/Button.tsx:25:13)

    console.log
      [Button] Props received: {
        variant: 'primary',
        size: 'lg',
        type: 'submit',
        loading: false,
        disabled: false
      }

      at log (src/components/ui/Button.tsx:26:13)

    console.log
      [Button] Has onClick in props: false

      at log (src/components/ui/Button.tsx:27:13)

    console.log
      [Button] All props: {}

      at log (src/components/ui/Button.tsx:28:13)

    console.log
      [Button] Rendering with type: submit

      at log (src/components/ui/Button.tsx:25:13)

    console.log
      [Button] Props received: {
        variant: 'primary',
        size: 'lg',
        type: 'submit',
        loading: false,
        disabled: false
      }

      at log (src/components/ui/Button.tsx:26:13)

    console.log
      [Button] Has onClick in props: false

      at log (src/components/ui/Button.tsx:27:13)

    console.log
      [Button] All props: {}

      at log (src/components/ui/Button.tsx:28:13)

    console.log
      [Button] Rendering with type: submit

      at log (src/components/ui/Button.tsx:25:13)

    console.log
      [Button] Props received: {
        variant: 'primary',
        size: 'lg',
        type: 'submit',
        loading: false,
        disabled: false
      }

      at log (src/components/ui/Button.tsx:26:13)

    console.log
      [Button] Has onClick in props: false

      at log (src/components/ui/Button.tsx:27:13)

    console.log
      [Button] All props: {}

      at log (src/components/ui/Button.tsx:28:13)

    console.log
      [Button] Rendering with type: submit

      at log (src/components/ui/Button.tsx:25:13)

    console.log
      [Button] Props received: {
        variant: 'primary',
        size: 'lg',
        type: 'submit',
        loading: false,
        disabled: false
      }

      at log (src/components/ui/Button.tsx:26:13)

    console.log
      [Button] Has onClick in props: false

      at log (src/components/ui/Button.tsx:27:13)

    console.log
      [Button] All props: {}

      at log (src/components/ui/Button.tsx:28:13)

    console.log
      [Button] Rendering with type: submit

      at log (src/components/ui/Button.tsx:25:13)

    console.log
      [Button] Props received: {
        variant: 'primary',
        size: 'lg',
        type: 'submit',
        loading: false,
        disabled: false
      }

      at log (src/components/ui/Button.tsx:26:13)

    console.log
      [Button] Has onClick in props: false

      at log (src/components/ui/Button.tsx:27:13)

    console.log
      [Button] All props: {}

      at log (src/components/ui/Button.tsx:28:13)

    console.log
      [Button] Rendering with type: submit

      at log (src/components/ui/Button.tsx:25:13)

    console.log
      [Button] Props received: {
        variant: 'primary',
        size: 'lg',
        type: 'submit',
        loading: false,
        disabled: false
      }

      at log (src/components/ui/Button.tsx:26:13)

    console.log
      [Button] Has onClick in props: false

      at log (src/components/ui/Button.tsx:27:13)

    console.log
      [Button] All props: {}

      at log (src/components/ui/Button.tsx:28:13)

    console.log
      [Button] Rendering with type: submit

      at log (src/components/ui/Button.tsx:25:13)

    console.log
      [Button] Props received: {
        variant: 'primary',
        size: 'lg',
        type: 'submit',
        loading: false,
        disabled: false
      }

      at log (src/components/ui/Button.tsx:26:13)

    console.log
      [Button] Has onClick in props: false

      at log (src/components/ui/Button.tsx:27:13)

    console.log
      [Button] All props: {}

      at log (src/components/ui/Button.tsx:28:13)

    console.log
      [Button] Rendering with type: submit

      at log (src/components/ui/Button.tsx:25:13)

    console.log
      [Button] Props received: {
        variant: 'primary',
        size: 'lg',
        type: 'submit',
        loading: false,
        disabled: false
      }

      at log (src/components/ui/Button.tsx:26:13)

    console.log
      [Button] Has onClick in props: false

      at log (src/components/ui/Button.tsx:27:13)

    console.log
      [Button] All props: {}

      at log (src/components/ui/Button.tsx:28:13)

    console.log
      [Button] Rendering with type: submit

      at log (src/components/ui/Button.tsx:25:13)

    console.log
      [Button] Props received: {
        variant: 'primary',
        size: 'lg',
        type: 'submit',
        loading: false,
        disabled: false
      }

      at log (src/components/ui/Button.tsx:26:13)

    console.log
      [Button] Has onClick in props: false

      at log (src/components/ui/Button.tsx:27:13)

    console.log
      [Button] All props: {}

      at log (src/components/ui/Button.tsx:28:13)

    console.log
      [Button] Rendering with type: submit

      at log (src/components/ui/Button.tsx:25:13)

    console.log
      [Button] Props received: {
        variant: 'primary',
        size: 'lg',
        type: 'submit',
        loading: false,
        disabled: false
      }

      at log (src/components/ui/Button.tsx:26:13)

    console.log
      [Button] Has onClick in props: false

      at log (src/components/ui/Button.tsx:27:13)

    console.log
      [Button] All props: {}

      at log (src/components/ui/Button.tsx:28:13)

    console.log
      [Button] Rendering with type: submit

      at log (src/components/ui/Button.tsx:25:13)

    console.log
      [Button] Props received: {
        variant: 'primary',
        size: 'lg',
        type: 'submit',
        loading: false,
        disabled: false
      }

      at log (src/components/ui/Button.tsx:26:13)

    console.log
      [Button] Has onClick in props: false

      at log (src/components/ui/Button.tsx:27:13)

    console.log
      [Button] All props: {}

      at log (src/components/ui/Button.tsx:28:13)

    console.log
      [Button] Rendering with type: submit

      at log (src/components/ui/Button.tsx:25:13)

    console.log
      [Button] Props received: {
        variant: 'primary',
        size: 'lg',
        type: 'submit',
        loading: false,
        disabled: false
      }

      at log (src/components/ui/Button.tsx:26:13)

    console.log
      [Button] Has onClick in props: false

      at log (src/components/ui/Button.tsx:27:13)

    console.log
      [Button] All props: {}

      at log (src/components/ui/Button.tsx:28:13)

    console.log
      [Button] Rendering with type: submit

      at log (src/components/ui/Button.tsx:25:13)

    console.log
      [Button] Props received: {
        variant: 'primary',
        size: 'lg',
        type: 'submit',
        loading: false,
        disabled: false
      }

      at log (src/components/ui/Button.tsx:26:13)

    console.log
      [Button] Has onClick in props: false

      at log (src/components/ui/Button.tsx:27:13)

    console.log
      [Button] All props: {}

      at log (src/components/ui/Button.tsx:28:13)

    console.log
      [Button] Rendering with type: submit

      at log (src/components/ui/Button.tsx:25:13)

    console.log
      [Button] Props received: {
        variant: 'primary',
        size: 'lg',
        type: 'submit',
        loading: false,
        disabled: false
      }

      at log (src/components/ui/Button.tsx:26:13)

    console.log
      [Button] Has onClick in props: false

      at log (src/components/ui/Button.tsx:27:13)

    console.log
      [Button] All props: {}

      at log (src/components/ui/Button.tsx:28:13)

    console.log
      [Button] Rendering with type: submit

      at log (src/components/ui/Button.tsx:25:13)

    console.log
      [Button] Props received: {
        variant: 'primary',
        size: 'lg',
        type: 'submit',
        loading: false,
        disabled: false
      }

      at log (src/components/ui/Button.tsx:26:13)

    console.log
      [Button] Has onClick in props: false

      at log (src/components/ui/Button.tsx:27:13)

    console.log
      [Button] All props: {}

      at log (src/components/ui/Button.tsx:28:13)

    console.log
      [Button] Rendering with type: submit

      at log (src/components/ui/Button.tsx:25:13)

    console.log
      [Button] Props received: {
        variant: 'primary',
        size: 'lg',
        type: 'submit',
        loading: false,
        disabled: false
      }

      at log (src/components/ui/Button.tsx:26:13)

    console.log
      [Button] Has onClick in props: false

      at log (src/components/ui/Button.tsx:27:13)

    console.log
      [Button] All props: {}

      at log (src/components/ui/Button.tsx:28:13)

    console.log
      [Button] Rendering with type: submit

      at log (src/components/ui/Button.tsx:25:13)

    console.log
      [Button] Props received: {
        variant: 'primary',
        size: 'lg',
        type: 'submit',
        loading: false,
        disabled: false
      }

      at log (src/components/ui/Button.tsx:26:13)

    console.log
      [Button] Has onClick in props: false

      at log (src/components/ui/Button.tsx:27:13)

    console.log
      [Button] All props: {}

      at log (src/components/ui/Button.tsx:28:13)

    console.log
      [Button] Rendering with type: submit

      at log (src/components/ui/Button.tsx:25:13)

    console.log
      [Button] Props received: {
        variant: 'primary',
        size: 'lg',
        type: 'submit',
        loading: false,
        disabled: false
      }

      at log (src/components/ui/Button.tsx:26:13)

    console.log
      [Button] Has onClick in props: false

      at log (src/components/ui/Button.tsx:27:13)

    console.log
      [Button] All props: {}

      at log (src/components/ui/Button.tsx:28:13)

    console.log
      [Button] Rendering with type: submit

      at log (src/components/ui/Button.tsx:25:13)

    console.log
      [Button] Props received: {
        variant: 'primary',
        size: 'lg',
        type: 'submit',
        loading: false,
        disabled: false
      }

      at log (src/components/ui/Button.tsx:26:13)

    console.log
      [Button] Has onClick in props: false

      at log (src/components/ui/Button.tsx:27:13)

    console.log
      [Button] All props: {}

      at log (src/components/ui/Button.tsx:28:13)

    console.log
      [Button] Rendering with type: submit

      at log (src/components/ui/Button.tsx:25:13)

    console.log
      [Button] Props received: {
        variant: 'primary',
        size: 'lg',
        type: 'submit',
        loading: false,
        disabled: false
      }

      at log (src/components/ui/Button.tsx:26:13)

    console.log
      [Button] Has onClick in props: false

      at log (src/components/ui/Button.tsx:27:13)

    console.log
      [Button] All props: {}

      at log (src/components/ui/Button.tsx:28:13)

    console.log
      [Button] Rendering with type: submit

      at log (src/components/ui/Button.tsx:25:13)

    console.log
      [Button] Props received: {
        variant: 'primary',
        size: 'lg',
        type: 'submit',
        loading: false,
        disabled: false
      }

      at log (src/components/ui/Button.tsx:26:13)

    console.log
      [Button] Has onClick in props: false

      at log (src/components/ui/Button.tsx:27:13)

    console.log
      [Button] All props: {}

      at log (src/components/ui/Button.tsx:28:13)

    console.log
      [Button] Rendering with type: submit

      at log (src/components/ui/Button.tsx:25:13)

    console.log
      [Button] Props received: {
        variant: 'primary',
        size: 'lg',
        type: 'submit',
        loading: false,
        disabled: false
      }

      at log (src/components/ui/Button.tsx:26:13)

    console.log
      [Button] Has onClick in props: false

      at log (src/components/ui/Button.tsx:27:13)

    console.log
      [Button] All props: {}

      at log (src/components/ui/Button.tsx:28:13)

    console.log
      [Button] Rendering with type: submit

      at log (src/components/ui/Button.tsx:25:13)

    console.log
      [Button] Props received: {
        variant: 'primary',
        size: 'lg',
        type: 'submit',
        loading: false,
        disabled: false
      }

      at log (src/components/ui/Button.tsx:26:13)

    console.log
      [Button] Has onClick in props: false

      at log (src/components/ui/Button.tsx:27:13)

    console.log
      [Button] All props: {}

      at log (src/components/ui/Button.tsx:28:13)

    console.log
      [Button] Rendering with type: submit

      at log (src/components/ui/Button.tsx:25:13)

    console.log
      [Button] Props received: {
        variant: 'primary',
        size: 'lg',
        type: 'submit',
        loading: false,
        disabled: false
      }

      at log (src/components/ui/Button.tsx:26:13)

    console.log
      [Button] Has onClick in props: false

      at log (src/components/ui/Button.tsx:27:13)

    console.log
      [Button] All props: {}

      at log (src/components/ui/Button.tsx:28:13)

    console.log
      [Button] Rendering with type: submit

      at log (src/components/ui/Button.tsx:25:13)

    console.log
      [Button] Props received: {
        variant: 'primary',
        size: 'lg',
        type: 'submit',
        loading: false,
        disabled: false
      }

      at log (src/components/ui/Button.tsx:26:13)

    console.log
      [Button] Has onClick in props: false

      at log (src/components/ui/Button.tsx:27:13)

    console.log
      [Button] All props: {}

      at log (src/components/ui/Button.tsx:28:13)

    console.log
      [Button] Rendering with type: submit

      at log (src/components/ui/Button.tsx:25:13)

    console.log
      [Button] Props received: {
        variant: 'primary',
        size: 'lg',
        type: 'submit',
        loading: false,
        disabled: false
      }

      at log (src/components/ui/Button.tsx:26:13)

    console.log
      [Button] Has onClick in props: false

      at log (src/components/ui/Button.tsx:27:13)

    console.log
      [Button] All props: {}

      at log (src/components/ui/Button.tsx:28:13)

    console.log
      [Button] Rendering with type: submit

      at log (src/components/ui/Button.tsx:25:13)

    console.log
      [Button] Props received: {
        variant: 'primary',
        size: 'lg',
        type: 'submit',
        loading: false,
        disabled: false
      }

      at log (src/components/ui/Button.tsx:26:13)

    console.log
      [Button] Has onClick in props: false

      at log (src/components/ui/Button.tsx:27:13)

    console.log
      [Button] All props: {}

      at log (src/components/ui/Button.tsx:28:13)

    console.log
      [Button] Rendering with type: submit

      at log (src/components/ui/Button.tsx:25:13)

    console.log
      [Button] Props received: {
        variant: 'primary',
        size: 'lg',
        type: 'submit',
        loading: false,
        disabled: false
      }

      at log (src/components/ui/Button.tsx:26:13)

    console.log
      [Button] Has onClick in props: false

      at log (src/components/ui/Button.tsx:27:13)

    console.log
      [Button] All props: {}

      at log (src/components/ui/Button.tsx:28:13)

    console.log
      [Button] Rendering with type: submit

      at log (src/components/ui/Button.tsx:25:13)

    console.log
      [Button] Props received: {
        variant: 'primary',
        size: 'lg',
        type: 'submit',
        loading: false,
        disabled: false
      }

      at log (src/components/ui/Button.tsx:26:13)

    console.log
      [Button] Has onClick in props: false

      at log (src/components/ui/Button.tsx:27:13)

    console.log
      [Button] All props: {}

      at log (src/components/ui/Button.tsx:28:13)

    console.log
      [Button] Rendering with type: submit

      at log (src/components/ui/Button.tsx:25:13)

    console.log
      [Button] Props received: {
        variant: 'primary',
        size: 'lg',
        type: 'submit',
        loading: false,
        disabled: false
      }

      at log (src/components/ui/Button.tsx:26:13)

    console.log
      [Button] Has onClick in props: false

      at log (src/components/ui/Button.tsx:27:13)

    console.log
      [Button] All props: {}

      at log (src/components/ui/Button.tsx:28:13)

    console.log
      [Button] Rendering with type: submit

      at log (src/components/ui/Button.tsx:25:13)

    console.log
      [Button] Props received: {
        variant: 'primary',
        size: 'lg',
        type: 'submit',
        loading: false,
        disabled: false
      }

      at log (src/components/ui/Button.tsx:26:13)

    console.log
      [Button] Has onClick in props: false

      at log (src/components/ui/Button.tsx:27:13)

    console.log
      [Button] All props: {}

      at log (src/components/ui/Button.tsx:28:13)

    console.log
      [Button] Rendering with type: submit

      at log (src/components/ui/Button.tsx:25:13)

    console.log
      [Button] Props received: {
        variant: 'primary',
        size: 'lg',
        type: 'submit',
        loading: false,
        disabled: false
      }

      at log (src/components/ui/Button.tsx:26:13)

    console.log
      [Button] Has onClick in props: false

      at log (src/components/ui/Button.tsx:27:13)

    console.log
      [Button] All props: {}

      at log (src/components/ui/Button.tsx:28:13)

    console.log
      [Button] Rendering with type: submit

      at log (src/components/ui/Button.tsx:25:13)

    console.log
      [Button] Props received: {
        variant: 'primary',
        size: 'lg',
        type: 'submit',
        loading: false,
        disabled: false
      }

      at log (src/components/ui/Button.tsx:26:13)

    console.log
      [Button] Has onClick in props: false

      at log (src/components/ui/Button.tsx:27:13)

    console.log
      [Button] All props: {}

      at log (src/components/ui/Button.tsx:28:13)

    console.log
      [Button] Rendering with type: submit

      at log (src/components/ui/Button.tsx:25:13)

    console.log
      [Button] Props received: {
        variant: 'primary',
        size: 'lg',
        type: 'submit',
        loading: false,
        disabled: false
      }

      at log (src/components/ui/Button.tsx:26:13)

    console.log
      [Button] Has onClick in props: false

      at log (src/components/ui/Button.tsx:27:13)

    console.log
      [Button] All props: {}

      at log (src/components/ui/Button.tsx:28:13)

    console.log
      [Button] Rendering with type: submit

      at log (src/components/ui/Button.tsx:25:13)

    console.log
      [Button] Props received: {
        variant: 'primary',
        size: 'lg',
        type: 'submit',
        loading: false,
        disabled: false
      }

      at log (src/components/ui/Button.tsx:26:13)

    console.log
      [Button] Has onClick in props: false

      at log (src/components/ui/Button.tsx:27:13)

    console.log
      [Button] All props: {}

      at log (src/components/ui/Button.tsx:28:13)

    console.log
      [Button] Rendering with type: submit

      at log (src/components/ui/Button.tsx:25:13)

    console.log
      [Button] Props received: {
        variant: 'primary',
        size: 'lg',
        type: 'submit',
        loading: false,
        disabled: false
      }

      at log (src/components/ui/Button.tsx:26:13)

    console.log
      [Button] Has onClick in props: false

      at log (src/components/ui/Button.tsx:27:13)

    console.log
      [Button] All props: {}

      at log (src/components/ui/Button.tsx:28:13)

    console.log
      [Button] Rendering with type: submit

      at log (src/components/ui/Button.tsx:25:13)

    console.log
      [Button] Props received: {
        variant: 'primary',
        size: 'lg',
        type: 'submit',
        loading: false,
        disabled: false
      }

      at log (src/components/ui/Button.tsx:26:13)

    console.log
      [Button] Has onClick in props: false

      at log (src/components/ui/Button.tsx:27:13)

    console.log
      [Button] All props: {}

      at log (src/components/ui/Button.tsx:28:13)

    console.log
      [Button] Rendering with type: submit

      at log (src/components/ui/Button.tsx:25:13)

    console.log
      [Button] Props received: {
        variant: 'primary',
        size: 'lg',
        type: 'submit',
        loading: false,
        disabled: false
      }

      at log (src/components/ui/Button.tsx:26:13)

    console.log
      [Button] Has onClick in props: false

      at log (src/components/ui/Button.tsx:27:13)

    console.log
      [Button] All props: {}

      at log (src/components/ui/Button.tsx:28:13)

    console.log
      [Button] Rendering with type: submit

      at log (src/components/ui/Button.tsx:25:13)

    console.log
      [Button] Props received: {
        variant: 'primary',
        size: 'lg',
        type: 'submit',
        loading: false,
        disabled: false
      }

      at log (src/components/ui/Button.tsx:26:13)

    console.log
      [Button] Has onClick in props: false

      at log (src/components/ui/Button.tsx:27:13)

    console.log
      [Button] All props: {}

      at log (src/components/ui/Button.tsx:28:13)

    console.log
      [Button] Rendering with type: submit

      at log (src/components/ui/Button.tsx:25:13)

    console.log
      [Button] Props received: {
        variant: 'primary',
        size: 'lg',
        type: 'submit',
        loading: false,
        disabled: false
      }

      at log (src/components/ui/Button.tsx:26:13)

    console.log
      [Button] Has onClick in props: false

      at log (src/components/ui/Button.tsx:27:13)

    console.log
      [Button] All props: {}

      at log (src/components/ui/Button.tsx:28:13)

    console.log
      [Button] Rendering with type: submit

      at log (src/components/ui/Button.tsx:25:13)

    console.log
      [Button] Props received: {
        variant: 'primary',
        size: 'lg',
        type: 'submit',
        loading: false,
        disabled: false
      }

      at log (src/components/ui/Button.tsx:26:13)

    console.log
      [Button] Has onClick in props: false

      at log (src/components/ui/Button.tsx:27:13)

    console.log
      [Button] All props: {}

      at log (src/components/ui/Button.tsx:28:13)

    console.log
      [Button] Rendering with type: submit

      at log (src/components/ui/Button.tsx:25:13)

    console.log
      [Button] Props received: {
        variant: 'primary',
        size: 'lg',
        type: 'submit',
        loading: false,
        disabled: false
      }

      at log (src/components/ui/Button.tsx:26:13)

    console.log
      [Button] Has onClick in props: false

      at log (src/components/ui/Button.tsx:27:13)

    console.log
      [Button] All props: {}

      at log (src/components/ui/Button.tsx:28:13)

    console.log
      [Button] Rendering with type: submit

      at log (src/components/ui/Button.tsx:25:13)

    console.log
      [Button] Props received: {
        variant: 'primary',
        size: 'lg',
        type: 'submit',
        loading: false,
        disabled: false
      }

      at log (src/components/ui/Button.tsx:26:13)

    console.log
      [Button] Has onClick in props: false

      at log (src/components/ui/Button.tsx:27:13)

    console.log
      [Button] All props: {}

      at log (src/components/ui/Button.tsx:28:13)

    console.log
      [Button] Rendering with type: submit

      at log (src/components/ui/Button.tsx:25:13)

    console.log
      [Button] Props received: {
        variant: 'primary',
        size: 'lg',
        type: 'submit',
        loading: false,
        disabled: false
      }

      at log (src/components/ui/Button.tsx:26:13)

    console.log
      [Button] Has onClick in props: false

      at log (src/components/ui/Button.tsx:27:13)

    console.log
      [Button] All props: {}

      at log (src/components/ui/Button.tsx:28:13)

    console.log
      [Button] Rendering with type: submit

      at log (src/components/ui/Button.tsx:25:13)

    console.log
      [Button] Props received: {
        variant: 'primary',
        size: 'lg',
        type: 'submit',
        loading: false,
        disabled: false
      }

      at log (src/components/ui/Button.tsx:26:13)

    console.log
      [Button] Has onClick in props: false

      at log (src/components/ui/Button.tsx:27:13)

    console.log
      [Button] All props: {}

      at log (src/components/ui/Button.tsx:28:13)

    console.log
      [Button] Rendering with type: submit

      at log (src/components/ui/Button.tsx:25:13)

    console.log
      [Button] Props received: {
        variant: 'primary',
        size: 'lg',
        type: 'submit',
        loading: false,
        disabled: false
      }

      at log (src/components/ui/Button.tsx:26:13)

    console.log
      [Button] Has onClick in props: false

      at log (src/components/ui/Button.tsx:27:13)

    console.log
      [Button] All props: {}

      at log (src/components/ui/Button.tsx:28:13)

    console.log
      [Button] Rendering with type: submit

      at log (src/components/ui/Button.tsx:25:13)

    console.log
      [Button] Props received: {
        variant: 'primary',
        size: 'lg',
        type: 'submit',
        loading: false,
        disabled: false
      }

      at log (src/components/ui/Button.tsx:26:13)

    console.log
      [Button] Has onClick in props: false

      at log (src/components/ui/Button.tsx:27:13)

    console.log
      [Button] All props: {}

      at log (src/components/ui/Button.tsx:28:13)

    console.log
      [Button] Rendering with type: submit

      at log (src/components/ui/Button.tsx:25:13)

    console.log
      [Button] Props received: {
        variant: 'primary',
        size: 'lg',
        type: 'submit',
        loading: false,
        disabled: false
      }

      at log (src/components/ui/Button.tsx:26:13)

    console.log
      [Button] Has onClick in props: false

      at log (src/components/ui/Button.tsx:27:13)

    console.log
      [Button] All props: {}

      at log (src/components/ui/Button.tsx:28:13)

    console.log
      [Button] Rendering with type: submit

      at log (src/components/ui/Button.tsx:25:13)

    console.log
      [Button] Props received: {
        variant: 'primary',
        size: 'lg',
        type: 'submit',
        loading: false,
        disabled: false
      }

      at log (src/components/ui/Button.tsx:26:13)

    console.log
      [Button] Has onClick in props: false

      at log (src/components/ui/Button.tsx:27:13)

    console.log
      [Button] All props: {}

      at log (src/components/ui/Button.tsx:28:13)

    console.log
      [Button] Rendering with type: submit

      at log (src/components/ui/Button.tsx:25:13)

    console.log
      [Button] Props received: {
        variant: 'primary',
        size: 'lg',
        type: 'submit',
        loading: false,
        disabled: false
      }

      at log (src/components/ui/Button.tsx:26:13)

    console.log
      [Button] Has onClick in props: false

      at log (src/components/ui/Button.tsx:27:13)

    console.log
      [Button] All props: {}

      at log (src/components/ui/Button.tsx:28:13)

    console.log
      [Button] Rendering with type: submit

      at log (src/components/ui/Button.tsx:25:13)

    console.log
      [Button] Props received: {
        variant: 'primary',
        size: 'lg',
        type: 'submit',
        loading: false,
        disabled: false
      }

      at log (src/components/ui/Button.tsx:26:13)

    console.log
      [Button] Has onClick in props: false

      at log (src/components/ui/Button.tsx:27:13)

    console.log
      [Button] All props: {}

      at log (src/components/ui/Button.tsx:28:13)

    console.log
      [Button] Rendering with type: submit

      at log (src/components/ui/Button.tsx:25:13)

    console.log
      [Button] Props received: {
        variant: 'primary',
        size: 'lg',
        type: 'submit',
        loading: false,
        disabled: false
      }

      at log (src/components/ui/Button.tsx:26:13)

    console.log
      [Button] Has onClick in props: false

      at log (src/components/ui/Button.tsx:27:13)

    console.log
      [Button] All props: {}

      at log (src/components/ui/Button.tsx:28:13)

    console.log
      [Button] Rendering with type: submit

      at log (src/components/ui/Button.tsx:25:13)

    console.log
      [Button] Props received: {
        variant: 'primary',
        size: 'lg',
        type: 'submit',
        loading: false,
        disabled: false
      }

      at log (src/components/ui/Button.tsx:26:13)

    console.log
      [Button] Has onClick in props: false

      at log (src/components/ui/Button.tsx:27:13)

    console.log
      [Button] All props: {}

      at log (src/components/ui/Button.tsx:28:13)

    console.log
      [Button] Rendering with type: submit

      at log (src/components/ui/Button.tsx:25:13)

    console.log
      [Button] Props received: {
        variant: 'primary',
        size: 'lg',
        type: 'submit',
        loading: false,
        disabled: false
      }

      at log (src/components/ui/Button.tsx:26:13)

    console.log
      [Button] Has onClick in props: false

      at log (src/components/ui/Button.tsx:27:13)

    console.log
      [Button] All props: {}

      at log (src/components/ui/Button.tsx:28:13)

    console.log
      [Button] Rendering with type: submit

      at log (src/components/ui/Button.tsx:25:13)

    console.log
      [Button] Props received: {
        variant: 'primary',
        size: 'lg',
        type: 'submit',
        loading: false,
        disabled: false
      }

      at log (src/components/ui/Button.tsx:26:13)

    console.log
      [Button] Has onClick in props: false

      at log (src/components/ui/Button.tsx:27:13)

    console.log
      [Button] All props: {}

      at log (src/components/ui/Button.tsx:28:13)

    console.log
      [Button] Rendering with type: submit

      at log (src/components/ui/Button.tsx:25:13)

    console.log
      [Button] Props received: {
        variant: 'primary',
        size: 'lg',
        type: 'submit',
        loading: false,
        disabled: false
      }

      at log (src/components/ui/Button.tsx:26:13)

    console.log
      [Button] Has onClick in props: false

      at log (src/components/ui/Button.tsx:27:13)

    console.log
      [Button] All props: {}

      at log (src/components/ui/Button.tsx:28:13)

    console.log
      [Button] Rendering with type: submit

      at log (src/components/ui/Button.tsx:25:13)

    console.log
      [Button] Props received: {
        variant: 'primary',
        size: 'lg',
        type: 'submit',
        loading: false,
        disabled: false
      }

      at log (src/components/ui/Button.tsx:26:13)

    console.log
      [Button] Has onClick in props: false

      at log (src/components/ui/Button.tsx:27:13)

    console.log
      [Button] All props: {}

      at log (src/components/ui/Button.tsx:28:13)

    console.log
      [Button] Rendering with type: submit

      at log (src/components/ui/Button.tsx:25:13)

    console.log
      [Button] Props received: {
        variant: 'primary',
        size: 'lg',
        type: 'submit',
        loading: false,
        disabled: false
      }

      at log (src/components/ui/Button.tsx:26:13)

    console.log
      [Button] Has onClick in props: false

      at log (src/components/ui/Button.tsx:27:13)

    console.log
      [Button] All props: {}

      at log (src/components/ui/Button.tsx:28:13)

    console.log
      [Button] Rendering with type: submit

      at log (src/components/ui/Button.tsx:25:13)

    console.log
      [Button] Props received: {
        variant: 'primary',
        size: 'lg',
        type: 'submit',
        loading: false,
        disabled: false
      }

      at log (src/components/ui/Button.tsx:26:13)

    console.log
      [Button] Has onClick in props: false

      at log (src/components/ui/Button.tsx:27:13)

    console.log
      [Button] All props: {}

      at log (src/components/ui/Button.tsx:28:13)

    console.log
      [Button] Rendering with type: submit

      at log (src/components/ui/Button.tsx:25:13)

    console.log
      [Button] Props received: {
        variant: 'primary',
        size: 'lg',
        type: 'submit',
        loading: false,
        disabled: false
      }

      at log (src/components/ui/Button.tsx:26:13)

    console.log
      [Button] Has onClick in props: false

      at log (src/components/ui/Button.tsx:27:13)

    console.log
      [Button] All props: {}

      at log (src/components/ui/Button.tsx:28:13)

    console.log
      [Button] Rendering with type: submit

      at log (src/components/ui/Button.tsx:25:13)

    console.log
      [Button] Props received: {
        variant: 'primary',
        size: 'lg',
        type: 'submit',
        loading: false,
        disabled: false
      }

      at log (src/components/ui/Button.tsx:26:13)

    console.log
      [Button] Has onClick in props: false

      at log (src/components/ui/Button.tsx:27:13)

    console.log
      [Button] All props: {}

      at log (src/components/ui/Button.tsx:28:13)

    console.log
      [Button] Rendering with type: submit

      at log (src/components/ui/Button.tsx:25:13)

    console.log
      [Button] Props received: {
        variant: 'primary',
        size: 'lg',
        type: 'submit',
        loading: false,
        disabled: false
      }

      at log (src/components/ui/Button.tsx:26:13)

    console.log
      [Button] Has onClick in props: false

      at log (src/components/ui/Button.tsx:27:13)

    console.log
      [Button] All props: {}

      at log (src/components/ui/Button.tsx:28:13)

    console.log
      [Button] Rendering with type: submit

      at log (src/components/ui/Button.tsx:25:13)

    console.log
      [Button] Props received: {
        variant: 'primary',
        size: 'lg',
        type: 'submit',
        loading: false,
        disabled: false
      }

      at log (src/components/ui/Button.tsx:26:13)

    console.log
      [Button] Has onClick in props: false

      at log (src/components/ui/Button.tsx:27:13)

    console.log
      [Button] All props: {}

      at log (src/components/ui/Button.tsx:28:13)

    console.log
      [Button] Rendering with type: submit

      at log (src/components/ui/Button.tsx:25:13)

    console.log
      [Button] Props received: {
        variant: 'primary',
        size: 'lg',
        type: 'submit',
        loading: false,
        disabled: false
      }

      at log (src/components/ui/Button.tsx:26:13)

    console.log
      [Button] Has onClick in props: false

      at log (src/components/ui/Button.tsx:27:13)

    console.log
      [Button] All props: {}

      at log (src/components/ui/Button.tsx:28:13)

    console.log
      [Button] Rendering with type: submit

      at log (src/components/ui/Button.tsx:25:13)

    console.log
      [Button] Props received: {
        variant: 'primary',
        size: 'lg',
        type: 'submit',
        loading: false,
        disabled: false
      }

      at log (src/components/ui/Button.tsx:26:13)

    console.log
      [Button] Has onClick in props: false

      at log (src/components/ui/Button.tsx:27:13)

    console.log
      [Button] All props: {}

      at log (src/components/ui/Button.tsx:28:13)

    console.log
      [Button] Rendering with type: submit

      at log (src/components/ui/Button.tsx:25:13)

    console.log
      [Button] Props received: {
        variant: 'primary',
        size: 'lg',
        type: 'submit',
        loading: false,
        disabled: false
      }

      at log (src/components/ui/Button.tsx:26:13)

    console.log
      [Button] Has onClick in props: false

      at log (src/components/ui/Button.tsx:27:13)

    console.log
      [Button] All props: {}

      at log (src/components/ui/Button.tsx:28:13)

    console.log
      [Button] Rendering with type: submit

      at log (src/components/ui/Button.tsx:25:13)

    console.log
      [Button] Props received: {
        variant: 'primary',
        size: 'lg',
        type: 'submit',
        loading: false,
        disabled: false
      }

      at log (src/components/ui/Button.tsx:26:13)

    console.log
      [Button] Has onClick in props: false

      at log (src/components/ui/Button.tsx:27:13)

    console.log
      [Button] All props: {}

      at log (src/components/ui/Button.tsx:28:13)

    console.log
      [Button] Rendering with type: submit

      at log (src/components/ui/Button.tsx:25:13)

    console.log
      [Button] Props received: {
        variant: 'primary',
        size: 'lg',
        type: 'submit',
        loading: false,
        disabled: false
      }

      at log (src/components/ui/Button.tsx:26:13)

    console.log
      [Button] Has onClick in props: false

      at log (src/components/ui/Button.tsx:27:13)

    console.log
      [Button] All props: {}

      at log (src/components/ui/Button.tsx:28:13)

    console.log
      [Button] Rendering with type: submit

      at log (src/components/ui/Button.tsx:25:13)

    console.log
      [Button] Props received: {
        variant: 'primary',
        size: 'lg',
        type: 'submit',
        loading: false,
        disabled: false
      }

      at log (src/components/ui/Button.tsx:26:13)

    console.log
      [Button] Has onClick in props: false

      at log (src/components/ui/Button.tsx:27:13)

    console.log
      [Button] All props: {}

      at log (src/components/ui/Button.tsx:28:13)

    console.log
      [Button] Rendering with type: submit

      at log (src/components/ui/Button.tsx:25:13)

    console.log
      [Button] Props received: {
        variant: 'primary',
        size: 'lg',
        type: 'submit',
        loading: false,
        disabled: false
      }

      at log (src/components/ui/Button.tsx:26:13)

    console.log
      [Button] Has onClick in props: false

      at log (src/components/ui/Button.tsx:27:13)

    console.log
      [Button] All props: {}

      at log (src/components/ui/Button.tsx:28:13)

    console.log
      [Button] Rendering with type: submit

      at log (src/components/ui/Button.tsx:25:13)

    console.log
      [Button] Props received: {
        variant: 'primary',
        size: 'lg',
        type: 'submit',
        loading: false,
        disabled: false
      }

      at log (src/components/ui/Button.tsx:26:13)

    console.log
      [Button] Has onClick in props: false

      at log (src/components/ui/Button.tsx:27:13)

    console.log
      [Button] All props: {}

      at log (src/components/ui/Button.tsx:28:13)

    console.log
      [Button] Rendering with type: submit

      at log (src/components/ui/Button.tsx:25:13)

    console.log
      [Button] Props received: {
        variant: 'primary',
        size: 'lg',
        type: 'submit',
        loading: false,
        disabled: false
      }

      at log (src/components/ui/Button.tsx:26:13)

    console.log
      [Button] Has onClick in props: false

      at log (src/components/ui/Button.tsx:27:13)

    console.log
      [Button] All props: {}

      at log (src/components/ui/Button.tsx:28:13)

    console.log
      [Button] Rendering with type: submit

      at log (src/components/ui/Button.tsx:25:13)

    console.log
      [Button] Props received: {
        variant: 'primary',
        size: 'lg',
        type: 'submit',
        loading: false,
        disabled: false
      }

      at log (src/components/ui/Button.tsx:26:13)

    console.log
      [Button] Has onClick in props: false

      at log (src/components/ui/Button.tsx:27:13)

    console.log
      [Button] All props: {}

      at log (src/components/ui/Button.tsx:28:13)

    console.log
      [Button] Rendering with type: submit

      at log (src/components/ui/Button.tsx:25:13)

    console.log
      [Button] Props received: {
        variant: 'primary',
        size: 'lg',
        type: 'submit',
        loading: false,
        disabled: false
      }

      at log (src/components/ui/Button.tsx:26:13)

    console.log
      [Button] Has onClick in props: false

      at log (src/components/ui/Button.tsx:27:13)

    console.log
      [Button] All props: {}

      at log (src/components/ui/Button.tsx:28:13)

    console.log
      [Button] Rendering with type: submit

      at log (src/components/ui/Button.tsx:25:13)

    console.log
      [Button] Props received: {
        variant: 'primary',
        size: 'lg',
        type: 'submit',
        loading: false,
        disabled: false
      }

      at log (src/components/ui/Button.tsx:26:13)

    console.log
      [Button] Has onClick in props: false

      at log (src/components/ui/Button.tsx:27:13)

    console.log
      [Button] All props: {}

      at log (src/components/ui/Button.tsx:28:13)

    console.log
      [Button] Rendering with type: submit

      at log (src/components/ui/Button.tsx:25:13)

    console.log
      [Button] Props received: {
        variant: 'primary',
        size: 'lg',
        type: 'submit',
        loading: false,
        disabled: false
      }

      at log (src/components/ui/Button.tsx:26:13)

    console.log
      [Button] Has onClick in props: false

      at log (src/components/ui/Button.tsx:27:13)

    console.log
      [Button] All props: {}

      at log (src/components/ui/Button.tsx:28:13)

    console.log
      [Button] Rendering with type: submit

      at log (src/components/ui/Button.tsx:25:13)

    console.log
      [Button] Props received: {
        variant: 'primary',
        size: 'lg',
        type: 'submit',
        loading: false,
        disabled: false
      }

      at log (src/components/ui/Button.tsx:26:13)

    console.log
      [Button] Has onClick in props: false

      at log (src/components/ui/Button.tsx:27:13)

    console.log
      [Button] All props: {}

      at log (src/components/ui/Button.tsx:28:13)

    console.log
      [Button] Rendering with type: submit

      at log (src/components/ui/Button.tsx:25:13)

    console.log
      [Button] Props received: {
        variant: 'primary',
        size: 'lg',
        type: 'submit',
        loading: false,
        disabled: false
      }

      at log (src/components/ui/Button.tsx:26:13)

    console.log
      [Button] Has onClick in props: false

      at log (src/components/ui/Button.tsx:27:13)

    console.log
      [Button] All props: {}

      at log (src/components/ui/Button.tsx:28:13)

/Users/ryan/Library/Mobile Documents/com~apple~CloudDocs/Documents/VSCode/Tax-App-Frontend/src/lib/auth/AuthCoordinator.requireJWT.property.test.ts:175
                hasTokenSpy.mockReturnValue(false);
                ^

[ReferenceError: hasTokenSpy is not defined]

Node.js v20.17.0
PASS src/components/forms/Form1099DivInput.accessibility.test.tsx
  ● Console

    console.log
      [Button] Rendering with type: button

      at log (src/components/ui/Button.tsx:25:13)

    console.log
      [Button] Props received: {
        variant: 'outline',
        size: 'sm',
        type: 'button',
        loading: false,
        disabled: undefined
      }

      at log (src/components/ui/Button.tsx:26:13)

    console.log
      [Button] Has onClick in props: true

      at log (src/components/ui/Button.tsx:27:13)

    console.log
      [Button] All props: {
        onClick: [Function: fillSampleData],
        'aria-label': 'Fill form with sample data for testing'
      }

      at log (src/components/ui/Button.tsx:28:13)

    console.log
      [Button] Rendering with type: submit

      at log (src/components/ui/Button.tsx:25:13)

    console.log
      [Button] Props received: {
        variant: 'primary',
        size: 'lg',
        type: 'submit',
        loading: false,
        disabled: false
      }

      at log (src/components/ui/Button.tsx:26:13)

    console.log
      [Button] Has onClick in props: false

      at log (src/components/ui/Button.tsx:27:13)

    console.log
      [Button] All props: {}

      at log (src/components/ui/Button.tsx:28:13)

    console.log
      [Button] Rendering with type: button

      at log (src/components/ui/Button.tsx:25:13)

    console.log
      [Button] Props received: {
        variant: 'outline',
        size: 'sm',
        type: 'button',
        loading: false,
        disabled: undefined
      }

      at log (src/components/ui/Button.tsx:26:13)

    console.log
      [Button] Has onClick in props: true

      at log (src/components/ui/Button.tsx:27:13)

    console.log
      [Button] All props: {
        onClick: [Function: fillSampleData],
        'aria-label': 'Fill form with sample data for testing'
      }

      at log (src/components/ui/Button.tsx:28:13)

    console.log
      [Button] Rendering with type: submit

      at log (src/components/ui/Button.tsx:25:13)

    console.log
      [Button] Props received: {
        variant: 'primary',
        size: 'lg',
        type: 'submit',
        loading: false,
        disabled: false
      }

      at log (src/components/ui/Button.tsx:26:13)

    console.log
      [Button] Has onClick in props: false

      at log (src/components/ui/Button.tsx:27:13)

    console.log
      [Button] All props: {}

      at log (src/components/ui/Button.tsx:28:13)

    console.log
      [Button] Rendering with type: button

      at log (src/components/ui/Button.tsx:25:13)

    console.log
      [Button] Props received: {
        variant: 'outline',
        size: 'sm',
        type: 'button',
        loading: false,
        disabled: undefined
      }

      at log (src/components/ui/Button.tsx:26:13)

    console.log
      [Button] Has onClick in props: true

      at log (src/components/ui/Button.tsx:27:13)

    console.log
      [Button] All props: {
        onClick: [Function: fillSampleData],
        'aria-label': 'Fill form with sample data for testing'
      }

      at log (src/components/ui/Button.tsx:28:13)

    console.log
      [Button] Rendering with type: submit

      at log (src/components/ui/Button.tsx:25:13)

    console.log
      [Button] Props received: {
        variant: 'primary',
        size: 'lg',
        type: 'submit',
        loading: false,
        disabled: false
      }

      at log (src/components/ui/Button.tsx:26:13)

    console.log
      [Button] Has onClick in props: false

      at log (src/components/ui/Button.tsx:27:13)

    console.log
      [Button] All props: {}

      at log (src/components/ui/Button.tsx:28:13)

    console.log
      [Button] Rendering with type: button

      at log (src/components/ui/Button.tsx:25:13)

    console.log
      [Button] Props received: {
        variant: 'outline',
        size: 'sm',
        type: 'button',
        loading: false,
        disabled: undefined
      }

      at log (src/components/ui/Button.tsx:26:13)

    console.log
      [Button] Has onClick in props: true

      at log (src/components/ui/Button.tsx:27:13)

    console.log
      [Button] All props: {
        onClick: [Function: fillSampleData],
        'aria-label': 'Fill form with sample data for testing'
      }

      at log (src/components/ui/Button.tsx:28:13)

    console.log
      [Button] Rendering with type: submit

      at log (src/components/ui/Button.tsx:25:13)

    console.log
      [Button] Props received: {
        variant: 'primary',
        size: 'lg',
        type: 'submit',
        loading: false,
        disabled: false
      }

      at log (src/components/ui/Button.tsx:26:13)

    console.log
      [Button] Has onClick in props: false

      at log (src/components/ui/Button.tsx:27:13)

    console.log
      [Button] All props: {}

      at log (src/components/ui/Button.tsx:28:13)

    console.log
      [Button] Rendering with type: button

      at log (src/components/ui/Button.tsx:25:13)

    console.log
      [Button] Props received: {
        variant: 'outline',
        size: 'sm',
        type: 'button',
        loading: false,
        disabled: undefined
      }

      at log (src/components/ui/Button.tsx:26:13)

    console.log
      [Button] Has onClick in props: true

      at log (src/components/ui/Button.tsx:27:13)

    console.log
      [Button] All props: {
        onClick: [Function: fillSampleData],
        'aria-label': 'Fill form with sample data for testing'
      }

      at log (src/components/ui/Button.tsx:28:13)

    console.log
      [Button] Rendering with type: submit

      at log (src/components/ui/Button.tsx:25:13)

    console.log
      [Button] Props received: {
        variant: 'primary',
        size: 'lg',
        type: 'submit',
        loading: false,
        disabled: false
      }

      at log (src/components/ui/Button.tsx:26:13)

    console.log
      [Button] Has onClick in props: false

      at log (src/components/ui/Button.tsx:27:13)

    console.log
      [Button] All props: {}

      at log (src/components/ui/Button.tsx:28:13)

    console.log
      [Button] Rendering with type: button

      at log (src/components/ui/Button.tsx:25:13)

    console.log
      [Button] Props received: {
        variant: 'outline',
        size: 'sm',
        type: 'button',
        loading: false,
        disabled: undefined
      }

      at log (src/components/ui/Button.tsx:26:13)

    console.log
      [Button] Has onClick in props: true

      at log (src/components/ui/Button.tsx:27:13)

    console.log
      [Button] All props: {
        onClick: [Function: fillSampleData],
        'aria-label': 'Fill form with sample data for testing'
      }

      at log (src/components/ui/Button.tsx:28:13)

    console.log
      [Button] Rendering with type: submit

      at log (src/components/ui/Button.tsx:25:13)

    console.log
      [Button] Props received: {
        variant: 'primary',
        size: 'lg',
        type: 'submit',
        loading: false,
        disabled: false
      }

      at log (src/components/ui/Button.tsx:26:13)

    console.log
      [Button] Has onClick in props: false

      at log (src/components/ui/Button.tsx:27:13)

    console.log
      [Button] All props: {}

      at log (src/components/ui/Button.tsx:28:13)

    console.log
      [Button] Rendering with type: button

      at log (src/components/ui/Button.tsx:25:13)

    console.log
      [Button] Props received: {
        variant: 'outline',
        size: 'sm',
        type: 'button',
        loading: false,
        disabled: undefined
      }

      at log (src/components/ui/Button.tsx:26:13)

    console.log
      [Button] Has onClick in props: true

      at log (src/components/ui/Button.tsx:27:13)

    console.log
      [Button] All props: {
        onClick: [Function: fillSampleData],
        'aria-label': 'Fill form with sample data for testing'
      }

      at log (src/components/ui/Button.tsx:28:13)

    console.log
      [Button] Rendering with type: submit

      at log (src/components/ui/Button.tsx:25:13)

    console.log
      [Button] Props received: {
        variant: 'primary',
        size: 'lg',
        type: 'submit',
        loading: false,
        disabled: false
      }

      at log (src/components/ui/Button.tsx:26:13)

    console.log
      [Button] Has onClick in props: false

      at log (src/components/ui/Button.tsx:27:13)

    console.log
      [Button] All props: {}

      at log (src/components/ui/Button.tsx:28:13)

    console.log
      [Button] Rendering with type: button

      at log (src/components/ui/Button.tsx:25:13)

    console.log
      [Button] Props received: {
        variant: 'outline',
        size: 'sm',
        type: 'button',
        loading: false,
        disabled: undefined
      }

      at log (src/components/ui/Button.tsx:26:13)

    console.log
      [Button] Has onClick in props: true

      at log (src/components/ui/Button.tsx:27:13)

    console.log
      [Button] All props: {
        onClick: [Function: fillSampleData],
        'aria-label': 'Fill form with sample data for testing'
      }

      at log (src/components/ui/Button.tsx:28:13)

    console.log
      [Button] Rendering with type: submit

      at log (src/components/ui/Button.tsx:25:13)

    console.log
      [Button] Props received: {
        variant: 'primary',
        size: 'lg',
        type: 'submit',
        loading: false,
        disabled: false
      }

      at log (src/components/ui/Button.tsx:26:13)

    console.log
      [Button] Has onClick in props: false

      at log (src/components/ui/Button.tsx:27:13)

    console.log
      [Button] All props: {}

      at log (src/components/ui/Button.tsx:28:13)

    console.log
      [Button] Rendering with type: button

      at log (src/components/ui/Button.tsx:25:13)

    console.log
      [Button] Props received: {
        variant: 'outline',
        size: 'sm',
        type: 'button',
        loading: false,
        disabled: undefined
      }

      at log (src/components/ui/Button.tsx:26:13)

    console.log
      [Button] Has onClick in props: true

      at log (src/components/ui/Button.tsx:27:13)

    console.log
      [Button] All props: {
        onClick: [Function: fillSampleData],
        'aria-label': 'Fill form with sample data for testing'
      }

      at log (src/components/ui/Button.tsx:28:13)

    console.log
      [Button] Rendering with type: submit

      at log (src/components/ui/Button.tsx:25:13)

    console.log
      [Button] Props received: {
        variant: 'primary',
        size: 'lg',
        type: 'submit',
        loading: false,
        disabled: false
      }

      at log (src/components/ui/Button.tsx:26:13)

    console.log
      [Button] Has onClick in props: false

      at log (src/components/ui/Button.tsx:27:13)

    console.log
      [Button] All props: {}

      at log (src/components/ui/Button.tsx:28:13)

    console.log
      [Button] Rendering with type: button

      at log (src/components/ui/Button.tsx:25:13)

    console.log
      [Button] Props received: {
        variant: 'outline',
        size: 'sm',
        type: 'button',
        loading: false,
        disabled: undefined
      }

      at log (src/components/ui/Button.tsx:26:13)

    console.log
      [Button] Has onClick in props: true

      at log (src/components/ui/Button.tsx:27:13)

    console.log
      [Button] All props: {
        onClick: [Function: fillSampleData],
        'aria-label': 'Fill form with sample data for testing'
      }

      at log (src/components/ui/Button.tsx:28:13)

    console.log
      [Button] Rendering with type: submit

      at log (src/components/ui/Button.tsx:25:13)

    console.log
      [Button] Props received: {
        variant: 'primary',
        size: 'lg',
        type: 'submit',
        loading: false,
        disabled: false
      }

      at log (src/components/ui/Button.tsx:26:13)

    console.log
      [Button] Has onClick in props: false

      at log (src/components/ui/Button.tsx:27:13)

    console.log
      [Button] All props: {}

      at log (src/components/ui/Button.tsx:28:13)

    console.log
      [Button] Rendering with type: button

      at log (src/components/ui/Button.tsx:25:13)

    console.log
      [Button] Props received: {
        variant: 'outline',
        size: 'sm',
        type: 'button',
        loading: false,
        disabled: undefined
      }

      at log (src/components/ui/Button.tsx:26:13)

    console.log
      [Button] Has onClick in props: true

      at log (src/components/ui/Button.tsx:27:13)

    console.log
      [Button] All props: {
        onClick: [Function: fillSampleData],
        'aria-label': 'Fill form with sample data for testing'
      }

      at log (src/components/ui/Button.tsx:28:13)

    console.log
      [Button] Rendering with type: submit

      at log (src/components/ui/Button.tsx:25:13)

    console.log
      [Button] Props received: {
        variant: 'primary',
        size: 'lg',
        type: 'submit',
        loading: false,
        disabled: false
      }

      at log (src/components/ui/Button.tsx:26:13)

    console.log
      [Button] Has onClick in props: false

      at log (src/components/ui/Button.tsx:27:13)

    console.log
      [Button] All props: {}

      at log (src/components/ui/Button.tsx:28:13)

    console.log
      [Button] Rendering with type: button

      at log (src/components/ui/Button.tsx:25:13)

    console.log
      [Button] Props received: {
        variant: 'outline',
        size: 'sm',
        type: 'button',
        loading: false,
        disabled: undefined
      }

      at log (src/components/ui/Button.tsx:26:13)

    console.log
      [Button] Has onClick in props: true

      at log (src/components/ui/Button.tsx:27:13)

    console.log
      [Button] All props: {
        onClick: [Function: fillSampleData],
        'aria-label': 'Fill form with sample data for testing'
      }

      at log (src/components/ui/Button.tsx:28:13)

    console.log
      [Button] Rendering with type: submit

      at log (src/components/ui/Button.tsx:25:13)

    console.log
      [Button] Props received: {
        variant: 'primary',
        size: 'lg',
        type: 'submit',
        loading: false,
        disabled: false
      }

      at log (src/components/ui/Button.tsx:26:13)

    console.log
      [Button] Has onClick in props: false

      at log (src/components/ui/Button.tsx:27:13)

    console.log
      [Button] All props: {}

      at log (src/components/ui/Button.tsx:28:13)

    console.log
      [Button] Rendering with type: button

      at log (src/components/ui/Button.tsx:25:13)

    console.log
      [Button] Props received: {
        variant: 'outline',
        size: 'sm',
        type: 'button',
        loading: false,
        disabled: undefined
      }

      at log (src/components/ui/Button.tsx:26:13)

    console.log
      [Button] Has onClick in props: true

      at log (src/components/ui/Button.tsx:27:13)

    console.log
      [Button] All props: {
        onClick: [Function: fillSampleData],
        'aria-label': 'Fill form with sample data for testing'
      }

      at log (src/components/ui/Button.tsx:28:13)

    console.log
      [Button] Rendering with type: submit

      at log (src/components/ui/Button.tsx:25:13)

    console.log
      [Button] Props received: {
        variant: 'primary',
        size: 'lg',
        type: 'submit',
        loading: true,
        disabled: true
      }

      at log (src/components/ui/Button.tsx:26:13)

    console.log
      [Button] Has onClick in props: false

      at log (src/components/ui/Button.tsx:27:13)

    console.log
      [Button] All props: {}

      at log (src/components/ui/Button.tsx:28:13)

    console.log
      [Button] Rendering with type: button

      at log (src/components/ui/Button.tsx:25:13)

    console.log
      [Button] Props received: {
        variant: 'outline',
        size: 'sm',
        type: 'button',
        loading: false,
        disabled: undefined
      }

      at log (src/components/ui/Button.tsx:26:13)

    console.log
      [Button] Has onClick in props: true

      at log (src/components/ui/Button.tsx:27:13)

    console.log
      [Button] All props: {
        onClick: [Function: fillSampleData],
        'aria-label': 'Fill form with sample data for testing'
      }

      at log (src/components/ui/Button.tsx:28:13)

    console.log
      [Button] Rendering with type: submit

      at log (src/components/ui/Button.tsx:25:13)

    console.log
      [Button] Props received: {
        variant: 'primary',
        size: 'lg',
        type: 'submit',
        loading: false,
        disabled: false
      }

      at log (src/components/ui/Button.tsx:26:13)

    console.log
      [Button] Has onClick in props: false

      at log (src/components/ui/Button.tsx:27:13)

    console.log
      [Button] All props: {}

      at log (src/components/ui/Button.tsx:28:13)

    console.log
      [Button] Rendering with type: button

      at log (src/components/ui/Button.tsx:25:13)

    console.log
      [Button] Props received: {
        variant: 'outline',
        size: 'sm',
        type: 'button',
        loading: false,
        disabled: undefined
      }

      at log (src/components/ui/Button.tsx:26:13)

    console.log
      [Button] Has onClick in props: true

      at log (src/components/ui/Button.tsx:27:13)

    console.log
      [Button] All props: {
        onClick: [Function: fillSampleData],
        'aria-label': 'Fill form with sample data for testing'
      }

      at log (src/components/ui/Button.tsx:28:13)

    console.log
      [Button] Rendering with type: submit

      at log (src/components/ui/Button.tsx:25:13)

    console.log
      [Button] Props received: {
        variant: 'primary',
        size: 'lg',
        type: 'submit',
        loading: false,
        disabled: false
      }

      at log (src/components/ui/Button.tsx:26:13)

    console.log
      [Button] Has onClick in props: false

      at log (src/components/ui/Button.tsx:27:13)

    console.log
      [Button] All props: {}

      at log (src/components/ui/Button.tsx:28:13)

    console.log
      [Button] Rendering with type: button

      at log (src/components/ui/Button.tsx:25:13)

    console.log
      [Button] Props received: {
        variant: 'outline',
        size: 'sm',
        type: 'button',
        loading: false,
        disabled: undefined
      }

      at log (src/components/ui/Button.tsx:26:13)

    console.log
      [Button] Has onClick in props: true

      at log (src/components/ui/Button.tsx:27:13)

    console.log
      [Button] All props: {
        onClick: [Function: fillSampleData],
        'aria-label': 'Fill form with sample data for testing'
      }

      at log (src/components/ui/Button.tsx:28:13)

    console.log
      [Button] Rendering with type: submit

      at log (src/components/ui/Button.tsx:25:13)

    console.log
      [Button] Props received: {
        variant: 'primary',
        size: 'lg',
        type: 'submit',
        loading: false,
        disabled: false
      }

      at log (src/components/ui/Button.tsx:26:13)

    console.log
      [Button] Has onClick in props: false

      at log (src/components/ui/Button.tsx:27:13)

    console.log
      [Button] All props: {}

      at log (src/components/ui/Button.tsx:28:13)

    console.log
      [Button] Rendering with type: button

      at log (src/components/ui/Button.tsx:25:13)

    console.log
      [Button] Props received: {
        variant: 'outline',
        size: 'sm',
        type: 'button',
        loading: false,
        disabled: undefined
      }

      at log (src/components/ui/Button.tsx:26:13)

    console.log
      [Button] Has onClick in props: true

      at log (src/components/ui/Button.tsx:27:13)

    console.log
      [Button] All props: {
        onClick: [Function: fillSampleData],
        'aria-label': 'Fill form with sample data for testing'
      }

      at log (src/components/ui/Button.tsx:28:13)

    console.log
      [Button] Rendering with type: submit

      at log (src/components/ui/Button.tsx:25:13)

    console.log
      [Button] Props received: {
        variant: 'primary',
        size: 'lg',
        type: 'submit',
        loading: false,
        disabled: false
      }

      at log (src/components/ui/Button.tsx:26:13)

    console.log
      [Button] Has onClick in props: false

      at log (src/components/ui/Button.tsx:27:13)

    console.log
      [Button] All props: {}

      at log (src/components/ui/Button.tsx:28:13)

    console.log
      [Button] Rendering with type: button

      at log (src/components/ui/Button.tsx:25:13)

    console.log
      [Button] Props received: {
        variant: 'outline',
        size: 'sm',
        type: 'button',
        loading: false,
        disabled: undefined
      }

      at log (src/components/ui/Button.tsx:26:13)

    console.log
      [Button] Has onClick in props: true

      at log (src/components/ui/Button.tsx:27:13)

    console.log
      [Button] All props: {
        onClick: [Function: fillSampleData],
        'aria-label': 'Fill form with sample data for testing'
      }

      at log (src/components/ui/Button.tsx:28:13)

    console.log
      [Button] Rendering with type: submit

      at log (src/components/ui/Button.tsx:25:13)

    console.log
      [Button] Props received: {
        variant: 'primary',
        size: 'lg',
        type: 'submit',
        loading: false,
        disabled: false
      }

      at log (src/components/ui/Button.tsx:26:13)

    console.log
      [Button] Has onClick in props: false

      at log (src/components/ui/Button.tsx:27:13)

    console.log
      [Button] All props: {}

      at log (src/components/ui/Button.tsx:28:13)

    console.log
      [Button] Rendering with type: button

      at log (src/components/ui/Button.tsx:25:13)

    console.log
      [Button] Props received: {
        variant: 'outline',
        size: 'sm',
        type: 'button',
        loading: false,
        disabled: undefined
      }

      at log (src/components/ui/Button.tsx:26:13)

    console.log
      [Button] Has onClick in props: true

      at log (src/components/ui/Button.tsx:27:13)

    console.log
      [Button] All props: {
        onClick: [Function: fillSampleData],
        'aria-label': 'Fill form with sample data for testing'
      }

      at log (src/components/ui/Button.tsx:28:13)

    console.log
      [Button] Rendering with type: submit

      at log (src/components/ui/Button.tsx:25:13)

    console.log
      [Button] Props received: {
        variant: 'primary',
        size: 'lg',
        type: 'submit',
        loading: false,
        disabled: false
      }

      at log (src/components/ui/Button.tsx:26:13)

    console.log
      [Button] Has onClick in props: false

      at log (src/components/ui/Button.tsx:27:13)

    console.log
      [Button] All props: {}

      at log (src/components/ui/Button.tsx:28:13)

    console.log
      [Button] Rendering with type: button

      at log (src/components/ui/Button.tsx:25:13)

    console.log
      [Button] Props received: {
        variant: 'outline',
        size: 'sm',
        type: 'button',
        loading: false,
        disabled: undefined
      }

      at log (src/components/ui/Button.tsx:26:13)

    console.log
      [Button] Has onClick in props: true

      at log (src/components/ui/Button.tsx:27:13)

    console.log
      [Button] All props: {
        onClick: [Function: fillSampleData],
        'aria-label': 'Fill form with sample data for testing'
      }

      at log (src/components/ui/Button.tsx:28:13)

    console.log
      [Button] Rendering with type: submit

      at log (src/components/ui/Button.tsx:25:13)

    console.log
      [Button] Props received: {
        variant: 'primary',
        size: 'lg',
        type: 'submit',
        loading: false,
        disabled: false
      }

      at log (src/components/ui/Button.tsx:26:13)

    console.log
      [Button] Has onClick in props: false

      at log (src/components/ui/Button.tsx:27:13)

    console.log
      [Button] All props: {}

      at log (src/components/ui/Button.tsx:28:13)

    console.log
      [Button] Rendering with type: button

      at log (src/components/ui/Button.tsx:25:13)

    console.log
      [Button] Props received: {
        variant: 'outline',
        size: 'sm',
        type: 'button',
        loading: false,
        disabled: undefined
      }

      at log (src/components/ui/Button.tsx:26:13)

    console.log
      [Button] Has onClick in props: true

      at log (src/components/ui/Button.tsx:27:13)

    console.log
      [Button] All props: {
        onClick: [Function: fillSampleData],
        'aria-label': 'Fill form with sample data for testing'
      }

      at log (src/components/ui/Button.tsx:28:13)

    console.log
      [Button] Rendering with type: submit

      at log (src/components/ui/Button.tsx:25:13)

    console.log
      [Button] Props received: {
        variant: 'primary',
        size: 'lg',
        type: 'submit',
        loading: false,
        disabled: false
      }

      at log (src/components/ui/Button.tsx:26:13)

    console.log
      [Button] Has onClick in props: false

      at log (src/components/ui/Button.tsx:27:13)

    console.log
      [Button] All props: {}

      at log (src/components/ui/Button.tsx:28:13)

    console.log
      [Button] Rendering with type: button

      at log (src/components/ui/Button.tsx:25:13)

    console.log
      [Button] Props received: {
        variant: 'outline',
        size: 'sm',
        type: 'button',
        loading: false,
        disabled: undefined
      }

      at log (src/components/ui/Button.tsx:26:13)

    console.log
      [Button] Has onClick in props: true

      at log (src/components/ui/Button.tsx:27:13)

    console.log
      [Button] All props: {
        onClick: [Function: fillSampleData],
        'aria-label': 'Fill form with sample data for testing'
      }

      at log (src/components/ui/Button.tsx:28:13)

    console.log
      [Button] Rendering with type: submit

      at log (src/components/ui/Button.tsx:25:13)

    console.log
      [Button] Props received: {
        variant: 'primary',
        size: 'lg',
        type: 'submit',
        loading: false,
        disabled: false
      }

      at log (src/components/ui/Button.tsx:26:13)

    console.log
      [Button] Has onClick in props: false

      at log (src/components/ui/Button.tsx:27:13)

    console.log
      [Button] All props: {}

      at log (src/components/ui/Button.tsx:28:13)

    console.log
      [Button] Rendering with type: button

      at log (src/components/ui/Button.tsx:25:13)

    console.log
      [Button] Props received: {
        variant: 'outline',
        size: 'sm',
        type: 'button',
        loading: false,
        disabled: undefined
      }

      at log (src/components/ui/Button.tsx:26:13)

    console.log
      [Button] Has onClick in props: true

      at log (src/components/ui/Button.tsx:27:13)

    console.log
      [Button] All props: {
        onClick: [Function: fillSampleData],
        'aria-label': 'Fill form with sample data for testing'
      }

      at log (src/components/ui/Button.tsx:28:13)

    console.log
      [Button] Rendering with type: submit

      at log (src/components/ui/Button.tsx:25:13)

    console.log
      [Button] Props received: {
        variant: 'primary',
        size: 'lg',
        type: 'submit',
        loading: false,
        disabled: false
      }

      at log (src/components/ui/Button.tsx:26:13)

    console.log
      [Button] Has onClick in props: false

      at log (src/components/ui/Button.tsx:27:13)

    console.log
      [Button] All props: {}

      at log (src/components/ui/Button.tsx:28:13)

    console.log
      [Button] Rendering with type: button

      at log (src/components/ui/Button.tsx:25:13)

    console.log
      [Button] Props received: {
        variant: 'outline',
        size: 'sm',
        type: 'button',
        loading: false,
        disabled: undefined
      }

      at log (src/components/ui/Button.tsx:26:13)

    console.log
      [Button] Has onClick in props: true

      at log (src/components/ui/Button.tsx:27:13)

    console.log
      [Button] All props: {
        onClick: [Function: fillSampleData],
        'aria-label': 'Fill form with sample data for testing'
      }

      at log (src/components/ui/Button.tsx:28:13)

    console.log
      [Button] Rendering with type: submit

      at log (src/components/ui/Button.tsx:25:13)

    console.log
      [Button] Props received: {
        variant: 'primary',
        size: 'lg',
        type: 'submit',
        loading: false,
        disabled: false
      }

      at log (src/components/ui/Button.tsx:26:13)

    console.log
      [Button] Has onClick in props: false

      at log (src/components/ui/Button.tsx:27:13)

    console.log
      [Button] All props: {}

      at log (src/components/ui/Button.tsx:28:13)

    console.log
      [Button] Rendering with type: button

      at log (src/components/ui/Button.tsx:25:13)

    console.log
      [Button] Props received: {
        variant: 'outline',
        size: 'sm',
        type: 'button',
        loading: false,
        disabled: undefined
      }

      at log (src/components/ui/Button.tsx:26:13)

    console.log
      [Button] Has onClick in props: true

      at log (src/components/ui/Button.tsx:27:13)

    console.log
      [Button] All props: {
        onClick: [Function: fillSampleData],
        'aria-label': 'Fill form with sample data for testing'
      }

      at log (src/components/ui/Button.tsx:28:13)

    console.log
      [Button] Rendering with type: submit

      at log (src/components/ui/Button.tsx:25:13)

    console.log
      [Button] Props received: {
        variant: 'primary',
        size: 'lg',
        type: 'submit',
        loading: false,
        disabled: false
      }

      at log (src/components/ui/Button.tsx:26:13)

    console.log
      [Button] Has onClick in props: false

      at log (src/components/ui/Button.tsx:27:13)

    console.log
      [Button] All props: {}

      at log (src/components/ui/Button.tsx:28:13)

    console.log
      [Button] Rendering with type: button

      at log (src/components/ui/Button.tsx:25:13)

    console.log
      [Button] Props received: {
        variant: 'outline',
        size: 'sm',
        type: 'button',
        loading: false,
        disabled: undefined
      }

      at log (src/components/ui/Button.tsx:26:13)

    console.log
      [Button] Has onClick in props: true

      at log (src/components/ui/Button.tsx:27:13)

    console.log
      [Button] All props: {
        onClick: [Function: fillSampleData],
        'aria-label': 'Fill form with sample data for testing'
      }

      at log (src/components/ui/Button.tsx:28:13)

    console.log
      [Button] Rendering with type: submit

      at log (src/components/ui/Button.tsx:25:13)

    console.log
      [Button] Props received: {
        variant: 'primary',
        size: 'lg',
        type: 'submit',
        loading: false,
        disabled: false
      }

      at log (src/components/ui/Button.tsx:26:13)

    console.log
      [Button] Has onClick in props: false

      at log (src/components/ui/Button.tsx:27:13)

    console.log
      [Button] All props: {}

      at log (src/components/ui/Button.tsx:28:13)

    console.log
      [Button] Rendering with type: button

      at log (src/components/ui/Button.tsx:25:13)

    console.log
      [Button] Props received: {
        variant: 'outline',
        size: 'sm',
        type: 'button',
        loading: false,
        disabled: undefined
      }

      at log (src/components/ui/Button.tsx:26:13)

    console.log
      [Button] Has onClick in props: true

      at log (src/components/ui/Button.tsx:27:13)

    console.log
      [Button] All props: {
        onClick: [Function: fillSampleData],
        'aria-label': 'Fill form with sample data for testing'
      }

      at log (src/components/ui/Button.tsx:28:13)

    console.log
      [Button] Rendering with type: submit

      at log (src/components/ui/Button.tsx:25:13)

    console.log
      [Button] Props received: {
        variant: 'primary',
        size: 'lg',
        type: 'submit',
        loading: false,
        disabled: false
      }

      at log (src/components/ui/Button.tsx:26:13)

    console.log
      [Button] Has onClick in props: false

      at log (src/components/ui/Button.tsx:27:13)

    console.log
      [Button] All props: {}

      at log (src/components/ui/Button.tsx:28:13)

    console.log
      [Button] Rendering with type: button

      at log (src/components/ui/Button.tsx:25:13)

    console.log
      [Button] Props received: {
        variant: 'outline',
        size: 'sm',
        type: 'button',
        loading: false,
        disabled: undefined
      }

      at log (src/components/ui/Button.tsx:26:13)

    console.log
      [Button] Has onClick in props: true

      at log (src/components/ui/Button.tsx:27:13)

    console.log
      [Button] All props: {
        onClick: [Function: fillSampleData],
        'aria-label': 'Fill form with sample data for testing'
      }

      at log (src/components/ui/Button.tsx:28:13)

    console.log
      [Button] Rendering with type: submit

      at log (src/components/ui/Button.tsx:25:13)

    console.log
      [Button] Props received: {
        variant: 'primary',
        size: 'lg',
        type: 'submit',
        loading: false,
        disabled: false
      }

      at log (src/components/ui/Button.tsx:26:13)

    console.log
      [Button] Has onClick in props: false

      at log (src/components/ui/Button.tsx:27:13)

    console.log
      [Button] All props: {}

      at log (src/components/ui/Button.tsx:28:13)

    console.log
      [Button] Rendering with type: button

      at log (src/components/ui/Button.tsx:25:13)

    console.log
      [Button] Props received: {
        variant: 'outline',
        size: 'sm',
        type: 'button',
        loading: false,
        disabled: undefined
      }

      at log (src/components/ui/Button.tsx:26:13)

    console.log
      [Button] Has onClick in props: true

      at log (src/components/ui/Button.tsx:27:13)

    console.log
      [Button] All props: {
        onClick: [Function: fillSampleData],
        'aria-label': 'Fill form with sample data for testing'
      }

      at log (src/components/ui/Button.tsx:28:13)

    console.log
      [Button] Rendering with type: submit

      at log (src/components/ui/Button.tsx:25:13)

    console.log
      [Button] Props received: {
        variant: 'primary',
        size: 'lg',
        type: 'submit',
        loading: false,
        disabled: false
      }

      at log (src/components/ui/Button.tsx:26:13)

    console.log
      [Button] Has onClick in props: false

      at log (src/components/ui/Button.tsx:27:13)

    console.log
      [Button] All props: {}

      at log (src/components/ui/Button.tsx:28:13)

    console.log
      [Button] Rendering with type: button

      at log (src/components/ui/Button.tsx:25:13)

    console.log
      [Button] Props received: {
        variant: 'outline',
        size: 'sm',
        type: 'button',
        loading: false,
        disabled: undefined
      }

      at log (src/components/ui/Button.tsx:26:13)

    console.log
      [Button] Has onClick in props: true

      at log (src/components/ui/Button.tsx:27:13)

    console.log
      [Button] All props: {
        onClick: [Function: fillSampleData],
        'aria-label': 'Fill form with sample data for testing'
      }

      at log (src/components/ui/Button.tsx:28:13)

    console.log
      [Button] Rendering with type: submit

      at log (src/components/ui/Button.tsx:25:13)

    console.log
      [Button] Props received: {
        variant: 'primary',
        size: 'lg',
        type: 'submit',
        loading: true,
        disabled: true
      }

      at log (src/components/ui/Button.tsx:26:13)

    console.log
      [Button] Has onClick in props: false

      at log (src/components/ui/Button.tsx:27:13)

    console.log
      [Button] All props: {}

      at log (src/components/ui/Button.tsx:28:13)

    console.log
      [Button] Rendering with type: button

      at log (src/components/ui/Button.tsx:25:13)

    console.log
      [Button] Props received: {
        variant: 'outline',
        size: 'sm',
        type: 'button',
        loading: false,
        disabled: undefined
      }

      at log (src/components/ui/Button.tsx:26:13)

    console.log
      [Button] Has onClick in props: true

      at log (src/components/ui/Button.tsx:27:13)

    console.log
      [Button] All props: {
        onClick: [Function: fillSampleData],
        'aria-label': 'Fill form with sample data for testing'
      }

      at log (src/components/ui/Button.tsx:28:13)

    console.log
      [Button] Rendering with type: submit

      at log (src/components/ui/Button.tsx:25:13)

    console.log
      [Button] Props received: {
        variant: 'primary',
        size: 'lg',
        type: 'submit',
        loading: false,
        disabled: false
      }

      at log (src/components/ui/Button.tsx:26:13)

    console.log
      [Button] Has onClick in props: false

      at log (src/components/ui/Button.tsx:27:13)

    console.log
      [Button] All props: {}

      at log (src/components/ui/Button.tsx:28:13)

    console.log
      [Button] Rendering with type: button

      at log (src/components/ui/Button.tsx:25:13)

    console.log
      [Button] Props received: {
        variant: 'outline',
        size: 'sm',
        type: 'button',
        loading: false,
        disabled: undefined
      }

      at log (src/components/ui/Button.tsx:26:13)

    console.log
      [Button] Has onClick in props: true

      at log (src/components/ui/Button.tsx:27:13)

    console.log
      [Button] All props: {
        onClick: [Function: fillSampleData],
        'aria-label': 'Fill form with sample data for testing'
      }

      at log (src/components/ui/Button.tsx:28:13)

    console.log
      [Button] Rendering with type: submit

      at log (src/components/ui/Button.tsx:25:13)

    console.log
      [Button] Props received: {
        variant: 'primary',
        size: 'lg',
        type: 'submit',
        loading: false,
        disabled: false
      }

      at log (src/components/ui/Button.tsx:26:13)

    console.log
      [Button] Has onClick in props: false

      at log (src/components/ui/Button.tsx:27:13)

    console.log
      [Button] All props: {}

      at log (src/components/ui/Button.tsx:28:13)

    console.log
      [Button] Rendering with type: button

      at log (src/components/ui/Button.tsx:25:13)

    console.log
      [Button] Props received: {
        variant: 'outline',
        size: 'sm',
        type: 'button',
        loading: false,
        disabled: undefined
      }

      at log (src/components/ui/Button.tsx:26:13)

    console.log
      [Button] Has onClick in props: true

      at log (src/components/ui/Button.tsx:27:13)

    console.log
      [Button] All props: {
        onClick: [Function: fillSampleData],
        'aria-label': 'Fill form with sample data for testing'
      }

      at log (src/components/ui/Button.tsx:28:13)

    console.log
      [Button] Rendering with type: submit

      at log (src/components/ui/Button.tsx:25:13)

    console.log
      [Button] Props received: {
        variant: 'primary',
        size: 'lg',
        type: 'submit',
        loading: false,
        disabled: false
      }

      at log (src/components/ui/Button.tsx:26:13)

    console.log
      [Button] Has onClick in props: false

      at log (src/components/ui/Button.tsx:27:13)

    console.log
      [Button] All props: {}

      at log (src/components/ui/Button.tsx:28:13)

    console.log
      [Button] Rendering with type: button

      at log (src/components/ui/Button.tsx:25:13)

    console.log
      [Button] Props received: {
        variant: 'outline',
        size: 'sm',
        type: 'button',
        loading: false,
        disabled: undefined
      }

      at log (src/components/ui/Button.tsx:26:13)

    console.log
      [Button] Has onClick in props: true

      at log (src/components/ui/Button.tsx:27:13)

    console.log
      [Button] All props: {
        onClick: [Function: fillSampleData],
        'aria-label': 'Fill form with sample data for testing'
      }

      at log (src/components/ui/Button.tsx:28:13)

    console.log
      [Button] Rendering with type: submit

      at log (src/components/ui/Button.tsx:25:13)

    console.log
      [Button] Props received: {
        variant: 'primary',
        size: 'lg',
        type: 'submit',
        loading: false,
        disabled: false
      }

      at log (src/components/ui/Button.tsx:26:13)

    console.log
      [Button] Has onClick in props: false

      at log (src/components/ui/Button.tsx:27:13)

    console.log
      [Button] All props: {}

      at log (src/components/ui/Button.tsx:28:13)

    console.log
      [Button] Rendering with type: button

      at log (src/components/ui/Button.tsx:25:13)

    console.log
      [Button] Props received: {
        variant: 'outline',
        size: 'sm',
        type: 'button',
        loading: false,
        disabled: undefined
      }

      at log (src/components/ui/Button.tsx:26:13)

    console.log
      [Button] Has onClick in props: true

      at log (src/components/ui/Button.tsx:27:13)

    console.log
      [Button] All props: {
        onClick: [Function: fillSampleData],
        'aria-label': 'Fill form with sample data for testing'
      }

      at log (src/components/ui/Button.tsx:28:13)

    console.log
      [Button] Rendering with type: submit

      at log (src/components/ui/Button.tsx:25:13)

    console.log
      [Button] Props received: {
        variant: 'primary',
        size: 'lg',
        type: 'submit',
        loading: false,
        disabled: false
      }

      at log (src/components/ui/Button.tsx:26:13)

    console.log
      [Button] Has onClick in props: false

      at log (src/components/ui/Button.tsx:27:13)

    console.log
      [Button] All props: {}

      at log (src/components/ui/Button.tsx:28:13)

    console.log
      [Button] Rendering with type: button

      at log (src/components/ui/Button.tsx:25:13)

    console.log
      [Button] Props received: {
        variant: 'outline',
        size: 'sm',
        type: 'button',
        loading: false,
        disabled: undefined
      }

      at log (src/components/ui/Button.tsx:26:13)

    console.log
      [Button] Has onClick in props: true

      at log (src/components/ui/Button.tsx:27:13)

    console.log
      [Button] All props: {
        onClick: [Function: fillSampleData],
        'aria-label': 'Fill form with sample data for testing'
      }

      at log (src/components/ui/Button.tsx:28:13)

    console.log
      [Button] Rendering with type: submit

      at log (src/components/ui/Button.tsx:25:13)

    console.log
      [Button] Props received: {
        variant: 'primary',
        size: 'lg',
        type: 'submit',
        loading: false,
        disabled: false
      }

      at log (src/components/ui/Button.tsx:26:13)

    console.log
      [Button] Has onClick in props: false

      at log (src/components/ui/Button.tsx:27:13)

    console.log
      [Button] All props: {}

      at log (src/components/ui/Button.tsx:28:13)

    console.log
      [Button] Rendering with type: button

      at log (src/components/ui/Button.tsx:25:13)

    console.log
      [Button] Props received: {
        variant: 'outline',
        size: 'sm',
        type: 'button',
        loading: false,
        disabled: undefined
      }

      at log (src/components/ui/Button.tsx:26:13)

    console.log
      [Button] Has onClick in props: true

      at log (src/components/ui/Button.tsx:27:13)

    console.log
      [Button] All props: {
        onClick: [Function: fillSampleData],
        'aria-label': 'Fill form with sample data for testing'
      }

      at log (src/components/ui/Button.tsx:28:13)

    console.log
      [Button] Rendering with type: submit

      at log (src/components/ui/Button.tsx:25:13)

    console.log
      [Button] Props received: {
        variant: 'primary',
        size: 'lg',
        type: 'submit',
        loading: false,
        disabled: false
      }

      at log (src/components/ui/Button.tsx:26:13)

    console.log
      [Button] Has onClick in props: false

      at log (src/components/ui/Button.tsx:27:13)

    console.log
      [Button] All props: {}

      at log (src/components/ui/Button.tsx:28:13)

    console.log
      [Button] Rendering with type: button

      at log (src/components/ui/Button.tsx:25:13)

    console.log
      [Button] Props received: {
        variant: 'outline',
        size: 'sm',
        type: 'button',
        loading: false,
        disabled: undefined
      }

      at log (src/components/ui/Button.tsx:26:13)

    console.log
      [Button] Has onClick in props: true

      at log (src/components/ui/Button.tsx:27:13)

    console.log
      [Button] All props: {
        onClick: [Function: fillSampleData],
        'aria-label': 'Fill form with sample data for testing'
      }

      at log (src/components/ui/Button.tsx:28:13)

    console.log
      [Button] Rendering with type: submit

      at log (src/components/ui/Button.tsx:25:13)

    console.log
      [Button] Props received: {
        variant: 'primary',
        size: 'lg',
        type: 'submit',
        loading: false,
        disabled: false
      }

      at log (src/components/ui/Button.tsx:26:13)

    console.log
      [Button] Has onClick in props: false

      at log (src/components/ui/Button.tsx:27:13)

    console.log
      [Button] All props: {}

      at log (src/components/ui/Button.tsx:28:13)

    console.log
      [Button] Rendering with type: button

      at log (src/components/ui/Button.tsx:25:13)

    console.log
      [Button] Props received: {
        variant: 'outline',
        size: 'sm',
        type: 'button',
        loading: false,
        disabled: undefined
      }

      at log (src/components/ui/Button.tsx:26:13)

    console.log
      [Button] Has onClick in props: true

      at log (src/components/ui/Button.tsx:27:13)

    console.log
      [Button] All props: {
        onClick: [Function: fillSampleData],
        'aria-label': 'Fill form with sample data for testing'
      }

      at log (src/components/ui/Button.tsx:28:13)

    console.log
      [Button] Rendering with type: submit

      at log (src/components/ui/Button.tsx:25:13)

    console.log
      [Button] Props received: {
        variant: 'primary',
        size: 'lg',
        type: 'submit',
        loading: false,
        disabled: false
      }

      at log (src/components/ui/Button.tsx:26:13)

    console.log
      [Button] Has onClick in props: false

      at log (src/components/ui/Button.tsx:27:13)

    console.log
      [Button] All props: {}

      at log (src/components/ui/Button.tsx:28:13)

    console.log
      [Button] Rendering with type: button

      at log (src/components/ui/Button.tsx:25:13)

    console.log
      [Button] Props received: {
        variant: 'outline',
        size: 'sm',
        type: 'button',
        loading: false,
        disabled: undefined
      }

      at log (src/components/ui/Button.tsx:26:13)

    console.log
      [Button] Has onClick in props: true

      at log (src/components/ui/Button.tsx:27:13)

    console.log
      [Button] All props: {
        onClick: [Function: fillSampleData],
        'aria-label': 'Fill form with sample data for testing'
      }

      at log (src/components/ui/Button.tsx:28:13)

    console.log
      [Button] Rendering with type: submit

      at log (src/components/ui/Button.tsx:25:13)

    console.log
      [Button] Props received: {
        variant: 'primary',
        size: 'lg',
        type: 'submit',
        loading: false,
        disabled: false
      }

      at log (src/components/ui/Button.tsx:26:13)

    console.log
      [Button] Has onClick in props: false

      at log (src/components/ui/Button.tsx:27:13)

    console.log
      [Button] All props: {}

      at log (src/components/ui/Button.tsx:28:13)

    console.log
      [Button] Rendering with type: button

      at log (src/components/ui/Button.tsx:25:13)

    console.log
      [Button] Props received: {
        variant: 'outline',
        size: 'sm',
        type: 'button',
        loading: false,
        disabled: undefined
      }

      at log (src/components/ui/Button.tsx:26:13)

    console.log
      [Button] Has onClick in props: true

      at log (src/components/ui/Button.tsx:27:13)

    console.log
      [Button] All props: {
        onClick: [Function: fillSampleData],
        'aria-label': 'Fill form with sample data for testing'
      }

      at log (src/components/ui/Button.tsx:28:13)

    console.log
      [Button] Rendering with type: submit

      at log (src/components/ui/Button.tsx:25:13)

    console.log
      [Button] Props received: {
        variant: 'primary',
        size: 'lg',
        type: 'submit',
        loading: false,
        disabled: false
      }

      at log (src/components/ui/Button.tsx:26:13)

    console.log
      [Button] Has onClick in props: false

      at log (src/components/ui/Button.tsx:27:13)

    console.log
      [Button] All props: {}

      at log (src/components/ui/Button.tsx:28:13)

    console.log
      [Button] Rendering with type: button

      at log (src/components/ui/Button.tsx:25:13)

    console.log
      [Button] Props received: {
        variant: 'outline',
        size: 'sm',
        type: 'button',
        loading: false,
        disabled: undefined
      }

      at log (src/components/ui/Button.tsx:26:13)

    console.log
      [Button] Has onClick in props: true

      at log (src/components/ui/Button.tsx:27:13)

    console.log
      [Button] All props: {
        onClick: [Function: fillSampleData],
        'aria-label': 'Fill form with sample data for testing'
      }

      at log (src/components/ui/Button.tsx:28:13)

    console.log
      [Button] Rendering with type: submit

      at log (src/components/ui/Button.tsx:25:13)

    console.log
      [Button] Props received: {
        variant: 'primary',
        size: 'lg',
        type: 'submit',
        loading: false,
        disabled: false
      }

      at log (src/components/ui/Button.tsx:26:13)

    console.log
      [Button] Has onClick in props: false

      at log (src/components/ui/Button.tsx:27:13)

    console.log
      [Button] All props: {}

      at log (src/components/ui/Button.tsx:28:13)

    console.log
      [Button] Rendering with type: button

      at log (src/components/ui/Button.tsx:25:13)

    console.log
      [Button] Props received: {
        variant: 'outline',
        size: 'sm',
        type: 'button',
        loading: false,
        disabled: undefined
      }

      at log (src/components/ui/Button.tsx:26:13)

    console.log
      [Button] Has onClick in props: true

      at log (src/components/ui/Button.tsx:27:13)

    console.log
      [Button] All props: {
        onClick: [Function: fillSampleData],
        'aria-label': 'Fill form with sample data for testing'
      }

      at log (src/components/ui/Button.tsx:28:13)

    console.log
      [Button] Rendering with type: submit

      at log (src/components/ui/Button.tsx:25:13)

    console.log
      [Button] Props received: {
        variant: 'primary',
        size: 'lg',
        type: 'submit',
        loading: false,
        disabled: false
      }

      at log (src/components/ui/Button.tsx:26:13)

    console.log
      [Button] Has onClick in props: false

      at log (src/components/ui/Button.tsx:27:13)

    console.log
      [Button] All props: {}

      at log (src/components/ui/Button.tsx:28:13)

    console.log
      [Button] Rendering with type: button

      at log (src/components/ui/Button.tsx:25:13)

    console.log
      [Button] Props received: {
        variant: 'outline',
        size: 'sm',
        type: 'button',
        loading: false,
        disabled: undefined
      }

      at log (src/components/ui/Button.tsx:26:13)

    console.log
      [Button] Has onClick in props: true

      at log (src/components/ui/Button.tsx:27:13)

    console.log
      [Button] All props: {
        onClick: [Function: fillSampleData],
        'aria-label': 'Fill form with sample data for testing'
      }

      at log (src/components/ui/Button.tsx:28:13)

    console.log
      [Button] Rendering with type: submit

      at log (src/components/ui/Button.tsx:25:13)

    console.log
      [Button] Props received: {
        variant: 'primary',
        size: 'lg',
        type: 'submit',
        loading: false,
        disabled: false
      }

      at log (src/components/ui/Button.tsx:26:13)

    console.log
      [Button] Has onClick in props: false

      at log (src/components/ui/Button.tsx:27:13)

    console.log
      [Button] All props: {}

      at log (src/components/ui/Button.tsx:28:13)

    console.log
      [Button] Rendering with type: button

      at log (src/components/ui/Button.tsx:25:13)

    console.log
      [Button] Props received: {
        variant: 'outline',
        size: 'sm',
        type: 'button',
        loading: false,
        disabled: undefined
      }

      at log (src/components/ui/Button.tsx:26:13)

    console.log
      [Button] Has onClick in props: true

      at log (src/components/ui/Button.tsx:27:13)

    console.log
      [Button] All props: {
        onClick: [Function: fillSampleData],
        'aria-label': 'Fill form with sample data for testing'
      }

      at log (src/components/ui/Button.tsx:28:13)

    console.log
      [Button] Rendering with type: submit

      at log (src/components/ui/Button.tsx:25:13)

    console.log
      [Button] Props received: {
        variant: 'primary',
        size: 'lg',
        type: 'submit',
        loading: false,
        disabled: false
      }

      at log (src/components/ui/Button.tsx:26:13)

    console.log
      [Button] Has onClick in props: false

      at log (src/components/ui/Button.tsx:27:13)

    console.log
      [Button] All props: {}

      at log (src/components/ui/Button.tsx:28:13)

    console.log
      [Button] Rendering with type: button

      at log (src/components/ui/Button.tsx:25:13)

    console.log
      [Button] Props received: {
        variant: 'outline',
        size: 'sm',
        type: 'button',
        loading: false,
        disabled: undefined
      }

      at log (src/components/ui/Button.tsx:26:13)

    console.log
      [Button] Has onClick in props: true

      at log (src/components/ui/Button.tsx:27:13)

    console.log
      [Button] All props: {
        onClick: [Function: fillSampleData],
        'aria-label': 'Fill form with sample data for testing'
      }

      at log (src/components/ui/Button.tsx:28:13)

    console.log
      [Button] Rendering with type: submit

      at log (src/components/ui/Button.tsx:25:13)

    console.log
      [Button] Props received: {
        variant: 'primary',
        size: 'lg',
        type: 'submit',
        loading: false,
        disabled: false
      }

      at log (src/components/ui/Button.tsx:26:13)

    console.log
      [Button] Has onClick in props: false

      at log (src/components/ui/Button.tsx:27:13)

    console.log
      [Button] All props: {}

      at log (src/components/ui/Button.tsx:28:13)

    console.log
      [Button] Rendering with type: button

      at log (src/components/ui/Button.tsx:25:13)

    console.log
      [Button] Props received: {
        variant: 'outline',
        size: 'sm',
        type: 'button',
        loading: false,
        disabled: undefined
      }

      at log (src/components/ui/Button.tsx:26:13)

    console.log
      [Button] Has onClick in props: true

      at log (src/components/ui/Button.tsx:27:13)

    console.log
      [Button] All props: {
        onClick: [Function: fillSampleData],
        'aria-label': 'Fill form with sample data for testing'
      }

      at log (src/components/ui/Button.tsx:28:13)

    console.log
      [Button] Rendering with type: submit

      at log (src/components/ui/Button.tsx:25:13)

    console.log
      [Button] Props received: {
        variant: 'primary',
        size: 'lg',
        type: 'submit',
        loading: true,
        disabled: true
      }

      at log (src/components/ui/Button.tsx:26:13)

    console.log
      [Button] Has onClick in props: false

      at log (src/components/ui/Button.tsx:27:13)

    console.log
      [Button] All props: {}

      at log (src/components/ui/Button.tsx:28:13)

    console.log
      [Button] Rendering with type: button

      at log (src/components/ui/Button.tsx:25:13)

    console.log
      [Button] Props received: {
        variant: 'outline',
        size: 'sm',
        type: 'button',
        loading: false,
        disabled: undefined
      }

      at log (src/components/ui/Button.tsx:26:13)

    console.log
      [Button] Has onClick in props: true

      at log (src/components/ui/Button.tsx:27:13)

    console.log
      [Button] All props: {
        onClick: [Function: fillSampleData],
        'aria-label': 'Fill form with sample data for testing'
      }

      at log (src/components/ui/Button.tsx:28:13)

    console.log
      [Button] Rendering with type: submit

      at log (src/components/ui/Button.tsx:25:13)

    console.log
      [Button] Props received: {
        variant: 'primary',
        size: 'lg',
        type: 'submit',
        loading: true,
        disabled: true
      }

      at log (src/components/ui/Button.tsx:26:13)

    console.log
      [Button] Has onClick in props: false

      at log (src/components/ui/Button.tsx:27:13)

    console.log
      [Button] All props: {}

      at log (src/components/ui/Button.tsx:28:13)

    console.error
      Warning: An update to Form1099DivInput inside a test was not wrapped in act(...).
      
      When testing, code that causes React state updates should be wrapped into act(...):
      
      act(() => {
        /* fire events that update state */
      });
      /* assert on the output */
      
      This ensures that you're testing the behavior the user would see in the browser. Learn more at https://reactjs.org/link/wrap-tests-with-act
          at onSubmit (/Users/ryan/Library/Mobile Documents/com~apple~CloudDocs/Documents/VSCode/Tax-App-Frontend/src/components/forms/Form1099DivInput.tsx:73:3)

      at printWarning (node_modules/react-dom/cjs/react-dom.development.js:86:30)
      at error (node_modules/react-dom/cjs/react-dom.development.js:60:7)
      at warnIfUpdatesNotWrappedWithActDEV (node_modules/react-dom/cjs/react-dom.development.js:27628:9)
      at scheduleUpdateOnFiber (node_modules/react-dom/cjs/react-dom.development.js:25547:5)
      at dispatchSetState (node_modules/react-dom/cjs/react-dom.development.js:16708:7)
      at Object.callback (node_modules/react-hook-form/src/useForm.ts:99:5)
      at Object.find (node_modules/react-hook-form/src/logic/shouldRenderFormState.ts:25:28)
      at Object.next (node_modules/react-hook-form/src/utils/createSubject.ts:40:5)
      at node_modules/react-hook-form/src/logic/createFormControl.ts:1304:7

    console.log
      [Button] Rendering with type: button

      at log (src/components/ui/Button.tsx:25:13)

    console.log
      [Button] Props received: {
        variant: 'outline',
        size: 'sm',
        type: 'button',
        loading: false,
        disabled: undefined
      }

      at log (src/components/ui/Button.tsx:26:13)

    console.log
      [Button] Has onClick in props: true

      at log (src/components/ui/Button.tsx:27:13)

    console.log
      [Button] All props: {
        onClick: [Function: fillSampleData],
        'aria-label': 'Fill form with sample data for testing'
      }

      at log (src/components/ui/Button.tsx:28:13)

    console.log
      [Button] Rendering with type: submit

      at log (src/components/ui/Button.tsx:25:13)

    console.log
      [Button] Props received: {
        variant: 'primary',
        size: 'lg',
        type: 'submit',
        loading: false,
        disabled: false
      }

      at log (src/components/ui/Button.tsx:26:13)

    console.log
      [Button] Has onClick in props: false

      at log (src/components/ui/Button.tsx:27:13)

    console.log
      [Button] All props: {}

      at log (src/components/ui/Button.tsx:28:13)

    console.log
      [Button] Rendering with type: button

      at log (src/components/ui/Button.tsx:25:13)

    console.log
      [Button] Props received: {
        variant: 'outline',
        size: 'sm',
        type: 'button',
        loading: false,
        disabled: undefined
      }

      at log (src/components/ui/Button.tsx:26:13)

    console.log
      [Button] Has onClick in props: true

      at log (src/components/ui/Button.tsx:27:13)

    console.log
      [Button] All props: {
        onClick: [Function: fillSampleData],
        'aria-label': 'Fill form with sample data for testing'
      }

      at log (src/components/ui/Button.tsx:28:13)

    console.log
      [Button] Rendering with type: submit

      at log (src/components/ui/Button.tsx:25:13)

    console.log
      [Button] Props received: {
        variant: 'primary',
        size: 'lg',
        type: 'submit',
        loading: false,
        disabled: false
      }

      at log (src/components/ui/Button.tsx:26:13)

    console.log
      [Button] Has onClick in props: false

      at log (src/components/ui/Button.tsx:27:13)

    console.log
      [Button] All props: {}

      at log (src/components/ui/Button.tsx:28:13)

    console.log
      [Button] Rendering with type: button

      at log (src/components/ui/Button.tsx:25:13)

    console.log
      [Button] Props received: {
        variant: 'outline',
        size: 'sm',
        type: 'button',
        loading: false,
        disabled: undefined
      }

      at log (src/components/ui/Button.tsx:26:13)

    console.log
      [Button] Has onClick in props: true

      at log (src/components/ui/Button.tsx:27:13)

    console.log
      [Button] All props: {
        onClick: [Function: fillSampleData],
        'aria-label': 'Fill form with sample data for testing'
      }

      at log (src/components/ui/Button.tsx:28:13)

    console.log
      [Button] Rendering with type: submit

      at log (src/components/ui/Button.tsx:25:13)

    console.log
      [Button] Props received: {
        variant: 'primary',
        size: 'lg',
        type: 'submit',
        loading: true,
        disabled: true
      }

      at log (src/components/ui/Button.tsx:26:13)

    console.log
      [Button] Has onClick in props: false

      at log (src/components/ui/Button.tsx:27:13)

    console.log
      [Button] All props: {}

      at log (src/components/ui/Button.tsx:28:13)

    console.log
      [Button] Rendering with type: button

      at log (src/components/ui/Button.tsx:25:13)

    console.log
      [Button] Props received: {
        variant: 'outline',
        size: 'sm',
        type: 'button',
        loading: false,
        disabled: undefined
      }

      at log (src/components/ui/Button.tsx:26:13)

    console.log
      [Button] Has onClick in props: true

      at log (src/components/ui/Button.tsx:27:13)

    console.log
      [Button] All props: {
        onClick: [Function: fillSampleData],
        'aria-label': 'Fill form with sample data for testing'
      }

      at log (src/components/ui/Button.tsx:28:13)

    console.log
      [Button] Rendering with type: submit

      at log (src/components/ui/Button.tsx:25:13)

    console.log
      [Button] Props received: {
        variant: 'primary',
        size: 'lg',
        type: 'submit',
        loading: true,
        disabled: true
      }

      at log (src/components/ui/Button.tsx:26:13)

    console.log
      [Button] Has onClick in props: false

      at log (src/components/ui/Button.tsx:27:13)

    console.log
      [Button] All props: {}

      at log (src/components/ui/Button.tsx:28:13)

    console.error
      Warning: An update to Form1099DivInput inside a test was not wrapped in act(...).
      
      When testing, code that causes React state updates should be wrapped into act(...):
      
      act(() => {
        /* fire events that update state */
      });
      /* assert on the output */
      
      This ensures that you're testing the behavior the user would see in the browser. Learn more at https://reactjs.org/link/wrap-tests-with-act
          at onSubmit (/Users/ryan/Library/Mobile Documents/com~apple~CloudDocs/Documents/VSCode/Tax-App-Frontend/src/components/forms/Form1099DivInput.tsx:73:3)

      at printWarning (node_modules/react-dom/cjs/react-dom.development.js:86:30)
      at error (node_modules/react-dom/cjs/react-dom.development.js:60:7)
      at warnIfUpdatesNotWrappedWithActDEV (node_modules/react-dom/cjs/react-dom.development.js:27628:9)
      at scheduleUpdateOnFiber (node_modules/react-dom/cjs/react-dom.development.js:25547:5)
      at dispatchSetState (node_modules/react-dom/cjs/react-dom.development.js:16708:7)
      at Object.callback (node_modules/react-hook-form/src/useForm.ts:99:5)
      at Object.find (node_modules/react-hook-form/src/logic/shouldRenderFormState.ts:25:28)
      at Object.next (node_modules/react-hook-form/src/utils/createSubject.ts:40:5)
      at node_modules/react-hook-form/src/logic/createFormControl.ts:1304:7

    console.log
      [Button] Rendering with type: button

      at log (src/components/ui/Button.tsx:25:13)

    console.log
      [Button] Props received: {
        variant: 'outline',
        size: 'sm',
        type: 'button',
        loading: false,
        disabled: undefined
      }

      at log (src/components/ui/Button.tsx:26:13)

    console.log
      [Button] Has onClick in props: true

      at log (src/components/ui/Button.tsx:27:13)

    console.log
      [Button] All props: {
        onClick: [Function: fillSampleData],
        'aria-label': 'Fill form with sample data for testing'
      }

      at log (src/components/ui/Button.tsx:28:13)

    console.log
      [Button] Rendering with type: submit

      at log (src/components/ui/Button.tsx:25:13)

    console.log
      [Button] Props received: {
        variant: 'primary',
        size: 'lg',
        type: 'submit',
        loading: false,
        disabled: false
      }

      at log (src/components/ui/Button.tsx:26:13)

    console.log
      [Button] Has onClick in props: false

      at log (src/components/ui/Button.tsx:27:13)

    console.log
      [Button] All props: {}

      at log (src/components/ui/Button.tsx:28:13)

    console.log
      [Button] Rendering with type: button

      at log (src/components/ui/Button.tsx:25:13)

    console.log
      [Button] Props received: {
        variant: 'outline',
        size: 'sm',
        type: 'button',
        loading: false,
        disabled: undefined
      }

      at log (src/components/ui/Button.tsx:26:13)

    console.log
      [Button] Has onClick in props: true

      at log (src/components/ui/Button.tsx:27:13)

    console.log
      [Button] All props: {
        onClick: [Function: fillSampleData],
        'aria-label': 'Fill form with sample data for testing'
      }

      at log (src/components/ui/Button.tsx:28:13)

    console.log
      [Button] Rendering with type: submit

      at log (src/components/ui/Button.tsx:25:13)

    console.log
      [Button] Props received: {
        variant: 'primary',
        size: 'lg',
        type: 'submit',
        loading: false,
        disabled: false
      }

      at log (src/components/ui/Button.tsx:26:13)

    console.log
      [Button] Has onClick in props: false

      at log (src/components/ui/Button.tsx:27:13)

    console.log
      [Button] All props: {}

      at log (src/components/ui/Button.tsx:28:13)

    console.log
      [Button] Rendering with type: button

      at log (src/components/ui/Button.tsx:25:13)

    console.log
      [Button] Props received: {
        variant: 'outline',
        size: 'sm',
        type: 'button',
        loading: false,
        disabled: undefined
      }

      at log (src/components/ui/Button.tsx:26:13)

    console.log
      [Button] Has onClick in props: true

      at log (src/components/ui/Button.tsx:27:13)

    console.log
      [Button] All props: {
        onClick: [Function: fillSampleData],
        'aria-label': 'Fill form with sample data for testing'
      }

      at log (src/components/ui/Button.tsx:28:13)

    console.log
      [Button] Rendering with type: submit

      at log (src/components/ui/Button.tsx:25:13)

    console.log
      [Button] Props received: {
        variant: 'primary',
        size: 'lg',
        type: 'submit',
        loading: false,
        disabled: false
      }

      at log (src/components/ui/Button.tsx:26:13)

    console.log
      [Button] Has onClick in props: false

      at log (src/components/ui/Button.tsx:27:13)

    console.log
      [Button] All props: {}

      at log (src/components/ui/Button.tsx:28:13)

    console.log
      [Button] Rendering with type: button

      at log (src/components/ui/Button.tsx:25:13)

    console.log
      [Button] Props received: {
        variant: 'outline',
        size: 'sm',
        type: 'button',
        loading: false,
        disabled: undefined
      }

      at log (src/components/ui/Button.tsx:26:13)

    console.log
      [Button] Has onClick in props: true

      at log (src/components/ui/Button.tsx:27:13)

    console.log
      [Button] All props: {
        onClick: [Function: fillSampleData],
        'aria-label': 'Fill form with sample data for testing'
      }

      at log (src/components/ui/Button.tsx:28:13)

    console.log
      [Button] Rendering with type: submit

      at log (src/components/ui/Button.tsx:25:13)

    console.log
      [Button] Props received: {
        variant: 'primary',
        size: 'lg',
        type: 'submit',
        loading: false,
        disabled: false
      }

      at log (src/components/ui/Button.tsx:26:13)

    console.log
      [Button] Has onClick in props: false

      at log (src/components/ui/Button.tsx:27:13)

    console.log
      [Button] All props: {}

      at log (src/components/ui/Button.tsx:28:13)

PASS src/components/RegistrationForm.test.tsx (12.769 s)
  ● Console

    console.log
      [Button] Rendering with type: submit

      at log (src/components/ui/Button.tsx:25:13)

    console.log
      [Button] Props received: {
        variant: 'primary',
        size: 'lg',
        type: 'submit',
        loading: false,
        disabled: false
      }

      at log (src/components/ui/Button.tsx:26:13)

    console.log
      [Button] Has onClick in props: false

      at log (src/components/ui/Button.tsx:27:13)

    console.log
      [Button] All props: {}

      at log (src/components/ui/Button.tsx:28:13)

    console.log
      [Button] Rendering with type: submit

      at log (src/components/ui/Button.tsx:25:13)

    console.log
      [Button] Props received: {
        variant: 'primary',
        size: 'lg',
        type: 'submit',
        loading: false,
        disabled: false
      }

      at log (src/components/ui/Button.tsx:26:13)

    console.log
      [Button] Has onClick in props: false

      at log (src/components/ui/Button.tsx:27:13)

    console.log
      [Button] All props: {}

      at log (src/components/ui/Button.tsx:28:13)

    console.log
      [Button] Rendering with type: submit

      at log (src/components/ui/Button.tsx:25:13)

    console.log
      [Button] Props received: {
        variant: 'primary',
        size: 'lg',
        type: 'submit',
        loading: false,
        disabled: false
      }

      at log (src/components/ui/Button.tsx:26:13)

    console.log
      [Button] Has onClick in props: false

      at log (src/components/ui/Button.tsx:27:13)

    console.log
      [Button] All props: {}

      at log (src/components/ui/Button.tsx:28:13)

    console.log
      [Button] Rendering with type: submit

      at log (src/components/ui/Button.tsx:25:13)

    console.log
      [Button] Props received: {
        variant: 'primary',
        size: 'lg',
        type: 'submit',
        loading: false,
        disabled: false
      }

      at log (src/components/ui/Button.tsx:26:13)

    console.log
      [Button] Has onClick in props: false

      at log (src/components/ui/Button.tsx:27:13)

    console.log
      [Button] All props: {}

      at log (src/components/ui/Button.tsx:28:13)

    console.log
      [Button] Rendering with type: submit

      at log (src/components/ui/Button.tsx:25:13)

    console.log
      [Button] Props received: {
        variant: 'primary',
        size: 'lg',
        type: 'submit',
        loading: false,
        disabled: false
      }

      at log (src/components/ui/Button.tsx:26:13)

    console.log
      [Button] Has onClick in props: false

      at log (src/components/ui/Button.tsx:27:13)

    console.log
      [Button] All props: {}

      at log (src/components/ui/Button.tsx:28:13)

    console.log
      [Button] Rendering with type: submit

      at log (src/components/ui/Button.tsx:25:13)

    console.log
      [Button] Props received: {
        variant: 'primary',
        size: 'lg',
        type: 'submit',
        loading: false,
        disabled: false
      }

      at log (src/components/ui/Button.tsx:26:13)

    console.log
      [Button] Has onClick in props: false

      at log (src/components/ui/Button.tsx:27:13)

    console.log
      [Button] All props: {}

      at log (src/components/ui/Button.tsx:28:13)

    console.log
      [Button] Rendering with type: submit

      at log (src/components/ui/Button.tsx:25:13)

    console.log
      [Button] Props received: {
        variant: 'primary',
        size: 'lg',
        type: 'submit',
        loading: false,
        disabled: false
      }

      at log (src/components/ui/Button.tsx:26:13)

    console.log
      [Button] Has onClick in props: false

      at log (src/components/ui/Button.tsx:27:13)

    console.log
      [Button] All props: {}

      at log (src/components/ui/Button.tsx:28:13)

    console.log
      [Button] Rendering with type: submit

      at log (src/components/ui/Button.tsx:25:13)

    console.log
      [Button] Props received: {
        variant: 'primary',
        size: 'lg',
        type: 'submit',
        loading: false,
        disabled: false
      }

      at log (src/components/ui/Button.tsx:26:13)

    console.log
      [Button] Has onClick in props: false

      at log (src/components/ui/Button.tsx:27:13)

    console.log
      [Button] All props: {}

      at log (src/components/ui/Button.tsx:28:13)

    console.log
      [Button] Rendering with type: submit

      at log (src/components/ui/Button.tsx:25:13)

    console.log
      [Button] Props received: {
        variant: 'primary',
        size: 'lg',
        type: 'submit',
        loading: false,
        disabled: false
      }

      at log (src/components/ui/Button.tsx:26:13)

    console.log
      [Button] Has onClick in props: false

      at log (src/components/ui/Button.tsx:27:13)

    console.log
      [Button] All props: {}

      at log (src/components/ui/Button.tsx:28:13)

    console.log
      [Button] Rendering with type: submit

      at log (src/components/ui/Button.tsx:25:13)

    console.log
      [Button] Props received: {
        variant: 'primary',
        size: 'lg',
        type: 'submit',
        loading: false,
        disabled: false
      }

      at log (src/components/ui/Button.tsx:26:13)

    console.log
      [Button] Has onClick in props: false

      at log (src/components/ui/Button.tsx:27:13)

    console.log
      [Button] All props: {}

      at log (src/components/ui/Button.tsx:28:13)

    console.log
      [Button] Rendering with type: submit

      at log (src/components/ui/Button.tsx:25:13)

    console.log
      [Button] Props received: {
        variant: 'primary',
        size: 'lg',
        type: 'submit',
        loading: false,
        disabled: true
      }

      at log (src/components/ui/Button.tsx:26:13)

    console.log
      [Button] Has onClick in props: false

      at log (src/components/ui/Button.tsx:27:13)

    console.log
      [Button] All props: {}

      at log (src/components/ui/Button.tsx:28:13)

    console.log
      [Button] Rendering with type: submit

      at log (src/components/ui/Button.tsx:25:13)

    console.log
      [Button] Props received: {
        variant: 'primary',
        size: 'lg',
        type: 'submit',
        loading: true,
        disabled: true
      }

      at log (src/components/ui/Button.tsx:26:13)

    console.log
      [Button] Has onClick in props: false

      at log (src/components/ui/Button.tsx:27:13)

    console.log
      [Button] All props: {}

      at log (src/components/ui/Button.tsx:28:13)

    console.log
      [Button] Rendering with type: submit

      at log (src/components/ui/Button.tsx:25:13)

    console.log
      [Button] Props received: {
        variant: 'primary',
        size: 'lg',
        type: 'submit',
        loading: true,
        disabled: true
      }

      at log (src/components/ui/Button.tsx:26:13)

    console.log
      [Button] Has onClick in props: false

      at log (src/components/ui/Button.tsx:27:13)

    console.log
      [Button] All props: {}

      at log (src/components/ui/Button.tsx:28:13)

    console.log
      [Button] Rendering with type: submit

      at log (src/components/ui/Button.tsx:25:13)

    console.log
      [Button] Props received: {
        variant: 'primary',
        size: 'lg',
        type: 'submit',
        loading: true,
        disabled: true
      }

      at log (src/components/ui/Button.tsx:26:13)

    console.log
      [Button] Has onClick in props: false

      at log (src/components/ui/Button.tsx:27:13)

    console.log
      [Button] All props: {}

      at log (src/components/ui/Button.tsx:28:13)

    console.log
      [Button] Rendering with type: submit

      at log (src/components/ui/Button.tsx:25:13)

    console.log
      [Button] Props received: {
        variant: 'primary',
        size: 'lg',
        type: 'submit',
        loading: true,
        disabled: true
      }

      at log (src/components/ui/Button.tsx:26:13)

    console.log
      [Button] Has onClick in props: false

      at log (src/components/ui/Button.tsx:27:13)

    console.log
      [Button] All props: {}

      at log (src/components/ui/Button.tsx:28:13)

    console.log
      [Button] Rendering with type: submit

      at log (src/components/ui/Button.tsx:25:13)

    console.log
      [Button] Props received: {
        variant: 'primary',
        size: 'lg',
        type: 'submit',
        loading: true,
        disabled: true
      }

      at log (src/components/ui/Button.tsx:26:13)

    console.log
      [Button] Has onClick in props: false

      at log (src/components/ui/Button.tsx:27:13)

    console.log
      [Button] All props: {}

      at log (src/components/ui/Button.tsx:28:13)

    console.log
      [Button] Rendering with type: submit

      at log (src/components/ui/Button.tsx:25:13)

    console.log
      [Button] Props received: {
        variant: 'primary',
        size: 'lg',
        type: 'submit',
        loading: true,
        disabled: true
      }

      at log (src/components/ui/Button.tsx:26:13)

    console.log
      [Button] Has onClick in props: false

      at log (src/components/ui/Button.tsx:27:13)

    console.log
      [Button] All props: {}

      at log (src/components/ui/Button.tsx:28:13)

    console.log
      [Button] Rendering with type: submit

      at log (src/components/ui/Button.tsx:25:13)

    console.log
      [Button] Props received: {
        variant: 'primary',
        size: 'lg',
        type: 'submit',
        loading: true,
        disabled: true
      }

      at log (src/components/ui/Button.tsx:26:13)

    console.log
      [Button] Has onClick in props: false

      at log (src/components/ui/Button.tsx:27:13)

    console.log
      [Button] All props: {}

      at log (src/components/ui/Button.tsx:28:13)

    console.log
      [Button] Rendering with type: submit

      at log (src/components/ui/Button.tsx:25:13)

    console.log
      [Button] Props received: {
        variant: 'primary',
        size: 'lg',
        type: 'submit',
        loading: true,
        disabled: true
      }

      at log (src/components/ui/Button.tsx:26:13)

    console.log
      [Button] Has onClick in props: false

      at log (src/components/ui/Button.tsx:27:13)

    console.log
      [Button] All props: {}

      at log (src/components/ui/Button.tsx:28:13)

    console.log
      [Button] Rendering with type: submit

      at log (src/components/ui/Button.tsx:25:13)

    console.log
      [Button] Props received: {
        variant: 'primary',
        size: 'lg',
        type: 'submit',
        loading: true,
        disabled: true
      }

      at log (src/components/ui/Button.tsx:26:13)

    console.log
      [Button] Has onClick in props: false

      at log (src/components/ui/Button.tsx:27:13)

    console.log
      [Button] All props: {}

      at log (src/components/ui/Button.tsx:28:13)

    console.log
      [Button] Rendering with type: submit

      at log (src/components/ui/Button.tsx:25:13)

    console.log
      [Button] Props received: {
        variant: 'primary',
        size: 'lg',
        type: 'submit',
        loading: true,
        disabled: true
      }

      at log (src/components/ui/Button.tsx:26:13)

    console.log
      [Button] Has onClick in props: false

      at log (src/components/ui/Button.tsx:27:13)

    console.log
      [Button] All props: {}

      at log (src/components/ui/Button.tsx:28:13)

    console.log
      [Button] Rendering with type: submit

      at log (src/components/ui/Button.tsx:25:13)

    console.log
      [Button] Props received: {
        variant: 'primary',
        size: 'lg',
        type: 'submit',
        loading: true,
        disabled: true
      }

      at log (src/components/ui/Button.tsx:26:13)

    console.log
      [Button] Has onClick in props: false

      at log (src/components/ui/Button.tsx:27:13)

    console.log
      [Button] All props: {}

      at log (src/components/ui/Button.tsx:28:13)

    console.log
      [Button] Rendering with type: submit

      at log (src/components/ui/Button.tsx:25:13)

    console.log
      [Button] Props received: {
        variant: 'primary',
        size: 'lg',
        type: 'submit',
        loading: true,
        disabled: true
      }

      at log (src/components/ui/Button.tsx:26:13)

    console.log
      [Button] Has onClick in props: false

      at log (src/components/ui/Button.tsx:27:13)

    console.log
      [Button] All props: {}

      at log (src/components/ui/Button.tsx:28:13)

    console.log
      [Button] Rendering with type: submit

      at log (src/components/ui/Button.tsx:25:13)

    console.log
      [Button] Props received: {
        variant: 'primary',
        size: 'lg',
        type: 'submit',
        loading: true,
        disabled: true
      }

      at log (src/components/ui/Button.tsx:26:13)

    console.log
      [Button] Has onClick in props: false

      at log (src/components/ui/Button.tsx:27:13)

    console.log
      [Button] All props: {}

      at log (src/components/ui/Button.tsx:28:13)

    console.log
      [Button] Rendering with type: submit

      at log (src/components/ui/Button.tsx:25:13)

    console.log
      [Button] Props received: {
        variant: 'primary',
        size: 'lg',
        type: 'submit',
        loading: true,
        disabled: true
      }

      at log (src/components/ui/Button.tsx:26:13)

    console.log
      [Button] Has onClick in props: false

      at log (src/components/ui/Button.tsx:27:13)

    console.log
      [Button] All props: {}

      at log (src/components/ui/Button.tsx:28:13)

    console.log
      [Button] Rendering with type: submit

      at log (src/components/ui/Button.tsx:25:13)

    console.log
      [Button] Props received: {
        variant: 'primary',
        size: 'lg',
        type: 'submit',
        loading: true,
        disabled: true
      }

      at log (src/components/ui/Button.tsx:26:13)

    console.log
      [Button] Has onClick in props: false

      at log (src/components/ui/Button.tsx:27:13)

    console.log
      [Button] All props: {}

      at log (src/components/ui/Button.tsx:28:13)

    console.log
      [Button] Rendering with type: submit

      at log (src/components/ui/Button.tsx:25:13)

    console.log
      [Button] Props received: {
        variant: 'primary',
        size: 'lg',
        type: 'submit',
        loading: true,
        disabled: true
      }

      at log (src/components/ui/Button.tsx:26:13)

    console.log
      [Button] Has onClick in props: false

      at log (src/components/ui/Button.tsx:27:13)

    console.log
      [Button] All props: {}

      at log (src/components/ui/Button.tsx:28:13)

    console.log
      [Button] Rendering with type: submit

      at log (src/components/ui/Button.tsx:25:13)

    console.log
      [Button] Props received: {
        variant: 'primary',
        size: 'lg',
        type: 'submit',
        loading: true,
        disabled: true
      }

      at log (src/components/ui/Button.tsx:26:13)

    console.log
      [Button] Has onClick in props: false

      at log (src/components/ui/Button.tsx:27:13)

    console.log
      [Button] All props: {}

      at log (src/components/ui/Button.tsx:28:13)

    console.log
      [Button] Rendering with type: submit

      at log (src/components/ui/Button.tsx:25:13)

    console.log
      [Button] Props received: {
        variant: 'primary',
        size: 'lg',
        type: 'submit',
        loading: true,
        disabled: true
      }

      at log (src/components/ui/Button.tsx:26:13)

    console.log
      [Button] Has onClick in props: false

      at log (src/components/ui/Button.tsx:27:13)

    console.log
      [Button] All props: {}

      at log (src/components/ui/Button.tsx:28:13)

    console.log
      [Button] Rendering with type: submit

      at log (src/components/ui/Button.tsx:25:13)

    console.log
      [Button] Props received: {
        variant: 'primary',
        size: 'lg',
        type: 'submit',
        loading: true,
        disabled: true
      }

      at log (src/components/ui/Button.tsx:26:13)

    console.log
      [Button] Has onClick in props: false

      at log (src/components/ui/Button.tsx:27:13)

    console.log
      [Button] All props: {}

      at log (src/components/ui/Button.tsx:28:13)

    console.log
      [Button] Rendering with type: submit

      at log (src/components/ui/Button.tsx:25:13)

    console.log
      [Button] Props received: {
        variant: 'primary',
        size: 'lg',
        type: 'submit',
        loading: true,
        disabled: true
      }

      at log (src/components/ui/Button.tsx:26:13)

    console.log
      [Button] Has onClick in props: false

      at log (src/components/ui/Button.tsx:27:13)

    console.log
      [Button] All props: {}

      at log (src/components/ui/Button.tsx:28:13)

    console.log
      [Button] Rendering with type: submit

      at log (src/components/ui/Button.tsx:25:13)

    console.log
      [Button] Props received: {
        variant: 'primary',
        size: 'lg',
        type: 'submit',
        loading: true,
        disabled: true
      }

      at log (src/components/ui/Button.tsx:26:13)

    console.log
      [Button] Has onClick in props: false

      at log (src/components/ui/Button.tsx:27:13)

    console.log
      [Button] All props: {}

      at log (src/components/ui/Button.tsx:28:13)

    console.log
      [Button] Rendering with type: submit

      at log (src/components/ui/Button.tsx:25:13)

    console.log
      [Button] Props received: {
        variant: 'primary',
        size: 'lg',
        type: 'submit',
        loading: true,
        disabled: true
      }

      at log (src/components/ui/Button.tsx:26:13)

    console.log
      [Button] Has onClick in props: false

      at log (src/components/ui/Button.tsx:27:13)

    console.log
      [Button] All props: {}

      at log (src/components/ui/Button.tsx:28:13)

    console.log
      [Button] Rendering with type: submit

      at log (src/components/ui/Button.tsx:25:13)

    console.log
      [Button] Props received: {
        variant: 'primary',
        size: 'lg',
        type: 'submit',
        loading: true,
        disabled: true
      }

      at log (src/components/ui/Button.tsx:26:13)

    console.log
      [Button] Has onClick in props: false

      at log (src/components/ui/Button.tsx:27:13)

    console.log
      [Button] All props: {}

      at log (src/components/ui/Button.tsx:28:13)

    console.log
      [Button] Rendering with type: submit

      at log (src/components/ui/Button.tsx:25:13)

    console.log
      [Button] Props received: {
        variant: 'primary',
        size: 'lg',
        type: 'submit',
        loading: true,
        disabled: true
      }

      at log (src/components/ui/Button.tsx:26:13)

    console.log
      [Button] Has onClick in props: false

      at log (src/components/ui/Button.tsx:27:13)

    console.log
      [Button] All props: {}

      at log (src/components/ui/Button.tsx:28:13)

    console.log
      [Button] Rendering with type: submit

      at log (src/components/ui/Button.tsx:25:13)

    console.log
      [Button] Props received: {
        variant: 'primary',
        size: 'lg',
        type: 'submit',
        loading: true,
        disabled: true
      }

      at log (src/components/ui/Button.tsx:26:13)

    console.log
      [Button] Has onClick in props: false

      at log (src/components/ui/Button.tsx:27:13)

    console.log
      [Button] All props: {}

      at log (src/components/ui/Button.tsx:28:13)

    console.log
      [Button] Rendering with type: submit

      at log (src/components/ui/Button.tsx:25:13)

    console.log
      [Button] Props received: {
        variant: 'primary',
        size: 'lg',
        type: 'submit',
        loading: true,
        disabled: true
      }

      at log (src/components/ui/Button.tsx:26:13)

    console.log
      [Button] Has onClick in props: false

      at log (src/components/ui/Button.tsx:27:13)

    console.log
      [Button] All props: {}

      at log (src/components/ui/Button.tsx:28:13)

    console.log
      [Button] Rendering with type: submit

      at log (src/components/ui/Button.tsx:25:13)

    console.log
      [Button] Props received: {
        variant: 'primary',
        size: 'lg',
        type: 'submit',
        loading: true,
        disabled: true
      }

      at log (src/components/ui/Button.tsx:26:13)

    console.log
      [Button] Has onClick in props: false

      at log (src/components/ui/Button.tsx:27:13)

    console.log
      [Button] All props: {}

      at log (src/components/ui/Button.tsx:28:13)

    console.log
      [Button] Rendering with type: submit

      at log (src/components/ui/Button.tsx:25:13)

    console.log
      [Button] Props received: {
        variant: 'primary',
        size: 'lg',
        type: 'submit',
        loading: true,
        disabled: true
      }

      at log (src/components/ui/Button.tsx:26:13)

    console.log
      [Button] Has onClick in props: false

      at log (src/components/ui/Button.tsx:27:13)

    console.log
      [Button] All props: {}

      at log (src/components/ui/Button.tsx:28:13)

    console.log
      [Button] Rendering with type: submit

      at log (src/components/ui/Button.tsx:25:13)

    console.log
      [Button] Props received: {
        variant: 'primary',
        size: 'lg',
        type: 'submit',
        loading: true,
        disabled: true
      }

      at log (src/components/ui/Button.tsx:26:13)

    console.log
      [Button] Has onClick in props: false

      at log (src/components/ui/Button.tsx:27:13)

    console.log
      [Button] All props: {}

      at log (src/components/ui/Button.tsx:28:13)

    console.log
      [Button] Rendering with type: submit

      at log (src/components/ui/Button.tsx:25:13)

    console.log
      [Button] Props received: {
        variant: 'primary',
        size: 'lg',
        type: 'submit',
        loading: true,
        disabled: true
      }

      at log (src/components/ui/Button.tsx:26:13)

    console.log
      [Button] Has onClick in props: false

      at log (src/components/ui/Button.tsx:27:13)

    console.log
      [Button] All props: {}

      at log (src/components/ui/Button.tsx:28:13)

    console.log
      [Button] Rendering with type: submit

      at log (src/components/ui/Button.tsx:25:13)

    console.log
      [Button] Props received: {
        variant: 'primary',
        size: 'lg',
        type: 'submit',
        loading: true,
        disabled: true
      }

      at log (src/components/ui/Button.tsx:26:13)

    console.log
      [Button] Has onClick in props: false

      at log (src/components/ui/Button.tsx:27:13)

    console.log
      [Button] All props: {}

      at log (src/components/ui/Button.tsx:28:13)

    console.log
      [Button] Rendering with type: submit

      at log (src/components/ui/Button.tsx:25:13)

    console.log
      [Button] Props received: {
        variant: 'primary',
        size: 'lg',
        type: 'submit',
        loading: true,
        disabled: true
      }

      at log (src/components/ui/Button.tsx:26:13)

    console.log
      [Button] Has onClick in props: false

      at log (src/components/ui/Button.tsx:27:13)

    console.log
      [Button] All props: {}

      at log (src/components/ui/Button.tsx:28:13)

    console.log
      [Button] Rendering with type: submit

      at log (src/components/ui/Button.tsx:25:13)

    console.log
      [Button] Props received: {
        variant: 'primary',
        size: 'lg',
        type: 'submit',
        loading: true,
        disabled: true
      }

      at log (src/components/ui/Button.tsx:26:13)

    console.log
      [Button] Has onClick in props: false

      at log (src/components/ui/Button.tsx:27:13)

    console.log
      [Button] All props: {}

      at log (src/components/ui/Button.tsx:28:13)

    console.log
      [Button] Rendering with type: submit

      at log (src/components/ui/Button.tsx:25:13)

    console.log
      [Button] Props received: {
        variant: 'primary',
        size: 'lg',
        type: 'submit',
        loading: true,
        disabled: true
      }

      at log (src/components/ui/Button.tsx:26:13)

    console.log
      [Button] Has onClick in props: false

      at log (src/components/ui/Button.tsx:27:13)

    console.log
      [Button] All props: {}

      at log (src/components/ui/Button.tsx:28:13)

    console.log
      [Button] Rendering with type: submit

      at log (src/components/ui/Button.tsx:25:13)

    console.log
      [Button] Props received: {
        variant: 'primary',
        size: 'lg',
        type: 'submit',
        loading: true,
        disabled: true
      }

      at log (src/components/ui/Button.tsx:26:13)

    console.log
      [Button] Has onClick in props: false

      at log (src/components/ui/Button.tsx:27:13)

    console.log
      [Button] All props: {}

      at log (src/components/ui/Button.tsx:28:13)

    console.log
      [Button] Rendering with type: submit

      at log (src/components/ui/Button.tsx:25:13)

    console.log
      [Button] Props received: {
        variant: 'primary',
        size: 'lg',
        type: 'submit',
        loading: true,
        disabled: true
      }

      at log (src/components/ui/Button.tsx:26:13)

    console.log
      [Button] Has onClick in props: false

      at log (src/components/ui/Button.tsx:27:13)

    console.log
      [Button] All props: {}

      at log (src/components/ui/Button.tsx:28:13)

    console.log
      [Button] Rendering with type: submit

      at log (src/components/ui/Button.tsx:25:13)

    console.log
      [Button] Props received: {
        variant: 'primary',
        size: 'lg',
        type: 'submit',
        loading: true,
        disabled: true
      }

      at log (src/components/ui/Button.tsx:26:13)

    console.log
      [Button] Has onClick in props: false

      at log (src/components/ui/Button.tsx:27:13)

    console.log
      [Button] All props: {}

      at log (src/components/ui/Button.tsx:28:13)

    console.log
      [Button] Rendering with type: submit

      at log (src/components/ui/Button.tsx:25:13)

    console.log
      [Button] Props received: {
        variant: 'primary',
        size: 'lg',
        type: 'submit',
        loading: true,
        disabled: true
      }

      at log (src/components/ui/Button.tsx:26:13)

    console.log
      [Button] Has onClick in props: false

      at log (src/components/ui/Button.tsx:27:13)

    console.log
      [Button] All props: {}

      at log (src/components/ui/Button.tsx:28:13)

    console.log
      [Button] Rendering with type: submit

      at log (src/components/ui/Button.tsx:25:13)

    console.log
      [Button] Props received: {
        variant: 'primary',
        size: 'lg',
        type: 'submit',
        loading: true,
        disabled: true
      }

      at log (src/components/ui/Button.tsx:26:13)

    console.log
      [Button] Has onClick in props: false

      at log (src/components/ui/Button.tsx:27:13)

    console.log
      [Button] All props: {}

      at log (src/components/ui/Button.tsx:28:13)

    console.log
      [Button] Rendering with type: submit

      at log (src/components/ui/Button.tsx:25:13)

    console.log
      [Button] Props received: {
        variant: 'primary',
        size: 'lg',
        type: 'submit',
        loading: true,
        disabled: true
      }

      at log (src/components/ui/Button.tsx:26:13)

    console.log
      [Button] Has onClick in props: false

      at log (src/components/ui/Button.tsx:27:13)

    console.log
      [Button] All props: {}

      at log (src/components/ui/Button.tsx:28:13)

    console.log
      [Button] Rendering with type: submit

      at log (src/components/ui/Button.tsx:25:13)

    console.log
      [Button] Props received: {
        variant: 'primary',
        size: 'lg',
        type: 'submit',
        loading: true,
        disabled: true
      }

      at log (src/components/ui/Button.tsx:26:13)

    console.log
      [Button] Has onClick in props: false

      at log (src/components/ui/Button.tsx:27:13)

    console.log
      [Button] All props: {}

      at log (src/components/ui/Button.tsx:28:13)

    console.log
      [Button] Rendering with type: submit

      at log (src/components/ui/Button.tsx:25:13)

    console.log
      [Button] Props received: {
        variant: 'primary',
        size: 'lg',
        type: 'submit',
        loading: true,
        disabled: true
      }

      at log (src/components/ui/Button.tsx:26:13)

    console.log
      [Button] Has onClick in props: false

      at log (src/components/ui/Button.tsx:27:13)

    console.log
      [Button] All props: {}

      at log (src/components/ui/Button.tsx:28:13)

    console.log
      [Button] Rendering with type: submit

      at log (src/components/ui/Button.tsx:25:13)

    console.log
      [Button] Props received: {
        variant: 'primary',
        size: 'lg',
        type: 'submit',
        loading: true,
        disabled: true
      }

      at log (src/components/ui/Button.tsx:26:13)

    console.log
      [Button] Has onClick in props: false

      at log (src/components/ui/Button.tsx:27:13)

    console.log
      [Button] All props: {}

      at log (src/components/ui/Button.tsx:28:13)

    console.log
      [Button] Rendering with type: submit

      at log (src/components/ui/Button.tsx:25:13)

    console.log
      [Button] Props received: {
        variant: 'primary',
        size: 'lg',
        type: 'submit',
        loading: true,
        disabled: true
      }

      at log (src/components/ui/Button.tsx:26:13)

    console.log
      [Button] Has onClick in props: false

      at log (src/components/ui/Button.tsx:27:13)

    console.log
      [Button] All props: {}

      at log (src/components/ui/Button.tsx:28:13)

    console.log
      [Button] Rendering with type: submit

      at log (src/components/ui/Button.tsx:25:13)

    console.log
      [Button] Props received: {
        variant: 'primary',
        size: 'lg',
        type: 'submit',
        loading: true,
        disabled: true
      }

      at log (src/components/ui/Button.tsx:26:13)

    console.log
      [Button] Has onClick in props: false

      at log (src/components/ui/Button.tsx:27:13)

    console.log
      [Button] All props: {}

      at log (src/components/ui/Button.tsx:28:13)

    console.log
      [Button] Rendering with type: submit

      at log (src/components/ui/Button.tsx:25:13)

    console.log
      [Button] Props received: {
        variant: 'primary',
        size: 'lg',
        type: 'submit',
        loading: true,
        disabled: true
      }

      at log (src/components/ui/Button.tsx:26:13)

    console.log
      [Button] Has onClick in props: false

      at log (src/components/ui/Button.tsx:27:13)

    console.log
      [Button] All props: {}

      at log (src/components/ui/Button.tsx:28:13)

    console.log
      [Button] Rendering with type: submit

      at log (src/components/ui/Button.tsx:25:13)

    console.log
      [Button] Props received: {
        variant: 'primary',
        size: 'lg',
        type: 'submit',
        loading: true,
        disabled: true
      }

      at log (src/components/ui/Button.tsx:26:13)

    console.log
      [Button] Has onClick in props: false

      at log (src/components/ui/Button.tsx:27:13)

    console.log
      [Button] All props: {}

      at log (src/components/ui/Button.tsx:28:13)

    console.log
      [Button] Rendering with type: submit

      at log (src/components/ui/Button.tsx:25:13)

    console.log
      [Button] Props received: {
        variant: 'primary',
        size: 'lg',
        type: 'submit',
        loading: true,
        disabled: true
      }

      at log (src/components/ui/Button.tsx:26:13)

    console.log
      [Button] Has onClick in props: false

      at log (src/components/ui/Button.tsx:27:13)

    console.log
      [Button] All props: {}

      at log (src/components/ui/Button.tsx:28:13)

    console.log
      [Button] Rendering with type: submit

      at log (src/components/ui/Button.tsx:25:13)

    console.log
      [Button] Props received: {
        variant: 'primary',
        size: 'lg',
        type: 'submit',
        loading: true,
        disabled: true
      }

      at log (src/components/ui/Button.tsx:26:13)

    console.log
      [Button] Has onClick in props: false

      at log (src/components/ui/Button.tsx:27:13)

    console.log
      [Button] All props: {}

      at log (src/components/ui/Button.tsx:28:13)

    console.log
      [Button] Rendering with type: submit

      at log (src/components/ui/Button.tsx:25:13)

    console.log
      [Button] Props received: {
        variant: 'primary',
        size: 'lg',
        type: 'submit',
        loading: true,
        disabled: true
      }

      at log (src/components/ui/Button.tsx:26:13)

    console.log
      [Button] Has onClick in props: false

      at log (src/components/ui/Button.tsx:27:13)

    console.log
      [Button] All props: {}

      at log (src/components/ui/Button.tsx:28:13)

    console.log
      [Button] Rendering with type: submit

      at log (src/components/ui/Button.tsx:25:13)

    console.log
      [Button] Props received: {
        variant: 'primary',
        size: 'lg',
        type: 'submit',
        loading: true,
        disabled: true
      }

      at log (src/components/ui/Button.tsx:26:13)

    console.log
      [Button] Has onClick in props: false

      at log (src/components/ui/Button.tsx:27:13)

    console.log
      [Button] All props: {}

      at log (src/components/ui/Button.tsx:28:13)

    console.log
      [Button] Rendering with type: submit

      at log (src/components/ui/Button.tsx:25:13)

    console.log
      [Button] Props received: {
        variant: 'primary',
        size: 'lg',
        type: 'submit',
        loading: true,
        disabled: true
      }

      at log (src/components/ui/Button.tsx:26:13)

    console.log
      [Button] Has onClick in props: false

      at log (src/components/ui/Button.tsx:27:13)

    console.log
      [Button] All props: {}

      at log (src/components/ui/Button.tsx:28:13)

    console.log
      [Button] Rendering with type: submit

      at log (src/components/ui/Button.tsx:25:13)

    console.log
      [Button] Props received: {
        variant: 'primary',
        size: 'lg',
        type: 'submit',
        loading: true,
        disabled: true
      }

      at log (src/components/ui/Button.tsx:26:13)

    console.log
      [Button] Has onClick in props: false

      at log (src/components/ui/Button.tsx:27:13)

    console.log
      [Button] All props: {}

      at log (src/components/ui/Button.tsx:28:13)

    console.log
      [Button] Rendering with type: submit

      at log (src/components/ui/Button.tsx:25:13)

    console.log
      [Button] Props received: {
        variant: 'primary',
        size: 'lg',
        type: 'submit',
        loading: true,
        disabled: true
      }

      at log (src/components/ui/Button.tsx:26:13)

    console.log
      [Button] Has onClick in props: false

      at log (src/components/ui/Button.tsx:27:13)

    console.log
      [Button] All props: {}

      at log (src/components/ui/Button.tsx:28:13)

    console.log
      [Button] Rendering with type: submit

      at log (src/components/ui/Button.tsx:25:13)

    console.log
      [Button] Props received: {
        variant: 'primary',
        size: 'lg',
        type: 'submit',
        loading: true,
        disabled: true
      }

      at log (src/components/ui/Button.tsx:26:13)

    console.log
      [Button] Has onClick in props: false

      at log (src/components/ui/Button.tsx:27:13)

    console.log
      [Button] All props: {}

      at log (src/components/ui/Button.tsx:28:13)

    console.log
      [Button] Rendering with type: submit

      at log (src/components/ui/Button.tsx:25:13)

    console.log
      [Button] Props received: {
        variant: 'primary',
        size: 'lg',
        type: 'submit',
        loading: true,
        disabled: true
      }

      at log (src/components/ui/Button.tsx:26:13)

    console.log
      [Button] Has onClick in props: false

      at log (src/components/ui/Button.tsx:27:13)

    console.log
      [Button] All props: {}

      at log (src/components/ui/Button.tsx:28:13)

    console.log
      [Button] Rendering with type: submit

      at log (src/components/ui/Button.tsx:25:13)

    console.log
      [Button] Props received: {
        variant: 'primary',
        size: 'lg',
        type: 'submit',
        loading: true,
        disabled: true
      }

      at log (src/components/ui/Button.tsx:26:13)

    console.log
      [Button] Has onClick in props: false

      at log (src/components/ui/Button.tsx:27:13)

    console.log
      [Button] All props: {}

      at log (src/components/ui/Button.tsx:28:13)

    console.log
      [Button] Rendering with type: submit

      at log (src/components/ui/Button.tsx:25:13)

    console.log
      [Button] Props received: {
        variant: 'primary',
        size: 'lg',
        type: 'submit',
        loading: true,
        disabled: true
      }

      at log (src/components/ui/Button.tsx:26:13)

    console.log
      [Button] Has onClick in props: false

      at log (src/components/ui/Button.tsx:27:13)

    console.log
      [Button] All props: {}

      at log (src/components/ui/Button.tsx:28:13)

    console.log
      [Button] Rendering with type: submit

      at log (src/components/ui/Button.tsx:25:13)

    console.log
      [Button] Props received: {
        variant: 'primary',
        size: 'lg',
        type: 'submit',
        loading: true,
        disabled: true
      }

      at log (src/components/ui/Button.tsx:26:13)

    console.log
      [Button] Has onClick in props: false

      at log (src/components/ui/Button.tsx:27:13)

    console.log
      [Button] All props: {}

      at log (src/components/ui/Button.tsx:28:13)

    console.log
      [Button] Rendering with type: submit

      at log (src/components/ui/Button.tsx:25:13)

    console.log
      [Button] Props received: {
        variant: 'primary',
        size: 'lg',
        type: 'submit',
        loading: true,
        disabled: true
      }

      at log (src/components/ui/Button.tsx:26:13)

    console.log
      [Button] Has onClick in props: false

      at log (src/components/ui/Button.tsx:27:13)

    console.log
      [Button] All props: {}

      at log (src/components/ui/Button.tsx:28:13)

    console.log
      [Button] Rendering with type: submit

      at log (src/components/ui/Button.tsx:25:13)

    console.log
      [Button] Props received: {
        variant: 'primary',
        size: 'lg',
        type: 'submit',
        loading: true,
        disabled: true
      }

      at log (src/components/ui/Button.tsx:26:13)

    console.log
      [Button] Has onClick in props: false

      at log (src/components/ui/Button.tsx:27:13)

    console.log
      [Button] All props: {}

      at log (src/components/ui/Button.tsx:28:13)

    console.log
      [Button] Rendering with type: submit

      at log (src/components/ui/Button.tsx:25:13)

    console.log
      [Button] Props received: {
        variant: 'primary',
        size: 'lg',
        type: 'submit',
        loading: true,
        disabled: true
      }

      at log (src/components/ui/Button.tsx:26:13)

    console.log
      [Button] Has onClick in props: false

      at log (src/components/ui/Button.tsx:27:13)

    console.log
      [Button] All props: {}

      at log (src/components/ui/Button.tsx:28:13)

    console.log
      [Button] Rendering with type: submit

      at log (src/components/ui/Button.tsx:25:13)

    console.log
      [Button] Props received: {
        variant: 'primary',
        size: 'lg',
        type: 'submit',
        loading: true,
        disabled: true
      }

      at log (src/components/ui/Button.tsx:26:13)

    console.log
      [Button] Has onClick in props: false

      at log (src/components/ui/Button.tsx:27:13)

    console.log
      [Button] All props: {}

      at log (src/components/ui/Button.tsx:28:13)

    console.log
      [Button] Rendering with type: submit

      at log (src/components/ui/Button.tsx:25:13)

    console.log
      [Button] Props received: {
        variant: 'primary',
        size: 'lg',
        type: 'submit',
        loading: true,
        disabled: true
      }

      at log (src/components/ui/Button.tsx:26:13)

    console.log
      [Button] Has onClick in props: false

      at log (src/components/ui/Button.tsx:27:13)

    console.log
      [Button] All props: {}

      at log (src/components/ui/Button.tsx:28:13)

    console.log
      [Button] Rendering with type: submit

      at log (src/components/ui/Button.tsx:25:13)

    console.log
      [Button] Props received: {
        variant: 'primary',
        size: 'lg',
        type: 'submit',
        loading: true,
        disabled: true
      }

      at log (src/components/ui/Button.tsx:26:13)

    console.log
      [Button] Has onClick in props: false

      at log (src/components/ui/Button.tsx:27:13)

    console.log
      [Button] All props: {}

      at log (src/components/ui/Button.tsx:28:13)

    console.log
      [Button] Rendering with type: submit

      at log (src/components/ui/Button.tsx:25:13)

    console.log
      [Button] Props received: {
        variant: 'primary',
        size: 'lg',
        type: 'submit',
        loading: true,
        disabled: true
      }

      at log (src/components/ui/Button.tsx:26:13)

    console.log
      [Button] Has onClick in props: false

      at log (src/components/ui/Button.tsx:27:13)

    console.log
      [Button] All props: {}

      at log (src/components/ui/Button.tsx:28:13)

    console.log
      [Button] Rendering with type: submit

      at log (src/components/ui/Button.tsx:25:13)

    console.log
      [Button] Props received: {
        variant: 'primary',
        size: 'lg',
        type: 'submit',
        loading: true,
        disabled: true
      }

      at log (src/components/ui/Button.tsx:26:13)

    console.log
      [Button] Has onClick in props: false

      at log (src/components/ui/Button.tsx:27:13)

    console.log
      [Button] All props: {}

      at log (src/components/ui/Button.tsx:28:13)

    console.log
      [Button] Rendering with type: submit

      at log (src/components/ui/Button.tsx:25:13)

    console.log
      [Button] Props received: {
        variant: 'primary',
        size: 'lg',
        type: 'submit',
        loading: true,
        disabled: true
      }

      at log (src/components/ui/Button.tsx:26:13)

    console.log
      [Button] Has onClick in props: false

      at log (src/components/ui/Button.tsx:27:13)

    console.log
      [Button] All props: {}

      at log (src/components/ui/Button.tsx:28:13)

    console.log
      [Button] Rendering with type: submit

      at log (src/components/ui/Button.tsx:25:13)

    console.log
      [Button] Props received: {
        variant: 'primary',
        size: 'lg',
        type: 'submit',
        loading: true,
        disabled: true
      }

      at log (src/components/ui/Button.tsx:26:13)

    console.log
      [Button] Has onClick in props: false

      at log (src/components/ui/Button.tsx:27:13)

    console.log
      [Button] All props: {}

      at log (src/components/ui/Button.tsx:28:13)

    console.log
      [Button] Rendering with type: submit

      at log (src/components/ui/Button.tsx:25:13)

    console.log
      [Button] Props received: {
        variant: 'primary',
        size: 'lg',
        type: 'submit',
        loading: true,
        disabled: true
      }

      at log (src/components/ui/Button.tsx:26:13)

    console.log
      [Button] Has onClick in props: false

      at log (src/components/ui/Button.tsx:27:13)

    console.log
      [Button] All props: {}

      at log (src/components/ui/Button.tsx:28:13)

    console.log
      [Button] Rendering with type: submit

      at log (src/components/ui/Button.tsx:25:13)

    console.log
      [Button] Props received: {
        variant: 'primary',
        size: 'lg',
        type: 'submit',
        loading: true,
        disabled: true
      }

      at log (src/components/ui/Button.tsx:26:13)

    console.log
      [Button] Has onClick in props: false

      at log (src/components/ui/Button.tsx:27:13)

    console.log
      [Button] All props: {}

      at log (src/components/ui/Button.tsx:28:13)

    console.log
      [Button] Rendering with type: submit

      at log (src/components/ui/Button.tsx:25:13)

    console.log
      [Button] Props received: {
        variant: 'primary',
        size: 'lg',
        type: 'submit',
        loading: true,
        disabled: true
      }

      at log (src/components/ui/Button.tsx:26:13)

    console.log
      [Button] Has onClick in props: false

      at log (src/components/ui/Button.tsx:27:13)

    console.log
      [Button] All props: {}

      at log (src/components/ui/Button.tsx:28:13)

    console.log
      [Button] Rendering with type: submit

      at log (src/components/ui/Button.tsx:25:13)

    console.log
      [Button] Props received: {
        variant: 'primary',
        size: 'lg',
        type: 'submit',
        loading: true,
        disabled: true
      }

      at log (src/components/ui/Button.tsx:26:13)

    console.log
      [Button] Has onClick in props: false

      at log (src/components/ui/Button.tsx:27:13)

    console.log
      [Button] All props: {}

      at log (src/components/ui/Button.tsx:28:13)

    console.log
      [Button] Rendering with type: submit

      at log (src/components/ui/Button.tsx:25:13)

    console.log
      [Button] Props received: {
        variant: 'primary',
        size: 'lg',
        type: 'submit',
        loading: true,
        disabled: true
      }

      at log (src/components/ui/Button.tsx:26:13)

    console.log
      [Button] Has onClick in props: false

      at log (src/components/ui/Button.tsx:27:13)

    console.log
      [Button] All props: {}

      at log (src/components/ui/Button.tsx:28:13)

    console.log
      [Button] Rendering with type: submit

      at log (src/components/ui/Button.tsx:25:13)

    console.log
      [Button] Props received: {
        variant: 'primary',
        size: 'lg',
        type: 'submit',
        loading: true,
        disabled: true
      }

      at log (src/components/ui/Button.tsx:26:13)

    console.log
      [Button] Has onClick in props: false

      at log (src/components/ui/Button.tsx:27:13)

    console.log
      [Button] All props: {}

      at log (src/components/ui/Button.tsx:28:13)

    console.log
      [Button] Rendering with type: submit

      at log (src/components/ui/Button.tsx:25:13)

    console.log
      [Button] Props received: {
        variant: 'primary',
        size: 'lg',
        type: 'submit',
        loading: true,
        disabled: true
      }

      at log (src/components/ui/Button.tsx:26:13)

    console.log
      [Button] Has onClick in props: false

      at log (src/components/ui/Button.tsx:27:13)

    console.log
      [Button] All props: {}

      at log (src/components/ui/Button.tsx:28:13)

    console.log
      [Button] Rendering with type: submit

      at log (src/components/ui/Button.tsx:25:13)

    console.log
      [Button] Props received: {
        variant: 'primary',
        size: 'lg',
        type: 'submit',
        loading: true,
        disabled: true
      }

      at log (src/components/ui/Button.tsx:26:13)

    console.log
      [Button] Has onClick in props: false

      at log (src/components/ui/Button.tsx:27:13)

    console.log
      [Button] All props: {}

      at log (src/components/ui/Button.tsx:28:13)

    console.log
      [Button] Rendering with type: submit

      at log (src/components/ui/Button.tsx:25:13)

    console.log
      [Button] Props received: {
        variant: 'primary',
        size: 'lg',
        type: 'submit',
        loading: true,
        disabled: true
      }

      at log (src/components/ui/Button.tsx:26:13)

    console.log
      [Button] Has onClick in props: false

      at log (src/components/ui/Button.tsx:27:13)

    console.log
      [Button] All props: {}

      at log (src/components/ui/Button.tsx:28:13)

    console.log
      [Button] Rendering with type: submit

      at log (src/components/ui/Button.tsx:25:13)

    console.log
      [Button] Props received: {
        variant: 'primary',
        size: 'lg',
        type: 'submit',
        loading: true,
        disabled: true
      }

      at log (src/components/ui/Button.tsx:26:13)

    console.log
      [Button] Has onClick in props: false

      at log (src/components/ui/Button.tsx:27:13)

    console.log
      [Button] All props: {}

      at log (src/components/ui/Button.tsx:28:13)

    console.log
      [Button] Rendering with type: submit

      at log (src/components/ui/Button.tsx:25:13)

    console.log
      [Button] Props received: {
        variant: 'primary',
        size: 'lg',
        type: 'submit',
        loading: true,
        disabled: true
      }

      at log (src/components/ui/Button.tsx:26:13)

    console.log
      [Button] Has onClick in props: false

      at log (src/components/ui/Button.tsx:27:13)

    console.log
      [Button] All props: {}

      at log (src/components/ui/Button.tsx:28:13)

    console.log
      [Button] Rendering with type: submit

      at log (src/components/ui/Button.tsx:25:13)

    console.log
      [Button] Props received: {
        variant: 'primary',
        size: 'lg',
        type: 'submit',
        loading: true,
        disabled: true
      }

      at log (src/components/ui/Button.tsx:26:13)

    console.log
      [Button] Has onClick in props: false

      at log (src/components/ui/Button.tsx:27:13)

    console.log
      [Button] All props: {}

      at log (src/components/ui/Button.tsx:28:13)

    console.log
      [Button] Rendering with type: submit

      at log (src/components/ui/Button.tsx:25:13)

    console.log
      [Button] Props received: {
        variant: 'primary',
        size: 'lg',
        type: 'submit',
        loading: true,
        disabled: true
      }

      at log (src/components/ui/Button.tsx:26:13)

    console.log
      [Button] Has onClick in props: false

      at log (src/components/ui/Button.tsx:27:13)

    console.log
      [Button] All props: {}

      at log (src/components/ui/Button.tsx:28:13)

    console.log
      [Button] Rendering with type: submit

      at log (src/components/ui/Button.tsx:25:13)

    console.log
      [Button] Props received: {
        variant: 'primary',
        size: 'lg',
        type: 'submit',
        loading: true,
        disabled: true
      }

      at log (src/components/ui/Button.tsx:26:13)

    console.log
      [Button] Has onClick in props: false

      at log (src/components/ui/Button.tsx:27:13)

    console.log
      [Button] All props: {}

      at log (src/components/ui/Button.tsx:28:13)

    console.log
      [Button] Rendering with type: submit

      at log (src/components/ui/Button.tsx:25:13)

    console.log
      [Button] Props received: {
        variant: 'primary',
        size: 'lg',
        type: 'submit',
        loading: true,
        disabled: true
      }

      at log (src/components/ui/Button.tsx:26:13)

    console.log
      [Button] Has onClick in props: false

      at log (src/components/ui/Button.tsx:27:13)

    console.log
      [Button] All props: {}

      at log (src/components/ui/Button.tsx:28:13)

    console.log
      [Button] Rendering with type: submit

      at log (src/components/ui/Button.tsx:25:13)

    console.log
      [Button] Props received: {
        variant: 'primary',
        size: 'lg',
        type: 'submit',
        loading: true,
        disabled: true
      }

      at log (src/components/ui/Button.tsx:26:13)

    console.log
      [Button] Has onClick in props: false

      at log (src/components/ui/Button.tsx:27:13)

    console.log
      [Button] All props: {}

      at log (src/components/ui/Button.tsx:28:13)

    console.log
      [Button] Rendering with type: submit

      at log (src/components/ui/Button.tsx:25:13)

    console.log
      [Button] Props received: {
        variant: 'primary',
        size: 'lg',
        type: 'submit',
        loading: true,
        disabled: true
      }

      at log (src/components/ui/Button.tsx:26:13)

    console.log
      [Button] Has onClick in props: false

      at log (src/components/ui/Button.tsx:27:13)

    console.log
      [Button] All props: {}

      at log (src/components/ui/Button.tsx:28:13)

    console.log
      [Button] Rendering with type: submit

      at log (src/components/ui/Button.tsx:25:13)

    console.log
      [Button] Props received: {
        variant: 'primary',
        size: 'lg',
        type: 'submit',
        loading: true,
        disabled: true
      }

      at log (src/components/ui/Button.tsx:26:13)

    console.log
      [Button] Has onClick in props: false

      at log (src/components/ui/Button.tsx:27:13)

    console.log
      [Button] All props: {}

      at log (src/components/ui/Button.tsx:28:13)

    console.log
      [Button] Rendering with type: submit

      at log (src/components/ui/Button.tsx:25:13)

    console.log
      [Button] Props received: {
        variant: 'primary',
        size: 'lg',
        type: 'submit',
        loading: true,
        disabled: true
      }

      at log (src/components/ui/Button.tsx:26:13)

    console.log
      [Button] Has onClick in props: false

      at log (src/components/ui/Button.tsx:27:13)

    console.log
      [Button] All props: {}

      at log (src/components/ui/Button.tsx:28:13)

    console.log
      [Button] Rendering with type: submit

      at log (src/components/ui/Button.tsx:25:13)

    console.log
      [Button] Props received: {
        variant: 'primary',
        size: 'lg',
        type: 'submit',
        loading: true,
        disabled: true
      }

      at log (src/components/ui/Button.tsx:26:13)

    console.log
      [Button] Has onClick in props: false

      at log (src/components/ui/Button.tsx:27:13)

    console.log
      [Button] All props: {}

      at log (src/components/ui/Button.tsx:28:13)

    console.log
      [Button] Rendering with type: submit

      at log (src/components/ui/Button.tsx:25:13)

    console.log
      [Button] Props received: {
        variant: 'primary',
        size: 'lg',
        type: 'submit',
        loading: true,
        disabled: true
      }

      at log (src/components/ui/Button.tsx:26:13)

    console.log
      [Button] Has onClick in props: false

      at log (src/components/ui/Button.tsx:27:13)

    console.log
      [Button] All props: {}

      at log (src/components/ui/Button.tsx:28:13)

    console.log
      [Button] Rendering with type: submit

      at log (src/components/ui/Button.tsx:25:13)

    console.log
      [Button] Props received: {
        variant: 'primary',
        size: 'lg',
        type: 'submit',
        loading: true,
        disabled: true
      }

      at log (src/components/ui/Button.tsx:26:13)

    console.log
      [Button] Has onClick in props: false

      at log (src/components/ui/Button.tsx:27:13)

    console.log
      [Button] All props: {}

      at log (src/components/ui/Button.tsx:28:13)

    console.log
      [Button] Rendering with type: submit

      at log (src/components/ui/Button.tsx:25:13)

    console.log
      [Button] Props received: {
        variant: 'primary',
        size: 'lg',
        type: 'submit',
        loading: true,
        disabled: true
      }

      at log (src/components/ui/Button.tsx:26:13)

    console.log
      [Button] Has onClick in props: false

      at log (src/components/ui/Button.tsx:27:13)

    console.log
      [Button] All props: {}

      at log (src/components/ui/Button.tsx:28:13)

    console.log
      [Button] Rendering with type: submit

      at log (src/components/ui/Button.tsx:25:13)

    console.log
      [Button] Props received: {
        variant: 'primary',
        size: 'lg',
        type: 'submit',
        loading: true,
        disabled: true
      }

      at log (src/components/ui/Button.tsx:26:13)

    console.log
      [Button] Has onClick in props: false

      at log (src/components/ui/Button.tsx:27:13)

    console.log
      [Button] All props: {}

      at log (src/components/ui/Button.tsx:28:13)

    console.log
      [Button] Rendering with type: submit

      at log (src/components/ui/Button.tsx:25:13)

    console.log
      [Button] Props received: {
        variant: 'primary',
        size: 'lg',
        type: 'submit',
        loading: true,
        disabled: true
      }

      at log (src/components/ui/Button.tsx:26:13)

    console.log
      [Button] Has onClick in props: false

      at log (src/components/ui/Button.tsx:27:13)

    console.log
      [Button] All props: {}

      at log (src/components/ui/Button.tsx:28:13)

    console.log
      [Button] Rendering with type: submit

      at log (src/components/ui/Button.tsx:25:13)

    console.log
      [Button] Props received: {
        variant: 'primary',
        size: 'lg',
        type: 'submit',
        loading: true,
        disabled: true
      }

      at log (src/components/ui/Button.tsx:26:13)

    console.log
      [Button] Has onClick in props: false

      at log (src/components/ui/Button.tsx:27:13)

    console.log
      [Button] All props: {}

      at log (src/components/ui/Button.tsx:28:13)

    console.log
      [Button] Rendering with type: submit

      at log (src/components/ui/Button.tsx:25:13)

    console.log
      [Button] Props received: {
        variant: 'primary',
        size: 'lg',
        type: 'submit',
        loading: true,
        disabled: true
      }

      at log (src/components/ui/Button.tsx:26:13)

    console.log
      [Button] Has onClick in props: false

      at log (src/components/ui/Button.tsx:27:13)

    console.log
      [Button] All props: {}

      at log (src/components/ui/Button.tsx:28:13)

    console.log
      [Button] Rendering with type: submit

      at log (src/components/ui/Button.tsx:25:13)

    console.log
      [Button] Props received: {
        variant: 'primary',
        size: 'lg',
        type: 'submit',
        loading: true,
        disabled: true
      }

      at log (src/components/ui/Button.tsx:26:13)

    console.log
      [Button] Has onClick in props: false

      at log (src/components/ui/Button.tsx:27:13)

    console.log
      [Button] All props: {}

      at log (src/components/ui/Button.tsx:28:13)

    console.log
      [Button] Rendering with type: submit

      at log (src/components/ui/Button.tsx:25:13)

    console.log
      [Button] Props received: {
        variant: 'primary',
        size: 'lg',
        type: 'submit',
        loading: true,
        disabled: true
      }

      at log (src/components/ui/Button.tsx:26:13)

    console.log
      [Button] Has onClick in props: false

      at log (src/components/ui/Button.tsx:27:13)

    console.log
      [Button] All props: {}

      at log (src/components/ui/Button.tsx:28:13)

    console.log
      [Button] Rendering with type: submit

      at log (src/components/ui/Button.tsx:25:13)

    console.log
      [Button] Props received: {
        variant: 'primary',
        size: 'lg',
        type: 'submit',
        loading: true,
        disabled: true
      }

      at log (src/components/ui/Button.tsx:26:13)

    console.log
      [Button] Has onClick in props: false

      at log (src/components/ui/Button.tsx:27:13)

    console.log
      [Button] All props: {}

      at log (src/components/ui/Button.tsx:28:13)

    console.log
      [Button] Rendering with type: submit

      at log (src/components/ui/Button.tsx:25:13)

    console.log
      [Button] Props received: {
        variant: 'primary',
        size: 'lg',
        type: 'submit',
        loading: true,
        disabled: true
      }

      at log (src/components/ui/Button.tsx:26:13)

    console.log
      [Button] Has onClick in props: false

      at log (src/components/ui/Button.tsx:27:13)

    console.log
      [Button] All props: {}

      at log (src/components/ui/Button.tsx:28:13)

    console.log
      [Button] Rendering with type: submit

      at log (src/components/ui/Button.tsx:25:13)

    console.log
      [Button] Props received: {
        variant: 'primary',
        size: 'lg',
        type: 'submit',
        loading: false,
        disabled: false
      }

      at log (src/components/ui/Button.tsx:26:13)

    console.log
      [Button] Has onClick in props: false

      at log (src/components/ui/Button.tsx:27:13)

    console.log
      [Button] All props: {}

      at log (src/components/ui/Button.tsx:28:13)

    console.log
      [Button] Rendering with type: submit

      at log (src/components/ui/Button.tsx:25:13)

    console.log
      [Button] Props received: {
        variant: 'primary',
        size: 'lg',
        type: 'submit',
        loading: false,
        disabled: false
      }

      at log (src/components/ui/Button.tsx:26:13)

    console.log
      [Button] Has onClick in props: false

      at log (src/components/ui/Button.tsx:27:13)

    console.log
      [Button] All props: {}

      at log (src/components/ui/Button.tsx:28:13)

    console.log
      [Button] Rendering with type: submit

      at log (src/components/ui/Button.tsx:25:13)

    console.log
      [Button] Props received: {
        variant: 'primary',
        size: 'lg',
        type: 'submit',
        loading: false,
        disabled: false
      }

      at log (src/components/ui/Button.tsx:26:13)

    console.log
      [Button] Has onClick in props: false

      at log (src/components/ui/Button.tsx:27:13)

    console.log
      [Button] All props: {}

      at log (src/components/ui/Button.tsx:28:13)

    console.log
      [Button] Rendering with type: submit

      at log (src/components/ui/Button.tsx:25:13)

    console.log
      [Button] Props received: {
        variant: 'primary',
        size: 'lg',
        type: 'submit',
        loading: false,
        disabled: false
      }

      at log (src/components/ui/Button.tsx:26:13)

    console.log
      [Button] Has onClick in props: false

      at log (src/components/ui/Button.tsx:27:13)

    console.log
      [Button] All props: {}

      at log (src/components/ui/Button.tsx:28:13)

    console.log
      [Button] Rendering with type: submit

      at log (src/components/ui/Button.tsx:25:13)

    console.log
      [Button] Props received: {
        variant: 'primary',
        size: 'lg',
        type: 'submit',
        loading: false,
        disabled: false
      }

      at log (src/components/ui/Button.tsx:26:13)

    console.log
      [Button] Has onClick in props: false

      at log (src/components/ui/Button.tsx:27:13)

    console.log
      [Button] All props: {}

      at log (src/components/ui/Button.tsx:28:13)

    console.log
      [Button] Rendering with type: submit

      at log (src/components/ui/Button.tsx:25:13)

    console.log
      [Button] Props received: {
        variant: 'primary',
        size: 'lg',
        type: 'submit',
        loading: false,
        disabled: false
      }

      at log (src/components/ui/Button.tsx:26:13)

    console.log
      [Button] Has onClick in props: false

      at log (src/components/ui/Button.tsx:27:13)

    console.log
      [Button] All props: {}

      at log (src/components/ui/Button.tsx:28:13)

    console.log
      [Button] Rendering with type: submit

      at log (src/components/ui/Button.tsx:25:13)

    console.log
      [Button] Props received: {
        variant: 'primary',
        size: 'lg',
        type: 'submit',
        loading: false,
        disabled: false
      }

      at log (src/components/ui/Button.tsx:26:13)

    console.log
      [Button] Has onClick in props: false

      at log (src/components/ui/Button.tsx:27:13)

    console.log
      [Button] All props: {}

      at log (src/components/ui/Button.tsx:28:13)

    console.log
      [Button] Rendering with type: submit

      at log (src/components/ui/Button.tsx:25:13)

    console.log
      [Button] Props received: {
        variant: 'primary',
        size: 'lg',
        type: 'submit',
        loading: false,
        disabled: false
      }

      at log (src/components/ui/Button.tsx:26:13)

    console.log
      [Button] Has onClick in props: false

      at log (src/components/ui/Button.tsx:27:13)

    console.log
      [Button] All props: {}

      at log (src/components/ui/Button.tsx:28:13)

    console.log
      [Button] Rendering with type: submit

      at log (src/components/ui/Button.tsx:25:13)

    console.log
      [Button] Props received: {
        variant: 'primary',
        size: 'lg',
        type: 'submit',
        loading: false,
        disabled: false
      }

      at log (src/components/ui/Button.tsx:26:13)

    console.log
      [Button] Has onClick in props: false

      at log (src/components/ui/Button.tsx:27:13)

    console.log
      [Button] All props: {}

      at log (src/components/ui/Button.tsx:28:13)

    console.log
      [Button] Rendering with type: submit

      at log (src/components/ui/Button.tsx:25:13)

    console.log
      [Button] Props received: {
        variant: 'primary',
        size: 'lg',
        type: 'submit',
        loading: false,
        disabled: false
      }

      at log (src/components/ui/Button.tsx:26:13)

    console.log
      [Button] Has onClick in props: false

      at log (src/components/ui/Button.tsx:27:13)

    console.log
      [Button] All props: {}

      at log (src/components/ui/Button.tsx:28:13)

    console.log
      [Button] Rendering with type: submit

      at log (src/components/ui/Button.tsx:25:13)

    console.log
      [Button] Props received: {
        variant: 'primary',
        size: 'lg',
        type: 'submit',
        loading: false,
        disabled: false
      }

      at log (src/components/ui/Button.tsx:26:13)

    console.log
      [Button] Has onClick in props: false

      at log (src/components/ui/Button.tsx:27:13)

    console.log
      [Button] All props: {}

      at log (src/components/ui/Button.tsx:28:13)

    console.log
      [Button] Rendering with type: submit

      at log (src/components/ui/Button.tsx:25:13)

    console.log
      [Button] Props received: {
        variant: 'primary',
        size: 'lg',
        type: 'submit',
        loading: false,
        disabled: false
      }

      at log (src/components/ui/Button.tsx:26:13)

    console.log
      [Button] Has onClick in props: false

      at log (src/components/ui/Button.tsx:27:13)

    console.log
      [Button] All props: {}

      at log (src/components/ui/Button.tsx:28:13)

    console.log
      [Button] Rendering with type: submit

      at log (src/components/ui/Button.tsx:25:13)

    console.log
      [Button] Props received: {
        variant: 'primary',
        size: 'lg',
        type: 'submit',
        loading: false,
        disabled: false
      }

      at log (src/components/ui/Button.tsx:26:13)

    console.log
      [Button] Has onClick in props: false

      at log (src/components/ui/Button.tsx:27:13)

    console.log
      [Button] All props: {}

      at log (src/components/ui/Button.tsx:28:13)

    console.log
      [Button] Rendering with type: submit

      at log (src/components/ui/Button.tsx:25:13)

    console.log
      [Button] Props received: {
        variant: 'primary',
        size: 'lg',
        type: 'submit',
        loading: false,
        disabled: false
      }

      at log (src/components/ui/Button.tsx:26:13)

    console.log
      [Button] Has onClick in props: false

      at log (src/components/ui/Button.tsx:27:13)

    console.log
      [Button] All props: {}

      at log (src/components/ui/Button.tsx:28:13)

    console.log
      [Button] Rendering with type: submit

      at log (src/components/ui/Button.tsx:25:13)

    console.log
      [Button] Props received: {
        variant: 'primary',
        size: 'lg',
        type: 'submit',
        loading: false,
        disabled: false
      }

      at log (src/components/ui/Button.tsx:26:13)

    console.log
      [Button] Has onClick in props: false

      at log (src/components/ui/Button.tsx:27:13)

    console.log
      [Button] All props: {}

      at log (src/components/ui/Button.tsx:28:13)

    console.log
      [Button] Rendering with type: submit

      at log (src/components/ui/Button.tsx:25:13)

    console.log
      [Button] Props received: {
        variant: 'primary',
        size: 'lg',
        type: 'submit',
        loading: false,
        disabled: false
      }

      at log (src/components/ui/Button.tsx:26:13)

    console.log
      [Button] Has onClick in props: false

      at log (src/components/ui/Button.tsx:27:13)

    console.log
      [Button] All props: {}

      at log (src/components/ui/Button.tsx:28:13)

    console.log
      [Button] Rendering with type: submit

      at log (src/components/ui/Button.tsx:25:13)

    console.log
      [Button] Props received: {
        variant: 'primary',
        size: 'lg',
        type: 'submit',
        loading: false,
        disabled: false
      }

      at log (src/components/ui/Button.tsx:26:13)

    console.log
      [Button] Has onClick in props: false

      at log (src/components/ui/Button.tsx:27:13)

    console.log
      [Button] All props: {}

      at log (src/components/ui/Button.tsx:28:13)

    console.log
      [Button] Rendering with type: submit

      at log (src/components/ui/Button.tsx:25:13)

    console.log
      [Button] Props received: {
        variant: 'primary',
        size: 'lg',
        type: 'submit',
        loading: false,
        disabled: false
      }

      at log (src/components/ui/Button.tsx:26:13)

    console.log
      [Button] Has onClick in props: false

      at log (src/components/ui/Button.tsx:27:13)

    console.log
      [Button] All props: {}

      at log (src/components/ui/Button.tsx:28:13)

    console.log
      [Button] Rendering with type: submit

      at log (src/components/ui/Button.tsx:25:13)

    console.log
      [Button] Props received: {
        variant: 'primary',
        size: 'lg',
        type: 'submit',
        loading: false,
        disabled: false
      }

      at log (src/components/ui/Button.tsx:26:13)

    console.log
      [Button] Has onClick in props: false

      at log (src/components/ui/Button.tsx:27:13)

    console.log
      [Button] All props: {}

      at log (src/components/ui/Button.tsx:28:13)

    console.log
      [Button] Rendering with type: submit

      at log (src/components/ui/Button.tsx:25:13)

    console.log
      [Button] Props received: {
        variant: 'primary',
        size: 'lg',
        type: 'submit',
        loading: false,
        disabled: false
      }

      at log (src/components/ui/Button.tsx:26:13)

    console.log
      [Button] Has onClick in props: false

      at log (src/components/ui/Button.tsx:27:13)

    console.log
      [Button] All props: {}

      at log (src/components/ui/Button.tsx:28:13)

    console.log
      [Button] Rendering with type: submit

      at log (src/components/ui/Button.tsx:25:13)

    console.log
      [Button] Props received: {
        variant: 'primary',
        size: 'lg',
        type: 'submit',
        loading: false,
        disabled: false
      }

      at log (src/components/ui/Button.tsx:26:13)

    console.log
      [Button] Has onClick in props: false

      at log (src/components/ui/Button.tsx:27:13)

    console.log
      [Button] All props: {}

      at log (src/components/ui/Button.tsx:28:13)

    console.log
      [Button] Rendering with type: submit

      at log (src/components/ui/Button.tsx:25:13)

    console.log
      [Button] Props received: {
        variant: 'primary',
        size: 'lg',
        type: 'submit',
        loading: false,
        disabled: false
      }

      at log (src/components/ui/Button.tsx:26:13)

    console.log
      [Button] Has onClick in props: false

      at log (src/components/ui/Button.tsx:27:13)

    console.log
      [Button] All props: {}

      at log (src/components/ui/Button.tsx:28:13)

    console.log
      [Button] Rendering with type: submit

      at log (src/components/ui/Button.tsx:25:13)

    console.log
      [Button] Props received: {
        variant: 'primary',
        size: 'lg',
        type: 'submit',
        loading: false,
        disabled: false
      }

      at log (src/components/ui/Button.tsx:26:13)

    console.log
      [Button] Has onClick in props: false

      at log (src/components/ui/Button.tsx:27:13)

    console.log
      [Button] All props: {}

      at log (src/components/ui/Button.tsx:28:13)

    console.log
      [Button] Rendering with type: submit

      at log (src/components/ui/Button.tsx:25:13)

    console.log
      [Button] Props received: {
        variant: 'primary',
        size: 'lg',
        type: 'submit',
        loading: false,
        disabled: false
      }

      at log (src/components/ui/Button.tsx:26:13)

    console.log
      [Button] Has onClick in props: false

      at log (src/components/ui/Button.tsx:27:13)

    console.log
      [Button] All props: {}

      at log (src/components/ui/Button.tsx:28:13)

    console.log
      [Button] Rendering with type: submit

      at log (src/components/ui/Button.tsx:25:13)

    console.log
      [Button] Props received: {
        variant: 'primary',
        size: 'lg',
        type: 'submit',
        loading: false,
        disabled: false
      }

      at log (src/components/ui/Button.tsx:26:13)

    console.log
      [Button] Has onClick in props: false

      at log (src/components/ui/Button.tsx:27:13)

    console.log
      [Button] All props: {}

      at log (src/components/ui/Button.tsx:28:13)

    console.log
      [Button] Rendering with type: submit

      at log (src/components/ui/Button.tsx:25:13)

    console.log
      [Button] Props received: {
        variant: 'primary',
        size: 'lg',
        type: 'submit',
        loading: false,
        disabled: false
      }

      at log (src/components/ui/Button.tsx:26:13)

    console.log
      [Button] Has onClick in props: false

      at log (src/components/ui/Button.tsx:27:13)

    console.log
      [Button] All props: {}

      at log (src/components/ui/Button.tsx:28:13)

    console.log
      [Button] Rendering with type: submit

      at log (src/components/ui/Button.tsx:25:13)

    console.log
      [Button] Props received: {
        variant: 'primary',
        size: 'lg',
        type: 'submit',
        loading: false,
        disabled: false
      }

      at log (src/components/ui/Button.tsx:26:13)

    console.log
      [Button] Has onClick in props: false

      at log (src/components/ui/Button.tsx:27:13)

    console.log
      [Button] All props: {}

      at log (src/components/ui/Button.tsx:28:13)

    console.log
      [Button] Rendering with type: submit

      at log (src/components/ui/Button.tsx:25:13)

    console.log
      [Button] Props received: {
        variant: 'primary',
        size: 'lg',
        type: 'submit',
        loading: false,
        disabled: false
      }

      at log (src/components/ui/Button.tsx:26:13)

    console.log
      [Button] Has onClick in props: false

      at log (src/components/ui/Button.tsx:27:13)

    console.log
      [Button] All props: {}

      at log (src/components/ui/Button.tsx:28:13)

    console.log
      [Button] Rendering with type: submit

      at log (src/components/ui/Button.tsx:25:13)

    console.log
      [Button] Props received: {
        variant: 'primary',
        size: 'lg',
        type: 'submit',
        loading: false,
        disabled: false
      }

      at log (src/components/ui/Button.tsx:26:13)

    console.log
      [Button] Has onClick in props: false

      at log (src/components/ui/Button.tsx:27:13)

    console.log
      [Button] All props: {}

      at log (src/components/ui/Button.tsx:28:13)

    console.log
      [Button] Rendering with type: submit

      at log (src/components/ui/Button.tsx:25:13)

    console.log
      [Button] Props received: {
        variant: 'primary',
        size: 'lg',
        type: 'submit',
        loading: false,
        disabled: false
      }

      at log (src/components/ui/Button.tsx:26:13)

    console.log
      [Button] Has onClick in props: false

      at log (src/components/ui/Button.tsx:27:13)

    console.log
      [Button] All props: {}

      at log (src/components/ui/Button.tsx:28:13)

    console.log
      [Button] Rendering with type: submit

      at log (src/components/ui/Button.tsx:25:13)

    console.log
      [Button] Props received: {
        variant: 'primary',
        size: 'lg',
        type: 'submit',
        loading: false,
        disabled: false
      }

      at log (src/components/ui/Button.tsx:26:13)

    console.log
      [Button] Has onClick in props: false

      at log (src/components/ui/Button.tsx:27:13)

    console.log
      [Button] All props: {}

      at log (src/components/ui/Button.tsx:28:13)

    console.log
      [Button] Rendering with type: submit

      at log (src/components/ui/Button.tsx:25:13)

    console.log
      [Button] Props received: {
        variant: 'primary',
        size: 'lg',
        type: 'submit',
        loading: false,
        disabled: false
      }

      at log (src/components/ui/Button.tsx:26:13)

    console.log
      [Button] Has onClick in props: false

      at log (src/components/ui/Button.tsx:27:13)

    console.log
      [Button] All props: {}

      at log (src/components/ui/Button.tsx:28:13)

    console.log
      [Button] Rendering with type: submit

      at log (src/components/ui/Button.tsx:25:13)

    console.log
      [Button] Props received: {
        variant: 'primary',
        size: 'lg',
        type: 'submit',
        loading: false,
        disabled: false
      }

      at log (src/components/ui/Button.tsx:26:13)

    console.log
      [Button] Has onClick in props: false

      at log (src/components/ui/Button.tsx:27:13)

    console.log
      [Button] All props: {}

      at log (src/components/ui/Button.tsx:28:13)

    console.log
      [Button] Rendering with type: submit

      at log (src/components/ui/Button.tsx:25:13)

    console.log
      [Button] Props received: {
        variant: 'primary',
        size: 'lg',
        type: 'submit',
        loading: false,
        disabled: false
      }

      at log (src/components/ui/Button.tsx:26:13)

    console.log
      [Button] Has onClick in props: false

      at log (src/components/ui/Button.tsx:27:13)

    console.log
      [Button] All props: {}

      at log (src/components/ui/Button.tsx:28:13)

    console.log
      [Button] Rendering with type: submit

      at log (src/components/ui/Button.tsx:25:13)

    console.log
      [Button] Props received: {
        variant: 'primary',
        size: 'lg',
        type: 'submit',
        loading: false,
        disabled: false
      }

      at log (src/components/ui/Button.tsx:26:13)

    console.log
      [Button] Has onClick in props: false

      at log (src/components/ui/Button.tsx:27:13)

    console.log
      [Button] All props: {}

      at log (src/components/ui/Button.tsx:28:13)

    console.log
      [Button] Rendering with type: submit

      at log (src/components/ui/Button.tsx:25:13)

    console.log
      [Button] Props received: {
        variant: 'primary',
        size: 'lg',
        type: 'submit',
        loading: false,
        disabled: false
      }

      at log (src/components/ui/Button.tsx:26:13)

    console.log
      [Button] Has onClick in props: false

      at log (src/components/ui/Button.tsx:27:13)

    console.log
      [Button] All props: {}

      at log (src/components/ui/Button.tsx:28:13)

    console.log
      [Button] Rendering with type: submit

      at log (src/components/ui/Button.tsx:25:13)

    console.log
      [Button] Props received: {
        variant: 'primary',
        size: 'lg',
        type: 'submit',
        loading: false,
        disabled: false
      }

      at log (src/components/ui/Button.tsx:26:13)

    console.log
      [Button] Has onClick in props: false

      at log (src/components/ui/Button.tsx:27:13)

    console.log
      [Button] All props: {}

      at log (src/components/ui/Button.tsx:28:13)

    console.log
      [Button] Rendering with type: submit

      at log (src/components/ui/Button.tsx:25:13)

    console.log
      [Button] Props received: {
        variant: 'primary',
        size: 'lg',
        type: 'submit',
        loading: false,
        disabled: false
      }

      at log (src/components/ui/Button.tsx:26:13)

    console.log
      [Button] Has onClick in props: false

      at log (src/components/ui/Button.tsx:27:13)

    console.log
      [Button] All props: {}

      at log (src/components/ui/Button.tsx:28:13)

    console.log
      [Button] Rendering with type: submit

      at log (src/components/ui/Button.tsx:25:13)

    console.log
      [Button] Props received: {
        variant: 'primary',
        size: 'lg',
        type: 'submit',
        loading: false,
        disabled: false
      }

      at log (src/components/ui/Button.tsx:26:13)

    console.log
      [Button] Has onClick in props: false

      at log (src/components/ui/Button.tsx:27:13)

    console.log
      [Button] All props: {}

      at log (src/components/ui/Button.tsx:28:13)

    console.log
      [Button] Rendering with type: submit

      at log (src/components/ui/Button.tsx:25:13)

    console.log
      [Button] Props received: {
        variant: 'primary',
        size: 'lg',
        type: 'submit',
        loading: false,
        disabled: false
      }

      at log (src/components/ui/Button.tsx:26:13)

    console.log
      [Button] Has onClick in props: false

      at log (src/components/ui/Button.tsx:27:13)

    console.log
      [Button] All props: {}

      at log (src/components/ui/Button.tsx:28:13)

    console.log
      [Button] Rendering with type: submit

      at log (src/components/ui/Button.tsx:25:13)

    console.log
      [Button] Props received: {
        variant: 'primary',
        size: 'lg',
        type: 'submit',
        loading: false,
        disabled: false
      }

      at log (src/components/ui/Button.tsx:26:13)

    console.log
      [Button] Has onClick in props: false

      at log (src/components/ui/Button.tsx:27:13)

    console.log
      [Button] All props: {}

      at log (src/components/ui/Button.tsx:28:13)

    console.log
      [Button] Rendering with type: submit

      at log (src/components/ui/Button.tsx:25:13)

    console.log
      [Button] Props received: {
        variant: 'primary',
        size: 'lg',
        type: 'submit',
        loading: false,
        disabled: false
      }

      at log (src/components/ui/Button.tsx:26:13)

    console.log
      [Button] Has onClick in props: false

      at log (src/components/ui/Button.tsx:27:13)

    console.log
      [Button] All props: {}

      at log (src/components/ui/Button.tsx:28:13)

    console.log
      [Button] Rendering with type: submit

      at log (src/components/ui/Button.tsx:25:13)

    console.log
      [Button] Props received: {
        variant: 'primary',
        size: 'lg',
        type: 'submit',
        loading: false,
        disabled: false
      }

      at log (src/components/ui/Button.tsx:26:13)

    console.log
      [Button] Has onClick in props: false

      at log (src/components/ui/Button.tsx:27:13)

    console.log
      [Button] All props: {}

      at log (src/components/ui/Button.tsx:28:13)

    console.log
      [Button] Rendering with type: submit

      at log (src/components/ui/Button.tsx:25:13)

    console.log
      [Button] Props received: {
        variant: 'primary',
        size: 'lg',
        type: 'submit',
        loading: false,
        disabled: false
      }

      at log (src/components/ui/Button.tsx:26:13)

    console.log
      [Button] Has onClick in props: false

      at log (src/components/ui/Button.tsx:27:13)

    console.log
      [Button] All props: {}

      at log (src/components/ui/Button.tsx:28:13)

    console.log
      [Button] Rendering with type: submit

      at log (src/components/ui/Button.tsx:25:13)

    console.log
      [Button] Props received: {
        variant: 'primary',
        size: 'lg',
        type: 'submit',
        loading: false,
        disabled: false
      }

      at log (src/components/ui/Button.tsx:26:13)

    console.log
      [Button] Has onClick in props: false

      at log (src/components/ui/Button.tsx:27:13)

    console.log
      [Button] All props: {}

      at log (src/components/ui/Button.tsx:28:13)

    console.log
      [Button] Rendering with type: submit

      at log (src/components/ui/Button.tsx:25:13)

    console.log
      [Button] Props received: {
        variant: 'primary',
        size: 'lg',
        type: 'submit',
        loading: false,
        disabled: false
      }

      at log (src/components/ui/Button.tsx:26:13)

    console.log
      [Button] Has onClick in props: false

      at log (src/components/ui/Button.tsx:27:13)

    console.log
      [Button] All props: {}

      at log (src/components/ui/Button.tsx:28:13)

    console.log
      [Button] Rendering with type: submit

      at log (src/components/ui/Button.tsx:25:13)

    console.log
      [Button] Props received: {
        variant: 'primary',
        size: 'lg',
        type: 'submit',
        loading: false,
        disabled: false
      }

      at log (src/components/ui/Button.tsx:26:13)

    console.log
      [Button] Has onClick in props: false

      at log (src/components/ui/Button.tsx:27:13)

    console.log
      [Button] All props: {}

      at log (src/components/ui/Button.tsx:28:13)

    console.log
      [Button] Rendering with type: submit

      at log (src/components/ui/Button.tsx:25:13)

    console.log
      [Button] Props received: {
        variant: 'primary',
        size: 'lg',
        type: 'submit',
        loading: false,
        disabled: false
      }

      at log (src/components/ui/Button.tsx:26:13)

    console.log
      [Button] Has onClick in props: false

      at log (src/components/ui/Button.tsx:27:13)

    console.log
      [Button] All props: {}

      at log (src/components/ui/Button.tsx:28:13)

    console.log
      [Button] Rendering with type: submit

      at log (src/components/ui/Button.tsx:25:13)

    console.log
      [Button] Props received: {
        variant: 'primary',
        size: 'lg',
        type: 'submit',
        loading: false,
        disabled: false
      }

      at log (src/components/ui/Button.tsx:26:13)

    console.log
      [Button] Has onClick in props: false

      at log (src/components/ui/Button.tsx:27:13)

    console.log
      [Button] All props: {}

      at log (src/components/ui/Button.tsx:28:13)

    console.log
      [Button] Rendering with type: submit

      at log (src/components/ui/Button.tsx:25:13)

    console.log
      [Button] Props received: {
        variant: 'primary',
        size: 'lg',
        type: 'submit',
        loading: false,
        disabled: false
      }

      at log (src/components/ui/Button.tsx:26:13)

    console.log
      [Button] Has onClick in props: false

      at log (src/components/ui/Button.tsx:27:13)

    console.log
      [Button] All props: {}

      at log (src/components/ui/Button.tsx:28:13)

    console.log
      [Button] Rendering with type: submit

      at log (src/components/ui/Button.tsx:25:13)

    console.log
      [Button] Props received: {
        variant: 'primary',
        size: 'lg',
        type: 'submit',
        loading: false,
        disabled: false
      }

      at log (src/components/ui/Button.tsx:26:13)

    console.log
      [Button] Has onClick in props: false

      at log (src/components/ui/Button.tsx:27:13)

    console.log
      [Button] All props: {}

      at log (src/components/ui/Button.tsx:28:13)

    console.log
      [Button] Rendering with type: submit

      at log (src/components/ui/Button.tsx:25:13)

    console.log
      [Button] Props received: {
        variant: 'primary',
        size: 'lg',
        type: 'submit',
        loading: false,
        disabled: false
      }

      at log (src/components/ui/Button.tsx:26:13)

    console.log
      [Button] Has onClick in props: false

      at log (src/components/ui/Button.tsx:27:13)

    console.log
      [Button] All props: {}

      at log (src/components/ui/Button.tsx:28:13)

    console.log
      [Button] Rendering with type: submit

      at log (src/components/ui/Button.tsx:25:13)

    console.log
      [Button] Props received: {
        variant: 'primary',
        size: 'lg',
        type: 'submit',
        loading: false,
        disabled: false
      }

      at log (src/components/ui/Button.tsx:26:13)

    console.log
      [Button] Has onClick in props: false

      at log (src/components/ui/Button.tsx:27:13)

    console.log
      [Button] All props: {}

      at log (src/components/ui/Button.tsx:28:13)

    console.log
      [Button] Rendering with type: submit

      at log (src/components/ui/Button.tsx:25:13)

    console.log
      [Button] Props received: {
        variant: 'primary',
        size: 'lg',
        type: 'submit',
        loading: false,
        disabled: false
      }

      at log (src/components/ui/Button.tsx:26:13)

    console.log
      [Button] Has onClick in props: false

      at log (src/components/ui/Button.tsx:27:13)

    console.log
      [Button] All props: {}

      at log (src/components/ui/Button.tsx:28:13)

    console.log
      [Button] Rendering with type: submit

      at log (src/components/ui/Button.tsx:25:13)

    console.log
      [Button] Props received: {
        variant: 'primary',
        size: 'lg',
        type: 'submit',
        loading: false,
        disabled: false
      }

      at log (src/components/ui/Button.tsx:26:13)

    console.log
      [Button] Has onClick in props: false

      at log (src/components/ui/Button.tsx:27:13)

    console.log
      [Button] All props: {}

      at log (src/components/ui/Button.tsx:28:13)

    console.log
      [Button] Rendering with type: submit

      at log (src/components/ui/Button.tsx:25:13)

    console.log
      [Button] Props received: {
        variant: 'primary',
        size: 'lg',
        type: 'submit',
        loading: false,
        disabled: false
      }

      at log (src/components/ui/Button.tsx:26:13)

    console.log
      [Button] Has onClick in props: false

      at log (src/components/ui/Button.tsx:27:13)

    console.log
      [Button] All props: {}

      at log (src/components/ui/Button.tsx:28:13)

    console.log
      [Button] Rendering with type: submit

      at log (src/components/ui/Button.tsx:25:13)

    console.log
      [Button] Props received: {
        variant: 'primary',
        size: 'lg',
        type: 'submit',
        loading: false,
        disabled: false
      }

      at log (src/components/ui/Button.tsx:26:13)

    console.log
      [Button] Has onClick in props: false

      at log (src/components/ui/Button.tsx:27:13)

    console.log
      [Button] All props: {}

      at log (src/components/ui/Button.tsx:28:13)

    console.log
      [Button] Rendering with type: submit

      at log (src/components/ui/Button.tsx:25:13)

    console.log
      [Button] Props received: {
        variant: 'primary',
        size: 'lg',
        type: 'submit',
        loading: false,
        disabled: false
      }

      at log (src/components/ui/Button.tsx:26:13)

    console.log
      [Button] Has onClick in props: false

      at log (src/components/ui/Button.tsx:27:13)

    console.log
      [Button] All props: {}

      at log (src/components/ui/Button.tsx:28:13)

    console.log
      [Button] Rendering with type: submit

      at log (src/components/ui/Button.tsx:25:13)

    console.log
      [Button] Props received: {
        variant: 'primary',
        size: 'lg',
        type: 'submit',
        loading: false,
        disabled: false
      }

      at log (src/components/ui/Button.tsx:26:13)

    console.log
      [Button] Has onClick in props: false

      at log (src/components/ui/Button.tsx:27:13)

    console.log
      [Button] All props: {}

      at log (src/components/ui/Button.tsx:28:13)

    console.log
      [Button] Rendering with type: submit

      at log (src/components/ui/Button.tsx:25:13)

    console.log
      [Button] Props received: {
        variant: 'primary',
        size: 'lg',
        type: 'submit',
        loading: false,
        disabled: false
      }

      at log (src/components/ui/Button.tsx:26:13)

    console.log
      [Button] Has onClick in props: false

      at log (src/components/ui/Button.tsx:27:13)

    console.log
      [Button] All props: {}

      at log (src/components/ui/Button.tsx:28:13)

    console.log
      [Button] Rendering with type: submit

      at log (src/components/ui/Button.tsx:25:13)

    console.log
      [Button] Props received: {
        variant: 'primary',
        size: 'lg',
        type: 'submit',
        loading: false,
        disabled: false
      }

      at log (src/components/ui/Button.tsx:26:13)

    console.log
      [Button] Has onClick in props: false

      at log (src/components/ui/Button.tsx:27:13)

    console.log
      [Button] All props: {}

      at log (src/components/ui/Button.tsx:28:13)

    console.log
      [Button] Rendering with type: submit

      at log (src/components/ui/Button.tsx:25:13)

    console.log
      [Button] Props received: {
        variant: 'primary',
        size: 'lg',
        type: 'submit',
        loading: false,
        disabled: false
      }

      at log (src/components/ui/Button.tsx:26:13)

    console.log
      [Button] Has onClick in props: false

      at log (src/components/ui/Button.tsx:27:13)

    console.log
      [Button] All props: {}

      at log (src/components/ui/Button.tsx:28:13)

    console.log
      [Button] Rendering with type: submit

      at log (src/components/ui/Button.tsx:25:13)

    console.log
      [Button] Props received: {
        variant: 'primary',
        size: 'lg',
        type: 'submit',
        loading: false,
        disabled: false
      }

      at log (src/components/ui/Button.tsx:26:13)

    console.log
      [Button] Has onClick in props: false

      at log (src/components/ui/Button.tsx:27:13)

    console.log
      [Button] All props: {}

      at log (src/components/ui/Button.tsx:28:13)

    console.log
      [Button] Rendering with type: submit

      at log (src/components/ui/Button.tsx:25:13)

    console.log
      [Button] Props received: {
        variant: 'primary',
        size: 'lg',
        type: 'submit',
        loading: false,
        disabled: false
      }

      at log (src/components/ui/Button.tsx:26:13)

    console.log
      [Button] Has onClick in props: false

      at log (src/components/ui/Button.tsx:27:13)

    console.log
      [Button] All props: {}

      at log (src/components/ui/Button.tsx:28:13)

    console.log
      [Button] Rendering with type: submit

      at log (src/components/ui/Button.tsx:25:13)

    console.log
      [Button] Props received: {
        variant: 'primary',
        size: 'lg',
        type: 'submit',
        loading: false,
        disabled: false
      }

      at log (src/components/ui/Button.tsx:26:13)

    console.log
      [Button] Has onClick in props: false

      at log (src/components/ui/Button.tsx:27:13)

    console.log
      [Button] All props: {}

      at log (src/components/ui/Button.tsx:28:13)

    console.log
      [Button] Rendering with type: submit

      at log (src/components/ui/Button.tsx:25:13)

    console.log
      [Button] Props received: {
        variant: 'primary',
        size: 'lg',
        type: 'submit',
        loading: false,
        disabled: false
      }

      at log (src/components/ui/Button.tsx:26:13)

    console.log
      [Button] Has onClick in props: false

      at log (src/components/ui/Button.tsx:27:13)

    console.log
      [Button] All props: {}

      at log (src/components/ui/Button.tsx:28:13)

    console.log
      [Button] Rendering with type: submit

      at log (src/components/ui/Button.tsx:25:13)

    console.log
      [Button] Props received: {
        variant: 'primary',
        size: 'lg',
        type: 'submit',
        loading: false,
        disabled: false
      }

      at log (src/components/ui/Button.tsx:26:13)

    console.log
      [Button] Has onClick in props: false

      at log (src/components/ui/Button.tsx:27:13)

    console.log
      [Button] All props: {}

      at log (src/components/ui/Button.tsx:28:13)

    console.log
      [Button] Rendering with type: submit

      at log (src/components/ui/Button.tsx:25:13)

    console.log
      [Button] Props received: {
        variant: 'primary',
        size: 'lg',
        type: 'submit',
        loading: false,
        disabled: false
      }

      at log (src/components/ui/Button.tsx:26:13)

    console.log
      [Button] Has onClick in props: false

      at log (src/components/ui/Button.tsx:27:13)

    console.log
      [Button] All props: {}

      at log (src/components/ui/Button.tsx:28:13)

    console.log
      [Button] Rendering with type: submit

      at log (src/components/ui/Button.tsx:25:13)

    console.log
      [Button] Props received: {
        variant: 'primary',
        size: 'lg',
        type: 'submit',
        loading: false,
        disabled: false
      }

      at log (src/components/ui/Button.tsx:26:13)

    console.log
      [Button] Has onClick in props: false

      at log (src/components/ui/Button.tsx:27:13)

    console.log
      [Button] All props: {}

      at log (src/components/ui/Button.tsx:28:13)

    console.log
      [Button] Rendering with type: submit

      at log (src/components/ui/Button.tsx:25:13)

    console.log
      [Button] Props received: {
        variant: 'primary',
        size: 'lg',
        type: 'submit',
        loading: false,
        disabled: false
      }

      at log (src/components/ui/Button.tsx:26:13)

    console.log
      [Button] Has onClick in props: false

      at log (src/components/ui/Button.tsx:27:13)

    console.log
      [Button] All props: {}

      at log (src/components/ui/Button.tsx:28:13)

    console.log
      [Button] Rendering with type: submit

      at log (src/components/ui/Button.tsx:25:13)

    console.log
      [Button] Props received: {
        variant: 'primary',
        size: 'lg',
        type: 'submit',
        loading: false,
        disabled: false
      }

      at log (src/components/ui/Button.tsx:26:13)

    console.log
      [Button] Has onClick in props: false

      at log (src/components/ui/Button.tsx:27:13)

    console.log
      [Button] All props: {}

      at log (src/components/ui/Button.tsx:28:13)

    console.log
      [Button] Rendering with type: submit

      at log (src/components/ui/Button.tsx:25:13)

    console.log
      [Button] Props received: {
        variant: 'primary',
        size: 'lg',
        type: 'submit',
        loading: false,
        disabled: false
      }

      at log (src/components/ui/Button.tsx:26:13)

    console.log
      [Button] Has onClick in props: false

      at log (src/components/ui/Button.tsx:27:13)

    console.log
      [Button] All props: {}

      at log (src/components/ui/Button.tsx:28:13)

    console.log
      [Button] Rendering with type: submit

      at log (src/components/ui/Button.tsx:25:13)

    console.log
      [Button] Props received: {
        variant: 'primary',
        size: 'lg',
        type: 'submit',
        loading: false,
        disabled: false
      }

      at log (src/components/ui/Button.tsx:26:13)

    console.log
      [Button] Has onClick in props: false

      at log (src/components/ui/Button.tsx:27:13)

    console.log
      [Button] All props: {}

      at log (src/components/ui/Button.tsx:28:13)

    console.log
      [Button] Rendering with type: submit

      at log (src/components/ui/Button.tsx:25:13)

    console.log
      [Button] Props received: {
        variant: 'primary',
        size: 'lg',
        type: 'submit',
        loading: false,
        disabled: false
      }

      at log (src/components/ui/Button.tsx:26:13)

    console.log
      [Button] Has onClick in props: false

      at log (src/components/ui/Button.tsx:27:13)

    console.log
      [Button] All props: {}

      at log (src/components/ui/Button.tsx:28:13)

    console.log
      [Button] Rendering with type: submit

      at log (src/components/ui/Button.tsx:25:13)

    console.log
      [Button] Props received: {
        variant: 'primary',
        size: 'lg',
        type: 'submit',
        loading: false,
        disabled: false
      }

      at log (src/components/ui/Button.tsx:26:13)

    console.log
      [Button] Has onClick in props: false

      at log (src/components/ui/Button.tsx:27:13)

    console.log
      [Button] All props: {}

      at log (src/components/ui/Button.tsx:28:13)

    console.log
      [Button] Rendering with type: submit

      at log (src/components/ui/Button.tsx:25:13)

    console.log
      [Button] Props received: {
        variant: 'primary',
        size: 'lg',
        type: 'submit',
        loading: false,
        disabled: false
      }

      at log (src/components/ui/Button.tsx:26:13)

    console.log
      [Button] Has onClick in props: false

      at log (src/components/ui/Button.tsx:27:13)

    console.log
      [Button] All props: {}

      at log (src/components/ui/Button.tsx:28:13)

    console.log
      [Button] Rendering with type: submit

      at log (src/components/ui/Button.tsx:25:13)

    console.log
      [Button] Props received: {
        variant: 'primary',
        size: 'lg',
        type: 'submit',
        loading: false,
        disabled: false
      }

      at log (src/components/ui/Button.tsx:26:13)

    console.log
      [Button] Has onClick in props: false

      at log (src/components/ui/Button.tsx:27:13)

    console.log
      [Button] All props: {}

      at log (src/components/ui/Button.tsx:28:13)

    console.log
      [Button] Rendering with type: submit

      at log (src/components/ui/Button.tsx:25:13)

    console.log
      [Button] Props received: {
        variant: 'primary',
        size: 'lg',
        type: 'submit',
        loading: false,
        disabled: false
      }

      at log (src/components/ui/Button.tsx:26:13)

    console.log
      [Button] Has onClick in props: false

      at log (src/components/ui/Button.tsx:27:13)

    console.log
      [Button] All props: {}

      at log (src/components/ui/Button.tsx:28:13)

    console.log
      [Button] Rendering with type: submit

      at log (src/components/ui/Button.tsx:25:13)

    console.log
      [Button] Props received: {
        variant: 'primary',
        size: 'lg',
        type: 'submit',
        loading: false,
        disabled: false
      }

      at log (src/components/ui/Button.tsx:26:13)

    console.log
      [Button] Has onClick in props: false

      at log (src/components/ui/Button.tsx:27:13)

    console.log
      [Button] All props: {}

      at log (src/components/ui/Button.tsx:28:13)

    console.log
      [Button] Rendering with type: submit

      at log (src/components/ui/Button.tsx:25:13)

    console.log
      [Button] Props received: {
        variant: 'primary',
        size: 'lg',
        type: 'submit',
        loading: false,
        disabled: false
      }

      at log (src/components/ui/Button.tsx:26:13)

    console.log
      [Button] Has onClick in props: false

      at log (src/components/ui/Button.tsx:27:13)

    console.log
      [Button] All props: {}

      at log (src/components/ui/Button.tsx:28:13)

    console.log
      [Button] Rendering with type: submit

      at log (src/components/ui/Button.tsx:25:13)

    console.log
      [Button] Props received: {
        variant: 'primary',
        size: 'lg',
        type: 'submit',
        loading: false,
        disabled: false
      }

      at log (src/components/ui/Button.tsx:26:13)

    console.log
      [Button] Has onClick in props: false

      at log (src/components/ui/Button.tsx:27:13)

    console.log
      [Button] All props: {}

      at log (src/components/ui/Button.tsx:28:13)

    console.log
      [Button] Rendering with type: submit

      at log (src/components/ui/Button.tsx:25:13)

    console.log
      [Button] Props received: {
        variant: 'primary',
        size: 'lg',
        type: 'submit',
        loading: false,
        disabled: false
      }

      at log (src/components/ui/Button.tsx:26:13)

    console.log
      [Button] Has onClick in props: false

      at log (src/components/ui/Button.tsx:27:13)

    console.log
      [Button] All props: {}

      at log (src/components/ui/Button.tsx:28:13)

    console.log
      [Button] Rendering with type: submit

      at log (src/components/ui/Button.tsx:25:13)

    console.log
      [Button] Props received: {
        variant: 'primary',
        size: 'lg',
        type: 'submit',
        loading: false,
        disabled: false
      }

      at log (src/components/ui/Button.tsx:26:13)

    console.log
      [Button] Has onClick in props: false

      at log (src/components/ui/Button.tsx:27:13)

    console.log
      [Button] All props: {}

      at log (src/components/ui/Button.tsx:28:13)

    console.log
      [Button] Rendering with type: submit

      at log (src/components/ui/Button.tsx:25:13)

    console.log
      [Button] Props received: {
        variant: 'primary',
        size: 'lg',
        type: 'submit',
        loading: false,
        disabled: false
      }

      at log (src/components/ui/Button.tsx:26:13)

    console.log
      [Button] Has onClick in props: false

      at log (src/components/ui/Button.tsx:27:13)

    console.log
      [Button] All props: {}

      at log (src/components/ui/Button.tsx:28:13)

    console.log
      [Button] Rendering with type: submit

      at log (src/components/ui/Button.tsx:25:13)

    console.log
      [Button] Props received: {
        variant: 'primary',
        size: 'lg',
        type: 'submit',
        loading: false,
        disabled: false
      }

      at log (src/components/ui/Button.tsx:26:13)

    console.log
      [Button] Has onClick in props: false

      at log (src/components/ui/Button.tsx:27:13)

    console.log
      [Button] All props: {}

      at log (src/components/ui/Button.tsx:28:13)

    console.log
      [Button] Rendering with type: submit

      at log (src/components/ui/Button.tsx:25:13)

    console.log
      [Button] Props received: {
        variant: 'primary',
        size: 'lg',
        type: 'submit',
        loading: false,
        disabled: false
      }

      at log (src/components/ui/Button.tsx:26:13)

    console.log
      [Button] Has onClick in props: false

      at log (src/components/ui/Button.tsx:27:13)

    console.log
      [Button] All props: {}

      at log (src/components/ui/Button.tsx:28:13)

    console.log
      [Button] Rendering with type: submit

      at log (src/components/ui/Button.tsx:25:13)

    console.log
      [Button] Props received: {
        variant: 'primary',
        size: 'lg',
        type: 'submit',
        loading: false,
        disabled: false
      }

      at log (src/components/ui/Button.tsx:26:13)

    console.log
      [Button] Has onClick in props: false

      at log (src/components/ui/Button.tsx:27:13)

    console.log
      [Button] All props: {}

      at log (src/components/ui/Button.tsx:28:13)

    console.log
      [Button] Rendering with type: submit

      at log (src/components/ui/Button.tsx:25:13)

    console.log
      [Button] Props received: {
        variant: 'primary',
        size: 'lg',
        type: 'submit',
        loading: false,
        disabled: false
      }

      at log (src/components/ui/Button.tsx:26:13)

    console.log
      [Button] Has onClick in props: false

      at log (src/components/ui/Button.tsx:27:13)

    console.log
      [Button] All props: {}

      at log (src/components/ui/Button.tsx:28:13)

    console.log
      [Button] Rendering with type: submit

      at log (src/components/ui/Button.tsx:25:13)

    console.log
      [Button] Props received: {
        variant: 'primary',
        size: 'lg',
        type: 'submit',
        loading: false,
        disabled: false
      }

      at log (src/components/ui/Button.tsx:26:13)

    console.log
      [Button] Has onClick in props: false

      at log (src/components/ui/Button.tsx:27:13)

    console.log
      [Button] All props: {}

      at log (src/components/ui/Button.tsx:28:13)

    console.log
      [Button] Rendering with type: submit

      at log (src/components/ui/Button.tsx:25:13)

    console.log
      [Button] Props received: {
        variant: 'primary',
        size: 'lg',
        type: 'submit',
        loading: false,
        disabled: false
      }

      at log (src/components/ui/Button.tsx:26:13)

    console.log
      [Button] Has onClick in props: false

      at log (src/components/ui/Button.tsx:27:13)

    console.log
      [Button] All props: {}

      at log (src/components/ui/Button.tsx:28:13)

    console.log
      [Button] Rendering with type: submit

      at log (src/components/ui/Button.tsx:25:13)

    console.log
      [Button] Props received: {
        variant: 'primary',
        size: 'lg',
        type: 'submit',
        loading: false,
        disabled: false
      }

      at log (src/components/ui/Button.tsx:26:13)

    console.log
      [Button] Has onClick in props: false

      at log (src/components/ui/Button.tsx:27:13)

    console.log
      [Button] All props: {}

      at log (src/components/ui/Button.tsx:28:13)

    console.log
      [Button] Rendering with type: submit

      at log (src/components/ui/Button.tsx:25:13)

    console.log
      [Button] Props received: {
        variant: 'primary',
        size: 'lg',
        type: 'submit',
        loading: false,
        disabled: false
      }

      at log (src/components/ui/Button.tsx:26:13)

    console.log
      [Button] Has onClick in props: false

      at log (src/components/ui/Button.tsx:27:13)

    console.log
      [Button] All props: {}

      at log (src/components/ui/Button.tsx:28:13)

    console.log
      [Button] Rendering with type: submit

      at log (src/components/ui/Button.tsx:25:13)

    console.log
      [Button] Props received: {
        variant: 'primary',
        size: 'lg',
        type: 'submit',
        loading: false,
        disabled: false
      }

      at log (src/components/ui/Button.tsx:26:13)

    console.log
      [Button] Has onClick in props: false

      at log (src/components/ui/Button.tsx:27:13)

    console.log
      [Button] All props: {}

      at log (src/components/ui/Button.tsx:28:13)

    console.log
      [Button] Rendering with type: submit

      at log (src/components/ui/Button.tsx:25:13)

    console.log
      [Button] Props received: {
        variant: 'primary',
        size: 'lg',
        type: 'submit',
        loading: false,
        disabled: false
      }

      at log (src/components/ui/Button.tsx:26:13)

    console.log
      [Button] Has onClick in props: false

      at log (src/components/ui/Button.tsx:27:13)

    console.log
      [Button] All props: {}

      at log (src/components/ui/Button.tsx:28:13)

    console.log
      [Button] Rendering with type: submit

      at log (src/components/ui/Button.tsx:25:13)

    console.log
      [Button] Props received: {
        variant: 'primary',
        size: 'lg',
        type: 'submit',
        loading: false,
        disabled: false
      }

      at log (src/components/ui/Button.tsx:26:13)

    console.log
      [Button] Has onClick in props: false

      at log (src/components/ui/Button.tsx:27:13)

    console.log
      [Button] All props: {}

      at log (src/components/ui/Button.tsx:28:13)

    console.log
      [Button] Rendering with type: submit

      at log (src/components/ui/Button.tsx:25:13)

    console.log
      [Button] Props received: {
        variant: 'primary',
        size: 'lg',
        type: 'submit',
        loading: false,
        disabled: false
      }

      at log (src/components/ui/Button.tsx:26:13)

    console.log
      [Button] Has onClick in props: false

      at log (src/components/ui/Button.tsx:27:13)

    console.log
      [Button] All props: {}

      at log (src/components/ui/Button.tsx:28:13)

    console.log
      [Button] Rendering with type: submit

      at log (src/components/ui/Button.tsx:25:13)

    console.log
      [Button] Props received: {
        variant: 'primary',
        size: 'lg',
        type: 'submit',
        loading: false,
        disabled: false
      }

      at log (src/components/ui/Button.tsx:26:13)

    console.log
      [Button] Has onClick in props: false

      at log (src/components/ui/Button.tsx:27:13)

    console.log
      [Button] All props: {}

      at log (src/components/ui/Button.tsx:28:13)

    console.log
      [Button] Rendering with type: submit

      at log (src/components/ui/Button.tsx:25:13)

    console.log
      [Button] Props received: {
        variant: 'primary',
        size: 'lg',
        type: 'submit',
        loading: false,
        disabled: false
      }

      at log (src/components/ui/Button.tsx:26:13)

    console.log
      [Button] Has onClick in props: false

      at log (src/components/ui/Button.tsx:27:13)

    console.log
      [Button] All props: {}

      at log (src/components/ui/Button.tsx:28:13)

    console.log
      [Button] Rendering with type: submit

      at log (src/components/ui/Button.tsx:25:13)

    console.log
      [Button] Props received: {
        variant: 'primary',
        size: 'lg',
        type: 'submit',
        loading: false,
        disabled: false
      }

      at log (src/components/ui/Button.tsx:26:13)

    console.log
      [Button] Has onClick in props: false

      at log (src/components/ui/Button.tsx:27:13)

    console.log
      [Button] All props: {}

      at log (src/components/ui/Button.tsx:28:13)

    console.log
      [Button] Rendering with type: submit

      at log (src/components/ui/Button.tsx:25:13)

    console.log
      [Button] Props received: {
        variant: 'primary',
        size: 'lg',
        type: 'submit',
        loading: false,
        disabled: false
      }

      at log (src/components/ui/Button.tsx:26:13)

    console.log
      [Button] Has onClick in props: false

      at log (src/components/ui/Button.tsx:27:13)

    console.log
      [Button] All props: {}

      at log (src/components/ui/Button.tsx:28:13)

    console.log
      [Button] Rendering with type: submit

      at log (src/components/ui/Button.tsx:25:13)

    console.log
      [Button] Props received: {
        variant: 'primary',
        size: 'lg',
        type: 'submit',
        loading: false,
        disabled: false
      }

      at log (src/components/ui/Button.tsx:26:13)

    console.log
      [Button] Has onClick in props: false

      at log (src/components/ui/Button.tsx:27:13)

    console.log
      [Button] All props: {}

      at log (src/components/ui/Button.tsx:28:13)

    console.log
      [Button] Rendering with type: submit

      at log (src/components/ui/Button.tsx:25:13)

    console.log
      [Button] Props received: {
        variant: 'primary',
        size: 'lg',
        type: 'submit',
        loading: false,
        disabled: false
      }

      at log (src/components/ui/Button.tsx:26:13)

    console.log
      [Button] Has onClick in props: false

      at log (src/components/ui/Button.tsx:27:13)

    console.log
      [Button] All props: {}

      at log (src/components/ui/Button.tsx:28:13)

    console.log
      [Button] Rendering with type: submit

      at log (src/components/ui/Button.tsx:25:13)

    console.log
      [Button] Props received: {
        variant: 'primary',
        size: 'lg',
        type: 'submit',
        loading: false,
        disabled: false
      }

      at log (src/components/ui/Button.tsx:26:13)

    console.log
      [Button] Has onClick in props: false

      at log (src/components/ui/Button.tsx:27:13)

    console.log
      [Button] All props: {}

      at log (src/components/ui/Button.tsx:28:13)

    console.log
      [Button] Rendering with type: submit

      at log (src/components/ui/Button.tsx:25:13)

    console.log
      [Button] Props received: {
        variant: 'primary',
        size: 'lg',
        type: 'submit',
        loading: false,
        disabled: false
      }

      at log (src/components/ui/Button.tsx:26:13)

    console.log
      [Button] Has onClick in props: false

      at log (src/components/ui/Button.tsx:27:13)

    console.log
      [Button] All props: {}

      at log (src/components/ui/Button.tsx:28:13)

    console.log
      [Button] Rendering with type: submit

      at log (src/components/ui/Button.tsx:25:13)

    console.log
      [Button] Props received: {
        variant: 'primary',
        size: 'lg',
        type: 'submit',
        loading: false,
        disabled: false
      }

      at log (src/components/ui/Button.tsx:26:13)

    console.log
      [Button] Has onClick in props: false

      at log (src/components/ui/Button.tsx:27:13)

    console.log
      [Button] All props: {}

      at log (src/components/ui/Button.tsx:28:13)

    console.log
      [Button] Rendering with type: submit

      at log (src/components/ui/Button.tsx:25:13)

    console.log
      [Button] Props received: {
        variant: 'primary',
        size: 'lg',
        type: 'submit',
        loading: false,
        disabled: false
      }

      at log (src/components/ui/Button.tsx:26:13)

    console.log
      [Button] Has onClick in props: false

      at log (src/components/ui/Button.tsx:27:13)

    console.log
      [Button] All props: {}

      at log (src/components/ui/Button.tsx:28:13)

    console.log
      [Button] Rendering with type: submit

      at log (src/components/ui/Button.tsx:25:13)

    console.log
      [Button] Props received: {
        variant: 'primary',
        size: 'lg',
        type: 'submit',
        loading: false,
        disabled: false
      }

      at log (src/components/ui/Button.tsx:26:13)

    console.log
      [Button] Has onClick in props: false

      at log (src/components/ui/Button.tsx:27:13)

    console.log
      [Button] All props: {}

      at log (src/components/ui/Button.tsx:28:13)

    console.log
      [Button] Rendering with type: submit

      at log (src/components/ui/Button.tsx:25:13)

    console.log
      [Button] Props received: {
        variant: 'primary',
        size: 'lg',
        type: 'submit',
        loading: false,
        disabled: false
      }

      at log (src/components/ui/Button.tsx:26:13)

    console.log
      [Button] Has onClick in props: false

      at log (src/components/ui/Button.tsx:27:13)

    console.log
      [Button] All props: {}

      at log (src/components/ui/Button.tsx:28:13)

    console.log
      [Button] Rendering with type: submit

      at log (src/components/ui/Button.tsx:25:13)

    console.log
      [Button] Props received: {
        variant: 'primary',
        size: 'lg',
        type: 'submit',
        loading: false,
        disabled: false
      }

      at log (src/components/ui/Button.tsx:26:13)

    console.log
      [Button] Has onClick in props: false

      at log (src/components/ui/Button.tsx:27:13)

    console.log
      [Button] All props: {}

      at log (src/components/ui/Button.tsx:28:13)

    console.log
      [Button] Rendering with type: submit

      at log (src/components/ui/Button.tsx:25:13)

    console.log
      [Button] Props received: {
        variant: 'primary',
        size: 'lg',
        type: 'submit',
        loading: false,
        disabled: false
      }

      at log (src/components/ui/Button.tsx:26:13)

    console.log
      [Button] Has onClick in props: false

      at log (src/components/ui/Button.tsx:27:13)

    console.log
      [Button] All props: {}

      at log (src/components/ui/Button.tsx:28:13)

    console.log
      [Button] Rendering with type: submit

      at log (src/components/ui/Button.tsx:25:13)

    console.log
      [Button] Props received: {
        variant: 'primary',
        size: 'lg',
        type: 'submit',
        loading: false,
        disabled: false
      }

      at log (src/components/ui/Button.tsx:26:13)

    console.log
      [Button] Has onClick in props: false

      at log (src/components/ui/Button.tsx:27:13)

    console.log
      [Button] All props: {}

      at log (src/components/ui/Button.tsx:28:13)

    console.log
      [Button] Rendering with type: submit

      at log (src/components/ui/Button.tsx:25:13)

    console.log
      [Button] Props received: {
        variant: 'primary',
        size: 'lg',
        type: 'submit',
        loading: false,
        disabled: false
      }

      at log (src/components/ui/Button.tsx:26:13)

    console.log
      [Button] Has onClick in props: false

      at log (src/components/ui/Button.tsx:27:13)

    console.log
      [Button] All props: {}

      at log (src/components/ui/Button.tsx:28:13)

    console.log
      [Button] Rendering with type: submit

      at log (src/components/ui/Button.tsx:25:13)

    console.log
      [Button] Props received: {
        variant: 'primary',
        size: 'lg',
        type: 'submit',
        loading: false,
        disabled: false
      }

      at log (src/components/ui/Button.tsx:26:13)

    console.log
      [Button] Has onClick in props: false

      at log (src/components/ui/Button.tsx:27:13)

    console.log
      [Button] All props: {}

      at log (src/components/ui/Button.tsx:28:13)

    console.log
      [Button] Rendering with type: submit

      at log (src/components/ui/Button.tsx:25:13)

    console.log
      [Button] Props received: {
        variant: 'primary',
        size: 'lg',
        type: 'submit',
        loading: false,
        disabled: false
      }

      at log (src/components/ui/Button.tsx:26:13)

    console.log
      [Button] Has onClick in props: false

      at log (src/components/ui/Button.tsx:27:13)

    console.log
      [Button] All props: {}

      at log (src/components/ui/Button.tsx:28:13)

    console.log
      [Button] Rendering with type: submit

      at log (src/components/ui/Button.tsx:25:13)

    console.log
      [Button] Props received: {
        variant: 'primary',
        size: 'lg',
        type: 'submit',
        loading: false,
        disabled: false
      }

      at log (src/components/ui/Button.tsx:26:13)

    console.log
      [Button] Has onClick in props: false

      at log (src/components/ui/Button.tsx:27:13)

    console.log
      [Button] All props: {}

      at log (src/components/ui/Button.tsx:28:13)

    console.log
      [Button] Rendering with type: submit

      at log (src/components/ui/Button.tsx:25:13)

    console.log
      [Button] Props received: {
        variant: 'primary',
        size: 'lg',
        type: 'submit',
        loading: false,
        disabled: false
      }

      at log (src/components/ui/Button.tsx:26:13)

    console.log
      [Button] Has onClick in props: false

      at log (src/components/ui/Button.tsx:27:13)

    console.log
      [Button] All props: {}

      at log (src/components/ui/Button.tsx:28:13)

    console.log
      [Button] Rendering with type: submit

      at log (src/components/ui/Button.tsx:25:13)

    console.log
      [Button] Props received: {
        variant: 'primary',
        size: 'lg',
        type: 'submit',
        loading: false,
        disabled: false
      }

      at log (src/components/ui/Button.tsx:26:13)

    console.log
      [Button] Has onClick in props: false

      at log (src/components/ui/Button.tsx:27:13)

    console.log
      [Button] All props: {}

      at log (src/components/ui/Button.tsx:28:13)

    console.log
      [Button] Rendering with type: submit

      at log (src/components/ui/Button.tsx:25:13)

    console.log
      [Button] Props received: {
        variant: 'primary',
        size: 'lg',
        type: 'submit',
        loading: false,
        disabled: false
      }

      at log (src/components/ui/Button.tsx:26:13)

    console.log
      [Button] Has onClick in props: false

      at log (src/components/ui/Button.tsx:27:13)

    console.log
      [Button] All props: {}

      at log (src/components/ui/Button.tsx:28:13)

    console.log
      [Button] Rendering with type: submit

      at log (src/components/ui/Button.tsx:25:13)

    console.log
      [Button] Props received: {
        variant: 'primary',
        size: 'lg',
        type: 'submit',
        loading: false,
        disabled: false
      }

      at log (src/components/ui/Button.tsx:26:13)

    console.log
      [Button] Has onClick in props: false

      at log (src/components/ui/Button.tsx:27:13)

    console.log
      [Button] All props: {}

      at log (src/components/ui/Button.tsx:28:13)

    console.log
      [Button] Rendering with type: submit

      at log (src/components/ui/Button.tsx:25:13)

    console.log
      [Button] Props received: {
        variant: 'primary',
        size: 'lg',
        type: 'submit',
        loading: false,
        disabled: false
      }

      at log (src/components/ui/Button.tsx:26:13)

    console.log
      [Button] Has onClick in props: false

      at log (src/components/ui/Button.tsx:27:13)

    console.log
      [Button] All props: {}

      at log (src/components/ui/Button.tsx:28:13)

    console.log
      [Button] Rendering with type: submit

      at log (src/components/ui/Button.tsx:25:13)

    console.log
      [Button] Props received: {
        variant: 'primary',
        size: 'lg',
        type: 'submit',
        loading: false,
        disabled: false
      }

      at log (src/components/ui/Button.tsx:26:13)

    console.log
      [Button] Has onClick in props: false

      at log (src/components/ui/Button.tsx:27:13)

    console.log
      [Button] All props: {}

      at log (src/components/ui/Button.tsx:28:13)

    console.log
      [Button] Rendering with type: submit

      at log (src/components/ui/Button.tsx:25:13)

    console.log
      [Button] Props received: {
        variant: 'primary',
        size: 'lg',
        type: 'submit',
        loading: false,
        disabled: false
      }

      at log (src/components/ui/Button.tsx:26:13)

    console.log
      [Button] Has onClick in props: false

      at log (src/components/ui/Button.tsx:27:13)

    console.log
      [Button] All props: {}

      at log (src/components/ui/Button.tsx:28:13)

    console.log
      [Button] Rendering with type: submit

      at log (src/components/ui/Button.tsx:25:13)

    console.log
      [Button] Props received: {
        variant: 'primary',
        size: 'lg',
        type: 'submit',
        loading: false,
        disabled: false
      }

      at log (src/components/ui/Button.tsx:26:13)

    console.log
      [Button] Has onClick in props: false

      at log (src/components/ui/Button.tsx:27:13)

    console.log
      [Button] All props: {}

      at log (src/components/ui/Button.tsx:28:13)

    console.log
      [Button] Rendering with type: submit

      at log (src/components/ui/Button.tsx:25:13)

    console.log
      [Button] Props received: {
        variant: 'primary',
        size: 'lg',
        type: 'submit',
        loading: false,
        disabled: false
      }

      at log (src/components/ui/Button.tsx:26:13)

    console.log
      [Button] Has onClick in props: false

      at log (src/components/ui/Button.tsx:27:13)

    console.log
      [Button] All props: {}

      at log (src/components/ui/Button.tsx:28:13)

    console.log
      [Button] Rendering with type: submit

      at log (src/components/ui/Button.tsx:25:13)

    console.log
      [Button] Props received: {
        variant: 'primary',
        size: 'lg',
        type: 'submit',
        loading: false,
        disabled: false
      }

      at log (src/components/ui/Button.tsx:26:13)

    console.log
      [Button] Has onClick in props: false

      at log (src/components/ui/Button.tsx:27:13)

    console.log
      [Button] All props: {}

      at log (src/components/ui/Button.tsx:28:13)

    console.log
      [Button] Rendering with type: submit

      at log (src/components/ui/Button.tsx:25:13)

    console.log
      [Button] Props received: {
        variant: 'primary',
        size: 'lg',
        type: 'submit',
        loading: false,
        disabled: false
      }

      at log (src/components/ui/Button.tsx:26:13)

    console.log
      [Button] Has onClick in props: false

      at log (src/components/ui/Button.tsx:27:13)

    console.log
      [Button] All props: {}

      at log (src/components/ui/Button.tsx:28:13)

    console.log
      [Button] Rendering with type: submit

      at log (src/components/ui/Button.tsx:25:13)

    console.log
      [Button] Props received: {
        variant: 'primary',
        size: 'lg',
        type: 'submit',
        loading: false,
        disabled: false
      }

      at log (src/components/ui/Button.tsx:26:13)

    console.log
      [Button] Has onClick in props: false

      at log (src/components/ui/Button.tsx:27:13)

    console.log
      [Button] All props: {}

      at log (src/components/ui/Button.tsx:28:13)

    console.log
      [Button] Rendering with type: submit

      at log (src/components/ui/Button.tsx:25:13)

    console.log
      [Button] Props received: {
        variant: 'primary',
        size: 'lg',
        type: 'submit',
        loading: false,
        disabled: false
      }

      at log (src/components/ui/Button.tsx:26:13)

    console.log
      [Button] Has onClick in props: false

      at log (src/components/ui/Button.tsx:27:13)

    console.log
      [Button] All props: {}

      at log (src/components/ui/Button.tsx:28:13)

    console.log
      [Button] Rendering with type: submit

      at log (src/components/ui/Button.tsx:25:13)

    console.log
      [Button] Props received: {
        variant: 'primary',
        size: 'lg',
        type: 'submit',
        loading: false,
        disabled: false
      }

      at log (src/components/ui/Button.tsx:26:13)

    console.log
      [Button] Has onClick in props: false

      at log (src/components/ui/Button.tsx:27:13)

    console.log
      [Button] All props: {}

      at log (src/components/ui/Button.tsx:28:13)

    console.log
      [Button] Rendering with type: submit

      at log (src/components/ui/Button.tsx:25:13)

    console.log
      [Button] Props received: {
        variant: 'primary',
        size: 'lg',
        type: 'submit',
        loading: false,
        disabled: false
      }

      at log (src/components/ui/Button.tsx:26:13)

    console.log
      [Button] Has onClick in props: false

      at log (src/components/ui/Button.tsx:27:13)

    console.log
      [Button] All props: {}

      at log (src/components/ui/Button.tsx:28:13)

    console.log
      [Button] Rendering with type: submit

      at log (src/components/ui/Button.tsx:25:13)

    console.log
      [Button] Props received: {
        variant: 'primary',
        size: 'lg',
        type: 'submit',
        loading: false,
        disabled: false
      }

      at log (src/components/ui/Button.tsx:26:13)

    console.log
      [Button] Has onClick in props: false

      at log (src/components/ui/Button.tsx:27:13)

    console.log
      [Button] All props: {}

      at log (src/components/ui/Button.tsx:28:13)

    console.log
      [Button] Rendering with type: submit

      at log (src/components/ui/Button.tsx:25:13)

    console.log
      [Button] Props received: {
        variant: 'primary',
        size: 'lg',
        type: 'submit',
        loading: false,
        disabled: false
      }

      at log (src/components/ui/Button.tsx:26:13)

    console.log
      [Button] Has onClick in props: false

      at log (src/components/ui/Button.tsx:27:13)

    console.log
      [Button] All props: {}

      at log (src/components/ui/Button.tsx:28:13)

    console.log
      [Button] Rendering with type: submit

      at log (src/components/ui/Button.tsx:25:13)

    console.log
      [Button] Props received: {
        variant: 'primary',
        size: 'lg',
        type: 'submit',
        loading: false,
        disabled: false
      }

      at log (src/components/ui/Button.tsx:26:13)

    console.log
      [Button] Has onClick in props: false

      at log (src/components/ui/Button.tsx:27:13)

    console.log
      [Button] All props: {}

      at log (src/components/ui/Button.tsx:28:13)

    console.log
      [Button] Rendering with type: submit

      at log (src/components/ui/Button.tsx:25:13)

    console.log
      [Button] Props received: {
        variant: 'primary',
        size: 'lg',
        type: 'submit',
        loading: false,
        disabled: false
      }

      at log (src/components/ui/Button.tsx:26:13)

    console.log
      [Button] Has onClick in props: false

      at log (src/components/ui/Button.tsx:27:13)

    console.log
      [Button] All props: {}

      at log (src/components/ui/Button.tsx:28:13)

    console.log
      [Button] Rendering with type: submit

      at log (src/components/ui/Button.tsx:25:13)

    console.log
      [Button] Props received: {
        variant: 'primary',
        size: 'lg',
        type: 'submit',
        loading: false,
        disabled: false
      }

      at log (src/components/ui/Button.tsx:26:13)

    console.log
      [Button] Has onClick in props: false

      at log (src/components/ui/Button.tsx:27:13)

    console.log
      [Button] All props: {}

      at log (src/components/ui/Button.tsx:28:13)

    console.log
      [Button] Rendering with type: submit

      at log (src/components/ui/Button.tsx:25:13)

    console.log
      [Button] Props received: {
        variant: 'primary',
        size: 'lg',
        type: 'submit',
        loading: false,
        disabled: false
      }

      at log (src/components/ui/Button.tsx:26:13)

    console.log
      [Button] Has onClick in props: false

      at log (src/components/ui/Button.tsx:27:13)

    console.log
      [Button] All props: {}

      at log (src/components/ui/Button.tsx:28:13)

    console.log
      [Button] Rendering with type: submit

      at log (src/components/ui/Button.tsx:25:13)

    console.log
      [Button] Props received: {
        variant: 'primary',
        size: 'lg',
        type: 'submit',
        loading: false,
        disabled: false
      }

      at log (src/components/ui/Button.tsx:26:13)

    console.log
      [Button] Has onClick in props: false

      at log (src/components/ui/Button.tsx:27:13)

    console.log
      [Button] All props: {}

      at log (src/components/ui/Button.tsx:28:13)

    console.log
      [Button] Rendering with type: submit

      at log (src/components/ui/Button.tsx:25:13)

    console.log
      [Button] Props received: {
        variant: 'primary',
        size: 'lg',
        type: 'submit',
        loading: false,
        disabled: false
      }

      at log (src/components/ui/Button.tsx:26:13)

    console.log
      [Button] Has onClick in props: false

      at log (src/components/ui/Button.tsx:27:13)

    console.log
      [Button] All props: {}

      at log (src/components/ui/Button.tsx:28:13)

    console.log
      [Button] Rendering with type: submit

      at log (src/components/ui/Button.tsx:25:13)

    console.log
      [Button] Props received: {
        variant: 'primary',
        size: 'lg',
        type: 'submit',
        loading: false,
        disabled: false
      }

      at log (src/components/ui/Button.tsx:26:13)

    console.log
      [Button] Has onClick in props: false

      at log (src/components/ui/Button.tsx:27:13)

    console.log
      [Button] All props: {}

      at log (src/components/ui/Button.tsx:28:13)

    console.log
      [Button] Rendering with type: submit

      at log (src/components/ui/Button.tsx:25:13)

    console.log
      [Button] Props received: {
        variant: 'primary',
        size: 'lg',
        type: 'submit',
        loading: false,
        disabled: false
      }

      at log (src/components/ui/Button.tsx:26:13)

    console.log
      [Button] Has onClick in props: false

      at log (src/components/ui/Button.tsx:27:13)

    console.log
      [Button] All props: {}

      at log (src/components/ui/Button.tsx:28:13)

    console.log
      [Button] Rendering with type: submit

      at log (src/components/ui/Button.tsx:25:13)

    console.log
      [Button] Props received: {
        variant: 'primary',
        size: 'lg',
        type: 'submit',
        loading: false,
        disabled: false
      }

      at log (src/components/ui/Button.tsx:26:13)

    console.log
      [Button] Has onClick in props: false

      at log (src/components/ui/Button.tsx:27:13)

    console.log
      [Button] All props: {}

      at log (src/components/ui/Button.tsx:28:13)

    console.log
      [Button] Rendering with type: submit

      at log (src/components/ui/Button.tsx:25:13)

    console.log
      [Button] Props received: {
        variant: 'primary',
        size: 'lg',
        type: 'submit',
        loading: false,
        disabled: false
      }

      at log (src/components/ui/Button.tsx:26:13)

    console.log
      [Button] Has onClick in props: false

      at log (src/components/ui/Button.tsx:27:13)

    console.log
      [Button] All props: {}

      at log (src/components/ui/Button.tsx:28:13)

    console.log
      [Button] Rendering with type: submit

      at log (src/components/ui/Button.tsx:25:13)

    console.log
      [Button] Props received: {
        variant: 'primary',
        size: 'lg',
        type: 'submit',
        loading: false,
        disabled: false
      }

      at log (src/components/ui/Button.tsx:26:13)

    console.log
      [Button] Has onClick in props: false

      at log (src/components/ui/Button.tsx:27:13)

    console.log
      [Button] All props: {}

      at log (src/components/ui/Button.tsx:28:13)

    console.log
      [Button] Rendering with type: submit

      at log (src/components/ui/Button.tsx:25:13)

    console.log
      [Button] Props received: {
        variant: 'primary',
        size: 'lg',
        type: 'submit',
        loading: false,
        disabled: false
      }

      at log (src/components/ui/Button.tsx:26:13)

    console.log
      [Button] Has onClick in props: false

      at log (src/components/ui/Button.tsx:27:13)

    console.log
      [Button] All props: {}

      at log (src/components/ui/Button.tsx:28:13)

    console.log
      [Button] Rendering with type: submit

      at log (src/components/ui/Button.tsx:25:13)

    console.log
      [Button] Props received: {
        variant: 'primary',
        size: 'lg',
        type: 'submit',
        loading: false,
        disabled: false
      }

      at log (src/components/ui/Button.tsx:26:13)

    console.log
      [Button] Has onClick in props: false

      at log (src/components/ui/Button.tsx:27:13)

    console.log
      [Button] All props: {}

      at log (src/components/ui/Button.tsx:28:13)

    console.log
      [Button] Rendering with type: submit

      at log (src/components/ui/Button.tsx:25:13)

    console.log
      [Button] Props received: {
        variant: 'primary',
        size: 'lg',
        type: 'submit',
        loading: false,
        disabled: false
      }

      at log (src/components/ui/Button.tsx:26:13)

    console.log
      [Button] Has onClick in props: false

      at log (src/components/ui/Button.tsx:27:13)

    console.log
      [Button] All props: {}

      at log (src/components/ui/Button.tsx:28:13)

    console.log
      [Button] Rendering with type: submit

      at log (src/components/ui/Button.tsx:25:13)

    console.log
      [Button] Props received: {
        variant: 'primary',
        size: 'lg',
        type: 'submit',
        loading: false,
        disabled: false
      }

      at log (src/components/ui/Button.tsx:26:13)

    console.log
      [Button] Has onClick in props: false

      at log (src/components/ui/Button.tsx:27:13)

    console.log
      [Button] All props: {}

      at log (src/components/ui/Button.tsx:28:13)

    console.log
      [Button] Rendering with type: submit

      at log (src/components/ui/Button.tsx:25:13)

    console.log
      [Button] Props received: {
        variant: 'primary',
        size: 'lg',
        type: 'submit',
        loading: false,
        disabled: false
      }

      at log (src/components/ui/Button.tsx:26:13)

    console.log
      [Button] Has onClick in props: false

      at log (src/components/ui/Button.tsx:27:13)

    console.log
      [Button] All props: {}

      at log (src/components/ui/Button.tsx:28:13)

    console.log
      [Button] Rendering with type: submit

      at log (src/components/ui/Button.tsx:25:13)

    console.log
      [Button] Props received: {
        variant: 'primary',
        size: 'lg',
        type: 'submit',
        loading: false,
        disabled: false
      }

      at log (src/components/ui/Button.tsx:26:13)

    console.log
      [Button] Has onClick in props: false

      at log (src/components/ui/Button.tsx:27:13)

    console.log
      [Button] All props: {}

      at log (src/components/ui/Button.tsx:28:13)

    console.log
      [Button] Rendering with type: submit

      at log (src/components/ui/Button.tsx:25:13)

    console.log
      [Button] Props received: {
        variant: 'primary',
        size: 'lg',
        type: 'submit',
        loading: false,
        disabled: false
      }

      at log (src/components/ui/Button.tsx:26:13)

    console.log
      [Button] Has onClick in props: false

      at log (src/components/ui/Button.tsx:27:13)

    console.log
      [Button] All props: {}

      at log (src/components/ui/Button.tsx:28:13)

    console.log
      [Button] Rendering with type: submit

      at log (src/components/ui/Button.tsx:25:13)

    console.log
      [Button] Props received: {
        variant: 'primary',
        size: 'lg',
        type: 'submit',
        loading: false,
        disabled: false
      }

      at log (src/components/ui/Button.tsx:26:13)

    console.log
      [Button] Has onClick in props: false

      at log (src/components/ui/Button.tsx:27:13)

    console.log
      [Button] All props: {}

      at log (src/components/ui/Button.tsx:28:13)

    console.log
      [Button] Rendering with type: submit

      at log (src/components/ui/Button.tsx:25:13)

    console.log
      [Button] Props received: {
        variant: 'primary',
        size: 'lg',
        type: 'submit',
        loading: false,
        disabled: false
      }

      at log (src/components/ui/Button.tsx:26:13)

    console.log
      [Button] Has onClick in props: false

      at log (src/components/ui/Button.tsx:27:13)

    console.log
      [Button] All props: {}

      at log (src/components/ui/Button.tsx:28:13)

    console.log
      [Button] Rendering with type: submit

      at log (src/components/ui/Button.tsx:25:13)

    console.log
      [Button] Props received: {
        variant: 'primary',
        size: 'lg',
        type: 'submit',
        loading: false,
        disabled: false
      }

      at log (src/components/ui/Button.tsx:26:13)

    console.log
      [Button] Has onClick in props: false

      at log (src/components/ui/Button.tsx:27:13)

    console.log
      [Button] All props: {}

      at log (src/components/ui/Button.tsx:28:13)

    console.log
      [Button] Rendering with type: submit

      at log (src/components/ui/Button.tsx:25:13)

    console.log
      [Button] Props received: {
        variant: 'primary',
        size: 'lg',
        type: 'submit',
        loading: false,
        disabled: false
      }

      at log (src/components/ui/Button.tsx:26:13)

    console.log
      [Button] Has onClick in props: false

      at log (src/components/ui/Button.tsx:27:13)

    console.log
      [Button] All props: {}

      at log (src/components/ui/Button.tsx:28:13)

    console.log
      [Button] Rendering with type: submit

      at log (src/components/ui/Button.tsx:25:13)

    console.log
      [Button] Props received: {
        variant: 'primary',
        size: 'lg',
        type: 'submit',
        loading: false,
        disabled: false
      }

      at log (src/components/ui/Button.tsx:26:13)

    console.log
      [Button] Has onClick in props: false

      at log (src/components/ui/Button.tsx:27:13)

    console.log
      [Button] All props: {}

      at log (src/components/ui/Button.tsx:28:13)

    console.log
      [Button] Rendering with type: submit

      at log (src/components/ui/Button.tsx:25:13)

    console.log
      [Button] Props received: {
        variant: 'primary',
        size: 'lg',
        type: 'submit',
        loading: false,
        disabled: false
      }

      at log (src/components/ui/Button.tsx:26:13)

    console.log
      [Button] Has onClick in props: false

      at log (src/components/ui/Button.tsx:27:13)

    console.log
      [Button] All props: {}

      at log (src/components/ui/Button.tsx:28:13)

    console.log
      [Button] Rendering with type: submit

      at log (src/components/ui/Button.tsx:25:13)

    console.log
      [Button] Props received: {
        variant: 'primary',
        size: 'lg',
        type: 'submit',
        loading: false,
        disabled: false
      }

      at log (src/components/ui/Button.tsx:26:13)

    console.log
      [Button] Has onClick in props: false

      at log (src/components/ui/Button.tsx:27:13)

    console.log
      [Button] All props: {}

      at log (src/components/ui/Button.tsx:28:13)

    console.log
      [Button] Rendering with type: submit

      at log (src/components/ui/Button.tsx:25:13)

    console.log
      [Button] Props received: {
        variant: 'primary',
        size: 'lg',
        type: 'submit',
        loading: false,
        disabled: false
      }

      at log (src/components/ui/Button.tsx:26:13)

    console.log
      [Button] Has onClick in props: false

      at log (src/components/ui/Button.tsx:27:13)

    console.log
      [Button] All props: {}

      at log (src/components/ui/Button.tsx:28:13)

    console.log
      [Button] Rendering with type: submit

      at log (src/components/ui/Button.tsx:25:13)

    console.log
      [Button] Props received: {
        variant: 'primary',
        size: 'lg',
        type: 'submit',
        loading: false,
        disabled: false
      }

      at log (src/components/ui/Button.tsx:26:13)

    console.log
      [Button] Has onClick in props: false

      at log (src/components/ui/Button.tsx:27:13)

    console.log
      [Button] All props: {}

      at log (src/components/ui/Button.tsx:28:13)

    console.log
      [Button] Rendering with type: submit

      at log (src/components/ui/Button.tsx:25:13)

    console.log
      [Button] Props received: {
        variant: 'primary',
        size: 'lg',
        type: 'submit',
        loading: false,
        disabled: false
      }

      at log (src/components/ui/Button.tsx:26:13)

    console.log
      [Button] Has onClick in props: false

      at log (src/components/ui/Button.tsx:27:13)

    console.log
      [Button] All props: {}

      at log (src/components/ui/Button.tsx:28:13)

    console.log
      [Button] Rendering with type: submit

      at log (src/components/ui/Button.tsx:25:13)

    console.log
      [Button] Props received: {
        variant: 'primary',
        size: 'lg',
        type: 'submit',
        loading: false,
        disabled: false
      }

      at log (src/components/ui/Button.tsx:26:13)

    console.log
      [Button] Has onClick in props: false

      at log (src/components/ui/Button.tsx:27:13)

    console.log
      [Button] All props: {}

      at log (src/components/ui/Button.tsx:28:13)

    console.log
      [Button] Rendering with type: submit

      at log (src/components/ui/Button.tsx:25:13)

    console.log
      [Button] Props received: {
        variant: 'primary',
        size: 'lg',
        type: 'submit',
        loading: false,
        disabled: false
      }

      at log (src/components/ui/Button.tsx:26:13)

    console.log
      [Button] Has onClick in props: false

      at log (src/components/ui/Button.tsx:27:13)

    console.log
      [Button] All props: {}

      at log (src/components/ui/Button.tsx:28:13)

    console.log
      [Button] Rendering with type: submit

      at log (src/components/ui/Button.tsx:25:13)

    console.log
      [Button] Props received: {
        variant: 'primary',
        size: 'lg',
        type: 'submit',
        loading: false,
        disabled: false
      }

      at log (src/components/ui/Button.tsx:26:13)

    console.log
      [Button] Has onClick in props: false

      at log (src/components/ui/Button.tsx:27:13)

    console.log
      [Button] All props: {}

      at log (src/components/ui/Button.tsx:28:13)

    console.log
      [Button] Rendering with type: submit

      at log (src/components/ui/Button.tsx:25:13)

    console.log
      [Button] Props received: {
        variant: 'primary',
        size: 'lg',
        type: 'submit',
        loading: false,
        disabled: false
      }

      at log (src/components/ui/Button.tsx:26:13)

    console.log
      [Button] Has onClick in props: false

      at log (src/components/ui/Button.tsx:27:13)

    console.log
      [Button] All props: {}

      at log (src/components/ui/Button.tsx:28:13)

    console.log
      [Button] Rendering with type: submit

      at log (src/components/ui/Button.tsx:25:13)

    console.log
      [Button] Props received: {
        variant: 'primary',
        size: 'lg',
        type: 'submit',
        loading: false,
        disabled: false
      }

      at log (src/components/ui/Button.tsx:26:13)

    console.log
      [Button] Has onClick in props: false

      at log (src/components/ui/Button.tsx:27:13)

    console.log
      [Button] All props: {}

      at log (src/components/ui/Button.tsx:28:13)

    console.log
      [Button] Rendering with type: submit

      at log (src/components/ui/Button.tsx:25:13)

    console.log
      [Button] Props received: {
        variant: 'primary',
        size: 'lg',
        type: 'submit',
        loading: false,
        disabled: false
      }

      at log (src/components/ui/Button.tsx:26:13)

    console.log
      [Button] Has onClick in props: false

      at log (src/components/ui/Button.tsx:27:13)

    console.log
      [Button] All props: {}

      at log (src/components/ui/Button.tsx:28:13)

    console.log
      [Button] Rendering with type: submit

      at log (src/components/ui/Button.tsx:25:13)

    console.log
      [Button] Props received: {
        variant: 'primary',
        size: 'lg',
        type: 'submit',
        loading: false,
        disabled: false
      }

      at log (src/components/ui/Button.tsx:26:13)

    console.log
      [Button] Has onClick in props: false

      at log (src/components/ui/Button.tsx:27:13)

    console.log
      [Button] All props: {}

      at log (src/components/ui/Button.tsx:28:13)

    console.log
      [Button] Rendering with type: submit

      at log (src/components/ui/Button.tsx:25:13)

    console.log
      [Button] Props received: {
        variant: 'primary',
        size: 'lg',
        type: 'submit',
        loading: false,
        disabled: false
      }

      at log (src/components/ui/Button.tsx:26:13)

    console.log
      [Button] Has onClick in props: false

      at log (src/components/ui/Button.tsx:27:13)

    console.log
      [Button] All props: {}

      at log (src/components/ui/Button.tsx:28:13)

    console.log
      [Button] Rendering with type: submit

      at log (src/components/ui/Button.tsx:25:13)

    console.log
      [Button] Props received: {
        variant: 'primary',
        size: 'lg',
        type: 'submit',
        loading: false,
        disabled: false
      }

      at log (src/components/ui/Button.tsx:26:13)

    console.log
      [Button] Has onClick in props: false

      at log (src/components/ui/Button.tsx:27:13)

    console.log
      [Button] All props: {}

      at log (src/components/ui/Button.tsx:28:13)

    console.log
      [Button] Rendering with type: submit

      at log (src/components/ui/Button.tsx:25:13)

    console.log
      [Button] Props received: {
        variant: 'primary',
        size: 'lg',
        type: 'submit',
        loading: false,
        disabled: false
      }

      at log (src/components/ui/Button.tsx:26:13)

    console.log
      [Button] Has onClick in props: false

      at log (src/components/ui/Button.tsx:27:13)

    console.log
      [Button] All props: {}

      at log (src/components/ui/Button.tsx:28:13)

    console.log
      [Button] Rendering with type: submit

      at log (src/components/ui/Button.tsx:25:13)

    console.log
      [Button] Props received: {
        variant: 'primary',
        size: 'lg',
        type: 'submit',
        loading: false,
        disabled: false
      }

      at log (src/components/ui/Button.tsx:26:13)

    console.log
      [Button] Has onClick in props: false

      at log (src/components/ui/Button.tsx:27:13)

    console.log
      [Button] All props: {}

      at log (src/components/ui/Button.tsx:28:13)

    console.log
      [Button] Rendering with type: submit

      at log (src/components/ui/Button.tsx:25:13)

    console.log
      [Button] Props received: {
        variant: 'primary',
        size: 'lg',
        type: 'submit',
        loading: false,
        disabled: false
      }

      at log (src/components/ui/Button.tsx:26:13)

    console.log
      [Button] Has onClick in props: false

      at log (src/components/ui/Button.tsx:27:13)

    console.log
      [Button] All props: {}

      at log (src/components/ui/Button.tsx:28:13)

    console.log
      [Button] Rendering with type: submit

      at log (src/components/ui/Button.tsx:25:13)

    console.log
      [Button] Props received: {
        variant: 'primary',
        size: 'lg',
        type: 'submit',
        loading: false,
        disabled: false
      }

      at log (src/components/ui/Button.tsx:26:13)

    console.log
      [Button] Has onClick in props: false

      at log (src/components/ui/Button.tsx:27:13)

    console.log
      [Button] All props: {}

      at log (src/components/ui/Button.tsx:28:13)

    console.log
      [Button] Rendering with type: submit

      at log (src/components/ui/Button.tsx:25:13)

    console.log
      [Button] Props received: {
        variant: 'primary',
        size: 'lg',
        type: 'submit',
        loading: false,
        disabled: false
      }

      at log (src/components/ui/Button.tsx:26:13)

    console.log
      [Button] Has onClick in props: false

      at log (src/components/ui/Button.tsx:27:13)

    console.log
      [Button] All props: {}

      at log (src/components/ui/Button.tsx:28:13)

    console.log
      [Button] Rendering with type: submit

      at log (src/components/ui/Button.tsx:25:13)

    console.log
      [Button] Props received: {
        variant: 'primary',
        size: 'lg',
        type: 'submit',
        loading: false,
        disabled: false
      }

      at log (src/components/ui/Button.tsx:26:13)

    console.log
      [Button] Has onClick in props: false

      at log (src/components/ui/Button.tsx:27:13)

    console.log
      [Button] All props: {}

      at log (src/components/ui/Button.tsx:28:13)

    console.log
      [Button] Rendering with type: submit

      at log (src/components/ui/Button.tsx:25:13)

    console.log
      [Button] Props received: {
        variant: 'primary',
        size: 'lg',
        type: 'submit',
        loading: false,
        disabled: false
      }

      at log (src/components/ui/Button.tsx:26:13)

    console.log
      [Button] Has onClick in props: false

      at log (src/components/ui/Button.tsx:27:13)

    console.log
      [Button] All props: {}

      at log (src/components/ui/Button.tsx:28:13)

    console.log
      [Button] Rendering with type: submit

      at log (src/components/ui/Button.tsx:25:13)

    console.log
      [Button] Props received: {
        variant: 'primary',
        size: 'lg',
        type: 'submit',
        loading: false,
        disabled: false
      }

      at log (src/components/ui/Button.tsx:26:13)

    console.log
      [Button] Has onClick in props: false

      at log (src/components/ui/Button.tsx:27:13)

    console.log
      [Button] All props: {}

      at log (src/components/ui/Button.tsx:28:13)

    console.log
      [Button] Rendering with type: submit

      at log (src/components/ui/Button.tsx:25:13)

    console.log
      [Button] Props received: {
        variant: 'primary',
        size: 'lg',
        type: 'submit',
        loading: false,
        disabled: false
      }

      at log (src/components/ui/Button.tsx:26:13)

    console.log
      [Button] Has onClick in props: false

      at log (src/components/ui/Button.tsx:27:13)

    console.log
      [Button] All props: {}

      at log (src/components/ui/Button.tsx:28:13)

    console.log
      [Button] Rendering with type: submit

      at log (src/components/ui/Button.tsx:25:13)

    console.log
      [Button] Props received: {
        variant: 'primary',
        size: 'lg',
        type: 'submit',
        loading: false,
        disabled: false
      }

      at log (src/components/ui/Button.tsx:26:13)

    console.log
      [Button] Has onClick in props: false

      at log (src/components/ui/Button.tsx:27:13)

    console.log
      [Button] All props: {}

      at log (src/components/ui/Button.tsx:28:13)

    console.log
      [Button] Rendering with type: submit

      at log (src/components/ui/Button.tsx:25:13)

    console.log
      [Button] Props received: {
        variant: 'primary',
        size: 'lg',
        type: 'submit',
        loading: false,
        disabled: false
      }

      at log (src/components/ui/Button.tsx:26:13)

    console.log
      [Button] Has onClick in props: false

      at log (src/components/ui/Button.tsx:27:13)

    console.log
      [Button] All props: {}

      at log (src/components/ui/Button.tsx:28:13)

    console.log
      [Button] Rendering with type: submit

      at log (src/components/ui/Button.tsx:25:13)

    console.log
      [Button] Props received: {
        variant: 'primary',
        size: 'lg',
        type: 'submit',
        loading: false,
        disabled: false
      }

      at log (src/components/ui/Button.tsx:26:13)

    console.log
      [Button] Has onClick in props: false

      at log (src/components/ui/Button.tsx:27:13)

    console.log
      [Button] All props: {}

      at log (src/components/ui/Button.tsx:28:13)

    console.log
      [Button] Rendering with type: submit

      at log (src/components/ui/Button.tsx:25:13)

    console.log
      [Button] Props received: {
        variant: 'primary',
        size: 'lg',
        type: 'submit',
        loading: false,
        disabled: false
      }

      at log (src/components/ui/Button.tsx:26:13)

    console.log
      [Button] Has onClick in props: false

      at log (src/components/ui/Button.tsx:27:13)

    console.log
      [Button] All props: {}

      at log (src/components/ui/Button.tsx:28:13)

    console.log
      [Button] Rendering with type: submit

      at log (src/components/ui/Button.tsx:25:13)

    console.log
      [Button] Props received: {
        variant: 'primary',
        size: 'lg',
        type: 'submit',
        loading: false,
        disabled: false
      }

      at log (src/components/ui/Button.tsx:26:13)

    console.log
      [Button] Has onClick in props: false

      at log (src/components/ui/Button.tsx:27:13)

    console.log
      [Button] All props: {}

      at log (src/components/ui/Button.tsx:28:13)

    console.log
      [Button] Rendering with type: submit

      at log (src/components/ui/Button.tsx:25:13)

    console.log
      [Button] Props received: {
        variant: 'primary',
        size: 'lg',
        type: 'submit',
        loading: false,
        disabled: false
      }

      at log (src/components/ui/Button.tsx:26:13)

    console.log
      [Button] Has onClick in props: false

      at log (src/components/ui/Button.tsx:27:13)

    console.log
      [Button] All props: {}

      at log (src/components/ui/Button.tsx:28:13)

    console.log
      [Button] Rendering with type: submit

      at log (src/components/ui/Button.tsx:25:13)

    console.log
      [Button] Props received: {
        variant: 'primary',
        size: 'lg',
        type: 'submit',
        loading: false,
        disabled: false
      }

      at log (src/components/ui/Button.tsx:26:13)

    console.log
      [Button] Has onClick in props: false

      at log (src/components/ui/Button.tsx:27:13)

    console.log
      [Button] All props: {}

      at log (src/components/ui/Button.tsx:28:13)

    console.log
      [Button] Rendering with type: submit

      at log (src/components/ui/Button.tsx:25:13)

    console.log
      [Button] Props received: {
        variant: 'primary',
        size: 'lg',
        type: 'submit',
        loading: false,
        disabled: false
      }

      at log (src/components/ui/Button.tsx:26:13)

    console.log
      [Button] Has onClick in props: false

      at log (src/components/ui/Button.tsx:27:13)

    console.log
      [Button] All props: {}

      at log (src/components/ui/Button.tsx:28:13)

    console.log
      [Button] Rendering with type: submit

      at log (src/components/ui/Button.tsx:25:13)

    console.log
      [Button] Props received: {
        variant: 'primary',
        size: 'lg',
        type: 'submit',
        loading: false,
        disabled: false
      }

      at log (src/components/ui/Button.tsx:26:13)

    console.log
      [Button] Has onClick in props: false

      at log (src/components/ui/Button.tsx:27:13)

    console.log
      [Button] All props: {}

      at log (src/components/ui/Button.tsx:28:13)

    console.log
      [Button] Rendering with type: submit

      at log (src/components/ui/Button.tsx:25:13)

    console.log
      [Button] Props received: {
        variant: 'primary',
        size: 'lg',
        type: 'submit',
        loading: false,
        disabled: false
      }

      at log (src/components/ui/Button.tsx:26:13)

    console.log
      [Button] Has onClick in props: false

      at log (src/components/ui/Button.tsx:27:13)

    console.log
      [Button] All props: {}

      at log (src/components/ui/Button.tsx:28:13)

    console.log
      [Button] Rendering with type: submit

      at log (src/components/ui/Button.tsx:25:13)

    console.log
      [Button] Props received: {
        variant: 'primary',
        size: 'lg',
        type: 'submit',
        loading: false,
        disabled: false
      }

      at log (src/components/ui/Button.tsx:26:13)

    console.log
      [Button] Has onClick in props: false

      at log (src/components/ui/Button.tsx:27:13)

    console.log
      [Button] All props: {}

      at log (src/components/ui/Button.tsx:28:13)

    console.log
      [Button] Rendering with type: submit

      at log (src/components/ui/Button.tsx:25:13)

    console.log
      [Button] Props received: {
        variant: 'primary',
        size: 'lg',
        type: 'submit',
        loading: false,
        disabled: false
      }

      at log (src/components/ui/Button.tsx:26:13)

    console.log
      [Button] Has onClick in props: false

      at log (src/components/ui/Button.tsx:27:13)

    console.log
      [Button] All props: {}

      at log (src/components/ui/Button.tsx:28:13)

    console.log
      [Button] Rendering with type: submit

      at log (src/components/ui/Button.tsx:25:13)

    console.log
      [Button] Props received: {
        variant: 'primary',
        size: 'lg',
        type: 'submit',
        loading: false,
        disabled: false
      }

      at log (src/components/ui/Button.tsx:26:13)

    console.log
      [Button] Has onClick in props: false

      at log (src/components/ui/Button.tsx:27:13)

    console.log
      [Button] All props: {}

      at log (src/components/ui/Button.tsx:28:13)

    console.log
      [Button] Rendering with type: submit

      at log (src/components/ui/Button.tsx:25:13)

    console.log
      [Button] Props received: {
        variant: 'primary',
        size: 'lg',
        type: 'submit',
        loading: false,
        disabled: false
      }

      at log (src/components/ui/Button.tsx:26:13)

    console.log
      [Button] Has onClick in props: false

      at log (src/components/ui/Button.tsx:27:13)

    console.log
      [Button] All props: {}

      at log (src/components/ui/Button.tsx:28:13)

    console.log
      [Button] Rendering with type: submit

      at log (src/components/ui/Button.tsx:25:13)

    console.log
      [Button] Props received: {
        variant: 'primary',
        size: 'lg',
        type: 'submit',
        loading: false,
        disabled: false
      }

      at log (src/components/ui/Button.tsx:26:13)

    console.log
      [Button] Has onClick in props: false

      at log (src/components/ui/Button.tsx:27:13)

    console.log
      [Button] All props: {}

      at log (src/components/ui/Button.tsx:28:13)

    console.log
      [Button] Rendering with type: submit

      at log (src/components/ui/Button.tsx:25:13)

    console.log
      [Button] Props received: {
        variant: 'primary',
        size: 'lg',
        type: 'submit',
        loading: false,
        disabled: false
      }

      at log (src/components/ui/Button.tsx:26:13)

    console.log
      [Button] Has onClick in props: false

      at log (src/components/ui/Button.tsx:27:13)

    console.log
      [Button] All props: {}

      at log (src/components/ui/Button.tsx:28:13)

    console.log
      [Button] Rendering with type: submit

      at log (src/components/ui/Button.tsx:25:13)

    console.log
      [Button] Props received: {
        variant: 'primary',
        size: 'lg',
        type: 'submit',
        loading: false,
        disabled: false
      }

      at log (src/components/ui/Button.tsx:26:13)

    console.log
      [Button] Has onClick in props: false

      at log (src/components/ui/Button.tsx:27:13)

    console.log
      [Button] All props: {}

      at log (src/components/ui/Button.tsx:28:13)

    console.log
      [Button] Rendering with type: submit

      at log (src/components/ui/Button.tsx:25:13)

    console.log
      [Button] Props received: {
        variant: 'primary',
        size: 'lg',
        type: 'submit',
        loading: false,
        disabled: false
      }

      at log (src/components/ui/Button.tsx:26:13)

    console.log
      [Button] Has onClick in props: false

      at log (src/components/ui/Button.tsx:27:13)

    console.log
      [Button] All props: {}

      at log (src/components/ui/Button.tsx:28:13)

    console.log
      [Button] Rendering with type: submit

      at log (src/components/ui/Button.tsx:25:13)

    console.log
      [Button] Props received: {
        variant: 'primary',
        size: 'lg',
        type: 'submit',
        loading: false,
        disabled: false
      }

      at log (src/components/ui/Button.tsx:26:13)

    console.log
      [Button] Has onClick in props: false

      at log (src/components/ui/Button.tsx:27:13)

    console.log
      [Button] All props: {}

      at log (src/components/ui/Button.tsx:28:13)

    console.log
      [Button] Rendering with type: submit

      at log (src/components/ui/Button.tsx:25:13)

    console.log
      [Button] Props received: {
        variant: 'primary',
        size: 'lg',
        type: 'submit',
        loading: false,
        disabled: false
      }

      at log (src/components/ui/Button.tsx:26:13)

    console.log
      [Button] Has onClick in props: false

      at log (src/components/ui/Button.tsx:27:13)

    console.log
      [Button] All props: {}

      at log (src/components/ui/Button.tsx:28:13)

    console.log
      [Button] Rendering with type: submit

      at log (src/components/ui/Button.tsx:25:13)

    console.log
      [Button] Props received: {
        variant: 'primary',
        size: 'lg',
        type: 'submit',
        loading: false,
        disabled: false
      }

      at log (src/components/ui/Button.tsx:26:13)

    console.log
      [Button] Has onClick in props: false

      at log (src/components/ui/Button.tsx:27:13)

    console.log
      [Button] All props: {}

      at log (src/components/ui/Button.tsx:28:13)

    console.log
      [Button] Rendering with type: submit

      at log (src/components/ui/Button.tsx:25:13)

    console.log
      [Button] Props received: {
        variant: 'primary',
        size: 'lg',
        type: 'submit',
        loading: false,
        disabled: false
      }

      at log (src/components/ui/Button.tsx:26:13)

    console.log
      [Button] Has onClick in props: false

      at log (src/components/ui/Button.tsx:27:13)

    console.log
      [Button] All props: {}

      at log (src/components/ui/Button.tsx:28:13)

    console.log
      [Button] Rendering with type: submit

      at log (src/components/ui/Button.tsx:25:13)

    console.log
      [Button] Props received: {
        variant: 'primary',
        size: 'lg',
        type: 'submit',
        loading: true,
        disabled: true
      }

      at log (src/components/ui/Button.tsx:26:13)

    console.log
      [Button] Has onClick in props: false

      at log (src/components/ui/Button.tsx:27:13)

    console.log
      [Button] All props: {}

      at log (src/components/ui/Button.tsx:28:13)

    console.log
      [Button] Rendering with type: submit

      at log (src/components/ui/Button.tsx:25:13)

    console.log
      [Button] Props received: {
        variant: 'primary',
        size: 'lg',
        type: 'submit',
        loading: true,
        disabled: true
      }

      at log (src/components/ui/Button.tsx:26:13)

    console.log
      [Button] Has onClick in props: false

      at log (src/components/ui/Button.tsx:27:13)

    console.log
      [Button] All props: {}

      at log (src/components/ui/Button.tsx:28:13)

    console.log
      [Button] Rendering with type: submit

      at log (src/components/ui/Button.tsx:25:13)

    console.log
      [Button] Props received: {
        variant: 'primary',
        size: 'lg',
        type: 'submit',
        loading: false,
        disabled: false
      }

      at log (src/components/ui/Button.tsx:26:13)

    console.log
      [Button] Has onClick in props: false

      at log (src/components/ui/Button.tsx:27:13)

    console.log
      [Button] All props: {}

      at log (src/components/ui/Button.tsx:28:13)

    console.log
      [Button] Rendering with type: submit

      at log (src/components/ui/Button.tsx:25:13)

    console.log
      [Button] Props received: {
        variant: 'primary',
        size: 'lg',
        type: 'submit',
        loading: false,
        disabled: false
      }

      at log (src/components/ui/Button.tsx:26:13)

    console.log
      [Button] Has onClick in props: false

      at log (src/components/ui/Button.tsx:27:13)

    console.log
      [Button] All props: {}

      at log (src/components/ui/Button.tsx:28:13)

    console.log
      [Button] Rendering with type: submit

      at log (src/components/ui/Button.tsx:25:13)

    console.log
      [Button] Props received: {
        variant: 'primary',
        size: 'lg',
        type: 'submit',
        loading: false,
        disabled: true
      }

      at log (src/components/ui/Button.tsx:26:13)

    console.log
      [Button] Has onClick in props: false

      at log (src/components/ui/Button.tsx:27:13)

    console.log
      [Button] All props: {}

      at log (src/components/ui/Button.tsx:28:13)

    console.log
      [Button] Rendering with type: submit

      at log (src/components/ui/Button.tsx:25:13)

    console.log
      [Button] Props received: {
        variant: 'primary',
        size: 'lg',
        type: 'submit',
        loading: true,
        disabled: true
      }

      at log (src/components/ui/Button.tsx:26:13)

    console.log
      [Button] Has onClick in props: false

      at log (src/components/ui/Button.tsx:27:13)

    console.log
      [Button] All props: {}

      at log (src/components/ui/Button.tsx:28:13)

    console.log
      [Button] Rendering with type: submit

      at log (src/components/ui/Button.tsx:25:13)

    console.log
      [Button] Props received: {
        variant: 'primary',
        size: 'lg',
        type: 'submit',
        loading: false,
        disabled: true
      }

      at log (src/components/ui/Button.tsx:26:13)

    console.log
      [Button] Has onClick in props: false

      at log (src/components/ui/Button.tsx:27:13)

    console.log
      [Button] All props: {}

      at log (src/components/ui/Button.tsx:28:13)

    console.log
      [Button] Rendering with type: submit

      at log (src/components/ui/Button.tsx:25:13)

    console.log
      [Button] Props received: {
        variant: 'primary',
        size: 'lg',
        type: 'submit',
        loading: true,
        disabled: true
      }

      at log (src/components/ui/Button.tsx:26:13)

    console.log
      [Button] Has onClick in props: false

      at log (src/components/ui/Button.tsx:27:13)

    console.log
      [Button] All props: {}

      at log (src/components/ui/Button.tsx:28:13)

    console.log
      [Button] Rendering with type: submit

      at log (src/components/ui/Button.tsx:25:13)

    console.log
      [Button] Props received: {
        variant: 'primary',
        size: 'lg',
        type: 'submit',
        loading: true,
        disabled: true
      }

      at log (src/components/ui/Button.tsx:26:13)

    console.log
      [Button] Has onClick in props: false

      at log (src/components/ui/Button.tsx:27:13)

    console.log
      [Button] All props: {}

      at log (src/components/ui/Button.tsx:28:13)

    console.log
      [Button] Rendering with type: submit

      at log (src/components/ui/Button.tsx:25:13)

    console.log
      [Button] Props received: {
        variant: 'primary',
        size: 'lg',
        type: 'submit',
        loading: false,
        disabled: true
      }

      at log (src/components/ui/Button.tsx:26:13)

    console.log
      [Button] Has onClick in props: false

      at log (src/components/ui/Button.tsx:27:13)

    console.log
      [Button] All props: {}

      at log (src/components/ui/Button.tsx:28:13)

    console.log
      [Button] Rendering with type: submit

      at log (src/components/ui/Button.tsx:25:13)

    console.log
      [Button] Props received: {
        variant: 'primary',
        size: 'lg',
        type: 'submit',
        loading: false,
        disabled: false
      }

      at log (src/components/ui/Button.tsx:26:13)

    console.log
      [Button] Has onClick in props: false

      at log (src/components/ui/Button.tsx:27:13)

    console.log
      [Button] All props: {}

      at log (src/components/ui/Button.tsx:28:13)

    console.log
      [Button] Rendering with type: submit

      at log (src/components/ui/Button.tsx:25:13)

    console.log
      [Button] Props received: {
        variant: 'primary',
        size: 'lg',
        type: 'submit',
        loading: false,
        disabled: true
      }

      at log (src/components/ui/Button.tsx:26:13)

    console.log
      [Button] Has onClick in props: false

      at log (src/components/ui/Button.tsx:27:13)

    console.log
      [Button] All props: {}

      at log (src/components/ui/Button.tsx:28:13)

    console.log
      [Button] Rendering with type: submit

      at log (src/components/ui/Button.tsx:25:13)

    console.log
      [Button] Props received: {
        variant: 'primary',
        size: 'lg',
        type: 'submit',
        loading: true,
        disabled: true
      }

      at log (src/components/ui/Button.tsx:26:13)

    console.log
      [Button] Has onClick in props: false

      at log (src/components/ui/Button.tsx:27:13)

    console.log
      [Button] All props: {}

      at log (src/components/ui/Button.tsx:28:13)

    console.log
      [Button] Rendering with type: submit

      at log (src/components/ui/Button.tsx:25:13)

    console.log
      [Button] Props received: {
        variant: 'primary',
        size: 'lg',
        type: 'submit',
        loading: true,
        disabled: true
      }

      at log (src/components/ui/Button.tsx:26:13)

    console.log
      [Button] Has onClick in props: false

      at log (src/components/ui/Button.tsx:27:13)

    console.log
      [Button] All props: {}

      at log (src/components/ui/Button.tsx:28:13)

    console.log
      [Button] Rendering with type: submit

      at log (src/components/ui/Button.tsx:25:13)

    console.log
      [Button] Props received: {
        variant: 'primary',
        size: 'lg',
        type: 'submit',
        loading: false,
        disabled: true
      }

      at log (src/components/ui/Button.tsx:26:13)

    console.log
      [Button] Has onClick in props: false

      at log (src/components/ui/Button.tsx:27:13)

    console.log
      [Button] All props: {}

      at log (src/components/ui/Button.tsx:28:13)

    console.log
      [Button] Rendering with type: submit

      at log (src/components/ui/Button.tsx:25:13)

    console.log
      [Button] Props received: {
        variant: 'primary',
        size: 'lg',
        type: 'submit',
        loading: true,
        disabled: true
      }

      at log (src/components/ui/Button.tsx:26:13)

    console.log
      [Button] Has onClick in props: false

      at log (src/components/ui/Button.tsx:27:13)

    console.log
      [Button] All props: {}

      at log (src/components/ui/Button.tsx:28:13)

    console.log
      [Button] Rendering with type: submit

      at log (src/components/ui/Button.tsx:25:13)

    console.log
      [Button] Props received: {
        variant: 'primary',
        size: 'lg',
        type: 'submit',
        loading: false,
        disabled: false
      }

      at log (src/components/ui/Button.tsx:26:13)

    console.log
      [Button] Has onClick in props: false

      at log (src/components/ui/Button.tsx:27:13)

    console.log
      [Button] All props: {}

      at log (src/components/ui/Button.tsx:28:13)

    console.log
      [Button] Rendering with type: submit

      at log (src/components/ui/Button.tsx:25:13)

    console.log
      [Button] Props received: {
        variant: 'primary',
        size: 'lg',
        type: 'submit',
        loading: false,
        disabled: true
      }

      at log (src/components/ui/Button.tsx:26:13)

    console.log
      [Button] Has onClick in props: false

      at log (src/components/ui/Button.tsx:27:13)

    console.log
      [Button] All props: {}

      at log (src/components/ui/Button.tsx:28:13)

    console.log
      [Button] Rendering with type: submit

      at log (src/components/ui/Button.tsx:25:13)

    console.log
      [Button] Props received: {
        variant: 'primary',
        size: 'lg',
        type: 'submit',
        loading: true,
        disabled: true
      }

      at log (src/components/ui/Button.tsx:26:13)

    console.log
      [Button] Has onClick in props: false

      at log (src/components/ui/Button.tsx:27:13)

    console.log
      [Button] All props: {}

      at log (src/components/ui/Button.tsx:28:13)

    console.log
      [Button] Rendering with type: submit

      at log (src/components/ui/Button.tsx:25:13)

    console.log
      [Button] Props received: {
        variant: 'primary',
        size: 'lg',
        type: 'submit',
        loading: true,
        disabled: true
      }

      at log (src/components/ui/Button.tsx:26:13)

    console.log
      [Button] Has onClick in props: false

      at log (src/components/ui/Button.tsx:27:13)

    console.log
      [Button] All props: {}

      at log (src/components/ui/Button.tsx:28:13)

    console.log
      [Button] Rendering with type: submit

      at log (src/components/ui/Button.tsx:25:13)

    console.log
      [Button] Props received: {
        variant: 'primary',
        size: 'lg',
        type: 'submit',
        loading: true,
        disabled: true
      }

      at log (src/components/ui/Button.tsx:26:13)

    console.log
      [Button] Has onClick in props: false

      at log (src/components/ui/Button.tsx:27:13)

    console.log
      [Button] All props: {}

      at log (src/components/ui/Button.tsx:28:13)

    console.log
      [Button] Rendering with type: submit

      at log (src/components/ui/Button.tsx:25:13)

    console.log
      [Button] Props received: {
        variant: 'primary',
        size: 'lg',
        type: 'submit',
        loading: true,
        disabled: true
      }

      at log (src/components/ui/Button.tsx:26:13)

    console.log
      [Button] Has onClick in props: false

      at log (src/components/ui/Button.tsx:27:13)

    console.log
      [Button] All props: {}

      at log (src/components/ui/Button.tsx:28:13)

    console.log
      [Button] Rendering with type: submit

      at log (src/components/ui/Button.tsx:25:13)

    console.log
      [Button] Props received: {
        variant: 'primary',
        size: 'lg',
        type: 'submit',
        loading: false,
        disabled: true
      }

      at log (src/components/ui/Button.tsx:26:13)

    console.log
      [Button] Has onClick in props: false

      at log (src/components/ui/Button.tsx:27:13)

    console.log
      [Button] All props: {}

      at log (src/components/ui/Button.tsx:28:13)

    console.log
      [Button] Rendering with type: submit

      at log (src/components/ui/Button.tsx:25:13)

    console.log
      [Button] Props received: {
        variant: 'primary',
        size: 'lg',
        type: 'submit',
        loading: false,
        disabled: false
      }

      at log (src/components/ui/Button.tsx:26:13)

    console.log
      [Button] Has onClick in props: false

      at log (src/components/ui/Button.tsx:27:13)

    console.log
      [Button] All props: {}

      at log (src/components/ui/Button.tsx:28:13)

    console.log
      [Button] Rendering with type: submit

      at log (src/components/ui/Button.tsx:25:13)

    console.log
      [Button] Props received: {
        variant: 'primary',
        size: 'lg',
        type: 'submit',
        loading: false,
        disabled: true
      }

      at log (src/components/ui/Button.tsx:26:13)

    console.log
      [Button] Has onClick in props: false

      at log (src/components/ui/Button.tsx:27:13)

    console.log
      [Button] All props: {}

      at log (src/components/ui/Button.tsx:28:13)

    console.log
      [Button] Rendering with type: submit

      at log (src/components/ui/Button.tsx:25:13)

    console.log
      [Button] Props received: {
        variant: 'primary',
        size: 'lg',
        type: 'submit',
        loading: true,
        disabled: true
      }

      at log (src/components/ui/Button.tsx:26:13)

    console.log
      [Button] Has onClick in props: false

      at log (src/components/ui/Button.tsx:27:13)

    console.log
      [Button] All props: {}

      at log (src/components/ui/Button.tsx:28:13)

    console.log
      [Button] Rendering with type: submit

      at log (src/components/ui/Button.tsx:25:13)

    console.log
      [Button] Props received: {
        variant: 'primary',
        size: 'lg',
        type: 'submit',
        loading: false,
        disabled: true
      }

      at log (src/components/ui/Button.tsx:26:13)

    console.log
      [Button] Has onClick in props: false

      at log (src/components/ui/Button.tsx:27:13)

    console.log
      [Button] All props: {}

      at log (src/components/ui/Button.tsx:28:13)

    console.log
      [Button] Rendering with type: submit

      at log (src/components/ui/Button.tsx:25:13)

    console.log
      [Button] Props received: {
        variant: 'primary',
        size: 'lg',
        type: 'submit',
        loading: true,
        disabled: true
      }

      at log (src/components/ui/Button.tsx:26:13)

    console.log
      [Button] Has onClick in props: false

      at log (src/components/ui/Button.tsx:27:13)

    console.log
      [Button] All props: {}

      at log (src/components/ui/Button.tsx:28:13)

    console.log
      [Button] Rendering with type: submit

      at log (src/components/ui/Button.tsx:25:13)

    console.log
      [Button] Props received: {
        variant: 'primary',
        size: 'lg',
        type: 'submit',
        loading: true,
        disabled: true
      }

      at log (src/components/ui/Button.tsx:26:13)

    console.log
      [Button] Has onClick in props: false

      at log (src/components/ui/Button.tsx:27:13)

    console.log
      [Button] All props: {}

      at log (src/components/ui/Button.tsx:28:13)

    console.log
      [Button] Rendering with type: submit

      at log (src/components/ui/Button.tsx:25:13)

    console.log
      [Button] Props received: {
        variant: 'primary',
        size: 'lg',
        type: 'submit',
        loading: false,
        disabled: false
      }

      at log (src/components/ui/Button.tsx:26:13)

    console.log
      [Button] Has onClick in props: false

      at log (src/components/ui/Button.tsx:27:13)

    console.log
      [Button] All props: {}

      at log (src/components/ui/Button.tsx:28:13)

    console.log
      [Button] Rendering with type: submit

      at log (src/components/ui/Button.tsx:25:13)

    console.log
      [Button] Props received: {
        variant: 'primary',
        size: 'lg',
        type: 'submit',
        loading: false,
        disabled: false
      }

      at log (src/components/ui/Button.tsx:26:13)

    console.log
      [Button] Has onClick in props: false

      at log (src/components/ui/Button.tsx:27:13)

    console.log
      [Button] All props: {}

      at log (src/components/ui/Button.tsx:28:13)

    console.log
      [Button] Rendering with type: submit

      at log (src/components/ui/Button.tsx:25:13)

    console.log
      [Button] Props received: {
        variant: 'primary',
        size: 'lg',
        type: 'submit',
        loading: true,
        disabled: true
      }

      at log (src/components/ui/Button.tsx:26:13)

    console.log
      [Button] Has onClick in props: false

      at log (src/components/ui/Button.tsx:27:13)

    console.log
      [Button] All props: {}

      at log (src/components/ui/Button.tsx:28:13)

    console.log
      [Button] Rendering with type: submit

      at log (src/components/ui/Button.tsx:25:13)

    console.log
      [Button] Props received: {
        variant: 'primary',
        size: 'lg',
        type: 'submit',
        loading: true,
        disabled: true
      }

      at log (src/components/ui/Button.tsx:26:13)

    console.log
      [Button] Has onClick in props: false

      at log (src/components/ui/Button.tsx:27:13)

    console.log
      [Button] All props: {}

      at log (src/components/ui/Button.tsx:28:13)

    console.log
      [Button] Rendering with type: submit

      at log (src/components/ui/Button.tsx:25:13)

    console.log
      [Button] Props received: {
        variant: 'primary',
        size: 'lg',
        type: 'submit',
        loading: true,
        disabled: true
      }

      at log (src/components/ui/Button.tsx:26:13)

    console.log
      [Button] Has onClick in props: false

      at log (src/components/ui/Button.tsx:27:13)

    console.log
      [Button] All props: {}

      at log (src/components/ui/Button.tsx:28:13)

    console.log
      [Button] Rendering with type: submit

      at log (src/components/ui/Button.tsx:25:13)

    console.log
      [Button] Props received: {
        variant: 'primary',
        size: 'lg',
        type: 'submit',
        loading: false,
        disabled: true
      }

      at log (src/components/ui/Button.tsx:26:13)

    console.log
      [Button] Has onClick in props: false

      at log (src/components/ui/Button.tsx:27:13)

    console.log
      [Button] All props: {}

      at log (src/components/ui/Button.tsx:28:13)

    console.log
      [Button] Rendering with type: submit

      at log (src/components/ui/Button.tsx:25:13)

    console.log
      [Button] Props received: {
        variant: 'primary',
        size: 'lg',
        type: 'submit',
        loading: false,
        disabled: true
      }

      at log (src/components/ui/Button.tsx:26:13)

    console.log
      [Button] Has onClick in props: false

      at log (src/components/ui/Button.tsx:27:13)

    console.log
      [Button] All props: {}

      at log (src/components/ui/Button.tsx:28:13)

    console.log
      [Button] Rendering with type: submit

      at log (src/components/ui/Button.tsx:25:13)

    console.log
      [Button] Props received: {
        variant: 'primary',
        size: 'lg',
        type: 'submit',
        loading: true,
        disabled: true
      }

      at log (src/components/ui/Button.tsx:26:13)

    console.log
      [Button] Has onClick in props: false

      at log (src/components/ui/Button.tsx:27:13)

    console.log
      [Button] All props: {}

      at log (src/components/ui/Button.tsx:28:13)

    console.log
      [Button] Rendering with type: submit

      at log (src/components/ui/Button.tsx:25:13)

    console.log
      [Button] Props received: {
        variant: 'primary',
        size: 'lg',
        type: 'submit',
        loading: false,
        disabled: false
      }

      at log (src/components/ui/Button.tsx:26:13)

    console.log
      [Button] Has onClick in props: false

      at log (src/components/ui/Button.tsx:27:13)

    console.log
      [Button] All props: {}

      at log (src/components/ui/Button.tsx:28:13)

    console.log
      [Button] Rendering with type: submit

      at log (src/components/ui/Button.tsx:25:13)

    console.log
      [Button] Props received: {
        variant: 'primary',
        size: 'lg',
        type: 'submit',
        loading: false,
        disabled: true
      }

      at log (src/components/ui/Button.tsx:26:13)

    console.log
      [Button] Has onClick in props: false

      at log (src/components/ui/Button.tsx:27:13)

    console.log
      [Button] All props: {}

      at log (src/components/ui/Button.tsx:28:13)

    console.log
      [Button] Rendering with type: submit

      at log (src/components/ui/Button.tsx:25:13)

    console.log
      [Button] Props received: {
        variant: 'primary',
        size: 'lg',
        type: 'submit',
        loading: true,
        disabled: true
      }

      at log (src/components/ui/Button.tsx:26:13)

    console.log
      [Button] Has onClick in props: false

      at log (src/components/ui/Button.tsx:27:13)

    console.log
      [Button] All props: {}

      at log (src/components/ui/Button.tsx:28:13)

    console.log
      [Button] Rendering with type: submit

      at log (src/components/ui/Button.tsx:25:13)

    console.log
      [Button] Props received: {
        variant: 'primary',
        size: 'lg',
        type: 'submit',
        loading: false,
        disabled: false
      }

      at log (src/components/ui/Button.tsx:26:13)

    console.log
      [Button] Has onClick in props: false

      at log (src/components/ui/Button.tsx:27:13)

    console.log
      [Button] All props: {}

      at log (src/components/ui/Button.tsx:28:13)

    console.log
      [Button] Rendering with type: submit

      at log (src/components/ui/Button.tsx:25:13)

    console.log
      [Button] Props received: {
        variant: 'primary',
        size: 'lg',
        type: 'submit',
        loading: false,
        disabled: false
      }

      at log (src/components/ui/Button.tsx:26:13)

    console.log
      [Button] Has onClick in props: false

      at log (src/components/ui/Button.tsx:27:13)

    console.log
      [Button] All props: {}

      at log (src/components/ui/Button.tsx:28:13)

    console.log
      [Button] Rendering with type: submit

      at log (src/components/ui/Button.tsx:25:13)

    console.log
      [Button] Props received: {
        variant: 'primary',
        size: 'lg',
        type: 'submit',
        loading: true,
        disabled: true
      }

      at log (src/components/ui/Button.tsx:26:13)

    console.log
      [Button] Has onClick in props: false

      at log (src/components/ui/Button.tsx:27:13)

    console.log
      [Button] All props: {}

      at log (src/components/ui/Button.tsx:28:13)

    console.log
      [Button] Rendering with type: submit

      at log (src/components/ui/Button.tsx:25:13)

    console.log
      [Button] Props received: {
        variant: 'primary',
        size: 'lg',
        type: 'submit',
        loading: true,
        disabled: true
      }

      at log (src/components/ui/Button.tsx:26:13)

    console.log
      [Button] Has onClick in props: false

      at log (src/components/ui/Button.tsx:27:13)

    console.log
      [Button] All props: {}

      at log (src/components/ui/Button.tsx:28:13)

    console.log
      [Button] Rendering with type: submit

      at log (src/components/ui/Button.tsx:25:13)

    console.log
      [Button] Props received: {
        variant: 'primary',
        size: 'lg',
        type: 'submit',
        loading: true,
        disabled: true
      }

      at log (src/components/ui/Button.tsx:26:13)

    console.log
      [Button] Has onClick in props: false

      at log (src/components/ui/Button.tsx:27:13)

    console.log
      [Button] All props: {}

      at log (src/components/ui/Button.tsx:28:13)

    console.log
      [Button] Rendering with type: submit

      at log (src/components/ui/Button.tsx:25:13)

    console.log
      [Button] Props received: {
        variant: 'primary',
        size: 'lg',
        type: 'submit',
        loading: false,
        disabled: true
      }

      at log (src/components/ui/Button.tsx:26:13)

    console.log
      [Button] Has onClick in props: false

      at log (src/components/ui/Button.tsx:27:13)

    console.log
      [Button] All props: {}

      at log (src/components/ui/Button.tsx:28:13)

    console.log
      [Button] Rendering with type: submit

      at log (src/components/ui/Button.tsx:25:13)

    console.log
      [Button] Props received: {
        variant: 'primary',
        size: 'lg',
        type: 'submit',
        loading: true,
        disabled: true
      }

      at log (src/components/ui/Button.tsx:26:13)

    console.log
      [Button] Has onClick in props: false

      at log (src/components/ui/Button.tsx:27:13)

    console.log
      [Button] All props: {}

      at log (src/components/ui/Button.tsx:28:13)

    console.log
      [Button] Rendering with type: submit

      at log (src/components/ui/Button.tsx:25:13)

    console.log
      [Button] Props received: {
        variant: 'primary',
        size: 'lg',
        type: 'submit',
        loading: true,
        disabled: true
      }

      at log (src/components/ui/Button.tsx:26:13)

    console.log
      [Button] Has onClick in props: false

      at log (src/components/ui/Button.tsx:27:13)

    console.log
      [Button] All props: {}

      at log (src/components/ui/Button.tsx:28:13)

    console.log
      [Button] Rendering with type: submit

      at log (src/components/ui/Button.tsx:25:13)

    console.log
      [Button] Props received: {
        variant: 'primary',
        size: 'lg',
        type: 'submit',
        loading: false,
        disabled: false
      }

      at log (src/components/ui/Button.tsx:26:13)

    console.log
      [Button] Has onClick in props: false

      at log (src/components/ui/Button.tsx:27:13)

    console.log
      [Button] All props: {}

      at log (src/components/ui/Button.tsx:28:13)

    console.log
      [Button] Rendering with type: submit

      at log (src/components/ui/Button.tsx:25:13)

    console.log
      [Button] Props received: {
        variant: 'primary',
        size: 'lg',
        type: 'submit',
        loading: true,
        disabled: true
      }

      at log (src/components/ui/Button.tsx:26:13)

    console.log
      [Button] Has onClick in props: false

      at log (src/components/ui/Button.tsx:27:13)

    console.log
      [Button] All props: {}

      at log (src/components/ui/Button.tsx:28:13)

    console.log
      [Button] Rendering with type: submit

      at log (src/components/ui/Button.tsx:25:13)

    console.log
      [Button] Props received: {
        variant: 'primary',
        size: 'lg',
        type: 'submit',
        loading: false,
        disabled: true
      }

      at log (src/components/ui/Button.tsx:26:13)

    console.log
      [Button] Has onClick in props: false

      at log (src/components/ui/Button.tsx:27:13)

    console.log
      [Button] All props: {}

      at log (src/components/ui/Button.tsx:28:13)

    console.log
      [Button] Rendering with type: submit

      at log (src/components/ui/Button.tsx:25:13)

    console.log
      [Button] Props received: {
        variant: 'primary',
        size: 'lg',
        type: 'submit',
        loading: true,
        disabled: true
      }

      at log (src/components/ui/Button.tsx:26:13)

    console.log
      [Button] Has onClick in props: false

      at log (src/components/ui/Button.tsx:27:13)

    console.log
      [Button] All props: {}

      at log (src/components/ui/Button.tsx:28:13)

    console.log
      [Button] Rendering with type: submit

      at log (src/components/ui/Button.tsx:25:13)

    console.log
      [Button] Props received: {
        variant: 'primary',
        size: 'lg',
        type: 'submit',
        loading: false,
        disabled: false
      }

      at log (src/components/ui/Button.tsx:26:13)

    console.log
      [Button] Has onClick in props: false

      at log (src/components/ui/Button.tsx:27:13)

    console.log
      [Button] All props: {}

      at log (src/components/ui/Button.tsx:28:13)

    console.log
      [Button] Rendering with type: submit

      at log (src/components/ui/Button.tsx:25:13)

    console.log
      [Button] Props received: {
        variant: 'primary',
        size: 'lg',
        type: 'submit',
        loading: false,
        disabled: false
      }

      at log (src/components/ui/Button.tsx:26:13)

    console.log
      [Button] Has onClick in props: false

      at log (src/components/ui/Button.tsx:27:13)

    console.log
      [Button] All props: {}

      at log (src/components/ui/Button.tsx:28:13)

    console.log
      [Button] Rendering with type: submit

      at log (src/components/ui/Button.tsx:25:13)

    console.log
      [Button] Props received: {
        variant: 'primary',
        size: 'lg',
        type: 'submit',
        loading: false,
        disabled: false
      }

      at log (src/components/ui/Button.tsx:26:13)

    console.log
      [Button] Has onClick in props: false

      at log (src/components/ui/Button.tsx:27:13)

    console.log
      [Button] All props: {}

      at log (src/components/ui/Button.tsx:28:13)

    console.log
      [Button] Rendering with type: submit

      at log (src/components/ui/Button.tsx:25:13)

    console.log
      [Button] Props received: {
        variant: 'primary',
        size: 'lg',
        type: 'submit',
        loading: true,
        disabled: true
      }

      at log (src/components/ui/Button.tsx:26:13)

    console.log
      [Button] Has onClick in props: false

      at log (src/components/ui/Button.tsx:27:13)

    console.log
      [Button] All props: {}

      at log (src/components/ui/Button.tsx:28:13)

    console.log
      [Button] Rendering with type: submit

      at log (src/components/ui/Button.tsx:25:13)

    console.log
      [Button] Props received: {
        variant: 'primary',
        size: 'lg',
        type: 'submit',
        loading: false,
        disabled: true
      }

      at log (src/components/ui/Button.tsx:26:13)

    console.log
      [Button] Has onClick in props: false

      at log (src/components/ui/Button.tsx:27:13)

    console.log
      [Button] All props: {}

      at log (src/components/ui/Button.tsx:28:13)

    console.log
      [Button] Rendering with type: submit

      at log (src/components/ui/Button.tsx:25:13)

    console.log
      [Button] Props received: {
        variant: 'primary',
        size: 'lg',
        type: 'submit',
        loading: true,
        disabled: true
      }

      at log (src/components/ui/Button.tsx:26:13)

    console.log
      [Button] Has onClick in props: false

      at log (src/components/ui/Button.tsx:27:13)

    console.log
      [Button] All props: {}

      at log (src/components/ui/Button.tsx:28:13)

    console.log
      [Button] Rendering with type: submit

      at log (src/components/ui/Button.tsx:25:13)

    console.log
      [Button] Props received: {
        variant: 'primary',
        size: 'lg',
        type: 'submit',
        loading: true,
        disabled: true
      }

      at log (src/components/ui/Button.tsx:26:13)

    console.log
      [Button] Has onClick in props: false

      at log (src/components/ui/Button.tsx:27:13)

    console.log
      [Button] All props: {}

      at log (src/components/ui/Button.tsx:28:13)

    console.log
      [Button] Rendering with type: submit

      at log (src/components/ui/Button.tsx:25:13)

    console.log
      [Button] Props received: {
        variant: 'primary',
        size: 'lg',
        type: 'submit',
        loading: false,
        disabled: true
      }

      at log (src/components/ui/Button.tsx:26:13)

    console.log
      [Button] Has onClick in props: false

      at log (src/components/ui/Button.tsx:27:13)

    console.log
      [Button] All props: {}

      at log (src/components/ui/Button.tsx:28:13)

    console.log
      [Button] Rendering with type: submit

      at log (src/components/ui/Button.tsx:25:13)

    console.log
      [Button] Props received: {
        variant: 'primary',
        size: 'lg',
        type: 'submit',
        loading: true,
        disabled: true
      }

      at log (src/components/ui/Button.tsx:26:13)

    console.log
      [Button] Has onClick in props: false

      at log (src/components/ui/Button.tsx:27:13)

    console.log
      [Button] All props: {}

      at log (src/components/ui/Button.tsx:28:13)

    console.log
      [Button] Rendering with type: submit

      at log (src/components/ui/Button.tsx:25:13)

    console.log
      [Button] Props received: {
        variant: 'primary',
        size: 'lg',
        type: 'submit',
        loading: true,
        disabled: true
      }

      at log (src/components/ui/Button.tsx:26:13)

    console.log
      [Button] Has onClick in props: false

      at log (src/components/ui/Button.tsx:27:13)

    console.log
      [Button] All props: {}

      at log (src/components/ui/Button.tsx:28:13)

    console.log
      [Button] Rendering with type: submit

      at log (src/components/ui/Button.tsx:25:13)

    console.log
      [Button] Props received: {
        variant: 'primary',
        size: 'lg',
        type: 'submit',
        loading: true,
        disabled: true
      }

      at log (src/components/ui/Button.tsx:26:13)

    console.log
      [Button] Has onClick in props: false

      at log (src/components/ui/Button.tsx:27:13)

    console.log
      [Button] All props: {}

      at log (src/components/ui/Button.tsx:28:13)

    console.log
      [Button] Rendering with type: submit

      at log (src/components/ui/Button.tsx:25:13)

    console.log
      [Button] Props received: {
        variant: 'primary',
        size: 'lg',
        type: 'submit',
        loading: true,
        disabled: true
      }

      at log (src/components/ui/Button.tsx:26:13)

    console.log
      [Button] Has onClick in props: false

      at log (src/components/ui/Button.tsx:27:13)

    console.log
      [Button] All props: {}

      at log (src/components/ui/Button.tsx:28:13)

    console.log
      [Button] Rendering with type: submit

      at log (src/components/ui/Button.tsx:25:13)

    console.log
      [Button] Props received: {
        variant: 'primary',
        size: 'lg',
        type: 'submit',
        loading: false,
        disabled: true
      }

      at log (src/components/ui/Button.tsx:26:13)

    console.log
      [Button] Has onClick in props: false

      at log (src/components/ui/Button.tsx:27:13)

    console.log
      [Button] All props: {}

      at log (src/components/ui/Button.tsx:28:13)

    console.log
      [Button] Rendering with type: submit

      at log (src/components/ui/Button.tsx:25:13)

    console.log
      [Button] Props received: {
        variant: 'primary',
        size: 'lg',
        type: 'submit',
        loading: false,
        disabled: false
      }

      at log (src/components/ui/Button.tsx:26:13)

    console.log
      [Button] Has onClick in props: false

      at log (src/components/ui/Button.tsx:27:13)

    console.log
      [Button] All props: {}

      at log (src/components/ui/Button.tsx:28:13)

    console.log
      [Button] Rendering with type: submit

      at log (src/components/ui/Button.tsx:25:13)

    console.log
      [Button] Props received: {
        variant: 'primary',
        size: 'lg',
        type: 'submit',
        loading: false,
        disabled: true
      }

      at log (src/components/ui/Button.tsx:26:13)

    console.log
      [Button] Has onClick in props: false

      at log (src/components/ui/Button.tsx:27:13)

    console.log
      [Button] All props: {}

      at log (src/components/ui/Button.tsx:28:13)

    console.log
      [Button] Rendering with type: submit

      at log (src/components/ui/Button.tsx:25:13)

    console.log
      [Button] Props received: {
        variant: 'primary',
        size: 'lg',
        type: 'submit',
        loading: true,
        disabled: true
      }

      at log (src/components/ui/Button.tsx:26:13)

    console.log
      [Button] Has onClick in props: false

      at log (src/components/ui/Button.tsx:27:13)

    console.log
      [Button] All props: {}

      at log (src/components/ui/Button.tsx:28:13)

    console.log
      [Button] Rendering with type: submit

      at log (src/components/ui/Button.tsx:25:13)

    console.log
      [Button] Props received: {
        variant: 'primary',
        size: 'lg',
        type: 'submit',
        loading: false,
        disabled: false
      }

      at log (src/components/ui/Button.tsx:26:13)

    console.log
      [Button] Has onClick in props: false

      at log (src/components/ui/Button.tsx:27:13)

    console.log
      [Button] All props: {}

      at log (src/components/ui/Button.tsx:28:13)

    console.log
      [Button] Rendering with type: submit

      at log (src/components/ui/Button.tsx:25:13)

    console.log
      [Button] Props received: {
        variant: 'primary',
        size: 'lg',
        type: 'submit',
        loading: false,
        disabled: true
      }

      at log (src/components/ui/Button.tsx:26:13)

    console.log
      [Button] Has onClick in props: false

      at log (src/components/ui/Button.tsx:27:13)

    console.log
      [Button] All props: {}

      at log (src/components/ui/Button.tsx:28:13)

    console.log
      [Button] Rendering with type: submit

      at log (src/components/ui/Button.tsx:25:13)

    console.log
      [Button] Props received: {
        variant: 'primary',
        size: 'lg',
        type: 'submit',
        loading: false,
        disabled: true
      }

      at log (src/components/ui/Button.tsx:26:13)

    console.log
      [Button] Has onClick in props: false

      at log (src/components/ui/Button.tsx:27:13)

    console.log
      [Button] All props: {}

      at log (src/components/ui/Button.tsx:28:13)

    console.log
      [Button] Rendering with type: submit

      at log (src/components/ui/Button.tsx:25:13)

    console.log
      [Button] Props received: {
        variant: 'primary',
        size: 'lg',
        type: 'submit',
        loading: false,
        disabled: true
      }

      at log (src/components/ui/Button.tsx:26:13)

    console.log
      [Button] Has onClick in props: false

      at log (src/components/ui/Button.tsx:27:13)

    console.log
      [Button] All props: {}

      at log (src/components/ui/Button.tsx:28:13)

    console.log
      [Button] Rendering with type: submit

      at log (src/components/ui/Button.tsx:25:13)

    console.log
      [Button] Props received: {
        variant: 'primary',
        size: 'lg',
        type: 'submit',
        loading: false,
        disabled: false
      }

      at log (src/components/ui/Button.tsx:26:13)

    console.log
      [Button] Has onClick in props: false

      at log (src/components/ui/Button.tsx:27:13)

    console.log
      [Button] All props: {}

      at log (src/components/ui/Button.tsx:28:13)

    console.log
      [Button] Rendering with type: submit

      at log (src/components/ui/Button.tsx:25:13)

    console.log
      [Button] Props received: {
        variant: 'primary',
        size: 'lg',
        type: 'submit',
        loading: false,
        disabled: false
      }

      at log (src/components/ui/Button.tsx:26:13)

    console.log
      [Button] Has onClick in props: false

      at log (src/components/ui/Button.tsx:27:13)

    console.log
      [Button] All props: {}

      at log (src/components/ui/Button.tsx:28:13)

    console.log
      [Button] Rendering with type: submit

      at log (src/components/ui/Button.tsx:25:13)

    console.log
      [Button] Props received: {
        variant: 'primary',
        size: 'lg',
        type: 'submit',
        loading: true,
        disabled: true
      }

      at log (src/components/ui/Button.tsx:26:13)

    console.log
      [Button] Has onClick in props: false

      at log (src/components/ui/Button.tsx:27:13)

    console.log
      [Button] All props: {}

      at log (src/components/ui/Button.tsx:28:13)

    console.log
      [Button] Rendering with type: submit

      at log (src/components/ui/Button.tsx:25:13)

    console.log
      [Button] Props received: {
        variant: 'primary',
        size: 'lg',
        type: 'submit',
        loading: false,
        disabled: false
      }

      at log (src/components/ui/Button.tsx:26:13)

    console.log
      [Button] Has onClick in props: false

      at log (src/components/ui/Button.tsx:27:13)

    console.log
      [Button] All props: {}

      at log (src/components/ui/Button.tsx:28:13)

    console.log
      [Button] Rendering with type: submit

      at log (src/components/ui/Button.tsx:25:13)

    console.log
      [Button] Props received: {
        variant: 'primary',
        size: 'lg',
        type: 'submit',
        loading: true,
        disabled: true
      }

      at log (src/components/ui/Button.tsx:26:13)

    console.log
      [Button] Has onClick in props: false

      at log (src/components/ui/Button.tsx:27:13)

    console.log
      [Button] All props: {}

      at log (src/components/ui/Button.tsx:28:13)

    console.log
      [Button] Rendering with type: submit

      at log (src/components/ui/Button.tsx:25:13)

    console.log
      [Button] Props received: {
        variant: 'primary',
        size: 'lg',
        type: 'submit',
        loading: true,
        disabled: true
      }

      at log (src/components/ui/Button.tsx:26:13)

    console.log
      [Button] Has onClick in props: false

      at log (src/components/ui/Button.tsx:27:13)

    console.log
      [Button] All props: {}

      at log (src/components/ui/Button.tsx:28:13)

    console.log
      [Button] Rendering with type: submit

      at log (src/components/ui/Button.tsx:25:13)

    console.log
      [Button] Props received: {
        variant: 'primary',
        size: 'lg',
        type: 'submit',
        loading: false,
        disabled: false
      }

      at log (src/components/ui/Button.tsx:26:13)

    console.log
      [Button] Has onClick in props: false

      at log (src/components/ui/Button.tsx:27:13)

    console.log
      [Button] All props: {}

      at log (src/components/ui/Button.tsx:28:13)

    console.log
      [Button] Rendering with type: submit

      at log (src/components/ui/Button.tsx:25:13)

    console.log
      [Button] Props received: {
        variant: 'primary',
        size: 'lg',
        type: 'submit',
        loading: false,
        disabled: false
      }

      at log (src/components/ui/Button.tsx:26:13)

    console.log
      [Button] Has onClick in props: false

      at log (src/components/ui/Button.tsx:27:13)

    console.log
      [Button] All props: {}

      at log (src/components/ui/Button.tsx:28:13)

    console.log
      [Button] Rendering with type: submit

      at log (src/components/ui/Button.tsx:25:13)

    console.log
      [Button] Props received: {
        variant: 'primary',
        size: 'lg',
        type: 'submit',
        loading: true,
        disabled: true
      }

      at log (src/components/ui/Button.tsx:26:13)

    console.log
      [Button] Has onClick in props: false

      at log (src/components/ui/Button.tsx:27:13)

    console.log
      [Button] All props: {}

      at log (src/components/ui/Button.tsx:28:13)

    console.log
      [Button] Rendering with type: submit

      at log (src/components/ui/Button.tsx:25:13)

    console.log
      [Button] Props received: {
        variant: 'primary',
        size: 'lg',
        type: 'submit',
        loading: false,
        disabled: false
      }

      at log (src/components/ui/Button.tsx:26:13)

    console.log
      [Button] Has onClick in props: false

      at log (src/components/ui/Button.tsx:27:13)

    console.log
      [Button] All props: {}

      at log (src/components/ui/Button.tsx:28:13)

    console.log
      [Button] Rendering with type: submit

      at log (src/components/ui/Button.tsx:25:13)

    console.log
      [Button] Props received: {
        variant: 'primary',
        size: 'lg',
        type: 'submit',
        loading: true,
        disabled: true
      }

      at log (src/components/ui/Button.tsx:26:13)

    console.log
      [Button] Has onClick in props: false

      at log (src/components/ui/Button.tsx:27:13)

    console.log
      [Button] All props: {}

      at log (src/components/ui/Button.tsx:28:13)

    console.log
      [Button] Rendering with type: submit

      at log (src/components/ui/Button.tsx:25:13)

    console.log
      [Button] Props received: {
        variant: 'primary',
        size: 'lg',
        type: 'submit',
        loading: false,
        disabled: false
      }

      at log (src/components/ui/Button.tsx:26:13)

    console.log
      [Button] Has onClick in props: false

      at log (src/components/ui/Button.tsx:27:13)

    console.log
      [Button] All props: {}

      at log (src/components/ui/Button.tsx:28:13)

    console.log
      [Button] Rendering with type: submit

      at log (src/components/ui/Button.tsx:25:13)

    console.log
      [Button] Props received: {
        variant: 'primary',
        size: 'lg',
        type: 'submit',
        loading: false,
        disabled: true
      }

      at log (src/components/ui/Button.tsx:26:13)

    console.log
      [Button] Has onClick in props: false

      at log (src/components/ui/Button.tsx:27:13)

    console.log
      [Button] All props: {}

      at log (src/components/ui/Button.tsx:28:13)

    console.log
      [Button] Rendering with type: submit

      at log (src/components/ui/Button.tsx:25:13)

    console.log
      [Button] Props received: {
        variant: 'primary',
        size: 'lg',
        type: 'submit',
        loading: true,
        disabled: true
      }

      at log (src/components/ui/Button.tsx:26:13)

    console.log
      [Button] Has onClick in props: false

      at log (src/components/ui/Button.tsx:27:13)

    console.log
      [Button] All props: {}

      at log (src/components/ui/Button.tsx:28:13)

    console.log
      [Button] Rendering with type: submit

      at log (src/components/ui/Button.tsx:25:13)

    console.log
      [Button] Props received: {
        variant: 'primary',
        size: 'lg',
        type: 'submit',
        loading: false,
        disabled: false
      }

      at log (src/components/ui/Button.tsx:26:13)

    console.log
      [Button] Has onClick in props: false

      at log (src/components/ui/Button.tsx:27:13)

    console.log
      [Button] All props: {}

      at log (src/components/ui/Button.tsx:28:13)

    console.log
      [Button] Rendering with type: submit

      at log (src/components/ui/Button.tsx:25:13)

    console.log
      [Button] Props received: {
        variant: 'primary',
        size: 'lg',
        type: 'submit',
        loading: true,
        disabled: true
      }

      at log (src/components/ui/Button.tsx:26:13)

    console.log
      [Button] Has onClick in props: false

      at log (src/components/ui/Button.tsx:27:13)

    console.log
      [Button] All props: {}

      at log (src/components/ui/Button.tsx:28:13)

    console.log
      [Button] Rendering with type: submit

      at log (src/components/ui/Button.tsx:25:13)

    console.log
      [Button] Props received: {
        variant: 'primary',
        size: 'lg',
        type: 'submit',
        loading: true,
        disabled: true
      }

      at log (src/components/ui/Button.tsx:26:13)

    console.log
      [Button] Has onClick in props: false

      at log (src/components/ui/Button.tsx:27:13)

    console.log
      [Button] All props: {}

      at log (src/components/ui/Button.tsx:28:13)

    console.log
      [Button] Rendering with type: submit

      at log (src/components/ui/Button.tsx:25:13)

    console.log
      [Button] Props received: {
        variant: 'primary',
        size: 'lg',
        type: 'submit',
        loading: true,
        disabled: true
      }

      at log (src/components/ui/Button.tsx:26:13)

    console.log
      [Button] Has onClick in props: false

      at log (src/components/ui/Button.tsx:27:13)

    console.log
      [Button] All props: {}

      at log (src/components/ui/Button.tsx:28:13)

    console.log
      [Button] Rendering with type: submit

      at log (src/components/ui/Button.tsx:25:13)

    console.log
      [Button] Props received: {
        variant: 'primary',
        size: 'lg',
        type: 'submit',
        loading: true,
        disabled: true
      }

      at log (src/components/ui/Button.tsx:26:13)

    console.log
      [Button] Has onClick in props: false

      at log (src/components/ui/Button.tsx:27:13)

    console.log
      [Button] All props: {}

      at log (src/components/ui/Button.tsx:28:13)

    console.log
      [Button] Rendering with type: submit

      at log (src/components/ui/Button.tsx:25:13)

    console.log
      [Button] Props received: {
        variant: 'primary',
        size: 'lg',
        type: 'submit',
        loading: false,
        disabled: true
      }

      at log (src/components/ui/Button.tsx:26:13)

    console.log
      [Button] Has onClick in props: false

      at log (src/components/ui/Button.tsx:27:13)

    console.log
      [Button] All props: {}

      at log (src/components/ui/Button.tsx:28:13)

    console.log
      [Button] Rendering with type: submit

      at log (src/components/ui/Button.tsx:25:13)

    console.log
      [Button] Props received: {
        variant: 'primary',
        size: 'lg',
        type: 'submit',
        loading: false,
        disabled: false
      }

      at log (src/components/ui/Button.tsx:26:13)

    console.log
      [Button] Has onClick in props: false

      at log (src/components/ui/Button.tsx:27:13)

    console.log
      [Button] All props: {}

      at log (src/components/ui/Button.tsx:28:13)

    console.log
      [Button] Rendering with type: submit

      at log (src/components/ui/Button.tsx:25:13)

    console.log
      [Button] Props received: {
        variant: 'primary',
        size: 'lg',
        type: 'submit',
        loading: true,
        disabled: true
      }

      at log (src/components/ui/Button.tsx:26:13)

    console.log
      [Button] Has onClick in props: false

      at log (src/components/ui/Button.tsx:27:13)

    console.log
      [Button] All props: {}

      at log (src/components/ui/Button.tsx:28:13)

    console.log
      [Button] Rendering with type: submit

      at log (src/components/ui/Button.tsx:25:13)

    console.log
      [Button] Props received: {
        variant: 'primary',
        size: 'lg',
        type: 'submit',
        loading: true,
        disabled: true
      }

      at log (src/components/ui/Button.tsx:26:13)

    console.log
      [Button] Has onClick in props: false

      at log (src/components/ui/Button.tsx:27:13)

    console.log
      [Button] All props: {}

      at log (src/components/ui/Button.tsx:28:13)

    console.log
      [Button] Rendering with type: submit

      at log (src/components/ui/Button.tsx:25:13)

    console.log
      [Button] Props received: {
        variant: 'primary',
        size: 'lg',
        type: 'submit',
        loading: true,
        disabled: true
      }

      at log (src/components/ui/Button.tsx:26:13)

    console.log
      [Button] Has onClick in props: false

      at log (src/components/ui/Button.tsx:27:13)

    console.log
      [Button] All props: {}

      at log (src/components/ui/Button.tsx:28:13)

    console.log
      [Button] Rendering with type: submit

      at log (src/components/ui/Button.tsx:25:13)

    console.log
      [Button] Props received: {
        variant: 'primary',
        size: 'lg',
        type: 'submit',
        loading: false,
        disabled: true
      }

      at log (src/components/ui/Button.tsx:26:13)

    console.log
      [Button] Has onClick in props: false

      at log (src/components/ui/Button.tsx:27:13)

    console.log
      [Button] All props: {}

      at log (src/components/ui/Button.tsx:28:13)

    console.log
      [Button] Rendering with type: submit

      at log (src/components/ui/Button.tsx:25:13)

    console.log
      [Button] Props received: {
        variant: 'primary',
        size: 'lg',
        type: 'submit',
        loading: false,
        disabled: false
      }

      at log (src/components/ui/Button.tsx:26:13)

    console.log
      [Button] Has onClick in props: false

      at log (src/components/ui/Button.tsx:27:13)

    console.log
      [Button] All props: {}

      at log (src/components/ui/Button.tsx:28:13)

    console.log
      [Button] Rendering with type: submit

      at log (src/components/ui/Button.tsx:25:13)

    console.log
      [Button] Props received: {
        variant: 'primary',
        size: 'lg',
        type: 'submit',
        loading: true,
        disabled: true
      }

      at log (src/components/ui/Button.tsx:26:13)

    console.log
      [Button] Has onClick in props: false

      at log (src/components/ui/Button.tsx:27:13)

    console.log
      [Button] All props: {}

      at log (src/components/ui/Button.tsx:28:13)

    console.log
      [Button] Rendering with type: submit

      at log (src/components/ui/Button.tsx:25:13)

    console.log
      [Button] Props received: {
        variant: 'primary',
        size: 'lg',
        type: 'submit',
        loading: true,
        disabled: true
      }

      at log (src/components/ui/Button.tsx:26:13)

    console.log
      [Button] Has onClick in props: false

      at log (src/components/ui/Button.tsx:27:13)

    console.log
      [Button] All props: {}

      at log (src/components/ui/Button.tsx:28:13)

    console.log
      [Button] Rendering with type: submit

      at log (src/components/ui/Button.tsx:25:13)

    console.log
      [Button] Props received: {
        variant: 'primary',
        size: 'lg',
        type: 'submit',
        loading: false,
        disabled: false
      }

      at log (src/components/ui/Button.tsx:26:13)

    console.log
      [Button] Has onClick in props: false

      at log (src/components/ui/Button.tsx:27:13)

    console.log
      [Button] All props: {}

      at log (src/components/ui/Button.tsx:28:13)

    console.log
      [Button] Rendering with type: submit

      at log (src/components/ui/Button.tsx:25:13)

    console.log
      [Button] Props received: {
        variant: 'primary',
        size: 'lg',
        type: 'submit',
        loading: false,
        disabled: false
      }

      at log (src/components/ui/Button.tsx:26:13)

    console.log
      [Button] Has onClick in props: false

      at log (src/components/ui/Button.tsx:27:13)

    console.log
      [Button] All props: {}

      at log (src/components/ui/Button.tsx:28:13)

    console.log
      [Button] Rendering with type: submit

      at log (src/components/ui/Button.tsx:25:13)

    console.log
      [Button] Props received: {
        variant: 'primary',
        size: 'lg',
        type: 'submit',
        loading: false,
        disabled: false
      }

      at log (src/components/ui/Button.tsx:26:13)

    console.log
      [Button] Has onClick in props: false

      at log (src/components/ui/Button.tsx:27:13)

    console.log
      [Button] All props: {}

      at log (src/components/ui/Button.tsx:28:13)

    console.log
      [Button] Rendering with type: submit

      at log (src/components/ui/Button.tsx:25:13)

    console.log
      [Button] Props received: {
        variant: 'primary',
        size: 'lg',
        type: 'submit',
        loading: false,
        disabled: false
      }

      at log (src/components/ui/Button.tsx:26:13)

    console.log
      [Button] Has onClick in props: false

      at log (src/components/ui/Button.tsx:27:13)

    console.log
      [Button] All props: {}

      at log (src/components/ui/Button.tsx:28:13)

    console.log
      [Button] Rendering with type: submit

      at log (src/components/ui/Button.tsx:25:13)

    console.log
      [Button] Props received: {
        variant: 'primary',
        size: 'lg',
        type: 'submit',
        loading: false,
        disabled: false
      }

      at log (src/components/ui/Button.tsx:26:13)

    console.log
      [Button] Has onClick in props: false

      at log (src/components/ui/Button.tsx:27:13)

    console.log
      [Button] All props: {}

      at log (src/components/ui/Button.tsx:28:13)

    console.log
      [Button] Rendering with type: submit

      at log (src/components/ui/Button.tsx:25:13)

    console.log
      [Button] Props received: {
        variant: 'primary',
        size: 'lg',
        type: 'submit',
        loading: false,
        disabled: false
      }

      at log (src/components/ui/Button.tsx:26:13)

    console.log
      [Button] Has onClick in props: false

      at log (src/components/ui/Button.tsx:27:13)

    console.log
      [Button] All props: {}

      at log (src/components/ui/Button.tsx:28:13)

    console.log
      [Button] Rendering with type: submit

      at log (src/components/ui/Button.tsx:25:13)

    console.log
      [Button] Props received: {
        variant: 'primary',
        size: 'lg',
        type: 'submit',
        loading: false,
        disabled: false
      }

      at log (src/components/ui/Button.tsx:26:13)

    console.log
      [Button] Has onClick in props: false

      at log (src/components/ui/Button.tsx:27:13)

    console.log
      [Button] All props: {}

      at log (src/components/ui/Button.tsx:28:13)

    console.log
      [Button] Rendering with type: submit

      at log (src/components/ui/Button.tsx:25:13)

    console.log
      [Button] Props received: {
        variant: 'primary',
        size: 'lg',
        type: 'submit',
        loading: false,
        disabled: false
      }

      at log (src/components/ui/Button.tsx:26:13)

    console.log
      [Button] Has onClick in props: false

      at log (src/components/ui/Button.tsx:27:13)

    console.log
      [Button] All props: {}

      at log (src/components/ui/Button.tsx:28:13)

    console.log
      [Button] Rendering with type: submit

      at log (src/components/ui/Button.tsx:25:13)

    console.log
      [Button] Props received: {
        variant: 'primary',
        size: 'lg',
        type: 'submit',
        loading: false,
        disabled: false
      }

      at log (src/components/ui/Button.tsx:26:13)

    console.log
      [Button] Has onClick in props: false

      at log (src/components/ui/Button.tsx:27:13)

    console.log
      [Button] All props: {}

      at log (src/components/ui/Button.tsx:28:13)

    console.log
      [Button] Rendering with type: submit

      at log (src/components/ui/Button.tsx:25:13)

    console.log
      [Button] Props received: {
        variant: 'primary',
        size: 'lg',
        type: 'submit',
        loading: false,
        disabled: false
      }

      at log (src/components/ui/Button.tsx:26:13)

    console.log
      [Button] Has onClick in props: false

      at log (src/components/ui/Button.tsx:27:13)

    console.log
      [Button] All props: {}

      at log (src/components/ui/Button.tsx:28:13)

    console.log
      [Button] Rendering with type: submit

      at log (src/components/ui/Button.tsx:25:13)

    console.log
      [Button] Props received: {
        variant: 'primary',
        size: 'lg',
        type: 'submit',
        loading: false,
        disabled: false
      }

      at log (src/components/ui/Button.tsx:26:13)

    console.log
      [Button] Has onClick in props: false

      at log (src/components/ui/Button.tsx:27:13)

    console.log
      [Button] All props: {}

      at log (src/components/ui/Button.tsx:28:13)

    console.log
      [Button] Rendering with type: submit

      at log (src/components/ui/Button.tsx:25:13)

    console.log
      [Button] Props received: {
        variant: 'primary',
        size: 'lg',
        type: 'submit',
        loading: false,
        disabled: false
      }

      at log (src/components/ui/Button.tsx:26:13)

    console.log
      [Button] Has onClick in props: false

      at log (src/components/ui/Button.tsx:27:13)

    console.log
      [Button] All props: {}

      at log (src/components/ui/Button.tsx:28:13)

    console.log
      [Button] Rendering with type: submit

      at log (src/components/ui/Button.tsx:25:13)

    console.log
      [Button] Props received: {
        variant: 'primary',
        size: 'lg',
        type: 'submit',
        loading: false,
        disabled: false
      }

      at log (src/components/ui/Button.tsx:26:13)

    console.log
      [Button] Has onClick in props: false

      at log (src/components/ui/Button.tsx:27:13)

    console.log
      [Button] All props: {}

      at log (src/components/ui/Button.tsx:28:13)

    console.log
      [Button] Rendering with type: submit

      at log (src/components/ui/Button.tsx:25:13)

    console.log
      [Button] Props received: {
        variant: 'primary',
        size: 'lg',
        type: 'submit',
        loading: false,
        disabled: false
      }

      at log (src/components/ui/Button.tsx:26:13)

    console.log
      [Button] Has onClick in props: false

      at log (src/components/ui/Button.tsx:27:13)

    console.log
      [Button] All props: {}

      at log (src/components/ui/Button.tsx:28:13)

    console.log
      [Button] Rendering with type: submit

      at log (src/components/ui/Button.tsx:25:13)

    console.log
      [Button] Props received: {
        variant: 'primary',
        size: 'lg',
        type: 'submit',
        loading: false,
        disabled: false
      }

      at log (src/components/ui/Button.tsx:26:13)

    console.log
      [Button] Has onClick in props: false

      at log (src/components/ui/Button.tsx:27:13)

    console.log
      [Button] All props: {}

      at log (src/components/ui/Button.tsx:28:13)

    console.log
      [Button] Rendering with type: submit

      at log (src/components/ui/Button.tsx:25:13)

    console.log
      [Button] Props received: {
        variant: 'primary',
        size: 'lg',
        type: 'submit',
        loading: false,
        disabled: false
      }

      at log (src/components/ui/Button.tsx:26:13)

    console.log
      [Button] Has onClick in props: false

      at log (src/components/ui/Button.tsx:27:13)

    console.log
      [Button] All props: {}

      at log (src/components/ui/Button.tsx:28:13)

    console.log
      [Button] Rendering with type: submit

      at log (src/components/ui/Button.tsx:25:13)

    console.log
      [Button] Props received: {
        variant: 'primary',
        size: 'lg',
        type: 'submit',
        loading: false,
        disabled: false
      }

      at log (src/components/ui/Button.tsx:26:13)

    console.log
      [Button] Has onClick in props: false

      at log (src/components/ui/Button.tsx:27:13)

    console.log
      [Button] All props: {}

      at log (src/components/ui/Button.tsx:28:13)

    console.log
      [Button] Rendering with type: submit

      at log (src/components/ui/Button.tsx:25:13)

    console.log
      [Button] Props received: {
        variant: 'primary',
        size: 'lg',
        type: 'submit',
        loading: false,
        disabled: false
      }

      at log (src/components/ui/Button.tsx:26:13)

    console.log
      [Button] Has onClick in props: false

      at log (src/components/ui/Button.tsx:27:13)

    console.log
      [Button] All props: {}

      at log (src/components/ui/Button.tsx:28:13)

    console.log
      [Button] Rendering with type: submit

      at log (src/components/ui/Button.tsx:25:13)

    console.log
      [Button] Props received: {
        variant: 'primary',
        size: 'lg',
        type: 'submit',
        loading: false,
        disabled: false
      }

      at log (src/components/ui/Button.tsx:26:13)

    console.log
      [Button] Has onClick in props: false

      at log (src/components/ui/Button.tsx:27:13)

    console.log
      [Button] All props: {}

      at log (src/components/ui/Button.tsx:28:13)

    console.log
      [Button] Rendering with type: submit

      at log (src/components/ui/Button.tsx:25:13)

    console.log
      [Button] Props received: {
        variant: 'primary',
        size: 'lg',
        type: 'submit',
        loading: false,
        disabled: false
      }

      at log (src/components/ui/Button.tsx:26:13)

    console.log
      [Button] Has onClick in props: false

      at log (src/components/ui/Button.tsx:27:13)

    console.log
      [Button] All props: {}

      at log (src/components/ui/Button.tsx:28:13)

    console.log
      [Button] Rendering with type: submit

      at log (src/components/ui/Button.tsx:25:13)

    console.log
      [Button] Props received: {
        variant: 'primary',
        size: 'lg',
        type: 'submit',
        loading: false,
        disabled: false
      }

      at log (src/components/ui/Button.tsx:26:13)

    console.log
      [Button] Has onClick in props: false

      at log (src/components/ui/Button.tsx:27:13)

    console.log
      [Button] All props: {}

      at log (src/components/ui/Button.tsx:28:13)

    console.log
      [Button] Rendering with type: submit

      at log (src/components/ui/Button.tsx:25:13)

    console.log
      [Button] Props received: {
        variant: 'primary',
        size: 'lg',
        type: 'submit',
        loading: false,
        disabled: false
      }

      at log (src/components/ui/Button.tsx:26:13)

    console.log
      [Button] Has onClick in props: false

      at log (src/components/ui/Button.tsx:27:13)

    console.log
      [Button] All props: {}

      at log (src/components/ui/Button.tsx:28:13)

    console.log
      [Button] Rendering with type: submit

      at log (src/components/ui/Button.tsx:25:13)

    console.log
      [Button] Props received: {
        variant: 'primary',
        size: 'lg',
        type: 'submit',
        loading: false,
        disabled: false
      }

      at log (src/components/ui/Button.tsx:26:13)

    console.log
      [Button] Has onClick in props: false

      at log (src/components/ui/Button.tsx:27:13)

    console.log
      [Button] All props: {}

      at log (src/components/ui/Button.tsx:28:13)

    console.log
      [Button] Rendering with type: submit

      at log (src/components/ui/Button.tsx:25:13)

    console.log
      [Button] Props received: {
        variant: 'primary',
        size: 'lg',
        type: 'submit',
        loading: false,
        disabled: false
      }

      at log (src/components/ui/Button.tsx:26:13)

    console.log
      [Button] Has onClick in props: false

      at log (src/components/ui/Button.tsx:27:13)

    console.log
      [Button] All props: {}

      at log (src/components/ui/Button.tsx:28:13)

    console.log
      [Button] Rendering with type: submit

      at log (src/components/ui/Button.tsx:25:13)

    console.log
      [Button] Props received: {
        variant: 'primary',
        size: 'lg',
        type: 'submit',
        loading: false,
        disabled: false
      }

      at log (src/components/ui/Button.tsx:26:13)

    console.log
      [Button] Has onClick in props: false

      at log (src/components/ui/Button.tsx:27:13)

    console.log
      [Button] All props: {}

      at log (src/components/ui/Button.tsx:28:13)

    console.log
      [Button] Rendering with type: submit

      at log (src/components/ui/Button.tsx:25:13)

    console.log
      [Button] Props received: {
        variant: 'primary',
        size: 'lg',
        type: 'submit',
        loading: false,
        disabled: false
      }

      at log (src/components/ui/Button.tsx:26:13)

    console.log
      [Button] Has onClick in props: false

      at log (src/components/ui/Button.tsx:27:13)

    console.log
      [Button] All props: {}

      at log (src/components/ui/Button.tsx:28:13)

    console.log
      [Button] Rendering with type: submit

      at log (src/components/ui/Button.tsx:25:13)

    console.log
      [Button] Props received: {
        variant: 'primary',
        size: 'lg',
        type: 'submit',
        loading: false,
        disabled: false
      }

      at log (src/components/ui/Button.tsx:26:13)

    console.log
      [Button] Has onClick in props: false

      at log (src/components/ui/Button.tsx:27:13)

    console.log
      [Button] All props: {}

      at log (src/components/ui/Button.tsx:28:13)

    console.log
      [Button] Rendering with type: submit

      at log (src/components/ui/Button.tsx:25:13)

    console.log
      [Button] Props received: {
        variant: 'primary',
        size: 'lg',
        type: 'submit',
        loading: false,
        disabled: false
      }

      at log (src/components/ui/Button.tsx:26:13)

    console.log
      [Button] Has onClick in props: false

      at log (src/components/ui/Button.tsx:27:13)

    console.log
      [Button] All props: {}

      at log (src/components/ui/Button.tsx:28:13)

    console.log
      [Button] Rendering with type: submit

      at log (src/components/ui/Button.tsx:25:13)

    console.log
      [Button] Props received: {
        variant: 'primary',
        size: 'lg',
        type: 'submit',
        loading: false,
        disabled: false
      }

      at log (src/components/ui/Button.tsx:26:13)

    console.log
      [Button] Has onClick in props: false

      at log (src/components/ui/Button.tsx:27:13)

    console.log
      [Button] All props: {}

      at log (src/components/ui/Button.tsx:28:13)

    console.log
      [Button] Rendering with type: submit

      at log (src/components/ui/Button.tsx:25:13)

    console.log
      [Button] Props received: {
        variant: 'primary',
        size: 'lg',
        type: 'submit',
        loading: false,
        disabled: false
      }

      at log (src/components/ui/Button.tsx:26:13)

    console.log
      [Button] Has onClick in props: false

      at log (src/components/ui/Button.tsx:27:13)

    console.log
      [Button] All props: {}

      at log (src/components/ui/Button.tsx:28:13)

    console.log
      [Button] Rendering with type: submit

      at log (src/components/ui/Button.tsx:25:13)

    console.log
      [Button] Props received: {
        variant: 'primary',
        size: 'lg',
        type: 'submit',
        loading: false,
        disabled: false
      }

      at log (src/components/ui/Button.tsx:26:13)

    console.log
      [Button] Has onClick in props: false

      at log (src/components/ui/Button.tsx:27:13)

    console.log
      [Button] All props: {}

      at log (src/components/ui/Button.tsx:28:13)

    console.log
      [Button] Rendering with type: submit

      at log (src/components/ui/Button.tsx:25:13)

    console.log
      [Button] Props received: {
        variant: 'primary',
        size: 'lg',
        type: 'submit',
        loading: false,
        disabled: false
      }

      at log (src/components/ui/Button.tsx:26:13)

    console.log
      [Button] Has onClick in props: false

      at log (src/components/ui/Button.tsx:27:13)

    console.log
      [Button] All props: {}

      at log (src/components/ui/Button.tsx:28:13)

    console.log
      [Button] Rendering with type: submit

      at log (src/components/ui/Button.tsx:25:13)

    console.log
      [Button] Props received: {
        variant: 'primary',
        size: 'lg',
        type: 'submit',
        loading: false,
        disabled: false
      }

      at log (src/components/ui/Button.tsx:26:13)

    console.log
      [Button] Has onClick in props: false

      at log (src/components/ui/Button.tsx:27:13)

    console.log
      [Button] All props: {}

      at log (src/components/ui/Button.tsx:28:13)

    console.log
      [Button] Rendering with type: submit

      at log (src/components/ui/Button.tsx:25:13)

    console.log
      [Button] Props received: {
        variant: 'primary',
        size: 'lg',
        type: 'submit',
        loading: false,
        disabled: false
      }

      at log (src/components/ui/Button.tsx:26:13)

    console.log
      [Button] Has onClick in props: false

      at log (src/components/ui/Button.tsx:27:13)

    console.log
      [Button] All props: {}

      at log (src/components/ui/Button.tsx:28:13)

    console.log
      [Button] Rendering with type: submit

      at log (src/components/ui/Button.tsx:25:13)

    console.log
      [Button] Props received: {
        variant: 'primary',
        size: 'lg',
        type: 'submit',
        loading: false,
        disabled: false
      }

      at log (src/components/ui/Button.tsx:26:13)

    console.log
      [Button] Has onClick in props: false

      at log (src/components/ui/Button.tsx:27:13)

    console.log
      [Button] All props: {}

      at log (src/components/ui/Button.tsx:28:13)

    console.log
      [Button] Rendering with type: submit

      at log (src/components/ui/Button.tsx:25:13)

    console.log
      [Button] Props received: {
        variant: 'primary',
        size: 'lg',
        type: 'submit',
        loading: false,
        disabled: false
      }

      at log (src/components/ui/Button.tsx:26:13)

    console.log
      [Button] Has onClick in props: false

      at log (src/components/ui/Button.tsx:27:13)

    console.log
      [Button] All props: {}

      at log (src/components/ui/Button.tsx:28:13)

    console.log
      [Button] Rendering with type: submit

      at log (src/components/ui/Button.tsx:25:13)

    console.log
      [Button] Props received: {
        variant: 'primary',
        size: 'lg',
        type: 'submit',
        loading: false,
        disabled: false
      }

      at log (src/components/ui/Button.tsx:26:13)

    console.log
      [Button] Has onClick in props: false

      at log (src/components/ui/Button.tsx:27:13)

    console.log
      [Button] All props: {}

      at log (src/components/ui/Button.tsx:28:13)

    console.log
      [Button] Rendering with type: submit

      at log (src/components/ui/Button.tsx:25:13)

    console.log
      [Button] Props received: {
        variant: 'primary',
        size: 'lg',
        type: 'submit',
        loading: false,
        disabled: false
      }

      at log (src/components/ui/Button.tsx:26:13)

    console.log
      [Button] Has onClick in props: false

      at log (src/components/ui/Button.tsx:27:13)

    console.log
      [Button] All props: {}

      at log (src/components/ui/Button.tsx:28:13)

    console.log
      [Button] Rendering with type: submit

      at log (src/components/ui/Button.tsx:25:13)

    console.log
      [Button] Props received: {
        variant: 'primary',
        size: 'lg',
        type: 'submit',
        loading: false,
        disabled: false
      }

      at log (src/components/ui/Button.tsx:26:13)

    console.log
      [Button] Has onClick in props: false

      at log (src/components/ui/Button.tsx:27:13)

    console.log
      [Button] All props: {}

      at log (src/components/ui/Button.tsx:28:13)

    console.log
      [Button] Rendering with type: submit

      at log (src/components/ui/Button.tsx:25:13)

    console.log
      [Button] Props received: {
        variant: 'primary',
        size: 'lg',
        type: 'submit',
        loading: false,
        disabled: false
      }

      at log (src/components/ui/Button.tsx:26:13)

    console.log
      [Button] Has onClick in props: false

      at log (src/components/ui/Button.tsx:27:13)

    console.log
      [Button] All props: {}

      at log (src/components/ui/Button.tsx:28:13)

    console.log
      [Button] Rendering with type: submit

      at log (src/components/ui/Button.tsx:25:13)

    console.log
      [Button] Props received: {
        variant: 'primary',
        size: 'lg',
        type: 'submit',
        loading: false,
        disabled: false
      }

      at log (src/components/ui/Button.tsx:26:13)

    console.log
      [Button] Has onClick in props: false

      at log (src/components/ui/Button.tsx:27:13)

    console.log
      [Button] All props: {}

      at log (src/components/ui/Button.tsx:28:13)

    console.log
      [Button] Rendering with type: submit

      at log (src/components/ui/Button.tsx:25:13)

    console.log
      [Button] Props received: {
        variant: 'primary',
        size: 'lg',
        type: 'submit',
        loading: false,
        disabled: false
      }

      at log (src/components/ui/Button.tsx:26:13)

    console.log
      [Button] Has onClick in props: false

      at log (src/components/ui/Button.tsx:27:13)

    console.log
      [Button] All props: {}

      at log (src/components/ui/Button.tsx:28:13)

    console.log
      [Button] Rendering with type: submit

      at log (src/components/ui/Button.tsx:25:13)

    console.log
      [Button] Props received: {
        variant: 'primary',
        size: 'lg',
        type: 'submit',
        loading: false,
        disabled: false
      }

      at log (src/components/ui/Button.tsx:26:13)

    console.log
      [Button] Has onClick in props: false

      at log (src/components/ui/Button.tsx:27:13)

    console.log
      [Button] All props: {}

      at log (src/components/ui/Button.tsx:28:13)

    console.log
      [Button] Rendering with type: submit

      at log (src/components/ui/Button.tsx:25:13)

    console.log
      [Button] Props received: {
        variant: 'primary',
        size: 'lg',
        type: 'submit',
        loading: false,
        disabled: false
      }

      at log (src/components/ui/Button.tsx:26:13)

    console.log
      [Button] Has onClick in props: false

      at log (src/components/ui/Button.tsx:27:13)

    console.log
      [Button] All props: {}

      at log (src/components/ui/Button.tsx:28:13)

    console.log
      [Button] Rendering with type: submit

      at log (src/components/ui/Button.tsx:25:13)

    console.log
      [Button] Props received: {
        variant: 'primary',
        size: 'lg',
        type: 'submit',
        loading: false,
        disabled: false
      }

      at log (src/components/ui/Button.tsx:26:13)

    console.log
      [Button] Has onClick in props: false

      at log (src/components/ui/Button.tsx:27:13)

    console.log
      [Button] All props: {}

      at log (src/components/ui/Button.tsx:28:13)

    console.log
      [Button] Rendering with type: submit

      at log (src/components/ui/Button.tsx:25:13)

    console.log
      [Button] Props received: {
        variant: 'primary',
        size: 'lg',
        type: 'submit',
        loading: false,
        disabled: false
      }

      at log (src/components/ui/Button.tsx:26:13)

    console.log
      [Button] Has onClick in props: false

      at log (src/components/ui/Button.tsx:27:13)

    console.log
      [Button] All props: {}

      at log (src/components/ui/Button.tsx:28:13)

    console.log
      [Button] Rendering with type: submit

      at log (src/components/ui/Button.tsx:25:13)

    console.log
      [Button] Props received: {
        variant: 'primary',
        size: 'lg',
        type: 'submit',
        loading: false,
        disabled: false
      }

      at log (src/components/ui/Button.tsx:26:13)

    console.log
      [Button] Has onClick in props: false

      at log (src/components/ui/Button.tsx:27:13)

    console.log
      [Button] All props: {}

      at log (src/components/ui/Button.tsx:28:13)

    console.log
      [Button] Rendering with type: submit

      at log (src/components/ui/Button.tsx:25:13)

    console.log
      [Button] Props received: {
        variant: 'primary',
        size: 'lg',
        type: 'submit',
        loading: false,
        disabled: false
      }

      at log (src/components/ui/Button.tsx:26:13)

    console.log
      [Button] Has onClick in props: false

      at log (src/components/ui/Button.tsx:27:13)

    console.log
      [Button] All props: {}

      at log (src/components/ui/Button.tsx:28:13)

    console.log
      [Button] Rendering with type: submit

      at log (src/components/ui/Button.tsx:25:13)

    console.log
      [Button] Props received: {
        variant: 'primary',
        size: 'lg',
        type: 'submit',
        loading: false,
        disabled: false
      }

      at log (src/components/ui/Button.tsx:26:13)

    console.log
      [Button] Has onClick in props: false

      at log (src/components/ui/Button.tsx:27:13)

    console.log
      [Button] All props: {}

      at log (src/components/ui/Button.tsx:28:13)

    console.log
      [Button] Rendering with type: submit

      at log (src/components/ui/Button.tsx:25:13)

    console.log
      [Button] Props received: {
        variant: 'primary',
        size: 'lg',
        type: 'submit',
        loading: false,
        disabled: false
      }

      at log (src/components/ui/Button.tsx:26:13)

    console.log
      [Button] Has onClick in props: false

      at log (src/components/ui/Button.tsx:27:13)

    console.log
      [Button] All props: {}

      at log (src/components/ui/Button.tsx:28:13)

/Users/ryan/Library/Mobile Documents/com~apple~CloudDocs/Documents/VSCode/Tax-App-Frontend/src/lib/auth/AuthCoordinator.requireJWT.property.test.ts:175
                hasTokenSpy.mockReturnValue(false);
                ^

[ReferenceError: hasTokenSpy is not defined]

Node.js v20.17.0
FAIL src/app/login/viewport-state-persistence.test.tsx (7.489 s)
  ● Console

    console.log
      [Button] Rendering with type: submit

      at log (src/components/ui/Button.tsx:25:13)

    console.log
      [Button] Props received: {
        variant: 'primary',
        size: 'lg',
        type: 'submit',
        loading: false,
        disabled: false
      }

      at log (src/components/ui/Button.tsx:26:13)

    console.log
      [Button] Has onClick in props: false

      at log (src/components/ui/Button.tsx:27:13)

    console.log
      [Button] All props: {}

      at log (src/components/ui/Button.tsx:28:13)

    console.log
      [Button] Rendering with type: submit

      at log (src/components/ui/Button.tsx:25:13)

    console.log
      [Button] Props received: {
        variant: 'primary',
        size: 'lg',
        type: 'submit',
        loading: false,
        disabled: false
      }

      at log (src/components/ui/Button.tsx:26:13)

    console.log
      [Button] Has onClick in props: false

      at log (src/components/ui/Button.tsx:27:13)

    console.log
      [Button] All props: {}

      at log (src/components/ui/Button.tsx:28:13)

    console.log
      [Button] Rendering with type: submit

      at log (src/components/ui/Button.tsx:25:13)

    console.log
      [Button] Props received: {
        variant: 'primary',
        size: 'lg',
        type: 'submit',
        loading: false,
        disabled: false
      }

      at log (src/components/ui/Button.tsx:26:13)

    console.log
      [Button] Has onClick in props: false

      at log (src/components/ui/Button.tsx:27:13)

    console.log
      [Button] All props: {}

      at log (src/components/ui/Button.tsx:28:13)

    console.log
      [Button] Rendering with type: submit

      at log (src/components/ui/Button.tsx:25:13)

    console.log
      [Button] Props received: {
        variant: 'primary',
        size: 'lg',
        type: 'submit',
        loading: false,
        disabled: false
      }

      at log (src/components/ui/Button.tsx:26:13)

    console.log
      [Button] Has onClick in props: false

      at log (src/components/ui/Button.tsx:27:13)

    console.log
      [Button] All props: {}

      at log (src/components/ui/Button.tsx:28:13)

    console.log
      [Button] Rendering with type: submit

      at log (src/components/ui/Button.tsx:25:13)

    console.log
      [Button] Props received: {
        variant: 'primary',
        size: 'lg',
        type: 'submit',
        loading: false,
        disabled: false
      }

      at log (src/components/ui/Button.tsx:26:13)

    console.log
      [Button] Has onClick in props: false

      at log (src/components/ui/Button.tsx:27:13)

    console.log
      [Button] All props: {}

      at log (src/components/ui/Button.tsx:28:13)

    console.log
      [Button] Rendering with type: submit

      at log (src/components/ui/Button.tsx:25:13)

    console.log
      [Button] Props received: {
        variant: 'primary',
        size: 'lg',
        type: 'submit',
        loading: false,
        disabled: false
      }

      at log (src/components/ui/Button.tsx:26:13)

    console.log
      [Button] Has onClick in props: false

      at log (src/components/ui/Button.tsx:27:13)

    console.log
      [Button] All props: {}

      at log (src/components/ui/Button.tsx:28:13)

    console.log
      [Button] Rendering with type: submit

      at log (src/components/ui/Button.tsx:25:13)

    console.log
      [Button] Props received: {
        variant: 'primary',
        size: 'lg',
        type: 'submit',
        loading: false,
        disabled: false
      }

      at log (src/components/ui/Button.tsx:26:13)

    console.log
      [Button] Has onClick in props: false

      at log (src/components/ui/Button.tsx:27:13)

    console.log
      [Button] All props: {}

      at log (src/components/ui/Button.tsx:28:13)

    console.log
      [Button] Rendering with type: submit

      at log (src/components/ui/Button.tsx:25:13)

    console.log
      [Button] Props received: {
        variant: 'primary',
        size: 'lg',
        type: 'submit',
        loading: false,
        disabled: false
      }

      at log (src/components/ui/Button.tsx:26:13)

    console.log
      [Button] Has onClick in props: false

      at log (src/components/ui/Button.tsx:27:13)

    console.log
      [Button] All props: {}

      at log (src/components/ui/Button.tsx:28:13)

    console.log
      [Button] Rendering with type: submit

      at log (src/components/ui/Button.tsx:25:13)

    console.log
      [Button] Props received: {
        variant: 'primary',
        size: 'lg',
        type: 'submit',
        loading: false,
        disabled: false
      }

      at log (src/components/ui/Button.tsx:26:13)

    console.log
      [Button] Has onClick in props: false

      at log (src/components/ui/Button.tsx:27:13)

    console.log
      [Button] All props: {}

      at log (src/components/ui/Button.tsx:28:13)

    console.log
      [Button] Rendering with type: submit

      at log (src/components/ui/Button.tsx:25:13)

    console.log
      [Button] Props received: {
        variant: 'primary',
        size: 'lg',
        type: 'submit',
        loading: false,
        disabled: false
      }

      at log (src/components/ui/Button.tsx:26:13)

    console.log
      [Button] Has onClick in props: false

      at log (src/components/ui/Button.tsx:27:13)

    console.log
      [Button] All props: {}

      at log (src/components/ui/Button.tsx:28:13)

    console.log
      [Button] Rendering with type: submit

      at log (src/components/ui/Button.tsx:25:13)

    console.log
      [Button] Props received: {
        variant: 'primary',
        size: 'lg',
        type: 'submit',
        loading: false,
        disabled: false
      }

      at log (src/components/ui/Button.tsx:26:13)

    console.log
      [Button] Has onClick in props: false

      at log (src/components/ui/Button.tsx:27:13)

    console.log
      [Button] All props: {}

      at log (src/components/ui/Button.tsx:28:13)

    console.log
      [Button] Rendering with type: submit

      at log (src/components/ui/Button.tsx:25:13)

    console.log
      [Button] Props received: {
        variant: 'primary',
        size: 'lg',
        type: 'submit',
        loading: false,
        disabled: false
      }

      at log (src/components/ui/Button.tsx:26:13)

    console.log
      [Button] Has onClick in props: false

      at log (src/components/ui/Button.tsx:27:13)

    console.log
      [Button] All props: {}

      at log (src/components/ui/Button.tsx:28:13)

    console.log
      [Button] Rendering with type: submit

      at log (src/components/ui/Button.tsx:25:13)

    console.log
      [Button] Props received: {
        variant: 'primary',
        size: 'lg',
        type: 'submit',
        loading: false,
        disabled: false
      }

      at log (src/components/ui/Button.tsx:26:13)

    console.log
      [Button] Has onClick in props: false

      at log (src/components/ui/Button.tsx:27:13)

    console.log
      [Button] All props: {}

      at log (src/components/ui/Button.tsx:28:13)

    console.log
      [Button] Rendering with type: submit

      at log (src/components/ui/Button.tsx:25:13)

    console.log
      [Button] Props received: {
        variant: 'primary',
        size: 'lg',
        type: 'submit',
        loading: false,
        disabled: false
      }

      at log (src/components/ui/Button.tsx:26:13)

    console.log
      [Button] Has onClick in props: false

      at log (src/components/ui/Button.tsx:27:13)

    console.log
      [Button] All props: {}

      at log (src/components/ui/Button.tsx:28:13)

    console.log
      [Button] Rendering with type: submit

      at log (src/components/ui/Button.tsx:25:13)

    console.log
      [Button] Props received: {
        variant: 'primary',
        size: 'lg',
        type: 'submit',
        loading: false,
        disabled: false
      }

      at log (src/components/ui/Button.tsx:26:13)

    console.log
      [Button] Has onClick in props: false

      at log (src/components/ui/Button.tsx:27:13)

    console.log
      [Button] All props: {}

      at log (src/components/ui/Button.tsx:28:13)

    console.log
      [Button] Rendering with type: submit

      at log (src/components/ui/Button.tsx:25:13)

    console.log
      [Button] Props received: {
        variant: 'primary',
        size: 'lg',
        type: 'submit',
        loading: false,
        disabled: false
      }

      at log (src/components/ui/Button.tsx:26:13)

    console.log
      [Button] Has onClick in props: false

      at log (src/components/ui/Button.tsx:27:13)

    console.log
      [Button] All props: {}

      at log (src/components/ui/Button.tsx:28:13)

    console.log
      [Button] Rendering with type: submit

      at log (src/components/ui/Button.tsx:25:13)

    console.log
      [Button] Props received: {
        variant: 'primary',
        size: 'lg',
        type: 'submit',
        loading: false,
        disabled: false
      }

      at log (src/components/ui/Button.tsx:26:13)

    console.log
      [Button] Has onClick in props: false

      at log (src/components/ui/Button.tsx:27:13)

    console.log
      [Button] All props: {}

      at log (src/components/ui/Button.tsx:28:13)

    console.log
      [Button] Rendering with type: submit

      at log (src/components/ui/Button.tsx:25:13)

    console.log
      [Button] Props received: {
        variant: 'primary',
        size: 'lg',
        type: 'submit',
        loading: false,
        disabled: false
      }

      at log (src/components/ui/Button.tsx:26:13)

    console.log
      [Button] Has onClick in props: false

      at log (src/components/ui/Button.tsx:27:13)

    console.log
      [Button] All props: {}

      at log (src/components/ui/Button.tsx:28:13)

    console.log
      [Button] Rendering with type: submit

      at log (src/components/ui/Button.tsx:25:13)

    console.log
      [Button] Props received: {
        variant: 'primary',
        size: 'lg',
        type: 'submit',
        loading: false,
        disabled: false
      }

      at log (src/components/ui/Button.tsx:26:13)

    console.log
      [Button] Has onClick in props: false

      at log (src/components/ui/Button.tsx:27:13)

    console.log
      [Button] All props: {}

      at log (src/components/ui/Button.tsx:28:13)

    console.log
      [Button] Rendering with type: submit

      at log (src/components/ui/Button.tsx:25:13)

    console.log
      [Button] Props received: {
        variant: 'primary',
        size: 'lg',
        type: 'submit',
        loading: false,
        disabled: false
      }

      at log (src/components/ui/Button.tsx:26:13)

    console.log
      [Button] Has onClick in props: false

      at log (src/components/ui/Button.tsx:27:13)

    console.log
      [Button] All props: {}

      at log (src/components/ui/Button.tsx:28:13)

    console.log
      [Button] Rendering with type: submit

      at log (src/components/ui/Button.tsx:25:13)

    console.log
      [Button] Props received: {
        variant: 'primary',
        size: 'lg',
        type: 'submit',
        loading: false,
        disabled: false
      }

      at log (src/components/ui/Button.tsx:26:13)

    console.log
      [Button] Has onClick in props: false

      at log (src/components/ui/Button.tsx:27:13)

    console.log
      [Button] All props: {}

      at log (src/components/ui/Button.tsx:28:13)

    console.log
      [Button] Rendering with type: submit

      at log (src/components/ui/Button.tsx:25:13)

    console.log
      [Button] Props received: {
        variant: 'primary',
        size: 'lg',
        type: 'submit',
        loading: false,
        disabled: false
      }

      at log (src/components/ui/Button.tsx:26:13)

    console.log
      [Button] Has onClick in props: false

      at log (src/components/ui/Button.tsx:27:13)

    console.log
      [Button] All props: {}

      at log (src/components/ui/Button.tsx:28:13)

    console.log
      [Button] Rendering with type: submit

      at log (src/components/ui/Button.tsx:25:13)

    console.log
      [Button] Props received: {
        variant: 'primary',
        size: 'lg',
        type: 'submit',
        loading: false,
        disabled: false
      }

      at log (src/components/ui/Button.tsx:26:13)

    console.log
      [Button] Has onClick in props: false

      at log (src/components/ui/Button.tsx:27:13)

    console.log
      [Button] All props: {}

      at log (src/components/ui/Button.tsx:28:13)

    console.log
      [Button] Rendering with type: submit

      at log (src/components/ui/Button.tsx:25:13)

    console.log
      [Button] Props received: {
        variant: 'primary',
        size: 'lg',
        type: 'submit',
        loading: false,
        disabled: false
      }

      at log (src/components/ui/Button.tsx:26:13)

    console.log
      [Button] Has onClick in props: false

      at log (src/components/ui/Button.tsx:27:13)

    console.log
      [Button] All props: {}

      at log (src/components/ui/Button.tsx:28:13)

    console.log
      [Button] Rendering with type: submit

      at log (src/components/ui/Button.tsx:25:13)

    console.log
      [Button] Props received: {
        variant: 'primary',
        size: 'lg',
        type: 'submit',
        loading: false,
        disabled: false
      }

      at log (src/components/ui/Button.tsx:26:13)

    console.log
      [Button] Has onClick in props: false

      at log (src/components/ui/Button.tsx:27:13)

    console.log
      [Button] All props: {}

      at log (src/components/ui/Button.tsx:28:13)

    console.log
      [Button] Rendering with type: submit

      at log (src/components/ui/Button.tsx:25:13)

    console.log
      [Button] Props received: {
        variant: 'primary',
        size: 'lg',
        type: 'submit',
        loading: false,
        disabled: false
      }

      at log (src/components/ui/Button.tsx:26:13)

    console.log
      [Button] Has onClick in props: false

      at log (src/components/ui/Button.tsx:27:13)

    console.log
      [Button] All props: {}

      at log (src/components/ui/Button.tsx:28:13)

    console.log
      [Button] Rendering with type: submit

      at log (src/components/ui/Button.tsx:25:13)

    console.log
      [Button] Props received: {
        variant: 'primary',
        size: 'lg',
        type: 'submit',
        loading: false,
        disabled: false
      }

      at log (src/components/ui/Button.tsx:26:13)

    console.log
      [Button] Has onClick in props: false

      at log (src/components/ui/Button.tsx:27:13)

    console.log
      [Button] All props: {}

      at log (src/components/ui/Button.tsx:28:13)

    console.log
      [Button] Rendering with type: submit

      at log (src/components/ui/Button.tsx:25:13)

    console.log
      [Button] Props received: {
        variant: 'primary',
        size: 'lg',
        type: 'submit',
        loading: false,
        disabled: false
      }

      at log (src/components/ui/Button.tsx:26:13)

    console.log
      [Button] Has onClick in props: false

      at log (src/components/ui/Button.tsx:27:13)

    console.log
      [Button] All props: {}

      at log (src/components/ui/Button.tsx:28:13)

    console.log
      [Button] Rendering with type: submit

      at log (src/components/ui/Button.tsx:25:13)

    console.log
      [Button] Props received: {
        variant: 'primary',
        size: 'lg',
        type: 'submit',
        loading: false,
        disabled: false
      }

      at log (src/components/ui/Button.tsx:26:13)

    console.log
      [Button] Has onClick in props: false

      at log (src/components/ui/Button.tsx:27:13)

    console.log
      [Button] All props: {}

      at log (src/components/ui/Button.tsx:28:13)

    console.log
      [Button] Rendering with type: submit

      at log (src/components/ui/Button.tsx:25:13)

    console.log
      [Button] Props received: {
        variant: 'primary',
        size: 'lg',
        type: 'submit',
        loading: false,
        disabled: false
      }

      at log (src/components/ui/Button.tsx:26:13)

    console.log
      [Button] Has onClick in props: false

      at log (src/components/ui/Button.tsx:27:13)

    console.log
      [Button] All props: {}

      at log (src/components/ui/Button.tsx:28:13)

    console.log
      [Button] Rendering with type: submit

      at log (src/components/ui/Button.tsx:25:13)

    console.log
      [Button] Props received: {
        variant: 'primary',
        size: 'lg',
        type: 'submit',
        loading: false,
        disabled: false
      }

      at log (src/components/ui/Button.tsx:26:13)

    console.log
      [Button] Has onClick in props: false

      at log (src/components/ui/Button.tsx:27:13)

    console.log
      [Button] All props: {}

      at log (src/components/ui/Button.tsx:28:13)

    console.log
      [Button] Rendering with type: submit

      at log (src/components/ui/Button.tsx:25:13)

    console.log
      [Button] Props received: {
        variant: 'primary',
        size: 'lg',
        type: 'submit',
        loading: false,
        disabled: false
      }

      at log (src/components/ui/Button.tsx:26:13)

    console.log
      [Button] Has onClick in props: false

      at log (src/components/ui/Button.tsx:27:13)

    console.log
      [Button] All props: {}

      at log (src/components/ui/Button.tsx:28:13)

    console.log
      [Button] Rendering with type: submit

      at log (src/components/ui/Button.tsx:25:13)

    console.log
      [Button] Props received: {
        variant: 'primary',
        size: 'lg',
        type: 'submit',
        loading: false,
        disabled: false
      }

      at log (src/components/ui/Button.tsx:26:13)

    console.log
      [Button] Has onClick in props: false

      at log (src/components/ui/Button.tsx:27:13)

    console.log
      [Button] All props: {}

      at log (src/components/ui/Button.tsx:28:13)

    console.log
      [Button] Rendering with type: submit

      at log (src/components/ui/Button.tsx:25:13)

    console.log
      [Button] Props received: {
        variant: 'primary',
        size: 'lg',
        type: 'submit',
        loading: false,
        disabled: false
      }

      at log (src/components/ui/Button.tsx:26:13)

    console.log
      [Button] Has onClick in props: false

      at log (src/components/ui/Button.tsx:27:13)

    console.log
      [Button] All props: {}

      at log (src/components/ui/Button.tsx:28:13)

    console.log
      [Button] Rendering with type: submit

      at log (src/components/ui/Button.tsx:25:13)

    console.log
      [Button] Props received: {
        variant: 'primary',
        size: 'lg',
        type: 'submit',
        loading: false,
        disabled: false
      }

      at log (src/components/ui/Button.tsx:26:13)

    console.log
      [Button] Has onClick in props: false

      at log (src/components/ui/Button.tsx:27:13)

    console.log
      [Button] All props: {}

      at log (src/components/ui/Button.tsx:28:13)

    console.log
      [Button] Rendering with type: submit

      at log (src/components/ui/Button.tsx:25:13)

    console.log
      [Button] Props received: {
        variant: 'primary',
        size: 'lg',
        type: 'submit',
        loading: false,
        disabled: false
      }

      at log (src/components/ui/Button.tsx:26:13)

    console.log
      [Button] Has onClick in props: false

      at log (src/components/ui/Button.tsx:27:13)

    console.log
      [Button] All props: {}

      at log (src/components/ui/Button.tsx:28:13)

    console.log
      [Button] Rendering with type: submit

      at log (src/components/ui/Button.tsx:25:13)

    console.log
      [Button] Props received: {
        variant: 'primary',
        size: 'lg',
        type: 'submit',
        loading: false,
        disabled: false
      }

      at log (src/components/ui/Button.tsx:26:13)

    console.log
      [Button] Has onClick in props: false

      at log (src/components/ui/Button.tsx:27:13)

    console.log
      [Button] All props: {}

      at log (src/components/ui/Button.tsx:28:13)

    console.log
      [Button] Rendering with type: submit

      at log (src/components/ui/Button.tsx:25:13)

    console.log
      [Button] Props received: {
        variant: 'primary',
        size: 'lg',
        type: 'submit',
        loading: false,
        disabled: false
      }

      at log (src/components/ui/Button.tsx:26:13)

    console.log
      [Button] Has onClick in props: false

      at log (src/components/ui/Button.tsx:27:13)

    console.log
      [Button] All props: {}

      at log (src/components/ui/Button.tsx:28:13)

    console.log
      [Button] Rendering with type: submit

      at log (src/components/ui/Button.tsx:25:13)

    console.log
      [Button] Props received: {
        variant: 'primary',
        size: 'lg',
        type: 'submit',
        loading: false,
        disabled: false
      }

      at log (src/components/ui/Button.tsx:26:13)

    console.log
      [Button] Has onClick in props: false

      at log (src/components/ui/Button.tsx:27:13)

    console.log
      [Button] All props: {}

      at log (src/components/ui/Button.tsx:28:13)

    console.log
      [Button] Rendering with type: submit

      at log (src/components/ui/Button.tsx:25:13)

    console.log
      [Button] Props received: {
        variant: 'primary',
        size: 'lg',
        type: 'submit',
        loading: false,
        disabled: false
      }

      at log (src/components/ui/Button.tsx:26:13)

    console.log
      [Button] Has onClick in props: false

      at log (src/components/ui/Button.tsx:27:13)

    console.log
      [Button] All props: {}

      at log (src/components/ui/Button.tsx:28:13)

    console.log
      [Button] Rendering with type: submit

      at log (src/components/ui/Button.tsx:25:13)

    console.log
      [Button] Props received: {
        variant: 'primary',
        size: 'lg',
        type: 'submit',
        loading: false,
        disabled: false
      }

      at log (src/components/ui/Button.tsx:26:13)

    console.log
      [Button] Has onClick in props: false

      at log (src/components/ui/Button.tsx:27:13)

    console.log
      [Button] All props: {}

      at log (src/components/ui/Button.tsx:28:13)

    console.log
      [Button] Rendering with type: submit

      at log (src/components/ui/Button.tsx:25:13)

    console.log
      [Button] Props received: {
        variant: 'primary',
        size: 'lg',
        type: 'submit',
        loading: false,
        disabled: false
      }

      at log (src/components/ui/Button.tsx:26:13)

    console.log
      [Button] Has onClick in props: false

      at log (src/components/ui/Button.tsx:27:13)

    console.log
      [Button] All props: {}

      at log (src/components/ui/Button.tsx:28:13)

    console.log
      [Button] Rendering with type: submit

      at log (src/components/ui/Button.tsx:25:13)

    console.log
      [Button] Props received: {
        variant: 'primary',
        size: 'lg',
        type: 'submit',
        loading: false,
        disabled: false
      }

      at log (src/components/ui/Button.tsx:26:13)

    console.log
      [Button] Has onClick in props: false

      at log (src/components/ui/Button.tsx:27:13)

    console.log
      [Button] All props: {}

      at log (src/components/ui/Button.tsx:28:13)

    console.log
      [Button] Rendering with type: submit

      at log (src/components/ui/Button.tsx:25:13)

    console.log
      [Button] Props received: {
        variant: 'primary',
        size: 'lg',
        type: 'submit',
        loading: false,
        disabled: false
      }

      at log (src/components/ui/Button.tsx:26:13)

    console.log
      [Button] Has onClick in props: false

      at log (src/components/ui/Button.tsx:27:13)

    console.log
      [Button] All props: {}

      at log (src/components/ui/Button.tsx:28:13)

    console.log
      [Button] Rendering with type: submit

      at log (src/components/ui/Button.tsx:25:13)

    console.log
      [Button] Props received: {
        variant: 'primary',
        size: 'lg',
        type: 'submit',
        loading: false,
        disabled: false
      }

      at log (src/components/ui/Button.tsx:26:13)

    console.log
      [Button] Has onClick in props: false

      at log (src/components/ui/Button.tsx:27:13)

    console.log
      [Button] All props: {}

      at log (src/components/ui/Button.tsx:28:13)

    console.log
      [Button] Rendering with type: submit

      at log (src/components/ui/Button.tsx:25:13)

    console.log
      [Button] Props received: {
        variant: 'primary',
        size: 'lg',
        type: 'submit',
        loading: false,
        disabled: false
      }

      at log (src/components/ui/Button.tsx:26:13)

    console.log
      [Button] Has onClick in props: false

      at log (src/components/ui/Button.tsx:27:13)

    console.log
      [Button] All props: {}

      at log (src/components/ui/Button.tsx:28:13)

    console.log
      [Button] Rendering with type: submit

      at log (src/components/ui/Button.tsx:25:13)

    console.log
      [Button] Props received: {
        variant: 'primary',
        size: 'lg',
        type: 'submit',
        loading: false,
        disabled: false
      }

      at log (src/components/ui/Button.tsx:26:13)

    console.log
      [Button] Has onClick in props: false

      at log (src/components/ui/Button.tsx:27:13)

    console.log
      [Button] All props: {}

      at log (src/components/ui/Button.tsx:28:13)

    console.log
      [Button] Rendering with type: submit

      at log (src/components/ui/Button.tsx:25:13)

    console.log
      [Button] Props received: {
        variant: 'primary',
        size: 'lg',
        type: 'submit',
        loading: false,
        disabled: false
      }

      at log (src/components/ui/Button.tsx:26:13)

    console.log
      [Button] Has onClick in props: false

      at log (src/components/ui/Button.tsx:27:13)

    console.log
      [Button] All props: {}

      at log (src/components/ui/Button.tsx:28:13)

    console.log
      [Button] Rendering with type: submit

      at log (src/components/ui/Button.tsx:25:13)

    console.log
      [Button] Props received: {
        variant: 'primary',
        size: 'lg',
        type: 'submit',
        loading: false,
        disabled: false
      }

      at log (src/components/ui/Button.tsx:26:13)

    console.log
      [Button] Has onClick in props: false

      at log (src/components/ui/Button.tsx:27:13)

    console.log
      [Button] All props: {}

      at log (src/components/ui/Button.tsx:28:13)

    console.log
      [Button] Rendering with type: submit

      at log (src/components/ui/Button.tsx:25:13)

    console.log
      [Button] Props received: {
        variant: 'primary',
        size: 'lg',
        type: 'submit',
        loading: false,
        disabled: false
      }

      at log (src/components/ui/Button.tsx:26:13)

    console.log
      [Button] Has onClick in props: false

      at log (src/components/ui/Button.tsx:27:13)

    console.log
      [Button] All props: {}

      at log (src/components/ui/Button.tsx:28:13)

    console.log
      [Button] Rendering with type: submit

      at log (src/components/ui/Button.tsx:25:13)

    console.log
      [Button] Props received: {
        variant: 'primary',
        size: 'lg',
        type: 'submit',
        loading: false,
        disabled: false
      }

      at log (src/components/ui/Button.tsx:26:13)

    console.log
      [Button] Has onClick in props: false

      at log (src/components/ui/Button.tsx:27:13)

    console.log
      [Button] All props: {}

      at log (src/components/ui/Button.tsx:28:13)

    console.log
      [Button] Rendering with type: submit

      at log (src/components/ui/Button.tsx:25:13)

    console.log
      [Button] Props received: {
        variant: 'primary',
        size: 'lg',
        type: 'submit',
        loading: false,
        disabled: false
      }

      at log (src/components/ui/Button.tsx:26:13)

    console.log
      [Button] Has onClick in props: false

      at log (src/components/ui/Button.tsx:27:13)

    console.log
      [Button] All props: {}

      at log (src/components/ui/Button.tsx:28:13)

    console.log
      [Button] Rendering with type: submit

      at log (src/components/ui/Button.tsx:25:13)

    console.log
      [Button] Props received: {
        variant: 'primary',
        size: 'lg',
        type: 'submit',
        loading: false,
        disabled: false
      }

      at log (src/components/ui/Button.tsx:26:13)

    console.log
      [Button] Has onClick in props: false

      at log (src/components/ui/Button.tsx:27:13)

    console.log
      [Button] All props: {}

      at log (src/components/ui/Button.tsx:28:13)

    console.log
      [Button] Rendering with type: submit

      at log (src/components/ui/Button.tsx:25:13)

    console.log
      [Button] Props received: {
        variant: 'primary',
        size: 'lg',
        type: 'submit',
        loading: false,
        disabled: false
      }

      at log (src/components/ui/Button.tsx:26:13)

    console.log
      [Button] Has onClick in props: false

      at log (src/components/ui/Button.tsx:27:13)

    console.log
      [Button] All props: {}

      at log (src/components/ui/Button.tsx:28:13)

    console.log
      [Button] Rendering with type: submit

      at log (src/components/ui/Button.tsx:25:13)

    console.log
      [Button] Props received: {
        variant: 'primary',
        size: 'lg',
        type: 'submit',
        loading: false,
        disabled: false
      }

      at log (src/components/ui/Button.tsx:26:13)

    console.log
      [Button] Has onClick in props: false

      at log (src/components/ui/Button.tsx:27:13)

    console.log
      [Button] All props: {}

      at log (src/components/ui/Button.tsx:28:13)

    console.log
      [Button] Rendering with type: submit

      at log (src/components/ui/Button.tsx:25:13)

    console.log
      [Button] Props received: {
        variant: 'primary',
        size: 'lg',
        type: 'submit',
        loading: false,
        disabled: false
      }

      at log (src/components/ui/Button.tsx:26:13)

    console.log
      [Button] Has onClick in props: false

      at log (src/components/ui/Button.tsx:27:13)

    console.log
      [Button] All props: {}

      at log (src/components/ui/Button.tsx:28:13)

    console.log
      [Button] Rendering with type: submit

      at log (src/components/ui/Button.tsx:25:13)

    console.log
      [Button] Props received: {
        variant: 'primary',
        size: 'lg',
        type: 'submit',
        loading: false,
        disabled: false
      }

      at log (src/components/ui/Button.tsx:26:13)

    console.log
      [Button] Has onClick in props: false

      at log (src/components/ui/Button.tsx:27:13)

    console.log
      [Button] All props: {}

      at log (src/components/ui/Button.tsx:28:13)

    console.log
      [Button] Rendering with type: submit

      at log (src/components/ui/Button.tsx:25:13)

    console.log
      [Button] Props received: {
        variant: 'primary',
        size: 'lg',
        type: 'submit',
        loading: false,
        disabled: false
      }

      at log (src/components/ui/Button.tsx:26:13)

    console.log
      [Button] Has onClick in props: false

      at log (src/components/ui/Button.tsx:27:13)

    console.log
      [Button] All props: {}

      at log (src/components/ui/Button.tsx:28:13)

    console.log
      [Button] Rendering with type: submit

      at log (src/components/ui/Button.tsx:25:13)

    console.log
      [Button] Props received: {
        variant: 'primary',
        size: 'lg',
        type: 'submit',
        loading: false,
        disabled: false
      }

      at log (src/components/ui/Button.tsx:26:13)

    console.log
      [Button] Has onClick in props: false

      at log (src/components/ui/Button.tsx:27:13)

    console.log
      [Button] All props: {}

      at log (src/components/ui/Button.tsx:28:13)

    console.log
      [Button] Rendering with type: submit

      at log (src/components/ui/Button.tsx:25:13)

    console.log
      [Button] Props received: {
        variant: 'primary',
        size: 'lg',
        type: 'submit',
        loading: false,
        disabled: false
      }

      at log (src/components/ui/Button.tsx:26:13)

    console.log
      [Button] Has onClick in props: false

      at log (src/components/ui/Button.tsx:27:13)

    console.log
      [Button] All props: {}

      at log (src/components/ui/Button.tsx:28:13)

    console.log
      [Button] Rendering with type: submit

      at log (src/components/ui/Button.tsx:25:13)

    console.log
      [Button] Props received: {
        variant: 'primary',
        size: 'lg',
        type: 'submit',
        loading: false,
        disabled: false
      }

      at log (src/components/ui/Button.tsx:26:13)

    console.log
      [Button] Has onClick in props: false

      at log (src/components/ui/Button.tsx:27:13)

    console.log
      [Button] All props: {}

      at log (src/components/ui/Button.tsx:28:13)

    console.log
      [Button] Rendering with type: submit

      at log (src/components/ui/Button.tsx:25:13)

    console.log
      [Button] Props received: {
        variant: 'primary',
        size: 'lg',
        type: 'submit',
        loading: false,
        disabled: false
      }

      at log (src/components/ui/Button.tsx:26:13)

    console.log
      [Button] Has onClick in props: false

      at log (src/components/ui/Button.tsx:27:13)

    console.log
      [Button] All props: {}

      at log (src/components/ui/Button.tsx:28:13)

    console.log
      [Button] Rendering with type: submit

      at log (src/components/ui/Button.tsx:25:13)

    console.log
      [Button] Props received: {
        variant: 'primary',
        size: 'lg',
        type: 'submit',
        loading: false,
        disabled: false
      }

      at log (src/components/ui/Button.tsx:26:13)

    console.log
      [Button] Has onClick in props: false

      at log (src/components/ui/Button.tsx:27:13)

    console.log
      [Button] All props: {}

      at log (src/components/ui/Button.tsx:28:13)

    console.log
      [Button] Rendering with type: submit

      at log (src/components/ui/Button.tsx:25:13)

    console.log
      [Button] Props received: {
        variant: 'primary',
        size: 'lg',
        type: 'submit',
        loading: false,
        disabled: false
      }

      at log (src/components/ui/Button.tsx:26:13)

    console.log
      [Button] Has onClick in props: false

      at log (src/components/ui/Button.tsx:27:13)

    console.log
      [Button] All props: {}

      at log (src/components/ui/Button.tsx:28:13)

    console.log
      [Button] Rendering with type: submit

      at log (src/components/ui/Button.tsx:25:13)

    console.log
      [Button] Props received: {
        variant: 'primary',
        size: 'lg',
        type: 'submit',
        loading: false,
        disabled: false
      }

      at log (src/components/ui/Button.tsx:26:13)

    console.log
      [Button] Has onClick in props: false

      at log (src/components/ui/Button.tsx:27:13)

    console.log
      [Button] All props: {}

      at log (src/components/ui/Button.tsx:28:13)

    console.log
      [Button] Rendering with type: submit

      at log (src/components/ui/Button.tsx:25:13)

    console.log
      [Button] Props received: {
        variant: 'primary',
        size: 'lg',
        type: 'submit',
        loading: false,
        disabled: false
      }

      at log (src/components/ui/Button.tsx:26:13)

    console.log
      [Button] Has onClick in props: false

      at log (src/components/ui/Button.tsx:27:13)

    console.log
      [Button] All props: {}

      at log (src/components/ui/Button.tsx:28:13)

    console.log
      [Button] Rendering with type: submit

      at log (src/components/ui/Button.tsx:25:13)

    console.log
      [Button] Props received: {
        variant: 'primary',
        size: 'lg',
        type: 'submit',
        loading: false,
        disabled: false
      }

      at log (src/components/ui/Button.tsx:26:13)

    console.log
      [Button] Has onClick in props: false

      at log (src/components/ui/Button.tsx:27:13)

    console.log
      [Button] All props: {}

      at log (src/components/ui/Button.tsx:28:13)

    console.log
      [Button] Rendering with type: submit

      at log (src/components/ui/Button.tsx:25:13)

    console.log
      [Button] Props received: {
        variant: 'primary',
        size: 'lg',
        type: 'submit',
        loading: false,
        disabled: false
      }

      at log (src/components/ui/Button.tsx:26:13)

    console.log
      [Button] Has onClick in props: false

      at log (src/components/ui/Button.tsx:27:13)

    console.log
      [Button] All props: {}

      at log (src/components/ui/Button.tsx:28:13)

    console.log
      [Button] Rendering with type: submit

      at log (src/components/ui/Button.tsx:25:13)

    console.log
      [Button] Props received: {
        variant: 'primary',
        size: 'lg',
        type: 'submit',
        loading: false,
        disabled: false
      }

      at log (src/components/ui/Button.tsx:26:13)

    console.log
      [Button] Has onClick in props: false

      at log (src/components/ui/Button.tsx:27:13)

    console.log
      [Button] All props: {}

      at log (src/components/ui/Button.tsx:28:13)

    console.log
      [Button] Rendering with type: submit

      at log (src/components/ui/Button.tsx:25:13)

    console.log
      [Button] Props received: {
        variant: 'primary',
        size: 'lg',
        type: 'submit',
        loading: false,
        disabled: false
      }

      at log (src/components/ui/Button.tsx:26:13)

    console.log
      [Button] Has onClick in props: false

      at log (src/components/ui/Button.tsx:27:13)

    console.log
      [Button] All props: {}

      at log (src/components/ui/Button.tsx:28:13)

    console.log
      [Button] Rendering with type: submit

      at log (src/components/ui/Button.tsx:25:13)

    console.log
      [Button] Props received: {
        variant: 'primary',
        size: 'lg',
        type: 'submit',
        loading: false,
        disabled: false
      }

      at log (src/components/ui/Button.tsx:26:13)

    console.log
      [Button] Has onClick in props: false

      at log (src/components/ui/Button.tsx:27:13)

    console.log
      [Button] All props: {}

      at log (src/components/ui/Button.tsx:28:13)

    console.log
      [Button] Rendering with type: submit

      at log (src/components/ui/Button.tsx:25:13)

    console.log
      [Button] Props received: {
        variant: 'primary',
        size: 'lg',
        type: 'submit',
        loading: false,
        disabled: false
      }

      at log (src/components/ui/Button.tsx:26:13)

    console.log
      [Button] Has onClick in props: false

      at log (src/components/ui/Button.tsx:27:13)

    console.log
      [Button] All props: {}

      at log (src/components/ui/Button.tsx:28:13)

    console.log
      [Button] Rendering with type: submit

      at log (src/components/ui/Button.tsx:25:13)

    console.log
      [Button] Props received: {
        variant: 'primary',
        size: 'lg',
        type: 'submit',
        loading: false,
        disabled: false
      }

      at log (src/components/ui/Button.tsx:26:13)

    console.log
      [Button] Has onClick in props: false

      at log (src/components/ui/Button.tsx:27:13)

    console.log
      [Button] All props: {}

      at log (src/components/ui/Button.tsx:28:13)

    console.log
      [Button] Rendering with type: submit

      at log (src/components/ui/Button.tsx:25:13)

    console.log
      [Button] Props received: {
        variant: 'primary',
        size: 'lg',
        type: 'submit',
        loading: false,
        disabled: false
      }

      at log (src/components/ui/Button.tsx:26:13)

    console.log
      [Button] Has onClick in props: false

      at log (src/components/ui/Button.tsx:27:13)

    console.log
      [Button] All props: {}

      at log (src/components/ui/Button.tsx:28:13)

    console.log
      [Button] Rendering with type: submit

      at log (src/components/ui/Button.tsx:25:13)

    console.log
      [Button] Props received: {
        variant: 'primary',
        size: 'lg',
        type: 'submit',
        loading: false,
        disabled: false
      }

      at log (src/components/ui/Button.tsx:26:13)

    console.log
      [Button] Has onClick in props: false

      at log (src/components/ui/Button.tsx:27:13)

    console.log
      [Button] All props: {}

      at log (src/components/ui/Button.tsx:28:13)

    console.log
      [Button] Rendering with type: submit

      at log (src/components/ui/Button.tsx:25:13)

    console.log
      [Button] Props received: {
        variant: 'primary',
        size: 'lg',
        type: 'submit',
        loading: false,
        disabled: false
      }

      at log (src/components/ui/Button.tsx:26:13)

    console.log
      [Button] Has onClick in props: false

      at log (src/components/ui/Button.tsx:27:13)

    console.log
      [Button] All props: {}

      at log (src/components/ui/Button.tsx:28:13)

    console.log
      [Button] Rendering with type: submit

      at log (src/components/ui/Button.tsx:25:13)

    console.log
      [Button] Props received: {
        variant: 'primary',
        size: 'lg',
        type: 'submit',
        loading: false,
        disabled: false
      }

      at log (src/components/ui/Button.tsx:26:13)

    console.log
      [Button] Has onClick in props: false

      at log (src/components/ui/Button.tsx:27:13)

    console.log
      [Button] All props: {}

      at log (src/components/ui/Button.tsx:28:13)

    console.log
      [Button] Rendering with type: submit

      at log (src/components/ui/Button.tsx:25:13)

    console.log
      [Button] Props received: {
        variant: 'primary',
        size: 'lg',
        type: 'submit',
        loading: false,
        disabled: false
      }

      at log (src/components/ui/Button.tsx:26:13)

    console.log
      [Button] Has onClick in props: false

      at log (src/components/ui/Button.tsx:27:13)

    console.log
      [Button] All props: {}

      at log (src/components/ui/Button.tsx:28:13)

    console.log
      [Button] Rendering with type: submit

      at log (src/components/ui/Button.tsx:25:13)

    console.log
      [Button] Props received: {
        variant: 'primary',
        size: 'lg',
        type: 'submit',
        loading: false,
        disabled: false
      }

      at log (src/components/ui/Button.tsx:26:13)

    console.log
      [Button] Has onClick in props: false

      at log (src/components/ui/Button.tsx:27:13)

    console.log
      [Button] All props: {}

      at log (src/components/ui/Button.tsx:28:13)

    console.log
      [Button] Rendering with type: submit

      at log (src/components/ui/Button.tsx:25:13)

    console.log
      [Button] Props received: {
        variant: 'primary',
        size: 'lg',
        type: 'submit',
        loading: false,
        disabled: false
      }

      at log (src/components/ui/Button.tsx:26:13)

    console.log
      [Button] Has onClick in props: false

      at log (src/components/ui/Button.tsx:27:13)

    console.log
      [Button] All props: {}

      at log (src/components/ui/Button.tsx:28:13)

    console.log
      [Button] Rendering with type: submit

      at log (src/components/ui/Button.tsx:25:13)

    console.log
      [Button] Props received: {
        variant: 'primary',
        size: 'lg',
        type: 'submit',
        loading: false,
        disabled: false
      }

      at log (src/components/ui/Button.tsx:26:13)

    console.log
      [Button] Has onClick in props: false

      at log (src/components/ui/Button.tsx:27:13)

    console.log
      [Button] All props: {}

      at log (src/components/ui/Button.tsx:28:13)

    console.log
      [Button] Rendering with type: submit

      at log (src/components/ui/Button.tsx:25:13)

    console.log
      [Button] Props received: {
        variant: 'primary',
        size: 'lg',
        type: 'submit',
        loading: false,
        disabled: false
      }

      at log (src/components/ui/Button.tsx:26:13)

    console.log
      [Button] Has onClick in props: false

      at log (src/components/ui/Button.tsx:27:13)

    console.log
      [Button] All props: {}

      at log (src/components/ui/Button.tsx:28:13)

    console.log
      [Button] Rendering with type: submit

      at log (src/components/ui/Button.tsx:25:13)

    console.log
      [Button] Props received: {
        variant: 'primary',
        size: 'lg',
        type: 'submit',
        loading: false,
        disabled: false
      }

      at log (src/components/ui/Button.tsx:26:13)

    console.log
      [Button] Has onClick in props: false

      at log (src/components/ui/Button.tsx:27:13)

    console.log
      [Button] All props: {}

      at log (src/components/ui/Button.tsx:28:13)

    console.log
      [Button] Rendering with type: submit

      at log (src/components/ui/Button.tsx:25:13)

    console.log
      [Button] Props received: {
        variant: 'primary',
        size: 'lg',
        type: 'submit',
        loading: false,
        disabled: false
      }

      at log (src/components/ui/Button.tsx:26:13)

    console.log
      [Button] Has onClick in props: false

      at log (src/components/ui/Button.tsx:27:13)

    console.log
      [Button] All props: {}

      at log (src/components/ui/Button.tsx:28:13)

    console.log
      [Button] Rendering with type: submit

      at log (src/components/ui/Button.tsx:25:13)

    console.log
      [Button] Props received: {
        variant: 'primary',
        size: 'lg',
        type: 'submit',
        loading: false,
        disabled: false
      }

      at log (src/components/ui/Button.tsx:26:13)

    console.log
      [Button] Has onClick in props: false

      at log (src/components/ui/Button.tsx:27:13)

    console.log
      [Button] All props: {}

      at log (src/components/ui/Button.tsx:28:13)

    console.log
      [Button] Rendering with type: submit

      at log (src/components/ui/Button.tsx:25:13)

    console.log
      [Button] Props received: {
        variant: 'primary',
        size: 'lg',
        type: 'submit',
        loading: false,
        disabled: false
      }

      at log (src/components/ui/Button.tsx:26:13)

    console.log
      [Button] Has onClick in props: false

      at log (src/components/ui/Button.tsx:27:13)

    console.log
      [Button] All props: {}

      at log (src/components/ui/Button.tsx:28:13)

    console.log
      [Button] Rendering with type: submit

      at log (src/components/ui/Button.tsx:25:13)

    console.log
      [Button] Props received: {
        variant: 'primary',
        size: 'lg',
        type: 'submit',
        loading: false,
        disabled: false
      }

      at log (src/components/ui/Button.tsx:26:13)

    console.log
      [Button] Has onClick in props: false

      at log (src/components/ui/Button.tsx:27:13)

    console.log
      [Button] All props: {}

      at log (src/components/ui/Button.tsx:28:13)

    console.log
      [Button] Rendering with type: submit

      at log (src/components/ui/Button.tsx:25:13)

    console.log
      [Button] Props received: {
        variant: 'primary',
        size: 'lg',
        type: 'submit',
        loading: false,
        disabled: false
      }

      at log (src/components/ui/Button.tsx:26:13)

    console.log
      [Button] Has onClick in props: false

      at log (src/components/ui/Button.tsx:27:13)

    console.log
      [Button] All props: {}

      at log (src/components/ui/Button.tsx:28:13)

    console.log
      [Button] Rendering with type: submit

      at log (src/components/ui/Button.tsx:25:13)

    console.log
      [Button] Props received: {
        variant: 'primary',
        size: 'lg',
        type: 'submit',
        loading: false,
        disabled: false
      }

      at log (src/components/ui/Button.tsx:26:13)

    console.log
      [Button] Has onClick in props: false

      at log (src/components/ui/Button.tsx:27:13)

    console.log
      [Button] All props: {}

      at log (src/components/ui/Button.tsx:28:13)

    console.log
      [Button] Rendering with type: submit

      at log (src/components/ui/Button.tsx:25:13)

    console.log
      [Button] Props received: {
        variant: 'primary',
        size: 'lg',
        type: 'submit',
        loading: false,
        disabled: false
      }

      at log (src/components/ui/Button.tsx:26:13)

    console.log
      [Button] Has onClick in props: false

      at log (src/components/ui/Button.tsx:27:13)

    console.log
      [Button] All props: {}

      at log (src/components/ui/Button.tsx:28:13)

    console.log
      [Button] Rendering with type: submit

      at log (src/components/ui/Button.tsx:25:13)

    console.log
      [Button] Props received: {
        variant: 'primary',
        size: 'lg',
        type: 'submit',
        loading: false,
        disabled: false
      }

      at log (src/components/ui/Button.tsx:26:13)

    console.log
      [Button] Has onClick in props: false

      at log (src/components/ui/Button.tsx:27:13)

    console.log
      [Button] All props: {}

      at log (src/components/ui/Button.tsx:28:13)

    console.log
      [Button] Rendering with type: submit

      at log (src/components/ui/Button.tsx:25:13)

    console.log
      [Button] Props received: {
        variant: 'primary',
        size: 'lg',
        type: 'submit',
        loading: false,
        disabled: false
      }

      at log (src/components/ui/Button.tsx:26:13)

    console.log
      [Button] Has onClick in props: false

      at log (src/components/ui/Button.tsx:27:13)

    console.log
      [Button] All props: {}

      at log (src/components/ui/Button.tsx:28:13)

    console.log
      [Button] Rendering with type: submit

      at log (src/components/ui/Button.tsx:25:13)

    console.log
      [Button] Props received: {
        variant: 'primary',
        size: 'lg',
        type: 'submit',
        loading: false,
        disabled: false
      }

      at log (src/components/ui/Button.tsx:26:13)

    console.log
      [Button] Has onClick in props: false

      at log (src/components/ui/Button.tsx:27:13)

    console.log
      [Button] All props: {}

      at log (src/components/ui/Button.tsx:28:13)

    console.log
      [Button] Rendering with type: submit

      at log (src/components/ui/Button.tsx:25:13)

    console.log
      [Button] Props received: {
        variant: 'primary',
        size: 'lg',
        type: 'submit',
        loading: false,
        disabled: false
      }

      at log (src/components/ui/Button.tsx:26:13)

    console.log
      [Button] Has onClick in props: false

      at log (src/components/ui/Button.tsx:27:13)

    console.log
      [Button] All props: {}

      at log (src/components/ui/Button.tsx:28:13)

    console.log
      [Button] Rendering with type: submit

      at log (src/components/ui/Button.tsx:25:13)

    console.log
      [Button] Props received: {
        variant: 'primary',
        size: 'lg',
        type: 'submit',
        loading: false,
        disabled: false
      }

      at log (src/components/ui/Button.tsx:26:13)

    console.log
      [Button] Has onClick in props: false

      at log (src/components/ui/Button.tsx:27:13)

    console.log
      [Button] All props: {}

      at log (src/components/ui/Button.tsx:28:13)

    console.log
      [Button] Rendering with type: submit

      at log (src/components/ui/Button.tsx:25:13)

    console.log
      [Button] Props received: {
        variant: 'primary',
        size: 'lg',
        type: 'submit',
        loading: false,
        disabled: false
      }

      at log (src/components/ui/Button.tsx:26:13)

    console.log
      [Button] Has onClick in props: false

      at log (src/components/ui/Button.tsx:27:13)

    console.log
      [Button] All props: {}

      at log (src/components/ui/Button.tsx:28:13)

    console.log
      [Button] Rendering with type: submit

      at log (src/components/ui/Button.tsx:25:13)

    console.log
      [Button] Props received: {
        variant: 'primary',
        size: 'lg',
        type: 'submit',
        loading: false,
        disabled: false
      }

      at log (src/components/ui/Button.tsx:26:13)

    console.log
      [Button] Has onClick in props: false

      at log (src/components/ui/Button.tsx:27:13)

    console.log
      [Button] All props: {}

      at log (src/components/ui/Button.tsx:28:13)

    console.log
      [Button] Rendering with type: submit

      at log (src/components/ui/Button.tsx:25:13)

    console.log
      [Button] Props received: {
        variant: 'primary',
        size: 'lg',
        type: 'submit',
        loading: false,
        disabled: false
      }

      at log (src/components/ui/Button.tsx:26:13)

    console.log
      [Button] Has onClick in props: false

      at log (src/components/ui/Button.tsx:27:13)

    console.log
      [Button] All props: {}

      at log (src/components/ui/Button.tsx:28:13)

    console.log
      [Button] Rendering with type: submit

      at log (src/components/ui/Button.tsx:25:13)

    console.log
      [Button] Props received: {
        variant: 'primary',
        size: 'lg',
        type: 'submit',
        loading: false,
        disabled: false
      }

      at log (src/components/ui/Button.tsx:26:13)

    console.log
      [Button] Has onClick in props: false

      at log (src/components/ui/Button.tsx:27:13)

    console.log
      [Button] All props: {}

      at log (src/components/ui/Button.tsx:28:13)

    console.log
      [Button] Rendering with type: submit

      at log (src/components/ui/Button.tsx:25:13)

    console.log
      [Button] Props received: {
        variant: 'primary',
        size: 'lg',
        type: 'submit',
        loading: false,
        disabled: false
      }

      at log (src/components/ui/Button.tsx:26:13)

    console.log
      [Button] Has onClick in props: false

      at log (src/components/ui/Button.tsx:27:13)

    console.log
      [Button] All props: {}

      at log (src/components/ui/Button.tsx:28:13)

    console.log
      [Button] Rendering with type: submit

      at log (src/components/ui/Button.tsx:25:13)

    console.log
      [Button] Props received: {
        variant: 'primary',
        size: 'lg',
        type: 'submit',
        loading: false,
        disabled: false
      }

      at log (src/components/ui/Button.tsx:26:13)

    console.log
      [Button] Has onClick in props: false

      at log (src/components/ui/Button.tsx:27:13)

    console.log
      [Button] All props: {}

      at log (src/components/ui/Button.tsx:28:13)

    console.log
      [Button] Rendering with type: submit

      at log (src/components/ui/Button.tsx:25:13)

    console.log
      [Button] Props received: {
        variant: 'primary',
        size: 'lg',
        type: 'submit',
        loading: false,
        disabled: false
      }

      at log (src/components/ui/Button.tsx:26:13)

    console.log
      [Button] Has onClick in props: false

      at log (src/components/ui/Button.tsx:27:13)

    console.log
      [Button] All props: {}

      at log (src/components/ui/Button.tsx:28:13)

    console.log
      [Button] Rendering with type: submit

      at log (src/components/ui/Button.tsx:25:13)

    console.log
      [Button] Props received: {
        variant: 'primary',
        size: 'lg',
        type: 'submit',
        loading: false,
        disabled: false
      }

      at log (src/components/ui/Button.tsx:26:13)

    console.log
      [Button] Has onClick in props: false

      at log (src/components/ui/Button.tsx:27:13)

    console.log
      [Button] All props: {}

      at log (src/components/ui/Button.tsx:28:13)

    console.log
      [Button] Rendering with type: submit

      at log (src/components/ui/Button.tsx:25:13)

    console.log
      [Button] Props received: {
        variant: 'primary',
        size: 'lg',
        type: 'submit',
        loading: false,
        disabled: false
      }

      at log (src/components/ui/Button.tsx:26:13)

    console.log
      [Button] Has onClick in props: false

      at log (src/components/ui/Button.tsx:27:13)

    console.log
      [Button] All props: {}

      at log (src/components/ui/Button.tsx:28:13)

    console.log
      [Button] Rendering with type: submit

      at log (src/components/ui/Button.tsx:25:13)

    console.log
      [Button] Props received: {
        variant: 'primary',
        size: 'lg',
        type: 'submit',
        loading: false,
        disabled: false
      }

      at log (src/components/ui/Button.tsx:26:13)

    console.log
      [Button] Has onClick in props: false

      at log (src/components/ui/Button.tsx:27:13)

    console.log
      [Button] All props: {}

      at log (src/components/ui/Button.tsx:28:13)

    console.log
      [Button] Rendering with type: submit

      at log (src/components/ui/Button.tsx:25:13)

    console.log
      [Button] Props received: {
        variant: 'primary',
        size: 'lg',
        type: 'submit',
        loading: false,
        disabled: false
      }

      at log (src/components/ui/Button.tsx:26:13)

    console.log
      [Button] Has onClick in props: false

      at log (src/components/ui/Button.tsx:27:13)

    console.log
      [Button] All props: {}

      at log (src/components/ui/Button.tsx:28:13)

    console.log
      [Button] Rendering with type: submit

      at log (src/components/ui/Button.tsx:25:13)

    console.log
      [Button] Props received: {
        variant: 'primary',
        size: 'lg',
        type: 'submit',
        loading: false,
        disabled: false
      }

      at log (src/components/ui/Button.tsx:26:13)

    console.log
      [Button] Has onClick in props: false

      at log (src/components/ui/Button.tsx:27:13)

    console.log
      [Button] All props: {}

      at log (src/components/ui/Button.tsx:28:13)

    console.log
      [Button] Rendering with type: submit

      at log (src/components/ui/Button.tsx:25:13)

    console.log
      [Button] Props received: {
        variant: 'primary',
        size: 'lg',
        type: 'submit',
        loading: false,
        disabled: false
      }

      at log (src/components/ui/Button.tsx:26:13)

    console.log
      [Button] Has onClick in props: false

      at log (src/components/ui/Button.tsx:27:13)

    console.log
      [Button] All props: {}

      at log (src/components/ui/Button.tsx:28:13)

    console.log
      [Button] Rendering with type: submit

      at log (src/components/ui/Button.tsx:25:13)

    console.log
      [Button] Props received: {
        variant: 'primary',
        size: 'lg',
        type: 'submit',
        loading: false,
        disabled: false
      }

      at log (src/components/ui/Button.tsx:26:13)

    console.log
      [Button] Has onClick in props: false

      at log (src/components/ui/Button.tsx:27:13)

    console.log
      [Button] All props: {}

      at log (src/components/ui/Button.tsx:28:13)

    console.log
      [Button] Rendering with type: submit

      at log (src/components/ui/Button.tsx:25:13)

    console.log
      [Button] Props received: {
        variant: 'primary',
        size: 'lg',
        type: 'submit',
        loading: false,
        disabled: false
      }

      at log (src/components/ui/Button.tsx:26:13)

    console.log
      [Button] Has onClick in props: false

      at log (src/components/ui/Button.tsx:27:13)

    console.log
      [Button] All props: {}

      at log (src/components/ui/Button.tsx:28:13)

    console.log
      [Button] Rendering with type: submit

      at log (src/components/ui/Button.tsx:25:13)

    console.log
      [Button] Props received: {
        variant: 'primary',
        size: 'lg',
        type: 'submit',
        loading: false,
        disabled: false
      }

      at log (src/components/ui/Button.tsx:26:13)

    console.log
      [Button] Has onClick in props: false

      at log (src/components/ui/Button.tsx:27:13)

    console.log
      [Button] All props: {}

      at log (src/components/ui/Button.tsx:28:13)

    console.log
      [Button] Rendering with type: submit

      at log (src/components/ui/Button.tsx:25:13)

    console.log
      [Button] Props received: {
        variant: 'primary',
        size: 'lg',
        type: 'submit',
        loading: false,
        disabled: false
      }

      at log (src/components/ui/Button.tsx:26:13)

    console.log
      [Button] Has onClick in props: false

      at log (src/components/ui/Button.tsx:27:13)

    console.log
      [Button] All props: {}

      at log (src/components/ui/Button.tsx:28:13)

    console.log
      [Button] Rendering with type: submit

      at log (src/components/ui/Button.tsx:25:13)

    console.log
      [Button] Props received: {
        variant: 'primary',
        size: 'lg',
        type: 'submit',
        loading: false,
        disabled: false
      }

      at log (src/components/ui/Button.tsx:26:13)

    console.log
      [Button] Has onClick in props: false

      at log (src/components/ui/Button.tsx:27:13)

    console.log
      [Button] All props: {}

      at log (src/components/ui/Button.tsx:28:13)

    console.log
      [Button] Rendering with type: submit

      at log (src/components/ui/Button.tsx:25:13)

    console.log
      [Button] Props received: {
        variant: 'primary',
        size: 'lg',
        type: 'submit',
        loading: false,
        disabled: false
      }

      at log (src/components/ui/Button.tsx:26:13)

    console.log
      [Button] Has onClick in props: false

      at log (src/components/ui/Button.tsx:27:13)

    console.log
      [Button] All props: {}

      at log (src/components/ui/Button.tsx:28:13)

    console.log
      [Button] Rendering with type: submit

      at log (src/components/ui/Button.tsx:25:13)

    console.log
      [Button] Props received: {
        variant: 'primary',
        size: 'lg',
        type: 'submit',
        loading: false,
        disabled: false
      }

      at log (src/components/ui/Button.tsx:26:13)

    console.log
      [Button] Has onClick in props: false

      at log (src/components/ui/Button.tsx:27:13)

    console.log
      [Button] All props: {}

      at log (src/components/ui/Button.tsx:28:13)

    console.log
      [Button] Rendering with type: submit

      at log (src/components/ui/Button.tsx:25:13)

    console.log
      [Button] Props received: {
        variant: 'primary',
        size: 'lg',
        type: 'submit',
        loading: false,
        disabled: false
      }

      at log (src/components/ui/Button.tsx:26:13)

    console.log
      [Button] Has onClick in props: false

      at log (src/components/ui/Button.tsx:27:13)

    console.log
      [Button] All props: {}

      at log (src/components/ui/Button.tsx:28:13)

    console.log
      [Button] Rendering with type: submit

      at log (src/components/ui/Button.tsx:25:13)

    console.log
      [Button] Props received: {
        variant: 'primary',
        size: 'lg',
        type: 'submit',
        loading: false,
        disabled: false
      }

      at log (src/components/ui/Button.tsx:26:13)

    console.log
      [Button] Has onClick in props: false

      at log (src/components/ui/Button.tsx:27:13)

    console.log
      [Button] All props: {}

      at log (src/components/ui/Button.tsx:28:13)

    console.log
      [Button] Rendering with type: submit

      at log (src/components/ui/Button.tsx:25:13)

    console.log
      [Button] Props received: {
        variant: 'primary',
        size: 'lg',
        type: 'submit',
        loading: false,
        disabled: false
      }

      at log (src/components/ui/Button.tsx:26:13)

    console.log
      [Button] Has onClick in props: false

      at log (src/components/ui/Button.tsx:27:13)

    console.log
      [Button] All props: {}

      at log (src/components/ui/Button.tsx:28:13)

    console.log
      [Button] Rendering with type: submit

      at log (src/components/ui/Button.tsx:25:13)

    console.log
      [Button] Props received: {
        variant: 'primary',
        size: 'lg',
        type: 'submit',
        loading: false,
        disabled: false
      }

      at log (src/components/ui/Button.tsx:26:13)

    console.log
      [Button] Has onClick in props: false

      at log (src/components/ui/Button.tsx:27:13)

    console.log
      [Button] All props: {}

      at log (src/components/ui/Button.tsx:28:13)

    console.log
      [Button] Rendering with type: submit

      at log (src/components/ui/Button.tsx:25:13)

    console.log
      [Button] Props received: {
        variant: 'primary',
        size: 'lg',
        type: 'submit',
        loading: false,
        disabled: false
      }

      at log (src/components/ui/Button.tsx:26:13)

    console.log
      [Button] Has onClick in props: false

      at log (src/components/ui/Button.tsx:27:13)

    console.log
      [Button] All props: {}

      at log (src/components/ui/Button.tsx:28:13)

    console.log
      [Button] Rendering with type: submit

      at log (src/components/ui/Button.tsx:25:13)

    console.log
      [Button] Props received: {
        variant: 'primary',
        size: 'lg',
        type: 'submit',
        loading: false,
        disabled: false
      }

      at log (src/components/ui/Button.tsx:26:13)

    console.log
      [Button] Has onClick in props: false

      at log (src/components/ui/Button.tsx:27:13)

    console.log
      [Button] All props: {}

      at log (src/components/ui/Button.tsx:28:13)

    console.log
      [Button] Rendering with type: submit

      at log (src/components/ui/Button.tsx:25:13)

    console.log
      [Button] Props received: {
        variant: 'primary',
        size: 'lg',
        type: 'submit',
        loading: false,
        disabled: false
      }

      at log (src/components/ui/Button.tsx:26:13)

    console.log
      [Button] Has onClick in props: false

      at log (src/components/ui/Button.tsx:27:13)

    console.log
      [Button] All props: {}

      at log (src/components/ui/Button.tsx:28:13)

    console.log
      [Button] Rendering with type: submit

      at log (src/components/ui/Button.tsx:25:13)

    console.log
      [Button] Props received: {
        variant: 'primary',
        size: 'lg',
        type: 'submit',
        loading: true,
        disabled: true
      }

      at log (src/components/ui/Button.tsx:26:13)

    console.log
      [Button] Has onClick in props: false

      at log (src/components/ui/Button.tsx:27:13)

    console.log
      [Button] All props: {}

      at log (src/components/ui/Button.tsx:28:13)

    console.log
      Form submission started

      at log (src/hooks/useLoginForm.ts:200:13)

    console.log
      Default behavior prevented

      at log (src/hooks/useLoginForm.ts:203:15)

    console.log
      [LoginFlowTracer] Trace started: 74d3e14a-a4f3-4131-98f5-0b3ae1fbe9e4

      at log (src/lib/auth/LoginFlowTracer.ts:52:15)

    console.log
      [useLoginForm] Login flow started { traceId: '74d3e14a-a4f3-4131-98f5-0b3ae1fbe9e4' }

      at log (src/hooks/useLoginForm.ts:208:13)

    console.log
      [useLoginForm] Calling API client login method { traceId: '74d3e14a-a4f3-4131-98f5-0b3ae1fbe9e4' }

      at log (src/hooks/useLoginForm.ts:230:15)

    console.log
      [AuthService] Login attempt {
        email: 'test@example.com',
        traceId: '74d3e14a-a4f3-4131-98f5-0b3ae1fbe9e4'
      }

      at AuthService.log [as login] (src/lib/api/authService.ts:140:15)

    console.log
      [AuthService] Calling backend API { traceId: '74d3e14a-a4f3-4131-98f5-0b3ae1fbe9e4' }

      at AuthService.log [as login] (src/lib/api/authService.ts:168:15)

    console.log
      [TokenManager] getToken attempt {
        storageKey: 'jwt_token',
        source: undefined,
        traceId: undefined,
        timestamp: '2026-02-08T19:37:16.169Z'
      }

      at log (src/lib/api/tokenManager.ts:322:11)

    console.log
      [TokenManager] Raw value retrieved {
        storageKey: 'jwt_token',
        valuePresent: false,
        valueLength: 0,
        valuePreview: 'null',
        traceId: undefined
      }

      at log (src/lib/api/tokenManager.ts:335:15)

    console.log
      [TokenManager] No token found in storage { storageKey: 'jwt_token', traceId: undefined }

      at log (src/lib/api/tokenManager.ts:358:21)

    console.warn
      [AuthLogger 2026-02-08T19:37:16.172Z] Token get failed

       98 |   } else {
       99 |     // In production, log minimal info
    > 100 |     consoleMethod(message);
          |     ^
      101 |   }
      102 | }
      103 |

      at consoleMethod (src/lib/auth/AuthLogger.ts:100:5)
      at log (src/lib/auth/AuthLogger.ts:175:3)
      at getToken (src/lib/api/tokenManager.ts:362:30)
      at src/lib/api/apiClient.ts:53:29
      at ApiClient.interceptor [as request] (src/lib/api/apiClient.ts:195:24)
      at ApiClient.request [as post] (src/lib/api/apiClient.ts:114:17)
      at AuthService.post [as login] (src/lib/api/authService.ts:169:45)
      at login (src/hooks/useLoginForm.ts:231:40)
      at errors (node_modules/react-hook-form/src/logic/createFormControl.ts:1293:24)

    console.log
      [TokenManager] getToken attempt {
        storageKey: 'jwt_token',
        source: undefined,
        traceId: undefined,
        timestamp: '2026-02-08T19:37:16.173Z'
      }

      at log (src/lib/api/tokenManager.ts:322:11)

    console.log
      [TokenManager] Raw value retrieved {
        storageKey: 'jwt_token',
        valuePresent: false,
        valueLength: 0,
        valuePreview: 'null',
        traceId: undefined
      }

      at log (src/lib/api/tokenManager.ts:335:15)

    console.log
      [TokenManager] No token found in storage { storageKey: 'jwt_token', traceId: undefined }

      at log (src/lib/api/tokenManager.ts:358:21)

    console.warn
      [AuthLogger 2026-02-08T19:37:16.176Z] Token get failed

       98 |   } else {
       99 |     // In production, log minimal info
    > 100 |     consoleMethod(message);
          |     ^
      101 |   }
      102 | }
      103 |

      at consoleMethod (src/lib/auth/AuthLogger.ts:100:5)
      at log (src/lib/auth/AuthLogger.ts:175:3)
      at getToken (src/lib/api/tokenManager.ts:362:30)
      at TokenManager.getToken (src/lib/api/tokenManager.ts:512:12)
      at getToken (src/lib/api/interceptors.ts:41:30)
      at ApiClient.interceptor [as request] (src/lib/api/apiClient.ts:195:24)

    console.log
      [Button] Rendering with type: submit

      at log (src/components/ui/Button.tsx:25:13)

    console.log
      [Button] Props received: {
        variant: 'primary',
        size: 'lg',
        type: 'submit',
        loading: true,
        disabled: true
      }

      at log (src/components/ui/Button.tsx:26:13)

    console.log
      [Button] Has onClick in props: false

      at log (src/components/ui/Button.tsx:27:13)

    console.log
      [Button] All props: {}

      at log (src/components/ui/Button.tsx:28:13)

    console.error
      [AuthService] Login error {
        error: 'An unexpected error occurred. Please try again.',
        traceId: '74d3e14a-a4f3-4131-98f5-0b3ae1fbe9e4'
      }

      223 |       };
      224 |     } catch (error: any) {
    > 225 |       console.error('[AuthService] Login error', {
          |               ^
      226 |         error: error.message || String(error),
      227 |         traceId,
      228 |       });

      at AuthService.error (src/lib/api/authService.ts:225:15)
      at src/hooks/useLoginForm.ts:231:22
      at unset (node_modules/react-hook-form/src/logic/createFormControl.ts:1293:7)

    console.error
      [useLoginForm] Login failed {
        error: 'Unable to connect. Please check your internet connection.',
        traceId: '74d3e14a-a4f3-4131-98f5-0b3ae1fbe9e4'
      }

      259 |       } else {
      260 |         // Login failed - handle error
    > 261 |         console.error('[useLoginForm] Login failed', { error: result.error, traceId });
          |                 ^
      262 |         
      263 |         // Record attempt for authentication errors
      264 |         if (result.error === 'Invalid email or password') {

      at error (src/hooks/useLoginForm.ts:261:17)
      at unset (node_modules/react-hook-form/src/logic/createFormControl.ts:1293:7)

    console.error
      Login error: {
        type: 'authentication',
        message: 'Unable to connect. Please check your internet connection.'
      }

      139 |     // Error handling is managed by the LoginForm component
      140 |     // This callback is provided for potential future logging or analytics
    > 141 |     console.error('Login error:', error);
          |             ^
      142 |   };
      143 |
      144 |   return (

      at error (src/app/login/LoginPageClient.tsx:141:13)
      at onError (src/hooks/useLoginForm.ts:271:11)
      at unset (node_modules/react-hook-form/src/logic/createFormControl.ts:1293:7)

    console.log
      [Button] Rendering with type: submit

      at log (src/components/ui/Button.tsx:25:13)

    console.log
      [Button] Props received: {
        variant: 'primary',
        size: 'lg',
        type: 'submit',
        loading: false,
        disabled: false
      }

      at log (src/components/ui/Button.tsx:26:13)

    console.log
      [Button] Has onClick in props: false

      at log (src/components/ui/Button.tsx:27:13)

    console.log
      [Button] All props: {}

      at log (src/components/ui/Button.tsx:28:13)

    console.log
      [Button] Rendering with type: submit

      at log (src/components/ui/Button.tsx:25:13)

    console.log
      [Button] Props received: {
        variant: 'primary',
        size: 'lg',
        type: 'submit',
        loading: false,
        disabled: false
      }

      at log (src/components/ui/Button.tsx:26:13)

    console.log
      [Button] Has onClick in props: false

      at log (src/components/ui/Button.tsx:27:13)

    console.log
      [Button] All props: {}

      at log (src/components/ui/Button.tsx:28:13)

    console.log
      [Button] Rendering with type: submit

      at log (src/components/ui/Button.tsx:25:13)

    console.log
      [Button] Props received: {
        variant: 'primary',
        size: 'lg',
        type: 'submit',
        loading: false,
        disabled: false
      }

      at log (src/components/ui/Button.tsx:26:13)

    console.log
      [Button] Has onClick in props: false

      at log (src/components/ui/Button.tsx:27:13)

    console.log
      [Button] All props: {}

      at log (src/components/ui/Button.tsx:28:13)

    console.log
      [Button] Rendering with type: submit

      at log (src/components/ui/Button.tsx:25:13)

    console.log
      [Button] Props received: {
        variant: 'primary',
        size: 'lg',
        type: 'submit',
        loading: false,
        disabled: false
      }

      at log (src/components/ui/Button.tsx:26:13)

    console.log
      [Button] Has onClick in props: false

      at log (src/components/ui/Button.tsx:27:13)

    console.log
      [Button] All props: {}

      at log (src/components/ui/Button.tsx:28:13)

    console.log
      [Button] Rendering with type: submit

      at log (src/components/ui/Button.tsx:25:13)

    console.log
      [Button] Props received: {
        variant: 'primary',
        size: 'lg',
        type: 'submit',
        loading: false,
        disabled: false
      }

      at log (src/components/ui/Button.tsx:26:13)

    console.log
      [Button] Has onClick in props: false

      at log (src/components/ui/Button.tsx:27:13)

    console.log
      [Button] All props: {}

      at log (src/components/ui/Button.tsx:28:13)

    console.log
      [Button] Rendering with type: submit

      at log (src/components/ui/Button.tsx:25:13)

    console.log
      [Button] Props received: {
        variant: 'primary',
        size: 'lg',
        type: 'submit',
        loading: false,
        disabled: false
      }

      at log (src/components/ui/Button.tsx:26:13)

    console.log
      [Button] Has onClick in props: false

      at log (src/components/ui/Button.tsx:27:13)

    console.log
      [Button] All props: {}

      at log (src/components/ui/Button.tsx:28:13)

    console.log
      [Button] Rendering with type: submit

      at log (src/components/ui/Button.tsx:25:13)

    console.log
      [Button] Props received: {
        variant: 'primary',
        size: 'lg',
        type: 'submit',
        loading: false,
        disabled: false
      }

      at log (src/components/ui/Button.tsx:26:13)

    console.log
      [Button] Has onClick in props: false

      at log (src/components/ui/Button.tsx:27:13)

    console.log
      [Button] All props: {}

      at log (src/components/ui/Button.tsx:28:13)

    console.log
      [Button] Rendering with type: submit

      at log (src/components/ui/Button.tsx:25:13)

    console.log
      [Button] Props received: {
        variant: 'primary',
        size: 'lg',
        type: 'submit',
        loading: false,
        disabled: false
      }

      at log (src/components/ui/Button.tsx:26:13)

    console.log
      [Button] Has onClick in props: false

      at log (src/components/ui/Button.tsx:27:13)

    console.log
      [Button] All props: {}

      at log (src/components/ui/Button.tsx:28:13)

    console.log
      [Button] Rendering with type: submit

      at log (src/components/ui/Button.tsx:25:13)

    console.log
      [Button] Props received: {
        variant: 'primary',
        size: 'lg',
        type: 'submit',
        loading: false,
        disabled: false
      }

      at log (src/components/ui/Button.tsx:26:13)

    console.log
      [Button] Has onClick in props: false

      at log (src/components/ui/Button.tsx:27:13)

    console.log
      [Button] All props: {}

      at log (src/components/ui/Button.tsx:28:13)

    console.log
      [Button] Rendering with type: submit

      at log (src/components/ui/Button.tsx:25:13)

    console.log
      [Button] Props received: {
        variant: 'primary',
        size: 'lg',
        type: 'submit',
        loading: false,
        disabled: false
      }

      at log (src/components/ui/Button.tsx:26:13)

    console.log
      [Button] Has onClick in props: false

      at log (src/components/ui/Button.tsx:27:13)

    console.log
      [Button] All props: {}

      at log (src/components/ui/Button.tsx:28:13)

    console.log
      [Button] Rendering with type: submit

      at log (src/components/ui/Button.tsx:25:13)

    console.log
      [Button] Props received: {
        variant: 'primary',
        size: 'lg',
        type: 'submit',
        loading: false,
        disabled: false
      }

      at log (src/components/ui/Button.tsx:26:13)

    console.log
      [Button] Has onClick in props: false

      at log (src/components/ui/Button.tsx:27:13)

    console.log
      [Button] All props: {}

      at log (src/components/ui/Button.tsx:28:13)

    console.log
      [Button] Rendering with type: submit

      at log (src/components/ui/Button.tsx:25:13)

    console.log
      [Button] Props received: {
        variant: 'primary',
        size: 'lg',
        type: 'submit',
        loading: false,
        disabled: false
      }

      at log (src/components/ui/Button.tsx:26:13)

    console.log
      [Button] Has onClick in props: false

      at log (src/components/ui/Button.tsx:27:13)

    console.log
      [Button] All props: {}

      at log (src/components/ui/Button.tsx:28:13)

    console.log
      [Button] Rendering with type: submit

      at log (src/components/ui/Button.tsx:25:13)

    console.log
      [Button] Props received: {
        variant: 'primary',
        size: 'lg',
        type: 'submit',
        loading: false,
        disabled: false
      }

      at log (src/components/ui/Button.tsx:26:13)

    console.log
      [Button] Has onClick in props: false

      at log (src/components/ui/Button.tsx:27:13)

    console.log
      [Button] All props: {}

      at log (src/components/ui/Button.tsx:28:13)

    console.log
      [Button] Rendering with type: submit

      at log (src/components/ui/Button.tsx:25:13)

    console.log
      [Button] Props received: {
        variant: 'primary',
        size: 'lg',
        type: 'submit',
        loading: false,
        disabled: false
      }

      at log (src/components/ui/Button.tsx:26:13)

    console.log
      [Button] Has onClick in props: false

      at log (src/components/ui/Button.tsx:27:13)

    console.log
      [Button] All props: {}

      at log (src/components/ui/Button.tsx:28:13)

    console.log
      [Button] Rendering with type: submit

      at log (src/components/ui/Button.tsx:25:13)

    console.log
      [Button] Props received: {
        variant: 'primary',
        size: 'lg',
        type: 'submit',
        loading: false,
        disabled: false
      }

      at log (src/components/ui/Button.tsx:26:13)

    console.log
      [Button] Has onClick in props: false

      at log (src/components/ui/Button.tsx:27:13)

    console.log
      [Button] All props: {}

      at log (src/components/ui/Button.tsx:28:13)

    console.log
      [Button] Rendering with type: submit

      at log (src/components/ui/Button.tsx:25:13)

    console.log
      [Button] Props received: {
        variant: 'primary',
        size: 'lg',
        type: 'submit',
        loading: false,
        disabled: false
      }

      at log (src/components/ui/Button.tsx:26:13)

    console.log
      [Button] Has onClick in props: false

      at log (src/components/ui/Button.tsx:27:13)

    console.log
      [Button] All props: {}

      at log (src/components/ui/Button.tsx:28:13)

    console.log
      [Button] Rendering with type: submit

      at log (src/components/ui/Button.tsx:25:13)

    console.log
      [Button] Props received: {
        variant: 'primary',
        size: 'lg',
        type: 'submit',
        loading: false,
        disabled: false
      }

      at log (src/components/ui/Button.tsx:26:13)

    console.log
      [Button] Has onClick in props: false

      at log (src/components/ui/Button.tsx:27:13)

    console.log
      [Button] All props: {}

      at log (src/components/ui/Button.tsx:28:13)

    console.log
      [Button] Rendering with type: submit

      at log (src/components/ui/Button.tsx:25:13)

    console.log
      [Button] Props received: {
        variant: 'primary',
        size: 'lg',
        type: 'submit',
        loading: false,
        disabled: false
      }

      at log (src/components/ui/Button.tsx:26:13)

    console.log
      [Button] Has onClick in props: false

      at log (src/components/ui/Button.tsx:27:13)

    console.log
      [Button] All props: {}

      at log (src/components/ui/Button.tsx:28:13)

    console.log
      [Button] Rendering with type: submit

      at log (src/components/ui/Button.tsx:25:13)

    console.log
      [Button] Props received: {
        variant: 'primary',
        size: 'lg',
        type: 'submit',
        loading: false,
        disabled: false
      }

      at log (src/components/ui/Button.tsx:26:13)

    console.log
      [Button] Has onClick in props: false

      at log (src/components/ui/Button.tsx:27:13)

    console.log
      [Button] All props: {}

      at log (src/components/ui/Button.tsx:28:13)

    console.log
      [Button] Rendering with type: submit

      at log (src/components/ui/Button.tsx:25:13)

    console.log
      [Button] Props received: {
        variant: 'primary',
        size: 'lg',
        type: 'submit',
        loading: false,
        disabled: false
      }

      at log (src/components/ui/Button.tsx:26:13)

    console.log
      [Button] Has onClick in props: false

      at log (src/components/ui/Button.tsx:27:13)

    console.log
      [Button] All props: {}

      at log (src/components/ui/Button.tsx:28:13)

    console.log
      [Button] Rendering with type: submit

      at log (src/components/ui/Button.tsx:25:13)

    console.log
      [Button] Props received: {
        variant: 'primary',
        size: 'lg',
        type: 'submit',
        loading: false,
        disabled: false
      }

      at log (src/components/ui/Button.tsx:26:13)

    console.log
      [Button] Has onClick in props: false

      at log (src/components/ui/Button.tsx:27:13)

    console.log
      [Button] All props: {}

      at log (src/components/ui/Button.tsx:28:13)

    console.log
      [Button] Rendering with type: submit

      at log (src/components/ui/Button.tsx:25:13)

    console.log
      [Button] Props received: {
        variant: 'primary',
        size: 'lg',
        type: 'submit',
        loading: false,
        disabled: false
      }

      at log (src/components/ui/Button.tsx:26:13)

    console.log
      [Button] Has onClick in props: false

      at log (src/components/ui/Button.tsx:27:13)

    console.log
      [Button] All props: {}

      at log (src/components/ui/Button.tsx:28:13)

    console.log
      [Button] Rendering with type: submit

      at log (src/components/ui/Button.tsx:25:13)

    console.log
      [Button] Props received: {
        variant: 'primary',
        size: 'lg',
        type: 'submit',
        loading: false,
        disabled: false
      }

      at log (src/components/ui/Button.tsx:26:13)

    console.log
      [Button] Has onClick in props: false

      at log (src/components/ui/Button.tsx:27:13)

    console.log
      [Button] All props: {}

      at log (src/components/ui/Button.tsx:28:13)

    console.log
      [Button] Rendering with type: submit

      at log (src/components/ui/Button.tsx:25:13)

    console.log
      [Button] Props received: {
        variant: 'primary',
        size: 'lg',
        type: 'submit',
        loading: false,
        disabled: false
      }

      at log (src/components/ui/Button.tsx:26:13)

    console.log
      [Button] Has onClick in props: false

      at log (src/components/ui/Button.tsx:27:13)

    console.log
      [Button] All props: {}

      at log (src/components/ui/Button.tsx:28:13)

    console.log
      [Button] Rendering with type: submit

      at log (src/components/ui/Button.tsx:25:13)

    console.log
      [Button] Props received: {
        variant: 'primary',
        size: 'lg',
        type: 'submit',
        loading: false,
        disabled: false
      }

      at log (src/components/ui/Button.tsx:26:13)

    console.log
      [Button] Has onClick in props: false

      at log (src/components/ui/Button.tsx:27:13)

    console.log
      [Button] All props: {}

      at log (src/components/ui/Button.tsx:28:13)

    console.log
      [Button] Rendering with type: submit

      at log (src/components/ui/Button.tsx:25:13)

    console.log
      [Button] Props received: {
        variant: 'primary',
        size: 'lg',
        type: 'submit',
        loading: false,
        disabled: false
      }

      at log (src/components/ui/Button.tsx:26:13)

    console.log
      [Button] Has onClick in props: false

      at log (src/components/ui/Button.tsx:27:13)

    console.log
      [Button] All props: {}

      at log (src/components/ui/Button.tsx:28:13)

    console.log
      [Button] Rendering with type: submit

      at log (src/components/ui/Button.tsx:25:13)

    console.log
      [Button] Props received: {
        variant: 'primary',
        size: 'lg',
        type: 'submit',
        loading: false,
        disabled: false
      }

      at log (src/components/ui/Button.tsx:26:13)

    console.log
      [Button] Has onClick in props: false

      at log (src/components/ui/Button.tsx:27:13)

    console.log
      [Button] All props: {}

      at log (src/components/ui/Button.tsx:28:13)

    console.log
      [Button] Rendering with type: submit

      at log (src/components/ui/Button.tsx:25:13)

    console.log
      [Button] Props received: {
        variant: 'primary',
        size: 'lg',
        type: 'submit',
        loading: false,
        disabled: false
      }

      at log (src/components/ui/Button.tsx:26:13)

    console.log
      [Button] Has onClick in props: false

      at log (src/components/ui/Button.tsx:27:13)

    console.log
      [Button] All props: {}

      at log (src/components/ui/Button.tsx:28:13)

    console.log
      [Button] Rendering with type: submit

      at log (src/components/ui/Button.tsx:25:13)

    console.log
      [Button] Props received: {
        variant: 'primary',
        size: 'lg',
        type: 'submit',
        loading: false,
        disabled: false
      }

      at log (src/components/ui/Button.tsx:26:13)

    console.log
      [Button] Has onClick in props: false

      at log (src/components/ui/Button.tsx:27:13)

    console.log
      [Button] All props: {}

      at log (src/components/ui/Button.tsx:28:13)

    console.log
      [Button] Rendering with type: submit

      at log (src/components/ui/Button.tsx:25:13)

    console.log
      [Button] Props received: {
        variant: 'primary',
        size: 'lg',
        type: 'submit',
        loading: false,
        disabled: false
      }

      at log (src/components/ui/Button.tsx:26:13)

    console.log
      [Button] Has onClick in props: false

      at log (src/components/ui/Button.tsx:27:13)

    console.log
      [Button] All props: {}

      at log (src/components/ui/Button.tsx:28:13)

    console.log
      [Button] Rendering with type: submit

      at log (src/components/ui/Button.tsx:25:13)

    console.log
      [Button] Props received: {
        variant: 'primary',
        size: 'lg',
        type: 'submit',
        loading: false,
        disabled: false
      }

      at log (src/components/ui/Button.tsx:26:13)

    console.log
      [Button] Has onClick in props: false

      at log (src/components/ui/Button.tsx:27:13)

    console.log
      [Button] All props: {}

      at log (src/components/ui/Button.tsx:28:13)

    console.log
      [Button] Rendering with type: submit

      at log (src/components/ui/Button.tsx:25:13)

    console.log
      [Button] Props received: {
        variant: 'primary',
        size: 'lg',
        type: 'submit',
        loading: false,
        disabled: false
      }

      at log (src/components/ui/Button.tsx:26:13)

    console.log
      [Button] Has onClick in props: false

      at log (src/components/ui/Button.tsx:27:13)

    console.log
      [Button] All props: {}

      at log (src/components/ui/Button.tsx:28:13)

    console.log
      [Button] Rendering with type: submit

      at log (src/components/ui/Button.tsx:25:13)

    console.log
      [Button] Props received: {
        variant: 'primary',
        size: 'lg',
        type: 'submit',
        loading: true,
        disabled: true
      }

      at log (src/components/ui/Button.tsx:26:13)

    console.log
      [Button] Has onClick in props: false

      at log (src/components/ui/Button.tsx:27:13)

    console.log
      [Button] All props: {}

      at log (src/components/ui/Button.tsx:28:13)

    console.log
      Form submission started

      at log (src/hooks/useLoginForm.ts:200:13)

    console.log
      Default behavior prevented

      at log (src/hooks/useLoginForm.ts:203:15)

    console.log
      [LoginFlowTracer] Trace started: e661f319-9e3b-4f50-8753-4bc391ce35a1

      at log (src/lib/auth/LoginFlowTracer.ts:52:15)

    console.log
      [useLoginForm] Login flow started { traceId: 'e661f319-9e3b-4f50-8753-4bc391ce35a1' }

      at log (src/hooks/useLoginForm.ts:208:13)

    console.log
      [useLoginForm] Calling API client login method { traceId: 'e661f319-9e3b-4f50-8753-4bc391ce35a1' }

      at log (src/hooks/useLoginForm.ts:230:15)

    console.log
      [AuthService] Login attempt {
        email: 'test@example.com',
        traceId: 'e661f319-9e3b-4f50-8753-4bc391ce35a1'
      }

      at AuthService.log [as login] (src/lib/api/authService.ts:140:15)

    console.log
      [AuthService] Calling backend API { traceId: 'e661f319-9e3b-4f50-8753-4bc391ce35a1' }

      at AuthService.log [as login] (src/lib/api/authService.ts:168:15)

    console.log
      [TokenManager] getToken attempt {
        storageKey: 'jwt_token',
        source: undefined,
        traceId: undefined,
        timestamp: '2026-02-08T19:37:18.458Z'
      }

      at log (src/lib/api/tokenManager.ts:322:11)

    console.log
      [TokenManager] Raw value retrieved {
        storageKey: 'jwt_token',
        valuePresent: false,
        valueLength: 0,
        valuePreview: 'null',
        traceId: undefined
      }

      at log (src/lib/api/tokenManager.ts:335:15)

    console.log
      [TokenManager] No token found in storage { storageKey: 'jwt_token', traceId: undefined }

      at log (src/lib/api/tokenManager.ts:358:21)

    console.warn
      [AuthLogger 2026-02-08T19:37:18.458Z] Token get failed

       98 |   } else {
       99 |     // In production, log minimal info
    > 100 |     consoleMethod(message);
          |     ^
      101 |   }
      102 | }
      103 |

      at consoleMethod (src/lib/auth/AuthLogger.ts:100:5)
      at log (src/lib/auth/AuthLogger.ts:175:3)
      at getToken (src/lib/api/tokenManager.ts:362:30)
      at src/lib/api/apiClient.ts:53:29
      at ApiClient.interceptor [as request] (src/lib/api/apiClient.ts:195:24)
      at ApiClient.request [as post] (src/lib/api/apiClient.ts:114:17)
      at AuthService.post [as login] (src/lib/api/authService.ts:169:45)
      at login (src/hooks/useLoginForm.ts:231:40)
      at errors (node_modules/react-hook-form/src/logic/createFormControl.ts:1293:24)

    console.log
      [TokenManager] getToken attempt {
        storageKey: 'jwt_token',
        source: undefined,
        traceId: undefined,
        timestamp: '2026-02-08T19:37:18.458Z'
      }

      at log (src/lib/api/tokenManager.ts:322:11)

    console.log
      [TokenManager] Raw value retrieved {
        storageKey: 'jwt_token',
        valuePresent: false,
        valueLength: 0,
        valuePreview: 'null',
        traceId: undefined
      }

      at log (src/lib/api/tokenManager.ts:335:15)

    console.log
      [TokenManager] No token found in storage { storageKey: 'jwt_token', traceId: undefined }

      at log (src/lib/api/tokenManager.ts:358:21)

    console.warn
      [AuthLogger 2026-02-08T19:37:18.460Z] Token get failed

       98 |   } else {
       99 |     // In production, log minimal info
    > 100 |     consoleMethod(message);
          |     ^
      101 |   }
      102 | }
      103 |

      at consoleMethod (src/lib/auth/AuthLogger.ts:100:5)
      at log (src/lib/auth/AuthLogger.ts:175:3)
      at getToken (src/lib/api/tokenManager.ts:362:30)
      at TokenManager.getToken (src/lib/api/tokenManager.ts:512:12)
      at getToken (src/lib/api/interceptors.ts:41:30)
      at ApiClient.interceptor [as request] (src/lib/api/apiClient.ts:195:24)

    console.error
      [AuthService] Login error {
        error: 'An unexpected error occurred. Please try again.',
        traceId: 'e661f319-9e3b-4f50-8753-4bc391ce35a1'
      }

      223 |       };
      224 |     } catch (error: any) {
    > 225 |       console.error('[AuthService] Login error', {
          |               ^
      226 |         error: error.message || String(error),
      227 |         traceId,
      228 |       });

      at AuthService.error (src/lib/api/authService.ts:225:15)
      at src/hooks/useLoginForm.ts:231:22
      at unset (node_modules/react-hook-form/src/logic/createFormControl.ts:1293:7)

    console.error
      [useLoginForm] Login failed {
        error: 'Unable to connect. Please check your internet connection.',
        traceId: 'e661f319-9e3b-4f50-8753-4bc391ce35a1'
      }

      259 |       } else {
      260 |         // Login failed - handle error
    > 261 |         console.error('[useLoginForm] Login failed', { error: result.error, traceId });
          |                 ^
      262 |         
      263 |         // Record attempt for authentication errors
      264 |         if (result.error === 'Invalid email or password') {

      at error (src/hooks/useLoginForm.ts:261:17)
      at unset (node_modules/react-hook-form/src/logic/createFormControl.ts:1293:7)

    console.error
      Login error: {
        type: 'authentication',
        message: 'Unable to connect. Please check your internet connection.'
      }

      139 |     // Error handling is managed by the LoginForm component
      140 |     // This callback is provided for potential future logging or analytics
    > 141 |     console.error('Login error:', error);
          |             ^
      142 |   };
      143 |
      144 |   return (

      at error (src/app/login/LoginPageClient.tsx:141:13)
      at onError (src/hooks/useLoginForm.ts:271:11)
      at unset (node_modules/react-hook-form/src/logic/createFormControl.ts:1293:7)

    console.log
      [Button] Rendering with type: submit

      at log (src/components/ui/Button.tsx:25:13)

    console.log
      [Button] Props received: {
        variant: 'primary',
        size: 'lg',
        type: 'submit',
        loading: false,
        disabled: false
      }

      at log (src/components/ui/Button.tsx:26:13)

    console.log
      [Button] Has onClick in props: false

      at log (src/components/ui/Button.tsx:27:13)

    console.log
      [Button] All props: {}

      at log (src/components/ui/Button.tsx:28:13)

    console.log
      [Button] Rendering with type: submit

      at log (src/components/ui/Button.tsx:25:13)

    console.log
      [Button] Props received: {
        variant: 'primary',
        size: 'lg',
        type: 'submit',
        loading: false,
        disabled: false
      }

      at log (src/components/ui/Button.tsx:26:13)

    console.log
      [Button] Has onClick in props: false

      at log (src/components/ui/Button.tsx:27:13)

    console.log
      [Button] All props: {}

      at log (src/components/ui/Button.tsx:28:13)

    console.log
      [Button] Rendering with type: submit

      at log (src/components/ui/Button.tsx:25:13)

    console.log
      [Button] Props received: {
        variant: 'primary',
        size: 'lg',
        type: 'submit',
        loading: false,
        disabled: false
      }

      at log (src/components/ui/Button.tsx:26:13)

    console.log
      [Button] Has onClick in props: false

      at log (src/components/ui/Button.tsx:27:13)

    console.log
      [Button] All props: {}

      at log (src/components/ui/Button.tsx:28:13)

    console.log
      [Button] Rendering with type: submit

      at log (src/components/ui/Button.tsx:25:13)

    console.log
      [Button] Props received: {
        variant: 'primary',
        size: 'lg',
        type: 'submit',
        loading: false,
        disabled: false
      }

      at log (src/components/ui/Button.tsx:26:13)

    console.log
      [Button] Has onClick in props: false

      at log (src/components/ui/Button.tsx:27:13)

    console.log
      [Button] All props: {}

      at log (src/components/ui/Button.tsx:28:13)

    console.log
      [Button] Rendering with type: submit

      at log (src/components/ui/Button.tsx:25:13)

    console.log
      [Button] Props received: {
        variant: 'primary',
        size: 'lg',
        type: 'submit',
        loading: false,
        disabled: false
      }

      at log (src/components/ui/Button.tsx:26:13)

    console.log
      [Button] Has onClick in props: false

      at log (src/components/ui/Button.tsx:27:13)

    console.log
      [Button] All props: {}

      at log (src/components/ui/Button.tsx:28:13)

    console.log
      [Button] Rendering with type: submit

      at log (src/components/ui/Button.tsx:25:13)

    console.log
      [Button] Props received: {
        variant: 'primary',
        size: 'lg',
        type: 'submit',
        loading: false,
        disabled: false
      }

      at log (src/components/ui/Button.tsx:26:13)

    console.log
      [Button] Has onClick in props: false

      at log (src/components/ui/Button.tsx:27:13)

    console.log
      [Button] All props: {}

      at log (src/components/ui/Button.tsx:28:13)

    console.log
      [Button] Rendering with type: submit

      at log (src/components/ui/Button.tsx:25:13)

    console.log
      [Button] Props received: {
        variant: 'primary',
        size: 'lg',
        type: 'submit',
        loading: false,
        disabled: false
      }

      at log (src/components/ui/Button.tsx:26:13)

    console.log
      [Button] Has onClick in props: false

      at log (src/components/ui/Button.tsx:27:13)

    console.log
      [Button] All props: {}

      at log (src/components/ui/Button.tsx:28:13)

    console.log
      [Button] Rendering with type: submit

      at log (src/components/ui/Button.tsx:25:13)

    console.log
      [Button] Props received: {
        variant: 'primary',
        size: 'lg',
        type: 'submit',
        loading: false,
        disabled: false
      }

      at log (src/components/ui/Button.tsx:26:13)

    console.log
      [Button] Has onClick in props: false

      at log (src/components/ui/Button.tsx:27:13)

    console.log
      [Button] All props: {}

      at log (src/components/ui/Button.tsx:28:13)

    console.log
      [Button] Rendering with type: submit

      at log (src/components/ui/Button.tsx:25:13)

    console.log
      [Button] Props received: {
        variant: 'primary',
        size: 'lg',
        type: 'submit',
        loading: false,
        disabled: false
      }

      at log (src/components/ui/Button.tsx:26:13)

    console.log
      [Button] Has onClick in props: false

      at log (src/components/ui/Button.tsx:27:13)

    console.log
      [Button] All props: {}

      at log (src/components/ui/Button.tsx:28:13)

    console.log
      [Button] Rendering with type: submit

      at log (src/components/ui/Button.tsx:25:13)

    console.log
      [Button] Props received: {
        variant: 'primary',
        size: 'lg',
        type: 'submit',
        loading: false,
        disabled: false
      }

      at log (src/components/ui/Button.tsx:26:13)

    console.log
      [Button] Has onClick in props: false

      at log (src/components/ui/Button.tsx:27:13)

    console.log
      [Button] All props: {}

      at log (src/components/ui/Button.tsx:28:13)

    console.log
      [Button] Rendering with type: submit

      at log (src/components/ui/Button.tsx:25:13)

    console.log
      [Button] Props received: {
        variant: 'primary',
        size: 'lg',
        type: 'submit',
        loading: false,
        disabled: false
      }

      at log (src/components/ui/Button.tsx:26:13)

    console.log
      [Button] Has onClick in props: false

      at log (src/components/ui/Button.tsx:27:13)

    console.log
      [Button] All props: {}

      at log (src/components/ui/Button.tsx:28:13)

    console.log
      [Button] Rendering with type: submit

      at log (src/components/ui/Button.tsx:25:13)

    console.log
      [Button] Props received: {
        variant: 'primary',
        size: 'lg',
        type: 'submit',
        loading: false,
        disabled: false
      }

      at log (src/components/ui/Button.tsx:26:13)

    console.log
      [Button] Has onClick in props: false

      at log (src/components/ui/Button.tsx:27:13)

    console.log
      [Button] All props: {}

      at log (src/components/ui/Button.tsx:28:13)

    console.log
      [Button] Rendering with type: submit

      at log (src/components/ui/Button.tsx:25:13)

    console.log
      [Button] Props received: {
        variant: 'primary',
        size: 'lg',
        type: 'submit',
        loading: false,
        disabled: false
      }

      at log (src/components/ui/Button.tsx:26:13)

    console.log
      [Button] Has onClick in props: false

      at log (src/components/ui/Button.tsx:27:13)

    console.log
      [Button] All props: {}

      at log (src/components/ui/Button.tsx:28:13)

    console.log
      [Button] Rendering with type: submit

      at log (src/components/ui/Button.tsx:25:13)

    console.log
      [Button] Props received: {
        variant: 'primary',
        size: 'lg',
        type: 'submit',
        loading: false,
        disabled: false
      }

      at log (src/components/ui/Button.tsx:26:13)

    console.log
      [Button] Has onClick in props: false

      at log (src/components/ui/Button.tsx:27:13)

    console.log
      [Button] All props: {}

      at log (src/components/ui/Button.tsx:28:13)

    console.log
      [Button] Rendering with type: submit

      at log (src/components/ui/Button.tsx:25:13)

    console.log
      [Button] Props received: {
        variant: 'primary',
        size: 'lg',
        type: 'submit',
        loading: false,
        disabled: false
      }

      at log (src/components/ui/Button.tsx:26:13)

    console.log
      [Button] Has onClick in props: false

      at log (src/components/ui/Button.tsx:27:13)

    console.log
      [Button] All props: {}

      at log (src/components/ui/Button.tsx:28:13)

    console.log
      [Button] Rendering with type: submit

      at log (src/components/ui/Button.tsx:25:13)

    console.log
      [Button] Props received: {
        variant: 'primary',
        size: 'lg',
        type: 'submit',
        loading: false,
        disabled: false
      }

      at log (src/components/ui/Button.tsx:26:13)

    console.log
      [Button] Has onClick in props: false

      at log (src/components/ui/Button.tsx:27:13)

    console.log
      [Button] All props: {}

      at log (src/components/ui/Button.tsx:28:13)

    console.log
      [Button] Rendering with type: submit

      at log (src/components/ui/Button.tsx:25:13)

    console.log
      [Button] Props received: {
        variant: 'primary',
        size: 'lg',
        type: 'submit',
        loading: false,
        disabled: false
      }

      at log (src/components/ui/Button.tsx:26:13)

    console.log
      [Button] Has onClick in props: false

      at log (src/components/ui/Button.tsx:27:13)

    console.log
      [Button] All props: {}

      at log (src/components/ui/Button.tsx:28:13)

    console.log
      [Button] Rendering with type: submit

      at log (src/components/ui/Button.tsx:25:13)

    console.log
      [Button] Props received: {
        variant: 'primary',
        size: 'lg',
        type: 'submit',
        loading: false,
        disabled: false
      }

      at log (src/components/ui/Button.tsx:26:13)

    console.log
      [Button] Has onClick in props: false

      at log (src/components/ui/Button.tsx:27:13)

    console.log
      [Button] All props: {}

      at log (src/components/ui/Button.tsx:28:13)

    console.log
      [Button] Rendering with type: submit

      at log (src/components/ui/Button.tsx:25:13)

    console.log
      [Button] Props received: {
        variant: 'primary',
        size: 'lg',
        type: 'submit',
        loading: false,
        disabled: false
      }

      at log (src/components/ui/Button.tsx:26:13)

    console.log
      [Button] Has onClick in props: false

      at log (src/components/ui/Button.tsx:27:13)

    console.log
      [Button] All props: {}

      at log (src/components/ui/Button.tsx:28:13)

    console.log
      [Button] Rendering with type: submit

      at log (src/components/ui/Button.tsx:25:13)

    console.log
      [Button] Props received: {
        variant: 'primary',
        size: 'lg',
        type: 'submit',
        loading: false,
        disabled: false
      }

      at log (src/components/ui/Button.tsx:26:13)

    console.log
      [Button] Has onClick in props: false

      at log (src/components/ui/Button.tsx:27:13)

    console.log
      [Button] All props: {}

      at log (src/components/ui/Button.tsx:28:13)

    console.log
      [Button] Rendering with type: submit

      at log (src/components/ui/Button.tsx:25:13)

    console.log
      [Button] Props received: {
        variant: 'primary',
        size: 'lg',
        type: 'submit',
        loading: false,
        disabled: false
      }

      at log (src/components/ui/Button.tsx:26:13)

    console.log
      [Button] Has onClick in props: false

      at log (src/components/ui/Button.tsx:27:13)

    console.log
      [Button] All props: {}

      at log (src/components/ui/Button.tsx:28:13)

    console.log
      [Button] Rendering with type: submit

      at log (src/components/ui/Button.tsx:25:13)

    console.log
      [Button] Props received: {
        variant: 'primary',
        size: 'lg',
        type: 'submit',
        loading: false,
        disabled: false
      }

      at log (src/components/ui/Button.tsx:26:13)

    console.log
      [Button] Has onClick in props: false

      at log (src/components/ui/Button.tsx:27:13)

    console.log
      [Button] All props: {}

      at log (src/components/ui/Button.tsx:28:13)

    console.log
      [Button] Rendering with type: submit

      at log (src/components/ui/Button.tsx:25:13)

    console.log
      [Button] Props received: {
        variant: 'primary',
        size: 'lg',
        type: 'submit',
        loading: false,
        disabled: false
      }

      at log (src/components/ui/Button.tsx:26:13)

    console.log
      [Button] Has onClick in props: false

      at log (src/components/ui/Button.tsx:27:13)

    console.log
      [Button] All props: {}

      at log (src/components/ui/Button.tsx:28:13)

    console.log
      [Button] Rendering with type: submit

      at log (src/components/ui/Button.tsx:25:13)

    console.log
      [Button] Props received: {
        variant: 'primary',
        size: 'lg',
        type: 'submit',
        loading: false,
        disabled: false
      }

      at log (src/components/ui/Button.tsx:26:13)

    console.log
      [Button] Has onClick in props: false

      at log (src/components/ui/Button.tsx:27:13)

    console.log
      [Button] All props: {}

      at log (src/components/ui/Button.tsx:28:13)

    console.log
      [Button] Rendering with type: submit

      at log (src/components/ui/Button.tsx:25:13)

    console.log
      [Button] Props received: {
        variant: 'primary',
        size: 'lg',
        type: 'submit',
        loading: false,
        disabled: false
      }

      at log (src/components/ui/Button.tsx:26:13)

    console.log
      [Button] Has onClick in props: false

      at log (src/components/ui/Button.tsx:27:13)

    console.log
      [Button] All props: {}

      at log (src/components/ui/Button.tsx:28:13)

    console.log
      [Button] Rendering with type: submit

      at log (src/components/ui/Button.tsx:25:13)

    console.log
      [Button] Props received: {
        variant: 'primary',
        size: 'lg',
        type: 'submit',
        loading: false,
        disabled: false
      }

      at log (src/components/ui/Button.tsx:26:13)

    console.log
      [Button] Has onClick in props: false

      at log (src/components/ui/Button.tsx:27:13)

    console.log
      [Button] All props: {}

      at log (src/components/ui/Button.tsx:28:13)

    console.log
      [Button] Rendering with type: submit

      at log (src/components/ui/Button.tsx:25:13)

    console.log
      [Button] Props received: {
        variant: 'primary',
        size: 'lg',
        type: 'submit',
        loading: false,
        disabled: false
      }

      at log (src/components/ui/Button.tsx:26:13)

    console.log
      [Button] Has onClick in props: false

      at log (src/components/ui/Button.tsx:27:13)

    console.log
      [Button] All props: {}

      at log (src/components/ui/Button.tsx:28:13)

    console.log
      [Button] Rendering with type: submit

      at log (src/components/ui/Button.tsx:25:13)

    console.log
      [Button] Props received: {
        variant: 'primary',
        size: 'lg',
        type: 'submit',
        loading: false,
        disabled: false
      }

      at log (src/components/ui/Button.tsx:26:13)

    console.log
      [Button] Has onClick in props: false

      at log (src/components/ui/Button.tsx:27:13)

    console.log
      [Button] All props: {}

      at log (src/components/ui/Button.tsx:28:13)

    console.log
      [Button] Rendering with type: submit

      at log (src/components/ui/Button.tsx:25:13)

    console.log
      [Button] Props received: {
        variant: 'primary',
        size: 'lg',
        type: 'submit',
        loading: false,
        disabled: false
      }

      at log (src/components/ui/Button.tsx:26:13)

    console.log
      [Button] Has onClick in props: false

      at log (src/components/ui/Button.tsx:27:13)

    console.log
      [Button] All props: {}

      at log (src/components/ui/Button.tsx:28:13)

    console.log
      [Button] Rendering with type: submit

      at log (src/components/ui/Button.tsx:25:13)

    console.log
      [Button] Props received: {
        variant: 'primary',
        size: 'lg',
        type: 'submit',
        loading: false,
        disabled: false
      }

      at log (src/components/ui/Button.tsx:26:13)

    console.log
      [Button] Has onClick in props: false

      at log (src/components/ui/Button.tsx:27:13)

    console.log
      [Button] All props: {}

      at log (src/components/ui/Button.tsx:28:13)

    console.log
      [Button] Rendering with type: submit

      at log (src/components/ui/Button.tsx:25:13)

    console.log
      [Button] Props received: {
        variant: 'primary',
        size: 'lg',
        type: 'submit',
        loading: false,
        disabled: false
      }

      at log (src/components/ui/Button.tsx:26:13)

    console.log
      [Button] Has onClick in props: false

      at log (src/components/ui/Button.tsx:27:13)

    console.log
      [Button] All props: {}

      at log (src/components/ui/Button.tsx:28:13)

    console.log
      [Button] Rendering with type: submit

      at log (src/components/ui/Button.tsx:25:13)

    console.log
      [Button] Props received: {
        variant: 'primary',
        size: 'lg',
        type: 'submit',
        loading: false,
        disabled: false
      }

      at log (src/components/ui/Button.tsx:26:13)

    console.log
      [Button] Has onClick in props: false

      at log (src/components/ui/Button.tsx:27:13)

    console.log
      [Button] All props: {}

      at log (src/components/ui/Button.tsx:28:13)

    console.log
      [Button] Rendering with type: submit

      at log (src/components/ui/Button.tsx:25:13)

    console.log
      [Button] Props received: {
        variant: 'primary',
        size: 'lg',
        type: 'submit',
        loading: false,
        disabled: false
      }

      at log (src/components/ui/Button.tsx:26:13)

    console.log
      [Button] Has onClick in props: false

      at log (src/components/ui/Button.tsx:27:13)

    console.log
      [Button] All props: {}

      at log (src/components/ui/Button.tsx:28:13)

    console.log
      [Button] Rendering with type: submit

      at log (src/components/ui/Button.tsx:25:13)

    console.log
      [Button] Props received: {
        variant: 'primary',
        size: 'lg',
        type: 'submit',
        loading: true,
        disabled: true
      }

      at log (src/components/ui/Button.tsx:26:13)

    console.log
      [Button] Has onClick in props: false

      at log (src/components/ui/Button.tsx:27:13)

    console.log
      [Button] All props: {}

      at log (src/components/ui/Button.tsx:28:13)

    console.log
      Form submission started

      at log (src/hooks/useLoginForm.ts:200:13)

    console.log
      Default behavior prevented

      at log (src/hooks/useLoginForm.ts:203:15)

    console.log
      [LoginFlowTracer] Trace started: 25e99806-7ea3-475f-8c62-d1e6bb9fca81

      at log (src/lib/auth/LoginFlowTracer.ts:52:15)

    console.log
      [useLoginForm] Login flow started { traceId: '25e99806-7ea3-475f-8c62-d1e6bb9fca81' }

      at log (src/hooks/useLoginForm.ts:208:13)

    console.log
      [useLoginForm] Calling API client login method { traceId: '25e99806-7ea3-475f-8c62-d1e6bb9fca81' }

      at log (src/hooks/useLoginForm.ts:230:15)

    console.log
      [AuthService] Login attempt {
        email: 'test0@example.com',
        traceId: '25e99806-7ea3-475f-8c62-d1e6bb9fca81'
      }

      at AuthService.log [as login] (src/lib/api/authService.ts:140:15)

    console.log
      [AuthService] Calling backend API { traceId: '25e99806-7ea3-475f-8c62-d1e6bb9fca81' }

      at AuthService.log [as login] (src/lib/api/authService.ts:168:15)

    console.log
      [TokenManager] getToken attempt {
        storageKey: 'jwt_token',
        source: undefined,
        traceId: undefined,
        timestamp: '2026-02-08T19:37:19.779Z'
      }

      at log (src/lib/api/tokenManager.ts:322:11)

    console.log
      [TokenManager] Raw value retrieved {
        storageKey: 'jwt_token',
        valuePresent: false,
        valueLength: 0,
        valuePreview: 'null',
        traceId: undefined
      }

      at log (src/lib/api/tokenManager.ts:335:15)

    console.log
      [TokenManager] No token found in storage { storageKey: 'jwt_token', traceId: undefined }

      at log (src/lib/api/tokenManager.ts:358:21)

    console.warn
      [AuthLogger 2026-02-08T19:37:19.781Z] Token get failed

       98 |   } else {
       99 |     // In production, log minimal info
    > 100 |     consoleMethod(message);
          |     ^
      101 |   }
      102 | }
      103 |

      at consoleMethod (src/lib/auth/AuthLogger.ts:100:5)
      at log (src/lib/auth/AuthLogger.ts:175:3)
      at getToken (src/lib/api/tokenManager.ts:362:30)
      at src/lib/api/apiClient.ts:53:29
      at ApiClient.interceptor [as request] (src/lib/api/apiClient.ts:195:24)
      at ApiClient.request [as post] (src/lib/api/apiClient.ts:114:17)
      at AuthService.post [as login] (src/lib/api/authService.ts:169:45)
      at login (src/hooks/useLoginForm.ts:231:40)
      at errors (node_modules/react-hook-form/src/logic/createFormControl.ts:1293:24)

    console.log
      [TokenManager] getToken attempt {
        storageKey: 'jwt_token',
        source: undefined,
        traceId: undefined,
        timestamp: '2026-02-08T19:37:19.782Z'
      }

      at log (src/lib/api/tokenManager.ts:322:11)

    console.log
      [TokenManager] Raw value retrieved {
        storageKey: 'jwt_token',
        valuePresent: false,
        valueLength: 0,
        valuePreview: 'null',
        traceId: undefined
      }

      at log (src/lib/api/tokenManager.ts:335:15)

    console.log
      [TokenManager] No token found in storage { storageKey: 'jwt_token', traceId: undefined }

      at log (src/lib/api/tokenManager.ts:358:21)

    console.warn
      [AuthLogger 2026-02-08T19:37:19.782Z] Token get failed

       98 |   } else {
       99 |     // In production, log minimal info
    > 100 |     consoleMethod(message);
          |     ^
      101 |   }
      102 | }
      103 |

      at consoleMethod (src/lib/auth/AuthLogger.ts:100:5)
      at log (src/lib/auth/AuthLogger.ts:175:3)
      at getToken (src/lib/api/tokenManager.ts:362:30)
      at TokenManager.getToken (src/lib/api/tokenManager.ts:512:12)
      at getToken (src/lib/api/interceptors.ts:41:30)
      at ApiClient.interceptor [as request] (src/lib/api/apiClient.ts:195:24)

    console.error
      [AuthService] Login error {
        error: 'An unexpected error occurred. Please try again.',
        traceId: '25e99806-7ea3-475f-8c62-d1e6bb9fca81'
      }

      223 |       };
      224 |     } catch (error: any) {
    > 225 |       console.error('[AuthService] Login error', {
          |               ^
      226 |         error: error.message || String(error),
      227 |         traceId,
      228 |       });

      at AuthService.error (src/lib/api/authService.ts:225:15)
      at src/hooks/useLoginForm.ts:231:22
      at unset (node_modules/react-hook-form/src/logic/createFormControl.ts:1293:7)

    console.error
      [useLoginForm] Login failed {
        error: 'Unable to connect. Please check your internet connection.',
        traceId: '25e99806-7ea3-475f-8c62-d1e6bb9fca81'
      }

      259 |       } else {
      260 |         // Login failed - handle error
    > 261 |         console.error('[useLoginForm] Login failed', { error: result.error, traceId });
          |                 ^
      262 |         
      263 |         // Record attempt for authentication errors
      264 |         if (result.error === 'Invalid email or password') {

      at error (src/hooks/useLoginForm.ts:261:17)
      at unset (node_modules/react-hook-form/src/logic/createFormControl.ts:1293:7)

    console.error
      Login error: {
        type: 'authentication',
        message: 'Unable to connect. Please check your internet connection.'
      }

      139 |     // Error handling is managed by the LoginForm component
      140 |     // This callback is provided for potential future logging or analytics
    > 141 |     console.error('Login error:', error);
          |             ^
      142 |   };
      143 |
      144 |   return (

      at error (src/app/login/LoginPageClient.tsx:141:13)
      at onError (src/hooks/useLoginForm.ts:271:11)
      at unset (node_modules/react-hook-form/src/logic/createFormControl.ts:1293:7)

    console.log
      [Button] Rendering with type: submit

      at log (src/components/ui/Button.tsx:25:13)

    console.log
      [Button] Props received: {
        variant: 'primary',
        size: 'lg',
        type: 'submit',
        loading: false,
        disabled: false
      }

      at log (src/components/ui/Button.tsx:26:13)

    console.log
      [Button] Has onClick in props: false

      at log (src/components/ui/Button.tsx:27:13)

    console.log
      [Button] All props: {}

      at log (src/components/ui/Button.tsx:28:13)

    console.log
      [Button] Rendering with type: submit

      at log (src/components/ui/Button.tsx:25:13)

    console.log
      [Button] Props received: {
        variant: 'primary',
        size: 'lg',
        type: 'submit',
        loading: false,
        disabled: false
      }

      at log (src/components/ui/Button.tsx:26:13)

    console.log
      [Button] Has onClick in props: false

      at log (src/components/ui/Button.tsx:27:13)

    console.log
      [Button] All props: {}

      at log (src/components/ui/Button.tsx:28:13)

    console.log
      [Button] Rendering with type: submit

      at log (src/components/ui/Button.tsx:25:13)

    console.log
      [Button] Props received: {
        variant: 'primary',
        size: 'lg',
        type: 'submit',
        loading: false,
        disabled: false
      }

      at log (src/components/ui/Button.tsx:26:13)

    console.log
      [Button] Has onClick in props: false

      at log (src/components/ui/Button.tsx:27:13)

    console.log
      [Button] All props: {}

      at log (src/components/ui/Button.tsx:28:13)

    console.log
      [Button] Rendering with type: submit

      at log (src/components/ui/Button.tsx:25:13)

    console.log
      [Button] Props received: {
        variant: 'primary',
        size: 'lg',
        type: 'submit',
        loading: false,
        disabled: false
      }

      at log (src/components/ui/Button.tsx:26:13)

    console.log
      [Button] Has onClick in props: false

      at log (src/components/ui/Button.tsx:27:13)

    console.log
      [Button] All props: {}

      at log (src/components/ui/Button.tsx:28:13)

    console.log
      [Button] Rendering with type: submit

      at log (src/components/ui/Button.tsx:25:13)

    console.log
      [Button] Props received: {
        variant: 'primary',
        size: 'lg',
        type: 'submit',
        loading: false,
        disabled: false
      }

      at log (src/components/ui/Button.tsx:26:13)

    console.log
      [Button] Has onClick in props: false

      at log (src/components/ui/Button.tsx:27:13)

    console.log
      [Button] All props: {}

      at log (src/components/ui/Button.tsx:28:13)

    console.log
      [Button] Rendering with type: submit

      at log (src/components/ui/Button.tsx:25:13)

    console.log
      [Button] Props received: {
        variant: 'primary',
        size: 'lg',
        type: 'submit',
        loading: false,
        disabled: false
      }

      at log (src/components/ui/Button.tsx:26:13)

    console.log
      [Button] Has onClick in props: false

      at log (src/components/ui/Button.tsx:27:13)

    console.log
      [Button] All props: {}

      at log (src/components/ui/Button.tsx:28:13)

    console.log
      [Button] Rendering with type: submit

      at log (src/components/ui/Button.tsx:25:13)

    console.log
      [Button] Props received: {
        variant: 'primary',
        size: 'lg',
        type: 'submit',
        loading: false,
        disabled: false
      }

      at log (src/components/ui/Button.tsx:26:13)

    console.log
      [Button] Has onClick in props: false

      at log (src/components/ui/Button.tsx:27:13)

    console.log
      [Button] All props: {}

      at log (src/components/ui/Button.tsx:28:13)

    console.log
      [Button] Rendering with type: submit

      at log (src/components/ui/Button.tsx:25:13)

    console.log
      [Button] Props received: {
        variant: 'primary',
        size: 'lg',
        type: 'submit',
        loading: false,
        disabled: false
      }

      at log (src/components/ui/Button.tsx:26:13)

    console.log
      [Button] Has onClick in props: false

      at log (src/components/ui/Button.tsx:27:13)

    console.log
      [Button] All props: {}

      at log (src/components/ui/Button.tsx:28:13)

    console.log
      [Button] Rendering with type: submit

      at log (src/components/ui/Button.tsx:25:13)

    console.log
      [Button] Props received: {
        variant: 'primary',
        size: 'lg',
        type: 'submit',
        loading: false,
        disabled: false
      }

      at log (src/components/ui/Button.tsx:26:13)

    console.log
      [Button] Has onClick in props: false

      at log (src/components/ui/Button.tsx:27:13)

    console.log
      [Button] All props: {}

      at log (src/components/ui/Button.tsx:28:13)

    console.log
      [Button] Rendering with type: submit

      at log (src/components/ui/Button.tsx:25:13)

    console.log
      [Button] Props received: {
        variant: 'primary',
        size: 'lg',
        type: 'submit',
        loading: false,
        disabled: false
      }

      at log (src/components/ui/Button.tsx:26:13)

    console.log
      [Button] Has onClick in props: false

      at log (src/components/ui/Button.tsx:27:13)

    console.log
      [Button] All props: {}

      at log (src/components/ui/Button.tsx:28:13)

    console.log
      [Button] Rendering with type: submit

      at log (src/components/ui/Button.tsx:25:13)

    console.log
      [Button] Props received: {
        variant: 'primary',
        size: 'lg',
        type: 'submit',
        loading: false,
        disabled: false
      }

      at log (src/components/ui/Button.tsx:26:13)

    console.log
      [Button] Has onClick in props: false

      at log (src/components/ui/Button.tsx:27:13)

    console.log
      [Button] All props: {}

      at log (src/components/ui/Button.tsx:28:13)

    console.log
      [Button] Rendering with type: submit

      at log (src/components/ui/Button.tsx:25:13)

    console.log
      [Button] Props received: {
        variant: 'primary',
        size: 'lg',
        type: 'submit',
        loading: false,
        disabled: false
      }

      at log (src/components/ui/Button.tsx:26:13)

    console.log
      [Button] Has onClick in props: false

      at log (src/components/ui/Button.tsx:27:13)

    console.log
      [Button] All props: {}

      at log (src/components/ui/Button.tsx:28:13)

    console.log
      [Button] Rendering with type: submit

      at log (src/components/ui/Button.tsx:25:13)

    console.log
      [Button] Props received: {
        variant: 'primary',
        size: 'lg',
        type: 'submit',
        loading: false,
        disabled: false
      }

      at log (src/components/ui/Button.tsx:26:13)

    console.log
      [Button] Has onClick in props: false

      at log (src/components/ui/Button.tsx:27:13)

    console.log
      [Button] All props: {}

      at log (src/components/ui/Button.tsx:28:13)

    console.log
      [Button] Rendering with type: submit

      at log (src/components/ui/Button.tsx:25:13)

    console.log
      [Button] Props received: {
        variant: 'primary',
        size: 'lg',
        type: 'submit',
        loading: false,
        disabled: false
      }

      at log (src/components/ui/Button.tsx:26:13)

    console.log
      [Button] Has onClick in props: false

      at log (src/components/ui/Button.tsx:27:13)

    console.log
      [Button] All props: {}

      at log (src/components/ui/Button.tsx:28:13)

    console.log
      [Button] Rendering with type: submit

      at log (src/components/ui/Button.tsx:25:13)

    console.log
      [Button] Props received: {
        variant: 'primary',
        size: 'lg',
        type: 'submit',
        loading: false,
        disabled: false
      }

      at log (src/components/ui/Button.tsx:26:13)

    console.log
      [Button] Has onClick in props: false

      at log (src/components/ui/Button.tsx:27:13)

    console.log
      [Button] All props: {}

      at log (src/components/ui/Button.tsx:28:13)

    console.log
      [Button] Rendering with type: submit

      at log (src/components/ui/Button.tsx:25:13)

    console.log
      [Button] Props received: {
        variant: 'primary',
        size: 'lg',
        type: 'submit',
        loading: false,
        disabled: false
      }

      at log (src/components/ui/Button.tsx:26:13)

    console.log
      [Button] Has onClick in props: false

      at log (src/components/ui/Button.tsx:27:13)

    console.log
      [Button] All props: {}

      at log (src/components/ui/Button.tsx:28:13)

    console.log
      [Button] Rendering with type: submit

      at log (src/components/ui/Button.tsx:25:13)

    console.log
      [Button] Props received: {
        variant: 'primary',
        size: 'lg',
        type: 'submit',
        loading: false,
        disabled: false
      }

      at log (src/components/ui/Button.tsx:26:13)

    console.log
      [Button] Has onClick in props: false

      at log (src/components/ui/Button.tsx:27:13)

    console.log
      [Button] All props: {}

      at log (src/components/ui/Button.tsx:28:13)

    console.log
      [Button] Rendering with type: submit

      at log (src/components/ui/Button.tsx:25:13)

    console.log
      [Button] Props received: {
        variant: 'primary',
        size: 'lg',
        type: 'submit',
        loading: false,
        disabled: false
      }

      at log (src/components/ui/Button.tsx:26:13)

    console.log
      [Button] Has onClick in props: false

      at log (src/components/ui/Button.tsx:27:13)

    console.log
      [Button] All props: {}

      at log (src/components/ui/Button.tsx:28:13)

    console.log
      [Button] Rendering with type: submit

      at log (src/components/ui/Button.tsx:25:13)

    console.log
      [Button] Props received: {
        variant: 'primary',
        size: 'lg',
        type: 'submit',
        loading: false,
        disabled: false
      }

      at log (src/components/ui/Button.tsx:26:13)

    console.log
      [Button] Has onClick in props: false

      at log (src/components/ui/Button.tsx:27:13)

    console.log
      [Button] All props: {}

      at log (src/components/ui/Button.tsx:28:13)

    console.log
      [Button] Rendering with type: submit

      at log (src/components/ui/Button.tsx:25:13)

    console.log
      [Button] Props received: {
        variant: 'primary',
        size: 'lg',
        type: 'submit',
        loading: false,
        disabled: false
      }

      at log (src/components/ui/Button.tsx:26:13)

    console.log
      [Button] Has onClick in props: false

      at log (src/components/ui/Button.tsx:27:13)

    console.log
      [Button] All props: {}

      at log (src/components/ui/Button.tsx:28:13)

    console.log
      [Button] Rendering with type: submit

      at log (src/components/ui/Button.tsx:25:13)

    console.log
      [Button] Props received: {
        variant: 'primary',
        size: 'lg',
        type: 'submit',
        loading: false,
        disabled: false
      }

      at log (src/components/ui/Button.tsx:26:13)

    console.log
      [Button] Has onClick in props: false

      at log (src/components/ui/Button.tsx:27:13)

    console.log
      [Button] All props: {}

      at log (src/components/ui/Button.tsx:28:13)

    console.log
      [Button] Rendering with type: submit

      at log (src/components/ui/Button.tsx:25:13)

    console.log
      [Button] Props received: {
        variant: 'primary',
        size: 'lg',
        type: 'submit',
        loading: false,
        disabled: false
      }

      at log (src/components/ui/Button.tsx:26:13)

    console.log
      [Button] Has onClick in props: false

      at log (src/components/ui/Button.tsx:27:13)

    console.log
      [Button] All props: {}

      at log (src/components/ui/Button.tsx:28:13)

    console.log
      [Button] Rendering with type: submit

      at log (src/components/ui/Button.tsx:25:13)

    console.log
      [Button] Props received: {
        variant: 'primary',
        size: 'lg',
        type: 'submit',
        loading: false,
        disabled: false
      }

      at log (src/components/ui/Button.tsx:26:13)

    console.log
      [Button] Has onClick in props: false

      at log (src/components/ui/Button.tsx:27:13)

    console.log
      [Button] All props: {}

      at log (src/components/ui/Button.tsx:28:13)

    console.log
      [Button] Rendering with type: submit

      at log (src/components/ui/Button.tsx:25:13)

    console.log
      [Button] Props received: {
        variant: 'primary',
        size: 'lg',
        type: 'submit',
        loading: false,
        disabled: false
      }

      at log (src/components/ui/Button.tsx:26:13)

    console.log
      [Button] Has onClick in props: false

      at log (src/components/ui/Button.tsx:27:13)

    console.log
      [Button] All props: {}

      at log (src/components/ui/Button.tsx:28:13)

    console.log
      [Button] Rendering with type: submit

      at log (src/components/ui/Button.tsx:25:13)

    console.log
      [Button] Props received: {
        variant: 'primary',
        size: 'lg',
        type: 'submit',
        loading: false,
        disabled: false
      }

      at log (src/components/ui/Button.tsx:26:13)

    console.log
      [Button] Has onClick in props: false

      at log (src/components/ui/Button.tsx:27:13)

    console.log
      [Button] All props: {}

      at log (src/components/ui/Button.tsx:28:13)

    console.log
      [Button] Rendering with type: submit

      at log (src/components/ui/Button.tsx:25:13)

    console.log
      [Button] Props received: {
        variant: 'primary',
        size: 'lg',
        type: 'submit',
        loading: false,
        disabled: false
      }

      at log (src/components/ui/Button.tsx:26:13)

    console.log
      [Button] Has onClick in props: false

      at log (src/components/ui/Button.tsx:27:13)

    console.log
      [Button] All props: {}

      at log (src/components/ui/Button.tsx:28:13)

    console.log
      [Button] Rendering with type: submit

      at log (src/components/ui/Button.tsx:25:13)

    console.log
      [Button] Props received: {
        variant: 'primary',
        size: 'lg',
        type: 'submit',
        loading: false,
        disabled: false
      }

      at log (src/components/ui/Button.tsx:26:13)

    console.log
      [Button] Has onClick in props: false

      at log (src/components/ui/Button.tsx:27:13)

    console.log
      [Button] All props: {}

      at log (src/components/ui/Button.tsx:28:13)

    console.log
      [Button] Rendering with type: submit

      at log (src/components/ui/Button.tsx:25:13)

    console.log
      [Button] Props received: {
        variant: 'primary',
        size: 'lg',
        type: 'submit',
        loading: false,
        disabled: false
      }

      at log (src/components/ui/Button.tsx:26:13)

    console.log
      [Button] Has onClick in props: false

      at log (src/components/ui/Button.tsx:27:13)

    console.log
      [Button] All props: {}

      at log (src/components/ui/Button.tsx:28:13)

    console.log
      [Button] Rendering with type: submit

      at log (src/components/ui/Button.tsx:25:13)

    console.log
      [Button] Props received: {
        variant: 'primary',
        size: 'lg',
        type: 'submit',
        loading: false,
        disabled: false
      }

      at log (src/components/ui/Button.tsx:26:13)

    console.log
      [Button] Has onClick in props: false

      at log (src/components/ui/Button.tsx:27:13)

    console.log
      [Button] All props: {}

      at log (src/components/ui/Button.tsx:28:13)

    console.log
      [Button] Rendering with type: submit

      at log (src/components/ui/Button.tsx:25:13)

    console.log
      [Button] Props received: {
        variant: 'primary',
        size: 'lg',
        type: 'submit',
        loading: false,
        disabled: false
      }

      at log (src/components/ui/Button.tsx:26:13)

    console.log
      [Button] Has onClick in props: false

      at log (src/components/ui/Button.tsx:27:13)

    console.log
      [Button] All props: {}

      at log (src/components/ui/Button.tsx:28:13)

    console.log
      [Button] Rendering with type: submit

      at log (src/components/ui/Button.tsx:25:13)

    console.log
      [Button] Props received: {
        variant: 'primary',
        size: 'lg',
        type: 'submit',
        loading: false,
        disabled: false
      }

      at log (src/components/ui/Button.tsx:26:13)

    console.log
      [Button] Has onClick in props: false

      at log (src/components/ui/Button.tsx:27:13)

    console.log
      [Button] All props: {}

      at log (src/components/ui/Button.tsx:28:13)

    console.log
      [Button] Rendering with type: submit

      at log (src/components/ui/Button.tsx:25:13)

    console.log
      [Button] Props received: {
        variant: 'primary',
        size: 'lg',
        type: 'submit',
        loading: false,
        disabled: false
      }

      at log (src/components/ui/Button.tsx:26:13)

    console.log
      [Button] Has onClick in props: false

      at log (src/components/ui/Button.tsx:27:13)

    console.log
      [Button] All props: {}

      at log (src/components/ui/Button.tsx:28:13)

    console.log
      [Button] Rendering with type: submit

      at log (src/components/ui/Button.tsx:25:13)

    console.log
      [Button] Props received: {
        variant: 'primary',
        size: 'lg',
        type: 'submit',
        loading: false,
        disabled: false
      }

      at log (src/components/ui/Button.tsx:26:13)

    console.log
      [Button] Has onClick in props: false

      at log (src/components/ui/Button.tsx:27:13)

    console.log
      [Button] All props: {}

      at log (src/components/ui/Button.tsx:28:13)

    console.log
      [Button] Rendering with type: submit

      at log (src/components/ui/Button.tsx:25:13)

    console.log
      [Button] Props received: {
        variant: 'primary',
        size: 'lg',
        type: 'submit',
        loading: false,
        disabled: false
      }

      at log (src/components/ui/Button.tsx:26:13)

    console.log
      [Button] Has onClick in props: false

      at log (src/components/ui/Button.tsx:27:13)

    console.log
      [Button] All props: {}

      at log (src/components/ui/Button.tsx:28:13)

    console.log
      [Button] Rendering with type: submit

      at log (src/components/ui/Button.tsx:25:13)

    console.log
      [Button] Props received: {
        variant: 'primary',
        size: 'lg',
        type: 'submit',
        loading: false,
        disabled: false
      }

      at log (src/components/ui/Button.tsx:26:13)

    console.log
      [Button] Has onClick in props: false

      at log (src/components/ui/Button.tsx:27:13)

    console.log
      [Button] All props: {}

      at log (src/components/ui/Button.tsx:28:13)

    console.log
      [Button] Rendering with type: submit

      at log (src/components/ui/Button.tsx:25:13)

    console.log
      [Button] Props received: {
        variant: 'primary',
        size: 'lg',
        type: 'submit',
        loading: false,
        disabled: false
      }

      at log (src/components/ui/Button.tsx:26:13)

    console.log
      [Button] Has onClick in props: false

      at log (src/components/ui/Button.tsx:27:13)

    console.log
      [Button] All props: {}

      at log (src/components/ui/Button.tsx:28:13)

    console.log
      [Button] Rendering with type: submit

      at log (src/components/ui/Button.tsx:25:13)

    console.log
      [Button] Props received: {
        variant: 'primary',
        size: 'lg',
        type: 'submit',
        loading: false,
        disabled: false
      }

      at log (src/components/ui/Button.tsx:26:13)

    console.log
      [Button] Has onClick in props: false

      at log (src/components/ui/Button.tsx:27:13)

    console.log
      [Button] All props: {}

      at log (src/components/ui/Button.tsx:28:13)

    console.log
      [Button] Rendering with type: submit

      at log (src/components/ui/Button.tsx:25:13)

    console.log
      [Button] Props received: {
        variant: 'primary',
        size: 'lg',
        type: 'submit',
        loading: false,
        disabled: false
      }

      at log (src/components/ui/Button.tsx:26:13)

    console.log
      [Button] Has onClick in props: false

      at log (src/components/ui/Button.tsx:27:13)

    console.log
      [Button] All props: {}

      at log (src/components/ui/Button.tsx:28:13)

    console.log
      [Button] Rendering with type: submit

      at log (src/components/ui/Button.tsx:25:13)

    console.log
      [Button] Props received: {
        variant: 'primary',
        size: 'lg',
        type: 'submit',
        loading: false,
        disabled: false
      }

      at log (src/components/ui/Button.tsx:26:13)

    console.log
      [Button] Has onClick in props: false

      at log (src/components/ui/Button.tsx:27:13)

    console.log
      [Button] All props: {}

      at log (src/components/ui/Button.tsx:28:13)

    console.log
      [Button] Rendering with type: submit

      at log (src/components/ui/Button.tsx:25:13)

    console.log
      [Button] Props received: {
        variant: 'primary',
        size: 'lg',
        type: 'submit',
        loading: false,
        disabled: false
      }

      at log (src/components/ui/Button.tsx:26:13)

    console.log
      [Button] Has onClick in props: false

      at log (src/components/ui/Button.tsx:27:13)

    console.log
      [Button] All props: {}

      at log (src/components/ui/Button.tsx:28:13)

    console.log
      [Button] Rendering with type: submit

      at log (src/components/ui/Button.tsx:25:13)

    console.log
      [Button] Props received: {
        variant: 'primary',
        size: 'lg',
        type: 'submit',
        loading: false,
        disabled: false
      }

      at log (src/components/ui/Button.tsx:26:13)

    console.log
      [Button] Has onClick in props: false

      at log (src/components/ui/Button.tsx:27:13)

    console.log
      [Button] All props: {}

      at log (src/components/ui/Button.tsx:28:13)

    console.log
      [Button] Rendering with type: submit

      at log (src/components/ui/Button.tsx:25:13)

    console.log
      [Button] Props received: {
        variant: 'primary',
        size: 'lg',
        type: 'submit',
        loading: false,
        disabled: false
      }

      at log (src/components/ui/Button.tsx:26:13)

    console.log
      [Button] Has onClick in props: false

      at log (src/components/ui/Button.tsx:27:13)

    console.log
      [Button] All props: {}

      at log (src/components/ui/Button.tsx:28:13)

    console.log
      [Button] Rendering with type: submit

      at log (src/components/ui/Button.tsx:25:13)

    console.log
      [Button] Props received: {
        variant: 'primary',
        size: 'lg',
        type: 'submit',
        loading: false,
        disabled: false
      }

      at log (src/components/ui/Button.tsx:26:13)

    console.log
      [Button] Has onClick in props: false

      at log (src/components/ui/Button.tsx:27:13)

    console.log
      [Button] All props: {}

      at log (src/components/ui/Button.tsx:28:13)

    console.log
      [Button] Rendering with type: submit

      at log (src/components/ui/Button.tsx:25:13)

    console.log
      [Button] Props received: {
        variant: 'primary',
        size: 'lg',
        type: 'submit',
        loading: false,
        disabled: false
      }

      at log (src/components/ui/Button.tsx:26:13)

    console.log
      [Button] Has onClick in props: false

      at log (src/components/ui/Button.tsx:27:13)

    console.log
      [Button] All props: {}

      at log (src/components/ui/Button.tsx:28:13)

    console.log
      [Button] Rendering with type: submit

      at log (src/components/ui/Button.tsx:25:13)

    console.log
      [Button] Props received: {
        variant: 'primary',
        size: 'lg',
        type: 'submit',
        loading: false,
        disabled: false
      }

      at log (src/components/ui/Button.tsx:26:13)

    console.log
      [Button] Has onClick in props: false

      at log (src/components/ui/Button.tsx:27:13)

    console.log
      [Button] All props: {}

      at log (src/components/ui/Button.tsx:28:13)

    console.log
      [Button] Rendering with type: submit

      at log (src/components/ui/Button.tsx:25:13)

    console.log
      [Button] Props received: {
        variant: 'primary',
        size: 'lg',
        type: 'submit',
        loading: true,
        disabled: true
      }

      at log (src/components/ui/Button.tsx:26:13)

    console.log
      [Button] Has onClick in props: false

      at log (src/components/ui/Button.tsx:27:13)

    console.log
      [Button] All props: {}

      at log (src/components/ui/Button.tsx:28:13)

    console.log
      Form submission started

      at log (src/hooks/useLoginForm.ts:200:13)

    console.log
      Default behavior prevented

      at log (src/hooks/useLoginForm.ts:203:15)

    console.log
      [LoginFlowTracer] Trace started: 84e0e0d3-c4ae-4f4c-a424-96eb28b2ed09

      at log (src/lib/auth/LoginFlowTracer.ts:52:15)

    console.log
      [useLoginForm] Login flow started { traceId: '84e0e0d3-c4ae-4f4c-a424-96eb28b2ed09' }

      at log (src/hooks/useLoginForm.ts:208:13)

    console.log
      [useLoginForm] Calling API client login method { traceId: '84e0e0d3-c4ae-4f4c-a424-96eb28b2ed09' }

      at log (src/hooks/useLoginForm.ts:230:15)

    console.log
      [AuthService] Login attempt {
        email: 'test1@example.com',
        traceId: '84e0e0d3-c4ae-4f4c-a424-96eb28b2ed09'
      }

      at AuthService.log [as login] (src/lib/api/authService.ts:140:15)

    console.log
      [AuthService] Calling backend API { traceId: '84e0e0d3-c4ae-4f4c-a424-96eb28b2ed09' }

      at AuthService.log [as login] (src/lib/api/authService.ts:168:15)

    console.log
      [TokenManager] getToken attempt {
        storageKey: 'jwt_token',
        source: undefined,
        traceId: undefined,
        timestamp: '2026-02-08T19:37:20.079Z'
      }

      at log (src/lib/api/tokenManager.ts:322:11)

    console.log
      [TokenManager] Raw value retrieved {
        storageKey: 'jwt_token',
        valuePresent: false,
        valueLength: 0,
        valuePreview: 'null',
        traceId: undefined
      }

      at log (src/lib/api/tokenManager.ts:335:15)

    console.log
      [TokenManager] No token found in storage { storageKey: 'jwt_token', traceId: undefined }

      at log (src/lib/api/tokenManager.ts:358:21)

    console.warn
      [AuthLogger 2026-02-08T19:37:20.079Z] Token get failed

       98 |   } else {
       99 |     // In production, log minimal info
    > 100 |     consoleMethod(message);
          |     ^
      101 |   }
      102 | }
      103 |

      at consoleMethod (src/lib/auth/AuthLogger.ts:100:5)
      at log (src/lib/auth/AuthLogger.ts:175:3)
      at getToken (src/lib/api/tokenManager.ts:362:30)
      at src/lib/api/apiClient.ts:53:29
      at ApiClient.interceptor [as request] (src/lib/api/apiClient.ts:195:24)
      at ApiClient.request [as post] (src/lib/api/apiClient.ts:114:17)
      at AuthService.post [as login] (src/lib/api/authService.ts:169:45)
      at login (src/hooks/useLoginForm.ts:231:40)
      at errors (node_modules/react-hook-form/src/logic/createFormControl.ts:1293:24)

    console.log
      [TokenManager] getToken attempt {
        storageKey: 'jwt_token',
        source: undefined,
        traceId: undefined,
        timestamp: '2026-02-08T19:37:20.080Z'
      }

      at log (src/lib/api/tokenManager.ts:322:11)

    console.log
      [TokenManager] Raw value retrieved {
        storageKey: 'jwt_token',
        valuePresent: false,
        valueLength: 0,
        valuePreview: 'null',
        traceId: undefined
      }

      at log (src/lib/api/tokenManager.ts:335:15)

    console.log
      [TokenManager] No token found in storage { storageKey: 'jwt_token', traceId: undefined }

      at log (src/lib/api/tokenManager.ts:358:21)

    console.warn
      [AuthLogger 2026-02-08T19:37:20.080Z] Token get failed

       98 |   } else {
       99 |     // In production, log minimal info
    > 100 |     consoleMethod(message);
          |     ^
      101 |   }
      102 | }
      103 |

      at consoleMethod (src/lib/auth/AuthLogger.ts:100:5)
      at log (src/lib/auth/AuthLogger.ts:175:3)
      at getToken (src/lib/api/tokenManager.ts:362:30)
      at TokenManager.getToken (src/lib/api/tokenManager.ts:512:12)
      at getToken (src/lib/api/interceptors.ts:41:30)
      at ApiClient.interceptor [as request] (src/lib/api/apiClient.ts:195:24)

    console.error
      [AuthService] Login error {
        error: 'An unexpected error occurred. Please try again.',
        traceId: '84e0e0d3-c4ae-4f4c-a424-96eb28b2ed09'
      }

      223 |       };
      224 |     } catch (error: any) {
    > 225 |       console.error('[AuthService] Login error', {
          |               ^
      226 |         error: error.message || String(error),
      227 |         traceId,
      228 |       });

      at AuthService.error (src/lib/api/authService.ts:225:15)
      at src/hooks/useLoginForm.ts:231:22
      at unset (node_modules/react-hook-form/src/logic/createFormControl.ts:1293:7)

    console.error
      [useLoginForm] Login failed {
        error: 'Unable to connect. Please check your internet connection.',
        traceId: '84e0e0d3-c4ae-4f4c-a424-96eb28b2ed09'
      }

      259 |       } else {
      260 |         // Login failed - handle error
    > 261 |         console.error('[useLoginForm] Login failed', { error: result.error, traceId });
          |                 ^
      262 |         
      263 |         // Record attempt for authentication errors
      264 |         if (result.error === 'Invalid email or password') {

      at error (src/hooks/useLoginForm.ts:261:17)
      at unset (node_modules/react-hook-form/src/logic/createFormControl.ts:1293:7)

    console.error
      Login error: {
        type: 'authentication',
        message: 'Unable to connect. Please check your internet connection.'
      }

      139 |     // Error handling is managed by the LoginForm component
      140 |     // This callback is provided for potential future logging or analytics
    > 141 |     console.error('Login error:', error);
          |             ^
      142 |   };
      143 |
      144 |   return (

      at error (src/app/login/LoginPageClient.tsx:141:13)
      at onError (src/hooks/useLoginForm.ts:271:11)
      at unset (node_modules/react-hook-form/src/logic/createFormControl.ts:1293:7)

    console.log
      [Button] Rendering with type: submit

      at log (src/components/ui/Button.tsx:25:13)

    console.log
      [Button] Props received: {
        variant: 'primary',
        size: 'lg',
        type: 'submit',
        loading: false,
        disabled: false
      }

      at log (src/components/ui/Button.tsx:26:13)

    console.log
      [Button] Has onClick in props: false

      at log (src/components/ui/Button.tsx:27:13)

    console.log
      [Button] All props: {}

      at log (src/components/ui/Button.tsx:28:13)

    console.log
      [Button] Rendering with type: submit

      at log (src/components/ui/Button.tsx:25:13)

    console.log
      [Button] Props received: {
        variant: 'primary',
        size: 'lg',
        type: 'submit',
        loading: false,
        disabled: false
      }

      at log (src/components/ui/Button.tsx:26:13)

    console.log
      [Button] Has onClick in props: false

      at log (src/components/ui/Button.tsx:27:13)

    console.log
      [Button] All props: {}

      at log (src/components/ui/Button.tsx:28:13)

    console.log
      [Button] Rendering with type: submit

      at log (src/components/ui/Button.tsx:25:13)

    console.log
      [Button] Props received: {
        variant: 'primary',
        size: 'lg',
        type: 'submit',
        loading: false,
        disabled: false
      }

      at log (src/components/ui/Button.tsx:26:13)

    console.log
      [Button] Has onClick in props: false

      at log (src/components/ui/Button.tsx:27:13)

    console.log
      [Button] All props: {}

      at log (src/components/ui/Button.tsx:28:13)

    console.log
      [Button] Rendering with type: submit

      at log (src/components/ui/Button.tsx:25:13)

    console.log
      [Button] Props received: {
        variant: 'primary',
        size: 'lg',
        type: 'submit',
        loading: false,
        disabled: false
      }

      at log (src/components/ui/Button.tsx:26:13)

    console.log
      [Button] Has onClick in props: false

      at log (src/components/ui/Button.tsx:27:13)

    console.log
      [Button] All props: {}

      at log (src/components/ui/Button.tsx:28:13)

    console.log
      [Button] Rendering with type: submit

      at log (src/components/ui/Button.tsx:25:13)

    console.log
      [Button] Props received: {
        variant: 'primary',
        size: 'lg',
        type: 'submit',
        loading: false,
        disabled: false
      }

      at log (src/components/ui/Button.tsx:26:13)

    console.log
      [Button] Has onClick in props: false

      at log (src/components/ui/Button.tsx:27:13)

    console.log
      [Button] All props: {}

      at log (src/components/ui/Button.tsx:28:13)

    console.log
      [Button] Rendering with type: submit

      at log (src/components/ui/Button.tsx:25:13)

    console.log
      [Button] Props received: {
        variant: 'primary',
        size: 'lg',
        type: 'submit',
        loading: false,
        disabled: false
      }

      at log (src/components/ui/Button.tsx:26:13)

    console.log
      [Button] Has onClick in props: false

      at log (src/components/ui/Button.tsx:27:13)

    console.log
      [Button] All props: {}

      at log (src/components/ui/Button.tsx:28:13)

    console.log
      [Button] Rendering with type: submit

      at log (src/components/ui/Button.tsx:25:13)

    console.log
      [Button] Props received: {
        variant: 'primary',
        size: 'lg',
        type: 'submit',
        loading: false,
        disabled: false
      }

      at log (src/components/ui/Button.tsx:26:13)

    console.log
      [Button] Has onClick in props: false

      at log (src/components/ui/Button.tsx:27:13)

    console.log
      [Button] All props: {}

      at log (src/components/ui/Button.tsx:28:13)

    console.log
      [Button] Rendering with type: submit

      at log (src/components/ui/Button.tsx:25:13)

    console.log
      [Button] Props received: {
        variant: 'primary',
        size: 'lg',
        type: 'submit',
        loading: false,
        disabled: false
      }

      at log (src/components/ui/Button.tsx:26:13)

    console.log
      [Button] Has onClick in props: false

      at log (src/components/ui/Button.tsx:27:13)

    console.log
      [Button] All props: {}

      at log (src/components/ui/Button.tsx:28:13)

    console.log
      [Button] Rendering with type: submit

      at log (src/components/ui/Button.tsx:25:13)

    console.log
      [Button] Props received: {
        variant: 'primary',
        size: 'lg',
        type: 'submit',
        loading: false,
        disabled: false
      }

      at log (src/components/ui/Button.tsx:26:13)

    console.log
      [Button] Has onClick in props: false

      at log (src/components/ui/Button.tsx:27:13)

    console.log
      [Button] All props: {}

      at log (src/components/ui/Button.tsx:28:13)

    console.log
      [Button] Rendering with type: submit

      at log (src/components/ui/Button.tsx:25:13)

    console.log
      [Button] Props received: {
        variant: 'primary',
        size: 'lg',
        type: 'submit',
        loading: false,
        disabled: false
      }

      at log (src/components/ui/Button.tsx:26:13)

    console.log
      [Button] Has onClick in props: false

      at log (src/components/ui/Button.tsx:27:13)

    console.log
      [Button] All props: {}

      at log (src/components/ui/Button.tsx:28:13)

    console.log
      [Button] Rendering with type: submit

      at log (src/components/ui/Button.tsx:25:13)

    console.log
      [Button] Props received: {
        variant: 'primary',
        size: 'lg',
        type: 'submit',
        loading: false,
        disabled: false
      }

      at log (src/components/ui/Button.tsx:26:13)

    console.log
      [Button] Has onClick in props: false

      at log (src/components/ui/Button.tsx:27:13)

    console.log
      [Button] All props: {}

      at log (src/components/ui/Button.tsx:28:13)

    console.log
      [Button] Rendering with type: submit

      at log (src/components/ui/Button.tsx:25:13)

    console.log
      [Button] Props received: {
        variant: 'primary',
        size: 'lg',
        type: 'submit',
        loading: false,
        disabled: false
      }

      at log (src/components/ui/Button.tsx:26:13)

    console.log
      [Button] Has onClick in props: false

      at log (src/components/ui/Button.tsx:27:13)

    console.log
      [Button] All props: {}

      at log (src/components/ui/Button.tsx:28:13)

    console.log
      [Button] Rendering with type: submit

      at log (src/components/ui/Button.tsx:25:13)

    console.log
      [Button] Props received: {
        variant: 'primary',
        size: 'lg',
        type: 'submit',
        loading: false,
        disabled: false
      }

      at log (src/components/ui/Button.tsx:26:13)

    console.log
      [Button] Has onClick in props: false

      at log (src/components/ui/Button.tsx:27:13)

    console.log
      [Button] All props: {}

      at log (src/components/ui/Button.tsx:28:13)

    console.log
      [Button] Rendering with type: submit

      at log (src/components/ui/Button.tsx:25:13)

    console.log
      [Button] Props received: {
        variant: 'primary',
        size: 'lg',
        type: 'submit',
        loading: false,
        disabled: false
      }

      at log (src/components/ui/Button.tsx:26:13)

    console.log
      [Button] Has onClick in props: false

      at log (src/components/ui/Button.tsx:27:13)

    console.log
      [Button] All props: {}

      at log (src/components/ui/Button.tsx:28:13)

    console.log
      [Button] Rendering with type: submit

      at log (src/components/ui/Button.tsx:25:13)

    console.log
      [Button] Props received: {
        variant: 'primary',
        size: 'lg',
        type: 'submit',
        loading: false,
        disabled: false
      }

      at log (src/components/ui/Button.tsx:26:13)

    console.log
      [Button] Has onClick in props: false

      at log (src/components/ui/Button.tsx:27:13)

    console.log
      [Button] All props: {}

      at log (src/components/ui/Button.tsx:28:13)

    console.log
      [Button] Rendering with type: submit

      at log (src/components/ui/Button.tsx:25:13)

    console.log
      [Button] Props received: {
        variant: 'primary',
        size: 'lg',
        type: 'submit',
        loading: false,
        disabled: false
      }

      at log (src/components/ui/Button.tsx:26:13)

    console.log
      [Button] Has onClick in props: false

      at log (src/components/ui/Button.tsx:27:13)

    console.log
      [Button] All props: {}

      at log (src/components/ui/Button.tsx:28:13)

    console.log
      [Button] Rendering with type: submit

      at log (src/components/ui/Button.tsx:25:13)

    console.log
      [Button] Props received: {
        variant: 'primary',
        size: 'lg',
        type: 'submit',
        loading: false,
        disabled: false
      }

      at log (src/components/ui/Button.tsx:26:13)

    console.log
      [Button] Has onClick in props: false

      at log (src/components/ui/Button.tsx:27:13)

    console.log
      [Button] All props: {}

      at log (src/components/ui/Button.tsx:28:13)

    console.log
      [Button] Rendering with type: submit

      at log (src/components/ui/Button.tsx:25:13)

    console.log
      [Button] Props received: {
        variant: 'primary',
        size: 'lg',
        type: 'submit',
        loading: false,
        disabled: false
      }

      at log (src/components/ui/Button.tsx:26:13)

    console.log
      [Button] Has onClick in props: false

      at log (src/components/ui/Button.tsx:27:13)

    console.log
      [Button] All props: {}

      at log (src/components/ui/Button.tsx:28:13)

    console.log
      [Button] Rendering with type: submit

      at log (src/components/ui/Button.tsx:25:13)

    console.log
      [Button] Props received: {
        variant: 'primary',
        size: 'lg',
        type: 'submit',
        loading: false,
        disabled: false
      }

      at log (src/components/ui/Button.tsx:26:13)

    console.log
      [Button] Has onClick in props: false

      at log (src/components/ui/Button.tsx:27:13)

    console.log
      [Button] All props: {}

      at log (src/components/ui/Button.tsx:28:13)

    console.log
      [Button] Rendering with type: submit

      at log (src/components/ui/Button.tsx:25:13)

    console.log
      [Button] Props received: {
        variant: 'primary',
        size: 'lg',
        type: 'submit',
        loading: false,
        disabled: false
      }

      at log (src/components/ui/Button.tsx:26:13)

    console.log
      [Button] Has onClick in props: false

      at log (src/components/ui/Button.tsx:27:13)

    console.log
      [Button] All props: {}

      at log (src/components/ui/Button.tsx:28:13)

    console.log
      [Button] Rendering with type: submit

      at log (src/components/ui/Button.tsx:25:13)

    console.log
      [Button] Props received: {
        variant: 'primary',
        size: 'lg',
        type: 'submit',
        loading: false,
        disabled: false
      }

      at log (src/components/ui/Button.tsx:26:13)

    console.log
      [Button] Has onClick in props: false

      at log (src/components/ui/Button.tsx:27:13)

    console.log
      [Button] All props: {}

      at log (src/components/ui/Button.tsx:28:13)

    console.log
      [Button] Rendering with type: submit

      at log (src/components/ui/Button.tsx:25:13)

    console.log
      [Button] Props received: {
        variant: 'primary',
        size: 'lg',
        type: 'submit',
        loading: false,
        disabled: false
      }

      at log (src/components/ui/Button.tsx:26:13)

    console.log
      [Button] Has onClick in props: false

      at log (src/components/ui/Button.tsx:27:13)

    console.log
      [Button] All props: {}

      at log (src/components/ui/Button.tsx:28:13)

    console.log
      [Button] Rendering with type: submit

      at log (src/components/ui/Button.tsx:25:13)

    console.log
      [Button] Props received: {
        variant: 'primary',
        size: 'lg',
        type: 'submit',
        loading: false,
        disabled: false
      }

      at log (src/components/ui/Button.tsx:26:13)

    console.log
      [Button] Has onClick in props: false

      at log (src/components/ui/Button.tsx:27:13)

    console.log
      [Button] All props: {}

      at log (src/components/ui/Button.tsx:28:13)

    console.log
      [Button] Rendering with type: submit

      at log (src/components/ui/Button.tsx:25:13)

    console.log
      [Button] Props received: {
        variant: 'primary',
        size: 'lg',
        type: 'submit',
        loading: false,
        disabled: false
      }

      at log (src/components/ui/Button.tsx:26:13)

    console.log
      [Button] Has onClick in props: false

      at log (src/components/ui/Button.tsx:27:13)

    console.log
      [Button] All props: {}

      at log (src/components/ui/Button.tsx:28:13)

    console.log
      [Button] Rendering with type: submit

      at log (src/components/ui/Button.tsx:25:13)

    console.log
      [Button] Props received: {
        variant: 'primary',
        size: 'lg',
        type: 'submit',
        loading: false,
        disabled: false
      }

      at log (src/components/ui/Button.tsx:26:13)

    console.log
      [Button] Has onClick in props: false

      at log (src/components/ui/Button.tsx:27:13)

    console.log
      [Button] All props: {}

      at log (src/components/ui/Button.tsx:28:13)

    console.log
      [Button] Rendering with type: submit

      at log (src/components/ui/Button.tsx:25:13)

    console.log
      [Button] Props received: {
        variant: 'primary',
        size: 'lg',
        type: 'submit',
        loading: false,
        disabled: false
      }

      at log (src/components/ui/Button.tsx:26:13)

    console.log
      [Button] Has onClick in props: false

      at log (src/components/ui/Button.tsx:27:13)

    console.log
      [Button] All props: {}

      at log (src/components/ui/Button.tsx:28:13)

    console.log
      [Button] Rendering with type: submit

      at log (src/components/ui/Button.tsx:25:13)

    console.log
      [Button] Props received: {
        variant: 'primary',
        size: 'lg',
        type: 'submit',
        loading: false,
        disabled: false
      }

      at log (src/components/ui/Button.tsx:26:13)

    console.log
      [Button] Has onClick in props: false

      at log (src/components/ui/Button.tsx:27:13)

    console.log
      [Button] All props: {}

      at log (src/components/ui/Button.tsx:28:13)

    console.log
      [Button] Rendering with type: submit

      at log (src/components/ui/Button.tsx:25:13)

    console.log
      [Button] Props received: {
        variant: 'primary',
        size: 'lg',
        type: 'submit',
        loading: false,
        disabled: false
      }

      at log (src/components/ui/Button.tsx:26:13)

    console.log
      [Button] Has onClick in props: false

      at log (src/components/ui/Button.tsx:27:13)

    console.log
      [Button] All props: {}

      at log (src/components/ui/Button.tsx:28:13)

    console.log
      [Button] Rendering with type: submit

      at log (src/components/ui/Button.tsx:25:13)

    console.log
      [Button] Props received: {
        variant: 'primary',
        size: 'lg',
        type: 'submit',
        loading: false,
        disabled: false
      }

      at log (src/components/ui/Button.tsx:26:13)

    console.log
      [Button] Has onClick in props: false

      at log (src/components/ui/Button.tsx:27:13)

    console.log
      [Button] All props: {}

      at log (src/components/ui/Button.tsx:28:13)

    console.log
      [Button] Rendering with type: submit

      at log (src/components/ui/Button.tsx:25:13)

    console.log
      [Button] Props received: {
        variant: 'primary',
        size: 'lg',
        type: 'submit',
        loading: false,
        disabled: false
      }

      at log (src/components/ui/Button.tsx:26:13)

    console.log
      [Button] Has onClick in props: false

      at log (src/components/ui/Button.tsx:27:13)

    console.log
      [Button] All props: {}

      at log (src/components/ui/Button.tsx:28:13)

    console.log
      [Button] Rendering with type: submit

      at log (src/components/ui/Button.tsx:25:13)

    console.log
      [Button] Props received: {
        variant: 'primary',
        size: 'lg',
        type: 'submit',
        loading: false,
        disabled: false
      }

      at log (src/components/ui/Button.tsx:26:13)

    console.log
      [Button] Has onClick in props: false

      at log (src/components/ui/Button.tsx:27:13)

    console.log
      [Button] All props: {}

      at log (src/components/ui/Button.tsx:28:13)

    console.log
      [Button] Rendering with type: submit

      at log (src/components/ui/Button.tsx:25:13)

    console.log
      [Button] Props received: {
        variant: 'primary',
        size: 'lg',
        type: 'submit',
        loading: false,
        disabled: false
      }

      at log (src/components/ui/Button.tsx:26:13)

    console.log
      [Button] Has onClick in props: false

      at log (src/components/ui/Button.tsx:27:13)

    console.log
      [Button] All props: {}

      at log (src/components/ui/Button.tsx:28:13)

    console.log
      [Button] Rendering with type: submit

      at log (src/components/ui/Button.tsx:25:13)

    console.log
      [Button] Props received: {
        variant: 'primary',
        size: 'lg',
        type: 'submit',
        loading: false,
        disabled: false
      }

      at log (src/components/ui/Button.tsx:26:13)

    console.log
      [Button] Has onClick in props: false

      at log (src/components/ui/Button.tsx:27:13)

    console.log
      [Button] All props: {}

      at log (src/components/ui/Button.tsx:28:13)

    console.log
      [Button] Rendering with type: submit

      at log (src/components/ui/Button.tsx:25:13)

    console.log
      [Button] Props received: {
        variant: 'primary',
        size: 'lg',
        type: 'submit',
        loading: false,
        disabled: false
      }

      at log (src/components/ui/Button.tsx:26:13)

    console.log
      [Button] Has onClick in props: false

      at log (src/components/ui/Button.tsx:27:13)

    console.log
      [Button] All props: {}

      at log (src/components/ui/Button.tsx:28:13)

    console.log
      [Button] Rendering with type: submit

      at log (src/components/ui/Button.tsx:25:13)

    console.log
      [Button] Props received: {
        variant: 'primary',
        size: 'lg',
        type: 'submit',
        loading: false,
        disabled: false
      }

      at log (src/components/ui/Button.tsx:26:13)

    console.log
      [Button] Has onClick in props: false

      at log (src/components/ui/Button.tsx:27:13)

    console.log
      [Button] All props: {}

      at log (src/components/ui/Button.tsx:28:13)

    console.log
      [Button] Rendering with type: submit

      at log (src/components/ui/Button.tsx:25:13)

    console.log
      [Button] Props received: {
        variant: 'primary',
        size: 'lg',
        type: 'submit',
        loading: false,
        disabled: false
      }

      at log (src/components/ui/Button.tsx:26:13)

    console.log
      [Button] Has onClick in props: false

      at log (src/components/ui/Button.tsx:27:13)

    console.log
      [Button] All props: {}

      at log (src/components/ui/Button.tsx:28:13)

    console.log
      [Button] Rendering with type: submit

      at log (src/components/ui/Button.tsx:25:13)

    console.log
      [Button] Props received: {
        variant: 'primary',
        size: 'lg',
        type: 'submit',
        loading: false,
        disabled: false
      }

      at log (src/components/ui/Button.tsx:26:13)

    console.log
      [Button] Has onClick in props: false

      at log (src/components/ui/Button.tsx:27:13)

    console.log
      [Button] All props: {}

      at log (src/components/ui/Button.tsx:28:13)

    console.log
      [Button] Rendering with type: submit

      at log (src/components/ui/Button.tsx:25:13)

    console.log
      [Button] Props received: {
        variant: 'primary',
        size: 'lg',
        type: 'submit',
        loading: false,
        disabled: false
      }

      at log (src/components/ui/Button.tsx:26:13)

    console.log
      [Button] Has onClick in props: false

      at log (src/components/ui/Button.tsx:27:13)

    console.log
      [Button] All props: {}

      at log (src/components/ui/Button.tsx:28:13)

    console.log
      [Button] Rendering with type: submit

      at log (src/components/ui/Button.tsx:25:13)

    console.log
      [Button] Props received: {
        variant: 'primary',
        size: 'lg',
        type: 'submit',
        loading: false,
        disabled: false
      }

      at log (src/components/ui/Button.tsx:26:13)

    console.log
      [Button] Has onClick in props: false

      at log (src/components/ui/Button.tsx:27:13)

    console.log
      [Button] All props: {}

      at log (src/components/ui/Button.tsx:28:13)

    console.log
      [Button] Rendering with type: submit

      at log (src/components/ui/Button.tsx:25:13)

    console.log
      [Button] Props received: {
        variant: 'primary',
        size: 'lg',
        type: 'submit',
        loading: false,
        disabled: false
      }

      at log (src/components/ui/Button.tsx:26:13)

    console.log
      [Button] Has onClick in props: false

      at log (src/components/ui/Button.tsx:27:13)

    console.log
      [Button] All props: {}

      at log (src/components/ui/Button.tsx:28:13)

    console.log
      [Button] Rendering with type: submit

      at log (src/components/ui/Button.tsx:25:13)

    console.log
      [Button] Props received: {
        variant: 'primary',
        size: 'lg',
        type: 'submit',
        loading: false,
        disabled: false
      }

      at log (src/components/ui/Button.tsx:26:13)

    console.log
      [Button] Has onClick in props: false

      at log (src/components/ui/Button.tsx:27:13)

    console.log
      [Button] All props: {}

      at log (src/components/ui/Button.tsx:28:13)

    console.log
      [Button] Rendering with type: submit

      at log (src/components/ui/Button.tsx:25:13)

    console.log
      [Button] Props received: {
        variant: 'primary',
        size: 'lg',
        type: 'submit',
        loading: false,
        disabled: false
      }

      at log (src/components/ui/Button.tsx:26:13)

    console.log
      [Button] Has onClick in props: false

      at log (src/components/ui/Button.tsx:27:13)

    console.log
      [Button] All props: {}

      at log (src/components/ui/Button.tsx:28:13)

    console.log
      [Button] Rendering with type: submit

      at log (src/components/ui/Button.tsx:25:13)

    console.log
      [Button] Props received: {
        variant: 'primary',
        size: 'lg',
        type: 'submit',
        loading: false,
        disabled: false
      }

      at log (src/components/ui/Button.tsx:26:13)

    console.log
      [Button] Has onClick in props: false

      at log (src/components/ui/Button.tsx:27:13)

    console.log
      [Button] All props: {}

      at log (src/components/ui/Button.tsx:28:13)

    console.log
      [Button] Rendering with type: submit

      at log (src/components/ui/Button.tsx:25:13)

    console.log
      [Button] Props received: {
        variant: 'primary',
        size: 'lg',
        type: 'submit',
        loading: false,
        disabled: false
      }

      at log (src/components/ui/Button.tsx:26:13)

    console.log
      [Button] Has onClick in props: false

      at log (src/components/ui/Button.tsx:27:13)

    console.log
      [Button] All props: {}

      at log (src/components/ui/Button.tsx:28:13)

    console.log
      [Button] Rendering with type: submit

      at log (src/components/ui/Button.tsx:25:13)

    console.log
      [Button] Props received: {
        variant: 'primary',
        size: 'lg',
        type: 'submit',
        loading: false,
        disabled: false
      }

      at log (src/components/ui/Button.tsx:26:13)

    console.log
      [Button] Has onClick in props: false

      at log (src/components/ui/Button.tsx:27:13)

    console.log
      [Button] All props: {}

      at log (src/components/ui/Button.tsx:28:13)

    console.log
      [Button] Rendering with type: submit

      at log (src/components/ui/Button.tsx:25:13)

    console.log
      [Button] Props received: {
        variant: 'primary',
        size: 'lg',
        type: 'submit',
        loading: false,
        disabled: false
      }

      at log (src/components/ui/Button.tsx:26:13)

    console.log
      [Button] Has onClick in props: false

      at log (src/components/ui/Button.tsx:27:13)

    console.log
      [Button] All props: {}

      at log (src/components/ui/Button.tsx:28:13)

    console.log
      [Button] Rendering with type: submit

      at log (src/components/ui/Button.tsx:25:13)

    console.log
      [Button] Props received: {
        variant: 'primary',
        size: 'lg',
        type: 'submit',
        loading: true,
        disabled: true
      }

      at log (src/components/ui/Button.tsx:26:13)

    console.log
      [Button] Has onClick in props: false

      at log (src/components/ui/Button.tsx:27:13)

    console.log
      [Button] All props: {}

      at log (src/components/ui/Button.tsx:28:13)

    console.log
      Form submission started

      at log (src/hooks/useLoginForm.ts:200:13)

    console.log
      Default behavior prevented

      at log (src/hooks/useLoginForm.ts:203:15)

    console.log
      [LoginFlowTracer] Trace started: 4c761d1b-156d-4fa5-a2bb-d10389950ee1

      at log (src/lib/auth/LoginFlowTracer.ts:52:15)

    console.log
      [useLoginForm] Login flow started { traceId: '4c761d1b-156d-4fa5-a2bb-d10389950ee1' }

      at log (src/hooks/useLoginForm.ts:208:13)

    console.log
      [useLoginForm] Calling API client login method { traceId: '4c761d1b-156d-4fa5-a2bb-d10389950ee1' }

      at log (src/hooks/useLoginForm.ts:230:15)

    console.log
      [AuthService] Login attempt {
        email: 'test2@example.com',
        traceId: '4c761d1b-156d-4fa5-a2bb-d10389950ee1'
      }

      at AuthService.log [as login] (src/lib/api/authService.ts:140:15)

    console.log
      [AuthService] Calling backend API { traceId: '4c761d1b-156d-4fa5-a2bb-d10389950ee1' }

      at AuthService.log [as login] (src/lib/api/authService.ts:168:15)

    console.log
      [TokenManager] getToken attempt {
        storageKey: 'jwt_token',
        source: undefined,
        traceId: undefined,
        timestamp: '2026-02-08T19:37:20.459Z'
      }

      at log (src/lib/api/tokenManager.ts:322:11)

    console.log
      [TokenManager] Raw value retrieved {
        storageKey: 'jwt_token',
        valuePresent: false,
        valueLength: 0,
        valuePreview: 'null',
        traceId: undefined
      }

      at log (src/lib/api/tokenManager.ts:335:15)

    console.log
      [TokenManager] No token found in storage { storageKey: 'jwt_token', traceId: undefined }

      at log (src/lib/api/tokenManager.ts:358:21)

    console.warn
      [AuthLogger 2026-02-08T19:37:20.459Z] Token get failed

       98 |   } else {
       99 |     // In production, log minimal info
    > 100 |     consoleMethod(message);
          |     ^
      101 |   }
      102 | }
      103 |

      at consoleMethod (src/lib/auth/AuthLogger.ts:100:5)
      at log (src/lib/auth/AuthLogger.ts:175:3)
      at getToken (src/lib/api/tokenManager.ts:362:30)
      at src/lib/api/apiClient.ts:53:29
      at ApiClient.interceptor [as request] (src/lib/api/apiClient.ts:195:24)
      at ApiClient.request [as post] (src/lib/api/apiClient.ts:114:17)
      at AuthService.post [as login] (src/lib/api/authService.ts:169:45)
      at login (src/hooks/useLoginForm.ts:231:40)
      at errors (node_modules/react-hook-form/src/logic/createFormControl.ts:1293:24)

    console.log
      [TokenManager] getToken attempt {
        storageKey: 'jwt_token',
        source: undefined,
        traceId: undefined,
        timestamp: '2026-02-08T19:37:20.459Z'
      }

      at log (src/lib/api/tokenManager.ts:322:11)

    console.log
      [TokenManager] Raw value retrieved {
        storageKey: 'jwt_token',
        valuePresent: false,
        valueLength: 0,
        valuePreview: 'null',
        traceId: undefined
      }

      at log (src/lib/api/tokenManager.ts:335:15)

    console.log
      [TokenManager] No token found in storage { storageKey: 'jwt_token', traceId: undefined }

      at log (src/lib/api/tokenManager.ts:358:21)

    console.warn
      [AuthLogger 2026-02-08T19:37:20.459Z] Token get failed

       98 |   } else {
       99 |     // In production, log minimal info
    > 100 |     consoleMethod(message);
          |     ^
      101 |   }
      102 | }
      103 |

      at consoleMethod (src/lib/auth/AuthLogger.ts:100:5)
      at log (src/lib/auth/AuthLogger.ts:175:3)
      at getToken (src/lib/api/tokenManager.ts:362:30)
      at TokenManager.getToken (src/lib/api/tokenManager.ts:512:12)
      at getToken (src/lib/api/interceptors.ts:41:30)
      at ApiClient.interceptor [as request] (src/lib/api/apiClient.ts:195:24)

    console.error
      [AuthService] Login error {
        error: 'An unexpected error occurred. Please try again.',
        traceId: '4c761d1b-156d-4fa5-a2bb-d10389950ee1'
      }

      223 |       };
      224 |     } catch (error: any) {
    > 225 |       console.error('[AuthService] Login error', {
          |               ^
      226 |         error: error.message || String(error),
      227 |         traceId,
      228 |       });

      at AuthService.error (src/lib/api/authService.ts:225:15)
      at src/hooks/useLoginForm.ts:231:22
      at unset (node_modules/react-hook-form/src/logic/createFormControl.ts:1293:7)

    console.error
      [useLoginForm] Login failed {
        error: 'Unable to connect. Please check your internet connection.',
        traceId: '4c761d1b-156d-4fa5-a2bb-d10389950ee1'
      }

      259 |       } else {
      260 |         // Login failed - handle error
    > 261 |         console.error('[useLoginForm] Login failed', { error: result.error, traceId });
          |                 ^
      262 |         
      263 |         // Record attempt for authentication errors
      264 |         if (result.error === 'Invalid email or password') {

      at error (src/hooks/useLoginForm.ts:261:17)
      at unset (node_modules/react-hook-form/src/logic/createFormControl.ts:1293:7)

    console.error
      Login error: {
        type: 'authentication',
        message: 'Unable to connect. Please check your internet connection.'
      }

      139 |     // Error handling is managed by the LoginForm component
      140 |     // This callback is provided for potential future logging or analytics
    > 141 |     console.error('Login error:', error);
          |             ^
      142 |   };
      143 |
      144 |   return (

      at error (src/app/login/LoginPageClient.tsx:141:13)
      at onError (src/hooks/useLoginForm.ts:271:11)
      at unset (node_modules/react-hook-form/src/logic/createFormControl.ts:1293:7)

    console.log
      [Button] Rendering with type: submit

      at log (src/components/ui/Button.tsx:25:13)

    console.log
      [Button] Props received: {
        variant: 'primary',
        size: 'lg',
        type: 'submit',
        loading: false,
        disabled: false
      }

      at log (src/components/ui/Button.tsx:26:13)

    console.log
      [Button] Has onClick in props: false

      at log (src/components/ui/Button.tsx:27:13)

    console.log
      [Button] All props: {}

      at log (src/components/ui/Button.tsx:28:13)

    console.log
      [Button] Rendering with type: submit

      at log (src/components/ui/Button.tsx:25:13)

    console.log
      [Button] Props received: {
        variant: 'primary',
        size: 'lg',
        type: 'submit',
        loading: false,
        disabled: false
      }

      at log (src/components/ui/Button.tsx:26:13)

    console.log
      [Button] Has onClick in props: false

      at log (src/components/ui/Button.tsx:27:13)

    console.log
      [Button] All props: {}

      at log (src/components/ui/Button.tsx:28:13)

    console.log
      [Button] Rendering with type: submit

      at log (src/components/ui/Button.tsx:25:13)

    console.log
      [Button] Props received: {
        variant: 'primary',
        size: 'lg',
        type: 'submit',
        loading: false,
        disabled: false
      }

      at log (src/components/ui/Button.tsx:26:13)

    console.log
      [Button] Has onClick in props: false

      at log (src/components/ui/Button.tsx:27:13)

    console.log
      [Button] All props: {}

      at log (src/components/ui/Button.tsx:28:13)

    console.log
      [Button] Rendering with type: submit

      at log (src/components/ui/Button.tsx:25:13)

    console.log
      [Button] Props received: {
        variant: 'primary',
        size: 'lg',
        type: 'submit',
        loading: false,
        disabled: false
      }

      at log (src/components/ui/Button.tsx:26:13)

    console.log
      [Button] Has onClick in props: false

      at log (src/components/ui/Button.tsx:27:13)

    console.log
      [Button] All props: {}

      at log (src/components/ui/Button.tsx:28:13)

    console.log
      [Button] Rendering with type: submit

      at log (src/components/ui/Button.tsx:25:13)

    console.log
      [Button] Props received: {
        variant: 'primary',
        size: 'lg',
        type: 'submit',
        loading: false,
        disabled: false
      }

      at log (src/components/ui/Button.tsx:26:13)

    console.log
      [Button] Has onClick in props: false

      at log (src/components/ui/Button.tsx:27:13)

    console.log
      [Button] All props: {}

      at log (src/components/ui/Button.tsx:28:13)

    console.log
      [Button] Rendering with type: submit

      at log (src/components/ui/Button.tsx:25:13)

    console.log
      [Button] Props received: {
        variant: 'primary',
        size: 'lg',
        type: 'submit',
        loading: false,
        disabled: false
      }

      at log (src/components/ui/Button.tsx:26:13)

    console.log
      [Button] Has onClick in props: false

      at log (src/components/ui/Button.tsx:27:13)

    console.log
      [Button] All props: {}

      at log (src/components/ui/Button.tsx:28:13)

    console.log
      [Button] Rendering with type: submit

      at log (src/components/ui/Button.tsx:25:13)

    console.log
      [Button] Props received: {
        variant: 'primary',
        size: 'lg',
        type: 'submit',
        loading: false,
        disabled: false
      }

      at log (src/components/ui/Button.tsx:26:13)

    console.log
      [Button] Has onClick in props: false

      at log (src/components/ui/Button.tsx:27:13)

    console.log
      [Button] All props: {}

      at log (src/components/ui/Button.tsx:28:13)

    console.log
      [Button] Rendering with type: submit

      at log (src/components/ui/Button.tsx:25:13)

    console.log
      [Button] Props received: {
        variant: 'primary',
        size: 'lg',
        type: 'submit',
        loading: false,
        disabled: false
      }

      at log (src/components/ui/Button.tsx:26:13)

    console.log
      [Button] Has onClick in props: false

      at log (src/components/ui/Button.tsx:27:13)

    console.log
      [Button] All props: {}

      at log (src/components/ui/Button.tsx:28:13)

    console.log
      [Button] Rendering with type: submit

      at log (src/components/ui/Button.tsx:25:13)

    console.log
      [Button] Props received: {
        variant: 'primary',
        size: 'lg',
        type: 'submit',
        loading: false,
        disabled: false
      }

      at log (src/components/ui/Button.tsx:26:13)

    console.log
      [Button] Has onClick in props: false

      at log (src/components/ui/Button.tsx:27:13)

    console.log
      [Button] All props: {}

      at log (src/components/ui/Button.tsx:28:13)

    console.log
      [Button] Rendering with type: submit

      at log (src/components/ui/Button.tsx:25:13)

    console.log
      [Button] Props received: {
        variant: 'primary',
        size: 'lg',
        type: 'submit',
        loading: false,
        disabled: false
      }

      at log (src/components/ui/Button.tsx:26:13)

    console.log
      [Button] Has onClick in props: false

      at log (src/components/ui/Button.tsx:27:13)

    console.log
      [Button] All props: {}

      at log (src/components/ui/Button.tsx:28:13)

    console.log
      [Button] Rendering with type: submit

      at log (src/components/ui/Button.tsx:25:13)

    console.log
      [Button] Props received: {
        variant: 'primary',
        size: 'lg',
        type: 'submit',
        loading: false,
        disabled: false
      }

      at log (src/components/ui/Button.tsx:26:13)

    console.log
      [Button] Has onClick in props: false

      at log (src/components/ui/Button.tsx:27:13)

    console.log
      [Button] All props: {}

      at log (src/components/ui/Button.tsx:28:13)

    console.log
      [Button] Rendering with type: submit

      at log (src/components/ui/Button.tsx:25:13)

    console.log
      [Button] Props received: {
        variant: 'primary',
        size: 'lg',
        type: 'submit',
        loading: false,
        disabled: false
      }

      at log (src/components/ui/Button.tsx:26:13)

    console.log
      [Button] Has onClick in props: false

      at log (src/components/ui/Button.tsx:27:13)

    console.log
      [Button] All props: {}

      at log (src/components/ui/Button.tsx:28:13)

    console.log
      [Button] Rendering with type: submit

      at log (src/components/ui/Button.tsx:25:13)

    console.log
      [Button] Props received: {
        variant: 'primary',
        size: 'lg',
        type: 'submit',
        loading: false,
        disabled: false
      }

      at log (src/components/ui/Button.tsx:26:13)

    console.log
      [Button] Has onClick in props: false

      at log (src/components/ui/Button.tsx:27:13)

    console.log
      [Button] All props: {}

      at log (src/components/ui/Button.tsx:28:13)

    console.log
      [Button] Rendering with type: submit

      at log (src/components/ui/Button.tsx:25:13)

    console.log
      [Button] Props received: {
        variant: 'primary',
        size: 'lg',
        type: 'submit',
        loading: false,
        disabled: false
      }

      at log (src/components/ui/Button.tsx:26:13)

    console.log
      [Button] Has onClick in props: false

      at log (src/components/ui/Button.tsx:27:13)

    console.log
      [Button] All props: {}

      at log (src/components/ui/Button.tsx:28:13)

    console.log
      [Button] Rendering with type: submit

      at log (src/components/ui/Button.tsx:25:13)

    console.log
      [Button] Props received: {
        variant: 'primary',
        size: 'lg',
        type: 'submit',
        loading: false,
        disabled: false
      }

      at log (src/components/ui/Button.tsx:26:13)

    console.log
      [Button] Has onClick in props: false

      at log (src/components/ui/Button.tsx:27:13)

    console.log
      [Button] All props: {}

      at log (src/components/ui/Button.tsx:28:13)

    console.log
      [Button] Rendering with type: submit

      at log (src/components/ui/Button.tsx:25:13)

    console.log
      [Button] Props received: {
        variant: 'primary',
        size: 'lg',
        type: 'submit',
        loading: false,
        disabled: false
      }

      at log (src/components/ui/Button.tsx:26:13)

    console.log
      [Button] Has onClick in props: false

      at log (src/components/ui/Button.tsx:27:13)

    console.log
      [Button] All props: {}

      at log (src/components/ui/Button.tsx:28:13)

    console.log
      [Button] Rendering with type: submit

      at log (src/components/ui/Button.tsx:25:13)

    console.log
      [Button] Props received: {
        variant: 'primary',
        size: 'lg',
        type: 'submit',
        loading: false,
        disabled: false
      }

      at log (src/components/ui/Button.tsx:26:13)

    console.log
      [Button] Has onClick in props: false

      at log (src/components/ui/Button.tsx:27:13)

    console.log
      [Button] All props: {}

      at log (src/components/ui/Button.tsx:28:13)

    console.log
      [Button] Rendering with type: submit

      at log (src/components/ui/Button.tsx:25:13)

    console.log
      [Button] Props received: {
        variant: 'primary',
        size: 'lg',
        type: 'submit',
        loading: false,
        disabled: false
      }

      at log (src/components/ui/Button.tsx:26:13)

    console.log
      [Button] Has onClick in props: false

      at log (src/components/ui/Button.tsx:27:13)

    console.log
      [Button] All props: {}

      at log (src/components/ui/Button.tsx:28:13)

    console.log
      [Button] Rendering with type: submit

      at log (src/components/ui/Button.tsx:25:13)

    console.log
      [Button] Props received: {
        variant: 'primary',
        size: 'lg',
        type: 'submit',
        loading: false,
        disabled: false
      }

      at log (src/components/ui/Button.tsx:26:13)

    console.log
      [Button] Has onClick in props: false

      at log (src/components/ui/Button.tsx:27:13)

    console.log
      [Button] All props: {}

      at log (src/components/ui/Button.tsx:28:13)

    console.log
      [Button] Rendering with type: submit

      at log (src/components/ui/Button.tsx:25:13)

    console.log
      [Button] Props received: {
        variant: 'primary',
        size: 'lg',
        type: 'submit',
        loading: false,
        disabled: false
      }

      at log (src/components/ui/Button.tsx:26:13)

    console.log
      [Button] Has onClick in props: false

      at log (src/components/ui/Button.tsx:27:13)

    console.log
      [Button] All props: {}

      at log (src/components/ui/Button.tsx:28:13)

    console.log
      [Button] Rendering with type: submit

      at log (src/components/ui/Button.tsx:25:13)

    console.log
      [Button] Props received: {
        variant: 'primary',
        size: 'lg',
        type: 'submit',
        loading: false,
        disabled: false
      }

      at log (src/components/ui/Button.tsx:26:13)

    console.log
      [Button] Has onClick in props: false

      at log (src/components/ui/Button.tsx:27:13)

    console.log
      [Button] All props: {}

      at log (src/components/ui/Button.tsx:28:13)

    console.log
      [Button] Rendering with type: submit

      at log (src/components/ui/Button.tsx:25:13)

    console.log
      [Button] Props received: {
        variant: 'primary',
        size: 'lg',
        type: 'submit',
        loading: false,
        disabled: false
      }

      at log (src/components/ui/Button.tsx:26:13)

    console.log
      [Button] Has onClick in props: false

      at log (src/components/ui/Button.tsx:27:13)

    console.log
      [Button] All props: {}

      at log (src/components/ui/Button.tsx:28:13)

    console.log
      [Button] Rendering with type: submit

      at log (src/components/ui/Button.tsx:25:13)

    console.log
      [Button] Props received: {
        variant: 'primary',
        size: 'lg',
        type: 'submit',
        loading: false,
        disabled: false
      }

      at log (src/components/ui/Button.tsx:26:13)

    console.log
      [Button] Has onClick in props: false

      at log (src/components/ui/Button.tsx:27:13)

    console.log
      [Button] All props: {}

      at log (src/components/ui/Button.tsx:28:13)

    console.log
      [Button] Rendering with type: submit

      at log (src/components/ui/Button.tsx:25:13)

    console.log
      [Button] Props received: {
        variant: 'primary',
        size: 'lg',
        type: 'submit',
        loading: false,
        disabled: false
      }

      at log (src/components/ui/Button.tsx:26:13)

    console.log
      [Button] Has onClick in props: false

      at log (src/components/ui/Button.tsx:27:13)

    console.log
      [Button] All props: {}

      at log (src/components/ui/Button.tsx:28:13)

    console.log
      [Button] Rendering with type: submit

      at log (src/components/ui/Button.tsx:25:13)

    console.log
      [Button] Props received: {
        variant: 'primary',
        size: 'lg',
        type: 'submit',
        loading: false,
        disabled: false
      }

      at log (src/components/ui/Button.tsx:26:13)

    console.log
      [Button] Has onClick in props: false

      at log (src/components/ui/Button.tsx:27:13)

    console.log
      [Button] All props: {}

      at log (src/components/ui/Button.tsx:28:13)

    console.log
      [Button] Rendering with type: submit

      at log (src/components/ui/Button.tsx:25:13)

    console.log
      [Button] Props received: {
        variant: 'primary',
        size: 'lg',
        type: 'submit',
        loading: false,
        disabled: false
      }

      at log (src/components/ui/Button.tsx:26:13)

    console.log
      [Button] Has onClick in props: false

      at log (src/components/ui/Button.tsx:27:13)

    console.log
      [Button] All props: {}

      at log (src/components/ui/Button.tsx:28:13)

    console.log
      [Button] Rendering with type: submit

      at log (src/components/ui/Button.tsx:25:13)

    console.log
      [Button] Props received: {
        variant: 'primary',
        size: 'lg',
        type: 'submit',
        loading: false,
        disabled: false
      }

      at log (src/components/ui/Button.tsx:26:13)

    console.log
      [Button] Has onClick in props: false

      at log (src/components/ui/Button.tsx:27:13)

    console.log
      [Button] All props: {}

      at log (src/components/ui/Button.tsx:28:13)

    console.log
      [Button] Rendering with type: submit

      at log (src/components/ui/Button.tsx:25:13)

    console.log
      [Button] Props received: {
        variant: 'primary',
        size: 'lg',
        type: 'submit',
        loading: false,
        disabled: false
      }

      at log (src/components/ui/Button.tsx:26:13)

    console.log
      [Button] Has onClick in props: false

      at log (src/components/ui/Button.tsx:27:13)

    console.log
      [Button] All props: {}

      at log (src/components/ui/Button.tsx:28:13)

    console.log
      [Button] Rendering with type: submit

      at log (src/components/ui/Button.tsx:25:13)

    console.log
      [Button] Props received: {
        variant: 'primary',
        size: 'lg',
        type: 'submit',
        loading: false,
        disabled: false
      }

      at log (src/components/ui/Button.tsx:26:13)

    console.log
      [Button] Has onClick in props: false

      at log (src/components/ui/Button.tsx:27:13)

    console.log
      [Button] All props: {}

      at log (src/components/ui/Button.tsx:28:13)

    console.log
      [Button] Rendering with type: submit

      at log (src/components/ui/Button.tsx:25:13)

    console.log
      [Button] Props received: {
        variant: 'primary',
        size: 'lg',
        type: 'submit',
        loading: false,
        disabled: false
      }

      at log (src/components/ui/Button.tsx:26:13)

    console.log
      [Button] Has onClick in props: false

      at log (src/components/ui/Button.tsx:27:13)

    console.log
      [Button] All props: {}

      at log (src/components/ui/Button.tsx:28:13)

    console.log
      [Button] Rendering with type: submit

      at log (src/components/ui/Button.tsx:25:13)

    console.log
      [Button] Props received: {
        variant: 'primary',
        size: 'lg',
        type: 'submit',
        loading: false,
        disabled: false
      }

      at log (src/components/ui/Button.tsx:26:13)

    console.log
      [Button] Has onClick in props: false

      at log (src/components/ui/Button.tsx:27:13)

    console.log
      [Button] All props: {}

      at log (src/components/ui/Button.tsx:28:13)

    console.log
      [Button] Rendering with type: submit

      at log (src/components/ui/Button.tsx:25:13)

    console.log
      [Button] Props received: {
        variant: 'primary',
        size: 'lg',
        type: 'submit',
        loading: false,
        disabled: false
      }

      at log (src/components/ui/Button.tsx:26:13)

    console.log
      [Button] Has onClick in props: false

      at log (src/components/ui/Button.tsx:27:13)

    console.log
      [Button] All props: {}

      at log (src/components/ui/Button.tsx:28:13)

    console.log
      [Button] Rendering with type: submit

      at log (src/components/ui/Button.tsx:25:13)

    console.log
      [Button] Props received: {
        variant: 'primary',
        size: 'lg',
        type: 'submit',
        loading: false,
        disabled: false
      }

      at log (src/components/ui/Button.tsx:26:13)

    console.log
      [Button] Has onClick in props: false

      at log (src/components/ui/Button.tsx:27:13)

    console.log
      [Button] All props: {}

      at log (src/components/ui/Button.tsx:28:13)

    console.log
      [Button] Rendering with type: submit

      at log (src/components/ui/Button.tsx:25:13)

    console.log
      [Button] Props received: {
        variant: 'primary',
        size: 'lg',
        type: 'submit',
        loading: false,
        disabled: false
      }

      at log (src/components/ui/Button.tsx:26:13)

    console.log
      [Button] Has onClick in props: false

      at log (src/components/ui/Button.tsx:27:13)

    console.log
      [Button] All props: {}

      at log (src/components/ui/Button.tsx:28:13)

    console.log
      [Button] Rendering with type: submit

      at log (src/components/ui/Button.tsx:25:13)

    console.log
      [Button] Props received: {
        variant: 'primary',
        size: 'lg',
        type: 'submit',
        loading: false,
        disabled: false
      }

      at log (src/components/ui/Button.tsx:26:13)

    console.log
      [Button] Has onClick in props: false

      at log (src/components/ui/Button.tsx:27:13)

    console.log
      [Button] All props: {}

      at log (src/components/ui/Button.tsx:28:13)

    console.log
      [Button] Rendering with type: submit

      at log (src/components/ui/Button.tsx:25:13)

    console.log
      [Button] Props received: {
        variant: 'primary',
        size: 'lg',
        type: 'submit',
        loading: false,
        disabled: false
      }

      at log (src/components/ui/Button.tsx:26:13)

    console.log
      [Button] Has onClick in props: false

      at log (src/components/ui/Button.tsx:27:13)

    console.log
      [Button] All props: {}

      at log (src/components/ui/Button.tsx:28:13)

    console.log
      [Button] Rendering with type: submit

      at log (src/components/ui/Button.tsx:25:13)

    console.log
      [Button] Props received: {
        variant: 'primary',
        size: 'lg',
        type: 'submit',
        loading: false,
        disabled: false
      }

      at log (src/components/ui/Button.tsx:26:13)

    console.log
      [Button] Has onClick in props: false

      at log (src/components/ui/Button.tsx:27:13)

    console.log
      [Button] All props: {}

      at log (src/components/ui/Button.tsx:28:13)

    console.log
      [Button] Rendering with type: submit

      at log (src/components/ui/Button.tsx:25:13)

    console.log
      [Button] Props received: {
        variant: 'primary',
        size: 'lg',
        type: 'submit',
        loading: false,
        disabled: false
      }

      at log (src/components/ui/Button.tsx:26:13)

    console.log
      [Button] Has onClick in props: false

      at log (src/components/ui/Button.tsx:27:13)

    console.log
      [Button] All props: {}

      at log (src/components/ui/Button.tsx:28:13)

    console.log
      [Button] Rendering with type: submit

      at log (src/components/ui/Button.tsx:25:13)

    console.log
      [Button] Props received: {
        variant: 'primary',
        size: 'lg',
        type: 'submit',
        loading: false,
        disabled: false
      }

      at log (src/components/ui/Button.tsx:26:13)

    console.log
      [Button] Has onClick in props: false

      at log (src/components/ui/Button.tsx:27:13)

    console.log
      [Button] All props: {}

      at log (src/components/ui/Button.tsx:28:13)

    console.log
      [Button] Rendering with type: submit

      at log (src/components/ui/Button.tsx:25:13)

    console.log
      [Button] Props received: {
        variant: 'primary',
        size: 'lg',
        type: 'submit',
        loading: false,
        disabled: false
      }

      at log (src/components/ui/Button.tsx:26:13)

    console.log
      [Button] Has onClick in props: false

      at log (src/components/ui/Button.tsx:27:13)

    console.log
      [Button] All props: {}

      at log (src/components/ui/Button.tsx:28:13)

    console.log
      [Button] Rendering with type: submit

      at log (src/components/ui/Button.tsx:25:13)

    console.log
      [Button] Props received: {
        variant: 'primary',
        size: 'lg',
        type: 'submit',
        loading: false,
        disabled: false
      }

      at log (src/components/ui/Button.tsx:26:13)

    console.log
      [Button] Has onClick in props: false

      at log (src/components/ui/Button.tsx:27:13)

    console.log
      [Button] All props: {}

      at log (src/components/ui/Button.tsx:28:13)

    console.log
      [Button] Rendering with type: submit

      at log (src/components/ui/Button.tsx:25:13)

    console.log
      [Button] Props received: {
        variant: 'primary',
        size: 'lg',
        type: 'submit',
        loading: false,
        disabled: false
      }

      at log (src/components/ui/Button.tsx:26:13)

    console.log
      [Button] Has onClick in props: false

      at log (src/components/ui/Button.tsx:27:13)

    console.log
      [Button] All props: {}

      at log (src/components/ui/Button.tsx:28:13)

    console.log
      [Button] Rendering with type: submit

      at log (src/components/ui/Button.tsx:25:13)

    console.log
      [Button] Props received: {
        variant: 'primary',
        size: 'lg',
        type: 'submit',
        loading: false,
        disabled: false
      }

      at log (src/components/ui/Button.tsx:26:13)

    console.log
      [Button] Has onClick in props: false

      at log (src/components/ui/Button.tsx:27:13)

    console.log
      [Button] All props: {}

      at log (src/components/ui/Button.tsx:28:13)

    console.log
      [Button] Rendering with type: submit

      at log (src/components/ui/Button.tsx:25:13)

    console.log
      [Button] Props received: {
        variant: 'primary',
        size: 'lg',
        type: 'submit',
        loading: false,
        disabled: false
      }

      at log (src/components/ui/Button.tsx:26:13)

    console.log
      [Button] Has onClick in props: false

      at log (src/components/ui/Button.tsx:27:13)

    console.log
      [Button] All props: {}

      at log (src/components/ui/Button.tsx:28:13)

    console.log
      [Button] Rendering with type: submit

      at log (src/components/ui/Button.tsx:25:13)

    console.log
      [Button] Props received: {
        variant: 'primary',
        size: 'lg',
        type: 'submit',
        loading: false,
        disabled: false
      }

      at log (src/components/ui/Button.tsx:26:13)

    console.log
      [Button] Has onClick in props: false

      at log (src/components/ui/Button.tsx:27:13)

    console.log
      [Button] All props: {}

      at log (src/components/ui/Button.tsx:28:13)

    console.log
      [Button] Rendering with type: submit

      at log (src/components/ui/Button.tsx:25:13)

    console.log
      [Button] Props received: {
        variant: 'primary',
        size: 'lg',
        type: 'submit',
        loading: true,
        disabled: true
      }

      at log (src/components/ui/Button.tsx:26:13)

    console.log
      [Button] Has onClick in props: false

      at log (src/components/ui/Button.tsx:27:13)

    console.log
      [Button] All props: {}

      at log (src/components/ui/Button.tsx:28:13)

    console.log
      Form submission started

      at log (src/hooks/useLoginForm.ts:200:13)

    console.log
      Default behavior prevented

      at log (src/hooks/useLoginForm.ts:203:15)

    console.log
      [LoginFlowTracer] Trace started: 535b8196-a618-45df-9da4-202740b2a2ac

      at log (src/lib/auth/LoginFlowTracer.ts:52:15)

    console.log
      [useLoginForm] Login flow started { traceId: '535b8196-a618-45df-9da4-202740b2a2ac' }

      at log (src/hooks/useLoginForm.ts:208:13)

    console.log
      [useLoginForm] Calling API client login method { traceId: '535b8196-a618-45df-9da4-202740b2a2ac' }

      at log (src/hooks/useLoginForm.ts:230:15)

    console.log
      [AuthService] Login attempt {
        email: 'test3@example.com',
        traceId: '535b8196-a618-45df-9da4-202740b2a2ac'
      }

      at AuthService.log [as login] (src/lib/api/authService.ts:140:15)

    console.log
      [AuthService] Calling backend API { traceId: '535b8196-a618-45df-9da4-202740b2a2ac' }

      at AuthService.log [as login] (src/lib/api/authService.ts:168:15)

    console.log
      [TokenManager] getToken attempt {
        storageKey: 'jwt_token',
        source: undefined,
        traceId: undefined,
        timestamp: '2026-02-08T19:37:20.649Z'
      }

      at log (src/lib/api/tokenManager.ts:322:11)

    console.log
      [TokenManager] Raw value retrieved {
        storageKey: 'jwt_token',
        valuePresent: false,
        valueLength: 0,
        valuePreview: 'null',
        traceId: undefined
      }

      at log (src/lib/api/tokenManager.ts:335:15)

    console.log
      [TokenManager] No token found in storage { storageKey: 'jwt_token', traceId: undefined }

      at log (src/lib/api/tokenManager.ts:358:21)

    console.warn
      [AuthLogger 2026-02-08T19:37:20.649Z] Token get failed

       98 |   } else {
       99 |     // In production, log minimal info
    > 100 |     consoleMethod(message);
          |     ^
      101 |   }
      102 | }
      103 |

      at consoleMethod (src/lib/auth/AuthLogger.ts:100:5)
      at log (src/lib/auth/AuthLogger.ts:175:3)
      at getToken (src/lib/api/tokenManager.ts:362:30)
      at src/lib/api/apiClient.ts:53:29
      at ApiClient.interceptor [as request] (src/lib/api/apiClient.ts:195:24)
      at ApiClient.request [as post] (src/lib/api/apiClient.ts:114:17)
      at AuthService.post [as login] (src/lib/api/authService.ts:169:45)
      at login (src/hooks/useLoginForm.ts:231:40)
      at errors (node_modules/react-hook-form/src/logic/createFormControl.ts:1293:24)

    console.log
      [TokenManager] getToken attempt {
        storageKey: 'jwt_token',
        source: undefined,
        traceId: undefined,
        timestamp: '2026-02-08T19:37:20.649Z'
      }

      at log (src/lib/api/tokenManager.ts:322:11)

    console.log
      [TokenManager] Raw value retrieved {
        storageKey: 'jwt_token',
        valuePresent: false,
        valueLength: 0,
        valuePreview: 'null',
        traceId: undefined
      }

      at log (src/lib/api/tokenManager.ts:335:15)

    console.log
      [TokenManager] No token found in storage { storageKey: 'jwt_token', traceId: undefined }

      at log (src/lib/api/tokenManager.ts:358:21)

    console.warn
      [AuthLogger 2026-02-08T19:37:20.650Z] Token get failed

       98 |   } else {
       99 |     // In production, log minimal info
    > 100 |     consoleMethod(message);
          |     ^
      101 |   }
      102 | }
      103 |

      at consoleMethod (src/lib/auth/AuthLogger.ts:100:5)
      at log (src/lib/auth/AuthLogger.ts:175:3)
      at getToken (src/lib/api/tokenManager.ts:362:30)
      at TokenManager.getToken (src/lib/api/tokenManager.ts:512:12)
      at getToken (src/lib/api/interceptors.ts:41:30)
      at ApiClient.interceptor [as request] (src/lib/api/apiClient.ts:195:24)

    console.error
      [AuthService] Login error {
        error: 'An unexpected error occurred. Please try again.',
        traceId: '535b8196-a618-45df-9da4-202740b2a2ac'
      }

      223 |       };
      224 |     } catch (error: any) {
    > 225 |       console.error('[AuthService] Login error', {
          |               ^
      226 |         error: error.message || String(error),
      227 |         traceId,
      228 |       });

      at AuthService.error (src/lib/api/authService.ts:225:15)
      at src/hooks/useLoginForm.ts:231:22
      at unset (node_modules/react-hook-form/src/logic/createFormControl.ts:1293:7)

    console.error
      [useLoginForm] Login failed {
        error: 'Unable to connect. Please check your internet connection.',
        traceId: '535b8196-a618-45df-9da4-202740b2a2ac'
      }

      259 |       } else {
      260 |         // Login failed - handle error
    > 261 |         console.error('[useLoginForm] Login failed', { error: result.error, traceId });
          |                 ^
      262 |         
      263 |         // Record attempt for authentication errors
      264 |         if (result.error === 'Invalid email or password') {

      at error (src/hooks/useLoginForm.ts:261:17)
      at unset (node_modules/react-hook-form/src/logic/createFormControl.ts:1293:7)

    console.error
      Login error: {
        type: 'authentication',
        message: 'Unable to connect. Please check your internet connection.'
      }

      139 |     // Error handling is managed by the LoginForm component
      140 |     // This callback is provided for potential future logging or analytics
    > 141 |     console.error('Login error:', error);
          |             ^
      142 |   };
      143 |
      144 |   return (

      at error (src/app/login/LoginPageClient.tsx:141:13)
      at onError (src/hooks/useLoginForm.ts:271:11)
      at unset (node_modules/react-hook-form/src/logic/createFormControl.ts:1293:7)

    console.log
      [Button] Rendering with type: submit

      at log (src/components/ui/Button.tsx:25:13)

    console.log
      [Button] Props received: {
        variant: 'primary',
        size: 'lg',
        type: 'submit',
        loading: false,
        disabled: false
      }

      at log (src/components/ui/Button.tsx:26:13)

    console.log
      [Button] Has onClick in props: false

      at log (src/components/ui/Button.tsx:27:13)

    console.log
      [Button] All props: {}

      at log (src/components/ui/Button.tsx:28:13)

    console.log
      [Button] Rendering with type: submit

      at log (src/components/ui/Button.tsx:25:13)

    console.log
      [Button] Props received: {
        variant: 'primary',
        size: 'lg',
        type: 'submit',
        loading: false,
        disabled: false
      }

      at log (src/components/ui/Button.tsx:26:13)

    console.log
      [Button] Has onClick in props: false

      at log (src/components/ui/Button.tsx:27:13)

    console.log
      [Button] All props: {}

      at log (src/components/ui/Button.tsx:28:13)

    console.log
      [Button] Rendering with type: submit

      at log (src/components/ui/Button.tsx:25:13)

    console.log
      [Button] Props received: {
        variant: 'primary',
        size: 'lg',
        type: 'submit',
        loading: false,
        disabled: false
      }

      at log (src/components/ui/Button.tsx:26:13)

    console.log
      [Button] Has onClick in props: false

      at log (src/components/ui/Button.tsx:27:13)

    console.log
      [Button] All props: {}

      at log (src/components/ui/Button.tsx:28:13)

    console.log
      [Button] Rendering with type: submit

      at log (src/components/ui/Button.tsx:25:13)

    console.log
      [Button] Props received: {
        variant: 'primary',
        size: 'lg',
        type: 'submit',
        loading: false,
        disabled: false
      }

      at log (src/components/ui/Button.tsx:26:13)

    console.log
      [Button] Has onClick in props: false

      at log (src/components/ui/Button.tsx:27:13)

    console.log
      [Button] All props: {}

      at log (src/components/ui/Button.tsx:28:13)

    console.log
      [Button] Rendering with type: submit

      at log (src/components/ui/Button.tsx:25:13)

    console.log
      [Button] Props received: {
        variant: 'primary',
        size: 'lg',
        type: 'submit',
        loading: false,
        disabled: false
      }

      at log (src/components/ui/Button.tsx:26:13)

    console.log
      [Button] Has onClick in props: false

      at log (src/components/ui/Button.tsx:27:13)

    console.log
      [Button] All props: {}

      at log (src/components/ui/Button.tsx:28:13)

    console.log
      [Button] Rendering with type: submit

      at log (src/components/ui/Button.tsx:25:13)

    console.log
      [Button] Props received: {
        variant: 'primary',
        size: 'lg',
        type: 'submit',
        loading: false,
        disabled: false
      }

      at log (src/components/ui/Button.tsx:26:13)

    console.log
      [Button] Has onClick in props: false

      at log (src/components/ui/Button.tsx:27:13)

    console.log
      [Button] All props: {}

      at log (src/components/ui/Button.tsx:28:13)

    console.log
      [Button] Rendering with type: submit

      at log (src/components/ui/Button.tsx:25:13)

    console.log
      [Button] Props received: {
        variant: 'primary',
        size: 'lg',
        type: 'submit',
        loading: false,
        disabled: false
      }

      at log (src/components/ui/Button.tsx:26:13)

    console.log
      [Button] Has onClick in props: false

      at log (src/components/ui/Button.tsx:27:13)

    console.log
      [Button] All props: {}

      at log (src/components/ui/Button.tsx:28:13)

    console.log
      [Button] Rendering with type: submit

      at log (src/components/ui/Button.tsx:25:13)

    console.log
      [Button] Props received: {
        variant: 'primary',
        size: 'lg',
        type: 'submit',
        loading: false,
        disabled: false
      }

      at log (src/components/ui/Button.tsx:26:13)

    console.log
      [Button] Has onClick in props: false

      at log (src/components/ui/Button.tsx:27:13)

    console.log
      [Button] All props: {}

      at log (src/components/ui/Button.tsx:28:13)

    console.log
      [Button] Rendering with type: submit

      at log (src/components/ui/Button.tsx:25:13)

    console.log
      [Button] Props received: {
        variant: 'primary',
        size: 'lg',
        type: 'submit',
        loading: false,
        disabled: false
      }

      at log (src/components/ui/Button.tsx:26:13)

    console.log
      [Button] Has onClick in props: false

      at log (src/components/ui/Button.tsx:27:13)

    console.log
      [Button] All props: {}

      at log (src/components/ui/Button.tsx:28:13)

    console.log
      [Button] Rendering with type: submit

      at log (src/components/ui/Button.tsx:25:13)

    console.log
      [Button] Props received: {
        variant: 'primary',
        size: 'lg',
        type: 'submit',
        loading: false,
        disabled: false
      }

      at log (src/components/ui/Button.tsx:26:13)

    console.log
      [Button] Has onClick in props: false

      at log (src/components/ui/Button.tsx:27:13)

    console.log
      [Button] All props: {}

      at log (src/components/ui/Button.tsx:28:13)

    console.log
      [Button] Rendering with type: submit

      at log (src/components/ui/Button.tsx:25:13)

    console.log
      [Button] Props received: {
        variant: 'primary',
        size: 'lg',
        type: 'submit',
        loading: false,
        disabled: false
      }

      at log (src/components/ui/Button.tsx:26:13)

    console.log
      [Button] Has onClick in props: false

      at log (src/components/ui/Button.tsx:27:13)

    console.log
      [Button] All props: {}

      at log (src/components/ui/Button.tsx:28:13)

    console.log
      [Button] Rendering with type: submit

      at log (src/components/ui/Button.tsx:25:13)

    console.log
      [Button] Props received: {
        variant: 'primary',
        size: 'lg',
        type: 'submit',
        loading: false,
        disabled: false
      }

      at log (src/components/ui/Button.tsx:26:13)

    console.log
      [Button] Has onClick in props: false

      at log (src/components/ui/Button.tsx:27:13)

    console.log
      [Button] All props: {}

      at log (src/components/ui/Button.tsx:28:13)

    console.log
      [Button] Rendering with type: submit

      at log (src/components/ui/Button.tsx:25:13)

    console.log
      [Button] Props received: {
        variant: 'primary',
        size: 'lg',
        type: 'submit',
        loading: false,
        disabled: false
      }

      at log (src/components/ui/Button.tsx:26:13)

    console.log
      [Button] Has onClick in props: false

      at log (src/components/ui/Button.tsx:27:13)

    console.log
      [Button] All props: {}

      at log (src/components/ui/Button.tsx:28:13)

    console.log
      [Button] Rendering with type: submit

      at log (src/components/ui/Button.tsx:25:13)

    console.log
      [Button] Props received: {
        variant: 'primary',
        size: 'lg',
        type: 'submit',
        loading: false,
        disabled: false
      }

      at log (src/components/ui/Button.tsx:26:13)

    console.log
      [Button] Has onClick in props: false

      at log (src/components/ui/Button.tsx:27:13)

    console.log
      [Button] All props: {}

      at log (src/components/ui/Button.tsx:28:13)

    console.log
      [Button] Rendering with type: submit

      at log (src/components/ui/Button.tsx:25:13)

    console.log
      [Button] Props received: {
        variant: 'primary',
        size: 'lg',
        type: 'submit',
        loading: false,
        disabled: false
      }

      at log (src/components/ui/Button.tsx:26:13)

    console.log
      [Button] Has onClick in props: false

      at log (src/components/ui/Button.tsx:27:13)

    console.log
      [Button] All props: {}

      at log (src/components/ui/Button.tsx:28:13)

    console.log
      [Button] Rendering with type: submit

      at log (src/components/ui/Button.tsx:25:13)

    console.log
      [Button] Props received: {
        variant: 'primary',
        size: 'lg',
        type: 'submit',
        loading: false,
        disabled: false
      }

      at log (src/components/ui/Button.tsx:26:13)

    console.log
      [Button] Has onClick in props: false

      at log (src/components/ui/Button.tsx:27:13)

    console.log
      [Button] All props: {}

      at log (src/components/ui/Button.tsx:28:13)

    console.log
      [Button] Rendering with type: submit

      at log (src/components/ui/Button.tsx:25:13)

    console.log
      [Button] Props received: {
        variant: 'primary',
        size: 'lg',
        type: 'submit',
        loading: false,
        disabled: false
      }

      at log (src/components/ui/Button.tsx:26:13)

    console.log
      [Button] Has onClick in props: false

      at log (src/components/ui/Button.tsx:27:13)

    console.log
      [Button] All props: {}

      at log (src/components/ui/Button.tsx:28:13)

    console.log
      [Button] Rendering with type: submit

      at log (src/components/ui/Button.tsx:25:13)

    console.log
      [Button] Props received: {
        variant: 'primary',
        size: 'lg',
        type: 'submit',
        loading: false,
        disabled: false
      }

      at log (src/components/ui/Button.tsx:26:13)

    console.log
      [Button] Has onClick in props: false

      at log (src/components/ui/Button.tsx:27:13)

    console.log
      [Button] All props: {}

      at log (src/components/ui/Button.tsx:28:13)

    console.log
      [Button] Rendering with type: submit

      at log (src/components/ui/Button.tsx:25:13)

    console.log
      [Button] Props received: {
        variant: 'primary',
        size: 'lg',
        type: 'submit',
        loading: false,
        disabled: false
      }

      at log (src/components/ui/Button.tsx:26:13)

    console.log
      [Button] Has onClick in props: false

      at log (src/components/ui/Button.tsx:27:13)

    console.log
      [Button] All props: {}

      at log (src/components/ui/Button.tsx:28:13)

    console.log
      [Button] Rendering with type: submit

      at log (src/components/ui/Button.tsx:25:13)

    console.log
      [Button] Props received: {
        variant: 'primary',
        size: 'lg',
        type: 'submit',
        loading: false,
        disabled: false
      }

      at log (src/components/ui/Button.tsx:26:13)

    console.log
      [Button] Has onClick in props: false

      at log (src/components/ui/Button.tsx:27:13)

    console.log
      [Button] All props: {}

      at log (src/components/ui/Button.tsx:28:13)

    console.log
      [Button] Rendering with type: submit

      at log (src/components/ui/Button.tsx:25:13)

    console.log
      [Button] Props received: {
        variant: 'primary',
        size: 'lg',
        type: 'submit',
        loading: false,
        disabled: false
      }

      at log (src/components/ui/Button.tsx:26:13)

    console.log
      [Button] Has onClick in props: false

      at log (src/components/ui/Button.tsx:27:13)

    console.log
      [Button] All props: {}

      at log (src/components/ui/Button.tsx:28:13)

    console.log
      [Button] Rendering with type: submit

      at log (src/components/ui/Button.tsx:25:13)

    console.log
      [Button] Props received: {
        variant: 'primary',
        size: 'lg',
        type: 'submit',
        loading: false,
        disabled: false
      }

      at log (src/components/ui/Button.tsx:26:13)

    console.log
      [Button] Has onClick in props: false

      at log (src/components/ui/Button.tsx:27:13)

    console.log
      [Button] All props: {}

      at log (src/components/ui/Button.tsx:28:13)

    console.log
      [Button] Rendering with type: submit

      at log (src/components/ui/Button.tsx:25:13)

    console.log
      [Button] Props received: {
        variant: 'primary',
        size: 'lg',
        type: 'submit',
        loading: false,
        disabled: false
      }

      at log (src/components/ui/Button.tsx:26:13)

    console.log
      [Button] Has onClick in props: false

      at log (src/components/ui/Button.tsx:27:13)

    console.log
      [Button] All props: {}

      at log (src/components/ui/Button.tsx:28:13)

    console.log
      [Button] Rendering with type: submit

      at log (src/components/ui/Button.tsx:25:13)

    console.log
      [Button] Props received: {
        variant: 'primary',
        size: 'lg',
        type: 'submit',
        loading: false,
        disabled: false
      }

      at log (src/components/ui/Button.tsx:26:13)

    console.log
      [Button] Has onClick in props: false

      at log (src/components/ui/Button.tsx:27:13)

    console.log
      [Button] All props: {}

      at log (src/components/ui/Button.tsx:28:13)

    console.log
      [Button] Rendering with type: submit

      at log (src/components/ui/Button.tsx:25:13)

    console.log
      [Button] Props received: {
        variant: 'primary',
        size: 'lg',
        type: 'submit',
        loading: false,
        disabled: false
      }

      at log (src/components/ui/Button.tsx:26:13)

    console.log
      [Button] Has onClick in props: false

      at log (src/components/ui/Button.tsx:27:13)

    console.log
      [Button] All props: {}

      at log (src/components/ui/Button.tsx:28:13)

    console.log
      [Button] Rendering with type: submit

      at log (src/components/ui/Button.tsx:25:13)

    console.log
      [Button] Props received: {
        variant: 'primary',
        size: 'lg',
        type: 'submit',
        loading: false,
        disabled: false
      }

      at log (src/components/ui/Button.tsx:26:13)

    console.log
      [Button] Has onClick in props: false

      at log (src/components/ui/Button.tsx:27:13)

    console.log
      [Button] All props: {}

      at log (src/components/ui/Button.tsx:28:13)

    console.log
      [Button] Rendering with type: submit

      at log (src/components/ui/Button.tsx:25:13)

    console.log
      [Button] Props received: {
        variant: 'primary',
        size: 'lg',
        type: 'submit',
        loading: false,
        disabled: false
      }

      at log (src/components/ui/Button.tsx:26:13)

    console.log
      [Button] Has onClick in props: false

      at log (src/components/ui/Button.tsx:27:13)

    console.log
      [Button] All props: {}

      at log (src/components/ui/Button.tsx:28:13)

    console.log
      [Button] Rendering with type: submit

      at log (src/components/ui/Button.tsx:25:13)

    console.log
      [Button] Props received: {
        variant: 'primary',
        size: 'lg',
        type: 'submit',
        loading: false,
        disabled: false
      }

      at log (src/components/ui/Button.tsx:26:13)

    console.log
      [Button] Has onClick in props: false

      at log (src/components/ui/Button.tsx:27:13)

    console.log
      [Button] All props: {}

      at log (src/components/ui/Button.tsx:28:13)

    console.log
      [Button] Rendering with type: submit

      at log (src/components/ui/Button.tsx:25:13)

    console.log
      [Button] Props received: {
        variant: 'primary',
        size: 'lg',
        type: 'submit',
        loading: false,
        disabled: false
      }

      at log (src/components/ui/Button.tsx:26:13)

    console.log
      [Button] Has onClick in props: false

      at log (src/components/ui/Button.tsx:27:13)

    console.log
      [Button] All props: {}

      at log (src/components/ui/Button.tsx:28:13)

    console.log
      [Button] Rendering with type: submit

      at log (src/components/ui/Button.tsx:25:13)

    console.log
      [Button] Props received: {
        variant: 'primary',
        size: 'lg',
        type: 'submit',
        loading: false,
        disabled: false
      }

      at log (src/components/ui/Button.tsx:26:13)

    console.log
      [Button] Has onClick in props: false

      at log (src/components/ui/Button.tsx:27:13)

    console.log
      [Button] All props: {}

      at log (src/components/ui/Button.tsx:28:13)

    console.log
      [Button] Rendering with type: submit

      at log (src/components/ui/Button.tsx:25:13)

    console.log
      [Button] Props received: {
        variant: 'primary',
        size: 'lg',
        type: 'submit',
        loading: false,
        disabled: false
      }

      at log (src/components/ui/Button.tsx:26:13)

    console.log
      [Button] Has onClick in props: false

      at log (src/components/ui/Button.tsx:27:13)

    console.log
      [Button] All props: {}

      at log (src/components/ui/Button.tsx:28:13)

    console.log
      [Button] Rendering with type: submit

      at log (src/components/ui/Button.tsx:25:13)

    console.log
      [Button] Props received: {
        variant: 'primary',
        size: 'lg',
        type: 'submit',
        loading: false,
        disabled: false
      }

      at log (src/components/ui/Button.tsx:26:13)

    console.log
      [Button] Has onClick in props: false

      at log (src/components/ui/Button.tsx:27:13)

    console.log
      [Button] All props: {}

      at log (src/components/ui/Button.tsx:28:13)

    console.log
      [Button] Rendering with type: submit

      at log (src/components/ui/Button.tsx:25:13)

    console.log
      [Button] Props received: {
        variant: 'primary',
        size: 'lg',
        type: 'submit',
        loading: false,
        disabled: false
      }

      at log (src/components/ui/Button.tsx:26:13)

    console.log
      [Button] Has onClick in props: false

      at log (src/components/ui/Button.tsx:27:13)

    console.log
      [Button] All props: {}

      at log (src/components/ui/Button.tsx:28:13)

    console.log
      [Button] Rendering with type: submit

      at log (src/components/ui/Button.tsx:25:13)

    console.log
      [Button] Props received: {
        variant: 'primary',
        size: 'lg',
        type: 'submit',
        loading: false,
        disabled: false
      }

      at log (src/components/ui/Button.tsx:26:13)

    console.log
      [Button] Has onClick in props: false

      at log (src/components/ui/Button.tsx:27:13)

    console.log
      [Button] All props: {}

      at log (src/components/ui/Button.tsx:28:13)

    console.log
      [Button] Rendering with type: submit

      at log (src/components/ui/Button.tsx:25:13)

    console.log
      [Button] Props received: {
        variant: 'primary',
        size: 'lg',
        type: 'submit',
        loading: false,
        disabled: false
      }

      at log (src/components/ui/Button.tsx:26:13)

    console.log
      [Button] Has onClick in props: false

      at log (src/components/ui/Button.tsx:27:13)

    console.log
      [Button] All props: {}

      at log (src/components/ui/Button.tsx:28:13)

    console.log
      [Button] Rendering with type: submit

      at log (src/components/ui/Button.tsx:25:13)

    console.log
      [Button] Props received: {
        variant: 'primary',
        size: 'lg',
        type: 'submit',
        loading: false,
        disabled: false
      }

      at log (src/components/ui/Button.tsx:26:13)

    console.log
      [Button] Has onClick in props: false

      at log (src/components/ui/Button.tsx:27:13)

    console.log
      [Button] All props: {}

      at log (src/components/ui/Button.tsx:28:13)

    console.log
      [Button] Rendering with type: submit

      at log (src/components/ui/Button.tsx:25:13)

    console.log
      [Button] Props received: {
        variant: 'primary',
        size: 'lg',
        type: 'submit',
        loading: false,
        disabled: false
      }

      at log (src/components/ui/Button.tsx:26:13)

    console.log
      [Button] Has onClick in props: false

      at log (src/components/ui/Button.tsx:27:13)

    console.log
      [Button] All props: {}

      at log (src/components/ui/Button.tsx:28:13)

    console.log
      [Button] Rendering with type: submit

      at log (src/components/ui/Button.tsx:25:13)

    console.log
      [Button] Props received: {
        variant: 'primary',
        size: 'lg',
        type: 'submit',
        loading: false,
        disabled: false
      }

      at log (src/components/ui/Button.tsx:26:13)

    console.log
      [Button] Has onClick in props: false

      at log (src/components/ui/Button.tsx:27:13)

    console.log
      [Button] All props: {}

      at log (src/components/ui/Button.tsx:28:13)

    console.log
      [Button] Rendering with type: submit

      at log (src/components/ui/Button.tsx:25:13)

    console.log
      [Button] Props received: {
        variant: 'primary',
        size: 'lg',
        type: 'submit',
        loading: false,
        disabled: false
      }

      at log (src/components/ui/Button.tsx:26:13)

    console.log
      [Button] Has onClick in props: false

      at log (src/components/ui/Button.tsx:27:13)

    console.log
      [Button] All props: {}

      at log (src/components/ui/Button.tsx:28:13)

    console.log
      [Button] Rendering with type: submit

      at log (src/components/ui/Button.tsx:25:13)

    console.log
      [Button] Props received: {
        variant: 'primary',
        size: 'lg',
        type: 'submit',
        loading: false,
        disabled: false
      }

      at log (src/components/ui/Button.tsx:26:13)

    console.log
      [Button] Has onClick in props: false

      at log (src/components/ui/Button.tsx:27:13)

    console.log
      [Button] All props: {}

      at log (src/components/ui/Button.tsx:28:13)

    console.log
      [Button] Rendering with type: submit

      at log (src/components/ui/Button.tsx:25:13)

    console.log
      [Button] Props received: {
        variant: 'primary',
        size: 'lg',
        type: 'submit',
        loading: false,
        disabled: false
      }

      at log (src/components/ui/Button.tsx:26:13)

    console.log
      [Button] Has onClick in props: false

      at log (src/components/ui/Button.tsx:27:13)

    console.log
      [Button] All props: {}

      at log (src/components/ui/Button.tsx:28:13)

    console.log
      [Button] Rendering with type: submit

      at log (src/components/ui/Button.tsx:25:13)

    console.log
      [Button] Props received: {
        variant: 'primary',
        size: 'lg',
        type: 'submit',
        loading: false,
        disabled: false
      }

      at log (src/components/ui/Button.tsx:26:13)

    console.log
      [Button] Has onClick in props: false

      at log (src/components/ui/Button.tsx:27:13)

    console.log
      [Button] All props: {}

      at log (src/components/ui/Button.tsx:28:13)

    console.log
      [Button] Rendering with type: submit

      at log (src/components/ui/Button.tsx:25:13)

    console.log
      [Button] Props received: {
        variant: 'primary',
        size: 'lg',
        type: 'submit',
        loading: false,
        disabled: false
      }

      at log (src/components/ui/Button.tsx:26:13)

    console.log
      [Button] Has onClick in props: false

      at log (src/components/ui/Button.tsx:27:13)

    console.log
      [Button] All props: {}

      at log (src/components/ui/Button.tsx:28:13)

    console.log
      [Button] Rendering with type: submit

      at log (src/components/ui/Button.tsx:25:13)

    console.log
      [Button] Props received: {
        variant: 'primary',
        size: 'lg',
        type: 'submit',
        loading: false,
        disabled: false
      }

      at log (src/components/ui/Button.tsx:26:13)

    console.log
      [Button] Has onClick in props: false

      at log (src/components/ui/Button.tsx:27:13)

    console.log
      [Button] All props: {}

      at log (src/components/ui/Button.tsx:28:13)

    console.log
      [Button] Rendering with type: submit

      at log (src/components/ui/Button.tsx:25:13)

    console.log
      [Button] Props received: {
        variant: 'primary',
        size: 'lg',
        type: 'submit',
        loading: false,
        disabled: false
      }

      at log (src/components/ui/Button.tsx:26:13)

    console.log
      [Button] Has onClick in props: false

      at log (src/components/ui/Button.tsx:27:13)

    console.log
      [Button] All props: {}

      at log (src/components/ui/Button.tsx:28:13)

    console.log
      [Button] Rendering with type: submit

      at log (src/components/ui/Button.tsx:25:13)

    console.log
      [Button] Props received: {
        variant: 'primary',
        size: 'lg',
        type: 'submit',
        loading: true,
        disabled: true
      }

      at log (src/components/ui/Button.tsx:26:13)

    console.log
      [Button] Has onClick in props: false

      at log (src/components/ui/Button.tsx:27:13)

    console.log
      [Button] All props: {}

      at log (src/components/ui/Button.tsx:28:13)

    console.log
      Form submission started

      at log (src/hooks/useLoginForm.ts:200:13)

    console.log
      Default behavior prevented

      at log (src/hooks/useLoginForm.ts:203:15)

    console.log
      [LoginFlowTracer] Trace started: dbe534d8-0bfe-4f8e-a931-3fa2e44e717c

      at log (src/lib/auth/LoginFlowTracer.ts:52:15)

    console.log
      [useLoginForm] Login flow started { traceId: 'dbe534d8-0bfe-4f8e-a931-3fa2e44e717c' }

      at log (src/hooks/useLoginForm.ts:208:13)

    console.log
      [useLoginForm] Calling API client login method { traceId: 'dbe534d8-0bfe-4f8e-a931-3fa2e44e717c' }

      at log (src/hooks/useLoginForm.ts:230:15)

    console.log
      [AuthService] Login attempt {
        email: 'test4@example.com',
        traceId: 'dbe534d8-0bfe-4f8e-a931-3fa2e44e717c'
      }

      at AuthService.log [as login] (src/lib/api/authService.ts:140:15)

    console.log
      [AuthService] Calling backend API { traceId: 'dbe534d8-0bfe-4f8e-a931-3fa2e44e717c' }

      at AuthService.log [as login] (src/lib/api/authService.ts:168:15)

    console.log
      [TokenManager] getToken attempt {
        storageKey: 'jwt_token',
        source: undefined,
        traceId: undefined,
        timestamp: '2026-02-08T19:37:20.850Z'
      }

      at log (src/lib/api/tokenManager.ts:322:11)

    console.log
      [TokenManager] Raw value retrieved {
        storageKey: 'jwt_token',
        valuePresent: false,
        valueLength: 0,
        valuePreview: 'null',
        traceId: undefined
      }

      at log (src/lib/api/tokenManager.ts:335:15)

    console.log
      [TokenManager] No token found in storage { storageKey: 'jwt_token', traceId: undefined }

      at log (src/lib/api/tokenManager.ts:358:21)

    console.warn
      [AuthLogger 2026-02-08T19:37:20.850Z] Token get failed

       98 |   } else {
       99 |     // In production, log minimal info
    > 100 |     consoleMethod(message);
          |     ^
      101 |   }
      102 | }
      103 |

      at consoleMethod (src/lib/auth/AuthLogger.ts:100:5)
      at log (src/lib/auth/AuthLogger.ts:175:3)
      at getToken (src/lib/api/tokenManager.ts:362:30)
      at src/lib/api/apiClient.ts:53:29
      at ApiClient.interceptor [as request] (src/lib/api/apiClient.ts:195:24)
      at ApiClient.request [as post] (src/lib/api/apiClient.ts:114:17)
      at AuthService.post [as login] (src/lib/api/authService.ts:169:45)
      at login (src/hooks/useLoginForm.ts:231:40)
      at errors (node_modules/react-hook-form/src/logic/createFormControl.ts:1293:24)

    console.log
      [TokenManager] getToken attempt {
        storageKey: 'jwt_token',
        source: undefined,
        traceId: undefined,
        timestamp: '2026-02-08T19:37:20.851Z'
      }

      at log (src/lib/api/tokenManager.ts:322:11)

    console.log
      [TokenManager] Raw value retrieved {
        storageKey: 'jwt_token',
        valuePresent: false,
        valueLength: 0,
        valuePreview: 'null',
        traceId: undefined
      }

      at log (src/lib/api/tokenManager.ts:335:15)

    console.log
      [TokenManager] No token found in storage { storageKey: 'jwt_token', traceId: undefined }

      at log (src/lib/api/tokenManager.ts:358:21)

    console.warn
      [AuthLogger 2026-02-08T19:37:20.851Z] Token get failed

       98 |   } else {
       99 |     // In production, log minimal info
    > 100 |     consoleMethod(message);
          |     ^
      101 |   }
      102 | }
      103 |

      at consoleMethod (src/lib/auth/AuthLogger.ts:100:5)
      at log (src/lib/auth/AuthLogger.ts:175:3)
      at getToken (src/lib/api/tokenManager.ts:362:30)
      at TokenManager.getToken (src/lib/api/tokenManager.ts:512:12)
      at getToken (src/lib/api/interceptors.ts:41:30)
      at ApiClient.interceptor [as request] (src/lib/api/apiClient.ts:195:24)

    console.error
      [AuthService] Login error {
        error: 'An unexpected error occurred. Please try again.',
        traceId: 'dbe534d8-0bfe-4f8e-a931-3fa2e44e717c'
      }

      223 |       };
      224 |     } catch (error: any) {
    > 225 |       console.error('[AuthService] Login error', {
          |               ^
      226 |         error: error.message || String(error),
      227 |         traceId,
      228 |       });

      at AuthService.error (src/lib/api/authService.ts:225:15)
      at src/hooks/useLoginForm.ts:231:22
      at unset (node_modules/react-hook-form/src/logic/createFormControl.ts:1293:7)

    console.error
      [useLoginForm] Login failed {
        error: 'Unable to connect. Please check your internet connection.',
        traceId: 'dbe534d8-0bfe-4f8e-a931-3fa2e44e717c'
      }

      259 |       } else {
      260 |         // Login failed - handle error
    > 261 |         console.error('[useLoginForm] Login failed', { error: result.error, traceId });
          |                 ^
      262 |         
      263 |         // Record attempt for authentication errors
      264 |         if (result.error === 'Invalid email or password') {

      at error (src/hooks/useLoginForm.ts:261:17)
      at unset (node_modules/react-hook-form/src/logic/createFormControl.ts:1293:7)

    console.error
      Login error: {
        type: 'authentication',
        message: 'Unable to connect. Please check your internet connection.'
      }

      139 |     // Error handling is managed by the LoginForm component
      140 |     // This callback is provided for potential future logging or analytics
    > 141 |     console.error('Login error:', error);
          |             ^
      142 |   };
      143 |
      144 |   return (

      at error (src/app/login/LoginPageClient.tsx:141:13)
      at onError (src/hooks/useLoginForm.ts:271:11)
      at unset (node_modules/react-hook-form/src/logic/createFormControl.ts:1293:7)

    console.log
      [Button] Rendering with type: submit

      at log (src/components/ui/Button.tsx:25:13)

    console.log
      [Button] Props received: {
        variant: 'primary',
        size: 'lg',
        type: 'submit',
        loading: false,
        disabled: false
      }

      at log (src/components/ui/Button.tsx:26:13)

    console.log
      [Button] Has onClick in props: false

      at log (src/components/ui/Button.tsx:27:13)

    console.log
      [Button] All props: {}

      at log (src/components/ui/Button.tsx:28:13)

    console.log
      [Button] Rendering with type: submit

      at log (src/components/ui/Button.tsx:25:13)

    console.log
      [Button] Props received: {
        variant: 'primary',
        size: 'lg',
        type: 'submit',
        loading: false,
        disabled: false
      }

      at log (src/components/ui/Button.tsx:26:13)

    console.log
      [Button] Has onClick in props: false

      at log (src/components/ui/Button.tsx:27:13)

    console.log
      [Button] All props: {}

      at log (src/components/ui/Button.tsx:28:13)

    console.log
      [Button] Rendering with type: submit

      at log (src/components/ui/Button.tsx:25:13)

    console.log
      [Button] Props received: {
        variant: 'primary',
        size: 'lg',
        type: 'submit',
        loading: false,
        disabled: false
      }

      at log (src/components/ui/Button.tsx:26:13)

    console.log
      [Button] Has onClick in props: false

      at log (src/components/ui/Button.tsx:27:13)

    console.log
      [Button] All props: {}

      at log (src/components/ui/Button.tsx:28:13)

    console.log
      [Button] Rendering with type: submit

      at log (src/components/ui/Button.tsx:25:13)

    console.log
      [Button] Props received: {
        variant: 'primary',
        size: 'lg',
        type: 'submit',
        loading: false,
        disabled: false
      }

      at log (src/components/ui/Button.tsx:26:13)

    console.log
      [Button] Has onClick in props: false

      at log (src/components/ui/Button.tsx:27:13)

    console.log
      [Button] All props: {}

      at log (src/components/ui/Button.tsx:28:13)

    console.log
      [Button] Rendering with type: submit

      at log (src/components/ui/Button.tsx:25:13)

    console.log
      [Button] Props received: {
        variant: 'primary',
        size: 'lg',
        type: 'submit',
        loading: false,
        disabled: false
      }

      at log (src/components/ui/Button.tsx:26:13)

    console.log
      [Button] Has onClick in props: false

      at log (src/components/ui/Button.tsx:27:13)

    console.log
      [Button] All props: {}

      at log (src/components/ui/Button.tsx:28:13)

    console.log
      [Button] Rendering with type: submit

      at log (src/components/ui/Button.tsx:25:13)

    console.log
      [Button] Props received: {
        variant: 'primary',
        size: 'lg',
        type: 'submit',
        loading: false,
        disabled: false
      }

      at log (src/components/ui/Button.tsx:26:13)

    console.log
      [Button] Has onClick in props: false

      at log (src/components/ui/Button.tsx:27:13)

    console.log
      [Button] All props: {}

      at log (src/components/ui/Button.tsx:28:13)

    console.log
      [Button] Rendering with type: submit

      at log (src/components/ui/Button.tsx:25:13)

    console.log
      [Button] Props received: {
        variant: 'primary',
        size: 'lg',
        type: 'submit',
        loading: false,
        disabled: false
      }

      at log (src/components/ui/Button.tsx:26:13)

    console.log
      [Button] Has onClick in props: false

      at log (src/components/ui/Button.tsx:27:13)

    console.log
      [Button] All props: {}

      at log (src/components/ui/Button.tsx:28:13)

    console.log
      [Button] Rendering with type: submit

      at log (src/components/ui/Button.tsx:25:13)

    console.log
      [Button] Props received: {
        variant: 'primary',
        size: 'lg',
        type: 'submit',
        loading: false,
        disabled: false
      }

      at log (src/components/ui/Button.tsx:26:13)

    console.log
      [Button] Has onClick in props: false

      at log (src/components/ui/Button.tsx:27:13)

    console.log
      [Button] All props: {}

      at log (src/components/ui/Button.tsx:28:13)

    console.log
      [Button] Rendering with type: submit

      at log (src/components/ui/Button.tsx:25:13)

    console.log
      [Button] Props received: {
        variant: 'primary',
        size: 'lg',
        type: 'submit',
        loading: false,
        disabled: false
      }

      at log (src/components/ui/Button.tsx:26:13)

    console.log
      [Button] Has onClick in props: false

      at log (src/components/ui/Button.tsx:27:13)

    console.log
      [Button] All props: {}

      at log (src/components/ui/Button.tsx:28:13)

    console.log
      [Button] Rendering with type: submit

      at log (src/components/ui/Button.tsx:25:13)

    console.log
      [Button] Props received: {
        variant: 'primary',
        size: 'lg',
        type: 'submit',
        loading: false,
        disabled: false
      }

      at log (src/components/ui/Button.tsx:26:13)

    console.log
      [Button] Has onClick in props: false

      at log (src/components/ui/Button.tsx:27:13)

    console.log
      [Button] All props: {}

      at log (src/components/ui/Button.tsx:28:13)

    console.log
      [Button] Rendering with type: submit

      at log (src/components/ui/Button.tsx:25:13)

    console.log
      [Button] Props received: {
        variant: 'primary',
        size: 'lg',
        type: 'submit',
        loading: false,
        disabled: false
      }

      at log (src/components/ui/Button.tsx:26:13)

    console.log
      [Button] Has onClick in props: false

      at log (src/components/ui/Button.tsx:27:13)

    console.log
      [Button] All props: {}

      at log (src/components/ui/Button.tsx:28:13)

    console.log
      [Button] Rendering with type: submit

      at log (src/components/ui/Button.tsx:25:13)

    console.log
      [Button] Props received: {
        variant: 'primary',
        size: 'lg',
        type: 'submit',
        loading: false,
        disabled: false
      }

      at log (src/components/ui/Button.tsx:26:13)

    console.log
      [Button] Has onClick in props: false

      at log (src/components/ui/Button.tsx:27:13)

    console.log
      [Button] All props: {}

      at log (src/components/ui/Button.tsx:28:13)

    console.log
      [Button] Rendering with type: submit

      at log (src/components/ui/Button.tsx:25:13)

    console.log
      [Button] Props received: {
        variant: 'primary',
        size: 'lg',
        type: 'submit',
        loading: false,
        disabled: false
      }

      at log (src/components/ui/Button.tsx:26:13)

    console.log
      [Button] Has onClick in props: false

      at log (src/components/ui/Button.tsx:27:13)

    console.log
      [Button] All props: {}

      at log (src/components/ui/Button.tsx:28:13)

    console.log
      [Button] Rendering with type: submit

      at log (src/components/ui/Button.tsx:25:13)

    console.log
      [Button] Props received: {
        variant: 'primary',
        size: 'lg',
        type: 'submit',
        loading: false,
        disabled: false
      }

      at log (src/components/ui/Button.tsx:26:13)

    console.log
      [Button] Has onClick in props: false

      at log (src/components/ui/Button.tsx:27:13)

    console.log
      [Button] All props: {}

      at log (src/components/ui/Button.tsx:28:13)

    console.log
      [Button] Rendering with type: submit

      at log (src/components/ui/Button.tsx:25:13)

    console.log
      [Button] Props received: {
        variant: 'primary',
        size: 'lg',
        type: 'submit',
        loading: false,
        disabled: false
      }

      at log (src/components/ui/Button.tsx:26:13)

    console.log
      [Button] Has onClick in props: false

      at log (src/components/ui/Button.tsx:27:13)

    console.log
      [Button] All props: {}

      at log (src/components/ui/Button.tsx:28:13)

    console.log
      [Button] Rendering with type: submit

      at log (src/components/ui/Button.tsx:25:13)

    console.log
      [Button] Props received: {
        variant: 'primary',
        size: 'lg',
        type: 'submit',
        loading: false,
        disabled: false
      }

      at log (src/components/ui/Button.tsx:26:13)

    console.log
      [Button] Has onClick in props: false

      at log (src/components/ui/Button.tsx:27:13)

    console.log
      [Button] All props: {}

      at log (src/components/ui/Button.tsx:28:13)

    console.log
      [Button] Rendering with type: submit

      at log (src/components/ui/Button.tsx:25:13)

    console.log
      [Button] Props received: {
        variant: 'primary',
        size: 'lg',
        type: 'submit',
        loading: false,
        disabled: false
      }

      at log (src/components/ui/Button.tsx:26:13)

    console.log
      [Button] Has onClick in props: false

      at log (src/components/ui/Button.tsx:27:13)

    console.log
      [Button] All props: {}

      at log (src/components/ui/Button.tsx:28:13)

    console.log
      [Button] Rendering with type: submit

      at log (src/components/ui/Button.tsx:25:13)

    console.log
      [Button] Props received: {
        variant: 'primary',
        size: 'lg',
        type: 'submit',
        loading: false,
        disabled: false
      }

      at log (src/components/ui/Button.tsx:26:13)

    console.log
      [Button] Has onClick in props: false

      at log (src/components/ui/Button.tsx:27:13)

    console.log
      [Button] All props: {}

      at log (src/components/ui/Button.tsx:28:13)

    console.log
      [Button] Rendering with type: submit

      at log (src/components/ui/Button.tsx:25:13)

    console.log
      [Button] Props received: {
        variant: 'primary',
        size: 'lg',
        type: 'submit',
        loading: false,
        disabled: false
      }

      at log (src/components/ui/Button.tsx:26:13)

    console.log
      [Button] Has onClick in props: false

      at log (src/components/ui/Button.tsx:27:13)

    console.log
      [Button] All props: {}

      at log (src/components/ui/Button.tsx:28:13)

    console.log
      [Button] Rendering with type: submit

      at log (src/components/ui/Button.tsx:25:13)

    console.log
      [Button] Props received: {
        variant: 'primary',
        size: 'lg',
        type: 'submit',
        loading: false,
        disabled: false
      }

      at log (src/components/ui/Button.tsx:26:13)

    console.log
      [Button] Has onClick in props: false

      at log (src/components/ui/Button.tsx:27:13)

    console.log
      [Button] All props: {}

      at log (src/components/ui/Button.tsx:28:13)

    console.log
      [Button] Rendering with type: submit

      at log (src/components/ui/Button.tsx:25:13)

    console.log
      [Button] Props received: {
        variant: 'primary',
        size: 'lg',
        type: 'submit',
        loading: false,
        disabled: false
      }

      at log (src/components/ui/Button.tsx:26:13)

    console.log
      [Button] Has onClick in props: false

      at log (src/components/ui/Button.tsx:27:13)

    console.log
      [Button] All props: {}

      at log (src/components/ui/Button.tsx:28:13)

    console.log
      [Button] Rendering with type: submit

      at log (src/components/ui/Button.tsx:25:13)

    console.log
      [Button] Props received: {
        variant: 'primary',
        size: 'lg',
        type: 'submit',
        loading: false,
        disabled: false
      }

      at log (src/components/ui/Button.tsx:26:13)

    console.log
      [Button] Has onClick in props: false

      at log (src/components/ui/Button.tsx:27:13)

    console.log
      [Button] All props: {}

      at log (src/components/ui/Button.tsx:28:13)

    console.log
      [Button] Rendering with type: submit

      at log (src/components/ui/Button.tsx:25:13)

    console.log
      [Button] Props received: {
        variant: 'primary',
        size: 'lg',
        type: 'submit',
        loading: false,
        disabled: false
      }

      at log (src/components/ui/Button.tsx:26:13)

    console.log
      [Button] Has onClick in props: false

      at log (src/components/ui/Button.tsx:27:13)

    console.log
      [Button] All props: {}

      at log (src/components/ui/Button.tsx:28:13)

    console.log
      [Button] Rendering with type: submit

      at log (src/components/ui/Button.tsx:25:13)

    console.log
      [Button] Props received: {
        variant: 'primary',
        size: 'lg',
        type: 'submit',
        loading: false,
        disabled: false
      }

      at log (src/components/ui/Button.tsx:26:13)

    console.log
      [Button] Has onClick in props: false

      at log (src/components/ui/Button.tsx:27:13)

    console.log
      [Button] All props: {}

      at log (src/components/ui/Button.tsx:28:13)

    console.log
      [Button] Rendering with type: submit

      at log (src/components/ui/Button.tsx:25:13)

    console.log
      [Button] Props received: {
        variant: 'primary',
        size: 'lg',
        type: 'submit',
        loading: false,
        disabled: false
      }

      at log (src/components/ui/Button.tsx:26:13)

    console.log
      [Button] Has onClick in props: false

      at log (src/components/ui/Button.tsx:27:13)

    console.log
      [Button] All props: {}

      at log (src/components/ui/Button.tsx:28:13)

    console.log
      [Button] Rendering with type: submit

      at log (src/components/ui/Button.tsx:25:13)

    console.log
      [Button] Props received: {
        variant: 'primary',
        size: 'lg',
        type: 'submit',
        loading: false,
        disabled: false
      }

      at log (src/components/ui/Button.tsx:26:13)

    console.log
      [Button] Has onClick in props: false

      at log (src/components/ui/Button.tsx:27:13)

    console.log
      [Button] All props: {}

      at log (src/components/ui/Button.tsx:28:13)

    console.log
      [Button] Rendering with type: submit

      at log (src/components/ui/Button.tsx:25:13)

    console.log
      [Button] Props received: {
        variant: 'primary',
        size: 'lg',
        type: 'submit',
        loading: false,
        disabled: false
      }

      at log (src/components/ui/Button.tsx:26:13)

    console.log
      [Button] Has onClick in props: false

      at log (src/components/ui/Button.tsx:27:13)

    console.log
      [Button] All props: {}

      at log (src/components/ui/Button.tsx:28:13)

    console.log
      [Button] Rendering with type: submit

      at log (src/components/ui/Button.tsx:25:13)

    console.log
      [Button] Props received: {
        variant: 'primary',
        size: 'lg',
        type: 'submit',
        loading: false,
        disabled: false
      }

      at log (src/components/ui/Button.tsx:26:13)

    console.log
      [Button] Has onClick in props: false

      at log (src/components/ui/Button.tsx:27:13)

    console.log
      [Button] All props: {}

      at log (src/components/ui/Button.tsx:28:13)

    console.log
      [Button] Rendering with type: submit

      at log (src/components/ui/Button.tsx:25:13)

    console.log
      [Button] Props received: {
        variant: 'primary',
        size: 'lg',
        type: 'submit',
        loading: false,
        disabled: false
      }

      at log (src/components/ui/Button.tsx:26:13)

    console.log
      [Button] Has onClick in props: false

      at log (src/components/ui/Button.tsx:27:13)

    console.log
      [Button] All props: {}

      at log (src/components/ui/Button.tsx:28:13)

    console.log
      [Button] Rendering with type: submit

      at log (src/components/ui/Button.tsx:25:13)

    console.log
      [Button] Props received: {
        variant: 'primary',
        size: 'lg',
        type: 'submit',
        loading: false,
        disabled: false
      }

      at log (src/components/ui/Button.tsx:26:13)

    console.log
      [Button] Has onClick in props: false

      at log (src/components/ui/Button.tsx:27:13)

    console.log
      [Button] All props: {}

      at log (src/components/ui/Button.tsx:28:13)

    console.log
      [Button] Rendering with type: submit

      at log (src/components/ui/Button.tsx:25:13)

    console.log
      [Button] Props received: {
        variant: 'primary',
        size: 'lg',
        type: 'submit',
        loading: false,
        disabled: false
      }

      at log (src/components/ui/Button.tsx:26:13)

    console.log
      [Button] Has onClick in props: false

      at log (src/components/ui/Button.tsx:27:13)

    console.log
      [Button] All props: {}

      at log (src/components/ui/Button.tsx:28:13)

    console.log
      [Button] Rendering with type: submit

      at log (src/components/ui/Button.tsx:25:13)

    console.log
      [Button] Props received: {
        variant: 'primary',
        size: 'lg',
        type: 'submit',
        loading: false,
        disabled: false
      }

      at log (src/components/ui/Button.tsx:26:13)

    console.log
      [Button] Has onClick in props: false

      at log (src/components/ui/Button.tsx:27:13)

    console.log
      [Button] All props: {}

      at log (src/components/ui/Button.tsx:28:13)

    console.log
      [Button] Rendering with type: submit

      at log (src/components/ui/Button.tsx:25:13)

    console.log
      [Button] Props received: {
        variant: 'primary',
        size: 'lg',
        type: 'submit',
        loading: false,
        disabled: false
      }

      at log (src/components/ui/Button.tsx:26:13)

    console.log
      [Button] Has onClick in props: false

      at log (src/components/ui/Button.tsx:27:13)

    console.log
      [Button] All props: {}

      at log (src/components/ui/Button.tsx:28:13)

    console.log
      [Button] Rendering with type: submit

      at log (src/components/ui/Button.tsx:25:13)

    console.log
      [Button] Props received: {
        variant: 'primary',
        size: 'lg',
        type: 'submit',
        loading: false,
        disabled: false
      }

      at log (src/components/ui/Button.tsx:26:13)

    console.log
      [Button] Has onClick in props: false

      at log (src/components/ui/Button.tsx:27:13)

    console.log
      [Button] All props: {}

      at log (src/components/ui/Button.tsx:28:13)

    console.log
      [Button] Rendering with type: submit

      at log (src/components/ui/Button.tsx:25:13)

    console.log
      [Button] Props received: {
        variant: 'primary',
        size: 'lg',
        type: 'submit',
        loading: false,
        disabled: false
      }

      at log (src/components/ui/Button.tsx:26:13)

    console.log
      [Button] Has onClick in props: false

      at log (src/components/ui/Button.tsx:27:13)

    console.log
      [Button] All props: {}

      at log (src/components/ui/Button.tsx:28:13)

    console.log
      [Button] Rendering with type: submit

      at log (src/components/ui/Button.tsx:25:13)

    console.log
      [Button] Props received: {
        variant: 'primary',
        size: 'lg',
        type: 'submit',
        loading: false,
        disabled: false
      }

      at log (src/components/ui/Button.tsx:26:13)

    console.log
      [Button] Has onClick in props: false

      at log (src/components/ui/Button.tsx:27:13)

    console.log
      [Button] All props: {}

      at log (src/components/ui/Button.tsx:28:13)

    console.log
      [Button] Rendering with type: submit

      at log (src/components/ui/Button.tsx:25:13)

    console.log
      [Button] Props received: {
        variant: 'primary',
        size: 'lg',
        type: 'submit',
        loading: false,
        disabled: false
      }

      at log (src/components/ui/Button.tsx:26:13)

    console.log
      [Button] Has onClick in props: false

      at log (src/components/ui/Button.tsx:27:13)

    console.log
      [Button] All props: {}

      at log (src/components/ui/Button.tsx:28:13)

    console.log
      [Button] Rendering with type: submit

      at log (src/components/ui/Button.tsx:25:13)

    console.log
      [Button] Props received: {
        variant: 'primary',
        size: 'lg',
        type: 'submit',
        loading: false,
        disabled: false
      }

      at log (src/components/ui/Button.tsx:26:13)

    console.log
      [Button] Has onClick in props: false

      at log (src/components/ui/Button.tsx:27:13)

    console.log
      [Button] All props: {}

      at log (src/components/ui/Button.tsx:28:13)

    console.log
      [Button] Rendering with type: submit

      at log (src/components/ui/Button.tsx:25:13)

    console.log
      [Button] Props received: {
        variant: 'primary',
        size: 'lg',
        type: 'submit',
        loading: false,
        disabled: false
      }

      at log (src/components/ui/Button.tsx:26:13)

    console.log
      [Button] Has onClick in props: false

      at log (src/components/ui/Button.tsx:27:13)

    console.log
      [Button] All props: {}

      at log (src/components/ui/Button.tsx:28:13)

    console.log
      [Button] Rendering with type: submit

      at log (src/components/ui/Button.tsx:25:13)

    console.log
      [Button] Props received: {
        variant: 'primary',
        size: 'lg',
        type: 'submit',
        loading: false,
        disabled: false
      }

      at log (src/components/ui/Button.tsx:26:13)

    console.log
      [Button] Has onClick in props: false

      at log (src/components/ui/Button.tsx:27:13)

    console.log
      [Button] All props: {}

      at log (src/components/ui/Button.tsx:28:13)

    console.log
      [Button] Rendering with type: submit

      at log (src/components/ui/Button.tsx:25:13)

    console.log
      [Button] Props received: {
        variant: 'primary',
        size: 'lg',
        type: 'submit',
        loading: false,
        disabled: false
      }

      at log (src/components/ui/Button.tsx:26:13)

    console.log
      [Button] Has onClick in props: false

      at log (src/components/ui/Button.tsx:27:13)

    console.log
      [Button] All props: {}

      at log (src/components/ui/Button.tsx:28:13)

    console.log
      [Button] Rendering with type: submit

      at log (src/components/ui/Button.tsx:25:13)

    console.log
      [Button] Props received: {
        variant: 'primary',
        size: 'lg',
        type: 'submit',
        loading: false,
        disabled: false
      }

      at log (src/components/ui/Button.tsx:26:13)

    console.log
      [Button] Has onClick in props: false

      at log (src/components/ui/Button.tsx:27:13)

    console.log
      [Button] All props: {}

      at log (src/components/ui/Button.tsx:28:13)

    console.log
      [Button] Rendering with type: submit

      at log (src/components/ui/Button.tsx:25:13)

    console.log
      [Button] Props received: {
        variant: 'primary',
        size: 'lg',
        type: 'submit',
        loading: false,
        disabled: false
      }

      at log (src/components/ui/Button.tsx:26:13)

    console.log
      [Button] Has onClick in props: false

      at log (src/components/ui/Button.tsx:27:13)

    console.log
      [Button] All props: {}

      at log (src/components/ui/Button.tsx:28:13)

    console.log
      [Button] Rendering with type: submit

      at log (src/components/ui/Button.tsx:25:13)

    console.log
      [Button] Props received: {
        variant: 'primary',
        size: 'lg',
        type: 'submit',
        loading: false,
        disabled: false
      }

      at log (src/components/ui/Button.tsx:26:13)

    console.log
      [Button] Has onClick in props: false

      at log (src/components/ui/Button.tsx:27:13)

    console.log
      [Button] All props: {}

      at log (src/components/ui/Button.tsx:28:13)

    console.log
      [Button] Rendering with type: submit

      at log (src/components/ui/Button.tsx:25:13)

    console.log
      [Button] Props received: {
        variant: 'primary',
        size: 'lg',
        type: 'submit',
        loading: false,
        disabled: false
      }

      at log (src/components/ui/Button.tsx:26:13)

    console.log
      [Button] Has onClick in props: false

      at log (src/components/ui/Button.tsx:27:13)

    console.log
      [Button] All props: {}

      at log (src/components/ui/Button.tsx:28:13)

    console.log
      [Button] Rendering with type: submit

      at log (src/components/ui/Button.tsx:25:13)

    console.log
      [Button] Props received: {
        variant: 'primary',
        size: 'lg',
        type: 'submit',
        loading: false,
        disabled: false
      }

      at log (src/components/ui/Button.tsx:26:13)

    console.log
      [Button] Has onClick in props: false

      at log (src/components/ui/Button.tsx:27:13)

    console.log
      [Button] All props: {}

      at log (src/components/ui/Button.tsx:28:13)

    console.log
      [Button] Rendering with type: submit

      at log (src/components/ui/Button.tsx:25:13)

    console.log
      [Button] Props received: {
        variant: 'primary',
        size: 'lg',
        type: 'submit',
        loading: false,
        disabled: false
      }

      at log (src/components/ui/Button.tsx:26:13)

    console.log
      [Button] Has onClick in props: false

      at log (src/components/ui/Button.tsx:27:13)

    console.log
      [Button] All props: {}

      at log (src/components/ui/Button.tsx:28:13)

    console.log
      [Button] Rendering with type: submit

      at log (src/components/ui/Button.tsx:25:13)

    console.log
      [Button] Props received: {
        variant: 'primary',
        size: 'lg',
        type: 'submit',
        loading: false,
        disabled: false
      }

      at log (src/components/ui/Button.tsx:26:13)

    console.log
      [Button] Has onClick in props: false

      at log (src/components/ui/Button.tsx:27:13)

    console.log
      [Button] All props: {}

      at log (src/components/ui/Button.tsx:28:13)

    console.log
      [Button] Rendering with type: submit

      at log (src/components/ui/Button.tsx:25:13)

    console.log
      [Button] Props received: {
        variant: 'primary',
        size: 'lg',
        type: 'submit',
        loading: false,
        disabled: false
      }

      at log (src/components/ui/Button.tsx:26:13)

    console.log
      [Button] Has onClick in props: false

      at log (src/components/ui/Button.tsx:27:13)

    console.log
      [Button] All props: {}

      at log (src/components/ui/Button.tsx:28:13)

    console.log
      [Button] Rendering with type: submit

      at log (src/components/ui/Button.tsx:25:13)

    console.log
      [Button] Props received: {
        variant: 'primary',
        size: 'lg',
        type: 'submit',
        loading: false,
        disabled: false
      }

      at log (src/components/ui/Button.tsx:26:13)

    console.log
      [Button] Has onClick in props: false

      at log (src/components/ui/Button.tsx:27:13)

    console.log
      [Button] All props: {}

      at log (src/components/ui/Button.tsx:28:13)

    console.log
      [Button] Rendering with type: submit

      at log (src/components/ui/Button.tsx:25:13)

    console.log
      [Button] Props received: {
        variant: 'primary',
        size: 'lg',
        type: 'submit',
        loading: false,
        disabled: false
      }

      at log (src/components/ui/Button.tsx:26:13)

    console.log
      [Button] Has onClick in props: false

      at log (src/components/ui/Button.tsx:27:13)

    console.log
      [Button] All props: {}

      at log (src/components/ui/Button.tsx:28:13)

    console.log
      [Button] Rendering with type: submit

      at log (src/components/ui/Button.tsx:25:13)

    console.log
      [Button] Props received: {
        variant: 'primary',
        size: 'lg',
        type: 'submit',
        loading: false,
        disabled: false
      }

      at log (src/components/ui/Button.tsx:26:13)

    console.log
      [Button] Has onClick in props: false

      at log (src/components/ui/Button.tsx:27:13)

    console.log
      [Button] All props: {}

      at log (src/components/ui/Button.tsx:28:13)

    console.log
      [Button] Rendering with type: submit

      at log (src/components/ui/Button.tsx:25:13)

    console.log
      [Button] Props received: {
        variant: 'primary',
        size: 'lg',
        type: 'submit',
        loading: false,
        disabled: false
      }

      at log (src/components/ui/Button.tsx:26:13)

    console.log
      [Button] Has onClick in props: false

      at log (src/components/ui/Button.tsx:27:13)

    console.log
      [Button] All props: {}

      at log (src/components/ui/Button.tsx:28:13)

    console.log
      [Button] Rendering with type: submit

      at log (src/components/ui/Button.tsx:25:13)

    console.log
      [Button] Props received: {
        variant: 'primary',
        size: 'lg',
        type: 'submit',
        loading: false,
        disabled: false
      }

      at log (src/components/ui/Button.tsx:26:13)

    console.log
      [Button] Has onClick in props: false

      at log (src/components/ui/Button.tsx:27:13)

    console.log
      [Button] All props: {}

      at log (src/components/ui/Button.tsx:28:13)

    console.log
      [Button] Rendering with type: submit

      at log (src/components/ui/Button.tsx:25:13)

    console.log
      [Button] Props received: {
        variant: 'primary',
        size: 'lg',
        type: 'submit',
        loading: false,
        disabled: false
      }

      at log (src/components/ui/Button.tsx:26:13)

    console.log
      [Button] Has onClick in props: false

      at log (src/components/ui/Button.tsx:27:13)

    console.log
      [Button] All props: {}

      at log (src/components/ui/Button.tsx:28:13)

    console.log
      [Button] Rendering with type: submit

      at log (src/components/ui/Button.tsx:25:13)

    console.log
      [Button] Props received: {
        variant: 'primary',
        size: 'lg',
        type: 'submit',
        loading: false,
        disabled: false
      }

      at log (src/components/ui/Button.tsx:26:13)

    console.log
      [Button] Has onClick in props: false

      at log (src/components/ui/Button.tsx:27:13)

    console.log
      [Button] All props: {}

      at log (src/components/ui/Button.tsx:28:13)

    console.log
      [Button] Rendering with type: submit

      at log (src/components/ui/Button.tsx:25:13)

    console.log
      [Button] Props received: {
        variant: 'primary',
        size: 'lg',
        type: 'submit',
        loading: false,
        disabled: false
      }

      at log (src/components/ui/Button.tsx:26:13)

    console.log
      [Button] Has onClick in props: false

      at log (src/components/ui/Button.tsx:27:13)

    console.log
      [Button] All props: {}

      at log (src/components/ui/Button.tsx:28:13)

    console.log
      [Button] Rendering with type: submit

      at log (src/components/ui/Button.tsx:25:13)

    console.log
      [Button] Props received: {
        variant: 'primary',
        size: 'lg',
        type: 'submit',
        loading: false,
        disabled: false
      }

      at log (src/components/ui/Button.tsx:26:13)

    console.log
      [Button] Has onClick in props: false

      at log (src/components/ui/Button.tsx:27:13)

    console.log
      [Button] All props: {}

      at log (src/components/ui/Button.tsx:28:13)

    console.log
      [Button] Rendering with type: submit

      at log (src/components/ui/Button.tsx:25:13)

    console.log
      [Button] Props received: {
        variant: 'primary',
        size: 'lg',
        type: 'submit',
        loading: false,
        disabled: false
      }

      at log (src/components/ui/Button.tsx:26:13)

    console.log
      [Button] Has onClick in props: false

      at log (src/components/ui/Button.tsx:27:13)

    console.log
      [Button] All props: {}

      at log (src/components/ui/Button.tsx:28:13)

    console.log
      [Button] Rendering with type: submit

      at log (src/components/ui/Button.tsx:25:13)

    console.log
      [Button] Props received: {
        variant: 'primary',
        size: 'lg',
        type: 'submit',
        loading: false,
        disabled: false
      }

      at log (src/components/ui/Button.tsx:26:13)

    console.log
      [Button] Has onClick in props: false

      at log (src/components/ui/Button.tsx:27:13)

    console.log
      [Button] All props: {}

      at log (src/components/ui/Button.tsx:28:13)

    console.log
      [Button] Rendering with type: submit

      at log (src/components/ui/Button.tsx:25:13)

    console.log
      [Button] Props received: {
        variant: 'primary',
        size: 'lg',
        type: 'submit',
        loading: false,
        disabled: false
      }

      at log (src/components/ui/Button.tsx:26:13)

    console.log
      [Button] Has onClick in props: false

      at log (src/components/ui/Button.tsx:27:13)

    console.log
      [Button] All props: {}

      at log (src/components/ui/Button.tsx:28:13)

    console.log
      [Button] Rendering with type: submit

      at log (src/components/ui/Button.tsx:25:13)

    console.log
      [Button] Props received: {
        variant: 'primary',
        size: 'lg',
        type: 'submit',
        loading: false,
        disabled: false
      }

      at log (src/components/ui/Button.tsx:26:13)

    console.log
      [Button] Has onClick in props: false

      at log (src/components/ui/Button.tsx:27:13)

    console.log
      [Button] All props: {}

      at log (src/components/ui/Button.tsx:28:13)

    console.log
      [Button] Rendering with type: submit

      at log (src/components/ui/Button.tsx:25:13)

    console.log
      [Button] Props received: {
        variant: 'primary',
        size: 'lg',
        type: 'submit',
        loading: false,
        disabled: false
      }

      at log (src/components/ui/Button.tsx:26:13)

    console.log
      [Button] Has onClick in props: false

      at log (src/components/ui/Button.tsx:27:13)

    console.log
      [Button] All props: {}

      at log (src/components/ui/Button.tsx:28:13)

    console.log
      [Button] Rendering with type: submit

      at log (src/components/ui/Button.tsx:25:13)

    console.log
      [Button] Props received: {
        variant: 'primary',
        size: 'lg',
        type: 'submit',
        loading: false,
        disabled: false
      }

      at log (src/components/ui/Button.tsx:26:13)

    console.log
      [Button] Has onClick in props: false

      at log (src/components/ui/Button.tsx:27:13)

    console.log
      [Button] All props: {}

      at log (src/components/ui/Button.tsx:28:13)

    console.log
      [Button] Rendering with type: submit

      at log (src/components/ui/Button.tsx:25:13)

    console.log
      [Button] Props received: {
        variant: 'primary',
        size: 'lg',
        type: 'submit',
        loading: false,
        disabled: false
      }

      at log (src/components/ui/Button.tsx:26:13)

    console.log
      [Button] Has onClick in props: false

      at log (src/components/ui/Button.tsx:27:13)

    console.log
      [Button] All props: {}

      at log (src/components/ui/Button.tsx:28:13)

    console.log
      [Button] Rendering with type: submit

      at log (src/components/ui/Button.tsx:25:13)

    console.log
      [Button] Props received: {
        variant: 'primary',
        size: 'lg',
        type: 'submit',
        loading: false,
        disabled: false
      }

      at log (src/components/ui/Button.tsx:26:13)

    console.log
      [Button] Has onClick in props: false

      at log (src/components/ui/Button.tsx:27:13)

    console.log
      [Button] All props: {}

      at log (src/components/ui/Button.tsx:28:13)

    console.log
      [Button] Rendering with type: submit

      at log (src/components/ui/Button.tsx:25:13)

    console.log
      [Button] Props received: {
        variant: 'primary',
        size: 'lg',
        type: 'submit',
        loading: false,
        disabled: false
      }

      at log (src/components/ui/Button.tsx:26:13)

    console.log
      [Button] Has onClick in props: false

      at log (src/components/ui/Button.tsx:27:13)

    console.log
      [Button] All props: {}

      at log (src/components/ui/Button.tsx:28:13)

    console.log
      [Button] Rendering with type: submit

      at log (src/components/ui/Button.tsx:25:13)

    console.log
      [Button] Props received: {
        variant: 'primary',
        size: 'lg',
        type: 'submit',
        loading: false,
        disabled: false
      }

      at log (src/components/ui/Button.tsx:26:13)

    console.log
      [Button] Has onClick in props: false

      at log (src/components/ui/Button.tsx:27:13)

    console.log
      [Button] All props: {}

      at log (src/components/ui/Button.tsx:28:13)

    console.log
      [Button] Rendering with type: submit

      at log (src/components/ui/Button.tsx:25:13)

    console.log
      [Button] Props received: {
        variant: 'primary',
        size: 'lg',
        type: 'submit',
        loading: false,
        disabled: false
      }

      at log (src/components/ui/Button.tsx:26:13)

    console.log
      [Button] Has onClick in props: false

      at log (src/components/ui/Button.tsx:27:13)

    console.log
      [Button] All props: {}

      at log (src/components/ui/Button.tsx:28:13)

    console.log
      [Button] Rendering with type: submit

      at log (src/components/ui/Button.tsx:25:13)

    console.log
      [Button] Props received: {
        variant: 'primary',
        size: 'lg',
        type: 'submit',
        loading: false,
        disabled: false
      }

      at log (src/components/ui/Button.tsx:26:13)

    console.log
      [Button] Has onClick in props: false

      at log (src/components/ui/Button.tsx:27:13)

    console.log
      [Button] All props: {}

      at log (src/components/ui/Button.tsx:28:13)

    console.log
      [Button] Rendering with type: submit

      at log (src/components/ui/Button.tsx:25:13)

    console.log
      [Button] Props received: {
        variant: 'primary',
        size: 'lg',
        type: 'submit',
        loading: false,
        disabled: false
      }

      at log (src/components/ui/Button.tsx:26:13)

    console.log
      [Button] Has onClick in props: false

      at log (src/components/ui/Button.tsx:27:13)

    console.log
      [Button] All props: {}

      at log (src/components/ui/Button.tsx:28:13)

    console.log
      [Button] Rendering with type: submit

      at log (src/components/ui/Button.tsx:25:13)

    console.log
      [Button] Props received: {
        variant: 'primary',
        size: 'lg',
        type: 'submit',
        loading: false,
        disabled: false
      }

      at log (src/components/ui/Button.tsx:26:13)

    console.log
      [Button] Has onClick in props: false

      at log (src/components/ui/Button.tsx:27:13)

    console.log
      [Button] All props: {}

      at log (src/components/ui/Button.tsx:28:13)

    console.log
      [Button] Rendering with type: submit

      at log (src/components/ui/Button.tsx:25:13)

    console.log
      [Button] Props received: {
        variant: 'primary',
        size: 'lg',
        type: 'submit',
        loading: false,
        disabled: false
      }

      at log (src/components/ui/Button.tsx:26:13)

    console.log
      [Button] Has onClick in props: false

      at log (src/components/ui/Button.tsx:27:13)

    console.log
      [Button] All props: {}

      at log (src/components/ui/Button.tsx:28:13)

    console.log
      [Button] Rendering with type: submit

      at log (src/components/ui/Button.tsx:25:13)

    console.log
      [Button] Props received: {
        variant: 'primary',
        size: 'lg',
        type: 'submit',
        loading: false,
        disabled: false
      }

      at log (src/components/ui/Button.tsx:26:13)

    console.log
      [Button] Has onClick in props: false

      at log (src/components/ui/Button.tsx:27:13)

    console.log
      [Button] All props: {}

      at log (src/components/ui/Button.tsx:28:13)

    console.log
      [Button] Rendering with type: submit

      at log (src/components/ui/Button.tsx:25:13)

    console.log
      [Button] Props received: {
        variant: 'primary',
        size: 'lg',
        type: 'submit',
        loading: false,
        disabled: false
      }

      at log (src/components/ui/Button.tsx:26:13)

    console.log
      [Button] Has onClick in props: false

      at log (src/components/ui/Button.tsx:27:13)

    console.log
      [Button] All props: {}

      at log (src/components/ui/Button.tsx:28:13)

    console.log
      [Button] Rendering with type: submit

      at log (src/components/ui/Button.tsx:25:13)

    console.log
      [Button] Props received: {
        variant: 'primary',
        size: 'lg',
        type: 'submit',
        loading: false,
        disabled: false
      }

      at log (src/components/ui/Button.tsx:26:13)

    console.log
      [Button] Has onClick in props: false

      at log (src/components/ui/Button.tsx:27:13)

    console.log
      [Button] All props: {}

      at log (src/components/ui/Button.tsx:28:13)

    console.log
      [Button] Rendering with type: submit

      at log (src/components/ui/Button.tsx:25:13)

    console.log
      [Button] Props received: {
        variant: 'primary',
        size: 'lg',
        type: 'submit',
        loading: false,
        disabled: false
      }

      at log (src/components/ui/Button.tsx:26:13)

    console.log
      [Button] Has onClick in props: false

      at log (src/components/ui/Button.tsx:27:13)

    console.log
      [Button] All props: {}

      at log (src/components/ui/Button.tsx:28:13)

    console.log
      [Button] Rendering with type: submit

      at log (src/components/ui/Button.tsx:25:13)

    console.log
      [Button] Props received: {
        variant: 'primary',
        size: 'lg',
        type: 'submit',
        loading: false,
        disabled: false
      }

      at log (src/components/ui/Button.tsx:26:13)

    console.log
      [Button] Has onClick in props: false

      at log (src/components/ui/Button.tsx:27:13)

    console.log
      [Button] All props: {}

      at log (src/components/ui/Button.tsx:28:13)

    console.log
      [Button] Rendering with type: submit

      at log (src/components/ui/Button.tsx:25:13)

    console.log
      [Button] Props received: {
        variant: 'primary',
        size: 'lg',
        type: 'submit',
        loading: false,
        disabled: false
      }

      at log (src/components/ui/Button.tsx:26:13)

    console.log
      [Button] Has onClick in props: false

      at log (src/components/ui/Button.tsx:27:13)

    console.log
      [Button] All props: {}

      at log (src/components/ui/Button.tsx:28:13)

    console.log
      [Button] Rendering with type: submit

      at log (src/components/ui/Button.tsx:25:13)

    console.log
      [Button] Props received: {
        variant: 'primary',
        size: 'lg',
        type: 'submit',
        loading: false,
        disabled: false
      }

      at log (src/components/ui/Button.tsx:26:13)

    console.log
      [Button] Has onClick in props: false

      at log (src/components/ui/Button.tsx:27:13)

    console.log
      [Button] All props: {}

      at log (src/components/ui/Button.tsx:28:13)

  ● Viewport Change Handling and Form State Persistence › Requirement 6.3: Form State Persists During Viewport Changes › should preserve form submission state during viewport changes

    Unable to find an element with the text: /invalid credentials/i. This could be because the text is broken up by multiple elements. In this case, you can provide a function for your text matcher to make your matcher more flexible.

    Ignored nodes: comments, script, style
    [36m<body>[39m
      [36m<div>[39m
        [36m<div[39m
          [33mdata-testid[39m=[32m"error-boundary"[39m
        [36m>[39m
          [36m<div[39m
            [33mclass[39m=[32m"min-h-screen flex items-center justify-center bg-gray-50 px-4 py-12 sm:px-6 lg:px-8"[39m
          [36m>[39m
            [36m<div[39m
              [33mclass[39m=[32m"w-full max-w-md"[39m
            [36m>[39m
              [36m<div[39m
                [33mclass[39m=[32m"shadow-xl"[39m
                [33mdata-testid[39m=[32m"card"[39m
                [33mdata-variant[39m=[32m"elevated"[39m
              [36m>[39m
                [36m<div[39m
                  [33mclass[39m=[32m"space-y-2 text-center pb-6"[39m
                  [33mdata-testid[39m=[32m"card-header"[39m
                [36m>[39m
                  [36m<h1[39m
                    [33mclass[39m=[32m"text-2xl font-bold text-gray-900 sm:text-3xl"[39m
                  [36m>[39m
                    [0mSign in to your account[0m
                  [36m</h1>[39m
                  [36m<p[39m
                    [33mclass[39m=[32m"text-sm text-gray-600 sm:text-base"[39m
                  [36m>[39m
                    [0mEnter your credentials to access your tax preparation dashboard[0m
                  [36m</p>[39m
                [36m</div>[39m
                [36m<div[39m
                  [33mclass[39m=[32m"pb-8"[39m
                  [33mdata-testid[39m=[32m"card-content"[39m
                [36m>[39m
                  [36m<form[39m
                    [33mclass[39m=[32m"space-y-6"[39m
                    [33mnovalidate[39m=[32m""[39m
                  [36m>[39m
                    [36m<div[39m
                      [33maria-live[39m=[32m"assertive"[39m
                      [33mclass[39m=[32m"p-4 rounded-md bg-red-50 border border-red-200"[39m
                      [33mrole[39m=[32m"alert"[39m
                    [36m>[39m
                      [36m<div[39m
                        [33mclass[39m=[32m"flex items-start"[39m
                      [36m>[39m
                        [36m<svg[39m
                          [33maria-hidden[39m=[32m"true"[39m
                          [33mclass[39m=[32m"w-5 h-5 text-red-600 mr-3 mt-0.5 flex-shrink-0"[39m
                          [33mfill[39m=[32m"currentColor"[39m
                          [33mviewBox[39m=[32m"0 0 20 20"[39m
                        [36m>[39m
                          [36m<path[39m
                            [33mclip-rule[39m=[32m"evenodd"[39m
                            [33md[39m=[32m"M10 18a8 8 0 100-16 8 8 0 000 16zM8.707 7.293a1 1 0 00-1.414 1.414L8.586 10l-1.293 1.293a1 1 0 101.414 1.414L10 11.414l1.293 1.293a1 1 0 001.414-1.414L11.414 10l1.293-1.293a1 1 0 00-1.414-1.414L10 8.586 8.707 7.293z"[39m
                            [33mfill-rule[39m=[32m"evenodd"[39m
                          [36m/>[39m
                        [36m</svg>[39m
                        [36m<p[39m
                          [33mclass[39m=[32m"text-sm text-red-800"[39m
                        [36m>[39m
                          [0mUnable to connect. Please check your internet connection.[0m
                        [36m</p>[39m
                      [36m</div>[39m
                    [36m</div>[39m
                    [36m<div[39m
                      [33maria-live[39m=[32m"polite"[39m
                      [33mclass[39m=[32m"p-4 rounded-md border transition-all duration-200 bg-red-50 border-red-200"[39m
                      [33mrole[39m=[32m"status"[39m
                    [36m>[39m
                      [36m<div[39m
                        [33mclass[39m=[32m"flex items-start"[39m
                      [36m>[39m
                        [36m<svg[39m
                          [33maria-hidden[39m=[32m"true"[39m
                          [33mclass[39m=[32m"w-5 h-5 text-red-600 mr-3 mt-0.5 flex-shrink-0"[39m
                          [33mfill[39m=[32m"currentColor"[39m
                          [33mviewBox[39m=[32m"0 0 20 20"[39m
                        [36m>[39m
                          [36m<path[39m
                            [33mclip-rule[39m=[32m"evenodd"[39m
                            [33md[39m=[32m"M10 18a8 8 0 100-16 8 8 0 000 16zM8.707 7.293a1 1 0 00-1.414 1.414L8.586 10l-1.293 1.293a1 1 0 101.414 1.414L10 11.414l1.293 1.293a1 1 0 001.414-1.414L11.414 10l1.293-1.293a1 1 0 00-1.414-1.414L10 8.586 8.707 7.293z"[39m
                            [33mfill-rule[39m=[32m"evenodd"[39m
                          [36m/>[39m
                        [36m</svg>[39m
                        [36m<p[39m
                          [33mclass[39m=[32m"text-sm text-red-800"[39m
                        [36m>[39m
                          [0mUnable to connect. Please check your internet connection.[0m
                        [36m</p>[39m
                      [36m</div>[39m
                    [36m</div>[39m
                    [36m<div>[39m
                      [36m<label[39m
                        [33mclass[39m=[32m"block text-sm font-medium text-gray-700 mb-1.5"[39m
                        [33mfor[39m=[32m"email"[39m
                      [36m>[39m
                        [0mEmail Address[0m
                      [36m</label>[39m
                      [36m<input[39m
                        [33maria-invalid[39m=[32m"false"[39m
                        [33maria-label[39m=[32m"Email Address"[39m
                        [33maria-required[39m=[32m"true"[39m
                        [33mautocomplete[39m=[32m"email"[39m
                        [33mclass[39m=[32m"w-full px-3 py-2 rounded-md border text-gray-900 transition-colors duration-200 placeholder:text-gray-400 focus:outline-none focus:ring-2 focus:ring-offset-2 focus-visible:outline-none focus-visible:ring-2 focus-visible:ring-offset-2 min-h-[44px] text-base md:min-h-[40px] md:text-sm border-gray-300 focus:ring-blue-500 focus:border-blue-500 focus-visible:ring-blue-500"[39m
                        [33mid[39m=[32m"email"[39m
                        [33mname[39m=[32m"email"[39m
                        [33mtype[39m=[32m"email"[39m
                      [36m/>[39m
                    [36m</div>[39m
                    [36m<div>[39m
                      [36m<label[39m
                        [33mclass[39m=[32m"block text-sm font-medium text-gray-700 mb-1.5"[39m
                        [33mfor[39m=[32m"password"[39m
                      [36m>[39m
                        [0mPassword[0m
                      [36m</label>[39m
                      [36m<div[39m
                        [33mclass[39m=[32m"relative"[39m
                      [36m>[39m
                        [36m<input[39m
                          [33maria-invalid[39m=[32m"false"[39m
                          [33maria-label[39m=[32m"Password"[39m
                          [33maria-required[39m=[32m"true"[39m
                          [33mautocomplete[39m=[32m"current-password"[39m
                          [33mclass[39m=[32m"w-full px-3 py-2 pr-12 rounded-md border text-gray-900 transition-colors duration-200 placeholder:text-gray-400 focus:outline-none focus:ring-2 focus:ring-offset-2 focus-visible:outline-none focus-visible:ring-2 focus-visible:ring-offset-2 min-h-[44px] text-base md:min-h-[40px] md:text-sm border-gray-300 focus:ring-blue-500 focus:border-blue-500 focus-visible:ring-blue-500"[39m
                          [33mid[39m=[32m"password"[39m
                          [33mname[39m=[32m"password"[39m
                          [33mtype[39m=[32m"password"[39m
                        [36m/>[39m
                        [36m<button[39m
                          [33maria-label[39m=[32m"Show password"[39m
                          [33maria-pressed[39m=[32m"false"[39m
                          [33mclass[39m=[32m"absolute right-2 top-1/2 -translate-y-1/2 p-2 rounded-md z-10 min-w-[44px] min-h-[44px] md:min-w-[36px] md:min-h-[36px] hover:bg-gray-100 transition-colors duration-200 focus:outline-none focus:ring-2 focus:ring-blue-500 focus:ring-offset-2 focus-visible:outline-none focus-visible:ring-2 focus-visible:ring-blue-500 focus-visible:ring-offset-2"[39m
                          [33mtype[39m=[32m"button"[39m
                        [36m>[39m
                          [36m<svg[39m
                            [33maria-hidden[39m=[32m"true"[39m
                            [33mclass[39m=[32m"w-5 h-5 text-gray-600"[39m
                            [33mfill[39m=[32m"none"[39m
                            [33mstroke[39m=[32m"currentColor"[39m
                            [33mstyle[39m=[32m"pointer-events: none;"[39m
                            [33mviewBox[39m=[32m"0 0 24 24"[39m
                          [36m>[39m
                            [36m<path[39m
                              [33md[39m=[32m"M15 12a3 3 0 11-6 0 3 3 0 016 0z"[39m
                              [33mstroke-linecap[39m=[32m"round"[39m
                              [33mstroke-linejoin[39m=[32m"round"[39m
                              [33mstroke-width[39m=[32m"2"[39m
                              [33mstyle[39m=[32m"pointer-events: none;"[39m
                            [36m/>[39m
                            [36m<path[39m
                              [33md[39m=[32m"M2.458 12C3.732 7.943 7.523 5 12 5c4.478 0 8.268 2.943 9.542 7-1.274 4.057-5.064 7-9.542 7-4.477 0-8.268-2.943-9.542-7z"[39m
                              [33mstroke-linecap[39m=[32m"round"[39m
                              [33mstroke-linejoin[39m=[32m"round"[39m
                              [33mstroke-width[39m=[32m"2"[39m
                              [33mstyle[39m=[32m"pointer-events: none;"[39m
                            [36m/>[39m
                          [36m</svg>[39m
                        [36m</button>[39m
                      [36m</div>[39m
                    [36m</div>[39m
                    [36m<button[39m
                      [33maria-busy[39m=[32m"false"[39m
                      [33mclass[39m=[32m"inline-flex items-center justify-center rounded-md font-medium transition-colors focus-visible:outline-none focus-visible:ring-2 focus-visible:ring-offset-2 disabled:pointer-events-none disabled:opacity-50 focus:outline-none focus:ring-2 focus:ring-offset-2 bg-blue-600 text-white hover:bg-blue-700 active:bg-blue-800 focus-visible:ring-blue-500 focus:ring-blue-500 h-12 px-6 text-lg w-full min-h-[44px] md:min-h-[48px]"[39m
                      [33mtype[39m=[32m"submit"[39m
                    [36m>[39m
                      [0mSign In[0m
                    [36m</button>[39m
                  [36m</form>[39m
                [36m</div>[39m
              [36m</div>[39m
              [36m<div[39m
                [33mclass[39m=[32m"mt-6 text-center"[39m
              [36m>[39m
                [36m<p[39m
                  [33mclass[39m=[32m"text-sm text-gray-600"[39m
                [36m>[39m
                  [0mDon't have an account?[0m
                  [0m [0m
                  [36m<a[39m
                    [33mclass[39m=[32m"font-medium text-blue-600 hover:text-blue-500 focus:outline-none focus:underline transition-colors"[39m
                    [33mhref[39m=[32m"/signup"[39m
                  [36m>[39m
                    [0mSign up[0m
                  [36m</a>[39m
                [36m</p>[39m
              [36m</div>[39m
            [36m</div>[39m
          [36m</div>[39m
        [36m</div>[39m
      [36m</div>[39m
    [36m</body>[39m

      282 |
      283 |       // Wait for submission to complete
    > 284 |       await waitFor(
          |                    ^
      285 |         () => {
      286 |           expect(screen.getByText(/invalid credentials/i)).toBeInTheDocument();
      287 |         },

      at waitForWrapper (node_modules/@testing-library/dom/dist/wait-for.js:163:27)
      at Object.<anonymous> (src/app/login/viewport-state-persistence.test.tsx:284:20)

  ● Viewport Change Handling and Form State Persistence › Requirement 6.3: Form State Persists During Viewport Changes › should preserve authentication error messages during viewport changes

    Unable to find an element with the text: /invalid email or password/i. This could be because the text is broken up by multiple elements. In this case, you can provide a function for your text matcher to make your matcher more flexible.

    Ignored nodes: comments, script, style
    [36m<body>[39m
      [36m<div>[39m
        [36m<div[39m
          [33mdata-testid[39m=[32m"error-boundary"[39m
        [36m>[39m
          [36m<div[39m
            [33mclass[39m=[32m"min-h-screen flex items-center justify-center bg-gray-50 px-4 py-12 sm:px-6 lg:px-8"[39m
          [36m>[39m
            [36m<div[39m
              [33mclass[39m=[32m"w-full max-w-md"[39m
            [36m>[39m
              [36m<div[39m
                [33mclass[39m=[32m"shadow-xl"[39m
                [33mdata-testid[39m=[32m"card"[39m
                [33mdata-variant[39m=[32m"elevated"[39m
              [36m>[39m
                [36m<div[39m
                  [33mclass[39m=[32m"space-y-2 text-center pb-6"[39m
                  [33mdata-testid[39m=[32m"card-header"[39m
                [36m>[39m
                  [36m<h1[39m
                    [33mclass[39m=[32m"text-2xl font-bold text-gray-900 sm:text-3xl"[39m
                  [36m>[39m
                    [0mSign in to your account[0m
                  [36m</h1>[39m
                  [36m<p[39m
                    [33mclass[39m=[32m"text-sm text-gray-600 sm:text-base"[39m
                  [36m>[39m
                    [0mEnter your credentials to access your tax preparation dashboard[0m
                  [36m</p>[39m
                [36m</div>[39m
                [36m<div[39m
                  [33mclass[39m=[32m"pb-8"[39m
                  [33mdata-testid[39m=[32m"card-content"[39m
                [36m>[39m
                  [36m<form[39m
                    [33mclass[39m=[32m"space-y-6"[39m
                    [33mnovalidate[39m=[32m""[39m
                  [36m>[39m
                    [36m<div[39m
                      [33maria-live[39m=[32m"assertive"[39m
                      [33mclass[39m=[32m"p-4 rounded-md bg-red-50 border border-red-200"[39m
                      [33mrole[39m=[32m"alert"[39m
                    [36m>[39m
                      [36m<div[39m
                        [33mclass[39m=[32m"flex items-start"[39m
                      [36m>[39m
                        [36m<svg[39m
                          [33maria-hidden[39m=[32m"true"[39m
                          [33mclass[39m=[32m"w-5 h-5 text-red-600 mr-3 mt-0.5 flex-shrink-0"[39m
                          [33mfill[39m=[32m"currentColor"[39m
                          [33mviewBox[39m=[32m"0 0 20 20"[39m
                        [36m>[39m
                          [36m<path[39m
                            [33mclip-rule[39m=[32m"evenodd"[39m
                            [33md[39m=[32m"M10 18a8 8 0 100-16 8 8 0 000 16zM8.707 7.293a1 1 0 00-1.414 1.414L8.586 10l-1.293 1.293a1 1 0 101.414 1.414L10 11.414l1.293 1.293a1 1 0 001.414-1.414L11.414 10l1.293-1.293a1 1 0 00-1.414-1.414L10 8.586 8.707 7.293z"[39m
                            [33mfill-rule[39m=[32m"evenodd"[39m
                          [36m/>[39m
                        [36m</svg>[39m
                        [36m<p[39m
                          [33mclass[39m=[32m"text-sm text-red-800"[39m
                        [36m>[39m
                          [0mUnable to connect. Please check your internet connection.[0m
                        [36m</p>[39m
                      [36m</div>[39m
                    [36m</div>[39m
                    [36m<div[39m
                      [33maria-live[39m=[32m"polite"[39m
                      [33mclass[39m=[32m"p-4 rounded-md border transition-all duration-200 bg-red-50 border-red-200"[39m
                      [33mrole[39m=[32m"status"[39m
                    [36m>[39m
                      [36m<div[39m
                        [33mclass[39m=[32m"flex items-start"[39m
                      [36m>[39m
                        [36m<svg[39m
                          [33maria-hidden[39m=[32m"true"[39m
                          [33mclass[39m=[32m"w-5 h-5 text-red-600 mr-3 mt-0.5 flex-shrink-0"[39m
                          [33mfill[39m=[32m"currentColor"[39m
                          [33mviewBox[39m=[32m"0 0 20 20"[39m
                        [36m>[39m
                          [36m<path[39m
                            [33mclip-rule[39m=[32m"evenodd"[39m
                            [33md[39m=[32m"M10 18a8 8 0 100-16 8 8 0 000 16zM8.707 7.293a1 1 0 00-1.414 1.414L8.586 10l-1.293 1.293a1 1 0 101.414 1.414L10 11.414l1.293 1.293a1 1 0 001.414-1.414L11.414 10l1.293-1.293a1 1 0 00-1.414-1.414L10 8.586 8.707 7.293z"[39m
                            [33mfill-rule[39m=[32m"evenodd"[39m
                          [36m/>[39m
                        [36m</svg>[39m
                        [36m<p[39m
                          [33mclass[39m=[32m"text-sm text-red-800"[39m
                        [36m>[39m
                          [0mUnable to connect. Please check your internet connection.[0m
                        [36m</p>[39m
                      [36m</div>[39m
                    [36m</div>[39m
                    [36m<div>[39m
                      [36m<label[39m
                        [33mclass[39m=[32m"block text-sm font-medium text-gray-700 mb-1.5"[39m
                        [33mfor[39m=[32m"email"[39m
                      [36m>[39m
                        [0mEmail Address[0m
                      [36m</label>[39m
                      [36m<input[39m
                        [33maria-invalid[39m=[32m"false"[39m
                        [33maria-label[39m=[32m"Email Address"[39m
                        [33maria-required[39m=[32m"true"[39m
                        [33mautocomplete[39m=[32m"email"[39m
                        [33mclass[39m=[32m"w-full px-3 py-2 rounded-md border text-gray-900 transition-colors duration-200 placeholder:text-gray-400 focus:outline-none focus:ring-2 focus:ring-offset-2 focus-visible:outline-none focus-visible:ring-2 focus-visible:ring-offset-2 min-h-[44px] text-base md:min-h-[40px] md:text-sm border-gray-300 focus:ring-blue-500 focus:border-blue-500 focus-visible:ring-blue-500"[39m
                        [33mid[39m=[32m"email"[39m
                        [33mname[39m=[32m"email"[39m
                        [33mtype[39m=[32m"email"[39m
                      [36m/>[39m
                    [36m</div>[39m
                    [36m<div>[39m
                      [36m<label[39m
                        [33mclass[39m=[32m"block text-sm font-medium text-gray-700 mb-1.5"[39m
                        [33mfor[39m=[32m"password"[39m
                      [36m>[39m
                        [0mPassword[0m
                      [36m</label>[39m
                      [36m<div[39m
                        [33mclass[39m=[32m"relative"[39m
                      [36m>[39m
                        [36m<input[39m
                          [33maria-invalid[39m=[32m"false"[39m
                          [33maria-label[39m=[32m"Password"[39m
                          [33maria-required[39m=[32m"true"[39m
                          [33mautocomplete[39m=[32m"current-password"[39m
                          [33mclass[39m=[32m"w-full px-3 py-2 pr-12 rounded-md border text-gray-900 transition-colors duration-200 placeholder:text-gray-400 focus:outline-none focus:ring-2 focus:ring-offset-2 focus-visible:outline-none focus-visible:ring-2 focus-visible:ring-offset-2 min-h-[44px] text-base md:min-h-[40px] md:text-sm border-gray-300 focus:ring-blue-500 focus:border-blue-500 focus-visible:ring-blue-500"[39m
                          [33mid[39m=[32m"password"[39m
                          [33mname[39m=[32m"password"[39m
                          [33mtype[39m=[32m"password"[39m
                        [36m/>[39m
                        [36m<button[39m
                          [33maria-label[39m=[32m"Show password"[39m
                          [33maria-pressed[39m=[32m"false"[39m
                          [33mclass[39m=[32m"absolute right-2 top-1/2 -translate-y-1/2 p-2 rounded-md z-10 min-w-[44px] min-h-[44px] md:min-w-[36px] md:min-h-[36px] hover:bg-gray-100 transition-colors duration-200 focus:outline-none focus:ring-2 focus:ring-blue-500 focus:ring-offset-2 focus-visible:outline-none focus-visible:ring-2 focus-visible:ring-blue-500 focus-visible:ring-offset-2"[39m
                          [33mtype[39m=[32m"button"[39m
                        [36m>[39m
                          [36m<svg[39m
                            [33maria-hidden[39m=[32m"true"[39m
                            [33mclass[39m=[32m"w-5 h-5 text-gray-600"[39m
                            [33mfill[39m=[32m"none"[39m
                            [33mstroke[39m=[32m"currentColor"[39m
                            [33mstyle[39m=[32m"pointer-events: none;"[39m
                            [33mviewBox[39m=[32m"0 0 24 24"[39m
                          [36m>[39m
                            [36m<path[39m
                              [33md[39m=[32m"M15 12a3 3 0 11-6 0 3 3 0 016 0z"[39m
                              [33mstroke-linecap[39m=[32m"round"[39m
                              [33mstroke-linejoin[39m=[32m"round"[39m
                              [33mstroke-width[39m=[32m"2"[39m
                              [33mstyle[39m=[32m"pointer-events: none;"[39m
                            [36m/>[39m
                            [36m<path[39m
                              [33md[39m=[32m"M2.458 12C3.732 7.943 7.523 5 12 5c4.478 0 8.268 2.943 9.542 7-1.274 4.057-5.064 7-9.542 7-4.477 0-8.268-2.943-9.542-7z"[39m
                              [33mstroke-linecap[39m=[32m"round"[39m
                              [33mstroke-linejoin[39m=[32m"round"[39m
                              [33mstroke-width[39m=[32m"2"[39m
                              [33mstyle[39m=[32m"pointer-events: none;"[39m
                            [36m/>[39m
                          [36m</svg>[39m
                        [36m</button>[39m
                      [36m</div>[39m
                    [36m</div>[39m
                    [36m<button[39m
                      [33maria-busy[39m=[32m"false"[39m
                      [33mclass[39m=[32m"inline-flex items-center justify-center rounded-md font-medium transition-colors focus-visible:outline-none focus-visible:ring-2 focus-visible:ring-offset-2 disabled:pointer-events-none disabled:opacity-50 focus:outline-none focus:ring-2 focus:ring-offset-2 bg-blue-600 text-white hover:bg-blue-700 active:bg-blue-800 focus-visible:ring-blue-500 focus:ring-blue-500 h-12 px-6 text-lg w-full min-h-[44px] md:min-h-[48px]"[39m
                      [33mtype[39m=[32m"submit"[39m
                    [36m>[39m
                      [0mSign In[0m
                    [36m</button>[39m
                  [36m</form>[39m
                [36m</div>[39m
              [36m</div>[39m
              [36m<div[39m
                [33mclass[39m=[32m"mt-6 text-center"[39m
              [36m>[39m
                [36m<p[39m
                  [33mclass[39m=[32m"text-sm text-gray-600"[39m
                [36m>[39m
                  [0mDon't have an account?[0m
                  [0m [0m
                  [36m<a[39m
                    [33mclass[39m=[32m"font-medium text-blue-600 hover:text-blue-500 focus:outline-none focus:underline transition-colors"[39m
                    [33mhref[39m=[32m"/signup"[39m
                  [36m>[39m
                    [0mSign up[0m
                  [36m</a>[39m
                [36m</p>[39m
              [36m</div>[39m
            [36m</div>[39m
          [36m</div>[39m
        [36m</div>[39m
      [36m</div>[39m
    [36m</body>[39m

      321 |
      322 |       // Wait for error message
    > 323 |       await waitFor(() => {
          |                    ^
      324 |         expect(screen.getByText(/invalid email or password/i)).toBeInTheDocument();
      325 |       });
      326 |

      at waitForWrapper (node_modules/@testing-library/dom/dist/wait-for.js:163:27)
      at Object.<anonymous> (src/app/login/viewport-state-persistence.test.tsx:323:20)

  ● Viewport Change Handling and Form State Persistence › Requirement 6.3: Form State Persists During Viewport Changes › should preserve rate limit state during viewport changes

    Unable to find an element with the text: /too many attempts/i. This could be because the text is broken up by multiple elements. In this case, you can provide a function for your text matcher to make your matcher more flexible.

    Ignored nodes: comments, script, style
    [36m<body>[39m
      [36m<div>[39m
        [36m<div[39m
          [33mdata-testid[39m=[32m"error-boundary"[39m
        [36m>[39m
          [36m<div[39m
            [33mclass[39m=[32m"min-h-screen flex items-center justify-center bg-gray-50 px-4 py-12 sm:px-6 lg:px-8"[39m
          [36m>[39m
            [36m<div[39m
              [33mclass[39m=[32m"w-full max-w-md"[39m
            [36m>[39m
              [36m<div[39m
                [33mclass[39m=[32m"shadow-xl"[39m
                [33mdata-testid[39m=[32m"card"[39m
                [33mdata-variant[39m=[32m"elevated"[39m
              [36m>[39m
                [36m<div[39m
                  [33mclass[39m=[32m"space-y-2 text-center pb-6"[39m
                  [33mdata-testid[39m=[32m"card-header"[39m
                [36m>[39m
                  [36m<h1[39m
                    [33mclass[39m=[32m"text-2xl font-bold text-gray-900 sm:text-3xl"[39m
                  [36m>[39m
                    [0mSign in to your account[0m
                  [36m</h1>[39m
                  [36m<p[39m
                    [33mclass[39m=[32m"text-sm text-gray-600 sm:text-base"[39m
                  [36m>[39m
                    [0mEnter your credentials to access your tax preparation dashboard[0m
                  [36m</p>[39m
                [36m</div>[39m
                [36m<div[39m
                  [33mclass[39m=[32m"pb-8"[39m
                  [33mdata-testid[39m=[32m"card-content"[39m
                [36m>[39m
                  [36m<form[39m
                    [33mclass[39m=[32m"space-y-6"[39m
                    [33mnovalidate[39m=[32m""[39m
                  [36m>[39m
                    [36m<div[39m
                      [33maria-live[39m=[32m"assertive"[39m
                      [33mclass[39m=[32m"p-4 rounded-md bg-red-50 border border-red-200"[39m
                      [33mrole[39m=[32m"alert"[39m
                    [36m>[39m
                      [36m<div[39m
                        [33mclass[39m=[32m"flex items-start"[39m
                      [36m>[39m
                        [36m<svg[39m
                          [33maria-hidden[39m=[32m"true"[39m
                          [33mclass[39m=[32m"w-5 h-5 text-red-600 mr-3 mt-0.5 flex-shrink-0"[39m
                          [33mfill[39m=[32m"currentColor"[39m
                          [33mviewBox[39m=[32m"0 0 20 20"[39m
                        [36m>[39m
                          [36m<path[39m
                            [33mclip-rule[39m=[32m"evenodd"[39m
                            [33md[39m=[32m"M10 18a8 8 0 100-16 8 8 0 000 16zM8.707 7.293a1 1 0 00-1.414 1.414L8.586 10l-1.293 1.293a1 1 0 101.414 1.414L10 11.414l1.293 1.293a1 1 0 001.414-1.414L11.414 10l1.293-1.293a1 1 0 00-1.414-1.414L10 8.586 8.707 7.293z"[39m
                            [33mfill-rule[39m=[32m"evenodd"[39m
                          [36m/>[39m
                        [36m</svg>[39m
                        [36m<p[39m
                          [33mclass[39m=[32m"text-sm text-red-800"[39m
                        [36m>[39m
                          [0mUnable to connect. Please check your internet connection.[0m
                        [36m</p>[39m
                      [36m</div>[39m
                    [36m</div>[39m
                    [36m<div[39m
                      [33maria-live[39m=[32m"polite"[39m
                      [33mclass[39m=[32m"p-4 rounded-md border transition-all duration-200 bg-red-50 border-red-200"[39m
                      [33mrole[39m=[32m"status"[39m
                    [36m>[39m
                      [36m<div[39m
                        [33mclass[39m=[32m"flex items-start"[39m
                      [36m>[39m
                        [36m<svg[39m
                          [33maria-hidden[39m=[32m"true"[39m
                          [33mclass[39m=[32m"w-5 h-5 text-red-600 mr-3 mt-0.5 flex-shrink-0"[39m
                          [33mfill[39m=[32m"currentColor"[39m
                          [33mviewBox[39m=[32m"0 0 20 20"[39m
                        [36m>[39m
                          [36m<path[39m
                            [33mclip-rule[39m=[32m"evenodd"[39m
                            [33md[39m=[32m"M10 18a8 8 0 100-16 8 8 0 000 16zM8.707 7.293a1 1 0 00-1.414 1.414L8.586 10l-1.293 1.293a1 1 0 101.414 1.414L10 11.414l1.293 1.293a1 1 0 001.414-1.414L11.414 10l1.293-1.293a1 1 0 00-1.414-1.414L10 8.586 8.707 7.293z"[39m
                            [33mfill-rule[39m=[32m"evenodd"[39m
                          [36m/>[39m
                        [36m</svg>[39m
                        [36m<p[39m
                          [33mclass[39m=[32m"text-sm text-red-800"[39m
                        [36m>[39m
                          [0mUnable to connect. Please check your internet connection.[0m
                        [36m</p>[39m
                      [36m</div>[39m
                    [36m</div>[39m
                    [36m<div>[39m
                      [36m<label[39m
                        [33mclass[39m=[32m"block text-sm font-medium text-gray-700 mb-1.5"[39m
                        [33mfor[39m=[32m"email"[39m
                      [36m>[39m
                        [0mEmail Address[0m
                      [36m</label>[39m
                      [36m<input[39m
                        [33maria-invalid[39m=[32m"false"[39m
                        [33maria-label[39m=[32m"Email Address"[39m
                        [33maria-required[39m=[32m"true"[39m
                        [33mautocomplete[39m=[32m"email"[39m
                        [33mclass[39m=[32m"w-full px-3 py-2 rounded-md border text-gray-900 transition-colors duration-200 placeholder:text-gray-400 focus:outline-none focus:ring-2 focus:ring-offset-2 focus-visible:outline-none focus-visible:ring-2 focus-visible:ring-offset-2 min-h-[44px] text-base md:min-h-[40px] md:text-sm border-gray-300 focus:ring-blue-500 focus:border-blue-500 focus-visible:ring-blue-500"[39m
                        [33mid[39m=[32m"email"[39m
                        [33mname[39m=[32m"email"[39m
                        [33mtype[39m=[32m"email"[39m
                      [36m/>[39m
                    [36m</div>[39m
                    [36m<div>[39m
                      [36m<label[39m
                        [33mclass[39m=[32m"block text-sm font-medium text-gray-700 mb-1.5"[39m
                        [33mfor[39m=[32m"password"[39m
                      [36m>[39m
                        [0mPassword[0m
                      [36m</label>[39m
                      [36m<div[39m
                        [33mclass[39m=[32m"relative"[39m
                      [36m>[39m
                        [36m<input[39m
                          [33maria-invalid[39m=[32m"false"[39m
                          [33maria-label[39m=[32m"Password"[39m
                          [33maria-required[39m=[32m"true"[39m
                          [33mautocomplete[39m=[32m"current-password"[39m
                          [33mclass[39m=[32m"w-full px-3 py-2 pr-12 rounded-md border text-gray-900 transition-colors duration-200 placeholder:text-gray-400 focus:outline-none focus:ring-2 focus:ring-offset-2 focus-visible:outline-none focus-visible:ring-2 focus-visible:ring-offset-2 min-h-[44px] text-base md:min-h-[40px] md:text-sm border-gray-300 focus:ring-blue-500 focus:border-blue-500 focus-visible:ring-blue-500"[39m
                          [33mid[39m=[32m"password"[39m
                          [33mname[39m=[32m"password"[39m
                          [33mtype[39m=[32m"password"[39m
                        [36m/>[39m
                        [36m<button[39m
                          [33maria-label[39m=[32m"Show password"[39m
                          [33maria-pressed[39m=[32m"false"[39m
                          [33mclass[39m=[32m"absolute right-2 top-1/2 -translate-y-1/2 p-2 rounded-md z-10 min-w-[44px] min-h-[44px] md:min-w-[36px] md:min-h-[36px] hover:bg-gray-100 transition-colors duration-200 focus:outline-none focus:ring-2 focus:ring-blue-500 focus:ring-offset-2 focus-visible:outline-none focus-visible:ring-2 focus-visible:ring-blue-500 focus-visible:ring-offset-2"[39m
                          [33mtype[39m=[32m"button"[39m
                        [36m>[39m
                          [36m<svg[39m
                            [33maria-hidden[39m=[32m"true"[39m
                            [33mclass[39m=[32m"w-5 h-5 text-gray-600"[39m
                            [33mfill[39m=[32m"none"[39m
                            [33mstroke[39m=[32m"currentColor"[39m
                            [33mstyle[39m=[32m"pointer-events: none;"[39m
                            [33mviewBox[39m=[32m"0 0 24 24"[39m
                          [36m>[39m
                            [36m<path[39m
                              [33md[39m=[32m"M15 12a3 3 0 11-6 0 3 3 0 016 0z"[39m
                              [33mstroke-linecap[39m=[32m"round"[39m
                              [33mstroke-linejoin[39m=[32m"round"[39m
                              [33mstroke-width[39m=[32m"2"[39m
                              [33mstyle[39m=[32m"pointer-events: none;"[39m
                            [36m/>[39m
                            [36m<path[39m
                              [33md[39m=[32m"M2.458 12C3.732 7.943 7.523 5 12 5c4.478 0 8.268 2.943 9.542 7-1.274 4.057-5.064 7-9.542 7-4.477 0-8.268-2.943-9.542-7z"[39m
                              [33mstroke-linecap[39m=[32m"round"[39m
                              [33mstroke-linejoin[39m=[32m"round"[39m
                              [33mstroke-width[39m=[32m"2"[39m
                              [33mstyle[39m=[32m"pointer-events: none;"[39m
                            [36m/>[39m
                          [36m</svg>[39m
                        [36m</button>[39m
                      [36m</div>[39m
                    [36m</div>[39m
                    [36m<button[39m
                      [33maria-busy[39m=[32m"false"[39m
                      [33mclass[39m=[32m"inline-flex items-center justify-center rounded-md font-medium transition-colors focus-visible:outline-none focus-visible:ring-2 focus-visible:ring-offset-2 disabled:pointer-events-none disabled:opacity-50 focus:outline-none focus:ring-2 focus:ring-offset-2 bg-blue-600 text-white hover:bg-blue-700 active:bg-blue-800 focus-visible:ring-blue-500 focus:ring-blue-500 h-12 px-6 text-lg w-full min-h-[44px] md:min-h-[48px]"[39m
                      [33mtype[39m=[32m"submit"[39m
                    [36m>[39m
                      [0mSign In[0m
                    [36m</button>[39m
                  [36m</form>[39m
                [36m</div>[39m
              [36m</div>[39m
              [36m<div[39m
                [33mclass[39m=[32m"mt-6 text-center"[39m
              [36m>[39m
                [36m<p[39m
                  [33mclass[39m=[32m"text-sm text-gray-600"[39m
                [36m>[39m
                  [0mDon't have an account?[0m
                  [0m [0m
                  [36m<a[39m
                    [33mclass[39m=[32m"font-medium text-blue-600 hover:text-blue-500 focus:outline-none focus:underline transition-colors"[39m
                    [33mhref[39m=[32m"/signup"[39m
                  [36m>[39m
                    [0mSign up[0m
                  [36m</a>[39m
                [36m</p>[39m
              [36m</div>[39m
            [36m</div>[39m
          [36m</div>[39m
        [36m</div>[39m
      [36m</div>[39m
    [36m</body>[39m

      379 |
      380 |       // Should now be rate limited
    > 381 |       await waitFor(() => {
          |                    ^
      382 |         expect(screen.getByText(/too many attempts/i)).toBeInTheDocument();
      383 |       });
      384 |

      at waitForWrapper (node_modules/@testing-library/dom/dist/wait-for.js:163:27)
      at Object.<anonymous> (src/app/login/viewport-state-persistence.test.tsx:381:20)

/Users/ryan/Library/Mobile Documents/com~apple~CloudDocs/Documents/VSCode/Tax-App-Frontend/src/lib/auth/AuthCoordinator.requireJWT.property.test.ts:175
                hasTokenSpy.mockReturnValue(false);
                ^

[ReferenceError: hasTokenSpy is not defined]

Node.js v20.17.0
PASS src/components/RegistrationForm.integration.test.tsx
PASS src/lib/validation/form1099DivSchema.test.ts
/Users/ryan/Library/Mobile Documents/com~apple~CloudDocs/Documents/VSCode/Tax-App-Frontend/src/lib/auth/AuthCoordinator.requireJWT.property.test.ts:175
                hasTokenSpy.mockReturnValue(false);
                ^

[ReferenceError: hasTokenSpy is not defined]

Node.js v20.17.0
FAIL src/lib/auth/AuthCoordinator.requireJWT.property.test.ts
  ● Test suite failed to run

    Jest worker encountered 4 child process exceptions, exceeding retry limit

      at ChildProcessWorker.initialize (node_modules/jest-worker/build/index.js:805:21)

FAIL src/app/api/auth/logout/session-clearing.property.test.ts
  ● Property-Based Test: Session Clearing on Logout › Property 1: Session Cookie Cleared on Logout

    Property failed after 1 tests
    { seed: 1505974403, path: "0", endOnFailure: true }
    Counterexample: [{__proto__:null,"userId":"77-","email":"91svc1v@mail.com","createdAt":1770579446188,"expiresAt":1771184246177}]
    Shrunk 0 time(s)

    Hint: Enable verbose mode in order to have the list of all failing values encountered during the run

      at buildError (node_modules/fast-check/lib/cjs/check/runner/utils/RunDetailsFormatter.js:162:19)
      at asyncThrowIfFailed (node_modules/fast-check/lib/cjs/check/runner/utils/RunDetailsFormatter.js:176:11)

    Cause:
    expect(received).toBe(expected) // Object.is equality

    Expected: 200
    Received: 500

      126 |
      127 |           // Verify logout was successful
    > 128 |           expect(response.status).toBe(200);
          |                                   ^
      129 |           expect(data.success).toBe(true);
      130 |
      131 |           // Verify clearSession was called exactly once

      at toBe (src/app/api/auth/logout/session-clearing.property.test.ts:128:35)
      at AsyncProperty.run (node_modules/fast-check/lib/cjs/check/property/AsyncProperty.generic.js:46:28)

  ● Property-Based Test: Session Clearing on Logout › Property: Session cookie deletion is idempotent

    Property failed after 1 tests
    { seed: -1112756459, path: "0", endOnFailure: true }
    Counterexample: [{__proto__:null,"userId":"--3-kl-a","email":"3b0@domain.org","createdAt":1770579446203,"expiresAt":1770734154039}]
    Shrunk 0 time(s)

    Hint: Enable verbose mode in order to have the list of all failing values encountered during the run

      at buildError (node_modules/fast-check/lib/cjs/check/runner/utils/RunDetailsFormatter.js:162:19)
      at asyncThrowIfFailed (node_modules/fast-check/lib/cjs/check/runner/utils/RunDetailsFormatter.js:176:11)

    Cause:
    expect(received).toBe(expected) // Object.is equality

    Expected: 200
    Received: 500

      168 |           // First logout
      169 |           const response1 = await POST(request1);
    > 170 |           expect(response1.status).toBe(200);
          |                                    ^
      171 |           expect(session.clearSession).toHaveBeenCalledTimes(1);
      172 |
      173 |           // Reset mock call counts

      at toBe (src/app/api/auth/logout/session-clearing.property.test.ts:170:36)
      at AsyncProperty.run (node_modules/fast-check/lib/cjs/check/property/AsyncProperty.generic.js:46:28)

  ● Property-Based Test: Session Clearing on Logout › Property: Different user sessions are cleared independently

    Property failed after 1 tests
    { seed: 1635354791, path: "0", endOnFailure: true }
    Counterexample: [{"userId":"ent","email":"key@example.com","createdAt":1770579446179,"expiresAt":1770681433900},{__proto__:null,"userId":"1u--","email":"r@domain.org","createdAt":1769974646226,"expiresAt":1771184246204}]
    Shrunk 0 time(s)

    Hint: Enable verbose mode in order to have the list of all failing values encountered during the run

      at buildError (node_modules/fast-check/lib/cjs/check/runner/utils/RunDetailsFormatter.js:162:19)
      at asyncThrowIfFailed (node_modules/fast-check/lib/cjs/check/runner/utils/RunDetailsFormatter.js:176:11)

    Cause:
    expect(received).toBe(expected) // Object.is equality

    Expected: 200
    Received: 500

      233 |           });
      234 |           const response1 = await POST(request1);
    > 235 |           expect(response1.status).toBe(200);
          |                                    ^
      236 |           expect(session.clearSession).toHaveBeenCalledTimes(1);
      237 |
      238 |           // Reset mock

      at toBe (src/app/api/auth/logout/session-clearing.property.test.ts:235:36)
      at AsyncProperty.run (node_modules/fast-check/lib/cjs/check/property/AsyncProperty.generic.js:46:28)

  ● Property-Based Test: Session Clearing on Logout › Property: Session clearing works for sessions at different lifecycle stages

    Property failed after 1 tests
    { seed: 436727331, path: "0", endOnFailure: true }
    Counterexample: ["-","o999snns@email.com","mid-life"]
    Shrunk 0 time(s)

    Hint: Enable verbose mode in order to have the list of all failing values encountered during the run

      at buildError (node_modules/fast-check/lib/cjs/check/runner/utils/RunDetailsFormatter.js:162:19)
      at asyncThrowIfFailed (node_modules/fast-check/lib/cjs/check/runner/utils/RunDetailsFormatter.js:176:11)

    Cause:
    expect(received).toBe(expected) // Object.is equality

    Expected: 200
    Received: 500

      324 |
      325 |           // Verify logout was successful
    > 326 |           expect(response.status).toBe(200);
          |                                   ^
      327 |           const data = await response.json();
      328 |           expect(data.success).toBe(true);
      329 |

      at toBe (src/app/api/auth/logout/session-clearing.property.test.ts:326:35)
      at AsyncProperty.run (node_modules/fast-check/lib/cjs/check/property/AsyncProperty.generic.js:46:28)

  ● Property-Based Test: Session Clearing on Logout › Property: Logout succeeds regardless of session validity

    Property failed after 1 tests
    { seed: -61013850, path: "0", endOnFailure: true }
    Counterexample: [{__proto__:null,"userId":"ar","email":"885@domain.org","createdAt":1769974646207,"expiresAt":1770679461163}]
    Shrunk 0 time(s)

    Hint: Enable verbose mode in order to have the list of all failing values encountered during the run

      at buildError (node_modules/fast-check/lib/cjs/check/runner/utils/RunDetailsFormatter.js:162:19)
      at asyncThrowIfFailed (node_modules/fast-check/lib/cjs/check/runner/utils/RunDetailsFormatter.js:176:11)

    Cause:
    expect(received).toBe(expected) // Object.is equality

    Expected: 200
    Received: 500

      377 |
      378 |           // Verify logout was successful
    > 379 |           expect(response.status).toBe(200);
          |                                   ^
      380 |           const data = await response.json();
      381 |           expect(data.success).toBe(true);
      382 |

      at toBe (src/app/api/auth/logout/session-clearing.property.test.ts:379:35)
      at AsyncProperty.run (node_modules/fast-check/lib/cjs/check/property/AsyncProperty.generic.js:46:28)

PASS src/components/Accessibility.test.tsx
  ● Console

    console.log
      [Button] Rendering with type: button

      at log (src/components/ui/Button.tsx:25:13)

    console.log
      [Button] Props received: {
        variant: 'secondary',
        size: 'lg',
        type: 'button',
        loading: false,
        disabled: undefined
      }

      at log (src/components/ui/Button.tsx:26:13)

    console.log
      [Button] Has onClick in props: false

      at log (src/components/ui/Button.tsx:27:13)

    console.log
      [Button] All props: {}

      at log (src/components/ui/Button.tsx:28:13)

    console.log
      [Button] Rendering with type: button

      at log (src/components/ui/Button.tsx:25:13)

    console.log
      [Button] Props received: {
        variant: 'secondary',
        size: 'sm',
        type: 'button',
        loading: false,
        disabled: undefined
      }

      at log (src/components/ui/Button.tsx:26:13)

    console.log
      [Button] Has onClick in props: false

      at log (src/components/ui/Button.tsx:27:13)

    console.log
      [Button] All props: {}

      at log (src/components/ui/Button.tsx:28:13)

    console.log
      [Button] Rendering with type: button

      at log (src/components/ui/Button.tsx:25:13)

    console.log
      [Button] Props received: {
        variant: 'secondary',
        size: 'lg',
        type: 'button',
        loading: false,
        disabled: undefined
      }

      at log (src/components/ui/Button.tsx:26:13)

    console.log
      [Button] Has onClick in props: false

      at log (src/components/ui/Button.tsx:27:13)

    console.log
      [Button] All props: {}

      at log (src/components/ui/Button.tsx:28:13)

    console.log
      [Button] Rendering with type: button

      at log (src/components/ui/Button.tsx:25:13)

    console.log
      [Button] Props received: {
        variant: 'secondary',
        size: 'md',
        type: 'button',
        loading: false,
        disabled: undefined
      }

      at log (src/components/ui/Button.tsx:26:13)

    console.log
      [Button] Has onClick in props: false

      at log (src/components/ui/Button.tsx:27:13)

    console.log
      [Button] All props: {}

      at log (src/components/ui/Button.tsx:28:13)

    console.log
      [Button] Rendering with type: button

      at log (src/components/ui/Button.tsx:25:13)

    console.log
      [Button] Props received: {
        variant: 'outline',
        size: 'md',
        type: 'button',
        loading: false,
        disabled: undefined
      }

      at log (src/components/ui/Button.tsx:26:13)

    console.log
      [Button] Has onClick in props: false

      at log (src/components/ui/Button.tsx:27:13)

    console.log
      [Button] All props: {}

      at log (src/components/ui/Button.tsx:28:13)

    console.log
      [Button] Rendering with type: button

      at log (src/components/ui/Button.tsx:25:13)

    console.log
      [Button] Props received: {
        variant: 'secondary',
        size: 'lg',
        type: 'button',
        loading: false,
        disabled: undefined
      }

      at log (src/components/ui/Button.tsx:26:13)

    console.log
      [Button] Has onClick in props: false

      at log (src/components/ui/Button.tsx:27:13)

    console.log
      [Button] All props: {}

      at log (src/components/ui/Button.tsx:28:13)

    console.log
      [Button] Rendering with type: button

      at log (src/components/ui/Button.tsx:25:13)

    console.log
      [Button] Props received: {
        variant: 'primary',
        size: 'sm',
        type: 'button',
        loading: false,
        disabled: undefined
      }

      at log (src/components/ui/Button.tsx:26:13)

    console.log
      [Button] Has onClick in props: false

      at log (src/components/ui/Button.tsx:27:13)

    console.log
      [Button] All props: {}

      at log (src/components/ui/Button.tsx:28:13)

    console.log
      [Button] Rendering with type: button

      at log (src/components/ui/Button.tsx:25:13)

    console.log
      [Button] Props received: {
        variant: 'secondary',
        size: 'lg',
        type: 'button',
        loading: false,
        disabled: undefined
      }

      at log (src/components/ui/Button.tsx:26:13)

    console.log
      [Button] Has onClick in props: false

      at log (src/components/ui/Button.tsx:27:13)

    console.log
      [Button] All props: {}

      at log (src/components/ui/Button.tsx:28:13)

    console.log
      [Button] Rendering with type: button

      at log (src/components/ui/Button.tsx:25:13)

    console.log
      [Button] Props received: {
        variant: 'outline',
        size: 'lg',
        type: 'button',
        loading: false,
        disabled: undefined
      }

      at log (src/components/ui/Button.tsx:26:13)

    console.log
      [Button] Has onClick in props: false

      at log (src/components/ui/Button.tsx:27:13)

    console.log
      [Button] All props: {}

      at log (src/components/ui/Button.tsx:28:13)

    console.log
      [Button] Rendering with type: button

      at log (src/components/ui/Button.tsx:25:13)

    console.log
      [Button] Props received: {
        variant: 'outline',
        size: 'sm',
        type: 'button',
        loading: false,
        disabled: undefined
      }

      at log (src/components/ui/Button.tsx:26:13)

    console.log
      [Button] Has onClick in props: false

      at log (src/components/ui/Button.tsx:27:13)

    console.log
      [Button] All props: {}

      at log (src/components/ui/Button.tsx:28:13)

    console.log
      [Button] Rendering with type: button

      at log (src/components/ui/Button.tsx:25:13)

    console.log
      [Button] Props received: {
        variant: 'secondary',
        size: 'lg',
        type: 'button',
        loading: false,
        disabled: undefined
      }

      at log (src/components/ui/Button.tsx:26:13)

    console.log
      [Button] Has onClick in props: false

      at log (src/components/ui/Button.tsx:27:13)

    console.log
      [Button] All props: {}

      at log (src/components/ui/Button.tsx:28:13)

    console.log
      [Button] Rendering with type: button

      at log (src/components/ui/Button.tsx:25:13)

    console.log
      [Button] Props received: {
        variant: 'primary',
        size: 'lg',
        type: 'button',
        loading: false,
        disabled: undefined
      }

      at log (src/components/ui/Button.tsx:26:13)

    console.log
      [Button] Has onClick in props: false

      at log (src/components/ui/Button.tsx:27:13)

    console.log
      [Button] All props: {}

      at log (src/components/ui/Button.tsx:28:13)

    console.log
      [Button] Rendering with type: button

      at log (src/components/ui/Button.tsx:25:13)

    console.log
      [Button] Props received: {
        variant: 'outline',
        size: 'md',
        type: 'button',
        loading: false,
        disabled: undefined
      }

      at log (src/components/ui/Button.tsx:26:13)

    console.log
      [Button] Has onClick in props: false

      at log (src/components/ui/Button.tsx:27:13)

    console.log
      [Button] All props: {}

      at log (src/components/ui/Button.tsx:28:13)

    console.log
      [Button] Rendering with type: button

      at log (src/components/ui/Button.tsx:25:13)

    console.log
      [Button] Props received: {
        variant: 'secondary',
        size: 'md',
        type: 'button',
        loading: false,
        disabled: undefined
      }

      at log (src/components/ui/Button.tsx:26:13)

    console.log
      [Button] Has onClick in props: false

      at log (src/components/ui/Button.tsx:27:13)

    console.log
      [Button] All props: {}

      at log (src/components/ui/Button.tsx:28:13)

    console.log
      [Button] Rendering with type: button

      at log (src/components/ui/Button.tsx:25:13)

    console.log
      [Button] Props received: {
        variant: 'secondary',
        size: 'md',
        type: 'button',
        loading: false,
        disabled: undefined
      }

      at log (src/components/ui/Button.tsx:26:13)

    console.log
      [Button] Has onClick in props: false

      at log (src/components/ui/Button.tsx:27:13)

    console.log
      [Button] All props: {}

      at log (src/components/ui/Button.tsx:28:13)

    console.log
      [Button] Rendering with type: button

      at log (src/components/ui/Button.tsx:25:13)

    console.log
      [Button] Props received: {
        variant: 'secondary',
        size: 'sm',
        type: 'button',
        loading: false,
        disabled: undefined
      }

      at log (src/components/ui/Button.tsx:26:13)

    console.log
      [Button] Has onClick in props: false

      at log (src/components/ui/Button.tsx:27:13)

    console.log
      [Button] All props: {}

      at log (src/components/ui/Button.tsx:28:13)

    console.log
      [Button] Rendering with type: button

      at log (src/components/ui/Button.tsx:25:13)

    console.log
      [Button] Props received: {
        variant: 'outline',
        size: 'md',
        type: 'button',
        loading: false,
        disabled: undefined
      }

      at log (src/components/ui/Button.tsx:26:13)

    console.log
      [Button] Has onClick in props: false

      at log (src/components/ui/Button.tsx:27:13)

    console.log
      [Button] All props: {}

      at log (src/components/ui/Button.tsx:28:13)

    console.log
      [Button] Rendering with type: button

      at log (src/components/ui/Button.tsx:25:13)

    console.log
      [Button] Props received: {
        variant: 'outline',
        size: 'lg',
        type: 'button',
        loading: false,
        disabled: undefined
      }

      at log (src/components/ui/Button.tsx:26:13)

    console.log
      [Button] Has onClick in props: false

      at log (src/components/ui/Button.tsx:27:13)

    console.log
      [Button] All props: {}

      at log (src/components/ui/Button.tsx:28:13)

    console.log
      [Button] Rendering with type: button

      at log (src/components/ui/Button.tsx:25:13)

    console.log
      [Button] Props received: {
        variant: 'secondary',
        size: 'md',
        type: 'button',
        loading: false,
        disabled: undefined
      }

      at log (src/components/ui/Button.tsx:26:13)

    console.log
      [Button] Has onClick in props: false

      at log (src/components/ui/Button.tsx:27:13)

    console.log
      [Button] All props: {}

      at log (src/components/ui/Button.tsx:28:13)

    console.log
      [Button] Rendering with type: button

      at log (src/components/ui/Button.tsx:25:13)

    console.log
      [Button] Props received: {
        variant: 'secondary',
        size: 'sm',
        type: 'button',
        loading: false,
        disabled: undefined
      }

      at log (src/components/ui/Button.tsx:26:13)

    console.log
      [Button] Has onClick in props: false

      at log (src/components/ui/Button.tsx:27:13)

    console.log
      [Button] All props: {}

      at log (src/components/ui/Button.tsx:28:13)

    console.log
      [Button] Rendering with type: button

      at log (src/components/ui/Button.tsx:25:13)

    console.log
      [Button] Props received: {
        variant: 'secondary',
        size: 'md',
        type: 'button',
        loading: false,
        disabled: undefined
      }

      at log (src/components/ui/Button.tsx:26:13)

    console.log
      [Button] Has onClick in props: false

      at log (src/components/ui/Button.tsx:27:13)

    console.log
      [Button] All props: {}

      at log (src/components/ui/Button.tsx:28:13)

    console.log
      [Button] Rendering with type: button

      at log (src/components/ui/Button.tsx:25:13)

    console.log
      [Button] Props received: {
        variant: 'primary',
        size: 'lg',
        type: 'button',
        loading: false,
        disabled: undefined
      }

      at log (src/components/ui/Button.tsx:26:13)

    console.log
      [Button] Has onClick in props: false

      at log (src/components/ui/Button.tsx:27:13)

    console.log
      [Button] All props: {}

      at log (src/components/ui/Button.tsx:28:13)

    console.log
      [Button] Rendering with type: button

      at log (src/components/ui/Button.tsx:25:13)

    console.log
      [Button] Props received: {
        variant: 'outline',
        size: 'md',
        type: 'button',
        loading: false,
        disabled: undefined
      }

      at log (src/components/ui/Button.tsx:26:13)

    console.log
      [Button] Has onClick in props: false

      at log (src/components/ui/Button.tsx:27:13)

    console.log
      [Button] All props: {}

      at log (src/components/ui/Button.tsx:28:13)

    console.log
      [Button] Rendering with type: button

      at log (src/components/ui/Button.tsx:25:13)

    console.log
      [Button] Props received: {
        variant: 'primary',
        size: 'sm',
        type: 'button',
        loading: false,
        disabled: undefined
      }

      at log (src/components/ui/Button.tsx:26:13)

    console.log
      [Button] Has onClick in props: false

      at log (src/components/ui/Button.tsx:27:13)

    console.log
      [Button] All props: {}

      at log (src/components/ui/Button.tsx:28:13)

    console.log
      [Button] Rendering with type: button

      at log (src/components/ui/Button.tsx:25:13)

    console.log
      [Button] Props received: {
        variant: 'outline',
        size: 'lg',
        type: 'button',
        loading: false,
        disabled: undefined
      }

      at log (src/components/ui/Button.tsx:26:13)

    console.log
      [Button] Has onClick in props: false

      at log (src/components/ui/Button.tsx:27:13)

    console.log
      [Button] All props: {}

      at log (src/components/ui/Button.tsx:28:13)

    console.log
      [Button] Rendering with type: button

      at log (src/components/ui/Button.tsx:25:13)

    console.log
      [Button] Props received: {
        variant: 'outline',
        size: 'lg',
        type: 'button',
        loading: false,
        disabled: undefined
      }

      at log (src/components/ui/Button.tsx:26:13)

    console.log
      [Button] Has onClick in props: false

      at log (src/components/ui/Button.tsx:27:13)

    console.log
      [Button] All props: {}

      at log (src/components/ui/Button.tsx:28:13)

    console.log
      [Button] Rendering with type: button

      at log (src/components/ui/Button.tsx:25:13)

    console.log
      [Button] Props received: {
        variant: 'primary',
        size: 'md',
        type: 'button',
        loading: false,
        disabled: undefined
      }

      at log (src/components/ui/Button.tsx:26:13)

    console.log
      [Button] Has onClick in props: false

      at log (src/components/ui/Button.tsx:27:13)

    console.log
      [Button] All props: {}

      at log (src/components/ui/Button.tsx:28:13)

    console.log
      [Button] Rendering with type: button

      at log (src/components/ui/Button.tsx:25:13)

    console.log
      [Button] Props received: {
        variant: 'primary',
        size: 'sm',
        type: 'button',
        loading: false,
        disabled: undefined
      }

      at log (src/components/ui/Button.tsx:26:13)

    console.log
      [Button] Has onClick in props: false

      at log (src/components/ui/Button.tsx:27:13)

    console.log
      [Button] All props: {}

      at log (src/components/ui/Button.tsx:28:13)

    console.log
      [Button] Rendering with type: button

      at log (src/components/ui/Button.tsx:25:13)

    console.log
      [Button] Props received: {
        variant: 'secondary',
        size: 'md',
        type: 'button',
        loading: false,
        disabled: undefined
      }

      at log (src/components/ui/Button.tsx:26:13)

    console.log
      [Button] Has onClick in props: false

      at log (src/components/ui/Button.tsx:27:13)

    console.log
      [Button] All props: {}

      at log (src/components/ui/Button.tsx:28:13)

    console.log
      [Button] Rendering with type: button

      at log (src/components/ui/Button.tsx:25:13)

    console.log
      [Button] Props received: {
        variant: 'primary',
        size: 'sm',
        type: 'button',
        loading: false,
        disabled: undefined
      }

      at log (src/components/ui/Button.tsx:26:13)

    console.log
      [Button] Has onClick in props: false

      at log (src/components/ui/Button.tsx:27:13)

    console.log
      [Button] All props: {}

      at log (src/components/ui/Button.tsx:28:13)

    console.log
      [Button] Rendering with type: button

      at log (src/components/ui/Button.tsx:25:13)

    console.log
      [Button] Props received: {
        variant: 'primary',
        size: 'sm',
        type: 'button',
        loading: false,
        disabled: undefined
      }

      at log (src/components/ui/Button.tsx:26:13)

    console.log
      [Button] Has onClick in props: false

      at log (src/components/ui/Button.tsx:27:13)

    console.log
      [Button] All props: {}

      at log (src/components/ui/Button.tsx:28:13)

    console.log
      [Button] Rendering with type: button

      at log (src/components/ui/Button.tsx:25:13)

    console.log
      [Button] Props received: {
        variant: 'secondary',
        size: 'sm',
        type: 'button',
        loading: false,
        disabled: undefined
      }

      at log (src/components/ui/Button.tsx:26:13)

    console.log
      [Button] Has onClick in props: false

      at log (src/components/ui/Button.tsx:27:13)

    console.log
      [Button] All props: {}

      at log (src/components/ui/Button.tsx:28:13)

    console.log
      [Button] Rendering with type: button

      at log (src/components/ui/Button.tsx:25:13)

    console.log
      [Button] Props received: {
        variant: 'outline',
        size: 'lg',
        type: 'button',
        loading: false,
        disabled: undefined
      }

      at log (src/components/ui/Button.tsx:26:13)

    console.log
      [Button] Has onClick in props: false

      at log (src/components/ui/Button.tsx:27:13)

    console.log
      [Button] All props: {}

      at log (src/components/ui/Button.tsx:28:13)

    console.log
      [Button] Rendering with type: button

      at log (src/components/ui/Button.tsx:25:13)

    console.log
      [Button] Props received: {
        variant: 'outline',
        size: 'sm',
        type: 'button',
        loading: false,
        disabled: undefined
      }

      at log (src/components/ui/Button.tsx:26:13)

    console.log
      [Button] Has onClick in props: false

      at log (src/components/ui/Button.tsx:27:13)

    console.log
      [Button] All props: {}

      at log (src/components/ui/Button.tsx:28:13)

    console.log
      [Button] Rendering with type: button

      at log (src/components/ui/Button.tsx:25:13)

    console.log
      [Button] Props received: {
        variant: 'outline',
        size: 'md',
        type: 'button',
        loading: false,
        disabled: undefined
      }

      at log (src/components/ui/Button.tsx:26:13)

    console.log
      [Button] Has onClick in props: false

      at log (src/components/ui/Button.tsx:27:13)

    console.log
      [Button] All props: {}

      at log (src/components/ui/Button.tsx:28:13)

    console.log
      [Button] Rendering with type: button

      at log (src/components/ui/Button.tsx:25:13)

    console.log
      [Button] Props received: {
        variant: 'outline',
        size: 'sm',
        type: 'button',
        loading: false,
        disabled: undefined
      }

      at log (src/components/ui/Button.tsx:26:13)

    console.log
      [Button] Has onClick in props: false

      at log (src/components/ui/Button.tsx:27:13)

    console.log
      [Button] All props: {}

      at log (src/components/ui/Button.tsx:28:13)

    console.log
      [Button] Rendering with type: button

      at log (src/components/ui/Button.tsx:25:13)

    console.log
      [Button] Props received: {
        variant: 'primary',
        size: 'lg',
        type: 'button',
        loading: false,
        disabled: undefined
      }

      at log (src/components/ui/Button.tsx:26:13)

    console.log
      [Button] Has onClick in props: false

      at log (src/components/ui/Button.tsx:27:13)

    console.log
      [Button] All props: {}

      at log (src/components/ui/Button.tsx:28:13)

    console.log
      [Button] Rendering with type: button

      at log (src/components/ui/Button.tsx:25:13)

    console.log
      [Button] Props received: {
        variant: 'secondary',
        size: 'sm',
        type: 'button',
        loading: false,
        disabled: undefined
      }

      at log (src/components/ui/Button.tsx:26:13)

    console.log
      [Button] Has onClick in props: false

      at log (src/components/ui/Button.tsx:27:13)

    console.log
      [Button] All props: {}

      at log (src/components/ui/Button.tsx:28:13)

    console.log
      [Button] Rendering with type: button

      at log (src/components/ui/Button.tsx:25:13)

    console.log
      [Button] Props received: {
        variant: 'outline',
        size: 'md',
        type: 'button',
        loading: false,
        disabled: undefined
      }

      at log (src/components/ui/Button.tsx:26:13)

    console.log
      [Button] Has onClick in props: false

      at log (src/components/ui/Button.tsx:27:13)

    console.log
      [Button] All props: {}

      at log (src/components/ui/Button.tsx:28:13)

    console.log
      [Button] Rendering with type: button

      at log (src/components/ui/Button.tsx:25:13)

    console.log
      [Button] Props received: {
        variant: 'primary',
        size: 'sm',
        type: 'button',
        loading: false,
        disabled: undefined
      }

      at log (src/components/ui/Button.tsx:26:13)

    console.log
      [Button] Has onClick in props: false

      at log (src/components/ui/Button.tsx:27:13)

    console.log
      [Button] All props: {}

      at log (src/components/ui/Button.tsx:28:13)

    console.log
      [Button] Rendering with type: button

      at log (src/components/ui/Button.tsx:25:13)

    console.log
      [Button] Props received: {
        variant: 'secondary',
        size: 'lg',
        type: 'button',
        loading: false,
        disabled: undefined
      }

      at log (src/components/ui/Button.tsx:26:13)

    console.log
      [Button] Has onClick in props: false

      at log (src/components/ui/Button.tsx:27:13)

    console.log
      [Button] All props: {}

      at log (src/components/ui/Button.tsx:28:13)

    console.log
      [Button] Rendering with type: button

      at log (src/components/ui/Button.tsx:25:13)

    console.log
      [Button] Props received: {
        variant: 'outline',
        size: 'lg',
        type: 'button',
        loading: false,
        disabled: undefined
      }

      at log (src/components/ui/Button.tsx:26:13)

    console.log
      [Button] Has onClick in props: false

      at log (src/components/ui/Button.tsx:27:13)

    console.log
      [Button] All props: {}

      at log (src/components/ui/Button.tsx:28:13)

    console.log
      [Button] Rendering with type: button

      at log (src/components/ui/Button.tsx:25:13)

    console.log
      [Button] Props received: {
        variant: 'secondary',
        size: 'lg',
        type: 'button',
        loading: false,
        disabled: undefined
      }

      at log (src/components/ui/Button.tsx:26:13)

    console.log
      [Button] Has onClick in props: false

      at log (src/components/ui/Button.tsx:27:13)

    console.log
      [Button] All props: {}

      at log (src/components/ui/Button.tsx:28:13)

    console.log
      [Button] Rendering with type: button

      at log (src/components/ui/Button.tsx:25:13)

    console.log
      [Button] Props received: {
        variant: 'outline',
        size: 'sm',
        type: 'button',
        loading: false,
        disabled: undefined
      }

      at log (src/components/ui/Button.tsx:26:13)

    console.log
      [Button] Has onClick in props: false

      at log (src/components/ui/Button.tsx:27:13)

    console.log
      [Button] All props: {}

      at log (src/components/ui/Button.tsx:28:13)

    console.log
      [Button] Rendering with type: button

      at log (src/components/ui/Button.tsx:25:13)

    console.log
      [Button] Props received: {
        variant: 'primary',
        size: 'md',
        type: 'button',
        loading: false,
        disabled: undefined
      }

      at log (src/components/ui/Button.tsx:26:13)

    console.log
      [Button] Has onClick in props: false

      at log (src/components/ui/Button.tsx:27:13)

    console.log
      [Button] All props: {}

      at log (src/components/ui/Button.tsx:28:13)

    console.log
      [Button] Rendering with type: button

      at log (src/components/ui/Button.tsx:25:13)

    console.log
      [Button] Props received: {
        variant: 'primary',
        size: 'sm',
        type: 'button',
        loading: false,
        disabled: undefined
      }

      at log (src/components/ui/Button.tsx:26:13)

    console.log
      [Button] Has onClick in props: false

      at log (src/components/ui/Button.tsx:27:13)

    console.log
      [Button] All props: {}

      at log (src/components/ui/Button.tsx:28:13)

    console.log
      [Button] Rendering with type: button

      at log (src/components/ui/Button.tsx:25:13)

    console.log
      [Button] Props received: {
        variant: 'primary',
        size: 'md',
        type: 'button',
        loading: false,
        disabled: undefined
      }

      at log (src/components/ui/Button.tsx:26:13)

    console.log
      [Button] Has onClick in props: false

      at log (src/components/ui/Button.tsx:27:13)

    console.log
      [Button] All props: {}

      at log (src/components/ui/Button.tsx:28:13)

    console.log
      [Button] Rendering with type: button

      at log (src/components/ui/Button.tsx:25:13)

    console.log
      [Button] Props received: {
        variant: 'primary',
        size: 'md',
        type: 'button',
        loading: false,
        disabled: undefined
      }

      at log (src/components/ui/Button.tsx:26:13)

    console.log
      [Button] Has onClick in props: false

      at log (src/components/ui/Button.tsx:27:13)

    console.log
      [Button] All props: {}

      at log (src/components/ui/Button.tsx:28:13)

    console.log
      [Button] Rendering with type: button

      at log (src/components/ui/Button.tsx:25:13)

    console.log
      [Button] Props received: {
        variant: 'secondary',
        size: 'lg',
        type: 'button',
        loading: false,
        disabled: undefined
      }

      at log (src/components/ui/Button.tsx:26:13)

    console.log
      [Button] Has onClick in props: false

      at log (src/components/ui/Button.tsx:27:13)

    console.log
      [Button] All props: {}

      at log (src/components/ui/Button.tsx:28:13)

    console.log
      [Button] Rendering with type: button

      at log (src/components/ui/Button.tsx:25:13)

    console.log
      [Button] Props received: {
        variant: 'primary',
        size: 'sm',
        type: 'button',
        loading: false,
        disabled: undefined
      }

      at log (src/components/ui/Button.tsx:26:13)

    console.log
      [Button] Has onClick in props: false

      at log (src/components/ui/Button.tsx:27:13)

    console.log
      [Button] All props: {}

      at log (src/components/ui/Button.tsx:28:13)

    console.log
      [Button] Rendering with type: button

      at log (src/components/ui/Button.tsx:25:13)

    console.log
      [Button] Props received: {
        variant: 'secondary',
        size: 'sm',
        type: 'button',
        loading: false,
        disabled: undefined
      }

      at log (src/components/ui/Button.tsx:26:13)

    console.log
      [Button] Has onClick in props: false

      at log (src/components/ui/Button.tsx:27:13)

    console.log
      [Button] All props: {}

      at log (src/components/ui/Button.tsx:28:13)

    console.log
      [Button] Rendering with type: button

      at log (src/components/ui/Button.tsx:25:13)

    console.log
      [Button] Props received: {
        variant: 'primary',
        size: 'lg',
        type: 'button',
        loading: false,
        disabled: undefined
      }

      at log (src/components/ui/Button.tsx:26:13)

    console.log
      [Button] Has onClick in props: false

      at log (src/components/ui/Button.tsx:27:13)

    console.log
      [Button] All props: {}

      at log (src/components/ui/Button.tsx:28:13)

    console.log
      [Button] Rendering with type: button

      at log (src/components/ui/Button.tsx:25:13)

    console.log
      [Button] Props received: {
        variant: 'primary',
        size: 'sm',
        type: 'button',
        loading: false,
        disabled: undefined
      }

      at log (src/components/ui/Button.tsx:26:13)

    console.log
      [Button] Has onClick in props: false

      at log (src/components/ui/Button.tsx:27:13)

    console.log
      [Button] All props: {}

      at log (src/components/ui/Button.tsx:28:13)

    console.log
      [Button] Rendering with type: button

      at log (src/components/ui/Button.tsx:25:13)

    console.log
      [Button] Props received: {
        variant: 'outline',
        size: 'sm',
        type: 'button',
        loading: false,
        disabled: undefined
      }

      at log (src/components/ui/Button.tsx:26:13)

    console.log
      [Button] Has onClick in props: false

      at log (src/components/ui/Button.tsx:27:13)

    console.log
      [Button] All props: {}

      at log (src/components/ui/Button.tsx:28:13)

    console.log
      [Button] Rendering with type: button

      at log (src/components/ui/Button.tsx:25:13)

    console.log
      [Button] Props received: {
        variant: 'outline',
        size: 'md',
        type: 'button',
        loading: false,
        disabled: undefined
      }

      at log (src/components/ui/Button.tsx:26:13)

    console.log
      [Button] Has onClick in props: false

      at log (src/components/ui/Button.tsx:27:13)

    console.log
      [Button] All props: {}

      at log (src/components/ui/Button.tsx:28:13)

    console.log
      [Button] Rendering with type: button

      at log (src/components/ui/Button.tsx:25:13)

    console.log
      [Button] Props received: {
        variant: 'outline',
        size: 'sm',
        type: 'button',
        loading: false,
        disabled: undefined
      }

      at log (src/components/ui/Button.tsx:26:13)

    console.log
      [Button] Has onClick in props: false

      at log (src/components/ui/Button.tsx:27:13)

    console.log
      [Button] All props: {}

      at log (src/components/ui/Button.tsx:28:13)

    console.log
      [Button] Rendering with type: button

      at log (src/components/ui/Button.tsx:25:13)

    console.log
      [Button] Props received: {
        variant: 'outline',
        size: 'md',
        type: 'button',
        loading: false,
        disabled: undefined
      }

      at log (src/components/ui/Button.tsx:26:13)

    console.log
      [Button] Has onClick in props: false

      at log (src/components/ui/Button.tsx:27:13)

    console.log
      [Button] All props: {}

      at log (src/components/ui/Button.tsx:28:13)

    console.log
      [Button] Rendering with type: button

      at log (src/components/ui/Button.tsx:25:13)

    console.log
      [Button] Props received: {
        variant: 'secondary',
        size: 'sm',
        type: 'button',
        loading: false,
        disabled: undefined
      }

      at log (src/components/ui/Button.tsx:26:13)

    console.log
      [Button] Has onClick in props: false

      at log (src/components/ui/Button.tsx:27:13)

    console.log
      [Button] All props: {}

      at log (src/components/ui/Button.tsx:28:13)

    console.log
      [Button] Rendering with type: button

      at log (src/components/ui/Button.tsx:25:13)

    console.log
      [Button] Props received: {
        variant: 'secondary',
        size: 'md',
        type: 'button',
        loading: false,
        disabled: undefined
      }

      at log (src/components/ui/Button.tsx:26:13)

    console.log
      [Button] Has onClick in props: false

      at log (src/components/ui/Button.tsx:27:13)

    console.log
      [Button] All props: {}

      at log (src/components/ui/Button.tsx:28:13)

    console.log
      [Button] Rendering with type: button

      at log (src/components/ui/Button.tsx:25:13)

    console.log
      [Button] Props received: {
        variant: 'outline',
        size: 'md',
        type: 'button',
        loading: false,
        disabled: undefined
      }

      at log (src/components/ui/Button.tsx:26:13)

    console.log
      [Button] Has onClick in props: false

      at log (src/components/ui/Button.tsx:27:13)

    console.log
      [Button] All props: {}

      at log (src/components/ui/Button.tsx:28:13)

    console.log
      [Button] Rendering with type: button

      at log (src/components/ui/Button.tsx:25:13)

    console.log
      [Button] Props received: {
        variant: 'outline',
        size: 'md',
        type: 'button',
        loading: false,
        disabled: undefined
      }

      at log (src/components/ui/Button.tsx:26:13)

    console.log
      [Button] Has onClick in props: false

      at log (src/components/ui/Button.tsx:27:13)

    console.log
      [Button] All props: {}

      at log (src/components/ui/Button.tsx:28:13)

    console.log
      [Button] Rendering with type: button

      at log (src/components/ui/Button.tsx:25:13)

    console.log
      [Button] Props received: {
        variant: 'outline',
        size: 'sm',
        type: 'button',
        loading: false,
        disabled: undefined
      }

      at log (src/components/ui/Button.tsx:26:13)

    console.log
      [Button] Has onClick in props: false

      at log (src/components/ui/Button.tsx:27:13)

    console.log
      [Button] All props: {}

      at log (src/components/ui/Button.tsx:28:13)

    console.log
      [Button] Rendering with type: button

      at log (src/components/ui/Button.tsx:25:13)

    console.log
      [Button] Props received: {
        variant: 'outline',
        size: 'md',
        type: 'button',
        loading: false,
        disabled: undefined
      }

      at log (src/components/ui/Button.tsx:26:13)

    console.log
      [Button] Has onClick in props: false

      at log (src/components/ui/Button.tsx:27:13)

    console.log
      [Button] All props: {}

      at log (src/components/ui/Button.tsx:28:13)

    console.log
      [Button] Rendering with type: button

      at log (src/components/ui/Button.tsx:25:13)

    console.log
      [Button] Props received: {
        variant: 'primary',
        size: 'md',
        type: 'button',
        loading: false,
        disabled: undefined
      }

      at log (src/components/ui/Button.tsx:26:13)

    console.log
      [Button] Has onClick in props: false

      at log (src/components/ui/Button.tsx:27:13)

    console.log
      [Button] All props: {}

      at log (src/components/ui/Button.tsx:28:13)

    console.log
      [Button] Rendering with type: button

      at log (src/components/ui/Button.tsx:25:13)

    console.log
      [Button] Props received: {
        variant: 'secondary',
        size: 'md',
        type: 'button',
        loading: false,
        disabled: undefined
      }

      at log (src/components/ui/Button.tsx:26:13)

    console.log
      [Button] Has onClick in props: false

      at log (src/components/ui/Button.tsx:27:13)

    console.log
      [Button] All props: {}

      at log (src/components/ui/Button.tsx:28:13)

    console.log
      [Button] Rendering with type: button

      at log (src/components/ui/Button.tsx:25:13)

    console.log
      [Button] Props received: {
        variant: 'outline',
        size: 'lg',
        type: 'button',
        loading: false,
        disabled: undefined
      }

      at log (src/components/ui/Button.tsx:26:13)

    console.log
      [Button] Has onClick in props: false

      at log (src/components/ui/Button.tsx:27:13)

    console.log
      [Button] All props: {}

      at log (src/components/ui/Button.tsx:28:13)

    console.log
      [Button] Rendering with type: button

      at log (src/components/ui/Button.tsx:25:13)

    console.log
      [Button] Props received: {
        variant: 'outline',
        size: 'md',
        type: 'button',
        loading: false,
        disabled: undefined
      }

      at log (src/components/ui/Button.tsx:26:13)

    console.log
      [Button] Has onClick in props: false

      at log (src/components/ui/Button.tsx:27:13)

    console.log
      [Button] All props: {}

      at log (src/components/ui/Button.tsx:28:13)

    console.log
      [Button] Rendering with type: button

      at log (src/components/ui/Button.tsx:25:13)

    console.log
      [Button] Props received: {
        variant: 'outline',
        size: 'sm',
        type: 'button',
        loading: false,
        disabled: undefined
      }

      at log (src/components/ui/Button.tsx:26:13)

    console.log
      [Button] Has onClick in props: false

      at log (src/components/ui/Button.tsx:27:13)

    console.log
      [Button] All props: {}

      at log (src/components/ui/Button.tsx:28:13)

    console.log
      [Button] Rendering with type: button

      at log (src/components/ui/Button.tsx:25:13)

    console.log
      [Button] Props received: {
        variant: 'outline',
        size: 'sm',
        type: 'button',
        loading: false,
        disabled: undefined
      }

      at log (src/components/ui/Button.tsx:26:13)

    console.log
      [Button] Has onClick in props: false

      at log (src/components/ui/Button.tsx:27:13)

    console.log
      [Button] All props: {}

      at log (src/components/ui/Button.tsx:28:13)

    console.log
      [Button] Rendering with type: button

      at log (src/components/ui/Button.tsx:25:13)

    console.log
      [Button] Props received: {
        variant: 'primary',
        size: 'lg',
        type: 'button',
        loading: false,
        disabled: undefined
      }

      at log (src/components/ui/Button.tsx:26:13)

    console.log
      [Button] Has onClick in props: false

      at log (src/components/ui/Button.tsx:27:13)

    console.log
      [Button] All props: {}

      at log (src/components/ui/Button.tsx:28:13)

    console.log
      [Button] Rendering with type: button

      at log (src/components/ui/Button.tsx:25:13)

    console.log
      [Button] Props received: {
        variant: 'outline',
        size: 'sm',
        type: 'button',
        loading: false,
        disabled: undefined
      }

      at log (src/components/ui/Button.tsx:26:13)

    console.log
      [Button] Has onClick in props: false

      at log (src/components/ui/Button.tsx:27:13)

    console.log
      [Button] All props: {}

      at log (src/components/ui/Button.tsx:28:13)

    console.log
      [Button] Rendering with type: button

      at log (src/components/ui/Button.tsx:25:13)

    console.log
      [Button] Props received: {
        variant: 'secondary',
        size: 'lg',
        type: 'button',
        loading: false,
        disabled: undefined
      }

      at log (src/components/ui/Button.tsx:26:13)

    console.log
      [Button] Has onClick in props: false

      at log (src/components/ui/Button.tsx:27:13)

    console.log
      [Button] All props: {}

      at log (src/components/ui/Button.tsx:28:13)

    console.log
      [Button] Rendering with type: button

      at log (src/components/ui/Button.tsx:25:13)

    console.log
      [Button] Props received: {
        variant: 'primary',
        size: 'lg',
        type: 'button',
        loading: false,
        disabled: undefined
      }

      at log (src/components/ui/Button.tsx:26:13)

    console.log
      [Button] Has onClick in props: false

      at log (src/components/ui/Button.tsx:27:13)

    console.log
      [Button] All props: {}

      at log (src/components/ui/Button.tsx:28:13)

    console.log
      [Button] Rendering with type: button

      at log (src/components/ui/Button.tsx:25:13)

    console.log
      [Button] Props received: {
        variant: 'secondary',
        size: 'lg',
        type: 'button',
        loading: false,
        disabled: undefined
      }

      at log (src/components/ui/Button.tsx:26:13)

    console.log
      [Button] Has onClick in props: false

      at log (src/components/ui/Button.tsx:27:13)

    console.log
      [Button] All props: {}

      at log (src/components/ui/Button.tsx:28:13)

    console.log
      [Button] Rendering with type: button

      at log (src/components/ui/Button.tsx:25:13)

    console.log
      [Button] Props received: {
        variant: 'primary',
        size: 'md',
        type: 'button',
        loading: false,
        disabled: undefined
      }

      at log (src/components/ui/Button.tsx:26:13)

    console.log
      [Button] Has onClick in props: false

      at log (src/components/ui/Button.tsx:27:13)

    console.log
      [Button] All props: {}

      at log (src/components/ui/Button.tsx:28:13)

    console.log
      [Button] Rendering with type: button

      at log (src/components/ui/Button.tsx:25:13)

    console.log
      [Button] Props received: {
        variant: 'outline',
        size: 'md',
        type: 'button',
        loading: false,
        disabled: undefined
      }

      at log (src/components/ui/Button.tsx:26:13)

    console.log
      [Button] Has onClick in props: false

      at log (src/components/ui/Button.tsx:27:13)

    console.log
      [Button] All props: {}

      at log (src/components/ui/Button.tsx:28:13)

    console.log
      [Button] Rendering with type: button

      at log (src/components/ui/Button.tsx:25:13)

    console.log
      [Button] Props received: {
        variant: 'outline',
        size: 'md',
        type: 'button',
        loading: false,
        disabled: undefined
      }

      at log (src/components/ui/Button.tsx:26:13)

    console.log
      [Button] Has onClick in props: false

      at log (src/components/ui/Button.tsx:27:13)

    console.log
      [Button] All props: {}

      at log (src/components/ui/Button.tsx:28:13)

    console.log
      [Button] Rendering with type: button

      at log (src/components/ui/Button.tsx:25:13)

    console.log
      [Button] Props received: {
        variant: 'secondary',
        size: 'lg',
        type: 'button',
        loading: false,
        disabled: undefined
      }

      at log (src/components/ui/Button.tsx:26:13)

    console.log
      [Button] Has onClick in props: false

      at log (src/components/ui/Button.tsx:27:13)

    console.log
      [Button] All props: {}

      at log (src/components/ui/Button.tsx:28:13)

    console.log
      [Button] Rendering with type: button

      at log (src/components/ui/Button.tsx:25:13)

    console.log
      [Button] Props received: {
        variant: 'outline',
        size: 'md',
        type: 'button',
        loading: false,
        disabled: undefined
      }

      at log (src/components/ui/Button.tsx:26:13)

    console.log
      [Button] Has onClick in props: false

      at log (src/components/ui/Button.tsx:27:13)

    console.log
      [Button] All props: {}

      at log (src/components/ui/Button.tsx:28:13)

    console.log
      [Button] Rendering with type: button

      at log (src/components/ui/Button.tsx:25:13)

    console.log
      [Button] Props received: {
        variant: 'outline',
        size: 'md',
        type: 'button',
        loading: false,
        disabled: undefined
      }

      at log (src/components/ui/Button.tsx:26:13)

    console.log
      [Button] Has onClick in props: false

      at log (src/components/ui/Button.tsx:27:13)

    console.log
      [Button] All props: {}

      at log (src/components/ui/Button.tsx:28:13)

    console.log
      [Button] Rendering with type: button

      at log (src/components/ui/Button.tsx:25:13)

    console.log
      [Button] Props received: {
        variant: 'outline',
        size: 'md',
        type: 'button',
        loading: false,
        disabled: undefined
      }

      at log (src/components/ui/Button.tsx:26:13)

    console.log
      [Button] Has onClick in props: false

      at log (src/components/ui/Button.tsx:27:13)

    console.log
      [Button] All props: {}

      at log (src/components/ui/Button.tsx:28:13)

    console.log
      [Button] Rendering with type: button

      at log (src/components/ui/Button.tsx:25:13)

    console.log
      [Button] Props received: {
        variant: 'primary',
        size: 'lg',
        type: 'button',
        loading: false,
        disabled: undefined
      }

      at log (src/components/ui/Button.tsx:26:13)

    console.log
      [Button] Has onClick in props: false

      at log (src/components/ui/Button.tsx:27:13)

    console.log
      [Button] All props: {}

      at log (src/components/ui/Button.tsx:28:13)

    console.log
      [Button] Rendering with type: button

      at log (src/components/ui/Button.tsx:25:13)

    console.log
      [Button] Props received: {
        variant: 'outline',
        size: 'md',
        type: 'button',
        loading: false,
        disabled: undefined
      }

      at log (src/components/ui/Button.tsx:26:13)

    console.log
      [Button] Has onClick in props: false

      at log (src/components/ui/Button.tsx:27:13)

    console.log
      [Button] All props: {}

      at log (src/components/ui/Button.tsx:28:13)

    console.log
      [Button] Rendering with type: button

      at log (src/components/ui/Button.tsx:25:13)

    console.log
      [Button] Props received: {
        variant: 'secondary',
        size: 'md',
        type: 'button',
        loading: false,
        disabled: undefined
      }

      at log (src/components/ui/Button.tsx:26:13)

    console.log
      [Button] Has onClick in props: false

      at log (src/components/ui/Button.tsx:27:13)

    console.log
      [Button] All props: {}

      at log (src/components/ui/Button.tsx:28:13)

    console.log
      [Button] Rendering with type: button

      at log (src/components/ui/Button.tsx:25:13)

    console.log
      [Button] Props received: {
        variant: 'secondary',
        size: 'sm',
        type: 'button',
        loading: false,
        disabled: undefined
      }

      at log (src/components/ui/Button.tsx:26:13)

    console.log
      [Button] Has onClick in props: false

      at log (src/components/ui/Button.tsx:27:13)

    console.log
      [Button] All props: {}

      at log (src/components/ui/Button.tsx:28:13)

    console.log
      [Button] Rendering with type: button

      at log (src/components/ui/Button.tsx:25:13)

    console.log
      [Button] Props received: {
        variant: 'primary',
        size: 'md',
        type: 'button',
        loading: false,
        disabled: undefined
      }

      at log (src/components/ui/Button.tsx:26:13)

    console.log
      [Button] Has onClick in props: false

      at log (src/components/ui/Button.tsx:27:13)

    console.log
      [Button] All props: {}

      at log (src/components/ui/Button.tsx:28:13)

    console.log
      [Button] Rendering with type: button

      at log (src/components/ui/Button.tsx:25:13)

    console.log
      [Button] Props received: {
        variant: 'primary',
        size: 'sm',
        type: 'button',
        loading: false,
        disabled: undefined
      }

      at log (src/components/ui/Button.tsx:26:13)

    console.log
      [Button] Has onClick in props: false

      at log (src/components/ui/Button.tsx:27:13)

    console.log
      [Button] All props: {}

      at log (src/components/ui/Button.tsx:28:13)

    console.log
      [Button] Rendering with type: button

      at log (src/components/ui/Button.tsx:25:13)

    console.log
      [Button] Props received: {
        variant: 'outline',
        size: 'sm',
        type: 'button',
        loading: false,
        disabled: undefined
      }

      at log (src/components/ui/Button.tsx:26:13)

    console.log
      [Button] Has onClick in props: false

      at log (src/components/ui/Button.tsx:27:13)

    console.log
      [Button] All props: {}

      at log (src/components/ui/Button.tsx:28:13)

    console.log
      [Button] Rendering with type: button

      at log (src/components/ui/Button.tsx:25:13)

    console.log
      [Button] Props received: {
        variant: 'outline',
        size: 'sm',
        type: 'button',
        loading: false,
        disabled: undefined
      }

      at log (src/components/ui/Button.tsx:26:13)

    console.log
      [Button] Has onClick in props: false

      at log (src/components/ui/Button.tsx:27:13)

    console.log
      [Button] All props: {}

      at log (src/components/ui/Button.tsx:28:13)

    console.log
      [Button] Rendering with type: button

      at log (src/components/ui/Button.tsx:25:13)

    console.log
      [Button] Props received: {
        variant: 'secondary',
        size: 'sm',
        type: 'button',
        loading: false,
        disabled: undefined
      }

      at log (src/components/ui/Button.tsx:26:13)

    console.log
      [Button] Has onClick in props: false

      at log (src/components/ui/Button.tsx:27:13)

    console.log
      [Button] All props: {}

      at log (src/components/ui/Button.tsx:28:13)

    console.log
      [Button] Rendering with type: button

      at log (src/components/ui/Button.tsx:25:13)

    console.log
      [Button] Props received: {
        variant: 'primary',
        size: 'sm',
        type: 'button',
        loading: false,
        disabled: undefined
      }

      at log (src/components/ui/Button.tsx:26:13)

    console.log
      [Button] Has onClick in props: false

      at log (src/components/ui/Button.tsx:27:13)

    console.log
      [Button] All props: {}

      at log (src/components/ui/Button.tsx:28:13)

    console.log
      [Button] Rendering with type: button

      at log (src/components/ui/Button.tsx:25:13)

    console.log
      [Button] Props received: {
        variant: 'secondary',
        size: 'sm',
        type: 'button',
        loading: false,
        disabled: undefined
      }

      at log (src/components/ui/Button.tsx:26:13)

    console.log
      [Button] Has onClick in props: false

      at log (src/components/ui/Button.tsx:27:13)

    console.log
      [Button] All props: {}

      at log (src/components/ui/Button.tsx:28:13)

    console.log
      [Button] Rendering with type: button

      at log (src/components/ui/Button.tsx:25:13)

    console.log
      [Button] Props received: {
        variant: 'outline',
        size: 'md',
        type: 'button',
        loading: false,
        disabled: undefined
      }

      at log (src/components/ui/Button.tsx:26:13)

    console.log
      [Button] Has onClick in props: false

      at log (src/components/ui/Button.tsx:27:13)

    console.log
      [Button] All props: {}

      at log (src/components/ui/Button.tsx:28:13)

    console.log
      [Button] Rendering with type: button

      at log (src/components/ui/Button.tsx:25:13)

    console.log
      [Button] Props received: {
        variant: 'secondary',
        size: 'lg',
        type: 'button',
        loading: false,
        disabled: undefined
      }

      at log (src/components/ui/Button.tsx:26:13)

    console.log
      [Button] Has onClick in props: false

      at log (src/components/ui/Button.tsx:27:13)

    console.log
      [Button] All props: {}

      at log (src/components/ui/Button.tsx:28:13)

    console.log
      [Button] Rendering with type: button

      at log (src/components/ui/Button.tsx:25:13)

    console.log
      [Button] Props received: {
        variant: 'outline',
        size: 'lg',
        type: 'button',
        loading: false,
        disabled: undefined
      }

      at log (src/components/ui/Button.tsx:26:13)

    console.log
      [Button] Has onClick in props: false

      at log (src/components/ui/Button.tsx:27:13)

    console.log
      [Button] All props: {}

      at log (src/components/ui/Button.tsx:28:13)

    console.log
      [Button] Rendering with type: button

      at log (src/components/ui/Button.tsx:25:13)

    console.log
      [Button] Props received: {
        variant: 'outline',
        size: 'sm',
        type: 'button',
        loading: false,
        disabled: undefined
      }

      at log (src/components/ui/Button.tsx:26:13)

    console.log
      [Button] Has onClick in props: false

      at log (src/components/ui/Button.tsx:27:13)

    console.log
      [Button] All props: {}

      at log (src/components/ui/Button.tsx:28:13)

    console.log
      [Button] Rendering with type: button

      at log (src/components/ui/Button.tsx:25:13)

    console.log
      [Button] Props received: {
        variant: 'primary',
        size: 'sm',
        type: 'button',
        loading: false,
        disabled: undefined
      }

      at log (src/components/ui/Button.tsx:26:13)

    console.log
      [Button] Has onClick in props: false

      at log (src/components/ui/Button.tsx:27:13)

    console.log
      [Button] All props: {}

      at log (src/components/ui/Button.tsx:28:13)

    console.log
      [Button] Rendering with type: button

      at log (src/components/ui/Button.tsx:25:13)

    console.log
      [Button] Props received: {
        variant: 'secondary',
        size: 'sm',
        type: 'button',
        loading: false,
        disabled: undefined
      }

      at log (src/components/ui/Button.tsx:26:13)

    console.log
      [Button] Has onClick in props: false

      at log (src/components/ui/Button.tsx:27:13)

    console.log
      [Button] All props: {}

      at log (src/components/ui/Button.tsx:28:13)

    console.log
      [Button] Rendering with type: button

      at log (src/components/ui/Button.tsx:25:13)

    console.log
      [Button] Props received: {
        variant: 'secondary',
        size: 'lg',
        type: 'button',
        loading: false,
        disabled: undefined
      }

      at log (src/components/ui/Button.tsx:26:13)

    console.log
      [Button] Has onClick in props: false

      at log (src/components/ui/Button.tsx:27:13)

    console.log
      [Button] All props: {}

      at log (src/components/ui/Button.tsx:28:13)

    console.log
      [Button] Rendering with type: button

      at log (src/components/ui/Button.tsx:25:13)

    console.log
      [Button] Props received: {
        variant: 'primary',
        size: 'sm',
        type: 'button',
        loading: false,
        disabled: undefined
      }

      at log (src/components/ui/Button.tsx:26:13)

    console.log
      [Button] Has onClick in props: false

      at log (src/components/ui/Button.tsx:27:13)

    console.log
      [Button] All props: {}

      at log (src/components/ui/Button.tsx:28:13)

    console.log
      [Button] Rendering with type: button

      at log (src/components/ui/Button.tsx:25:13)

    console.log
      [Button] Props received: {
        variant: 'primary',
        size: 'lg',
        type: 'button',
        loading: false,
        disabled: undefined
      }

      at log (src/components/ui/Button.tsx:26:13)

    console.log
      [Button] Has onClick in props: true

      at log (src/components/ui/Button.tsx:27:13)

    console.log
      [Button] All props: {
        onClick: [AsyncFunction: handleCtaClick],
        'aria-describedby': 'hero-heading',
        'aria-label': 'swY LCNR tgD - Begin your tax preparation process'
      }

      at log (src/components/ui/Button.tsx:28:13)

    console.log
      [Button] Rendering with type: button

      at log (src/components/ui/Button.tsx:25:13)

    console.log
      [Button] Props received: {
        variant: 'primary',
        size: 'lg',
        type: 'button',
        loading: false,
        disabled: undefined
      }

      at log (src/components/ui/Button.tsx:26:13)

    console.log
      [Button] Has onClick in props: true

      at log (src/components/ui/Button.tsx:27:13)

    console.log
      [Button] All props: {
        onClick: [AsyncFunction: handlePrimaryClick],
        'aria-describedby': 'cta-heading',
        'aria-label': 'Start Your Tax Preparation Now - Begin your tax preparation process now'
      }

      at log (src/components/ui/Button.tsx:28:13)

    console.log
      [Button] Rendering with type: button

      at log (src/components/ui/Button.tsx:25:13)

    console.log
      [Button] Props received: {
        variant: 'outline',
        size: 'lg',
        type: 'button',
        loading: false,
        disabled: undefined
      }

      at log (src/components/ui/Button.tsx:26:13)

    console.log
      [Button] Has onClick in props: true

      at log (src/components/ui/Button.tsx:27:13)

    console.log
      [Button] All props: {
        onClick: [AsyncFunction: handleSecondaryClick],
        'aria-describedby': 'cta-heading',
        'aria-label': 'Learn More About Our Process - Get more information about our tax preparation process'
      }

      at log (src/components/ui/Button.tsx:28:13)

    console.log
      [Button] Rendering with type: button

      at log (src/components/ui/Button.tsx:25:13)

    console.log
      [Button] Props received: {
        variant: 'primary',
        size: 'lg',
        type: 'button',
        loading: false,
        disabled: undefined
      }

      at log (src/components/ui/Button.tsx:26:13)

    console.log
      [Button] Has onClick in props: true

      at log (src/components/ui/Button.tsx:27:13)

    console.log
      [Button] All props: {
        onClick: [AsyncFunction: handleCtaClick],
        'aria-describedby': 'hero-heading',
        'aria-label': 'Data App IRS Tax System - Begin your tax preparation process'
      }

      at log (src/components/ui/Button.tsx:28:13)

    console.log
      [Button] Rendering with type: button

      at log (src/components/ui/Button.tsx:25:13)

    console.log
      [Button] Props received: {
        variant: 'primary',
        size: 'lg',
        type: 'button',
        loading: false,
        disabled: undefined
      }

      at log (src/components/ui/Button.tsx:26:13)

    console.log
      [Button] Has onClick in props: true

      at log (src/components/ui/Button.tsx:27:13)

    console.log
      [Button] All props: {
        onClick: [AsyncFunction: handlePrimaryClick],
        'aria-describedby': 'cta-heading',
        'aria-label': 'Start Your Tax Preparation Now - Begin your tax preparation process now'
      }

      at log (src/components/ui/Button.tsx:28:13)

    console.log
      [Button] Rendering with type: button

      at log (src/components/ui/Button.tsx:25:13)

    console.log
      [Button] Props received: {
        variant: 'outline',
        size: 'lg',
        type: 'button',
        loading: false,
        disabled: undefined
      }

      at log (src/components/ui/Button.tsx:26:13)

    console.log
      [Button] Has onClick in props: true

      at log (src/components/ui/Button.tsx:27:13)

    console.log
      [Button] All props: {
        onClick: [AsyncFunction: handleSecondaryClick],
        'aria-describedby': 'cta-heading',
        'aria-label': 'Learn More About Our Process - Get more information about our tax preparation process'
      }

      at log (src/components/ui/Button.tsx:28:13)

    console.log
      [Button] Rendering with type: button

      at log (src/components/ui/Button.tsx:25:13)

    console.log
      [Button] Props received: {
        variant: 'primary',
        size: 'lg',
        type: 'button',
        loading: false,
        disabled: undefined
      }

      at log (src/components/ui/Button.tsx:26:13)

    console.log
      [Button] Has onClick in props: true

      at log (src/components/ui/Button.tsx:27:13)

    console.log
      [Button] All props: {
        onClick: [AsyncFunction: handleCtaClick],
        'aria-describedby': 'hero-heading',
        'aria-label': 'length argume length - Begin your tax preparation process'
      }

      at log (src/components/ui/Button.tsx:28:13)

    console.log
      [Button] Rendering with type: button

      at log (src/components/ui/Button.tsx:25:13)

    console.log
      [Button] Props received: {
        variant: 'primary',
        size: 'lg',
        type: 'button',
        loading: false,
        disabled: undefined
      }

      at log (src/components/ui/Button.tsx:26:13)

    console.log
      [Button] Has onClick in props: true

      at log (src/components/ui/Button.tsx:27:13)

    console.log
      [Button] All props: {
        onClick: [AsyncFunction: handlePrimaryClick],
        'aria-describedby': 'cta-heading',
        'aria-label': 'Start Your Tax Preparation Now - Begin your tax preparation process now'
      }

      at log (src/components/ui/Button.tsx:28:13)

    console.log
      [Button] Rendering with type: button

      at log (src/components/ui/Button.tsx:25:13)

    console.log
      [Button] Props received: {
        variant: 'outline',
        size: 'lg',
        type: 'button',
        loading: false,
        disabled: undefined
      }

      at log (src/components/ui/Button.tsx:26:13)

    console.log
      [Button] Has onClick in props: true

      at log (src/components/ui/Button.tsx:27:13)

    console.log
      [Button] All props: {
        onClick: [AsyncFunction: handleSecondaryClick],
        'aria-describedby': 'cta-heading',
        'aria-label': 'Learn More About Our Process - Get more information about our tax preparation process'
      }

      at log (src/components/ui/Button.tsx:28:13)

    console.log
      [Button] Rendering with type: button

      at log (src/components/ui/Button.tsx:25:13)

    console.log
      [Button] Props received: {
        variant: 'primary',
        size: 'lg',
        type: 'button',
        loading: false,
        disabled: undefined
      }

      at log (src/components/ui/Button.tsx:26:13)

    console.log
      [Button] Has onClick in props: true

      at log (src/components/ui/Button.tsx:27:13)

    console.log
      [Button] All props: {
        onClick: [AsyncFunction: handleCtaClick],
        'aria-describedby': 'hero-heading',
        'aria-label': 'Process Process IRS - Begin your tax preparation process'
      }

      at log (src/components/ui/Button.tsx:28:13)

    console.log
      [Button] Rendering with type: button

      at log (src/components/ui/Button.tsx:25:13)

    console.log
      [Button] Props received: {
        variant: 'primary',
        size: 'lg',
        type: 'button',
        loading: false,
        disabled: undefined
      }

      at log (src/components/ui/Button.tsx:26:13)

    console.log
      [Button] Has onClick in props: true

      at log (src/components/ui/Button.tsx:27:13)

    console.log
      [Button] All props: {
        onClick: [AsyncFunction: handlePrimaryClick],
        'aria-describedby': 'cta-heading',
        'aria-label': 'Start Your Tax Preparation Now - Begin your tax preparation process now'
      }

      at log (src/components/ui/Button.tsx:28:13)

    console.log
      [Button] Rendering with type: button

      at log (src/components/ui/Button.tsx:25:13)

    console.log
      [Button] Props received: {
        variant: 'outline',
        size: 'lg',
        type: 'button',
        loading: false,
        disabled: undefined
      }

      at log (src/components/ui/Button.tsx:26:13)

    console.log
      [Button] Has onClick in props: true

      at log (src/components/ui/Button.tsx:27:13)

    console.log
      [Button] All props: {
        onClick: [AsyncFunction: handleSecondaryClick],
        'aria-describedby': 'cta-heading',
        'aria-label': 'Learn More About Our Process - Get more information about our tax preparation process'
      }

      at log (src/components/ui/Button.tsx:28:13)

    console.log
      [Button] Rendering with type: button

      at log (src/components/ui/Button.tsx:25:13)

    console.log
      [Button] Props received: {
        variant: 'primary',
        size: 'lg',
        type: 'button',
        loading: false,
        disabled: undefined
      }

      at log (src/components/ui/Button.tsx:26:13)

    console.log
      [Button] Has onClick in props: true

      at log (src/components/ui/Button.tsx:27:13)

    console.log
      [Button] All props: {
        onClick: [AsyncFunction: handleCtaClick],
        'aria-describedby': 'hero-heading',
        'aria-label': 'IRS Process App - Begin your tax preparation process'
      }

      at log (src/components/ui/Button.tsx:28:13)

    console.log
      [Button] Rendering with type: button

      at log (src/components/ui/Button.tsx:25:13)

    console.log
      [Button] Props received: {
        variant: 'primary',
        size: 'lg',
        type: 'button',
        loading: false,
        disabled: undefined
      }

      at log (src/components/ui/Button.tsx:26:13)

    console.log
      [Button] Has onClick in props: true

      at log (src/components/ui/Button.tsx:27:13)

    console.log
      [Button] All props: {
        onClick: [AsyncFunction: handlePrimaryClick],
        'aria-describedby': 'cta-heading',
        'aria-label': 'Start Your Tax Preparation Now - Begin your tax preparation process now'
      }

      at log (src/components/ui/Button.tsx:28:13)

    console.log
      [Button] Rendering with type: button

      at log (src/components/ui/Button.tsx:25:13)

    console.log
      [Button] Props received: {
        variant: 'outline',
        size: 'lg',
        type: 'button',
        loading: false,
        disabled: undefined
      }

      at log (src/components/ui/Button.tsx:26:13)

    console.log
      [Button] Has onClick in props: true

      at log (src/components/ui/Button.tsx:27:13)

    console.log
      [Button] All props: {
        onClick: [AsyncFunction: handleSecondaryClick],
        'aria-describedby': 'cta-heading',
        'aria-label': 'Learn More About Our Process - Get more information about our tax preparation process'
      }

      at log (src/components/ui/Button.tsx:28:13)

    console.log
      [Button] Rendering with type: button

      at log (src/components/ui/Button.tsx:25:13)

    console.log
      [Button] Props received: {
        variant: 'primary',
        size: 'lg',
        type: 'button',
        loading: false,
        disabled: undefined
      }

      at log (src/components/ui/Button.tsx:26:13)

    console.log
      [Button] Has onClick in props: true

      at log (src/components/ui/Button.tsx:27:13)

    console.log
      [Button] All props: {
        onClick: [AsyncFunction: handleCtaClick],
        'aria-describedby': 'hero-heading',
        'aria-label': 'Dzg hxJPAe gfQc hzIOhGtvv - Begin your tax preparation process'
      }

      at log (src/components/ui/Button.tsx:28:13)

    console.log
      [Button] Rendering with type: button

      at log (src/components/ui/Button.tsx:25:13)

    console.log
      [Button] Props received: {
        variant: 'primary',
        size: 'lg',
        type: 'button',
        loading: false,
        disabled: undefined
      }

      at log (src/components/ui/Button.tsx:26:13)

    console.log
      [Button] Has onClick in props: true

      at log (src/components/ui/Button.tsx:27:13)

    console.log
      [Button] All props: {
        onClick: [AsyncFunction: handlePrimaryClick],
        'aria-describedby': 'cta-heading',
        'aria-label': 'Start Your Tax Preparation Now - Begin your tax preparation process now'
      }

      at log (src/components/ui/Button.tsx:28:13)

    console.log
      [Button] Rendering with type: button

      at log (src/components/ui/Button.tsx:25:13)

    console.log
      [Button] Props received: {
        variant: 'outline',
        size: 'lg',
        type: 'button',
        loading: false,
        disabled: undefined
      }

      at log (src/components/ui/Button.tsx:26:13)

    console.log
      [Button] Has onClick in props: true

      at log (src/components/ui/Button.tsx:27:13)

    console.log
      [Button] All props: {
        onClick: [AsyncFunction: handleSecondaryClick],
        'aria-describedby': 'cta-heading',
        'aria-label': 'Learn More About Our Process - Get more information about our tax preparation process'
      }

      at log (src/components/ui/Button.tsx:28:13)

    console.log
      [Button] Rendering with type: button

      at log (src/components/ui/Button.tsx:25:13)

    console.log
      [Button] Props received: {
        variant: 'primary',
        size: 'lg',
        type: 'button',
        loading: false,
        disabled: undefined
      }

      at log (src/components/ui/Button.tsx:26:13)

    console.log
      [Button] Has onClick in props: true

      at log (src/components/ui/Button.tsx:27:13)

    console.log
      [Button] All props: {
        onClick: [AsyncFunction: handleCtaClick],
        'aria-describedby': 'hero-heading',
        'aria-label': 'key protot - Begin your tax preparation process'
      }

      at log (src/components/ui/Button.tsx:28:13)

    console.log
      [Button] Rendering with type: button

      at log (src/components/ui/Button.tsx:25:13)

    console.log
      [Button] Props received: {
        variant: 'primary',
        size: 'lg',
        type: 'button',
        loading: false,
        disabled: undefined
      }

      at log (src/components/ui/Button.tsx:26:13)

    console.log
      [Button] Has onClick in props: true

      at log (src/components/ui/Button.tsx:27:13)

    console.log
      [Button] All props: {
        onClick: [AsyncFunction: handlePrimaryClick],
        'aria-describedby': 'cta-heading',
        'aria-label': 'Start Your Tax Preparation Now - Begin your tax preparation process now'
      }

      at log (src/components/ui/Button.tsx:28:13)

    console.log
      [Button] Rendering with type: button

      at log (src/components/ui/Button.tsx:25:13)

    console.log
      [Button] Props received: {
        variant: 'outline',
        size: 'lg',
        type: 'button',
        loading: false,
        disabled: undefined
      }

      at log (src/components/ui/Button.tsx:26:13)

    console.log
      [Button] Has onClick in props: true

      at log (src/components/ui/Button.tsx:27:13)

    console.log
      [Button] All props: {
        onClick: [AsyncFunction: handleSecondaryClick],
        'aria-describedby': 'cta-heading',
        'aria-label': 'Learn More About Our Process - Get more information about our tax preparation process'
      }

      at log (src/components/ui/Button.tsx:28:13)

    console.log
      [Button] Rendering with type: button

      at log (src/components/ui/Button.tsx:25:13)

    console.log
      [Button] Props received: {
        variant: 'primary',
        size: 'lg',
        type: 'button',
        loading: false,
        disabled: undefined
      }

      at log (src/components/ui/Button.tsx:26:13)

    console.log
      [Button] Has onClick in props: true

      at log (src/components/ui/Button.tsx:27:13)

    console.log
      [Button] All props: {
        onClick: [AsyncFunction: handleCtaClick],
        'aria-describedby': 'hero-heading',
        'aria-label': 'Filing Preparation Preparation - Begin your tax preparation process'
      }

      at log (src/components/ui/Button.tsx:28:13)

    console.log
      [Button] Rendering with type: button

      at log (src/components/ui/Button.tsx:25:13)

    console.log
      [Button] Props received: {
        variant: 'primary',
        size: 'lg',
        type: 'button',
        loading: false,
        disabled: undefined
      }

      at log (src/components/ui/Button.tsx:26:13)

    console.log
      [Button] Has onClick in props: true

      at log (src/components/ui/Button.tsx:27:13)

    console.log
      [Button] All props: {
        onClick: [AsyncFunction: handlePrimaryClick],
        'aria-describedby': 'cta-heading',
        'aria-label': 'Start Your Tax Preparation Now - Begin your tax preparation process now'
      }

      at log (src/components/ui/Button.tsx:28:13)

    console.log
      [Button] Rendering with type: button

      at log (src/components/ui/Button.tsx:25:13)

    console.log
      [Button] Props received: {
        variant: 'outline',
        size: 'lg',
        type: 'button',
        loading: false,
        disabled: undefined
      }

      at log (src/components/ui/Button.tsx:26:13)

    console.log
      [Button] Has onClick in props: true

      at log (src/components/ui/Button.tsx:27:13)

    console.log
      [Button] All props: {
        onClick: [AsyncFunction: handleSecondaryClick],
        'aria-describedby': 'cta-heading',
        'aria-label': 'Learn More About Our Process - Get more information about our tax preparation process'
      }

      at log (src/components/ui/Button.tsx:28:13)

    console.log
      [Button] Rendering with type: button

      at log (src/components/ui/Button.tsx:25:13)

    console.log
      [Button] Props received: {
        variant: 'primary',
        size: 'lg',
        type: 'button',
        loading: false,
        disabled: undefined
      }

      at log (src/components/ui/Button.tsx:26:13)

    console.log
      [Button] Has onClick in props: true

      at log (src/components/ui/Button.tsx:27:13)

    console.log
      [Button] All props: {
        onClick: [AsyncFunction: handleCtaClick],
        'aria-describedby': 'hero-heading',
        'aria-label': 'ApIO fVLE rbEc - Begin your tax preparation process'
      }

      at log (src/components/ui/Button.tsx:28:13)

    console.log
      [Button] Rendering with type: button

      at log (src/components/ui/Button.tsx:25:13)

    console.log
      [Button] Props received: {
        variant: 'primary',
        size: 'lg',
        type: 'button',
        loading: false,
        disabled: undefined
      }

      at log (src/components/ui/Button.tsx:26:13)

    console.log
      [Button] Has onClick in props: true

      at log (src/components/ui/Button.tsx:27:13)

    console.log
      [Button] All props: {
        onClick: [AsyncFunction: handlePrimaryClick],
        'aria-describedby': 'cta-heading',
        'aria-label': 'Start Your Tax Preparation Now - Begin your tax preparation process now'
      }

      at log (src/components/ui/Button.tsx:28:13)

    console.log
      [Button] Rendering with type: button

      at log (src/components/ui/Button.tsx:25:13)

    console.log
      [Button] Props received: {
        variant: 'outline',
        size: 'lg',
        type: 'button',
        loading: false,
        disabled: undefined
      }

      at log (src/components/ui/Button.tsx:26:13)

    console.log
      [Button] Has onClick in props: true

      at log (src/components/ui/Button.tsx:27:13)

    console.log
      [Button] All props: {
        onClick: [AsyncFunction: handleSecondaryClick],
        'aria-describedby': 'cta-heading',
        'aria-label': 'Learn More About Our Process - Get more information about our tax preparation process'
      }

      at log (src/components/ui/Button.tsx:28:13)

    console.log
      [Button] Rendering with type: button

      at log (src/components/ui/Button.tsx:25:13)

    console.log
      [Button] Props received: {
        variant: 'primary',
        size: 'lg',
        type: 'button',
        loading: false,
        disabled: undefined
      }

      at log (src/components/ui/Button.tsx:26:13)

    console.log
      [Button] Has onClick in props: true

      at log (src/components/ui/Button.tsx:27:13)

    console.log
      [Button] All props: {
        onClick: [AsyncFunction: handleCtaClick],
        'aria-describedby': 'hero-heading',
        'aria-label': 'Process Tax Tax IRS - Begin your tax preparation process'
      }

      at log (src/components/ui/Button.tsx:28:13)

    console.log
      [Button] Rendering with type: button

      at log (src/components/ui/Button.tsx:25:13)

    console.log
      [Button] Props received: {
        variant: 'primary',
        size: 'lg',
        type: 'button',
        loading: false,
        disabled: undefined
      }

      at log (src/components/ui/Button.tsx:26:13)

    console.log
      [Button] Has onClick in props: true

      at log (src/components/ui/Button.tsx:27:13)

    console.log
      [Button] All props: {
        onClick: [AsyncFunction: handlePrimaryClick],
        'aria-describedby': 'cta-heading',
        'aria-label': 'Start Your Tax Preparation Now - Begin your tax preparation process now'
      }

      at log (src/components/ui/Button.tsx:28:13)

    console.log
      [Button] Rendering with type: button

      at log (src/components/ui/Button.tsx:25:13)

    console.log
      [Button] Props received: {
        variant: 'outline',
        size: 'lg',
        type: 'button',
        loading: false,
        disabled: undefined
      }

      at log (src/components/ui/Button.tsx:26:13)

    console.log
      [Button] Has onClick in props: true

      at log (src/components/ui/Button.tsx:27:13)

    console.log
      [Button] All props: {
        onClick: [AsyncFunction: handleSecondaryClick],
        'aria-describedby': 'cta-heading',
        'aria-label': 'Learn More About Our Process - Get more information about our tax preparation process'
      }

      at log (src/components/ui/Button.tsx:28:13)

    console.log
      [Button] Rendering with type: button

      at log (src/components/ui/Button.tsx:25:13)

    console.log
      [Button] Props received: {
        variant: 'primary',
        size: 'lg',
        type: 'button',
        loading: false,
        disabled: undefined
      }

      at log (src/components/ui/Button.tsx:26:13)

    console.log
      [Button] Has onClick in props: true

      at log (src/components/ui/Button.tsx:27:13)

    console.log
      [Button] All props: {
        onClick: [AsyncFunction: handleCtaClick],
        'aria-describedby': 'hero-heading',
        'aria-label': 'ref OZiP - Begin your tax preparation process'
      }

      at log (src/components/ui/Button.tsx:28:13)

    console.log
      [Button] Rendering with type: button

      at log (src/components/ui/Button.tsx:25:13)

    console.log
      [Button] Props received: {
        variant: 'primary',
        size: 'lg',
        type: 'button',
        loading: false,
        disabled: undefined
      }

      at log (src/components/ui/Button.tsx:26:13)

    console.log
      [Button] Has onClick in props: true

      at log (src/components/ui/Button.tsx:27:13)

    console.log
      [Button] All props: {
        onClick: [AsyncFunction: handlePrimaryClick],
        'aria-describedby': 'cta-heading',
        'aria-label': 'Start Your Tax Preparation Now - Begin your tax preparation process now'
      }

      at log (src/components/ui/Button.tsx:28:13)

    console.log
      [Button] Rendering with type: button

      at log (src/components/ui/Button.tsx:25:13)

    console.log
      [Button] Props received: {
        variant: 'outline',
        size: 'lg',
        type: 'button',
        loading: false,
        disabled: undefined
      }

      at log (src/components/ui/Button.tsx:26:13)

    console.log
      [Button] Has onClick in props: true

      at log (src/components/ui/Button.tsx:27:13)

    console.log
      [Button] All props: {
        onClick: [AsyncFunction: handleSecondaryClick],
        'aria-describedby': 'cta-heading',
        'aria-label': 'Learn More About Our Process - Get more information about our tax preparation process'
      }

      at log (src/components/ui/Button.tsx:28:13)

    console.log
      [Button] Rendering with type: button

      at log (src/components/ui/Button.tsx:25:13)

    console.log
      [Button] Props received: {
        variant: 'primary',
        size: 'lg',
        type: 'button',
        loading: false,
        disabled: undefined
      }

      at log (src/components/ui/Button.tsx:26:13)

    console.log
      [Button] Has onClick in props: true

      at log (src/components/ui/Button.tsx:27:13)

    console.log
      [Button] All props: {
        onClick: [AsyncFunction: handleCtaClick],
        'aria-describedby': 'hero-heading',
        'aria-label': 'User Filing Form IRS Tax Preparation - Begin your tax preparation process'
      }

      at log (src/components/ui/Button.tsx:28:13)

    console.log
      [Button] Rendering with type: button

      at log (src/components/ui/Button.tsx:25:13)

    console.log
      [Button] Props received: {
        variant: 'primary',
        size: 'lg',
        type: 'button',
        loading: false,
        disabled: undefined
      }

      at log (src/components/ui/Button.tsx:26:13)

    console.log
      [Button] Has onClick in props: true

      at log (src/components/ui/Button.tsx:27:13)

    console.log
      [Button] All props: {
        onClick: [AsyncFunction: handlePrimaryClick],
        'aria-describedby': 'cta-heading',
        'aria-label': 'Start Your Tax Preparation Now - Begin your tax preparation process now'
      }

      at log (src/components/ui/Button.tsx:28:13)

    console.log
      [Button] Rendering with type: button

      at log (src/components/ui/Button.tsx:25:13)

    console.log
      [Button] Props received: {
        variant: 'outline',
        size: 'lg',
        type: 'button',
        loading: false,
        disabled: undefined
      }

      at log (src/components/ui/Button.tsx:26:13)

    console.log
      [Button] Has onClick in props: true

      at log (src/components/ui/Button.tsx:27:13)

    console.log
      [Button] All props: {
        onClick: [AsyncFunction: handleSecondaryClick],
        'aria-describedby': 'cta-heading',
        'aria-label': 'Learn More About Our Process - Get more information about our tax preparation process'
      }

      at log (src/components/ui/Button.tsx:28:13)

    console.log
      [Button] Rendering with type: button

      at log (src/components/ui/Button.tsx:25:13)

    console.log
      [Button] Props received: {
        variant: 'primary',
        size: 'lg',
        type: 'button',
        loading: false,
        disabled: undefined
      }

      at log (src/components/ui/Button.tsx:26:13)

    console.log
      [Button] Has onClick in props: true

      at log (src/components/ui/Button.tsx:27:13)

    console.log
      [Button] All props: {
        onClick: [AsyncFunction: handleCtaClick],
        'aria-describedby': 'hero-heading',
        'aria-label': 'IRS Tax System - Begin your tax preparation process'
      }

      at log (src/components/ui/Button.tsx:28:13)

    console.log
      [Button] Rendering with type: button

      at log (src/components/ui/Button.tsx:25:13)

    console.log
      [Button] Props received: {
        variant: 'primary',
        size: 'lg',
        type: 'button',
        loading: false,
        disabled: undefined
      }

      at log (src/components/ui/Button.tsx:26:13)

    console.log
      [Button] Has onClick in props: true

      at log (src/components/ui/Button.tsx:27:13)

    console.log
      [Button] All props: {
        onClick: [AsyncFunction: handlePrimaryClick],
        'aria-describedby': 'cta-heading',
        'aria-label': 'Start Your Tax Preparation Now - Begin your tax preparation process now'
      }

      at log (src/components/ui/Button.tsx:28:13)

    console.log
      [Button] Rendering with type: button

      at log (src/components/ui/Button.tsx:25:13)

    console.log
      [Button] Props received: {
        variant: 'outline',
        size: 'lg',
        type: 'button',
        loading: false,
        disabled: undefined
      }

      at log (src/components/ui/Button.tsx:26:13)

    console.log
      [Button] Has onClick in props: true

      at log (src/components/ui/Button.tsx:27:13)

    console.log
      [Button] All props: {
        onClick: [AsyncFunction: handleSecondaryClick],
        'aria-describedby': 'cta-heading',
        'aria-label': 'Learn More About Our Process - Get more information about our tax preparation process'
      }

      at log (src/components/ui/Button.tsx:28:13)

    console.log
      [Button] Rendering with type: button

      at log (src/components/ui/Button.tsx:25:13)

    console.log
      [Button] Props received: {
        variant: 'primary',
        size: 'lg',
        type: 'button',
        loading: false,
        disabled: undefined
      }

      at log (src/components/ui/Button.tsx:26:13)

    console.log
      [Button] Has onClick in props: true

      at log (src/components/ui/Button.tsx:27:13)

    console.log
      [Button] All props: {
        onClick: [AsyncFunction: handleCtaClick],
        'aria-describedby': 'hero-heading',
        'aria-label': 'nJp XFniR NeE VthcTJ Enmw - Begin your tax preparation process'
      }

      at log (src/components/ui/Button.tsx:28:13)

    console.log
      [Button] Rendering with type: button

      at log (src/components/ui/Button.tsx:25:13)

    console.log
      [Button] Props received: {
        variant: 'primary',
        size: 'lg',
        type: 'button',
        loading: false,
        disabled: undefined
      }

      at log (src/components/ui/Button.tsx:26:13)

    console.log
      [Button] Has onClick in props: true

      at log (src/components/ui/Button.tsx:27:13)

    console.log
      [Button] All props: {
        onClick: [AsyncFunction: handlePrimaryClick],
        'aria-describedby': 'cta-heading',
        'aria-label': 'Start Your Tax Preparation Now - Begin your tax preparation process now'
      }

      at log (src/components/ui/Button.tsx:28:13)

    console.log
      [Button] Rendering with type: button

      at log (src/components/ui/Button.tsx:25:13)

    console.log
      [Button] Props received: {
        variant: 'outline',
        size: 'lg',
        type: 'button',
        loading: false,
        disabled: undefined
      }

      at log (src/components/ui/Button.tsx:26:13)

    console.log
      [Button] Has onClick in props: true

      at log (src/components/ui/Button.tsx:27:13)

    console.log
      [Button] All props: {
        onClick: [AsyncFunction: handleSecondaryClick],
        'aria-describedby': 'cta-heading',
        'aria-label': 'Learn More About Our Process - Get more information about our tax preparation process'
      }

      at log (src/components/ui/Button.tsx:28:13)

    console.log
      [Button] Rendering with type: button

      at log (src/components/ui/Button.tsx:25:13)

    console.log
      [Button] Props received: {
        variant: 'primary',
        size: 'lg',
        type: 'button',
        loading: false,
        disabled: undefined
      }

      at log (src/components/ui/Button.tsx:26:13)

    console.log
      [Button] Has onClick in props: true

      at log (src/components/ui/Button.tsx:27:13)

    console.log
      [Button] All props: {
        onClick: [AsyncFunction: handleCtaClick],
        'aria-describedby': 'hero-heading',
        'aria-label': 'apply - Begin your tax preparation process'
      }

      at log (src/components/ui/Button.tsx:28:13)

    console.log
      [Button] Rendering with type: button

      at log (src/components/ui/Button.tsx:25:13)

    console.log
      [Button] Props received: {
        variant: 'primary',
        size: 'lg',
        type: 'button',
        loading: false,
        disabled: undefined
      }

      at log (src/components/ui/Button.tsx:26:13)

    console.log
      [Button] Has onClick in props: true

      at log (src/components/ui/Button.tsx:27:13)

    console.log
      [Button] All props: {
        onClick: [AsyncFunction: handlePrimaryClick],
        'aria-describedby': 'cta-heading',
        'aria-label': 'Start Your Tax Preparation Now - Begin your tax preparation process now'
      }

      at log (src/components/ui/Button.tsx:28:13)

    console.log
      [Button] Rendering with type: button

      at log (src/components/ui/Button.tsx:25:13)

    console.log
      [Button] Props received: {
        variant: 'outline',
        size: 'lg',
        type: 'button',
        loading: false,
        disabled: undefined
      }

      at log (src/components/ui/Button.tsx:26:13)

    console.log
      [Button] Has onClick in props: true

      at log (src/components/ui/Button.tsx:27:13)

    console.log
      [Button] All props: {
        onClick: [AsyncFunction: handleSecondaryClick],
        'aria-describedby': 'cta-heading',
        'aria-label': 'Learn More About Our Process - Get more information about our tax preparation process'
      }

      at log (src/components/ui/Button.tsx:28:13)

    console.log
      [Button] Rendering with type: button

      at log (src/components/ui/Button.tsx:25:13)

    console.log
      [Button] Props received: {
        variant: 'primary',
        size: 'lg',
        type: 'button',
        loading: false,
        disabled: undefined
      }

      at log (src/components/ui/Button.tsx:26:13)

    console.log
      [Button] Has onClick in props: true

      at log (src/components/ui/Button.tsx:27:13)

    console.log
      [Button] All props: {
        onClick: [AsyncFunction: handleCtaClick],
        'aria-describedby': 'hero-heading',
        'aria-label': 'rEgb gIh NRPn SdN oJraBa - Begin your tax preparation process'
      }

      at log (src/components/ui/Button.tsx:28:13)

    console.log
      [Button] Rendering with type: button

      at log (src/components/ui/Button.tsx:25:13)

    console.log
      [Button] Props received: {
        variant: 'primary',
        size: 'lg',
        type: 'button',
        loading: false,
        disabled: undefined
      }

      at log (src/components/ui/Button.tsx:26:13)

    console.log
      [Button] Has onClick in props: true

      at log (src/components/ui/Button.tsx:27:13)

    console.log
      [Button] All props: {
        onClick: [AsyncFunction: handlePrimaryClick],
        'aria-describedby': 'cta-heading',
        'aria-label': 'Start Your Tax Preparation Now - Begin your tax preparation process now'
      }

      at log (src/components/ui/Button.tsx:28:13)

    console.log
      [Button] Rendering with type: button

      at log (src/components/ui/Button.tsx:25:13)

    console.log
      [Button] Props received: {
        variant: 'outline',
        size: 'lg',
        type: 'button',
        loading: false,
        disabled: undefined
      }

      at log (src/components/ui/Button.tsx:26:13)

    console.log
      [Button] Has onClick in props: true

      at log (src/components/ui/Button.tsx:27:13)

    console.log
      [Button] All props: {
        onClick: [AsyncFunction: handleSecondaryClick],
        'aria-describedby': 'cta-heading',
        'aria-label': 'Learn More About Our Process - Get more information about our tax preparation process'
      }

      at log (src/components/ui/Button.tsx:28:13)

    console.log
      [Button] Rendering with type: button

      at log (src/components/ui/Button.tsx:25:13)

    console.log
      [Button] Props received: {
        variant: 'primary',
        size: 'lg',
        type: 'button',
        loading: false,
        disabled: undefined
      }

      at log (src/components/ui/Button.tsx:26:13)

    console.log
      [Button] Has onClick in props: true

      at log (src/components/ui/Button.tsx:27:13)

    console.log
      [Button] All props: {
        onClick: [AsyncFunction: handleCtaClick],
        'aria-describedby': 'hero-heading',
        'aria-label': 'uIz gEOO Geotxq JCdCk - Begin your tax preparation process'
      }

      at log (src/components/ui/Button.tsx:28:13)

    console.log
      [Button] Rendering with type: button

      at log (src/components/ui/Button.tsx:25:13)

    console.log
      [Button] Props received: {
        variant: 'primary',
        size: 'lg',
        type: 'button',
        loading: false,
        disabled: undefined
      }

      at log (src/components/ui/Button.tsx:26:13)

    console.log
      [Button] Has onClick in props: true

      at log (src/components/ui/Button.tsx:27:13)

    console.log
      [Button] All props: {
        onClick: [AsyncFunction: handlePrimaryClick],
        'aria-describedby': 'cta-heading',
        'aria-label': 'Start Your Tax Preparation Now - Begin your tax preparation process now'
      }

      at log (src/components/ui/Button.tsx:28:13)

    console.log
      [Button] Rendering with type: button

      at log (src/components/ui/Button.tsx:25:13)

    console.log
      [Button] Props received: {
        variant: 'outline',
        size: 'lg',
        type: 'button',
        loading: false,
        disabled: undefined
      }

      at log (src/components/ui/Button.tsx:26:13)

    console.log
      [Button] Has onClick in props: true

      at log (src/components/ui/Button.tsx:27:13)

    console.log
      [Button] All props: {
        onClick: [AsyncFunction: handleSecondaryClick],
        'aria-describedby': 'cta-heading',
        'aria-label': 'Learn More About Our Process - Get more information about our tax preparation process'
      }

      at log (src/components/ui/Button.tsx:28:13)

    console.log
      [Button] Rendering with type: button

      at log (src/components/ui/Button.tsx:25:13)

    console.log
      [Button] Props received: {
        variant: 'primary',
        size: 'lg',
        type: 'button',
        loading: false,
        disabled: undefined
      }

      at log (src/components/ui/Button.tsx:26:13)

    console.log
      [Button] Has onClick in props: true

      at log (src/components/ui/Button.tsx:27:13)

    console.log
      [Button] All props: {
        onClick: [AsyncFunction: handleCtaClick],
        'aria-describedby': 'hero-heading',
        'aria-label': 'Form Data System - Begin your tax preparation process'
      }

      at log (src/components/ui/Button.tsx:28:13)

    console.log
      [Button] Rendering with type: button

      at log (src/components/ui/Button.tsx:25:13)

    console.log
      [Button] Props received: {
        variant: 'primary',
        size: 'lg',
        type: 'button',
        loading: false,
        disabled: undefined
      }

      at log (src/components/ui/Button.tsx:26:13)

    console.log
      [Button] Has onClick in props: true

      at log (src/components/ui/Button.tsx:27:13)

    console.log
      [Button] All props: {
        onClick: [AsyncFunction: handlePrimaryClick],
        'aria-describedby': 'cta-heading',
        'aria-label': 'Start Your Tax Preparation Now - Begin your tax preparation process now'
      }

      at log (src/components/ui/Button.tsx:28:13)

    console.log
      [Button] Rendering with type: button

      at log (src/components/ui/Button.tsx:25:13)

    console.log
      [Button] Props received: {
        variant: 'outline',
        size: 'lg',
        type: 'button',
        loading: false,
        disabled: undefined
      }

      at log (src/components/ui/Button.tsx:26:13)

    console.log
      [Button] Has onClick in props: true

      at log (src/components/ui/Button.tsx:27:13)

    console.log
      [Button] All props: {
        onClick: [AsyncFunction: handleSecondaryClick],
        'aria-describedby': 'cta-heading',
        'aria-label': 'Learn More About Our Process - Get more information about our tax preparation process'
      }

      at log (src/components/ui/Button.tsx:28:13)

    console.log
      [Button] Rendering with type: button

      at log (src/components/ui/Button.tsx:25:13)

    console.log
      [Button] Props received: {
        variant: 'primary',
        size: 'lg',
        type: 'button',
        loading: false,
        disabled: undefined
      }

      at log (src/components/ui/Button.tsx:26:13)

    console.log
      [Button] Has onClick in props: true

      at log (src/components/ui/Button.tsx:27:13)

    console.log
      [Button] All props: {
        onClick: [AsyncFunction: handleCtaClick],
        'aria-describedby': 'hero-heading',
        'aria-label': 'hVC length KIy - Begin your tax preparation process'
      }

      at log (src/components/ui/Button.tsx:28:13)

    console.log
      [Button] Rendering with type: button

      at log (src/components/ui/Button.tsx:25:13)

    console.log
      [Button] Props received: {
        variant: 'primary',
        size: 'lg',
        type: 'button',
        loading: false,
        disabled: undefined
      }

      at log (src/components/ui/Button.tsx:26:13)

    console.log
      [Button] Has onClick in props: true

      at log (src/components/ui/Button.tsx:27:13)

    console.log
      [Button] All props: {
        onClick: [AsyncFunction: handlePrimaryClick],
        'aria-describedby': 'cta-heading',
        'aria-label': 'Start Your Tax Preparation Now - Begin your tax preparation process now'
      }

      at log (src/components/ui/Button.tsx:28:13)

    console.log
      [Button] Rendering with type: button

      at log (src/components/ui/Button.tsx:25:13)

    console.log
      [Button] Props received: {
        variant: 'outline',
        size: 'lg',
        type: 'button',
        loading: false,
        disabled: undefined
      }

      at log (src/components/ui/Button.tsx:26:13)

    console.log
      [Button] Has onClick in props: true

      at log (src/components/ui/Button.tsx:27:13)

    console.log
      [Button] All props: {
        onClick: [AsyncFunction: handleSecondaryClick],
        'aria-describedby': 'cta-heading',
        'aria-label': 'Learn More About Our Process - Get more information about our tax preparation process'
      }

      at log (src/components/ui/Button.tsx:28:13)

    console.log
      [Button] Rendering with type: button

      at log (src/components/ui/Button.tsx:25:13)

    console.log
      [Button] Props received: {
        variant: 'primary',
        size: 'lg',
        type: 'button',
        loading: false,
        disabled: undefined
      }

      at log (src/components/ui/Button.tsx:26:13)

    console.log
      [Button] Has onClick in props: true

      at log (src/components/ui/Button.tsx:27:13)

    console.log
      [Button] All props: {
        onClick: [AsyncFunction: handleCtaClick],
        'aria-describedby': 'hero-heading',
        'aria-label': 'Preparation Filing Filing App System System - Begin your tax preparation process'
      }

      at log (src/components/ui/Button.tsx:28:13)

    console.log
      [Button] Rendering with type: button

      at log (src/components/ui/Button.tsx:25:13)

    console.log
      [Button] Props received: {
        variant: 'primary',
        size: 'lg',
        type: 'button',
        loading: false,
        disabled: undefined
      }

      at log (src/components/ui/Button.tsx:26:13)

    console.log
      [Button] Has onClick in props: true

      at log (src/components/ui/Button.tsx:27:13)

    console.log
      [Button] All props: {
        onClick: [AsyncFunction: handlePrimaryClick],
        'aria-describedby': 'cta-heading',
        'aria-label': 'Start Your Tax Preparation Now - Begin your tax preparation process now'
      }

      at log (src/components/ui/Button.tsx:28:13)

    console.log
      [Button] Rendering with type: button

      at log (src/components/ui/Button.tsx:25:13)

    console.log
      [Button] Props received: {
        variant: 'outline',
        size: 'lg',
        type: 'button',
        loading: false,
        disabled: undefined
      }

      at log (src/components/ui/Button.tsx:26:13)

    console.log
      [Button] Has onClick in props: true

      at log (src/components/ui/Button.tsx:27:13)

    console.log
      [Button] All props: {
        onClick: [AsyncFunction: handleSecondaryClick],
        'aria-describedby': 'cta-heading',
        'aria-label': 'Learn More About Our Process - Get more information about our tax preparation process'
      }

      at log (src/components/ui/Button.tsx:28:13)

    console.log
      [Button] Rendering with type: button

      at log (src/components/ui/Button.tsx:25:13)

    console.log
      [Button] Props received: {
        variant: 'primary',
        size: 'lg',
        type: 'button',
        loading: false,
        disabled: undefined
      }

      at log (src/components/ui/Button.tsx:26:13)

    console.log
      [Button] Has onClick in props: true

      at log (src/components/ui/Button.tsx:27:13)

    console.log
      [Button] All props: {
        onClick: [AsyncFunction: handleCtaClick],
        'aria-describedby': 'hero-heading',
        'aria-label': 'uTynXF - Begin your tax preparation process'
      }

      at log (src/components/ui/Button.tsx:28:13)

    console.log
      [Button] Rendering with type: button

      at log (src/components/ui/Button.tsx:25:13)

    console.log
      [Button] Props received: {
        variant: 'primary',
        size: 'lg',
        type: 'button',
        loading: false,
        disabled: undefined
      }

      at log (src/components/ui/Button.tsx:26:13)

    console.log
      [Button] Has onClick in props: true

      at log (src/components/ui/Button.tsx:27:13)

    console.log
      [Button] All props: {
        onClick: [AsyncFunction: handlePrimaryClick],
        'aria-describedby': 'cta-heading',
        'aria-label': 'Start Your Tax Preparation Now - Begin your tax preparation process now'
      }

      at log (src/components/ui/Button.tsx:28:13)

    console.log
      [Button] Rendering with type: button

      at log (src/components/ui/Button.tsx:25:13)

    console.log
      [Button] Props received: {
        variant: 'outline',
        size: 'lg',
        type: 'button',
        loading: false,
        disabled: undefined
      }

      at log (src/components/ui/Button.tsx:26:13)

    console.log
      [Button] Has onClick in props: true

      at log (src/components/ui/Button.tsx:27:13)

    console.log
      [Button] All props: {
        onClick: [AsyncFunction: handleSecondaryClick],
        'aria-describedby': 'cta-heading',
        'aria-label': 'Learn More About Our Process - Get more information about our tax preparation process'
      }

      at log (src/components/ui/Button.tsx:28:13)

    console.log
      [Button] Rendering with type: button

      at log (src/components/ui/Button.tsx:25:13)

    console.log
      [Button] Props received: {
        variant: 'primary',
        size: 'lg',
        type: 'button',
        loading: false,
        disabled: undefined
      }

      at log (src/components/ui/Button.tsx:26:13)

    console.log
      [Button] Has onClick in props: true

      at log (src/components/ui/Button.tsx:27:13)

    console.log
      [Button] All props: {
        onClick: [AsyncFunction: handleCtaClick],
        'aria-describedby': 'hero-heading',
        'aria-label': 'Process IRS Process Filing User Data - Begin your tax preparation process'
      }

      at log (src/components/ui/Button.tsx:28:13)

    console.log
      [Button] Rendering with type: button

      at log (src/components/ui/Button.tsx:25:13)

    console.log
      [Button] Props received: {
        variant: 'primary',
        size: 'lg',
        type: 'button',
        loading: false,
        disabled: undefined
      }

      at log (src/components/ui/Button.tsx:26:13)

    console.log
      [Button] Has onClick in props: true

      at log (src/components/ui/Button.tsx:27:13)

    console.log
      [Button] All props: {
        onClick: [AsyncFunction: handlePrimaryClick],
        'aria-describedby': 'cta-heading',
        'aria-label': 'Start Your Tax Preparation Now - Begin your tax preparation process now'
      }

      at log (src/components/ui/Button.tsx:28:13)

    console.log
      [Button] Rendering with type: button

      at log (src/components/ui/Button.tsx:25:13)

    console.log
      [Button] Props received: {
        variant: 'outline',
        size: 'lg',
        type: 'button',
        loading: false,
        disabled: undefined
      }

      at log (src/components/ui/Button.tsx:26:13)

    console.log
      [Button] Has onClick in props: true

      at log (src/components/ui/Button.tsx:27:13)

    console.log
      [Button] All props: {
        onClick: [AsyncFunction: handleSecondaryClick],
        'aria-describedby': 'cta-heading',
        'aria-label': 'Learn More About Our Process - Get more information about our tax preparation process'
      }

      at log (src/components/ui/Button.tsx:28:13)

    console.log
      [Button] Rendering with type: button

      at log (src/components/ui/Button.tsx:25:13)

    console.log
      [Button] Props received: {
        variant: 'primary',
        size: 'lg',
        type: 'button',
        loading: false,
        disabled: undefined
      }

      at log (src/components/ui/Button.tsx:26:13)

    console.log
      [Button] Has onClick in props: true

      at log (src/components/ui/Button.tsx:27:13)

    console.log
      [Button] All props: {
        onClick: [AsyncFunction: handleCtaClick],
        'aria-describedby': 'hero-heading',
        'aria-label': 'valueOf yEF - Begin your tax preparation process'
      }

      at log (src/components/ui/Button.tsx:28:13)

    console.log
      [Button] Rendering with type: button

      at log (src/components/ui/Button.tsx:25:13)

    console.log
      [Button] Props received: {
        variant: 'primary',
        size: 'lg',
        type: 'button',
        loading: false,
        disabled: undefined
      }

      at log (src/components/ui/Button.tsx:26:13)

    console.log
      [Button] Has onClick in props: true

      at log (src/components/ui/Button.tsx:27:13)

    console.log
      [Button] All props: {
        onClick: [AsyncFunction: handlePrimaryClick],
        'aria-describedby': 'cta-heading',
        'aria-label': 'Start Your Tax Preparation Now - Begin your tax preparation process now'
      }

      at log (src/components/ui/Button.tsx:28:13)

    console.log
      [Button] Rendering with type: button

      at log (src/components/ui/Button.tsx:25:13)

    console.log
      [Button] Props received: {
        variant: 'outline',
        size: 'lg',
        type: 'button',
        loading: false,
        disabled: undefined
      }

      at log (src/components/ui/Button.tsx:26:13)

    console.log
      [Button] Has onClick in props: true

      at log (src/components/ui/Button.tsx:27:13)

    console.log
      [Button] All props: {
        onClick: [AsyncFunction: handleSecondaryClick],
        'aria-describedby': 'cta-heading',
        'aria-label': 'Learn More About Our Process - Get more information about our tax preparation process'
      }

      at log (src/components/ui/Button.tsx:28:13)

    console.log
      [Button] Rendering with type: button

      at log (src/components/ui/Button.tsx:25:13)

    console.log
      [Button] Props received: {
        variant: 'primary',
        size: 'lg',
        type: 'button',
        loading: false,
        disabled: undefined
      }

      at log (src/components/ui/Button.tsx:26:13)

    console.log
      [Button] Has onClick in props: true

      at log (src/components/ui/Button.tsx:27:13)

    console.log
      [Button] All props: {
        onClick: [AsyncFunction: handleCtaClick],
        'aria-describedby': 'hero-heading',
        'aria-label': 'System System Tax System - Begin your tax preparation process'
      }

      at log (src/components/ui/Button.tsx:28:13)

    console.log
      [Button] Rendering with type: button

      at log (src/components/ui/Button.tsx:25:13)

    console.log
      [Button] Props received: {
        variant: 'primary',
        size: 'lg',
        type: 'button',
        loading: false,
        disabled: undefined
      }

      at log (src/components/ui/Button.tsx:26:13)

    console.log
      [Button] Has onClick in props: true

      at log (src/components/ui/Button.tsx:27:13)

    console.log
      [Button] All props: {
        onClick: [AsyncFunction: handlePrimaryClick],
        'aria-describedby': 'cta-heading',
        'aria-label': 'Start Your Tax Preparation Now - Begin your tax preparation process now'
      }

      at log (src/components/ui/Button.tsx:28:13)

    console.log
      [Button] Rendering with type: button

      at log (src/components/ui/Button.tsx:25:13)

    console.log
      [Button] Props received: {
        variant: 'outline',
        size: 'lg',
        type: 'button',
        loading: false,
        disabled: undefined
      }

      at log (src/components/ui/Button.tsx:26:13)

    console.log
      [Button] Has onClick in props: true

      at log (src/components/ui/Button.tsx:27:13)

    console.log
      [Button] All props: {
        onClick: [AsyncFunction: handleSecondaryClick],
        'aria-describedby': 'cta-heading',
        'aria-label': 'Learn More About Our Process - Get more information about our tax preparation process'
      }

      at log (src/components/ui/Button.tsx:28:13)

    console.log
      [Button] Rendering with type: button

      at log (src/components/ui/Button.tsx:25:13)

    console.log
      [Button] Props received: {
        variant: 'primary',
        size: 'lg',
        type: 'button',
        loading: false,
        disabled: undefined
      }

      at log (src/components/ui/Button.tsx:26:13)

    console.log
      [Button] Has onClick in props: true

      at log (src/components/ui/Button.tsx:27:13)

    console.log
      [Button] All props: {
        onClick: [AsyncFunction: handleCtaClick],
        'aria-describedby': 'hero-heading',
        'aria-label': 'Process Filing - Begin your tax preparation process'
      }

      at log (src/components/ui/Button.tsx:28:13)

    console.log
      [Button] Rendering with type: button

      at log (src/components/ui/Button.tsx:25:13)

    console.log
      [Button] Props received: {
        variant: 'primary',
        size: 'lg',
        type: 'button',
        loading: false,
        disabled: undefined
      }

      at log (src/components/ui/Button.tsx:26:13)

    console.log
      [Button] Has onClick in props: true

      at log (src/components/ui/Button.tsx:27:13)

    console.log
      [Button] All props: {
        onClick: [AsyncFunction: handlePrimaryClick],
        'aria-describedby': 'cta-heading',
        'aria-label': 'Start Your Tax Preparation Now - Begin your tax preparation process now'
      }

      at log (src/components/ui/Button.tsx:28:13)

    console.log
      [Button] Rendering with type: button

      at log (src/components/ui/Button.tsx:25:13)

    console.log
      [Button] Props received: {
        variant: 'outline',
        size: 'lg',
        type: 'button',
        loading: false,
        disabled: undefined
      }

      at log (src/components/ui/Button.tsx:26:13)

    console.log
      [Button] Has onClick in props: true

      at log (src/components/ui/Button.tsx:27:13)

    console.log
      [Button] All props: {
        onClick: [AsyncFunction: handleSecondaryClick],
        'aria-describedby': 'cta-heading',
        'aria-label': 'Learn More About Our Process - Get more information about our tax preparation process'
      }

      at log (src/components/ui/Button.tsx:28:13)

    console.log
      [Button] Rendering with type: button

      at log (src/components/ui/Button.tsx:25:13)

    console.log
      [Button] Props received: {
        variant: 'primary',
        size: 'lg',
        type: 'button',
        loading: false,
        disabled: undefined
      }

      at log (src/components/ui/Button.tsx:26:13)

    console.log
      [Button] Has onClick in props: true

      at log (src/components/ui/Button.tsx:27:13)

    console.log
      [Button] All props: {
        onClick: [AsyncFunction: handleCtaClick],
        'aria-describedby': 'hero-heading',
        'aria-label': 'Tax Preparation IRS Form - Begin your tax preparation process'
      }

      at log (src/components/ui/Button.tsx:28:13)

    console.log
      [Button] Rendering with type: button

      at log (src/components/ui/Button.tsx:25:13)

    console.log
      [Button] Props received: {
        variant: 'primary',
        size: 'lg',
        type: 'button',
        loading: false,
        disabled: undefined
      }

      at log (src/components/ui/Button.tsx:26:13)

    console.log
      [Button] Has onClick in props: true

      at log (src/components/ui/Button.tsx:27:13)

    console.log
      [Button] All props: {
        onClick: [AsyncFunction: handlePrimaryClick],
        'aria-describedby': 'cta-heading',
        'aria-label': 'Start Your Tax Preparation Now - Begin your tax preparation process now'
      }

      at log (src/components/ui/Button.tsx:28:13)

    console.log
      [Button] Rendering with type: button

      at log (src/components/ui/Button.tsx:25:13)

    console.log
      [Button] Props received: {
        variant: 'outline',
        size: 'lg',
        type: 'button',
        loading: false,
        disabled: undefined
      }

      at log (src/components/ui/Button.tsx:26:13)

    console.log
      [Button] Has onClick in props: true

      at log (src/components/ui/Button.tsx:27:13)

    console.log
      [Button] All props: {
        onClick: [AsyncFunction: handleSecondaryClick],
        'aria-describedby': 'cta-heading',
        'aria-label': 'Learn More About Our Process - Get more information about our tax preparation process'
      }

      at log (src/components/ui/Button.tsx:28:13)

    console.log
      [Button] Rendering with type: button

      at log (src/components/ui/Button.tsx:25:13)

    console.log
      [Button] Props received: {
        variant: 'primary',
        size: 'lg',
        type: 'button',
        loading: false,
        disabled: undefined
      }

      at log (src/components/ui/Button.tsx:26:13)

    console.log
      [Button] Has onClick in props: true

      at log (src/components/ui/Button.tsx:27:13)

    console.log
      [Button] All props: {
        onClick: [AsyncFunction: handleCtaClick],
        'aria-describedby': 'hero-heading',
        'aria-label': 'BgRoH constr nameUcall - Begin your tax preparation process'
      }

      at log (src/components/ui/Button.tsx:28:13)

    console.log
      [Button] Rendering with type: button

      at log (src/components/ui/Button.tsx:25:13)

    console.log
      [Button] Props received: {
        variant: 'primary',
        size: 'lg',
        type: 'button',
        loading: false,
        disabled: undefined
      }

      at log (src/components/ui/Button.tsx:26:13)

    console.log
      [Button] Has onClick in props: true

      at log (src/components/ui/Button.tsx:27:13)

    console.log
      [Button] All props: {
        onClick: [AsyncFunction: handlePrimaryClick],
        'aria-describedby': 'cta-heading',
        'aria-label': 'Start Your Tax Preparation Now - Begin your tax preparation process now'
      }

      at log (src/components/ui/Button.tsx:28:13)

    console.log
      [Button] Rendering with type: button

      at log (src/components/ui/Button.tsx:25:13)

    console.log
      [Button] Props received: {
        variant: 'outline',
        size: 'lg',
        type: 'button',
        loading: false,
        disabled: undefined
      }

      at log (src/components/ui/Button.tsx:26:13)

    console.log
      [Button] Has onClick in props: true

      at log (src/components/ui/Button.tsx:27:13)

    console.log
      [Button] All props: {
        onClick: [AsyncFunction: handleSecondaryClick],
        'aria-describedby': 'cta-heading',
        'aria-label': 'Learn More About Our Process - Get more information about our tax preparation process'
      }

      at log (src/components/ui/Button.tsx:28:13)

    console.log
      [Button] Rendering with type: button

      at log (src/components/ui/Button.tsx:25:13)

    console.log
      [Button] Props received: {
        variant: 'primary',
        size: 'lg',
        type: 'button',
        loading: false,
        disabled: undefined
      }

      at log (src/components/ui/Button.tsx:26:13)

    console.log
      [Button] Has onClick in props: true

      at log (src/components/ui/Button.tsx:27:13)

    console.log
      [Button] All props: {
        onClick: [AsyncFunction: handleCtaClick],
        'aria-describedby': 'hero-heading',
        'aria-label': 'User Form Filing IRS App - Begin your tax preparation process'
      }

      at log (src/components/ui/Button.tsx:28:13)

    console.log
      [Button] Rendering with type: button

      at log (src/components/ui/Button.tsx:25:13)

    console.log
      [Button] Props received: {
        variant: 'primary',
        size: 'lg',
        type: 'button',
        loading: false,
        disabled: undefined
      }

      at log (src/components/ui/Button.tsx:26:13)

    console.log
      [Button] Has onClick in props: true

      at log (src/components/ui/Button.tsx:27:13)

    console.log
      [Button] All props: {
        onClick: [AsyncFunction: handlePrimaryClick],
        'aria-describedby': 'cta-heading',
        'aria-label': 'Start Your Tax Preparation Now - Begin your tax preparation process now'
      }

      at log (src/components/ui/Button.tsx:28:13)

    console.log
      [Button] Rendering with type: button

      at log (src/components/ui/Button.tsx:25:13)

    console.log
      [Button] Props received: {
        variant: 'outline',
        size: 'lg',
        type: 'button',
        loading: false,
        disabled: undefined
      }

      at log (src/components/ui/Button.tsx:26:13)

    console.log
      [Button] Has onClick in props: true

      at log (src/components/ui/Button.tsx:27:13)

    console.log
      [Button] All props: {
        onClick: [AsyncFunction: handleSecondaryClick],
        'aria-describedby': 'cta-heading',
        'aria-label': 'Learn More About Our Process - Get more information about our tax preparation process'
      }

      at log (src/components/ui/Button.tsx:28:13)

    console.log
      [Button] Rendering with type: button

      at log (src/components/ui/Button.tsx:25:13)

    console.log
      [Button] Props received: {
        variant: 'primary',
        size: 'lg',
        type: 'button',
        loading: false,
        disabled: undefined
      }

      at log (src/components/ui/Button.tsx:26:13)

    console.log
      [Button] Has onClick in props: true

      at log (src/components/ui/Button.tsx:27:13)

    console.log
      [Button] All props: {
        onClick: [AsyncFunction: handleCtaClick],
        'aria-describedby': 'hero-heading',
        'aria-label': 'Process User User App Preparation - Begin your tax preparation process'
      }

      at log (src/components/ui/Button.tsx:28:13)

    console.log
      [Button] Rendering with type: button

      at log (src/components/ui/Button.tsx:25:13)

    console.log
      [Button] Props received: {
        variant: 'primary',
        size: 'lg',
        type: 'button',
        loading: false,
        disabled: undefined
      }

      at log (src/components/ui/Button.tsx:26:13)

    console.log
      [Button] Has onClick in props: true

      at log (src/components/ui/Button.tsx:27:13)

    console.log
      [Button] All props: {
        onClick: [AsyncFunction: handlePrimaryClick],
        'aria-describedby': 'cta-heading',
        'aria-label': 'Start Your Tax Preparation Now - Begin your tax preparation process now'
      }

      at log (src/components/ui/Button.tsx:28:13)

    console.log
      [Button] Rendering with type: button

      at log (src/components/ui/Button.tsx:25:13)

    console.log
      [Button] Props received: {
        variant: 'outline',
        size: 'lg',
        type: 'button',
        loading: false,
        disabled: undefined
      }

      at log (src/components/ui/Button.tsx:26:13)

    console.log
      [Button] Has onClick in props: true

      at log (src/components/ui/Button.tsx:27:13)

    console.log
      [Button] All props: {
        onClick: [AsyncFunction: handleSecondaryClick],
        'aria-describedby': 'cta-heading',
        'aria-label': 'Learn More About Our Process - Get more information about our tax preparation process'
      }

      at log (src/components/ui/Button.tsx:28:13)

    console.log
      [Button] Rendering with type: button

      at log (src/components/ui/Button.tsx:25:13)

    console.log
      [Button] Props received: {
        variant: 'primary',
        size: 'lg',
        type: 'button',
        loading: false,
        disabled: undefined
      }

      at log (src/components/ui/Button.tsx:26:13)

    console.log
      [Button] Has onClick in props: true

      at log (src/components/ui/Button.tsx:27:13)

    console.log
      [Button] All props: {
        onClick: [AsyncFunction: handleCtaClick],
        'aria-describedby': 'hero-heading',
        'aria-label': 'IRS Tax App Preparation Data - Begin your tax preparation process'
      }

      at log (src/components/ui/Button.tsx:28:13)

    console.log
      [Button] Rendering with type: button

      at log (src/components/ui/Button.tsx:25:13)

    console.log
      [Button] Props received: {
        variant: 'primary',
        size: 'lg',
        type: 'button',
        loading: false,
        disabled: undefined
      }

      at log (src/components/ui/Button.tsx:26:13)

    console.log
      [Button] Has onClick in props: true

      at log (src/components/ui/Button.tsx:27:13)

    console.log
      [Button] All props: {
        onClick: [AsyncFunction: handlePrimaryClick],
        'aria-describedby': 'cta-heading',
        'aria-label': 'Start Your Tax Preparation Now - Begin your tax preparation process now'
      }

      at log (src/components/ui/Button.tsx:28:13)

    console.log
      [Button] Rendering with type: button

      at log (src/components/ui/Button.tsx:25:13)

    console.log
      [Button] Props received: {
        variant: 'outline',
        size: 'lg',
        type: 'button',
        loading: false,
        disabled: undefined
      }

      at log (src/components/ui/Button.tsx:26:13)

    console.log
      [Button] Has onClick in props: true

      at log (src/components/ui/Button.tsx:27:13)

    console.log
      [Button] All props: {
        onClick: [AsyncFunction: handleSecondaryClick],
        'aria-describedby': 'cta-heading',
        'aria-label': 'Learn More About Our Process - Get more information about our tax preparation process'
      }

      at log (src/components/ui/Button.tsx:28:13)

    console.log
      [Button] Rendering with type: button

      at log (src/components/ui/Button.tsx:25:13)

    console.log
      [Button] Props received: {
        variant: 'primary',
        size: 'lg',
        type: 'button',
        loading: false,
        disabled: undefined
      }

      at log (src/components/ui/Button.tsx:26:13)

    console.log
      [Button] Has onClick in props: true

      at log (src/components/ui/Button.tsx:27:13)

    console.log
      [Button] All props: {
        onClick: [AsyncFunction: handleCtaClick],
        'aria-describedby': 'hero-heading',
        'aria-label': 'App IRS Form Process Preparation - Begin your tax preparation process'
      }

      at log (src/components/ui/Button.tsx:28:13)

    console.log
      [Button] Rendering with type: button

      at log (src/components/ui/Button.tsx:25:13)

    console.log
      [Button] Props received: {
        variant: 'primary',
        size: 'lg',
        type: 'button',
        loading: false,
        disabled: undefined
      }

      at log (src/components/ui/Button.tsx:26:13)

    console.log
      [Button] Has onClick in props: true

      at log (src/components/ui/Button.tsx:27:13)

    console.log
      [Button] All props: {
        onClick: [AsyncFunction: handlePrimaryClick],
        'aria-describedby': 'cta-heading',
        'aria-label': 'Start Your Tax Preparation Now - Begin your tax preparation process now'
      }

      at log (src/components/ui/Button.tsx:28:13)

    console.log
      [Button] Rendering with type: button

      at log (src/components/ui/Button.tsx:25:13)

    console.log
      [Button] Props received: {
        variant: 'outline',
        size: 'lg',
        type: 'button',
        loading: false,
        disabled: undefined
      }

      at log (src/components/ui/Button.tsx:26:13)

    console.log
      [Button] Has onClick in props: true

      at log (src/components/ui/Button.tsx:27:13)

    console.log
      [Button] All props: {
        onClick: [AsyncFunction: handleSecondaryClick],
        'aria-describedby': 'cta-heading',
        'aria-label': 'Learn More About Our Process - Get more information about our tax preparation process'
      }

      at log (src/components/ui/Button.tsx:28:13)

    console.log
      [Button] Rendering with type: button

      at log (src/components/ui/Button.tsx:25:13)

    console.log
      [Button] Props received: {
        variant: 'primary',
        size: 'lg',
        type: 'button',
        loading: false,
        disabled: undefined
      }

      at log (src/components/ui/Button.tsx:26:13)

    console.log
      [Button] Has onClick in props: true

      at log (src/components/ui/Button.tsx:27:13)

    console.log
      [Button] All props: {
        onClick: [AsyncFunction: handleCtaClick],
        'aria-describedby': 'hero-heading',
        'aria-label': 'azC LfVd - Begin your tax preparation process'
      }

      at log (src/components/ui/Button.tsx:28:13)

    console.log
      [Button] Rendering with type: button

      at log (src/components/ui/Button.tsx:25:13)

    console.log
      [Button] Props received: {
        variant: 'primary',
        size: 'lg',
        type: 'button',
        loading: false,
        disabled: undefined
      }

      at log (src/components/ui/Button.tsx:26:13)

    console.log
      [Button] Has onClick in props: true

      at log (src/components/ui/Button.tsx:27:13)

    console.log
      [Button] All props: {
        onClick: [AsyncFunction: handlePrimaryClick],
        'aria-describedby': 'cta-heading',
        'aria-label': 'Start Your Tax Preparation Now - Begin your tax preparation process now'
      }

      at log (src/components/ui/Button.tsx:28:13)

    console.log
      [Button] Rendering with type: button

      at log (src/components/ui/Button.tsx:25:13)

    console.log
      [Button] Props received: {
        variant: 'outline',
        size: 'lg',
        type: 'button',
        loading: false,
        disabled: undefined
      }

      at log (src/components/ui/Button.tsx:26:13)

    console.log
      [Button] Has onClick in props: true

      at log (src/components/ui/Button.tsx:27:13)

    console.log
      [Button] All props: {
        onClick: [AsyncFunction: handleSecondaryClick],
        'aria-describedby': 'cta-heading',
        'aria-label': 'Learn More About Our Process - Get more information about our tax preparation process'
      }

      at log (src/components/ui/Button.tsx:28:13)

    console.log
      [Button] Rendering with type: button

      at log (src/components/ui/Button.tsx:25:13)

    console.log
      [Button] Props received: {
        variant: 'primary',
        size: 'lg',
        type: 'button',
        loading: false,
        disabled: undefined
      }

      at log (src/components/ui/Button.tsx:26:13)

    console.log
      [Button] Has onClick in props: true

      at log (src/components/ui/Button.tsx:27:13)

    console.log
      [Button] All props: {
        onClick: [AsyncFunction: handleCtaClick],
        'aria-describedby': 'hero-heading',
        'aria-label': 'ycT DZmMEp gUA OGf NsLnzw - Begin your tax preparation process'
      }

      at log (src/components/ui/Button.tsx:28:13)

    console.log
      [Button] Rendering with type: button

      at log (src/components/ui/Button.tsx:25:13)

    console.log
      [Button] Props received: {
        variant: 'primary',
        size: 'lg',
        type: 'button',
        loading: false,
        disabled: undefined
      }

      at log (src/components/ui/Button.tsx:26:13)

    console.log
      [Button] Has onClick in props: true

      at log (src/components/ui/Button.tsx:27:13)

    console.log
      [Button] All props: {
        onClick: [AsyncFunction: handlePrimaryClick],
        'aria-describedby': 'cta-heading',
        'aria-label': 'Start Your Tax Preparation Now - Begin your tax preparation process now'
      }

      at log (src/components/ui/Button.tsx:28:13)

    console.log
      [Button] Rendering with type: button

      at log (src/components/ui/Button.tsx:25:13)

    console.log
      [Button] Props received: {
        variant: 'outline',
        size: 'lg',
        type: 'button',
        loading: false,
        disabled: undefined
      }

      at log (src/components/ui/Button.tsx:26:13)

    console.log
      [Button] Has onClick in props: true

      at log (src/components/ui/Button.tsx:27:13)

    console.log
      [Button] All props: {
        onClick: [AsyncFunction: handleSecondaryClick],
        'aria-describedby': 'cta-heading',
        'aria-label': 'Learn More About Our Process - Get more information about our tax preparation process'
      }

      at log (src/components/ui/Button.tsx:28:13)

    console.log
      [Button] Rendering with type: button

      at log (src/components/ui/Button.tsx:25:13)

    console.log
      [Button] Props received: {
        variant: 'primary',
        size: 'lg',
        type: 'button',
        loading: false,
        disabled: undefined
      }

      at log (src/components/ui/Button.tsx:26:13)

    console.log
      [Button] Has onClick in props: true

      at log (src/components/ui/Button.tsx:27:13)

    console.log
      [Button] All props: {
        onClick: [AsyncFunction: handleCtaClick],
        'aria-describedby': 'hero-heading',
        'aria-label': 'System Form Tax - Begin your tax preparation process'
      }

      at log (src/components/ui/Button.tsx:28:13)

    console.log
      [Button] Rendering with type: button

      at log (src/components/ui/Button.tsx:25:13)

    console.log
      [Button] Props received: {
        variant: 'primary',
        size: 'lg',
        type: 'button',
        loading: false,
        disabled: undefined
      }

      at log (src/components/ui/Button.tsx:26:13)

    console.log
      [Button] Has onClick in props: true

      at log (src/components/ui/Button.tsx:27:13)

    console.log
      [Button] All props: {
        onClick: [AsyncFunction: handlePrimaryClick],
        'aria-describedby': 'cta-heading',
        'aria-label': 'Start Your Tax Preparation Now - Begin your tax preparation process now'
      }

      at log (src/components/ui/Button.tsx:28:13)

    console.log
      [Button] Rendering with type: button

      at log (src/components/ui/Button.tsx:25:13)

    console.log
      [Button] Props received: {
        variant: 'outline',
        size: 'lg',
        type: 'button',
        loading: false,
        disabled: undefined
      }

      at log (src/components/ui/Button.tsx:26:13)

    console.log
      [Button] Has onClick in props: true

      at log (src/components/ui/Button.tsx:27:13)

    console.log
      [Button] All props: {
        onClick: [AsyncFunction: handleSecondaryClick],
        'aria-describedby': 'cta-heading',
        'aria-label': 'Learn More About Our Process - Get more information about our tax preparation process'
      }

      at log (src/components/ui/Button.tsx:28:13)

    console.log
      [Button] Rendering with type: button

      at log (src/components/ui/Button.tsx:25:13)

    console.log
      [Button] Props received: {
        variant: 'primary',
        size: 'lg',
        type: 'button',
        loading: false,
        disabled: undefined
      }

      at log (src/components/ui/Button.tsx:26:13)

    console.log
      [Button] Has onClick in props: true

      at log (src/components/ui/Button.tsx:27:13)

    console.log
      [Button] All props: {
        onClick: [AsyncFunction: handleCtaClick],
        'aria-describedby': 'hero-heading',
        'aria-label': 'System App - Begin your tax preparation process'
      }

      at log (src/components/ui/Button.tsx:28:13)

    console.log
      [Button] Rendering with type: button

      at log (src/components/ui/Button.tsx:25:13)

    console.log
      [Button] Props received: {
        variant: 'primary',
        size: 'lg',
        type: 'button',
        loading: false,
        disabled: undefined
      }

      at log (src/components/ui/Button.tsx:26:13)

    console.log
      [Button] Has onClick in props: true

      at log (src/components/ui/Button.tsx:27:13)

    console.log
      [Button] All props: {
        onClick: [AsyncFunction: handlePrimaryClick],
        'aria-describedby': 'cta-heading',
        'aria-label': 'Start Your Tax Preparation Now - Begin your tax preparation process now'
      }

      at log (src/components/ui/Button.tsx:28:13)

    console.log
      [Button] Rendering with type: button

      at log (src/components/ui/Button.tsx:25:13)

    console.log
      [Button] Props received: {
        variant: 'outline',
        size: 'lg',
        type: 'button',
        loading: false,
        disabled: undefined
      }

      at log (src/components/ui/Button.tsx:26:13)

    console.log
      [Button] Has onClick in props: true

      at log (src/components/ui/Button.tsx:27:13)

    console.log
      [Button] All props: {
        onClick: [AsyncFunction: handleSecondaryClick],
        'aria-describedby': 'cta-heading',
        'aria-label': 'Learn More About Our Process - Get more information about our tax preparation process'
      }

      at log (src/components/ui/Button.tsx:28:13)

    console.log
      [Button] Rendering with type: button

      at log (src/components/ui/Button.tsx:25:13)

    console.log
      [Button] Props received: {
        variant: 'primary',
        size: 'lg',
        type: 'button',
        loading: false,
        disabled: undefined
      }

      at log (src/components/ui/Button.tsx:26:13)

    console.log
      [Button] Has onClick in props: true

      at log (src/components/ui/Button.tsx:27:13)

    console.log
      [Button] All props: {
        onClick: [AsyncFunction: handleCtaClick],
        'aria-describedby': 'hero-heading',
        'aria-label': 'User IRS IRS System - Begin your tax preparation process'
      }

      at log (src/components/ui/Button.tsx:28:13)

    console.log
      [Button] Rendering with type: button

      at log (src/components/ui/Button.tsx:25:13)

    console.log
      [Button] Props received: {
        variant: 'primary',
        size: 'lg',
        type: 'button',
        loading: false,
        disabled: undefined
      }

      at log (src/components/ui/Button.tsx:26:13)

    console.log
      [Button] Has onClick in props: true

      at log (src/components/ui/Button.tsx:27:13)

    console.log
      [Button] All props: {
        onClick: [AsyncFunction: handlePrimaryClick],
        'aria-describedby': 'cta-heading',
        'aria-label': 'Start Your Tax Preparation Now - Begin your tax preparation process now'
      }

      at log (src/components/ui/Button.tsx:28:13)

    console.log
      [Button] Rendering with type: button

      at log (src/components/ui/Button.tsx:25:13)

    console.log
      [Button] Props received: {
        variant: 'outline',
        size: 'lg',
        type: 'button',
        loading: false,
        disabled: undefined
      }

      at log (src/components/ui/Button.tsx:26:13)

    console.log
      [Button] Has onClick in props: true

      at log (src/components/ui/Button.tsx:27:13)

    console.log
      [Button] All props: {
        onClick: [AsyncFunction: handleSecondaryClick],
        'aria-describedby': 'cta-heading',
        'aria-label': 'Learn More About Our Process - Get more information about our tax preparation process'
      }

      at log (src/components/ui/Button.tsx:28:13)

    console.log
      [Button] Rendering with type: button

      at log (src/components/ui/Button.tsx:25:13)

    console.log
      [Button] Props received: {
        variant: 'primary',
        size: 'lg',
        type: 'button',
        loading: false,
        disabled: undefined
      }

      at log (src/components/ui/Button.tsx:26:13)

    console.log
      [Button] Has onClick in props: true

      at log (src/components/ui/Button.tsx:27:13)

    console.log
      [Button] All props: {
        onClick: [AsyncFunction: handleCtaClick],
        'aria-describedby': 'hero-heading',
        'aria-label': 'call lengt - Begin your tax preparation process'
      }

      at log (src/components/ui/Button.tsx:28:13)

    console.log
      [Button] Rendering with type: button

      at log (src/components/ui/Button.tsx:25:13)

    console.log
      [Button] Props received: {
        variant: 'primary',
        size: 'lg',
        type: 'button',
        loading: false,
        disabled: undefined
      }

      at log (src/components/ui/Button.tsx:26:13)

    console.log
      [Button] Has onClick in props: true

      at log (src/components/ui/Button.tsx:27:13)

    console.log
      [Button] All props: {
        onClick: [AsyncFunction: handlePrimaryClick],
        'aria-describedby': 'cta-heading',
        'aria-label': 'Start Your Tax Preparation Now - Begin your tax preparation process now'
      }

      at log (src/components/ui/Button.tsx:28:13)

    console.log
      [Button] Rendering with type: button

      at log (src/components/ui/Button.tsx:25:13)

    console.log
      [Button] Props received: {
        variant: 'outline',
        size: 'lg',
        type: 'button',
        loading: false,
        disabled: undefined
      }

      at log (src/components/ui/Button.tsx:26:13)

    console.log
      [Button] Has onClick in props: true

      at log (src/components/ui/Button.tsx:27:13)

    console.log
      [Button] All props: {
        onClick: [AsyncFunction: handleSecondaryClick],
        'aria-describedby': 'cta-heading',
        'aria-label': 'Learn More About Our Process - Get more information about our tax preparation process'
      }

      at log (src/components/ui/Button.tsx:28:13)

    console.log
      [Button] Rendering with type: button

      at log (src/components/ui/Button.tsx:25:13)

    console.log
      [Button] Props received: {
        variant: 'primary',
        size: 'lg',
        type: 'button',
        loading: false,
        disabled: undefined
      }

      at log (src/components/ui/Button.tsx:26:13)

    console.log
      [Button] Has onClick in props: true

      at log (src/components/ui/Button.tsx:27:13)

    console.log
      [Button] All props: {
        onClick: [AsyncFunction: handleCtaClick],
        'aria-describedby': 'hero-heading',
        'aria-label': 'QaOS IDE Qzf - Begin your tax preparation process'
      }

      at log (src/components/ui/Button.tsx:28:13)

    console.log
      [Button] Rendering with type: button

      at log (src/components/ui/Button.tsx:25:13)

    console.log
      [Button] Props received: {
        variant: 'primary',
        size: 'lg',
        type: 'button',
        loading: false,
        disabled: undefined
      }

      at log (src/components/ui/Button.tsx:26:13)

    console.log
      [Button] Has onClick in props: true

      at log (src/components/ui/Button.tsx:27:13)

    console.log
      [Button] All props: {
        onClick: [AsyncFunction: handlePrimaryClick],
        'aria-describedby': 'cta-heading',
        'aria-label': 'Start Your Tax Preparation Now - Begin your tax preparation process now'
      }

      at log (src/components/ui/Button.tsx:28:13)

    console.log
      [Button] Rendering with type: button

      at log (src/components/ui/Button.tsx:25:13)

    console.log
      [Button] Props received: {
        variant: 'outline',
        size: 'lg',
        type: 'button',
        loading: false,
        disabled: undefined
      }

      at log (src/components/ui/Button.tsx:26:13)

    console.log
      [Button] Has onClick in props: true

      at log (src/components/ui/Button.tsx:27:13)

    console.log
      [Button] All props: {
        onClick: [AsyncFunction: handleSecondaryClick],
        'aria-describedby': 'cta-heading',
        'aria-label': 'Learn More About Our Process - Get more information about our tax preparation process'
      }

      at log (src/components/ui/Button.tsx:28:13)

    console.log
      [Button] Rendering with type: button

      at log (src/components/ui/Button.tsx:25:13)

    console.log
      [Button] Props received: {
        variant: 'primary',
        size: 'lg',
        type: 'button',
        loading: false,
        disabled: undefined
      }

      at log (src/components/ui/Button.tsx:26:13)

    console.log
      [Button] Has onClick in props: true

      at log (src/components/ui/Button.tsx:27:13)

    console.log
      [Button] All props: {
        onClick: [AsyncFunction: handleCtaClick],
        'aria-describedby': 'hero-heading',
        'aria-label': 'caller - Begin your tax preparation process'
      }

      at log (src/components/ui/Button.tsx:28:13)

    console.log
      [Button] Rendering with type: button

      at log (src/components/ui/Button.tsx:25:13)

    console.log
      [Button] Props received: {
        variant: 'primary',
        size: 'lg',
        type: 'button',
        loading: false,
        disabled: undefined
      }

      at log (src/components/ui/Button.tsx:26:13)

    console.log
      [Button] Has onClick in props: true

      at log (src/components/ui/Button.tsx:27:13)

    console.log
      [Button] All props: {
        onClick: [AsyncFunction: handlePrimaryClick],
        'aria-describedby': 'cta-heading',
        'aria-label': 'Start Your Tax Preparation Now - Begin your tax preparation process now'
      }

      at log (src/components/ui/Button.tsx:28:13)

    console.log
      [Button] Rendering with type: button

      at log (src/components/ui/Button.tsx:25:13)

    console.log
      [Button] Props received: {
        variant: 'outline',
        size: 'lg',
        type: 'button',
        loading: false,
        disabled: undefined
      }

      at log (src/components/ui/Button.tsx:26:13)

    console.log
      [Button] Has onClick in props: true

      at log (src/components/ui/Button.tsx:27:13)

    console.log
      [Button] All props: {
        onClick: [AsyncFunction: handleSecondaryClick],
        'aria-describedby': 'cta-heading',
        'aria-label': 'Learn More About Our Process - Get more information about our tax preparation process'
      }

      at log (src/components/ui/Button.tsx:28:13)

    console.log
      [Button] Rendering with type: button

      at log (src/components/ui/Button.tsx:25:13)

    console.log
      [Button] Props received: {
        variant: 'primary',
        size: 'lg',
        type: 'button',
        loading: false,
        disabled: undefined
      }

      at log (src/components/ui/Button.tsx:26:13)

    console.log
      [Button] Has onClick in props: true

      at log (src/components/ui/Button.tsx:27:13)

    console.log
      [Button] All props: {
        onClick: [AsyncFunction: handleCtaClick],
        'aria-describedby': 'hero-heading',
        'aria-label': 'WmEn lux qvK - Begin your tax preparation process'
      }

      at log (src/components/ui/Button.tsx:28:13)

    console.log
      [Button] Rendering with type: button

      at log (src/components/ui/Button.tsx:25:13)

    console.log
      [Button] Props received: {
        variant: 'primary',
        size: 'lg',
        type: 'button',
        loading: false,
        disabled: undefined
      }

      at log (src/components/ui/Button.tsx:26:13)

    console.log
      [Button] Has onClick in props: true

      at log (src/components/ui/Button.tsx:27:13)

    console.log
      [Button] All props: {
        onClick: [AsyncFunction: handlePrimaryClick],
        'aria-describedby': 'cta-heading',
        'aria-label': 'Start Your Tax Preparation Now - Begin your tax preparation process now'
      }

      at log (src/components/ui/Button.tsx:28:13)

    console.log
      [Button] Rendering with type: button

      at log (src/components/ui/Button.tsx:25:13)

    console.log
      [Button] Props received: {
        variant: 'outline',
        size: 'lg',
        type: 'button',
        loading: false,
        disabled: undefined
      }

      at log (src/components/ui/Button.tsx:26:13)

    console.log
      [Button] Has onClick in props: true

      at log (src/components/ui/Button.tsx:27:13)

    console.log
      [Button] All props: {
        onClick: [AsyncFunction: handleSecondaryClick],
        'aria-describedby': 'cta-heading',
        'aria-label': 'Learn More About Our Process - Get more information about our tax preparation process'
      }

      at log (src/components/ui/Button.tsx:28:13)

    console.log
      [Button] Rendering with type: button

      at log (src/components/ui/Button.tsx:25:13)

    console.log
      [Button] Props received: {
        variant: 'primary',
        size: 'lg',
        type: 'button',
        loading: false,
        disabled: undefined
      }

      at log (src/components/ui/Button.tsx:26:13)

    console.log
      [Button] Has onClick in props: true

      at log (src/components/ui/Button.tsx:27:13)

    console.log
      [Button] All props: {
        onClick: [AsyncFunction: handleCtaClick],
        'aria-describedby': 'hero-heading',
        'aria-label': 'VzVGhOd name - Begin your tax preparation process'
      }

      at log (src/components/ui/Button.tsx:28:13)

    console.log
      [Button] Rendering with type: button

      at log (src/components/ui/Button.tsx:25:13)

    console.log
      [Button] Props received: {
        variant: 'primary',
        size: 'lg',
        type: 'button',
        loading: false,
        disabled: undefined
      }

      at log (src/components/ui/Button.tsx:26:13)

    console.log
      [Button] Has onClick in props: true

      at log (src/components/ui/Button.tsx:27:13)

    console.log
      [Button] All props: {
        onClick: [AsyncFunction: handlePrimaryClick],
        'aria-describedby': 'cta-heading',
        'aria-label': 'Start Your Tax Preparation Now - Begin your tax preparation process now'
      }

      at log (src/components/ui/Button.tsx:28:13)

    console.log
      [Button] Rendering with type: button

      at log (src/components/ui/Button.tsx:25:13)

    console.log
      [Button] Props received: {
        variant: 'outline',
        size: 'lg',
        type: 'button',
        loading: false,
        disabled: undefined
      }

      at log (src/components/ui/Button.tsx:26:13)

    console.log
      [Button] Has onClick in props: true

      at log (src/components/ui/Button.tsx:27:13)

    console.log
      [Button] All props: {
        onClick: [AsyncFunction: handleSecondaryClick],
        'aria-describedby': 'cta-heading',
        'aria-label': 'Learn More About Our Process - Get more information about our tax preparation process'
      }

      at log (src/components/ui/Button.tsx:28:13)

    console.log
      [Button] Rendering with type: button

      at log (src/components/ui/Button.tsx:25:13)

    console.log
      [Button] Props received: {
        variant: 'primary',
        size: 'lg',
        type: 'button',
        loading: false,
        disabled: undefined
      }

      at log (src/components/ui/Button.tsx:26:13)

    console.log
      [Button] Has onClick in props: true

      at log (src/components/ui/Button.tsx:27:13)

    console.log
      [Button] All props: {
        onClick: [AsyncFunction: handleCtaClick],
        'aria-describedby': 'hero-heading',
        'aria-label': 'Wcal XnBc xGgbD - Begin your tax preparation process'
      }

      at log (src/components/ui/Button.tsx:28:13)

    console.log
      [Button] Rendering with type: button

      at log (src/components/ui/Button.tsx:25:13)

    console.log
      [Button] Props received: {
        variant: 'primary',
        size: 'lg',
        type: 'button',
        loading: false,
        disabled: undefined
      }

      at log (src/components/ui/Button.tsx:26:13)

    console.log
      [Button] Has onClick in props: true

      at log (src/components/ui/Button.tsx:27:13)

    console.log
      [Button] All props: {
        onClick: [AsyncFunction: handlePrimaryClick],
        'aria-describedby': 'cta-heading',
        'aria-label': 'Start Your Tax Preparation Now - Begin your tax preparation process now'
      }

      at log (src/components/ui/Button.tsx:28:13)

    console.log
      [Button] Rendering with type: button

      at log (src/components/ui/Button.tsx:25:13)

    console.log
      [Button] Props received: {
        variant: 'outline',
        size: 'lg',
        type: 'button',
        loading: false,
        disabled: undefined
      }

      at log (src/components/ui/Button.tsx:26:13)

    console.log
      [Button] Has onClick in props: true

      at log (src/components/ui/Button.tsx:27:13)

    console.log
      [Button] All props: {
        onClick: [AsyncFunction: handleSecondaryClick],
        'aria-describedby': 'cta-heading',
        'aria-label': 'Learn More About Our Process - Get more information about our tax preparation process'
      }

      at log (src/components/ui/Button.tsx:28:13)

    console.log
      [Button] Rendering with type: button

      at log (src/components/ui/Button.tsx:25:13)

    console.log
      [Button] Props received: {
        variant: 'primary',
        size: 'lg',
        type: 'button',
        loading: false,
        disabled: undefined
      }

      at log (src/components/ui/Button.tsx:26:13)

    console.log
      [Button] Has onClick in props: true

      at log (src/components/ui/Button.tsx:27:13)

    console.log
      [Button] All props: {
        onClick: [AsyncFunction: handleCtaClick],
        'aria-describedby': 'hero-heading',
        'aria-label': 'uYO UKOo XTClf buhBo ErXJp - Begin your tax preparation process'
      }

      at log (src/components/ui/Button.tsx:28:13)

    console.log
      [Button] Rendering with type: button

      at log (src/components/ui/Button.tsx:25:13)

    console.log
      [Button] Props received: {
        variant: 'primary',
        size: 'lg',
        type: 'button',
        loading: false,
        disabled: undefined
      }

      at log (src/components/ui/Button.tsx:26:13)

    console.log
      [Button] Has onClick in props: true

      at log (src/components/ui/Button.tsx:27:13)

    console.log
      [Button] All props: {
        onClick: [AsyncFunction: handlePrimaryClick],
        'aria-describedby': 'cta-heading',
        'aria-label': 'Start Your Tax Preparation Now - Begin your tax preparation process now'
      }

      at log (src/components/ui/Button.tsx:28:13)

    console.log
      [Button] Rendering with type: button

      at log (src/components/ui/Button.tsx:25:13)

    console.log
      [Button] Props received: {
        variant: 'outline',
        size: 'lg',
        type: 'button',
        loading: false,
        disabled: undefined
      }

      at log (src/components/ui/Button.tsx:26:13)

    console.log
      [Button] Has onClick in props: true

      at log (src/components/ui/Button.tsx:27:13)

    console.log
      [Button] All props: {
        onClick: [AsyncFunction: handleSecondaryClick],
        'aria-describedby': 'cta-heading',
        'aria-label': 'Learn More About Our Process - Get more information about our tax preparation process'
      }

      at log (src/components/ui/Button.tsx:28:13)

    console.log
      [Button] Rendering with type: button

      at log (src/components/ui/Button.tsx:25:13)

    console.log
      [Button] Props received: {
        variant: 'primary',
        size: 'lg',
        type: 'button',
        loading: false,
        disabled: undefined
      }

      at log (src/components/ui/Button.tsx:26:13)

    console.log
      [Button] Has onClick in props: true

      at log (src/components/ui/Button.tsx:27:13)

    console.log
      [Button] All props: {
        onClick: [AsyncFunction: handleCtaClick],
        'aria-describedby': 'hero-heading',
        'aria-label': 'caller - Begin your tax preparation process'
      }

      at log (src/components/ui/Button.tsx:28:13)

    console.log
      [Button] Rendering with type: button

      at log (src/components/ui/Button.tsx:25:13)

    console.log
      [Button] Props received: {
        variant: 'primary',
        size: 'lg',
        type: 'button',
        loading: false,
        disabled: undefined
      }

      at log (src/components/ui/Button.tsx:26:13)

    console.log
      [Button] Has onClick in props: true

      at log (src/components/ui/Button.tsx:27:13)

    console.log
      [Button] All props: {
        onClick: [AsyncFunction: handlePrimaryClick],
        'aria-describedby': 'cta-heading',
        'aria-label': 'Start Your Tax Preparation Now - Begin your tax preparation process now'
      }

      at log (src/components/ui/Button.tsx:28:13)

    console.log
      [Button] Rendering with type: button

      at log (src/components/ui/Button.tsx:25:13)

    console.log
      [Button] Props received: {
        variant: 'outline',
        size: 'lg',
        type: 'button',
        loading: false,
        disabled: undefined
      }

      at log (src/components/ui/Button.tsx:26:13)

    console.log
      [Button] Has onClick in props: true

      at log (src/components/ui/Button.tsx:27:13)

    console.log
      [Button] All props: {
        onClick: [AsyncFunction: handleSecondaryClick],
        'aria-describedby': 'cta-heading',
        'aria-label': 'Learn More About Our Process - Get more information about our tax preparation process'
      }

      at log (src/components/ui/Button.tsx:28:13)

    console.log
      [Button] Rendering with type: button

      at log (src/components/ui/Button.tsx:25:13)

    console.log
      [Button] Props received: {
        variant: 'primary',
        size: 'lg',
        type: 'button',
        loading: false,
        disabled: undefined
      }

      at log (src/components/ui/Button.tsx:26:13)

    console.log
      [Button] Has onClick in props: true

      at log (src/components/ui/Button.tsx:27:13)

    console.log
      [Button] All props: {
        onClick: [AsyncFunction: handleCtaClick],
        'aria-describedby': 'hero-heading',
        'aria-label': 'Data Process Data Preparation System IRS - Begin your tax preparation process'
      }

      at log (src/components/ui/Button.tsx:28:13)

    console.log
      [Button] Rendering with type: button

      at log (src/components/ui/Button.tsx:25:13)

    console.log
      [Button] Props received: {
        variant: 'primary',
        size: 'lg',
        type: 'button',
        loading: false,
        disabled: undefined
      }

      at log (src/components/ui/Button.tsx:26:13)

    console.log
      [Button] Has onClick in props: true

      at log (src/components/ui/Button.tsx:27:13)

    console.log
      [Button] All props: {
        onClick: [AsyncFunction: handlePrimaryClick],
        'aria-describedby': 'cta-heading',
        'aria-label': 'Start Your Tax Preparation Now - Begin your tax preparation process now'
      }

      at log (src/components/ui/Button.tsx:28:13)

    console.log
      [Button] Rendering with type: button

      at log (src/components/ui/Button.tsx:25:13)

    console.log
      [Button] Props received: {
        variant: 'outline',
        size: 'lg',
        type: 'button',
        loading: false,
        disabled: undefined
      }

      at log (src/components/ui/Button.tsx:26:13)

    console.log
      [Button] Has onClick in props: true

      at log (src/components/ui/Button.tsx:27:13)

    console.log
      [Button] All props: {
        onClick: [AsyncFunction: handleSecondaryClick],
        'aria-describedby': 'cta-heading',
        'aria-label': 'Learn More About Our Process - Get more information about our tax preparation process'
      }

      at log (src/components/ui/Button.tsx:28:13)

    console.log
      [Button] Rendering with type: button

      at log (src/components/ui/Button.tsx:25:13)

    console.log
      [Button] Props received: {
        variant: 'primary',
        size: 'lg',
        type: 'button',
        loading: false,
        disabled: undefined
      }

      at log (src/components/ui/Button.tsx:26:13)

    console.log
      [Button] Has onClick in props: true

      at log (src/components/ui/Button.tsx:27:13)

    console.log
      [Button] All props: {
        onClick: [AsyncFunction: handleCtaClick],
        'aria-describedby': 'hero-heading',
        'aria-label': 'bOM Sxp MBGQxxH wfj swU - Begin your tax preparation process'
      }

      at log (src/components/ui/Button.tsx:28:13)

    console.log
      [Button] Rendering with type: button

      at log (src/components/ui/Button.tsx:25:13)

    console.log
      [Button] Props received: {
        variant: 'primary',
        size: 'lg',
        type: 'button',
        loading: false,
        disabled: undefined
      }

      at log (src/components/ui/Button.tsx:26:13)

    console.log
      [Button] Has onClick in props: true

      at log (src/components/ui/Button.tsx:27:13)

    console.log
      [Button] All props: {
        onClick: [AsyncFunction: handlePrimaryClick],
        'aria-describedby': 'cta-heading',
        'aria-label': 'Start Your Tax Preparation Now - Begin your tax preparation process now'
      }

      at log (src/components/ui/Button.tsx:28:13)

    console.log
      [Button] Rendering with type: button

      at log (src/components/ui/Button.tsx:25:13)

    console.log
      [Button] Props received: {
        variant: 'outline',
        size: 'lg',
        type: 'button',
        loading: false,
        disabled: undefined
      }

      at log (src/components/ui/Button.tsx:26:13)

    console.log
      [Button] Has onClick in props: true

      at log (src/components/ui/Button.tsx:27:13)

    console.log
      [Button] All props: {
        onClick: [AsyncFunction: handleSecondaryClick],
        'aria-describedby': 'cta-heading',
        'aria-label': 'Learn More About Our Process - Get more information about our tax preparation process'
      }

      at log (src/components/ui/Button.tsx:28:13)

    console.log
      [Button] Rendering with type: button

      at log (src/components/ui/Button.tsx:25:13)

    console.log
      [Button] Props received: {
        variant: 'primary',
        size: 'lg',
        type: 'button',
        loading: false,
        disabled: undefined
      }

      at log (src/components/ui/Button.tsx:26:13)

    console.log
      [Button] Has onClick in props: true

      at log (src/components/ui/Button.tsx:27:13)

    console.log
      [Button] All props: {
        onClick: [AsyncFunction: handleCtaClick],
        'aria-describedby': 'hero-heading',
        'aria-label': 'apply cconstru - Begin your tax preparation process'
      }

      at log (src/components/ui/Button.tsx:28:13)

    console.log
      [Button] Rendering with type: button

      at log (src/components/ui/Button.tsx:25:13)

    console.log
      [Button] Props received: {
        variant: 'primary',
        size: 'lg',
        type: 'button',
        loading: false,
        disabled: undefined
      }

      at log (src/components/ui/Button.tsx:26:13)

    console.log
      [Button] Has onClick in props: true

      at log (src/components/ui/Button.tsx:27:13)

    console.log
      [Button] All props: {
        onClick: [AsyncFunction: handlePrimaryClick],
        'aria-describedby': 'cta-heading',
        'aria-label': 'Start Your Tax Preparation Now - Begin your tax preparation process now'
      }

      at log (src/components/ui/Button.tsx:28:13)

    console.log
      [Button] Rendering with type: button

      at log (src/components/ui/Button.tsx:25:13)

    console.log
      [Button] Props received: {
        variant: 'outline',
        size: 'lg',
        type: 'button',
        loading: false,
        disabled: undefined
      }

      at log (src/components/ui/Button.tsx:26:13)

    console.log
      [Button] Has onClick in props: true

      at log (src/components/ui/Button.tsx:27:13)

    console.log
      [Button] All props: {
        onClick: [AsyncFunction: handleSecondaryClick],
        'aria-describedby': 'cta-heading',
        'aria-label': 'Learn More About Our Process - Get more information about our tax preparation process'
      }

      at log (src/components/ui/Button.tsx:28:13)

    console.log
      [Button] Rendering with type: button

      at log (src/components/ui/Button.tsx:25:13)

    console.log
      [Button] Props received: {
        variant: 'primary',
        size: 'lg',
        type: 'button',
        loading: false,
        disabled: undefined
      }

      at log (src/components/ui/Button.tsx:26:13)

    console.log
      [Button] Has onClick in props: true

      at log (src/components/ui/Button.tsx:27:13)

    console.log
      [Button] All props: {
        onClick: [AsyncFunction: handleCtaClick],
        'aria-describedby': 'hero-heading',
        'aria-label': 'ribi caller ref - Begin your tax preparation process'
      }

      at log (src/components/ui/Button.tsx:28:13)

    console.log
      [Button] Rendering with type: button

      at log (src/components/ui/Button.tsx:25:13)

    console.log
      [Button] Props received: {
        variant: 'primary',
        size: 'lg',
        type: 'button',
        loading: false,
        disabled: undefined
      }

      at log (src/components/ui/Button.tsx:26:13)

    console.log
      [Button] Has onClick in props: true

      at log (src/components/ui/Button.tsx:27:13)

    console.log
      [Button] All props: {
        onClick: [AsyncFunction: handlePrimaryClick],
        'aria-describedby': 'cta-heading',
        'aria-label': 'Start Your Tax Preparation Now - Begin your tax preparation process now'
      }

      at log (src/components/ui/Button.tsx:28:13)

    console.log
      [Button] Rendering with type: button

      at log (src/components/ui/Button.tsx:25:13)

    console.log
      [Button] Props received: {
        variant: 'outline',
        size: 'lg',
        type: 'button',
        loading: false,
        disabled: undefined
      }

      at log (src/components/ui/Button.tsx:26:13)

    console.log
      [Button] Has onClick in props: true

      at log (src/components/ui/Button.tsx:27:13)

    console.log
      [Button] All props: {
        onClick: [AsyncFunction: handleSecondaryClick],
        'aria-describedby': 'cta-heading',
        'aria-label': 'Learn More About Our Process - Get more information about our tax preparation process'
      }

      at log (src/components/ui/Button.tsx:28:13)

    console.log
      [Button] Rendering with type: button

      at log (src/components/ui/Button.tsx:25:13)

    console.log
      [Button] Props received: {
        variant: 'primary',
        size: 'lg',
        type: 'button',
        loading: false,
        disabled: undefined
      }

      at log (src/components/ui/Button.tsx:26:13)

    console.log
      [Button] Has onClick in props: true

      at log (src/components/ui/Button.tsx:27:13)

    console.log
      [Button] All props: {
        onClick: [AsyncFunction: handleCtaClick],
        'aria-describedby': 'hero-heading',
        'aria-label': 'Mcj bpwI oMvqJKM - Begin your tax preparation process'
      }

      at log (src/components/ui/Button.tsx:28:13)

    console.log
      [Button] Rendering with type: button

      at log (src/components/ui/Button.tsx:25:13)

    console.log
      [Button] Props received: {
        variant: 'primary',
        size: 'lg',
        type: 'button',
        loading: false,
        disabled: undefined
      }

      at log (src/components/ui/Button.tsx:26:13)

    console.log
      [Button] Has onClick in props: true

      at log (src/components/ui/Button.tsx:27:13)

    console.log
      [Button] All props: {
        onClick: [AsyncFunction: handlePrimaryClick],
        'aria-describedby': 'cta-heading',
        'aria-label': 'Start Your Tax Preparation Now - Begin your tax preparation process now'
      }

      at log (src/components/ui/Button.tsx:28:13)

    console.log
      [Button] Rendering with type: button

      at log (src/components/ui/Button.tsx:25:13)

    console.log
      [Button] Props received: {
        variant: 'outline',
        size: 'lg',
        type: 'button',
        loading: false,
        disabled: undefined
      }

      at log (src/components/ui/Button.tsx:26:13)

    console.log
      [Button] Has onClick in props: true

      at log (src/components/ui/Button.tsx:27:13)

    console.log
      [Button] All props: {
        onClick: [AsyncFunction: handleSecondaryClick],
        'aria-describedby': 'cta-heading',
        'aria-label': 'Learn More About Our Process - Get more information about our tax preparation process'
      }

      at log (src/components/ui/Button.tsx:28:13)

    console.log
      [Button] Rendering with type: button

      at log (src/components/ui/Button.tsx:25:13)

    console.log
      [Button] Props received: {
        variant: 'primary',
        size: 'lg',
        type: 'button',
        loading: false,
        disabled: undefined
      }

      at log (src/components/ui/Button.tsx:26:13)

    console.log
      [Button] Has onClick in props: true

      at log (src/components/ui/Button.tsx:27:13)

    console.log
      [Button] All props: {
        onClick: [AsyncFunction: handleCtaClick],
        'aria-describedby': 'hero-heading',
        'aria-label': 'length appl mFn hcEgBr name - Begin your tax preparation process'
      }

      at log (src/components/ui/Button.tsx:28:13)

    console.log
      [Button] Rendering with type: button

      at log (src/components/ui/Button.tsx:25:13)

    console.log
      [Button] Props received: {
        variant: 'primary',
        size: 'lg',
        type: 'button',
        loading: false,
        disabled: undefined
      }

      at log (src/components/ui/Button.tsx:26:13)

    console.log
      [Button] Has onClick in props: true

      at log (src/components/ui/Button.tsx:27:13)

    console.log
      [Button] All props: {
        onClick: [AsyncFunction: handlePrimaryClick],
        'aria-describedby': 'cta-heading',
        'aria-label': 'Start Your Tax Preparation Now - Begin your tax preparation process now'
      }

      at log (src/components/ui/Button.tsx:28:13)

    console.log
      [Button] Rendering with type: button

      at log (src/components/ui/Button.tsx:25:13)

    console.log
      [Button] Props received: {
        variant: 'outline',
        size: 'lg',
        type: 'button',
        loading: false,
        disabled: undefined
      }

      at log (src/components/ui/Button.tsx:26:13)

    console.log
      [Button] Has onClick in props: true

      at log (src/components/ui/Button.tsx:27:13)

    console.log
      [Button] All props: {
        onClick: [AsyncFunction: handleSecondaryClick],
        'aria-describedby': 'cta-heading',
        'aria-label': 'Learn More About Our Process - Get more information about our tax preparation process'
      }

      at log (src/components/ui/Button.tsx:28:13)

    console.log
      [Button] Rendering with type: button

      at log (src/components/ui/Button.tsx:25:13)

    console.log
      [Button] Props received: {
        variant: 'primary',
        size: 'lg',
        type: 'button',
        loading: false,
        disabled: undefined
      }

      at log (src/components/ui/Button.tsx:26:13)

    console.log
      [Button] Has onClick in props: true

      at log (src/components/ui/Button.tsx:27:13)

    console.log
      [Button] All props: {
        onClick: [AsyncFunction: handlePrimaryClick],
        'aria-describedby': 'cta-heading',
        'aria-label': 'toStri - Begin your tax preparation process now'
      }

      at log (src/components/ui/Button.tsx:28:13)

    console.log
      [Button] Rendering with type: button

      at log (src/components/ui/Button.tsx:25:13)

    console.log
      [Button] Props received: {
        variant: 'outline',
        size: 'lg',
        type: 'button',
        loading: false,
        disabled: undefined
      }

      at log (src/components/ui/Button.tsx:26:13)

    console.log
      [Button] Has onClick in props: true

      at log (src/components/ui/Button.tsx:27:13)

    console.log
      [Button] All props: {
        onClick: [AsyncFunction: handleSecondaryClick],
        'aria-describedby': 'cta-heading',
        'aria-label': 'Preparation Tax System System - Get more information about our tax preparation process'
      }

      at log (src/components/ui/Button.tsx:28:13)

    console.log
      [Button] Rendering with type: button

      at log (src/components/ui/Button.tsx:25:13)

    console.log
      [Button] Props received: {
        variant: 'primary',
        size: 'lg',
        type: 'button',
        loading: false,
        disabled: undefined
      }

      at log (src/components/ui/Button.tsx:26:13)

    console.log
      [Button] Has onClick in props: true

      at log (src/components/ui/Button.tsx:27:13)

    console.log
      [Button] All props: {
        onClick: [AsyncFunction: handlePrimaryClick],
        'aria-describedby': 'cta-heading',
        'aria-label': 'Filing Preparation IRS - Begin your tax preparation process now'
      }

      at log (src/components/ui/Button.tsx:28:13)

    console.log
      [Button] Rendering with type: button

      at log (src/components/ui/Button.tsx:25:13)

    console.log
      [Button] Props received: {
        variant: 'outline',
        size: 'lg',
        type: 'button',
        loading: false,
        disabled: undefined
      }

      at log (src/components/ui/Button.tsx:26:13)

    console.log
      [Button] Has onClick in props: true

      at log (src/components/ui/Button.tsx:27:13)

    console.log
      [Button] All props: {
        onClick: [AsyncFunction: handleSecondaryClick],
        'aria-describedby': 'cta-heading',
        'aria-label': 'System Process - Get more information about our tax preparation process'
      }

      at log (src/components/ui/Button.tsx:28:13)

    console.log
      [Button] Rendering with type: button

      at log (src/components/ui/Button.tsx:25:13)

    console.log
      [Button] Props received: {
        variant: 'primary',
        size: 'lg',
        type: 'button',
        loading: false,
        disabled: undefined
      }

      at log (src/components/ui/Button.tsx:26:13)

    console.log
      [Button] Has onClick in props: true

      at log (src/components/ui/Button.tsx:27:13)

    console.log
      [Button] All props: {
        onClick: [AsyncFunction: handlePrimaryClick],
        'aria-describedby': 'cta-heading',
        'aria-label': 'BoWh TKyUtA ebCo - Begin your tax preparation process now'
      }

      at log (src/components/ui/Button.tsx:28:13)

    console.log
      [Button] Rendering with type: button

      at log (src/components/ui/Button.tsx:25:13)

    console.log
      [Button] Props received: {
        variant: 'outline',
        size: 'lg',
        type: 'button',
        loading: false,
        disabled: undefined
      }

      at log (src/components/ui/Button.tsx:26:13)

    console.log
      [Button] Has onClick in props: true

      at log (src/components/ui/Button.tsx:27:13)

    console.log
      [Button] All props: {
        onClick: [AsyncFunction: handleSecondaryClick],
        'aria-describedby': 'cta-heading',
        'aria-label': 'IRS User Filing Form Preparation - Get more information about our tax preparation process'
      }

      at log (src/components/ui/Button.tsx:28:13)

    console.log
      [Button] Rendering with type: button

      at log (src/components/ui/Button.tsx:25:13)

    console.log
      [Button] Props received: {
        variant: 'primary',
        size: 'lg',
        type: 'button',
        loading: false,
        disabled: undefined
      }

      at log (src/components/ui/Button.tsx:26:13)

    console.log
      [Button] Has onClick in props: true

      at log (src/components/ui/Button.tsx:27:13)

    console.log
      [Button] All props: {
        onClick: [AsyncFunction: handlePrimaryClick],
        'aria-describedby': 'cta-heading',
        'aria-label': 'Data Data IRS System - Begin your tax preparation process now'
      }

      at log (src/components/ui/Button.tsx:28:13)

    console.log
      [Button] Rendering with type: button

      at log (src/components/ui/Button.tsx:25:13)

    console.log
      [Button] Props received: {
        variant: 'outline',
        size: 'lg',
        type: 'button',
        loading: false,
        disabled: undefined
      }

      at log (src/components/ui/Button.tsx:26:13)

    console.log
      [Button] Has onClick in props: true

      at log (src/components/ui/Button.tsx:27:13)

    console.log
      [Button] All props: {
        onClick: [AsyncFunction: handleSecondaryClick],
        'aria-describedby': 'cta-heading',
        'aria-label': 'App Data - Get more information about our tax preparation process'
      }

      at log (src/components/ui/Button.tsx:28:13)

    console.log
      [Button] Rendering with type: button

      at log (src/components/ui/Button.tsx:25:13)

    console.log
      [Button] Props received: {
        variant: 'primary',
        size: 'lg',
        type: 'button',
        loading: false,
        disabled: undefined
      }

      at log (src/components/ui/Button.tsx:26:13)

    console.log
      [Button] Has onClick in props: true

      at log (src/components/ui/Button.tsx:27:13)

    console.log
      [Button] All props: {
        onClick: [AsyncFunction: handlePrimaryClick],
        'aria-describedby': 'cta-heading',
        'aria-label': 'RwL yWt HZq KhL TmcXSi - Begin your tax preparation process now'
      }

      at log (src/components/ui/Button.tsx:28:13)

    console.log
      [Button] Rendering with type: button

      at log (src/components/ui/Button.tsx:25:13)

    console.log
      [Button] Props received: {
        variant: 'outline',
        size: 'lg',
        type: 'button',
        loading: false,
        disabled: undefined
      }

      at log (src/components/ui/Button.tsx:26:13)

    console.log
      [Button] Has onClick in props: true

      at log (src/components/ui/Button.tsx:27:13)

    console.log
      [Button] All props: {
        onClick: [AsyncFunction: handleSecondaryClick],
        'aria-describedby': 'cta-heading',
        'aria-label': 'ZpA GJF xoyb - Get more information about our tax preparation process'
      }

      at log (src/components/ui/Button.tsx:28:13)

    console.log
      [Button] Rendering with type: button

      at log (src/components/ui/Button.tsx:25:13)

    console.log
      [Button] Props received: {
        variant: 'primary',
        size: 'lg',
        type: 'button',
        loading: false,
        disabled: undefined
      }

      at log (src/components/ui/Button.tsx:26:13)

    console.log
      [Button] Has onClick in props: true

      at log (src/components/ui/Button.tsx:27:13)

    console.log
      [Button] All props: {
        onClick: [AsyncFunction: handlePrimaryClick],
        'aria-describedby': 'cta-heading',
        'aria-label': 'call name JWt MeF length - Begin your tax preparation process now'
      }

      at log (src/components/ui/Button.tsx:28:13)

    console.log
      [Button] Rendering with type: button

      at log (src/components/ui/Button.tsx:25:13)

    console.log
      [Button] Props received: {
        variant: 'outline',
        size: 'lg',
        type: 'button',
        loading: false,
        disabled: undefined
      }

      at log (src/components/ui/Button.tsx:26:13)

    console.log
      [Button] Has onClick in props: true

      at log (src/components/ui/Button.tsx:27:13)

    console.log
      [Button] All props: {
        onClick: [AsyncFunction: handleSecondaryClick],
        'aria-describedby': 'cta-heading',
        'aria-label': 'Preparation Data Form - Get more information about our tax preparation process'
      }

      at log (src/components/ui/Button.tsx:28:13)

    console.log
      [Button] Rendering with type: button

      at log (src/components/ui/Button.tsx:25:13)

    console.log
      [Button] Props received: {
        variant: 'primary',
        size: 'lg',
        type: 'button',
        loading: false,
        disabled: undefined
      }

      at log (src/components/ui/Button.tsx:26:13)

    console.log
      [Button] Has onClick in props: true

      at log (src/components/ui/Button.tsx:27:13)

    console.log
      [Button] All props: {
        onClick: [AsyncFunction: handlePrimaryClick],
        'aria-describedby': 'cta-heading',
        'aria-label': 'prototype zcallerappl prototype ZLpDPcb - Begin your tax preparation process now'
      }

      at log (src/components/ui/Button.tsx:28:13)

    console.log
      [Button] Rendering with type: button

      at log (src/components/ui/Button.tsx:25:13)

    console.log
      [Button] Props received: {
        variant: 'outline',
        size: 'lg',
        type: 'button',
        loading: false,
        disabled: undefined
      }

      at log (src/components/ui/Button.tsx:26:13)

    console.log
      [Button] Has onClick in props: true

      at log (src/components/ui/Button.tsx:27:13)

    console.log
      [Button] All props: {
        onClick: [AsyncFunction: handleSecondaryClick],
        'aria-describedby': 'cta-heading',
        'aria-label': 'hdb mRDv xnBn iuaF pucfXGg - Get more information about our tax preparation process'
      }

      at log (src/components/ui/Button.tsx:28:13)

    console.log
      [Button] Rendering with type: button

      at log (src/components/ui/Button.tsx:25:13)

    console.log
      [Button] Props received: {
        variant: 'primary',
        size: 'lg',
        type: 'button',
        loading: false,
        disabled: undefined
      }

      at log (src/components/ui/Button.tsx:26:13)

    console.log
      [Button] Has onClick in props: true

      at log (src/components/ui/Button.tsx:27:13)

    console.log
      [Button] All props: {
        onClick: [AsyncFunction: handlePrimaryClick],
        'aria-describedby': 'cta-heading',
        'aria-label': 'Tax App Data Filing Form IRS - Begin your tax preparation process now'
      }

      at log (src/components/ui/Button.tsx:28:13)

    console.log
      [Button] Rendering with type: button

      at log (src/components/ui/Button.tsx:25:13)

    console.log
      [Button] Props received: {
        variant: 'outline',
        size: 'lg',
        type: 'button',
        loading: false,
        disabled: undefined
      }

      at log (src/components/ui/Button.tsx:26:13)

    console.log
      [Button] Has onClick in props: true

      at log (src/components/ui/Button.tsx:27:13)

    console.log
      [Button] All props: {
        onClick: [AsyncFunction: handleSecondaryClick],
        'aria-describedby': 'cta-heading',
        'aria-label': 'Process System - Get more information about our tax preparation process'
      }

      at log (src/components/ui/Button.tsx:28:13)

    console.log
      [Button] Rendering with type: button

      at log (src/components/ui/Button.tsx:25:13)

    console.log
      [Button] Props received: {
        variant: 'primary',
        size: 'lg',
        type: 'button',
        loading: false,
        disabled: undefined
      }

      at log (src/components/ui/Button.tsx:26:13)

    console.log
      [Button] Has onClick in props: true

      at log (src/components/ui/Button.tsx:27:13)

    console.log
      [Button] All props: {
        onClick: [AsyncFunction: handlePrimaryClick],
        'aria-describedby': 'cta-heading',
        'aria-label': 'Filing IRS User - Begin your tax preparation process now'
      }

      at log (src/components/ui/Button.tsx:28:13)

    console.log
      [Button] Rendering with type: button

      at log (src/components/ui/Button.tsx:25:13)

    console.log
      [Button] Props received: {
        variant: 'outline',
        size: 'lg',
        type: 'button',
        loading: false,
        disabled: undefined
      }

      at log (src/components/ui/Button.tsx:26:13)

    console.log
      [Button] Has onClick in props: true

      at log (src/components/ui/Button.tsx:27:13)

    console.log
      [Button] All props: {
        onClick: [AsyncFunction: handleSecondaryClick],
        'aria-describedby': 'cta-heading',
        'aria-label': 'apply key xeneconstr binda BJc - Get more information about our tax preparation process'
      }

      at log (src/components/ui/Button.tsx:28:13)

    console.log
      [Button] Rendering with type: button

      at log (src/components/ui/Button.tsx:25:13)

    console.log
      [Button] Props received: {
        variant: 'primary',
        size: 'lg',
        type: 'button',
        loading: false,
        disabled: undefined
      }

      at log (src/components/ui/Button.tsx:26:13)

    console.log
      [Button] Has onClick in props: true

      at log (src/components/ui/Button.tsx:27:13)

    console.log
      [Button] All props: {
        onClick: [AsyncFunction: handlePrimaryClick],
        'aria-describedby': 'cta-heading',
        'aria-label': 'Form Filing Filing - Begin your tax preparation process now'
      }

      at log (src/components/ui/Button.tsx:28:13)

    console.log
      [Button] Rendering with type: button

      at log (src/components/ui/Button.tsx:25:13)

    console.log
      [Button] Props received: {
        variant: 'outline',
        size: 'lg',
        type: 'button',
        loading: false,
        disabled: undefined
      }

      at log (src/components/ui/Button.tsx:26:13)

    console.log
      [Button] Has onClick in props: true

      at log (src/components/ui/Button.tsx:27:13)

    console.log
      [Button] All props: {
        onClick: [AsyncFunction: handleSecondaryClick],
        'aria-describedby': 'cta-heading',
        'aria-label': 'MuF iMn omC WCLKgd YxtIJ - Get more information about our tax preparation process'
      }

      at log (src/components/ui/Button.tsx:28:13)

    console.log
      [Button] Rendering with type: button

      at log (src/components/ui/Button.tsx:25:13)

    console.log
      [Button] Props received: {
        variant: 'primary',
        size: 'lg',
        type: 'button',
        loading: false,
        disabled: undefined
      }

      at log (src/components/ui/Button.tsx:26:13)

    console.log
      [Button] Has onClick in props: true

      at log (src/components/ui/Button.tsx:27:13)

    console.log
      [Button] All props: {
        onClick: [AsyncFunction: handlePrimaryClick],
        'aria-describedby': 'cta-heading',
        'aria-label': 'njgTC qOe pCMa VCY ZSUAI - Begin your tax preparation process now'
      }

      at log (src/components/ui/Button.tsx:28:13)

    console.log
      [Button] Rendering with type: button

      at log (src/components/ui/Button.tsx:25:13)

    console.log
      [Button] Props received: {
        variant: 'outline',
        size: 'lg',
        type: 'button',
        loading: false,
        disabled: undefined
      }

      at log (src/components/ui/Button.tsx:26:13)

    console.log
      [Button] Has onClick in props: true

      at log (src/components/ui/Button.tsx:27:13)

    console.log
      [Button] All props: {
        onClick: [AsyncFunction: handleSecondaryClick],
        'aria-describedby': 'cta-heading',
        'aria-label': 'Filing System Filing Data User IRS - Get more information about our tax preparation process'
      }

      at log (src/components/ui/Button.tsx:28:13)

    console.log
      [Button] Rendering with type: button

      at log (src/components/ui/Button.tsx:25:13)

    console.log
      [Button] Props received: {
        variant: 'primary',
        size: 'lg',
        type: 'button',
        loading: false,
        disabled: undefined
      }

      at log (src/components/ui/Button.tsx:26:13)

    console.log
      [Button] Has onClick in props: true

      at log (src/components/ui/Button.tsx:27:13)

    console.log
      [Button] All props: {
        onClick: [AsyncFunction: handlePrimaryClick],
        'aria-describedby': 'cta-heading',
        'aria-label': 'EVFoo - Begin your tax preparation process now'
      }

      at log (src/components/ui/Button.tsx:28:13)

    console.log
      [Button] Rendering with type: button

      at log (src/components/ui/Button.tsx:25:13)

    console.log
      [Button] Props received: {
        variant: 'outline',
        size: 'lg',
        type: 'button',
        loading: false,
        disabled: undefined
      }

      at log (src/components/ui/Button.tsx:26:13)

    console.log
      [Button] Has onClick in props: true

      at log (src/components/ui/Button.tsx:27:13)

    console.log
      [Button] All props: {
        onClick: [AsyncFunction: handleSecondaryClick],
        'aria-describedby': 'cta-heading',
        'aria-label': 'Filing Data - Get more information about our tax preparation process'
      }

      at log (src/components/ui/Button.tsx:28:13)

    console.log
      [Button] Rendering with type: button

      at log (src/components/ui/Button.tsx:25:13)

    console.log
      [Button] Props received: {
        variant: 'primary',
        size: 'lg',
        type: 'button',
        loading: false,
        disabled: undefined
      }

      at log (src/components/ui/Button.tsx:26:13)

    console.log
      [Button] Has onClick in props: true

      at log (src/components/ui/Button.tsx:27:13)

    console.log
      [Button] All props: {
        onClick: [AsyncFunction: handlePrimaryClick],
        'aria-describedby': 'cta-heading',
        'aria-label': 'tDJ YjxQ HlM SAT uyK - Begin your tax preparation process now'
      }

      at log (src/components/ui/Button.tsx:28:13)

    console.log
      [Button] Rendering with type: button

      at log (src/components/ui/Button.tsx:25:13)

    console.log
      [Button] Props received: {
        variant: 'outline',
        size: 'lg',
        type: 'button',
        loading: false,
        disabled: undefined
      }

      at log (src/components/ui/Button.tsx:26:13)

    console.log
      [Button] Has onClick in props: true

      at log (src/components/ui/Button.tsx:27:13)

    console.log
      [Button] All props: {
        onClick: [AsyncFunction: handleSecondaryClick],
        'aria-describedby': 'cta-heading',
        'aria-label': 'Data Process User - Get more information about our tax preparation process'
      }

      at log (src/components/ui/Button.tsx:28:13)

    console.log
      [Button] Rendering with type: button

      at log (src/components/ui/Button.tsx:25:13)

    console.log
      [Button] Props received: {
        variant: 'primary',
        size: 'lg',
        type: 'button',
        loading: false,
        disabled: undefined
      }

      at log (src/components/ui/Button.tsx:26:13)

    console.log
      [Button] Has onClick in props: true

      at log (src/components/ui/Button.tsx:27:13)

    console.log
      [Button] All props: {
        onClick: [AsyncFunction: handlePrimaryClick],
        'aria-describedby': 'cta-heading',
        'aria-label': 'App App App System - Begin your tax preparation process now'
      }

      at log (src/components/ui/Button.tsx:28:13)

    console.log
      [Button] Rendering with type: button

      at log (src/components/ui/Button.tsx:25:13)

    console.log
      [Button] Props received: {
        variant: 'outline',
        size: 'lg',
        type: 'button',
        loading: false,
        disabled: undefined
      }

      at log (src/components/ui/Button.tsx:26:13)

    console.log
      [Button] Has onClick in props: true

      at log (src/components/ui/Button.tsx:27:13)

    console.log
      [Button] All props: {
        onClick: [AsyncFunction: handleSecondaryClick],
        'aria-describedby': 'cta-heading',
        'aria-label': 'Form App - Get more information about our tax preparation process'
      }

      at log (src/components/ui/Button.tsx:28:13)

    console.log
      [Button] Rendering with type: button

      at log (src/components/ui/Button.tsx:25:13)

    console.log
      [Button] Props received: {
        variant: 'primary',
        size: 'lg',
        type: 'button',
        loading: false,
        disabled: undefined
      }

      at log (src/components/ui/Button.tsx:26:13)

    console.log
      [Button] Has onClick in props: true

      at log (src/components/ui/Button.tsx:27:13)

    console.log
      [Button] All props: {
        onClick: [AsyncFunction: handlePrimaryClick],
        'aria-describedby': 'cta-heading',
        'aria-label': 'App System Data Tax Form - Begin your tax preparation process now'
      }

      at log (src/components/ui/Button.tsx:28:13)

    console.log
      [Button] Rendering with type: button

      at log (src/components/ui/Button.tsx:25:13)

    console.log
      [Button] Props received: {
        variant: 'outline',
        size: 'lg',
        type: 'button',
        loading: false,
        disabled: undefined
      }

      at log (src/components/ui/Button.tsx:26:13)

    console.log
      [Button] Has onClick in props: true

      at log (src/components/ui/Button.tsx:27:13)

    console.log
      [Button] All props: {
        onClick: [AsyncFunction: handleSecondaryClick],
        'aria-describedby': 'cta-heading',
        'aria-label': 'Process Tax - Get more information about our tax preparation process'
      }

      at log (src/components/ui/Button.tsx:28:13)

    console.log
      [Button] Rendering with type: button

      at log (src/components/ui/Button.tsx:25:13)

    console.log
      [Button] Props received: {
        variant: 'primary',
        size: 'lg',
        type: 'button',
        loading: false,
        disabled: undefined
      }

      at log (src/components/ui/Button.tsx:26:13)

    console.log
      [Button] Has onClick in props: true

      at log (src/components/ui/Button.tsx:27:13)

    console.log
      [Button] All props: {
        onClick: [AsyncFunction: handlePrimaryClick],
        'aria-describedby': 'cta-heading',
        'aria-label': 'PIt KvJ - Begin your tax preparation process now'
      }

      at log (src/components/ui/Button.tsx:28:13)

    console.log
      [Button] Rendering with type: button

      at log (src/components/ui/Button.tsx:25:13)

    console.log
      [Button] Props received: {
        variant: 'outline',
        size: 'lg',
        type: 'button',
        loading: false,
        disabled: undefined
      }

      at log (src/components/ui/Button.tsx:26:13)

    console.log
      [Button] Has onClick in props: true

      at log (src/components/ui/Button.tsx:27:13)

    console.log
      [Button] All props: {
        onClick: [AsyncFunction: handleSecondaryClick],
        'aria-describedby': 'cta-heading',
        'aria-label': 'toString toString prototype TDeU - Get more information about our tax preparation process'
      }

      at log (src/components/ui/Button.tsx:28:13)

    console.log
      [Button] Rendering with type: button

      at log (src/components/ui/Button.tsx:25:13)

    console.log
      [Button] Props received: {
        variant: 'primary',
        size: 'lg',
        type: 'button',
        loading: false,
        disabled: undefined
      }

      at log (src/components/ui/Button.tsx:26:13)

    console.log
      [Button] Has onClick in props: true

      at log (src/components/ui/Button.tsx:27:13)

    console.log
      [Button] All props: {
        onClick: [AsyncFunction: handlePrimaryClick],
        'aria-describedby': 'cta-heading',
        'aria-label': 'User System Process IRS System Tax - Begin your tax preparation process now'
      }

      at log (src/components/ui/Button.tsx:28:13)

    console.log
      [Button] Rendering with type: button

      at log (src/components/ui/Button.tsx:25:13)

    console.log
      [Button] Props received: {
        variant: 'outline',
        size: 'lg',
        type: 'button',
        loading: false,
        disabled: undefined
      }

      at log (src/components/ui/Button.tsx:26:13)

    console.log
      [Button] Has onClick in props: true

      at log (src/components/ui/Button.tsx:27:13)

    console.log
      [Button] All props: {
        onClick: [AsyncFunction: handleSecondaryClick],
        'aria-describedby': 'cta-heading',
        'aria-label': 'lEB Nit NGg valueOf - Get more information about our tax preparation process'
      }

      at log (src/components/ui/Button.tsx:28:13)

    console.log
      [Button] Rendering with type: button

      at log (src/components/ui/Button.tsx:25:13)

    console.log
      [Button] Props received: {
        variant: 'primary',
        size: 'lg',
        type: 'button',
        loading: false,
        disabled: undefined
      }

      at log (src/components/ui/Button.tsx:26:13)

    console.log
      [Button] Has onClick in props: true

      at log (src/components/ui/Button.tsx:27:13)

    console.log
      [Button] All props: {
        onClick: [AsyncFunction: handlePrimaryClick],
        'aria-describedby': 'cta-heading',
        'aria-label': 'Preparation Filing User Tax IRS - Begin your tax preparation process now'
      }

      at log (src/components/ui/Button.tsx:28:13)

    console.log
      [Button] Rendering with type: button

      at log (src/components/ui/Button.tsx:25:13)

    console.log
      [Button] Props received: {
        variant: 'outline',
        size: 'lg',
        type: 'button',
        loading: false,
        disabled: undefined
      }

      at log (src/components/ui/Button.tsx:26:13)

    console.log
      [Button] Has onClick in props: true

      at log (src/components/ui/Button.tsx:27:13)

    console.log
      [Button] All props: {
        onClick: [AsyncFunction: handleSecondaryClick],
        'aria-describedby': 'cta-heading',
        'aria-label': 'lGQvs vhYV YxXKe - Get more information about our tax preparation process'
      }

      at log (src/components/ui/Button.tsx:28:13)

    console.log
      [Button] Rendering with type: button

      at log (src/components/ui/Button.tsx:25:13)

    console.log
      [Button] Props received: {
        variant: 'primary',
        size: 'lg',
        type: 'button',
        loading: false,
        disabled: undefined
      }

      at log (src/components/ui/Button.tsx:26:13)

    console.log
      [Button] Has onClick in props: true

      at log (src/components/ui/Button.tsx:27:13)

    console.log
      [Button] All props: {
        onClick: [AsyncFunction: handlePrimaryClick],
        'aria-describedby': 'cta-heading',
        'aria-label': 'Tax Preparation Tax - Begin your tax preparation process now'
      }

      at log (src/components/ui/Button.tsx:28:13)

    console.log
      [Button] Rendering with type: button

      at log (src/components/ui/Button.tsx:25:13)

    console.log
      [Button] Props received: {
        variant: 'outline',
        size: 'lg',
        type: 'button',
        loading: false,
        disabled: undefined
      }

      at log (src/components/ui/Button.tsx:26:13)

    console.log
      [Button] Has onClick in props: true

      at log (src/components/ui/Button.tsx:27:13)

    console.log
      [Button] All props: {
        onClick: [AsyncFunction: handleSecondaryClick],
        'aria-describedby': 'cta-heading',
        'aria-label': 'Tax Data Process Tax Data - Get more information about our tax preparation process'
      }

      at log (src/components/ui/Button.tsx:28:13)

    console.log
      [Button] Rendering with type: button

      at log (src/components/ui/Button.tsx:25:13)

    console.log
      [Button] Props received: {
        variant: 'primary',
        size: 'lg',
        type: 'button',
        loading: false,
        disabled: undefined
      }

      at log (src/components/ui/Button.tsx:26:13)

    console.log
      [Button] Has onClick in props: true

      at log (src/components/ui/Button.tsx:27:13)

    console.log
      [Button] All props: {
        onClick: [AsyncFunction: handlePrimaryClick],
        'aria-describedby': 'cta-heading',
        'aria-label': 'apply - Begin your tax preparation process now'
      }

      at log (src/components/ui/Button.tsx:28:13)

    console.log
      [Button] Rendering with type: button

      at log (src/components/ui/Button.tsx:25:13)

    console.log
      [Button] Props received: {
        variant: 'outline',
        size: 'lg',
        type: 'button',
        loading: false,
        disabled: undefined
      }

      at log (src/components/ui/Button.tsx:26:13)

    console.log
      [Button] Has onClick in props: true

      at log (src/components/ui/Button.tsx:27:13)

    console.log
      [Button] All props: {
        onClick: [AsyncFunction: handleSecondaryClick],
        'aria-describedby': 'cta-heading',
        'aria-label': 'Data IRS App - Get more information about our tax preparation process'
      }

      at log (src/components/ui/Button.tsx:28:13)

    console.log
      [Button] Rendering with type: button

      at log (src/components/ui/Button.tsx:25:13)

    console.log
      [Button] Props received: {
        variant: 'primary',
        size: 'lg',
        type: 'button',
        loading: false,
        disabled: undefined
      }

      at log (src/components/ui/Button.tsx:26:13)

    console.log
      [Button] Has onClick in props: true

      at log (src/components/ui/Button.tsx:27:13)

    console.log
      [Button] All props: {
        onClick: [AsyncFunction: handlePrimaryClick],
        'aria-describedby': 'cta-heading',
        'aria-label': 'Process System - Begin your tax preparation process now'
      }

      at log (src/components/ui/Button.tsx:28:13)

    console.log
      [Button] Rendering with type: button

      at log (src/components/ui/Button.tsx:25:13)

    console.log
      [Button] Props received: {
        variant: 'outline',
        size: 'lg',
        type: 'button',
        loading: false,
        disabled: undefined
      }

      at log (src/components/ui/Button.tsx:26:13)

    console.log
      [Button] Has onClick in props: true

      at log (src/components/ui/Button.tsx:27:13)

    console.log
      [Button] All props: {
        onClick: [AsyncFunction: handleSecondaryClick],
        'aria-describedby': 'cta-heading',
        'aria-label': 'VCAlY Azxmyq BvEN xBq iQC - Get more information about our tax preparation process'
      }

      at log (src/components/ui/Button.tsx:28:13)

    console.log
      [Button] Rendering with type: button

      at log (src/components/ui/Button.tsx:25:13)

    console.log
      [Button] Props received: {
        variant: 'primary',
        size: 'lg',
        type: 'button',
        loading: false,
        disabled: undefined
      }

      at log (src/components/ui/Button.tsx:26:13)

    console.log
      [Button] Has onClick in props: true

      at log (src/components/ui/Button.tsx:27:13)

    console.log
      [Button] All props: {
        onClick: [AsyncFunction: handlePrimaryClick],
        'aria-describedby': 'cta-heading',
        'aria-label': 'toString dvU apply JLE - Begin your tax preparation process now'
      }

      at log (src/components/ui/Button.tsx:28:13)

    console.log
      [Button] Rendering with type: button

      at log (src/components/ui/Button.tsx:25:13)

    console.log
      [Button] Props received: {
        variant: 'outline',
        size: 'lg',
        type: 'button',
        loading: false,
        disabled: undefined
      }

      at log (src/components/ui/Button.tsx:26:13)

    console.log
      [Button] Has onClick in props: true

      at log (src/components/ui/Button.tsx:27:13)

    console.log
      [Button] All props: {
        onClick: [AsyncFunction: handleSecondaryClick],
        'aria-describedby': 'cta-heading',
        'aria-label': 'User App - Get more information about our tax preparation process'
      }

      at log (src/components/ui/Button.tsx:28:13)

    console.log
      [Button] Rendering with type: button

      at log (src/components/ui/Button.tsx:25:13)

    console.log
      [Button] Props received: {
        variant: 'primary',
        size: 'lg',
        type: 'button',
        loading: false,
        disabled: undefined
      }

      at log (src/components/ui/Button.tsx:26:13)

    console.log
      [Button] Has onClick in props: true

      at log (src/components/ui/Button.tsx:27:13)

    console.log
      [Button] All props: {
        onClick: [AsyncFunction: handlePrimaryClick],
        'aria-describedby': 'cta-heading',
        'aria-label': 'edosMB hRpA YGvueuh xFV Wls - Begin your tax preparation process now'
      }

      at log (src/components/ui/Button.tsx:28:13)

    console.log
      [Button] Rendering with type: button

      at log (src/components/ui/Button.tsx:25:13)

    console.log
      [Button] Props received: {
        variant: 'outline',
        size: 'lg',
        type: 'button',
        loading: false,
        disabled: undefined
      }

      at log (src/components/ui/Button.tsx:26:13)

    console.log
      [Button] Has onClick in props: true

      at log (src/components/ui/Button.tsx:27:13)

    console.log
      [Button] All props: {
        onClick: [AsyncFunction: handleSecondaryClick],
        'aria-describedby': 'cta-heading',
        'aria-label': 'DlGX AmYM TAy - Get more information about our tax preparation process'
      }

      at log (src/components/ui/Button.tsx:28:13)

    console.log
      [Button] Rendering with type: button

      at log (src/components/ui/Button.tsx:25:13)

    console.log
      [Button] Props received: {
        variant: 'primary',
        size: 'lg',
        type: 'button',
        loading: false,
        disabled: undefined
      }

      at log (src/components/ui/Button.tsx:26:13)

    console.log
      [Button] Has onClick in props: true

      at log (src/components/ui/Button.tsx:27:13)

    console.log
      [Button] All props: {
        onClick: [AsyncFunction: handlePrimaryClick],
        'aria-describedby': 'cta-heading',
        'aria-label': 'Tax IRS App Data - Begin your tax preparation process now'
      }

      at log (src/components/ui/Button.tsx:28:13)

    console.log
      [Button] Rendering with type: button

      at log (src/components/ui/Button.tsx:25:13)

    console.log
      [Button] Props received: {
        variant: 'outline',
        size: 'lg',
        type: 'button',
        loading: false,
        disabled: undefined
      }

      at log (src/components/ui/Button.tsx:26:13)

    console.log
      [Button] Has onClick in props: true

      at log (src/components/ui/Button.tsx:27:13)

    console.log
      [Button] All props: {
        onClick: [AsyncFunction: handleSecondaryClick],
        'aria-describedby': 'cta-heading',
        'aria-label': 'GblX Aru Hphq - Get more information about our tax preparation process'
      }

      at log (src/components/ui/Button.tsx:28:13)

    console.log
      [Button] Rendering with type: button

      at log (src/components/ui/Button.tsx:25:13)

    console.log
      [Button] Props received: {
        variant: 'primary',
        size: 'lg',
        type: 'button',
        loading: false,
        disabled: undefined
      }

      at log (src/components/ui/Button.tsx:26:13)

    console.log
      [Button] Has onClick in props: true

      at log (src/components/ui/Button.tsx:27:13)

    console.log
      [Button] All props: {
        onClick: [AsyncFunction: handlePrimaryClick],
        'aria-describedby': 'cta-heading',
        'aria-label': 'oRc aGb - Begin your tax preparation process now'
      }

      at log (src/components/ui/Button.tsx:28:13)

    console.log
      [Button] Rendering with type: button

      at log (src/components/ui/Button.tsx:25:13)

    console.log
      [Button] Props received: {
        variant: 'outline',
        size: 'lg',
        type: 'button',
        loading: false,
        disabled: undefined
      }

      at log (src/components/ui/Button.tsx:26:13)

    console.log
      [Button] Has onClick in props: true

      at log (src/components/ui/Button.tsx:27:13)

    console.log
      [Button] All props: {
        onClick: [AsyncFunction: handleSecondaryClick],
        'aria-describedby': 'cta-heading',
        'aria-label': 'Data Process Filing Filing Preparation IRS - Get more information about our tax preparation process'
      }

      at log (src/components/ui/Button.tsx:28:13)

    console.log
      [Button] Rendering with type: button

      at log (src/components/ui/Button.tsx:25:13)

    console.log
      [Button] Props received: {
        variant: 'primary',
        size: 'lg',
        type: 'button',
        loading: false,
        disabled: undefined
      }

      at log (src/components/ui/Button.tsx:26:13)

    console.log
      [Button] Has onClick in props: true

      at log (src/components/ui/Button.tsx:27:13)

    console.log
      [Button] All props: {
        onClick: [AsyncFunction: handlePrimaryClick],
        'aria-describedby': 'cta-heading',
        'aria-label': 'Data Tax - Begin your tax preparation process now'
      }

      at log (src/components/ui/Button.tsx:28:13)

    console.log
      [Button] Rendering with type: button

      at log (src/components/ui/Button.tsx:25:13)

    console.log
      [Button] Props received: {
        variant: 'outline',
        size: 'lg',
        type: 'button',
        loading: false,
        disabled: undefined
      }

      at log (src/components/ui/Button.tsx:26:13)

    console.log
      [Button] Has onClick in props: true

      at log (src/components/ui/Button.tsx:27:13)

    console.log
      [Button] All props: {
        onClick: [AsyncFunction: handleSecondaryClick],
        'aria-describedby': 'cta-heading',
        'aria-label': 'qVQ JtBcG czOX uMj unJQ - Get more information about our tax preparation process'
      }

      at log (src/components/ui/Button.tsx:28:13)

    console.log
      [Button] Rendering with type: button

      at log (src/components/ui/Button.tsx:25:13)

    console.log
      [Button] Props received: {
        variant: 'primary',
        size: 'lg',
        type: 'button',
        loading: false,
        disabled: undefined
      }

      at log (src/components/ui/Button.tsx:26:13)

    console.log
      [Button] Has onClick in props: true

      at log (src/components/ui/Button.tsx:27:13)

    console.log
      [Button] All props: {
        onClick: [AsyncFunction: handlePrimaryClick],
        'aria-describedby': 'cta-heading',
        'aria-label': 'TOM ENqS KHGH - Begin your tax preparation process now'
      }

      at log (src/components/ui/Button.tsx:28:13)

    console.log
      [Button] Rendering with type: button

      at log (src/components/ui/Button.tsx:25:13)

    console.log
      [Button] Props received: {
        variant: 'outline',
        size: 'lg',
        type: 'button',
        loading: false,
        disabled: undefined
      }

      at log (src/components/ui/Button.tsx:26:13)

    console.log
      [Button] Has onClick in props: true

      at log (src/components/ui/Button.tsx:27:13)

    console.log
      [Button] All props: {
        onClick: [AsyncFunction: handleSecondaryClick],
        'aria-describedby': 'cta-heading',
        'aria-label': 'Tax IRS Filing Preparation System - Get more information about our tax preparation process'
      }

      at log (src/components/ui/Button.tsx:28:13)

    console.log
      [Button] Rendering with type: button

      at log (src/components/ui/Button.tsx:25:13)

    console.log
      [Button] Props received: {
        variant: 'primary',
        size: 'lg',
        type: 'button',
        loading: false,
        disabled: undefined
      }

      at log (src/components/ui/Button.tsx:26:13)

    console.log
      [Button] Has onClick in props: true

      at log (src/components/ui/Button.tsx:27:13)

    console.log
      [Button] All props: {
        onClick: [AsyncFunction: handlePrimaryClick],
        'aria-describedby': 'cta-heading',
        'aria-label': 'JXLYuT VsP PhS - Begin your tax preparation process now'
      }

      at log (src/components/ui/Button.tsx:28:13)

    console.log
      [Button] Rendering with type: button

      at log (src/components/ui/Button.tsx:25:13)

    console.log
      [Button] Props received: {
        variant: 'outline',
        size: 'lg',
        type: 'button',
        loading: false,
        disabled: undefined
      }

      at log (src/components/ui/Button.tsx:26:13)

    console.log
      [Button] Has onClick in props: true

      at log (src/components/ui/Button.tsx:27:13)

    console.log
      [Button] All props: {
        onClick: [AsyncFunction: handleSecondaryClick],
        'aria-describedby': 'cta-heading',
        'aria-label': 'MgC YhC iShA ZFB qQv - Get more information about our tax preparation process'
      }

      at log (src/components/ui/Button.tsx:28:13)

    console.log
      [Button] Rendering with type: button

      at log (src/components/ui/Button.tsx:25:13)

    console.log
      [Button] Props received: {
        variant: 'primary',
        size: 'lg',
        type: 'button',
        loading: false,
        disabled: undefined
      }

      at log (src/components/ui/Button.tsx:26:13)

    console.log
      [Button] Has onClick in props: true

      at log (src/components/ui/Button.tsx:27:13)

    console.log
      [Button] All props: {
        onClick: [AsyncFunction: handlePrimaryClick],
        'aria-describedby': 'cta-heading',
        'aria-label': 'User Tax Data Data - Begin your tax preparation process now'
      }

      at log (src/components/ui/Button.tsx:28:13)

    console.log
      [Button] Rendering with type: button

      at log (src/components/ui/Button.tsx:25:13)

    console.log
      [Button] Props received: {
        variant: 'outline',
        size: 'lg',
        type: 'button',
        loading: false,
        disabled: undefined
      }

      at log (src/components/ui/Button.tsx:26:13)

    console.log
      [Button] Has onClick in props: true

      at log (src/components/ui/Button.tsx:27:13)

    console.log
      [Button] All props: {
        onClick: [AsyncFunction: handleSecondaryClick],
        'aria-describedby': 'cta-heading',
        'aria-label': 'dRz apply caller name - Get more information about our tax preparation process'
      }

      at log (src/components/ui/Button.tsx:28:13)

    console.log
      [Button] Rendering with type: button

      at log (src/components/ui/Button.tsx:25:13)

    console.log
      [Button] Props received: {
        variant: 'primary',
        size: 'lg',
        type: 'button',
        loading: false,
        disabled: undefined
      }

      at log (src/components/ui/Button.tsx:26:13)

    console.log
      [Button] Has onClick in props: true

      at log (src/components/ui/Button.tsx:27:13)

    console.log
      [Button] All props: {
        onClick: [AsyncFunction: handlePrimaryClick],
        'aria-describedby': 'cta-heading',
        'aria-label': 'fPJqRdK xozRoA sSlx - Begin your tax preparation process now'
      }

      at log (src/components/ui/Button.tsx:28:13)

    console.log
      [Button] Rendering with type: button

      at log (src/components/ui/Button.tsx:25:13)

    console.log
      [Button] Props received: {
        variant: 'outline',
        size: 'lg',
        type: 'button',
        loading: false,
        disabled: undefined
      }

      at log (src/components/ui/Button.tsx:26:13)

    console.log
      [Button] Has onClick in props: true

      at log (src/components/ui/Button.tsx:27:13)

    console.log
      [Button] All props: {
        onClick: [AsyncFunction: handleSecondaryClick],
        'aria-describedby': 'cta-heading',
        'aria-label': 'System User Data - Get more information about our tax preparation process'
      }

      at log (src/components/ui/Button.tsx:28:13)

    console.log
      [Button] Rendering with type: button

      at log (src/components/ui/Button.tsx:25:13)

    console.log
      [Button] Props received: {
        variant: 'primary',
        size: 'lg',
        type: 'button',
        loading: false,
        disabled: undefined
      }

      at log (src/components/ui/Button.tsx:26:13)

    console.log
      [Button] Has onClick in props: true

      at log (src/components/ui/Button.tsx:27:13)

    console.log
      [Button] All props: {
        onClick: [AsyncFunction: handlePrimaryClick],
        'aria-describedby': 'cta-heading',
        'aria-label': 'Filing Data Filing - Begin your tax preparation process now'
      }

      at log (src/components/ui/Button.tsx:28:13)

    console.log
      [Button] Rendering with type: button

      at log (src/components/ui/Button.tsx:25:13)

    console.log
      [Button] Props received: {
        variant: 'outline',
        size: 'lg',
        type: 'button',
        loading: false,
        disabled: undefined
      }

      at log (src/components/ui/Button.tsx:26:13)

    console.log
      [Button] Has onClick in props: true

      at log (src/components/ui/Button.tsx:27:13)

    console.log
      [Button] All props: {
        onClick: [AsyncFunction: handleSecondaryClick],
        'aria-describedby': 'cta-heading',
        'aria-label': 'Preparation Tax Tax Form - Get more information about our tax preparation process'
      }

      at log (src/components/ui/Button.tsx:28:13)

    console.log
      [Button] Rendering with type: button

      at log (src/components/ui/Button.tsx:25:13)

    console.log
      [Button] Props received: {
        variant: 'primary',
        size: 'lg',
        type: 'button',
        loading: false,
        disabled: undefined
      }

      at log (src/components/ui/Button.tsx:26:13)

    console.log
      [Button] Has onClick in props: true

      at log (src/components/ui/Button.tsx:27:13)

    console.log
      [Button] All props: {
        onClick: [AsyncFunction: handlePrimaryClick],
        'aria-describedby': 'cta-heading',
        'aria-label': 'KsSVd DOSL apply - Begin your tax preparation process now'
      }

      at log (src/components/ui/Button.tsx:28:13)

    console.log
      [Button] Rendering with type: button

      at log (src/components/ui/Button.tsx:25:13)

    console.log
      [Button] Props received: {
        variant: 'outline',
        size: 'lg',
        type: 'button',
        loading: false,
        disabled: undefined
      }

      at log (src/components/ui/Button.tsx:26:13)

    console.log
      [Button] Has onClick in props: true

      at log (src/components/ui/Button.tsx:27:13)

    console.log
      [Button] All props: {
        onClick: [AsyncFunction: handleSecondaryClick],
        'aria-describedby': 'cta-heading',
        'aria-label': 'Process IRS - Get more information about our tax preparation process'
      }

      at log (src/components/ui/Button.tsx:28:13)

    console.log
      [Button] Rendering with type: button

      at log (src/components/ui/Button.tsx:25:13)

    console.log
      [Button] Props received: {
        variant: 'primary',
        size: 'lg',
        type: 'button',
        loading: false,
        disabled: undefined
      }

      at log (src/components/ui/Button.tsx:26:13)

    console.log
      [Button] Has onClick in props: true

      at log (src/components/ui/Button.tsx:27:13)

    console.log
      [Button] All props: {
        onClick: [AsyncFunction: handlePrimaryClick],
        'aria-describedby': 'cta-heading',
        'aria-label': 'Filing Process User Filing Data - Begin your tax preparation process now'
      }

      at log (src/components/ui/Button.tsx:28:13)

    console.log
      [Button] Rendering with type: button

      at log (src/components/ui/Button.tsx:25:13)

    console.log
      [Button] Props received: {
        variant: 'outline',
        size: 'lg',
        type: 'button',
        loading: false,
        disabled: undefined
      }

      at log (src/components/ui/Button.tsx:26:13)

    console.log
      [Button] Has onClick in props: true

      at log (src/components/ui/Button.tsx:27:13)

    console.log
      [Button] All props: {
        onClick: [AsyncFunction: handleSecondaryClick],
        'aria-describedby': 'cta-heading',
        'aria-label': 'valueOf JPK dLRJl apca key - Get more information about our tax preparation process'
      }

      at log (src/components/ui/Button.tsx:28:13)

    console.log
      [Button] Rendering with type: button

      at log (src/components/ui/Button.tsx:25:13)

    console.log
      [Button] Props received: {
        variant: 'primary',
        size: 'lg',
        type: 'button',
        loading: false,
        disabled: undefined
      }

      at log (src/components/ui/Button.tsx:26:13)

    console.log
      [Button] Has onClick in props: true

      at log (src/components/ui/Button.tsx:27:13)

    console.log
      [Button] All props: {
        onClick: [AsyncFunction: handlePrimaryClick],
        'aria-describedby': 'cta-heading',
        'aria-label': 'ibK jenk NLA vCmIvJ - Begin your tax preparation process now'
      }

      at log (src/components/ui/Button.tsx:28:13)

    console.log
      [Button] Rendering with type: button

      at log (src/components/ui/Button.tsx:25:13)

    console.log
      [Button] Props received: {
        variant: 'outline',
        size: 'lg',
        type: 'button',
        loading: false,
        disabled: undefined
      }

      at log (src/components/ui/Button.tsx:26:13)

    console.log
      [Button] Has onClick in props: true

      at log (src/components/ui/Button.tsx:27:13)

    console.log
      [Button] All props: {
        onClick: [AsyncFunction: handleSecondaryClick],
        'aria-describedby': 'cta-heading',
        'aria-label': 'APG GqPn onCUQ UIE XpAW - Get more information about our tax preparation process'
      }

      at log (src/components/ui/Button.tsx:28:13)

    console.log
      [Button] Rendering with type: button

      at log (src/components/ui/Button.tsx:25:13)

    console.log
      [Button] Props received: {
        variant: 'primary',
        size: 'lg',
        type: 'button',
        loading: false,
        disabled: undefined
      }

      at log (src/components/ui/Button.tsx:26:13)

    console.log
      [Button] Has onClick in props: true

      at log (src/components/ui/Button.tsx:27:13)

    console.log
      [Button] All props: {
        onClick: [AsyncFunction: handlePrimaryClick],
        'aria-describedby': 'cta-heading',
        'aria-label': 'Process System Form IRS IRS - Begin your tax preparation process now'
      }

      at log (src/components/ui/Button.tsx:28:13)

    console.log
      [Button] Rendering with type: button

      at log (src/components/ui/Button.tsx:25:13)

    console.log
      [Button] Props received: {
        variant: 'outline',
        size: 'lg',
        type: 'button',
        loading: false,
        disabled: undefined
      }

      at log (src/components/ui/Button.tsx:26:13)

    console.log
      [Button] Has onClick in props: true

      at log (src/components/ui/Button.tsx:27:13)

    console.log
      [Button] All props: {
        onClick: [AsyncFunction: handleSecondaryClick],
        'aria-describedby': 'cta-heading',
        'aria-label': 'Filing User - Get more information about our tax preparation process'
      }

      at log (src/components/ui/Button.tsx:28:13)

    console.log
      [Button] Rendering with type: button

      at log (src/components/ui/Button.tsx:25:13)

    console.log
      [Button] Props received: {
        variant: 'primary',
        size: 'lg',
        type: 'button',
        loading: false,
        disabled: undefined
      }

      at log (src/components/ui/Button.tsx:26:13)

    console.log
      [Button] Has onClick in props: true

      at log (src/components/ui/Button.tsx:27:13)

    console.log
      [Button] All props: {
        onClick: [AsyncFunction: handlePrimaryClick],
        'aria-describedby': 'cta-heading',
        'aria-label': 'System User User Process - Begin your tax preparation process now'
      }

      at log (src/components/ui/Button.tsx:28:13)

    console.log
      [Button] Rendering with type: button

      at log (src/components/ui/Button.tsx:25:13)

    console.log
      [Button] Props received: {
        variant: 'outline',
        size: 'lg',
        type: 'button',
        loading: false,
        disabled: undefined
      }

      at log (src/components/ui/Button.tsx:26:13)

    console.log
      [Button] Has onClick in props: true

      at log (src/components/ui/Button.tsx:27:13)

    console.log
      [Button] All props: {
        onClick: [AsyncFunction: handleSecondaryClick],
        'aria-describedby': 'cta-heading',
        'aria-label': 'Data IRS - Get more information about our tax preparation process'
      }

      at log (src/components/ui/Button.tsx:28:13)

    console.log
      [Button] Rendering with type: button

      at log (src/components/ui/Button.tsx:25:13)

    console.log
      [Button] Props received: {
        variant: 'primary',
        size: 'lg',
        type: 'button',
        loading: false,
        disabled: undefined
      }

      at log (src/components/ui/Button.tsx:26:13)

    console.log
      [Button] Has onClick in props: true

      at log (src/components/ui/Button.tsx:27:13)

    console.log
      [Button] All props: {
        onClick: [AsyncFunction: handlePrimaryClick],
        'aria-describedby': 'cta-heading',
        'aria-label': 'xsxsm call - Begin your tax preparation process now'
      }

      at log (src/components/ui/Button.tsx:28:13)

    console.log
      [Button] Rendering with type: button

      at log (src/components/ui/Button.tsx:25:13)

    console.log
      [Button] Props received: {
        variant: 'outline',
        size: 'lg',
        type: 'button',
        loading: false,
        disabled: undefined
      }

      at log (src/components/ui/Button.tsx:26:13)

    console.log
      [Button] Has onClick in props: true

      at log (src/components/ui/Button.tsx:27:13)

    console.log
      [Button] All props: {
        onClick: [AsyncFunction: handleSecondaryClick],
        'aria-describedby': 'cta-heading',
        'aria-label': 'GHn UCBNn BOxw lde - Get more information about our tax preparation process'
      }

      at log (src/components/ui/Button.tsx:28:13)

    console.log
      [Button] Rendering with type: button

      at log (src/components/ui/Button.tsx:25:13)

    console.log
      [Button] Props received: {
        variant: 'primary',
        size: 'lg',
        type: 'button',
        loading: false,
        disabled: undefined
      }

      at log (src/components/ui/Button.tsx:26:13)

    console.log
      [Button] Has onClick in props: true

      at log (src/components/ui/Button.tsx:27:13)

    console.log
      [Button] All props: {
        onClick: [AsyncFunction: handlePrimaryClick],
        'aria-describedby': 'cta-heading',
        'aria-label': 'Data System - Begin your tax preparation process now'
      }

      at log (src/components/ui/Button.tsx:28:13)

    console.log
      [Button] Rendering with type: button

      at log (src/components/ui/Button.tsx:25:13)

    console.log
      [Button] Props received: {
        variant: 'outline',
        size: 'lg',
        type: 'button',
        loading: false,
        disabled: undefined
      }

      at log (src/components/ui/Button.tsx:26:13)

    console.log
      [Button] Has onClick in props: true

      at log (src/components/ui/Button.tsx:27:13)

    console.log
      [Button] All props: {
        onClick: [AsyncFunction: handleSecondaryClick],
        'aria-describedby': 'cta-heading',
        'aria-label': 'kTKiG LjzLo Kxyw amM - Get more information about our tax preparation process'
      }

      at log (src/components/ui/Button.tsx:28:13)

    console.log
      [Button] Rendering with type: button

      at log (src/components/ui/Button.tsx:25:13)

    console.log
      [Button] Props received: {
        variant: 'primary',
        size: 'lg',
        type: 'button',
        loading: false,
        disabled: undefined
      }

      at log (src/components/ui/Button.tsx:26:13)

    console.log
      [Button] Has onClick in props: true

      at log (src/components/ui/Button.tsx:27:13)

    console.log
      [Button] All props: {
        onClick: [AsyncFunction: handlePrimaryClick],
        'aria-describedby': 'cta-heading',
        'aria-label': 'Preparation Tax - Begin your tax preparation process now'
      }

      at log (src/components/ui/Button.tsx:28:13)

    console.log
      [Button] Rendering with type: button

      at log (src/components/ui/Button.tsx:25:13)

    console.log
      [Button] Props received: {
        variant: 'outline',
        size: 'lg',
        type: 'button',
        loading: false,
        disabled: undefined
      }

      at log (src/components/ui/Button.tsx:26:13)

    console.log
      [Button] Has onClick in props: true

      at log (src/components/ui/Button.tsx:27:13)

    console.log
      [Button] All props: {
        onClick: [AsyncFunction: handleSecondaryClick],
        'aria-describedby': 'cta-heading',
        'aria-label': 'Tax User System Form Data - Get more information about our tax preparation process'
      }

      at log (src/components/ui/Button.tsx:28:13)

    console.log
      [Button] Rendering with type: button

      at log (src/components/ui/Button.tsx:25:13)

    console.log
      [Button] Props received: {
        variant: 'primary',
        size: 'lg',
        type: 'button',
        loading: false,
        disabled: undefined
      }

      at log (src/components/ui/Button.tsx:26:13)

    console.log
      [Button] Has onClick in props: true

      at log (src/components/ui/Button.tsx:27:13)

    console.log
      [Button] All props: {
        onClick: [AsyncFunction: handlePrimaryClick],
        'aria-describedby': 'cta-heading',
        'aria-label': 'ovJ dumgCp - Begin your tax preparation process now'
      }

      at log (src/components/ui/Button.tsx:28:13)

    console.log
      [Button] Rendering with type: button

      at log (src/components/ui/Button.tsx:25:13)

    console.log
      [Button] Props received: {
        variant: 'outline',
        size: 'lg',
        type: 'button',
        loading: false,
        disabled: undefined
      }

      at log (src/components/ui/Button.tsx:26:13)

    console.log
      [Button] Has onClick in props: true

      at log (src/components/ui/Button.tsx:27:13)

    console.log
      [Button] All props: {
        onClick: [AsyncFunction: handleSecondaryClick],
        'aria-describedby': 'cta-heading',
        'aria-label': 'ato ZjQ GKA Bblq - Get more information about our tax preparation process'
      }

      at log (src/components/ui/Button.tsx:28:13)

    console.log
      [Button] Rendering with type: button

      at log (src/components/ui/Button.tsx:25:13)

    console.log
      [Button] Props received: {
        variant: 'primary',
        size: 'lg',
        type: 'button',
        loading: false,
        disabled: undefined
      }

      at log (src/components/ui/Button.tsx:26:13)

    console.log
      [Button] Has onClick in props: true

      at log (src/components/ui/Button.tsx:27:13)

    console.log
      [Button] All props: {
        onClick: [AsyncFunction: handlePrimaryClick],
        'aria-describedby': 'cta-heading',
        'aria-label': 'zZR ZOYYmA wlyP - Begin your tax preparation process now'
      }

      at log (src/components/ui/Button.tsx:28:13)

    console.log
      [Button] Rendering with type: button

      at log (src/components/ui/Button.tsx:25:13)

    console.log
      [Button] Props received: {
        variant: 'outline',
        size: 'lg',
        type: 'button',
        loading: false,
        disabled: undefined
      }

      at log (src/components/ui/Button.tsx:26:13)

    console.log
      [Button] Has onClick in props: true

      at log (src/components/ui/Button.tsx:27:13)

    console.log
      [Button] All props: {
        onClick: [AsyncFunction: handleSecondaryClick],
        'aria-describedby': 'cta-heading',
        'aria-label': 'kVB KixO - Get more information about our tax preparation process'
      }

      at log (src/components/ui/Button.tsx:28:13)

    console.log
      [Button] Rendering with type: button

      at log (src/components/ui/Button.tsx:25:13)

    console.log
      [Button] Props received: {
        variant: 'primary',
        size: 'lg',
        type: 'button',
        loading: false,
        disabled: undefined
      }

      at log (src/components/ui/Button.tsx:26:13)

    console.log
      [Button] Has onClick in props: true

      at log (src/components/ui/Button.tsx:27:13)

    console.log
      [Button] All props: {
        onClick: [AsyncFunction: handlePrimaryClick],
        'aria-describedby': 'cta-heading',
        'aria-label': 'Preparation Data Process Process Data - Begin your tax preparation process now'
      }

      at log (src/components/ui/Button.tsx:28:13)

    console.log
      [Button] Rendering with type: button

      at log (src/components/ui/Button.tsx:25:13)

    console.log
      [Button] Props received: {
        variant: 'outline',
        size: 'lg',
        type: 'button',
        loading: false,
        disabled: undefined
      }

      at log (src/components/ui/Button.tsx:26:13)

    console.log
      [Button] Has onClick in props: true

      at log (src/components/ui/Button.tsx:27:13)

    console.log
      [Button] All props: {
        onClick: [AsyncFunction: handleSecondaryClick],
        'aria-describedby': 'cta-heading',
        'aria-label': 'Filing User Preparation System User - Get more information about our tax preparation process'
      }

      at log (src/components/ui/Button.tsx:28:13)

    console.log
      [Button] Rendering with type: button

      at log (src/components/ui/Button.tsx:25:13)

    console.log
      [Button] Props received: {
        variant: 'primary',
        size: 'lg',
        type: 'button',
        loading: false,
        disabled: undefined
      }

      at log (src/components/ui/Button.tsx:26:13)

    console.log
      [Button] Has onClick in props: true

      at log (src/components/ui/Button.tsx:27:13)

    console.log
      [Button] All props: {
        onClick: [AsyncFunction: handlePrimaryClick],
        'aria-describedby': 'cta-heading',
        'aria-label': 'IRS System Data Filing - Begin your tax preparation process now'
      }

      at log (src/components/ui/Button.tsx:28:13)

    console.log
      [Button] Rendering with type: button

      at log (src/components/ui/Button.tsx:25:13)

    console.log
      [Button] Props received: {
        variant: 'outline',
        size: 'lg',
        type: 'button',
        loading: false,
        disabled: undefined
      }

      at log (src/components/ui/Button.tsx:26:13)

    console.log
      [Button] Has onClick in props: true

      at log (src/components/ui/Button.tsx:27:13)

    console.log
      [Button] All props: {
        onClick: [AsyncFunction: handleSecondaryClick],
        'aria-describedby': 'cta-heading',
        'aria-label': 'OxGG Ivu - Get more information about our tax preparation process'
      }

      at log (src/components/ui/Button.tsx:28:13)

    console.log
      [Button] Rendering with type: button

      at log (src/components/ui/Button.tsx:25:13)

    console.log
      [Button] Props received: {
        variant: 'primary',
        size: 'lg',
        type: 'button',
        loading: false,
        disabled: undefined
      }

      at log (src/components/ui/Button.tsx:26:13)

    console.log
      [Button] Has onClick in props: true

      at log (src/components/ui/Button.tsx:27:13)

    console.log
      [Button] All props: {
        onClick: [AsyncFunction: handlePrimaryClick],
        'aria-describedby': 'cta-heading',
        'aria-label': 'Process Data Filing - Begin your tax preparation process now'
      }

      at log (src/components/ui/Button.tsx:28:13)

    console.log
      [Button] Rendering with type: button

      at log (src/components/ui/Button.tsx:25:13)

    console.log
      [Button] Props received: {
        variant: 'outline',
        size: 'lg',
        type: 'button',
        loading: false,
        disabled: undefined
      }

      at log (src/components/ui/Button.tsx:26:13)

    console.log
      [Button] Has onClick in props: true

      at log (src/components/ui/Button.tsx:27:13)

    console.log
      [Button] All props: {
        onClick: [AsyncFunction: handleSecondaryClick],
        'aria-describedby': 'cta-heading',
        'aria-label': 'TaK sec UrT - Get more information about our tax preparation process'
      }

      at log (src/components/ui/Button.tsx:28:13)

    console.log
      [Button] Rendering with type: button

      at log (src/components/ui/Button.tsx:25:13)

    console.log
      [Button] Props received: {
        variant: 'primary',
        size: 'lg',
        type: 'button',
        loading: false,
        disabled: undefined
      }

      at log (src/components/ui/Button.tsx:26:13)

    console.log
      [Button] Has onClick in props: true

      at log (src/components/ui/Button.tsx:27:13)

    console.log
      [Button] All props: {
        onClick: [AsyncFunction: handlePrimaryClick],
        'aria-describedby': 'cta-heading',
        'aria-label': 'Filing Filing Data - Begin your tax preparation process now'
      }

      at log (src/components/ui/Button.tsx:28:13)

    console.log
      [Button] Rendering with type: button

      at log (src/components/ui/Button.tsx:25:13)

    console.log
      [Button] Props received: {
        variant: 'outline',
        size: 'lg',
        type: 'button',
        loading: false,
        disabled: undefined
      }

      at log (src/components/ui/Button.tsx:26:13)

    console.log
      [Button] Has onClick in props: true

      at log (src/components/ui/Button.tsx:27:13)

    console.log
      [Button] All props: {
        onClick: [AsyncFunction: handleSecondaryClick],
        'aria-describedby': 'cta-heading',
        'aria-label': 'IRS Preparation IRS System Process Process - Get more information about our tax preparation process'
      }

      at log (src/components/ui/Button.tsx:28:13)

    console.log
      [Button] Rendering with type: button

      at log (src/components/ui/Button.tsx:25:13)

    console.log
      [Button] Props received: {
        variant: 'primary',
        size: 'lg',
        type: 'button',
        loading: false,
        disabled: undefined
      }

      at log (src/components/ui/Button.tsx:26:13)

    console.log
      [Button] Has onClick in props: true

      at log (src/components/ui/Button.tsx:27:13)

    console.log
      [Button] All props: {
        onClick: [AsyncFunction: handlePrimaryClick],
        'aria-describedby': 'cta-heading',
        'aria-label': 'Process App - Begin your tax preparation process now'
      }

      at log (src/components/ui/Button.tsx:28:13)

    console.log
      [Button] Rendering with type: button

      at log (src/components/ui/Button.tsx:25:13)

    console.log
      [Button] Props received: {
        variant: 'outline',
        size: 'lg',
        type: 'button',
        loading: false,
        disabled: undefined
      }

      at log (src/components/ui/Button.tsx:26:13)

    console.log
      [Button] Has onClick in props: true

      at log (src/components/ui/Button.tsx:27:13)

    console.log
      [Button] All props: {
        onClick: [AsyncFunction: handleSecondaryClick],
        'aria-describedby': 'cta-heading',
        'aria-label': 'User App Filing IRS Form System - Get more information about our tax preparation process'
      }

      at log (src/components/ui/Button.tsx:28:13)

    console.log
      [Button] Rendering with type: button

      at log (src/components/ui/Button.tsx:25:13)

    console.log
      [Button] Props received: {
        variant: 'primary',
        size: 'lg',
        type: 'button',
        loading: false,
        disabled: undefined
      }

      at log (src/components/ui/Button.tsx:26:13)

    console.log
      [Button] Has onClick in props: true

      at log (src/components/ui/Button.tsx:27:13)

    console.log
      [Button] All props: {
        onClick: [AsyncFunction: handlePrimaryClick],
        'aria-describedby': 'cta-heading',
        'aria-label': 'Data Preparation IRS Tax - Begin your tax preparation process now'
      }

      at log (src/components/ui/Button.tsx:28:13)

    console.log
      [Button] Rendering with type: button

      at log (src/components/ui/Button.tsx:25:13)

    console.log
      [Button] Props received: {
        variant: 'outline',
        size: 'lg',
        type: 'button',
        loading: false,
        disabled: undefined
      }

      at log (src/components/ui/Button.tsx:26:13)

    console.log
      [Button] Has onClick in props: true

      at log (src/components/ui/Button.tsx:27:13)

    console.log
      [Button] All props: {
        onClick: [AsyncFunction: handleSecondaryClick],
        'aria-describedby': 'cta-heading',
        'aria-label': 'JwCNo YlWCDdY DXn mGVZ ynJ - Get more information about our tax preparation process'
      }

      at log (src/components/ui/Button.tsx:28:13)

    console.log
      [Button] Rendering with type: button

      at log (src/components/ui/Button.tsx:25:13)

    console.log
      [Button] Props received: {
        variant: 'primary',
        size: 'lg',
        type: 'button',
        loading: false,
        disabled: undefined
      }

      at log (src/components/ui/Button.tsx:26:13)

    console.log
      [Button] Has onClick in props: true

      at log (src/components/ui/Button.tsx:27:13)

    console.log
      [Button] All props: {
        onClick: [AsyncFunction: handlePrimaryClick],
        'aria-describedby': 'cta-heading',
        'aria-label': 'IRS Filing Filing - Begin your tax preparation process now'
      }

      at log (src/components/ui/Button.tsx:28:13)

    console.log
      [Button] Rendering with type: button

      at log (src/components/ui/Button.tsx:25:13)

    console.log
      [Button] Props received: {
        variant: 'outline',
        size: 'lg',
        type: 'button',
        loading: false,
        disabled: undefined
      }

      at log (src/components/ui/Button.tsx:26:13)

    console.log
      [Button] Has onClick in props: true

      at log (src/components/ui/Button.tsx:27:13)

    console.log
      [Button] All props: {
        onClick: [AsyncFunction: handleSecondaryClick],
        'aria-describedby': 'cta-heading',
        'aria-label': 'Filing Form Form - Get more information about our tax preparation process'
      }

      at log (src/components/ui/Button.tsx:28:13)

    console.log
      [Button] Rendering with type: button

      at log (src/components/ui/Button.tsx:25:13)

    console.log
      [Button] Props received: {
        variant: 'primary',
        size: 'lg',
        type: 'button',
        loading: false,
        disabled: undefined
      }

      at log (src/components/ui/Button.tsx:26:13)

    console.log
      [Button] Has onClick in props: true

      at log (src/components/ui/Button.tsx:27:13)

    console.log
      [Button] All props: {
        onClick: [AsyncFunction: handlePrimaryClick],
        'aria-describedby': 'cta-heading',
        'aria-label': 'KxNNGx Bty YDvf ULtZhi hlR - Begin your tax preparation process now'
      }

      at log (src/components/ui/Button.tsx:28:13)

    console.log
      [Button] Rendering with type: button

      at log (src/components/ui/Button.tsx:25:13)

    console.log
      [Button] Props received: {
        variant: 'outline',
        size: 'lg',
        type: 'button',
        loading: false,
        disabled: undefined
      }

      at log (src/components/ui/Button.tsx:26:13)

    console.log
      [Button] Has onClick in props: true

      at log (src/components/ui/Button.tsx:27:13)

    console.log
      [Button] All props: {
        onClick: [AsyncFunction: handleSecondaryClick],
        'aria-describedby': 'cta-heading',
        'aria-label': 'MrEopO toString - Get more information about our tax preparation process'
      }

      at log (src/components/ui/Button.tsx:28:13)

    console.log
      [Button] Rendering with type: button

      at log (src/components/ui/Button.tsx:25:13)

    console.log
      [Button] Props received: {
        variant: 'primary',
        size: 'lg',
        type: 'button',
        loading: false,
        disabled: undefined
      }

      at log (src/components/ui/Button.tsx:26:13)

    console.log
      [Button] Has onClick in props: true

      at log (src/components/ui/Button.tsx:27:13)

    console.log
      [Button] All props: {
        onClick: [AsyncFunction: handlePrimaryClick],
        'aria-describedby': 'cta-heading',
        'aria-label': 'DsGg vJn UNM bIrI hucl - Begin your tax preparation process now'
      }

      at log (src/components/ui/Button.tsx:28:13)

    console.log
      [Button] Rendering with type: button

      at log (src/components/ui/Button.tsx:25:13)

    console.log
      [Button] Props received: {
        variant: 'outline',
        size: 'lg',
        type: 'button',
        loading: false,
        disabled: undefined
      }

      at log (src/components/ui/Button.tsx:26:13)

    console.log
      [Button] Has onClick in props: true

      at log (src/components/ui/Button.tsx:27:13)

    console.log
      [Button] All props: {
        onClick: [AsyncFunction: handleSecondaryClick],
        'aria-describedby': 'cta-heading',
        'aria-label': 'Tax System IRS IRS - Get more information about our tax preparation process'
      }

      at log (src/components/ui/Button.tsx:28:13)

    console.log
      [Button] Rendering with type: button

      at log (src/components/ui/Button.tsx:25:13)

    console.log
      [Button] Props received: {
        variant: 'outline',
        size: 'md',
        type: 'button',
        loading: false,
        disabled: undefined
      }

      at log (src/components/ui/Button.tsx:26:13)

    console.log
      [Button] Has onClick in props: false

      at log (src/components/ui/Button.tsx:27:13)

    console.log
      [Button] All props: {}

      at log (src/components/ui/Button.tsx:28:13)

    console.log
      [Button] Rendering with type: button

      at log (src/components/ui/Button.tsx:25:13)

    console.log
      [Button] Props received: {
        variant: 'primary',
        size: 'md',
        type: 'button',
        loading: false,
        disabled: undefined
      }

      at log (src/components/ui/Button.tsx:26:13)

    console.log
      [Button] Has onClick in props: false

      at log (src/components/ui/Button.tsx:27:13)

    console.log
      [Button] All props: {}

      at log (src/components/ui/Button.tsx:28:13)

    console.log
      [Button] Rendering with type: button

      at log (src/components/ui/Button.tsx:25:13)

    console.log
      [Button] Props received: {
        variant: 'secondary',
        size: 'md',
        type: 'button',
        loading: false,
        disabled: undefined
      }

      at log (src/components/ui/Button.tsx:26:13)

    console.log
      [Button] Has onClick in props: false

      at log (src/components/ui/Button.tsx:27:13)

    console.log
      [Button] All props: {}

      at log (src/components/ui/Button.tsx:28:13)

    console.log
      [Button] Rendering with type: button

      at log (src/components/ui/Button.tsx:25:13)

    console.log
      [Button] Props received: {
        variant: 'outline',
        size: 'md',
        type: 'button',
        loading: false,
        disabled: undefined
      }

      at log (src/components/ui/Button.tsx:26:13)

    console.log
      [Button] Has onClick in props: false

      at log (src/components/ui/Button.tsx:27:13)

    console.log
      [Button] All props: {}

      at log (src/components/ui/Button.tsx:28:13)

    console.log
      [Button] Rendering with type: button

      at log (src/components/ui/Button.tsx:25:13)

    console.log
      [Button] Props received: {
        variant: 'outline',
        size: 'md',
        type: 'button',
        loading: false,
        disabled: undefined
      }

      at log (src/components/ui/Button.tsx:26:13)

    console.log
      [Button] Has onClick in props: false

      at log (src/components/ui/Button.tsx:27:13)

    console.log
      [Button] All props: {}

      at log (src/components/ui/Button.tsx:28:13)

    console.log
      [Button] Rendering with type: button

      at log (src/components/ui/Button.tsx:25:13)

    console.log
      [Button] Props received: {
        variant: 'secondary',
        size: 'md',
        type: 'button',
        loading: false,
        disabled: undefined
      }

      at log (src/components/ui/Button.tsx:26:13)

    console.log
      [Button] Has onClick in props: false

      at log (src/components/ui/Button.tsx:27:13)

    console.log
      [Button] All props: {}

      at log (src/components/ui/Button.tsx:28:13)

    console.log
      [Button] Rendering with type: button

      at log (src/components/ui/Button.tsx:25:13)

    console.log
      [Button] Props received: {
        variant: 'primary',
        size: 'md',
        type: 'button',
        loading: false,
        disabled: undefined
      }

      at log (src/components/ui/Button.tsx:26:13)

    console.log
      [Button] Has onClick in props: false

      at log (src/components/ui/Button.tsx:27:13)

    console.log
      [Button] All props: {}

      at log (src/components/ui/Button.tsx:28:13)

    console.log
      [Button] Rendering with type: button

      at log (src/components/ui/Button.tsx:25:13)

    console.log
      [Button] Props received: {
        variant: 'secondary',
        size: 'md',
        type: 'button',
        loading: false,
        disabled: undefined
      }

      at log (src/components/ui/Button.tsx:26:13)

    console.log
      [Button] Has onClick in props: false

      at log (src/components/ui/Button.tsx:27:13)

    console.log
      [Button] All props: {}

      at log (src/components/ui/Button.tsx:28:13)

    console.log
      [Button] Rendering with type: button

      at log (src/components/ui/Button.tsx:25:13)

    console.log
      [Button] Props received: {
        variant: 'secondary',
        size: 'md',
        type: 'button',
        loading: false,
        disabled: undefined
      }

      at log (src/components/ui/Button.tsx:26:13)

    console.log
      [Button] Has onClick in props: false

      at log (src/components/ui/Button.tsx:27:13)

    console.log
      [Button] All props: {}

      at log (src/components/ui/Button.tsx:28:13)

    console.log
      [Button] Rendering with type: button

      at log (src/components/ui/Button.tsx:25:13)

    console.log
      [Button] Props received: {
        variant: 'outline',
        size: 'md',
        type: 'button',
        loading: false,
        disabled: undefined
      }

      at log (src/components/ui/Button.tsx:26:13)

    console.log
      [Button] Has onClick in props: false

      at log (src/components/ui/Button.tsx:27:13)

    console.log
      [Button] All props: {}

      at log (src/components/ui/Button.tsx:28:13)

    console.log
      [Button] Rendering with type: button

      at log (src/components/ui/Button.tsx:25:13)

    console.log
      [Button] Props received: {
        variant: 'secondary',
        size: 'md',
        type: 'button',
        loading: false,
        disabled: undefined
      }

      at log (src/components/ui/Button.tsx:26:13)

    console.log
      [Button] Has onClick in props: false

      at log (src/components/ui/Button.tsx:27:13)

    console.log
      [Button] All props: {}

      at log (src/components/ui/Button.tsx:28:13)

    console.log
      [Button] Rendering with type: button

      at log (src/components/ui/Button.tsx:25:13)

    console.log
      [Button] Props received: {
        variant: 'outline',
        size: 'md',
        type: 'button',
        loading: false,
        disabled: undefined
      }

      at log (src/components/ui/Button.tsx:26:13)

    console.log
      [Button] Has onClick in props: false

      at log (src/components/ui/Button.tsx:27:13)

    console.log
      [Button] All props: {}

      at log (src/components/ui/Button.tsx:28:13)

    console.log
      [Button] Rendering with type: button

      at log (src/components/ui/Button.tsx:25:13)

    console.log
      [Button] Props received: {
        variant: 'secondary',
        size: 'md',
        type: 'button',
        loading: false,
        disabled: undefined
      }

      at log (src/components/ui/Button.tsx:26:13)

    console.log
      [Button] Has onClick in props: false

      at log (src/components/ui/Button.tsx:27:13)

    console.log
      [Button] All props: {}

      at log (src/components/ui/Button.tsx:28:13)

    console.log
      [Button] Rendering with type: button

      at log (src/components/ui/Button.tsx:25:13)

    console.log
      [Button] Props received: {
        variant: 'primary',
        size: 'md',
        type: 'button',
        loading: false,
        disabled: undefined
      }

      at log (src/components/ui/Button.tsx:26:13)

    console.log
      [Button] Has onClick in props: false

      at log (src/components/ui/Button.tsx:27:13)

    console.log
      [Button] All props: {}

      at log (src/components/ui/Button.tsx:28:13)

    console.log
      [Button] Rendering with type: button

      at log (src/components/ui/Button.tsx:25:13)

    console.log
      [Button] Props received: {
        variant: 'secondary',
        size: 'md',
        type: 'button',
        loading: false,
        disabled: undefined
      }

      at log (src/components/ui/Button.tsx:26:13)

    console.log
      [Button] Has onClick in props: false

      at log (src/components/ui/Button.tsx:27:13)

    console.log
      [Button] All props: {}

      at log (src/components/ui/Button.tsx:28:13)

    console.log
      [Button] Rendering with type: button

      at log (src/components/ui/Button.tsx:25:13)

    console.log
      [Button] Props received: {
        variant: 'outline',
        size: 'md',
        type: 'button',
        loading: false,
        disabled: undefined
      }

      at log (src/components/ui/Button.tsx:26:13)

    console.log
      [Button] Has onClick in props: false

      at log (src/components/ui/Button.tsx:27:13)

    console.log
      [Button] All props: {}

      at log (src/components/ui/Button.tsx:28:13)

    console.log
      [Button] Rendering with type: button

      at log (src/components/ui/Button.tsx:25:13)

    console.log
      [Button] Props received: {
        variant: 'outline',
        size: 'md',
        type: 'button',
        loading: false,
        disabled: undefined
      }

      at log (src/components/ui/Button.tsx:26:13)

    console.log
      [Button] Has onClick in props: false

      at log (src/components/ui/Button.tsx:27:13)

    console.log
      [Button] All props: {}

      at log (src/components/ui/Button.tsx:28:13)

    console.log
      [Button] Rendering with type: button

      at log (src/components/ui/Button.tsx:25:13)

    console.log
      [Button] Props received: {
        variant: 'secondary',
        size: 'md',
        type: 'button',
        loading: false,
        disabled: undefined
      }

      at log (src/components/ui/Button.tsx:26:13)

    console.log
      [Button] Has onClick in props: false

      at log (src/components/ui/Button.tsx:27:13)

    console.log
      [Button] All props: {}

      at log (src/components/ui/Button.tsx:28:13)

    console.log
      [Button] Rendering with type: button

      at log (src/components/ui/Button.tsx:25:13)

    console.log
      [Button] Props received: {
        variant: 'primary',
        size: 'md',
        type: 'button',
        loading: false,
        disabled: undefined
      }

      at log (src/components/ui/Button.tsx:26:13)

    console.log
      [Button] Has onClick in props: false

      at log (src/components/ui/Button.tsx:27:13)

    console.log
      [Button] All props: {}

      at log (src/components/ui/Button.tsx:28:13)

    console.log
      [Button] Rendering with type: button

      at log (src/components/ui/Button.tsx:25:13)

    console.log
      [Button] Props received: {
        variant: 'secondary',
        size: 'md',
        type: 'button',
        loading: false,
        disabled: undefined
      }

      at log (src/components/ui/Button.tsx:26:13)

    console.log
      [Button] Has onClick in props: false

      at log (src/components/ui/Button.tsx:27:13)

    console.log
      [Button] All props: {}

      at log (src/components/ui/Button.tsx:28:13)

    console.log
      [Button] Rendering with type: button

      at log (src/components/ui/Button.tsx:25:13)

    console.log
      [Button] Props received: {
        variant: 'primary',
        size: 'md',
        type: 'button',
        loading: false,
        disabled: undefined
      }

      at log (src/components/ui/Button.tsx:26:13)

    console.log
      [Button] Has onClick in props: false

      at log (src/components/ui/Button.tsx:27:13)

    console.log
      [Button] All props: {}

      at log (src/components/ui/Button.tsx:28:13)

    console.log
      [Button] Rendering with type: button

      at log (src/components/ui/Button.tsx:25:13)

    console.log
      [Button] Props received: {
        variant: 'outline',
        size: 'md',
        type: 'button',
        loading: false,
        disabled: undefined
      }

      at log (src/components/ui/Button.tsx:26:13)

    console.log
      [Button] Has onClick in props: false

      at log (src/components/ui/Button.tsx:27:13)

    console.log
      [Button] All props: {}

      at log (src/components/ui/Button.tsx:28:13)

    console.log
      [Button] Rendering with type: button

      at log (src/components/ui/Button.tsx:25:13)

    console.log
      [Button] Props received: {
        variant: 'outline',
        size: 'md',
        type: 'button',
        loading: false,
        disabled: undefined
      }

      at log (src/components/ui/Button.tsx:26:13)

    console.log
      [Button] Has onClick in props: false

      at log (src/components/ui/Button.tsx:27:13)

    console.log
      [Button] All props: {}

      at log (src/components/ui/Button.tsx:28:13)

    console.log
      [Button] Rendering with type: button

      at log (src/components/ui/Button.tsx:25:13)

    console.log
      [Button] Props received: {
        variant: 'primary',
        size: 'md',
        type: 'button',
        loading: false,
        disabled: undefined
      }

      at log (src/components/ui/Button.tsx:26:13)

    console.log
      [Button] Has onClick in props: false

      at log (src/components/ui/Button.tsx:27:13)

    console.log
      [Button] All props: {}

      at log (src/components/ui/Button.tsx:28:13)

    console.log
      [Button] Rendering with type: button

      at log (src/components/ui/Button.tsx:25:13)

    console.log
      [Button] Props received: {
        variant: 'secondary',
        size: 'md',
        type: 'button',
        loading: false,
        disabled: undefined
      }

      at log (src/components/ui/Button.tsx:26:13)

    console.log
      [Button] Has onClick in props: false

      at log (src/components/ui/Button.tsx:27:13)

    console.log
      [Button] All props: {}

      at log (src/components/ui/Button.tsx:28:13)

    console.log
      [Button] Rendering with type: button

      at log (src/components/ui/Button.tsx:25:13)

    console.log
      [Button] Props received: {
        variant: 'secondary',
        size: 'md',
        type: 'button',
        loading: false,
        disabled: undefined
      }

      at log (src/components/ui/Button.tsx:26:13)

    console.log
      [Button] Has onClick in props: false

      at log (src/components/ui/Button.tsx:27:13)

    console.log
      [Button] All props: {}

      at log (src/components/ui/Button.tsx:28:13)

    console.log
      [Button] Rendering with type: button

      at log (src/components/ui/Button.tsx:25:13)

    console.log
      [Button] Props received: {
        variant: 'outline',
        size: 'md',
        type: 'button',
        loading: false,
        disabled: undefined
      }

      at log (src/components/ui/Button.tsx:26:13)

    console.log
      [Button] Has onClick in props: false

      at log (src/components/ui/Button.tsx:27:13)

    console.log
      [Button] All props: {}

      at log (src/components/ui/Button.tsx:28:13)

    console.log
      [Button] Rendering with type: button

      at log (src/components/ui/Button.tsx:25:13)

    console.log
      [Button] Props received: {
        variant: 'outline',
        size: 'md',
        type: 'button',
        loading: false,
        disabled: undefined
      }

      at log (src/components/ui/Button.tsx:26:13)

    console.log
      [Button] Has onClick in props: false

      at log (src/components/ui/Button.tsx:27:13)

    console.log
      [Button] All props: {}

      at log (src/components/ui/Button.tsx:28:13)

    console.log
      [Button] Rendering with type: button

      at log (src/components/ui/Button.tsx:25:13)

    console.log
      [Button] Props received: {
        variant: 'secondary',
        size: 'md',
        type: 'button',
        loading: false,
        disabled: undefined
      }

      at log (src/components/ui/Button.tsx:26:13)

    console.log
      [Button] Has onClick in props: false

      at log (src/components/ui/Button.tsx:27:13)

    console.log
      [Button] All props: {}

      at log (src/components/ui/Button.tsx:28:13)

    console.log
      [Button] Rendering with type: button

      at log (src/components/ui/Button.tsx:25:13)

    console.log
      [Button] Props received: {
        variant: 'secondary',
        size: 'md',
        type: 'button',
        loading: false,
        disabled: undefined
      }

      at log (src/components/ui/Button.tsx:26:13)

    console.log
      [Button] Has onClick in props: false

      at log (src/components/ui/Button.tsx:27:13)

    console.log
      [Button] All props: {}

      at log (src/components/ui/Button.tsx:28:13)

    console.log
      [Button] Rendering with type: button

      at log (src/components/ui/Button.tsx:25:13)

    console.log
      [Button] Props received: {
        variant: 'outline',
        size: 'md',
        type: 'button',
        loading: false,
        disabled: undefined
      }

      at log (src/components/ui/Button.tsx:26:13)

    console.log
      [Button] Has onClick in props: false

      at log (src/components/ui/Button.tsx:27:13)

    console.log
      [Button] All props: {}

      at log (src/components/ui/Button.tsx:28:13)

    console.log
      [Button] Rendering with type: button

      at log (src/components/ui/Button.tsx:25:13)

    console.log
      [Button] Props received: {
        variant: 'outline',
        size: 'md',
        type: 'button',
        loading: false,
        disabled: undefined
      }

      at log (src/components/ui/Button.tsx:26:13)

    console.log
      [Button] Has onClick in props: false

      at log (src/components/ui/Button.tsx:27:13)

    console.log
      [Button] All props: {}

      at log (src/components/ui/Button.tsx:28:13)

    console.log
      [Button] Rendering with type: button

      at log (src/components/ui/Button.tsx:25:13)

    console.log
      [Button] Props received: {
        variant: 'secondary',
        size: 'md',
        type: 'button',
        loading: false,
        disabled: undefined
      }

      at log (src/components/ui/Button.tsx:26:13)

    console.log
      [Button] Has onClick in props: false

      at log (src/components/ui/Button.tsx:27:13)

    console.log
      [Button] All props: {}

      at log (src/components/ui/Button.tsx:28:13)

    console.log
      [Button] Rendering with type: button

      at log (src/components/ui/Button.tsx:25:13)

    console.log
      [Button] Props received: {
        variant: 'primary',
        size: 'md',
        type: 'button',
        loading: false,
        disabled: undefined
      }

      at log (src/components/ui/Button.tsx:26:13)

    console.log
      [Button] Has onClick in props: false

      at log (src/components/ui/Button.tsx:27:13)

    console.log
      [Button] All props: {}

      at log (src/components/ui/Button.tsx:28:13)

    console.log
      [Button] Rendering with type: button

      at log (src/components/ui/Button.tsx:25:13)

    console.log
      [Button] Props received: {
        variant: 'outline',
        size: 'md',
        type: 'button',
        loading: false,
        disabled: undefined
      }

      at log (src/components/ui/Button.tsx:26:13)

    console.log
      [Button] Has onClick in props: false

      at log (src/components/ui/Button.tsx:27:13)

    console.log
      [Button] All props: {}

      at log (src/components/ui/Button.tsx:28:13)

    console.log
      [Button] Rendering with type: button

      at log (src/components/ui/Button.tsx:25:13)

    console.log
      [Button] Props received: {
        variant: 'outline',
        size: 'md',
        type: 'button',
        loading: false,
        disabled: undefined
      }

      at log (src/components/ui/Button.tsx:26:13)

    console.log
      [Button] Has onClick in props: false

      at log (src/components/ui/Button.tsx:27:13)

    console.log
      [Button] All props: {}

      at log (src/components/ui/Button.tsx:28:13)

    console.log
      [Button] Rendering with type: button

      at log (src/components/ui/Button.tsx:25:13)

    console.log
      [Button] Props received: {
        variant: 'primary',
        size: 'md',
        type: 'button',
        loading: false,
        disabled: undefined
      }

      at log (src/components/ui/Button.tsx:26:13)

    console.log
      [Button] Has onClick in props: false

      at log (src/components/ui/Button.tsx:27:13)

    console.log
      [Button] All props: {}

      at log (src/components/ui/Button.tsx:28:13)

    console.log
      [Button] Rendering with type: button

      at log (src/components/ui/Button.tsx:25:13)

    console.log
      [Button] Props received: {
        variant: 'outline',
        size: 'md',
        type: 'button',
        loading: false,
        disabled: undefined
      }

      at log (src/components/ui/Button.tsx:26:13)

    console.log
      [Button] Has onClick in props: false

      at log (src/components/ui/Button.tsx:27:13)

    console.log
      [Button] All props: {}

      at log (src/components/ui/Button.tsx:28:13)

    console.log
      [Button] Rendering with type: button

      at log (src/components/ui/Button.tsx:25:13)

    console.log
      [Button] Props received: {
        variant: 'primary',
        size: 'md',
        type: 'button',
        loading: false,
        disabled: undefined
      }

      at log (src/components/ui/Button.tsx:26:13)

    console.log
      [Button] Has onClick in props: false

      at log (src/components/ui/Button.tsx:27:13)

    console.log
      [Button] All props: {}

      at log (src/components/ui/Button.tsx:28:13)

    console.log
      [Button] Rendering with type: button

      at log (src/components/ui/Button.tsx:25:13)

    console.log
      [Button] Props received: {
        variant: 'secondary',
        size: 'md',
        type: 'button',
        loading: false,
        disabled: undefined
      }

      at log (src/components/ui/Button.tsx:26:13)

    console.log
      [Button] Has onClick in props: false

      at log (src/components/ui/Button.tsx:27:13)

    console.log
      [Button] All props: {}

      at log (src/components/ui/Button.tsx:28:13)

    console.log
      [Button] Rendering with type: button

      at log (src/components/ui/Button.tsx:25:13)

    console.log
      [Button] Props received: {
        variant: 'secondary',
        size: 'md',
        type: 'button',
        loading: false,
        disabled: undefined
      }

      at log (src/components/ui/Button.tsx:26:13)

    console.log
      [Button] Has onClick in props: false

      at log (src/components/ui/Button.tsx:27:13)

    console.log
      [Button] All props: {}

      at log (src/components/ui/Button.tsx:28:13)

    console.log
      [Button] Rendering with type: button

      at log (src/components/ui/Button.tsx:25:13)

    console.log
      [Button] Props received: {
        variant: 'outline',
        size: 'md',
        type: 'button',
        loading: false,
        disabled: undefined
      }

      at log (src/components/ui/Button.tsx:26:13)

    console.log
      [Button] Has onClick in props: false

      at log (src/components/ui/Button.tsx:27:13)

    console.log
      [Button] All props: {}

      at log (src/components/ui/Button.tsx:28:13)

    console.log
      [Button] Rendering with type: button

      at log (src/components/ui/Button.tsx:25:13)

    console.log
      [Button] Props received: {
        variant: 'secondary',
        size: 'md',
        type: 'button',
        loading: false,
        disabled: undefined
      }

      at log (src/components/ui/Button.tsx:26:13)

    console.log
      [Button] Has onClick in props: false

      at log (src/components/ui/Button.tsx:27:13)

    console.log
      [Button] All props: {}

      at log (src/components/ui/Button.tsx:28:13)

    console.log
      [Button] Rendering with type: button

      at log (src/components/ui/Button.tsx:25:13)

    console.log
      [Button] Props received: {
        variant: 'secondary',
        size: 'md',
        type: 'button',
        loading: false,
        disabled: undefined
      }

      at log (src/components/ui/Button.tsx:26:13)

    console.log
      [Button] Has onClick in props: false

      at log (src/components/ui/Button.tsx:27:13)

    console.log
      [Button] All props: {}

      at log (src/components/ui/Button.tsx:28:13)

    console.log
      [Button] Rendering with type: button

      at log (src/components/ui/Button.tsx:25:13)

    console.log
      [Button] Props received: {
        variant: 'secondary',
        size: 'md',
        type: 'button',
        loading: false,
        disabled: undefined
      }

      at log (src/components/ui/Button.tsx:26:13)

    console.log
      [Button] Has onClick in props: false

      at log (src/components/ui/Button.tsx:27:13)

    console.log
      [Button] All props: {}

      at log (src/components/ui/Button.tsx:28:13)

    console.log
      [Button] Rendering with type: button

      at log (src/components/ui/Button.tsx:25:13)

    console.log
      [Button] Props received: {
        variant: 'secondary',
        size: 'md',
        type: 'button',
        loading: false,
        disabled: undefined
      }

      at log (src/components/ui/Button.tsx:26:13)

    console.log
      [Button] Has onClick in props: false

      at log (src/components/ui/Button.tsx:27:13)

    console.log
      [Button] All props: {}

      at log (src/components/ui/Button.tsx:28:13)

    console.log
      [Button] Rendering with type: button

      at log (src/components/ui/Button.tsx:25:13)

    console.log
      [Button] Props received: {
        variant: 'outline',
        size: 'md',
        type: 'button',
        loading: false,
        disabled: undefined
      }

      at log (src/components/ui/Button.tsx:26:13)

    console.log
      [Button] Has onClick in props: false

      at log (src/components/ui/Button.tsx:27:13)

    console.log
      [Button] All props: {}

      at log (src/components/ui/Button.tsx:28:13)

    console.log
      [Button] Rendering with type: button

      at log (src/components/ui/Button.tsx:25:13)

    console.log
      [Button] Props received: {
        variant: 'secondary',
        size: 'md',
        type: 'button',
        loading: false,
        disabled: undefined
      }

      at log (src/components/ui/Button.tsx:26:13)

    console.log
      [Button] Has onClick in props: false

      at log (src/components/ui/Button.tsx:27:13)

    console.log
      [Button] All props: {}

      at log (src/components/ui/Button.tsx:28:13)

    console.log
      [Button] Rendering with type: button

      at log (src/components/ui/Button.tsx:25:13)

    console.log
      [Button] Props received: {
        variant: 'secondary',
        size: 'md',
        type: 'button',
        loading: false,
        disabled: undefined
      }

      at log (src/components/ui/Button.tsx:26:13)

    console.log
      [Button] Has onClick in props: false

      at log (src/components/ui/Button.tsx:27:13)

    console.log
      [Button] All props: {}

      at log (src/components/ui/Button.tsx:28:13)

    console.log
      [Button] Rendering with type: button

      at log (src/components/ui/Button.tsx:25:13)

    console.log
      [Button] Props received: {
        variant: 'secondary',
        size: 'md',
        type: 'button',
        loading: false,
        disabled: undefined
      }

      at log (src/components/ui/Button.tsx:26:13)

    console.log
      [Button] Has onClick in props: false

      at log (src/components/ui/Button.tsx:27:13)

    console.log
      [Button] All props: {}

      at log (src/components/ui/Button.tsx:28:13)

    console.log
      [Button] Rendering with type: button

      at log (src/components/ui/Button.tsx:25:13)

    console.log
      [Button] Props received: {
        variant: 'outline',
        size: 'md',
        type: 'button',
        loading: false,
        disabled: undefined
      }

      at log (src/components/ui/Button.tsx:26:13)

    console.log
      [Button] Has onClick in props: false

      at log (src/components/ui/Button.tsx:27:13)

    console.log
      [Button] All props: {}

      at log (src/components/ui/Button.tsx:28:13)

    console.log
      [Button] Rendering with type: button

      at log (src/components/ui/Button.tsx:25:13)

    console.log
      [Button] Props received: {
        variant: 'primary',
        size: 'md',
        type: 'button',
        loading: false,
        disabled: undefined
      }

      at log (src/components/ui/Button.tsx:26:13)

    console.log
      [Button] Has onClick in props: false

      at log (src/components/ui/Button.tsx:27:13)

    console.log
      [Button] All props: {}

      at log (src/components/ui/Button.tsx:28:13)

    console.log
      [Button] Rendering with type: button

      at log (src/components/ui/Button.tsx:25:13)

    console.log
      [Button] Props received: {
        variant: 'primary',
        size: 'md',
        type: 'button',
        loading: false,
        disabled: undefined
      }

      at log (src/components/ui/Button.tsx:26:13)

    console.log
      [Button] Has onClick in props: false

      at log (src/components/ui/Button.tsx:27:13)

    console.log
      [Button] All props: {}

      at log (src/components/ui/Button.tsx:28:13)

    console.log
      [Button] Rendering with type: button

      at log (src/components/ui/Button.tsx:25:13)

    console.log
      [Button] Props received: {
        variant: 'primary',
        size: 'md',
        type: 'button',
        loading: false,
        disabled: undefined
      }

      at log (src/components/ui/Button.tsx:26:13)

    console.log
      [Button] Has onClick in props: false

      at log (src/components/ui/Button.tsx:27:13)

    console.log
      [Button] All props: {}

      at log (src/components/ui/Button.tsx:28:13)

    console.log
      [Button] Rendering with type: button

      at log (src/components/ui/Button.tsx:25:13)

    console.log
      [Button] Props received: {
        variant: 'primary',
        size: 'md',
        type: 'button',
        loading: false,
        disabled: undefined
      }

      at log (src/components/ui/Button.tsx:26:13)

    console.log
      [Button] Has onClick in props: false

      at log (src/components/ui/Button.tsx:27:13)

    console.log
      [Button] All props: {}

      at log (src/components/ui/Button.tsx:28:13)

    console.log
      [Button] Rendering with type: button

      at log (src/components/ui/Button.tsx:25:13)

    console.log
      [Button] Props received: {
        variant: 'secondary',
        size: 'md',
        type: 'button',
        loading: false,
        disabled: undefined
      }

      at log (src/components/ui/Button.tsx:26:13)

    console.log
      [Button] Has onClick in props: false

      at log (src/components/ui/Button.tsx:27:13)

    console.log
      [Button] All props: {}

      at log (src/components/ui/Button.tsx:28:13)

    console.log
      [Button] Rendering with type: button

      at log (src/components/ui/Button.tsx:25:13)

    console.log
      [Button] Props received: {
        variant: 'outline',
        size: 'md',
        type: 'button',
        loading: false,
        disabled: undefined
      }

      at log (src/components/ui/Button.tsx:26:13)

    console.log
      [Button] Has onClick in props: false

      at log (src/components/ui/Button.tsx:27:13)

    console.log
      [Button] All props: {}

      at log (src/components/ui/Button.tsx:28:13)

    console.log
      [Button] Rendering with type: button

      at log (src/components/ui/Button.tsx:25:13)

    console.log
      [Button] Props received: {
        variant: 'outline',
        size: 'md',
        type: 'button',
        loading: false,
        disabled: undefined
      }

      at log (src/components/ui/Button.tsx:26:13)

    console.log
      [Button] Has onClick in props: false

      at log (src/components/ui/Button.tsx:27:13)

    console.log
      [Button] All props: {}

      at log (src/components/ui/Button.tsx:28:13)

    console.log
      [Button] Rendering with type: button

      at log (src/components/ui/Button.tsx:25:13)

    console.log
      [Button] Props received: {
        variant: 'secondary',
        size: 'md',
        type: 'button',
        loading: false,
        disabled: undefined
      }

      at log (src/components/ui/Button.tsx:26:13)

    console.log
      [Button] Has onClick in props: false

      at log (src/components/ui/Button.tsx:27:13)

    console.log
      [Button] All props: {}

      at log (src/components/ui/Button.tsx:28:13)

    console.log
      [Button] Rendering with type: button

      at log (src/components/ui/Button.tsx:25:13)

    console.log
      [Button] Props received: {
        variant: 'primary',
        size: 'md',
        type: 'button',
        loading: false,
        disabled: undefined
      }

      at log (src/components/ui/Button.tsx:26:13)

    console.log
      [Button] Has onClick in props: false

      at log (src/components/ui/Button.tsx:27:13)

    console.log
      [Button] All props: {}

      at log (src/components/ui/Button.tsx:28:13)

    console.log
      [Button] Rendering with type: button

      at log (src/components/ui/Button.tsx:25:13)

    console.log
      [Button] Props received: {
        variant: 'outline',
        size: 'md',
        type: 'button',
        loading: false,
        disabled: undefined
      }

      at log (src/components/ui/Button.tsx:26:13)

    console.log
      [Button] Has onClick in props: false

      at log (src/components/ui/Button.tsx:27:13)

    console.log
      [Button] All props: {}

      at log (src/components/ui/Button.tsx:28:13)

    console.log
      [Button] Rendering with type: button

      at log (src/components/ui/Button.tsx:25:13)

    console.log
      [Button] Props received: {
        variant: 'outline',
        size: 'md',
        type: 'button',
        loading: false,
        disabled: undefined
      }

      at log (src/components/ui/Button.tsx:26:13)

    console.log
      [Button] Has onClick in props: false

      at log (src/components/ui/Button.tsx:27:13)

    console.log
      [Button] All props: {}

      at log (src/components/ui/Button.tsx:28:13)

    console.log
      [Button] Rendering with type: button

      at log (src/components/ui/Button.tsx:25:13)

    console.log
      [Button] Props received: {
        variant: 'outline',
        size: 'md',
        type: 'button',
        loading: false,
        disabled: undefined
      }

      at log (src/components/ui/Button.tsx:26:13)

    console.log
      [Button] Has onClick in props: false

      at log (src/components/ui/Button.tsx:27:13)

    console.log
      [Button] All props: {}

      at log (src/components/ui/Button.tsx:28:13)

    console.log
      [Button] Rendering with type: button

      at log (src/components/ui/Button.tsx:25:13)

    console.log
      [Button] Props received: {
        variant: 'secondary',
        size: 'md',
        type: 'button',
        loading: false,
        disabled: undefined
      }

      at log (src/components/ui/Button.tsx:26:13)

    console.log
      [Button] Has onClick in props: false

      at log (src/components/ui/Button.tsx:27:13)

    console.log
      [Button] All props: {}

      at log (src/components/ui/Button.tsx:28:13)

    console.log
      [Button] Rendering with type: button

      at log (src/components/ui/Button.tsx:25:13)

    console.log
      [Button] Props received: {
        variant: 'secondary',
        size: 'md',
        type: 'button',
        loading: false,
        disabled: undefined
      }

      at log (src/components/ui/Button.tsx:26:13)

    console.log
      [Button] Has onClick in props: false

      at log (src/components/ui/Button.tsx:27:13)

    console.log
      [Button] All props: {}

      at log (src/components/ui/Button.tsx:28:13)

    console.log
      [Button] Rendering with type: button

      at log (src/components/ui/Button.tsx:25:13)

    console.log
      [Button] Props received: {
        variant: 'secondary',
        size: 'md',
        type: 'button',
        loading: false,
        disabled: undefined
      }

      at log (src/components/ui/Button.tsx:26:13)

    console.log
      [Button] Has onClick in props: false

      at log (src/components/ui/Button.tsx:27:13)

    console.log
      [Button] All props: {}

      at log (src/components/ui/Button.tsx:28:13)

    console.log
      [Button] Rendering with type: button

      at log (src/components/ui/Button.tsx:25:13)

    console.log
      [Button] Props received: {
        variant: 'outline',
        size: 'md',
        type: 'button',
        loading: false,
        disabled: undefined
      }

      at log (src/components/ui/Button.tsx:26:13)

    console.log
      [Button] Has onClick in props: false

      at log (src/components/ui/Button.tsx:27:13)

    console.log
      [Button] All props: {}

      at log (src/components/ui/Button.tsx:28:13)

    console.log
      [Button] Rendering with type: button

      at log (src/components/ui/Button.tsx:25:13)

    console.log
      [Button] Props received: {
        variant: 'primary',
        size: 'md',
        type: 'button',
        loading: false,
        disabled: undefined
      }

      at log (src/components/ui/Button.tsx:26:13)

    console.log
      [Button] Has onClick in props: false

      at log (src/components/ui/Button.tsx:27:13)

    console.log
      [Button] All props: {}

      at log (src/components/ui/Button.tsx:28:13)

    console.log
      [Button] Rendering with type: button

      at log (src/components/ui/Button.tsx:25:13)

    console.log
      [Button] Props received: {
        variant: 'primary',
        size: 'md',
        type: 'button',
        loading: false,
        disabled: undefined
      }

      at log (src/components/ui/Button.tsx:26:13)

    console.log
      [Button] Has onClick in props: false

      at log (src/components/ui/Button.tsx:27:13)

    console.log
      [Button] All props: {}

      at log (src/components/ui/Button.tsx:28:13)

    console.log
      [Button] Rendering with type: button

      at log (src/components/ui/Button.tsx:25:13)

    console.log
      [Button] Props received: {
        variant: 'secondary',
        size: 'md',
        type: 'button',
        loading: false,
        disabled: undefined
      }

      at log (src/components/ui/Button.tsx:26:13)

    console.log
      [Button] Has onClick in props: false

      at log (src/components/ui/Button.tsx:27:13)

    console.log
      [Button] All props: {}

      at log (src/components/ui/Button.tsx:28:13)

    console.log
      [Button] Rendering with type: button

      at log (src/components/ui/Button.tsx:25:13)

    console.log
      [Button] Props received: {
        variant: 'secondary',
        size: 'md',
        type: 'button',
        loading: false,
        disabled: undefined
      }

      at log (src/components/ui/Button.tsx:26:13)

    console.log
      [Button] Has onClick in props: false

      at log (src/components/ui/Button.tsx:27:13)

    console.log
      [Button] All props: {}

      at log (src/components/ui/Button.tsx:28:13)

    console.log
      [Button] Rendering with type: button

      at log (src/components/ui/Button.tsx:25:13)

    console.log
      [Button] Props received: {
        variant: 'primary',
        size: 'md',
        type: 'button',
        loading: false,
        disabled: undefined
      }

      at log (src/components/ui/Button.tsx:26:13)

    console.log
      [Button] Has onClick in props: false

      at log (src/components/ui/Button.tsx:27:13)

    console.log
      [Button] All props: {}

      at log (src/components/ui/Button.tsx:28:13)

    console.log
      [Button] Rendering with type: button

      at log (src/components/ui/Button.tsx:25:13)

    console.log
      [Button] Props received: {
        variant: 'outline',
        size: 'md',
        type: 'button',
        loading: false,
        disabled: undefined
      }

      at log (src/components/ui/Button.tsx:26:13)

    console.log
      [Button] Has onClick in props: false

      at log (src/components/ui/Button.tsx:27:13)

    console.log
      [Button] All props: {}

      at log (src/components/ui/Button.tsx:28:13)

    console.log
      [Button] Rendering with type: button

      at log (src/components/ui/Button.tsx:25:13)

    console.log
      [Button] Props received: {
        variant: 'outline',
        size: 'md',
        type: 'button',
        loading: false,
        disabled: undefined
      }

      at log (src/components/ui/Button.tsx:26:13)

    console.log
      [Button] Has onClick in props: false

      at log (src/components/ui/Button.tsx:27:13)

    console.log
      [Button] All props: {}

      at log (src/components/ui/Button.tsx:28:13)

    console.log
      [Button] Rendering with type: button

      at log (src/components/ui/Button.tsx:25:13)

    console.log
      [Button] Props received: {
        variant: 'outline',
        size: 'md',
        type: 'button',
        loading: false,
        disabled: undefined
      }

      at log (src/components/ui/Button.tsx:26:13)

    console.log
      [Button] Has onClick in props: false

      at log (src/components/ui/Button.tsx:27:13)

    console.log
      [Button] All props: {}

      at log (src/components/ui/Button.tsx:28:13)

    console.log
      [Button] Rendering with type: button

      at log (src/components/ui/Button.tsx:25:13)

    console.log
      [Button] Props received: {
        variant: 'primary',
        size: 'md',
        type: 'button',
        loading: false,
        disabled: undefined
      }

      at log (src/components/ui/Button.tsx:26:13)

    console.log
      [Button] Has onClick in props: false

      at log (src/components/ui/Button.tsx:27:13)

    console.log
      [Button] All props: {}

      at log (src/components/ui/Button.tsx:28:13)

    console.log
      [Button] Rendering with type: button

      at log (src/components/ui/Button.tsx:25:13)

    console.log
      [Button] Props received: {
        variant: 'primary',
        size: 'md',
        type: 'button',
        loading: false,
        disabled: undefined
      }

      at log (src/components/ui/Button.tsx:26:13)

    console.log
      [Button] Has onClick in props: false

      at log (src/components/ui/Button.tsx:27:13)

    console.log
      [Button] All props: {}

      at log (src/components/ui/Button.tsx:28:13)

    console.log
      [Button] Rendering with type: button

      at log (src/components/ui/Button.tsx:25:13)

    console.log
      [Button] Props received: {
        variant: 'primary',
        size: 'md',
        type: 'button',
        loading: false,
        disabled: undefined
      }

      at log (src/components/ui/Button.tsx:26:13)

    console.log
      [Button] Has onClick in props: false

      at log (src/components/ui/Button.tsx:27:13)

    console.log
      [Button] All props: {}

      at log (src/components/ui/Button.tsx:28:13)

    console.log
      [Button] Rendering with type: button

      at log (src/components/ui/Button.tsx:25:13)

    console.log
      [Button] Props received: {
        variant: 'secondary',
        size: 'md',
        type: 'button',
        loading: false,
        disabled: undefined
      }

      at log (src/components/ui/Button.tsx:26:13)

    console.log
      [Button] Has onClick in props: false

      at log (src/components/ui/Button.tsx:27:13)

    console.log
      [Button] All props: {}

      at log (src/components/ui/Button.tsx:28:13)

    console.log
      [Button] Rendering with type: button

      at log (src/components/ui/Button.tsx:25:13)

    console.log
      [Button] Props received: {
        variant: 'primary',
        size: 'md',
        type: 'button',
        loading: false,
        disabled: undefined
      }

      at log (src/components/ui/Button.tsx:26:13)

    console.log
      [Button] Has onClick in props: false

      at log (src/components/ui/Button.tsx:27:13)

    console.log
      [Button] All props: {}

      at log (src/components/ui/Button.tsx:28:13)

    console.log
      [Button] Rendering with type: button

      at log (src/components/ui/Button.tsx:25:13)

    console.log
      [Button] Props received: {
        variant: 'primary',
        size: 'md',
        type: 'button',
        loading: false,
        disabled: undefined
      }

      at log (src/components/ui/Button.tsx:26:13)

    console.log
      [Button] Has onClick in props: false

      at log (src/components/ui/Button.tsx:27:13)

    console.log
      [Button] All props: {}

      at log (src/components/ui/Button.tsx:28:13)

    console.log
      [Button] Rendering with type: button

      at log (src/components/ui/Button.tsx:25:13)

    console.log
      [Button] Props received: {
        variant: 'primary',
        size: 'md',
        type: 'button',
        loading: false,
        disabled: undefined
      }

      at log (src/components/ui/Button.tsx:26:13)

    console.log
      [Button] Has onClick in props: false

      at log (src/components/ui/Button.tsx:27:13)

    console.log
      [Button] All props: {}

      at log (src/components/ui/Button.tsx:28:13)

    console.log
      [Button] Rendering with type: button

      at log (src/components/ui/Button.tsx:25:13)

    console.log
      [Button] Props received: {
        variant: 'secondary',
        size: 'md',
        type: 'button',
        loading: false,
        disabled: undefined
      }

      at log (src/components/ui/Button.tsx:26:13)

    console.log
      [Button] Has onClick in props: false

      at log (src/components/ui/Button.tsx:27:13)

    console.log
      [Button] All props: {}

      at log (src/components/ui/Button.tsx:28:13)

    console.log
      [Button] Rendering with type: button

      at log (src/components/ui/Button.tsx:25:13)

    console.log
      [Button] Props received: {
        variant: 'primary',
        size: 'md',
        type: 'button',
        loading: false,
        disabled: undefined
      }

      at log (src/components/ui/Button.tsx:26:13)

    console.log
      [Button] Has onClick in props: false

      at log (src/components/ui/Button.tsx:27:13)

    console.log
      [Button] All props: {}

      at log (src/components/ui/Button.tsx:28:13)

    console.log
      [Button] Rendering with type: button

      at log (src/components/ui/Button.tsx:25:13)

    console.log
      [Button] Props received: {
        variant: 'primary',
        size: 'md',
        type: 'button',
        loading: false,
        disabled: undefined
      }

      at log (src/components/ui/Button.tsx:26:13)

    console.log
      [Button] Has onClick in props: false

      at log (src/components/ui/Button.tsx:27:13)

    console.log
      [Button] All props: {}

      at log (src/components/ui/Button.tsx:28:13)

    console.log
      [Button] Rendering with type: button

      at log (src/components/ui/Button.tsx:25:13)

    console.log
      [Button] Props received: {
        variant: 'primary',
        size: 'md',
        type: 'button',
        loading: false,
        disabled: undefined
      }

      at log (src/components/ui/Button.tsx:26:13)

    console.log
      [Button] Has onClick in props: false

      at log (src/components/ui/Button.tsx:27:13)

    console.log
      [Button] All props: {}

      at log (src/components/ui/Button.tsx:28:13)

    console.log
      [Button] Rendering with type: button

      at log (src/components/ui/Button.tsx:25:13)

    console.log
      [Button] Props received: {
        variant: 'primary',
        size: 'md',
        type: 'button',
        loading: false,
        disabled: undefined
      }

      at log (src/components/ui/Button.tsx:26:13)

    console.log
      [Button] Has onClick in props: false

      at log (src/components/ui/Button.tsx:27:13)

    console.log
      [Button] All props: {}

      at log (src/components/ui/Button.tsx:28:13)

    console.log
      [Button] Rendering with type: button

      at log (src/components/ui/Button.tsx:25:13)

    console.log
      [Button] Props received: {
        variant: 'primary',
        size: 'md',
        type: 'button',
        loading: false,
        disabled: undefined
      }

      at log (src/components/ui/Button.tsx:26:13)

    console.log
      [Button] Has onClick in props: false

      at log (src/components/ui/Button.tsx:27:13)

    console.log
      [Button] All props: {}

      at log (src/components/ui/Button.tsx:28:13)

    console.log
      [Button] Rendering with type: button

      at log (src/components/ui/Button.tsx:25:13)

    console.log
      [Button] Props received: {
        variant: 'outline',
        size: 'md',
        type: 'button',
        loading: false,
        disabled: undefined
      }

      at log (src/components/ui/Button.tsx:26:13)

    console.log
      [Button] Has onClick in props: false

      at log (src/components/ui/Button.tsx:27:13)

    console.log
      [Button] All props: {}

      at log (src/components/ui/Button.tsx:28:13)

    console.log
      [Button] Rendering with type: button

      at log (src/components/ui/Button.tsx:25:13)

    console.log
      [Button] Props received: {
        variant: 'outline',
        size: 'md',
        type: 'button',
        loading: false,
        disabled: undefined
      }

      at log (src/components/ui/Button.tsx:26:13)

    console.log
      [Button] Has onClick in props: false

      at log (src/components/ui/Button.tsx:27:13)

    console.log
      [Button] All props: {}

      at log (src/components/ui/Button.tsx:28:13)

    console.log
      [Button] Rendering with type: button

      at log (src/components/ui/Button.tsx:25:13)

    console.log
      [Button] Props received: {
        variant: 'secondary',
        size: 'md',
        type: 'button',
        loading: false,
        disabled: undefined
      }

      at log (src/components/ui/Button.tsx:26:13)

    console.log
      [Button] Has onClick in props: false

      at log (src/components/ui/Button.tsx:27:13)

    console.log
      [Button] All props: {}

      at log (src/components/ui/Button.tsx:28:13)

    console.log
      [Button] Rendering with type: button

      at log (src/components/ui/Button.tsx:25:13)

    console.log
      [Button] Props received: {
        variant: 'secondary',
        size: 'md',
        type: 'button',
        loading: false,
        disabled: undefined
      }

      at log (src/components/ui/Button.tsx:26:13)

    console.log
      [Button] Has onClick in props: false

      at log (src/components/ui/Button.tsx:27:13)

    console.log
      [Button] All props: {}

      at log (src/components/ui/Button.tsx:28:13)

    console.log
      [Button] Rendering with type: button

      at log (src/components/ui/Button.tsx:25:13)

    console.log
      [Button] Props received: {
        variant: 'secondary',
        size: 'md',
        type: 'button',
        loading: false,
        disabled: undefined
      }

      at log (src/components/ui/Button.tsx:26:13)

    console.log
      [Button] Has onClick in props: false

      at log (src/components/ui/Button.tsx:27:13)

    console.log
      [Button] All props: {}

      at log (src/components/ui/Button.tsx:28:13)

    console.log
      [Button] Rendering with type: button

      at log (src/components/ui/Button.tsx:25:13)

    console.log
      [Button] Props received: {
        variant: 'primary',
        size: 'md',
        type: 'button',
        loading: false,
        disabled: undefined
      }

      at log (src/components/ui/Button.tsx:26:13)

    console.log
      [Button] Has onClick in props: false

      at log (src/components/ui/Button.tsx:27:13)

    console.log
      [Button] All props: {}

      at log (src/components/ui/Button.tsx:28:13)

    console.log
      [Button] Rendering with type: button

      at log (src/components/ui/Button.tsx:25:13)

    console.log
      [Button] Props received: {
        variant: 'outline',
        size: 'md',
        type: 'button',
        loading: false,
        disabled: undefined
      }

      at log (src/components/ui/Button.tsx:26:13)

    console.log
      [Button] Has onClick in props: false

      at log (src/components/ui/Button.tsx:27:13)

    console.log
      [Button] All props: {}

      at log (src/components/ui/Button.tsx:28:13)

    console.log
      [Button] Rendering with type: button

      at log (src/components/ui/Button.tsx:25:13)

    console.log
      [Button] Props received: {
        variant: 'secondary',
        size: 'md',
        type: 'button',
        loading: false,
        disabled: undefined
      }

      at log (src/components/ui/Button.tsx:26:13)

    console.log
      [Button] Has onClick in props: false

      at log (src/components/ui/Button.tsx:27:13)

    console.log
      [Button] All props: {}

      at log (src/components/ui/Button.tsx:28:13)

    console.log
      [Button] Rendering with type: button

      at log (src/components/ui/Button.tsx:25:13)

    console.log
      [Button] Props received: {
        variant: 'primary',
        size: 'md',
        type: 'button',
        loading: false,
        disabled: undefined
      }

      at log (src/components/ui/Button.tsx:26:13)

    console.log
      [Button] Has onClick in props: false

      at log (src/components/ui/Button.tsx:27:13)

    console.log
      [Button] All props: {}

      at log (src/components/ui/Button.tsx:28:13)

    console.log
      [Button] Rendering with type: button

      at log (src/components/ui/Button.tsx:25:13)

    console.log
      [Button] Props received: {
        variant: 'primary',
        size: 'md',
        type: 'button',
        loading: false,
        disabled: undefined
      }

      at log (src/components/ui/Button.tsx:26:13)

    console.log
      [Button] Has onClick in props: false

      at log (src/components/ui/Button.tsx:27:13)

    console.log
      [Button] All props: {}

      at log (src/components/ui/Button.tsx:28:13)

    console.log
      [Button] Rendering with type: button

      at log (src/components/ui/Button.tsx:25:13)

    console.log
      [Button] Props received: {
        variant: 'secondary',
        size: 'md',
        type: 'button',
        loading: false,
        disabled: undefined
      }

      at log (src/components/ui/Button.tsx:26:13)

    console.log
      [Button] Has onClick in props: false

      at log (src/components/ui/Button.tsx:27:13)

    console.log
      [Button] All props: {}

      at log (src/components/ui/Button.tsx:28:13)

    console.log
      [Button] Rendering with type: button

      at log (src/components/ui/Button.tsx:25:13)

    console.log
      [Button] Props received: {
        variant: 'outline',
        size: 'md',
        type: 'button',
        loading: false,
        disabled: undefined
      }

      at log (src/components/ui/Button.tsx:26:13)

    console.log
      [Button] Has onClick in props: false

      at log (src/components/ui/Button.tsx:27:13)

    console.log
      [Button] All props: {}

      at log (src/components/ui/Button.tsx:28:13)

    console.log
      [Button] Rendering with type: button

      at log (src/components/ui/Button.tsx:25:13)

    console.log
      [Button] Props received: {
        variant: 'primary',
        size: 'lg',
        type: 'button',
        loading: false,
        disabled: undefined
      }

      at log (src/components/ui/Button.tsx:26:13)

    console.log
      [Button] Has onClick in props: true

      at log (src/components/ui/Button.tsx:27:13)

    console.log
      [Button] All props: {
        onClick: [AsyncFunction: handleCtaClick],
        'aria-describedby': 'hero-heading',
        'aria-label': 'LlGAyYn ezN UZCT - Begin your tax preparation process'
      }

      at log (src/components/ui/Button.tsx:28:13)

    console.log
      [Button] Rendering with type: button

      at log (src/components/ui/Button.tsx:25:13)

    console.log
      [Button] Props received: {
        variant: 'primary',
        size: 'lg',
        type: 'button',
        loading: false,
        disabled: undefined
      }

      at log (src/components/ui/Button.tsx:26:13)

    console.log
      [Button] Has onClick in props: true

      at log (src/components/ui/Button.tsx:27:13)

    console.log
      [Button] All props: {
        onClick: [AsyncFunction: handlePrimaryClick],
        'aria-describedby': 'cta-heading',
        'aria-label': 'Start Your Tax Preparation Now - Begin your tax preparation process now'
      }

      at log (src/components/ui/Button.tsx:28:13)

    console.log
      [Button] Rendering with type: button

      at log (src/components/ui/Button.tsx:25:13)

    console.log
      [Button] Props received: {
        variant: 'outline',
        size: 'lg',
        type: 'button',
        loading: false,
        disabled: undefined
      }

      at log (src/components/ui/Button.tsx:26:13)

    console.log
      [Button] Has onClick in props: true

      at log (src/components/ui/Button.tsx:27:13)

    console.log
      [Button] All props: {
        onClick: [AsyncFunction: handleSecondaryClick],
        'aria-describedby': 'cta-heading',
        'aria-label': 'Learn More About Our Process - Get more information about our tax preparation process'
      }

      at log (src/components/ui/Button.tsx:28:13)

    console.log
      [Button] Rendering with type: button

      at log (src/components/ui/Button.tsx:25:13)

    console.log
      [Button] Props received: {
        variant: 'primary',
        size: 'lg',
        type: 'button',
        loading: false,
        disabled: undefined
      }

      at log (src/components/ui/Button.tsx:26:13)

    console.log
      [Button] Has onClick in props: true

      at log (src/components/ui/Button.tsx:27:13)

    console.log
      [Button] All props: {
        onClick: [AsyncFunction: handleCtaClick],
        'aria-describedby': 'hero-heading',
        'aria-label': 'User System IRS Data Tax IRS - Begin your tax preparation process'
      }

      at log (src/components/ui/Button.tsx:28:13)

    console.log
      [Button] Rendering with type: button

      at log (src/components/ui/Button.tsx:25:13)

    console.log
      [Button] Props received: {
        variant: 'primary',
        size: 'lg',
        type: 'button',
        loading: false,
        disabled: undefined
      }

      at log (src/components/ui/Button.tsx:26:13)

    console.log
      [Button] Has onClick in props: true

      at log (src/components/ui/Button.tsx:27:13)

    console.log
      [Button] All props: {
        onClick: [AsyncFunction: handlePrimaryClick],
        'aria-describedby': 'cta-heading',
        'aria-label': 'Start Your Tax Preparation Now - Begin your tax preparation process now'
      }

      at log (src/components/ui/Button.tsx:28:13)

    console.log
      [Button] Rendering with type: button

      at log (src/components/ui/Button.tsx:25:13)

    console.log
      [Button] Props received: {
        variant: 'outline',
        size: 'lg',
        type: 'button',
        loading: false,
        disabled: undefined
      }

      at log (src/components/ui/Button.tsx:26:13)

    console.log
      [Button] Has onClick in props: true

      at log (src/components/ui/Button.tsx:27:13)

    console.log
      [Button] All props: {
        onClick: [AsyncFunction: handleSecondaryClick],
        'aria-describedby': 'cta-heading',
        'aria-label': 'Learn More About Our Process - Get more information about our tax preparation process'
      }

      at log (src/components/ui/Button.tsx:28:13)

    console.log
      [Button] Rendering with type: button

      at log (src/components/ui/Button.tsx:25:13)

    console.log
      [Button] Props received: {
        variant: 'primary',
        size: 'lg',
        type: 'button',
        loading: false,
        disabled: undefined
      }

      at log (src/components/ui/Button.tsx:26:13)

    console.log
      [Button] Has onClick in props: true

      at log (src/components/ui/Button.tsx:27:13)

    console.log
      [Button] All props: {
        onClick: [AsyncFunction: handleCtaClick],
        'aria-describedby': 'hero-heading',
        'aria-label': 'ref call key bind - Begin your tax preparation process'
      }

      at log (src/components/ui/Button.tsx:28:13)

    console.log
      [Button] Rendering with type: button

      at log (src/components/ui/Button.tsx:25:13)

    console.log
      [Button] Props received: {
        variant: 'primary',
        size: 'lg',
        type: 'button',
        loading: false,
        disabled: undefined
      }

      at log (src/components/ui/Button.tsx:26:13)

    console.log
      [Button] Has onClick in props: true

      at log (src/components/ui/Button.tsx:27:13)

    console.log
      [Button] All props: {
        onClick: [AsyncFunction: handlePrimaryClick],
        'aria-describedby': 'cta-heading',
        'aria-label': 'Start Your Tax Preparation Now - Begin your tax preparation process now'
      }

      at log (src/components/ui/Button.tsx:28:13)

    console.log
      [Button] Rendering with type: button

      at log (src/components/ui/Button.tsx:25:13)

    console.log
      [Button] Props received: {
        variant: 'outline',
        size: 'lg',
        type: 'button',
        loading: false,
        disabled: undefined
      }

      at log (src/components/ui/Button.tsx:26:13)

    console.log
      [Button] Has onClick in props: true

      at log (src/components/ui/Button.tsx:27:13)

    console.log
      [Button] All props: {
        onClick: [AsyncFunction: handleSecondaryClick],
        'aria-describedby': 'cta-heading',
        'aria-label': 'Learn More About Our Process - Get more information about our tax preparation process'
      }

      at log (src/components/ui/Button.tsx:28:13)

    console.log
      [Button] Rendering with type: button

      at log (src/components/ui/Button.tsx:25:13)

    console.log
      [Button] Props received: {
        variant: 'primary',
        size: 'lg',
        type: 'button',
        loading: false,
        disabled: undefined
      }

      at log (src/components/ui/Button.tsx:26:13)

    console.log
      [Button] Has onClick in props: true

      at log (src/components/ui/Button.tsx:27:13)

    console.log
      [Button] All props: {
        onClick: [AsyncFunction: handleCtaClick],
        'aria-describedby': 'hero-heading',
        'aria-label': 'constructor key - Begin your tax preparation process'
      }

      at log (src/components/ui/Button.tsx:28:13)

    console.log
      [Button] Rendering with type: button

      at log (src/components/ui/Button.tsx:25:13)

    console.log
      [Button] Props received: {
        variant: 'primary',
        size: 'lg',
        type: 'button',
        loading: false,
        disabled: undefined
      }

      at log (src/components/ui/Button.tsx:26:13)

    console.log
      [Button] Has onClick in props: true

      at log (src/components/ui/Button.tsx:27:13)

    console.log
      [Button] All props: {
        onClick: [AsyncFunction: handlePrimaryClick],
        'aria-describedby': 'cta-heading',
        'aria-label': 'Start Your Tax Preparation Now - Begin your tax preparation process now'
      }

      at log (src/components/ui/Button.tsx:28:13)

    console.log
      [Button] Rendering with type: button

      at log (src/components/ui/Button.tsx:25:13)

    console.log
      [Button] Props received: {
        variant: 'outline',
        size: 'lg',
        type: 'button',
        loading: false,
        disabled: undefined
      }

      at log (src/components/ui/Button.tsx:26:13)

    console.log
      [Button] Has onClick in props: true

      at log (src/components/ui/Button.tsx:27:13)

    console.log
      [Button] All props: {
        onClick: [AsyncFunction: handleSecondaryClick],
        'aria-describedby': 'cta-heading',
        'aria-label': 'Learn More About Our Process - Get more information about our tax preparation process'
      }

      at log (src/components/ui/Button.tsx:28:13)

    console.log
      [Button] Rendering with type: button

      at log (src/components/ui/Button.tsx:25:13)

    console.log
      [Button] Props received: {
        variant: 'primary',
        size: 'lg',
        type: 'button',
        loading: false,
        disabled: undefined
      }

      at log (src/components/ui/Button.tsx:26:13)

    console.log
      [Button] Has onClick in props: true

      at log (src/components/ui/Button.tsx:27:13)

    console.log
      [Button] All props: {
        onClick: [AsyncFunction: handleCtaClick],
        'aria-describedby': 'hero-heading',
        'aria-label': 'Tax Filing - Begin your tax preparation process'
      }

      at log (src/components/ui/Button.tsx:28:13)

    console.log
      [Button] Rendering with type: button

      at log (src/components/ui/Button.tsx:25:13)

    console.log
      [Button] Props received: {
        variant: 'primary',
        size: 'lg',
        type: 'button',
        loading: false,
        disabled: undefined
      }

      at log (src/components/ui/Button.tsx:26:13)

    console.log
      [Button] Has onClick in props: true

      at log (src/components/ui/Button.tsx:27:13)

    console.log
      [Button] All props: {
        onClick: [AsyncFunction: handlePrimaryClick],
        'aria-describedby': 'cta-heading',
        'aria-label': 'Start Your Tax Preparation Now - Begin your tax preparation process now'
      }

      at log (src/components/ui/Button.tsx:28:13)

    console.log
      [Button] Rendering with type: button

      at log (src/components/ui/Button.tsx:25:13)

    console.log
      [Button] Props received: {
        variant: 'outline',
        size: 'lg',
        type: 'button',
        loading: false,
        disabled: undefined
      }

      at log (src/components/ui/Button.tsx:26:13)

    console.log
      [Button] Has onClick in props: true

      at log (src/components/ui/Button.tsx:27:13)

    console.log
      [Button] All props: {
        onClick: [AsyncFunction: handleSecondaryClick],
        'aria-describedby': 'cta-heading',
        'aria-label': 'Learn More About Our Process - Get more information about our tax preparation process'
      }

      at log (src/components/ui/Button.tsx:28:13)

    console.log
      [Button] Rendering with type: button

      at log (src/components/ui/Button.tsx:25:13)

    console.log
      [Button] Props received: {
        variant: 'primary',
        size: 'lg',
        type: 'button',
        loading: false,
        disabled: undefined
      }

      at log (src/components/ui/Button.tsx:26:13)

    console.log
      [Button] Has onClick in props: true

      at log (src/components/ui/Button.tsx:27:13)

    console.log
      [Button] All props: {
        onClick: [AsyncFunction: handleCtaClick],
        'aria-describedby': 'hero-heading',
        'aria-label': 'chzS rXU XCI bqjz - Begin your tax preparation process'
      }

      at log (src/components/ui/Button.tsx:28:13)

    console.log
      [Button] Rendering with type: button

      at log (src/components/ui/Button.tsx:25:13)

    console.log
      [Button] Props received: {
        variant: 'primary',
        size: 'lg',
        type: 'button',
        loading: false,
        disabled: undefined
      }

      at log (src/components/ui/Button.tsx:26:13)

    console.log
      [Button] Has onClick in props: true

      at log (src/components/ui/Button.tsx:27:13)

    console.log
      [Button] All props: {
        onClick: [AsyncFunction: handlePrimaryClick],
        'aria-describedby': 'cta-heading',
        'aria-label': 'Start Your Tax Preparation Now - Begin your tax preparation process now'
      }

      at log (src/components/ui/Button.tsx:28:13)

    console.log
      [Button] Rendering with type: button

      at log (src/components/ui/Button.tsx:25:13)

    console.log
      [Button] Props received: {
        variant: 'outline',
        size: 'lg',
        type: 'button',
        loading: false,
        disabled: undefined
      }

      at log (src/components/ui/Button.tsx:26:13)

    console.log
      [Button] Has onClick in props: true

      at log (src/components/ui/Button.tsx:27:13)

    console.log
      [Button] All props: {
        onClick: [AsyncFunction: handleSecondaryClick],
        'aria-describedby': 'cta-heading',
        'aria-label': 'Learn More About Our Process - Get more information about our tax preparation process'
      }

      at log (src/components/ui/Button.tsx:28:13)

    console.log
      [Button] Rendering with type: button

      at log (src/components/ui/Button.tsx:25:13)

    console.log
      [Button] Props received: {
        variant: 'primary',
        size: 'lg',
        type: 'button',
        loading: false,
        disabled: undefined
      }

      at log (src/components/ui/Button.tsx:26:13)

    console.log
      [Button] Has onClick in props: true

      at log (src/components/ui/Button.tsx:27:13)

    console.log
      [Button] All props: {
        onClick: [AsyncFunction: handleCtaClick],
        'aria-describedby': 'hero-heading',
        'aria-label': 'IRS IRS - Begin your tax preparation process'
      }

      at log (src/components/ui/Button.tsx:28:13)

    console.log
      [Button] Rendering with type: button

      at log (src/components/ui/Button.tsx:25:13)

    console.log
      [Button] Props received: {
        variant: 'primary',
        size: 'lg',
        type: 'button',
        loading: false,
        disabled: undefined
      }

      at log (src/components/ui/Button.tsx:26:13)

    console.log
      [Button] Has onClick in props: true

      at log (src/components/ui/Button.tsx:27:13)

    console.log
      [Button] All props: {
        onClick: [AsyncFunction: handlePrimaryClick],
        'aria-describedby': 'cta-heading',
        'aria-label': 'Start Your Tax Preparation Now - Begin your tax preparation process now'
      }

      at log (src/components/ui/Button.tsx:28:13)

    console.log
      [Button] Rendering with type: button

      at log (src/components/ui/Button.tsx:25:13)

    console.log
      [Button] Props received: {
        variant: 'outline',
        size: 'lg',
        type: 'button',
        loading: false,
        disabled: undefined
      }

      at log (src/components/ui/Button.tsx:26:13)

    console.log
      [Button] Has onClick in props: true

      at log (src/components/ui/Button.tsx:27:13)

    console.log
      [Button] All props: {
        onClick: [AsyncFunction: handleSecondaryClick],
        'aria-describedby': 'cta-heading',
        'aria-label': 'Learn More About Our Process - Get more information about our tax preparation process'
      }

      at log (src/components/ui/Button.tsx:28:13)

    console.log
      [Button] Rendering with type: button

      at log (src/components/ui/Button.tsx:25:13)

    console.log
      [Button] Props received: {
        variant: 'primary',
        size: 'lg',
        type: 'button',
        loading: false,
        disabled: undefined
      }

      at log (src/components/ui/Button.tsx:26:13)

    console.log
      [Button] Has onClick in props: true

      at log (src/components/ui/Button.tsx:27:13)

    console.log
      [Button] All props: {
        onClick: [AsyncFunction: handleCtaClick],
        'aria-describedby': 'hero-heading',
        'aria-label': 'bind apply - Begin your tax preparation process'
      }

      at log (src/components/ui/Button.tsx:28:13)

    console.log
      [Button] Rendering with type: button

      at log (src/components/ui/Button.tsx:25:13)

    console.log
      [Button] Props received: {
        variant: 'primary',
        size: 'lg',
        type: 'button',
        loading: false,
        disabled: undefined
      }

      at log (src/components/ui/Button.tsx:26:13)

    console.log
      [Button] Has onClick in props: true

      at log (src/components/ui/Button.tsx:27:13)

    console.log
      [Button] All props: {
        onClick: [AsyncFunction: handlePrimaryClick],
        'aria-describedby': 'cta-heading',
        'aria-label': 'Start Your Tax Preparation Now - Begin your tax preparation process now'
      }

      at log (src/components/ui/Button.tsx:28:13)

    console.log
      [Button] Rendering with type: button

      at log (src/components/ui/Button.tsx:25:13)

    console.log
      [Button] Props received: {
        variant: 'outline',
        size: 'lg',
        type: 'button',
        loading: false,
        disabled: undefined
      }

      at log (src/components/ui/Button.tsx:26:13)

    console.log
      [Button] Has onClick in props: true

      at log (src/components/ui/Button.tsx:27:13)

    console.log
      [Button] All props: {
        onClick: [AsyncFunction: handleSecondaryClick],
        'aria-describedby': 'cta-heading',
        'aria-label': 'Learn More About Our Process - Get more information about our tax preparation process'
      }

      at log (src/components/ui/Button.tsx:28:13)

    console.log
      [Button] Rendering with type: button

      at log (src/components/ui/Button.tsx:25:13)

    console.log
      [Button] Props received: {
        variant: 'primary',
        size: 'lg',
        type: 'button',
        loading: false,
        disabled: undefined
      }

      at log (src/components/ui/Button.tsx:26:13)

    console.log
      [Button] Has onClick in props: true

      at log (src/components/ui/Button.tsx:27:13)

    console.log
      [Button] All props: {
        onClick: [AsyncFunction: handleCtaClick],
        'aria-describedby': 'hero-heading',
        'aria-label': 'System System - Begin your tax preparation process'
      }

      at log (src/components/ui/Button.tsx:28:13)

    console.log
      [Button] Rendering with type: button

      at log (src/components/ui/Button.tsx:25:13)

    console.log
      [Button] Props received: {
        variant: 'primary',
        size: 'lg',
        type: 'button',
        loading: false,
        disabled: undefined
      }

      at log (src/components/ui/Button.tsx:26:13)

    console.log
      [Button] Has onClick in props: true

      at log (src/components/ui/Button.tsx:27:13)

    console.log
      [Button] All props: {
        onClick: [AsyncFunction: handlePrimaryClick],
        'aria-describedby': 'cta-heading',
        'aria-label': 'Start Your Tax Preparation Now - Begin your tax preparation process now'
      }

      at log (src/components/ui/Button.tsx:28:13)

    console.log
      [Button] Rendering with type: button

      at log (src/components/ui/Button.tsx:25:13)

    console.log
      [Button] Props received: {
        variant: 'outline',
        size: 'lg',
        type: 'button',
        loading: false,
        disabled: undefined
      }

      at log (src/components/ui/Button.tsx:26:13)

    console.log
      [Button] Has onClick in props: true

      at log (src/components/ui/Button.tsx:27:13)

    console.log
      [Button] All props: {
        onClick: [AsyncFunction: handleSecondaryClick],
        'aria-describedby': 'cta-heading',
        'aria-label': 'Learn More About Our Process - Get more information about our tax preparation process'
      }

      at log (src/components/ui/Button.tsx:28:13)

    console.log
      [Button] Rendering with type: button

      at log (src/components/ui/Button.tsx:25:13)

    console.log
      [Button] Props received: {
        variant: 'primary',
        size: 'lg',
        type: 'button',
        loading: false,
        disabled: undefined
      }

      at log (src/components/ui/Button.tsx:26:13)

    console.log
      [Button] Has onClick in props: true

      at log (src/components/ui/Button.tsx:27:13)

    console.log
      [Button] All props: {
        onClick: [AsyncFunction: handleCtaClick],
        'aria-describedby': 'hero-heading',
        'aria-label': 'Process IRS IRS - Begin your tax preparation process'
      }

      at log (src/components/ui/Button.tsx:28:13)

    console.log
      [Button] Rendering with type: button

      at log (src/components/ui/Button.tsx:25:13)

    console.log
      [Button] Props received: {
        variant: 'primary',
        size: 'lg',
        type: 'button',
        loading: false,
        disabled: undefined
      }

      at log (src/components/ui/Button.tsx:26:13)

    console.log
      [Button] Has onClick in props: true

      at log (src/components/ui/Button.tsx:27:13)

    console.log
      [Button] All props: {
        onClick: [AsyncFunction: handlePrimaryClick],
        'aria-describedby': 'cta-heading',
        'aria-label': 'Start Your Tax Preparation Now - Begin your tax preparation process now'
      }

      at log (src/components/ui/Button.tsx:28:13)

    console.log
      [Button] Rendering with type: button

      at log (src/components/ui/Button.tsx:25:13)

    console.log
      [Button] Props received: {
        variant: 'outline',
        size: 'lg',
        type: 'button',
        loading: false,
        disabled: undefined
      }

      at log (src/components/ui/Button.tsx:26:13)

    console.log
      [Button] Has onClick in props: true

      at log (src/components/ui/Button.tsx:27:13)

    console.log
      [Button] All props: {
        onClick: [AsyncFunction: handleSecondaryClick],
        'aria-describedby': 'cta-heading',
        'aria-label': 'Learn More About Our Process - Get more information about our tax preparation process'
      }

      at log (src/components/ui/Button.tsx:28:13)

    console.log
      [Button] Rendering with type: button

      at log (src/components/ui/Button.tsx:25:13)

    console.log
      [Button] Props received: {
        variant: 'primary',
        size: 'lg',
        type: 'button',
        loading: false,
        disabled: undefined
      }

      at log (src/components/ui/Button.tsx:26:13)

    console.log
      [Button] Has onClick in props: true

      at log (src/components/ui/Button.tsx:27:13)

    console.log
      [Button] All props: {
        onClick: [AsyncFunction: handleCtaClick],
        'aria-describedby': 'hero-heading',
        'aria-label': 'constructor - Begin your tax preparation process'
      }

      at log (src/components/ui/Button.tsx:28:13)

    console.log
      [Button] Rendering with type: button

      at log (src/components/ui/Button.tsx:25:13)

    console.log
      [Button] Props received: {
        variant: 'primary',
        size: 'lg',
        type: 'button',
        loading: false,
        disabled: undefined
      }

      at log (src/components/ui/Button.tsx:26:13)

    console.log
      [Button] Has onClick in props: true

      at log (src/components/ui/Button.tsx:27:13)

    console.log
      [Button] All props: {
        onClick: [AsyncFunction: handlePrimaryClick],
        'aria-describedby': 'cta-heading',
        'aria-label': 'Start Your Tax Preparation Now - Begin your tax preparation process now'
      }

      at log (src/components/ui/Button.tsx:28:13)

    console.log
      [Button] Rendering with type: button

      at log (src/components/ui/Button.tsx:25:13)

    console.log
      [Button] Props received: {
        variant: 'outline',
        size: 'lg',
        type: 'button',
        loading: false,
        disabled: undefined
      }

      at log (src/components/ui/Button.tsx:26:13)

    console.log
      [Button] Has onClick in props: true

      at log (src/components/ui/Button.tsx:27:13)

    console.log
      [Button] All props: {
        onClick: [AsyncFunction: handleSecondaryClick],
        'aria-describedby': 'cta-heading',
        'aria-label': 'Learn More About Our Process - Get more information about our tax preparation process'
      }

      at log (src/components/ui/Button.tsx:28:13)

    console.log
      [Button] Rendering with type: button

      at log (src/components/ui/Button.tsx:25:13)

    console.log
      [Button] Props received: {
        variant: 'primary',
        size: 'lg',
        type: 'button',
        loading: false,
        disabled: undefined
      }

      at log (src/components/ui/Button.tsx:26:13)

    console.log
      [Button] Has onClick in props: true

      at log (src/components/ui/Button.tsx:27:13)

    console.log
      [Button] All props: {
        onClick: [AsyncFunction: handleCtaClick],
        'aria-describedby': 'hero-heading',
        'aria-label': 'Preparation System System Tax Process - Begin your tax preparation process'
      }

      at log (src/components/ui/Button.tsx:28:13)

    console.log
      [Button] Rendering with type: button

      at log (src/components/ui/Button.tsx:25:13)

    console.log
      [Button] Props received: {
        variant: 'primary',
        size: 'lg',
        type: 'button',
        loading: false,
        disabled: undefined
      }

      at log (src/components/ui/Button.tsx:26:13)

    console.log
      [Button] Has onClick in props: true

      at log (src/components/ui/Button.tsx:27:13)

    console.log
      [Button] All props: {
        onClick: [AsyncFunction: handlePrimaryClick],
        'aria-describedby': 'cta-heading',
        'aria-label': 'Start Your Tax Preparation Now - Begin your tax preparation process now'
      }

      at log (src/components/ui/Button.tsx:28:13)

    console.log
      [Button] Rendering with type: button

      at log (src/components/ui/Button.tsx:25:13)

    console.log
      [Button] Props received: {
        variant: 'outline',
        size: 'lg',
        type: 'button',
        loading: false,
        disabled: undefined
      }

      at log (src/components/ui/Button.tsx:26:13)

    console.log
      [Button] Has onClick in props: true

      at log (src/components/ui/Button.tsx:27:13)

    console.log
      [Button] All props: {
        onClick: [AsyncFunction: handleSecondaryClick],
        'aria-describedby': 'cta-heading',
        'aria-label': 'Learn More About Our Process - Get more information about our tax preparation process'
      }

      at log (src/components/ui/Button.tsx:28:13)

    console.log
      [Button] Rendering with type: button

      at log (src/components/ui/Button.tsx:25:13)

    console.log
      [Button] Props received: {
        variant: 'primary',
        size: 'lg',
        type: 'button',
        loading: false,
        disabled: undefined
      }

      at log (src/components/ui/Button.tsx:26:13)

    console.log
      [Button] Has onClick in props: true

      at log (src/components/ui/Button.tsx:27:13)

    console.log
      [Button] All props: {
        onClick: [AsyncFunction: handleCtaClick],
        'aria-describedby': 'hero-heading',
        'aria-label': 'Form IRS - Begin your tax preparation process'
      }

      at log (src/components/ui/Button.tsx:28:13)

    console.log
      [Button] Rendering with type: button

      at log (src/components/ui/Button.tsx:25:13)

    console.log
      [Button] Props received: {
        variant: 'primary',
        size: 'lg',
        type: 'button',
        loading: false,
        disabled: undefined
      }

      at log (src/components/ui/Button.tsx:26:13)

    console.log
      [Button] Has onClick in props: true

      at log (src/components/ui/Button.tsx:27:13)

    console.log
      [Button] All props: {
        onClick: [AsyncFunction: handlePrimaryClick],
        'aria-describedby': 'cta-heading',
        'aria-label': 'Start Your Tax Preparation Now - Begin your tax preparation process now'
      }

      at log (src/components/ui/Button.tsx:28:13)

    console.log
      [Button] Rendering with type: button

      at log (src/components/ui/Button.tsx:25:13)

    console.log
      [Button] Props received: {
        variant: 'outline',
        size: 'lg',
        type: 'button',
        loading: false,
        disabled: undefined
      }

      at log (src/components/ui/Button.tsx:26:13)

    console.log
      [Button] Has onClick in props: true

      at log (src/components/ui/Button.tsx:27:13)

    console.log
      [Button] All props: {
        onClick: [AsyncFunction: handleSecondaryClick],
        'aria-describedby': 'cta-heading',
        'aria-label': 'Learn More About Our Process - Get more information about our tax preparation process'
      }

      at log (src/components/ui/Button.tsx:28:13)

    console.log
      [Button] Rendering with type: button

      at log (src/components/ui/Button.tsx:25:13)

    console.log
      [Button] Props received: {
        variant: 'primary',
        size: 'lg',
        type: 'button',
        loading: false,
        disabled: undefined
      }

      at log (src/components/ui/Button.tsx:26:13)

    console.log
      [Button] Has onClick in props: true

      at log (src/components/ui/Button.tsx:27:13)

    console.log
      [Button] All props: {
        onClick: [AsyncFunction: handleCtaClick],
        'aria-describedby': 'hero-heading',
        'aria-label': 'Form Form System App Form - Begin your tax preparation process'
      }

      at log (src/components/ui/Button.tsx:28:13)

    console.log
      [Button] Rendering with type: button

      at log (src/components/ui/Button.tsx:25:13)

    console.log
      [Button] Props received: {
        variant: 'primary',
        size: 'lg',
        type: 'button',
        loading: false,
        disabled: undefined
      }

      at log (src/components/ui/Button.tsx:26:13)

    console.log
      [Button] Has onClick in props: true

      at log (src/components/ui/Button.tsx:27:13)

    console.log
      [Button] All props: {
        onClick: [AsyncFunction: handlePrimaryClick],
        'aria-describedby': 'cta-heading',
        'aria-label': 'Start Your Tax Preparation Now - Begin your tax preparation process now'
      }

      at log (src/components/ui/Button.tsx:28:13)

    console.log
      [Button] Rendering with type: button

      at log (src/components/ui/Button.tsx:25:13)

    console.log
      [Button] Props received: {
        variant: 'outline',
        size: 'lg',
        type: 'button',
        loading: false,
        disabled: undefined
      }

      at log (src/components/ui/Button.tsx:26:13)

    console.log
      [Button] Has onClick in props: true

      at log (src/components/ui/Button.tsx:27:13)

    console.log
      [Button] All props: {
        onClick: [AsyncFunction: handleSecondaryClick],
        'aria-describedby': 'cta-heading',
        'aria-label': 'Learn More About Our Process - Get more information about our tax preparation process'
      }

      at log (src/components/ui/Button.tsx:28:13)

    console.log
      [Button] Rendering with type: button

      at log (src/components/ui/Button.tsx:25:13)

    console.log
      [Button] Props received: {
        variant: 'primary',
        size: 'lg',
        type: 'button',
        loading: false,
        disabled: undefined
      }

      at log (src/components/ui/Button.tsx:26:13)

    console.log
      [Button] Has onClick in props: true

      at log (src/components/ui/Button.tsx:27:13)

    console.log
      [Button] All props: {
        onClick: [AsyncFunction: handleCtaClick],
        'aria-describedby': 'hero-heading',
        'aria-label': 'call apply zile TkZb length - Begin your tax preparation process'
      }

      at log (src/components/ui/Button.tsx:28:13)

    console.log
      [Button] Rendering with type: button

      at log (src/components/ui/Button.tsx:25:13)

    console.log
      [Button] Props received: {
        variant: 'primary',
        size: 'lg',
        type: 'button',
        loading: false,
        disabled: undefined
      }

      at log (src/components/ui/Button.tsx:26:13)

    console.log
      [Button] Has onClick in props: true

      at log (src/components/ui/Button.tsx:27:13)

    console.log
      [Button] All props: {
        onClick: [AsyncFunction: handlePrimaryClick],
        'aria-describedby': 'cta-heading',
        'aria-label': 'Start Your Tax Preparation Now - Begin your tax preparation process now'
      }

      at log (src/components/ui/Button.tsx:28:13)

    console.log
      [Button] Rendering with type: button

      at log (src/components/ui/Button.tsx:25:13)

    console.log
      [Button] Props received: {
        variant: 'outline',
        size: 'lg',
        type: 'button',
        loading: false,
        disabled: undefined
      }

      at log (src/components/ui/Button.tsx:26:13)

    console.log
      [Button] Has onClick in props: true

      at log (src/components/ui/Button.tsx:27:13)

    console.log
      [Button] All props: {
        onClick: [AsyncFunction: handleSecondaryClick],
        'aria-describedby': 'cta-heading',
        'aria-label': 'Learn More About Our Process - Get more information about our tax preparation process'
      }

      at log (src/components/ui/Button.tsx:28:13)

    console.log
      [Button] Rendering with type: button

      at log (src/components/ui/Button.tsx:25:13)

    console.log
      [Button] Props received: {
        variant: 'primary',
        size: 'lg',
        type: 'button',
        loading: false,
        disabled: undefined
      }

      at log (src/components/ui/Button.tsx:26:13)

    console.log
      [Button] Has onClick in props: true

      at log (src/components/ui/Button.tsx:27:13)

    console.log
      [Button] All props: {
        onClick: [AsyncFunction: handleCtaClick],
        'aria-describedby': 'hero-heading',
        'aria-label': 'System User User Data - Begin your tax preparation process'
      }

      at log (src/components/ui/Button.tsx:28:13)

    console.log
      [Button] Rendering with type: button

      at log (src/components/ui/Button.tsx:25:13)

    console.log
      [Button] Props received: {
        variant: 'primary',
        size: 'lg',
        type: 'button',
        loading: false,
        disabled: undefined
      }

      at log (src/components/ui/Button.tsx:26:13)

    console.log
      [Button] Has onClick in props: true

      at log (src/components/ui/Button.tsx:27:13)

    console.log
      [Button] All props: {
        onClick: [AsyncFunction: handlePrimaryClick],
        'aria-describedby': 'cta-heading',
        'aria-label': 'Start Your Tax Preparation Now - Begin your tax preparation process now'
      }

      at log (src/components/ui/Button.tsx:28:13)

    console.log
      [Button] Rendering with type: button

      at log (src/components/ui/Button.tsx:25:13)

    console.log
      [Button] Props received: {
        variant: 'outline',
        size: 'lg',
        type: 'button',
        loading: false,
        disabled: undefined
      }

      at log (src/components/ui/Button.tsx:26:13)

    console.log
      [Button] Has onClick in props: true

      at log (src/components/ui/Button.tsx:27:13)

    console.log
      [Button] All props: {
        onClick: [AsyncFunction: handleSecondaryClick],
        'aria-describedby': 'cta-heading',
        'aria-label': 'Learn More About Our Process - Get more information about our tax preparation process'
      }

      at log (src/components/ui/Button.tsx:28:13)

    console.log
      [Button] Rendering with type: button

      at log (src/components/ui/Button.tsx:25:13)

    console.log
      [Button] Props received: {
        variant: 'primary',
        size: 'lg',
        type: 'button',
        loading: false,
        disabled: undefined
      }

      at log (src/components/ui/Button.tsx:26:13)

    console.log
      [Button] Has onClick in props: true

      at log (src/components/ui/Button.tsx:27:13)

    console.log
      [Button] All props: {
        onClick: [AsyncFunction: handleCtaClick],
        'aria-describedby': 'hero-heading',
        'aria-label': 'Preparation Process Data Process Form Preparation - Begin your tax preparation process'
      }

      at log (src/components/ui/Button.tsx:28:13)

    console.log
      [Button] Rendering with type: button

      at log (src/components/ui/Button.tsx:25:13)

    console.log
      [Button] Props received: {
        variant: 'primary',
        size: 'lg',
        type: 'button',
        loading: false,
        disabled: undefined
      }

      at log (src/components/ui/Button.tsx:26:13)

    console.log
      [Button] Has onClick in props: true

      at log (src/components/ui/Button.tsx:27:13)

    console.log
      [Button] All props: {
        onClick: [AsyncFunction: handlePrimaryClick],
        'aria-describedby': 'cta-heading',
        'aria-label': 'Start Your Tax Preparation Now - Begin your tax preparation process now'
      }

      at log (src/components/ui/Button.tsx:28:13)

    console.log
      [Button] Rendering with type: button

      at log (src/components/ui/Button.tsx:25:13)

    console.log
      [Button] Props received: {
        variant: 'outline',
        size: 'lg',
        type: 'button',
        loading: false,
        disabled: undefined
      }

      at log (src/components/ui/Button.tsx:26:13)

    console.log
      [Button] Has onClick in props: true

      at log (src/components/ui/Button.tsx:27:13)

    console.log
      [Button] All props: {
        onClick: [AsyncFunction: handleSecondaryClick],
        'aria-describedby': 'cta-heading',
        'aria-label': 'Learn More About Our Process - Get more information about our tax preparation process'
      }

      at log (src/components/ui/Button.tsx:28:13)

    console.log
      [Button] Rendering with type: button

      at log (src/components/ui/Button.tsx:25:13)

    console.log
      [Button] Props received: {
        variant: 'primary',
        size: 'lg',
        type: 'button',
        loading: false,
        disabled: undefined
      }

      at log (src/components/ui/Button.tsx:26:13)

    console.log
      [Button] Has onClick in props: true

      at log (src/components/ui/Button.tsx:27:13)

    console.log
      [Button] All props: {
        onClick: [AsyncFunction: handleCtaClick],
        'aria-describedby': 'hero-heading',
        'aria-label': 'IRS Process System App User Process - Begin your tax preparation process'
      }

      at log (src/components/ui/Button.tsx:28:13)

    console.log
      [Button] Rendering with type: button

      at log (src/components/ui/Button.tsx:25:13)

    console.log
      [Button] Props received: {
        variant: 'primary',
        size: 'lg',
        type: 'button',
        loading: false,
        disabled: undefined
      }

      at log (src/components/ui/Button.tsx:26:13)

    console.log
      [Button] Has onClick in props: true

      at log (src/components/ui/Button.tsx:27:13)

    console.log
      [Button] All props: {
        onClick: [AsyncFunction: handlePrimaryClick],
        'aria-describedby': 'cta-heading',
        'aria-label': 'Start Your Tax Preparation Now - Begin your tax preparation process now'
      }

      at log (src/components/ui/Button.tsx:28:13)

    console.log
      [Button] Rendering with type: button

      at log (src/components/ui/Button.tsx:25:13)

    console.log
      [Button] Props received: {
        variant: 'outline',
        size: 'lg',
        type: 'button',
        loading: false,
        disabled: undefined
      }

      at log (src/components/ui/Button.tsx:26:13)

    console.log
      [Button] Has onClick in props: true

      at log (src/components/ui/Button.tsx:27:13)

    console.log
      [Button] All props: {
        onClick: [AsyncFunction: handleSecondaryClick],
        'aria-describedby': 'cta-heading',
        'aria-label': 'Learn More About Our Process - Get more information about our tax preparation process'
      }

      at log (src/components/ui/Button.tsx:28:13)

    console.log
      [Button] Rendering with type: button

      at log (src/components/ui/Button.tsx:25:13)

    console.log
      [Button] Props received: {
        variant: 'primary',
        size: 'lg',
        type: 'button',
        loading: false,
        disabled: undefined
      }

      at log (src/components/ui/Button.tsx:26:13)

    console.log
      [Button] Has onClick in props: true

      at log (src/components/ui/Button.tsx:27:13)

    console.log
      [Button] All props: {
        onClick: [AsyncFunction: handleCtaClick],
        'aria-describedby': 'hero-heading',
        'aria-label': 'Data Form Tax Process - Begin your tax preparation process'
      }

      at log (src/components/ui/Button.tsx:28:13)

    console.log
      [Button] Rendering with type: button

      at log (src/components/ui/Button.tsx:25:13)

    console.log
      [Button] Props received: {
        variant: 'primary',
        size: 'lg',
        type: 'button',
        loading: false,
        disabled: undefined
      }

      at log (src/components/ui/Button.tsx:26:13)

    console.log
      [Button] Has onClick in props: true

      at log (src/components/ui/Button.tsx:27:13)

    console.log
      [Button] All props: {
        onClick: [AsyncFunction: handlePrimaryClick],
        'aria-describedby': 'cta-heading',
        'aria-label': 'Start Your Tax Preparation Now - Begin your tax preparation process now'
      }

      at log (src/components/ui/Button.tsx:28:13)

    console.log
      [Button] Rendering with type: button

      at log (src/components/ui/Button.tsx:25:13)

    console.log
      [Button] Props received: {
        variant: 'outline',
        size: 'lg',
        type: 'button',
        loading: false,
        disabled: undefined
      }

      at log (src/components/ui/Button.tsx:26:13)

    console.log
      [Button] Has onClick in props: true

      at log (src/components/ui/Button.tsx:27:13)

    console.log
      [Button] All props: {
        onClick: [AsyncFunction: handleSecondaryClick],
        'aria-describedby': 'cta-heading',
        'aria-label': 'Learn More About Our Process - Get more information about our tax preparation process'
      }

      at log (src/components/ui/Button.tsx:28:13)

    console.log
      [Button] Rendering with type: button

      at log (src/components/ui/Button.tsx:25:13)

    console.log
      [Button] Props received: {
        variant: 'primary',
        size: 'lg',
        type: 'button',
        loading: false,
        disabled: undefined
      }

      at log (src/components/ui/Button.tsx:26:13)

    console.log
      [Button] Has onClick in props: true

      at log (src/components/ui/Button.tsx:27:13)

    console.log
      [Button] All props: {
        onClick: [AsyncFunction: handleCtaClick],
        'aria-describedby': 'hero-heading',
        'aria-label': 'YDn qJHX boBu - Begin your tax preparation process'
      }

      at log (src/components/ui/Button.tsx:28:13)

    console.log
      [Button] Rendering with type: button

      at log (src/components/ui/Button.tsx:25:13)

    console.log
      [Button] Props received: {
        variant: 'primary',
        size: 'lg',
        type: 'button',
        loading: false,
        disabled: undefined
      }

      at log (src/components/ui/Button.tsx:26:13)

    console.log
      [Button] Has onClick in props: true

      at log (src/components/ui/Button.tsx:27:13)

    console.log
      [Button] All props: {
        onClick: [AsyncFunction: handlePrimaryClick],
        'aria-describedby': 'cta-heading',
        'aria-label': 'Start Your Tax Preparation Now - Begin your tax preparation process now'
      }

      at log (src/components/ui/Button.tsx:28:13)

    console.log
      [Button] Rendering with type: button

      at log (src/components/ui/Button.tsx:25:13)

    console.log
      [Button] Props received: {
        variant: 'outline',
        size: 'lg',
        type: 'button',
        loading: false,
        disabled: undefined
      }

      at log (src/components/ui/Button.tsx:26:13)

    console.log
      [Button] Has onClick in props: true

      at log (src/components/ui/Button.tsx:27:13)

    console.log
      [Button] All props: {
        onClick: [AsyncFunction: handleSecondaryClick],
        'aria-describedby': 'cta-heading',
        'aria-label': 'Learn More About Our Process - Get more information about our tax preparation process'
      }

      at log (src/components/ui/Button.tsx:28:13)

    console.log
      [Button] Rendering with type: button

      at log (src/components/ui/Button.tsx:25:13)

    console.log
      [Button] Props received: {
        variant: 'primary',
        size: 'lg',
        type: 'button',
        loading: false,
        disabled: undefined
      }

      at log (src/components/ui/Button.tsx:26:13)

    console.log
      [Button] Has onClick in props: true

      at log (src/components/ui/Button.tsx:27:13)

    console.log
      [Button] All props: {
        onClick: [AsyncFunction: handleCtaClick],
        'aria-describedby': 'hero-heading',
        'aria-label': 'lCwpi call - Begin your tax preparation process'
      }

      at log (src/components/ui/Button.tsx:28:13)

    console.log
      [Button] Rendering with type: button

      at log (src/components/ui/Button.tsx:25:13)

    console.log
      [Button] Props received: {
        variant: 'primary',
        size: 'lg',
        type: 'button',
        loading: false,
        disabled: undefined
      }

      at log (src/components/ui/Button.tsx:26:13)

    console.log
      [Button] Has onClick in props: true

      at log (src/components/ui/Button.tsx:27:13)

    console.log
      [Button] All props: {
        onClick: [AsyncFunction: handlePrimaryClick],
        'aria-describedby': 'cta-heading',
        'aria-label': 'Start Your Tax Preparation Now - Begin your tax preparation process now'
      }

      at log (src/components/ui/Button.tsx:28:13)

    console.log
      [Button] Rendering with type: button

      at log (src/components/ui/Button.tsx:25:13)

    console.log
      [Button] Props received: {
        variant: 'outline',
        size: 'lg',
        type: 'button',
        loading: false,
        disabled: undefined
      }

      at log (src/components/ui/Button.tsx:26:13)

    console.log
      [Button] Has onClick in props: true

      at log (src/components/ui/Button.tsx:27:13)

    console.log
      [Button] All props: {
        onClick: [AsyncFunction: handleSecondaryClick],
        'aria-describedby': 'cta-heading',
        'aria-label': 'Learn More About Our Process - Get more information about our tax preparation process'
      }

      at log (src/components/ui/Button.tsx:28:13)

    console.log
      [Button] Rendering with type: button

      at log (src/components/ui/Button.tsx:25:13)

    console.log
      [Button] Props received: {
        variant: 'primary',
        size: 'lg',
        type: 'button',
        loading: false,
        disabled: undefined
      }

      at log (src/components/ui/Button.tsx:26:13)

    console.log
      [Button] Has onClick in props: true

      at log (src/components/ui/Button.tsx:27:13)

    console.log
      [Button] All props: {
        onClick: [AsyncFunction: handleCtaClick],
        'aria-describedby': 'hero-heading',
        'aria-label': 'hzI KgsE JuJmMa RcqZcQYbUR GeAqI - Begin your tax preparation process'
      }

      at log (src/components/ui/Button.tsx:28:13)

    console.log
      [Button] Rendering with type: button

      at log (src/components/ui/Button.tsx:25:13)

    console.log
      [Button] Props received: {
        variant: 'primary',
        size: 'lg',
        type: 'button',
        loading: false,
        disabled: undefined
      }

      at log (src/components/ui/Button.tsx:26:13)

    console.log
      [Button] Has onClick in props: true

      at log (src/components/ui/Button.tsx:27:13)

    console.log
      [Button] All props: {
        onClick: [AsyncFunction: handlePrimaryClick],
        'aria-describedby': 'cta-heading',
        'aria-label': 'Start Your Tax Preparation Now - Begin your tax preparation process now'
      }

      at log (src/components/ui/Button.tsx:28:13)

    console.log
      [Button] Rendering with type: button

      at log (src/components/ui/Button.tsx:25:13)

    console.log
      [Button] Props received: {
        variant: 'outline',
        size: 'lg',
        type: 'button',
        loading: false,
        disabled: undefined
      }

      at log (src/components/ui/Button.tsx:26:13)

    console.log
      [Button] Has onClick in props: true

      at log (src/components/ui/Button.tsx:27:13)

    console.log
      [Button] All props: {
        onClick: [AsyncFunction: handleSecondaryClick],
        'aria-describedby': 'cta-heading',
        'aria-label': 'Learn More About Our Process - Get more information about our tax preparation process'
      }

      at log (src/components/ui/Button.tsx:28:13)

    console.log
      [Button] Rendering with type: button

      at log (src/components/ui/Button.tsx:25:13)

    console.log
      [Button] Props received: {
        variant: 'primary',
        size: 'lg',
        type: 'button',
        loading: false,
        disabled: undefined
      }

      at log (src/components/ui/Button.tsx:26:13)

    console.log
      [Button] Has onClick in props: true

      at log (src/components/ui/Button.tsx:27:13)

    console.log
      [Button] All props: {
        onClick: [AsyncFunction: handleCtaClick],
        'aria-describedby': 'hero-heading',
        'aria-label': 'Filing App Process Tax Process Preparation - Begin your tax preparation process'
      }

      at log (src/components/ui/Button.tsx:28:13)

    console.log
      [Button] Rendering with type: button

      at log (src/components/ui/Button.tsx:25:13)

    console.log
      [Button] Props received: {
        variant: 'primary',
        size: 'lg',
        type: 'button',
        loading: false,
        disabled: undefined
      }

      at log (src/components/ui/Button.tsx:26:13)

    console.log
      [Button] Has onClick in props: true

      at log (src/components/ui/Button.tsx:27:13)

    console.log
      [Button] All props: {
        onClick: [AsyncFunction: handlePrimaryClick],
        'aria-describedby': 'cta-heading',
        'aria-label': 'Start Your Tax Preparation Now - Begin your tax preparation process now'
      }

      at log (src/components/ui/Button.tsx:28:13)

    console.log
      [Button] Rendering with type: button

      at log (src/components/ui/Button.tsx:25:13)

    console.log
      [Button] Props received: {
        variant: 'outline',
        size: 'lg',
        type: 'button',
        loading: false,
        disabled: undefined
      }

      at log (src/components/ui/Button.tsx:26:13)

    console.log
      [Button] Has onClick in props: true

      at log (src/components/ui/Button.tsx:27:13)

    console.log
      [Button] All props: {
        onClick: [AsyncFunction: handleSecondaryClick],
        'aria-describedby': 'cta-heading',
        'aria-label': 'Learn More About Our Process - Get more information about our tax preparation process'
      }

      at log (src/components/ui/Button.tsx:28:13)

    console.log
      [Button] Rendering with type: button

      at log (src/components/ui/Button.tsx:25:13)

    console.log
      [Button] Props received: {
        variant: 'primary',
        size: 'lg',
        type: 'button',
        loading: false,
        disabled: undefined
      }

      at log (src/components/ui/Button.tsx:26:13)

    console.log
      [Button] Has onClick in props: true

      at log (src/components/ui/Button.tsx:27:13)

    console.log
      [Button] All props: {
        onClick: [AsyncFunction: handleCtaClick],
        'aria-describedby': 'hero-heading',
        'aria-label': 'Process IRS Data - Begin your tax preparation process'
      }

      at log (src/components/ui/Button.tsx:28:13)

    console.log
      [Button] Rendering with type: button

      at log (src/components/ui/Button.tsx:25:13)

    console.log
      [Button] Props received: {
        variant: 'primary',
        size: 'lg',
        type: 'button',
        loading: false,
        disabled: undefined
      }

      at log (src/components/ui/Button.tsx:26:13)

    console.log
      [Button] Has onClick in props: true

      at log (src/components/ui/Button.tsx:27:13)

    console.log
      [Button] All props: {
        onClick: [AsyncFunction: handlePrimaryClick],
        'aria-describedby': 'cta-heading',
        'aria-label': 'Start Your Tax Preparation Now - Begin your tax preparation process now'
      }

      at log (src/components/ui/Button.tsx:28:13)

    console.log
      [Button] Rendering with type: button

      at log (src/components/ui/Button.tsx:25:13)

    console.log
      [Button] Props received: {
        variant: 'outline',
        size: 'lg',
        type: 'button',
        loading: false,
        disabled: undefined
      }

      at log (src/components/ui/Button.tsx:26:13)

    console.log
      [Button] Has onClick in props: true

      at log (src/components/ui/Button.tsx:27:13)

    console.log
      [Button] All props: {
        onClick: [AsyncFunction: handleSecondaryClick],
        'aria-describedby': 'cta-heading',
        'aria-label': 'Learn More About Our Process - Get more information about our tax preparation process'
      }

      at log (src/components/ui/Button.tsx:28:13)

    console.log
      [Button] Rendering with type: button

      at log (src/components/ui/Button.tsx:25:13)

    console.log
      [Button] Props received: {
        variant: 'primary',
        size: 'lg',
        type: 'button',
        loading: false,
        disabled: undefined
      }

      at log (src/components/ui/Button.tsx:26:13)

    console.log
      [Button] Has onClick in props: true

      at log (src/components/ui/Button.tsx:27:13)

    console.log
      [Button] All props: {
        onClick: [AsyncFunction: handleCtaClick],
        'aria-describedby': 'hero-heading',
        'aria-label': 'App User Filing - Begin your tax preparation process'
      }

      at log (src/components/ui/Button.tsx:28:13)

    console.log
      [Button] Rendering with type: button

      at log (src/components/ui/Button.tsx:25:13)

    console.log
      [Button] Props received: {
        variant: 'primary',
        size: 'lg',
        type: 'button',
        loading: false,
        disabled: undefined
      }

      at log (src/components/ui/Button.tsx:26:13)

    console.log
      [Button] Has onClick in props: true

      at log (src/components/ui/Button.tsx:27:13)

    console.log
      [Button] All props: {
        onClick: [AsyncFunction: handlePrimaryClick],
        'aria-describedby': 'cta-heading',
        'aria-label': 'Start Your Tax Preparation Now - Begin your tax preparation process now'
      }

      at log (src/components/ui/Button.tsx:28:13)

    console.log
      [Button] Rendering with type: button

      at log (src/components/ui/Button.tsx:25:13)

    console.log
      [Button] Props received: {
        variant: 'outline',
        size: 'lg',
        type: 'button',
        loading: false,
        disabled: undefined
      }

      at log (src/components/ui/Button.tsx:26:13)

    console.log
      [Button] Has onClick in props: true

      at log (src/components/ui/Button.tsx:27:13)

    console.log
      [Button] All props: {
        onClick: [AsyncFunction: handleSecondaryClick],
        'aria-describedby': 'cta-heading',
        'aria-label': 'Learn More About Our Process - Get more information about our tax preparation process'
      }

      at log (src/components/ui/Button.tsx:28:13)

    console.log
      [Button] Rendering with type: button

      at log (src/components/ui/Button.tsx:25:13)

    console.log
      [Button] Props received: {
        variant: 'primary',
        size: 'lg',
        type: 'button',
        loading: false,
        disabled: undefined
      }

      at log (src/components/ui/Button.tsx:26:13)

    console.log
      [Button] Has onClick in props: true

      at log (src/components/ui/Button.tsx:27:13)

    console.log
      [Button] All props: {
        onClick: [AsyncFunction: handleCtaClick],
        'aria-describedby': 'hero-heading',
        'aria-label': 'MWkGDxPm yHiznBlB VAB - Begin your tax preparation process'
      }

      at log (src/components/ui/Button.tsx:28:13)

    console.log
      [Button] Rendering with type: button

      at log (src/components/ui/Button.tsx:25:13)

    console.log
      [Button] Props received: {
        variant: 'primary',
        size: 'lg',
        type: 'button',
        loading: false,
        disabled: undefined
      }

      at log (src/components/ui/Button.tsx:26:13)

    console.log
      [Button] Has onClick in props: true

      at log (src/components/ui/Button.tsx:27:13)

    console.log
      [Button] All props: {
        onClick: [AsyncFunction: handlePrimaryClick],
        'aria-describedby': 'cta-heading',
        'aria-label': 'Start Your Tax Preparation Now - Begin your tax preparation process now'
      }

      at log (src/components/ui/Button.tsx:28:13)

    console.log
      [Button] Rendering with type: button

      at log (src/components/ui/Button.tsx:25:13)

    console.log
      [Button] Props received: {
        variant: 'outline',
        size: 'lg',
        type: 'button',
        loading: false,
        disabled: undefined
      }

      at log (src/components/ui/Button.tsx:26:13)

    console.log
      [Button] Has onClick in props: true

      at log (src/components/ui/Button.tsx:27:13)

    console.log
      [Button] All props: {
        onClick: [AsyncFunction: handleSecondaryClick],
        'aria-describedby': 'cta-heading',
        'aria-label': 'Learn More About Our Process - Get more information about our tax preparation process'
      }

      at log (src/components/ui/Button.tsx:28:13)

    console.log
      [Button] Rendering with type: button

      at log (src/components/ui/Button.tsx:25:13)

    console.log
      [Button] Props received: {
        variant: 'primary',
        size: 'lg',
        type: 'button',
        loading: false,
        disabled: undefined
      }

      at log (src/components/ui/Button.tsx:26:13)

    console.log
      [Button] Has onClick in props: true

      at log (src/components/ui/Button.tsx:27:13)

    console.log
      [Button] All props: {
        onClick: [AsyncFunction: handleCtaClick],
        'aria-describedby': 'hero-heading',
        'aria-label': 'App Process System Filing - Begin your tax preparation process'
      }

      at log (src/components/ui/Button.tsx:28:13)

    console.log
      [Button] Rendering with type: button

      at log (src/components/ui/Button.tsx:25:13)

    console.log
      [Button] Props received: {
        variant: 'primary',
        size: 'lg',
        type: 'button',
        loading: false,
        disabled: undefined
      }

      at log (src/components/ui/Button.tsx:26:13)

    console.log
      [Button] Has onClick in props: true

      at log (src/components/ui/Button.tsx:27:13)

    console.log
      [Button] All props: {
        onClick: [AsyncFunction: handlePrimaryClick],
        'aria-describedby': 'cta-heading',
        'aria-label': 'Start Your Tax Preparation Now - Begin your tax preparation process now'
      }

      at log (src/components/ui/Button.tsx:28:13)

    console.log
      [Button] Rendering with type: button

      at log (src/components/ui/Button.tsx:25:13)

    console.log
      [Button] Props received: {
        variant: 'outline',
        size: 'lg',
        type: 'button',
        loading: false,
        disabled: undefined
      }

      at log (src/components/ui/Button.tsx:26:13)

    console.log
      [Button] Has onClick in props: true

      at log (src/components/ui/Button.tsx:27:13)

    console.log
      [Button] All props: {
        onClick: [AsyncFunction: handleSecondaryClick],
        'aria-describedby': 'cta-heading',
        'aria-label': 'Learn More About Our Process - Get more information about our tax preparation process'
      }

      at log (src/components/ui/Button.tsx:28:13)

    console.log
      [Button] Rendering with type: button

      at log (src/components/ui/Button.tsx:25:13)

    console.log
      [Button] Props received: {
        variant: 'primary',
        size: 'lg',
        type: 'button',
        loading: false,
        disabled: undefined
      }

      at log (src/components/ui/Button.tsx:26:13)

    console.log
      [Button] Has onClick in props: true

      at log (src/components/ui/Button.tsx:27:13)

    console.log
      [Button] All props: {
        onClick: [AsyncFunction: handleCtaClick],
        'aria-describedby': 'hero-heading',
        'aria-label': 'Preparation Data Filing - Begin your tax preparation process'
      }

      at log (src/components/ui/Button.tsx:28:13)

    console.log
      [Button] Rendering with type: button

      at log (src/components/ui/Button.tsx:25:13)

    console.log
      [Button] Props received: {
        variant: 'primary',
        size: 'lg',
        type: 'button',
        loading: false,
        disabled: undefined
      }

      at log (src/components/ui/Button.tsx:26:13)

    console.log
      [Button] Has onClick in props: true

      at log (src/components/ui/Button.tsx:27:13)

    console.log
      [Button] All props: {
        onClick: [AsyncFunction: handlePrimaryClick],
        'aria-describedby': 'cta-heading',
        'aria-label': 'Start Your Tax Preparation Now - Begin your tax preparation process now'
      }

      at log (src/components/ui/Button.tsx:28:13)

    console.log
      [Button] Rendering with type: button

      at log (src/components/ui/Button.tsx:25:13)

    console.log
      [Button] Props received: {
        variant: 'outline',
        size: 'lg',
        type: 'button',
        loading: false,
        disabled: undefined
      }

      at log (src/components/ui/Button.tsx:26:13)

    console.log
      [Button] Has onClick in props: true

      at log (src/components/ui/Button.tsx:27:13)

    console.log
      [Button] All props: {
        onClick: [AsyncFunction: handleSecondaryClick],
        'aria-describedby': 'cta-heading',
        'aria-label': 'Learn More About Our Process - Get more information about our tax preparation process'
      }

      at log (src/components/ui/Button.tsx:28:13)

    console.log
      [Button] Rendering with type: button

      at log (src/components/ui/Button.tsx:25:13)

    console.log
      [Button] Props received: {
        variant: 'primary',
        size: 'lg',
        type: 'button',
        loading: false,
        disabled: undefined
      }

      at log (src/components/ui/Button.tsx:26:13)

    console.log
      [Button] Has onClick in props: true

      at log (src/components/ui/Button.tsx:27:13)

    console.log
      [Button] All props: {
        onClick: [AsyncFunction: handleCtaClick],
        'aria-describedby': 'hero-heading',
        'aria-label': 'App Tax System Preparation Data System - Begin your tax preparation process'
      }

      at log (src/components/ui/Button.tsx:28:13)

    console.log
      [Button] Rendering with type: button

      at log (src/components/ui/Button.tsx:25:13)

    console.log
      [Button] Props received: {
        variant: 'primary',
        size: 'lg',
        type: 'button',
        loading: false,
        disabled: undefined
      }

      at log (src/components/ui/Button.tsx:26:13)

    console.log
      [Button] Has onClick in props: true

      at log (src/components/ui/Button.tsx:27:13)

    console.log
      [Button] All props: {
        onClick: [AsyncFunction: handlePrimaryClick],
        'aria-describedby': 'cta-heading',
        'aria-label': 'Start Your Tax Preparation Now - Begin your tax preparation process now'
      }

      at log (src/components/ui/Button.tsx:28:13)

    console.log
      [Button] Rendering with type: button

      at log (src/components/ui/Button.tsx:25:13)

    console.log
      [Button] Props received: {
        variant: 'outline',
        size: 'lg',
        type: 'button',
        loading: false,
        disabled: undefined
      }

      at log (src/components/ui/Button.tsx:26:13)

    console.log
      [Button] Has onClick in props: true

      at log (src/components/ui/Button.tsx:27:13)

    console.log
      [Button] All props: {
        onClick: [AsyncFunction: handleSecondaryClick],
        'aria-describedby': 'cta-heading',
        'aria-label': 'Learn More About Our Process - Get more information about our tax preparation process'
      }

      at log (src/components/ui/Button.tsx:28:13)

    console.log
      [Button] Rendering with type: button

      at log (src/components/ui/Button.tsx:25:13)

    console.log
      [Button] Props received: {
        variant: 'primary',
        size: 'lg',
        type: 'button',
        loading: false,
        disabled: undefined
      }

      at log (src/components/ui/Button.tsx:26:13)

    console.log
      [Button] Has onClick in props: true

      at log (src/components/ui/Button.tsx:27:13)

    console.log
      [Button] All props: {
        onClick: [AsyncFunction: handleCtaClick],
        'aria-describedby': 'hero-heading',
        'aria-label': 'apply - Begin your tax preparation process'
      }

      at log (src/components/ui/Button.tsx:28:13)

    console.log
      [Button] Rendering with type: button

      at log (src/components/ui/Button.tsx:25:13)

    console.log
      [Button] Props received: {
        variant: 'primary',
        size: 'lg',
        type: 'button',
        loading: false,
        disabled: undefined
      }

      at log (src/components/ui/Button.tsx:26:13)

    console.log
      [Button] Has onClick in props: true

      at log (src/components/ui/Button.tsx:27:13)

    console.log
      [Button] All props: {
        onClick: [AsyncFunction: handlePrimaryClick],
        'aria-describedby': 'cta-heading',
        'aria-label': 'Start Your Tax Preparation Now - Begin your tax preparation process now'
      }

      at log (src/components/ui/Button.tsx:28:13)

    console.log
      [Button] Rendering with type: button

      at log (src/components/ui/Button.tsx:25:13)

    console.log
      [Button] Props received: {
        variant: 'outline',
        size: 'lg',
        type: 'button',
        loading: false,
        disabled: undefined
      }

      at log (src/components/ui/Button.tsx:26:13)

    console.log
      [Button] Has onClick in props: true

      at log (src/components/ui/Button.tsx:27:13)

    console.log
      [Button] All props: {
        onClick: [AsyncFunction: handleSecondaryClick],
        'aria-describedby': 'cta-heading',
        'aria-label': 'Learn More About Our Process - Get more information about our tax preparation process'
      }

      at log (src/components/ui/Button.tsx:28:13)

FAIL src/app/login/responsive-layout.test.tsx
  ● Console

    console.error
      Error: Uncaught [TypeError: Cannot read properties of undefined (reading 'state')]
          at reportException (/Users/ryan/Library/Mobile Documents/com~apple~CloudDocs/Documents/VSCode/Tax-App-Frontend/node_modules/jsdom/lib/jsdom/living/helpers/runtime-script-errors.js:66:24)
          at innerInvokeEventListeners (/Users/ryan/Library/Mobile Documents/com~apple~CloudDocs/Documents/VSCode/Tax-App-Frontend/node_modules/jsdom/lib/jsdom/living/events/EventTarget-impl.js:353:9)
          at invokeEventListeners (/Users/ryan/Library/Mobile Documents/com~apple~CloudDocs/Documents/VSCode/Tax-App-Frontend/node_modules/jsdom/lib/jsdom/living/events/EventTarget-impl.js:286:3)
          at HTMLUnknownElementImpl._dispatch (/Users/ryan/Library/Mobile Documents/com~apple~CloudDocs/Documents/VSCode/Tax-App-Frontend/node_modules/jsdom/lib/jsdom/living/events/EventTarget-impl.js:233:9)
          at HTMLUnknownElementImpl.dispatchEvent (/Users/ryan/Library/Mobile Documents/com~apple~CloudDocs/Documents/VSCode/Tax-App-Frontend/node_modules/jsdom/lib/jsdom/living/events/EventTarget-impl.js:104:17)
          at HTMLUnknownElement.dispatchEvent (/Users/ryan/Library/Mobile Documents/com~apple~CloudDocs/Documents/VSCode/Tax-App-Frontend/node_modules/jsdom/lib/jsdom/living/generated/EventTarget.js:241:34)
          at Object.invokeGuardedCallbackDev (/Users/ryan/Library/Mobile Documents/com~apple~CloudDocs/Documents/VSCode/Tax-App-Frontend/node_modules/react-dom/cjs/react-dom.development.js:4213:16)
          at invokeGuardedCallback (/Users/ryan/Library/Mobile Documents/com~apple~CloudDocs/Documents/VSCode/Tax-App-Frontend/node_modules/react-dom/cjs/react-dom.development.js:4277:31)
          at beginWork$1 (/Users/ryan/Library/Mobile Documents/com~apple~CloudDocs/Documents/VSCode/Tax-App-Frontend/node_modules/react-dom/cjs/react-dom.development.js:27490:7)
          at performUnitOfWork (/Users/ryan/Library/Mobile Documents/com~apple~CloudDocs/Documents/VSCode/Tax-App-Frontend/node_modules/react-dom/cjs/react-dom.development.js:26599:12)
          at workLoopSync (/Users/ryan/Library/Mobile Documents/com~apple~CloudDocs/Documents/VSCode/Tax-App-Frontend/node_modules/react-dom/cjs/react-dom.development.js:26505:5)
          at renderRootSync (/Users/ryan/Library/Mobile Documents/com~apple~CloudDocs/Documents/VSCode/Tax-App-Frontend/node_modules/react-dom/cjs/react-dom.development.js:26473:7)
          at performConcurrentWorkOnRoot (/Users/ryan/Library/Mobile Documents/com~apple~CloudDocs/Documents/VSCode/Tax-App-Frontend/node_modules/react-dom/cjs/react-dom.development.js:25777:74)
          at flushActQueue (/Users/ryan/Library/Mobile Documents/com~apple~CloudDocs/Documents/VSCode/Tax-App-Frontend/node_modules/react/cjs/react.development.js:2667:24)
          at act (/Users/ryan/Library/Mobile Documents/com~apple~CloudDocs/Documents/VSCode/Tax-App-Frontend/node_modules/react/cjs/react.development.js:2582:11)
          at /Users/ryan/Library/Mobile Documents/com~apple~CloudDocs/Documents/VSCode/Tax-App-Frontend/node_modules/@testing-library/react/dist/act-compat.js:46:25
          at renderRoot (/Users/ryan/Library/Mobile Documents/com~apple~CloudDocs/Documents/VSCode/Tax-App-Frontend/node_modules/@testing-library/react/dist/pure.js:189:26)
          at render (/Users/ryan/Library/Mobile Documents/com~apple~CloudDocs/Documents/VSCode/Tax-App-Frontend/node_modules/@testing-library/react/dist/pure.js:291:10)
          at Object.<anonymous> (/Users/ryan/Library/Mobile Documents/com~apple~CloudDocs/Documents/VSCode/Tax-App-Frontend/src/app/login/responsive-layout.test.tsx:81:35)
          at Promise.finally.completed (/Users/ryan/Library/Mobile Documents/com~apple~CloudDocs/Documents/VSCode/Tax-App-Frontend/node_modules/jest-circus/build/jestAdapterInit.js:1557:28)
          at new Promise (<anonymous>)
          at callAsyncCircusFn (/Users/ryan/Library/Mobile Documents/com~apple~CloudDocs/Documents/VSCode/Tax-App-Frontend/node_modules/jest-circus/build/jestAdapterInit.js:1497:10)
          at _callCircusTest (/Users/ryan/Library/Mobile Documents/com~apple~CloudDocs/Documents/VSCode/Tax-App-Frontend/node_modules/jest-circus/build/jestAdapterInit.js:1007:40)
          at processTicksAndRejections (node:internal/process/task_queues:95:5)
          at _runTest (/Users/ryan/Library/Mobile Documents/com~apple~CloudDocs/Documents/VSCode/Tax-App-Frontend/node_modules/jest-circus/build/jestAdapterInit.js:947:3)
          at /Users/ryan/Library/Mobile Documents/com~apple~CloudDocs/Documents/VSCode/Tax-App-Frontend/node_modules/jest-circus/build/jestAdapterInit.js:849:7
          at _runTestsForDescribeBlock (/Users/ryan/Library/Mobile Documents/com~apple~CloudDocs/Documents/VSCode/Tax-App-Frontend/node_modules/jest-circus/build/jestAdapterInit.js:862:11)
          at _runTestsForDescribeBlock (/Users/ryan/Library/Mobile Documents/com~apple~CloudDocs/Documents/VSCode/Tax-App-Frontend/node_modules/jest-circus/build/jestAdapterInit.js:857:11)
          at _runTestsForDescribeBlock (/Users/ryan/Library/Mobile Documents/com~apple~CloudDocs/Documents/VSCode/Tax-App-Frontend/node_modules/jest-circus/build/jestAdapterInit.js:857:11)
          at run (/Users/ryan/Library/Mobile Documents/com~apple~CloudDocs/Documents/VSCode/Tax-App-Frontend/node_modules/jest-circus/build/jestAdapterInit.js:761:3)
          at runAndTransformResultsToJestFormat (/Users/ryan/Library/Mobile Documents/com~apple~CloudDocs/Documents/VSCode/Tax-App-Frontend/node_modules/jest-circus/build/jestAdapterInit.js:1918:21)
          at jestAdapter (/Users/ryan/Library/Mobile Documents/com~apple~CloudDocs/Documents/VSCode/Tax-App-Frontend/node_modules/jest-circus/build/runner.js:101:19)
          at runTestInternal (/Users/ryan/Library/Mobile Documents/com~apple~CloudDocs/Documents/VSCode/Tax-App-Frontend/node_modules/jest-runner/build/testWorker.js:275:16)
          at runTest (/Users/ryan/Library/Mobile Documents/com~apple~CloudDocs/Documents/VSCode/Tax-App-Frontend/node_modules/jest-runner/build/testWorker.js:343:7)
          at Object.worker (/Users/ryan/Library/Mobile Documents/com~apple~CloudDocs/Documents/VSCode/Tax-App-Frontend/node_modules/jest-runner/build/testWorker.js:497:12) {
        detail: TypeError: Cannot read properties of undefined (reading 'state')
            at state (/Users/ryan/Library/Mobile Documents/com~apple~CloudDocs/Documents/VSCode/Tax-App-Frontend/src/components/LoginForm.tsx:93:15)
            at renderWithHooks (/Users/ryan/Library/Mobile Documents/com~apple~CloudDocs/Documents/VSCode/Tax-App-Frontend/node_modules/react-dom/cjs/react-dom.development.js:15486:18)
            at mountIndeterminateComponent (/Users/ryan/Library/Mobile Documents/com~apple~CloudDocs/Documents/VSCode/Tax-App-Frontend/node_modules/react-dom/cjs/react-dom.development.js:20103:13)
            at beginWork (/Users/ryan/Library/Mobile Documents/com~apple~CloudDocs/Documents/VSCode/Tax-App-Frontend/node_modules/react-dom/cjs/react-dom.development.js:21626:16)
            at HTMLUnknownElement.callCallback (/Users/ryan/Library/Mobile Documents/com~apple~CloudDocs/Documents/VSCode/Tax-App-Frontend/node_modules/react-dom/cjs/react-dom.development.js:4164:14)
            at HTMLUnknownElement.callTheUserObjectsOperation (/Users/ryan/Library/Mobile Documents/com~apple~CloudDocs/Documents/VSCode/Tax-App-Frontend/node_modules/jsdom/lib/jsdom/living/generated/EventListener.js:26:30)
            at innerInvokeEventListeners (/Users/ryan/Library/Mobile Documents/com~apple~CloudDocs/Documents/VSCode/Tax-App-Frontend/node_modules/jsdom/lib/jsdom/living/events/EventTarget-impl.js:350:25)
            at invokeEventListeners (/Users/ryan/Library/Mobile Documents/com~apple~CloudDocs/Documents/VSCode/Tax-App-Frontend/node_modules/jsdom/lib/jsdom/living/events/EventTarget-impl.js:286:3)
            at HTMLUnknownElementImpl._dispatch (/Users/ryan/Library/Mobile Documents/com~apple~CloudDocs/Documents/VSCode/Tax-App-Frontend/node_modules/jsdom/lib/jsdom/living/events/EventTarget-impl.js:233:9)
            at HTMLUnknownElementImpl.dispatchEvent (/Users/ryan/Library/Mobile Documents/com~apple~CloudDocs/Documents/VSCode/Tax-App-Frontend/node_modules/jsdom/lib/jsdom/living/events/EventTarget-impl.js:104:17)
            at HTMLUnknownElement.dispatchEvent (/Users/ryan/Library/Mobile Documents/com~apple~CloudDocs/Documents/VSCode/Tax-App-Frontend/node_modules/jsdom/lib/jsdom/living/generated/EventTarget.js:241:34)
            at Object.invokeGuardedCallbackDev (/Users/ryan/Library/Mobile Documents/com~apple~CloudDocs/Documents/VSCode/Tax-App-Frontend/node_modules/react-dom/cjs/react-dom.development.js:4213:16)
            at invokeGuardedCallback (/Users/ryan/Library/Mobile Documents/com~apple~CloudDocs/Documents/VSCode/Tax-App-Frontend/node_modules/react-dom/cjs/react-dom.development.js:4277:31)
            at beginWork$1 (/Users/ryan/Library/Mobile Documents/com~apple~CloudDocs/Documents/VSCode/Tax-App-Frontend/node_modules/react-dom/cjs/react-dom.development.js:27490:7)
            at performUnitOfWork (/Users/ryan/Library/Mobile Documents/com~apple~CloudDocs/Documents/VSCode/Tax-App-Frontend/node_modules/react-dom/cjs/react-dom.development.js:26599:12)
            at workLoopSync (/Users/ryan/Library/Mobile Documents/com~apple~CloudDocs/Documents/VSCode/Tax-App-Frontend/node_modules/react-dom/cjs/react-dom.development.js:26505:5)
            at renderRootSync (/Users/ryan/Library/Mobile Documents/com~apple~CloudDocs/Documents/VSCode/Tax-App-Frontend/node_modules/react-dom/cjs/react-dom.development.js:26473:7)
            at performConcurrentWorkOnRoot (/Users/ryan/Library/Mobile Documents/com~apple~CloudDocs/Documents/VSCode/Tax-App-Frontend/node_modules/react-dom/cjs/react-dom.development.js:25777:74)
            at flushActQueue (/Users/ryan/Library/Mobile Documents/com~apple~CloudDocs/Documents/VSCode/Tax-App-Frontend/node_modules/react/cjs/react.development.js:2667:24)
            at act (/Users/ryan/Library/Mobile Documents/com~apple~CloudDocs/Documents/VSCode/Tax-App-Frontend/node_modules/react/cjs/react.development.js:2582:11)
            at /Users/ryan/Library/Mobile Documents/com~apple~CloudDocs/Documents/VSCode/Tax-App-Frontend/node_modules/@testing-library/react/dist/act-compat.js:46:25
            at renderRoot (/Users/ryan/Library/Mobile Documents/com~apple~CloudDocs/Documents/VSCode/Tax-App-Frontend/node_modules/@testing-library/react/dist/pure.js:189:26)
            at render (/Users/ryan/Library/Mobile Documents/com~apple~CloudDocs/Documents/VSCode/Tax-App-Frontend/node_modules/@testing-library/react/dist/pure.js:291:10)
            at Object.<anonymous> (/Users/ryan/Library/Mobile Documents/com~apple~CloudDocs/Documents/VSCode/Tax-App-Frontend/src/app/login/responsive-layout.test.tsx:81:35)
            at Promise.finally.completed (/Users/ryan/Library/Mobile Documents/com~apple~CloudDocs/Documents/VSCode/Tax-App-Frontend/node_modules/jest-circus/build/jestAdapterInit.js:1557:28)
            at new Promise (<anonymous>)
            at callAsyncCircusFn (/Users/ryan/Library/Mobile Documents/com~apple~CloudDocs/Documents/VSCode/Tax-App-Frontend/node_modules/jest-circus/build/jestAdapterInit.js:1497:10)
            at _callCircusTest (/Users/ryan/Library/Mobile Documents/com~apple~CloudDocs/Documents/VSCode/Tax-App-Frontend/node_modules/jest-circus/build/jestAdapterInit.js:1007:40)
            at processTicksAndRejections (node:internal/process/task_queues:95:5)
            at _runTest (/Users/ryan/Library/Mobile Documents/com~apple~CloudDocs/Documents/VSCode/Tax-App-Frontend/node_modules/jest-circus/build/jestAdapterInit.js:947:3)
            at /Users/ryan/Library/Mobile Documents/com~apple~CloudDocs/Documents/VSCode/Tax-App-Frontend/node_modules/jest-circus/build/jestAdapterInit.js:849:7
            at _runTestsForDescribeBlock (/Users/ryan/Library/Mobile Documents/com~apple~CloudDocs/Documents/VSCode/Tax-App-Frontend/node_modules/jest-circus/build/jestAdapterInit.js:862:11)
            at _runTestsForDescribeBlock (/Users/ryan/Library/Mobile Documents/com~apple~CloudDocs/Documents/VSCode/Tax-App-Frontend/node_modules/jest-circus/build/jestAdapterInit.js:857:11)
            at _runTestsForDescribeBlock (/Users/ryan/Library/Mobile Documents/com~apple~CloudDocs/Documents/VSCode/Tax-App-Frontend/node_modules/jest-circus/build/jestAdapterInit.js:857:11)
            at run (/Users/ryan/Library/Mobile Documents/com~apple~CloudDocs/Documents/VSCode/Tax-App-Frontend/node_modules/jest-circus/build/jestAdapterInit.js:761:3)
            at runAndTransformResultsToJestFormat (/Users/ryan/Library/Mobile Documents/com~apple~CloudDocs/Documents/VSCode/Tax-App-Frontend/node_modules/jest-circus/build/jestAdapterInit.js:1918:21)
            at jestAdapter (/Users/ryan/Library/Mobile Documents/com~apple~CloudDocs/Documents/VSCode/Tax-App-Frontend/node_modules/jest-circus/build/runner.js:101:19)
            at runTestInternal (/Users/ryan/Library/Mobile Documents/com~apple~CloudDocs/Documents/VSCode/Tax-App-Frontend/node_modules/jest-runner/build/testWorker.js:275:16)
            at runTest (/Users/ryan/Library/Mobile Documents/com~apple~CloudDocs/Documents/VSCode/Tax-App-Frontend/node_modules/jest-runner/build/testWorker.js:343:7)
            at Object.worker (/Users/ryan/Library/Mobile Documents/com~apple~CloudDocs/Documents/VSCode/Tax-App-Frontend/node_modules/jest-runner/build/testWorker.js:497:12),
        type: 'unhandled exception'
      }

      79 |   describe('Requirement 6.1: Mobile Layout (width < 768px)', () => {
      80 |     test('should use full width container on mobile', () => {
    > 81 |       const { container } = render(<LoginPageClient />);
         |                                   ^
      82 |
      83 |       const responsiveContainer = container.querySelector('.w-full');
      84 |       expect(responsiveContainer).toBeInTheDocument();

      at VirtualConsole.<anonymous> (node_modules/@jest/environment-jsdom-abstract/build/index.js:87:23)
      at reportException (node_modules/jsdom/lib/jsdom/living/helpers/runtime-script-errors.js:70:28)
      at innerInvokeEventListeners (node_modules/jsdom/lib/jsdom/living/events/EventTarget-impl.js:353:9)
      at invokeEventListeners (node_modules/jsdom/lib/jsdom/living/events/EventTarget-impl.js:286:3)
      at HTMLUnknownElementImpl._dispatch (node_modules/jsdom/lib/jsdom/living/events/EventTarget-impl.js:233:9)
      at HTMLUnknownElementImpl.dispatchEvent (node_modules/jsdom/lib/jsdom/living/events/EventTarget-impl.js:104:17)
      at HTMLUnknownElement.dispatchEvent (node_modules/jsdom/lib/jsdom/living/generated/EventTarget.js:241:34)
      at Object.invokeGuardedCallbackDev (node_modules/react-dom/cjs/react-dom.development.js:4213:16)
      at invokeGuardedCallback (node_modules/react-dom/cjs/react-dom.development.js:4277:31)
      at beginWork$1 (node_modules/react-dom/cjs/react-dom.development.js:27490:7)
      at performUnitOfWork (node_modules/react-dom/cjs/react-dom.development.js:26599:12)
      at workLoopSync (node_modules/react-dom/cjs/react-dom.development.js:26505:5)
      at renderRootSync (node_modules/react-dom/cjs/react-dom.development.js:26473:7)
      at performConcurrentWorkOnRoot (node_modules/react-dom/cjs/react-dom.development.js:25777:74)
      at flushActQueue (node_modules/react/cjs/react.development.js:2667:24)
      at act (node_modules/react/cjs/react.development.js:2582:11)
      at node_modules/@testing-library/react/dist/act-compat.js:46:25
      at renderRoot (node_modules/@testing-library/react/dist/pure.js:189:26)
      at render (node_modules/@testing-library/react/dist/pure.js:291:10)
      at Object.<anonymous> (src/app/login/responsive-layout.test.tsx:81:35)

    console.error
      Error: Uncaught [TypeError: Cannot read properties of undefined (reading 'state')]
          at reportException (/Users/ryan/Library/Mobile Documents/com~apple~CloudDocs/Documents/VSCode/Tax-App-Frontend/node_modules/jsdom/lib/jsdom/living/helpers/runtime-script-errors.js:66:24)
          at innerInvokeEventListeners (/Users/ryan/Library/Mobile Documents/com~apple~CloudDocs/Documents/VSCode/Tax-App-Frontend/node_modules/jsdom/lib/jsdom/living/events/EventTarget-impl.js:353:9)
          at invokeEventListeners (/Users/ryan/Library/Mobile Documents/com~apple~CloudDocs/Documents/VSCode/Tax-App-Frontend/node_modules/jsdom/lib/jsdom/living/events/EventTarget-impl.js:286:3)
          at HTMLUnknownElementImpl._dispatch (/Users/ryan/Library/Mobile Documents/com~apple~CloudDocs/Documents/VSCode/Tax-App-Frontend/node_modules/jsdom/lib/jsdom/living/events/EventTarget-impl.js:233:9)
          at HTMLUnknownElementImpl.dispatchEvent (/Users/ryan/Library/Mobile Documents/com~apple~CloudDocs/Documents/VSCode/Tax-App-Frontend/node_modules/jsdom/lib/jsdom/living/events/EventTarget-impl.js:104:17)
          at HTMLUnknownElement.dispatchEvent (/Users/ryan/Library/Mobile Documents/com~apple~CloudDocs/Documents/VSCode/Tax-App-Frontend/node_modules/jsdom/lib/jsdom/living/generated/EventTarget.js:241:34)
          at Object.invokeGuardedCallbackDev (/Users/ryan/Library/Mobile Documents/com~apple~CloudDocs/Documents/VSCode/Tax-App-Frontend/node_modules/react-dom/cjs/react-dom.development.js:4213:16)
          at invokeGuardedCallback (/Users/ryan/Library/Mobile Documents/com~apple~CloudDocs/Documents/VSCode/Tax-App-Frontend/node_modules/react-dom/cjs/react-dom.development.js:4277:31)
          at beginWork$1 (/Users/ryan/Library/Mobile Documents/com~apple~CloudDocs/Documents/VSCode/Tax-App-Frontend/node_modules/react-dom/cjs/react-dom.development.js:27490:7)
          at performUnitOfWork (/Users/ryan/Library/Mobile Documents/com~apple~CloudDocs/Documents/VSCode/Tax-App-Frontend/node_modules/react-dom/cjs/react-dom.development.js:26599:12)
          at workLoopSync (/Users/ryan/Library/Mobile Documents/com~apple~CloudDocs/Documents/VSCode/Tax-App-Frontend/node_modules/react-dom/cjs/react-dom.development.js:26505:5)
          at renderRootSync (/Users/ryan/Library/Mobile Documents/com~apple~CloudDocs/Documents/VSCode/Tax-App-Frontend/node_modules/react-dom/cjs/react-dom.development.js:26473:7)
          at recoverFromConcurrentError (/Users/ryan/Library/Mobile Documents/com~apple~CloudDocs/Documents/VSCode/Tax-App-Frontend/node_modules/react-dom/cjs/react-dom.development.js:25889:20)
          at performConcurrentWorkOnRoot (/Users/ryan/Library/Mobile Documents/com~apple~CloudDocs/Documents/VSCode/Tax-App-Frontend/node_modules/react-dom/cjs/react-dom.development.js:25789:22)
          at flushActQueue (/Users/ryan/Library/Mobile Documents/com~apple~CloudDocs/Documents/VSCode/Tax-App-Frontend/node_modules/react/cjs/react.development.js:2667:24)
          at act (/Users/ryan/Library/Mobile Documents/com~apple~CloudDocs/Documents/VSCode/Tax-App-Frontend/node_modules/react/cjs/react.development.js:2582:11)
          at /Users/ryan/Library/Mobile Documents/com~apple~CloudDocs/Documents/VSCode/Tax-App-Frontend/node_modules/@testing-library/react/dist/act-compat.js:46:25
          at renderRoot (/Users/ryan/Library/Mobile Documents/com~apple~CloudDocs/Documents/VSCode/Tax-App-Frontend/node_modules/@testing-library/react/dist/pure.js:189:26)
          at render (/Users/ryan/Library/Mobile Documents/com~apple~CloudDocs/Documents/VSCode/Tax-App-Frontend/node_modules/@testing-library/react/dist/pure.js:291:10)
          at Object.<anonymous> (/Users/ryan/Library/Mobile Documents/com~apple~CloudDocs/Documents/VSCode/Tax-App-Frontend/src/app/login/responsive-layout.test.tsx:81:35)
          at Promise.finally.completed (/Users/ryan/Library/Mobile Documents/com~apple~CloudDocs/Documents/VSCode/Tax-App-Frontend/node_modules/jest-circus/build/jestAdapterInit.js:1557:28)
          at new Promise (<anonymous>)
          at callAsyncCircusFn (/Users/ryan/Library/Mobile Documents/com~apple~CloudDocs/Documents/VSCode/Tax-App-Frontend/node_modules/jest-circus/build/jestAdapterInit.js:1497:10)
          at _callCircusTest (/Users/ryan/Library/Mobile Documents/com~apple~CloudDocs/Documents/VSCode/Tax-App-Frontend/node_modules/jest-circus/build/jestAdapterInit.js:1007:40)
          at processTicksAndRejections (node:internal/process/task_queues:95:5)
          at _runTest (/Users/ryan/Library/Mobile Documents/com~apple~CloudDocs/Documents/VSCode/Tax-App-Frontend/node_modules/jest-circus/build/jestAdapterInit.js:947:3)
          at /Users/ryan/Library/Mobile Documents/com~apple~CloudDocs/Documents/VSCode/Tax-App-Frontend/node_modules/jest-circus/build/jestAdapterInit.js:849:7
          at _runTestsForDescribeBlock (/Users/ryan/Library/Mobile Documents/com~apple~CloudDocs/Documents/VSCode/Tax-App-Frontend/node_modules/jest-circus/build/jestAdapterInit.js:862:11)
          at _runTestsForDescribeBlock (/Users/ryan/Library/Mobile Documents/com~apple~CloudDocs/Documents/VSCode/Tax-App-Frontend/node_modules/jest-circus/build/jestAdapterInit.js:857:11)
          at _runTestsForDescribeBlock (/Users/ryan/Library/Mobile Documents/com~apple~CloudDocs/Documents/VSCode/Tax-App-Frontend/node_modules/jest-circus/build/jestAdapterInit.js:857:11)
          at run (/Users/ryan/Library/Mobile Documents/com~apple~CloudDocs/Documents/VSCode/Tax-App-Frontend/node_modules/jest-circus/build/jestAdapterInit.js:761:3)
          at runAndTransformResultsToJestFormat (/Users/ryan/Library/Mobile Documents/com~apple~CloudDocs/Documents/VSCode/Tax-App-Frontend/node_modules/jest-circus/build/jestAdapterInit.js:1918:21)
          at jestAdapter (/Users/ryan/Library/Mobile Documents/com~apple~CloudDocs/Documents/VSCode/Tax-App-Frontend/node_modules/jest-circus/build/runner.js:101:19)
          at runTestInternal (/Users/ryan/Library/Mobile Documents/com~apple~CloudDocs/Documents/VSCode/Tax-App-Frontend/node_modules/jest-runner/build/testWorker.js:275:16)
          at runTest (/Users/ryan/Library/Mobile Documents/com~apple~CloudDocs/Documents/VSCode/Tax-App-Frontend/node_modules/jest-runner/build/testWorker.js:343:7)
          at Object.worker (/Users/ryan/Library/Mobile Documents/com~apple~CloudDocs/Documents/VSCode/Tax-App-Frontend/node_modules/jest-runner/build/testWorker.js:497:12) {
        detail: TypeError: Cannot read properties of undefined (reading 'state')
            at state (/Users/ryan/Library/Mobile Documents/com~apple~CloudDocs/Documents/VSCode/Tax-App-Frontend/src/components/LoginForm.tsx:93:15)
            at renderWithHooks (/Users/ryan/Library/Mobile Documents/com~apple~CloudDocs/Documents/VSCode/Tax-App-Frontend/node_modules/react-dom/cjs/react-dom.development.js:15486:18)
            at mountIndeterminateComponent (/Users/ryan/Library/Mobile Documents/com~apple~CloudDocs/Documents/VSCode/Tax-App-Frontend/node_modules/react-dom/cjs/react-dom.development.js:20103:13)
            at beginWork (/Users/ryan/Library/Mobile Documents/com~apple~CloudDocs/Documents/VSCode/Tax-App-Frontend/node_modules/react-dom/cjs/react-dom.development.js:21626:16)
            at HTMLUnknownElement.callCallback (/Users/ryan/Library/Mobile Documents/com~apple~CloudDocs/Documents/VSCode/Tax-App-Frontend/node_modules/react-dom/cjs/react-dom.development.js:4164:14)
            at HTMLUnknownElement.callTheUserObjectsOperation (/Users/ryan/Library/Mobile Documents/com~apple~CloudDocs/Documents/VSCode/Tax-App-Frontend/node_modules/jsdom/lib/jsdom/living/generated/EventListener.js:26:30)
            at innerInvokeEventListeners (/Users/ryan/Library/Mobile Documents/com~apple~CloudDocs/Documents/VSCode/Tax-App-Frontend/node_modules/jsdom/lib/jsdom/living/events/EventTarget-impl.js:350:25)
            at invokeEventListeners (/Users/ryan/Library/Mobile Documents/com~apple~CloudDocs/Documents/VSCode/Tax-App-Frontend/node_modules/jsdom/lib/jsdom/living/events/EventTarget-impl.js:286:3)
            at HTMLUnknownElementImpl._dispatch (/Users/ryan/Library/Mobile Documents/com~apple~CloudDocs/Documents/VSCode/Tax-App-Frontend/node_modules/jsdom/lib/jsdom/living/events/EventTarget-impl.js:233:9)
            at HTMLUnknownElementImpl.dispatchEvent (/Users/ryan/Library/Mobile Documents/com~apple~CloudDocs/Documents/VSCode/Tax-App-Frontend/node_modules/jsdom/lib/jsdom/living/events/EventTarget-impl.js:104:17)
            at HTMLUnknownElement.dispatchEvent (/Users/ryan/Library/Mobile Documents/com~apple~CloudDocs/Documents/VSCode/Tax-App-Frontend/node_modules/jsdom/lib/jsdom/living/generated/EventTarget.js:241:34)
            at Object.invokeGuardedCallbackDev (/Users/ryan/Library/Mobile Documents/com~apple~CloudDocs/Documents/VSCode/Tax-App-Frontend/node_modules/react-dom/cjs/react-dom.development.js:4213:16)
            at invokeGuardedCallback (/Users/ryan/Library/Mobile Documents/com~apple~CloudDocs/Documents/VSCode/Tax-App-Frontend/node_modules/react-dom/cjs/react-dom.development.js:4277:31)
            at beginWork$1 (/Users/ryan/Library/Mobile Documents/com~apple~CloudDocs/Documents/VSCode/Tax-App-Frontend/node_modules/react-dom/cjs/react-dom.development.js:27490:7)
            at performUnitOfWork (/Users/ryan/Library/Mobile Documents/com~apple~CloudDocs/Documents/VSCode/Tax-App-Frontend/node_modules/react-dom/cjs/react-dom.development.js:26599:12)
            at workLoopSync (/Users/ryan/Library/Mobile Documents/com~apple~CloudDocs/Documents/VSCode/Tax-App-Frontend/node_modules/react-dom/cjs/react-dom.development.js:26505:5)
            at renderRootSync (/Users/ryan/Library/Mobile Documents/com~apple~CloudDocs/Documents/VSCode/Tax-App-Frontend/node_modules/react-dom/cjs/react-dom.development.js:26473:7)
            at recoverFromConcurrentError (/Users/ryan/Library/Mobile Documents/com~apple~CloudDocs/Documents/VSCode/Tax-App-Frontend/node_modules/react-dom/cjs/react-dom.development.js:25889:20)
            at performConcurrentWorkOnRoot (/Users/ryan/Library/Mobile Documents/com~apple~CloudDocs/Documents/VSCode/Tax-App-Frontend/node_modules/react-dom/cjs/react-dom.development.js:25789:22)
            at flushActQueue (/Users/ryan/Library/Mobile Documents/com~apple~CloudDocs/Documents/VSCode/Tax-App-Frontend/node_modules/react/cjs/react.development.js:2667:24)
            at act (/Users/ryan/Library/Mobile Documents/com~apple~CloudDocs/Documents/VSCode/Tax-App-Frontend/node_modules/react/cjs/react.development.js:2582:11)
            at /Users/ryan/Library/Mobile Documents/com~apple~CloudDocs/Documents/VSCode/Tax-App-Frontend/node_modules/@testing-library/react/dist/act-compat.js:46:25
            at renderRoot (/Users/ryan/Library/Mobile Documents/com~apple~CloudDocs/Documents/VSCode/Tax-App-Frontend/node_modules/@testing-library/react/dist/pure.js:189:26)
            at render (/Users/ryan/Library/Mobile Documents/com~apple~CloudDocs/Documents/VSCode/Tax-App-Frontend/node_modules/@testing-library/react/dist/pure.js:291:10)
            at Object.<anonymous> (/Users/ryan/Library/Mobile Documents/com~apple~CloudDocs/Documents/VSCode/Tax-App-Frontend/src/app/login/responsive-layout.test.tsx:81:35)
            at Promise.finally.completed (/Users/ryan/Library/Mobile Documents/com~apple~CloudDocs/Documents/VSCode/Tax-App-Frontend/node_modules/jest-circus/build/jestAdapterInit.js:1557:28)
            at new Promise (<anonymous>)
            at callAsyncCircusFn (/Users/ryan/Library/Mobile Documents/com~apple~CloudDocs/Documents/VSCode/Tax-App-Frontend/node_modules/jest-circus/build/jestAdapterInit.js:1497:10)
            at _callCircusTest (/Users/ryan/Library/Mobile Documents/com~apple~CloudDocs/Documents/VSCode/Tax-App-Frontend/node_modules/jest-circus/build/jestAdapterInit.js:1007:40)
            at processTicksAndRejections (node:internal/process/task_queues:95:5)
            at _runTest (/Users/ryan/Library/Mobile Documents/com~apple~CloudDocs/Documents/VSCode/Tax-App-Frontend/node_modules/jest-circus/build/jestAdapterInit.js:947:3)
            at /Users/ryan/Library/Mobile Documents/com~apple~CloudDocs/Documents/VSCode/Tax-App-Frontend/node_modules/jest-circus/build/jestAdapterInit.js:849:7
            at _runTestsForDescribeBlock (/Users/ryan/Library/Mobile Documents/com~apple~CloudDocs/Documents/VSCode/Tax-App-Frontend/node_modules/jest-circus/build/jestAdapterInit.js:862:11)
            at _runTestsForDescribeBlock (/Users/ryan/Library/Mobile Documents/com~apple~CloudDocs/Documents/VSCode/Tax-App-Frontend/node_modules/jest-circus/build/jestAdapterInit.js:857:11)
            at _runTestsForDescribeBlock (/Users/ryan/Library/Mobile Documents/com~apple~CloudDocs/Documents/VSCode/Tax-App-Frontend/node_modules/jest-circus/build/jestAdapterInit.js:857:11)
            at run (/Users/ryan/Library/Mobile Documents/com~apple~CloudDocs/Documents/VSCode/Tax-App-Frontend/node_modules/jest-circus/build/jestAdapterInit.js:761:3)
            at runAndTransformResultsToJestFormat (/Users/ryan/Library/Mobile Documents/com~apple~CloudDocs/Documents/VSCode/Tax-App-Frontend/node_modules/jest-circus/build/jestAdapterInit.js:1918:21)
            at jestAdapter (/Users/ryan/Library/Mobile Documents/com~apple~CloudDocs/Documents/VSCode/Tax-App-Frontend/node_modules/jest-circus/build/runner.js:101:19)
            at runTestInternal (/Users/ryan/Library/Mobile Documents/com~apple~CloudDocs/Documents/VSCode/Tax-App-Frontend/node_modules/jest-runner/build/testWorker.js:275:16)
            at runTest (/Users/ryan/Library/Mobile Documents/com~apple~CloudDocs/Documents/VSCode/Tax-App-Frontend/node_modules/jest-runner/build/testWorker.js:343:7)
            at Object.worker (/Users/ryan/Library/Mobile Documents/com~apple~CloudDocs/Documents/VSCode/Tax-App-Frontend/node_modules/jest-runner/build/testWorker.js:497:12),
        type: 'unhandled exception'
      }

      79 |   describe('Requirement 6.1: Mobile Layout (width < 768px)', () => {
      80 |     test('should use full width container on mobile', () => {
    > 81 |       const { container } = render(<LoginPageClient />);
         |                                   ^
      82 |
      83 |       const responsiveContainer = container.querySelector('.w-full');
      84 |       expect(responsiveContainer).toBeInTheDocument();

      at VirtualConsole.<anonymous> (node_modules/@jest/environment-jsdom-abstract/build/index.js:87:23)
      at reportException (node_modules/jsdom/lib/jsdom/living/helpers/runtime-script-errors.js:70:28)
      at innerInvokeEventListeners (node_modules/jsdom/lib/jsdom/living/events/EventTarget-impl.js:353:9)
      at invokeEventListeners (node_modules/jsdom/lib/jsdom/living/events/EventTarget-impl.js:286:3)
      at HTMLUnknownElementImpl._dispatch (node_modules/jsdom/lib/jsdom/living/events/EventTarget-impl.js:233:9)
      at HTMLUnknownElementImpl.dispatchEvent (node_modules/jsdom/lib/jsdom/living/events/EventTarget-impl.js:104:17)
      at HTMLUnknownElement.dispatchEvent (node_modules/jsdom/lib/jsdom/living/generated/EventTarget.js:241:34)
      at Object.invokeGuardedCallbackDev (node_modules/react-dom/cjs/react-dom.development.js:4213:16)
      at invokeGuardedCallback (node_modules/react-dom/cjs/react-dom.development.js:4277:31)
      at beginWork$1 (node_modules/react-dom/cjs/react-dom.development.js:27490:7)
      at performUnitOfWork (node_modules/react-dom/cjs/react-dom.development.js:26599:12)
      at workLoopSync (node_modules/react-dom/cjs/react-dom.development.js:26505:5)
      at renderRootSync (node_modules/react-dom/cjs/react-dom.development.js:26473:7)
      at recoverFromConcurrentError (node_modules/react-dom/cjs/react-dom.development.js:25889:20)
      at performConcurrentWorkOnRoot (node_modules/react-dom/cjs/react-dom.development.js:25789:22)
      at flushActQueue (node_modules/react/cjs/react.development.js:2667:24)
      at act (node_modules/react/cjs/react.development.js:2582:11)
      at node_modules/@testing-library/react/dist/act-compat.js:46:25
      at renderRoot (node_modules/@testing-library/react/dist/pure.js:189:26)
      at render (node_modules/@testing-library/react/dist/pure.js:291:10)
      at Object.<anonymous> (src/app/login/responsive-layout.test.tsx:81:35)

    console.error
      The above error occurred in the <LoginForm> component:
      
          at className (/Users/ryan/Library/Mobile Documents/com~apple~CloudDocs/Documents/VSCode/Tax-App-Frontend/src/components/LoginForm.tsx:45:29)
          at div
          at children (/Users/ryan/Library/Mobile Documents/com~apple~CloudDocs/Documents/VSCode/Tax-App-Frontend/src/app/login/responsive-layout.test.tsx:62:19)
          at div
          at children (/Users/ryan/Library/Mobile Documents/com~apple~CloudDocs/Documents/VSCode/Tax-App-Frontend/src/app/login/responsive-layout.test.tsx:52:12)
          at div
          at div
          at div
          at children (/Users/ryan/Library/Mobile Documents/com~apple~CloudDocs/Documents/VSCode/Tax-App-Frontend/src/app/login/responsive-layout.test.tsx:47:21)
          at callbackUrl (/Users/ryan/Library/Mobile Documents/com~apple~CloudDocs/Documents/VSCode/Tax-App-Frontend/src/app/login/LoginPageClient.tsx:49:43)
      
      Consider adding an error boundary to your tree to customize error handling behavior.
      Visit https://reactjs.org/link/error-boundaries to learn more about error boundaries.

      79 |   describe('Requirement 6.1: Mobile Layout (width < 768px)', () => {
      80 |     test('should use full width container on mobile', () => {
    > 81 |       const { container } = render(<LoginPageClient />);
         |                                   ^
      82 |
      83 |       const responsiveContainer = container.querySelector('.w-full');
      84 |       expect(responsiveContainer).toBeInTheDocument();

      at logCapturedError (node_modules/react-dom/cjs/react-dom.development.js:18704:23)
      at update.callback (node_modules/react-dom/cjs/react-dom.development.js:18737:5)
      at callCallback (node_modules/react-dom/cjs/react-dom.development.js:15036:12)
      at commitUpdateQueue (node_modules/react-dom/cjs/react-dom.development.js:15057:9)
      at commitLayoutEffectOnFiber (node_modules/react-dom/cjs/react-dom.development.js:23430:13)
      at commitLayoutMountEffects_complete (node_modules/react-dom/cjs/react-dom.development.js:24727:9)
      at commitLayoutEffects_begin (node_modules/react-dom/cjs/react-dom.development.js:24713:7)
      at commitLayoutEffects (node_modules/react-dom/cjs/react-dom.development.js:24651:3)
      at commitRootImpl (node_modules/react-dom/cjs/react-dom.development.js:26862:5)
      at commitRoot (node_modules/react-dom/cjs/react-dom.development.js:26721:5)
      at finishConcurrentRender (node_modules/react-dom/cjs/react-dom.development.js:25931:9)
      at performConcurrentWorkOnRoot (node_modules/react-dom/cjs/react-dom.development.js:25848:7)
      at flushActQueue (node_modules/react/cjs/react.development.js:2667:24)
      at act (node_modules/react/cjs/react.development.js:2582:11)
      at node_modules/@testing-library/react/dist/act-compat.js:46:25
      at renderRoot (node_modules/@testing-library/react/dist/pure.js:189:26)
      at render (node_modules/@testing-library/react/dist/pure.js:291:10)
      at Object.<anonymous> (src/app/login/responsive-layout.test.tsx:81:35)

    console.error
      Error: Uncaught [TypeError: Cannot read properties of undefined (reading 'state')]
          at reportException (/Users/ryan/Library/Mobile Documents/com~apple~CloudDocs/Documents/VSCode/Tax-App-Frontend/node_modules/jsdom/lib/jsdom/living/helpers/runtime-script-errors.js:66:24)
          at innerInvokeEventListeners (/Users/ryan/Library/Mobile Documents/com~apple~CloudDocs/Documents/VSCode/Tax-App-Frontend/node_modules/jsdom/lib/jsdom/living/events/EventTarget-impl.js:353:9)
          at invokeEventListeners (/Users/ryan/Library/Mobile Documents/com~apple~CloudDocs/Documents/VSCode/Tax-App-Frontend/node_modules/jsdom/lib/jsdom/living/events/EventTarget-impl.js:286:3)
          at HTMLUnknownElementImpl._dispatch (/Users/ryan/Library/Mobile Documents/com~apple~CloudDocs/Documents/VSCode/Tax-App-Frontend/node_modules/jsdom/lib/jsdom/living/events/EventTarget-impl.js:233:9)
          at HTMLUnknownElementImpl.dispatchEvent (/Users/ryan/Library/Mobile Documents/com~apple~CloudDocs/Documents/VSCode/Tax-App-Frontend/node_modules/jsdom/lib/jsdom/living/events/EventTarget-impl.js:104:17)
          at HTMLUnknownElement.dispatchEvent (/Users/ryan/Library/Mobile Documents/com~apple~CloudDocs/Documents/VSCode/Tax-App-Frontend/node_modules/jsdom/lib/jsdom/living/generated/EventTarget.js:241:34)
          at Object.invokeGuardedCallbackDev (/Users/ryan/Library/Mobile Documents/com~apple~CloudDocs/Documents/VSCode/Tax-App-Frontend/node_modules/react-dom/cjs/react-dom.development.js:4213:16)
          at invokeGuardedCallback (/Users/ryan/Library/Mobile Documents/com~apple~CloudDocs/Documents/VSCode/Tax-App-Frontend/node_modules/react-dom/cjs/react-dom.development.js:4277:31)
          at beginWork$1 (/Users/ryan/Library/Mobile Documents/com~apple~CloudDocs/Documents/VSCode/Tax-App-Frontend/node_modules/react-dom/cjs/react-dom.development.js:27490:7)
          at performUnitOfWork (/Users/ryan/Library/Mobile Documents/com~apple~CloudDocs/Documents/VSCode/Tax-App-Frontend/node_modules/react-dom/cjs/react-dom.development.js:26599:12)
          at workLoopSync (/Users/ryan/Library/Mobile Documents/com~apple~CloudDocs/Documents/VSCode/Tax-App-Frontend/node_modules/react-dom/cjs/react-dom.development.js:26505:5)
          at renderRootSync (/Users/ryan/Library/Mobile Documents/com~apple~CloudDocs/Documents/VSCode/Tax-App-Frontend/node_modules/react-dom/cjs/react-dom.development.js:26473:7)
          at performConcurrentWorkOnRoot (/Users/ryan/Library/Mobile Documents/com~apple~CloudDocs/Documents/VSCode/Tax-App-Frontend/node_modules/react-dom/cjs/react-dom.development.js:25777:74)
          at flushActQueue (/Users/ryan/Library/Mobile Documents/com~apple~CloudDocs/Documents/VSCode/Tax-App-Frontend/node_modules/react/cjs/react.development.js:2667:24)
          at act (/Users/ryan/Library/Mobile Documents/com~apple~CloudDocs/Documents/VSCode/Tax-App-Frontend/node_modules/react/cjs/react.development.js:2582:11)
          at /Users/ryan/Library/Mobile Documents/com~apple~CloudDocs/Documents/VSCode/Tax-App-Frontend/node_modules/@testing-library/react/dist/act-compat.js:46:25
          at renderRoot (/Users/ryan/Library/Mobile Documents/com~apple~CloudDocs/Documents/VSCode/Tax-App-Frontend/node_modules/@testing-library/react/dist/pure.js:189:26)
          at render (/Users/ryan/Library/Mobile Documents/com~apple~CloudDocs/Documents/VSCode/Tax-App-Frontend/node_modules/@testing-library/react/dist/pure.js:291:10)
          at Object.<anonymous> (/Users/ryan/Library/Mobile Documents/com~apple~CloudDocs/Documents/VSCode/Tax-App-Frontend/src/app/login/responsive-layout.test.tsx:89:35)
          at Promise.finally.completed (/Users/ryan/Library/Mobile Documents/com~apple~CloudDocs/Documents/VSCode/Tax-App-Frontend/node_modules/jest-circus/build/jestAdapterInit.js:1557:28)
          at new Promise (<anonymous>)
          at callAsyncCircusFn (/Users/ryan/Library/Mobile Documents/com~apple~CloudDocs/Documents/VSCode/Tax-App-Frontend/node_modules/jest-circus/build/jestAdapterInit.js:1497:10)
          at _callCircusTest (/Users/ryan/Library/Mobile Documents/com~apple~CloudDocs/Documents/VSCode/Tax-App-Frontend/node_modules/jest-circus/build/jestAdapterInit.js:1007:40)
          at processTicksAndRejections (node:internal/process/task_queues:95:5)
          at _runTest (/Users/ryan/Library/Mobile Documents/com~apple~CloudDocs/Documents/VSCode/Tax-App-Frontend/node_modules/jest-circus/build/jestAdapterInit.js:947:3)
          at /Users/ryan/Library/Mobile Documents/com~apple~CloudDocs/Documents/VSCode/Tax-App-Frontend/node_modules/jest-circus/build/jestAdapterInit.js:849:7
          at _runTestsForDescribeBlock (/Users/ryan/Library/Mobile Documents/com~apple~CloudDocs/Documents/VSCode/Tax-App-Frontend/node_modules/jest-circus/build/jestAdapterInit.js:862:11)
          at _runTestsForDescribeBlock (/Users/ryan/Library/Mobile Documents/com~apple~CloudDocs/Documents/VSCode/Tax-App-Frontend/node_modules/jest-circus/build/jestAdapterInit.js:857:11)
          at _runTestsForDescribeBlock (/Users/ryan/Library/Mobile Documents/com~apple~CloudDocs/Documents/VSCode/Tax-App-Frontend/node_modules/jest-circus/build/jestAdapterInit.js:857:11)
          at run (/Users/ryan/Library/Mobile Documents/com~apple~CloudDocs/Documents/VSCode/Tax-App-Frontend/node_modules/jest-circus/build/jestAdapterInit.js:761:3)
          at runAndTransformResultsToJestFormat (/Users/ryan/Library/Mobile Documents/com~apple~CloudDocs/Documents/VSCode/Tax-App-Frontend/node_modules/jest-circus/build/jestAdapterInit.js:1918:21)
          at jestAdapter (/Users/ryan/Library/Mobile Documents/com~apple~CloudDocs/Documents/VSCode/Tax-App-Frontend/node_modules/jest-circus/build/runner.js:101:19)
          at runTestInternal (/Users/ryan/Library/Mobile Documents/com~apple~CloudDocs/Documents/VSCode/Tax-App-Frontend/node_modules/jest-runner/build/testWorker.js:275:16)
          at runTest (/Users/ryan/Library/Mobile Documents/com~apple~CloudDocs/Documents/VSCode/Tax-App-Frontend/node_modules/jest-runner/build/testWorker.js:343:7)
          at Object.worker (/Users/ryan/Library/Mobile Documents/com~apple~CloudDocs/Documents/VSCode/Tax-App-Frontend/node_modules/jest-runner/build/testWorker.js:497:12) {
        detail: TypeError: Cannot read properties of undefined (reading 'state')
            at state (/Users/ryan/Library/Mobile Documents/com~apple~CloudDocs/Documents/VSCode/Tax-App-Frontend/src/components/LoginForm.tsx:93:15)
            at renderWithHooks (/Users/ryan/Library/Mobile Documents/com~apple~CloudDocs/Documents/VSCode/Tax-App-Frontend/node_modules/react-dom/cjs/react-dom.development.js:15486:18)
            at mountIndeterminateComponent (/Users/ryan/Library/Mobile Documents/com~apple~CloudDocs/Documents/VSCode/Tax-App-Frontend/node_modules/react-dom/cjs/react-dom.development.js:20103:13)
            at beginWork (/Users/ryan/Library/Mobile Documents/com~apple~CloudDocs/Documents/VSCode/Tax-App-Frontend/node_modules/react-dom/cjs/react-dom.development.js:21626:16)
            at HTMLUnknownElement.callCallback (/Users/ryan/Library/Mobile Documents/com~apple~CloudDocs/Documents/VSCode/Tax-App-Frontend/node_modules/react-dom/cjs/react-dom.development.js:4164:14)
            at HTMLUnknownElement.callTheUserObjectsOperation (/Users/ryan/Library/Mobile Documents/com~apple~CloudDocs/Documents/VSCode/Tax-App-Frontend/node_modules/jsdom/lib/jsdom/living/generated/EventListener.js:26:30)
            at innerInvokeEventListeners (/Users/ryan/Library/Mobile Documents/com~apple~CloudDocs/Documents/VSCode/Tax-App-Frontend/node_modules/jsdom/lib/jsdom/living/events/EventTarget-impl.js:350:25)
            at invokeEventListeners (/Users/ryan/Library/Mobile Documents/com~apple~CloudDocs/Documents/VSCode/Tax-App-Frontend/node_modules/jsdom/lib/jsdom/living/events/EventTarget-impl.js:286:3)
            at HTMLUnknownElementImpl._dispatch (/Users/ryan/Library/Mobile Documents/com~apple~CloudDocs/Documents/VSCode/Tax-App-Frontend/node_modules/jsdom/lib/jsdom/living/events/EventTarget-impl.js:233:9)
            at HTMLUnknownElementImpl.dispatchEvent (/Users/ryan/Library/Mobile Documents/com~apple~CloudDocs/Documents/VSCode/Tax-App-Frontend/node_modules/jsdom/lib/jsdom/living/events/EventTarget-impl.js:104:17)
            at HTMLUnknownElement.dispatchEvent (/Users/ryan/Library/Mobile Documents/com~apple~CloudDocs/Documents/VSCode/Tax-App-Frontend/node_modules/jsdom/lib/jsdom/living/generated/EventTarget.js:241:34)
            at Object.invokeGuardedCallbackDev (/Users/ryan/Library/Mobile Documents/com~apple~CloudDocs/Documents/VSCode/Tax-App-Frontend/node_modules/react-dom/cjs/react-dom.development.js:4213:16)
            at invokeGuardedCallback (/Users/ryan/Library/Mobile Documents/com~apple~CloudDocs/Documents/VSCode/Tax-App-Frontend/node_modules/react-dom/cjs/react-dom.development.js:4277:31)
            at beginWork$1 (/Users/ryan/Library/Mobile Documents/com~apple~CloudDocs/Documents/VSCode/Tax-App-Frontend/node_modules/react-dom/cjs/react-dom.development.js:27490:7)
            at performUnitOfWork (/Users/ryan/Library/Mobile Documents/com~apple~CloudDocs/Documents/VSCode/Tax-App-Frontend/node_modules/react-dom/cjs/react-dom.development.js:26599:12)
            at workLoopSync (/Users/ryan/Library/Mobile Documents/com~apple~CloudDocs/Documents/VSCode/Tax-App-Frontend/node_modules/react-dom/cjs/react-dom.development.js:26505:5)
            at renderRootSync (/Users/ryan/Library/Mobile Documents/com~apple~CloudDocs/Documents/VSCode/Tax-App-Frontend/node_modules/react-dom/cjs/react-dom.development.js:26473:7)
            at performConcurrentWorkOnRoot (/Users/ryan/Library/Mobile Documents/com~apple~CloudDocs/Documents/VSCode/Tax-App-Frontend/node_modules/react-dom/cjs/react-dom.development.js:25777:74)
            at flushActQueue (/Users/ryan/Library/Mobile Documents/com~apple~CloudDocs/Documents/VSCode/Tax-App-Frontend/node_modules/react/cjs/react.development.js:2667:24)
            at act (/Users/ryan/Library/Mobile Documents/com~apple~CloudDocs/Documents/VSCode/Tax-App-Frontend/node_modules/react/cjs/react.development.js:2582:11)
            at /Users/ryan/Library/Mobile Documents/com~apple~CloudDocs/Documents/VSCode/Tax-App-Frontend/node_modules/@testing-library/react/dist/act-compat.js:46:25
            at renderRoot (/Users/ryan/Library/Mobile Documents/com~apple~CloudDocs/Documents/VSCode/Tax-App-Frontend/node_modules/@testing-library/react/dist/pure.js:189:26)
            at render (/Users/ryan/Library/Mobile Documents/com~apple~CloudDocs/Documents/VSCode/Tax-App-Frontend/node_modules/@testing-library/react/dist/pure.js:291:10)
            at Object.<anonymous> (/Users/ryan/Library/Mobile Documents/com~apple~CloudDocs/Documents/VSCode/Tax-App-Frontend/src/app/login/responsive-layout.test.tsx:89:35)
            at Promise.finally.completed (/Users/ryan/Library/Mobile Documents/com~apple~CloudDocs/Documents/VSCode/Tax-App-Frontend/node_modules/jest-circus/build/jestAdapterInit.js:1557:28)
            at new Promise (<anonymous>)
            at callAsyncCircusFn (/Users/ryan/Library/Mobile Documents/com~apple~CloudDocs/Documents/VSCode/Tax-App-Frontend/node_modules/jest-circus/build/jestAdapterInit.js:1497:10)
            at _callCircusTest (/Users/ryan/Library/Mobile Documents/com~apple~CloudDocs/Documents/VSCode/Tax-App-Frontend/node_modules/jest-circus/build/jestAdapterInit.js:1007:40)
            at processTicksAndRejections (node:internal/process/task_queues:95:5)
            at _runTest (/Users/ryan/Library/Mobile Documents/com~apple~CloudDocs/Documents/VSCode/Tax-App-Frontend/node_modules/jest-circus/build/jestAdapterInit.js:947:3)
            at /Users/ryan/Library/Mobile Documents/com~apple~CloudDocs/Documents/VSCode/Tax-App-Frontend/node_modules/jest-circus/build/jestAdapterInit.js:849:7
            at _runTestsForDescribeBlock (/Users/ryan/Library/Mobile Documents/com~apple~CloudDocs/Documents/VSCode/Tax-App-Frontend/node_modules/jest-circus/build/jestAdapterInit.js:862:11)
            at _runTestsForDescribeBlock (/Users/ryan/Library/Mobile Documents/com~apple~CloudDocs/Documents/VSCode/Tax-App-Frontend/node_modules/jest-circus/build/jestAdapterInit.js:857:11)
            at _runTestsForDescribeBlock (/Users/ryan/Library/Mobile Documents/com~apple~CloudDocs/Documents/VSCode/Tax-App-Frontend/node_modules/jest-circus/build/jestAdapterInit.js:857:11)
            at run (/Users/ryan/Library/Mobile Documents/com~apple~CloudDocs/Documents/VSCode/Tax-App-Frontend/node_modules/jest-circus/build/jestAdapterInit.js:761:3)
            at runAndTransformResultsToJestFormat (/Users/ryan/Library/Mobile Documents/com~apple~CloudDocs/Documents/VSCode/Tax-App-Frontend/node_modules/jest-circus/build/jestAdapterInit.js:1918:21)
            at jestAdapter (/Users/ryan/Library/Mobile Documents/com~apple~CloudDocs/Documents/VSCode/Tax-App-Frontend/node_modules/jest-circus/build/runner.js:101:19)
            at runTestInternal (/Users/ryan/Library/Mobile Documents/com~apple~CloudDocs/Documents/VSCode/Tax-App-Frontend/node_modules/jest-runner/build/testWorker.js:275:16)
            at runTest (/Users/ryan/Library/Mobile Documents/com~apple~CloudDocs/Documents/VSCode/Tax-App-Frontend/node_modules/jest-runner/build/testWorker.js:343:7)
            at Object.worker (/Users/ryan/Library/Mobile Documents/com~apple~CloudDocs/Documents/VSCode/Tax-App-Frontend/node_modules/jest-runner/build/testWorker.js:497:12),
        type: 'unhandled exception'
      }

      87 |
      88 |     test('should constrain maximum width to md (28rem/448px)', () => {
    > 89 |       const { container } = render(<LoginPageClient />);
         |                                   ^
      90 |
      91 |       const responsiveContainer = container.querySelector('.max-w-md');
      92 |       expect(responsiveContainer).toBeInTheDocument();

      at VirtualConsole.<anonymous> (node_modules/@jest/environment-jsdom-abstract/build/index.js:87:23)
      at reportException (node_modules/jsdom/lib/jsdom/living/helpers/runtime-script-errors.js:70:28)
      at innerInvokeEventListeners (node_modules/jsdom/lib/jsdom/living/events/EventTarget-impl.js:353:9)
      at invokeEventListeners (node_modules/jsdom/lib/jsdom/living/events/EventTarget-impl.js:286:3)
      at HTMLUnknownElementImpl._dispatch (node_modules/jsdom/lib/jsdom/living/events/EventTarget-impl.js:233:9)
      at HTMLUnknownElementImpl.dispatchEvent (node_modules/jsdom/lib/jsdom/living/events/EventTarget-impl.js:104:17)
      at HTMLUnknownElement.dispatchEvent (node_modules/jsdom/lib/jsdom/living/generated/EventTarget.js:241:34)
      at Object.invokeGuardedCallbackDev (node_modules/react-dom/cjs/react-dom.development.js:4213:16)
      at invokeGuardedCallback (node_modules/react-dom/cjs/react-dom.development.js:4277:31)
      at beginWork$1 (node_modules/react-dom/cjs/react-dom.development.js:27490:7)
      at performUnitOfWork (node_modules/react-dom/cjs/react-dom.development.js:26599:12)
      at workLoopSync (node_modules/react-dom/cjs/react-dom.development.js:26505:5)
      at renderRootSync (node_modules/react-dom/cjs/react-dom.development.js:26473:7)
      at performConcurrentWorkOnRoot (node_modules/react-dom/cjs/react-dom.development.js:25777:74)
      at flushActQueue (node_modules/react/cjs/react.development.js:2667:24)
      at act (node_modules/react/cjs/react.development.js:2582:11)
      at node_modules/@testing-library/react/dist/act-compat.js:46:25
      at renderRoot (node_modules/@testing-library/react/dist/pure.js:189:26)
      at render (node_modules/@testing-library/react/dist/pure.js:291:10)
      at Object.<anonymous> (src/app/login/responsive-layout.test.tsx:89:35)

    console.error
      Error: Uncaught [TypeError: Cannot read properties of undefined (reading 'state')]
          at reportException (/Users/ryan/Library/Mobile Documents/com~apple~CloudDocs/Documents/VSCode/Tax-App-Frontend/node_modules/jsdom/lib/jsdom/living/helpers/runtime-script-errors.js:66:24)
          at innerInvokeEventListeners (/Users/ryan/Library/Mobile Documents/com~apple~CloudDocs/Documents/VSCode/Tax-App-Frontend/node_modules/jsdom/lib/jsdom/living/events/EventTarget-impl.js:353:9)
          at invokeEventListeners (/Users/ryan/Library/Mobile Documents/com~apple~CloudDocs/Documents/VSCode/Tax-App-Frontend/node_modules/jsdom/lib/jsdom/living/events/EventTarget-impl.js:286:3)
          at HTMLUnknownElementImpl._dispatch (/Users/ryan/Library/Mobile Documents/com~apple~CloudDocs/Documents/VSCode/Tax-App-Frontend/node_modules/jsdom/lib/jsdom/living/events/EventTarget-impl.js:233:9)
          at HTMLUnknownElementImpl.dispatchEvent (/Users/ryan/Library/Mobile Documents/com~apple~CloudDocs/Documents/VSCode/Tax-App-Frontend/node_modules/jsdom/lib/jsdom/living/events/EventTarget-impl.js:104:17)
          at HTMLUnknownElement.dispatchEvent (/Users/ryan/Library/Mobile Documents/com~apple~CloudDocs/Documents/VSCode/Tax-App-Frontend/node_modules/jsdom/lib/jsdom/living/generated/EventTarget.js:241:34)
          at Object.invokeGuardedCallbackDev (/Users/ryan/Library/Mobile Documents/com~apple~CloudDocs/Documents/VSCode/Tax-App-Frontend/node_modules/react-dom/cjs/react-dom.development.js:4213:16)
          at invokeGuardedCallback (/Users/ryan/Library/Mobile Documents/com~apple~CloudDocs/Documents/VSCode/Tax-App-Frontend/node_modules/react-dom/cjs/react-dom.development.js:4277:31)
          at beginWork$1 (/Users/ryan/Library/Mobile Documents/com~apple~CloudDocs/Documents/VSCode/Tax-App-Frontend/node_modules/react-dom/cjs/react-dom.development.js:27490:7)
          at performUnitOfWork (/Users/ryan/Library/Mobile Documents/com~apple~CloudDocs/Documents/VSCode/Tax-App-Frontend/node_modules/react-dom/cjs/react-dom.development.js:26599:12)
          at workLoopSync (/Users/ryan/Library/Mobile Documents/com~apple~CloudDocs/Documents/VSCode/Tax-App-Frontend/node_modules/react-dom/cjs/react-dom.development.js:26505:5)
          at renderRootSync (/Users/ryan/Library/Mobile Documents/com~apple~CloudDocs/Documents/VSCode/Tax-App-Frontend/node_modules/react-dom/cjs/react-dom.development.js:26473:7)
          at recoverFromConcurrentError (/Users/ryan/Library/Mobile Documents/com~apple~CloudDocs/Documents/VSCode/Tax-App-Frontend/node_modules/react-dom/cjs/react-dom.development.js:25889:20)
          at performConcurrentWorkOnRoot (/Users/ryan/Library/Mobile Documents/com~apple~CloudDocs/Documents/VSCode/Tax-App-Frontend/node_modules/react-dom/cjs/react-dom.development.js:25789:22)
          at flushActQueue (/Users/ryan/Library/Mobile Documents/com~apple~CloudDocs/Documents/VSCode/Tax-App-Frontend/node_modules/react/cjs/react.development.js:2667:24)
          at act (/Users/ryan/Library/Mobile Documents/com~apple~CloudDocs/Documents/VSCode/Tax-App-Frontend/node_modules/react/cjs/react.development.js:2582:11)
          at /Users/ryan/Library/Mobile Documents/com~apple~CloudDocs/Documents/VSCode/Tax-App-Frontend/node_modules/@testing-library/react/dist/act-compat.js:46:25
          at renderRoot (/Users/ryan/Library/Mobile Documents/com~apple~CloudDocs/Documents/VSCode/Tax-App-Frontend/node_modules/@testing-library/react/dist/pure.js:189:26)
          at render (/Users/ryan/Library/Mobile Documents/com~apple~CloudDocs/Documents/VSCode/Tax-App-Frontend/node_modules/@testing-library/react/dist/pure.js:291:10)
          at Object.<anonymous> (/Users/ryan/Library/Mobile Documents/com~apple~CloudDocs/Documents/VSCode/Tax-App-Frontend/src/app/login/responsive-layout.test.tsx:89:35)
          at Promise.finally.completed (/Users/ryan/Library/Mobile Documents/com~apple~CloudDocs/Documents/VSCode/Tax-App-Frontend/node_modules/jest-circus/build/jestAdapterInit.js:1557:28)
          at new Promise (<anonymous>)
          at callAsyncCircusFn (/Users/ryan/Library/Mobile Documents/com~apple~CloudDocs/Documents/VSCode/Tax-App-Frontend/node_modules/jest-circus/build/jestAdapterInit.js:1497:10)
          at _callCircusTest (/Users/ryan/Library/Mobile Documents/com~apple~CloudDocs/Documents/VSCode/Tax-App-Frontend/node_modules/jest-circus/build/jestAdapterInit.js:1007:40)
          at processTicksAndRejections (node:internal/process/task_queues:95:5)
          at _runTest (/Users/ryan/Library/Mobile Documents/com~apple~CloudDocs/Documents/VSCode/Tax-App-Frontend/node_modules/jest-circus/build/jestAdapterInit.js:947:3)
          at /Users/ryan/Library/Mobile Documents/com~apple~CloudDocs/Documents/VSCode/Tax-App-Frontend/node_modules/jest-circus/build/jestAdapterInit.js:849:7
          at _runTestsForDescribeBlock (/Users/ryan/Library/Mobile Documents/com~apple~CloudDocs/Documents/VSCode/Tax-App-Frontend/node_modules/jest-circus/build/jestAdapterInit.js:862:11)
          at _runTestsForDescribeBlock (/Users/ryan/Library/Mobile Documents/com~apple~CloudDocs/Documents/VSCode/Tax-App-Frontend/node_modules/jest-circus/build/jestAdapterInit.js:857:11)
          at _runTestsForDescribeBlock (/Users/ryan/Library/Mobile Documents/com~apple~CloudDocs/Documents/VSCode/Tax-App-Frontend/node_modules/jest-circus/build/jestAdapterInit.js:857:11)
          at run (/Users/ryan/Library/Mobile Documents/com~apple~CloudDocs/Documents/VSCode/Tax-App-Frontend/node_modules/jest-circus/build/jestAdapterInit.js:761:3)
          at runAndTransformResultsToJestFormat (/Users/ryan/Library/Mobile Documents/com~apple~CloudDocs/Documents/VSCode/Tax-App-Frontend/node_modules/jest-circus/build/jestAdapterInit.js:1918:21)
          at jestAdapter (/Users/ryan/Library/Mobile Documents/com~apple~CloudDocs/Documents/VSCode/Tax-App-Frontend/node_modules/jest-circus/build/runner.js:101:19)
          at runTestInternal (/Users/ryan/Library/Mobile Documents/com~apple~CloudDocs/Documents/VSCode/Tax-App-Frontend/node_modules/jest-runner/build/testWorker.js:275:16)
          at runTest (/Users/ryan/Library/Mobile Documents/com~apple~CloudDocs/Documents/VSCode/Tax-App-Frontend/node_modules/jest-runner/build/testWorker.js:343:7)
          at Object.worker (/Users/ryan/Library/Mobile Documents/com~apple~CloudDocs/Documents/VSCode/Tax-App-Frontend/node_modules/jest-runner/build/testWorker.js:497:12) {
        detail: TypeError: Cannot read properties of undefined (reading 'state')
            at state (/Users/ryan/Library/Mobile Documents/com~apple~CloudDocs/Documents/VSCode/Tax-App-Frontend/src/components/LoginForm.tsx:93:15)
            at renderWithHooks (/Users/ryan/Library/Mobile Documents/com~apple~CloudDocs/Documents/VSCode/Tax-App-Frontend/node_modules/react-dom/cjs/react-dom.development.js:15486:18)
            at mountIndeterminateComponent (/Users/ryan/Library/Mobile Documents/com~apple~CloudDocs/Documents/VSCode/Tax-App-Frontend/node_modules/react-dom/cjs/react-dom.development.js:20103:13)
            at beginWork (/Users/ryan/Library/Mobile Documents/com~apple~CloudDocs/Documents/VSCode/Tax-App-Frontend/node_modules/react-dom/cjs/react-dom.development.js:21626:16)
            at HTMLUnknownElement.callCallback (/Users/ryan/Library/Mobile Documents/com~apple~CloudDocs/Documents/VSCode/Tax-App-Frontend/node_modules/react-dom/cjs/react-dom.development.js:4164:14)
            at HTMLUnknownElement.callTheUserObjectsOperation (/Users/ryan/Library/Mobile Documents/com~apple~CloudDocs/Documents/VSCode/Tax-App-Frontend/node_modules/jsdom/lib/jsdom/living/generated/EventListener.js:26:30)
            at innerInvokeEventListeners (/Users/ryan/Library/Mobile Documents/com~apple~CloudDocs/Documents/VSCode/Tax-App-Frontend/node_modules/jsdom/lib/jsdom/living/events/EventTarget-impl.js:350:25)
            at invokeEventListeners (/Users/ryan/Library/Mobile Documents/com~apple~CloudDocs/Documents/VSCode/Tax-App-Frontend/node_modules/jsdom/lib/jsdom/living/events/EventTarget-impl.js:286:3)
            at HTMLUnknownElementImpl._dispatch (/Users/ryan/Library/Mobile Documents/com~apple~CloudDocs/Documents/VSCode/Tax-App-Frontend/node_modules/jsdom/lib/jsdom/living/events/EventTarget-impl.js:233:9)
            at HTMLUnknownElementImpl.dispatchEvent (/Users/ryan/Library/Mobile Documents/com~apple~CloudDocs/Documents/VSCode/Tax-App-Frontend/node_modules/jsdom/lib/jsdom/living/events/EventTarget-impl.js:104:17)
            at HTMLUnknownElement.dispatchEvent (/Users/ryan/Library/Mobile Documents/com~apple~CloudDocs/Documents/VSCode/Tax-App-Frontend/node_modules/jsdom/lib/jsdom/living/generated/EventTarget.js:241:34)
            at Object.invokeGuardedCallbackDev (/Users/ryan/Library/Mobile Documents/com~apple~CloudDocs/Documents/VSCode/Tax-App-Frontend/node_modules/react-dom/cjs/react-dom.development.js:4213:16)
            at invokeGuardedCallback (/Users/ryan/Library/Mobile Documents/com~apple~CloudDocs/Documents/VSCode/Tax-App-Frontend/node_modules/react-dom/cjs/react-dom.development.js:4277:31)
            at beginWork$1 (/Users/ryan/Library/Mobile Documents/com~apple~CloudDocs/Documents/VSCode/Tax-App-Frontend/node_modules/react-dom/cjs/react-dom.development.js:27490:7)
            at performUnitOfWork (/Users/ryan/Library/Mobile Documents/com~apple~CloudDocs/Documents/VSCode/Tax-App-Frontend/node_modules/react-dom/cjs/react-dom.development.js:26599:12)
            at workLoopSync (/Users/ryan/Library/Mobile Documents/com~apple~CloudDocs/Documents/VSCode/Tax-App-Frontend/node_modules/react-dom/cjs/react-dom.development.js:26505:5)
            at renderRootSync (/Users/ryan/Library/Mobile Documents/com~apple~CloudDocs/Documents/VSCode/Tax-App-Frontend/node_modules/react-dom/cjs/react-dom.development.js:26473:7)
            at recoverFromConcurrentError (/Users/ryan/Library/Mobile Documents/com~apple~CloudDocs/Documents/VSCode/Tax-App-Frontend/node_modules/react-dom/cjs/react-dom.development.js:25889:20)
            at performConcurrentWorkOnRoot (/Users/ryan/Library/Mobile Documents/com~apple~CloudDocs/Documents/VSCode/Tax-App-Frontend/node_modules/react-dom/cjs/react-dom.development.js:25789:22)
            at flushActQueue (/Users/ryan/Library/Mobile Documents/com~apple~CloudDocs/Documents/VSCode/Tax-App-Frontend/node_modules/react/cjs/react.development.js:2667:24)
            at act (/Users/ryan/Library/Mobile Documents/com~apple~CloudDocs/Documents/VSCode/Tax-App-Frontend/node_modules/react/cjs/react.development.js:2582:11)
            at /Users/ryan/Library/Mobile Documents/com~apple~CloudDocs/Documents/VSCode/Tax-App-Frontend/node_modules/@testing-library/react/dist/act-compat.js:46:25
            at renderRoot (/Users/ryan/Library/Mobile Documents/com~apple~CloudDocs/Documents/VSCode/Tax-App-Frontend/node_modules/@testing-library/react/dist/pure.js:189:26)
            at render (/Users/ryan/Library/Mobile Documents/com~apple~CloudDocs/Documents/VSCode/Tax-App-Frontend/node_modules/@testing-library/react/dist/pure.js:291:10)
            at Object.<anonymous> (/Users/ryan/Library/Mobile Documents/com~apple~CloudDocs/Documents/VSCode/Tax-App-Frontend/src/app/login/responsive-layout.test.tsx:89:35)
            at Promise.finally.completed (/Users/ryan/Library/Mobile Documents/com~apple~CloudDocs/Documents/VSCode/Tax-App-Frontend/node_modules/jest-circus/build/jestAdapterInit.js:1557:28)
            at new Promise (<anonymous>)
            at callAsyncCircusFn (/Users/ryan/Library/Mobile Documents/com~apple~CloudDocs/Documents/VSCode/Tax-App-Frontend/node_modules/jest-circus/build/jestAdapterInit.js:1497:10)
            at _callCircusTest (/Users/ryan/Library/Mobile Documents/com~apple~CloudDocs/Documents/VSCode/Tax-App-Frontend/node_modules/jest-circus/build/jestAdapterInit.js:1007:40)
            at processTicksAndRejections (node:internal/process/task_queues:95:5)
            at _runTest (/Users/ryan/Library/Mobile Documents/com~apple~CloudDocs/Documents/VSCode/Tax-App-Frontend/node_modules/jest-circus/build/jestAdapterInit.js:947:3)
            at /Users/ryan/Library/Mobile Documents/com~apple~CloudDocs/Documents/VSCode/Tax-App-Frontend/node_modules/jest-circus/build/jestAdapterInit.js:849:7
            at _runTestsForDescribeBlock (/Users/ryan/Library/Mobile Documents/com~apple~CloudDocs/Documents/VSCode/Tax-App-Frontend/node_modules/jest-circus/build/jestAdapterInit.js:862:11)
            at _runTestsForDescribeBlock (/Users/ryan/Library/Mobile Documents/com~apple~CloudDocs/Documents/VSCode/Tax-App-Frontend/node_modules/jest-circus/build/jestAdapterInit.js:857:11)
            at _runTestsForDescribeBlock (/Users/ryan/Library/Mobile Documents/com~apple~CloudDocs/Documents/VSCode/Tax-App-Frontend/node_modules/jest-circus/build/jestAdapterInit.js:857:11)
            at run (/Users/ryan/Library/Mobile Documents/com~apple~CloudDocs/Documents/VSCode/Tax-App-Frontend/node_modules/jest-circus/build/jestAdapterInit.js:761:3)
            at runAndTransformResultsToJestFormat (/Users/ryan/Library/Mobile Documents/com~apple~CloudDocs/Documents/VSCode/Tax-App-Frontend/node_modules/jest-circus/build/jestAdapterInit.js:1918:21)
            at jestAdapter (/Users/ryan/Library/Mobile Documents/com~apple~CloudDocs/Documents/VSCode/Tax-App-Frontend/node_modules/jest-circus/build/runner.js:101:19)
            at runTestInternal (/Users/ryan/Library/Mobile Documents/com~apple~CloudDocs/Documents/VSCode/Tax-App-Frontend/node_modules/jest-runner/build/testWorker.js:275:16)
            at runTest (/Users/ryan/Library/Mobile Documents/com~apple~CloudDocs/Documents/VSCode/Tax-App-Frontend/node_modules/jest-runner/build/testWorker.js:343:7)
            at Object.worker (/Users/ryan/Library/Mobile Documents/com~apple~CloudDocs/Documents/VSCode/Tax-App-Frontend/node_modules/jest-runner/build/testWorker.js:497:12),
        type: 'unhandled exception'
      }

      87 |
      88 |     test('should constrain maximum width to md (28rem/448px)', () => {
    > 89 |       const { container } = render(<LoginPageClient />);
         |                                   ^
      90 |
      91 |       const responsiveContainer = container.querySelector('.max-w-md');
      92 |       expect(responsiveContainer).toBeInTheDocument();

      at VirtualConsole.<anonymous> (node_modules/@jest/environment-jsdom-abstract/build/index.js:87:23)
      at reportException (node_modules/jsdom/lib/jsdom/living/helpers/runtime-script-errors.js:70:28)
      at innerInvokeEventListeners (node_modules/jsdom/lib/jsdom/living/events/EventTarget-impl.js:353:9)
      at invokeEventListeners (node_modules/jsdom/lib/jsdom/living/events/EventTarget-impl.js:286:3)
      at HTMLUnknownElementImpl._dispatch (node_modules/jsdom/lib/jsdom/living/events/EventTarget-impl.js:233:9)
      at HTMLUnknownElementImpl.dispatchEvent (node_modules/jsdom/lib/jsdom/living/events/EventTarget-impl.js:104:17)
      at HTMLUnknownElement.dispatchEvent (node_modules/jsdom/lib/jsdom/living/generated/EventTarget.js:241:34)
      at Object.invokeGuardedCallbackDev (node_modules/react-dom/cjs/react-dom.development.js:4213:16)
      at invokeGuardedCallback (node_modules/react-dom/cjs/react-dom.development.js:4277:31)
      at beginWork$1 (node_modules/react-dom/cjs/react-dom.development.js:27490:7)
      at performUnitOfWork (node_modules/react-dom/cjs/react-dom.development.js:26599:12)
      at workLoopSync (node_modules/react-dom/cjs/react-dom.development.js:26505:5)
      at renderRootSync (node_modules/react-dom/cjs/react-dom.development.js:26473:7)
      at recoverFromConcurrentError (node_modules/react-dom/cjs/react-dom.development.js:25889:20)
      at performConcurrentWorkOnRoot (node_modules/react-dom/cjs/react-dom.development.js:25789:22)
      at flushActQueue (node_modules/react/cjs/react.development.js:2667:24)
      at act (node_modules/react/cjs/react.development.js:2582:11)
      at node_modules/@testing-library/react/dist/act-compat.js:46:25
      at renderRoot (node_modules/@testing-library/react/dist/pure.js:189:26)
      at render (node_modules/@testing-library/react/dist/pure.js:291:10)
      at Object.<anonymous> (src/app/login/responsive-layout.test.tsx:89:35)

    console.error
      The above error occurred in the <LoginForm> component:
      
          at className (/Users/ryan/Library/Mobile Documents/com~apple~CloudDocs/Documents/VSCode/Tax-App-Frontend/src/components/LoginForm.tsx:45:29)
          at div
          at children (/Users/ryan/Library/Mobile Documents/com~apple~CloudDocs/Documents/VSCode/Tax-App-Frontend/src/app/login/responsive-layout.test.tsx:62:19)
          at div
          at children (/Users/ryan/Library/Mobile Documents/com~apple~CloudDocs/Documents/VSCode/Tax-App-Frontend/src/app/login/responsive-layout.test.tsx:52:12)
          at div
          at div
          at div
          at children (/Users/ryan/Library/Mobile Documents/com~apple~CloudDocs/Documents/VSCode/Tax-App-Frontend/src/app/login/responsive-layout.test.tsx:47:21)
          at callbackUrl (/Users/ryan/Library/Mobile Documents/com~apple~CloudDocs/Documents/VSCode/Tax-App-Frontend/src/app/login/LoginPageClient.tsx:49:43)
      
      Consider adding an error boundary to your tree to customize error handling behavior.
      Visit https://reactjs.org/link/error-boundaries to learn more about error boundaries.

      87 |
      88 |     test('should constrain maximum width to md (28rem/448px)', () => {
    > 89 |       const { container } = render(<LoginPageClient />);
         |                                   ^
      90 |
      91 |       const responsiveContainer = container.querySelector('.max-w-md');
      92 |       expect(responsiveContainer).toBeInTheDocument();

      at logCapturedError (node_modules/react-dom/cjs/react-dom.development.js:18704:23)
      at update.callback (node_modules/react-dom/cjs/react-dom.development.js:18737:5)
      at callCallback (node_modules/react-dom/cjs/react-dom.development.js:15036:12)
      at commitUpdateQueue (node_modules/react-dom/cjs/react-dom.development.js:15057:9)
      at commitLayoutEffectOnFiber (node_modules/react-dom/cjs/react-dom.development.js:23430:13)
      at commitLayoutMountEffects_complete (node_modules/react-dom/cjs/react-dom.development.js:24727:9)
      at commitLayoutEffects_begin (node_modules/react-dom/cjs/react-dom.development.js:24713:7)
      at commitLayoutEffects (node_modules/react-dom/cjs/react-dom.development.js:24651:3)
      at commitRootImpl (node_modules/react-dom/cjs/react-dom.development.js:26862:5)
      at commitRoot (node_modules/react-dom/cjs/react-dom.development.js:26721:5)
      at finishConcurrentRender (node_modules/react-dom/cjs/react-dom.development.js:25931:9)
      at performConcurrentWorkOnRoot (node_modules/react-dom/cjs/react-dom.development.js:25848:7)
      at flushActQueue (node_modules/react/cjs/react.development.js:2667:24)
      at act (node_modules/react/cjs/react.development.js:2582:11)
      at node_modules/@testing-library/react/dist/act-compat.js:46:25
      at renderRoot (node_modules/@testing-library/react/dist/pure.js:189:26)
      at render (node_modules/@testing-library/react/dist/pure.js:291:10)
      at Object.<anonymous> (src/app/login/responsive-layout.test.tsx:89:35)

    console.error
      Error: Uncaught [TypeError: Cannot read properties of undefined (reading 'state')]
          at reportException (/Users/ryan/Library/Mobile Documents/com~apple~CloudDocs/Documents/VSCode/Tax-App-Frontend/node_modules/jsdom/lib/jsdom/living/helpers/runtime-script-errors.js:66:24)
          at innerInvokeEventListeners (/Users/ryan/Library/Mobile Documents/com~apple~CloudDocs/Documents/VSCode/Tax-App-Frontend/node_modules/jsdom/lib/jsdom/living/events/EventTarget-impl.js:353:9)
          at invokeEventListeners (/Users/ryan/Library/Mobile Documents/com~apple~CloudDocs/Documents/VSCode/Tax-App-Frontend/node_modules/jsdom/lib/jsdom/living/events/EventTarget-impl.js:286:3)
          at HTMLUnknownElementImpl._dispatch (/Users/ryan/Library/Mobile Documents/com~apple~CloudDocs/Documents/VSCode/Tax-App-Frontend/node_modules/jsdom/lib/jsdom/living/events/EventTarget-impl.js:233:9)
          at HTMLUnknownElementImpl.dispatchEvent (/Users/ryan/Library/Mobile Documents/com~apple~CloudDocs/Documents/VSCode/Tax-App-Frontend/node_modules/jsdom/lib/jsdom/living/events/EventTarget-impl.js:104:17)
          at HTMLUnknownElement.dispatchEvent (/Users/ryan/Library/Mobile Documents/com~apple~CloudDocs/Documents/VSCode/Tax-App-Frontend/node_modules/jsdom/lib/jsdom/living/generated/EventTarget.js:241:34)
          at Object.invokeGuardedCallbackDev (/Users/ryan/Library/Mobile Documents/com~apple~CloudDocs/Documents/VSCode/Tax-App-Frontend/node_modules/react-dom/cjs/react-dom.development.js:4213:16)
          at invokeGuardedCallback (/Users/ryan/Library/Mobile Documents/com~apple~CloudDocs/Documents/VSCode/Tax-App-Frontend/node_modules/react-dom/cjs/react-dom.development.js:4277:31)
          at beginWork$1 (/Users/ryan/Library/Mobile Documents/com~apple~CloudDocs/Documents/VSCode/Tax-App-Frontend/node_modules/react-dom/cjs/react-dom.development.js:27490:7)
          at performUnitOfWork (/Users/ryan/Library/Mobile Documents/com~apple~CloudDocs/Documents/VSCode/Tax-App-Frontend/node_modules/react-dom/cjs/react-dom.development.js:26599:12)
          at workLoopSync (/Users/ryan/Library/Mobile Documents/com~apple~CloudDocs/Documents/VSCode/Tax-App-Frontend/node_modules/react-dom/cjs/react-dom.development.js:26505:5)
          at renderRootSync (/Users/ryan/Library/Mobile Documents/com~apple~CloudDocs/Documents/VSCode/Tax-App-Frontend/node_modules/react-dom/cjs/react-dom.development.js:26473:7)
          at performConcurrentWorkOnRoot (/Users/ryan/Library/Mobile Documents/com~apple~CloudDocs/Documents/VSCode/Tax-App-Frontend/node_modules/react-dom/cjs/react-dom.development.js:25777:74)
          at flushActQueue (/Users/ryan/Library/Mobile Documents/com~apple~CloudDocs/Documents/VSCode/Tax-App-Frontend/node_modules/react/cjs/react.development.js:2667:24)
          at act (/Users/ryan/Library/Mobile Documents/com~apple~CloudDocs/Documents/VSCode/Tax-App-Frontend/node_modules/react/cjs/react.development.js:2582:11)
          at /Users/ryan/Library/Mobile Documents/com~apple~CloudDocs/Documents/VSCode/Tax-App-Frontend/node_modules/@testing-library/react/dist/act-compat.js:46:25
          at renderRoot (/Users/ryan/Library/Mobile Documents/com~apple~CloudDocs/Documents/VSCode/Tax-App-Frontend/node_modules/@testing-library/react/dist/pure.js:189:26)
          at render (/Users/ryan/Library/Mobile Documents/com~apple~CloudDocs/Documents/VSCode/Tax-App-Frontend/node_modules/@testing-library/react/dist/pure.js:291:10)
          at Object.<anonymous> (/Users/ryan/Library/Mobile Documents/com~apple~CloudDocs/Documents/VSCode/Tax-App-Frontend/src/app/login/responsive-layout.test.tsx:97:35)
          at Promise.finally.completed (/Users/ryan/Library/Mobile Documents/com~apple~CloudDocs/Documents/VSCode/Tax-App-Frontend/node_modules/jest-circus/build/jestAdapterInit.js:1557:28)
          at new Promise (<anonymous>)
          at callAsyncCircusFn (/Users/ryan/Library/Mobile Documents/com~apple~CloudDocs/Documents/VSCode/Tax-App-Frontend/node_modules/jest-circus/build/jestAdapterInit.js:1497:10)
          at _callCircusTest (/Users/ryan/Library/Mobile Documents/com~apple~CloudDocs/Documents/VSCode/Tax-App-Frontend/node_modules/jest-circus/build/jestAdapterInit.js:1007:40)
          at processTicksAndRejections (node:internal/process/task_queues:95:5)
          at _runTest (/Users/ryan/Library/Mobile Documents/com~apple~CloudDocs/Documents/VSCode/Tax-App-Frontend/node_modules/jest-circus/build/jestAdapterInit.js:947:3)
          at /Users/ryan/Library/Mobile Documents/com~apple~CloudDocs/Documents/VSCode/Tax-App-Frontend/node_modules/jest-circus/build/jestAdapterInit.js:849:7
          at _runTestsForDescribeBlock (/Users/ryan/Library/Mobile Documents/com~apple~CloudDocs/Documents/VSCode/Tax-App-Frontend/node_modules/jest-circus/build/jestAdapterInit.js:862:11)
          at _runTestsForDescribeBlock (/Users/ryan/Library/Mobile Documents/com~apple~CloudDocs/Documents/VSCode/Tax-App-Frontend/node_modules/jest-circus/build/jestAdapterInit.js:857:11)
          at _runTestsForDescribeBlock (/Users/ryan/Library/Mobile Documents/com~apple~CloudDocs/Documents/VSCode/Tax-App-Frontend/node_modules/jest-circus/build/jestAdapterInit.js:857:11)
          at run (/Users/ryan/Library/Mobile Documents/com~apple~CloudDocs/Documents/VSCode/Tax-App-Frontend/node_modules/jest-circus/build/jestAdapterInit.js:761:3)
          at runAndTransformResultsToJestFormat (/Users/ryan/Library/Mobile Documents/com~apple~CloudDocs/Documents/VSCode/Tax-App-Frontend/node_modules/jest-circus/build/jestAdapterInit.js:1918:21)
          at jestAdapter (/Users/ryan/Library/Mobile Documents/com~apple~CloudDocs/Documents/VSCode/Tax-App-Frontend/node_modules/jest-circus/build/runner.js:101:19)
          at runTestInternal (/Users/ryan/Library/Mobile Documents/com~apple~CloudDocs/Documents/VSCode/Tax-App-Frontend/node_modules/jest-runner/build/testWorker.js:275:16)
          at runTest (/Users/ryan/Library/Mobile Documents/com~apple~CloudDocs/Documents/VSCode/Tax-App-Frontend/node_modules/jest-runner/build/testWorker.js:343:7)
          at Object.worker (/Users/ryan/Library/Mobile Documents/com~apple~CloudDocs/Documents/VSCode/Tax-App-Frontend/node_modules/jest-runner/build/testWorker.js:497:12) {
        detail: TypeError: Cannot read properties of undefined (reading 'state')
            at state (/Users/ryan/Library/Mobile Documents/com~apple~CloudDocs/Documents/VSCode/Tax-App-Frontend/src/components/LoginForm.tsx:93:15)
            at renderWithHooks (/Users/ryan/Library/Mobile Documents/com~apple~CloudDocs/Documents/VSCode/Tax-App-Frontend/node_modules/react-dom/cjs/react-dom.development.js:15486:18)
            at mountIndeterminateComponent (/Users/ryan/Library/Mobile Documents/com~apple~CloudDocs/Documents/VSCode/Tax-App-Frontend/node_modules/react-dom/cjs/react-dom.development.js:20103:13)
            at beginWork (/Users/ryan/Library/Mobile Documents/com~apple~CloudDocs/Documents/VSCode/Tax-App-Frontend/node_modules/react-dom/cjs/react-dom.development.js:21626:16)
            at HTMLUnknownElement.callCallback (/Users/ryan/Library/Mobile Documents/com~apple~CloudDocs/Documents/VSCode/Tax-App-Frontend/node_modules/react-dom/cjs/react-dom.development.js:4164:14)
            at HTMLUnknownElement.callTheUserObjectsOperation (/Users/ryan/Library/Mobile Documents/com~apple~CloudDocs/Documents/VSCode/Tax-App-Frontend/node_modules/jsdom/lib/jsdom/living/generated/EventListener.js:26:30)
            at innerInvokeEventListeners (/Users/ryan/Library/Mobile Documents/com~apple~CloudDocs/Documents/VSCode/Tax-App-Frontend/node_modules/jsdom/lib/jsdom/living/events/EventTarget-impl.js:350:25)
            at invokeEventListeners (/Users/ryan/Library/Mobile Documents/com~apple~CloudDocs/Documents/VSCode/Tax-App-Frontend/node_modules/jsdom/lib/jsdom/living/events/EventTarget-impl.js:286:3)
            at HTMLUnknownElementImpl._dispatch (/Users/ryan/Library/Mobile Documents/com~apple~CloudDocs/Documents/VSCode/Tax-App-Frontend/node_modules/jsdom/lib/jsdom/living/events/EventTarget-impl.js:233:9)
            at HTMLUnknownElementImpl.dispatchEvent (/Users/ryan/Library/Mobile Documents/com~apple~CloudDocs/Documents/VSCode/Tax-App-Frontend/node_modules/jsdom/lib/jsdom/living/events/EventTarget-impl.js:104:17)
            at HTMLUnknownElement.dispatchEvent (/Users/ryan/Library/Mobile Documents/com~apple~CloudDocs/Documents/VSCode/Tax-App-Frontend/node_modules/jsdom/lib/jsdom/living/generated/EventTarget.js:241:34)
            at Object.invokeGuardedCallbackDev (/Users/ryan/Library/Mobile Documents/com~apple~CloudDocs/Documents/VSCode/Tax-App-Frontend/node_modules/react-dom/cjs/react-dom.development.js:4213:16)
            at invokeGuardedCallback (/Users/ryan/Library/Mobile Documents/com~apple~CloudDocs/Documents/VSCode/Tax-App-Frontend/node_modules/react-dom/cjs/react-dom.development.js:4277:31)
            at beginWork$1 (/Users/ryan/Library/Mobile Documents/com~apple~CloudDocs/Documents/VSCode/Tax-App-Frontend/node_modules/react-dom/cjs/react-dom.development.js:27490:7)
            at performUnitOfWork (/Users/ryan/Library/Mobile Documents/com~apple~CloudDocs/Documents/VSCode/Tax-App-Frontend/node_modules/react-dom/cjs/react-dom.development.js:26599:12)
            at workLoopSync (/Users/ryan/Library/Mobile Documents/com~apple~CloudDocs/Documents/VSCode/Tax-App-Frontend/node_modules/react-dom/cjs/react-dom.development.js:26505:5)
            at renderRootSync (/Users/ryan/Library/Mobile Documents/com~apple~CloudDocs/Documents/VSCode/Tax-App-Frontend/node_modules/react-dom/cjs/react-dom.development.js:26473:7)
            at performConcurrentWorkOnRoot (/Users/ryan/Library/Mobile Documents/com~apple~CloudDocs/Documents/VSCode/Tax-App-Frontend/node_modules/react-dom/cjs/react-dom.development.js:25777:74)
            at flushActQueue (/Users/ryan/Library/Mobile Documents/com~apple~CloudDocs/Documents/VSCode/Tax-App-Frontend/node_modules/react/cjs/react.development.js:2667:24)
            at act (/Users/ryan/Library/Mobile Documents/com~apple~CloudDocs/Documents/VSCode/Tax-App-Frontend/node_modules/react/cjs/react.development.js:2582:11)
            at /Users/ryan/Library/Mobile Documents/com~apple~CloudDocs/Documents/VSCode/Tax-App-Frontend/node_modules/@testing-library/react/dist/act-compat.js:46:25
            at renderRoot (/Users/ryan/Library/Mobile Documents/com~apple~CloudDocs/Documents/VSCode/Tax-App-Frontend/node_modules/@testing-library/react/dist/pure.js:189:26)
            at render (/Users/ryan/Library/Mobile Documents/com~apple~CloudDocs/Documents/VSCode/Tax-App-Frontend/node_modules/@testing-library/react/dist/pure.js:291:10)
            at Object.<anonymous> (/Users/ryan/Library/Mobile Documents/com~apple~CloudDocs/Documents/VSCode/Tax-App-Frontend/src/app/login/responsive-layout.test.tsx:97:35)
            at Promise.finally.completed (/Users/ryan/Library/Mobile Documents/com~apple~CloudDocs/Documents/VSCode/Tax-App-Frontend/node_modules/jest-circus/build/jestAdapterInit.js:1557:28)
            at new Promise (<anonymous>)
            at callAsyncCircusFn (/Users/ryan/Library/Mobile Documents/com~apple~CloudDocs/Documents/VSCode/Tax-App-Frontend/node_modules/jest-circus/build/jestAdapterInit.js:1497:10)
            at _callCircusTest (/Users/ryan/Library/Mobile Documents/com~apple~CloudDocs/Documents/VSCode/Tax-App-Frontend/node_modules/jest-circus/build/jestAdapterInit.js:1007:40)
            at processTicksAndRejections (node:internal/process/task_queues:95:5)
            at _runTest (/Users/ryan/Library/Mobile Documents/com~apple~CloudDocs/Documents/VSCode/Tax-App-Frontend/node_modules/jest-circus/build/jestAdapterInit.js:947:3)
            at /Users/ryan/Library/Mobile Documents/com~apple~CloudDocs/Documents/VSCode/Tax-App-Frontend/node_modules/jest-circus/build/jestAdapterInit.js:849:7
            at _runTestsForDescribeBlock (/Users/ryan/Library/Mobile Documents/com~apple~CloudDocs/Documents/VSCode/Tax-App-Frontend/node_modules/jest-circus/build/jestAdapterInit.js:862:11)
            at _runTestsForDescribeBlock (/Users/ryan/Library/Mobile Documents/com~apple~CloudDocs/Documents/VSCode/Tax-App-Frontend/node_modules/jest-circus/build/jestAdapterInit.js:857:11)
            at _runTestsForDescribeBlock (/Users/ryan/Library/Mobile Documents/com~apple~CloudDocs/Documents/VSCode/Tax-App-Frontend/node_modules/jest-circus/build/jestAdapterInit.js:857:11)
            at run (/Users/ryan/Library/Mobile Documents/com~apple~CloudDocs/Documents/VSCode/Tax-App-Frontend/node_modules/jest-circus/build/jestAdapterInit.js:761:3)
            at runAndTransformResultsToJestFormat (/Users/ryan/Library/Mobile Documents/com~apple~CloudDocs/Documents/VSCode/Tax-App-Frontend/node_modules/jest-circus/build/jestAdapterInit.js:1918:21)
            at jestAdapter (/Users/ryan/Library/Mobile Documents/com~apple~CloudDocs/Documents/VSCode/Tax-App-Frontend/node_modules/jest-circus/build/runner.js:101:19)
            at runTestInternal (/Users/ryan/Library/Mobile Documents/com~apple~CloudDocs/Documents/VSCode/Tax-App-Frontend/node_modules/jest-runner/build/testWorker.js:275:16)
            at runTest (/Users/ryan/Library/Mobile Documents/com~apple~CloudDocs/Documents/VSCode/Tax-App-Frontend/node_modules/jest-runner/build/testWorker.js:343:7)
            at Object.worker (/Users/ryan/Library/Mobile Documents/com~apple~CloudDocs/Documents/VSCode/Tax-App-Frontend/node_modules/jest-runner/build/testWorker.js:497:12),
        type: 'unhandled exception'
      }

       95 |
       96 |     test('should have mobile-appropriate horizontal padding (px-4)', () => {
    >  97 |       const { container } = render(<LoginPageClient />);
          |                                   ^
       98 |
       99 |       const mainContainer = container.querySelector('.min-h-screen');
      100 |       expect(mainContainer).toHaveClass('px-4');

      at VirtualConsole.<anonymous> (node_modules/@jest/environment-jsdom-abstract/build/index.js:87:23)
      at reportException (node_modules/jsdom/lib/jsdom/living/helpers/runtime-script-errors.js:70:28)
      at innerInvokeEventListeners (node_modules/jsdom/lib/jsdom/living/events/EventTarget-impl.js:353:9)
      at invokeEventListeners (node_modules/jsdom/lib/jsdom/living/events/EventTarget-impl.js:286:3)
      at HTMLUnknownElementImpl._dispatch (node_modules/jsdom/lib/jsdom/living/events/EventTarget-impl.js:233:9)
      at HTMLUnknownElementImpl.dispatchEvent (node_modules/jsdom/lib/jsdom/living/events/EventTarget-impl.js:104:17)
      at HTMLUnknownElement.dispatchEvent (node_modules/jsdom/lib/jsdom/living/generated/EventTarget.js:241:34)
      at Object.invokeGuardedCallbackDev (node_modules/react-dom/cjs/react-dom.development.js:4213:16)
      at invokeGuardedCallback (node_modules/react-dom/cjs/react-dom.development.js:4277:31)
      at beginWork$1 (node_modules/react-dom/cjs/react-dom.development.js:27490:7)
      at performUnitOfWork (node_modules/react-dom/cjs/react-dom.development.js:26599:12)
      at workLoopSync (node_modules/react-dom/cjs/react-dom.development.js:26505:5)
      at renderRootSync (node_modules/react-dom/cjs/react-dom.development.js:26473:7)
      at performConcurrentWorkOnRoot (node_modules/react-dom/cjs/react-dom.development.js:25777:74)
      at flushActQueue (node_modules/react/cjs/react.development.js:2667:24)
      at act (node_modules/react/cjs/react.development.js:2582:11)
      at node_modules/@testing-library/react/dist/act-compat.js:46:25
      at renderRoot (node_modules/@testing-library/react/dist/pure.js:189:26)
      at render (node_modules/@testing-library/react/dist/pure.js:291:10)
      at Object.<anonymous> (src/app/login/responsive-layout.test.tsx:97:35)

    console.error
      Error: Uncaught [TypeError: Cannot read properties of undefined (reading 'state')]
          at reportException (/Users/ryan/Library/Mobile Documents/com~apple~CloudDocs/Documents/VSCode/Tax-App-Frontend/node_modules/jsdom/lib/jsdom/living/helpers/runtime-script-errors.js:66:24)
          at innerInvokeEventListeners (/Users/ryan/Library/Mobile Documents/com~apple~CloudDocs/Documents/VSCode/Tax-App-Frontend/node_modules/jsdom/lib/jsdom/living/events/EventTarget-impl.js:353:9)
          at invokeEventListeners (/Users/ryan/Library/Mobile Documents/com~apple~CloudDocs/Documents/VSCode/Tax-App-Frontend/node_modules/jsdom/lib/jsdom/living/events/EventTarget-impl.js:286:3)
          at HTMLUnknownElementImpl._dispatch (/Users/ryan/Library/Mobile Documents/com~apple~CloudDocs/Documents/VSCode/Tax-App-Frontend/node_modules/jsdom/lib/jsdom/living/events/EventTarget-impl.js:233:9)
          at HTMLUnknownElementImpl.dispatchEvent (/Users/ryan/Library/Mobile Documents/com~apple~CloudDocs/Documents/VSCode/Tax-App-Frontend/node_modules/jsdom/lib/jsdom/living/events/EventTarget-impl.js:104:17)
          at HTMLUnknownElement.dispatchEvent (/Users/ryan/Library/Mobile Documents/com~apple~CloudDocs/Documents/VSCode/Tax-App-Frontend/node_modules/jsdom/lib/jsdom/living/generated/EventTarget.js:241:34)
          at Object.invokeGuardedCallbackDev (/Users/ryan/Library/Mobile Documents/com~apple~CloudDocs/Documents/VSCode/Tax-App-Frontend/node_modules/react-dom/cjs/react-dom.development.js:4213:16)
          at invokeGuardedCallback (/Users/ryan/Library/Mobile Documents/com~apple~CloudDocs/Documents/VSCode/Tax-App-Frontend/node_modules/react-dom/cjs/react-dom.development.js:4277:31)
          at beginWork$1 (/Users/ryan/Library/Mobile Documents/com~apple~CloudDocs/Documents/VSCode/Tax-App-Frontend/node_modules/react-dom/cjs/react-dom.development.js:27490:7)
          at performUnitOfWork (/Users/ryan/Library/Mobile Documents/com~apple~CloudDocs/Documents/VSCode/Tax-App-Frontend/node_modules/react-dom/cjs/react-dom.development.js:26599:12)
          at workLoopSync (/Users/ryan/Library/Mobile Documents/com~apple~CloudDocs/Documents/VSCode/Tax-App-Frontend/node_modules/react-dom/cjs/react-dom.development.js:26505:5)
          at renderRootSync (/Users/ryan/Library/Mobile Documents/com~apple~CloudDocs/Documents/VSCode/Tax-App-Frontend/node_modules/react-dom/cjs/react-dom.development.js:26473:7)
          at recoverFromConcurrentError (/Users/ryan/Library/Mobile Documents/com~apple~CloudDocs/Documents/VSCode/Tax-App-Frontend/node_modules/react-dom/cjs/react-dom.development.js:25889:20)
          at performConcurrentWorkOnRoot (/Users/ryan/Library/Mobile Documents/com~apple~CloudDocs/Documents/VSCode/Tax-App-Frontend/node_modules/react-dom/cjs/react-dom.development.js:25789:22)
          at flushActQueue (/Users/ryan/Library/Mobile Documents/com~apple~CloudDocs/Documents/VSCode/Tax-App-Frontend/node_modules/react/cjs/react.development.js:2667:24)
          at act (/Users/ryan/Library/Mobile Documents/com~apple~CloudDocs/Documents/VSCode/Tax-App-Frontend/node_modules/react/cjs/react.development.js:2582:11)
          at /Users/ryan/Library/Mobile Documents/com~apple~CloudDocs/Documents/VSCode/Tax-App-Frontend/node_modules/@testing-library/react/dist/act-compat.js:46:25
          at renderRoot (/Users/ryan/Library/Mobile Documents/com~apple~CloudDocs/Documents/VSCode/Tax-App-Frontend/node_modules/@testing-library/react/dist/pure.js:189:26)
          at render (/Users/ryan/Library/Mobile Documents/com~apple~CloudDocs/Documents/VSCode/Tax-App-Frontend/node_modules/@testing-library/react/dist/pure.js:291:10)
          at Object.<anonymous> (/Users/ryan/Library/Mobile Documents/com~apple~CloudDocs/Documents/VSCode/Tax-App-Frontend/src/app/login/responsive-layout.test.tsx:97:35)
          at Promise.finally.completed (/Users/ryan/Library/Mobile Documents/com~apple~CloudDocs/Documents/VSCode/Tax-App-Frontend/node_modules/jest-circus/build/jestAdapterInit.js:1557:28)
          at new Promise (<anonymous>)
          at callAsyncCircusFn (/Users/ryan/Library/Mobile Documents/com~apple~CloudDocs/Documents/VSCode/Tax-App-Frontend/node_modules/jest-circus/build/jestAdapterInit.js:1497:10)
          at _callCircusTest (/Users/ryan/Library/Mobile Documents/com~apple~CloudDocs/Documents/VSCode/Tax-App-Frontend/node_modules/jest-circus/build/jestAdapterInit.js:1007:40)
          at processTicksAndRejections (node:internal/process/task_queues:95:5)
          at _runTest (/Users/ryan/Library/Mobile Documents/com~apple~CloudDocs/Documents/VSCode/Tax-App-Frontend/node_modules/jest-circus/build/jestAdapterInit.js:947:3)
          at /Users/ryan/Library/Mobile Documents/com~apple~CloudDocs/Documents/VSCode/Tax-App-Frontend/node_modules/jest-circus/build/jestAdapterInit.js:849:7
          at _runTestsForDescribeBlock (/Users/ryan/Library/Mobile Documents/com~apple~CloudDocs/Documents/VSCode/Tax-App-Frontend/node_modules/jest-circus/build/jestAdapterInit.js:862:11)
          at _runTestsForDescribeBlock (/Users/ryan/Library/Mobile Documents/com~apple~CloudDocs/Documents/VSCode/Tax-App-Frontend/node_modules/jest-circus/build/jestAdapterInit.js:857:11)
          at _runTestsForDescribeBlock (/Users/ryan/Library/Mobile Documents/com~apple~CloudDocs/Documents/VSCode/Tax-App-Frontend/node_modules/jest-circus/build/jestAdapterInit.js:857:11)
          at run (/Users/ryan/Library/Mobile Documents/com~apple~CloudDocs/Documents/VSCode/Tax-App-Frontend/node_modules/jest-circus/build/jestAdapterInit.js:761:3)
          at runAndTransformResultsToJestFormat (/Users/ryan/Library/Mobile Documents/com~apple~CloudDocs/Documents/VSCode/Tax-App-Frontend/node_modules/jest-circus/build/jestAdapterInit.js:1918:21)
          at jestAdapter (/Users/ryan/Library/Mobile Documents/com~apple~CloudDocs/Documents/VSCode/Tax-App-Frontend/node_modules/jest-circus/build/runner.js:101:19)
          at runTestInternal (/Users/ryan/Library/Mobile Documents/com~apple~CloudDocs/Documents/VSCode/Tax-App-Frontend/node_modules/jest-runner/build/testWorker.js:275:16)
          at runTest (/Users/ryan/Library/Mobile Documents/com~apple~CloudDocs/Documents/VSCode/Tax-App-Frontend/node_modules/jest-runner/build/testWorker.js:343:7)
          at Object.worker (/Users/ryan/Library/Mobile Documents/com~apple~CloudDocs/Documents/VSCode/Tax-App-Frontend/node_modules/jest-runner/build/testWorker.js:497:12) {
        detail: TypeError: Cannot read properties of undefined (reading 'state')
            at state (/Users/ryan/Library/Mobile Documents/com~apple~CloudDocs/Documents/VSCode/Tax-App-Frontend/src/components/LoginForm.tsx:93:15)
            at renderWithHooks (/Users/ryan/Library/Mobile Documents/com~apple~CloudDocs/Documents/VSCode/Tax-App-Frontend/node_modules/react-dom/cjs/react-dom.development.js:15486:18)
            at mountIndeterminateComponent (/Users/ryan/Library/Mobile Documents/com~apple~CloudDocs/Documents/VSCode/Tax-App-Frontend/node_modules/react-dom/cjs/react-dom.development.js:20103:13)
            at beginWork (/Users/ryan/Library/Mobile Documents/com~apple~CloudDocs/Documents/VSCode/Tax-App-Frontend/node_modules/react-dom/cjs/react-dom.development.js:21626:16)
            at HTMLUnknownElement.callCallback (/Users/ryan/Library/Mobile Documents/com~apple~CloudDocs/Documents/VSCode/Tax-App-Frontend/node_modules/react-dom/cjs/react-dom.development.js:4164:14)
            at HTMLUnknownElement.callTheUserObjectsOperation (/Users/ryan/Library/Mobile Documents/com~apple~CloudDocs/Documents/VSCode/Tax-App-Frontend/node_modules/jsdom/lib/jsdom/living/generated/EventListener.js:26:30)
            at innerInvokeEventListeners (/Users/ryan/Library/Mobile Documents/com~apple~CloudDocs/Documents/VSCode/Tax-App-Frontend/node_modules/jsdom/lib/jsdom/living/events/EventTarget-impl.js:350:25)
            at invokeEventListeners (/Users/ryan/Library/Mobile Documents/com~apple~CloudDocs/Documents/VSCode/Tax-App-Frontend/node_modules/jsdom/lib/jsdom/living/events/EventTarget-impl.js:286:3)
            at HTMLUnknownElementImpl._dispatch (/Users/ryan/Library/Mobile Documents/com~apple~CloudDocs/Documents/VSCode/Tax-App-Frontend/node_modules/jsdom/lib/jsdom/living/events/EventTarget-impl.js:233:9)
            at HTMLUnknownElementImpl.dispatchEvent (/Users/ryan/Library/Mobile Documents/com~apple~CloudDocs/Documents/VSCode/Tax-App-Frontend/node_modules/jsdom/lib/jsdom/living/events/EventTarget-impl.js:104:17)
            at HTMLUnknownElement.dispatchEvent (/Users/ryan/Library/Mobile Documents/com~apple~CloudDocs/Documents/VSCode/Tax-App-Frontend/node_modules/jsdom/lib/jsdom/living/generated/EventTarget.js:241:34)
            at Object.invokeGuardedCallbackDev (/Users/ryan/Library/Mobile Documents/com~apple~CloudDocs/Documents/VSCode/Tax-App-Frontend/node_modules/react-dom/cjs/react-dom.development.js:4213:16)
            at invokeGuardedCallback (/Users/ryan/Library/Mobile Documents/com~apple~CloudDocs/Documents/VSCode/Tax-App-Frontend/node_modules/react-dom/cjs/react-dom.development.js:4277:31)
            at beginWork$1 (/Users/ryan/Library/Mobile Documents/com~apple~CloudDocs/Documents/VSCode/Tax-App-Frontend/node_modules/react-dom/cjs/react-dom.development.js:27490:7)
            at performUnitOfWork (/Users/ryan/Library/Mobile Documents/com~apple~CloudDocs/Documents/VSCode/Tax-App-Frontend/node_modules/react-dom/cjs/react-dom.development.js:26599:12)
            at workLoopSync (/Users/ryan/Library/Mobile Documents/com~apple~CloudDocs/Documents/VSCode/Tax-App-Frontend/node_modules/react-dom/cjs/react-dom.development.js:26505:5)
            at renderRootSync (/Users/ryan/Library/Mobile Documents/com~apple~CloudDocs/Documents/VSCode/Tax-App-Frontend/node_modules/react-dom/cjs/react-dom.development.js:26473:7)
            at recoverFromConcurrentError (/Users/ryan/Library/Mobile Documents/com~apple~CloudDocs/Documents/VSCode/Tax-App-Frontend/node_modules/react-dom/cjs/react-dom.development.js:25889:20)
            at performConcurrentWorkOnRoot (/Users/ryan/Library/Mobile Documents/com~apple~CloudDocs/Documents/VSCode/Tax-App-Frontend/node_modules/react-dom/cjs/react-dom.development.js:25789:22)
            at flushActQueue (/Users/ryan/Library/Mobile Documents/com~apple~CloudDocs/Documents/VSCode/Tax-App-Frontend/node_modules/react/cjs/react.development.js:2667:24)
            at act (/Users/ryan/Library/Mobile Documents/com~apple~CloudDocs/Documents/VSCode/Tax-App-Frontend/node_modules/react/cjs/react.development.js:2582:11)
            at /Users/ryan/Library/Mobile Documents/com~apple~CloudDocs/Documents/VSCode/Tax-App-Frontend/node_modules/@testing-library/react/dist/act-compat.js:46:25
            at renderRoot (/Users/ryan/Library/Mobile Documents/com~apple~CloudDocs/Documents/VSCode/Tax-App-Frontend/node_modules/@testing-library/react/dist/pure.js:189:26)
            at render (/Users/ryan/Library/Mobile Documents/com~apple~CloudDocs/Documents/VSCode/Tax-App-Frontend/node_modules/@testing-library/react/dist/pure.js:291:10)
            at Object.<anonymous> (/Users/ryan/Library/Mobile Documents/com~apple~CloudDocs/Documents/VSCode/Tax-App-Frontend/src/app/login/responsive-layout.test.tsx:97:35)
            at Promise.finally.completed (/Users/ryan/Library/Mobile Documents/com~apple~CloudDocs/Documents/VSCode/Tax-App-Frontend/node_modules/jest-circus/build/jestAdapterInit.js:1557:28)
            at new Promise (<anonymous>)
            at callAsyncCircusFn (/Users/ryan/Library/Mobile Documents/com~apple~CloudDocs/Documents/VSCode/Tax-App-Frontend/node_modules/jest-circus/build/jestAdapterInit.js:1497:10)
            at _callCircusTest (/Users/ryan/Library/Mobile Documents/com~apple~CloudDocs/Documents/VSCode/Tax-App-Frontend/node_modules/jest-circus/build/jestAdapterInit.js:1007:40)
            at processTicksAndRejections (node:internal/process/task_queues:95:5)
            at _runTest (/Users/ryan/Library/Mobile Documents/com~apple~CloudDocs/Documents/VSCode/Tax-App-Frontend/node_modules/jest-circus/build/jestAdapterInit.js:947:3)
            at /Users/ryan/Library/Mobile Documents/com~apple~CloudDocs/Documents/VSCode/Tax-App-Frontend/node_modules/jest-circus/build/jestAdapterInit.js:849:7
            at _runTestsForDescribeBlock (/Users/ryan/Library/Mobile Documents/com~apple~CloudDocs/Documents/VSCode/Tax-App-Frontend/node_modules/jest-circus/build/jestAdapterInit.js:862:11)
            at _runTestsForDescribeBlock (/Users/ryan/Library/Mobile Documents/com~apple~CloudDocs/Documents/VSCode/Tax-App-Frontend/node_modules/jest-circus/build/jestAdapterInit.js:857:11)
            at _runTestsForDescribeBlock (/Users/ryan/Library/Mobile Documents/com~apple~CloudDocs/Documents/VSCode/Tax-App-Frontend/node_modules/jest-circus/build/jestAdapterInit.js:857:11)
            at run (/Users/ryan/Library/Mobile Documents/com~apple~CloudDocs/Documents/VSCode/Tax-App-Frontend/node_modules/jest-circus/build/jestAdapterInit.js:761:3)
            at runAndTransformResultsToJestFormat (/Users/ryan/Library/Mobile Documents/com~apple~CloudDocs/Documents/VSCode/Tax-App-Frontend/node_modules/jest-circus/build/jestAdapterInit.js:1918:21)
            at jestAdapter (/Users/ryan/Library/Mobile Documents/com~apple~CloudDocs/Documents/VSCode/Tax-App-Frontend/node_modules/jest-circus/build/runner.js:101:19)
            at runTestInternal (/Users/ryan/Library/Mobile Documents/com~apple~CloudDocs/Documents/VSCode/Tax-App-Frontend/node_modules/jest-runner/build/testWorker.js:275:16)
            at runTest (/Users/ryan/Library/Mobile Documents/com~apple~CloudDocs/Documents/VSCode/Tax-App-Frontend/node_modules/jest-runner/build/testWorker.js:343:7)
            at Object.worker (/Users/ryan/Library/Mobile Documents/com~apple~CloudDocs/Documents/VSCode/Tax-App-Frontend/node_modules/jest-runner/build/testWorker.js:497:12),
        type: 'unhandled exception'
      }

       95 |
       96 |     test('should have mobile-appropriate horizontal padding (px-4)', () => {
    >  97 |       const { container } = render(<LoginPageClient />);
          |                                   ^
       98 |
       99 |       const mainContainer = container.querySelector('.min-h-screen');
      100 |       expect(mainContainer).toHaveClass('px-4');

      at VirtualConsole.<anonymous> (node_modules/@jest/environment-jsdom-abstract/build/index.js:87:23)
      at reportException (node_modules/jsdom/lib/jsdom/living/helpers/runtime-script-errors.js:70:28)
      at innerInvokeEventListeners (node_modules/jsdom/lib/jsdom/living/events/EventTarget-impl.js:353:9)
      at invokeEventListeners (node_modules/jsdom/lib/jsdom/living/events/EventTarget-impl.js:286:3)
      at HTMLUnknownElementImpl._dispatch (node_modules/jsdom/lib/jsdom/living/events/EventTarget-impl.js:233:9)
      at HTMLUnknownElementImpl.dispatchEvent (node_modules/jsdom/lib/jsdom/living/events/EventTarget-impl.js:104:17)
      at HTMLUnknownElement.dispatchEvent (node_modules/jsdom/lib/jsdom/living/generated/EventTarget.js:241:34)
      at Object.invokeGuardedCallbackDev (node_modules/react-dom/cjs/react-dom.development.js:4213:16)
      at invokeGuardedCallback (node_modules/react-dom/cjs/react-dom.development.js:4277:31)
      at beginWork$1 (node_modules/react-dom/cjs/react-dom.development.js:27490:7)
      at performUnitOfWork (node_modules/react-dom/cjs/react-dom.development.js:26599:12)
      at workLoopSync (node_modules/react-dom/cjs/react-dom.development.js:26505:5)
      at renderRootSync (node_modules/react-dom/cjs/react-dom.development.js:26473:7)
      at recoverFromConcurrentError (node_modules/react-dom/cjs/react-dom.development.js:25889:20)
      at performConcurrentWorkOnRoot (node_modules/react-dom/cjs/react-dom.development.js:25789:22)
      at flushActQueue (node_modules/react/cjs/react.development.js:2667:24)
      at act (node_modules/react/cjs/react.development.js:2582:11)
      at node_modules/@testing-library/react/dist/act-compat.js:46:25
      at renderRoot (node_modules/@testing-library/react/dist/pure.js:189:26)
      at render (node_modules/@testing-library/react/dist/pure.js:291:10)
      at Object.<anonymous> (src/app/login/responsive-layout.test.tsx:97:35)

    console.error
      The above error occurred in the <LoginForm> component:
      
          at className (/Users/ryan/Library/Mobile Documents/com~apple~CloudDocs/Documents/VSCode/Tax-App-Frontend/src/components/LoginForm.tsx:45:29)
          at div
          at children (/Users/ryan/Library/Mobile Documents/com~apple~CloudDocs/Documents/VSCode/Tax-App-Frontend/src/app/login/responsive-layout.test.tsx:62:19)
          at div
          at children (/Users/ryan/Library/Mobile Documents/com~apple~CloudDocs/Documents/VSCode/Tax-App-Frontend/src/app/login/responsive-layout.test.tsx:52:12)
          at div
          at div
          at div
          at children (/Users/ryan/Library/Mobile Documents/com~apple~CloudDocs/Documents/VSCode/Tax-App-Frontend/src/app/login/responsive-layout.test.tsx:47:21)
          at callbackUrl (/Users/ryan/Library/Mobile Documents/com~apple~CloudDocs/Documents/VSCode/Tax-App-Frontend/src/app/login/LoginPageClient.tsx:49:43)
      
      Consider adding an error boundary to your tree to customize error handling behavior.
      Visit https://reactjs.org/link/error-boundaries to learn more about error boundaries.

       95 |
       96 |     test('should have mobile-appropriate horizontal padding (px-4)', () => {
    >  97 |       const { container } = render(<LoginPageClient />);
          |                                   ^
       98 |
       99 |       const mainContainer = container.querySelector('.min-h-screen');
      100 |       expect(mainContainer).toHaveClass('px-4');

      at logCapturedError (node_modules/react-dom/cjs/react-dom.development.js:18704:23)
      at update.callback (node_modules/react-dom/cjs/react-dom.development.js:18737:5)
      at callCallback (node_modules/react-dom/cjs/react-dom.development.js:15036:12)
      at commitUpdateQueue (node_modules/react-dom/cjs/react-dom.development.js:15057:9)
      at commitLayoutEffectOnFiber (node_modules/react-dom/cjs/react-dom.development.js:23430:13)
      at commitLayoutMountEffects_complete (node_modules/react-dom/cjs/react-dom.development.js:24727:9)
      at commitLayoutEffects_begin (node_modules/react-dom/cjs/react-dom.development.js:24713:7)
      at commitLayoutEffects (node_modules/react-dom/cjs/react-dom.development.js:24651:3)
      at commitRootImpl (node_modules/react-dom/cjs/react-dom.development.js:26862:5)
      at commitRoot (node_modules/react-dom/cjs/react-dom.development.js:26721:5)
      at finishConcurrentRender (node_modules/react-dom/cjs/react-dom.development.js:25931:9)
      at performConcurrentWorkOnRoot (node_modules/react-dom/cjs/react-dom.development.js:25848:7)
      at flushActQueue (node_modules/react/cjs/react.development.js:2667:24)
      at act (node_modules/react/cjs/react.development.js:2582:11)
      at node_modules/@testing-library/react/dist/act-compat.js:46:25
      at renderRoot (node_modules/@testing-library/react/dist/pure.js:189:26)
      at render (node_modules/@testing-library/react/dist/pure.js:291:10)
      at Object.<anonymous> (src/app/login/responsive-layout.test.tsx:97:35)

    console.error
      Error: Uncaught [TypeError: Cannot read properties of undefined (reading 'state')]
          at reportException (/Users/ryan/Library/Mobile Documents/com~apple~CloudDocs/Documents/VSCode/Tax-App-Frontend/node_modules/jsdom/lib/jsdom/living/helpers/runtime-script-errors.js:66:24)
          at innerInvokeEventListeners (/Users/ryan/Library/Mobile Documents/com~apple~CloudDocs/Documents/VSCode/Tax-App-Frontend/node_modules/jsdom/lib/jsdom/living/events/EventTarget-impl.js:353:9)
          at invokeEventListeners (/Users/ryan/Library/Mobile Documents/com~apple~CloudDocs/Documents/VSCode/Tax-App-Frontend/node_modules/jsdom/lib/jsdom/living/events/EventTarget-impl.js:286:3)
          at HTMLUnknownElementImpl._dispatch (/Users/ryan/Library/Mobile Documents/com~apple~CloudDocs/Documents/VSCode/Tax-App-Frontend/node_modules/jsdom/lib/jsdom/living/events/EventTarget-impl.js:233:9)
          at HTMLUnknownElementImpl.dispatchEvent (/Users/ryan/Library/Mobile Documents/com~apple~CloudDocs/Documents/VSCode/Tax-App-Frontend/node_modules/jsdom/lib/jsdom/living/events/EventTarget-impl.js:104:17)
          at HTMLUnknownElement.dispatchEvent (/Users/ryan/Library/Mobile Documents/com~apple~CloudDocs/Documents/VSCode/Tax-App-Frontend/node_modules/jsdom/lib/jsdom/living/generated/EventTarget.js:241:34)
          at Object.invokeGuardedCallbackDev (/Users/ryan/Library/Mobile Documents/com~apple~CloudDocs/Documents/VSCode/Tax-App-Frontend/node_modules/react-dom/cjs/react-dom.development.js:4213:16)
          at invokeGuardedCallback (/Users/ryan/Library/Mobile Documents/com~apple~CloudDocs/Documents/VSCode/Tax-App-Frontend/node_modules/react-dom/cjs/react-dom.development.js:4277:31)
          at beginWork$1 (/Users/ryan/Library/Mobile Documents/com~apple~CloudDocs/Documents/VSCode/Tax-App-Frontend/node_modules/react-dom/cjs/react-dom.development.js:27490:7)
          at performUnitOfWork (/Users/ryan/Library/Mobile Documents/com~apple~CloudDocs/Documents/VSCode/Tax-App-Frontend/node_modules/react-dom/cjs/react-dom.development.js:26599:12)
          at workLoopSync (/Users/ryan/Library/Mobile Documents/com~apple~CloudDocs/Documents/VSCode/Tax-App-Frontend/node_modules/react-dom/cjs/react-dom.development.js:26505:5)
          at renderRootSync (/Users/ryan/Library/Mobile Documents/com~apple~CloudDocs/Documents/VSCode/Tax-App-Frontend/node_modules/react-dom/cjs/react-dom.development.js:26473:7)
          at performConcurrentWorkOnRoot (/Users/ryan/Library/Mobile Documents/com~apple~CloudDocs/Documents/VSCode/Tax-App-Frontend/node_modules/react-dom/cjs/react-dom.development.js:25777:74)
          at flushActQueue (/Users/ryan/Library/Mobile Documents/com~apple~CloudDocs/Documents/VSCode/Tax-App-Frontend/node_modules/react/cjs/react.development.js:2667:24)
          at act (/Users/ryan/Library/Mobile Documents/com~apple~CloudDocs/Documents/VSCode/Tax-App-Frontend/node_modules/react/cjs/react.development.js:2582:11)
          at /Users/ryan/Library/Mobile Documents/com~apple~CloudDocs/Documents/VSCode/Tax-App-Frontend/node_modules/@testing-library/react/dist/act-compat.js:46:25
          at renderRoot (/Users/ryan/Library/Mobile Documents/com~apple~CloudDocs/Documents/VSCode/Tax-App-Frontend/node_modules/@testing-library/react/dist/pure.js:189:26)
          at render (/Users/ryan/Library/Mobile Documents/com~apple~CloudDocs/Documents/VSCode/Tax-App-Frontend/node_modules/@testing-library/react/dist/pure.js:291:10)
          at Object.<anonymous> (/Users/ryan/Library/Mobile Documents/com~apple~CloudDocs/Documents/VSCode/Tax-App-Frontend/src/app/login/responsive-layout.test.tsx:104:35)
          at Promise.finally.completed (/Users/ryan/Library/Mobile Documents/com~apple~CloudDocs/Documents/VSCode/Tax-App-Frontend/node_modules/jest-circus/build/jestAdapterInit.js:1557:28)
          at new Promise (<anonymous>)
          at callAsyncCircusFn (/Users/ryan/Library/Mobile Documents/com~apple~CloudDocs/Documents/VSCode/Tax-App-Frontend/node_modules/jest-circus/build/jestAdapterInit.js:1497:10)
          at _callCircusTest (/Users/ryan/Library/Mobile Documents/com~apple~CloudDocs/Documents/VSCode/Tax-App-Frontend/node_modules/jest-circus/build/jestAdapterInit.js:1007:40)
          at processTicksAndRejections (node:internal/process/task_queues:95:5)
          at _runTest (/Users/ryan/Library/Mobile Documents/com~apple~CloudDocs/Documents/VSCode/Tax-App-Frontend/node_modules/jest-circus/build/jestAdapterInit.js:947:3)
          at /Users/ryan/Library/Mobile Documents/com~apple~CloudDocs/Documents/VSCode/Tax-App-Frontend/node_modules/jest-circus/build/jestAdapterInit.js:849:7
          at _runTestsForDescribeBlock (/Users/ryan/Library/Mobile Documents/com~apple~CloudDocs/Documents/VSCode/Tax-App-Frontend/node_modules/jest-circus/build/jestAdapterInit.js:862:11)
          at _runTestsForDescribeBlock (/Users/ryan/Library/Mobile Documents/com~apple~CloudDocs/Documents/VSCode/Tax-App-Frontend/node_modules/jest-circus/build/jestAdapterInit.js:857:11)
          at _runTestsForDescribeBlock (/Users/ryan/Library/Mobile Documents/com~apple~CloudDocs/Documents/VSCode/Tax-App-Frontend/node_modules/jest-circus/build/jestAdapterInit.js:857:11)
          at run (/Users/ryan/Library/Mobile Documents/com~apple~CloudDocs/Documents/VSCode/Tax-App-Frontend/node_modules/jest-circus/build/jestAdapterInit.js:761:3)
          at runAndTransformResultsToJestFormat (/Users/ryan/Library/Mobile Documents/com~apple~CloudDocs/Documents/VSCode/Tax-App-Frontend/node_modules/jest-circus/build/jestAdapterInit.js:1918:21)
          at jestAdapter (/Users/ryan/Library/Mobile Documents/com~apple~CloudDocs/Documents/VSCode/Tax-App-Frontend/node_modules/jest-circus/build/runner.js:101:19)
          at runTestInternal (/Users/ryan/Library/Mobile Documents/com~apple~CloudDocs/Documents/VSCode/Tax-App-Frontend/node_modules/jest-runner/build/testWorker.js:275:16)
          at runTest (/Users/ryan/Library/Mobile Documents/com~apple~CloudDocs/Documents/VSCode/Tax-App-Frontend/node_modules/jest-runner/build/testWorker.js:343:7)
          at Object.worker (/Users/ryan/Library/Mobile Documents/com~apple~CloudDocs/Documents/VSCode/Tax-App-Frontend/node_modules/jest-runner/build/testWorker.js:497:12) {
        detail: TypeError: Cannot read properties of undefined (reading 'state')
            at state (/Users/ryan/Library/Mobile Documents/com~apple~CloudDocs/Documents/VSCode/Tax-App-Frontend/src/components/LoginForm.tsx:93:15)
            at renderWithHooks (/Users/ryan/Library/Mobile Documents/com~apple~CloudDocs/Documents/VSCode/Tax-App-Frontend/node_modules/react-dom/cjs/react-dom.development.js:15486:18)
            at mountIndeterminateComponent (/Users/ryan/Library/Mobile Documents/com~apple~CloudDocs/Documents/VSCode/Tax-App-Frontend/node_modules/react-dom/cjs/react-dom.development.js:20103:13)
            at beginWork (/Users/ryan/Library/Mobile Documents/com~apple~CloudDocs/Documents/VSCode/Tax-App-Frontend/node_modules/react-dom/cjs/react-dom.development.js:21626:16)
            at HTMLUnknownElement.callCallback (/Users/ryan/Library/Mobile Documents/com~apple~CloudDocs/Documents/VSCode/Tax-App-Frontend/node_modules/react-dom/cjs/react-dom.development.js:4164:14)
            at HTMLUnknownElement.callTheUserObjectsOperation (/Users/ryan/Library/Mobile Documents/com~apple~CloudDocs/Documents/VSCode/Tax-App-Frontend/node_modules/jsdom/lib/jsdom/living/generated/EventListener.js:26:30)
            at innerInvokeEventListeners (/Users/ryan/Library/Mobile Documents/com~apple~CloudDocs/Documents/VSCode/Tax-App-Frontend/node_modules/jsdom/lib/jsdom/living/events/EventTarget-impl.js:350:25)
            at invokeEventListeners (/Users/ryan/Library/Mobile Documents/com~apple~CloudDocs/Documents/VSCode/Tax-App-Frontend/node_modules/jsdom/lib/jsdom/living/events/EventTarget-impl.js:286:3)
            at HTMLUnknownElementImpl._dispatch (/Users/ryan/Library/Mobile Documents/com~apple~CloudDocs/Documents/VSCode/Tax-App-Frontend/node_modules/jsdom/lib/jsdom/living/events/EventTarget-impl.js:233:9)
            at HTMLUnknownElementImpl.dispatchEvent (/Users/ryan/Library/Mobile Documents/com~apple~CloudDocs/Documents/VSCode/Tax-App-Frontend/node_modules/jsdom/lib/jsdom/living/events/EventTarget-impl.js:104:17)
            at HTMLUnknownElement.dispatchEvent (/Users/ryan/Library/Mobile Documents/com~apple~CloudDocs/Documents/VSCode/Tax-App-Frontend/node_modules/jsdom/lib/jsdom/living/generated/EventTarget.js:241:34)
            at Object.invokeGuardedCallbackDev (/Users/ryan/Library/Mobile Documents/com~apple~CloudDocs/Documents/VSCode/Tax-App-Frontend/node_modules/react-dom/cjs/react-dom.development.js:4213:16)
            at invokeGuardedCallback (/Users/ryan/Library/Mobile Documents/com~apple~CloudDocs/Documents/VSCode/Tax-App-Frontend/node_modules/react-dom/cjs/react-dom.development.js:4277:31)
            at beginWork$1 (/Users/ryan/Library/Mobile Documents/com~apple~CloudDocs/Documents/VSCode/Tax-App-Frontend/node_modules/react-dom/cjs/react-dom.development.js:27490:7)
            at performUnitOfWork (/Users/ryan/Library/Mobile Documents/com~apple~CloudDocs/Documents/VSCode/Tax-App-Frontend/node_modules/react-dom/cjs/react-dom.development.js:26599:12)
            at workLoopSync (/Users/ryan/Library/Mobile Documents/com~apple~CloudDocs/Documents/VSCode/Tax-App-Frontend/node_modules/react-dom/cjs/react-dom.development.js:26505:5)
            at renderRootSync (/Users/ryan/Library/Mobile Documents/com~apple~CloudDocs/Documents/VSCode/Tax-App-Frontend/node_modules/react-dom/cjs/react-dom.development.js:26473:7)
            at performConcurrentWorkOnRoot (/Users/ryan/Library/Mobile Documents/com~apple~CloudDocs/Documents/VSCode/Tax-App-Frontend/node_modules/react-dom/cjs/react-dom.development.js:25777:74)
            at flushActQueue (/Users/ryan/Library/Mobile Documents/com~apple~CloudDocs/Documents/VSCode/Tax-App-Frontend/node_modules/react/cjs/react.development.js:2667:24)
            at act (/Users/ryan/Library/Mobile Documents/com~apple~CloudDocs/Documents/VSCode/Tax-App-Frontend/node_modules/react/cjs/react.development.js:2582:11)
            at /Users/ryan/Library/Mobile Documents/com~apple~CloudDocs/Documents/VSCode/Tax-App-Frontend/node_modules/@testing-library/react/dist/act-compat.js:46:25
            at renderRoot (/Users/ryan/Library/Mobile Documents/com~apple~CloudDocs/Documents/VSCode/Tax-App-Frontend/node_modules/@testing-library/react/dist/pure.js:189:26)
            at render (/Users/ryan/Library/Mobile Documents/com~apple~CloudDocs/Documents/VSCode/Tax-App-Frontend/node_modules/@testing-library/react/dist/pure.js:291:10)
            at Object.<anonymous> (/Users/ryan/Library/Mobile Documents/com~apple~CloudDocs/Documents/VSCode/Tax-App-Frontend/src/app/login/responsive-layout.test.tsx:104:35)
            at Promise.finally.completed (/Users/ryan/Library/Mobile Documents/com~apple~CloudDocs/Documents/VSCode/Tax-App-Frontend/node_modules/jest-circus/build/jestAdapterInit.js:1557:28)
            at new Promise (<anonymous>)
            at callAsyncCircusFn (/Users/ryan/Library/Mobile Documents/com~apple~CloudDocs/Documents/VSCode/Tax-App-Frontend/node_modules/jest-circus/build/jestAdapterInit.js:1497:10)
            at _callCircusTest (/Users/ryan/Library/Mobile Documents/com~apple~CloudDocs/Documents/VSCode/Tax-App-Frontend/node_modules/jest-circus/build/jestAdapterInit.js:1007:40)
            at processTicksAndRejections (node:internal/process/task_queues:95:5)
            at _runTest (/Users/ryan/Library/Mobile Documents/com~apple~CloudDocs/Documents/VSCode/Tax-App-Frontend/node_modules/jest-circus/build/jestAdapterInit.js:947:3)
            at /Users/ryan/Library/Mobile Documents/com~apple~CloudDocs/Documents/VSCode/Tax-App-Frontend/node_modules/jest-circus/build/jestAdapterInit.js:849:7
            at _runTestsForDescribeBlock (/Users/ryan/Library/Mobile Documents/com~apple~CloudDocs/Documents/VSCode/Tax-App-Frontend/node_modules/jest-circus/build/jestAdapterInit.js:862:11)
            at _runTestsForDescribeBlock (/Users/ryan/Library/Mobile Documents/com~apple~CloudDocs/Documents/VSCode/Tax-App-Frontend/node_modules/jest-circus/build/jestAdapterInit.js:857:11)
            at _runTestsForDescribeBlock (/Users/ryan/Library/Mobile Documents/com~apple~CloudDocs/Documents/VSCode/Tax-App-Frontend/node_modules/jest-circus/build/jestAdapterInit.js:857:11)
            at run (/Users/ryan/Library/Mobile Documents/com~apple~CloudDocs/Documents/VSCode/Tax-App-Frontend/node_modules/jest-circus/build/jestAdapterInit.js:761:3)
            at runAndTransformResultsToJestFormat (/Users/ryan/Library/Mobile Documents/com~apple~CloudDocs/Documents/VSCode/Tax-App-Frontend/node_modules/jest-circus/build/jestAdapterInit.js:1918:21)
            at jestAdapter (/Users/ryan/Library/Mobile Documents/com~apple~CloudDocs/Documents/VSCode/Tax-App-Frontend/node_modules/jest-circus/build/runner.js:101:19)
            at runTestInternal (/Users/ryan/Library/Mobile Documents/com~apple~CloudDocs/Documents/VSCode/Tax-App-Frontend/node_modules/jest-runner/build/testWorker.js:275:16)
            at runTest (/Users/ryan/Library/Mobile Documents/com~apple~CloudDocs/Documents/VSCode/Tax-App-Frontend/node_modules/jest-runner/build/testWorker.js:343:7)
            at Object.worker (/Users/ryan/Library/Mobile Documents/com~apple~CloudDocs/Documents/VSCode/Tax-App-Frontend/node_modules/jest-runner/build/testWorker.js:497:12),
        type: 'unhandled exception'
      }

      102 |
      103 |     test('should have mobile-appropriate vertical padding (py-12)', () => {
    > 104 |       const { container } = render(<LoginPageClient />);
          |                                   ^
      105 |
      106 |       const mainContainer = container.querySelector('.min-h-screen');
      107 |       expect(mainContainer).toHaveClass('py-12');

      at VirtualConsole.<anonymous> (node_modules/@jest/environment-jsdom-abstract/build/index.js:87:23)
      at reportException (node_modules/jsdom/lib/jsdom/living/helpers/runtime-script-errors.js:70:28)
      at innerInvokeEventListeners (node_modules/jsdom/lib/jsdom/living/events/EventTarget-impl.js:353:9)
      at invokeEventListeners (node_modules/jsdom/lib/jsdom/living/events/EventTarget-impl.js:286:3)
      at HTMLUnknownElementImpl._dispatch (node_modules/jsdom/lib/jsdom/living/events/EventTarget-impl.js:233:9)
      at HTMLUnknownElementImpl.dispatchEvent (node_modules/jsdom/lib/jsdom/living/events/EventTarget-impl.js:104:17)
      at HTMLUnknownElement.dispatchEvent (node_modules/jsdom/lib/jsdom/living/generated/EventTarget.js:241:34)
      at Object.invokeGuardedCallbackDev (node_modules/react-dom/cjs/react-dom.development.js:4213:16)
      at invokeGuardedCallback (node_modules/react-dom/cjs/react-dom.development.js:4277:31)
      at beginWork$1 (node_modules/react-dom/cjs/react-dom.development.js:27490:7)
      at performUnitOfWork (node_modules/react-dom/cjs/react-dom.development.js:26599:12)
      at workLoopSync (node_modules/react-dom/cjs/react-dom.development.js:26505:5)
      at renderRootSync (node_modules/react-dom/cjs/react-dom.development.js:26473:7)
      at performConcurrentWorkOnRoot (node_modules/react-dom/cjs/react-dom.development.js:25777:74)
      at flushActQueue (node_modules/react/cjs/react.development.js:2667:24)
      at act (node_modules/react/cjs/react.development.js:2582:11)
      at node_modules/@testing-library/react/dist/act-compat.js:46:25
      at renderRoot (node_modules/@testing-library/react/dist/pure.js:189:26)
      at render (node_modules/@testing-library/react/dist/pure.js:291:10)
      at Object.<anonymous> (src/app/login/responsive-layout.test.tsx:104:35)

    console.error
      Error: Uncaught [TypeError: Cannot read properties of undefined (reading 'state')]
          at reportException (/Users/ryan/Library/Mobile Documents/com~apple~CloudDocs/Documents/VSCode/Tax-App-Frontend/node_modules/jsdom/lib/jsdom/living/helpers/runtime-script-errors.js:66:24)
          at innerInvokeEventListeners (/Users/ryan/Library/Mobile Documents/com~apple~CloudDocs/Documents/VSCode/Tax-App-Frontend/node_modules/jsdom/lib/jsdom/living/events/EventTarget-impl.js:353:9)
          at invokeEventListeners (/Users/ryan/Library/Mobile Documents/com~apple~CloudDocs/Documents/VSCode/Tax-App-Frontend/node_modules/jsdom/lib/jsdom/living/events/EventTarget-impl.js:286:3)
          at HTMLUnknownElementImpl._dispatch (/Users/ryan/Library/Mobile Documents/com~apple~CloudDocs/Documents/VSCode/Tax-App-Frontend/node_modules/jsdom/lib/jsdom/living/events/EventTarget-impl.js:233:9)
          at HTMLUnknownElementImpl.dispatchEvent (/Users/ryan/Library/Mobile Documents/com~apple~CloudDocs/Documents/VSCode/Tax-App-Frontend/node_modules/jsdom/lib/jsdom/living/events/EventTarget-impl.js:104:17)
          at HTMLUnknownElement.dispatchEvent (/Users/ryan/Library/Mobile Documents/com~apple~CloudDocs/Documents/VSCode/Tax-App-Frontend/node_modules/jsdom/lib/jsdom/living/generated/EventTarget.js:241:34)
          at Object.invokeGuardedCallbackDev (/Users/ryan/Library/Mobile Documents/com~apple~CloudDocs/Documents/VSCode/Tax-App-Frontend/node_modules/react-dom/cjs/react-dom.development.js:4213:16)
          at invokeGuardedCallback (/Users/ryan/Library/Mobile Documents/com~apple~CloudDocs/Documents/VSCode/Tax-App-Frontend/node_modules/react-dom/cjs/react-dom.development.js:4277:31)
          at beginWork$1 (/Users/ryan/Library/Mobile Documents/com~apple~CloudDocs/Documents/VSCode/Tax-App-Frontend/node_modules/react-dom/cjs/react-dom.development.js:27490:7)
          at performUnitOfWork (/Users/ryan/Library/Mobile Documents/com~apple~CloudDocs/Documents/VSCode/Tax-App-Frontend/node_modules/react-dom/cjs/react-dom.development.js:26599:12)
          at workLoopSync (/Users/ryan/Library/Mobile Documents/com~apple~CloudDocs/Documents/VSCode/Tax-App-Frontend/node_modules/react-dom/cjs/react-dom.development.js:26505:5)
          at renderRootSync (/Users/ryan/Library/Mobile Documents/com~apple~CloudDocs/Documents/VSCode/Tax-App-Frontend/node_modules/react-dom/cjs/react-dom.development.js:26473:7)
          at recoverFromConcurrentError (/Users/ryan/Library/Mobile Documents/com~apple~CloudDocs/Documents/VSCode/Tax-App-Frontend/node_modules/react-dom/cjs/react-dom.development.js:25889:20)
          at performConcurrentWorkOnRoot (/Users/ryan/Library/Mobile Documents/com~apple~CloudDocs/Documents/VSCode/Tax-App-Frontend/node_modules/react-dom/cjs/react-dom.development.js:25789:22)
          at flushActQueue (/Users/ryan/Library/Mobile Documents/com~apple~CloudDocs/Documents/VSCode/Tax-App-Frontend/node_modules/react/cjs/react.development.js:2667:24)
          at act (/Users/ryan/Library/Mobile Documents/com~apple~CloudDocs/Documents/VSCode/Tax-App-Frontend/node_modules/react/cjs/react.development.js:2582:11)
          at /Users/ryan/Library/Mobile Documents/com~apple~CloudDocs/Documents/VSCode/Tax-App-Frontend/node_modules/@testing-library/react/dist/act-compat.js:46:25
          at renderRoot (/Users/ryan/Library/Mobile Documents/com~apple~CloudDocs/Documents/VSCode/Tax-App-Frontend/node_modules/@testing-library/react/dist/pure.js:189:26)
          at render (/Users/ryan/Library/Mobile Documents/com~apple~CloudDocs/Documents/VSCode/Tax-App-Frontend/node_modules/@testing-library/react/dist/pure.js:291:10)
          at Object.<anonymous> (/Users/ryan/Library/Mobile Documents/com~apple~CloudDocs/Documents/VSCode/Tax-App-Frontend/src/app/login/responsive-layout.test.tsx:104:35)
          at Promise.finally.completed (/Users/ryan/Library/Mobile Documents/com~apple~CloudDocs/Documents/VSCode/Tax-App-Frontend/node_modules/jest-circus/build/jestAdapterInit.js:1557:28)
          at new Promise (<anonymous>)
          at callAsyncCircusFn (/Users/ryan/Library/Mobile Documents/com~apple~CloudDocs/Documents/VSCode/Tax-App-Frontend/node_modules/jest-circus/build/jestAdapterInit.js:1497:10)
          at _callCircusTest (/Users/ryan/Library/Mobile Documents/com~apple~CloudDocs/Documents/VSCode/Tax-App-Frontend/node_modules/jest-circus/build/jestAdapterInit.js:1007:40)
          at processTicksAndRejections (node:internal/process/task_queues:95:5)
          at _runTest (/Users/ryan/Library/Mobile Documents/com~apple~CloudDocs/Documents/VSCode/Tax-App-Frontend/node_modules/jest-circus/build/jestAdapterInit.js:947:3)
          at /Users/ryan/Library/Mobile Documents/com~apple~CloudDocs/Documents/VSCode/Tax-App-Frontend/node_modules/jest-circus/build/jestAdapterInit.js:849:7
          at _runTestsForDescribeBlock (/Users/ryan/Library/Mobile Documents/com~apple~CloudDocs/Documents/VSCode/Tax-App-Frontend/node_modules/jest-circus/build/jestAdapterInit.js:862:11)
          at _runTestsForDescribeBlock (/Users/ryan/Library/Mobile Documents/com~apple~CloudDocs/Documents/VSCode/Tax-App-Frontend/node_modules/jest-circus/build/jestAdapterInit.js:857:11)
          at _runTestsForDescribeBlock (/Users/ryan/Library/Mobile Documents/com~apple~CloudDocs/Documents/VSCode/Tax-App-Frontend/node_modules/jest-circus/build/jestAdapterInit.js:857:11)
          at run (/Users/ryan/Library/Mobile Documents/com~apple~CloudDocs/Documents/VSCode/Tax-App-Frontend/node_modules/jest-circus/build/jestAdapterInit.js:761:3)
          at runAndTransformResultsToJestFormat (/Users/ryan/Library/Mobile Documents/com~apple~CloudDocs/Documents/VSCode/Tax-App-Frontend/node_modules/jest-circus/build/jestAdapterInit.js:1918:21)
          at jestAdapter (/Users/ryan/Library/Mobile Documents/com~apple~CloudDocs/Documents/VSCode/Tax-App-Frontend/node_modules/jest-circus/build/runner.js:101:19)
          at runTestInternal (/Users/ryan/Library/Mobile Documents/com~apple~CloudDocs/Documents/VSCode/Tax-App-Frontend/node_modules/jest-runner/build/testWorker.js:275:16)
          at runTest (/Users/ryan/Library/Mobile Documents/com~apple~CloudDocs/Documents/VSCode/Tax-App-Frontend/node_modules/jest-runner/build/testWorker.js:343:7)
          at Object.worker (/Users/ryan/Library/Mobile Documents/com~apple~CloudDocs/Documents/VSCode/Tax-App-Frontend/node_modules/jest-runner/build/testWorker.js:497:12) {
        detail: TypeError: Cannot read properties of undefined (reading 'state')
            at state (/Users/ryan/Library/Mobile Documents/com~apple~CloudDocs/Documents/VSCode/Tax-App-Frontend/src/components/LoginForm.tsx:93:15)
            at renderWithHooks (/Users/ryan/Library/Mobile Documents/com~apple~CloudDocs/Documents/VSCode/Tax-App-Frontend/node_modules/react-dom/cjs/react-dom.development.js:15486:18)
            at mountIndeterminateComponent (/Users/ryan/Library/Mobile Documents/com~apple~CloudDocs/Documents/VSCode/Tax-App-Frontend/node_modules/react-dom/cjs/react-dom.development.js:20103:13)
            at beginWork (/Users/ryan/Library/Mobile Documents/com~apple~CloudDocs/Documents/VSCode/Tax-App-Frontend/node_modules/react-dom/cjs/react-dom.development.js:21626:16)
            at HTMLUnknownElement.callCallback (/Users/ryan/Library/Mobile Documents/com~apple~CloudDocs/Documents/VSCode/Tax-App-Frontend/node_modules/react-dom/cjs/react-dom.development.js:4164:14)
            at HTMLUnknownElement.callTheUserObjectsOperation (/Users/ryan/Library/Mobile Documents/com~apple~CloudDocs/Documents/VSCode/Tax-App-Frontend/node_modules/jsdom/lib/jsdom/living/generated/EventListener.js:26:30)
            at innerInvokeEventListeners (/Users/ryan/Library/Mobile Documents/com~apple~CloudDocs/Documents/VSCode/Tax-App-Frontend/node_modules/jsdom/lib/jsdom/living/events/EventTarget-impl.js:350:25)
            at invokeEventListeners (/Users/ryan/Library/Mobile Documents/com~apple~CloudDocs/Documents/VSCode/Tax-App-Frontend/node_modules/jsdom/lib/jsdom/living/events/EventTarget-impl.js:286:3)
            at HTMLUnknownElementImpl._dispatch (/Users/ryan/Library/Mobile Documents/com~apple~CloudDocs/Documents/VSCode/Tax-App-Frontend/node_modules/jsdom/lib/jsdom/living/events/EventTarget-impl.js:233:9)
            at HTMLUnknownElementImpl.dispatchEvent (/Users/ryan/Library/Mobile Documents/com~apple~CloudDocs/Documents/VSCode/Tax-App-Frontend/node_modules/jsdom/lib/jsdom/living/events/EventTarget-impl.js:104:17)
            at HTMLUnknownElement.dispatchEvent (/Users/ryan/Library/Mobile Documents/com~apple~CloudDocs/Documents/VSCode/Tax-App-Frontend/node_modules/jsdom/lib/jsdom/living/generated/EventTarget.js:241:34)
            at Object.invokeGuardedCallbackDev (/Users/ryan/Library/Mobile Documents/com~apple~CloudDocs/Documents/VSCode/Tax-App-Frontend/node_modules/react-dom/cjs/react-dom.development.js:4213:16)
            at invokeGuardedCallback (/Users/ryan/Library/Mobile Documents/com~apple~CloudDocs/Documents/VSCode/Tax-App-Frontend/node_modules/react-dom/cjs/react-dom.development.js:4277:31)
            at beginWork$1 (/Users/ryan/Library/Mobile Documents/com~apple~CloudDocs/Documents/VSCode/Tax-App-Frontend/node_modules/react-dom/cjs/react-dom.development.js:27490:7)
            at performUnitOfWork (/Users/ryan/Library/Mobile Documents/com~apple~CloudDocs/Documents/VSCode/Tax-App-Frontend/node_modules/react-dom/cjs/react-dom.development.js:26599:12)
            at workLoopSync (/Users/ryan/Library/Mobile Documents/com~apple~CloudDocs/Documents/VSCode/Tax-App-Frontend/node_modules/react-dom/cjs/react-dom.development.js:26505:5)
            at renderRootSync (/Users/ryan/Library/Mobile Documents/com~apple~CloudDocs/Documents/VSCode/Tax-App-Frontend/node_modules/react-dom/cjs/react-dom.development.js:26473:7)
            at recoverFromConcurrentError (/Users/ryan/Library/Mobile Documents/com~apple~CloudDocs/Documents/VSCode/Tax-App-Frontend/node_modules/react-dom/cjs/react-dom.development.js:25889:20)
            at performConcurrentWorkOnRoot (/Users/ryan/Library/Mobile Documents/com~apple~CloudDocs/Documents/VSCode/Tax-App-Frontend/node_modules/react-dom/cjs/react-dom.development.js:25789:22)
            at flushActQueue (/Users/ryan/Library/Mobile Documents/com~apple~CloudDocs/Documents/VSCode/Tax-App-Frontend/node_modules/react/cjs/react.development.js:2667:24)
            at act (/Users/ryan/Library/Mobile Documents/com~apple~CloudDocs/Documents/VSCode/Tax-App-Frontend/node_modules/react/cjs/react.development.js:2582:11)
            at /Users/ryan/Library/Mobile Documents/com~apple~CloudDocs/Documents/VSCode/Tax-App-Frontend/node_modules/@testing-library/react/dist/act-compat.js:46:25
            at renderRoot (/Users/ryan/Library/Mobile Documents/com~apple~CloudDocs/Documents/VSCode/Tax-App-Frontend/node_modules/@testing-library/react/dist/pure.js:189:26)
            at render (/Users/ryan/Library/Mobile Documents/com~apple~CloudDocs/Documents/VSCode/Tax-App-Frontend/node_modules/@testing-library/react/dist/pure.js:291:10)
            at Object.<anonymous> (/Users/ryan/Library/Mobile Documents/com~apple~CloudDocs/Documents/VSCode/Tax-App-Frontend/src/app/login/responsive-layout.test.tsx:104:35)
            at Promise.finally.completed (/Users/ryan/Library/Mobile Documents/com~apple~CloudDocs/Documents/VSCode/Tax-App-Frontend/node_modules/jest-circus/build/jestAdapterInit.js:1557:28)
            at new Promise (<anonymous>)
            at callAsyncCircusFn (/Users/ryan/Library/Mobile Documents/com~apple~CloudDocs/Documents/VSCode/Tax-App-Frontend/node_modules/jest-circus/build/jestAdapterInit.js:1497:10)
            at _callCircusTest (/Users/ryan/Library/Mobile Documents/com~apple~CloudDocs/Documents/VSCode/Tax-App-Frontend/node_modules/jest-circus/build/jestAdapterInit.js:1007:40)
            at processTicksAndRejections (node:internal/process/task_queues:95:5)
            at _runTest (/Users/ryan/Library/Mobile Documents/com~apple~CloudDocs/Documents/VSCode/Tax-App-Frontend/node_modules/jest-circus/build/jestAdapterInit.js:947:3)
            at /Users/ryan/Library/Mobile Documents/com~apple~CloudDocs/Documents/VSCode/Tax-App-Frontend/node_modules/jest-circus/build/jestAdapterInit.js:849:7
            at _runTestsForDescribeBlock (/Users/ryan/Library/Mobile Documents/com~apple~CloudDocs/Documents/VSCode/Tax-App-Frontend/node_modules/jest-circus/build/jestAdapterInit.js:862:11)
            at _runTestsForDescribeBlock (/Users/ryan/Library/Mobile Documents/com~apple~CloudDocs/Documents/VSCode/Tax-App-Frontend/node_modules/jest-circus/build/jestAdapterInit.js:857:11)
            at _runTestsForDescribeBlock (/Users/ryan/Library/Mobile Documents/com~apple~CloudDocs/Documents/VSCode/Tax-App-Frontend/node_modules/jest-circus/build/jestAdapterInit.js:857:11)
            at run (/Users/ryan/Library/Mobile Documents/com~apple~CloudDocs/Documents/VSCode/Tax-App-Frontend/node_modules/jest-circus/build/jestAdapterInit.js:761:3)
            at runAndTransformResultsToJestFormat (/Users/ryan/Library/Mobile Documents/com~apple~CloudDocs/Documents/VSCode/Tax-App-Frontend/node_modules/jest-circus/build/jestAdapterInit.js:1918:21)
            at jestAdapter (/Users/ryan/Library/Mobile Documents/com~apple~CloudDocs/Documents/VSCode/Tax-App-Frontend/node_modules/jest-circus/build/runner.js:101:19)
            at runTestInternal (/Users/ryan/Library/Mobile Documents/com~apple~CloudDocs/Documents/VSCode/Tax-App-Frontend/node_modules/jest-runner/build/testWorker.js:275:16)
            at runTest (/Users/ryan/Library/Mobile Documents/com~apple~CloudDocs/Documents/VSCode/Tax-App-Frontend/node_modules/jest-runner/build/testWorker.js:343:7)
            at Object.worker (/Users/ryan/Library/Mobile Documents/com~apple~CloudDocs/Documents/VSCode/Tax-App-Frontend/node_modules/jest-runner/build/testWorker.js:497:12),
        type: 'unhandled exception'
      }

      102 |
      103 |     test('should have mobile-appropriate vertical padding (py-12)', () => {
    > 104 |       const { container } = render(<LoginPageClient />);
          |                                   ^
      105 |
      106 |       const mainContainer = container.querySelector('.min-h-screen');
      107 |       expect(mainContainer).toHaveClass('py-12');

      at VirtualConsole.<anonymous> (node_modules/@jest/environment-jsdom-abstract/build/index.js:87:23)
      at reportException (node_modules/jsdom/lib/jsdom/living/helpers/runtime-script-errors.js:70:28)
      at innerInvokeEventListeners (node_modules/jsdom/lib/jsdom/living/events/EventTarget-impl.js:353:9)
      at invokeEventListeners (node_modules/jsdom/lib/jsdom/living/events/EventTarget-impl.js:286:3)
      at HTMLUnknownElementImpl._dispatch (node_modules/jsdom/lib/jsdom/living/events/EventTarget-impl.js:233:9)
      at HTMLUnknownElementImpl.dispatchEvent (node_modules/jsdom/lib/jsdom/living/events/EventTarget-impl.js:104:17)
      at HTMLUnknownElement.dispatchEvent (node_modules/jsdom/lib/jsdom/living/generated/EventTarget.js:241:34)
      at Object.invokeGuardedCallbackDev (node_modules/react-dom/cjs/react-dom.development.js:4213:16)
      at invokeGuardedCallback (node_modules/react-dom/cjs/react-dom.development.js:4277:31)
      at beginWork$1 (node_modules/react-dom/cjs/react-dom.development.js:27490:7)
      at performUnitOfWork (node_modules/react-dom/cjs/react-dom.development.js:26599:12)
      at workLoopSync (node_modules/react-dom/cjs/react-dom.development.js:26505:5)
      at renderRootSync (node_modules/react-dom/cjs/react-dom.development.js:26473:7)
      at recoverFromConcurrentError (node_modules/react-dom/cjs/react-dom.development.js:25889:20)
      at performConcurrentWorkOnRoot (node_modules/react-dom/cjs/react-dom.development.js:25789:22)
      at flushActQueue (node_modules/react/cjs/react.development.js:2667:24)
      at act (node_modules/react/cjs/react.development.js:2582:11)
      at node_modules/@testing-library/react/dist/act-compat.js:46:25
      at renderRoot (node_modules/@testing-library/react/dist/pure.js:189:26)
      at render (node_modules/@testing-library/react/dist/pure.js:291:10)
      at Object.<anonymous> (src/app/login/responsive-layout.test.tsx:104:35)

    console.error
      The above error occurred in the <LoginForm> component:
      
          at className (/Users/ryan/Library/Mobile Documents/com~apple~CloudDocs/Documents/VSCode/Tax-App-Frontend/src/components/LoginForm.tsx:45:29)
          at div
          at children (/Users/ryan/Library/Mobile Documents/com~apple~CloudDocs/Documents/VSCode/Tax-App-Frontend/src/app/login/responsive-layout.test.tsx:62:19)
          at div
          at children (/Users/ryan/Library/Mobile Documents/com~apple~CloudDocs/Documents/VSCode/Tax-App-Frontend/src/app/login/responsive-layout.test.tsx:52:12)
          at div
          at div
          at div
          at children (/Users/ryan/Library/Mobile Documents/com~apple~CloudDocs/Documents/VSCode/Tax-App-Frontend/src/app/login/responsive-layout.test.tsx:47:21)
          at callbackUrl (/Users/ryan/Library/Mobile Documents/com~apple~CloudDocs/Documents/VSCode/Tax-App-Frontend/src/app/login/LoginPageClient.tsx:49:43)
      
      Consider adding an error boundary to your tree to customize error handling behavior.
      Visit https://reactjs.org/link/error-boundaries to learn more about error boundaries.

      102 |
      103 |     test('should have mobile-appropriate vertical padding (py-12)', () => {
    > 104 |       const { container } = render(<LoginPageClient />);
          |                                   ^
      105 |
      106 |       const mainContainer = container.querySelector('.min-h-screen');
      107 |       expect(mainContainer).toHaveClass('py-12');

      at logCapturedError (node_modules/react-dom/cjs/react-dom.development.js:18704:23)
      at update.callback (node_modules/react-dom/cjs/react-dom.development.js:18737:5)
      at callCallback (node_modules/react-dom/cjs/react-dom.development.js:15036:12)
      at commitUpdateQueue (node_modules/react-dom/cjs/react-dom.development.js:15057:9)
      at commitLayoutEffectOnFiber (node_modules/react-dom/cjs/react-dom.development.js:23430:13)
      at commitLayoutMountEffects_complete (node_modules/react-dom/cjs/react-dom.development.js:24727:9)
      at commitLayoutEffects_begin (node_modules/react-dom/cjs/react-dom.development.js:24713:7)
      at commitLayoutEffects (node_modules/react-dom/cjs/react-dom.development.js:24651:3)
      at commitRootImpl (node_modules/react-dom/cjs/react-dom.development.js:26862:5)
      at commitRoot (node_modules/react-dom/cjs/react-dom.development.js:26721:5)
      at finishConcurrentRender (node_modules/react-dom/cjs/react-dom.development.js:25931:9)
      at performConcurrentWorkOnRoot (node_modules/react-dom/cjs/react-dom.development.js:25848:7)
      at flushActQueue (node_modules/react/cjs/react.development.js:2667:24)
      at act (node_modules/react/cjs/react.development.js:2582:11)
      at node_modules/@testing-library/react/dist/act-compat.js:46:25
      at renderRoot (node_modules/@testing-library/react/dist/pure.js:189:26)
      at render (node_modules/@testing-library/react/dist/pure.js:291:10)
      at Object.<anonymous> (src/app/login/responsive-layout.test.tsx:104:35)

    console.error
      Error: Uncaught [TypeError: Cannot read properties of undefined (reading 'state')]
          at reportException (/Users/ryan/Library/Mobile Documents/com~apple~CloudDocs/Documents/VSCode/Tax-App-Frontend/node_modules/jsdom/lib/jsdom/living/helpers/runtime-script-errors.js:66:24)
          at innerInvokeEventListeners (/Users/ryan/Library/Mobile Documents/com~apple~CloudDocs/Documents/VSCode/Tax-App-Frontend/node_modules/jsdom/lib/jsdom/living/events/EventTarget-impl.js:353:9)
          at invokeEventListeners (/Users/ryan/Library/Mobile Documents/com~apple~CloudDocs/Documents/VSCode/Tax-App-Frontend/node_modules/jsdom/lib/jsdom/living/events/EventTarget-impl.js:286:3)
          at HTMLUnknownElementImpl._dispatch (/Users/ryan/Library/Mobile Documents/com~apple~CloudDocs/Documents/VSCode/Tax-App-Frontend/node_modules/jsdom/lib/jsdom/living/events/EventTarget-impl.js:233:9)
          at HTMLUnknownElementImpl.dispatchEvent (/Users/ryan/Library/Mobile Documents/com~apple~CloudDocs/Documents/VSCode/Tax-App-Frontend/node_modules/jsdom/lib/jsdom/living/events/EventTarget-impl.js:104:17)
          at HTMLUnknownElement.dispatchEvent (/Users/ryan/Library/Mobile Documents/com~apple~CloudDocs/Documents/VSCode/Tax-App-Frontend/node_modules/jsdom/lib/jsdom/living/generated/EventTarget.js:241:34)
          at Object.invokeGuardedCallbackDev (/Users/ryan/Library/Mobile Documents/com~apple~CloudDocs/Documents/VSCode/Tax-App-Frontend/node_modules/react-dom/cjs/react-dom.development.js:4213:16)
          at invokeGuardedCallback (/Users/ryan/Library/Mobile Documents/com~apple~CloudDocs/Documents/VSCode/Tax-App-Frontend/node_modules/react-dom/cjs/react-dom.development.js:4277:31)
          at beginWork$1 (/Users/ryan/Library/Mobile Documents/com~apple~CloudDocs/Documents/VSCode/Tax-App-Frontend/node_modules/react-dom/cjs/react-dom.development.js:27490:7)
          at performUnitOfWork (/Users/ryan/Library/Mobile Documents/com~apple~CloudDocs/Documents/VSCode/Tax-App-Frontend/node_modules/react-dom/cjs/react-dom.development.js:26599:12)
          at workLoopSync (/Users/ryan/Library/Mobile Documents/com~apple~CloudDocs/Documents/VSCode/Tax-App-Frontend/node_modules/react-dom/cjs/react-dom.development.js:26505:5)
          at renderRootSync (/Users/ryan/Library/Mobile Documents/com~apple~CloudDocs/Documents/VSCode/Tax-App-Frontend/node_modules/react-dom/cjs/react-dom.development.js:26473:7)
          at performConcurrentWorkOnRoot (/Users/ryan/Library/Mobile Documents/com~apple~CloudDocs/Documents/VSCode/Tax-App-Frontend/node_modules/react-dom/cjs/react-dom.development.js:25777:74)
          at flushActQueue (/Users/ryan/Library/Mobile Documents/com~apple~CloudDocs/Documents/VSCode/Tax-App-Frontend/node_modules/react/cjs/react.development.js:2667:24)
          at act (/Users/ryan/Library/Mobile Documents/com~apple~CloudDocs/Documents/VSCode/Tax-App-Frontend/node_modules/react/cjs/react.development.js:2582:11)
          at /Users/ryan/Library/Mobile Documents/com~apple~CloudDocs/Documents/VSCode/Tax-App-Frontend/node_modules/@testing-library/react/dist/act-compat.js:46:25
          at renderRoot (/Users/ryan/Library/Mobile Documents/com~apple~CloudDocs/Documents/VSCode/Tax-App-Frontend/node_modules/@testing-library/react/dist/pure.js:189:26)
          at render (/Users/ryan/Library/Mobile Documents/com~apple~CloudDocs/Documents/VSCode/Tax-App-Frontend/node_modules/@testing-library/react/dist/pure.js:291:10)
          at Object.<anonymous> (/Users/ryan/Library/Mobile Documents/com~apple~CloudDocs/Documents/VSCode/Tax-App-Frontend/src/app/login/responsive-layout.test.tsx:111:35)
          at Promise.finally.completed (/Users/ryan/Library/Mobile Documents/com~apple~CloudDocs/Documents/VSCode/Tax-App-Frontend/node_modules/jest-circus/build/jestAdapterInit.js:1557:28)
          at new Promise (<anonymous>)
          at callAsyncCircusFn (/Users/ryan/Library/Mobile Documents/com~apple~CloudDocs/Documents/VSCode/Tax-App-Frontend/node_modules/jest-circus/build/jestAdapterInit.js:1497:10)
          at _callCircusTest (/Users/ryan/Library/Mobile Documents/com~apple~CloudDocs/Documents/VSCode/Tax-App-Frontend/node_modules/jest-circus/build/jestAdapterInit.js:1007:40)
          at processTicksAndRejections (node:internal/process/task_queues:95:5)
          at _runTest (/Users/ryan/Library/Mobile Documents/com~apple~CloudDocs/Documents/VSCode/Tax-App-Frontend/node_modules/jest-circus/build/jestAdapterInit.js:947:3)
          at /Users/ryan/Library/Mobile Documents/com~apple~CloudDocs/Documents/VSCode/Tax-App-Frontend/node_modules/jest-circus/build/jestAdapterInit.js:849:7
          at _runTestsForDescribeBlock (/Users/ryan/Library/Mobile Documents/com~apple~CloudDocs/Documents/VSCode/Tax-App-Frontend/node_modules/jest-circus/build/jestAdapterInit.js:862:11)
          at _runTestsForDescribeBlock (/Users/ryan/Library/Mobile Documents/com~apple~CloudDocs/Documents/VSCode/Tax-App-Frontend/node_modules/jest-circus/build/jestAdapterInit.js:857:11)
          at _runTestsForDescribeBlock (/Users/ryan/Library/Mobile Documents/com~apple~CloudDocs/Documents/VSCode/Tax-App-Frontend/node_modules/jest-circus/build/jestAdapterInit.js:857:11)
          at run (/Users/ryan/Library/Mobile Documents/com~apple~CloudDocs/Documents/VSCode/Tax-App-Frontend/node_modules/jest-circus/build/jestAdapterInit.js:761:3)
          at runAndTransformResultsToJestFormat (/Users/ryan/Library/Mobile Documents/com~apple~CloudDocs/Documents/VSCode/Tax-App-Frontend/node_modules/jest-circus/build/jestAdapterInit.js:1918:21)
          at jestAdapter (/Users/ryan/Library/Mobile Documents/com~apple~CloudDocs/Documents/VSCode/Tax-App-Frontend/node_modules/jest-circus/build/runner.js:101:19)
          at runTestInternal (/Users/ryan/Library/Mobile Documents/com~apple~CloudDocs/Documents/VSCode/Tax-App-Frontend/node_modules/jest-runner/build/testWorker.js:275:16)
          at runTest (/Users/ryan/Library/Mobile Documents/com~apple~CloudDocs/Documents/VSCode/Tax-App-Frontend/node_modules/jest-runner/build/testWorker.js:343:7)
          at Object.worker (/Users/ryan/Library/Mobile Documents/com~apple~CloudDocs/Documents/VSCode/Tax-App-Frontend/node_modules/jest-runner/build/testWorker.js:497:12) {
        detail: TypeError: Cannot read properties of undefined (reading 'state')
            at state (/Users/ryan/Library/Mobile Documents/com~apple~CloudDocs/Documents/VSCode/Tax-App-Frontend/src/components/LoginForm.tsx:93:15)
            at renderWithHooks (/Users/ryan/Library/Mobile Documents/com~apple~CloudDocs/Documents/VSCode/Tax-App-Frontend/node_modules/react-dom/cjs/react-dom.development.js:15486:18)
            at mountIndeterminateComponent (/Users/ryan/Library/Mobile Documents/com~apple~CloudDocs/Documents/VSCode/Tax-App-Frontend/node_modules/react-dom/cjs/react-dom.development.js:20103:13)
            at beginWork (/Users/ryan/Library/Mobile Documents/com~apple~CloudDocs/Documents/VSCode/Tax-App-Frontend/node_modules/react-dom/cjs/react-dom.development.js:21626:16)
            at HTMLUnknownElement.callCallback (/Users/ryan/Library/Mobile Documents/com~apple~CloudDocs/Documents/VSCode/Tax-App-Frontend/node_modules/react-dom/cjs/react-dom.development.js:4164:14)
            at HTMLUnknownElement.callTheUserObjectsOperation (/Users/ryan/Library/Mobile Documents/com~apple~CloudDocs/Documents/VSCode/Tax-App-Frontend/node_modules/jsdom/lib/jsdom/living/generated/EventListener.js:26:30)
            at innerInvokeEventListeners (/Users/ryan/Library/Mobile Documents/com~apple~CloudDocs/Documents/VSCode/Tax-App-Frontend/node_modules/jsdom/lib/jsdom/living/events/EventTarget-impl.js:350:25)
            at invokeEventListeners (/Users/ryan/Library/Mobile Documents/com~apple~CloudDocs/Documents/VSCode/Tax-App-Frontend/node_modules/jsdom/lib/jsdom/living/events/EventTarget-impl.js:286:3)
            at HTMLUnknownElementImpl._dispatch (/Users/ryan/Library/Mobile Documents/com~apple~CloudDocs/Documents/VSCode/Tax-App-Frontend/node_modules/jsdom/lib/jsdom/living/events/EventTarget-impl.js:233:9)
            at HTMLUnknownElementImpl.dispatchEvent (/Users/ryan/Library/Mobile Documents/com~apple~CloudDocs/Documents/VSCode/Tax-App-Frontend/node_modules/jsdom/lib/jsdom/living/events/EventTarget-impl.js:104:17)
            at HTMLUnknownElement.dispatchEvent (/Users/ryan/Library/Mobile Documents/com~apple~CloudDocs/Documents/VSCode/Tax-App-Frontend/node_modules/jsdom/lib/jsdom/living/generated/EventTarget.js:241:34)
            at Object.invokeGuardedCallbackDev (/Users/ryan/Library/Mobile Documents/com~apple~CloudDocs/Documents/VSCode/Tax-App-Frontend/node_modules/react-dom/cjs/react-dom.development.js:4213:16)
            at invokeGuardedCallback (/Users/ryan/Library/Mobile Documents/com~apple~CloudDocs/Documents/VSCode/Tax-App-Frontend/node_modules/react-dom/cjs/react-dom.development.js:4277:31)
            at beginWork$1 (/Users/ryan/Library/Mobile Documents/com~apple~CloudDocs/Documents/VSCode/Tax-App-Frontend/node_modules/react-dom/cjs/react-dom.development.js:27490:7)
            at performUnitOfWork (/Users/ryan/Library/Mobile Documents/com~apple~CloudDocs/Documents/VSCode/Tax-App-Frontend/node_modules/react-dom/cjs/react-dom.development.js:26599:12)
            at workLoopSync (/Users/ryan/Library/Mobile Documents/com~apple~CloudDocs/Documents/VSCode/Tax-App-Frontend/node_modules/react-dom/cjs/react-dom.development.js:26505:5)
            at renderRootSync (/Users/ryan/Library/Mobile Documents/com~apple~CloudDocs/Documents/VSCode/Tax-App-Frontend/node_modules/react-dom/cjs/react-dom.development.js:26473:7)
            at performConcurrentWorkOnRoot (/Users/ryan/Library/Mobile Documents/com~apple~CloudDocs/Documents/VSCode/Tax-App-Frontend/node_modules/react-dom/cjs/react-dom.development.js:25777:74)
            at flushActQueue (/Users/ryan/Library/Mobile Documents/com~apple~CloudDocs/Documents/VSCode/Tax-App-Frontend/node_modules/react/cjs/react.development.js:2667:24)
            at act (/Users/ryan/Library/Mobile Documents/com~apple~CloudDocs/Documents/VSCode/Tax-App-Frontend/node_modules/react/cjs/react.development.js:2582:11)
            at /Users/ryan/Library/Mobile Documents/com~apple~CloudDocs/Documents/VSCode/Tax-App-Frontend/node_modules/@testing-library/react/dist/act-compat.js:46:25
            at renderRoot (/Users/ryan/Library/Mobile Documents/com~apple~CloudDocs/Documents/VSCode/Tax-App-Frontend/node_modules/@testing-library/react/dist/pure.js:189:26)
            at render (/Users/ryan/Library/Mobile Documents/com~apple~CloudDocs/Documents/VSCode/Tax-App-Frontend/node_modules/@testing-library/react/dist/pure.js:291:10)
            at Object.<anonymous> (/Users/ryan/Library/Mobile Documents/com~apple~CloudDocs/Documents/VSCode/Tax-App-Frontend/src/app/login/responsive-layout.test.tsx:111:35)
            at Promise.finally.completed (/Users/ryan/Library/Mobile Documents/com~apple~CloudDocs/Documents/VSCode/Tax-App-Frontend/node_modules/jest-circus/build/jestAdapterInit.js:1557:28)
            at new Promise (<anonymous>)
            at callAsyncCircusFn (/Users/ryan/Library/Mobile Documents/com~apple~CloudDocs/Documents/VSCode/Tax-App-Frontend/node_modules/jest-circus/build/jestAdapterInit.js:1497:10)
            at _callCircusTest (/Users/ryan/Library/Mobile Documents/com~apple~CloudDocs/Documents/VSCode/Tax-App-Frontend/node_modules/jest-circus/build/jestAdapterInit.js:1007:40)
            at processTicksAndRejections (node:internal/process/task_queues:95:5)
            at _runTest (/Users/ryan/Library/Mobile Documents/com~apple~CloudDocs/Documents/VSCode/Tax-App-Frontend/node_modules/jest-circus/build/jestAdapterInit.js:947:3)
            at /Users/ryan/Library/Mobile Documents/com~apple~CloudDocs/Documents/VSCode/Tax-App-Frontend/node_modules/jest-circus/build/jestAdapterInit.js:849:7
            at _runTestsForDescribeBlock (/Users/ryan/Library/Mobile Documents/com~apple~CloudDocs/Documents/VSCode/Tax-App-Frontend/node_modules/jest-circus/build/jestAdapterInit.js:862:11)
            at _runTestsForDescribeBlock (/Users/ryan/Library/Mobile Documents/com~apple~CloudDocs/Documents/VSCode/Tax-App-Frontend/node_modules/jest-circus/build/jestAdapterInit.js:857:11)
            at _runTestsForDescribeBlock (/Users/ryan/Library/Mobile Documents/com~apple~CloudDocs/Documents/VSCode/Tax-App-Frontend/node_modules/jest-circus/build/jestAdapterInit.js:857:11)
            at run (/Users/ryan/Library/Mobile Documents/com~apple~CloudDocs/Documents/VSCode/Tax-App-Frontend/node_modules/jest-circus/build/jestAdapterInit.js:761:3)
            at runAndTransformResultsToJestFormat (/Users/ryan/Library/Mobile Documents/com~apple~CloudDocs/Documents/VSCode/Tax-App-Frontend/node_modules/jest-circus/build/jestAdapterInit.js:1918:21)
            at jestAdapter (/Users/ryan/Library/Mobile Documents/com~apple~CloudDocs/Documents/VSCode/Tax-App-Frontend/node_modules/jest-circus/build/runner.js:101:19)
            at runTestInternal (/Users/ryan/Library/Mobile Documents/com~apple~CloudDocs/Documents/VSCode/Tax-App-Frontend/node_modules/jest-runner/build/testWorker.js:275:16)
            at runTest (/Users/ryan/Library/Mobile Documents/com~apple~CloudDocs/Documents/VSCode/Tax-App-Frontend/node_modules/jest-runner/build/testWorker.js:343:7)
            at Object.worker (/Users/ryan/Library/Mobile Documents/com~apple~CloudDocs/Documents/VSCode/Tax-App-Frontend/node_modules/jest-runner/build/testWorker.js:497:12),
        type: 'unhandled exception'
      }

      109 |
      110 |     test('should display single-column layout with centered content', () => {
    > 111 |       const { container } = render(<LoginPageClient />);
          |                                   ^
      112 |
      113 |       const mainContainer = container.querySelector('.min-h-screen');
      114 |       expect(mainContainer).toHaveClass('flex', 'items-center', 'justify-center');

      at VirtualConsole.<anonymous> (node_modules/@jest/environment-jsdom-abstract/build/index.js:87:23)
      at reportException (node_modules/jsdom/lib/jsdom/living/helpers/runtime-script-errors.js:70:28)
      at innerInvokeEventListeners (node_modules/jsdom/lib/jsdom/living/events/EventTarget-impl.js:353:9)
      at invokeEventListeners (node_modules/jsdom/lib/jsdom/living/events/EventTarget-impl.js:286:3)
      at HTMLUnknownElementImpl._dispatch (node_modules/jsdom/lib/jsdom/living/events/EventTarget-impl.js:233:9)
      at HTMLUnknownElementImpl.dispatchEvent (node_modules/jsdom/lib/jsdom/living/events/EventTarget-impl.js:104:17)
      at HTMLUnknownElement.dispatchEvent (node_modules/jsdom/lib/jsdom/living/generated/EventTarget.js:241:34)
      at Object.invokeGuardedCallbackDev (node_modules/react-dom/cjs/react-dom.development.js:4213:16)
      at invokeGuardedCallback (node_modules/react-dom/cjs/react-dom.development.js:4277:31)
      at beginWork$1 (node_modules/react-dom/cjs/react-dom.development.js:27490:7)
      at performUnitOfWork (node_modules/react-dom/cjs/react-dom.development.js:26599:12)
      at workLoopSync (node_modules/react-dom/cjs/react-dom.development.js:26505:5)
      at renderRootSync (node_modules/react-dom/cjs/react-dom.development.js:26473:7)
      at performConcurrentWorkOnRoot (node_modules/react-dom/cjs/react-dom.development.js:25777:74)
      at flushActQueue (node_modules/react/cjs/react.development.js:2667:24)
      at act (node_modules/react/cjs/react.development.js:2582:11)
      at node_modules/@testing-library/react/dist/act-compat.js:46:25
      at renderRoot (node_modules/@testing-library/react/dist/pure.js:189:26)
      at render (node_modules/@testing-library/react/dist/pure.js:291:10)
      at Object.<anonymous> (src/app/login/responsive-layout.test.tsx:111:35)

    console.error
      Error: Uncaught [TypeError: Cannot read properties of undefined (reading 'state')]
          at reportException (/Users/ryan/Library/Mobile Documents/com~apple~CloudDocs/Documents/VSCode/Tax-App-Frontend/node_modules/jsdom/lib/jsdom/living/helpers/runtime-script-errors.js:66:24)
          at innerInvokeEventListeners (/Users/ryan/Library/Mobile Documents/com~apple~CloudDocs/Documents/VSCode/Tax-App-Frontend/node_modules/jsdom/lib/jsdom/living/events/EventTarget-impl.js:353:9)
          at invokeEventListeners (/Users/ryan/Library/Mobile Documents/com~apple~CloudDocs/Documents/VSCode/Tax-App-Frontend/node_modules/jsdom/lib/jsdom/living/events/EventTarget-impl.js:286:3)
          at HTMLUnknownElementImpl._dispatch (/Users/ryan/Library/Mobile Documents/com~apple~CloudDocs/Documents/VSCode/Tax-App-Frontend/node_modules/jsdom/lib/jsdom/living/events/EventTarget-impl.js:233:9)
          at HTMLUnknownElementImpl.dispatchEvent (/Users/ryan/Library/Mobile Documents/com~apple~CloudDocs/Documents/VSCode/Tax-App-Frontend/node_modules/jsdom/lib/jsdom/living/events/EventTarget-impl.js:104:17)
          at HTMLUnknownElement.dispatchEvent (/Users/ryan/Library/Mobile Documents/com~apple~CloudDocs/Documents/VSCode/Tax-App-Frontend/node_modules/jsdom/lib/jsdom/living/generated/EventTarget.js:241:34)
          at Object.invokeGuardedCallbackDev (/Users/ryan/Library/Mobile Documents/com~apple~CloudDocs/Documents/VSCode/Tax-App-Frontend/node_modules/react-dom/cjs/react-dom.development.js:4213:16)
          at invokeGuardedCallback (/Users/ryan/Library/Mobile Documents/com~apple~CloudDocs/Documents/VSCode/Tax-App-Frontend/node_modules/react-dom/cjs/react-dom.development.js:4277:31)
          at beginWork$1 (/Users/ryan/Library/Mobile Documents/com~apple~CloudDocs/Documents/VSCode/Tax-App-Frontend/node_modules/react-dom/cjs/react-dom.development.js:27490:7)
          at performUnitOfWork (/Users/ryan/Library/Mobile Documents/com~apple~CloudDocs/Documents/VSCode/Tax-App-Frontend/node_modules/react-dom/cjs/react-dom.development.js:26599:12)
          at workLoopSync (/Users/ryan/Library/Mobile Documents/com~apple~CloudDocs/Documents/VSCode/Tax-App-Frontend/node_modules/react-dom/cjs/react-dom.development.js:26505:5)
          at renderRootSync (/Users/ryan/Library/Mobile Documents/com~apple~CloudDocs/Documents/VSCode/Tax-App-Frontend/node_modules/react-dom/cjs/react-dom.development.js:26473:7)
          at recoverFromConcurrentError (/Users/ryan/Library/Mobile Documents/com~apple~CloudDocs/Documents/VSCode/Tax-App-Frontend/node_modules/react-dom/cjs/react-dom.development.js:25889:20)
          at performConcurrentWorkOnRoot (/Users/ryan/Library/Mobile Documents/com~apple~CloudDocs/Documents/VSCode/Tax-App-Frontend/node_modules/react-dom/cjs/react-dom.development.js:25789:22)
          at flushActQueue (/Users/ryan/Library/Mobile Documents/com~apple~CloudDocs/Documents/VSCode/Tax-App-Frontend/node_modules/react/cjs/react.development.js:2667:24)
          at act (/Users/ryan/Library/Mobile Documents/com~apple~CloudDocs/Documents/VSCode/Tax-App-Frontend/node_modules/react/cjs/react.development.js:2582:11)
          at /Users/ryan/Library/Mobile Documents/com~apple~CloudDocs/Documents/VSCode/Tax-App-Frontend/node_modules/@testing-library/react/dist/act-compat.js:46:25
          at renderRoot (/Users/ryan/Library/Mobile Documents/com~apple~CloudDocs/Documents/VSCode/Tax-App-Frontend/node_modules/@testing-library/react/dist/pure.js:189:26)
          at render (/Users/ryan/Library/Mobile Documents/com~apple~CloudDocs/Documents/VSCode/Tax-App-Frontend/node_modules/@testing-library/react/dist/pure.js:291:10)
          at Object.<anonymous> (/Users/ryan/Library/Mobile Documents/com~apple~CloudDocs/Documents/VSCode/Tax-App-Frontend/src/app/login/responsive-layout.test.tsx:111:35)
          at Promise.finally.completed (/Users/ryan/Library/Mobile Documents/com~apple~CloudDocs/Documents/VSCode/Tax-App-Frontend/node_modules/jest-circus/build/jestAdapterInit.js:1557:28)
          at new Promise (<anonymous>)
          at callAsyncCircusFn (/Users/ryan/Library/Mobile Documents/com~apple~CloudDocs/Documents/VSCode/Tax-App-Frontend/node_modules/jest-circus/build/jestAdapterInit.js:1497:10)
          at _callCircusTest (/Users/ryan/Library/Mobile Documents/com~apple~CloudDocs/Documents/VSCode/Tax-App-Frontend/node_modules/jest-circus/build/jestAdapterInit.js:1007:40)
          at processTicksAndRejections (node:internal/process/task_queues:95:5)
          at _runTest (/Users/ryan/Library/Mobile Documents/com~apple~CloudDocs/Documents/VSCode/Tax-App-Frontend/node_modules/jest-circus/build/jestAdapterInit.js:947:3)
          at /Users/ryan/Library/Mobile Documents/com~apple~CloudDocs/Documents/VSCode/Tax-App-Frontend/node_modules/jest-circus/build/jestAdapterInit.js:849:7
          at _runTestsForDescribeBlock (/Users/ryan/Library/Mobile Documents/com~apple~CloudDocs/Documents/VSCode/Tax-App-Frontend/node_modules/jest-circus/build/jestAdapterInit.js:862:11)
          at _runTestsForDescribeBlock (/Users/ryan/Library/Mobile Documents/com~apple~CloudDocs/Documents/VSCode/Tax-App-Frontend/node_modules/jest-circus/build/jestAdapterInit.js:857:11)
          at _runTestsForDescribeBlock (/Users/ryan/Library/Mobile Documents/com~apple~CloudDocs/Documents/VSCode/Tax-App-Frontend/node_modules/jest-circus/build/jestAdapterInit.js:857:11)
          at run (/Users/ryan/Library/Mobile Documents/com~apple~CloudDocs/Documents/VSCode/Tax-App-Frontend/node_modules/jest-circus/build/jestAdapterInit.js:761:3)
          at runAndTransformResultsToJestFormat (/Users/ryan/Library/Mobile Documents/com~apple~CloudDocs/Documents/VSCode/Tax-App-Frontend/node_modules/jest-circus/build/jestAdapterInit.js:1918:21)
          at jestAdapter (/Users/ryan/Library/Mobile Documents/com~apple~CloudDocs/Documents/VSCode/Tax-App-Frontend/node_modules/jest-circus/build/runner.js:101:19)
          at runTestInternal (/Users/ryan/Library/Mobile Documents/com~apple~CloudDocs/Documents/VSCode/Tax-App-Frontend/node_modules/jest-runner/build/testWorker.js:275:16)
          at runTest (/Users/ryan/Library/Mobile Documents/com~apple~CloudDocs/Documents/VSCode/Tax-App-Frontend/node_modules/jest-runner/build/testWorker.js:343:7)
          at Object.worker (/Users/ryan/Library/Mobile Documents/com~apple~CloudDocs/Documents/VSCode/Tax-App-Frontend/node_modules/jest-runner/build/testWorker.js:497:12) {
        detail: TypeError: Cannot read properties of undefined (reading 'state')
            at state (/Users/ryan/Library/Mobile Documents/com~apple~CloudDocs/Documents/VSCode/Tax-App-Frontend/src/components/LoginForm.tsx:93:15)
            at renderWithHooks (/Users/ryan/Library/Mobile Documents/com~apple~CloudDocs/Documents/VSCode/Tax-App-Frontend/node_modules/react-dom/cjs/react-dom.development.js:15486:18)
            at mountIndeterminateComponent (/Users/ryan/Library/Mobile Documents/com~apple~CloudDocs/Documents/VSCode/Tax-App-Frontend/node_modules/react-dom/cjs/react-dom.development.js:20103:13)
            at beginWork (/Users/ryan/Library/Mobile Documents/com~apple~CloudDocs/Documents/VSCode/Tax-App-Frontend/node_modules/react-dom/cjs/react-dom.development.js:21626:16)
            at HTMLUnknownElement.callCallback (/Users/ryan/Library/Mobile Documents/com~apple~CloudDocs/Documents/VSCode/Tax-App-Frontend/node_modules/react-dom/cjs/react-dom.development.js:4164:14)
            at HTMLUnknownElement.callTheUserObjectsOperation (/Users/ryan/Library/Mobile Documents/com~apple~CloudDocs/Documents/VSCode/Tax-App-Frontend/node_modules/jsdom/lib/jsdom/living/generated/EventListener.js:26:30)
            at innerInvokeEventListeners (/Users/ryan/Library/Mobile Documents/com~apple~CloudDocs/Documents/VSCode/Tax-App-Frontend/node_modules/jsdom/lib/jsdom/living/events/EventTarget-impl.js:350:25)
            at invokeEventListeners (/Users/ryan/Library/Mobile Documents/com~apple~CloudDocs/Documents/VSCode/Tax-App-Frontend/node_modules/jsdom/lib/jsdom/living/events/EventTarget-impl.js:286:3)
            at HTMLUnknownElementImpl._dispatch (/Users/ryan/Library/Mobile Documents/com~apple~CloudDocs/Documents/VSCode/Tax-App-Frontend/node_modules/jsdom/lib/jsdom/living/events/EventTarget-impl.js:233:9)
            at HTMLUnknownElementImpl.dispatchEvent (/Users/ryan/Library/Mobile Documents/com~apple~CloudDocs/Documents/VSCode/Tax-App-Frontend/node_modules/jsdom/lib/jsdom/living/events/EventTarget-impl.js:104:17)
            at HTMLUnknownElement.dispatchEvent (/Users/ryan/Library/Mobile Documents/com~apple~CloudDocs/Documents/VSCode/Tax-App-Frontend/node_modules/jsdom/lib/jsdom/living/generated/EventTarget.js:241:34)
            at Object.invokeGuardedCallbackDev (/Users/ryan/Library/Mobile Documents/com~apple~CloudDocs/Documents/VSCode/Tax-App-Frontend/node_modules/react-dom/cjs/react-dom.development.js:4213:16)
            at invokeGuardedCallback (/Users/ryan/Library/Mobile Documents/com~apple~CloudDocs/Documents/VSCode/Tax-App-Frontend/node_modules/react-dom/cjs/react-dom.development.js:4277:31)
            at beginWork$1 (/Users/ryan/Library/Mobile Documents/com~apple~CloudDocs/Documents/VSCode/Tax-App-Frontend/node_modules/react-dom/cjs/react-dom.development.js:27490:7)
            at performUnitOfWork (/Users/ryan/Library/Mobile Documents/com~apple~CloudDocs/Documents/VSCode/Tax-App-Frontend/node_modules/react-dom/cjs/react-dom.development.js:26599:12)
            at workLoopSync (/Users/ryan/Library/Mobile Documents/com~apple~CloudDocs/Documents/VSCode/Tax-App-Frontend/node_modules/react-dom/cjs/react-dom.development.js:26505:5)
            at renderRootSync (/Users/ryan/Library/Mobile Documents/com~apple~CloudDocs/Documents/VSCode/Tax-App-Frontend/node_modules/react-dom/cjs/react-dom.development.js:26473:7)
            at recoverFromConcurrentError (/Users/ryan/Library/Mobile Documents/com~apple~CloudDocs/Documents/VSCode/Tax-App-Frontend/node_modules/react-dom/cjs/react-dom.development.js:25889:20)
            at performConcurrentWorkOnRoot (/Users/ryan/Library/Mobile Documents/com~apple~CloudDocs/Documents/VSCode/Tax-App-Frontend/node_modules/react-dom/cjs/react-dom.development.js:25789:22)
            at flushActQueue (/Users/ryan/Library/Mobile Documents/com~apple~CloudDocs/Documents/VSCode/Tax-App-Frontend/node_modules/react/cjs/react.development.js:2667:24)
            at act (/Users/ryan/Library/Mobile Documents/com~apple~CloudDocs/Documents/VSCode/Tax-App-Frontend/node_modules/react/cjs/react.development.js:2582:11)
            at /Users/ryan/Library/Mobile Documents/com~apple~CloudDocs/Documents/VSCode/Tax-App-Frontend/node_modules/@testing-library/react/dist/act-compat.js:46:25
            at renderRoot (/Users/ryan/Library/Mobile Documents/com~apple~CloudDocs/Documents/VSCode/Tax-App-Frontend/node_modules/@testing-library/react/dist/pure.js:189:26)
            at render (/Users/ryan/Library/Mobile Documents/com~apple~CloudDocs/Documents/VSCode/Tax-App-Frontend/node_modules/@testing-library/react/dist/pure.js:291:10)
            at Object.<anonymous> (/Users/ryan/Library/Mobile Documents/com~apple~CloudDocs/Documents/VSCode/Tax-App-Frontend/src/app/login/responsive-layout.test.tsx:111:35)
            at Promise.finally.completed (/Users/ryan/Library/Mobile Documents/com~apple~CloudDocs/Documents/VSCode/Tax-App-Frontend/node_modules/jest-circus/build/jestAdapterInit.js:1557:28)
            at new Promise (<anonymous>)
            at callAsyncCircusFn (/Users/ryan/Library/Mobile Documents/com~apple~CloudDocs/Documents/VSCode/Tax-App-Frontend/node_modules/jest-circus/build/jestAdapterInit.js:1497:10)
            at _callCircusTest (/Users/ryan/Library/Mobile Documents/com~apple~CloudDocs/Documents/VSCode/Tax-App-Frontend/node_modules/jest-circus/build/jestAdapterInit.js:1007:40)
            at processTicksAndRejections (node:internal/process/task_queues:95:5)
            at _runTest (/Users/ryan/Library/Mobile Documents/com~apple~CloudDocs/Documents/VSCode/Tax-App-Frontend/node_modules/jest-circus/build/jestAdapterInit.js:947:3)
            at /Users/ryan/Library/Mobile Documents/com~apple~CloudDocs/Documents/VSCode/Tax-App-Frontend/node_modules/jest-circus/build/jestAdapterInit.js:849:7
            at _runTestsForDescribeBlock (/Users/ryan/Library/Mobile Documents/com~apple~CloudDocs/Documents/VSCode/Tax-App-Frontend/node_modules/jest-circus/build/jestAdapterInit.js:862:11)
            at _runTestsForDescribeBlock (/Users/ryan/Library/Mobile Documents/com~apple~CloudDocs/Documents/VSCode/Tax-App-Frontend/node_modules/jest-circus/build/jestAdapterInit.js:857:11)
            at _runTestsForDescribeBlock (/Users/ryan/Library/Mobile Documents/com~apple~CloudDocs/Documents/VSCode/Tax-App-Frontend/node_modules/jest-circus/build/jestAdapterInit.js:857:11)
            at run (/Users/ryan/Library/Mobile Documents/com~apple~CloudDocs/Documents/VSCode/Tax-App-Frontend/node_modules/jest-circus/build/jestAdapterInit.js:761:3)
            at runAndTransformResultsToJestFormat (/Users/ryan/Library/Mobile Documents/com~apple~CloudDocs/Documents/VSCode/Tax-App-Frontend/node_modules/jest-circus/build/jestAdapterInit.js:1918:21)
            at jestAdapter (/Users/ryan/Library/Mobile Documents/com~apple~CloudDocs/Documents/VSCode/Tax-App-Frontend/node_modules/jest-circus/build/runner.js:101:19)
            at runTestInternal (/Users/ryan/Library/Mobile Documents/com~apple~CloudDocs/Documents/VSCode/Tax-App-Frontend/node_modules/jest-runner/build/testWorker.js:275:16)
            at runTest (/Users/ryan/Library/Mobile Documents/com~apple~CloudDocs/Documents/VSCode/Tax-App-Frontend/node_modules/jest-runner/build/testWorker.js:343:7)
            at Object.worker (/Users/ryan/Library/Mobile Documents/com~apple~CloudDocs/Documents/VSCode/Tax-App-Frontend/node_modules/jest-runner/build/testWorker.js:497:12),
        type: 'unhandled exception'
      }

      109 |
      110 |     test('should display single-column layout with centered content', () => {
    > 111 |       const { container } = render(<LoginPageClient />);
          |                                   ^
      112 |
      113 |       const mainContainer = container.querySelector('.min-h-screen');
      114 |       expect(mainContainer).toHaveClass('flex', 'items-center', 'justify-center');

      at VirtualConsole.<anonymous> (node_modules/@jest/environment-jsdom-abstract/build/index.js:87:23)
      at reportException (node_modules/jsdom/lib/jsdom/living/helpers/runtime-script-errors.js:70:28)
      at innerInvokeEventListeners (node_modules/jsdom/lib/jsdom/living/events/EventTarget-impl.js:353:9)
      at invokeEventListeners (node_modules/jsdom/lib/jsdom/living/events/EventTarget-impl.js:286:3)
      at HTMLUnknownElementImpl._dispatch (node_modules/jsdom/lib/jsdom/living/events/EventTarget-impl.js:233:9)
      at HTMLUnknownElementImpl.dispatchEvent (node_modules/jsdom/lib/jsdom/living/events/EventTarget-impl.js:104:17)
      at HTMLUnknownElement.dispatchEvent (node_modules/jsdom/lib/jsdom/living/generated/EventTarget.js:241:34)
      at Object.invokeGuardedCallbackDev (node_modules/react-dom/cjs/react-dom.development.js:4213:16)
      at invokeGuardedCallback (node_modules/react-dom/cjs/react-dom.development.js:4277:31)
      at beginWork$1 (node_modules/react-dom/cjs/react-dom.development.js:27490:7)
      at performUnitOfWork (node_modules/react-dom/cjs/react-dom.development.js:26599:12)
      at workLoopSync (node_modules/react-dom/cjs/react-dom.development.js:26505:5)
      at renderRootSync (node_modules/react-dom/cjs/react-dom.development.js:26473:7)
      at recoverFromConcurrentError (node_modules/react-dom/cjs/react-dom.development.js:25889:20)
      at performConcurrentWorkOnRoot (node_modules/react-dom/cjs/react-dom.development.js:25789:22)
      at flushActQueue (node_modules/react/cjs/react.development.js:2667:24)
      at act (node_modules/react/cjs/react.development.js:2582:11)
      at node_modules/@testing-library/react/dist/act-compat.js:46:25
      at renderRoot (node_modules/@testing-library/react/dist/pure.js:189:26)
      at render (node_modules/@testing-library/react/dist/pure.js:291:10)
      at Object.<anonymous> (src/app/login/responsive-layout.test.tsx:111:35)

    console.error
      The above error occurred in the <LoginForm> component:
      
          at className (/Users/ryan/Library/Mobile Documents/com~apple~CloudDocs/Documents/VSCode/Tax-App-Frontend/src/components/LoginForm.tsx:45:29)
          at div
          at children (/Users/ryan/Library/Mobile Documents/com~apple~CloudDocs/Documents/VSCode/Tax-App-Frontend/src/app/login/responsive-layout.test.tsx:62:19)
          at div
          at children (/Users/ryan/Library/Mobile Documents/com~apple~CloudDocs/Documents/VSCode/Tax-App-Frontend/src/app/login/responsive-layout.test.tsx:52:12)
          at div
          at div
          at div
          at children (/Users/ryan/Library/Mobile Documents/com~apple~CloudDocs/Documents/VSCode/Tax-App-Frontend/src/app/login/responsive-layout.test.tsx:47:21)
          at callbackUrl (/Users/ryan/Library/Mobile Documents/com~apple~CloudDocs/Documents/VSCode/Tax-App-Frontend/src/app/login/LoginPageClient.tsx:49:43)
      
      Consider adding an error boundary to your tree to customize error handling behavior.
      Visit https://reactjs.org/link/error-boundaries to learn more about error boundaries.

      109 |
      110 |     test('should display single-column layout with centered content', () => {
    > 111 |       const { container } = render(<LoginPageClient />);
          |                                   ^
      112 |
      113 |       const mainContainer = container.querySelector('.min-h-screen');
      114 |       expect(mainContainer).toHaveClass('flex', 'items-center', 'justify-center');

      at logCapturedError (node_modules/react-dom/cjs/react-dom.development.js:18704:23)
      at update.callback (node_modules/react-dom/cjs/react-dom.development.js:18737:5)
      at callCallback (node_modules/react-dom/cjs/react-dom.development.js:15036:12)
      at commitUpdateQueue (node_modules/react-dom/cjs/react-dom.development.js:15057:9)
      at commitLayoutEffectOnFiber (node_modules/react-dom/cjs/react-dom.development.js:23430:13)
      at commitLayoutMountEffects_complete (node_modules/react-dom/cjs/react-dom.development.js:24727:9)
      at commitLayoutEffects_begin (node_modules/react-dom/cjs/react-dom.development.js:24713:7)
      at commitLayoutEffects (node_modules/react-dom/cjs/react-dom.development.js:24651:3)
      at commitRootImpl (node_modules/react-dom/cjs/react-dom.development.js:26862:5)
      at commitRoot (node_modules/react-dom/cjs/react-dom.development.js:26721:5)
      at finishConcurrentRender (node_modules/react-dom/cjs/react-dom.development.js:25931:9)
      at performConcurrentWorkOnRoot (node_modules/react-dom/cjs/react-dom.development.js:25848:7)
      at flushActQueue (node_modules/react/cjs/react.development.js:2667:24)
      at act (node_modules/react/cjs/react.development.js:2582:11)
      at node_modules/@testing-library/react/dist/act-compat.js:46:25
      at renderRoot (node_modules/@testing-library/react/dist/pure.js:189:26)
      at render (node_modules/@testing-library/react/dist/pure.js:291:10)
      at Object.<anonymous> (src/app/login/responsive-layout.test.tsx:111:35)

    console.error
      Error: Uncaught [TypeError: Cannot read properties of undefined (reading 'state')]
          at reportException (/Users/ryan/Library/Mobile Documents/com~apple~CloudDocs/Documents/VSCode/Tax-App-Frontend/node_modules/jsdom/lib/jsdom/living/helpers/runtime-script-errors.js:66:24)
          at innerInvokeEventListeners (/Users/ryan/Library/Mobile Documents/com~apple~CloudDocs/Documents/VSCode/Tax-App-Frontend/node_modules/jsdom/lib/jsdom/living/events/EventTarget-impl.js:353:9)
          at invokeEventListeners (/Users/ryan/Library/Mobile Documents/com~apple~CloudDocs/Documents/VSCode/Tax-App-Frontend/node_modules/jsdom/lib/jsdom/living/events/EventTarget-impl.js:286:3)
          at HTMLUnknownElementImpl._dispatch (/Users/ryan/Library/Mobile Documents/com~apple~CloudDocs/Documents/VSCode/Tax-App-Frontend/node_modules/jsdom/lib/jsdom/living/events/EventTarget-impl.js:233:9)
          at HTMLUnknownElementImpl.dispatchEvent (/Users/ryan/Library/Mobile Documents/com~apple~CloudDocs/Documents/VSCode/Tax-App-Frontend/node_modules/jsdom/lib/jsdom/living/events/EventTarget-impl.js:104:17)
          at HTMLUnknownElement.dispatchEvent (/Users/ryan/Library/Mobile Documents/com~apple~CloudDocs/Documents/VSCode/Tax-App-Frontend/node_modules/jsdom/lib/jsdom/living/generated/EventTarget.js:241:34)
          at Object.invokeGuardedCallbackDev (/Users/ryan/Library/Mobile Documents/com~apple~CloudDocs/Documents/VSCode/Tax-App-Frontend/node_modules/react-dom/cjs/react-dom.development.js:4213:16)
          at invokeGuardedCallback (/Users/ryan/Library/Mobile Documents/com~apple~CloudDocs/Documents/VSCode/Tax-App-Frontend/node_modules/react-dom/cjs/react-dom.development.js:4277:31)
          at beginWork$1 (/Users/ryan/Library/Mobile Documents/com~apple~CloudDocs/Documents/VSCode/Tax-App-Frontend/node_modules/react-dom/cjs/react-dom.development.js:27490:7)
          at performUnitOfWork (/Users/ryan/Library/Mobile Documents/com~apple~CloudDocs/Documents/VSCode/Tax-App-Frontend/node_modules/react-dom/cjs/react-dom.development.js:26599:12)
          at workLoopSync (/Users/ryan/Library/Mobile Documents/com~apple~CloudDocs/Documents/VSCode/Tax-App-Frontend/node_modules/react-dom/cjs/react-dom.development.js:26505:5)
          at renderRootSync (/Users/ryan/Library/Mobile Documents/com~apple~CloudDocs/Documents/VSCode/Tax-App-Frontend/node_modules/react-dom/cjs/react-dom.development.js:26473:7)
          at performConcurrentWorkOnRoot (/Users/ryan/Library/Mobile Documents/com~apple~CloudDocs/Documents/VSCode/Tax-App-Frontend/node_modules/react-dom/cjs/react-dom.development.js:25777:74)
          at flushActQueue (/Users/ryan/Library/Mobile Documents/com~apple~CloudDocs/Documents/VSCode/Tax-App-Frontend/node_modules/react/cjs/react.development.js:2667:24)
          at act (/Users/ryan/Library/Mobile Documents/com~apple~CloudDocs/Documents/VSCode/Tax-App-Frontend/node_modules/react/cjs/react.development.js:2582:11)
          at /Users/ryan/Library/Mobile Documents/com~apple~CloudDocs/Documents/VSCode/Tax-App-Frontend/node_modules/@testing-library/react/dist/act-compat.js:46:25
          at renderRoot (/Users/ryan/Library/Mobile Documents/com~apple~CloudDocs/Documents/VSCode/Tax-App-Frontend/node_modules/@testing-library/react/dist/pure.js:189:26)
          at render (/Users/ryan/Library/Mobile Documents/com~apple~CloudDocs/Documents/VSCode/Tax-App-Frontend/node_modules/@testing-library/react/dist/pure.js:291:10)
          at Object.<anonymous> (/Users/ryan/Library/Mobile Documents/com~apple~CloudDocs/Documents/VSCode/Tax-App-Frontend/src/app/login/responsive-layout.test.tsx:118:13)
          at Promise.finally.completed (/Users/ryan/Library/Mobile Documents/com~apple~CloudDocs/Documents/VSCode/Tax-App-Frontend/node_modules/jest-circus/build/jestAdapterInit.js:1557:28)
          at new Promise (<anonymous>)
          at callAsyncCircusFn (/Users/ryan/Library/Mobile Documents/com~apple~CloudDocs/Documents/VSCode/Tax-App-Frontend/node_modules/jest-circus/build/jestAdapterInit.js:1497:10)
          at _callCircusTest (/Users/ryan/Library/Mobile Documents/com~apple~CloudDocs/Documents/VSCode/Tax-App-Frontend/node_modules/jest-circus/build/jestAdapterInit.js:1007:40)
          at processTicksAndRejections (node:internal/process/task_queues:95:5)
          at _runTest (/Users/ryan/Library/Mobile Documents/com~apple~CloudDocs/Documents/VSCode/Tax-App-Frontend/node_modules/jest-circus/build/jestAdapterInit.js:947:3)
          at /Users/ryan/Library/Mobile Documents/com~apple~CloudDocs/Documents/VSCode/Tax-App-Frontend/node_modules/jest-circus/build/jestAdapterInit.js:849:7
          at _runTestsForDescribeBlock (/Users/ryan/Library/Mobile Documents/com~apple~CloudDocs/Documents/VSCode/Tax-App-Frontend/node_modules/jest-circus/build/jestAdapterInit.js:862:11)
          at _runTestsForDescribeBlock (/Users/ryan/Library/Mobile Documents/com~apple~CloudDocs/Documents/VSCode/Tax-App-Frontend/node_modules/jest-circus/build/jestAdapterInit.js:857:11)
          at _runTestsForDescribeBlock (/Users/ryan/Library/Mobile Documents/com~apple~CloudDocs/Documents/VSCode/Tax-App-Frontend/node_modules/jest-circus/build/jestAdapterInit.js:857:11)
          at run (/Users/ryan/Library/Mobile Documents/com~apple~CloudDocs/Documents/VSCode/Tax-App-Frontend/node_modules/jest-circus/build/jestAdapterInit.js:761:3)
          at runAndTransformResultsToJestFormat (/Users/ryan/Library/Mobile Documents/com~apple~CloudDocs/Documents/VSCode/Tax-App-Frontend/node_modules/jest-circus/build/jestAdapterInit.js:1918:21)
          at jestAdapter (/Users/ryan/Library/Mobile Documents/com~apple~CloudDocs/Documents/VSCode/Tax-App-Frontend/node_modules/jest-circus/build/runner.js:101:19)
          at runTestInternal (/Users/ryan/Library/Mobile Documents/com~apple~CloudDocs/Documents/VSCode/Tax-App-Frontend/node_modules/jest-runner/build/testWorker.js:275:16)
          at runTest (/Users/ryan/Library/Mobile Documents/com~apple~CloudDocs/Documents/VSCode/Tax-App-Frontend/node_modules/jest-runner/build/testWorker.js:343:7)
          at Object.worker (/Users/ryan/Library/Mobile Documents/com~apple~CloudDocs/Documents/VSCode/Tax-App-Frontend/node_modules/jest-runner/build/testWorker.js:497:12) {
        detail: TypeError: Cannot read properties of undefined (reading 'state')
            at state (/Users/ryan/Library/Mobile Documents/com~apple~CloudDocs/Documents/VSCode/Tax-App-Frontend/src/components/LoginForm.tsx:93:15)
            at renderWithHooks (/Users/ryan/Library/Mobile Documents/com~apple~CloudDocs/Documents/VSCode/Tax-App-Frontend/node_modules/react-dom/cjs/react-dom.development.js:15486:18)
            at mountIndeterminateComponent (/Users/ryan/Library/Mobile Documents/com~apple~CloudDocs/Documents/VSCode/Tax-App-Frontend/node_modules/react-dom/cjs/react-dom.development.js:20103:13)
            at beginWork (/Users/ryan/Library/Mobile Documents/com~apple~CloudDocs/Documents/VSCode/Tax-App-Frontend/node_modules/react-dom/cjs/react-dom.development.js:21626:16)
            at HTMLUnknownElement.callCallback (/Users/ryan/Library/Mobile Documents/com~apple~CloudDocs/Documents/VSCode/Tax-App-Frontend/node_modules/react-dom/cjs/react-dom.development.js:4164:14)
            at HTMLUnknownElement.callTheUserObjectsOperation (/Users/ryan/Library/Mobile Documents/com~apple~CloudDocs/Documents/VSCode/Tax-App-Frontend/node_modules/jsdom/lib/jsdom/living/generated/EventListener.js:26:30)
            at innerInvokeEventListeners (/Users/ryan/Library/Mobile Documents/com~apple~CloudDocs/Documents/VSCode/Tax-App-Frontend/node_modules/jsdom/lib/jsdom/living/events/EventTarget-impl.js:350:25)
            at invokeEventListeners (/Users/ryan/Library/Mobile Documents/com~apple~CloudDocs/Documents/VSCode/Tax-App-Frontend/node_modules/jsdom/lib/jsdom/living/events/EventTarget-impl.js:286:3)
            at HTMLUnknownElementImpl._dispatch (/Users/ryan/Library/Mobile Documents/com~apple~CloudDocs/Documents/VSCode/Tax-App-Frontend/node_modules/jsdom/lib/jsdom/living/events/EventTarget-impl.js:233:9)
            at HTMLUnknownElementImpl.dispatchEvent (/Users/ryan/Library/Mobile Documents/com~apple~CloudDocs/Documents/VSCode/Tax-App-Frontend/node_modules/jsdom/lib/jsdom/living/events/EventTarget-impl.js:104:17)
            at HTMLUnknownElement.dispatchEvent (/Users/ryan/Library/Mobile Documents/com~apple~CloudDocs/Documents/VSCode/Tax-App-Frontend/node_modules/jsdom/lib/jsdom/living/generated/EventTarget.js:241:34)
            at Object.invokeGuardedCallbackDev (/Users/ryan/Library/Mobile Documents/com~apple~CloudDocs/Documents/VSCode/Tax-App-Frontend/node_modules/react-dom/cjs/react-dom.development.js:4213:16)
            at invokeGuardedCallback (/Users/ryan/Library/Mobile Documents/com~apple~CloudDocs/Documents/VSCode/Tax-App-Frontend/node_modules/react-dom/cjs/react-dom.development.js:4277:31)
            at beginWork$1 (/Users/ryan/Library/Mobile Documents/com~apple~CloudDocs/Documents/VSCode/Tax-App-Frontend/node_modules/react-dom/cjs/react-dom.development.js:27490:7)
            at performUnitOfWork (/Users/ryan/Library/Mobile Documents/com~apple~CloudDocs/Documents/VSCode/Tax-App-Frontend/node_modules/react-dom/cjs/react-dom.development.js:26599:12)
            at workLoopSync (/Users/ryan/Library/Mobile Documents/com~apple~CloudDocs/Documents/VSCode/Tax-App-Frontend/node_modules/react-dom/cjs/react-dom.development.js:26505:5)
            at renderRootSync (/Users/ryan/Library/Mobile Documents/com~apple~CloudDocs/Documents/VSCode/Tax-App-Frontend/node_modules/react-dom/cjs/react-dom.development.js:26473:7)
            at performConcurrentWorkOnRoot (/Users/ryan/Library/Mobile Documents/com~apple~CloudDocs/Documents/VSCode/Tax-App-Frontend/node_modules/react-dom/cjs/react-dom.development.js:25777:74)
            at flushActQueue (/Users/ryan/Library/Mobile Documents/com~apple~CloudDocs/Documents/VSCode/Tax-App-Frontend/node_modules/react/cjs/react.development.js:2667:24)
            at act (/Users/ryan/Library/Mobile Documents/com~apple~CloudDocs/Documents/VSCode/Tax-App-Frontend/node_modules/react/cjs/react.development.js:2582:11)
            at /Users/ryan/Library/Mobile Documents/com~apple~CloudDocs/Documents/VSCode/Tax-App-Frontend/node_modules/@testing-library/react/dist/act-compat.js:46:25
            at renderRoot (/Users/ryan/Library/Mobile Documents/com~apple~CloudDocs/Documents/VSCode/Tax-App-Frontend/node_modules/@testing-library/react/dist/pure.js:189:26)
            at render (/Users/ryan/Library/Mobile Documents/com~apple~CloudDocs/Documents/VSCode/Tax-App-Frontend/node_modules/@testing-library/react/dist/pure.js:291:10)
            at Object.<anonymous> (/Users/ryan/Library/Mobile Documents/com~apple~CloudDocs/Documents/VSCode/Tax-App-Frontend/src/app/login/responsive-layout.test.tsx:118:13)
            at Promise.finally.completed (/Users/ryan/Library/Mobile Documents/com~apple~CloudDocs/Documents/VSCode/Tax-App-Frontend/node_modules/jest-circus/build/jestAdapterInit.js:1557:28)
            at new Promise (<anonymous>)
            at callAsyncCircusFn (/Users/ryan/Library/Mobile Documents/com~apple~CloudDocs/Documents/VSCode/Tax-App-Frontend/node_modules/jest-circus/build/jestAdapterInit.js:1497:10)
            at _callCircusTest (/Users/ryan/Library/Mobile Documents/com~apple~CloudDocs/Documents/VSCode/Tax-App-Frontend/node_modules/jest-circus/build/jestAdapterInit.js:1007:40)
            at processTicksAndRejections (node:internal/process/task_queues:95:5)
            at _runTest (/Users/ryan/Library/Mobile Documents/com~apple~CloudDocs/Documents/VSCode/Tax-App-Frontend/node_modules/jest-circus/build/jestAdapterInit.js:947:3)
            at /Users/ryan/Library/Mobile Documents/com~apple~CloudDocs/Documents/VSCode/Tax-App-Frontend/node_modules/jest-circus/build/jestAdapterInit.js:849:7
            at _runTestsForDescribeBlock (/Users/ryan/Library/Mobile Documents/com~apple~CloudDocs/Documents/VSCode/Tax-App-Frontend/node_modules/jest-circus/build/jestAdapterInit.js:862:11)
            at _runTestsForDescribeBlock (/Users/ryan/Library/Mobile Documents/com~apple~CloudDocs/Documents/VSCode/Tax-App-Frontend/node_modules/jest-circus/build/jestAdapterInit.js:857:11)
            at _runTestsForDescribeBlock (/Users/ryan/Library/Mobile Documents/com~apple~CloudDocs/Documents/VSCode/Tax-App-Frontend/node_modules/jest-circus/build/jestAdapterInit.js:857:11)
            at run (/Users/ryan/Library/Mobile Documents/com~apple~CloudDocs/Documents/VSCode/Tax-App-Frontend/node_modules/jest-circus/build/jestAdapterInit.js:761:3)
            at runAndTransformResultsToJestFormat (/Users/ryan/Library/Mobile Documents/com~apple~CloudDocs/Documents/VSCode/Tax-App-Frontend/node_modules/jest-circus/build/jestAdapterInit.js:1918:21)
            at jestAdapter (/Users/ryan/Library/Mobile Documents/com~apple~CloudDocs/Documents/VSCode/Tax-App-Frontend/node_modules/jest-circus/build/runner.js:101:19)
            at runTestInternal (/Users/ryan/Library/Mobile Documents/com~apple~CloudDocs/Documents/VSCode/Tax-App-Frontend/node_modules/jest-runner/build/testWorker.js:275:16)
            at runTest (/Users/ryan/Library/Mobile Documents/com~apple~CloudDocs/Documents/VSCode/Tax-App-Frontend/node_modules/jest-runner/build/testWorker.js:343:7)
            at Object.worker (/Users/ryan/Library/Mobile Documents/com~apple~CloudDocs/Documents/VSCode/Tax-App-Frontend/node_modules/jest-runner/build/testWorker.js:497:12),
        type: 'unhandled exception'
      }

      116 |
      117 |     test('should use smaller text size on mobile for title (text-2xl)', () => {
    > 118 |       render(<LoginPageClient />);
          |             ^
      119 |
      120 |       const title = screen.getByRole('heading', { level: 1 });
      121 |       expect(title).toHaveClass('text-2xl');

      at VirtualConsole.<anonymous> (node_modules/@jest/environment-jsdom-abstract/build/index.js:87:23)
      at reportException (node_modules/jsdom/lib/jsdom/living/helpers/runtime-script-errors.js:70:28)
      at innerInvokeEventListeners (node_modules/jsdom/lib/jsdom/living/events/EventTarget-impl.js:353:9)
      at invokeEventListeners (node_modules/jsdom/lib/jsdom/living/events/EventTarget-impl.js:286:3)
      at HTMLUnknownElementImpl._dispatch (node_modules/jsdom/lib/jsdom/living/events/EventTarget-impl.js:233:9)
      at HTMLUnknownElementImpl.dispatchEvent (node_modules/jsdom/lib/jsdom/living/events/EventTarget-impl.js:104:17)
      at HTMLUnknownElement.dispatchEvent (node_modules/jsdom/lib/jsdom/living/generated/EventTarget.js:241:34)
      at Object.invokeGuardedCallbackDev (node_modules/react-dom/cjs/react-dom.development.js:4213:16)
      at invokeGuardedCallback (node_modules/react-dom/cjs/react-dom.development.js:4277:31)
      at beginWork$1 (node_modules/react-dom/cjs/react-dom.development.js:27490:7)
      at performUnitOfWork (node_modules/react-dom/cjs/react-dom.development.js:26599:12)
      at workLoopSync (node_modules/react-dom/cjs/react-dom.development.js:26505:5)
      at renderRootSync (node_modules/react-dom/cjs/react-dom.development.js:26473:7)
      at performConcurrentWorkOnRoot (node_modules/react-dom/cjs/react-dom.development.js:25777:74)
      at flushActQueue (node_modules/react/cjs/react.development.js:2667:24)
      at act (node_modules/react/cjs/react.development.js:2582:11)
      at node_modules/@testing-library/react/dist/act-compat.js:46:25
      at renderRoot (node_modules/@testing-library/react/dist/pure.js:189:26)
      at render (node_modules/@testing-library/react/dist/pure.js:291:10)
      at Object.<anonymous> (src/app/login/responsive-layout.test.tsx:118:13)

    console.error
      Error: Uncaught [TypeError: Cannot read properties of undefined (reading 'state')]
          at reportException (/Users/ryan/Library/Mobile Documents/com~apple~CloudDocs/Documents/VSCode/Tax-App-Frontend/node_modules/jsdom/lib/jsdom/living/helpers/runtime-script-errors.js:66:24)
          at innerInvokeEventListeners (/Users/ryan/Library/Mobile Documents/com~apple~CloudDocs/Documents/VSCode/Tax-App-Frontend/node_modules/jsdom/lib/jsdom/living/events/EventTarget-impl.js:353:9)
          at invokeEventListeners (/Users/ryan/Library/Mobile Documents/com~apple~CloudDocs/Documents/VSCode/Tax-App-Frontend/node_modules/jsdom/lib/jsdom/living/events/EventTarget-impl.js:286:3)
          at HTMLUnknownElementImpl._dispatch (/Users/ryan/Library/Mobile Documents/com~apple~CloudDocs/Documents/VSCode/Tax-App-Frontend/node_modules/jsdom/lib/jsdom/living/events/EventTarget-impl.js:233:9)
          at HTMLUnknownElementImpl.dispatchEvent (/Users/ryan/Library/Mobile Documents/com~apple~CloudDocs/Documents/VSCode/Tax-App-Frontend/node_modules/jsdom/lib/jsdom/living/events/EventTarget-impl.js:104:17)
          at HTMLUnknownElement.dispatchEvent (/Users/ryan/Library/Mobile Documents/com~apple~CloudDocs/Documents/VSCode/Tax-App-Frontend/node_modules/jsdom/lib/jsdom/living/generated/EventTarget.js:241:34)
          at Object.invokeGuardedCallbackDev (/Users/ryan/Library/Mobile Documents/com~apple~CloudDocs/Documents/VSCode/Tax-App-Frontend/node_modules/react-dom/cjs/react-dom.development.js:4213:16)
          at invokeGuardedCallback (/Users/ryan/Library/Mobile Documents/com~apple~CloudDocs/Documents/VSCode/Tax-App-Frontend/node_modules/react-dom/cjs/react-dom.development.js:4277:31)
          at beginWork$1 (/Users/ryan/Library/Mobile Documents/com~apple~CloudDocs/Documents/VSCode/Tax-App-Frontend/node_modules/react-dom/cjs/react-dom.development.js:27490:7)
          at performUnitOfWork (/Users/ryan/Library/Mobile Documents/com~apple~CloudDocs/Documents/VSCode/Tax-App-Frontend/node_modules/react-dom/cjs/react-dom.development.js:26599:12)
          at workLoopSync (/Users/ryan/Library/Mobile Documents/com~apple~CloudDocs/Documents/VSCode/Tax-App-Frontend/node_modules/react-dom/cjs/react-dom.development.js:26505:5)
          at renderRootSync (/Users/ryan/Library/Mobile Documents/com~apple~CloudDocs/Documents/VSCode/Tax-App-Frontend/node_modules/react-dom/cjs/react-dom.development.js:26473:7)
          at recoverFromConcurrentError (/Users/ryan/Library/Mobile Documents/com~apple~CloudDocs/Documents/VSCode/Tax-App-Frontend/node_modules/react-dom/cjs/react-dom.development.js:25889:20)
          at performConcurrentWorkOnRoot (/Users/ryan/Library/Mobile Documents/com~apple~CloudDocs/Documents/VSCode/Tax-App-Frontend/node_modules/react-dom/cjs/react-dom.development.js:25789:22)
          at flushActQueue (/Users/ryan/Library/Mobile Documents/com~apple~CloudDocs/Documents/VSCode/Tax-App-Frontend/node_modules/react/cjs/react.development.js:2667:24)
          at act (/Users/ryan/Library/Mobile Documents/com~apple~CloudDocs/Documents/VSCode/Tax-App-Frontend/node_modules/react/cjs/react.development.js:2582:11)
          at /Users/ryan/Library/Mobile Documents/com~apple~CloudDocs/Documents/VSCode/Tax-App-Frontend/node_modules/@testing-library/react/dist/act-compat.js:46:25
          at renderRoot (/Users/ryan/Library/Mobile Documents/com~apple~CloudDocs/Documents/VSCode/Tax-App-Frontend/node_modules/@testing-library/react/dist/pure.js:189:26)
          at render (/Users/ryan/Library/Mobile Documents/com~apple~CloudDocs/Documents/VSCode/Tax-App-Frontend/node_modules/@testing-library/react/dist/pure.js:291:10)
          at Object.<anonymous> (/Users/ryan/Library/Mobile Documents/com~apple~CloudDocs/Documents/VSCode/Tax-App-Frontend/src/app/login/responsive-layout.test.tsx:118:13)
          at Promise.finally.completed (/Users/ryan/Library/Mobile Documents/com~apple~CloudDocs/Documents/VSCode/Tax-App-Frontend/node_modules/jest-circus/build/jestAdapterInit.js:1557:28)
          at new Promise (<anonymous>)
          at callAsyncCircusFn (/Users/ryan/Library/Mobile Documents/com~apple~CloudDocs/Documents/VSCode/Tax-App-Frontend/node_modules/jest-circus/build/jestAdapterInit.js:1497:10)
          at _callCircusTest (/Users/ryan/Library/Mobile Documents/com~apple~CloudDocs/Documents/VSCode/Tax-App-Frontend/node_modules/jest-circus/build/jestAdapterInit.js:1007:40)
          at processTicksAndRejections (node:internal/process/task_queues:95:5)
          at _runTest (/Users/ryan/Library/Mobile Documents/com~apple~CloudDocs/Documents/VSCode/Tax-App-Frontend/node_modules/jest-circus/build/jestAdapterInit.js:947:3)
          at /Users/ryan/Library/Mobile Documents/com~apple~CloudDocs/Documents/VSCode/Tax-App-Frontend/node_modules/jest-circus/build/jestAdapterInit.js:849:7
          at _runTestsForDescribeBlock (/Users/ryan/Library/Mobile Documents/com~apple~CloudDocs/Documents/VSCode/Tax-App-Frontend/node_modules/jest-circus/build/jestAdapterInit.js:862:11)
          at _runTestsForDescribeBlock (/Users/ryan/Library/Mobile Documents/com~apple~CloudDocs/Documents/VSCode/Tax-App-Frontend/node_modules/jest-circus/build/jestAdapterInit.js:857:11)
          at _runTestsForDescribeBlock (/Users/ryan/Library/Mobile Documents/com~apple~CloudDocs/Documents/VSCode/Tax-App-Frontend/node_modules/jest-circus/build/jestAdapterInit.js:857:11)
          at run (/Users/ryan/Library/Mobile Documents/com~apple~CloudDocs/Documents/VSCode/Tax-App-Frontend/node_modules/jest-circus/build/jestAdapterInit.js:761:3)
          at runAndTransformResultsToJestFormat (/Users/ryan/Library/Mobile Documents/com~apple~CloudDocs/Documents/VSCode/Tax-App-Frontend/node_modules/jest-circus/build/jestAdapterInit.js:1918:21)
          at jestAdapter (/Users/ryan/Library/Mobile Documents/com~apple~CloudDocs/Documents/VSCode/Tax-App-Frontend/node_modules/jest-circus/build/runner.js:101:19)
          at runTestInternal (/Users/ryan/Library/Mobile Documents/com~apple~CloudDocs/Documents/VSCode/Tax-App-Frontend/node_modules/jest-runner/build/testWorker.js:275:16)
          at runTest (/Users/ryan/Library/Mobile Documents/com~apple~CloudDocs/Documents/VSCode/Tax-App-Frontend/node_modules/jest-runner/build/testWorker.js:343:7)
          at Object.worker (/Users/ryan/Library/Mobile Documents/com~apple~CloudDocs/Documents/VSCode/Tax-App-Frontend/node_modules/jest-runner/build/testWorker.js:497:12) {
        detail: TypeError: Cannot read properties of undefined (reading 'state')
            at state (/Users/ryan/Library/Mobile Documents/com~apple~CloudDocs/Documents/VSCode/Tax-App-Frontend/src/components/LoginForm.tsx:93:15)
            at renderWithHooks (/Users/ryan/Library/Mobile Documents/com~apple~CloudDocs/Documents/VSCode/Tax-App-Frontend/node_modules/react-dom/cjs/react-dom.development.js:15486:18)
            at mountIndeterminateComponent (/Users/ryan/Library/Mobile Documents/com~apple~CloudDocs/Documents/VSCode/Tax-App-Frontend/node_modules/react-dom/cjs/react-dom.development.js:20103:13)
            at beginWork (/Users/ryan/Library/Mobile Documents/com~apple~CloudDocs/Documents/VSCode/Tax-App-Frontend/node_modules/react-dom/cjs/react-dom.development.js:21626:16)
            at HTMLUnknownElement.callCallback (/Users/ryan/Library/Mobile Documents/com~apple~CloudDocs/Documents/VSCode/Tax-App-Frontend/node_modules/react-dom/cjs/react-dom.development.js:4164:14)
            at HTMLUnknownElement.callTheUserObjectsOperation (/Users/ryan/Library/Mobile Documents/com~apple~CloudDocs/Documents/VSCode/Tax-App-Frontend/node_modules/jsdom/lib/jsdom/living/generated/EventListener.js:26:30)
            at innerInvokeEventListeners (/Users/ryan/Library/Mobile Documents/com~apple~CloudDocs/Documents/VSCode/Tax-App-Frontend/node_modules/jsdom/lib/jsdom/living/events/EventTarget-impl.js:350:25)
            at invokeEventListeners (/Users/ryan/Library/Mobile Documents/com~apple~CloudDocs/Documents/VSCode/Tax-App-Frontend/node_modules/jsdom/lib/jsdom/living/events/EventTarget-impl.js:286:3)
            at HTMLUnknownElementImpl._dispatch (/Users/ryan/Library/Mobile Documents/com~apple~CloudDocs/Documents/VSCode/Tax-App-Frontend/node_modules/jsdom/lib/jsdom/living/events/EventTarget-impl.js:233:9)
            at HTMLUnknownElementImpl.dispatchEvent (/Users/ryan/Library/Mobile Documents/com~apple~CloudDocs/Documents/VSCode/Tax-App-Frontend/node_modules/jsdom/lib/jsdom/living/events/EventTarget-impl.js:104:17)
            at HTMLUnknownElement.dispatchEvent (/Users/ryan/Library/Mobile Documents/com~apple~CloudDocs/Documents/VSCode/Tax-App-Frontend/node_modules/jsdom/lib/jsdom/living/generated/EventTarget.js:241:34)
            at Object.invokeGuardedCallbackDev (/Users/ryan/Library/Mobile Documents/com~apple~CloudDocs/Documents/VSCode/Tax-App-Frontend/node_modules/react-dom/cjs/react-dom.development.js:4213:16)
            at invokeGuardedCallback (/Users/ryan/Library/Mobile Documents/com~apple~CloudDocs/Documents/VSCode/Tax-App-Frontend/node_modules/react-dom/cjs/react-dom.development.js:4277:31)
            at beginWork$1 (/Users/ryan/Library/Mobile Documents/com~apple~CloudDocs/Documents/VSCode/Tax-App-Frontend/node_modules/react-dom/cjs/react-dom.development.js:27490:7)
            at performUnitOfWork (/Users/ryan/Library/Mobile Documents/com~apple~CloudDocs/Documents/VSCode/Tax-App-Frontend/node_modules/react-dom/cjs/react-dom.development.js:26599:12)
            at workLoopSync (/Users/ryan/Library/Mobile Documents/com~apple~CloudDocs/Documents/VSCode/Tax-App-Frontend/node_modules/react-dom/cjs/react-dom.development.js:26505:5)
            at renderRootSync (/Users/ryan/Library/Mobile Documents/com~apple~CloudDocs/Documents/VSCode/Tax-App-Frontend/node_modules/react-dom/cjs/react-dom.development.js:26473:7)
            at recoverFromConcurrentError (/Users/ryan/Library/Mobile Documents/com~apple~CloudDocs/Documents/VSCode/Tax-App-Frontend/node_modules/react-dom/cjs/react-dom.development.js:25889:20)
            at performConcurrentWorkOnRoot (/Users/ryan/Library/Mobile Documents/com~apple~CloudDocs/Documents/VSCode/Tax-App-Frontend/node_modules/react-dom/cjs/react-dom.development.js:25789:22)
            at flushActQueue (/Users/ryan/Library/Mobile Documents/com~apple~CloudDocs/Documents/VSCode/Tax-App-Frontend/node_modules/react/cjs/react.development.js:2667:24)
            at act (/Users/ryan/Library/Mobile Documents/com~apple~CloudDocs/Documents/VSCode/Tax-App-Frontend/node_modules/react/cjs/react.development.js:2582:11)
            at /Users/ryan/Library/Mobile Documents/com~apple~CloudDocs/Documents/VSCode/Tax-App-Frontend/node_modules/@testing-library/react/dist/act-compat.js:46:25
            at renderRoot (/Users/ryan/Library/Mobile Documents/com~apple~CloudDocs/Documents/VSCode/Tax-App-Frontend/node_modules/@testing-library/react/dist/pure.js:189:26)
            at render (/Users/ryan/Library/Mobile Documents/com~apple~CloudDocs/Documents/VSCode/Tax-App-Frontend/node_modules/@testing-library/react/dist/pure.js:291:10)
            at Object.<anonymous> (/Users/ryan/Library/Mobile Documents/com~apple~CloudDocs/Documents/VSCode/Tax-App-Frontend/src/app/login/responsive-layout.test.tsx:118:13)
            at Promise.finally.completed (/Users/ryan/Library/Mobile Documents/com~apple~CloudDocs/Documents/VSCode/Tax-App-Frontend/node_modules/jest-circus/build/jestAdapterInit.js:1557:28)
            at new Promise (<anonymous>)
            at callAsyncCircusFn (/Users/ryan/Library/Mobile Documents/com~apple~CloudDocs/Documents/VSCode/Tax-App-Frontend/node_modules/jest-circus/build/jestAdapterInit.js:1497:10)
            at _callCircusTest (/Users/ryan/Library/Mobile Documents/com~apple~CloudDocs/Documents/VSCode/Tax-App-Frontend/node_modules/jest-circus/build/jestAdapterInit.js:1007:40)
            at processTicksAndRejections (node:internal/process/task_queues:95:5)
            at _runTest (/Users/ryan/Library/Mobile Documents/com~apple~CloudDocs/Documents/VSCode/Tax-App-Frontend/node_modules/jest-circus/build/jestAdapterInit.js:947:3)
            at /Users/ryan/Library/Mobile Documents/com~apple~CloudDocs/Documents/VSCode/Tax-App-Frontend/node_modules/jest-circus/build/jestAdapterInit.js:849:7
            at _runTestsForDescribeBlock (/Users/ryan/Library/Mobile Documents/com~apple~CloudDocs/Documents/VSCode/Tax-App-Frontend/node_modules/jest-circus/build/jestAdapterInit.js:862:11)
            at _runTestsForDescribeBlock (/Users/ryan/Library/Mobile Documents/com~apple~CloudDocs/Documents/VSCode/Tax-App-Frontend/node_modules/jest-circus/build/jestAdapterInit.js:857:11)
            at _runTestsForDescribeBlock (/Users/ryan/Library/Mobile Documents/com~apple~CloudDocs/Documents/VSCode/Tax-App-Frontend/node_modules/jest-circus/build/jestAdapterInit.js:857:11)
            at run (/Users/ryan/Library/Mobile Documents/com~apple~CloudDocs/Documents/VSCode/Tax-App-Frontend/node_modules/jest-circus/build/jestAdapterInit.js:761:3)
            at runAndTransformResultsToJestFormat (/Users/ryan/Library/Mobile Documents/com~apple~CloudDocs/Documents/VSCode/Tax-App-Frontend/node_modules/jest-circus/build/jestAdapterInit.js:1918:21)
            at jestAdapter (/Users/ryan/Library/Mobile Documents/com~apple~CloudDocs/Documents/VSCode/Tax-App-Frontend/node_modules/jest-circus/build/runner.js:101:19)
            at runTestInternal (/Users/ryan/Library/Mobile Documents/com~apple~CloudDocs/Documents/VSCode/Tax-App-Frontend/node_modules/jest-runner/build/testWorker.js:275:16)
            at runTest (/Users/ryan/Library/Mobile Documents/com~apple~CloudDocs/Documents/VSCode/Tax-App-Frontend/node_modules/jest-runner/build/testWorker.js:343:7)
            at Object.worker (/Users/ryan/Library/Mobile Documents/com~apple~CloudDocs/Documents/VSCode/Tax-App-Frontend/node_modules/jest-runner/build/testWorker.js:497:12),
        type: 'unhandled exception'
      }

      116 |
      117 |     test('should use smaller text size on mobile for title (text-2xl)', () => {
    > 118 |       render(<LoginPageClient />);
          |             ^
      119 |
      120 |       const title = screen.getByRole('heading', { level: 1 });
      121 |       expect(title).toHaveClass('text-2xl');

      at VirtualConsole.<anonymous> (node_modules/@jest/environment-jsdom-abstract/build/index.js:87:23)
      at reportException (node_modules/jsdom/lib/jsdom/living/helpers/runtime-script-errors.js:70:28)
      at innerInvokeEventListeners (node_modules/jsdom/lib/jsdom/living/events/EventTarget-impl.js:353:9)
      at invokeEventListeners (node_modules/jsdom/lib/jsdom/living/events/EventTarget-impl.js:286:3)
      at HTMLUnknownElementImpl._dispatch (node_modules/jsdom/lib/jsdom/living/events/EventTarget-impl.js:233:9)
      at HTMLUnknownElementImpl.dispatchEvent (node_modules/jsdom/lib/jsdom/living/events/EventTarget-impl.js:104:17)
      at HTMLUnknownElement.dispatchEvent (node_modules/jsdom/lib/jsdom/living/generated/EventTarget.js:241:34)
      at Object.invokeGuardedCallbackDev (node_modules/react-dom/cjs/react-dom.development.js:4213:16)
      at invokeGuardedCallback (node_modules/react-dom/cjs/react-dom.development.js:4277:31)
      at beginWork$1 (node_modules/react-dom/cjs/react-dom.development.js:27490:7)
      at performUnitOfWork (node_modules/react-dom/cjs/react-dom.development.js:26599:12)
      at workLoopSync (node_modules/react-dom/cjs/react-dom.development.js:26505:5)
      at renderRootSync (node_modules/react-dom/cjs/react-dom.development.js:26473:7)
      at recoverFromConcurrentError (node_modules/react-dom/cjs/react-dom.development.js:25889:20)
      at performConcurrentWorkOnRoot (node_modules/react-dom/cjs/react-dom.development.js:25789:22)
      at flushActQueue (node_modules/react/cjs/react.development.js:2667:24)
      at act (node_modules/react/cjs/react.development.js:2582:11)
      at node_modules/@testing-library/react/dist/act-compat.js:46:25
      at renderRoot (node_modules/@testing-library/react/dist/pure.js:189:26)
      at render (node_modules/@testing-library/react/dist/pure.js:291:10)
      at Object.<anonymous> (src/app/login/responsive-layout.test.tsx:118:13)

    console.error
      The above error occurred in the <LoginForm> component:
      
          at className (/Users/ryan/Library/Mobile Documents/com~apple~CloudDocs/Documents/VSCode/Tax-App-Frontend/src/components/LoginForm.tsx:45:29)
          at div
          at children (/Users/ryan/Library/Mobile Documents/com~apple~CloudDocs/Documents/VSCode/Tax-App-Frontend/src/app/login/responsive-layout.test.tsx:62:19)
          at div
          at children (/Users/ryan/Library/Mobile Documents/com~apple~CloudDocs/Documents/VSCode/Tax-App-Frontend/src/app/login/responsive-layout.test.tsx:52:12)
          at div
          at div
          at div
          at children (/Users/ryan/Library/Mobile Documents/com~apple~CloudDocs/Documents/VSCode/Tax-App-Frontend/src/app/login/responsive-layout.test.tsx:47:21)
          at callbackUrl (/Users/ryan/Library/Mobile Documents/com~apple~CloudDocs/Documents/VSCode/Tax-App-Frontend/src/app/login/LoginPageClient.tsx:49:43)
      
      Consider adding an error boundary to your tree to customize error handling behavior.
      Visit https://reactjs.org/link/error-boundaries to learn more about error boundaries.

      116 |
      117 |     test('should use smaller text size on mobile for title (text-2xl)', () => {
    > 118 |       render(<LoginPageClient />);
          |             ^
      119 |
      120 |       const title = screen.getByRole('heading', { level: 1 });
      121 |       expect(title).toHaveClass('text-2xl');

      at logCapturedError (node_modules/react-dom/cjs/react-dom.development.js:18704:23)
      at update.callback (node_modules/react-dom/cjs/react-dom.development.js:18737:5)
      at callCallback (node_modules/react-dom/cjs/react-dom.development.js:15036:12)
      at commitUpdateQueue (node_modules/react-dom/cjs/react-dom.development.js:15057:9)
      at commitLayoutEffectOnFiber (node_modules/react-dom/cjs/react-dom.development.js:23430:13)
      at commitLayoutMountEffects_complete (node_modules/react-dom/cjs/react-dom.development.js:24727:9)
      at commitLayoutEffects_begin (node_modules/react-dom/cjs/react-dom.development.js:24713:7)
      at commitLayoutEffects (node_modules/react-dom/cjs/react-dom.development.js:24651:3)
      at commitRootImpl (node_modules/react-dom/cjs/react-dom.development.js:26862:5)
      at commitRoot (node_modules/react-dom/cjs/react-dom.development.js:26721:5)
      at finishConcurrentRender (node_modules/react-dom/cjs/react-dom.development.js:25931:9)
      at performConcurrentWorkOnRoot (node_modules/react-dom/cjs/react-dom.development.js:25848:7)
      at flushActQueue (node_modules/react/cjs/react.development.js:2667:24)
      at act (node_modules/react/cjs/react.development.js:2582:11)
      at node_modules/@testing-library/react/dist/act-compat.js:46:25
      at renderRoot (node_modules/@testing-library/react/dist/pure.js:189:26)
      at render (node_modules/@testing-library/react/dist/pure.js:291:10)
      at Object.<anonymous> (src/app/login/responsive-layout.test.tsx:118:13)

    console.error
      Error: Uncaught [TypeError: Cannot read properties of undefined (reading 'state')]
          at reportException (/Users/ryan/Library/Mobile Documents/com~apple~CloudDocs/Documents/VSCode/Tax-App-Frontend/node_modules/jsdom/lib/jsdom/living/helpers/runtime-script-errors.js:66:24)
          at innerInvokeEventListeners (/Users/ryan/Library/Mobile Documents/com~apple~CloudDocs/Documents/VSCode/Tax-App-Frontend/node_modules/jsdom/lib/jsdom/living/events/EventTarget-impl.js:353:9)
          at invokeEventListeners (/Users/ryan/Library/Mobile Documents/com~apple~CloudDocs/Documents/VSCode/Tax-App-Frontend/node_modules/jsdom/lib/jsdom/living/events/EventTarget-impl.js:286:3)
          at HTMLUnknownElementImpl._dispatch (/Users/ryan/Library/Mobile Documents/com~apple~CloudDocs/Documents/VSCode/Tax-App-Frontend/node_modules/jsdom/lib/jsdom/living/events/EventTarget-impl.js:233:9)
          at HTMLUnknownElementImpl.dispatchEvent (/Users/ryan/Library/Mobile Documents/com~apple~CloudDocs/Documents/VSCode/Tax-App-Frontend/node_modules/jsdom/lib/jsdom/living/events/EventTarget-impl.js:104:17)
          at HTMLUnknownElement.dispatchEvent (/Users/ryan/Library/Mobile Documents/com~apple~CloudDocs/Documents/VSCode/Tax-App-Frontend/node_modules/jsdom/lib/jsdom/living/generated/EventTarget.js:241:34)
          at Object.invokeGuardedCallbackDev (/Users/ryan/Library/Mobile Documents/com~apple~CloudDocs/Documents/VSCode/Tax-App-Frontend/node_modules/react-dom/cjs/react-dom.development.js:4213:16)
          at invokeGuardedCallback (/Users/ryan/Library/Mobile Documents/com~apple~CloudDocs/Documents/VSCode/Tax-App-Frontend/node_modules/react-dom/cjs/react-dom.development.js:4277:31)
          at beginWork$1 (/Users/ryan/Library/Mobile Documents/com~apple~CloudDocs/Documents/VSCode/Tax-App-Frontend/node_modules/react-dom/cjs/react-dom.development.js:27490:7)
          at performUnitOfWork (/Users/ryan/Library/Mobile Documents/com~apple~CloudDocs/Documents/VSCode/Tax-App-Frontend/node_modules/react-dom/cjs/react-dom.development.js:26599:12)
          at workLoopSync (/Users/ryan/Library/Mobile Documents/com~apple~CloudDocs/Documents/VSCode/Tax-App-Frontend/node_modules/react-dom/cjs/react-dom.development.js:26505:5)
          at renderRootSync (/Users/ryan/Library/Mobile Documents/com~apple~CloudDocs/Documents/VSCode/Tax-App-Frontend/node_modules/react-dom/cjs/react-dom.development.js:26473:7)
          at performConcurrentWorkOnRoot (/Users/ryan/Library/Mobile Documents/com~apple~CloudDocs/Documents/VSCode/Tax-App-Frontend/node_modules/react-dom/cjs/react-dom.development.js:25777:74)
          at flushActQueue (/Users/ryan/Library/Mobile Documents/com~apple~CloudDocs/Documents/VSCode/Tax-App-Frontend/node_modules/react/cjs/react.development.js:2667:24)
          at act (/Users/ryan/Library/Mobile Documents/com~apple~CloudDocs/Documents/VSCode/Tax-App-Frontend/node_modules/react/cjs/react.development.js:2582:11)
          at /Users/ryan/Library/Mobile Documents/com~apple~CloudDocs/Documents/VSCode/Tax-App-Frontend/node_modules/@testing-library/react/dist/act-compat.js:46:25
          at renderRoot (/Users/ryan/Library/Mobile Documents/com~apple~CloudDocs/Documents/VSCode/Tax-App-Frontend/node_modules/@testing-library/react/dist/pure.js:189:26)
          at render (/Users/ryan/Library/Mobile Documents/com~apple~CloudDocs/Documents/VSCode/Tax-App-Frontend/node_modules/@testing-library/react/dist/pure.js:291:10)
          at Object.<anonymous> (/Users/ryan/Library/Mobile Documents/com~apple~CloudDocs/Documents/VSCode/Tax-App-Frontend/src/app/login/responsive-layout.test.tsx:125:13)
          at Promise.finally.completed (/Users/ryan/Library/Mobile Documents/com~apple~CloudDocs/Documents/VSCode/Tax-App-Frontend/node_modules/jest-circus/build/jestAdapterInit.js:1557:28)
          at new Promise (<anonymous>)
          at callAsyncCircusFn (/Users/ryan/Library/Mobile Documents/com~apple~CloudDocs/Documents/VSCode/Tax-App-Frontend/node_modules/jest-circus/build/jestAdapterInit.js:1497:10)
          at _callCircusTest (/Users/ryan/Library/Mobile Documents/com~apple~CloudDocs/Documents/VSCode/Tax-App-Frontend/node_modules/jest-circus/build/jestAdapterInit.js:1007:40)
          at processTicksAndRejections (node:internal/process/task_queues:95:5)
          at _runTest (/Users/ryan/Library/Mobile Documents/com~apple~CloudDocs/Documents/VSCode/Tax-App-Frontend/node_modules/jest-circus/build/jestAdapterInit.js:947:3)
          at /Users/ryan/Library/Mobile Documents/com~apple~CloudDocs/Documents/VSCode/Tax-App-Frontend/node_modules/jest-circus/build/jestAdapterInit.js:849:7
          at _runTestsForDescribeBlock (/Users/ryan/Library/Mobile Documents/com~apple~CloudDocs/Documents/VSCode/Tax-App-Frontend/node_modules/jest-circus/build/jestAdapterInit.js:862:11)
          at _runTestsForDescribeBlock (/Users/ryan/Library/Mobile Documents/com~apple~CloudDocs/Documents/VSCode/Tax-App-Frontend/node_modules/jest-circus/build/jestAdapterInit.js:857:11)
          at _runTestsForDescribeBlock (/Users/ryan/Library/Mobile Documents/com~apple~CloudDocs/Documents/VSCode/Tax-App-Frontend/node_modules/jest-circus/build/jestAdapterInit.js:857:11)
          at run (/Users/ryan/Library/Mobile Documents/com~apple~CloudDocs/Documents/VSCode/Tax-App-Frontend/node_modules/jest-circus/build/jestAdapterInit.js:761:3)
          at runAndTransformResultsToJestFormat (/Users/ryan/Library/Mobile Documents/com~apple~CloudDocs/Documents/VSCode/Tax-App-Frontend/node_modules/jest-circus/build/jestAdapterInit.js:1918:21)
          at jestAdapter (/Users/ryan/Library/Mobile Documents/com~apple~CloudDocs/Documents/VSCode/Tax-App-Frontend/node_modules/jest-circus/build/runner.js:101:19)
          at runTestInternal (/Users/ryan/Library/Mobile Documents/com~apple~CloudDocs/Documents/VSCode/Tax-App-Frontend/node_modules/jest-runner/build/testWorker.js:275:16)
          at runTest (/Users/ryan/Library/Mobile Documents/com~apple~CloudDocs/Documents/VSCode/Tax-App-Frontend/node_modules/jest-runner/build/testWorker.js:343:7)
          at Object.worker (/Users/ryan/Library/Mobile Documents/com~apple~CloudDocs/Documents/VSCode/Tax-App-Frontend/node_modules/jest-runner/build/testWorker.js:497:12) {
        detail: TypeError: Cannot read properties of undefined (reading 'state')
            at state (/Users/ryan/Library/Mobile Documents/com~apple~CloudDocs/Documents/VSCode/Tax-App-Frontend/src/components/LoginForm.tsx:93:15)
            at renderWithHooks (/Users/ryan/Library/Mobile Documents/com~apple~CloudDocs/Documents/VSCode/Tax-App-Frontend/node_modules/react-dom/cjs/react-dom.development.js:15486:18)
            at mountIndeterminateComponent (/Users/ryan/Library/Mobile Documents/com~apple~CloudDocs/Documents/VSCode/Tax-App-Frontend/node_modules/react-dom/cjs/react-dom.development.js:20103:13)
            at beginWork (/Users/ryan/Library/Mobile Documents/com~apple~CloudDocs/Documents/VSCode/Tax-App-Frontend/node_modules/react-dom/cjs/react-dom.development.js:21626:16)
            at HTMLUnknownElement.callCallback (/Users/ryan/Library/Mobile Documents/com~apple~CloudDocs/Documents/VSCode/Tax-App-Frontend/node_modules/react-dom/cjs/react-dom.development.js:4164:14)
            at HTMLUnknownElement.callTheUserObjectsOperation (/Users/ryan/Library/Mobile Documents/com~apple~CloudDocs/Documents/VSCode/Tax-App-Frontend/node_modules/jsdom/lib/jsdom/living/generated/EventListener.js:26:30)
            at innerInvokeEventListeners (/Users/ryan/Library/Mobile Documents/com~apple~CloudDocs/Documents/VSCode/Tax-App-Frontend/node_modules/jsdom/lib/jsdom/living/events/EventTarget-impl.js:350:25)
            at invokeEventListeners (/Users/ryan/Library/Mobile Documents/com~apple~CloudDocs/Documents/VSCode/Tax-App-Frontend/node_modules/jsdom/lib/jsdom/living/events/EventTarget-impl.js:286:3)
            at HTMLUnknownElementImpl._dispatch (/Users/ryan/Library/Mobile Documents/com~apple~CloudDocs/Documents/VSCode/Tax-App-Frontend/node_modules/jsdom/lib/jsdom/living/events/EventTarget-impl.js:233:9)
            at HTMLUnknownElementImpl.dispatchEvent (/Users/ryan/Library/Mobile Documents/com~apple~CloudDocs/Documents/VSCode/Tax-App-Frontend/node_modules/jsdom/lib/jsdom/living/events/EventTarget-impl.js:104:17)
            at HTMLUnknownElement.dispatchEvent (/Users/ryan/Library/Mobile Documents/com~apple~CloudDocs/Documents/VSCode/Tax-App-Frontend/node_modules/jsdom/lib/jsdom/living/generated/EventTarget.js:241:34)
            at Object.invokeGuardedCallbackDev (/Users/ryan/Library/Mobile Documents/com~apple~CloudDocs/Documents/VSCode/Tax-App-Frontend/node_modules/react-dom/cjs/react-dom.development.js:4213:16)
            at invokeGuardedCallback (/Users/ryan/Library/Mobile Documents/com~apple~CloudDocs/Documents/VSCode/Tax-App-Frontend/node_modules/react-dom/cjs/react-dom.development.js:4277:31)
            at beginWork$1 (/Users/ryan/Library/Mobile Documents/com~apple~CloudDocs/Documents/VSCode/Tax-App-Frontend/node_modules/react-dom/cjs/react-dom.development.js:27490:7)
            at performUnitOfWork (/Users/ryan/Library/Mobile Documents/com~apple~CloudDocs/Documents/VSCode/Tax-App-Frontend/node_modules/react-dom/cjs/react-dom.development.js:26599:12)
            at workLoopSync (/Users/ryan/Library/Mobile Documents/com~apple~CloudDocs/Documents/VSCode/Tax-App-Frontend/node_modules/react-dom/cjs/react-dom.development.js:26505:5)
            at renderRootSync (/Users/ryan/Library/Mobile Documents/com~apple~CloudDocs/Documents/VSCode/Tax-App-Frontend/node_modules/react-dom/cjs/react-dom.development.js:26473:7)
            at performConcurrentWorkOnRoot (/Users/ryan/Library/Mobile Documents/com~apple~CloudDocs/Documents/VSCode/Tax-App-Frontend/node_modules/react-dom/cjs/react-dom.development.js:25777:74)
            at flushActQueue (/Users/ryan/Library/Mobile Documents/com~apple~CloudDocs/Documents/VSCode/Tax-App-Frontend/node_modules/react/cjs/react.development.js:2667:24)
            at act (/Users/ryan/Library/Mobile Documents/com~apple~CloudDocs/Documents/VSCode/Tax-App-Frontend/node_modules/react/cjs/react.development.js:2582:11)
            at /Users/ryan/Library/Mobile Documents/com~apple~CloudDocs/Documents/VSCode/Tax-App-Frontend/node_modules/@testing-library/react/dist/act-compat.js:46:25
            at renderRoot (/Users/ryan/Library/Mobile Documents/com~apple~CloudDocs/Documents/VSCode/Tax-App-Frontend/node_modules/@testing-library/react/dist/pure.js:189:26)
            at render (/Users/ryan/Library/Mobile Documents/com~apple~CloudDocs/Documents/VSCode/Tax-App-Frontend/node_modules/@testing-library/react/dist/pure.js:291:10)
            at Object.<anonymous> (/Users/ryan/Library/Mobile Documents/com~apple~CloudDocs/Documents/VSCode/Tax-App-Frontend/src/app/login/responsive-layout.test.tsx:125:13)
            at Promise.finally.completed (/Users/ryan/Library/Mobile Documents/com~apple~CloudDocs/Documents/VSCode/Tax-App-Frontend/node_modules/jest-circus/build/jestAdapterInit.js:1557:28)
            at new Promise (<anonymous>)
            at callAsyncCircusFn (/Users/ryan/Library/Mobile Documents/com~apple~CloudDocs/Documents/VSCode/Tax-App-Frontend/node_modules/jest-circus/build/jestAdapterInit.js:1497:10)
            at _callCircusTest (/Users/ryan/Library/Mobile Documents/com~apple~CloudDocs/Documents/VSCode/Tax-App-Frontend/node_modules/jest-circus/build/jestAdapterInit.js:1007:40)
            at processTicksAndRejections (node:internal/process/task_queues:95:5)
            at _runTest (/Users/ryan/Library/Mobile Documents/com~apple~CloudDocs/Documents/VSCode/Tax-App-Frontend/node_modules/jest-circus/build/jestAdapterInit.js:947:3)
            at /Users/ryan/Library/Mobile Documents/com~apple~CloudDocs/Documents/VSCode/Tax-App-Frontend/node_modules/jest-circus/build/jestAdapterInit.js:849:7
            at _runTestsForDescribeBlock (/Users/ryan/Library/Mobile Documents/com~apple~CloudDocs/Documents/VSCode/Tax-App-Frontend/node_modules/jest-circus/build/jestAdapterInit.js:862:11)
            at _runTestsForDescribeBlock (/Users/ryan/Library/Mobile Documents/com~apple~CloudDocs/Documents/VSCode/Tax-App-Frontend/node_modules/jest-circus/build/jestAdapterInit.js:857:11)
            at _runTestsForDescribeBlock (/Users/ryan/Library/Mobile Documents/com~apple~CloudDocs/Documents/VSCode/Tax-App-Frontend/node_modules/jest-circus/build/jestAdapterInit.js:857:11)
            at run (/Users/ryan/Library/Mobile Documents/com~apple~CloudDocs/Documents/VSCode/Tax-App-Frontend/node_modules/jest-circus/build/jestAdapterInit.js:761:3)
            at runAndTransformResultsToJestFormat (/Users/ryan/Library/Mobile Documents/com~apple~CloudDocs/Documents/VSCode/Tax-App-Frontend/node_modules/jest-circus/build/jestAdapterInit.js:1918:21)
            at jestAdapter (/Users/ryan/Library/Mobile Documents/com~apple~CloudDocs/Documents/VSCode/Tax-App-Frontend/node_modules/jest-circus/build/runner.js:101:19)
            at runTestInternal (/Users/ryan/Library/Mobile Documents/com~apple~CloudDocs/Documents/VSCode/Tax-App-Frontend/node_modules/jest-runner/build/testWorker.js:275:16)
            at runTest (/Users/ryan/Library/Mobile Documents/com~apple~CloudDocs/Documents/VSCode/Tax-App-Frontend/node_modules/jest-runner/build/testWorker.js:343:7)
            at Object.worker (/Users/ryan/Library/Mobile Documents/com~apple~CloudDocs/Documents/VSCode/Tax-App-Frontend/node_modules/jest-runner/build/testWorker.js:497:12),
        type: 'unhandled exception'
      }

      123 |
      124 |     test('should use smaller text size on mobile for description (text-sm)', () => {
    > 125 |       render(<LoginPageClient />);
          |             ^
      126 |
      127 |       const description = screen.getByText(/Enter your credentials/i);
      128 |       expect(description).toHaveClass('text-sm');

      at VirtualConsole.<anonymous> (node_modules/@jest/environment-jsdom-abstract/build/index.js:87:23)
      at reportException (node_modules/jsdom/lib/jsdom/living/helpers/runtime-script-errors.js:70:28)
      at innerInvokeEventListeners (node_modules/jsdom/lib/jsdom/living/events/EventTarget-impl.js:353:9)
      at invokeEventListeners (node_modules/jsdom/lib/jsdom/living/events/EventTarget-impl.js:286:3)
      at HTMLUnknownElementImpl._dispatch (node_modules/jsdom/lib/jsdom/living/events/EventTarget-impl.js:233:9)
      at HTMLUnknownElementImpl.dispatchEvent (node_modules/jsdom/lib/jsdom/living/events/EventTarget-impl.js:104:17)
      at HTMLUnknownElement.dispatchEvent (node_modules/jsdom/lib/jsdom/living/generated/EventTarget.js:241:34)
      at Object.invokeGuardedCallbackDev (node_modules/react-dom/cjs/react-dom.development.js:4213:16)
      at invokeGuardedCallback (node_modules/react-dom/cjs/react-dom.development.js:4277:31)
      at beginWork$1 (node_modules/react-dom/cjs/react-dom.development.js:27490:7)
      at performUnitOfWork (node_modules/react-dom/cjs/react-dom.development.js:26599:12)
      at workLoopSync (node_modules/react-dom/cjs/react-dom.development.js:26505:5)
      at renderRootSync (node_modules/react-dom/cjs/react-dom.development.js:26473:7)
      at performConcurrentWorkOnRoot (node_modules/react-dom/cjs/react-dom.development.js:25777:74)
      at flushActQueue (node_modules/react/cjs/react.development.js:2667:24)
      at act (node_modules/react/cjs/react.development.js:2582:11)
      at node_modules/@testing-library/react/dist/act-compat.js:46:25
      at renderRoot (node_modules/@testing-library/react/dist/pure.js:189:26)
      at render (node_modules/@testing-library/react/dist/pure.js:291:10)
      at Object.<anonymous> (src/app/login/responsive-layout.test.tsx:125:13)

    console.error
      Error: Uncaught [TypeError: Cannot read properties of undefined (reading 'state')]
          at reportException (/Users/ryan/Library/Mobile Documents/com~apple~CloudDocs/Documents/VSCode/Tax-App-Frontend/node_modules/jsdom/lib/jsdom/living/helpers/runtime-script-errors.js:66:24)
          at innerInvokeEventListeners (/Users/ryan/Library/Mobile Documents/com~apple~CloudDocs/Documents/VSCode/Tax-App-Frontend/node_modules/jsdom/lib/jsdom/living/events/EventTarget-impl.js:353:9)
          at invokeEventListeners (/Users/ryan/Library/Mobile Documents/com~apple~CloudDocs/Documents/VSCode/Tax-App-Frontend/node_modules/jsdom/lib/jsdom/living/events/EventTarget-impl.js:286:3)
          at HTMLUnknownElementImpl._dispatch (/Users/ryan/Library/Mobile Documents/com~apple~CloudDocs/Documents/VSCode/Tax-App-Frontend/node_modules/jsdom/lib/jsdom/living/events/EventTarget-impl.js:233:9)
          at HTMLUnknownElementImpl.dispatchEvent (/Users/ryan/Library/Mobile Documents/com~apple~CloudDocs/Documents/VSCode/Tax-App-Frontend/node_modules/jsdom/lib/jsdom/living/events/EventTarget-impl.js:104:17)
          at HTMLUnknownElement.dispatchEvent (/Users/ryan/Library/Mobile Documents/com~apple~CloudDocs/Documents/VSCode/Tax-App-Frontend/node_modules/jsdom/lib/jsdom/living/generated/EventTarget.js:241:34)
          at Object.invokeGuardedCallbackDev (/Users/ryan/Library/Mobile Documents/com~apple~CloudDocs/Documents/VSCode/Tax-App-Frontend/node_modules/react-dom/cjs/react-dom.development.js:4213:16)
          at invokeGuardedCallback (/Users/ryan/Library/Mobile Documents/com~apple~CloudDocs/Documents/VSCode/Tax-App-Frontend/node_modules/react-dom/cjs/react-dom.development.js:4277:31)
          at beginWork$1 (/Users/ryan/Library/Mobile Documents/com~apple~CloudDocs/Documents/VSCode/Tax-App-Frontend/node_modules/react-dom/cjs/react-dom.development.js:27490:7)
          at performUnitOfWork (/Users/ryan/Library/Mobile Documents/com~apple~CloudDocs/Documents/VSCode/Tax-App-Frontend/node_modules/react-dom/cjs/react-dom.development.js:26599:12)
          at workLoopSync (/Users/ryan/Library/Mobile Documents/com~apple~CloudDocs/Documents/VSCode/Tax-App-Frontend/node_modules/react-dom/cjs/react-dom.development.js:26505:5)
          at renderRootSync (/Users/ryan/Library/Mobile Documents/com~apple~CloudDocs/Documents/VSCode/Tax-App-Frontend/node_modules/react-dom/cjs/react-dom.development.js:26473:7)
          at recoverFromConcurrentError (/Users/ryan/Library/Mobile Documents/com~apple~CloudDocs/Documents/VSCode/Tax-App-Frontend/node_modules/react-dom/cjs/react-dom.development.js:25889:20)
          at performConcurrentWorkOnRoot (/Users/ryan/Library/Mobile Documents/com~apple~CloudDocs/Documents/VSCode/Tax-App-Frontend/node_modules/react-dom/cjs/react-dom.development.js:25789:22)
          at flushActQueue (/Users/ryan/Library/Mobile Documents/com~apple~CloudDocs/Documents/VSCode/Tax-App-Frontend/node_modules/react/cjs/react.development.js:2667:24)
          at act (/Users/ryan/Library/Mobile Documents/com~apple~CloudDocs/Documents/VSCode/Tax-App-Frontend/node_modules/react/cjs/react.development.js:2582:11)
          at /Users/ryan/Library/Mobile Documents/com~apple~CloudDocs/Documents/VSCode/Tax-App-Frontend/node_modules/@testing-library/react/dist/act-compat.js:46:25
          at renderRoot (/Users/ryan/Library/Mobile Documents/com~apple~CloudDocs/Documents/VSCode/Tax-App-Frontend/node_modules/@testing-library/react/dist/pure.js:189:26)
          at render (/Users/ryan/Library/Mobile Documents/com~apple~CloudDocs/Documents/VSCode/Tax-App-Frontend/node_modules/@testing-library/react/dist/pure.js:291:10)
          at Object.<anonymous> (/Users/ryan/Library/Mobile Documents/com~apple~CloudDocs/Documents/VSCode/Tax-App-Frontend/src/app/login/responsive-layout.test.tsx:125:13)
          at Promise.finally.completed (/Users/ryan/Library/Mobile Documents/com~apple~CloudDocs/Documents/VSCode/Tax-App-Frontend/node_modules/jest-circus/build/jestAdapterInit.js:1557:28)
          at new Promise (<anonymous>)
          at callAsyncCircusFn (/Users/ryan/Library/Mobile Documents/com~apple~CloudDocs/Documents/VSCode/Tax-App-Frontend/node_modules/jest-circus/build/jestAdapterInit.js:1497:10)
          at _callCircusTest (/Users/ryan/Library/Mobile Documents/com~apple~CloudDocs/Documents/VSCode/Tax-App-Frontend/node_modules/jest-circus/build/jestAdapterInit.js:1007:40)
          at processTicksAndRejections (node:internal/process/task_queues:95:5)
          at _runTest (/Users/ryan/Library/Mobile Documents/com~apple~CloudDocs/Documents/VSCode/Tax-App-Frontend/node_modules/jest-circus/build/jestAdapterInit.js:947:3)
          at /Users/ryan/Library/Mobile Documents/com~apple~CloudDocs/Documents/VSCode/Tax-App-Frontend/node_modules/jest-circus/build/jestAdapterInit.js:849:7
          at _runTestsForDescribeBlock (/Users/ryan/Library/Mobile Documents/com~apple~CloudDocs/Documents/VSCode/Tax-App-Frontend/node_modules/jest-circus/build/jestAdapterInit.js:862:11)
          at _runTestsForDescribeBlock (/Users/ryan/Library/Mobile Documents/com~apple~CloudDocs/Documents/VSCode/Tax-App-Frontend/node_modules/jest-circus/build/jestAdapterInit.js:857:11)
          at _runTestsForDescribeBlock (/Users/ryan/Library/Mobile Documents/com~apple~CloudDocs/Documents/VSCode/Tax-App-Frontend/node_modules/jest-circus/build/jestAdapterInit.js:857:11)
          at run (/Users/ryan/Library/Mobile Documents/com~apple~CloudDocs/Documents/VSCode/Tax-App-Frontend/node_modules/jest-circus/build/jestAdapterInit.js:761:3)
          at runAndTransformResultsToJestFormat (/Users/ryan/Library/Mobile Documents/com~apple~CloudDocs/Documents/VSCode/Tax-App-Frontend/node_modules/jest-circus/build/jestAdapterInit.js:1918:21)
          at jestAdapter (/Users/ryan/Library/Mobile Documents/com~apple~CloudDocs/Documents/VSCode/Tax-App-Frontend/node_modules/jest-circus/build/runner.js:101:19)
          at runTestInternal (/Users/ryan/Library/Mobile Documents/com~apple~CloudDocs/Documents/VSCode/Tax-App-Frontend/node_modules/jest-runner/build/testWorker.js:275:16)
          at runTest (/Users/ryan/Library/Mobile Documents/com~apple~CloudDocs/Documents/VSCode/Tax-App-Frontend/node_modules/jest-runner/build/testWorker.js:343:7)
          at Object.worker (/Users/ryan/Library/Mobile Documents/com~apple~CloudDocs/Documents/VSCode/Tax-App-Frontend/node_modules/jest-runner/build/testWorker.js:497:12) {
        detail: TypeError: Cannot read properties of undefined (reading 'state')
            at state (/Users/ryan/Library/Mobile Documents/com~apple~CloudDocs/Documents/VSCode/Tax-App-Frontend/src/components/LoginForm.tsx:93:15)
            at renderWithHooks (/Users/ryan/Library/Mobile Documents/com~apple~CloudDocs/Documents/VSCode/Tax-App-Frontend/node_modules/react-dom/cjs/react-dom.development.js:15486:18)
            at mountIndeterminateComponent (/Users/ryan/Library/Mobile Documents/com~apple~CloudDocs/Documents/VSCode/Tax-App-Frontend/node_modules/react-dom/cjs/react-dom.development.js:20103:13)
            at beginWork (/Users/ryan/Library/Mobile Documents/com~apple~CloudDocs/Documents/VSCode/Tax-App-Frontend/node_modules/react-dom/cjs/react-dom.development.js:21626:16)
            at HTMLUnknownElement.callCallback (/Users/ryan/Library/Mobile Documents/com~apple~CloudDocs/Documents/VSCode/Tax-App-Frontend/node_modules/react-dom/cjs/react-dom.development.js:4164:14)
            at HTMLUnknownElement.callTheUserObjectsOperation (/Users/ryan/Library/Mobile Documents/com~apple~CloudDocs/Documents/VSCode/Tax-App-Frontend/node_modules/jsdom/lib/jsdom/living/generated/EventListener.js:26:30)
            at innerInvokeEventListeners (/Users/ryan/Library/Mobile Documents/com~apple~CloudDocs/Documents/VSCode/Tax-App-Frontend/node_modules/jsdom/lib/jsdom/living/events/EventTarget-impl.js:350:25)
            at invokeEventListeners (/Users/ryan/Library/Mobile Documents/com~apple~CloudDocs/Documents/VSCode/Tax-App-Frontend/node_modules/jsdom/lib/jsdom/living/events/EventTarget-impl.js:286:3)
            at HTMLUnknownElementImpl._dispatch (/Users/ryan/Library/Mobile Documents/com~apple~CloudDocs/Documents/VSCode/Tax-App-Frontend/node_modules/jsdom/lib/jsdom/living/events/EventTarget-impl.js:233:9)
            at HTMLUnknownElementImpl.dispatchEvent (/Users/ryan/Library/Mobile Documents/com~apple~CloudDocs/Documents/VSCode/Tax-App-Frontend/node_modules/jsdom/lib/jsdom/living/events/EventTarget-impl.js:104:17)
            at HTMLUnknownElement.dispatchEvent (/Users/ryan/Library/Mobile Documents/com~apple~CloudDocs/Documents/VSCode/Tax-App-Frontend/node_modules/jsdom/lib/jsdom/living/generated/EventTarget.js:241:34)
            at Object.invokeGuardedCallbackDev (/Users/ryan/Library/Mobile Documents/com~apple~CloudDocs/Documents/VSCode/Tax-App-Frontend/node_modules/react-dom/cjs/react-dom.development.js:4213:16)
            at invokeGuardedCallback (/Users/ryan/Library/Mobile Documents/com~apple~CloudDocs/Documents/VSCode/Tax-App-Frontend/node_modules/react-dom/cjs/react-dom.development.js:4277:31)
            at beginWork$1 (/Users/ryan/Library/Mobile Documents/com~apple~CloudDocs/Documents/VSCode/Tax-App-Frontend/node_modules/react-dom/cjs/react-dom.development.js:27490:7)
            at performUnitOfWork (/Users/ryan/Library/Mobile Documents/com~apple~CloudDocs/Documents/VSCode/Tax-App-Frontend/node_modules/react-dom/cjs/react-dom.development.js:26599:12)
            at workLoopSync (/Users/ryan/Library/Mobile Documents/com~apple~CloudDocs/Documents/VSCode/Tax-App-Frontend/node_modules/react-dom/cjs/react-dom.development.js:26505:5)
            at renderRootSync (/Users/ryan/Library/Mobile Documents/com~apple~CloudDocs/Documents/VSCode/Tax-App-Frontend/node_modules/react-dom/cjs/react-dom.development.js:26473:7)
            at recoverFromConcurrentError (/Users/ryan/Library/Mobile Documents/com~apple~CloudDocs/Documents/VSCode/Tax-App-Frontend/node_modules/react-dom/cjs/react-dom.development.js:25889:20)
            at performConcurrentWorkOnRoot (/Users/ryan/Library/Mobile Documents/com~apple~CloudDocs/Documents/VSCode/Tax-App-Frontend/node_modules/react-dom/cjs/react-dom.development.js:25789:22)
            at flushActQueue (/Users/ryan/Library/Mobile Documents/com~apple~CloudDocs/Documents/VSCode/Tax-App-Frontend/node_modules/react/cjs/react.development.js:2667:24)
            at act (/Users/ryan/Library/Mobile Documents/com~apple~CloudDocs/Documents/VSCode/Tax-App-Frontend/node_modules/react/cjs/react.development.js:2582:11)
            at /Users/ryan/Library/Mobile Documents/com~apple~CloudDocs/Documents/VSCode/Tax-App-Frontend/node_modules/@testing-library/react/dist/act-compat.js:46:25
            at renderRoot (/Users/ryan/Library/Mobile Documents/com~apple~CloudDocs/Documents/VSCode/Tax-App-Frontend/node_modules/@testing-library/react/dist/pure.js:189:26)
            at render (/Users/ryan/Library/Mobile Documents/com~apple~CloudDocs/Documents/VSCode/Tax-App-Frontend/node_modules/@testing-library/react/dist/pure.js:291:10)
            at Object.<anonymous> (/Users/ryan/Library/Mobile Documents/com~apple~CloudDocs/Documents/VSCode/Tax-App-Frontend/src/app/login/responsive-layout.test.tsx:125:13)
            at Promise.finally.completed (/Users/ryan/Library/Mobile Documents/com~apple~CloudDocs/Documents/VSCode/Tax-App-Frontend/node_modules/jest-circus/build/jestAdapterInit.js:1557:28)
            at new Promise (<anonymous>)
            at callAsyncCircusFn (/Users/ryan/Library/Mobile Documents/com~apple~CloudDocs/Documents/VSCode/Tax-App-Frontend/node_modules/jest-circus/build/jestAdapterInit.js:1497:10)
            at _callCircusTest (/Users/ryan/Library/Mobile Documents/com~apple~CloudDocs/Documents/VSCode/Tax-App-Frontend/node_modules/jest-circus/build/jestAdapterInit.js:1007:40)
            at processTicksAndRejections (node:internal/process/task_queues:95:5)
            at _runTest (/Users/ryan/Library/Mobile Documents/com~apple~CloudDocs/Documents/VSCode/Tax-App-Frontend/node_modules/jest-circus/build/jestAdapterInit.js:947:3)
            at /Users/ryan/Library/Mobile Documents/com~apple~CloudDocs/Documents/VSCode/Tax-App-Frontend/node_modules/jest-circus/build/jestAdapterInit.js:849:7
            at _runTestsForDescribeBlock (/Users/ryan/Library/Mobile Documents/com~apple~CloudDocs/Documents/VSCode/Tax-App-Frontend/node_modules/jest-circus/build/jestAdapterInit.js:862:11)
            at _runTestsForDescribeBlock (/Users/ryan/Library/Mobile Documents/com~apple~CloudDocs/Documents/VSCode/Tax-App-Frontend/node_modules/jest-circus/build/jestAdapterInit.js:857:11)
            at _runTestsForDescribeBlock (/Users/ryan/Library/Mobile Documents/com~apple~CloudDocs/Documents/VSCode/Tax-App-Frontend/node_modules/jest-circus/build/jestAdapterInit.js:857:11)
            at run (/Users/ryan/Library/Mobile Documents/com~apple~CloudDocs/Documents/VSCode/Tax-App-Frontend/node_modules/jest-circus/build/jestAdapterInit.js:761:3)
            at runAndTransformResultsToJestFormat (/Users/ryan/Library/Mobile Documents/com~apple~CloudDocs/Documents/VSCode/Tax-App-Frontend/node_modules/jest-circus/build/jestAdapterInit.js:1918:21)
            at jestAdapter (/Users/ryan/Library/Mobile Documents/com~apple~CloudDocs/Documents/VSCode/Tax-App-Frontend/node_modules/jest-circus/build/runner.js:101:19)
            at runTestInternal (/Users/ryan/Library/Mobile Documents/com~apple~CloudDocs/Documents/VSCode/Tax-App-Frontend/node_modules/jest-runner/build/testWorker.js:275:16)
            at runTest (/Users/ryan/Library/Mobile Documents/com~apple~CloudDocs/Documents/VSCode/Tax-App-Frontend/node_modules/jest-runner/build/testWorker.js:343:7)
            at Object.worker (/Users/ryan/Library/Mobile Documents/com~apple~CloudDocs/Documents/VSCode/Tax-App-Frontend/node_modules/jest-runner/build/testWorker.js:497:12),
        type: 'unhandled exception'
      }

      123 |
      124 |     test('should use smaller text size on mobile for description (text-sm)', () => {
    > 125 |       render(<LoginPageClient />);
          |             ^
      126 |
      127 |       const description = screen.getByText(/Enter your credentials/i);
      128 |       expect(description).toHaveClass('text-sm');

      at VirtualConsole.<anonymous> (node_modules/@jest/environment-jsdom-abstract/build/index.js:87:23)
      at reportException (node_modules/jsdom/lib/jsdom/living/helpers/runtime-script-errors.js:70:28)
      at innerInvokeEventListeners (node_modules/jsdom/lib/jsdom/living/events/EventTarget-impl.js:353:9)
      at invokeEventListeners (node_modules/jsdom/lib/jsdom/living/events/EventTarget-impl.js:286:3)
      at HTMLUnknownElementImpl._dispatch (node_modules/jsdom/lib/jsdom/living/events/EventTarget-impl.js:233:9)
      at HTMLUnknownElementImpl.dispatchEvent (node_modules/jsdom/lib/jsdom/living/events/EventTarget-impl.js:104:17)
      at HTMLUnknownElement.dispatchEvent (node_modules/jsdom/lib/jsdom/living/generated/EventTarget.js:241:34)
      at Object.invokeGuardedCallbackDev (node_modules/react-dom/cjs/react-dom.development.js:4213:16)
      at invokeGuardedCallback (node_modules/react-dom/cjs/react-dom.development.js:4277:31)
      at beginWork$1 (node_modules/react-dom/cjs/react-dom.development.js:27490:7)
      at performUnitOfWork (node_modules/react-dom/cjs/react-dom.development.js:26599:12)
      at workLoopSync (node_modules/react-dom/cjs/react-dom.development.js:26505:5)
      at renderRootSync (node_modules/react-dom/cjs/react-dom.development.js:26473:7)
      at recoverFromConcurrentError (node_modules/react-dom/cjs/react-dom.development.js:25889:20)
      at performConcurrentWorkOnRoot (node_modules/react-dom/cjs/react-dom.development.js:25789:22)
      at flushActQueue (node_modules/react/cjs/react.development.js:2667:24)
      at act (node_modules/react/cjs/react.development.js:2582:11)
      at node_modules/@testing-library/react/dist/act-compat.js:46:25
      at renderRoot (node_modules/@testing-library/react/dist/pure.js:189:26)
      at render (node_modules/@testing-library/react/dist/pure.js:291:10)
      at Object.<anonymous> (src/app/login/responsive-layout.test.tsx:125:13)

    console.error
      The above error occurred in the <LoginForm> component:
      
          at className (/Users/ryan/Library/Mobile Documents/com~apple~CloudDocs/Documents/VSCode/Tax-App-Frontend/src/components/LoginForm.tsx:45:29)
          at div
          at children (/Users/ryan/Library/Mobile Documents/com~apple~CloudDocs/Documents/VSCode/Tax-App-Frontend/src/app/login/responsive-layout.test.tsx:62:19)
          at div
          at children (/Users/ryan/Library/Mobile Documents/com~apple~CloudDocs/Documents/VSCode/Tax-App-Frontend/src/app/login/responsive-layout.test.tsx:52:12)
          at div
          at div
          at div
          at children (/Users/ryan/Library/Mobile Documents/com~apple~CloudDocs/Documents/VSCode/Tax-App-Frontend/src/app/login/responsive-layout.test.tsx:47:21)
          at callbackUrl (/Users/ryan/Library/Mobile Documents/com~apple~CloudDocs/Documents/VSCode/Tax-App-Frontend/src/app/login/LoginPageClient.tsx:49:43)
      
      Consider adding an error boundary to your tree to customize error handling behavior.
      Visit https://reactjs.org/link/error-boundaries to learn more about error boundaries.

      123 |
      124 |     test('should use smaller text size on mobile for description (text-sm)', () => {
    > 125 |       render(<LoginPageClient />);
          |             ^
      126 |
      127 |       const description = screen.getByText(/Enter your credentials/i);
      128 |       expect(description).toHaveClass('text-sm');

      at logCapturedError (node_modules/react-dom/cjs/react-dom.development.js:18704:23)
      at update.callback (node_modules/react-dom/cjs/react-dom.development.js:18737:5)
      at callCallback (node_modules/react-dom/cjs/react-dom.development.js:15036:12)
      at commitUpdateQueue (node_modules/react-dom/cjs/react-dom.development.js:15057:9)
      at commitLayoutEffectOnFiber (node_modules/react-dom/cjs/react-dom.development.js:23430:13)
      at commitLayoutMountEffects_complete (node_modules/react-dom/cjs/react-dom.development.js:24727:9)
      at commitLayoutEffects_begin (node_modules/react-dom/cjs/react-dom.development.js:24713:7)
      at commitLayoutEffects (node_modules/react-dom/cjs/react-dom.development.js:24651:3)
      at commitRootImpl (node_modules/react-dom/cjs/react-dom.development.js:26862:5)
      at commitRoot (node_modules/react-dom/cjs/react-dom.development.js:26721:5)
      at finishConcurrentRender (node_modules/react-dom/cjs/react-dom.development.js:25931:9)
      at performConcurrentWorkOnRoot (node_modules/react-dom/cjs/react-dom.development.js:25848:7)
      at flushActQueue (node_modules/react/cjs/react.development.js:2667:24)
      at act (node_modules/react/cjs/react.development.js:2582:11)
      at node_modules/@testing-library/react/dist/act-compat.js:46:25
      at renderRoot (node_modules/@testing-library/react/dist/pure.js:189:26)
      at render (node_modules/@testing-library/react/dist/pure.js:291:10)
      at Object.<anonymous> (src/app/login/responsive-layout.test.tsx:125:13)

    console.error
      Error: Uncaught [TypeError: Cannot read properties of undefined (reading 'state')]
          at reportException (/Users/ryan/Library/Mobile Documents/com~apple~CloudDocs/Documents/VSCode/Tax-App-Frontend/node_modules/jsdom/lib/jsdom/living/helpers/runtime-script-errors.js:66:24)
          at innerInvokeEventListeners (/Users/ryan/Library/Mobile Documents/com~apple~CloudDocs/Documents/VSCode/Tax-App-Frontend/node_modules/jsdom/lib/jsdom/living/events/EventTarget-impl.js:353:9)
          at invokeEventListeners (/Users/ryan/Library/Mobile Documents/com~apple~CloudDocs/Documents/VSCode/Tax-App-Frontend/node_modules/jsdom/lib/jsdom/living/events/EventTarget-impl.js:286:3)
          at HTMLUnknownElementImpl._dispatch (/Users/ryan/Library/Mobile Documents/com~apple~CloudDocs/Documents/VSCode/Tax-App-Frontend/node_modules/jsdom/lib/jsdom/living/events/EventTarget-impl.js:233:9)
          at HTMLUnknownElementImpl.dispatchEvent (/Users/ryan/Library/Mobile Documents/com~apple~CloudDocs/Documents/VSCode/Tax-App-Frontend/node_modules/jsdom/lib/jsdom/living/events/EventTarget-impl.js:104:17)
          at HTMLUnknownElement.dispatchEvent (/Users/ryan/Library/Mobile Documents/com~apple~CloudDocs/Documents/VSCode/Tax-App-Frontend/node_modules/jsdom/lib/jsdom/living/generated/EventTarget.js:241:34)
          at Object.invokeGuardedCallbackDev (/Users/ryan/Library/Mobile Documents/com~apple~CloudDocs/Documents/VSCode/Tax-App-Frontend/node_modules/react-dom/cjs/react-dom.development.js:4213:16)
          at invokeGuardedCallback (/Users/ryan/Library/Mobile Documents/com~apple~CloudDocs/Documents/VSCode/Tax-App-Frontend/node_modules/react-dom/cjs/react-dom.development.js:4277:31)
          at beginWork$1 (/Users/ryan/Library/Mobile Documents/com~apple~CloudDocs/Documents/VSCode/Tax-App-Frontend/node_modules/react-dom/cjs/react-dom.development.js:27490:7)
          at performUnitOfWork (/Users/ryan/Library/Mobile Documents/com~apple~CloudDocs/Documents/VSCode/Tax-App-Frontend/node_modules/react-dom/cjs/react-dom.development.js:26599:12)
          at workLoopSync (/Users/ryan/Library/Mobile Documents/com~apple~CloudDocs/Documents/VSCode/Tax-App-Frontend/node_modules/react-dom/cjs/react-dom.development.js:26505:5)
          at renderRootSync (/Users/ryan/Library/Mobile Documents/com~apple~CloudDocs/Documents/VSCode/Tax-App-Frontend/node_modules/react-dom/cjs/react-dom.development.js:26473:7)
          at performConcurrentWorkOnRoot (/Users/ryan/Library/Mobile Documents/com~apple~CloudDocs/Documents/VSCode/Tax-App-Frontend/node_modules/react-dom/cjs/react-dom.development.js:25777:74)
          at flushActQueue (/Users/ryan/Library/Mobile Documents/com~apple~CloudDocs/Documents/VSCode/Tax-App-Frontend/node_modules/react/cjs/react.development.js:2667:24)
          at act (/Users/ryan/Library/Mobile Documents/com~apple~CloudDocs/Documents/VSCode/Tax-App-Frontend/node_modules/react/cjs/react.development.js:2582:11)
          at /Users/ryan/Library/Mobile Documents/com~apple~CloudDocs/Documents/VSCode/Tax-App-Frontend/node_modules/@testing-library/react/dist/act-compat.js:46:25
          at renderRoot (/Users/ryan/Library/Mobile Documents/com~apple~CloudDocs/Documents/VSCode/Tax-App-Frontend/node_modules/@testing-library/react/dist/pure.js:189:26)
          at render (/Users/ryan/Library/Mobile Documents/com~apple~CloudDocs/Documents/VSCode/Tax-App-Frontend/node_modules/@testing-library/react/dist/pure.js:291:10)
          at Object.<anonymous> (/Users/ryan/Library/Mobile Documents/com~apple~CloudDocs/Documents/VSCode/Tax-App-Frontend/src/app/login/responsive-layout.test.tsx:134:35)
          at Promise.finally.completed (/Users/ryan/Library/Mobile Documents/com~apple~CloudDocs/Documents/VSCode/Tax-App-Frontend/node_modules/jest-circus/build/jestAdapterInit.js:1557:28)
          at new Promise (<anonymous>)
          at callAsyncCircusFn (/Users/ryan/Library/Mobile Documents/com~apple~CloudDocs/Documents/VSCode/Tax-App-Frontend/node_modules/jest-circus/build/jestAdapterInit.js:1497:10)
          at _callCircusTest (/Users/ryan/Library/Mobile Documents/com~apple~CloudDocs/Documents/VSCode/Tax-App-Frontend/node_modules/jest-circus/build/jestAdapterInit.js:1007:40)
          at processTicksAndRejections (node:internal/process/task_queues:95:5)
          at _runTest (/Users/ryan/Library/Mobile Documents/com~apple~CloudDocs/Documents/VSCode/Tax-App-Frontend/node_modules/jest-circus/build/jestAdapterInit.js:947:3)
          at /Users/ryan/Library/Mobile Documents/com~apple~CloudDocs/Documents/VSCode/Tax-App-Frontend/node_modules/jest-circus/build/jestAdapterInit.js:849:7
          at _runTestsForDescribeBlock (/Users/ryan/Library/Mobile Documents/com~apple~CloudDocs/Documents/VSCode/Tax-App-Frontend/node_modules/jest-circus/build/jestAdapterInit.js:862:11)
          at _runTestsForDescribeBlock (/Users/ryan/Library/Mobile Documents/com~apple~CloudDocs/Documents/VSCode/Tax-App-Frontend/node_modules/jest-circus/build/jestAdapterInit.js:857:11)
          at _runTestsForDescribeBlock (/Users/ryan/Library/Mobile Documents/com~apple~CloudDocs/Documents/VSCode/Tax-App-Frontend/node_modules/jest-circus/build/jestAdapterInit.js:857:11)
          at run (/Users/ryan/Library/Mobile Documents/com~apple~CloudDocs/Documents/VSCode/Tax-App-Frontend/node_modules/jest-circus/build/jestAdapterInit.js:761:3)
          at runAndTransformResultsToJestFormat (/Users/ryan/Library/Mobile Documents/com~apple~CloudDocs/Documents/VSCode/Tax-App-Frontend/node_modules/jest-circus/build/jestAdapterInit.js:1918:21)
          at jestAdapter (/Users/ryan/Library/Mobile Documents/com~apple~CloudDocs/Documents/VSCode/Tax-App-Frontend/node_modules/jest-circus/build/runner.js:101:19)
          at runTestInternal (/Users/ryan/Library/Mobile Documents/com~apple~CloudDocs/Documents/VSCode/Tax-App-Frontend/node_modules/jest-runner/build/testWorker.js:275:16)
          at runTest (/Users/ryan/Library/Mobile Documents/com~apple~CloudDocs/Documents/VSCode/Tax-App-Frontend/node_modules/jest-runner/build/testWorker.js:343:7)
          at Object.worker (/Users/ryan/Library/Mobile Documents/com~apple~CloudDocs/Documents/VSCode/Tax-App-Frontend/node_modules/jest-runner/build/testWorker.js:497:12) {
        detail: TypeError: Cannot read properties of undefined (reading 'state')
            at state (/Users/ryan/Library/Mobile Documents/com~apple~CloudDocs/Documents/VSCode/Tax-App-Frontend/src/components/LoginForm.tsx:93:15)
            at renderWithHooks (/Users/ryan/Library/Mobile Documents/com~apple~CloudDocs/Documents/VSCode/Tax-App-Frontend/node_modules/react-dom/cjs/react-dom.development.js:15486:18)
            at mountIndeterminateComponent (/Users/ryan/Library/Mobile Documents/com~apple~CloudDocs/Documents/VSCode/Tax-App-Frontend/node_modules/react-dom/cjs/react-dom.development.js:20103:13)
            at beginWork (/Users/ryan/Library/Mobile Documents/com~apple~CloudDocs/Documents/VSCode/Tax-App-Frontend/node_modules/react-dom/cjs/react-dom.development.js:21626:16)
            at HTMLUnknownElement.callCallback (/Users/ryan/Library/Mobile Documents/com~apple~CloudDocs/Documents/VSCode/Tax-App-Frontend/node_modules/react-dom/cjs/react-dom.development.js:4164:14)
            at HTMLUnknownElement.callTheUserObjectsOperation (/Users/ryan/Library/Mobile Documents/com~apple~CloudDocs/Documents/VSCode/Tax-App-Frontend/node_modules/jsdom/lib/jsdom/living/generated/EventListener.js:26:30)
            at innerInvokeEventListeners (/Users/ryan/Library/Mobile Documents/com~apple~CloudDocs/Documents/VSCode/Tax-App-Frontend/node_modules/jsdom/lib/jsdom/living/events/EventTarget-impl.js:350:25)
            at invokeEventListeners (/Users/ryan/Library/Mobile Documents/com~apple~CloudDocs/Documents/VSCode/Tax-App-Frontend/node_modules/jsdom/lib/jsdom/living/events/EventTarget-impl.js:286:3)
            at HTMLUnknownElementImpl._dispatch (/Users/ryan/Library/Mobile Documents/com~apple~CloudDocs/Documents/VSCode/Tax-App-Frontend/node_modules/jsdom/lib/jsdom/living/events/EventTarget-impl.js:233:9)
            at HTMLUnknownElementImpl.dispatchEvent (/Users/ryan/Library/Mobile Documents/com~apple~CloudDocs/Documents/VSCode/Tax-App-Frontend/node_modules/jsdom/lib/jsdom/living/events/EventTarget-impl.js:104:17)
            at HTMLUnknownElement.dispatchEvent (/Users/ryan/Library/Mobile Documents/com~apple~CloudDocs/Documents/VSCode/Tax-App-Frontend/node_modules/jsdom/lib/jsdom/living/generated/EventTarget.js:241:34)
            at Object.invokeGuardedCallbackDev (/Users/ryan/Library/Mobile Documents/com~apple~CloudDocs/Documents/VSCode/Tax-App-Frontend/node_modules/react-dom/cjs/react-dom.development.js:4213:16)
            at invokeGuardedCallback (/Users/ryan/Library/Mobile Documents/com~apple~CloudDocs/Documents/VSCode/Tax-App-Frontend/node_modules/react-dom/cjs/react-dom.development.js:4277:31)
            at beginWork$1 (/Users/ryan/Library/Mobile Documents/com~apple~CloudDocs/Documents/VSCode/Tax-App-Frontend/node_modules/react-dom/cjs/react-dom.development.js:27490:7)
            at performUnitOfWork (/Users/ryan/Library/Mobile Documents/com~apple~CloudDocs/Documents/VSCode/Tax-App-Frontend/node_modules/react-dom/cjs/react-dom.development.js:26599:12)
            at workLoopSync (/Users/ryan/Library/Mobile Documents/com~apple~CloudDocs/Documents/VSCode/Tax-App-Frontend/node_modules/react-dom/cjs/react-dom.development.js:26505:5)
            at renderRootSync (/Users/ryan/Library/Mobile Documents/com~apple~CloudDocs/Documents/VSCode/Tax-App-Frontend/node_modules/react-dom/cjs/react-dom.development.js:26473:7)
            at performConcurrentWorkOnRoot (/Users/ryan/Library/Mobile Documents/com~apple~CloudDocs/Documents/VSCode/Tax-App-Frontend/node_modules/react-dom/cjs/react-dom.development.js:25777:74)
            at flushActQueue (/Users/ryan/Library/Mobile Documents/com~apple~CloudDocs/Documents/VSCode/Tax-App-Frontend/node_modules/react/cjs/react.development.js:2667:24)
            at act (/Users/ryan/Library/Mobile Documents/com~apple~CloudDocs/Documents/VSCode/Tax-App-Frontend/node_modules/react/cjs/react.development.js:2582:11)
            at /Users/ryan/Library/Mobile Documents/com~apple~CloudDocs/Documents/VSCode/Tax-App-Frontend/node_modules/@testing-library/react/dist/act-compat.js:46:25
            at renderRoot (/Users/ryan/Library/Mobile Documents/com~apple~CloudDocs/Documents/VSCode/Tax-App-Frontend/node_modules/@testing-library/react/dist/pure.js:189:26)
            at render (/Users/ryan/Library/Mobile Documents/com~apple~CloudDocs/Documents/VSCode/Tax-App-Frontend/node_modules/@testing-library/react/dist/pure.js:291:10)
            at Object.<anonymous> (/Users/ryan/Library/Mobile Documents/com~apple~CloudDocs/Documents/VSCode/Tax-App-Frontend/src/app/login/responsive-layout.test.tsx:134:35)
            at Promise.finally.completed (/Users/ryan/Library/Mobile Documents/com~apple~CloudDocs/Documents/VSCode/Tax-App-Frontend/node_modules/jest-circus/build/jestAdapterInit.js:1557:28)
            at new Promise (<anonymous>)
            at callAsyncCircusFn (/Users/ryan/Library/Mobile Documents/com~apple~CloudDocs/Documents/VSCode/Tax-App-Frontend/node_modules/jest-circus/build/jestAdapterInit.js:1497:10)
            at _callCircusTest (/Users/ryan/Library/Mobile Documents/com~apple~CloudDocs/Documents/VSCode/Tax-App-Frontend/node_modules/jest-circus/build/jestAdapterInit.js:1007:40)
            at processTicksAndRejections (node:internal/process/task_queues:95:5)
            at _runTest (/Users/ryan/Library/Mobile Documents/com~apple~CloudDocs/Documents/VSCode/Tax-App-Frontend/node_modules/jest-circus/build/jestAdapterInit.js:947:3)
            at /Users/ryan/Library/Mobile Documents/com~apple~CloudDocs/Documents/VSCode/Tax-App-Frontend/node_modules/jest-circus/build/jestAdapterInit.js:849:7
            at _runTestsForDescribeBlock (/Users/ryan/Library/Mobile Documents/com~apple~CloudDocs/Documents/VSCode/Tax-App-Frontend/node_modules/jest-circus/build/jestAdapterInit.js:862:11)
            at _runTestsForDescribeBlock (/Users/ryan/Library/Mobile Documents/com~apple~CloudDocs/Documents/VSCode/Tax-App-Frontend/node_modules/jest-circus/build/jestAdapterInit.js:857:11)
            at _runTestsForDescribeBlock (/Users/ryan/Library/Mobile Documents/com~apple~CloudDocs/Documents/VSCode/Tax-App-Frontend/node_modules/jest-circus/build/jestAdapterInit.js:857:11)
            at run (/Users/ryan/Library/Mobile Documents/com~apple~CloudDocs/Documents/VSCode/Tax-App-Frontend/node_modules/jest-circus/build/jestAdapterInit.js:761:3)
            at runAndTransformResultsToJestFormat (/Users/ryan/Library/Mobile Documents/com~apple~CloudDocs/Documents/VSCode/Tax-App-Frontend/node_modules/jest-circus/build/jestAdapterInit.js:1918:21)
            at jestAdapter (/Users/ryan/Library/Mobile Documents/com~apple~CloudDocs/Documents/VSCode/Tax-App-Frontend/node_modules/jest-circus/build/runner.js:101:19)
            at runTestInternal (/Users/ryan/Library/Mobile Documents/com~apple~CloudDocs/Documents/VSCode/Tax-App-Frontend/node_modules/jest-runner/build/testWorker.js:275:16)
            at runTest (/Users/ryan/Library/Mobile Documents/com~apple~CloudDocs/Documents/VSCode/Tax-App-Frontend/node_modules/jest-runner/build/testWorker.js:343:7)
            at Object.worker (/Users/ryan/Library/Mobile Documents/com~apple~CloudDocs/Documents/VSCode/Tax-App-Frontend/node_modules/jest-runner/build/testWorker.js:497:12),
        type: 'unhandled exception'
      }

      132 |   describe('Requirement 6.2: Desktop Layout (width >= 768px)', () => {
      133 |     test('should increase padding on tablet screens (sm:px-6)', () => {
    > 134 |       const { container } = render(<LoginPageClient />);
          |                                   ^
      135 |
      136 |       const mainContainer = container.querySelector('.min-h-screen');
      137 |       expect(mainContainer).toHaveClass('sm:px-6');

      at VirtualConsole.<anonymous> (node_modules/@jest/environment-jsdom-abstract/build/index.js:87:23)
      at reportException (node_modules/jsdom/lib/jsdom/living/helpers/runtime-script-errors.js:70:28)
      at innerInvokeEventListeners (node_modules/jsdom/lib/jsdom/living/events/EventTarget-impl.js:353:9)
      at invokeEventListeners (node_modules/jsdom/lib/jsdom/living/events/EventTarget-impl.js:286:3)
      at HTMLUnknownElementImpl._dispatch (node_modules/jsdom/lib/jsdom/living/events/EventTarget-impl.js:233:9)
      at HTMLUnknownElementImpl.dispatchEvent (node_modules/jsdom/lib/jsdom/living/events/EventTarget-impl.js:104:17)
      at HTMLUnknownElement.dispatchEvent (node_modules/jsdom/lib/jsdom/living/generated/EventTarget.js:241:34)
      at Object.invokeGuardedCallbackDev (node_modules/react-dom/cjs/react-dom.development.js:4213:16)
      at invokeGuardedCallback (node_modules/react-dom/cjs/react-dom.development.js:4277:31)
      at beginWork$1 (node_modules/react-dom/cjs/react-dom.development.js:27490:7)
      at performUnitOfWork (node_modules/react-dom/cjs/react-dom.development.js:26599:12)
      at workLoopSync (node_modules/react-dom/cjs/react-dom.development.js:26505:5)
      at renderRootSync (node_modules/react-dom/cjs/react-dom.development.js:26473:7)
      at performConcurrentWorkOnRoot (node_modules/react-dom/cjs/react-dom.development.js:25777:74)
      at flushActQueue (node_modules/react/cjs/react.development.js:2667:24)
      at act (node_modules/react/cjs/react.development.js:2582:11)
      at node_modules/@testing-library/react/dist/act-compat.js:46:25
      at renderRoot (node_modules/@testing-library/react/dist/pure.js:189:26)
      at render (node_modules/@testing-library/react/dist/pure.js:291:10)
      at Object.<anonymous> (src/app/login/responsive-layout.test.tsx:134:35)

    console.error
      Error: Uncaught [TypeError: Cannot read properties of undefined (reading 'state')]
          at reportException (/Users/ryan/Library/Mobile Documents/com~apple~CloudDocs/Documents/VSCode/Tax-App-Frontend/node_modules/jsdom/lib/jsdom/living/helpers/runtime-script-errors.js:66:24)
          at innerInvokeEventListeners (/Users/ryan/Library/Mobile Documents/com~apple~CloudDocs/Documents/VSCode/Tax-App-Frontend/node_modules/jsdom/lib/jsdom/living/events/EventTarget-impl.js:353:9)
          at invokeEventListeners (/Users/ryan/Library/Mobile Documents/com~apple~CloudDocs/Documents/VSCode/Tax-App-Frontend/node_modules/jsdom/lib/jsdom/living/events/EventTarget-impl.js:286:3)
          at HTMLUnknownElementImpl._dispatch (/Users/ryan/Library/Mobile Documents/com~apple~CloudDocs/Documents/VSCode/Tax-App-Frontend/node_modules/jsdom/lib/jsdom/living/events/EventTarget-impl.js:233:9)
          at HTMLUnknownElementImpl.dispatchEvent (/Users/ryan/Library/Mobile Documents/com~apple~CloudDocs/Documents/VSCode/Tax-App-Frontend/node_modules/jsdom/lib/jsdom/living/events/EventTarget-impl.js:104:17)
          at HTMLUnknownElement.dispatchEvent (/Users/ryan/Library/Mobile Documents/com~apple~CloudDocs/Documents/VSCode/Tax-App-Frontend/node_modules/jsdom/lib/jsdom/living/generated/EventTarget.js:241:34)
          at Object.invokeGuardedCallbackDev (/Users/ryan/Library/Mobile Documents/com~apple~CloudDocs/Documents/VSCode/Tax-App-Frontend/node_modules/react-dom/cjs/react-dom.development.js:4213:16)
          at invokeGuardedCallback (/Users/ryan/Library/Mobile Documents/com~apple~CloudDocs/Documents/VSCode/Tax-App-Frontend/node_modules/react-dom/cjs/react-dom.development.js:4277:31)
          at beginWork$1 (/Users/ryan/Library/Mobile Documents/com~apple~CloudDocs/Documents/VSCode/Tax-App-Frontend/node_modules/react-dom/cjs/react-dom.development.js:27490:7)
          at performUnitOfWork (/Users/ryan/Library/Mobile Documents/com~apple~CloudDocs/Documents/VSCode/Tax-App-Frontend/node_modules/react-dom/cjs/react-dom.development.js:26599:12)
          at workLoopSync (/Users/ryan/Library/Mobile Documents/com~apple~CloudDocs/Documents/VSCode/Tax-App-Frontend/node_modules/react-dom/cjs/react-dom.development.js:26505:5)
          at renderRootSync (/Users/ryan/Library/Mobile Documents/com~apple~CloudDocs/Documents/VSCode/Tax-App-Frontend/node_modules/react-dom/cjs/react-dom.development.js:26473:7)
          at recoverFromConcurrentError (/Users/ryan/Library/Mobile Documents/com~apple~CloudDocs/Documents/VSCode/Tax-App-Frontend/node_modules/react-dom/cjs/react-dom.development.js:25889:20)
          at performConcurrentWorkOnRoot (/Users/ryan/Library/Mobile Documents/com~apple~CloudDocs/Documents/VSCode/Tax-App-Frontend/node_modules/react-dom/cjs/react-dom.development.js:25789:22)
          at flushActQueue (/Users/ryan/Library/Mobile Documents/com~apple~CloudDocs/Documents/VSCode/Tax-App-Frontend/node_modules/react/cjs/react.development.js:2667:24)
          at act (/Users/ryan/Library/Mobile Documents/com~apple~CloudDocs/Documents/VSCode/Tax-App-Frontend/node_modules/react/cjs/react.development.js:2582:11)
          at /Users/ryan/Library/Mobile Documents/com~apple~CloudDocs/Documents/VSCode/Tax-App-Frontend/node_modules/@testing-library/react/dist/act-compat.js:46:25
          at renderRoot (/Users/ryan/Library/Mobile Documents/com~apple~CloudDocs/Documents/VSCode/Tax-App-Frontend/node_modules/@testing-library/react/dist/pure.js:189:26)
          at render (/Users/ryan/Library/Mobile Documents/com~apple~CloudDocs/Documents/VSCode/Tax-App-Frontend/node_modules/@testing-library/react/dist/pure.js:291:10)
          at Object.<anonymous> (/Users/ryan/Library/Mobile Documents/com~apple~CloudDocs/Documents/VSCode/Tax-App-Frontend/src/app/login/responsive-layout.test.tsx:134:35)
          at Promise.finally.completed (/Users/ryan/Library/Mobile Documents/com~apple~CloudDocs/Documents/VSCode/Tax-App-Frontend/node_modules/jest-circus/build/jestAdapterInit.js:1557:28)
          at new Promise (<anonymous>)
          at callAsyncCircusFn (/Users/ryan/Library/Mobile Documents/com~apple~CloudDocs/Documents/VSCode/Tax-App-Frontend/node_modules/jest-circus/build/jestAdapterInit.js:1497:10)
          at _callCircusTest (/Users/ryan/Library/Mobile Documents/com~apple~CloudDocs/Documents/VSCode/Tax-App-Frontend/node_modules/jest-circus/build/jestAdapterInit.js:1007:40)
          at processTicksAndRejections (node:internal/process/task_queues:95:5)
          at _runTest (/Users/ryan/Library/Mobile Documents/com~apple~CloudDocs/Documents/VSCode/Tax-App-Frontend/node_modules/jest-circus/build/jestAdapterInit.js:947:3)
          at /Users/ryan/Library/Mobile Documents/com~apple~CloudDocs/Documents/VSCode/Tax-App-Frontend/node_modules/jest-circus/build/jestAdapterInit.js:849:7
          at _runTestsForDescribeBlock (/Users/ryan/Library/Mobile Documents/com~apple~CloudDocs/Documents/VSCode/Tax-App-Frontend/node_modules/jest-circus/build/jestAdapterInit.js:862:11)
          at _runTestsForDescribeBlock (/Users/ryan/Library/Mobile Documents/com~apple~CloudDocs/Documents/VSCode/Tax-App-Frontend/node_modules/jest-circus/build/jestAdapterInit.js:857:11)
          at _runTestsForDescribeBlock (/Users/ryan/Library/Mobile Documents/com~apple~CloudDocs/Documents/VSCode/Tax-App-Frontend/node_modules/jest-circus/build/jestAdapterInit.js:857:11)
          at run (/Users/ryan/Library/Mobile Documents/com~apple~CloudDocs/Documents/VSCode/Tax-App-Frontend/node_modules/jest-circus/build/jestAdapterInit.js:761:3)
          at runAndTransformResultsToJestFormat (/Users/ryan/Library/Mobile Documents/com~apple~CloudDocs/Documents/VSCode/Tax-App-Frontend/node_modules/jest-circus/build/jestAdapterInit.js:1918:21)
          at jestAdapter (/Users/ryan/Library/Mobile Documents/com~apple~CloudDocs/Documents/VSCode/Tax-App-Frontend/node_modules/jest-circus/build/runner.js:101:19)
          at runTestInternal (/Users/ryan/Library/Mobile Documents/com~apple~CloudDocs/Documents/VSCode/Tax-App-Frontend/node_modules/jest-runner/build/testWorker.js:275:16)
          at runTest (/Users/ryan/Library/Mobile Documents/com~apple~CloudDocs/Documents/VSCode/Tax-App-Frontend/node_modules/jest-runner/build/testWorker.js:343:7)
          at Object.worker (/Users/ryan/Library/Mobile Documents/com~apple~CloudDocs/Documents/VSCode/Tax-App-Frontend/node_modules/jest-runner/build/testWorker.js:497:12) {
        detail: TypeError: Cannot read properties of undefined (reading 'state')
            at state (/Users/ryan/Library/Mobile Documents/com~apple~CloudDocs/Documents/VSCode/Tax-App-Frontend/src/components/LoginForm.tsx:93:15)
            at renderWithHooks (/Users/ryan/Library/Mobile Documents/com~apple~CloudDocs/Documents/VSCode/Tax-App-Frontend/node_modules/react-dom/cjs/react-dom.development.js:15486:18)
            at mountIndeterminateComponent (/Users/ryan/Library/Mobile Documents/com~apple~CloudDocs/Documents/VSCode/Tax-App-Frontend/node_modules/react-dom/cjs/react-dom.development.js:20103:13)
            at beginWork (/Users/ryan/Library/Mobile Documents/com~apple~CloudDocs/Documents/VSCode/Tax-App-Frontend/node_modules/react-dom/cjs/react-dom.development.js:21626:16)
            at HTMLUnknownElement.callCallback (/Users/ryan/Library/Mobile Documents/com~apple~CloudDocs/Documents/VSCode/Tax-App-Frontend/node_modules/react-dom/cjs/react-dom.development.js:4164:14)
            at HTMLUnknownElement.callTheUserObjectsOperation (/Users/ryan/Library/Mobile Documents/com~apple~CloudDocs/Documents/VSCode/Tax-App-Frontend/node_modules/jsdom/lib/jsdom/living/generated/EventListener.js:26:30)
            at innerInvokeEventListeners (/Users/ryan/Library/Mobile Documents/com~apple~CloudDocs/Documents/VSCode/Tax-App-Frontend/node_modules/jsdom/lib/jsdom/living/events/EventTarget-impl.js:350:25)
            at invokeEventListeners (/Users/ryan/Library/Mobile Documents/com~apple~CloudDocs/Documents/VSCode/Tax-App-Frontend/node_modules/jsdom/lib/jsdom/living/events/EventTarget-impl.js:286:3)
            at HTMLUnknownElementImpl._dispatch (/Users/ryan/Library/Mobile Documents/com~apple~CloudDocs/Documents/VSCode/Tax-App-Frontend/node_modules/jsdom/lib/jsdom/living/events/EventTarget-impl.js:233:9)
            at HTMLUnknownElementImpl.dispatchEvent (/Users/ryan/Library/Mobile Documents/com~apple~CloudDocs/Documents/VSCode/Tax-App-Frontend/node_modules/jsdom/lib/jsdom/living/events/EventTarget-impl.js:104:17)
            at HTMLUnknownElement.dispatchEvent (/Users/ryan/Library/Mobile Documents/com~apple~CloudDocs/Documents/VSCode/Tax-App-Frontend/node_modules/jsdom/lib/jsdom/living/generated/EventTarget.js:241:34)
            at Object.invokeGuardedCallbackDev (/Users/ryan/Library/Mobile Documents/com~apple~CloudDocs/Documents/VSCode/Tax-App-Frontend/node_modules/react-dom/cjs/react-dom.development.js:4213:16)
            at invokeGuardedCallback (/Users/ryan/Library/Mobile Documents/com~apple~CloudDocs/Documents/VSCode/Tax-App-Frontend/node_modules/react-dom/cjs/react-dom.development.js:4277:31)
            at beginWork$1 (/Users/ryan/Library/Mobile Documents/com~apple~CloudDocs/Documents/VSCode/Tax-App-Frontend/node_modules/react-dom/cjs/react-dom.development.js:27490:7)
            at performUnitOfWork (/Users/ryan/Library/Mobile Documents/com~apple~CloudDocs/Documents/VSCode/Tax-App-Frontend/node_modules/react-dom/cjs/react-dom.development.js:26599:12)
            at workLoopSync (/Users/ryan/Library/Mobile Documents/com~apple~CloudDocs/Documents/VSCode/Tax-App-Frontend/node_modules/react-dom/cjs/react-dom.development.js:26505:5)
            at renderRootSync (/Users/ryan/Library/Mobile Documents/com~apple~CloudDocs/Documents/VSCode/Tax-App-Frontend/node_modules/react-dom/cjs/react-dom.development.js:26473:7)
            at recoverFromConcurrentError (/Users/ryan/Library/Mobile Documents/com~apple~CloudDocs/Documents/VSCode/Tax-App-Frontend/node_modules/react-dom/cjs/react-dom.development.js:25889:20)
            at performConcurrentWorkOnRoot (/Users/ryan/Library/Mobile Documents/com~apple~CloudDocs/Documents/VSCode/Tax-App-Frontend/node_modules/react-dom/cjs/react-dom.development.js:25789:22)
            at flushActQueue (/Users/ryan/Library/Mobile Documents/com~apple~CloudDocs/Documents/VSCode/Tax-App-Frontend/node_modules/react/cjs/react.development.js:2667:24)
            at act (/Users/ryan/Library/Mobile Documents/com~apple~CloudDocs/Documents/VSCode/Tax-App-Frontend/node_modules/react/cjs/react.development.js:2582:11)
            at /Users/ryan/Library/Mobile Documents/com~apple~CloudDocs/Documents/VSCode/Tax-App-Frontend/node_modules/@testing-library/react/dist/act-compat.js:46:25
            at renderRoot (/Users/ryan/Library/Mobile Documents/com~apple~CloudDocs/Documents/VSCode/Tax-App-Frontend/node_modules/@testing-library/react/dist/pure.js:189:26)
            at render (/Users/ryan/Library/Mobile Documents/com~apple~CloudDocs/Documents/VSCode/Tax-App-Frontend/node_modules/@testing-library/react/dist/pure.js:291:10)
            at Object.<anonymous> (/Users/ryan/Library/Mobile Documents/com~apple~CloudDocs/Documents/VSCode/Tax-App-Frontend/src/app/login/responsive-layout.test.tsx:134:35)
            at Promise.finally.completed (/Users/ryan/Library/Mobile Documents/com~apple~CloudDocs/Documents/VSCode/Tax-App-Frontend/node_modules/jest-circus/build/jestAdapterInit.js:1557:28)
            at new Promise (<anonymous>)
            at callAsyncCircusFn (/Users/ryan/Library/Mobile Documents/com~apple~CloudDocs/Documents/VSCode/Tax-App-Frontend/node_modules/jest-circus/build/jestAdapterInit.js:1497:10)
            at _callCircusTest (/Users/ryan/Library/Mobile Documents/com~apple~CloudDocs/Documents/VSCode/Tax-App-Frontend/node_modules/jest-circus/build/jestAdapterInit.js:1007:40)
            at processTicksAndRejections (node:internal/process/task_queues:95:5)
            at _runTest (/Users/ryan/Library/Mobile Documents/com~apple~CloudDocs/Documents/VSCode/Tax-App-Frontend/node_modules/jest-circus/build/jestAdapterInit.js:947:3)
            at /Users/ryan/Library/Mobile Documents/com~apple~CloudDocs/Documents/VSCode/Tax-App-Frontend/node_modules/jest-circus/build/jestAdapterInit.js:849:7
            at _runTestsForDescribeBlock (/Users/ryan/Library/Mobile Documents/com~apple~CloudDocs/Documents/VSCode/Tax-App-Frontend/node_modules/jest-circus/build/jestAdapterInit.js:862:11)
            at _runTestsForDescribeBlock (/Users/ryan/Library/Mobile Documents/com~apple~CloudDocs/Documents/VSCode/Tax-App-Frontend/node_modules/jest-circus/build/jestAdapterInit.js:857:11)
            at _runTestsForDescribeBlock (/Users/ryan/Library/Mobile Documents/com~apple~CloudDocs/Documents/VSCode/Tax-App-Frontend/node_modules/jest-circus/build/jestAdapterInit.js:857:11)
            at run (/Users/ryan/Library/Mobile Documents/com~apple~CloudDocs/Documents/VSCode/Tax-App-Frontend/node_modules/jest-circus/build/jestAdapterInit.js:761:3)
            at runAndTransformResultsToJestFormat (/Users/ryan/Library/Mobile Documents/com~apple~CloudDocs/Documents/VSCode/Tax-App-Frontend/node_modules/jest-circus/build/jestAdapterInit.js:1918:21)
            at jestAdapter (/Users/ryan/Library/Mobile Documents/com~apple~CloudDocs/Documents/VSCode/Tax-App-Frontend/node_modules/jest-circus/build/runner.js:101:19)
            at runTestInternal (/Users/ryan/Library/Mobile Documents/com~apple~CloudDocs/Documents/VSCode/Tax-App-Frontend/node_modules/jest-runner/build/testWorker.js:275:16)
            at runTest (/Users/ryan/Library/Mobile Documents/com~apple~CloudDocs/Documents/VSCode/Tax-App-Frontend/node_modules/jest-runner/build/testWorker.js:343:7)
            at Object.worker (/Users/ryan/Library/Mobile Documents/com~apple~CloudDocs/Documents/VSCode/Tax-App-Frontend/node_modules/jest-runner/build/testWorker.js:497:12),
        type: 'unhandled exception'
      }

      132 |   describe('Requirement 6.2: Desktop Layout (width >= 768px)', () => {
      133 |     test('should increase padding on tablet screens (sm:px-6)', () => {
    > 134 |       const { container } = render(<LoginPageClient />);
          |                                   ^
      135 |
      136 |       const mainContainer = container.querySelector('.min-h-screen');
      137 |       expect(mainContainer).toHaveClass('sm:px-6');

      at VirtualConsole.<anonymous> (node_modules/@jest/environment-jsdom-abstract/build/index.js:87:23)
      at reportException (node_modules/jsdom/lib/jsdom/living/helpers/runtime-script-errors.js:70:28)
      at innerInvokeEventListeners (node_modules/jsdom/lib/jsdom/living/events/EventTarget-impl.js:353:9)
      at invokeEventListeners (node_modules/jsdom/lib/jsdom/living/events/EventTarget-impl.js:286:3)
      at HTMLUnknownElementImpl._dispatch (node_modules/jsdom/lib/jsdom/living/events/EventTarget-impl.js:233:9)
      at HTMLUnknownElementImpl.dispatchEvent (node_modules/jsdom/lib/jsdom/living/events/EventTarget-impl.js:104:17)
      at HTMLUnknownElement.dispatchEvent (node_modules/jsdom/lib/jsdom/living/generated/EventTarget.js:241:34)
      at Object.invokeGuardedCallbackDev (node_modules/react-dom/cjs/react-dom.development.js:4213:16)
      at invokeGuardedCallback (node_modules/react-dom/cjs/react-dom.development.js:4277:31)
      at beginWork$1 (node_modules/react-dom/cjs/react-dom.development.js:27490:7)
      at performUnitOfWork (node_modules/react-dom/cjs/react-dom.development.js:26599:12)
      at workLoopSync (node_modules/react-dom/cjs/react-dom.development.js:26505:5)
      at renderRootSync (node_modules/react-dom/cjs/react-dom.development.js:26473:7)
      at recoverFromConcurrentError (node_modules/react-dom/cjs/react-dom.development.js:25889:20)
      at performConcurrentWorkOnRoot (node_modules/react-dom/cjs/react-dom.development.js:25789:22)
      at flushActQueue (node_modules/react/cjs/react.development.js:2667:24)
      at act (node_modules/react/cjs/react.development.js:2582:11)
      at node_modules/@testing-library/react/dist/act-compat.js:46:25
      at renderRoot (node_modules/@testing-library/react/dist/pure.js:189:26)
      at render (node_modules/@testing-library/react/dist/pure.js:291:10)
      at Object.<anonymous> (src/app/login/responsive-layout.test.tsx:134:35)

    console.error
      The above error occurred in the <LoginForm> component:
      
          at className (/Users/ryan/Library/Mobile Documents/com~apple~CloudDocs/Documents/VSCode/Tax-App-Frontend/src/components/LoginForm.tsx:45:29)
          at div
          at children (/Users/ryan/Library/Mobile Documents/com~apple~CloudDocs/Documents/VSCode/Tax-App-Frontend/src/app/login/responsive-layout.test.tsx:62:19)
          at div
          at children (/Users/ryan/Library/Mobile Documents/com~apple~CloudDocs/Documents/VSCode/Tax-App-Frontend/src/app/login/responsive-layout.test.tsx:52:12)
          at div
          at div
          at div
          at children (/Users/ryan/Library/Mobile Documents/com~apple~CloudDocs/Documents/VSCode/Tax-App-Frontend/src/app/login/responsive-layout.test.tsx:47:21)
          at callbackUrl (/Users/ryan/Library/Mobile Documents/com~apple~CloudDocs/Documents/VSCode/Tax-App-Frontend/src/app/login/LoginPageClient.tsx:49:43)
      
      Consider adding an error boundary to your tree to customize error handling behavior.
      Visit https://reactjs.org/link/error-boundaries to learn more about error boundaries.

      132 |   describe('Requirement 6.2: Desktop Layout (width >= 768px)', () => {
      133 |     test('should increase padding on tablet screens (sm:px-6)', () => {
    > 134 |       const { container } = render(<LoginPageClient />);
          |                                   ^
      135 |
      136 |       const mainContainer = container.querySelector('.min-h-screen');
      137 |       expect(mainContainer).toHaveClass('sm:px-6');

      at logCapturedError (node_modules/react-dom/cjs/react-dom.development.js:18704:23)
      at update.callback (node_modules/react-dom/cjs/react-dom.development.js:18737:5)
      at callCallback (node_modules/react-dom/cjs/react-dom.development.js:15036:12)
      at commitUpdateQueue (node_modules/react-dom/cjs/react-dom.development.js:15057:9)
      at commitLayoutEffectOnFiber (node_modules/react-dom/cjs/react-dom.development.js:23430:13)
      at commitLayoutMountEffects_complete (node_modules/react-dom/cjs/react-dom.development.js:24727:9)
      at commitLayoutEffects_begin (node_modules/react-dom/cjs/react-dom.development.js:24713:7)
      at commitLayoutEffects (node_modules/react-dom/cjs/react-dom.development.js:24651:3)
      at commitRootImpl (node_modules/react-dom/cjs/react-dom.development.js:26862:5)
      at commitRoot (node_modules/react-dom/cjs/react-dom.development.js:26721:5)
      at finishConcurrentRender (node_modules/react-dom/cjs/react-dom.development.js:25931:9)
      at performConcurrentWorkOnRoot (node_modules/react-dom/cjs/react-dom.development.js:25848:7)
      at flushActQueue (node_modules/react/cjs/react.development.js:2667:24)
      at act (node_modules/react/cjs/react.development.js:2582:11)
      at node_modules/@testing-library/react/dist/act-compat.js:46:25
      at renderRoot (node_modules/@testing-library/react/dist/pure.js:189:26)
      at render (node_modules/@testing-library/react/dist/pure.js:291:10)
      at Object.<anonymous> (src/app/login/responsive-layout.test.tsx:134:35)

    console.error
      Error: Uncaught [TypeError: Cannot read properties of undefined (reading 'state')]
          at reportException (/Users/ryan/Library/Mobile Documents/com~apple~CloudDocs/Documents/VSCode/Tax-App-Frontend/node_modules/jsdom/lib/jsdom/living/helpers/runtime-script-errors.js:66:24)
          at innerInvokeEventListeners (/Users/ryan/Library/Mobile Documents/com~apple~CloudDocs/Documents/VSCode/Tax-App-Frontend/node_modules/jsdom/lib/jsdom/living/events/EventTarget-impl.js:353:9)
          at invokeEventListeners (/Users/ryan/Library/Mobile Documents/com~apple~CloudDocs/Documents/VSCode/Tax-App-Frontend/node_modules/jsdom/lib/jsdom/living/events/EventTarget-impl.js:286:3)
          at HTMLUnknownElementImpl._dispatch (/Users/ryan/Library/Mobile Documents/com~apple~CloudDocs/Documents/VSCode/Tax-App-Frontend/node_modules/jsdom/lib/jsdom/living/events/EventTarget-impl.js:233:9)
          at HTMLUnknownElementImpl.dispatchEvent (/Users/ryan/Library/Mobile Documents/com~apple~CloudDocs/Documents/VSCode/Tax-App-Frontend/node_modules/jsdom/lib/jsdom/living/events/EventTarget-impl.js:104:17)
          at HTMLUnknownElement.dispatchEvent (/Users/ryan/Library/Mobile Documents/com~apple~CloudDocs/Documents/VSCode/Tax-App-Frontend/node_modules/jsdom/lib/jsdom/living/generated/EventTarget.js:241:34)
          at Object.invokeGuardedCallbackDev (/Users/ryan/Library/Mobile Documents/com~apple~CloudDocs/Documents/VSCode/Tax-App-Frontend/node_modules/react-dom/cjs/react-dom.development.js:4213:16)
          at invokeGuardedCallback (/Users/ryan/Library/Mobile Documents/com~apple~CloudDocs/Documents/VSCode/Tax-App-Frontend/node_modules/react-dom/cjs/react-dom.development.js:4277:31)
          at beginWork$1 (/Users/ryan/Library/Mobile Documents/com~apple~CloudDocs/Documents/VSCode/Tax-App-Frontend/node_modules/react-dom/cjs/react-dom.development.js:27490:7)
          at performUnitOfWork (/Users/ryan/Library/Mobile Documents/com~apple~CloudDocs/Documents/VSCode/Tax-App-Frontend/node_modules/react-dom/cjs/react-dom.development.js:26599:12)
          at workLoopSync (/Users/ryan/Library/Mobile Documents/com~apple~CloudDocs/Documents/VSCode/Tax-App-Frontend/node_modules/react-dom/cjs/react-dom.development.js:26505:5)
          at renderRootSync (/Users/ryan/Library/Mobile Documents/com~apple~CloudDocs/Documents/VSCode/Tax-App-Frontend/node_modules/react-dom/cjs/react-dom.development.js:26473:7)
          at performConcurrentWorkOnRoot (/Users/ryan/Library/Mobile Documents/com~apple~CloudDocs/Documents/VSCode/Tax-App-Frontend/node_modules/react-dom/cjs/react-dom.development.js:25777:74)
          at flushActQueue (/Users/ryan/Library/Mobile Documents/com~apple~CloudDocs/Documents/VSCode/Tax-App-Frontend/node_modules/react/cjs/react.development.js:2667:24)
          at act (/Users/ryan/Library/Mobile Documents/com~apple~CloudDocs/Documents/VSCode/Tax-App-Frontend/node_modules/react/cjs/react.development.js:2582:11)
          at /Users/ryan/Library/Mobile Documents/com~apple~CloudDocs/Documents/VSCode/Tax-App-Frontend/node_modules/@testing-library/react/dist/act-compat.js:46:25
          at renderRoot (/Users/ryan/Library/Mobile Documents/com~apple~CloudDocs/Documents/VSCode/Tax-App-Frontend/node_modules/@testing-library/react/dist/pure.js:189:26)
          at render (/Users/ryan/Library/Mobile Documents/com~apple~CloudDocs/Documents/VSCode/Tax-App-Frontend/node_modules/@testing-library/react/dist/pure.js:291:10)
          at Object.<anonymous> (/Users/ryan/Library/Mobile Documents/com~apple~CloudDocs/Documents/VSCode/Tax-App-Frontend/src/app/login/responsive-layout.test.tsx:141:35)
          at Promise.finally.completed (/Users/ryan/Library/Mobile Documents/com~apple~CloudDocs/Documents/VSCode/Tax-App-Frontend/node_modules/jest-circus/build/jestAdapterInit.js:1557:28)
          at new Promise (<anonymous>)
          at callAsyncCircusFn (/Users/ryan/Library/Mobile Documents/com~apple~CloudDocs/Documents/VSCode/Tax-App-Frontend/node_modules/jest-circus/build/jestAdapterInit.js:1497:10)
          at _callCircusTest (/Users/ryan/Library/Mobile Documents/com~apple~CloudDocs/Documents/VSCode/Tax-App-Frontend/node_modules/jest-circus/build/jestAdapterInit.js:1007:40)
          at processTicksAndRejections (node:internal/process/task_queues:95:5)
          at _runTest (/Users/ryan/Library/Mobile Documents/com~apple~CloudDocs/Documents/VSCode/Tax-App-Frontend/node_modules/jest-circus/build/jestAdapterInit.js:947:3)
          at /Users/ryan/Library/Mobile Documents/com~apple~CloudDocs/Documents/VSCode/Tax-App-Frontend/node_modules/jest-circus/build/jestAdapterInit.js:849:7
          at _runTestsForDescribeBlock (/Users/ryan/Library/Mobile Documents/com~apple~CloudDocs/Documents/VSCode/Tax-App-Frontend/node_modules/jest-circus/build/jestAdapterInit.js:862:11)
          at _runTestsForDescribeBlock (/Users/ryan/Library/Mobile Documents/com~apple~CloudDocs/Documents/VSCode/Tax-App-Frontend/node_modules/jest-circus/build/jestAdapterInit.js:857:11)
          at _runTestsForDescribeBlock (/Users/ryan/Library/Mobile Documents/com~apple~CloudDocs/Documents/VSCode/Tax-App-Frontend/node_modules/jest-circus/build/jestAdapterInit.js:857:11)
          at run (/Users/ryan/Library/Mobile Documents/com~apple~CloudDocs/Documents/VSCode/Tax-App-Frontend/node_modules/jest-circus/build/jestAdapterInit.js:761:3)
          at runAndTransformResultsToJestFormat (/Users/ryan/Library/Mobile Documents/com~apple~CloudDocs/Documents/VSCode/Tax-App-Frontend/node_modules/jest-circus/build/jestAdapterInit.js:1918:21)
          at jestAdapter (/Users/ryan/Library/Mobile Documents/com~apple~CloudDocs/Documents/VSCode/Tax-App-Frontend/node_modules/jest-circus/build/runner.js:101:19)
          at runTestInternal (/Users/ryan/Library/Mobile Documents/com~apple~CloudDocs/Documents/VSCode/Tax-App-Frontend/node_modules/jest-runner/build/testWorker.js:275:16)
          at runTest (/Users/ryan/Library/Mobile Documents/com~apple~CloudDocs/Documents/VSCode/Tax-App-Frontend/node_modules/jest-runner/build/testWorker.js:343:7)
          at Object.worker (/Users/ryan/Library/Mobile Documents/com~apple~CloudDocs/Documents/VSCode/Tax-App-Frontend/node_modules/jest-runner/build/testWorker.js:497:12) {
        detail: TypeError: Cannot read properties of undefined (reading 'state')
            at state (/Users/ryan/Library/Mobile Documents/com~apple~CloudDocs/Documents/VSCode/Tax-App-Frontend/src/components/LoginForm.tsx:93:15)
            at renderWithHooks (/Users/ryan/Library/Mobile Documents/com~apple~CloudDocs/Documents/VSCode/Tax-App-Frontend/node_modules/react-dom/cjs/react-dom.development.js:15486:18)
            at mountIndeterminateComponent (/Users/ryan/Library/Mobile Documents/com~apple~CloudDocs/Documents/VSCode/Tax-App-Frontend/node_modules/react-dom/cjs/react-dom.development.js:20103:13)
            at beginWork (/Users/ryan/Library/Mobile Documents/com~apple~CloudDocs/Documents/VSCode/Tax-App-Frontend/node_modules/react-dom/cjs/react-dom.development.js:21626:16)
            at HTMLUnknownElement.callCallback (/Users/ryan/Library/Mobile Documents/com~apple~CloudDocs/Documents/VSCode/Tax-App-Frontend/node_modules/react-dom/cjs/react-dom.development.js:4164:14)
            at HTMLUnknownElement.callTheUserObjectsOperation (/Users/ryan/Library/Mobile Documents/com~apple~CloudDocs/Documents/VSCode/Tax-App-Frontend/node_modules/jsdom/lib/jsdom/living/generated/EventListener.js:26:30)
            at innerInvokeEventListeners (/Users/ryan/Library/Mobile Documents/com~apple~CloudDocs/Documents/VSCode/Tax-App-Frontend/node_modules/jsdom/lib/jsdom/living/events/EventTarget-impl.js:350:25)
            at invokeEventListeners (/Users/ryan/Library/Mobile Documents/com~apple~CloudDocs/Documents/VSCode/Tax-App-Frontend/node_modules/jsdom/lib/jsdom/living/events/EventTarget-impl.js:286:3)
            at HTMLUnknownElementImpl._dispatch (/Users/ryan/Library/Mobile Documents/com~apple~CloudDocs/Documents/VSCode/Tax-App-Frontend/node_modules/jsdom/lib/jsdom/living/events/EventTarget-impl.js:233:9)
            at HTMLUnknownElementImpl.dispatchEvent (/Users/ryan/Library/Mobile Documents/com~apple~CloudDocs/Documents/VSCode/Tax-App-Frontend/node_modules/jsdom/lib/jsdom/living/events/EventTarget-impl.js:104:17)
            at HTMLUnknownElement.dispatchEvent (/Users/ryan/Library/Mobile Documents/com~apple~CloudDocs/Documents/VSCode/Tax-App-Frontend/node_modules/jsdom/lib/jsdom/living/generated/EventTarget.js:241:34)
            at Object.invokeGuardedCallbackDev (/Users/ryan/Library/Mobile Documents/com~apple~CloudDocs/Documents/VSCode/Tax-App-Frontend/node_modules/react-dom/cjs/react-dom.development.js:4213:16)
            at invokeGuardedCallback (/Users/ryan/Library/Mobile Documents/com~apple~CloudDocs/Documents/VSCode/Tax-App-Frontend/node_modules/react-dom/cjs/react-dom.development.js:4277:31)
            at beginWork$1 (/Users/ryan/Library/Mobile Documents/com~apple~CloudDocs/Documents/VSCode/Tax-App-Frontend/node_modules/react-dom/cjs/react-dom.development.js:27490:7)
            at performUnitOfWork (/Users/ryan/Library/Mobile Documents/com~apple~CloudDocs/Documents/VSCode/Tax-App-Frontend/node_modules/react-dom/cjs/react-dom.development.js:26599:12)
            at workLoopSync (/Users/ryan/Library/Mobile Documents/com~apple~CloudDocs/Documents/VSCode/Tax-App-Frontend/node_modules/react-dom/cjs/react-dom.development.js:26505:5)
            at renderRootSync (/Users/ryan/Library/Mobile Documents/com~apple~CloudDocs/Documents/VSCode/Tax-App-Frontend/node_modules/react-dom/cjs/react-dom.development.js:26473:7)
            at performConcurrentWorkOnRoot (/Users/ryan/Library/Mobile Documents/com~apple~CloudDocs/Documents/VSCode/Tax-App-Frontend/node_modules/react-dom/cjs/react-dom.development.js:25777:74)
            at flushActQueue (/Users/ryan/Library/Mobile Documents/com~apple~CloudDocs/Documents/VSCode/Tax-App-Frontend/node_modules/react/cjs/react.development.js:2667:24)
            at act (/Users/ryan/Library/Mobile Documents/com~apple~CloudDocs/Documents/VSCode/Tax-App-Frontend/node_modules/react/cjs/react.development.js:2582:11)
            at /Users/ryan/Library/Mobile Documents/com~apple~CloudDocs/Documents/VSCode/Tax-App-Frontend/node_modules/@testing-library/react/dist/act-compat.js:46:25
            at renderRoot (/Users/ryan/Library/Mobile Documents/com~apple~CloudDocs/Documents/VSCode/Tax-App-Frontend/node_modules/@testing-library/react/dist/pure.js:189:26)
            at render (/Users/ryan/Library/Mobile Documents/com~apple~CloudDocs/Documents/VSCode/Tax-App-Frontend/node_modules/@testing-library/react/dist/pure.js:291:10)
            at Object.<anonymous> (/Users/ryan/Library/Mobile Documents/com~apple~CloudDocs/Documents/VSCode/Tax-App-Frontend/src/app/login/responsive-layout.test.tsx:141:35)
            at Promise.finally.completed (/Users/ryan/Library/Mobile Documents/com~apple~CloudDocs/Documents/VSCode/Tax-App-Frontend/node_modules/jest-circus/build/jestAdapterInit.js:1557:28)
            at new Promise (<anonymous>)
            at callAsyncCircusFn (/Users/ryan/Library/Mobile Documents/com~apple~CloudDocs/Documents/VSCode/Tax-App-Frontend/node_modules/jest-circus/build/jestAdapterInit.js:1497:10)
            at _callCircusTest (/Users/ryan/Library/Mobile Documents/com~apple~CloudDocs/Documents/VSCode/Tax-App-Frontend/node_modules/jest-circus/build/jestAdapterInit.js:1007:40)
            at processTicksAndRejections (node:internal/process/task_queues:95:5)
            at _runTest (/Users/ryan/Library/Mobile Documents/com~apple~CloudDocs/Documents/VSCode/Tax-App-Frontend/node_modules/jest-circus/build/jestAdapterInit.js:947:3)
            at /Users/ryan/Library/Mobile Documents/com~apple~CloudDocs/Documents/VSCode/Tax-App-Frontend/node_modules/jest-circus/build/jestAdapterInit.js:849:7
            at _runTestsForDescribeBlock (/Users/ryan/Library/Mobile Documents/com~apple~CloudDocs/Documents/VSCode/Tax-App-Frontend/node_modules/jest-circus/build/jestAdapterInit.js:862:11)
            at _runTestsForDescribeBlock (/Users/ryan/Library/Mobile Documents/com~apple~CloudDocs/Documents/VSCode/Tax-App-Frontend/node_modules/jest-circus/build/jestAdapterInit.js:857:11)
            at _runTestsForDescribeBlock (/Users/ryan/Library/Mobile Documents/com~apple~CloudDocs/Documents/VSCode/Tax-App-Frontend/node_modules/jest-circus/build/jestAdapterInit.js:857:11)
            at run (/Users/ryan/Library/Mobile Documents/com~apple~CloudDocs/Documents/VSCode/Tax-App-Frontend/node_modules/jest-circus/build/jestAdapterInit.js:761:3)
            at runAndTransformResultsToJestFormat (/Users/ryan/Library/Mobile Documents/com~apple~CloudDocs/Documents/VSCode/Tax-App-Frontend/node_modules/jest-circus/build/jestAdapterInit.js:1918:21)
            at jestAdapter (/Users/ryan/Library/Mobile Documents/com~apple~CloudDocs/Documents/VSCode/Tax-App-Frontend/node_modules/jest-circus/build/runner.js:101:19)
            at runTestInternal (/Users/ryan/Library/Mobile Documents/com~apple~CloudDocs/Documents/VSCode/Tax-App-Frontend/node_modules/jest-runner/build/testWorker.js:275:16)
            at runTest (/Users/ryan/Library/Mobile Documents/com~apple~CloudDocs/Documents/VSCode/Tax-App-Frontend/node_modules/jest-runner/build/testWorker.js:343:7)
            at Object.worker (/Users/ryan/Library/Mobile Documents/com~apple~CloudDocs/Documents/VSCode/Tax-App-Frontend/node_modules/jest-runner/build/testWorker.js:497:12),
        type: 'unhandled exception'
      }

      139 |
      140 |     test('should increase padding on large screens (lg:px-8)', () => {
    > 141 |       const { container } = render(<LoginPageClient />);
          |                                   ^
      142 |
      143 |       const mainContainer = container.querySelector('.min-h-screen');
      144 |       expect(mainContainer).toHaveClass('lg:px-8');

      at VirtualConsole.<anonymous> (node_modules/@jest/environment-jsdom-abstract/build/index.js:87:23)
      at reportException (node_modules/jsdom/lib/jsdom/living/helpers/runtime-script-errors.js:70:28)
      at innerInvokeEventListeners (node_modules/jsdom/lib/jsdom/living/events/EventTarget-impl.js:353:9)
      at invokeEventListeners (node_modules/jsdom/lib/jsdom/living/events/EventTarget-impl.js:286:3)
      at HTMLUnknownElementImpl._dispatch (node_modules/jsdom/lib/jsdom/living/events/EventTarget-impl.js:233:9)
      at HTMLUnknownElementImpl.dispatchEvent (node_modules/jsdom/lib/jsdom/living/events/EventTarget-impl.js:104:17)
      at HTMLUnknownElement.dispatchEvent (node_modules/jsdom/lib/jsdom/living/generated/EventTarget.js:241:34)
      at Object.invokeGuardedCallbackDev (node_modules/react-dom/cjs/react-dom.development.js:4213:16)
      at invokeGuardedCallback (node_modules/react-dom/cjs/react-dom.development.js:4277:31)
      at beginWork$1 (node_modules/react-dom/cjs/react-dom.development.js:27490:7)
      at performUnitOfWork (node_modules/react-dom/cjs/react-dom.development.js:26599:12)
      at workLoopSync (node_modules/react-dom/cjs/react-dom.development.js:26505:5)
      at renderRootSync (node_modules/react-dom/cjs/react-dom.development.js:26473:7)
      at performConcurrentWorkOnRoot (node_modules/react-dom/cjs/react-dom.development.js:25777:74)
      at flushActQueue (node_modules/react/cjs/react.development.js:2667:24)
      at act (node_modules/react/cjs/react.development.js:2582:11)
      at node_modules/@testing-library/react/dist/act-compat.js:46:25
      at renderRoot (node_modules/@testing-library/react/dist/pure.js:189:26)
      at render (node_modules/@testing-library/react/dist/pure.js:291:10)
      at Object.<anonymous> (src/app/login/responsive-layout.test.tsx:141:35)

    console.error
      Error: Uncaught [TypeError: Cannot read properties of undefined (reading 'state')]
          at reportException (/Users/ryan/Library/Mobile Documents/com~apple~CloudDocs/Documents/VSCode/Tax-App-Frontend/node_modules/jsdom/lib/jsdom/living/helpers/runtime-script-errors.js:66:24)
          at innerInvokeEventListeners (/Users/ryan/Library/Mobile Documents/com~apple~CloudDocs/Documents/VSCode/Tax-App-Frontend/node_modules/jsdom/lib/jsdom/living/events/EventTarget-impl.js:353:9)
          at invokeEventListeners (/Users/ryan/Library/Mobile Documents/com~apple~CloudDocs/Documents/VSCode/Tax-App-Frontend/node_modules/jsdom/lib/jsdom/living/events/EventTarget-impl.js:286:3)
          at HTMLUnknownElementImpl._dispatch (/Users/ryan/Library/Mobile Documents/com~apple~CloudDocs/Documents/VSCode/Tax-App-Frontend/node_modules/jsdom/lib/jsdom/living/events/EventTarget-impl.js:233:9)
          at HTMLUnknownElementImpl.dispatchEvent (/Users/ryan/Library/Mobile Documents/com~apple~CloudDocs/Documents/VSCode/Tax-App-Frontend/node_modules/jsdom/lib/jsdom/living/events/EventTarget-impl.js:104:17)
          at HTMLUnknownElement.dispatchEvent (/Users/ryan/Library/Mobile Documents/com~apple~CloudDocs/Documents/VSCode/Tax-App-Frontend/node_modules/jsdom/lib/jsdom/living/generated/EventTarget.js:241:34)
          at Object.invokeGuardedCallbackDev (/Users/ryan/Library/Mobile Documents/com~apple~CloudDocs/Documents/VSCode/Tax-App-Frontend/node_modules/react-dom/cjs/react-dom.development.js:4213:16)
          at invokeGuardedCallback (/Users/ryan/Library/Mobile Documents/com~apple~CloudDocs/Documents/VSCode/Tax-App-Frontend/node_modules/react-dom/cjs/react-dom.development.js:4277:31)
          at beginWork$1 (/Users/ryan/Library/Mobile Documents/com~apple~CloudDocs/Documents/VSCode/Tax-App-Frontend/node_modules/react-dom/cjs/react-dom.development.js:27490:7)
          at performUnitOfWork (/Users/ryan/Library/Mobile Documents/com~apple~CloudDocs/Documents/VSCode/Tax-App-Frontend/node_modules/react-dom/cjs/react-dom.development.js:26599:12)
          at workLoopSync (/Users/ryan/Library/Mobile Documents/com~apple~CloudDocs/Documents/VSCode/Tax-App-Frontend/node_modules/react-dom/cjs/react-dom.development.js:26505:5)
          at renderRootSync (/Users/ryan/Library/Mobile Documents/com~apple~CloudDocs/Documents/VSCode/Tax-App-Frontend/node_modules/react-dom/cjs/react-dom.development.js:26473:7)
          at recoverFromConcurrentError (/Users/ryan/Library/Mobile Documents/com~apple~CloudDocs/Documents/VSCode/Tax-App-Frontend/node_modules/react-dom/cjs/react-dom.development.js:25889:20)
          at performConcurrentWorkOnRoot (/Users/ryan/Library/Mobile Documents/com~apple~CloudDocs/Documents/VSCode/Tax-App-Frontend/node_modules/react-dom/cjs/react-dom.development.js:25789:22)
          at flushActQueue (/Users/ryan/Library/Mobile Documents/com~apple~CloudDocs/Documents/VSCode/Tax-App-Frontend/node_modules/react/cjs/react.development.js:2667:24)
          at act (/Users/ryan/Library/Mobile Documents/com~apple~CloudDocs/Documents/VSCode/Tax-App-Frontend/node_modules/react/cjs/react.development.js:2582:11)
          at /Users/ryan/Library/Mobile Documents/com~apple~CloudDocs/Documents/VSCode/Tax-App-Frontend/node_modules/@testing-library/react/dist/act-compat.js:46:25
          at renderRoot (/Users/ryan/Library/Mobile Documents/com~apple~CloudDocs/Documents/VSCode/Tax-App-Frontend/node_modules/@testing-library/react/dist/pure.js:189:26)
          at render (/Users/ryan/Library/Mobile Documents/com~apple~CloudDocs/Documents/VSCode/Tax-App-Frontend/node_modules/@testing-library/react/dist/pure.js:291:10)
          at Object.<anonymous> (/Users/ryan/Library/Mobile Documents/com~apple~CloudDocs/Documents/VSCode/Tax-App-Frontend/src/app/login/responsive-layout.test.tsx:141:35)
          at Promise.finally.completed (/Users/ryan/Library/Mobile Documents/com~apple~CloudDocs/Documents/VSCode/Tax-App-Frontend/node_modules/jest-circus/build/jestAdapterInit.js:1557:28)
          at new Promise (<anonymous>)
          at callAsyncCircusFn (/Users/ryan/Library/Mobile Documents/com~apple~CloudDocs/Documents/VSCode/Tax-App-Frontend/node_modules/jest-circus/build/jestAdapterInit.js:1497:10)
          at _callCircusTest (/Users/ryan/Library/Mobile Documents/com~apple~CloudDocs/Documents/VSCode/Tax-App-Frontend/node_modules/jest-circus/build/jestAdapterInit.js:1007:40)
          at processTicksAndRejections (node:internal/process/task_queues:95:5)
          at _runTest (/Users/ryan/Library/Mobile Documents/com~apple~CloudDocs/Documents/VSCode/Tax-App-Frontend/node_modules/jest-circus/build/jestAdapterInit.js:947:3)
          at /Users/ryan/Library/Mobile Documents/com~apple~CloudDocs/Documents/VSCode/Tax-App-Frontend/node_modules/jest-circus/build/jestAdapterInit.js:849:7
          at _runTestsForDescribeBlock (/Users/ryan/Library/Mobile Documents/com~apple~CloudDocs/Documents/VSCode/Tax-App-Frontend/node_modules/jest-circus/build/jestAdapterInit.js:862:11)
          at _runTestsForDescribeBlock (/Users/ryan/Library/Mobile Documents/com~apple~CloudDocs/Documents/VSCode/Tax-App-Frontend/node_modules/jest-circus/build/jestAdapterInit.js:857:11)
          at _runTestsForDescribeBlock (/Users/ryan/Library/Mobile Documents/com~apple~CloudDocs/Documents/VSCode/Tax-App-Frontend/node_modules/jest-circus/build/jestAdapterInit.js:857:11)
          at run (/Users/ryan/Library/Mobile Documents/com~apple~CloudDocs/Documents/VSCode/Tax-App-Frontend/node_modules/jest-circus/build/jestAdapterInit.js:761:3)
          at runAndTransformResultsToJestFormat (/Users/ryan/Library/Mobile Documents/com~apple~CloudDocs/Documents/VSCode/Tax-App-Frontend/node_modules/jest-circus/build/jestAdapterInit.js:1918:21)
          at jestAdapter (/Users/ryan/Library/Mobile Documents/com~apple~CloudDocs/Documents/VSCode/Tax-App-Frontend/node_modules/jest-circus/build/runner.js:101:19)
          at runTestInternal (/Users/ryan/Library/Mobile Documents/com~apple~CloudDocs/Documents/VSCode/Tax-App-Frontend/node_modules/jest-runner/build/testWorker.js:275:16)
          at runTest (/Users/ryan/Library/Mobile Documents/com~apple~CloudDocs/Documents/VSCode/Tax-App-Frontend/node_modules/jest-runner/build/testWorker.js:343:7)
          at Object.worker (/Users/ryan/Library/Mobile Documents/com~apple~CloudDocs/Documents/VSCode/Tax-App-Frontend/node_modules/jest-runner/build/testWorker.js:497:12) {
        detail: TypeError: Cannot read properties of undefined (reading 'state')
            at state (/Users/ryan/Library/Mobile Documents/com~apple~CloudDocs/Documents/VSCode/Tax-App-Frontend/src/components/LoginForm.tsx:93:15)
            at renderWithHooks (/Users/ryan/Library/Mobile Documents/com~apple~CloudDocs/Documents/VSCode/Tax-App-Frontend/node_modules/react-dom/cjs/react-dom.development.js:15486:18)
            at mountIndeterminateComponent (/Users/ryan/Library/Mobile Documents/com~apple~CloudDocs/Documents/VSCode/Tax-App-Frontend/node_modules/react-dom/cjs/react-dom.development.js:20103:13)
            at beginWork (/Users/ryan/Library/Mobile Documents/com~apple~CloudDocs/Documents/VSCode/Tax-App-Frontend/node_modules/react-dom/cjs/react-dom.development.js:21626:16)
            at HTMLUnknownElement.callCallback (/Users/ryan/Library/Mobile Documents/com~apple~CloudDocs/Documents/VSCode/Tax-App-Frontend/node_modules/react-dom/cjs/react-dom.development.js:4164:14)
            at HTMLUnknownElement.callTheUserObjectsOperation (/Users/ryan/Library/Mobile Documents/com~apple~CloudDocs/Documents/VSCode/Tax-App-Frontend/node_modules/jsdom/lib/jsdom/living/generated/EventListener.js:26:30)
            at innerInvokeEventListeners (/Users/ryan/Library/Mobile Documents/com~apple~CloudDocs/Documents/VSCode/Tax-App-Frontend/node_modules/jsdom/lib/jsdom/living/events/EventTarget-impl.js:350:25)
            at invokeEventListeners (/Users/ryan/Library/Mobile Documents/com~apple~CloudDocs/Documents/VSCode/Tax-App-Frontend/node_modules/jsdom/lib/jsdom/living/events/EventTarget-impl.js:286:3)
            at HTMLUnknownElementImpl._dispatch (/Users/ryan/Library/Mobile Documents/com~apple~CloudDocs/Documents/VSCode/Tax-App-Frontend/node_modules/jsdom/lib/jsdom/living/events/EventTarget-impl.js:233:9)
            at HTMLUnknownElementImpl.dispatchEvent (/Users/ryan/Library/Mobile Documents/com~apple~CloudDocs/Documents/VSCode/Tax-App-Frontend/node_modules/jsdom/lib/jsdom/living/events/EventTarget-impl.js:104:17)
            at HTMLUnknownElement.dispatchEvent (/Users/ryan/Library/Mobile Documents/com~apple~CloudDocs/Documents/VSCode/Tax-App-Frontend/node_modules/jsdom/lib/jsdom/living/generated/EventTarget.js:241:34)
            at Object.invokeGuardedCallbackDev (/Users/ryan/Library/Mobile Documents/com~apple~CloudDocs/Documents/VSCode/Tax-App-Frontend/node_modules/react-dom/cjs/react-dom.development.js:4213:16)
            at invokeGuardedCallback (/Users/ryan/Library/Mobile Documents/com~apple~CloudDocs/Documents/VSCode/Tax-App-Frontend/node_modules/react-dom/cjs/react-dom.development.js:4277:31)
            at beginWork$1 (/Users/ryan/Library/Mobile Documents/com~apple~CloudDocs/Documents/VSCode/Tax-App-Frontend/node_modules/react-dom/cjs/react-dom.development.js:27490:7)
            at performUnitOfWork (/Users/ryan/Library/Mobile Documents/com~apple~CloudDocs/Documents/VSCode/Tax-App-Frontend/node_modules/react-dom/cjs/react-dom.development.js:26599:12)
            at workLoopSync (/Users/ryan/Library/Mobile Documents/com~apple~CloudDocs/Documents/VSCode/Tax-App-Frontend/node_modules/react-dom/cjs/react-dom.development.js:26505:5)
            at renderRootSync (/Users/ryan/Library/Mobile Documents/com~apple~CloudDocs/Documents/VSCode/Tax-App-Frontend/node_modules/react-dom/cjs/react-dom.development.js:26473:7)
            at recoverFromConcurrentError (/Users/ryan/Library/Mobile Documents/com~apple~CloudDocs/Documents/VSCode/Tax-App-Frontend/node_modules/react-dom/cjs/react-dom.development.js:25889:20)
            at performConcurrentWorkOnRoot (/Users/ryan/Library/Mobile Documents/com~apple~CloudDocs/Documents/VSCode/Tax-App-Frontend/node_modules/react-dom/cjs/react-dom.development.js:25789:22)
            at flushActQueue (/Users/ryan/Library/Mobile Documents/com~apple~CloudDocs/Documents/VSCode/Tax-App-Frontend/node_modules/react/cjs/react.development.js:2667:24)
            at act (/Users/ryan/Library/Mobile Documents/com~apple~CloudDocs/Documents/VSCode/Tax-App-Frontend/node_modules/react/cjs/react.development.js:2582:11)
            at /Users/ryan/Library/Mobile Documents/com~apple~CloudDocs/Documents/VSCode/Tax-App-Frontend/node_modules/@testing-library/react/dist/act-compat.js:46:25
            at renderRoot (/Users/ryan/Library/Mobile Documents/com~apple~CloudDocs/Documents/VSCode/Tax-App-Frontend/node_modules/@testing-library/react/dist/pure.js:189:26)
            at render (/Users/ryan/Library/Mobile Documents/com~apple~CloudDocs/Documents/VSCode/Tax-App-Frontend/node_modules/@testing-library/react/dist/pure.js:291:10)
            at Object.<anonymous> (/Users/ryan/Library/Mobile Documents/com~apple~CloudDocs/Documents/VSCode/Tax-App-Frontend/src/app/login/responsive-layout.test.tsx:141:35)
            at Promise.finally.completed (/Users/ryan/Library/Mobile Documents/com~apple~CloudDocs/Documents/VSCode/Tax-App-Frontend/node_modules/jest-circus/build/jestAdapterInit.js:1557:28)
            at new Promise (<anonymous>)
            at callAsyncCircusFn (/Users/ryan/Library/Mobile Documents/com~apple~CloudDocs/Documents/VSCode/Tax-App-Frontend/node_modules/jest-circus/build/jestAdapterInit.js:1497:10)
            at _callCircusTest (/Users/ryan/Library/Mobile Documents/com~apple~CloudDocs/Documents/VSCode/Tax-App-Frontend/node_modules/jest-circus/build/jestAdapterInit.js:1007:40)
            at processTicksAndRejections (node:internal/process/task_queues:95:5)
            at _runTest (/Users/ryan/Library/Mobile Documents/com~apple~CloudDocs/Documents/VSCode/Tax-App-Frontend/node_modules/jest-circus/build/jestAdapterInit.js:947:3)
            at /Users/ryan/Library/Mobile Documents/com~apple~CloudDocs/Documents/VSCode/Tax-App-Frontend/node_modules/jest-circus/build/jestAdapterInit.js:849:7
            at _runTestsForDescribeBlock (/Users/ryan/Library/Mobile Documents/com~apple~CloudDocs/Documents/VSCode/Tax-App-Frontend/node_modules/jest-circus/build/jestAdapterInit.js:862:11)
            at _runTestsForDescribeBlock (/Users/ryan/Library/Mobile Documents/com~apple~CloudDocs/Documents/VSCode/Tax-App-Frontend/node_modules/jest-circus/build/jestAdapterInit.js:857:11)
            at _runTestsForDescribeBlock (/Users/ryan/Library/Mobile Documents/com~apple~CloudDocs/Documents/VSCode/Tax-App-Frontend/node_modules/jest-circus/build/jestAdapterInit.js:857:11)
            at run (/Users/ryan/Library/Mobile Documents/com~apple~CloudDocs/Documents/VSCode/Tax-App-Frontend/node_modules/jest-circus/build/jestAdapterInit.js:761:3)
            at runAndTransformResultsToJestFormat (/Users/ryan/Library/Mobile Documents/com~apple~CloudDocs/Documents/VSCode/Tax-App-Frontend/node_modules/jest-circus/build/jestAdapterInit.js:1918:21)
            at jestAdapter (/Users/ryan/Library/Mobile Documents/com~apple~CloudDocs/Documents/VSCode/Tax-App-Frontend/node_modules/jest-circus/build/runner.js:101:19)
            at runTestInternal (/Users/ryan/Library/Mobile Documents/com~apple~CloudDocs/Documents/VSCode/Tax-App-Frontend/node_modules/jest-runner/build/testWorker.js:275:16)
            at runTest (/Users/ryan/Library/Mobile Documents/com~apple~CloudDocs/Documents/VSCode/Tax-App-Frontend/node_modules/jest-runner/build/testWorker.js:343:7)
            at Object.worker (/Users/ryan/Library/Mobile Documents/com~apple~CloudDocs/Documents/VSCode/Tax-App-Frontend/node_modules/jest-runner/build/testWorker.js:497:12),
        type: 'unhandled exception'
      }

      139 |
      140 |     test('should increase padding on large screens (lg:px-8)', () => {
    > 141 |       const { container } = render(<LoginPageClient />);
          |                                   ^
      142 |
      143 |       const mainContainer = container.querySelector('.min-h-screen');
      144 |       expect(mainContainer).toHaveClass('lg:px-8');

      at VirtualConsole.<anonymous> (node_modules/@jest/environment-jsdom-abstract/build/index.js:87:23)
      at reportException (node_modules/jsdom/lib/jsdom/living/helpers/runtime-script-errors.js:70:28)
      at innerInvokeEventListeners (node_modules/jsdom/lib/jsdom/living/events/EventTarget-impl.js:353:9)
      at invokeEventListeners (node_modules/jsdom/lib/jsdom/living/events/EventTarget-impl.js:286:3)
      at HTMLUnknownElementImpl._dispatch (node_modules/jsdom/lib/jsdom/living/events/EventTarget-impl.js:233:9)
      at HTMLUnknownElementImpl.dispatchEvent (node_modules/jsdom/lib/jsdom/living/events/EventTarget-impl.js:104:17)
      at HTMLUnknownElement.dispatchEvent (node_modules/jsdom/lib/jsdom/living/generated/EventTarget.js:241:34)
      at Object.invokeGuardedCallbackDev (node_modules/react-dom/cjs/react-dom.development.js:4213:16)
      at invokeGuardedCallback (node_modules/react-dom/cjs/react-dom.development.js:4277:31)
      at beginWork$1 (node_modules/react-dom/cjs/react-dom.development.js:27490:7)
      at performUnitOfWork (node_modules/react-dom/cjs/react-dom.development.js:26599:12)
      at workLoopSync (node_modules/react-dom/cjs/react-dom.development.js:26505:5)
      at renderRootSync (node_modules/react-dom/cjs/react-dom.development.js:26473:7)
      at recoverFromConcurrentError (node_modules/react-dom/cjs/react-dom.development.js:25889:20)
      at performConcurrentWorkOnRoot (node_modules/react-dom/cjs/react-dom.development.js:25789:22)
      at flushActQueue (node_modules/react/cjs/react.development.js:2667:24)
      at act (node_modules/react/cjs/react.development.js:2582:11)
      at node_modules/@testing-library/react/dist/act-compat.js:46:25
      at renderRoot (node_modules/@testing-library/react/dist/pure.js:189:26)
      at render (node_modules/@testing-library/react/dist/pure.js:291:10)
      at Object.<anonymous> (src/app/login/responsive-layout.test.tsx:141:35)

    console.error
      The above error occurred in the <LoginForm> component:
      
          at className (/Users/ryan/Library/Mobile Documents/com~apple~CloudDocs/Documents/VSCode/Tax-App-Frontend/src/components/LoginForm.tsx:45:29)
          at div
          at children (/Users/ryan/Library/Mobile Documents/com~apple~CloudDocs/Documents/VSCode/Tax-App-Frontend/src/app/login/responsive-layout.test.tsx:62:19)
          at div
          at children (/Users/ryan/Library/Mobile Documents/com~apple~CloudDocs/Documents/VSCode/Tax-App-Frontend/src/app/login/responsive-layout.test.tsx:52:12)
          at div
          at div
          at div
          at children (/Users/ryan/Library/Mobile Documents/com~apple~CloudDocs/Documents/VSCode/Tax-App-Frontend/src/app/login/responsive-layout.test.tsx:47:21)
          at callbackUrl (/Users/ryan/Library/Mobile Documents/com~apple~CloudDocs/Documents/VSCode/Tax-App-Frontend/src/app/login/LoginPageClient.tsx:49:43)
      
      Consider adding an error boundary to your tree to customize error handling behavior.
      Visit https://reactjs.org/link/error-boundaries to learn more about error boundaries.

      139 |
      140 |     test('should increase padding on large screens (lg:px-8)', () => {
    > 141 |       const { container } = render(<LoginPageClient />);
          |                                   ^
      142 |
      143 |       const mainContainer = container.querySelector('.min-h-screen');
      144 |       expect(mainContainer).toHaveClass('lg:px-8');

      at logCapturedError (node_modules/react-dom/cjs/react-dom.development.js:18704:23)
      at update.callback (node_modules/react-dom/cjs/react-dom.development.js:18737:5)
      at callCallback (node_modules/react-dom/cjs/react-dom.development.js:15036:12)
      at commitUpdateQueue (node_modules/react-dom/cjs/react-dom.development.js:15057:9)
      at commitLayoutEffectOnFiber (node_modules/react-dom/cjs/react-dom.development.js:23430:13)
      at commitLayoutMountEffects_complete (node_modules/react-dom/cjs/react-dom.development.js:24727:9)
      at commitLayoutEffects_begin (node_modules/react-dom/cjs/react-dom.development.js:24713:7)
      at commitLayoutEffects (node_modules/react-dom/cjs/react-dom.development.js:24651:3)
      at commitRootImpl (node_modules/react-dom/cjs/react-dom.development.js:26862:5)
      at commitRoot (node_modules/react-dom/cjs/react-dom.development.js:26721:5)
      at finishConcurrentRender (node_modules/react-dom/cjs/react-dom.development.js:25931:9)
      at performConcurrentWorkOnRoot (node_modules/react-dom/cjs/react-dom.development.js:25848:7)
      at flushActQueue (node_modules/react/cjs/react.development.js:2667:24)
      at act (node_modules/react/cjs/react.development.js:2582:11)
      at node_modules/@testing-library/react/dist/act-compat.js:46:25
      at renderRoot (node_modules/@testing-library/react/dist/pure.js:189:26)
      at render (node_modules/@testing-library/react/dist/pure.js:291:10)
      at Object.<anonymous> (src/app/login/responsive-layout.test.tsx:141:35)

    console.error
      Error: Uncaught [TypeError: Cannot read properties of undefined (reading 'state')]
          at reportException (/Users/ryan/Library/Mobile Documents/com~apple~CloudDocs/Documents/VSCode/Tax-App-Frontend/node_modules/jsdom/lib/jsdom/living/helpers/runtime-script-errors.js:66:24)
          at innerInvokeEventListeners (/Users/ryan/Library/Mobile Documents/com~apple~CloudDocs/Documents/VSCode/Tax-App-Frontend/node_modules/jsdom/lib/jsdom/living/events/EventTarget-impl.js:353:9)
          at invokeEventListeners (/Users/ryan/Library/Mobile Documents/com~apple~CloudDocs/Documents/VSCode/Tax-App-Frontend/node_modules/jsdom/lib/jsdom/living/events/EventTarget-impl.js:286:3)
          at HTMLUnknownElementImpl._dispatch (/Users/ryan/Library/Mobile Documents/com~apple~CloudDocs/Documents/VSCode/Tax-App-Frontend/node_modules/jsdom/lib/jsdom/living/events/EventTarget-impl.js:233:9)
          at HTMLUnknownElementImpl.dispatchEvent (/Users/ryan/Library/Mobile Documents/com~apple~CloudDocs/Documents/VSCode/Tax-App-Frontend/node_modules/jsdom/lib/jsdom/living/events/EventTarget-impl.js:104:17)
          at HTMLUnknownElement.dispatchEvent (/Users/ryan/Library/Mobile Documents/com~apple~CloudDocs/Documents/VSCode/Tax-App-Frontend/node_modules/jsdom/lib/jsdom/living/generated/EventTarget.js:241:34)
          at Object.invokeGuardedCallbackDev (/Users/ryan/Library/Mobile Documents/com~apple~CloudDocs/Documents/VSCode/Tax-App-Frontend/node_modules/react-dom/cjs/react-dom.development.js:4213:16)
          at invokeGuardedCallback (/Users/ryan/Library/Mobile Documents/com~apple~CloudDocs/Documents/VSCode/Tax-App-Frontend/node_modules/react-dom/cjs/react-dom.development.js:4277:31)
          at beginWork$1 (/Users/ryan/Library/Mobile Documents/com~apple~CloudDocs/Documents/VSCode/Tax-App-Frontend/node_modules/react-dom/cjs/react-dom.development.js:27490:7)
          at performUnitOfWork (/Users/ryan/Library/Mobile Documents/com~apple~CloudDocs/Documents/VSCode/Tax-App-Frontend/node_modules/react-dom/cjs/react-dom.development.js:26599:12)
          at workLoopSync (/Users/ryan/Library/Mobile Documents/com~apple~CloudDocs/Documents/VSCode/Tax-App-Frontend/node_modules/react-dom/cjs/react-dom.development.js:26505:5)
          at renderRootSync (/Users/ryan/Library/Mobile Documents/com~apple~CloudDocs/Documents/VSCode/Tax-App-Frontend/node_modules/react-dom/cjs/react-dom.development.js:26473:7)
          at performConcurrentWorkOnRoot (/Users/ryan/Library/Mobile Documents/com~apple~CloudDocs/Documents/VSCode/Tax-App-Frontend/node_modules/react-dom/cjs/react-dom.development.js:25777:74)
          at flushActQueue (/Users/ryan/Library/Mobile Documents/com~apple~CloudDocs/Documents/VSCode/Tax-App-Frontend/node_modules/react/cjs/react.development.js:2667:24)
          at act (/Users/ryan/Library/Mobile Documents/com~apple~CloudDocs/Documents/VSCode/Tax-App-Frontend/node_modules/react/cjs/react.development.js:2582:11)
          at /Users/ryan/Library/Mobile Documents/com~apple~CloudDocs/Documents/VSCode/Tax-App-Frontend/node_modules/@testing-library/react/dist/act-compat.js:46:25
          at renderRoot (/Users/ryan/Library/Mobile Documents/com~apple~CloudDocs/Documents/VSCode/Tax-App-Frontend/node_modules/@testing-library/react/dist/pure.js:189:26)
          at render (/Users/ryan/Library/Mobile Documents/com~apple~CloudDocs/Documents/VSCode/Tax-App-Frontend/node_modules/@testing-library/react/dist/pure.js:291:10)
          at Object.<anonymous> (/Users/ryan/Library/Mobile Documents/com~apple~CloudDocs/Documents/VSCode/Tax-App-Frontend/src/app/login/responsive-layout.test.tsx:148:13)
          at Promise.finally.completed (/Users/ryan/Library/Mobile Documents/com~apple~CloudDocs/Documents/VSCode/Tax-App-Frontend/node_modules/jest-circus/build/jestAdapterInit.js:1557:28)
          at new Promise (<anonymous>)
          at callAsyncCircusFn (/Users/ryan/Library/Mobile Documents/com~apple~CloudDocs/Documents/VSCode/Tax-App-Frontend/node_modules/jest-circus/build/jestAdapterInit.js:1497:10)
          at _callCircusTest (/Users/ryan/Library/Mobile Documents/com~apple~CloudDocs/Documents/VSCode/Tax-App-Frontend/node_modules/jest-circus/build/jestAdapterInit.js:1007:40)
          at processTicksAndRejections (node:internal/process/task_queues:95:5)
          at _runTest (/Users/ryan/Library/Mobile Documents/com~apple~CloudDocs/Documents/VSCode/Tax-App-Frontend/node_modules/jest-circus/build/jestAdapterInit.js:947:3)
          at /Users/ryan/Library/Mobile Documents/com~apple~CloudDocs/Documents/VSCode/Tax-App-Frontend/node_modules/jest-circus/build/jestAdapterInit.js:849:7
          at _runTestsForDescribeBlock (/Users/ryan/Library/Mobile Documents/com~apple~CloudDocs/Documents/VSCode/Tax-App-Frontend/node_modules/jest-circus/build/jestAdapterInit.js:862:11)
          at _runTestsForDescribeBlock (/Users/ryan/Library/Mobile Documents/com~apple~CloudDocs/Documents/VSCode/Tax-App-Frontend/node_modules/jest-circus/build/jestAdapterInit.js:857:11)
          at _runTestsForDescribeBlock (/Users/ryan/Library/Mobile Documents/com~apple~CloudDocs/Documents/VSCode/Tax-App-Frontend/node_modules/jest-circus/build/jestAdapterInit.js:857:11)
          at run (/Users/ryan/Library/Mobile Documents/com~apple~CloudDocs/Documents/VSCode/Tax-App-Frontend/node_modules/jest-circus/build/jestAdapterInit.js:761:3)
          at runAndTransformResultsToJestFormat (/Users/ryan/Library/Mobile Documents/com~apple~CloudDocs/Documents/VSCode/Tax-App-Frontend/node_modules/jest-circus/build/jestAdapterInit.js:1918:21)
          at jestAdapter (/Users/ryan/Library/Mobile Documents/com~apple~CloudDocs/Documents/VSCode/Tax-App-Frontend/node_modules/jest-circus/build/runner.js:101:19)
          at runTestInternal (/Users/ryan/Library/Mobile Documents/com~apple~CloudDocs/Documents/VSCode/Tax-App-Frontend/node_modules/jest-runner/build/testWorker.js:275:16)
          at runTest (/Users/ryan/Library/Mobile Documents/com~apple~CloudDocs/Documents/VSCode/Tax-App-Frontend/node_modules/jest-runner/build/testWorker.js:343:7)
          at Object.worker (/Users/ryan/Library/Mobile Documents/com~apple~CloudDocs/Documents/VSCode/Tax-App-Frontend/node_modules/jest-runner/build/testWorker.js:497:12) {
        detail: TypeError: Cannot read properties of undefined (reading 'state')
            at state (/Users/ryan/Library/Mobile Documents/com~apple~CloudDocs/Documents/VSCode/Tax-App-Frontend/src/components/LoginForm.tsx:93:15)
            at renderWithHooks (/Users/ryan/Library/Mobile Documents/com~apple~CloudDocs/Documents/VSCode/Tax-App-Frontend/node_modules/react-dom/cjs/react-dom.development.js:15486:18)
            at mountIndeterminateComponent (/Users/ryan/Library/Mobile Documents/com~apple~CloudDocs/Documents/VSCode/Tax-App-Frontend/node_modules/react-dom/cjs/react-dom.development.js:20103:13)
            at beginWork (/Users/ryan/Library/Mobile Documents/com~apple~CloudDocs/Documents/VSCode/Tax-App-Frontend/node_modules/react-dom/cjs/react-dom.development.js:21626:16)
            at HTMLUnknownElement.callCallback (/Users/ryan/Library/Mobile Documents/com~apple~CloudDocs/Documents/VSCode/Tax-App-Frontend/node_modules/react-dom/cjs/react-dom.development.js:4164:14)
            at HTMLUnknownElement.callTheUserObjectsOperation (/Users/ryan/Library/Mobile Documents/com~apple~CloudDocs/Documents/VSCode/Tax-App-Frontend/node_modules/jsdom/lib/jsdom/living/generated/EventListener.js:26:30)
            at innerInvokeEventListeners (/Users/ryan/Library/Mobile Documents/com~apple~CloudDocs/Documents/VSCode/Tax-App-Frontend/node_modules/jsdom/lib/jsdom/living/events/EventTarget-impl.js:350:25)
            at invokeEventListeners (/Users/ryan/Library/Mobile Documents/com~apple~CloudDocs/Documents/VSCode/Tax-App-Frontend/node_modules/jsdom/lib/jsdom/living/events/EventTarget-impl.js:286:3)
            at HTMLUnknownElementImpl._dispatch (/Users/ryan/Library/Mobile Documents/com~apple~CloudDocs/Documents/VSCode/Tax-App-Frontend/node_modules/jsdom/lib/jsdom/living/events/EventTarget-impl.js:233:9)
            at HTMLUnknownElementImpl.dispatchEvent (/Users/ryan/Library/Mobile Documents/com~apple~CloudDocs/Documents/VSCode/Tax-App-Frontend/node_modules/jsdom/lib/jsdom/living/events/EventTarget-impl.js:104:17)
            at HTMLUnknownElement.dispatchEvent (/Users/ryan/Library/Mobile Documents/com~apple~CloudDocs/Documents/VSCode/Tax-App-Frontend/node_modules/jsdom/lib/jsdom/living/generated/EventTarget.js:241:34)
            at Object.invokeGuardedCallbackDev (/Users/ryan/Library/Mobile Documents/com~apple~CloudDocs/Documents/VSCode/Tax-App-Frontend/node_modules/react-dom/cjs/react-dom.development.js:4213:16)
            at invokeGuardedCallback (/Users/ryan/Library/Mobile Documents/com~apple~CloudDocs/Documents/VSCode/Tax-App-Frontend/node_modules/react-dom/cjs/react-dom.development.js:4277:31)
            at beginWork$1 (/Users/ryan/Library/Mobile Documents/com~apple~CloudDocs/Documents/VSCode/Tax-App-Frontend/node_modules/react-dom/cjs/react-dom.development.js:27490:7)
            at performUnitOfWork (/Users/ryan/Library/Mobile Documents/com~apple~CloudDocs/Documents/VSCode/Tax-App-Frontend/node_modules/react-dom/cjs/react-dom.development.js:26599:12)
            at workLoopSync (/Users/ryan/Library/Mobile Documents/com~apple~CloudDocs/Documents/VSCode/Tax-App-Frontend/node_modules/react-dom/cjs/react-dom.development.js:26505:5)
            at renderRootSync (/Users/ryan/Library/Mobile Documents/com~apple~CloudDocs/Documents/VSCode/Tax-App-Frontend/node_modules/react-dom/cjs/react-dom.development.js:26473:7)
            at performConcurrentWorkOnRoot (/Users/ryan/Library/Mobile Documents/com~apple~CloudDocs/Documents/VSCode/Tax-App-Frontend/node_modules/react-dom/cjs/react-dom.development.js:25777:74)
            at flushActQueue (/Users/ryan/Library/Mobile Documents/com~apple~CloudDocs/Documents/VSCode/Tax-App-Frontend/node_modules/react/cjs/react.development.js:2667:24)
            at act (/Users/ryan/Library/Mobile Documents/com~apple~CloudDocs/Documents/VSCode/Tax-App-Frontend/node_modules/react/cjs/react.development.js:2582:11)
            at /Users/ryan/Library/Mobile Documents/com~apple~CloudDocs/Documents/VSCode/Tax-App-Frontend/node_modules/@testing-library/react/dist/act-compat.js:46:25
            at renderRoot (/Users/ryan/Library/Mobile Documents/com~apple~CloudDocs/Documents/VSCode/Tax-App-Frontend/node_modules/@testing-library/react/dist/pure.js:189:26)
            at render (/Users/ryan/Library/Mobile Documents/com~apple~CloudDocs/Documents/VSCode/Tax-App-Frontend/node_modules/@testing-library/react/dist/pure.js:291:10)
            at Object.<anonymous> (/Users/ryan/Library/Mobile Documents/com~apple~CloudDocs/Documents/VSCode/Tax-App-Frontend/src/app/login/responsive-layout.test.tsx:148:13)
            at Promise.finally.completed (/Users/ryan/Library/Mobile Documents/com~apple~CloudDocs/Documents/VSCode/Tax-App-Frontend/node_modules/jest-circus/build/jestAdapterInit.js:1557:28)
            at new Promise (<anonymous>)
            at callAsyncCircusFn (/Users/ryan/Library/Mobile Documents/com~apple~CloudDocs/Documents/VSCode/Tax-App-Frontend/node_modules/jest-circus/build/jestAdapterInit.js:1497:10)
            at _callCircusTest (/Users/ryan/Library/Mobile Documents/com~apple~CloudDocs/Documents/VSCode/Tax-App-Frontend/node_modules/jest-circus/build/jestAdapterInit.js:1007:40)
            at processTicksAndRejections (node:internal/process/task_queues:95:5)
            at _runTest (/Users/ryan/Library/Mobile Documents/com~apple~CloudDocs/Documents/VSCode/Tax-App-Frontend/node_modules/jest-circus/build/jestAdapterInit.js:947:3)
            at /Users/ryan/Library/Mobile Documents/com~apple~CloudDocs/Documents/VSCode/Tax-App-Frontend/node_modules/jest-circus/build/jestAdapterInit.js:849:7
            at _runTestsForDescribeBlock (/Users/ryan/Library/Mobile Documents/com~apple~CloudDocs/Documents/VSCode/Tax-App-Frontend/node_modules/jest-circus/build/jestAdapterInit.js:862:11)
            at _runTestsForDescribeBlock (/Users/ryan/Library/Mobile Documents/com~apple~CloudDocs/Documents/VSCode/Tax-App-Frontend/node_modules/jest-circus/build/jestAdapterInit.js:857:11)
            at _runTestsForDescribeBlock (/Users/ryan/Library/Mobile Documents/com~apple~CloudDocs/Documents/VSCode/Tax-App-Frontend/node_modules/jest-circus/build/jestAdapterInit.js:857:11)
            at run (/Users/ryan/Library/Mobile Documents/com~apple~CloudDocs/Documents/VSCode/Tax-App-Frontend/node_modules/jest-circus/build/jestAdapterInit.js:761:3)
            at runAndTransformResultsToJestFormat (/Users/ryan/Library/Mobile Documents/com~apple~CloudDocs/Documents/VSCode/Tax-App-Frontend/node_modules/jest-circus/build/jestAdapterInit.js:1918:21)
            at jestAdapter (/Users/ryan/Library/Mobile Documents/com~apple~CloudDocs/Documents/VSCode/Tax-App-Frontend/node_modules/jest-circus/build/runner.js:101:19)
            at runTestInternal (/Users/ryan/Library/Mobile Documents/com~apple~CloudDocs/Documents/VSCode/Tax-App-Frontend/node_modules/jest-runner/build/testWorker.js:275:16)
            at runTest (/Users/ryan/Library/Mobile Documents/com~apple~CloudDocs/Documents/VSCode/Tax-App-Frontend/node_modules/jest-runner/build/testWorker.js:343:7)
            at Object.worker (/Users/ryan/Library/Mobile Documents/com~apple~CloudDocs/Documents/VSCode/Tax-App-Frontend/node_modules/jest-runner/build/testWorker.js:497:12),
        type: 'unhandled exception'
      }

      146 |
      147 |     test('should use elevated card variant for desktop', () => {
    > 148 |       render(<LoginPageClient />);
          |             ^
      149 |
      150 |       const card = screen.getByTestId('card');
      151 |       expect(card).toHaveAttribute('data-variant', 'elevated');

      at VirtualConsole.<anonymous> (node_modules/@jest/environment-jsdom-abstract/build/index.js:87:23)
      at reportException (node_modules/jsdom/lib/jsdom/living/helpers/runtime-script-errors.js:70:28)
      at innerInvokeEventListeners (node_modules/jsdom/lib/jsdom/living/events/EventTarget-impl.js:353:9)
      at invokeEventListeners (node_modules/jsdom/lib/jsdom/living/events/EventTarget-impl.js:286:3)
      at HTMLUnknownElementImpl._dispatch (node_modules/jsdom/lib/jsdom/living/events/EventTarget-impl.js:233:9)
      at HTMLUnknownElementImpl.dispatchEvent (node_modules/jsdom/lib/jsdom/living/events/EventTarget-impl.js:104:17)
      at HTMLUnknownElement.dispatchEvent (node_modules/jsdom/lib/jsdom/living/generated/EventTarget.js:241:34)
      at Object.invokeGuardedCallbackDev (node_modules/react-dom/cjs/react-dom.development.js:4213:16)
      at invokeGuardedCallback (node_modules/react-dom/cjs/react-dom.development.js:4277:31)
      at beginWork$1 (node_modules/react-dom/cjs/react-dom.development.js:27490:7)
      at performUnitOfWork (node_modules/react-dom/cjs/react-dom.development.js:26599:12)
      at workLoopSync (node_modules/react-dom/cjs/react-dom.development.js:26505:5)
      at renderRootSync (node_modules/react-dom/cjs/react-dom.development.js:26473:7)
      at performConcurrentWorkOnRoot (node_modules/react-dom/cjs/react-dom.development.js:25777:74)
      at flushActQueue (node_modules/react/cjs/react.development.js:2667:24)
      at act (node_modules/react/cjs/react.development.js:2582:11)
      at node_modules/@testing-library/react/dist/act-compat.js:46:25
      at renderRoot (node_modules/@testing-library/react/dist/pure.js:189:26)
      at render (node_modules/@testing-library/react/dist/pure.js:291:10)
      at Object.<anonymous> (src/app/login/responsive-layout.test.tsx:148:13)

    console.error
      Error: Uncaught [TypeError: Cannot read properties of undefined (reading 'state')]
          at reportException (/Users/ryan/Library/Mobile Documents/com~apple~CloudDocs/Documents/VSCode/Tax-App-Frontend/node_modules/jsdom/lib/jsdom/living/helpers/runtime-script-errors.js:66:24)
          at innerInvokeEventListeners (/Users/ryan/Library/Mobile Documents/com~apple~CloudDocs/Documents/VSCode/Tax-App-Frontend/node_modules/jsdom/lib/jsdom/living/events/EventTarget-impl.js:353:9)
          at invokeEventListeners (/Users/ryan/Library/Mobile Documents/com~apple~CloudDocs/Documents/VSCode/Tax-App-Frontend/node_modules/jsdom/lib/jsdom/living/events/EventTarget-impl.js:286:3)
          at HTMLUnknownElementImpl._dispatch (/Users/ryan/Library/Mobile Documents/com~apple~CloudDocs/Documents/VSCode/Tax-App-Frontend/node_modules/jsdom/lib/jsdom/living/events/EventTarget-impl.js:233:9)
          at HTMLUnknownElementImpl.dispatchEvent (/Users/ryan/Library/Mobile Documents/com~apple~CloudDocs/Documents/VSCode/Tax-App-Frontend/node_modules/jsdom/lib/jsdom/living/events/EventTarget-impl.js:104:17)
          at HTMLUnknownElement.dispatchEvent (/Users/ryan/Library/Mobile Documents/com~apple~CloudDocs/Documents/VSCode/Tax-App-Frontend/node_modules/jsdom/lib/jsdom/living/generated/EventTarget.js:241:34)
          at Object.invokeGuardedCallbackDev (/Users/ryan/Library/Mobile Documents/com~apple~CloudDocs/Documents/VSCode/Tax-App-Frontend/node_modules/react-dom/cjs/react-dom.development.js:4213:16)
          at invokeGuardedCallback (/Users/ryan/Library/Mobile Documents/com~apple~CloudDocs/Documents/VSCode/Tax-App-Frontend/node_modules/react-dom/cjs/react-dom.development.js:4277:31)
          at beginWork$1 (/Users/ryan/Library/Mobile Documents/com~apple~CloudDocs/Documents/VSCode/Tax-App-Frontend/node_modules/react-dom/cjs/react-dom.development.js:27490:7)
          at performUnitOfWork (/Users/ryan/Library/Mobile Documents/com~apple~CloudDocs/Documents/VSCode/Tax-App-Frontend/node_modules/react-dom/cjs/react-dom.development.js:26599:12)
          at workLoopSync (/Users/ryan/Library/Mobile Documents/com~apple~CloudDocs/Documents/VSCode/Tax-App-Frontend/node_modules/react-dom/cjs/react-dom.development.js:26505:5)
          at renderRootSync (/Users/ryan/Library/Mobile Documents/com~apple~CloudDocs/Documents/VSCode/Tax-App-Frontend/node_modules/react-dom/cjs/react-dom.development.js:26473:7)
          at recoverFromConcurrentError (/Users/ryan/Library/Mobile Documents/com~apple~CloudDocs/Documents/VSCode/Tax-App-Frontend/node_modules/react-dom/cjs/react-dom.development.js:25889:20)
          at performConcurrentWorkOnRoot (/Users/ryan/Library/Mobile Documents/com~apple~CloudDocs/Documents/VSCode/Tax-App-Frontend/node_modules/react-dom/cjs/react-dom.development.js:25789:22)
          at flushActQueue (/Users/ryan/Library/Mobile Documents/com~apple~CloudDocs/Documents/VSCode/Tax-App-Frontend/node_modules/react/cjs/react.development.js:2667:24)
          at act (/Users/ryan/Library/Mobile Documents/com~apple~CloudDocs/Documents/VSCode/Tax-App-Frontend/node_modules/react/cjs/react.development.js:2582:11)
          at /Users/ryan/Library/Mobile Documents/com~apple~CloudDocs/Documents/VSCode/Tax-App-Frontend/node_modules/@testing-library/react/dist/act-compat.js:46:25
          at renderRoot (/Users/ryan/Library/Mobile Documents/com~apple~CloudDocs/Documents/VSCode/Tax-App-Frontend/node_modules/@testing-library/react/dist/pure.js:189:26)
          at render (/Users/ryan/Library/Mobile Documents/com~apple~CloudDocs/Documents/VSCode/Tax-App-Frontend/node_modules/@testing-library/react/dist/pure.js:291:10)
          at Object.<anonymous> (/Users/ryan/Library/Mobile Documents/com~apple~CloudDocs/Documents/VSCode/Tax-App-Frontend/src/app/login/responsive-layout.test.tsx:148:13)
          at Promise.finally.completed (/Users/ryan/Library/Mobile Documents/com~apple~CloudDocs/Documents/VSCode/Tax-App-Frontend/node_modules/jest-circus/build/jestAdapterInit.js:1557:28)
          at new Promise (<anonymous>)
          at callAsyncCircusFn (/Users/ryan/Library/Mobile Documents/com~apple~CloudDocs/Documents/VSCode/Tax-App-Frontend/node_modules/jest-circus/build/jestAdapterInit.js:1497:10)
          at _callCircusTest (/Users/ryan/Library/Mobile Documents/com~apple~CloudDocs/Documents/VSCode/Tax-App-Frontend/node_modules/jest-circus/build/jestAdapterInit.js:1007:40)
          at processTicksAndRejections (node:internal/process/task_queues:95:5)
          at _runTest (/Users/ryan/Library/Mobile Documents/com~apple~CloudDocs/Documents/VSCode/Tax-App-Frontend/node_modules/jest-circus/build/jestAdapterInit.js:947:3)
          at /Users/ryan/Library/Mobile Documents/com~apple~CloudDocs/Documents/VSCode/Tax-App-Frontend/node_modules/jest-circus/build/jestAdapterInit.js:849:7
          at _runTestsForDescribeBlock (/Users/ryan/Library/Mobile Documents/com~apple~CloudDocs/Documents/VSCode/Tax-App-Frontend/node_modules/jest-circus/build/jestAdapterInit.js:862:11)
          at _runTestsForDescribeBlock (/Users/ryan/Library/Mobile Documents/com~apple~CloudDocs/Documents/VSCode/Tax-App-Frontend/node_modules/jest-circus/build/jestAdapterInit.js:857:11)
          at _runTestsForDescribeBlock (/Users/ryan/Library/Mobile Documents/com~apple~CloudDocs/Documents/VSCode/Tax-App-Frontend/node_modules/jest-circus/build/jestAdapterInit.js:857:11)
          at run (/Users/ryan/Library/Mobile Documents/com~apple~CloudDocs/Documents/VSCode/Tax-App-Frontend/node_modules/jest-circus/build/jestAdapterInit.js:761:3)
          at runAndTransformResultsToJestFormat (/Users/ryan/Library/Mobile Documents/com~apple~CloudDocs/Documents/VSCode/Tax-App-Frontend/node_modules/jest-circus/build/jestAdapterInit.js:1918:21)
          at jestAdapter (/Users/ryan/Library/Mobile Documents/com~apple~CloudDocs/Documents/VSCode/Tax-App-Frontend/node_modules/jest-circus/build/runner.js:101:19)
          at runTestInternal (/Users/ryan/Library/Mobile Documents/com~apple~CloudDocs/Documents/VSCode/Tax-App-Frontend/node_modules/jest-runner/build/testWorker.js:275:16)
          at runTest (/Users/ryan/Library/Mobile Documents/com~apple~CloudDocs/Documents/VSCode/Tax-App-Frontend/node_modules/jest-runner/build/testWorker.js:343:7)
          at Object.worker (/Users/ryan/Library/Mobile Documents/com~apple~CloudDocs/Documents/VSCode/Tax-App-Frontend/node_modules/jest-runner/build/testWorker.js:497:12) {
        detail: TypeError: Cannot read properties of undefined (reading 'state')
            at state (/Users/ryan/Library/Mobile Documents/com~apple~CloudDocs/Documents/VSCode/Tax-App-Frontend/src/components/LoginForm.tsx:93:15)
            at renderWithHooks (/Users/ryan/Library/Mobile Documents/com~apple~CloudDocs/Documents/VSCode/Tax-App-Frontend/node_modules/react-dom/cjs/react-dom.development.js:15486:18)
            at mountIndeterminateComponent (/Users/ryan/Library/Mobile Documents/com~apple~CloudDocs/Documents/VSCode/Tax-App-Frontend/node_modules/react-dom/cjs/react-dom.development.js:20103:13)
            at beginWork (/Users/ryan/Library/Mobile Documents/com~apple~CloudDocs/Documents/VSCode/Tax-App-Frontend/node_modules/react-dom/cjs/react-dom.development.js:21626:16)
            at HTMLUnknownElement.callCallback (/Users/ryan/Library/Mobile Documents/com~apple~CloudDocs/Documents/VSCode/Tax-App-Frontend/node_modules/react-dom/cjs/react-dom.development.js:4164:14)
            at HTMLUnknownElement.callTheUserObjectsOperation (/Users/ryan/Library/Mobile Documents/com~apple~CloudDocs/Documents/VSCode/Tax-App-Frontend/node_modules/jsdom/lib/jsdom/living/generated/EventListener.js:26:30)
            at innerInvokeEventListeners (/Users/ryan/Library/Mobile Documents/com~apple~CloudDocs/Documents/VSCode/Tax-App-Frontend/node_modules/jsdom/lib/jsdom/living/events/EventTarget-impl.js:350:25)
            at invokeEventListeners (/Users/ryan/Library/Mobile Documents/com~apple~CloudDocs/Documents/VSCode/Tax-App-Frontend/node_modules/jsdom/lib/jsdom/living/events/EventTarget-impl.js:286:3)
            at HTMLUnknownElementImpl._dispatch (/Users/ryan/Library/Mobile Documents/com~apple~CloudDocs/Documents/VSCode/Tax-App-Frontend/node_modules/jsdom/lib/jsdom/living/events/EventTarget-impl.js:233:9)
            at HTMLUnknownElementImpl.dispatchEvent (/Users/ryan/Library/Mobile Documents/com~apple~CloudDocs/Documents/VSCode/Tax-App-Frontend/node_modules/jsdom/lib/jsdom/living/events/EventTarget-impl.js:104:17)
            at HTMLUnknownElement.dispatchEvent (/Users/ryan/Library/Mobile Documents/com~apple~CloudDocs/Documents/VSCode/Tax-App-Frontend/node_modules/jsdom/lib/jsdom/living/generated/EventTarget.js:241:34)
            at Object.invokeGuardedCallbackDev (/Users/ryan/Library/Mobile Documents/com~apple~CloudDocs/Documents/VSCode/Tax-App-Frontend/node_modules/react-dom/cjs/react-dom.development.js:4213:16)
            at invokeGuardedCallback (/Users/ryan/Library/Mobile Documents/com~apple~CloudDocs/Documents/VSCode/Tax-App-Frontend/node_modules/react-dom/cjs/react-dom.development.js:4277:31)
            at beginWork$1 (/Users/ryan/Library/Mobile Documents/com~apple~CloudDocs/Documents/VSCode/Tax-App-Frontend/node_modules/react-dom/cjs/react-dom.development.js:27490:7)
            at performUnitOfWork (/Users/ryan/Library/Mobile Documents/com~apple~CloudDocs/Documents/VSCode/Tax-App-Frontend/node_modules/react-dom/cjs/react-dom.development.js:26599:12)
            at workLoopSync (/Users/ryan/Library/Mobile Documents/com~apple~CloudDocs/Documents/VSCode/Tax-App-Frontend/node_modules/react-dom/cjs/react-dom.development.js:26505:5)
            at renderRootSync (/Users/ryan/Library/Mobile Documents/com~apple~CloudDocs/Documents/VSCode/Tax-App-Frontend/node_modules/react-dom/cjs/react-dom.development.js:26473:7)
            at recoverFromConcurrentError (/Users/ryan/Library/Mobile Documents/com~apple~CloudDocs/Documents/VSCode/Tax-App-Frontend/node_modules/react-dom/cjs/react-dom.development.js:25889:20)
            at performConcurrentWorkOnRoot (/Users/ryan/Library/Mobile Documents/com~apple~CloudDocs/Documents/VSCode/Tax-App-Frontend/node_modules/react-dom/cjs/react-dom.development.js:25789:22)
            at flushActQueue (/Users/ryan/Library/Mobile Documents/com~apple~CloudDocs/Documents/VSCode/Tax-App-Frontend/node_modules/react/cjs/react.development.js:2667:24)
            at act (/Users/ryan/Library/Mobile Documents/com~apple~CloudDocs/Documents/VSCode/Tax-App-Frontend/node_modules/react/cjs/react.development.js:2582:11)
            at /Users/ryan/Library/Mobile Documents/com~apple~CloudDocs/Documents/VSCode/Tax-App-Frontend/node_modules/@testing-library/react/dist/act-compat.js:46:25
            at renderRoot (/Users/ryan/Library/Mobile Documents/com~apple~CloudDocs/Documents/VSCode/Tax-App-Frontend/node_modules/@testing-library/react/dist/pure.js:189:26)
            at render (/Users/ryan/Library/Mobile Documents/com~apple~CloudDocs/Documents/VSCode/Tax-App-Frontend/node_modules/@testing-library/react/dist/pure.js:291:10)
            at Object.<anonymous> (/Users/ryan/Library/Mobile Documents/com~apple~CloudDocs/Documents/VSCode/Tax-App-Frontend/src/app/login/responsive-layout.test.tsx:148:13)
            at Promise.finally.completed (/Users/ryan/Library/Mobile Documents/com~apple~CloudDocs/Documents/VSCode/Tax-App-Frontend/node_modules/jest-circus/build/jestAdapterInit.js:1557:28)
            at new Promise (<anonymous>)
            at callAsyncCircusFn (/Users/ryan/Library/Mobile Documents/com~apple~CloudDocs/Documents/VSCode/Tax-App-Frontend/node_modules/jest-circus/build/jestAdapterInit.js:1497:10)
            at _callCircusTest (/Users/ryan/Library/Mobile Documents/com~apple~CloudDocs/Documents/VSCode/Tax-App-Frontend/node_modules/jest-circus/build/jestAdapterInit.js:1007:40)
            at processTicksAndRejections (node:internal/process/task_queues:95:5)
            at _runTest (/Users/ryan/Library/Mobile Documents/com~apple~CloudDocs/Documents/VSCode/Tax-App-Frontend/node_modules/jest-circus/build/jestAdapterInit.js:947:3)
            at /Users/ryan/Library/Mobile Documents/com~apple~CloudDocs/Documents/VSCode/Tax-App-Frontend/node_modules/jest-circus/build/jestAdapterInit.js:849:7
            at _runTestsForDescribeBlock (/Users/ryan/Library/Mobile Documents/com~apple~CloudDocs/Documents/VSCode/Tax-App-Frontend/node_modules/jest-circus/build/jestAdapterInit.js:862:11)
            at _runTestsForDescribeBlock (/Users/ryan/Library/Mobile Documents/com~apple~CloudDocs/Documents/VSCode/Tax-App-Frontend/node_modules/jest-circus/build/jestAdapterInit.js:857:11)
            at _runTestsForDescribeBlock (/Users/ryan/Library/Mobile Documents/com~apple~CloudDocs/Documents/VSCode/Tax-App-Frontend/node_modules/jest-circus/build/jestAdapterInit.js:857:11)
            at run (/Users/ryan/Library/Mobile Documents/com~apple~CloudDocs/Documents/VSCode/Tax-App-Frontend/node_modules/jest-circus/build/jestAdapterInit.js:761:3)
            at runAndTransformResultsToJestFormat (/Users/ryan/Library/Mobile Documents/com~apple~CloudDocs/Documents/VSCode/Tax-App-Frontend/node_modules/jest-circus/build/jestAdapterInit.js:1918:21)
            at jestAdapter (/Users/ryan/Library/Mobile Documents/com~apple~CloudDocs/Documents/VSCode/Tax-App-Frontend/node_modules/jest-circus/build/runner.js:101:19)
            at runTestInternal (/Users/ryan/Library/Mobile Documents/com~apple~CloudDocs/Documents/VSCode/Tax-App-Frontend/node_modules/jest-runner/build/testWorker.js:275:16)
            at runTest (/Users/ryan/Library/Mobile Documents/com~apple~CloudDocs/Documents/VSCode/Tax-App-Frontend/node_modules/jest-runner/build/testWorker.js:343:7)
            at Object.worker (/Users/ryan/Library/Mobile Documents/com~apple~CloudDocs/Documents/VSCode/Tax-App-Frontend/node_modules/jest-runner/build/testWorker.js:497:12),
        type: 'unhandled exception'
      }

      146 |
      147 |     test('should use elevated card variant for desktop', () => {
    > 148 |       render(<LoginPageClient />);
          |             ^
      149 |
      150 |       const card = screen.getByTestId('card');
      151 |       expect(card).toHaveAttribute('data-variant', 'elevated');

      at VirtualConsole.<anonymous> (node_modules/@jest/environment-jsdom-abstract/build/index.js:87:23)
      at reportException (node_modules/jsdom/lib/jsdom/living/helpers/runtime-script-errors.js:70:28)
      at innerInvokeEventListeners (node_modules/jsdom/lib/jsdom/living/events/EventTarget-impl.js:353:9)
      at invokeEventListeners (node_modules/jsdom/lib/jsdom/living/events/EventTarget-impl.js:286:3)
      at HTMLUnknownElementImpl._dispatch (node_modules/jsdom/lib/jsdom/living/events/EventTarget-impl.js:233:9)
      at HTMLUnknownElementImpl.dispatchEvent (node_modules/jsdom/lib/jsdom/living/events/EventTarget-impl.js:104:17)
      at HTMLUnknownElement.dispatchEvent (node_modules/jsdom/lib/jsdom/living/generated/EventTarget.js:241:34)
      at Object.invokeGuardedCallbackDev (node_modules/react-dom/cjs/react-dom.development.js:4213:16)
      at invokeGuardedCallback (node_modules/react-dom/cjs/react-dom.development.js:4277:31)
      at beginWork$1 (node_modules/react-dom/cjs/react-dom.development.js:27490:7)
      at performUnitOfWork (node_modules/react-dom/cjs/react-dom.development.js:26599:12)
      at workLoopSync (node_modules/react-dom/cjs/react-dom.development.js:26505:5)
      at renderRootSync (node_modules/react-dom/cjs/react-dom.development.js:26473:7)
      at recoverFromConcurrentError (node_modules/react-dom/cjs/react-dom.development.js:25889:20)
      at performConcurrentWorkOnRoot (node_modules/react-dom/cjs/react-dom.development.js:25789:22)
      at flushActQueue (node_modules/react/cjs/react.development.js:2667:24)
      at act (node_modules/react/cjs/react.development.js:2582:11)
      at node_modules/@testing-library/react/dist/act-compat.js:46:25
      at renderRoot (node_modules/@testing-library/react/dist/pure.js:189:26)
      at render (node_modules/@testing-library/react/dist/pure.js:291:10)
      at Object.<anonymous> (src/app/login/responsive-layout.test.tsx:148:13)

    console.error
      The above error occurred in the <LoginForm> component:
      
          at className (/Users/ryan/Library/Mobile Documents/com~apple~CloudDocs/Documents/VSCode/Tax-App-Frontend/src/components/LoginForm.tsx:45:29)
          at div
          at children (/Users/ryan/Library/Mobile Documents/com~apple~CloudDocs/Documents/VSCode/Tax-App-Frontend/src/app/login/responsive-layout.test.tsx:62:19)
          at div
          at children (/Users/ryan/Library/Mobile Documents/com~apple~CloudDocs/Documents/VSCode/Tax-App-Frontend/src/app/login/responsive-layout.test.tsx:52:12)
          at div
          at div
          at div
          at children (/Users/ryan/Library/Mobile Documents/com~apple~CloudDocs/Documents/VSCode/Tax-App-Frontend/src/app/login/responsive-layout.test.tsx:47:21)
          at callbackUrl (/Users/ryan/Library/Mobile Documents/com~apple~CloudDocs/Documents/VSCode/Tax-App-Frontend/src/app/login/LoginPageClient.tsx:49:43)
      
      Consider adding an error boundary to your tree to customize error handling behavior.
      Visit https://reactjs.org/link/error-boundaries to learn more about error boundaries.

      146 |
      147 |     test('should use elevated card variant for desktop', () => {
    > 148 |       render(<LoginPageClient />);
          |             ^
      149 |
      150 |       const card = screen.getByTestId('card');
      151 |       expect(card).toHaveAttribute('data-variant', 'elevated');

      at logCapturedError (node_modules/react-dom/cjs/react-dom.development.js:18704:23)
      at update.callback (node_modules/react-dom/cjs/react-dom.development.js:18737:5)
      at callCallback (node_modules/react-dom/cjs/react-dom.development.js:15036:12)
      at commitUpdateQueue (node_modules/react-dom/cjs/react-dom.development.js:15057:9)
      at commitLayoutEffectOnFiber (node_modules/react-dom/cjs/react-dom.development.js:23430:13)
      at commitLayoutMountEffects_complete (node_modules/react-dom/cjs/react-dom.development.js:24727:9)
      at commitLayoutEffects_begin (node_modules/react-dom/cjs/react-dom.development.js:24713:7)
      at commitLayoutEffects (node_modules/react-dom/cjs/react-dom.development.js:24651:3)
      at commitRootImpl (node_modules/react-dom/cjs/react-dom.development.js:26862:5)
      at commitRoot (node_modules/react-dom/cjs/react-dom.development.js:26721:5)
      at finishConcurrentRender (node_modules/react-dom/cjs/react-dom.development.js:25931:9)
      at performConcurrentWorkOnRoot (node_modules/react-dom/cjs/react-dom.development.js:25848:7)
      at flushActQueue (node_modules/react/cjs/react.development.js:2667:24)
      at act (node_modules/react/cjs/react.development.js:2582:11)
      at node_modules/@testing-library/react/dist/act-compat.js:46:25
      at renderRoot (node_modules/@testing-library/react/dist/pure.js:189:26)
      at render (node_modules/@testing-library/react/dist/pure.js:291:10)
      at Object.<anonymous> (src/app/login/responsive-layout.test.tsx:148:13)

    console.error
      Error: Uncaught [TypeError: Cannot read properties of undefined (reading 'state')]
          at reportException (/Users/ryan/Library/Mobile Documents/com~apple~CloudDocs/Documents/VSCode/Tax-App-Frontend/node_modules/jsdom/lib/jsdom/living/helpers/runtime-script-errors.js:66:24)
          at innerInvokeEventListeners (/Users/ryan/Library/Mobile Documents/com~apple~CloudDocs/Documents/VSCode/Tax-App-Frontend/node_modules/jsdom/lib/jsdom/living/events/EventTarget-impl.js:353:9)
          at invokeEventListeners (/Users/ryan/Library/Mobile Documents/com~apple~CloudDocs/Documents/VSCode/Tax-App-Frontend/node_modules/jsdom/lib/jsdom/living/events/EventTarget-impl.js:286:3)
          at HTMLUnknownElementImpl._dispatch (/Users/ryan/Library/Mobile Documents/com~apple~CloudDocs/Documents/VSCode/Tax-App-Frontend/node_modules/jsdom/lib/jsdom/living/events/EventTarget-impl.js:233:9)
          at HTMLUnknownElementImpl.dispatchEvent (/Users/ryan/Library/Mobile Documents/com~apple~CloudDocs/Documents/VSCode/Tax-App-Frontend/node_modules/jsdom/lib/jsdom/living/events/EventTarget-impl.js:104:17)
          at HTMLUnknownElement.dispatchEvent (/Users/ryan/Library/Mobile Documents/com~apple~CloudDocs/Documents/VSCode/Tax-App-Frontend/node_modules/jsdom/lib/jsdom/living/generated/EventTarget.js:241:34)
          at Object.invokeGuardedCallbackDev (/Users/ryan/Library/Mobile Documents/com~apple~CloudDocs/Documents/VSCode/Tax-App-Frontend/node_modules/react-dom/cjs/react-dom.development.js:4213:16)
          at invokeGuardedCallback (/Users/ryan/Library/Mobile Documents/com~apple~CloudDocs/Documents/VSCode/Tax-App-Frontend/node_modules/react-dom/cjs/react-dom.development.js:4277:31)
          at beginWork$1 (/Users/ryan/Library/Mobile Documents/com~apple~CloudDocs/Documents/VSCode/Tax-App-Frontend/node_modules/react-dom/cjs/react-dom.development.js:27490:7)
          at performUnitOfWork (/Users/ryan/Library/Mobile Documents/com~apple~CloudDocs/Documents/VSCode/Tax-App-Frontend/node_modules/react-dom/cjs/react-dom.development.js:26599:12)
          at workLoopSync (/Users/ryan/Library/Mobile Documents/com~apple~CloudDocs/Documents/VSCode/Tax-App-Frontend/node_modules/react-dom/cjs/react-dom.development.js:26505:5)
          at renderRootSync (/Users/ryan/Library/Mobile Documents/com~apple~CloudDocs/Documents/VSCode/Tax-App-Frontend/node_modules/react-dom/cjs/react-dom.development.js:26473:7)
          at performConcurrentWorkOnRoot (/Users/ryan/Library/Mobile Documents/com~apple~CloudDocs/Documents/VSCode/Tax-App-Frontend/node_modules/react-dom/cjs/react-dom.development.js:25777:74)
          at flushActQueue (/Users/ryan/Library/Mobile Documents/com~apple~CloudDocs/Documents/VSCode/Tax-App-Frontend/node_modules/react/cjs/react.development.js:2667:24)
          at act (/Users/ryan/Library/Mobile Documents/com~apple~CloudDocs/Documents/VSCode/Tax-App-Frontend/node_modules/react/cjs/react.development.js:2582:11)
          at /Users/ryan/Library/Mobile Documents/com~apple~CloudDocs/Documents/VSCode/Tax-App-Frontend/node_modules/@testing-library/react/dist/act-compat.js:46:25
          at renderRoot (/Users/ryan/Library/Mobile Documents/com~apple~CloudDocs/Documents/VSCode/Tax-App-Frontend/node_modules/@testing-library/react/dist/pure.js:189:26)
          at render (/Users/ryan/Library/Mobile Documents/com~apple~CloudDocs/Documents/VSCode/Tax-App-Frontend/node_modules/@testing-library/react/dist/pure.js:291:10)
          at Object.<anonymous> (/Users/ryan/Library/Mobile Documents/com~apple~CloudDocs/Documents/VSCode/Tax-App-Frontend/src/app/login/responsive-layout.test.tsx:155:13)
          at Promise.finally.completed (/Users/ryan/Library/Mobile Documents/com~apple~CloudDocs/Documents/VSCode/Tax-App-Frontend/node_modules/jest-circus/build/jestAdapterInit.js:1557:28)
          at new Promise (<anonymous>)
          at callAsyncCircusFn (/Users/ryan/Library/Mobile Documents/com~apple~CloudDocs/Documents/VSCode/Tax-App-Frontend/node_modules/jest-circus/build/jestAdapterInit.js:1497:10)
          at _callCircusTest (/Users/ryan/Library/Mobile Documents/com~apple~CloudDocs/Documents/VSCode/Tax-App-Frontend/node_modules/jest-circus/build/jestAdapterInit.js:1007:40)
          at processTicksAndRejections (node:internal/process/task_queues:95:5)
          at _runTest (/Users/ryan/Library/Mobile Documents/com~apple~CloudDocs/Documents/VSCode/Tax-App-Frontend/node_modules/jest-circus/build/jestAdapterInit.js:947:3)
          at /Users/ryan/Library/Mobile Documents/com~apple~CloudDocs/Documents/VSCode/Tax-App-Frontend/node_modules/jest-circus/build/jestAdapterInit.js:849:7
          at _runTestsForDescribeBlock (/Users/ryan/Library/Mobile Documents/com~apple~CloudDocs/Documents/VSCode/Tax-App-Frontend/node_modules/jest-circus/build/jestAdapterInit.js:862:11)
          at _runTestsForDescribeBlock (/Users/ryan/Library/Mobile Documents/com~apple~CloudDocs/Documents/VSCode/Tax-App-Frontend/node_modules/jest-circus/build/jestAdapterInit.js:857:11)
          at _runTestsForDescribeBlock (/Users/ryan/Library/Mobile Documents/com~apple~CloudDocs/Documents/VSCode/Tax-App-Frontend/node_modules/jest-circus/build/jestAdapterInit.js:857:11)
          at run (/Users/ryan/Library/Mobile Documents/com~apple~CloudDocs/Documents/VSCode/Tax-App-Frontend/node_modules/jest-circus/build/jestAdapterInit.js:761:3)
          at runAndTransformResultsToJestFormat (/Users/ryan/Library/Mobile Documents/com~apple~CloudDocs/Documents/VSCode/Tax-App-Frontend/node_modules/jest-circus/build/jestAdapterInit.js:1918:21)
          at jestAdapter (/Users/ryan/Library/Mobile Documents/com~apple~CloudDocs/Documents/VSCode/Tax-App-Frontend/node_modules/jest-circus/build/runner.js:101:19)
          at runTestInternal (/Users/ryan/Library/Mobile Documents/com~apple~CloudDocs/Documents/VSCode/Tax-App-Frontend/node_modules/jest-runner/build/testWorker.js:275:16)
          at runTest (/Users/ryan/Library/Mobile Documents/com~apple~CloudDocs/Documents/VSCode/Tax-App-Frontend/node_modules/jest-runner/build/testWorker.js:343:7)
          at Object.worker (/Users/ryan/Library/Mobile Documents/com~apple~CloudDocs/Documents/VSCode/Tax-App-Frontend/node_modules/jest-runner/build/testWorker.js:497:12) {
        detail: TypeError: Cannot read properties of undefined (reading 'state')
            at state (/Users/ryan/Library/Mobile Documents/com~apple~CloudDocs/Documents/VSCode/Tax-App-Frontend/src/components/LoginForm.tsx:93:15)
            at renderWithHooks (/Users/ryan/Library/Mobile Documents/com~apple~CloudDocs/Documents/VSCode/Tax-App-Frontend/node_modules/react-dom/cjs/react-dom.development.js:15486:18)
            at mountIndeterminateComponent (/Users/ryan/Library/Mobile Documents/com~apple~CloudDocs/Documents/VSCode/Tax-App-Frontend/node_modules/react-dom/cjs/react-dom.development.js:20103:13)
            at beginWork (/Users/ryan/Library/Mobile Documents/com~apple~CloudDocs/Documents/VSCode/Tax-App-Frontend/node_modules/react-dom/cjs/react-dom.development.js:21626:16)
            at HTMLUnknownElement.callCallback (/Users/ryan/Library/Mobile Documents/com~apple~CloudDocs/Documents/VSCode/Tax-App-Frontend/node_modules/react-dom/cjs/react-dom.development.js:4164:14)
            at HTMLUnknownElement.callTheUserObjectsOperation (/Users/ryan/Library/Mobile Documents/com~apple~CloudDocs/Documents/VSCode/Tax-App-Frontend/node_modules/jsdom/lib/jsdom/living/generated/EventListener.js:26:30)
            at innerInvokeEventListeners (/Users/ryan/Library/Mobile Documents/com~apple~CloudDocs/Documents/VSCode/Tax-App-Frontend/node_modules/jsdom/lib/jsdom/living/events/EventTarget-impl.js:350:25)
            at invokeEventListeners (/Users/ryan/Library/Mobile Documents/com~apple~CloudDocs/Documents/VSCode/Tax-App-Frontend/node_modules/jsdom/lib/jsdom/living/events/EventTarget-impl.js:286:3)
            at HTMLUnknownElementImpl._dispatch (/Users/ryan/Library/Mobile Documents/com~apple~CloudDocs/Documents/VSCode/Tax-App-Frontend/node_modules/jsdom/lib/jsdom/living/events/EventTarget-impl.js:233:9)
            at HTMLUnknownElementImpl.dispatchEvent (/Users/ryan/Library/Mobile Documents/com~apple~CloudDocs/Documents/VSCode/Tax-App-Frontend/node_modules/jsdom/lib/jsdom/living/events/EventTarget-impl.js:104:17)
            at HTMLUnknownElement.dispatchEvent (/Users/ryan/Library/Mobile Documents/com~apple~CloudDocs/Documents/VSCode/Tax-App-Frontend/node_modules/jsdom/lib/jsdom/living/generated/EventTarget.js:241:34)
            at Object.invokeGuardedCallbackDev (/Users/ryan/Library/Mobile Documents/com~apple~CloudDocs/Documents/VSCode/Tax-App-Frontend/node_modules/react-dom/cjs/react-dom.development.js:4213:16)
            at invokeGuardedCallback (/Users/ryan/Library/Mobile Documents/com~apple~CloudDocs/Documents/VSCode/Tax-App-Frontend/node_modules/react-dom/cjs/react-dom.development.js:4277:31)
            at beginWork$1 (/Users/ryan/Library/Mobile Documents/com~apple~CloudDocs/Documents/VSCode/Tax-App-Frontend/node_modules/react-dom/cjs/react-dom.development.js:27490:7)
            at performUnitOfWork (/Users/ryan/Library/Mobile Documents/com~apple~CloudDocs/Documents/VSCode/Tax-App-Frontend/node_modules/react-dom/cjs/react-dom.development.js:26599:12)
            at workLoopSync (/Users/ryan/Library/Mobile Documents/com~apple~CloudDocs/Documents/VSCode/Tax-App-Frontend/node_modules/react-dom/cjs/react-dom.development.js:26505:5)
            at renderRootSync (/Users/ryan/Library/Mobile Documents/com~apple~CloudDocs/Documents/VSCode/Tax-App-Frontend/node_modules/react-dom/cjs/react-dom.development.js:26473:7)
            at performConcurrentWorkOnRoot (/Users/ryan/Library/Mobile Documents/com~apple~CloudDocs/Documents/VSCode/Tax-App-Frontend/node_modules/react-dom/cjs/react-dom.development.js:25777:74)
            at flushActQueue (/Users/ryan/Library/Mobile Documents/com~apple~CloudDocs/Documents/VSCode/Tax-App-Frontend/node_modules/react/cjs/react.development.js:2667:24)
            at act (/Users/ryan/Library/Mobile Documents/com~apple~CloudDocs/Documents/VSCode/Tax-App-Frontend/node_modules/react/cjs/react.development.js:2582:11)
            at /Users/ryan/Library/Mobile Documents/com~apple~CloudDocs/Documents/VSCode/Tax-App-Frontend/node_modules/@testing-library/react/dist/act-compat.js:46:25
            at renderRoot (/Users/ryan/Library/Mobile Documents/com~apple~CloudDocs/Documents/VSCode/Tax-App-Frontend/node_modules/@testing-library/react/dist/pure.js:189:26)
            at render (/Users/ryan/Library/Mobile Documents/com~apple~CloudDocs/Documents/VSCode/Tax-App-Frontend/node_modules/@testing-library/react/dist/pure.js:291:10)
            at Object.<anonymous> (/Users/ryan/Library/Mobile Documents/com~apple~CloudDocs/Documents/VSCode/Tax-App-Frontend/src/app/login/responsive-layout.test.tsx:155:13)
            at Promise.finally.completed (/Users/ryan/Library/Mobile Documents/com~apple~CloudDocs/Documents/VSCode/Tax-App-Frontend/node_modules/jest-circus/build/jestAdapterInit.js:1557:28)
            at new Promise (<anonymous>)
            at callAsyncCircusFn (/Users/ryan/Library/Mobile Documents/com~apple~CloudDocs/Documents/VSCode/Tax-App-Frontend/node_modules/jest-circus/build/jestAdapterInit.js:1497:10)
            at _callCircusTest (/Users/ryan/Library/Mobile Documents/com~apple~CloudDocs/Documents/VSCode/Tax-App-Frontend/node_modules/jest-circus/build/jestAdapterInit.js:1007:40)
            at processTicksAndRejections (node:internal/process/task_queues:95:5)
            at _runTest (/Users/ryan/Library/Mobile Documents/com~apple~CloudDocs/Documents/VSCode/Tax-App-Frontend/node_modules/jest-circus/build/jestAdapterInit.js:947:3)
            at /Users/ryan/Library/Mobile Documents/com~apple~CloudDocs/Documents/VSCode/Tax-App-Frontend/node_modules/jest-circus/build/jestAdapterInit.js:849:7
            at _runTestsForDescribeBlock (/Users/ryan/Library/Mobile Documents/com~apple~CloudDocs/Documents/VSCode/Tax-App-Frontend/node_modules/jest-circus/build/jestAdapterInit.js:862:11)
            at _runTestsForDescribeBlock (/Users/ryan/Library/Mobile Documents/com~apple~CloudDocs/Documents/VSCode/Tax-App-Frontend/node_modules/jest-circus/build/jestAdapterInit.js:857:11)
            at _runTestsForDescribeBlock (/Users/ryan/Library/Mobile Documents/com~apple~CloudDocs/Documents/VSCode/Tax-App-Frontend/node_modules/jest-circus/build/jestAdapterInit.js:857:11)
            at run (/Users/ryan/Library/Mobile Documents/com~apple~CloudDocs/Documents/VSCode/Tax-App-Frontend/node_modules/jest-circus/build/jestAdapterInit.js:761:3)
            at runAndTransformResultsToJestFormat (/Users/ryan/Library/Mobile Documents/com~apple~CloudDocs/Documents/VSCode/Tax-App-Frontend/node_modules/jest-circus/build/jestAdapterInit.js:1918:21)
            at jestAdapter (/Users/ryan/Library/Mobile Documents/com~apple~CloudDocs/Documents/VSCode/Tax-App-Frontend/node_modules/jest-circus/build/runner.js:101:19)
            at runTestInternal (/Users/ryan/Library/Mobile Documents/com~apple~CloudDocs/Documents/VSCode/Tax-App-Frontend/node_modules/jest-runner/build/testWorker.js:275:16)
            at runTest (/Users/ryan/Library/Mobile Documents/com~apple~CloudDocs/Documents/VSCode/Tax-App-Frontend/node_modules/jest-runner/build/testWorker.js:343:7)
            at Object.worker (/Users/ryan/Library/Mobile Documents/com~apple~CloudDocs/Documents/VSCode/Tax-App-Frontend/node_modules/jest-runner/build/testWorker.js:497:12),
        type: 'unhandled exception'
      }

      153 |
      154 |     test('should apply shadow-xl for elevated card appearance', () => {
    > 155 |       render(<LoginPageClient />);
          |             ^
      156 |
      157 |       const card = screen.getByTestId('card');
      158 |       expect(card).toHaveClass('shadow-xl');

      at VirtualConsole.<anonymous> (node_modules/@jest/environment-jsdom-abstract/build/index.js:87:23)
      at reportException (node_modules/jsdom/lib/jsdom/living/helpers/runtime-script-errors.js:70:28)
      at innerInvokeEventListeners (node_modules/jsdom/lib/jsdom/living/events/EventTarget-impl.js:353:9)
      at invokeEventListeners (node_modules/jsdom/lib/jsdom/living/events/EventTarget-impl.js:286:3)
      at HTMLUnknownElementImpl._dispatch (node_modules/jsdom/lib/jsdom/living/events/EventTarget-impl.js:233:9)
      at HTMLUnknownElementImpl.dispatchEvent (node_modules/jsdom/lib/jsdom/living/events/EventTarget-impl.js:104:17)
      at HTMLUnknownElement.dispatchEvent (node_modules/jsdom/lib/jsdom/living/generated/EventTarget.js:241:34)
      at Object.invokeGuardedCallbackDev (node_modules/react-dom/cjs/react-dom.development.js:4213:16)
      at invokeGuardedCallback (node_modules/react-dom/cjs/react-dom.development.js:4277:31)
      at beginWork$1 (node_modules/react-dom/cjs/react-dom.development.js:27490:7)
      at performUnitOfWork (node_modules/react-dom/cjs/react-dom.development.js:26599:12)
      at workLoopSync (node_modules/react-dom/cjs/react-dom.development.js:26505:5)
      at renderRootSync (node_modules/react-dom/cjs/react-dom.development.js:26473:7)
      at performConcurrentWorkOnRoot (node_modules/react-dom/cjs/react-dom.development.js:25777:74)
      at flushActQueue (node_modules/react/cjs/react.development.js:2667:24)
      at act (node_modules/react/cjs/react.development.js:2582:11)
      at node_modules/@testing-library/react/dist/act-compat.js:46:25
      at renderRoot (node_modules/@testing-library/react/dist/pure.js:189:26)
      at render (node_modules/@testing-library/react/dist/pure.js:291:10)
      at Object.<anonymous> (src/app/login/responsive-layout.test.tsx:155:13)

    console.error
      Error: Uncaught [TypeError: Cannot read properties of undefined (reading 'state')]
          at reportException (/Users/ryan/Library/Mobile Documents/com~apple~CloudDocs/Documents/VSCode/Tax-App-Frontend/node_modules/jsdom/lib/jsdom/living/helpers/runtime-script-errors.js:66:24)
          at innerInvokeEventListeners (/Users/ryan/Library/Mobile Documents/com~apple~CloudDocs/Documents/VSCode/Tax-App-Frontend/node_modules/jsdom/lib/jsdom/living/events/EventTarget-impl.js:353:9)
          at invokeEventListeners (/Users/ryan/Library/Mobile Documents/com~apple~CloudDocs/Documents/VSCode/Tax-App-Frontend/node_modules/jsdom/lib/jsdom/living/events/EventTarget-impl.js:286:3)
          at HTMLUnknownElementImpl._dispatch (/Users/ryan/Library/Mobile Documents/com~apple~CloudDocs/Documents/VSCode/Tax-App-Frontend/node_modules/jsdom/lib/jsdom/living/events/EventTarget-impl.js:233:9)
          at HTMLUnknownElementImpl.dispatchEvent (/Users/ryan/Library/Mobile Documents/com~apple~CloudDocs/Documents/VSCode/Tax-App-Frontend/node_modules/jsdom/lib/jsdom/living/events/EventTarget-impl.js:104:17)
          at HTMLUnknownElement.dispatchEvent (/Users/ryan/Library/Mobile Documents/com~apple~CloudDocs/Documents/VSCode/Tax-App-Frontend/node_modules/jsdom/lib/jsdom/living/generated/EventTarget.js:241:34)
          at Object.invokeGuardedCallbackDev (/Users/ryan/Library/Mobile Documents/com~apple~CloudDocs/Documents/VSCode/Tax-App-Frontend/node_modules/react-dom/cjs/react-dom.development.js:4213:16)
          at invokeGuardedCallback (/Users/ryan/Library/Mobile Documents/com~apple~CloudDocs/Documents/VSCode/Tax-App-Frontend/node_modules/react-dom/cjs/react-dom.development.js:4277:31)
          at beginWork$1 (/Users/ryan/Library/Mobile Documents/com~apple~CloudDocs/Documents/VSCode/Tax-App-Frontend/node_modules/react-dom/cjs/react-dom.development.js:27490:7)
          at performUnitOfWork (/Users/ryan/Library/Mobile Documents/com~apple~CloudDocs/Documents/VSCode/Tax-App-Frontend/node_modules/react-dom/cjs/react-dom.development.js:26599:12)
          at workLoopSync (/Users/ryan/Library/Mobile Documents/com~apple~CloudDocs/Documents/VSCode/Tax-App-Frontend/node_modules/react-dom/cjs/react-dom.development.js:26505:5)
          at renderRootSync (/Users/ryan/Library/Mobile Documents/com~apple~CloudDocs/Documents/VSCode/Tax-App-Frontend/node_modules/react-dom/cjs/react-dom.development.js:26473:7)
          at recoverFromConcurrentError (/Users/ryan/Library/Mobile Documents/com~apple~CloudDocs/Documents/VSCode/Tax-App-Frontend/node_modules/react-dom/cjs/react-dom.development.js:25889:20)
          at performConcurrentWorkOnRoot (/Users/ryan/Library/Mobile Documents/com~apple~CloudDocs/Documents/VSCode/Tax-App-Frontend/node_modules/react-dom/cjs/react-dom.development.js:25789:22)
          at flushActQueue (/Users/ryan/Library/Mobile Documents/com~apple~CloudDocs/Documents/VSCode/Tax-App-Frontend/node_modules/react/cjs/react.development.js:2667:24)
          at act (/Users/ryan/Library/Mobile Documents/com~apple~CloudDocs/Documents/VSCode/Tax-App-Frontend/node_modules/react/cjs/react.development.js:2582:11)
          at /Users/ryan/Library/Mobile Documents/com~apple~CloudDocs/Documents/VSCode/Tax-App-Frontend/node_modules/@testing-library/react/dist/act-compat.js:46:25
          at renderRoot (/Users/ryan/Library/Mobile Documents/com~apple~CloudDocs/Documents/VSCode/Tax-App-Frontend/node_modules/@testing-library/react/dist/pure.js:189:26)
          at render (/Users/ryan/Library/Mobile Documents/com~apple~CloudDocs/Documents/VSCode/Tax-App-Frontend/node_modules/@testing-library/react/dist/pure.js:291:10)
          at Object.<anonymous> (/Users/ryan/Library/Mobile Documents/com~apple~CloudDocs/Documents/VSCode/Tax-App-Frontend/src/app/login/responsive-layout.test.tsx:155:13)
          at Promise.finally.completed (/Users/ryan/Library/Mobile Documents/com~apple~CloudDocs/Documents/VSCode/Tax-App-Frontend/node_modules/jest-circus/build/jestAdapterInit.js:1557:28)
          at new Promise (<anonymous>)
          at callAsyncCircusFn (/Users/ryan/Library/Mobile Documents/com~apple~CloudDocs/Documents/VSCode/Tax-App-Frontend/node_modules/jest-circus/build/jestAdapterInit.js:1497:10)
          at _callCircusTest (/Users/ryan/Library/Mobile Documents/com~apple~CloudDocs/Documents/VSCode/Tax-App-Frontend/node_modules/jest-circus/build/jestAdapterInit.js:1007:40)
          at processTicksAndRejections (node:internal/process/task_queues:95:5)
          at _runTest (/Users/ryan/Library/Mobile Documents/com~apple~CloudDocs/Documents/VSCode/Tax-App-Frontend/node_modules/jest-circus/build/jestAdapterInit.js:947:3)
          at /Users/ryan/Library/Mobile Documents/com~apple~CloudDocs/Documents/VSCode/Tax-App-Frontend/node_modules/jest-circus/build/jestAdapterInit.js:849:7
          at _runTestsForDescribeBlock (/Users/ryan/Library/Mobile Documents/com~apple~CloudDocs/Documents/VSCode/Tax-App-Frontend/node_modules/jest-circus/build/jestAdapterInit.js:862:11)
          at _runTestsForDescribeBlock (/Users/ryan/Library/Mobile Documents/com~apple~CloudDocs/Documents/VSCode/Tax-App-Frontend/node_modules/jest-circus/build/jestAdapterInit.js:857:11)
          at _runTestsForDescribeBlock (/Users/ryan/Library/Mobile Documents/com~apple~CloudDocs/Documents/VSCode/Tax-App-Frontend/node_modules/jest-circus/build/jestAdapterInit.js:857:11)
          at run (/Users/ryan/Library/Mobile Documents/com~apple~CloudDocs/Documents/VSCode/Tax-App-Frontend/node_modules/jest-circus/build/jestAdapterInit.js:761:3)
          at runAndTransformResultsToJestFormat (/Users/ryan/Library/Mobile Documents/com~apple~CloudDocs/Documents/VSCode/Tax-App-Frontend/node_modules/jest-circus/build/jestAdapterInit.js:1918:21)
          at jestAdapter (/Users/ryan/Library/Mobile Documents/com~apple~CloudDocs/Documents/VSCode/Tax-App-Frontend/node_modules/jest-circus/build/runner.js:101:19)
          at runTestInternal (/Users/ryan/Library/Mobile Documents/com~apple~CloudDocs/Documents/VSCode/Tax-App-Frontend/node_modules/jest-runner/build/testWorker.js:275:16)
          at runTest (/Users/ryan/Library/Mobile Documents/com~apple~CloudDocs/Documents/VSCode/Tax-App-Frontend/node_modules/jest-runner/build/testWorker.js:343:7)
          at Object.worker (/Users/ryan/Library/Mobile Documents/com~apple~CloudDocs/Documents/VSCode/Tax-App-Frontend/node_modules/jest-runner/build/testWorker.js:497:12) {
        detail: TypeError: Cannot read properties of undefined (reading 'state')
            at state (/Users/ryan/Library/Mobile Documents/com~apple~CloudDocs/Documents/VSCode/Tax-App-Frontend/src/components/LoginForm.tsx:93:15)
            at renderWithHooks (/Users/ryan/Library/Mobile Documents/com~apple~CloudDocs/Documents/VSCode/Tax-App-Frontend/node_modules/react-dom/cjs/react-dom.development.js:15486:18)
            at mountIndeterminateComponent (/Users/ryan/Library/Mobile Documents/com~apple~CloudDocs/Documents/VSCode/Tax-App-Frontend/node_modules/react-dom/cjs/react-dom.development.js:20103:13)
            at beginWork (/Users/ryan/Library/Mobile Documents/com~apple~CloudDocs/Documents/VSCode/Tax-App-Frontend/node_modules/react-dom/cjs/react-dom.development.js:21626:16)
            at HTMLUnknownElement.callCallback (/Users/ryan/Library/Mobile Documents/com~apple~CloudDocs/Documents/VSCode/Tax-App-Frontend/node_modules/react-dom/cjs/react-dom.development.js:4164:14)
            at HTMLUnknownElement.callTheUserObjectsOperation (/Users/ryan/Library/Mobile Documents/com~apple~CloudDocs/Documents/VSCode/Tax-App-Frontend/node_modules/jsdom/lib/jsdom/living/generated/EventListener.js:26:30)
            at innerInvokeEventListeners (/Users/ryan/Library/Mobile Documents/com~apple~CloudDocs/Documents/VSCode/Tax-App-Frontend/node_modules/jsdom/lib/jsdom/living/events/EventTarget-impl.js:350:25)
            at invokeEventListeners (/Users/ryan/Library/Mobile Documents/com~apple~CloudDocs/Documents/VSCode/Tax-App-Frontend/node_modules/jsdom/lib/jsdom/living/events/EventTarget-impl.js:286:3)
            at HTMLUnknownElementImpl._dispatch (/Users/ryan/Library/Mobile Documents/com~apple~CloudDocs/Documents/VSCode/Tax-App-Frontend/node_modules/jsdom/lib/jsdom/living/events/EventTarget-impl.js:233:9)
            at HTMLUnknownElementImpl.dispatchEvent (/Users/ryan/Library/Mobile Documents/com~apple~CloudDocs/Documents/VSCode/Tax-App-Frontend/node_modules/jsdom/lib/jsdom/living/events/EventTarget-impl.js:104:17)
            at HTMLUnknownElement.dispatchEvent (/Users/ryan/Library/Mobile Documents/com~apple~CloudDocs/Documents/VSCode/Tax-App-Frontend/node_modules/jsdom/lib/jsdom/living/generated/EventTarget.js:241:34)
            at Object.invokeGuardedCallbackDev (/Users/ryan/Library/Mobile Documents/com~apple~CloudDocs/Documents/VSCode/Tax-App-Frontend/node_modules/react-dom/cjs/react-dom.development.js:4213:16)
            at invokeGuardedCallback (/Users/ryan/Library/Mobile Documents/com~apple~CloudDocs/Documents/VSCode/Tax-App-Frontend/node_modules/react-dom/cjs/react-dom.development.js:4277:31)
            at beginWork$1 (/Users/ryan/Library/Mobile Documents/com~apple~CloudDocs/Documents/VSCode/Tax-App-Frontend/node_modules/react-dom/cjs/react-dom.development.js:27490:7)
            at performUnitOfWork (/Users/ryan/Library/Mobile Documents/com~apple~CloudDocs/Documents/VSCode/Tax-App-Frontend/node_modules/react-dom/cjs/react-dom.development.js:26599:12)
            at workLoopSync (/Users/ryan/Library/Mobile Documents/com~apple~CloudDocs/Documents/VSCode/Tax-App-Frontend/node_modules/react-dom/cjs/react-dom.development.js:26505:5)
            at renderRootSync (/Users/ryan/Library/Mobile Documents/com~apple~CloudDocs/Documents/VSCode/Tax-App-Frontend/node_modules/react-dom/cjs/react-dom.development.js:26473:7)
            at recoverFromConcurrentError (/Users/ryan/Library/Mobile Documents/com~apple~CloudDocs/Documents/VSCode/Tax-App-Frontend/node_modules/react-dom/cjs/react-dom.development.js:25889:20)
            at performConcurrentWorkOnRoot (/Users/ryan/Library/Mobile Documents/com~apple~CloudDocs/Documents/VSCode/Tax-App-Frontend/node_modules/react-dom/cjs/react-dom.development.js:25789:22)
            at flushActQueue (/Users/ryan/Library/Mobile Documents/com~apple~CloudDocs/Documents/VSCode/Tax-App-Frontend/node_modules/react/cjs/react.development.js:2667:24)
            at act (/Users/ryan/Library/Mobile Documents/com~apple~CloudDocs/Documents/VSCode/Tax-App-Frontend/node_modules/react/cjs/react.development.js:2582:11)
            at /Users/ryan/Library/Mobile Documents/com~apple~CloudDocs/Documents/VSCode/Tax-App-Frontend/node_modules/@testing-library/react/dist/act-compat.js:46:25
            at renderRoot (/Users/ryan/Library/Mobile Documents/com~apple~CloudDocs/Documents/VSCode/Tax-App-Frontend/node_modules/@testing-library/react/dist/pure.js:189:26)
            at render (/Users/ryan/Library/Mobile Documents/com~apple~CloudDocs/Documents/VSCode/Tax-App-Frontend/node_modules/@testing-library/react/dist/pure.js:291:10)
            at Object.<anonymous> (/Users/ryan/Library/Mobile Documents/com~apple~CloudDocs/Documents/VSCode/Tax-App-Frontend/src/app/login/responsive-layout.test.tsx:155:13)
            at Promise.finally.completed (/Users/ryan/Library/Mobile Documents/com~apple~CloudDocs/Documents/VSCode/Tax-App-Frontend/node_modules/jest-circus/build/jestAdapterInit.js:1557:28)
            at new Promise (<anonymous>)
            at callAsyncCircusFn (/Users/ryan/Library/Mobile Documents/com~apple~CloudDocs/Documents/VSCode/Tax-App-Frontend/node_modules/jest-circus/build/jestAdapterInit.js:1497:10)
            at _callCircusTest (/Users/ryan/Library/Mobile Documents/com~apple~CloudDocs/Documents/VSCode/Tax-App-Frontend/node_modules/jest-circus/build/jestAdapterInit.js:1007:40)
            at processTicksAndRejections (node:internal/process/task_queues:95:5)
            at _runTest (/Users/ryan/Library/Mobile Documents/com~apple~CloudDocs/Documents/VSCode/Tax-App-Frontend/node_modules/jest-circus/build/jestAdapterInit.js:947:3)
            at /Users/ryan/Library/Mobile Documents/com~apple~CloudDocs/Documents/VSCode/Tax-App-Frontend/node_modules/jest-circus/build/jestAdapterInit.js:849:7
            at _runTestsForDescribeBlock (/Users/ryan/Library/Mobile Documents/com~apple~CloudDocs/Documents/VSCode/Tax-App-Frontend/node_modules/jest-circus/build/jestAdapterInit.js:862:11)
            at _runTestsForDescribeBlock (/Users/ryan/Library/Mobile Documents/com~apple~CloudDocs/Documents/VSCode/Tax-App-Frontend/node_modules/jest-circus/build/jestAdapterInit.js:857:11)
            at _runTestsForDescribeBlock (/Users/ryan/Library/Mobile Documents/com~apple~CloudDocs/Documents/VSCode/Tax-App-Frontend/node_modules/jest-circus/build/jestAdapterInit.js:857:11)
            at run (/Users/ryan/Library/Mobile Documents/com~apple~CloudDocs/Documents/VSCode/Tax-App-Frontend/node_modules/jest-circus/build/jestAdapterInit.js:761:3)
            at runAndTransformResultsToJestFormat (/Users/ryan/Library/Mobile Documents/com~apple~CloudDocs/Documents/VSCode/Tax-App-Frontend/node_modules/jest-circus/build/jestAdapterInit.js:1918:21)
            at jestAdapter (/Users/ryan/Library/Mobile Documents/com~apple~CloudDocs/Documents/VSCode/Tax-App-Frontend/node_modules/jest-circus/build/runner.js:101:19)
            at runTestInternal (/Users/ryan/Library/Mobile Documents/com~apple~CloudDocs/Documents/VSCode/Tax-App-Frontend/node_modules/jest-runner/build/testWorker.js:275:16)
            at runTest (/Users/ryan/Library/Mobile Documents/com~apple~CloudDocs/Documents/VSCode/Tax-App-Frontend/node_modules/jest-runner/build/testWorker.js:343:7)
            at Object.worker (/Users/ryan/Library/Mobile Documents/com~apple~CloudDocs/Documents/VSCode/Tax-App-Frontend/node_modules/jest-runner/build/testWorker.js:497:12),
        type: 'unhandled exception'
      }

      153 |
      154 |     test('should apply shadow-xl for elevated card appearance', () => {
    > 155 |       render(<LoginPageClient />);
          |             ^
      156 |
      157 |       const card = screen.getByTestId('card');
      158 |       expect(card).toHaveClass('shadow-xl');

      at VirtualConsole.<anonymous> (node_modules/@jest/environment-jsdom-abstract/build/index.js:87:23)
      at reportException (node_modules/jsdom/lib/jsdom/living/helpers/runtime-script-errors.js:70:28)
      at innerInvokeEventListeners (node_modules/jsdom/lib/jsdom/living/events/EventTarget-impl.js:353:9)
      at invokeEventListeners (node_modules/jsdom/lib/jsdom/living/events/EventTarget-impl.js:286:3)
      at HTMLUnknownElementImpl._dispatch (node_modules/jsdom/lib/jsdom/living/events/EventTarget-impl.js:233:9)
      at HTMLUnknownElementImpl.dispatchEvent (node_modules/jsdom/lib/jsdom/living/events/EventTarget-impl.js:104:17)
      at HTMLUnknownElement.dispatchEvent (node_modules/jsdom/lib/jsdom/living/generated/EventTarget.js:241:34)
      at Object.invokeGuardedCallbackDev (node_modules/react-dom/cjs/react-dom.development.js:4213:16)
      at invokeGuardedCallback (node_modules/react-dom/cjs/react-dom.development.js:4277:31)
      at beginWork$1 (node_modules/react-dom/cjs/react-dom.development.js:27490:7)
      at performUnitOfWork (node_modules/react-dom/cjs/react-dom.development.js:26599:12)
      at workLoopSync (node_modules/react-dom/cjs/react-dom.development.js:26505:5)
      at renderRootSync (node_modules/react-dom/cjs/react-dom.development.js:26473:7)
      at recoverFromConcurrentError (node_modules/react-dom/cjs/react-dom.development.js:25889:20)
      at performConcurrentWorkOnRoot (node_modules/react-dom/cjs/react-dom.development.js:25789:22)
      at flushActQueue (node_modules/react/cjs/react.development.js:2667:24)
      at act (node_modules/react/cjs/react.development.js:2582:11)
      at node_modules/@testing-library/react/dist/act-compat.js:46:25
      at renderRoot (node_modules/@testing-library/react/dist/pure.js:189:26)
      at render (node_modules/@testing-library/react/dist/pure.js:291:10)
      at Object.<anonymous> (src/app/login/responsive-layout.test.tsx:155:13)

    console.error
      The above error occurred in the <LoginForm> component:
      
          at className (/Users/ryan/Library/Mobile Documents/com~apple~CloudDocs/Documents/VSCode/Tax-App-Frontend/src/components/LoginForm.tsx:45:29)
          at div
          at children (/Users/ryan/Library/Mobile Documents/com~apple~CloudDocs/Documents/VSCode/Tax-App-Frontend/src/app/login/responsive-layout.test.tsx:62:19)
          at div
          at children (/Users/ryan/Library/Mobile Documents/com~apple~CloudDocs/Documents/VSCode/Tax-App-Frontend/src/app/login/responsive-layout.test.tsx:52:12)
          at div
          at div
          at div
          at children (/Users/ryan/Library/Mobile Documents/com~apple~CloudDocs/Documents/VSCode/Tax-App-Frontend/src/app/login/responsive-layout.test.tsx:47:21)
          at callbackUrl (/Users/ryan/Library/Mobile Documents/com~apple~CloudDocs/Documents/VSCode/Tax-App-Frontend/src/app/login/LoginPageClient.tsx:49:43)
      
      Consider adding an error boundary to your tree to customize error handling behavior.
      Visit https://reactjs.org/link/error-boundaries to learn more about error boundaries.

      153 |
      154 |     test('should apply shadow-xl for elevated card appearance', () => {
    > 155 |       render(<LoginPageClient />);
          |             ^
      156 |
      157 |       const card = screen.getByTestId('card');
      158 |       expect(card).toHaveClass('shadow-xl');

      at logCapturedError (node_modules/react-dom/cjs/react-dom.development.js:18704:23)
      at update.callback (node_modules/react-dom/cjs/react-dom.development.js:18737:5)
      at callCallback (node_modules/react-dom/cjs/react-dom.development.js:15036:12)
      at commitUpdateQueue (node_modules/react-dom/cjs/react-dom.development.js:15057:9)
      at commitLayoutEffectOnFiber (node_modules/react-dom/cjs/react-dom.development.js:23430:13)
      at commitLayoutMountEffects_complete (node_modules/react-dom/cjs/react-dom.development.js:24727:9)
      at commitLayoutEffects_begin (node_modules/react-dom/cjs/react-dom.development.js:24713:7)
      at commitLayoutEffects (node_modules/react-dom/cjs/react-dom.development.js:24651:3)
      at commitRootImpl (node_modules/react-dom/cjs/react-dom.development.js:26862:5)
      at commitRoot (node_modules/react-dom/cjs/react-dom.development.js:26721:5)
      at finishConcurrentRender (node_modules/react-dom/cjs/react-dom.development.js:25931:9)
      at performConcurrentWorkOnRoot (node_modules/react-dom/cjs/react-dom.development.js:25848:7)
      at flushActQueue (node_modules/react/cjs/react.development.js:2667:24)
      at act (node_modules/react/cjs/react.development.js:2582:11)
      at node_modules/@testing-library/react/dist/act-compat.js:46:25
      at renderRoot (node_modules/@testing-library/react/dist/pure.js:189:26)
      at render (node_modules/@testing-library/react/dist/pure.js:291:10)
      at Object.<anonymous> (src/app/login/responsive-layout.test.tsx:155:13)

    console.error
      Error: Uncaught [TypeError: Cannot read properties of undefined (reading 'state')]
          at reportException (/Users/ryan/Library/Mobile Documents/com~apple~CloudDocs/Documents/VSCode/Tax-App-Frontend/node_modules/jsdom/lib/jsdom/living/helpers/runtime-script-errors.js:66:24)
          at innerInvokeEventListeners (/Users/ryan/Library/Mobile Documents/com~apple~CloudDocs/Documents/VSCode/Tax-App-Frontend/node_modules/jsdom/lib/jsdom/living/events/EventTarget-impl.js:353:9)
          at invokeEventListeners (/Users/ryan/Library/Mobile Documents/com~apple~CloudDocs/Documents/VSCode/Tax-App-Frontend/node_modules/jsdom/lib/jsdom/living/events/EventTarget-impl.js:286:3)
          at HTMLUnknownElementImpl._dispatch (/Users/ryan/Library/Mobile Documents/com~apple~CloudDocs/Documents/VSCode/Tax-App-Frontend/node_modules/jsdom/lib/jsdom/living/events/EventTarget-impl.js:233:9)
          at HTMLUnknownElementImpl.dispatchEvent (/Users/ryan/Library/Mobile Documents/com~apple~CloudDocs/Documents/VSCode/Tax-App-Frontend/node_modules/jsdom/lib/jsdom/living/events/EventTarget-impl.js:104:17)
          at HTMLUnknownElement.dispatchEvent (/Users/ryan/Library/Mobile Documents/com~apple~CloudDocs/Documents/VSCode/Tax-App-Frontend/node_modules/jsdom/lib/jsdom/living/generated/EventTarget.js:241:34)
          at Object.invokeGuardedCallbackDev (/Users/ryan/Library/Mobile Documents/com~apple~CloudDocs/Documents/VSCode/Tax-App-Frontend/node_modules/react-dom/cjs/react-dom.development.js:4213:16)
          at invokeGuardedCallback (/Users/ryan/Library/Mobile Documents/com~apple~CloudDocs/Documents/VSCode/Tax-App-Frontend/node_modules/react-dom/cjs/react-dom.development.js:4277:31)
          at beginWork$1 (/Users/ryan/Library/Mobile Documents/com~apple~CloudDocs/Documents/VSCode/Tax-App-Frontend/node_modules/react-dom/cjs/react-dom.development.js:27490:7)
          at performUnitOfWork (/Users/ryan/Library/Mobile Documents/com~apple~CloudDocs/Documents/VSCode/Tax-App-Frontend/node_modules/react-dom/cjs/react-dom.development.js:26599:12)
          at workLoopSync (/Users/ryan/Library/Mobile Documents/com~apple~CloudDocs/Documents/VSCode/Tax-App-Frontend/node_modules/react-dom/cjs/react-dom.development.js:26505:5)
          at renderRootSync (/Users/ryan/Library/Mobile Documents/com~apple~CloudDocs/Documents/VSCode/Tax-App-Frontend/node_modules/react-dom/cjs/react-dom.development.js:26473:7)
          at performConcurrentWorkOnRoot (/Users/ryan/Library/Mobile Documents/com~apple~CloudDocs/Documents/VSCode/Tax-App-Frontend/node_modules/react-dom/cjs/react-dom.development.js:25777:74)
          at flushActQueue (/Users/ryan/Library/Mobile Documents/com~apple~CloudDocs/Documents/VSCode/Tax-App-Frontend/node_modules/react/cjs/react.development.js:2667:24)
          at act (/Users/ryan/Library/Mobile Documents/com~apple~CloudDocs/Documents/VSCode/Tax-App-Frontend/node_modules/react/cjs/react.development.js:2582:11)
          at /Users/ryan/Library/Mobile Documents/com~apple~CloudDocs/Documents/VSCode/Tax-App-Frontend/node_modules/@testing-library/react/dist/act-compat.js:46:25
          at renderRoot (/Users/ryan/Library/Mobile Documents/com~apple~CloudDocs/Documents/VSCode/Tax-App-Frontend/node_modules/@testing-library/react/dist/pure.js:189:26)
          at render (/Users/ryan/Library/Mobile Documents/com~apple~CloudDocs/Documents/VSCode/Tax-App-Frontend/node_modules/@testing-library/react/dist/pure.js:291:10)
          at Object.<anonymous> (/Users/ryan/Library/Mobile Documents/com~apple~CloudDocs/Documents/VSCode/Tax-App-Frontend/src/app/login/responsive-layout.test.tsx:162:13)
          at Promise.finally.completed (/Users/ryan/Library/Mobile Documents/com~apple~CloudDocs/Documents/VSCode/Tax-App-Frontend/node_modules/jest-circus/build/jestAdapterInit.js:1557:28)
          at new Promise (<anonymous>)
          at callAsyncCircusFn (/Users/ryan/Library/Mobile Documents/com~apple~CloudDocs/Documents/VSCode/Tax-App-Frontend/node_modules/jest-circus/build/jestAdapterInit.js:1497:10)
          at _callCircusTest (/Users/ryan/Library/Mobile Documents/com~apple~CloudDocs/Documents/VSCode/Tax-App-Frontend/node_modules/jest-circus/build/jestAdapterInit.js:1007:40)
          at processTicksAndRejections (node:internal/process/task_queues:95:5)
          at _runTest (/Users/ryan/Library/Mobile Documents/com~apple~CloudDocs/Documents/VSCode/Tax-App-Frontend/node_modules/jest-circus/build/jestAdapterInit.js:947:3)
          at /Users/ryan/Library/Mobile Documents/com~apple~CloudDocs/Documents/VSCode/Tax-App-Frontend/node_modules/jest-circus/build/jestAdapterInit.js:849:7
          at _runTestsForDescribeBlock (/Users/ryan/Library/Mobile Documents/com~apple~CloudDocs/Documents/VSCode/Tax-App-Frontend/node_modules/jest-circus/build/jestAdapterInit.js:862:11)
          at _runTestsForDescribeBlock (/Users/ryan/Library/Mobile Documents/com~apple~CloudDocs/Documents/VSCode/Tax-App-Frontend/node_modules/jest-circus/build/jestAdapterInit.js:857:11)
          at _runTestsForDescribeBlock (/Users/ryan/Library/Mobile Documents/com~apple~CloudDocs/Documents/VSCode/Tax-App-Frontend/node_modules/jest-circus/build/jestAdapterInit.js:857:11)
          at run (/Users/ryan/Library/Mobile Documents/com~apple~CloudDocs/Documents/VSCode/Tax-App-Frontend/node_modules/jest-circus/build/jestAdapterInit.js:761:3)
          at runAndTransformResultsToJestFormat (/Users/ryan/Library/Mobile Documents/com~apple~CloudDocs/Documents/VSCode/Tax-App-Frontend/node_modules/jest-circus/build/jestAdapterInit.js:1918:21)
          at jestAdapter (/Users/ryan/Library/Mobile Documents/com~apple~CloudDocs/Documents/VSCode/Tax-App-Frontend/node_modules/jest-circus/build/runner.js:101:19)
          at runTestInternal (/Users/ryan/Library/Mobile Documents/com~apple~CloudDocs/Documents/VSCode/Tax-App-Frontend/node_modules/jest-runner/build/testWorker.js:275:16)
          at runTest (/Users/ryan/Library/Mobile Documents/com~apple~CloudDocs/Documents/VSCode/Tax-App-Frontend/node_modules/jest-runner/build/testWorker.js:343:7)
          at Object.worker (/Users/ryan/Library/Mobile Documents/com~apple~CloudDocs/Documents/VSCode/Tax-App-Frontend/node_modules/jest-runner/build/testWorker.js:497:12) {
        detail: TypeError: Cannot read properties of undefined (reading 'state')
            at state (/Users/ryan/Library/Mobile Documents/com~apple~CloudDocs/Documents/VSCode/Tax-App-Frontend/src/components/LoginForm.tsx:93:15)
            at renderWithHooks (/Users/ryan/Library/Mobile Documents/com~apple~CloudDocs/Documents/VSCode/Tax-App-Frontend/node_modules/react-dom/cjs/react-dom.development.js:15486:18)
            at mountIndeterminateComponent (/Users/ryan/Library/Mobile Documents/com~apple~CloudDocs/Documents/VSCode/Tax-App-Frontend/node_modules/react-dom/cjs/react-dom.development.js:20103:13)
            at beginWork (/Users/ryan/Library/Mobile Documents/com~apple~CloudDocs/Documents/VSCode/Tax-App-Frontend/node_modules/react-dom/cjs/react-dom.development.js:21626:16)
            at HTMLUnknownElement.callCallback (/Users/ryan/Library/Mobile Documents/com~apple~CloudDocs/Documents/VSCode/Tax-App-Frontend/node_modules/react-dom/cjs/react-dom.development.js:4164:14)
            at HTMLUnknownElement.callTheUserObjectsOperation (/Users/ryan/Library/Mobile Documents/com~apple~CloudDocs/Documents/VSCode/Tax-App-Frontend/node_modules/jsdom/lib/jsdom/living/generated/EventListener.js:26:30)
            at innerInvokeEventListeners (/Users/ryan/Library/Mobile Documents/com~apple~CloudDocs/Documents/VSCode/Tax-App-Frontend/node_modules/jsdom/lib/jsdom/living/events/EventTarget-impl.js:350:25)
            at invokeEventListeners (/Users/ryan/Library/Mobile Documents/com~apple~CloudDocs/Documents/VSCode/Tax-App-Frontend/node_modules/jsdom/lib/jsdom/living/events/EventTarget-impl.js:286:3)
            at HTMLUnknownElementImpl._dispatch (/Users/ryan/Library/Mobile Documents/com~apple~CloudDocs/Documents/VSCode/Tax-App-Frontend/node_modules/jsdom/lib/jsdom/living/events/EventTarget-impl.js:233:9)
            at HTMLUnknownElementImpl.dispatchEvent (/Users/ryan/Library/Mobile Documents/com~apple~CloudDocs/Documents/VSCode/Tax-App-Frontend/node_modules/jsdom/lib/jsdom/living/events/EventTarget-impl.js:104:17)
            at HTMLUnknownElement.dispatchEvent (/Users/ryan/Library/Mobile Documents/com~apple~CloudDocs/Documents/VSCode/Tax-App-Frontend/node_modules/jsdom/lib/jsdom/living/generated/EventTarget.js:241:34)
            at Object.invokeGuardedCallbackDev (/Users/ryan/Library/Mobile Documents/com~apple~CloudDocs/Documents/VSCode/Tax-App-Frontend/node_modules/react-dom/cjs/react-dom.development.js:4213:16)
            at invokeGuardedCallback (/Users/ryan/Library/Mobile Documents/com~apple~CloudDocs/Documents/VSCode/Tax-App-Frontend/node_modules/react-dom/cjs/react-dom.development.js:4277:31)
            at beginWork$1 (/Users/ryan/Library/Mobile Documents/com~apple~CloudDocs/Documents/VSCode/Tax-App-Frontend/node_modules/react-dom/cjs/react-dom.development.js:27490:7)
            at performUnitOfWork (/Users/ryan/Library/Mobile Documents/com~apple~CloudDocs/Documents/VSCode/Tax-App-Frontend/node_modules/react-dom/cjs/react-dom.development.js:26599:12)
            at workLoopSync (/Users/ryan/Library/Mobile Documents/com~apple~CloudDocs/Documents/VSCode/Tax-App-Frontend/node_modules/react-dom/cjs/react-dom.development.js:26505:5)
            at renderRootSync (/Users/ryan/Library/Mobile Documents/com~apple~CloudDocs/Documents/VSCode/Tax-App-Frontend/node_modules/react-dom/cjs/react-dom.development.js:26473:7)
            at performConcurrentWorkOnRoot (/Users/ryan/Library/Mobile Documents/com~apple~CloudDocs/Documents/VSCode/Tax-App-Frontend/node_modules/react-dom/cjs/react-dom.development.js:25777:74)
            at flushActQueue (/Users/ryan/Library/Mobile Documents/com~apple~CloudDocs/Documents/VSCode/Tax-App-Frontend/node_modules/react/cjs/react.development.js:2667:24)
            at act (/Users/ryan/Library/Mobile Documents/com~apple~CloudDocs/Documents/VSCode/Tax-App-Frontend/node_modules/react/cjs/react.development.js:2582:11)
            at /Users/ryan/Library/Mobile Documents/com~apple~CloudDocs/Documents/VSCode/Tax-App-Frontend/node_modules/@testing-library/react/dist/act-compat.js:46:25
            at renderRoot (/Users/ryan/Library/Mobile Documents/com~apple~CloudDocs/Documents/VSCode/Tax-App-Frontend/node_modules/@testing-library/react/dist/pure.js:189:26)
            at render (/Users/ryan/Library/Mobile Documents/com~apple~CloudDocs/Documents/VSCode/Tax-App-Frontend/node_modules/@testing-library/react/dist/pure.js:291:10)
            at Object.<anonymous> (/Users/ryan/Library/Mobile Documents/com~apple~CloudDocs/Documents/VSCode/Tax-App-Frontend/src/app/login/responsive-layout.test.tsx:162:13)
            at Promise.finally.completed (/Users/ryan/Library/Mobile Documents/com~apple~CloudDocs/Documents/VSCode/Tax-App-Frontend/node_modules/jest-circus/build/jestAdapterInit.js:1557:28)
            at new Promise (<anonymous>)
            at callAsyncCircusFn (/Users/ryan/Library/Mobile Documents/com~apple~CloudDocs/Documents/VSCode/Tax-App-Frontend/node_modules/jest-circus/build/jestAdapterInit.js:1497:10)
            at _callCircusTest (/Users/ryan/Library/Mobile Documents/com~apple~CloudDocs/Documents/VSCode/Tax-App-Frontend/node_modules/jest-circus/build/jestAdapterInit.js:1007:40)
            at processTicksAndRejections (node:internal/process/task_queues:95:5)
            at _runTest (/Users/ryan/Library/Mobile Documents/com~apple~CloudDocs/Documents/VSCode/Tax-App-Frontend/node_modules/jest-circus/build/jestAdapterInit.js:947:3)
            at /Users/ryan/Library/Mobile Documents/com~apple~CloudDocs/Documents/VSCode/Tax-App-Frontend/node_modules/jest-circus/build/jestAdapterInit.js:849:7
            at _runTestsForDescribeBlock (/Users/ryan/Library/Mobile Documents/com~apple~CloudDocs/Documents/VSCode/Tax-App-Frontend/node_modules/jest-circus/build/jestAdapterInit.js:862:11)
            at _runTestsForDescribeBlock (/Users/ryan/Library/Mobile Documents/com~apple~CloudDocs/Documents/VSCode/Tax-App-Frontend/node_modules/jest-circus/build/jestAdapterInit.js:857:11)
            at _runTestsForDescribeBlock (/Users/ryan/Library/Mobile Documents/com~apple~CloudDocs/Documents/VSCode/Tax-App-Frontend/node_modules/jest-circus/build/jestAdapterInit.js:857:11)
            at run (/Users/ryan/Library/Mobile Documents/com~apple~CloudDocs/Documents/VSCode/Tax-App-Frontend/node_modules/jest-circus/build/jestAdapterInit.js:761:3)
            at runAndTransformResultsToJestFormat (/Users/ryan/Library/Mobile Documents/com~apple~CloudDocs/Documents/VSCode/Tax-App-Frontend/node_modules/jest-circus/build/jestAdapterInit.js:1918:21)
            at jestAdapter (/Users/ryan/Library/Mobile Documents/com~apple~CloudDocs/Documents/VSCode/Tax-App-Frontend/node_modules/jest-circus/build/runner.js:101:19)
            at runTestInternal (/Users/ryan/Library/Mobile Documents/com~apple~CloudDocs/Documents/VSCode/Tax-App-Frontend/node_modules/jest-runner/build/testWorker.js:275:16)
            at runTest (/Users/ryan/Library/Mobile Documents/com~apple~CloudDocs/Documents/VSCode/Tax-App-Frontend/node_modules/jest-runner/build/testWorker.js:343:7)
            at Object.worker (/Users/ryan/Library/Mobile Documents/com~apple~CloudDocs/Documents/VSCode/Tax-App-Frontend/node_modules/jest-runner/build/testWorker.js:497:12),
        type: 'unhandled exception'
      }

      160 |
      161 |     test('should increase title text size on desktop (sm:text-3xl)', () => {
    > 162 |       render(<LoginPageClient />);
          |             ^
      163 |
      164 |       const title = screen.getByRole('heading', { level: 1 });
      165 |       expect(title).toHaveClass('sm:text-3xl');

      at VirtualConsole.<anonymous> (node_modules/@jest/environment-jsdom-abstract/build/index.js:87:23)
      at reportException (node_modules/jsdom/lib/jsdom/living/helpers/runtime-script-errors.js:70:28)
      at innerInvokeEventListeners (node_modules/jsdom/lib/jsdom/living/events/EventTarget-impl.js:353:9)
      at invokeEventListeners (node_modules/jsdom/lib/jsdom/living/events/EventTarget-impl.js:286:3)
      at HTMLUnknownElementImpl._dispatch (node_modules/jsdom/lib/jsdom/living/events/EventTarget-impl.js:233:9)
      at HTMLUnknownElementImpl.dispatchEvent (node_modules/jsdom/lib/jsdom/living/events/EventTarget-impl.js:104:17)
      at HTMLUnknownElement.dispatchEvent (node_modules/jsdom/lib/jsdom/living/generated/EventTarget.js:241:34)
      at Object.invokeGuardedCallbackDev (node_modules/react-dom/cjs/react-dom.development.js:4213:16)
      at invokeGuardedCallback (node_modules/react-dom/cjs/react-dom.development.js:4277:31)
      at beginWork$1 (node_modules/react-dom/cjs/react-dom.development.js:27490:7)
      at performUnitOfWork (node_modules/react-dom/cjs/react-dom.development.js:26599:12)
      at workLoopSync (node_modules/react-dom/cjs/react-dom.development.js:26505:5)
      at renderRootSync (node_modules/react-dom/cjs/react-dom.development.js:26473:7)
      at performConcurrentWorkOnRoot (node_modules/react-dom/cjs/react-dom.development.js:25777:74)
      at flushActQueue (node_modules/react/cjs/react.development.js:2667:24)
      at act (node_modules/react/cjs/react.development.js:2582:11)
      at node_modules/@testing-library/react/dist/act-compat.js:46:25
      at renderRoot (node_modules/@testing-library/react/dist/pure.js:189:26)
      at render (node_modules/@testing-library/react/dist/pure.js:291:10)
      at Object.<anonymous> (src/app/login/responsive-layout.test.tsx:162:13)

    console.error
      Error: Uncaught [TypeError: Cannot read properties of undefined (reading 'state')]
          at reportException (/Users/ryan/Library/Mobile Documents/com~apple~CloudDocs/Documents/VSCode/Tax-App-Frontend/node_modules/jsdom/lib/jsdom/living/helpers/runtime-script-errors.js:66:24)
          at innerInvokeEventListeners (/Users/ryan/Library/Mobile Documents/com~apple~CloudDocs/Documents/VSCode/Tax-App-Frontend/node_modules/jsdom/lib/jsdom/living/events/EventTarget-impl.js:353:9)
          at invokeEventListeners (/Users/ryan/Library/Mobile Documents/com~apple~CloudDocs/Documents/VSCode/Tax-App-Frontend/node_modules/jsdom/lib/jsdom/living/events/EventTarget-impl.js:286:3)
          at HTMLUnknownElementImpl._dispatch (/Users/ryan/Library/Mobile Documents/com~apple~CloudDocs/Documents/VSCode/Tax-App-Frontend/node_modules/jsdom/lib/jsdom/living/events/EventTarget-impl.js:233:9)
          at HTMLUnknownElementImpl.dispatchEvent (/Users/ryan/Library/Mobile Documents/com~apple~CloudDocs/Documents/VSCode/Tax-App-Frontend/node_modules/jsdom/lib/jsdom/living/events/EventTarget-impl.js:104:17)
          at HTMLUnknownElement.dispatchEvent (/Users/ryan/Library/Mobile Documents/com~apple~CloudDocs/Documents/VSCode/Tax-App-Frontend/node_modules/jsdom/lib/jsdom/living/generated/EventTarget.js:241:34)
          at Object.invokeGuardedCallbackDev (/Users/ryan/Library/Mobile Documents/com~apple~CloudDocs/Documents/VSCode/Tax-App-Frontend/node_modules/react-dom/cjs/react-dom.development.js:4213:16)
          at invokeGuardedCallback (/Users/ryan/Library/Mobile Documents/com~apple~CloudDocs/Documents/VSCode/Tax-App-Frontend/node_modules/react-dom/cjs/react-dom.development.js:4277:31)
          at beginWork$1 (/Users/ryan/Library/Mobile Documents/com~apple~CloudDocs/Documents/VSCode/Tax-App-Frontend/node_modules/react-dom/cjs/react-dom.development.js:27490:7)
          at performUnitOfWork (/Users/ryan/Library/Mobile Documents/com~apple~CloudDocs/Documents/VSCode/Tax-App-Frontend/node_modules/react-dom/cjs/react-dom.development.js:26599:12)
          at workLoopSync (/Users/ryan/Library/Mobile Documents/com~apple~CloudDocs/Documents/VSCode/Tax-App-Frontend/node_modules/react-dom/cjs/react-dom.development.js:26505:5)
          at renderRootSync (/Users/ryan/Library/Mobile Documents/com~apple~CloudDocs/Documents/VSCode/Tax-App-Frontend/node_modules/react-dom/cjs/react-dom.development.js:26473:7)
          at recoverFromConcurrentError (/Users/ryan/Library/Mobile Documents/com~apple~CloudDocs/Documents/VSCode/Tax-App-Frontend/node_modules/react-dom/cjs/react-dom.development.js:25889:20)
          at performConcurrentWorkOnRoot (/Users/ryan/Library/Mobile Documents/com~apple~CloudDocs/Documents/VSCode/Tax-App-Frontend/node_modules/react-dom/cjs/react-dom.development.js:25789:22)
          at flushActQueue (/Users/ryan/Library/Mobile Documents/com~apple~CloudDocs/Documents/VSCode/Tax-App-Frontend/node_modules/react/cjs/react.development.js:2667:24)
          at act (/Users/ryan/Library/Mobile Documents/com~apple~CloudDocs/Documents/VSCode/Tax-App-Frontend/node_modules/react/cjs/react.development.js:2582:11)
          at /Users/ryan/Library/Mobile Documents/com~apple~CloudDocs/Documents/VSCode/Tax-App-Frontend/node_modules/@testing-library/react/dist/act-compat.js:46:25
          at renderRoot (/Users/ryan/Library/Mobile Documents/com~apple~CloudDocs/Documents/VSCode/Tax-App-Frontend/node_modules/@testing-library/react/dist/pure.js:189:26)
          at render (/Users/ryan/Library/Mobile Documents/com~apple~CloudDocs/Documents/VSCode/Tax-App-Frontend/node_modules/@testing-library/react/dist/pure.js:291:10)
          at Object.<anonymous> (/Users/ryan/Library/Mobile Documents/com~apple~CloudDocs/Documents/VSCode/Tax-App-Frontend/src/app/login/responsive-layout.test.tsx:162:13)
          at Promise.finally.completed (/Users/ryan/Library/Mobile Documents/com~apple~CloudDocs/Documents/VSCode/Tax-App-Frontend/node_modules/jest-circus/build/jestAdapterInit.js:1557:28)
          at new Promise (<anonymous>)
          at callAsyncCircusFn (/Users/ryan/Library/Mobile Documents/com~apple~CloudDocs/Documents/VSCode/Tax-App-Frontend/node_modules/jest-circus/build/jestAdapterInit.js:1497:10)
          at _callCircusTest (/Users/ryan/Library/Mobile Documents/com~apple~CloudDocs/Documents/VSCode/Tax-App-Frontend/node_modules/jest-circus/build/jestAdapterInit.js:1007:40)
          at processTicksAndRejections (node:internal/process/task_queues:95:5)
          at _runTest (/Users/ryan/Library/Mobile Documents/com~apple~CloudDocs/Documents/VSCode/Tax-App-Frontend/node_modules/jest-circus/build/jestAdapterInit.js:947:3)
          at /Users/ryan/Library/Mobile Documents/com~apple~CloudDocs/Documents/VSCode/Tax-App-Frontend/node_modules/jest-circus/build/jestAdapterInit.js:849:7
          at _runTestsForDescribeBlock (/Users/ryan/Library/Mobile Documents/com~apple~CloudDocs/Documents/VSCode/Tax-App-Frontend/node_modules/jest-circus/build/jestAdapterInit.js:862:11)
          at _runTestsForDescribeBlock (/Users/ryan/Library/Mobile Documents/com~apple~CloudDocs/Documents/VSCode/Tax-App-Frontend/node_modules/jest-circus/build/jestAdapterInit.js:857:11)
          at _runTestsForDescribeBlock (/Users/ryan/Library/Mobile Documents/com~apple~CloudDocs/Documents/VSCode/Tax-App-Frontend/node_modules/jest-circus/build/jestAdapterInit.js:857:11)
          at run (/Users/ryan/Library/Mobile Documents/com~apple~CloudDocs/Documents/VSCode/Tax-App-Frontend/node_modules/jest-circus/build/jestAdapterInit.js:761:3)
          at runAndTransformResultsToJestFormat (/Users/ryan/Library/Mobile Documents/com~apple~CloudDocs/Documents/VSCode/Tax-App-Frontend/node_modules/jest-circus/build/jestAdapterInit.js:1918:21)
          at jestAdapter (/Users/ryan/Library/Mobile Documents/com~apple~CloudDocs/Documents/VSCode/Tax-App-Frontend/node_modules/jest-circus/build/runner.js:101:19)
          at runTestInternal (/Users/ryan/Library/Mobile Documents/com~apple~CloudDocs/Documents/VSCode/Tax-App-Frontend/node_modules/jest-runner/build/testWorker.js:275:16)
          at runTest (/Users/ryan/Library/Mobile Documents/com~apple~CloudDocs/Documents/VSCode/Tax-App-Frontend/node_modules/jest-runner/build/testWorker.js:343:7)
          at Object.worker (/Users/ryan/Library/Mobile Documents/com~apple~CloudDocs/Documents/VSCode/Tax-App-Frontend/node_modules/jest-runner/build/testWorker.js:497:12) {
        detail: TypeError: Cannot read properties of undefined (reading 'state')
            at state (/Users/ryan/Library/Mobile Documents/com~apple~CloudDocs/Documents/VSCode/Tax-App-Frontend/src/components/LoginForm.tsx:93:15)
            at renderWithHooks (/Users/ryan/Library/Mobile Documents/com~apple~CloudDocs/Documents/VSCode/Tax-App-Frontend/node_modules/react-dom/cjs/react-dom.development.js:15486:18)
            at mountIndeterminateComponent (/Users/ryan/Library/Mobile Documents/com~apple~CloudDocs/Documents/VSCode/Tax-App-Frontend/node_modules/react-dom/cjs/react-dom.development.js:20103:13)
            at beginWork (/Users/ryan/Library/Mobile Documents/com~apple~CloudDocs/Documents/VSCode/Tax-App-Frontend/node_modules/react-dom/cjs/react-dom.development.js:21626:16)
            at HTMLUnknownElement.callCallback (/Users/ryan/Library/Mobile Documents/com~apple~CloudDocs/Documents/VSCode/Tax-App-Frontend/node_modules/react-dom/cjs/react-dom.development.js:4164:14)
            at HTMLUnknownElement.callTheUserObjectsOperation (/Users/ryan/Library/Mobile Documents/com~apple~CloudDocs/Documents/VSCode/Tax-App-Frontend/node_modules/jsdom/lib/jsdom/living/generated/EventListener.js:26:30)
            at innerInvokeEventListeners (/Users/ryan/Library/Mobile Documents/com~apple~CloudDocs/Documents/VSCode/Tax-App-Frontend/node_modules/jsdom/lib/jsdom/living/events/EventTarget-impl.js:350:25)
            at invokeEventListeners (/Users/ryan/Library/Mobile Documents/com~apple~CloudDocs/Documents/VSCode/Tax-App-Frontend/node_modules/jsdom/lib/jsdom/living/events/EventTarget-impl.js:286:3)
            at HTMLUnknownElementImpl._dispatch (/Users/ryan/Library/Mobile Documents/com~apple~CloudDocs/Documents/VSCode/Tax-App-Frontend/node_modules/jsdom/lib/jsdom/living/events/EventTarget-impl.js:233:9)
            at HTMLUnknownElementImpl.dispatchEvent (/Users/ryan/Library/Mobile Documents/com~apple~CloudDocs/Documents/VSCode/Tax-App-Frontend/node_modules/jsdom/lib/jsdom/living/events/EventTarget-impl.js:104:17)
            at HTMLUnknownElement.dispatchEvent (/Users/ryan/Library/Mobile Documents/com~apple~CloudDocs/Documents/VSCode/Tax-App-Frontend/node_modules/jsdom/lib/jsdom/living/generated/EventTarget.js:241:34)
            at Object.invokeGuardedCallbackDev (/Users/ryan/Library/Mobile Documents/com~apple~CloudDocs/Documents/VSCode/Tax-App-Frontend/node_modules/react-dom/cjs/react-dom.development.js:4213:16)
            at invokeGuardedCallback (/Users/ryan/Library/Mobile Documents/com~apple~CloudDocs/Documents/VSCode/Tax-App-Frontend/node_modules/react-dom/cjs/react-dom.development.js:4277:31)
            at beginWork$1 (/Users/ryan/Library/Mobile Documents/com~apple~CloudDocs/Documents/VSCode/Tax-App-Frontend/node_modules/react-dom/cjs/react-dom.development.js:27490:7)
            at performUnitOfWork (/Users/ryan/Library/Mobile Documents/com~apple~CloudDocs/Documents/VSCode/Tax-App-Frontend/node_modules/react-dom/cjs/react-dom.development.js:26599:12)
            at workLoopSync (/Users/ryan/Library/Mobile Documents/com~apple~CloudDocs/Documents/VSCode/Tax-App-Frontend/node_modules/react-dom/cjs/react-dom.development.js:26505:5)
            at renderRootSync (/Users/ryan/Library/Mobile Documents/com~apple~CloudDocs/Documents/VSCode/Tax-App-Frontend/node_modules/react-dom/cjs/react-dom.development.js:26473:7)
            at recoverFromConcurrentError (/Users/ryan/Library/Mobile Documents/com~apple~CloudDocs/Documents/VSCode/Tax-App-Frontend/node_modules/react-dom/cjs/react-dom.development.js:25889:20)
            at performConcurrentWorkOnRoot (/Users/ryan/Library/Mobile Documents/com~apple~CloudDocs/Documents/VSCode/Tax-App-Frontend/node_modules/react-dom/cjs/react-dom.development.js:25789:22)
            at flushActQueue (/Users/ryan/Library/Mobile Documents/com~apple~CloudDocs/Documents/VSCode/Tax-App-Frontend/node_modules/react/cjs/react.development.js:2667:24)
            at act (/Users/ryan/Library/Mobile Documents/com~apple~CloudDocs/Documents/VSCode/Tax-App-Frontend/node_modules/react/cjs/react.development.js:2582:11)
            at /Users/ryan/Library/Mobile Documents/com~apple~CloudDocs/Documents/VSCode/Tax-App-Frontend/node_modules/@testing-library/react/dist/act-compat.js:46:25
            at renderRoot (/Users/ryan/Library/Mobile Documents/com~apple~CloudDocs/Documents/VSCode/Tax-App-Frontend/node_modules/@testing-library/react/dist/pure.js:189:26)
            at render (/Users/ryan/Library/Mobile Documents/com~apple~CloudDocs/Documents/VSCode/Tax-App-Frontend/node_modules/@testing-library/react/dist/pure.js:291:10)
            at Object.<anonymous> (/Users/ryan/Library/Mobile Documents/com~apple~CloudDocs/Documents/VSCode/Tax-App-Frontend/src/app/login/responsive-layout.test.tsx:162:13)
            at Promise.finally.completed (/Users/ryan/Library/Mobile Documents/com~apple~CloudDocs/Documents/VSCode/Tax-App-Frontend/node_modules/jest-circus/build/jestAdapterInit.js:1557:28)
            at new Promise (<anonymous>)
            at callAsyncCircusFn (/Users/ryan/Library/Mobile Documents/com~apple~CloudDocs/Documents/VSCode/Tax-App-Frontend/node_modules/jest-circus/build/jestAdapterInit.js:1497:10)
            at _callCircusTest (/Users/ryan/Library/Mobile Documents/com~apple~CloudDocs/Documents/VSCode/Tax-App-Frontend/node_modules/jest-circus/build/jestAdapterInit.js:1007:40)
            at processTicksAndRejections (node:internal/process/task_queues:95:5)
            at _runTest (/Users/ryan/Library/Mobile Documents/com~apple~CloudDocs/Documents/VSCode/Tax-App-Frontend/node_modules/jest-circus/build/jestAdapterInit.js:947:3)
            at /Users/ryan/Library/Mobile Documents/com~apple~CloudDocs/Documents/VSCode/Tax-App-Frontend/node_modules/jest-circus/build/jestAdapterInit.js:849:7
            at _runTestsForDescribeBlock (/Users/ryan/Library/Mobile Documents/com~apple~CloudDocs/Documents/VSCode/Tax-App-Frontend/node_modules/jest-circus/build/jestAdapterInit.js:862:11)
            at _runTestsForDescribeBlock (/Users/ryan/Library/Mobile Documents/com~apple~CloudDocs/Documents/VSCode/Tax-App-Frontend/node_modules/jest-circus/build/jestAdapterInit.js:857:11)
            at _runTestsForDescribeBlock (/Users/ryan/Library/Mobile Documents/com~apple~CloudDocs/Documents/VSCode/Tax-App-Frontend/node_modules/jest-circus/build/jestAdapterInit.js:857:11)
            at run (/Users/ryan/Library/Mobile Documents/com~apple~CloudDocs/Documents/VSCode/Tax-App-Frontend/node_modules/jest-circus/build/jestAdapterInit.js:761:3)
            at runAndTransformResultsToJestFormat (/Users/ryan/Library/Mobile Documents/com~apple~CloudDocs/Documents/VSCode/Tax-App-Frontend/node_modules/jest-circus/build/jestAdapterInit.js:1918:21)
            at jestAdapter (/Users/ryan/Library/Mobile Documents/com~apple~CloudDocs/Documents/VSCode/Tax-App-Frontend/node_modules/jest-circus/build/runner.js:101:19)
            at runTestInternal (/Users/ryan/Library/Mobile Documents/com~apple~CloudDocs/Documents/VSCode/Tax-App-Frontend/node_modules/jest-runner/build/testWorker.js:275:16)
            at runTest (/Users/ryan/Library/Mobile Documents/com~apple~CloudDocs/Documents/VSCode/Tax-App-Frontend/node_modules/jest-runner/build/testWorker.js:343:7)
            at Object.worker (/Users/ryan/Library/Mobile Documents/com~apple~CloudDocs/Documents/VSCode/Tax-App-Frontend/node_modules/jest-runner/build/testWorker.js:497:12),
        type: 'unhandled exception'
      }

      160 |
      161 |     test('should increase title text size on desktop (sm:text-3xl)', () => {
    > 162 |       render(<LoginPageClient />);
          |             ^
      163 |
      164 |       const title = screen.getByRole('heading', { level: 1 });
      165 |       expect(title).toHaveClass('sm:text-3xl');

      at VirtualConsole.<anonymous> (node_modules/@jest/environment-jsdom-abstract/build/index.js:87:23)
      at reportException (node_modules/jsdom/lib/jsdom/living/helpers/runtime-script-errors.js:70:28)
      at innerInvokeEventListeners (node_modules/jsdom/lib/jsdom/living/events/EventTarget-impl.js:353:9)
      at invokeEventListeners (node_modules/jsdom/lib/jsdom/living/events/EventTarget-impl.js:286:3)
      at HTMLUnknownElementImpl._dispatch (node_modules/jsdom/lib/jsdom/living/events/EventTarget-impl.js:233:9)
      at HTMLUnknownElementImpl.dispatchEvent (node_modules/jsdom/lib/jsdom/living/events/EventTarget-impl.js:104:17)
      at HTMLUnknownElement.dispatchEvent (node_modules/jsdom/lib/jsdom/living/generated/EventTarget.js:241:34)
      at Object.invokeGuardedCallbackDev (node_modules/react-dom/cjs/react-dom.development.js:4213:16)
      at invokeGuardedCallback (node_modules/react-dom/cjs/react-dom.development.js:4277:31)
      at beginWork$1 (node_modules/react-dom/cjs/react-dom.development.js:27490:7)
      at performUnitOfWork (node_modules/react-dom/cjs/react-dom.development.js:26599:12)
      at workLoopSync (node_modules/react-dom/cjs/react-dom.development.js:26505:5)
      at renderRootSync (node_modules/react-dom/cjs/react-dom.development.js:26473:7)
      at recoverFromConcurrentError (node_modules/react-dom/cjs/react-dom.development.js:25889:20)
      at performConcurrentWorkOnRoot (node_modules/react-dom/cjs/react-dom.development.js:25789:22)
      at flushActQueue (node_modules/react/cjs/react.development.js:2667:24)
      at act (node_modules/react/cjs/react.development.js:2582:11)
      at node_modules/@testing-library/react/dist/act-compat.js:46:25
      at renderRoot (node_modules/@testing-library/react/dist/pure.js:189:26)
      at render (node_modules/@testing-library/react/dist/pure.js:291:10)
      at Object.<anonymous> (src/app/login/responsive-layout.test.tsx:162:13)

    console.error
      The above error occurred in the <LoginForm> component:
      
          at className (/Users/ryan/Library/Mobile Documents/com~apple~CloudDocs/Documents/VSCode/Tax-App-Frontend/src/components/LoginForm.tsx:45:29)
          at div
          at children (/Users/ryan/Library/Mobile Documents/com~apple~CloudDocs/Documents/VSCode/Tax-App-Frontend/src/app/login/responsive-layout.test.tsx:62:19)
          at div
          at children (/Users/ryan/Library/Mobile Documents/com~apple~CloudDocs/Documents/VSCode/Tax-App-Frontend/src/app/login/responsive-layout.test.tsx:52:12)
          at div
          at div
          at div
          at children (/Users/ryan/Library/Mobile Documents/com~apple~CloudDocs/Documents/VSCode/Tax-App-Frontend/src/app/login/responsive-layout.test.tsx:47:21)
          at callbackUrl (/Users/ryan/Library/Mobile Documents/com~apple~CloudDocs/Documents/VSCode/Tax-App-Frontend/src/app/login/LoginPageClient.tsx:49:43)
      
      Consider adding an error boundary to your tree to customize error handling behavior.
      Visit https://reactjs.org/link/error-boundaries to learn more about error boundaries.

      160 |
      161 |     test('should increase title text size on desktop (sm:text-3xl)', () => {
    > 162 |       render(<LoginPageClient />);
          |             ^
      163 |
      164 |       const title = screen.getByRole('heading', { level: 1 });
      165 |       expect(title).toHaveClass('sm:text-3xl');

      at logCapturedError (node_modules/react-dom/cjs/react-dom.development.js:18704:23)
      at update.callback (node_modules/react-dom/cjs/react-dom.development.js:18737:5)
      at callCallback (node_modules/react-dom/cjs/react-dom.development.js:15036:12)
      at commitUpdateQueue (node_modules/react-dom/cjs/react-dom.development.js:15057:9)
      at commitLayoutEffectOnFiber (node_modules/react-dom/cjs/react-dom.development.js:23430:13)
      at commitLayoutMountEffects_complete (node_modules/react-dom/cjs/react-dom.development.js:24727:9)
      at commitLayoutEffects_begin (node_modules/react-dom/cjs/react-dom.development.js:24713:7)
      at commitLayoutEffects (node_modules/react-dom/cjs/react-dom.development.js:24651:3)
      at commitRootImpl (node_modules/react-dom/cjs/react-dom.development.js:26862:5)
      at commitRoot (node_modules/react-dom/cjs/react-dom.development.js:26721:5)
      at finishConcurrentRender (node_modules/react-dom/cjs/react-dom.development.js:25931:9)
      at performConcurrentWorkOnRoot (node_modules/react-dom/cjs/react-dom.development.js:25848:7)
      at flushActQueue (node_modules/react/cjs/react.development.js:2667:24)
      at act (node_modules/react/cjs/react.development.js:2582:11)
      at node_modules/@testing-library/react/dist/act-compat.js:46:25
      at renderRoot (node_modules/@testing-library/react/dist/pure.js:189:26)
      at render (node_modules/@testing-library/react/dist/pure.js:291:10)
      at Object.<anonymous> (src/app/login/responsive-layout.test.tsx:162:13)

    console.error
      Error: Uncaught [TypeError: Cannot read properties of undefined (reading 'state')]
          at reportException (/Users/ryan/Library/Mobile Documents/com~apple~CloudDocs/Documents/VSCode/Tax-App-Frontend/node_modules/jsdom/lib/jsdom/living/helpers/runtime-script-errors.js:66:24)
          at innerInvokeEventListeners (/Users/ryan/Library/Mobile Documents/com~apple~CloudDocs/Documents/VSCode/Tax-App-Frontend/node_modules/jsdom/lib/jsdom/living/events/EventTarget-impl.js:353:9)
          at invokeEventListeners (/Users/ryan/Library/Mobile Documents/com~apple~CloudDocs/Documents/VSCode/Tax-App-Frontend/node_modules/jsdom/lib/jsdom/living/events/EventTarget-impl.js:286:3)
          at HTMLUnknownElementImpl._dispatch (/Users/ryan/Library/Mobile Documents/com~apple~CloudDocs/Documents/VSCode/Tax-App-Frontend/node_modules/jsdom/lib/jsdom/living/events/EventTarget-impl.js:233:9)
          at HTMLUnknownElementImpl.dispatchEvent (/Users/ryan/Library/Mobile Documents/com~apple~CloudDocs/Documents/VSCode/Tax-App-Frontend/node_modules/jsdom/lib/jsdom/living/events/EventTarget-impl.js:104:17)
          at HTMLUnknownElement.dispatchEvent (/Users/ryan/Library/Mobile Documents/com~apple~CloudDocs/Documents/VSCode/Tax-App-Frontend/node_modules/jsdom/lib/jsdom/living/generated/EventTarget.js:241:34)
          at Object.invokeGuardedCallbackDev (/Users/ryan/Library/Mobile Documents/com~apple~CloudDocs/Documents/VSCode/Tax-App-Frontend/node_modules/react-dom/cjs/react-dom.development.js:4213:16)
          at invokeGuardedCallback (/Users/ryan/Library/Mobile Documents/com~apple~CloudDocs/Documents/VSCode/Tax-App-Frontend/node_modules/react-dom/cjs/react-dom.development.js:4277:31)
          at beginWork$1 (/Users/ryan/Library/Mobile Documents/com~apple~CloudDocs/Documents/VSCode/Tax-App-Frontend/node_modules/react-dom/cjs/react-dom.development.js:27490:7)
          at performUnitOfWork (/Users/ryan/Library/Mobile Documents/com~apple~CloudDocs/Documents/VSCode/Tax-App-Frontend/node_modules/react-dom/cjs/react-dom.development.js:26599:12)
          at workLoopSync (/Users/ryan/Library/Mobile Documents/com~apple~CloudDocs/Documents/VSCode/Tax-App-Frontend/node_modules/react-dom/cjs/react-dom.development.js:26505:5)
          at renderRootSync (/Users/ryan/Library/Mobile Documents/com~apple~CloudDocs/Documents/VSCode/Tax-App-Frontend/node_modules/react-dom/cjs/react-dom.development.js:26473:7)
          at performConcurrentWorkOnRoot (/Users/ryan/Library/Mobile Documents/com~apple~CloudDocs/Documents/VSCode/Tax-App-Frontend/node_modules/react-dom/cjs/react-dom.development.js:25777:74)
          at flushActQueue (/Users/ryan/Library/Mobile Documents/com~apple~CloudDocs/Documents/VSCode/Tax-App-Frontend/node_modules/react/cjs/react.development.js:2667:24)
          at act (/Users/ryan/Library/Mobile Documents/com~apple~CloudDocs/Documents/VSCode/Tax-App-Frontend/node_modules/react/cjs/react.development.js:2582:11)
          at /Users/ryan/Library/Mobile Documents/com~apple~CloudDocs/Documents/VSCode/Tax-App-Frontend/node_modules/@testing-library/react/dist/act-compat.js:46:25
          at renderRoot (/Users/ryan/Library/Mobile Documents/com~apple~CloudDocs/Documents/VSCode/Tax-App-Frontend/node_modules/@testing-library/react/dist/pure.js:189:26)
          at render (/Users/ryan/Library/Mobile Documents/com~apple~CloudDocs/Documents/VSCode/Tax-App-Frontend/node_modules/@testing-library/react/dist/pure.js:291:10)
          at Object.<anonymous> (/Users/ryan/Library/Mobile Documents/com~apple~CloudDocs/Documents/VSCode/Tax-App-Frontend/src/app/login/responsive-layout.test.tsx:169:13)
          at Promise.finally.completed (/Users/ryan/Library/Mobile Documents/com~apple~CloudDocs/Documents/VSCode/Tax-App-Frontend/node_modules/jest-circus/build/jestAdapterInit.js:1557:28)
          at new Promise (<anonymous>)
          at callAsyncCircusFn (/Users/ryan/Library/Mobile Documents/com~apple~CloudDocs/Documents/VSCode/Tax-App-Frontend/node_modules/jest-circus/build/jestAdapterInit.js:1497:10)
          at _callCircusTest (/Users/ryan/Library/Mobile Documents/com~apple~CloudDocs/Documents/VSCode/Tax-App-Frontend/node_modules/jest-circus/build/jestAdapterInit.js:1007:40)
          at processTicksAndRejections (node:internal/process/task_queues:95:5)
          at _runTest (/Users/ryan/Library/Mobile Documents/com~apple~CloudDocs/Documents/VSCode/Tax-App-Frontend/node_modules/jest-circus/build/jestAdapterInit.js:947:3)
          at /Users/ryan/Library/Mobile Documents/com~apple~CloudDocs/Documents/VSCode/Tax-App-Frontend/node_modules/jest-circus/build/jestAdapterInit.js:849:7
          at _runTestsForDescribeBlock (/Users/ryan/Library/Mobile Documents/com~apple~CloudDocs/Documents/VSCode/Tax-App-Frontend/node_modules/jest-circus/build/jestAdapterInit.js:862:11)
          at _runTestsForDescribeBlock (/Users/ryan/Library/Mobile Documents/com~apple~CloudDocs/Documents/VSCode/Tax-App-Frontend/node_modules/jest-circus/build/jestAdapterInit.js:857:11)
          at _runTestsForDescribeBlock (/Users/ryan/Library/Mobile Documents/com~apple~CloudDocs/Documents/VSCode/Tax-App-Frontend/node_modules/jest-circus/build/jestAdapterInit.js:857:11)
          at run (/Users/ryan/Library/Mobile Documents/com~apple~CloudDocs/Documents/VSCode/Tax-App-Frontend/node_modules/jest-circus/build/jestAdapterInit.js:761:3)
          at runAndTransformResultsToJestFormat (/Users/ryan/Library/Mobile Documents/com~apple~CloudDocs/Documents/VSCode/Tax-App-Frontend/node_modules/jest-circus/build/jestAdapterInit.js:1918:21)
          at jestAdapter (/Users/ryan/Library/Mobile Documents/com~apple~CloudDocs/Documents/VSCode/Tax-App-Frontend/node_modules/jest-circus/build/runner.js:101:19)
          at runTestInternal (/Users/ryan/Library/Mobile Documents/com~apple~CloudDocs/Documents/VSCode/Tax-App-Frontend/node_modules/jest-runner/build/testWorker.js:275:16)
          at runTest (/Users/ryan/Library/Mobile Documents/com~apple~CloudDocs/Documents/VSCode/Tax-App-Frontend/node_modules/jest-runner/build/testWorker.js:343:7)
          at Object.worker (/Users/ryan/Library/Mobile Documents/com~apple~CloudDocs/Documents/VSCode/Tax-App-Frontend/node_modules/jest-runner/build/testWorker.js:497:12) {
        detail: TypeError: Cannot read properties of undefined (reading 'state')
            at state (/Users/ryan/Library/Mobile Documents/com~apple~CloudDocs/Documents/VSCode/Tax-App-Frontend/src/components/LoginForm.tsx:93:15)
            at renderWithHooks (/Users/ryan/Library/Mobile Documents/com~apple~CloudDocs/Documents/VSCode/Tax-App-Frontend/node_modules/react-dom/cjs/react-dom.development.js:15486:18)
            at mountIndeterminateComponent (/Users/ryan/Library/Mobile Documents/com~apple~CloudDocs/Documents/VSCode/Tax-App-Frontend/node_modules/react-dom/cjs/react-dom.development.js:20103:13)
            at beginWork (/Users/ryan/Library/Mobile Documents/com~apple~CloudDocs/Documents/VSCode/Tax-App-Frontend/node_modules/react-dom/cjs/react-dom.development.js:21626:16)
            at HTMLUnknownElement.callCallback (/Users/ryan/Library/Mobile Documents/com~apple~CloudDocs/Documents/VSCode/Tax-App-Frontend/node_modules/react-dom/cjs/react-dom.development.js:4164:14)
            at HTMLUnknownElement.callTheUserObjectsOperation (/Users/ryan/Library/Mobile Documents/com~apple~CloudDocs/Documents/VSCode/Tax-App-Frontend/node_modules/jsdom/lib/jsdom/living/generated/EventListener.js:26:30)
            at innerInvokeEventListeners (/Users/ryan/Library/Mobile Documents/com~apple~CloudDocs/Documents/VSCode/Tax-App-Frontend/node_modules/jsdom/lib/jsdom/living/events/EventTarget-impl.js:350:25)
            at invokeEventListeners (/Users/ryan/Library/Mobile Documents/com~apple~CloudDocs/Documents/VSCode/Tax-App-Frontend/node_modules/jsdom/lib/jsdom/living/events/EventTarget-impl.js:286:3)
            at HTMLUnknownElementImpl._dispatch (/Users/ryan/Library/Mobile Documents/com~apple~CloudDocs/Documents/VSCode/Tax-App-Frontend/node_modules/jsdom/lib/jsdom/living/events/EventTarget-impl.js:233:9)
            at HTMLUnknownElementImpl.dispatchEvent (/Users/ryan/Library/Mobile Documents/com~apple~CloudDocs/Documents/VSCode/Tax-App-Frontend/node_modules/jsdom/lib/jsdom/living/events/EventTarget-impl.js:104:17)
            at HTMLUnknownElement.dispatchEvent (/Users/ryan/Library/Mobile Documents/com~apple~CloudDocs/Documents/VSCode/Tax-App-Frontend/node_modules/jsdom/lib/jsdom/living/generated/EventTarget.js:241:34)
            at Object.invokeGuardedCallbackDev (/Users/ryan/Library/Mobile Documents/com~apple~CloudDocs/Documents/VSCode/Tax-App-Frontend/node_modules/react-dom/cjs/react-dom.development.js:4213:16)
            at invokeGuardedCallback (/Users/ryan/Library/Mobile Documents/com~apple~CloudDocs/Documents/VSCode/Tax-App-Frontend/node_modules/react-dom/cjs/react-dom.development.js:4277:31)
            at beginWork$1 (/Users/ryan/Library/Mobile Documents/com~apple~CloudDocs/Documents/VSCode/Tax-App-Frontend/node_modules/react-dom/cjs/react-dom.development.js:27490:7)
            at performUnitOfWork (/Users/ryan/Library/Mobile Documents/com~apple~CloudDocs/Documents/VSCode/Tax-App-Frontend/node_modules/react-dom/cjs/react-dom.development.js:26599:12)
            at workLoopSync (/Users/ryan/Library/Mobile Documents/com~apple~CloudDocs/Documents/VSCode/Tax-App-Frontend/node_modules/react-dom/cjs/react-dom.development.js:26505:5)
            at renderRootSync (/Users/ryan/Library/Mobile Documents/com~apple~CloudDocs/Documents/VSCode/Tax-App-Frontend/node_modules/react-dom/cjs/react-dom.development.js:26473:7)
            at performConcurrentWorkOnRoot (/Users/ryan/Library/Mobile Documents/com~apple~CloudDocs/Documents/VSCode/Tax-App-Frontend/node_modules/react-dom/cjs/react-dom.development.js:25777:74)
            at flushActQueue (/Users/ryan/Library/Mobile Documents/com~apple~CloudDocs/Documents/VSCode/Tax-App-Frontend/node_modules/react/cjs/react.development.js:2667:24)
            at act (/Users/ryan/Library/Mobile Documents/com~apple~CloudDocs/Documents/VSCode/Tax-App-Frontend/node_modules/react/cjs/react.development.js:2582:11)
            at /Users/ryan/Library/Mobile Documents/com~apple~CloudDocs/Documents/VSCode/Tax-App-Frontend/node_modules/@testing-library/react/dist/act-compat.js:46:25
            at renderRoot (/Users/ryan/Library/Mobile Documents/com~apple~CloudDocs/Documents/VSCode/Tax-App-Frontend/node_modules/@testing-library/react/dist/pure.js:189:26)
            at render (/Users/ryan/Library/Mobile Documents/com~apple~CloudDocs/Documents/VSCode/Tax-App-Frontend/node_modules/@testing-library/react/dist/pure.js:291:10)
            at Object.<anonymous> (/Users/ryan/Library/Mobile Documents/com~apple~CloudDocs/Documents/VSCode/Tax-App-Frontend/src/app/login/responsive-layout.test.tsx:169:13)
            at Promise.finally.completed (/Users/ryan/Library/Mobile Documents/com~apple~CloudDocs/Documents/VSCode/Tax-App-Frontend/node_modules/jest-circus/build/jestAdapterInit.js:1557:28)
            at new Promise (<anonymous>)
            at callAsyncCircusFn (/Users/ryan/Library/Mobile Documents/com~apple~CloudDocs/Documents/VSCode/Tax-App-Frontend/node_modules/jest-circus/build/jestAdapterInit.js:1497:10)
            at _callCircusTest (/Users/ryan/Library/Mobile Documents/com~apple~CloudDocs/Documents/VSCode/Tax-App-Frontend/node_modules/jest-circus/build/jestAdapterInit.js:1007:40)
            at processTicksAndRejections (node:internal/process/task_queues:95:5)
            at _runTest (/Users/ryan/Library/Mobile Documents/com~apple~CloudDocs/Documents/VSCode/Tax-App-Frontend/node_modules/jest-circus/build/jestAdapterInit.js:947:3)
            at /Users/ryan/Library/Mobile Documents/com~apple~CloudDocs/Documents/VSCode/Tax-App-Frontend/node_modules/jest-circus/build/jestAdapterInit.js:849:7
            at _runTestsForDescribeBlock (/Users/ryan/Library/Mobile Documents/com~apple~CloudDocs/Documents/VSCode/Tax-App-Frontend/node_modules/jest-circus/build/jestAdapterInit.js:862:11)
            at _runTestsForDescribeBlock (/Users/ryan/Library/Mobile Documents/com~apple~CloudDocs/Documents/VSCode/Tax-App-Frontend/node_modules/jest-circus/build/jestAdapterInit.js:857:11)
            at _runTestsForDescribeBlock (/Users/ryan/Library/Mobile Documents/com~apple~CloudDocs/Documents/VSCode/Tax-App-Frontend/node_modules/jest-circus/build/jestAdapterInit.js:857:11)
            at run (/Users/ryan/Library/Mobile Documents/com~apple~CloudDocs/Documents/VSCode/Tax-App-Frontend/node_modules/jest-circus/build/jestAdapterInit.js:761:3)
            at runAndTransformResultsToJestFormat (/Users/ryan/Library/Mobile Documents/com~apple~CloudDocs/Documents/VSCode/Tax-App-Frontend/node_modules/jest-circus/build/jestAdapterInit.js:1918:21)
            at jestAdapter (/Users/ryan/Library/Mobile Documents/com~apple~CloudDocs/Documents/VSCode/Tax-App-Frontend/node_modules/jest-circus/build/runner.js:101:19)
            at runTestInternal (/Users/ryan/Library/Mobile Documents/com~apple~CloudDocs/Documents/VSCode/Tax-App-Frontend/node_modules/jest-runner/build/testWorker.js:275:16)
            at runTest (/Users/ryan/Library/Mobile Documents/com~apple~CloudDocs/Documents/VSCode/Tax-App-Frontend/node_modules/jest-runner/build/testWorker.js:343:7)
            at Object.worker (/Users/ryan/Library/Mobile Documents/com~apple~CloudDocs/Documents/VSCode/Tax-App-Frontend/node_modules/jest-runner/build/testWorker.js:497:12),
        type: 'unhandled exception'
      }

      167 |
      168 |     test('should increase description text size on desktop (sm:text-base)', () => {
    > 169 |       render(<LoginPageClient />);
          |             ^
      170 |
      171 |       const description = screen.getByText(/Enter your credentials/i);
      172 |       expect(description).toHaveClass('sm:text-base');

      at VirtualConsole.<anonymous> (node_modules/@jest/environment-jsdom-abstract/build/index.js:87:23)
      at reportException (node_modules/jsdom/lib/jsdom/living/helpers/runtime-script-errors.js:70:28)
      at innerInvokeEventListeners (node_modules/jsdom/lib/jsdom/living/events/EventTarget-impl.js:353:9)
      at invokeEventListeners (node_modules/jsdom/lib/jsdom/living/events/EventTarget-impl.js:286:3)
      at HTMLUnknownElementImpl._dispatch (node_modules/jsdom/lib/jsdom/living/events/EventTarget-impl.js:233:9)
      at HTMLUnknownElementImpl.dispatchEvent (node_modules/jsdom/lib/jsdom/living/events/EventTarget-impl.js:104:17)
      at HTMLUnknownElement.dispatchEvent (node_modules/jsdom/lib/jsdom/living/generated/EventTarget.js:241:34)
      at Object.invokeGuardedCallbackDev (node_modules/react-dom/cjs/react-dom.development.js:4213:16)
      at invokeGuardedCallback (node_modules/react-dom/cjs/react-dom.development.js:4277:31)
      at beginWork$1 (node_modules/react-dom/cjs/react-dom.development.js:27490:7)
      at performUnitOfWork (node_modules/react-dom/cjs/react-dom.development.js:26599:12)
      at workLoopSync (node_modules/react-dom/cjs/react-dom.development.js:26505:5)
      at renderRootSync (node_modules/react-dom/cjs/react-dom.development.js:26473:7)
      at performConcurrentWorkOnRoot (node_modules/react-dom/cjs/react-dom.development.js:25777:74)
      at flushActQueue (node_modules/react/cjs/react.development.js:2667:24)
      at act (node_modules/react/cjs/react.development.js:2582:11)
      at node_modules/@testing-library/react/dist/act-compat.js:46:25
      at renderRoot (node_modules/@testing-library/react/dist/pure.js:189:26)
      at render (node_modules/@testing-library/react/dist/pure.js:291:10)
      at Object.<anonymous> (src/app/login/responsive-layout.test.tsx:169:13)

    console.error
      Error: Uncaught [TypeError: Cannot read properties of undefined (reading 'state')]
          at reportException (/Users/ryan/Library/Mobile Documents/com~apple~CloudDocs/Documents/VSCode/Tax-App-Frontend/node_modules/jsdom/lib/jsdom/living/helpers/runtime-script-errors.js:66:24)
          at innerInvokeEventListeners (/Users/ryan/Library/Mobile Documents/com~apple~CloudDocs/Documents/VSCode/Tax-App-Frontend/node_modules/jsdom/lib/jsdom/living/events/EventTarget-impl.js:353:9)
          at invokeEventListeners (/Users/ryan/Library/Mobile Documents/com~apple~CloudDocs/Documents/VSCode/Tax-App-Frontend/node_modules/jsdom/lib/jsdom/living/events/EventTarget-impl.js:286:3)
          at HTMLUnknownElementImpl._dispatch (/Users/ryan/Library/Mobile Documents/com~apple~CloudDocs/Documents/VSCode/Tax-App-Frontend/node_modules/jsdom/lib/jsdom/living/events/EventTarget-impl.js:233:9)
          at HTMLUnknownElementImpl.dispatchEvent (/Users/ryan/Library/Mobile Documents/com~apple~CloudDocs/Documents/VSCode/Tax-App-Frontend/node_modules/jsdom/lib/jsdom/living/events/EventTarget-impl.js:104:17)
          at HTMLUnknownElement.dispatchEvent (/Users/ryan/Library/Mobile Documents/com~apple~CloudDocs/Documents/VSCode/Tax-App-Frontend/node_modules/jsdom/lib/jsdom/living/generated/EventTarget.js:241:34)
          at Object.invokeGuardedCallbackDev (/Users/ryan/Library/Mobile Documents/com~apple~CloudDocs/Documents/VSCode/Tax-App-Frontend/node_modules/react-dom/cjs/react-dom.development.js:4213:16)
          at invokeGuardedCallback (/Users/ryan/Library/Mobile Documents/com~apple~CloudDocs/Documents/VSCode/Tax-App-Frontend/node_modules/react-dom/cjs/react-dom.development.js:4277:31)
          at beginWork$1 (/Users/ryan/Library/Mobile Documents/com~apple~CloudDocs/Documents/VSCode/Tax-App-Frontend/node_modules/react-dom/cjs/react-dom.development.js:27490:7)
          at performUnitOfWork (/Users/ryan/Library/Mobile Documents/com~apple~CloudDocs/Documents/VSCode/Tax-App-Frontend/node_modules/react-dom/cjs/react-dom.development.js:26599:12)
          at workLoopSync (/Users/ryan/Library/Mobile Documents/com~apple~CloudDocs/Documents/VSCode/Tax-App-Frontend/node_modules/react-dom/cjs/react-dom.development.js:26505:5)
          at renderRootSync (/Users/ryan/Library/Mobile Documents/com~apple~CloudDocs/Documents/VSCode/Tax-App-Frontend/node_modules/react-dom/cjs/react-dom.development.js:26473:7)
          at recoverFromConcurrentError (/Users/ryan/Library/Mobile Documents/com~apple~CloudDocs/Documents/VSCode/Tax-App-Frontend/node_modules/react-dom/cjs/react-dom.development.js:25889:20)
          at performConcurrentWorkOnRoot (/Users/ryan/Library/Mobile Documents/com~apple~CloudDocs/Documents/VSCode/Tax-App-Frontend/node_modules/react-dom/cjs/react-dom.development.js:25789:22)
          at flushActQueue (/Users/ryan/Library/Mobile Documents/com~apple~CloudDocs/Documents/VSCode/Tax-App-Frontend/node_modules/react/cjs/react.development.js:2667:24)
          at act (/Users/ryan/Library/Mobile Documents/com~apple~CloudDocs/Documents/VSCode/Tax-App-Frontend/node_modules/react/cjs/react.development.js:2582:11)
          at /Users/ryan/Library/Mobile Documents/com~apple~CloudDocs/Documents/VSCode/Tax-App-Frontend/node_modules/@testing-library/react/dist/act-compat.js:46:25
          at renderRoot (/Users/ryan/Library/Mobile Documents/com~apple~CloudDocs/Documents/VSCode/Tax-App-Frontend/node_modules/@testing-library/react/dist/pure.js:189:26)
          at render (/Users/ryan/Library/Mobile Documents/com~apple~CloudDocs/Documents/VSCode/Tax-App-Frontend/node_modules/@testing-library/react/dist/pure.js:291:10)
          at Object.<anonymous> (/Users/ryan/Library/Mobile Documents/com~apple~CloudDocs/Documents/VSCode/Tax-App-Frontend/src/app/login/responsive-layout.test.tsx:169:13)
          at Promise.finally.completed (/Users/ryan/Library/Mobile Documents/com~apple~CloudDocs/Documents/VSCode/Tax-App-Frontend/node_modules/jest-circus/build/jestAdapterInit.js:1557:28)
          at new Promise (<anonymous>)
          at callAsyncCircusFn (/Users/ryan/Library/Mobile Documents/com~apple~CloudDocs/Documents/VSCode/Tax-App-Frontend/node_modules/jest-circus/build/jestAdapterInit.js:1497:10)
          at _callCircusTest (/Users/ryan/Library/Mobile Documents/com~apple~CloudDocs/Documents/VSCode/Tax-App-Frontend/node_modules/jest-circus/build/jestAdapterInit.js:1007:40)
          at processTicksAndRejections (node:internal/process/task_queues:95:5)
          at _runTest (/Users/ryan/Library/Mobile Documents/com~apple~CloudDocs/Documents/VSCode/Tax-App-Frontend/node_modules/jest-circus/build/jestAdapterInit.js:947:3)
          at /Users/ryan/Library/Mobile Documents/com~apple~CloudDocs/Documents/VSCode/Tax-App-Frontend/node_modules/jest-circus/build/jestAdapterInit.js:849:7
          at _runTestsForDescribeBlock (/Users/ryan/Library/Mobile Documents/com~apple~CloudDocs/Documents/VSCode/Tax-App-Frontend/node_modules/jest-circus/build/jestAdapterInit.js:862:11)
          at _runTestsForDescribeBlock (/Users/ryan/Library/Mobile Documents/com~apple~CloudDocs/Documents/VSCode/Tax-App-Frontend/node_modules/jest-circus/build/jestAdapterInit.js:857:11)
          at _runTestsForDescribeBlock (/Users/ryan/Library/Mobile Documents/com~apple~CloudDocs/Documents/VSCode/Tax-App-Frontend/node_modules/jest-circus/build/jestAdapterInit.js:857:11)
          at run (/Users/ryan/Library/Mobile Documents/com~apple~CloudDocs/Documents/VSCode/Tax-App-Frontend/node_modules/jest-circus/build/jestAdapterInit.js:761:3)
          at runAndTransformResultsToJestFormat (/Users/ryan/Library/Mobile Documents/com~apple~CloudDocs/Documents/VSCode/Tax-App-Frontend/node_modules/jest-circus/build/jestAdapterInit.js:1918:21)
          at jestAdapter (/Users/ryan/Library/Mobile Documents/com~apple~CloudDocs/Documents/VSCode/Tax-App-Frontend/node_modules/jest-circus/build/runner.js:101:19)
          at runTestInternal (/Users/ryan/Library/Mobile Documents/com~apple~CloudDocs/Documents/VSCode/Tax-App-Frontend/node_modules/jest-runner/build/testWorker.js:275:16)
          at runTest (/Users/ryan/Library/Mobile Documents/com~apple~CloudDocs/Documents/VSCode/Tax-App-Frontend/node_modules/jest-runner/build/testWorker.js:343:7)
          at Object.worker (/Users/ryan/Library/Mobile Documents/com~apple~CloudDocs/Documents/VSCode/Tax-App-Frontend/node_modules/jest-runner/build/testWorker.js:497:12) {
        detail: TypeError: Cannot read properties of undefined (reading 'state')
            at state (/Users/ryan/Library/Mobile Documents/com~apple~CloudDocs/Documents/VSCode/Tax-App-Frontend/src/components/LoginForm.tsx:93:15)
            at renderWithHooks (/Users/ryan/Library/Mobile Documents/com~apple~CloudDocs/Documents/VSCode/Tax-App-Frontend/node_modules/react-dom/cjs/react-dom.development.js:15486:18)
            at mountIndeterminateComponent (/Users/ryan/Library/Mobile Documents/com~apple~CloudDocs/Documents/VSCode/Tax-App-Frontend/node_modules/react-dom/cjs/react-dom.development.js:20103:13)
            at beginWork (/Users/ryan/Library/Mobile Documents/com~apple~CloudDocs/Documents/VSCode/Tax-App-Frontend/node_modules/react-dom/cjs/react-dom.development.js:21626:16)
            at HTMLUnknownElement.callCallback (/Users/ryan/Library/Mobile Documents/com~apple~CloudDocs/Documents/VSCode/Tax-App-Frontend/node_modules/react-dom/cjs/react-dom.development.js:4164:14)
            at HTMLUnknownElement.callTheUserObjectsOperation (/Users/ryan/Library/Mobile Documents/com~apple~CloudDocs/Documents/VSCode/Tax-App-Frontend/node_modules/jsdom/lib/jsdom/living/generated/EventListener.js:26:30)
            at innerInvokeEventListeners (/Users/ryan/Library/Mobile Documents/com~apple~CloudDocs/Documents/VSCode/Tax-App-Frontend/node_modules/jsdom/lib/jsdom/living/events/EventTarget-impl.js:350:25)
            at invokeEventListeners (/Users/ryan/Library/Mobile Documents/com~apple~CloudDocs/Documents/VSCode/Tax-App-Frontend/node_modules/jsdom/lib/jsdom/living/events/EventTarget-impl.js:286:3)
            at HTMLUnknownElementImpl._dispatch (/Users/ryan/Library/Mobile Documents/com~apple~CloudDocs/Documents/VSCode/Tax-App-Frontend/node_modules/jsdom/lib/jsdom/living/events/EventTarget-impl.js:233:9)
            at HTMLUnknownElementImpl.dispatchEvent (/Users/ryan/Library/Mobile Documents/com~apple~CloudDocs/Documents/VSCode/Tax-App-Frontend/node_modules/jsdom/lib/jsdom/living/events/EventTarget-impl.js:104:17)
            at HTMLUnknownElement.dispatchEvent (/Users/ryan/Library/Mobile Documents/com~apple~CloudDocs/Documents/VSCode/Tax-App-Frontend/node_modules/jsdom/lib/jsdom/living/generated/EventTarget.js:241:34)
            at Object.invokeGuardedCallbackDev (/Users/ryan/Library/Mobile Documents/com~apple~CloudDocs/Documents/VSCode/Tax-App-Frontend/node_modules/react-dom/cjs/react-dom.development.js:4213:16)
            at invokeGuardedCallback (/Users/ryan/Library/Mobile Documents/com~apple~CloudDocs/Documents/VSCode/Tax-App-Frontend/node_modules/react-dom/cjs/react-dom.development.js:4277:31)
            at beginWork$1 (/Users/ryan/Library/Mobile Documents/com~apple~CloudDocs/Documents/VSCode/Tax-App-Frontend/node_modules/react-dom/cjs/react-dom.development.js:27490:7)
            at performUnitOfWork (/Users/ryan/Library/Mobile Documents/com~apple~CloudDocs/Documents/VSCode/Tax-App-Frontend/node_modules/react-dom/cjs/react-dom.development.js:26599:12)
            at workLoopSync (/Users/ryan/Library/Mobile Documents/com~apple~CloudDocs/Documents/VSCode/Tax-App-Frontend/node_modules/react-dom/cjs/react-dom.development.js:26505:5)
            at renderRootSync (/Users/ryan/Library/Mobile Documents/com~apple~CloudDocs/Documents/VSCode/Tax-App-Frontend/node_modules/react-dom/cjs/react-dom.development.js:26473:7)
            at recoverFromConcurrentError (/Users/ryan/Library/Mobile Documents/com~apple~CloudDocs/Documents/VSCode/Tax-App-Frontend/node_modules/react-dom/cjs/react-dom.development.js:25889:20)
            at performConcurrentWorkOnRoot (/Users/ryan/Library/Mobile Documents/com~apple~CloudDocs/Documents/VSCode/Tax-App-Frontend/node_modules/react-dom/cjs/react-dom.development.js:25789:22)
            at flushActQueue (/Users/ryan/Library/Mobile Documents/com~apple~CloudDocs/Documents/VSCode/Tax-App-Frontend/node_modules/react/cjs/react.development.js:2667:24)
            at act (/Users/ryan/Library/Mobile Documents/com~apple~CloudDocs/Documents/VSCode/Tax-App-Frontend/node_modules/react/cjs/react.development.js:2582:11)
            at /Users/ryan/Library/Mobile Documents/com~apple~CloudDocs/Documents/VSCode/Tax-App-Frontend/node_modules/@testing-library/react/dist/act-compat.js:46:25
            at renderRoot (/Users/ryan/Library/Mobile Documents/com~apple~CloudDocs/Documents/VSCode/Tax-App-Frontend/node_modules/@testing-library/react/dist/pure.js:189:26)
            at render (/Users/ryan/Library/Mobile Documents/com~apple~CloudDocs/Documents/VSCode/Tax-App-Frontend/node_modules/@testing-library/react/dist/pure.js:291:10)
            at Object.<anonymous> (/Users/ryan/Library/Mobile Documents/com~apple~CloudDocs/Documents/VSCode/Tax-App-Frontend/src/app/login/responsive-layout.test.tsx:169:13)
            at Promise.finally.completed (/Users/ryan/Library/Mobile Documents/com~apple~CloudDocs/Documents/VSCode/Tax-App-Frontend/node_modules/jest-circus/build/jestAdapterInit.js:1557:28)
            at new Promise (<anonymous>)
            at callAsyncCircusFn (/Users/ryan/Library/Mobile Documents/com~apple~CloudDocs/Documents/VSCode/Tax-App-Frontend/node_modules/jest-circus/build/jestAdapterInit.js:1497:10)
            at _callCircusTest (/Users/ryan/Library/Mobile Documents/com~apple~CloudDocs/Documents/VSCode/Tax-App-Frontend/node_modules/jest-circus/build/jestAdapterInit.js:1007:40)
            at processTicksAndRejections (node:internal/process/task_queues:95:5)
            at _runTest (/Users/ryan/Library/Mobile Documents/com~apple~CloudDocs/Documents/VSCode/Tax-App-Frontend/node_modules/jest-circus/build/jestAdapterInit.js:947:3)
            at /Users/ryan/Library/Mobile Documents/com~apple~CloudDocs/Documents/VSCode/Tax-App-Frontend/node_modules/jest-circus/build/jestAdapterInit.js:849:7
            at _runTestsForDescribeBlock (/Users/ryan/Library/Mobile Documents/com~apple~CloudDocs/Documents/VSCode/Tax-App-Frontend/node_modules/jest-circus/build/jestAdapterInit.js:862:11)
            at _runTestsForDescribeBlock (/Users/ryan/Library/Mobile Documents/com~apple~CloudDocs/Documents/VSCode/Tax-App-Frontend/node_modules/jest-circus/build/jestAdapterInit.js:857:11)
            at _runTestsForDescribeBlock (/Users/ryan/Library/Mobile Documents/com~apple~CloudDocs/Documents/VSCode/Tax-App-Frontend/node_modules/jest-circus/build/jestAdapterInit.js:857:11)
            at run (/Users/ryan/Library/Mobile Documents/com~apple~CloudDocs/Documents/VSCode/Tax-App-Frontend/node_modules/jest-circus/build/jestAdapterInit.js:761:3)
            at runAndTransformResultsToJestFormat (/Users/ryan/Library/Mobile Documents/com~apple~CloudDocs/Documents/VSCode/Tax-App-Frontend/node_modules/jest-circus/build/jestAdapterInit.js:1918:21)
            at jestAdapter (/Users/ryan/Library/Mobile Documents/com~apple~CloudDocs/Documents/VSCode/Tax-App-Frontend/node_modules/jest-circus/build/runner.js:101:19)
            at runTestInternal (/Users/ryan/Library/Mobile Documents/com~apple~CloudDocs/Documents/VSCode/Tax-App-Frontend/node_modules/jest-runner/build/testWorker.js:275:16)
            at runTest (/Users/ryan/Library/Mobile Documents/com~apple~CloudDocs/Documents/VSCode/Tax-App-Frontend/node_modules/jest-runner/build/testWorker.js:343:7)
            at Object.worker (/Users/ryan/Library/Mobile Documents/com~apple~CloudDocs/Documents/VSCode/Tax-App-Frontend/node_modules/jest-runner/build/testWorker.js:497:12),
        type: 'unhandled exception'
      }

      167 |
      168 |     test('should increase description text size on desktop (sm:text-base)', () => {
    > 169 |       render(<LoginPageClient />);
          |             ^
      170 |
      171 |       const description = screen.getByText(/Enter your credentials/i);
      172 |       expect(description).toHaveClass('sm:text-base');

      at VirtualConsole.<anonymous> (node_modules/@jest/environment-jsdom-abstract/build/index.js:87:23)
      at reportException (node_modules/jsdom/lib/jsdom/living/helpers/runtime-script-errors.js:70:28)
      at innerInvokeEventListeners (node_modules/jsdom/lib/jsdom/living/events/EventTarget-impl.js:353:9)
      at invokeEventListeners (node_modules/jsdom/lib/jsdom/living/events/EventTarget-impl.js:286:3)
      at HTMLUnknownElementImpl._dispatch (node_modules/jsdom/lib/jsdom/living/events/EventTarget-impl.js:233:9)
      at HTMLUnknownElementImpl.dispatchEvent (node_modules/jsdom/lib/jsdom/living/events/EventTarget-impl.js:104:17)
      at HTMLUnknownElement.dispatchEvent (node_modules/jsdom/lib/jsdom/living/generated/EventTarget.js:241:34)
      at Object.invokeGuardedCallbackDev (node_modules/react-dom/cjs/react-dom.development.js:4213:16)
      at invokeGuardedCallback (node_modules/react-dom/cjs/react-dom.development.js:4277:31)
      at beginWork$1 (node_modules/react-dom/cjs/react-dom.development.js:27490:7)
      at performUnitOfWork (node_modules/react-dom/cjs/react-dom.development.js:26599:12)
      at workLoopSync (node_modules/react-dom/cjs/react-dom.development.js:26505:5)
      at renderRootSync (node_modules/react-dom/cjs/react-dom.development.js:26473:7)
      at recoverFromConcurrentError (node_modules/react-dom/cjs/react-dom.development.js:25889:20)
      at performConcurrentWorkOnRoot (node_modules/react-dom/cjs/react-dom.development.js:25789:22)
      at flushActQueue (node_modules/react/cjs/react.development.js:2667:24)
      at act (node_modules/react/cjs/react.development.js:2582:11)
      at node_modules/@testing-library/react/dist/act-compat.js:46:25
      at renderRoot (node_modules/@testing-library/react/dist/pure.js:189:26)
      at render (node_modules/@testing-library/react/dist/pure.js:291:10)
      at Object.<anonymous> (src/app/login/responsive-layout.test.tsx:169:13)

    console.error
      The above error occurred in the <LoginForm> component:
      
          at className (/Users/ryan/Library/Mobile Documents/com~apple~CloudDocs/Documents/VSCode/Tax-App-Frontend/src/components/LoginForm.tsx:45:29)
          at div
          at children (/Users/ryan/Library/Mobile Documents/com~apple~CloudDocs/Documents/VSCode/Tax-App-Frontend/src/app/login/responsive-layout.test.tsx:62:19)
          at div
          at children (/Users/ryan/Library/Mobile Documents/com~apple~CloudDocs/Documents/VSCode/Tax-App-Frontend/src/app/login/responsive-layout.test.tsx:52:12)
          at div
          at div
          at div
          at children (/Users/ryan/Library/Mobile Documents/com~apple~CloudDocs/Documents/VSCode/Tax-App-Frontend/src/app/login/responsive-layout.test.tsx:47:21)
          at callbackUrl (/Users/ryan/Library/Mobile Documents/com~apple~CloudDocs/Documents/VSCode/Tax-App-Frontend/src/app/login/LoginPageClient.tsx:49:43)
      
      Consider adding an error boundary to your tree to customize error handling behavior.
      Visit https://reactjs.org/link/error-boundaries to learn more about error boundaries.

      167 |
      168 |     test('should increase description text size on desktop (sm:text-base)', () => {
    > 169 |       render(<LoginPageClient />);
          |             ^
      170 |
      171 |       const description = screen.getByText(/Enter your credentials/i);
      172 |       expect(description).toHaveClass('sm:text-base');

      at logCapturedError (node_modules/react-dom/cjs/react-dom.development.js:18704:23)
      at update.callback (node_modules/react-dom/cjs/react-dom.development.js:18737:5)
      at callCallback (node_modules/react-dom/cjs/react-dom.development.js:15036:12)
      at commitUpdateQueue (node_modules/react-dom/cjs/react-dom.development.js:15057:9)
      at commitLayoutEffectOnFiber (node_modules/react-dom/cjs/react-dom.development.js:23430:13)
      at commitLayoutMountEffects_complete (node_modules/react-dom/cjs/react-dom.development.js:24727:9)
      at commitLayoutEffects_begin (node_modules/react-dom/cjs/react-dom.development.js:24713:7)
      at commitLayoutEffects (node_modules/react-dom/cjs/react-dom.development.js:24651:3)
      at commitRootImpl (node_modules/react-dom/cjs/react-dom.development.js:26862:5)
      at commitRoot (node_modules/react-dom/cjs/react-dom.development.js:26721:5)
      at finishConcurrentRender (node_modules/react-dom/cjs/react-dom.development.js:25931:9)
      at performConcurrentWorkOnRoot (node_modules/react-dom/cjs/react-dom.development.js:25848:7)
      at flushActQueue (node_modules/react/cjs/react.development.js:2667:24)
      at act (node_modules/react/cjs/react.development.js:2582:11)
      at node_modules/@testing-library/react/dist/act-compat.js:46:25
      at renderRoot (node_modules/@testing-library/react/dist/pure.js:189:26)
      at render (node_modules/@testing-library/react/dist/pure.js:291:10)
      at Object.<anonymous> (src/app/login/responsive-layout.test.tsx:169:13)

    console.error
      Error: Uncaught [TypeError: Cannot read properties of undefined (reading 'state')]
          at reportException (/Users/ryan/Library/Mobile Documents/com~apple~CloudDocs/Documents/VSCode/Tax-App-Frontend/node_modules/jsdom/lib/jsdom/living/helpers/runtime-script-errors.js:66:24)
          at innerInvokeEventListeners (/Users/ryan/Library/Mobile Documents/com~apple~CloudDocs/Documents/VSCode/Tax-App-Frontend/node_modules/jsdom/lib/jsdom/living/events/EventTarget-impl.js:353:9)
          at invokeEventListeners (/Users/ryan/Library/Mobile Documents/com~apple~CloudDocs/Documents/VSCode/Tax-App-Frontend/node_modules/jsdom/lib/jsdom/living/events/EventTarget-impl.js:286:3)
          at HTMLUnknownElementImpl._dispatch (/Users/ryan/Library/Mobile Documents/com~apple~CloudDocs/Documents/VSCode/Tax-App-Frontend/node_modules/jsdom/lib/jsdom/living/events/EventTarget-impl.js:233:9)
          at HTMLUnknownElementImpl.dispatchEvent (/Users/ryan/Library/Mobile Documents/com~apple~CloudDocs/Documents/VSCode/Tax-App-Frontend/node_modules/jsdom/lib/jsdom/living/events/EventTarget-impl.js:104:17)
          at HTMLUnknownElement.dispatchEvent (/Users/ryan/Library/Mobile Documents/com~apple~CloudDocs/Documents/VSCode/Tax-App-Frontend/node_modules/jsdom/lib/jsdom/living/generated/EventTarget.js:241:34)
          at Object.invokeGuardedCallbackDev (/Users/ryan/Library/Mobile Documents/com~apple~CloudDocs/Documents/VSCode/Tax-App-Frontend/node_modules/react-dom/cjs/react-dom.development.js:4213:16)
          at invokeGuardedCallback (/Users/ryan/Library/Mobile Documents/com~apple~CloudDocs/Documents/VSCode/Tax-App-Frontend/node_modules/react-dom/cjs/react-dom.development.js:4277:31)
          at beginWork$1 (/Users/ryan/Library/Mobile Documents/com~apple~CloudDocs/Documents/VSCode/Tax-App-Frontend/node_modules/react-dom/cjs/react-dom.development.js:27490:7)
          at performUnitOfWork (/Users/ryan/Library/Mobile Documents/com~apple~CloudDocs/Documents/VSCode/Tax-App-Frontend/node_modules/react-dom/cjs/react-dom.development.js:26599:12)
          at workLoopSync (/Users/ryan/Library/Mobile Documents/com~apple~CloudDocs/Documents/VSCode/Tax-App-Frontend/node_modules/react-dom/cjs/react-dom.development.js:26505:5)
          at renderRootSync (/Users/ryan/Library/Mobile Documents/com~apple~CloudDocs/Documents/VSCode/Tax-App-Frontend/node_modules/react-dom/cjs/react-dom.development.js:26473:7)
          at performConcurrentWorkOnRoot (/Users/ryan/Library/Mobile Documents/com~apple~CloudDocs/Documents/VSCode/Tax-App-Frontend/node_modules/react-dom/cjs/react-dom.development.js:25777:74)
          at flushActQueue (/Users/ryan/Library/Mobile Documents/com~apple~CloudDocs/Documents/VSCode/Tax-App-Frontend/node_modules/react/cjs/react.development.js:2667:24)
          at act (/Users/ryan/Library/Mobile Documents/com~apple~CloudDocs/Documents/VSCode/Tax-App-Frontend/node_modules/react/cjs/react.development.js:2582:11)
          at /Users/ryan/Library/Mobile Documents/com~apple~CloudDocs/Documents/VSCode/Tax-App-Frontend/node_modules/@testing-library/react/dist/act-compat.js:46:25
          at renderRoot (/Users/ryan/Library/Mobile Documents/com~apple~CloudDocs/Documents/VSCode/Tax-App-Frontend/node_modules/@testing-library/react/dist/pure.js:189:26)
          at render (/Users/ryan/Library/Mobile Documents/com~apple~CloudDocs/Documents/VSCode/Tax-App-Frontend/node_modules/@testing-library/react/dist/pure.js:291:10)
          at Object.<anonymous> (/Users/ryan/Library/Mobile Documents/com~apple~CloudDocs/Documents/VSCode/Tax-App-Frontend/src/app/login/responsive-layout.test.tsx:176:35)
          at Promise.finally.completed (/Users/ryan/Library/Mobile Documents/com~apple~CloudDocs/Documents/VSCode/Tax-App-Frontend/node_modules/jest-circus/build/jestAdapterInit.js:1557:28)
          at new Promise (<anonymous>)
          at callAsyncCircusFn (/Users/ryan/Library/Mobile Documents/com~apple~CloudDocs/Documents/VSCode/Tax-App-Frontend/node_modules/jest-circus/build/jestAdapterInit.js:1497:10)
          at _callCircusTest (/Users/ryan/Library/Mobile Documents/com~apple~CloudDocs/Documents/VSCode/Tax-App-Frontend/node_modules/jest-circus/build/jestAdapterInit.js:1007:40)
          at processTicksAndRejections (node:internal/process/task_queues:95:5)
          at _runTest (/Users/ryan/Library/Mobile Documents/com~apple~CloudDocs/Documents/VSCode/Tax-App-Frontend/node_modules/jest-circus/build/jestAdapterInit.js:947:3)
          at /Users/ryan/Library/Mobile Documents/com~apple~CloudDocs/Documents/VSCode/Tax-App-Frontend/node_modules/jest-circus/build/jestAdapterInit.js:849:7
          at _runTestsForDescribeBlock (/Users/ryan/Library/Mobile Documents/com~apple~CloudDocs/Documents/VSCode/Tax-App-Frontend/node_modules/jest-circus/build/jestAdapterInit.js:862:11)
          at _runTestsForDescribeBlock (/Users/ryan/Library/Mobile Documents/com~apple~CloudDocs/Documents/VSCode/Tax-App-Frontend/node_modules/jest-circus/build/jestAdapterInit.js:857:11)
          at _runTestsForDescribeBlock (/Users/ryan/Library/Mobile Documents/com~apple~CloudDocs/Documents/VSCode/Tax-App-Frontend/node_modules/jest-circus/build/jestAdapterInit.js:857:11)
          at run (/Users/ryan/Library/Mobile Documents/com~apple~CloudDocs/Documents/VSCode/Tax-App-Frontend/node_modules/jest-circus/build/jestAdapterInit.js:761:3)
          at runAndTransformResultsToJestFormat (/Users/ryan/Library/Mobile Documents/com~apple~CloudDocs/Documents/VSCode/Tax-App-Frontend/node_modules/jest-circus/build/jestAdapterInit.js:1918:21)
          at jestAdapter (/Users/ryan/Library/Mobile Documents/com~apple~CloudDocs/Documents/VSCode/Tax-App-Frontend/node_modules/jest-circus/build/runner.js:101:19)
          at runTestInternal (/Users/ryan/Library/Mobile Documents/com~apple~CloudDocs/Documents/VSCode/Tax-App-Frontend/node_modules/jest-runner/build/testWorker.js:275:16)
          at runTest (/Users/ryan/Library/Mobile Documents/com~apple~CloudDocs/Documents/VSCode/Tax-App-Frontend/node_modules/jest-runner/build/testWorker.js:343:7)
          at Object.worker (/Users/ryan/Library/Mobile Documents/com~apple~CloudDocs/Documents/VSCode/Tax-App-Frontend/node_modules/jest-runner/build/testWorker.js:497:12) {
        detail: TypeError: Cannot read properties of undefined (reading 'state')
            at state (/Users/ryan/Library/Mobile Documents/com~apple~CloudDocs/Documents/VSCode/Tax-App-Frontend/src/components/LoginForm.tsx:93:15)
            at renderWithHooks (/Users/ryan/Library/Mobile Documents/com~apple~CloudDocs/Documents/VSCode/Tax-App-Frontend/node_modules/react-dom/cjs/react-dom.development.js:15486:18)
            at mountIndeterminateComponent (/Users/ryan/Library/Mobile Documents/com~apple~CloudDocs/Documents/VSCode/Tax-App-Frontend/node_modules/react-dom/cjs/react-dom.development.js:20103:13)
            at beginWork (/Users/ryan/Library/Mobile Documents/com~apple~CloudDocs/Documents/VSCode/Tax-App-Frontend/node_modules/react-dom/cjs/react-dom.development.js:21626:16)
            at HTMLUnknownElement.callCallback (/Users/ryan/Library/Mobile Documents/com~apple~CloudDocs/Documents/VSCode/Tax-App-Frontend/node_modules/react-dom/cjs/react-dom.development.js:4164:14)
            at HTMLUnknownElement.callTheUserObjectsOperation (/Users/ryan/Library/Mobile Documents/com~apple~CloudDocs/Documents/VSCode/Tax-App-Frontend/node_modules/jsdom/lib/jsdom/living/generated/EventListener.js:26:30)
            at innerInvokeEventListeners (/Users/ryan/Library/Mobile Documents/com~apple~CloudDocs/Documents/VSCode/Tax-App-Frontend/node_modules/jsdom/lib/jsdom/living/events/EventTarget-impl.js:350:25)
            at invokeEventListeners (/Users/ryan/Library/Mobile Documents/com~apple~CloudDocs/Documents/VSCode/Tax-App-Frontend/node_modules/jsdom/lib/jsdom/living/events/EventTarget-impl.js:286:3)
            at HTMLUnknownElementImpl._dispatch (/Users/ryan/Library/Mobile Documents/com~apple~CloudDocs/Documents/VSCode/Tax-App-Frontend/node_modules/jsdom/lib/jsdom/living/events/EventTarget-impl.js:233:9)
            at HTMLUnknownElementImpl.dispatchEvent (/Users/ryan/Library/Mobile Documents/com~apple~CloudDocs/Documents/VSCode/Tax-App-Frontend/node_modules/jsdom/lib/jsdom/living/events/EventTarget-impl.js:104:17)
            at HTMLUnknownElement.dispatchEvent (/Users/ryan/Library/Mobile Documents/com~apple~CloudDocs/Documents/VSCode/Tax-App-Frontend/node_modules/jsdom/lib/jsdom/living/generated/EventTarget.js:241:34)
            at Object.invokeGuardedCallbackDev (/Users/ryan/Library/Mobile Documents/com~apple~CloudDocs/Documents/VSCode/Tax-App-Frontend/node_modules/react-dom/cjs/react-dom.development.js:4213:16)
            at invokeGuardedCallback (/Users/ryan/Library/Mobile Documents/com~apple~CloudDocs/Documents/VSCode/Tax-App-Frontend/node_modules/react-dom/cjs/react-dom.development.js:4277:31)
            at beginWork$1 (/Users/ryan/Library/Mobile Documents/com~apple~CloudDocs/Documents/VSCode/Tax-App-Frontend/node_modules/react-dom/cjs/react-dom.development.js:27490:7)
            at performUnitOfWork (/Users/ryan/Library/Mobile Documents/com~apple~CloudDocs/Documents/VSCode/Tax-App-Frontend/node_modules/react-dom/cjs/react-dom.development.js:26599:12)
            at workLoopSync (/Users/ryan/Library/Mobile Documents/com~apple~CloudDocs/Documents/VSCode/Tax-App-Frontend/node_modules/react-dom/cjs/react-dom.development.js:26505:5)
            at renderRootSync (/Users/ryan/Library/Mobile Documents/com~apple~CloudDocs/Documents/VSCode/Tax-App-Frontend/node_modules/react-dom/cjs/react-dom.development.js:26473:7)
            at performConcurrentWorkOnRoot (/Users/ryan/Library/Mobile Documents/com~apple~CloudDocs/Documents/VSCode/Tax-App-Frontend/node_modules/react-dom/cjs/react-dom.development.js:25777:74)
            at flushActQueue (/Users/ryan/Library/Mobile Documents/com~apple~CloudDocs/Documents/VSCode/Tax-App-Frontend/node_modules/react/cjs/react.development.js:2667:24)
            at act (/Users/ryan/Library/Mobile Documents/com~apple~CloudDocs/Documents/VSCode/Tax-App-Frontend/node_modules/react/cjs/react.development.js:2582:11)
            at /Users/ryan/Library/Mobile Documents/com~apple~CloudDocs/Documents/VSCode/Tax-App-Frontend/node_modules/@testing-library/react/dist/act-compat.js:46:25
            at renderRoot (/Users/ryan/Library/Mobile Documents/com~apple~CloudDocs/Documents/VSCode/Tax-App-Frontend/node_modules/@testing-library/react/dist/pure.js:189:26)
            at render (/Users/ryan/Library/Mobile Documents/com~apple~CloudDocs/Documents/VSCode/Tax-App-Frontend/node_modules/@testing-library/react/dist/pure.js:291:10)
            at Object.<anonymous> (/Users/ryan/Library/Mobile Documents/com~apple~CloudDocs/Documents/VSCode/Tax-App-Frontend/src/app/login/responsive-layout.test.tsx:176:35)
            at Promise.finally.completed (/Users/ryan/Library/Mobile Documents/com~apple~CloudDocs/Documents/VSCode/Tax-App-Frontend/node_modules/jest-circus/build/jestAdapterInit.js:1557:28)
            at new Promise (<anonymous>)
            at callAsyncCircusFn (/Users/ryan/Library/Mobile Documents/com~apple~CloudDocs/Documents/VSCode/Tax-App-Frontend/node_modules/jest-circus/build/jestAdapterInit.js:1497:10)
            at _callCircusTest (/Users/ryan/Library/Mobile Documents/com~apple~CloudDocs/Documents/VSCode/Tax-App-Frontend/node_modules/jest-circus/build/jestAdapterInit.js:1007:40)
            at processTicksAndRejections (node:internal/process/task_queues:95:5)
            at _runTest (/Users/ryan/Library/Mobile Documents/com~apple~CloudDocs/Documents/VSCode/Tax-App-Frontend/node_modules/jest-circus/build/jestAdapterInit.js:947:3)
            at /Users/ryan/Library/Mobile Documents/com~apple~CloudDocs/Documents/VSCode/Tax-App-Frontend/node_modules/jest-circus/build/jestAdapterInit.js:849:7
            at _runTestsForDescribeBlock (/Users/ryan/Library/Mobile Documents/com~apple~CloudDocs/Documents/VSCode/Tax-App-Frontend/node_modules/jest-circus/build/jestAdapterInit.js:862:11)
            at _runTestsForDescribeBlock (/Users/ryan/Library/Mobile Documents/com~apple~CloudDocs/Documents/VSCode/Tax-App-Frontend/node_modules/jest-circus/build/jestAdapterInit.js:857:11)
            at _runTestsForDescribeBlock (/Users/ryan/Library/Mobile Documents/com~apple~CloudDocs/Documents/VSCode/Tax-App-Frontend/node_modules/jest-circus/build/jestAdapterInit.js:857:11)
            at run (/Users/ryan/Library/Mobile Documents/com~apple~CloudDocs/Documents/VSCode/Tax-App-Frontend/node_modules/jest-circus/build/jestAdapterInit.js:761:3)
            at runAndTransformResultsToJestFormat (/Users/ryan/Library/Mobile Documents/com~apple~CloudDocs/Documents/VSCode/Tax-App-Frontend/node_modules/jest-circus/build/jestAdapterInit.js:1918:21)
            at jestAdapter (/Users/ryan/Library/Mobile Documents/com~apple~CloudDocs/Documents/VSCode/Tax-App-Frontend/node_modules/jest-circus/build/runner.js:101:19)
            at runTestInternal (/Users/ryan/Library/Mobile Documents/com~apple~CloudDocs/Documents/VSCode/Tax-App-Frontend/node_modules/jest-runner/build/testWorker.js:275:16)
            at runTest (/Users/ryan/Library/Mobile Documents/com~apple~CloudDocs/Documents/VSCode/Tax-App-Frontend/node_modules/jest-runner/build/testWorker.js:343:7)
            at Object.worker (/Users/ryan/Library/Mobile Documents/com~apple~CloudDocs/Documents/VSCode/Tax-App-Frontend/node_modules/jest-runner/build/testWorker.js:497:12),
        type: 'unhandled exception'
      }

      174 |
      175 |     test('should maintain centered card layout on desktop', () => {
    > 176 |       const { container } = render(<LoginPageClient />);
          |                                   ^
      177 |
      178 |       const mainContainer = container.querySelector('.min-h-screen');
      179 |       expect(mainContainer).toHaveClass('flex', 'items-center', 'justify-center');

      at VirtualConsole.<anonymous> (node_modules/@jest/environment-jsdom-abstract/build/index.js:87:23)
      at reportException (node_modules/jsdom/lib/jsdom/living/helpers/runtime-script-errors.js:70:28)
      at innerInvokeEventListeners (node_modules/jsdom/lib/jsdom/living/events/EventTarget-impl.js:353:9)
      at invokeEventListeners (node_modules/jsdom/lib/jsdom/living/events/EventTarget-impl.js:286:3)
      at HTMLUnknownElementImpl._dispatch (node_modules/jsdom/lib/jsdom/living/events/EventTarget-impl.js:233:9)
      at HTMLUnknownElementImpl.dispatchEvent (node_modules/jsdom/lib/jsdom/living/events/EventTarget-impl.js:104:17)
      at HTMLUnknownElement.dispatchEvent (node_modules/jsdom/lib/jsdom/living/generated/EventTarget.js:241:34)
      at Object.invokeGuardedCallbackDev (node_modules/react-dom/cjs/react-dom.development.js:4213:16)
      at invokeGuardedCallback (node_modules/react-dom/cjs/react-dom.development.js:4277:31)
      at beginWork$1 (node_modules/react-dom/cjs/react-dom.development.js:27490:7)
      at performUnitOfWork (node_modules/react-dom/cjs/react-dom.development.js:26599:12)
      at workLoopSync (node_modules/react-dom/cjs/react-dom.development.js:26505:5)
      at renderRootSync (node_modules/react-dom/cjs/react-dom.development.js:26473:7)
      at performConcurrentWorkOnRoot (node_modules/react-dom/cjs/react-dom.development.js:25777:74)
      at flushActQueue (node_modules/react/cjs/react.development.js:2667:24)
      at act (node_modules/react/cjs/react.development.js:2582:11)
      at node_modules/@testing-library/react/dist/act-compat.js:46:25
      at renderRoot (node_modules/@testing-library/react/dist/pure.js:189:26)
      at render (node_modules/@testing-library/react/dist/pure.js:291:10)
      at Object.<anonymous> (src/app/login/responsive-layout.test.tsx:176:35)

    console.error
      Error: Uncaught [TypeError: Cannot read properties of undefined (reading 'state')]
          at reportException (/Users/ryan/Library/Mobile Documents/com~apple~CloudDocs/Documents/VSCode/Tax-App-Frontend/node_modules/jsdom/lib/jsdom/living/helpers/runtime-script-errors.js:66:24)
          at innerInvokeEventListeners (/Users/ryan/Library/Mobile Documents/com~apple~CloudDocs/Documents/VSCode/Tax-App-Frontend/node_modules/jsdom/lib/jsdom/living/events/EventTarget-impl.js:353:9)
          at invokeEventListeners (/Users/ryan/Library/Mobile Documents/com~apple~CloudDocs/Documents/VSCode/Tax-App-Frontend/node_modules/jsdom/lib/jsdom/living/events/EventTarget-impl.js:286:3)
          at HTMLUnknownElementImpl._dispatch (/Users/ryan/Library/Mobile Documents/com~apple~CloudDocs/Documents/VSCode/Tax-App-Frontend/node_modules/jsdom/lib/jsdom/living/events/EventTarget-impl.js:233:9)
          at HTMLUnknownElementImpl.dispatchEvent (/Users/ryan/Library/Mobile Documents/com~apple~CloudDocs/Documents/VSCode/Tax-App-Frontend/node_modules/jsdom/lib/jsdom/living/events/EventTarget-impl.js:104:17)
          at HTMLUnknownElement.dispatchEvent (/Users/ryan/Library/Mobile Documents/com~apple~CloudDocs/Documents/VSCode/Tax-App-Frontend/node_modules/jsdom/lib/jsdom/living/generated/EventTarget.js:241:34)
          at Object.invokeGuardedCallbackDev (/Users/ryan/Library/Mobile Documents/com~apple~CloudDocs/Documents/VSCode/Tax-App-Frontend/node_modules/react-dom/cjs/react-dom.development.js:4213:16)
          at invokeGuardedCallback (/Users/ryan/Library/Mobile Documents/com~apple~CloudDocs/Documents/VSCode/Tax-App-Frontend/node_modules/react-dom/cjs/react-dom.development.js:4277:31)
          at beginWork$1 (/Users/ryan/Library/Mobile Documents/com~apple~CloudDocs/Documents/VSCode/Tax-App-Frontend/node_modules/react-dom/cjs/react-dom.development.js:27490:7)
          at performUnitOfWork (/Users/ryan/Library/Mobile Documents/com~apple~CloudDocs/Documents/VSCode/Tax-App-Frontend/node_modules/react-dom/cjs/react-dom.development.js:26599:12)
          at workLoopSync (/Users/ryan/Library/Mobile Documents/com~apple~CloudDocs/Documents/VSCode/Tax-App-Frontend/node_modules/react-dom/cjs/react-dom.development.js:26505:5)
          at renderRootSync (/Users/ryan/Library/Mobile Documents/com~apple~CloudDocs/Documents/VSCode/Tax-App-Frontend/node_modules/react-dom/cjs/react-dom.development.js:26473:7)
          at recoverFromConcurrentError (/Users/ryan/Library/Mobile Documents/com~apple~CloudDocs/Documents/VSCode/Tax-App-Frontend/node_modules/react-dom/cjs/react-dom.development.js:25889:20)
          at performConcurrentWorkOnRoot (/Users/ryan/Library/Mobile Documents/com~apple~CloudDocs/Documents/VSCode/Tax-App-Frontend/node_modules/react-dom/cjs/react-dom.development.js:25789:22)
          at flushActQueue (/Users/ryan/Library/Mobile Documents/com~apple~CloudDocs/Documents/VSCode/Tax-App-Frontend/node_modules/react/cjs/react.development.js:2667:24)
          at act (/Users/ryan/Library/Mobile Documents/com~apple~CloudDocs/Documents/VSCode/Tax-App-Frontend/node_modules/react/cjs/react.development.js:2582:11)
          at /Users/ryan/Library/Mobile Documents/com~apple~CloudDocs/Documents/VSCode/Tax-App-Frontend/node_modules/@testing-library/react/dist/act-compat.js:46:25
          at renderRoot (/Users/ryan/Library/Mobile Documents/com~apple~CloudDocs/Documents/VSCode/Tax-App-Frontend/node_modules/@testing-library/react/dist/pure.js:189:26)
          at render (/Users/ryan/Library/Mobile Documents/com~apple~CloudDocs/Documents/VSCode/Tax-App-Frontend/node_modules/@testing-library/react/dist/pure.js:291:10)
          at Object.<anonymous> (/Users/ryan/Library/Mobile Documents/com~apple~CloudDocs/Documents/VSCode/Tax-App-Frontend/src/app/login/responsive-layout.test.tsx:176:35)
          at Promise.finally.completed (/Users/ryan/Library/Mobile Documents/com~apple~CloudDocs/Documents/VSCode/Tax-App-Frontend/node_modules/jest-circus/build/jestAdapterInit.js:1557:28)
          at new Promise (<anonymous>)
          at callAsyncCircusFn (/Users/ryan/Library/Mobile Documents/com~apple~CloudDocs/Documents/VSCode/Tax-App-Frontend/node_modules/jest-circus/build/jestAdapterInit.js:1497:10)
          at _callCircusTest (/Users/ryan/Library/Mobile Documents/com~apple~CloudDocs/Documents/VSCode/Tax-App-Frontend/node_modules/jest-circus/build/jestAdapterInit.js:1007:40)
          at processTicksAndRejections (node:internal/process/task_queues:95:5)
          at _runTest (/Users/ryan/Library/Mobile Documents/com~apple~CloudDocs/Documents/VSCode/Tax-App-Frontend/node_modules/jest-circus/build/jestAdapterInit.js:947:3)
          at /Users/ryan/Library/Mobile Documents/com~apple~CloudDocs/Documents/VSCode/Tax-App-Frontend/node_modules/jest-circus/build/jestAdapterInit.js:849:7
          at _runTestsForDescribeBlock (/Users/ryan/Library/Mobile Documents/com~apple~CloudDocs/Documents/VSCode/Tax-App-Frontend/node_modules/jest-circus/build/jestAdapterInit.js:862:11)
          at _runTestsForDescribeBlock (/Users/ryan/Library/Mobile Documents/com~apple~CloudDocs/Documents/VSCode/Tax-App-Frontend/node_modules/jest-circus/build/jestAdapterInit.js:857:11)
          at _runTestsForDescribeBlock (/Users/ryan/Library/Mobile Documents/com~apple~CloudDocs/Documents/VSCode/Tax-App-Frontend/node_modules/jest-circus/build/jestAdapterInit.js:857:11)
          at run (/Users/ryan/Library/Mobile Documents/com~apple~CloudDocs/Documents/VSCode/Tax-App-Frontend/node_modules/jest-circus/build/jestAdapterInit.js:761:3)
          at runAndTransformResultsToJestFormat (/Users/ryan/Library/Mobile Documents/com~apple~CloudDocs/Documents/VSCode/Tax-App-Frontend/node_modules/jest-circus/build/jestAdapterInit.js:1918:21)
          at jestAdapter (/Users/ryan/Library/Mobile Documents/com~apple~CloudDocs/Documents/VSCode/Tax-App-Frontend/node_modules/jest-circus/build/runner.js:101:19)
          at runTestInternal (/Users/ryan/Library/Mobile Documents/com~apple~CloudDocs/Documents/VSCode/Tax-App-Frontend/node_modules/jest-runner/build/testWorker.js:275:16)
          at runTest (/Users/ryan/Library/Mobile Documents/com~apple~CloudDocs/Documents/VSCode/Tax-App-Frontend/node_modules/jest-runner/build/testWorker.js:343:7)
          at Object.worker (/Users/ryan/Library/Mobile Documents/com~apple~CloudDocs/Documents/VSCode/Tax-App-Frontend/node_modules/jest-runner/build/testWorker.js:497:12) {
        detail: TypeError: Cannot read properties of undefined (reading 'state')
            at state (/Users/ryan/Library/Mobile Documents/com~apple~CloudDocs/Documents/VSCode/Tax-App-Frontend/src/components/LoginForm.tsx:93:15)
            at renderWithHooks (/Users/ryan/Library/Mobile Documents/com~apple~CloudDocs/Documents/VSCode/Tax-App-Frontend/node_modules/react-dom/cjs/react-dom.development.js:15486:18)
            at mountIndeterminateComponent (/Users/ryan/Library/Mobile Documents/com~apple~CloudDocs/Documents/VSCode/Tax-App-Frontend/node_modules/react-dom/cjs/react-dom.development.js:20103:13)
            at beginWork (/Users/ryan/Library/Mobile Documents/com~apple~CloudDocs/Documents/VSCode/Tax-App-Frontend/node_modules/react-dom/cjs/react-dom.development.js:21626:16)
            at HTMLUnknownElement.callCallback (/Users/ryan/Library/Mobile Documents/com~apple~CloudDocs/Documents/VSCode/Tax-App-Frontend/node_modules/react-dom/cjs/react-dom.development.js:4164:14)
            at HTMLUnknownElement.callTheUserObjectsOperation (/Users/ryan/Library/Mobile Documents/com~apple~CloudDocs/Documents/VSCode/Tax-App-Frontend/node_modules/jsdom/lib/jsdom/living/generated/EventListener.js:26:30)
            at innerInvokeEventListeners (/Users/ryan/Library/Mobile Documents/com~apple~CloudDocs/Documents/VSCode/Tax-App-Frontend/node_modules/jsdom/lib/jsdom/living/events/EventTarget-impl.js:350:25)
            at invokeEventListeners (/Users/ryan/Library/Mobile Documents/com~apple~CloudDocs/Documents/VSCode/Tax-App-Frontend/node_modules/jsdom/lib/jsdom/living/events/EventTarget-impl.js:286:3)
            at HTMLUnknownElementImpl._dispatch (/Users/ryan/Library/Mobile Documents/com~apple~CloudDocs/Documents/VSCode/Tax-App-Frontend/node_modules/jsdom/lib/jsdom/living/events/EventTarget-impl.js:233:9)
            at HTMLUnknownElementImpl.dispatchEvent (/Users/ryan/Library/Mobile Documents/com~apple~CloudDocs/Documents/VSCode/Tax-App-Frontend/node_modules/jsdom/lib/jsdom/living/events/EventTarget-impl.js:104:17)
            at HTMLUnknownElement.dispatchEvent (/Users/ryan/Library/Mobile Documents/com~apple~CloudDocs/Documents/VSCode/Tax-App-Frontend/node_modules/jsdom/lib/jsdom/living/generated/EventTarget.js:241:34)
            at Object.invokeGuardedCallbackDev (/Users/ryan/Library/Mobile Documents/com~apple~CloudDocs/Documents/VSCode/Tax-App-Frontend/node_modules/react-dom/cjs/react-dom.development.js:4213:16)
            at invokeGuardedCallback (/Users/ryan/Library/Mobile Documents/com~apple~CloudDocs/Documents/VSCode/Tax-App-Frontend/node_modules/react-dom/cjs/react-dom.development.js:4277:31)
            at beginWork$1 (/Users/ryan/Library/Mobile Documents/com~apple~CloudDocs/Documents/VSCode/Tax-App-Frontend/node_modules/react-dom/cjs/react-dom.development.js:27490:7)
            at performUnitOfWork (/Users/ryan/Library/Mobile Documents/com~apple~CloudDocs/Documents/VSCode/Tax-App-Frontend/node_modules/react-dom/cjs/react-dom.development.js:26599:12)
            at workLoopSync (/Users/ryan/Library/Mobile Documents/com~apple~CloudDocs/Documents/VSCode/Tax-App-Frontend/node_modules/react-dom/cjs/react-dom.development.js:26505:5)
            at renderRootSync (/Users/ryan/Library/Mobile Documents/com~apple~CloudDocs/Documents/VSCode/Tax-App-Frontend/node_modules/react-dom/cjs/react-dom.development.js:26473:7)
            at recoverFromConcurrentError (/Users/ryan/Library/Mobile Documents/com~apple~CloudDocs/Documents/VSCode/Tax-App-Frontend/node_modules/react-dom/cjs/react-dom.development.js:25889:20)
            at performConcurrentWorkOnRoot (/Users/ryan/Library/Mobile Documents/com~apple~CloudDocs/Documents/VSCode/Tax-App-Frontend/node_modules/react-dom/cjs/react-dom.development.js:25789:22)
            at flushActQueue (/Users/ryan/Library/Mobile Documents/com~apple~CloudDocs/Documents/VSCode/Tax-App-Frontend/node_modules/react/cjs/react.development.js:2667:24)
            at act (/Users/ryan/Library/Mobile Documents/com~apple~CloudDocs/Documents/VSCode/Tax-App-Frontend/node_modules/react/cjs/react.development.js:2582:11)
            at /Users/ryan/Library/Mobile Documents/com~apple~CloudDocs/Documents/VSCode/Tax-App-Frontend/node_modules/@testing-library/react/dist/act-compat.js:46:25
            at renderRoot (/Users/ryan/Library/Mobile Documents/com~apple~CloudDocs/Documents/VSCode/Tax-App-Frontend/node_modules/@testing-library/react/dist/pure.js:189:26)
            at render (/Users/ryan/Library/Mobile Documents/com~apple~CloudDocs/Documents/VSCode/Tax-App-Frontend/node_modules/@testing-library/react/dist/pure.js:291:10)
            at Object.<anonymous> (/Users/ryan/Library/Mobile Documents/com~apple~CloudDocs/Documents/VSCode/Tax-App-Frontend/src/app/login/responsive-layout.test.tsx:176:35)
            at Promise.finally.completed (/Users/ryan/Library/Mobile Documents/com~apple~CloudDocs/Documents/VSCode/Tax-App-Frontend/node_modules/jest-circus/build/jestAdapterInit.js:1557:28)
            at new Promise (<anonymous>)
            at callAsyncCircusFn (/Users/ryan/Library/Mobile Documents/com~apple~CloudDocs/Documents/VSCode/Tax-App-Frontend/node_modules/jest-circus/build/jestAdapterInit.js:1497:10)
            at _callCircusTest (/Users/ryan/Library/Mobile Documents/com~apple~CloudDocs/Documents/VSCode/Tax-App-Frontend/node_modules/jest-circus/build/jestAdapterInit.js:1007:40)
            at processTicksAndRejections (node:internal/process/task_queues:95:5)
            at _runTest (/Users/ryan/Library/Mobile Documents/com~apple~CloudDocs/Documents/VSCode/Tax-App-Frontend/node_modules/jest-circus/build/jestAdapterInit.js:947:3)
            at /Users/ryan/Library/Mobile Documents/com~apple~CloudDocs/Documents/VSCode/Tax-App-Frontend/node_modules/jest-circus/build/jestAdapterInit.js:849:7
            at _runTestsForDescribeBlock (/Users/ryan/Library/Mobile Documents/com~apple~CloudDocs/Documents/VSCode/Tax-App-Frontend/node_modules/jest-circus/build/jestAdapterInit.js:862:11)
            at _runTestsForDescribeBlock (/Users/ryan/Library/Mobile Documents/com~apple~CloudDocs/Documents/VSCode/Tax-App-Frontend/node_modules/jest-circus/build/jestAdapterInit.js:857:11)
            at _runTestsForDescribeBlock (/Users/ryan/Library/Mobile Documents/com~apple~CloudDocs/Documents/VSCode/Tax-App-Frontend/node_modules/jest-circus/build/jestAdapterInit.js:857:11)
            at run (/Users/ryan/Library/Mobile Documents/com~apple~CloudDocs/Documents/VSCode/Tax-App-Frontend/node_modules/jest-circus/build/jestAdapterInit.js:761:3)
            at runAndTransformResultsToJestFormat (/Users/ryan/Library/Mobile Documents/com~apple~CloudDocs/Documents/VSCode/Tax-App-Frontend/node_modules/jest-circus/build/jestAdapterInit.js:1918:21)
            at jestAdapter (/Users/ryan/Library/Mobile Documents/com~apple~CloudDocs/Documents/VSCode/Tax-App-Frontend/node_modules/jest-circus/build/runner.js:101:19)
            at runTestInternal (/Users/ryan/Library/Mobile Documents/com~apple~CloudDocs/Documents/VSCode/Tax-App-Frontend/node_modules/jest-runner/build/testWorker.js:275:16)
            at runTest (/Users/ryan/Library/Mobile Documents/com~apple~CloudDocs/Documents/VSCode/Tax-App-Frontend/node_modules/jest-runner/build/testWorker.js:343:7)
            at Object.worker (/Users/ryan/Library/Mobile Documents/com~apple~CloudDocs/Documents/VSCode/Tax-App-Frontend/node_modules/jest-runner/build/testWorker.js:497:12),
        type: 'unhandled exception'
      }

      174 |
      175 |     test('should maintain centered card layout on desktop', () => {
    > 176 |       const { container } = render(<LoginPageClient />);
          |                                   ^
      177 |
      178 |       const mainContainer = container.querySelector('.min-h-screen');
      179 |       expect(mainContainer).toHaveClass('flex', 'items-center', 'justify-center');

      at VirtualConsole.<anonymous> (node_modules/@jest/environment-jsdom-abstract/build/index.js:87:23)
      at reportException (node_modules/jsdom/lib/jsdom/living/helpers/runtime-script-errors.js:70:28)
      at innerInvokeEventListeners (node_modules/jsdom/lib/jsdom/living/events/EventTarget-impl.js:353:9)
      at invokeEventListeners (node_modules/jsdom/lib/jsdom/living/events/EventTarget-impl.js:286:3)
      at HTMLUnknownElementImpl._dispatch (node_modules/jsdom/lib/jsdom/living/events/EventTarget-impl.js:233:9)
      at HTMLUnknownElementImpl.dispatchEvent (node_modules/jsdom/lib/jsdom/living/events/EventTarget-impl.js:104:17)
      at HTMLUnknownElement.dispatchEvent (node_modules/jsdom/lib/jsdom/living/generated/EventTarget.js:241:34)
      at Object.invokeGuardedCallbackDev (node_modules/react-dom/cjs/react-dom.development.js:4213:16)
      at invokeGuardedCallback (node_modules/react-dom/cjs/react-dom.development.js:4277:31)
      at beginWork$1 (node_modules/react-dom/cjs/react-dom.development.js:27490:7)
      at performUnitOfWork (node_modules/react-dom/cjs/react-dom.development.js:26599:12)
      at workLoopSync (node_modules/react-dom/cjs/react-dom.development.js:26505:5)
      at renderRootSync (node_modules/react-dom/cjs/react-dom.development.js:26473:7)
      at recoverFromConcurrentError (node_modules/react-dom/cjs/react-dom.development.js:25889:20)
      at performConcurrentWorkOnRoot (node_modules/react-dom/cjs/react-dom.development.js:25789:22)
      at flushActQueue (node_modules/react/cjs/react.development.js:2667:24)
      at act (node_modules/react/cjs/react.development.js:2582:11)
      at node_modules/@testing-library/react/dist/act-compat.js:46:25
      at renderRoot (node_modules/@testing-library/react/dist/pure.js:189:26)
      at render (node_modules/@testing-library/react/dist/pure.js:291:10)
      at Object.<anonymous> (src/app/login/responsive-layout.test.tsx:176:35)

    console.error
      The above error occurred in the <LoginForm> component:
      
          at className (/Users/ryan/Library/Mobile Documents/com~apple~CloudDocs/Documents/VSCode/Tax-App-Frontend/src/components/LoginForm.tsx:45:29)
          at div
          at children (/Users/ryan/Library/Mobile Documents/com~apple~CloudDocs/Documents/VSCode/Tax-App-Frontend/src/app/login/responsive-layout.test.tsx:62:19)
          at div
          at children (/Users/ryan/Library/Mobile Documents/com~apple~CloudDocs/Documents/VSCode/Tax-App-Frontend/src/app/login/responsive-layout.test.tsx:52:12)
          at div
          at div
          at div
          at children (/Users/ryan/Library/Mobile Documents/com~apple~CloudDocs/Documents/VSCode/Tax-App-Frontend/src/app/login/responsive-layout.test.tsx:47:21)
          at callbackUrl (/Users/ryan/Library/Mobile Documents/com~apple~CloudDocs/Documents/VSCode/Tax-App-Frontend/src/app/login/LoginPageClient.tsx:49:43)
      
      Consider adding an error boundary to your tree to customize error handling behavior.
      Visit https://reactjs.org/link/error-boundaries to learn more about error boundaries.

      174 |
      175 |     test('should maintain centered card layout on desktop', () => {
    > 176 |       const { container } = render(<LoginPageClient />);
          |                                   ^
      177 |
      178 |       const mainContainer = container.querySelector('.min-h-screen');
      179 |       expect(mainContainer).toHaveClass('flex', 'items-center', 'justify-center');

      at logCapturedError (node_modules/react-dom/cjs/react-dom.development.js:18704:23)
      at update.callback (node_modules/react-dom/cjs/react-dom.development.js:18737:5)
      at callCallback (node_modules/react-dom/cjs/react-dom.development.js:15036:12)
      at commitUpdateQueue (node_modules/react-dom/cjs/react-dom.development.js:15057:9)
      at commitLayoutEffectOnFiber (node_modules/react-dom/cjs/react-dom.development.js:23430:13)
      at commitLayoutMountEffects_complete (node_modules/react-dom/cjs/react-dom.development.js:24727:9)
      at commitLayoutEffects_begin (node_modules/react-dom/cjs/react-dom.development.js:24713:7)
      at commitLayoutEffects (node_modules/react-dom/cjs/react-dom.development.js:24651:3)
      at commitRootImpl (node_modules/react-dom/cjs/react-dom.development.js:26862:5)
      at commitRoot (node_modules/react-dom/cjs/react-dom.development.js:26721:5)
      at finishConcurrentRender (node_modules/react-dom/cjs/react-dom.development.js:25931:9)
      at performConcurrentWorkOnRoot (node_modules/react-dom/cjs/react-dom.development.js:25848:7)
      at flushActQueue (node_modules/react/cjs/react.development.js:2667:24)
      at act (node_modules/react/cjs/react.development.js:2582:11)
      at node_modules/@testing-library/react/dist/act-compat.js:46:25
      at renderRoot (node_modules/@testing-library/react/dist/pure.js:189:26)
      at render (node_modules/@testing-library/react/dist/pure.js:291:10)
      at Object.<anonymous> (src/app/login/responsive-layout.test.tsx:176:35)

    console.error
      Error: Uncaught [TypeError: Cannot read properties of undefined (reading 'state')]
          at reportException (/Users/ryan/Library/Mobile Documents/com~apple~CloudDocs/Documents/VSCode/Tax-App-Frontend/node_modules/jsdom/lib/jsdom/living/helpers/runtime-script-errors.js:66:24)
          at innerInvokeEventListeners (/Users/ryan/Library/Mobile Documents/com~apple~CloudDocs/Documents/VSCode/Tax-App-Frontend/node_modules/jsdom/lib/jsdom/living/events/EventTarget-impl.js:353:9)
          at invokeEventListeners (/Users/ryan/Library/Mobile Documents/com~apple~CloudDocs/Documents/VSCode/Tax-App-Frontend/node_modules/jsdom/lib/jsdom/living/events/EventTarget-impl.js:286:3)
          at HTMLUnknownElementImpl._dispatch (/Users/ryan/Library/Mobile Documents/com~apple~CloudDocs/Documents/VSCode/Tax-App-Frontend/node_modules/jsdom/lib/jsdom/living/events/EventTarget-impl.js:233:9)
          at HTMLUnknownElementImpl.dispatchEvent (/Users/ryan/Library/Mobile Documents/com~apple~CloudDocs/Documents/VSCode/Tax-App-Frontend/node_modules/jsdom/lib/jsdom/living/events/EventTarget-impl.js:104:17)
          at HTMLUnknownElement.dispatchEvent (/Users/ryan/Library/Mobile Documents/com~apple~CloudDocs/Documents/VSCode/Tax-App-Frontend/node_modules/jsdom/lib/jsdom/living/generated/EventTarget.js:241:34)
          at Object.invokeGuardedCallbackDev (/Users/ryan/Library/Mobile Documents/com~apple~CloudDocs/Documents/VSCode/Tax-App-Frontend/node_modules/react-dom/cjs/react-dom.development.js:4213:16)
          at invokeGuardedCallback (/Users/ryan/Library/Mobile Documents/com~apple~CloudDocs/Documents/VSCode/Tax-App-Frontend/node_modules/react-dom/cjs/react-dom.development.js:4277:31)
          at beginWork$1 (/Users/ryan/Library/Mobile Documents/com~apple~CloudDocs/Documents/VSCode/Tax-App-Frontend/node_modules/react-dom/cjs/react-dom.development.js:27490:7)
          at performUnitOfWork (/Users/ryan/Library/Mobile Documents/com~apple~CloudDocs/Documents/VSCode/Tax-App-Frontend/node_modules/react-dom/cjs/react-dom.development.js:26599:12)
          at workLoopSync (/Users/ryan/Library/Mobile Documents/com~apple~CloudDocs/Documents/VSCode/Tax-App-Frontend/node_modules/react-dom/cjs/react-dom.development.js:26505:5)
          at renderRootSync (/Users/ryan/Library/Mobile Documents/com~apple~CloudDocs/Documents/VSCode/Tax-App-Frontend/node_modules/react-dom/cjs/react-dom.development.js:26473:7)
          at performConcurrentWorkOnRoot (/Users/ryan/Library/Mobile Documents/com~apple~CloudDocs/Documents/VSCode/Tax-App-Frontend/node_modules/react-dom/cjs/react-dom.development.js:25777:74)
          at flushActQueue (/Users/ryan/Library/Mobile Documents/com~apple~CloudDocs/Documents/VSCode/Tax-App-Frontend/node_modules/react/cjs/react.development.js:2667:24)
          at act (/Users/ryan/Library/Mobile Documents/com~apple~CloudDocs/Documents/VSCode/Tax-App-Frontend/node_modules/react/cjs/react.development.js:2582:11)
          at /Users/ryan/Library/Mobile Documents/com~apple~CloudDocs/Documents/VSCode/Tax-App-Frontend/node_modules/@testing-library/react/dist/act-compat.js:46:25
          at renderRoot (/Users/ryan/Library/Mobile Documents/com~apple~CloudDocs/Documents/VSCode/Tax-App-Frontend/node_modules/@testing-library/react/dist/pure.js:189:26)
          at render (/Users/ryan/Library/Mobile Documents/com~apple~CloudDocs/Documents/VSCode/Tax-App-Frontend/node_modules/@testing-library/react/dist/pure.js:291:10)
          at Object.<anonymous> (/Users/ryan/Library/Mobile Documents/com~apple~CloudDocs/Documents/VSCode/Tax-App-Frontend/src/app/login/responsive-layout.test.tsx:185:13)
          at Promise.finally.completed (/Users/ryan/Library/Mobile Documents/com~apple~CloudDocs/Documents/VSCode/Tax-App-Frontend/node_modules/jest-circus/build/jestAdapterInit.js:1557:28)
          at new Promise (<anonymous>)
          at callAsyncCircusFn (/Users/ryan/Library/Mobile Documents/com~apple~CloudDocs/Documents/VSCode/Tax-App-Frontend/node_modules/jest-circus/build/jestAdapterInit.js:1497:10)
          at _callCircusTest (/Users/ryan/Library/Mobile Documents/com~apple~CloudDocs/Documents/VSCode/Tax-App-Frontend/node_modules/jest-circus/build/jestAdapterInit.js:1007:40)
          at processTicksAndRejections (node:internal/process/task_queues:95:5)
          at _runTest (/Users/ryan/Library/Mobile Documents/com~apple~CloudDocs/Documents/VSCode/Tax-App-Frontend/node_modules/jest-circus/build/jestAdapterInit.js:947:3)
          at /Users/ryan/Library/Mobile Documents/com~apple~CloudDocs/Documents/VSCode/Tax-App-Frontend/node_modules/jest-circus/build/jestAdapterInit.js:849:7
          at _runTestsForDescribeBlock (/Users/ryan/Library/Mobile Documents/com~apple~CloudDocs/Documents/VSCode/Tax-App-Frontend/node_modules/jest-circus/build/jestAdapterInit.js:862:11)
          at _runTestsForDescribeBlock (/Users/ryan/Library/Mobile Documents/com~apple~CloudDocs/Documents/VSCode/Tax-App-Frontend/node_modules/jest-circus/build/jestAdapterInit.js:857:11)
          at _runTestsForDescribeBlock (/Users/ryan/Library/Mobile Documents/com~apple~CloudDocs/Documents/VSCode/Tax-App-Frontend/node_modules/jest-circus/build/jestAdapterInit.js:857:11)
          at run (/Users/ryan/Library/Mobile Documents/com~apple~CloudDocs/Documents/VSCode/Tax-App-Frontend/node_modules/jest-circus/build/jestAdapterInit.js:761:3)
          at runAndTransformResultsToJestFormat (/Users/ryan/Library/Mobile Documents/com~apple~CloudDocs/Documents/VSCode/Tax-App-Frontend/node_modules/jest-circus/build/jestAdapterInit.js:1918:21)
          at jestAdapter (/Users/ryan/Library/Mobile Documents/com~apple~CloudDocs/Documents/VSCode/Tax-App-Frontend/node_modules/jest-circus/build/runner.js:101:19)
          at runTestInternal (/Users/ryan/Library/Mobile Documents/com~apple~CloudDocs/Documents/VSCode/Tax-App-Frontend/node_modules/jest-runner/build/testWorker.js:275:16)
          at runTest (/Users/ryan/Library/Mobile Documents/com~apple~CloudDocs/Documents/VSCode/Tax-App-Frontend/node_modules/jest-runner/build/testWorker.js:343:7)
          at Object.worker (/Users/ryan/Library/Mobile Documents/com~apple~CloudDocs/Documents/VSCode/Tax-App-Frontend/node_modules/jest-runner/build/testWorker.js:497:12) {
        detail: TypeError: Cannot read properties of undefined (reading 'state')
            at state (/Users/ryan/Library/Mobile Documents/com~apple~CloudDocs/Documents/VSCode/Tax-App-Frontend/src/components/LoginForm.tsx:93:15)
            at renderWithHooks (/Users/ryan/Library/Mobile Documents/com~apple~CloudDocs/Documents/VSCode/Tax-App-Frontend/node_modules/react-dom/cjs/react-dom.development.js:15486:18)
            at mountIndeterminateComponent (/Users/ryan/Library/Mobile Documents/com~apple~CloudDocs/Documents/VSCode/Tax-App-Frontend/node_modules/react-dom/cjs/react-dom.development.js:20103:13)
            at beginWork (/Users/ryan/Library/Mobile Documents/com~apple~CloudDocs/Documents/VSCode/Tax-App-Frontend/node_modules/react-dom/cjs/react-dom.development.js:21626:16)
            at HTMLUnknownElement.callCallback (/Users/ryan/Library/Mobile Documents/com~apple~CloudDocs/Documents/VSCode/Tax-App-Frontend/node_modules/react-dom/cjs/react-dom.development.js:4164:14)
            at HTMLUnknownElement.callTheUserObjectsOperation (/Users/ryan/Library/Mobile Documents/com~apple~CloudDocs/Documents/VSCode/Tax-App-Frontend/node_modules/jsdom/lib/jsdom/living/generated/EventListener.js:26:30)
            at innerInvokeEventListeners (/Users/ryan/Library/Mobile Documents/com~apple~CloudDocs/Documents/VSCode/Tax-App-Frontend/node_modules/jsdom/lib/jsdom/living/events/EventTarget-impl.js:350:25)
            at invokeEventListeners (/Users/ryan/Library/Mobile Documents/com~apple~CloudDocs/Documents/VSCode/Tax-App-Frontend/node_modules/jsdom/lib/jsdom/living/events/EventTarget-impl.js:286:3)
            at HTMLUnknownElementImpl._dispatch (/Users/ryan/Library/Mobile Documents/com~apple~CloudDocs/Documents/VSCode/Tax-App-Frontend/node_modules/jsdom/lib/jsdom/living/events/EventTarget-impl.js:233:9)
            at HTMLUnknownElementImpl.dispatchEvent (/Users/ryan/Library/Mobile Documents/com~apple~CloudDocs/Documents/VSCode/Tax-App-Frontend/node_modules/jsdom/lib/jsdom/living/events/EventTarget-impl.js:104:17)
            at HTMLUnknownElement.dispatchEvent (/Users/ryan/Library/Mobile Documents/com~apple~CloudDocs/Documents/VSCode/Tax-App-Frontend/node_modules/jsdom/lib/jsdom/living/generated/EventTarget.js:241:34)
            at Object.invokeGuardedCallbackDev (/Users/ryan/Library/Mobile Documents/com~apple~CloudDocs/Documents/VSCode/Tax-App-Frontend/node_modules/react-dom/cjs/react-dom.development.js:4213:16)
            at invokeGuardedCallback (/Users/ryan/Library/Mobile Documents/com~apple~CloudDocs/Documents/VSCode/Tax-App-Frontend/node_modules/react-dom/cjs/react-dom.development.js:4277:31)
            at beginWork$1 (/Users/ryan/Library/Mobile Documents/com~apple~CloudDocs/Documents/VSCode/Tax-App-Frontend/node_modules/react-dom/cjs/react-dom.development.js:27490:7)
            at performUnitOfWork (/Users/ryan/Library/Mobile Documents/com~apple~CloudDocs/Documents/VSCode/Tax-App-Frontend/node_modules/react-dom/cjs/react-dom.development.js:26599:12)
            at workLoopSync (/Users/ryan/Library/Mobile Documents/com~apple~CloudDocs/Documents/VSCode/Tax-App-Frontend/node_modules/react-dom/cjs/react-dom.development.js:26505:5)
            at renderRootSync (/Users/ryan/Library/Mobile Documents/com~apple~CloudDocs/Documents/VSCode/Tax-App-Frontend/node_modules/react-dom/cjs/react-dom.development.js:26473:7)
            at performConcurrentWorkOnRoot (/Users/ryan/Library/Mobile Documents/com~apple~CloudDocs/Documents/VSCode/Tax-App-Frontend/node_modules/react-dom/cjs/react-dom.development.js:25777:74)
            at flushActQueue (/Users/ryan/Library/Mobile Documents/com~apple~CloudDocs/Documents/VSCode/Tax-App-Frontend/node_modules/react/cjs/react.development.js:2667:24)
            at act (/Users/ryan/Library/Mobile Documents/com~apple~CloudDocs/Documents/VSCode/Tax-App-Frontend/node_modules/react/cjs/react.development.js:2582:11)
            at /Users/ryan/Library/Mobile Documents/com~apple~CloudDocs/Documents/VSCode/Tax-App-Frontend/node_modules/@testing-library/react/dist/act-compat.js:46:25
            at renderRoot (/Users/ryan/Library/Mobile Documents/com~apple~CloudDocs/Documents/VSCode/Tax-App-Frontend/node_modules/@testing-library/react/dist/pure.js:189:26)
            at render (/Users/ryan/Library/Mobile Documents/com~apple~CloudDocs/Documents/VSCode/Tax-App-Frontend/node_modules/@testing-library/react/dist/pure.js:291:10)
            at Object.<anonymous> (/Users/ryan/Library/Mobile Documents/com~apple~CloudDocs/Documents/VSCode/Tax-App-Frontend/src/app/login/responsive-layout.test.tsx:185:13)
            at Promise.finally.completed (/Users/ryan/Library/Mobile Documents/com~apple~CloudDocs/Documents/VSCode/Tax-App-Frontend/node_modules/jest-circus/build/jestAdapterInit.js:1557:28)
            at new Promise (<anonymous>)
            at callAsyncCircusFn (/Users/ryan/Library/Mobile Documents/com~apple~CloudDocs/Documents/VSCode/Tax-App-Frontend/node_modules/jest-circus/build/jestAdapterInit.js:1497:10)
            at _callCircusTest (/Users/ryan/Library/Mobile Documents/com~apple~CloudDocs/Documents/VSCode/Tax-App-Frontend/node_modules/jest-circus/build/jestAdapterInit.js:1007:40)
            at processTicksAndRejections (node:internal/process/task_queues:95:5)
            at _runTest (/Users/ryan/Library/Mobile Documents/com~apple~CloudDocs/Documents/VSCode/Tax-App-Frontend/node_modules/jest-circus/build/jestAdapterInit.js:947:3)
            at /Users/ryan/Library/Mobile Documents/com~apple~CloudDocs/Documents/VSCode/Tax-App-Frontend/node_modules/jest-circus/build/jestAdapterInit.js:849:7
            at _runTestsForDescribeBlock (/Users/ryan/Library/Mobile Documents/com~apple~CloudDocs/Documents/VSCode/Tax-App-Frontend/node_modules/jest-circus/build/jestAdapterInit.js:862:11)
            at _runTestsForDescribeBlock (/Users/ryan/Library/Mobile Documents/com~apple~CloudDocs/Documents/VSCode/Tax-App-Frontend/node_modules/jest-circus/build/jestAdapterInit.js:857:11)
            at _runTestsForDescribeBlock (/Users/ryan/Library/Mobile Documents/com~apple~CloudDocs/Documents/VSCode/Tax-App-Frontend/node_modules/jest-circus/build/jestAdapterInit.js:857:11)
            at run (/Users/ryan/Library/Mobile Documents/com~apple~CloudDocs/Documents/VSCode/Tax-App-Frontend/node_modules/jest-circus/build/jestAdapterInit.js:761:3)
            at runAndTransformResultsToJestFormat (/Users/ryan/Library/Mobile Documents/com~apple~CloudDocs/Documents/VSCode/Tax-App-Frontend/node_modules/jest-circus/build/jestAdapterInit.js:1918:21)
            at jestAdapter (/Users/ryan/Library/Mobile Documents/com~apple~CloudDocs/Documents/VSCode/Tax-App-Frontend/node_modules/jest-circus/build/runner.js:101:19)
            at runTestInternal (/Users/ryan/Library/Mobile Documents/com~apple~CloudDocs/Documents/VSCode/Tax-App-Frontend/node_modules/jest-runner/build/testWorker.js:275:16)
            at runTest (/Users/ryan/Library/Mobile Documents/com~apple~CloudDocs/Documents/VSCode/Tax-App-Frontend/node_modules/jest-runner/build/testWorker.js:343:7)
            at Object.worker (/Users/ryan/Library/Mobile Documents/com~apple~CloudDocs/Documents/VSCode/Tax-App-Frontend/node_modules/jest-runner/build/testWorker.js:497:12),
        type: 'unhandled exception'
      }

      183 |   describe('Requirement 6.4: Touch-Friendly Button Sizes (minimum 44x44px)', () => {
      184 |     test('should render submit button with minimum height of 44px on mobile', () => {
    > 185 |       render(<LoginPageClient />);
          |             ^
      186 |
      187 |       const submitButton = screen.getByRole('button', { name: /sign in/i });
      188 |       expect(submitButton).toBeInTheDocument();

      at VirtualConsole.<anonymous> (node_modules/@jest/environment-jsdom-abstract/build/index.js:87:23)
      at reportException (node_modules/jsdom/lib/jsdom/living/helpers/runtime-script-errors.js:70:28)
      at innerInvokeEventListeners (node_modules/jsdom/lib/jsdom/living/events/EventTarget-impl.js:353:9)
      at invokeEventListeners (node_modules/jsdom/lib/jsdom/living/events/EventTarget-impl.js:286:3)
      at HTMLUnknownElementImpl._dispatch (node_modules/jsdom/lib/jsdom/living/events/EventTarget-impl.js:233:9)
      at HTMLUnknownElementImpl.dispatchEvent (node_modules/jsdom/lib/jsdom/living/events/EventTarget-impl.js:104:17)
      at HTMLUnknownElement.dispatchEvent (node_modules/jsdom/lib/jsdom/living/generated/EventTarget.js:241:34)
      at Object.invokeGuardedCallbackDev (node_modules/react-dom/cjs/react-dom.development.js:4213:16)
      at invokeGuardedCallback (node_modules/react-dom/cjs/react-dom.development.js:4277:31)
      at beginWork$1 (node_modules/react-dom/cjs/react-dom.development.js:27490:7)
      at performUnitOfWork (node_modules/react-dom/cjs/react-dom.development.js:26599:12)
      at workLoopSync (node_modules/react-dom/cjs/react-dom.development.js:26505:5)
      at renderRootSync (node_modules/react-dom/cjs/react-dom.development.js:26473:7)
      at performConcurrentWorkOnRoot (node_modules/react-dom/cjs/react-dom.development.js:25777:74)
      at flushActQueue (node_modules/react/cjs/react.development.js:2667:24)
      at act (node_modules/react/cjs/react.development.js:2582:11)
      at node_modules/@testing-library/react/dist/act-compat.js:46:25
      at renderRoot (node_modules/@testing-library/react/dist/pure.js:189:26)
      at render (node_modules/@testing-library/react/dist/pure.js:291:10)
      at Object.<anonymous> (src/app/login/responsive-layout.test.tsx:185:13)

    console.error
      Error: Uncaught [TypeError: Cannot read properties of undefined (reading 'state')]
          at reportException (/Users/ryan/Library/Mobile Documents/com~apple~CloudDocs/Documents/VSCode/Tax-App-Frontend/node_modules/jsdom/lib/jsdom/living/helpers/runtime-script-errors.js:66:24)
          at innerInvokeEventListeners (/Users/ryan/Library/Mobile Documents/com~apple~CloudDocs/Documents/VSCode/Tax-App-Frontend/node_modules/jsdom/lib/jsdom/living/events/EventTarget-impl.js:353:9)
          at invokeEventListeners (/Users/ryan/Library/Mobile Documents/com~apple~CloudDocs/Documents/VSCode/Tax-App-Frontend/node_modules/jsdom/lib/jsdom/living/events/EventTarget-impl.js:286:3)
          at HTMLUnknownElementImpl._dispatch (/Users/ryan/Library/Mobile Documents/com~apple~CloudDocs/Documents/VSCode/Tax-App-Frontend/node_modules/jsdom/lib/jsdom/living/events/EventTarget-impl.js:233:9)
          at HTMLUnknownElementImpl.dispatchEvent (/Users/ryan/Library/Mobile Documents/com~apple~CloudDocs/Documents/VSCode/Tax-App-Frontend/node_modules/jsdom/lib/jsdom/living/events/EventTarget-impl.js:104:17)
          at HTMLUnknownElement.dispatchEvent (/Users/ryan/Library/Mobile Documents/com~apple~CloudDocs/Documents/VSCode/Tax-App-Frontend/node_modules/jsdom/lib/jsdom/living/generated/EventTarget.js:241:34)
          at Object.invokeGuardedCallbackDev (/Users/ryan/Library/Mobile Documents/com~apple~CloudDocs/Documents/VSCode/Tax-App-Frontend/node_modules/react-dom/cjs/react-dom.development.js:4213:16)
          at invokeGuardedCallback (/Users/ryan/Library/Mobile Documents/com~apple~CloudDocs/Documents/VSCode/Tax-App-Frontend/node_modules/react-dom/cjs/react-dom.development.js:4277:31)
          at beginWork$1 (/Users/ryan/Library/Mobile Documents/com~apple~CloudDocs/Documents/VSCode/Tax-App-Frontend/node_modules/react-dom/cjs/react-dom.development.js:27490:7)
          at performUnitOfWork (/Users/ryan/Library/Mobile Documents/com~apple~CloudDocs/Documents/VSCode/Tax-App-Frontend/node_modules/react-dom/cjs/react-dom.development.js:26599:12)
          at workLoopSync (/Users/ryan/Library/Mobile Documents/com~apple~CloudDocs/Documents/VSCode/Tax-App-Frontend/node_modules/react-dom/cjs/react-dom.development.js:26505:5)
          at renderRootSync (/Users/ryan/Library/Mobile Documents/com~apple~CloudDocs/Documents/VSCode/Tax-App-Frontend/node_modules/react-dom/cjs/react-dom.development.js:26473:7)
          at recoverFromConcurrentError (/Users/ryan/Library/Mobile Documents/com~apple~CloudDocs/Documents/VSCode/Tax-App-Frontend/node_modules/react-dom/cjs/react-dom.development.js:25889:20)
          at performConcurrentWorkOnRoot (/Users/ryan/Library/Mobile Documents/com~apple~CloudDocs/Documents/VSCode/Tax-App-Frontend/node_modules/react-dom/cjs/react-dom.development.js:25789:22)
          at flushActQueue (/Users/ryan/Library/Mobile Documents/com~apple~CloudDocs/Documents/VSCode/Tax-App-Frontend/node_modules/react/cjs/react.development.js:2667:24)
          at act (/Users/ryan/Library/Mobile Documents/com~apple~CloudDocs/Documents/VSCode/Tax-App-Frontend/node_modules/react/cjs/react.development.js:2582:11)
          at /Users/ryan/Library/Mobile Documents/com~apple~CloudDocs/Documents/VSCode/Tax-App-Frontend/node_modules/@testing-library/react/dist/act-compat.js:46:25
          at renderRoot (/Users/ryan/Library/Mobile Documents/com~apple~CloudDocs/Documents/VSCode/Tax-App-Frontend/node_modules/@testing-library/react/dist/pure.js:189:26)
          at render (/Users/ryan/Library/Mobile Documents/com~apple~CloudDocs/Documents/VSCode/Tax-App-Frontend/node_modules/@testing-library/react/dist/pure.js:291:10)
          at Object.<anonymous> (/Users/ryan/Library/Mobile Documents/com~apple~CloudDocs/Documents/VSCode/Tax-App-Frontend/src/app/login/responsive-layout.test.tsx:185:13)
          at Promise.finally.completed (/Users/ryan/Library/Mobile Documents/com~apple~CloudDocs/Documents/VSCode/Tax-App-Frontend/node_modules/jest-circus/build/jestAdapterInit.js:1557:28)
          at new Promise (<anonymous>)
          at callAsyncCircusFn (/Users/ryan/Library/Mobile Documents/com~apple~CloudDocs/Documents/VSCode/Tax-App-Frontend/node_modules/jest-circus/build/jestAdapterInit.js:1497:10)
          at _callCircusTest (/Users/ryan/Library/Mobile Documents/com~apple~CloudDocs/Documents/VSCode/Tax-App-Frontend/node_modules/jest-circus/build/jestAdapterInit.js:1007:40)
          at processTicksAndRejections (node:internal/process/task_queues:95:5)
          at _runTest (/Users/ryan/Library/Mobile Documents/com~apple~CloudDocs/Documents/VSCode/Tax-App-Frontend/node_modules/jest-circus/build/jestAdapterInit.js:947:3)
          at /Users/ryan/Library/Mobile Documents/com~apple~CloudDocs/Documents/VSCode/Tax-App-Frontend/node_modules/jest-circus/build/jestAdapterInit.js:849:7
          at _runTestsForDescribeBlock (/Users/ryan/Library/Mobile Documents/com~apple~CloudDocs/Documents/VSCode/Tax-App-Frontend/node_modules/jest-circus/build/jestAdapterInit.js:862:11)
          at _runTestsForDescribeBlock (/Users/ryan/Library/Mobile Documents/com~apple~CloudDocs/Documents/VSCode/Tax-App-Frontend/node_modules/jest-circus/build/jestAdapterInit.js:857:11)
          at _runTestsForDescribeBlock (/Users/ryan/Library/Mobile Documents/com~apple~CloudDocs/Documents/VSCode/Tax-App-Frontend/node_modules/jest-circus/build/jestAdapterInit.js:857:11)
          at run (/Users/ryan/Library/Mobile Documents/com~apple~CloudDocs/Documents/VSCode/Tax-App-Frontend/node_modules/jest-circus/build/jestAdapterInit.js:761:3)
          at runAndTransformResultsToJestFormat (/Users/ryan/Library/Mobile Documents/com~apple~CloudDocs/Documents/VSCode/Tax-App-Frontend/node_modules/jest-circus/build/jestAdapterInit.js:1918:21)
          at jestAdapter (/Users/ryan/Library/Mobile Documents/com~apple~CloudDocs/Documents/VSCode/Tax-App-Frontend/node_modules/jest-circus/build/runner.js:101:19)
          at runTestInternal (/Users/ryan/Library/Mobile Documents/com~apple~CloudDocs/Documents/VSCode/Tax-App-Frontend/node_modules/jest-runner/build/testWorker.js:275:16)
          at runTest (/Users/ryan/Library/Mobile Documents/com~apple~CloudDocs/Documents/VSCode/Tax-App-Frontend/node_modules/jest-runner/build/testWorker.js:343:7)
          at Object.worker (/Users/ryan/Library/Mobile Documents/com~apple~CloudDocs/Documents/VSCode/Tax-App-Frontend/node_modules/jest-runner/build/testWorker.js:497:12) {
        detail: TypeError: Cannot read properties of undefined (reading 'state')
            at state (/Users/ryan/Library/Mobile Documents/com~apple~CloudDocs/Documents/VSCode/Tax-App-Frontend/src/components/LoginForm.tsx:93:15)
            at renderWithHooks (/Users/ryan/Library/Mobile Documents/com~apple~CloudDocs/Documents/VSCode/Tax-App-Frontend/node_modules/react-dom/cjs/react-dom.development.js:15486:18)
            at mountIndeterminateComponent (/Users/ryan/Library/Mobile Documents/com~apple~CloudDocs/Documents/VSCode/Tax-App-Frontend/node_modules/react-dom/cjs/react-dom.development.js:20103:13)
            at beginWork (/Users/ryan/Library/Mobile Documents/com~apple~CloudDocs/Documents/VSCode/Tax-App-Frontend/node_modules/react-dom/cjs/react-dom.development.js:21626:16)
            at HTMLUnknownElement.callCallback (/Users/ryan/Library/Mobile Documents/com~apple~CloudDocs/Documents/VSCode/Tax-App-Frontend/node_modules/react-dom/cjs/react-dom.development.js:4164:14)
            at HTMLUnknownElement.callTheUserObjectsOperation (/Users/ryan/Library/Mobile Documents/com~apple~CloudDocs/Documents/VSCode/Tax-App-Frontend/node_modules/jsdom/lib/jsdom/living/generated/EventListener.js:26:30)
            at innerInvokeEventListeners (/Users/ryan/Library/Mobile Documents/com~apple~CloudDocs/Documents/VSCode/Tax-App-Frontend/node_modules/jsdom/lib/jsdom/living/events/EventTarget-impl.js:350:25)
            at invokeEventListeners (/Users/ryan/Library/Mobile Documents/com~apple~CloudDocs/Documents/VSCode/Tax-App-Frontend/node_modules/jsdom/lib/jsdom/living/events/EventTarget-impl.js:286:3)
            at HTMLUnknownElementImpl._dispatch (/Users/ryan/Library/Mobile Documents/com~apple~CloudDocs/Documents/VSCode/Tax-App-Frontend/node_modules/jsdom/lib/jsdom/living/events/EventTarget-impl.js:233:9)
            at HTMLUnknownElementImpl.dispatchEvent (/Users/ryan/Library/Mobile Documents/com~apple~CloudDocs/Documents/VSCode/Tax-App-Frontend/node_modules/jsdom/lib/jsdom/living/events/EventTarget-impl.js:104:17)
            at HTMLUnknownElement.dispatchEvent (/Users/ryan/Library/Mobile Documents/com~apple~CloudDocs/Documents/VSCode/Tax-App-Frontend/node_modules/jsdom/lib/jsdom/living/generated/EventTarget.js:241:34)
            at Object.invokeGuardedCallbackDev (/Users/ryan/Library/Mobile Documents/com~apple~CloudDocs/Documents/VSCode/Tax-App-Frontend/node_modules/react-dom/cjs/react-dom.development.js:4213:16)
            at invokeGuardedCallback (/Users/ryan/Library/Mobile Documents/com~apple~CloudDocs/Documents/VSCode/Tax-App-Frontend/node_modules/react-dom/cjs/react-dom.development.js:4277:31)
            at beginWork$1 (/Users/ryan/Library/Mobile Documents/com~apple~CloudDocs/Documents/VSCode/Tax-App-Frontend/node_modules/react-dom/cjs/react-dom.development.js:27490:7)
            at performUnitOfWork (/Users/ryan/Library/Mobile Documents/com~apple~CloudDocs/Documents/VSCode/Tax-App-Frontend/node_modules/react-dom/cjs/react-dom.development.js:26599:12)
            at workLoopSync (/Users/ryan/Library/Mobile Documents/com~apple~CloudDocs/Documents/VSCode/Tax-App-Frontend/node_modules/react-dom/cjs/react-dom.development.js:26505:5)
            at renderRootSync (/Users/ryan/Library/Mobile Documents/com~apple~CloudDocs/Documents/VSCode/Tax-App-Frontend/node_modules/react-dom/cjs/react-dom.development.js:26473:7)
            at recoverFromConcurrentError (/Users/ryan/Library/Mobile Documents/com~apple~CloudDocs/Documents/VSCode/Tax-App-Frontend/node_modules/react-dom/cjs/react-dom.development.js:25889:20)
            at performConcurrentWorkOnRoot (/Users/ryan/Library/Mobile Documents/com~apple~CloudDocs/Documents/VSCode/Tax-App-Frontend/node_modules/react-dom/cjs/react-dom.development.js:25789:22)
            at flushActQueue (/Users/ryan/Library/Mobile Documents/com~apple~CloudDocs/Documents/VSCode/Tax-App-Frontend/node_modules/react/cjs/react.development.js:2667:24)
            at act (/Users/ryan/Library/Mobile Documents/com~apple~CloudDocs/Documents/VSCode/Tax-App-Frontend/node_modules/react/cjs/react.development.js:2582:11)
            at /Users/ryan/Library/Mobile Documents/com~apple~CloudDocs/Documents/VSCode/Tax-App-Frontend/node_modules/@testing-library/react/dist/act-compat.js:46:25
            at renderRoot (/Users/ryan/Library/Mobile Documents/com~apple~CloudDocs/Documents/VSCode/Tax-App-Frontend/node_modules/@testing-library/react/dist/pure.js:189:26)
            at render (/Users/ryan/Library/Mobile Documents/com~apple~CloudDocs/Documents/VSCode/Tax-App-Frontend/node_modules/@testing-library/react/dist/pure.js:291:10)
            at Object.<anonymous> (/Users/ryan/Library/Mobile Documents/com~apple~CloudDocs/Documents/VSCode/Tax-App-Frontend/src/app/login/responsive-layout.test.tsx:185:13)
            at Promise.finally.completed (/Users/ryan/Library/Mobile Documents/com~apple~CloudDocs/Documents/VSCode/Tax-App-Frontend/node_modules/jest-circus/build/jestAdapterInit.js:1557:28)
            at new Promise (<anonymous>)
            at callAsyncCircusFn (/Users/ryan/Library/Mobile Documents/com~apple~CloudDocs/Documents/VSCode/Tax-App-Frontend/node_modules/jest-circus/build/jestAdapterInit.js:1497:10)
            at _callCircusTest (/Users/ryan/Library/Mobile Documents/com~apple~CloudDocs/Documents/VSCode/Tax-App-Frontend/node_modules/jest-circus/build/jestAdapterInit.js:1007:40)
            at processTicksAndRejections (node:internal/process/task_queues:95:5)
            at _runTest (/Users/ryan/Library/Mobile Documents/com~apple~CloudDocs/Documents/VSCode/Tax-App-Frontend/node_modules/jest-circus/build/jestAdapterInit.js:947:3)
            at /Users/ryan/Library/Mobile Documents/com~apple~CloudDocs/Documents/VSCode/Tax-App-Frontend/node_modules/jest-circus/build/jestAdapterInit.js:849:7
            at _runTestsForDescribeBlock (/Users/ryan/Library/Mobile Documents/com~apple~CloudDocs/Documents/VSCode/Tax-App-Frontend/node_modules/jest-circus/build/jestAdapterInit.js:862:11)
            at _runTestsForDescribeBlock (/Users/ryan/Library/Mobile Documents/com~apple~CloudDocs/Documents/VSCode/Tax-App-Frontend/node_modules/jest-circus/build/jestAdapterInit.js:857:11)
            at _runTestsForDescribeBlock (/Users/ryan/Library/Mobile Documents/com~apple~CloudDocs/Documents/VSCode/Tax-App-Frontend/node_modules/jest-circus/build/jestAdapterInit.js:857:11)
            at run (/Users/ryan/Library/Mobile Documents/com~apple~CloudDocs/Documents/VSCode/Tax-App-Frontend/node_modules/jest-circus/build/jestAdapterInit.js:761:3)
            at runAndTransformResultsToJestFormat (/Users/ryan/Library/Mobile Documents/com~apple~CloudDocs/Documents/VSCode/Tax-App-Frontend/node_modules/jest-circus/build/jestAdapterInit.js:1918:21)
            at jestAdapter (/Users/ryan/Library/Mobile Documents/com~apple~CloudDocs/Documents/VSCode/Tax-App-Frontend/node_modules/jest-circus/build/runner.js:101:19)
            at runTestInternal (/Users/ryan/Library/Mobile Documents/com~apple~CloudDocs/Documents/VSCode/Tax-App-Frontend/node_modules/jest-runner/build/testWorker.js:275:16)
            at runTest (/Users/ryan/Library/Mobile Documents/com~apple~CloudDocs/Documents/VSCode/Tax-App-Frontend/node_modules/jest-runner/build/testWorker.js:343:7)
            at Object.worker (/Users/ryan/Library/Mobile Documents/com~apple~CloudDocs/Documents/VSCode/Tax-App-Frontend/node_modules/jest-runner/build/testWorker.js:497:12),
        type: 'unhandled exception'
      }

      183 |   describe('Requirement 6.4: Touch-Friendly Button Sizes (minimum 44x44px)', () => {
      184 |     test('should render submit button with minimum height of 44px on mobile', () => {
    > 185 |       render(<LoginPageClient />);
          |             ^
      186 |
      187 |       const submitButton = screen.getByRole('button', { name: /sign in/i });
      188 |       expect(submitButton).toBeInTheDocument();

      at VirtualConsole.<anonymous> (node_modules/@jest/environment-jsdom-abstract/build/index.js:87:23)
      at reportException (node_modules/jsdom/lib/jsdom/living/helpers/runtime-script-errors.js:70:28)
      at innerInvokeEventListeners (node_modules/jsdom/lib/jsdom/living/events/EventTarget-impl.js:353:9)
      at invokeEventListeners (node_modules/jsdom/lib/jsdom/living/events/EventTarget-impl.js:286:3)
      at HTMLUnknownElementImpl._dispatch (node_modules/jsdom/lib/jsdom/living/events/EventTarget-impl.js:233:9)
      at HTMLUnknownElementImpl.dispatchEvent (node_modules/jsdom/lib/jsdom/living/events/EventTarget-impl.js:104:17)
      at HTMLUnknownElement.dispatchEvent (node_modules/jsdom/lib/jsdom/living/generated/EventTarget.js:241:34)
      at Object.invokeGuardedCallbackDev (node_modules/react-dom/cjs/react-dom.development.js:4213:16)
      at invokeGuardedCallback (node_modules/react-dom/cjs/react-dom.development.js:4277:31)
      at beginWork$1 (node_modules/react-dom/cjs/react-dom.development.js:27490:7)
      at performUnitOfWork (node_modules/react-dom/cjs/react-dom.development.js:26599:12)
      at workLoopSync (node_modules/react-dom/cjs/react-dom.development.js:26505:5)
      at renderRootSync (node_modules/react-dom/cjs/react-dom.development.js:26473:7)
      at recoverFromConcurrentError (node_modules/react-dom/cjs/react-dom.development.js:25889:20)
      at performConcurrentWorkOnRoot (node_modules/react-dom/cjs/react-dom.development.js:25789:22)
      at flushActQueue (node_modules/react/cjs/react.development.js:2667:24)
      at act (node_modules/react/cjs/react.development.js:2582:11)
      at node_modules/@testing-library/react/dist/act-compat.js:46:25
      at renderRoot (node_modules/@testing-library/react/dist/pure.js:189:26)
      at render (node_modules/@testing-library/react/dist/pure.js:291:10)
      at Object.<anonymous> (src/app/login/responsive-layout.test.tsx:185:13)

    console.error
      The above error occurred in the <LoginForm> component:
      
          at className (/Users/ryan/Library/Mobile Documents/com~apple~CloudDocs/Documents/VSCode/Tax-App-Frontend/src/components/LoginForm.tsx:45:29)
          at div
          at children (/Users/ryan/Library/Mobile Documents/com~apple~CloudDocs/Documents/VSCode/Tax-App-Frontend/src/app/login/responsive-layout.test.tsx:62:19)
          at div
          at children (/Users/ryan/Library/Mobile Documents/com~apple~CloudDocs/Documents/VSCode/Tax-App-Frontend/src/app/login/responsive-layout.test.tsx:52:12)
          at div
          at div
          at div
          at children (/Users/ryan/Library/Mobile Documents/com~apple~CloudDocs/Documents/VSCode/Tax-App-Frontend/src/app/login/responsive-layout.test.tsx:47:21)
          at callbackUrl (/Users/ryan/Library/Mobile Documents/com~apple~CloudDocs/Documents/VSCode/Tax-App-Frontend/src/app/login/LoginPageClient.tsx:49:43)
      
      Consider adding an error boundary to your tree to customize error handling behavior.
      Visit https://reactjs.org/link/error-boundaries to learn more about error boundaries.

      183 |   describe('Requirement 6.4: Touch-Friendly Button Sizes (minimum 44x44px)', () => {
      184 |     test('should render submit button with minimum height of 44px on mobile', () => {
    > 185 |       render(<LoginPageClient />);
          |             ^
      186 |
      187 |       const submitButton = screen.getByRole('button', { name: /sign in/i });
      188 |       expect(submitButton).toBeInTheDocument();

      at logCapturedError (node_modules/react-dom/cjs/react-dom.development.js:18704:23)
      at update.callback (node_modules/react-dom/cjs/react-dom.development.js:18737:5)
      at callCallback (node_modules/react-dom/cjs/react-dom.development.js:15036:12)
      at commitUpdateQueue (node_modules/react-dom/cjs/react-dom.development.js:15057:9)
      at commitLayoutEffectOnFiber (node_modules/react-dom/cjs/react-dom.development.js:23430:13)
      at commitLayoutMountEffects_complete (node_modules/react-dom/cjs/react-dom.development.js:24727:9)
      at commitLayoutEffects_begin (node_modules/react-dom/cjs/react-dom.development.js:24713:7)
      at commitLayoutEffects (node_modules/react-dom/cjs/react-dom.development.js:24651:3)
      at commitRootImpl (node_modules/react-dom/cjs/react-dom.development.js:26862:5)
      at commitRoot (node_modules/react-dom/cjs/react-dom.development.js:26721:5)
      at finishConcurrentRender (node_modules/react-dom/cjs/react-dom.development.js:25931:9)
      at performConcurrentWorkOnRoot (node_modules/react-dom/cjs/react-dom.development.js:25848:7)
      at flushActQueue (node_modules/react/cjs/react.development.js:2667:24)
      at act (node_modules/react/cjs/react.development.js:2582:11)
      at node_modules/@testing-library/react/dist/act-compat.js:46:25
      at renderRoot (node_modules/@testing-library/react/dist/pure.js:189:26)
      at render (node_modules/@testing-library/react/dist/pure.js:291:10)
      at Object.<anonymous> (src/app/login/responsive-layout.test.tsx:185:13)

    console.error
      Error: Uncaught [TypeError: Cannot read properties of undefined (reading 'state')]
          at reportException (/Users/ryan/Library/Mobile Documents/com~apple~CloudDocs/Documents/VSCode/Tax-App-Frontend/node_modules/jsdom/lib/jsdom/living/helpers/runtime-script-errors.js:66:24)
          at innerInvokeEventListeners (/Users/ryan/Library/Mobile Documents/com~apple~CloudDocs/Documents/VSCode/Tax-App-Frontend/node_modules/jsdom/lib/jsdom/living/events/EventTarget-impl.js:353:9)
          at invokeEventListeners (/Users/ryan/Library/Mobile Documents/com~apple~CloudDocs/Documents/VSCode/Tax-App-Frontend/node_modules/jsdom/lib/jsdom/living/events/EventTarget-impl.js:286:3)
          at HTMLUnknownElementImpl._dispatch (/Users/ryan/Library/Mobile Documents/com~apple~CloudDocs/Documents/VSCode/Tax-App-Frontend/node_modules/jsdom/lib/jsdom/living/events/EventTarget-impl.js:233:9)
          at HTMLUnknownElementImpl.dispatchEvent (/Users/ryan/Library/Mobile Documents/com~apple~CloudDocs/Documents/VSCode/Tax-App-Frontend/node_modules/jsdom/lib/jsdom/living/events/EventTarget-impl.js:104:17)
          at HTMLUnknownElement.dispatchEvent (/Users/ryan/Library/Mobile Documents/com~apple~CloudDocs/Documents/VSCode/Tax-App-Frontend/node_modules/jsdom/lib/jsdom/living/generated/EventTarget.js:241:34)
          at Object.invokeGuardedCallbackDev (/Users/ryan/Library/Mobile Documents/com~apple~CloudDocs/Documents/VSCode/Tax-App-Frontend/node_modules/react-dom/cjs/react-dom.development.js:4213:16)
          at invokeGuardedCallback (/Users/ryan/Library/Mobile Documents/com~apple~CloudDocs/Documents/VSCode/Tax-App-Frontend/node_modules/react-dom/cjs/react-dom.development.js:4277:31)
          at beginWork$1 (/Users/ryan/Library/Mobile Documents/com~apple~CloudDocs/Documents/VSCode/Tax-App-Frontend/node_modules/react-dom/cjs/react-dom.development.js:27490:7)
          at performUnitOfWork (/Users/ryan/Library/Mobile Documents/com~apple~CloudDocs/Documents/VSCode/Tax-App-Frontend/node_modules/react-dom/cjs/react-dom.development.js:26599:12)
          at workLoopSync (/Users/ryan/Library/Mobile Documents/com~apple~CloudDocs/Documents/VSCode/Tax-App-Frontend/node_modules/react-dom/cjs/react-dom.development.js:26505:5)
          at renderRootSync (/Users/ryan/Library/Mobile Documents/com~apple~CloudDocs/Documents/VSCode/Tax-App-Frontend/node_modules/react-dom/cjs/react-dom.development.js:26473:7)
          at performConcurrentWorkOnRoot (/Users/ryan/Library/Mobile Documents/com~apple~CloudDocs/Documents/VSCode/Tax-App-Frontend/node_modules/react-dom/cjs/react-dom.development.js:25777:74)
          at flushActQueue (/Users/ryan/Library/Mobile Documents/com~apple~CloudDocs/Documents/VSCode/Tax-App-Frontend/node_modules/react/cjs/react.development.js:2667:24)
          at act (/Users/ryan/Library/Mobile Documents/com~apple~CloudDocs/Documents/VSCode/Tax-App-Frontend/node_modules/react/cjs/react.development.js:2582:11)
          at /Users/ryan/Library/Mobile Documents/com~apple~CloudDocs/Documents/VSCode/Tax-App-Frontend/node_modules/@testing-library/react/dist/act-compat.js:46:25
          at renderRoot (/Users/ryan/Library/Mobile Documents/com~apple~CloudDocs/Documents/VSCode/Tax-App-Frontend/node_modules/@testing-library/react/dist/pure.js:189:26)
          at render (/Users/ryan/Library/Mobile Documents/com~apple~CloudDocs/Documents/VSCode/Tax-App-Frontend/node_modules/@testing-library/react/dist/pure.js:291:10)
          at Object.<anonymous> (/Users/ryan/Library/Mobile Documents/com~apple~CloudDocs/Documents/VSCode/Tax-App-Frontend/src/app/login/responsive-layout.test.tsx:195:13)
          at Promise.finally.completed (/Users/ryan/Library/Mobile Documents/com~apple~CloudDocs/Documents/VSCode/Tax-App-Frontend/node_modules/jest-circus/build/jestAdapterInit.js:1557:28)
          at new Promise (<anonymous>)
          at callAsyncCircusFn (/Users/ryan/Library/Mobile Documents/com~apple~CloudDocs/Documents/VSCode/Tax-App-Frontend/node_modules/jest-circus/build/jestAdapterInit.js:1497:10)
          at _callCircusTest (/Users/ryan/Library/Mobile Documents/com~apple~CloudDocs/Documents/VSCode/Tax-App-Frontend/node_modules/jest-circus/build/jestAdapterInit.js:1007:40)
          at processTicksAndRejections (node:internal/process/task_queues:95:5)
          at _runTest (/Users/ryan/Library/Mobile Documents/com~apple~CloudDocs/Documents/VSCode/Tax-App-Frontend/node_modules/jest-circus/build/jestAdapterInit.js:947:3)
          at /Users/ryan/Library/Mobile Documents/com~apple~CloudDocs/Documents/VSCode/Tax-App-Frontend/node_modules/jest-circus/build/jestAdapterInit.js:849:7
          at _runTestsForDescribeBlock (/Users/ryan/Library/Mobile Documents/com~apple~CloudDocs/Documents/VSCode/Tax-App-Frontend/node_modules/jest-circus/build/jestAdapterInit.js:862:11)
          at _runTestsForDescribeBlock (/Users/ryan/Library/Mobile Documents/com~apple~CloudDocs/Documents/VSCode/Tax-App-Frontend/node_modules/jest-circus/build/jestAdapterInit.js:857:11)
          at _runTestsForDescribeBlock (/Users/ryan/Library/Mobile Documents/com~apple~CloudDocs/Documents/VSCode/Tax-App-Frontend/node_modules/jest-circus/build/jestAdapterInit.js:857:11)
          at run (/Users/ryan/Library/Mobile Documents/com~apple~CloudDocs/Documents/VSCode/Tax-App-Frontend/node_modules/jest-circus/build/jestAdapterInit.js:761:3)
          at runAndTransformResultsToJestFormat (/Users/ryan/Library/Mobile Documents/com~apple~CloudDocs/Documents/VSCode/Tax-App-Frontend/node_modules/jest-circus/build/jestAdapterInit.js:1918:21)
          at jestAdapter (/Users/ryan/Library/Mobile Documents/com~apple~CloudDocs/Documents/VSCode/Tax-App-Frontend/node_modules/jest-circus/build/runner.js:101:19)
          at runTestInternal (/Users/ryan/Library/Mobile Documents/com~apple~CloudDocs/Documents/VSCode/Tax-App-Frontend/node_modules/jest-runner/build/testWorker.js:275:16)
          at runTest (/Users/ryan/Library/Mobile Documents/com~apple~CloudDocs/Documents/VSCode/Tax-App-Frontend/node_modules/jest-runner/build/testWorker.js:343:7)
          at Object.worker (/Users/ryan/Library/Mobile Documents/com~apple~CloudDocs/Documents/VSCode/Tax-App-Frontend/node_modules/jest-runner/build/testWorker.js:497:12) {
        detail: TypeError: Cannot read properties of undefined (reading 'state')
            at state (/Users/ryan/Library/Mobile Documents/com~apple~CloudDocs/Documents/VSCode/Tax-App-Frontend/src/components/LoginForm.tsx:93:15)
            at renderWithHooks (/Users/ryan/Library/Mobile Documents/com~apple~CloudDocs/Documents/VSCode/Tax-App-Frontend/node_modules/react-dom/cjs/react-dom.development.js:15486:18)
            at mountIndeterminateComponent (/Users/ryan/Library/Mobile Documents/com~apple~CloudDocs/Documents/VSCode/Tax-App-Frontend/node_modules/react-dom/cjs/react-dom.development.js:20103:13)
            at beginWork (/Users/ryan/Library/Mobile Documents/com~apple~CloudDocs/Documents/VSCode/Tax-App-Frontend/node_modules/react-dom/cjs/react-dom.development.js:21626:16)
            at HTMLUnknownElement.callCallback (/Users/ryan/Library/Mobile Documents/com~apple~CloudDocs/Documents/VSCode/Tax-App-Frontend/node_modules/react-dom/cjs/react-dom.development.js:4164:14)
            at HTMLUnknownElement.callTheUserObjectsOperation (/Users/ryan/Library/Mobile Documents/com~apple~CloudDocs/Documents/VSCode/Tax-App-Frontend/node_modules/jsdom/lib/jsdom/living/generated/EventListener.js:26:30)
            at innerInvokeEventListeners (/Users/ryan/Library/Mobile Documents/com~apple~CloudDocs/Documents/VSCode/Tax-App-Frontend/node_modules/jsdom/lib/jsdom/living/events/EventTarget-impl.js:350:25)
            at invokeEventListeners (/Users/ryan/Library/Mobile Documents/com~apple~CloudDocs/Documents/VSCode/Tax-App-Frontend/node_modules/jsdom/lib/jsdom/living/events/EventTarget-impl.js:286:3)
            at HTMLUnknownElementImpl._dispatch (/Users/ryan/Library/Mobile Documents/com~apple~CloudDocs/Documents/VSCode/Tax-App-Frontend/node_modules/jsdom/lib/jsdom/living/events/EventTarget-impl.js:233:9)
            at HTMLUnknownElementImpl.dispatchEvent (/Users/ryan/Library/Mobile Documents/com~apple~CloudDocs/Documents/VSCode/Tax-App-Frontend/node_modules/jsdom/lib/jsdom/living/events/EventTarget-impl.js:104:17)
            at HTMLUnknownElement.dispatchEvent (/Users/ryan/Library/Mobile Documents/com~apple~CloudDocs/Documents/VSCode/Tax-App-Frontend/node_modules/jsdom/lib/jsdom/living/generated/EventTarget.js:241:34)
            at Object.invokeGuardedCallbackDev (/Users/ryan/Library/Mobile Documents/com~apple~CloudDocs/Documents/VSCode/Tax-App-Frontend/node_modules/react-dom/cjs/react-dom.development.js:4213:16)
            at invokeGuardedCallback (/Users/ryan/Library/Mobile Documents/com~apple~CloudDocs/Documents/VSCode/Tax-App-Frontend/node_modules/react-dom/cjs/react-dom.development.js:4277:31)
            at beginWork$1 (/Users/ryan/Library/Mobile Documents/com~apple~CloudDocs/Documents/VSCode/Tax-App-Frontend/node_modules/react-dom/cjs/react-dom.development.js:27490:7)
            at performUnitOfWork (/Users/ryan/Library/Mobile Documents/com~apple~CloudDocs/Documents/VSCode/Tax-App-Frontend/node_modules/react-dom/cjs/react-dom.development.js:26599:12)
            at workLoopSync (/Users/ryan/Library/Mobile Documents/com~apple~CloudDocs/Documents/VSCode/Tax-App-Frontend/node_modules/react-dom/cjs/react-dom.development.js:26505:5)
            at renderRootSync (/Users/ryan/Library/Mobile Documents/com~apple~CloudDocs/Documents/VSCode/Tax-App-Frontend/node_modules/react-dom/cjs/react-dom.development.js:26473:7)
            at performConcurrentWorkOnRoot (/Users/ryan/Library/Mobile Documents/com~apple~CloudDocs/Documents/VSCode/Tax-App-Frontend/node_modules/react-dom/cjs/react-dom.development.js:25777:74)
            at flushActQueue (/Users/ryan/Library/Mobile Documents/com~apple~CloudDocs/Documents/VSCode/Tax-App-Frontend/node_modules/react/cjs/react.development.js:2667:24)
            at act (/Users/ryan/Library/Mobile Documents/com~apple~CloudDocs/Documents/VSCode/Tax-App-Frontend/node_modules/react/cjs/react.development.js:2582:11)
            at /Users/ryan/Library/Mobile Documents/com~apple~CloudDocs/Documents/VSCode/Tax-App-Frontend/node_modules/@testing-library/react/dist/act-compat.js:46:25
            at renderRoot (/Users/ryan/Library/Mobile Documents/com~apple~CloudDocs/Documents/VSCode/Tax-App-Frontend/node_modules/@testing-library/react/dist/pure.js:189:26)
            at render (/Users/ryan/Library/Mobile Documents/com~apple~CloudDocs/Documents/VSCode/Tax-App-Frontend/node_modules/@testing-library/react/dist/pure.js:291:10)
            at Object.<anonymous> (/Users/ryan/Library/Mobile Documents/com~apple~CloudDocs/Documents/VSCode/Tax-App-Frontend/src/app/login/responsive-layout.test.tsx:195:13)
            at Promise.finally.completed (/Users/ryan/Library/Mobile Documents/com~apple~CloudDocs/Documents/VSCode/Tax-App-Frontend/node_modules/jest-circus/build/jestAdapterInit.js:1557:28)
            at new Promise (<anonymous>)
            at callAsyncCircusFn (/Users/ryan/Library/Mobile Documents/com~apple~CloudDocs/Documents/VSCode/Tax-App-Frontend/node_modules/jest-circus/build/jestAdapterInit.js:1497:10)
            at _callCircusTest (/Users/ryan/Library/Mobile Documents/com~apple~CloudDocs/Documents/VSCode/Tax-App-Frontend/node_modules/jest-circus/build/jestAdapterInit.js:1007:40)
            at processTicksAndRejections (node:internal/process/task_queues:95:5)
            at _runTest (/Users/ryan/Library/Mobile Documents/com~apple~CloudDocs/Documents/VSCode/Tax-App-Frontend/node_modules/jest-circus/build/jestAdapterInit.js:947:3)
            at /Users/ryan/Library/Mobile Documents/com~apple~CloudDocs/Documents/VSCode/Tax-App-Frontend/node_modules/jest-circus/build/jestAdapterInit.js:849:7
            at _runTestsForDescribeBlock (/Users/ryan/Library/Mobile Documents/com~apple~CloudDocs/Documents/VSCode/Tax-App-Frontend/node_modules/jest-circus/build/jestAdapterInit.js:862:11)
            at _runTestsForDescribeBlock (/Users/ryan/Library/Mobile Documents/com~apple~CloudDocs/Documents/VSCode/Tax-App-Frontend/node_modules/jest-circus/build/jestAdapterInit.js:857:11)
            at _runTestsForDescribeBlock (/Users/ryan/Library/Mobile Documents/com~apple~CloudDocs/Documents/VSCode/Tax-App-Frontend/node_modules/jest-circus/build/jestAdapterInit.js:857:11)
            at run (/Users/ryan/Library/Mobile Documents/com~apple~CloudDocs/Documents/VSCode/Tax-App-Frontend/node_modules/jest-circus/build/jestAdapterInit.js:761:3)
            at runAndTransformResultsToJestFormat (/Users/ryan/Library/Mobile Documents/com~apple~CloudDocs/Documents/VSCode/Tax-App-Frontend/node_modules/jest-circus/build/jestAdapterInit.js:1918:21)
            at jestAdapter (/Users/ryan/Library/Mobile Documents/com~apple~CloudDocs/Documents/VSCode/Tax-App-Frontend/node_modules/jest-circus/build/runner.js:101:19)
            at runTestInternal (/Users/ryan/Library/Mobile Documents/com~apple~CloudDocs/Documents/VSCode/Tax-App-Frontend/node_modules/jest-runner/build/testWorker.js:275:16)
            at runTest (/Users/ryan/Library/Mobile Documents/com~apple~CloudDocs/Documents/VSCode/Tax-App-Frontend/node_modules/jest-runner/build/testWorker.js:343:7)
            at Object.worker (/Users/ryan/Library/Mobile Documents/com~apple~CloudDocs/Documents/VSCode/Tax-App-Frontend/node_modules/jest-runner/build/testWorker.js:497:12),
        type: 'unhandled exception'
      }

      193 |
      194 |     test('should render password visibility toggle with minimum 44x44px touch target', () => {
    > 195 |       render(<LoginPageClient />);
          |             ^
      196 |
      197 |       const toggleButton = screen.getByRole('button', { name: /show password/i });
      198 |       expect(toggleButton).toBeInTheDocument();

      at VirtualConsole.<anonymous> (node_modules/@jest/environment-jsdom-abstract/build/index.js:87:23)
      at reportException (node_modules/jsdom/lib/jsdom/living/helpers/runtime-script-errors.js:70:28)
      at innerInvokeEventListeners (node_modules/jsdom/lib/jsdom/living/events/EventTarget-impl.js:353:9)
      at invokeEventListeners (node_modules/jsdom/lib/jsdom/living/events/EventTarget-impl.js:286:3)
      at HTMLUnknownElementImpl._dispatch (node_modules/jsdom/lib/jsdom/living/events/EventTarget-impl.js:233:9)
      at HTMLUnknownElementImpl.dispatchEvent (node_modules/jsdom/lib/jsdom/living/events/EventTarget-impl.js:104:17)
      at HTMLUnknownElement.dispatchEvent (node_modules/jsdom/lib/jsdom/living/generated/EventTarget.js:241:34)
      at Object.invokeGuardedCallbackDev (node_modules/react-dom/cjs/react-dom.development.js:4213:16)
      at invokeGuardedCallback (node_modules/react-dom/cjs/react-dom.development.js:4277:31)
      at beginWork$1 (node_modules/react-dom/cjs/react-dom.development.js:27490:7)
      at performUnitOfWork (node_modules/react-dom/cjs/react-dom.development.js:26599:12)
      at workLoopSync (node_modules/react-dom/cjs/react-dom.development.js:26505:5)
      at renderRootSync (node_modules/react-dom/cjs/react-dom.development.js:26473:7)
      at performConcurrentWorkOnRoot (node_modules/react-dom/cjs/react-dom.development.js:25777:74)
      at flushActQueue (node_modules/react/cjs/react.development.js:2667:24)
      at act (node_modules/react/cjs/react.development.js:2582:11)
      at node_modules/@testing-library/react/dist/act-compat.js:46:25
      at renderRoot (node_modules/@testing-library/react/dist/pure.js:189:26)
      at render (node_modules/@testing-library/react/dist/pure.js:291:10)
      at Object.<anonymous> (src/app/login/responsive-layout.test.tsx:195:13)

    console.error
      Error: Uncaught [TypeError: Cannot read properties of undefined (reading 'state')]
          at reportException (/Users/ryan/Library/Mobile Documents/com~apple~CloudDocs/Documents/VSCode/Tax-App-Frontend/node_modules/jsdom/lib/jsdom/living/helpers/runtime-script-errors.js:66:24)
          at innerInvokeEventListeners (/Users/ryan/Library/Mobile Documents/com~apple~CloudDocs/Documents/VSCode/Tax-App-Frontend/node_modules/jsdom/lib/jsdom/living/events/EventTarget-impl.js:353:9)
          at invokeEventListeners (/Users/ryan/Library/Mobile Documents/com~apple~CloudDocs/Documents/VSCode/Tax-App-Frontend/node_modules/jsdom/lib/jsdom/living/events/EventTarget-impl.js:286:3)
          at HTMLUnknownElementImpl._dispatch (/Users/ryan/Library/Mobile Documents/com~apple~CloudDocs/Documents/VSCode/Tax-App-Frontend/node_modules/jsdom/lib/jsdom/living/events/EventTarget-impl.js:233:9)
          at HTMLUnknownElementImpl.dispatchEvent (/Users/ryan/Library/Mobile Documents/com~apple~CloudDocs/Documents/VSCode/Tax-App-Frontend/node_modules/jsdom/lib/jsdom/living/events/EventTarget-impl.js:104:17)
          at HTMLUnknownElement.dispatchEvent (/Users/ryan/Library/Mobile Documents/com~apple~CloudDocs/Documents/VSCode/Tax-App-Frontend/node_modules/jsdom/lib/jsdom/living/generated/EventTarget.js:241:34)
          at Object.invokeGuardedCallbackDev (/Users/ryan/Library/Mobile Documents/com~apple~CloudDocs/Documents/VSCode/Tax-App-Frontend/node_modules/react-dom/cjs/react-dom.development.js:4213:16)
          at invokeGuardedCallback (/Users/ryan/Library/Mobile Documents/com~apple~CloudDocs/Documents/VSCode/Tax-App-Frontend/node_modules/react-dom/cjs/react-dom.development.js:4277:31)
          at beginWork$1 (/Users/ryan/Library/Mobile Documents/com~apple~CloudDocs/Documents/VSCode/Tax-App-Frontend/node_modules/react-dom/cjs/react-dom.development.js:27490:7)
          at performUnitOfWork (/Users/ryan/Library/Mobile Documents/com~apple~CloudDocs/Documents/VSCode/Tax-App-Frontend/node_modules/react-dom/cjs/react-dom.development.js:26599:12)
          at workLoopSync (/Users/ryan/Library/Mobile Documents/com~apple~CloudDocs/Documents/VSCode/Tax-App-Frontend/node_modules/react-dom/cjs/react-dom.development.js:26505:5)
          at renderRootSync (/Users/ryan/Library/Mobile Documents/com~apple~CloudDocs/Documents/VSCode/Tax-App-Frontend/node_modules/react-dom/cjs/react-dom.development.js:26473:7)
          at recoverFromConcurrentError (/Users/ryan/Library/Mobile Documents/com~apple~CloudDocs/Documents/VSCode/Tax-App-Frontend/node_modules/react-dom/cjs/react-dom.development.js:25889:20)
          at performConcurrentWorkOnRoot (/Users/ryan/Library/Mobile Documents/com~apple~CloudDocs/Documents/VSCode/Tax-App-Frontend/node_modules/react-dom/cjs/react-dom.development.js:25789:22)
          at flushActQueue (/Users/ryan/Library/Mobile Documents/com~apple~CloudDocs/Documents/VSCode/Tax-App-Frontend/node_modules/react/cjs/react.development.js:2667:24)
          at act (/Users/ryan/Library/Mobile Documents/com~apple~CloudDocs/Documents/VSCode/Tax-App-Frontend/node_modules/react/cjs/react.development.js:2582:11)
          at /Users/ryan/Library/Mobile Documents/com~apple~CloudDocs/Documents/VSCode/Tax-App-Frontend/node_modules/@testing-library/react/dist/act-compat.js:46:25
          at renderRoot (/Users/ryan/Library/Mobile Documents/com~apple~CloudDocs/Documents/VSCode/Tax-App-Frontend/node_modules/@testing-library/react/dist/pure.js:189:26)
          at render (/Users/ryan/Library/Mobile Documents/com~apple~CloudDocs/Documents/VSCode/Tax-App-Frontend/node_modules/@testing-library/react/dist/pure.js:291:10)
          at Object.<anonymous> (/Users/ryan/Library/Mobile Documents/com~apple~CloudDocs/Documents/VSCode/Tax-App-Frontend/src/app/login/responsive-layout.test.tsx:195:13)
          at Promise.finally.completed (/Users/ryan/Library/Mobile Documents/com~apple~CloudDocs/Documents/VSCode/Tax-App-Frontend/node_modules/jest-circus/build/jestAdapterInit.js:1557:28)
          at new Promise (<anonymous>)
          at callAsyncCircusFn (/Users/ryan/Library/Mobile Documents/com~apple~CloudDocs/Documents/VSCode/Tax-App-Frontend/node_modules/jest-circus/build/jestAdapterInit.js:1497:10)
          at _callCircusTest (/Users/ryan/Library/Mobile Documents/com~apple~CloudDocs/Documents/VSCode/Tax-App-Frontend/node_modules/jest-circus/build/jestAdapterInit.js:1007:40)
          at processTicksAndRejections (node:internal/process/task_queues:95:5)
          at _runTest (/Users/ryan/Library/Mobile Documents/com~apple~CloudDocs/Documents/VSCode/Tax-App-Frontend/node_modules/jest-circus/build/jestAdapterInit.js:947:3)
          at /Users/ryan/Library/Mobile Documents/com~apple~CloudDocs/Documents/VSCode/Tax-App-Frontend/node_modules/jest-circus/build/jestAdapterInit.js:849:7
          at _runTestsForDescribeBlock (/Users/ryan/Library/Mobile Documents/com~apple~CloudDocs/Documents/VSCode/Tax-App-Frontend/node_modules/jest-circus/build/jestAdapterInit.js:862:11)
          at _runTestsForDescribeBlock (/Users/ryan/Library/Mobile Documents/com~apple~CloudDocs/Documents/VSCode/Tax-App-Frontend/node_modules/jest-circus/build/jestAdapterInit.js:857:11)
          at _runTestsForDescribeBlock (/Users/ryan/Library/Mobile Documents/com~apple~CloudDocs/Documents/VSCode/Tax-App-Frontend/node_modules/jest-circus/build/jestAdapterInit.js:857:11)
          at run (/Users/ryan/Library/Mobile Documents/com~apple~CloudDocs/Documents/VSCode/Tax-App-Frontend/node_modules/jest-circus/build/jestAdapterInit.js:761:3)
          at runAndTransformResultsToJestFormat (/Users/ryan/Library/Mobile Documents/com~apple~CloudDocs/Documents/VSCode/Tax-App-Frontend/node_modules/jest-circus/build/jestAdapterInit.js:1918:21)
          at jestAdapter (/Users/ryan/Library/Mobile Documents/com~apple~CloudDocs/Documents/VSCode/Tax-App-Frontend/node_modules/jest-circus/build/runner.js:101:19)
          at runTestInternal (/Users/ryan/Library/Mobile Documents/com~apple~CloudDocs/Documents/VSCode/Tax-App-Frontend/node_modules/jest-runner/build/testWorker.js:275:16)
          at runTest (/Users/ryan/Library/Mobile Documents/com~apple~CloudDocs/Documents/VSCode/Tax-App-Frontend/node_modules/jest-runner/build/testWorker.js:343:7)
          at Object.worker (/Users/ryan/Library/Mobile Documents/com~apple~CloudDocs/Documents/VSCode/Tax-App-Frontend/node_modules/jest-runner/build/testWorker.js:497:12) {
        detail: TypeError: Cannot read properties of undefined (reading 'state')
            at state (/Users/ryan/Library/Mobile Documents/com~apple~CloudDocs/Documents/VSCode/Tax-App-Frontend/src/components/LoginForm.tsx:93:15)
            at renderWithHooks (/Users/ryan/Library/Mobile Documents/com~apple~CloudDocs/Documents/VSCode/Tax-App-Frontend/node_modules/react-dom/cjs/react-dom.development.js:15486:18)
            at mountIndeterminateComponent (/Users/ryan/Library/Mobile Documents/com~apple~CloudDocs/Documents/VSCode/Tax-App-Frontend/node_modules/react-dom/cjs/react-dom.development.js:20103:13)
            at beginWork (/Users/ryan/Library/Mobile Documents/com~apple~CloudDocs/Documents/VSCode/Tax-App-Frontend/node_modules/react-dom/cjs/react-dom.development.js:21626:16)
            at HTMLUnknownElement.callCallback (/Users/ryan/Library/Mobile Documents/com~apple~CloudDocs/Documents/VSCode/Tax-App-Frontend/node_modules/react-dom/cjs/react-dom.development.js:4164:14)
            at HTMLUnknownElement.callTheUserObjectsOperation (/Users/ryan/Library/Mobile Documents/com~apple~CloudDocs/Documents/VSCode/Tax-App-Frontend/node_modules/jsdom/lib/jsdom/living/generated/EventListener.js:26:30)
            at innerInvokeEventListeners (/Users/ryan/Library/Mobile Documents/com~apple~CloudDocs/Documents/VSCode/Tax-App-Frontend/node_modules/jsdom/lib/jsdom/living/events/EventTarget-impl.js:350:25)
            at invokeEventListeners (/Users/ryan/Library/Mobile Documents/com~apple~CloudDocs/Documents/VSCode/Tax-App-Frontend/node_modules/jsdom/lib/jsdom/living/events/EventTarget-impl.js:286:3)
            at HTMLUnknownElementImpl._dispatch (/Users/ryan/Library/Mobile Documents/com~apple~CloudDocs/Documents/VSCode/Tax-App-Frontend/node_modules/jsdom/lib/jsdom/living/events/EventTarget-impl.js:233:9)
            at HTMLUnknownElementImpl.dispatchEvent (/Users/ryan/Library/Mobile Documents/com~apple~CloudDocs/Documents/VSCode/Tax-App-Frontend/node_modules/jsdom/lib/jsdom/living/events/EventTarget-impl.js:104:17)
            at HTMLUnknownElement.dispatchEvent (/Users/ryan/Library/Mobile Documents/com~apple~CloudDocs/Documents/VSCode/Tax-App-Frontend/node_modules/jsdom/lib/jsdom/living/generated/EventTarget.js:241:34)
            at Object.invokeGuardedCallbackDev (/Users/ryan/Library/Mobile Documents/com~apple~CloudDocs/Documents/VSCode/Tax-App-Frontend/node_modules/react-dom/cjs/react-dom.development.js:4213:16)
            at invokeGuardedCallback (/Users/ryan/Library/Mobile Documents/com~apple~CloudDocs/Documents/VSCode/Tax-App-Frontend/node_modules/react-dom/cjs/react-dom.development.js:4277:31)
            at beginWork$1 (/Users/ryan/Library/Mobile Documents/com~apple~CloudDocs/Documents/VSCode/Tax-App-Frontend/node_modules/react-dom/cjs/react-dom.development.js:27490:7)
            at performUnitOfWork (/Users/ryan/Library/Mobile Documents/com~apple~CloudDocs/Documents/VSCode/Tax-App-Frontend/node_modules/react-dom/cjs/react-dom.development.js:26599:12)
            at workLoopSync (/Users/ryan/Library/Mobile Documents/com~apple~CloudDocs/Documents/VSCode/Tax-App-Frontend/node_modules/react-dom/cjs/react-dom.development.js:26505:5)
            at renderRootSync (/Users/ryan/Library/Mobile Documents/com~apple~CloudDocs/Documents/VSCode/Tax-App-Frontend/node_modules/react-dom/cjs/react-dom.development.js:26473:7)
            at recoverFromConcurrentError (/Users/ryan/Library/Mobile Documents/com~apple~CloudDocs/Documents/VSCode/Tax-App-Frontend/node_modules/react-dom/cjs/react-dom.development.js:25889:20)
            at performConcurrentWorkOnRoot (/Users/ryan/Library/Mobile Documents/com~apple~CloudDocs/Documents/VSCode/Tax-App-Frontend/node_modules/react-dom/cjs/react-dom.development.js:25789:22)
            at flushActQueue (/Users/ryan/Library/Mobile Documents/com~apple~CloudDocs/Documents/VSCode/Tax-App-Frontend/node_modules/react/cjs/react.development.js:2667:24)
            at act (/Users/ryan/Library/Mobile Documents/com~apple~CloudDocs/Documents/VSCode/Tax-App-Frontend/node_modules/react/cjs/react.development.js:2582:11)
            at /Users/ryan/Library/Mobile Documents/com~apple~CloudDocs/Documents/VSCode/Tax-App-Frontend/node_modules/@testing-library/react/dist/act-compat.js:46:25
            at renderRoot (/Users/ryan/Library/Mobile Documents/com~apple~CloudDocs/Documents/VSCode/Tax-App-Frontend/node_modules/@testing-library/react/dist/pure.js:189:26)
            at render (/Users/ryan/Library/Mobile Documents/com~apple~CloudDocs/Documents/VSCode/Tax-App-Frontend/node_modules/@testing-library/react/dist/pure.js:291:10)
            at Object.<anonymous> (/Users/ryan/Library/Mobile Documents/com~apple~CloudDocs/Documents/VSCode/Tax-App-Frontend/src/app/login/responsive-layout.test.tsx:195:13)
            at Promise.finally.completed (/Users/ryan/Library/Mobile Documents/com~apple~CloudDocs/Documents/VSCode/Tax-App-Frontend/node_modules/jest-circus/build/jestAdapterInit.js:1557:28)
            at new Promise (<anonymous>)
            at callAsyncCircusFn (/Users/ryan/Library/Mobile Documents/com~apple~CloudDocs/Documents/VSCode/Tax-App-Frontend/node_modules/jest-circus/build/jestAdapterInit.js:1497:10)
            at _callCircusTest (/Users/ryan/Library/Mobile Documents/com~apple~CloudDocs/Documents/VSCode/Tax-App-Frontend/node_modules/jest-circus/build/jestAdapterInit.js:1007:40)
            at processTicksAndRejections (node:internal/process/task_queues:95:5)
            at _runTest (/Users/ryan/Library/Mobile Documents/com~apple~CloudDocs/Documents/VSCode/Tax-App-Frontend/node_modules/jest-circus/build/jestAdapterInit.js:947:3)
            at /Users/ryan/Library/Mobile Documents/com~apple~CloudDocs/Documents/VSCode/Tax-App-Frontend/node_modules/jest-circus/build/jestAdapterInit.js:849:7
            at _runTestsForDescribeBlock (/Users/ryan/Library/Mobile Documents/com~apple~CloudDocs/Documents/VSCode/Tax-App-Frontend/node_modules/jest-circus/build/jestAdapterInit.js:862:11)
            at _runTestsForDescribeBlock (/Users/ryan/Library/Mobile Documents/com~apple~CloudDocs/Documents/VSCode/Tax-App-Frontend/node_modules/jest-circus/build/jestAdapterInit.js:857:11)
            at _runTestsForDescribeBlock (/Users/ryan/Library/Mobile Documents/com~apple~CloudDocs/Documents/VSCode/Tax-App-Frontend/node_modules/jest-circus/build/jestAdapterInit.js:857:11)
            at run (/Users/ryan/Library/Mobile Documents/com~apple~CloudDocs/Documents/VSCode/Tax-App-Frontend/node_modules/jest-circus/build/jestAdapterInit.js:761:3)
            at runAndTransformResultsToJestFormat (/Users/ryan/Library/Mobile Documents/com~apple~CloudDocs/Documents/VSCode/Tax-App-Frontend/node_modules/jest-circus/build/jestAdapterInit.js:1918:21)
            at jestAdapter (/Users/ryan/Library/Mobile Documents/com~apple~CloudDocs/Documents/VSCode/Tax-App-Frontend/node_modules/jest-circus/build/runner.js:101:19)
            at runTestInternal (/Users/ryan/Library/Mobile Documents/com~apple~CloudDocs/Documents/VSCode/Tax-App-Frontend/node_modules/jest-runner/build/testWorker.js:275:16)
            at runTest (/Users/ryan/Library/Mobile Documents/com~apple~CloudDocs/Documents/VSCode/Tax-App-Frontend/node_modules/jest-runner/build/testWorker.js:343:7)
            at Object.worker (/Users/ryan/Library/Mobile Documents/com~apple~CloudDocs/Documents/VSCode/Tax-App-Frontend/node_modules/jest-runner/build/testWorker.js:497:12),
        type: 'unhandled exception'
      }

      193 |
      194 |     test('should render password visibility toggle with minimum 44x44px touch target', () => {
    > 195 |       render(<LoginPageClient />);
          |             ^
      196 |
      197 |       const toggleButton = screen.getByRole('button', { name: /show password/i });
      198 |       expect(toggleButton).toBeInTheDocument();

      at VirtualConsole.<anonymous> (node_modules/@jest/environment-jsdom-abstract/build/index.js:87:23)
      at reportException (node_modules/jsdom/lib/jsdom/living/helpers/runtime-script-errors.js:70:28)
      at innerInvokeEventListeners (node_modules/jsdom/lib/jsdom/living/events/EventTarget-impl.js:353:9)
      at invokeEventListeners (node_modules/jsdom/lib/jsdom/living/events/EventTarget-impl.js:286:3)
      at HTMLUnknownElementImpl._dispatch (node_modules/jsdom/lib/jsdom/living/events/EventTarget-impl.js:233:9)
      at HTMLUnknownElementImpl.dispatchEvent (node_modules/jsdom/lib/jsdom/living/events/EventTarget-impl.js:104:17)
      at HTMLUnknownElement.dispatchEvent (node_modules/jsdom/lib/jsdom/living/generated/EventTarget.js:241:34)
      at Object.invokeGuardedCallbackDev (node_modules/react-dom/cjs/react-dom.development.js:4213:16)
      at invokeGuardedCallback (node_modules/react-dom/cjs/react-dom.development.js:4277:31)
      at beginWork$1 (node_modules/react-dom/cjs/react-dom.development.js:27490:7)
      at performUnitOfWork (node_modules/react-dom/cjs/react-dom.development.js:26599:12)
      at workLoopSync (node_modules/react-dom/cjs/react-dom.development.js:26505:5)
      at renderRootSync (node_modules/react-dom/cjs/react-dom.development.js:26473:7)
      at recoverFromConcurrentError (node_modules/react-dom/cjs/react-dom.development.js:25889:20)
      at performConcurrentWorkOnRoot (node_modules/react-dom/cjs/react-dom.development.js:25789:22)
      at flushActQueue (node_modules/react/cjs/react.development.js:2667:24)
      at act (node_modules/react/cjs/react.development.js:2582:11)
      at node_modules/@testing-library/react/dist/act-compat.js:46:25
      at renderRoot (node_modules/@testing-library/react/dist/pure.js:189:26)
      at render (node_modules/@testing-library/react/dist/pure.js:291:10)
      at Object.<anonymous> (src/app/login/responsive-layout.test.tsx:195:13)

    console.error
      The above error occurred in the <LoginForm> component:
      
          at className (/Users/ryan/Library/Mobile Documents/com~apple~CloudDocs/Documents/VSCode/Tax-App-Frontend/src/components/LoginForm.tsx:45:29)
          at div
          at children (/Users/ryan/Library/Mobile Documents/com~apple~CloudDocs/Documents/VSCode/Tax-App-Frontend/src/app/login/responsive-layout.test.tsx:62:19)
          at div
          at children (/Users/ryan/Library/Mobile Documents/com~apple~CloudDocs/Documents/VSCode/Tax-App-Frontend/src/app/login/responsive-layout.test.tsx:52:12)
          at div
          at div
          at div
          at children (/Users/ryan/Library/Mobile Documents/com~apple~CloudDocs/Documents/VSCode/Tax-App-Frontend/src/app/login/responsive-layout.test.tsx:47:21)
          at callbackUrl (/Users/ryan/Library/Mobile Documents/com~apple~CloudDocs/Documents/VSCode/Tax-App-Frontend/src/app/login/LoginPageClient.tsx:49:43)
      
      Consider adding an error boundary to your tree to customize error handling behavior.
      Visit https://reactjs.org/link/error-boundaries to learn more about error boundaries.

      193 |
      194 |     test('should render password visibility toggle with minimum 44x44px touch target', () => {
    > 195 |       render(<LoginPageClient />);
          |             ^
      196 |
      197 |       const toggleButton = screen.getByRole('button', { name: /show password/i });
      198 |       expect(toggleButton).toBeInTheDocument();

      at logCapturedError (node_modules/react-dom/cjs/react-dom.development.js:18704:23)
      at update.callback (node_modules/react-dom/cjs/react-dom.development.js:18737:5)
      at callCallback (node_modules/react-dom/cjs/react-dom.development.js:15036:12)
      at commitUpdateQueue (node_modules/react-dom/cjs/react-dom.development.js:15057:9)
      at commitLayoutEffectOnFiber (node_modules/react-dom/cjs/react-dom.development.js:23430:13)
      at commitLayoutMountEffects_complete (node_modules/react-dom/cjs/react-dom.development.js:24727:9)
      at commitLayoutEffects_begin (node_modules/react-dom/cjs/react-dom.development.js:24713:7)
      at commitLayoutEffects (node_modules/react-dom/cjs/react-dom.development.js:24651:3)
      at commitRootImpl (node_modules/react-dom/cjs/react-dom.development.js:26862:5)
      at commitRoot (node_modules/react-dom/cjs/react-dom.development.js:26721:5)
      at finishConcurrentRender (node_modules/react-dom/cjs/react-dom.development.js:25931:9)
      at performConcurrentWorkOnRoot (node_modules/react-dom/cjs/react-dom.development.js:25848:7)
      at flushActQueue (node_modules/react/cjs/react.development.js:2667:24)
      at act (node_modules/react/cjs/react.development.js:2582:11)
      at node_modules/@testing-library/react/dist/act-compat.js:46:25
      at renderRoot (node_modules/@testing-library/react/dist/pure.js:189:26)
      at render (node_modules/@testing-library/react/dist/pure.js:291:10)
      at Object.<anonymous> (src/app/login/responsive-layout.test.tsx:195:13)

    console.error
      Error: Uncaught [TypeError: Cannot read properties of undefined (reading 'state')]
          at reportException (/Users/ryan/Library/Mobile Documents/com~apple~CloudDocs/Documents/VSCode/Tax-App-Frontend/node_modules/jsdom/lib/jsdom/living/helpers/runtime-script-errors.js:66:24)
          at innerInvokeEventListeners (/Users/ryan/Library/Mobile Documents/com~apple~CloudDocs/Documents/VSCode/Tax-App-Frontend/node_modules/jsdom/lib/jsdom/living/events/EventTarget-impl.js:353:9)
          at invokeEventListeners (/Users/ryan/Library/Mobile Documents/com~apple~CloudDocs/Documents/VSCode/Tax-App-Frontend/node_modules/jsdom/lib/jsdom/living/events/EventTarget-impl.js:286:3)
          at HTMLUnknownElementImpl._dispatch (/Users/ryan/Library/Mobile Documents/com~apple~CloudDocs/Documents/VSCode/Tax-App-Frontend/node_modules/jsdom/lib/jsdom/living/events/EventTarget-impl.js:233:9)
          at HTMLUnknownElementImpl.dispatchEvent (/Users/ryan/Library/Mobile Documents/com~apple~CloudDocs/Documents/VSCode/Tax-App-Frontend/node_modules/jsdom/lib/jsdom/living/events/EventTarget-impl.js:104:17)
          at HTMLUnknownElement.dispatchEvent (/Users/ryan/Library/Mobile Documents/com~apple~CloudDocs/Documents/VSCode/Tax-App-Frontend/node_modules/jsdom/lib/jsdom/living/generated/EventTarget.js:241:34)
          at Object.invokeGuardedCallbackDev (/Users/ryan/Library/Mobile Documents/com~apple~CloudDocs/Documents/VSCode/Tax-App-Frontend/node_modules/react-dom/cjs/react-dom.development.js:4213:16)
          at invokeGuardedCallback (/Users/ryan/Library/Mobile Documents/com~apple~CloudDocs/Documents/VSCode/Tax-App-Frontend/node_modules/react-dom/cjs/react-dom.development.js:4277:31)
          at beginWork$1 (/Users/ryan/Library/Mobile Documents/com~apple~CloudDocs/Documents/VSCode/Tax-App-Frontend/node_modules/react-dom/cjs/react-dom.development.js:27490:7)
          at performUnitOfWork (/Users/ryan/Library/Mobile Documents/com~apple~CloudDocs/Documents/VSCode/Tax-App-Frontend/node_modules/react-dom/cjs/react-dom.development.js:26599:12)
          at workLoopSync (/Users/ryan/Library/Mobile Documents/com~apple~CloudDocs/Documents/VSCode/Tax-App-Frontend/node_modules/react-dom/cjs/react-dom.development.js:26505:5)
          at renderRootSync (/Users/ryan/Library/Mobile Documents/com~apple~CloudDocs/Documents/VSCode/Tax-App-Frontend/node_modules/react-dom/cjs/react-dom.development.js:26473:7)
          at performConcurrentWorkOnRoot (/Users/ryan/Library/Mobile Documents/com~apple~CloudDocs/Documents/VSCode/Tax-App-Frontend/node_modules/react-dom/cjs/react-dom.development.js:25777:74)
          at flushActQueue (/Users/ryan/Library/Mobile Documents/com~apple~CloudDocs/Documents/VSCode/Tax-App-Frontend/node_modules/react/cjs/react.development.js:2667:24)
          at act (/Users/ryan/Library/Mobile Documents/com~apple~CloudDocs/Documents/VSCode/Tax-App-Frontend/node_modules/react/cjs/react.development.js:2582:11)
          at /Users/ryan/Library/Mobile Documents/com~apple~CloudDocs/Documents/VSCode/Tax-App-Frontend/node_modules/@testing-library/react/dist/act-compat.js:46:25
          at renderRoot (/Users/ryan/Library/Mobile Documents/com~apple~CloudDocs/Documents/VSCode/Tax-App-Frontend/node_modules/@testing-library/react/dist/pure.js:189:26)
          at render (/Users/ryan/Library/Mobile Documents/com~apple~CloudDocs/Documents/VSCode/Tax-App-Frontend/node_modules/@testing-library/react/dist/pure.js:291:10)
          at Object.<anonymous> (/Users/ryan/Library/Mobile Documents/com~apple~CloudDocs/Documents/VSCode/Tax-App-Frontend/src/app/login/responsive-layout.test.tsx:205:13)
          at Promise.finally.completed (/Users/ryan/Library/Mobile Documents/com~apple~CloudDocs/Documents/VSCode/Tax-App-Frontend/node_modules/jest-circus/build/jestAdapterInit.js:1557:28)
          at new Promise (<anonymous>)
          at callAsyncCircusFn (/Users/ryan/Library/Mobile Documents/com~apple~CloudDocs/Documents/VSCode/Tax-App-Frontend/node_modules/jest-circus/build/jestAdapterInit.js:1497:10)
          at _callCircusTest (/Users/ryan/Library/Mobile Documents/com~apple~CloudDocs/Documents/VSCode/Tax-App-Frontend/node_modules/jest-circus/build/jestAdapterInit.js:1007:40)
          at processTicksAndRejections (node:internal/process/task_queues:95:5)
          at _runTest (/Users/ryan/Library/Mobile Documents/com~apple~CloudDocs/Documents/VSCode/Tax-App-Frontend/node_modules/jest-circus/build/jestAdapterInit.js:947:3)
          at /Users/ryan/Library/Mobile Documents/com~apple~CloudDocs/Documents/VSCode/Tax-App-Frontend/node_modules/jest-circus/build/jestAdapterInit.js:849:7
          at _runTestsForDescribeBlock (/Users/ryan/Library/Mobile Documents/com~apple~CloudDocs/Documents/VSCode/Tax-App-Frontend/node_modules/jest-circus/build/jestAdapterInit.js:862:11)
          at _runTestsForDescribeBlock (/Users/ryan/Library/Mobile Documents/com~apple~CloudDocs/Documents/VSCode/Tax-App-Frontend/node_modules/jest-circus/build/jestAdapterInit.js:857:11)
          at _runTestsForDescribeBlock (/Users/ryan/Library/Mobile Documents/com~apple~CloudDocs/Documents/VSCode/Tax-App-Frontend/node_modules/jest-circus/build/jestAdapterInit.js:857:11)
          at run (/Users/ryan/Library/Mobile Documents/com~apple~CloudDocs/Documents/VSCode/Tax-App-Frontend/node_modules/jest-circus/build/jestAdapterInit.js:761:3)
          at runAndTransformResultsToJestFormat (/Users/ryan/Library/Mobile Documents/com~apple~CloudDocs/Documents/VSCode/Tax-App-Frontend/node_modules/jest-circus/build/jestAdapterInit.js:1918:21)
          at jestAdapter (/Users/ryan/Library/Mobile Documents/com~apple~CloudDocs/Documents/VSCode/Tax-App-Frontend/node_modules/jest-circus/build/runner.js:101:19)
          at runTestInternal (/Users/ryan/Library/Mobile Documents/com~apple~CloudDocs/Documents/VSCode/Tax-App-Frontend/node_modules/jest-runner/build/testWorker.js:275:16)
          at runTest (/Users/ryan/Library/Mobile Documents/com~apple~CloudDocs/Documents/VSCode/Tax-App-Frontend/node_modules/jest-runner/build/testWorker.js:343:7)
          at Object.worker (/Users/ryan/Library/Mobile Documents/com~apple~CloudDocs/Documents/VSCode/Tax-App-Frontend/node_modules/jest-runner/build/testWorker.js:497:12) {
        detail: TypeError: Cannot read properties of undefined (reading 'state')
            at state (/Users/ryan/Library/Mobile Documents/com~apple~CloudDocs/Documents/VSCode/Tax-App-Frontend/src/components/LoginForm.tsx:93:15)
            at renderWithHooks (/Users/ryan/Library/Mobile Documents/com~apple~CloudDocs/Documents/VSCode/Tax-App-Frontend/node_modules/react-dom/cjs/react-dom.development.js:15486:18)
            at mountIndeterminateComponent (/Users/ryan/Library/Mobile Documents/com~apple~CloudDocs/Documents/VSCode/Tax-App-Frontend/node_modules/react-dom/cjs/react-dom.development.js:20103:13)
            at beginWork (/Users/ryan/Library/Mobile Documents/com~apple~CloudDocs/Documents/VSCode/Tax-App-Frontend/node_modules/react-dom/cjs/react-dom.development.js:21626:16)
            at HTMLUnknownElement.callCallback (/Users/ryan/Library/Mobile Documents/com~apple~CloudDocs/Documents/VSCode/Tax-App-Frontend/node_modules/react-dom/cjs/react-dom.development.js:4164:14)
            at HTMLUnknownElement.callTheUserObjectsOperation (/Users/ryan/Library/Mobile Documents/com~apple~CloudDocs/Documents/VSCode/Tax-App-Frontend/node_modules/jsdom/lib/jsdom/living/generated/EventListener.js:26:30)
            at innerInvokeEventListeners (/Users/ryan/Library/Mobile Documents/com~apple~CloudDocs/Documents/VSCode/Tax-App-Frontend/node_modules/jsdom/lib/jsdom/living/events/EventTarget-impl.js:350:25)
            at invokeEventListeners (/Users/ryan/Library/Mobile Documents/com~apple~CloudDocs/Documents/VSCode/Tax-App-Frontend/node_modules/jsdom/lib/jsdom/living/events/EventTarget-impl.js:286:3)
            at HTMLUnknownElementImpl._dispatch (/Users/ryan/Library/Mobile Documents/com~apple~CloudDocs/Documents/VSCode/Tax-App-Frontend/node_modules/jsdom/lib/jsdom/living/events/EventTarget-impl.js:233:9)
            at HTMLUnknownElementImpl.dispatchEvent (/Users/ryan/Library/Mobile Documents/com~apple~CloudDocs/Documents/VSCode/Tax-App-Frontend/node_modules/jsdom/lib/jsdom/living/events/EventTarget-impl.js:104:17)
            at HTMLUnknownElement.dispatchEvent (/Users/ryan/Library/Mobile Documents/com~apple~CloudDocs/Documents/VSCode/Tax-App-Frontend/node_modules/jsdom/lib/jsdom/living/generated/EventTarget.js:241:34)
            at Object.invokeGuardedCallbackDev (/Users/ryan/Library/Mobile Documents/com~apple~CloudDocs/Documents/VSCode/Tax-App-Frontend/node_modules/react-dom/cjs/react-dom.development.js:4213:16)
            at invokeGuardedCallback (/Users/ryan/Library/Mobile Documents/com~apple~CloudDocs/Documents/VSCode/Tax-App-Frontend/node_modules/react-dom/cjs/react-dom.development.js:4277:31)
            at beginWork$1 (/Users/ryan/Library/Mobile Documents/com~apple~CloudDocs/Documents/VSCode/Tax-App-Frontend/node_modules/react-dom/cjs/react-dom.development.js:27490:7)
            at performUnitOfWork (/Users/ryan/Library/Mobile Documents/com~apple~CloudDocs/Documents/VSCode/Tax-App-Frontend/node_modules/react-dom/cjs/react-dom.development.js:26599:12)
            at workLoopSync (/Users/ryan/Library/Mobile Documents/com~apple~CloudDocs/Documents/VSCode/Tax-App-Frontend/node_modules/react-dom/cjs/react-dom.development.js:26505:5)
            at renderRootSync (/Users/ryan/Library/Mobile Documents/com~apple~CloudDocs/Documents/VSCode/Tax-App-Frontend/node_modules/react-dom/cjs/react-dom.development.js:26473:7)
            at performConcurrentWorkOnRoot (/Users/ryan/Library/Mobile Documents/com~apple~CloudDocs/Documents/VSCode/Tax-App-Frontend/node_modules/react-dom/cjs/react-dom.development.js:25777:74)
            at flushActQueue (/Users/ryan/Library/Mobile Documents/com~apple~CloudDocs/Documents/VSCode/Tax-App-Frontend/node_modules/react/cjs/react.development.js:2667:24)
            at act (/Users/ryan/Library/Mobile Documents/com~apple~CloudDocs/Documents/VSCode/Tax-App-Frontend/node_modules/react/cjs/react.development.js:2582:11)
            at /Users/ryan/Library/Mobile Documents/com~apple~CloudDocs/Documents/VSCode/Tax-App-Frontend/node_modules/@testing-library/react/dist/act-compat.js:46:25
            at renderRoot (/Users/ryan/Library/Mobile Documents/com~apple~CloudDocs/Documents/VSCode/Tax-App-Frontend/node_modules/@testing-library/react/dist/pure.js:189:26)
            at render (/Users/ryan/Library/Mobile Documents/com~apple~CloudDocs/Documents/VSCode/Tax-App-Frontend/node_modules/@testing-library/react/dist/pure.js:291:10)
            at Object.<anonymous> (/Users/ryan/Library/Mobile Documents/com~apple~CloudDocs/Documents/VSCode/Tax-App-Frontend/src/app/login/responsive-layout.test.tsx:205:13)
            at Promise.finally.completed (/Users/ryan/Library/Mobile Documents/com~apple~CloudDocs/Documents/VSCode/Tax-App-Frontend/node_modules/jest-circus/build/jestAdapterInit.js:1557:28)
            at new Promise (<anonymous>)
            at callAsyncCircusFn (/Users/ryan/Library/Mobile Documents/com~apple~CloudDocs/Documents/VSCode/Tax-App-Frontend/node_modules/jest-circus/build/jestAdapterInit.js:1497:10)
            at _callCircusTest (/Users/ryan/Library/Mobile Documents/com~apple~CloudDocs/Documents/VSCode/Tax-App-Frontend/node_modules/jest-circus/build/jestAdapterInit.js:1007:40)
            at processTicksAndRejections (node:internal/process/task_queues:95:5)
            at _runTest (/Users/ryan/Library/Mobile Documents/com~apple~CloudDocs/Documents/VSCode/Tax-App-Frontend/node_modules/jest-circus/build/jestAdapterInit.js:947:3)
            at /Users/ryan/Library/Mobile Documents/com~apple~CloudDocs/Documents/VSCode/Tax-App-Frontend/node_modules/jest-circus/build/jestAdapterInit.js:849:7
            at _runTestsForDescribeBlock (/Users/ryan/Library/Mobile Documents/com~apple~CloudDocs/Documents/VSCode/Tax-App-Frontend/node_modules/jest-circus/build/jestAdapterInit.js:862:11)
            at _runTestsForDescribeBlock (/Users/ryan/Library/Mobile Documents/com~apple~CloudDocs/Documents/VSCode/Tax-App-Frontend/node_modules/jest-circus/build/jestAdapterInit.js:857:11)
            at _runTestsForDescribeBlock (/Users/ryan/Library/Mobile Documents/com~apple~CloudDocs/Documents/VSCode/Tax-App-Frontend/node_modules/jest-circus/build/jestAdapterInit.js:857:11)
            at run (/Users/ryan/Library/Mobile Documents/com~apple~CloudDocs/Documents/VSCode/Tax-App-Frontend/node_modules/jest-circus/build/jestAdapterInit.js:761:3)
            at runAndTransformResultsToJestFormat (/Users/ryan/Library/Mobile Documents/com~apple~CloudDocs/Documents/VSCode/Tax-App-Frontend/node_modules/jest-circus/build/jestAdapterInit.js:1918:21)
            at jestAdapter (/Users/ryan/Library/Mobile Documents/com~apple~CloudDocs/Documents/VSCode/Tax-App-Frontend/node_modules/jest-circus/build/runner.js:101:19)
            at runTestInternal (/Users/ryan/Library/Mobile Documents/com~apple~CloudDocs/Documents/VSCode/Tax-App-Frontend/node_modules/jest-runner/build/testWorker.js:275:16)
            at runTest (/Users/ryan/Library/Mobile Documents/com~apple~CloudDocs/Documents/VSCode/Tax-App-Frontend/node_modules/jest-runner/build/testWorker.js:343:7)
            at Object.worker (/Users/ryan/Library/Mobile Documents/com~apple~CloudDocs/Documents/VSCode/Tax-App-Frontend/node_modules/jest-runner/build/testWorker.js:497:12),
        type: 'unhandled exception'
      }

      203 |
      204 |     test('should render email input with minimum height of 44px on mobile', () => {
    > 205 |       render(<LoginPageClient />);
          |             ^
      206 |
      207 |       const emailInput = screen.getByLabelText(/email address/i);
      208 |       expect(emailInput).toBeInTheDocument();

      at VirtualConsole.<anonymous> (node_modules/@jest/environment-jsdom-abstract/build/index.js:87:23)
      at reportException (node_modules/jsdom/lib/jsdom/living/helpers/runtime-script-errors.js:70:28)
      at innerInvokeEventListeners (node_modules/jsdom/lib/jsdom/living/events/EventTarget-impl.js:353:9)
      at invokeEventListeners (node_modules/jsdom/lib/jsdom/living/events/EventTarget-impl.js:286:3)
      at HTMLUnknownElementImpl._dispatch (node_modules/jsdom/lib/jsdom/living/events/EventTarget-impl.js:233:9)
      at HTMLUnknownElementImpl.dispatchEvent (node_modules/jsdom/lib/jsdom/living/events/EventTarget-impl.js:104:17)
      at HTMLUnknownElement.dispatchEvent (node_modules/jsdom/lib/jsdom/living/generated/EventTarget.js:241:34)
      at Object.invokeGuardedCallbackDev (node_modules/react-dom/cjs/react-dom.development.js:4213:16)
      at invokeGuardedCallback (node_modules/react-dom/cjs/react-dom.development.js:4277:31)
      at beginWork$1 (node_modules/react-dom/cjs/react-dom.development.js:27490:7)
      at performUnitOfWork (node_modules/react-dom/cjs/react-dom.development.js:26599:12)
      at workLoopSync (node_modules/react-dom/cjs/react-dom.development.js:26505:5)
      at renderRootSync (node_modules/react-dom/cjs/react-dom.development.js:26473:7)
      at performConcurrentWorkOnRoot (node_modules/react-dom/cjs/react-dom.development.js:25777:74)
      at flushActQueue (node_modules/react/cjs/react.development.js:2667:24)
      at act (node_modules/react/cjs/react.development.js:2582:11)
      at node_modules/@testing-library/react/dist/act-compat.js:46:25
      at renderRoot (node_modules/@testing-library/react/dist/pure.js:189:26)
      at render (node_modules/@testing-library/react/dist/pure.js:291:10)
      at Object.<anonymous> (src/app/login/responsive-layout.test.tsx:205:13)

    console.error
      Error: Uncaught [TypeError: Cannot read properties of undefined (reading 'state')]
          at reportException (/Users/ryan/Library/Mobile Documents/com~apple~CloudDocs/Documents/VSCode/Tax-App-Frontend/node_modules/jsdom/lib/jsdom/living/helpers/runtime-script-errors.js:66:24)
          at innerInvokeEventListeners (/Users/ryan/Library/Mobile Documents/com~apple~CloudDocs/Documents/VSCode/Tax-App-Frontend/node_modules/jsdom/lib/jsdom/living/events/EventTarget-impl.js:353:9)
          at invokeEventListeners (/Users/ryan/Library/Mobile Documents/com~apple~CloudDocs/Documents/VSCode/Tax-App-Frontend/node_modules/jsdom/lib/jsdom/living/events/EventTarget-impl.js:286:3)
          at HTMLUnknownElementImpl._dispatch (/Users/ryan/Library/Mobile Documents/com~apple~CloudDocs/Documents/VSCode/Tax-App-Frontend/node_modules/jsdom/lib/jsdom/living/events/EventTarget-impl.js:233:9)
          at HTMLUnknownElementImpl.dispatchEvent (/Users/ryan/Library/Mobile Documents/com~apple~CloudDocs/Documents/VSCode/Tax-App-Frontend/node_modules/jsdom/lib/jsdom/living/events/EventTarget-impl.js:104:17)
          at HTMLUnknownElement.dispatchEvent (/Users/ryan/Library/Mobile Documents/com~apple~CloudDocs/Documents/VSCode/Tax-App-Frontend/node_modules/jsdom/lib/jsdom/living/generated/EventTarget.js:241:34)
          at Object.invokeGuardedCallbackDev (/Users/ryan/Library/Mobile Documents/com~apple~CloudDocs/Documents/VSCode/Tax-App-Frontend/node_modules/react-dom/cjs/react-dom.development.js:4213:16)
          at invokeGuardedCallback (/Users/ryan/Library/Mobile Documents/com~apple~CloudDocs/Documents/VSCode/Tax-App-Frontend/node_modules/react-dom/cjs/react-dom.development.js:4277:31)
          at beginWork$1 (/Users/ryan/Library/Mobile Documents/com~apple~CloudDocs/Documents/VSCode/Tax-App-Frontend/node_modules/react-dom/cjs/react-dom.development.js:27490:7)
          at performUnitOfWork (/Users/ryan/Library/Mobile Documents/com~apple~CloudDocs/Documents/VSCode/Tax-App-Frontend/node_modules/react-dom/cjs/react-dom.development.js:26599:12)
          at workLoopSync (/Users/ryan/Library/Mobile Documents/com~apple~CloudDocs/Documents/VSCode/Tax-App-Frontend/node_modules/react-dom/cjs/react-dom.development.js:26505:5)
          at renderRootSync (/Users/ryan/Library/Mobile Documents/com~apple~CloudDocs/Documents/VSCode/Tax-App-Frontend/node_modules/react-dom/cjs/react-dom.development.js:26473:7)
          at recoverFromConcurrentError (/Users/ryan/Library/Mobile Documents/com~apple~CloudDocs/Documents/VSCode/Tax-App-Frontend/node_modules/react-dom/cjs/react-dom.development.js:25889:20)
          at performConcurrentWorkOnRoot (/Users/ryan/Library/Mobile Documents/com~apple~CloudDocs/Documents/VSCode/Tax-App-Frontend/node_modules/react-dom/cjs/react-dom.development.js:25789:22)
          at flushActQueue (/Users/ryan/Library/Mobile Documents/com~apple~CloudDocs/Documents/VSCode/Tax-App-Frontend/node_modules/react/cjs/react.development.js:2667:24)
          at act (/Users/ryan/Library/Mobile Documents/com~apple~CloudDocs/Documents/VSCode/Tax-App-Frontend/node_modules/react/cjs/react.development.js:2582:11)
          at /Users/ryan/Library/Mobile Documents/com~apple~CloudDocs/Documents/VSCode/Tax-App-Frontend/node_modules/@testing-library/react/dist/act-compat.js:46:25
          at renderRoot (/Users/ryan/Library/Mobile Documents/com~apple~CloudDocs/Documents/VSCode/Tax-App-Frontend/node_modules/@testing-library/react/dist/pure.js:189:26)
          at render (/Users/ryan/Library/Mobile Documents/com~apple~CloudDocs/Documents/VSCode/Tax-App-Frontend/node_modules/@testing-library/react/dist/pure.js:291:10)
          at Object.<anonymous> (/Users/ryan/Library/Mobile Documents/com~apple~CloudDocs/Documents/VSCode/Tax-App-Frontend/src/app/login/responsive-layout.test.tsx:205:13)
          at Promise.finally.completed (/Users/ryan/Library/Mobile Documents/com~apple~CloudDocs/Documents/VSCode/Tax-App-Frontend/node_modules/jest-circus/build/jestAdapterInit.js:1557:28)
          at new Promise (<anonymous>)
          at callAsyncCircusFn (/Users/ryan/Library/Mobile Documents/com~apple~CloudDocs/Documents/VSCode/Tax-App-Frontend/node_modules/jest-circus/build/jestAdapterInit.js:1497:10)
          at _callCircusTest (/Users/ryan/Library/Mobile Documents/com~apple~CloudDocs/Documents/VSCode/Tax-App-Frontend/node_modules/jest-circus/build/jestAdapterInit.js:1007:40)
          at processTicksAndRejections (node:internal/process/task_queues:95:5)
          at _runTest (/Users/ryan/Library/Mobile Documents/com~apple~CloudDocs/Documents/VSCode/Tax-App-Frontend/node_modules/jest-circus/build/jestAdapterInit.js:947:3)
          at /Users/ryan/Library/Mobile Documents/com~apple~CloudDocs/Documents/VSCode/Tax-App-Frontend/node_modules/jest-circus/build/jestAdapterInit.js:849:7
          at _runTestsForDescribeBlock (/Users/ryan/Library/Mobile Documents/com~apple~CloudDocs/Documents/VSCode/Tax-App-Frontend/node_modules/jest-circus/build/jestAdapterInit.js:862:11)
          at _runTestsForDescribeBlock (/Users/ryan/Library/Mobile Documents/com~apple~CloudDocs/Documents/VSCode/Tax-App-Frontend/node_modules/jest-circus/build/jestAdapterInit.js:857:11)
          at _runTestsForDescribeBlock (/Users/ryan/Library/Mobile Documents/com~apple~CloudDocs/Documents/VSCode/Tax-App-Frontend/node_modules/jest-circus/build/jestAdapterInit.js:857:11)
          at run (/Users/ryan/Library/Mobile Documents/com~apple~CloudDocs/Documents/VSCode/Tax-App-Frontend/node_modules/jest-circus/build/jestAdapterInit.js:761:3)
          at runAndTransformResultsToJestFormat (/Users/ryan/Library/Mobile Documents/com~apple~CloudDocs/Documents/VSCode/Tax-App-Frontend/node_modules/jest-circus/build/jestAdapterInit.js:1918:21)
          at jestAdapter (/Users/ryan/Library/Mobile Documents/com~apple~CloudDocs/Documents/VSCode/Tax-App-Frontend/node_modules/jest-circus/build/runner.js:101:19)
          at runTestInternal (/Users/ryan/Library/Mobile Documents/com~apple~CloudDocs/Documents/VSCode/Tax-App-Frontend/node_modules/jest-runner/build/testWorker.js:275:16)
          at runTest (/Users/ryan/Library/Mobile Documents/com~apple~CloudDocs/Documents/VSCode/Tax-App-Frontend/node_modules/jest-runner/build/testWorker.js:343:7)
          at Object.worker (/Users/ryan/Library/Mobile Documents/com~apple~CloudDocs/Documents/VSCode/Tax-App-Frontend/node_modules/jest-runner/build/testWorker.js:497:12) {
        detail: TypeError: Cannot read properties of undefined (reading 'state')
            at state (/Users/ryan/Library/Mobile Documents/com~apple~CloudDocs/Documents/VSCode/Tax-App-Frontend/src/components/LoginForm.tsx:93:15)
            at renderWithHooks (/Users/ryan/Library/Mobile Documents/com~apple~CloudDocs/Documents/VSCode/Tax-App-Frontend/node_modules/react-dom/cjs/react-dom.development.js:15486:18)
            at mountIndeterminateComponent (/Users/ryan/Library/Mobile Documents/com~apple~CloudDocs/Documents/VSCode/Tax-App-Frontend/node_modules/react-dom/cjs/react-dom.development.js:20103:13)
            at beginWork (/Users/ryan/Library/Mobile Documents/com~apple~CloudDocs/Documents/VSCode/Tax-App-Frontend/node_modules/react-dom/cjs/react-dom.development.js:21626:16)
            at HTMLUnknownElement.callCallback (/Users/ryan/Library/Mobile Documents/com~apple~CloudDocs/Documents/VSCode/Tax-App-Frontend/node_modules/react-dom/cjs/react-dom.development.js:4164:14)
            at HTMLUnknownElement.callTheUserObjectsOperation (/Users/ryan/Library/Mobile Documents/com~apple~CloudDocs/Documents/VSCode/Tax-App-Frontend/node_modules/jsdom/lib/jsdom/living/generated/EventListener.js:26:30)
            at innerInvokeEventListeners (/Users/ryan/Library/Mobile Documents/com~apple~CloudDocs/Documents/VSCode/Tax-App-Frontend/node_modules/jsdom/lib/jsdom/living/events/EventTarget-impl.js:350:25)
            at invokeEventListeners (/Users/ryan/Library/Mobile Documents/com~apple~CloudDocs/Documents/VSCode/Tax-App-Frontend/node_modules/jsdom/lib/jsdom/living/events/EventTarget-impl.js:286:3)
            at HTMLUnknownElementImpl._dispatch (/Users/ryan/Library/Mobile Documents/com~apple~CloudDocs/Documents/VSCode/Tax-App-Frontend/node_modules/jsdom/lib/jsdom/living/events/EventTarget-impl.js:233:9)
            at HTMLUnknownElementImpl.dispatchEvent (/Users/ryan/Library/Mobile Documents/com~apple~CloudDocs/Documents/VSCode/Tax-App-Frontend/node_modules/jsdom/lib/jsdom/living/events/EventTarget-impl.js:104:17)
            at HTMLUnknownElement.dispatchEvent (/Users/ryan/Library/Mobile Documents/com~apple~CloudDocs/Documents/VSCode/Tax-App-Frontend/node_modules/jsdom/lib/jsdom/living/generated/EventTarget.js:241:34)
            at Object.invokeGuardedCallbackDev (/Users/ryan/Library/Mobile Documents/com~apple~CloudDocs/Documents/VSCode/Tax-App-Frontend/node_modules/react-dom/cjs/react-dom.development.js:4213:16)
            at invokeGuardedCallback (/Users/ryan/Library/Mobile Documents/com~apple~CloudDocs/Documents/VSCode/Tax-App-Frontend/node_modules/react-dom/cjs/react-dom.development.js:4277:31)
            at beginWork$1 (/Users/ryan/Library/Mobile Documents/com~apple~CloudDocs/Documents/VSCode/Tax-App-Frontend/node_modules/react-dom/cjs/react-dom.development.js:27490:7)
            at performUnitOfWork (/Users/ryan/Library/Mobile Documents/com~apple~CloudDocs/Documents/VSCode/Tax-App-Frontend/node_modules/react-dom/cjs/react-dom.development.js:26599:12)
            at workLoopSync (/Users/ryan/Library/Mobile Documents/com~apple~CloudDocs/Documents/VSCode/Tax-App-Frontend/node_modules/react-dom/cjs/react-dom.development.js:26505:5)
            at renderRootSync (/Users/ryan/Library/Mobile Documents/com~apple~CloudDocs/Documents/VSCode/Tax-App-Frontend/node_modules/react-dom/cjs/react-dom.development.js:26473:7)
            at recoverFromConcurrentError (/Users/ryan/Library/Mobile Documents/com~apple~CloudDocs/Documents/VSCode/Tax-App-Frontend/node_modules/react-dom/cjs/react-dom.development.js:25889:20)
            at performConcurrentWorkOnRoot (/Users/ryan/Library/Mobile Documents/com~apple~CloudDocs/Documents/VSCode/Tax-App-Frontend/node_modules/react-dom/cjs/react-dom.development.js:25789:22)
            at flushActQueue (/Users/ryan/Library/Mobile Documents/com~apple~CloudDocs/Documents/VSCode/Tax-App-Frontend/node_modules/react/cjs/react.development.js:2667:24)
            at act (/Users/ryan/Library/Mobile Documents/com~apple~CloudDocs/Documents/VSCode/Tax-App-Frontend/node_modules/react/cjs/react.development.js:2582:11)
            at /Users/ryan/Library/Mobile Documents/com~apple~CloudDocs/Documents/VSCode/Tax-App-Frontend/node_modules/@testing-library/react/dist/act-compat.js:46:25
            at renderRoot (/Users/ryan/Library/Mobile Documents/com~apple~CloudDocs/Documents/VSCode/Tax-App-Frontend/node_modules/@testing-library/react/dist/pure.js:189:26)
            at render (/Users/ryan/Library/Mobile Documents/com~apple~CloudDocs/Documents/VSCode/Tax-App-Frontend/node_modules/@testing-library/react/dist/pure.js:291:10)
            at Object.<anonymous> (/Users/ryan/Library/Mobile Documents/com~apple~CloudDocs/Documents/VSCode/Tax-App-Frontend/src/app/login/responsive-layout.test.tsx:205:13)
            at Promise.finally.completed (/Users/ryan/Library/Mobile Documents/com~apple~CloudDocs/Documents/VSCode/Tax-App-Frontend/node_modules/jest-circus/build/jestAdapterInit.js:1557:28)
            at new Promise (<anonymous>)
            at callAsyncCircusFn (/Users/ryan/Library/Mobile Documents/com~apple~CloudDocs/Documents/VSCode/Tax-App-Frontend/node_modules/jest-circus/build/jestAdapterInit.js:1497:10)
            at _callCircusTest (/Users/ryan/Library/Mobile Documents/com~apple~CloudDocs/Documents/VSCode/Tax-App-Frontend/node_modules/jest-circus/build/jestAdapterInit.js:1007:40)
            at processTicksAndRejections (node:internal/process/task_queues:95:5)
            at _runTest (/Users/ryan/Library/Mobile Documents/com~apple~CloudDocs/Documents/VSCode/Tax-App-Frontend/node_modules/jest-circus/build/jestAdapterInit.js:947:3)
            at /Users/ryan/Library/Mobile Documents/com~apple~CloudDocs/Documents/VSCode/Tax-App-Frontend/node_modules/jest-circus/build/jestAdapterInit.js:849:7
            at _runTestsForDescribeBlock (/Users/ryan/Library/Mobile Documents/com~apple~CloudDocs/Documents/VSCode/Tax-App-Frontend/node_modules/jest-circus/build/jestAdapterInit.js:862:11)
            at _runTestsForDescribeBlock (/Users/ryan/Library/Mobile Documents/com~apple~CloudDocs/Documents/VSCode/Tax-App-Frontend/node_modules/jest-circus/build/jestAdapterInit.js:857:11)
            at _runTestsForDescribeBlock (/Users/ryan/Library/Mobile Documents/com~apple~CloudDocs/Documents/VSCode/Tax-App-Frontend/node_modules/jest-circus/build/jestAdapterInit.js:857:11)
            at run (/Users/ryan/Library/Mobile Documents/com~apple~CloudDocs/Documents/VSCode/Tax-App-Frontend/node_modules/jest-circus/build/jestAdapterInit.js:761:3)
            at runAndTransformResultsToJestFormat (/Users/ryan/Library/Mobile Documents/com~apple~CloudDocs/Documents/VSCode/Tax-App-Frontend/node_modules/jest-circus/build/jestAdapterInit.js:1918:21)
            at jestAdapter (/Users/ryan/Library/Mobile Documents/com~apple~CloudDocs/Documents/VSCode/Tax-App-Frontend/node_modules/jest-circus/build/runner.js:101:19)
            at runTestInternal (/Users/ryan/Library/Mobile Documents/com~apple~CloudDocs/Documents/VSCode/Tax-App-Frontend/node_modules/jest-runner/build/testWorker.js:275:16)
            at runTest (/Users/ryan/Library/Mobile Documents/com~apple~CloudDocs/Documents/VSCode/Tax-App-Frontend/node_modules/jest-runner/build/testWorker.js:343:7)
            at Object.worker (/Users/ryan/Library/Mobile Documents/com~apple~CloudDocs/Documents/VSCode/Tax-App-Frontend/node_modules/jest-runner/build/testWorker.js:497:12),
        type: 'unhandled exception'
      }

      203 |
      204 |     test('should render email input with minimum height of 44px on mobile', () => {
    > 205 |       render(<LoginPageClient />);
          |             ^
      206 |
      207 |       const emailInput = screen.getByLabelText(/email address/i);
      208 |       expect(emailInput).toBeInTheDocument();

      at VirtualConsole.<anonymous> (node_modules/@jest/environment-jsdom-abstract/build/index.js:87:23)
      at reportException (node_modules/jsdom/lib/jsdom/living/helpers/runtime-script-errors.js:70:28)
      at innerInvokeEventListeners (node_modules/jsdom/lib/jsdom/living/events/EventTarget-impl.js:353:9)
      at invokeEventListeners (node_modules/jsdom/lib/jsdom/living/events/EventTarget-impl.js:286:3)
      at HTMLUnknownElementImpl._dispatch (node_modules/jsdom/lib/jsdom/living/events/EventTarget-impl.js:233:9)
      at HTMLUnknownElementImpl.dispatchEvent (node_modules/jsdom/lib/jsdom/living/events/EventTarget-impl.js:104:17)
      at HTMLUnknownElement.dispatchEvent (node_modules/jsdom/lib/jsdom/living/generated/EventTarget.js:241:34)
      at Object.invokeGuardedCallbackDev (node_modules/react-dom/cjs/react-dom.development.js:4213:16)
      at invokeGuardedCallback (node_modules/react-dom/cjs/react-dom.development.js:4277:31)
      at beginWork$1 (node_modules/react-dom/cjs/react-dom.development.js:27490:7)
      at performUnitOfWork (node_modules/react-dom/cjs/react-dom.development.js:26599:12)
      at workLoopSync (node_modules/react-dom/cjs/react-dom.development.js:26505:5)
      at renderRootSync (node_modules/react-dom/cjs/react-dom.development.js:26473:7)
      at recoverFromConcurrentError (node_modules/react-dom/cjs/react-dom.development.js:25889:20)
      at performConcurrentWorkOnRoot (node_modules/react-dom/cjs/react-dom.development.js:25789:22)
      at flushActQueue (node_modules/react/cjs/react.development.js:2667:24)
      at act (node_modules/react/cjs/react.development.js:2582:11)
      at node_modules/@testing-library/react/dist/act-compat.js:46:25
      at renderRoot (node_modules/@testing-library/react/dist/pure.js:189:26)
      at render (node_modules/@testing-library/react/dist/pure.js:291:10)
      at Object.<anonymous> (src/app/login/responsive-layout.test.tsx:205:13)

    console.error
      The above error occurred in the <LoginForm> component:
      
          at className (/Users/ryan/Library/Mobile Documents/com~apple~CloudDocs/Documents/VSCode/Tax-App-Frontend/src/components/LoginForm.tsx:45:29)
          at div
          at children (/Users/ryan/Library/Mobile Documents/com~apple~CloudDocs/Documents/VSCode/Tax-App-Frontend/src/app/login/responsive-layout.test.tsx:62:19)
          at div
          at children (/Users/ryan/Library/Mobile Documents/com~apple~CloudDocs/Documents/VSCode/Tax-App-Frontend/src/app/login/responsive-layout.test.tsx:52:12)
          at div
          at div
          at div
          at children (/Users/ryan/Library/Mobile Documents/com~apple~CloudDocs/Documents/VSCode/Tax-App-Frontend/src/app/login/responsive-layout.test.tsx:47:21)
          at callbackUrl (/Users/ryan/Library/Mobile Documents/com~apple~CloudDocs/Documents/VSCode/Tax-App-Frontend/src/app/login/LoginPageClient.tsx:49:43)
      
      Consider adding an error boundary to your tree to customize error handling behavior.
      Visit https://reactjs.org/link/error-boundaries to learn more about error boundaries.

      203 |
      204 |     test('should render email input with minimum height of 44px on mobile', () => {
    > 205 |       render(<LoginPageClient />);
          |             ^
      206 |
      207 |       const emailInput = screen.getByLabelText(/email address/i);
      208 |       expect(emailInput).toBeInTheDocument();

      at logCapturedError (node_modules/react-dom/cjs/react-dom.development.js:18704:23)
      at update.callback (node_modules/react-dom/cjs/react-dom.development.js:18737:5)
      at callCallback (node_modules/react-dom/cjs/react-dom.development.js:15036:12)
      at commitUpdateQueue (node_modules/react-dom/cjs/react-dom.development.js:15057:9)
      at commitLayoutEffectOnFiber (node_modules/react-dom/cjs/react-dom.development.js:23430:13)
      at commitLayoutMountEffects_complete (node_modules/react-dom/cjs/react-dom.development.js:24727:9)
      at commitLayoutEffects_begin (node_modules/react-dom/cjs/react-dom.development.js:24713:7)
      at commitLayoutEffects (node_modules/react-dom/cjs/react-dom.development.js:24651:3)
      at commitRootImpl (node_modules/react-dom/cjs/react-dom.development.js:26862:5)
      at commitRoot (node_modules/react-dom/cjs/react-dom.development.js:26721:5)
      at finishConcurrentRender (node_modules/react-dom/cjs/react-dom.development.js:25931:9)
      at performConcurrentWorkOnRoot (node_modules/react-dom/cjs/react-dom.development.js:25848:7)
      at flushActQueue (node_modules/react/cjs/react.development.js:2667:24)
      at act (node_modules/react/cjs/react.development.js:2582:11)
      at node_modules/@testing-library/react/dist/act-compat.js:46:25
      at renderRoot (node_modules/@testing-library/react/dist/pure.js:189:26)
      at render (node_modules/@testing-library/react/dist/pure.js:291:10)
      at Object.<anonymous> (src/app/login/responsive-layout.test.tsx:205:13)

    console.error
      Error: Uncaught [TypeError: Cannot read properties of undefined (reading 'state')]
          at reportException (/Users/ryan/Library/Mobile Documents/com~apple~CloudDocs/Documents/VSCode/Tax-App-Frontend/node_modules/jsdom/lib/jsdom/living/helpers/runtime-script-errors.js:66:24)
          at innerInvokeEventListeners (/Users/ryan/Library/Mobile Documents/com~apple~CloudDocs/Documents/VSCode/Tax-App-Frontend/node_modules/jsdom/lib/jsdom/living/events/EventTarget-impl.js:353:9)
          at invokeEventListeners (/Users/ryan/Library/Mobile Documents/com~apple~CloudDocs/Documents/VSCode/Tax-App-Frontend/node_modules/jsdom/lib/jsdom/living/events/EventTarget-impl.js:286:3)
          at HTMLUnknownElementImpl._dispatch (/Users/ryan/Library/Mobile Documents/com~apple~CloudDocs/Documents/VSCode/Tax-App-Frontend/node_modules/jsdom/lib/jsdom/living/events/EventTarget-impl.js:233:9)
          at HTMLUnknownElementImpl.dispatchEvent (/Users/ryan/Library/Mobile Documents/com~apple~CloudDocs/Documents/VSCode/Tax-App-Frontend/node_modules/jsdom/lib/jsdom/living/events/EventTarget-impl.js:104:17)
          at HTMLUnknownElement.dispatchEvent (/Users/ryan/Library/Mobile Documents/com~apple~CloudDocs/Documents/VSCode/Tax-App-Frontend/node_modules/jsdom/lib/jsdom/living/generated/EventTarget.js:241:34)
          at Object.invokeGuardedCallbackDev (/Users/ryan/Library/Mobile Documents/com~apple~CloudDocs/Documents/VSCode/Tax-App-Frontend/node_modules/react-dom/cjs/react-dom.development.js:4213:16)
          at invokeGuardedCallback (/Users/ryan/Library/Mobile Documents/com~apple~CloudDocs/Documents/VSCode/Tax-App-Frontend/node_modules/react-dom/cjs/react-dom.development.js:4277:31)
          at beginWork$1 (/Users/ryan/Library/Mobile Documents/com~apple~CloudDocs/Documents/VSCode/Tax-App-Frontend/node_modules/react-dom/cjs/react-dom.development.js:27490:7)
          at performUnitOfWork (/Users/ryan/Library/Mobile Documents/com~apple~CloudDocs/Documents/VSCode/Tax-App-Frontend/node_modules/react-dom/cjs/react-dom.development.js:26599:12)
          at workLoopSync (/Users/ryan/Library/Mobile Documents/com~apple~CloudDocs/Documents/VSCode/Tax-App-Frontend/node_modules/react-dom/cjs/react-dom.development.js:26505:5)
          at renderRootSync (/Users/ryan/Library/Mobile Documents/com~apple~CloudDocs/Documents/VSCode/Tax-App-Frontend/node_modules/react-dom/cjs/react-dom.development.js:26473:7)
          at performConcurrentWorkOnRoot (/Users/ryan/Library/Mobile Documents/com~apple~CloudDocs/Documents/VSCode/Tax-App-Frontend/node_modules/react-dom/cjs/react-dom.development.js:25777:74)
          at flushActQueue (/Users/ryan/Library/Mobile Documents/com~apple~CloudDocs/Documents/VSCode/Tax-App-Frontend/node_modules/react/cjs/react.development.js:2667:24)
          at act (/Users/ryan/Library/Mobile Documents/com~apple~CloudDocs/Documents/VSCode/Tax-App-Frontend/node_modules/react/cjs/react.development.js:2582:11)
          at /Users/ryan/Library/Mobile Documents/com~apple~CloudDocs/Documents/VSCode/Tax-App-Frontend/node_modules/@testing-library/react/dist/act-compat.js:46:25
          at renderRoot (/Users/ryan/Library/Mobile Documents/com~apple~CloudDocs/Documents/VSCode/Tax-App-Frontend/node_modules/@testing-library/react/dist/pure.js:189:26)
          at render (/Users/ryan/Library/Mobile Documents/com~apple~CloudDocs/Documents/VSCode/Tax-App-Frontend/node_modules/@testing-library/react/dist/pure.js:291:10)
          at Object.<anonymous> (/Users/ryan/Library/Mobile Documents/com~apple~CloudDocs/Documents/VSCode/Tax-App-Frontend/src/app/login/responsive-layout.test.tsx:215:13)
          at Promise.finally.completed (/Users/ryan/Library/Mobile Documents/com~apple~CloudDocs/Documents/VSCode/Tax-App-Frontend/node_modules/jest-circus/build/jestAdapterInit.js:1557:28)
          at new Promise (<anonymous>)
          at callAsyncCircusFn (/Users/ryan/Library/Mobile Documents/com~apple~CloudDocs/Documents/VSCode/Tax-App-Frontend/node_modules/jest-circus/build/jestAdapterInit.js:1497:10)
          at _callCircusTest (/Users/ryan/Library/Mobile Documents/com~apple~CloudDocs/Documents/VSCode/Tax-App-Frontend/node_modules/jest-circus/build/jestAdapterInit.js:1007:40)
          at processTicksAndRejections (node:internal/process/task_queues:95:5)
          at _runTest (/Users/ryan/Library/Mobile Documents/com~apple~CloudDocs/Documents/VSCode/Tax-App-Frontend/node_modules/jest-circus/build/jestAdapterInit.js:947:3)
          at /Users/ryan/Library/Mobile Documents/com~apple~CloudDocs/Documents/VSCode/Tax-App-Frontend/node_modules/jest-circus/build/jestAdapterInit.js:849:7
          at _runTestsForDescribeBlock (/Users/ryan/Library/Mobile Documents/com~apple~CloudDocs/Documents/VSCode/Tax-App-Frontend/node_modules/jest-circus/build/jestAdapterInit.js:862:11)
          at _runTestsForDescribeBlock (/Users/ryan/Library/Mobile Documents/com~apple~CloudDocs/Documents/VSCode/Tax-App-Frontend/node_modules/jest-circus/build/jestAdapterInit.js:857:11)
          at _runTestsForDescribeBlock (/Users/ryan/Library/Mobile Documents/com~apple~CloudDocs/Documents/VSCode/Tax-App-Frontend/node_modules/jest-circus/build/jestAdapterInit.js:857:11)
          at run (/Users/ryan/Library/Mobile Documents/com~apple~CloudDocs/Documents/VSCode/Tax-App-Frontend/node_modules/jest-circus/build/jestAdapterInit.js:761:3)
          at runAndTransformResultsToJestFormat (/Users/ryan/Library/Mobile Documents/com~apple~CloudDocs/Documents/VSCode/Tax-App-Frontend/node_modules/jest-circus/build/jestAdapterInit.js:1918:21)
          at jestAdapter (/Users/ryan/Library/Mobile Documents/com~apple~CloudDocs/Documents/VSCode/Tax-App-Frontend/node_modules/jest-circus/build/runner.js:101:19)
          at runTestInternal (/Users/ryan/Library/Mobile Documents/com~apple~CloudDocs/Documents/VSCode/Tax-App-Frontend/node_modules/jest-runner/build/testWorker.js:275:16)
          at runTest (/Users/ryan/Library/Mobile Documents/com~apple~CloudDocs/Documents/VSCode/Tax-App-Frontend/node_modules/jest-runner/build/testWorker.js:343:7)
          at Object.worker (/Users/ryan/Library/Mobile Documents/com~apple~CloudDocs/Documents/VSCode/Tax-App-Frontend/node_modules/jest-runner/build/testWorker.js:497:12) {
        detail: TypeError: Cannot read properties of undefined (reading 'state')
            at state (/Users/ryan/Library/Mobile Documents/com~apple~CloudDocs/Documents/VSCode/Tax-App-Frontend/src/components/LoginForm.tsx:93:15)
            at renderWithHooks (/Users/ryan/Library/Mobile Documents/com~apple~CloudDocs/Documents/VSCode/Tax-App-Frontend/node_modules/react-dom/cjs/react-dom.development.js:15486:18)
            at mountIndeterminateComponent (/Users/ryan/Library/Mobile Documents/com~apple~CloudDocs/Documents/VSCode/Tax-App-Frontend/node_modules/react-dom/cjs/react-dom.development.js:20103:13)
            at beginWork (/Users/ryan/Library/Mobile Documents/com~apple~CloudDocs/Documents/VSCode/Tax-App-Frontend/node_modules/react-dom/cjs/react-dom.development.js:21626:16)
            at HTMLUnknownElement.callCallback (/Users/ryan/Library/Mobile Documents/com~apple~CloudDocs/Documents/VSCode/Tax-App-Frontend/node_modules/react-dom/cjs/react-dom.development.js:4164:14)
            at HTMLUnknownElement.callTheUserObjectsOperation (/Users/ryan/Library/Mobile Documents/com~apple~CloudDocs/Documents/VSCode/Tax-App-Frontend/node_modules/jsdom/lib/jsdom/living/generated/EventListener.js:26:30)
            at innerInvokeEventListeners (/Users/ryan/Library/Mobile Documents/com~apple~CloudDocs/Documents/VSCode/Tax-App-Frontend/node_modules/jsdom/lib/jsdom/living/events/EventTarget-impl.js:350:25)
            at invokeEventListeners (/Users/ryan/Library/Mobile Documents/com~apple~CloudDocs/Documents/VSCode/Tax-App-Frontend/node_modules/jsdom/lib/jsdom/living/events/EventTarget-impl.js:286:3)
            at HTMLUnknownElementImpl._dispatch (/Users/ryan/Library/Mobile Documents/com~apple~CloudDocs/Documents/VSCode/Tax-App-Frontend/node_modules/jsdom/lib/jsdom/living/events/EventTarget-impl.js:233:9)
            at HTMLUnknownElementImpl.dispatchEvent (/Users/ryan/Library/Mobile Documents/com~apple~CloudDocs/Documents/VSCode/Tax-App-Frontend/node_modules/jsdom/lib/jsdom/living/events/EventTarget-impl.js:104:17)
            at HTMLUnknownElement.dispatchEvent (/Users/ryan/Library/Mobile Documents/com~apple~CloudDocs/Documents/VSCode/Tax-App-Frontend/node_modules/jsdom/lib/jsdom/living/generated/EventTarget.js:241:34)
            at Object.invokeGuardedCallbackDev (/Users/ryan/Library/Mobile Documents/com~apple~CloudDocs/Documents/VSCode/Tax-App-Frontend/node_modules/react-dom/cjs/react-dom.development.js:4213:16)
            at invokeGuardedCallback (/Users/ryan/Library/Mobile Documents/com~apple~CloudDocs/Documents/VSCode/Tax-App-Frontend/node_modules/react-dom/cjs/react-dom.development.js:4277:31)
            at beginWork$1 (/Users/ryan/Library/Mobile Documents/com~apple~CloudDocs/Documents/VSCode/Tax-App-Frontend/node_modules/react-dom/cjs/react-dom.development.js:27490:7)
            at performUnitOfWork (/Users/ryan/Library/Mobile Documents/com~apple~CloudDocs/Documents/VSCode/Tax-App-Frontend/node_modules/react-dom/cjs/react-dom.development.js:26599:12)
            at workLoopSync (/Users/ryan/Library/Mobile Documents/com~apple~CloudDocs/Documents/VSCode/Tax-App-Frontend/node_modules/react-dom/cjs/react-dom.development.js:26505:5)
            at renderRootSync (/Users/ryan/Library/Mobile Documents/com~apple~CloudDocs/Documents/VSCode/Tax-App-Frontend/node_modules/react-dom/cjs/react-dom.development.js:26473:7)
            at performConcurrentWorkOnRoot (/Users/ryan/Library/Mobile Documents/com~apple~CloudDocs/Documents/VSCode/Tax-App-Frontend/node_modules/react-dom/cjs/react-dom.development.js:25777:74)
            at flushActQueue (/Users/ryan/Library/Mobile Documents/com~apple~CloudDocs/Documents/VSCode/Tax-App-Frontend/node_modules/react/cjs/react.development.js:2667:24)
            at act (/Users/ryan/Library/Mobile Documents/com~apple~CloudDocs/Documents/VSCode/Tax-App-Frontend/node_modules/react/cjs/react.development.js:2582:11)
            at /Users/ryan/Library/Mobile Documents/com~apple~CloudDocs/Documents/VSCode/Tax-App-Frontend/node_modules/@testing-library/react/dist/act-compat.js:46:25
            at renderRoot (/Users/ryan/Library/Mobile Documents/com~apple~CloudDocs/Documents/VSCode/Tax-App-Frontend/node_modules/@testing-library/react/dist/pure.js:189:26)
            at render (/Users/ryan/Library/Mobile Documents/com~apple~CloudDocs/Documents/VSCode/Tax-App-Frontend/node_modules/@testing-library/react/dist/pure.js:291:10)
            at Object.<anonymous> (/Users/ryan/Library/Mobile Documents/com~apple~CloudDocs/Documents/VSCode/Tax-App-Frontend/src/app/login/responsive-layout.test.tsx:215:13)
            at Promise.finally.completed (/Users/ryan/Library/Mobile Documents/com~apple~CloudDocs/Documents/VSCode/Tax-App-Frontend/node_modules/jest-circus/build/jestAdapterInit.js:1557:28)
            at new Promise (<anonymous>)
            at callAsyncCircusFn (/Users/ryan/Library/Mobile Documents/com~apple~CloudDocs/Documents/VSCode/Tax-App-Frontend/node_modules/jest-circus/build/jestAdapterInit.js:1497:10)
            at _callCircusTest (/Users/ryan/Library/Mobile Documents/com~apple~CloudDocs/Documents/VSCode/Tax-App-Frontend/node_modules/jest-circus/build/jestAdapterInit.js:1007:40)
            at processTicksAndRejections (node:internal/process/task_queues:95:5)
            at _runTest (/Users/ryan/Library/Mobile Documents/com~apple~CloudDocs/Documents/VSCode/Tax-App-Frontend/node_modules/jest-circus/build/jestAdapterInit.js:947:3)
            at /Users/ryan/Library/Mobile Documents/com~apple~CloudDocs/Documents/VSCode/Tax-App-Frontend/node_modules/jest-circus/build/jestAdapterInit.js:849:7
            at _runTestsForDescribeBlock (/Users/ryan/Library/Mobile Documents/com~apple~CloudDocs/Documents/VSCode/Tax-App-Frontend/node_modules/jest-circus/build/jestAdapterInit.js:862:11)
            at _runTestsForDescribeBlock (/Users/ryan/Library/Mobile Documents/com~apple~CloudDocs/Documents/VSCode/Tax-App-Frontend/node_modules/jest-circus/build/jestAdapterInit.js:857:11)
            at _runTestsForDescribeBlock (/Users/ryan/Library/Mobile Documents/com~apple~CloudDocs/Documents/VSCode/Tax-App-Frontend/node_modules/jest-circus/build/jestAdapterInit.js:857:11)
            at run (/Users/ryan/Library/Mobile Documents/com~apple~CloudDocs/Documents/VSCode/Tax-App-Frontend/node_modules/jest-circus/build/jestAdapterInit.js:761:3)
            at runAndTransformResultsToJestFormat (/Users/ryan/Library/Mobile Documents/com~apple~CloudDocs/Documents/VSCode/Tax-App-Frontend/node_modules/jest-circus/build/jestAdapterInit.js:1918:21)
            at jestAdapter (/Users/ryan/Library/Mobile Documents/com~apple~CloudDocs/Documents/VSCode/Tax-App-Frontend/node_modules/jest-circus/build/runner.js:101:19)
            at runTestInternal (/Users/ryan/Library/Mobile Documents/com~apple~CloudDocs/Documents/VSCode/Tax-App-Frontend/node_modules/jest-runner/build/testWorker.js:275:16)
            at runTest (/Users/ryan/Library/Mobile Documents/com~apple~CloudDocs/Documents/VSCode/Tax-App-Frontend/node_modules/jest-runner/build/testWorker.js:343:7)
            at Object.worker (/Users/ryan/Library/Mobile Documents/com~apple~CloudDocs/Documents/VSCode/Tax-App-Frontend/node_modules/jest-runner/build/testWorker.js:497:12),
        type: 'unhandled exception'
      }

      213 |
      214 |     test('should render password input with minimum height of 44px on mobile', () => {
    > 215 |       render(<LoginPageClient />);
          |             ^
      216 |
      217 |       const passwordInput = screen.getByLabelText(/^password$/i);
      218 |       expect(passwordInput).toBeInTheDocument();

      at VirtualConsole.<anonymous> (node_modules/@jest/environment-jsdom-abstract/build/index.js:87:23)
      at reportException (node_modules/jsdom/lib/jsdom/living/helpers/runtime-script-errors.js:70:28)
      at innerInvokeEventListeners (node_modules/jsdom/lib/jsdom/living/events/EventTarget-impl.js:353:9)
      at invokeEventListeners (node_modules/jsdom/lib/jsdom/living/events/EventTarget-impl.js:286:3)
      at HTMLUnknownElementImpl._dispatch (node_modules/jsdom/lib/jsdom/living/events/EventTarget-impl.js:233:9)
      at HTMLUnknownElementImpl.dispatchEvent (node_modules/jsdom/lib/jsdom/living/events/EventTarget-impl.js:104:17)
      at HTMLUnknownElement.dispatchEvent (node_modules/jsdom/lib/jsdom/living/generated/EventTarget.js:241:34)
      at Object.invokeGuardedCallbackDev (node_modules/react-dom/cjs/react-dom.development.js:4213:16)
      at invokeGuardedCallback (node_modules/react-dom/cjs/react-dom.development.js:4277:31)
      at beginWork$1 (node_modules/react-dom/cjs/react-dom.development.js:27490:7)
      at performUnitOfWork (node_modules/react-dom/cjs/react-dom.development.js:26599:12)
      at workLoopSync (node_modules/react-dom/cjs/react-dom.development.js:26505:5)
      at renderRootSync (node_modules/react-dom/cjs/react-dom.development.js:26473:7)
      at performConcurrentWorkOnRoot (node_modules/react-dom/cjs/react-dom.development.js:25777:74)
      at flushActQueue (node_modules/react/cjs/react.development.js:2667:24)
      at act (node_modules/react/cjs/react.development.js:2582:11)
      at node_modules/@testing-library/react/dist/act-compat.js:46:25
      at renderRoot (node_modules/@testing-library/react/dist/pure.js:189:26)
      at render (node_modules/@testing-library/react/dist/pure.js:291:10)
      at Object.<anonymous> (src/app/login/responsive-layout.test.tsx:215:13)

    console.error
      Error: Uncaught [TypeError: Cannot read properties of undefined (reading 'state')]
          at reportException (/Users/ryan/Library/Mobile Documents/com~apple~CloudDocs/Documents/VSCode/Tax-App-Frontend/node_modules/jsdom/lib/jsdom/living/helpers/runtime-script-errors.js:66:24)
          at innerInvokeEventListeners (/Users/ryan/Library/Mobile Documents/com~apple~CloudDocs/Documents/VSCode/Tax-App-Frontend/node_modules/jsdom/lib/jsdom/living/events/EventTarget-impl.js:353:9)
          at invokeEventListeners (/Users/ryan/Library/Mobile Documents/com~apple~CloudDocs/Documents/VSCode/Tax-App-Frontend/node_modules/jsdom/lib/jsdom/living/events/EventTarget-impl.js:286:3)
          at HTMLUnknownElementImpl._dispatch (/Users/ryan/Library/Mobile Documents/com~apple~CloudDocs/Documents/VSCode/Tax-App-Frontend/node_modules/jsdom/lib/jsdom/living/events/EventTarget-impl.js:233:9)
          at HTMLUnknownElementImpl.dispatchEvent (/Users/ryan/Library/Mobile Documents/com~apple~CloudDocs/Documents/VSCode/Tax-App-Frontend/node_modules/jsdom/lib/jsdom/living/events/EventTarget-impl.js:104:17)
          at HTMLUnknownElement.dispatchEvent (/Users/ryan/Library/Mobile Documents/com~apple~CloudDocs/Documents/VSCode/Tax-App-Frontend/node_modules/jsdom/lib/jsdom/living/generated/EventTarget.js:241:34)
          at Object.invokeGuardedCallbackDev (/Users/ryan/Library/Mobile Documents/com~apple~CloudDocs/Documents/VSCode/Tax-App-Frontend/node_modules/react-dom/cjs/react-dom.development.js:4213:16)
          at invokeGuardedCallback (/Users/ryan/Library/Mobile Documents/com~apple~CloudDocs/Documents/VSCode/Tax-App-Frontend/node_modules/react-dom/cjs/react-dom.development.js:4277:31)
          at beginWork$1 (/Users/ryan/Library/Mobile Documents/com~apple~CloudDocs/Documents/VSCode/Tax-App-Frontend/node_modules/react-dom/cjs/react-dom.development.js:27490:7)
          at performUnitOfWork (/Users/ryan/Library/Mobile Documents/com~apple~CloudDocs/Documents/VSCode/Tax-App-Frontend/node_modules/react-dom/cjs/react-dom.development.js:26599:12)
          at workLoopSync (/Users/ryan/Library/Mobile Documents/com~apple~CloudDocs/Documents/VSCode/Tax-App-Frontend/node_modules/react-dom/cjs/react-dom.development.js:26505:5)
          at renderRootSync (/Users/ryan/Library/Mobile Documents/com~apple~CloudDocs/Documents/VSCode/Tax-App-Frontend/node_modules/react-dom/cjs/react-dom.development.js:26473:7)
          at recoverFromConcurrentError (/Users/ryan/Library/Mobile Documents/com~apple~CloudDocs/Documents/VSCode/Tax-App-Frontend/node_modules/react-dom/cjs/react-dom.development.js:25889:20)
          at performConcurrentWorkOnRoot (/Users/ryan/Library/Mobile Documents/com~apple~CloudDocs/Documents/VSCode/Tax-App-Frontend/node_modules/react-dom/cjs/react-dom.development.js:25789:22)
          at flushActQueue (/Users/ryan/Library/Mobile Documents/com~apple~CloudDocs/Documents/VSCode/Tax-App-Frontend/node_modules/react/cjs/react.development.js:2667:24)
          at act (/Users/ryan/Library/Mobile Documents/com~apple~CloudDocs/Documents/VSCode/Tax-App-Frontend/node_modules/react/cjs/react.development.js:2582:11)
          at /Users/ryan/Library/Mobile Documents/com~apple~CloudDocs/Documents/VSCode/Tax-App-Frontend/node_modules/@testing-library/react/dist/act-compat.js:46:25
          at renderRoot (/Users/ryan/Library/Mobile Documents/com~apple~CloudDocs/Documents/VSCode/Tax-App-Frontend/node_modules/@testing-library/react/dist/pure.js:189:26)
          at render (/Users/ryan/Library/Mobile Documents/com~apple~CloudDocs/Documents/VSCode/Tax-App-Frontend/node_modules/@testing-library/react/dist/pure.js:291:10)
          at Object.<anonymous> (/Users/ryan/Library/Mobile Documents/com~apple~CloudDocs/Documents/VSCode/Tax-App-Frontend/src/app/login/responsive-layout.test.tsx:215:13)
          at Promise.finally.completed (/Users/ryan/Library/Mobile Documents/com~apple~CloudDocs/Documents/VSCode/Tax-App-Frontend/node_modules/jest-circus/build/jestAdapterInit.js:1557:28)
          at new Promise (<anonymous>)
          at callAsyncCircusFn (/Users/ryan/Library/Mobile Documents/com~apple~CloudDocs/Documents/VSCode/Tax-App-Frontend/node_modules/jest-circus/build/jestAdapterInit.js:1497:10)
          at _callCircusTest (/Users/ryan/Library/Mobile Documents/com~apple~CloudDocs/Documents/VSCode/Tax-App-Frontend/node_modules/jest-circus/build/jestAdapterInit.js:1007:40)
          at processTicksAndRejections (node:internal/process/task_queues:95:5)
          at _runTest (/Users/ryan/Library/Mobile Documents/com~apple~CloudDocs/Documents/VSCode/Tax-App-Frontend/node_modules/jest-circus/build/jestAdapterInit.js:947:3)
          at /Users/ryan/Library/Mobile Documents/com~apple~CloudDocs/Documents/VSCode/Tax-App-Frontend/node_modules/jest-circus/build/jestAdapterInit.js:849:7
          at _runTestsForDescribeBlock (/Users/ryan/Library/Mobile Documents/com~apple~CloudDocs/Documents/VSCode/Tax-App-Frontend/node_modules/jest-circus/build/jestAdapterInit.js:862:11)
          at _runTestsForDescribeBlock (/Users/ryan/Library/Mobile Documents/com~apple~CloudDocs/Documents/VSCode/Tax-App-Frontend/node_modules/jest-circus/build/jestAdapterInit.js:857:11)
          at _runTestsForDescribeBlock (/Users/ryan/Library/Mobile Documents/com~apple~CloudDocs/Documents/VSCode/Tax-App-Frontend/node_modules/jest-circus/build/jestAdapterInit.js:857:11)
          at run (/Users/ryan/Library/Mobile Documents/com~apple~CloudDocs/Documents/VSCode/Tax-App-Frontend/node_modules/jest-circus/build/jestAdapterInit.js:761:3)
          at runAndTransformResultsToJestFormat (/Users/ryan/Library/Mobile Documents/com~apple~CloudDocs/Documents/VSCode/Tax-App-Frontend/node_modules/jest-circus/build/jestAdapterInit.js:1918:21)
          at jestAdapter (/Users/ryan/Library/Mobile Documents/com~apple~CloudDocs/Documents/VSCode/Tax-App-Frontend/node_modules/jest-circus/build/runner.js:101:19)
          at runTestInternal (/Users/ryan/Library/Mobile Documents/com~apple~CloudDocs/Documents/VSCode/Tax-App-Frontend/node_modules/jest-runner/build/testWorker.js:275:16)
          at runTest (/Users/ryan/Library/Mobile Documents/com~apple~CloudDocs/Documents/VSCode/Tax-App-Frontend/node_modules/jest-runner/build/testWorker.js:343:7)
          at Object.worker (/Users/ryan/Library/Mobile Documents/com~apple~CloudDocs/Documents/VSCode/Tax-App-Frontend/node_modules/jest-runner/build/testWorker.js:497:12) {
        detail: TypeError: Cannot read properties of undefined (reading 'state')
            at state (/Users/ryan/Library/Mobile Documents/com~apple~CloudDocs/Documents/VSCode/Tax-App-Frontend/src/components/LoginForm.tsx:93:15)
            at renderWithHooks (/Users/ryan/Library/Mobile Documents/com~apple~CloudDocs/Documents/VSCode/Tax-App-Frontend/node_modules/react-dom/cjs/react-dom.development.js:15486:18)
            at mountIndeterminateComponent (/Users/ryan/Library/Mobile Documents/com~apple~CloudDocs/Documents/VSCode/Tax-App-Frontend/node_modules/react-dom/cjs/react-dom.development.js:20103:13)
            at beginWork (/Users/ryan/Library/Mobile Documents/com~apple~CloudDocs/Documents/VSCode/Tax-App-Frontend/node_modules/react-dom/cjs/react-dom.development.js:21626:16)
            at HTMLUnknownElement.callCallback (/Users/ryan/Library/Mobile Documents/com~apple~CloudDocs/Documents/VSCode/Tax-App-Frontend/node_modules/react-dom/cjs/react-dom.development.js:4164:14)
            at HTMLUnknownElement.callTheUserObjectsOperation (/Users/ryan/Library/Mobile Documents/com~apple~CloudDocs/Documents/VSCode/Tax-App-Frontend/node_modules/jsdom/lib/jsdom/living/generated/EventListener.js:26:30)
            at innerInvokeEventListeners (/Users/ryan/Library/Mobile Documents/com~apple~CloudDocs/Documents/VSCode/Tax-App-Frontend/node_modules/jsdom/lib/jsdom/living/events/EventTarget-impl.js:350:25)
            at invokeEventListeners (/Users/ryan/Library/Mobile Documents/com~apple~CloudDocs/Documents/VSCode/Tax-App-Frontend/node_modules/jsdom/lib/jsdom/living/events/EventTarget-impl.js:286:3)
            at HTMLUnknownElementImpl._dispatch (/Users/ryan/Library/Mobile Documents/com~apple~CloudDocs/Documents/VSCode/Tax-App-Frontend/node_modules/jsdom/lib/jsdom/living/events/EventTarget-impl.js:233:9)
            at HTMLUnknownElementImpl.dispatchEvent (/Users/ryan/Library/Mobile Documents/com~apple~CloudDocs/Documents/VSCode/Tax-App-Frontend/node_modules/jsdom/lib/jsdom/living/events/EventTarget-impl.js:104:17)
            at HTMLUnknownElement.dispatchEvent (/Users/ryan/Library/Mobile Documents/com~apple~CloudDocs/Documents/VSCode/Tax-App-Frontend/node_modules/jsdom/lib/jsdom/living/generated/EventTarget.js:241:34)
            at Object.invokeGuardedCallbackDev (/Users/ryan/Library/Mobile Documents/com~apple~CloudDocs/Documents/VSCode/Tax-App-Frontend/node_modules/react-dom/cjs/react-dom.development.js:4213:16)
            at invokeGuardedCallback (/Users/ryan/Library/Mobile Documents/com~apple~CloudDocs/Documents/VSCode/Tax-App-Frontend/node_modules/react-dom/cjs/react-dom.development.js:4277:31)
            at beginWork$1 (/Users/ryan/Library/Mobile Documents/com~apple~CloudDocs/Documents/VSCode/Tax-App-Frontend/node_modules/react-dom/cjs/react-dom.development.js:27490:7)
            at performUnitOfWork (/Users/ryan/Library/Mobile Documents/com~apple~CloudDocs/Documents/VSCode/Tax-App-Frontend/node_modules/react-dom/cjs/react-dom.development.js:26599:12)
            at workLoopSync (/Users/ryan/Library/Mobile Documents/com~apple~CloudDocs/Documents/VSCode/Tax-App-Frontend/node_modules/react-dom/cjs/react-dom.development.js:26505:5)
            at renderRootSync (/Users/ryan/Library/Mobile Documents/com~apple~CloudDocs/Documents/VSCode/Tax-App-Frontend/node_modules/react-dom/cjs/react-dom.development.js:26473:7)
            at recoverFromConcurrentError (/Users/ryan/Library/Mobile Documents/com~apple~CloudDocs/Documents/VSCode/Tax-App-Frontend/node_modules/react-dom/cjs/react-dom.development.js:25889:20)
            at performConcurrentWorkOnRoot (/Users/ryan/Library/Mobile Documents/com~apple~CloudDocs/Documents/VSCode/Tax-App-Frontend/node_modules/react-dom/cjs/react-dom.development.js:25789:22)
            at flushActQueue (/Users/ryan/Library/Mobile Documents/com~apple~CloudDocs/Documents/VSCode/Tax-App-Frontend/node_modules/react/cjs/react.development.js:2667:24)
            at act (/Users/ryan/Library/Mobile Documents/com~apple~CloudDocs/Documents/VSCode/Tax-App-Frontend/node_modules/react/cjs/react.development.js:2582:11)
            at /Users/ryan/Library/Mobile Documents/com~apple~CloudDocs/Documents/VSCode/Tax-App-Frontend/node_modules/@testing-library/react/dist/act-compat.js:46:25
            at renderRoot (/Users/ryan/Library/Mobile Documents/com~apple~CloudDocs/Documents/VSCode/Tax-App-Frontend/node_modules/@testing-library/react/dist/pure.js:189:26)
            at render (/Users/ryan/Library/Mobile Documents/com~apple~CloudDocs/Documents/VSCode/Tax-App-Frontend/node_modules/@testing-library/react/dist/pure.js:291:10)
            at Object.<anonymous> (/Users/ryan/Library/Mobile Documents/com~apple~CloudDocs/Documents/VSCode/Tax-App-Frontend/src/app/login/responsive-layout.test.tsx:215:13)
            at Promise.finally.completed (/Users/ryan/Library/Mobile Documents/com~apple~CloudDocs/Documents/VSCode/Tax-App-Frontend/node_modules/jest-circus/build/jestAdapterInit.js:1557:28)
            at new Promise (<anonymous>)
            at callAsyncCircusFn (/Users/ryan/Library/Mobile Documents/com~apple~CloudDocs/Documents/VSCode/Tax-App-Frontend/node_modules/jest-circus/build/jestAdapterInit.js:1497:10)
            at _callCircusTest (/Users/ryan/Library/Mobile Documents/com~apple~CloudDocs/Documents/VSCode/Tax-App-Frontend/node_modules/jest-circus/build/jestAdapterInit.js:1007:40)
            at processTicksAndRejections (node:internal/process/task_queues:95:5)
            at _runTest (/Users/ryan/Library/Mobile Documents/com~apple~CloudDocs/Documents/VSCode/Tax-App-Frontend/node_modules/jest-circus/build/jestAdapterInit.js:947:3)
            at /Users/ryan/Library/Mobile Documents/com~apple~CloudDocs/Documents/VSCode/Tax-App-Frontend/node_modules/jest-circus/build/jestAdapterInit.js:849:7
            at _runTestsForDescribeBlock (/Users/ryan/Library/Mobile Documents/com~apple~CloudDocs/Documents/VSCode/Tax-App-Frontend/node_modules/jest-circus/build/jestAdapterInit.js:862:11)
            at _runTestsForDescribeBlock (/Users/ryan/Library/Mobile Documents/com~apple~CloudDocs/Documents/VSCode/Tax-App-Frontend/node_modules/jest-circus/build/jestAdapterInit.js:857:11)
            at _runTestsForDescribeBlock (/Users/ryan/Library/Mobile Documents/com~apple~CloudDocs/Documents/VSCode/Tax-App-Frontend/node_modules/jest-circus/build/jestAdapterInit.js:857:11)
            at run (/Users/ryan/Library/Mobile Documents/com~apple~CloudDocs/Documents/VSCode/Tax-App-Frontend/node_modules/jest-circus/build/jestAdapterInit.js:761:3)
            at runAndTransformResultsToJestFormat (/Users/ryan/Library/Mobile Documents/com~apple~CloudDocs/Documents/VSCode/Tax-App-Frontend/node_modules/jest-circus/build/jestAdapterInit.js:1918:21)
            at jestAdapter (/Users/ryan/Library/Mobile Documents/com~apple~CloudDocs/Documents/VSCode/Tax-App-Frontend/node_modules/jest-circus/build/runner.js:101:19)
            at runTestInternal (/Users/ryan/Library/Mobile Documents/com~apple~CloudDocs/Documents/VSCode/Tax-App-Frontend/node_modules/jest-runner/build/testWorker.js:275:16)
            at runTest (/Users/ryan/Library/Mobile Documents/com~apple~CloudDocs/Documents/VSCode/Tax-App-Frontend/node_modules/jest-runner/build/testWorker.js:343:7)
            at Object.worker (/Users/ryan/Library/Mobile Documents/com~apple~CloudDocs/Documents/VSCode/Tax-App-Frontend/node_modules/jest-runner/build/testWorker.js:497:12),
        type: 'unhandled exception'
      }

      213 |
      214 |     test('should render password input with minimum height of 44px on mobile', () => {
    > 215 |       render(<LoginPageClient />);
          |             ^
      216 |
      217 |       const passwordInput = screen.getByLabelText(/^password$/i);
      218 |       expect(passwordInput).toBeInTheDocument();

      at VirtualConsole.<anonymous> (node_modules/@jest/environment-jsdom-abstract/build/index.js:87:23)
      at reportException (node_modules/jsdom/lib/jsdom/living/helpers/runtime-script-errors.js:70:28)
      at innerInvokeEventListeners (node_modules/jsdom/lib/jsdom/living/events/EventTarget-impl.js:353:9)
      at invokeEventListeners (node_modules/jsdom/lib/jsdom/living/events/EventTarget-impl.js:286:3)
      at HTMLUnknownElementImpl._dispatch (node_modules/jsdom/lib/jsdom/living/events/EventTarget-impl.js:233:9)
      at HTMLUnknownElementImpl.dispatchEvent (node_modules/jsdom/lib/jsdom/living/events/EventTarget-impl.js:104:17)
      at HTMLUnknownElement.dispatchEvent (node_modules/jsdom/lib/jsdom/living/generated/EventTarget.js:241:34)
      at Object.invokeGuardedCallbackDev (node_modules/react-dom/cjs/react-dom.development.js:4213:16)
      at invokeGuardedCallback (node_modules/react-dom/cjs/react-dom.development.js:4277:31)
      at beginWork$1 (node_modules/react-dom/cjs/react-dom.development.js:27490:7)
      at performUnitOfWork (node_modules/react-dom/cjs/react-dom.development.js:26599:12)
      at workLoopSync (node_modules/react-dom/cjs/react-dom.development.js:26505:5)
      at renderRootSync (node_modules/react-dom/cjs/react-dom.development.js:26473:7)
      at recoverFromConcurrentError (node_modules/react-dom/cjs/react-dom.development.js:25889:20)
      at performConcurrentWorkOnRoot (node_modules/react-dom/cjs/react-dom.development.js:25789:22)
      at flushActQueue (node_modules/react/cjs/react.development.js:2667:24)
      at act (node_modules/react/cjs/react.development.js:2582:11)
      at node_modules/@testing-library/react/dist/act-compat.js:46:25
      at renderRoot (node_modules/@testing-library/react/dist/pure.js:189:26)
      at render (node_modules/@testing-library/react/dist/pure.js:291:10)
      at Object.<anonymous> (src/app/login/responsive-layout.test.tsx:215:13)

    console.error
      The above error occurred in the <LoginForm> component:
      
          at className (/Users/ryan/Library/Mobile Documents/com~apple~CloudDocs/Documents/VSCode/Tax-App-Frontend/src/components/LoginForm.tsx:45:29)
          at div
          at children (/Users/ryan/Library/Mobile Documents/com~apple~CloudDocs/Documents/VSCode/Tax-App-Frontend/src/app/login/responsive-layout.test.tsx:62:19)
          at div
          at children (/Users/ryan/Library/Mobile Documents/com~apple~CloudDocs/Documents/VSCode/Tax-App-Frontend/src/app/login/responsive-layout.test.tsx:52:12)
          at div
          at div
          at div
          at children (/Users/ryan/Library/Mobile Documents/com~apple~CloudDocs/Documents/VSCode/Tax-App-Frontend/src/app/login/responsive-layout.test.tsx:47:21)
          at callbackUrl (/Users/ryan/Library/Mobile Documents/com~apple~CloudDocs/Documents/VSCode/Tax-App-Frontend/src/app/login/LoginPageClient.tsx:49:43)
      
      Consider adding an error boundary to your tree to customize error handling behavior.
      Visit https://reactjs.org/link/error-boundaries to learn more about error boundaries.

      213 |
      214 |     test('should render password input with minimum height of 44px on mobile', () => {
    > 215 |       render(<LoginPageClient />);
          |             ^
      216 |
      217 |       const passwordInput = screen.getByLabelText(/^password$/i);
      218 |       expect(passwordInput).toBeInTheDocument();

      at logCapturedError (node_modules/react-dom/cjs/react-dom.development.js:18704:23)
      at update.callback (node_modules/react-dom/cjs/react-dom.development.js:18737:5)
      at callCallback (node_modules/react-dom/cjs/react-dom.development.js:15036:12)
      at commitUpdateQueue (node_modules/react-dom/cjs/react-dom.development.js:15057:9)
      at commitLayoutEffectOnFiber (node_modules/react-dom/cjs/react-dom.development.js:23430:13)
      at commitLayoutMountEffects_complete (node_modules/react-dom/cjs/react-dom.development.js:24727:9)
      at commitLayoutEffects_begin (node_modules/react-dom/cjs/react-dom.development.js:24713:7)
      at commitLayoutEffects (node_modules/react-dom/cjs/react-dom.development.js:24651:3)
      at commitRootImpl (node_modules/react-dom/cjs/react-dom.development.js:26862:5)
      at commitRoot (node_modules/react-dom/cjs/react-dom.development.js:26721:5)
      at finishConcurrentRender (node_modules/react-dom/cjs/react-dom.development.js:25931:9)
      at performConcurrentWorkOnRoot (node_modules/react-dom/cjs/react-dom.development.js:25848:7)
      at flushActQueue (node_modules/react/cjs/react.development.js:2667:24)
      at act (node_modules/react/cjs/react.development.js:2582:11)
      at node_modules/@testing-library/react/dist/act-compat.js:46:25
      at renderRoot (node_modules/@testing-library/react/dist/pure.js:189:26)
      at render (node_modules/@testing-library/react/dist/pure.js:291:10)
      at Object.<anonymous> (src/app/login/responsive-layout.test.tsx:215:13)

    console.error
      Error: Uncaught [TypeError: Cannot read properties of undefined (reading 'state')]
          at reportException (/Users/ryan/Library/Mobile Documents/com~apple~CloudDocs/Documents/VSCode/Tax-App-Frontend/node_modules/jsdom/lib/jsdom/living/helpers/runtime-script-errors.js:66:24)
          at innerInvokeEventListeners (/Users/ryan/Library/Mobile Documents/com~apple~CloudDocs/Documents/VSCode/Tax-App-Frontend/node_modules/jsdom/lib/jsdom/living/events/EventTarget-impl.js:353:9)
          at invokeEventListeners (/Users/ryan/Library/Mobile Documents/com~apple~CloudDocs/Documents/VSCode/Tax-App-Frontend/node_modules/jsdom/lib/jsdom/living/events/EventTarget-impl.js:286:3)
          at HTMLUnknownElementImpl._dispatch (/Users/ryan/Library/Mobile Documents/com~apple~CloudDocs/Documents/VSCode/Tax-App-Frontend/node_modules/jsdom/lib/jsdom/living/events/EventTarget-impl.js:233:9)
          at HTMLUnknownElementImpl.dispatchEvent (/Users/ryan/Library/Mobile Documents/com~apple~CloudDocs/Documents/VSCode/Tax-App-Frontend/node_modules/jsdom/lib/jsdom/living/events/EventTarget-impl.js:104:17)
          at HTMLUnknownElement.dispatchEvent (/Users/ryan/Library/Mobile Documents/com~apple~CloudDocs/Documents/VSCode/Tax-App-Frontend/node_modules/jsdom/lib/jsdom/living/generated/EventTarget.js:241:34)
          at Object.invokeGuardedCallbackDev (/Users/ryan/Library/Mobile Documents/com~apple~CloudDocs/Documents/VSCode/Tax-App-Frontend/node_modules/react-dom/cjs/react-dom.development.js:4213:16)
          at invokeGuardedCallback (/Users/ryan/Library/Mobile Documents/com~apple~CloudDocs/Documents/VSCode/Tax-App-Frontend/node_modules/react-dom/cjs/react-dom.development.js:4277:31)
          at beginWork$1 (/Users/ryan/Library/Mobile Documents/com~apple~CloudDocs/Documents/VSCode/Tax-App-Frontend/node_modules/react-dom/cjs/react-dom.development.js:27490:7)
          at performUnitOfWork (/Users/ryan/Library/Mobile Documents/com~apple~CloudDocs/Documents/VSCode/Tax-App-Frontend/node_modules/react-dom/cjs/react-dom.development.js:26599:12)
          at workLoopSync (/Users/ryan/Library/Mobile Documents/com~apple~CloudDocs/Documents/VSCode/Tax-App-Frontend/node_modules/react-dom/cjs/react-dom.development.js:26505:5)
          at renderRootSync (/Users/ryan/Library/Mobile Documents/com~apple~CloudDocs/Documents/VSCode/Tax-App-Frontend/node_modules/react-dom/cjs/react-dom.development.js:26473:7)
          at performConcurrentWorkOnRoot (/Users/ryan/Library/Mobile Documents/com~apple~CloudDocs/Documents/VSCode/Tax-App-Frontend/node_modules/react-dom/cjs/react-dom.development.js:25777:74)
          at flushActQueue (/Users/ryan/Library/Mobile Documents/com~apple~CloudDocs/Documents/VSCode/Tax-App-Frontend/node_modules/react/cjs/react.development.js:2667:24)
          at act (/Users/ryan/Library/Mobile Documents/com~apple~CloudDocs/Documents/VSCode/Tax-App-Frontend/node_modules/react/cjs/react.development.js:2582:11)
          at /Users/ryan/Library/Mobile Documents/com~apple~CloudDocs/Documents/VSCode/Tax-App-Frontend/node_modules/@testing-library/react/dist/act-compat.js:46:25
          at renderRoot (/Users/ryan/Library/Mobile Documents/com~apple~CloudDocs/Documents/VSCode/Tax-App-Frontend/node_modules/@testing-library/react/dist/pure.js:189:26)
          at render (/Users/ryan/Library/Mobile Documents/com~apple~CloudDocs/Documents/VSCode/Tax-App-Frontend/node_modules/@testing-library/react/dist/pure.js:291:10)
          at Object.<anonymous> (/Users/ryan/Library/Mobile Documents/com~apple~CloudDocs/Documents/VSCode/Tax-App-Frontend/src/app/login/responsive-layout.test.tsx:225:13)
          at Promise.finally.completed (/Users/ryan/Library/Mobile Documents/com~apple~CloudDocs/Documents/VSCode/Tax-App-Frontend/node_modules/jest-circus/build/jestAdapterInit.js:1557:28)
          at new Promise (<anonymous>)
          at callAsyncCircusFn (/Users/ryan/Library/Mobile Documents/com~apple~CloudDocs/Documents/VSCode/Tax-App-Frontend/node_modules/jest-circus/build/jestAdapterInit.js:1497:10)
          at _callCircusTest (/Users/ryan/Library/Mobile Documents/com~apple~CloudDocs/Documents/VSCode/Tax-App-Frontend/node_modules/jest-circus/build/jestAdapterInit.js:1007:40)
          at processTicksAndRejections (node:internal/process/task_queues:95:5)
          at _runTest (/Users/ryan/Library/Mobile Documents/com~apple~CloudDocs/Documents/VSCode/Tax-App-Frontend/node_modules/jest-circus/build/jestAdapterInit.js:947:3)
          at /Users/ryan/Library/Mobile Documents/com~apple~CloudDocs/Documents/VSCode/Tax-App-Frontend/node_modules/jest-circus/build/jestAdapterInit.js:849:7
          at _runTestsForDescribeBlock (/Users/ryan/Library/Mobile Documents/com~apple~CloudDocs/Documents/VSCode/Tax-App-Frontend/node_modules/jest-circus/build/jestAdapterInit.js:862:11)
          at _runTestsForDescribeBlock (/Users/ryan/Library/Mobile Documents/com~apple~CloudDocs/Documents/VSCode/Tax-App-Frontend/node_modules/jest-circus/build/jestAdapterInit.js:857:11)
          at _runTestsForDescribeBlock (/Users/ryan/Library/Mobile Documents/com~apple~CloudDocs/Documents/VSCode/Tax-App-Frontend/node_modules/jest-circus/build/jestAdapterInit.js:857:11)
          at run (/Users/ryan/Library/Mobile Documents/com~apple~CloudDocs/Documents/VSCode/Tax-App-Frontend/node_modules/jest-circus/build/jestAdapterInit.js:761:3)
          at runAndTransformResultsToJestFormat (/Users/ryan/Library/Mobile Documents/com~apple~CloudDocs/Documents/VSCode/Tax-App-Frontend/node_modules/jest-circus/build/jestAdapterInit.js:1918:21)
          at jestAdapter (/Users/ryan/Library/Mobile Documents/com~apple~CloudDocs/Documents/VSCode/Tax-App-Frontend/node_modules/jest-circus/build/runner.js:101:19)
          at runTestInternal (/Users/ryan/Library/Mobile Documents/com~apple~CloudDocs/Documents/VSCode/Tax-App-Frontend/node_modules/jest-runner/build/testWorker.js:275:16)
          at runTest (/Users/ryan/Library/Mobile Documents/com~apple~CloudDocs/Documents/VSCode/Tax-App-Frontend/node_modules/jest-runner/build/testWorker.js:343:7)
          at Object.worker (/Users/ryan/Library/Mobile Documents/com~apple~CloudDocs/Documents/VSCode/Tax-App-Frontend/node_modules/jest-runner/build/testWorker.js:497:12) {
        detail: TypeError: Cannot read properties of undefined (reading 'state')
            at state (/Users/ryan/Library/Mobile Documents/com~apple~CloudDocs/Documents/VSCode/Tax-App-Frontend/src/components/LoginForm.tsx:93:15)
            at renderWithHooks (/Users/ryan/Library/Mobile Documents/com~apple~CloudDocs/Documents/VSCode/Tax-App-Frontend/node_modules/react-dom/cjs/react-dom.development.js:15486:18)
            at mountIndeterminateComponent (/Users/ryan/Library/Mobile Documents/com~apple~CloudDocs/Documents/VSCode/Tax-App-Frontend/node_modules/react-dom/cjs/react-dom.development.js:20103:13)
            at beginWork (/Users/ryan/Library/Mobile Documents/com~apple~CloudDocs/Documents/VSCode/Tax-App-Frontend/node_modules/react-dom/cjs/react-dom.development.js:21626:16)
            at HTMLUnknownElement.callCallback (/Users/ryan/Library/Mobile Documents/com~apple~CloudDocs/Documents/VSCode/Tax-App-Frontend/node_modules/react-dom/cjs/react-dom.development.js:4164:14)
            at HTMLUnknownElement.callTheUserObjectsOperation (/Users/ryan/Library/Mobile Documents/com~apple~CloudDocs/Documents/VSCode/Tax-App-Frontend/node_modules/jsdom/lib/jsdom/living/generated/EventListener.js:26:30)
            at innerInvokeEventListeners (/Users/ryan/Library/Mobile Documents/com~apple~CloudDocs/Documents/VSCode/Tax-App-Frontend/node_modules/jsdom/lib/jsdom/living/events/EventTarget-impl.js:350:25)
            at invokeEventListeners (/Users/ryan/Library/Mobile Documents/com~apple~CloudDocs/Documents/VSCode/Tax-App-Frontend/node_modules/jsdom/lib/jsdom/living/events/EventTarget-impl.js:286:3)
            at HTMLUnknownElementImpl._dispatch (/Users/ryan/Library/Mobile Documents/com~apple~CloudDocs/Documents/VSCode/Tax-App-Frontend/node_modules/jsdom/lib/jsdom/living/events/EventTarget-impl.js:233:9)
            at HTMLUnknownElementImpl.dispatchEvent (/Users/ryan/Library/Mobile Documents/com~apple~CloudDocs/Documents/VSCode/Tax-App-Frontend/node_modules/jsdom/lib/jsdom/living/events/EventTarget-impl.js:104:17)
            at HTMLUnknownElement.dispatchEvent (/Users/ryan/Library/Mobile Documents/com~apple~CloudDocs/Documents/VSCode/Tax-App-Frontend/node_modules/jsdom/lib/jsdom/living/generated/EventTarget.js:241:34)
            at Object.invokeGuardedCallbackDev (/Users/ryan/Library/Mobile Documents/com~apple~CloudDocs/Documents/VSCode/Tax-App-Frontend/node_modules/react-dom/cjs/react-dom.development.js:4213:16)
            at invokeGuardedCallback (/Users/ryan/Library/Mobile Documents/com~apple~CloudDocs/Documents/VSCode/Tax-App-Frontend/node_modules/react-dom/cjs/react-dom.development.js:4277:31)
            at beginWork$1 (/Users/ryan/Library/Mobile Documents/com~apple~CloudDocs/Documents/VSCode/Tax-App-Frontend/node_modules/react-dom/cjs/react-dom.development.js:27490:7)
            at performUnitOfWork (/Users/ryan/Library/Mobile Documents/com~apple~CloudDocs/Documents/VSCode/Tax-App-Frontend/node_modules/react-dom/cjs/react-dom.development.js:26599:12)
            at workLoopSync (/Users/ryan/Library/Mobile Documents/com~apple~CloudDocs/Documents/VSCode/Tax-App-Frontend/node_modules/react-dom/cjs/react-dom.development.js:26505:5)
            at renderRootSync (/Users/ryan/Library/Mobile Documents/com~apple~CloudDocs/Documents/VSCode/Tax-App-Frontend/node_modules/react-dom/cjs/react-dom.development.js:26473:7)
            at performConcurrentWorkOnRoot (/Users/ryan/Library/Mobile Documents/com~apple~CloudDocs/Documents/VSCode/Tax-App-Frontend/node_modules/react-dom/cjs/react-dom.development.js:25777:74)
            at flushActQueue (/Users/ryan/Library/Mobile Documents/com~apple~CloudDocs/Documents/VSCode/Tax-App-Frontend/node_modules/react/cjs/react.development.js:2667:24)
            at act (/Users/ryan/Library/Mobile Documents/com~apple~CloudDocs/Documents/VSCode/Tax-App-Frontend/node_modules/react/cjs/react.development.js:2582:11)
            at /Users/ryan/Library/Mobile Documents/com~apple~CloudDocs/Documents/VSCode/Tax-App-Frontend/node_modules/@testing-library/react/dist/act-compat.js:46:25
            at renderRoot (/Users/ryan/Library/Mobile Documents/com~apple~CloudDocs/Documents/VSCode/Tax-App-Frontend/node_modules/@testing-library/react/dist/pure.js:189:26)
            at render (/Users/ryan/Library/Mobile Documents/com~apple~CloudDocs/Documents/VSCode/Tax-App-Frontend/node_modules/@testing-library/react/dist/pure.js:291:10)
            at Object.<anonymous> (/Users/ryan/Library/Mobile Documents/com~apple~CloudDocs/Documents/VSCode/Tax-App-Frontend/src/app/login/responsive-layout.test.tsx:225:13)
            at Promise.finally.completed (/Users/ryan/Library/Mobile Documents/com~apple~CloudDocs/Documents/VSCode/Tax-App-Frontend/node_modules/jest-circus/build/jestAdapterInit.js:1557:28)
            at new Promise (<anonymous>)
            at callAsyncCircusFn (/Users/ryan/Library/Mobile Documents/com~apple~CloudDocs/Documents/VSCode/Tax-App-Frontend/node_modules/jest-circus/build/jestAdapterInit.js:1497:10)
            at _callCircusTest (/Users/ryan/Library/Mobile Documents/com~apple~CloudDocs/Documents/VSCode/Tax-App-Frontend/node_modules/jest-circus/build/jestAdapterInit.js:1007:40)
            at processTicksAndRejections (node:internal/process/task_queues:95:5)
            at _runTest (/Users/ryan/Library/Mobile Documents/com~apple~CloudDocs/Documents/VSCode/Tax-App-Frontend/node_modules/jest-circus/build/jestAdapterInit.js:947:3)
            at /Users/ryan/Library/Mobile Documents/com~apple~CloudDocs/Documents/VSCode/Tax-App-Frontend/node_modules/jest-circus/build/jestAdapterInit.js:849:7
            at _runTestsForDescribeBlock (/Users/ryan/Library/Mobile Documents/com~apple~CloudDocs/Documents/VSCode/Tax-App-Frontend/node_modules/jest-circus/build/jestAdapterInit.js:862:11)
            at _runTestsForDescribeBlock (/Users/ryan/Library/Mobile Documents/com~apple~CloudDocs/Documents/VSCode/Tax-App-Frontend/node_modules/jest-circus/build/jestAdapterInit.js:857:11)
            at _runTestsForDescribeBlock (/Users/ryan/Library/Mobile Documents/com~apple~CloudDocs/Documents/VSCode/Tax-App-Frontend/node_modules/jest-circus/build/jestAdapterInit.js:857:11)
            at run (/Users/ryan/Library/Mobile Documents/com~apple~CloudDocs/Documents/VSCode/Tax-App-Frontend/node_modules/jest-circus/build/jestAdapterInit.js:761:3)
            at runAndTransformResultsToJestFormat (/Users/ryan/Library/Mobile Documents/com~apple~CloudDocs/Documents/VSCode/Tax-App-Frontend/node_modules/jest-circus/build/jestAdapterInit.js:1918:21)
            at jestAdapter (/Users/ryan/Library/Mobile Documents/com~apple~CloudDocs/Documents/VSCode/Tax-App-Frontend/node_modules/jest-circus/build/runner.js:101:19)
            at runTestInternal (/Users/ryan/Library/Mobile Documents/com~apple~CloudDocs/Documents/VSCode/Tax-App-Frontend/node_modules/jest-runner/build/testWorker.js:275:16)
            at runTest (/Users/ryan/Library/Mobile Documents/com~apple~CloudDocs/Documents/VSCode/Tax-App-Frontend/node_modules/jest-runner/build/testWorker.js:343:7)
            at Object.worker (/Users/ryan/Library/Mobile Documents/com~apple~CloudDocs/Documents/VSCode/Tax-App-Frontend/node_modules/jest-runner/build/testWorker.js:497:12),
        type: 'unhandled exception'
      }

      223 |
      224 |     test('should use larger button size on desktop (md:min-h-[48px])', () => {
    > 225 |       render(<LoginPageClient />);
          |             ^
      226 |
      227 |       const submitButton = screen.getByRole('button', { name: /sign in/i });
      228 |       

      at VirtualConsole.<anonymous> (node_modules/@jest/environment-jsdom-abstract/build/index.js:87:23)
      at reportException (node_modules/jsdom/lib/jsdom/living/helpers/runtime-script-errors.js:70:28)
      at innerInvokeEventListeners (node_modules/jsdom/lib/jsdom/living/events/EventTarget-impl.js:353:9)
      at invokeEventListeners (node_modules/jsdom/lib/jsdom/living/events/EventTarget-impl.js:286:3)
      at HTMLUnknownElementImpl._dispatch (node_modules/jsdom/lib/jsdom/living/events/EventTarget-impl.js:233:9)
      at HTMLUnknownElementImpl.dispatchEvent (node_modules/jsdom/lib/jsdom/living/events/EventTarget-impl.js:104:17)
      at HTMLUnknownElement.dispatchEvent (node_modules/jsdom/lib/jsdom/living/generated/EventTarget.js:241:34)
      at Object.invokeGuardedCallbackDev (node_modules/react-dom/cjs/react-dom.development.js:4213:16)
      at invokeGuardedCallback (node_modules/react-dom/cjs/react-dom.development.js:4277:31)
      at beginWork$1 (node_modules/react-dom/cjs/react-dom.development.js:27490:7)
      at performUnitOfWork (node_modules/react-dom/cjs/react-dom.development.js:26599:12)
      at workLoopSync (node_modules/react-dom/cjs/react-dom.development.js:26505:5)
      at renderRootSync (node_modules/react-dom/cjs/react-dom.development.js:26473:7)
      at performConcurrentWorkOnRoot (node_modules/react-dom/cjs/react-dom.development.js:25777:74)
      at flushActQueue (node_modules/react/cjs/react.development.js:2667:24)
      at act (node_modules/react/cjs/react.development.js:2582:11)
      at node_modules/@testing-library/react/dist/act-compat.js:46:25
      at renderRoot (node_modules/@testing-library/react/dist/pure.js:189:26)
      at render (node_modules/@testing-library/react/dist/pure.js:291:10)
      at Object.<anonymous> (src/app/login/responsive-layout.test.tsx:225:13)

    console.error
      Error: Uncaught [TypeError: Cannot read properties of undefined (reading 'state')]
          at reportException (/Users/ryan/Library/Mobile Documents/com~apple~CloudDocs/Documents/VSCode/Tax-App-Frontend/node_modules/jsdom/lib/jsdom/living/helpers/runtime-script-errors.js:66:24)
          at innerInvokeEventListeners (/Users/ryan/Library/Mobile Documents/com~apple~CloudDocs/Documents/VSCode/Tax-App-Frontend/node_modules/jsdom/lib/jsdom/living/events/EventTarget-impl.js:353:9)
          at invokeEventListeners (/Users/ryan/Library/Mobile Documents/com~apple~CloudDocs/Documents/VSCode/Tax-App-Frontend/node_modules/jsdom/lib/jsdom/living/events/EventTarget-impl.js:286:3)
          at HTMLUnknownElementImpl._dispatch (/Users/ryan/Library/Mobile Documents/com~apple~CloudDocs/Documents/VSCode/Tax-App-Frontend/node_modules/jsdom/lib/jsdom/living/events/EventTarget-impl.js:233:9)
          at HTMLUnknownElementImpl.dispatchEvent (/Users/ryan/Library/Mobile Documents/com~apple~CloudDocs/Documents/VSCode/Tax-App-Frontend/node_modules/jsdom/lib/jsdom/living/events/EventTarget-impl.js:104:17)
          at HTMLUnknownElement.dispatchEvent (/Users/ryan/Library/Mobile Documents/com~apple~CloudDocs/Documents/VSCode/Tax-App-Frontend/node_modules/jsdom/lib/jsdom/living/generated/EventTarget.js:241:34)
          at Object.invokeGuardedCallbackDev (/Users/ryan/Library/Mobile Documents/com~apple~CloudDocs/Documents/VSCode/Tax-App-Frontend/node_modules/react-dom/cjs/react-dom.development.js:4213:16)
          at invokeGuardedCallback (/Users/ryan/Library/Mobile Documents/com~apple~CloudDocs/Documents/VSCode/Tax-App-Frontend/node_modules/react-dom/cjs/react-dom.development.js:4277:31)
          at beginWork$1 (/Users/ryan/Library/Mobile Documents/com~apple~CloudDocs/Documents/VSCode/Tax-App-Frontend/node_modules/react-dom/cjs/react-dom.development.js:27490:7)
          at performUnitOfWork (/Users/ryan/Library/Mobile Documents/com~apple~CloudDocs/Documents/VSCode/Tax-App-Frontend/node_modules/react-dom/cjs/react-dom.development.js:26599:12)
          at workLoopSync (/Users/ryan/Library/Mobile Documents/com~apple~CloudDocs/Documents/VSCode/Tax-App-Frontend/node_modules/react-dom/cjs/react-dom.development.js:26505:5)
          at renderRootSync (/Users/ryan/Library/Mobile Documents/com~apple~CloudDocs/Documents/VSCode/Tax-App-Frontend/node_modules/react-dom/cjs/react-dom.development.js:26473:7)
          at recoverFromConcurrentError (/Users/ryan/Library/Mobile Documents/com~apple~CloudDocs/Documents/VSCode/Tax-App-Frontend/node_modules/react-dom/cjs/react-dom.development.js:25889:20)
          at performConcurrentWorkOnRoot (/Users/ryan/Library/Mobile Documents/com~apple~CloudDocs/Documents/VSCode/Tax-App-Frontend/node_modules/react-dom/cjs/react-dom.development.js:25789:22)
          at flushActQueue (/Users/ryan/Library/Mobile Documents/com~apple~CloudDocs/Documents/VSCode/Tax-App-Frontend/node_modules/react/cjs/react.development.js:2667:24)
          at act (/Users/ryan/Library/Mobile Documents/com~apple~CloudDocs/Documents/VSCode/Tax-App-Frontend/node_modules/react/cjs/react.development.js:2582:11)
          at /Users/ryan/Library/Mobile Documents/com~apple~CloudDocs/Documents/VSCode/Tax-App-Frontend/node_modules/@testing-library/react/dist/act-compat.js:46:25
          at renderRoot (/Users/ryan/Library/Mobile Documents/com~apple~CloudDocs/Documents/VSCode/Tax-App-Frontend/node_modules/@testing-library/react/dist/pure.js:189:26)
          at render (/Users/ryan/Library/Mobile Documents/com~apple~CloudDocs/Documents/VSCode/Tax-App-Frontend/node_modules/@testing-library/react/dist/pure.js:291:10)
          at Object.<anonymous> (/Users/ryan/Library/Mobile Documents/com~apple~CloudDocs/Documents/VSCode/Tax-App-Frontend/src/app/login/responsive-layout.test.tsx:225:13)
          at Promise.finally.completed (/Users/ryan/Library/Mobile Documents/com~apple~CloudDocs/Documents/VSCode/Tax-App-Frontend/node_modules/jest-circus/build/jestAdapterInit.js:1557:28)
          at new Promise (<anonymous>)
          at callAsyncCircusFn (/Users/ryan/Library/Mobile Documents/com~apple~CloudDocs/Documents/VSCode/Tax-App-Frontend/node_modules/jest-circus/build/jestAdapterInit.js:1497:10)
          at _callCircusTest (/Users/ryan/Library/Mobile Documents/com~apple~CloudDocs/Documents/VSCode/Tax-App-Frontend/node_modules/jest-circus/build/jestAdapterInit.js:1007:40)
          at processTicksAndRejections (node:internal/process/task_queues:95:5)
          at _runTest (/Users/ryan/Library/Mobile Documents/com~apple~CloudDocs/Documents/VSCode/Tax-App-Frontend/node_modules/jest-circus/build/jestAdapterInit.js:947:3)
          at /Users/ryan/Library/Mobile Documents/com~apple~CloudDocs/Documents/VSCode/Tax-App-Frontend/node_modules/jest-circus/build/jestAdapterInit.js:849:7
          at _runTestsForDescribeBlock (/Users/ryan/Library/Mobile Documents/com~apple~CloudDocs/Documents/VSCode/Tax-App-Frontend/node_modules/jest-circus/build/jestAdapterInit.js:862:11)
          at _runTestsForDescribeBlock (/Users/ryan/Library/Mobile Documents/com~apple~CloudDocs/Documents/VSCode/Tax-App-Frontend/node_modules/jest-circus/build/jestAdapterInit.js:857:11)
          at _runTestsForDescribeBlock (/Users/ryan/Library/Mobile Documents/com~apple~CloudDocs/Documents/VSCode/Tax-App-Frontend/node_modules/jest-circus/build/jestAdapterInit.js:857:11)
          at run (/Users/ryan/Library/Mobile Documents/com~apple~CloudDocs/Documents/VSCode/Tax-App-Frontend/node_modules/jest-circus/build/jestAdapterInit.js:761:3)
          at runAndTransformResultsToJestFormat (/Users/ryan/Library/Mobile Documents/com~apple~CloudDocs/Documents/VSCode/Tax-App-Frontend/node_modules/jest-circus/build/jestAdapterInit.js:1918:21)
          at jestAdapter (/Users/ryan/Library/Mobile Documents/com~apple~CloudDocs/Documents/VSCode/Tax-App-Frontend/node_modules/jest-circus/build/runner.js:101:19)
          at runTestInternal (/Users/ryan/Library/Mobile Documents/com~apple~CloudDocs/Documents/VSCode/Tax-App-Frontend/node_modules/jest-runner/build/testWorker.js:275:16)
          at runTest (/Users/ryan/Library/Mobile Documents/com~apple~CloudDocs/Documents/VSCode/Tax-App-Frontend/node_modules/jest-runner/build/testWorker.js:343:7)
          at Object.worker (/Users/ryan/Library/Mobile Documents/com~apple~CloudDocs/Documents/VSCode/Tax-App-Frontend/node_modules/jest-runner/build/testWorker.js:497:12) {
        detail: TypeError: Cannot read properties of undefined (reading 'state')
            at state (/Users/ryan/Library/Mobile Documents/com~apple~CloudDocs/Documents/VSCode/Tax-App-Frontend/src/components/LoginForm.tsx:93:15)
            at renderWithHooks (/Users/ryan/Library/Mobile Documents/com~apple~CloudDocs/Documents/VSCode/Tax-App-Frontend/node_modules/react-dom/cjs/react-dom.development.js:15486:18)
            at mountIndeterminateComponent (/Users/ryan/Library/Mobile Documents/com~apple~CloudDocs/Documents/VSCode/Tax-App-Frontend/node_modules/react-dom/cjs/react-dom.development.js:20103:13)
            at beginWork (/Users/ryan/Library/Mobile Documents/com~apple~CloudDocs/Documents/VSCode/Tax-App-Frontend/node_modules/react-dom/cjs/react-dom.development.js:21626:16)
            at HTMLUnknownElement.callCallback (/Users/ryan/Library/Mobile Documents/com~apple~CloudDocs/Documents/VSCode/Tax-App-Frontend/node_modules/react-dom/cjs/react-dom.development.js:4164:14)
            at HTMLUnknownElement.callTheUserObjectsOperation (/Users/ryan/Library/Mobile Documents/com~apple~CloudDocs/Documents/VSCode/Tax-App-Frontend/node_modules/jsdom/lib/jsdom/living/generated/EventListener.js:26:30)
            at innerInvokeEventListeners (/Users/ryan/Library/Mobile Documents/com~apple~CloudDocs/Documents/VSCode/Tax-App-Frontend/node_modules/jsdom/lib/jsdom/living/events/EventTarget-impl.js:350:25)
            at invokeEventListeners (/Users/ryan/Library/Mobile Documents/com~apple~CloudDocs/Documents/VSCode/Tax-App-Frontend/node_modules/jsdom/lib/jsdom/living/events/EventTarget-impl.js:286:3)
            at HTMLUnknownElementImpl._dispatch (/Users/ryan/Library/Mobile Documents/com~apple~CloudDocs/Documents/VSCode/Tax-App-Frontend/node_modules/jsdom/lib/jsdom/living/events/EventTarget-impl.js:233:9)
            at HTMLUnknownElementImpl.dispatchEvent (/Users/ryan/Library/Mobile Documents/com~apple~CloudDocs/Documents/VSCode/Tax-App-Frontend/node_modules/jsdom/lib/jsdom/living/events/EventTarget-impl.js:104:17)
            at HTMLUnknownElement.dispatchEvent (/Users/ryan/Library/Mobile Documents/com~apple~CloudDocs/Documents/VSCode/Tax-App-Frontend/node_modules/jsdom/lib/jsdom/living/generated/EventTarget.js:241:34)
            at Object.invokeGuardedCallbackDev (/Users/ryan/Library/Mobile Documents/com~apple~CloudDocs/Documents/VSCode/Tax-App-Frontend/node_modules/react-dom/cjs/react-dom.development.js:4213:16)
            at invokeGuardedCallback (/Users/ryan/Library/Mobile Documents/com~apple~CloudDocs/Documents/VSCode/Tax-App-Frontend/node_modules/react-dom/cjs/react-dom.development.js:4277:31)
            at beginWork$1 (/Users/ryan/Library/Mobile Documents/com~apple~CloudDocs/Documents/VSCode/Tax-App-Frontend/node_modules/react-dom/cjs/react-dom.development.js:27490:7)
            at performUnitOfWork (/Users/ryan/Library/Mobile Documents/com~apple~CloudDocs/Documents/VSCode/Tax-App-Frontend/node_modules/react-dom/cjs/react-dom.development.js:26599:12)
            at workLoopSync (/Users/ryan/Library/Mobile Documents/com~apple~CloudDocs/Documents/VSCode/Tax-App-Frontend/node_modules/react-dom/cjs/react-dom.development.js:26505:5)
            at renderRootSync (/Users/ryan/Library/Mobile Documents/com~apple~CloudDocs/Documents/VSCode/Tax-App-Frontend/node_modules/react-dom/cjs/react-dom.development.js:26473:7)
            at recoverFromConcurrentError (/Users/ryan/Library/Mobile Documents/com~apple~CloudDocs/Documents/VSCode/Tax-App-Frontend/node_modules/react-dom/cjs/react-dom.development.js:25889:20)
            at performConcurrentWorkOnRoot (/Users/ryan/Library/Mobile Documents/com~apple~CloudDocs/Documents/VSCode/Tax-App-Frontend/node_modules/react-dom/cjs/react-dom.development.js:25789:22)
            at flushActQueue (/Users/ryan/Library/Mobile Documents/com~apple~CloudDocs/Documents/VSCode/Tax-App-Frontend/node_modules/react/cjs/react.development.js:2667:24)
            at act (/Users/ryan/Library/Mobile Documents/com~apple~CloudDocs/Documents/VSCode/Tax-App-Frontend/node_modules/react/cjs/react.development.js:2582:11)
            at /Users/ryan/Library/Mobile Documents/com~apple~CloudDocs/Documents/VSCode/Tax-App-Frontend/node_modules/@testing-library/react/dist/act-compat.js:46:25
            at renderRoot (/Users/ryan/Library/Mobile Documents/com~apple~CloudDocs/Documents/VSCode/Tax-App-Frontend/node_modules/@testing-library/react/dist/pure.js:189:26)
            at render (/Users/ryan/Library/Mobile Documents/com~apple~CloudDocs/Documents/VSCode/Tax-App-Frontend/node_modules/@testing-library/react/dist/pure.js:291:10)
            at Object.<anonymous> (/Users/ryan/Library/Mobile Documents/com~apple~CloudDocs/Documents/VSCode/Tax-App-Frontend/src/app/login/responsive-layout.test.tsx:225:13)
            at Promise.finally.completed (/Users/ryan/Library/Mobile Documents/com~apple~CloudDocs/Documents/VSCode/Tax-App-Frontend/node_modules/jest-circus/build/jestAdapterInit.js:1557:28)
            at new Promise (<anonymous>)
            at callAsyncCircusFn (/Users/ryan/Library/Mobile Documents/com~apple~CloudDocs/Documents/VSCode/Tax-App-Frontend/node_modules/jest-circus/build/jestAdapterInit.js:1497:10)
            at _callCircusTest (/Users/ryan/Library/Mobile Documents/com~apple~CloudDocs/Documents/VSCode/Tax-App-Frontend/node_modules/jest-circus/build/jestAdapterInit.js:1007:40)
            at processTicksAndRejections (node:internal/process/task_queues:95:5)
            at _runTest (/Users/ryan/Library/Mobile Documents/com~apple~CloudDocs/Documents/VSCode/Tax-App-Frontend/node_modules/jest-circus/build/jestAdapterInit.js:947:3)
            at /Users/ryan/Library/Mobile Documents/com~apple~CloudDocs/Documents/VSCode/Tax-App-Frontend/node_modules/jest-circus/build/jestAdapterInit.js:849:7
            at _runTestsForDescribeBlock (/Users/ryan/Library/Mobile Documents/com~apple~CloudDocs/Documents/VSCode/Tax-App-Frontend/node_modules/jest-circus/build/jestAdapterInit.js:862:11)
            at _runTestsForDescribeBlock (/Users/ryan/Library/Mobile Documents/com~apple~CloudDocs/Documents/VSCode/Tax-App-Frontend/node_modules/jest-circus/build/jestAdapterInit.js:857:11)
            at _runTestsForDescribeBlock (/Users/ryan/Library/Mobile Documents/com~apple~CloudDocs/Documents/VSCode/Tax-App-Frontend/node_modules/jest-circus/build/jestAdapterInit.js:857:11)
            at run (/Users/ryan/Library/Mobile Documents/com~apple~CloudDocs/Documents/VSCode/Tax-App-Frontend/node_modules/jest-circus/build/jestAdapterInit.js:761:3)
            at runAndTransformResultsToJestFormat (/Users/ryan/Library/Mobile Documents/com~apple~CloudDocs/Documents/VSCode/Tax-App-Frontend/node_modules/jest-circus/build/jestAdapterInit.js:1918:21)
            at jestAdapter (/Users/ryan/Library/Mobile Documents/com~apple~CloudDocs/Documents/VSCode/Tax-App-Frontend/node_modules/jest-circus/build/runner.js:101:19)
            at runTestInternal (/Users/ryan/Library/Mobile Documents/com~apple~CloudDocs/Documents/VSCode/Tax-App-Frontend/node_modules/jest-runner/build/testWorker.js:275:16)
            at runTest (/Users/ryan/Library/Mobile Documents/com~apple~CloudDocs/Documents/VSCode/Tax-App-Frontend/node_modules/jest-runner/build/testWorker.js:343:7)
            at Object.worker (/Users/ryan/Library/Mobile Documents/com~apple~CloudDocs/Documents/VSCode/Tax-App-Frontend/node_modules/jest-runner/build/testWorker.js:497:12),
        type: 'unhandled exception'
      }

      223 |
      224 |     test('should use larger button size on desktop (md:min-h-[48px])', () => {
    > 225 |       render(<LoginPageClient />);
          |             ^
      226 |
      227 |       const submitButton = screen.getByRole('button', { name: /sign in/i });
      228 |       

      at VirtualConsole.<anonymous> (node_modules/@jest/environment-jsdom-abstract/build/index.js:87:23)
      at reportException (node_modules/jsdom/lib/jsdom/living/helpers/runtime-script-errors.js:70:28)
      at innerInvokeEventListeners (node_modules/jsdom/lib/jsdom/living/events/EventTarget-impl.js:353:9)
      at invokeEventListeners (node_modules/jsdom/lib/jsdom/living/events/EventTarget-impl.js:286:3)
      at HTMLUnknownElementImpl._dispatch (node_modules/jsdom/lib/jsdom/living/events/EventTarget-impl.js:233:9)
      at HTMLUnknownElementImpl.dispatchEvent (node_modules/jsdom/lib/jsdom/living/events/EventTarget-impl.js:104:17)
      at HTMLUnknownElement.dispatchEvent (node_modules/jsdom/lib/jsdom/living/generated/EventTarget.js:241:34)
      at Object.invokeGuardedCallbackDev (node_modules/react-dom/cjs/react-dom.development.js:4213:16)
      at invokeGuardedCallback (node_modules/react-dom/cjs/react-dom.development.js:4277:31)
      at beginWork$1 (node_modules/react-dom/cjs/react-dom.development.js:27490:7)
      at performUnitOfWork (node_modules/react-dom/cjs/react-dom.development.js:26599:12)
      at workLoopSync (node_modules/react-dom/cjs/react-dom.development.js:26505:5)
      at renderRootSync (node_modules/react-dom/cjs/react-dom.development.js:26473:7)
      at recoverFromConcurrentError (node_modules/react-dom/cjs/react-dom.development.js:25889:20)
      at performConcurrentWorkOnRoot (node_modules/react-dom/cjs/react-dom.development.js:25789:22)
      at flushActQueue (node_modules/react/cjs/react.development.js:2667:24)
      at act (node_modules/react/cjs/react.development.js:2582:11)
      at node_modules/@testing-library/react/dist/act-compat.js:46:25
      at renderRoot (node_modules/@testing-library/react/dist/pure.js:189:26)
      at render (node_modules/@testing-library/react/dist/pure.js:291:10)
      at Object.<anonymous> (src/app/login/responsive-layout.test.tsx:225:13)

    console.error
      The above error occurred in the <LoginForm> component:
      
          at className (/Users/ryan/Library/Mobile Documents/com~apple~CloudDocs/Documents/VSCode/Tax-App-Frontend/src/components/LoginForm.tsx:45:29)
          at div
          at children (/Users/ryan/Library/Mobile Documents/com~apple~CloudDocs/Documents/VSCode/Tax-App-Frontend/src/app/login/responsive-layout.test.tsx:62:19)
          at div
          at children (/Users/ryan/Library/Mobile Documents/com~apple~CloudDocs/Documents/VSCode/Tax-App-Frontend/src/app/login/responsive-layout.test.tsx:52:12)
          at div
          at div
          at div
          at children (/Users/ryan/Library/Mobile Documents/com~apple~CloudDocs/Documents/VSCode/Tax-App-Frontend/src/app/login/responsive-layout.test.tsx:47:21)
          at callbackUrl (/Users/ryan/Library/Mobile Documents/com~apple~CloudDocs/Documents/VSCode/Tax-App-Frontend/src/app/login/LoginPageClient.tsx:49:43)
      
      Consider adding an error boundary to your tree to customize error handling behavior.
      Visit https://reactjs.org/link/error-boundaries to learn more about error boundaries.

      223 |
      224 |     test('should use larger button size on desktop (md:min-h-[48px])', () => {
    > 225 |       render(<LoginPageClient />);
          |             ^
      226 |
      227 |       const submitButton = screen.getByRole('button', { name: /sign in/i });
      228 |       

      at logCapturedError (node_modules/react-dom/cjs/react-dom.development.js:18704:23)
      at update.callback (node_modules/react-dom/cjs/react-dom.development.js:18737:5)
      at callCallback (node_modules/react-dom/cjs/react-dom.development.js:15036:12)
      at commitUpdateQueue (node_modules/react-dom/cjs/react-dom.development.js:15057:9)
      at commitLayoutEffectOnFiber (node_modules/react-dom/cjs/react-dom.development.js:23430:13)
      at commitLayoutMountEffects_complete (node_modules/react-dom/cjs/react-dom.development.js:24727:9)
      at commitLayoutEffects_begin (node_modules/react-dom/cjs/react-dom.development.js:24713:7)
      at commitLayoutEffects (node_modules/react-dom/cjs/react-dom.development.js:24651:3)
      at commitRootImpl (node_modules/react-dom/cjs/react-dom.development.js:26862:5)
      at commitRoot (node_modules/react-dom/cjs/react-dom.development.js:26721:5)
      at finishConcurrentRender (node_modules/react-dom/cjs/react-dom.development.js:25931:9)
      at performConcurrentWorkOnRoot (node_modules/react-dom/cjs/react-dom.development.js:25848:7)
      at flushActQueue (node_modules/react/cjs/react.development.js:2667:24)
      at act (node_modules/react/cjs/react.development.js:2582:11)
      at node_modules/@testing-library/react/dist/act-compat.js:46:25
      at renderRoot (node_modules/@testing-library/react/dist/pure.js:189:26)
      at render (node_modules/@testing-library/react/dist/pure.js:291:10)
      at Object.<anonymous> (src/app/login/responsive-layout.test.tsx:225:13)

    console.error
      Error: Uncaught [TypeError: Cannot read properties of undefined (reading 'state')]
          at reportException (/Users/ryan/Library/Mobile Documents/com~apple~CloudDocs/Documents/VSCode/Tax-App-Frontend/node_modules/jsdom/lib/jsdom/living/helpers/runtime-script-errors.js:66:24)
          at innerInvokeEventListeners (/Users/ryan/Library/Mobile Documents/com~apple~CloudDocs/Documents/VSCode/Tax-App-Frontend/node_modules/jsdom/lib/jsdom/living/events/EventTarget-impl.js:353:9)
          at invokeEventListeners (/Users/ryan/Library/Mobile Documents/com~apple~CloudDocs/Documents/VSCode/Tax-App-Frontend/node_modules/jsdom/lib/jsdom/living/events/EventTarget-impl.js:286:3)
          at HTMLUnknownElementImpl._dispatch (/Users/ryan/Library/Mobile Documents/com~apple~CloudDocs/Documents/VSCode/Tax-App-Frontend/node_modules/jsdom/lib/jsdom/living/events/EventTarget-impl.js:233:9)
          at HTMLUnknownElementImpl.dispatchEvent (/Users/ryan/Library/Mobile Documents/com~apple~CloudDocs/Documents/VSCode/Tax-App-Frontend/node_modules/jsdom/lib/jsdom/living/events/EventTarget-impl.js:104:17)
          at HTMLUnknownElement.dispatchEvent (/Users/ryan/Library/Mobile Documents/com~apple~CloudDocs/Documents/VSCode/Tax-App-Frontend/node_modules/jsdom/lib/jsdom/living/generated/EventTarget.js:241:34)
          at Object.invokeGuardedCallbackDev (/Users/ryan/Library/Mobile Documents/com~apple~CloudDocs/Documents/VSCode/Tax-App-Frontend/node_modules/react-dom/cjs/react-dom.development.js:4213:16)
          at invokeGuardedCallback (/Users/ryan/Library/Mobile Documents/com~apple~CloudDocs/Documents/VSCode/Tax-App-Frontend/node_modules/react-dom/cjs/react-dom.development.js:4277:31)
          at beginWork$1 (/Users/ryan/Library/Mobile Documents/com~apple~CloudDocs/Documents/VSCode/Tax-App-Frontend/node_modules/react-dom/cjs/react-dom.development.js:27490:7)
          at performUnitOfWork (/Users/ryan/Library/Mobile Documents/com~apple~CloudDocs/Documents/VSCode/Tax-App-Frontend/node_modules/react-dom/cjs/react-dom.development.js:26599:12)
          at workLoopSync (/Users/ryan/Library/Mobile Documents/com~apple~CloudDocs/Documents/VSCode/Tax-App-Frontend/node_modules/react-dom/cjs/react-dom.development.js:26505:5)
          at renderRootSync (/Users/ryan/Library/Mobile Documents/com~apple~CloudDocs/Documents/VSCode/Tax-App-Frontend/node_modules/react-dom/cjs/react-dom.development.js:26473:7)
          at performConcurrentWorkOnRoot (/Users/ryan/Library/Mobile Documents/com~apple~CloudDocs/Documents/VSCode/Tax-App-Frontend/node_modules/react-dom/cjs/react-dom.development.js:25777:74)
          at flushActQueue (/Users/ryan/Library/Mobile Documents/com~apple~CloudDocs/Documents/VSCode/Tax-App-Frontend/node_modules/react/cjs/react.development.js:2667:24)
          at act (/Users/ryan/Library/Mobile Documents/com~apple~CloudDocs/Documents/VSCode/Tax-App-Frontend/node_modules/react/cjs/react.development.js:2582:11)
          at /Users/ryan/Library/Mobile Documents/com~apple~CloudDocs/Documents/VSCode/Tax-App-Frontend/node_modules/@testing-library/react/dist/act-compat.js:46:25
          at renderRoot (/Users/ryan/Library/Mobile Documents/com~apple~CloudDocs/Documents/VSCode/Tax-App-Frontend/node_modules/@testing-library/react/dist/pure.js:189:26)
          at render (/Users/ryan/Library/Mobile Documents/com~apple~CloudDocs/Documents/VSCode/Tax-App-Frontend/node_modules/@testing-library/react/dist/pure.js:291:10)
          at Object.<anonymous> (/Users/ryan/Library/Mobile Documents/com~apple~CloudDocs/Documents/VSCode/Tax-App-Frontend/src/app/login/responsive-layout.test.tsx:234:13)
          at Promise.finally.completed (/Users/ryan/Library/Mobile Documents/com~apple~CloudDocs/Documents/VSCode/Tax-App-Frontend/node_modules/jest-circus/build/jestAdapterInit.js:1557:28)
          at new Promise (<anonymous>)
          at callAsyncCircusFn (/Users/ryan/Library/Mobile Documents/com~apple~CloudDocs/Documents/VSCode/Tax-App-Frontend/node_modules/jest-circus/build/jestAdapterInit.js:1497:10)
          at _callCircusTest (/Users/ryan/Library/Mobile Documents/com~apple~CloudDocs/Documents/VSCode/Tax-App-Frontend/node_modules/jest-circus/build/jestAdapterInit.js:1007:40)
          at processTicksAndRejections (node:internal/process/task_queues:95:5)
          at _runTest (/Users/ryan/Library/Mobile Documents/com~apple~CloudDocs/Documents/VSCode/Tax-App-Frontend/node_modules/jest-circus/build/jestAdapterInit.js:947:3)
          at /Users/ryan/Library/Mobile Documents/com~apple~CloudDocs/Documents/VSCode/Tax-App-Frontend/node_modules/jest-circus/build/jestAdapterInit.js:849:7
          at _runTestsForDescribeBlock (/Users/ryan/Library/Mobile Documents/com~apple~CloudDocs/Documents/VSCode/Tax-App-Frontend/node_modules/jest-circus/build/jestAdapterInit.js:862:11)
          at _runTestsForDescribeBlock (/Users/ryan/Library/Mobile Documents/com~apple~CloudDocs/Documents/VSCode/Tax-App-Frontend/node_modules/jest-circus/build/jestAdapterInit.js:857:11)
          at _runTestsForDescribeBlock (/Users/ryan/Library/Mobile Documents/com~apple~CloudDocs/Documents/VSCode/Tax-App-Frontend/node_modules/jest-circus/build/jestAdapterInit.js:857:11)
          at run (/Users/ryan/Library/Mobile Documents/com~apple~CloudDocs/Documents/VSCode/Tax-App-Frontend/node_modules/jest-circus/build/jestAdapterInit.js:761:3)
          at runAndTransformResultsToJestFormat (/Users/ryan/Library/Mobile Documents/com~apple~CloudDocs/Documents/VSCode/Tax-App-Frontend/node_modules/jest-circus/build/jestAdapterInit.js:1918:21)
          at jestAdapter (/Users/ryan/Library/Mobile Documents/com~apple~CloudDocs/Documents/VSCode/Tax-App-Frontend/node_modules/jest-circus/build/runner.js:101:19)
          at runTestInternal (/Users/ryan/Library/Mobile Documents/com~apple~CloudDocs/Documents/VSCode/Tax-App-Frontend/node_modules/jest-runner/build/testWorker.js:275:16)
          at runTest (/Users/ryan/Library/Mobile Documents/com~apple~CloudDocs/Documents/VSCode/Tax-App-Frontend/node_modules/jest-runner/build/testWorker.js:343:7)
          at Object.worker (/Users/ryan/Library/Mobile Documents/com~apple~CloudDocs/Documents/VSCode/Tax-App-Frontend/node_modules/jest-runner/build/testWorker.js:497:12) {
        detail: TypeError: Cannot read properties of undefined (reading 'state')
            at state (/Users/ryan/Library/Mobile Documents/com~apple~CloudDocs/Documents/VSCode/Tax-App-Frontend/src/components/LoginForm.tsx:93:15)
            at renderWithHooks (/Users/ryan/Library/Mobile Documents/com~apple~CloudDocs/Documents/VSCode/Tax-App-Frontend/node_modules/react-dom/cjs/react-dom.development.js:15486:18)
            at mountIndeterminateComponent (/Users/ryan/Library/Mobile Documents/com~apple~CloudDocs/Documents/VSCode/Tax-App-Frontend/node_modules/react-dom/cjs/react-dom.development.js:20103:13)
            at beginWork (/Users/ryan/Library/Mobile Documents/com~apple~CloudDocs/Documents/VSCode/Tax-App-Frontend/node_modules/react-dom/cjs/react-dom.development.js:21626:16)
            at HTMLUnknownElement.callCallback (/Users/ryan/Library/Mobile Documents/com~apple~CloudDocs/Documents/VSCode/Tax-App-Frontend/node_modules/react-dom/cjs/react-dom.development.js:4164:14)
            at HTMLUnknownElement.callTheUserObjectsOperation (/Users/ryan/Library/Mobile Documents/com~apple~CloudDocs/Documents/VSCode/Tax-App-Frontend/node_modules/jsdom/lib/jsdom/living/generated/EventListener.js:26:30)
            at innerInvokeEventListeners (/Users/ryan/Library/Mobile Documents/com~apple~CloudDocs/Documents/VSCode/Tax-App-Frontend/node_modules/jsdom/lib/jsdom/living/events/EventTarget-impl.js:350:25)
            at invokeEventListeners (/Users/ryan/Library/Mobile Documents/com~apple~CloudDocs/Documents/VSCode/Tax-App-Frontend/node_modules/jsdom/lib/jsdom/living/events/EventTarget-impl.js:286:3)
            at HTMLUnknownElementImpl._dispatch (/Users/ryan/Library/Mobile Documents/com~apple~CloudDocs/Documents/VSCode/Tax-App-Frontend/node_modules/jsdom/lib/jsdom/living/events/EventTarget-impl.js:233:9)
            at HTMLUnknownElementImpl.dispatchEvent (/Users/ryan/Library/Mobile Documents/com~apple~CloudDocs/Documents/VSCode/Tax-App-Frontend/node_modules/jsdom/lib/jsdom/living/events/EventTarget-impl.js:104:17)
            at HTMLUnknownElement.dispatchEvent (/Users/ryan/Library/Mobile Documents/com~apple~CloudDocs/Documents/VSCode/Tax-App-Frontend/node_modules/jsdom/lib/jsdom/living/generated/EventTarget.js:241:34)
            at Object.invokeGuardedCallbackDev (/Users/ryan/Library/Mobile Documents/com~apple~CloudDocs/Documents/VSCode/Tax-App-Frontend/node_modules/react-dom/cjs/react-dom.development.js:4213:16)
            at invokeGuardedCallback (/Users/ryan/Library/Mobile Documents/com~apple~CloudDocs/Documents/VSCode/Tax-App-Frontend/node_modules/react-dom/cjs/react-dom.development.js:4277:31)
            at beginWork$1 (/Users/ryan/Library/Mobile Documents/com~apple~CloudDocs/Documents/VSCode/Tax-App-Frontend/node_modules/react-dom/cjs/react-dom.development.js:27490:7)
            at performUnitOfWork (/Users/ryan/Library/Mobile Documents/com~apple~CloudDocs/Documents/VSCode/Tax-App-Frontend/node_modules/react-dom/cjs/react-dom.development.js:26599:12)
            at workLoopSync (/Users/ryan/Library/Mobile Documents/com~apple~CloudDocs/Documents/VSCode/Tax-App-Frontend/node_modules/react-dom/cjs/react-dom.development.js:26505:5)
            at renderRootSync (/Users/ryan/Library/Mobile Documents/com~apple~CloudDocs/Documents/VSCode/Tax-App-Frontend/node_modules/react-dom/cjs/react-dom.development.js:26473:7)
            at performConcurrentWorkOnRoot (/Users/ryan/Library/Mobile Documents/com~apple~CloudDocs/Documents/VSCode/Tax-App-Frontend/node_modules/react-dom/cjs/react-dom.development.js:25777:74)
            at flushActQueue (/Users/ryan/Library/Mobile Documents/com~apple~CloudDocs/Documents/VSCode/Tax-App-Frontend/node_modules/react/cjs/react.development.js:2667:24)
            at act (/Users/ryan/Library/Mobile Documents/com~apple~CloudDocs/Documents/VSCode/Tax-App-Frontend/node_modules/react/cjs/react.development.js:2582:11)
            at /Users/ryan/Library/Mobile Documents/com~apple~CloudDocs/Documents/VSCode/Tax-App-Frontend/node_modules/@testing-library/react/dist/act-compat.js:46:25
            at renderRoot (/Users/ryan/Library/Mobile Documents/com~apple~CloudDocs/Documents/VSCode/Tax-App-Frontend/node_modules/@testing-library/react/dist/pure.js:189:26)
            at render (/Users/ryan/Library/Mobile Documents/com~apple~CloudDocs/Documents/VSCode/Tax-App-Frontend/node_modules/@testing-library/react/dist/pure.js:291:10)
            at Object.<anonymous> (/Users/ryan/Library/Mobile Documents/com~apple~CloudDocs/Documents/VSCode/Tax-App-Frontend/src/app/login/responsive-layout.test.tsx:234:13)
            at Promise.finally.completed (/Users/ryan/Library/Mobile Documents/com~apple~CloudDocs/Documents/VSCode/Tax-App-Frontend/node_modules/jest-circus/build/jestAdapterInit.js:1557:28)
            at new Promise (<anonymous>)
            at callAsyncCircusFn (/Users/ryan/Library/Mobile Documents/com~apple~CloudDocs/Documents/VSCode/Tax-App-Frontend/node_modules/jest-circus/build/jestAdapterInit.js:1497:10)
            at _callCircusTest (/Users/ryan/Library/Mobile Documents/com~apple~CloudDocs/Documents/VSCode/Tax-App-Frontend/node_modules/jest-circus/build/jestAdapterInit.js:1007:40)
            at processTicksAndRejections (node:internal/process/task_queues:95:5)
            at _runTest (/Users/ryan/Library/Mobile Documents/com~apple~CloudDocs/Documents/VSCode/Tax-App-Frontend/node_modules/jest-circus/build/jestAdapterInit.js:947:3)
            at /Users/ryan/Library/Mobile Documents/com~apple~CloudDocs/Documents/VSCode/Tax-App-Frontend/node_modules/jest-circus/build/jestAdapterInit.js:849:7
            at _runTestsForDescribeBlock (/Users/ryan/Library/Mobile Documents/com~apple~CloudDocs/Documents/VSCode/Tax-App-Frontend/node_modules/jest-circus/build/jestAdapterInit.js:862:11)
            at _runTestsForDescribeBlock (/Users/ryan/Library/Mobile Documents/com~apple~CloudDocs/Documents/VSCode/Tax-App-Frontend/node_modules/jest-circus/build/jestAdapterInit.js:857:11)
            at _runTestsForDescribeBlock (/Users/ryan/Library/Mobile Documents/com~apple~CloudDocs/Documents/VSCode/Tax-App-Frontend/node_modules/jest-circus/build/jestAdapterInit.js:857:11)
            at run (/Users/ryan/Library/Mobile Documents/com~apple~CloudDocs/Documents/VSCode/Tax-App-Frontend/node_modules/jest-circus/build/jestAdapterInit.js:761:3)
            at runAndTransformResultsToJestFormat (/Users/ryan/Library/Mobile Documents/com~apple~CloudDocs/Documents/VSCode/Tax-App-Frontend/node_modules/jest-circus/build/jestAdapterInit.js:1918:21)
            at jestAdapter (/Users/ryan/Library/Mobile Documents/com~apple~CloudDocs/Documents/VSCode/Tax-App-Frontend/node_modules/jest-circus/build/runner.js:101:19)
            at runTestInternal (/Users/ryan/Library/Mobile Documents/com~apple~CloudDocs/Documents/VSCode/Tax-App-Frontend/node_modules/jest-runner/build/testWorker.js:275:16)
            at runTest (/Users/ryan/Library/Mobile Documents/com~apple~CloudDocs/Documents/VSCode/Tax-App-Frontend/node_modules/jest-runner/build/testWorker.js:343:7)
            at Object.worker (/Users/ryan/Library/Mobile Documents/com~apple~CloudDocs/Documents/VSCode/Tax-App-Frontend/node_modules/jest-runner/build/testWorker.js:497:12),
        type: 'unhandled exception'
      }

      232 |
      233 |     test('should use smaller toggle button on desktop (md:min-w-[36px] md:min-h-[36px])', () => {
    > 234 |       render(<LoginPageClient />);
          |             ^
      235 |
      236 |       const toggleButton = screen.getByRole('button', { name: /show password/i });
      237 |       

      at VirtualConsole.<anonymous> (node_modules/@jest/environment-jsdom-abstract/build/index.js:87:23)
      at reportException (node_modules/jsdom/lib/jsdom/living/helpers/runtime-script-errors.js:70:28)
      at innerInvokeEventListeners (node_modules/jsdom/lib/jsdom/living/events/EventTarget-impl.js:353:9)
      at invokeEventListeners (node_modules/jsdom/lib/jsdom/living/events/EventTarget-impl.js:286:3)
      at HTMLUnknownElementImpl._dispatch (node_modules/jsdom/lib/jsdom/living/events/EventTarget-impl.js:233:9)
      at HTMLUnknownElementImpl.dispatchEvent (node_modules/jsdom/lib/jsdom/living/events/EventTarget-impl.js:104:17)
      at HTMLUnknownElement.dispatchEvent (node_modules/jsdom/lib/jsdom/living/generated/EventTarget.js:241:34)
      at Object.invokeGuardedCallbackDev (node_modules/react-dom/cjs/react-dom.development.js:4213:16)
      at invokeGuardedCallback (node_modules/react-dom/cjs/react-dom.development.js:4277:31)
      at beginWork$1 (node_modules/react-dom/cjs/react-dom.development.js:27490:7)
      at performUnitOfWork (node_modules/react-dom/cjs/react-dom.development.js:26599:12)
      at workLoopSync (node_modules/react-dom/cjs/react-dom.development.js:26505:5)
      at renderRootSync (node_modules/react-dom/cjs/react-dom.development.js:26473:7)
      at performConcurrentWorkOnRoot (node_modules/react-dom/cjs/react-dom.development.js:25777:74)
      at flushActQueue (node_modules/react/cjs/react.development.js:2667:24)
      at act (node_modules/react/cjs/react.development.js:2582:11)
      at node_modules/@testing-library/react/dist/act-compat.js:46:25
      at renderRoot (node_modules/@testing-library/react/dist/pure.js:189:26)
      at render (node_modules/@testing-library/react/dist/pure.js:291:10)
      at Object.<anonymous> (src/app/login/responsive-layout.test.tsx:234:13)

    console.error
      Error: Uncaught [TypeError: Cannot read properties of undefined (reading 'state')]
          at reportException (/Users/ryan/Library/Mobile Documents/com~apple~CloudDocs/Documents/VSCode/Tax-App-Frontend/node_modules/jsdom/lib/jsdom/living/helpers/runtime-script-errors.js:66:24)
          at innerInvokeEventListeners (/Users/ryan/Library/Mobile Documents/com~apple~CloudDocs/Documents/VSCode/Tax-App-Frontend/node_modules/jsdom/lib/jsdom/living/events/EventTarget-impl.js:353:9)
          at invokeEventListeners (/Users/ryan/Library/Mobile Documents/com~apple~CloudDocs/Documents/VSCode/Tax-App-Frontend/node_modules/jsdom/lib/jsdom/living/events/EventTarget-impl.js:286:3)
          at HTMLUnknownElementImpl._dispatch (/Users/ryan/Library/Mobile Documents/com~apple~CloudDocs/Documents/VSCode/Tax-App-Frontend/node_modules/jsdom/lib/jsdom/living/events/EventTarget-impl.js:233:9)
          at HTMLUnknownElementImpl.dispatchEvent (/Users/ryan/Library/Mobile Documents/com~apple~CloudDocs/Documents/VSCode/Tax-App-Frontend/node_modules/jsdom/lib/jsdom/living/events/EventTarget-impl.js:104:17)
          at HTMLUnknownElement.dispatchEvent (/Users/ryan/Library/Mobile Documents/com~apple~CloudDocs/Documents/VSCode/Tax-App-Frontend/node_modules/jsdom/lib/jsdom/living/generated/EventTarget.js:241:34)
          at Object.invokeGuardedCallbackDev (/Users/ryan/Library/Mobile Documents/com~apple~CloudDocs/Documents/VSCode/Tax-App-Frontend/node_modules/react-dom/cjs/react-dom.development.js:4213:16)
          at invokeGuardedCallback (/Users/ryan/Library/Mobile Documents/com~apple~CloudDocs/Documents/VSCode/Tax-App-Frontend/node_modules/react-dom/cjs/react-dom.development.js:4277:31)
          at beginWork$1 (/Users/ryan/Library/Mobile Documents/com~apple~CloudDocs/Documents/VSCode/Tax-App-Frontend/node_modules/react-dom/cjs/react-dom.development.js:27490:7)
          at performUnitOfWork (/Users/ryan/Library/Mobile Documents/com~apple~CloudDocs/Documents/VSCode/Tax-App-Frontend/node_modules/react-dom/cjs/react-dom.development.js:26599:12)
          at workLoopSync (/Users/ryan/Library/Mobile Documents/com~apple~CloudDocs/Documents/VSCode/Tax-App-Frontend/node_modules/react-dom/cjs/react-dom.development.js:26505:5)
          at renderRootSync (/Users/ryan/Library/Mobile Documents/com~apple~CloudDocs/Documents/VSCode/Tax-App-Frontend/node_modules/react-dom/cjs/react-dom.development.js:26473:7)
          at recoverFromConcurrentError (/Users/ryan/Library/Mobile Documents/com~apple~CloudDocs/Documents/VSCode/Tax-App-Frontend/node_modules/react-dom/cjs/react-dom.development.js:25889:20)
          at performConcurrentWorkOnRoot (/Users/ryan/Library/Mobile Documents/com~apple~CloudDocs/Documents/VSCode/Tax-App-Frontend/node_modules/react-dom/cjs/react-dom.development.js:25789:22)
          at flushActQueue (/Users/ryan/Library/Mobile Documents/com~apple~CloudDocs/Documents/VSCode/Tax-App-Frontend/node_modules/react/cjs/react.development.js:2667:24)
          at act (/Users/ryan/Library/Mobile Documents/com~apple~CloudDocs/Documents/VSCode/Tax-App-Frontend/node_modules/react/cjs/react.development.js:2582:11)
          at /Users/ryan/Library/Mobile Documents/com~apple~CloudDocs/Documents/VSCode/Tax-App-Frontend/node_modules/@testing-library/react/dist/act-compat.js:46:25
          at renderRoot (/Users/ryan/Library/Mobile Documents/com~apple~CloudDocs/Documents/VSCode/Tax-App-Frontend/node_modules/@testing-library/react/dist/pure.js:189:26)
          at render (/Users/ryan/Library/Mobile Documents/com~apple~CloudDocs/Documents/VSCode/Tax-App-Frontend/node_modules/@testing-library/react/dist/pure.js:291:10)
          at Object.<anonymous> (/Users/ryan/Library/Mobile Documents/com~apple~CloudDocs/Documents/VSCode/Tax-App-Frontend/src/app/login/responsive-layout.test.tsx:234:13)
          at Promise.finally.completed (/Users/ryan/Library/Mobile Documents/com~apple~CloudDocs/Documents/VSCode/Tax-App-Frontend/node_modules/jest-circus/build/jestAdapterInit.js:1557:28)
          at new Promise (<anonymous>)
          at callAsyncCircusFn (/Users/ryan/Library/Mobile Documents/com~apple~CloudDocs/Documents/VSCode/Tax-App-Frontend/node_modules/jest-circus/build/jestAdapterInit.js:1497:10)
          at _callCircusTest (/Users/ryan/Library/Mobile Documents/com~apple~CloudDocs/Documents/VSCode/Tax-App-Frontend/node_modules/jest-circus/build/jestAdapterInit.js:1007:40)
          at processTicksAndRejections (node:internal/process/task_queues:95:5)
          at _runTest (/Users/ryan/Library/Mobile Documents/com~apple~CloudDocs/Documents/VSCode/Tax-App-Frontend/node_modules/jest-circus/build/jestAdapterInit.js:947:3)
          at /Users/ryan/Library/Mobile Documents/com~apple~CloudDocs/Documents/VSCode/Tax-App-Frontend/node_modules/jest-circus/build/jestAdapterInit.js:849:7
          at _runTestsForDescribeBlock (/Users/ryan/Library/Mobile Documents/com~apple~CloudDocs/Documents/VSCode/Tax-App-Frontend/node_modules/jest-circus/build/jestAdapterInit.js:862:11)
          at _runTestsForDescribeBlock (/Users/ryan/Library/Mobile Documents/com~apple~CloudDocs/Documents/VSCode/Tax-App-Frontend/node_modules/jest-circus/build/jestAdapterInit.js:857:11)
          at _runTestsForDescribeBlock (/Users/ryan/Library/Mobile Documents/com~apple~CloudDocs/Documents/VSCode/Tax-App-Frontend/node_modules/jest-circus/build/jestAdapterInit.js:857:11)
          at run (/Users/ryan/Library/Mobile Documents/com~apple~CloudDocs/Documents/VSCode/Tax-App-Frontend/node_modules/jest-circus/build/jestAdapterInit.js:761:3)
          at runAndTransformResultsToJestFormat (/Users/ryan/Library/Mobile Documents/com~apple~CloudDocs/Documents/VSCode/Tax-App-Frontend/node_modules/jest-circus/build/jestAdapterInit.js:1918:21)
          at jestAdapter (/Users/ryan/Library/Mobile Documents/com~apple~CloudDocs/Documents/VSCode/Tax-App-Frontend/node_modules/jest-circus/build/runner.js:101:19)
          at runTestInternal (/Users/ryan/Library/Mobile Documents/com~apple~CloudDocs/Documents/VSCode/Tax-App-Frontend/node_modules/jest-runner/build/testWorker.js:275:16)
          at runTest (/Users/ryan/Library/Mobile Documents/com~apple~CloudDocs/Documents/VSCode/Tax-App-Frontend/node_modules/jest-runner/build/testWorker.js:343:7)
          at Object.worker (/Users/ryan/Library/Mobile Documents/com~apple~CloudDocs/Documents/VSCode/Tax-App-Frontend/node_modules/jest-runner/build/testWorker.js:497:12) {
        detail: TypeError: Cannot read properties of undefined (reading 'state')
            at state (/Users/ryan/Library/Mobile Documents/com~apple~CloudDocs/Documents/VSCode/Tax-App-Frontend/src/components/LoginForm.tsx:93:15)
            at renderWithHooks (/Users/ryan/Library/Mobile Documents/com~apple~CloudDocs/Documents/VSCode/Tax-App-Frontend/node_modules/react-dom/cjs/react-dom.development.js:15486:18)
            at mountIndeterminateComponent (/Users/ryan/Library/Mobile Documents/com~apple~CloudDocs/Documents/VSCode/Tax-App-Frontend/node_modules/react-dom/cjs/react-dom.development.js:20103:13)
            at beginWork (/Users/ryan/Library/Mobile Documents/com~apple~CloudDocs/Documents/VSCode/Tax-App-Frontend/node_modules/react-dom/cjs/react-dom.development.js:21626:16)
            at HTMLUnknownElement.callCallback (/Users/ryan/Library/Mobile Documents/com~apple~CloudDocs/Documents/VSCode/Tax-App-Frontend/node_modules/react-dom/cjs/react-dom.development.js:4164:14)
            at HTMLUnknownElement.callTheUserObjectsOperation (/Users/ryan/Library/Mobile Documents/com~apple~CloudDocs/Documents/VSCode/Tax-App-Frontend/node_modules/jsdom/lib/jsdom/living/generated/EventListener.js:26:30)
            at innerInvokeEventListeners (/Users/ryan/Library/Mobile Documents/com~apple~CloudDocs/Documents/VSCode/Tax-App-Frontend/node_modules/jsdom/lib/jsdom/living/events/EventTarget-impl.js:350:25)
            at invokeEventListeners (/Users/ryan/Library/Mobile Documents/com~apple~CloudDocs/Documents/VSCode/Tax-App-Frontend/node_modules/jsdom/lib/jsdom/living/events/EventTarget-impl.js:286:3)
            at HTMLUnknownElementImpl._dispatch (/Users/ryan/Library/Mobile Documents/com~apple~CloudDocs/Documents/VSCode/Tax-App-Frontend/node_modules/jsdom/lib/jsdom/living/events/EventTarget-impl.js:233:9)
            at HTMLUnknownElementImpl.dispatchEvent (/Users/ryan/Library/Mobile Documents/com~apple~CloudDocs/Documents/VSCode/Tax-App-Frontend/node_modules/jsdom/lib/jsdom/living/events/EventTarget-impl.js:104:17)
            at HTMLUnknownElement.dispatchEvent (/Users/ryan/Library/Mobile Documents/com~apple~CloudDocs/Documents/VSCode/Tax-App-Frontend/node_modules/jsdom/lib/jsdom/living/generated/EventTarget.js:241:34)
            at Object.invokeGuardedCallbackDev (/Users/ryan/Library/Mobile Documents/com~apple~CloudDocs/Documents/VSCode/Tax-App-Frontend/node_modules/react-dom/cjs/react-dom.development.js:4213:16)
            at invokeGuardedCallback (/Users/ryan/Library/Mobile Documents/com~apple~CloudDocs/Documents/VSCode/Tax-App-Frontend/node_modules/react-dom/cjs/react-dom.development.js:4277:31)
            at beginWork$1 (/Users/ryan/Library/Mobile Documents/com~apple~CloudDocs/Documents/VSCode/Tax-App-Frontend/node_modules/react-dom/cjs/react-dom.development.js:27490:7)
            at performUnitOfWork (/Users/ryan/Library/Mobile Documents/com~apple~CloudDocs/Documents/VSCode/Tax-App-Frontend/node_modules/react-dom/cjs/react-dom.development.js:26599:12)
            at workLoopSync (/Users/ryan/Library/Mobile Documents/com~apple~CloudDocs/Documents/VSCode/Tax-App-Frontend/node_modules/react-dom/cjs/react-dom.development.js:26505:5)
            at renderRootSync (/Users/ryan/Library/Mobile Documents/com~apple~CloudDocs/Documents/VSCode/Tax-App-Frontend/node_modules/react-dom/cjs/react-dom.development.js:26473:7)
            at recoverFromConcurrentError (/Users/ryan/Library/Mobile Documents/com~apple~CloudDocs/Documents/VSCode/Tax-App-Frontend/node_modules/react-dom/cjs/react-dom.development.js:25889:20)
            at performConcurrentWorkOnRoot (/Users/ryan/Library/Mobile Documents/com~apple~CloudDocs/Documents/VSCode/Tax-App-Frontend/node_modules/react-dom/cjs/react-dom.development.js:25789:22)
            at flushActQueue (/Users/ryan/Library/Mobile Documents/com~apple~CloudDocs/Documents/VSCode/Tax-App-Frontend/node_modules/react/cjs/react.development.js:2667:24)
            at act (/Users/ryan/Library/Mobile Documents/com~apple~CloudDocs/Documents/VSCode/Tax-App-Frontend/node_modules/react/cjs/react.development.js:2582:11)
            at /Users/ryan/Library/Mobile Documents/com~apple~CloudDocs/Documents/VSCode/Tax-App-Frontend/node_modules/@testing-library/react/dist/act-compat.js:46:25
            at renderRoot (/Users/ryan/Library/Mobile Documents/com~apple~CloudDocs/Documents/VSCode/Tax-App-Frontend/node_modules/@testing-library/react/dist/pure.js:189:26)
            at render (/Users/ryan/Library/Mobile Documents/com~apple~CloudDocs/Documents/VSCode/Tax-App-Frontend/node_modules/@testing-library/react/dist/pure.js:291:10)
            at Object.<anonymous> (/Users/ryan/Library/Mobile Documents/com~apple~CloudDocs/Documents/VSCode/Tax-App-Frontend/src/app/login/responsive-layout.test.tsx:234:13)
            at Promise.finally.completed (/Users/ryan/Library/Mobile Documents/com~apple~CloudDocs/Documents/VSCode/Tax-App-Frontend/node_modules/jest-circus/build/jestAdapterInit.js:1557:28)
            at new Promise (<anonymous>)
            at callAsyncCircusFn (/Users/ryan/Library/Mobile Documents/com~apple~CloudDocs/Documents/VSCode/Tax-App-Frontend/node_modules/jest-circus/build/jestAdapterInit.js:1497:10)
            at _callCircusTest (/Users/ryan/Library/Mobile Documents/com~apple~CloudDocs/Documents/VSCode/Tax-App-Frontend/node_modules/jest-circus/build/jestAdapterInit.js:1007:40)
            at processTicksAndRejections (node:internal/process/task_queues:95:5)
            at _runTest (/Users/ryan/Library/Mobile Documents/com~apple~CloudDocs/Documents/VSCode/Tax-App-Frontend/node_modules/jest-circus/build/jestAdapterInit.js:947:3)
            at /Users/ryan/Library/Mobile Documents/com~apple~CloudDocs/Documents/VSCode/Tax-App-Frontend/node_modules/jest-circus/build/jestAdapterInit.js:849:7
            at _runTestsForDescribeBlock (/Users/ryan/Library/Mobile Documents/com~apple~CloudDocs/Documents/VSCode/Tax-App-Frontend/node_modules/jest-circus/build/jestAdapterInit.js:862:11)
            at _runTestsForDescribeBlock (/Users/ryan/Library/Mobile Documents/com~apple~CloudDocs/Documents/VSCode/Tax-App-Frontend/node_modules/jest-circus/build/jestAdapterInit.js:857:11)
            at _runTestsForDescribeBlock (/Users/ryan/Library/Mobile Documents/com~apple~CloudDocs/Documents/VSCode/Tax-App-Frontend/node_modules/jest-circus/build/jestAdapterInit.js:857:11)
            at run (/Users/ryan/Library/Mobile Documents/com~apple~CloudDocs/Documents/VSCode/Tax-App-Frontend/node_modules/jest-circus/build/jestAdapterInit.js:761:3)
            at runAndTransformResultsToJestFormat (/Users/ryan/Library/Mobile Documents/com~apple~CloudDocs/Documents/VSCode/Tax-App-Frontend/node_modules/jest-circus/build/jestAdapterInit.js:1918:21)
            at jestAdapter (/Users/ryan/Library/Mobile Documents/com~apple~CloudDocs/Documents/VSCode/Tax-App-Frontend/node_modules/jest-circus/build/runner.js:101:19)
            at runTestInternal (/Users/ryan/Library/Mobile Documents/com~apple~CloudDocs/Documents/VSCode/Tax-App-Frontend/node_modules/jest-runner/build/testWorker.js:275:16)
            at runTest (/Users/ryan/Library/Mobile Documents/com~apple~CloudDocs/Documents/VSCode/Tax-App-Frontend/node_modules/jest-runner/build/testWorker.js:343:7)
            at Object.worker (/Users/ryan/Library/Mobile Documents/com~apple~CloudDocs/Documents/VSCode/Tax-App-Frontend/node_modules/jest-runner/build/testWorker.js:497:12),
        type: 'unhandled exception'
      }

      232 |
      233 |     test('should use smaller toggle button on desktop (md:min-w-[36px] md:min-h-[36px])', () => {
    > 234 |       render(<LoginPageClient />);
          |             ^
      235 |
      236 |       const toggleButton = screen.getByRole('button', { name: /show password/i });
      237 |       

      at VirtualConsole.<anonymous> (node_modules/@jest/environment-jsdom-abstract/build/index.js:87:23)
      at reportException (node_modules/jsdom/lib/jsdom/living/helpers/runtime-script-errors.js:70:28)
      at innerInvokeEventListeners (node_modules/jsdom/lib/jsdom/living/events/EventTarget-impl.js:353:9)
      at invokeEventListeners (node_modules/jsdom/lib/jsdom/living/events/EventTarget-impl.js:286:3)
      at HTMLUnknownElementImpl._dispatch (node_modules/jsdom/lib/jsdom/living/events/EventTarget-impl.js:233:9)
      at HTMLUnknownElementImpl.dispatchEvent (node_modules/jsdom/lib/jsdom/living/events/EventTarget-impl.js:104:17)
      at HTMLUnknownElement.dispatchEvent (node_modules/jsdom/lib/jsdom/living/generated/EventTarget.js:241:34)
      at Object.invokeGuardedCallbackDev (node_modules/react-dom/cjs/react-dom.development.js:4213:16)
      at invokeGuardedCallback (node_modules/react-dom/cjs/react-dom.development.js:4277:31)
      at beginWork$1 (node_modules/react-dom/cjs/react-dom.development.js:27490:7)
      at performUnitOfWork (node_modules/react-dom/cjs/react-dom.development.js:26599:12)
      at workLoopSync (node_modules/react-dom/cjs/react-dom.development.js:26505:5)
      at renderRootSync (node_modules/react-dom/cjs/react-dom.development.js:26473:7)
      at recoverFromConcurrentError (node_modules/react-dom/cjs/react-dom.development.js:25889:20)
      at performConcurrentWorkOnRoot (node_modules/react-dom/cjs/react-dom.development.js:25789:22)
      at flushActQueue (node_modules/react/cjs/react.development.js:2667:24)
      at act (node_modules/react/cjs/react.development.js:2582:11)
      at node_modules/@testing-library/react/dist/act-compat.js:46:25
      at renderRoot (node_modules/@testing-library/react/dist/pure.js:189:26)
      at render (node_modules/@testing-library/react/dist/pure.js:291:10)
      at Object.<anonymous> (src/app/login/responsive-layout.test.tsx:234:13)

    console.error
      The above error occurred in the <LoginForm> component:
      
          at className (/Users/ryan/Library/Mobile Documents/com~apple~CloudDocs/Documents/VSCode/Tax-App-Frontend/src/components/LoginForm.tsx:45:29)
          at div
          at children (/Users/ryan/Library/Mobile Documents/com~apple~CloudDocs/Documents/VSCode/Tax-App-Frontend/src/app/login/responsive-layout.test.tsx:62:19)
          at div
          at children (/Users/ryan/Library/Mobile Documents/com~apple~CloudDocs/Documents/VSCode/Tax-App-Frontend/src/app/login/responsive-layout.test.tsx:52:12)
          at div
          at div
          at div
          at children (/Users/ryan/Library/Mobile Documents/com~apple~CloudDocs/Documents/VSCode/Tax-App-Frontend/src/app/login/responsive-layout.test.tsx:47:21)
          at callbackUrl (/Users/ryan/Library/Mobile Documents/com~apple~CloudDocs/Documents/VSCode/Tax-App-Frontend/src/app/login/LoginPageClient.tsx:49:43)
      
      Consider adding an error boundary to your tree to customize error handling behavior.
      Visit https://reactjs.org/link/error-boundaries to learn more about error boundaries.

      232 |
      233 |     test('should use smaller toggle button on desktop (md:min-w-[36px] md:min-h-[36px])', () => {
    > 234 |       render(<LoginPageClient />);
          |             ^
      235 |
      236 |       const toggleButton = screen.getByRole('button', { name: /show password/i });
      237 |       

      at logCapturedError (node_modules/react-dom/cjs/react-dom.development.js:18704:23)
      at update.callback (node_modules/react-dom/cjs/react-dom.development.js:18737:5)
      at callCallback (node_modules/react-dom/cjs/react-dom.development.js:15036:12)
      at commitUpdateQueue (node_modules/react-dom/cjs/react-dom.development.js:15057:9)
      at commitLayoutEffectOnFiber (node_modules/react-dom/cjs/react-dom.development.js:23430:13)
      at commitLayoutMountEffects_complete (node_modules/react-dom/cjs/react-dom.development.js:24727:9)
      at commitLayoutEffects_begin (node_modules/react-dom/cjs/react-dom.development.js:24713:7)
      at commitLayoutEffects (node_modules/react-dom/cjs/react-dom.development.js:24651:3)
      at commitRootImpl (node_modules/react-dom/cjs/react-dom.development.js:26862:5)
      at commitRoot (node_modules/react-dom/cjs/react-dom.development.js:26721:5)
      at finishConcurrentRender (node_modules/react-dom/cjs/react-dom.development.js:25931:9)
      at performConcurrentWorkOnRoot (node_modules/react-dom/cjs/react-dom.development.js:25848:7)
      at flushActQueue (node_modules/react/cjs/react.development.js:2667:24)
      at act (node_modules/react/cjs/react.development.js:2582:11)
      at node_modules/@testing-library/react/dist/act-compat.js:46:25
      at renderRoot (node_modules/@testing-library/react/dist/pure.js:189:26)
      at render (node_modules/@testing-library/react/dist/pure.js:291:10)
      at Object.<anonymous> (src/app/login/responsive-layout.test.tsx:234:13)

    console.error
      Error: Uncaught [TypeError: Cannot read properties of undefined (reading 'state')]
          at reportException (/Users/ryan/Library/Mobile Documents/com~apple~CloudDocs/Documents/VSCode/Tax-App-Frontend/node_modules/jsdom/lib/jsdom/living/helpers/runtime-script-errors.js:66:24)
          at innerInvokeEventListeners (/Users/ryan/Library/Mobile Documents/com~apple~CloudDocs/Documents/VSCode/Tax-App-Frontend/node_modules/jsdom/lib/jsdom/living/events/EventTarget-impl.js:353:9)
          at invokeEventListeners (/Users/ryan/Library/Mobile Documents/com~apple~CloudDocs/Documents/VSCode/Tax-App-Frontend/node_modules/jsdom/lib/jsdom/living/events/EventTarget-impl.js:286:3)
          at HTMLUnknownElementImpl._dispatch (/Users/ryan/Library/Mobile Documents/com~apple~CloudDocs/Documents/VSCode/Tax-App-Frontend/node_modules/jsdom/lib/jsdom/living/events/EventTarget-impl.js:233:9)
          at HTMLUnknownElementImpl.dispatchEvent (/Users/ryan/Library/Mobile Documents/com~apple~CloudDocs/Documents/VSCode/Tax-App-Frontend/node_modules/jsdom/lib/jsdom/living/events/EventTarget-impl.js:104:17)
          at HTMLUnknownElement.dispatchEvent (/Users/ryan/Library/Mobile Documents/com~apple~CloudDocs/Documents/VSCode/Tax-App-Frontend/node_modules/jsdom/lib/jsdom/living/generated/EventTarget.js:241:34)
          at Object.invokeGuardedCallbackDev (/Users/ryan/Library/Mobile Documents/com~apple~CloudDocs/Documents/VSCode/Tax-App-Frontend/node_modules/react-dom/cjs/react-dom.development.js:4213:16)
          at invokeGuardedCallback (/Users/ryan/Library/Mobile Documents/com~apple~CloudDocs/Documents/VSCode/Tax-App-Frontend/node_modules/react-dom/cjs/react-dom.development.js:4277:31)
          at beginWork$1 (/Users/ryan/Library/Mobile Documents/com~apple~CloudDocs/Documents/VSCode/Tax-App-Frontend/node_modules/react-dom/cjs/react-dom.development.js:27490:7)
          at performUnitOfWork (/Users/ryan/Library/Mobile Documents/com~apple~CloudDocs/Documents/VSCode/Tax-App-Frontend/node_modules/react-dom/cjs/react-dom.development.js:26599:12)
          at workLoopSync (/Users/ryan/Library/Mobile Documents/com~apple~CloudDocs/Documents/VSCode/Tax-App-Frontend/node_modules/react-dom/cjs/react-dom.development.js:26505:5)
          at renderRootSync (/Users/ryan/Library/Mobile Documents/com~apple~CloudDocs/Documents/VSCode/Tax-App-Frontend/node_modules/react-dom/cjs/react-dom.development.js:26473:7)
          at performConcurrentWorkOnRoot (/Users/ryan/Library/Mobile Documents/com~apple~CloudDocs/Documents/VSCode/Tax-App-Frontend/node_modules/react-dom/cjs/react-dom.development.js:25777:74)
          at flushActQueue (/Users/ryan/Library/Mobile Documents/com~apple~CloudDocs/Documents/VSCode/Tax-App-Frontend/node_modules/react/cjs/react.development.js:2667:24)
          at act (/Users/ryan/Library/Mobile Documents/com~apple~CloudDocs/Documents/VSCode/Tax-App-Frontend/node_modules/react/cjs/react.development.js:2582:11)
          at /Users/ryan/Library/Mobile Documents/com~apple~CloudDocs/Documents/VSCode/Tax-App-Frontend/node_modules/@testing-library/react/dist/act-compat.js:46:25
          at renderRoot (/Users/ryan/Library/Mobile Documents/com~apple~CloudDocs/Documents/VSCode/Tax-App-Frontend/node_modules/@testing-library/react/dist/pure.js:189:26)
          at render (/Users/ryan/Library/Mobile Documents/com~apple~CloudDocs/Documents/VSCode/Tax-App-Frontend/node_modules/@testing-library/react/dist/pure.js:291:10)
          at Object.<anonymous> (/Users/ryan/Library/Mobile Documents/com~apple~CloudDocs/Documents/VSCode/Tax-App-Frontend/src/app/login/responsive-layout.test.tsx:243:13)
          at Promise.finally.completed (/Users/ryan/Library/Mobile Documents/com~apple~CloudDocs/Documents/VSCode/Tax-App-Frontend/node_modules/jest-circus/build/jestAdapterInit.js:1557:28)
          at new Promise (<anonymous>)
          at callAsyncCircusFn (/Users/ryan/Library/Mobile Documents/com~apple~CloudDocs/Documents/VSCode/Tax-App-Frontend/node_modules/jest-circus/build/jestAdapterInit.js:1497:10)
          at _callCircusTest (/Users/ryan/Library/Mobile Documents/com~apple~CloudDocs/Documents/VSCode/Tax-App-Frontend/node_modules/jest-circus/build/jestAdapterInit.js:1007:40)
          at processTicksAndRejections (node:internal/process/task_queues:95:5)
          at _runTest (/Users/ryan/Library/Mobile Documents/com~apple~CloudDocs/Documents/VSCode/Tax-App-Frontend/node_modules/jest-circus/build/jestAdapterInit.js:947:3)
          at /Users/ryan/Library/Mobile Documents/com~apple~CloudDocs/Documents/VSCode/Tax-App-Frontend/node_modules/jest-circus/build/jestAdapterInit.js:849:7
          at _runTestsForDescribeBlock (/Users/ryan/Library/Mobile Documents/com~apple~CloudDocs/Documents/VSCode/Tax-App-Frontend/node_modules/jest-circus/build/jestAdapterInit.js:862:11)
          at _runTestsForDescribeBlock (/Users/ryan/Library/Mobile Documents/com~apple~CloudDocs/Documents/VSCode/Tax-App-Frontend/node_modules/jest-circus/build/jestAdapterInit.js:857:11)
          at _runTestsForDescribeBlock (/Users/ryan/Library/Mobile Documents/com~apple~CloudDocs/Documents/VSCode/Tax-App-Frontend/node_modules/jest-circus/build/jestAdapterInit.js:857:11)
          at run (/Users/ryan/Library/Mobile Documents/com~apple~CloudDocs/Documents/VSCode/Tax-App-Frontend/node_modules/jest-circus/build/jestAdapterInit.js:761:3)
          at runAndTransformResultsToJestFormat (/Users/ryan/Library/Mobile Documents/com~apple~CloudDocs/Documents/VSCode/Tax-App-Frontend/node_modules/jest-circus/build/jestAdapterInit.js:1918:21)
          at jestAdapter (/Users/ryan/Library/Mobile Documents/com~apple~CloudDocs/Documents/VSCode/Tax-App-Frontend/node_modules/jest-circus/build/runner.js:101:19)
          at runTestInternal (/Users/ryan/Library/Mobile Documents/com~apple~CloudDocs/Documents/VSCode/Tax-App-Frontend/node_modules/jest-runner/build/testWorker.js:275:16)
          at runTest (/Users/ryan/Library/Mobile Documents/com~apple~CloudDocs/Documents/VSCode/Tax-App-Frontend/node_modules/jest-runner/build/testWorker.js:343:7)
          at Object.worker (/Users/ryan/Library/Mobile Documents/com~apple~CloudDocs/Documents/VSCode/Tax-App-Frontend/node_modules/jest-runner/build/testWorker.js:497:12) {
        detail: TypeError: Cannot read properties of undefined (reading 'state')
            at state (/Users/ryan/Library/Mobile Documents/com~apple~CloudDocs/Documents/VSCode/Tax-App-Frontend/src/components/LoginForm.tsx:93:15)
            at renderWithHooks (/Users/ryan/Library/Mobile Documents/com~apple~CloudDocs/Documents/VSCode/Tax-App-Frontend/node_modules/react-dom/cjs/react-dom.development.js:15486:18)
            at mountIndeterminateComponent (/Users/ryan/Library/Mobile Documents/com~apple~CloudDocs/Documents/VSCode/Tax-App-Frontend/node_modules/react-dom/cjs/react-dom.development.js:20103:13)
            at beginWork (/Users/ryan/Library/Mobile Documents/com~apple~CloudDocs/Documents/VSCode/Tax-App-Frontend/node_modules/react-dom/cjs/react-dom.development.js:21626:16)
            at HTMLUnknownElement.callCallback (/Users/ryan/Library/Mobile Documents/com~apple~CloudDocs/Documents/VSCode/Tax-App-Frontend/node_modules/react-dom/cjs/react-dom.development.js:4164:14)
            at HTMLUnknownElement.callTheUserObjectsOperation (/Users/ryan/Library/Mobile Documents/com~apple~CloudDocs/Documents/VSCode/Tax-App-Frontend/node_modules/jsdom/lib/jsdom/living/generated/EventListener.js:26:30)
            at innerInvokeEventListeners (/Users/ryan/Library/Mobile Documents/com~apple~CloudDocs/Documents/VSCode/Tax-App-Frontend/node_modules/jsdom/lib/jsdom/living/events/EventTarget-impl.js:350:25)
            at invokeEventListeners (/Users/ryan/Library/Mobile Documents/com~apple~CloudDocs/Documents/VSCode/Tax-App-Frontend/node_modules/jsdom/lib/jsdom/living/events/EventTarget-impl.js:286:3)
            at HTMLUnknownElementImpl._dispatch (/Users/ryan/Library/Mobile Documents/com~apple~CloudDocs/Documents/VSCode/Tax-App-Frontend/node_modules/jsdom/lib/jsdom/living/events/EventTarget-impl.js:233:9)
            at HTMLUnknownElementImpl.dispatchEvent (/Users/ryan/Library/Mobile Documents/com~apple~CloudDocs/Documents/VSCode/Tax-App-Frontend/node_modules/jsdom/lib/jsdom/living/events/EventTarget-impl.js:104:17)
            at HTMLUnknownElement.dispatchEvent (/Users/ryan/Library/Mobile Documents/com~apple~CloudDocs/Documents/VSCode/Tax-App-Frontend/node_modules/jsdom/lib/jsdom/living/generated/EventTarget.js:241:34)
            at Object.invokeGuardedCallbackDev (/Users/ryan/Library/Mobile Documents/com~apple~CloudDocs/Documents/VSCode/Tax-App-Frontend/node_modules/react-dom/cjs/react-dom.development.js:4213:16)
            at invokeGuardedCallback (/Users/ryan/Library/Mobile Documents/com~apple~CloudDocs/Documents/VSCode/Tax-App-Frontend/node_modules/react-dom/cjs/react-dom.development.js:4277:31)
            at beginWork$1 (/Users/ryan/Library/Mobile Documents/com~apple~CloudDocs/Documents/VSCode/Tax-App-Frontend/node_modules/react-dom/cjs/react-dom.development.js:27490:7)
            at performUnitOfWork (/Users/ryan/Library/Mobile Documents/com~apple~CloudDocs/Documents/VSCode/Tax-App-Frontend/node_modules/react-dom/cjs/react-dom.development.js:26599:12)
            at workLoopSync (/Users/ryan/Library/Mobile Documents/com~apple~CloudDocs/Documents/VSCode/Tax-App-Frontend/node_modules/react-dom/cjs/react-dom.development.js:26505:5)
            at renderRootSync (/Users/ryan/Library/Mobile Documents/com~apple~CloudDocs/Documents/VSCode/Tax-App-Frontend/node_modules/react-dom/cjs/react-dom.development.js:26473:7)
            at performConcurrentWorkOnRoot (/Users/ryan/Library/Mobile Documents/com~apple~CloudDocs/Documents/VSCode/Tax-App-Frontend/node_modules/react-dom/cjs/react-dom.development.js:25777:74)
            at flushActQueue (/Users/ryan/Library/Mobile Documents/com~apple~CloudDocs/Documents/VSCode/Tax-App-Frontend/node_modules/react/cjs/react.development.js:2667:24)
            at act (/Users/ryan/Library/Mobile Documents/com~apple~CloudDocs/Documents/VSCode/Tax-App-Frontend/node_modules/react/cjs/react.development.js:2582:11)
            at /Users/ryan/Library/Mobile Documents/com~apple~CloudDocs/Documents/VSCode/Tax-App-Frontend/node_modules/@testing-library/react/dist/act-compat.js:46:25
            at renderRoot (/Users/ryan/Library/Mobile Documents/com~apple~CloudDocs/Documents/VSCode/Tax-App-Frontend/node_modules/@testing-library/react/dist/pure.js:189:26)
            at render (/Users/ryan/Library/Mobile Documents/com~apple~CloudDocs/Documents/VSCode/Tax-App-Frontend/node_modules/@testing-library/react/dist/pure.js:291:10)
            at Object.<anonymous> (/Users/ryan/Library/Mobile Documents/com~apple~CloudDocs/Documents/VSCode/Tax-App-Frontend/src/app/login/responsive-layout.test.tsx:243:13)
            at Promise.finally.completed (/Users/ryan/Library/Mobile Documents/com~apple~CloudDocs/Documents/VSCode/Tax-App-Frontend/node_modules/jest-circus/build/jestAdapterInit.js:1557:28)
            at new Promise (<anonymous>)
            at callAsyncCircusFn (/Users/ryan/Library/Mobile Documents/com~apple~CloudDocs/Documents/VSCode/Tax-App-Frontend/node_modules/jest-circus/build/jestAdapterInit.js:1497:10)
            at _callCircusTest (/Users/ryan/Library/Mobile Documents/com~apple~CloudDocs/Documents/VSCode/Tax-App-Frontend/node_modules/jest-circus/build/jestAdapterInit.js:1007:40)
            at processTicksAndRejections (node:internal/process/task_queues:95:5)
            at _runTest (/Users/ryan/Library/Mobile Documents/com~apple~CloudDocs/Documents/VSCode/Tax-App-Frontend/node_modules/jest-circus/build/jestAdapterInit.js:947:3)
            at /Users/ryan/Library/Mobile Documents/com~apple~CloudDocs/Documents/VSCode/Tax-App-Frontend/node_modules/jest-circus/build/jestAdapterInit.js:849:7
            at _runTestsForDescribeBlock (/Users/ryan/Library/Mobile Documents/com~apple~CloudDocs/Documents/VSCode/Tax-App-Frontend/node_modules/jest-circus/build/jestAdapterInit.js:862:11)
            at _runTestsForDescribeBlock (/Users/ryan/Library/Mobile Documents/com~apple~CloudDocs/Documents/VSCode/Tax-App-Frontend/node_modules/jest-circus/build/jestAdapterInit.js:857:11)
            at _runTestsForDescribeBlock (/Users/ryan/Library/Mobile Documents/com~apple~CloudDocs/Documents/VSCode/Tax-App-Frontend/node_modules/jest-circus/build/jestAdapterInit.js:857:11)
            at run (/Users/ryan/Library/Mobile Documents/com~apple~CloudDocs/Documents/VSCode/Tax-App-Frontend/node_modules/jest-circus/build/jestAdapterInit.js:761:3)
            at runAndTransformResultsToJestFormat (/Users/ryan/Library/Mobile Documents/com~apple~CloudDocs/Documents/VSCode/Tax-App-Frontend/node_modules/jest-circus/build/jestAdapterInit.js:1918:21)
            at jestAdapter (/Users/ryan/Library/Mobile Documents/com~apple~CloudDocs/Documents/VSCode/Tax-App-Frontend/node_modules/jest-circus/build/runner.js:101:19)
            at runTestInternal (/Users/ryan/Library/Mobile Documents/com~apple~CloudDocs/Documents/VSCode/Tax-App-Frontend/node_modules/jest-runner/build/testWorker.js:275:16)
            at runTest (/Users/ryan/Library/Mobile Documents/com~apple~CloudDocs/Documents/VSCode/Tax-App-Frontend/node_modules/jest-runner/build/testWorker.js:343:7)
            at Object.worker (/Users/ryan/Library/Mobile Documents/com~apple~CloudDocs/Documents/VSCode/Tax-App-Frontend/node_modules/jest-runner/build/testWorker.js:497:12),
        type: 'unhandled exception'
      }

      241 |
      242 |     test('should use smaller input height on desktop (md:min-h-[40px])', () => {
    > 243 |       render(<LoginPageClient />);
          |             ^
      244 |
      245 |       const emailInput = screen.getByLabelText(/email address/i);
      246 |       const passwordInput = screen.getByLabelText(/^password$/i);

      at VirtualConsole.<anonymous> (node_modules/@jest/environment-jsdom-abstract/build/index.js:87:23)
      at reportException (node_modules/jsdom/lib/jsdom/living/helpers/runtime-script-errors.js:70:28)
      at innerInvokeEventListeners (node_modules/jsdom/lib/jsdom/living/events/EventTarget-impl.js:353:9)
      at invokeEventListeners (node_modules/jsdom/lib/jsdom/living/events/EventTarget-impl.js:286:3)
      at HTMLUnknownElementImpl._dispatch (node_modules/jsdom/lib/jsdom/living/events/EventTarget-impl.js:233:9)
      at HTMLUnknownElementImpl.dispatchEvent (node_modules/jsdom/lib/jsdom/living/events/EventTarget-impl.js:104:17)
      at HTMLUnknownElement.dispatchEvent (node_modules/jsdom/lib/jsdom/living/generated/EventTarget.js:241:34)
      at Object.invokeGuardedCallbackDev (node_modules/react-dom/cjs/react-dom.development.js:4213:16)
      at invokeGuardedCallback (node_modules/react-dom/cjs/react-dom.development.js:4277:31)
      at beginWork$1 (node_modules/react-dom/cjs/react-dom.development.js:27490:7)
      at performUnitOfWork (node_modules/react-dom/cjs/react-dom.development.js:26599:12)
      at workLoopSync (node_modules/react-dom/cjs/react-dom.development.js:26505:5)
      at renderRootSync (node_modules/react-dom/cjs/react-dom.development.js:26473:7)
      at performConcurrentWorkOnRoot (node_modules/react-dom/cjs/react-dom.development.js:25777:74)
      at flushActQueue (node_modules/react/cjs/react.development.js:2667:24)
      at act (node_modules/react/cjs/react.development.js:2582:11)
      at node_modules/@testing-library/react/dist/act-compat.js:46:25
      at renderRoot (node_modules/@testing-library/react/dist/pure.js:189:26)
      at render (node_modules/@testing-library/react/dist/pure.js:291:10)
      at Object.<anonymous> (src/app/login/responsive-layout.test.tsx:243:13)

    console.error
      Error: Uncaught [TypeError: Cannot read properties of undefined (reading 'state')]
          at reportException (/Users/ryan/Library/Mobile Documents/com~apple~CloudDocs/Documents/VSCode/Tax-App-Frontend/node_modules/jsdom/lib/jsdom/living/helpers/runtime-script-errors.js:66:24)
          at innerInvokeEventListeners (/Users/ryan/Library/Mobile Documents/com~apple~CloudDocs/Documents/VSCode/Tax-App-Frontend/node_modules/jsdom/lib/jsdom/living/events/EventTarget-impl.js:353:9)
          at invokeEventListeners (/Users/ryan/Library/Mobile Documents/com~apple~CloudDocs/Documents/VSCode/Tax-App-Frontend/node_modules/jsdom/lib/jsdom/living/events/EventTarget-impl.js:286:3)
          at HTMLUnknownElementImpl._dispatch (/Users/ryan/Library/Mobile Documents/com~apple~CloudDocs/Documents/VSCode/Tax-App-Frontend/node_modules/jsdom/lib/jsdom/living/events/EventTarget-impl.js:233:9)
          at HTMLUnknownElementImpl.dispatchEvent (/Users/ryan/Library/Mobile Documents/com~apple~CloudDocs/Documents/VSCode/Tax-App-Frontend/node_modules/jsdom/lib/jsdom/living/events/EventTarget-impl.js:104:17)
          at HTMLUnknownElement.dispatchEvent (/Users/ryan/Library/Mobile Documents/com~apple~CloudDocs/Documents/VSCode/Tax-App-Frontend/node_modules/jsdom/lib/jsdom/living/generated/EventTarget.js:241:34)
          at Object.invokeGuardedCallbackDev (/Users/ryan/Library/Mobile Documents/com~apple~CloudDocs/Documents/VSCode/Tax-App-Frontend/node_modules/react-dom/cjs/react-dom.development.js:4213:16)
          at invokeGuardedCallback (/Users/ryan/Library/Mobile Documents/com~apple~CloudDocs/Documents/VSCode/Tax-App-Frontend/node_modules/react-dom/cjs/react-dom.development.js:4277:31)
          at beginWork$1 (/Users/ryan/Library/Mobile Documents/com~apple~CloudDocs/Documents/VSCode/Tax-App-Frontend/node_modules/react-dom/cjs/react-dom.development.js:27490:7)
          at performUnitOfWork (/Users/ryan/Library/Mobile Documents/com~apple~CloudDocs/Documents/VSCode/Tax-App-Frontend/node_modules/react-dom/cjs/react-dom.development.js:26599:12)
          at workLoopSync (/Users/ryan/Library/Mobile Documents/com~apple~CloudDocs/Documents/VSCode/Tax-App-Frontend/node_modules/react-dom/cjs/react-dom.development.js:26505:5)
          at renderRootSync (/Users/ryan/Library/Mobile Documents/com~apple~CloudDocs/Documents/VSCode/Tax-App-Frontend/node_modules/react-dom/cjs/react-dom.development.js:26473:7)
          at recoverFromConcurrentError (/Users/ryan/Library/Mobile Documents/com~apple~CloudDocs/Documents/VSCode/Tax-App-Frontend/node_modules/react-dom/cjs/react-dom.development.js:25889:20)
          at performConcurrentWorkOnRoot (/Users/ryan/Library/Mobile Documents/com~apple~CloudDocs/Documents/VSCode/Tax-App-Frontend/node_modules/react-dom/cjs/react-dom.development.js:25789:22)
          at flushActQueue (/Users/ryan/Library/Mobile Documents/com~apple~CloudDocs/Documents/VSCode/Tax-App-Frontend/node_modules/react/cjs/react.development.js:2667:24)
          at act (/Users/ryan/Library/Mobile Documents/com~apple~CloudDocs/Documents/VSCode/Tax-App-Frontend/node_modules/react/cjs/react.development.js:2582:11)
          at /Users/ryan/Library/Mobile Documents/com~apple~CloudDocs/Documents/VSCode/Tax-App-Frontend/node_modules/@testing-library/react/dist/act-compat.js:46:25
          at renderRoot (/Users/ryan/Library/Mobile Documents/com~apple~CloudDocs/Documents/VSCode/Tax-App-Frontend/node_modules/@testing-library/react/dist/pure.js:189:26)
          at render (/Users/ryan/Library/Mobile Documents/com~apple~CloudDocs/Documents/VSCode/Tax-App-Frontend/node_modules/@testing-library/react/dist/pure.js:291:10)
          at Object.<anonymous> (/Users/ryan/Library/Mobile Documents/com~apple~CloudDocs/Documents/VSCode/Tax-App-Frontend/src/app/login/responsive-layout.test.tsx:243:13)
          at Promise.finally.completed (/Users/ryan/Library/Mobile Documents/com~apple~CloudDocs/Documents/VSCode/Tax-App-Frontend/node_modules/jest-circus/build/jestAdapterInit.js:1557:28)
          at new Promise (<anonymous>)
          at callAsyncCircusFn (/Users/ryan/Library/Mobile Documents/com~apple~CloudDocs/Documents/VSCode/Tax-App-Frontend/node_modules/jest-circus/build/jestAdapterInit.js:1497:10)
          at _callCircusTest (/Users/ryan/Library/Mobile Documents/com~apple~CloudDocs/Documents/VSCode/Tax-App-Frontend/node_modules/jest-circus/build/jestAdapterInit.js:1007:40)
          at processTicksAndRejections (node:internal/process/task_queues:95:5)
          at _runTest (/Users/ryan/Library/Mobile Documents/com~apple~CloudDocs/Documents/VSCode/Tax-App-Frontend/node_modules/jest-circus/build/jestAdapterInit.js:947:3)
          at /Users/ryan/Library/Mobile Documents/com~apple~CloudDocs/Documents/VSCode/Tax-App-Frontend/node_modules/jest-circus/build/jestAdapterInit.js:849:7
          at _runTestsForDescribeBlock (/Users/ryan/Library/Mobile Documents/com~apple~CloudDocs/Documents/VSCode/Tax-App-Frontend/node_modules/jest-circus/build/jestAdapterInit.js:862:11)
          at _runTestsForDescribeBlock (/Users/ryan/Library/Mobile Documents/com~apple~CloudDocs/Documents/VSCode/Tax-App-Frontend/node_modules/jest-circus/build/jestAdapterInit.js:857:11)
          at _runTestsForDescribeBlock (/Users/ryan/Library/Mobile Documents/com~apple~CloudDocs/Documents/VSCode/Tax-App-Frontend/node_modules/jest-circus/build/jestAdapterInit.js:857:11)
          at run (/Users/ryan/Library/Mobile Documents/com~apple~CloudDocs/Documents/VSCode/Tax-App-Frontend/node_modules/jest-circus/build/jestAdapterInit.js:761:3)
          at runAndTransformResultsToJestFormat (/Users/ryan/Library/Mobile Documents/com~apple~CloudDocs/Documents/VSCode/Tax-App-Frontend/node_modules/jest-circus/build/jestAdapterInit.js:1918:21)
          at jestAdapter (/Users/ryan/Library/Mobile Documents/com~apple~CloudDocs/Documents/VSCode/Tax-App-Frontend/node_modules/jest-circus/build/runner.js:101:19)
          at runTestInternal (/Users/ryan/Library/Mobile Documents/com~apple~CloudDocs/Documents/VSCode/Tax-App-Frontend/node_modules/jest-runner/build/testWorker.js:275:16)
          at runTest (/Users/ryan/Library/Mobile Documents/com~apple~CloudDocs/Documents/VSCode/Tax-App-Frontend/node_modules/jest-runner/build/testWorker.js:343:7)
          at Object.worker (/Users/ryan/Library/Mobile Documents/com~apple~CloudDocs/Documents/VSCode/Tax-App-Frontend/node_modules/jest-runner/build/testWorker.js:497:12) {
        detail: TypeError: Cannot read properties of undefined (reading 'state')
            at state (/Users/ryan/Library/Mobile Documents/com~apple~CloudDocs/Documents/VSCode/Tax-App-Frontend/src/components/LoginForm.tsx:93:15)
            at renderWithHooks (/Users/ryan/Library/Mobile Documents/com~apple~CloudDocs/Documents/VSCode/Tax-App-Frontend/node_modules/react-dom/cjs/react-dom.development.js:15486:18)
            at mountIndeterminateComponent (/Users/ryan/Library/Mobile Documents/com~apple~CloudDocs/Documents/VSCode/Tax-App-Frontend/node_modules/react-dom/cjs/react-dom.development.js:20103:13)
            at beginWork (/Users/ryan/Library/Mobile Documents/com~apple~CloudDocs/Documents/VSCode/Tax-App-Frontend/node_modules/react-dom/cjs/react-dom.development.js:21626:16)
            at HTMLUnknownElement.callCallback (/Users/ryan/Library/Mobile Documents/com~apple~CloudDocs/Documents/VSCode/Tax-App-Frontend/node_modules/react-dom/cjs/react-dom.development.js:4164:14)
            at HTMLUnknownElement.callTheUserObjectsOperation (/Users/ryan/Library/Mobile Documents/com~apple~CloudDocs/Documents/VSCode/Tax-App-Frontend/node_modules/jsdom/lib/jsdom/living/generated/EventListener.js:26:30)
            at innerInvokeEventListeners (/Users/ryan/Library/Mobile Documents/com~apple~CloudDocs/Documents/VSCode/Tax-App-Frontend/node_modules/jsdom/lib/jsdom/living/events/EventTarget-impl.js:350:25)
            at invokeEventListeners (/Users/ryan/Library/Mobile Documents/com~apple~CloudDocs/Documents/VSCode/Tax-App-Frontend/node_modules/jsdom/lib/jsdom/living/events/EventTarget-impl.js:286:3)
            at HTMLUnknownElementImpl._dispatch (/Users/ryan/Library/Mobile Documents/com~apple~CloudDocs/Documents/VSCode/Tax-App-Frontend/node_modules/jsdom/lib/jsdom/living/events/EventTarget-impl.js:233:9)
            at HTMLUnknownElementImpl.dispatchEvent (/Users/ryan/Library/Mobile Documents/com~apple~CloudDocs/Documents/VSCode/Tax-App-Frontend/node_modules/jsdom/lib/jsdom/living/events/EventTarget-impl.js:104:17)
            at HTMLUnknownElement.dispatchEvent (/Users/ryan/Library/Mobile Documents/com~apple~CloudDocs/Documents/VSCode/Tax-App-Frontend/node_modules/jsdom/lib/jsdom/living/generated/EventTarget.js:241:34)
            at Object.invokeGuardedCallbackDev (/Users/ryan/Library/Mobile Documents/com~apple~CloudDocs/Documents/VSCode/Tax-App-Frontend/node_modules/react-dom/cjs/react-dom.development.js:4213:16)
            at invokeGuardedCallback (/Users/ryan/Library/Mobile Documents/com~apple~CloudDocs/Documents/VSCode/Tax-App-Frontend/node_modules/react-dom/cjs/react-dom.development.js:4277:31)
            at beginWork$1 (/Users/ryan/Library/Mobile Documents/com~apple~CloudDocs/Documents/VSCode/Tax-App-Frontend/node_modules/react-dom/cjs/react-dom.development.js:27490:7)
            at performUnitOfWork (/Users/ryan/Library/Mobile Documents/com~apple~CloudDocs/Documents/VSCode/Tax-App-Frontend/node_modules/react-dom/cjs/react-dom.development.js:26599:12)
            at workLoopSync (/Users/ryan/Library/Mobile Documents/com~apple~CloudDocs/Documents/VSCode/Tax-App-Frontend/node_modules/react-dom/cjs/react-dom.development.js:26505:5)
            at renderRootSync (/Users/ryan/Library/Mobile Documents/com~apple~CloudDocs/Documents/VSCode/Tax-App-Frontend/node_modules/react-dom/cjs/react-dom.development.js:26473:7)
            at recoverFromConcurrentError (/Users/ryan/Library/Mobile Documents/com~apple~CloudDocs/Documents/VSCode/Tax-App-Frontend/node_modules/react-dom/cjs/react-dom.development.js:25889:20)
            at performConcurrentWorkOnRoot (/Users/ryan/Library/Mobile Documents/com~apple~CloudDocs/Documents/VSCode/Tax-App-Frontend/node_modules/react-dom/cjs/react-dom.development.js:25789:22)
            at flushActQueue (/Users/ryan/Library/Mobile Documents/com~apple~CloudDocs/Documents/VSCode/Tax-App-Frontend/node_modules/react/cjs/react.development.js:2667:24)
            at act (/Users/ryan/Library/Mobile Documents/com~apple~CloudDocs/Documents/VSCode/Tax-App-Frontend/node_modules/react/cjs/react.development.js:2582:11)
            at /Users/ryan/Library/Mobile Documents/com~apple~CloudDocs/Documents/VSCode/Tax-App-Frontend/node_modules/@testing-library/react/dist/act-compat.js:46:25
            at renderRoot (/Users/ryan/Library/Mobile Documents/com~apple~CloudDocs/Documents/VSCode/Tax-App-Frontend/node_modules/@testing-library/react/dist/pure.js:189:26)
            at render (/Users/ryan/Library/Mobile Documents/com~apple~CloudDocs/Documents/VSCode/Tax-App-Frontend/node_modules/@testing-library/react/dist/pure.js:291:10)
            at Object.<anonymous> (/Users/ryan/Library/Mobile Documents/com~apple~CloudDocs/Documents/VSCode/Tax-App-Frontend/src/app/login/responsive-layout.test.tsx:243:13)
            at Promise.finally.completed (/Users/ryan/Library/Mobile Documents/com~apple~CloudDocs/Documents/VSCode/Tax-App-Frontend/node_modules/jest-circus/build/jestAdapterInit.js:1557:28)
            at new Promise (<anonymous>)
            at callAsyncCircusFn (/Users/ryan/Library/Mobile Documents/com~apple~CloudDocs/Documents/VSCode/Tax-App-Frontend/node_modules/jest-circus/build/jestAdapterInit.js:1497:10)
            at _callCircusTest (/Users/ryan/Library/Mobile Documents/com~apple~CloudDocs/Documents/VSCode/Tax-App-Frontend/node_modules/jest-circus/build/jestAdapterInit.js:1007:40)
            at processTicksAndRejections (node:internal/process/task_queues:95:5)
            at _runTest (/Users/ryan/Library/Mobile Documents/com~apple~CloudDocs/Documents/VSCode/Tax-App-Frontend/node_modules/jest-circus/build/jestAdapterInit.js:947:3)
            at /Users/ryan/Library/Mobile Documents/com~apple~CloudDocs/Documents/VSCode/Tax-App-Frontend/node_modules/jest-circus/build/jestAdapterInit.js:849:7
            at _runTestsForDescribeBlock (/Users/ryan/Library/Mobile Documents/com~apple~CloudDocs/Documents/VSCode/Tax-App-Frontend/node_modules/jest-circus/build/jestAdapterInit.js:862:11)
            at _runTestsForDescribeBlock (/Users/ryan/Library/Mobile Documents/com~apple~CloudDocs/Documents/VSCode/Tax-App-Frontend/node_modules/jest-circus/build/jestAdapterInit.js:857:11)
            at _runTestsForDescribeBlock (/Users/ryan/Library/Mobile Documents/com~apple~CloudDocs/Documents/VSCode/Tax-App-Frontend/node_modules/jest-circus/build/jestAdapterInit.js:857:11)
            at run (/Users/ryan/Library/Mobile Documents/com~apple~CloudDocs/Documents/VSCode/Tax-App-Frontend/node_modules/jest-circus/build/jestAdapterInit.js:761:3)
            at runAndTransformResultsToJestFormat (/Users/ryan/Library/Mobile Documents/com~apple~CloudDocs/Documents/VSCode/Tax-App-Frontend/node_modules/jest-circus/build/jestAdapterInit.js:1918:21)
            at jestAdapter (/Users/ryan/Library/Mobile Documents/com~apple~CloudDocs/Documents/VSCode/Tax-App-Frontend/node_modules/jest-circus/build/runner.js:101:19)
            at runTestInternal (/Users/ryan/Library/Mobile Documents/com~apple~CloudDocs/Documents/VSCode/Tax-App-Frontend/node_modules/jest-runner/build/testWorker.js:275:16)
            at runTest (/Users/ryan/Library/Mobile Documents/com~apple~CloudDocs/Documents/VSCode/Tax-App-Frontend/node_modules/jest-runner/build/testWorker.js:343:7)
            at Object.worker (/Users/ryan/Library/Mobile Documents/com~apple~CloudDocs/Documents/VSCode/Tax-App-Frontend/node_modules/jest-runner/build/testWorker.js:497:12),
        type: 'unhandled exception'
      }

      241 |
      242 |     test('should use smaller input height on desktop (md:min-h-[40px])', () => {
    > 243 |       render(<LoginPageClient />);
          |             ^
      244 |
      245 |       const emailInput = screen.getByLabelText(/email address/i);
      246 |       const passwordInput = screen.getByLabelText(/^password$/i);

      at VirtualConsole.<anonymous> (node_modules/@jest/environment-jsdom-abstract/build/index.js:87:23)
      at reportException (node_modules/jsdom/lib/jsdom/living/helpers/runtime-script-errors.js:70:28)
      at innerInvokeEventListeners (node_modules/jsdom/lib/jsdom/living/events/EventTarget-impl.js:353:9)
      at invokeEventListeners (node_modules/jsdom/lib/jsdom/living/events/EventTarget-impl.js:286:3)
      at HTMLUnknownElementImpl._dispatch (node_modules/jsdom/lib/jsdom/living/events/EventTarget-impl.js:233:9)
      at HTMLUnknownElementImpl.dispatchEvent (node_modules/jsdom/lib/jsdom/living/events/EventTarget-impl.js:104:17)
      at HTMLUnknownElement.dispatchEvent (node_modules/jsdom/lib/jsdom/living/generated/EventTarget.js:241:34)
      at Object.invokeGuardedCallbackDev (node_modules/react-dom/cjs/react-dom.development.js:4213:16)
      at invokeGuardedCallback (node_modules/react-dom/cjs/react-dom.development.js:4277:31)
      at beginWork$1 (node_modules/react-dom/cjs/react-dom.development.js:27490:7)
      at performUnitOfWork (node_modules/react-dom/cjs/react-dom.development.js:26599:12)
      at workLoopSync (node_modules/react-dom/cjs/react-dom.development.js:26505:5)
      at renderRootSync (node_modules/react-dom/cjs/react-dom.development.js:26473:7)
      at recoverFromConcurrentError (node_modules/react-dom/cjs/react-dom.development.js:25889:20)
      at performConcurrentWorkOnRoot (node_modules/react-dom/cjs/react-dom.development.js:25789:22)
      at flushActQueue (node_modules/react/cjs/react.development.js:2667:24)
      at act (node_modules/react/cjs/react.development.js:2582:11)
      at node_modules/@testing-library/react/dist/act-compat.js:46:25
      at renderRoot (node_modules/@testing-library/react/dist/pure.js:189:26)
      at render (node_modules/@testing-library/react/dist/pure.js:291:10)
      at Object.<anonymous> (src/app/login/responsive-layout.test.tsx:243:13)

    console.error
      The above error occurred in the <LoginForm> component:
      
          at className (/Users/ryan/Library/Mobile Documents/com~apple~CloudDocs/Documents/VSCode/Tax-App-Frontend/src/components/LoginForm.tsx:45:29)
          at div
          at children (/Users/ryan/Library/Mobile Documents/com~apple~CloudDocs/Documents/VSCode/Tax-App-Frontend/src/app/login/responsive-layout.test.tsx:62:19)
          at div
          at children (/Users/ryan/Library/Mobile Documents/com~apple~CloudDocs/Documents/VSCode/Tax-App-Frontend/src/app/login/responsive-layout.test.tsx:52:12)
          at div
          at div
          at div
          at children (/Users/ryan/Library/Mobile Documents/com~apple~CloudDocs/Documents/VSCode/Tax-App-Frontend/src/app/login/responsive-layout.test.tsx:47:21)
          at callbackUrl (/Users/ryan/Library/Mobile Documents/com~apple~CloudDocs/Documents/VSCode/Tax-App-Frontend/src/app/login/LoginPageClient.tsx:49:43)
      
      Consider adding an error boundary to your tree to customize error handling behavior.
      Visit https://reactjs.org/link/error-boundaries to learn more about error boundaries.

      241 |
      242 |     test('should use smaller input height on desktop (md:min-h-[40px])', () => {
    > 243 |       render(<LoginPageClient />);
          |             ^
      244 |
      245 |       const emailInput = screen.getByLabelText(/email address/i);
      246 |       const passwordInput = screen.getByLabelText(/^password$/i);

      at logCapturedError (node_modules/react-dom/cjs/react-dom.development.js:18704:23)
      at update.callback (node_modules/react-dom/cjs/react-dom.development.js:18737:5)
      at callCallback (node_modules/react-dom/cjs/react-dom.development.js:15036:12)
      at commitUpdateQueue (node_modules/react-dom/cjs/react-dom.development.js:15057:9)
      at commitLayoutEffectOnFiber (node_modules/react-dom/cjs/react-dom.development.js:23430:13)
      at commitLayoutMountEffects_complete (node_modules/react-dom/cjs/react-dom.development.js:24727:9)
      at commitLayoutEffects_begin (node_modules/react-dom/cjs/react-dom.development.js:24713:7)
      at commitLayoutEffects (node_modules/react-dom/cjs/react-dom.development.js:24651:3)
      at commitRootImpl (node_modules/react-dom/cjs/react-dom.development.js:26862:5)
      at commitRoot (node_modules/react-dom/cjs/react-dom.development.js:26721:5)
      at finishConcurrentRender (node_modules/react-dom/cjs/react-dom.development.js:25931:9)
      at performConcurrentWorkOnRoot (node_modules/react-dom/cjs/react-dom.development.js:25848:7)
      at flushActQueue (node_modules/react/cjs/react.development.js:2667:24)
      at act (node_modules/react/cjs/react.development.js:2582:11)
      at node_modules/@testing-library/react/dist/act-compat.js:46:25
      at renderRoot (node_modules/@testing-library/react/dist/pure.js:189:26)
      at render (node_modules/@testing-library/react/dist/pure.js:291:10)
      at Object.<anonymous> (src/app/login/responsive-layout.test.tsx:243:13)

    console.error
      Error: Uncaught [TypeError: Cannot read properties of undefined (reading 'state')]
          at reportException (/Users/ryan/Library/Mobile Documents/com~apple~CloudDocs/Documents/VSCode/Tax-App-Frontend/node_modules/jsdom/lib/jsdom/living/helpers/runtime-script-errors.js:66:24)
          at innerInvokeEventListeners (/Users/ryan/Library/Mobile Documents/com~apple~CloudDocs/Documents/VSCode/Tax-App-Frontend/node_modules/jsdom/lib/jsdom/living/events/EventTarget-impl.js:353:9)
          at invokeEventListeners (/Users/ryan/Library/Mobile Documents/com~apple~CloudDocs/Documents/VSCode/Tax-App-Frontend/node_modules/jsdom/lib/jsdom/living/events/EventTarget-impl.js:286:3)
          at HTMLUnknownElementImpl._dispatch (/Users/ryan/Library/Mobile Documents/com~apple~CloudDocs/Documents/VSCode/Tax-App-Frontend/node_modules/jsdom/lib/jsdom/living/events/EventTarget-impl.js:233:9)
          at HTMLUnknownElementImpl.dispatchEvent (/Users/ryan/Library/Mobile Documents/com~apple~CloudDocs/Documents/VSCode/Tax-App-Frontend/node_modules/jsdom/lib/jsdom/living/events/EventTarget-impl.js:104:17)
          at HTMLUnknownElement.dispatchEvent (/Users/ryan/Library/Mobile Documents/com~apple~CloudDocs/Documents/VSCode/Tax-App-Frontend/node_modules/jsdom/lib/jsdom/living/generated/EventTarget.js:241:34)
          at Object.invokeGuardedCallbackDev (/Users/ryan/Library/Mobile Documents/com~apple~CloudDocs/Documents/VSCode/Tax-App-Frontend/node_modules/react-dom/cjs/react-dom.development.js:4213:16)
          at invokeGuardedCallback (/Users/ryan/Library/Mobile Documents/com~apple~CloudDocs/Documents/VSCode/Tax-App-Frontend/node_modules/react-dom/cjs/react-dom.development.js:4277:31)
          at beginWork$1 (/Users/ryan/Library/Mobile Documents/com~apple~CloudDocs/Documents/VSCode/Tax-App-Frontend/node_modules/react-dom/cjs/react-dom.development.js:27490:7)
          at performUnitOfWork (/Users/ryan/Library/Mobile Documents/com~apple~CloudDocs/Documents/VSCode/Tax-App-Frontend/node_modules/react-dom/cjs/react-dom.development.js:26599:12)
          at workLoopSync (/Users/ryan/Library/Mobile Documents/com~apple~CloudDocs/Documents/VSCode/Tax-App-Frontend/node_modules/react-dom/cjs/react-dom.development.js:26505:5)
          at renderRootSync (/Users/ryan/Library/Mobile Documents/com~apple~CloudDocs/Documents/VSCode/Tax-App-Frontend/node_modules/react-dom/cjs/react-dom.development.js:26473:7)
          at performConcurrentWorkOnRoot (/Users/ryan/Library/Mobile Documents/com~apple~CloudDocs/Documents/VSCode/Tax-App-Frontend/node_modules/react-dom/cjs/react-dom.development.js:25777:74)
          at flushActQueue (/Users/ryan/Library/Mobile Documents/com~apple~CloudDocs/Documents/VSCode/Tax-App-Frontend/node_modules/react/cjs/react.development.js:2667:24)
          at act (/Users/ryan/Library/Mobile Documents/com~apple~CloudDocs/Documents/VSCode/Tax-App-Frontend/node_modules/react/cjs/react.development.js:2582:11)
          at /Users/ryan/Library/Mobile Documents/com~apple~CloudDocs/Documents/VSCode/Tax-App-Frontend/node_modules/@testing-library/react/dist/act-compat.js:46:25
          at renderRoot (/Users/ryan/Library/Mobile Documents/com~apple~CloudDocs/Documents/VSCode/Tax-App-Frontend/node_modules/@testing-library/react/dist/pure.js:189:26)
          at render (/Users/ryan/Library/Mobile Documents/com~apple~CloudDocs/Documents/VSCode/Tax-App-Frontend/node_modules/@testing-library/react/dist/pure.js:291:10)
          at Object.<anonymous> (/Users/ryan/Library/Mobile Documents/com~apple~CloudDocs/Documents/VSCode/Tax-App-Frontend/src/app/login/responsive-layout.test.tsx:254:35)
          at Promise.finally.completed (/Users/ryan/Library/Mobile Documents/com~apple~CloudDocs/Documents/VSCode/Tax-App-Frontend/node_modules/jest-circus/build/jestAdapterInit.js:1557:28)
          at new Promise (<anonymous>)
          at callAsyncCircusFn (/Users/ryan/Library/Mobile Documents/com~apple~CloudDocs/Documents/VSCode/Tax-App-Frontend/node_modules/jest-circus/build/jestAdapterInit.js:1497:10)
          at _callCircusTest (/Users/ryan/Library/Mobile Documents/com~apple~CloudDocs/Documents/VSCode/Tax-App-Frontend/node_modules/jest-circus/build/jestAdapterInit.js:1007:40)
          at processTicksAndRejections (node:internal/process/task_queues:95:5)
          at _runTest (/Users/ryan/Library/Mobile Documents/com~apple~CloudDocs/Documents/VSCode/Tax-App-Frontend/node_modules/jest-circus/build/jestAdapterInit.js:947:3)
          at /Users/ryan/Library/Mobile Documents/com~apple~CloudDocs/Documents/VSCode/Tax-App-Frontend/node_modules/jest-circus/build/jestAdapterInit.js:849:7
          at _runTestsForDescribeBlock (/Users/ryan/Library/Mobile Documents/com~apple~CloudDocs/Documents/VSCode/Tax-App-Frontend/node_modules/jest-circus/build/jestAdapterInit.js:862:11)
          at _runTestsForDescribeBlock (/Users/ryan/Library/Mobile Documents/com~apple~CloudDocs/Documents/VSCode/Tax-App-Frontend/node_modules/jest-circus/build/jestAdapterInit.js:857:11)
          at _runTestsForDescribeBlock (/Users/ryan/Library/Mobile Documents/com~apple~CloudDocs/Documents/VSCode/Tax-App-Frontend/node_modules/jest-circus/build/jestAdapterInit.js:857:11)
          at run (/Users/ryan/Library/Mobile Documents/com~apple~CloudDocs/Documents/VSCode/Tax-App-Frontend/node_modules/jest-circus/build/jestAdapterInit.js:761:3)
          at runAndTransformResultsToJestFormat (/Users/ryan/Library/Mobile Documents/com~apple~CloudDocs/Documents/VSCode/Tax-App-Frontend/node_modules/jest-circus/build/jestAdapterInit.js:1918:21)
          at jestAdapter (/Users/ryan/Library/Mobile Documents/com~apple~CloudDocs/Documents/VSCode/Tax-App-Frontend/node_modules/jest-circus/build/runner.js:101:19)
          at runTestInternal (/Users/ryan/Library/Mobile Documents/com~apple~CloudDocs/Documents/VSCode/Tax-App-Frontend/node_modules/jest-runner/build/testWorker.js:275:16)
          at runTest (/Users/ryan/Library/Mobile Documents/com~apple~CloudDocs/Documents/VSCode/Tax-App-Frontend/node_modules/jest-runner/build/testWorker.js:343:7)
          at Object.worker (/Users/ryan/Library/Mobile Documents/com~apple~CloudDocs/Documents/VSCode/Tax-App-Frontend/node_modules/jest-runner/build/testWorker.js:497:12) {
        detail: TypeError: Cannot read properties of undefined (reading 'state')
            at state (/Users/ryan/Library/Mobile Documents/com~apple~CloudDocs/Documents/VSCode/Tax-App-Frontend/src/components/LoginForm.tsx:93:15)
            at renderWithHooks (/Users/ryan/Library/Mobile Documents/com~apple~CloudDocs/Documents/VSCode/Tax-App-Frontend/node_modules/react-dom/cjs/react-dom.development.js:15486:18)
            at mountIndeterminateComponent (/Users/ryan/Library/Mobile Documents/com~apple~CloudDocs/Documents/VSCode/Tax-App-Frontend/node_modules/react-dom/cjs/react-dom.development.js:20103:13)
            at beginWork (/Users/ryan/Library/Mobile Documents/com~apple~CloudDocs/Documents/VSCode/Tax-App-Frontend/node_modules/react-dom/cjs/react-dom.development.js:21626:16)
            at HTMLUnknownElement.callCallback (/Users/ryan/Library/Mobile Documents/com~apple~CloudDocs/Documents/VSCode/Tax-App-Frontend/node_modules/react-dom/cjs/react-dom.development.js:4164:14)
            at HTMLUnknownElement.callTheUserObjectsOperation (/Users/ryan/Library/Mobile Documents/com~apple~CloudDocs/Documents/VSCode/Tax-App-Frontend/node_modules/jsdom/lib/jsdom/living/generated/EventListener.js:26:30)
            at innerInvokeEventListeners (/Users/ryan/Library/Mobile Documents/com~apple~CloudDocs/Documents/VSCode/Tax-App-Frontend/node_modules/jsdom/lib/jsdom/living/events/EventTarget-impl.js:350:25)
            at invokeEventListeners (/Users/ryan/Library/Mobile Documents/com~apple~CloudDocs/Documents/VSCode/Tax-App-Frontend/node_modules/jsdom/lib/jsdom/living/events/EventTarget-impl.js:286:3)
            at HTMLUnknownElementImpl._dispatch (/Users/ryan/Library/Mobile Documents/com~apple~CloudDocs/Documents/VSCode/Tax-App-Frontend/node_modules/jsdom/lib/jsdom/living/events/EventTarget-impl.js:233:9)
            at HTMLUnknownElementImpl.dispatchEvent (/Users/ryan/Library/Mobile Documents/com~apple~CloudDocs/Documents/VSCode/Tax-App-Frontend/node_modules/jsdom/lib/jsdom/living/events/EventTarget-impl.js:104:17)
            at HTMLUnknownElement.dispatchEvent (/Users/ryan/Library/Mobile Documents/com~apple~CloudDocs/Documents/VSCode/Tax-App-Frontend/node_modules/jsdom/lib/jsdom/living/generated/EventTarget.js:241:34)
            at Object.invokeGuardedCallbackDev (/Users/ryan/Library/Mobile Documents/com~apple~CloudDocs/Documents/VSCode/Tax-App-Frontend/node_modules/react-dom/cjs/react-dom.development.js:4213:16)
            at invokeGuardedCallback (/Users/ryan/Library/Mobile Documents/com~apple~CloudDocs/Documents/VSCode/Tax-App-Frontend/node_modules/react-dom/cjs/react-dom.development.js:4277:31)
            at beginWork$1 (/Users/ryan/Library/Mobile Documents/com~apple~CloudDocs/Documents/VSCode/Tax-App-Frontend/node_modules/react-dom/cjs/react-dom.development.js:27490:7)
            at performUnitOfWork (/Users/ryan/Library/Mobile Documents/com~apple~CloudDocs/Documents/VSCode/Tax-App-Frontend/node_modules/react-dom/cjs/react-dom.development.js:26599:12)
            at workLoopSync (/Users/ryan/Library/Mobile Documents/com~apple~CloudDocs/Documents/VSCode/Tax-App-Frontend/node_modules/react-dom/cjs/react-dom.development.js:26505:5)
            at renderRootSync (/Users/ryan/Library/Mobile Documents/com~apple~CloudDocs/Documents/VSCode/Tax-App-Frontend/node_modules/react-dom/cjs/react-dom.development.js:26473:7)
            at performConcurrentWorkOnRoot (/Users/ryan/Library/Mobile Documents/com~apple~CloudDocs/Documents/VSCode/Tax-App-Frontend/node_modules/react-dom/cjs/react-dom.development.js:25777:74)
            at flushActQueue (/Users/ryan/Library/Mobile Documents/com~apple~CloudDocs/Documents/VSCode/Tax-App-Frontend/node_modules/react/cjs/react.development.js:2667:24)
            at act (/Users/ryan/Library/Mobile Documents/com~apple~CloudDocs/Documents/VSCode/Tax-App-Frontend/node_modules/react/cjs/react.development.js:2582:11)
            at /Users/ryan/Library/Mobile Documents/com~apple~CloudDocs/Documents/VSCode/Tax-App-Frontend/node_modules/@testing-library/react/dist/act-compat.js:46:25
            at renderRoot (/Users/ryan/Library/Mobile Documents/com~apple~CloudDocs/Documents/VSCode/Tax-App-Frontend/node_modules/@testing-library/react/dist/pure.js:189:26)
            at render (/Users/ryan/Library/Mobile Documents/com~apple~CloudDocs/Documents/VSCode/Tax-App-Frontend/node_modules/@testing-library/react/dist/pure.js:291:10)
            at Object.<anonymous> (/Users/ryan/Library/Mobile Documents/com~apple~CloudDocs/Documents/VSCode/Tax-App-Frontend/src/app/login/responsive-layout.test.tsx:254:35)
            at Promise.finally.completed (/Users/ryan/Library/Mobile Documents/com~apple~CloudDocs/Documents/VSCode/Tax-App-Frontend/node_modules/jest-circus/build/jestAdapterInit.js:1557:28)
            at new Promise (<anonymous>)
            at callAsyncCircusFn (/Users/ryan/Library/Mobile Documents/com~apple~CloudDocs/Documents/VSCode/Tax-App-Frontend/node_modules/jest-circus/build/jestAdapterInit.js:1497:10)
            at _callCircusTest (/Users/ryan/Library/Mobile Documents/com~apple~CloudDocs/Documents/VSCode/Tax-App-Frontend/node_modules/jest-circus/build/jestAdapterInit.js:1007:40)
            at processTicksAndRejections (node:internal/process/task_queues:95:5)
            at _runTest (/Users/ryan/Library/Mobile Documents/com~apple~CloudDocs/Documents/VSCode/Tax-App-Frontend/node_modules/jest-circus/build/jestAdapterInit.js:947:3)
            at /Users/ryan/Library/Mobile Documents/com~apple~CloudDocs/Documents/VSCode/Tax-App-Frontend/node_modules/jest-circus/build/jestAdapterInit.js:849:7
            at _runTestsForDescribeBlock (/Users/ryan/Library/Mobile Documents/com~apple~CloudDocs/Documents/VSCode/Tax-App-Frontend/node_modules/jest-circus/build/jestAdapterInit.js:862:11)
            at _runTestsForDescribeBlock (/Users/ryan/Library/Mobile Documents/com~apple~CloudDocs/Documents/VSCode/Tax-App-Frontend/node_modules/jest-circus/build/jestAdapterInit.js:857:11)
            at _runTestsForDescribeBlock (/Users/ryan/Library/Mobile Documents/com~apple~CloudDocs/Documents/VSCode/Tax-App-Frontend/node_modules/jest-circus/build/jestAdapterInit.js:857:11)
            at run (/Users/ryan/Library/Mobile Documents/com~apple~CloudDocs/Documents/VSCode/Tax-App-Frontend/node_modules/jest-circus/build/jestAdapterInit.js:761:3)
            at runAndTransformResultsToJestFormat (/Users/ryan/Library/Mobile Documents/com~apple~CloudDocs/Documents/VSCode/Tax-App-Frontend/node_modules/jest-circus/build/jestAdapterInit.js:1918:21)
            at jestAdapter (/Users/ryan/Library/Mobile Documents/com~apple~CloudDocs/Documents/VSCode/Tax-App-Frontend/node_modules/jest-circus/build/runner.js:101:19)
            at runTestInternal (/Users/ryan/Library/Mobile Documents/com~apple~CloudDocs/Documents/VSCode/Tax-App-Frontend/node_modules/jest-runner/build/testWorker.js:275:16)
            at runTest (/Users/ryan/Library/Mobile Documents/com~apple~CloudDocs/Documents/VSCode/Tax-App-Frontend/node_modules/jest-runner/build/testWorker.js:343:7)
            at Object.worker (/Users/ryan/Library/Mobile Documents/com~apple~CloudDocs/Documents/VSCode/Tax-App-Frontend/node_modules/jest-runner/build/testWorker.js:497:12),
        type: 'unhandled exception'
      }

      252 |
      253 |     test('should have proper spacing between form elements for touch targets', () => {
    > 254 |       const { container } = render(<LoginPageClient />);
          |                                   ^
      255 |
      256 |       const form = container.querySelector('form');
      257 |       expect(form).toBeInTheDocument();

      at VirtualConsole.<anonymous> (node_modules/@jest/environment-jsdom-abstract/build/index.js:87:23)
      at reportException (node_modules/jsdom/lib/jsdom/living/helpers/runtime-script-errors.js:70:28)
      at innerInvokeEventListeners (node_modules/jsdom/lib/jsdom/living/events/EventTarget-impl.js:353:9)
      at invokeEventListeners (node_modules/jsdom/lib/jsdom/living/events/EventTarget-impl.js:286:3)
      at HTMLUnknownElementImpl._dispatch (node_modules/jsdom/lib/jsdom/living/events/EventTarget-impl.js:233:9)
      at HTMLUnknownElementImpl.dispatchEvent (node_modules/jsdom/lib/jsdom/living/events/EventTarget-impl.js:104:17)
      at HTMLUnknownElement.dispatchEvent (node_modules/jsdom/lib/jsdom/living/generated/EventTarget.js:241:34)
      at Object.invokeGuardedCallbackDev (node_modules/react-dom/cjs/react-dom.development.js:4213:16)
      at invokeGuardedCallback (node_modules/react-dom/cjs/react-dom.development.js:4277:31)
      at beginWork$1 (node_modules/react-dom/cjs/react-dom.development.js:27490:7)
      at performUnitOfWork (node_modules/react-dom/cjs/react-dom.development.js:26599:12)
      at workLoopSync (node_modules/react-dom/cjs/react-dom.development.js:26505:5)
      at renderRootSync (node_modules/react-dom/cjs/react-dom.development.js:26473:7)
      at performConcurrentWorkOnRoot (node_modules/react-dom/cjs/react-dom.development.js:25777:74)
      at flushActQueue (node_modules/react/cjs/react.development.js:2667:24)
      at act (node_modules/react/cjs/react.development.js:2582:11)
      at node_modules/@testing-library/react/dist/act-compat.js:46:25
      at renderRoot (node_modules/@testing-library/react/dist/pure.js:189:26)
      at render (node_modules/@testing-library/react/dist/pure.js:291:10)
      at Object.<anonymous> (src/app/login/responsive-layout.test.tsx:254:35)

    console.error
      Error: Uncaught [TypeError: Cannot read properties of undefined (reading 'state')]
          at reportException (/Users/ryan/Library/Mobile Documents/com~apple~CloudDocs/Documents/VSCode/Tax-App-Frontend/node_modules/jsdom/lib/jsdom/living/helpers/runtime-script-errors.js:66:24)
          at innerInvokeEventListeners (/Users/ryan/Library/Mobile Documents/com~apple~CloudDocs/Documents/VSCode/Tax-App-Frontend/node_modules/jsdom/lib/jsdom/living/events/EventTarget-impl.js:353:9)
          at invokeEventListeners (/Users/ryan/Library/Mobile Documents/com~apple~CloudDocs/Documents/VSCode/Tax-App-Frontend/node_modules/jsdom/lib/jsdom/living/events/EventTarget-impl.js:286:3)
          at HTMLUnknownElementImpl._dispatch (/Users/ryan/Library/Mobile Documents/com~apple~CloudDocs/Documents/VSCode/Tax-App-Frontend/node_modules/jsdom/lib/jsdom/living/events/EventTarget-impl.js:233:9)
          at HTMLUnknownElementImpl.dispatchEvent (/Users/ryan/Library/Mobile Documents/com~apple~CloudDocs/Documents/VSCode/Tax-App-Frontend/node_modules/jsdom/lib/jsdom/living/events/EventTarget-impl.js:104:17)
          at HTMLUnknownElement.dispatchEvent (/Users/ryan/Library/Mobile Documents/com~apple~CloudDocs/Documents/VSCode/Tax-App-Frontend/node_modules/jsdom/lib/jsdom/living/generated/EventTarget.js:241:34)
          at Object.invokeGuardedCallbackDev (/Users/ryan/Library/Mobile Documents/com~apple~CloudDocs/Documents/VSCode/Tax-App-Frontend/node_modules/react-dom/cjs/react-dom.development.js:4213:16)
          at invokeGuardedCallback (/Users/ryan/Library/Mobile Documents/com~apple~CloudDocs/Documents/VSCode/Tax-App-Frontend/node_modules/react-dom/cjs/react-dom.development.js:4277:31)
          at beginWork$1 (/Users/ryan/Library/Mobile Documents/com~apple~CloudDocs/Documents/VSCode/Tax-App-Frontend/node_modules/react-dom/cjs/react-dom.development.js:27490:7)
          at performUnitOfWork (/Users/ryan/Library/Mobile Documents/com~apple~CloudDocs/Documents/VSCode/Tax-App-Frontend/node_modules/react-dom/cjs/react-dom.development.js:26599:12)
          at workLoopSync (/Users/ryan/Library/Mobile Documents/com~apple~CloudDocs/Documents/VSCode/Tax-App-Frontend/node_modules/react-dom/cjs/react-dom.development.js:26505:5)
          at renderRootSync (/Users/ryan/Library/Mobile Documents/com~apple~CloudDocs/Documents/VSCode/Tax-App-Frontend/node_modules/react-dom/cjs/react-dom.development.js:26473:7)
          at recoverFromConcurrentError (/Users/ryan/Library/Mobile Documents/com~apple~CloudDocs/Documents/VSCode/Tax-App-Frontend/node_modules/react-dom/cjs/react-dom.development.js:25889:20)
          at performConcurrentWorkOnRoot (/Users/ryan/Library/Mobile Documents/com~apple~CloudDocs/Documents/VSCode/Tax-App-Frontend/node_modules/react-dom/cjs/react-dom.development.js:25789:22)
          at flushActQueue (/Users/ryan/Library/Mobile Documents/com~apple~CloudDocs/Documents/VSCode/Tax-App-Frontend/node_modules/react/cjs/react.development.js:2667:24)
          at act (/Users/ryan/Library/Mobile Documents/com~apple~CloudDocs/Documents/VSCode/Tax-App-Frontend/node_modules/react/cjs/react.development.js:2582:11)
          at /Users/ryan/Library/Mobile Documents/com~apple~CloudDocs/Documents/VSCode/Tax-App-Frontend/node_modules/@testing-library/react/dist/act-compat.js:46:25
          at renderRoot (/Users/ryan/Library/Mobile Documents/com~apple~CloudDocs/Documents/VSCode/Tax-App-Frontend/node_modules/@testing-library/react/dist/pure.js:189:26)
          at render (/Users/ryan/Library/Mobile Documents/com~apple~CloudDocs/Documents/VSCode/Tax-App-Frontend/node_modules/@testing-library/react/dist/pure.js:291:10)
          at Object.<anonymous> (/Users/ryan/Library/Mobile Documents/com~apple~CloudDocs/Documents/VSCode/Tax-App-Frontend/src/app/login/responsive-layout.test.tsx:254:35)
          at Promise.finally.completed (/Users/ryan/Library/Mobile Documents/com~apple~CloudDocs/Documents/VSCode/Tax-App-Frontend/node_modules/jest-circus/build/jestAdapterInit.js:1557:28)
          at new Promise (<anonymous>)
          at callAsyncCircusFn (/Users/ryan/Library/Mobile Documents/com~apple~CloudDocs/Documents/VSCode/Tax-App-Frontend/node_modules/jest-circus/build/jestAdapterInit.js:1497:10)
          at _callCircusTest (/Users/ryan/Library/Mobile Documents/com~apple~CloudDocs/Documents/VSCode/Tax-App-Frontend/node_modules/jest-circus/build/jestAdapterInit.js:1007:40)
          at processTicksAndRejections (node:internal/process/task_queues:95:5)
          at _runTest (/Users/ryan/Library/Mobile Documents/com~apple~CloudDocs/Documents/VSCode/Tax-App-Frontend/node_modules/jest-circus/build/jestAdapterInit.js:947:3)
          at /Users/ryan/Library/Mobile Documents/com~apple~CloudDocs/Documents/VSCode/Tax-App-Frontend/node_modules/jest-circus/build/jestAdapterInit.js:849:7
          at _runTestsForDescribeBlock (/Users/ryan/Library/Mobile Documents/com~apple~CloudDocs/Documents/VSCode/Tax-App-Frontend/node_modules/jest-circus/build/jestAdapterInit.js:862:11)
          at _runTestsForDescribeBlock (/Users/ryan/Library/Mobile Documents/com~apple~CloudDocs/Documents/VSCode/Tax-App-Frontend/node_modules/jest-circus/build/jestAdapterInit.js:857:11)
          at _runTestsForDescribeBlock (/Users/ryan/Library/Mobile Documents/com~apple~CloudDocs/Documents/VSCode/Tax-App-Frontend/node_modules/jest-circus/build/jestAdapterInit.js:857:11)
          at run (/Users/ryan/Library/Mobile Documents/com~apple~CloudDocs/Documents/VSCode/Tax-App-Frontend/node_modules/jest-circus/build/jestAdapterInit.js:761:3)
          at runAndTransformResultsToJestFormat (/Users/ryan/Library/Mobile Documents/com~apple~CloudDocs/Documents/VSCode/Tax-App-Frontend/node_modules/jest-circus/build/jestAdapterInit.js:1918:21)
          at jestAdapter (/Users/ryan/Library/Mobile Documents/com~apple~CloudDocs/Documents/VSCode/Tax-App-Frontend/node_modules/jest-circus/build/runner.js:101:19)
          at runTestInternal (/Users/ryan/Library/Mobile Documents/com~apple~CloudDocs/Documents/VSCode/Tax-App-Frontend/node_modules/jest-runner/build/testWorker.js:275:16)
          at runTest (/Users/ryan/Library/Mobile Documents/com~apple~CloudDocs/Documents/VSCode/Tax-App-Frontend/node_modules/jest-runner/build/testWorker.js:343:7)
          at Object.worker (/Users/ryan/Library/Mobile Documents/com~apple~CloudDocs/Documents/VSCode/Tax-App-Frontend/node_modules/jest-runner/build/testWorker.js:497:12) {
        detail: TypeError: Cannot read properties of undefined (reading 'state')
            at state (/Users/ryan/Library/Mobile Documents/com~apple~CloudDocs/Documents/VSCode/Tax-App-Frontend/src/components/LoginForm.tsx:93:15)
            at renderWithHooks (/Users/ryan/Library/Mobile Documents/com~apple~CloudDocs/Documents/VSCode/Tax-App-Frontend/node_modules/react-dom/cjs/react-dom.development.js:15486:18)
            at mountIndeterminateComponent (/Users/ryan/Library/Mobile Documents/com~apple~CloudDocs/Documents/VSCode/Tax-App-Frontend/node_modules/react-dom/cjs/react-dom.development.js:20103:13)
            at beginWork (/Users/ryan/Library/Mobile Documents/com~apple~CloudDocs/Documents/VSCode/Tax-App-Frontend/node_modules/react-dom/cjs/react-dom.development.js:21626:16)
            at HTMLUnknownElement.callCallback (/Users/ryan/Library/Mobile Documents/com~apple~CloudDocs/Documents/VSCode/Tax-App-Frontend/node_modules/react-dom/cjs/react-dom.development.js:4164:14)
            at HTMLUnknownElement.callTheUserObjectsOperation (/Users/ryan/Library/Mobile Documents/com~apple~CloudDocs/Documents/VSCode/Tax-App-Frontend/node_modules/jsdom/lib/jsdom/living/generated/EventListener.js:26:30)
            at innerInvokeEventListeners (/Users/ryan/Library/Mobile Documents/com~apple~CloudDocs/Documents/VSCode/Tax-App-Frontend/node_modules/jsdom/lib/jsdom/living/events/EventTarget-impl.js:350:25)
            at invokeEventListeners (/Users/ryan/Library/Mobile Documents/com~apple~CloudDocs/Documents/VSCode/Tax-App-Frontend/node_modules/jsdom/lib/jsdom/living/events/EventTarget-impl.js:286:3)
            at HTMLUnknownElementImpl._dispatch (/Users/ryan/Library/Mobile Documents/com~apple~CloudDocs/Documents/VSCode/Tax-App-Frontend/node_modules/jsdom/lib/jsdom/living/events/EventTarget-impl.js:233:9)
            at HTMLUnknownElementImpl.dispatchEvent (/Users/ryan/Library/Mobile Documents/com~apple~CloudDocs/Documents/VSCode/Tax-App-Frontend/node_modules/jsdom/lib/jsdom/living/events/EventTarget-impl.js:104:17)
            at HTMLUnknownElement.dispatchEvent (/Users/ryan/Library/Mobile Documents/com~apple~CloudDocs/Documents/VSCode/Tax-App-Frontend/node_modules/jsdom/lib/jsdom/living/generated/EventTarget.js:241:34)
            at Object.invokeGuardedCallbackDev (/Users/ryan/Library/Mobile Documents/com~apple~CloudDocs/Documents/VSCode/Tax-App-Frontend/node_modules/react-dom/cjs/react-dom.development.js:4213:16)
            at invokeGuardedCallback (/Users/ryan/Library/Mobile Documents/com~apple~CloudDocs/Documents/VSCode/Tax-App-Frontend/node_modules/react-dom/cjs/react-dom.development.js:4277:31)
            at beginWork$1 (/Users/ryan/Library/Mobile Documents/com~apple~CloudDocs/Documents/VSCode/Tax-App-Frontend/node_modules/react-dom/cjs/react-dom.development.js:27490:7)
            at performUnitOfWork (/Users/ryan/Library/Mobile Documents/com~apple~CloudDocs/Documents/VSCode/Tax-App-Frontend/node_modules/react-dom/cjs/react-dom.development.js:26599:12)
            at workLoopSync (/Users/ryan/Library/Mobile Documents/com~apple~CloudDocs/Documents/VSCode/Tax-App-Frontend/node_modules/react-dom/cjs/react-dom.development.js:26505:5)
            at renderRootSync (/Users/ryan/Library/Mobile Documents/com~apple~CloudDocs/Documents/VSCode/Tax-App-Frontend/node_modules/react-dom/cjs/react-dom.development.js:26473:7)
            at recoverFromConcurrentError (/Users/ryan/Library/Mobile Documents/com~apple~CloudDocs/Documents/VSCode/Tax-App-Frontend/node_modules/react-dom/cjs/react-dom.development.js:25889:20)
            at performConcurrentWorkOnRoot (/Users/ryan/Library/Mobile Documents/com~apple~CloudDocs/Documents/VSCode/Tax-App-Frontend/node_modules/react-dom/cjs/react-dom.development.js:25789:22)
            at flushActQueue (/Users/ryan/Library/Mobile Documents/com~apple~CloudDocs/Documents/VSCode/Tax-App-Frontend/node_modules/react/cjs/react.development.js:2667:24)
            at act (/Users/ryan/Library/Mobile Documents/com~apple~CloudDocs/Documents/VSCode/Tax-App-Frontend/node_modules/react/cjs/react.development.js:2582:11)
            at /Users/ryan/Library/Mobile Documents/com~apple~CloudDocs/Documents/VSCode/Tax-App-Frontend/node_modules/@testing-library/react/dist/act-compat.js:46:25
            at renderRoot (/Users/ryan/Library/Mobile Documents/com~apple~CloudDocs/Documents/VSCode/Tax-App-Frontend/node_modules/@testing-library/react/dist/pure.js:189:26)
            at render (/Users/ryan/Library/Mobile Documents/com~apple~CloudDocs/Documents/VSCode/Tax-App-Frontend/node_modules/@testing-library/react/dist/pure.js:291:10)
            at Object.<anonymous> (/Users/ryan/Library/Mobile Documents/com~apple~CloudDocs/Documents/VSCode/Tax-App-Frontend/src/app/login/responsive-layout.test.tsx:254:35)
            at Promise.finally.completed (/Users/ryan/Library/Mobile Documents/com~apple~CloudDocs/Documents/VSCode/Tax-App-Frontend/node_modules/jest-circus/build/jestAdapterInit.js:1557:28)
            at new Promise (<anonymous>)
            at callAsyncCircusFn (/Users/ryan/Library/Mobile Documents/com~apple~CloudDocs/Documents/VSCode/Tax-App-Frontend/node_modules/jest-circus/build/jestAdapterInit.js:1497:10)
            at _callCircusTest (/Users/ryan/Library/Mobile Documents/com~apple~CloudDocs/Documents/VSCode/Tax-App-Frontend/node_modules/jest-circus/build/jestAdapterInit.js:1007:40)
            at processTicksAndRejections (node:internal/process/task_queues:95:5)
            at _runTest (/Users/ryan/Library/Mobile Documents/com~apple~CloudDocs/Documents/VSCode/Tax-App-Frontend/node_modules/jest-circus/build/jestAdapterInit.js:947:3)
            at /Users/ryan/Library/Mobile Documents/com~apple~CloudDocs/Documents/VSCode/Tax-App-Frontend/node_modules/jest-circus/build/jestAdapterInit.js:849:7
            at _runTestsForDescribeBlock (/Users/ryan/Library/Mobile Documents/com~apple~CloudDocs/Documents/VSCode/Tax-App-Frontend/node_modules/jest-circus/build/jestAdapterInit.js:862:11)
            at _runTestsForDescribeBlock (/Users/ryan/Library/Mobile Documents/com~apple~CloudDocs/Documents/VSCode/Tax-App-Frontend/node_modules/jest-circus/build/jestAdapterInit.js:857:11)
            at _runTestsForDescribeBlock (/Users/ryan/Library/Mobile Documents/com~apple~CloudDocs/Documents/VSCode/Tax-App-Frontend/node_modules/jest-circus/build/jestAdapterInit.js:857:11)
            at run (/Users/ryan/Library/Mobile Documents/com~apple~CloudDocs/Documents/VSCode/Tax-App-Frontend/node_modules/jest-circus/build/jestAdapterInit.js:761:3)
            at runAndTransformResultsToJestFormat (/Users/ryan/Library/Mobile Documents/com~apple~CloudDocs/Documents/VSCode/Tax-App-Frontend/node_modules/jest-circus/build/jestAdapterInit.js:1918:21)
            at jestAdapter (/Users/ryan/Library/Mobile Documents/com~apple~CloudDocs/Documents/VSCode/Tax-App-Frontend/node_modules/jest-circus/build/runner.js:101:19)
            at runTestInternal (/Users/ryan/Library/Mobile Documents/com~apple~CloudDocs/Documents/VSCode/Tax-App-Frontend/node_modules/jest-runner/build/testWorker.js:275:16)
            at runTest (/Users/ryan/Library/Mobile Documents/com~apple~CloudDocs/Documents/VSCode/Tax-App-Frontend/node_modules/jest-runner/build/testWorker.js:343:7)
            at Object.worker (/Users/ryan/Library/Mobile Documents/com~apple~CloudDocs/Documents/VSCode/Tax-App-Frontend/node_modules/jest-runner/build/testWorker.js:497:12),
        type: 'unhandled exception'
      }

      252 |
      253 |     test('should have proper spacing between form elements for touch targets', () => {
    > 254 |       const { container } = render(<LoginPageClient />);
          |                                   ^
      255 |
      256 |       const form = container.querySelector('form');
      257 |       expect(form).toBeInTheDocument();

      at VirtualConsole.<anonymous> (node_modules/@jest/environment-jsdom-abstract/build/index.js:87:23)
      at reportException (node_modules/jsdom/lib/jsdom/living/helpers/runtime-script-errors.js:70:28)
      at innerInvokeEventListeners (node_modules/jsdom/lib/jsdom/living/events/EventTarget-impl.js:353:9)
      at invokeEventListeners (node_modules/jsdom/lib/jsdom/living/events/EventTarget-impl.js:286:3)
      at HTMLUnknownElementImpl._dispatch (node_modules/jsdom/lib/jsdom/living/events/EventTarget-impl.js:233:9)
      at HTMLUnknownElementImpl.dispatchEvent (node_modules/jsdom/lib/jsdom/living/events/EventTarget-impl.js:104:17)
      at HTMLUnknownElement.dispatchEvent (node_modules/jsdom/lib/jsdom/living/generated/EventTarget.js:241:34)
      at Object.invokeGuardedCallbackDev (node_modules/react-dom/cjs/react-dom.development.js:4213:16)
      at invokeGuardedCallback (node_modules/react-dom/cjs/react-dom.development.js:4277:31)
      at beginWork$1 (node_modules/react-dom/cjs/react-dom.development.js:27490:7)
      at performUnitOfWork (node_modules/react-dom/cjs/react-dom.development.js:26599:12)
      at workLoopSync (node_modules/react-dom/cjs/react-dom.development.js:26505:5)
      at renderRootSync (node_modules/react-dom/cjs/react-dom.development.js:26473:7)
      at recoverFromConcurrentError (node_modules/react-dom/cjs/react-dom.development.js:25889:20)
      at performConcurrentWorkOnRoot (node_modules/react-dom/cjs/react-dom.development.js:25789:22)
      at flushActQueue (node_modules/react/cjs/react.development.js:2667:24)
      at act (node_modules/react/cjs/react.development.js:2582:11)
      at node_modules/@testing-library/react/dist/act-compat.js:46:25
      at renderRoot (node_modules/@testing-library/react/dist/pure.js:189:26)
      at render (node_modules/@testing-library/react/dist/pure.js:291:10)
      at Object.<anonymous> (src/app/login/responsive-layout.test.tsx:254:35)

    console.error
      The above error occurred in the <LoginForm> component:
      
          at className (/Users/ryan/Library/Mobile Documents/com~apple~CloudDocs/Documents/VSCode/Tax-App-Frontend/src/components/LoginForm.tsx:45:29)
          at div
          at children (/Users/ryan/Library/Mobile Documents/com~apple~CloudDocs/Documents/VSCode/Tax-App-Frontend/src/app/login/responsive-layout.test.tsx:62:19)
          at div
          at children (/Users/ryan/Library/Mobile Documents/com~apple~CloudDocs/Documents/VSCode/Tax-App-Frontend/src/app/login/responsive-layout.test.tsx:52:12)
          at div
          at div
          at div
          at children (/Users/ryan/Library/Mobile Documents/com~apple~CloudDocs/Documents/VSCode/Tax-App-Frontend/src/app/login/responsive-layout.test.tsx:47:21)
          at callbackUrl (/Users/ryan/Library/Mobile Documents/com~apple~CloudDocs/Documents/VSCode/Tax-App-Frontend/src/app/login/LoginPageClient.tsx:49:43)
      
      Consider adding an error boundary to your tree to customize error handling behavior.
      Visit https://reactjs.org/link/error-boundaries to learn more about error boundaries.

      252 |
      253 |     test('should have proper spacing between form elements for touch targets', () => {
    > 254 |       const { container } = render(<LoginPageClient />);
          |                                   ^
      255 |
      256 |       const form = container.querySelector('form');
      257 |       expect(form).toBeInTheDocument();

      at logCapturedError (node_modules/react-dom/cjs/react-dom.development.js:18704:23)
      at update.callback (node_modules/react-dom/cjs/react-dom.development.js:18737:5)
      at callCallback (node_modules/react-dom/cjs/react-dom.development.js:15036:12)
      at commitUpdateQueue (node_modules/react-dom/cjs/react-dom.development.js:15057:9)
      at commitLayoutEffectOnFiber (node_modules/react-dom/cjs/react-dom.development.js:23430:13)
      at commitLayoutMountEffects_complete (node_modules/react-dom/cjs/react-dom.development.js:24727:9)
      at commitLayoutEffects_begin (node_modules/react-dom/cjs/react-dom.development.js:24713:7)
      at commitLayoutEffects (node_modules/react-dom/cjs/react-dom.development.js:24651:3)
      at commitRootImpl (node_modules/react-dom/cjs/react-dom.development.js:26862:5)
      at commitRoot (node_modules/react-dom/cjs/react-dom.development.js:26721:5)
      at finishConcurrentRender (node_modules/react-dom/cjs/react-dom.development.js:25931:9)
      at performConcurrentWorkOnRoot (node_modules/react-dom/cjs/react-dom.development.js:25848:7)
      at flushActQueue (node_modules/react/cjs/react.development.js:2667:24)
      at act (node_modules/react/cjs/react.development.js:2582:11)
      at node_modules/@testing-library/react/dist/act-compat.js:46:25
      at renderRoot (node_modules/@testing-library/react/dist/pure.js:189:26)
      at render (node_modules/@testing-library/react/dist/pure.js:291:10)
      at Object.<anonymous> (src/app/login/responsive-layout.test.tsx:254:35)

    console.error
      Error: Uncaught [TypeError: Cannot read properties of undefined (reading 'state')]
          at reportException (/Users/ryan/Library/Mobile Documents/com~apple~CloudDocs/Documents/VSCode/Tax-App-Frontend/node_modules/jsdom/lib/jsdom/living/helpers/runtime-script-errors.js:66:24)
          at innerInvokeEventListeners (/Users/ryan/Library/Mobile Documents/com~apple~CloudDocs/Documents/VSCode/Tax-App-Frontend/node_modules/jsdom/lib/jsdom/living/events/EventTarget-impl.js:353:9)
          at invokeEventListeners (/Users/ryan/Library/Mobile Documents/com~apple~CloudDocs/Documents/VSCode/Tax-App-Frontend/node_modules/jsdom/lib/jsdom/living/events/EventTarget-impl.js:286:3)
          at HTMLUnknownElementImpl._dispatch (/Users/ryan/Library/Mobile Documents/com~apple~CloudDocs/Documents/VSCode/Tax-App-Frontend/node_modules/jsdom/lib/jsdom/living/events/EventTarget-impl.js:233:9)
          at HTMLUnknownElementImpl.dispatchEvent (/Users/ryan/Library/Mobile Documents/com~apple~CloudDocs/Documents/VSCode/Tax-App-Frontend/node_modules/jsdom/lib/jsdom/living/events/EventTarget-impl.js:104:17)
          at HTMLUnknownElement.dispatchEvent (/Users/ryan/Library/Mobile Documents/com~apple~CloudDocs/Documents/VSCode/Tax-App-Frontend/node_modules/jsdom/lib/jsdom/living/generated/EventTarget.js:241:34)
          at Object.invokeGuardedCallbackDev (/Users/ryan/Library/Mobile Documents/com~apple~CloudDocs/Documents/VSCode/Tax-App-Frontend/node_modules/react-dom/cjs/react-dom.development.js:4213:16)
          at invokeGuardedCallback (/Users/ryan/Library/Mobile Documents/com~apple~CloudDocs/Documents/VSCode/Tax-App-Frontend/node_modules/react-dom/cjs/react-dom.development.js:4277:31)
          at beginWork$1 (/Users/ryan/Library/Mobile Documents/com~apple~CloudDocs/Documents/VSCode/Tax-App-Frontend/node_modules/react-dom/cjs/react-dom.development.js:27490:7)
          at performUnitOfWork (/Users/ryan/Library/Mobile Documents/com~apple~CloudDocs/Documents/VSCode/Tax-App-Frontend/node_modules/react-dom/cjs/react-dom.development.js:26599:12)
          at workLoopSync (/Users/ryan/Library/Mobile Documents/com~apple~CloudDocs/Documents/VSCode/Tax-App-Frontend/node_modules/react-dom/cjs/react-dom.development.js:26505:5)
          at renderRootSync (/Users/ryan/Library/Mobile Documents/com~apple~CloudDocs/Documents/VSCode/Tax-App-Frontend/node_modules/react-dom/cjs/react-dom.development.js:26473:7)
          at performConcurrentWorkOnRoot (/Users/ryan/Library/Mobile Documents/com~apple~CloudDocs/Documents/VSCode/Tax-App-Frontend/node_modules/react-dom/cjs/react-dom.development.js:25777:74)
          at flushActQueue (/Users/ryan/Library/Mobile Documents/com~apple~CloudDocs/Documents/VSCode/Tax-App-Frontend/node_modules/react/cjs/react.development.js:2667:24)
          at act (/Users/ryan/Library/Mobile Documents/com~apple~CloudDocs/Documents/VSCode/Tax-App-Frontend/node_modules/react/cjs/react.development.js:2582:11)
          at /Users/ryan/Library/Mobile Documents/com~apple~CloudDocs/Documents/VSCode/Tax-App-Frontend/node_modules/@testing-library/react/dist/act-compat.js:46:25
          at renderRoot (/Users/ryan/Library/Mobile Documents/com~apple~CloudDocs/Documents/VSCode/Tax-App-Frontend/node_modules/@testing-library/react/dist/pure.js:189:26)
          at render (/Users/ryan/Library/Mobile Documents/com~apple~CloudDocs/Documents/VSCode/Tax-App-Frontend/node_modules/@testing-library/react/dist/pure.js:291:10)
          at Object.<anonymous> (/Users/ryan/Library/Mobile Documents/com~apple~CloudDocs/Documents/VSCode/Tax-App-Frontend/src/app/login/responsive-layout.test.tsx:264:13)
          at Promise.finally.completed (/Users/ryan/Library/Mobile Documents/com~apple~CloudDocs/Documents/VSCode/Tax-App-Frontend/node_modules/jest-circus/build/jestAdapterInit.js:1557:28)
          at new Promise (<anonymous>)
          at callAsyncCircusFn (/Users/ryan/Library/Mobile Documents/com~apple~CloudDocs/Documents/VSCode/Tax-App-Frontend/node_modules/jest-circus/build/jestAdapterInit.js:1497:10)
          at _callCircusTest (/Users/ryan/Library/Mobile Documents/com~apple~CloudDocs/Documents/VSCode/Tax-App-Frontend/node_modules/jest-circus/build/jestAdapterInit.js:1007:40)
          at processTicksAndRejections (node:internal/process/task_queues:95:5)
          at _runTest (/Users/ryan/Library/Mobile Documents/com~apple~CloudDocs/Documents/VSCode/Tax-App-Frontend/node_modules/jest-circus/build/jestAdapterInit.js:947:3)
          at /Users/ryan/Library/Mobile Documents/com~apple~CloudDocs/Documents/VSCode/Tax-App-Frontend/node_modules/jest-circus/build/jestAdapterInit.js:849:7
          at _runTestsForDescribeBlock (/Users/ryan/Library/Mobile Documents/com~apple~CloudDocs/Documents/VSCode/Tax-App-Frontend/node_modules/jest-circus/build/jestAdapterInit.js:862:11)
          at _runTestsForDescribeBlock (/Users/ryan/Library/Mobile Documents/com~apple~CloudDocs/Documents/VSCode/Tax-App-Frontend/node_modules/jest-circus/build/jestAdapterInit.js:857:11)
          at _runTestsForDescribeBlock (/Users/ryan/Library/Mobile Documents/com~apple~CloudDocs/Documents/VSCode/Tax-App-Frontend/node_modules/jest-circus/build/jestAdapterInit.js:857:11)
          at run (/Users/ryan/Library/Mobile Documents/com~apple~CloudDocs/Documents/VSCode/Tax-App-Frontend/node_modules/jest-circus/build/jestAdapterInit.js:761:3)
          at runAndTransformResultsToJestFormat (/Users/ryan/Library/Mobile Documents/com~apple~CloudDocs/Documents/VSCode/Tax-App-Frontend/node_modules/jest-circus/build/jestAdapterInit.js:1918:21)
          at jestAdapter (/Users/ryan/Library/Mobile Documents/com~apple~CloudDocs/Documents/VSCode/Tax-App-Frontend/node_modules/jest-circus/build/runner.js:101:19)
          at runTestInternal (/Users/ryan/Library/Mobile Documents/com~apple~CloudDocs/Documents/VSCode/Tax-App-Frontend/node_modules/jest-runner/build/testWorker.js:275:16)
          at runTest (/Users/ryan/Library/Mobile Documents/com~apple~CloudDocs/Documents/VSCode/Tax-App-Frontend/node_modules/jest-runner/build/testWorker.js:343:7)
          at Object.worker (/Users/ryan/Library/Mobile Documents/com~apple~CloudDocs/Documents/VSCode/Tax-App-Frontend/node_modules/jest-runner/build/testWorker.js:497:12) {
        detail: TypeError: Cannot read properties of undefined (reading 'state')
            at state (/Users/ryan/Library/Mobile Documents/com~apple~CloudDocs/Documents/VSCode/Tax-App-Frontend/src/components/LoginForm.tsx:93:15)
            at renderWithHooks (/Users/ryan/Library/Mobile Documents/com~apple~CloudDocs/Documents/VSCode/Tax-App-Frontend/node_modules/react-dom/cjs/react-dom.development.js:15486:18)
            at mountIndeterminateComponent (/Users/ryan/Library/Mobile Documents/com~apple~CloudDocs/Documents/VSCode/Tax-App-Frontend/node_modules/react-dom/cjs/react-dom.development.js:20103:13)
            at beginWork (/Users/ryan/Library/Mobile Documents/com~apple~CloudDocs/Documents/VSCode/Tax-App-Frontend/node_modules/react-dom/cjs/react-dom.development.js:21626:16)
            at HTMLUnknownElement.callCallback (/Users/ryan/Library/Mobile Documents/com~apple~CloudDocs/Documents/VSCode/Tax-App-Frontend/node_modules/react-dom/cjs/react-dom.development.js:4164:14)
            at HTMLUnknownElement.callTheUserObjectsOperation (/Users/ryan/Library/Mobile Documents/com~apple~CloudDocs/Documents/VSCode/Tax-App-Frontend/node_modules/jsdom/lib/jsdom/living/generated/EventListener.js:26:30)
            at innerInvokeEventListeners (/Users/ryan/Library/Mobile Documents/com~apple~CloudDocs/Documents/VSCode/Tax-App-Frontend/node_modules/jsdom/lib/jsdom/living/events/EventTarget-impl.js:350:25)
            at invokeEventListeners (/Users/ryan/Library/Mobile Documents/com~apple~CloudDocs/Documents/VSCode/Tax-App-Frontend/node_modules/jsdom/lib/jsdom/living/events/EventTarget-impl.js:286:3)
            at HTMLUnknownElementImpl._dispatch (/Users/ryan/Library/Mobile Documents/com~apple~CloudDocs/Documents/VSCode/Tax-App-Frontend/node_modules/jsdom/lib/jsdom/living/events/EventTarget-impl.js:233:9)
            at HTMLUnknownElementImpl.dispatchEvent (/Users/ryan/Library/Mobile Documents/com~apple~CloudDocs/Documents/VSCode/Tax-App-Frontend/node_modules/jsdom/lib/jsdom/living/events/EventTarget-impl.js:104:17)
            at HTMLUnknownElement.dispatchEvent (/Users/ryan/Library/Mobile Documents/com~apple~CloudDocs/Documents/VSCode/Tax-App-Frontend/node_modules/jsdom/lib/jsdom/living/generated/EventTarget.js:241:34)
            at Object.invokeGuardedCallbackDev (/Users/ryan/Library/Mobile Documents/com~apple~CloudDocs/Documents/VSCode/Tax-App-Frontend/node_modules/react-dom/cjs/react-dom.development.js:4213:16)
            at invokeGuardedCallback (/Users/ryan/Library/Mobile Documents/com~apple~CloudDocs/Documents/VSCode/Tax-App-Frontend/node_modules/react-dom/cjs/react-dom.development.js:4277:31)
            at beginWork$1 (/Users/ryan/Library/Mobile Documents/com~apple~CloudDocs/Documents/VSCode/Tax-App-Frontend/node_modules/react-dom/cjs/react-dom.development.js:27490:7)
            at performUnitOfWork (/Users/ryan/Library/Mobile Documents/com~apple~CloudDocs/Documents/VSCode/Tax-App-Frontend/node_modules/react-dom/cjs/react-dom.development.js:26599:12)
            at workLoopSync (/Users/ryan/Library/Mobile Documents/com~apple~CloudDocs/Documents/VSCode/Tax-App-Frontend/node_modules/react-dom/cjs/react-dom.development.js:26505:5)
            at renderRootSync (/Users/ryan/Library/Mobile Documents/com~apple~CloudDocs/Documents/VSCode/Tax-App-Frontend/node_modules/react-dom/cjs/react-dom.development.js:26473:7)
            at performConcurrentWorkOnRoot (/Users/ryan/Library/Mobile Documents/com~apple~CloudDocs/Documents/VSCode/Tax-App-Frontend/node_modules/react-dom/cjs/react-dom.development.js:25777:74)
            at flushActQueue (/Users/ryan/Library/Mobile Documents/com~apple~CloudDocs/Documents/VSCode/Tax-App-Frontend/node_modules/react/cjs/react.development.js:2667:24)
            at act (/Users/ryan/Library/Mobile Documents/com~apple~CloudDocs/Documents/VSCode/Tax-App-Frontend/node_modules/react/cjs/react.development.js:2582:11)
            at /Users/ryan/Library/Mobile Documents/com~apple~CloudDocs/Documents/VSCode/Tax-App-Frontend/node_modules/@testing-library/react/dist/act-compat.js:46:25
            at renderRoot (/Users/ryan/Library/Mobile Documents/com~apple~CloudDocs/Documents/VSCode/Tax-App-Frontend/node_modules/@testing-library/react/dist/pure.js:189:26)
            at render (/Users/ryan/Library/Mobile Documents/com~apple~CloudDocs/Documents/VSCode/Tax-App-Frontend/node_modules/@testing-library/react/dist/pure.js:291:10)
            at Object.<anonymous> (/Users/ryan/Library/Mobile Documents/com~apple~CloudDocs/Documents/VSCode/Tax-App-Frontend/src/app/login/responsive-layout.test.tsx:264:13)
            at Promise.finally.completed (/Users/ryan/Library/Mobile Documents/com~apple~CloudDocs/Documents/VSCode/Tax-App-Frontend/node_modules/jest-circus/build/jestAdapterInit.js:1557:28)
            at new Promise (<anonymous>)
            at callAsyncCircusFn (/Users/ryan/Library/Mobile Documents/com~apple~CloudDocs/Documents/VSCode/Tax-App-Frontend/node_modules/jest-circus/build/jestAdapterInit.js:1497:10)
            at _callCircusTest (/Users/ryan/Library/Mobile Documents/com~apple~CloudDocs/Documents/VSCode/Tax-App-Frontend/node_modules/jest-circus/build/jestAdapterInit.js:1007:40)
            at processTicksAndRejections (node:internal/process/task_queues:95:5)
            at _runTest (/Users/ryan/Library/Mobile Documents/com~apple~CloudDocs/Documents/VSCode/Tax-App-Frontend/node_modules/jest-circus/build/jestAdapterInit.js:947:3)
            at /Users/ryan/Library/Mobile Documents/com~apple~CloudDocs/Documents/VSCode/Tax-App-Frontend/node_modules/jest-circus/build/jestAdapterInit.js:849:7
            at _runTestsForDescribeBlock (/Users/ryan/Library/Mobile Documents/com~apple~CloudDocs/Documents/VSCode/Tax-App-Frontend/node_modules/jest-circus/build/jestAdapterInit.js:862:11)
            at _runTestsForDescribeBlock (/Users/ryan/Library/Mobile Documents/com~apple~CloudDocs/Documents/VSCode/Tax-App-Frontend/node_modules/jest-circus/build/jestAdapterInit.js:857:11)
            at _runTestsForDescribeBlock (/Users/ryan/Library/Mobile Documents/com~apple~CloudDocs/Documents/VSCode/Tax-App-Frontend/node_modules/jest-circus/build/jestAdapterInit.js:857:11)
            at run (/Users/ryan/Library/Mobile Documents/com~apple~CloudDocs/Documents/VSCode/Tax-App-Frontend/node_modules/jest-circus/build/jestAdapterInit.js:761:3)
            at runAndTransformResultsToJestFormat (/Users/ryan/Library/Mobile Documents/com~apple~CloudDocs/Documents/VSCode/Tax-App-Frontend/node_modules/jest-circus/build/jestAdapterInit.js:1918:21)
            at jestAdapter (/Users/ryan/Library/Mobile Documents/com~apple~CloudDocs/Documents/VSCode/Tax-App-Frontend/node_modules/jest-circus/build/runner.js:101:19)
            at runTestInternal (/Users/ryan/Library/Mobile Documents/com~apple~CloudDocs/Documents/VSCode/Tax-App-Frontend/node_modules/jest-runner/build/testWorker.js:275:16)
            at runTest (/Users/ryan/Library/Mobile Documents/com~apple~CloudDocs/Documents/VSCode/Tax-App-Frontend/node_modules/jest-runner/build/testWorker.js:343:7)
            at Object.worker (/Users/ryan/Library/Mobile Documents/com~apple~CloudDocs/Documents/VSCode/Tax-App-Frontend/node_modules/jest-runner/build/testWorker.js:497:12),
        type: 'unhandled exception'
      }

      262 |
      263 |     test('should have proper padding in card content for touch targets', () => {
    > 264 |       render(<LoginPageClient />);
          |             ^
      265 |
      266 |       const cardContent = screen.getByTestId('card-content');
      267 |       

      at VirtualConsole.<anonymous> (node_modules/@jest/environment-jsdom-abstract/build/index.js:87:23)
      at reportException (node_modules/jsdom/lib/jsdom/living/helpers/runtime-script-errors.js:70:28)
      at innerInvokeEventListeners (node_modules/jsdom/lib/jsdom/living/events/EventTarget-impl.js:353:9)
      at invokeEventListeners (node_modules/jsdom/lib/jsdom/living/events/EventTarget-impl.js:286:3)
      at HTMLUnknownElementImpl._dispatch (node_modules/jsdom/lib/jsdom/living/events/EventTarget-impl.js:233:9)
      at HTMLUnknownElementImpl.dispatchEvent (node_modules/jsdom/lib/jsdom/living/events/EventTarget-impl.js:104:17)
      at HTMLUnknownElement.dispatchEvent (node_modules/jsdom/lib/jsdom/living/generated/EventTarget.js:241:34)
      at Object.invokeGuardedCallbackDev (node_modules/react-dom/cjs/react-dom.development.js:4213:16)
      at invokeGuardedCallback (node_modules/react-dom/cjs/react-dom.development.js:4277:31)
      at beginWork$1 (node_modules/react-dom/cjs/react-dom.development.js:27490:7)
      at performUnitOfWork (node_modules/react-dom/cjs/react-dom.development.js:26599:12)
      at workLoopSync (node_modules/react-dom/cjs/react-dom.development.js:26505:5)
      at renderRootSync (node_modules/react-dom/cjs/react-dom.development.js:26473:7)
      at performConcurrentWorkOnRoot (node_modules/react-dom/cjs/react-dom.development.js:25777:74)
      at flushActQueue (node_modules/react/cjs/react.development.js:2667:24)
      at act (node_modules/react/cjs/react.development.js:2582:11)
      at node_modules/@testing-library/react/dist/act-compat.js:46:25
      at renderRoot (node_modules/@testing-library/react/dist/pure.js:189:26)
      at render (node_modules/@testing-library/react/dist/pure.js:291:10)
      at Object.<anonymous> (src/app/login/responsive-layout.test.tsx:264:13)

    console.error
      Error: Uncaught [TypeError: Cannot read properties of undefined (reading 'state')]
          at reportException (/Users/ryan/Library/Mobile Documents/com~apple~CloudDocs/Documents/VSCode/Tax-App-Frontend/node_modules/jsdom/lib/jsdom/living/helpers/runtime-script-errors.js:66:24)
          at innerInvokeEventListeners (/Users/ryan/Library/Mobile Documents/com~apple~CloudDocs/Documents/VSCode/Tax-App-Frontend/node_modules/jsdom/lib/jsdom/living/events/EventTarget-impl.js:353:9)
          at invokeEventListeners (/Users/ryan/Library/Mobile Documents/com~apple~CloudDocs/Documents/VSCode/Tax-App-Frontend/node_modules/jsdom/lib/jsdom/living/events/EventTarget-impl.js:286:3)
          at HTMLUnknownElementImpl._dispatch (/Users/ryan/Library/Mobile Documents/com~apple~CloudDocs/Documents/VSCode/Tax-App-Frontend/node_modules/jsdom/lib/jsdom/living/events/EventTarget-impl.js:233:9)
          at HTMLUnknownElementImpl.dispatchEvent (/Users/ryan/Library/Mobile Documents/com~apple~CloudDocs/Documents/VSCode/Tax-App-Frontend/node_modules/jsdom/lib/jsdom/living/events/EventTarget-impl.js:104:17)
          at HTMLUnknownElement.dispatchEvent (/Users/ryan/Library/Mobile Documents/com~apple~CloudDocs/Documents/VSCode/Tax-App-Frontend/node_modules/jsdom/lib/jsdom/living/generated/EventTarget.js:241:34)
          at Object.invokeGuardedCallbackDev (/Users/ryan/Library/Mobile Documents/com~apple~CloudDocs/Documents/VSCode/Tax-App-Frontend/node_modules/react-dom/cjs/react-dom.development.js:4213:16)
          at invokeGuardedCallback (/Users/ryan/Library/Mobile Documents/com~apple~CloudDocs/Documents/VSCode/Tax-App-Frontend/node_modules/react-dom/cjs/react-dom.development.js:4277:31)
          at beginWork$1 (/Users/ryan/Library/Mobile Documents/com~apple~CloudDocs/Documents/VSCode/Tax-App-Frontend/node_modules/react-dom/cjs/react-dom.development.js:27490:7)
          at performUnitOfWork (/Users/ryan/Library/Mobile Documents/com~apple~CloudDocs/Documents/VSCode/Tax-App-Frontend/node_modules/react-dom/cjs/react-dom.development.js:26599:12)
          at workLoopSync (/Users/ryan/Library/Mobile Documents/com~apple~CloudDocs/Documents/VSCode/Tax-App-Frontend/node_modules/react-dom/cjs/react-dom.development.js:26505:5)
          at renderRootSync (/Users/ryan/Library/Mobile Documents/com~apple~CloudDocs/Documents/VSCode/Tax-App-Frontend/node_modules/react-dom/cjs/react-dom.development.js:26473:7)
          at recoverFromConcurrentError (/Users/ryan/Library/Mobile Documents/com~apple~CloudDocs/Documents/VSCode/Tax-App-Frontend/node_modules/react-dom/cjs/react-dom.development.js:25889:20)
          at performConcurrentWorkOnRoot (/Users/ryan/Library/Mobile Documents/com~apple~CloudDocs/Documents/VSCode/Tax-App-Frontend/node_modules/react-dom/cjs/react-dom.development.js:25789:22)
          at flushActQueue (/Users/ryan/Library/Mobile Documents/com~apple~CloudDocs/Documents/VSCode/Tax-App-Frontend/node_modules/react/cjs/react.development.js:2667:24)
          at act (/Users/ryan/Library/Mobile Documents/com~apple~CloudDocs/Documents/VSCode/Tax-App-Frontend/node_modules/react/cjs/react.development.js:2582:11)
          at /Users/ryan/Library/Mobile Documents/com~apple~CloudDocs/Documents/VSCode/Tax-App-Frontend/node_modules/@testing-library/react/dist/act-compat.js:46:25
          at renderRoot (/Users/ryan/Library/Mobile Documents/com~apple~CloudDocs/Documents/VSCode/Tax-App-Frontend/node_modules/@testing-library/react/dist/pure.js:189:26)
          at render (/Users/ryan/Library/Mobile Documents/com~apple~CloudDocs/Documents/VSCode/Tax-App-Frontend/node_modules/@testing-library/react/dist/pure.js:291:10)
          at Object.<anonymous> (/Users/ryan/Library/Mobile Documents/com~apple~CloudDocs/Documents/VSCode/Tax-App-Frontend/src/app/login/responsive-layout.test.tsx:264:13)
          at Promise.finally.completed (/Users/ryan/Library/Mobile Documents/com~apple~CloudDocs/Documents/VSCode/Tax-App-Frontend/node_modules/jest-circus/build/jestAdapterInit.js:1557:28)
          at new Promise (<anonymous>)
          at callAsyncCircusFn (/Users/ryan/Library/Mobile Documents/com~apple~CloudDocs/Documents/VSCode/Tax-App-Frontend/node_modules/jest-circus/build/jestAdapterInit.js:1497:10)
          at _callCircusTest (/Users/ryan/Library/Mobile Documents/com~apple~CloudDocs/Documents/VSCode/Tax-App-Frontend/node_modules/jest-circus/build/jestAdapterInit.js:1007:40)
          at processTicksAndRejections (node:internal/process/task_queues:95:5)
          at _runTest (/Users/ryan/Library/Mobile Documents/com~apple~CloudDocs/Documents/VSCode/Tax-App-Frontend/node_modules/jest-circus/build/jestAdapterInit.js:947:3)
          at /Users/ryan/Library/Mobile Documents/com~apple~CloudDocs/Documents/VSCode/Tax-App-Frontend/node_modules/jest-circus/build/jestAdapterInit.js:849:7
          at _runTestsForDescribeBlock (/Users/ryan/Library/Mobile Documents/com~apple~CloudDocs/Documents/VSCode/Tax-App-Frontend/node_modules/jest-circus/build/jestAdapterInit.js:862:11)
          at _runTestsForDescribeBlock (/Users/ryan/Library/Mobile Documents/com~apple~CloudDocs/Documents/VSCode/Tax-App-Frontend/node_modules/jest-circus/build/jestAdapterInit.js:857:11)
          at _runTestsForDescribeBlock (/Users/ryan/Library/Mobile Documents/com~apple~CloudDocs/Documents/VSCode/Tax-App-Frontend/node_modules/jest-circus/build/jestAdapterInit.js:857:11)
          at run (/Users/ryan/Library/Mobile Documents/com~apple~CloudDocs/Documents/VSCode/Tax-App-Frontend/node_modules/jest-circus/build/jestAdapterInit.js:761:3)
          at runAndTransformResultsToJestFormat (/Users/ryan/Library/Mobile Documents/com~apple~CloudDocs/Documents/VSCode/Tax-App-Frontend/node_modules/jest-circus/build/jestAdapterInit.js:1918:21)
          at jestAdapter (/Users/ryan/Library/Mobile Documents/com~apple~CloudDocs/Documents/VSCode/Tax-App-Frontend/node_modules/jest-circus/build/runner.js:101:19)
          at runTestInternal (/Users/ryan/Library/Mobile Documents/com~apple~CloudDocs/Documents/VSCode/Tax-App-Frontend/node_modules/jest-runner/build/testWorker.js:275:16)
          at runTest (/Users/ryan/Library/Mobile Documents/com~apple~CloudDocs/Documents/VSCode/Tax-App-Frontend/node_modules/jest-runner/build/testWorker.js:343:7)
          at Object.worker (/Users/ryan/Library/Mobile Documents/com~apple~CloudDocs/Documents/VSCode/Tax-App-Frontend/node_modules/jest-runner/build/testWorker.js:497:12) {
        detail: TypeError: Cannot read properties of undefined (reading 'state')
            at state (/Users/ryan/Library/Mobile Documents/com~apple~CloudDocs/Documents/VSCode/Tax-App-Frontend/src/components/LoginForm.tsx:93:15)
            at renderWithHooks (/Users/ryan/Library/Mobile Documents/com~apple~CloudDocs/Documents/VSCode/Tax-App-Frontend/node_modules/react-dom/cjs/react-dom.development.js:15486:18)
            at mountIndeterminateComponent (/Users/ryan/Library/Mobile Documents/com~apple~CloudDocs/Documents/VSCode/Tax-App-Frontend/node_modules/react-dom/cjs/react-dom.development.js:20103:13)
            at beginWork (/Users/ryan/Library/Mobile Documents/com~apple~CloudDocs/Documents/VSCode/Tax-App-Frontend/node_modules/react-dom/cjs/react-dom.development.js:21626:16)
            at HTMLUnknownElement.callCallback (/Users/ryan/Library/Mobile Documents/com~apple~CloudDocs/Documents/VSCode/Tax-App-Frontend/node_modules/react-dom/cjs/react-dom.development.js:4164:14)
            at HTMLUnknownElement.callTheUserObjectsOperation (/Users/ryan/Library/Mobile Documents/com~apple~CloudDocs/Documents/VSCode/Tax-App-Frontend/node_modules/jsdom/lib/jsdom/living/generated/EventListener.js:26:30)
            at innerInvokeEventListeners (/Users/ryan/Library/Mobile Documents/com~apple~CloudDocs/Documents/VSCode/Tax-App-Frontend/node_modules/jsdom/lib/jsdom/living/events/EventTarget-impl.js:350:25)
            at invokeEventListeners (/Users/ryan/Library/Mobile Documents/com~apple~CloudDocs/Documents/VSCode/Tax-App-Frontend/node_modules/jsdom/lib/jsdom/living/events/EventTarget-impl.js:286:3)
            at HTMLUnknownElementImpl._dispatch (/Users/ryan/Library/Mobile Documents/com~apple~CloudDocs/Documents/VSCode/Tax-App-Frontend/node_modules/jsdom/lib/jsdom/living/events/EventTarget-impl.js:233:9)
            at HTMLUnknownElementImpl.dispatchEvent (/Users/ryan/Library/Mobile Documents/com~apple~CloudDocs/Documents/VSCode/Tax-App-Frontend/node_modules/jsdom/lib/jsdom/living/events/EventTarget-impl.js:104:17)
            at HTMLUnknownElement.dispatchEvent (/Users/ryan/Library/Mobile Documents/com~apple~CloudDocs/Documents/VSCode/Tax-App-Frontend/node_modules/jsdom/lib/jsdom/living/generated/EventTarget.js:241:34)
            at Object.invokeGuardedCallbackDev (/Users/ryan/Library/Mobile Documents/com~apple~CloudDocs/Documents/VSCode/Tax-App-Frontend/node_modules/react-dom/cjs/react-dom.development.js:4213:16)
            at invokeGuardedCallback (/Users/ryan/Library/Mobile Documents/com~apple~CloudDocs/Documents/VSCode/Tax-App-Frontend/node_modules/react-dom/cjs/react-dom.development.js:4277:31)
            at beginWork$1 (/Users/ryan/Library/Mobile Documents/com~apple~CloudDocs/Documents/VSCode/Tax-App-Frontend/node_modules/react-dom/cjs/react-dom.development.js:27490:7)
            at performUnitOfWork (/Users/ryan/Library/Mobile Documents/com~apple~CloudDocs/Documents/VSCode/Tax-App-Frontend/node_modules/react-dom/cjs/react-dom.development.js:26599:12)
            at workLoopSync (/Users/ryan/Library/Mobile Documents/com~apple~CloudDocs/Documents/VSCode/Tax-App-Frontend/node_modules/react-dom/cjs/react-dom.development.js:26505:5)
            at renderRootSync (/Users/ryan/Library/Mobile Documents/com~apple~CloudDocs/Documents/VSCode/Tax-App-Frontend/node_modules/react-dom/cjs/react-dom.development.js:26473:7)
            at recoverFromConcurrentError (/Users/ryan/Library/Mobile Documents/com~apple~CloudDocs/Documents/VSCode/Tax-App-Frontend/node_modules/react-dom/cjs/react-dom.development.js:25889:20)
            at performConcurrentWorkOnRoot (/Users/ryan/Library/Mobile Documents/com~apple~CloudDocs/Documents/VSCode/Tax-App-Frontend/node_modules/react-dom/cjs/react-dom.development.js:25789:22)
            at flushActQueue (/Users/ryan/Library/Mobile Documents/com~apple~CloudDocs/Documents/VSCode/Tax-App-Frontend/node_modules/react/cjs/react.development.js:2667:24)
            at act (/Users/ryan/Library/Mobile Documents/com~apple~CloudDocs/Documents/VSCode/Tax-App-Frontend/node_modules/react/cjs/react.development.js:2582:11)
            at /Users/ryan/Library/Mobile Documents/com~apple~CloudDocs/Documents/VSCode/Tax-App-Frontend/node_modules/@testing-library/react/dist/act-compat.js:46:25
            at renderRoot (/Users/ryan/Library/Mobile Documents/com~apple~CloudDocs/Documents/VSCode/Tax-App-Frontend/node_modules/@testing-library/react/dist/pure.js:189:26)
            at render (/Users/ryan/Library/Mobile Documents/com~apple~CloudDocs/Documents/VSCode/Tax-App-Frontend/node_modules/@testing-library/react/dist/pure.js:291:10)
            at Object.<anonymous> (/Users/ryan/Library/Mobile Documents/com~apple~CloudDocs/Documents/VSCode/Tax-App-Frontend/src/app/login/responsive-layout.test.tsx:264:13)
            at Promise.finally.completed (/Users/ryan/Library/Mobile Documents/com~apple~CloudDocs/Documents/VSCode/Tax-App-Frontend/node_modules/jest-circus/build/jestAdapterInit.js:1557:28)
            at new Promise (<anonymous>)
            at callAsyncCircusFn (/Users/ryan/Library/Mobile Documents/com~apple~CloudDocs/Documents/VSCode/Tax-App-Frontend/node_modules/jest-circus/build/jestAdapterInit.js:1497:10)
            at _callCircusTest (/Users/ryan/Library/Mobile Documents/com~apple~CloudDocs/Documents/VSCode/Tax-App-Frontend/node_modules/jest-circus/build/jestAdapterInit.js:1007:40)
            at processTicksAndRejections (node:internal/process/task_queues:95:5)
            at _runTest (/Users/ryan/Library/Mobile Documents/com~apple~CloudDocs/Documents/VSCode/Tax-App-Frontend/node_modules/jest-circus/build/jestAdapterInit.js:947:3)
            at /Users/ryan/Library/Mobile Documents/com~apple~CloudDocs/Documents/VSCode/Tax-App-Frontend/node_modules/jest-circus/build/jestAdapterInit.js:849:7
            at _runTestsForDescribeBlock (/Users/ryan/Library/Mobile Documents/com~apple~CloudDocs/Documents/VSCode/Tax-App-Frontend/node_modules/jest-circus/build/jestAdapterInit.js:862:11)
            at _runTestsForDescribeBlock (/Users/ryan/Library/Mobile Documents/com~apple~CloudDocs/Documents/VSCode/Tax-App-Frontend/node_modules/jest-circus/build/jestAdapterInit.js:857:11)
            at _runTestsForDescribeBlock (/Users/ryan/Library/Mobile Documents/com~apple~CloudDocs/Documents/VSCode/Tax-App-Frontend/node_modules/jest-circus/build/jestAdapterInit.js:857:11)
            at run (/Users/ryan/Library/Mobile Documents/com~apple~CloudDocs/Documents/VSCode/Tax-App-Frontend/node_modules/jest-circus/build/jestAdapterInit.js:761:3)
            at runAndTransformResultsToJestFormat (/Users/ryan/Library/Mobile Documents/com~apple~CloudDocs/Documents/VSCode/Tax-App-Frontend/node_modules/jest-circus/build/jestAdapterInit.js:1918:21)
            at jestAdapter (/Users/ryan/Library/Mobile Documents/com~apple~CloudDocs/Documents/VSCode/Tax-App-Frontend/node_modules/jest-circus/build/runner.js:101:19)
            at runTestInternal (/Users/ryan/Library/Mobile Documents/com~apple~CloudDocs/Documents/VSCode/Tax-App-Frontend/node_modules/jest-runner/build/testWorker.js:275:16)
            at runTest (/Users/ryan/Library/Mobile Documents/com~apple~CloudDocs/Documents/VSCode/Tax-App-Frontend/node_modules/jest-runner/build/testWorker.js:343:7)
            at Object.worker (/Users/ryan/Library/Mobile Documents/com~apple~CloudDocs/Documents/VSCode/Tax-App-Frontend/node_modules/jest-runner/build/testWorker.js:497:12),
        type: 'unhandled exception'
      }

      262 |
      263 |     test('should have proper padding in card content for touch targets', () => {
    > 264 |       render(<LoginPageClient />);
          |             ^
      265 |
      266 |       const cardContent = screen.getByTestId('card-content');
      267 |       

      at VirtualConsole.<anonymous> (node_modules/@jest/environment-jsdom-abstract/build/index.js:87:23)
      at reportException (node_modules/jsdom/lib/jsdom/living/helpers/runtime-script-errors.js:70:28)
      at innerInvokeEventListeners (node_modules/jsdom/lib/jsdom/living/events/EventTarget-impl.js:353:9)
      at invokeEventListeners (node_modules/jsdom/lib/jsdom/living/events/EventTarget-impl.js:286:3)
      at HTMLUnknownElementImpl._dispatch (node_modules/jsdom/lib/jsdom/living/events/EventTarget-impl.js:233:9)
      at HTMLUnknownElementImpl.dispatchEvent (node_modules/jsdom/lib/jsdom/living/events/EventTarget-impl.js:104:17)
      at HTMLUnknownElement.dispatchEvent (node_modules/jsdom/lib/jsdom/living/generated/EventTarget.js:241:34)
      at Object.invokeGuardedCallbackDev (node_modules/react-dom/cjs/react-dom.development.js:4213:16)
      at invokeGuardedCallback (node_modules/react-dom/cjs/react-dom.development.js:4277:31)
      at beginWork$1 (node_modules/react-dom/cjs/react-dom.development.js:27490:7)
      at performUnitOfWork (node_modules/react-dom/cjs/react-dom.development.js:26599:12)
      at workLoopSync (node_modules/react-dom/cjs/react-dom.development.js:26505:5)
      at renderRootSync (node_modules/react-dom/cjs/react-dom.development.js:26473:7)
      at recoverFromConcurrentError (node_modules/react-dom/cjs/react-dom.development.js:25889:20)
      at performConcurrentWorkOnRoot (node_modules/react-dom/cjs/react-dom.development.js:25789:22)
      at flushActQueue (node_modules/react/cjs/react.development.js:2667:24)
      at act (node_modules/react/cjs/react.development.js:2582:11)
      at node_modules/@testing-library/react/dist/act-compat.js:46:25
      at renderRoot (node_modules/@testing-library/react/dist/pure.js:189:26)
      at render (node_modules/@testing-library/react/dist/pure.js:291:10)
      at Object.<anonymous> (src/app/login/responsive-layout.test.tsx:264:13)

    console.error
      The above error occurred in the <LoginForm> component:
      
          at className (/Users/ryan/Library/Mobile Documents/com~apple~CloudDocs/Documents/VSCode/Tax-App-Frontend/src/components/LoginForm.tsx:45:29)
          at div
          at children (/Users/ryan/Library/Mobile Documents/com~apple~CloudDocs/Documents/VSCode/Tax-App-Frontend/src/app/login/responsive-layout.test.tsx:62:19)
          at div
          at children (/Users/ryan/Library/Mobile Documents/com~apple~CloudDocs/Documents/VSCode/Tax-App-Frontend/src/app/login/responsive-layout.test.tsx:52:12)
          at div
          at div
          at div
          at children (/Users/ryan/Library/Mobile Documents/com~apple~CloudDocs/Documents/VSCode/Tax-App-Frontend/src/app/login/responsive-layout.test.tsx:47:21)
          at callbackUrl (/Users/ryan/Library/Mobile Documents/com~apple~CloudDocs/Documents/VSCode/Tax-App-Frontend/src/app/login/LoginPageClient.tsx:49:43)
      
      Consider adding an error boundary to your tree to customize error handling behavior.
      Visit https://reactjs.org/link/error-boundaries to learn more about error boundaries.

      262 |
      263 |     test('should have proper padding in card content for touch targets', () => {
    > 264 |       render(<LoginPageClient />);
          |             ^
      265 |
      266 |       const cardContent = screen.getByTestId('card-content');
      267 |       

      at logCapturedError (node_modules/react-dom/cjs/react-dom.development.js:18704:23)
      at update.callback (node_modules/react-dom/cjs/react-dom.development.js:18737:5)
      at callCallback (node_modules/react-dom/cjs/react-dom.development.js:15036:12)
      at commitUpdateQueue (node_modules/react-dom/cjs/react-dom.development.js:15057:9)
      at commitLayoutEffectOnFiber (node_modules/react-dom/cjs/react-dom.development.js:23430:13)
      at commitLayoutMountEffects_complete (node_modules/react-dom/cjs/react-dom.development.js:24727:9)
      at commitLayoutEffects_begin (node_modules/react-dom/cjs/react-dom.development.js:24713:7)
      at commitLayoutEffects (node_modules/react-dom/cjs/react-dom.development.js:24651:3)
      at commitRootImpl (node_modules/react-dom/cjs/react-dom.development.js:26862:5)
      at commitRoot (node_modules/react-dom/cjs/react-dom.development.js:26721:5)
      at finishConcurrentRender (node_modules/react-dom/cjs/react-dom.development.js:25931:9)
      at performConcurrentWorkOnRoot (node_modules/react-dom/cjs/react-dom.development.js:25848:7)
      at flushActQueue (node_modules/react/cjs/react.development.js:2667:24)
      at act (node_modules/react/cjs/react.development.js:2582:11)
      at node_modules/@testing-library/react/dist/act-compat.js:46:25
      at renderRoot (node_modules/@testing-library/react/dist/pure.js:189:26)
      at render (node_modules/@testing-library/react/dist/pure.js:291:10)
      at Object.<anonymous> (src/app/login/responsive-layout.test.tsx:264:13)

    console.error
      Error: Uncaught [TypeError: Cannot read properties of undefined (reading 'state')]
          at reportException (/Users/ryan/Library/Mobile Documents/com~apple~CloudDocs/Documents/VSCode/Tax-App-Frontend/node_modules/jsdom/lib/jsdom/living/helpers/runtime-script-errors.js:66:24)
          at innerInvokeEventListeners (/Users/ryan/Library/Mobile Documents/com~apple~CloudDocs/Documents/VSCode/Tax-App-Frontend/node_modules/jsdom/lib/jsdom/living/events/EventTarget-impl.js:353:9)
          at invokeEventListeners (/Users/ryan/Library/Mobile Documents/com~apple~CloudDocs/Documents/VSCode/Tax-App-Frontend/node_modules/jsdom/lib/jsdom/living/events/EventTarget-impl.js:286:3)
          at HTMLUnknownElementImpl._dispatch (/Users/ryan/Library/Mobile Documents/com~apple~CloudDocs/Documents/VSCode/Tax-App-Frontend/node_modules/jsdom/lib/jsdom/living/events/EventTarget-impl.js:233:9)
          at HTMLUnknownElementImpl.dispatchEvent (/Users/ryan/Library/Mobile Documents/com~apple~CloudDocs/Documents/VSCode/Tax-App-Frontend/node_modules/jsdom/lib/jsdom/living/events/EventTarget-impl.js:104:17)
          at HTMLUnknownElement.dispatchEvent (/Users/ryan/Library/Mobile Documents/com~apple~CloudDocs/Documents/VSCode/Tax-App-Frontend/node_modules/jsdom/lib/jsdom/living/generated/EventTarget.js:241:34)
          at Object.invokeGuardedCallbackDev (/Users/ryan/Library/Mobile Documents/com~apple~CloudDocs/Documents/VSCode/Tax-App-Frontend/node_modules/react-dom/cjs/react-dom.development.js:4213:16)
          at invokeGuardedCallback (/Users/ryan/Library/Mobile Documents/com~apple~CloudDocs/Documents/VSCode/Tax-App-Frontend/node_modules/react-dom/cjs/react-dom.development.js:4277:31)
          at beginWork$1 (/Users/ryan/Library/Mobile Documents/com~apple~CloudDocs/Documents/VSCode/Tax-App-Frontend/node_modules/react-dom/cjs/react-dom.development.js:27490:7)
          at performUnitOfWork (/Users/ryan/Library/Mobile Documents/com~apple~CloudDocs/Documents/VSCode/Tax-App-Frontend/node_modules/react-dom/cjs/react-dom.development.js:26599:12)
          at workLoopSync (/Users/ryan/Library/Mobile Documents/com~apple~CloudDocs/Documents/VSCode/Tax-App-Frontend/node_modules/react-dom/cjs/react-dom.development.js:26505:5)
          at renderRootSync (/Users/ryan/Library/Mobile Documents/com~apple~CloudDocs/Documents/VSCode/Tax-App-Frontend/node_modules/react-dom/cjs/react-dom.development.js:26473:7)
          at performConcurrentWorkOnRoot (/Users/ryan/Library/Mobile Documents/com~apple~CloudDocs/Documents/VSCode/Tax-App-Frontend/node_modules/react-dom/cjs/react-dom.development.js:25777:74)
          at flushActQueue (/Users/ryan/Library/Mobile Documents/com~apple~CloudDocs/Documents/VSCode/Tax-App-Frontend/node_modules/react/cjs/react.development.js:2667:24)
          at act (/Users/ryan/Library/Mobile Documents/com~apple~CloudDocs/Documents/VSCode/Tax-App-Frontend/node_modules/react/cjs/react.development.js:2582:11)
          at /Users/ryan/Library/Mobile Documents/com~apple~CloudDocs/Documents/VSCode/Tax-App-Frontend/node_modules/@testing-library/react/dist/act-compat.js:46:25
          at renderRoot (/Users/ryan/Library/Mobile Documents/com~apple~CloudDocs/Documents/VSCode/Tax-App-Frontend/node_modules/@testing-library/react/dist/pure.js:189:26)
          at render (/Users/ryan/Library/Mobile Documents/com~apple~CloudDocs/Documents/VSCode/Tax-App-Frontend/node_modules/@testing-library/react/dist/pure.js:291:10)
          at Object.<anonymous> (/Users/ryan/Library/Mobile Documents/com~apple~CloudDocs/Documents/VSCode/Tax-App-Frontend/src/app/login/responsive-layout.test.tsx:273:13)
          at Promise.finally.completed (/Users/ryan/Library/Mobile Documents/com~apple~CloudDocs/Documents/VSCode/Tax-App-Frontend/node_modules/jest-circus/build/jestAdapterInit.js:1557:28)
          at new Promise (<anonymous>)
          at callAsyncCircusFn (/Users/ryan/Library/Mobile Documents/com~apple~CloudDocs/Documents/VSCode/Tax-App-Frontend/node_modules/jest-circus/build/jestAdapterInit.js:1497:10)
          at _callCircusTest (/Users/ryan/Library/Mobile Documents/com~apple~CloudDocs/Documents/VSCode/Tax-App-Frontend/node_modules/jest-circus/build/jestAdapterInit.js:1007:40)
          at processTicksAndRejections (node:internal/process/task_queues:95:5)
          at _runTest (/Users/ryan/Library/Mobile Documents/com~apple~CloudDocs/Documents/VSCode/Tax-App-Frontend/node_modules/jest-circus/build/jestAdapterInit.js:947:3)
          at /Users/ryan/Library/Mobile Documents/com~apple~CloudDocs/Documents/VSCode/Tax-App-Frontend/node_modules/jest-circus/build/jestAdapterInit.js:849:7
          at _runTestsForDescribeBlock (/Users/ryan/Library/Mobile Documents/com~apple~CloudDocs/Documents/VSCode/Tax-App-Frontend/node_modules/jest-circus/build/jestAdapterInit.js:862:11)
          at _runTestsForDescribeBlock (/Users/ryan/Library/Mobile Documents/com~apple~CloudDocs/Documents/VSCode/Tax-App-Frontend/node_modules/jest-circus/build/jestAdapterInit.js:857:11)
          at _runTestsForDescribeBlock (/Users/ryan/Library/Mobile Documents/com~apple~CloudDocs/Documents/VSCode/Tax-App-Frontend/node_modules/jest-circus/build/jestAdapterInit.js:857:11)
          at run (/Users/ryan/Library/Mobile Documents/com~apple~CloudDocs/Documents/VSCode/Tax-App-Frontend/node_modules/jest-circus/build/jestAdapterInit.js:761:3)
          at runAndTransformResultsToJestFormat (/Users/ryan/Library/Mobile Documents/com~apple~CloudDocs/Documents/VSCode/Tax-App-Frontend/node_modules/jest-circus/build/jestAdapterInit.js:1918:21)
          at jestAdapter (/Users/ryan/Library/Mobile Documents/com~apple~CloudDocs/Documents/VSCode/Tax-App-Frontend/node_modules/jest-circus/build/runner.js:101:19)
          at runTestInternal (/Users/ryan/Library/Mobile Documents/com~apple~CloudDocs/Documents/VSCode/Tax-App-Frontend/node_modules/jest-runner/build/testWorker.js:275:16)
          at runTest (/Users/ryan/Library/Mobile Documents/com~apple~CloudDocs/Documents/VSCode/Tax-App-Frontend/node_modules/jest-runner/build/testWorker.js:343:7)
          at Object.worker (/Users/ryan/Library/Mobile Documents/com~apple~CloudDocs/Documents/VSCode/Tax-App-Frontend/node_modules/jest-runner/build/testWorker.js:497:12) {
        detail: TypeError: Cannot read properties of undefined (reading 'state')
            at state (/Users/ryan/Library/Mobile Documents/com~apple~CloudDocs/Documents/VSCode/Tax-App-Frontend/src/components/LoginForm.tsx:93:15)
            at renderWithHooks (/Users/ryan/Library/Mobile Documents/com~apple~CloudDocs/Documents/VSCode/Tax-App-Frontend/node_modules/react-dom/cjs/react-dom.development.js:15486:18)
            at mountIndeterminateComponent (/Users/ryan/Library/Mobile Documents/com~apple~CloudDocs/Documents/VSCode/Tax-App-Frontend/node_modules/react-dom/cjs/react-dom.development.js:20103:13)
            at beginWork (/Users/ryan/Library/Mobile Documents/com~apple~CloudDocs/Documents/VSCode/Tax-App-Frontend/node_modules/react-dom/cjs/react-dom.development.js:21626:16)
            at HTMLUnknownElement.callCallback (/Users/ryan/Library/Mobile Documents/com~apple~CloudDocs/Documents/VSCode/Tax-App-Frontend/node_modules/react-dom/cjs/react-dom.development.js:4164:14)
            at HTMLUnknownElement.callTheUserObjectsOperation (/Users/ryan/Library/Mobile Documents/com~apple~CloudDocs/Documents/VSCode/Tax-App-Frontend/node_modules/jsdom/lib/jsdom/living/generated/EventListener.js:26:30)
            at innerInvokeEventListeners (/Users/ryan/Library/Mobile Documents/com~apple~CloudDocs/Documents/VSCode/Tax-App-Frontend/node_modules/jsdom/lib/jsdom/living/events/EventTarget-impl.js:350:25)
            at invokeEventListeners (/Users/ryan/Library/Mobile Documents/com~apple~CloudDocs/Documents/VSCode/Tax-App-Frontend/node_modules/jsdom/lib/jsdom/living/events/EventTarget-impl.js:286:3)
            at HTMLUnknownElementImpl._dispatch (/Users/ryan/Library/Mobile Documents/com~apple~CloudDocs/Documents/VSCode/Tax-App-Frontend/node_modules/jsdom/lib/jsdom/living/events/EventTarget-impl.js:233:9)
            at HTMLUnknownElementImpl.dispatchEvent (/Users/ryan/Library/Mobile Documents/com~apple~CloudDocs/Documents/VSCode/Tax-App-Frontend/node_modules/jsdom/lib/jsdom/living/events/EventTarget-impl.js:104:17)
            at HTMLUnknownElement.dispatchEvent (/Users/ryan/Library/Mobile Documents/com~apple~CloudDocs/Documents/VSCode/Tax-App-Frontend/node_modules/jsdom/lib/jsdom/living/generated/EventTarget.js:241:34)
            at Object.invokeGuardedCallbackDev (/Users/ryan/Library/Mobile Documents/com~apple~CloudDocs/Documents/VSCode/Tax-App-Frontend/node_modules/react-dom/cjs/react-dom.development.js:4213:16)
            at invokeGuardedCallback (/Users/ryan/Library/Mobile Documents/com~apple~CloudDocs/Documents/VSCode/Tax-App-Frontend/node_modules/react-dom/cjs/react-dom.development.js:4277:31)
            at beginWork$1 (/Users/ryan/Library/Mobile Documents/com~apple~CloudDocs/Documents/VSCode/Tax-App-Frontend/node_modules/react-dom/cjs/react-dom.development.js:27490:7)
            at performUnitOfWork (/Users/ryan/Library/Mobile Documents/com~apple~CloudDocs/Documents/VSCode/Tax-App-Frontend/node_modules/react-dom/cjs/react-dom.development.js:26599:12)
            at workLoopSync (/Users/ryan/Library/Mobile Documents/com~apple~CloudDocs/Documents/VSCode/Tax-App-Frontend/node_modules/react-dom/cjs/react-dom.development.js:26505:5)
            at renderRootSync (/Users/ryan/Library/Mobile Documents/com~apple~CloudDocs/Documents/VSCode/Tax-App-Frontend/node_modules/react-dom/cjs/react-dom.development.js:26473:7)
            at performConcurrentWorkOnRoot (/Users/ryan/Library/Mobile Documents/com~apple~CloudDocs/Documents/VSCode/Tax-App-Frontend/node_modules/react-dom/cjs/react-dom.development.js:25777:74)
            at flushActQueue (/Users/ryan/Library/Mobile Documents/com~apple~CloudDocs/Documents/VSCode/Tax-App-Frontend/node_modules/react/cjs/react.development.js:2667:24)
            at act (/Users/ryan/Library/Mobile Documents/com~apple~CloudDocs/Documents/VSCode/Tax-App-Frontend/node_modules/react/cjs/react.development.js:2582:11)
            at /Users/ryan/Library/Mobile Documents/com~apple~CloudDocs/Documents/VSCode/Tax-App-Frontend/node_modules/@testing-library/react/dist/act-compat.js:46:25
            at renderRoot (/Users/ryan/Library/Mobile Documents/com~apple~CloudDocs/Documents/VSCode/Tax-App-Frontend/node_modules/@testing-library/react/dist/pure.js:189:26)
            at render (/Users/ryan/Library/Mobile Documents/com~apple~CloudDocs/Documents/VSCode/Tax-App-Frontend/node_modules/@testing-library/react/dist/pure.js:291:10)
            at Object.<anonymous> (/Users/ryan/Library/Mobile Documents/com~apple~CloudDocs/Documents/VSCode/Tax-App-Frontend/src/app/login/responsive-layout.test.tsx:273:13)
            at Promise.finally.completed (/Users/ryan/Library/Mobile Documents/com~apple~CloudDocs/Documents/VSCode/Tax-App-Frontend/node_modules/jest-circus/build/jestAdapterInit.js:1557:28)
            at new Promise (<anonymous>)
            at callAsyncCircusFn (/Users/ryan/Library/Mobile Documents/com~apple~CloudDocs/Documents/VSCode/Tax-App-Frontend/node_modules/jest-circus/build/jestAdapterInit.js:1497:10)
            at _callCircusTest (/Users/ryan/Library/Mobile Documents/com~apple~CloudDocs/Documents/VSCode/Tax-App-Frontend/node_modules/jest-circus/build/jestAdapterInit.js:1007:40)
            at processTicksAndRejections (node:internal/process/task_queues:95:5)
            at _runTest (/Users/ryan/Library/Mobile Documents/com~apple~CloudDocs/Documents/VSCode/Tax-App-Frontend/node_modules/jest-circus/build/jestAdapterInit.js:947:3)
            at /Users/ryan/Library/Mobile Documents/com~apple~CloudDocs/Documents/VSCode/Tax-App-Frontend/node_modules/jest-circus/build/jestAdapterInit.js:849:7
            at _runTestsForDescribeBlock (/Users/ryan/Library/Mobile Documents/com~apple~CloudDocs/Documents/VSCode/Tax-App-Frontend/node_modules/jest-circus/build/jestAdapterInit.js:862:11)
            at _runTestsForDescribeBlock (/Users/ryan/Library/Mobile Documents/com~apple~CloudDocs/Documents/VSCode/Tax-App-Frontend/node_modules/jest-circus/build/jestAdapterInit.js:857:11)
            at _runTestsForDescribeBlock (/Users/ryan/Library/Mobile Documents/com~apple~CloudDocs/Documents/VSCode/Tax-App-Frontend/node_modules/jest-circus/build/jestAdapterInit.js:857:11)
            at run (/Users/ryan/Library/Mobile Documents/com~apple~CloudDocs/Documents/VSCode/Tax-App-Frontend/node_modules/jest-circus/build/jestAdapterInit.js:761:3)
            at runAndTransformResultsToJestFormat (/Users/ryan/Library/Mobile Documents/com~apple~CloudDocs/Documents/VSCode/Tax-App-Frontend/node_modules/jest-circus/build/jestAdapterInit.js:1918:21)
            at jestAdapter (/Users/ryan/Library/Mobile Documents/com~apple~CloudDocs/Documents/VSCode/Tax-App-Frontend/node_modules/jest-circus/build/runner.js:101:19)
            at runTestInternal (/Users/ryan/Library/Mobile Documents/com~apple~CloudDocs/Documents/VSCode/Tax-App-Frontend/node_modules/jest-runner/build/testWorker.js:275:16)
            at runTest (/Users/ryan/Library/Mobile Documents/com~apple~CloudDocs/Documents/VSCode/Tax-App-Frontend/node_modules/jest-runner/build/testWorker.js:343:7)
            at Object.worker (/Users/ryan/Library/Mobile Documents/com~apple~CloudDocs/Documents/VSCode/Tax-App-Frontend/node_modules/jest-runner/build/testWorker.js:497:12),
        type: 'unhandled exception'
      }

      271 |
      272 |     test('should have proper spacing in card header', () => {
    > 273 |       render(<LoginPageClient />);
          |             ^
      274 |
      275 |       const cardHeader = screen.getByTestId('card-header');
      276 |       

      at VirtualConsole.<anonymous> (node_modules/@jest/environment-jsdom-abstract/build/index.js:87:23)
      at reportException (node_modules/jsdom/lib/jsdom/living/helpers/runtime-script-errors.js:70:28)
      at innerInvokeEventListeners (node_modules/jsdom/lib/jsdom/living/events/EventTarget-impl.js:353:9)
      at invokeEventListeners (node_modules/jsdom/lib/jsdom/living/events/EventTarget-impl.js:286:3)
      at HTMLUnknownElementImpl._dispatch (node_modules/jsdom/lib/jsdom/living/events/EventTarget-impl.js:233:9)
      at HTMLUnknownElementImpl.dispatchEvent (node_modules/jsdom/lib/jsdom/living/events/EventTarget-impl.js:104:17)
      at HTMLUnknownElement.dispatchEvent (node_modules/jsdom/lib/jsdom/living/generated/EventTarget.js:241:34)
      at Object.invokeGuardedCallbackDev (node_modules/react-dom/cjs/react-dom.development.js:4213:16)
      at invokeGuardedCallback (node_modules/react-dom/cjs/react-dom.development.js:4277:31)
      at beginWork$1 (node_modules/react-dom/cjs/react-dom.development.js:27490:7)
      at performUnitOfWork (node_modules/react-dom/cjs/react-dom.development.js:26599:12)
      at workLoopSync (node_modules/react-dom/cjs/react-dom.development.js:26505:5)
      at renderRootSync (node_modules/react-dom/cjs/react-dom.development.js:26473:7)
      at performConcurrentWorkOnRoot (node_modules/react-dom/cjs/react-dom.development.js:25777:74)
      at flushActQueue (node_modules/react/cjs/react.development.js:2667:24)
      at act (node_modules/react/cjs/react.development.js:2582:11)
      at node_modules/@testing-library/react/dist/act-compat.js:46:25
      at renderRoot (node_modules/@testing-library/react/dist/pure.js:189:26)
      at render (node_modules/@testing-library/react/dist/pure.js:291:10)
      at Object.<anonymous> (src/app/login/responsive-layout.test.tsx:273:13)

    console.error
      Error: Uncaught [TypeError: Cannot read properties of undefined (reading 'state')]
          at reportException (/Users/ryan/Library/Mobile Documents/com~apple~CloudDocs/Documents/VSCode/Tax-App-Frontend/node_modules/jsdom/lib/jsdom/living/helpers/runtime-script-errors.js:66:24)
          at innerInvokeEventListeners (/Users/ryan/Library/Mobile Documents/com~apple~CloudDocs/Documents/VSCode/Tax-App-Frontend/node_modules/jsdom/lib/jsdom/living/events/EventTarget-impl.js:353:9)
          at invokeEventListeners (/Users/ryan/Library/Mobile Documents/com~apple~CloudDocs/Documents/VSCode/Tax-App-Frontend/node_modules/jsdom/lib/jsdom/living/events/EventTarget-impl.js:286:3)
          at HTMLUnknownElementImpl._dispatch (/Users/ryan/Library/Mobile Documents/com~apple~CloudDocs/Documents/VSCode/Tax-App-Frontend/node_modules/jsdom/lib/jsdom/living/events/EventTarget-impl.js:233:9)
          at HTMLUnknownElementImpl.dispatchEvent (/Users/ryan/Library/Mobile Documents/com~apple~CloudDocs/Documents/VSCode/Tax-App-Frontend/node_modules/jsdom/lib/jsdom/living/events/EventTarget-impl.js:104:17)
          at HTMLUnknownElement.dispatchEvent (/Users/ryan/Library/Mobile Documents/com~apple~CloudDocs/Documents/VSCode/Tax-App-Frontend/node_modules/jsdom/lib/jsdom/living/generated/EventTarget.js:241:34)
          at Object.invokeGuardedCallbackDev (/Users/ryan/Library/Mobile Documents/com~apple~CloudDocs/Documents/VSCode/Tax-App-Frontend/node_modules/react-dom/cjs/react-dom.development.js:4213:16)
          at invokeGuardedCallback (/Users/ryan/Library/Mobile Documents/com~apple~CloudDocs/Documents/VSCode/Tax-App-Frontend/node_modules/react-dom/cjs/react-dom.development.js:4277:31)
          at beginWork$1 (/Users/ryan/Library/Mobile Documents/com~apple~CloudDocs/Documents/VSCode/Tax-App-Frontend/node_modules/react-dom/cjs/react-dom.development.js:27490:7)
          at performUnitOfWork (/Users/ryan/Library/Mobile Documents/com~apple~CloudDocs/Documents/VSCode/Tax-App-Frontend/node_modules/react-dom/cjs/react-dom.development.js:26599:12)
          at workLoopSync (/Users/ryan/Library/Mobile Documents/com~apple~CloudDocs/Documents/VSCode/Tax-App-Frontend/node_modules/react-dom/cjs/react-dom.development.js:26505:5)
          at renderRootSync (/Users/ryan/Library/Mobile Documents/com~apple~CloudDocs/Documents/VSCode/Tax-App-Frontend/node_modules/react-dom/cjs/react-dom.development.js:26473:7)
          at recoverFromConcurrentError (/Users/ryan/Library/Mobile Documents/com~apple~CloudDocs/Documents/VSCode/Tax-App-Frontend/node_modules/react-dom/cjs/react-dom.development.js:25889:20)
          at performConcurrentWorkOnRoot (/Users/ryan/Library/Mobile Documents/com~apple~CloudDocs/Documents/VSCode/Tax-App-Frontend/node_modules/react-dom/cjs/react-dom.development.js:25789:22)
          at flushActQueue (/Users/ryan/Library/Mobile Documents/com~apple~CloudDocs/Documents/VSCode/Tax-App-Frontend/node_modules/react/cjs/react.development.js:2667:24)
          at act (/Users/ryan/Library/Mobile Documents/com~apple~CloudDocs/Documents/VSCode/Tax-App-Frontend/node_modules/react/cjs/react.development.js:2582:11)
          at /Users/ryan/Library/Mobile Documents/com~apple~CloudDocs/Documents/VSCode/Tax-App-Frontend/node_modules/@testing-library/react/dist/act-compat.js:46:25
          at renderRoot (/Users/ryan/Library/Mobile Documents/com~apple~CloudDocs/Documents/VSCode/Tax-App-Frontend/node_modules/@testing-library/react/dist/pure.js:189:26)
          at render (/Users/ryan/Library/Mobile Documents/com~apple~CloudDocs/Documents/VSCode/Tax-App-Frontend/node_modules/@testing-library/react/dist/pure.js:291:10)
          at Object.<anonymous> (/Users/ryan/Library/Mobile Documents/com~apple~CloudDocs/Documents/VSCode/Tax-App-Frontend/src/app/login/responsive-layout.test.tsx:273:13)
          at Promise.finally.completed (/Users/ryan/Library/Mobile Documents/com~apple~CloudDocs/Documents/VSCode/Tax-App-Frontend/node_modules/jest-circus/build/jestAdapterInit.js:1557:28)
          at new Promise (<anonymous>)
          at callAsyncCircusFn (/Users/ryan/Library/Mobile Documents/com~apple~CloudDocs/Documents/VSCode/Tax-App-Frontend/node_modules/jest-circus/build/jestAdapterInit.js:1497:10)
          at _callCircusTest (/Users/ryan/Library/Mobile Documents/com~apple~CloudDocs/Documents/VSCode/Tax-App-Frontend/node_modules/jest-circus/build/jestAdapterInit.js:1007:40)
          at processTicksAndRejections (node:internal/process/task_queues:95:5)
          at _runTest (/Users/ryan/Library/Mobile Documents/com~apple~CloudDocs/Documents/VSCode/Tax-App-Frontend/node_modules/jest-circus/build/jestAdapterInit.js:947:3)
          at /Users/ryan/Library/Mobile Documents/com~apple~CloudDocs/Documents/VSCode/Tax-App-Frontend/node_modules/jest-circus/build/jestAdapterInit.js:849:7
          at _runTestsForDescribeBlock (/Users/ryan/Library/Mobile Documents/com~apple~CloudDocs/Documents/VSCode/Tax-App-Frontend/node_modules/jest-circus/build/jestAdapterInit.js:862:11)
          at _runTestsForDescribeBlock (/Users/ryan/Library/Mobile Documents/com~apple~CloudDocs/Documents/VSCode/Tax-App-Frontend/node_modules/jest-circus/build/jestAdapterInit.js:857:11)
          at _runTestsForDescribeBlock (/Users/ryan/Library/Mobile Documents/com~apple~CloudDocs/Documents/VSCode/Tax-App-Frontend/node_modules/jest-circus/build/jestAdapterInit.js:857:11)
          at run (/Users/ryan/Library/Mobile Documents/com~apple~CloudDocs/Documents/VSCode/Tax-App-Frontend/node_modules/jest-circus/build/jestAdapterInit.js:761:3)
          at runAndTransformResultsToJestFormat (/Users/ryan/Library/Mobile Documents/com~apple~CloudDocs/Documents/VSCode/Tax-App-Frontend/node_modules/jest-circus/build/jestAdapterInit.js:1918:21)
          at jestAdapter (/Users/ryan/Library/Mobile Documents/com~apple~CloudDocs/Documents/VSCode/Tax-App-Frontend/node_modules/jest-circus/build/runner.js:101:19)
          at runTestInternal (/Users/ryan/Library/Mobile Documents/com~apple~CloudDocs/Documents/VSCode/Tax-App-Frontend/node_modules/jest-runner/build/testWorker.js:275:16)
          at runTest (/Users/ryan/Library/Mobile Documents/com~apple~CloudDocs/Documents/VSCode/Tax-App-Frontend/node_modules/jest-runner/build/testWorker.js:343:7)
          at Object.worker (/Users/ryan/Library/Mobile Documents/com~apple~CloudDocs/Documents/VSCode/Tax-App-Frontend/node_modules/jest-runner/build/testWorker.js:497:12) {
        detail: TypeError: Cannot read properties of undefined (reading 'state')
            at state (/Users/ryan/Library/Mobile Documents/com~apple~CloudDocs/Documents/VSCode/Tax-App-Frontend/src/components/LoginForm.tsx:93:15)
            at renderWithHooks (/Users/ryan/Library/Mobile Documents/com~apple~CloudDocs/Documents/VSCode/Tax-App-Frontend/node_modules/react-dom/cjs/react-dom.development.js:15486:18)
            at mountIndeterminateComponent (/Users/ryan/Library/Mobile Documents/com~apple~CloudDocs/Documents/VSCode/Tax-App-Frontend/node_modules/react-dom/cjs/react-dom.development.js:20103:13)
            at beginWork (/Users/ryan/Library/Mobile Documents/com~apple~CloudDocs/Documents/VSCode/Tax-App-Frontend/node_modules/react-dom/cjs/react-dom.development.js:21626:16)
            at HTMLUnknownElement.callCallback (/Users/ryan/Library/Mobile Documents/com~apple~CloudDocs/Documents/VSCode/Tax-App-Frontend/node_modules/react-dom/cjs/react-dom.development.js:4164:14)
            at HTMLUnknownElement.callTheUserObjectsOperation (/Users/ryan/Library/Mobile Documents/com~apple~CloudDocs/Documents/VSCode/Tax-App-Frontend/node_modules/jsdom/lib/jsdom/living/generated/EventListener.js:26:30)
            at innerInvokeEventListeners (/Users/ryan/Library/Mobile Documents/com~apple~CloudDocs/Documents/VSCode/Tax-App-Frontend/node_modules/jsdom/lib/jsdom/living/events/EventTarget-impl.js:350:25)
            at invokeEventListeners (/Users/ryan/Library/Mobile Documents/com~apple~CloudDocs/Documents/VSCode/Tax-App-Frontend/node_modules/jsdom/lib/jsdom/living/events/EventTarget-impl.js:286:3)
            at HTMLUnknownElementImpl._dispatch (/Users/ryan/Library/Mobile Documents/com~apple~CloudDocs/Documents/VSCode/Tax-App-Frontend/node_modules/jsdom/lib/jsdom/living/events/EventTarget-impl.js:233:9)
            at HTMLUnknownElementImpl.dispatchEvent (/Users/ryan/Library/Mobile Documents/com~apple~CloudDocs/Documents/VSCode/Tax-App-Frontend/node_modules/jsdom/lib/jsdom/living/events/EventTarget-impl.js:104:17)
            at HTMLUnknownElement.dispatchEvent (/Users/ryan/Library/Mobile Documents/com~apple~CloudDocs/Documents/VSCode/Tax-App-Frontend/node_modules/jsdom/lib/jsdom/living/generated/EventTarget.js:241:34)
            at Object.invokeGuardedCallbackDev (/Users/ryan/Library/Mobile Documents/com~apple~CloudDocs/Documents/VSCode/Tax-App-Frontend/node_modules/react-dom/cjs/react-dom.development.js:4213:16)
            at invokeGuardedCallback (/Users/ryan/Library/Mobile Documents/com~apple~CloudDocs/Documents/VSCode/Tax-App-Frontend/node_modules/react-dom/cjs/react-dom.development.js:4277:31)
            at beginWork$1 (/Users/ryan/Library/Mobile Documents/com~apple~CloudDocs/Documents/VSCode/Tax-App-Frontend/node_modules/react-dom/cjs/react-dom.development.js:27490:7)
            at performUnitOfWork (/Users/ryan/Library/Mobile Documents/com~apple~CloudDocs/Documents/VSCode/Tax-App-Frontend/node_modules/react-dom/cjs/react-dom.development.js:26599:12)
            at workLoopSync (/Users/ryan/Library/Mobile Documents/com~apple~CloudDocs/Documents/VSCode/Tax-App-Frontend/node_modules/react-dom/cjs/react-dom.development.js:26505:5)
            at renderRootSync (/Users/ryan/Library/Mobile Documents/com~apple~CloudDocs/Documents/VSCode/Tax-App-Frontend/node_modules/react-dom/cjs/react-dom.development.js:26473:7)
            at recoverFromConcurrentError (/Users/ryan/Library/Mobile Documents/com~apple~CloudDocs/Documents/VSCode/Tax-App-Frontend/node_modules/react-dom/cjs/react-dom.development.js:25889:20)
            at performConcurrentWorkOnRoot (/Users/ryan/Library/Mobile Documents/com~apple~CloudDocs/Documents/VSCode/Tax-App-Frontend/node_modules/react-dom/cjs/react-dom.development.js:25789:22)
            at flushActQueue (/Users/ryan/Library/Mobile Documents/com~apple~CloudDocs/Documents/VSCode/Tax-App-Frontend/node_modules/react/cjs/react.development.js:2667:24)
            at act (/Users/ryan/Library/Mobile Documents/com~apple~CloudDocs/Documents/VSCode/Tax-App-Frontend/node_modules/react/cjs/react.development.js:2582:11)
            at /Users/ryan/Library/Mobile Documents/com~apple~CloudDocs/Documents/VSCode/Tax-App-Frontend/node_modules/@testing-library/react/dist/act-compat.js:46:25
            at renderRoot (/Users/ryan/Library/Mobile Documents/com~apple~CloudDocs/Documents/VSCode/Tax-App-Frontend/node_modules/@testing-library/react/dist/pure.js:189:26)
            at render (/Users/ryan/Library/Mobile Documents/com~apple~CloudDocs/Documents/VSCode/Tax-App-Frontend/node_modules/@testing-library/react/dist/pure.js:291:10)
            at Object.<anonymous> (/Users/ryan/Library/Mobile Documents/com~apple~CloudDocs/Documents/VSCode/Tax-App-Frontend/src/app/login/responsive-layout.test.tsx:273:13)
            at Promise.finally.completed (/Users/ryan/Library/Mobile Documents/com~apple~CloudDocs/Documents/VSCode/Tax-App-Frontend/node_modules/jest-circus/build/jestAdapterInit.js:1557:28)
            at new Promise (<anonymous>)
            at callAsyncCircusFn (/Users/ryan/Library/Mobile Documents/com~apple~CloudDocs/Documents/VSCode/Tax-App-Frontend/node_modules/jest-circus/build/jestAdapterInit.js:1497:10)
            at _callCircusTest (/Users/ryan/Library/Mobile Documents/com~apple~CloudDocs/Documents/VSCode/Tax-App-Frontend/node_modules/jest-circus/build/jestAdapterInit.js:1007:40)
            at processTicksAndRejections (node:internal/process/task_queues:95:5)
            at _runTest (/Users/ryan/Library/Mobile Documents/com~apple~CloudDocs/Documents/VSCode/Tax-App-Frontend/node_modules/jest-circus/build/jestAdapterInit.js:947:3)
            at /Users/ryan/Library/Mobile Documents/com~apple~CloudDocs/Documents/VSCode/Tax-App-Frontend/node_modules/jest-circus/build/jestAdapterInit.js:849:7
            at _runTestsForDescribeBlock (/Users/ryan/Library/Mobile Documents/com~apple~CloudDocs/Documents/VSCode/Tax-App-Frontend/node_modules/jest-circus/build/jestAdapterInit.js:862:11)
            at _runTestsForDescribeBlock (/Users/ryan/Library/Mobile Documents/com~apple~CloudDocs/Documents/VSCode/Tax-App-Frontend/node_modules/jest-circus/build/jestAdapterInit.js:857:11)
            at _runTestsForDescribeBlock (/Users/ryan/Library/Mobile Documents/com~apple~CloudDocs/Documents/VSCode/Tax-App-Frontend/node_modules/jest-circus/build/jestAdapterInit.js:857:11)
            at run (/Users/ryan/Library/Mobile Documents/com~apple~CloudDocs/Documents/VSCode/Tax-App-Frontend/node_modules/jest-circus/build/jestAdapterInit.js:761:3)
            at runAndTransformResultsToJestFormat (/Users/ryan/Library/Mobile Documents/com~apple~CloudDocs/Documents/VSCode/Tax-App-Frontend/node_modules/jest-circus/build/jestAdapterInit.js:1918:21)
            at jestAdapter (/Users/ryan/Library/Mobile Documents/com~apple~CloudDocs/Documents/VSCode/Tax-App-Frontend/node_modules/jest-circus/build/runner.js:101:19)
            at runTestInternal (/Users/ryan/Library/Mobile Documents/com~apple~CloudDocs/Documents/VSCode/Tax-App-Frontend/node_modules/jest-runner/build/testWorker.js:275:16)
            at runTest (/Users/ryan/Library/Mobile Documents/com~apple~CloudDocs/Documents/VSCode/Tax-App-Frontend/node_modules/jest-runner/build/testWorker.js:343:7)
            at Object.worker (/Users/ryan/Library/Mobile Documents/com~apple~CloudDocs/Documents/VSCode/Tax-App-Frontend/node_modules/jest-runner/build/testWorker.js:497:12),
        type: 'unhandled exception'
      }

      271 |
      272 |     test('should have proper spacing in card header', () => {
    > 273 |       render(<LoginPageClient />);
          |             ^
      274 |
      275 |       const cardHeader = screen.getByTestId('card-header');
      276 |       

      at VirtualConsole.<anonymous> (node_modules/@jest/environment-jsdom-abstract/build/index.js:87:23)
      at reportException (node_modules/jsdom/lib/jsdom/living/helpers/runtime-script-errors.js:70:28)
      at innerInvokeEventListeners (node_modules/jsdom/lib/jsdom/living/events/EventTarget-impl.js:353:9)
      at invokeEventListeners (node_modules/jsdom/lib/jsdom/living/events/EventTarget-impl.js:286:3)
      at HTMLUnknownElementImpl._dispatch (node_modules/jsdom/lib/jsdom/living/events/EventTarget-impl.js:233:9)
      at HTMLUnknownElementImpl.dispatchEvent (node_modules/jsdom/lib/jsdom/living/events/EventTarget-impl.js:104:17)
      at HTMLUnknownElement.dispatchEvent (node_modules/jsdom/lib/jsdom/living/generated/EventTarget.js:241:34)
      at Object.invokeGuardedCallbackDev (node_modules/react-dom/cjs/react-dom.development.js:4213:16)
      at invokeGuardedCallback (node_modules/react-dom/cjs/react-dom.development.js:4277:31)
      at beginWork$1 (node_modules/react-dom/cjs/react-dom.development.js:27490:7)
      at performUnitOfWork (node_modules/react-dom/cjs/react-dom.development.js:26599:12)
      at workLoopSync (node_modules/react-dom/cjs/react-dom.development.js:26505:5)
      at renderRootSync (node_modules/react-dom/cjs/react-dom.development.js:26473:7)
      at recoverFromConcurrentError (node_modules/react-dom/cjs/react-dom.development.js:25889:20)
      at performConcurrentWorkOnRoot (node_modules/react-dom/cjs/react-dom.development.js:25789:22)
      at flushActQueue (node_modules/react/cjs/react.development.js:2667:24)
      at act (node_modules/react/cjs/react.development.js:2582:11)
      at node_modules/@testing-library/react/dist/act-compat.js:46:25
      at renderRoot (node_modules/@testing-library/react/dist/pure.js:189:26)
      at render (node_modules/@testing-library/react/dist/pure.js:291:10)
      at Object.<anonymous> (src/app/login/responsive-layout.test.tsx:273:13)

    console.error
      The above error occurred in the <LoginForm> component:
      
          at className (/Users/ryan/Library/Mobile Documents/com~apple~CloudDocs/Documents/VSCode/Tax-App-Frontend/src/components/LoginForm.tsx:45:29)
          at div
          at children (/Users/ryan/Library/Mobile Documents/com~apple~CloudDocs/Documents/VSCode/Tax-App-Frontend/src/app/login/responsive-layout.test.tsx:62:19)
          at div
          at children (/Users/ryan/Library/Mobile Documents/com~apple~CloudDocs/Documents/VSCode/Tax-App-Frontend/src/app/login/responsive-layout.test.tsx:52:12)
          at div
          at div
          at div
          at children (/Users/ryan/Library/Mobile Documents/com~apple~CloudDocs/Documents/VSCode/Tax-App-Frontend/src/app/login/responsive-layout.test.tsx:47:21)
          at callbackUrl (/Users/ryan/Library/Mobile Documents/com~apple~CloudDocs/Documents/VSCode/Tax-App-Frontend/src/app/login/LoginPageClient.tsx:49:43)
      
      Consider adding an error boundary to your tree to customize error handling behavior.
      Visit https://reactjs.org/link/error-boundaries to learn more about error boundaries.

      271 |
      272 |     test('should have proper spacing in card header', () => {
    > 273 |       render(<LoginPageClient />);
          |             ^
      274 |
      275 |       const cardHeader = screen.getByTestId('card-header');
      276 |       

      at logCapturedError (node_modules/react-dom/cjs/react-dom.development.js:18704:23)
      at update.callback (node_modules/react-dom/cjs/react-dom.development.js:18737:5)
      at callCallback (node_modules/react-dom/cjs/react-dom.development.js:15036:12)
      at commitUpdateQueue (node_modules/react-dom/cjs/react-dom.development.js:15057:9)
      at commitLayoutEffectOnFiber (node_modules/react-dom/cjs/react-dom.development.js:23430:13)
      at commitLayoutMountEffects_complete (node_modules/react-dom/cjs/react-dom.development.js:24727:9)
      at commitLayoutEffects_begin (node_modules/react-dom/cjs/react-dom.development.js:24713:7)
      at commitLayoutEffects (node_modules/react-dom/cjs/react-dom.development.js:24651:3)
      at commitRootImpl (node_modules/react-dom/cjs/react-dom.development.js:26862:5)
      at commitRoot (node_modules/react-dom/cjs/react-dom.development.js:26721:5)
      at finishConcurrentRender (node_modules/react-dom/cjs/react-dom.development.js:25931:9)
      at performConcurrentWorkOnRoot (node_modules/react-dom/cjs/react-dom.development.js:25848:7)
      at flushActQueue (node_modules/react/cjs/react.development.js:2667:24)
      at act (node_modules/react/cjs/react.development.js:2582:11)
      at node_modules/@testing-library/react/dist/act-compat.js:46:25
      at renderRoot (node_modules/@testing-library/react/dist/pure.js:189:26)
      at render (node_modules/@testing-library/react/dist/pure.js:291:10)
      at Object.<anonymous> (src/app/login/responsive-layout.test.tsx:273:13)

    console.error
      Error: Uncaught [TypeError: Cannot read properties of undefined (reading 'state')]
          at reportException (/Users/ryan/Library/Mobile Documents/com~apple~CloudDocs/Documents/VSCode/Tax-App-Frontend/node_modules/jsdom/lib/jsdom/living/helpers/runtime-script-errors.js:66:24)
          at innerInvokeEventListeners (/Users/ryan/Library/Mobile Documents/com~apple~CloudDocs/Documents/VSCode/Tax-App-Frontend/node_modules/jsdom/lib/jsdom/living/events/EventTarget-impl.js:353:9)
          at invokeEventListeners (/Users/ryan/Library/Mobile Documents/com~apple~CloudDocs/Documents/VSCode/Tax-App-Frontend/node_modules/jsdom/lib/jsdom/living/events/EventTarget-impl.js:286:3)
          at HTMLUnknownElementImpl._dispatch (/Users/ryan/Library/Mobile Documents/com~apple~CloudDocs/Documents/VSCode/Tax-App-Frontend/node_modules/jsdom/lib/jsdom/living/events/EventTarget-impl.js:233:9)
          at HTMLUnknownElementImpl.dispatchEvent (/Users/ryan/Library/Mobile Documents/com~apple~CloudDocs/Documents/VSCode/Tax-App-Frontend/node_modules/jsdom/lib/jsdom/living/events/EventTarget-impl.js:104:17)
          at HTMLUnknownElement.dispatchEvent (/Users/ryan/Library/Mobile Documents/com~apple~CloudDocs/Documents/VSCode/Tax-App-Frontend/node_modules/jsdom/lib/jsdom/living/generated/EventTarget.js:241:34)
          at Object.invokeGuardedCallbackDev (/Users/ryan/Library/Mobile Documents/com~apple~CloudDocs/Documents/VSCode/Tax-App-Frontend/node_modules/react-dom/cjs/react-dom.development.js:4213:16)
          at invokeGuardedCallback (/Users/ryan/Library/Mobile Documents/com~apple~CloudDocs/Documents/VSCode/Tax-App-Frontend/node_modules/react-dom/cjs/react-dom.development.js:4277:31)
          at beginWork$1 (/Users/ryan/Library/Mobile Documents/com~apple~CloudDocs/Documents/VSCode/Tax-App-Frontend/node_modules/react-dom/cjs/react-dom.development.js:27490:7)
          at performUnitOfWork (/Users/ryan/Library/Mobile Documents/com~apple~CloudDocs/Documents/VSCode/Tax-App-Frontend/node_modules/react-dom/cjs/react-dom.development.js:26599:12)
          at workLoopSync (/Users/ryan/Library/Mobile Documents/com~apple~CloudDocs/Documents/VSCode/Tax-App-Frontend/node_modules/react-dom/cjs/react-dom.development.js:26505:5)
          at renderRootSync (/Users/ryan/Library/Mobile Documents/com~apple~CloudDocs/Documents/VSCode/Tax-App-Frontend/node_modules/react-dom/cjs/react-dom.development.js:26473:7)
          at performConcurrentWorkOnRoot (/Users/ryan/Library/Mobile Documents/com~apple~CloudDocs/Documents/VSCode/Tax-App-Frontend/node_modules/react-dom/cjs/react-dom.development.js:25777:74)
          at flushActQueue (/Users/ryan/Library/Mobile Documents/com~apple~CloudDocs/Documents/VSCode/Tax-App-Frontend/node_modules/react/cjs/react.development.js:2667:24)
          at act (/Users/ryan/Library/Mobile Documents/com~apple~CloudDocs/Documents/VSCode/Tax-App-Frontend/node_modules/react/cjs/react.development.js:2582:11)
          at /Users/ryan/Library/Mobile Documents/com~apple~CloudDocs/Documents/VSCode/Tax-App-Frontend/node_modules/@testing-library/react/dist/act-compat.js:46:25
          at renderRoot (/Users/ryan/Library/Mobile Documents/com~apple~CloudDocs/Documents/VSCode/Tax-App-Frontend/node_modules/@testing-library/react/dist/pure.js:189:26)
          at render (/Users/ryan/Library/Mobile Documents/com~apple~CloudDocs/Documents/VSCode/Tax-App-Frontend/node_modules/@testing-library/react/dist/pure.js:291:10)
          at Object.<anonymous> (/Users/ryan/Library/Mobile Documents/com~apple~CloudDocs/Documents/VSCode/Tax-App-Frontend/src/app/login/responsive-layout.test.tsx:284:13)
          at Promise.finally.completed (/Users/ryan/Library/Mobile Documents/com~apple~CloudDocs/Documents/VSCode/Tax-App-Frontend/node_modules/jest-circus/build/jestAdapterInit.js:1557:28)
          at new Promise (<anonymous>)
          at callAsyncCircusFn (/Users/ryan/Library/Mobile Documents/com~apple~CloudDocs/Documents/VSCode/Tax-App-Frontend/node_modules/jest-circus/build/jestAdapterInit.js:1497:10)
          at _callCircusTest (/Users/ryan/Library/Mobile Documents/com~apple~CloudDocs/Documents/VSCode/Tax-App-Frontend/node_modules/jest-circus/build/jestAdapterInit.js:1007:40)
          at processTicksAndRejections (node:internal/process/task_queues:95:5)
          at _runTest (/Users/ryan/Library/Mobile Documents/com~apple~CloudDocs/Documents/VSCode/Tax-App-Frontend/node_modules/jest-circus/build/jestAdapterInit.js:947:3)
          at /Users/ryan/Library/Mobile Documents/com~apple~CloudDocs/Documents/VSCode/Tax-App-Frontend/node_modules/jest-circus/build/jestAdapterInit.js:849:7
          at _runTestsForDescribeBlock (/Users/ryan/Library/Mobile Documents/com~apple~CloudDocs/Documents/VSCode/Tax-App-Frontend/node_modules/jest-circus/build/jestAdapterInit.js:862:11)
          at _runTestsForDescribeBlock (/Users/ryan/Library/Mobile Documents/com~apple~CloudDocs/Documents/VSCode/Tax-App-Frontend/node_modules/jest-circus/build/jestAdapterInit.js:857:11)
          at _runTestsForDescribeBlock (/Users/ryan/Library/Mobile Documents/com~apple~CloudDocs/Documents/VSCode/Tax-App-Frontend/node_modules/jest-circus/build/jestAdapterInit.js:857:11)
          at run (/Users/ryan/Library/Mobile Documents/com~apple~CloudDocs/Documents/VSCode/Tax-App-Frontend/node_modules/jest-circus/build/jestAdapterInit.js:761:3)
          at runAndTransformResultsToJestFormat (/Users/ryan/Library/Mobile Documents/com~apple~CloudDocs/Documents/VSCode/Tax-App-Frontend/node_modules/jest-circus/build/jestAdapterInit.js:1918:21)
          at jestAdapter (/Users/ryan/Library/Mobile Documents/com~apple~CloudDocs/Documents/VSCode/Tax-App-Frontend/node_modules/jest-circus/build/runner.js:101:19)
          at runTestInternal (/Users/ryan/Library/Mobile Documents/com~apple~CloudDocs/Documents/VSCode/Tax-App-Frontend/node_modules/jest-runner/build/testWorker.js:275:16)
          at runTest (/Users/ryan/Library/Mobile Documents/com~apple~CloudDocs/Documents/VSCode/Tax-App-Frontend/node_modules/jest-runner/build/testWorker.js:343:7)
          at Object.worker (/Users/ryan/Library/Mobile Documents/com~apple~CloudDocs/Documents/VSCode/Tax-App-Frontend/node_modules/jest-runner/build/testWorker.js:497:12) {
        detail: TypeError: Cannot read properties of undefined (reading 'state')
            at state (/Users/ryan/Library/Mobile Documents/com~apple~CloudDocs/Documents/VSCode/Tax-App-Frontend/src/components/LoginForm.tsx:93:15)
            at renderWithHooks (/Users/ryan/Library/Mobile Documents/com~apple~CloudDocs/Documents/VSCode/Tax-App-Frontend/node_modules/react-dom/cjs/react-dom.development.js:15486:18)
            at mountIndeterminateComponent (/Users/ryan/Library/Mobile Documents/com~apple~CloudDocs/Documents/VSCode/Tax-App-Frontend/node_modules/react-dom/cjs/react-dom.development.js:20103:13)
            at beginWork (/Users/ryan/Library/Mobile Documents/com~apple~CloudDocs/Documents/VSCode/Tax-App-Frontend/node_modules/react-dom/cjs/react-dom.development.js:21626:16)
            at HTMLUnknownElement.callCallback (/Users/ryan/Library/Mobile Documents/com~apple~CloudDocs/Documents/VSCode/Tax-App-Frontend/node_modules/react-dom/cjs/react-dom.development.js:4164:14)
            at HTMLUnknownElement.callTheUserObjectsOperation (/Users/ryan/Library/Mobile Documents/com~apple~CloudDocs/Documents/VSCode/Tax-App-Frontend/node_modules/jsdom/lib/jsdom/living/generated/EventListener.js:26:30)
            at innerInvokeEventListeners (/Users/ryan/Library/Mobile Documents/com~apple~CloudDocs/Documents/VSCode/Tax-App-Frontend/node_modules/jsdom/lib/jsdom/living/events/EventTarget-impl.js:350:25)
            at invokeEventListeners (/Users/ryan/Library/Mobile Documents/com~apple~CloudDocs/Documents/VSCode/Tax-App-Frontend/node_modules/jsdom/lib/jsdom/living/events/EventTarget-impl.js:286:3)
            at HTMLUnknownElementImpl._dispatch (/Users/ryan/Library/Mobile Documents/com~apple~CloudDocs/Documents/VSCode/Tax-App-Frontend/node_modules/jsdom/lib/jsdom/living/events/EventTarget-impl.js:233:9)
            at HTMLUnknownElementImpl.dispatchEvent (/Users/ryan/Library/Mobile Documents/com~apple~CloudDocs/Documents/VSCode/Tax-App-Frontend/node_modules/jsdom/lib/jsdom/living/events/EventTarget-impl.js:104:17)
            at HTMLUnknownElement.dispatchEvent (/Users/ryan/Library/Mobile Documents/com~apple~CloudDocs/Documents/VSCode/Tax-App-Frontend/node_modules/jsdom/lib/jsdom/living/generated/EventTarget.js:241:34)
            at Object.invokeGuardedCallbackDev (/Users/ryan/Library/Mobile Documents/com~apple~CloudDocs/Documents/VSCode/Tax-App-Frontend/node_modules/react-dom/cjs/react-dom.development.js:4213:16)
            at invokeGuardedCallback (/Users/ryan/Library/Mobile Documents/com~apple~CloudDocs/Documents/VSCode/Tax-App-Frontend/node_modules/react-dom/cjs/react-dom.development.js:4277:31)
            at beginWork$1 (/Users/ryan/Library/Mobile Documents/com~apple~CloudDocs/Documents/VSCode/Tax-App-Frontend/node_modules/react-dom/cjs/react-dom.development.js:27490:7)
            at performUnitOfWork (/Users/ryan/Library/Mobile Documents/com~apple~CloudDocs/Documents/VSCode/Tax-App-Frontend/node_modules/react-dom/cjs/react-dom.development.js:26599:12)
            at workLoopSync (/Users/ryan/Library/Mobile Documents/com~apple~CloudDocs/Documents/VSCode/Tax-App-Frontend/node_modules/react-dom/cjs/react-dom.development.js:26505:5)
            at renderRootSync (/Users/ryan/Library/Mobile Documents/com~apple~CloudDocs/Documents/VSCode/Tax-App-Frontend/node_modules/react-dom/cjs/react-dom.development.js:26473:7)
            at performConcurrentWorkOnRoot (/Users/ryan/Library/Mobile Documents/com~apple~CloudDocs/Documents/VSCode/Tax-App-Frontend/node_modules/react-dom/cjs/react-dom.development.js:25777:74)
            at flushActQueue (/Users/ryan/Library/Mobile Documents/com~apple~CloudDocs/Documents/VSCode/Tax-App-Frontend/node_modules/react/cjs/react.development.js:2667:24)
            at act (/Users/ryan/Library/Mobile Documents/com~apple~CloudDocs/Documents/VSCode/Tax-App-Frontend/node_modules/react/cjs/react.development.js:2582:11)
            at /Users/ryan/Library/Mobile Documents/com~apple~CloudDocs/Documents/VSCode/Tax-App-Frontend/node_modules/@testing-library/react/dist/act-compat.js:46:25
            at renderRoot (/Users/ryan/Library/Mobile Documents/com~apple~CloudDocs/Documents/VSCode/Tax-App-Frontend/node_modules/@testing-library/react/dist/pure.js:189:26)
            at render (/Users/ryan/Library/Mobile Documents/com~apple~CloudDocs/Documents/VSCode/Tax-App-Frontend/node_modules/@testing-library/react/dist/pure.js:291:10)
            at Object.<anonymous> (/Users/ryan/Library/Mobile Documents/com~apple~CloudDocs/Documents/VSCode/Tax-App-Frontend/src/app/login/responsive-layout.test.tsx:284:13)
            at Promise.finally.completed (/Users/ryan/Library/Mobile Documents/com~apple~CloudDocs/Documents/VSCode/Tax-App-Frontend/node_modules/jest-circus/build/jestAdapterInit.js:1557:28)
            at new Promise (<anonymous>)
            at callAsyncCircusFn (/Users/ryan/Library/Mobile Documents/com~apple~CloudDocs/Documents/VSCode/Tax-App-Frontend/node_modules/jest-circus/build/jestAdapterInit.js:1497:10)
            at _callCircusTest (/Users/ryan/Library/Mobile Documents/com~apple~CloudDocs/Documents/VSCode/Tax-App-Frontend/node_modules/jest-circus/build/jestAdapterInit.js:1007:40)
            at processTicksAndRejections (node:internal/process/task_queues:95:5)
            at _runTest (/Users/ryan/Library/Mobile Documents/com~apple~CloudDocs/Documents/VSCode/Tax-App-Frontend/node_modules/jest-circus/build/jestAdapterInit.js:947:3)
            at /Users/ryan/Library/Mobile Documents/com~apple~CloudDocs/Documents/VSCode/Tax-App-Frontend/node_modules/jest-circus/build/jestAdapterInit.js:849:7
            at _runTestsForDescribeBlock (/Users/ryan/Library/Mobile Documents/com~apple~CloudDocs/Documents/VSCode/Tax-App-Frontend/node_modules/jest-circus/build/jestAdapterInit.js:862:11)
            at _runTestsForDescribeBlock (/Users/ryan/Library/Mobile Documents/com~apple~CloudDocs/Documents/VSCode/Tax-App-Frontend/node_modules/jest-circus/build/jestAdapterInit.js:857:11)
            at _runTestsForDescribeBlock (/Users/ryan/Library/Mobile Documents/com~apple~CloudDocs/Documents/VSCode/Tax-App-Frontend/node_modules/jest-circus/build/jestAdapterInit.js:857:11)
            at run (/Users/ryan/Library/Mobile Documents/com~apple~CloudDocs/Documents/VSCode/Tax-App-Frontend/node_modules/jest-circus/build/jestAdapterInit.js:761:3)
            at runAndTransformResultsToJestFormat (/Users/ryan/Library/Mobile Documents/com~apple~CloudDocs/Documents/VSCode/Tax-App-Frontend/node_modules/jest-circus/build/jestAdapterInit.js:1918:21)
            at jestAdapter (/Users/ryan/Library/Mobile Documents/com~apple~CloudDocs/Documents/VSCode/Tax-App-Frontend/node_modules/jest-circus/build/runner.js:101:19)
            at runTestInternal (/Users/ryan/Library/Mobile Documents/com~apple~CloudDocs/Documents/VSCode/Tax-App-Frontend/node_modules/jest-runner/build/testWorker.js:275:16)
            at runTest (/Users/ryan/Library/Mobile Documents/com~apple~CloudDocs/Documents/VSCode/Tax-App-Frontend/node_modules/jest-runner/build/testWorker.js:343:7)
            at Object.worker (/Users/ryan/Library/Mobile Documents/com~apple~CloudDocs/Documents/VSCode/Tax-App-Frontend/node_modules/jest-runner/build/testWorker.js:497:12),
        type: 'unhandled exception'
      }

      282 |   describe('Responsive Text Sizing', () => {
      283 |     test('should use responsive font sizes for title', () => {
    > 284 |       render(<LoginPageClient />);
          |             ^
      285 |
      286 |       const title = screen.getByRole('heading', { level: 1 });
      287 |       

      at VirtualConsole.<anonymous> (node_modules/@jest/environment-jsdom-abstract/build/index.js:87:23)
      at reportException (node_modules/jsdom/lib/jsdom/living/helpers/runtime-script-errors.js:70:28)
      at innerInvokeEventListeners (node_modules/jsdom/lib/jsdom/living/events/EventTarget-impl.js:353:9)
      at invokeEventListeners (node_modules/jsdom/lib/jsdom/living/events/EventTarget-impl.js:286:3)
      at HTMLUnknownElementImpl._dispatch (node_modules/jsdom/lib/jsdom/living/events/EventTarget-impl.js:233:9)
      at HTMLUnknownElementImpl.dispatchEvent (node_modules/jsdom/lib/jsdom/living/events/EventTarget-impl.js:104:17)
      at HTMLUnknownElement.dispatchEvent (node_modules/jsdom/lib/jsdom/living/generated/EventTarget.js:241:34)
      at Object.invokeGuardedCallbackDev (node_modules/react-dom/cjs/react-dom.development.js:4213:16)
      at invokeGuardedCallback (node_modules/react-dom/cjs/react-dom.development.js:4277:31)
      at beginWork$1 (node_modules/react-dom/cjs/react-dom.development.js:27490:7)
      at performUnitOfWork (node_modules/react-dom/cjs/react-dom.development.js:26599:12)
      at workLoopSync (node_modules/react-dom/cjs/react-dom.development.js:26505:5)
      at renderRootSync (node_modules/react-dom/cjs/react-dom.development.js:26473:7)
      at performConcurrentWorkOnRoot (node_modules/react-dom/cjs/react-dom.development.js:25777:74)
      at flushActQueue (node_modules/react/cjs/react.development.js:2667:24)
      at act (node_modules/react/cjs/react.development.js:2582:11)
      at node_modules/@testing-library/react/dist/act-compat.js:46:25
      at renderRoot (node_modules/@testing-library/react/dist/pure.js:189:26)
      at render (node_modules/@testing-library/react/dist/pure.js:291:10)
      at Object.<anonymous> (src/app/login/responsive-layout.test.tsx:284:13)

    console.error
      Error: Uncaught [TypeError: Cannot read properties of undefined (reading 'state')]
          at reportException (/Users/ryan/Library/Mobile Documents/com~apple~CloudDocs/Documents/VSCode/Tax-App-Frontend/node_modules/jsdom/lib/jsdom/living/helpers/runtime-script-errors.js:66:24)
          at innerInvokeEventListeners (/Users/ryan/Library/Mobile Documents/com~apple~CloudDocs/Documents/VSCode/Tax-App-Frontend/node_modules/jsdom/lib/jsdom/living/events/EventTarget-impl.js:353:9)
          at invokeEventListeners (/Users/ryan/Library/Mobile Documents/com~apple~CloudDocs/Documents/VSCode/Tax-App-Frontend/node_modules/jsdom/lib/jsdom/living/events/EventTarget-impl.js:286:3)
          at HTMLUnknownElementImpl._dispatch (/Users/ryan/Library/Mobile Documents/com~apple~CloudDocs/Documents/VSCode/Tax-App-Frontend/node_modules/jsdom/lib/jsdom/living/events/EventTarget-impl.js:233:9)
          at HTMLUnknownElementImpl.dispatchEvent (/Users/ryan/Library/Mobile Documents/com~apple~CloudDocs/Documents/VSCode/Tax-App-Frontend/node_modules/jsdom/lib/jsdom/living/events/EventTarget-impl.js:104:17)
          at HTMLUnknownElement.dispatchEvent (/Users/ryan/Library/Mobile Documents/com~apple~CloudDocs/Documents/VSCode/Tax-App-Frontend/node_modules/jsdom/lib/jsdom/living/generated/EventTarget.js:241:34)
          at Object.invokeGuardedCallbackDev (/Users/ryan/Library/Mobile Documents/com~apple~CloudDocs/Documents/VSCode/Tax-App-Frontend/node_modules/react-dom/cjs/react-dom.development.js:4213:16)
          at invokeGuardedCallback (/Users/ryan/Library/Mobile Documents/com~apple~CloudDocs/Documents/VSCode/Tax-App-Frontend/node_modules/react-dom/cjs/react-dom.development.js:4277:31)
          at beginWork$1 (/Users/ryan/Library/Mobile Documents/com~apple~CloudDocs/Documents/VSCode/Tax-App-Frontend/node_modules/react-dom/cjs/react-dom.development.js:27490:7)
          at performUnitOfWork (/Users/ryan/Library/Mobile Documents/com~apple~CloudDocs/Documents/VSCode/Tax-App-Frontend/node_modules/react-dom/cjs/react-dom.development.js:26599:12)
          at workLoopSync (/Users/ryan/Library/Mobile Documents/com~apple~CloudDocs/Documents/VSCode/Tax-App-Frontend/node_modules/react-dom/cjs/react-dom.development.js:26505:5)
          at renderRootSync (/Users/ryan/Library/Mobile Documents/com~apple~CloudDocs/Documents/VSCode/Tax-App-Frontend/node_modules/react-dom/cjs/react-dom.development.js:26473:7)
          at recoverFromConcurrentError (/Users/ryan/Library/Mobile Documents/com~apple~CloudDocs/Documents/VSCode/Tax-App-Frontend/node_modules/react-dom/cjs/react-dom.development.js:25889:20)
          at performConcurrentWorkOnRoot (/Users/ryan/Library/Mobile Documents/com~apple~CloudDocs/Documents/VSCode/Tax-App-Frontend/node_modules/react-dom/cjs/react-dom.development.js:25789:22)
          at flushActQueue (/Users/ryan/Library/Mobile Documents/com~apple~CloudDocs/Documents/VSCode/Tax-App-Frontend/node_modules/react/cjs/react.development.js:2667:24)
          at act (/Users/ryan/Library/Mobile Documents/com~apple~CloudDocs/Documents/VSCode/Tax-App-Frontend/node_modules/react/cjs/react.development.js:2582:11)
          at /Users/ryan/Library/Mobile Documents/com~apple~CloudDocs/Documents/VSCode/Tax-App-Frontend/node_modules/@testing-library/react/dist/act-compat.js:46:25
          at renderRoot (/Users/ryan/Library/Mobile Documents/com~apple~CloudDocs/Documents/VSCode/Tax-App-Frontend/node_modules/@testing-library/react/dist/pure.js:189:26)
          at render (/Users/ryan/Library/Mobile Documents/com~apple~CloudDocs/Documents/VSCode/Tax-App-Frontend/node_modules/@testing-library/react/dist/pure.js:291:10)
          at Object.<anonymous> (/Users/ryan/Library/Mobile Documents/com~apple~CloudDocs/Documents/VSCode/Tax-App-Frontend/src/app/login/responsive-layout.test.tsx:284:13)
          at Promise.finally.completed (/Users/ryan/Library/Mobile Documents/com~apple~CloudDocs/Documents/VSCode/Tax-App-Frontend/node_modules/jest-circus/build/jestAdapterInit.js:1557:28)
          at new Promise (<anonymous>)
          at callAsyncCircusFn (/Users/ryan/Library/Mobile Documents/com~apple~CloudDocs/Documents/VSCode/Tax-App-Frontend/node_modules/jest-circus/build/jestAdapterInit.js:1497:10)
          at _callCircusTest (/Users/ryan/Library/Mobile Documents/com~apple~CloudDocs/Documents/VSCode/Tax-App-Frontend/node_modules/jest-circus/build/jestAdapterInit.js:1007:40)
          at processTicksAndRejections (node:internal/process/task_queues:95:5)
          at _runTest (/Users/ryan/Library/Mobile Documents/com~apple~CloudDocs/Documents/VSCode/Tax-App-Frontend/node_modules/jest-circus/build/jestAdapterInit.js:947:3)
          at /Users/ryan/Library/Mobile Documents/com~apple~CloudDocs/Documents/VSCode/Tax-App-Frontend/node_modules/jest-circus/build/jestAdapterInit.js:849:7
          at _runTestsForDescribeBlock (/Users/ryan/Library/Mobile Documents/com~apple~CloudDocs/Documents/VSCode/Tax-App-Frontend/node_modules/jest-circus/build/jestAdapterInit.js:862:11)
          at _runTestsForDescribeBlock (/Users/ryan/Library/Mobile Documents/com~apple~CloudDocs/Documents/VSCode/Tax-App-Frontend/node_modules/jest-circus/build/jestAdapterInit.js:857:11)
          at _runTestsForDescribeBlock (/Users/ryan/Library/Mobile Documents/com~apple~CloudDocs/Documents/VSCode/Tax-App-Frontend/node_modules/jest-circus/build/jestAdapterInit.js:857:11)
          at run (/Users/ryan/Library/Mobile Documents/com~apple~CloudDocs/Documents/VSCode/Tax-App-Frontend/node_modules/jest-circus/build/jestAdapterInit.js:761:3)
          at runAndTransformResultsToJestFormat (/Users/ryan/Library/Mobile Documents/com~apple~CloudDocs/Documents/VSCode/Tax-App-Frontend/node_modules/jest-circus/build/jestAdapterInit.js:1918:21)
          at jestAdapter (/Users/ryan/Library/Mobile Documents/com~apple~CloudDocs/Documents/VSCode/Tax-App-Frontend/node_modules/jest-circus/build/runner.js:101:19)
          at runTestInternal (/Users/ryan/Library/Mobile Documents/com~apple~CloudDocs/Documents/VSCode/Tax-App-Frontend/node_modules/jest-runner/build/testWorker.js:275:16)
          at runTest (/Users/ryan/Library/Mobile Documents/com~apple~CloudDocs/Documents/VSCode/Tax-App-Frontend/node_modules/jest-runner/build/testWorker.js:343:7)
          at Object.worker (/Users/ryan/Library/Mobile Documents/com~apple~CloudDocs/Documents/VSCode/Tax-App-Frontend/node_modules/jest-runner/build/testWorker.js:497:12) {
        detail: TypeError: Cannot read properties of undefined (reading 'state')
            at state (/Users/ryan/Library/Mobile Documents/com~apple~CloudDocs/Documents/VSCode/Tax-App-Frontend/src/components/LoginForm.tsx:93:15)
            at renderWithHooks (/Users/ryan/Library/Mobile Documents/com~apple~CloudDocs/Documents/VSCode/Tax-App-Frontend/node_modules/react-dom/cjs/react-dom.development.js:15486:18)
            at mountIndeterminateComponent (/Users/ryan/Library/Mobile Documents/com~apple~CloudDocs/Documents/VSCode/Tax-App-Frontend/node_modules/react-dom/cjs/react-dom.development.js:20103:13)
            at beginWork (/Users/ryan/Library/Mobile Documents/com~apple~CloudDocs/Documents/VSCode/Tax-App-Frontend/node_modules/react-dom/cjs/react-dom.development.js:21626:16)
            at HTMLUnknownElement.callCallback (/Users/ryan/Library/Mobile Documents/com~apple~CloudDocs/Documents/VSCode/Tax-App-Frontend/node_modules/react-dom/cjs/react-dom.development.js:4164:14)
            at HTMLUnknownElement.callTheUserObjectsOperation (/Users/ryan/Library/Mobile Documents/com~apple~CloudDocs/Documents/VSCode/Tax-App-Frontend/node_modules/jsdom/lib/jsdom/living/generated/EventListener.js:26:30)
            at innerInvokeEventListeners (/Users/ryan/Library/Mobile Documents/com~apple~CloudDocs/Documents/VSCode/Tax-App-Frontend/node_modules/jsdom/lib/jsdom/living/events/EventTarget-impl.js:350:25)
            at invokeEventListeners (/Users/ryan/Library/Mobile Documents/com~apple~CloudDocs/Documents/VSCode/Tax-App-Frontend/node_modules/jsdom/lib/jsdom/living/events/EventTarget-impl.js:286:3)
            at HTMLUnknownElementImpl._dispatch (/Users/ryan/Library/Mobile Documents/com~apple~CloudDocs/Documents/VSCode/Tax-App-Frontend/node_modules/jsdom/lib/jsdom/living/events/EventTarget-impl.js:233:9)
            at HTMLUnknownElementImpl.dispatchEvent (/Users/ryan/Library/Mobile Documents/com~apple~CloudDocs/Documents/VSCode/Tax-App-Frontend/node_modules/jsdom/lib/jsdom/living/events/EventTarget-impl.js:104:17)
            at HTMLUnknownElement.dispatchEvent (/Users/ryan/Library/Mobile Documents/com~apple~CloudDocs/Documents/VSCode/Tax-App-Frontend/node_modules/jsdom/lib/jsdom/living/generated/EventTarget.js:241:34)
            at Object.invokeGuardedCallbackDev (/Users/ryan/Library/Mobile Documents/com~apple~CloudDocs/Documents/VSCode/Tax-App-Frontend/node_modules/react-dom/cjs/react-dom.development.js:4213:16)
            at invokeGuardedCallback (/Users/ryan/Library/Mobile Documents/com~apple~CloudDocs/Documents/VSCode/Tax-App-Frontend/node_modules/react-dom/cjs/react-dom.development.js:4277:31)
            at beginWork$1 (/Users/ryan/Library/Mobile Documents/com~apple~CloudDocs/Documents/VSCode/Tax-App-Frontend/node_modules/react-dom/cjs/react-dom.development.js:27490:7)
            at performUnitOfWork (/Users/ryan/Library/Mobile Documents/com~apple~CloudDocs/Documents/VSCode/Tax-App-Frontend/node_modules/react-dom/cjs/react-dom.development.js:26599:12)
            at workLoopSync (/Users/ryan/Library/Mobile Documents/com~apple~CloudDocs/Documents/VSCode/Tax-App-Frontend/node_modules/react-dom/cjs/react-dom.development.js:26505:5)
            at renderRootSync (/Users/ryan/Library/Mobile Documents/com~apple~CloudDocs/Documents/VSCode/Tax-App-Frontend/node_modules/react-dom/cjs/react-dom.development.js:26473:7)
            at recoverFromConcurrentError (/Users/ryan/Library/Mobile Documents/com~apple~CloudDocs/Documents/VSCode/Tax-App-Frontend/node_modules/react-dom/cjs/react-dom.development.js:25889:20)
            at performConcurrentWorkOnRoot (/Users/ryan/Library/Mobile Documents/com~apple~CloudDocs/Documents/VSCode/Tax-App-Frontend/node_modules/react-dom/cjs/react-dom.development.js:25789:22)
            at flushActQueue (/Users/ryan/Library/Mobile Documents/com~apple~CloudDocs/Documents/VSCode/Tax-App-Frontend/node_modules/react/cjs/react.development.js:2667:24)
            at act (/Users/ryan/Library/Mobile Documents/com~apple~CloudDocs/Documents/VSCode/Tax-App-Frontend/node_modules/react/cjs/react.development.js:2582:11)
            at /Users/ryan/Library/Mobile Documents/com~apple~CloudDocs/Documents/VSCode/Tax-App-Frontend/node_modules/@testing-library/react/dist/act-compat.js:46:25
            at renderRoot (/Users/ryan/Library/Mobile Documents/com~apple~CloudDocs/Documents/VSCode/Tax-App-Frontend/node_modules/@testing-library/react/dist/pure.js:189:26)
            at render (/Users/ryan/Library/Mobile Documents/com~apple~CloudDocs/Documents/VSCode/Tax-App-Frontend/node_modules/@testing-library/react/dist/pure.js:291:10)
            at Object.<anonymous> (/Users/ryan/Library/Mobile Documents/com~apple~CloudDocs/Documents/VSCode/Tax-App-Frontend/src/app/login/responsive-layout.test.tsx:284:13)
            at Promise.finally.completed (/Users/ryan/Library/Mobile Documents/com~apple~CloudDocs/Documents/VSCode/Tax-App-Frontend/node_modules/jest-circus/build/jestAdapterInit.js:1557:28)
            at new Promise (<anonymous>)
            at callAsyncCircusFn (/Users/ryan/Library/Mobile Documents/com~apple~CloudDocs/Documents/VSCode/Tax-App-Frontend/node_modules/jest-circus/build/jestAdapterInit.js:1497:10)
            at _callCircusTest (/Users/ryan/Library/Mobile Documents/com~apple~CloudDocs/Documents/VSCode/Tax-App-Frontend/node_modules/jest-circus/build/jestAdapterInit.js:1007:40)
            at processTicksAndRejections (node:internal/process/task_queues:95:5)
            at _runTest (/Users/ryan/Library/Mobile Documents/com~apple~CloudDocs/Documents/VSCode/Tax-App-Frontend/node_modules/jest-circus/build/jestAdapterInit.js:947:3)
            at /Users/ryan/Library/Mobile Documents/com~apple~CloudDocs/Documents/VSCode/Tax-App-Frontend/node_modules/jest-circus/build/jestAdapterInit.js:849:7
            at _runTestsForDescribeBlock (/Users/ryan/Library/Mobile Documents/com~apple~CloudDocs/Documents/VSCode/Tax-App-Frontend/node_modules/jest-circus/build/jestAdapterInit.js:862:11)
            at _runTestsForDescribeBlock (/Users/ryan/Library/Mobile Documents/com~apple~CloudDocs/Documents/VSCode/Tax-App-Frontend/node_modules/jest-circus/build/jestAdapterInit.js:857:11)
            at _runTestsForDescribeBlock (/Users/ryan/Library/Mobile Documents/com~apple~CloudDocs/Documents/VSCode/Tax-App-Frontend/node_modules/jest-circus/build/jestAdapterInit.js:857:11)
            at run (/Users/ryan/Library/Mobile Documents/com~apple~CloudDocs/Documents/VSCode/Tax-App-Frontend/node_modules/jest-circus/build/jestAdapterInit.js:761:3)
            at runAndTransformResultsToJestFormat (/Users/ryan/Library/Mobile Documents/com~apple~CloudDocs/Documents/VSCode/Tax-App-Frontend/node_modules/jest-circus/build/jestAdapterInit.js:1918:21)
            at jestAdapter (/Users/ryan/Library/Mobile Documents/com~apple~CloudDocs/Documents/VSCode/Tax-App-Frontend/node_modules/jest-circus/build/runner.js:101:19)
            at runTestInternal (/Users/ryan/Library/Mobile Documents/com~apple~CloudDocs/Documents/VSCode/Tax-App-Frontend/node_modules/jest-runner/build/testWorker.js:275:16)
            at runTest (/Users/ryan/Library/Mobile Documents/com~apple~CloudDocs/Documents/VSCode/Tax-App-Frontend/node_modules/jest-runner/build/testWorker.js:343:7)
            at Object.worker (/Users/ryan/Library/Mobile Documents/com~apple~CloudDocs/Documents/VSCode/Tax-App-Frontend/node_modules/jest-runner/build/testWorker.js:497:12),
        type: 'unhandled exception'
      }

      282 |   describe('Responsive Text Sizing', () => {
      283 |     test('should use responsive font sizes for title', () => {
    > 284 |       render(<LoginPageClient />);
          |             ^
      285 |
      286 |       const title = screen.getByRole('heading', { level: 1 });
      287 |       

      at VirtualConsole.<anonymous> (node_modules/@jest/environment-jsdom-abstract/build/index.js:87:23)
      at reportException (node_modules/jsdom/lib/jsdom/living/helpers/runtime-script-errors.js:70:28)
      at innerInvokeEventListeners (node_modules/jsdom/lib/jsdom/living/events/EventTarget-impl.js:353:9)
      at invokeEventListeners (node_modules/jsdom/lib/jsdom/living/events/EventTarget-impl.js:286:3)
      at HTMLUnknownElementImpl._dispatch (node_modules/jsdom/lib/jsdom/living/events/EventTarget-impl.js:233:9)
      at HTMLUnknownElementImpl.dispatchEvent (node_modules/jsdom/lib/jsdom/living/events/EventTarget-impl.js:104:17)
      at HTMLUnknownElement.dispatchEvent (node_modules/jsdom/lib/jsdom/living/generated/EventTarget.js:241:34)
      at Object.invokeGuardedCallbackDev (node_modules/react-dom/cjs/react-dom.development.js:4213:16)
      at invokeGuardedCallback (node_modules/react-dom/cjs/react-dom.development.js:4277:31)
      at beginWork$1 (node_modules/react-dom/cjs/react-dom.development.js:27490:7)
      at performUnitOfWork (node_modules/react-dom/cjs/react-dom.development.js:26599:12)
      at workLoopSync (node_modules/react-dom/cjs/react-dom.development.js:26505:5)
      at renderRootSync (node_modules/react-dom/cjs/react-dom.development.js:26473:7)
      at recoverFromConcurrentError (node_modules/react-dom/cjs/react-dom.development.js:25889:20)
      at performConcurrentWorkOnRoot (node_modules/react-dom/cjs/react-dom.development.js:25789:22)
      at flushActQueue (node_modules/react/cjs/react.development.js:2667:24)
      at act (node_modules/react/cjs/react.development.js:2582:11)
      at node_modules/@testing-library/react/dist/act-compat.js:46:25
      at renderRoot (node_modules/@testing-library/react/dist/pure.js:189:26)
      at render (node_modules/@testing-library/react/dist/pure.js:291:10)
      at Object.<anonymous> (src/app/login/responsive-layout.test.tsx:284:13)

    console.error
      The above error occurred in the <LoginForm> component:
      
          at className (/Users/ryan/Library/Mobile Documents/com~apple~CloudDocs/Documents/VSCode/Tax-App-Frontend/src/components/LoginForm.tsx:45:29)
          at div
          at children (/Users/ryan/Library/Mobile Documents/com~apple~CloudDocs/Documents/VSCode/Tax-App-Frontend/src/app/login/responsive-layout.test.tsx:62:19)
          at div
          at children (/Users/ryan/Library/Mobile Documents/com~apple~CloudDocs/Documents/VSCode/Tax-App-Frontend/src/app/login/responsive-layout.test.tsx:52:12)
          at div
          at div
          at div
          at children (/Users/ryan/Library/Mobile Documents/com~apple~CloudDocs/Documents/VSCode/Tax-App-Frontend/src/app/login/responsive-layout.test.tsx:47:21)
          at callbackUrl (/Users/ryan/Library/Mobile Documents/com~apple~CloudDocs/Documents/VSCode/Tax-App-Frontend/src/app/login/LoginPageClient.tsx:49:43)
      
      Consider adding an error boundary to your tree to customize error handling behavior.
      Visit https://reactjs.org/link/error-boundaries to learn more about error boundaries.

      282 |   describe('Responsive Text Sizing', () => {
      283 |     test('should use responsive font sizes for title', () => {
    > 284 |       render(<LoginPageClient />);
          |             ^
      285 |
      286 |       const title = screen.getByRole('heading', { level: 1 });
      287 |       

      at logCapturedError (node_modules/react-dom/cjs/react-dom.development.js:18704:23)
      at update.callback (node_modules/react-dom/cjs/react-dom.development.js:18737:5)
      at callCallback (node_modules/react-dom/cjs/react-dom.development.js:15036:12)
      at commitUpdateQueue (node_modules/react-dom/cjs/react-dom.development.js:15057:9)
      at commitLayoutEffectOnFiber (node_modules/react-dom/cjs/react-dom.development.js:23430:13)
      at commitLayoutMountEffects_complete (node_modules/react-dom/cjs/react-dom.development.js:24727:9)
      at commitLayoutEffects_begin (node_modules/react-dom/cjs/react-dom.development.js:24713:7)
      at commitLayoutEffects (node_modules/react-dom/cjs/react-dom.development.js:24651:3)
      at commitRootImpl (node_modules/react-dom/cjs/react-dom.development.js:26862:5)
      at commitRoot (node_modules/react-dom/cjs/react-dom.development.js:26721:5)
      at finishConcurrentRender (node_modules/react-dom/cjs/react-dom.development.js:25931:9)
      at performConcurrentWorkOnRoot (node_modules/react-dom/cjs/react-dom.development.js:25848:7)
      at flushActQueue (node_modules/react/cjs/react.development.js:2667:24)
      at act (node_modules/react/cjs/react.development.js:2582:11)
      at node_modules/@testing-library/react/dist/act-compat.js:46:25
      at renderRoot (node_modules/@testing-library/react/dist/pure.js:189:26)
      at render (node_modules/@testing-library/react/dist/pure.js:291:10)
      at Object.<anonymous> (src/app/login/responsive-layout.test.tsx:284:13)

    console.error
      Error: Uncaught [TypeError: Cannot read properties of undefined (reading 'state')]
          at reportException (/Users/ryan/Library/Mobile Documents/com~apple~CloudDocs/Documents/VSCode/Tax-App-Frontend/node_modules/jsdom/lib/jsdom/living/helpers/runtime-script-errors.js:66:24)
          at innerInvokeEventListeners (/Users/ryan/Library/Mobile Documents/com~apple~CloudDocs/Documents/VSCode/Tax-App-Frontend/node_modules/jsdom/lib/jsdom/living/events/EventTarget-impl.js:353:9)
          at invokeEventListeners (/Users/ryan/Library/Mobile Documents/com~apple~CloudDocs/Documents/VSCode/Tax-App-Frontend/node_modules/jsdom/lib/jsdom/living/events/EventTarget-impl.js:286:3)
          at HTMLUnknownElementImpl._dispatch (/Users/ryan/Library/Mobile Documents/com~apple~CloudDocs/Documents/VSCode/Tax-App-Frontend/node_modules/jsdom/lib/jsdom/living/events/EventTarget-impl.js:233:9)
          at HTMLUnknownElementImpl.dispatchEvent (/Users/ryan/Library/Mobile Documents/com~apple~CloudDocs/Documents/VSCode/Tax-App-Frontend/node_modules/jsdom/lib/jsdom/living/events/EventTarget-impl.js:104:17)
          at HTMLUnknownElement.dispatchEvent (/Users/ryan/Library/Mobile Documents/com~apple~CloudDocs/Documents/VSCode/Tax-App-Frontend/node_modules/jsdom/lib/jsdom/living/generated/EventTarget.js:241:34)
          at Object.invokeGuardedCallbackDev (/Users/ryan/Library/Mobile Documents/com~apple~CloudDocs/Documents/VSCode/Tax-App-Frontend/node_modules/react-dom/cjs/react-dom.development.js:4213:16)
          at invokeGuardedCallback (/Users/ryan/Library/Mobile Documents/com~apple~CloudDocs/Documents/VSCode/Tax-App-Frontend/node_modules/react-dom/cjs/react-dom.development.js:4277:31)
          at beginWork$1 (/Users/ryan/Library/Mobile Documents/com~apple~CloudDocs/Documents/VSCode/Tax-App-Frontend/node_modules/react-dom/cjs/react-dom.development.js:27490:7)
          at performUnitOfWork (/Users/ryan/Library/Mobile Documents/com~apple~CloudDocs/Documents/VSCode/Tax-App-Frontend/node_modules/react-dom/cjs/react-dom.development.js:26599:12)
          at workLoopSync (/Users/ryan/Library/Mobile Documents/com~apple~CloudDocs/Documents/VSCode/Tax-App-Frontend/node_modules/react-dom/cjs/react-dom.development.js:26505:5)
          at renderRootSync (/Users/ryan/Library/Mobile Documents/com~apple~CloudDocs/Documents/VSCode/Tax-App-Frontend/node_modules/react-dom/cjs/react-dom.development.js:26473:7)
          at performConcurrentWorkOnRoot (/Users/ryan/Library/Mobile Documents/com~apple~CloudDocs/Documents/VSCode/Tax-App-Frontend/node_modules/react-dom/cjs/react-dom.development.js:25777:74)
          at flushActQueue (/Users/ryan/Library/Mobile Documents/com~apple~CloudDocs/Documents/VSCode/Tax-App-Frontend/node_modules/react/cjs/react.development.js:2667:24)
          at act (/Users/ryan/Library/Mobile Documents/com~apple~CloudDocs/Documents/VSCode/Tax-App-Frontend/node_modules/react/cjs/react.development.js:2582:11)
          at /Users/ryan/Library/Mobile Documents/com~apple~CloudDocs/Documents/VSCode/Tax-App-Frontend/node_modules/@testing-library/react/dist/act-compat.js:46:25
          at renderRoot (/Users/ryan/Library/Mobile Documents/com~apple~CloudDocs/Documents/VSCode/Tax-App-Frontend/node_modules/@testing-library/react/dist/pure.js:189:26)
          at render (/Users/ryan/Library/Mobile Documents/com~apple~CloudDocs/Documents/VSCode/Tax-App-Frontend/node_modules/@testing-library/react/dist/pure.js:291:10)
          at Object.<anonymous> (/Users/ryan/Library/Mobile Documents/com~apple~CloudDocs/Documents/VSCode/Tax-App-Frontend/src/app/login/responsive-layout.test.tsx:293:13)
          at Promise.finally.completed (/Users/ryan/Library/Mobile Documents/com~apple~CloudDocs/Documents/VSCode/Tax-App-Frontend/node_modules/jest-circus/build/jestAdapterInit.js:1557:28)
          at new Promise (<anonymous>)
          at callAsyncCircusFn (/Users/ryan/Library/Mobile Documents/com~apple~CloudDocs/Documents/VSCode/Tax-App-Frontend/node_modules/jest-circus/build/jestAdapterInit.js:1497:10)
          at _callCircusTest (/Users/ryan/Library/Mobile Documents/com~apple~CloudDocs/Documents/VSCode/Tax-App-Frontend/node_modules/jest-circus/build/jestAdapterInit.js:1007:40)
          at processTicksAndRejections (node:internal/process/task_queues:95:5)
          at _runTest (/Users/ryan/Library/Mobile Documents/com~apple~CloudDocs/Documents/VSCode/Tax-App-Frontend/node_modules/jest-circus/build/jestAdapterInit.js:947:3)
          at /Users/ryan/Library/Mobile Documents/com~apple~CloudDocs/Documents/VSCode/Tax-App-Frontend/node_modules/jest-circus/build/jestAdapterInit.js:849:7
          at _runTestsForDescribeBlock (/Users/ryan/Library/Mobile Documents/com~apple~CloudDocs/Documents/VSCode/Tax-App-Frontend/node_modules/jest-circus/build/jestAdapterInit.js:862:11)
          at _runTestsForDescribeBlock (/Users/ryan/Library/Mobile Documents/com~apple~CloudDocs/Documents/VSCode/Tax-App-Frontend/node_modules/jest-circus/build/jestAdapterInit.js:857:11)
          at _runTestsForDescribeBlock (/Users/ryan/Library/Mobile Documents/com~apple~CloudDocs/Documents/VSCode/Tax-App-Frontend/node_modules/jest-circus/build/jestAdapterInit.js:857:11)
          at run (/Users/ryan/Library/Mobile Documents/com~apple~CloudDocs/Documents/VSCode/Tax-App-Frontend/node_modules/jest-circus/build/jestAdapterInit.js:761:3)
          at runAndTransformResultsToJestFormat (/Users/ryan/Library/Mobile Documents/com~apple~CloudDocs/Documents/VSCode/Tax-App-Frontend/node_modules/jest-circus/build/jestAdapterInit.js:1918:21)
          at jestAdapter (/Users/ryan/Library/Mobile Documents/com~apple~CloudDocs/Documents/VSCode/Tax-App-Frontend/node_modules/jest-circus/build/runner.js:101:19)
          at runTestInternal (/Users/ryan/Library/Mobile Documents/com~apple~CloudDocs/Documents/VSCode/Tax-App-Frontend/node_modules/jest-runner/build/testWorker.js:275:16)
          at runTest (/Users/ryan/Library/Mobile Documents/com~apple~CloudDocs/Documents/VSCode/Tax-App-Frontend/node_modules/jest-runner/build/testWorker.js:343:7)
          at Object.worker (/Users/ryan/Library/Mobile Documents/com~apple~CloudDocs/Documents/VSCode/Tax-App-Frontend/node_modules/jest-runner/build/testWorker.js:497:12) {
        detail: TypeError: Cannot read properties of undefined (reading 'state')
            at state (/Users/ryan/Library/Mobile Documents/com~apple~CloudDocs/Documents/VSCode/Tax-App-Frontend/src/components/LoginForm.tsx:93:15)
            at renderWithHooks (/Users/ryan/Library/Mobile Documents/com~apple~CloudDocs/Documents/VSCode/Tax-App-Frontend/node_modules/react-dom/cjs/react-dom.development.js:15486:18)
            at mountIndeterminateComponent (/Users/ryan/Library/Mobile Documents/com~apple~CloudDocs/Documents/VSCode/Tax-App-Frontend/node_modules/react-dom/cjs/react-dom.development.js:20103:13)
            at beginWork (/Users/ryan/Library/Mobile Documents/com~apple~CloudDocs/Documents/VSCode/Tax-App-Frontend/node_modules/react-dom/cjs/react-dom.development.js:21626:16)
            at HTMLUnknownElement.callCallback (/Users/ryan/Library/Mobile Documents/com~apple~CloudDocs/Documents/VSCode/Tax-App-Frontend/node_modules/react-dom/cjs/react-dom.development.js:4164:14)
            at HTMLUnknownElement.callTheUserObjectsOperation (/Users/ryan/Library/Mobile Documents/com~apple~CloudDocs/Documents/VSCode/Tax-App-Frontend/node_modules/jsdom/lib/jsdom/living/generated/EventListener.js:26:30)
            at innerInvokeEventListeners (/Users/ryan/Library/Mobile Documents/com~apple~CloudDocs/Documents/VSCode/Tax-App-Frontend/node_modules/jsdom/lib/jsdom/living/events/EventTarget-impl.js:350:25)
            at invokeEventListeners (/Users/ryan/Library/Mobile Documents/com~apple~CloudDocs/Documents/VSCode/Tax-App-Frontend/node_modules/jsdom/lib/jsdom/living/events/EventTarget-impl.js:286:3)
            at HTMLUnknownElementImpl._dispatch (/Users/ryan/Library/Mobile Documents/com~apple~CloudDocs/Documents/VSCode/Tax-App-Frontend/node_modules/jsdom/lib/jsdom/living/events/EventTarget-impl.js:233:9)
            at HTMLUnknownElementImpl.dispatchEvent (/Users/ryan/Library/Mobile Documents/com~apple~CloudDocs/Documents/VSCode/Tax-App-Frontend/node_modules/jsdom/lib/jsdom/living/events/EventTarget-impl.js:104:17)
            at HTMLUnknownElement.dispatchEvent (/Users/ryan/Library/Mobile Documents/com~apple~CloudDocs/Documents/VSCode/Tax-App-Frontend/node_modules/jsdom/lib/jsdom/living/generated/EventTarget.js:241:34)
            at Object.invokeGuardedCallbackDev (/Users/ryan/Library/Mobile Documents/com~apple~CloudDocs/Documents/VSCode/Tax-App-Frontend/node_modules/react-dom/cjs/react-dom.development.js:4213:16)
            at invokeGuardedCallback (/Users/ryan/Library/Mobile Documents/com~apple~CloudDocs/Documents/VSCode/Tax-App-Frontend/node_modules/react-dom/cjs/react-dom.development.js:4277:31)
            at beginWork$1 (/Users/ryan/Library/Mobile Documents/com~apple~CloudDocs/Documents/VSCode/Tax-App-Frontend/node_modules/react-dom/cjs/react-dom.development.js:27490:7)
            at performUnitOfWork (/Users/ryan/Library/Mobile Documents/com~apple~CloudDocs/Documents/VSCode/Tax-App-Frontend/node_modules/react-dom/cjs/react-dom.development.js:26599:12)
            at workLoopSync (/Users/ryan/Library/Mobile Documents/com~apple~CloudDocs/Documents/VSCode/Tax-App-Frontend/node_modules/react-dom/cjs/react-dom.development.js:26505:5)
            at renderRootSync (/Users/ryan/Library/Mobile Documents/com~apple~CloudDocs/Documents/VSCode/Tax-App-Frontend/node_modules/react-dom/cjs/react-dom.development.js:26473:7)
            at performConcurrentWorkOnRoot (/Users/ryan/Library/Mobile Documents/com~apple~CloudDocs/Documents/VSCode/Tax-App-Frontend/node_modules/react-dom/cjs/react-dom.development.js:25777:74)
            at flushActQueue (/Users/ryan/Library/Mobile Documents/com~apple~CloudDocs/Documents/VSCode/Tax-App-Frontend/node_modules/react/cjs/react.development.js:2667:24)
            at act (/Users/ryan/Library/Mobile Documents/com~apple~CloudDocs/Documents/VSCode/Tax-App-Frontend/node_modules/react/cjs/react.development.js:2582:11)
            at /Users/ryan/Library/Mobile Documents/com~apple~CloudDocs/Documents/VSCode/Tax-App-Frontend/node_modules/@testing-library/react/dist/act-compat.js:46:25
            at renderRoot (/Users/ryan/Library/Mobile Documents/com~apple~CloudDocs/Documents/VSCode/Tax-App-Frontend/node_modules/@testing-library/react/dist/pure.js:189:26)
            at render (/Users/ryan/Library/Mobile Documents/com~apple~CloudDocs/Documents/VSCode/Tax-App-Frontend/node_modules/@testing-library/react/dist/pure.js:291:10)
            at Object.<anonymous> (/Users/ryan/Library/Mobile Documents/com~apple~CloudDocs/Documents/VSCode/Tax-App-Frontend/src/app/login/responsive-layout.test.tsx:293:13)
            at Promise.finally.completed (/Users/ryan/Library/Mobile Documents/com~apple~CloudDocs/Documents/VSCode/Tax-App-Frontend/node_modules/jest-circus/build/jestAdapterInit.js:1557:28)
            at new Promise (<anonymous>)
            at callAsyncCircusFn (/Users/ryan/Library/Mobile Documents/com~apple~CloudDocs/Documents/VSCode/Tax-App-Frontend/node_modules/jest-circus/build/jestAdapterInit.js:1497:10)
            at _callCircusTest (/Users/ryan/Library/Mobile Documents/com~apple~CloudDocs/Documents/VSCode/Tax-App-Frontend/node_modules/jest-circus/build/jestAdapterInit.js:1007:40)
            at processTicksAndRejections (node:internal/process/task_queues:95:5)
            at _runTest (/Users/ryan/Library/Mobile Documents/com~apple~CloudDocs/Documents/VSCode/Tax-App-Frontend/node_modules/jest-circus/build/jestAdapterInit.js:947:3)
            at /Users/ryan/Library/Mobile Documents/com~apple~CloudDocs/Documents/VSCode/Tax-App-Frontend/node_modules/jest-circus/build/jestAdapterInit.js:849:7
            at _runTestsForDescribeBlock (/Users/ryan/Library/Mobile Documents/com~apple~CloudDocs/Documents/VSCode/Tax-App-Frontend/node_modules/jest-circus/build/jestAdapterInit.js:862:11)
            at _runTestsForDescribeBlock (/Users/ryan/Library/Mobile Documents/com~apple~CloudDocs/Documents/VSCode/Tax-App-Frontend/node_modules/jest-circus/build/jestAdapterInit.js:857:11)
            at _runTestsForDescribeBlock (/Users/ryan/Library/Mobile Documents/com~apple~CloudDocs/Documents/VSCode/Tax-App-Frontend/node_modules/jest-circus/build/jestAdapterInit.js:857:11)
            at run (/Users/ryan/Library/Mobile Documents/com~apple~CloudDocs/Documents/VSCode/Tax-App-Frontend/node_modules/jest-circus/build/jestAdapterInit.js:761:3)
            at runAndTransformResultsToJestFormat (/Users/ryan/Library/Mobile Documents/com~apple~CloudDocs/Documents/VSCode/Tax-App-Frontend/node_modules/jest-circus/build/jestAdapterInit.js:1918:21)
            at jestAdapter (/Users/ryan/Library/Mobile Documents/com~apple~CloudDocs/Documents/VSCode/Tax-App-Frontend/node_modules/jest-circus/build/runner.js:101:19)
            at runTestInternal (/Users/ryan/Library/Mobile Documents/com~apple~CloudDocs/Documents/VSCode/Tax-App-Frontend/node_modules/jest-runner/build/testWorker.js:275:16)
            at runTest (/Users/ryan/Library/Mobile Documents/com~apple~CloudDocs/Documents/VSCode/Tax-App-Frontend/node_modules/jest-runner/build/testWorker.js:343:7)
            at Object.worker (/Users/ryan/Library/Mobile Documents/com~apple~CloudDocs/Documents/VSCode/Tax-App-Frontend/node_modules/jest-runner/build/testWorker.js:497:12),
        type: 'unhandled exception'
      }

      291 |
      292 |     test('should use responsive font sizes for description', () => {
    > 293 |       render(<LoginPageClient />);
          |             ^
      294 |
      295 |       const description = screen.getByText(/Enter your credentials/i);
      296 |       

      at VirtualConsole.<anonymous> (node_modules/@jest/environment-jsdom-abstract/build/index.js:87:23)
      at reportException (node_modules/jsdom/lib/jsdom/living/helpers/runtime-script-errors.js:70:28)
      at innerInvokeEventListeners (node_modules/jsdom/lib/jsdom/living/events/EventTarget-impl.js:353:9)
      at invokeEventListeners (node_modules/jsdom/lib/jsdom/living/events/EventTarget-impl.js:286:3)
      at HTMLUnknownElementImpl._dispatch (node_modules/jsdom/lib/jsdom/living/events/EventTarget-impl.js:233:9)
      at HTMLUnknownElementImpl.dispatchEvent (node_modules/jsdom/lib/jsdom/living/events/EventTarget-impl.js:104:17)
      at HTMLUnknownElement.dispatchEvent (node_modules/jsdom/lib/jsdom/living/generated/EventTarget.js:241:34)
      at Object.invokeGuardedCallbackDev (node_modules/react-dom/cjs/react-dom.development.js:4213:16)
      at invokeGuardedCallback (node_modules/react-dom/cjs/react-dom.development.js:4277:31)
      at beginWork$1 (node_modules/react-dom/cjs/react-dom.development.js:27490:7)
      at performUnitOfWork (node_modules/react-dom/cjs/react-dom.development.js:26599:12)
      at workLoopSync (node_modules/react-dom/cjs/react-dom.development.js:26505:5)
      at renderRootSync (node_modules/react-dom/cjs/react-dom.development.js:26473:7)
      at performConcurrentWorkOnRoot (node_modules/react-dom/cjs/react-dom.development.js:25777:74)
      at flushActQueue (node_modules/react/cjs/react.development.js:2667:24)
      at act (node_modules/react/cjs/react.development.js:2582:11)
      at node_modules/@testing-library/react/dist/act-compat.js:46:25
      at renderRoot (node_modules/@testing-library/react/dist/pure.js:189:26)
      at render (node_modules/@testing-library/react/dist/pure.js:291:10)
      at Object.<anonymous> (src/app/login/responsive-layout.test.tsx:293:13)

    console.error
      Error: Uncaught [TypeError: Cannot read properties of undefined (reading 'state')]
          at reportException (/Users/ryan/Library/Mobile Documents/com~apple~CloudDocs/Documents/VSCode/Tax-App-Frontend/node_modules/jsdom/lib/jsdom/living/helpers/runtime-script-errors.js:66:24)
          at innerInvokeEventListeners (/Users/ryan/Library/Mobile Documents/com~apple~CloudDocs/Documents/VSCode/Tax-App-Frontend/node_modules/jsdom/lib/jsdom/living/events/EventTarget-impl.js:353:9)
          at invokeEventListeners (/Users/ryan/Library/Mobile Documents/com~apple~CloudDocs/Documents/VSCode/Tax-App-Frontend/node_modules/jsdom/lib/jsdom/living/events/EventTarget-impl.js:286:3)
          at HTMLUnknownElementImpl._dispatch (/Users/ryan/Library/Mobile Documents/com~apple~CloudDocs/Documents/VSCode/Tax-App-Frontend/node_modules/jsdom/lib/jsdom/living/events/EventTarget-impl.js:233:9)
          at HTMLUnknownElementImpl.dispatchEvent (/Users/ryan/Library/Mobile Documents/com~apple~CloudDocs/Documents/VSCode/Tax-App-Frontend/node_modules/jsdom/lib/jsdom/living/events/EventTarget-impl.js:104:17)
          at HTMLUnknownElement.dispatchEvent (/Users/ryan/Library/Mobile Documents/com~apple~CloudDocs/Documents/VSCode/Tax-App-Frontend/node_modules/jsdom/lib/jsdom/living/generated/EventTarget.js:241:34)
          at Object.invokeGuardedCallbackDev (/Users/ryan/Library/Mobile Documents/com~apple~CloudDocs/Documents/VSCode/Tax-App-Frontend/node_modules/react-dom/cjs/react-dom.development.js:4213:16)
          at invokeGuardedCallback (/Users/ryan/Library/Mobile Documents/com~apple~CloudDocs/Documents/VSCode/Tax-App-Frontend/node_modules/react-dom/cjs/react-dom.development.js:4277:31)
          at beginWork$1 (/Users/ryan/Library/Mobile Documents/com~apple~CloudDocs/Documents/VSCode/Tax-App-Frontend/node_modules/react-dom/cjs/react-dom.development.js:27490:7)
          at performUnitOfWork (/Users/ryan/Library/Mobile Documents/com~apple~CloudDocs/Documents/VSCode/Tax-App-Frontend/node_modules/react-dom/cjs/react-dom.development.js:26599:12)
          at workLoopSync (/Users/ryan/Library/Mobile Documents/com~apple~CloudDocs/Documents/VSCode/Tax-App-Frontend/node_modules/react-dom/cjs/react-dom.development.js:26505:5)
          at renderRootSync (/Users/ryan/Library/Mobile Documents/com~apple~CloudDocs/Documents/VSCode/Tax-App-Frontend/node_modules/react-dom/cjs/react-dom.development.js:26473:7)
          at recoverFromConcurrentError (/Users/ryan/Library/Mobile Documents/com~apple~CloudDocs/Documents/VSCode/Tax-App-Frontend/node_modules/react-dom/cjs/react-dom.development.js:25889:20)
          at performConcurrentWorkOnRoot (/Users/ryan/Library/Mobile Documents/com~apple~CloudDocs/Documents/VSCode/Tax-App-Frontend/node_modules/react-dom/cjs/react-dom.development.js:25789:22)
          at flushActQueue (/Users/ryan/Library/Mobile Documents/com~apple~CloudDocs/Documents/VSCode/Tax-App-Frontend/node_modules/react/cjs/react.development.js:2667:24)
          at act (/Users/ryan/Library/Mobile Documents/com~apple~CloudDocs/Documents/VSCode/Tax-App-Frontend/node_modules/react/cjs/react.development.js:2582:11)
          at /Users/ryan/Library/Mobile Documents/com~apple~CloudDocs/Documents/VSCode/Tax-App-Frontend/node_modules/@testing-library/react/dist/act-compat.js:46:25
          at renderRoot (/Users/ryan/Library/Mobile Documents/com~apple~CloudDocs/Documents/VSCode/Tax-App-Frontend/node_modules/@testing-library/react/dist/pure.js:189:26)
          at render (/Users/ryan/Library/Mobile Documents/com~apple~CloudDocs/Documents/VSCode/Tax-App-Frontend/node_modules/@testing-library/react/dist/pure.js:291:10)
          at Object.<anonymous> (/Users/ryan/Library/Mobile Documents/com~apple~CloudDocs/Documents/VSCode/Tax-App-Frontend/src/app/login/responsive-layout.test.tsx:293:13)
          at Promise.finally.completed (/Users/ryan/Library/Mobile Documents/com~apple~CloudDocs/Documents/VSCode/Tax-App-Frontend/node_modules/jest-circus/build/jestAdapterInit.js:1557:28)
          at new Promise (<anonymous>)
          at callAsyncCircusFn (/Users/ryan/Library/Mobile Documents/com~apple~CloudDocs/Documents/VSCode/Tax-App-Frontend/node_modules/jest-circus/build/jestAdapterInit.js:1497:10)
          at _callCircusTest (/Users/ryan/Library/Mobile Documents/com~apple~CloudDocs/Documents/VSCode/Tax-App-Frontend/node_modules/jest-circus/build/jestAdapterInit.js:1007:40)
          at processTicksAndRejections (node:internal/process/task_queues:95:5)
          at _runTest (/Users/ryan/Library/Mobile Documents/com~apple~CloudDocs/Documents/VSCode/Tax-App-Frontend/node_modules/jest-circus/build/jestAdapterInit.js:947:3)
          at /Users/ryan/Library/Mobile Documents/com~apple~CloudDocs/Documents/VSCode/Tax-App-Frontend/node_modules/jest-circus/build/jestAdapterInit.js:849:7
          at _runTestsForDescribeBlock (/Users/ryan/Library/Mobile Documents/com~apple~CloudDocs/Documents/VSCode/Tax-App-Frontend/node_modules/jest-circus/build/jestAdapterInit.js:862:11)
          at _runTestsForDescribeBlock (/Users/ryan/Library/Mobile Documents/com~apple~CloudDocs/Documents/VSCode/Tax-App-Frontend/node_modules/jest-circus/build/jestAdapterInit.js:857:11)
          at _runTestsForDescribeBlock (/Users/ryan/Library/Mobile Documents/com~apple~CloudDocs/Documents/VSCode/Tax-App-Frontend/node_modules/jest-circus/build/jestAdapterInit.js:857:11)
          at run (/Users/ryan/Library/Mobile Documents/com~apple~CloudDocs/Documents/VSCode/Tax-App-Frontend/node_modules/jest-circus/build/jestAdapterInit.js:761:3)
          at runAndTransformResultsToJestFormat (/Users/ryan/Library/Mobile Documents/com~apple~CloudDocs/Documents/VSCode/Tax-App-Frontend/node_modules/jest-circus/build/jestAdapterInit.js:1918:21)
          at jestAdapter (/Users/ryan/Library/Mobile Documents/com~apple~CloudDocs/Documents/VSCode/Tax-App-Frontend/node_modules/jest-circus/build/runner.js:101:19)
          at runTestInternal (/Users/ryan/Library/Mobile Documents/com~apple~CloudDocs/Documents/VSCode/Tax-App-Frontend/node_modules/jest-runner/build/testWorker.js:275:16)
          at runTest (/Users/ryan/Library/Mobile Documents/com~apple~CloudDocs/Documents/VSCode/Tax-App-Frontend/node_modules/jest-runner/build/testWorker.js:343:7)
          at Object.worker (/Users/ryan/Library/Mobile Documents/com~apple~CloudDocs/Documents/VSCode/Tax-App-Frontend/node_modules/jest-runner/build/testWorker.js:497:12) {
        detail: TypeError: Cannot read properties of undefined (reading 'state')
            at state (/Users/ryan/Library/Mobile Documents/com~apple~CloudDocs/Documents/VSCode/Tax-App-Frontend/src/components/LoginForm.tsx:93:15)
            at renderWithHooks (/Users/ryan/Library/Mobile Documents/com~apple~CloudDocs/Documents/VSCode/Tax-App-Frontend/node_modules/react-dom/cjs/react-dom.development.js:15486:18)
            at mountIndeterminateComponent (/Users/ryan/Library/Mobile Documents/com~apple~CloudDocs/Documents/VSCode/Tax-App-Frontend/node_modules/react-dom/cjs/react-dom.development.js:20103:13)
            at beginWork (/Users/ryan/Library/Mobile Documents/com~apple~CloudDocs/Documents/VSCode/Tax-App-Frontend/node_modules/react-dom/cjs/react-dom.development.js:21626:16)
            at HTMLUnknownElement.callCallback (/Users/ryan/Library/Mobile Documents/com~apple~CloudDocs/Documents/VSCode/Tax-App-Frontend/node_modules/react-dom/cjs/react-dom.development.js:4164:14)
            at HTMLUnknownElement.callTheUserObjectsOperation (/Users/ryan/Library/Mobile Documents/com~apple~CloudDocs/Documents/VSCode/Tax-App-Frontend/node_modules/jsdom/lib/jsdom/living/generated/EventListener.js:26:30)
            at innerInvokeEventListeners (/Users/ryan/Library/Mobile Documents/com~apple~CloudDocs/Documents/VSCode/Tax-App-Frontend/node_modules/jsdom/lib/jsdom/living/events/EventTarget-impl.js:350:25)
            at invokeEventListeners (/Users/ryan/Library/Mobile Documents/com~apple~CloudDocs/Documents/VSCode/Tax-App-Frontend/node_modules/jsdom/lib/jsdom/living/events/EventTarget-impl.js:286:3)
            at HTMLUnknownElementImpl._dispatch (/Users/ryan/Library/Mobile Documents/com~apple~CloudDocs/Documents/VSCode/Tax-App-Frontend/node_modules/jsdom/lib/jsdom/living/events/EventTarget-impl.js:233:9)
            at HTMLUnknownElementImpl.dispatchEvent (/Users/ryan/Library/Mobile Documents/com~apple~CloudDocs/Documents/VSCode/Tax-App-Frontend/node_modules/jsdom/lib/jsdom/living/events/EventTarget-impl.js:104:17)
            at HTMLUnknownElement.dispatchEvent (/Users/ryan/Library/Mobile Documents/com~apple~CloudDocs/Documents/VSCode/Tax-App-Frontend/node_modules/jsdom/lib/jsdom/living/generated/EventTarget.js:241:34)
            at Object.invokeGuardedCallbackDev (/Users/ryan/Library/Mobile Documents/com~apple~CloudDocs/Documents/VSCode/Tax-App-Frontend/node_modules/react-dom/cjs/react-dom.development.js:4213:16)
            at invokeGuardedCallback (/Users/ryan/Library/Mobile Documents/com~apple~CloudDocs/Documents/VSCode/Tax-App-Frontend/node_modules/react-dom/cjs/react-dom.development.js:4277:31)
            at beginWork$1 (/Users/ryan/Library/Mobile Documents/com~apple~CloudDocs/Documents/VSCode/Tax-App-Frontend/node_modules/react-dom/cjs/react-dom.development.js:27490:7)
            at performUnitOfWork (/Users/ryan/Library/Mobile Documents/com~apple~CloudDocs/Documents/VSCode/Tax-App-Frontend/node_modules/react-dom/cjs/react-dom.development.js:26599:12)
            at workLoopSync (/Users/ryan/Library/Mobile Documents/com~apple~CloudDocs/Documents/VSCode/Tax-App-Frontend/node_modules/react-dom/cjs/react-dom.development.js:26505:5)
            at renderRootSync (/Users/ryan/Library/Mobile Documents/com~apple~CloudDocs/Documents/VSCode/Tax-App-Frontend/node_modules/react-dom/cjs/react-dom.development.js:26473:7)
            at recoverFromConcurrentError (/Users/ryan/Library/Mobile Documents/com~apple~CloudDocs/Documents/VSCode/Tax-App-Frontend/node_modules/react-dom/cjs/react-dom.development.js:25889:20)
            at performConcurrentWorkOnRoot (/Users/ryan/Library/Mobile Documents/com~apple~CloudDocs/Documents/VSCode/Tax-App-Frontend/node_modules/react-dom/cjs/react-dom.development.js:25789:22)
            at flushActQueue (/Users/ryan/Library/Mobile Documents/com~apple~CloudDocs/Documents/VSCode/Tax-App-Frontend/node_modules/react/cjs/react.development.js:2667:24)
            at act (/Users/ryan/Library/Mobile Documents/com~apple~CloudDocs/Documents/VSCode/Tax-App-Frontend/node_modules/react/cjs/react.development.js:2582:11)
            at /Users/ryan/Library/Mobile Documents/com~apple~CloudDocs/Documents/VSCode/Tax-App-Frontend/node_modules/@testing-library/react/dist/act-compat.js:46:25
            at renderRoot (/Users/ryan/Library/Mobile Documents/com~apple~CloudDocs/Documents/VSCode/Tax-App-Frontend/node_modules/@testing-library/react/dist/pure.js:189:26)
            at render (/Users/ryan/Library/Mobile Documents/com~apple~CloudDocs/Documents/VSCode/Tax-App-Frontend/node_modules/@testing-library/react/dist/pure.js:291:10)
            at Object.<anonymous> (/Users/ryan/Library/Mobile Documents/com~apple~CloudDocs/Documents/VSCode/Tax-App-Frontend/src/app/login/responsive-layout.test.tsx:293:13)
            at Promise.finally.completed (/Users/ryan/Library/Mobile Documents/com~apple~CloudDocs/Documents/VSCode/Tax-App-Frontend/node_modules/jest-circus/build/jestAdapterInit.js:1557:28)
            at new Promise (<anonymous>)
            at callAsyncCircusFn (/Users/ryan/Library/Mobile Documents/com~apple~CloudDocs/Documents/VSCode/Tax-App-Frontend/node_modules/jest-circus/build/jestAdapterInit.js:1497:10)
            at _callCircusTest (/Users/ryan/Library/Mobile Documents/com~apple~CloudDocs/Documents/VSCode/Tax-App-Frontend/node_modules/jest-circus/build/jestAdapterInit.js:1007:40)
            at processTicksAndRejections (node:internal/process/task_queues:95:5)
            at _runTest (/Users/ryan/Library/Mobile Documents/com~apple~CloudDocs/Documents/VSCode/Tax-App-Frontend/node_modules/jest-circus/build/jestAdapterInit.js:947:3)
            at /Users/ryan/Library/Mobile Documents/com~apple~CloudDocs/Documents/VSCode/Tax-App-Frontend/node_modules/jest-circus/build/jestAdapterInit.js:849:7
            at _runTestsForDescribeBlock (/Users/ryan/Library/Mobile Documents/com~apple~CloudDocs/Documents/VSCode/Tax-App-Frontend/node_modules/jest-circus/build/jestAdapterInit.js:862:11)
            at _runTestsForDescribeBlock (/Users/ryan/Library/Mobile Documents/com~apple~CloudDocs/Documents/VSCode/Tax-App-Frontend/node_modules/jest-circus/build/jestAdapterInit.js:857:11)
            at _runTestsForDescribeBlock (/Users/ryan/Library/Mobile Documents/com~apple~CloudDocs/Documents/VSCode/Tax-App-Frontend/node_modules/jest-circus/build/jestAdapterInit.js:857:11)
            at run (/Users/ryan/Library/Mobile Documents/com~apple~CloudDocs/Documents/VSCode/Tax-App-Frontend/node_modules/jest-circus/build/jestAdapterInit.js:761:3)
            at runAndTransformResultsToJestFormat (/Users/ryan/Library/Mobile Documents/com~apple~CloudDocs/Documents/VSCode/Tax-App-Frontend/node_modules/jest-circus/build/jestAdapterInit.js:1918:21)
            at jestAdapter (/Users/ryan/Library/Mobile Documents/com~apple~CloudDocs/Documents/VSCode/Tax-App-Frontend/node_modules/jest-circus/build/runner.js:101:19)
            at runTestInternal (/Users/ryan/Library/Mobile Documents/com~apple~CloudDocs/Documents/VSCode/Tax-App-Frontend/node_modules/jest-runner/build/testWorker.js:275:16)
            at runTest (/Users/ryan/Library/Mobile Documents/com~apple~CloudDocs/Documents/VSCode/Tax-App-Frontend/node_modules/jest-runner/build/testWorker.js:343:7)
            at Object.worker (/Users/ryan/Library/Mobile Documents/com~apple~CloudDocs/Documents/VSCode/Tax-App-Frontend/node_modules/jest-runner/build/testWorker.js:497:12),
        type: 'unhandled exception'
      }

      291 |
      292 |     test('should use responsive font sizes for description', () => {
    > 293 |       render(<LoginPageClient />);
          |             ^
      294 |
      295 |       const description = screen.getByText(/Enter your credentials/i);
      296 |       

      at VirtualConsole.<anonymous> (node_modules/@jest/environment-jsdom-abstract/build/index.js:87:23)
      at reportException (node_modules/jsdom/lib/jsdom/living/helpers/runtime-script-errors.js:70:28)
      at innerInvokeEventListeners (node_modules/jsdom/lib/jsdom/living/events/EventTarget-impl.js:353:9)
      at invokeEventListeners (node_modules/jsdom/lib/jsdom/living/events/EventTarget-impl.js:286:3)
      at HTMLUnknownElementImpl._dispatch (node_modules/jsdom/lib/jsdom/living/events/EventTarget-impl.js:233:9)
      at HTMLUnknownElementImpl.dispatchEvent (node_modules/jsdom/lib/jsdom/living/events/EventTarget-impl.js:104:17)
      at HTMLUnknownElement.dispatchEvent (node_modules/jsdom/lib/jsdom/living/generated/EventTarget.js:241:34)
      at Object.invokeGuardedCallbackDev (node_modules/react-dom/cjs/react-dom.development.js:4213:16)
      at invokeGuardedCallback (node_modules/react-dom/cjs/react-dom.development.js:4277:31)
      at beginWork$1 (node_modules/react-dom/cjs/react-dom.development.js:27490:7)
      at performUnitOfWork (node_modules/react-dom/cjs/react-dom.development.js:26599:12)
      at workLoopSync (node_modules/react-dom/cjs/react-dom.development.js:26505:5)
      at renderRootSync (node_modules/react-dom/cjs/react-dom.development.js:26473:7)
      at recoverFromConcurrentError (node_modules/react-dom/cjs/react-dom.development.js:25889:20)
      at performConcurrentWorkOnRoot (node_modules/react-dom/cjs/react-dom.development.js:25789:22)
      at flushActQueue (node_modules/react/cjs/react.development.js:2667:24)
      at act (node_modules/react/cjs/react.development.js:2582:11)
      at node_modules/@testing-library/react/dist/act-compat.js:46:25
      at renderRoot (node_modules/@testing-library/react/dist/pure.js:189:26)
      at render (node_modules/@testing-library/react/dist/pure.js:291:10)
      at Object.<anonymous> (src/app/login/responsive-layout.test.tsx:293:13)

    console.error
      The above error occurred in the <LoginForm> component:
      
          at className (/Users/ryan/Library/Mobile Documents/com~apple~CloudDocs/Documents/VSCode/Tax-App-Frontend/src/components/LoginForm.tsx:45:29)
          at div
          at children (/Users/ryan/Library/Mobile Documents/com~apple~CloudDocs/Documents/VSCode/Tax-App-Frontend/src/app/login/responsive-layout.test.tsx:62:19)
          at div
          at children (/Users/ryan/Library/Mobile Documents/com~apple~CloudDocs/Documents/VSCode/Tax-App-Frontend/src/app/login/responsive-layout.test.tsx:52:12)
          at div
          at div
          at div
          at children (/Users/ryan/Library/Mobile Documents/com~apple~CloudDocs/Documents/VSCode/Tax-App-Frontend/src/app/login/responsive-layout.test.tsx:47:21)
          at callbackUrl (/Users/ryan/Library/Mobile Documents/com~apple~CloudDocs/Documents/VSCode/Tax-App-Frontend/src/app/login/LoginPageClient.tsx:49:43)
      
      Consider adding an error boundary to your tree to customize error handling behavior.
      Visit https://reactjs.org/link/error-boundaries to learn more about error boundaries.

      291 |
      292 |     test('should use responsive font sizes for description', () => {
    > 293 |       render(<LoginPageClient />);
          |             ^
      294 |
      295 |       const description = screen.getByText(/Enter your credentials/i);
      296 |       

      at logCapturedError (node_modules/react-dom/cjs/react-dom.development.js:18704:23)
      at update.callback (node_modules/react-dom/cjs/react-dom.development.js:18737:5)
      at callCallback (node_modules/react-dom/cjs/react-dom.development.js:15036:12)
      at commitUpdateQueue (node_modules/react-dom/cjs/react-dom.development.js:15057:9)
      at commitLayoutEffectOnFiber (node_modules/react-dom/cjs/react-dom.development.js:23430:13)
      at commitLayoutMountEffects_complete (node_modules/react-dom/cjs/react-dom.development.js:24727:9)
      at commitLayoutEffects_begin (node_modules/react-dom/cjs/react-dom.development.js:24713:7)
      at commitLayoutEffects (node_modules/react-dom/cjs/react-dom.development.js:24651:3)
      at commitRootImpl (node_modules/react-dom/cjs/react-dom.development.js:26862:5)
      at commitRoot (node_modules/react-dom/cjs/react-dom.development.js:26721:5)
      at finishConcurrentRender (node_modules/react-dom/cjs/react-dom.development.js:25931:9)
      at performConcurrentWorkOnRoot (node_modules/react-dom/cjs/react-dom.development.js:25848:7)
      at flushActQueue (node_modules/react/cjs/react.development.js:2667:24)
      at act (node_modules/react/cjs/react.development.js:2582:11)
      at node_modules/@testing-library/react/dist/act-compat.js:46:25
      at renderRoot (node_modules/@testing-library/react/dist/pure.js:189:26)
      at render (node_modules/@testing-library/react/dist/pure.js:291:10)
      at Object.<anonymous> (src/app/login/responsive-layout.test.tsx:293:13)

    console.error
      Error: Uncaught [TypeError: Cannot read properties of undefined (reading 'state')]
          at reportException (/Users/ryan/Library/Mobile Documents/com~apple~CloudDocs/Documents/VSCode/Tax-App-Frontend/node_modules/jsdom/lib/jsdom/living/helpers/runtime-script-errors.js:66:24)
          at innerInvokeEventListeners (/Users/ryan/Library/Mobile Documents/com~apple~CloudDocs/Documents/VSCode/Tax-App-Frontend/node_modules/jsdom/lib/jsdom/living/events/EventTarget-impl.js:353:9)
          at invokeEventListeners (/Users/ryan/Library/Mobile Documents/com~apple~CloudDocs/Documents/VSCode/Tax-App-Frontend/node_modules/jsdom/lib/jsdom/living/events/EventTarget-impl.js:286:3)
          at HTMLUnknownElementImpl._dispatch (/Users/ryan/Library/Mobile Documents/com~apple~CloudDocs/Documents/VSCode/Tax-App-Frontend/node_modules/jsdom/lib/jsdom/living/events/EventTarget-impl.js:233:9)
          at HTMLUnknownElementImpl.dispatchEvent (/Users/ryan/Library/Mobile Documents/com~apple~CloudDocs/Documents/VSCode/Tax-App-Frontend/node_modules/jsdom/lib/jsdom/living/events/EventTarget-impl.js:104:17)
          at HTMLUnknownElement.dispatchEvent (/Users/ryan/Library/Mobile Documents/com~apple~CloudDocs/Documents/VSCode/Tax-App-Frontend/node_modules/jsdom/lib/jsdom/living/generated/EventTarget.js:241:34)
          at Object.invokeGuardedCallbackDev (/Users/ryan/Library/Mobile Documents/com~apple~CloudDocs/Documents/VSCode/Tax-App-Frontend/node_modules/react-dom/cjs/react-dom.development.js:4213:16)
          at invokeGuardedCallback (/Users/ryan/Library/Mobile Documents/com~apple~CloudDocs/Documents/VSCode/Tax-App-Frontend/node_modules/react-dom/cjs/react-dom.development.js:4277:31)
          at beginWork$1 (/Users/ryan/Library/Mobile Documents/com~apple~CloudDocs/Documents/VSCode/Tax-App-Frontend/node_modules/react-dom/cjs/react-dom.development.js:27490:7)
          at performUnitOfWork (/Users/ryan/Library/Mobile Documents/com~apple~CloudDocs/Documents/VSCode/Tax-App-Frontend/node_modules/react-dom/cjs/react-dom.development.js:26599:12)
          at workLoopSync (/Users/ryan/Library/Mobile Documents/com~apple~CloudDocs/Documents/VSCode/Tax-App-Frontend/node_modules/react-dom/cjs/react-dom.development.js:26505:5)
          at renderRootSync (/Users/ryan/Library/Mobile Documents/com~apple~CloudDocs/Documents/VSCode/Tax-App-Frontend/node_modules/react-dom/cjs/react-dom.development.js:26473:7)
          at performConcurrentWorkOnRoot (/Users/ryan/Library/Mobile Documents/com~apple~CloudDocs/Documents/VSCode/Tax-App-Frontend/node_modules/react-dom/cjs/react-dom.development.js:25777:74)
          at flushActQueue (/Users/ryan/Library/Mobile Documents/com~apple~CloudDocs/Documents/VSCode/Tax-App-Frontend/node_modules/react/cjs/react.development.js:2667:24)
          at act (/Users/ryan/Library/Mobile Documents/com~apple~CloudDocs/Documents/VSCode/Tax-App-Frontend/node_modules/react/cjs/react.development.js:2582:11)
          at /Users/ryan/Library/Mobile Documents/com~apple~CloudDocs/Documents/VSCode/Tax-App-Frontend/node_modules/@testing-library/react/dist/act-compat.js:46:25
          at renderRoot (/Users/ryan/Library/Mobile Documents/com~apple~CloudDocs/Documents/VSCode/Tax-App-Frontend/node_modules/@testing-library/react/dist/pure.js:189:26)
          at render (/Users/ryan/Library/Mobile Documents/com~apple~CloudDocs/Documents/VSCode/Tax-App-Frontend/node_modules/@testing-library/react/dist/pure.js:291:10)
          at Object.<anonymous> (/Users/ryan/Library/Mobile Documents/com~apple~CloudDocs/Documents/VSCode/Tax-App-Frontend/src/app/login/responsive-layout.test.tsx:302:13)
          at Promise.finally.completed (/Users/ryan/Library/Mobile Documents/com~apple~CloudDocs/Documents/VSCode/Tax-App-Frontend/node_modules/jest-circus/build/jestAdapterInit.js:1557:28)
          at new Promise (<anonymous>)
          at callAsyncCircusFn (/Users/ryan/Library/Mobile Documents/com~apple~CloudDocs/Documents/VSCode/Tax-App-Frontend/node_modules/jest-circus/build/jestAdapterInit.js:1497:10)
          at _callCircusTest (/Users/ryan/Library/Mobile Documents/com~apple~CloudDocs/Documents/VSCode/Tax-App-Frontend/node_modules/jest-circus/build/jestAdapterInit.js:1007:40)
          at processTicksAndRejections (node:internal/process/task_queues:95:5)
          at _runTest (/Users/ryan/Library/Mobile Documents/com~apple~CloudDocs/Documents/VSCode/Tax-App-Frontend/node_modules/jest-circus/build/jestAdapterInit.js:947:3)
          at /Users/ryan/Library/Mobile Documents/com~apple~CloudDocs/Documents/VSCode/Tax-App-Frontend/node_modules/jest-circus/build/jestAdapterInit.js:849:7
          at _runTestsForDescribeBlock (/Users/ryan/Library/Mobile Documents/com~apple~CloudDocs/Documents/VSCode/Tax-App-Frontend/node_modules/jest-circus/build/jestAdapterInit.js:862:11)
          at _runTestsForDescribeBlock (/Users/ryan/Library/Mobile Documents/com~apple~CloudDocs/Documents/VSCode/Tax-App-Frontend/node_modules/jest-circus/build/jestAdapterInit.js:857:11)
          at _runTestsForDescribeBlock (/Users/ryan/Library/Mobile Documents/com~apple~CloudDocs/Documents/VSCode/Tax-App-Frontend/node_modules/jest-circus/build/jestAdapterInit.js:857:11)
          at run (/Users/ryan/Library/Mobile Documents/com~apple~CloudDocs/Documents/VSCode/Tax-App-Frontend/node_modules/jest-circus/build/jestAdapterInit.js:761:3)
          at runAndTransformResultsToJestFormat (/Users/ryan/Library/Mobile Documents/com~apple~CloudDocs/Documents/VSCode/Tax-App-Frontend/node_modules/jest-circus/build/jestAdapterInit.js:1918:21)
          at jestAdapter (/Users/ryan/Library/Mobile Documents/com~apple~CloudDocs/Documents/VSCode/Tax-App-Frontend/node_modules/jest-circus/build/runner.js:101:19)
          at runTestInternal (/Users/ryan/Library/Mobile Documents/com~apple~CloudDocs/Documents/VSCode/Tax-App-Frontend/node_modules/jest-runner/build/testWorker.js:275:16)
          at runTest (/Users/ryan/Library/Mobile Documents/com~apple~CloudDocs/Documents/VSCode/Tax-App-Frontend/node_modules/jest-runner/build/testWorker.js:343:7)
          at Object.worker (/Users/ryan/Library/Mobile Documents/com~apple~CloudDocs/Documents/VSCode/Tax-App-Frontend/node_modules/jest-runner/build/testWorker.js:497:12) {
        detail: TypeError: Cannot read properties of undefined (reading 'state')
            at state (/Users/ryan/Library/Mobile Documents/com~apple~CloudDocs/Documents/VSCode/Tax-App-Frontend/src/components/LoginForm.tsx:93:15)
            at renderWithHooks (/Users/ryan/Library/Mobile Documents/com~apple~CloudDocs/Documents/VSCode/Tax-App-Frontend/node_modules/react-dom/cjs/react-dom.development.js:15486:18)
            at mountIndeterminateComponent (/Users/ryan/Library/Mobile Documents/com~apple~CloudDocs/Documents/VSCode/Tax-App-Frontend/node_modules/react-dom/cjs/react-dom.development.js:20103:13)
            at beginWork (/Users/ryan/Library/Mobile Documents/com~apple~CloudDocs/Documents/VSCode/Tax-App-Frontend/node_modules/react-dom/cjs/react-dom.development.js:21626:16)
            at HTMLUnknownElement.callCallback (/Users/ryan/Library/Mobile Documents/com~apple~CloudDocs/Documents/VSCode/Tax-App-Frontend/node_modules/react-dom/cjs/react-dom.development.js:4164:14)
            at HTMLUnknownElement.callTheUserObjectsOperation (/Users/ryan/Library/Mobile Documents/com~apple~CloudDocs/Documents/VSCode/Tax-App-Frontend/node_modules/jsdom/lib/jsdom/living/generated/EventListener.js:26:30)
            at innerInvokeEventListeners (/Users/ryan/Library/Mobile Documents/com~apple~CloudDocs/Documents/VSCode/Tax-App-Frontend/node_modules/jsdom/lib/jsdom/living/events/EventTarget-impl.js:350:25)
            at invokeEventListeners (/Users/ryan/Library/Mobile Documents/com~apple~CloudDocs/Documents/VSCode/Tax-App-Frontend/node_modules/jsdom/lib/jsdom/living/events/EventTarget-impl.js:286:3)
            at HTMLUnknownElementImpl._dispatch (/Users/ryan/Library/Mobile Documents/com~apple~CloudDocs/Documents/VSCode/Tax-App-Frontend/node_modules/jsdom/lib/jsdom/living/events/EventTarget-impl.js:233:9)
            at HTMLUnknownElementImpl.dispatchEvent (/Users/ryan/Library/Mobile Documents/com~apple~CloudDocs/Documents/VSCode/Tax-App-Frontend/node_modules/jsdom/lib/jsdom/living/events/EventTarget-impl.js:104:17)
            at HTMLUnknownElement.dispatchEvent (/Users/ryan/Library/Mobile Documents/com~apple~CloudDocs/Documents/VSCode/Tax-App-Frontend/node_modules/jsdom/lib/jsdom/living/generated/EventTarget.js:241:34)
            at Object.invokeGuardedCallbackDev (/Users/ryan/Library/Mobile Documents/com~apple~CloudDocs/Documents/VSCode/Tax-App-Frontend/node_modules/react-dom/cjs/react-dom.development.js:4213:16)
            at invokeGuardedCallback (/Users/ryan/Library/Mobile Documents/com~apple~CloudDocs/Documents/VSCode/Tax-App-Frontend/node_modules/react-dom/cjs/react-dom.development.js:4277:31)
            at beginWork$1 (/Users/ryan/Library/Mobile Documents/com~apple~CloudDocs/Documents/VSCode/Tax-App-Frontend/node_modules/react-dom/cjs/react-dom.development.js:27490:7)
            at performUnitOfWork (/Users/ryan/Library/Mobile Documents/com~apple~CloudDocs/Documents/VSCode/Tax-App-Frontend/node_modules/react-dom/cjs/react-dom.development.js:26599:12)
            at workLoopSync (/Users/ryan/Library/Mobile Documents/com~apple~CloudDocs/Documents/VSCode/Tax-App-Frontend/node_modules/react-dom/cjs/react-dom.development.js:26505:5)
            at renderRootSync (/Users/ryan/Library/Mobile Documents/com~apple~CloudDocs/Documents/VSCode/Tax-App-Frontend/node_modules/react-dom/cjs/react-dom.development.js:26473:7)
            at performConcurrentWorkOnRoot (/Users/ryan/Library/Mobile Documents/com~apple~CloudDocs/Documents/VSCode/Tax-App-Frontend/node_modules/react-dom/cjs/react-dom.development.js:25777:74)
            at flushActQueue (/Users/ryan/Library/Mobile Documents/com~apple~CloudDocs/Documents/VSCode/Tax-App-Frontend/node_modules/react/cjs/react.development.js:2667:24)
            at act (/Users/ryan/Library/Mobile Documents/com~apple~CloudDocs/Documents/VSCode/Tax-App-Frontend/node_modules/react/cjs/react.development.js:2582:11)
            at /Users/ryan/Library/Mobile Documents/com~apple~CloudDocs/Documents/VSCode/Tax-App-Frontend/node_modules/@testing-library/react/dist/act-compat.js:46:25
            at renderRoot (/Users/ryan/Library/Mobile Documents/com~apple~CloudDocs/Documents/VSCode/Tax-App-Frontend/node_modules/@testing-library/react/dist/pure.js:189:26)
            at render (/Users/ryan/Library/Mobile Documents/com~apple~CloudDocs/Documents/VSCode/Tax-App-Frontend/node_modules/@testing-library/react/dist/pure.js:291:10)
            at Object.<anonymous> (/Users/ryan/Library/Mobile Documents/com~apple~CloudDocs/Documents/VSCode/Tax-App-Frontend/src/app/login/responsive-layout.test.tsx:302:13)
            at Promise.finally.completed (/Users/ryan/Library/Mobile Documents/com~apple~CloudDocs/Documents/VSCode/Tax-App-Frontend/node_modules/jest-circus/build/jestAdapterInit.js:1557:28)
            at new Promise (<anonymous>)
            at callAsyncCircusFn (/Users/ryan/Library/Mobile Documents/com~apple~CloudDocs/Documents/VSCode/Tax-App-Frontend/node_modules/jest-circus/build/jestAdapterInit.js:1497:10)
            at _callCircusTest (/Users/ryan/Library/Mobile Documents/com~apple~CloudDocs/Documents/VSCode/Tax-App-Frontend/node_modules/jest-circus/build/jestAdapterInit.js:1007:40)
            at processTicksAndRejections (node:internal/process/task_queues:95:5)
            at _runTest (/Users/ryan/Library/Mobile Documents/com~apple~CloudDocs/Documents/VSCode/Tax-App-Frontend/node_modules/jest-circus/build/jestAdapterInit.js:947:3)
            at /Users/ryan/Library/Mobile Documents/com~apple~CloudDocs/Documents/VSCode/Tax-App-Frontend/node_modules/jest-circus/build/jestAdapterInit.js:849:7
            at _runTestsForDescribeBlock (/Users/ryan/Library/Mobile Documents/com~apple~CloudDocs/Documents/VSCode/Tax-App-Frontend/node_modules/jest-circus/build/jestAdapterInit.js:862:11)
            at _runTestsForDescribeBlock (/Users/ryan/Library/Mobile Documents/com~apple~CloudDocs/Documents/VSCode/Tax-App-Frontend/node_modules/jest-circus/build/jestAdapterInit.js:857:11)
            at _runTestsForDescribeBlock (/Users/ryan/Library/Mobile Documents/com~apple~CloudDocs/Documents/VSCode/Tax-App-Frontend/node_modules/jest-circus/build/jestAdapterInit.js:857:11)
            at run (/Users/ryan/Library/Mobile Documents/com~apple~CloudDocs/Documents/VSCode/Tax-App-Frontend/node_modules/jest-circus/build/jestAdapterInit.js:761:3)
            at runAndTransformResultsToJestFormat (/Users/ryan/Library/Mobile Documents/com~apple~CloudDocs/Documents/VSCode/Tax-App-Frontend/node_modules/jest-circus/build/jestAdapterInit.js:1918:21)
            at jestAdapter (/Users/ryan/Library/Mobile Documents/com~apple~CloudDocs/Documents/VSCode/Tax-App-Frontend/node_modules/jest-circus/build/runner.js:101:19)
            at runTestInternal (/Users/ryan/Library/Mobile Documents/com~apple~CloudDocs/Documents/VSCode/Tax-App-Frontend/node_modules/jest-runner/build/testWorker.js:275:16)
            at runTest (/Users/ryan/Library/Mobile Documents/com~apple~CloudDocs/Documents/VSCode/Tax-App-Frontend/node_modules/jest-runner/build/testWorker.js:343:7)
            at Object.worker (/Users/ryan/Library/Mobile Documents/com~apple~CloudDocs/Documents/VSCode/Tax-App-Frontend/node_modules/jest-runner/build/testWorker.js:497:12),
        type: 'unhandled exception'
      }

      300 |
      301 |     test('should use base text size for inputs', () => {
    > 302 |       render(<LoginPageClient />);
          |             ^
      303 |
      304 |       const emailInput = screen.getByLabelText(/email address/i);
      305 |       const passwordInput = screen.getByLabelText(/^password$/i);

      at VirtualConsole.<anonymous> (node_modules/@jest/environment-jsdom-abstract/build/index.js:87:23)
      at reportException (node_modules/jsdom/lib/jsdom/living/helpers/runtime-script-errors.js:70:28)
      at innerInvokeEventListeners (node_modules/jsdom/lib/jsdom/living/events/EventTarget-impl.js:353:9)
      at invokeEventListeners (node_modules/jsdom/lib/jsdom/living/events/EventTarget-impl.js:286:3)
      at HTMLUnknownElementImpl._dispatch (node_modules/jsdom/lib/jsdom/living/events/EventTarget-impl.js:233:9)
      at HTMLUnknownElementImpl.dispatchEvent (node_modules/jsdom/lib/jsdom/living/events/EventTarget-impl.js:104:17)
      at HTMLUnknownElement.dispatchEvent (node_modules/jsdom/lib/jsdom/living/generated/EventTarget.js:241:34)
      at Object.invokeGuardedCallbackDev (node_modules/react-dom/cjs/react-dom.development.js:4213:16)
      at invokeGuardedCallback (node_modules/react-dom/cjs/react-dom.development.js:4277:31)
      at beginWork$1 (node_modules/react-dom/cjs/react-dom.development.js:27490:7)
      at performUnitOfWork (node_modules/react-dom/cjs/react-dom.development.js:26599:12)
      at workLoopSync (node_modules/react-dom/cjs/react-dom.development.js:26505:5)
      at renderRootSync (node_modules/react-dom/cjs/react-dom.development.js:26473:7)
      at performConcurrentWorkOnRoot (node_modules/react-dom/cjs/react-dom.development.js:25777:74)
      at flushActQueue (node_modules/react/cjs/react.development.js:2667:24)
      at act (node_modules/react/cjs/react.development.js:2582:11)
      at node_modules/@testing-library/react/dist/act-compat.js:46:25
      at renderRoot (node_modules/@testing-library/react/dist/pure.js:189:26)
      at render (node_modules/@testing-library/react/dist/pure.js:291:10)
      at Object.<anonymous> (src/app/login/responsive-layout.test.tsx:302:13)

    console.error
      Error: Uncaught [TypeError: Cannot read properties of undefined (reading 'state')]
          at reportException (/Users/ryan/Library/Mobile Documents/com~apple~CloudDocs/Documents/VSCode/Tax-App-Frontend/node_modules/jsdom/lib/jsdom/living/helpers/runtime-script-errors.js:66:24)
          at innerInvokeEventListeners (/Users/ryan/Library/Mobile Documents/com~apple~CloudDocs/Documents/VSCode/Tax-App-Frontend/node_modules/jsdom/lib/jsdom/living/events/EventTarget-impl.js:353:9)
          at invokeEventListeners (/Users/ryan/Library/Mobile Documents/com~apple~CloudDocs/Documents/VSCode/Tax-App-Frontend/node_modules/jsdom/lib/jsdom/living/events/EventTarget-impl.js:286:3)
          at HTMLUnknownElementImpl._dispatch (/Users/ryan/Library/Mobile Documents/com~apple~CloudDocs/Documents/VSCode/Tax-App-Frontend/node_modules/jsdom/lib/jsdom/living/events/EventTarget-impl.js:233:9)
          at HTMLUnknownElementImpl.dispatchEvent (/Users/ryan/Library/Mobile Documents/com~apple~CloudDocs/Documents/VSCode/Tax-App-Frontend/node_modules/jsdom/lib/jsdom/living/events/EventTarget-impl.js:104:17)
          at HTMLUnknownElement.dispatchEvent (/Users/ryan/Library/Mobile Documents/com~apple~CloudDocs/Documents/VSCode/Tax-App-Frontend/node_modules/jsdom/lib/jsdom/living/generated/EventTarget.js:241:34)
          at Object.invokeGuardedCallbackDev (/Users/ryan/Library/Mobile Documents/com~apple~CloudDocs/Documents/VSCode/Tax-App-Frontend/node_modules/react-dom/cjs/react-dom.development.js:4213:16)
          at invokeGuardedCallback (/Users/ryan/Library/Mobile Documents/com~apple~CloudDocs/Documents/VSCode/Tax-App-Frontend/node_modules/react-dom/cjs/react-dom.development.js:4277:31)
          at beginWork$1 (/Users/ryan/Library/Mobile Documents/com~apple~CloudDocs/Documents/VSCode/Tax-App-Frontend/node_modules/react-dom/cjs/react-dom.development.js:27490:7)
          at performUnitOfWork (/Users/ryan/Library/Mobile Documents/com~apple~CloudDocs/Documents/VSCode/Tax-App-Frontend/node_modules/react-dom/cjs/react-dom.development.js:26599:12)
          at workLoopSync (/Users/ryan/Library/Mobile Documents/com~apple~CloudDocs/Documents/VSCode/Tax-App-Frontend/node_modules/react-dom/cjs/react-dom.development.js:26505:5)
          at renderRootSync (/Users/ryan/Library/Mobile Documents/com~apple~CloudDocs/Documents/VSCode/Tax-App-Frontend/node_modules/react-dom/cjs/react-dom.development.js:26473:7)
          at recoverFromConcurrentError (/Users/ryan/Library/Mobile Documents/com~apple~CloudDocs/Documents/VSCode/Tax-App-Frontend/node_modules/react-dom/cjs/react-dom.development.js:25889:20)
          at performConcurrentWorkOnRoot (/Users/ryan/Library/Mobile Documents/com~apple~CloudDocs/Documents/VSCode/Tax-App-Frontend/node_modules/react-dom/cjs/react-dom.development.js:25789:22)
          at flushActQueue (/Users/ryan/Library/Mobile Documents/com~apple~CloudDocs/Documents/VSCode/Tax-App-Frontend/node_modules/react/cjs/react.development.js:2667:24)
          at act (/Users/ryan/Library/Mobile Documents/com~apple~CloudDocs/Documents/VSCode/Tax-App-Frontend/node_modules/react/cjs/react.development.js:2582:11)
          at /Users/ryan/Library/Mobile Documents/com~apple~CloudDocs/Documents/VSCode/Tax-App-Frontend/node_modules/@testing-library/react/dist/act-compat.js:46:25
          at renderRoot (/Users/ryan/Library/Mobile Documents/com~apple~CloudDocs/Documents/VSCode/Tax-App-Frontend/node_modules/@testing-library/react/dist/pure.js:189:26)
          at render (/Users/ryan/Library/Mobile Documents/com~apple~CloudDocs/Documents/VSCode/Tax-App-Frontend/node_modules/@testing-library/react/dist/pure.js:291:10)
          at Object.<anonymous> (/Users/ryan/Library/Mobile Documents/com~apple~CloudDocs/Documents/VSCode/Tax-App-Frontend/src/app/login/responsive-layout.test.tsx:302:13)
          at Promise.finally.completed (/Users/ryan/Library/Mobile Documents/com~apple~CloudDocs/Documents/VSCode/Tax-App-Frontend/node_modules/jest-circus/build/jestAdapterInit.js:1557:28)
          at new Promise (<anonymous>)
          at callAsyncCircusFn (/Users/ryan/Library/Mobile Documents/com~apple~CloudDocs/Documents/VSCode/Tax-App-Frontend/node_modules/jest-circus/build/jestAdapterInit.js:1497:10)
          at _callCircusTest (/Users/ryan/Library/Mobile Documents/com~apple~CloudDocs/Documents/VSCode/Tax-App-Frontend/node_modules/jest-circus/build/jestAdapterInit.js:1007:40)
          at processTicksAndRejections (node:internal/process/task_queues:95:5)
          at _runTest (/Users/ryan/Library/Mobile Documents/com~apple~CloudDocs/Documents/VSCode/Tax-App-Frontend/node_modules/jest-circus/build/jestAdapterInit.js:947:3)
          at /Users/ryan/Library/Mobile Documents/com~apple~CloudDocs/Documents/VSCode/Tax-App-Frontend/node_modules/jest-circus/build/jestAdapterInit.js:849:7
          at _runTestsForDescribeBlock (/Users/ryan/Library/Mobile Documents/com~apple~CloudDocs/Documents/VSCode/Tax-App-Frontend/node_modules/jest-circus/build/jestAdapterInit.js:862:11)
          at _runTestsForDescribeBlock (/Users/ryan/Library/Mobile Documents/com~apple~CloudDocs/Documents/VSCode/Tax-App-Frontend/node_modules/jest-circus/build/jestAdapterInit.js:857:11)
          at _runTestsForDescribeBlock (/Users/ryan/Library/Mobile Documents/com~apple~CloudDocs/Documents/VSCode/Tax-App-Frontend/node_modules/jest-circus/build/jestAdapterInit.js:857:11)
          at run (/Users/ryan/Library/Mobile Documents/com~apple~CloudDocs/Documents/VSCode/Tax-App-Frontend/node_modules/jest-circus/build/jestAdapterInit.js:761:3)
          at runAndTransformResultsToJestFormat (/Users/ryan/Library/Mobile Documents/com~apple~CloudDocs/Documents/VSCode/Tax-App-Frontend/node_modules/jest-circus/build/jestAdapterInit.js:1918:21)
          at jestAdapter (/Users/ryan/Library/Mobile Documents/com~apple~CloudDocs/Documents/VSCode/Tax-App-Frontend/node_modules/jest-circus/build/runner.js:101:19)
          at runTestInternal (/Users/ryan/Library/Mobile Documents/com~apple~CloudDocs/Documents/VSCode/Tax-App-Frontend/node_modules/jest-runner/build/testWorker.js:275:16)
          at runTest (/Users/ryan/Library/Mobile Documents/com~apple~CloudDocs/Documents/VSCode/Tax-App-Frontend/node_modules/jest-runner/build/testWorker.js:343:7)
          at Object.worker (/Users/ryan/Library/Mobile Documents/com~apple~CloudDocs/Documents/VSCode/Tax-App-Frontend/node_modules/jest-runner/build/testWorker.js:497:12) {
        detail: TypeError: Cannot read properties of undefined (reading 'state')
            at state (/Users/ryan/Library/Mobile Documents/com~apple~CloudDocs/Documents/VSCode/Tax-App-Frontend/src/components/LoginForm.tsx:93:15)
            at renderWithHooks (/Users/ryan/Library/Mobile Documents/com~apple~CloudDocs/Documents/VSCode/Tax-App-Frontend/node_modules/react-dom/cjs/react-dom.development.js:15486:18)
            at mountIndeterminateComponent (/Users/ryan/Library/Mobile Documents/com~apple~CloudDocs/Documents/VSCode/Tax-App-Frontend/node_modules/react-dom/cjs/react-dom.development.js:20103:13)
            at beginWork (/Users/ryan/Library/Mobile Documents/com~apple~CloudDocs/Documents/VSCode/Tax-App-Frontend/node_modules/react-dom/cjs/react-dom.development.js:21626:16)
            at HTMLUnknownElement.callCallback (/Users/ryan/Library/Mobile Documents/com~apple~CloudDocs/Documents/VSCode/Tax-App-Frontend/node_modules/react-dom/cjs/react-dom.development.js:4164:14)
            at HTMLUnknownElement.callTheUserObjectsOperation (/Users/ryan/Library/Mobile Documents/com~apple~CloudDocs/Documents/VSCode/Tax-App-Frontend/node_modules/jsdom/lib/jsdom/living/generated/EventListener.js:26:30)
            at innerInvokeEventListeners (/Users/ryan/Library/Mobile Documents/com~apple~CloudDocs/Documents/VSCode/Tax-App-Frontend/node_modules/jsdom/lib/jsdom/living/events/EventTarget-impl.js:350:25)
            at invokeEventListeners (/Users/ryan/Library/Mobile Documents/com~apple~CloudDocs/Documents/VSCode/Tax-App-Frontend/node_modules/jsdom/lib/jsdom/living/events/EventTarget-impl.js:286:3)
            at HTMLUnknownElementImpl._dispatch (/Users/ryan/Library/Mobile Documents/com~apple~CloudDocs/Documents/VSCode/Tax-App-Frontend/node_modules/jsdom/lib/jsdom/living/events/EventTarget-impl.js:233:9)
            at HTMLUnknownElementImpl.dispatchEvent (/Users/ryan/Library/Mobile Documents/com~apple~CloudDocs/Documents/VSCode/Tax-App-Frontend/node_modules/jsdom/lib/jsdom/living/events/EventTarget-impl.js:104:17)
            at HTMLUnknownElement.dispatchEvent (/Users/ryan/Library/Mobile Documents/com~apple~CloudDocs/Documents/VSCode/Tax-App-Frontend/node_modules/jsdom/lib/jsdom/living/generated/EventTarget.js:241:34)
            at Object.invokeGuardedCallbackDev (/Users/ryan/Library/Mobile Documents/com~apple~CloudDocs/Documents/VSCode/Tax-App-Frontend/node_modules/react-dom/cjs/react-dom.development.js:4213:16)
            at invokeGuardedCallback (/Users/ryan/Library/Mobile Documents/com~apple~CloudDocs/Documents/VSCode/Tax-App-Frontend/node_modules/react-dom/cjs/react-dom.development.js:4277:31)
            at beginWork$1 (/Users/ryan/Library/Mobile Documents/com~apple~CloudDocs/Documents/VSCode/Tax-App-Frontend/node_modules/react-dom/cjs/react-dom.development.js:27490:7)
            at performUnitOfWork (/Users/ryan/Library/Mobile Documents/com~apple~CloudDocs/Documents/VSCode/Tax-App-Frontend/node_modules/react-dom/cjs/react-dom.development.js:26599:12)
            at workLoopSync (/Users/ryan/Library/Mobile Documents/com~apple~CloudDocs/Documents/VSCode/Tax-App-Frontend/node_modules/react-dom/cjs/react-dom.development.js:26505:5)
            at renderRootSync (/Users/ryan/Library/Mobile Documents/com~apple~CloudDocs/Documents/VSCode/Tax-App-Frontend/node_modules/react-dom/cjs/react-dom.development.js:26473:7)
            at recoverFromConcurrentError (/Users/ryan/Library/Mobile Documents/com~apple~CloudDocs/Documents/VSCode/Tax-App-Frontend/node_modules/react-dom/cjs/react-dom.development.js:25889:20)
            at performConcurrentWorkOnRoot (/Users/ryan/Library/Mobile Documents/com~apple~CloudDocs/Documents/VSCode/Tax-App-Frontend/node_modules/react-dom/cjs/react-dom.development.js:25789:22)
            at flushActQueue (/Users/ryan/Library/Mobile Documents/com~apple~CloudDocs/Documents/VSCode/Tax-App-Frontend/node_modules/react/cjs/react.development.js:2667:24)
            at act (/Users/ryan/Library/Mobile Documents/com~apple~CloudDocs/Documents/VSCode/Tax-App-Frontend/node_modules/react/cjs/react.development.js:2582:11)
            at /Users/ryan/Library/Mobile Documents/com~apple~CloudDocs/Documents/VSCode/Tax-App-Frontend/node_modules/@testing-library/react/dist/act-compat.js:46:25
            at renderRoot (/Users/ryan/Library/Mobile Documents/com~apple~CloudDocs/Documents/VSCode/Tax-App-Frontend/node_modules/@testing-library/react/dist/pure.js:189:26)
            at render (/Users/ryan/Library/Mobile Documents/com~apple~CloudDocs/Documents/VSCode/Tax-App-Frontend/node_modules/@testing-library/react/dist/pure.js:291:10)
            at Object.<anonymous> (/Users/ryan/Library/Mobile Documents/com~apple~CloudDocs/Documents/VSCode/Tax-App-Frontend/src/app/login/responsive-layout.test.tsx:302:13)
            at Promise.finally.completed (/Users/ryan/Library/Mobile Documents/com~apple~CloudDocs/Documents/VSCode/Tax-App-Frontend/node_modules/jest-circus/build/jestAdapterInit.js:1557:28)
            at new Promise (<anonymous>)
            at callAsyncCircusFn (/Users/ryan/Library/Mobile Documents/com~apple~CloudDocs/Documents/VSCode/Tax-App-Frontend/node_modules/jest-circus/build/jestAdapterInit.js:1497:10)
            at _callCircusTest (/Users/ryan/Library/Mobile Documents/com~apple~CloudDocs/Documents/VSCode/Tax-App-Frontend/node_modules/jest-circus/build/jestAdapterInit.js:1007:40)
            at processTicksAndRejections (node:internal/process/task_queues:95:5)
            at _runTest (/Users/ryan/Library/Mobile Documents/com~apple~CloudDocs/Documents/VSCode/Tax-App-Frontend/node_modules/jest-circus/build/jestAdapterInit.js:947:3)
            at /Users/ryan/Library/Mobile Documents/com~apple~CloudDocs/Documents/VSCode/Tax-App-Frontend/node_modules/jest-circus/build/jestAdapterInit.js:849:7
            at _runTestsForDescribeBlock (/Users/ryan/Library/Mobile Documents/com~apple~CloudDocs/Documents/VSCode/Tax-App-Frontend/node_modules/jest-circus/build/jestAdapterInit.js:862:11)
            at _runTestsForDescribeBlock (/Users/ryan/Library/Mobile Documents/com~apple~CloudDocs/Documents/VSCode/Tax-App-Frontend/node_modules/jest-circus/build/jestAdapterInit.js:857:11)
            at _runTestsForDescribeBlock (/Users/ryan/Library/Mobile Documents/com~apple~CloudDocs/Documents/VSCode/Tax-App-Frontend/node_modules/jest-circus/build/jestAdapterInit.js:857:11)
            at run (/Users/ryan/Library/Mobile Documents/com~apple~CloudDocs/Documents/VSCode/Tax-App-Frontend/node_modules/jest-circus/build/jestAdapterInit.js:761:3)
            at runAndTransformResultsToJestFormat (/Users/ryan/Library/Mobile Documents/com~apple~CloudDocs/Documents/VSCode/Tax-App-Frontend/node_modules/jest-circus/build/jestAdapterInit.js:1918:21)
            at jestAdapter (/Users/ryan/Library/Mobile Documents/com~apple~CloudDocs/Documents/VSCode/Tax-App-Frontend/node_modules/jest-circus/build/runner.js:101:19)
            at runTestInternal (/Users/ryan/Library/Mobile Documents/com~apple~CloudDocs/Documents/VSCode/Tax-App-Frontend/node_modules/jest-runner/build/testWorker.js:275:16)
            at runTest (/Users/ryan/Library/Mobile Documents/com~apple~CloudDocs/Documents/VSCode/Tax-App-Frontend/node_modules/jest-runner/build/testWorker.js:343:7)
            at Object.worker (/Users/ryan/Library/Mobile Documents/com~apple~CloudDocs/Documents/VSCode/Tax-App-Frontend/node_modules/jest-runner/build/testWorker.js:497:12),
        type: 'unhandled exception'
      }

      300 |
      301 |     test('should use base text size for inputs', () => {
    > 302 |       render(<LoginPageClient />);
          |             ^
      303 |
      304 |       const emailInput = screen.getByLabelText(/email address/i);
      305 |       const passwordInput = screen.getByLabelText(/^password$/i);

      at VirtualConsole.<anonymous> (node_modules/@jest/environment-jsdom-abstract/build/index.js:87:23)
      at reportException (node_modules/jsdom/lib/jsdom/living/helpers/runtime-script-errors.js:70:28)
      at innerInvokeEventListeners (node_modules/jsdom/lib/jsdom/living/events/EventTarget-impl.js:353:9)
      at invokeEventListeners (node_modules/jsdom/lib/jsdom/living/events/EventTarget-impl.js:286:3)
      at HTMLUnknownElementImpl._dispatch (node_modules/jsdom/lib/jsdom/living/events/EventTarget-impl.js:233:9)
      at HTMLUnknownElementImpl.dispatchEvent (node_modules/jsdom/lib/jsdom/living/events/EventTarget-impl.js:104:17)
      at HTMLUnknownElement.dispatchEvent (node_modules/jsdom/lib/jsdom/living/generated/EventTarget.js:241:34)
      at Object.invokeGuardedCallbackDev (node_modules/react-dom/cjs/react-dom.development.js:4213:16)
      at invokeGuardedCallback (node_modules/react-dom/cjs/react-dom.development.js:4277:31)
      at beginWork$1 (node_modules/react-dom/cjs/react-dom.development.js:27490:7)
      at performUnitOfWork (node_modules/react-dom/cjs/react-dom.development.js:26599:12)
      at workLoopSync (node_modules/react-dom/cjs/react-dom.development.js:26505:5)
      at renderRootSync (node_modules/react-dom/cjs/react-dom.development.js:26473:7)
      at recoverFromConcurrentError (node_modules/react-dom/cjs/react-dom.development.js:25889:20)
      at performConcurrentWorkOnRoot (node_modules/react-dom/cjs/react-dom.development.js:25789:22)
      at flushActQueue (node_modules/react/cjs/react.development.js:2667:24)
      at act (node_modules/react/cjs/react.development.js:2582:11)
      at node_modules/@testing-library/react/dist/act-compat.js:46:25
      at renderRoot (node_modules/@testing-library/react/dist/pure.js:189:26)
      at render (node_modules/@testing-library/react/dist/pure.js:291:10)
      at Object.<anonymous> (src/app/login/responsive-layout.test.tsx:302:13)

    console.error
      The above error occurred in the <LoginForm> component:
      
          at className (/Users/ryan/Library/Mobile Documents/com~apple~CloudDocs/Documents/VSCode/Tax-App-Frontend/src/components/LoginForm.tsx:45:29)
          at div
          at children (/Users/ryan/Library/Mobile Documents/com~apple~CloudDocs/Documents/VSCode/Tax-App-Frontend/src/app/login/responsive-layout.test.tsx:62:19)
          at div
          at children (/Users/ryan/Library/Mobile Documents/com~apple~CloudDocs/Documents/VSCode/Tax-App-Frontend/src/app/login/responsive-layout.test.tsx:52:12)
          at div
          at div
          at div
          at children (/Users/ryan/Library/Mobile Documents/com~apple~CloudDocs/Documents/VSCode/Tax-App-Frontend/src/app/login/responsive-layout.test.tsx:47:21)
          at callbackUrl (/Users/ryan/Library/Mobile Documents/com~apple~CloudDocs/Documents/VSCode/Tax-App-Frontend/src/app/login/LoginPageClient.tsx:49:43)
      
      Consider adding an error boundary to your tree to customize error handling behavior.
      Visit https://reactjs.org/link/error-boundaries to learn more about error boundaries.

      300 |
      301 |     test('should use base text size for inputs', () => {
    > 302 |       render(<LoginPageClient />);
          |             ^
      303 |
      304 |       const emailInput = screen.getByLabelText(/email address/i);
      305 |       const passwordInput = screen.getByLabelText(/^password$/i);

      at logCapturedError (node_modules/react-dom/cjs/react-dom.development.js:18704:23)
      at update.callback (node_modules/react-dom/cjs/react-dom.development.js:18737:5)
      at callCallback (node_modules/react-dom/cjs/react-dom.development.js:15036:12)
      at commitUpdateQueue (node_modules/react-dom/cjs/react-dom.development.js:15057:9)
      at commitLayoutEffectOnFiber (node_modules/react-dom/cjs/react-dom.development.js:23430:13)
      at commitLayoutMountEffects_complete (node_modules/react-dom/cjs/react-dom.development.js:24727:9)
      at commitLayoutEffects_begin (node_modules/react-dom/cjs/react-dom.development.js:24713:7)
      at commitLayoutEffects (node_modules/react-dom/cjs/react-dom.development.js:24651:3)
      at commitRootImpl (node_modules/react-dom/cjs/react-dom.development.js:26862:5)
      at commitRoot (node_modules/react-dom/cjs/react-dom.development.js:26721:5)
      at finishConcurrentRender (node_modules/react-dom/cjs/react-dom.development.js:25931:9)
      at performConcurrentWorkOnRoot (node_modules/react-dom/cjs/react-dom.development.js:25848:7)
      at flushActQueue (node_modules/react/cjs/react.development.js:2667:24)
      at act (node_modules/react/cjs/react.development.js:2582:11)
      at node_modules/@testing-library/react/dist/act-compat.js:46:25
      at renderRoot (node_modules/@testing-library/react/dist/pure.js:189:26)
      at render (node_modules/@testing-library/react/dist/pure.js:291:10)
      at Object.<anonymous> (src/app/login/responsive-layout.test.tsx:302:13)

    console.error
      Error: Uncaught [TypeError: Cannot read properties of undefined (reading 'state')]
          at reportException (/Users/ryan/Library/Mobile Documents/com~apple~CloudDocs/Documents/VSCode/Tax-App-Frontend/node_modules/jsdom/lib/jsdom/living/helpers/runtime-script-errors.js:66:24)
          at innerInvokeEventListeners (/Users/ryan/Library/Mobile Documents/com~apple~CloudDocs/Documents/VSCode/Tax-App-Frontend/node_modules/jsdom/lib/jsdom/living/events/EventTarget-impl.js:353:9)
          at invokeEventListeners (/Users/ryan/Library/Mobile Documents/com~apple~CloudDocs/Documents/VSCode/Tax-App-Frontend/node_modules/jsdom/lib/jsdom/living/events/EventTarget-impl.js:286:3)
          at HTMLUnknownElementImpl._dispatch (/Users/ryan/Library/Mobile Documents/com~apple~CloudDocs/Documents/VSCode/Tax-App-Frontend/node_modules/jsdom/lib/jsdom/living/events/EventTarget-impl.js:233:9)
          at HTMLUnknownElementImpl.dispatchEvent (/Users/ryan/Library/Mobile Documents/com~apple~CloudDocs/Documents/VSCode/Tax-App-Frontend/node_modules/jsdom/lib/jsdom/living/events/EventTarget-impl.js:104:17)
          at HTMLUnknownElement.dispatchEvent (/Users/ryan/Library/Mobile Documents/com~apple~CloudDocs/Documents/VSCode/Tax-App-Frontend/node_modules/jsdom/lib/jsdom/living/generated/EventTarget.js:241:34)
          at Object.invokeGuardedCallbackDev (/Users/ryan/Library/Mobile Documents/com~apple~CloudDocs/Documents/VSCode/Tax-App-Frontend/node_modules/react-dom/cjs/react-dom.development.js:4213:16)
          at invokeGuardedCallback (/Users/ryan/Library/Mobile Documents/com~apple~CloudDocs/Documents/VSCode/Tax-App-Frontend/node_modules/react-dom/cjs/react-dom.development.js:4277:31)
          at beginWork$1 (/Users/ryan/Library/Mobile Documents/com~apple~CloudDocs/Documents/VSCode/Tax-App-Frontend/node_modules/react-dom/cjs/react-dom.development.js:27490:7)
          at performUnitOfWork (/Users/ryan/Library/Mobile Documents/com~apple~CloudDocs/Documents/VSCode/Tax-App-Frontend/node_modules/react-dom/cjs/react-dom.development.js:26599:12)
          at workLoopSync (/Users/ryan/Library/Mobile Documents/com~apple~CloudDocs/Documents/VSCode/Tax-App-Frontend/node_modules/react-dom/cjs/react-dom.development.js:26505:5)
          at renderRootSync (/Users/ryan/Library/Mobile Documents/com~apple~CloudDocs/Documents/VSCode/Tax-App-Frontend/node_modules/react-dom/cjs/react-dom.development.js:26473:7)
          at performConcurrentWorkOnRoot (/Users/ryan/Library/Mobile Documents/com~apple~CloudDocs/Documents/VSCode/Tax-App-Frontend/node_modules/react-dom/cjs/react-dom.development.js:25777:74)
          at flushActQueue (/Users/ryan/Library/Mobile Documents/com~apple~CloudDocs/Documents/VSCode/Tax-App-Frontend/node_modules/react/cjs/react.development.js:2667:24)
          at act (/Users/ryan/Library/Mobile Documents/com~apple~CloudDocs/Documents/VSCode/Tax-App-Frontend/node_modules/react/cjs/react.development.js:2582:11)
          at /Users/ryan/Library/Mobile Documents/com~apple~CloudDocs/Documents/VSCode/Tax-App-Frontend/node_modules/@testing-library/react/dist/act-compat.js:46:25
          at renderRoot (/Users/ryan/Library/Mobile Documents/com~apple~CloudDocs/Documents/VSCode/Tax-App-Frontend/node_modules/@testing-library/react/dist/pure.js:189:26)
          at render (/Users/ryan/Library/Mobile Documents/com~apple~CloudDocs/Documents/VSCode/Tax-App-Frontend/node_modules/@testing-library/react/dist/pure.js:291:10)
          at Object.<anonymous> (/Users/ryan/Library/Mobile Documents/com~apple~CloudDocs/Documents/VSCode/Tax-App-Frontend/src/app/login/responsive-layout.test.tsx:313:13)
          at Promise.finally.completed (/Users/ryan/Library/Mobile Documents/com~apple~CloudDocs/Documents/VSCode/Tax-App-Frontend/node_modules/jest-circus/build/jestAdapterInit.js:1557:28)
          at new Promise (<anonymous>)
          at callAsyncCircusFn (/Users/ryan/Library/Mobile Documents/com~apple~CloudDocs/Documents/VSCode/Tax-App-Frontend/node_modules/jest-circus/build/jestAdapterInit.js:1497:10)
          at _callCircusTest (/Users/ryan/Library/Mobile Documents/com~apple~CloudDocs/Documents/VSCode/Tax-App-Frontend/node_modules/jest-circus/build/jestAdapterInit.js:1007:40)
          at processTicksAndRejections (node:internal/process/task_queues:95:5)
          at _runTest (/Users/ryan/Library/Mobile Documents/com~apple~CloudDocs/Documents/VSCode/Tax-App-Frontend/node_modules/jest-circus/build/jestAdapterInit.js:947:3)
          at /Users/ryan/Library/Mobile Documents/com~apple~CloudDocs/Documents/VSCode/Tax-App-Frontend/node_modules/jest-circus/build/jestAdapterInit.js:849:7
          at _runTestsForDescribeBlock (/Users/ryan/Library/Mobile Documents/com~apple~CloudDocs/Documents/VSCode/Tax-App-Frontend/node_modules/jest-circus/build/jestAdapterInit.js:862:11)
          at _runTestsForDescribeBlock (/Users/ryan/Library/Mobile Documents/com~apple~CloudDocs/Documents/VSCode/Tax-App-Frontend/node_modules/jest-circus/build/jestAdapterInit.js:857:11)
          at _runTestsForDescribeBlock (/Users/ryan/Library/Mobile Documents/com~apple~CloudDocs/Documents/VSCode/Tax-App-Frontend/node_modules/jest-circus/build/jestAdapterInit.js:857:11)
          at run (/Users/ryan/Library/Mobile Documents/com~apple~CloudDocs/Documents/VSCode/Tax-App-Frontend/node_modules/jest-circus/build/jestAdapterInit.js:761:3)
          at runAndTransformResultsToJestFormat (/Users/ryan/Library/Mobile Documents/com~apple~CloudDocs/Documents/VSCode/Tax-App-Frontend/node_modules/jest-circus/build/jestAdapterInit.js:1918:21)
          at jestAdapter (/Users/ryan/Library/Mobile Documents/com~apple~CloudDocs/Documents/VSCode/Tax-App-Frontend/node_modules/jest-circus/build/runner.js:101:19)
          at runTestInternal (/Users/ryan/Library/Mobile Documents/com~apple~CloudDocs/Documents/VSCode/Tax-App-Frontend/node_modules/jest-runner/build/testWorker.js:275:16)
          at runTest (/Users/ryan/Library/Mobile Documents/com~apple~CloudDocs/Documents/VSCode/Tax-App-Frontend/node_modules/jest-runner/build/testWorker.js:343:7)
          at Object.worker (/Users/ryan/Library/Mobile Documents/com~apple~CloudDocs/Documents/VSCode/Tax-App-Frontend/node_modules/jest-runner/build/testWorker.js:497:12) {
        detail: TypeError: Cannot read properties of undefined (reading 'state')
            at state (/Users/ryan/Library/Mobile Documents/com~apple~CloudDocs/Documents/VSCode/Tax-App-Frontend/src/components/LoginForm.tsx:93:15)
            at renderWithHooks (/Users/ryan/Library/Mobile Documents/com~apple~CloudDocs/Documents/VSCode/Tax-App-Frontend/node_modules/react-dom/cjs/react-dom.development.js:15486:18)
            at mountIndeterminateComponent (/Users/ryan/Library/Mobile Documents/com~apple~CloudDocs/Documents/VSCode/Tax-App-Frontend/node_modules/react-dom/cjs/react-dom.development.js:20103:13)
            at beginWork (/Users/ryan/Library/Mobile Documents/com~apple~CloudDocs/Documents/VSCode/Tax-App-Frontend/node_modules/react-dom/cjs/react-dom.development.js:21626:16)
            at HTMLUnknownElement.callCallback (/Users/ryan/Library/Mobile Documents/com~apple~CloudDocs/Documents/VSCode/Tax-App-Frontend/node_modules/react-dom/cjs/react-dom.development.js:4164:14)
            at HTMLUnknownElement.callTheUserObjectsOperation (/Users/ryan/Library/Mobile Documents/com~apple~CloudDocs/Documents/VSCode/Tax-App-Frontend/node_modules/jsdom/lib/jsdom/living/generated/EventListener.js:26:30)
            at innerInvokeEventListeners (/Users/ryan/Library/Mobile Documents/com~apple~CloudDocs/Documents/VSCode/Tax-App-Frontend/node_modules/jsdom/lib/jsdom/living/events/EventTarget-impl.js:350:25)
            at invokeEventListeners (/Users/ryan/Library/Mobile Documents/com~apple~CloudDocs/Documents/VSCode/Tax-App-Frontend/node_modules/jsdom/lib/jsdom/living/events/EventTarget-impl.js:286:3)
            at HTMLUnknownElementImpl._dispatch (/Users/ryan/Library/Mobile Documents/com~apple~CloudDocs/Documents/VSCode/Tax-App-Frontend/node_modules/jsdom/lib/jsdom/living/events/EventTarget-impl.js:233:9)
            at HTMLUnknownElementImpl.dispatchEvent (/Users/ryan/Library/Mobile Documents/com~apple~CloudDocs/Documents/VSCode/Tax-App-Frontend/node_modules/jsdom/lib/jsdom/living/events/EventTarget-impl.js:104:17)
            at HTMLUnknownElement.dispatchEvent (/Users/ryan/Library/Mobile Documents/com~apple~CloudDocs/Documents/VSCode/Tax-App-Frontend/node_modules/jsdom/lib/jsdom/living/generated/EventTarget.js:241:34)
            at Object.invokeGuardedCallbackDev (/Users/ryan/Library/Mobile Documents/com~apple~CloudDocs/Documents/VSCode/Tax-App-Frontend/node_modules/react-dom/cjs/react-dom.development.js:4213:16)
            at invokeGuardedCallback (/Users/ryan/Library/Mobile Documents/com~apple~CloudDocs/Documents/VSCode/Tax-App-Frontend/node_modules/react-dom/cjs/react-dom.development.js:4277:31)
            at beginWork$1 (/Users/ryan/Library/Mobile Documents/com~apple~CloudDocs/Documents/VSCode/Tax-App-Frontend/node_modules/react-dom/cjs/react-dom.development.js:27490:7)
            at performUnitOfWork (/Users/ryan/Library/Mobile Documents/com~apple~CloudDocs/Documents/VSCode/Tax-App-Frontend/node_modules/react-dom/cjs/react-dom.development.js:26599:12)
            at workLoopSync (/Users/ryan/Library/Mobile Documents/com~apple~CloudDocs/Documents/VSCode/Tax-App-Frontend/node_modules/react-dom/cjs/react-dom.development.js:26505:5)
            at renderRootSync (/Users/ryan/Library/Mobile Documents/com~apple~CloudDocs/Documents/VSCode/Tax-App-Frontend/node_modules/react-dom/cjs/react-dom.development.js:26473:7)
            at performConcurrentWorkOnRoot (/Users/ryan/Library/Mobile Documents/com~apple~CloudDocs/Documents/VSCode/Tax-App-Frontend/node_modules/react-dom/cjs/react-dom.development.js:25777:74)
            at flushActQueue (/Users/ryan/Library/Mobile Documents/com~apple~CloudDocs/Documents/VSCode/Tax-App-Frontend/node_modules/react/cjs/react.development.js:2667:24)
            at act (/Users/ryan/Library/Mobile Documents/com~apple~CloudDocs/Documents/VSCode/Tax-App-Frontend/node_modules/react/cjs/react.development.js:2582:11)
            at /Users/ryan/Library/Mobile Documents/com~apple~CloudDocs/Documents/VSCode/Tax-App-Frontend/node_modules/@testing-library/react/dist/act-compat.js:46:25
            at renderRoot (/Users/ryan/Library/Mobile Documents/com~apple~CloudDocs/Documents/VSCode/Tax-App-Frontend/node_modules/@testing-library/react/dist/pure.js:189:26)
            at render (/Users/ryan/Library/Mobile Documents/com~apple~CloudDocs/Documents/VSCode/Tax-App-Frontend/node_modules/@testing-library/react/dist/pure.js:291:10)
            at Object.<anonymous> (/Users/ryan/Library/Mobile Documents/com~apple~CloudDocs/Documents/VSCode/Tax-App-Frontend/src/app/login/responsive-layout.test.tsx:313:13)
            at Promise.finally.completed (/Users/ryan/Library/Mobile Documents/com~apple~CloudDocs/Documents/VSCode/Tax-App-Frontend/node_modules/jest-circus/build/jestAdapterInit.js:1557:28)
            at new Promise (<anonymous>)
            at callAsyncCircusFn (/Users/ryan/Library/Mobile Documents/com~apple~CloudDocs/Documents/VSCode/Tax-App-Frontend/node_modules/jest-circus/build/jestAdapterInit.js:1497:10)
            at _callCircusTest (/Users/ryan/Library/Mobile Documents/com~apple~CloudDocs/Documents/VSCode/Tax-App-Frontend/node_modules/jest-circus/build/jestAdapterInit.js:1007:40)
            at processTicksAndRejections (node:internal/process/task_queues:95:5)
            at _runTest (/Users/ryan/Library/Mobile Documents/com~apple~CloudDocs/Documents/VSCode/Tax-App-Frontend/node_modules/jest-circus/build/jestAdapterInit.js:947:3)
            at /Users/ryan/Library/Mobile Documents/com~apple~CloudDocs/Documents/VSCode/Tax-App-Frontend/node_modules/jest-circus/build/jestAdapterInit.js:849:7
            at _runTestsForDescribeBlock (/Users/ryan/Library/Mobile Documents/com~apple~CloudDocs/Documents/VSCode/Tax-App-Frontend/node_modules/jest-circus/build/jestAdapterInit.js:862:11)
            at _runTestsForDescribeBlock (/Users/ryan/Library/Mobile Documents/com~apple~CloudDocs/Documents/VSCode/Tax-App-Frontend/node_modules/jest-circus/build/jestAdapterInit.js:857:11)
            at _runTestsForDescribeBlock (/Users/ryan/Library/Mobile Documents/com~apple~CloudDocs/Documents/VSCode/Tax-App-Frontend/node_modules/jest-circus/build/jestAdapterInit.js:857:11)
            at run (/Users/ryan/Library/Mobile Documents/com~apple~CloudDocs/Documents/VSCode/Tax-App-Frontend/node_modules/jest-circus/build/jestAdapterInit.js:761:3)
            at runAndTransformResultsToJestFormat (/Users/ryan/Library/Mobile Documents/com~apple~CloudDocs/Documents/VSCode/Tax-App-Frontend/node_modules/jest-circus/build/jestAdapterInit.js:1918:21)
            at jestAdapter (/Users/ryan/Library/Mobile Documents/com~apple~CloudDocs/Documents/VSCode/Tax-App-Frontend/node_modules/jest-circus/build/runner.js:101:19)
            at runTestInternal (/Users/ryan/Library/Mobile Documents/com~apple~CloudDocs/Documents/VSCode/Tax-App-Frontend/node_modules/jest-runner/build/testWorker.js:275:16)
            at runTest (/Users/ryan/Library/Mobile Documents/com~apple~CloudDocs/Documents/VSCode/Tax-App-Frontend/node_modules/jest-runner/build/testWorker.js:343:7)
            at Object.worker (/Users/ryan/Library/Mobile Documents/com~apple~CloudDocs/Documents/VSCode/Tax-App-Frontend/node_modules/jest-runner/build/testWorker.js:497:12),
        type: 'unhandled exception'
      }

      311 |
      312 |     test('should use smaller text on desktop for inputs (md:text-sm)', () => {
    > 313 |       render(<LoginPageClient />);
          |             ^
      314 |
      315 |       const emailInput = screen.getByLabelText(/email address/i);
      316 |       const passwordInput = screen.getByLabelText(/^password$/i);

      at VirtualConsole.<anonymous> (node_modules/@jest/environment-jsdom-abstract/build/index.js:87:23)
      at reportException (node_modules/jsdom/lib/jsdom/living/helpers/runtime-script-errors.js:70:28)
      at innerInvokeEventListeners (node_modules/jsdom/lib/jsdom/living/events/EventTarget-impl.js:353:9)
      at invokeEventListeners (node_modules/jsdom/lib/jsdom/living/events/EventTarget-impl.js:286:3)
      at HTMLUnknownElementImpl._dispatch (node_modules/jsdom/lib/jsdom/living/events/EventTarget-impl.js:233:9)
      at HTMLUnknownElementImpl.dispatchEvent (node_modules/jsdom/lib/jsdom/living/events/EventTarget-impl.js:104:17)
      at HTMLUnknownElement.dispatchEvent (node_modules/jsdom/lib/jsdom/living/generated/EventTarget.js:241:34)
      at Object.invokeGuardedCallbackDev (node_modules/react-dom/cjs/react-dom.development.js:4213:16)
      at invokeGuardedCallback (node_modules/react-dom/cjs/react-dom.development.js:4277:31)
      at beginWork$1 (node_modules/react-dom/cjs/react-dom.development.js:27490:7)
      at performUnitOfWork (node_modules/react-dom/cjs/react-dom.development.js:26599:12)
      at workLoopSync (node_modules/react-dom/cjs/react-dom.development.js:26505:5)
      at renderRootSync (node_modules/react-dom/cjs/react-dom.development.js:26473:7)
      at performConcurrentWorkOnRoot (node_modules/react-dom/cjs/react-dom.development.js:25777:74)
      at flushActQueue (node_modules/react/cjs/react.development.js:2667:24)
      at act (node_modules/react/cjs/react.development.js:2582:11)
      at node_modules/@testing-library/react/dist/act-compat.js:46:25
      at renderRoot (node_modules/@testing-library/react/dist/pure.js:189:26)
      at render (node_modules/@testing-library/react/dist/pure.js:291:10)
      at Object.<anonymous> (src/app/login/responsive-layout.test.tsx:313:13)

    console.error
      Error: Uncaught [TypeError: Cannot read properties of undefined (reading 'state')]
          at reportException (/Users/ryan/Library/Mobile Documents/com~apple~CloudDocs/Documents/VSCode/Tax-App-Frontend/node_modules/jsdom/lib/jsdom/living/helpers/runtime-script-errors.js:66:24)
          at innerInvokeEventListeners (/Users/ryan/Library/Mobile Documents/com~apple~CloudDocs/Documents/VSCode/Tax-App-Frontend/node_modules/jsdom/lib/jsdom/living/events/EventTarget-impl.js:353:9)
          at invokeEventListeners (/Users/ryan/Library/Mobile Documents/com~apple~CloudDocs/Documents/VSCode/Tax-App-Frontend/node_modules/jsdom/lib/jsdom/living/events/EventTarget-impl.js:286:3)
          at HTMLUnknownElementImpl._dispatch (/Users/ryan/Library/Mobile Documents/com~apple~CloudDocs/Documents/VSCode/Tax-App-Frontend/node_modules/jsdom/lib/jsdom/living/events/EventTarget-impl.js:233:9)
          at HTMLUnknownElementImpl.dispatchEvent (/Users/ryan/Library/Mobile Documents/com~apple~CloudDocs/Documents/VSCode/Tax-App-Frontend/node_modules/jsdom/lib/jsdom/living/events/EventTarget-impl.js:104:17)
          at HTMLUnknownElement.dispatchEvent (/Users/ryan/Library/Mobile Documents/com~apple~CloudDocs/Documents/VSCode/Tax-App-Frontend/node_modules/jsdom/lib/jsdom/living/generated/EventTarget.js:241:34)
          at Object.invokeGuardedCallbackDev (/Users/ryan/Library/Mobile Documents/com~apple~CloudDocs/Documents/VSCode/Tax-App-Frontend/node_modules/react-dom/cjs/react-dom.development.js:4213:16)
          at invokeGuardedCallback (/Users/ryan/Library/Mobile Documents/com~apple~CloudDocs/Documents/VSCode/Tax-App-Frontend/node_modules/react-dom/cjs/react-dom.development.js:4277:31)
          at beginWork$1 (/Users/ryan/Library/Mobile Documents/com~apple~CloudDocs/Documents/VSCode/Tax-App-Frontend/node_modules/react-dom/cjs/react-dom.development.js:27490:7)
          at performUnitOfWork (/Users/ryan/Library/Mobile Documents/com~apple~CloudDocs/Documents/VSCode/Tax-App-Frontend/node_modules/react-dom/cjs/react-dom.development.js:26599:12)
          at workLoopSync (/Users/ryan/Library/Mobile Documents/com~apple~CloudDocs/Documents/VSCode/Tax-App-Frontend/node_modules/react-dom/cjs/react-dom.development.js:26505:5)
          at renderRootSync (/Users/ryan/Library/Mobile Documents/com~apple~CloudDocs/Documents/VSCode/Tax-App-Frontend/node_modules/react-dom/cjs/react-dom.development.js:26473:7)
          at recoverFromConcurrentError (/Users/ryan/Library/Mobile Documents/com~apple~CloudDocs/Documents/VSCode/Tax-App-Frontend/node_modules/react-dom/cjs/react-dom.development.js:25889:20)
          at performConcurrentWorkOnRoot (/Users/ryan/Library/Mobile Documents/com~apple~CloudDocs/Documents/VSCode/Tax-App-Frontend/node_modules/react-dom/cjs/react-dom.development.js:25789:22)
          at flushActQueue (/Users/ryan/Library/Mobile Documents/com~apple~CloudDocs/Documents/VSCode/Tax-App-Frontend/node_modules/react/cjs/react.development.js:2667:24)
          at act (/Users/ryan/Library/Mobile Documents/com~apple~CloudDocs/Documents/VSCode/Tax-App-Frontend/node_modules/react/cjs/react.development.js:2582:11)
          at /Users/ryan/Library/Mobile Documents/com~apple~CloudDocs/Documents/VSCode/Tax-App-Frontend/node_modules/@testing-library/react/dist/act-compat.js:46:25
          at renderRoot (/Users/ryan/Library/Mobile Documents/com~apple~CloudDocs/Documents/VSCode/Tax-App-Frontend/node_modules/@testing-library/react/dist/pure.js:189:26)
          at render (/Users/ryan/Library/Mobile Documents/com~apple~CloudDocs/Documents/VSCode/Tax-App-Frontend/node_modules/@testing-library/react/dist/pure.js:291:10)
          at Object.<anonymous> (/Users/ryan/Library/Mobile Documents/com~apple~CloudDocs/Documents/VSCode/Tax-App-Frontend/src/app/login/responsive-layout.test.tsx:313:13)
          at Promise.finally.completed (/Users/ryan/Library/Mobile Documents/com~apple~CloudDocs/Documents/VSCode/Tax-App-Frontend/node_modules/jest-circus/build/jestAdapterInit.js:1557:28)
          at new Promise (<anonymous>)
          at callAsyncCircusFn (/Users/ryan/Library/Mobile Documents/com~apple~CloudDocs/Documents/VSCode/Tax-App-Frontend/node_modules/jest-circus/build/jestAdapterInit.js:1497:10)
          at _callCircusTest (/Users/ryan/Library/Mobile Documents/com~apple~CloudDocs/Documents/VSCode/Tax-App-Frontend/node_modules/jest-circus/build/jestAdapterInit.js:1007:40)
          at processTicksAndRejections (node:internal/process/task_queues:95:5)
          at _runTest (/Users/ryan/Library/Mobile Documents/com~apple~CloudDocs/Documents/VSCode/Tax-App-Frontend/node_modules/jest-circus/build/jestAdapterInit.js:947:3)
          at /Users/ryan/Library/Mobile Documents/com~apple~CloudDocs/Documents/VSCode/Tax-App-Frontend/node_modules/jest-circus/build/jestAdapterInit.js:849:7
          at _runTestsForDescribeBlock (/Users/ryan/Library/Mobile Documents/com~apple~CloudDocs/Documents/VSCode/Tax-App-Frontend/node_modules/jest-circus/build/jestAdapterInit.js:862:11)
          at _runTestsForDescribeBlock (/Users/ryan/Library/Mobile Documents/com~apple~CloudDocs/Documents/VSCode/Tax-App-Frontend/node_modules/jest-circus/build/jestAdapterInit.js:857:11)
          at _runTestsForDescribeBlock (/Users/ryan/Library/Mobile Documents/com~apple~CloudDocs/Documents/VSCode/Tax-App-Frontend/node_modules/jest-circus/build/jestAdapterInit.js:857:11)
          at run (/Users/ryan/Library/Mobile Documents/com~apple~CloudDocs/Documents/VSCode/Tax-App-Frontend/node_modules/jest-circus/build/jestAdapterInit.js:761:3)
          at runAndTransformResultsToJestFormat (/Users/ryan/Library/Mobile Documents/com~apple~CloudDocs/Documents/VSCode/Tax-App-Frontend/node_modules/jest-circus/build/jestAdapterInit.js:1918:21)
          at jestAdapter (/Users/ryan/Library/Mobile Documents/com~apple~CloudDocs/Documents/VSCode/Tax-App-Frontend/node_modules/jest-circus/build/runner.js:101:19)
          at runTestInternal (/Users/ryan/Library/Mobile Documents/com~apple~CloudDocs/Documents/VSCode/Tax-App-Frontend/node_modules/jest-runner/build/testWorker.js:275:16)
          at runTest (/Users/ryan/Library/Mobile Documents/com~apple~CloudDocs/Documents/VSCode/Tax-App-Frontend/node_modules/jest-runner/build/testWorker.js:343:7)
          at Object.worker (/Users/ryan/Library/Mobile Documents/com~apple~CloudDocs/Documents/VSCode/Tax-App-Frontend/node_modules/jest-runner/build/testWorker.js:497:12) {
        detail: TypeError: Cannot read properties of undefined (reading 'state')
            at state (/Users/ryan/Library/Mobile Documents/com~apple~CloudDocs/Documents/VSCode/Tax-App-Frontend/src/components/LoginForm.tsx:93:15)
            at renderWithHooks (/Users/ryan/Library/Mobile Documents/com~apple~CloudDocs/Documents/VSCode/Tax-App-Frontend/node_modules/react-dom/cjs/react-dom.development.js:15486:18)
            at mountIndeterminateComponent (/Users/ryan/Library/Mobile Documents/com~apple~CloudDocs/Documents/VSCode/Tax-App-Frontend/node_modules/react-dom/cjs/react-dom.development.js:20103:13)
            at beginWork (/Users/ryan/Library/Mobile Documents/com~apple~CloudDocs/Documents/VSCode/Tax-App-Frontend/node_modules/react-dom/cjs/react-dom.development.js:21626:16)
            at HTMLUnknownElement.callCallback (/Users/ryan/Library/Mobile Documents/com~apple~CloudDocs/Documents/VSCode/Tax-App-Frontend/node_modules/react-dom/cjs/react-dom.development.js:4164:14)
            at HTMLUnknownElement.callTheUserObjectsOperation (/Users/ryan/Library/Mobile Documents/com~apple~CloudDocs/Documents/VSCode/Tax-App-Frontend/node_modules/jsdom/lib/jsdom/living/generated/EventListener.js:26:30)
            at innerInvokeEventListeners (/Users/ryan/Library/Mobile Documents/com~apple~CloudDocs/Documents/VSCode/Tax-App-Frontend/node_modules/jsdom/lib/jsdom/living/events/EventTarget-impl.js:350:25)
            at invokeEventListeners (/Users/ryan/Library/Mobile Documents/com~apple~CloudDocs/Documents/VSCode/Tax-App-Frontend/node_modules/jsdom/lib/jsdom/living/events/EventTarget-impl.js:286:3)
            at HTMLUnknownElementImpl._dispatch (/Users/ryan/Library/Mobile Documents/com~apple~CloudDocs/Documents/VSCode/Tax-App-Frontend/node_modules/jsdom/lib/jsdom/living/events/EventTarget-impl.js:233:9)
            at HTMLUnknownElementImpl.dispatchEvent (/Users/ryan/Library/Mobile Documents/com~apple~CloudDocs/Documents/VSCode/Tax-App-Frontend/node_modules/jsdom/lib/jsdom/living/events/EventTarget-impl.js:104:17)
            at HTMLUnknownElement.dispatchEvent (/Users/ryan/Library/Mobile Documents/com~apple~CloudDocs/Documents/VSCode/Tax-App-Frontend/node_modules/jsdom/lib/jsdom/living/generated/EventTarget.js:241:34)
            at Object.invokeGuardedCallbackDev (/Users/ryan/Library/Mobile Documents/com~apple~CloudDocs/Documents/VSCode/Tax-App-Frontend/node_modules/react-dom/cjs/react-dom.development.js:4213:16)
            at invokeGuardedCallback (/Users/ryan/Library/Mobile Documents/com~apple~CloudDocs/Documents/VSCode/Tax-App-Frontend/node_modules/react-dom/cjs/react-dom.development.js:4277:31)
            at beginWork$1 (/Users/ryan/Library/Mobile Documents/com~apple~CloudDocs/Documents/VSCode/Tax-App-Frontend/node_modules/react-dom/cjs/react-dom.development.js:27490:7)
            at performUnitOfWork (/Users/ryan/Library/Mobile Documents/com~apple~CloudDocs/Documents/VSCode/Tax-App-Frontend/node_modules/react-dom/cjs/react-dom.development.js:26599:12)
            at workLoopSync (/Users/ryan/Library/Mobile Documents/com~apple~CloudDocs/Documents/VSCode/Tax-App-Frontend/node_modules/react-dom/cjs/react-dom.development.js:26505:5)
            at renderRootSync (/Users/ryan/Library/Mobile Documents/com~apple~CloudDocs/Documents/VSCode/Tax-App-Frontend/node_modules/react-dom/cjs/react-dom.development.js:26473:7)
            at recoverFromConcurrentError (/Users/ryan/Library/Mobile Documents/com~apple~CloudDocs/Documents/VSCode/Tax-App-Frontend/node_modules/react-dom/cjs/react-dom.development.js:25889:20)
            at performConcurrentWorkOnRoot (/Users/ryan/Library/Mobile Documents/com~apple~CloudDocs/Documents/VSCode/Tax-App-Frontend/node_modules/react-dom/cjs/react-dom.development.js:25789:22)
            at flushActQueue (/Users/ryan/Library/Mobile Documents/com~apple~CloudDocs/Documents/VSCode/Tax-App-Frontend/node_modules/react/cjs/react.development.js:2667:24)
            at act (/Users/ryan/Library/Mobile Documents/com~apple~CloudDocs/Documents/VSCode/Tax-App-Frontend/node_modules/react/cjs/react.development.js:2582:11)
            at /Users/ryan/Library/Mobile Documents/com~apple~CloudDocs/Documents/VSCode/Tax-App-Frontend/node_modules/@testing-library/react/dist/act-compat.js:46:25
            at renderRoot (/Users/ryan/Library/Mobile Documents/com~apple~CloudDocs/Documents/VSCode/Tax-App-Frontend/node_modules/@testing-library/react/dist/pure.js:189:26)
            at render (/Users/ryan/Library/Mobile Documents/com~apple~CloudDocs/Documents/VSCode/Tax-App-Frontend/node_modules/@testing-library/react/dist/pure.js:291:10)
            at Object.<anonymous> (/Users/ryan/Library/Mobile Documents/com~apple~CloudDocs/Documents/VSCode/Tax-App-Frontend/src/app/login/responsive-layout.test.tsx:313:13)
            at Promise.finally.completed (/Users/ryan/Library/Mobile Documents/com~apple~CloudDocs/Documents/VSCode/Tax-App-Frontend/node_modules/jest-circus/build/jestAdapterInit.js:1557:28)
            at new Promise (<anonymous>)
            at callAsyncCircusFn (/Users/ryan/Library/Mobile Documents/com~apple~CloudDocs/Documents/VSCode/Tax-App-Frontend/node_modules/jest-circus/build/jestAdapterInit.js:1497:10)
            at _callCircusTest (/Users/ryan/Library/Mobile Documents/com~apple~CloudDocs/Documents/VSCode/Tax-App-Frontend/node_modules/jest-circus/build/jestAdapterInit.js:1007:40)
            at processTicksAndRejections (node:internal/process/task_queues:95:5)
            at _runTest (/Users/ryan/Library/Mobile Documents/com~apple~CloudDocs/Documents/VSCode/Tax-App-Frontend/node_modules/jest-circus/build/jestAdapterInit.js:947:3)
            at /Users/ryan/Library/Mobile Documents/com~apple~CloudDocs/Documents/VSCode/Tax-App-Frontend/node_modules/jest-circus/build/jestAdapterInit.js:849:7
            at _runTestsForDescribeBlock (/Users/ryan/Library/Mobile Documents/com~apple~CloudDocs/Documents/VSCode/Tax-App-Frontend/node_modules/jest-circus/build/jestAdapterInit.js:862:11)
            at _runTestsForDescribeBlock (/Users/ryan/Library/Mobile Documents/com~apple~CloudDocs/Documents/VSCode/Tax-App-Frontend/node_modules/jest-circus/build/jestAdapterInit.js:857:11)
            at _runTestsForDescribeBlock (/Users/ryan/Library/Mobile Documents/com~apple~CloudDocs/Documents/VSCode/Tax-App-Frontend/node_modules/jest-circus/build/jestAdapterInit.js:857:11)
            at run (/Users/ryan/Library/Mobile Documents/com~apple~CloudDocs/Documents/VSCode/Tax-App-Frontend/node_modules/jest-circus/build/jestAdapterInit.js:761:3)
            at runAndTransformResultsToJestFormat (/Users/ryan/Library/Mobile Documents/com~apple~CloudDocs/Documents/VSCode/Tax-App-Frontend/node_modules/jest-circus/build/jestAdapterInit.js:1918:21)
            at jestAdapter (/Users/ryan/Library/Mobile Documents/com~apple~CloudDocs/Documents/VSCode/Tax-App-Frontend/node_modules/jest-circus/build/runner.js:101:19)
            at runTestInternal (/Users/ryan/Library/Mobile Documents/com~apple~CloudDocs/Documents/VSCode/Tax-App-Frontend/node_modules/jest-runner/build/testWorker.js:275:16)
            at runTest (/Users/ryan/Library/Mobile Documents/com~apple~CloudDocs/Documents/VSCode/Tax-App-Frontend/node_modules/jest-runner/build/testWorker.js:343:7)
            at Object.worker (/Users/ryan/Library/Mobile Documents/com~apple~CloudDocs/Documents/VSCode/Tax-App-Frontend/node_modules/jest-runner/build/testWorker.js:497:12),
        type: 'unhandled exception'
      }

      311 |
      312 |     test('should use smaller text on desktop for inputs (md:text-sm)', () => {
    > 313 |       render(<LoginPageClient />);
          |             ^
      314 |
      315 |       const emailInput = screen.getByLabelText(/email address/i);
      316 |       const passwordInput = screen.getByLabelText(/^password$/i);

      at VirtualConsole.<anonymous> (node_modules/@jest/environment-jsdom-abstract/build/index.js:87:23)
      at reportException (node_modules/jsdom/lib/jsdom/living/helpers/runtime-script-errors.js:70:28)
      at innerInvokeEventListeners (node_modules/jsdom/lib/jsdom/living/events/EventTarget-impl.js:353:9)
      at invokeEventListeners (node_modules/jsdom/lib/jsdom/living/events/EventTarget-impl.js:286:3)
      at HTMLUnknownElementImpl._dispatch (node_modules/jsdom/lib/jsdom/living/events/EventTarget-impl.js:233:9)
      at HTMLUnknownElementImpl.dispatchEvent (node_modules/jsdom/lib/jsdom/living/events/EventTarget-impl.js:104:17)
      at HTMLUnknownElement.dispatchEvent (node_modules/jsdom/lib/jsdom/living/generated/EventTarget.js:241:34)
      at Object.invokeGuardedCallbackDev (node_modules/react-dom/cjs/react-dom.development.js:4213:16)
      at invokeGuardedCallback (node_modules/react-dom/cjs/react-dom.development.js:4277:31)
      at beginWork$1 (node_modules/react-dom/cjs/react-dom.development.js:27490:7)
      at performUnitOfWork (node_modules/react-dom/cjs/react-dom.development.js:26599:12)
      at workLoopSync (node_modules/react-dom/cjs/react-dom.development.js:26505:5)
      at renderRootSync (node_modules/react-dom/cjs/react-dom.development.js:26473:7)
      at recoverFromConcurrentError (node_modules/react-dom/cjs/react-dom.development.js:25889:20)
      at performConcurrentWorkOnRoot (node_modules/react-dom/cjs/react-dom.development.js:25789:22)
      at flushActQueue (node_modules/react/cjs/react.development.js:2667:24)
      at act (node_modules/react/cjs/react.development.js:2582:11)
      at node_modules/@testing-library/react/dist/act-compat.js:46:25
      at renderRoot (node_modules/@testing-library/react/dist/pure.js:189:26)
      at render (node_modules/@testing-library/react/dist/pure.js:291:10)
      at Object.<anonymous> (src/app/login/responsive-layout.test.tsx:313:13)

    console.error
      The above error occurred in the <LoginForm> component:
      
          at className (/Users/ryan/Library/Mobile Documents/com~apple~CloudDocs/Documents/VSCode/Tax-App-Frontend/src/components/LoginForm.tsx:45:29)
          at div
          at children (/Users/ryan/Library/Mobile Documents/com~apple~CloudDocs/Documents/VSCode/Tax-App-Frontend/src/app/login/responsive-layout.test.tsx:62:19)
          at div
          at children (/Users/ryan/Library/Mobile Documents/com~apple~CloudDocs/Documents/VSCode/Tax-App-Frontend/src/app/login/responsive-layout.test.tsx:52:12)
          at div
          at div
          at div
          at children (/Users/ryan/Library/Mobile Documents/com~apple~CloudDocs/Documents/VSCode/Tax-App-Frontend/src/app/login/responsive-layout.test.tsx:47:21)
          at callbackUrl (/Users/ryan/Library/Mobile Documents/com~apple~CloudDocs/Documents/VSCode/Tax-App-Frontend/src/app/login/LoginPageClient.tsx:49:43)
      
      Consider adding an error boundary to your tree to customize error handling behavior.
      Visit https://reactjs.org/link/error-boundaries to learn more about error boundaries.

      311 |
      312 |     test('should use smaller text on desktop for inputs (md:text-sm)', () => {
    > 313 |       render(<LoginPageClient />);
          |             ^
      314 |
      315 |       const emailInput = screen.getByLabelText(/email address/i);
      316 |       const passwordInput = screen.getByLabelText(/^password$/i);

      at logCapturedError (node_modules/react-dom/cjs/react-dom.development.js:18704:23)
      at update.callback (node_modules/react-dom/cjs/react-dom.development.js:18737:5)
      at callCallback (node_modules/react-dom/cjs/react-dom.development.js:15036:12)
      at commitUpdateQueue (node_modules/react-dom/cjs/react-dom.development.js:15057:9)
      at commitLayoutEffectOnFiber (node_modules/react-dom/cjs/react-dom.development.js:23430:13)
      at commitLayoutMountEffects_complete (node_modules/react-dom/cjs/react-dom.development.js:24727:9)
      at commitLayoutEffects_begin (node_modules/react-dom/cjs/react-dom.development.js:24713:7)
      at commitLayoutEffects (node_modules/react-dom/cjs/react-dom.development.js:24651:3)
      at commitRootImpl (node_modules/react-dom/cjs/react-dom.development.js:26862:5)
      at commitRoot (node_modules/react-dom/cjs/react-dom.development.js:26721:5)
      at finishConcurrentRender (node_modules/react-dom/cjs/react-dom.development.js:25931:9)
      at performConcurrentWorkOnRoot (node_modules/react-dom/cjs/react-dom.development.js:25848:7)
      at flushActQueue (node_modules/react/cjs/react.development.js:2667:24)
      at act (node_modules/react/cjs/react.development.js:2582:11)
      at node_modules/@testing-library/react/dist/act-compat.js:46:25
      at renderRoot (node_modules/@testing-library/react/dist/pure.js:189:26)
      at render (node_modules/@testing-library/react/dist/pure.js:291:10)
      at Object.<anonymous> (src/app/login/responsive-layout.test.tsx:313:13)

    console.error
      Error: Uncaught [TypeError: Cannot read properties of undefined (reading 'state')]
          at reportException (/Users/ryan/Library/Mobile Documents/com~apple~CloudDocs/Documents/VSCode/Tax-App-Frontend/node_modules/jsdom/lib/jsdom/living/helpers/runtime-script-errors.js:66:24)
          at innerInvokeEventListeners (/Users/ryan/Library/Mobile Documents/com~apple~CloudDocs/Documents/VSCode/Tax-App-Frontend/node_modules/jsdom/lib/jsdom/living/events/EventTarget-impl.js:353:9)
          at invokeEventListeners (/Users/ryan/Library/Mobile Documents/com~apple~CloudDocs/Documents/VSCode/Tax-App-Frontend/node_modules/jsdom/lib/jsdom/living/events/EventTarget-impl.js:286:3)
          at HTMLUnknownElementImpl._dispatch (/Users/ryan/Library/Mobile Documents/com~apple~CloudDocs/Documents/VSCode/Tax-App-Frontend/node_modules/jsdom/lib/jsdom/living/events/EventTarget-impl.js:233:9)
          at HTMLUnknownElementImpl.dispatchEvent (/Users/ryan/Library/Mobile Documents/com~apple~CloudDocs/Documents/VSCode/Tax-App-Frontend/node_modules/jsdom/lib/jsdom/living/events/EventTarget-impl.js:104:17)
          at HTMLUnknownElement.dispatchEvent (/Users/ryan/Library/Mobile Documents/com~apple~CloudDocs/Documents/VSCode/Tax-App-Frontend/node_modules/jsdom/lib/jsdom/living/generated/EventTarget.js:241:34)
          at Object.invokeGuardedCallbackDev (/Users/ryan/Library/Mobile Documents/com~apple~CloudDocs/Documents/VSCode/Tax-App-Frontend/node_modules/react-dom/cjs/react-dom.development.js:4213:16)
          at invokeGuardedCallback (/Users/ryan/Library/Mobile Documents/com~apple~CloudDocs/Documents/VSCode/Tax-App-Frontend/node_modules/react-dom/cjs/react-dom.development.js:4277:31)
          at beginWork$1 (/Users/ryan/Library/Mobile Documents/com~apple~CloudDocs/Documents/VSCode/Tax-App-Frontend/node_modules/react-dom/cjs/react-dom.development.js:27490:7)
          at performUnitOfWork (/Users/ryan/Library/Mobile Documents/com~apple~CloudDocs/Documents/VSCode/Tax-App-Frontend/node_modules/react-dom/cjs/react-dom.development.js:26599:12)
          at workLoopSync (/Users/ryan/Library/Mobile Documents/com~apple~CloudDocs/Documents/VSCode/Tax-App-Frontend/node_modules/react-dom/cjs/react-dom.development.js:26505:5)
          at renderRootSync (/Users/ryan/Library/Mobile Documents/com~apple~CloudDocs/Documents/VSCode/Tax-App-Frontend/node_modules/react-dom/cjs/react-dom.development.js:26473:7)
          at performConcurrentWorkOnRoot (/Users/ryan/Library/Mobile Documents/com~apple~CloudDocs/Documents/VSCode/Tax-App-Frontend/node_modules/react-dom/cjs/react-dom.development.js:25777:74)
          at flushActQueue (/Users/ryan/Library/Mobile Documents/com~apple~CloudDocs/Documents/VSCode/Tax-App-Frontend/node_modules/react/cjs/react.development.js:2667:24)
          at act (/Users/ryan/Library/Mobile Documents/com~apple~CloudDocs/Documents/VSCode/Tax-App-Frontend/node_modules/react/cjs/react.development.js:2582:11)
          at /Users/ryan/Library/Mobile Documents/com~apple~CloudDocs/Documents/VSCode/Tax-App-Frontend/node_modules/@testing-library/react/dist/act-compat.js:46:25
          at renderRoot (/Users/ryan/Library/Mobile Documents/com~apple~CloudDocs/Documents/VSCode/Tax-App-Frontend/node_modules/@testing-library/react/dist/pure.js:189:26)
          at render (/Users/ryan/Library/Mobile Documents/com~apple~CloudDocs/Documents/VSCode/Tax-App-Frontend/node_modules/@testing-library/react/dist/pure.js:291:10)
          at Object.<anonymous> (/Users/ryan/Library/Mobile Documents/com~apple~CloudDocs/Documents/VSCode/Tax-App-Frontend/src/app/login/responsive-layout.test.tsx:326:35)
          at Promise.finally.completed (/Users/ryan/Library/Mobile Documents/com~apple~CloudDocs/Documents/VSCode/Tax-App-Frontend/node_modules/jest-circus/build/jestAdapterInit.js:1557:28)
          at new Promise (<anonymous>)
          at callAsyncCircusFn (/Users/ryan/Library/Mobile Documents/com~apple~CloudDocs/Documents/VSCode/Tax-App-Frontend/node_modules/jest-circus/build/jestAdapterInit.js:1497:10)
          at _callCircusTest (/Users/ryan/Library/Mobile Documents/com~apple~CloudDocs/Documents/VSCode/Tax-App-Frontend/node_modules/jest-circus/build/jestAdapterInit.js:1007:40)
          at processTicksAndRejections (node:internal/process/task_queues:95:5)
          at _runTest (/Users/ryan/Library/Mobile Documents/com~apple~CloudDocs/Documents/VSCode/Tax-App-Frontend/node_modules/jest-circus/build/jestAdapterInit.js:947:3)
          at /Users/ryan/Library/Mobile Documents/com~apple~CloudDocs/Documents/VSCode/Tax-App-Frontend/node_modules/jest-circus/build/jestAdapterInit.js:849:7
          at _runTestsForDescribeBlock (/Users/ryan/Library/Mobile Documents/com~apple~CloudDocs/Documents/VSCode/Tax-App-Frontend/node_modules/jest-circus/build/jestAdapterInit.js:862:11)
          at _runTestsForDescribeBlock (/Users/ryan/Library/Mobile Documents/com~apple~CloudDocs/Documents/VSCode/Tax-App-Frontend/node_modules/jest-circus/build/jestAdapterInit.js:857:11)
          at _runTestsForDescribeBlock (/Users/ryan/Library/Mobile Documents/com~apple~CloudDocs/Documents/VSCode/Tax-App-Frontend/node_modules/jest-circus/build/jestAdapterInit.js:857:11)
          at run (/Users/ryan/Library/Mobile Documents/com~apple~CloudDocs/Documents/VSCode/Tax-App-Frontend/node_modules/jest-circus/build/jestAdapterInit.js:761:3)
          at runAndTransformResultsToJestFormat (/Users/ryan/Library/Mobile Documents/com~apple~CloudDocs/Documents/VSCode/Tax-App-Frontend/node_modules/jest-circus/build/jestAdapterInit.js:1918:21)
          at jestAdapter (/Users/ryan/Library/Mobile Documents/com~apple~CloudDocs/Documents/VSCode/Tax-App-Frontend/node_modules/jest-circus/build/runner.js:101:19)
          at runTestInternal (/Users/ryan/Library/Mobile Documents/com~apple~CloudDocs/Documents/VSCode/Tax-App-Frontend/node_modules/jest-runner/build/testWorker.js:275:16)
          at runTest (/Users/ryan/Library/Mobile Documents/com~apple~CloudDocs/Documents/VSCode/Tax-App-Frontend/node_modules/jest-runner/build/testWorker.js:343:7)
          at Object.worker (/Users/ryan/Library/Mobile Documents/com~apple~CloudDocs/Documents/VSCode/Tax-App-Frontend/node_modules/jest-runner/build/testWorker.js:497:12) {
        detail: TypeError: Cannot read properties of undefined (reading 'state')
            at state (/Users/ryan/Library/Mobile Documents/com~apple~CloudDocs/Documents/VSCode/Tax-App-Frontend/src/components/LoginForm.tsx:93:15)
            at renderWithHooks (/Users/ryan/Library/Mobile Documents/com~apple~CloudDocs/Documents/VSCode/Tax-App-Frontend/node_modules/react-dom/cjs/react-dom.development.js:15486:18)
            at mountIndeterminateComponent (/Users/ryan/Library/Mobile Documents/com~apple~CloudDocs/Documents/VSCode/Tax-App-Frontend/node_modules/react-dom/cjs/react-dom.development.js:20103:13)
            at beginWork (/Users/ryan/Library/Mobile Documents/com~apple~CloudDocs/Documents/VSCode/Tax-App-Frontend/node_modules/react-dom/cjs/react-dom.development.js:21626:16)
            at HTMLUnknownElement.callCallback (/Users/ryan/Library/Mobile Documents/com~apple~CloudDocs/Documents/VSCode/Tax-App-Frontend/node_modules/react-dom/cjs/react-dom.development.js:4164:14)
            at HTMLUnknownElement.callTheUserObjectsOperation (/Users/ryan/Library/Mobile Documents/com~apple~CloudDocs/Documents/VSCode/Tax-App-Frontend/node_modules/jsdom/lib/jsdom/living/generated/EventListener.js:26:30)
            at innerInvokeEventListeners (/Users/ryan/Library/Mobile Documents/com~apple~CloudDocs/Documents/VSCode/Tax-App-Frontend/node_modules/jsdom/lib/jsdom/living/events/EventTarget-impl.js:350:25)
            at invokeEventListeners (/Users/ryan/Library/Mobile Documents/com~apple~CloudDocs/Documents/VSCode/Tax-App-Frontend/node_modules/jsdom/lib/jsdom/living/events/EventTarget-impl.js:286:3)
            at HTMLUnknownElementImpl._dispatch (/Users/ryan/Library/Mobile Documents/com~apple~CloudDocs/Documents/VSCode/Tax-App-Frontend/node_modules/jsdom/lib/jsdom/living/events/EventTarget-impl.js:233:9)
            at HTMLUnknownElementImpl.dispatchEvent (/Users/ryan/Library/Mobile Documents/com~apple~CloudDocs/Documents/VSCode/Tax-App-Frontend/node_modules/jsdom/lib/jsdom/living/events/EventTarget-impl.js:104:17)
            at HTMLUnknownElement.dispatchEvent (/Users/ryan/Library/Mobile Documents/com~apple~CloudDocs/Documents/VSCode/Tax-App-Frontend/node_modules/jsdom/lib/jsdom/living/generated/EventTarget.js:241:34)
            at Object.invokeGuardedCallbackDev (/Users/ryan/Library/Mobile Documents/com~apple~CloudDocs/Documents/VSCode/Tax-App-Frontend/node_modules/react-dom/cjs/react-dom.development.js:4213:16)
            at invokeGuardedCallback (/Users/ryan/Library/Mobile Documents/com~apple~CloudDocs/Documents/VSCode/Tax-App-Frontend/node_modules/react-dom/cjs/react-dom.development.js:4277:31)
            at beginWork$1 (/Users/ryan/Library/Mobile Documents/com~apple~CloudDocs/Documents/VSCode/Tax-App-Frontend/node_modules/react-dom/cjs/react-dom.development.js:27490:7)
            at performUnitOfWork (/Users/ryan/Library/Mobile Documents/com~apple~CloudDocs/Documents/VSCode/Tax-App-Frontend/node_modules/react-dom/cjs/react-dom.development.js:26599:12)
            at workLoopSync (/Users/ryan/Library/Mobile Documents/com~apple~CloudDocs/Documents/VSCode/Tax-App-Frontend/node_modules/react-dom/cjs/react-dom.development.js:26505:5)
            at renderRootSync (/Users/ryan/Library/Mobile Documents/com~apple~CloudDocs/Documents/VSCode/Tax-App-Frontend/node_modules/react-dom/cjs/react-dom.development.js:26473:7)
            at performConcurrentWorkOnRoot (/Users/ryan/Library/Mobile Documents/com~apple~CloudDocs/Documents/VSCode/Tax-App-Frontend/node_modules/react-dom/cjs/react-dom.development.js:25777:74)
            at flushActQueue (/Users/ryan/Library/Mobile Documents/com~apple~CloudDocs/Documents/VSCode/Tax-App-Frontend/node_modules/react/cjs/react.development.js:2667:24)
            at act (/Users/ryan/Library/Mobile Documents/com~apple~CloudDocs/Documents/VSCode/Tax-App-Frontend/node_modules/react/cjs/react.development.js:2582:11)
            at /Users/ryan/Library/Mobile Documents/com~apple~CloudDocs/Documents/VSCode/Tax-App-Frontend/node_modules/@testing-library/react/dist/act-compat.js:46:25
            at renderRoot (/Users/ryan/Library/Mobile Documents/com~apple~CloudDocs/Documents/VSCode/Tax-App-Frontend/node_modules/@testing-library/react/dist/pure.js:189:26)
            at render (/Users/ryan/Library/Mobile Documents/com~apple~CloudDocs/Documents/VSCode/Tax-App-Frontend/node_modules/@testing-library/react/dist/pure.js:291:10)
            at Object.<anonymous> (/Users/ryan/Library/Mobile Documents/com~apple~CloudDocs/Documents/VSCode/Tax-App-Frontend/src/app/login/responsive-layout.test.tsx:326:35)
            at Promise.finally.completed (/Users/ryan/Library/Mobile Documents/com~apple~CloudDocs/Documents/VSCode/Tax-App-Frontend/node_modules/jest-circus/build/jestAdapterInit.js:1557:28)
            at new Promise (<anonymous>)
            at callAsyncCircusFn (/Users/ryan/Library/Mobile Documents/com~apple~CloudDocs/Documents/VSCode/Tax-App-Frontend/node_modules/jest-circus/build/jestAdapterInit.js:1497:10)
            at _callCircusTest (/Users/ryan/Library/Mobile Documents/com~apple~CloudDocs/Documents/VSCode/Tax-App-Frontend/node_modules/jest-circus/build/jestAdapterInit.js:1007:40)
            at processTicksAndRejections (node:internal/process/task_queues:95:5)
            at _runTest (/Users/ryan/Library/Mobile Documents/com~apple~CloudDocs/Documents/VSCode/Tax-App-Frontend/node_modules/jest-circus/build/jestAdapterInit.js:947:3)
            at /Users/ryan/Library/Mobile Documents/com~apple~CloudDocs/Documents/VSCode/Tax-App-Frontend/node_modules/jest-circus/build/jestAdapterInit.js:849:7
            at _runTestsForDescribeBlock (/Users/ryan/Library/Mobile Documents/com~apple~CloudDocs/Documents/VSCode/Tax-App-Frontend/node_modules/jest-circus/build/jestAdapterInit.js:862:11)
            at _runTestsForDescribeBlock (/Users/ryan/Library/Mobile Documents/com~apple~CloudDocs/Documents/VSCode/Tax-App-Frontend/node_modules/jest-circus/build/jestAdapterInit.js:857:11)
            at _runTestsForDescribeBlock (/Users/ryan/Library/Mobile Documents/com~apple~CloudDocs/Documents/VSCode/Tax-App-Frontend/node_modules/jest-circus/build/jestAdapterInit.js:857:11)
            at run (/Users/ryan/Library/Mobile Documents/com~apple~CloudDocs/Documents/VSCode/Tax-App-Frontend/node_modules/jest-circus/build/jestAdapterInit.js:761:3)
            at runAndTransformResultsToJestFormat (/Users/ryan/Library/Mobile Documents/com~apple~CloudDocs/Documents/VSCode/Tax-App-Frontend/node_modules/jest-circus/build/jestAdapterInit.js:1918:21)
            at jestAdapter (/Users/ryan/Library/Mobile Documents/com~apple~CloudDocs/Documents/VSCode/Tax-App-Frontend/node_modules/jest-circus/build/runner.js:101:19)
            at runTestInternal (/Users/ryan/Library/Mobile Documents/com~apple~CloudDocs/Documents/VSCode/Tax-App-Frontend/node_modules/jest-runner/build/testWorker.js:275:16)
            at runTest (/Users/ryan/Library/Mobile Documents/com~apple~CloudDocs/Documents/VSCode/Tax-App-Frontend/node_modules/jest-runner/build/testWorker.js:343:7)
            at Object.worker (/Users/ryan/Library/Mobile Documents/com~apple~CloudDocs/Documents/VSCode/Tax-App-Frontend/node_modules/jest-runner/build/testWorker.js:497:12),
        type: 'unhandled exception'
      }

      324 |   describe('Background and Container Styling', () => {
      325 |     test('should have light gray background', () => {
    > 326 |       const { container } = render(<LoginPageClient />);
          |                                   ^
      327 |
      328 |       const mainContainer = container.querySelector('.min-h-screen');
      329 |       expect(mainContainer).toHaveClass('bg-gray-50');

      at VirtualConsole.<anonymous> (node_modules/@jest/environment-jsdom-abstract/build/index.js:87:23)
      at reportException (node_modules/jsdom/lib/jsdom/living/helpers/runtime-script-errors.js:70:28)
      at innerInvokeEventListeners (node_modules/jsdom/lib/jsdom/living/events/EventTarget-impl.js:353:9)
      at invokeEventListeners (node_modules/jsdom/lib/jsdom/living/events/EventTarget-impl.js:286:3)
      at HTMLUnknownElementImpl._dispatch (node_modules/jsdom/lib/jsdom/living/events/EventTarget-impl.js:233:9)
      at HTMLUnknownElementImpl.dispatchEvent (node_modules/jsdom/lib/jsdom/living/events/EventTarget-impl.js:104:17)
      at HTMLUnknownElement.dispatchEvent (node_modules/jsdom/lib/jsdom/living/generated/EventTarget.js:241:34)
      at Object.invokeGuardedCallbackDev (node_modules/react-dom/cjs/react-dom.development.js:4213:16)
      at invokeGuardedCallback (node_modules/react-dom/cjs/react-dom.development.js:4277:31)
      at beginWork$1 (node_modules/react-dom/cjs/react-dom.development.js:27490:7)
      at performUnitOfWork (node_modules/react-dom/cjs/react-dom.development.js:26599:12)
      at workLoopSync (node_modules/react-dom/cjs/react-dom.development.js:26505:5)
      at renderRootSync (node_modules/react-dom/cjs/react-dom.development.js:26473:7)
      at performConcurrentWorkOnRoot (node_modules/react-dom/cjs/react-dom.development.js:25777:74)
      at flushActQueue (node_modules/react/cjs/react.development.js:2667:24)
      at act (node_modules/react/cjs/react.development.js:2582:11)
      at node_modules/@testing-library/react/dist/act-compat.js:46:25
      at renderRoot (node_modules/@testing-library/react/dist/pure.js:189:26)
      at render (node_modules/@testing-library/react/dist/pure.js:291:10)
      at Object.<anonymous> (src/app/login/responsive-layout.test.tsx:326:35)

    console.error
      Error: Uncaught [TypeError: Cannot read properties of undefined (reading 'state')]
          at reportException (/Users/ryan/Library/Mobile Documents/com~apple~CloudDocs/Documents/VSCode/Tax-App-Frontend/node_modules/jsdom/lib/jsdom/living/helpers/runtime-script-errors.js:66:24)
          at innerInvokeEventListeners (/Users/ryan/Library/Mobile Documents/com~apple~CloudDocs/Documents/VSCode/Tax-App-Frontend/node_modules/jsdom/lib/jsdom/living/events/EventTarget-impl.js:353:9)
          at invokeEventListeners (/Users/ryan/Library/Mobile Documents/com~apple~CloudDocs/Documents/VSCode/Tax-App-Frontend/node_modules/jsdom/lib/jsdom/living/events/EventTarget-impl.js:286:3)
          at HTMLUnknownElementImpl._dispatch (/Users/ryan/Library/Mobile Documents/com~apple~CloudDocs/Documents/VSCode/Tax-App-Frontend/node_modules/jsdom/lib/jsdom/living/events/EventTarget-impl.js:233:9)
          at HTMLUnknownElementImpl.dispatchEvent (/Users/ryan/Library/Mobile Documents/com~apple~CloudDocs/Documents/VSCode/Tax-App-Frontend/node_modules/jsdom/lib/jsdom/living/events/EventTarget-impl.js:104:17)
          at HTMLUnknownElement.dispatchEvent (/Users/ryan/Library/Mobile Documents/com~apple~CloudDocs/Documents/VSCode/Tax-App-Frontend/node_modules/jsdom/lib/jsdom/living/generated/EventTarget.js:241:34)
          at Object.invokeGuardedCallbackDev (/Users/ryan/Library/Mobile Documents/com~apple~CloudDocs/Documents/VSCode/Tax-App-Frontend/node_modules/react-dom/cjs/react-dom.development.js:4213:16)
          at invokeGuardedCallback (/Users/ryan/Library/Mobile Documents/com~apple~CloudDocs/Documents/VSCode/Tax-App-Frontend/node_modules/react-dom/cjs/react-dom.development.js:4277:31)
          at beginWork$1 (/Users/ryan/Library/Mobile Documents/com~apple~CloudDocs/Documents/VSCode/Tax-App-Frontend/node_modules/react-dom/cjs/react-dom.development.js:27490:7)
          at performUnitOfWork (/Users/ryan/Library/Mobile Documents/com~apple~CloudDocs/Documents/VSCode/Tax-App-Frontend/node_modules/react-dom/cjs/react-dom.development.js:26599:12)
          at workLoopSync (/Users/ryan/Library/Mobile Documents/com~apple~CloudDocs/Documents/VSCode/Tax-App-Frontend/node_modules/react-dom/cjs/react-dom.development.js:26505:5)
          at renderRootSync (/Users/ryan/Library/Mobile Documents/com~apple~CloudDocs/Documents/VSCode/Tax-App-Frontend/node_modules/react-dom/cjs/react-dom.development.js:26473:7)
          at recoverFromConcurrentError (/Users/ryan/Library/Mobile Documents/com~apple~CloudDocs/Documents/VSCode/Tax-App-Frontend/node_modules/react-dom/cjs/react-dom.development.js:25889:20)
          at performConcurrentWorkOnRoot (/Users/ryan/Library/Mobile Documents/com~apple~CloudDocs/Documents/VSCode/Tax-App-Frontend/node_modules/react-dom/cjs/react-dom.development.js:25789:22)
          at flushActQueue (/Users/ryan/Library/Mobile Documents/com~apple~CloudDocs/Documents/VSCode/Tax-App-Frontend/node_modules/react/cjs/react.development.js:2667:24)
          at act (/Users/ryan/Library/Mobile Documents/com~apple~CloudDocs/Documents/VSCode/Tax-App-Frontend/node_modules/react/cjs/react.development.js:2582:11)
          at /Users/ryan/Library/Mobile Documents/com~apple~CloudDocs/Documents/VSCode/Tax-App-Frontend/node_modules/@testing-library/react/dist/act-compat.js:46:25
          at renderRoot (/Users/ryan/Library/Mobile Documents/com~apple~CloudDocs/Documents/VSCode/Tax-App-Frontend/node_modules/@testing-library/react/dist/pure.js:189:26)
          at render (/Users/ryan/Library/Mobile Documents/com~apple~CloudDocs/Documents/VSCode/Tax-App-Frontend/node_modules/@testing-library/react/dist/pure.js:291:10)
          at Object.<anonymous> (/Users/ryan/Library/Mobile Documents/com~apple~CloudDocs/Documents/VSCode/Tax-App-Frontend/src/app/login/responsive-layout.test.tsx:326:35)
          at Promise.finally.completed (/Users/ryan/Library/Mobile Documents/com~apple~CloudDocs/Documents/VSCode/Tax-App-Frontend/node_modules/jest-circus/build/jestAdapterInit.js:1557:28)
          at new Promise (<anonymous>)
          at callAsyncCircusFn (/Users/ryan/Library/Mobile Documents/com~apple~CloudDocs/Documents/VSCode/Tax-App-Frontend/node_modules/jest-circus/build/jestAdapterInit.js:1497:10)
          at _callCircusTest (/Users/ryan/Library/Mobile Documents/com~apple~CloudDocs/Documents/VSCode/Tax-App-Frontend/node_modules/jest-circus/build/jestAdapterInit.js:1007:40)
          at processTicksAndRejections (node:internal/process/task_queues:95:5)
          at _runTest (/Users/ryan/Library/Mobile Documents/com~apple~CloudDocs/Documents/VSCode/Tax-App-Frontend/node_modules/jest-circus/build/jestAdapterInit.js:947:3)
          at /Users/ryan/Library/Mobile Documents/com~apple~CloudDocs/Documents/VSCode/Tax-App-Frontend/node_modules/jest-circus/build/jestAdapterInit.js:849:7
          at _runTestsForDescribeBlock (/Users/ryan/Library/Mobile Documents/com~apple~CloudDocs/Documents/VSCode/Tax-App-Frontend/node_modules/jest-circus/build/jestAdapterInit.js:862:11)
          at _runTestsForDescribeBlock (/Users/ryan/Library/Mobile Documents/com~apple~CloudDocs/Documents/VSCode/Tax-App-Frontend/node_modules/jest-circus/build/jestAdapterInit.js:857:11)
          at _runTestsForDescribeBlock (/Users/ryan/Library/Mobile Documents/com~apple~CloudDocs/Documents/VSCode/Tax-App-Frontend/node_modules/jest-circus/build/jestAdapterInit.js:857:11)
          at run (/Users/ryan/Library/Mobile Documents/com~apple~CloudDocs/Documents/VSCode/Tax-App-Frontend/node_modules/jest-circus/build/jestAdapterInit.js:761:3)
          at runAndTransformResultsToJestFormat (/Users/ryan/Library/Mobile Documents/com~apple~CloudDocs/Documents/VSCode/Tax-App-Frontend/node_modules/jest-circus/build/jestAdapterInit.js:1918:21)
          at jestAdapter (/Users/ryan/Library/Mobile Documents/com~apple~CloudDocs/Documents/VSCode/Tax-App-Frontend/node_modules/jest-circus/build/runner.js:101:19)
          at runTestInternal (/Users/ryan/Library/Mobile Documents/com~apple~CloudDocs/Documents/VSCode/Tax-App-Frontend/node_modules/jest-runner/build/testWorker.js:275:16)
          at runTest (/Users/ryan/Library/Mobile Documents/com~apple~CloudDocs/Documents/VSCode/Tax-App-Frontend/node_modules/jest-runner/build/testWorker.js:343:7)
          at Object.worker (/Users/ryan/Library/Mobile Documents/com~apple~CloudDocs/Documents/VSCode/Tax-App-Frontend/node_modules/jest-runner/build/testWorker.js:497:12) {
        detail: TypeError: Cannot read properties of undefined (reading 'state')
            at state (/Users/ryan/Library/Mobile Documents/com~apple~CloudDocs/Documents/VSCode/Tax-App-Frontend/src/components/LoginForm.tsx:93:15)
            at renderWithHooks (/Users/ryan/Library/Mobile Documents/com~apple~CloudDocs/Documents/VSCode/Tax-App-Frontend/node_modules/react-dom/cjs/react-dom.development.js:15486:18)
            at mountIndeterminateComponent (/Users/ryan/Library/Mobile Documents/com~apple~CloudDocs/Documents/VSCode/Tax-App-Frontend/node_modules/react-dom/cjs/react-dom.development.js:20103:13)
            at beginWork (/Users/ryan/Library/Mobile Documents/com~apple~CloudDocs/Documents/VSCode/Tax-App-Frontend/node_modules/react-dom/cjs/react-dom.development.js:21626:16)
            at HTMLUnknownElement.callCallback (/Users/ryan/Library/Mobile Documents/com~apple~CloudDocs/Documents/VSCode/Tax-App-Frontend/node_modules/react-dom/cjs/react-dom.development.js:4164:14)
            at HTMLUnknownElement.callTheUserObjectsOperation (/Users/ryan/Library/Mobile Documents/com~apple~CloudDocs/Documents/VSCode/Tax-App-Frontend/node_modules/jsdom/lib/jsdom/living/generated/EventListener.js:26:30)
            at innerInvokeEventListeners (/Users/ryan/Library/Mobile Documents/com~apple~CloudDocs/Documents/VSCode/Tax-App-Frontend/node_modules/jsdom/lib/jsdom/living/events/EventTarget-impl.js:350:25)
            at invokeEventListeners (/Users/ryan/Library/Mobile Documents/com~apple~CloudDocs/Documents/VSCode/Tax-App-Frontend/node_modules/jsdom/lib/jsdom/living/events/EventTarget-impl.js:286:3)
            at HTMLUnknownElementImpl._dispatch (/Users/ryan/Library/Mobile Documents/com~apple~CloudDocs/Documents/VSCode/Tax-App-Frontend/node_modules/jsdom/lib/jsdom/living/events/EventTarget-impl.js:233:9)
            at HTMLUnknownElementImpl.dispatchEvent (/Users/ryan/Library/Mobile Documents/com~apple~CloudDocs/Documents/VSCode/Tax-App-Frontend/node_modules/jsdom/lib/jsdom/living/events/EventTarget-impl.js:104:17)
            at HTMLUnknownElement.dispatchEvent (/Users/ryan/Library/Mobile Documents/com~apple~CloudDocs/Documents/VSCode/Tax-App-Frontend/node_modules/jsdom/lib/jsdom/living/generated/EventTarget.js:241:34)
            at Object.invokeGuardedCallbackDev (/Users/ryan/Library/Mobile Documents/com~apple~CloudDocs/Documents/VSCode/Tax-App-Frontend/node_modules/react-dom/cjs/react-dom.development.js:4213:16)
            at invokeGuardedCallback (/Users/ryan/Library/Mobile Documents/com~apple~CloudDocs/Documents/VSCode/Tax-App-Frontend/node_modules/react-dom/cjs/react-dom.development.js:4277:31)
            at beginWork$1 (/Users/ryan/Library/Mobile Documents/com~apple~CloudDocs/Documents/VSCode/Tax-App-Frontend/node_modules/react-dom/cjs/react-dom.development.js:27490:7)
            at performUnitOfWork (/Users/ryan/Library/Mobile Documents/com~apple~CloudDocs/Documents/VSCode/Tax-App-Frontend/node_modules/react-dom/cjs/react-dom.development.js:26599:12)
            at workLoopSync (/Users/ryan/Library/Mobile Documents/com~apple~CloudDocs/Documents/VSCode/Tax-App-Frontend/node_modules/react-dom/cjs/react-dom.development.js:26505:5)
            at renderRootSync (/Users/ryan/Library/Mobile Documents/com~apple~CloudDocs/Documents/VSCode/Tax-App-Frontend/node_modules/react-dom/cjs/react-dom.development.js:26473:7)
            at recoverFromConcurrentError (/Users/ryan/Library/Mobile Documents/com~apple~CloudDocs/Documents/VSCode/Tax-App-Frontend/node_modules/react-dom/cjs/react-dom.development.js:25889:20)
            at performConcurrentWorkOnRoot (/Users/ryan/Library/Mobile Documents/com~apple~CloudDocs/Documents/VSCode/Tax-App-Frontend/node_modules/react-dom/cjs/react-dom.development.js:25789:22)
            at flushActQueue (/Users/ryan/Library/Mobile Documents/com~apple~CloudDocs/Documents/VSCode/Tax-App-Frontend/node_modules/react/cjs/react.development.js:2667:24)
            at act (/Users/ryan/Library/Mobile Documents/com~apple~CloudDocs/Documents/VSCode/Tax-App-Frontend/node_modules/react/cjs/react.development.js:2582:11)
            at /Users/ryan/Library/Mobile Documents/com~apple~CloudDocs/Documents/VSCode/Tax-App-Frontend/node_modules/@testing-library/react/dist/act-compat.js:46:25
            at renderRoot (/Users/ryan/Library/Mobile Documents/com~apple~CloudDocs/Documents/VSCode/Tax-App-Frontend/node_modules/@testing-library/react/dist/pure.js:189:26)
            at render (/Users/ryan/Library/Mobile Documents/com~apple~CloudDocs/Documents/VSCode/Tax-App-Frontend/node_modules/@testing-library/react/dist/pure.js:291:10)
            at Object.<anonymous> (/Users/ryan/Library/Mobile Documents/com~apple~CloudDocs/Documents/VSCode/Tax-App-Frontend/src/app/login/responsive-layout.test.tsx:326:35)
            at Promise.finally.completed (/Users/ryan/Library/Mobile Documents/com~apple~CloudDocs/Documents/VSCode/Tax-App-Frontend/node_modules/jest-circus/build/jestAdapterInit.js:1557:28)
            at new Promise (<anonymous>)
            at callAsyncCircusFn (/Users/ryan/Library/Mobile Documents/com~apple~CloudDocs/Documents/VSCode/Tax-App-Frontend/node_modules/jest-circus/build/jestAdapterInit.js:1497:10)
            at _callCircusTest (/Users/ryan/Library/Mobile Documents/com~apple~CloudDocs/Documents/VSCode/Tax-App-Frontend/node_modules/jest-circus/build/jestAdapterInit.js:1007:40)
            at processTicksAndRejections (node:internal/process/task_queues:95:5)
            at _runTest (/Users/ryan/Library/Mobile Documents/com~apple~CloudDocs/Documents/VSCode/Tax-App-Frontend/node_modules/jest-circus/build/jestAdapterInit.js:947:3)
            at /Users/ryan/Library/Mobile Documents/com~apple~CloudDocs/Documents/VSCode/Tax-App-Frontend/node_modules/jest-circus/build/jestAdapterInit.js:849:7
            at _runTestsForDescribeBlock (/Users/ryan/Library/Mobile Documents/com~apple~CloudDocs/Documents/VSCode/Tax-App-Frontend/node_modules/jest-circus/build/jestAdapterInit.js:862:11)
            at _runTestsForDescribeBlock (/Users/ryan/Library/Mobile Documents/com~apple~CloudDocs/Documents/VSCode/Tax-App-Frontend/node_modules/jest-circus/build/jestAdapterInit.js:857:11)
            at _runTestsForDescribeBlock (/Users/ryan/Library/Mobile Documents/com~apple~CloudDocs/Documents/VSCode/Tax-App-Frontend/node_modules/jest-circus/build/jestAdapterInit.js:857:11)
            at run (/Users/ryan/Library/Mobile Documents/com~apple~CloudDocs/Documents/VSCode/Tax-App-Frontend/node_modules/jest-circus/build/jestAdapterInit.js:761:3)
            at runAndTransformResultsToJestFormat (/Users/ryan/Library/Mobile Documents/com~apple~CloudDocs/Documents/VSCode/Tax-App-Frontend/node_modules/jest-circus/build/jestAdapterInit.js:1918:21)
            at jestAdapter (/Users/ryan/Library/Mobile Documents/com~apple~CloudDocs/Documents/VSCode/Tax-App-Frontend/node_modules/jest-circus/build/runner.js:101:19)
            at runTestInternal (/Users/ryan/Library/Mobile Documents/com~apple~CloudDocs/Documents/VSCode/Tax-App-Frontend/node_modules/jest-runner/build/testWorker.js:275:16)
            at runTest (/Users/ryan/Library/Mobile Documents/com~apple~CloudDocs/Documents/VSCode/Tax-App-Frontend/node_modules/jest-runner/build/testWorker.js:343:7)
            at Object.worker (/Users/ryan/Library/Mobile Documents/com~apple~CloudDocs/Documents/VSCode/Tax-App-Frontend/node_modules/jest-runner/build/testWorker.js:497:12),
        type: 'unhandled exception'
      }

      324 |   describe('Background and Container Styling', () => {
      325 |     test('should have light gray background', () => {
    > 326 |       const { container } = render(<LoginPageClient />);
          |                                   ^
      327 |
      328 |       const mainContainer = container.querySelector('.min-h-screen');
      329 |       expect(mainContainer).toHaveClass('bg-gray-50');

      at VirtualConsole.<anonymous> (node_modules/@jest/environment-jsdom-abstract/build/index.js:87:23)
      at reportException (node_modules/jsdom/lib/jsdom/living/helpers/runtime-script-errors.js:70:28)
      at innerInvokeEventListeners (node_modules/jsdom/lib/jsdom/living/events/EventTarget-impl.js:353:9)
      at invokeEventListeners (node_modules/jsdom/lib/jsdom/living/events/EventTarget-impl.js:286:3)
      at HTMLUnknownElementImpl._dispatch (node_modules/jsdom/lib/jsdom/living/events/EventTarget-impl.js:233:9)
      at HTMLUnknownElementImpl.dispatchEvent (node_modules/jsdom/lib/jsdom/living/events/EventTarget-impl.js:104:17)
      at HTMLUnknownElement.dispatchEvent (node_modules/jsdom/lib/jsdom/living/generated/EventTarget.js:241:34)
      at Object.invokeGuardedCallbackDev (node_modules/react-dom/cjs/react-dom.development.js:4213:16)
      at invokeGuardedCallback (node_modules/react-dom/cjs/react-dom.development.js:4277:31)
      at beginWork$1 (node_modules/react-dom/cjs/react-dom.development.js:27490:7)
      at performUnitOfWork (node_modules/react-dom/cjs/react-dom.development.js:26599:12)
      at workLoopSync (node_modules/react-dom/cjs/react-dom.development.js:26505:5)
      at renderRootSync (node_modules/react-dom/cjs/react-dom.development.js:26473:7)
      at recoverFromConcurrentError (node_modules/react-dom/cjs/react-dom.development.js:25889:20)
      at performConcurrentWorkOnRoot (node_modules/react-dom/cjs/react-dom.development.js:25789:22)
      at flushActQueue (node_modules/react/cjs/react.development.js:2667:24)
      at act (node_modules/react/cjs/react.development.js:2582:11)
      at node_modules/@testing-library/react/dist/act-compat.js:46:25
      at renderRoot (node_modules/@testing-library/react/dist/pure.js:189:26)
      at render (node_modules/@testing-library/react/dist/pure.js:291:10)
      at Object.<anonymous> (src/app/login/responsive-layout.test.tsx:326:35)

    console.error
      The above error occurred in the <LoginForm> component:
      
          at className (/Users/ryan/Library/Mobile Documents/com~apple~CloudDocs/Documents/VSCode/Tax-App-Frontend/src/components/LoginForm.tsx:45:29)
          at div
          at children (/Users/ryan/Library/Mobile Documents/com~apple~CloudDocs/Documents/VSCode/Tax-App-Frontend/src/app/login/responsive-layout.test.tsx:62:19)
          at div
          at children (/Users/ryan/Library/Mobile Documents/com~apple~CloudDocs/Documents/VSCode/Tax-App-Frontend/src/app/login/responsive-layout.test.tsx:52:12)
          at div
          at div
          at div
          at children (/Users/ryan/Library/Mobile Documents/com~apple~CloudDocs/Documents/VSCode/Tax-App-Frontend/src/app/login/responsive-layout.test.tsx:47:21)
          at callbackUrl (/Users/ryan/Library/Mobile Documents/com~apple~CloudDocs/Documents/VSCode/Tax-App-Frontend/src/app/login/LoginPageClient.tsx:49:43)
      
      Consider adding an error boundary to your tree to customize error handling behavior.
      Visit https://reactjs.org/link/error-boundaries to learn more about error boundaries.

      324 |   describe('Background and Container Styling', () => {
      325 |     test('should have light gray background', () => {
    > 326 |       const { container } = render(<LoginPageClient />);
          |                                   ^
      327 |
      328 |       const mainContainer = container.querySelector('.min-h-screen');
      329 |       expect(mainContainer).toHaveClass('bg-gray-50');

      at logCapturedError (node_modules/react-dom/cjs/react-dom.development.js:18704:23)
      at update.callback (node_modules/react-dom/cjs/react-dom.development.js:18737:5)
      at callCallback (node_modules/react-dom/cjs/react-dom.development.js:15036:12)
      at commitUpdateQueue (node_modules/react-dom/cjs/react-dom.development.js:15057:9)
      at commitLayoutEffectOnFiber (node_modules/react-dom/cjs/react-dom.development.js:23430:13)
      at commitLayoutMountEffects_complete (node_modules/react-dom/cjs/react-dom.development.js:24727:9)
      at commitLayoutEffects_begin (node_modules/react-dom/cjs/react-dom.development.js:24713:7)
      at commitLayoutEffects (node_modules/react-dom/cjs/react-dom.development.js:24651:3)
      at commitRootImpl (node_modules/react-dom/cjs/react-dom.development.js:26862:5)
      at commitRoot (node_modules/react-dom/cjs/react-dom.development.js:26721:5)
      at finishConcurrentRender (node_modules/react-dom/cjs/react-dom.development.js:25931:9)
      at performConcurrentWorkOnRoot (node_modules/react-dom/cjs/react-dom.development.js:25848:7)
      at flushActQueue (node_modules/react/cjs/react.development.js:2667:24)
      at act (node_modules/react/cjs/react.development.js:2582:11)
      at node_modules/@testing-library/react/dist/act-compat.js:46:25
      at renderRoot (node_modules/@testing-library/react/dist/pure.js:189:26)
      at render (node_modules/@testing-library/react/dist/pure.js:291:10)
      at Object.<anonymous> (src/app/login/responsive-layout.test.tsx:326:35)

    console.error
      Error: Uncaught [TypeError: Cannot read properties of undefined (reading 'state')]
          at reportException (/Users/ryan/Library/Mobile Documents/com~apple~CloudDocs/Documents/VSCode/Tax-App-Frontend/node_modules/jsdom/lib/jsdom/living/helpers/runtime-script-errors.js:66:24)
          at innerInvokeEventListeners (/Users/ryan/Library/Mobile Documents/com~apple~CloudDocs/Documents/VSCode/Tax-App-Frontend/node_modules/jsdom/lib/jsdom/living/events/EventTarget-impl.js:353:9)
          at invokeEventListeners (/Users/ryan/Library/Mobile Documents/com~apple~CloudDocs/Documents/VSCode/Tax-App-Frontend/node_modules/jsdom/lib/jsdom/living/events/EventTarget-impl.js:286:3)
          at HTMLUnknownElementImpl._dispatch (/Users/ryan/Library/Mobile Documents/com~apple~CloudDocs/Documents/VSCode/Tax-App-Frontend/node_modules/jsdom/lib/jsdom/living/events/EventTarget-impl.js:233:9)
          at HTMLUnknownElementImpl.dispatchEvent (/Users/ryan/Library/Mobile Documents/com~apple~CloudDocs/Documents/VSCode/Tax-App-Frontend/node_modules/jsdom/lib/jsdom/living/events/EventTarget-impl.js:104:17)
          at HTMLUnknownElement.dispatchEvent (/Users/ryan/Library/Mobile Documents/com~apple~CloudDocs/Documents/VSCode/Tax-App-Frontend/node_modules/jsdom/lib/jsdom/living/generated/EventTarget.js:241:34)
          at Object.invokeGuardedCallbackDev (/Users/ryan/Library/Mobile Documents/com~apple~CloudDocs/Documents/VSCode/Tax-App-Frontend/node_modules/react-dom/cjs/react-dom.development.js:4213:16)
          at invokeGuardedCallback (/Users/ryan/Library/Mobile Documents/com~apple~CloudDocs/Documents/VSCode/Tax-App-Frontend/node_modules/react-dom/cjs/react-dom.development.js:4277:31)
          at beginWork$1 (/Users/ryan/Library/Mobile Documents/com~apple~CloudDocs/Documents/VSCode/Tax-App-Frontend/node_modules/react-dom/cjs/react-dom.development.js:27490:7)
          at performUnitOfWork (/Users/ryan/Library/Mobile Documents/com~apple~CloudDocs/Documents/VSCode/Tax-App-Frontend/node_modules/react-dom/cjs/react-dom.development.js:26599:12)
          at workLoopSync (/Users/ryan/Library/Mobile Documents/com~apple~CloudDocs/Documents/VSCode/Tax-App-Frontend/node_modules/react-dom/cjs/react-dom.development.js:26505:5)
          at renderRootSync (/Users/ryan/Library/Mobile Documents/com~apple~CloudDocs/Documents/VSCode/Tax-App-Frontend/node_modules/react-dom/cjs/react-dom.development.js:26473:7)
          at performConcurrentWorkOnRoot (/Users/ryan/Library/Mobile Documents/com~apple~CloudDocs/Documents/VSCode/Tax-App-Frontend/node_modules/react-dom/cjs/react-dom.development.js:25777:74)
          at flushActQueue (/Users/ryan/Library/Mobile Documents/com~apple~CloudDocs/Documents/VSCode/Tax-App-Frontend/node_modules/react/cjs/react.development.js:2667:24)
          at act (/Users/ryan/Library/Mobile Documents/com~apple~CloudDocs/Documents/VSCode/Tax-App-Frontend/node_modules/react/cjs/react.development.js:2582:11)
          at /Users/ryan/Library/Mobile Documents/com~apple~CloudDocs/Documents/VSCode/Tax-App-Frontend/node_modules/@testing-library/react/dist/act-compat.js:46:25
          at renderRoot (/Users/ryan/Library/Mobile Documents/com~apple~CloudDocs/Documents/VSCode/Tax-App-Frontend/node_modules/@testing-library/react/dist/pure.js:189:26)
          at render (/Users/ryan/Library/Mobile Documents/com~apple~CloudDocs/Documents/VSCode/Tax-App-Frontend/node_modules/@testing-library/react/dist/pure.js:291:10)
          at Object.<anonymous> (/Users/ryan/Library/Mobile Documents/com~apple~CloudDocs/Documents/VSCode/Tax-App-Frontend/src/app/login/responsive-layout.test.tsx:333:35)
          at Promise.finally.completed (/Users/ryan/Library/Mobile Documents/com~apple~CloudDocs/Documents/VSCode/Tax-App-Frontend/node_modules/jest-circus/build/jestAdapterInit.js:1557:28)
          at new Promise (<anonymous>)
          at callAsyncCircusFn (/Users/ryan/Library/Mobile Documents/com~apple~CloudDocs/Documents/VSCode/Tax-App-Frontend/node_modules/jest-circus/build/jestAdapterInit.js:1497:10)
          at _callCircusTest (/Users/ryan/Library/Mobile Documents/com~apple~CloudDocs/Documents/VSCode/Tax-App-Frontend/node_modules/jest-circus/build/jestAdapterInit.js:1007:40)
          at processTicksAndRejections (node:internal/process/task_queues:95:5)
          at _runTest (/Users/ryan/Library/Mobile Documents/com~apple~CloudDocs/Documents/VSCode/Tax-App-Frontend/node_modules/jest-circus/build/jestAdapterInit.js:947:3)
          at /Users/ryan/Library/Mobile Documents/com~apple~CloudDocs/Documents/VSCode/Tax-App-Frontend/node_modules/jest-circus/build/jestAdapterInit.js:849:7
          at _runTestsForDescribeBlock (/Users/ryan/Library/Mobile Documents/com~apple~CloudDocs/Documents/VSCode/Tax-App-Frontend/node_modules/jest-circus/build/jestAdapterInit.js:862:11)
          at _runTestsForDescribeBlock (/Users/ryan/Library/Mobile Documents/com~apple~CloudDocs/Documents/VSCode/Tax-App-Frontend/node_modules/jest-circus/build/jestAdapterInit.js:857:11)
          at _runTestsForDescribeBlock (/Users/ryan/Library/Mobile Documents/com~apple~CloudDocs/Documents/VSCode/Tax-App-Frontend/node_modules/jest-circus/build/jestAdapterInit.js:857:11)
          at run (/Users/ryan/Library/Mobile Documents/com~apple~CloudDocs/Documents/VSCode/Tax-App-Frontend/node_modules/jest-circus/build/jestAdapterInit.js:761:3)
          at runAndTransformResultsToJestFormat (/Users/ryan/Library/Mobile Documents/com~apple~CloudDocs/Documents/VSCode/Tax-App-Frontend/node_modules/jest-circus/build/jestAdapterInit.js:1918:21)
          at jestAdapter (/Users/ryan/Library/Mobile Documents/com~apple~CloudDocs/Documents/VSCode/Tax-App-Frontend/node_modules/jest-circus/build/runner.js:101:19)
          at runTestInternal (/Users/ryan/Library/Mobile Documents/com~apple~CloudDocs/Documents/VSCode/Tax-App-Frontend/node_modules/jest-runner/build/testWorker.js:275:16)
          at runTest (/Users/ryan/Library/Mobile Documents/com~apple~CloudDocs/Documents/VSCode/Tax-App-Frontend/node_modules/jest-runner/build/testWorker.js:343:7)
          at Object.worker (/Users/ryan/Library/Mobile Documents/com~apple~CloudDocs/Documents/VSCode/Tax-App-Frontend/node_modules/jest-runner/build/testWorker.js:497:12) {
        detail: TypeError: Cannot read properties of undefined (reading 'state')
            at state (/Users/ryan/Library/Mobile Documents/com~apple~CloudDocs/Documents/VSCode/Tax-App-Frontend/src/components/LoginForm.tsx:93:15)
            at renderWithHooks (/Users/ryan/Library/Mobile Documents/com~apple~CloudDocs/Documents/VSCode/Tax-App-Frontend/node_modules/react-dom/cjs/react-dom.development.js:15486:18)
            at mountIndeterminateComponent (/Users/ryan/Library/Mobile Documents/com~apple~CloudDocs/Documents/VSCode/Tax-App-Frontend/node_modules/react-dom/cjs/react-dom.development.js:20103:13)
            at beginWork (/Users/ryan/Library/Mobile Documents/com~apple~CloudDocs/Documents/VSCode/Tax-App-Frontend/node_modules/react-dom/cjs/react-dom.development.js:21626:16)
            at HTMLUnknownElement.callCallback (/Users/ryan/Library/Mobile Documents/com~apple~CloudDocs/Documents/VSCode/Tax-App-Frontend/node_modules/react-dom/cjs/react-dom.development.js:4164:14)
            at HTMLUnknownElement.callTheUserObjectsOperation (/Users/ryan/Library/Mobile Documents/com~apple~CloudDocs/Documents/VSCode/Tax-App-Frontend/node_modules/jsdom/lib/jsdom/living/generated/EventListener.js:26:30)
            at innerInvokeEventListeners (/Users/ryan/Library/Mobile Documents/com~apple~CloudDocs/Documents/VSCode/Tax-App-Frontend/node_modules/jsdom/lib/jsdom/living/events/EventTarget-impl.js:350:25)
            at invokeEventListeners (/Users/ryan/Library/Mobile Documents/com~apple~CloudDocs/Documents/VSCode/Tax-App-Frontend/node_modules/jsdom/lib/jsdom/living/events/EventTarget-impl.js:286:3)
            at HTMLUnknownElementImpl._dispatch (/Users/ryan/Library/Mobile Documents/com~apple~CloudDocs/Documents/VSCode/Tax-App-Frontend/node_modules/jsdom/lib/jsdom/living/events/EventTarget-impl.js:233:9)
            at HTMLUnknownElementImpl.dispatchEvent (/Users/ryan/Library/Mobile Documents/com~apple~CloudDocs/Documents/VSCode/Tax-App-Frontend/node_modules/jsdom/lib/jsdom/living/events/EventTarget-impl.js:104:17)
            at HTMLUnknownElement.dispatchEvent (/Users/ryan/Library/Mobile Documents/com~apple~CloudDocs/Documents/VSCode/Tax-App-Frontend/node_modules/jsdom/lib/jsdom/living/generated/EventTarget.js:241:34)
            at Object.invokeGuardedCallbackDev (/Users/ryan/Library/Mobile Documents/com~apple~CloudDocs/Documents/VSCode/Tax-App-Frontend/node_modules/react-dom/cjs/react-dom.development.js:4213:16)
            at invokeGuardedCallback (/Users/ryan/Library/Mobile Documents/com~apple~CloudDocs/Documents/VSCode/Tax-App-Frontend/node_modules/react-dom/cjs/react-dom.development.js:4277:31)
            at beginWork$1 (/Users/ryan/Library/Mobile Documents/com~apple~CloudDocs/Documents/VSCode/Tax-App-Frontend/node_modules/react-dom/cjs/react-dom.development.js:27490:7)
            at performUnitOfWork (/Users/ryan/Library/Mobile Documents/com~apple~CloudDocs/Documents/VSCode/Tax-App-Frontend/node_modules/react-dom/cjs/react-dom.development.js:26599:12)
            at workLoopSync (/Users/ryan/Library/Mobile Documents/com~apple~CloudDocs/Documents/VSCode/Tax-App-Frontend/node_modules/react-dom/cjs/react-dom.development.js:26505:5)
            at renderRootSync (/Users/ryan/Library/Mobile Documents/com~apple~CloudDocs/Documents/VSCode/Tax-App-Frontend/node_modules/react-dom/cjs/react-dom.development.js:26473:7)
            at performConcurrentWorkOnRoot (/Users/ryan/Library/Mobile Documents/com~apple~CloudDocs/Documents/VSCode/Tax-App-Frontend/node_modules/react-dom/cjs/react-dom.development.js:25777:74)
            at flushActQueue (/Users/ryan/Library/Mobile Documents/com~apple~CloudDocs/Documents/VSCode/Tax-App-Frontend/node_modules/react/cjs/react.development.js:2667:24)
            at act (/Users/ryan/Library/Mobile Documents/com~apple~CloudDocs/Documents/VSCode/Tax-App-Frontend/node_modules/react/cjs/react.development.js:2582:11)
            at /Users/ryan/Library/Mobile Documents/com~apple~CloudDocs/Documents/VSCode/Tax-App-Frontend/node_modules/@testing-library/react/dist/act-compat.js:46:25
            at renderRoot (/Users/ryan/Library/Mobile Documents/com~apple~CloudDocs/Documents/VSCode/Tax-App-Frontend/node_modules/@testing-library/react/dist/pure.js:189:26)
            at render (/Users/ryan/Library/Mobile Documents/com~apple~CloudDocs/Documents/VSCode/Tax-App-Frontend/node_modules/@testing-library/react/dist/pure.js:291:10)
            at Object.<anonymous> (/Users/ryan/Library/Mobile Documents/com~apple~CloudDocs/Documents/VSCode/Tax-App-Frontend/src/app/login/responsive-layout.test.tsx:333:35)
            at Promise.finally.completed (/Users/ryan/Library/Mobile Documents/com~apple~CloudDocs/Documents/VSCode/Tax-App-Frontend/node_modules/jest-circus/build/jestAdapterInit.js:1557:28)
            at new Promise (<anonymous>)
            at callAsyncCircusFn (/Users/ryan/Library/Mobile Documents/com~apple~CloudDocs/Documents/VSCode/Tax-App-Frontend/node_modules/jest-circus/build/jestAdapterInit.js:1497:10)
            at _callCircusTest (/Users/ryan/Library/Mobile Documents/com~apple~CloudDocs/Documents/VSCode/Tax-App-Frontend/node_modules/jest-circus/build/jestAdapterInit.js:1007:40)
            at processTicksAndRejections (node:internal/process/task_queues:95:5)
            at _runTest (/Users/ryan/Library/Mobile Documents/com~apple~CloudDocs/Documents/VSCode/Tax-App-Frontend/node_modules/jest-circus/build/jestAdapterInit.js:947:3)
            at /Users/ryan/Library/Mobile Documents/com~apple~CloudDocs/Documents/VSCode/Tax-App-Frontend/node_modules/jest-circus/build/jestAdapterInit.js:849:7
            at _runTestsForDescribeBlock (/Users/ryan/Library/Mobile Documents/com~apple~CloudDocs/Documents/VSCode/Tax-App-Frontend/node_modules/jest-circus/build/jestAdapterInit.js:862:11)
            at _runTestsForDescribeBlock (/Users/ryan/Library/Mobile Documents/com~apple~CloudDocs/Documents/VSCode/Tax-App-Frontend/node_modules/jest-circus/build/jestAdapterInit.js:857:11)
            at _runTestsForDescribeBlock (/Users/ryan/Library/Mobile Documents/com~apple~CloudDocs/Documents/VSCode/Tax-App-Frontend/node_modules/jest-circus/build/jestAdapterInit.js:857:11)
            at run (/Users/ryan/Library/Mobile Documents/com~apple~CloudDocs/Documents/VSCode/Tax-App-Frontend/node_modules/jest-circus/build/jestAdapterInit.js:761:3)
            at runAndTransformResultsToJestFormat (/Users/ryan/Library/Mobile Documents/com~apple~CloudDocs/Documents/VSCode/Tax-App-Frontend/node_modules/jest-circus/build/jestAdapterInit.js:1918:21)
            at jestAdapter (/Users/ryan/Library/Mobile Documents/com~apple~CloudDocs/Documents/VSCode/Tax-App-Frontend/node_modules/jest-circus/build/runner.js:101:19)
            at runTestInternal (/Users/ryan/Library/Mobile Documents/com~apple~CloudDocs/Documents/VSCode/Tax-App-Frontend/node_modules/jest-runner/build/testWorker.js:275:16)
            at runTest (/Users/ryan/Library/Mobile Documents/com~apple~CloudDocs/Documents/VSCode/Tax-App-Frontend/node_modules/jest-runner/build/testWorker.js:343:7)
            at Object.worker (/Users/ryan/Library/Mobile Documents/com~apple~CloudDocs/Documents/VSCode/Tax-App-Frontend/node_modules/jest-runner/build/testWorker.js:497:12),
        type: 'unhandled exception'
      }

      331 |
      332 |     test('should take full viewport height', () => {
    > 333 |       const { container } = render(<LoginPageClient />);
          |                                   ^
      334 |
      335 |       const mainContainer = container.querySelector('.min-h-screen');
      336 |       expect(mainContainer).toHaveClass('min-h-screen');

      at VirtualConsole.<anonymous> (node_modules/@jest/environment-jsdom-abstract/build/index.js:87:23)
      at reportException (node_modules/jsdom/lib/jsdom/living/helpers/runtime-script-errors.js:70:28)
      at innerInvokeEventListeners (node_modules/jsdom/lib/jsdom/living/events/EventTarget-impl.js:353:9)
      at invokeEventListeners (node_modules/jsdom/lib/jsdom/living/events/EventTarget-impl.js:286:3)
      at HTMLUnknownElementImpl._dispatch (node_modules/jsdom/lib/jsdom/living/events/EventTarget-impl.js:233:9)
      at HTMLUnknownElementImpl.dispatchEvent (node_modules/jsdom/lib/jsdom/living/events/EventTarget-impl.js:104:17)
      at HTMLUnknownElement.dispatchEvent (node_modules/jsdom/lib/jsdom/living/generated/EventTarget.js:241:34)
      at Object.invokeGuardedCallbackDev (node_modules/react-dom/cjs/react-dom.development.js:4213:16)
      at invokeGuardedCallback (node_modules/react-dom/cjs/react-dom.development.js:4277:31)
      at beginWork$1 (node_modules/react-dom/cjs/react-dom.development.js:27490:7)
      at performUnitOfWork (node_modules/react-dom/cjs/react-dom.development.js:26599:12)
      at workLoopSync (node_modules/react-dom/cjs/react-dom.development.js:26505:5)
      at renderRootSync (node_modules/react-dom/cjs/react-dom.development.js:26473:7)
      at performConcurrentWorkOnRoot (node_modules/react-dom/cjs/react-dom.development.js:25777:74)
      at flushActQueue (node_modules/react/cjs/react.development.js:2667:24)
      at act (node_modules/react/cjs/react.development.js:2582:11)
      at node_modules/@testing-library/react/dist/act-compat.js:46:25
      at renderRoot (node_modules/@testing-library/react/dist/pure.js:189:26)
      at render (node_modules/@testing-library/react/dist/pure.js:291:10)
      at Object.<anonymous> (src/app/login/responsive-layout.test.tsx:333:35)

    console.error
      Error: Uncaught [TypeError: Cannot read properties of undefined (reading 'state')]
          at reportException (/Users/ryan/Library/Mobile Documents/com~apple~CloudDocs/Documents/VSCode/Tax-App-Frontend/node_modules/jsdom/lib/jsdom/living/helpers/runtime-script-errors.js:66:24)
          at innerInvokeEventListeners (/Users/ryan/Library/Mobile Documents/com~apple~CloudDocs/Documents/VSCode/Tax-App-Frontend/node_modules/jsdom/lib/jsdom/living/events/EventTarget-impl.js:353:9)
          at invokeEventListeners (/Users/ryan/Library/Mobile Documents/com~apple~CloudDocs/Documents/VSCode/Tax-App-Frontend/node_modules/jsdom/lib/jsdom/living/events/EventTarget-impl.js:286:3)
          at HTMLUnknownElementImpl._dispatch (/Users/ryan/Library/Mobile Documents/com~apple~CloudDocs/Documents/VSCode/Tax-App-Frontend/node_modules/jsdom/lib/jsdom/living/events/EventTarget-impl.js:233:9)
          at HTMLUnknownElementImpl.dispatchEvent (/Users/ryan/Library/Mobile Documents/com~apple~CloudDocs/Documents/VSCode/Tax-App-Frontend/node_modules/jsdom/lib/jsdom/living/events/EventTarget-impl.js:104:17)
          at HTMLUnknownElement.dispatchEvent (/Users/ryan/Library/Mobile Documents/com~apple~CloudDocs/Documents/VSCode/Tax-App-Frontend/node_modules/jsdom/lib/jsdom/living/generated/EventTarget.js:241:34)
          at Object.invokeGuardedCallbackDev (/Users/ryan/Library/Mobile Documents/com~apple~CloudDocs/Documents/VSCode/Tax-App-Frontend/node_modules/react-dom/cjs/react-dom.development.js:4213:16)
          at invokeGuardedCallback (/Users/ryan/Library/Mobile Documents/com~apple~CloudDocs/Documents/VSCode/Tax-App-Frontend/node_modules/react-dom/cjs/react-dom.development.js:4277:31)
          at beginWork$1 (/Users/ryan/Library/Mobile Documents/com~apple~CloudDocs/Documents/VSCode/Tax-App-Frontend/node_modules/react-dom/cjs/react-dom.development.js:27490:7)
          at performUnitOfWork (/Users/ryan/Library/Mobile Documents/com~apple~CloudDocs/Documents/VSCode/Tax-App-Frontend/node_modules/react-dom/cjs/react-dom.development.js:26599:12)
          at workLoopSync (/Users/ryan/Library/Mobile Documents/com~apple~CloudDocs/Documents/VSCode/Tax-App-Frontend/node_modules/react-dom/cjs/react-dom.development.js:26505:5)
          at renderRootSync (/Users/ryan/Library/Mobile Documents/com~apple~CloudDocs/Documents/VSCode/Tax-App-Frontend/node_modules/react-dom/cjs/react-dom.development.js:26473:7)
          at recoverFromConcurrentError (/Users/ryan/Library/Mobile Documents/com~apple~CloudDocs/Documents/VSCode/Tax-App-Frontend/node_modules/react-dom/cjs/react-dom.development.js:25889:20)
          at performConcurrentWorkOnRoot (/Users/ryan/Library/Mobile Documents/com~apple~CloudDocs/Documents/VSCode/Tax-App-Frontend/node_modules/react-dom/cjs/react-dom.development.js:25789:22)
          at flushActQueue (/Users/ryan/Library/Mobile Documents/com~apple~CloudDocs/Documents/VSCode/Tax-App-Frontend/node_modules/react/cjs/react.development.js:2667:24)
          at act (/Users/ryan/Library/Mobile Documents/com~apple~CloudDocs/Documents/VSCode/Tax-App-Frontend/node_modules/react/cjs/react.development.js:2582:11)
          at /Users/ryan/Library/Mobile Documents/com~apple~CloudDocs/Documents/VSCode/Tax-App-Frontend/node_modules/@testing-library/react/dist/act-compat.js:46:25
          at renderRoot (/Users/ryan/Library/Mobile Documents/com~apple~CloudDocs/Documents/VSCode/Tax-App-Frontend/node_modules/@testing-library/react/dist/pure.js:189:26)
          at render (/Users/ryan/Library/Mobile Documents/com~apple~CloudDocs/Documents/VSCode/Tax-App-Frontend/node_modules/@testing-library/react/dist/pure.js:291:10)
          at Object.<anonymous> (/Users/ryan/Library/Mobile Documents/com~apple~CloudDocs/Documents/VSCode/Tax-App-Frontend/src/app/login/responsive-layout.test.tsx:333:35)
          at Promise.finally.completed (/Users/ryan/Library/Mobile Documents/com~apple~CloudDocs/Documents/VSCode/Tax-App-Frontend/node_modules/jest-circus/build/jestAdapterInit.js:1557:28)
          at new Promise (<anonymous>)
          at callAsyncCircusFn (/Users/ryan/Library/Mobile Documents/com~apple~CloudDocs/Documents/VSCode/Tax-App-Frontend/node_modules/jest-circus/build/jestAdapterInit.js:1497:10)
          at _callCircusTest (/Users/ryan/Library/Mobile Documents/com~apple~CloudDocs/Documents/VSCode/Tax-App-Frontend/node_modules/jest-circus/build/jestAdapterInit.js:1007:40)
          at processTicksAndRejections (node:internal/process/task_queues:95:5)
          at _runTest (/Users/ryan/Library/Mobile Documents/com~apple~CloudDocs/Documents/VSCode/Tax-App-Frontend/node_modules/jest-circus/build/jestAdapterInit.js:947:3)
          at /Users/ryan/Library/Mobile Documents/com~apple~CloudDocs/Documents/VSCode/Tax-App-Frontend/node_modules/jest-circus/build/jestAdapterInit.js:849:7
          at _runTestsForDescribeBlock (/Users/ryan/Library/Mobile Documents/com~apple~CloudDocs/Documents/VSCode/Tax-App-Frontend/node_modules/jest-circus/build/jestAdapterInit.js:862:11)
          at _runTestsForDescribeBlock (/Users/ryan/Library/Mobile Documents/com~apple~CloudDocs/Documents/VSCode/Tax-App-Frontend/node_modules/jest-circus/build/jestAdapterInit.js:857:11)
          at _runTestsForDescribeBlock (/Users/ryan/Library/Mobile Documents/com~apple~CloudDocs/Documents/VSCode/Tax-App-Frontend/node_modules/jest-circus/build/jestAdapterInit.js:857:11)
          at run (/Users/ryan/Library/Mobile Documents/com~apple~CloudDocs/Documents/VSCode/Tax-App-Frontend/node_modules/jest-circus/build/jestAdapterInit.js:761:3)
          at runAndTransformResultsToJestFormat (/Users/ryan/Library/Mobile Documents/com~apple~CloudDocs/Documents/VSCode/Tax-App-Frontend/node_modules/jest-circus/build/jestAdapterInit.js:1918:21)
          at jestAdapter (/Users/ryan/Library/Mobile Documents/com~apple~CloudDocs/Documents/VSCode/Tax-App-Frontend/node_modules/jest-circus/build/runner.js:101:19)
          at runTestInternal (/Users/ryan/Library/Mobile Documents/com~apple~CloudDocs/Documents/VSCode/Tax-App-Frontend/node_modules/jest-runner/build/testWorker.js:275:16)
          at runTest (/Users/ryan/Library/Mobile Documents/com~apple~CloudDocs/Documents/VSCode/Tax-App-Frontend/node_modules/jest-runner/build/testWorker.js:343:7)
          at Object.worker (/Users/ryan/Library/Mobile Documents/com~apple~CloudDocs/Documents/VSCode/Tax-App-Frontend/node_modules/jest-runner/build/testWorker.js:497:12) {
        detail: TypeError: Cannot read properties of undefined (reading 'state')
            at state (/Users/ryan/Library/Mobile Documents/com~apple~CloudDocs/Documents/VSCode/Tax-App-Frontend/src/components/LoginForm.tsx:93:15)
            at renderWithHooks (/Users/ryan/Library/Mobile Documents/com~apple~CloudDocs/Documents/VSCode/Tax-App-Frontend/node_modules/react-dom/cjs/react-dom.development.js:15486:18)
            at mountIndeterminateComponent (/Users/ryan/Library/Mobile Documents/com~apple~CloudDocs/Documents/VSCode/Tax-App-Frontend/node_modules/react-dom/cjs/react-dom.development.js:20103:13)
            at beginWork (/Users/ryan/Library/Mobile Documents/com~apple~CloudDocs/Documents/VSCode/Tax-App-Frontend/node_modules/react-dom/cjs/react-dom.development.js:21626:16)
            at HTMLUnknownElement.callCallback (/Users/ryan/Library/Mobile Documents/com~apple~CloudDocs/Documents/VSCode/Tax-App-Frontend/node_modules/react-dom/cjs/react-dom.development.js:4164:14)
            at HTMLUnknownElement.callTheUserObjectsOperation (/Users/ryan/Library/Mobile Documents/com~apple~CloudDocs/Documents/VSCode/Tax-App-Frontend/node_modules/jsdom/lib/jsdom/living/generated/EventListener.js:26:30)
            at innerInvokeEventListeners (/Users/ryan/Library/Mobile Documents/com~apple~CloudDocs/Documents/VSCode/Tax-App-Frontend/node_modules/jsdom/lib/jsdom/living/events/EventTarget-impl.js:350:25)
            at invokeEventListeners (/Users/ryan/Library/Mobile Documents/com~apple~CloudDocs/Documents/VSCode/Tax-App-Frontend/node_modules/jsdom/lib/jsdom/living/events/EventTarget-impl.js:286:3)
            at HTMLUnknownElementImpl._dispatch (/Users/ryan/Library/Mobile Documents/com~apple~CloudDocs/Documents/VSCode/Tax-App-Frontend/node_modules/jsdom/lib/jsdom/living/events/EventTarget-impl.js:233:9)
            at HTMLUnknownElementImpl.dispatchEvent (/Users/ryan/Library/Mobile Documents/com~apple~CloudDocs/Documents/VSCode/Tax-App-Frontend/node_modules/jsdom/lib/jsdom/living/events/EventTarget-impl.js:104:17)
            at HTMLUnknownElement.dispatchEvent (/Users/ryan/Library/Mobile Documents/com~apple~CloudDocs/Documents/VSCode/Tax-App-Frontend/node_modules/jsdom/lib/jsdom/living/generated/EventTarget.js:241:34)
            at Object.invokeGuardedCallbackDev (/Users/ryan/Library/Mobile Documents/com~apple~CloudDocs/Documents/VSCode/Tax-App-Frontend/node_modules/react-dom/cjs/react-dom.development.js:4213:16)
            at invokeGuardedCallback (/Users/ryan/Library/Mobile Documents/com~apple~CloudDocs/Documents/VSCode/Tax-App-Frontend/node_modules/react-dom/cjs/react-dom.development.js:4277:31)
            at beginWork$1 (/Users/ryan/Library/Mobile Documents/com~apple~CloudDocs/Documents/VSCode/Tax-App-Frontend/node_modules/react-dom/cjs/react-dom.development.js:27490:7)
            at performUnitOfWork (/Users/ryan/Library/Mobile Documents/com~apple~CloudDocs/Documents/VSCode/Tax-App-Frontend/node_modules/react-dom/cjs/react-dom.development.js:26599:12)
            at workLoopSync (/Users/ryan/Library/Mobile Documents/com~apple~CloudDocs/Documents/VSCode/Tax-App-Frontend/node_modules/react-dom/cjs/react-dom.development.js:26505:5)
            at renderRootSync (/Users/ryan/Library/Mobile Documents/com~apple~CloudDocs/Documents/VSCode/Tax-App-Frontend/node_modules/react-dom/cjs/react-dom.development.js:26473:7)
            at recoverFromConcurrentError (/Users/ryan/Library/Mobile Documents/com~apple~CloudDocs/Documents/VSCode/Tax-App-Frontend/node_modules/react-dom/cjs/react-dom.development.js:25889:20)
            at performConcurrentWorkOnRoot (/Users/ryan/Library/Mobile Documents/com~apple~CloudDocs/Documents/VSCode/Tax-App-Frontend/node_modules/react-dom/cjs/react-dom.development.js:25789:22)
            at flushActQueue (/Users/ryan/Library/Mobile Documents/com~apple~CloudDocs/Documents/VSCode/Tax-App-Frontend/node_modules/react/cjs/react.development.js:2667:24)
            at act (/Users/ryan/Library/Mobile Documents/com~apple~CloudDocs/Documents/VSCode/Tax-App-Frontend/node_modules/react/cjs/react.development.js:2582:11)
            at /Users/ryan/Library/Mobile Documents/com~apple~CloudDocs/Documents/VSCode/Tax-App-Frontend/node_modules/@testing-library/react/dist/act-compat.js:46:25
            at renderRoot (/Users/ryan/Library/Mobile Documents/com~apple~CloudDocs/Documents/VSCode/Tax-App-Frontend/node_modules/@testing-library/react/dist/pure.js:189:26)
            at render (/Users/ryan/Library/Mobile Documents/com~apple~CloudDocs/Documents/VSCode/Tax-App-Frontend/node_modules/@testing-library/react/dist/pure.js:291:10)
            at Object.<anonymous> (/Users/ryan/Library/Mobile Documents/com~apple~CloudDocs/Documents/VSCode/Tax-App-Frontend/src/app/login/responsive-layout.test.tsx:333:35)
            at Promise.finally.completed (/Users/ryan/Library/Mobile Documents/com~apple~CloudDocs/Documents/VSCode/Tax-App-Frontend/node_modules/jest-circus/build/jestAdapterInit.js:1557:28)
            at new Promise (<anonymous>)
            at callAsyncCircusFn (/Users/ryan/Library/Mobile Documents/com~apple~CloudDocs/Documents/VSCode/Tax-App-Frontend/node_modules/jest-circus/build/jestAdapterInit.js:1497:10)
            at _callCircusTest (/Users/ryan/Library/Mobile Documents/com~apple~CloudDocs/Documents/VSCode/Tax-App-Frontend/node_modules/jest-circus/build/jestAdapterInit.js:1007:40)
            at processTicksAndRejections (node:internal/process/task_queues:95:5)
            at _runTest (/Users/ryan/Library/Mobile Documents/com~apple~CloudDocs/Documents/VSCode/Tax-App-Frontend/node_modules/jest-circus/build/jestAdapterInit.js:947:3)
            at /Users/ryan/Library/Mobile Documents/com~apple~CloudDocs/Documents/VSCode/Tax-App-Frontend/node_modules/jest-circus/build/jestAdapterInit.js:849:7
            at _runTestsForDescribeBlock (/Users/ryan/Library/Mobile Documents/com~apple~CloudDocs/Documents/VSCode/Tax-App-Frontend/node_modules/jest-circus/build/jestAdapterInit.js:862:11)
            at _runTestsForDescribeBlock (/Users/ryan/Library/Mobile Documents/com~apple~CloudDocs/Documents/VSCode/Tax-App-Frontend/node_modules/jest-circus/build/jestAdapterInit.js:857:11)
            at _runTestsForDescribeBlock (/Users/ryan/Library/Mobile Documents/com~apple~CloudDocs/Documents/VSCode/Tax-App-Frontend/node_modules/jest-circus/build/jestAdapterInit.js:857:11)
            at run (/Users/ryan/Library/Mobile Documents/com~apple~CloudDocs/Documents/VSCode/Tax-App-Frontend/node_modules/jest-circus/build/jestAdapterInit.js:761:3)
            at runAndTransformResultsToJestFormat (/Users/ryan/Library/Mobile Documents/com~apple~CloudDocs/Documents/VSCode/Tax-App-Frontend/node_modules/jest-circus/build/jestAdapterInit.js:1918:21)
            at jestAdapter (/Users/ryan/Library/Mobile Documents/com~apple~CloudDocs/Documents/VSCode/Tax-App-Frontend/node_modules/jest-circus/build/runner.js:101:19)
            at runTestInternal (/Users/ryan/Library/Mobile Documents/com~apple~CloudDocs/Documents/VSCode/Tax-App-Frontend/node_modules/jest-runner/build/testWorker.js:275:16)
            at runTest (/Users/ryan/Library/Mobile Documents/com~apple~CloudDocs/Documents/VSCode/Tax-App-Frontend/node_modules/jest-runner/build/testWorker.js:343:7)
            at Object.worker (/Users/ryan/Library/Mobile Documents/com~apple~CloudDocs/Documents/VSCode/Tax-App-Frontend/node_modules/jest-runner/build/testWorker.js:497:12),
        type: 'unhandled exception'
      }

      331 |
      332 |     test('should take full viewport height', () => {
    > 333 |       const { container } = render(<LoginPageClient />);
          |                                   ^
      334 |
      335 |       const mainContainer = container.querySelector('.min-h-screen');
      336 |       expect(mainContainer).toHaveClass('min-h-screen');

      at VirtualConsole.<anonymous> (node_modules/@jest/environment-jsdom-abstract/build/index.js:87:23)
      at reportException (node_modules/jsdom/lib/jsdom/living/helpers/runtime-script-errors.js:70:28)
      at innerInvokeEventListeners (node_modules/jsdom/lib/jsdom/living/events/EventTarget-impl.js:353:9)
      at invokeEventListeners (node_modules/jsdom/lib/jsdom/living/events/EventTarget-impl.js:286:3)
      at HTMLUnknownElementImpl._dispatch (node_modules/jsdom/lib/jsdom/living/events/EventTarget-impl.js:233:9)
      at HTMLUnknownElementImpl.dispatchEvent (node_modules/jsdom/lib/jsdom/living/events/EventTarget-impl.js:104:17)
      at HTMLUnknownElement.dispatchEvent (node_modules/jsdom/lib/jsdom/living/generated/EventTarget.js:241:34)
      at Object.invokeGuardedCallbackDev (node_modules/react-dom/cjs/react-dom.development.js:4213:16)
      at invokeGuardedCallback (node_modules/react-dom/cjs/react-dom.development.js:4277:31)
      at beginWork$1 (node_modules/react-dom/cjs/react-dom.development.js:27490:7)
      at performUnitOfWork (node_modules/react-dom/cjs/react-dom.development.js:26599:12)
      at workLoopSync (node_modules/react-dom/cjs/react-dom.development.js:26505:5)
      at renderRootSync (node_modules/react-dom/cjs/react-dom.development.js:26473:7)
      at recoverFromConcurrentError (node_modules/react-dom/cjs/react-dom.development.js:25889:20)
      at performConcurrentWorkOnRoot (node_modules/react-dom/cjs/react-dom.development.js:25789:22)
      at flushActQueue (node_modules/react/cjs/react.development.js:2667:24)
      at act (node_modules/react/cjs/react.development.js:2582:11)
      at node_modules/@testing-library/react/dist/act-compat.js:46:25
      at renderRoot (node_modules/@testing-library/react/dist/pure.js:189:26)
      at render (node_modules/@testing-library/react/dist/pure.js:291:10)
      at Object.<anonymous> (src/app/login/responsive-layout.test.tsx:333:35)

    console.error
      The above error occurred in the <LoginForm> component:
      
          at className (/Users/ryan/Library/Mobile Documents/com~apple~CloudDocs/Documents/VSCode/Tax-App-Frontend/src/components/LoginForm.tsx:45:29)
          at div
          at children (/Users/ryan/Library/Mobile Documents/com~apple~CloudDocs/Documents/VSCode/Tax-App-Frontend/src/app/login/responsive-layout.test.tsx:62:19)
          at div
          at children (/Users/ryan/Library/Mobile Documents/com~apple~CloudDocs/Documents/VSCode/Tax-App-Frontend/src/app/login/responsive-layout.test.tsx:52:12)
          at div
          at div
          at div
          at children (/Users/ryan/Library/Mobile Documents/com~apple~CloudDocs/Documents/VSCode/Tax-App-Frontend/src/app/login/responsive-layout.test.tsx:47:21)
          at callbackUrl (/Users/ryan/Library/Mobile Documents/com~apple~CloudDocs/Documents/VSCode/Tax-App-Frontend/src/app/login/LoginPageClient.tsx:49:43)
      
      Consider adding an error boundary to your tree to customize error handling behavior.
      Visit https://reactjs.org/link/error-boundaries to learn more about error boundaries.

      331 |
      332 |     test('should take full viewport height', () => {
    > 333 |       const { container } = render(<LoginPageClient />);
          |                                   ^
      334 |
      335 |       const mainContainer = container.querySelector('.min-h-screen');
      336 |       expect(mainContainer).toHaveClass('min-h-screen');

      at logCapturedError (node_modules/react-dom/cjs/react-dom.development.js:18704:23)
      at update.callback (node_modules/react-dom/cjs/react-dom.development.js:18737:5)
      at callCallback (node_modules/react-dom/cjs/react-dom.development.js:15036:12)
      at commitUpdateQueue (node_modules/react-dom/cjs/react-dom.development.js:15057:9)
      at commitLayoutEffectOnFiber (node_modules/react-dom/cjs/react-dom.development.js:23430:13)
      at commitLayoutMountEffects_complete (node_modules/react-dom/cjs/react-dom.development.js:24727:9)
      at commitLayoutEffects_begin (node_modules/react-dom/cjs/react-dom.development.js:24713:7)
      at commitLayoutEffects (node_modules/react-dom/cjs/react-dom.development.js:24651:3)
      at commitRootImpl (node_modules/react-dom/cjs/react-dom.development.js:26862:5)
      at commitRoot (node_modules/react-dom/cjs/react-dom.development.js:26721:5)
      at finishConcurrentRender (node_modules/react-dom/cjs/react-dom.development.js:25931:9)
      at performConcurrentWorkOnRoot (node_modules/react-dom/cjs/react-dom.development.js:25848:7)
      at flushActQueue (node_modules/react/cjs/react.development.js:2667:24)
      at act (node_modules/react/cjs/react.development.js:2582:11)
      at node_modules/@testing-library/react/dist/act-compat.js:46:25
      at renderRoot (node_modules/@testing-library/react/dist/pure.js:189:26)
      at render (node_modules/@testing-library/react/dist/pure.js:291:10)
      at Object.<anonymous> (src/app/login/responsive-layout.test.tsx:333:35)

    console.error
      Error: Uncaught [TypeError: Cannot read properties of undefined (reading 'state')]
          at reportException (/Users/ryan/Library/Mobile Documents/com~apple~CloudDocs/Documents/VSCode/Tax-App-Frontend/node_modules/jsdom/lib/jsdom/living/helpers/runtime-script-errors.js:66:24)
          at innerInvokeEventListeners (/Users/ryan/Library/Mobile Documents/com~apple~CloudDocs/Documents/VSCode/Tax-App-Frontend/node_modules/jsdom/lib/jsdom/living/events/EventTarget-impl.js:353:9)
          at invokeEventListeners (/Users/ryan/Library/Mobile Documents/com~apple~CloudDocs/Documents/VSCode/Tax-App-Frontend/node_modules/jsdom/lib/jsdom/living/events/EventTarget-impl.js:286:3)
          at HTMLUnknownElementImpl._dispatch (/Users/ryan/Library/Mobile Documents/com~apple~CloudDocs/Documents/VSCode/Tax-App-Frontend/node_modules/jsdom/lib/jsdom/living/events/EventTarget-impl.js:233:9)
          at HTMLUnknownElementImpl.dispatchEvent (/Users/ryan/Library/Mobile Documents/com~apple~CloudDocs/Documents/VSCode/Tax-App-Frontend/node_modules/jsdom/lib/jsdom/living/events/EventTarget-impl.js:104:17)
          at HTMLUnknownElement.dispatchEvent (/Users/ryan/Library/Mobile Documents/com~apple~CloudDocs/Documents/VSCode/Tax-App-Frontend/node_modules/jsdom/lib/jsdom/living/generated/EventTarget.js:241:34)
          at Object.invokeGuardedCallbackDev (/Users/ryan/Library/Mobile Documents/com~apple~CloudDocs/Documents/VSCode/Tax-App-Frontend/node_modules/react-dom/cjs/react-dom.development.js:4213:16)
          at invokeGuardedCallback (/Users/ryan/Library/Mobile Documents/com~apple~CloudDocs/Documents/VSCode/Tax-App-Frontend/node_modules/react-dom/cjs/react-dom.development.js:4277:31)
          at beginWork$1 (/Users/ryan/Library/Mobile Documents/com~apple~CloudDocs/Documents/VSCode/Tax-App-Frontend/node_modules/react-dom/cjs/react-dom.development.js:27490:7)
          at performUnitOfWork (/Users/ryan/Library/Mobile Documents/com~apple~CloudDocs/Documents/VSCode/Tax-App-Frontend/node_modules/react-dom/cjs/react-dom.development.js:26599:12)
          at workLoopSync (/Users/ryan/Library/Mobile Documents/com~apple~CloudDocs/Documents/VSCode/Tax-App-Frontend/node_modules/react-dom/cjs/react-dom.development.js:26505:5)
          at renderRootSync (/Users/ryan/Library/Mobile Documents/com~apple~CloudDocs/Documents/VSCode/Tax-App-Frontend/node_modules/react-dom/cjs/react-dom.development.js:26473:7)
          at performConcurrentWorkOnRoot (/Users/ryan/Library/Mobile Documents/com~apple~CloudDocs/Documents/VSCode/Tax-App-Frontend/node_modules/react-dom/cjs/react-dom.development.js:25777:74)
          at flushActQueue (/Users/ryan/Library/Mobile Documents/com~apple~CloudDocs/Documents/VSCode/Tax-App-Frontend/node_modules/react/cjs/react.development.js:2667:24)
          at act (/Users/ryan/Library/Mobile Documents/com~apple~CloudDocs/Documents/VSCode/Tax-App-Frontend/node_modules/react/cjs/react.development.js:2582:11)
          at /Users/ryan/Library/Mobile Documents/com~apple~CloudDocs/Documents/VSCode/Tax-App-Frontend/node_modules/@testing-library/react/dist/act-compat.js:46:25
          at renderRoot (/Users/ryan/Library/Mobile Documents/com~apple~CloudDocs/Documents/VSCode/Tax-App-Frontend/node_modules/@testing-library/react/dist/pure.js:189:26)
          at render (/Users/ryan/Library/Mobile Documents/com~apple~CloudDocs/Documents/VSCode/Tax-App-Frontend/node_modules/@testing-library/react/dist/pure.js:291:10)
          at Object.<anonymous> (/Users/ryan/Library/Mobile Documents/com~apple~CloudDocs/Documents/VSCode/Tax-App-Frontend/src/app/login/responsive-layout.test.tsx:340:35)
          at Promise.finally.completed (/Users/ryan/Library/Mobile Documents/com~apple~CloudDocs/Documents/VSCode/Tax-App-Frontend/node_modules/jest-circus/build/jestAdapterInit.js:1557:28)
          at new Promise (<anonymous>)
          at callAsyncCircusFn (/Users/ryan/Library/Mobile Documents/com~apple~CloudDocs/Documents/VSCode/Tax-App-Frontend/node_modules/jest-circus/build/jestAdapterInit.js:1497:10)
          at _callCircusTest (/Users/ryan/Library/Mobile Documents/com~apple~CloudDocs/Documents/VSCode/Tax-App-Frontend/node_modules/jest-circus/build/jestAdapterInit.js:1007:40)
          at processTicksAndRejections (node:internal/process/task_queues:95:5)
          at _runTest (/Users/ryan/Library/Mobile Documents/com~apple~CloudDocs/Documents/VSCode/Tax-App-Frontend/node_modules/jest-circus/build/jestAdapterInit.js:947:3)
          at /Users/ryan/Library/Mobile Documents/com~apple~CloudDocs/Documents/VSCode/Tax-App-Frontend/node_modules/jest-circus/build/jestAdapterInit.js:849:7
          at _runTestsForDescribeBlock (/Users/ryan/Library/Mobile Documents/com~apple~CloudDocs/Documents/VSCode/Tax-App-Frontend/node_modules/jest-circus/build/jestAdapterInit.js:862:11)
          at _runTestsForDescribeBlock (/Users/ryan/Library/Mobile Documents/com~apple~CloudDocs/Documents/VSCode/Tax-App-Frontend/node_modules/jest-circus/build/jestAdapterInit.js:857:11)
          at _runTestsForDescribeBlock (/Users/ryan/Library/Mobile Documents/com~apple~CloudDocs/Documents/VSCode/Tax-App-Frontend/node_modules/jest-circus/build/jestAdapterInit.js:857:11)
          at run (/Users/ryan/Library/Mobile Documents/com~apple~CloudDocs/Documents/VSCode/Tax-App-Frontend/node_modules/jest-circus/build/jestAdapterInit.js:761:3)
          at runAndTransformResultsToJestFormat (/Users/ryan/Library/Mobile Documents/com~apple~CloudDocs/Documents/VSCode/Tax-App-Frontend/node_modules/jest-circus/build/jestAdapterInit.js:1918:21)
          at jestAdapter (/Users/ryan/Library/Mobile Documents/com~apple~CloudDocs/Documents/VSCode/Tax-App-Frontend/node_modules/jest-circus/build/runner.js:101:19)
          at runTestInternal (/Users/ryan/Library/Mobile Documents/com~apple~CloudDocs/Documents/VSCode/Tax-App-Frontend/node_modules/jest-runner/build/testWorker.js:275:16)
          at runTest (/Users/ryan/Library/Mobile Documents/com~apple~CloudDocs/Documents/VSCode/Tax-App-Frontend/node_modules/jest-runner/build/testWorker.js:343:7)
          at Object.worker (/Users/ryan/Library/Mobile Documents/com~apple~CloudDocs/Documents/VSCode/Tax-App-Frontend/node_modules/jest-runner/build/testWorker.js:497:12) {
        detail: TypeError: Cannot read properties of undefined (reading 'state')
            at state (/Users/ryan/Library/Mobile Documents/com~apple~CloudDocs/Documents/VSCode/Tax-App-Frontend/src/components/LoginForm.tsx:93:15)
            at renderWithHooks (/Users/ryan/Library/Mobile Documents/com~apple~CloudDocs/Documents/VSCode/Tax-App-Frontend/node_modules/react-dom/cjs/react-dom.development.js:15486:18)
            at mountIndeterminateComponent (/Users/ryan/Library/Mobile Documents/com~apple~CloudDocs/Documents/VSCode/Tax-App-Frontend/node_modules/react-dom/cjs/react-dom.development.js:20103:13)
            at beginWork (/Users/ryan/Library/Mobile Documents/com~apple~CloudDocs/Documents/VSCode/Tax-App-Frontend/node_modules/react-dom/cjs/react-dom.development.js:21626:16)
            at HTMLUnknownElement.callCallback (/Users/ryan/Library/Mobile Documents/com~apple~CloudDocs/Documents/VSCode/Tax-App-Frontend/node_modules/react-dom/cjs/react-dom.development.js:4164:14)
            at HTMLUnknownElement.callTheUserObjectsOperation (/Users/ryan/Library/Mobile Documents/com~apple~CloudDocs/Documents/VSCode/Tax-App-Frontend/node_modules/jsdom/lib/jsdom/living/generated/EventListener.js:26:30)
            at innerInvokeEventListeners (/Users/ryan/Library/Mobile Documents/com~apple~CloudDocs/Documents/VSCode/Tax-App-Frontend/node_modules/jsdom/lib/jsdom/living/events/EventTarget-impl.js:350:25)
            at invokeEventListeners (/Users/ryan/Library/Mobile Documents/com~apple~CloudDocs/Documents/VSCode/Tax-App-Frontend/node_modules/jsdom/lib/jsdom/living/events/EventTarget-impl.js:286:3)
            at HTMLUnknownElementImpl._dispatch (/Users/ryan/Library/Mobile Documents/com~apple~CloudDocs/Documents/VSCode/Tax-App-Frontend/node_modules/jsdom/lib/jsdom/living/events/EventTarget-impl.js:233:9)
            at HTMLUnknownElementImpl.dispatchEvent (/Users/ryan/Library/Mobile Documents/com~apple~CloudDocs/Documents/VSCode/Tax-App-Frontend/node_modules/jsdom/lib/jsdom/living/events/EventTarget-impl.js:104:17)
            at HTMLUnknownElement.dispatchEvent (/Users/ryan/Library/Mobile Documents/com~apple~CloudDocs/Documents/VSCode/Tax-App-Frontend/node_modules/jsdom/lib/jsdom/living/generated/EventTarget.js:241:34)
            at Object.invokeGuardedCallbackDev (/Users/ryan/Library/Mobile Documents/com~apple~CloudDocs/Documents/VSCode/Tax-App-Frontend/node_modules/react-dom/cjs/react-dom.development.js:4213:16)
            at invokeGuardedCallback (/Users/ryan/Library/Mobile Documents/com~apple~CloudDocs/Documents/VSCode/Tax-App-Frontend/node_modules/react-dom/cjs/react-dom.development.js:4277:31)
            at beginWork$1 (/Users/ryan/Library/Mobile Documents/com~apple~CloudDocs/Documents/VSCode/Tax-App-Frontend/node_modules/react-dom/cjs/react-dom.development.js:27490:7)
            at performUnitOfWork (/Users/ryan/Library/Mobile Documents/com~apple~CloudDocs/Documents/VSCode/Tax-App-Frontend/node_modules/react-dom/cjs/react-dom.development.js:26599:12)
            at workLoopSync (/Users/ryan/Library/Mobile Documents/com~apple~CloudDocs/Documents/VSCode/Tax-App-Frontend/node_modules/react-dom/cjs/react-dom.development.js:26505:5)
            at renderRootSync (/Users/ryan/Library/Mobile Documents/com~apple~CloudDocs/Documents/VSCode/Tax-App-Frontend/node_modules/react-dom/cjs/react-dom.development.js:26473:7)
            at performConcurrentWorkOnRoot (/Users/ryan/Library/Mobile Documents/com~apple~CloudDocs/Documents/VSCode/Tax-App-Frontend/node_modules/react-dom/cjs/react-dom.development.js:25777:74)
            at flushActQueue (/Users/ryan/Library/Mobile Documents/com~apple~CloudDocs/Documents/VSCode/Tax-App-Frontend/node_modules/react/cjs/react.development.js:2667:24)
            at act (/Users/ryan/Library/Mobile Documents/com~apple~CloudDocs/Documents/VSCode/Tax-App-Frontend/node_modules/react/cjs/react.development.js:2582:11)
            at /Users/ryan/Library/Mobile Documents/com~apple~CloudDocs/Documents/VSCode/Tax-App-Frontend/node_modules/@testing-library/react/dist/act-compat.js:46:25
            at renderRoot (/Users/ryan/Library/Mobile Documents/com~apple~CloudDocs/Documents/VSCode/Tax-App-Frontend/node_modules/@testing-library/react/dist/pure.js:189:26)
            at render (/Users/ryan/Library/Mobile Documents/com~apple~CloudDocs/Documents/VSCode/Tax-App-Frontend/node_modules/@testing-library/react/dist/pure.js:291:10)
            at Object.<anonymous> (/Users/ryan/Library/Mobile Documents/com~apple~CloudDocs/Documents/VSCode/Tax-App-Frontend/src/app/login/responsive-layout.test.tsx:340:35)
            at Promise.finally.completed (/Users/ryan/Library/Mobile Documents/com~apple~CloudDocs/Documents/VSCode/Tax-App-Frontend/node_modules/jest-circus/build/jestAdapterInit.js:1557:28)
            at new Promise (<anonymous>)
            at callAsyncCircusFn (/Users/ryan/Library/Mobile Documents/com~apple~CloudDocs/Documents/VSCode/Tax-App-Frontend/node_modules/jest-circus/build/jestAdapterInit.js:1497:10)
            at _callCircusTest (/Users/ryan/Library/Mobile Documents/com~apple~CloudDocs/Documents/VSCode/Tax-App-Frontend/node_modules/jest-circus/build/jestAdapterInit.js:1007:40)
            at processTicksAndRejections (node:internal/process/task_queues:95:5)
            at _runTest (/Users/ryan/Library/Mobile Documents/com~apple~CloudDocs/Documents/VSCode/Tax-App-Frontend/node_modules/jest-circus/build/jestAdapterInit.js:947:3)
            at /Users/ryan/Library/Mobile Documents/com~apple~CloudDocs/Documents/VSCode/Tax-App-Frontend/node_modules/jest-circus/build/jestAdapterInit.js:849:7
            at _runTestsForDescribeBlock (/Users/ryan/Library/Mobile Documents/com~apple~CloudDocs/Documents/VSCode/Tax-App-Frontend/node_modules/jest-circus/build/jestAdapterInit.js:862:11)
            at _runTestsForDescribeBlock (/Users/ryan/Library/Mobile Documents/com~apple~CloudDocs/Documents/VSCode/Tax-App-Frontend/node_modules/jest-circus/build/jestAdapterInit.js:857:11)
            at _runTestsForDescribeBlock (/Users/ryan/Library/Mobile Documents/com~apple~CloudDocs/Documents/VSCode/Tax-App-Frontend/node_modules/jest-circus/build/jestAdapterInit.js:857:11)
            at run (/Users/ryan/Library/Mobile Documents/com~apple~CloudDocs/Documents/VSCode/Tax-App-Frontend/node_modules/jest-circus/build/jestAdapterInit.js:761:3)
            at runAndTransformResultsToJestFormat (/Users/ryan/Library/Mobile Documents/com~apple~CloudDocs/Documents/VSCode/Tax-App-Frontend/node_modules/jest-circus/build/jestAdapterInit.js:1918:21)
            at jestAdapter (/Users/ryan/Library/Mobile Documents/com~apple~CloudDocs/Documents/VSCode/Tax-App-Frontend/node_modules/jest-circus/build/runner.js:101:19)
            at runTestInternal (/Users/ryan/Library/Mobile Documents/com~apple~CloudDocs/Documents/VSCode/Tax-App-Frontend/node_modules/jest-runner/build/testWorker.js:275:16)
            at runTest (/Users/ryan/Library/Mobile Documents/com~apple~CloudDocs/Documents/VSCode/Tax-App-Frontend/node_modules/jest-runner/build/testWorker.js:343:7)
            at Object.worker (/Users/ryan/Library/Mobile Documents/com~apple~CloudDocs/Documents/VSCode/Tax-App-Frontend/node_modules/jest-runner/build/testWorker.js:497:12),
        type: 'unhandled exception'
      }

      338 |
      339 |     test('should use flexbox for centering', () => {
    > 340 |       const { container } = render(<LoginPageClient />);
          |                                   ^
      341 |
      342 |       const mainContainer = container.querySelector('.min-h-screen');
      343 |       expect(mainContainer).toHaveClass('flex', 'items-center', 'justify-center');

      at VirtualConsole.<anonymous> (node_modules/@jest/environment-jsdom-abstract/build/index.js:87:23)
      at reportException (node_modules/jsdom/lib/jsdom/living/helpers/runtime-script-errors.js:70:28)
      at innerInvokeEventListeners (node_modules/jsdom/lib/jsdom/living/events/EventTarget-impl.js:353:9)
      at invokeEventListeners (node_modules/jsdom/lib/jsdom/living/events/EventTarget-impl.js:286:3)
      at HTMLUnknownElementImpl._dispatch (node_modules/jsdom/lib/jsdom/living/events/EventTarget-impl.js:233:9)
      at HTMLUnknownElementImpl.dispatchEvent (node_modules/jsdom/lib/jsdom/living/events/EventTarget-impl.js:104:17)
      at HTMLUnknownElement.dispatchEvent (node_modules/jsdom/lib/jsdom/living/generated/EventTarget.js:241:34)
      at Object.invokeGuardedCallbackDev (node_modules/react-dom/cjs/react-dom.development.js:4213:16)
      at invokeGuardedCallback (node_modules/react-dom/cjs/react-dom.development.js:4277:31)
      at beginWork$1 (node_modules/react-dom/cjs/react-dom.development.js:27490:7)
      at performUnitOfWork (node_modules/react-dom/cjs/react-dom.development.js:26599:12)
      at workLoopSync (node_modules/react-dom/cjs/react-dom.development.js:26505:5)
      at renderRootSync (node_modules/react-dom/cjs/react-dom.development.js:26473:7)
      at performConcurrentWorkOnRoot (node_modules/react-dom/cjs/react-dom.development.js:25777:74)
      at flushActQueue (node_modules/react/cjs/react.development.js:2667:24)
      at act (node_modules/react/cjs/react.development.js:2582:11)
      at node_modules/@testing-library/react/dist/act-compat.js:46:25
      at renderRoot (node_modules/@testing-library/react/dist/pure.js:189:26)
      at render (node_modules/@testing-library/react/dist/pure.js:291:10)
      at Object.<anonymous> (src/app/login/responsive-layout.test.tsx:340:35)

    console.error
      Error: Uncaught [TypeError: Cannot read properties of undefined (reading 'state')]
          at reportException (/Users/ryan/Library/Mobile Documents/com~apple~CloudDocs/Documents/VSCode/Tax-App-Frontend/node_modules/jsdom/lib/jsdom/living/helpers/runtime-script-errors.js:66:24)
          at innerInvokeEventListeners (/Users/ryan/Library/Mobile Documents/com~apple~CloudDocs/Documents/VSCode/Tax-App-Frontend/node_modules/jsdom/lib/jsdom/living/events/EventTarget-impl.js:353:9)
          at invokeEventListeners (/Users/ryan/Library/Mobile Documents/com~apple~CloudDocs/Documents/VSCode/Tax-App-Frontend/node_modules/jsdom/lib/jsdom/living/events/EventTarget-impl.js:286:3)
          at HTMLUnknownElementImpl._dispatch (/Users/ryan/Library/Mobile Documents/com~apple~CloudDocs/Documents/VSCode/Tax-App-Frontend/node_modules/jsdom/lib/jsdom/living/events/EventTarget-impl.js:233:9)
          at HTMLUnknownElementImpl.dispatchEvent (/Users/ryan/Library/Mobile Documents/com~apple~CloudDocs/Documents/VSCode/Tax-App-Frontend/node_modules/jsdom/lib/jsdom/living/events/EventTarget-impl.js:104:17)
          at HTMLUnknownElement.dispatchEvent (/Users/ryan/Library/Mobile Documents/com~apple~CloudDocs/Documents/VSCode/Tax-App-Frontend/node_modules/jsdom/lib/jsdom/living/generated/EventTarget.js:241:34)
          at Object.invokeGuardedCallbackDev (/Users/ryan/Library/Mobile Documents/com~apple~CloudDocs/Documents/VSCode/Tax-App-Frontend/node_modules/react-dom/cjs/react-dom.development.js:4213:16)
          at invokeGuardedCallback (/Users/ryan/Library/Mobile Documents/com~apple~CloudDocs/Documents/VSCode/Tax-App-Frontend/node_modules/react-dom/cjs/react-dom.development.js:4277:31)
          at beginWork$1 (/Users/ryan/Library/Mobile Documents/com~apple~CloudDocs/Documents/VSCode/Tax-App-Frontend/node_modules/react-dom/cjs/react-dom.development.js:27490:7)
          at performUnitOfWork (/Users/ryan/Library/Mobile Documents/com~apple~CloudDocs/Documents/VSCode/Tax-App-Frontend/node_modules/react-dom/cjs/react-dom.development.js:26599:12)
          at workLoopSync (/Users/ryan/Library/Mobile Documents/com~apple~CloudDocs/Documents/VSCode/Tax-App-Frontend/node_modules/react-dom/cjs/react-dom.development.js:26505:5)
          at renderRootSync (/Users/ryan/Library/Mobile Documents/com~apple~CloudDocs/Documents/VSCode/Tax-App-Frontend/node_modules/react-dom/cjs/react-dom.development.js:26473:7)
          at recoverFromConcurrentError (/Users/ryan/Library/Mobile Documents/com~apple~CloudDocs/Documents/VSCode/Tax-App-Frontend/node_modules/react-dom/cjs/react-dom.development.js:25889:20)
          at performConcurrentWorkOnRoot (/Users/ryan/Library/Mobile Documents/com~apple~CloudDocs/Documents/VSCode/Tax-App-Frontend/node_modules/react-dom/cjs/react-dom.development.js:25789:22)
          at flushActQueue (/Users/ryan/Library/Mobile Documents/com~apple~CloudDocs/Documents/VSCode/Tax-App-Frontend/node_modules/react/cjs/react.development.js:2667:24)
          at act (/Users/ryan/Library/Mobile Documents/com~apple~CloudDocs/Documents/VSCode/Tax-App-Frontend/node_modules/react/cjs/react.development.js:2582:11)
          at /Users/ryan/Library/Mobile Documents/com~apple~CloudDocs/Documents/VSCode/Tax-App-Frontend/node_modules/@testing-library/react/dist/act-compat.js:46:25
          at renderRoot (/Users/ryan/Library/Mobile Documents/com~apple~CloudDocs/Documents/VSCode/Tax-App-Frontend/node_modules/@testing-library/react/dist/pure.js:189:26)
          at render (/Users/ryan/Library/Mobile Documents/com~apple~CloudDocs/Documents/VSCode/Tax-App-Frontend/node_modules/@testing-library/react/dist/pure.js:291:10)
          at Object.<anonymous> (/Users/ryan/Library/Mobile Documents/com~apple~CloudDocs/Documents/VSCode/Tax-App-Frontend/src/app/login/responsive-layout.test.tsx:340:35)
          at Promise.finally.completed (/Users/ryan/Library/Mobile Documents/com~apple~CloudDocs/Documents/VSCode/Tax-App-Frontend/node_modules/jest-circus/build/jestAdapterInit.js:1557:28)
          at new Promise (<anonymous>)
          at callAsyncCircusFn (/Users/ryan/Library/Mobile Documents/com~apple~CloudDocs/Documents/VSCode/Tax-App-Frontend/node_modules/jest-circus/build/jestAdapterInit.js:1497:10)
          at _callCircusTest (/Users/ryan/Library/Mobile Documents/com~apple~CloudDocs/Documents/VSCode/Tax-App-Frontend/node_modules/jest-circus/build/jestAdapterInit.js:1007:40)
          at processTicksAndRejections (node:internal/process/task_queues:95:5)
          at _runTest (/Users/ryan/Library/Mobile Documents/com~apple~CloudDocs/Documents/VSCode/Tax-App-Frontend/node_modules/jest-circus/build/jestAdapterInit.js:947:3)
          at /Users/ryan/Library/Mobile Documents/com~apple~CloudDocs/Documents/VSCode/Tax-App-Frontend/node_modules/jest-circus/build/jestAdapterInit.js:849:7
          at _runTestsForDescribeBlock (/Users/ryan/Library/Mobile Documents/com~apple~CloudDocs/Documents/VSCode/Tax-App-Frontend/node_modules/jest-circus/build/jestAdapterInit.js:862:11)
          at _runTestsForDescribeBlock (/Users/ryan/Library/Mobile Documents/com~apple~CloudDocs/Documents/VSCode/Tax-App-Frontend/node_modules/jest-circus/build/jestAdapterInit.js:857:11)
          at _runTestsForDescribeBlock (/Users/ryan/Library/Mobile Documents/com~apple~CloudDocs/Documents/VSCode/Tax-App-Frontend/node_modules/jest-circus/build/jestAdapterInit.js:857:11)
          at run (/Users/ryan/Library/Mobile Documents/com~apple~CloudDocs/Documents/VSCode/Tax-App-Frontend/node_modules/jest-circus/build/jestAdapterInit.js:761:3)
          at runAndTransformResultsToJestFormat (/Users/ryan/Library/Mobile Documents/com~apple~CloudDocs/Documents/VSCode/Tax-App-Frontend/node_modules/jest-circus/build/jestAdapterInit.js:1918:21)
          at jestAdapter (/Users/ryan/Library/Mobile Documents/com~apple~CloudDocs/Documents/VSCode/Tax-App-Frontend/node_modules/jest-circus/build/runner.js:101:19)
          at runTestInternal (/Users/ryan/Library/Mobile Documents/com~apple~CloudDocs/Documents/VSCode/Tax-App-Frontend/node_modules/jest-runner/build/testWorker.js:275:16)
          at runTest (/Users/ryan/Library/Mobile Documents/com~apple~CloudDocs/Documents/VSCode/Tax-App-Frontend/node_modules/jest-runner/build/testWorker.js:343:7)
          at Object.worker (/Users/ryan/Library/Mobile Documents/com~apple~CloudDocs/Documents/VSCode/Tax-App-Frontend/node_modules/jest-runner/build/testWorker.js:497:12) {
        detail: TypeError: Cannot read properties of undefined (reading 'state')
            at state (/Users/ryan/Library/Mobile Documents/com~apple~CloudDocs/Documents/VSCode/Tax-App-Frontend/src/components/LoginForm.tsx:93:15)
            at renderWithHooks (/Users/ryan/Library/Mobile Documents/com~apple~CloudDocs/Documents/VSCode/Tax-App-Frontend/node_modules/react-dom/cjs/react-dom.development.js:15486:18)
            at mountIndeterminateComponent (/Users/ryan/Library/Mobile Documents/com~apple~CloudDocs/Documents/VSCode/Tax-App-Frontend/node_modules/react-dom/cjs/react-dom.development.js:20103:13)
            at beginWork (/Users/ryan/Library/Mobile Documents/com~apple~CloudDocs/Documents/VSCode/Tax-App-Frontend/node_modules/react-dom/cjs/react-dom.development.js:21626:16)
            at HTMLUnknownElement.callCallback (/Users/ryan/Library/Mobile Documents/com~apple~CloudDocs/Documents/VSCode/Tax-App-Frontend/node_modules/react-dom/cjs/react-dom.development.js:4164:14)
            at HTMLUnknownElement.callTheUserObjectsOperation (/Users/ryan/Library/Mobile Documents/com~apple~CloudDocs/Documents/VSCode/Tax-App-Frontend/node_modules/jsdom/lib/jsdom/living/generated/EventListener.js:26:30)
            at innerInvokeEventListeners (/Users/ryan/Library/Mobile Documents/com~apple~CloudDocs/Documents/VSCode/Tax-App-Frontend/node_modules/jsdom/lib/jsdom/living/events/EventTarget-impl.js:350:25)
            at invokeEventListeners (/Users/ryan/Library/Mobile Documents/com~apple~CloudDocs/Documents/VSCode/Tax-App-Frontend/node_modules/jsdom/lib/jsdom/living/events/EventTarget-impl.js:286:3)
            at HTMLUnknownElementImpl._dispatch (/Users/ryan/Library/Mobile Documents/com~apple~CloudDocs/Documents/VSCode/Tax-App-Frontend/node_modules/jsdom/lib/jsdom/living/events/EventTarget-impl.js:233:9)
            at HTMLUnknownElementImpl.dispatchEvent (/Users/ryan/Library/Mobile Documents/com~apple~CloudDocs/Documents/VSCode/Tax-App-Frontend/node_modules/jsdom/lib/jsdom/living/events/EventTarget-impl.js:104:17)
            at HTMLUnknownElement.dispatchEvent (/Users/ryan/Library/Mobile Documents/com~apple~CloudDocs/Documents/VSCode/Tax-App-Frontend/node_modules/jsdom/lib/jsdom/living/generated/EventTarget.js:241:34)
            at Object.invokeGuardedCallbackDev (/Users/ryan/Library/Mobile Documents/com~apple~CloudDocs/Documents/VSCode/Tax-App-Frontend/node_modules/react-dom/cjs/react-dom.development.js:4213:16)
            at invokeGuardedCallback (/Users/ryan/Library/Mobile Documents/com~apple~CloudDocs/Documents/VSCode/Tax-App-Frontend/node_modules/react-dom/cjs/react-dom.development.js:4277:31)
            at beginWork$1 (/Users/ryan/Library/Mobile Documents/com~apple~CloudDocs/Documents/VSCode/Tax-App-Frontend/node_modules/react-dom/cjs/react-dom.development.js:27490:7)
            at performUnitOfWork (/Users/ryan/Library/Mobile Documents/com~apple~CloudDocs/Documents/VSCode/Tax-App-Frontend/node_modules/react-dom/cjs/react-dom.development.js:26599:12)
            at workLoopSync (/Users/ryan/Library/Mobile Documents/com~apple~CloudDocs/Documents/VSCode/Tax-App-Frontend/node_modules/react-dom/cjs/react-dom.development.js:26505:5)
            at renderRootSync (/Users/ryan/Library/Mobile Documents/com~apple~CloudDocs/Documents/VSCode/Tax-App-Frontend/node_modules/react-dom/cjs/react-dom.development.js:26473:7)
            at recoverFromConcurrentError (/Users/ryan/Library/Mobile Documents/com~apple~CloudDocs/Documents/VSCode/Tax-App-Frontend/node_modules/react-dom/cjs/react-dom.development.js:25889:20)
            at performConcurrentWorkOnRoot (/Users/ryan/Library/Mobile Documents/com~apple~CloudDocs/Documents/VSCode/Tax-App-Frontend/node_modules/react-dom/cjs/react-dom.development.js:25789:22)
            at flushActQueue (/Users/ryan/Library/Mobile Documents/com~apple~CloudDocs/Documents/VSCode/Tax-App-Frontend/node_modules/react/cjs/react.development.js:2667:24)
            at act (/Users/ryan/Library/Mobile Documents/com~apple~CloudDocs/Documents/VSCode/Tax-App-Frontend/node_modules/react/cjs/react.development.js:2582:11)
            at /Users/ryan/Library/Mobile Documents/com~apple~CloudDocs/Documents/VSCode/Tax-App-Frontend/node_modules/@testing-library/react/dist/act-compat.js:46:25
            at renderRoot (/Users/ryan/Library/Mobile Documents/com~apple~CloudDocs/Documents/VSCode/Tax-App-Frontend/node_modules/@testing-library/react/dist/pure.js:189:26)
            at render (/Users/ryan/Library/Mobile Documents/com~apple~CloudDocs/Documents/VSCode/Tax-App-Frontend/node_modules/@testing-library/react/dist/pure.js:291:10)
            at Object.<anonymous> (/Users/ryan/Library/Mobile Documents/com~apple~CloudDocs/Documents/VSCode/Tax-App-Frontend/src/app/login/responsive-layout.test.tsx:340:35)
            at Promise.finally.completed (/Users/ryan/Library/Mobile Documents/com~apple~CloudDocs/Documents/VSCode/Tax-App-Frontend/node_modules/jest-circus/build/jestAdapterInit.js:1557:28)
            at new Promise (<anonymous>)
            at callAsyncCircusFn (/Users/ryan/Library/Mobile Documents/com~apple~CloudDocs/Documents/VSCode/Tax-App-Frontend/node_modules/jest-circus/build/jestAdapterInit.js:1497:10)
            at _callCircusTest (/Users/ryan/Library/Mobile Documents/com~apple~CloudDocs/Documents/VSCode/Tax-App-Frontend/node_modules/jest-circus/build/jestAdapterInit.js:1007:40)
            at processTicksAndRejections (node:internal/process/task_queues:95:5)
            at _runTest (/Users/ryan/Library/Mobile Documents/com~apple~CloudDocs/Documents/VSCode/Tax-App-Frontend/node_modules/jest-circus/build/jestAdapterInit.js:947:3)
            at /Users/ryan/Library/Mobile Documents/com~apple~CloudDocs/Documents/VSCode/Tax-App-Frontend/node_modules/jest-circus/build/jestAdapterInit.js:849:7
            at _runTestsForDescribeBlock (/Users/ryan/Library/Mobile Documents/com~apple~CloudDocs/Documents/VSCode/Tax-App-Frontend/node_modules/jest-circus/build/jestAdapterInit.js:862:11)
            at _runTestsForDescribeBlock (/Users/ryan/Library/Mobile Documents/com~apple~CloudDocs/Documents/VSCode/Tax-App-Frontend/node_modules/jest-circus/build/jestAdapterInit.js:857:11)
            at _runTestsForDescribeBlock (/Users/ryan/Library/Mobile Documents/com~apple~CloudDocs/Documents/VSCode/Tax-App-Frontend/node_modules/jest-circus/build/jestAdapterInit.js:857:11)
            at run (/Users/ryan/Library/Mobile Documents/com~apple~CloudDocs/Documents/VSCode/Tax-App-Frontend/node_modules/jest-circus/build/jestAdapterInit.js:761:3)
            at runAndTransformResultsToJestFormat (/Users/ryan/Library/Mobile Documents/com~apple~CloudDocs/Documents/VSCode/Tax-App-Frontend/node_modules/jest-circus/build/jestAdapterInit.js:1918:21)
            at jestAdapter (/Users/ryan/Library/Mobile Documents/com~apple~CloudDocs/Documents/VSCode/Tax-App-Frontend/node_modules/jest-circus/build/runner.js:101:19)
            at runTestInternal (/Users/ryan/Library/Mobile Documents/com~apple~CloudDocs/Documents/VSCode/Tax-App-Frontend/node_modules/jest-runner/build/testWorker.js:275:16)
            at runTest (/Users/ryan/Library/Mobile Documents/com~apple~CloudDocs/Documents/VSCode/Tax-App-Frontend/node_modules/jest-runner/build/testWorker.js:343:7)
            at Object.worker (/Users/ryan/Library/Mobile Documents/com~apple~CloudDocs/Documents/VSCode/Tax-App-Frontend/node_modules/jest-runner/build/testWorker.js:497:12),
        type: 'unhandled exception'
      }

      338 |
      339 |     test('should use flexbox for centering', () => {
    > 340 |       const { container } = render(<LoginPageClient />);
          |                                   ^
      341 |
      342 |       const mainContainer = container.querySelector('.min-h-screen');
      343 |       expect(mainContainer).toHaveClass('flex', 'items-center', 'justify-center');

      at VirtualConsole.<anonymous> (node_modules/@jest/environment-jsdom-abstract/build/index.js:87:23)
      at reportException (node_modules/jsdom/lib/jsdom/living/helpers/runtime-script-errors.js:70:28)
      at innerInvokeEventListeners (node_modules/jsdom/lib/jsdom/living/events/EventTarget-impl.js:353:9)
      at invokeEventListeners (node_modules/jsdom/lib/jsdom/living/events/EventTarget-impl.js:286:3)
      at HTMLUnknownElementImpl._dispatch (node_modules/jsdom/lib/jsdom/living/events/EventTarget-impl.js:233:9)
      at HTMLUnknownElementImpl.dispatchEvent (node_modules/jsdom/lib/jsdom/living/events/EventTarget-impl.js:104:17)
      at HTMLUnknownElement.dispatchEvent (node_modules/jsdom/lib/jsdom/living/generated/EventTarget.js:241:34)
      at Object.invokeGuardedCallbackDev (node_modules/react-dom/cjs/react-dom.development.js:4213:16)
      at invokeGuardedCallback (node_modules/react-dom/cjs/react-dom.development.js:4277:31)
      at beginWork$1 (node_modules/react-dom/cjs/react-dom.development.js:27490:7)
      at performUnitOfWork (node_modules/react-dom/cjs/react-dom.development.js:26599:12)
      at workLoopSync (node_modules/react-dom/cjs/react-dom.development.js:26505:5)
      at renderRootSync (node_modules/react-dom/cjs/react-dom.development.js:26473:7)
      at recoverFromConcurrentError (node_modules/react-dom/cjs/react-dom.development.js:25889:20)
      at performConcurrentWorkOnRoot (node_modules/react-dom/cjs/react-dom.development.js:25789:22)
      at flushActQueue (node_modules/react/cjs/react.development.js:2667:24)
      at act (node_modules/react/cjs/react.development.js:2582:11)
      at node_modules/@testing-library/react/dist/act-compat.js:46:25
      at renderRoot (node_modules/@testing-library/react/dist/pure.js:189:26)
      at render (node_modules/@testing-library/react/dist/pure.js:291:10)
      at Object.<anonymous> (src/app/login/responsive-layout.test.tsx:340:35)

    console.error
      The above error occurred in the <LoginForm> component:
      
          at className (/Users/ryan/Library/Mobile Documents/com~apple~CloudDocs/Documents/VSCode/Tax-App-Frontend/src/components/LoginForm.tsx:45:29)
          at div
          at children (/Users/ryan/Library/Mobile Documents/com~apple~CloudDocs/Documents/VSCode/Tax-App-Frontend/src/app/login/responsive-layout.test.tsx:62:19)
          at div
          at children (/Users/ryan/Library/Mobile Documents/com~apple~CloudDocs/Documents/VSCode/Tax-App-Frontend/src/app/login/responsive-layout.test.tsx:52:12)
          at div
          at div
          at div
          at children (/Users/ryan/Library/Mobile Documents/com~apple~CloudDocs/Documents/VSCode/Tax-App-Frontend/src/app/login/responsive-layout.test.tsx:47:21)
          at callbackUrl (/Users/ryan/Library/Mobile Documents/com~apple~CloudDocs/Documents/VSCode/Tax-App-Frontend/src/app/login/LoginPageClient.tsx:49:43)
      
      Consider adding an error boundary to your tree to customize error handling behavior.
      Visit https://reactjs.org/link/error-boundaries to learn more about error boundaries.

      338 |
      339 |     test('should use flexbox for centering', () => {
    > 340 |       const { container } = render(<LoginPageClient />);
          |                                   ^
      341 |
      342 |       const mainContainer = container.querySelector('.min-h-screen');
      343 |       expect(mainContainer).toHaveClass('flex', 'items-center', 'justify-center');

      at logCapturedError (node_modules/react-dom/cjs/react-dom.development.js:18704:23)
      at update.callback (node_modules/react-dom/cjs/react-dom.development.js:18737:5)
      at callCallback (node_modules/react-dom/cjs/react-dom.development.js:15036:12)
      at commitUpdateQueue (node_modules/react-dom/cjs/react-dom.development.js:15057:9)
      at commitLayoutEffectOnFiber (node_modules/react-dom/cjs/react-dom.development.js:23430:13)
      at commitLayoutMountEffects_complete (node_modules/react-dom/cjs/react-dom.development.js:24727:9)
      at commitLayoutEffects_begin (node_modules/react-dom/cjs/react-dom.development.js:24713:7)
      at commitLayoutEffects (node_modules/react-dom/cjs/react-dom.development.js:24651:3)
      at commitRootImpl (node_modules/react-dom/cjs/react-dom.development.js:26862:5)
      at commitRoot (node_modules/react-dom/cjs/react-dom.development.js:26721:5)
      at finishConcurrentRender (node_modules/react-dom/cjs/react-dom.development.js:25931:9)
      at performConcurrentWorkOnRoot (node_modules/react-dom/cjs/react-dom.development.js:25848:7)
      at flushActQueue (node_modules/react/cjs/react.development.js:2667:24)
      at act (node_modules/react/cjs/react.development.js:2582:11)
      at node_modules/@testing-library/react/dist/act-compat.js:46:25
      at renderRoot (node_modules/@testing-library/react/dist/pure.js:189:26)
      at render (node_modules/@testing-library/react/dist/pure.js:291:10)
      at Object.<anonymous> (src/app/login/responsive-layout.test.tsx:340:35)

    console.error
      Error: Uncaught [TypeError: Cannot read properties of undefined (reading 'state')]
          at reportException (/Users/ryan/Library/Mobile Documents/com~apple~CloudDocs/Documents/VSCode/Tax-App-Frontend/node_modules/jsdom/lib/jsdom/living/helpers/runtime-script-errors.js:66:24)
          at innerInvokeEventListeners (/Users/ryan/Library/Mobile Documents/com~apple~CloudDocs/Documents/VSCode/Tax-App-Frontend/node_modules/jsdom/lib/jsdom/living/events/EventTarget-impl.js:353:9)
          at invokeEventListeners (/Users/ryan/Library/Mobile Documents/com~apple~CloudDocs/Documents/VSCode/Tax-App-Frontend/node_modules/jsdom/lib/jsdom/living/events/EventTarget-impl.js:286:3)
          at HTMLUnknownElementImpl._dispatch (/Users/ryan/Library/Mobile Documents/com~apple~CloudDocs/Documents/VSCode/Tax-App-Frontend/node_modules/jsdom/lib/jsdom/living/events/EventTarget-impl.js:233:9)
          at HTMLUnknownElementImpl.dispatchEvent (/Users/ryan/Library/Mobile Documents/com~apple~CloudDocs/Documents/VSCode/Tax-App-Frontend/node_modules/jsdom/lib/jsdom/living/events/EventTarget-impl.js:104:17)
          at HTMLUnknownElement.dispatchEvent (/Users/ryan/Library/Mobile Documents/com~apple~CloudDocs/Documents/VSCode/Tax-App-Frontend/node_modules/jsdom/lib/jsdom/living/generated/EventTarget.js:241:34)
          at Object.invokeGuardedCallbackDev (/Users/ryan/Library/Mobile Documents/com~apple~CloudDocs/Documents/VSCode/Tax-App-Frontend/node_modules/react-dom/cjs/react-dom.development.js:4213:16)
          at invokeGuardedCallback (/Users/ryan/Library/Mobile Documents/com~apple~CloudDocs/Documents/VSCode/Tax-App-Frontend/node_modules/react-dom/cjs/react-dom.development.js:4277:31)
          at beginWork$1 (/Users/ryan/Library/Mobile Documents/com~apple~CloudDocs/Documents/VSCode/Tax-App-Frontend/node_modules/react-dom/cjs/react-dom.development.js:27490:7)
          at performUnitOfWork (/Users/ryan/Library/Mobile Documents/com~apple~CloudDocs/Documents/VSCode/Tax-App-Frontend/node_modules/react-dom/cjs/react-dom.development.js:26599:12)
          at workLoopSync (/Users/ryan/Library/Mobile Documents/com~apple~CloudDocs/Documents/VSCode/Tax-App-Frontend/node_modules/react-dom/cjs/react-dom.development.js:26505:5)
          at renderRootSync (/Users/ryan/Library/Mobile Documents/com~apple~CloudDocs/Documents/VSCode/Tax-App-Frontend/node_modules/react-dom/cjs/react-dom.development.js:26473:7)
          at performConcurrentWorkOnRoot (/Users/ryan/Library/Mobile Documents/com~apple~CloudDocs/Documents/VSCode/Tax-App-Frontend/node_modules/react-dom/cjs/react-dom.development.js:25777:74)
          at flushActQueue (/Users/ryan/Library/Mobile Documents/com~apple~CloudDocs/Documents/VSCode/Tax-App-Frontend/node_modules/react/cjs/react.development.js:2667:24)
          at act (/Users/ryan/Library/Mobile Documents/com~apple~CloudDocs/Documents/VSCode/Tax-App-Frontend/node_modules/react/cjs/react.development.js:2582:11)
          at /Users/ryan/Library/Mobile Documents/com~apple~CloudDocs/Documents/VSCode/Tax-App-Frontend/node_modules/@testing-library/react/dist/act-compat.js:46:25
          at renderRoot (/Users/ryan/Library/Mobile Documents/com~apple~CloudDocs/Documents/VSCode/Tax-App-Frontend/node_modules/@testing-library/react/dist/pure.js:189:26)
          at render (/Users/ryan/Library/Mobile Documents/com~apple~CloudDocs/Documents/VSCode/Tax-App-Frontend/node_modules/@testing-library/react/dist/pure.js:291:10)
          at Object.<anonymous> (/Users/ryan/Library/Mobile Documents/com~apple~CloudDocs/Documents/VSCode/Tax-App-Frontend/src/app/login/responsive-layout.test.tsx:349:13)
          at Promise.finally.completed (/Users/ryan/Library/Mobile Documents/com~apple~CloudDocs/Documents/VSCode/Tax-App-Frontend/node_modules/jest-circus/build/jestAdapterInit.js:1557:28)
          at new Promise (<anonymous>)
          at callAsyncCircusFn (/Users/ryan/Library/Mobile Documents/com~apple~CloudDocs/Documents/VSCode/Tax-App-Frontend/node_modules/jest-circus/build/jestAdapterInit.js:1497:10)
          at _callCircusTest (/Users/ryan/Library/Mobile Documents/com~apple~CloudDocs/Documents/VSCode/Tax-App-Frontend/node_modules/jest-circus/build/jestAdapterInit.js:1007:40)
          at processTicksAndRejections (node:internal/process/task_queues:95:5)
          at _runTest (/Users/ryan/Library/Mobile Documents/com~apple~CloudDocs/Documents/VSCode/Tax-App-Frontend/node_modules/jest-circus/build/jestAdapterInit.js:947:3)
          at /Users/ryan/Library/Mobile Documents/com~apple~CloudDocs/Documents/VSCode/Tax-App-Frontend/node_modules/jest-circus/build/jestAdapterInit.js:849:7
          at _runTestsForDescribeBlock (/Users/ryan/Library/Mobile Documents/com~apple~CloudDocs/Documents/VSCode/Tax-App-Frontend/node_modules/jest-circus/build/jestAdapterInit.js:862:11)
          at _runTestsForDescribeBlock (/Users/ryan/Library/Mobile Documents/com~apple~CloudDocs/Documents/VSCode/Tax-App-Frontend/node_modules/jest-circus/build/jestAdapterInit.js:857:11)
          at _runTestsForDescribeBlock (/Users/ryan/Library/Mobile Documents/com~apple~CloudDocs/Documents/VSCode/Tax-App-Frontend/node_modules/jest-circus/build/jestAdapterInit.js:857:11)
          at run (/Users/ryan/Library/Mobile Documents/com~apple~CloudDocs/Documents/VSCode/Tax-App-Frontend/node_modules/jest-circus/build/jestAdapterInit.js:761:3)
          at runAndTransformResultsToJestFormat (/Users/ryan/Library/Mobile Documents/com~apple~CloudDocs/Documents/VSCode/Tax-App-Frontend/node_modules/jest-circus/build/jestAdapterInit.js:1918:21)
          at jestAdapter (/Users/ryan/Library/Mobile Documents/com~apple~CloudDocs/Documents/VSCode/Tax-App-Frontend/node_modules/jest-circus/build/runner.js:101:19)
          at runTestInternal (/Users/ryan/Library/Mobile Documents/com~apple~CloudDocs/Documents/VSCode/Tax-App-Frontend/node_modules/jest-runner/build/testWorker.js:275:16)
          at runTest (/Users/ryan/Library/Mobile Documents/com~apple~CloudDocs/Documents/VSCode/Tax-App-Frontend/node_modules/jest-runner/build/testWorker.js:343:7)
          at Object.worker (/Users/ryan/Library/Mobile Documents/com~apple~CloudDocs/Documents/VSCode/Tax-App-Frontend/node_modules/jest-runner/build/testWorker.js:497:12) {
        detail: TypeError: Cannot read properties of undefined (reading 'state')
            at state (/Users/ryan/Library/Mobile Documents/com~apple~CloudDocs/Documents/VSCode/Tax-App-Frontend/src/components/LoginForm.tsx:93:15)
            at renderWithHooks (/Users/ryan/Library/Mobile Documents/com~apple~CloudDocs/Documents/VSCode/Tax-App-Frontend/node_modules/react-dom/cjs/react-dom.development.js:15486:18)
            at mountIndeterminateComponent (/Users/ryan/Library/Mobile Documents/com~apple~CloudDocs/Documents/VSCode/Tax-App-Frontend/node_modules/react-dom/cjs/react-dom.development.js:20103:13)
            at beginWork (/Users/ryan/Library/Mobile Documents/com~apple~CloudDocs/Documents/VSCode/Tax-App-Frontend/node_modules/react-dom/cjs/react-dom.development.js:21626:16)
            at HTMLUnknownElement.callCallback (/Users/ryan/Library/Mobile Documents/com~apple~CloudDocs/Documents/VSCode/Tax-App-Frontend/node_modules/react-dom/cjs/react-dom.development.js:4164:14)
            at HTMLUnknownElement.callTheUserObjectsOperation (/Users/ryan/Library/Mobile Documents/com~apple~CloudDocs/Documents/VSCode/Tax-App-Frontend/node_modules/jsdom/lib/jsdom/living/generated/EventListener.js:26:30)
            at innerInvokeEventListeners (/Users/ryan/Library/Mobile Documents/com~apple~CloudDocs/Documents/VSCode/Tax-App-Frontend/node_modules/jsdom/lib/jsdom/living/events/EventTarget-impl.js:350:25)
            at invokeEventListeners (/Users/ryan/Library/Mobile Documents/com~apple~CloudDocs/Documents/VSCode/Tax-App-Frontend/node_modules/jsdom/lib/jsdom/living/events/EventTarget-impl.js:286:3)
            at HTMLUnknownElementImpl._dispatch (/Users/ryan/Library/Mobile Documents/com~apple~CloudDocs/Documents/VSCode/Tax-App-Frontend/node_modules/jsdom/lib/jsdom/living/events/EventTarget-impl.js:233:9)
            at HTMLUnknownElementImpl.dispatchEvent (/Users/ryan/Library/Mobile Documents/com~apple~CloudDocs/Documents/VSCode/Tax-App-Frontend/node_modules/jsdom/lib/jsdom/living/events/EventTarget-impl.js:104:17)
            at HTMLUnknownElement.dispatchEvent (/Users/ryan/Library/Mobile Documents/com~apple~CloudDocs/Documents/VSCode/Tax-App-Frontend/node_modules/jsdom/lib/jsdom/living/generated/EventTarget.js:241:34)
            at Object.invokeGuardedCallbackDev (/Users/ryan/Library/Mobile Documents/com~apple~CloudDocs/Documents/VSCode/Tax-App-Frontend/node_modules/react-dom/cjs/react-dom.development.js:4213:16)
            at invokeGuardedCallback (/Users/ryan/Library/Mobile Documents/com~apple~CloudDocs/Documents/VSCode/Tax-App-Frontend/node_modules/react-dom/cjs/react-dom.development.js:4277:31)
            at beginWork$1 (/Users/ryan/Library/Mobile Documents/com~apple~CloudDocs/Documents/VSCode/Tax-App-Frontend/node_modules/react-dom/cjs/react-dom.development.js:27490:7)
            at performUnitOfWork (/Users/ryan/Library/Mobile Documents/com~apple~CloudDocs/Documents/VSCode/Tax-App-Frontend/node_modules/react-dom/cjs/react-dom.development.js:26599:12)
            at workLoopSync (/Users/ryan/Library/Mobile Documents/com~apple~CloudDocs/Documents/VSCode/Tax-App-Frontend/node_modules/react-dom/cjs/react-dom.development.js:26505:5)
            at renderRootSync (/Users/ryan/Library/Mobile Documents/com~apple~CloudDocs/Documents/VSCode/Tax-App-Frontend/node_modules/react-dom/cjs/react-dom.development.js:26473:7)
            at performConcurrentWorkOnRoot (/Users/ryan/Library/Mobile Documents/com~apple~CloudDocs/Documents/VSCode/Tax-App-Frontend/node_modules/react-dom/cjs/react-dom.development.js:25777:74)
            at flushActQueue (/Users/ryan/Library/Mobile Documents/com~apple~CloudDocs/Documents/VSCode/Tax-App-Frontend/node_modules/react/cjs/react.development.js:2667:24)
            at act (/Users/ryan/Library/Mobile Documents/com~apple~CloudDocs/Documents/VSCode/Tax-App-Frontend/node_modules/react/cjs/react.development.js:2582:11)
            at /Users/ryan/Library/Mobile Documents/com~apple~CloudDocs/Documents/VSCode/Tax-App-Frontend/node_modules/@testing-library/react/dist/act-compat.js:46:25
            at renderRoot (/Users/ryan/Library/Mobile Documents/com~apple~CloudDocs/Documents/VSCode/Tax-App-Frontend/node_modules/@testing-library/react/dist/pure.js:189:26)
            at render (/Users/ryan/Library/Mobile Documents/com~apple~CloudDocs/Documents/VSCode/Tax-App-Frontend/node_modules/@testing-library/react/dist/pure.js:291:10)
            at Object.<anonymous> (/Users/ryan/Library/Mobile Documents/com~apple~CloudDocs/Documents/VSCode/Tax-App-Frontend/src/app/login/responsive-layout.test.tsx:349:13)
            at Promise.finally.completed (/Users/ryan/Library/Mobile Documents/com~apple~CloudDocs/Documents/VSCode/Tax-App-Frontend/node_modules/jest-circus/build/jestAdapterInit.js:1557:28)
            at new Promise (<anonymous>)
            at callAsyncCircusFn (/Users/ryan/Library/Mobile Documents/com~apple~CloudDocs/Documents/VSCode/Tax-App-Frontend/node_modules/jest-circus/build/jestAdapterInit.js:1497:10)
            at _callCircusTest (/Users/ryan/Library/Mobile Documents/com~apple~CloudDocs/Documents/VSCode/Tax-App-Frontend/node_modules/jest-circus/build/jestAdapterInit.js:1007:40)
            at processTicksAndRejections (node:internal/process/task_queues:95:5)
            at _runTest (/Users/ryan/Library/Mobile Documents/com~apple~CloudDocs/Documents/VSCode/Tax-App-Frontend/node_modules/jest-circus/build/jestAdapterInit.js:947:3)
            at /Users/ryan/Library/Mobile Documents/com~apple~CloudDocs/Documents/VSCode/Tax-App-Frontend/node_modules/jest-circus/build/jestAdapterInit.js:849:7
            at _runTestsForDescribeBlock (/Users/ryan/Library/Mobile Documents/com~apple~CloudDocs/Documents/VSCode/Tax-App-Frontend/node_modules/jest-circus/build/jestAdapterInit.js:862:11)
            at _runTestsForDescribeBlock (/Users/ryan/Library/Mobile Documents/com~apple~CloudDocs/Documents/VSCode/Tax-App-Frontend/node_modules/jest-circus/build/jestAdapterInit.js:857:11)
            at _runTestsForDescribeBlock (/Users/ryan/Library/Mobile Documents/com~apple~CloudDocs/Documents/VSCode/Tax-App-Frontend/node_modules/jest-circus/build/jestAdapterInit.js:857:11)
            at run (/Users/ryan/Library/Mobile Documents/com~apple~CloudDocs/Documents/VSCode/Tax-App-Frontend/node_modules/jest-circus/build/jestAdapterInit.js:761:3)
            at runAndTransformResultsToJestFormat (/Users/ryan/Library/Mobile Documents/com~apple~CloudDocs/Documents/VSCode/Tax-App-Frontend/node_modules/jest-circus/build/jestAdapterInit.js:1918:21)
            at jestAdapter (/Users/ryan/Library/Mobile Documents/com~apple~CloudDocs/Documents/VSCode/Tax-App-Frontend/node_modules/jest-circus/build/runner.js:101:19)
            at runTestInternal (/Users/ryan/Library/Mobile Documents/com~apple~CloudDocs/Documents/VSCode/Tax-App-Frontend/node_modules/jest-runner/build/testWorker.js:275:16)
            at runTest (/Users/ryan/Library/Mobile Documents/com~apple~CloudDocs/Documents/VSCode/Tax-App-Frontend/node_modules/jest-runner/build/testWorker.js:343:7)
            at Object.worker (/Users/ryan/Library/Mobile Documents/com~apple~CloudDocs/Documents/VSCode/Tax-App-Frontend/node_modules/jest-runner/build/testWorker.js:497:12),
        type: 'unhandled exception'
      }

      347 |   describe('Accessibility and Semantic Structure', () => {
      348 |     test('should have proper heading hierarchy', () => {
    > 349 |       render(<LoginPageClient />);
          |             ^
      350 |
      351 |       const heading = screen.getByRole('heading', { level: 1 });
      352 |       expect(heading).toBeInTheDocument();

      at VirtualConsole.<anonymous> (node_modules/@jest/environment-jsdom-abstract/build/index.js:87:23)
      at reportException (node_modules/jsdom/lib/jsdom/living/helpers/runtime-script-errors.js:70:28)
      at innerInvokeEventListeners (node_modules/jsdom/lib/jsdom/living/events/EventTarget-impl.js:353:9)
      at invokeEventListeners (node_modules/jsdom/lib/jsdom/living/events/EventTarget-impl.js:286:3)
      at HTMLUnknownElementImpl._dispatch (node_modules/jsdom/lib/jsdom/living/events/EventTarget-impl.js:233:9)
      at HTMLUnknownElementImpl.dispatchEvent (node_modules/jsdom/lib/jsdom/living/events/EventTarget-impl.js:104:17)
      at HTMLUnknownElement.dispatchEvent (node_modules/jsdom/lib/jsdom/living/generated/EventTarget.js:241:34)
      at Object.invokeGuardedCallbackDev (node_modules/react-dom/cjs/react-dom.development.js:4213:16)
      at invokeGuardedCallback (node_modules/react-dom/cjs/react-dom.development.js:4277:31)
      at beginWork$1 (node_modules/react-dom/cjs/react-dom.development.js:27490:7)
      at performUnitOfWork (node_modules/react-dom/cjs/react-dom.development.js:26599:12)
      at workLoopSync (node_modules/react-dom/cjs/react-dom.development.js:26505:5)
      at renderRootSync (node_modules/react-dom/cjs/react-dom.development.js:26473:7)
      at performConcurrentWorkOnRoot (node_modules/react-dom/cjs/react-dom.development.js:25777:74)
      at flushActQueue (node_modules/react/cjs/react.development.js:2667:24)
      at act (node_modules/react/cjs/react.development.js:2582:11)
      at node_modules/@testing-library/react/dist/act-compat.js:46:25
      at renderRoot (node_modules/@testing-library/react/dist/pure.js:189:26)
      at render (node_modules/@testing-library/react/dist/pure.js:291:10)
      at Object.<anonymous> (src/app/login/responsive-layout.test.tsx:349:13)

    console.error
      Error: Uncaught [TypeError: Cannot read properties of undefined (reading 'state')]
          at reportException (/Users/ryan/Library/Mobile Documents/com~apple~CloudDocs/Documents/VSCode/Tax-App-Frontend/node_modules/jsdom/lib/jsdom/living/helpers/runtime-script-errors.js:66:24)
          at innerInvokeEventListeners (/Users/ryan/Library/Mobile Documents/com~apple~CloudDocs/Documents/VSCode/Tax-App-Frontend/node_modules/jsdom/lib/jsdom/living/events/EventTarget-impl.js:353:9)
          at invokeEventListeners (/Users/ryan/Library/Mobile Documents/com~apple~CloudDocs/Documents/VSCode/Tax-App-Frontend/node_modules/jsdom/lib/jsdom/living/events/EventTarget-impl.js:286:3)
          at HTMLUnknownElementImpl._dispatch (/Users/ryan/Library/Mobile Documents/com~apple~CloudDocs/Documents/VSCode/Tax-App-Frontend/node_modules/jsdom/lib/jsdom/living/events/EventTarget-impl.js:233:9)
          at HTMLUnknownElementImpl.dispatchEvent (/Users/ryan/Library/Mobile Documents/com~apple~CloudDocs/Documents/VSCode/Tax-App-Frontend/node_modules/jsdom/lib/jsdom/living/events/EventTarget-impl.js:104:17)
          at HTMLUnknownElement.dispatchEvent (/Users/ryan/Library/Mobile Documents/com~apple~CloudDocs/Documents/VSCode/Tax-App-Frontend/node_modules/jsdom/lib/jsdom/living/generated/EventTarget.js:241:34)
          at Object.invokeGuardedCallbackDev (/Users/ryan/Library/Mobile Documents/com~apple~CloudDocs/Documents/VSCode/Tax-App-Frontend/node_modules/react-dom/cjs/react-dom.development.js:4213:16)
          at invokeGuardedCallback (/Users/ryan/Library/Mobile Documents/com~apple~CloudDocs/Documents/VSCode/Tax-App-Frontend/node_modules/react-dom/cjs/react-dom.development.js:4277:31)
          at beginWork$1 (/Users/ryan/Library/Mobile Documents/com~apple~CloudDocs/Documents/VSCode/Tax-App-Frontend/node_modules/react-dom/cjs/react-dom.development.js:27490:7)
          at performUnitOfWork (/Users/ryan/Library/Mobile Documents/com~apple~CloudDocs/Documents/VSCode/Tax-App-Frontend/node_modules/react-dom/cjs/react-dom.development.js:26599:12)
          at workLoopSync (/Users/ryan/Library/Mobile Documents/com~apple~CloudDocs/Documents/VSCode/Tax-App-Frontend/node_modules/react-dom/cjs/react-dom.development.js:26505:5)
          at renderRootSync (/Users/ryan/Library/Mobile Documents/com~apple~CloudDocs/Documents/VSCode/Tax-App-Frontend/node_modules/react-dom/cjs/react-dom.development.js:26473:7)
          at recoverFromConcurrentError (/Users/ryan/Library/Mobile Documents/com~apple~CloudDocs/Documents/VSCode/Tax-App-Frontend/node_modules/react-dom/cjs/react-dom.development.js:25889:20)
          at performConcurrentWorkOnRoot (/Users/ryan/Library/Mobile Documents/com~apple~CloudDocs/Documents/VSCode/Tax-App-Frontend/node_modules/react-dom/cjs/react-dom.development.js:25789:22)
          at flushActQueue (/Users/ryan/Library/Mobile Documents/com~apple~CloudDocs/Documents/VSCode/Tax-App-Frontend/node_modules/react/cjs/react.development.js:2667:24)
          at act (/Users/ryan/Library/Mobile Documents/com~apple~CloudDocs/Documents/VSCode/Tax-App-Frontend/node_modules/react/cjs/react.development.js:2582:11)
          at /Users/ryan/Library/Mobile Documents/com~apple~CloudDocs/Documents/VSCode/Tax-App-Frontend/node_modules/@testing-library/react/dist/act-compat.js:46:25
          at renderRoot (/Users/ryan/Library/Mobile Documents/com~apple~CloudDocs/Documents/VSCode/Tax-App-Frontend/node_modules/@testing-library/react/dist/pure.js:189:26)
          at render (/Users/ryan/Library/Mobile Documents/com~apple~CloudDocs/Documents/VSCode/Tax-App-Frontend/node_modules/@testing-library/react/dist/pure.js:291:10)
          at Object.<anonymous> (/Users/ryan/Library/Mobile Documents/com~apple~CloudDocs/Documents/VSCode/Tax-App-Frontend/src/app/login/responsive-layout.test.tsx:349:13)
          at Promise.finally.completed (/Users/ryan/Library/Mobile Documents/com~apple~CloudDocs/Documents/VSCode/Tax-App-Frontend/node_modules/jest-circus/build/jestAdapterInit.js:1557:28)
          at new Promise (<anonymous>)
          at callAsyncCircusFn (/Users/ryan/Library/Mobile Documents/com~apple~CloudDocs/Documents/VSCode/Tax-App-Frontend/node_modules/jest-circus/build/jestAdapterInit.js:1497:10)
          at _callCircusTest (/Users/ryan/Library/Mobile Documents/com~apple~CloudDocs/Documents/VSCode/Tax-App-Frontend/node_modules/jest-circus/build/jestAdapterInit.js:1007:40)
          at processTicksAndRejections (node:internal/process/task_queues:95:5)
          at _runTest (/Users/ryan/Library/Mobile Documents/com~apple~CloudDocs/Documents/VSCode/Tax-App-Frontend/node_modules/jest-circus/build/jestAdapterInit.js:947:3)
          at /Users/ryan/Library/Mobile Documents/com~apple~CloudDocs/Documents/VSCode/Tax-App-Frontend/node_modules/jest-circus/build/jestAdapterInit.js:849:7
          at _runTestsForDescribeBlock (/Users/ryan/Library/Mobile Documents/com~apple~CloudDocs/Documents/VSCode/Tax-App-Frontend/node_modules/jest-circus/build/jestAdapterInit.js:862:11)
          at _runTestsForDescribeBlock (/Users/ryan/Library/Mobile Documents/com~apple~CloudDocs/Documents/VSCode/Tax-App-Frontend/node_modules/jest-circus/build/jestAdapterInit.js:857:11)
          at _runTestsForDescribeBlock (/Users/ryan/Library/Mobile Documents/com~apple~CloudDocs/Documents/VSCode/Tax-App-Frontend/node_modules/jest-circus/build/jestAdapterInit.js:857:11)
          at run (/Users/ryan/Library/Mobile Documents/com~apple~CloudDocs/Documents/VSCode/Tax-App-Frontend/node_modules/jest-circus/build/jestAdapterInit.js:761:3)
          at runAndTransformResultsToJestFormat (/Users/ryan/Library/Mobile Documents/com~apple~CloudDocs/Documents/VSCode/Tax-App-Frontend/node_modules/jest-circus/build/jestAdapterInit.js:1918:21)
          at jestAdapter (/Users/ryan/Library/Mobile Documents/com~apple~CloudDocs/Documents/VSCode/Tax-App-Frontend/node_modules/jest-circus/build/runner.js:101:19)
          at runTestInternal (/Users/ryan/Library/Mobile Documents/com~apple~CloudDocs/Documents/VSCode/Tax-App-Frontend/node_modules/jest-runner/build/testWorker.js:275:16)
          at runTest (/Users/ryan/Library/Mobile Documents/com~apple~CloudDocs/Documents/VSCode/Tax-App-Frontend/node_modules/jest-runner/build/testWorker.js:343:7)
          at Object.worker (/Users/ryan/Library/Mobile Documents/com~apple~CloudDocs/Documents/VSCode/Tax-App-Frontend/node_modules/jest-runner/build/testWorker.js:497:12) {
        detail: TypeError: Cannot read properties of undefined (reading 'state')
            at state (/Users/ryan/Library/Mobile Documents/com~apple~CloudDocs/Documents/VSCode/Tax-App-Frontend/src/components/LoginForm.tsx:93:15)
            at renderWithHooks (/Users/ryan/Library/Mobile Documents/com~apple~CloudDocs/Documents/VSCode/Tax-App-Frontend/node_modules/react-dom/cjs/react-dom.development.js:15486:18)
            at mountIndeterminateComponent (/Users/ryan/Library/Mobile Documents/com~apple~CloudDocs/Documents/VSCode/Tax-App-Frontend/node_modules/react-dom/cjs/react-dom.development.js:20103:13)
            at beginWork (/Users/ryan/Library/Mobile Documents/com~apple~CloudDocs/Documents/VSCode/Tax-App-Frontend/node_modules/react-dom/cjs/react-dom.development.js:21626:16)
            at HTMLUnknownElement.callCallback (/Users/ryan/Library/Mobile Documents/com~apple~CloudDocs/Documents/VSCode/Tax-App-Frontend/node_modules/react-dom/cjs/react-dom.development.js:4164:14)
            at HTMLUnknownElement.callTheUserObjectsOperation (/Users/ryan/Library/Mobile Documents/com~apple~CloudDocs/Documents/VSCode/Tax-App-Frontend/node_modules/jsdom/lib/jsdom/living/generated/EventListener.js:26:30)
            at innerInvokeEventListeners (/Users/ryan/Library/Mobile Documents/com~apple~CloudDocs/Documents/VSCode/Tax-App-Frontend/node_modules/jsdom/lib/jsdom/living/events/EventTarget-impl.js:350:25)
            at invokeEventListeners (/Users/ryan/Library/Mobile Documents/com~apple~CloudDocs/Documents/VSCode/Tax-App-Frontend/node_modules/jsdom/lib/jsdom/living/events/EventTarget-impl.js:286:3)
            at HTMLUnknownElementImpl._dispatch (/Users/ryan/Library/Mobile Documents/com~apple~CloudDocs/Documents/VSCode/Tax-App-Frontend/node_modules/jsdom/lib/jsdom/living/events/EventTarget-impl.js:233:9)
            at HTMLUnknownElementImpl.dispatchEvent (/Users/ryan/Library/Mobile Documents/com~apple~CloudDocs/Documents/VSCode/Tax-App-Frontend/node_modules/jsdom/lib/jsdom/living/events/EventTarget-impl.js:104:17)
            at HTMLUnknownElement.dispatchEvent (/Users/ryan/Library/Mobile Documents/com~apple~CloudDocs/Documents/VSCode/Tax-App-Frontend/node_modules/jsdom/lib/jsdom/living/generated/EventTarget.js:241:34)
            at Object.invokeGuardedCallbackDev (/Users/ryan/Library/Mobile Documents/com~apple~CloudDocs/Documents/VSCode/Tax-App-Frontend/node_modules/react-dom/cjs/react-dom.development.js:4213:16)
            at invokeGuardedCallback (/Users/ryan/Library/Mobile Documents/com~apple~CloudDocs/Documents/VSCode/Tax-App-Frontend/node_modules/react-dom/cjs/react-dom.development.js:4277:31)
            at beginWork$1 (/Users/ryan/Library/Mobile Documents/com~apple~CloudDocs/Documents/VSCode/Tax-App-Frontend/node_modules/react-dom/cjs/react-dom.development.js:27490:7)
            at performUnitOfWork (/Users/ryan/Library/Mobile Documents/com~apple~CloudDocs/Documents/VSCode/Tax-App-Frontend/node_modules/react-dom/cjs/react-dom.development.js:26599:12)
            at workLoopSync (/Users/ryan/Library/Mobile Documents/com~apple~CloudDocs/Documents/VSCode/Tax-App-Frontend/node_modules/react-dom/cjs/react-dom.development.js:26505:5)
            at renderRootSync (/Users/ryan/Library/Mobile Documents/com~apple~CloudDocs/Documents/VSCode/Tax-App-Frontend/node_modules/react-dom/cjs/react-dom.development.js:26473:7)
            at recoverFromConcurrentError (/Users/ryan/Library/Mobile Documents/com~apple~CloudDocs/Documents/VSCode/Tax-App-Frontend/node_modules/react-dom/cjs/react-dom.development.js:25889:20)
            at performConcurrentWorkOnRoot (/Users/ryan/Library/Mobile Documents/com~apple~CloudDocs/Documents/VSCode/Tax-App-Frontend/node_modules/react-dom/cjs/react-dom.development.js:25789:22)
            at flushActQueue (/Users/ryan/Library/Mobile Documents/com~apple~CloudDocs/Documents/VSCode/Tax-App-Frontend/node_modules/react/cjs/react.development.js:2667:24)
            at act (/Users/ryan/Library/Mobile Documents/com~apple~CloudDocs/Documents/VSCode/Tax-App-Frontend/node_modules/react/cjs/react.development.js:2582:11)
            at /Users/ryan/Library/Mobile Documents/com~apple~CloudDocs/Documents/VSCode/Tax-App-Frontend/node_modules/@testing-library/react/dist/act-compat.js:46:25
            at renderRoot (/Users/ryan/Library/Mobile Documents/com~apple~CloudDocs/Documents/VSCode/Tax-App-Frontend/node_modules/@testing-library/react/dist/pure.js:189:26)
            at render (/Users/ryan/Library/Mobile Documents/com~apple~CloudDocs/Documents/VSCode/Tax-App-Frontend/node_modules/@testing-library/react/dist/pure.js:291:10)
            at Object.<anonymous> (/Users/ryan/Library/Mobile Documents/com~apple~CloudDocs/Documents/VSCode/Tax-App-Frontend/src/app/login/responsive-layout.test.tsx:349:13)
            at Promise.finally.completed (/Users/ryan/Library/Mobile Documents/com~apple~CloudDocs/Documents/VSCode/Tax-App-Frontend/node_modules/jest-circus/build/jestAdapterInit.js:1557:28)
            at new Promise (<anonymous>)
            at callAsyncCircusFn (/Users/ryan/Library/Mobile Documents/com~apple~CloudDocs/Documents/VSCode/Tax-App-Frontend/node_modules/jest-circus/build/jestAdapterInit.js:1497:10)
            at _callCircusTest (/Users/ryan/Library/Mobile Documents/com~apple~CloudDocs/Documents/VSCode/Tax-App-Frontend/node_modules/jest-circus/build/jestAdapterInit.js:1007:40)
            at processTicksAndRejections (node:internal/process/task_queues:95:5)
            at _runTest (/Users/ryan/Library/Mobile Documents/com~apple~CloudDocs/Documents/VSCode/Tax-App-Frontend/node_modules/jest-circus/build/jestAdapterInit.js:947:3)
            at /Users/ryan/Library/Mobile Documents/com~apple~CloudDocs/Documents/VSCode/Tax-App-Frontend/node_modules/jest-circus/build/jestAdapterInit.js:849:7
            at _runTestsForDescribeBlock (/Users/ryan/Library/Mobile Documents/com~apple~CloudDocs/Documents/VSCode/Tax-App-Frontend/node_modules/jest-circus/build/jestAdapterInit.js:862:11)
            at _runTestsForDescribeBlock (/Users/ryan/Library/Mobile Documents/com~apple~CloudDocs/Documents/VSCode/Tax-App-Frontend/node_modules/jest-circus/build/jestAdapterInit.js:857:11)
            at _runTestsForDescribeBlock (/Users/ryan/Library/Mobile Documents/com~apple~CloudDocs/Documents/VSCode/Tax-App-Frontend/node_modules/jest-circus/build/jestAdapterInit.js:857:11)
            at run (/Users/ryan/Library/Mobile Documents/com~apple~CloudDocs/Documents/VSCode/Tax-App-Frontend/node_modules/jest-circus/build/jestAdapterInit.js:761:3)
            at runAndTransformResultsToJestFormat (/Users/ryan/Library/Mobile Documents/com~apple~CloudDocs/Documents/VSCode/Tax-App-Frontend/node_modules/jest-circus/build/jestAdapterInit.js:1918:21)
            at jestAdapter (/Users/ryan/Library/Mobile Documents/com~apple~CloudDocs/Documents/VSCode/Tax-App-Frontend/node_modules/jest-circus/build/runner.js:101:19)
            at runTestInternal (/Users/ryan/Library/Mobile Documents/com~apple~CloudDocs/Documents/VSCode/Tax-App-Frontend/node_modules/jest-runner/build/testWorker.js:275:16)
            at runTest (/Users/ryan/Library/Mobile Documents/com~apple~CloudDocs/Documents/VSCode/Tax-App-Frontend/node_modules/jest-runner/build/testWorker.js:343:7)
            at Object.worker (/Users/ryan/Library/Mobile Documents/com~apple~CloudDocs/Documents/VSCode/Tax-App-Frontend/node_modules/jest-runner/build/testWorker.js:497:12),
        type: 'unhandled exception'
      }

      347 |   describe('Accessibility and Semantic Structure', () => {
      348 |     test('should have proper heading hierarchy', () => {
    > 349 |       render(<LoginPageClient />);
          |             ^
      350 |
      351 |       const heading = screen.getByRole('heading', { level: 1 });
      352 |       expect(heading).toBeInTheDocument();

      at VirtualConsole.<anonymous> (node_modules/@jest/environment-jsdom-abstract/build/index.js:87:23)
      at reportException (node_modules/jsdom/lib/jsdom/living/helpers/runtime-script-errors.js:70:28)
      at innerInvokeEventListeners (node_modules/jsdom/lib/jsdom/living/events/EventTarget-impl.js:353:9)
      at invokeEventListeners (node_modules/jsdom/lib/jsdom/living/events/EventTarget-impl.js:286:3)
      at HTMLUnknownElementImpl._dispatch (node_modules/jsdom/lib/jsdom/living/events/EventTarget-impl.js:233:9)
      at HTMLUnknownElementImpl.dispatchEvent (node_modules/jsdom/lib/jsdom/living/events/EventTarget-impl.js:104:17)
      at HTMLUnknownElement.dispatchEvent (node_modules/jsdom/lib/jsdom/living/generated/EventTarget.js:241:34)
      at Object.invokeGuardedCallbackDev (node_modules/react-dom/cjs/react-dom.development.js:4213:16)
      at invokeGuardedCallback (node_modules/react-dom/cjs/react-dom.development.js:4277:31)
      at beginWork$1 (node_modules/react-dom/cjs/react-dom.development.js:27490:7)
      at performUnitOfWork (node_modules/react-dom/cjs/react-dom.development.js:26599:12)
      at workLoopSync (node_modules/react-dom/cjs/react-dom.development.js:26505:5)
      at renderRootSync (node_modules/react-dom/cjs/react-dom.development.js:26473:7)
      at recoverFromConcurrentError (node_modules/react-dom/cjs/react-dom.development.js:25889:20)
      at performConcurrentWorkOnRoot (node_modules/react-dom/cjs/react-dom.development.js:25789:22)
      at flushActQueue (node_modules/react/cjs/react.development.js:2667:24)
      at act (node_modules/react/cjs/react.development.js:2582:11)
      at node_modules/@testing-library/react/dist/act-compat.js:46:25
      at renderRoot (node_modules/@testing-library/react/dist/pure.js:189:26)
      at render (node_modules/@testing-library/react/dist/pure.js:291:10)
      at Object.<anonymous> (src/app/login/responsive-layout.test.tsx:349:13)

    console.error
      The above error occurred in the <LoginForm> component:
      
          at className (/Users/ryan/Library/Mobile Documents/com~apple~CloudDocs/Documents/VSCode/Tax-App-Frontend/src/components/LoginForm.tsx:45:29)
          at div
          at children (/Users/ryan/Library/Mobile Documents/com~apple~CloudDocs/Documents/VSCode/Tax-App-Frontend/src/app/login/responsive-layout.test.tsx:62:19)
          at div
          at children (/Users/ryan/Library/Mobile Documents/com~apple~CloudDocs/Documents/VSCode/Tax-App-Frontend/src/app/login/responsive-layout.test.tsx:52:12)
          at div
          at div
          at div
          at children (/Users/ryan/Library/Mobile Documents/com~apple~CloudDocs/Documents/VSCode/Tax-App-Frontend/src/app/login/responsive-layout.test.tsx:47:21)
          at callbackUrl (/Users/ryan/Library/Mobile Documents/com~apple~CloudDocs/Documents/VSCode/Tax-App-Frontend/src/app/login/LoginPageClient.tsx:49:43)
      
      Consider adding an error boundary to your tree to customize error handling behavior.
      Visit https://reactjs.org/link/error-boundaries to learn more about error boundaries.

      347 |   describe('Accessibility and Semantic Structure', () => {
      348 |     test('should have proper heading hierarchy', () => {
    > 349 |       render(<LoginPageClient />);
          |             ^
      350 |
      351 |       const heading = screen.getByRole('heading', { level: 1 });
      352 |       expect(heading).toBeInTheDocument();

      at logCapturedError (node_modules/react-dom/cjs/react-dom.development.js:18704:23)
      at update.callback (node_modules/react-dom/cjs/react-dom.development.js:18737:5)
      at callCallback (node_modules/react-dom/cjs/react-dom.development.js:15036:12)
      at commitUpdateQueue (node_modules/react-dom/cjs/react-dom.development.js:15057:9)
      at commitLayoutEffectOnFiber (node_modules/react-dom/cjs/react-dom.development.js:23430:13)
      at commitLayoutMountEffects_complete (node_modules/react-dom/cjs/react-dom.development.js:24727:9)
      at commitLayoutEffects_begin (node_modules/react-dom/cjs/react-dom.development.js:24713:7)
      at commitLayoutEffects (node_modules/react-dom/cjs/react-dom.development.js:24651:3)
      at commitRootImpl (node_modules/react-dom/cjs/react-dom.development.js:26862:5)
      at commitRoot (node_modules/react-dom/cjs/react-dom.development.js:26721:5)
      at finishConcurrentRender (node_modules/react-dom/cjs/react-dom.development.js:25931:9)
      at performConcurrentWorkOnRoot (node_modules/react-dom/cjs/react-dom.development.js:25848:7)
      at flushActQueue (node_modules/react/cjs/react.development.js:2667:24)
      at act (node_modules/react/cjs/react.development.js:2582:11)
      at node_modules/@testing-library/react/dist/act-compat.js:46:25
      at renderRoot (node_modules/@testing-library/react/dist/pure.js:189:26)
      at render (node_modules/@testing-library/react/dist/pure.js:291:10)
      at Object.<anonymous> (src/app/login/responsive-layout.test.tsx:349:13)

    console.error
      Error: Uncaught [TypeError: Cannot read properties of undefined (reading 'state')]
          at reportException (/Users/ryan/Library/Mobile Documents/com~apple~CloudDocs/Documents/VSCode/Tax-App-Frontend/node_modules/jsdom/lib/jsdom/living/helpers/runtime-script-errors.js:66:24)
          at innerInvokeEventListeners (/Users/ryan/Library/Mobile Documents/com~apple~CloudDocs/Documents/VSCode/Tax-App-Frontend/node_modules/jsdom/lib/jsdom/living/events/EventTarget-impl.js:353:9)
          at invokeEventListeners (/Users/ryan/Library/Mobile Documents/com~apple~CloudDocs/Documents/VSCode/Tax-App-Frontend/node_modules/jsdom/lib/jsdom/living/events/EventTarget-impl.js:286:3)
          at HTMLUnknownElementImpl._dispatch (/Users/ryan/Library/Mobile Documents/com~apple~CloudDocs/Documents/VSCode/Tax-App-Frontend/node_modules/jsdom/lib/jsdom/living/events/EventTarget-impl.js:233:9)
          at HTMLUnknownElementImpl.dispatchEvent (/Users/ryan/Library/Mobile Documents/com~apple~CloudDocs/Documents/VSCode/Tax-App-Frontend/node_modules/jsdom/lib/jsdom/living/events/EventTarget-impl.js:104:17)
          at HTMLUnknownElement.dispatchEvent (/Users/ryan/Library/Mobile Documents/com~apple~CloudDocs/Documents/VSCode/Tax-App-Frontend/node_modules/jsdom/lib/jsdom/living/generated/EventTarget.js:241:34)
          at Object.invokeGuardedCallbackDev (/Users/ryan/Library/Mobile Documents/com~apple~CloudDocs/Documents/VSCode/Tax-App-Frontend/node_modules/react-dom/cjs/react-dom.development.js:4213:16)
          at invokeGuardedCallback (/Users/ryan/Library/Mobile Documents/com~apple~CloudDocs/Documents/VSCode/Tax-App-Frontend/node_modules/react-dom/cjs/react-dom.development.js:4277:31)
          at beginWork$1 (/Users/ryan/Library/Mobile Documents/com~apple~CloudDocs/Documents/VSCode/Tax-App-Frontend/node_modules/react-dom/cjs/react-dom.development.js:27490:7)
          at performUnitOfWork (/Users/ryan/Library/Mobile Documents/com~apple~CloudDocs/Documents/VSCode/Tax-App-Frontend/node_modules/react-dom/cjs/react-dom.development.js:26599:12)
          at workLoopSync (/Users/ryan/Library/Mobile Documents/com~apple~CloudDocs/Documents/VSCode/Tax-App-Frontend/node_modules/react-dom/cjs/react-dom.development.js:26505:5)
          at renderRootSync (/Users/ryan/Library/Mobile Documents/com~apple~CloudDocs/Documents/VSCode/Tax-App-Frontend/node_modules/react-dom/cjs/react-dom.development.js:26473:7)
          at performConcurrentWorkOnRoot (/Users/ryan/Library/Mobile Documents/com~apple~CloudDocs/Documents/VSCode/Tax-App-Frontend/node_modules/react-dom/cjs/react-dom.development.js:25777:74)
          at flushActQueue (/Users/ryan/Library/Mobile Documents/com~apple~CloudDocs/Documents/VSCode/Tax-App-Frontend/node_modules/react/cjs/react.development.js:2667:24)
          at act (/Users/ryan/Library/Mobile Documents/com~apple~CloudDocs/Documents/VSCode/Tax-App-Frontend/node_modules/react/cjs/react.development.js:2582:11)
          at /Users/ryan/Library/Mobile Documents/com~apple~CloudDocs/Documents/VSCode/Tax-App-Frontend/node_modules/@testing-library/react/dist/act-compat.js:46:25
          at renderRoot (/Users/ryan/Library/Mobile Documents/com~apple~CloudDocs/Documents/VSCode/Tax-App-Frontend/node_modules/@testing-library/react/dist/pure.js:189:26)
          at render (/Users/ryan/Library/Mobile Documents/com~apple~CloudDocs/Documents/VSCode/Tax-App-Frontend/node_modules/@testing-library/react/dist/pure.js:291:10)
          at Object.<anonymous> (/Users/ryan/Library/Mobile Documents/com~apple~CloudDocs/Documents/VSCode/Tax-App-Frontend/src/app/login/responsive-layout.test.tsx:357:13)
          at Promise.finally.completed (/Users/ryan/Library/Mobile Documents/com~apple~CloudDocs/Documents/VSCode/Tax-App-Frontend/node_modules/jest-circus/build/jestAdapterInit.js:1557:28)
          at new Promise (<anonymous>)
          at callAsyncCircusFn (/Users/ryan/Library/Mobile Documents/com~apple~CloudDocs/Documents/VSCode/Tax-App-Frontend/node_modules/jest-circus/build/jestAdapterInit.js:1497:10)
          at _callCircusTest (/Users/ryan/Library/Mobile Documents/com~apple~CloudDocs/Documents/VSCode/Tax-App-Frontend/node_modules/jest-circus/build/jestAdapterInit.js:1007:40)
          at processTicksAndRejections (node:internal/process/task_queues:95:5)
          at _runTest (/Users/ryan/Library/Mobile Documents/com~apple~CloudDocs/Documents/VSCode/Tax-App-Frontend/node_modules/jest-circus/build/jestAdapterInit.js:947:3)
          at /Users/ryan/Library/Mobile Documents/com~apple~CloudDocs/Documents/VSCode/Tax-App-Frontend/node_modules/jest-circus/build/jestAdapterInit.js:849:7
          at _runTestsForDescribeBlock (/Users/ryan/Library/Mobile Documents/com~apple~CloudDocs/Documents/VSCode/Tax-App-Frontend/node_modules/jest-circus/build/jestAdapterInit.js:862:11)
          at _runTestsForDescribeBlock (/Users/ryan/Library/Mobile Documents/com~apple~CloudDocs/Documents/VSCode/Tax-App-Frontend/node_modules/jest-circus/build/jestAdapterInit.js:857:11)
          at _runTestsForDescribeBlock (/Users/ryan/Library/Mobile Documents/com~apple~CloudDocs/Documents/VSCode/Tax-App-Frontend/node_modules/jest-circus/build/jestAdapterInit.js:857:11)
          at run (/Users/ryan/Library/Mobile Documents/com~apple~CloudDocs/Documents/VSCode/Tax-App-Frontend/node_modules/jest-circus/build/jestAdapterInit.js:761:3)
          at runAndTransformResultsToJestFormat (/Users/ryan/Library/Mobile Documents/com~apple~CloudDocs/Documents/VSCode/Tax-App-Frontend/node_modules/jest-circus/build/jestAdapterInit.js:1918:21)
          at jestAdapter (/Users/ryan/Library/Mobile Documents/com~apple~CloudDocs/Documents/VSCode/Tax-App-Frontend/node_modules/jest-circus/build/runner.js:101:19)
          at runTestInternal (/Users/ryan/Library/Mobile Documents/com~apple~CloudDocs/Documents/VSCode/Tax-App-Frontend/node_modules/jest-runner/build/testWorker.js:275:16)
          at runTest (/Users/ryan/Library/Mobile Documents/com~apple~CloudDocs/Documents/VSCode/Tax-App-Frontend/node_modules/jest-runner/build/testWorker.js:343:7)
          at Object.worker (/Users/ryan/Library/Mobile Documents/com~apple~CloudDocs/Documents/VSCode/Tax-App-Frontend/node_modules/jest-runner/build/testWorker.js:497:12) {
        detail: TypeError: Cannot read properties of undefined (reading 'state')
            at state (/Users/ryan/Library/Mobile Documents/com~apple~CloudDocs/Documents/VSCode/Tax-App-Frontend/src/components/LoginForm.tsx:93:15)
            at renderWithHooks (/Users/ryan/Library/Mobile Documents/com~apple~CloudDocs/Documents/VSCode/Tax-App-Frontend/node_modules/react-dom/cjs/react-dom.development.js:15486:18)
            at mountIndeterminateComponent (/Users/ryan/Library/Mobile Documents/com~apple~CloudDocs/Documents/VSCode/Tax-App-Frontend/node_modules/react-dom/cjs/react-dom.development.js:20103:13)
            at beginWork (/Users/ryan/Library/Mobile Documents/com~apple~CloudDocs/Documents/VSCode/Tax-App-Frontend/node_modules/react-dom/cjs/react-dom.development.js:21626:16)
            at HTMLUnknownElement.callCallback (/Users/ryan/Library/Mobile Documents/com~apple~CloudDocs/Documents/VSCode/Tax-App-Frontend/node_modules/react-dom/cjs/react-dom.development.js:4164:14)
            at HTMLUnknownElement.callTheUserObjectsOperation (/Users/ryan/Library/Mobile Documents/com~apple~CloudDocs/Documents/VSCode/Tax-App-Frontend/node_modules/jsdom/lib/jsdom/living/generated/EventListener.js:26:30)
            at innerInvokeEventListeners (/Users/ryan/Library/Mobile Documents/com~apple~CloudDocs/Documents/VSCode/Tax-App-Frontend/node_modules/jsdom/lib/jsdom/living/events/EventTarget-impl.js:350:25)
            at invokeEventListeners (/Users/ryan/Library/Mobile Documents/com~apple~CloudDocs/Documents/VSCode/Tax-App-Frontend/node_modules/jsdom/lib/jsdom/living/events/EventTarget-impl.js:286:3)
            at HTMLUnknownElementImpl._dispatch (/Users/ryan/Library/Mobile Documents/com~apple~CloudDocs/Documents/VSCode/Tax-App-Frontend/node_modules/jsdom/lib/jsdom/living/events/EventTarget-impl.js:233:9)
            at HTMLUnknownElementImpl.dispatchEvent (/Users/ryan/Library/Mobile Documents/com~apple~CloudDocs/Documents/VSCode/Tax-App-Frontend/node_modules/jsdom/lib/jsdom/living/events/EventTarget-impl.js:104:17)
            at HTMLUnknownElement.dispatchEvent (/Users/ryan/Library/Mobile Documents/com~apple~CloudDocs/Documents/VSCode/Tax-App-Frontend/node_modules/jsdom/lib/jsdom/living/generated/EventTarget.js:241:34)
            at Object.invokeGuardedCallbackDev (/Users/ryan/Library/Mobile Documents/com~apple~CloudDocs/Documents/VSCode/Tax-App-Frontend/node_modules/react-dom/cjs/react-dom.development.js:4213:16)
            at invokeGuardedCallback (/Users/ryan/Library/Mobile Documents/com~apple~CloudDocs/Documents/VSCode/Tax-App-Frontend/node_modules/react-dom/cjs/react-dom.development.js:4277:31)
            at beginWork$1 (/Users/ryan/Library/Mobile Documents/com~apple~CloudDocs/Documents/VSCode/Tax-App-Frontend/node_modules/react-dom/cjs/react-dom.development.js:27490:7)
            at performUnitOfWork (/Users/ryan/Library/Mobile Documents/com~apple~CloudDocs/Documents/VSCode/Tax-App-Frontend/node_modules/react-dom/cjs/react-dom.development.js:26599:12)
            at workLoopSync (/Users/ryan/Library/Mobile Documents/com~apple~CloudDocs/Documents/VSCode/Tax-App-Frontend/node_modules/react-dom/cjs/react-dom.development.js:26505:5)
            at renderRootSync (/Users/ryan/Library/Mobile Documents/com~apple~CloudDocs/Documents/VSCode/Tax-App-Frontend/node_modules/react-dom/cjs/react-dom.development.js:26473:7)
            at performConcurrentWorkOnRoot (/Users/ryan/Library/Mobile Documents/com~apple~CloudDocs/Documents/VSCode/Tax-App-Frontend/node_modules/react-dom/cjs/react-dom.development.js:25777:74)
            at flushActQueue (/Users/ryan/Library/Mobile Documents/com~apple~CloudDocs/Documents/VSCode/Tax-App-Frontend/node_modules/react/cjs/react.development.js:2667:24)
            at act (/Users/ryan/Library/Mobile Documents/com~apple~CloudDocs/Documents/VSCode/Tax-App-Frontend/node_modules/react/cjs/react.development.js:2582:11)
            at /Users/ryan/Library/Mobile Documents/com~apple~CloudDocs/Documents/VSCode/Tax-App-Frontend/node_modules/@testing-library/react/dist/act-compat.js:46:25
            at renderRoot (/Users/ryan/Library/Mobile Documents/com~apple~CloudDocs/Documents/VSCode/Tax-App-Frontend/node_modules/@testing-library/react/dist/pure.js:189:26)
            at render (/Users/ryan/Library/Mobile Documents/com~apple~CloudDocs/Documents/VSCode/Tax-App-Frontend/node_modules/@testing-library/react/dist/pure.js:291:10)
            at Object.<anonymous> (/Users/ryan/Library/Mobile Documents/com~apple~CloudDocs/Documents/VSCode/Tax-App-Frontend/src/app/login/responsive-layout.test.tsx:357:13)
            at Promise.finally.completed (/Users/ryan/Library/Mobile Documents/com~apple~CloudDocs/Documents/VSCode/Tax-App-Frontend/node_modules/jest-circus/build/jestAdapterInit.js:1557:28)
            at new Promise (<anonymous>)
            at callAsyncCircusFn (/Users/ryan/Library/Mobile Documents/com~apple~CloudDocs/Documents/VSCode/Tax-App-Frontend/node_modules/jest-circus/build/jestAdapterInit.js:1497:10)
            at _callCircusTest (/Users/ryan/Library/Mobile Documents/com~apple~CloudDocs/Documents/VSCode/Tax-App-Frontend/node_modules/jest-circus/build/jestAdapterInit.js:1007:40)
            at processTicksAndRejections (node:internal/process/task_queues:95:5)
            at _runTest (/Users/ryan/Library/Mobile Documents/com~apple~CloudDocs/Documents/VSCode/Tax-App-Frontend/node_modules/jest-circus/build/jestAdapterInit.js:947:3)
            at /Users/ryan/Library/Mobile Documents/com~apple~CloudDocs/Documents/VSCode/Tax-App-Frontend/node_modules/jest-circus/build/jestAdapterInit.js:849:7
            at _runTestsForDescribeBlock (/Users/ryan/Library/Mobile Documents/com~apple~CloudDocs/Documents/VSCode/Tax-App-Frontend/node_modules/jest-circus/build/jestAdapterInit.js:862:11)
            at _runTestsForDescribeBlock (/Users/ryan/Library/Mobile Documents/com~apple~CloudDocs/Documents/VSCode/Tax-App-Frontend/node_modules/jest-circus/build/jestAdapterInit.js:857:11)
            at _runTestsForDescribeBlock (/Users/ryan/Library/Mobile Documents/com~apple~CloudDocs/Documents/VSCode/Tax-App-Frontend/node_modules/jest-circus/build/jestAdapterInit.js:857:11)
            at run (/Users/ryan/Library/Mobile Documents/com~apple~CloudDocs/Documents/VSCode/Tax-App-Frontend/node_modules/jest-circus/build/jestAdapterInit.js:761:3)
            at runAndTransformResultsToJestFormat (/Users/ryan/Library/Mobile Documents/com~apple~CloudDocs/Documents/VSCode/Tax-App-Frontend/node_modules/jest-circus/build/jestAdapterInit.js:1918:21)
            at jestAdapter (/Users/ryan/Library/Mobile Documents/com~apple~CloudDocs/Documents/VSCode/Tax-App-Frontend/node_modules/jest-circus/build/runner.js:101:19)
            at runTestInternal (/Users/ryan/Library/Mobile Documents/com~apple~CloudDocs/Documents/VSCode/Tax-App-Frontend/node_modules/jest-runner/build/testWorker.js:275:16)
            at runTest (/Users/ryan/Library/Mobile Documents/com~apple~CloudDocs/Documents/VSCode/Tax-App-Frontend/node_modules/jest-runner/build/testWorker.js:343:7)
            at Object.worker (/Users/ryan/Library/Mobile Documents/com~apple~CloudDocs/Documents/VSCode/Tax-App-Frontend/node_modules/jest-runner/build/testWorker.js:497:12),
        type: 'unhandled exception'
      }

      355 |
      356 |     test('should have descriptive text for users', () => {
    > 357 |       render(<LoginPageClient />);
          |             ^
      358 |
      359 |       const description = screen.getByText(/Enter your credentials to access your tax preparation dashboard/i);
      360 |       expect(description).toBeInTheDocument();

      at VirtualConsole.<anonymous> (node_modules/@jest/environment-jsdom-abstract/build/index.js:87:23)
      at reportException (node_modules/jsdom/lib/jsdom/living/helpers/runtime-script-errors.js:70:28)
      at innerInvokeEventListeners (node_modules/jsdom/lib/jsdom/living/events/EventTarget-impl.js:353:9)
      at invokeEventListeners (node_modules/jsdom/lib/jsdom/living/events/EventTarget-impl.js:286:3)
      at HTMLUnknownElementImpl._dispatch (node_modules/jsdom/lib/jsdom/living/events/EventTarget-impl.js:233:9)
      at HTMLUnknownElementImpl.dispatchEvent (node_modules/jsdom/lib/jsdom/living/events/EventTarget-impl.js:104:17)
      at HTMLUnknownElement.dispatchEvent (node_modules/jsdom/lib/jsdom/living/generated/EventTarget.js:241:34)
      at Object.invokeGuardedCallbackDev (node_modules/react-dom/cjs/react-dom.development.js:4213:16)
      at invokeGuardedCallback (node_modules/react-dom/cjs/react-dom.development.js:4277:31)
      at beginWork$1 (node_modules/react-dom/cjs/react-dom.development.js:27490:7)
      at performUnitOfWork (node_modules/react-dom/cjs/react-dom.development.js:26599:12)
      at workLoopSync (node_modules/react-dom/cjs/react-dom.development.js:26505:5)
      at renderRootSync (node_modules/react-dom/cjs/react-dom.development.js:26473:7)
      at performConcurrentWorkOnRoot (node_modules/react-dom/cjs/react-dom.development.js:25777:74)
      at flushActQueue (node_modules/react/cjs/react.development.js:2667:24)
      at act (node_modules/react/cjs/react.development.js:2582:11)
      at node_modules/@testing-library/react/dist/act-compat.js:46:25
      at renderRoot (node_modules/@testing-library/react/dist/pure.js:189:26)
      at render (node_modules/@testing-library/react/dist/pure.js:291:10)
      at Object.<anonymous> (src/app/login/responsive-layout.test.tsx:357:13)

    console.error
      Error: Uncaught [TypeError: Cannot read properties of undefined (reading 'state')]
          at reportException (/Users/ryan/Library/Mobile Documents/com~apple~CloudDocs/Documents/VSCode/Tax-App-Frontend/node_modules/jsdom/lib/jsdom/living/helpers/runtime-script-errors.js:66:24)
          at innerInvokeEventListeners (/Users/ryan/Library/Mobile Documents/com~apple~CloudDocs/Documents/VSCode/Tax-App-Frontend/node_modules/jsdom/lib/jsdom/living/events/EventTarget-impl.js:353:9)
          at invokeEventListeners (/Users/ryan/Library/Mobile Documents/com~apple~CloudDocs/Documents/VSCode/Tax-App-Frontend/node_modules/jsdom/lib/jsdom/living/events/EventTarget-impl.js:286:3)
          at HTMLUnknownElementImpl._dispatch (/Users/ryan/Library/Mobile Documents/com~apple~CloudDocs/Documents/VSCode/Tax-App-Frontend/node_modules/jsdom/lib/jsdom/living/events/EventTarget-impl.js:233:9)
          at HTMLUnknownElementImpl.dispatchEvent (/Users/ryan/Library/Mobile Documents/com~apple~CloudDocs/Documents/VSCode/Tax-App-Frontend/node_modules/jsdom/lib/jsdom/living/events/EventTarget-impl.js:104:17)
          at HTMLUnknownElement.dispatchEvent (/Users/ryan/Library/Mobile Documents/com~apple~CloudDocs/Documents/VSCode/Tax-App-Frontend/node_modules/jsdom/lib/jsdom/living/generated/EventTarget.js:241:34)
          at Object.invokeGuardedCallbackDev (/Users/ryan/Library/Mobile Documents/com~apple~CloudDocs/Documents/VSCode/Tax-App-Frontend/node_modules/react-dom/cjs/react-dom.development.js:4213:16)
          at invokeGuardedCallback (/Users/ryan/Library/Mobile Documents/com~apple~CloudDocs/Documents/VSCode/Tax-App-Frontend/node_modules/react-dom/cjs/react-dom.development.js:4277:31)
          at beginWork$1 (/Users/ryan/Library/Mobile Documents/com~apple~CloudDocs/Documents/VSCode/Tax-App-Frontend/node_modules/react-dom/cjs/react-dom.development.js:27490:7)
          at performUnitOfWork (/Users/ryan/Library/Mobile Documents/com~apple~CloudDocs/Documents/VSCode/Tax-App-Frontend/node_modules/react-dom/cjs/react-dom.development.js:26599:12)
          at workLoopSync (/Users/ryan/Library/Mobile Documents/com~apple~CloudDocs/Documents/VSCode/Tax-App-Frontend/node_modules/react-dom/cjs/react-dom.development.js:26505:5)
          at renderRootSync (/Users/ryan/Library/Mobile Documents/com~apple~CloudDocs/Documents/VSCode/Tax-App-Frontend/node_modules/react-dom/cjs/react-dom.development.js:26473:7)
          at recoverFromConcurrentError (/Users/ryan/Library/Mobile Documents/com~apple~CloudDocs/Documents/VSCode/Tax-App-Frontend/node_modules/react-dom/cjs/react-dom.development.js:25889:20)
          at performConcurrentWorkOnRoot (/Users/ryan/Library/Mobile Documents/com~apple~CloudDocs/Documents/VSCode/Tax-App-Frontend/node_modules/react-dom/cjs/react-dom.development.js:25789:22)
          at flushActQueue (/Users/ryan/Library/Mobile Documents/com~apple~CloudDocs/Documents/VSCode/Tax-App-Frontend/node_modules/react/cjs/react.development.js:2667:24)
          at act (/Users/ryan/Library/Mobile Documents/com~apple~CloudDocs/Documents/VSCode/Tax-App-Frontend/node_modules/react/cjs/react.development.js:2582:11)
          at /Users/ryan/Library/Mobile Documents/com~apple~CloudDocs/Documents/VSCode/Tax-App-Frontend/node_modules/@testing-library/react/dist/act-compat.js:46:25
          at renderRoot (/Users/ryan/Library/Mobile Documents/com~apple~CloudDocs/Documents/VSCode/Tax-App-Frontend/node_modules/@testing-library/react/dist/pure.js:189:26)
          at render (/Users/ryan/Library/Mobile Documents/com~apple~CloudDocs/Documents/VSCode/Tax-App-Frontend/node_modules/@testing-library/react/dist/pure.js:291:10)
          at Object.<anonymous> (/Users/ryan/Library/Mobile Documents/com~apple~CloudDocs/Documents/VSCode/Tax-App-Frontend/src/app/login/responsive-layout.test.tsx:357:13)
          at Promise.finally.completed (/Users/ryan/Library/Mobile Documents/com~apple~CloudDocs/Documents/VSCode/Tax-App-Frontend/node_modules/jest-circus/build/jestAdapterInit.js:1557:28)
          at new Promise (<anonymous>)
          at callAsyncCircusFn (/Users/ryan/Library/Mobile Documents/com~apple~CloudDocs/Documents/VSCode/Tax-App-Frontend/node_modules/jest-circus/build/jestAdapterInit.js:1497:10)
          at _callCircusTest (/Users/ryan/Library/Mobile Documents/com~apple~CloudDocs/Documents/VSCode/Tax-App-Frontend/node_modules/jest-circus/build/jestAdapterInit.js:1007:40)
          at processTicksAndRejections (node:internal/process/task_queues:95:5)
          at _runTest (/Users/ryan/Library/Mobile Documents/com~apple~CloudDocs/Documents/VSCode/Tax-App-Frontend/node_modules/jest-circus/build/jestAdapterInit.js:947:3)
          at /Users/ryan/Library/Mobile Documents/com~apple~CloudDocs/Documents/VSCode/Tax-App-Frontend/node_modules/jest-circus/build/jestAdapterInit.js:849:7
          at _runTestsForDescribeBlock (/Users/ryan/Library/Mobile Documents/com~apple~CloudDocs/Documents/VSCode/Tax-App-Frontend/node_modules/jest-circus/build/jestAdapterInit.js:862:11)
          at _runTestsForDescribeBlock (/Users/ryan/Library/Mobile Documents/com~apple~CloudDocs/Documents/VSCode/Tax-App-Frontend/node_modules/jest-circus/build/jestAdapterInit.js:857:11)
          at _runTestsForDescribeBlock (/Users/ryan/Library/Mobile Documents/com~apple~CloudDocs/Documents/VSCode/Tax-App-Frontend/node_modules/jest-circus/build/jestAdapterInit.js:857:11)
          at run (/Users/ryan/Library/Mobile Documents/com~apple~CloudDocs/Documents/VSCode/Tax-App-Frontend/node_modules/jest-circus/build/jestAdapterInit.js:761:3)
          at runAndTransformResultsToJestFormat (/Users/ryan/Library/Mobile Documents/com~apple~CloudDocs/Documents/VSCode/Tax-App-Frontend/node_modules/jest-circus/build/jestAdapterInit.js:1918:21)
          at jestAdapter (/Users/ryan/Library/Mobile Documents/com~apple~CloudDocs/Documents/VSCode/Tax-App-Frontend/node_modules/jest-circus/build/runner.js:101:19)
          at runTestInternal (/Users/ryan/Library/Mobile Documents/com~apple~CloudDocs/Documents/VSCode/Tax-App-Frontend/node_modules/jest-runner/build/testWorker.js:275:16)
          at runTest (/Users/ryan/Library/Mobile Documents/com~apple~CloudDocs/Documents/VSCode/Tax-App-Frontend/node_modules/jest-runner/build/testWorker.js:343:7)
          at Object.worker (/Users/ryan/Library/Mobile Documents/com~apple~CloudDocs/Documents/VSCode/Tax-App-Frontend/node_modules/jest-runner/build/testWorker.js:497:12) {
        detail: TypeError: Cannot read properties of undefined (reading 'state')
            at state (/Users/ryan/Library/Mobile Documents/com~apple~CloudDocs/Documents/VSCode/Tax-App-Frontend/src/components/LoginForm.tsx:93:15)
            at renderWithHooks (/Users/ryan/Library/Mobile Documents/com~apple~CloudDocs/Documents/VSCode/Tax-App-Frontend/node_modules/react-dom/cjs/react-dom.development.js:15486:18)
            at mountIndeterminateComponent (/Users/ryan/Library/Mobile Documents/com~apple~CloudDocs/Documents/VSCode/Tax-App-Frontend/node_modules/react-dom/cjs/react-dom.development.js:20103:13)
            at beginWork (/Users/ryan/Library/Mobile Documents/com~apple~CloudDocs/Documents/VSCode/Tax-App-Frontend/node_modules/react-dom/cjs/react-dom.development.js:21626:16)
            at HTMLUnknownElement.callCallback (/Users/ryan/Library/Mobile Documents/com~apple~CloudDocs/Documents/VSCode/Tax-App-Frontend/node_modules/react-dom/cjs/react-dom.development.js:4164:14)
            at HTMLUnknownElement.callTheUserObjectsOperation (/Users/ryan/Library/Mobile Documents/com~apple~CloudDocs/Documents/VSCode/Tax-App-Frontend/node_modules/jsdom/lib/jsdom/living/generated/EventListener.js:26:30)
            at innerInvokeEventListeners (/Users/ryan/Library/Mobile Documents/com~apple~CloudDocs/Documents/VSCode/Tax-App-Frontend/node_modules/jsdom/lib/jsdom/living/events/EventTarget-impl.js:350:25)
            at invokeEventListeners (/Users/ryan/Library/Mobile Documents/com~apple~CloudDocs/Documents/VSCode/Tax-App-Frontend/node_modules/jsdom/lib/jsdom/living/events/EventTarget-impl.js:286:3)
            at HTMLUnknownElementImpl._dispatch (/Users/ryan/Library/Mobile Documents/com~apple~CloudDocs/Documents/VSCode/Tax-App-Frontend/node_modules/jsdom/lib/jsdom/living/events/EventTarget-impl.js:233:9)
            at HTMLUnknownElementImpl.dispatchEvent (/Users/ryan/Library/Mobile Documents/com~apple~CloudDocs/Documents/VSCode/Tax-App-Frontend/node_modules/jsdom/lib/jsdom/living/events/EventTarget-impl.js:104:17)
            at HTMLUnknownElement.dispatchEvent (/Users/ryan/Library/Mobile Documents/com~apple~CloudDocs/Documents/VSCode/Tax-App-Frontend/node_modules/jsdom/lib/jsdom/living/generated/EventTarget.js:241:34)
            at Object.invokeGuardedCallbackDev (/Users/ryan/Library/Mobile Documents/com~apple~CloudDocs/Documents/VSCode/Tax-App-Frontend/node_modules/react-dom/cjs/react-dom.development.js:4213:16)
            at invokeGuardedCallback (/Users/ryan/Library/Mobile Documents/com~apple~CloudDocs/Documents/VSCode/Tax-App-Frontend/node_modules/react-dom/cjs/react-dom.development.js:4277:31)
            at beginWork$1 (/Users/ryan/Library/Mobile Documents/com~apple~CloudDocs/Documents/VSCode/Tax-App-Frontend/node_modules/react-dom/cjs/react-dom.development.js:27490:7)
            at performUnitOfWork (/Users/ryan/Library/Mobile Documents/com~apple~CloudDocs/Documents/VSCode/Tax-App-Frontend/node_modules/react-dom/cjs/react-dom.development.js:26599:12)
            at workLoopSync (/Users/ryan/Library/Mobile Documents/com~apple~CloudDocs/Documents/VSCode/Tax-App-Frontend/node_modules/react-dom/cjs/react-dom.development.js:26505:5)
            at renderRootSync (/Users/ryan/Library/Mobile Documents/com~apple~CloudDocs/Documents/VSCode/Tax-App-Frontend/node_modules/react-dom/cjs/react-dom.development.js:26473:7)
            at recoverFromConcurrentError (/Users/ryan/Library/Mobile Documents/com~apple~CloudDocs/Documents/VSCode/Tax-App-Frontend/node_modules/react-dom/cjs/react-dom.development.js:25889:20)
            at performConcurrentWorkOnRoot (/Users/ryan/Library/Mobile Documents/com~apple~CloudDocs/Documents/VSCode/Tax-App-Frontend/node_modules/react-dom/cjs/react-dom.development.js:25789:22)
            at flushActQueue (/Users/ryan/Library/Mobile Documents/com~apple~CloudDocs/Documents/VSCode/Tax-App-Frontend/node_modules/react/cjs/react.development.js:2667:24)
            at act (/Users/ryan/Library/Mobile Documents/com~apple~CloudDocs/Documents/VSCode/Tax-App-Frontend/node_modules/react/cjs/react.development.js:2582:11)
            at /Users/ryan/Library/Mobile Documents/com~apple~CloudDocs/Documents/VSCode/Tax-App-Frontend/node_modules/@testing-library/react/dist/act-compat.js:46:25
            at renderRoot (/Users/ryan/Library/Mobile Documents/com~apple~CloudDocs/Documents/VSCode/Tax-App-Frontend/node_modules/@testing-library/react/dist/pure.js:189:26)
            at render (/Users/ryan/Library/Mobile Documents/com~apple~CloudDocs/Documents/VSCode/Tax-App-Frontend/node_modules/@testing-library/react/dist/pure.js:291:10)
            at Object.<anonymous> (/Users/ryan/Library/Mobile Documents/com~apple~CloudDocs/Documents/VSCode/Tax-App-Frontend/src/app/login/responsive-layout.test.tsx:357:13)
            at Promise.finally.completed (/Users/ryan/Library/Mobile Documents/com~apple~CloudDocs/Documents/VSCode/Tax-App-Frontend/node_modules/jest-circus/build/jestAdapterInit.js:1557:28)
            at new Promise (<anonymous>)
            at callAsyncCircusFn (/Users/ryan/Library/Mobile Documents/com~apple~CloudDocs/Documents/VSCode/Tax-App-Frontend/node_modules/jest-circus/build/jestAdapterInit.js:1497:10)
            at _callCircusTest (/Users/ryan/Library/Mobile Documents/com~apple~CloudDocs/Documents/VSCode/Tax-App-Frontend/node_modules/jest-circus/build/jestAdapterInit.js:1007:40)
            at processTicksAndRejections (node:internal/process/task_queues:95:5)
            at _runTest (/Users/ryan/Library/Mobile Documents/com~apple~CloudDocs/Documents/VSCode/Tax-App-Frontend/node_modules/jest-circus/build/jestAdapterInit.js:947:3)
            at /Users/ryan/Library/Mobile Documents/com~apple~CloudDocs/Documents/VSCode/Tax-App-Frontend/node_modules/jest-circus/build/jestAdapterInit.js:849:7
            at _runTestsForDescribeBlock (/Users/ryan/Library/Mobile Documents/com~apple~CloudDocs/Documents/VSCode/Tax-App-Frontend/node_modules/jest-circus/build/jestAdapterInit.js:862:11)
            at _runTestsForDescribeBlock (/Users/ryan/Library/Mobile Documents/com~apple~CloudDocs/Documents/VSCode/Tax-App-Frontend/node_modules/jest-circus/build/jestAdapterInit.js:857:11)
            at _runTestsForDescribeBlock (/Users/ryan/Library/Mobile Documents/com~apple~CloudDocs/Documents/VSCode/Tax-App-Frontend/node_modules/jest-circus/build/jestAdapterInit.js:857:11)
            at run (/Users/ryan/Library/Mobile Documents/com~apple~CloudDocs/Documents/VSCode/Tax-App-Frontend/node_modules/jest-circus/build/jestAdapterInit.js:761:3)
            at runAndTransformResultsToJestFormat (/Users/ryan/Library/Mobile Documents/com~apple~CloudDocs/Documents/VSCode/Tax-App-Frontend/node_modules/jest-circus/build/jestAdapterInit.js:1918:21)
            at jestAdapter (/Users/ryan/Library/Mobile Documents/com~apple~CloudDocs/Documents/VSCode/Tax-App-Frontend/node_modules/jest-circus/build/runner.js:101:19)
            at runTestInternal (/Users/ryan/Library/Mobile Documents/com~apple~CloudDocs/Documents/VSCode/Tax-App-Frontend/node_modules/jest-runner/build/testWorker.js:275:16)
            at runTest (/Users/ryan/Library/Mobile Documents/com~apple~CloudDocs/Documents/VSCode/Tax-App-Frontend/node_modules/jest-runner/build/testWorker.js:343:7)
            at Object.worker (/Users/ryan/Library/Mobile Documents/com~apple~CloudDocs/Documents/VSCode/Tax-App-Frontend/node_modules/jest-runner/build/testWorker.js:497:12),
        type: 'unhandled exception'
      }

      355 |
      356 |     test('should have descriptive text for users', () => {
    > 357 |       render(<LoginPageClient />);
          |             ^
      358 |
      359 |       const description = screen.getByText(/Enter your credentials to access your tax preparation dashboard/i);
      360 |       expect(description).toBeInTheDocument();

      at VirtualConsole.<anonymous> (node_modules/@jest/environment-jsdom-abstract/build/index.js:87:23)
      at reportException (node_modules/jsdom/lib/jsdom/living/helpers/runtime-script-errors.js:70:28)
      at innerInvokeEventListeners (node_modules/jsdom/lib/jsdom/living/events/EventTarget-impl.js:353:9)
      at invokeEventListeners (node_modules/jsdom/lib/jsdom/living/events/EventTarget-impl.js:286:3)
      at HTMLUnknownElementImpl._dispatch (node_modules/jsdom/lib/jsdom/living/events/EventTarget-impl.js:233:9)
      at HTMLUnknownElementImpl.dispatchEvent (node_modules/jsdom/lib/jsdom/living/events/EventTarget-impl.js:104:17)
      at HTMLUnknownElement.dispatchEvent (node_modules/jsdom/lib/jsdom/living/generated/EventTarget.js:241:34)
      at Object.invokeGuardedCallbackDev (node_modules/react-dom/cjs/react-dom.development.js:4213:16)
      at invokeGuardedCallback (node_modules/react-dom/cjs/react-dom.development.js:4277:31)
      at beginWork$1 (node_modules/react-dom/cjs/react-dom.development.js:27490:7)
      at performUnitOfWork (node_modules/react-dom/cjs/react-dom.development.js:26599:12)
      at workLoopSync (node_modules/react-dom/cjs/react-dom.development.js:26505:5)
      at renderRootSync (node_modules/react-dom/cjs/react-dom.development.js:26473:7)
      at recoverFromConcurrentError (node_modules/react-dom/cjs/react-dom.development.js:25889:20)
      at performConcurrentWorkOnRoot (node_modules/react-dom/cjs/react-dom.development.js:25789:22)
      at flushActQueue (node_modules/react/cjs/react.development.js:2667:24)
      at act (node_modules/react/cjs/react.development.js:2582:11)
      at node_modules/@testing-library/react/dist/act-compat.js:46:25
      at renderRoot (node_modules/@testing-library/react/dist/pure.js:189:26)
      at render (node_modules/@testing-library/react/dist/pure.js:291:10)
      at Object.<anonymous> (src/app/login/responsive-layout.test.tsx:357:13)

    console.error
      The above error occurred in the <LoginForm> component:
      
          at className (/Users/ryan/Library/Mobile Documents/com~apple~CloudDocs/Documents/VSCode/Tax-App-Frontend/src/components/LoginForm.tsx:45:29)
          at div
          at children (/Users/ryan/Library/Mobile Documents/com~apple~CloudDocs/Documents/VSCode/Tax-App-Frontend/src/app/login/responsive-layout.test.tsx:62:19)
          at div
          at children (/Users/ryan/Library/Mobile Documents/com~apple~CloudDocs/Documents/VSCode/Tax-App-Frontend/src/app/login/responsive-layout.test.tsx:52:12)
          at div
          at div
          at div
          at children (/Users/ryan/Library/Mobile Documents/com~apple~CloudDocs/Documents/VSCode/Tax-App-Frontend/src/app/login/responsive-layout.test.tsx:47:21)
          at callbackUrl (/Users/ryan/Library/Mobile Documents/com~apple~CloudDocs/Documents/VSCode/Tax-App-Frontend/src/app/login/LoginPageClient.tsx:49:43)
      
      Consider adding an error boundary to your tree to customize error handling behavior.
      Visit https://reactjs.org/link/error-boundaries to learn more about error boundaries.

      355 |
      356 |     test('should have descriptive text for users', () => {
    > 357 |       render(<LoginPageClient />);
          |             ^
      358 |
      359 |       const description = screen.getByText(/Enter your credentials to access your tax preparation dashboard/i);
      360 |       expect(description).toBeInTheDocument();

      at logCapturedError (node_modules/react-dom/cjs/react-dom.development.js:18704:23)
      at update.callback (node_modules/react-dom/cjs/react-dom.development.js:18737:5)
      at callCallback (node_modules/react-dom/cjs/react-dom.development.js:15036:12)
      at commitUpdateQueue (node_modules/react-dom/cjs/react-dom.development.js:15057:9)
      at commitLayoutEffectOnFiber (node_modules/react-dom/cjs/react-dom.development.js:23430:13)
      at commitLayoutMountEffects_complete (node_modules/react-dom/cjs/react-dom.development.js:24727:9)
      at commitLayoutEffects_begin (node_modules/react-dom/cjs/react-dom.development.js:24713:7)
      at commitLayoutEffects (node_modules/react-dom/cjs/react-dom.development.js:24651:3)
      at commitRootImpl (node_modules/react-dom/cjs/react-dom.development.js:26862:5)
      at commitRoot (node_modules/react-dom/cjs/react-dom.development.js:26721:5)
      at finishConcurrentRender (node_modules/react-dom/cjs/react-dom.development.js:25931:9)
      at performConcurrentWorkOnRoot (node_modules/react-dom/cjs/react-dom.development.js:25848:7)
      at flushActQueue (node_modules/react/cjs/react.development.js:2667:24)
      at act (node_modules/react/cjs/react.development.js:2582:11)
      at node_modules/@testing-library/react/dist/act-compat.js:46:25
      at renderRoot (node_modules/@testing-library/react/dist/pure.js:189:26)
      at render (node_modules/@testing-library/react/dist/pure.js:291:10)
      at Object.<anonymous> (src/app/login/responsive-layout.test.tsx:357:13)

    console.error
      Error: Uncaught [TypeError: Cannot read properties of undefined (reading 'state')]
          at reportException (/Users/ryan/Library/Mobile Documents/com~apple~CloudDocs/Documents/VSCode/Tax-App-Frontend/node_modules/jsdom/lib/jsdom/living/helpers/runtime-script-errors.js:66:24)
          at innerInvokeEventListeners (/Users/ryan/Library/Mobile Documents/com~apple~CloudDocs/Documents/VSCode/Tax-App-Frontend/node_modules/jsdom/lib/jsdom/living/events/EventTarget-impl.js:353:9)
          at invokeEventListeners (/Users/ryan/Library/Mobile Documents/com~apple~CloudDocs/Documents/VSCode/Tax-App-Frontend/node_modules/jsdom/lib/jsdom/living/events/EventTarget-impl.js:286:3)
          at HTMLUnknownElementImpl._dispatch (/Users/ryan/Library/Mobile Documents/com~apple~CloudDocs/Documents/VSCode/Tax-App-Frontend/node_modules/jsdom/lib/jsdom/living/events/EventTarget-impl.js:233:9)
          at HTMLUnknownElementImpl.dispatchEvent (/Users/ryan/Library/Mobile Documents/com~apple~CloudDocs/Documents/VSCode/Tax-App-Frontend/node_modules/jsdom/lib/jsdom/living/events/EventTarget-impl.js:104:17)
          at HTMLUnknownElement.dispatchEvent (/Users/ryan/Library/Mobile Documents/com~apple~CloudDocs/Documents/VSCode/Tax-App-Frontend/node_modules/jsdom/lib/jsdom/living/generated/EventTarget.js:241:34)
          at Object.invokeGuardedCallbackDev (/Users/ryan/Library/Mobile Documents/com~apple~CloudDocs/Documents/VSCode/Tax-App-Frontend/node_modules/react-dom/cjs/react-dom.development.js:4213:16)
          at invokeGuardedCallback (/Users/ryan/Library/Mobile Documents/com~apple~CloudDocs/Documents/VSCode/Tax-App-Frontend/node_modules/react-dom/cjs/react-dom.development.js:4277:31)
          at beginWork$1 (/Users/ryan/Library/Mobile Documents/com~apple~CloudDocs/Documents/VSCode/Tax-App-Frontend/node_modules/react-dom/cjs/react-dom.development.js:27490:7)
          at performUnitOfWork (/Users/ryan/Library/Mobile Documents/com~apple~CloudDocs/Documents/VSCode/Tax-App-Frontend/node_modules/react-dom/cjs/react-dom.development.js:26599:12)
          at workLoopSync (/Users/ryan/Library/Mobile Documents/com~apple~CloudDocs/Documents/VSCode/Tax-App-Frontend/node_modules/react-dom/cjs/react-dom.development.js:26505:5)
          at renderRootSync (/Users/ryan/Library/Mobile Documents/com~apple~CloudDocs/Documents/VSCode/Tax-App-Frontend/node_modules/react-dom/cjs/react-dom.development.js:26473:7)
          at performConcurrentWorkOnRoot (/Users/ryan/Library/Mobile Documents/com~apple~CloudDocs/Documents/VSCode/Tax-App-Frontend/node_modules/react-dom/cjs/react-dom.development.js:25777:74)
          at flushActQueue (/Users/ryan/Library/Mobile Documents/com~apple~CloudDocs/Documents/VSCode/Tax-App-Frontend/node_modules/react/cjs/react.development.js:2667:24)
          at act (/Users/ryan/Library/Mobile Documents/com~apple~CloudDocs/Documents/VSCode/Tax-App-Frontend/node_modules/react/cjs/react.development.js:2582:11)
          at /Users/ryan/Library/Mobile Documents/com~apple~CloudDocs/Documents/VSCode/Tax-App-Frontend/node_modules/@testing-library/react/dist/act-compat.js:46:25
          at renderRoot (/Users/ryan/Library/Mobile Documents/com~apple~CloudDocs/Documents/VSCode/Tax-App-Frontend/node_modules/@testing-library/react/dist/pure.js:189:26)
          at render (/Users/ryan/Library/Mobile Documents/com~apple~CloudDocs/Documents/VSCode/Tax-App-Frontend/node_modules/@testing-library/react/dist/pure.js:291:10)
          at Object.<anonymous> (/Users/ryan/Library/Mobile Documents/com~apple~CloudDocs/Documents/VSCode/Tax-App-Frontend/src/app/login/responsive-layout.test.tsx:364:13)
          at Promise.finally.completed (/Users/ryan/Library/Mobile Documents/com~apple~CloudDocs/Documents/VSCode/Tax-App-Frontend/node_modules/jest-circus/build/jestAdapterInit.js:1557:28)
          at new Promise (<anonymous>)
          at callAsyncCircusFn (/Users/ryan/Library/Mobile Documents/com~apple~CloudDocs/Documents/VSCode/Tax-App-Frontend/node_modules/jest-circus/build/jestAdapterInit.js:1497:10)
          at _callCircusTest (/Users/ryan/Library/Mobile Documents/com~apple~CloudDocs/Documents/VSCode/Tax-App-Frontend/node_modules/jest-circus/build/jestAdapterInit.js:1007:40)
          at processTicksAndRejections (node:internal/process/task_queues:95:5)
          at _runTest (/Users/ryan/Library/Mobile Documents/com~apple~CloudDocs/Documents/VSCode/Tax-App-Frontend/node_modules/jest-circus/build/jestAdapterInit.js:947:3)
          at /Users/ryan/Library/Mobile Documents/com~apple~CloudDocs/Documents/VSCode/Tax-App-Frontend/node_modules/jest-circus/build/jestAdapterInit.js:849:7
          at _runTestsForDescribeBlock (/Users/ryan/Library/Mobile Documents/com~apple~CloudDocs/Documents/VSCode/Tax-App-Frontend/node_modules/jest-circus/build/jestAdapterInit.js:862:11)
          at _runTestsForDescribeBlock (/Users/ryan/Library/Mobile Documents/com~apple~CloudDocs/Documents/VSCode/Tax-App-Frontend/node_modules/jest-circus/build/jestAdapterInit.js:857:11)
          at _runTestsForDescribeBlock (/Users/ryan/Library/Mobile Documents/com~apple~CloudDocs/Documents/VSCode/Tax-App-Frontend/node_modules/jest-circus/build/jestAdapterInit.js:857:11)
          at run (/Users/ryan/Library/Mobile Documents/com~apple~CloudDocs/Documents/VSCode/Tax-App-Frontend/node_modules/jest-circus/build/jestAdapterInit.js:761:3)
          at runAndTransformResultsToJestFormat (/Users/ryan/Library/Mobile Documents/com~apple~CloudDocs/Documents/VSCode/Tax-App-Frontend/node_modules/jest-circus/build/jestAdapterInit.js:1918:21)
          at jestAdapter (/Users/ryan/Library/Mobile Documents/com~apple~CloudDocs/Documents/VSCode/Tax-App-Frontend/node_modules/jest-circus/build/runner.js:101:19)
          at runTestInternal (/Users/ryan/Library/Mobile Documents/com~apple~CloudDocs/Documents/VSCode/Tax-App-Frontend/node_modules/jest-runner/build/testWorker.js:275:16)
          at runTest (/Users/ryan/Library/Mobile Documents/com~apple~CloudDocs/Documents/VSCode/Tax-App-Frontend/node_modules/jest-runner/build/testWorker.js:343:7)
          at Object.worker (/Users/ryan/Library/Mobile Documents/com~apple~CloudDocs/Documents/VSCode/Tax-App-Frontend/node_modules/jest-runner/build/testWorker.js:497:12) {
        detail: TypeError: Cannot read properties of undefined (reading 'state')
            at state (/Users/ryan/Library/Mobile Documents/com~apple~CloudDocs/Documents/VSCode/Tax-App-Frontend/src/components/LoginForm.tsx:93:15)
            at renderWithHooks (/Users/ryan/Library/Mobile Documents/com~apple~CloudDocs/Documents/VSCode/Tax-App-Frontend/node_modules/react-dom/cjs/react-dom.development.js:15486:18)
            at mountIndeterminateComponent (/Users/ryan/Library/Mobile Documents/com~apple~CloudDocs/Documents/VSCode/Tax-App-Frontend/node_modules/react-dom/cjs/react-dom.development.js:20103:13)
            at beginWork (/Users/ryan/Library/Mobile Documents/com~apple~CloudDocs/Documents/VSCode/Tax-App-Frontend/node_modules/react-dom/cjs/react-dom.development.js:21626:16)
            at HTMLUnknownElement.callCallback (/Users/ryan/Library/Mobile Documents/com~apple~CloudDocs/Documents/VSCode/Tax-App-Frontend/node_modules/react-dom/cjs/react-dom.development.js:4164:14)
            at HTMLUnknownElement.callTheUserObjectsOperation (/Users/ryan/Library/Mobile Documents/com~apple~CloudDocs/Documents/VSCode/Tax-App-Frontend/node_modules/jsdom/lib/jsdom/living/generated/EventListener.js:26:30)
            at innerInvokeEventListeners (/Users/ryan/Library/Mobile Documents/com~apple~CloudDocs/Documents/VSCode/Tax-App-Frontend/node_modules/jsdom/lib/jsdom/living/events/EventTarget-impl.js:350:25)
            at invokeEventListeners (/Users/ryan/Library/Mobile Documents/com~apple~CloudDocs/Documents/VSCode/Tax-App-Frontend/node_modules/jsdom/lib/jsdom/living/events/EventTarget-impl.js:286:3)
            at HTMLUnknownElementImpl._dispatch (/Users/ryan/Library/Mobile Documents/com~apple~CloudDocs/Documents/VSCode/Tax-App-Frontend/node_modules/jsdom/lib/jsdom/living/events/EventTarget-impl.js:233:9)
            at HTMLUnknownElementImpl.dispatchEvent (/Users/ryan/Library/Mobile Documents/com~apple~CloudDocs/Documents/VSCode/Tax-App-Frontend/node_modules/jsdom/lib/jsdom/living/events/EventTarget-impl.js:104:17)
            at HTMLUnknownElement.dispatchEvent (/Users/ryan/Library/Mobile Documents/com~apple~CloudDocs/Documents/VSCode/Tax-App-Frontend/node_modules/jsdom/lib/jsdom/living/generated/EventTarget.js:241:34)
            at Object.invokeGuardedCallbackDev (/Users/ryan/Library/Mobile Documents/com~apple~CloudDocs/Documents/VSCode/Tax-App-Frontend/node_modules/react-dom/cjs/react-dom.development.js:4213:16)
            at invokeGuardedCallback (/Users/ryan/Library/Mobile Documents/com~apple~CloudDocs/Documents/VSCode/Tax-App-Frontend/node_modules/react-dom/cjs/react-dom.development.js:4277:31)
            at beginWork$1 (/Users/ryan/Library/Mobile Documents/com~apple~CloudDocs/Documents/VSCode/Tax-App-Frontend/node_modules/react-dom/cjs/react-dom.development.js:27490:7)
            at performUnitOfWork (/Users/ryan/Library/Mobile Documents/com~apple~CloudDocs/Documents/VSCode/Tax-App-Frontend/node_modules/react-dom/cjs/react-dom.development.js:26599:12)
            at workLoopSync (/Users/ryan/Library/Mobile Documents/com~apple~CloudDocs/Documents/VSCode/Tax-App-Frontend/node_modules/react-dom/cjs/react-dom.development.js:26505:5)
            at renderRootSync (/Users/ryan/Library/Mobile Documents/com~apple~CloudDocs/Documents/VSCode/Tax-App-Frontend/node_modules/react-dom/cjs/react-dom.development.js:26473:7)
            at performConcurrentWorkOnRoot (/Users/ryan/Library/Mobile Documents/com~apple~CloudDocs/Documents/VSCode/Tax-App-Frontend/node_modules/react-dom/cjs/react-dom.development.js:25777:74)
            at flushActQueue (/Users/ryan/Library/Mobile Documents/com~apple~CloudDocs/Documents/VSCode/Tax-App-Frontend/node_modules/react/cjs/react.development.js:2667:24)
            at act (/Users/ryan/Library/Mobile Documents/com~apple~CloudDocs/Documents/VSCode/Tax-App-Frontend/node_modules/react/cjs/react.development.js:2582:11)
            at /Users/ryan/Library/Mobile Documents/com~apple~CloudDocs/Documents/VSCode/Tax-App-Frontend/node_modules/@testing-library/react/dist/act-compat.js:46:25
            at renderRoot (/Users/ryan/Library/Mobile Documents/com~apple~CloudDocs/Documents/VSCode/Tax-App-Frontend/node_modules/@testing-library/react/dist/pure.js:189:26)
            at render (/Users/ryan/Library/Mobile Documents/com~apple~CloudDocs/Documents/VSCode/Tax-App-Frontend/node_modules/@testing-library/react/dist/pure.js:291:10)
            at Object.<anonymous> (/Users/ryan/Library/Mobile Documents/com~apple~CloudDocs/Documents/VSCode/Tax-App-Frontend/src/app/login/responsive-layout.test.tsx:364:13)
            at Promise.finally.completed (/Users/ryan/Library/Mobile Documents/com~apple~CloudDocs/Documents/VSCode/Tax-App-Frontend/node_modules/jest-circus/build/jestAdapterInit.js:1557:28)
            at new Promise (<anonymous>)
            at callAsyncCircusFn (/Users/ryan/Library/Mobile Documents/com~apple~CloudDocs/Documents/VSCode/Tax-App-Frontend/node_modules/jest-circus/build/jestAdapterInit.js:1497:10)
            at _callCircusTest (/Users/ryan/Library/Mobile Documents/com~apple~CloudDocs/Documents/VSCode/Tax-App-Frontend/node_modules/jest-circus/build/jestAdapterInit.js:1007:40)
            at processTicksAndRejections (node:internal/process/task_queues:95:5)
            at _runTest (/Users/ryan/Library/Mobile Documents/com~apple~CloudDocs/Documents/VSCode/Tax-App-Frontend/node_modules/jest-circus/build/jestAdapterInit.js:947:3)
            at /Users/ryan/Library/Mobile Documents/com~apple~CloudDocs/Documents/VSCode/Tax-App-Frontend/node_modules/jest-circus/build/jestAdapterInit.js:849:7
            at _runTestsForDescribeBlock (/Users/ryan/Library/Mobile Documents/com~apple~CloudDocs/Documents/VSCode/Tax-App-Frontend/node_modules/jest-circus/build/jestAdapterInit.js:862:11)
            at _runTestsForDescribeBlock (/Users/ryan/Library/Mobile Documents/com~apple~CloudDocs/Documents/VSCode/Tax-App-Frontend/node_modules/jest-circus/build/jestAdapterInit.js:857:11)
            at _runTestsForDescribeBlock (/Users/ryan/Library/Mobile Documents/com~apple~CloudDocs/Documents/VSCode/Tax-App-Frontend/node_modules/jest-circus/build/jestAdapterInit.js:857:11)
            at run (/Users/ryan/Library/Mobile Documents/com~apple~CloudDocs/Documents/VSCode/Tax-App-Frontend/node_modules/jest-circus/build/jestAdapterInit.js:761:3)
            at runAndTransformResultsToJestFormat (/Users/ryan/Library/Mobile Documents/com~apple~CloudDocs/Documents/VSCode/Tax-App-Frontend/node_modules/jest-circus/build/jestAdapterInit.js:1918:21)
            at jestAdapter (/Users/ryan/Library/Mobile Documents/com~apple~CloudDocs/Documents/VSCode/Tax-App-Frontend/node_modules/jest-circus/build/runner.js:101:19)
            at runTestInternal (/Users/ryan/Library/Mobile Documents/com~apple~CloudDocs/Documents/VSCode/Tax-App-Frontend/node_modules/jest-runner/build/testWorker.js:275:16)
            at runTest (/Users/ryan/Library/Mobile Documents/com~apple~CloudDocs/Documents/VSCode/Tax-App-Frontend/node_modules/jest-runner/build/testWorker.js:343:7)
            at Object.worker (/Users/ryan/Library/Mobile Documents/com~apple~CloudDocs/Documents/VSCode/Tax-App-Frontend/node_modules/jest-runner/build/testWorker.js:497:12),
        type: 'unhandled exception'
      }

      362 |
      363 |     test('should wrap content in error boundary for error handling', () => {
    > 364 |       render(<LoginPageClient />);
          |             ^
      365 |
      366 |       const errorBoundary = screen.getByTestId('error-boundary');
      367 |       expect(errorBoundary).toBeInTheDocument();

      at VirtualConsole.<anonymous> (node_modules/@jest/environment-jsdom-abstract/build/index.js:87:23)
      at reportException (node_modules/jsdom/lib/jsdom/living/helpers/runtime-script-errors.js:70:28)
      at innerInvokeEventListeners (node_modules/jsdom/lib/jsdom/living/events/EventTarget-impl.js:353:9)
      at invokeEventListeners (node_modules/jsdom/lib/jsdom/living/events/EventTarget-impl.js:286:3)
      at HTMLUnknownElementImpl._dispatch (node_modules/jsdom/lib/jsdom/living/events/EventTarget-impl.js:233:9)
      at HTMLUnknownElementImpl.dispatchEvent (node_modules/jsdom/lib/jsdom/living/events/EventTarget-impl.js:104:17)
      at HTMLUnknownElement.dispatchEvent (node_modules/jsdom/lib/jsdom/living/generated/EventTarget.js:241:34)
      at Object.invokeGuardedCallbackDev (node_modules/react-dom/cjs/react-dom.development.js:4213:16)
      at invokeGuardedCallback (node_modules/react-dom/cjs/react-dom.development.js:4277:31)
      at beginWork$1 (node_modules/react-dom/cjs/react-dom.development.js:27490:7)
      at performUnitOfWork (node_modules/react-dom/cjs/react-dom.development.js:26599:12)
      at workLoopSync (node_modules/react-dom/cjs/react-dom.development.js:26505:5)
      at renderRootSync (node_modules/react-dom/cjs/react-dom.development.js:26473:7)
      at performConcurrentWorkOnRoot (node_modules/react-dom/cjs/react-dom.development.js:25777:74)
      at flushActQueue (node_modules/react/cjs/react.development.js:2667:24)
      at act (node_modules/react/cjs/react.development.js:2582:11)
      at node_modules/@testing-library/react/dist/act-compat.js:46:25
      at renderRoot (node_modules/@testing-library/react/dist/pure.js:189:26)
      at render (node_modules/@testing-library/react/dist/pure.js:291:10)
      at Object.<anonymous> (src/app/login/responsive-layout.test.tsx:364:13)

    console.error
      Error: Uncaught [TypeError: Cannot read properties of undefined (reading 'state')]
          at reportException (/Users/ryan/Library/Mobile Documents/com~apple~CloudDocs/Documents/VSCode/Tax-App-Frontend/node_modules/jsdom/lib/jsdom/living/helpers/runtime-script-errors.js:66:24)
          at innerInvokeEventListeners (/Users/ryan/Library/Mobile Documents/com~apple~CloudDocs/Documents/VSCode/Tax-App-Frontend/node_modules/jsdom/lib/jsdom/living/events/EventTarget-impl.js:353:9)
          at invokeEventListeners (/Users/ryan/Library/Mobile Documents/com~apple~CloudDocs/Documents/VSCode/Tax-App-Frontend/node_modules/jsdom/lib/jsdom/living/events/EventTarget-impl.js:286:3)
          at HTMLUnknownElementImpl._dispatch (/Users/ryan/Library/Mobile Documents/com~apple~CloudDocs/Documents/VSCode/Tax-App-Frontend/node_modules/jsdom/lib/jsdom/living/events/EventTarget-impl.js:233:9)
          at HTMLUnknownElementImpl.dispatchEvent (/Users/ryan/Library/Mobile Documents/com~apple~CloudDocs/Documents/VSCode/Tax-App-Frontend/node_modules/jsdom/lib/jsdom/living/events/EventTarget-impl.js:104:17)
          at HTMLUnknownElement.dispatchEvent (/Users/ryan/Library/Mobile Documents/com~apple~CloudDocs/Documents/VSCode/Tax-App-Frontend/node_modules/jsdom/lib/jsdom/living/generated/EventTarget.js:241:34)
          at Object.invokeGuardedCallbackDev (/Users/ryan/Library/Mobile Documents/com~apple~CloudDocs/Documents/VSCode/Tax-App-Frontend/node_modules/react-dom/cjs/react-dom.development.js:4213:16)
          at invokeGuardedCallback (/Users/ryan/Library/Mobile Documents/com~apple~CloudDocs/Documents/VSCode/Tax-App-Frontend/node_modules/react-dom/cjs/react-dom.development.js:4277:31)
          at beginWork$1 (/Users/ryan/Library/Mobile Documents/com~apple~CloudDocs/Documents/VSCode/Tax-App-Frontend/node_modules/react-dom/cjs/react-dom.development.js:27490:7)
          at performUnitOfWork (/Users/ryan/Library/Mobile Documents/com~apple~CloudDocs/Documents/VSCode/Tax-App-Frontend/node_modules/react-dom/cjs/react-dom.development.js:26599:12)
          at workLoopSync (/Users/ryan/Library/Mobile Documents/com~apple~CloudDocs/Documents/VSCode/Tax-App-Frontend/node_modules/react-dom/cjs/react-dom.development.js:26505:5)
          at renderRootSync (/Users/ryan/Library/Mobile Documents/com~apple~CloudDocs/Documents/VSCode/Tax-App-Frontend/node_modules/react-dom/cjs/react-dom.development.js:26473:7)
          at recoverFromConcurrentError (/Users/ryan/Library/Mobile Documents/com~apple~CloudDocs/Documents/VSCode/Tax-App-Frontend/node_modules/react-dom/cjs/react-dom.development.js:25889:20)
          at performConcurrentWorkOnRoot (/Users/ryan/Library/Mobile Documents/com~apple~CloudDocs/Documents/VSCode/Tax-App-Frontend/node_modules/react-dom/cjs/react-dom.development.js:25789:22)
          at flushActQueue (/Users/ryan/Library/Mobile Documents/com~apple~CloudDocs/Documents/VSCode/Tax-App-Frontend/node_modules/react/cjs/react.development.js:2667:24)
          at act (/Users/ryan/Library/Mobile Documents/com~apple~CloudDocs/Documents/VSCode/Tax-App-Frontend/node_modules/react/cjs/react.development.js:2582:11)
          at /Users/ryan/Library/Mobile Documents/com~apple~CloudDocs/Documents/VSCode/Tax-App-Frontend/node_modules/@testing-library/react/dist/act-compat.js:46:25
          at renderRoot (/Users/ryan/Library/Mobile Documents/com~apple~CloudDocs/Documents/VSCode/Tax-App-Frontend/node_modules/@testing-library/react/dist/pure.js:189:26)
          at render (/Users/ryan/Library/Mobile Documents/com~apple~CloudDocs/Documents/VSCode/Tax-App-Frontend/node_modules/@testing-library/react/dist/pure.js:291:10)
          at Object.<anonymous> (/Users/ryan/Library/Mobile Documents/com~apple~CloudDocs/Documents/VSCode/Tax-App-Frontend/src/app/login/responsive-layout.test.tsx:364:13)
          at Promise.finally.completed (/Users/ryan/Library/Mobile Documents/com~apple~CloudDocs/Documents/VSCode/Tax-App-Frontend/node_modules/jest-circus/build/jestAdapterInit.js:1557:28)
          at new Promise (<anonymous>)
          at callAsyncCircusFn (/Users/ryan/Library/Mobile Documents/com~apple~CloudDocs/Documents/VSCode/Tax-App-Frontend/node_modules/jest-circus/build/jestAdapterInit.js:1497:10)
          at _callCircusTest (/Users/ryan/Library/Mobile Documents/com~apple~CloudDocs/Documents/VSCode/Tax-App-Frontend/node_modules/jest-circus/build/jestAdapterInit.js:1007:40)
          at processTicksAndRejections (node:internal/process/task_queues:95:5)
          at _runTest (/Users/ryan/Library/Mobile Documents/com~apple~CloudDocs/Documents/VSCode/Tax-App-Frontend/node_modules/jest-circus/build/jestAdapterInit.js:947:3)
          at /Users/ryan/Library/Mobile Documents/com~apple~CloudDocs/Documents/VSCode/Tax-App-Frontend/node_modules/jest-circus/build/jestAdapterInit.js:849:7
          at _runTestsForDescribeBlock (/Users/ryan/Library/Mobile Documents/com~apple~CloudDocs/Documents/VSCode/Tax-App-Frontend/node_modules/jest-circus/build/jestAdapterInit.js:862:11)
          at _runTestsForDescribeBlock (/Users/ryan/Library/Mobile Documents/com~apple~CloudDocs/Documents/VSCode/Tax-App-Frontend/node_modules/jest-circus/build/jestAdapterInit.js:857:11)
          at _runTestsForDescribeBlock (/Users/ryan/Library/Mobile Documents/com~apple~CloudDocs/Documents/VSCode/Tax-App-Frontend/node_modules/jest-circus/build/jestAdapterInit.js:857:11)
          at run (/Users/ryan/Library/Mobile Documents/com~apple~CloudDocs/Documents/VSCode/Tax-App-Frontend/node_modules/jest-circus/build/jestAdapterInit.js:761:3)
          at runAndTransformResultsToJestFormat (/Users/ryan/Library/Mobile Documents/com~apple~CloudDocs/Documents/VSCode/Tax-App-Frontend/node_modules/jest-circus/build/jestAdapterInit.js:1918:21)
          at jestAdapter (/Users/ryan/Library/Mobile Documents/com~apple~CloudDocs/Documents/VSCode/Tax-App-Frontend/node_modules/jest-circus/build/runner.js:101:19)
          at runTestInternal (/Users/ryan/Library/Mobile Documents/com~apple~CloudDocs/Documents/VSCode/Tax-App-Frontend/node_modules/jest-runner/build/testWorker.js:275:16)
          at runTest (/Users/ryan/Library/Mobile Documents/com~apple~CloudDocs/Documents/VSCode/Tax-App-Frontend/node_modules/jest-runner/build/testWorker.js:343:7)
          at Object.worker (/Users/ryan/Library/Mobile Documents/com~apple~CloudDocs/Documents/VSCode/Tax-App-Frontend/node_modules/jest-runner/build/testWorker.js:497:12) {
        detail: TypeError: Cannot read properties of undefined (reading 'state')
            at state (/Users/ryan/Library/Mobile Documents/com~apple~CloudDocs/Documents/VSCode/Tax-App-Frontend/src/components/LoginForm.tsx:93:15)
            at renderWithHooks (/Users/ryan/Library/Mobile Documents/com~apple~CloudDocs/Documents/VSCode/Tax-App-Frontend/node_modules/react-dom/cjs/react-dom.development.js:15486:18)
            at mountIndeterminateComponent (/Users/ryan/Library/Mobile Documents/com~apple~CloudDocs/Documents/VSCode/Tax-App-Frontend/node_modules/react-dom/cjs/react-dom.development.js:20103:13)
            at beginWork (/Users/ryan/Library/Mobile Documents/com~apple~CloudDocs/Documents/VSCode/Tax-App-Frontend/node_modules/react-dom/cjs/react-dom.development.js:21626:16)
            at HTMLUnknownElement.callCallback (/Users/ryan/Library/Mobile Documents/com~apple~CloudDocs/Documents/VSCode/Tax-App-Frontend/node_modules/react-dom/cjs/react-dom.development.js:4164:14)
            at HTMLUnknownElement.callTheUserObjectsOperation (/Users/ryan/Library/Mobile Documents/com~apple~CloudDocs/Documents/VSCode/Tax-App-Frontend/node_modules/jsdom/lib/jsdom/living/generated/EventListener.js:26:30)
            at innerInvokeEventListeners (/Users/ryan/Library/Mobile Documents/com~apple~CloudDocs/Documents/VSCode/Tax-App-Frontend/node_modules/jsdom/lib/jsdom/living/events/EventTarget-impl.js:350:25)
            at invokeEventListeners (/Users/ryan/Library/Mobile Documents/com~apple~CloudDocs/Documents/VSCode/Tax-App-Frontend/node_modules/jsdom/lib/jsdom/living/events/EventTarget-impl.js:286:3)
            at HTMLUnknownElementImpl._dispatch (/Users/ryan/Library/Mobile Documents/com~apple~CloudDocs/Documents/VSCode/Tax-App-Frontend/node_modules/jsdom/lib/jsdom/living/events/EventTarget-impl.js:233:9)
            at HTMLUnknownElementImpl.dispatchEvent (/Users/ryan/Library/Mobile Documents/com~apple~CloudDocs/Documents/VSCode/Tax-App-Frontend/node_modules/jsdom/lib/jsdom/living/events/EventTarget-impl.js:104:17)
            at HTMLUnknownElement.dispatchEvent (/Users/ryan/Library/Mobile Documents/com~apple~CloudDocs/Documents/VSCode/Tax-App-Frontend/node_modules/jsdom/lib/jsdom/living/generated/EventTarget.js:241:34)
            at Object.invokeGuardedCallbackDev (/Users/ryan/Library/Mobile Documents/com~apple~CloudDocs/Documents/VSCode/Tax-App-Frontend/node_modules/react-dom/cjs/react-dom.development.js:4213:16)
            at invokeGuardedCallback (/Users/ryan/Library/Mobile Documents/com~apple~CloudDocs/Documents/VSCode/Tax-App-Frontend/node_modules/react-dom/cjs/react-dom.development.js:4277:31)
            at beginWork$1 (/Users/ryan/Library/Mobile Documents/com~apple~CloudDocs/Documents/VSCode/Tax-App-Frontend/node_modules/react-dom/cjs/react-dom.development.js:27490:7)
            at performUnitOfWork (/Users/ryan/Library/Mobile Documents/com~apple~CloudDocs/Documents/VSCode/Tax-App-Frontend/node_modules/react-dom/cjs/react-dom.development.js:26599:12)
            at workLoopSync (/Users/ryan/Library/Mobile Documents/com~apple~CloudDocs/Documents/VSCode/Tax-App-Frontend/node_modules/react-dom/cjs/react-dom.development.js:26505:5)
            at renderRootSync (/Users/ryan/Library/Mobile Documents/com~apple~CloudDocs/Documents/VSCode/Tax-App-Frontend/node_modules/react-dom/cjs/react-dom.development.js:26473:7)
            at recoverFromConcurrentError (/Users/ryan/Library/Mobile Documents/com~apple~CloudDocs/Documents/VSCode/Tax-App-Frontend/node_modules/react-dom/cjs/react-dom.development.js:25889:20)
            at performConcurrentWorkOnRoot (/Users/ryan/Library/Mobile Documents/com~apple~CloudDocs/Documents/VSCode/Tax-App-Frontend/node_modules/react-dom/cjs/react-dom.development.js:25789:22)
            at flushActQueue (/Users/ryan/Library/Mobile Documents/com~apple~CloudDocs/Documents/VSCode/Tax-App-Frontend/node_modules/react/cjs/react.development.js:2667:24)
            at act (/Users/ryan/Library/Mobile Documents/com~apple~CloudDocs/Documents/VSCode/Tax-App-Frontend/node_modules/react/cjs/react.development.js:2582:11)
            at /Users/ryan/Library/Mobile Documents/com~apple~CloudDocs/Documents/VSCode/Tax-App-Frontend/node_modules/@testing-library/react/dist/act-compat.js:46:25
            at renderRoot (/Users/ryan/Library/Mobile Documents/com~apple~CloudDocs/Documents/VSCode/Tax-App-Frontend/node_modules/@testing-library/react/dist/pure.js:189:26)
            at render (/Users/ryan/Library/Mobile Documents/com~apple~CloudDocs/Documents/VSCode/Tax-App-Frontend/node_modules/@testing-library/react/dist/pure.js:291:10)
            at Object.<anonymous> (/Users/ryan/Library/Mobile Documents/com~apple~CloudDocs/Documents/VSCode/Tax-App-Frontend/src/app/login/responsive-layout.test.tsx:364:13)
            at Promise.finally.completed (/Users/ryan/Library/Mobile Documents/com~apple~CloudDocs/Documents/VSCode/Tax-App-Frontend/node_modules/jest-circus/build/jestAdapterInit.js:1557:28)
            at new Promise (<anonymous>)
            at callAsyncCircusFn (/Users/ryan/Library/Mobile Documents/com~apple~CloudDocs/Documents/VSCode/Tax-App-Frontend/node_modules/jest-circus/build/jestAdapterInit.js:1497:10)
            at _callCircusTest (/Users/ryan/Library/Mobile Documents/com~apple~CloudDocs/Documents/VSCode/Tax-App-Frontend/node_modules/jest-circus/build/jestAdapterInit.js:1007:40)
            at processTicksAndRejections (node:internal/process/task_queues:95:5)
            at _runTest (/Users/ryan/Library/Mobile Documents/com~apple~CloudDocs/Documents/VSCode/Tax-App-Frontend/node_modules/jest-circus/build/jestAdapterInit.js:947:3)
            at /Users/ryan/Library/Mobile Documents/com~apple~CloudDocs/Documents/VSCode/Tax-App-Frontend/node_modules/jest-circus/build/jestAdapterInit.js:849:7
            at _runTestsForDescribeBlock (/Users/ryan/Library/Mobile Documents/com~apple~CloudDocs/Documents/VSCode/Tax-App-Frontend/node_modules/jest-circus/build/jestAdapterInit.js:862:11)
            at _runTestsForDescribeBlock (/Users/ryan/Library/Mobile Documents/com~apple~CloudDocs/Documents/VSCode/Tax-App-Frontend/node_modules/jest-circus/build/jestAdapterInit.js:857:11)
            at _runTestsForDescribeBlock (/Users/ryan/Library/Mobile Documents/com~apple~CloudDocs/Documents/VSCode/Tax-App-Frontend/node_modules/jest-circus/build/jestAdapterInit.js:857:11)
            at run (/Users/ryan/Library/Mobile Documents/com~apple~CloudDocs/Documents/VSCode/Tax-App-Frontend/node_modules/jest-circus/build/jestAdapterInit.js:761:3)
            at runAndTransformResultsToJestFormat (/Users/ryan/Library/Mobile Documents/com~apple~CloudDocs/Documents/VSCode/Tax-App-Frontend/node_modules/jest-circus/build/jestAdapterInit.js:1918:21)
            at jestAdapter (/Users/ryan/Library/Mobile Documents/com~apple~CloudDocs/Documents/VSCode/Tax-App-Frontend/node_modules/jest-circus/build/runner.js:101:19)
            at runTestInternal (/Users/ryan/Library/Mobile Documents/com~apple~CloudDocs/Documents/VSCode/Tax-App-Frontend/node_modules/jest-runner/build/testWorker.js:275:16)
            at runTest (/Users/ryan/Library/Mobile Documents/com~apple~CloudDocs/Documents/VSCode/Tax-App-Frontend/node_modules/jest-runner/build/testWorker.js:343:7)
            at Object.worker (/Users/ryan/Library/Mobile Documents/com~apple~CloudDocs/Documents/VSCode/Tax-App-Frontend/node_modules/jest-runner/build/testWorker.js:497:12),
        type: 'unhandled exception'
      }

      362 |
      363 |     test('should wrap content in error boundary for error handling', () => {
    > 364 |       render(<LoginPageClient />);
          |             ^
      365 |
      366 |       const errorBoundary = screen.getByTestId('error-boundary');
      367 |       expect(errorBoundary).toBeInTheDocument();

      at VirtualConsole.<anonymous> (node_modules/@jest/environment-jsdom-abstract/build/index.js:87:23)
      at reportException (node_modules/jsdom/lib/jsdom/living/helpers/runtime-script-errors.js:70:28)
      at innerInvokeEventListeners (node_modules/jsdom/lib/jsdom/living/events/EventTarget-impl.js:353:9)
      at invokeEventListeners (node_modules/jsdom/lib/jsdom/living/events/EventTarget-impl.js:286:3)
      at HTMLUnknownElementImpl._dispatch (node_modules/jsdom/lib/jsdom/living/events/EventTarget-impl.js:233:9)
      at HTMLUnknownElementImpl.dispatchEvent (node_modules/jsdom/lib/jsdom/living/events/EventTarget-impl.js:104:17)
      at HTMLUnknownElement.dispatchEvent (node_modules/jsdom/lib/jsdom/living/generated/EventTarget.js:241:34)
      at Object.invokeGuardedCallbackDev (node_modules/react-dom/cjs/react-dom.development.js:4213:16)
      at invokeGuardedCallback (node_modules/react-dom/cjs/react-dom.development.js:4277:31)
      at beginWork$1 (node_modules/react-dom/cjs/react-dom.development.js:27490:7)
      at performUnitOfWork (node_modules/react-dom/cjs/react-dom.development.js:26599:12)
      at workLoopSync (node_modules/react-dom/cjs/react-dom.development.js:26505:5)
      at renderRootSync (node_modules/react-dom/cjs/react-dom.development.js:26473:7)
      at recoverFromConcurrentError (node_modules/react-dom/cjs/react-dom.development.js:25889:20)
      at performConcurrentWorkOnRoot (node_modules/react-dom/cjs/react-dom.development.js:25789:22)
      at flushActQueue (node_modules/react/cjs/react.development.js:2667:24)
      at act (node_modules/react/cjs/react.development.js:2582:11)
      at node_modules/@testing-library/react/dist/act-compat.js:46:25
      at renderRoot (node_modules/@testing-library/react/dist/pure.js:189:26)
      at render (node_modules/@testing-library/react/dist/pure.js:291:10)
      at Object.<anonymous> (src/app/login/responsive-layout.test.tsx:364:13)

    console.error
      The above error occurred in the <LoginForm> component:
      
          at className (/Users/ryan/Library/Mobile Documents/com~apple~CloudDocs/Documents/VSCode/Tax-App-Frontend/src/components/LoginForm.tsx:45:29)
          at div
          at children (/Users/ryan/Library/Mobile Documents/com~apple~CloudDocs/Documents/VSCode/Tax-App-Frontend/src/app/login/responsive-layout.test.tsx:62:19)
          at div
          at children (/Users/ryan/Library/Mobile Documents/com~apple~CloudDocs/Documents/VSCode/Tax-App-Frontend/src/app/login/responsive-layout.test.tsx:52:12)
          at div
          at div
          at div
          at children (/Users/ryan/Library/Mobile Documents/com~apple~CloudDocs/Documents/VSCode/Tax-App-Frontend/src/app/login/responsive-layout.test.tsx:47:21)
          at callbackUrl (/Users/ryan/Library/Mobile Documents/com~apple~CloudDocs/Documents/VSCode/Tax-App-Frontend/src/app/login/LoginPageClient.tsx:49:43)
      
      Consider adding an error boundary to your tree to customize error handling behavior.
      Visit https://reactjs.org/link/error-boundaries to learn more about error boundaries.

      362 |
      363 |     test('should wrap content in error boundary for error handling', () => {
    > 364 |       render(<LoginPageClient />);
          |             ^
      365 |
      366 |       const errorBoundary = screen.getByTestId('error-boundary');
      367 |       expect(errorBoundary).toBeInTheDocument();

      at logCapturedError (node_modules/react-dom/cjs/react-dom.development.js:18704:23)
      at update.callback (node_modules/react-dom/cjs/react-dom.development.js:18737:5)
      at callCallback (node_modules/react-dom/cjs/react-dom.development.js:15036:12)
      at commitUpdateQueue (node_modules/react-dom/cjs/react-dom.development.js:15057:9)
      at commitLayoutEffectOnFiber (node_modules/react-dom/cjs/react-dom.development.js:23430:13)
      at commitLayoutMountEffects_complete (node_modules/react-dom/cjs/react-dom.development.js:24727:9)
      at commitLayoutEffects_begin (node_modules/react-dom/cjs/react-dom.development.js:24713:7)
      at commitLayoutEffects (node_modules/react-dom/cjs/react-dom.development.js:24651:3)
      at commitRootImpl (node_modules/react-dom/cjs/react-dom.development.js:26862:5)
      at commitRoot (node_modules/react-dom/cjs/react-dom.development.js:26721:5)
      at finishConcurrentRender (node_modules/react-dom/cjs/react-dom.development.js:25931:9)
      at performConcurrentWorkOnRoot (node_modules/react-dom/cjs/react-dom.development.js:25848:7)
      at flushActQueue (node_modules/react/cjs/react.development.js:2667:24)
      at act (node_modules/react/cjs/react.development.js:2582:11)
      at node_modules/@testing-library/react/dist/act-compat.js:46:25
      at renderRoot (node_modules/@testing-library/react/dist/pure.js:189:26)
      at render (node_modules/@testing-library/react/dist/pure.js:291:10)
      at Object.<anonymous> (src/app/login/responsive-layout.test.tsx:364:13)

    console.error
      Error: Uncaught [TypeError: Cannot read properties of undefined (reading 'state')]
          at reportException (/Users/ryan/Library/Mobile Documents/com~apple~CloudDocs/Documents/VSCode/Tax-App-Frontend/node_modules/jsdom/lib/jsdom/living/helpers/runtime-script-errors.js:66:24)
          at innerInvokeEventListeners (/Users/ryan/Library/Mobile Documents/com~apple~CloudDocs/Documents/VSCode/Tax-App-Frontend/node_modules/jsdom/lib/jsdom/living/events/EventTarget-impl.js:353:9)
          at invokeEventListeners (/Users/ryan/Library/Mobile Documents/com~apple~CloudDocs/Documents/VSCode/Tax-App-Frontend/node_modules/jsdom/lib/jsdom/living/events/EventTarget-impl.js:286:3)
          at HTMLUnknownElementImpl._dispatch (/Users/ryan/Library/Mobile Documents/com~apple~CloudDocs/Documents/VSCode/Tax-App-Frontend/node_modules/jsdom/lib/jsdom/living/events/EventTarget-impl.js:233:9)
          at HTMLUnknownElementImpl.dispatchEvent (/Users/ryan/Library/Mobile Documents/com~apple~CloudDocs/Documents/VSCode/Tax-App-Frontend/node_modules/jsdom/lib/jsdom/living/events/EventTarget-impl.js:104:17)
          at HTMLUnknownElement.dispatchEvent (/Users/ryan/Library/Mobile Documents/com~apple~CloudDocs/Documents/VSCode/Tax-App-Frontend/node_modules/jsdom/lib/jsdom/living/generated/EventTarget.js:241:34)
          at Object.invokeGuardedCallbackDev (/Users/ryan/Library/Mobile Documents/com~apple~CloudDocs/Documents/VSCode/Tax-App-Frontend/node_modules/react-dom/cjs/react-dom.development.js:4213:16)
          at invokeGuardedCallback (/Users/ryan/Library/Mobile Documents/com~apple~CloudDocs/Documents/VSCode/Tax-App-Frontend/node_modules/react-dom/cjs/react-dom.development.js:4277:31)
          at beginWork$1 (/Users/ryan/Library/Mobile Documents/com~apple~CloudDocs/Documents/VSCode/Tax-App-Frontend/node_modules/react-dom/cjs/react-dom.development.js:27490:7)
          at performUnitOfWork (/Users/ryan/Library/Mobile Documents/com~apple~CloudDocs/Documents/VSCode/Tax-App-Frontend/node_modules/react-dom/cjs/react-dom.development.js:26599:12)
          at workLoopSync (/Users/ryan/Library/Mobile Documents/com~apple~CloudDocs/Documents/VSCode/Tax-App-Frontend/node_modules/react-dom/cjs/react-dom.development.js:26505:5)
          at renderRootSync (/Users/ryan/Library/Mobile Documents/com~apple~CloudDocs/Documents/VSCode/Tax-App-Frontend/node_modules/react-dom/cjs/react-dom.development.js:26473:7)
          at performConcurrentWorkOnRoot (/Users/ryan/Library/Mobile Documents/com~apple~CloudDocs/Documents/VSCode/Tax-App-Frontend/node_modules/react-dom/cjs/react-dom.development.js:25777:74)
          at flushActQueue (/Users/ryan/Library/Mobile Documents/com~apple~CloudDocs/Documents/VSCode/Tax-App-Frontend/node_modules/react/cjs/react.development.js:2667:24)
          at act (/Users/ryan/Library/Mobile Documents/com~apple~CloudDocs/Documents/VSCode/Tax-App-Frontend/node_modules/react/cjs/react.development.js:2582:11)
          at /Users/ryan/Library/Mobile Documents/com~apple~CloudDocs/Documents/VSCode/Tax-App-Frontend/node_modules/@testing-library/react/dist/act-compat.js:46:25
          at renderRoot (/Users/ryan/Library/Mobile Documents/com~apple~CloudDocs/Documents/VSCode/Tax-App-Frontend/node_modules/@testing-library/react/dist/pure.js:189:26)
          at render (/Users/ryan/Library/Mobile Documents/com~apple~CloudDocs/Documents/VSCode/Tax-App-Frontend/node_modules/@testing-library/react/dist/pure.js:291:10)
          at Object.<anonymous> (/Users/ryan/Library/Mobile Documents/com~apple~CloudDocs/Documents/VSCode/Tax-App-Frontend/src/app/login/responsive-layout.test.tsx:371:13)
          at Promise.finally.completed (/Users/ryan/Library/Mobile Documents/com~apple~CloudDocs/Documents/VSCode/Tax-App-Frontend/node_modules/jest-circus/build/jestAdapterInit.js:1557:28)
          at new Promise (<anonymous>)
          at callAsyncCircusFn (/Users/ryan/Library/Mobile Documents/com~apple~CloudDocs/Documents/VSCode/Tax-App-Frontend/node_modules/jest-circus/build/jestAdapterInit.js:1497:10)
          at _callCircusTest (/Users/ryan/Library/Mobile Documents/com~apple~CloudDocs/Documents/VSCode/Tax-App-Frontend/node_modules/jest-circus/build/jestAdapterInit.js:1007:40)
          at processTicksAndRejections (node:internal/process/task_queues:95:5)
          at _runTest (/Users/ryan/Library/Mobile Documents/com~apple~CloudDocs/Documents/VSCode/Tax-App-Frontend/node_modules/jest-circus/build/jestAdapterInit.js:947:3)
          at /Users/ryan/Library/Mobile Documents/com~apple~CloudDocs/Documents/VSCode/Tax-App-Frontend/node_modules/jest-circus/build/jestAdapterInit.js:849:7
          at _runTestsForDescribeBlock (/Users/ryan/Library/Mobile Documents/com~apple~CloudDocs/Documents/VSCode/Tax-App-Frontend/node_modules/jest-circus/build/jestAdapterInit.js:862:11)
          at _runTestsForDescribeBlock (/Users/ryan/Library/Mobile Documents/com~apple~CloudDocs/Documents/VSCode/Tax-App-Frontend/node_modules/jest-circus/build/jestAdapterInit.js:857:11)
          at _runTestsForDescribeBlock (/Users/ryan/Library/Mobile Documents/com~apple~CloudDocs/Documents/VSCode/Tax-App-Frontend/node_modules/jest-circus/build/jestAdapterInit.js:857:11)
          at run (/Users/ryan/Library/Mobile Documents/com~apple~CloudDocs/Documents/VSCode/Tax-App-Frontend/node_modules/jest-circus/build/jestAdapterInit.js:761:3)
          at runAndTransformResultsToJestFormat (/Users/ryan/Library/Mobile Documents/com~apple~CloudDocs/Documents/VSCode/Tax-App-Frontend/node_modules/jest-circus/build/jestAdapterInit.js:1918:21)
          at jestAdapter (/Users/ryan/Library/Mobile Documents/com~apple~CloudDocs/Documents/VSCode/Tax-App-Frontend/node_modules/jest-circus/build/runner.js:101:19)
          at runTestInternal (/Users/ryan/Library/Mobile Documents/com~apple~CloudDocs/Documents/VSCode/Tax-App-Frontend/node_modules/jest-runner/build/testWorker.js:275:16)
          at runTest (/Users/ryan/Library/Mobile Documents/com~apple~CloudDocs/Documents/VSCode/Tax-App-Frontend/node_modules/jest-runner/build/testWorker.js:343:7)
          at Object.worker (/Users/ryan/Library/Mobile Documents/com~apple~CloudDocs/Documents/VSCode/Tax-App-Frontend/node_modules/jest-runner/build/testWorker.js:497:12) {
        detail: TypeError: Cannot read properties of undefined (reading 'state')
            at state (/Users/ryan/Library/Mobile Documents/com~apple~CloudDocs/Documents/VSCode/Tax-App-Frontend/src/components/LoginForm.tsx:93:15)
            at renderWithHooks (/Users/ryan/Library/Mobile Documents/com~apple~CloudDocs/Documents/VSCode/Tax-App-Frontend/node_modules/react-dom/cjs/react-dom.development.js:15486:18)
            at mountIndeterminateComponent (/Users/ryan/Library/Mobile Documents/com~apple~CloudDocs/Documents/VSCode/Tax-App-Frontend/node_modules/react-dom/cjs/react-dom.development.js:20103:13)
            at beginWork (/Users/ryan/Library/Mobile Documents/com~apple~CloudDocs/Documents/VSCode/Tax-App-Frontend/node_modules/react-dom/cjs/react-dom.development.js:21626:16)
            at HTMLUnknownElement.callCallback (/Users/ryan/Library/Mobile Documents/com~apple~CloudDocs/Documents/VSCode/Tax-App-Frontend/node_modules/react-dom/cjs/react-dom.development.js:4164:14)
            at HTMLUnknownElement.callTheUserObjectsOperation (/Users/ryan/Library/Mobile Documents/com~apple~CloudDocs/Documents/VSCode/Tax-App-Frontend/node_modules/jsdom/lib/jsdom/living/generated/EventListener.js:26:30)
            at innerInvokeEventListeners (/Users/ryan/Library/Mobile Documents/com~apple~CloudDocs/Documents/VSCode/Tax-App-Frontend/node_modules/jsdom/lib/jsdom/living/events/EventTarget-impl.js:350:25)
            at invokeEventListeners (/Users/ryan/Library/Mobile Documents/com~apple~CloudDocs/Documents/VSCode/Tax-App-Frontend/node_modules/jsdom/lib/jsdom/living/events/EventTarget-impl.js:286:3)
            at HTMLUnknownElementImpl._dispatch (/Users/ryan/Library/Mobile Documents/com~apple~CloudDocs/Documents/VSCode/Tax-App-Frontend/node_modules/jsdom/lib/jsdom/living/events/EventTarget-impl.js:233:9)
            at HTMLUnknownElementImpl.dispatchEvent (/Users/ryan/Library/Mobile Documents/com~apple~CloudDocs/Documents/VSCode/Tax-App-Frontend/node_modules/jsdom/lib/jsdom/living/events/EventTarget-impl.js:104:17)
            at HTMLUnknownElement.dispatchEvent (/Users/ryan/Library/Mobile Documents/com~apple~CloudDocs/Documents/VSCode/Tax-App-Frontend/node_modules/jsdom/lib/jsdom/living/generated/EventTarget.js:241:34)
            at Object.invokeGuardedCallbackDev (/Users/ryan/Library/Mobile Documents/com~apple~CloudDocs/Documents/VSCode/Tax-App-Frontend/node_modules/react-dom/cjs/react-dom.development.js:4213:16)
            at invokeGuardedCallback (/Users/ryan/Library/Mobile Documents/com~apple~CloudDocs/Documents/VSCode/Tax-App-Frontend/node_modules/react-dom/cjs/react-dom.development.js:4277:31)
            at beginWork$1 (/Users/ryan/Library/Mobile Documents/com~apple~CloudDocs/Documents/VSCode/Tax-App-Frontend/node_modules/react-dom/cjs/react-dom.development.js:27490:7)
            at performUnitOfWork (/Users/ryan/Library/Mobile Documents/com~apple~CloudDocs/Documents/VSCode/Tax-App-Frontend/node_modules/react-dom/cjs/react-dom.development.js:26599:12)
            at workLoopSync (/Users/ryan/Library/Mobile Documents/com~apple~CloudDocs/Documents/VSCode/Tax-App-Frontend/node_modules/react-dom/cjs/react-dom.development.js:26505:5)
            at renderRootSync (/Users/ryan/Library/Mobile Documents/com~apple~CloudDocs/Documents/VSCode/Tax-App-Frontend/node_modules/react-dom/cjs/react-dom.development.js:26473:7)
            at performConcurrentWorkOnRoot (/Users/ryan/Library/Mobile Documents/com~apple~CloudDocs/Documents/VSCode/Tax-App-Frontend/node_modules/react-dom/cjs/react-dom.development.js:25777:74)
            at flushActQueue (/Users/ryan/Library/Mobile Documents/com~apple~CloudDocs/Documents/VSCode/Tax-App-Frontend/node_modules/react/cjs/react.development.js:2667:24)
            at act (/Users/ryan/Library/Mobile Documents/com~apple~CloudDocs/Documents/VSCode/Tax-App-Frontend/node_modules/react/cjs/react.development.js:2582:11)
            at /Users/ryan/Library/Mobile Documents/com~apple~CloudDocs/Documents/VSCode/Tax-App-Frontend/node_modules/@testing-library/react/dist/act-compat.js:46:25
            at renderRoot (/Users/ryan/Library/Mobile Documents/com~apple~CloudDocs/Documents/VSCode/Tax-App-Frontend/node_modules/@testing-library/react/dist/pure.js:189:26)
            at render (/Users/ryan/Library/Mobile Documents/com~apple~CloudDocs/Documents/VSCode/Tax-App-Frontend/node_modules/@testing-library/react/dist/pure.js:291:10)
            at Object.<anonymous> (/Users/ryan/Library/Mobile Documents/com~apple~CloudDocs/Documents/VSCode/Tax-App-Frontend/src/app/login/responsive-layout.test.tsx:371:13)
            at Promise.finally.completed (/Users/ryan/Library/Mobile Documents/com~apple~CloudDocs/Documents/VSCode/Tax-App-Frontend/node_modules/jest-circus/build/jestAdapterInit.js:1557:28)
            at new Promise (<anonymous>)
            at callAsyncCircusFn (/Users/ryan/Library/Mobile Documents/com~apple~CloudDocs/Documents/VSCode/Tax-App-Frontend/node_modules/jest-circus/build/jestAdapterInit.js:1497:10)
            at _callCircusTest (/Users/ryan/Library/Mobile Documents/com~apple~CloudDocs/Documents/VSCode/Tax-App-Frontend/node_modules/jest-circus/build/jestAdapterInit.js:1007:40)
            at processTicksAndRejections (node:internal/process/task_queues:95:5)
            at _runTest (/Users/ryan/Library/Mobile Documents/com~apple~CloudDocs/Documents/VSCode/Tax-App-Frontend/node_modules/jest-circus/build/jestAdapterInit.js:947:3)
            at /Users/ryan/Library/Mobile Documents/com~apple~CloudDocs/Documents/VSCode/Tax-App-Frontend/node_modules/jest-circus/build/jestAdapterInit.js:849:7
            at _runTestsForDescribeBlock (/Users/ryan/Library/Mobile Documents/com~apple~CloudDocs/Documents/VSCode/Tax-App-Frontend/node_modules/jest-circus/build/jestAdapterInit.js:862:11)
            at _runTestsForDescribeBlock (/Users/ryan/Library/Mobile Documents/com~apple~CloudDocs/Documents/VSCode/Tax-App-Frontend/node_modules/jest-circus/build/jestAdapterInit.js:857:11)
            at _runTestsForDescribeBlock (/Users/ryan/Library/Mobile Documents/com~apple~CloudDocs/Documents/VSCode/Tax-App-Frontend/node_modules/jest-circus/build/jestAdapterInit.js:857:11)
            at run (/Users/ryan/Library/Mobile Documents/com~apple~CloudDocs/Documents/VSCode/Tax-App-Frontend/node_modules/jest-circus/build/jestAdapterInit.js:761:3)
            at runAndTransformResultsToJestFormat (/Users/ryan/Library/Mobile Documents/com~apple~CloudDocs/Documents/VSCode/Tax-App-Frontend/node_modules/jest-circus/build/jestAdapterInit.js:1918:21)
            at jestAdapter (/Users/ryan/Library/Mobile Documents/com~apple~CloudDocs/Documents/VSCode/Tax-App-Frontend/node_modules/jest-circus/build/runner.js:101:19)
            at runTestInternal (/Users/ryan/Library/Mobile Documents/com~apple~CloudDocs/Documents/VSCode/Tax-App-Frontend/node_modules/jest-runner/build/testWorker.js:275:16)
            at runTest (/Users/ryan/Library/Mobile Documents/com~apple~CloudDocs/Documents/VSCode/Tax-App-Frontend/node_modules/jest-runner/build/testWorker.js:343:7)
            at Object.worker (/Users/ryan/Library/Mobile Documents/com~apple~CloudDocs/Documents/VSCode/Tax-App-Frontend/node_modules/jest-runner/build/testWorker.js:497:12),
        type: 'unhandled exception'
      }

      369 |
      370 |     test('should provide signup link for new users', () => {
    > 371 |       render(<LoginPageClient />);
          |             ^
      372 |
      373 |       const signupLink = screen.getByRole('link', { name: /sign up/i });
      374 |       expect(signupLink).toBeInTheDocument();

      at VirtualConsole.<anonymous> (node_modules/@jest/environment-jsdom-abstract/build/index.js:87:23)
      at reportException (node_modules/jsdom/lib/jsdom/living/helpers/runtime-script-errors.js:70:28)
      at innerInvokeEventListeners (node_modules/jsdom/lib/jsdom/living/events/EventTarget-impl.js:353:9)
      at invokeEventListeners (node_modules/jsdom/lib/jsdom/living/events/EventTarget-impl.js:286:3)
      at HTMLUnknownElementImpl._dispatch (node_modules/jsdom/lib/jsdom/living/events/EventTarget-impl.js:233:9)
      at HTMLUnknownElementImpl.dispatchEvent (node_modules/jsdom/lib/jsdom/living/events/EventTarget-impl.js:104:17)
      at HTMLUnknownElement.dispatchEvent (node_modules/jsdom/lib/jsdom/living/generated/EventTarget.js:241:34)
      at Object.invokeGuardedCallbackDev (node_modules/react-dom/cjs/react-dom.development.js:4213:16)
      at invokeGuardedCallback (node_modules/react-dom/cjs/react-dom.development.js:4277:31)
      at beginWork$1 (node_modules/react-dom/cjs/react-dom.development.js:27490:7)
      at performUnitOfWork (node_modules/react-dom/cjs/react-dom.development.js:26599:12)
      at workLoopSync (node_modules/react-dom/cjs/react-dom.development.js:26505:5)
      at renderRootSync (node_modules/react-dom/cjs/react-dom.development.js:26473:7)
      at performConcurrentWorkOnRoot (node_modules/react-dom/cjs/react-dom.development.js:25777:74)
      at flushActQueue (node_modules/react/cjs/react.development.js:2667:24)
      at act (node_modules/react/cjs/react.development.js:2582:11)
      at node_modules/@testing-library/react/dist/act-compat.js:46:25
      at renderRoot (node_modules/@testing-library/react/dist/pure.js:189:26)
      at render (node_modules/@testing-library/react/dist/pure.js:291:10)
      at Object.<anonymous> (src/app/login/responsive-layout.test.tsx:371:13)

    console.error
      Error: Uncaught [TypeError: Cannot read properties of undefined (reading 'state')]
          at reportException (/Users/ryan/Library/Mobile Documents/com~apple~CloudDocs/Documents/VSCode/Tax-App-Frontend/node_modules/jsdom/lib/jsdom/living/helpers/runtime-script-errors.js:66:24)
          at innerInvokeEventListeners (/Users/ryan/Library/Mobile Documents/com~apple~CloudDocs/Documents/VSCode/Tax-App-Frontend/node_modules/jsdom/lib/jsdom/living/events/EventTarget-impl.js:353:9)
          at invokeEventListeners (/Users/ryan/Library/Mobile Documents/com~apple~CloudDocs/Documents/VSCode/Tax-App-Frontend/node_modules/jsdom/lib/jsdom/living/events/EventTarget-impl.js:286:3)
          at HTMLUnknownElementImpl._dispatch (/Users/ryan/Library/Mobile Documents/com~apple~CloudDocs/Documents/VSCode/Tax-App-Frontend/node_modules/jsdom/lib/jsdom/living/events/EventTarget-impl.js:233:9)
          at HTMLUnknownElementImpl.dispatchEvent (/Users/ryan/Library/Mobile Documents/com~apple~CloudDocs/Documents/VSCode/Tax-App-Frontend/node_modules/jsdom/lib/jsdom/living/events/EventTarget-impl.js:104:17)
          at HTMLUnknownElement.dispatchEvent (/Users/ryan/Library/Mobile Documents/com~apple~CloudDocs/Documents/VSCode/Tax-App-Frontend/node_modules/jsdom/lib/jsdom/living/generated/EventTarget.js:241:34)
          at Object.invokeGuardedCallbackDev (/Users/ryan/Library/Mobile Documents/com~apple~CloudDocs/Documents/VSCode/Tax-App-Frontend/node_modules/react-dom/cjs/react-dom.development.js:4213:16)
          at invokeGuardedCallback (/Users/ryan/Library/Mobile Documents/com~apple~CloudDocs/Documents/VSCode/Tax-App-Frontend/node_modules/react-dom/cjs/react-dom.development.js:4277:31)
          at beginWork$1 (/Users/ryan/Library/Mobile Documents/com~apple~CloudDocs/Documents/VSCode/Tax-App-Frontend/node_modules/react-dom/cjs/react-dom.development.js:27490:7)
          at performUnitOfWork (/Users/ryan/Library/Mobile Documents/com~apple~CloudDocs/Documents/VSCode/Tax-App-Frontend/node_modules/react-dom/cjs/react-dom.development.js:26599:12)
          at workLoopSync (/Users/ryan/Library/Mobile Documents/com~apple~CloudDocs/Documents/VSCode/Tax-App-Frontend/node_modules/react-dom/cjs/react-dom.development.js:26505:5)
          at renderRootSync (/Users/ryan/Library/Mobile Documents/com~apple~CloudDocs/Documents/VSCode/Tax-App-Frontend/node_modules/react-dom/cjs/react-dom.development.js:26473:7)
          at recoverFromConcurrentError (/Users/ryan/Library/Mobile Documents/com~apple~CloudDocs/Documents/VSCode/Tax-App-Frontend/node_modules/react-dom/cjs/react-dom.development.js:25889:20)
          at performConcurrentWorkOnRoot (/Users/ryan/Library/Mobile Documents/com~apple~CloudDocs/Documents/VSCode/Tax-App-Frontend/node_modules/react-dom/cjs/react-dom.development.js:25789:22)
          at flushActQueue (/Users/ryan/Library/Mobile Documents/com~apple~CloudDocs/Documents/VSCode/Tax-App-Frontend/node_modules/react/cjs/react.development.js:2667:24)
          at act (/Users/ryan/Library/Mobile Documents/com~apple~CloudDocs/Documents/VSCode/Tax-App-Frontend/node_modules/react/cjs/react.development.js:2582:11)
          at /Users/ryan/Library/Mobile Documents/com~apple~CloudDocs/Documents/VSCode/Tax-App-Frontend/node_modules/@testing-library/react/dist/act-compat.js:46:25
          at renderRoot (/Users/ryan/Library/Mobile Documents/com~apple~CloudDocs/Documents/VSCode/Tax-App-Frontend/node_modules/@testing-library/react/dist/pure.js:189:26)
          at render (/Users/ryan/Library/Mobile Documents/com~apple~CloudDocs/Documents/VSCode/Tax-App-Frontend/node_modules/@testing-library/react/dist/pure.js:291:10)
          at Object.<anonymous> (/Users/ryan/Library/Mobile Documents/com~apple~CloudDocs/Documents/VSCode/Tax-App-Frontend/src/app/login/responsive-layout.test.tsx:371:13)
          at Promise.finally.completed (/Users/ryan/Library/Mobile Documents/com~apple~CloudDocs/Documents/VSCode/Tax-App-Frontend/node_modules/jest-circus/build/jestAdapterInit.js:1557:28)
          at new Promise (<anonymous>)
          at callAsyncCircusFn (/Users/ryan/Library/Mobile Documents/com~apple~CloudDocs/Documents/VSCode/Tax-App-Frontend/node_modules/jest-circus/build/jestAdapterInit.js:1497:10)
          at _callCircusTest (/Users/ryan/Library/Mobile Documents/com~apple~CloudDocs/Documents/VSCode/Tax-App-Frontend/node_modules/jest-circus/build/jestAdapterInit.js:1007:40)
          at processTicksAndRejections (node:internal/process/task_queues:95:5)
          at _runTest (/Users/ryan/Library/Mobile Documents/com~apple~CloudDocs/Documents/VSCode/Tax-App-Frontend/node_modules/jest-circus/build/jestAdapterInit.js:947:3)
          at /Users/ryan/Library/Mobile Documents/com~apple~CloudDocs/Documents/VSCode/Tax-App-Frontend/node_modules/jest-circus/build/jestAdapterInit.js:849:7
          at _runTestsForDescribeBlock (/Users/ryan/Library/Mobile Documents/com~apple~CloudDocs/Documents/VSCode/Tax-App-Frontend/node_modules/jest-circus/build/jestAdapterInit.js:862:11)
          at _runTestsForDescribeBlock (/Users/ryan/Library/Mobile Documents/com~apple~CloudDocs/Documents/VSCode/Tax-App-Frontend/node_modules/jest-circus/build/jestAdapterInit.js:857:11)
          at _runTestsForDescribeBlock (/Users/ryan/Library/Mobile Documents/com~apple~CloudDocs/Documents/VSCode/Tax-App-Frontend/node_modules/jest-circus/build/jestAdapterInit.js:857:11)
          at run (/Users/ryan/Library/Mobile Documents/com~apple~CloudDocs/Documents/VSCode/Tax-App-Frontend/node_modules/jest-circus/build/jestAdapterInit.js:761:3)
          at runAndTransformResultsToJestFormat (/Users/ryan/Library/Mobile Documents/com~apple~CloudDocs/Documents/VSCode/Tax-App-Frontend/node_modules/jest-circus/build/jestAdapterInit.js:1918:21)
          at jestAdapter (/Users/ryan/Library/Mobile Documents/com~apple~CloudDocs/Documents/VSCode/Tax-App-Frontend/node_modules/jest-circus/build/runner.js:101:19)
          at runTestInternal (/Users/ryan/Library/Mobile Documents/com~apple~CloudDocs/Documents/VSCode/Tax-App-Frontend/node_modules/jest-runner/build/testWorker.js:275:16)
          at runTest (/Users/ryan/Library/Mobile Documents/com~apple~CloudDocs/Documents/VSCode/Tax-App-Frontend/node_modules/jest-runner/build/testWorker.js:343:7)
          at Object.worker (/Users/ryan/Library/Mobile Documents/com~apple~CloudDocs/Documents/VSCode/Tax-App-Frontend/node_modules/jest-runner/build/testWorker.js:497:12) {
        detail: TypeError: Cannot read properties of undefined (reading 'state')
            at state (/Users/ryan/Library/Mobile Documents/com~apple~CloudDocs/Documents/VSCode/Tax-App-Frontend/src/components/LoginForm.tsx:93:15)
            at renderWithHooks (/Users/ryan/Library/Mobile Documents/com~apple~CloudDocs/Documents/VSCode/Tax-App-Frontend/node_modules/react-dom/cjs/react-dom.development.js:15486:18)
            at mountIndeterminateComponent (/Users/ryan/Library/Mobile Documents/com~apple~CloudDocs/Documents/VSCode/Tax-App-Frontend/node_modules/react-dom/cjs/react-dom.development.js:20103:13)
            at beginWork (/Users/ryan/Library/Mobile Documents/com~apple~CloudDocs/Documents/VSCode/Tax-App-Frontend/node_modules/react-dom/cjs/react-dom.development.js:21626:16)
            at HTMLUnknownElement.callCallback (/Users/ryan/Library/Mobile Documents/com~apple~CloudDocs/Documents/VSCode/Tax-App-Frontend/node_modules/react-dom/cjs/react-dom.development.js:4164:14)
            at HTMLUnknownElement.callTheUserObjectsOperation (/Users/ryan/Library/Mobile Documents/com~apple~CloudDocs/Documents/VSCode/Tax-App-Frontend/node_modules/jsdom/lib/jsdom/living/generated/EventListener.js:26:30)
            at innerInvokeEventListeners (/Users/ryan/Library/Mobile Documents/com~apple~CloudDocs/Documents/VSCode/Tax-App-Frontend/node_modules/jsdom/lib/jsdom/living/events/EventTarget-impl.js:350:25)
            at invokeEventListeners (/Users/ryan/Library/Mobile Documents/com~apple~CloudDocs/Documents/VSCode/Tax-App-Frontend/node_modules/jsdom/lib/jsdom/living/events/EventTarget-impl.js:286:3)
            at HTMLUnknownElementImpl._dispatch (/Users/ryan/Library/Mobile Documents/com~apple~CloudDocs/Documents/VSCode/Tax-App-Frontend/node_modules/jsdom/lib/jsdom/living/events/EventTarget-impl.js:233:9)
            at HTMLUnknownElementImpl.dispatchEvent (/Users/ryan/Library/Mobile Documents/com~apple~CloudDocs/Documents/VSCode/Tax-App-Frontend/node_modules/jsdom/lib/jsdom/living/events/EventTarget-impl.js:104:17)
            at HTMLUnknownElement.dispatchEvent (/Users/ryan/Library/Mobile Documents/com~apple~CloudDocs/Documents/VSCode/Tax-App-Frontend/node_modules/jsdom/lib/jsdom/living/generated/EventTarget.js:241:34)
            at Object.invokeGuardedCallbackDev (/Users/ryan/Library/Mobile Documents/com~apple~CloudDocs/Documents/VSCode/Tax-App-Frontend/node_modules/react-dom/cjs/react-dom.development.js:4213:16)
            at invokeGuardedCallback (/Users/ryan/Library/Mobile Documents/com~apple~CloudDocs/Documents/VSCode/Tax-App-Frontend/node_modules/react-dom/cjs/react-dom.development.js:4277:31)
            at beginWork$1 (/Users/ryan/Library/Mobile Documents/com~apple~CloudDocs/Documents/VSCode/Tax-App-Frontend/node_modules/react-dom/cjs/react-dom.development.js:27490:7)
            at performUnitOfWork (/Users/ryan/Library/Mobile Documents/com~apple~CloudDocs/Documents/VSCode/Tax-App-Frontend/node_modules/react-dom/cjs/react-dom.development.js:26599:12)
            at workLoopSync (/Users/ryan/Library/Mobile Documents/com~apple~CloudDocs/Documents/VSCode/Tax-App-Frontend/node_modules/react-dom/cjs/react-dom.development.js:26505:5)
            at renderRootSync (/Users/ryan/Library/Mobile Documents/com~apple~CloudDocs/Documents/VSCode/Tax-App-Frontend/node_modules/react-dom/cjs/react-dom.development.js:26473:7)
            at recoverFromConcurrentError (/Users/ryan/Library/Mobile Documents/com~apple~CloudDocs/Documents/VSCode/Tax-App-Frontend/node_modules/react-dom/cjs/react-dom.development.js:25889:20)
            at performConcurrentWorkOnRoot (/Users/ryan/Library/Mobile Documents/com~apple~CloudDocs/Documents/VSCode/Tax-App-Frontend/node_modules/react-dom/cjs/react-dom.development.js:25789:22)
            at flushActQueue (/Users/ryan/Library/Mobile Documents/com~apple~CloudDocs/Documents/VSCode/Tax-App-Frontend/node_modules/react/cjs/react.development.js:2667:24)
            at act (/Users/ryan/Library/Mobile Documents/com~apple~CloudDocs/Documents/VSCode/Tax-App-Frontend/node_modules/react/cjs/react.development.js:2582:11)
            at /Users/ryan/Library/Mobile Documents/com~apple~CloudDocs/Documents/VSCode/Tax-App-Frontend/node_modules/@testing-library/react/dist/act-compat.js:46:25
            at renderRoot (/Users/ryan/Library/Mobile Documents/com~apple~CloudDocs/Documents/VSCode/Tax-App-Frontend/node_modules/@testing-library/react/dist/pure.js:189:26)
            at render (/Users/ryan/Library/Mobile Documents/com~apple~CloudDocs/Documents/VSCode/Tax-App-Frontend/node_modules/@testing-library/react/dist/pure.js:291:10)
            at Object.<anonymous> (/Users/ryan/Library/Mobile Documents/com~apple~CloudDocs/Documents/VSCode/Tax-App-Frontend/src/app/login/responsive-layout.test.tsx:371:13)
            at Promise.finally.completed (/Users/ryan/Library/Mobile Documents/com~apple~CloudDocs/Documents/VSCode/Tax-App-Frontend/node_modules/jest-circus/build/jestAdapterInit.js:1557:28)
            at new Promise (<anonymous>)
            at callAsyncCircusFn (/Users/ryan/Library/Mobile Documents/com~apple~CloudDocs/Documents/VSCode/Tax-App-Frontend/node_modules/jest-circus/build/jestAdapterInit.js:1497:10)
            at _callCircusTest (/Users/ryan/Library/Mobile Documents/com~apple~CloudDocs/Documents/VSCode/Tax-App-Frontend/node_modules/jest-circus/build/jestAdapterInit.js:1007:40)
            at processTicksAndRejections (node:internal/process/task_queues:95:5)
            at _runTest (/Users/ryan/Library/Mobile Documents/com~apple~CloudDocs/Documents/VSCode/Tax-App-Frontend/node_modules/jest-circus/build/jestAdapterInit.js:947:3)
            at /Users/ryan/Library/Mobile Documents/com~apple~CloudDocs/Documents/VSCode/Tax-App-Frontend/node_modules/jest-circus/build/jestAdapterInit.js:849:7
            at _runTestsForDescribeBlock (/Users/ryan/Library/Mobile Documents/com~apple~CloudDocs/Documents/VSCode/Tax-App-Frontend/node_modules/jest-circus/build/jestAdapterInit.js:862:11)
            at _runTestsForDescribeBlock (/Users/ryan/Library/Mobile Documents/com~apple~CloudDocs/Documents/VSCode/Tax-App-Frontend/node_modules/jest-circus/build/jestAdapterInit.js:857:11)
            at _runTestsForDescribeBlock (/Users/ryan/Library/Mobile Documents/com~apple~CloudDocs/Documents/VSCode/Tax-App-Frontend/node_modules/jest-circus/build/jestAdapterInit.js:857:11)
            at run (/Users/ryan/Library/Mobile Documents/com~apple~CloudDocs/Documents/VSCode/Tax-App-Frontend/node_modules/jest-circus/build/jestAdapterInit.js:761:3)
            at runAndTransformResultsToJestFormat (/Users/ryan/Library/Mobile Documents/com~apple~CloudDocs/Documents/VSCode/Tax-App-Frontend/node_modules/jest-circus/build/jestAdapterInit.js:1918:21)
            at jestAdapter (/Users/ryan/Library/Mobile Documents/com~apple~CloudDocs/Documents/VSCode/Tax-App-Frontend/node_modules/jest-circus/build/runner.js:101:19)
            at runTestInternal (/Users/ryan/Library/Mobile Documents/com~apple~CloudDocs/Documents/VSCode/Tax-App-Frontend/node_modules/jest-runner/build/testWorker.js:275:16)
            at runTest (/Users/ryan/Library/Mobile Documents/com~apple~CloudDocs/Documents/VSCode/Tax-App-Frontend/node_modules/jest-runner/build/testWorker.js:343:7)
            at Object.worker (/Users/ryan/Library/Mobile Documents/com~apple~CloudDocs/Documents/VSCode/Tax-App-Frontend/node_modules/jest-runner/build/testWorker.js:497:12),
        type: 'unhandled exception'
      }

      369 |
      370 |     test('should provide signup link for new users', () => {
    > 371 |       render(<LoginPageClient />);
          |             ^
      372 |
      373 |       const signupLink = screen.getByRole('link', { name: /sign up/i });
      374 |       expect(signupLink).toBeInTheDocument();

      at VirtualConsole.<anonymous> (node_modules/@jest/environment-jsdom-abstract/build/index.js:87:23)
      at reportException (node_modules/jsdom/lib/jsdom/living/helpers/runtime-script-errors.js:70:28)
      at innerInvokeEventListeners (node_modules/jsdom/lib/jsdom/living/events/EventTarget-impl.js:353:9)
      at invokeEventListeners (node_modules/jsdom/lib/jsdom/living/events/EventTarget-impl.js:286:3)
      at HTMLUnknownElementImpl._dispatch (node_modules/jsdom/lib/jsdom/living/events/EventTarget-impl.js:233:9)
      at HTMLUnknownElementImpl.dispatchEvent (node_modules/jsdom/lib/jsdom/living/events/EventTarget-impl.js:104:17)
      at HTMLUnknownElement.dispatchEvent (node_modules/jsdom/lib/jsdom/living/generated/EventTarget.js:241:34)
      at Object.invokeGuardedCallbackDev (node_modules/react-dom/cjs/react-dom.development.js:4213:16)
      at invokeGuardedCallback (node_modules/react-dom/cjs/react-dom.development.js:4277:31)
      at beginWork$1 (node_modules/react-dom/cjs/react-dom.development.js:27490:7)
      at performUnitOfWork (node_modules/react-dom/cjs/react-dom.development.js:26599:12)
      at workLoopSync (node_modules/react-dom/cjs/react-dom.development.js:26505:5)
      at renderRootSync (node_modules/react-dom/cjs/react-dom.development.js:26473:7)
      at recoverFromConcurrentError (node_modules/react-dom/cjs/react-dom.development.js:25889:20)
      at performConcurrentWorkOnRoot (node_modules/react-dom/cjs/react-dom.development.js:25789:22)
      at flushActQueue (node_modules/react/cjs/react.development.js:2667:24)
      at act (node_modules/react/cjs/react.development.js:2582:11)
      at node_modules/@testing-library/react/dist/act-compat.js:46:25
      at renderRoot (node_modules/@testing-library/react/dist/pure.js:189:26)
      at render (node_modules/@testing-library/react/dist/pure.js:291:10)
      at Object.<anonymous> (src/app/login/responsive-layout.test.tsx:371:13)

    console.error
      The above error occurred in the <LoginForm> component:
      
          at className (/Users/ryan/Library/Mobile Documents/com~apple~CloudDocs/Documents/VSCode/Tax-App-Frontend/src/components/LoginForm.tsx:45:29)
          at div
          at children (/Users/ryan/Library/Mobile Documents/com~apple~CloudDocs/Documents/VSCode/Tax-App-Frontend/src/app/login/responsive-layout.test.tsx:62:19)
          at div
          at children (/Users/ryan/Library/Mobile Documents/com~apple~CloudDocs/Documents/VSCode/Tax-App-Frontend/src/app/login/responsive-layout.test.tsx:52:12)
          at div
          at div
          at div
          at children (/Users/ryan/Library/Mobile Documents/com~apple~CloudDocs/Documents/VSCode/Tax-App-Frontend/src/app/login/responsive-layout.test.tsx:47:21)
          at callbackUrl (/Users/ryan/Library/Mobile Documents/com~apple~CloudDocs/Documents/VSCode/Tax-App-Frontend/src/app/login/LoginPageClient.tsx:49:43)
      
      Consider adding an error boundary to your tree to customize error handling behavior.
      Visit https://reactjs.org/link/error-boundaries to learn more about error boundaries.

      369 |
      370 |     test('should provide signup link for new users', () => {
    > 371 |       render(<LoginPageClient />);
          |             ^
      372 |
      373 |       const signupLink = screen.getByRole('link', { name: /sign up/i });
      374 |       expect(signupLink).toBeInTheDocument();

      at logCapturedError (node_modules/react-dom/cjs/react-dom.development.js:18704:23)
      at update.callback (node_modules/react-dom/cjs/react-dom.development.js:18737:5)
      at callCallback (node_modules/react-dom/cjs/react-dom.development.js:15036:12)
      at commitUpdateQueue (node_modules/react-dom/cjs/react-dom.development.js:15057:9)
      at commitLayoutEffectOnFiber (node_modules/react-dom/cjs/react-dom.development.js:23430:13)
      at commitLayoutMountEffects_complete (node_modules/react-dom/cjs/react-dom.development.js:24727:9)
      at commitLayoutEffects_begin (node_modules/react-dom/cjs/react-dom.development.js:24713:7)
      at commitLayoutEffects (node_modules/react-dom/cjs/react-dom.development.js:24651:3)
      at commitRootImpl (node_modules/react-dom/cjs/react-dom.development.js:26862:5)
      at commitRoot (node_modules/react-dom/cjs/react-dom.development.js:26721:5)
      at finishConcurrentRender (node_modules/react-dom/cjs/react-dom.development.js:25931:9)
      at performConcurrentWorkOnRoot (node_modules/react-dom/cjs/react-dom.development.js:25848:7)
      at flushActQueue (node_modules/react/cjs/react.development.js:2667:24)
      at act (node_modules/react/cjs/react.development.js:2582:11)
      at node_modules/@testing-library/react/dist/act-compat.js:46:25
      at renderRoot (node_modules/@testing-library/react/dist/pure.js:189:26)
      at render (node_modules/@testing-library/react/dist/pure.js:291:10)
      at Object.<anonymous> (src/app/login/responsive-layout.test.tsx:371:13)

  ● Responsive Layout - Comprehensive Tests › Requirement 6.1: Mobile Layout (width < 768px) › should use full width container on mobile

    TypeError: Cannot read properties of undefined (reading 'state')

      91 |
      92 |       {/* Status Message Display */}
    > 93 |       {status.state !== 'idle' && (
         |               ^
      94 |         <div
      95 |           role="status"
      96 |           aria-live="polite"

      at state (src/components/LoginForm.tsx:93:15)
      at renderWithHooks (node_modules/react-dom/cjs/react-dom.development.js:15486:18)
      at mountIndeterminateComponent (node_modules/react-dom/cjs/react-dom.development.js:20103:13)
      at beginWork (node_modules/react-dom/cjs/react-dom.development.js:21626:16)
      at beginWork$1 (node_modules/react-dom/cjs/react-dom.development.js:27465:14)
      at performUnitOfWork (node_modules/react-dom/cjs/react-dom.development.js:26599:12)
      at workLoopSync (node_modules/react-dom/cjs/react-dom.development.js:26505:5)
      at renderRootSync (node_modules/react-dom/cjs/react-dom.development.js:26473:7)
      at recoverFromConcurrentError (node_modules/react-dom/cjs/react-dom.development.js:25889:20)
      at performConcurrentWorkOnRoot (node_modules/react-dom/cjs/react-dom.development.js:25789:22)
      at flushActQueue (node_modules/react/cjs/react.development.js:2667:24)
      at act (node_modules/react/cjs/react.development.js:2582:11)
      at node_modules/@testing-library/react/dist/act-compat.js:46:25
      at renderRoot (node_modules/@testing-library/react/dist/pure.js:189:26)
      at render (node_modules/@testing-library/react/dist/pure.js:291:10)
      at Object.<anonymous> (src/app/login/responsive-layout.test.tsx:81:35)

  ● Responsive Layout - Comprehensive Tests › Requirement 6.1: Mobile Layout (width < 768px) › should constrain maximum width to md (28rem/448px)

    TypeError: Cannot read properties of undefined (reading 'state')

      91 |
      92 |       {/* Status Message Display */}
    > 93 |       {status.state !== 'idle' && (
         |               ^
      94 |         <div
      95 |           role="status"
      96 |           aria-live="polite"

      at state (src/components/LoginForm.tsx:93:15)
      at renderWithHooks (node_modules/react-dom/cjs/react-dom.development.js:15486:18)
      at mountIndeterminateComponent (node_modules/react-dom/cjs/react-dom.development.js:20103:13)
      at beginWork (node_modules/react-dom/cjs/react-dom.development.js:21626:16)
      at beginWork$1 (node_modules/react-dom/cjs/react-dom.development.js:27465:14)
      at performUnitOfWork (node_modules/react-dom/cjs/react-dom.development.js:26599:12)
      at workLoopSync (node_modules/react-dom/cjs/react-dom.development.js:26505:5)
      at renderRootSync (node_modules/react-dom/cjs/react-dom.development.js:26473:7)
      at recoverFromConcurrentError (node_modules/react-dom/cjs/react-dom.development.js:25889:20)
      at performConcurrentWorkOnRoot (node_modules/react-dom/cjs/react-dom.development.js:25789:22)
      at flushActQueue (node_modules/react/cjs/react.development.js:2667:24)
      at act (node_modules/react/cjs/react.development.js:2582:11)
      at node_modules/@testing-library/react/dist/act-compat.js:46:25
      at renderRoot (node_modules/@testing-library/react/dist/pure.js:189:26)
      at render (node_modules/@testing-library/react/dist/pure.js:291:10)
      at Object.<anonymous> (src/app/login/responsive-layout.test.tsx:89:35)

  ● Responsive Layout - Comprehensive Tests › Requirement 6.1: Mobile Layout (width < 768px) › should have mobile-appropriate horizontal padding (px-4)

    TypeError: Cannot read properties of undefined (reading 'state')

      91 |
      92 |       {/* Status Message Display */}
    > 93 |       {status.state !== 'idle' && (
         |               ^
      94 |         <div
      95 |           role="status"
      96 |           aria-live="polite"

      at state (src/components/LoginForm.tsx:93:15)
      at renderWithHooks (node_modules/react-dom/cjs/react-dom.development.js:15486:18)
      at mountIndeterminateComponent (node_modules/react-dom/cjs/react-dom.development.js:20103:13)
      at beginWork (node_modules/react-dom/cjs/react-dom.development.js:21626:16)
      at beginWork$1 (node_modules/react-dom/cjs/react-dom.development.js:27465:14)
      at performUnitOfWork (node_modules/react-dom/cjs/react-dom.development.js:26599:12)
      at workLoopSync (node_modules/react-dom/cjs/react-dom.development.js:26505:5)
      at renderRootSync (node_modules/react-dom/cjs/react-dom.development.js:26473:7)
      at recoverFromConcurrentError (node_modules/react-dom/cjs/react-dom.development.js:25889:20)
      at performConcurrentWorkOnRoot (node_modules/react-dom/cjs/react-dom.development.js:25789:22)
      at flushActQueue (node_modules/react/cjs/react.development.js:2667:24)
      at act (node_modules/react/cjs/react.development.js:2582:11)
      at node_modules/@testing-library/react/dist/act-compat.js:46:25
      at renderRoot (node_modules/@testing-library/react/dist/pure.js:189:26)
      at render (node_modules/@testing-library/react/dist/pure.js:291:10)
      at Object.<anonymous> (src/app/login/responsive-layout.test.tsx:97:35)

  ● Responsive Layout - Comprehensive Tests › Requirement 6.1: Mobile Layout (width < 768px) › should have mobile-appropriate vertical padding (py-12)

    TypeError: Cannot read properties of undefined (reading 'state')

      91 |
      92 |       {/* Status Message Display */}
    > 93 |       {status.state !== 'idle' && (
         |               ^
      94 |         <div
      95 |           role="status"
      96 |           aria-live="polite"

      at state (src/components/LoginForm.tsx:93:15)
      at renderWithHooks (node_modules/react-dom/cjs/react-dom.development.js:15486:18)
      at mountIndeterminateComponent (node_modules/react-dom/cjs/react-dom.development.js:20103:13)
      at beginWork (node_modules/react-dom/cjs/react-dom.development.js:21626:16)
      at beginWork$1 (node_modules/react-dom/cjs/react-dom.development.js:27465:14)
      at performUnitOfWork (node_modules/react-dom/cjs/react-dom.development.js:26599:12)
      at workLoopSync (node_modules/react-dom/cjs/react-dom.development.js:26505:5)
      at renderRootSync (node_modules/react-dom/cjs/react-dom.development.js:26473:7)
      at recoverFromConcurrentError (node_modules/react-dom/cjs/react-dom.development.js:25889:20)
      at performConcurrentWorkOnRoot (node_modules/react-dom/cjs/react-dom.development.js:25789:22)
      at flushActQueue (node_modules/react/cjs/react.development.js:2667:24)
      at act (node_modules/react/cjs/react.development.js:2582:11)
      at node_modules/@testing-library/react/dist/act-compat.js:46:25
      at renderRoot (node_modules/@testing-library/react/dist/pure.js:189:26)
      at render (node_modules/@testing-library/react/dist/pure.js:291:10)
      at Object.<anonymous> (src/app/login/responsive-layout.test.tsx:104:35)

  ● Responsive Layout - Comprehensive Tests › Requirement 6.1: Mobile Layout (width < 768px) › should display single-column layout with centered content

    TypeError: Cannot read properties of undefined (reading 'state')

      91 |
      92 |       {/* Status Message Display */}
    > 93 |       {status.state !== 'idle' && (
         |               ^
      94 |         <div
      95 |           role="status"
      96 |           aria-live="polite"

      at state (src/components/LoginForm.tsx:93:15)
      at renderWithHooks (node_modules/react-dom/cjs/react-dom.development.js:15486:18)
      at mountIndeterminateComponent (node_modules/react-dom/cjs/react-dom.development.js:20103:13)
      at beginWork (node_modules/react-dom/cjs/react-dom.development.js:21626:16)
      at beginWork$1 (node_modules/react-dom/cjs/react-dom.development.js:27465:14)
      at performUnitOfWork (node_modules/react-dom/cjs/react-dom.development.js:26599:12)
      at workLoopSync (node_modules/react-dom/cjs/react-dom.development.js:26505:5)
      at renderRootSync (node_modules/react-dom/cjs/react-dom.development.js:26473:7)
      at recoverFromConcurrentError (node_modules/react-dom/cjs/react-dom.development.js:25889:20)
      at performConcurrentWorkOnRoot (node_modules/react-dom/cjs/react-dom.development.js:25789:22)
      at flushActQueue (node_modules/react/cjs/react.development.js:2667:24)
      at act (node_modules/react/cjs/react.development.js:2582:11)
      at node_modules/@testing-library/react/dist/act-compat.js:46:25
      at renderRoot (node_modules/@testing-library/react/dist/pure.js:189:26)
      at render (node_modules/@testing-library/react/dist/pure.js:291:10)
      at Object.<anonymous> (src/app/login/responsive-layout.test.tsx:111:35)

  ● Responsive Layout - Comprehensive Tests › Requirement 6.1: Mobile Layout (width < 768px) › should use smaller text size on mobile for title (text-2xl)

    TypeError: Cannot read properties of undefined (reading 'state')

      91 |
      92 |       {/* Status Message Display */}
    > 93 |       {status.state !== 'idle' && (
         |               ^
      94 |         <div
      95 |           role="status"
      96 |           aria-live="polite"

      at state (src/components/LoginForm.tsx:93:15)
      at renderWithHooks (node_modules/react-dom/cjs/react-dom.development.js:15486:18)
      at mountIndeterminateComponent (node_modules/react-dom/cjs/react-dom.development.js:20103:13)
      at beginWork (node_modules/react-dom/cjs/react-dom.development.js:21626:16)
      at beginWork$1 (node_modules/react-dom/cjs/react-dom.development.js:27465:14)
      at performUnitOfWork (node_modules/react-dom/cjs/react-dom.development.js:26599:12)
      at workLoopSync (node_modules/react-dom/cjs/react-dom.development.js:26505:5)
      at renderRootSync (node_modules/react-dom/cjs/react-dom.development.js:26473:7)
      at recoverFromConcurrentError (node_modules/react-dom/cjs/react-dom.development.js:25889:20)
      at performConcurrentWorkOnRoot (node_modules/react-dom/cjs/react-dom.development.js:25789:22)
      at flushActQueue (node_modules/react/cjs/react.development.js:2667:24)
      at act (node_modules/react/cjs/react.development.js:2582:11)
      at node_modules/@testing-library/react/dist/act-compat.js:46:25
      at renderRoot (node_modules/@testing-library/react/dist/pure.js:189:26)
      at render (node_modules/@testing-library/react/dist/pure.js:291:10)
      at Object.<anonymous> (src/app/login/responsive-layout.test.tsx:118:13)

  ● Responsive Layout - Comprehensive Tests › Requirement 6.1: Mobile Layout (width < 768px) › should use smaller text size on mobile for description (text-sm)

    TypeError: Cannot read properties of undefined (reading 'state')

      91 |
      92 |       {/* Status Message Display */}
    > 93 |       {status.state !== 'idle' && (
         |               ^
      94 |         <div
      95 |           role="status"
      96 |           aria-live="polite"

      at state (src/components/LoginForm.tsx:93:15)
      at renderWithHooks (node_modules/react-dom/cjs/react-dom.development.js:15486:18)
      at mountIndeterminateComponent (node_modules/react-dom/cjs/react-dom.development.js:20103:13)
      at beginWork (node_modules/react-dom/cjs/react-dom.development.js:21626:16)
      at beginWork$1 (node_modules/react-dom/cjs/react-dom.development.js:27465:14)
      at performUnitOfWork (node_modules/react-dom/cjs/react-dom.development.js:26599:12)
      at workLoopSync (node_modules/react-dom/cjs/react-dom.development.js:26505:5)
      at renderRootSync (node_modules/react-dom/cjs/react-dom.development.js:26473:7)
      at recoverFromConcurrentError (node_modules/react-dom/cjs/react-dom.development.js:25889:20)
      at performConcurrentWorkOnRoot (node_modules/react-dom/cjs/react-dom.development.js:25789:22)
      at flushActQueue (node_modules/react/cjs/react.development.js:2667:24)
      at act (node_modules/react/cjs/react.development.js:2582:11)
      at node_modules/@testing-library/react/dist/act-compat.js:46:25
      at renderRoot (node_modules/@testing-library/react/dist/pure.js:189:26)
      at render (node_modules/@testing-library/react/dist/pure.js:291:10)
      at Object.<anonymous> (src/app/login/responsive-layout.test.tsx:125:13)

  ● Responsive Layout - Comprehensive Tests › Requirement 6.2: Desktop Layout (width >= 768px) › should increase padding on tablet screens (sm:px-6)

    TypeError: Cannot read properties of undefined (reading 'state')

      91 |
      92 |       {/* Status Message Display */}
    > 93 |       {status.state !== 'idle' && (
         |               ^
      94 |         <div
      95 |           role="status"
      96 |           aria-live="polite"

      at state (src/components/LoginForm.tsx:93:15)
      at renderWithHooks (node_modules/react-dom/cjs/react-dom.development.js:15486:18)
      at mountIndeterminateComponent (node_modules/react-dom/cjs/react-dom.development.js:20103:13)
      at beginWork (node_modules/react-dom/cjs/react-dom.development.js:21626:16)
      at beginWork$1 (node_modules/react-dom/cjs/react-dom.development.js:27465:14)
      at performUnitOfWork (node_modules/react-dom/cjs/react-dom.development.js:26599:12)
      at workLoopSync (node_modules/react-dom/cjs/react-dom.development.js:26505:5)
      at renderRootSync (node_modules/react-dom/cjs/react-dom.development.js:26473:7)
      at recoverFromConcurrentError (node_modules/react-dom/cjs/react-dom.development.js:25889:20)
      at performConcurrentWorkOnRoot (node_modules/react-dom/cjs/react-dom.development.js:25789:22)
      at flushActQueue (node_modules/react/cjs/react.development.js:2667:24)
      at act (node_modules/react/cjs/react.development.js:2582:11)
      at node_modules/@testing-library/react/dist/act-compat.js:46:25
      at renderRoot (node_modules/@testing-library/react/dist/pure.js:189:26)
      at render (node_modules/@testing-library/react/dist/pure.js:291:10)
      at Object.<anonymous> (src/app/login/responsive-layout.test.tsx:134:35)

  ● Responsive Layout - Comprehensive Tests › Requirement 6.2: Desktop Layout (width >= 768px) › should increase padding on large screens (lg:px-8)

    TypeError: Cannot read properties of undefined (reading 'state')

      91 |
      92 |       {/* Status Message Display */}
    > 93 |       {status.state !== 'idle' && (
         |               ^
      94 |         <div
      95 |           role="status"
      96 |           aria-live="polite"

      at state (src/components/LoginForm.tsx:93:15)
      at renderWithHooks (node_modules/react-dom/cjs/react-dom.development.js:15486:18)
      at mountIndeterminateComponent (node_modules/react-dom/cjs/react-dom.development.js:20103:13)
      at beginWork (node_modules/react-dom/cjs/react-dom.development.js:21626:16)
      at beginWork$1 (node_modules/react-dom/cjs/react-dom.development.js:27465:14)
      at performUnitOfWork (node_modules/react-dom/cjs/react-dom.development.js:26599:12)
      at workLoopSync (node_modules/react-dom/cjs/react-dom.development.js:26505:5)
      at renderRootSync (node_modules/react-dom/cjs/react-dom.development.js:26473:7)
      at recoverFromConcurrentError (node_modules/react-dom/cjs/react-dom.development.js:25889:20)
      at performConcurrentWorkOnRoot (node_modules/react-dom/cjs/react-dom.development.js:25789:22)
      at flushActQueue (node_modules/react/cjs/react.development.js:2667:24)
      at act (node_modules/react/cjs/react.development.js:2582:11)
      at node_modules/@testing-library/react/dist/act-compat.js:46:25
      at renderRoot (node_modules/@testing-library/react/dist/pure.js:189:26)
      at render (node_modules/@testing-library/react/dist/pure.js:291:10)
      at Object.<anonymous> (src/app/login/responsive-layout.test.tsx:141:35)

  ● Responsive Layout - Comprehensive Tests › Requirement 6.2: Desktop Layout (width >= 768px) › should use elevated card variant for desktop

    TypeError: Cannot read properties of undefined (reading 'state')

      91 |
      92 |       {/* Status Message Display */}
    > 93 |       {status.state !== 'idle' && (
         |               ^
      94 |         <div
      95 |           role="status"
      96 |           aria-live="polite"

      at state (src/components/LoginForm.tsx:93:15)
      at renderWithHooks (node_modules/react-dom/cjs/react-dom.development.js:15486:18)
      at mountIndeterminateComponent (node_modules/react-dom/cjs/react-dom.development.js:20103:13)
      at beginWork (node_modules/react-dom/cjs/react-dom.development.js:21626:16)
      at beginWork$1 (node_modules/react-dom/cjs/react-dom.development.js:27465:14)
      at performUnitOfWork (node_modules/react-dom/cjs/react-dom.development.js:26599:12)
      at workLoopSync (node_modules/react-dom/cjs/react-dom.development.js:26505:5)
      at renderRootSync (node_modules/react-dom/cjs/react-dom.development.js:26473:7)
      at recoverFromConcurrentError (node_modules/react-dom/cjs/react-dom.development.js:25889:20)
      at performConcurrentWorkOnRoot (node_modules/react-dom/cjs/react-dom.development.js:25789:22)
      at flushActQueue (node_modules/react/cjs/react.development.js:2667:24)
      at act (node_modules/react/cjs/react.development.js:2582:11)
      at node_modules/@testing-library/react/dist/act-compat.js:46:25
      at renderRoot (node_modules/@testing-library/react/dist/pure.js:189:26)
      at render (node_modules/@testing-library/react/dist/pure.js:291:10)
      at Object.<anonymous> (src/app/login/responsive-layout.test.tsx:148:13)

  ● Responsive Layout - Comprehensive Tests › Requirement 6.2: Desktop Layout (width >= 768px) › should apply shadow-xl for elevated card appearance

    TypeError: Cannot read properties of undefined (reading 'state')

      91 |
      92 |       {/* Status Message Display */}
    > 93 |       {status.state !== 'idle' && (
         |               ^
      94 |         <div
      95 |           role="status"
      96 |           aria-live="polite"

      at state (src/components/LoginForm.tsx:93:15)
      at renderWithHooks (node_modules/react-dom/cjs/react-dom.development.js:15486:18)
      at mountIndeterminateComponent (node_modules/react-dom/cjs/react-dom.development.js:20103:13)
      at beginWork (node_modules/react-dom/cjs/react-dom.development.js:21626:16)
      at beginWork$1 (node_modules/react-dom/cjs/react-dom.development.js:27465:14)
      at performUnitOfWork (node_modules/react-dom/cjs/react-dom.development.js:26599:12)
      at workLoopSync (node_modules/react-dom/cjs/react-dom.development.js:26505:5)
      at renderRootSync (node_modules/react-dom/cjs/react-dom.development.js:26473:7)
      at recoverFromConcurrentError (node_modules/react-dom/cjs/react-dom.development.js:25889:20)
      at performConcurrentWorkOnRoot (node_modules/react-dom/cjs/react-dom.development.js:25789:22)
      at flushActQueue (node_modules/react/cjs/react.development.js:2667:24)
      at act (node_modules/react/cjs/react.development.js:2582:11)
      at node_modules/@testing-library/react/dist/act-compat.js:46:25
      at renderRoot (node_modules/@testing-library/react/dist/pure.js:189:26)
      at render (node_modules/@testing-library/react/dist/pure.js:291:10)
      at Object.<anonymous> (src/app/login/responsive-layout.test.tsx:155:13)

  ● Responsive Layout - Comprehensive Tests › Requirement 6.2: Desktop Layout (width >= 768px) › should increase title text size on desktop (sm:text-3xl)

    TypeError: Cannot read properties of undefined (reading 'state')

      91 |
      92 |       {/* Status Message Display */}
    > 93 |       {status.state !== 'idle' && (
         |               ^
      94 |         <div
      95 |           role="status"
      96 |           aria-live="polite"

      at state (src/components/LoginForm.tsx:93:15)
      at renderWithHooks (node_modules/react-dom/cjs/react-dom.development.js:15486:18)
      at mountIndeterminateComponent (node_modules/react-dom/cjs/react-dom.development.js:20103:13)
      at beginWork (node_modules/react-dom/cjs/react-dom.development.js:21626:16)
      at beginWork$1 (node_modules/react-dom/cjs/react-dom.development.js:27465:14)
      at performUnitOfWork (node_modules/react-dom/cjs/react-dom.development.js:26599:12)
      at workLoopSync (node_modules/react-dom/cjs/react-dom.development.js:26505:5)
      at renderRootSync (node_modules/react-dom/cjs/react-dom.development.js:26473:7)
      at recoverFromConcurrentError (node_modules/react-dom/cjs/react-dom.development.js:25889:20)
      at performConcurrentWorkOnRoot (node_modules/react-dom/cjs/react-dom.development.js:25789:22)
      at flushActQueue (node_modules/react/cjs/react.development.js:2667:24)
      at act (node_modules/react/cjs/react.development.js:2582:11)
      at node_modules/@testing-library/react/dist/act-compat.js:46:25
      at renderRoot (node_modules/@testing-library/react/dist/pure.js:189:26)
      at render (node_modules/@testing-library/react/dist/pure.js:291:10)
      at Object.<anonymous> (src/app/login/responsive-layout.test.tsx:162:13)

  ● Responsive Layout - Comprehensive Tests › Requirement 6.2: Desktop Layout (width >= 768px) › should increase description text size on desktop (sm:text-base)

    TypeError: Cannot read properties of undefined (reading 'state')

      91 |
      92 |       {/* Status Message Display */}
    > 93 |       {status.state !== 'idle' && (
         |               ^
      94 |         <div
      95 |           role="status"
      96 |           aria-live="polite"

      at state (src/components/LoginForm.tsx:93:15)
      at renderWithHooks (node_modules/react-dom/cjs/react-dom.development.js:15486:18)
      at mountIndeterminateComponent (node_modules/react-dom/cjs/react-dom.development.js:20103:13)
      at beginWork (node_modules/react-dom/cjs/react-dom.development.js:21626:16)
      at beginWork$1 (node_modules/react-dom/cjs/react-dom.development.js:27465:14)
      at performUnitOfWork (node_modules/react-dom/cjs/react-dom.development.js:26599:12)
      at workLoopSync (node_modules/react-dom/cjs/react-dom.development.js:26505:5)
      at renderRootSync (node_modules/react-dom/cjs/react-dom.development.js:26473:7)
      at recoverFromConcurrentError (node_modules/react-dom/cjs/react-dom.development.js:25889:20)
      at performConcurrentWorkOnRoot (node_modules/react-dom/cjs/react-dom.development.js:25789:22)
      at flushActQueue (node_modules/react/cjs/react.development.js:2667:24)
      at act (node_modules/react/cjs/react.development.js:2582:11)
      at node_modules/@testing-library/react/dist/act-compat.js:46:25
      at renderRoot (node_modules/@testing-library/react/dist/pure.js:189:26)
      at render (node_modules/@testing-library/react/dist/pure.js:291:10)
      at Object.<anonymous> (src/app/login/responsive-layout.test.tsx:169:13)

  ● Responsive Layout - Comprehensive Tests › Requirement 6.2: Desktop Layout (width >= 768px) › should maintain centered card layout on desktop

    TypeError: Cannot read properties of undefined (reading 'state')

      91 |
      92 |       {/* Status Message Display */}
    > 93 |       {status.state !== 'idle' && (
         |               ^
      94 |         <div
      95 |           role="status"
      96 |           aria-live="polite"

      at state (src/components/LoginForm.tsx:93:15)
      at renderWithHooks (node_modules/react-dom/cjs/react-dom.development.js:15486:18)
      at mountIndeterminateComponent (node_modules/react-dom/cjs/react-dom.development.js:20103:13)
      at beginWork (node_modules/react-dom/cjs/react-dom.development.js:21626:16)
      at beginWork$1 (node_modules/react-dom/cjs/react-dom.development.js:27465:14)
      at performUnitOfWork (node_modules/react-dom/cjs/react-dom.development.js:26599:12)
      at workLoopSync (node_modules/react-dom/cjs/react-dom.development.js:26505:5)
      at renderRootSync (node_modules/react-dom/cjs/react-dom.development.js:26473:7)
      at recoverFromConcurrentError (node_modules/react-dom/cjs/react-dom.development.js:25889:20)
      at performConcurrentWorkOnRoot (node_modules/react-dom/cjs/react-dom.development.js:25789:22)
      at flushActQueue (node_modules/react/cjs/react.development.js:2667:24)
      at act (node_modules/react/cjs/react.development.js:2582:11)
      at node_modules/@testing-library/react/dist/act-compat.js:46:25
      at renderRoot (node_modules/@testing-library/react/dist/pure.js:189:26)
      at render (node_modules/@testing-library/react/dist/pure.js:291:10)
      at Object.<anonymous> (src/app/login/responsive-layout.test.tsx:176:35)

  ● Responsive Layout - Comprehensive Tests › Requirement 6.4: Touch-Friendly Button Sizes (minimum 44x44px) › should render submit button with minimum height of 44px on mobile

    TypeError: Cannot read properties of undefined (reading 'state')

      91 |
      92 |       {/* Status Message Display */}
    > 93 |       {status.state !== 'idle' && (
         |               ^
      94 |         <div
      95 |           role="status"
      96 |           aria-live="polite"

      at state (src/components/LoginForm.tsx:93:15)
      at renderWithHooks (node_modules/react-dom/cjs/react-dom.development.js:15486:18)
      at mountIndeterminateComponent (node_modules/react-dom/cjs/react-dom.development.js:20103:13)
      at beginWork (node_modules/react-dom/cjs/react-dom.development.js:21626:16)
      at beginWork$1 (node_modules/react-dom/cjs/react-dom.development.js:27465:14)
      at performUnitOfWork (node_modules/react-dom/cjs/react-dom.development.js:26599:12)
      at workLoopSync (node_modules/react-dom/cjs/react-dom.development.js:26505:5)
      at renderRootSync (node_modules/react-dom/cjs/react-dom.development.js:26473:7)
      at recoverFromConcurrentError (node_modules/react-dom/cjs/react-dom.development.js:25889:20)
      at performConcurrentWorkOnRoot (node_modules/react-dom/cjs/react-dom.development.js:25789:22)
      at flushActQueue (node_modules/react/cjs/react.development.js:2667:24)
      at act (node_modules/react/cjs/react.development.js:2582:11)
      at node_modules/@testing-library/react/dist/act-compat.js:46:25
      at renderRoot (node_modules/@testing-library/react/dist/pure.js:189:26)
      at render (node_modules/@testing-library/react/dist/pure.js:291:10)
      at Object.<anonymous> (src/app/login/responsive-layout.test.tsx:185:13)

  ● Responsive Layout - Comprehensive Tests › Requirement 6.4: Touch-Friendly Button Sizes (minimum 44x44px) › should render password visibility toggle with minimum 44x44px touch target

    TypeError: Cannot read properties of undefined (reading 'state')

      91 |
      92 |       {/* Status Message Display */}
    > 93 |       {status.state !== 'idle' && (
         |               ^
      94 |         <div
      95 |           role="status"
      96 |           aria-live="polite"

      at state (src/components/LoginForm.tsx:93:15)
      at renderWithHooks (node_modules/react-dom/cjs/react-dom.development.js:15486:18)
      at mountIndeterminateComponent (node_modules/react-dom/cjs/react-dom.development.js:20103:13)
      at beginWork (node_modules/react-dom/cjs/react-dom.development.js:21626:16)
      at beginWork$1 (node_modules/react-dom/cjs/react-dom.development.js:27465:14)
      at performUnitOfWork (node_modules/react-dom/cjs/react-dom.development.js:26599:12)
      at workLoopSync (node_modules/react-dom/cjs/react-dom.development.js:26505:5)
      at renderRootSync (node_modules/react-dom/cjs/react-dom.development.js:26473:7)
      at recoverFromConcurrentError (node_modules/react-dom/cjs/react-dom.development.js:25889:20)
      at performConcurrentWorkOnRoot (node_modules/react-dom/cjs/react-dom.development.js:25789:22)
      at flushActQueue (node_modules/react/cjs/react.development.js:2667:24)
      at act (node_modules/react/cjs/react.development.js:2582:11)
      at node_modules/@testing-library/react/dist/act-compat.js:46:25
      at renderRoot (node_modules/@testing-library/react/dist/pure.js:189:26)
      at render (node_modules/@testing-library/react/dist/pure.js:291:10)
      at Object.<anonymous> (src/app/login/responsive-layout.test.tsx:195:13)

  ● Responsive Layout - Comprehensive Tests › Requirement 6.4: Touch-Friendly Button Sizes (minimum 44x44px) › should render email input with minimum height of 44px on mobile

    TypeError: Cannot read properties of undefined (reading 'state')

      91 |
      92 |       {/* Status Message Display */}
    > 93 |       {status.state !== 'idle' && (
         |               ^
      94 |         <div
      95 |           role="status"
      96 |           aria-live="polite"

      at state (src/components/LoginForm.tsx:93:15)
      at renderWithHooks (node_modules/react-dom/cjs/react-dom.development.js:15486:18)
      at mountIndeterminateComponent (node_modules/react-dom/cjs/react-dom.development.js:20103:13)
      at beginWork (node_modules/react-dom/cjs/react-dom.development.js:21626:16)
      at beginWork$1 (node_modules/react-dom/cjs/react-dom.development.js:27465:14)
      at performUnitOfWork (node_modules/react-dom/cjs/react-dom.development.js:26599:12)
      at workLoopSync (node_modules/react-dom/cjs/react-dom.development.js:26505:5)
      at renderRootSync (node_modules/react-dom/cjs/react-dom.development.js:26473:7)
      at recoverFromConcurrentError (node_modules/react-dom/cjs/react-dom.development.js:25889:20)
      at performConcurrentWorkOnRoot (node_modules/react-dom/cjs/react-dom.development.js:25789:22)
      at flushActQueue (node_modules/react/cjs/react.development.js:2667:24)
      at act (node_modules/react/cjs/react.development.js:2582:11)
      at node_modules/@testing-library/react/dist/act-compat.js:46:25
      at renderRoot (node_modules/@testing-library/react/dist/pure.js:189:26)
      at render (node_modules/@testing-library/react/dist/pure.js:291:10)
      at Object.<anonymous> (src/app/login/responsive-layout.test.tsx:205:13)

  ● Responsive Layout - Comprehensive Tests › Requirement 6.4: Touch-Friendly Button Sizes (minimum 44x44px) › should render password input with minimum height of 44px on mobile

    TypeError: Cannot read properties of undefined (reading 'state')

      91 |
      92 |       {/* Status Message Display */}
    > 93 |       {status.state !== 'idle' && (
         |               ^
      94 |         <div
      95 |           role="status"
      96 |           aria-live="polite"

      at state (src/components/LoginForm.tsx:93:15)
      at renderWithHooks (node_modules/react-dom/cjs/react-dom.development.js:15486:18)
      at mountIndeterminateComponent (node_modules/react-dom/cjs/react-dom.development.js:20103:13)
      at beginWork (node_modules/react-dom/cjs/react-dom.development.js:21626:16)
      at beginWork$1 (node_modules/react-dom/cjs/react-dom.development.js:27465:14)
      at performUnitOfWork (node_modules/react-dom/cjs/react-dom.development.js:26599:12)
      at workLoopSync (node_modules/react-dom/cjs/react-dom.development.js:26505:5)
      at renderRootSync (node_modules/react-dom/cjs/react-dom.development.js:26473:7)
      at recoverFromConcurrentError (node_modules/react-dom/cjs/react-dom.development.js:25889:20)
      at performConcurrentWorkOnRoot (node_modules/react-dom/cjs/react-dom.development.js:25789:22)
      at flushActQueue (node_modules/react/cjs/react.development.js:2667:24)
      at act (node_modules/react/cjs/react.development.js:2582:11)
      at node_modules/@testing-library/react/dist/act-compat.js:46:25
      at renderRoot (node_modules/@testing-library/react/dist/pure.js:189:26)
      at render (node_modules/@testing-library/react/dist/pure.js:291:10)
      at Object.<anonymous> (src/app/login/responsive-layout.test.tsx:215:13)

  ● Responsive Layout - Comprehensive Tests › Requirement 6.4: Touch-Friendly Button Sizes (minimum 44x44px) › should use larger button size on desktop (md:min-h-[48px])

    TypeError: Cannot read properties of undefined (reading 'state')

      91 |
      92 |       {/* Status Message Display */}
    > 93 |       {status.state !== 'idle' && (
         |               ^
      94 |         <div
      95 |           role="status"
      96 |           aria-live="polite"

      at state (src/components/LoginForm.tsx:93:15)
      at renderWithHooks (node_modules/react-dom/cjs/react-dom.development.js:15486:18)
      at mountIndeterminateComponent (node_modules/react-dom/cjs/react-dom.development.js:20103:13)
      at beginWork (node_modules/react-dom/cjs/react-dom.development.js:21626:16)
      at beginWork$1 (node_modules/react-dom/cjs/react-dom.development.js:27465:14)
      at performUnitOfWork (node_modules/react-dom/cjs/react-dom.development.js:26599:12)
      at workLoopSync (node_modules/react-dom/cjs/react-dom.development.js:26505:5)
      at renderRootSync (node_modules/react-dom/cjs/react-dom.development.js:26473:7)
      at recoverFromConcurrentError (node_modules/react-dom/cjs/react-dom.development.js:25889:20)
      at performConcurrentWorkOnRoot (node_modules/react-dom/cjs/react-dom.development.js:25789:22)
      at flushActQueue (node_modules/react/cjs/react.development.js:2667:24)
      at act (node_modules/react/cjs/react.development.js:2582:11)
      at node_modules/@testing-library/react/dist/act-compat.js:46:25
      at renderRoot (node_modules/@testing-library/react/dist/pure.js:189:26)
      at render (node_modules/@testing-library/react/dist/pure.js:291:10)
      at Object.<anonymous> (src/app/login/responsive-layout.test.tsx:225:13)

  ● Responsive Layout - Comprehensive Tests › Requirement 6.4: Touch-Friendly Button Sizes (minimum 44x44px) › should use smaller toggle button on desktop (md:min-w-[36px] md:min-h-[36px])

    TypeError: Cannot read properties of undefined (reading 'state')

      91 |
      92 |       {/* Status Message Display */}
    > 93 |       {status.state !== 'idle' && (
         |               ^
      94 |         <div
      95 |           role="status"
      96 |           aria-live="polite"

      at state (src/components/LoginForm.tsx:93:15)
      at renderWithHooks (node_modules/react-dom/cjs/react-dom.development.js:15486:18)
      at mountIndeterminateComponent (node_modules/react-dom/cjs/react-dom.development.js:20103:13)
      at beginWork (node_modules/react-dom/cjs/react-dom.development.js:21626:16)
      at beginWork$1 (node_modules/react-dom/cjs/react-dom.development.js:27465:14)
      at performUnitOfWork (node_modules/react-dom/cjs/react-dom.development.js:26599:12)
      at workLoopSync (node_modules/react-dom/cjs/react-dom.development.js:26505:5)
      at renderRootSync (node_modules/react-dom/cjs/react-dom.development.js:26473:7)
      at recoverFromConcurrentError (node_modules/react-dom/cjs/react-dom.development.js:25889:20)
      at performConcurrentWorkOnRoot (node_modules/react-dom/cjs/react-dom.development.js:25789:22)
      at flushActQueue (node_modules/react/cjs/react.development.js:2667:24)
      at act (node_modules/react/cjs/react.development.js:2582:11)
      at node_modules/@testing-library/react/dist/act-compat.js:46:25
      at renderRoot (node_modules/@testing-library/react/dist/pure.js:189:26)
      at render (node_modules/@testing-library/react/dist/pure.js:291:10)
      at Object.<anonymous> (src/app/login/responsive-layout.test.tsx:234:13)

  ● Responsive Layout - Comprehensive Tests › Requirement 6.4: Touch-Friendly Button Sizes (minimum 44x44px) › should use smaller input height on desktop (md:min-h-[40px])

    TypeError: Cannot read properties of undefined (reading 'state')

      91 |
      92 |       {/* Status Message Display */}
    > 93 |       {status.state !== 'idle' && (
         |               ^
      94 |         <div
      95 |           role="status"
      96 |           aria-live="polite"

      at state (src/components/LoginForm.tsx:93:15)
      at renderWithHooks (node_modules/react-dom/cjs/react-dom.development.js:15486:18)
      at mountIndeterminateComponent (node_modules/react-dom/cjs/react-dom.development.js:20103:13)
      at beginWork (node_modules/react-dom/cjs/react-dom.development.js:21626:16)
      at beginWork$1 (node_modules/react-dom/cjs/react-dom.development.js:27465:14)
      at performUnitOfWork (node_modules/react-dom/cjs/react-dom.development.js:26599:12)
      at workLoopSync (node_modules/react-dom/cjs/react-dom.development.js:26505:5)
      at renderRootSync (node_modules/react-dom/cjs/react-dom.development.js:26473:7)
      at recoverFromConcurrentError (node_modules/react-dom/cjs/react-dom.development.js:25889:20)
      at performConcurrentWorkOnRoot (node_modules/react-dom/cjs/react-dom.development.js:25789:22)
      at flushActQueue (node_modules/react/cjs/react.development.js:2667:24)
      at act (node_modules/react/cjs/react.development.js:2582:11)
      at node_modules/@testing-library/react/dist/act-compat.js:46:25
      at renderRoot (node_modules/@testing-library/react/dist/pure.js:189:26)
      at render (node_modules/@testing-library/react/dist/pure.js:291:10)
      at Object.<anonymous> (src/app/login/responsive-layout.test.tsx:243:13)

  ● Responsive Layout - Comprehensive Tests › Requirement 6.4: Touch-Friendly Button Sizes (minimum 44x44px) › should have proper spacing between form elements for touch targets

    TypeError: Cannot read properties of undefined (reading 'state')

      91 |
      92 |       {/* Status Message Display */}
    > 93 |       {status.state !== 'idle' && (
         |               ^
      94 |         <div
      95 |           role="status"
      96 |           aria-live="polite"

      at state (src/components/LoginForm.tsx:93:15)
      at renderWithHooks (node_modules/react-dom/cjs/react-dom.development.js:15486:18)
      at mountIndeterminateComponent (node_modules/react-dom/cjs/react-dom.development.js:20103:13)
      at beginWork (node_modules/react-dom/cjs/react-dom.development.js:21626:16)
      at beginWork$1 (node_modules/react-dom/cjs/react-dom.development.js:27465:14)
      at performUnitOfWork (node_modules/react-dom/cjs/react-dom.development.js:26599:12)
      at workLoopSync (node_modules/react-dom/cjs/react-dom.development.js:26505:5)
      at renderRootSync (node_modules/react-dom/cjs/react-dom.development.js:26473:7)
      at recoverFromConcurrentError (node_modules/react-dom/cjs/react-dom.development.js:25889:20)
      at performConcurrentWorkOnRoot (node_modules/react-dom/cjs/react-dom.development.js:25789:22)
      at flushActQueue (node_modules/react/cjs/react.development.js:2667:24)
      at act (node_modules/react/cjs/react.development.js:2582:11)
      at node_modules/@testing-library/react/dist/act-compat.js:46:25
      at renderRoot (node_modules/@testing-library/react/dist/pure.js:189:26)
      at render (node_modules/@testing-library/react/dist/pure.js:291:10)
      at Object.<anonymous> (src/app/login/responsive-layout.test.tsx:254:35)

  ● Responsive Layout - Comprehensive Tests › Requirement 6.4: Touch-Friendly Button Sizes (minimum 44x44px) › should have proper padding in card content for touch targets

    TypeError: Cannot read properties of undefined (reading 'state')

      91 |
      92 |       {/* Status Message Display */}
    > 93 |       {status.state !== 'idle' && (
         |               ^
      94 |         <div
      95 |           role="status"
      96 |           aria-live="polite"

      at state (src/components/LoginForm.tsx:93:15)
      at renderWithHooks (node_modules/react-dom/cjs/react-dom.development.js:15486:18)
      at mountIndeterminateComponent (node_modules/react-dom/cjs/react-dom.development.js:20103:13)
      at beginWork (node_modules/react-dom/cjs/react-dom.development.js:21626:16)
      at beginWork$1 (node_modules/react-dom/cjs/react-dom.development.js:27465:14)
      at performUnitOfWork (node_modules/react-dom/cjs/react-dom.development.js:26599:12)
      at workLoopSync (node_modules/react-dom/cjs/react-dom.development.js:26505:5)
      at renderRootSync (node_modules/react-dom/cjs/react-dom.development.js:26473:7)
      at recoverFromConcurrentError (node_modules/react-dom/cjs/react-dom.development.js:25889:20)
      at performConcurrentWorkOnRoot (node_modules/react-dom/cjs/react-dom.development.js:25789:22)
      at flushActQueue (node_modules/react/cjs/react.development.js:2667:24)
      at act (node_modules/react/cjs/react.development.js:2582:11)
      at node_modules/@testing-library/react/dist/act-compat.js:46:25
      at renderRoot (node_modules/@testing-library/react/dist/pure.js:189:26)
      at render (node_modules/@testing-library/react/dist/pure.js:291:10)
      at Object.<anonymous> (src/app/login/responsive-layout.test.tsx:264:13)

  ● Responsive Layout - Comprehensive Tests › Requirement 6.4: Touch-Friendly Button Sizes (minimum 44x44px) › should have proper spacing in card header

    TypeError: Cannot read properties of undefined (reading 'state')

      91 |
      92 |       {/* Status Message Display */}
    > 93 |       {status.state !== 'idle' && (
         |               ^
      94 |         <div
      95 |           role="status"
      96 |           aria-live="polite"

      at state (src/components/LoginForm.tsx:93:15)
      at renderWithHooks (node_modules/react-dom/cjs/react-dom.development.js:15486:18)
      at mountIndeterminateComponent (node_modules/react-dom/cjs/react-dom.development.js:20103:13)
      at beginWork (node_modules/react-dom/cjs/react-dom.development.js:21626:16)
      at beginWork$1 (node_modules/react-dom/cjs/react-dom.development.js:27465:14)
      at performUnitOfWork (node_modules/react-dom/cjs/react-dom.development.js:26599:12)
      at workLoopSync (node_modules/react-dom/cjs/react-dom.development.js:26505:5)
      at renderRootSync (node_modules/react-dom/cjs/react-dom.development.js:26473:7)
      at recoverFromConcurrentError (node_modules/react-dom/cjs/react-dom.development.js:25889:20)
      at performConcurrentWorkOnRoot (node_modules/react-dom/cjs/react-dom.development.js:25789:22)
      at flushActQueue (node_modules/react/cjs/react.development.js:2667:24)
      at act (node_modules/react/cjs/react.development.js:2582:11)
      at node_modules/@testing-library/react/dist/act-compat.js:46:25
      at renderRoot (node_modules/@testing-library/react/dist/pure.js:189:26)
      at render (node_modules/@testing-library/react/dist/pure.js:291:10)
      at Object.<anonymous> (src/app/login/responsive-layout.test.tsx:273:13)

  ● Responsive Layout - Comprehensive Tests › Responsive Text Sizing › should use responsive font sizes for title

    TypeError: Cannot read properties of undefined (reading 'state')

      91 |
      92 |       {/* Status Message Display */}
    > 93 |       {status.state !== 'idle' && (
         |               ^
      94 |         <div
      95 |           role="status"
      96 |           aria-live="polite"

      at state (src/components/LoginForm.tsx:93:15)
      at renderWithHooks (node_modules/react-dom/cjs/react-dom.development.js:15486:18)
      at mountIndeterminateComponent (node_modules/react-dom/cjs/react-dom.development.js:20103:13)
      at beginWork (node_modules/react-dom/cjs/react-dom.development.js:21626:16)
      at beginWork$1 (node_modules/react-dom/cjs/react-dom.development.js:27465:14)
      at performUnitOfWork (node_modules/react-dom/cjs/react-dom.development.js:26599:12)
      at workLoopSync (node_modules/react-dom/cjs/react-dom.development.js:26505:5)
      at renderRootSync (node_modules/react-dom/cjs/react-dom.development.js:26473:7)
      at recoverFromConcurrentError (node_modules/react-dom/cjs/react-dom.development.js:25889:20)
      at performConcurrentWorkOnRoot (node_modules/react-dom/cjs/react-dom.development.js:25789:22)
      at flushActQueue (node_modules/react/cjs/react.development.js:2667:24)
      at act (node_modules/react/cjs/react.development.js:2582:11)
      at node_modules/@testing-library/react/dist/act-compat.js:46:25
      at renderRoot (node_modules/@testing-library/react/dist/pure.js:189:26)
      at render (node_modules/@testing-library/react/dist/pure.js:291:10)
      at Object.<anonymous> (src/app/login/responsive-layout.test.tsx:284:13)

  ● Responsive Layout - Comprehensive Tests › Responsive Text Sizing › should use responsive font sizes for description

    TypeError: Cannot read properties of undefined (reading 'state')

      91 |
      92 |       {/* Status Message Display */}
    > 93 |       {status.state !== 'idle' && (
         |               ^
      94 |         <div
      95 |           role="status"
      96 |           aria-live="polite"

      at state (src/components/LoginForm.tsx:93:15)
      at renderWithHooks (node_modules/react-dom/cjs/react-dom.development.js:15486:18)
      at mountIndeterminateComponent (node_modules/react-dom/cjs/react-dom.development.js:20103:13)
      at beginWork (node_modules/react-dom/cjs/react-dom.development.js:21626:16)
      at beginWork$1 (node_modules/react-dom/cjs/react-dom.development.js:27465:14)
      at performUnitOfWork (node_modules/react-dom/cjs/react-dom.development.js:26599:12)
      at workLoopSync (node_modules/react-dom/cjs/react-dom.development.js:26505:5)
      at renderRootSync (node_modules/react-dom/cjs/react-dom.development.js:26473:7)
      at recoverFromConcurrentError (node_modules/react-dom/cjs/react-dom.development.js:25889:20)
      at performConcurrentWorkOnRoot (node_modules/react-dom/cjs/react-dom.development.js:25789:22)
      at flushActQueue (node_modules/react/cjs/react.development.js:2667:24)
      at act (node_modules/react/cjs/react.development.js:2582:11)
      at node_modules/@testing-library/react/dist/act-compat.js:46:25
      at renderRoot (node_modules/@testing-library/react/dist/pure.js:189:26)
      at render (node_modules/@testing-library/react/dist/pure.js:291:10)
      at Object.<anonymous> (src/app/login/responsive-layout.test.tsx:293:13)

  ● Responsive Layout - Comprehensive Tests › Responsive Text Sizing › should use base text size for inputs

    TypeError: Cannot read properties of undefined (reading 'state')

      91 |
      92 |       {/* Status Message Display */}
    > 93 |       {status.state !== 'idle' && (
         |               ^
      94 |         <div
      95 |           role="status"
      96 |           aria-live="polite"

      at state (src/components/LoginForm.tsx:93:15)
      at renderWithHooks (node_modules/react-dom/cjs/react-dom.development.js:15486:18)
      at mountIndeterminateComponent (node_modules/react-dom/cjs/react-dom.development.js:20103:13)
      at beginWork (node_modules/react-dom/cjs/react-dom.development.js:21626:16)
      at beginWork$1 (node_modules/react-dom/cjs/react-dom.development.js:27465:14)
      at performUnitOfWork (node_modules/react-dom/cjs/react-dom.development.js:26599:12)
      at workLoopSync (node_modules/react-dom/cjs/react-dom.development.js:26505:5)
      at renderRootSync (node_modules/react-dom/cjs/react-dom.development.js:26473:7)
      at recoverFromConcurrentError (node_modules/react-dom/cjs/react-dom.development.js:25889:20)
      at performConcurrentWorkOnRoot (node_modules/react-dom/cjs/react-dom.development.js:25789:22)
      at flushActQueue (node_modules/react/cjs/react.development.js:2667:24)
      at act (node_modules/react/cjs/react.development.js:2582:11)
      at node_modules/@testing-library/react/dist/act-compat.js:46:25
      at renderRoot (node_modules/@testing-library/react/dist/pure.js:189:26)
      at render (node_modules/@testing-library/react/dist/pure.js:291:10)
      at Object.<anonymous> (src/app/login/responsive-layout.test.tsx:302:13)

  ● Responsive Layout - Comprehensive Tests › Responsive Text Sizing › should use smaller text on desktop for inputs (md:text-sm)

    TypeError: Cannot read properties of undefined (reading 'state')

      91 |
      92 |       {/* Status Message Display */}
    > 93 |       {status.state !== 'idle' && (
         |               ^
      94 |         <div
      95 |           role="status"
      96 |           aria-live="polite"

      at state (src/components/LoginForm.tsx:93:15)
      at renderWithHooks (node_modules/react-dom/cjs/react-dom.development.js:15486:18)
      at mountIndeterminateComponent (node_modules/react-dom/cjs/react-dom.development.js:20103:13)
      at beginWork (node_modules/react-dom/cjs/react-dom.development.js:21626:16)
      at beginWork$1 (node_modules/react-dom/cjs/react-dom.development.js:27465:14)
      at performUnitOfWork (node_modules/react-dom/cjs/react-dom.development.js:26599:12)
      at workLoopSync (node_modules/react-dom/cjs/react-dom.development.js:26505:5)
      at renderRootSync (node_modules/react-dom/cjs/react-dom.development.js:26473:7)
      at recoverFromConcurrentError (node_modules/react-dom/cjs/react-dom.development.js:25889:20)
      at performConcurrentWorkOnRoot (node_modules/react-dom/cjs/react-dom.development.js:25789:22)
      at flushActQueue (node_modules/react/cjs/react.development.js:2667:24)
      at act (node_modules/react/cjs/react.development.js:2582:11)
      at node_modules/@testing-library/react/dist/act-compat.js:46:25
      at renderRoot (node_modules/@testing-library/react/dist/pure.js:189:26)
      at render (node_modules/@testing-library/react/dist/pure.js:291:10)
      at Object.<anonymous> (src/app/login/responsive-layout.test.tsx:313:13)

  ● Responsive Layout - Comprehensive Tests › Background and Container Styling › should have light gray background

    TypeError: Cannot read properties of undefined (reading 'state')

      91 |
      92 |       {/* Status Message Display */}
    > 93 |       {status.state !== 'idle' && (
         |               ^
      94 |         <div
      95 |           role="status"
      96 |           aria-live="polite"

      at state (src/components/LoginForm.tsx:93:15)
      at renderWithHooks (node_modules/react-dom/cjs/react-dom.development.js:15486:18)
      at mountIndeterminateComponent (node_modules/react-dom/cjs/react-dom.development.js:20103:13)
      at beginWork (node_modules/react-dom/cjs/react-dom.development.js:21626:16)
      at beginWork$1 (node_modules/react-dom/cjs/react-dom.development.js:27465:14)
      at performUnitOfWork (node_modules/react-dom/cjs/react-dom.development.js:26599:12)
      at workLoopSync (node_modules/react-dom/cjs/react-dom.development.js:26505:5)
      at renderRootSync (node_modules/react-dom/cjs/react-dom.development.js:26473:7)
      at recoverFromConcurrentError (node_modules/react-dom/cjs/react-dom.development.js:25889:20)
      at performConcurrentWorkOnRoot (node_modules/react-dom/cjs/react-dom.development.js:25789:22)
      at flushActQueue (node_modules/react/cjs/react.development.js:2667:24)
      at act (node_modules/react/cjs/react.development.js:2582:11)
      at node_modules/@testing-library/react/dist/act-compat.js:46:25
      at renderRoot (node_modules/@testing-library/react/dist/pure.js:189:26)
      at render (node_modules/@testing-library/react/dist/pure.js:291:10)
      at Object.<anonymous> (src/app/login/responsive-layout.test.tsx:326:35)

  ● Responsive Layout - Comprehensive Tests › Background and Container Styling › should take full viewport height

    TypeError: Cannot read properties of undefined (reading 'state')

      91 |
      92 |       {/* Status Message Display */}
    > 93 |       {status.state !== 'idle' && (
         |               ^
      94 |         <div
      95 |           role="status"
      96 |           aria-live="polite"

      at state (src/components/LoginForm.tsx:93:15)
      at renderWithHooks (node_modules/react-dom/cjs/react-dom.development.js:15486:18)
      at mountIndeterminateComponent (node_modules/react-dom/cjs/react-dom.development.js:20103:13)
      at beginWork (node_modules/react-dom/cjs/react-dom.development.js:21626:16)
      at beginWork$1 (node_modules/react-dom/cjs/react-dom.development.js:27465:14)
      at performUnitOfWork (node_modules/react-dom/cjs/react-dom.development.js:26599:12)
      at workLoopSync (node_modules/react-dom/cjs/react-dom.development.js:26505:5)
      at renderRootSync (node_modules/react-dom/cjs/react-dom.development.js:26473:7)
      at recoverFromConcurrentError (node_modules/react-dom/cjs/react-dom.development.js:25889:20)
      at performConcurrentWorkOnRoot (node_modules/react-dom/cjs/react-dom.development.js:25789:22)
      at flushActQueue (node_modules/react/cjs/react.development.js:2667:24)
      at act (node_modules/react/cjs/react.development.js:2582:11)
      at node_modules/@testing-library/react/dist/act-compat.js:46:25
      at renderRoot (node_modules/@testing-library/react/dist/pure.js:189:26)
      at render (node_modules/@testing-library/react/dist/pure.js:291:10)
      at Object.<anonymous> (src/app/login/responsive-layout.test.tsx:333:35)

  ● Responsive Layout - Comprehensive Tests › Background and Container Styling › should use flexbox for centering

    TypeError: Cannot read properties of undefined (reading 'state')

      91 |
      92 |       {/* Status Message Display */}
    > 93 |       {status.state !== 'idle' && (
         |               ^
      94 |         <div
      95 |           role="status"
      96 |           aria-live="polite"

      at state (src/components/LoginForm.tsx:93:15)
      at renderWithHooks (node_modules/react-dom/cjs/react-dom.development.js:15486:18)
      at mountIndeterminateComponent (node_modules/react-dom/cjs/react-dom.development.js:20103:13)
      at beginWork (node_modules/react-dom/cjs/react-dom.development.js:21626:16)
      at beginWork$1 (node_modules/react-dom/cjs/react-dom.development.js:27465:14)
      at performUnitOfWork (node_modules/react-dom/cjs/react-dom.development.js:26599:12)
      at workLoopSync (node_modules/react-dom/cjs/react-dom.development.js:26505:5)
      at renderRootSync (node_modules/react-dom/cjs/react-dom.development.js:26473:7)
      at recoverFromConcurrentError (node_modules/react-dom/cjs/react-dom.development.js:25889:20)
      at performConcurrentWorkOnRoot (node_modules/react-dom/cjs/react-dom.development.js:25789:22)
      at flushActQueue (node_modules/react/cjs/react.development.js:2667:24)
      at act (node_modules/react/cjs/react.development.js:2582:11)
      at node_modules/@testing-library/react/dist/act-compat.js:46:25
      at renderRoot (node_modules/@testing-library/react/dist/pure.js:189:26)
      at render (node_modules/@testing-library/react/dist/pure.js:291:10)
      at Object.<anonymous> (src/app/login/responsive-layout.test.tsx:340:35)

  ● Responsive Layout - Comprehensive Tests › Accessibility and Semantic Structure › should have proper heading hierarchy

    TypeError: Cannot read properties of undefined (reading 'state')

      91 |
      92 |       {/* Status Message Display */}
    > 93 |       {status.state !== 'idle' && (
         |               ^
      94 |         <div
      95 |           role="status"
      96 |           aria-live="polite"

      at state (src/components/LoginForm.tsx:93:15)
      at renderWithHooks (node_modules/react-dom/cjs/react-dom.development.js:15486:18)
      at mountIndeterminateComponent (node_modules/react-dom/cjs/react-dom.development.js:20103:13)
      at beginWork (node_modules/react-dom/cjs/react-dom.development.js:21626:16)
      at beginWork$1 (node_modules/react-dom/cjs/react-dom.development.js:27465:14)
      at performUnitOfWork (node_modules/react-dom/cjs/react-dom.development.js:26599:12)
      at workLoopSync (node_modules/react-dom/cjs/react-dom.development.js:26505:5)
      at renderRootSync (node_modules/react-dom/cjs/react-dom.development.js:26473:7)
      at recoverFromConcurrentError (node_modules/react-dom/cjs/react-dom.development.js:25889:20)
      at performConcurrentWorkOnRoot (node_modules/react-dom/cjs/react-dom.development.js:25789:22)
      at flushActQueue (node_modules/react/cjs/react.development.js:2667:24)
      at act (node_modules/react/cjs/react.development.js:2582:11)
      at node_modules/@testing-library/react/dist/act-compat.js:46:25
      at renderRoot (node_modules/@testing-library/react/dist/pure.js:189:26)
      at render (node_modules/@testing-library/react/dist/pure.js:291:10)
      at Object.<anonymous> (src/app/login/responsive-layout.test.tsx:349:13)

  ● Responsive Layout - Comprehensive Tests › Accessibility and Semantic Structure › should have descriptive text for users

    TypeError: Cannot read properties of undefined (reading 'state')

      91 |
      92 |       {/* Status Message Display */}
    > 93 |       {status.state !== 'idle' && (
         |               ^
      94 |         <div
      95 |           role="status"
      96 |           aria-live="polite"

      at state (src/components/LoginForm.tsx:93:15)
      at renderWithHooks (node_modules/react-dom/cjs/react-dom.development.js:15486:18)
      at mountIndeterminateComponent (node_modules/react-dom/cjs/react-dom.development.js:20103:13)
      at beginWork (node_modules/react-dom/cjs/react-dom.development.js:21626:16)
      at beginWork$1 (node_modules/react-dom/cjs/react-dom.development.js:27465:14)
      at performUnitOfWork (node_modules/react-dom/cjs/react-dom.development.js:26599:12)
      at workLoopSync (node_modules/react-dom/cjs/react-dom.development.js:26505:5)
      at renderRootSync (node_modules/react-dom/cjs/react-dom.development.js:26473:7)
      at recoverFromConcurrentError (node_modules/react-dom/cjs/react-dom.development.js:25889:20)
      at performConcurrentWorkOnRoot (node_modules/react-dom/cjs/react-dom.development.js:25789:22)
      at flushActQueue (node_modules/react/cjs/react.development.js:2667:24)
      at act (node_modules/react/cjs/react.development.js:2582:11)
      at node_modules/@testing-library/react/dist/act-compat.js:46:25
      at renderRoot (node_modules/@testing-library/react/dist/pure.js:189:26)
      at render (node_modules/@testing-library/react/dist/pure.js:291:10)
      at Object.<anonymous> (src/app/login/responsive-layout.test.tsx:357:13)

  ● Responsive Layout - Comprehensive Tests › Accessibility and Semantic Structure › should wrap content in error boundary for error handling

    TypeError: Cannot read properties of undefined (reading 'state')

      91 |
      92 |       {/* Status Message Display */}
    > 93 |       {status.state !== 'idle' && (
         |               ^
      94 |         <div
      95 |           role="status"
      96 |           aria-live="polite"

      at state (src/components/LoginForm.tsx:93:15)
      at renderWithHooks (node_modules/react-dom/cjs/react-dom.development.js:15486:18)
      at mountIndeterminateComponent (node_modules/react-dom/cjs/react-dom.development.js:20103:13)
      at beginWork (node_modules/react-dom/cjs/react-dom.development.js:21626:16)
      at beginWork$1 (node_modules/react-dom/cjs/react-dom.development.js:27465:14)
      at performUnitOfWork (node_modules/react-dom/cjs/react-dom.development.js:26599:12)
      at workLoopSync (node_modules/react-dom/cjs/react-dom.development.js:26505:5)
      at renderRootSync (node_modules/react-dom/cjs/react-dom.development.js:26473:7)
      at recoverFromConcurrentError (node_modules/react-dom/cjs/react-dom.development.js:25889:20)
      at performConcurrentWorkOnRoot (node_modules/react-dom/cjs/react-dom.development.js:25789:22)
      at flushActQueue (node_modules/react/cjs/react.development.js:2667:24)
      at act (node_modules/react/cjs/react.development.js:2582:11)
      at node_modules/@testing-library/react/dist/act-compat.js:46:25
      at renderRoot (node_modules/@testing-library/react/dist/pure.js:189:26)
      at render (node_modules/@testing-library/react/dist/pure.js:291:10)
      at Object.<anonymous> (src/app/login/responsive-layout.test.tsx:364:13)

  ● Responsive Layout - Comprehensive Tests › Accessibility and Semantic Structure › should provide signup link for new users

    TypeError: Cannot read properties of undefined (reading 'state')

      91 |
      92 |       {/* Status Message Display */}
    > 93 |       {status.state !== 'idle' && (
         |               ^
      94 |         <div
      95 |           role="status"
      96 |           aria-live="polite"

      at state (src/components/LoginForm.tsx:93:15)
      at renderWithHooks (node_modules/react-dom/cjs/react-dom.development.js:15486:18)
      at mountIndeterminateComponent (node_modules/react-dom/cjs/react-dom.development.js:20103:13)
      at beginWork (node_modules/react-dom/cjs/react-dom.development.js:21626:16)
      at beginWork$1 (node_modules/react-dom/cjs/react-dom.development.js:27465:14)
      at performUnitOfWork (node_modules/react-dom/cjs/react-dom.development.js:26599:12)
      at workLoopSync (node_modules/react-dom/cjs/react-dom.development.js:26505:5)
      at renderRootSync (node_modules/react-dom/cjs/react-dom.development.js:26473:7)
      at recoverFromConcurrentError (node_modules/react-dom/cjs/react-dom.development.js:25889:20)
      at performConcurrentWorkOnRoot (node_modules/react-dom/cjs/react-dom.development.js:25789:22)
      at flushActQueue (node_modules/react/cjs/react.development.js:2667:24)
      at act (node_modules/react/cjs/react.development.js:2582:11)
      at node_modules/@testing-library/react/dist/act-compat.js:46:25
      at renderRoot (node_modules/@testing-library/react/dist/pure.js:189:26)
      at render (node_modules/@testing-library/react/dist/pure.js:291:10)
      at Object.<anonymous> (src/app/login/responsive-layout.test.tsx:371:13)

PASS src/hooks/useLoadingState.test.tsx
PASS src/app/login/form-state-persistence.property.test.tsx (6.231 s)
  ● Console

    console.log
      [Button] Rendering with type: submit

      at log (src/components/ui/Button.tsx:25:13)

    console.log
      [Button] Props received: {
        variant: 'primary',
        size: 'lg',
        type: 'submit',
        loading: false,
        disabled: false
      }

      at log (src/components/ui/Button.tsx:26:13)

    console.log
      [Button] Has onClick in props: false

      at log (src/components/ui/Button.tsx:27:13)

    console.log
      [Button] All props: {}

      at log (src/components/ui/Button.tsx:28:13)

    console.log
      [Button] Rendering with type: submit

      at log (src/components/ui/Button.tsx:25:13)

    console.log
      [Button] Props received: {
        variant: 'primary',
        size: 'lg',
        type: 'submit',
        loading: false,
        disabled: false
      }

      at log (src/components/ui/Button.tsx:26:13)

    console.log
      [Button] Has onClick in props: false

      at log (src/components/ui/Button.tsx:27:13)

    console.log
      [Button] All props: {}

      at log (src/components/ui/Button.tsx:28:13)

    console.log
      [Button] Rendering with type: submit

      at log (src/components/ui/Button.tsx:25:13)

    console.log
      [Button] Props received: {
        variant: 'primary',
        size: 'lg',
        type: 'submit',
        loading: false,
        disabled: false
      }

      at log (src/components/ui/Button.tsx:26:13)

    console.log
      [Button] Has onClick in props: false

      at log (src/components/ui/Button.tsx:27:13)

    console.log
      [Button] All props: {}

      at log (src/components/ui/Button.tsx:28:13)

    console.log
      [Button] Rendering with type: submit

      at log (src/components/ui/Button.tsx:25:13)

    console.log
      [Button] Props received: {
        variant: 'primary',
        size: 'lg',
        type: 'submit',
        loading: false,
        disabled: false
      }

      at log (src/components/ui/Button.tsx:26:13)

    console.log
      [Button] Has onClick in props: false

      at log (src/components/ui/Button.tsx:27:13)

    console.log
      [Button] All props: {}

      at log (src/components/ui/Button.tsx:28:13)

    console.log
      [Button] Rendering with type: submit

      at log (src/components/ui/Button.tsx:25:13)

    console.log
      [Button] Props received: {
        variant: 'primary',
        size: 'lg',
        type: 'submit',
        loading: false,
        disabled: false
      }

      at log (src/components/ui/Button.tsx:26:13)

    console.log
      [Button] Has onClick in props: false

      at log (src/components/ui/Button.tsx:27:13)

    console.log
      [Button] All props: {}

      at log (src/components/ui/Button.tsx:28:13)

    console.log
      [Button] Rendering with type: submit

      at log (src/components/ui/Button.tsx:25:13)

    console.log
      [Button] Props received: {
        variant: 'primary',
        size: 'lg',
        type: 'submit',
        loading: false,
        disabled: false
      }

      at log (src/components/ui/Button.tsx:26:13)

    console.log
      [Button] Has onClick in props: false

      at log (src/components/ui/Button.tsx:27:13)

    console.log
      [Button] All props: {}

      at log (src/components/ui/Button.tsx:28:13)

    console.log
      [Button] Rendering with type: submit

      at log (src/components/ui/Button.tsx:25:13)

    console.log
      [Button] Props received: {
        variant: 'primary',
        size: 'lg',
        type: 'submit',
        loading: false,
        disabled: false
      }

      at log (src/components/ui/Button.tsx:26:13)

    console.log
      [Button] Has onClick in props: false

      at log (src/components/ui/Button.tsx:27:13)

    console.log
      [Button] All props: {}

      at log (src/components/ui/Button.tsx:28:13)

    console.log
      [Button] Rendering with type: submit

      at log (src/components/ui/Button.tsx:25:13)

    console.log
      [Button] Props received: {
        variant: 'primary',
        size: 'lg',
        type: 'submit',
        loading: false,
        disabled: false
      }

      at log (src/components/ui/Button.tsx:26:13)

    console.log
      [Button] Has onClick in props: false

      at log (src/components/ui/Button.tsx:27:13)

    console.log
      [Button] All props: {}

      at log (src/components/ui/Button.tsx:28:13)

    console.log
      [Button] Rendering with type: submit

      at log (src/components/ui/Button.tsx:25:13)

    console.log
      [Button] Props received: {
        variant: 'primary',
        size: 'lg',
        type: 'submit',
        loading: false,
        disabled: false
      }

      at log (src/components/ui/Button.tsx:26:13)

    console.log
      [Button] Has onClick in props: false

      at log (src/components/ui/Button.tsx:27:13)

    console.log
      [Button] All props: {}

      at log (src/components/ui/Button.tsx:28:13)

    console.log
      [Button] Rendering with type: submit

      at log (src/components/ui/Button.tsx:25:13)

    console.log
      [Button] Props received: {
        variant: 'primary',
        size: 'lg',
        type: 'submit',
        loading: false,
        disabled: false
      }

      at log (src/components/ui/Button.tsx:26:13)

    console.log
      [Button] Has onClick in props: false

      at log (src/components/ui/Button.tsx:27:13)

    console.log
      [Button] All props: {}

      at log (src/components/ui/Button.tsx:28:13)

    console.log
      [Button] Rendering with type: submit

      at log (src/components/ui/Button.tsx:25:13)

    console.log
      [Button] Props received: {
        variant: 'primary',
        size: 'lg',
        type: 'submit',
        loading: false,
        disabled: false
      }

      at log (src/components/ui/Button.tsx:26:13)

    console.log
      [Button] Has onClick in props: false

      at log (src/components/ui/Button.tsx:27:13)

    console.log
      [Button] All props: {}

      at log (src/components/ui/Button.tsx:28:13)

    console.log
      [Button] Rendering with type: submit

      at log (src/components/ui/Button.tsx:25:13)

    console.log
      [Button] Props received: {
        variant: 'primary',
        size: 'lg',
        type: 'submit',
        loading: false,
        disabled: false
      }

      at log (src/components/ui/Button.tsx:26:13)

    console.log
      [Button] Has onClick in props: false

      at log (src/components/ui/Button.tsx:27:13)

    console.log
      [Button] All props: {}

      at log (src/components/ui/Button.tsx:28:13)

    console.log
      [Button] Rendering with type: submit

      at log (src/components/ui/Button.tsx:25:13)

    console.log
      [Button] Props received: {
        variant: 'primary',
        size: 'lg',
        type: 'submit',
        loading: false,
        disabled: false
      }

      at log (src/components/ui/Button.tsx:26:13)

    console.log
      [Button] Has onClick in props: false

      at log (src/components/ui/Button.tsx:27:13)

    console.log
      [Button] All props: {}

      at log (src/components/ui/Button.tsx:28:13)

    console.log
      [Button] Rendering with type: submit

      at log (src/components/ui/Button.tsx:25:13)

    console.log
      [Button] Props received: {
        variant: 'primary',
        size: 'lg',
        type: 'submit',
        loading: false,
        disabled: false
      }

      at log (src/components/ui/Button.tsx:26:13)

    console.log
      [Button] Has onClick in props: false

      at log (src/components/ui/Button.tsx:27:13)

    console.log
      [Button] All props: {}

      at log (src/components/ui/Button.tsx:28:13)

    console.log
      [Button] Rendering with type: submit

      at log (src/components/ui/Button.tsx:25:13)

    console.log
      [Button] Props received: {
        variant: 'primary',
        size: 'lg',
        type: 'submit',
        loading: false,
        disabled: false
      }

      at log (src/components/ui/Button.tsx:26:13)

    console.log
      [Button] Has onClick in props: false

      at log (src/components/ui/Button.tsx:27:13)

    console.log
      [Button] All props: {}

      at log (src/components/ui/Button.tsx:28:13)

    console.log
      [Button] Rendering with type: submit

      at log (src/components/ui/Button.tsx:25:13)

    console.log
      [Button] Props received: {
        variant: 'primary',
        size: 'lg',
        type: 'submit',
        loading: false,
        disabled: false
      }

      at log (src/components/ui/Button.tsx:26:13)

    console.log
      [Button] Has onClick in props: false

      at log (src/components/ui/Button.tsx:27:13)

    console.log
      [Button] All props: {}

      at log (src/components/ui/Button.tsx:28:13)

    console.log
      [Button] Rendering with type: submit

      at log (src/components/ui/Button.tsx:25:13)

    console.log
      [Button] Props received: {
        variant: 'primary',
        size: 'lg',
        type: 'submit',
        loading: false,
        disabled: false
      }

      at log (src/components/ui/Button.tsx:26:13)

    console.log
      [Button] Has onClick in props: false

      at log (src/components/ui/Button.tsx:27:13)

    console.log
      [Button] All props: {}

      at log (src/components/ui/Button.tsx:28:13)

    console.log
      [Button] Rendering with type: submit

      at log (src/components/ui/Button.tsx:25:13)

    console.log
      [Button] Props received: {
        variant: 'primary',
        size: 'lg',
        type: 'submit',
        loading: false,
        disabled: false
      }

      at log (src/components/ui/Button.tsx:26:13)

    console.log
      [Button] Has onClick in props: false

      at log (src/components/ui/Button.tsx:27:13)

    console.log
      [Button] All props: {}

      at log (src/components/ui/Button.tsx:28:13)

    console.log
      [Button] Rendering with type: submit

      at log (src/components/ui/Button.tsx:25:13)

    console.log
      [Button] Props received: {
        variant: 'primary',
        size: 'lg',
        type: 'submit',
        loading: false,
        disabled: false
      }

      at log (src/components/ui/Button.tsx:26:13)

    console.log
      [Button] Has onClick in props: false

      at log (src/components/ui/Button.tsx:27:13)

    console.log
      [Button] All props: {}

      at log (src/components/ui/Button.tsx:28:13)

    console.log
      [Button] Rendering with type: submit

      at log (src/components/ui/Button.tsx:25:13)

    console.log
      [Button] Props received: {
        variant: 'primary',
        size: 'lg',
        type: 'submit',
        loading: false,
        disabled: false
      }

      at log (src/components/ui/Button.tsx:26:13)

    console.log
      [Button] Has onClick in props: false

      at log (src/components/ui/Button.tsx:27:13)

    console.log
      [Button] All props: {}

      at log (src/components/ui/Button.tsx:28:13)

    console.log
      [Button] Rendering with type: submit

      at log (src/components/ui/Button.tsx:25:13)

    console.log
      [Button] Props received: {
        variant: 'primary',
        size: 'lg',
        type: 'submit',
        loading: false,
        disabled: false
      }

      at log (src/components/ui/Button.tsx:26:13)

    console.log
      [Button] Has onClick in props: false

      at log (src/components/ui/Button.tsx:27:13)

    console.log
      [Button] All props: {}

      at log (src/components/ui/Button.tsx:28:13)

    console.log
      [Button] Rendering with type: submit

      at log (src/components/ui/Button.tsx:25:13)

    console.log
      [Button] Props received: {
        variant: 'primary',
        size: 'lg',
        type: 'submit',
        loading: false,
        disabled: false
      }

      at log (src/components/ui/Button.tsx:26:13)

    console.log
      [Button] Has onClick in props: false

      at log (src/components/ui/Button.tsx:27:13)

    console.log
      [Button] All props: {}

      at log (src/components/ui/Button.tsx:28:13)

    console.log
      [Button] Rendering with type: submit

      at log (src/components/ui/Button.tsx:25:13)

    console.log
      [Button] Props received: {
        variant: 'primary',
        size: 'lg',
        type: 'submit',
        loading: false,
        disabled: false
      }

      at log (src/components/ui/Button.tsx:26:13)

    console.log
      [Button] Has onClick in props: false

      at log (src/components/ui/Button.tsx:27:13)

    console.log
      [Button] All props: {}

      at log (src/components/ui/Button.tsx:28:13)

    console.log
      [Button] Rendering with type: submit

      at log (src/components/ui/Button.tsx:25:13)

    console.log
      [Button] Props received: {
        variant: 'primary',
        size: 'lg',
        type: 'submit',
        loading: false,
        disabled: false
      }

      at log (src/components/ui/Button.tsx:26:13)

    console.log
      [Button] Has onClick in props: false

      at log (src/components/ui/Button.tsx:27:13)

    console.log
      [Button] All props: {}

      at log (src/components/ui/Button.tsx:28:13)

    console.log
      [Button] Rendering with type: submit

      at log (src/components/ui/Button.tsx:25:13)

    console.log
      [Button] Props received: {
        variant: 'primary',
        size: 'lg',
        type: 'submit',
        loading: false,
        disabled: false
      }

      at log (src/components/ui/Button.tsx:26:13)

    console.log
      [Button] Has onClick in props: false

      at log (src/components/ui/Button.tsx:27:13)

    console.log
      [Button] All props: {}

      at log (src/components/ui/Button.tsx:28:13)

    console.log
      [Button] Rendering with type: submit

      at log (src/components/ui/Button.tsx:25:13)

    console.log
      [Button] Props received: {
        variant: 'primary',
        size: 'lg',
        type: 'submit',
        loading: false,
        disabled: false
      }

      at log (src/components/ui/Button.tsx:26:13)

    console.log
      [Button] Has onClick in props: false

      at log (src/components/ui/Button.tsx:27:13)

    console.log
      [Button] All props: {}

      at log (src/components/ui/Button.tsx:28:13)

    console.log
      [Button] Rendering with type: submit

      at log (src/components/ui/Button.tsx:25:13)

    console.log
      [Button] Props received: {
        variant: 'primary',
        size: 'lg',
        type: 'submit',
        loading: false,
        disabled: false
      }

      at log (src/components/ui/Button.tsx:26:13)

    console.log
      [Button] Has onClick in props: false

      at log (src/components/ui/Button.tsx:27:13)

    console.log
      [Button] All props: {}

      at log (src/components/ui/Button.tsx:28:13)

    console.log
      [Button] Rendering with type: submit

      at log (src/components/ui/Button.tsx:25:13)

    console.log
      [Button] Props received: {
        variant: 'primary',
        size: 'lg',
        type: 'submit',
        loading: false,
        disabled: false
      }

      at log (src/components/ui/Button.tsx:26:13)

    console.log
      [Button] Has onClick in props: false

      at log (src/components/ui/Button.tsx:27:13)

    console.log
      [Button] All props: {}

      at log (src/components/ui/Button.tsx:28:13)

    console.log
      [Button] Rendering with type: submit

      at log (src/components/ui/Button.tsx:25:13)

    console.log
      [Button] Props received: {
        variant: 'primary',
        size: 'lg',
        type: 'submit',
        loading: false,
        disabled: false
      }

      at log (src/components/ui/Button.tsx:26:13)

    console.log
      [Button] Has onClick in props: false

      at log (src/components/ui/Button.tsx:27:13)

    console.log
      [Button] All props: {}

      at log (src/components/ui/Button.tsx:28:13)

    console.log
      [Button] Rendering with type: submit

      at log (src/components/ui/Button.tsx:25:13)

    console.log
      [Button] Props received: {
        variant: 'primary',
        size: 'lg',
        type: 'submit',
        loading: false,
        disabled: false
      }

      at log (src/components/ui/Button.tsx:26:13)

    console.log
      [Button] Has onClick in props: false

      at log (src/components/ui/Button.tsx:27:13)

    console.log
      [Button] All props: {}

      at log (src/components/ui/Button.tsx:28:13)

    console.log
      [Button] Rendering with type: submit

      at log (src/components/ui/Button.tsx:25:13)

    console.log
      [Button] Props received: {
        variant: 'primary',
        size: 'lg',
        type: 'submit',
        loading: false,
        disabled: false
      }

      at log (src/components/ui/Button.tsx:26:13)

    console.log
      [Button] Has onClick in props: false

      at log (src/components/ui/Button.tsx:27:13)

    console.log
      [Button] All props: {}

      at log (src/components/ui/Button.tsx:28:13)

    console.log
      [Button] Rendering with type: submit

      at log (src/components/ui/Button.tsx:25:13)

    console.log
      [Button] Props received: {
        variant: 'primary',
        size: 'lg',
        type: 'submit',
        loading: false,
        disabled: false
      }

      at log (src/components/ui/Button.tsx:26:13)

    console.log
      [Button] Has onClick in props: false

      at log (src/components/ui/Button.tsx:27:13)

    console.log
      [Button] All props: {}

      at log (src/components/ui/Button.tsx:28:13)

    console.log
      [Button] Rendering with type: submit

      at log (src/components/ui/Button.tsx:25:13)

    console.log
      [Button] Props received: {
        variant: 'primary',
        size: 'lg',
        type: 'submit',
        loading: false,
        disabled: false
      }

      at log (src/components/ui/Button.tsx:26:13)

    console.log
      [Button] Has onClick in props: false

      at log (src/components/ui/Button.tsx:27:13)

    console.log
      [Button] All props: {}

      at log (src/components/ui/Button.tsx:28:13)

    console.log
      [Button] Rendering with type: submit

      at log (src/components/ui/Button.tsx:25:13)

    console.log
      [Button] Props received: {
        variant: 'primary',
        size: 'lg',
        type: 'submit',
        loading: false,
        disabled: false
      }

      at log (src/components/ui/Button.tsx:26:13)

    console.log
      [Button] Has onClick in props: false

      at log (src/components/ui/Button.tsx:27:13)

    console.log
      [Button] All props: {}

      at log (src/components/ui/Button.tsx:28:13)

    console.log
      [Button] Rendering with type: submit

      at log (src/components/ui/Button.tsx:25:13)

    console.log
      [Button] Props received: {
        variant: 'primary',
        size: 'lg',
        type: 'submit',
        loading: false,
        disabled: false
      }

      at log (src/components/ui/Button.tsx:26:13)

    console.log
      [Button] Has onClick in props: false

      at log (src/components/ui/Button.tsx:27:13)

    console.log
      [Button] All props: {}

      at log (src/components/ui/Button.tsx:28:13)

    console.log
      [Button] Rendering with type: submit

      at log (src/components/ui/Button.tsx:25:13)

    console.log
      [Button] Props received: {
        variant: 'primary',
        size: 'lg',
        type: 'submit',
        loading: false,
        disabled: false
      }

      at log (src/components/ui/Button.tsx:26:13)

    console.log
      [Button] Has onClick in props: false

      at log (src/components/ui/Button.tsx:27:13)

    console.log
      [Button] All props: {}

      at log (src/components/ui/Button.tsx:28:13)

    console.log
      [Button] Rendering with type: submit

      at log (src/components/ui/Button.tsx:25:13)

    console.log
      [Button] Props received: {
        variant: 'primary',
        size: 'lg',
        type: 'submit',
        loading: false,
        disabled: false
      }

      at log (src/components/ui/Button.tsx:26:13)

    console.log
      [Button] Has onClick in props: false

      at log (src/components/ui/Button.tsx:27:13)

    console.log
      [Button] All props: {}

      at log (src/components/ui/Button.tsx:28:13)

    console.log
      [Button] Rendering with type: submit

      at log (src/components/ui/Button.tsx:25:13)

    console.log
      [Button] Props received: {
        variant: 'primary',
        size: 'lg',
        type: 'submit',
        loading: false,
        disabled: false
      }

      at log (src/components/ui/Button.tsx:26:13)

    console.log
      [Button] Has onClick in props: false

      at log (src/components/ui/Button.tsx:27:13)

    console.log
      [Button] All props: {}

      at log (src/components/ui/Button.tsx:28:13)

    console.log
      [Button] Rendering with type: submit

      at log (src/components/ui/Button.tsx:25:13)

    console.log
      [Button] Props received: {
        variant: 'primary',
        size: 'lg',
        type: 'submit',
        loading: false,
        disabled: false
      }

      at log (src/components/ui/Button.tsx:26:13)

    console.log
      [Button] Has onClick in props: false

      at log (src/components/ui/Button.tsx:27:13)

    console.log
      [Button] All props: {}

      at log (src/components/ui/Button.tsx:28:13)

    console.log
      [Button] Rendering with type: submit

      at log (src/components/ui/Button.tsx:25:13)

    console.log
      [Button] Props received: {
        variant: 'primary',
        size: 'lg',
        type: 'submit',
        loading: false,
        disabled: false
      }

      at log (src/components/ui/Button.tsx:26:13)

    console.log
      [Button] Has onClick in props: false

      at log (src/components/ui/Button.tsx:27:13)

    console.log
      [Button] All props: {}

      at log (src/components/ui/Button.tsx:28:13)

    console.log
      [Button] Rendering with type: submit

      at log (src/components/ui/Button.tsx:25:13)

    console.log
      [Button] Props received: {
        variant: 'primary',
        size: 'lg',
        type: 'submit',
        loading: false,
        disabled: false
      }

      at log (src/components/ui/Button.tsx:26:13)

    console.log
      [Button] Has onClick in props: false

      at log (src/components/ui/Button.tsx:27:13)

    console.log
      [Button] All props: {}

      at log (src/components/ui/Button.tsx:28:13)

    console.log
      [Button] Rendering with type: submit

      at log (src/components/ui/Button.tsx:25:13)

    console.log
      [Button] Props received: {
        variant: 'primary',
        size: 'lg',
        type: 'submit',
        loading: false,
        disabled: false
      }

      at log (src/components/ui/Button.tsx:26:13)

    console.log
      [Button] Has onClick in props: false

      at log (src/components/ui/Button.tsx:27:13)

    console.log
      [Button] All props: {}

      at log (src/components/ui/Button.tsx:28:13)

    console.log
      [Button] Rendering with type: submit

      at log (src/components/ui/Button.tsx:25:13)

    console.log
      [Button] Props received: {
        variant: 'primary',
        size: 'lg',
        type: 'submit',
        loading: false,
        disabled: false
      }

      at log (src/components/ui/Button.tsx:26:13)

    console.log
      [Button] Has onClick in props: false

      at log (src/components/ui/Button.tsx:27:13)

    console.log
      [Button] All props: {}

      at log (src/components/ui/Button.tsx:28:13)

    console.log
      [Button] Rendering with type: submit

      at log (src/components/ui/Button.tsx:25:13)

    console.log
      [Button] Props received: {
        variant: 'primary',
        size: 'lg',
        type: 'submit',
        loading: false,
        disabled: false
      }

      at log (src/components/ui/Button.tsx:26:13)

    console.log
      [Button] Has onClick in props: false

      at log (src/components/ui/Button.tsx:27:13)

    console.log
      [Button] All props: {}

      at log (src/components/ui/Button.tsx:28:13)

    console.log
      [Button] Rendering with type: submit

      at log (src/components/ui/Button.tsx:25:13)

    console.log
      [Button] Props received: {
        variant: 'primary',
        size: 'lg',
        type: 'submit',
        loading: false,
        disabled: false
      }

      at log (src/components/ui/Button.tsx:26:13)

    console.log
      [Button] Has onClick in props: false

      at log (src/components/ui/Button.tsx:27:13)

    console.log
      [Button] All props: {}

      at log (src/components/ui/Button.tsx:28:13)

    console.log
      [Button] Rendering with type: submit

      at log (src/components/ui/Button.tsx:25:13)

    console.log
      [Button] Props received: {
        variant: 'primary',
        size: 'lg',
        type: 'submit',
        loading: false,
        disabled: false
      }

      at log (src/components/ui/Button.tsx:26:13)

    console.log
      [Button] Has onClick in props: false

      at log (src/components/ui/Button.tsx:27:13)

    console.log
      [Button] All props: {}

      at log (src/components/ui/Button.tsx:28:13)

    console.log
      [Button] Rendering with type: submit

      at log (src/components/ui/Button.tsx:25:13)

    console.log
      [Button] Props received: {
        variant: 'primary',
        size: 'lg',
        type: 'submit',
        loading: false,
        disabled: false
      }

      at log (src/components/ui/Button.tsx:26:13)

    console.log
      [Button] Has onClick in props: false

      at log (src/components/ui/Button.tsx:27:13)

    console.log
      [Button] All props: {}

      at log (src/components/ui/Button.tsx:28:13)

    console.log
      [Button] Rendering with type: submit

      at log (src/components/ui/Button.tsx:25:13)

    console.log
      [Button] Props received: {
        variant: 'primary',
        size: 'lg',
        type: 'submit',
        loading: false,
        disabled: false
      }

      at log (src/components/ui/Button.tsx:26:13)

    console.log
      [Button] Has onClick in props: false

      at log (src/components/ui/Button.tsx:27:13)

    console.log
      [Button] All props: {}

      at log (src/components/ui/Button.tsx:28:13)

    console.log
      [Button] Rendering with type: submit

      at log (src/components/ui/Button.tsx:25:13)

    console.log
      [Button] Props received: {
        variant: 'primary',
        size: 'lg',
        type: 'submit',
        loading: false,
        disabled: false
      }

      at log (src/components/ui/Button.tsx:26:13)

    console.log
      [Button] Has onClick in props: false

      at log (src/components/ui/Button.tsx:27:13)

    console.log
      [Button] All props: {}

      at log (src/components/ui/Button.tsx:28:13)

    console.log
      [Button] Rendering with type: submit

      at log (src/components/ui/Button.tsx:25:13)

    console.log
      [Button] Props received: {
        variant: 'primary',
        size: 'lg',
        type: 'submit',
        loading: false,
        disabled: false
      }

      at log (src/components/ui/Button.tsx:26:13)

    console.log
      [Button] Has onClick in props: false

      at log (src/components/ui/Button.tsx:27:13)

    console.log
      [Button] All props: {}

      at log (src/components/ui/Button.tsx:28:13)

    console.log
      [Button] Rendering with type: submit

      at log (src/components/ui/Button.tsx:25:13)

    console.log
      [Button] Props received: {
        variant: 'primary',
        size: 'lg',
        type: 'submit',
        loading: false,
        disabled: false
      }

      at log (src/components/ui/Button.tsx:26:13)

    console.log
      [Button] Has onClick in props: false

      at log (src/components/ui/Button.tsx:27:13)

    console.log
      [Button] All props: {}

      at log (src/components/ui/Button.tsx:28:13)

    console.log
      [Button] Rendering with type: submit

      at log (src/components/ui/Button.tsx:25:13)

    console.log
      [Button] Props received: {
        variant: 'primary',
        size: 'lg',
        type: 'submit',
        loading: false,
        disabled: false
      }

      at log (src/components/ui/Button.tsx:26:13)

    console.log
      [Button] Has onClick in props: false

      at log (src/components/ui/Button.tsx:27:13)

    console.log
      [Button] All props: {}

      at log (src/components/ui/Button.tsx:28:13)

    console.log
      [Button] Rendering with type: submit

      at log (src/components/ui/Button.tsx:25:13)

    console.log
      [Button] Props received: {
        variant: 'primary',
        size: 'lg',
        type: 'submit',
        loading: false,
        disabled: false
      }

      at log (src/components/ui/Button.tsx:26:13)

    console.log
      [Button] Has onClick in props: false

      at log (src/components/ui/Button.tsx:27:13)

    console.log
      [Button] All props: {}

      at log (src/components/ui/Button.tsx:28:13)

    console.log
      [Button] Rendering with type: submit

      at log (src/components/ui/Button.tsx:25:13)

    console.log
      [Button] Props received: {
        variant: 'primary',
        size: 'lg',
        type: 'submit',
        loading: false,
        disabled: false
      }

      at log (src/components/ui/Button.tsx:26:13)

    console.log
      [Button] Has onClick in props: false

      at log (src/components/ui/Button.tsx:27:13)

    console.log
      [Button] All props: {}

      at log (src/components/ui/Button.tsx:28:13)

    console.log
      [Button] Rendering with type: submit

      at log (src/components/ui/Button.tsx:25:13)

    console.log
      [Button] Props received: {
        variant: 'primary',
        size: 'lg',
        type: 'submit',
        loading: false,
        disabled: false
      }

      at log (src/components/ui/Button.tsx:26:13)

    console.log
      [Button] Has onClick in props: false

      at log (src/components/ui/Button.tsx:27:13)

    console.log
      [Button] All props: {}

      at log (src/components/ui/Button.tsx:28:13)

    console.log
      [Button] Rendering with type: submit

      at log (src/components/ui/Button.tsx:25:13)

    console.log
      [Button] Props received: {
        variant: 'primary',
        size: 'lg',
        type: 'submit',
        loading: false,
        disabled: false
      }

      at log (src/components/ui/Button.tsx:26:13)

    console.log
      [Button] Has onClick in props: false

      at log (src/components/ui/Button.tsx:27:13)

    console.log
      [Button] All props: {}

      at log (src/components/ui/Button.tsx:28:13)

    console.log
      [Button] Rendering with type: submit

      at log (src/components/ui/Button.tsx:25:13)

    console.log
      [Button] Props received: {
        variant: 'primary',
        size: 'lg',
        type: 'submit',
        loading: false,
        disabled: false
      }

      at log (src/components/ui/Button.tsx:26:13)

    console.log
      [Button] Has onClick in props: false

      at log (src/components/ui/Button.tsx:27:13)

    console.log
      [Button] All props: {}

      at log (src/components/ui/Button.tsx:28:13)

    console.log
      [Button] Rendering with type: submit

      at log (src/components/ui/Button.tsx:25:13)

    console.log
      [Button] Props received: {
        variant: 'primary',
        size: 'lg',
        type: 'submit',
        loading: false,
        disabled: false
      }

      at log (src/components/ui/Button.tsx:26:13)

    console.log
      [Button] Has onClick in props: false

      at log (src/components/ui/Button.tsx:27:13)

    console.log
      [Button] All props: {}

      at log (src/components/ui/Button.tsx:28:13)

    console.log
      [Button] Rendering with type: submit

      at log (src/components/ui/Button.tsx:25:13)

    console.log
      [Button] Props received: {
        variant: 'primary',
        size: 'lg',
        type: 'submit',
        loading: false,
        disabled: false
      }

      at log (src/components/ui/Button.tsx:26:13)

    console.log
      [Button] Has onClick in props: false

      at log (src/components/ui/Button.tsx:27:13)

    console.log
      [Button] All props: {}

      at log (src/components/ui/Button.tsx:28:13)

    console.log
      [Button] Rendering with type: submit

      at log (src/components/ui/Button.tsx:25:13)

    console.log
      [Button] Props received: {
        variant: 'primary',
        size: 'lg',
        type: 'submit',
        loading: false,
        disabled: false
      }

      at log (src/components/ui/Button.tsx:26:13)

    console.log
      [Button] Has onClick in props: false

      at log (src/components/ui/Button.tsx:27:13)

    console.log
      [Button] All props: {}

      at log (src/components/ui/Button.tsx:28:13)

    console.log
      [Button] Rendering with type: submit

      at log (src/components/ui/Button.tsx:25:13)

    console.log
      [Button] Props received: {
        variant: 'primary',
        size: 'lg',
        type: 'submit',
        loading: false,
        disabled: false
      }

      at log (src/components/ui/Button.tsx:26:13)

    console.log
      [Button] Has onClick in props: false

      at log (src/components/ui/Button.tsx:27:13)

    console.log
      [Button] All props: {}

      at log (src/components/ui/Button.tsx:28:13)

    console.log
      [Button] Rendering with type: submit

      at log (src/components/ui/Button.tsx:25:13)

    console.log
      [Button] Props received: {
        variant: 'primary',
        size: 'lg',
        type: 'submit',
        loading: false,
        disabled: false
      }

      at log (src/components/ui/Button.tsx:26:13)

    console.log
      [Button] Has onClick in props: false

      at log (src/components/ui/Button.tsx:27:13)

    console.log
      [Button] All props: {}

      at log (src/components/ui/Button.tsx:28:13)

    console.log
      [Button] Rendering with type: submit

      at log (src/components/ui/Button.tsx:25:13)

    console.log
      [Button] Props received: {
        variant: 'primary',
        size: 'lg',
        type: 'submit',
        loading: false,
        disabled: false
      }

      at log (src/components/ui/Button.tsx:26:13)

    console.log
      [Button] Has onClick in props: false

      at log (src/components/ui/Button.tsx:27:13)

    console.log
      [Button] All props: {}

      at log (src/components/ui/Button.tsx:28:13)

    console.log
      [Button] Rendering with type: submit

      at log (src/components/ui/Button.tsx:25:13)

    console.log
      [Button] Props received: {
        variant: 'primary',
        size: 'lg',
        type: 'submit',
        loading: false,
        disabled: false
      }

      at log (src/components/ui/Button.tsx:26:13)

    console.log
      [Button] Has onClick in props: false

      at log (src/components/ui/Button.tsx:27:13)

    console.log
      [Button] All props: {}

      at log (src/components/ui/Button.tsx:28:13)

    console.log
      [Button] Rendering with type: submit

      at log (src/components/ui/Button.tsx:25:13)

    console.log
      [Button] Props received: {
        variant: 'primary',
        size: 'lg',
        type: 'submit',
        loading: false,
        disabled: false
      }

      at log (src/components/ui/Button.tsx:26:13)

    console.log
      [Button] Has onClick in props: false

      at log (src/components/ui/Button.tsx:27:13)

    console.log
      [Button] All props: {}

      at log (src/components/ui/Button.tsx:28:13)

    console.log
      [Button] Rendering with type: submit

      at log (src/components/ui/Button.tsx:25:13)

    console.log
      [Button] Props received: {
        variant: 'primary',
        size: 'lg',
        type: 'submit',
        loading: false,
        disabled: false
      }

      at log (src/components/ui/Button.tsx:26:13)

    console.log
      [Button] Has onClick in props: false

      at log (src/components/ui/Button.tsx:27:13)

    console.log
      [Button] All props: {}

      at log (src/components/ui/Button.tsx:28:13)

    console.log
      [Button] Rendering with type: submit

      at log (src/components/ui/Button.tsx:25:13)

    console.log
      [Button] Props received: {
        variant: 'primary',
        size: 'lg',
        type: 'submit',
        loading: false,
        disabled: false
      }

      at log (src/components/ui/Button.tsx:26:13)

    console.log
      [Button] Has onClick in props: false

      at log (src/components/ui/Button.tsx:27:13)

    console.log
      [Button] All props: {}

      at log (src/components/ui/Button.tsx:28:13)

    console.log
      [Button] Rendering with type: submit

      at log (src/components/ui/Button.tsx:25:13)

    console.log
      [Button] Props received: {
        variant: 'primary',
        size: 'lg',
        type: 'submit',
        loading: false,
        disabled: false
      }

      at log (src/components/ui/Button.tsx:26:13)

    console.log
      [Button] Has onClick in props: false

      at log (src/components/ui/Button.tsx:27:13)

    console.log
      [Button] All props: {}

      at log (src/components/ui/Button.tsx:28:13)

    console.log
      [Button] Rendering with type: submit

      at log (src/components/ui/Button.tsx:25:13)

    console.log
      [Button] Props received: {
        variant: 'primary',
        size: 'lg',
        type: 'submit',
        loading: false,
        disabled: false
      }

      at log (src/components/ui/Button.tsx:26:13)

    console.log
      [Button] Has onClick in props: false

      at log (src/components/ui/Button.tsx:27:13)

    console.log
      [Button] All props: {}

      at log (src/components/ui/Button.tsx:28:13)

    console.log
      [Button] Rendering with type: submit

      at log (src/components/ui/Button.tsx:25:13)

    console.log
      [Button] Props received: {
        variant: 'primary',
        size: 'lg',
        type: 'submit',
        loading: false,
        disabled: false
      }

      at log (src/components/ui/Button.tsx:26:13)

    console.log
      [Button] Has onClick in props: false

      at log (src/components/ui/Button.tsx:27:13)

    console.log
      [Button] All props: {}

      at log (src/components/ui/Button.tsx:28:13)

    console.log
      [Button] Rendering with type: submit

      at log (src/components/ui/Button.tsx:25:13)

    console.log
      [Button] Props received: {
        variant: 'primary',
        size: 'lg',
        type: 'submit',
        loading: false,
        disabled: false
      }

      at log (src/components/ui/Button.tsx:26:13)

    console.log
      [Button] Has onClick in props: false

      at log (src/components/ui/Button.tsx:27:13)

    console.log
      [Button] All props: {}

      at log (src/components/ui/Button.tsx:28:13)

    console.log
      [Button] Rendering with type: submit

      at log (src/components/ui/Button.tsx:25:13)

    console.log
      [Button] Props received: {
        variant: 'primary',
        size: 'lg',
        type: 'submit',
        loading: false,
        disabled: false
      }

      at log (src/components/ui/Button.tsx:26:13)

    console.log
      [Button] Has onClick in props: false

      at log (src/components/ui/Button.tsx:27:13)

    console.log
      [Button] All props: {}

      at log (src/components/ui/Button.tsx:28:13)

    console.log
      [Button] Rendering with type: submit

      at log (src/components/ui/Button.tsx:25:13)

    console.log
      [Button] Props received: {
        variant: 'primary',
        size: 'lg',
        type: 'submit',
        loading: false,
        disabled: false
      }

      at log (src/components/ui/Button.tsx:26:13)

    console.log
      [Button] Has onClick in props: false

      at log (src/components/ui/Button.tsx:27:13)

    console.log
      [Button] All props: {}

      at log (src/components/ui/Button.tsx:28:13)

    console.log
      [Button] Rendering with type: submit

      at log (src/components/ui/Button.tsx:25:13)

    console.log
      [Button] Props received: {
        variant: 'primary',
        size: 'lg',
        type: 'submit',
        loading: false,
        disabled: false
      }

      at log (src/components/ui/Button.tsx:26:13)

    console.log
      [Button] Has onClick in props: false

      at log (src/components/ui/Button.tsx:27:13)

    console.log
      [Button] All props: {}

      at log (src/components/ui/Button.tsx:28:13)

    console.log
      [Button] Rendering with type: submit

      at log (src/components/ui/Button.tsx:25:13)

    console.log
      [Button] Props received: {
        variant: 'primary',
        size: 'lg',
        type: 'submit',
        loading: false,
        disabled: false
      }

      at log (src/components/ui/Button.tsx:26:13)

    console.log
      [Button] Has onClick in props: false

      at log (src/components/ui/Button.tsx:27:13)

    console.log
      [Button] All props: {}

      at log (src/components/ui/Button.tsx:28:13)

    console.log
      [Button] Rendering with type: submit

      at log (src/components/ui/Button.tsx:25:13)

    console.log
      [Button] Props received: {
        variant: 'primary',
        size: 'lg',
        type: 'submit',
        loading: false,
        disabled: false
      }

      at log (src/components/ui/Button.tsx:26:13)

    console.log
      [Button] Has onClick in props: false

      at log (src/components/ui/Button.tsx:27:13)

    console.log
      [Button] All props: {}

      at log (src/components/ui/Button.tsx:28:13)

    console.log
      [Button] Rendering with type: submit

      at log (src/components/ui/Button.tsx:25:13)

    console.log
      [Button] Props received: {
        variant: 'primary',
        size: 'lg',
        type: 'submit',
        loading: false,
        disabled: false
      }

      at log (src/components/ui/Button.tsx:26:13)

    console.log
      [Button] Has onClick in props: false

      at log (src/components/ui/Button.tsx:27:13)

    console.log
      [Button] All props: {}

      at log (src/components/ui/Button.tsx:28:13)

    console.log
      [Button] Rendering with type: submit

      at log (src/components/ui/Button.tsx:25:13)

    console.log
      [Button] Props received: {
        variant: 'primary',
        size: 'lg',
        type: 'submit',
        loading: false,
        disabled: false
      }

      at log (src/components/ui/Button.tsx:26:13)

    console.log
      [Button] Has onClick in props: false

      at log (src/components/ui/Button.tsx:27:13)

    console.log
      [Button] All props: {}

      at log (src/components/ui/Button.tsx:28:13)

    console.log
      [Button] Rendering with type: submit

      at log (src/components/ui/Button.tsx:25:13)

    console.log
      [Button] Props received: {
        variant: 'primary',
        size: 'lg',
        type: 'submit',
        loading: false,
        disabled: false
      }

      at log (src/components/ui/Button.tsx:26:13)

    console.log
      [Button] Has onClick in props: false

      at log (src/components/ui/Button.tsx:27:13)

    console.log
      [Button] All props: {}

      at log (src/components/ui/Button.tsx:28:13)

    console.log
      [Button] Rendering with type: submit

      at log (src/components/ui/Button.tsx:25:13)

    console.log
      [Button] Props received: {
        variant: 'primary',
        size: 'lg',
        type: 'submit',
        loading: false,
        disabled: false
      }

      at log (src/components/ui/Button.tsx:26:13)

    console.log
      [Button] Has onClick in props: false

      at log (src/components/ui/Button.tsx:27:13)

    console.log
      [Button] All props: {}

      at log (src/components/ui/Button.tsx:28:13)

    console.log
      [Button] Rendering with type: submit

      at log (src/components/ui/Button.tsx:25:13)

    console.log
      [Button] Props received: {
        variant: 'primary',
        size: 'lg',
        type: 'submit',
        loading: false,
        disabled: false
      }

      at log (src/components/ui/Button.tsx:26:13)

    console.log
      [Button] Has onClick in props: false

      at log (src/components/ui/Button.tsx:27:13)

    console.log
      [Button] All props: {}

      at log (src/components/ui/Button.tsx:28:13)

    console.log
      [Button] Rendering with type: submit

      at log (src/components/ui/Button.tsx:25:13)

    console.log
      [Button] Props received: {
        variant: 'primary',
        size: 'lg',
        type: 'submit',
        loading: false,
        disabled: false
      }

      at log (src/components/ui/Button.tsx:26:13)

    console.log
      [Button] Has onClick in props: false

      at log (src/components/ui/Button.tsx:27:13)

    console.log
      [Button] All props: {}

      at log (src/components/ui/Button.tsx:28:13)

    console.log
      [Button] Rendering with type: submit

      at log (src/components/ui/Button.tsx:25:13)

    console.log
      [Button] Props received: {
        variant: 'primary',
        size: 'lg',
        type: 'submit',
        loading: false,
        disabled: false
      }

      at log (src/components/ui/Button.tsx:26:13)

    console.log
      [Button] Has onClick in props: false

      at log (src/components/ui/Button.tsx:27:13)

    console.log
      [Button] All props: {}

      at log (src/components/ui/Button.tsx:28:13)

    console.log
      [Button] Rendering with type: submit

      at log (src/components/ui/Button.tsx:25:13)

    console.log
      [Button] Props received: {
        variant: 'primary',
        size: 'lg',
        type: 'submit',
        loading: false,
        disabled: false
      }

      at log (src/components/ui/Button.tsx:26:13)

    console.log
      [Button] Has onClick in props: false

      at log (src/components/ui/Button.tsx:27:13)

    console.log
      [Button] All props: {}

      at log (src/components/ui/Button.tsx:28:13)

    console.log
      [Button] Rendering with type: submit

      at log (src/components/ui/Button.tsx:25:13)

    console.log
      [Button] Props received: {
        variant: 'primary',
        size: 'lg',
        type: 'submit',
        loading: false,
        disabled: false
      }

      at log (src/components/ui/Button.tsx:26:13)

    console.log
      [Button] Has onClick in props: false

      at log (src/components/ui/Button.tsx:27:13)

    console.log
      [Button] All props: {}

      at log (src/components/ui/Button.tsx:28:13)

    console.log
      [Button] Rendering with type: submit

      at log (src/components/ui/Button.tsx:25:13)

    console.log
      [Button] Props received: {
        variant: 'primary',
        size: 'lg',
        type: 'submit',
        loading: false,
        disabled: false
      }

      at log (src/components/ui/Button.tsx:26:13)

    console.log
      [Button] Has onClick in props: false

      at log (src/components/ui/Button.tsx:27:13)

    console.log
      [Button] All props: {}

      at log (src/components/ui/Button.tsx:28:13)

    console.log
      [Button] Rendering with type: submit

      at log (src/components/ui/Button.tsx:25:13)

    console.log
      [Button] Props received: {
        variant: 'primary',
        size: 'lg',
        type: 'submit',
        loading: false,
        disabled: false
      }

      at log (src/components/ui/Button.tsx:26:13)

    console.log
      [Button] Has onClick in props: false

      at log (src/components/ui/Button.tsx:27:13)

    console.log
      [Button] All props: {}

      at log (src/components/ui/Button.tsx:28:13)

    console.log
      [Button] Rendering with type: submit

      at log (src/components/ui/Button.tsx:25:13)

    console.log
      [Button] Props received: {
        variant: 'primary',
        size: 'lg',
        type: 'submit',
        loading: false,
        disabled: false
      }

      at log (src/components/ui/Button.tsx:26:13)

    console.log
      [Button] Has onClick in props: false

      at log (src/components/ui/Button.tsx:27:13)

    console.log
      [Button] All props: {}

      at log (src/components/ui/Button.tsx:28:13)

    console.log
      [Button] Rendering with type: submit

      at log (src/components/ui/Button.tsx:25:13)

    console.log
      [Button] Props received: {
        variant: 'primary',
        size: 'lg',
        type: 'submit',
        loading: false,
        disabled: false
      }

      at log (src/components/ui/Button.tsx:26:13)

    console.log
      [Button] Has onClick in props: false

      at log (src/components/ui/Button.tsx:27:13)

    console.log
      [Button] All props: {}

      at log (src/components/ui/Button.tsx:28:13)

    console.log
      [Button] Rendering with type: submit

      at log (src/components/ui/Button.tsx:25:13)

    console.log
      [Button] Props received: {
        variant: 'primary',
        size: 'lg',
        type: 'submit',
        loading: false,
        disabled: false
      }

      at log (src/components/ui/Button.tsx:26:13)

    console.log
      [Button] Has onClick in props: false

      at log (src/components/ui/Button.tsx:27:13)

    console.log
      [Button] All props: {}

      at log (src/components/ui/Button.tsx:28:13)

    console.log
      [Button] Rendering with type: submit

      at log (src/components/ui/Button.tsx:25:13)

    console.log
      [Button] Props received: {
        variant: 'primary',
        size: 'lg',
        type: 'submit',
        loading: false,
        disabled: false
      }

      at log (src/components/ui/Button.tsx:26:13)

    console.log
      [Button] Has onClick in props: false

      at log (src/components/ui/Button.tsx:27:13)

    console.log
      [Button] All props: {}

      at log (src/components/ui/Button.tsx:28:13)

    console.log
      [Button] Rendering with type: submit

      at log (src/components/ui/Button.tsx:25:13)

    console.log
      [Button] Props received: {
        variant: 'primary',
        size: 'lg',
        type: 'submit',
        loading: false,
        disabled: false
      }

      at log (src/components/ui/Button.tsx:26:13)

    console.log
      [Button] Has onClick in props: false

      at log (src/components/ui/Button.tsx:27:13)

    console.log
      [Button] All props: {}

      at log (src/components/ui/Button.tsx:28:13)

    console.log
      [Button] Rendering with type: submit

      at log (src/components/ui/Button.tsx:25:13)

    console.log
      [Button] Props received: {
        variant: 'primary',
        size: 'lg',
        type: 'submit',
        loading: false,
        disabled: false
      }

      at log (src/components/ui/Button.tsx:26:13)

    console.log
      [Button] Has onClick in props: false

      at log (src/components/ui/Button.tsx:27:13)

    console.log
      [Button] All props: {}

      at log (src/components/ui/Button.tsx:28:13)

    console.log
      [Button] Rendering with type: submit

      at log (src/components/ui/Button.tsx:25:13)

    console.log
      [Button] Props received: {
        variant: 'primary',
        size: 'lg',
        type: 'submit',
        loading: false,
        disabled: false
      }

      at log (src/components/ui/Button.tsx:26:13)

    console.log
      [Button] Has onClick in props: false

      at log (src/components/ui/Button.tsx:27:13)

    console.log
      [Button] All props: {}

      at log (src/components/ui/Button.tsx:28:13)

    console.log
      [Button] Rendering with type: submit

      at log (src/components/ui/Button.tsx:25:13)

    console.log
      [Button] Props received: {
        variant: 'primary',
        size: 'lg',
        type: 'submit',
        loading: false,
        disabled: false
      }

      at log (src/components/ui/Button.tsx:26:13)

    console.log
      [Button] Has onClick in props: false

      at log (src/components/ui/Button.tsx:27:13)

    console.log
      [Button] All props: {}

      at log (src/components/ui/Button.tsx:28:13)

    console.log
      [Button] Rendering with type: submit

      at log (src/components/ui/Button.tsx:25:13)

    console.log
      [Button] Props received: {
        variant: 'primary',
        size: 'lg',
        type: 'submit',
        loading: false,
        disabled: false
      }

      at log (src/components/ui/Button.tsx:26:13)

    console.log
      [Button] Has onClick in props: false

      at log (src/components/ui/Button.tsx:27:13)

    console.log
      [Button] All props: {}

      at log (src/components/ui/Button.tsx:28:13)

    console.log
      [Button] Rendering with type: submit

      at log (src/components/ui/Button.tsx:25:13)

    console.log
      [Button] Props received: {
        variant: 'primary',
        size: 'lg',
        type: 'submit',
        loading: false,
        disabled: false
      }

      at log (src/components/ui/Button.tsx:26:13)

    console.log
      [Button] Has onClick in props: false

      at log (src/components/ui/Button.tsx:27:13)

    console.log
      [Button] All props: {}

      at log (src/components/ui/Button.tsx:28:13)

    console.log
      [Button] Rendering with type: submit

      at log (src/components/ui/Button.tsx:25:13)

    console.log
      [Button] Props received: {
        variant: 'primary',
        size: 'lg',
        type: 'submit',
        loading: false,
        disabled: false
      }

      at log (src/components/ui/Button.tsx:26:13)

    console.log
      [Button] Has onClick in props: false

      at log (src/components/ui/Button.tsx:27:13)

    console.log
      [Button] All props: {}

      at log (src/components/ui/Button.tsx:28:13)

    console.log
      [Button] Rendering with type: submit

      at log (src/components/ui/Button.tsx:25:13)

    console.log
      [Button] Props received: {
        variant: 'primary',
        size: 'lg',
        type: 'submit',
        loading: false,
        disabled: false
      }

      at log (src/components/ui/Button.tsx:26:13)

    console.log
      [Button] Has onClick in props: false

      at log (src/components/ui/Button.tsx:27:13)

    console.log
      [Button] All props: {}

      at log (src/components/ui/Button.tsx:28:13)

    console.log
      [Button] Rendering with type: submit

      at log (src/components/ui/Button.tsx:25:13)

    console.log
      [Button] Props received: {
        variant: 'primary',
        size: 'lg',
        type: 'submit',
        loading: false,
        disabled: false
      }

      at log (src/components/ui/Button.tsx:26:13)

    console.log
      [Button] Has onClick in props: false

      at log (src/components/ui/Button.tsx:27:13)

    console.log
      [Button] All props: {}

      at log (src/components/ui/Button.tsx:28:13)

    console.log
      [Button] Rendering with type: submit

      at log (src/components/ui/Button.tsx:25:13)

    console.log
      [Button] Props received: {
        variant: 'primary',
        size: 'lg',
        type: 'submit',
        loading: false,
        disabled: false
      }

      at log (src/components/ui/Button.tsx:26:13)

    console.log
      [Button] Has onClick in props: false

      at log (src/components/ui/Button.tsx:27:13)

    console.log
      [Button] All props: {}

      at log (src/components/ui/Button.tsx:28:13)

    console.log
      [Button] Rendering with type: submit

      at log (src/components/ui/Button.tsx:25:13)

    console.log
      [Button] Props received: {
        variant: 'primary',
        size: 'lg',
        type: 'submit',
        loading: false,
        disabled: false
      }

      at log (src/components/ui/Button.tsx:26:13)

    console.log
      [Button] Has onClick in props: false

      at log (src/components/ui/Button.tsx:27:13)

    console.log
      [Button] All props: {}

      at log (src/components/ui/Button.tsx:28:13)

    console.log
      [Button] Rendering with type: submit

      at log (src/components/ui/Button.tsx:25:13)

    console.log
      [Button] Props received: {
        variant: 'primary',
        size: 'lg',
        type: 'submit',
        loading: false,
        disabled: false
      }

      at log (src/components/ui/Button.tsx:26:13)

    console.log
      [Button] Has onClick in props: false

      at log (src/components/ui/Button.tsx:27:13)

    console.log
      [Button] All props: {}

      at log (src/components/ui/Button.tsx:28:13)

    console.log
      [Button] Rendering with type: submit

      at log (src/components/ui/Button.tsx:25:13)

    console.log
      [Button] Props received: {
        variant: 'primary',
        size: 'lg',
        type: 'submit',
        loading: false,
        disabled: false
      }

      at log (src/components/ui/Button.tsx:26:13)

    console.log
      [Button] Has onClick in props: false

      at log (src/components/ui/Button.tsx:27:13)

    console.log
      [Button] All props: {}

      at log (src/components/ui/Button.tsx:28:13)

    console.log
      [Button] Rendering with type: submit

      at log (src/components/ui/Button.tsx:25:13)

    console.log
      [Button] Props received: {
        variant: 'primary',
        size: 'lg',
        type: 'submit',
        loading: false,
        disabled: false
      }

      at log (src/components/ui/Button.tsx:26:13)

    console.log
      [Button] Has onClick in props: false

      at log (src/components/ui/Button.tsx:27:13)

    console.log
      [Button] All props: {}

      at log (src/components/ui/Button.tsx:28:13)

    console.log
      [Button] Rendering with type: submit

      at log (src/components/ui/Button.tsx:25:13)

    console.log
      [Button] Props received: {
        variant: 'primary',
        size: 'lg',
        type: 'submit',
        loading: false,
        disabled: false
      }

      at log (src/components/ui/Button.tsx:26:13)

    console.log
      [Button] Has onClick in props: false

      at log (src/components/ui/Button.tsx:27:13)

    console.log
      [Button] All props: {}

      at log (src/components/ui/Button.tsx:28:13)

    console.log
      [Button] Rendering with type: submit

      at log (src/components/ui/Button.tsx:25:13)

    console.log
      [Button] Props received: {
        variant: 'primary',
        size: 'lg',
        type: 'submit',
        loading: false,
        disabled: false
      }

      at log (src/components/ui/Button.tsx:26:13)

    console.log
      [Button] Has onClick in props: false

      at log (src/components/ui/Button.tsx:27:13)

    console.log
      [Button] All props: {}

      at log (src/components/ui/Button.tsx:28:13)

    console.log
      [Button] Rendering with type: submit

      at log (src/components/ui/Button.tsx:25:13)

    console.log
      [Button] Props received: {
        variant: 'primary',
        size: 'lg',
        type: 'submit',
        loading: false,
        disabled: false
      }

      at log (src/components/ui/Button.tsx:26:13)

    console.log
      [Button] Has onClick in props: false

      at log (src/components/ui/Button.tsx:27:13)

    console.log
      [Button] All props: {}

      at log (src/components/ui/Button.tsx:28:13)

    console.log
      [Button] Rendering with type: submit

      at log (src/components/ui/Button.tsx:25:13)

    console.log
      [Button] Props received: {
        variant: 'primary',
        size: 'lg',
        type: 'submit',
        loading: false,
        disabled: false
      }

      at log (src/components/ui/Button.tsx:26:13)

    console.log
      [Button] Has onClick in props: false

      at log (src/components/ui/Button.tsx:27:13)

    console.log
      [Button] All props: {}

      at log (src/components/ui/Button.tsx:28:13)

    console.log
      [Button] Rendering with type: submit

      at log (src/components/ui/Button.tsx:25:13)

    console.log
      [Button] Props received: {
        variant: 'primary',
        size: 'lg',
        type: 'submit',
        loading: false,
        disabled: false
      }

      at log (src/components/ui/Button.tsx:26:13)

    console.log
      [Button] Has onClick in props: false

      at log (src/components/ui/Button.tsx:27:13)

    console.log
      [Button] All props: {}

      at log (src/components/ui/Button.tsx:28:13)

    console.log
      [Button] Rendering with type: submit

      at log (src/components/ui/Button.tsx:25:13)

    console.log
      [Button] Props received: {
        variant: 'primary',
        size: 'lg',
        type: 'submit',
        loading: false,
        disabled: false
      }

      at log (src/components/ui/Button.tsx:26:13)

    console.log
      [Button] Has onClick in props: false

      at log (src/components/ui/Button.tsx:27:13)

    console.log
      [Button] All props: {}

      at log (src/components/ui/Button.tsx:28:13)

    console.log
      [Button] Rendering with type: submit

      at log (src/components/ui/Button.tsx:25:13)

    console.log
      [Button] Props received: {
        variant: 'primary',
        size: 'lg',
        type: 'submit',
        loading: false,
        disabled: false
      }

      at log (src/components/ui/Button.tsx:26:13)

    console.log
      [Button] Has onClick in props: false

      at log (src/components/ui/Button.tsx:27:13)

    console.log
      [Button] All props: {}

      at log (src/components/ui/Button.tsx:28:13)

    console.log
      [Button] Rendering with type: submit

      at log (src/components/ui/Button.tsx:25:13)

    console.log
      [Button] Props received: {
        variant: 'primary',
        size: 'lg',
        type: 'submit',
        loading: false,
        disabled: false
      }

      at log (src/components/ui/Button.tsx:26:13)

    console.log
      [Button] Has onClick in props: false

      at log (src/components/ui/Button.tsx:27:13)

    console.log
      [Button] All props: {}

      at log (src/components/ui/Button.tsx:28:13)

    console.log
      [Button] Rendering with type: submit

      at log (src/components/ui/Button.tsx:25:13)

    console.log
      [Button] Props received: {
        variant: 'primary',
        size: 'lg',
        type: 'submit',
        loading: false,
        disabled: false
      }

      at log (src/components/ui/Button.tsx:26:13)

    console.log
      [Button] Has onClick in props: false

      at log (src/components/ui/Button.tsx:27:13)

    console.log
      [Button] All props: {}

      at log (src/components/ui/Button.tsx:28:13)

    console.log
      [Button] Rendering with type: submit

      at log (src/components/ui/Button.tsx:25:13)

    console.log
      [Button] Props received: {
        variant: 'primary',
        size: 'lg',
        type: 'submit',
        loading: false,
        disabled: false
      }

      at log (src/components/ui/Button.tsx:26:13)

    console.log
      [Button] Has onClick in props: false

      at log (src/components/ui/Button.tsx:27:13)

    console.log
      [Button] All props: {}

      at log (src/components/ui/Button.tsx:28:13)

    console.log
      [Button] Rendering with type: submit

      at log (src/components/ui/Button.tsx:25:13)

    console.log
      [Button] Props received: {
        variant: 'primary',
        size: 'lg',
        type: 'submit',
        loading: false,
        disabled: false
      }

      at log (src/components/ui/Button.tsx:26:13)

    console.log
      [Button] Has onClick in props: false

      at log (src/components/ui/Button.tsx:27:13)

    console.log
      [Button] All props: {}

      at log (src/components/ui/Button.tsx:28:13)

    console.log
      [Button] Rendering with type: submit

      at log (src/components/ui/Button.tsx:25:13)

    console.log
      [Button] Props received: {
        variant: 'primary',
        size: 'lg',
        type: 'submit',
        loading: false,
        disabled: false
      }

      at log (src/components/ui/Button.tsx:26:13)

    console.log
      [Button] Has onClick in props: false

      at log (src/components/ui/Button.tsx:27:13)

    console.log
      [Button] All props: {}

      at log (src/components/ui/Button.tsx:28:13)

    console.log
      [Button] Rendering with type: submit

      at log (src/components/ui/Button.tsx:25:13)

    console.log
      [Button] Props received: {
        variant: 'primary',
        size: 'lg',
        type: 'submit',
        loading: false,
        disabled: false
      }

      at log (src/components/ui/Button.tsx:26:13)

    console.log
      [Button] Has onClick in props: false

      at log (src/components/ui/Button.tsx:27:13)

    console.log
      [Button] All props: {}

      at log (src/components/ui/Button.tsx:28:13)

    console.log
      [Button] Rendering with type: submit

      at log (src/components/ui/Button.tsx:25:13)

    console.log
      [Button] Props received: {
        variant: 'primary',
        size: 'lg',
        type: 'submit',
        loading: false,
        disabled: false
      }

      at log (src/components/ui/Button.tsx:26:13)

    console.log
      [Button] Has onClick in props: false

      at log (src/components/ui/Button.tsx:27:13)

    console.log
      [Button] All props: {}

      at log (src/components/ui/Button.tsx:28:13)

    console.log
      [Button] Rendering with type: submit

      at log (src/components/ui/Button.tsx:25:13)

    console.log
      [Button] Props received: {
        variant: 'primary',
        size: 'lg',
        type: 'submit',
        loading: false,
        disabled: false
      }

      at log (src/components/ui/Button.tsx:26:13)

    console.log
      [Button] Has onClick in props: false

      at log (src/components/ui/Button.tsx:27:13)

    console.log
      [Button] All props: {}

      at log (src/components/ui/Button.tsx:28:13)

    console.log
      [Button] Rendering with type: submit

      at log (src/components/ui/Button.tsx:25:13)

    console.log
      [Button] Props received: {
        variant: 'primary',
        size: 'lg',
        type: 'submit',
        loading: false,
        disabled: false
      }

      at log (src/components/ui/Button.tsx:26:13)

    console.log
      [Button] Has onClick in props: false

      at log (src/components/ui/Button.tsx:27:13)

    console.log
      [Button] All props: {}

      at log (src/components/ui/Button.tsx:28:13)

    console.log
      [Button] Rendering with type: submit

      at log (src/components/ui/Button.tsx:25:13)

    console.log
      [Button] Props received: {
        variant: 'primary',
        size: 'lg',
        type: 'submit',
        loading: false,
        disabled: false
      }

      at log (src/components/ui/Button.tsx:26:13)

    console.log
      [Button] Has onClick in props: false

      at log (src/components/ui/Button.tsx:27:13)

    console.log
      [Button] All props: {}

      at log (src/components/ui/Button.tsx:28:13)

    console.log
      [Button] Rendering with type: submit

      at log (src/components/ui/Button.tsx:25:13)

    console.log
      [Button] Props received: {
        variant: 'primary',
        size: 'lg',
        type: 'submit',
        loading: false,
        disabled: false
      }

      at log (src/components/ui/Button.tsx:26:13)

    console.log
      [Button] Has onClick in props: false

      at log (src/components/ui/Button.tsx:27:13)

    console.log
      [Button] All props: {}

      at log (src/components/ui/Button.tsx:28:13)

    console.log
      [Button] Rendering with type: submit

      at log (src/components/ui/Button.tsx:25:13)

    console.log
      [Button] Props received: {
        variant: 'primary',
        size: 'lg',
        type: 'submit',
        loading: false,
        disabled: false
      }

      at log (src/components/ui/Button.tsx:26:13)

    console.log
      [Button] Has onClick in props: false

      at log (src/components/ui/Button.tsx:27:13)

    console.log
      [Button] All props: {}

      at log (src/components/ui/Button.tsx:28:13)

    console.log
      [Button] Rendering with type: submit

      at log (src/components/ui/Button.tsx:25:13)

    console.log
      [Button] Props received: {
        variant: 'primary',
        size: 'lg',
        type: 'submit',
        loading: false,
        disabled: false
      }

      at log (src/components/ui/Button.tsx:26:13)

    console.log
      [Button] Has onClick in props: false

      at log (src/components/ui/Button.tsx:27:13)

    console.log
      [Button] All props: {}

      at log (src/components/ui/Button.tsx:28:13)

    console.log
      [Button] Rendering with type: submit

      at log (src/components/ui/Button.tsx:25:13)

    console.log
      [Button] Props received: {
        variant: 'primary',
        size: 'lg',
        type: 'submit',
        loading: false,
        disabled: false
      }

      at log (src/components/ui/Button.tsx:26:13)

    console.log
      [Button] Has onClick in props: false

      at log (src/components/ui/Button.tsx:27:13)

    console.log
      [Button] All props: {}

      at log (src/components/ui/Button.tsx:28:13)

    console.log
      [Button] Rendering with type: submit

      at log (src/components/ui/Button.tsx:25:13)

    console.log
      [Button] Props received: {
        variant: 'primary',
        size: 'lg',
        type: 'submit',
        loading: false,
        disabled: false
      }

      at log (src/components/ui/Button.tsx:26:13)

    console.log
      [Button] Has onClick in props: false

      at log (src/components/ui/Button.tsx:27:13)

    console.log
      [Button] All props: {}

      at log (src/components/ui/Button.tsx:28:13)

    console.log
      [Button] Rendering with type: submit

      at log (src/components/ui/Button.tsx:25:13)

    console.log
      [Button] Props received: {
        variant: 'primary',
        size: 'lg',
        type: 'submit',
        loading: false,
        disabled: false
      }

      at log (src/components/ui/Button.tsx:26:13)

    console.log
      [Button] Has onClick in props: false

      at log (src/components/ui/Button.tsx:27:13)

    console.log
      [Button] All props: {}

      at log (src/components/ui/Button.tsx:28:13)

    console.log
      [Button] Rendering with type: submit

      at log (src/components/ui/Button.tsx:25:13)

    console.log
      [Button] Props received: {
        variant: 'primary',
        size: 'lg',
        type: 'submit',
        loading: false,
        disabled: false
      }

      at log (src/components/ui/Button.tsx:26:13)

    console.log
      [Button] Has onClick in props: false

      at log (src/components/ui/Button.tsx:27:13)

    console.log
      [Button] All props: {}

      at log (src/components/ui/Button.tsx:28:13)

    console.log
      [Button] Rendering with type: submit

      at log (src/components/ui/Button.tsx:25:13)

    console.log
      [Button] Props received: {
        variant: 'primary',
        size: 'lg',
        type: 'submit',
        loading: false,
        disabled: false
      }

      at log (src/components/ui/Button.tsx:26:13)

    console.log
      [Button] Has onClick in props: false

      at log (src/components/ui/Button.tsx:27:13)

    console.log
      [Button] All props: {}

      at log (src/components/ui/Button.tsx:28:13)

    console.log
      [Button] Rendering with type: submit

      at log (src/components/ui/Button.tsx:25:13)

    console.log
      [Button] Props received: {
        variant: 'primary',
        size: 'lg',
        type: 'submit',
        loading: false,
        disabled: false
      }

      at log (src/components/ui/Button.tsx:26:13)

    console.log
      [Button] Has onClick in props: false

      at log (src/components/ui/Button.tsx:27:13)

    console.log
      [Button] All props: {}

      at log (src/components/ui/Button.tsx:28:13)

    console.log
      [Button] Rendering with type: submit

      at log (src/components/ui/Button.tsx:25:13)

    console.log
      [Button] Props received: {
        variant: 'primary',
        size: 'lg',
        type: 'submit',
        loading: false,
        disabled: false
      }

      at log (src/components/ui/Button.tsx:26:13)

    console.log
      [Button] Has onClick in props: false

      at log (src/components/ui/Button.tsx:27:13)

    console.log
      [Button] All props: {}

      at log (src/components/ui/Button.tsx:28:13)

    console.log
      [Button] Rendering with type: submit

      at log (src/components/ui/Button.tsx:25:13)

    console.log
      [Button] Props received: {
        variant: 'primary',
        size: 'lg',
        type: 'submit',
        loading: false,
        disabled: false
      }

      at log (src/components/ui/Button.tsx:26:13)

    console.log
      [Button] Has onClick in props: false

      at log (src/components/ui/Button.tsx:27:13)

    console.log
      [Button] All props: {}

      at log (src/components/ui/Button.tsx:28:13)

    console.log
      [Button] Rendering with type: submit

      at log (src/components/ui/Button.tsx:25:13)

    console.log
      [Button] Props received: {
        variant: 'primary',
        size: 'lg',
        type: 'submit',
        loading: false,
        disabled: false
      }

      at log (src/components/ui/Button.tsx:26:13)

    console.log
      [Button] Has onClick in props: false

      at log (src/components/ui/Button.tsx:27:13)

    console.log
      [Button] All props: {}

      at log (src/components/ui/Button.tsx:28:13)

    console.log
      [Button] Rendering with type: submit

      at log (src/components/ui/Button.tsx:25:13)

    console.log
      [Button] Props received: {
        variant: 'primary',
        size: 'lg',
        type: 'submit',
        loading: false,
        disabled: false
      }

      at log (src/components/ui/Button.tsx:26:13)

    console.log
      [Button] Has onClick in props: false

      at log (src/components/ui/Button.tsx:27:13)

    console.log
      [Button] All props: {}

      at log (src/components/ui/Button.tsx:28:13)

    console.log
      [Button] Rendering with type: submit

      at log (src/components/ui/Button.tsx:25:13)

    console.log
      [Button] Props received: {
        variant: 'primary',
        size: 'lg',
        type: 'submit',
        loading: false,
        disabled: false
      }

      at log (src/components/ui/Button.tsx:26:13)

    console.log
      [Button] Has onClick in props: false

      at log (src/components/ui/Button.tsx:27:13)

    console.log
      [Button] All props: {}

      at log (src/components/ui/Button.tsx:28:13)

    console.log
      [Button] Rendering with type: submit

      at log (src/components/ui/Button.tsx:25:13)

    console.log
      [Button] Props received: {
        variant: 'primary',
        size: 'lg',
        type: 'submit',
        loading: false,
        disabled: false
      }

      at log (src/components/ui/Button.tsx:26:13)

    console.log
      [Button] Has onClick in props: false

      at log (src/components/ui/Button.tsx:27:13)

    console.log
      [Button] All props: {}

      at log (src/components/ui/Button.tsx:28:13)

    console.log
      [Button] Rendering with type: submit

      at log (src/components/ui/Button.tsx:25:13)

    console.log
      [Button] Props received: {
        variant: 'primary',
        size: 'lg',
        type: 'submit',
        loading: false,
        disabled: false
      }

      at log (src/components/ui/Button.tsx:26:13)

    console.log
      [Button] Has onClick in props: false

      at log (src/components/ui/Button.tsx:27:13)

    console.log
      [Button] All props: {}

      at log (src/components/ui/Button.tsx:28:13)

    console.log
      [Button] Rendering with type: submit

      at log (src/components/ui/Button.tsx:25:13)

    console.log
      [Button] Props received: {
        variant: 'primary',
        size: 'lg',
        type: 'submit',
        loading: false,
        disabled: false
      }

      at log (src/components/ui/Button.tsx:26:13)

    console.log
      [Button] Has onClick in props: false

      at log (src/components/ui/Button.tsx:27:13)

    console.log
      [Button] All props: {}

      at log (src/components/ui/Button.tsx:28:13)

    console.log
      [Button] Rendering with type: submit

      at log (src/components/ui/Button.tsx:25:13)

    console.log
      [Button] Props received: {
        variant: 'primary',
        size: 'lg',
        type: 'submit',
        loading: false,
        disabled: false
      }

      at log (src/components/ui/Button.tsx:26:13)

    console.log
      [Button] Has onClick in props: false

      at log (src/components/ui/Button.tsx:27:13)

    console.log
      [Button] All props: {}

      at log (src/components/ui/Button.tsx:28:13)

    console.log
      [Button] Rendering with type: submit

      at log (src/components/ui/Button.tsx:25:13)

    console.log
      [Button] Props received: {
        variant: 'primary',
        size: 'lg',
        type: 'submit',
        loading: false,
        disabled: false
      }

      at log (src/components/ui/Button.tsx:26:13)

    console.log
      [Button] Has onClick in props: false

      at log (src/components/ui/Button.tsx:27:13)

    console.log
      [Button] All props: {}

      at log (src/components/ui/Button.tsx:28:13)

    console.log
      [Button] Rendering with type: submit

      at log (src/components/ui/Button.tsx:25:13)

    console.log
      [Button] Props received: {
        variant: 'primary',
        size: 'lg',
        type: 'submit',
        loading: false,
        disabled: false
      }

      at log (src/components/ui/Button.tsx:26:13)

    console.log
      [Button] Has onClick in props: false

      at log (src/components/ui/Button.tsx:27:13)

    console.log
      [Button] All props: {}

      at log (src/components/ui/Button.tsx:28:13)

    console.log
      [Button] Rendering with type: submit

      at log (src/components/ui/Button.tsx:25:13)

    console.log
      [Button] Props received: {
        variant: 'primary',
        size: 'lg',
        type: 'submit',
        loading: false,
        disabled: false
      }

      at log (src/components/ui/Button.tsx:26:13)

    console.log
      [Button] Has onClick in props: false

      at log (src/components/ui/Button.tsx:27:13)

    console.log
      [Button] All props: {}

      at log (src/components/ui/Button.tsx:28:13)

    console.log
      [Button] Rendering with type: submit

      at log (src/components/ui/Button.tsx:25:13)

    console.log
      [Button] Props received: {
        variant: 'primary',
        size: 'lg',
        type: 'submit',
        loading: false,
        disabled: false
      }

      at log (src/components/ui/Button.tsx:26:13)

    console.log
      [Button] Has onClick in props: false

      at log (src/components/ui/Button.tsx:27:13)

    console.log
      [Button] All props: {}

      at log (src/components/ui/Button.tsx:28:13)

    console.log
      [Button] Rendering with type: submit

      at log (src/components/ui/Button.tsx:25:13)

    console.log
      [Button] Props received: {
        variant: 'primary',
        size: 'lg',
        type: 'submit',
        loading: false,
        disabled: false
      }

      at log (src/components/ui/Button.tsx:26:13)

    console.log
      [Button] Has onClick in props: false

      at log (src/components/ui/Button.tsx:27:13)

    console.log
      [Button] All props: {}

      at log (src/components/ui/Button.tsx:28:13)

    console.log
      [Button] Rendering with type: submit

      at log (src/components/ui/Button.tsx:25:13)

    console.log
      [Button] Props received: {
        variant: 'primary',
        size: 'lg',
        type: 'submit',
        loading: false,
        disabled: false
      }

      at log (src/components/ui/Button.tsx:26:13)

    console.log
      [Button] Has onClick in props: false

      at log (src/components/ui/Button.tsx:27:13)

    console.log
      [Button] All props: {}

      at log (src/components/ui/Button.tsx:28:13)

    console.log
      [Button] Rendering with type: submit

      at log (src/components/ui/Button.tsx:25:13)

    console.log
      [Button] Props received: {
        variant: 'primary',
        size: 'lg',
        type: 'submit',
        loading: false,
        disabled: false
      }

      at log (src/components/ui/Button.tsx:26:13)

    console.log
      [Button] Has onClick in props: false

      at log (src/components/ui/Button.tsx:27:13)

    console.log
      [Button] All props: {}

      at log (src/components/ui/Button.tsx:28:13)

    console.log
      [Button] Rendering with type: submit

      at log (src/components/ui/Button.tsx:25:13)

    console.log
      [Button] Props received: {
        variant: 'primary',
        size: 'lg',
        type: 'submit',
        loading: false,
        disabled: false
      }

      at log (src/components/ui/Button.tsx:26:13)

    console.log
      [Button] Has onClick in props: false

      at log (src/components/ui/Button.tsx:27:13)

    console.log
      [Button] All props: {}

      at log (src/components/ui/Button.tsx:28:13)

    console.log
      [Button] Rendering with type: submit

      at log (src/components/ui/Button.tsx:25:13)

    console.log
      [Button] Props received: {
        variant: 'primary',
        size: 'lg',
        type: 'submit',
        loading: false,
        disabled: false
      }

      at log (src/components/ui/Button.tsx:26:13)

    console.log
      [Button] Has onClick in props: false

      at log (src/components/ui/Button.tsx:27:13)

    console.log
      [Button] All props: {}

      at log (src/components/ui/Button.tsx:28:13)

    console.log
      [Button] Rendering with type: submit

      at log (src/components/ui/Button.tsx:25:13)

    console.log
      [Button] Props received: {
        variant: 'primary',
        size: 'lg',
        type: 'submit',
        loading: false,
        disabled: false
      }

      at log (src/components/ui/Button.tsx:26:13)

    console.log
      [Button] Has onClick in props: false

      at log (src/components/ui/Button.tsx:27:13)

    console.log
      [Button] All props: {}

      at log (src/components/ui/Button.tsx:28:13)

    console.log
      [Button] Rendering with type: submit

      at log (src/components/ui/Button.tsx:25:13)

    console.log
      [Button] Props received: {
        variant: 'primary',
        size: 'lg',
        type: 'submit',
        loading: false,
        disabled: false
      }

      at log (src/components/ui/Button.tsx:26:13)

    console.log
      [Button] Has onClick in props: false

      at log (src/components/ui/Button.tsx:27:13)

    console.log
      [Button] All props: {}

      at log (src/components/ui/Button.tsx:28:13)

    console.log
      [Button] Rendering with type: submit

      at log (src/components/ui/Button.tsx:25:13)

    console.log
      [Button] Props received: {
        variant: 'primary',
        size: 'lg',
        type: 'submit',
        loading: false,
        disabled: false
      }

      at log (src/components/ui/Button.tsx:26:13)

    console.log
      [Button] Has onClick in props: false

      at log (src/components/ui/Button.tsx:27:13)

    console.log
      [Button] All props: {}

      at log (src/components/ui/Button.tsx:28:13)

    console.log
      [Button] Rendering with type: submit

      at log (src/components/ui/Button.tsx:25:13)

    console.log
      [Button] Props received: {
        variant: 'primary',
        size: 'lg',
        type: 'submit',
        loading: false,
        disabled: false
      }

      at log (src/components/ui/Button.tsx:26:13)

    console.log
      [Button] Has onClick in props: false

      at log (src/components/ui/Button.tsx:27:13)

    console.log
      [Button] All props: {}

      at log (src/components/ui/Button.tsx:28:13)

    console.log
      [Button] Rendering with type: submit

      at log (src/components/ui/Button.tsx:25:13)

    console.log
      [Button] Props received: {
        variant: 'primary',
        size: 'lg',
        type: 'submit',
        loading: false,
        disabled: false
      }

      at log (src/components/ui/Button.tsx:26:13)

    console.log
      [Button] Has onClick in props: false

      at log (src/components/ui/Button.tsx:27:13)

    console.log
      [Button] All props: {}

      at log (src/components/ui/Button.tsx:28:13)

    console.log
      [Button] Rendering with type: submit

      at log (src/components/ui/Button.tsx:25:13)

    console.log
      [Button] Props received: {
        variant: 'primary',
        size: 'lg',
        type: 'submit',
        loading: false,
        disabled: false
      }

      at log (src/components/ui/Button.tsx:26:13)

    console.log
      [Button] Has onClick in props: false

      at log (src/components/ui/Button.tsx:27:13)

    console.log
      [Button] All props: {}

      at log (src/components/ui/Button.tsx:28:13)

    console.log
      [Button] Rendering with type: submit

      at log (src/components/ui/Button.tsx:25:13)

    console.log
      [Button] Props received: {
        variant: 'primary',
        size: 'lg',
        type: 'submit',
        loading: false,
        disabled: false
      }

      at log (src/components/ui/Button.tsx:26:13)

    console.log
      [Button] Has onClick in props: false

      at log (src/components/ui/Button.tsx:27:13)

    console.log
      [Button] All props: {}

      at log (src/components/ui/Button.tsx:28:13)

    console.log
      [Button] Rendering with type: submit

      at log (src/components/ui/Button.tsx:25:13)

    console.log
      [Button] Props received: {
        variant: 'primary',
        size: 'lg',
        type: 'submit',
        loading: false,
        disabled: false
      }

      at log (src/components/ui/Button.tsx:26:13)

    console.log
      [Button] Has onClick in props: false

      at log (src/components/ui/Button.tsx:27:13)

    console.log
      [Button] All props: {}

      at log (src/components/ui/Button.tsx:28:13)

    console.log
      [Button] Rendering with type: submit

      at log (src/components/ui/Button.tsx:25:13)

    console.log
      [Button] Props received: {
        variant: 'primary',
        size: 'lg',
        type: 'submit',
        loading: false,
        disabled: false
      }

      at log (src/components/ui/Button.tsx:26:13)

    console.log
      [Button] Has onClick in props: false

      at log (src/components/ui/Button.tsx:27:13)

    console.log
      [Button] All props: {}

      at log (src/components/ui/Button.tsx:28:13)

    console.log
      [Button] Rendering with type: submit

      at log (src/components/ui/Button.tsx:25:13)

    console.log
      [Button] Props received: {
        variant: 'primary',
        size: 'lg',
        type: 'submit',
        loading: false,
        disabled: false
      }

      at log (src/components/ui/Button.tsx:26:13)

    console.log
      [Button] Has onClick in props: false

      at log (src/components/ui/Button.tsx:27:13)

    console.log
      [Button] All props: {}

      at log (src/components/ui/Button.tsx:28:13)

    console.log
      [Button] Rendering with type: submit

      at log (src/components/ui/Button.tsx:25:13)

    console.log
      [Button] Props received: {
        variant: 'primary',
        size: 'lg',
        type: 'submit',
        loading: false,
        disabled: false
      }

      at log (src/components/ui/Button.tsx:26:13)

    console.log
      [Button] Has onClick in props: false

      at log (src/components/ui/Button.tsx:27:13)

    console.log
      [Button] All props: {}

      at log (src/components/ui/Button.tsx:28:13)

    console.log
      [Button] Rendering with type: submit

      at log (src/components/ui/Button.tsx:25:13)

    console.log
      [Button] Props received: {
        variant: 'primary',
        size: 'lg',
        type: 'submit',
        loading: false,
        disabled: false
      }

      at log (src/components/ui/Button.tsx:26:13)

    console.log
      [Button] Has onClick in props: false

      at log (src/components/ui/Button.tsx:27:13)

    console.log
      [Button] All props: {}

      at log (src/components/ui/Button.tsx:28:13)

    console.log
      [Button] Rendering with type: submit

      at log (src/components/ui/Button.tsx:25:13)

    console.log
      [Button] Props received: {
        variant: 'primary',
        size: 'lg',
        type: 'submit',
        loading: false,
        disabled: false
      }

      at log (src/components/ui/Button.tsx:26:13)

    console.log
      [Button] Has onClick in props: false

      at log (src/components/ui/Button.tsx:27:13)

    console.log
      [Button] All props: {}

      at log (src/components/ui/Button.tsx:28:13)

    console.log
      [Button] Rendering with type: submit

      at log (src/components/ui/Button.tsx:25:13)

    console.log
      [Button] Props received: {
        variant: 'primary',
        size: 'lg',
        type: 'submit',
        loading: false,
        disabled: false
      }

      at log (src/components/ui/Button.tsx:26:13)

    console.log
      [Button] Has onClick in props: false

      at log (src/components/ui/Button.tsx:27:13)

    console.log
      [Button] All props: {}

      at log (src/components/ui/Button.tsx:28:13)

    console.log
      [Button] Rendering with type: submit

      at log (src/components/ui/Button.tsx:25:13)

    console.log
      [Button] Props received: {
        variant: 'primary',
        size: 'lg',
        type: 'submit',
        loading: false,
        disabled: false
      }

      at log (src/components/ui/Button.tsx:26:13)

    console.log
      [Button] Has onClick in props: false

      at log (src/components/ui/Button.tsx:27:13)

    console.log
      [Button] All props: {}

      at log (src/components/ui/Button.tsx:28:13)

    console.log
      [Button] Rendering with type: submit

      at log (src/components/ui/Button.tsx:25:13)

    console.log
      [Button] Props received: {
        variant: 'primary',
        size: 'lg',
        type: 'submit',
        loading: false,
        disabled: false
      }

      at log (src/components/ui/Button.tsx:26:13)

    console.log
      [Button] Has onClick in props: false

      at log (src/components/ui/Button.tsx:27:13)

    console.log
      [Button] All props: {}

      at log (src/components/ui/Button.tsx:28:13)

    console.log
      [Button] Rendering with type: submit

      at log (src/components/ui/Button.tsx:25:13)

    console.log
      [Button] Props received: {
        variant: 'primary',
        size: 'lg',
        type: 'submit',
        loading: false,
        disabled: false
      }

      at log (src/components/ui/Button.tsx:26:13)

    console.log
      [Button] Has onClick in props: false

      at log (src/components/ui/Button.tsx:27:13)

    console.log
      [Button] All props: {}

      at log (src/components/ui/Button.tsx:28:13)

    console.log
      [Button] Rendering with type: submit

      at log (src/components/ui/Button.tsx:25:13)

    console.log
      [Button] Props received: {
        variant: 'primary',
        size: 'lg',
        type: 'submit',
        loading: false,
        disabled: false
      }

      at log (src/components/ui/Button.tsx:26:13)

    console.log
      [Button] Has onClick in props: false

      at log (src/components/ui/Button.tsx:27:13)

    console.log
      [Button] All props: {}

      at log (src/components/ui/Button.tsx:28:13)

    console.log
      [Button] Rendering with type: submit

      at log (src/components/ui/Button.tsx:25:13)

    console.log
      [Button] Props received: {
        variant: 'primary',
        size: 'lg',
        type: 'submit',
        loading: false,
        disabled: false
      }

      at log (src/components/ui/Button.tsx:26:13)

    console.log
      [Button] Has onClick in props: false

      at log (src/components/ui/Button.tsx:27:13)

    console.log
      [Button] All props: {}

      at log (src/components/ui/Button.tsx:28:13)

    console.log
      [Button] Rendering with type: submit

      at log (src/components/ui/Button.tsx:25:13)

    console.log
      [Button] Props received: {
        variant: 'primary',
        size: 'lg',
        type: 'submit',
        loading: false,
        disabled: false
      }

      at log (src/components/ui/Button.tsx:26:13)

    console.log
      [Button] Has onClick in props: false

      at log (src/components/ui/Button.tsx:27:13)

    console.log
      [Button] All props: {}

      at log (src/components/ui/Button.tsx:28:13)

    console.log
      [Button] Rendering with type: submit

      at log (src/components/ui/Button.tsx:25:13)

    console.log
      [Button] Props received: {
        variant: 'primary',
        size: 'lg',
        type: 'submit',
        loading: false,
        disabled: false
      }

      at log (src/components/ui/Button.tsx:26:13)

    console.log
      [Button] Has onClick in props: false

      at log (src/components/ui/Button.tsx:27:13)

    console.log
      [Button] All props: {}

      at log (src/components/ui/Button.tsx:28:13)

    console.log
      [Button] Rendering with type: submit

      at log (src/components/ui/Button.tsx:25:13)

    console.log
      [Button] Props received: {
        variant: 'primary',
        size: 'lg',
        type: 'submit',
        loading: false,
        disabled: false
      }

      at log (src/components/ui/Button.tsx:26:13)

    console.log
      [Button] Has onClick in props: false

      at log (src/components/ui/Button.tsx:27:13)

    console.log
      [Button] All props: {}

      at log (src/components/ui/Button.tsx:28:13)

    console.log
      [Button] Rendering with type: submit

      at log (src/components/ui/Button.tsx:25:13)

    console.log
      [Button] Props received: {
        variant: 'primary',
        size: 'lg',
        type: 'submit',
        loading: false,
        disabled: false
      }

      at log (src/components/ui/Button.tsx:26:13)

    console.log
      [Button] Has onClick in props: false

      at log (src/components/ui/Button.tsx:27:13)

    console.log
      [Button] All props: {}

      at log (src/components/ui/Button.tsx:28:13)

    console.log
      [Button] Rendering with type: submit

      at log (src/components/ui/Button.tsx:25:13)

    console.log
      [Button] Props received: {
        variant: 'primary',
        size: 'lg',
        type: 'submit',
        loading: false,
        disabled: false
      }

      at log (src/components/ui/Button.tsx:26:13)

    console.log
      [Button] Has onClick in props: false

      at log (src/components/ui/Button.tsx:27:13)

    console.log
      [Button] All props: {}

      at log (src/components/ui/Button.tsx:28:13)

    console.log
      [Button] Rendering with type: submit

      at log (src/components/ui/Button.tsx:25:13)

    console.log
      [Button] Props received: {
        variant: 'primary',
        size: 'lg',
        type: 'submit',
        loading: false,
        disabled: false
      }

      at log (src/components/ui/Button.tsx:26:13)

    console.log
      [Button] Has onClick in props: false

      at log (src/components/ui/Button.tsx:27:13)

    console.log
      [Button] All props: {}

      at log (src/components/ui/Button.tsx:28:13)

    console.log
      [Button] Rendering with type: submit

      at log (src/components/ui/Button.tsx:25:13)

    console.log
      [Button] Props received: {
        variant: 'primary',
        size: 'lg',
        type: 'submit',
        loading: false,
        disabled: false
      }

      at log (src/components/ui/Button.tsx:26:13)

    console.log
      [Button] Has onClick in props: false

      at log (src/components/ui/Button.tsx:27:13)

    console.log
      [Button] All props: {}

      at log (src/components/ui/Button.tsx:28:13)

    console.log
      [Button] Rendering with type: submit

      at log (src/components/ui/Button.tsx:25:13)

    console.log
      [Button] Props received: {
        variant: 'primary',
        size: 'lg',
        type: 'submit',
        loading: false,
        disabled: false
      }

      at log (src/components/ui/Button.tsx:26:13)

    console.log
      [Button] Has onClick in props: false

      at log (src/components/ui/Button.tsx:27:13)

    console.log
      [Button] All props: {}

      at log (src/components/ui/Button.tsx:28:13)

    console.log
      [Button] Rendering with type: submit

      at log (src/components/ui/Button.tsx:25:13)

    console.log
      [Button] Props received: {
        variant: 'primary',
        size: 'lg',
        type: 'submit',
        loading: false,
        disabled: false
      }

      at log (src/components/ui/Button.tsx:26:13)

    console.log
      [Button] Has onClick in props: false

      at log (src/components/ui/Button.tsx:27:13)

    console.log
      [Button] All props: {}

      at log (src/components/ui/Button.tsx:28:13)

    console.log
      [Button] Rendering with type: submit

      at log (src/components/ui/Button.tsx:25:13)

    console.log
      [Button] Props received: {
        variant: 'primary',
        size: 'lg',
        type: 'submit',
        loading: false,
        disabled: false
      }

      at log (src/components/ui/Button.tsx:26:13)

    console.log
      [Button] Has onClick in props: false

      at log (src/components/ui/Button.tsx:27:13)

    console.log
      [Button] All props: {}

      at log (src/components/ui/Button.tsx:28:13)

    console.log
      [Button] Rendering with type: submit

      at log (src/components/ui/Button.tsx:25:13)

    console.log
      [Button] Props received: {
        variant: 'primary',
        size: 'lg',
        type: 'submit',
        loading: false,
        disabled: false
      }

      at log (src/components/ui/Button.tsx:26:13)

    console.log
      [Button] Has onClick in props: false

      at log (src/components/ui/Button.tsx:27:13)

    console.log
      [Button] All props: {}

      at log (src/components/ui/Button.tsx:28:13)

    console.log
      [Button] Rendering with type: submit

      at log (src/components/ui/Button.tsx:25:13)

    console.log
      [Button] Props received: {
        variant: 'primary',
        size: 'lg',
        type: 'submit',
        loading: false,
        disabled: false
      }

      at log (src/components/ui/Button.tsx:26:13)

    console.log
      [Button] Has onClick in props: false

      at log (src/components/ui/Button.tsx:27:13)

    console.log
      [Button] All props: {}

      at log (src/components/ui/Button.tsx:28:13)

    console.log
      [Button] Rendering with type: submit

      at log (src/components/ui/Button.tsx:25:13)

    console.log
      [Button] Props received: {
        variant: 'primary',
        size: 'lg',
        type: 'submit',
        loading: false,
        disabled: false
      }

      at log (src/components/ui/Button.tsx:26:13)

    console.log
      [Button] Has onClick in props: false

      at log (src/components/ui/Button.tsx:27:13)

    console.log
      [Button] All props: {}

      at log (src/components/ui/Button.tsx:28:13)

    console.log
      [Button] Rendering with type: submit

      at log (src/components/ui/Button.tsx:25:13)

    console.log
      [Button] Props received: {
        variant: 'primary',
        size: 'lg',
        type: 'submit',
        loading: false,
        disabled: false
      }

      at log (src/components/ui/Button.tsx:26:13)

    console.log
      [Button] Has onClick in props: false

      at log (src/components/ui/Button.tsx:27:13)

    console.log
      [Button] All props: {}

      at log (src/components/ui/Button.tsx:28:13)

    console.log
      [Button] Rendering with type: submit

      at log (src/components/ui/Button.tsx:25:13)

    console.log
      [Button] Props received: {
        variant: 'primary',
        size: 'lg',
        type: 'submit',
        loading: false,
        disabled: false
      }

      at log (src/components/ui/Button.tsx:26:13)

    console.log
      [Button] Has onClick in props: false

      at log (src/components/ui/Button.tsx:27:13)

    console.log
      [Button] All props: {}

      at log (src/components/ui/Button.tsx:28:13)

    console.log
      [Button] Rendering with type: submit

      at log (src/components/ui/Button.tsx:25:13)

    console.log
      [Button] Props received: {
        variant: 'primary',
        size: 'lg',
        type: 'submit',
        loading: false,
        disabled: false
      }

      at log (src/components/ui/Button.tsx:26:13)

    console.log
      [Button] Has onClick in props: false

      at log (src/components/ui/Button.tsx:27:13)

    console.log
      [Button] All props: {}

      at log (src/components/ui/Button.tsx:28:13)

    console.log
      [Button] Rendering with type: submit

      at log (src/components/ui/Button.tsx:25:13)

    console.log
      [Button] Props received: {
        variant: 'primary',
        size: 'lg',
        type: 'submit',
        loading: false,
        disabled: false
      }

      at log (src/components/ui/Button.tsx:26:13)

    console.log
      [Button] Has onClick in props: false

      at log (src/components/ui/Button.tsx:27:13)

    console.log
      [Button] All props: {}

      at log (src/components/ui/Button.tsx:28:13)

    console.log
      [Button] Rendering with type: submit

      at log (src/components/ui/Button.tsx:25:13)

    console.log
      [Button] Props received: {
        variant: 'primary',
        size: 'lg',
        type: 'submit',
        loading: false,
        disabled: false
      }

      at log (src/components/ui/Button.tsx:26:13)

    console.log
      [Button] Has onClick in props: false

      at log (src/components/ui/Button.tsx:27:13)

    console.log
      [Button] All props: {}

      at log (src/components/ui/Button.tsx:28:13)

    console.log
      [Button] Rendering with type: submit

      at log (src/components/ui/Button.tsx:25:13)

    console.log
      [Button] Props received: {
        variant: 'primary',
        size: 'lg',
        type: 'submit',
        loading: false,
        disabled: false
      }

      at log (src/components/ui/Button.tsx:26:13)

    console.log
      [Button] Has onClick in props: false

      at log (src/components/ui/Button.tsx:27:13)

    console.log
      [Button] All props: {}

      at log (src/components/ui/Button.tsx:28:13)

    console.log
      [Button] Rendering with type: submit

      at log (src/components/ui/Button.tsx:25:13)

    console.log
      [Button] Props received: {
        variant: 'primary',
        size: 'lg',
        type: 'submit',
        loading: false,
        disabled: false
      }

      at log (src/components/ui/Button.tsx:26:13)

    console.log
      [Button] Has onClick in props: false

      at log (src/components/ui/Button.tsx:27:13)

    console.log
      [Button] All props: {}

      at log (src/components/ui/Button.tsx:28:13)

    console.log
      [Button] Rendering with type: submit

      at log (src/components/ui/Button.tsx:25:13)

    console.log
      [Button] Props received: {
        variant: 'primary',
        size: 'lg',
        type: 'submit',
        loading: false,
        disabled: false
      }

      at log (src/components/ui/Button.tsx:26:13)

    console.log
      [Button] Has onClick in props: false

      at log (src/components/ui/Button.tsx:27:13)

    console.log
      [Button] All props: {}

      at log (src/components/ui/Button.tsx:28:13)

    console.log
      [Button] Rendering with type: submit

      at log (src/components/ui/Button.tsx:25:13)

    console.log
      [Button] Props received: {
        variant: 'primary',
        size: 'lg',
        type: 'submit',
        loading: false,
        disabled: false
      }

      at log (src/components/ui/Button.tsx:26:13)

    console.log
      [Button] Has onClick in props: false

      at log (src/components/ui/Button.tsx:27:13)

    console.log
      [Button] All props: {}

      at log (src/components/ui/Button.tsx:28:13)

    console.log
      [Button] Rendering with type: submit

      at log (src/components/ui/Button.tsx:25:13)

    console.log
      [Button] Props received: {
        variant: 'primary',
        size: 'lg',
        type: 'submit',
        loading: false,
        disabled: false
      }

      at log (src/components/ui/Button.tsx:26:13)

    console.log
      [Button] Has onClick in props: false

      at log (src/components/ui/Button.tsx:27:13)

    console.log
      [Button] All props: {}

      at log (src/components/ui/Button.tsx:28:13)

    console.log
      [Button] Rendering with type: submit

      at log (src/components/ui/Button.tsx:25:13)

    console.log
      [Button] Props received: {
        variant: 'primary',
        size: 'lg',
        type: 'submit',
        loading: false,
        disabled: false
      }

      at log (src/components/ui/Button.tsx:26:13)

    console.log
      [Button] Has onClick in props: false

      at log (src/components/ui/Button.tsx:27:13)

    console.log
      [Button] All props: {}

      at log (src/components/ui/Button.tsx:28:13)

    console.log
      [Button] Rendering with type: submit

      at log (src/components/ui/Button.tsx:25:13)

    console.log
      [Button] Props received: {
        variant: 'primary',
        size: 'lg',
        type: 'submit',
        loading: false,
        disabled: false
      }

      at log (src/components/ui/Button.tsx:26:13)

    console.log
      [Button] Has onClick in props: false

      at log (src/components/ui/Button.tsx:27:13)

    console.log
      [Button] All props: {}

      at log (src/components/ui/Button.tsx:28:13)

    console.log
      [Button] Rendering with type: submit

      at log (src/components/ui/Button.tsx:25:13)

    console.log
      [Button] Props received: {
        variant: 'primary',
        size: 'lg',
        type: 'submit',
        loading: false,
        disabled: false
      }

      at log (src/components/ui/Button.tsx:26:13)

    console.log
      [Button] Has onClick in props: false

      at log (src/components/ui/Button.tsx:27:13)

    console.log
      [Button] All props: {}

      at log (src/components/ui/Button.tsx:28:13)

    console.log
      [Button] Rendering with type: submit

      at log (src/components/ui/Button.tsx:25:13)

    console.log
      [Button] Props received: {
        variant: 'primary',
        size: 'lg',
        type: 'submit',
        loading: false,
        disabled: false
      }

      at log (src/components/ui/Button.tsx:26:13)

    console.log
      [Button] Has onClick in props: false

      at log (src/components/ui/Button.tsx:27:13)

    console.log
      [Button] All props: {}

      at log (src/components/ui/Button.tsx:28:13)

    console.log
      [Button] Rendering with type: submit

      at log (src/components/ui/Button.tsx:25:13)

    console.log
      [Button] Props received: {
        variant: 'primary',
        size: 'lg',
        type: 'submit',
        loading: false,
        disabled: false
      }

      at log (src/components/ui/Button.tsx:26:13)

    console.log
      [Button] Has onClick in props: false

      at log (src/components/ui/Button.tsx:27:13)

    console.log
      [Button] All props: {}

      at log (src/components/ui/Button.tsx:28:13)

    console.log
      [Button] Rendering with type: submit

      at log (src/components/ui/Button.tsx:25:13)

    console.log
      [Button] Props received: {
        variant: 'primary',
        size: 'lg',
        type: 'submit',
        loading: false,
        disabled: false
      }

      at log (src/components/ui/Button.tsx:26:13)

    console.log
      [Button] Has onClick in props: false

      at log (src/components/ui/Button.tsx:27:13)

    console.log
      [Button] All props: {}

      at log (src/components/ui/Button.tsx:28:13)

    console.log
      [Button] Rendering with type: submit

      at log (src/components/ui/Button.tsx:25:13)

    console.log
      [Button] Props received: {
        variant: 'primary',
        size: 'lg',
        type: 'submit',
        loading: false,
        disabled: false
      }

      at log (src/components/ui/Button.tsx:26:13)

    console.log
      [Button] Has onClick in props: false

      at log (src/components/ui/Button.tsx:27:13)

    console.log
      [Button] All props: {}

      at log (src/components/ui/Button.tsx:28:13)

    console.log
      [Button] Rendering with type: submit

      at log (src/components/ui/Button.tsx:25:13)

    console.log
      [Button] Props received: {
        variant: 'primary',
        size: 'lg',
        type: 'submit',
        loading: false,
        disabled: false
      }

      at log (src/components/ui/Button.tsx:26:13)

    console.log
      [Button] Has onClick in props: false

      at log (src/components/ui/Button.tsx:27:13)

    console.log
      [Button] All props: {}

      at log (src/components/ui/Button.tsx:28:13)

    console.log
      [Button] Rendering with type: submit

      at log (src/components/ui/Button.tsx:25:13)

    console.log
      [Button] Props received: {
        variant: 'primary',
        size: 'lg',
        type: 'submit',
        loading: false,
        disabled: false
      }

      at log (src/components/ui/Button.tsx:26:13)

    console.log
      [Button] Has onClick in props: false

      at log (src/components/ui/Button.tsx:27:13)

    console.log
      [Button] All props: {}

      at log (src/components/ui/Button.tsx:28:13)

    console.log
      [Button] Rendering with type: submit

      at log (src/components/ui/Button.tsx:25:13)

    console.log
      [Button] Props received: {
        variant: 'primary',
        size: 'lg',
        type: 'submit',
        loading: false,
        disabled: false
      }

      at log (src/components/ui/Button.tsx:26:13)

    console.log
      [Button] Has onClick in props: false

      at log (src/components/ui/Button.tsx:27:13)

    console.log
      [Button] All props: {}

      at log (src/components/ui/Button.tsx:28:13)

    console.log
      [Button] Rendering with type: submit

      at log (src/components/ui/Button.tsx:25:13)

    console.log
      [Button] Props received: {
        variant: 'primary',
        size: 'lg',
        type: 'submit',
        loading: false,
        disabled: false
      }

      at log (src/components/ui/Button.tsx:26:13)

    console.log
      [Button] Has onClick in props: false

      at log (src/components/ui/Button.tsx:27:13)

    console.log
      [Button] All props: {}

      at log (src/components/ui/Button.tsx:28:13)

    console.log
      [Button] Rendering with type: submit

      at log (src/components/ui/Button.tsx:25:13)

    console.log
      [Button] Props received: {
        variant: 'primary',
        size: 'lg',
        type: 'submit',
        loading: false,
        disabled: false
      }

      at log (src/components/ui/Button.tsx:26:13)

    console.log
      [Button] Has onClick in props: false

      at log (src/components/ui/Button.tsx:27:13)

    console.log
      [Button] All props: {}

      at log (src/components/ui/Button.tsx:28:13)

    console.log
      [Button] Rendering with type: submit

      at log (src/components/ui/Button.tsx:25:13)

    console.log
      [Button] Props received: {
        variant: 'primary',
        size: 'lg',
        type: 'submit',
        loading: false,
        disabled: false
      }

      at log (src/components/ui/Button.tsx:26:13)

    console.log
      [Button] Has onClick in props: false

      at log (src/components/ui/Button.tsx:27:13)

    console.log
      [Button] All props: {}

      at log (src/components/ui/Button.tsx:28:13)

    console.log
      [Button] Rendering with type: submit

      at log (src/components/ui/Button.tsx:25:13)

    console.log
      [Button] Props received: {
        variant: 'primary',
        size: 'lg',
        type: 'submit',
        loading: false,
        disabled: false
      }

      at log (src/components/ui/Button.tsx:26:13)

    console.log
      [Button] Has onClick in props: false

      at log (src/components/ui/Button.tsx:27:13)

    console.log
      [Button] All props: {}

      at log (src/components/ui/Button.tsx:28:13)

    console.log
      [Button] Rendering with type: submit

      at log (src/components/ui/Button.tsx:25:13)

    console.log
      [Button] Props received: {
        variant: 'primary',
        size: 'lg',
        type: 'submit',
        loading: false,
        disabled: false
      }

      at log (src/components/ui/Button.tsx:26:13)

    console.log
      [Button] Has onClick in props: false

      at log (src/components/ui/Button.tsx:27:13)

    console.log
      [Button] All props: {}

      at log (src/components/ui/Button.tsx:28:13)

    console.log
      [Button] Rendering with type: submit

      at log (src/components/ui/Button.tsx:25:13)

    console.log
      [Button] Props received: {
        variant: 'primary',
        size: 'lg',
        type: 'submit',
        loading: false,
        disabled: false
      }

      at log (src/components/ui/Button.tsx:26:13)

    console.log
      [Button] Has onClick in props: false

      at log (src/components/ui/Button.tsx:27:13)

    console.log
      [Button] All props: {}

      at log (src/components/ui/Button.tsx:28:13)

    console.log
      [Button] Rendering with type: submit

      at log (src/components/ui/Button.tsx:25:13)

    console.log
      [Button] Props received: {
        variant: 'primary',
        size: 'lg',
        type: 'submit',
        loading: false,
        disabled: false
      }

      at log (src/components/ui/Button.tsx:26:13)

    console.log
      [Button] Has onClick in props: false

      at log (src/components/ui/Button.tsx:27:13)

    console.log
      [Button] All props: {}

      at log (src/components/ui/Button.tsx:28:13)

    console.log
      [Button] Rendering with type: submit

      at log (src/components/ui/Button.tsx:25:13)

    console.log
      [Button] Props received: {
        variant: 'primary',
        size: 'lg',
        type: 'submit',
        loading: false,
        disabled: false
      }

      at log (src/components/ui/Button.tsx:26:13)

    console.log
      [Button] Has onClick in props: false

      at log (src/components/ui/Button.tsx:27:13)

    console.log
      [Button] All props: {}

      at log (src/components/ui/Button.tsx:28:13)

    console.log
      [Button] Rendering with type: submit

      at log (src/components/ui/Button.tsx:25:13)

    console.log
      [Button] Props received: {
        variant: 'primary',
        size: 'lg',
        type: 'submit',
        loading: false,
        disabled: false
      }

      at log (src/components/ui/Button.tsx:26:13)

    console.log
      [Button] Has onClick in props: false

      at log (src/components/ui/Button.tsx:27:13)

    console.log
      [Button] All props: {}

      at log (src/components/ui/Button.tsx:28:13)

    console.log
      [Button] Rendering with type: submit

      at log (src/components/ui/Button.tsx:25:13)

    console.log
      [Button] Props received: {
        variant: 'primary',
        size: 'lg',
        type: 'submit',
        loading: false,
        disabled: false
      }

      at log (src/components/ui/Button.tsx:26:13)

    console.log
      [Button] Has onClick in props: false

      at log (src/components/ui/Button.tsx:27:13)

    console.log
      [Button] All props: {}

      at log (src/components/ui/Button.tsx:28:13)

    console.log
      [Button] Rendering with type: submit

      at log (src/components/ui/Button.tsx:25:13)

    console.log
      [Button] Props received: {
        variant: 'primary',
        size: 'lg',
        type: 'submit',
        loading: false,
        disabled: false
      }

      at log (src/components/ui/Button.tsx:26:13)

    console.log
      [Button] Has onClick in props: false

      at log (src/components/ui/Button.tsx:27:13)

    console.log
      [Button] All props: {}

      at log (src/components/ui/Button.tsx:28:13)

    console.log
      [Button] Rendering with type: submit

      at log (src/components/ui/Button.tsx:25:13)

    console.log
      [Button] Props received: {
        variant: 'primary',
        size: 'lg',
        type: 'submit',
        loading: false,
        disabled: false
      }

      at log (src/components/ui/Button.tsx:26:13)

    console.log
      [Button] Has onClick in props: false

      at log (src/components/ui/Button.tsx:27:13)

    console.log
      [Button] All props: {}

      at log (src/components/ui/Button.tsx:28:13)

    console.log
      [Button] Rendering with type: submit

      at log (src/components/ui/Button.tsx:25:13)

    console.log
      [Button] Props received: {
        variant: 'primary',
        size: 'lg',
        type: 'submit',
        loading: false,
        disabled: false
      }

      at log (src/components/ui/Button.tsx:26:13)

    console.log
      [Button] Has onClick in props: false

      at log (src/components/ui/Button.tsx:27:13)

    console.log
      [Button] All props: {}

      at log (src/components/ui/Button.tsx:28:13)

    console.log
      [Button] Rendering with type: submit

      at log (src/components/ui/Button.tsx:25:13)

    console.log
      [Button] Props received: {
        variant: 'primary',
        size: 'lg',
        type: 'submit',
        loading: false,
        disabled: false
      }

      at log (src/components/ui/Button.tsx:26:13)

    console.log
      [Button] Has onClick in props: false

      at log (src/components/ui/Button.tsx:27:13)

    console.log
      [Button] All props: {}

      at log (src/components/ui/Button.tsx:28:13)

    console.log
      [Button] Rendering with type: submit

      at log (src/components/ui/Button.tsx:25:13)

    console.log
      [Button] Props received: {
        variant: 'primary',
        size: 'lg',
        type: 'submit',
        loading: false,
        disabled: false
      }

      at log (src/components/ui/Button.tsx:26:13)

    console.log
      [Button] Has onClick in props: false

      at log (src/components/ui/Button.tsx:27:13)

    console.log
      [Button] All props: {}

      at log (src/components/ui/Button.tsx:28:13)

    console.log
      [Button] Rendering with type: submit

      at log (src/components/ui/Button.tsx:25:13)

    console.log
      [Button] Props received: {
        variant: 'primary',
        size: 'lg',
        type: 'submit',
        loading: false,
        disabled: false
      }

      at log (src/components/ui/Button.tsx:26:13)

    console.log
      [Button] Has onClick in props: false

      at log (src/components/ui/Button.tsx:27:13)

    console.log
      [Button] All props: {}

      at log (src/components/ui/Button.tsx:28:13)

    console.log
      [Button] Rendering with type: submit

      at log (src/components/ui/Button.tsx:25:13)

    console.log
      [Button] Props received: {
        variant: 'primary',
        size: 'lg',
        type: 'submit',
        loading: false,
        disabled: false
      }

      at log (src/components/ui/Button.tsx:26:13)

    console.log
      [Button] Has onClick in props: false

      at log (src/components/ui/Button.tsx:27:13)

    console.log
      [Button] All props: {}

      at log (src/components/ui/Button.tsx:28:13)

    console.log
      [Button] Rendering with type: submit

      at log (src/components/ui/Button.tsx:25:13)

    console.log
      [Button] Props received: {
        variant: 'primary',
        size: 'lg',
        type: 'submit',
        loading: false,
        disabled: false
      }

      at log (src/components/ui/Button.tsx:26:13)

    console.log
      [Button] Has onClick in props: false

      at log (src/components/ui/Button.tsx:27:13)

    console.log
      [Button] All props: {}

      at log (src/components/ui/Button.tsx:28:13)

    console.log
      [Button] Rendering with type: submit

      at log (src/components/ui/Button.tsx:25:13)

    console.log
      [Button] Props received: {
        variant: 'primary',
        size: 'lg',
        type: 'submit',
        loading: false,
        disabled: false
      }

      at log (src/components/ui/Button.tsx:26:13)

    console.log
      [Button] Has onClick in props: false

      at log (src/components/ui/Button.tsx:27:13)

    console.log
      [Button] All props: {}

      at log (src/components/ui/Button.tsx:28:13)

    console.log
      [Button] Rendering with type: submit

      at log (src/components/ui/Button.tsx:25:13)

    console.log
      [Button] Props received: {
        variant: 'primary',
        size: 'lg',
        type: 'submit',
        loading: false,
        disabled: false
      }

      at log (src/components/ui/Button.tsx:26:13)

    console.log
      [Button] Has onClick in props: false

      at log (src/components/ui/Button.tsx:27:13)

    console.log
      [Button] All props: {}

      at log (src/components/ui/Button.tsx:28:13)

    console.log
      [Button] Rendering with type: submit

      at log (src/components/ui/Button.tsx:25:13)

    console.log
      [Button] Props received: {
        variant: 'primary',
        size: 'lg',
        type: 'submit',
        loading: false,
        disabled: false
      }

      at log (src/components/ui/Button.tsx:26:13)

    console.log
      [Button] Has onClick in props: false

      at log (src/components/ui/Button.tsx:27:13)

    console.log
      [Button] All props: {}

      at log (src/components/ui/Button.tsx:28:13)

    console.log
      [Button] Rendering with type: submit

      at log (src/components/ui/Button.tsx:25:13)

    console.log
      [Button] Props received: {
        variant: 'primary',
        size: 'lg',
        type: 'submit',
        loading: false,
        disabled: false
      }

      at log (src/components/ui/Button.tsx:26:13)

    console.log
      [Button] Has onClick in props: false

      at log (src/components/ui/Button.tsx:27:13)

    console.log
      [Button] All props: {}

      at log (src/components/ui/Button.tsx:28:13)

    console.log
      [Button] Rendering with type: submit

      at log (src/components/ui/Button.tsx:25:13)

    console.log
      [Button] Props received: {
        variant: 'primary',
        size: 'lg',
        type: 'submit',
        loading: false,
        disabled: false
      }

      at log (src/components/ui/Button.tsx:26:13)

    console.log
      [Button] Has onClick in props: false

      at log (src/components/ui/Button.tsx:27:13)

    console.log
      [Button] All props: {}

      at log (src/components/ui/Button.tsx:28:13)

    console.log
      [Button] Rendering with type: submit

      at log (src/components/ui/Button.tsx:25:13)

    console.log
      [Button] Props received: {
        variant: 'primary',
        size: 'lg',
        type: 'submit',
        loading: false,
        disabled: false
      }

      at log (src/components/ui/Button.tsx:26:13)

    console.log
      [Button] Has onClick in props: false

      at log (src/components/ui/Button.tsx:27:13)

    console.log
      [Button] All props: {}

      at log (src/components/ui/Button.tsx:28:13)

    console.log
      [Button] Rendering with type: submit

      at log (src/components/ui/Button.tsx:25:13)

    console.log
      [Button] Props received: {
        variant: 'primary',
        size: 'lg',
        type: 'submit',
        loading: false,
        disabled: false
      }

      at log (src/components/ui/Button.tsx:26:13)

    console.log
      [Button] Has onClick in props: false

      at log (src/components/ui/Button.tsx:27:13)

    console.log
      [Button] All props: {}

      at log (src/components/ui/Button.tsx:28:13)

    console.log
      [Button] Rendering with type: submit

      at log (src/components/ui/Button.tsx:25:13)

    console.log
      [Button] Props received: {
        variant: 'primary',
        size: 'lg',
        type: 'submit',
        loading: false,
        disabled: false
      }

      at log (src/components/ui/Button.tsx:26:13)

    console.log
      [Button] Has onClick in props: false

      at log (src/components/ui/Button.tsx:27:13)

    console.log
      [Button] All props: {}

      at log (src/components/ui/Button.tsx:28:13)

    console.log
      [Button] Rendering with type: submit

      at log (src/components/ui/Button.tsx:25:13)

    console.log
      [Button] Props received: {
        variant: 'primary',
        size: 'lg',
        type: 'submit',
        loading: false,
        disabled: false
      }

      at log (src/components/ui/Button.tsx:26:13)

    console.log
      [Button] Has onClick in props: false

      at log (src/components/ui/Button.tsx:27:13)

    console.log
      [Button] All props: {}

      at log (src/components/ui/Button.tsx:28:13)

    console.log
      [Button] Rendering with type: submit

      at log (src/components/ui/Button.tsx:25:13)

    console.log
      [Button] Props received: {
        variant: 'primary',
        size: 'lg',
        type: 'submit',
        loading: false,
        disabled: false
      }

      at log (src/components/ui/Button.tsx:26:13)

    console.log
      [Button] Has onClick in props: false

      at log (src/components/ui/Button.tsx:27:13)

    console.log
      [Button] All props: {}

      at log (src/components/ui/Button.tsx:28:13)

    console.log
      [Button] Rendering with type: submit

      at log (src/components/ui/Button.tsx:25:13)

    console.log
      [Button] Props received: {
        variant: 'primary',
        size: 'lg',
        type: 'submit',
        loading: false,
        disabled: false
      }

      at log (src/components/ui/Button.tsx:26:13)

    console.log
      [Button] Has onClick in props: false

      at log (src/components/ui/Button.tsx:27:13)

    console.log
      [Button] All props: {}

      at log (src/components/ui/Button.tsx:28:13)

    console.log
      [Button] Rendering with type: submit

      at log (src/components/ui/Button.tsx:25:13)

    console.log
      [Button] Props received: {
        variant: 'primary',
        size: 'lg',
        type: 'submit',
        loading: false,
        disabled: false
      }

      at log (src/components/ui/Button.tsx:26:13)

    console.log
      [Button] Has onClick in props: false

      at log (src/components/ui/Button.tsx:27:13)

    console.log
      [Button] All props: {}

      at log (src/components/ui/Button.tsx:28:13)

    console.log
      [Button] Rendering with type: submit

      at log (src/components/ui/Button.tsx:25:13)

    console.log
      [Button] Props received: {
        variant: 'primary',
        size: 'lg',
        type: 'submit',
        loading: false,
        disabled: false
      }

      at log (src/components/ui/Button.tsx:26:13)

    console.log
      [Button] Has onClick in props: false

      at log (src/components/ui/Button.tsx:27:13)

    console.log
      [Button] All props: {}

      at log (src/components/ui/Button.tsx:28:13)

    console.log
      [Button] Rendering with type: submit

      at log (src/components/ui/Button.tsx:25:13)

    console.log
      [Button] Props received: {
        variant: 'primary',
        size: 'lg',
        type: 'submit',
        loading: false,
        disabled: false
      }

      at log (src/components/ui/Button.tsx:26:13)

    console.log
      [Button] Has onClick in props: false

      at log (src/components/ui/Button.tsx:27:13)

    console.log
      [Button] All props: {}

      at log (src/components/ui/Button.tsx:28:13)

    console.log
      [Button] Rendering with type: submit

      at log (src/components/ui/Button.tsx:25:13)

    console.log
      [Button] Props received: {
        variant: 'primary',
        size: 'lg',
        type: 'submit',
        loading: false,
        disabled: false
      }

      at log (src/components/ui/Button.tsx:26:13)

    console.log
      [Button] Has onClick in props: false

      at log (src/components/ui/Button.tsx:27:13)

    console.log
      [Button] All props: {}

      at log (src/components/ui/Button.tsx:28:13)

    console.log
      [Button] Rendering with type: submit

      at log (src/components/ui/Button.tsx:25:13)

    console.log
      [Button] Props received: {
        variant: 'primary',
        size: 'lg',
        type: 'submit',
        loading: false,
        disabled: false
      }

      at log (src/components/ui/Button.tsx:26:13)

    console.log
      [Button] Has onClick in props: false

      at log (src/components/ui/Button.tsx:27:13)

    console.log
      [Button] All props: {}

      at log (src/components/ui/Button.tsx:28:13)

    console.log
      [Button] Rendering with type: submit

      at log (src/components/ui/Button.tsx:25:13)

    console.log
      [Button] Props received: {
        variant: 'primary',
        size: 'lg',
        type: 'submit',
        loading: false,
        disabled: false
      }

      at log (src/components/ui/Button.tsx:26:13)

    console.log
      [Button] Has onClick in props: false

      at log (src/components/ui/Button.tsx:27:13)

    console.log
      [Button] All props: {}

      at log (src/components/ui/Button.tsx:28:13)

    console.log
      [Button] Rendering with type: submit

      at log (src/components/ui/Button.tsx:25:13)

    console.log
      [Button] Props received: {
        variant: 'primary',
        size: 'lg',
        type: 'submit',
        loading: false,
        disabled: false
      }

      at log (src/components/ui/Button.tsx:26:13)

    console.log
      [Button] Has onClick in props: false

      at log (src/components/ui/Button.tsx:27:13)

    console.log
      [Button] All props: {}

      at log (src/components/ui/Button.tsx:28:13)

    console.log
      [Button] Rendering with type: submit

      at log (src/components/ui/Button.tsx:25:13)

    console.log
      [Button] Props received: {
        variant: 'primary',
        size: 'lg',
        type: 'submit',
        loading: false,
        disabled: false
      }

      at log (src/components/ui/Button.tsx:26:13)

    console.log
      [Button] Has onClick in props: false

      at log (src/components/ui/Button.tsx:27:13)

    console.log
      [Button] All props: {}

      at log (src/components/ui/Button.tsx:28:13)

    console.log
      [Button] Rendering with type: submit

      at log (src/components/ui/Button.tsx:25:13)

    console.log
      [Button] Props received: {
        variant: 'primary',
        size: 'lg',
        type: 'submit',
        loading: false,
        disabled: false
      }

      at log (src/components/ui/Button.tsx:26:13)

    console.log
      [Button] Has onClick in props: false

      at log (src/components/ui/Button.tsx:27:13)

    console.log
      [Button] All props: {}

      at log (src/components/ui/Button.tsx:28:13)

    console.log
      [Button] Rendering with type: submit

      at log (src/components/ui/Button.tsx:25:13)

    console.log
      [Button] Props received: {
        variant: 'primary',
        size: 'lg',
        type: 'submit',
        loading: false,
        disabled: false
      }

      at log (src/components/ui/Button.tsx:26:13)

    console.log
      [Button] Has onClick in props: false

      at log (src/components/ui/Button.tsx:27:13)

    console.log
      [Button] All props: {}

      at log (src/components/ui/Button.tsx:28:13)

    console.log
      [Button] Rendering with type: submit

      at log (src/components/ui/Button.tsx:25:13)

    console.log
      [Button] Props received: {
        variant: 'primary',
        size: 'lg',
        type: 'submit',
        loading: false,
        disabled: false
      }

      at log (src/components/ui/Button.tsx:26:13)

    console.log
      [Button] Has onClick in props: false

      at log (src/components/ui/Button.tsx:27:13)

    console.log
      [Button] All props: {}

      at log (src/components/ui/Button.tsx:28:13)

    console.log
      [Button] Rendering with type: submit

      at log (src/components/ui/Button.tsx:25:13)

    console.log
      [Button] Props received: {
        variant: 'primary',
        size: 'lg',
        type: 'submit',
        loading: false,
        disabled: false
      }

      at log (src/components/ui/Button.tsx:26:13)

    console.log
      [Button] Has onClick in props: false

      at log (src/components/ui/Button.tsx:27:13)

    console.log
      [Button] All props: {}

      at log (src/components/ui/Button.tsx:28:13)

    console.log
      [Button] Rendering with type: submit

      at log (src/components/ui/Button.tsx:25:13)

    console.log
      [Button] Props received: {
        variant: 'primary',
        size: 'lg',
        type: 'submit',
        loading: false,
        disabled: false
      }

      at log (src/components/ui/Button.tsx:26:13)

    console.log
      [Button] Has onClick in props: false

      at log (src/components/ui/Button.tsx:27:13)

    console.log
      [Button] All props: {}

      at log (src/components/ui/Button.tsx:28:13)

    console.log
      [Button] Rendering with type: submit

      at log (src/components/ui/Button.tsx:25:13)

    console.log
      [Button] Props received: {
        variant: 'primary',
        size: 'lg',
        type: 'submit',
        loading: false,
        disabled: false
      }

      at log (src/components/ui/Button.tsx:26:13)

    console.log
      [Button] Has onClick in props: false

      at log (src/components/ui/Button.tsx:27:13)

    console.log
      [Button] All props: {}

      at log (src/components/ui/Button.tsx:28:13)

    console.log
      [Button] Rendering with type: submit

      at log (src/components/ui/Button.tsx:25:13)

    console.log
      [Button] Props received: {
        variant: 'primary',
        size: 'lg',
        type: 'submit',
        loading: false,
        disabled: false
      }

      at log (src/components/ui/Button.tsx:26:13)

    console.log
      [Button] Has onClick in props: false

      at log (src/components/ui/Button.tsx:27:13)

    console.log
      [Button] All props: {}

      at log (src/components/ui/Button.tsx:28:13)

    console.log
      [Button] Rendering with type: submit

      at log (src/components/ui/Button.tsx:25:13)

    console.log
      [Button] Props received: {
        variant: 'primary',
        size: 'lg',
        type: 'submit',
        loading: false,
        disabled: false
      }

      at log (src/components/ui/Button.tsx:26:13)

    console.log
      [Button] Has onClick in props: false

      at log (src/components/ui/Button.tsx:27:13)

    console.log
      [Button] All props: {}

      at log (src/components/ui/Button.tsx:28:13)

    console.log
      [Button] Rendering with type: submit

      at log (src/components/ui/Button.tsx:25:13)

    console.log
      [Button] Props received: {
        variant: 'primary',
        size: 'lg',
        type: 'submit',
        loading: false,
        disabled: false
      }

      at log (src/components/ui/Button.tsx:26:13)

    console.log
      [Button] Has onClick in props: false

      at log (src/components/ui/Button.tsx:27:13)

    console.log
      [Button] All props: {}

      at log (src/components/ui/Button.tsx:28:13)

    console.log
      [Button] Rendering with type: submit

      at log (src/components/ui/Button.tsx:25:13)

    console.log
      [Button] Props received: {
        variant: 'primary',
        size: 'lg',
        type: 'submit',
        loading: false,
        disabled: false
      }

      at log (src/components/ui/Button.tsx:26:13)

    console.log
      [Button] Has onClick in props: false

      at log (src/components/ui/Button.tsx:27:13)

    console.log
      [Button] All props: {}

      at log (src/components/ui/Button.tsx:28:13)

    console.log
      [Button] Rendering with type: submit

      at log (src/components/ui/Button.tsx:25:13)

    console.log
      [Button] Props received: {
        variant: 'primary',
        size: 'lg',
        type: 'submit',
        loading: false,
        disabled: false
      }

      at log (src/components/ui/Button.tsx:26:13)

    console.log
      [Button] Has onClick in props: false

      at log (src/components/ui/Button.tsx:27:13)

    console.log
      [Button] All props: {}

      at log (src/components/ui/Button.tsx:28:13)

    console.log
      [Button] Rendering with type: submit

      at log (src/components/ui/Button.tsx:25:13)

    console.log
      [Button] Props received: {
        variant: 'primary',
        size: 'lg',
        type: 'submit',
        loading: false,
        disabled: false
      }

      at log (src/components/ui/Button.tsx:26:13)

    console.log
      [Button] Has onClick in props: false

      at log (src/components/ui/Button.tsx:27:13)

    console.log
      [Button] All props: {}

      at log (src/components/ui/Button.tsx:28:13)

    console.log
      [Button] Rendering with type: submit

      at log (src/components/ui/Button.tsx:25:13)

    console.log
      [Button] Props received: {
        variant: 'primary',
        size: 'lg',
        type: 'submit',
        loading: false,
        disabled: false
      }

      at log (src/components/ui/Button.tsx:26:13)

    console.log
      [Button] Has onClick in props: false

      at log (src/components/ui/Button.tsx:27:13)

    console.log
      [Button] All props: {}

      at log (src/components/ui/Button.tsx:28:13)

    console.log
      [Button] Rendering with type: submit

      at log (src/components/ui/Button.tsx:25:13)

    console.log
      [Button] Props received: {
        variant: 'primary',
        size: 'lg',
        type: 'submit',
        loading: false,
        disabled: false
      }

      at log (src/components/ui/Button.tsx:26:13)

    console.log
      [Button] Has onClick in props: false

      at log (src/components/ui/Button.tsx:27:13)

    console.log
      [Button] All props: {}

      at log (src/components/ui/Button.tsx:28:13)

    console.log
      [Button] Rendering with type: submit

      at log (src/components/ui/Button.tsx:25:13)

    console.log
      [Button] Props received: {
        variant: 'primary',
        size: 'lg',
        type: 'submit',
        loading: false,
        disabled: false
      }

      at log (src/components/ui/Button.tsx:26:13)

    console.log
      [Button] Has onClick in props: false

      at log (src/components/ui/Button.tsx:27:13)

    console.log
      [Button] All props: {}

      at log (src/components/ui/Button.tsx:28:13)

    console.log
      [Button] Rendering with type: submit

      at log (src/components/ui/Button.tsx:25:13)

    console.log
      [Button] Props received: {
        variant: 'primary',
        size: 'lg',
        type: 'submit',
        loading: false,
        disabled: false
      }

      at log (src/components/ui/Button.tsx:26:13)

    console.log
      [Button] Has onClick in props: false

      at log (src/components/ui/Button.tsx:27:13)

    console.log
      [Button] All props: {}

      at log (src/components/ui/Button.tsx:28:13)

    console.log
      [Button] Rendering with type: submit

      at log (src/components/ui/Button.tsx:25:13)

    console.log
      [Button] Props received: {
        variant: 'primary',
        size: 'lg',
        type: 'submit',
        loading: false,
        disabled: false
      }

      at log (src/components/ui/Button.tsx:26:13)

    console.log
      [Button] Has onClick in props: false

      at log (src/components/ui/Button.tsx:27:13)

    console.log
      [Button] All props: {}

      at log (src/components/ui/Button.tsx:28:13)

    console.log
      [Button] Rendering with type: submit

      at log (src/components/ui/Button.tsx:25:13)

    console.log
      [Button] Props received: {
        variant: 'primary',
        size: 'lg',
        type: 'submit',
        loading: false,
        disabled: false
      }

      at log (src/components/ui/Button.tsx:26:13)

    console.log
      [Button] Has onClick in props: false

      at log (src/components/ui/Button.tsx:27:13)

    console.log
      [Button] All props: {}

      at log (src/components/ui/Button.tsx:28:13)

    console.log
      [Button] Rendering with type: submit

      at log (src/components/ui/Button.tsx:25:13)

    console.log
      [Button] Props received: {
        variant: 'primary',
        size: 'lg',
        type: 'submit',
        loading: false,
        disabled: false
      }

      at log (src/components/ui/Button.tsx:26:13)

    console.log
      [Button] Has onClick in props: false

      at log (src/components/ui/Button.tsx:27:13)

    console.log
      [Button] All props: {}

      at log (src/components/ui/Button.tsx:28:13)

    console.log
      [Button] Rendering with type: submit

      at log (src/components/ui/Button.tsx:25:13)

    console.log
      [Button] Props received: {
        variant: 'primary',
        size: 'lg',
        type: 'submit',
        loading: false,
        disabled: false
      }

      at log (src/components/ui/Button.tsx:26:13)

    console.log
      [Button] Has onClick in props: false

      at log (src/components/ui/Button.tsx:27:13)

    console.log
      [Button] All props: {}

      at log (src/components/ui/Button.tsx:28:13)

    console.log
      [Button] Rendering with type: submit

      at log (src/components/ui/Button.tsx:25:13)

    console.log
      [Button] Props received: {
        variant: 'primary',
        size: 'lg',
        type: 'submit',
        loading: false,
        disabled: false
      }

      at log (src/components/ui/Button.tsx:26:13)

    console.log
      [Button] Has onClick in props: false

      at log (src/components/ui/Button.tsx:27:13)

    console.log
      [Button] All props: {}

      at log (src/components/ui/Button.tsx:28:13)

    console.log
      [Button] Rendering with type: submit

      at log (src/components/ui/Button.tsx:25:13)

    console.log
      [Button] Props received: {
        variant: 'primary',
        size: 'lg',
        type: 'submit',
        loading: false,
        disabled: false
      }

      at log (src/components/ui/Button.tsx:26:13)

    console.log
      [Button] Has onClick in props: false

      at log (src/components/ui/Button.tsx:27:13)

    console.log
      [Button] All props: {}

      at log (src/components/ui/Button.tsx:28:13)

    console.log
      [Button] Rendering with type: submit

      at log (src/components/ui/Button.tsx:25:13)

    console.log
      [Button] Props received: {
        variant: 'primary',
        size: 'lg',
        type: 'submit',
        loading: false,
        disabled: false
      }

      at log (src/components/ui/Button.tsx:26:13)

    console.log
      [Button] Has onClick in props: false

      at log (src/components/ui/Button.tsx:27:13)

    console.log
      [Button] All props: {}

      at log (src/components/ui/Button.tsx:28:13)

    console.log
      [Button] Rendering with type: submit

      at log (src/components/ui/Button.tsx:25:13)

    console.log
      [Button] Props received: {
        variant: 'primary',
        size: 'lg',
        type: 'submit',
        loading: false,
        disabled: false
      }

      at log (src/components/ui/Button.tsx:26:13)

    console.log
      [Button] Has onClick in props: false

      at log (src/components/ui/Button.tsx:27:13)

    console.log
      [Button] All props: {}

      at log (src/components/ui/Button.tsx:28:13)

    console.log
      [Button] Rendering with type: submit

      at log (src/components/ui/Button.tsx:25:13)

    console.log
      [Button] Props received: {
        variant: 'primary',
        size: 'lg',
        type: 'submit',
        loading: false,
        disabled: false
      }

      at log (src/components/ui/Button.tsx:26:13)

    console.log
      [Button] Has onClick in props: false

      at log (src/components/ui/Button.tsx:27:13)

    console.log
      [Button] All props: {}

      at log (src/components/ui/Button.tsx:28:13)

    console.log
      [Button] Rendering with type: submit

      at log (src/components/ui/Button.tsx:25:13)

    console.log
      [Button] Props received: {
        variant: 'primary',
        size: 'lg',
        type: 'submit',
        loading: false,
        disabled: false
      }

      at log (src/components/ui/Button.tsx:26:13)

    console.log
      [Button] Has onClick in props: false

      at log (src/components/ui/Button.tsx:27:13)

    console.log
      [Button] All props: {}

      at log (src/components/ui/Button.tsx:28:13)

    console.log
      [Button] Rendering with type: submit

      at log (src/components/ui/Button.tsx:25:13)

    console.log
      [Button] Props received: {
        variant: 'primary',
        size: 'lg',
        type: 'submit',
        loading: false,
        disabled: false
      }

      at log (src/components/ui/Button.tsx:26:13)

    console.log
      [Button] Has onClick in props: false

      at log (src/components/ui/Button.tsx:27:13)

    console.log
      [Button] All props: {}

      at log (src/components/ui/Button.tsx:28:13)

    console.log
      [Button] Rendering with type: submit

      at log (src/components/ui/Button.tsx:25:13)

    console.log
      [Button] Props received: {
        variant: 'primary',
        size: 'lg',
        type: 'submit',
        loading: false,
        disabled: false
      }

      at log (src/components/ui/Button.tsx:26:13)

    console.log
      [Button] Has onClick in props: false

      at log (src/components/ui/Button.tsx:27:13)

    console.log
      [Button] All props: {}

      at log (src/components/ui/Button.tsx:28:13)

    console.log
      [Button] Rendering with type: submit

      at log (src/components/ui/Button.tsx:25:13)

    console.log
      [Button] Props received: {
        variant: 'primary',
        size: 'lg',
        type: 'submit',
        loading: false,
        disabled: false
      }

      at log (src/components/ui/Button.tsx:26:13)

    console.log
      [Button] Has onClick in props: false

      at log (src/components/ui/Button.tsx:27:13)

    console.log
      [Button] All props: {}

      at log (src/components/ui/Button.tsx:28:13)

    console.log
      [Button] Rendering with type: submit

      at log (src/components/ui/Button.tsx:25:13)

    console.log
      [Button] Props received: {
        variant: 'primary',
        size: 'lg',
        type: 'submit',
        loading: false,
        disabled: false
      }

      at log (src/components/ui/Button.tsx:26:13)

    console.log
      [Button] Has onClick in props: false

      at log (src/components/ui/Button.tsx:27:13)

    console.log
      [Button] All props: {}

      at log (src/components/ui/Button.tsx:28:13)

    console.log
      [Button] Rendering with type: submit

      at log (src/components/ui/Button.tsx:25:13)

    console.log
      [Button] Props received: {
        variant: 'primary',
        size: 'lg',
        type: 'submit',
        loading: false,
        disabled: false
      }

      at log (src/components/ui/Button.tsx:26:13)

    console.log
      [Button] Has onClick in props: false

      at log (src/components/ui/Button.tsx:27:13)

    console.log
      [Button] All props: {}

      at log (src/components/ui/Button.tsx:28:13)

    console.log
      [Button] Rendering with type: submit

      at log (src/components/ui/Button.tsx:25:13)

    console.log
      [Button] Props received: {
        variant: 'primary',
        size: 'lg',
        type: 'submit',
        loading: false,
        disabled: false
      }

      at log (src/components/ui/Button.tsx:26:13)

    console.log
      [Button] Has onClick in props: false

      at log (src/components/ui/Button.tsx:27:13)

    console.log
      [Button] All props: {}

      at log (src/components/ui/Button.tsx:28:13)

    console.log
      [Button] Rendering with type: submit

      at log (src/components/ui/Button.tsx:25:13)

    console.log
      [Button] Props received: {
        variant: 'primary',
        size: 'lg',
        type: 'submit',
        loading: false,
        disabled: false
      }

      at log (src/components/ui/Button.tsx:26:13)

    console.log
      [Button] Has onClick in props: false

      at log (src/components/ui/Button.tsx:27:13)

    console.log
      [Button] All props: {}

      at log (src/components/ui/Button.tsx:28:13)

    console.log
      [Button] Rendering with type: submit

      at log (src/components/ui/Button.tsx:25:13)

    console.log
      [Button] Props received: {
        variant: 'primary',
        size: 'lg',
        type: 'submit',
        loading: false,
        disabled: false
      }

      at log (src/components/ui/Button.tsx:26:13)

    console.log
      [Button] Has onClick in props: false

      at log (src/components/ui/Button.tsx:27:13)

    console.log
      [Button] All props: {}

      at log (src/components/ui/Button.tsx:28:13)

    console.log
      [Button] Rendering with type: submit

      at log (src/components/ui/Button.tsx:25:13)

    console.log
      [Button] Props received: {
        variant: 'primary',
        size: 'lg',
        type: 'submit',
        loading: false,
        disabled: false
      }

      at log (src/components/ui/Button.tsx:26:13)

    console.log
      [Button] Has onClick in props: false

      at log (src/components/ui/Button.tsx:27:13)

    console.log
      [Button] All props: {}

      at log (src/components/ui/Button.tsx:28:13)

    console.log
      [Button] Rendering with type: submit

      at log (src/components/ui/Button.tsx:25:13)

    console.log
      [Button] Props received: {
        variant: 'primary',
        size: 'lg',
        type: 'submit',
        loading: false,
        disabled: false
      }

      at log (src/components/ui/Button.tsx:26:13)

    console.log
      [Button] Has onClick in props: false

      at log (src/components/ui/Button.tsx:27:13)

    console.log
      [Button] All props: {}

      at log (src/components/ui/Button.tsx:28:13)

    console.log
      [Button] Rendering with type: submit

      at log (src/components/ui/Button.tsx:25:13)

    console.log
      [Button] Props received: {
        variant: 'primary',
        size: 'lg',
        type: 'submit',
        loading: false,
        disabled: false
      }

      at log (src/components/ui/Button.tsx:26:13)

    console.log
      [Button] Has onClick in props: false

      at log (src/components/ui/Button.tsx:27:13)

    console.log
      [Button] All props: {}

      at log (src/components/ui/Button.tsx:28:13)

    console.log
      [Button] Rendering with type: submit

      at log (src/components/ui/Button.tsx:25:13)

    console.log
      [Button] Props received: {
        variant: 'primary',
        size: 'lg',
        type: 'submit',
        loading: false,
        disabled: false
      }

      at log (src/components/ui/Button.tsx:26:13)

    console.log
      [Button] Has onClick in props: false

      at log (src/components/ui/Button.tsx:27:13)

    console.log
      [Button] All props: {}

      at log (src/components/ui/Button.tsx:28:13)

    console.log
      [Button] Rendering with type: submit

      at log (src/components/ui/Button.tsx:25:13)

    console.log
      [Button] Props received: {
        variant: 'primary',
        size: 'lg',
        type: 'submit',
        loading: false,
        disabled: false
      }

      at log (src/components/ui/Button.tsx:26:13)

    console.log
      [Button] Has onClick in props: false

      at log (src/components/ui/Button.tsx:27:13)

    console.log
      [Button] All props: {}

      at log (src/components/ui/Button.tsx:28:13)

    console.log
      [Button] Rendering with type: submit

      at log (src/components/ui/Button.tsx:25:13)

    console.log
      [Button] Props received: {
        variant: 'primary',
        size: 'lg',
        type: 'submit',
        loading: false,
        disabled: false
      }

      at log (src/components/ui/Button.tsx:26:13)

    console.log
      [Button] Has onClick in props: false

      at log (src/components/ui/Button.tsx:27:13)

    console.log
      [Button] All props: {}

      at log (src/components/ui/Button.tsx:28:13)

    console.log
      [Button] Rendering with type: submit

      at log (src/components/ui/Button.tsx:25:13)

    console.log
      [Button] Props received: {
        variant: 'primary',
        size: 'lg',
        type: 'submit',
        loading: false,
        disabled: false
      }

      at log (src/components/ui/Button.tsx:26:13)

    console.log
      [Button] Has onClick in props: false

      at log (src/components/ui/Button.tsx:27:13)

    console.log
      [Button] All props: {}

      at log (src/components/ui/Button.tsx:28:13)

    console.log
      [Button] Rendering with type: submit

      at log (src/components/ui/Button.tsx:25:13)

    console.log
      [Button] Props received: {
        variant: 'primary',
        size: 'lg',
        type: 'submit',
        loading: false,
        disabled: false
      }

      at log (src/components/ui/Button.tsx:26:13)

    console.log
      [Button] Has onClick in props: false

      at log (src/components/ui/Button.tsx:27:13)

    console.log
      [Button] All props: {}

      at log (src/components/ui/Button.tsx:28:13)

    console.log
      [Button] Rendering with type: submit

      at log (src/components/ui/Button.tsx:25:13)

    console.log
      [Button] Props received: {
        variant: 'primary',
        size: 'lg',
        type: 'submit',
        loading: false,
        disabled: false
      }

      at log (src/components/ui/Button.tsx:26:13)

    console.log
      [Button] Has onClick in props: false

      at log (src/components/ui/Button.tsx:27:13)

    console.log
      [Button] All props: {}

      at log (src/components/ui/Button.tsx:28:13)

    console.log
      [Button] Rendering with type: submit

      at log (src/components/ui/Button.tsx:25:13)

    console.log
      [Button] Props received: {
        variant: 'primary',
        size: 'lg',
        type: 'submit',
        loading: false,
        disabled: false
      }

      at log (src/components/ui/Button.tsx:26:13)

    console.log
      [Button] Has onClick in props: false

      at log (src/components/ui/Button.tsx:27:13)

    console.log
      [Button] All props: {}

      at log (src/components/ui/Button.tsx:28:13)

    console.log
      [Button] Rendering with type: submit

      at log (src/components/ui/Button.tsx:25:13)

    console.log
      [Button] Props received: {
        variant: 'primary',
        size: 'lg',
        type: 'submit',
        loading: false,
        disabled: false
      }

      at log (src/components/ui/Button.tsx:26:13)

    console.log
      [Button] Has onClick in props: false

      at log (src/components/ui/Button.tsx:27:13)

    console.log
      [Button] All props: {}

      at log (src/components/ui/Button.tsx:28:13)

    console.log
      [Button] Rendering with type: submit

      at log (src/components/ui/Button.tsx:25:13)

    console.log
      [Button] Props received: {
        variant: 'primary',
        size: 'lg',
        type: 'submit',
        loading: false,
        disabled: false
      }

      at log (src/components/ui/Button.tsx:26:13)

    console.log
      [Button] Has onClick in props: false

      at log (src/components/ui/Button.tsx:27:13)

    console.log
      [Button] All props: {}

      at log (src/components/ui/Button.tsx:28:13)

    console.log
      [Button] Rendering with type: submit

      at log (src/components/ui/Button.tsx:25:13)

    console.log
      [Button] Props received: {
        variant: 'primary',
        size: 'lg',
        type: 'submit',
        loading: false,
        disabled: false
      }

      at log (src/components/ui/Button.tsx:26:13)

    console.log
      [Button] Has onClick in props: false

      at log (src/components/ui/Button.tsx:27:13)

    console.log
      [Button] All props: {}

      at log (src/components/ui/Button.tsx:28:13)

    console.log
      [Button] Rendering with type: submit

      at log (src/components/ui/Button.tsx:25:13)

    console.log
      [Button] Props received: {
        variant: 'primary',
        size: 'lg',
        type: 'submit',
        loading: false,
        disabled: false
      }

      at log (src/components/ui/Button.tsx:26:13)

    console.log
      [Button] Has onClick in props: false

      at log (src/components/ui/Button.tsx:27:13)

    console.log
      [Button] All props: {}

      at log (src/components/ui/Button.tsx:28:13)

    console.log
      [Button] Rendering with type: submit

      at log (src/components/ui/Button.tsx:25:13)

    console.log
      [Button] Props received: {
        variant: 'primary',
        size: 'lg',
        type: 'submit',
        loading: false,
        disabled: false
      }

      at log (src/components/ui/Button.tsx:26:13)

    console.log
      [Button] Has onClick in props: false

      at log (src/components/ui/Button.tsx:27:13)

    console.log
      [Button] All props: {}

      at log (src/components/ui/Button.tsx:28:13)

    console.log
      [Button] Rendering with type: submit

      at log (src/components/ui/Button.tsx:25:13)

    console.log
      [Button] Props received: {
        variant: 'primary',
        size: 'lg',
        type: 'submit',
        loading: false,
        disabled: false
      }

      at log (src/components/ui/Button.tsx:26:13)

    console.log
      [Button] Has onClick in props: false

      at log (src/components/ui/Button.tsx:27:13)

    console.log
      [Button] All props: {}

      at log (src/components/ui/Button.tsx:28:13)

    console.log
      [Button] Rendering with type: submit

      at log (src/components/ui/Button.tsx:25:13)

    console.log
      [Button] Props received: {
        variant: 'primary',
        size: 'lg',
        type: 'submit',
        loading: false,
        disabled: false
      }

      at log (src/components/ui/Button.tsx:26:13)

    console.log
      [Button] Has onClick in props: false

      at log (src/components/ui/Button.tsx:27:13)

    console.log
      [Button] All props: {}

      at log (src/components/ui/Button.tsx:28:13)

    console.log
      [Button] Rendering with type: submit

      at log (src/components/ui/Button.tsx:25:13)

    console.log
      [Button] Props received: {
        variant: 'primary',
        size: 'lg',
        type: 'submit',
        loading: false,
        disabled: false
      }

      at log (src/components/ui/Button.tsx:26:13)

    console.log
      [Button] Has onClick in props: false

      at log (src/components/ui/Button.tsx:27:13)

    console.log
      [Button] All props: {}

      at log (src/components/ui/Button.tsx:28:13)

    console.log
      [Button] Rendering with type: submit

      at log (src/components/ui/Button.tsx:25:13)

    console.log
      [Button] Props received: {
        variant: 'primary',
        size: 'lg',
        type: 'submit',
        loading: false,
        disabled: false
      }

      at log (src/components/ui/Button.tsx:26:13)

    console.log
      [Button] Has onClick in props: false

      at log (src/components/ui/Button.tsx:27:13)

    console.log
      [Button] All props: {}

      at log (src/components/ui/Button.tsx:28:13)

    console.log
      [Button] Rendering with type: submit

      at log (src/components/ui/Button.tsx:25:13)

    console.log
      [Button] Props received: {
        variant: 'primary',
        size: 'lg',
        type: 'submit',
        loading: false,
        disabled: false
      }

      at log (src/components/ui/Button.tsx:26:13)

    console.log
      [Button] Has onClick in props: false

      at log (src/components/ui/Button.tsx:27:13)

    console.log
      [Button] All props: {}

      at log (src/components/ui/Button.tsx:28:13)

    console.log
      [Button] Rendering with type: submit

      at log (src/components/ui/Button.tsx:25:13)

    console.log
      [Button] Props received: {
        variant: 'primary',
        size: 'lg',
        type: 'submit',
        loading: false,
        disabled: false
      }

      at log (src/components/ui/Button.tsx:26:13)

    console.log
      [Button] Has onClick in props: false

      at log (src/components/ui/Button.tsx:27:13)

    console.log
      [Button] All props: {}

      at log (src/components/ui/Button.tsx:28:13)

    console.log
      [Button] Rendering with type: submit

      at log (src/components/ui/Button.tsx:25:13)

    console.log
      [Button] Props received: {
        variant: 'primary',
        size: 'lg',
        type: 'submit',
        loading: false,
        disabled: false
      }

      at log (src/components/ui/Button.tsx:26:13)

    console.log
      [Button] Has onClick in props: false

      at log (src/components/ui/Button.tsx:27:13)

    console.log
      [Button] All props: {}

      at log (src/components/ui/Button.tsx:28:13)

    console.log
      [Button] Rendering with type: submit

      at log (src/components/ui/Button.tsx:25:13)

    console.log
      [Button] Props received: {
        variant: 'primary',
        size: 'lg',
        type: 'submit',
        loading: false,
        disabled: false
      }

      at log (src/components/ui/Button.tsx:26:13)

    console.log
      [Button] Has onClick in props: false

      at log (src/components/ui/Button.tsx:27:13)

    console.log
      [Button] All props: {}

      at log (src/components/ui/Button.tsx:28:13)

    console.log
      [Button] Rendering with type: submit

      at log (src/components/ui/Button.tsx:25:13)

    console.log
      [Button] Props received: {
        variant: 'primary',
        size: 'lg',
        type: 'submit',
        loading: false,
        disabled: false
      }

      at log (src/components/ui/Button.tsx:26:13)

    console.log
      [Button] Has onClick in props: false

      at log (src/components/ui/Button.tsx:27:13)

    console.log
      [Button] All props: {}

      at log (src/components/ui/Button.tsx:28:13)

    console.log
      [Button] Rendering with type: submit

      at log (src/components/ui/Button.tsx:25:13)

    console.log
      [Button] Props received: {
        variant: 'primary',
        size: 'lg',
        type: 'submit',
        loading: false,
        disabled: false
      }

      at log (src/components/ui/Button.tsx:26:13)

    console.log
      [Button] Has onClick in props: false

      at log (src/components/ui/Button.tsx:27:13)

    console.log
      [Button] All props: {}

      at log (src/components/ui/Button.tsx:28:13)

    console.log
      [Button] Rendering with type: submit

      at log (src/components/ui/Button.tsx:25:13)

    console.log
      [Button] Props received: {
        variant: 'primary',
        size: 'lg',
        type: 'submit',
        loading: false,
        disabled: false
      }

      at log (src/components/ui/Button.tsx:26:13)

    console.log
      [Button] Has onClick in props: false

      at log (src/components/ui/Button.tsx:27:13)

    console.log
      [Button] All props: {}

      at log (src/components/ui/Button.tsx:28:13)

    console.log
      [Button] Rendering with type: submit

      at log (src/components/ui/Button.tsx:25:13)

    console.log
      [Button] Props received: {
        variant: 'primary',
        size: 'lg',
        type: 'submit',
        loading: false,
        disabled: false
      }

      at log (src/components/ui/Button.tsx:26:13)

    console.log
      [Button] Has onClick in props: false

      at log (src/components/ui/Button.tsx:27:13)

    console.log
      [Button] All props: {}

      at log (src/components/ui/Button.tsx:28:13)

    console.log
      [Button] Rendering with type: submit

      at log (src/components/ui/Button.tsx:25:13)

    console.log
      [Button] Props received: {
        variant: 'primary',
        size: 'lg',
        type: 'submit',
        loading: false,
        disabled: false
      }

      at log (src/components/ui/Button.tsx:26:13)

    console.log
      [Button] Has onClick in props: false

      at log (src/components/ui/Button.tsx:27:13)

    console.log
      [Button] All props: {}

      at log (src/components/ui/Button.tsx:28:13)

    console.log
      [Button] Rendering with type: submit

      at log (src/components/ui/Button.tsx:25:13)

    console.log
      [Button] Props received: {
        variant: 'primary',
        size: 'lg',
        type: 'submit',
        loading: false,
        disabled: false
      }

      at log (src/components/ui/Button.tsx:26:13)

    console.log
      [Button] Has onClick in props: false

      at log (src/components/ui/Button.tsx:27:13)

    console.log
      [Button] All props: {}

      at log (src/components/ui/Button.tsx:28:13)

    console.log
      [Button] Rendering with type: submit

      at log (src/components/ui/Button.tsx:25:13)

    console.log
      [Button] Props received: {
        variant: 'primary',
        size: 'lg',
        type: 'submit',
        loading: false,
        disabled: false
      }

      at log (src/components/ui/Button.tsx:26:13)

    console.log
      [Button] Has onClick in props: false

      at log (src/components/ui/Button.tsx:27:13)

    console.log
      [Button] All props: {}

      at log (src/components/ui/Button.tsx:28:13)

    console.log
      [Button] Rendering with type: submit

      at log (src/components/ui/Button.tsx:25:13)

    console.log
      [Button] Props received: {
        variant: 'primary',
        size: 'lg',
        type: 'submit',
        loading: false,
        disabled: false
      }

      at log (src/components/ui/Button.tsx:26:13)

    console.log
      [Button] Has onClick in props: false

      at log (src/components/ui/Button.tsx:27:13)

    console.log
      [Button] All props: {}

      at log (src/components/ui/Button.tsx:28:13)

    console.log
      [Button] Rendering with type: submit

      at log (src/components/ui/Button.tsx:25:13)

    console.log
      [Button] Props received: {
        variant: 'primary',
        size: 'lg',
        type: 'submit',
        loading: false,
        disabled: false
      }

      at log (src/components/ui/Button.tsx:26:13)

    console.log
      [Button] Has onClick in props: false

      at log (src/components/ui/Button.tsx:27:13)

    console.log
      [Button] All props: {}

      at log (src/components/ui/Button.tsx:28:13)

    console.log
      [Button] Rendering with type: submit

      at log (src/components/ui/Button.tsx:25:13)

    console.log
      [Button] Props received: {
        variant: 'primary',
        size: 'lg',
        type: 'submit',
        loading: false,
        disabled: false
      }

      at log (src/components/ui/Button.tsx:26:13)

    console.log
      [Button] Has onClick in props: false

      at log (src/components/ui/Button.tsx:27:13)

    console.log
      [Button] All props: {}

      at log (src/components/ui/Button.tsx:28:13)

    console.log
      [Button] Rendering with type: submit

      at log (src/components/ui/Button.tsx:25:13)

    console.log
      [Button] Props received: {
        variant: 'primary',
        size: 'lg',
        type: 'submit',
        loading: false,
        disabled: false
      }

      at log (src/components/ui/Button.tsx:26:13)

    console.log
      [Button] Has onClick in props: false

      at log (src/components/ui/Button.tsx:27:13)

    console.log
      [Button] All props: {}

      at log (src/components/ui/Button.tsx:28:13)

    console.log
      [Button] Rendering with type: submit

      at log (src/components/ui/Button.tsx:25:13)

    console.log
      [Button] Props received: {
        variant: 'primary',
        size: 'lg',
        type: 'submit',
        loading: false,
        disabled: false
      }

      at log (src/components/ui/Button.tsx:26:13)

    console.log
      [Button] Has onClick in props: false

      at log (src/components/ui/Button.tsx:27:13)

    console.log
      [Button] All props: {}

      at log (src/components/ui/Button.tsx:28:13)

    console.log
      [Button] Rendering with type: submit

      at log (src/components/ui/Button.tsx:25:13)

    console.log
      [Button] Props received: {
        variant: 'primary',
        size: 'lg',
        type: 'submit',
        loading: false,
        disabled: false
      }

      at log (src/components/ui/Button.tsx:26:13)

    console.log
      [Button] Has onClick in props: false

      at log (src/components/ui/Button.tsx:27:13)

    console.log
      [Button] All props: {}

      at log (src/components/ui/Button.tsx:28:13)

    console.log
      [Button] Rendering with type: submit

      at log (src/components/ui/Button.tsx:25:13)

    console.log
      [Button] Props received: {
        variant: 'primary',
        size: 'lg',
        type: 'submit',
        loading: false,
        disabled: false
      }

      at log (src/components/ui/Button.tsx:26:13)

    console.log
      [Button] Has onClick in props: false

      at log (src/components/ui/Button.tsx:27:13)

    console.log
      [Button] All props: {}

      at log (src/components/ui/Button.tsx:28:13)

    console.log
      [Button] Rendering with type: submit

      at log (src/components/ui/Button.tsx:25:13)

    console.log
      [Button] Props received: {
        variant: 'primary',
        size: 'lg',
        type: 'submit',
        loading: false,
        disabled: false
      }

      at log (src/components/ui/Button.tsx:26:13)

    console.log
      [Button] Has onClick in props: false

      at log (src/components/ui/Button.tsx:27:13)

    console.log
      [Button] All props: {}

      at log (src/components/ui/Button.tsx:28:13)

    console.log
      [Button] Rendering with type: submit

      at log (src/components/ui/Button.tsx:25:13)

    console.log
      [Button] Props received: {
        variant: 'primary',
        size: 'lg',
        type: 'submit',
        loading: false,
        disabled: false
      }

      at log (src/components/ui/Button.tsx:26:13)

    console.log
      [Button] Has onClick in props: false

      at log (src/components/ui/Button.tsx:27:13)

    console.log
      [Button] All props: {}

      at log (src/components/ui/Button.tsx:28:13)

    console.log
      [Button] Rendering with type: submit

      at log (src/components/ui/Button.tsx:25:13)

    console.log
      [Button] Props received: {
        variant: 'primary',
        size: 'lg',
        type: 'submit',
        loading: false,
        disabled: false
      }

      at log (src/components/ui/Button.tsx:26:13)

    console.log
      [Button] Has onClick in props: false

      at log (src/components/ui/Button.tsx:27:13)

    console.log
      [Button] All props: {}

      at log (src/components/ui/Button.tsx:28:13)

    console.log
      [Button] Rendering with type: submit

      at log (src/components/ui/Button.tsx:25:13)

    console.log
      [Button] Props received: {
        variant: 'primary',
        size: 'lg',
        type: 'submit',
        loading: false,
        disabled: false
      }

      at log (src/components/ui/Button.tsx:26:13)

    console.log
      [Button] Has onClick in props: false

      at log (src/components/ui/Button.tsx:27:13)

    console.log
      [Button] All props: {}

      at log (src/components/ui/Button.tsx:28:13)

    console.log
      [Button] Rendering with type: submit

      at log (src/components/ui/Button.tsx:25:13)

    console.log
      [Button] Props received: {
        variant: 'primary',
        size: 'lg',
        type: 'submit',
        loading: false,
        disabled: false
      }

      at log (src/components/ui/Button.tsx:26:13)

    console.log
      [Button] Has onClick in props: false

      at log (src/components/ui/Button.tsx:27:13)

    console.log
      [Button] All props: {}

      at log (src/components/ui/Button.tsx:28:13)

    console.log
      [Button] Rendering with type: submit

      at log (src/components/ui/Button.tsx:25:13)

    console.log
      [Button] Props received: {
        variant: 'primary',
        size: 'lg',
        type: 'submit',
        loading: false,
        disabled: false
      }

      at log (src/components/ui/Button.tsx:26:13)

    console.log
      [Button] Has onClick in props: false

      at log (src/components/ui/Button.tsx:27:13)

    console.log
      [Button] All props: {}

      at log (src/components/ui/Button.tsx:28:13)

    console.log
      [Button] Rendering with type: submit

      at log (src/components/ui/Button.tsx:25:13)

    console.log
      [Button] Props received: {
        variant: 'primary',
        size: 'lg',
        type: 'submit',
        loading: false,
        disabled: false
      }

      at log (src/components/ui/Button.tsx:26:13)

    console.log
      [Button] Has onClick in props: false

      at log (src/components/ui/Button.tsx:27:13)

    console.log
      [Button] All props: {}

      at log (src/components/ui/Button.tsx:28:13)

    console.log
      [Button] Rendering with type: submit

      at log (src/components/ui/Button.tsx:25:13)

    console.log
      [Button] Props received: {
        variant: 'primary',
        size: 'lg',
        type: 'submit',
        loading: false,
        disabled: false
      }

      at log (src/components/ui/Button.tsx:26:13)

    console.log
      [Button] Has onClick in props: false

      at log (src/components/ui/Button.tsx:27:13)

    console.log
      [Button] All props: {}

      at log (src/components/ui/Button.tsx:28:13)

    console.log
      [Button] Rendering with type: submit

      at log (src/components/ui/Button.tsx:25:13)

    console.log
      [Button] Props received: {
        variant: 'primary',
        size: 'lg',
        type: 'submit',
        loading: false,
        disabled: false
      }

      at log (src/components/ui/Button.tsx:26:13)

    console.log
      [Button] Has onClick in props: false

      at log (src/components/ui/Button.tsx:27:13)

    console.log
      [Button] All props: {}

      at log (src/components/ui/Button.tsx:28:13)

    console.log
      [Button] Rendering with type: submit

      at log (src/components/ui/Button.tsx:25:13)

    console.log
      [Button] Props received: {
        variant: 'primary',
        size: 'lg',
        type: 'submit',
        loading: false,
        disabled: false
      }

      at log (src/components/ui/Button.tsx:26:13)

    console.log
      [Button] Has onClick in props: false

      at log (src/components/ui/Button.tsx:27:13)

    console.log
      [Button] All props: {}

      at log (src/components/ui/Button.tsx:28:13)

    console.log
      [Button] Rendering with type: submit

      at log (src/components/ui/Button.tsx:25:13)

    console.log
      [Button] Props received: {
        variant: 'primary',
        size: 'lg',
        type: 'submit',
        loading: false,
        disabled: false
      }

      at log (src/components/ui/Button.tsx:26:13)

    console.log
      [Button] Has onClick in props: false

      at log (src/components/ui/Button.tsx:27:13)

    console.log
      [Button] All props: {}

      at log (src/components/ui/Button.tsx:28:13)

    console.log
      [Button] Rendering with type: submit

      at log (src/components/ui/Button.tsx:25:13)

    console.log
      [Button] Props received: {
        variant: 'primary',
        size: 'lg',
        type: 'submit',
        loading: false,
        disabled: false
      }

      at log (src/components/ui/Button.tsx:26:13)

    console.log
      [Button] Has onClick in props: false

      at log (src/components/ui/Button.tsx:27:13)

    console.log
      [Button] All props: {}

      at log (src/components/ui/Button.tsx:28:13)

    console.log
      [Button] Rendering with type: submit

      at log (src/components/ui/Button.tsx:25:13)

    console.log
      [Button] Props received: {
        variant: 'primary',
        size: 'lg',
        type: 'submit',
        loading: false,
        disabled: false
      }

      at log (src/components/ui/Button.tsx:26:13)

    console.log
      [Button] Has onClick in props: false

      at log (src/components/ui/Button.tsx:27:13)

    console.log
      [Button] All props: {}

      at log (src/components/ui/Button.tsx:28:13)

    console.log
      [Button] Rendering with type: submit

      at log (src/components/ui/Button.tsx:25:13)

    console.log
      [Button] Props received: {
        variant: 'primary',
        size: 'lg',
        type: 'submit',
        loading: false,
        disabled: false
      }

      at log (src/components/ui/Button.tsx:26:13)

    console.log
      [Button] Has onClick in props: false

      at log (src/components/ui/Button.tsx:27:13)

    console.log
      [Button] All props: {}

      at log (src/components/ui/Button.tsx:28:13)

    console.log
      [Button] Rendering with type: submit

      at log (src/components/ui/Button.tsx:25:13)

    console.log
      [Button] Props received: {
        variant: 'primary',
        size: 'lg',
        type: 'submit',
        loading: false,
        disabled: false
      }

      at log (src/components/ui/Button.tsx:26:13)

    console.log
      [Button] Has onClick in props: false

      at log (src/components/ui/Button.tsx:27:13)

    console.log
      [Button] All props: {}

      at log (src/components/ui/Button.tsx:28:13)

    console.log
      [Button] Rendering with type: submit

      at log (src/components/ui/Button.tsx:25:13)

    console.log
      [Button] Props received: {
        variant: 'primary',
        size: 'lg',
        type: 'submit',
        loading: false,
        disabled: false
      }

      at log (src/components/ui/Button.tsx:26:13)

    console.log
      [Button] Has onClick in props: false

      at log (src/components/ui/Button.tsx:27:13)

    console.log
      [Button] All props: {}

      at log (src/components/ui/Button.tsx:28:13)

    console.log
      [Button] Rendering with type: submit

      at log (src/components/ui/Button.tsx:25:13)

    console.log
      [Button] Props received: {
        variant: 'primary',
        size: 'lg',
        type: 'submit',
        loading: false,
        disabled: false
      }

      at log (src/components/ui/Button.tsx:26:13)

    console.log
      [Button] Has onClick in props: false

      at log (src/components/ui/Button.tsx:27:13)

    console.log
      [Button] All props: {}

      at log (src/components/ui/Button.tsx:28:13)

    console.log
      [Button] Rendering with type: submit

      at log (src/components/ui/Button.tsx:25:13)

    console.log
      [Button] Props received: {
        variant: 'primary',
        size: 'lg',
        type: 'submit',
        loading: false,
        disabled: false
      }

      at log (src/components/ui/Button.tsx:26:13)

    console.log
      [Button] Has onClick in props: false

      at log (src/components/ui/Button.tsx:27:13)

    console.log
      [Button] All props: {}

      at log (src/components/ui/Button.tsx:28:13)

    console.log
      [Button] Rendering with type: submit

      at log (src/components/ui/Button.tsx:25:13)

    console.log
      [Button] Props received: {
        variant: 'primary',
        size: 'lg',
        type: 'submit',
        loading: false,
        disabled: false
      }

      at log (src/components/ui/Button.tsx:26:13)

    console.log
      [Button] Has onClick in props: false

      at log (src/components/ui/Button.tsx:27:13)

    console.log
      [Button] All props: {}

      at log (src/components/ui/Button.tsx:28:13)

    console.log
      [Button] Rendering with type: submit

      at log (src/components/ui/Button.tsx:25:13)

    console.log
      [Button] Props received: {
        variant: 'primary',
        size: 'lg',
        type: 'submit',
        loading: false,
        disabled: false
      }

      at log (src/components/ui/Button.tsx:26:13)

    console.log
      [Button] Has onClick in props: false

      at log (src/components/ui/Button.tsx:27:13)

    console.log
      [Button] All props: {}

      at log (src/components/ui/Button.tsx:28:13)

    console.log
      [Button] Rendering with type: submit

      at log (src/components/ui/Button.tsx:25:13)

    console.log
      [Button] Props received: {
        variant: 'primary',
        size: 'lg',
        type: 'submit',
        loading: false,
        disabled: false
      }

      at log (src/components/ui/Button.tsx:26:13)

    console.log
      [Button] Has onClick in props: false

      at log (src/components/ui/Button.tsx:27:13)

    console.log
      [Button] All props: {}

      at log (src/components/ui/Button.tsx:28:13)

    console.log
      [Button] Rendering with type: submit

      at log (src/components/ui/Button.tsx:25:13)

    console.log
      [Button] Props received: {
        variant: 'primary',
        size: 'lg',
        type: 'submit',
        loading: false,
        disabled: false
      }

      at log (src/components/ui/Button.tsx:26:13)

    console.log
      [Button] Has onClick in props: false

      at log (src/components/ui/Button.tsx:27:13)

    console.log
      [Button] All props: {}

      at log (src/components/ui/Button.tsx:28:13)

    console.log
      [Button] Rendering with type: submit

      at log (src/components/ui/Button.tsx:25:13)

    console.log
      [Button] Props received: {
        variant: 'primary',
        size: 'lg',
        type: 'submit',
        loading: false,
        disabled: false
      }

      at log (src/components/ui/Button.tsx:26:13)

    console.log
      [Button] Has onClick in props: false

      at log (src/components/ui/Button.tsx:27:13)

    console.log
      [Button] All props: {}

      at log (src/components/ui/Button.tsx:28:13)

    console.log
      [Button] Rendering with type: submit

      at log (src/components/ui/Button.tsx:25:13)

    console.log
      [Button] Props received: {
        variant: 'primary',
        size: 'lg',
        type: 'submit',
        loading: false,
        disabled: false
      }

      at log (src/components/ui/Button.tsx:26:13)

    console.log
      [Button] Has onClick in props: false

      at log (src/components/ui/Button.tsx:27:13)

    console.log
      [Button] All props: {}

      at log (src/components/ui/Button.tsx:28:13)

    console.log
      [Button] Rendering with type: submit

      at log (src/components/ui/Button.tsx:25:13)

    console.log
      [Button] Props received: {
        variant: 'primary',
        size: 'lg',
        type: 'submit',
        loading: false,
        disabled: false
      }

      at log (src/components/ui/Button.tsx:26:13)

    console.log
      [Button] Has onClick in props: false

      at log (src/components/ui/Button.tsx:27:13)

    console.log
      [Button] All props: {}

      at log (src/components/ui/Button.tsx:28:13)

    console.log
      [Button] Rendering with type: submit

      at log (src/components/ui/Button.tsx:25:13)

    console.log
      [Button] Props received: {
        variant: 'primary',
        size: 'lg',
        type: 'submit',
        loading: false,
        disabled: false
      }

      at log (src/components/ui/Button.tsx:26:13)

    console.log
      [Button] Has onClick in props: false

      at log (src/components/ui/Button.tsx:27:13)

    console.log
      [Button] All props: {}

      at log (src/components/ui/Button.tsx:28:13)

    console.log
      [Button] Rendering with type: submit

      at log (src/components/ui/Button.tsx:25:13)

    console.log
      [Button] Props received: {
        variant: 'primary',
        size: 'lg',
        type: 'submit',
        loading: false,
        disabled: false
      }

      at log (src/components/ui/Button.tsx:26:13)

    console.log
      [Button] Has onClick in props: false

      at log (src/components/ui/Button.tsx:27:13)

    console.log
      [Button] All props: {}

      at log (src/components/ui/Button.tsx:28:13)

    console.log
      [Button] Rendering with type: submit

      at log (src/components/ui/Button.tsx:25:13)

    console.log
      [Button] Props received: {
        variant: 'primary',
        size: 'lg',
        type: 'submit',
        loading: false,
        disabled: false
      }

      at log (src/components/ui/Button.tsx:26:13)

    console.log
      [Button] Has onClick in props: false

      at log (src/components/ui/Button.tsx:27:13)

    console.log
      [Button] All props: {}

      at log (src/components/ui/Button.tsx:28:13)

    console.log
      [Button] Rendering with type: submit

      at log (src/components/ui/Button.tsx:25:13)

    console.log
      [Button] Props received: {
        variant: 'primary',
        size: 'lg',
        type: 'submit',
        loading: false,
        disabled: false
      }

      at log (src/components/ui/Button.tsx:26:13)

    console.log
      [Button] Has onClick in props: false

      at log (src/components/ui/Button.tsx:27:13)

    console.log
      [Button] All props: {}

      at log (src/components/ui/Button.tsx:28:13)

    console.log
      [Button] Rendering with type: submit

      at log (src/components/ui/Button.tsx:25:13)

    console.log
      [Button] Props received: {
        variant: 'primary',
        size: 'lg',
        type: 'submit',
        loading: false,
        disabled: false
      }

      at log (src/components/ui/Button.tsx:26:13)

    console.log
      [Button] Has onClick in props: false

      at log (src/components/ui/Button.tsx:27:13)

    console.log
      [Button] All props: {}

      at log (src/components/ui/Button.tsx:28:13)

    console.log
      [Button] Rendering with type: submit

      at log (src/components/ui/Button.tsx:25:13)

    console.log
      [Button] Props received: {
        variant: 'primary',
        size: 'lg',
        type: 'submit',
        loading: false,
        disabled: false
      }

      at log (src/components/ui/Button.tsx:26:13)

    console.log
      [Button] Has onClick in props: false

      at log (src/components/ui/Button.tsx:27:13)

    console.log
      [Button] All props: {}

      at log (src/components/ui/Button.tsx:28:13)

    console.log
      [Button] Rendering with type: submit

      at log (src/components/ui/Button.tsx:25:13)

    console.log
      [Button] Props received: {
        variant: 'primary',
        size: 'lg',
        type: 'submit',
        loading: false,
        disabled: false
      }

      at log (src/components/ui/Button.tsx:26:13)

    console.log
      [Button] Has onClick in props: false

      at log (src/components/ui/Button.tsx:27:13)

    console.log
      [Button] All props: {}

      at log (src/components/ui/Button.tsx:28:13)

    console.log
      [Button] Rendering with type: submit

      at log (src/components/ui/Button.tsx:25:13)

    console.log
      [Button] Props received: {
        variant: 'primary',
        size: 'lg',
        type: 'submit',
        loading: false,
        disabled: false
      }

      at log (src/components/ui/Button.tsx:26:13)

    console.log
      [Button] Has onClick in props: false

      at log (src/components/ui/Button.tsx:27:13)

    console.log
      [Button] All props: {}

      at log (src/components/ui/Button.tsx:28:13)

    console.log
      [Button] Rendering with type: submit

      at log (src/components/ui/Button.tsx:25:13)

    console.log
      [Button] Props received: {
        variant: 'primary',
        size: 'lg',
        type: 'submit',
        loading: false,
        disabled: false
      }

      at log (src/components/ui/Button.tsx:26:13)

    console.log
      [Button] Has onClick in props: false

      at log (src/components/ui/Button.tsx:27:13)

    console.log
      [Button] All props: {}

      at log (src/components/ui/Button.tsx:28:13)

    console.log
      [Button] Rendering with type: submit

      at log (src/components/ui/Button.tsx:25:13)

    console.log
      [Button] Props received: {
        variant: 'primary',
        size: 'lg',
        type: 'submit',
        loading: false,
        disabled: false
      }

      at log (src/components/ui/Button.tsx:26:13)

    console.log
      [Button] Has onClick in props: false

      at log (src/components/ui/Button.tsx:27:13)

    console.log
      [Button] All props: {}

      at log (src/components/ui/Button.tsx:28:13)

    console.log
      [Button] Rendering with type: submit

      at log (src/components/ui/Button.tsx:25:13)

    console.log
      [Button] Props received: {
        variant: 'primary',
        size: 'lg',
        type: 'submit',
        loading: false,
        disabled: false
      }

      at log (src/components/ui/Button.tsx:26:13)

    console.log
      [Button] Has onClick in props: false

      at log (src/components/ui/Button.tsx:27:13)

    console.log
      [Button] All props: {}

      at log (src/components/ui/Button.tsx:28:13)

    console.log
      [Button] Rendering with type: submit

      at log (src/components/ui/Button.tsx:25:13)

    console.log
      [Button] Props received: {
        variant: 'primary',
        size: 'lg',
        type: 'submit',
        loading: false,
        disabled: false
      }

      at log (src/components/ui/Button.tsx:26:13)

    console.log
      [Button] Has onClick in props: false

      at log (src/components/ui/Button.tsx:27:13)

    console.log
      [Button] All props: {}

      at log (src/components/ui/Button.tsx:28:13)

    console.log
      [Button] Rendering with type: submit

      at log (src/components/ui/Button.tsx:25:13)

    console.log
      [Button] Props received: {
        variant: 'primary',
        size: 'lg',
        type: 'submit',
        loading: false,
        disabled: false
      }

      at log (src/components/ui/Button.tsx:26:13)

    console.log
      [Button] Has onClick in props: false

      at log (src/components/ui/Button.tsx:27:13)

    console.log
      [Button] All props: {}

      at log (src/components/ui/Button.tsx:28:13)

    console.log
      [Button] Rendering with type: submit

      at log (src/components/ui/Button.tsx:25:13)

    console.log
      [Button] Props received: {
        variant: 'primary',
        size: 'lg',
        type: 'submit',
        loading: false,
        disabled: false
      }

      at log (src/components/ui/Button.tsx:26:13)

    console.log
      [Button] Has onClick in props: false

      at log (src/components/ui/Button.tsx:27:13)

    console.log
      [Button] All props: {}

      at log (src/components/ui/Button.tsx:28:13)

    console.log
      [Button] Rendering with type: submit

      at log (src/components/ui/Button.tsx:25:13)

    console.log
      [Button] Props received: {
        variant: 'primary',
        size: 'lg',
        type: 'submit',
        loading: false,
        disabled: false
      }

      at log (src/components/ui/Button.tsx:26:13)

    console.log
      [Button] Has onClick in props: false

      at log (src/components/ui/Button.tsx:27:13)

    console.log
      [Button] All props: {}

      at log (src/components/ui/Button.tsx:28:13)

    console.log
      [Button] Rendering with type: submit

      at log (src/components/ui/Button.tsx:25:13)

    console.log
      [Button] Props received: {
        variant: 'primary',
        size: 'lg',
        type: 'submit',
        loading: false,
        disabled: false
      }

      at log (src/components/ui/Button.tsx:26:13)

    console.log
      [Button] Has onClick in props: false

      at log (src/components/ui/Button.tsx:27:13)

    console.log
      [Button] All props: {}

      at log (src/components/ui/Button.tsx:28:13)

    console.log
      [Button] Rendering with type: submit

      at log (src/components/ui/Button.tsx:25:13)

    console.log
      [Button] Props received: {
        variant: 'primary',
        size: 'lg',
        type: 'submit',
        loading: false,
        disabled: false
      }

      at log (src/components/ui/Button.tsx:26:13)

    console.log
      [Button] Has onClick in props: false

      at log (src/components/ui/Button.tsx:27:13)

    console.log
      [Button] All props: {}

      at log (src/components/ui/Button.tsx:28:13)

    console.log
      [Button] Rendering with type: submit

      at log (src/components/ui/Button.tsx:25:13)

    console.log
      [Button] Props received: {
        variant: 'primary',
        size: 'lg',
        type: 'submit',
        loading: false,
        disabled: false
      }

      at log (src/components/ui/Button.tsx:26:13)

    console.log
      [Button] Has onClick in props: false

      at log (src/components/ui/Button.tsx:27:13)

    console.log
      [Button] All props: {}

      at log (src/components/ui/Button.tsx:28:13)

    console.log
      [Button] Rendering with type: submit

      at log (src/components/ui/Button.tsx:25:13)

    console.log
      [Button] Props received: {
        variant: 'primary',
        size: 'lg',
        type: 'submit',
        loading: false,
        disabled: false
      }

      at log (src/components/ui/Button.tsx:26:13)

    console.log
      [Button] Has onClick in props: false

      at log (src/components/ui/Button.tsx:27:13)

    console.log
      [Button] All props: {}

      at log (src/components/ui/Button.tsx:28:13)

    console.log
      [Button] Rendering with type: submit

      at log (src/components/ui/Button.tsx:25:13)

    console.log
      [Button] Props received: {
        variant: 'primary',
        size: 'lg',
        type: 'submit',
        loading: false,
        disabled: false
      }

      at log (src/components/ui/Button.tsx:26:13)

    console.log
      [Button] Has onClick in props: false

      at log (src/components/ui/Button.tsx:27:13)

    console.log
      [Button] All props: {}

      at log (src/components/ui/Button.tsx:28:13)

    console.log
      [Button] Rendering with type: submit

      at log (src/components/ui/Button.tsx:25:13)

    console.log
      [Button] Props received: {
        variant: 'primary',
        size: 'lg',
        type: 'submit',
        loading: false,
        disabled: false
      }

      at log (src/components/ui/Button.tsx:26:13)

    console.log
      [Button] Has onClick in props: false

      at log (src/components/ui/Button.tsx:27:13)

    console.log
      [Button] All props: {}

      at log (src/components/ui/Button.tsx:28:13)

    console.log
      [Button] Rendering with type: submit

      at log (src/components/ui/Button.tsx:25:13)

    console.log
      [Button] Props received: {
        variant: 'primary',
        size: 'lg',
        type: 'submit',
        loading: false,
        disabled: false
      }

      at log (src/components/ui/Button.tsx:26:13)

    console.log
      [Button] Has onClick in props: false

      at log (src/components/ui/Button.tsx:27:13)

    console.log
      [Button] All props: {}

      at log (src/components/ui/Button.tsx:28:13)

    console.log
      [Button] Rendering with type: submit

      at log (src/components/ui/Button.tsx:25:13)

    console.log
      [Button] Props received: {
        variant: 'primary',
        size: 'lg',
        type: 'submit',
        loading: false,
        disabled: false
      }

      at log (src/components/ui/Button.tsx:26:13)

    console.log
      [Button] Has onClick in props: false

      at log (src/components/ui/Button.tsx:27:13)

    console.log
      [Button] All props: {}

      at log (src/components/ui/Button.tsx:28:13)

    console.log
      [Button] Rendering with type: submit

      at log (src/components/ui/Button.tsx:25:13)

    console.log
      [Button] Props received: {
        variant: 'primary',
        size: 'lg',
        type: 'submit',
        loading: false,
        disabled: false
      }

      at log (src/components/ui/Button.tsx:26:13)

    console.log
      [Button] Has onClick in props: false

      at log (src/components/ui/Button.tsx:27:13)

    console.log
      [Button] All props: {}

      at log (src/components/ui/Button.tsx:28:13)

    console.log
      [Button] Rendering with type: submit

      at log (src/components/ui/Button.tsx:25:13)

    console.log
      [Button] Props received: {
        variant: 'primary',
        size: 'lg',
        type: 'submit',
        loading: false,
        disabled: false
      }

      at log (src/components/ui/Button.tsx:26:13)

    console.log
      [Button] Has onClick in props: false

      at log (src/components/ui/Button.tsx:27:13)

    console.log
      [Button] All props: {}

      at log (src/components/ui/Button.tsx:28:13)

    console.log
      [Button] Rendering with type: submit

      at log (src/components/ui/Button.tsx:25:13)

    console.log
      [Button] Props received: {
        variant: 'primary',
        size: 'lg',
        type: 'submit',
        loading: false,
        disabled: false
      }

      at log (src/components/ui/Button.tsx:26:13)

    console.log
      [Button] Has onClick in props: false

      at log (src/components/ui/Button.tsx:27:13)

    console.log
      [Button] All props: {}

      at log (src/components/ui/Button.tsx:28:13)

    console.log
      [Button] Rendering with type: submit

      at log (src/components/ui/Button.tsx:25:13)

    console.log
      [Button] Props received: {
        variant: 'primary',
        size: 'lg',
        type: 'submit',
        loading: false,
        disabled: false
      }

      at log (src/components/ui/Button.tsx:26:13)

    console.log
      [Button] Has onClick in props: false

      at log (src/components/ui/Button.tsx:27:13)

    console.log
      [Button] All props: {}

      at log (src/components/ui/Button.tsx:28:13)

    console.log
      [Button] Rendering with type: submit

      at log (src/components/ui/Button.tsx:25:13)

    console.log
      [Button] Props received: {
        variant: 'primary',
        size: 'lg',
        type: 'submit',
        loading: false,
        disabled: false
      }

      at log (src/components/ui/Button.tsx:26:13)

    console.log
      [Button] Has onClick in props: false

      at log (src/components/ui/Button.tsx:27:13)

    console.log
      [Button] All props: {}

      at log (src/components/ui/Button.tsx:28:13)

    console.log
      [Button] Rendering with type: submit

      at log (src/components/ui/Button.tsx:25:13)

    console.log
      [Button] Props received: {
        variant: 'primary',
        size: 'lg',
        type: 'submit',
        loading: false,
        disabled: false
      }

      at log (src/components/ui/Button.tsx:26:13)

    console.log
      [Button] Has onClick in props: false

      at log (src/components/ui/Button.tsx:27:13)

    console.log
      [Button] All props: {}

      at log (src/components/ui/Button.tsx:28:13)

    console.log
      [Button] Rendering with type: submit

      at log (src/components/ui/Button.tsx:25:13)

    console.log
      [Button] Props received: {
        variant: 'primary',
        size: 'lg',
        type: 'submit',
        loading: false,
        disabled: false
      }

      at log (src/components/ui/Button.tsx:26:13)

    console.log
      [Button] Has onClick in props: false

      at log (src/components/ui/Button.tsx:27:13)

    console.log
      [Button] All props: {}

      at log (src/components/ui/Button.tsx:28:13)

    console.log
      [Button] Rendering with type: submit

      at log (src/components/ui/Button.tsx:25:13)

    console.log
      [Button] Props received: {
        variant: 'primary',
        size: 'lg',
        type: 'submit',
        loading: false,
        disabled: false
      }

      at log (src/components/ui/Button.tsx:26:13)

    console.log
      [Button] Has onClick in props: false

      at log (src/components/ui/Button.tsx:27:13)

    console.log
      [Button] All props: {}

      at log (src/components/ui/Button.tsx:28:13)

    console.log
      [Button] Rendering with type: submit

      at log (src/components/ui/Button.tsx:25:13)

    console.log
      [Button] Props received: {
        variant: 'primary',
        size: 'lg',
        type: 'submit',
        loading: false,
        disabled: false
      }

      at log (src/components/ui/Button.tsx:26:13)

    console.log
      [Button] Has onClick in props: false

      at log (src/components/ui/Button.tsx:27:13)

    console.log
      [Button] All props: {}

      at log (src/components/ui/Button.tsx:28:13)

    console.log
      [Button] Rendering with type: submit

      at log (src/components/ui/Button.tsx:25:13)

    console.log
      [Button] Props received: {
        variant: 'primary',
        size: 'lg',
        type: 'submit',
        loading: false,
        disabled: false
      }

      at log (src/components/ui/Button.tsx:26:13)

    console.log
      [Button] Has onClick in props: false

      at log (src/components/ui/Button.tsx:27:13)

    console.log
      [Button] All props: {}

      at log (src/components/ui/Button.tsx:28:13)

    console.log
      [Button] Rendering with type: submit

      at log (src/components/ui/Button.tsx:25:13)

    console.log
      [Button] Props received: {
        variant: 'primary',
        size: 'lg',
        type: 'submit',
        loading: false,
        disabled: false
      }

      at log (src/components/ui/Button.tsx:26:13)

    console.log
      [Button] Has onClick in props: false

      at log (src/components/ui/Button.tsx:27:13)

    console.log
      [Button] All props: {}

      at log (src/components/ui/Button.tsx:28:13)

    console.log
      [Button] Rendering with type: submit

      at log (src/components/ui/Button.tsx:25:13)

    console.log
      [Button] Props received: {
        variant: 'primary',
        size: 'lg',
        type: 'submit',
        loading: false,
        disabled: false
      }

      at log (src/components/ui/Button.tsx:26:13)

    console.log
      [Button] Has onClick in props: false

      at log (src/components/ui/Button.tsx:27:13)

    console.log
      [Button] All props: {}

      at log (src/components/ui/Button.tsx:28:13)

    console.log
      [Button] Rendering with type: submit

      at log (src/components/ui/Button.tsx:25:13)

    console.log
      [Button] Props received: {
        variant: 'primary',
        size: 'lg',
        type: 'submit',
        loading: false,
        disabled: false
      }

      at log (src/components/ui/Button.tsx:26:13)

    console.log
      [Button] Has onClick in props: false

      at log (src/components/ui/Button.tsx:27:13)

    console.log
      [Button] All props: {}

      at log (src/components/ui/Button.tsx:28:13)

    console.log
      [Button] Rendering with type: submit

      at log (src/components/ui/Button.tsx:25:13)

    console.log
      [Button] Props received: {
        variant: 'primary',
        size: 'lg',
        type: 'submit',
        loading: false,
        disabled: false
      }

      at log (src/components/ui/Button.tsx:26:13)

    console.log
      [Button] Has onClick in props: false

      at log (src/components/ui/Button.tsx:27:13)

    console.log
      [Button] All props: {}

      at log (src/components/ui/Button.tsx:28:13)

    console.log
      [Button] Rendering with type: submit

      at log (src/components/ui/Button.tsx:25:13)

    console.log
      [Button] Props received: {
        variant: 'primary',
        size: 'lg',
        type: 'submit',
        loading: false,
        disabled: false
      }

      at log (src/components/ui/Button.tsx:26:13)

    console.log
      [Button] Has onClick in props: false

      at log (src/components/ui/Button.tsx:27:13)

    console.log
      [Button] All props: {}

      at log (src/components/ui/Button.tsx:28:13)

    console.log
      [Button] Rendering with type: submit

      at log (src/components/ui/Button.tsx:25:13)

    console.log
      [Button] Props received: {
        variant: 'primary',
        size: 'lg',
        type: 'submit',
        loading: false,
        disabled: false
      }

      at log (src/components/ui/Button.tsx:26:13)

    console.log
      [Button] Has onClick in props: false

      at log (src/components/ui/Button.tsx:27:13)

    console.log
      [Button] All props: {}

      at log (src/components/ui/Button.tsx:28:13)

    console.log
      [Button] Rendering with type: submit

      at log (src/components/ui/Button.tsx:25:13)

    console.log
      [Button] Props received: {
        variant: 'primary',
        size: 'lg',
        type: 'submit',
        loading: false,
        disabled: false
      }

      at log (src/components/ui/Button.tsx:26:13)

    console.log
      [Button] Has onClick in props: false

      at log (src/components/ui/Button.tsx:27:13)

    console.log
      [Button] All props: {}

      at log (src/components/ui/Button.tsx:28:13)

    console.log
      [Button] Rendering with type: submit

      at log (src/components/ui/Button.tsx:25:13)

    console.log
      [Button] Props received: {
        variant: 'primary',
        size: 'lg',
        type: 'submit',
        loading: false,
        disabled: false
      }

      at log (src/components/ui/Button.tsx:26:13)

    console.log
      [Button] Has onClick in props: false

      at log (src/components/ui/Button.tsx:27:13)

    console.log
      [Button] All props: {}

      at log (src/components/ui/Button.tsx:28:13)

    console.log
      [Button] Rendering with type: submit

      at log (src/components/ui/Button.tsx:25:13)

    console.log
      [Button] Props received: {
        variant: 'primary',
        size: 'lg',
        type: 'submit',
        loading: false,
        disabled: false
      }

      at log (src/components/ui/Button.tsx:26:13)

    console.log
      [Button] Has onClick in props: false

      at log (src/components/ui/Button.tsx:27:13)

    console.log
      [Button] All props: {}

      at log (src/components/ui/Button.tsx:28:13)

    console.log
      [Button] Rendering with type: submit

      at log (src/components/ui/Button.tsx:25:13)

    console.log
      [Button] Props received: {
        variant: 'primary',
        size: 'lg',
        type: 'submit',
        loading: false,
        disabled: false
      }

      at log (src/components/ui/Button.tsx:26:13)

    console.log
      [Button] Has onClick in props: false

      at log (src/components/ui/Button.tsx:27:13)

    console.log
      [Button] All props: {}

      at log (src/components/ui/Button.tsx:28:13)

    console.log
      [Button] Rendering with type: submit

      at log (src/components/ui/Button.tsx:25:13)

    console.log
      [Button] Props received: {
        variant: 'primary',
        size: 'lg',
        type: 'submit',
        loading: false,
        disabled: false
      }

      at log (src/components/ui/Button.tsx:26:13)

    console.log
      [Button] Has onClick in props: false

      at log (src/components/ui/Button.tsx:27:13)

    console.log
      [Button] All props: {}

      at log (src/components/ui/Button.tsx:28:13)

    console.log
      [Button] Rendering with type: submit

      at log (src/components/ui/Button.tsx:25:13)

    console.log
      [Button] Props received: {
        variant: 'primary',
        size: 'lg',
        type: 'submit',
        loading: false,
        disabled: false
      }

      at log (src/components/ui/Button.tsx:26:13)

    console.log
      [Button] Has onClick in props: false

      at log (src/components/ui/Button.tsx:27:13)

    console.log
      [Button] All props: {}

      at log (src/components/ui/Button.tsx:28:13)

    console.log
      [Button] Rendering with type: submit

      at log (src/components/ui/Button.tsx:25:13)

    console.log
      [Button] Props received: {
        variant: 'primary',
        size: 'lg',
        type: 'submit',
        loading: false,
        disabled: false
      }

      at log (src/components/ui/Button.tsx:26:13)

    console.log
      [Button] Has onClick in props: false

      at log (src/components/ui/Button.tsx:27:13)

    console.log
      [Button] All props: {}

      at log (src/components/ui/Button.tsx:28:13)

    console.log
      [Button] Rendering with type: submit

      at log (src/components/ui/Button.tsx:25:13)

    console.log
      [Button] Props received: {
        variant: 'primary',
        size: 'lg',
        type: 'submit',
        loading: false,
        disabled: false
      }

      at log (src/components/ui/Button.tsx:26:13)

    console.log
      [Button] Has onClick in props: false

      at log (src/components/ui/Button.tsx:27:13)

    console.log
      [Button] All props: {}

      at log (src/components/ui/Button.tsx:28:13)

    console.log
      [Button] Rendering with type: submit

      at log (src/components/ui/Button.tsx:25:13)

    console.log
      [Button] Props received: {
        variant: 'primary',
        size: 'lg',
        type: 'submit',
        loading: false,
        disabled: false
      }

      at log (src/components/ui/Button.tsx:26:13)

    console.log
      [Button] Has onClick in props: false

      at log (src/components/ui/Button.tsx:27:13)

    console.log
      [Button] All props: {}

      at log (src/components/ui/Button.tsx:28:13)

    console.log
      [Button] Rendering with type: submit

      at log (src/components/ui/Button.tsx:25:13)

    console.log
      [Button] Props received: {
        variant: 'primary',
        size: 'lg',
        type: 'submit',
        loading: false,
        disabled: false
      }

      at log (src/components/ui/Button.tsx:26:13)

    console.log
      [Button] Has onClick in props: false

      at log (src/components/ui/Button.tsx:27:13)

    console.log
      [Button] All props: {}

      at log (src/components/ui/Button.tsx:28:13)

    console.log
      [Button] Rendering with type: submit

      at log (src/components/ui/Button.tsx:25:13)

    console.log
      [Button] Props received: {
        variant: 'primary',
        size: 'lg',
        type: 'submit',
        loading: false,
        disabled: false
      }

      at log (src/components/ui/Button.tsx:26:13)

    console.log
      [Button] Has onClick in props: false

      at log (src/components/ui/Button.tsx:27:13)

    console.log
      [Button] All props: {}

      at log (src/components/ui/Button.tsx:28:13)

    console.log
      [Button] Rendering with type: submit

      at log (src/components/ui/Button.tsx:25:13)

    console.log
      [Button] Props received: {
        variant: 'primary',
        size: 'lg',
        type: 'submit',
        loading: false,
        disabled: false
      }

      at log (src/components/ui/Button.tsx:26:13)

    console.log
      [Button] Has onClick in props: false

      at log (src/components/ui/Button.tsx:27:13)

    console.log
      [Button] All props: {}

      at log (src/components/ui/Button.tsx:28:13)

    console.log
      [Button] Rendering with type: submit

      at log (src/components/ui/Button.tsx:25:13)

    console.log
      [Button] Props received: {
        variant: 'primary',
        size: 'lg',
        type: 'submit',
        loading: false,
        disabled: false
      }

      at log (src/components/ui/Button.tsx:26:13)

    console.log
      [Button] Has onClick in props: false

      at log (src/components/ui/Button.tsx:27:13)

    console.log
      [Button] All props: {}

      at log (src/components/ui/Button.tsx:28:13)

    console.log
      [Button] Rendering with type: submit

      at log (src/components/ui/Button.tsx:25:13)

    console.log
      [Button] Props received: {
        variant: 'primary',
        size: 'lg',
        type: 'submit',
        loading: false,
        disabled: false
      }

      at log (src/components/ui/Button.tsx:26:13)

    console.log
      [Button] Has onClick in props: false

      at log (src/components/ui/Button.tsx:27:13)

    console.log
      [Button] All props: {}

      at log (src/components/ui/Button.tsx:28:13)

    console.log
      [Button] Rendering with type: submit

      at log (src/components/ui/Button.tsx:25:13)

    console.log
      [Button] Props received: {
        variant: 'primary',
        size: 'lg',
        type: 'submit',
        loading: false,
        disabled: false
      }

      at log (src/components/ui/Button.tsx:26:13)

    console.log
      [Button] Has onClick in props: false

      at log (src/components/ui/Button.tsx:27:13)

    console.log
      [Button] All props: {}

      at log (src/components/ui/Button.tsx:28:13)

    console.log
      [Button] Rendering with type: submit

      at log (src/components/ui/Button.tsx:25:13)

    console.log
      [Button] Props received: {
        variant: 'primary',
        size: 'lg',
        type: 'submit',
        loading: false,
        disabled: false
      }

      at log (src/components/ui/Button.tsx:26:13)

    console.log
      [Button] Has onClick in props: false

      at log (src/components/ui/Button.tsx:27:13)

    console.log
      [Button] All props: {}

      at log (src/components/ui/Button.tsx:28:13)

    console.log
      [Button] Rendering with type: submit

      at log (src/components/ui/Button.tsx:25:13)

    console.log
      [Button] Props received: {
        variant: 'primary',
        size: 'lg',
        type: 'submit',
        loading: false,
        disabled: false
      }

      at log (src/components/ui/Button.tsx:26:13)

    console.log
      [Button] Has onClick in props: false

      at log (src/components/ui/Button.tsx:27:13)

    console.log
      [Button] All props: {}

      at log (src/components/ui/Button.tsx:28:13)

    console.log
      [Button] Rendering with type: submit

      at log (src/components/ui/Button.tsx:25:13)

    console.log
      [Button] Props received: {
        variant: 'primary',
        size: 'lg',
        type: 'submit',
        loading: false,
        disabled: false
      }

      at log (src/components/ui/Button.tsx:26:13)

    console.log
      [Button] Has onClick in props: false

      at log (src/components/ui/Button.tsx:27:13)

    console.log
      [Button] All props: {}

      at log (src/components/ui/Button.tsx:28:13)

    console.log
      [Button] Rendering with type: submit

      at log (src/components/ui/Button.tsx:25:13)

    console.log
      [Button] Props received: {
        variant: 'primary',
        size: 'lg',
        type: 'submit',
        loading: false,
        disabled: false
      }

      at log (src/components/ui/Button.tsx:26:13)

    console.log
      [Button] Has onClick in props: false

      at log (src/components/ui/Button.tsx:27:13)

    console.log
      [Button] All props: {}

      at log (src/components/ui/Button.tsx:28:13)

    console.log
      [Button] Rendering with type: submit

      at log (src/components/ui/Button.tsx:25:13)

    console.log
      [Button] Props received: {
        variant: 'primary',
        size: 'lg',
        type: 'submit',
        loading: false,
        disabled: false
      }

      at log (src/components/ui/Button.tsx:26:13)

    console.log
      [Button] Has onClick in props: false

      at log (src/components/ui/Button.tsx:27:13)

    console.log
      [Button] All props: {}

      at log (src/components/ui/Button.tsx:28:13)

    console.log
      [Button] Rendering with type: submit

      at log (src/components/ui/Button.tsx:25:13)

    console.log
      [Button] Props received: {
        variant: 'primary',
        size: 'lg',
        type: 'submit',
        loading: false,
        disabled: false
      }

      at log (src/components/ui/Button.tsx:26:13)

    console.log
      [Button] Has onClick in props: false

      at log (src/components/ui/Button.tsx:27:13)

    console.log
      [Button] All props: {}

      at log (src/components/ui/Button.tsx:28:13)

    console.log
      [Button] Rendering with type: submit

      at log (src/components/ui/Button.tsx:25:13)

    console.log
      [Button] Props received: {
        variant: 'primary',
        size: 'lg',
        type: 'submit',
        loading: false,
        disabled: false
      }

      at log (src/components/ui/Button.tsx:26:13)

    console.log
      [Button] Has onClick in props: false

      at log (src/components/ui/Button.tsx:27:13)

    console.log
      [Button] All props: {}

      at log (src/components/ui/Button.tsx:28:13)

    console.log
      [Button] Rendering with type: submit

      at log (src/components/ui/Button.tsx:25:13)

    console.log
      [Button] Props received: {
        variant: 'primary',
        size: 'lg',
        type: 'submit',
        loading: false,
        disabled: false
      }

      at log (src/components/ui/Button.tsx:26:13)

    console.log
      [Button] Has onClick in props: false

      at log (src/components/ui/Button.tsx:27:13)

    console.log
      [Button] All props: {}

      at log (src/components/ui/Button.tsx:28:13)

    console.log
      [Button] Rendering with type: submit

      at log (src/components/ui/Button.tsx:25:13)

    console.log
      [Button] Props received: {
        variant: 'primary',
        size: 'lg',
        type: 'submit',
        loading: false,
        disabled: false
      }

      at log (src/components/ui/Button.tsx:26:13)

    console.log
      [Button] Has onClick in props: false

      at log (src/components/ui/Button.tsx:27:13)

    console.log
      [Button] All props: {}

      at log (src/components/ui/Button.tsx:28:13)

    console.log
      [Button] Rendering with type: submit

      at log (src/components/ui/Button.tsx:25:13)

    console.log
      [Button] Props received: {
        variant: 'primary',
        size: 'lg',
        type: 'submit',
        loading: false,
        disabled: false
      }

      at log (src/components/ui/Button.tsx:26:13)

    console.log
      [Button] Has onClick in props: false

      at log (src/components/ui/Button.tsx:27:13)

    console.log
      [Button] All props: {}

      at log (src/components/ui/Button.tsx:28:13)

    console.log
      [Button] Rendering with type: submit

      at log (src/components/ui/Button.tsx:25:13)

    console.log
      [Button] Props received: {
        variant: 'primary',
        size: 'lg',
        type: 'submit',
        loading: false,
        disabled: false
      }

      at log (src/components/ui/Button.tsx:26:13)

    console.log
      [Button] Has onClick in props: false

      at log (src/components/ui/Button.tsx:27:13)

    console.log
      [Button] All props: {}

      at log (src/components/ui/Button.tsx:28:13)

    console.log
      [Button] Rendering with type: submit

      at log (src/components/ui/Button.tsx:25:13)

    console.log
      [Button] Props received: {
        variant: 'primary',
        size: 'lg',
        type: 'submit',
        loading: false,
        disabled: false
      }

      at log (src/components/ui/Button.tsx:26:13)

    console.log
      [Button] Has onClick in props: false

      at log (src/components/ui/Button.tsx:27:13)

    console.log
      [Button] All props: {}

      at log (src/components/ui/Button.tsx:28:13)

    console.log
      [Button] Rendering with type: submit

      at log (src/components/ui/Button.tsx:25:13)

    console.log
      [Button] Props received: {
        variant: 'primary',
        size: 'lg',
        type: 'submit',
        loading: false,
        disabled: false
      }

      at log (src/components/ui/Button.tsx:26:13)

    console.log
      [Button] Has onClick in props: false

      at log (src/components/ui/Button.tsx:27:13)

    console.log
      [Button] All props: {}

      at log (src/components/ui/Button.tsx:28:13)

    console.log
      [Button] Rendering with type: submit

      at log (src/components/ui/Button.tsx:25:13)

    console.log
      [Button] Props received: {
        variant: 'primary',
        size: 'lg',
        type: 'submit',
        loading: false,
        disabled: false
      }

      at log (src/components/ui/Button.tsx:26:13)

    console.log
      [Button] Has onClick in props: false

      at log (src/components/ui/Button.tsx:27:13)

    console.log
      [Button] All props: {}

      at log (src/components/ui/Button.tsx:28:13)

    console.log
      [Button] Rendering with type: submit

      at log (src/components/ui/Button.tsx:25:13)

    console.log
      [Button] Props received: {
        variant: 'primary',
        size: 'lg',
        type: 'submit',
        loading: false,
        disabled: false
      }

      at log (src/components/ui/Button.tsx:26:13)

    console.log
      [Button] Has onClick in props: false

      at log (src/components/ui/Button.tsx:27:13)

    console.log
      [Button] All props: {}

      at log (src/components/ui/Button.tsx:28:13)

    console.log
      [Button] Rendering with type: submit

      at log (src/components/ui/Button.tsx:25:13)

    console.log
      [Button] Props received: {
        variant: 'primary',
        size: 'lg',
        type: 'submit',
        loading: false,
        disabled: false
      }

      at log (src/components/ui/Button.tsx:26:13)

    console.log
      [Button] Has onClick in props: false

      at log (src/components/ui/Button.tsx:27:13)

    console.log
      [Button] All props: {}

      at log (src/components/ui/Button.tsx:28:13)

    console.log
      [Button] Rendering with type: submit

      at log (src/components/ui/Button.tsx:25:13)

    console.log
      [Button] Props received: {
        variant: 'primary',
        size: 'lg',
        type: 'submit',
        loading: false,
        disabled: false
      }

      at log (src/components/ui/Button.tsx:26:13)

    console.log
      [Button] Has onClick in props: false

      at log (src/components/ui/Button.tsx:27:13)

    console.log
      [Button] All props: {}

      at log (src/components/ui/Button.tsx:28:13)

    console.log
      [Button] Rendering with type: submit

      at log (src/components/ui/Button.tsx:25:13)

    console.log
      [Button] Props received: {
        variant: 'primary',
        size: 'lg',
        type: 'submit',
        loading: false,
        disabled: false
      }

      at log (src/components/ui/Button.tsx:26:13)

    console.log
      [Button] Has onClick in props: false

      at log (src/components/ui/Button.tsx:27:13)

    console.log
      [Button] All props: {}

      at log (src/components/ui/Button.tsx:28:13)

    console.log
      [Button] Rendering with type: submit

      at log (src/components/ui/Button.tsx:25:13)

    console.log
      [Button] Props received: {
        variant: 'primary',
        size: 'lg',
        type: 'submit',
        loading: false,
        disabled: false
      }

      at log (src/components/ui/Button.tsx:26:13)

    console.log
      [Button] Has onClick in props: false

      at log (src/components/ui/Button.tsx:27:13)

    console.log
      [Button] All props: {}

      at log (src/components/ui/Button.tsx:28:13)

    console.log
      [Button] Rendering with type: submit

      at log (src/components/ui/Button.tsx:25:13)

    console.log
      [Button] Props received: {
        variant: 'primary',
        size: 'lg',
        type: 'submit',
        loading: false,
        disabled: false
      }

      at log (src/components/ui/Button.tsx:26:13)

    console.log
      [Button] Has onClick in props: false

      at log (src/components/ui/Button.tsx:27:13)

    console.log
      [Button] All props: {}

      at log (src/components/ui/Button.tsx:28:13)

    console.log
      [Button] Rendering with type: submit

      at log (src/components/ui/Button.tsx:25:13)

    console.log
      [Button] Props received: {
        variant: 'primary',
        size: 'lg',
        type: 'submit',
        loading: false,
        disabled: false
      }

      at log (src/components/ui/Button.tsx:26:13)

    console.log
      [Button] Has onClick in props: false

      at log (src/components/ui/Button.tsx:27:13)

    console.log
      [Button] All props: {}

      at log (src/components/ui/Button.tsx:28:13)

    console.log
      [Button] Rendering with type: submit

      at log (src/components/ui/Button.tsx:25:13)

    console.log
      [Button] Props received: {
        variant: 'primary',
        size: 'lg',
        type: 'submit',
        loading: false,
        disabled: false
      }

      at log (src/components/ui/Button.tsx:26:13)

    console.log
      [Button] Has onClick in props: false

      at log (src/components/ui/Button.tsx:27:13)

    console.log
      [Button] All props: {}

      at log (src/components/ui/Button.tsx:28:13)

    console.log
      [Button] Rendering with type: submit

      at log (src/components/ui/Button.tsx:25:13)

    console.log
      [Button] Props received: {
        variant: 'primary',
        size: 'lg',
        type: 'submit',
        loading: false,
        disabled: false
      }

      at log (src/components/ui/Button.tsx:26:13)

    console.log
      [Button] Has onClick in props: false

      at log (src/components/ui/Button.tsx:27:13)

    console.log
      [Button] All props: {}

      at log (src/components/ui/Button.tsx:28:13)

    console.log
      [Button] Rendering with type: submit

      at log (src/components/ui/Button.tsx:25:13)

    console.log
      [Button] Props received: {
        variant: 'primary',
        size: 'lg',
        type: 'submit',
        loading: false,
        disabled: false
      }

      at log (src/components/ui/Button.tsx:26:13)

    console.log
      [Button] Has onClick in props: false

      at log (src/components/ui/Button.tsx:27:13)

    console.log
      [Button] All props: {}

      at log (src/components/ui/Button.tsx:28:13)

    console.log
      [Button] Rendering with type: submit

      at log (src/components/ui/Button.tsx:25:13)

    console.log
      [Button] Props received: {
        variant: 'primary',
        size: 'lg',
        type: 'submit',
        loading: false,
        disabled: false
      }

      at log (src/components/ui/Button.tsx:26:13)

    console.log
      [Button] Has onClick in props: false

      at log (src/components/ui/Button.tsx:27:13)

    console.log
      [Button] All props: {}

      at log (src/components/ui/Button.tsx:28:13)

    console.log
      [Button] Rendering with type: submit

      at log (src/components/ui/Button.tsx:25:13)

    console.log
      [Button] Props received: {
        variant: 'primary',
        size: 'lg',
        type: 'submit',
        loading: false,
        disabled: false
      }

      at log (src/components/ui/Button.tsx:26:13)

    console.log
      [Button] Has onClick in props: false

      at log (src/components/ui/Button.tsx:27:13)

    console.log
      [Button] All props: {}

      at log (src/components/ui/Button.tsx:28:13)

    console.log
      [Button] Rendering with type: submit

      at log (src/components/ui/Button.tsx:25:13)

    console.log
      [Button] Props received: {
        variant: 'primary',
        size: 'lg',
        type: 'submit',
        loading: false,
        disabled: false
      }

      at log (src/components/ui/Button.tsx:26:13)

    console.log
      [Button] Has onClick in props: false

      at log (src/components/ui/Button.tsx:27:13)

    console.log
      [Button] All props: {}

      at log (src/components/ui/Button.tsx:28:13)

    console.log
      [Button] Rendering with type: submit

      at log (src/components/ui/Button.tsx:25:13)

    console.log
      [Button] Props received: {
        variant: 'primary',
        size: 'lg',
        type: 'submit',
        loading: false,
        disabled: false
      }

      at log (src/components/ui/Button.tsx:26:13)

    console.log
      [Button] Has onClick in props: false

      at log (src/components/ui/Button.tsx:27:13)

    console.log
      [Button] All props: {}

      at log (src/components/ui/Button.tsx:28:13)

    console.log
      [Button] Rendering with type: submit

      at log (src/components/ui/Button.tsx:25:13)

    console.log
      [Button] Props received: {
        variant: 'primary',
        size: 'lg',
        type: 'submit',
        loading: false,
        disabled: false
      }

      at log (src/components/ui/Button.tsx:26:13)

    console.log
      [Button] Has onClick in props: false

      at log (src/components/ui/Button.tsx:27:13)

    console.log
      [Button] All props: {}

      at log (src/components/ui/Button.tsx:28:13)

    console.log
      [Button] Rendering with type: submit

      at log (src/components/ui/Button.tsx:25:13)

    console.log
      [Button] Props received: {
        variant: 'primary',
        size: 'lg',
        type: 'submit',
        loading: false,
        disabled: false
      }

      at log (src/components/ui/Button.tsx:26:13)

    console.log
      [Button] Has onClick in props: false

      at log (src/components/ui/Button.tsx:27:13)

    console.log
      [Button] All props: {}

      at log (src/components/ui/Button.tsx:28:13)

    console.log
      [Button] Rendering with type: submit

      at log (src/components/ui/Button.tsx:25:13)

    console.log
      [Button] Props received: {
        variant: 'primary',
        size: 'lg',
        type: 'submit',
        loading: false,
        disabled: false
      }

      at log (src/components/ui/Button.tsx:26:13)

    console.log
      [Button] Has onClick in props: false

      at log (src/components/ui/Button.tsx:27:13)

    console.log
      [Button] All props: {}

      at log (src/components/ui/Button.tsx:28:13)

    console.log
      [Button] Rendering with type: submit

      at log (src/components/ui/Button.tsx:25:13)

    console.log
      [Button] Props received: {
        variant: 'primary',
        size: 'lg',
        type: 'submit',
        loading: false,
        disabled: false
      }

      at log (src/components/ui/Button.tsx:26:13)

    console.log
      [Button] Has onClick in props: false

      at log (src/components/ui/Button.tsx:27:13)

    console.log
      [Button] All props: {}

      at log (src/components/ui/Button.tsx:28:13)

    console.log
      [Button] Rendering with type: submit

      at log (src/components/ui/Button.tsx:25:13)

    console.log
      [Button] Props received: {
        variant: 'primary',
        size: 'lg',
        type: 'submit',
        loading: false,
        disabled: false
      }

      at log (src/components/ui/Button.tsx:26:13)

    console.log
      [Button] Has onClick in props: false

      at log (src/components/ui/Button.tsx:27:13)

    console.log
      [Button] All props: {}

      at log (src/components/ui/Button.tsx:28:13)

    console.log
      [Button] Rendering with type: submit

      at log (src/components/ui/Button.tsx:25:13)

    console.log
      [Button] Props received: {
        variant: 'primary',
        size: 'lg',
        type: 'submit',
        loading: false,
        disabled: false
      }

      at log (src/components/ui/Button.tsx:26:13)

    console.log
      [Button] Has onClick in props: false

      at log (src/components/ui/Button.tsx:27:13)

    console.log
      [Button] All props: {}

      at log (src/components/ui/Button.tsx:28:13)

    console.log
      [Button] Rendering with type: submit

      at log (src/components/ui/Button.tsx:25:13)

    console.log
      [Button] Props received: {
        variant: 'primary',
        size: 'lg',
        type: 'submit',
        loading: false,
        disabled: false
      }

      at log (src/components/ui/Button.tsx:26:13)

    console.log
      [Button] Has onClick in props: false

      at log (src/components/ui/Button.tsx:27:13)

    console.log
      [Button] All props: {}

      at log (src/components/ui/Button.tsx:28:13)

    console.log
      [Button] Rendering with type: submit

      at log (src/components/ui/Button.tsx:25:13)

    console.log
      [Button] Props received: {
        variant: 'primary',
        size: 'lg',
        type: 'submit',
        loading: false,
        disabled: false
      }

      at log (src/components/ui/Button.tsx:26:13)

    console.log
      [Button] Has onClick in props: false

      at log (src/components/ui/Button.tsx:27:13)

    console.log
      [Button] All props: {}

      at log (src/components/ui/Button.tsx:28:13)

    console.log
      [Button] Rendering with type: submit

      at log (src/components/ui/Button.tsx:25:13)

    console.log
      [Button] Props received: {
        variant: 'primary',
        size: 'lg',
        type: 'submit',
        loading: false,
        disabled: false
      }

      at log (src/components/ui/Button.tsx:26:13)

    console.log
      [Button] Has onClick in props: false

      at log (src/components/ui/Button.tsx:27:13)

    console.log
      [Button] All props: {}

      at log (src/components/ui/Button.tsx:28:13)

    console.log
      [Button] Rendering with type: submit

      at log (src/components/ui/Button.tsx:25:13)

    console.log
      [Button] Props received: {
        variant: 'primary',
        size: 'lg',
        type: 'submit',
        loading: false,
        disabled: false
      }

      at log (src/components/ui/Button.tsx:26:13)

    console.log
      [Button] Has onClick in props: false

      at log (src/components/ui/Button.tsx:27:13)

    console.log
      [Button] All props: {}

      at log (src/components/ui/Button.tsx:28:13)

    console.log
      [Button] Rendering with type: submit

      at log (src/components/ui/Button.tsx:25:13)

    console.log
      [Button] Props received: {
        variant: 'primary',
        size: 'lg',
        type: 'submit',
        loading: false,
        disabled: false
      }

      at log (src/components/ui/Button.tsx:26:13)

    console.log
      [Button] Has onClick in props: false

      at log (src/components/ui/Button.tsx:27:13)

    console.log
      [Button] All props: {}

      at log (src/components/ui/Button.tsx:28:13)

    console.log
      [Button] Rendering with type: submit

      at log (src/components/ui/Button.tsx:25:13)

    console.log
      [Button] Props received: {
        variant: 'primary',
        size: 'lg',
        type: 'submit',
        loading: false,
        disabled: false
      }

      at log (src/components/ui/Button.tsx:26:13)

    console.log
      [Button] Has onClick in props: false

      at log (src/components/ui/Button.tsx:27:13)

    console.log
      [Button] All props: {}

      at log (src/components/ui/Button.tsx:28:13)

    console.log
      [Button] Rendering with type: submit

      at log (src/components/ui/Button.tsx:25:13)

    console.log
      [Button] Props received: {
        variant: 'primary',
        size: 'lg',
        type: 'submit',
        loading: false,
        disabled: false
      }

      at log (src/components/ui/Button.tsx:26:13)

    console.log
      [Button] Has onClick in props: false

      at log (src/components/ui/Button.tsx:27:13)

    console.log
      [Button] All props: {}

      at log (src/components/ui/Button.tsx:28:13)

    console.log
      [Button] Rendering with type: submit

      at log (src/components/ui/Button.tsx:25:13)

    console.log
      [Button] Props received: {
        variant: 'primary',
        size: 'lg',
        type: 'submit',
        loading: false,
        disabled: false
      }

      at log (src/components/ui/Button.tsx:26:13)

    console.log
      [Button] Has onClick in props: false

      at log (src/components/ui/Button.tsx:27:13)

    console.log
      [Button] All props: {}

      at log (src/components/ui/Button.tsx:28:13)

    console.log
      [Button] Rendering with type: submit

      at log (src/components/ui/Button.tsx:25:13)

    console.log
      [Button] Props received: {
        variant: 'primary',
        size: 'lg',
        type: 'submit',
        loading: false,
        disabled: false
      }

      at log (src/components/ui/Button.tsx:26:13)

    console.log
      [Button] Has onClick in props: false

      at log (src/components/ui/Button.tsx:27:13)

    console.log
      [Button] All props: {}

      at log (src/components/ui/Button.tsx:28:13)

    console.log
      [Button] Rendering with type: submit

      at log (src/components/ui/Button.tsx:25:13)

    console.log
      [Button] Props received: {
        variant: 'primary',
        size: 'lg',
        type: 'submit',
        loading: false,
        disabled: false
      }

      at log (src/components/ui/Button.tsx:26:13)

    console.log
      [Button] Has onClick in props: false

      at log (src/components/ui/Button.tsx:27:13)

    console.log
      [Button] All props: {}

      at log (src/components/ui/Button.tsx:28:13)

    console.log
      [Button] Rendering with type: submit

      at log (src/components/ui/Button.tsx:25:13)

    console.log
      [Button] Props received: {
        variant: 'primary',
        size: 'lg',
        type: 'submit',
        loading: false,
        disabled: false
      }

      at log (src/components/ui/Button.tsx:26:13)

    console.log
      [Button] Has onClick in props: false

      at log (src/components/ui/Button.tsx:27:13)

    console.log
      [Button] All props: {}

      at log (src/components/ui/Button.tsx:28:13)

    console.log
      [Button] Rendering with type: submit

      at log (src/components/ui/Button.tsx:25:13)

    console.log
      [Button] Props received: {
        variant: 'primary',
        size: 'lg',
        type: 'submit',
        loading: false,
        disabled: false
      }

      at log (src/components/ui/Button.tsx:26:13)

    console.log
      [Button] Has onClick in props: false

      at log (src/components/ui/Button.tsx:27:13)

    console.log
      [Button] All props: {}

      at log (src/components/ui/Button.tsx:28:13)

    console.log
      [Button] Rendering with type: submit

      at log (src/components/ui/Button.tsx:25:13)

    console.log
      [Button] Props received: {
        variant: 'primary',
        size: 'lg',
        type: 'submit',
        loading: false,
        disabled: false
      }

      at log (src/components/ui/Button.tsx:26:13)

    console.log
      [Button] Has onClick in props: false

      at log (src/components/ui/Button.tsx:27:13)

    console.log
      [Button] All props: {}

      at log (src/components/ui/Button.tsx:28:13)

    console.log
      [Button] Rendering with type: submit

      at log (src/components/ui/Button.tsx:25:13)

    console.log
      [Button] Props received: {
        variant: 'primary',
        size: 'lg',
        type: 'submit',
        loading: false,
        disabled: false
      }

      at log (src/components/ui/Button.tsx:26:13)

    console.log
      [Button] Has onClick in props: false

      at log (src/components/ui/Button.tsx:27:13)

    console.log
      [Button] All props: {}

      at log (src/components/ui/Button.tsx:28:13)

    console.log
      [Button] Rendering with type: submit

      at log (src/components/ui/Button.tsx:25:13)

    console.log
      [Button] Props received: {
        variant: 'primary',
        size: 'lg',
        type: 'submit',
        loading: false,
        disabled: false
      }

      at log (src/components/ui/Button.tsx:26:13)

    console.log
      [Button] Has onClick in props: false

      at log (src/components/ui/Button.tsx:27:13)

    console.log
      [Button] All props: {}

      at log (src/components/ui/Button.tsx:28:13)

    console.log
      [Button] Rendering with type: submit

      at log (src/components/ui/Button.tsx:25:13)

    console.log
      [Button] Props received: {
        variant: 'primary',
        size: 'lg',
        type: 'submit',
        loading: false,
        disabled: false
      }

      at log (src/components/ui/Button.tsx:26:13)

    console.log
      [Button] Has onClick in props: false

      at log (src/components/ui/Button.tsx:27:13)

    console.log
      [Button] All props: {}

      at log (src/components/ui/Button.tsx:28:13)

    console.log
      [Button] Rendering with type: submit

      at log (src/components/ui/Button.tsx:25:13)

    console.log
      [Button] Props received: {
        variant: 'primary',
        size: 'lg',
        type: 'submit',
        loading: false,
        disabled: false
      }

      at log (src/components/ui/Button.tsx:26:13)

    console.log
      [Button] Has onClick in props: false

      at log (src/components/ui/Button.tsx:27:13)

    console.log
      [Button] All props: {}

      at log (src/components/ui/Button.tsx:28:13)

    console.log
      [Button] Rendering with type: submit

      at log (src/components/ui/Button.tsx:25:13)

    console.log
      [Button] Props received: {
        variant: 'primary',
        size: 'lg',
        type: 'submit',
        loading: false,
        disabled: false
      }

      at log (src/components/ui/Button.tsx:26:13)

    console.log
      [Button] Has onClick in props: false

      at log (src/components/ui/Button.tsx:27:13)

    console.log
      [Button] All props: {}

      at log (src/components/ui/Button.tsx:28:13)

    console.log
      [Button] Rendering with type: submit

      at log (src/components/ui/Button.tsx:25:13)

    console.log
      [Button] Props received: {
        variant: 'primary',
        size: 'lg',
        type: 'submit',
        loading: false,
        disabled: false
      }

      at log (src/components/ui/Button.tsx:26:13)

    console.log
      [Button] Has onClick in props: false

      at log (src/components/ui/Button.tsx:27:13)

    console.log
      [Button] All props: {}

      at log (src/components/ui/Button.tsx:28:13)

    console.log
      [Button] Rendering with type: submit

      at log (src/components/ui/Button.tsx:25:13)

    console.log
      [Button] Props received: {
        variant: 'primary',
        size: 'lg',
        type: 'submit',
        loading: false,
        disabled: false
      }

      at log (src/components/ui/Button.tsx:26:13)

    console.log
      [Button] Has onClick in props: false

      at log (src/components/ui/Button.tsx:27:13)

    console.log
      [Button] All props: {}

      at log (src/components/ui/Button.tsx:28:13)

    console.log
      [Button] Rendering with type: submit

      at log (src/components/ui/Button.tsx:25:13)

    console.log
      [Button] Props received: {
        variant: 'primary',
        size: 'lg',
        type: 'submit',
        loading: false,
        disabled: false
      }

      at log (src/components/ui/Button.tsx:26:13)

    console.log
      [Button] Has onClick in props: false

      at log (src/components/ui/Button.tsx:27:13)

    console.log
      [Button] All props: {}

      at log (src/components/ui/Button.tsx:28:13)

    console.log
      [Button] Rendering with type: submit

      at log (src/components/ui/Button.tsx:25:13)

    console.log
      [Button] Props received: {
        variant: 'primary',
        size: 'lg',
        type: 'submit',
        loading: false,
        disabled: false
      }

      at log (src/components/ui/Button.tsx:26:13)

    console.log
      [Button] Has onClick in props: false

      at log (src/components/ui/Button.tsx:27:13)

    console.log
      [Button] All props: {}

      at log (src/components/ui/Button.tsx:28:13)

    console.log
      [Button] Rendering with type: submit

      at log (src/components/ui/Button.tsx:25:13)

    console.log
      [Button] Props received: {
        variant: 'primary',
        size: 'lg',
        type: 'submit',
        loading: false,
        disabled: false
      }

      at log (src/components/ui/Button.tsx:26:13)

    console.log
      [Button] Has onClick in props: false

      at log (src/components/ui/Button.tsx:27:13)

    console.log
      [Button] All props: {}

      at log (src/components/ui/Button.tsx:28:13)

    console.log
      [Button] Rendering with type: submit

      at log (src/components/ui/Button.tsx:25:13)

    console.log
      [Button] Props received: {
        variant: 'primary',
        size: 'lg',
        type: 'submit',
        loading: false,
        disabled: false
      }

      at log (src/components/ui/Button.tsx:26:13)

    console.log
      [Button] Has onClick in props: false

      at log (src/components/ui/Button.tsx:27:13)

    console.log
      [Button] All props: {}

      at log (src/components/ui/Button.tsx:28:13)

    console.log
      [Button] Rendering with type: submit

      at log (src/components/ui/Button.tsx:25:13)

    console.log
      [Button] Props received: {
        variant: 'primary',
        size: 'lg',
        type: 'submit',
        loading: false,
        disabled: false
      }

      at log (src/components/ui/Button.tsx:26:13)

    console.log
      [Button] Has onClick in props: false

      at log (src/components/ui/Button.tsx:27:13)

    console.log
      [Button] All props: {}

      at log (src/components/ui/Button.tsx:28:13)

    console.log
      [Button] Rendering with type: submit

      at log (src/components/ui/Button.tsx:25:13)

    console.log
      [Button] Props received: {
        variant: 'primary',
        size: 'lg',
        type: 'submit',
        loading: false,
        disabled: false
      }

      at log (src/components/ui/Button.tsx:26:13)

    console.log
      [Button] Has onClick in props: false

      at log (src/components/ui/Button.tsx:27:13)

    console.log
      [Button] All props: {}

      at log (src/components/ui/Button.tsx:28:13)

    console.log
      [Button] Rendering with type: submit

      at log (src/components/ui/Button.tsx:25:13)

    console.log
      [Button] Props received: {
        variant: 'primary',
        size: 'lg',
        type: 'submit',
        loading: false,
        disabled: false
      }

      at log (src/components/ui/Button.tsx:26:13)

    console.log
      [Button] Has onClick in props: false

      at log (src/components/ui/Button.tsx:27:13)

    console.log
      [Button] All props: {}

      at log (src/components/ui/Button.tsx:28:13)

    console.log
      [Button] Rendering with type: submit

      at log (src/components/ui/Button.tsx:25:13)

    console.log
      [Button] Props received: {
        variant: 'primary',
        size: 'lg',
        type: 'submit',
        loading: false,
        disabled: false
      }

      at log (src/components/ui/Button.tsx:26:13)

    console.log
      [Button] Has onClick in props: false

      at log (src/components/ui/Button.tsx:27:13)

    console.log
      [Button] All props: {}

      at log (src/components/ui/Button.tsx:28:13)

    console.log
      [Button] Rendering with type: submit

      at log (src/components/ui/Button.tsx:25:13)

    console.log
      [Button] Props received: {
        variant: 'primary',
        size: 'lg',
        type: 'submit',
        loading: false,
        disabled: false
      }

      at log (src/components/ui/Button.tsx:26:13)

    console.log
      [Button] Has onClick in props: false

      at log (src/components/ui/Button.tsx:27:13)

    console.log
      [Button] All props: {}

      at log (src/components/ui/Button.tsx:28:13)

    console.log
      [Button] Rendering with type: submit

      at log (src/components/ui/Button.tsx:25:13)

    console.log
      [Button] Props received: {
        variant: 'primary',
        size: 'lg',
        type: 'submit',
        loading: false,
        disabled: false
      }

      at log (src/components/ui/Button.tsx:26:13)

    console.log
      [Button] Has onClick in props: false

      at log (src/components/ui/Button.tsx:27:13)

    console.log
      [Button] All props: {}

      at log (src/components/ui/Button.tsx:28:13)

    console.log
      [Button] Rendering with type: submit

      at log (src/components/ui/Button.tsx:25:13)

    console.log
      [Button] Props received: {
        variant: 'primary',
        size: 'lg',
        type: 'submit',
        loading: false,
        disabled: false
      }

      at log (src/components/ui/Button.tsx:26:13)

    console.log
      [Button] Has onClick in props: false

      at log (src/components/ui/Button.tsx:27:13)

    console.log
      [Button] All props: {}

      at log (src/components/ui/Button.tsx:28:13)

    console.log
      [Button] Rendering with type: submit

      at log (src/components/ui/Button.tsx:25:13)

    console.log
      [Button] Props received: {
        variant: 'primary',
        size: 'lg',
        type: 'submit',
        loading: false,
        disabled: false
      }

      at log (src/components/ui/Button.tsx:26:13)

    console.log
      [Button] Has onClick in props: false

      at log (src/components/ui/Button.tsx:27:13)

    console.log
      [Button] All props: {}

      at log (src/components/ui/Button.tsx:28:13)

    console.log
      [Button] Rendering with type: submit

      at log (src/components/ui/Button.tsx:25:13)

    console.log
      [Button] Props received: {
        variant: 'primary',
        size: 'lg',
        type: 'submit',
        loading: false,
        disabled: false
      }

      at log (src/components/ui/Button.tsx:26:13)

    console.log
      [Button] Has onClick in props: false

      at log (src/components/ui/Button.tsx:27:13)

    console.log
      [Button] All props: {}

      at log (src/components/ui/Button.tsx:28:13)

    console.log
      [Button] Rendering with type: submit

      at log (src/components/ui/Button.tsx:25:13)

    console.log
      [Button] Props received: {
        variant: 'primary',
        size: 'lg',
        type: 'submit',
        loading: false,
        disabled: false
      }

      at log (src/components/ui/Button.tsx:26:13)

    console.log
      [Button] Has onClick in props: false

      at log (src/components/ui/Button.tsx:27:13)

    console.log
      [Button] All props: {}

      at log (src/components/ui/Button.tsx:28:13)

    console.log
      [Button] Rendering with type: submit

      at log (src/components/ui/Button.tsx:25:13)

    console.log
      [Button] Props received: {
        variant: 'primary',
        size: 'lg',
        type: 'submit',
        loading: false,
        disabled: false
      }

      at log (src/components/ui/Button.tsx:26:13)

    console.log
      [Button] Has onClick in props: false

      at log (src/components/ui/Button.tsx:27:13)

    console.log
      [Button] All props: {}

      at log (src/components/ui/Button.tsx:28:13)

    console.log
      [Button] Rendering with type: submit

      at log (src/components/ui/Button.tsx:25:13)

    console.log
      [Button] Props received: {
        variant: 'primary',
        size: 'lg',
        type: 'submit',
        loading: false,
        disabled: false
      }

      at log (src/components/ui/Button.tsx:26:13)

    console.log
      [Button] Has onClick in props: false

      at log (src/components/ui/Button.tsx:27:13)

    console.log
      [Button] All props: {}

      at log (src/components/ui/Button.tsx:28:13)

    console.log
      [Button] Rendering with type: submit

      at log (src/components/ui/Button.tsx:25:13)

    console.log
      [Button] Props received: {
        variant: 'primary',
        size: 'lg',
        type: 'submit',
        loading: false,
        disabled: false
      }

      at log (src/components/ui/Button.tsx:26:13)

    console.log
      [Button] Has onClick in props: false

      at log (src/components/ui/Button.tsx:27:13)

    console.log
      [Button] All props: {}

      at log (src/components/ui/Button.tsx:28:13)

    console.log
      [Button] Rendering with type: submit

      at log (src/components/ui/Button.tsx:25:13)

    console.log
      [Button] Props received: {
        variant: 'primary',
        size: 'lg',
        type: 'submit',
        loading: false,
        disabled: false
      }

      at log (src/components/ui/Button.tsx:26:13)

    console.log
      [Button] Has onClick in props: false

      at log (src/components/ui/Button.tsx:27:13)

    console.log
      [Button] All props: {}

      at log (src/components/ui/Button.tsx:28:13)

    console.log
      [Button] Rendering with type: submit

      at log (src/components/ui/Button.tsx:25:13)

    console.log
      [Button] Props received: {
        variant: 'primary',
        size: 'lg',
        type: 'submit',
        loading: false,
        disabled: false
      }

      at log (src/components/ui/Button.tsx:26:13)

    console.log
      [Button] Has onClick in props: false

      at log (src/components/ui/Button.tsx:27:13)

    console.log
      [Button] All props: {}

      at log (src/components/ui/Button.tsx:28:13)

    console.log
      [Button] Rendering with type: submit

      at log (src/components/ui/Button.tsx:25:13)

    console.log
      [Button] Props received: {
        variant: 'primary',
        size: 'lg',
        type: 'submit',
        loading: false,
        disabled: false
      }

      at log (src/components/ui/Button.tsx:26:13)

    console.log
      [Button] Has onClick in props: false

      at log (src/components/ui/Button.tsx:27:13)

    console.log
      [Button] All props: {}

      at log (src/components/ui/Button.tsx:28:13)

    console.log
      [Button] Rendering with type: submit

      at log (src/components/ui/Button.tsx:25:13)

    console.log
      [Button] Props received: {
        variant: 'primary',
        size: 'lg',
        type: 'submit',
        loading: false,
        disabled: false
      }

      at log (src/components/ui/Button.tsx:26:13)

    console.log
      [Button] Has onClick in props: false

      at log (src/components/ui/Button.tsx:27:13)

    console.log
      [Button] All props: {}

      at log (src/components/ui/Button.tsx:28:13)

    console.log
      [Button] Rendering with type: submit

      at log (src/components/ui/Button.tsx:25:13)

    console.log
      [Button] Props received: {
        variant: 'primary',
        size: 'lg',
        type: 'submit',
        loading: false,
        disabled: false
      }

      at log (src/components/ui/Button.tsx:26:13)

    console.log
      [Button] Has onClick in props: false

      at log (src/components/ui/Button.tsx:27:13)

    console.log
      [Button] All props: {}

      at log (src/components/ui/Button.tsx:28:13)

    console.log
      [Button] Rendering with type: submit

      at log (src/components/ui/Button.tsx:25:13)

    console.log
      [Button] Props received: {
        variant: 'primary',
        size: 'lg',
        type: 'submit',
        loading: false,
        disabled: false
      }

      at log (src/components/ui/Button.tsx:26:13)

    console.log
      [Button] Has onClick in props: false

      at log (src/components/ui/Button.tsx:27:13)

    console.log
      [Button] All props: {}

      at log (src/components/ui/Button.tsx:28:13)

    console.log
      [Button] Rendering with type: submit

      at log (src/components/ui/Button.tsx:25:13)

    console.log
      [Button] Props received: {
        variant: 'primary',
        size: 'lg',
        type: 'submit',
        loading: false,
        disabled: false
      }

      at log (src/components/ui/Button.tsx:26:13)

    console.log
      [Button] Has onClick in props: false

      at log (src/components/ui/Button.tsx:27:13)

    console.log
      [Button] All props: {}

      at log (src/components/ui/Button.tsx:28:13)

    console.log
      [Button] Rendering with type: submit

      at log (src/components/ui/Button.tsx:25:13)

    console.log
      [Button] Props received: {
        variant: 'primary',
        size: 'lg',
        type: 'submit',
        loading: false,
        disabled: false
      }

      at log (src/components/ui/Button.tsx:26:13)

    console.log
      [Button] Has onClick in props: false

      at log (src/components/ui/Button.tsx:27:13)

    console.log
      [Button] All props: {}

      at log (src/components/ui/Button.tsx:28:13)

    console.log
      [Button] Rendering with type: submit

      at log (src/components/ui/Button.tsx:25:13)

    console.log
      [Button] Props received: {
        variant: 'primary',
        size: 'lg',
        type: 'submit',
        loading: false,
        disabled: false
      }

      at log (src/components/ui/Button.tsx:26:13)

    console.log
      [Button] Has onClick in props: false

      at log (src/components/ui/Button.tsx:27:13)

    console.log
      [Button] All props: {}

      at log (src/components/ui/Button.tsx:28:13)

    console.log
      [Button] Rendering with type: submit

      at log (src/components/ui/Button.tsx:25:13)

    console.log
      [Button] Props received: {
        variant: 'primary',
        size: 'lg',
        type: 'submit',
        loading: false,
        disabled: false
      }

      at log (src/components/ui/Button.tsx:26:13)

    console.log
      [Button] Has onClick in props: false

      at log (src/components/ui/Button.tsx:27:13)

    console.log
      [Button] All props: {}

      at log (src/components/ui/Button.tsx:28:13)

    console.log
      [Button] Rendering with type: submit

      at log (src/components/ui/Button.tsx:25:13)

    console.log
      [Button] Props received: {
        variant: 'primary',
        size: 'lg',
        type: 'submit',
        loading: false,
        disabled: false
      }

      at log (src/components/ui/Button.tsx:26:13)

    console.log
      [Button] Has onClick in props: false

      at log (src/components/ui/Button.tsx:27:13)

    console.log
      [Button] All props: {}

      at log (src/components/ui/Button.tsx:28:13)

    console.log
      [Button] Rendering with type: submit

      at log (src/components/ui/Button.tsx:25:13)

    console.log
      [Button] Props received: {
        variant: 'primary',
        size: 'lg',
        type: 'submit',
        loading: false,
        disabled: false
      }

      at log (src/components/ui/Button.tsx:26:13)

    console.log
      [Button] Has onClick in props: false

      at log (src/components/ui/Button.tsx:27:13)

    console.log
      [Button] All props: {}

      at log (src/components/ui/Button.tsx:28:13)

    console.log
      [Button] Rendering with type: submit

      at log (src/components/ui/Button.tsx:25:13)

    console.log
      [Button] Props received: {
        variant: 'primary',
        size: 'lg',
        type: 'submit',
        loading: false,
        disabled: false
      }

      at log (src/components/ui/Button.tsx:26:13)

    console.log
      [Button] Has onClick in props: false

      at log (src/components/ui/Button.tsx:27:13)

    console.log
      [Button] All props: {}

      at log (src/components/ui/Button.tsx:28:13)

    console.log
      [Button] Rendering with type: submit

      at log (src/components/ui/Button.tsx:25:13)

    console.log
      [Button] Props received: {
        variant: 'primary',
        size: 'lg',
        type: 'submit',
        loading: false,
        disabled: false
      }

      at log (src/components/ui/Button.tsx:26:13)

    console.log
      [Button] Has onClick in props: false

      at log (src/components/ui/Button.tsx:27:13)

    console.log
      [Button] All props: {}

      at log (src/components/ui/Button.tsx:28:13)

    console.log
      [Button] Rendering with type: submit

      at log (src/components/ui/Button.tsx:25:13)

    console.log
      [Button] Props received: {
        variant: 'primary',
        size: 'lg',
        type: 'submit',
        loading: false,
        disabled: false
      }

      at log (src/components/ui/Button.tsx:26:13)

    console.log
      [Button] Has onClick in props: false

      at log (src/components/ui/Button.tsx:27:13)

    console.log
      [Button] All props: {}

      at log (src/components/ui/Button.tsx:28:13)

    console.log
      [Button] Rendering with type: submit

      at log (src/components/ui/Button.tsx:25:13)

    console.log
      [Button] Props received: {
        variant: 'primary',
        size: 'lg',
        type: 'submit',
        loading: false,
        disabled: false
      }

      at log (src/components/ui/Button.tsx:26:13)

    console.log
      [Button] Has onClick in props: false

      at log (src/components/ui/Button.tsx:27:13)

    console.log
      [Button] All props: {}

      at log (src/components/ui/Button.tsx:28:13)

    console.log
      [Button] Rendering with type: submit

      at log (src/components/ui/Button.tsx:25:13)

    console.log
      [Button] Props received: {
        variant: 'primary',
        size: 'lg',
        type: 'submit',
        loading: false,
        disabled: false
      }

      at log (src/components/ui/Button.tsx:26:13)

    console.log
      [Button] Has onClick in props: false

      at log (src/components/ui/Button.tsx:27:13)

    console.log
      [Button] All props: {}

      at log (src/components/ui/Button.tsx:28:13)

    console.log
      [Button] Rendering with type: submit

      at log (src/components/ui/Button.tsx:25:13)

    console.log
      [Button] Props received: {
        variant: 'primary',
        size: 'lg',
        type: 'submit',
        loading: false,
        disabled: false
      }

      at log (src/components/ui/Button.tsx:26:13)

    console.log
      [Button] Has onClick in props: false

      at log (src/components/ui/Button.tsx:27:13)

    console.log
      [Button] All props: {}

      at log (src/components/ui/Button.tsx:28:13)

    console.log
      [Button] Rendering with type: submit

      at log (src/components/ui/Button.tsx:25:13)

    console.log
      [Button] Props received: {
        variant: 'primary',
        size: 'lg',
        type: 'submit',
        loading: false,
        disabled: false
      }

      at log (src/components/ui/Button.tsx:26:13)

    console.log
      [Button] Has onClick in props: false

      at log (src/components/ui/Button.tsx:27:13)

    console.log
      [Button] All props: {}

      at log (src/components/ui/Button.tsx:28:13)

    console.log
      [Button] Rendering with type: submit

      at log (src/components/ui/Button.tsx:25:13)

    console.log
      [Button] Props received: {
        variant: 'primary',
        size: 'lg',
        type: 'submit',
        loading: false,
        disabled: false
      }

      at log (src/components/ui/Button.tsx:26:13)

    console.log
      [Button] Has onClick in props: false

      at log (src/components/ui/Button.tsx:27:13)

    console.log
      [Button] All props: {}

      at log (src/components/ui/Button.tsx:28:13)

    console.log
      [Button] Rendering with type: submit

      at log (src/components/ui/Button.tsx:25:13)

    console.log
      [Button] Props received: {
        variant: 'primary',
        size: 'lg',
        type: 'submit',
        loading: false,
        disabled: false
      }

      at log (src/components/ui/Button.tsx:26:13)

    console.log
      [Button] Has onClick in props: false

      at log (src/components/ui/Button.tsx:27:13)

    console.log
      [Button] All props: {}

      at log (src/components/ui/Button.tsx:28:13)

    console.log
      [Button] Rendering with type: submit

      at log (src/components/ui/Button.tsx:25:13)

    console.log
      [Button] Props received: {
        variant: 'primary',
        size: 'lg',
        type: 'submit',
        loading: false,
        disabled: false
      }

      at log (src/components/ui/Button.tsx:26:13)

    console.log
      [Button] Has onClick in props: false

      at log (src/components/ui/Button.tsx:27:13)

    console.log
      [Button] All props: {}

      at log (src/components/ui/Button.tsx:28:13)

    console.log
      [Button] Rendering with type: submit

      at log (src/components/ui/Button.tsx:25:13)

    console.log
      [Button] Props received: {
        variant: 'primary',
        size: 'lg',
        type: 'submit',
        loading: false,
        disabled: false
      }

      at log (src/components/ui/Button.tsx:26:13)

    console.log
      [Button] Has onClick in props: false

      at log (src/components/ui/Button.tsx:27:13)

    console.log
      [Button] All props: {}

      at log (src/components/ui/Button.tsx:28:13)

    console.log
      [Button] Rendering with type: submit

      at log (src/components/ui/Button.tsx:25:13)

    console.log
      [Button] Props received: {
        variant: 'primary',
        size: 'lg',
        type: 'submit',
        loading: false,
        disabled: false
      }

      at log (src/components/ui/Button.tsx:26:13)

    console.log
      [Button] Has onClick in props: false

      at log (src/components/ui/Button.tsx:27:13)

    console.log
      [Button] All props: {}

      at log (src/components/ui/Button.tsx:28:13)

    console.log
      [Button] Rendering with type: submit

      at log (src/components/ui/Button.tsx:25:13)

    console.log
      [Button] Props received: {
        variant: 'primary',
        size: 'lg',
        type: 'submit',
        loading: false,
        disabled: false
      }

      at log (src/components/ui/Button.tsx:26:13)

    console.log
      [Button] Has onClick in props: false

      at log (src/components/ui/Button.tsx:27:13)

    console.log
      [Button] All props: {}

      at log (src/components/ui/Button.tsx:28:13)

    console.log
      [Button] Rendering with type: submit

      at log (src/components/ui/Button.tsx:25:13)

    console.log
      [Button] Props received: {
        variant: 'primary',
        size: 'lg',
        type: 'submit',
        loading: false,
        disabled: false
      }

      at log (src/components/ui/Button.tsx:26:13)

    console.log
      [Button] Has onClick in props: false

      at log (src/components/ui/Button.tsx:27:13)

    console.log
      [Button] All props: {}

      at log (src/components/ui/Button.tsx:28:13)

    console.log
      [Button] Rendering with type: submit

      at log (src/components/ui/Button.tsx:25:13)

    console.log
      [Button] Props received: {
        variant: 'primary',
        size: 'lg',
        type: 'submit',
        loading: false,
        disabled: false
      }

      at log (src/components/ui/Button.tsx:26:13)

    console.log
      [Button] Has onClick in props: false

      at log (src/components/ui/Button.tsx:27:13)

    console.log
      [Button] All props: {}

      at log (src/components/ui/Button.tsx:28:13)

    console.log
      [Button] Rendering with type: submit

      at log (src/components/ui/Button.tsx:25:13)

    console.log
      [Button] Props received: {
        variant: 'primary',
        size: 'lg',
        type: 'submit',
        loading: false,
        disabled: false
      }

      at log (src/components/ui/Button.tsx:26:13)

    console.log
      [Button] Has onClick in props: false

      at log (src/components/ui/Button.tsx:27:13)

    console.log
      [Button] All props: {}

      at log (src/components/ui/Button.tsx:28:13)

    console.log
      [Button] Rendering with type: submit

      at log (src/components/ui/Button.tsx:25:13)

    console.log
      [Button] Props received: {
        variant: 'primary',
        size: 'lg',
        type: 'submit',
        loading: false,
        disabled: false
      }

      at log (src/components/ui/Button.tsx:26:13)

    console.log
      [Button] Has onClick in props: false

      at log (src/components/ui/Button.tsx:27:13)

    console.log
      [Button] All props: {}

      at log (src/components/ui/Button.tsx:28:13)

    console.log
      [Button] Rendering with type: submit

      at log (src/components/ui/Button.tsx:25:13)

    console.log
      [Button] Props received: {
        variant: 'primary',
        size: 'lg',
        type: 'submit',
        loading: false,
        disabled: false
      }

      at log (src/components/ui/Button.tsx:26:13)

    console.log
      [Button] Has onClick in props: false

      at log (src/components/ui/Button.tsx:27:13)

    console.log
      [Button] All props: {}

      at log (src/components/ui/Button.tsx:28:13)

    console.log
      [Button] Rendering with type: submit

      at log (src/components/ui/Button.tsx:25:13)

    console.log
      [Button] Props received: {
        variant: 'primary',
        size: 'lg',
        type: 'submit',
        loading: false,
        disabled: false
      }

      at log (src/components/ui/Button.tsx:26:13)

    console.log
      [Button] Has onClick in props: false

      at log (src/components/ui/Button.tsx:27:13)

    console.log
      [Button] All props: {}

      at log (src/components/ui/Button.tsx:28:13)

    console.log
      [Button] Rendering with type: submit

      at log (src/components/ui/Button.tsx:25:13)

    console.log
      [Button] Props received: {
        variant: 'primary',
        size: 'lg',
        type: 'submit',
        loading: false,
        disabled: false
      }

      at log (src/components/ui/Button.tsx:26:13)

    console.log
      [Button] Has onClick in props: false

      at log (src/components/ui/Button.tsx:27:13)

    console.log
      [Button] All props: {}

      at log (src/components/ui/Button.tsx:28:13)

    console.log
      [Button] Rendering with type: submit

      at log (src/components/ui/Button.tsx:25:13)

    console.log
      [Button] Props received: {
        variant: 'primary',
        size: 'lg',
        type: 'submit',
        loading: false,
        disabled: false
      }

      at log (src/components/ui/Button.tsx:26:13)

    console.log
      [Button] Has onClick in props: false

      at log (src/components/ui/Button.tsx:27:13)

    console.log
      [Button] All props: {}

      at log (src/components/ui/Button.tsx:28:13)

    console.log
      [Button] Rendering with type: submit

      at log (src/components/ui/Button.tsx:25:13)

    console.log
      [Button] Props received: {
        variant: 'primary',
        size: 'lg',
        type: 'submit',
        loading: false,
        disabled: false
      }

      at log (src/components/ui/Button.tsx:26:13)

    console.log
      [Button] Has onClick in props: false

      at log (src/components/ui/Button.tsx:27:13)

    console.log
      [Button] All props: {}

      at log (src/components/ui/Button.tsx:28:13)

    console.log
      [Button] Rendering with type: submit

      at log (src/components/ui/Button.tsx:25:13)

    console.log
      [Button] Props received: {
        variant: 'primary',
        size: 'lg',
        type: 'submit',
        loading: false,
        disabled: false
      }

      at log (src/components/ui/Button.tsx:26:13)

    console.log
      [Button] Has onClick in props: false

      at log (src/components/ui/Button.tsx:27:13)

    console.log
      [Button] All props: {}

      at log (src/components/ui/Button.tsx:28:13)

    console.log
      [Button] Rendering with type: submit

      at log (src/components/ui/Button.tsx:25:13)

    console.log
      [Button] Props received: {
        variant: 'primary',
        size: 'lg',
        type: 'submit',
        loading: false,
        disabled: false
      }

      at log (src/components/ui/Button.tsx:26:13)

    console.log
      [Button] Has onClick in props: false

      at log (src/components/ui/Button.tsx:27:13)

    console.log
      [Button] All props: {}

      at log (src/components/ui/Button.tsx:28:13)

    console.log
      [Button] Rendering with type: submit

      at log (src/components/ui/Button.tsx:25:13)

    console.log
      [Button] Props received: {
        variant: 'primary',
        size: 'lg',
        type: 'submit',
        loading: false,
        disabled: false
      }

      at log (src/components/ui/Button.tsx:26:13)

    console.log
      [Button] Has onClick in props: false

      at log (src/components/ui/Button.tsx:27:13)

    console.log
      [Button] All props: {}

      at log (src/components/ui/Button.tsx:28:13)

    console.log
      [Button] Rendering with type: submit

      at log (src/components/ui/Button.tsx:25:13)

    console.log
      [Button] Props received: {
        variant: 'primary',
        size: 'lg',
        type: 'submit',
        loading: false,
        disabled: false
      }

      at log (src/components/ui/Button.tsx:26:13)

    console.log
      [Button] Has onClick in props: false

      at log (src/components/ui/Button.tsx:27:13)

    console.log
      [Button] All props: {}

      at log (src/components/ui/Button.tsx:28:13)

    console.log
      [Button] Rendering with type: submit

      at log (src/components/ui/Button.tsx:25:13)

    console.log
      [Button] Props received: {
        variant: 'primary',
        size: 'lg',
        type: 'submit',
        loading: false,
        disabled: false
      }

      at log (src/components/ui/Button.tsx:26:13)

    console.log
      [Button] Has onClick in props: false

      at log (src/components/ui/Button.tsx:27:13)

    console.log
      [Button] All props: {}

      at log (src/components/ui/Button.tsx:28:13)

    console.log
      [Button] Rendering with type: submit

      at log (src/components/ui/Button.tsx:25:13)

    console.log
      [Button] Props received: {
        variant: 'primary',
        size: 'lg',
        type: 'submit',
        loading: false,
        disabled: false
      }

      at log (src/components/ui/Button.tsx:26:13)

    console.log
      [Button] Has onClick in props: false

      at log (src/components/ui/Button.tsx:27:13)

    console.log
      [Button] All props: {}

      at log (src/components/ui/Button.tsx:28:13)

    console.log
      [Button] Rendering with type: submit

      at log (src/components/ui/Button.tsx:25:13)

    console.log
      [Button] Props received: {
        variant: 'primary',
        size: 'lg',
        type: 'submit',
        loading: false,
        disabled: false
      }

      at log (src/components/ui/Button.tsx:26:13)

    console.log
      [Button] Has onClick in props: false

      at log (src/components/ui/Button.tsx:27:13)

    console.log
      [Button] All props: {}

      at log (src/components/ui/Button.tsx:28:13)

    console.log
      [Button] Rendering with type: submit

      at log (src/components/ui/Button.tsx:25:13)

    console.log
      [Button] Props received: {
        variant: 'primary',
        size: 'lg',
        type: 'submit',
        loading: false,
        disabled: false
      }

      at log (src/components/ui/Button.tsx:26:13)

    console.log
      [Button] Has onClick in props: false

      at log (src/components/ui/Button.tsx:27:13)

    console.log
      [Button] All props: {}

      at log (src/components/ui/Button.tsx:28:13)

    console.log
      [Button] Rendering with type: submit

      at log (src/components/ui/Button.tsx:25:13)

    console.log
      [Button] Props received: {
        variant: 'primary',
        size: 'lg',
        type: 'submit',
        loading: false,
        disabled: false
      }

      at log (src/components/ui/Button.tsx:26:13)

    console.log
      [Button] Has onClick in props: false

      at log (src/components/ui/Button.tsx:27:13)

    console.log
      [Button] All props: {}

      at log (src/components/ui/Button.tsx:28:13)

    console.log
      [Button] Rendering with type: submit

      at log (src/components/ui/Button.tsx:25:13)

    console.log
      [Button] Props received: {
        variant: 'primary',
        size: 'lg',
        type: 'submit',
        loading: false,
        disabled: false
      }

      at log (src/components/ui/Button.tsx:26:13)

    console.log
      [Button] Has onClick in props: false

      at log (src/components/ui/Button.tsx:27:13)

    console.log
      [Button] All props: {}

      at log (src/components/ui/Button.tsx:28:13)

    console.log
      [Button] Rendering with type: submit

      at log (src/components/ui/Button.tsx:25:13)

    console.log
      [Button] Props received: {
        variant: 'primary',
        size: 'lg',
        type: 'submit',
        loading: false,
        disabled: false
      }

      at log (src/components/ui/Button.tsx:26:13)

    console.log
      [Button] Has onClick in props: false

      at log (src/components/ui/Button.tsx:27:13)

    console.log
      [Button] All props: {}

      at log (src/components/ui/Button.tsx:28:13)

    console.log
      [Button] Rendering with type: submit

      at log (src/components/ui/Button.tsx:25:13)

    console.log
      [Button] Props received: {
        variant: 'primary',
        size: 'lg',
        type: 'submit',
        loading: false,
        disabled: false
      }

      at log (src/components/ui/Button.tsx:26:13)

    console.log
      [Button] Has onClick in props: false

      at log (src/components/ui/Button.tsx:27:13)

    console.log
      [Button] All props: {}

      at log (src/components/ui/Button.tsx:28:13)

    console.log
      [Button] Rendering with type: submit

      at log (src/components/ui/Button.tsx:25:13)

    console.log
      [Button] Props received: {
        variant: 'primary',
        size: 'lg',
        type: 'submit',
        loading: false,
        disabled: false
      }

      at log (src/components/ui/Button.tsx:26:13)

    console.log
      [Button] Has onClick in props: false

      at log (src/components/ui/Button.tsx:27:13)

    console.log
      [Button] All props: {}

      at log (src/components/ui/Button.tsx:28:13)

    console.log
      [Button] Rendering with type: submit

      at log (src/components/ui/Button.tsx:25:13)

    console.log
      [Button] Props received: {
        variant: 'primary',
        size: 'lg',
        type: 'submit',
        loading: false,
        disabled: false
      }

      at log (src/components/ui/Button.tsx:26:13)

    console.log
      [Button] Has onClick in props: false

      at log (src/components/ui/Button.tsx:27:13)

    console.log
      [Button] All props: {}

      at log (src/components/ui/Button.tsx:28:13)

    console.log
      [Button] Rendering with type: submit

      at log (src/components/ui/Button.tsx:25:13)

    console.log
      [Button] Props received: {
        variant: 'primary',
        size: 'lg',
        type: 'submit',
        loading: false,
        disabled: false
      }

      at log (src/components/ui/Button.tsx:26:13)

    console.log
      [Button] Has onClick in props: false

      at log (src/components/ui/Button.tsx:27:13)

    console.log
      [Button] All props: {}

      at log (src/components/ui/Button.tsx:28:13)

    console.log
      [Button] Rendering with type: submit

      at log (src/components/ui/Button.tsx:25:13)

    console.log
      [Button] Props received: {
        variant: 'primary',
        size: 'lg',
        type: 'submit',
        loading: false,
        disabled: false
      }

      at log (src/components/ui/Button.tsx:26:13)

    console.log
      [Button] Has onClick in props: false

      at log (src/components/ui/Button.tsx:27:13)

    console.log
      [Button] All props: {}

      at log (src/components/ui/Button.tsx:28:13)

    console.log
      [Button] Rendering with type: submit

      at log (src/components/ui/Button.tsx:25:13)

    console.log
      [Button] Props received: {
        variant: 'primary',
        size: 'lg',
        type: 'submit',
        loading: false,
        disabled: false
      }

      at log (src/components/ui/Button.tsx:26:13)

    console.log
      [Button] Has onClick in props: false

      at log (src/components/ui/Button.tsx:27:13)

    console.log
      [Button] All props: {}

      at log (src/components/ui/Button.tsx:28:13)

    console.log
      [Button] Rendering with type: submit

      at log (src/components/ui/Button.tsx:25:13)

    console.log
      [Button] Props received: {
        variant: 'primary',
        size: 'lg',
        type: 'submit',
        loading: false,
        disabled: false
      }

      at log (src/components/ui/Button.tsx:26:13)

    console.log
      [Button] Has onClick in props: false

      at log (src/components/ui/Button.tsx:27:13)

    console.log
      [Button] All props: {}

      at log (src/components/ui/Button.tsx:28:13)

    console.log
      [Button] Rendering with type: submit

      at log (src/components/ui/Button.tsx:25:13)

    console.log
      [Button] Props received: {
        variant: 'primary',
        size: 'lg',
        type: 'submit',
        loading: false,
        disabled: false
      }

      at log (src/components/ui/Button.tsx:26:13)

    console.log
      [Button] Has onClick in props: false

      at log (src/components/ui/Button.tsx:27:13)

    console.log
      [Button] All props: {}

      at log (src/components/ui/Button.tsx:28:13)

    console.log
      [Button] Rendering with type: submit

      at log (src/components/ui/Button.tsx:25:13)

    console.log
      [Button] Props received: {
        variant: 'primary',
        size: 'lg',
        type: 'submit',
        loading: false,
        disabled: false
      }

      at log (src/components/ui/Button.tsx:26:13)

    console.log
      [Button] Has onClick in props: false

      at log (src/components/ui/Button.tsx:27:13)

    console.log
      [Button] All props: {}

      at log (src/components/ui/Button.tsx:28:13)

    console.log
      [Button] Rendering with type: submit

      at log (src/components/ui/Button.tsx:25:13)

    console.log
      [Button] Props received: {
        variant: 'primary',
        size: 'lg',
        type: 'submit',
        loading: false,
        disabled: false
      }

      at log (src/components/ui/Button.tsx:26:13)

    console.log
      [Button] Has onClick in props: false

      at log (src/components/ui/Button.tsx:27:13)

    console.log
      [Button] All props: {}

      at log (src/components/ui/Button.tsx:28:13)

    console.log
      [Button] Rendering with type: submit

      at log (src/components/ui/Button.tsx:25:13)

    console.log
      [Button] Props received: {
        variant: 'primary',
        size: 'lg',
        type: 'submit',
        loading: false,
        disabled: false
      }

      at log (src/components/ui/Button.tsx:26:13)

    console.log
      [Button] Has onClick in props: false

      at log (src/components/ui/Button.tsx:27:13)

    console.log
      [Button] All props: {}

      at log (src/components/ui/Button.tsx:28:13)

    console.log
      [Button] Rendering with type: submit

      at log (src/components/ui/Button.tsx:25:13)

    console.log
      [Button] Props received: {
        variant: 'primary',
        size: 'lg',
        type: 'submit',
        loading: false,
        disabled: false
      }

      at log (src/components/ui/Button.tsx:26:13)

    console.log
      [Button] Has onClick in props: false

      at log (src/components/ui/Button.tsx:27:13)

    console.log
      [Button] All props: {}

      at log (src/components/ui/Button.tsx:28:13)

    console.log
      [Button] Rendering with type: submit

      at log (src/components/ui/Button.tsx:25:13)

    console.log
      [Button] Props received: {
        variant: 'primary',
        size: 'lg',
        type: 'submit',
        loading: false,
        disabled: false
      }

      at log (src/components/ui/Button.tsx:26:13)

    console.log
      [Button] Has onClick in props: false

      at log (src/components/ui/Button.tsx:27:13)

    console.log
      [Button] All props: {}

      at log (src/components/ui/Button.tsx:28:13)

    console.log
      [Button] Rendering with type: submit

      at log (src/components/ui/Button.tsx:25:13)

    console.log
      [Button] Props received: {
        variant: 'primary',
        size: 'lg',
        type: 'submit',
        loading: false,
        disabled: false
      }

      at log (src/components/ui/Button.tsx:26:13)

    console.log
      [Button] Has onClick in props: false

      at log (src/components/ui/Button.tsx:27:13)

    console.log
      [Button] All props: {}

      at log (src/components/ui/Button.tsx:28:13)

    console.log
      [Button] Rendering with type: submit

      at log (src/components/ui/Button.tsx:25:13)

    console.log
      [Button] Props received: {
        variant: 'primary',
        size: 'lg',
        type: 'submit',
        loading: false,
        disabled: false
      }

      at log (src/components/ui/Button.tsx:26:13)

    console.log
      [Button] Has onClick in props: false

      at log (src/components/ui/Button.tsx:27:13)

    console.log
      [Button] All props: {}

      at log (src/components/ui/Button.tsx:28:13)

    console.log
      [Button] Rendering with type: submit

      at log (src/components/ui/Button.tsx:25:13)

    console.log
      [Button] Props received: {
        variant: 'primary',
        size: 'lg',
        type: 'submit',
        loading: false,
        disabled: false
      }

      at log (src/components/ui/Button.tsx:26:13)

    console.log
      [Button] Has onClick in props: false

      at log (src/components/ui/Button.tsx:27:13)

    console.log
      [Button] All props: {}

      at log (src/components/ui/Button.tsx:28:13)

    console.log
      [Button] Rendering with type: submit

      at log (src/components/ui/Button.tsx:25:13)

    console.log
      [Button] Props received: {
        variant: 'primary',
        size: 'lg',
        type: 'submit',
        loading: false,
        disabled: false
      }

      at log (src/components/ui/Button.tsx:26:13)

    console.log
      [Button] Has onClick in props: false

      at log (src/components/ui/Button.tsx:27:13)

    console.log
      [Button] All props: {}

      at log (src/components/ui/Button.tsx:28:13)

    console.log
      [Button] Rendering with type: submit

      at log (src/components/ui/Button.tsx:25:13)

    console.log
      [Button] Props received: {
        variant: 'primary',
        size: 'lg',
        type: 'submit',
        loading: false,
        disabled: false
      }

      at log (src/components/ui/Button.tsx:26:13)

    console.log
      [Button] Has onClick in props: false

      at log (src/components/ui/Button.tsx:27:13)

    console.log
      [Button] All props: {}

      at log (src/components/ui/Button.tsx:28:13)

    console.log
      [Button] Rendering with type: submit

      at log (src/components/ui/Button.tsx:25:13)

    console.log
      [Button] Props received: {
        variant: 'primary',
        size: 'lg',
        type: 'submit',
        loading: false,
        disabled: false
      }

      at log (src/components/ui/Button.tsx:26:13)

    console.log
      [Button] Has onClick in props: false

      at log (src/components/ui/Button.tsx:27:13)

    console.log
      [Button] All props: {}

      at log (src/components/ui/Button.tsx:28:13)

    console.log
      [Button] Rendering with type: submit

      at log (src/components/ui/Button.tsx:25:13)

    console.log
      [Button] Props received: {
        variant: 'primary',
        size: 'lg',
        type: 'submit',
        loading: false,
        disabled: false
      }

      at log (src/components/ui/Button.tsx:26:13)

    console.log
      [Button] Has onClick in props: false

      at log (src/components/ui/Button.tsx:27:13)

    console.log
      [Button] All props: {}

      at log (src/components/ui/Button.tsx:28:13)

    console.log
      [Button] Rendering with type: submit

      at log (src/components/ui/Button.tsx:25:13)

    console.log
      [Button] Props received: {
        variant: 'primary',
        size: 'lg',
        type: 'submit',
        loading: false,
        disabled: false
      }

      at log (src/components/ui/Button.tsx:26:13)

    console.log
      [Button] Has onClick in props: false

      at log (src/components/ui/Button.tsx:27:13)

    console.log
      [Button] All props: {}

      at log (src/components/ui/Button.tsx:28:13)

    console.log
      [Button] Rendering with type: submit

      at log (src/components/ui/Button.tsx:25:13)

    console.log
      [Button] Props received: {
        variant: 'primary',
        size: 'lg',
        type: 'submit',
        loading: false,
        disabled: false
      }

      at log (src/components/ui/Button.tsx:26:13)

    console.log
      [Button] Has onClick in props: false

      at log (src/components/ui/Button.tsx:27:13)

    console.log
      [Button] All props: {}

      at log (src/components/ui/Button.tsx:28:13)

    console.log
      [Button] Rendering with type: submit

      at log (src/components/ui/Button.tsx:25:13)

    console.log
      [Button] Props received: {
        variant: 'primary',
        size: 'lg',
        type: 'submit',
        loading: false,
        disabled: false
      }

      at log (src/components/ui/Button.tsx:26:13)

    console.log
      [Button] Has onClick in props: false

      at log (src/components/ui/Button.tsx:27:13)

    console.log
      [Button] All props: {}

      at log (src/components/ui/Button.tsx:28:13)

    console.log
      [Button] Rendering with type: submit

      at log (src/components/ui/Button.tsx:25:13)

    console.log
      [Button] Props received: {
        variant: 'primary',
        size: 'lg',
        type: 'submit',
        loading: false,
        disabled: false
      }

      at log (src/components/ui/Button.tsx:26:13)

    console.log
      [Button] Has onClick in props: false

      at log (src/components/ui/Button.tsx:27:13)

    console.log
      [Button] All props: {}

      at log (src/components/ui/Button.tsx:28:13)

    console.log
      [Button] Rendering with type: submit

      at log (src/components/ui/Button.tsx:25:13)

    console.log
      [Button] Props received: {
        variant: 'primary',
        size: 'lg',
        type: 'submit',
        loading: false,
        disabled: false
      }

      at log (src/components/ui/Button.tsx:26:13)

    console.log
      [Button] Has onClick in props: false

      at log (src/components/ui/Button.tsx:27:13)

    console.log
      [Button] All props: {}

      at log (src/components/ui/Button.tsx:28:13)

    console.log
      [Button] Rendering with type: submit

      at log (src/components/ui/Button.tsx:25:13)

    console.log
      [Button] Props received: {
        variant: 'primary',
        size: 'lg',
        type: 'submit',
        loading: false,
        disabled: false
      }

      at log (src/components/ui/Button.tsx:26:13)

    console.log
      [Button] Has onClick in props: false

      at log (src/components/ui/Button.tsx:27:13)

    console.log
      [Button] All props: {}

      at log (src/components/ui/Button.tsx:28:13)

    console.log
      [Button] Rendering with type: submit

      at log (src/components/ui/Button.tsx:25:13)

    console.log
      [Button] Props received: {
        variant: 'primary',
        size: 'lg',
        type: 'submit',
        loading: false,
        disabled: false
      }

      at log (src/components/ui/Button.tsx:26:13)

    console.log
      [Button] Has onClick in props: false

      at log (src/components/ui/Button.tsx:27:13)

    console.log
      [Button] All props: {}

      at log (src/components/ui/Button.tsx:28:13)

    console.log
      [Button] Rendering with type: submit

      at log (src/components/ui/Button.tsx:25:13)

    console.log
      [Button] Props received: {
        variant: 'primary',
        size: 'lg',
        type: 'submit',
        loading: false,
        disabled: false
      }

      at log (src/components/ui/Button.tsx:26:13)

    console.log
      [Button] Has onClick in props: false

      at log (src/components/ui/Button.tsx:27:13)

    console.log
      [Button] All props: {}

      at log (src/components/ui/Button.tsx:28:13)

    console.log
      [Button] Rendering with type: submit

      at log (src/components/ui/Button.tsx:25:13)

    console.log
      [Button] Props received: {
        variant: 'primary',
        size: 'lg',
        type: 'submit',
        loading: false,
        disabled: false
      }

      at log (src/components/ui/Button.tsx:26:13)

    console.log
      [Button] Has onClick in props: false

      at log (src/components/ui/Button.tsx:27:13)

    console.log
      [Button] All props: {}

      at log (src/components/ui/Button.tsx:28:13)

    console.log
      [Button] Rendering with type: submit

      at log (src/components/ui/Button.tsx:25:13)

    console.log
      [Button] Props received: {
        variant: 'primary',
        size: 'lg',
        type: 'submit',
        loading: false,
        disabled: false
      }

      at log (src/components/ui/Button.tsx:26:13)

    console.log
      [Button] Has onClick in props: false

      at log (src/components/ui/Button.tsx:27:13)

    console.log
      [Button] All props: {}

      at log (src/components/ui/Button.tsx:28:13)

    console.log
      [Button] Rendering with type: submit

      at log (src/components/ui/Button.tsx:25:13)

    console.log
      [Button] Props received: {
        variant: 'primary',
        size: 'lg',
        type: 'submit',
        loading: false,
        disabled: false
      }

      at log (src/components/ui/Button.tsx:26:13)

    console.log
      [Button] Has onClick in props: false

      at log (src/components/ui/Button.tsx:27:13)

    console.log
      [Button] All props: {}

      at log (src/components/ui/Button.tsx:28:13)

    console.log
      [Button] Rendering with type: submit

      at log (src/components/ui/Button.tsx:25:13)

    console.log
      [Button] Props received: {
        variant: 'primary',
        size: 'lg',
        type: 'submit',
        loading: false,
        disabled: false
      }

      at log (src/components/ui/Button.tsx:26:13)

    console.log
      [Button] Has onClick in props: false

      at log (src/components/ui/Button.tsx:27:13)

    console.log
      [Button] All props: {}

      at log (src/components/ui/Button.tsx:28:13)

    console.log
      [Button] Rendering with type: submit

      at log (src/components/ui/Button.tsx:25:13)

    console.log
      [Button] Props received: {
        variant: 'primary',
        size: 'lg',
        type: 'submit',
        loading: false,
        disabled: false
      }

      at log (src/components/ui/Button.tsx:26:13)

    console.log
      [Button] Has onClick in props: false

      at log (src/components/ui/Button.tsx:27:13)

    console.log
      [Button] All props: {}

      at log (src/components/ui/Button.tsx:28:13)

    console.log
      [Button] Rendering with type: submit

      at log (src/components/ui/Button.tsx:25:13)

    console.log
      [Button] Props received: {
        variant: 'primary',
        size: 'lg',
        type: 'submit',
        loading: false,
        disabled: false
      }

      at log (src/components/ui/Button.tsx:26:13)

    console.log
      [Button] Has onClick in props: false

      at log (src/components/ui/Button.tsx:27:13)

    console.log
      [Button] All props: {}

      at log (src/components/ui/Button.tsx:28:13)

    console.log
      [Button] Rendering with type: submit

      at log (src/components/ui/Button.tsx:25:13)

    console.log
      [Button] Props received: {
        variant: 'primary',
        size: 'lg',
        type: 'submit',
        loading: false,
        disabled: false
      }

      at log (src/components/ui/Button.tsx:26:13)

    console.log
      [Button] Has onClick in props: false

      at log (src/components/ui/Button.tsx:27:13)

    console.log
      [Button] All props: {}

      at log (src/components/ui/Button.tsx:28:13)

    console.log
      [Button] Rendering with type: submit

      at log (src/components/ui/Button.tsx:25:13)

    console.log
      [Button] Props received: {
        variant: 'primary',
        size: 'lg',
        type: 'submit',
        loading: false,
        disabled: false
      }

      at log (src/components/ui/Button.tsx:26:13)

    console.log
      [Button] Has onClick in props: false

      at log (src/components/ui/Button.tsx:27:13)

    console.log
      [Button] All props: {}

      at log (src/components/ui/Button.tsx:28:13)

    console.log
      [Button] Rendering with type: submit

      at log (src/components/ui/Button.tsx:25:13)

    console.log
      [Button] Props received: {
        variant: 'primary',
        size: 'lg',
        type: 'submit',
        loading: false,
        disabled: false
      }

      at log (src/components/ui/Button.tsx:26:13)

    console.log
      [Button] Has onClick in props: false

      at log (src/components/ui/Button.tsx:27:13)

    console.log
      [Button] All props: {}

      at log (src/components/ui/Button.tsx:28:13)

    console.log
      [Button] Rendering with type: submit

      at log (src/components/ui/Button.tsx:25:13)

    console.log
      [Button] Props received: {
        variant: 'primary',
        size: 'lg',
        type: 'submit',
        loading: false,
        disabled: false
      }

      at log (src/components/ui/Button.tsx:26:13)

    console.log
      [Button] Has onClick in props: false

      at log (src/components/ui/Button.tsx:27:13)

    console.log
      [Button] All props: {}

      at log (src/components/ui/Button.tsx:28:13)

    console.log
      [Button] Rendering with type: submit

      at log (src/components/ui/Button.tsx:25:13)

    console.log
      [Button] Props received: {
        variant: 'primary',
        size: 'lg',
        type: 'submit',
        loading: false,
        disabled: false
      }

      at log (src/components/ui/Button.tsx:26:13)

    console.log
      [Button] Has onClick in props: false

      at log (src/components/ui/Button.tsx:27:13)

    console.log
      [Button] All props: {}

      at log (src/components/ui/Button.tsx:28:13)

    console.log
      [Button] Rendering with type: submit

      at log (src/components/ui/Button.tsx:25:13)

    console.log
      [Button] Props received: {
        variant: 'primary',
        size: 'lg',
        type: 'submit',
        loading: false,
        disabled: false
      }

      at log (src/components/ui/Button.tsx:26:13)

    console.log
      [Button] Has onClick in props: false

      at log (src/components/ui/Button.tsx:27:13)

    console.log
      [Button] All props: {}

      at log (src/components/ui/Button.tsx:28:13)

    console.log
      [Button] Rendering with type: submit

      at log (src/components/ui/Button.tsx:25:13)

    console.log
      [Button] Props received: {
        variant: 'primary',
        size: 'lg',
        type: 'submit',
        loading: false,
        disabled: false
      }

      at log (src/components/ui/Button.tsx:26:13)

    console.log
      [Button] Has onClick in props: false

      at log (src/components/ui/Button.tsx:27:13)

    console.log
      [Button] All props: {}

      at log (src/components/ui/Button.tsx:28:13)

    console.log
      [Button] Rendering with type: submit

      at log (src/components/ui/Button.tsx:25:13)

    console.log
      [Button] Props received: {
        variant: 'primary',
        size: 'lg',
        type: 'submit',
        loading: false,
        disabled: false
      }

      at log (src/components/ui/Button.tsx:26:13)

    console.log
      [Button] Has onClick in props: false

      at log (src/components/ui/Button.tsx:27:13)

    console.log
      [Button] All props: {}

      at log (src/components/ui/Button.tsx:28:13)

    console.log
      [Button] Rendering with type: submit

      at log (src/components/ui/Button.tsx:25:13)

    console.log
      [Button] Props received: {
        variant: 'primary',
        size: 'lg',
        type: 'submit',
        loading: false,
        disabled: false
      }

      at log (src/components/ui/Button.tsx:26:13)

    console.log
      [Button] Has onClick in props: false

      at log (src/components/ui/Button.tsx:27:13)

    console.log
      [Button] All props: {}

      at log (src/components/ui/Button.tsx:28:13)

    console.log
      [Button] Rendering with type: submit

      at log (src/components/ui/Button.tsx:25:13)

    console.log
      [Button] Props received: {
        variant: 'primary',
        size: 'lg',
        type: 'submit',
        loading: false,
        disabled: false
      }

      at log (src/components/ui/Button.tsx:26:13)

    console.log
      [Button] Has onClick in props: false

      at log (src/components/ui/Button.tsx:27:13)

    console.log
      [Button] All props: {}

      at log (src/components/ui/Button.tsx:28:13)

    console.log
      [Button] Rendering with type: submit

      at log (src/components/ui/Button.tsx:25:13)

    console.log
      [Button] Props received: {
        variant: 'primary',
        size: 'lg',
        type: 'submit',
        loading: false,
        disabled: false
      }

      at log (src/components/ui/Button.tsx:26:13)

    console.log
      [Button] Has onClick in props: false

      at log (src/components/ui/Button.tsx:27:13)

    console.log
      [Button] All props: {}

      at log (src/components/ui/Button.tsx:28:13)

    console.log
      [Button] Rendering with type: submit

      at log (src/components/ui/Button.tsx:25:13)

    console.log
      [Button] Props received: {
        variant: 'primary',
        size: 'lg',
        type: 'submit',
        loading: false,
        disabled: false
      }

      at log (src/components/ui/Button.tsx:26:13)

    console.log
      [Button] Has onClick in props: false

      at log (src/components/ui/Button.tsx:27:13)

    console.log
      [Button] All props: {}

      at log (src/components/ui/Button.tsx:28:13)

    console.log
      [Button] Rendering with type: submit

      at log (src/components/ui/Button.tsx:25:13)

    console.log
      [Button] Props received: {
        variant: 'primary',
        size: 'lg',
        type: 'submit',
        loading: false,
        disabled: false
      }

      at log (src/components/ui/Button.tsx:26:13)

    console.log
      [Button] Has onClick in props: false

      at log (src/components/ui/Button.tsx:27:13)

    console.log
      [Button] All props: {}

      at log (src/components/ui/Button.tsx:28:13)

    console.log
      [Button] Rendering with type: submit

      at log (src/components/ui/Button.tsx:25:13)

    console.log
      [Button] Props received: {
        variant: 'primary',
        size: 'lg',
        type: 'submit',
        loading: false,
        disabled: false
      }

      at log (src/components/ui/Button.tsx:26:13)

    console.log
      [Button] Has onClick in props: false

      at log (src/components/ui/Button.tsx:27:13)

    console.log
      [Button] All props: {}

      at log (src/components/ui/Button.tsx:28:13)

    console.log
      [Button] Rendering with type: submit

      at log (src/components/ui/Button.tsx:25:13)

    console.log
      [Button] Props received: {
        variant: 'primary',
        size: 'lg',
        type: 'submit',
        loading: false,
        disabled: false
      }

      at log (src/components/ui/Button.tsx:26:13)

    console.log
      [Button] Has onClick in props: false

      at log (src/components/ui/Button.tsx:27:13)

    console.log
      [Button] All props: {}

      at log (src/components/ui/Button.tsx:28:13)

    console.log
      [Button] Rendering with type: submit

      at log (src/components/ui/Button.tsx:25:13)

    console.log
      [Button] Props received: {
        variant: 'primary',
        size: 'lg',
        type: 'submit',
        loading: false,
        disabled: false
      }

      at log (src/components/ui/Button.tsx:26:13)

    console.log
      [Button] Has onClick in props: false

      at log (src/components/ui/Button.tsx:27:13)

    console.log
      [Button] All props: {}

      at log (src/components/ui/Button.tsx:28:13)

    console.log
      [Button] Rendering with type: submit

      at log (src/components/ui/Button.tsx:25:13)

    console.log
      [Button] Props received: {
        variant: 'primary',
        size: 'lg',
        type: 'submit',
        loading: false,
        disabled: false
      }

      at log (src/components/ui/Button.tsx:26:13)

    console.log
      [Button] Has onClick in props: false

      at log (src/components/ui/Button.tsx:27:13)

    console.log
      [Button] All props: {}

      at log (src/components/ui/Button.tsx:28:13)

    console.log
      [Button] Rendering with type: submit

      at log (src/components/ui/Button.tsx:25:13)

    console.log
      [Button] Props received: {
        variant: 'primary',
        size: 'lg',
        type: 'submit',
        loading: false,
        disabled: false
      }

      at log (src/components/ui/Button.tsx:26:13)

    console.log
      [Button] Has onClick in props: false

      at log (src/components/ui/Button.tsx:27:13)

    console.log
      [Button] All props: {}

      at log (src/components/ui/Button.tsx:28:13)

    console.log
      [Button] Rendering with type: submit

      at log (src/components/ui/Button.tsx:25:13)

    console.log
      [Button] Props received: {
        variant: 'primary',
        size: 'lg',
        type: 'submit',
        loading: false,
        disabled: false
      }

      at log (src/components/ui/Button.tsx:26:13)

    console.log
      [Button] Has onClick in props: false

      at log (src/components/ui/Button.tsx:27:13)

    console.log
      [Button] All props: {}

      at log (src/components/ui/Button.tsx:28:13)

    console.log
      [Button] Rendering with type: submit

      at log (src/components/ui/Button.tsx:25:13)

    console.log
      [Button] Props received: {
        variant: 'primary',
        size: 'lg',
        type: 'submit',
        loading: false,
        disabled: false
      }

      at log (src/components/ui/Button.tsx:26:13)

    console.log
      [Button] Has onClick in props: false

      at log (src/components/ui/Button.tsx:27:13)

    console.log
      [Button] All props: {}

      at log (src/components/ui/Button.tsx:28:13)

    console.log
      [Button] Rendering with type: submit

      at log (src/components/ui/Button.tsx:25:13)

    console.log
      [Button] Props received: {
        variant: 'primary',
        size: 'lg',
        type: 'submit',
        loading: false,
        disabled: false
      }

      at log (src/components/ui/Button.tsx:26:13)

    console.log
      [Button] Has onClick in props: false

      at log (src/components/ui/Button.tsx:27:13)

    console.log
      [Button] All props: {}

      at log (src/components/ui/Button.tsx:28:13)

    console.log
      [Button] Rendering with type: submit

      at log (src/components/ui/Button.tsx:25:13)

    console.log
      [Button] Props received: {
        variant: 'primary',
        size: 'lg',
        type: 'submit',
        loading: false,
        disabled: false
      }

      at log (src/components/ui/Button.tsx:26:13)

    console.log
      [Button] Has onClick in props: false

      at log (src/components/ui/Button.tsx:27:13)

    console.log
      [Button] All props: {}

      at log (src/components/ui/Button.tsx:28:13)

    console.log
      [Button] Rendering with type: submit

      at log (src/components/ui/Button.tsx:25:13)

    console.log
      [Button] Props received: {
        variant: 'primary',
        size: 'lg',
        type: 'submit',
        loading: false,
        disabled: false
      }

      at log (src/components/ui/Button.tsx:26:13)

    console.log
      [Button] Has onClick in props: false

      at log (src/components/ui/Button.tsx:27:13)

    console.log
      [Button] All props: {}

      at log (src/components/ui/Button.tsx:28:13)

    console.log
      [Button] Rendering with type: submit

      at log (src/components/ui/Button.tsx:25:13)

    console.log
      [Button] Props received: {
        variant: 'primary',
        size: 'lg',
        type: 'submit',
        loading: false,
        disabled: false
      }

      at log (src/components/ui/Button.tsx:26:13)

    console.log
      [Button] Has onClick in props: false

      at log (src/components/ui/Button.tsx:27:13)

    console.log
      [Button] All props: {}

      at log (src/components/ui/Button.tsx:28:13)

    console.log
      [Button] Rendering with type: submit

      at log (src/components/ui/Button.tsx:25:13)

    console.log
      [Button] Props received: {
        variant: 'primary',
        size: 'lg',
        type: 'submit',
        loading: false,
        disabled: false
      }

      at log (src/components/ui/Button.tsx:26:13)

    console.log
      [Button] Has onClick in props: false

      at log (src/components/ui/Button.tsx:27:13)

    console.log
      [Button] All props: {}

      at log (src/components/ui/Button.tsx:28:13)

    console.log
      [Button] Rendering with type: submit

      at log (src/components/ui/Button.tsx:25:13)

    console.log
      [Button] Props received: {
        variant: 'primary',
        size: 'lg',
        type: 'submit',
        loading: false,
        disabled: false
      }

      at log (src/components/ui/Button.tsx:26:13)

    console.log
      [Button] Has onClick in props: false

      at log (src/components/ui/Button.tsx:27:13)

    console.log
      [Button] All props: {}

      at log (src/components/ui/Button.tsx:28:13)

    console.log
      [Button] Rendering with type: submit

      at log (src/components/ui/Button.tsx:25:13)

    console.log
      [Button] Props received: {
        variant: 'primary',
        size: 'lg',
        type: 'submit',
        loading: false,
        disabled: false
      }

      at log (src/components/ui/Button.tsx:26:13)

    console.log
      [Button] Has onClick in props: false

      at log (src/components/ui/Button.tsx:27:13)

    console.log
      [Button] All props: {}

      at log (src/components/ui/Button.tsx:28:13)

    console.log
      [Button] Rendering with type: submit

      at log (src/components/ui/Button.tsx:25:13)

    console.log
      [Button] Props received: {
        variant: 'primary',
        size: 'lg',
        type: 'submit',
        loading: false,
        disabled: false
      }

      at log (src/components/ui/Button.tsx:26:13)

    console.log
      [Button] Has onClick in props: false

      at log (src/components/ui/Button.tsx:27:13)

    console.log
      [Button] All props: {}

      at log (src/components/ui/Button.tsx:28:13)

    console.log
      [Button] Rendering with type: submit

      at log (src/components/ui/Button.tsx:25:13)

    console.log
      [Button] Props received: {
        variant: 'primary',
        size: 'lg',
        type: 'submit',
        loading: false,
        disabled: false
      }

      at log (src/components/ui/Button.tsx:26:13)

    console.log
      [Button] Has onClick in props: false

      at log (src/components/ui/Button.tsx:27:13)

    console.log
      [Button] All props: {}

      at log (src/components/ui/Button.tsx:28:13)

    console.log
      [Button] Rendering with type: submit

      at log (src/components/ui/Button.tsx:25:13)

    console.log
      [Button] Props received: {
        variant: 'primary',
        size: 'lg',
        type: 'submit',
        loading: false,
        disabled: false
      }

      at log (src/components/ui/Button.tsx:26:13)

    console.log
      [Button] Has onClick in props: false

      at log (src/components/ui/Button.tsx:27:13)

    console.log
      [Button] All props: {}

      at log (src/components/ui/Button.tsx:28:13)

    console.log
      [Button] Rendering with type: submit

      at log (src/components/ui/Button.tsx:25:13)

    console.log
      [Button] Props received: {
        variant: 'primary',
        size: 'lg',
        type: 'submit',
        loading: false,
        disabled: false
      }

      at log (src/components/ui/Button.tsx:26:13)

    console.log
      [Button] Has onClick in props: false

      at log (src/components/ui/Button.tsx:27:13)

    console.log
      [Button] All props: {}

      at log (src/components/ui/Button.tsx:28:13)

    console.log
      [Button] Rendering with type: submit

      at log (src/components/ui/Button.tsx:25:13)

    console.log
      [Button] Props received: {
        variant: 'primary',
        size: 'lg',
        type: 'submit',
        loading: false,
        disabled: false
      }

      at log (src/components/ui/Button.tsx:26:13)

    console.log
      [Button] Has onClick in props: false

      at log (src/components/ui/Button.tsx:27:13)

    console.log
      [Button] All props: {}

      at log (src/components/ui/Button.tsx:28:13)

    console.log
      [Button] Rendering with type: submit

      at log (src/components/ui/Button.tsx:25:13)

    console.log
      [Button] Props received: {
        variant: 'primary',
        size: 'lg',
        type: 'submit',
        loading: false,
        disabled: false
      }

      at log (src/components/ui/Button.tsx:26:13)

    console.log
      [Button] Has onClick in props: false

      at log (src/components/ui/Button.tsx:27:13)

    console.log
      [Button] All props: {}

      at log (src/components/ui/Button.tsx:28:13)

    console.log
      [Button] Rendering with type: submit

      at log (src/components/ui/Button.tsx:25:13)

    console.log
      [Button] Props received: {
        variant: 'primary',
        size: 'lg',
        type: 'submit',
        loading: false,
        disabled: false
      }

      at log (src/components/ui/Button.tsx:26:13)

    console.log
      [Button] Has onClick in props: false

      at log (src/components/ui/Button.tsx:27:13)

    console.log
      [Button] All props: {}

      at log (src/components/ui/Button.tsx:28:13)

    console.log
      [Button] Rendering with type: submit

      at log (src/components/ui/Button.tsx:25:13)

    console.log
      [Button] Props received: {
        variant: 'primary',
        size: 'lg',
        type: 'submit',
        loading: false,
        disabled: false
      }

      at log (src/components/ui/Button.tsx:26:13)

    console.log
      [Button] Has onClick in props: false

      at log (src/components/ui/Button.tsx:27:13)

    console.log
      [Button] All props: {}

      at log (src/components/ui/Button.tsx:28:13)

    console.log
      [Button] Rendering with type: submit

      at log (src/components/ui/Button.tsx:25:13)

    console.log
      [Button] Props received: {
        variant: 'primary',
        size: 'lg',
        type: 'submit',
        loading: false,
        disabled: false
      }

      at log (src/components/ui/Button.tsx:26:13)

    console.log
      [Button] Has onClick in props: false

      at log (src/components/ui/Button.tsx:27:13)

    console.log
      [Button] All props: {}

      at log (src/components/ui/Button.tsx:28:13)

    console.log
      [Button] Rendering with type: submit

      at log (src/components/ui/Button.tsx:25:13)

    console.log
      [Button] Props received: {
        variant: 'primary',
        size: 'lg',
        type: 'submit',
        loading: false,
        disabled: false
      }

      at log (src/components/ui/Button.tsx:26:13)

    console.log
      [Button] Has onClick in props: false

      at log (src/components/ui/Button.tsx:27:13)

    console.log
      [Button] All props: {}

      at log (src/components/ui/Button.tsx:28:13)

    console.log
      [Button] Rendering with type: submit

      at log (src/components/ui/Button.tsx:25:13)

    console.log
      [Button] Props received: {
        variant: 'primary',
        size: 'lg',
        type: 'submit',
        loading: false,
        disabled: false
      }

      at log (src/components/ui/Button.tsx:26:13)

    console.log
      [Button] Has onClick in props: false

      at log (src/components/ui/Button.tsx:27:13)

    console.log
      [Button] All props: {}

      at log (src/components/ui/Button.tsx:28:13)

    console.log
      [Button] Rendering with type: submit

      at log (src/components/ui/Button.tsx:25:13)

    console.log
      [Button] Props received: {
        variant: 'primary',
        size: 'lg',
        type: 'submit',
        loading: false,
        disabled: false
      }

      at log (src/components/ui/Button.tsx:26:13)

    console.log
      [Button] Has onClick in props: false

      at log (src/components/ui/Button.tsx:27:13)

    console.log
      [Button] All props: {}

      at log (src/components/ui/Button.tsx:28:13)

    console.log
      [Button] Rendering with type: submit

      at log (src/components/ui/Button.tsx:25:13)

    console.log
      [Button] Props received: {
        variant: 'primary',
        size: 'lg',
        type: 'submit',
        loading: false,
        disabled: false
      }

      at log (src/components/ui/Button.tsx:26:13)

    console.log
      [Button] Has onClick in props: false

      at log (src/components/ui/Button.tsx:27:13)

    console.log
      [Button] All props: {}

      at log (src/components/ui/Button.tsx:28:13)

    console.log
      [Button] Rendering with type: submit

      at log (src/components/ui/Button.tsx:25:13)

    console.log
      [Button] Props received: {
        variant: 'primary',
        size: 'lg',
        type: 'submit',
        loading: false,
        disabled: false
      }

      at log (src/components/ui/Button.tsx:26:13)

    console.log
      [Button] Has onClick in props: false

      at log (src/components/ui/Button.tsx:27:13)

    console.log
      [Button] All props: {}

      at log (src/components/ui/Button.tsx:28:13)

    console.log
      [Button] Rendering with type: submit

      at log (src/components/ui/Button.tsx:25:13)

    console.log
      [Button] Props received: {
        variant: 'primary',
        size: 'lg',
        type: 'submit',
        loading: false,
        disabled: false
      }

      at log (src/components/ui/Button.tsx:26:13)

    console.log
      [Button] Has onClick in props: false

      at log (src/components/ui/Button.tsx:27:13)

    console.log
      [Button] All props: {}

      at log (src/components/ui/Button.tsx:28:13)

    console.log
      [Button] Rendering with type: submit

      at log (src/components/ui/Button.tsx:25:13)

    console.log
      [Button] Props received: {
        variant: 'primary',
        size: 'lg',
        type: 'submit',
        loading: false,
        disabled: false
      }

      at log (src/components/ui/Button.tsx:26:13)

    console.log
      [Button] Has onClick in props: false

      at log (src/components/ui/Button.tsx:27:13)

    console.log
      [Button] All props: {}

      at log (src/components/ui/Button.tsx:28:13)

    console.log
      [Button] Rendering with type: submit

      at log (src/components/ui/Button.tsx:25:13)

    console.log
      [Button] Props received: {
        variant: 'primary',
        size: 'lg',
        type: 'submit',
        loading: false,
        disabled: false
      }

      at log (src/components/ui/Button.tsx:26:13)

    console.log
      [Button] Has onClick in props: false

      at log (src/components/ui/Button.tsx:27:13)

    console.log
      [Button] All props: {}

      at log (src/components/ui/Button.tsx:28:13)

    console.log
      [Button] Rendering with type: submit

      at log (src/components/ui/Button.tsx:25:13)

    console.log
      [Button] Props received: {
        variant: 'primary',
        size: 'lg',
        type: 'submit',
        loading: false,
        disabled: false
      }

      at log (src/components/ui/Button.tsx:26:13)

    console.log
      [Button] Has onClick in props: false

      at log (src/components/ui/Button.tsx:27:13)

    console.log
      [Button] All props: {}

      at log (src/components/ui/Button.tsx:28:13)

    console.log
      [Button] Rendering with type: submit

      at log (src/components/ui/Button.tsx:25:13)

    console.log
      [Button] Props received: {
        variant: 'primary',
        size: 'lg',
        type: 'submit',
        loading: false,
        disabled: false
      }

      at log (src/components/ui/Button.tsx:26:13)

    console.log
      [Button] Has onClick in props: false

      at log (src/components/ui/Button.tsx:27:13)

    console.log
      [Button] All props: {}

      at log (src/components/ui/Button.tsx:28:13)

    console.log
      [Button] Rendering with type: submit

      at log (src/components/ui/Button.tsx:25:13)

    console.log
      [Button] Props received: {
        variant: 'primary',
        size: 'lg',
        type: 'submit',
        loading: false,
        disabled: false
      }

      at log (src/components/ui/Button.tsx:26:13)

    console.log
      [Button] Has onClick in props: false

      at log (src/components/ui/Button.tsx:27:13)

    console.log
      [Button] All props: {}

      at log (src/components/ui/Button.tsx:28:13)

    console.log
      [Button] Rendering with type: submit

      at log (src/components/ui/Button.tsx:25:13)

    console.log
      [Button] Props received: {
        variant: 'primary',
        size: 'lg',
        type: 'submit',
        loading: false,
        disabled: false
      }

      at log (src/components/ui/Button.tsx:26:13)

    console.log
      [Button] Has onClick in props: false

      at log (src/components/ui/Button.tsx:27:13)

    console.log
      [Button] All props: {}

      at log (src/components/ui/Button.tsx:28:13)

    console.log
      [Button] Rendering with type: submit

      at log (src/components/ui/Button.tsx:25:13)

    console.log
      [Button] Props received: {
        variant: 'primary',
        size: 'lg',
        type: 'submit',
        loading: false,
        disabled: false
      }

      at log (src/components/ui/Button.tsx:26:13)

    console.log
      [Button] Has onClick in props: false

      at log (src/components/ui/Button.tsx:27:13)

    console.log
      [Button] All props: {}

      at log (src/components/ui/Button.tsx:28:13)

    console.log
      [Button] Rendering with type: submit

      at log (src/components/ui/Button.tsx:25:13)

    console.log
      [Button] Props received: {
        variant: 'primary',
        size: 'lg',
        type: 'submit',
        loading: false,
        disabled: false
      }

      at log (src/components/ui/Button.tsx:26:13)

    console.log
      [Button] Has onClick in props: false

      at log (src/components/ui/Button.tsx:27:13)

    console.log
      [Button] All props: {}

      at log (src/components/ui/Button.tsx:28:13)

    console.log
      [Button] Rendering with type: submit

      at log (src/components/ui/Button.tsx:25:13)

    console.log
      [Button] Props received: {
        variant: 'primary',
        size: 'lg',
        type: 'submit',
        loading: false,
        disabled: false
      }

      at log (src/components/ui/Button.tsx:26:13)

    console.log
      [Button] Has onClick in props: false

      at log (src/components/ui/Button.tsx:27:13)

    console.log
      [Button] All props: {}

      at log (src/components/ui/Button.tsx:28:13)

    console.log
      [Button] Rendering with type: submit

      at log (src/components/ui/Button.tsx:25:13)

    console.log
      [Button] Props received: {
        variant: 'primary',
        size: 'lg',
        type: 'submit',
        loading: false,
        disabled: false
      }

      at log (src/components/ui/Button.tsx:26:13)

    console.log
      [Button] Has onClick in props: false

      at log (src/components/ui/Button.tsx:27:13)

    console.log
      [Button] All props: {}

      at log (src/components/ui/Button.tsx:28:13)

    console.log
      [Button] Rendering with type: submit

      at log (src/components/ui/Button.tsx:25:13)

    console.log
      [Button] Props received: {
        variant: 'primary',
        size: 'lg',
        type: 'submit',
        loading: false,
        disabled: false
      }

      at log (src/components/ui/Button.tsx:26:13)

    console.log
      [Button] Has onClick in props: false

      at log (src/components/ui/Button.tsx:27:13)

    console.log
      [Button] All props: {}

      at log (src/components/ui/Button.tsx:28:13)

    console.log
      [Button] Rendering with type: submit

      at log (src/components/ui/Button.tsx:25:13)

    console.log
      [Button] Props received: {
        variant: 'primary',
        size: 'lg',
        type: 'submit',
        loading: false,
        disabled: false
      }

      at log (src/components/ui/Button.tsx:26:13)

    console.log
      [Button] Has onClick in props: false

      at log (src/components/ui/Button.tsx:27:13)

    console.log
      [Button] All props: {}

      at log (src/components/ui/Button.tsx:28:13)

    console.log
      [Button] Rendering with type: submit

      at log (src/components/ui/Button.tsx:25:13)

    console.log
      [Button] Props received: {
        variant: 'primary',
        size: 'lg',
        type: 'submit',
        loading: false,
        disabled: false
      }

      at log (src/components/ui/Button.tsx:26:13)

    console.log
      [Button] Has onClick in props: false

      at log (src/components/ui/Button.tsx:27:13)

    console.log
      [Button] All props: {}

      at log (src/components/ui/Button.tsx:28:13)

    console.log
      [Button] Rendering with type: submit

      at log (src/components/ui/Button.tsx:25:13)

    console.log
      [Button] Props received: {
        variant: 'primary',
        size: 'lg',
        type: 'submit',
        loading: false,
        disabled: false
      }

      at log (src/components/ui/Button.tsx:26:13)

    console.log
      [Button] Has onClick in props: false

      at log (src/components/ui/Button.tsx:27:13)

    console.log
      [Button] All props: {}

      at log (src/components/ui/Button.tsx:28:13)

    console.log
      [Button] Rendering with type: submit

      at log (src/components/ui/Button.tsx:25:13)

    console.log
      [Button] Props received: {
        variant: 'primary',
        size: 'lg',
        type: 'submit',
        loading: false,
        disabled: false
      }

      at log (src/components/ui/Button.tsx:26:13)

    console.log
      [Button] Has onClick in props: false

      at log (src/components/ui/Button.tsx:27:13)

    console.log
      [Button] All props: {}

      at log (src/components/ui/Button.tsx:28:13)

    console.log
      [Button] Rendering with type: submit

      at log (src/components/ui/Button.tsx:25:13)

    console.log
      [Button] Props received: {
        variant: 'primary',
        size: 'lg',
        type: 'submit',
        loading: false,
        disabled: false
      }

      at log (src/components/ui/Button.tsx:26:13)

    console.log
      [Button] Has onClick in props: false

      at log (src/components/ui/Button.tsx:27:13)

    console.log
      [Button] All props: {}

      at log (src/components/ui/Button.tsx:28:13)

    console.log
      [Button] Rendering with type: submit

      at log (src/components/ui/Button.tsx:25:13)

    console.log
      [Button] Props received: {
        variant: 'primary',
        size: 'lg',
        type: 'submit',
        loading: false,
        disabled: false
      }

      at log (src/components/ui/Button.tsx:26:13)

    console.log
      [Button] Has onClick in props: false

      at log (src/components/ui/Button.tsx:27:13)

    console.log
      [Button] All props: {}

      at log (src/components/ui/Button.tsx:28:13)

    console.log
      [Button] Rendering with type: submit

      at log (src/components/ui/Button.tsx:25:13)

    console.log
      [Button] Props received: {
        variant: 'primary',
        size: 'lg',
        type: 'submit',
        loading: false,
        disabled: false
      }

      at log (src/components/ui/Button.tsx:26:13)

    console.log
      [Button] Has onClick in props: false

      at log (src/components/ui/Button.tsx:27:13)

    console.log
      [Button] All props: {}

      at log (src/components/ui/Button.tsx:28:13)

    console.log
      [Button] Rendering with type: submit

      at log (src/components/ui/Button.tsx:25:13)

    console.log
      [Button] Props received: {
        variant: 'primary',
        size: 'lg',
        type: 'submit',
        loading: false,
        disabled: false
      }

      at log (src/components/ui/Button.tsx:26:13)

    console.log
      [Button] Has onClick in props: false

      at log (src/components/ui/Button.tsx:27:13)

    console.log
      [Button] All props: {}

      at log (src/components/ui/Button.tsx:28:13)

    console.log
      [Button] Rendering with type: submit

      at log (src/components/ui/Button.tsx:25:13)

    console.log
      [Button] Props received: {
        variant: 'primary',
        size: 'lg',
        type: 'submit',
        loading: false,
        disabled: false
      }

      at log (src/components/ui/Button.tsx:26:13)

    console.log
      [Button] Has onClick in props: false

      at log (src/components/ui/Button.tsx:27:13)

    console.log
      [Button] All props: {}

      at log (src/components/ui/Button.tsx:28:13)

    console.log
      [Button] Rendering with type: submit

      at log (src/components/ui/Button.tsx:25:13)

    console.log
      [Button] Props received: {
        variant: 'primary',
        size: 'lg',
        type: 'submit',
        loading: false,
        disabled: false
      }

      at log (src/components/ui/Button.tsx:26:13)

    console.log
      [Button] Has onClick in props: false

      at log (src/components/ui/Button.tsx:27:13)

    console.log
      [Button] All props: {}

      at log (src/components/ui/Button.tsx:28:13)

    console.log
      [Button] Rendering with type: submit

      at log (src/components/ui/Button.tsx:25:13)

    console.log
      [Button] Props received: {
        variant: 'primary',
        size: 'lg',
        type: 'submit',
        loading: false,
        disabled: false
      }

      at log (src/components/ui/Button.tsx:26:13)

    console.log
      [Button] Has onClick in props: false

      at log (src/components/ui/Button.tsx:27:13)

    console.log
      [Button] All props: {}

      at log (src/components/ui/Button.tsx:28:13)

    console.log
      [Button] Rendering with type: submit

      at log (src/components/ui/Button.tsx:25:13)

    console.log
      [Button] Props received: {
        variant: 'primary',
        size: 'lg',
        type: 'submit',
        loading: false,
        disabled: false
      }

      at log (src/components/ui/Button.tsx:26:13)

    console.log
      [Button] Has onClick in props: false

      at log (src/components/ui/Button.tsx:27:13)

    console.log
      [Button] All props: {}

      at log (src/components/ui/Button.tsx:28:13)

    console.log
      [Button] Rendering with type: submit

      at log (src/components/ui/Button.tsx:25:13)

    console.log
      [Button] Props received: {
        variant: 'primary',
        size: 'lg',
        type: 'submit',
        loading: false,
        disabled: false
      }

      at log (src/components/ui/Button.tsx:26:13)

    console.log
      [Button] Has onClick in props: false

      at log (src/components/ui/Button.tsx:27:13)

    console.log
      [Button] All props: {}

      at log (src/components/ui/Button.tsx:28:13)

    console.log
      [Button] Rendering with type: submit

      at log (src/components/ui/Button.tsx:25:13)

    console.log
      [Button] Props received: {
        variant: 'primary',
        size: 'lg',
        type: 'submit',
        loading: false,
        disabled: false
      }

      at log (src/components/ui/Button.tsx:26:13)

    console.log
      [Button] Has onClick in props: false

      at log (src/components/ui/Button.tsx:27:13)

    console.log
      [Button] All props: {}

      at log (src/components/ui/Button.tsx:28:13)

    console.log
      [Button] Rendering with type: submit

      at log (src/components/ui/Button.tsx:25:13)

    console.log
      [Button] Props received: {
        variant: 'primary',
        size: 'lg',
        type: 'submit',
        loading: false,
        disabled: false
      }

      at log (src/components/ui/Button.tsx:26:13)

    console.log
      [Button] Has onClick in props: false

      at log (src/components/ui/Button.tsx:27:13)

    console.log
      [Button] All props: {}

      at log (src/components/ui/Button.tsx:28:13)

    console.log
      [Button] Rendering with type: submit

      at log (src/components/ui/Button.tsx:25:13)

    console.log
      [Button] Props received: {
        variant: 'primary',
        size: 'lg',
        type: 'submit',
        loading: false,
        disabled: false
      }

      at log (src/components/ui/Button.tsx:26:13)

    console.log
      [Button] Has onClick in props: false

      at log (src/components/ui/Button.tsx:27:13)

    console.log
      [Button] All props: {}

      at log (src/components/ui/Button.tsx:28:13)

    console.log
      [Button] Rendering with type: submit

      at log (src/components/ui/Button.tsx:25:13)

    console.log
      [Button] Props received: {
        variant: 'primary',
        size: 'lg',
        type: 'submit',
        loading: false,
        disabled: false
      }

      at log (src/components/ui/Button.tsx:26:13)

    console.log
      [Button] Has onClick in props: false

      at log (src/components/ui/Button.tsx:27:13)

    console.log
      [Button] All props: {}

      at log (src/components/ui/Button.tsx:28:13)

    console.log
      [Button] Rendering with type: submit

      at log (src/components/ui/Button.tsx:25:13)

    console.log
      [Button] Props received: {
        variant: 'primary',
        size: 'lg',
        type: 'submit',
        loading: false,
        disabled: false
      }

      at log (src/components/ui/Button.tsx:26:13)

    console.log
      [Button] Has onClick in props: false

      at log (src/components/ui/Button.tsx:27:13)

    console.log
      [Button] All props: {}

      at log (src/components/ui/Button.tsx:28:13)

    console.log
      [Button] Rendering with type: submit

      at log (src/components/ui/Button.tsx:25:13)

    console.log
      [Button] Props received: {
        variant: 'primary',
        size: 'lg',
        type: 'submit',
        loading: false,
        disabled: false
      }

      at log (src/components/ui/Button.tsx:26:13)

    console.log
      [Button] Has onClick in props: false

      at log (src/components/ui/Button.tsx:27:13)

    console.log
      [Button] All props: {}

      at log (src/components/ui/Button.tsx:28:13)

    console.log
      [Button] Rendering with type: submit

      at log (src/components/ui/Button.tsx:25:13)

    console.log
      [Button] Props received: {
        variant: 'primary',
        size: 'lg',
        type: 'submit',
        loading: false,
        disabled: false
      }

      at log (src/components/ui/Button.tsx:26:13)

    console.log
      [Button] Has onClick in props: false

      at log (src/components/ui/Button.tsx:27:13)

    console.log
      [Button] All props: {}

      at log (src/components/ui/Button.tsx:28:13)

    console.log
      [Button] Rendering with type: submit

      at log (src/components/ui/Button.tsx:25:13)

    console.log
      [Button] Props received: {
        variant: 'primary',
        size: 'lg',
        type: 'submit',
        loading: false,
        disabled: false
      }

      at log (src/components/ui/Button.tsx:26:13)

    console.log
      [Button] Has onClick in props: false

      at log (src/components/ui/Button.tsx:27:13)

    console.log
      [Button] All props: {}

      at log (src/components/ui/Button.tsx:28:13)

    console.log
      [Button] Rendering with type: submit

      at log (src/components/ui/Button.tsx:25:13)

    console.log
      [Button] Props received: {
        variant: 'primary',
        size: 'lg',
        type: 'submit',
        loading: false,
        disabled: false
      }

      at log (src/components/ui/Button.tsx:26:13)

    console.log
      [Button] Has onClick in props: false

      at log (src/components/ui/Button.tsx:27:13)

    console.log
      [Button] All props: {}

      at log (src/components/ui/Button.tsx:28:13)

    console.log
      [Button] Rendering with type: submit

      at log (src/components/ui/Button.tsx:25:13)

    console.log
      [Button] Props received: {
        variant: 'primary',
        size: 'lg',
        type: 'submit',
        loading: false,
        disabled: false
      }

      at log (src/components/ui/Button.tsx:26:13)

    console.log
      [Button] Has onClick in props: false

      at log (src/components/ui/Button.tsx:27:13)

    console.log
      [Button] All props: {}

      at log (src/components/ui/Button.tsx:28:13)

    console.log
      [Button] Rendering with type: submit

      at log (src/components/ui/Button.tsx:25:13)

    console.log
      [Button] Props received: {
        variant: 'primary',
        size: 'lg',
        type: 'submit',
        loading: false,
        disabled: false
      }

      at log (src/components/ui/Button.tsx:26:13)

    console.log
      [Button] Has onClick in props: false

      at log (src/components/ui/Button.tsx:27:13)

    console.log
      [Button] All props: {}

      at log (src/components/ui/Button.tsx:28:13)

    console.log
      [Button] Rendering with type: submit

      at log (src/components/ui/Button.tsx:25:13)

    console.log
      [Button] Props received: {
        variant: 'primary',
        size: 'lg',
        type: 'submit',
        loading: false,
        disabled: false
      }

      at log (src/components/ui/Button.tsx:26:13)

    console.log
      [Button] Has onClick in props: false

      at log (src/components/ui/Button.tsx:27:13)

    console.log
      [Button] All props: {}

      at log (src/components/ui/Button.tsx:28:13)

    console.log
      [Button] Rendering with type: submit

      at log (src/components/ui/Button.tsx:25:13)

    console.log
      [Button] Props received: {
        variant: 'primary',
        size: 'lg',
        type: 'submit',
        loading: false,
        disabled: false
      }

      at log (src/components/ui/Button.tsx:26:13)

    console.log
      [Button] Has onClick in props: false

      at log (src/components/ui/Button.tsx:27:13)

    console.log
      [Button] All props: {}

      at log (src/components/ui/Button.tsx:28:13)

    console.log
      [Button] Rendering with type: submit

      at log (src/components/ui/Button.tsx:25:13)

    console.log
      [Button] Props received: {
        variant: 'primary',
        size: 'lg',
        type: 'submit',
        loading: false,
        disabled: false
      }

      at log (src/components/ui/Button.tsx:26:13)

    console.log
      [Button] Has onClick in props: false

      at log (src/components/ui/Button.tsx:27:13)

    console.log
      [Button] All props: {}

      at log (src/components/ui/Button.tsx:28:13)

    console.log
      [Button] Rendering with type: submit

      at log (src/components/ui/Button.tsx:25:13)

    console.log
      [Button] Props received: {
        variant: 'primary',
        size: 'lg',
        type: 'submit',
        loading: false,
        disabled: false
      }

      at log (src/components/ui/Button.tsx:26:13)

    console.log
      [Button] Has onClick in props: false

      at log (src/components/ui/Button.tsx:27:13)

    console.log
      [Button] All props: {}

      at log (src/components/ui/Button.tsx:28:13)

    console.log
      [Button] Rendering with type: submit

      at log (src/components/ui/Button.tsx:25:13)

    console.log
      [Button] Props received: {
        variant: 'primary',
        size: 'lg',
        type: 'submit',
        loading: false,
        disabled: false
      }

      at log (src/components/ui/Button.tsx:26:13)

    console.log
      [Button] Has onClick in props: false

      at log (src/components/ui/Button.tsx:27:13)

    console.log
      [Button] All props: {}

      at log (src/components/ui/Button.tsx:28:13)

    console.log
      [Button] Rendering with type: submit

      at log (src/components/ui/Button.tsx:25:13)

    console.log
      [Button] Props received: {
        variant: 'primary',
        size: 'lg',
        type: 'submit',
        loading: false,
        disabled: false
      }

      at log (src/components/ui/Button.tsx:26:13)

    console.log
      [Button] Has onClick in props: false

      at log (src/components/ui/Button.tsx:27:13)

    console.log
      [Button] All props: {}

      at log (src/components/ui/Button.tsx:28:13)

    console.log
      [Button] Rendering with type: submit

      at log (src/components/ui/Button.tsx:25:13)

    console.log
      [Button] Props received: {
        variant: 'primary',
        size: 'lg',
        type: 'submit',
        loading: false,
        disabled: false
      }

      at log (src/components/ui/Button.tsx:26:13)

    console.log
      [Button] Has onClick in props: false

      at log (src/components/ui/Button.tsx:27:13)

    console.log
      [Button] All props: {}

      at log (src/components/ui/Button.tsx:28:13)

    console.log
      [Button] Rendering with type: submit

      at log (src/components/ui/Button.tsx:25:13)

    console.log
      [Button] Props received: {
        variant: 'primary',
        size: 'lg',
        type: 'submit',
        loading: false,
        disabled: false
      }

      at log (src/components/ui/Button.tsx:26:13)

    console.log
      [Button] Has onClick in props: false

      at log (src/components/ui/Button.tsx:27:13)

    console.log
      [Button] All props: {}

      at log (src/components/ui/Button.tsx:28:13)

    console.log
      [Button] Rendering with type: submit

      at log (src/components/ui/Button.tsx:25:13)

    console.log
      [Button] Props received: {
        variant: 'primary',
        size: 'lg',
        type: 'submit',
        loading: false,
        disabled: false
      }

      at log (src/components/ui/Button.tsx:26:13)

    console.log
      [Button] Has onClick in props: false

      at log (src/components/ui/Button.tsx:27:13)

    console.log
      [Button] All props: {}

      at log (src/components/ui/Button.tsx:28:13)

    console.log
      [Button] Rendering with type: submit

      at log (src/components/ui/Button.tsx:25:13)

    console.log
      [Button] Props received: {
        variant: 'primary',
        size: 'lg',
        type: 'submit',
        loading: false,
        disabled: false
      }

      at log (src/components/ui/Button.tsx:26:13)

    console.log
      [Button] Has onClick in props: false

      at log (src/components/ui/Button.tsx:27:13)

    console.log
      [Button] All props: {}

      at log (src/components/ui/Button.tsx:28:13)

    console.log
      [Button] Rendering with type: submit

      at log (src/components/ui/Button.tsx:25:13)

    console.log
      [Button] Props received: {
        variant: 'primary',
        size: 'lg',
        type: 'submit',
        loading: false,
        disabled: false
      }

      at log (src/components/ui/Button.tsx:26:13)

    console.log
      [Button] Has onClick in props: false

      at log (src/components/ui/Button.tsx:27:13)

    console.log
      [Button] All props: {}

      at log (src/components/ui/Button.tsx:28:13)

    console.log
      [Button] Rendering with type: submit

      at log (src/components/ui/Button.tsx:25:13)

    console.log
      [Button] Props received: {
        variant: 'primary',
        size: 'lg',
        type: 'submit',
        loading: false,
        disabled: false
      }

      at log (src/components/ui/Button.tsx:26:13)

    console.log
      [Button] Has onClick in props: false

      at log (src/components/ui/Button.tsx:27:13)

    console.log
      [Button] All props: {}

      at log (src/components/ui/Button.tsx:28:13)

    console.log
      [Button] Rendering with type: submit

      at log (src/components/ui/Button.tsx:25:13)

    console.log
      [Button] Props received: {
        variant: 'primary',
        size: 'lg',
        type: 'submit',
        loading: false,
        disabled: false
      }

      at log (src/components/ui/Button.tsx:26:13)

    console.log
      [Button] Has onClick in props: false

      at log (src/components/ui/Button.tsx:27:13)

    console.log
      [Button] All props: {}

      at log (src/components/ui/Button.tsx:28:13)

    console.log
      [Button] Rendering with type: submit

      at log (src/components/ui/Button.tsx:25:13)

    console.log
      [Button] Props received: {
        variant: 'primary',
        size: 'lg',
        type: 'submit',
        loading: false,
        disabled: false
      }

      at log (src/components/ui/Button.tsx:26:13)

    console.log
      [Button] Has onClick in props: false

      at log (src/components/ui/Button.tsx:27:13)

    console.log
      [Button] All props: {}

      at log (src/components/ui/Button.tsx:28:13)

    console.log
      [Button] Rendering with type: submit

      at log (src/components/ui/Button.tsx:25:13)

    console.log
      [Button] Props received: {
        variant: 'primary',
        size: 'lg',
        type: 'submit',
        loading: false,
        disabled: false
      }

      at log (src/components/ui/Button.tsx:26:13)

    console.log
      [Button] Has onClick in props: false

      at log (src/components/ui/Button.tsx:27:13)

    console.log
      [Button] All props: {}

      at log (src/components/ui/Button.tsx:28:13)

    console.log
      [Button] Rendering with type: submit

      at log (src/components/ui/Button.tsx:25:13)

    console.log
      [Button] Props received: {
        variant: 'primary',
        size: 'lg',
        type: 'submit',
        loading: false,
        disabled: false
      }

      at log (src/components/ui/Button.tsx:26:13)

    console.log
      [Button] Has onClick in props: false

      at log (src/components/ui/Button.tsx:27:13)

    console.log
      [Button] All props: {}

      at log (src/components/ui/Button.tsx:28:13)

    console.log
      [Button] Rendering with type: submit

      at log (src/components/ui/Button.tsx:25:13)

    console.log
      [Button] Props received: {
        variant: 'primary',
        size: 'lg',
        type: 'submit',
        loading: false,
        disabled: false
      }

      at log (src/components/ui/Button.tsx:26:13)

    console.log
      [Button] Has onClick in props: false

      at log (src/components/ui/Button.tsx:27:13)

    console.log
      [Button] All props: {}

      at log (src/components/ui/Button.tsx:28:13)

    console.log
      [Button] Rendering with type: submit

      at log (src/components/ui/Button.tsx:25:13)

    console.log
      [Button] Props received: {
        variant: 'primary',
        size: 'lg',
        type: 'submit',
        loading: false,
        disabled: false
      }

      at log (src/components/ui/Button.tsx:26:13)

    console.log
      [Button] Has onClick in props: false

      at log (src/components/ui/Button.tsx:27:13)

    console.log
      [Button] All props: {}

      at log (src/components/ui/Button.tsx:28:13)

    console.log
      [Button] Rendering with type: submit

      at log (src/components/ui/Button.tsx:25:13)

    console.log
      [Button] Props received: {
        variant: 'primary',
        size: 'lg',
        type: 'submit',
        loading: false,
        disabled: false
      }

      at log (src/components/ui/Button.tsx:26:13)

    console.log
      [Button] Has onClick in props: false

      at log (src/components/ui/Button.tsx:27:13)

    console.log
      [Button] All props: {}

      at log (src/components/ui/Button.tsx:28:13)

    console.log
      [Button] Rendering with type: submit

      at log (src/components/ui/Button.tsx:25:13)

    console.log
      [Button] Props received: {
        variant: 'primary',
        size: 'lg',
        type: 'submit',
        loading: false,
        disabled: false
      }

      at log (src/components/ui/Button.tsx:26:13)

    console.log
      [Button] Has onClick in props: false

      at log (src/components/ui/Button.tsx:27:13)

    console.log
      [Button] All props: {}

      at log (src/components/ui/Button.tsx:28:13)

    console.log
      [Button] Rendering with type: submit

      at log (src/components/ui/Button.tsx:25:13)

    console.log
      [Button] Props received: {
        variant: 'primary',
        size: 'lg',
        type: 'submit',
        loading: false,
        disabled: false
      }

      at log (src/components/ui/Button.tsx:26:13)

    console.log
      [Button] Has onClick in props: false

      at log (src/components/ui/Button.tsx:27:13)

    console.log
      [Button] All props: {}

      at log (src/components/ui/Button.tsx:28:13)

    console.log
      [Button] Rendering with type: submit

      at log (src/components/ui/Button.tsx:25:13)

    console.log
      [Button] Props received: {
        variant: 'primary',
        size: 'lg',
        type: 'submit',
        loading: false,
        disabled: false
      }

      at log (src/components/ui/Button.tsx:26:13)

    console.log
      [Button] Has onClick in props: false

      at log (src/components/ui/Button.tsx:27:13)

    console.log
      [Button] All props: {}

      at log (src/components/ui/Button.tsx:28:13)

    console.log
      [Button] Rendering with type: submit

      at log (src/components/ui/Button.tsx:25:13)

    console.log
      [Button] Props received: {
        variant: 'primary',
        size: 'lg',
        type: 'submit',
        loading: false,
        disabled: false
      }

      at log (src/components/ui/Button.tsx:26:13)

    console.log
      [Button] Has onClick in props: false

      at log (src/components/ui/Button.tsx:27:13)

    console.log
      [Button] All props: {}

      at log (src/components/ui/Button.tsx:28:13)

    console.log
      [Button] Rendering with type: submit

      at log (src/components/ui/Button.tsx:25:13)

    console.log
      [Button] Props received: {
        variant: 'primary',
        size: 'lg',
        type: 'submit',
        loading: false,
        disabled: false
      }

      at log (src/components/ui/Button.tsx:26:13)

    console.log
      [Button] Has onClick in props: false

      at log (src/components/ui/Button.tsx:27:13)

    console.log
      [Button] All props: {}

      at log (src/components/ui/Button.tsx:28:13)

    console.log
      [Button] Rendering with type: submit

      at log (src/components/ui/Button.tsx:25:13)

    console.log
      [Button] Props received: {
        variant: 'primary',
        size: 'lg',
        type: 'submit',
        loading: false,
        disabled: false
      }

      at log (src/components/ui/Button.tsx:26:13)

    console.log
      [Button] Has onClick in props: false

      at log (src/components/ui/Button.tsx:27:13)

    console.log
      [Button] All props: {}

      at log (src/components/ui/Button.tsx:28:13)

    console.log
      [Button] Rendering with type: submit

      at log (src/components/ui/Button.tsx:25:13)

    console.log
      [Button] Props received: {
        variant: 'primary',
        size: 'lg',
        type: 'submit',
        loading: false,
        disabled: false
      }

      at log (src/components/ui/Button.tsx:26:13)

    console.log
      [Button] Has onClick in props: false

      at log (src/components/ui/Button.tsx:27:13)

    console.log
      [Button] All props: {}

      at log (src/components/ui/Button.tsx:28:13)

    console.log
      [Button] Rendering with type: submit

      at log (src/components/ui/Button.tsx:25:13)

    console.log
      [Button] Props received: {
        variant: 'primary',
        size: 'lg',
        type: 'submit',
        loading: false,
        disabled: false
      }

      at log (src/components/ui/Button.tsx:26:13)

    console.log
      [Button] Has onClick in props: false

      at log (src/components/ui/Button.tsx:27:13)

    console.log
      [Button] All props: {}

      at log (src/components/ui/Button.tsx:28:13)

    console.log
      [Button] Rendering with type: submit

      at log (src/components/ui/Button.tsx:25:13)

    console.log
      [Button] Props received: {
        variant: 'primary',
        size: 'lg',
        type: 'submit',
        loading: false,
        disabled: false
      }

      at log (src/components/ui/Button.tsx:26:13)

    console.log
      [Button] Has onClick in props: false

      at log (src/components/ui/Button.tsx:27:13)

    console.log
      [Button] All props: {}

      at log (src/components/ui/Button.tsx:28:13)

    console.log
      [Button] Rendering with type: submit

      at log (src/components/ui/Button.tsx:25:13)

    console.log
      [Button] Props received: {
        variant: 'primary',
        size: 'lg',
        type: 'submit',
        loading: false,
        disabled: false
      }

      at log (src/components/ui/Button.tsx:26:13)

    console.log
      [Button] Has onClick in props: false

      at log (src/components/ui/Button.tsx:27:13)

    console.log
      [Button] All props: {}

      at log (src/components/ui/Button.tsx:28:13)

    console.log
      [Button] Rendering with type: submit

      at log (src/components/ui/Button.tsx:25:13)

    console.log
      [Button] Props received: {
        variant: 'primary',
        size: 'lg',
        type: 'submit',
        loading: false,
        disabled: false
      }

      at log (src/components/ui/Button.tsx:26:13)

    console.log
      [Button] Has onClick in props: false

      at log (src/components/ui/Button.tsx:27:13)

    console.log
      [Button] All props: {}

      at log (src/components/ui/Button.tsx:28:13)

    console.log
      [Button] Rendering with type: submit

      at log (src/components/ui/Button.tsx:25:13)

    console.log
      [Button] Props received: {
        variant: 'primary',
        size: 'lg',
        type: 'submit',
        loading: false,
        disabled: false
      }

      at log (src/components/ui/Button.tsx:26:13)

    console.log
      [Button] Has onClick in props: false

      at log (src/components/ui/Button.tsx:27:13)

    console.log
      [Button] All props: {}

      at log (src/components/ui/Button.tsx:28:13)

    console.log
      [Button] Rendering with type: submit

      at log (src/components/ui/Button.tsx:25:13)

    console.log
      [Button] Props received: {
        variant: 'primary',
        size: 'lg',
        type: 'submit',
        loading: false,
        disabled: false
      }

      at log (src/components/ui/Button.tsx:26:13)

    console.log
      [Button] Has onClick in props: false

      at log (src/components/ui/Button.tsx:27:13)

    console.log
      [Button] All props: {}

      at log (src/components/ui/Button.tsx:28:13)

    console.log
      [Button] Rendering with type: submit

      at log (src/components/ui/Button.tsx:25:13)

    console.log
      [Button] Props received: {
        variant: 'primary',
        size: 'lg',
        type: 'submit',
        loading: false,
        disabled: false
      }

      at log (src/components/ui/Button.tsx:26:13)

    console.log
      [Button] Has onClick in props: false

      at log (src/components/ui/Button.tsx:27:13)

    console.log
      [Button] All props: {}

      at log (src/components/ui/Button.tsx:28:13)

    console.log
      [Button] Rendering with type: submit

      at log (src/components/ui/Button.tsx:25:13)

    console.log
      [Button] Props received: {
        variant: 'primary',
        size: 'lg',
        type: 'submit',
        loading: false,
        disabled: false
      }

      at log (src/components/ui/Button.tsx:26:13)

    console.log
      [Button] Has onClick in props: false

      at log (src/components/ui/Button.tsx:27:13)

    console.log
      [Button] All props: {}

      at log (src/components/ui/Button.tsx:28:13)

    console.log
      [Button] Rendering with type: submit

      at log (src/components/ui/Button.tsx:25:13)

    console.log
      [Button] Props received: {
        variant: 'primary',
        size: 'lg',
        type: 'submit',
        loading: false,
        disabled: false
      }

      at log (src/components/ui/Button.tsx:26:13)

    console.log
      [Button] Has onClick in props: false

      at log (src/components/ui/Button.tsx:27:13)

    console.log
      [Button] All props: {}

      at log (src/components/ui/Button.tsx:28:13)

    console.log
      [Button] Rendering with type: submit

      at log (src/components/ui/Button.tsx:25:13)

    console.log
      [Button] Props received: {
        variant: 'primary',
        size: 'lg',
        type: 'submit',
        loading: false,
        disabled: false
      }

      at log (src/components/ui/Button.tsx:26:13)

    console.log
      [Button] Has onClick in props: false

      at log (src/components/ui/Button.tsx:27:13)

    console.log
      [Button] All props: {}

      at log (src/components/ui/Button.tsx:28:13)

    console.log
      [Button] Rendering with type: submit

      at log (src/components/ui/Button.tsx:25:13)

    console.log
      [Button] Props received: {
        variant: 'primary',
        size: 'lg',
        type: 'submit',
        loading: false,
        disabled: false
      }

      at log (src/components/ui/Button.tsx:26:13)

    console.log
      [Button] Has onClick in props: false

      at log (src/components/ui/Button.tsx:27:13)

    console.log
      [Button] All props: {}

      at log (src/components/ui/Button.tsx:28:13)

    console.log
      [Button] Rendering with type: submit

      at log (src/components/ui/Button.tsx:25:13)

    console.log
      [Button] Props received: {
        variant: 'primary',
        size: 'lg',
        type: 'submit',
        loading: false,
        disabled: false
      }

      at log (src/components/ui/Button.tsx:26:13)

    console.log
      [Button] Has onClick in props: false

      at log (src/components/ui/Button.tsx:27:13)

    console.log
      [Button] All props: {}

      at log (src/components/ui/Button.tsx:28:13)

    console.log
      [Button] Rendering with type: submit

      at log (src/components/ui/Button.tsx:25:13)

    console.log
      [Button] Props received: {
        variant: 'primary',
        size: 'lg',
        type: 'submit',
        loading: false,
        disabled: false
      }

      at log (src/components/ui/Button.tsx:26:13)

    console.log
      [Button] Has onClick in props: false

      at log (src/components/ui/Button.tsx:27:13)

    console.log
      [Button] All props: {}

      at log (src/components/ui/Button.tsx:28:13)

    console.log
      [Button] Rendering with type: submit

      at log (src/components/ui/Button.tsx:25:13)

    console.log
      [Button] Props received: {
        variant: 'primary',
        size: 'lg',
        type: 'submit',
        loading: false,
        disabled: false
      }

      at log (src/components/ui/Button.tsx:26:13)

    console.log
      [Button] Has onClick in props: false

      at log (src/components/ui/Button.tsx:27:13)

    console.log
      [Button] All props: {}

      at log (src/components/ui/Button.tsx:28:13)

    console.log
      [Button] Rendering with type: submit

      at log (src/components/ui/Button.tsx:25:13)

    console.log
      [Button] Props received: {
        variant: 'primary',
        size: 'lg',
        type: 'submit',
        loading: false,
        disabled: false
      }

      at log (src/components/ui/Button.tsx:26:13)

    console.log
      [Button] Has onClick in props: false

      at log (src/components/ui/Button.tsx:27:13)

    console.log
      [Button] All props: {}

      at log (src/components/ui/Button.tsx:28:13)

    console.log
      [Button] Rendering with type: submit

      at log (src/components/ui/Button.tsx:25:13)

    console.log
      [Button] Props received: {
        variant: 'primary',
        size: 'lg',
        type: 'submit',
        loading: false,
        disabled: false
      }

      at log (src/components/ui/Button.tsx:26:13)

    console.log
      [Button] Has onClick in props: false

      at log (src/components/ui/Button.tsx:27:13)

    console.log
      [Button] All props: {}

      at log (src/components/ui/Button.tsx:28:13)

    console.log
      [Button] Rendering with type: submit

      at log (src/components/ui/Button.tsx:25:13)

    console.log
      [Button] Props received: {
        variant: 'primary',
        size: 'lg',
        type: 'submit',
        loading: false,
        disabled: false
      }

      at log (src/components/ui/Button.tsx:26:13)

    console.log
      [Button] Has onClick in props: false

      at log (src/components/ui/Button.tsx:27:13)

    console.log
      [Button] All props: {}

      at log (src/components/ui/Button.tsx:28:13)

    console.log
      [Button] Rendering with type: submit

      at log (src/components/ui/Button.tsx:25:13)

    console.log
      [Button] Props received: {
        variant: 'primary',
        size: 'lg',
        type: 'submit',
        loading: false,
        disabled: false
      }

      at log (src/components/ui/Button.tsx:26:13)

    console.log
      [Button] Has onClick in props: false

      at log (src/components/ui/Button.tsx:27:13)

    console.log
      [Button] All props: {}

      at log (src/components/ui/Button.tsx:28:13)

    console.log
      [Button] Rendering with type: submit

      at log (src/components/ui/Button.tsx:25:13)

    console.log
      [Button] Props received: {
        variant: 'primary',
        size: 'lg',
        type: 'submit',
        loading: false,
        disabled: false
      }

      at log (src/components/ui/Button.tsx:26:13)

    console.log
      [Button] Has onClick in props: false

      at log (src/components/ui/Button.tsx:27:13)

    console.log
      [Button] All props: {}

      at log (src/components/ui/Button.tsx:28:13)

    console.log
      [Button] Rendering with type: submit

      at log (src/components/ui/Button.tsx:25:13)

    console.log
      [Button] Props received: {
        variant: 'primary',
        size: 'lg',
        type: 'submit',
        loading: false,
        disabled: false
      }

      at log (src/components/ui/Button.tsx:26:13)

    console.log
      [Button] Has onClick in props: false

      at log (src/components/ui/Button.tsx:27:13)

    console.log
      [Button] All props: {}

      at log (src/components/ui/Button.tsx:28:13)

    console.log
      [Button] Rendering with type: submit

      at log (src/components/ui/Button.tsx:25:13)

    console.log
      [Button] Props received: {
        variant: 'primary',
        size: 'lg',
        type: 'submit',
        loading: false,
        disabled: false
      }

      at log (src/components/ui/Button.tsx:26:13)

    console.log
      [Button] Has onClick in props: false

      at log (src/components/ui/Button.tsx:27:13)

    console.log
      [Button] All props: {}

      at log (src/components/ui/Button.tsx:28:13)

    console.log
      [Button] Rendering with type: submit

      at log (src/components/ui/Button.tsx:25:13)

    console.log
      [Button] Props received: {
        variant: 'primary',
        size: 'lg',
        type: 'submit',
        loading: false,
        disabled: false
      }

      at log (src/components/ui/Button.tsx:26:13)

    console.log
      [Button] Has onClick in props: false

      at log (src/components/ui/Button.tsx:27:13)

    console.log
      [Button] All props: {}

      at log (src/components/ui/Button.tsx:28:13)

    console.log
      [Button] Rendering with type: submit

      at log (src/components/ui/Button.tsx:25:13)

    console.log
      [Button] Props received: {
        variant: 'primary',
        size: 'lg',
        type: 'submit',
        loading: false,
        disabled: false
      }

      at log (src/components/ui/Button.tsx:26:13)

    console.log
      [Button] Has onClick in props: false

      at log (src/components/ui/Button.tsx:27:13)

    console.log
      [Button] All props: {}

      at log (src/components/ui/Button.tsx:28:13)

    console.log
      [Button] Rendering with type: submit

      at log (src/components/ui/Button.tsx:25:13)

    console.log
      [Button] Props received: {
        variant: 'primary',
        size: 'lg',
        type: 'submit',
        loading: false,
        disabled: false
      }

      at log (src/components/ui/Button.tsx:26:13)

    console.log
      [Button] Has onClick in props: false

      at log (src/components/ui/Button.tsx:27:13)

    console.log
      [Button] All props: {}

      at log (src/components/ui/Button.tsx:28:13)

    console.log
      [Button] Rendering with type: submit

      at log (src/components/ui/Button.tsx:25:13)

    console.log
      [Button] Props received: {
        variant: 'primary',
        size: 'lg',
        type: 'submit',
        loading: false,
        disabled: false
      }

      at log (src/components/ui/Button.tsx:26:13)

    console.log
      [Button] Has onClick in props: false

      at log (src/components/ui/Button.tsx:27:13)

    console.log
      [Button] All props: {}

      at log (src/components/ui/Button.tsx:28:13)

    console.log
      [Button] Rendering with type: submit

      at log (src/components/ui/Button.tsx:25:13)

    console.log
      [Button] Props received: {
        variant: 'primary',
        size: 'lg',
        type: 'submit',
        loading: false,
        disabled: false
      }

      at log (src/components/ui/Button.tsx:26:13)

    console.log
      [Button] Has onClick in props: false

      at log (src/components/ui/Button.tsx:27:13)

    console.log
      [Button] All props: {}

      at log (src/components/ui/Button.tsx:28:13)

    console.log
      [Button] Rendering with type: submit

      at log (src/components/ui/Button.tsx:25:13)

    console.log
      [Button] Props received: {
        variant: 'primary',
        size: 'lg',
        type: 'submit',
        loading: false,
        disabled: false
      }

      at log (src/components/ui/Button.tsx:26:13)

    console.log
      [Button] Has onClick in props: false

      at log (src/components/ui/Button.tsx:27:13)

    console.log
      [Button] All props: {}

      at log (src/components/ui/Button.tsx:28:13)

    console.log
      [Button] Rendering with type: submit

      at log (src/components/ui/Button.tsx:25:13)

    console.log
      [Button] Props received: {
        variant: 'primary',
        size: 'lg',
        type: 'submit',
        loading: false,
        disabled: false
      }

      at log (src/components/ui/Button.tsx:26:13)

    console.log
      [Button] Has onClick in props: false

      at log (src/components/ui/Button.tsx:27:13)

    console.log
      [Button] All props: {}

      at log (src/components/ui/Button.tsx:28:13)

    console.log
      [Button] Rendering with type: submit

      at log (src/components/ui/Button.tsx:25:13)

    console.log
      [Button] Props received: {
        variant: 'primary',
        size: 'lg',
        type: 'submit',
        loading: false,
        disabled: false
      }

      at log (src/components/ui/Button.tsx:26:13)

    console.log
      [Button] Has onClick in props: false

      at log (src/components/ui/Button.tsx:27:13)

    console.log
      [Button] All props: {}

      at log (src/components/ui/Button.tsx:28:13)

    console.log
      [Button] Rendering with type: submit

      at log (src/components/ui/Button.tsx:25:13)

    console.log
      [Button] Props received: {
        variant: 'primary',
        size: 'lg',
        type: 'submit',
        loading: false,
        disabled: false
      }

      at log (src/components/ui/Button.tsx:26:13)

    console.log
      [Button] Has onClick in props: false

      at log (src/components/ui/Button.tsx:27:13)

    console.log
      [Button] All props: {}

      at log (src/components/ui/Button.tsx:28:13)

    console.log
      [Button] Rendering with type: submit

      at log (src/components/ui/Button.tsx:25:13)

    console.log
      [Button] Props received: {
        variant: 'primary',
        size: 'lg',
        type: 'submit',
        loading: false,
        disabled: false
      }

      at log (src/components/ui/Button.tsx:26:13)

    console.log
      [Button] Has onClick in props: false

      at log (src/components/ui/Button.tsx:27:13)

    console.log
      [Button] All props: {}

      at log (src/components/ui/Button.tsx:28:13)

    console.log
      [Button] Rendering with type: submit

      at log (src/components/ui/Button.tsx:25:13)

    console.log
      [Button] Props received: {
        variant: 'primary',
        size: 'lg',
        type: 'submit',
        loading: false,
        disabled: false
      }

      at log (src/components/ui/Button.tsx:26:13)

    console.log
      [Button] Has onClick in props: false

      at log (src/components/ui/Button.tsx:27:13)

    console.log
      [Button] All props: {}

      at log (src/components/ui/Button.tsx:28:13)

    console.log
      [Button] Rendering with type: submit

      at log (src/components/ui/Button.tsx:25:13)

    console.log
      [Button] Props received: {
        variant: 'primary',
        size: 'lg',
        type: 'submit',
        loading: false,
        disabled: false
      }

      at log (src/components/ui/Button.tsx:26:13)

    console.log
      [Button] Has onClick in props: false

      at log (src/components/ui/Button.tsx:27:13)

    console.log
      [Button] All props: {}

      at log (src/components/ui/Button.tsx:28:13)

    console.log
      [Button] Rendering with type: submit

      at log (src/components/ui/Button.tsx:25:13)

    console.log
      [Button] Props received: {
        variant: 'primary',
        size: 'lg',
        type: 'submit',
        loading: false,
        disabled: false
      }

      at log (src/components/ui/Button.tsx:26:13)

    console.log
      [Button] Has onClick in props: false

      at log (src/components/ui/Button.tsx:27:13)

    console.log
      [Button] All props: {}

      at log (src/components/ui/Button.tsx:28:13)

    console.log
      [Button] Rendering with type: submit

      at log (src/components/ui/Button.tsx:25:13)

    console.log
      [Button] Props received: {
        variant: 'primary',
        size: 'lg',
        type: 'submit',
        loading: false,
        disabled: false
      }

      at log (src/components/ui/Button.tsx:26:13)

    console.log
      [Button] Has onClick in props: false

      at log (src/components/ui/Button.tsx:27:13)

    console.log
      [Button] All props: {}

      at log (src/components/ui/Button.tsx:28:13)

    console.log
      [Button] Rendering with type: submit

      at log (src/components/ui/Button.tsx:25:13)

    console.log
      [Button] Props received: {
        variant: 'primary',
        size: 'lg',
        type: 'submit',
        loading: false,
        disabled: false
      }

      at log (src/components/ui/Button.tsx:26:13)

    console.log
      [Button] Has onClick in props: false

      at log (src/components/ui/Button.tsx:27:13)

    console.log
      [Button] All props: {}

      at log (src/components/ui/Button.tsx:28:13)

    console.log
      [Button] Rendering with type: submit

      at log (src/components/ui/Button.tsx:25:13)

    console.log
      [Button] Props received: {
        variant: 'primary',
        size: 'lg',
        type: 'submit',
        loading: false,
        disabled: false
      }

      at log (src/components/ui/Button.tsx:26:13)

    console.log
      [Button] Has onClick in props: false

      at log (src/components/ui/Button.tsx:27:13)

    console.log
      [Button] All props: {}

      at log (src/components/ui/Button.tsx:28:13)

    console.log
      [Button] Rendering with type: submit

      at log (src/components/ui/Button.tsx:25:13)

    console.log
      [Button] Props received: {
        variant: 'primary',
        size: 'lg',
        type: 'submit',
        loading: false,
        disabled: false
      }

      at log (src/components/ui/Button.tsx:26:13)

    console.log
      [Button] Has onClick in props: false

      at log (src/components/ui/Button.tsx:27:13)

    console.log
      [Button] All props: {}

      at log (src/components/ui/Button.tsx:28:13)

    console.log
      [Button] Rendering with type: submit

      at log (src/components/ui/Button.tsx:25:13)

    console.log
      [Button] Props received: {
        variant: 'primary',
        size: 'lg',
        type: 'submit',
        loading: false,
        disabled: false
      }

      at log (src/components/ui/Button.tsx:26:13)

    console.log
      [Button] Has onClick in props: false

      at log (src/components/ui/Button.tsx:27:13)

    console.log
      [Button] All props: {}

      at log (src/components/ui/Button.tsx:28:13)

    console.log
      [Button] Rendering with type: submit

      at log (src/components/ui/Button.tsx:25:13)

    console.log
      [Button] Props received: {
        variant: 'primary',
        size: 'lg',
        type: 'submit',
        loading: false,
        disabled: false
      }

      at log (src/components/ui/Button.tsx:26:13)

    console.log
      [Button] Has onClick in props: false

      at log (src/components/ui/Button.tsx:27:13)

    console.log
      [Button] All props: {}

      at log (src/components/ui/Button.tsx:28:13)

    console.log
      [Button] Rendering with type: submit

      at log (src/components/ui/Button.tsx:25:13)

    console.log
      [Button] Props received: {
        variant: 'primary',
        size: 'lg',
        type: 'submit',
        loading: false,
        disabled: false
      }

      at log (src/components/ui/Button.tsx:26:13)

    console.log
      [Button] Has onClick in props: false

      at log (src/components/ui/Button.tsx:27:13)

    console.log
      [Button] All props: {}

      at log (src/components/ui/Button.tsx:28:13)

    console.log
      [Button] Rendering with type: submit

      at log (src/components/ui/Button.tsx:25:13)

    console.log
      [Button] Props received: {
        variant: 'primary',
        size: 'lg',
        type: 'submit',
        loading: false,
        disabled: false
      }

      at log (src/components/ui/Button.tsx:26:13)

    console.log
      [Button] Has onClick in props: false

      at log (src/components/ui/Button.tsx:27:13)

    console.log
      [Button] All props: {}

      at log (src/components/ui/Button.tsx:28:13)

    console.log
      [Button] Rendering with type: submit

      at log (src/components/ui/Button.tsx:25:13)

    console.log
      [Button] Props received: {
        variant: 'primary',
        size: 'lg',
        type: 'submit',
        loading: false,
        disabled: false
      }

      at log (src/components/ui/Button.tsx:26:13)

    console.log
      [Button] Has onClick in props: false

      at log (src/components/ui/Button.tsx:27:13)

    console.log
      [Button] All props: {}

      at log (src/components/ui/Button.tsx:28:13)

    console.log
      [Button] Rendering with type: submit

      at log (src/components/ui/Button.tsx:25:13)

    console.log
      [Button] Props received: {
        variant: 'primary',
        size: 'lg',
        type: 'submit',
        loading: false,
        disabled: false
      }

      at log (src/components/ui/Button.tsx:26:13)

    console.log
      [Button] Has onClick in props: false

      at log (src/components/ui/Button.tsx:27:13)

    console.log
      [Button] All props: {}

      at log (src/components/ui/Button.tsx:28:13)

    console.log
      [Button] Rendering with type: submit

      at log (src/components/ui/Button.tsx:25:13)

    console.log
      [Button] Props received: {
        variant: 'primary',
        size: 'lg',
        type: 'submit',
        loading: false,
        disabled: false
      }

      at log (src/components/ui/Button.tsx:26:13)

    console.log
      [Button] Has onClick in props: false

      at log (src/components/ui/Button.tsx:27:13)

    console.log
      [Button] All props: {}

      at log (src/components/ui/Button.tsx:28:13)

    console.log
      [Button] Rendering with type: submit

      at log (src/components/ui/Button.tsx:25:13)

    console.log
      [Button] Props received: {
        variant: 'primary',
        size: 'lg',
        type: 'submit',
        loading: false,
        disabled: false
      }

      at log (src/components/ui/Button.tsx:26:13)

    console.log
      [Button] Has onClick in props: false

      at log (src/components/ui/Button.tsx:27:13)

    console.log
      [Button] All props: {}

      at log (src/components/ui/Button.tsx:28:13)

    console.log
      [Button] Rendering with type: submit

      at log (src/components/ui/Button.tsx:25:13)

    console.log
      [Button] Props received: {
        variant: 'primary',
        size: 'lg',
        type: 'submit',
        loading: false,
        disabled: false
      }

      at log (src/components/ui/Button.tsx:26:13)

    console.log
      [Button] Has onClick in props: false

      at log (src/components/ui/Button.tsx:27:13)

    console.log
      [Button] All props: {}

      at log (src/components/ui/Button.tsx:28:13)

    console.log
      [Button] Rendering with type: submit

      at log (src/components/ui/Button.tsx:25:13)

    console.log
      [Button] Props received: {
        variant: 'primary',
        size: 'lg',
        type: 'submit',
        loading: false,
        disabled: false
      }

      at log (src/components/ui/Button.tsx:26:13)

    console.log
      [Button] Has onClick in props: false

      at log (src/components/ui/Button.tsx:27:13)

    console.log
      [Button] All props: {}

      at log (src/components/ui/Button.tsx:28:13)

    console.log
      [Button] Rendering with type: submit

      at log (src/components/ui/Button.tsx:25:13)

    console.log
      [Button] Props received: {
        variant: 'primary',
        size: 'lg',
        type: 'submit',
        loading: false,
        disabled: false
      }

      at log (src/components/ui/Button.tsx:26:13)

    console.log
      [Button] Has onClick in props: false

      at log (src/components/ui/Button.tsx:27:13)

    console.log
      [Button] All props: {}

      at log (src/components/ui/Button.tsx:28:13)

    console.log
      [Button] Rendering with type: submit

      at log (src/components/ui/Button.tsx:25:13)

    console.log
      [Button] Props received: {
        variant: 'primary',
        size: 'lg',
        type: 'submit',
        loading: false,
        disabled: false
      }

      at log (src/components/ui/Button.tsx:26:13)

    console.log
      [Button] Has onClick in props: false

      at log (src/components/ui/Button.tsx:27:13)

    console.log
      [Button] All props: {}

      at log (src/components/ui/Button.tsx:28:13)

    console.log
      [Button] Rendering with type: submit

      at log (src/components/ui/Button.tsx:25:13)

    console.log
      [Button] Props received: {
        variant: 'primary',
        size: 'lg',
        type: 'submit',
        loading: false,
        disabled: false
      }

      at log (src/components/ui/Button.tsx:26:13)

    console.log
      [Button] Has onClick in props: false

      at log (src/components/ui/Button.tsx:27:13)

    console.log
      [Button] All props: {}

      at log (src/components/ui/Button.tsx:28:13)

    console.log
      [Button] Rendering with type: submit

      at log (src/components/ui/Button.tsx:25:13)

    console.log
      [Button] Props received: {
        variant: 'primary',
        size: 'lg',
        type: 'submit',
        loading: false,
        disabled: false
      }

      at log (src/components/ui/Button.tsx:26:13)

    console.log
      [Button] Has onClick in props: false

      at log (src/components/ui/Button.tsx:27:13)

    console.log
      [Button] All props: {}

      at log (src/components/ui/Button.tsx:28:13)

    console.log
      [Button] Rendering with type: submit

      at log (src/components/ui/Button.tsx:25:13)

    console.log
      [Button] Props received: {
        variant: 'primary',
        size: 'lg',
        type: 'submit',
        loading: false,
        disabled: false
      }

      at log (src/components/ui/Button.tsx:26:13)

    console.log
      [Button] Has onClick in props: false

      at log (src/components/ui/Button.tsx:27:13)

    console.log
      [Button] All props: {}

      at log (src/components/ui/Button.tsx:28:13)

    console.log
      [Button] Rendering with type: submit

      at log (src/components/ui/Button.tsx:25:13)

    console.log
      [Button] Props received: {
        variant: 'primary',
        size: 'lg',
        type: 'submit',
        loading: false,
        disabled: false
      }

      at log (src/components/ui/Button.tsx:26:13)

    console.log
      [Button] Has onClick in props: false

      at log (src/components/ui/Button.tsx:27:13)

    console.log
      [Button] All props: {}

      at log (src/components/ui/Button.tsx:28:13)

    console.log
      [Button] Rendering with type: submit

      at log (src/components/ui/Button.tsx:25:13)

    console.log
      [Button] Props received: {
        variant: 'primary',
        size: 'lg',
        type: 'submit',
        loading: false,
        disabled: false
      }

      at log (src/components/ui/Button.tsx:26:13)

    console.log
      [Button] Has onClick in props: false

      at log (src/components/ui/Button.tsx:27:13)

    console.log
      [Button] All props: {}

      at log (src/components/ui/Button.tsx:28:13)

    console.log
      [Button] Rendering with type: submit

      at log (src/components/ui/Button.tsx:25:13)

    console.log
      [Button] Props received: {
        variant: 'primary',
        size: 'lg',
        type: 'submit',
        loading: false,
        disabled: false
      }

      at log (src/components/ui/Button.tsx:26:13)

    console.log
      [Button] Has onClick in props: false

      at log (src/components/ui/Button.tsx:27:13)

    console.log
      [Button] All props: {}

      at log (src/components/ui/Button.tsx:28:13)

    console.log
      [Button] Rendering with type: submit

      at log (src/components/ui/Button.tsx:25:13)

    console.log
      [Button] Props received: {
        variant: 'primary',
        size: 'lg',
        type: 'submit',
        loading: false,
        disabled: false
      }

      at log (src/components/ui/Button.tsx:26:13)

    console.log
      [Button] Has onClick in props: false

      at log (src/components/ui/Button.tsx:27:13)

    console.log
      [Button] All props: {}

      at log (src/components/ui/Button.tsx:28:13)

    console.log
      [Button] Rendering with type: submit

      at log (src/components/ui/Button.tsx:25:13)

    console.log
      [Button] Props received: {
        variant: 'primary',
        size: 'lg',
        type: 'submit',
        loading: false,
        disabled: false
      }

      at log (src/components/ui/Button.tsx:26:13)

    console.log
      [Button] Has onClick in props: false

      at log (src/components/ui/Button.tsx:27:13)

    console.log
      [Button] All props: {}

      at log (src/components/ui/Button.tsx:28:13)

    console.log
      [Button] Rendering with type: submit

      at log (src/components/ui/Button.tsx:25:13)

    console.log
      [Button] Props received: {
        variant: 'primary',
        size: 'lg',
        type: 'submit',
        loading: false,
        disabled: false
      }

      at log (src/components/ui/Button.tsx:26:13)

    console.log
      [Button] Has onClick in props: false

      at log (src/components/ui/Button.tsx:27:13)

    console.log
      [Button] All props: {}

      at log (src/components/ui/Button.tsx:28:13)

    console.log
      [Button] Rendering with type: submit

      at log (src/components/ui/Button.tsx:25:13)

    console.log
      [Button] Props received: {
        variant: 'primary',
        size: 'lg',
        type: 'submit',
        loading: false,
        disabled: false
      }

      at log (src/components/ui/Button.tsx:26:13)

    console.log
      [Button] Has onClick in props: false

      at log (src/components/ui/Button.tsx:27:13)

    console.log
      [Button] All props: {}

      at log (src/components/ui/Button.tsx:28:13)

    console.log
      [Button] Rendering with type: submit

      at log (src/components/ui/Button.tsx:25:13)

    console.log
      [Button] Props received: {
        variant: 'primary',
        size: 'lg',
        type: 'submit',
        loading: false,
        disabled: false
      }

      at log (src/components/ui/Button.tsx:26:13)

    console.log
      [Button] Has onClick in props: false

      at log (src/components/ui/Button.tsx:27:13)

    console.log
      [Button] All props: {}

      at log (src/components/ui/Button.tsx:28:13)

    console.log
      [Button] Rendering with type: submit

      at log (src/components/ui/Button.tsx:25:13)

    console.log
      [Button] Props received: {
        variant: 'primary',
        size: 'lg',
        type: 'submit',
        loading: false,
        disabled: false
      }

      at log (src/components/ui/Button.tsx:26:13)

    console.log
      [Button] Has onClick in props: false

      at log (src/components/ui/Button.tsx:27:13)

    console.log
      [Button] All props: {}

      at log (src/components/ui/Button.tsx:28:13)

    console.log
      [Button] Rendering with type: submit

      at log (src/components/ui/Button.tsx:25:13)

    console.log
      [Button] Props received: {
        variant: 'primary',
        size: 'lg',
        type: 'submit',
        loading: false,
        disabled: false
      }

      at log (src/components/ui/Button.tsx:26:13)

    console.log
      [Button] Has onClick in props: false

      at log (src/components/ui/Button.tsx:27:13)

    console.log
      [Button] All props: {}

      at log (src/components/ui/Button.tsx:28:13)

    console.log
      [Button] Rendering with type: submit

      at log (src/components/ui/Button.tsx:25:13)

    console.log
      [Button] Props received: {
        variant: 'primary',
        size: 'lg',
        type: 'submit',
        loading: false,
        disabled: false
      }

      at log (src/components/ui/Button.tsx:26:13)

    console.log
      [Button] Has onClick in props: false

      at log (src/components/ui/Button.tsx:27:13)

    console.log
      [Button] All props: {}

      at log (src/components/ui/Button.tsx:28:13)

    console.log
      [Button] Rendering with type: submit

      at log (src/components/ui/Button.tsx:25:13)

    console.log
      [Button] Props received: {
        variant: 'primary',
        size: 'lg',
        type: 'submit',
        loading: false,
        disabled: false
      }

      at log (src/components/ui/Button.tsx:26:13)

    console.log
      [Button] Has onClick in props: false

      at log (src/components/ui/Button.tsx:27:13)

    console.log
      [Button] All props: {}

      at log (src/components/ui/Button.tsx:28:13)

    console.log
      [Button] Rendering with type: submit

      at log (src/components/ui/Button.tsx:25:13)

    console.log
      [Button] Props received: {
        variant: 'primary',
        size: 'lg',
        type: 'submit',
        loading: false,
        disabled: false
      }

      at log (src/components/ui/Button.tsx:26:13)

    console.log
      [Button] Has onClick in props: false

      at log (src/components/ui/Button.tsx:27:13)

    console.log
      [Button] All props: {}

      at log (src/components/ui/Button.tsx:28:13)

    console.log
      [Button] Rendering with type: submit

      at log (src/components/ui/Button.tsx:25:13)

    console.log
      [Button] Props received: {
        variant: 'primary',
        size: 'lg',
        type: 'submit',
        loading: false,
        disabled: false
      }

      at log (src/components/ui/Button.tsx:26:13)

    console.log
      [Button] Has onClick in props: false

      at log (src/components/ui/Button.tsx:27:13)

    console.log
      [Button] All props: {}

      at log (src/components/ui/Button.tsx:28:13)

    console.log
      [Button] Rendering with type: submit

      at log (src/components/ui/Button.tsx:25:13)

    console.log
      [Button] Props received: {
        variant: 'primary',
        size: 'lg',
        type: 'submit',
        loading: false,
        disabled: false
      }

      at log (src/components/ui/Button.tsx:26:13)

    console.log
      [Button] Has onClick in props: false

      at log (src/components/ui/Button.tsx:27:13)

    console.log
      [Button] All props: {}

      at log (src/components/ui/Button.tsx:28:13)

    console.log
      [Button] Rendering with type: submit

      at log (src/components/ui/Button.tsx:25:13)

    console.log
      [Button] Props received: {
        variant: 'primary',
        size: 'lg',
        type: 'submit',
        loading: false,
        disabled: false
      }

      at log (src/components/ui/Button.tsx:26:13)

    console.log
      [Button] Has onClick in props: false

      at log (src/components/ui/Button.tsx:27:13)

    console.log
      [Button] All props: {}

      at log (src/components/ui/Button.tsx:28:13)

    console.log
      [Button] Rendering with type: submit

      at log (src/components/ui/Button.tsx:25:13)

    console.log
      [Button] Props received: {
        variant: 'primary',
        size: 'lg',
        type: 'submit',
        loading: false,
        disabled: false
      }

      at log (src/components/ui/Button.tsx:26:13)

    console.log
      [Button] Has onClick in props: false

      at log (src/components/ui/Button.tsx:27:13)

    console.log
      [Button] All props: {}

      at log (src/components/ui/Button.tsx:28:13)

    console.log
      [Button] Rendering with type: submit

      at log (src/components/ui/Button.tsx:25:13)

    console.log
      [Button] Props received: {
        variant: 'primary',
        size: 'lg',
        type: 'submit',
        loading: false,
        disabled: false
      }

      at log (src/components/ui/Button.tsx:26:13)

    console.log
      [Button] Has onClick in props: false

      at log (src/components/ui/Button.tsx:27:13)

    console.log
      [Button] All props: {}

      at log (src/components/ui/Button.tsx:28:13)

    console.log
      [Button] Rendering with type: submit

      at log (src/components/ui/Button.tsx:25:13)

    console.log
      [Button] Props received: {
        variant: 'primary',
        size: 'lg',
        type: 'submit',
        loading: false,
        disabled: false
      }

      at log (src/components/ui/Button.tsx:26:13)

    console.log
      [Button] Has onClick in props: false

      at log (src/components/ui/Button.tsx:27:13)

    console.log
      [Button] All props: {}

      at log (src/components/ui/Button.tsx:28:13)

    console.log
      [Button] Rendering with type: submit

      at log (src/components/ui/Button.tsx:25:13)

    console.log
      [Button] Props received: {
        variant: 'primary',
        size: 'lg',
        type: 'submit',
        loading: false,
        disabled: false
      }

      at log (src/components/ui/Button.tsx:26:13)

    console.log
      [Button] Has onClick in props: false

      at log (src/components/ui/Button.tsx:27:13)

    console.log
      [Button] All props: {}

      at log (src/components/ui/Button.tsx:28:13)

    console.log
      [Button] Rendering with type: submit

      at log (src/components/ui/Button.tsx:25:13)

    console.log
      [Button] Props received: {
        variant: 'primary',
        size: 'lg',
        type: 'submit',
        loading: false,
        disabled: false
      }

      at log (src/components/ui/Button.tsx:26:13)

    console.log
      [Button] Has onClick in props: false

      at log (src/components/ui/Button.tsx:27:13)

    console.log
      [Button] All props: {}

      at log (src/components/ui/Button.tsx:28:13)

    console.log
      [Button] Rendering with type: submit

      at log (src/components/ui/Button.tsx:25:13)

    console.log
      [Button] Props received: {
        variant: 'primary',
        size: 'lg',
        type: 'submit',
        loading: false,
        disabled: false
      }

      at log (src/components/ui/Button.tsx:26:13)

    console.log
      [Button] Has onClick in props: false

      at log (src/components/ui/Button.tsx:27:13)

    console.log
      [Button] All props: {}

      at log (src/components/ui/Button.tsx:28:13)

    console.log
      [Button] Rendering with type: submit

      at log (src/components/ui/Button.tsx:25:13)

    console.log
      [Button] Props received: {
        variant: 'primary',
        size: 'lg',
        type: 'submit',
        loading: false,
        disabled: false
      }

      at log (src/components/ui/Button.tsx:26:13)

    console.log
      [Button] Has onClick in props: false

      at log (src/components/ui/Button.tsx:27:13)

    console.log
      [Button] All props: {}

      at log (src/components/ui/Button.tsx:28:13)

    console.log
      [Button] Rendering with type: submit

      at log (src/components/ui/Button.tsx:25:13)

    console.log
      [Button] Props received: {
        variant: 'primary',
        size: 'lg',
        type: 'submit',
        loading: false,
        disabled: false
      }

      at log (src/components/ui/Button.tsx:26:13)

    console.log
      [Button] Has onClick in props: false

      at log (src/components/ui/Button.tsx:27:13)

    console.log
      [Button] All props: {}

      at log (src/components/ui/Button.tsx:28:13)

    console.log
      [Button] Rendering with type: submit

      at log (src/components/ui/Button.tsx:25:13)

    console.log
      [Button] Props received: {
        variant: 'primary',
        size: 'lg',
        type: 'submit',
        loading: false,
        disabled: false
      }

      at log (src/components/ui/Button.tsx:26:13)

    console.log
      [Button] Has onClick in props: false

      at log (src/components/ui/Button.tsx:27:13)

    console.log
      [Button] All props: {}

      at log (src/components/ui/Button.tsx:28:13)

    console.log
      [Button] Rendering with type: submit

      at log (src/components/ui/Button.tsx:25:13)

    console.log
      [Button] Props received: {
        variant: 'primary',
        size: 'lg',
        type: 'submit',
        loading: false,
        disabled: false
      }

      at log (src/components/ui/Button.tsx:26:13)

    console.log
      [Button] Has onClick in props: false

      at log (src/components/ui/Button.tsx:27:13)

    console.log
      [Button] All props: {}

      at log (src/components/ui/Button.tsx:28:13)

    console.log
      [Button] Rendering with type: submit

      at log (src/components/ui/Button.tsx:25:13)

    console.log
      [Button] Props received: {
        variant: 'primary',
        size: 'lg',
        type: 'submit',
        loading: false,
        disabled: false
      }

      at log (src/components/ui/Button.tsx:26:13)

    console.log
      [Button] Has onClick in props: false

      at log (src/components/ui/Button.tsx:27:13)

    console.log
      [Button] All props: {}

      at log (src/components/ui/Button.tsx:28:13)

    console.log
      [Button] Rendering with type: submit

      at log (src/components/ui/Button.tsx:25:13)

    console.log
      [Button] Props received: {
        variant: 'primary',
        size: 'lg',
        type: 'submit',
        loading: false,
        disabled: false
      }

      at log (src/components/ui/Button.tsx:26:13)

    console.log
      [Button] Has onClick in props: false

      at log (src/components/ui/Button.tsx:27:13)

    console.log
      [Button] All props: {}

      at log (src/components/ui/Button.tsx:28:13)

    console.log
      [Button] Rendering with type: submit

      at log (src/components/ui/Button.tsx:25:13)

    console.log
      [Button] Props received: {
        variant: 'primary',
        size: 'lg',
        type: 'submit',
        loading: false,
        disabled: false
      }

      at log (src/components/ui/Button.tsx:26:13)

    console.log
      [Button] Has onClick in props: false

      at log (src/components/ui/Button.tsx:27:13)

    console.log
      [Button] All props: {}

      at log (src/components/ui/Button.tsx:28:13)

    console.log
      [Button] Rendering with type: submit

      at log (src/components/ui/Button.tsx:25:13)

    console.log
      [Button] Props received: {
        variant: 'primary',
        size: 'lg',
        type: 'submit',
        loading: false,
        disabled: false
      }

      at log (src/components/ui/Button.tsx:26:13)

    console.log
      [Button] Has onClick in props: false

      at log (src/components/ui/Button.tsx:27:13)

    console.log
      [Button] All props: {}

      at log (src/components/ui/Button.tsx:28:13)

    console.log
      [Button] Rendering with type: submit

      at log (src/components/ui/Button.tsx:25:13)

    console.log
      [Button] Props received: {
        variant: 'primary',
        size: 'lg',
        type: 'submit',
        loading: false,
        disabled: false
      }

      at log (src/components/ui/Button.tsx:26:13)

    console.log
      [Button] Has onClick in props: false

      at log (src/components/ui/Button.tsx:27:13)

    console.log
      [Button] All props: {}

      at log (src/components/ui/Button.tsx:28:13)

    console.log
      [Button] Rendering with type: submit

      at log (src/components/ui/Button.tsx:25:13)

    console.log
      [Button] Props received: {
        variant: 'primary',
        size: 'lg',
        type: 'submit',
        loading: false,
        disabled: false
      }

      at log (src/components/ui/Button.tsx:26:13)

    console.log
      [Button] Has onClick in props: false

      at log (src/components/ui/Button.tsx:27:13)

    console.log
      [Button] All props: {}

      at log (src/components/ui/Button.tsx:28:13)

    console.log
      [Button] Rendering with type: submit

      at log (src/components/ui/Button.tsx:25:13)

    console.log
      [Button] Props received: {
        variant: 'primary',
        size: 'lg',
        type: 'submit',
        loading: false,
        disabled: false
      }

      at log (src/components/ui/Button.tsx:26:13)

    console.log
      [Button] Has onClick in props: false

      at log (src/components/ui/Button.tsx:27:13)

    console.log
      [Button] All props: {}

      at log (src/components/ui/Button.tsx:28:13)

    console.log
      [Button] Rendering with type: submit

      at log (src/components/ui/Button.tsx:25:13)

    console.log
      [Button] Props received: {
        variant: 'primary',
        size: 'lg',
        type: 'submit',
        loading: false,
        disabled: false
      }

      at log (src/components/ui/Button.tsx:26:13)

    console.log
      [Button] Has onClick in props: false

      at log (src/components/ui/Button.tsx:27:13)

    console.log
      [Button] All props: {}

      at log (src/components/ui/Button.tsx:28:13)

    console.log
      [Button] Rendering with type: submit

      at log (src/components/ui/Button.tsx:25:13)

    console.log
      [Button] Props received: {
        variant: 'primary',
        size: 'lg',
        type: 'submit',
        loading: false,
        disabled: false
      }

      at log (src/components/ui/Button.tsx:26:13)

    console.log
      [Button] Has onClick in props: false

      at log (src/components/ui/Button.tsx:27:13)

    console.log
      [Button] All props: {}

      at log (src/components/ui/Button.tsx:28:13)

    console.log
      [Button] Rendering with type: submit

      at log (src/components/ui/Button.tsx:25:13)

    console.log
      [Button] Props received: {
        variant: 'primary',
        size: 'lg',
        type: 'submit',
        loading: false,
        disabled: false
      }

      at log (src/components/ui/Button.tsx:26:13)

    console.log
      [Button] Has onClick in props: false

      at log (src/components/ui/Button.tsx:27:13)

    console.log
      [Button] All props: {}

      at log (src/components/ui/Button.tsx:28:13)

    console.log
      [Button] Rendering with type: submit

      at log (src/components/ui/Button.tsx:25:13)

    console.log
      [Button] Props received: {
        variant: 'primary',
        size: 'lg',
        type: 'submit',
        loading: false,
        disabled: false
      }

      at log (src/components/ui/Button.tsx:26:13)

    console.log
      [Button] Has onClick in props: false

      at log (src/components/ui/Button.tsx:27:13)

    console.log
      [Button] All props: {}

      at log (src/components/ui/Button.tsx:28:13)

    console.log
      [Button] Rendering with type: submit

      at log (src/components/ui/Button.tsx:25:13)

    console.log
      [Button] Props received: {
        variant: 'primary',
        size: 'lg',
        type: 'submit',
        loading: false,
        disabled: false
      }

      at log (src/components/ui/Button.tsx:26:13)

    console.log
      [Button] Has onClick in props: false

      at log (src/components/ui/Button.tsx:27:13)

    console.log
      [Button] All props: {}

      at log (src/components/ui/Button.tsx:28:13)

    console.log
      [Button] Rendering with type: submit

      at log (src/components/ui/Button.tsx:25:13)

    console.log
      [Button] Props received: {
        variant: 'primary',
        size: 'lg',
        type: 'submit',
        loading: false,
        disabled: false
      }

      at log (src/components/ui/Button.tsx:26:13)

    console.log
      [Button] Has onClick in props: false

      at log (src/components/ui/Button.tsx:27:13)

    console.log
      [Button] All props: {}

      at log (src/components/ui/Button.tsx:28:13)

    console.log
      [Button] Rendering with type: submit

      at log (src/components/ui/Button.tsx:25:13)

    console.log
      [Button] Props received: {
        variant: 'primary',
        size: 'lg',
        type: 'submit',
        loading: false,
        disabled: false
      }

      at log (src/components/ui/Button.tsx:26:13)

    console.log
      [Button] Has onClick in props: false

      at log (src/components/ui/Button.tsx:27:13)

    console.log
      [Button] All props: {}

      at log (src/components/ui/Button.tsx:28:13)

    console.log
      [Button] Rendering with type: submit

      at log (src/components/ui/Button.tsx:25:13)

    console.log
      [Button] Props received: {
        variant: 'primary',
        size: 'lg',
        type: 'submit',
        loading: false,
        disabled: false
      }

      at log (src/components/ui/Button.tsx:26:13)

    console.log
      [Button] Has onClick in props: false

      at log (src/components/ui/Button.tsx:27:13)

    console.log
      [Button] All props: {}

      at log (src/components/ui/Button.tsx:28:13)

    console.log
      [Button] Rendering with type: submit

      at log (src/components/ui/Button.tsx:25:13)

    console.log
      [Button] Props received: {
        variant: 'primary',
        size: 'lg',
        type: 'submit',
        loading: false,
        disabled: false
      }

      at log (src/components/ui/Button.tsx:26:13)

    console.log
      [Button] Has onClick in props: false

      at log (src/components/ui/Button.tsx:27:13)

    console.log
      [Button] All props: {}

      at log (src/components/ui/Button.tsx:28:13)

    console.log
      [Button] Rendering with type: submit

      at log (src/components/ui/Button.tsx:25:13)

    console.log
      [Button] Props received: {
        variant: 'primary',
        size: 'lg',
        type: 'submit',
        loading: false,
        disabled: false
      }

      at log (src/components/ui/Button.tsx:26:13)

    console.log
      [Button] Has onClick in props: false

      at log (src/components/ui/Button.tsx:27:13)

    console.log
      [Button] All props: {}

      at log (src/components/ui/Button.tsx:28:13)

    console.log
      [Button] Rendering with type: submit

      at log (src/components/ui/Button.tsx:25:13)

    console.log
      [Button] Props received: {
        variant: 'primary',
        size: 'lg',
        type: 'submit',
        loading: false,
        disabled: false
      }

      at log (src/components/ui/Button.tsx:26:13)

    console.log
      [Button] Has onClick in props: false

      at log (src/components/ui/Button.tsx:27:13)

    console.log
      [Button] All props: {}

      at log (src/components/ui/Button.tsx:28:13)

    console.log
      [Button] Rendering with type: submit

      at log (src/components/ui/Button.tsx:25:13)

    console.log
      [Button] Props received: {
        variant: 'primary',
        size: 'lg',
        type: 'submit',
        loading: false,
        disabled: false
      }

      at log (src/components/ui/Button.tsx:26:13)

    console.log
      [Button] Has onClick in props: false

      at log (src/components/ui/Button.tsx:27:13)

    console.log
      [Button] All props: {}

      at log (src/components/ui/Button.tsx:28:13)

    console.log
      [Button] Rendering with type: submit

      at log (src/components/ui/Button.tsx:25:13)

    console.log
      [Button] Props received: {
        variant: 'primary',
        size: 'lg',
        type: 'submit',
        loading: false,
        disabled: false
      }

      at log (src/components/ui/Button.tsx:26:13)

    console.log
      [Button] Has onClick in props: false

      at log (src/components/ui/Button.tsx:27:13)

    console.log
      [Button] All props: {}

      at log (src/components/ui/Button.tsx:28:13)

    console.log
      [Button] Rendering with type: submit

      at log (src/components/ui/Button.tsx:25:13)

    console.log
      [Button] Props received: {
        variant: 'primary',
        size: 'lg',
        type: 'submit',
        loading: false,
        disabled: false
      }

      at log (src/components/ui/Button.tsx:26:13)

    console.log
      [Button] Has onClick in props: false

      at log (src/components/ui/Button.tsx:27:13)

    console.log
      [Button] All props: {}

      at log (src/components/ui/Button.tsx:28:13)

    console.log
      [Button] Rendering with type: submit

      at log (src/components/ui/Button.tsx:25:13)

    console.log
      [Button] Props received: {
        variant: 'primary',
        size: 'lg',
        type: 'submit',
        loading: false,
        disabled: false
      }

      at log (src/components/ui/Button.tsx:26:13)

    console.log
      [Button] Has onClick in props: false

      at log (src/components/ui/Button.tsx:27:13)

    console.log
      [Button] All props: {}

      at log (src/components/ui/Button.tsx:28:13)

    console.log
      [Button] Rendering with type: submit

      at log (src/components/ui/Button.tsx:25:13)

    console.log
      [Button] Props received: {
        variant: 'primary',
        size: 'lg',
        type: 'submit',
        loading: false,
        disabled: false
      }

      at log (src/components/ui/Button.tsx:26:13)

    console.log
      [Button] Has onClick in props: false

      at log (src/components/ui/Button.tsx:27:13)

    console.log
      [Button] All props: {}

      at log (src/components/ui/Button.tsx:28:13)

    console.log
      [Button] Rendering with type: submit

      at log (src/components/ui/Button.tsx:25:13)

    console.log
      [Button] Props received: {
        variant: 'primary',
        size: 'lg',
        type: 'submit',
        loading: false,
        disabled: false
      }

      at log (src/components/ui/Button.tsx:26:13)

    console.log
      [Button] Has onClick in props: false

      at log (src/components/ui/Button.tsx:27:13)

    console.log
      [Button] All props: {}

      at log (src/components/ui/Button.tsx:28:13)

    console.log
      [Button] Rendering with type: submit

      at log (src/components/ui/Button.tsx:25:13)

    console.log
      [Button] Props received: {
        variant: 'primary',
        size: 'lg',
        type: 'submit',
        loading: false,
        disabled: false
      }

      at log (src/components/ui/Button.tsx:26:13)

    console.log
      [Button] Has onClick in props: false

      at log (src/components/ui/Button.tsx:27:13)

    console.log
      [Button] All props: {}

      at log (src/components/ui/Button.tsx:28:13)

    console.log
      [Button] Rendering with type: submit

      at log (src/components/ui/Button.tsx:25:13)

    console.log
      [Button] Props received: {
        variant: 'primary',
        size: 'lg',
        type: 'submit',
        loading: false,
        disabled: false
      }

      at log (src/components/ui/Button.tsx:26:13)

    console.log
      [Button] Has onClick in props: false

      at log (src/components/ui/Button.tsx:27:13)

    console.log
      [Button] All props: {}

      at log (src/components/ui/Button.tsx:28:13)

    console.log
      [Button] Rendering with type: submit

      at log (src/components/ui/Button.tsx:25:13)

    console.log
      [Button] Props received: {
        variant: 'primary',
        size: 'lg',
        type: 'submit',
        loading: false,
        disabled: false
      }

      at log (src/components/ui/Button.tsx:26:13)

    console.log
      [Button] Has onClick in props: false

      at log (src/components/ui/Button.tsx:27:13)

    console.log
      [Button] All props: {}

      at log (src/components/ui/Button.tsx:28:13)

    console.log
      [Button] Rendering with type: submit

      at log (src/components/ui/Button.tsx:25:13)

    console.log
      [Button] Props received: {
        variant: 'primary',
        size: 'lg',
        type: 'submit',
        loading: false,
        disabled: false
      }

      at log (src/components/ui/Button.tsx:26:13)

    console.log
      [Button] Has onClick in props: false

      at log (src/components/ui/Button.tsx:27:13)

    console.log
      [Button] All props: {}

      at log (src/components/ui/Button.tsx:28:13)

    console.log
      [Button] Rendering with type: submit

      at log (src/components/ui/Button.tsx:25:13)

    console.log
      [Button] Props received: {
        variant: 'primary',
        size: 'lg',
        type: 'submit',
        loading: false,
        disabled: false
      }

      at log (src/components/ui/Button.tsx:26:13)

    console.log
      [Button] Has onClick in props: false

      at log (src/components/ui/Button.tsx:27:13)

    console.log
      [Button] All props: {}

      at log (src/components/ui/Button.tsx:28:13)

    console.log
      [Button] Rendering with type: submit

      at log (src/components/ui/Button.tsx:25:13)

    console.log
      [Button] Props received: {
        variant: 'primary',
        size: 'lg',
        type: 'submit',
        loading: false,
        disabled: false
      }

      at log (src/components/ui/Button.tsx:26:13)

    console.log
      [Button] Has onClick in props: false

      at log (src/components/ui/Button.tsx:27:13)

    console.log
      [Button] All props: {}

      at log (src/components/ui/Button.tsx:28:13)

    console.log
      [Button] Rendering with type: submit

      at log (src/components/ui/Button.tsx:25:13)

    console.log
      [Button] Props received: {
        variant: 'primary',
        size: 'lg',
        type: 'submit',
        loading: false,
        disabled: false
      }

      at log (src/components/ui/Button.tsx:26:13)

    console.log
      [Button] Has onClick in props: false

      at log (src/components/ui/Button.tsx:27:13)

    console.log
      [Button] All props: {}

      at log (src/components/ui/Button.tsx:28:13)

    console.log
      [Button] Rendering with type: submit

      at log (src/components/ui/Button.tsx:25:13)

    console.log
      [Button] Props received: {
        variant: 'primary',
        size: 'lg',
        type: 'submit',
        loading: false,
        disabled: false
      }

      at log (src/components/ui/Button.tsx:26:13)

    console.log
      [Button] Has onClick in props: false

      at log (src/components/ui/Button.tsx:27:13)

    console.log
      [Button] All props: {}

      at log (src/components/ui/Button.tsx:28:13)

    console.log
      [Button] Rendering with type: submit

      at log (src/components/ui/Button.tsx:25:13)

    console.log
      [Button] Props received: {
        variant: 'primary',
        size: 'lg',
        type: 'submit',
        loading: false,
        disabled: false
      }

      at log (src/components/ui/Button.tsx:26:13)

    console.log
      [Button] Has onClick in props: false

      at log (src/components/ui/Button.tsx:27:13)

    console.log
      [Button] All props: {}

      at log (src/components/ui/Button.tsx:28:13)

    console.log
      [Button] Rendering with type: submit

      at log (src/components/ui/Button.tsx:25:13)

    console.log
      [Button] Props received: {
        variant: 'primary',
        size: 'lg',
        type: 'submit',
        loading: false,
        disabled: false
      }

      at log (src/components/ui/Button.tsx:26:13)

    console.log
      [Button] Has onClick in props: false

      at log (src/components/ui/Button.tsx:27:13)

    console.log
      [Button] All props: {}

      at log (src/components/ui/Button.tsx:28:13)

    console.log
      [Button] Rendering with type: submit

      at log (src/components/ui/Button.tsx:25:13)

    console.log
      [Button] Props received: {
        variant: 'primary',
        size: 'lg',
        type: 'submit',
        loading: false,
        disabled: false
      }

      at log (src/components/ui/Button.tsx:26:13)

    console.log
      [Button] Has onClick in props: false

      at log (src/components/ui/Button.tsx:27:13)

    console.log
      [Button] All props: {}

      at log (src/components/ui/Button.tsx:28:13)

    console.log
      [Button] Rendering with type: submit

      at log (src/components/ui/Button.tsx:25:13)

    console.log
      [Button] Props received: {
        variant: 'primary',
        size: 'lg',
        type: 'submit',
        loading: false,
        disabled: false
      }

      at log (src/components/ui/Button.tsx:26:13)

    console.log
      [Button] Has onClick in props: false

      at log (src/components/ui/Button.tsx:27:13)

    console.log
      [Button] All props: {}

      at log (src/components/ui/Button.tsx:28:13)

    console.log
      [Button] Rendering with type: submit

      at log (src/components/ui/Button.tsx:25:13)

    console.log
      [Button] Props received: {
        variant: 'primary',
        size: 'lg',
        type: 'submit',
        loading: false,
        disabled: false
      }

      at log (src/components/ui/Button.tsx:26:13)

    console.log
      [Button] Has onClick in props: false

      at log (src/components/ui/Button.tsx:27:13)

    console.log
      [Button] All props: {}

      at log (src/components/ui/Button.tsx:28:13)

    console.log
      [Button] Rendering with type: submit

      at log (src/components/ui/Button.tsx:25:13)

    console.log
      [Button] Props received: {
        variant: 'primary',
        size: 'lg',
        type: 'submit',
        loading: false,
        disabled: false
      }

      at log (src/components/ui/Button.tsx:26:13)

    console.log
      [Button] Has onClick in props: false

      at log (src/components/ui/Button.tsx:27:13)

    console.log
      [Button] All props: {}

      at log (src/components/ui/Button.tsx:28:13)

    console.log
      [Button] Rendering with type: submit

      at log (src/components/ui/Button.tsx:25:13)

    console.log
      [Button] Props received: {
        variant: 'primary',
        size: 'lg',
        type: 'submit',
        loading: false,
        disabled: false
      }

      at log (src/components/ui/Button.tsx:26:13)

    console.log
      [Button] Has onClick in props: false

      at log (src/components/ui/Button.tsx:27:13)

    console.log
      [Button] All props: {}

      at log (src/components/ui/Button.tsx:28:13)

    console.log
      [Button] Rendering with type: submit

      at log (src/components/ui/Button.tsx:25:13)

    console.log
      [Button] Props received: {
        variant: 'primary',
        size: 'lg',
        type: 'submit',
        loading: false,
        disabled: false
      }

      at log (src/components/ui/Button.tsx:26:13)

    console.log
      [Button] Has onClick in props: false

      at log (src/components/ui/Button.tsx:27:13)

    console.log
      [Button] All props: {}

      at log (src/components/ui/Button.tsx:28:13)

    console.log
      [Button] Rendering with type: submit

      at log (src/components/ui/Button.tsx:25:13)

    console.log
      [Button] Props received: {
        variant: 'primary',
        size: 'lg',
        type: 'submit',
        loading: false,
        disabled: false
      }

      at log (src/components/ui/Button.tsx:26:13)

    console.log
      [Button] Has onClick in props: false

      at log (src/components/ui/Button.tsx:27:13)

    console.log
      [Button] All props: {}

      at log (src/components/ui/Button.tsx:28:13)

    console.log
      [Button] Rendering with type: submit

      at log (src/components/ui/Button.tsx:25:13)

    console.log
      [Button] Props received: {
        variant: 'primary',
        size: 'lg',
        type: 'submit',
        loading: false,
        disabled: false
      }

      at log (src/components/ui/Button.tsx:26:13)

    console.log
      [Button] Has onClick in props: false

      at log (src/components/ui/Button.tsx:27:13)

    console.log
      [Button] All props: {}

      at log (src/components/ui/Button.tsx:28:13)

    console.log
      [Button] Rendering with type: submit

      at log (src/components/ui/Button.tsx:25:13)

    console.log
      [Button] Props received: {
        variant: 'primary',
        size: 'lg',
        type: 'submit',
        loading: false,
        disabled: false
      }

      at log (src/components/ui/Button.tsx:26:13)

    console.log
      [Button] Has onClick in props: false

      at log (src/components/ui/Button.tsx:27:13)

    console.log
      [Button] All props: {}

      at log (src/components/ui/Button.tsx:28:13)

    console.log
      [Button] Rendering with type: submit

      at log (src/components/ui/Button.tsx:25:13)

    console.log
      [Button] Props received: {
        variant: 'primary',
        size: 'lg',
        type: 'submit',
        loading: false,
        disabled: false
      }

      at log (src/components/ui/Button.tsx:26:13)

    console.log
      [Button] Has onClick in props: false

      at log (src/components/ui/Button.tsx:27:13)

    console.log
      [Button] All props: {}

      at log (src/components/ui/Button.tsx:28:13)

    console.log
      [Button] Rendering with type: submit

      at log (src/components/ui/Button.tsx:25:13)

    console.log
      [Button] Props received: {
        variant: 'primary',
        size: 'lg',
        type: 'submit',
        loading: false,
        disabled: false
      }

      at log (src/components/ui/Button.tsx:26:13)

    console.log
      [Button] Has onClick in props: false

      at log (src/components/ui/Button.tsx:27:13)

    console.log
      [Button] All props: {}

      at log (src/components/ui/Button.tsx:28:13)

    console.log
      [Button] Rendering with type: submit

      at log (src/components/ui/Button.tsx:25:13)

    console.log
      [Button] Props received: {
        variant: 'primary',
        size: 'lg',
        type: 'submit',
        loading: false,
        disabled: false
      }

      at log (src/components/ui/Button.tsx:26:13)

    console.log
      [Button] Has onClick in props: false

      at log (src/components/ui/Button.tsx:27:13)

    console.log
      [Button] All props: {}

      at log (src/components/ui/Button.tsx:28:13)

    console.log
      [Button] Rendering with type: submit

      at log (src/components/ui/Button.tsx:25:13)

    console.log
      [Button] Props received: {
        variant: 'primary',
        size: 'lg',
        type: 'submit',
        loading: false,
        disabled: false
      }

      at log (src/components/ui/Button.tsx:26:13)

    console.log
      [Button] Has onClick in props: false

      at log (src/components/ui/Button.tsx:27:13)

    console.log
      [Button] All props: {}

      at log (src/components/ui/Button.tsx:28:13)

    console.log
      [Button] Rendering with type: submit

      at log (src/components/ui/Button.tsx:25:13)

    console.log
      [Button] Props received: {
        variant: 'primary',
        size: 'lg',
        type: 'submit',
        loading: false,
        disabled: false
      }

      at log (src/components/ui/Button.tsx:26:13)

    console.log
      [Button] Has onClick in props: false

      at log (src/components/ui/Button.tsx:27:13)

    console.log
      [Button] All props: {}

      at log (src/components/ui/Button.tsx:28:13)

    console.log
      [Button] Rendering with type: submit

      at log (src/components/ui/Button.tsx:25:13)

    console.log
      [Button] Props received: {
        variant: 'primary',
        size: 'lg',
        type: 'submit',
        loading: false,
        disabled: false
      }

      at log (src/components/ui/Button.tsx:26:13)

    console.log
      [Button] Has onClick in props: false

      at log (src/components/ui/Button.tsx:27:13)

    console.log
      [Button] All props: {}

      at log (src/components/ui/Button.tsx:28:13)

    console.log
      [Button] Rendering with type: submit

      at log (src/components/ui/Button.tsx:25:13)

    console.log
      [Button] Props received: {
        variant: 'primary',
        size: 'lg',
        type: 'submit',
        loading: false,
        disabled: false
      }

      at log (src/components/ui/Button.tsx:26:13)

    console.log
      [Button] Has onClick in props: false

      at log (src/components/ui/Button.tsx:27:13)

    console.log
      [Button] All props: {}

      at log (src/components/ui/Button.tsx:28:13)

    console.log
      [Button] Rendering with type: submit

      at log (src/components/ui/Button.tsx:25:13)

    console.log
      [Button] Props received: {
        variant: 'primary',
        size: 'lg',
        type: 'submit',
        loading: false,
        disabled: false
      }

      at log (src/components/ui/Button.tsx:26:13)

    console.log
      [Button] Has onClick in props: false

      at log (src/components/ui/Button.tsx:27:13)

    console.log
      [Button] All props: {}

      at log (src/components/ui/Button.tsx:28:13)

    console.log
      [Button] Rendering with type: submit

      at log (src/components/ui/Button.tsx:25:13)

    console.log
      [Button] Props received: {
        variant: 'primary',
        size: 'lg',
        type: 'submit',
        loading: false,
        disabled: false
      }

      at log (src/components/ui/Button.tsx:26:13)

    console.log
      [Button] Has onClick in props: false

      at log (src/components/ui/Button.tsx:27:13)

    console.log
      [Button] All props: {}

      at log (src/components/ui/Button.tsx:28:13)

    console.log
      [Button] Rendering with type: submit

      at log (src/components/ui/Button.tsx:25:13)

    console.log
      [Button] Props received: {
        variant: 'primary',
        size: 'lg',
        type: 'submit',
        loading: false,
        disabled: false
      }

      at log (src/components/ui/Button.tsx:26:13)

    console.log
      [Button] Has onClick in props: false

      at log (src/components/ui/Button.tsx:27:13)

    console.log
      [Button] All props: {}

      at log (src/components/ui/Button.tsx:28:13)

    console.log
      [Button] Rendering with type: submit

      at log (src/components/ui/Button.tsx:25:13)

    console.log
      [Button] Props received: {
        variant: 'primary',
        size: 'lg',
        type: 'submit',
        loading: false,
        disabled: false
      }

      at log (src/components/ui/Button.tsx:26:13)

    console.log
      [Button] Has onClick in props: false

      at log (src/components/ui/Button.tsx:27:13)

    console.log
      [Button] All props: {}

      at log (src/components/ui/Button.tsx:28:13)

    console.log
      [Button] Rendering with type: submit

      at log (src/components/ui/Button.tsx:25:13)

    console.log
      [Button] Props received: {
        variant: 'primary',
        size: 'lg',
        type: 'submit',
        loading: false,
        disabled: false
      }

      at log (src/components/ui/Button.tsx:26:13)

    console.log
      [Button] Has onClick in props: false

      at log (src/components/ui/Button.tsx:27:13)

    console.log
      [Button] All props: {}

      at log (src/components/ui/Button.tsx:28:13)

    console.log
      [Button] Rendering with type: submit

      at log (src/components/ui/Button.tsx:25:13)

    console.log
      [Button] Props received: {
        variant: 'primary',
        size: 'lg',
        type: 'submit',
        loading: false,
        disabled: false
      }

      at log (src/components/ui/Button.tsx:26:13)

    console.log
      [Button] Has onClick in props: false

      at log (src/components/ui/Button.tsx:27:13)

    console.log
      [Button] All props: {}

      at log (src/components/ui/Button.tsx:28:13)

    console.log
      [Button] Rendering with type: submit

      at log (src/components/ui/Button.tsx:25:13)

    console.log
      [Button] Props received: {
        variant: 'primary',
        size: 'lg',
        type: 'submit',
        loading: false,
        disabled: false
      }

      at log (src/components/ui/Button.tsx:26:13)

    console.log
      [Button] Has onClick in props: false

      at log (src/components/ui/Button.tsx:27:13)

    console.log
      [Button] All props: {}

      at log (src/components/ui/Button.tsx:28:13)

    console.log
      [Button] Rendering with type: submit

      at log (src/components/ui/Button.tsx:25:13)

    console.log
      [Button] Props received: {
        variant: 'primary',
        size: 'lg',
        type: 'submit',
        loading: false,
        disabled: false
      }

      at log (src/components/ui/Button.tsx:26:13)

    console.log
      [Button] Has onClick in props: false

      at log (src/components/ui/Button.tsx:27:13)

    console.log
      [Button] All props: {}

      at log (src/components/ui/Button.tsx:28:13)

    console.log
      [Button] Rendering with type: submit

      at log (src/components/ui/Button.tsx:25:13)

    console.log
      [Button] Props received: {
        variant: 'primary',
        size: 'lg',
        type: 'submit',
        loading: false,
        disabled: false
      }

      at log (src/components/ui/Button.tsx:26:13)

    console.log
      [Button] Has onClick in props: false

      at log (src/components/ui/Button.tsx:27:13)

    console.log
      [Button] All props: {}

      at log (src/components/ui/Button.tsx:28:13)

    console.log
      [Button] Rendering with type: submit

      at log (src/components/ui/Button.tsx:25:13)

    console.log
      [Button] Props received: {
        variant: 'primary',
        size: 'lg',
        type: 'submit',
        loading: false,
        disabled: false
      }

      at log (src/components/ui/Button.tsx:26:13)

    console.log
      [Button] Has onClick in props: false

      at log (src/components/ui/Button.tsx:27:13)

    console.log
      [Button] All props: {}

      at log (src/components/ui/Button.tsx:28:13)

    console.log
      [Button] Rendering with type: submit

      at log (src/components/ui/Button.tsx:25:13)

    console.log
      [Button] Props received: {
        variant: 'primary',
        size: 'lg',
        type: 'submit',
        loading: false,
        disabled: false
      }

      at log (src/components/ui/Button.tsx:26:13)

    console.log
      [Button] Has onClick in props: false

      at log (src/components/ui/Button.tsx:27:13)

    console.log
      [Button] All props: {}

      at log (src/components/ui/Button.tsx:28:13)

    console.log
      [Button] Rendering with type: submit

      at log (src/components/ui/Button.tsx:25:13)

    console.log
      [Button] Props received: {
        variant: 'primary',
        size: 'lg',
        type: 'submit',
        loading: false,
        disabled: false
      }

      at log (src/components/ui/Button.tsx:26:13)

    console.log
      [Button] Has onClick in props: false

      at log (src/components/ui/Button.tsx:27:13)

    console.log
      [Button] All props: {}

      at log (src/components/ui/Button.tsx:28:13)

    console.log
      [Button] Rendering with type: submit

      at log (src/components/ui/Button.tsx:25:13)

    console.log
      [Button] Props received: {
        variant: 'primary',
        size: 'lg',
        type: 'submit',
        loading: false,
        disabled: false
      }

      at log (src/components/ui/Button.tsx:26:13)

    console.log
      [Button] Has onClick in props: false

      at log (src/components/ui/Button.tsx:27:13)

    console.log
      [Button] All props: {}

      at log (src/components/ui/Button.tsx:28:13)

    console.log
      [Button] Rendering with type: submit

      at log (src/components/ui/Button.tsx:25:13)

    console.log
      [Button] Props received: {
        variant: 'primary',
        size: 'lg',
        type: 'submit',
        loading: false,
        disabled: false
      }

      at log (src/components/ui/Button.tsx:26:13)

    console.log
      [Button] Has onClick in props: false

      at log (src/components/ui/Button.tsx:27:13)

    console.log
      [Button] All props: {}

      at log (src/components/ui/Button.tsx:28:13)

    console.log
      [Button] Rendering with type: submit

      at log (src/components/ui/Button.tsx:25:13)

    console.log
      [Button] Props received: {
        variant: 'primary',
        size: 'lg',
        type: 'submit',
        loading: false,
        disabled: false
      }

      at log (src/components/ui/Button.tsx:26:13)

    console.log
      [Button] Has onClick in props: false

      at log (src/components/ui/Button.tsx:27:13)

    console.log
      [Button] All props: {}

      at log (src/components/ui/Button.tsx:28:13)

    console.log
      [Button] Rendering with type: submit

      at log (src/components/ui/Button.tsx:25:13)

    console.log
      [Button] Props received: {
        variant: 'primary',
        size: 'lg',
        type: 'submit',
        loading: false,
        disabled: false
      }

      at log (src/components/ui/Button.tsx:26:13)

    console.log
      [Button] Has onClick in props: false

      at log (src/components/ui/Button.tsx:27:13)

    console.log
      [Button] All props: {}

      at log (src/components/ui/Button.tsx:28:13)

    console.log
      [Button] Rendering with type: submit

      at log (src/components/ui/Button.tsx:25:13)

    console.log
      [Button] Props received: {
        variant: 'primary',
        size: 'lg',
        type: 'submit',
        loading: false,
        disabled: false
      }

      at log (src/components/ui/Button.tsx:26:13)

    console.log
      [Button] Has onClick in props: false

      at log (src/components/ui/Button.tsx:27:13)

    console.log
      [Button] All props: {}

      at log (src/components/ui/Button.tsx:28:13)

    console.log
      [Button] Rendering with type: submit

      at log (src/components/ui/Button.tsx:25:13)

    console.log
      [Button] Props received: {
        variant: 'primary',
        size: 'lg',
        type: 'submit',
        loading: false,
        disabled: false
      }

      at log (src/components/ui/Button.tsx:26:13)

    console.log
      [Button] Has onClick in props: false

      at log (src/components/ui/Button.tsx:27:13)

    console.log
      [Button] All props: {}

      at log (src/components/ui/Button.tsx:28:13)

    console.log
      [Button] Rendering with type: submit

      at log (src/components/ui/Button.tsx:25:13)

    console.log
      [Button] Props received: {
        variant: 'primary',
        size: 'lg',
        type: 'submit',
        loading: false,
        disabled: false
      }

      at log (src/components/ui/Button.tsx:26:13)

    console.log
      [Button] Has onClick in props: false

      at log (src/components/ui/Button.tsx:27:13)

    console.log
      [Button] All props: {}

      at log (src/components/ui/Button.tsx:28:13)

    console.log
      [Button] Rendering with type: submit

      at log (src/components/ui/Button.tsx:25:13)

    console.log
      [Button] Props received: {
        variant: 'primary',
        size: 'lg',
        type: 'submit',
        loading: false,
        disabled: false
      }

      at log (src/components/ui/Button.tsx:26:13)

    console.log
      [Button] Has onClick in props: false

      at log (src/components/ui/Button.tsx:27:13)

    console.log
      [Button] All props: {}

      at log (src/components/ui/Button.tsx:28:13)

    console.log
      [Button] Rendering with type: submit

      at log (src/components/ui/Button.tsx:25:13)

    console.log
      [Button] Props received: {
        variant: 'primary',
        size: 'lg',
        type: 'submit',
        loading: false,
        disabled: false
      }

      at log (src/components/ui/Button.tsx:26:13)

    console.log
      [Button] Has onClick in props: false

      at log (src/components/ui/Button.tsx:27:13)

    console.log
      [Button] All props: {}

      at log (src/components/ui/Button.tsx:28:13)

    console.log
      [Button] Rendering with type: submit

      at log (src/components/ui/Button.tsx:25:13)

    console.log
      [Button] Props received: {
        variant: 'primary',
        size: 'lg',
        type: 'submit',
        loading: false,
        disabled: false
      }

      at log (src/components/ui/Button.tsx:26:13)

    console.log
      [Button] Has onClick in props: false

      at log (src/components/ui/Button.tsx:27:13)

    console.log
      [Button] All props: {}

      at log (src/components/ui/Button.tsx:28:13)

    console.log
      [Button] Rendering with type: submit

      at log (src/components/ui/Button.tsx:25:13)

    console.log
      [Button] Props received: {
        variant: 'primary',
        size: 'lg',
        type: 'submit',
        loading: false,
        disabled: false
      }

      at log (src/components/ui/Button.tsx:26:13)

    console.log
      [Button] Has onClick in props: false

      at log (src/components/ui/Button.tsx:27:13)

    console.log
      [Button] All props: {}

      at log (src/components/ui/Button.tsx:28:13)

    console.log
      [Button] Rendering with type: submit

      at log (src/components/ui/Button.tsx:25:13)

    console.log
      [Button] Props received: {
        variant: 'primary',
        size: 'lg',
        type: 'submit',
        loading: false,
        disabled: false
      }

      at log (src/components/ui/Button.tsx:26:13)

    console.log
      [Button] Has onClick in props: false

      at log (src/components/ui/Button.tsx:27:13)

    console.log
      [Button] All props: {}

      at log (src/components/ui/Button.tsx:28:13)

    console.log
      [Button] Rendering with type: submit

      at log (src/components/ui/Button.tsx:25:13)

    console.log
      [Button] Props received: {
        variant: 'primary',
        size: 'lg',
        type: 'submit',
        loading: false,
        disabled: false
      }

      at log (src/components/ui/Button.tsx:26:13)

    console.log
      [Button] Has onClick in props: false

      at log (src/components/ui/Button.tsx:27:13)

    console.log
      [Button] All props: {}

      at log (src/components/ui/Button.tsx:28:13)

    console.log
      [Button] Rendering with type: submit

      at log (src/components/ui/Button.tsx:25:13)

    console.log
      [Button] Props received: {
        variant: 'primary',
        size: 'lg',
        type: 'submit',
        loading: false,
        disabled: false
      }

      at log (src/components/ui/Button.tsx:26:13)

    console.log
      [Button] Has onClick in props: false

      at log (src/components/ui/Button.tsx:27:13)

    console.log
      [Button] All props: {}

      at log (src/components/ui/Button.tsx:28:13)

    console.log
      [Button] Rendering with type: submit

      at log (src/components/ui/Button.tsx:25:13)

    console.log
      [Button] Props received: {
        variant: 'primary',
        size: 'lg',
        type: 'submit',
        loading: false,
        disabled: false
      }

      at log (src/components/ui/Button.tsx:26:13)

    console.log
      [Button] Has onClick in props: false

      at log (src/components/ui/Button.tsx:27:13)

    console.log
      [Button] All props: {}

      at log (src/components/ui/Button.tsx:28:13)

    console.log
      [Button] Rendering with type: submit

      at log (src/components/ui/Button.tsx:25:13)

    console.log
      [Button] Props received: {
        variant: 'primary',
        size: 'lg',
        type: 'submit',
        loading: false,
        disabled: false
      }

      at log (src/components/ui/Button.tsx:26:13)

    console.log
      [Button] Has onClick in props: false

      at log (src/components/ui/Button.tsx:27:13)

    console.log
      [Button] All props: {}

      at log (src/components/ui/Button.tsx:28:13)

    console.log
      [Button] Rendering with type: submit

      at log (src/components/ui/Button.tsx:25:13)

    console.log
      [Button] Props received: {
        variant: 'primary',
        size: 'lg',
        type: 'submit',
        loading: false,
        disabled: false
      }

      at log (src/components/ui/Button.tsx:26:13)

    console.log
      [Button] Has onClick in props: false

      at log (src/components/ui/Button.tsx:27:13)

    console.log
      [Button] All props: {}

      at log (src/components/ui/Button.tsx:28:13)

    console.log
      [Button] Rendering with type: submit

      at log (src/components/ui/Button.tsx:25:13)

    console.log
      [Button] Props received: {
        variant: 'primary',
        size: 'lg',
        type: 'submit',
        loading: false,
        disabled: false
      }

      at log (src/components/ui/Button.tsx:26:13)

    console.log
      [Button] Has onClick in props: false

      at log (src/components/ui/Button.tsx:27:13)

    console.log
      [Button] All props: {}

      at log (src/components/ui/Button.tsx:28:13)

    console.log
      [Button] Rendering with type: submit

      at log (src/components/ui/Button.tsx:25:13)

    console.log
      [Button] Props received: {
        variant: 'primary',
        size: 'lg',
        type: 'submit',
        loading: false,
        disabled: false
      }

      at log (src/components/ui/Button.tsx:26:13)

    console.log
      [Button] Has onClick in props: false

      at log (src/components/ui/Button.tsx:27:13)

    console.log
      [Button] All props: {}

      at log (src/components/ui/Button.tsx:28:13)

    console.log
      [Button] Rendering with type: submit

      at log (src/components/ui/Button.tsx:25:13)

    console.log
      [Button] Props received: {
        variant: 'primary',
        size: 'lg',
        type: 'submit',
        loading: false,
        disabled: false
      }

      at log (src/components/ui/Button.tsx:26:13)

    console.log
      [Button] Has onClick in props: false

      at log (src/components/ui/Button.tsx:27:13)

    console.log
      [Button] All props: {}

      at log (src/components/ui/Button.tsx:28:13)

    console.log
      [Button] Rendering with type: submit

      at log (src/components/ui/Button.tsx:25:13)

    console.log
      [Button] Props received: {
        variant: 'primary',
        size: 'lg',
        type: 'submit',
        loading: false,
        disabled: false
      }

      at log (src/components/ui/Button.tsx:26:13)

    console.log
      [Button] Has onClick in props: false

      at log (src/components/ui/Button.tsx:27:13)

    console.log
      [Button] All props: {}

      at log (src/components/ui/Button.tsx:28:13)

    console.log
      [Button] Rendering with type: submit

      at log (src/components/ui/Button.tsx:25:13)

    console.log
      [Button] Props received: {
        variant: 'primary',
        size: 'lg',
        type: 'submit',
        loading: false,
        disabled: false
      }

      at log (src/components/ui/Button.tsx:26:13)

    console.log
      [Button] Has onClick in props: false

      at log (src/components/ui/Button.tsx:27:13)

    console.log
      [Button] All props: {}

      at log (src/components/ui/Button.tsx:28:13)

    console.log
      [Button] Rendering with type: submit

      at log (src/components/ui/Button.tsx:25:13)

    console.log
      [Button] Props received: {
        variant: 'primary',
        size: 'lg',
        type: 'submit',
        loading: false,
        disabled: false
      }

      at log (src/components/ui/Button.tsx:26:13)

    console.log
      [Button] Has onClick in props: false

      at log (src/components/ui/Button.tsx:27:13)

    console.log
      [Button] All props: {}

      at log (src/components/ui/Button.tsx:28:13)

    console.log
      [Button] Rendering with type: submit

      at log (src/components/ui/Button.tsx:25:13)

    console.log
      [Button] Props received: {
        variant: 'primary',
        size: 'lg',
        type: 'submit',
        loading: false,
        disabled: false
      }

      at log (src/components/ui/Button.tsx:26:13)

    console.log
      [Button] Has onClick in props: false

      at log (src/components/ui/Button.tsx:27:13)

    console.log
      [Button] All props: {}

      at log (src/components/ui/Button.tsx:28:13)

    console.log
      [Button] Rendering with type: submit

      at log (src/components/ui/Button.tsx:25:13)

    console.log
      [Button] Props received: {
        variant: 'primary',
        size: 'lg',
        type: 'submit',
        loading: false,
        disabled: false
      }

      at log (src/components/ui/Button.tsx:26:13)

    console.log
      [Button] Has onClick in props: false

      at log (src/components/ui/Button.tsx:27:13)

    console.log
      [Button] All props: {}

      at log (src/components/ui/Button.tsx:28:13)

    console.log
      [Button] Rendering with type: submit

      at log (src/components/ui/Button.tsx:25:13)

    console.log
      [Button] Props received: {
        variant: 'primary',
        size: 'lg',
        type: 'submit',
        loading: false,
        disabled: false
      }

      at log (src/components/ui/Button.tsx:26:13)

    console.log
      [Button] Has onClick in props: false

      at log (src/components/ui/Button.tsx:27:13)

    console.log
      [Button] All props: {}

      at log (src/components/ui/Button.tsx:28:13)

    console.log
      [Button] Rendering with type: submit

      at log (src/components/ui/Button.tsx:25:13)

    console.log
      [Button] Props received: {
        variant: 'primary',
        size: 'lg',
        type: 'submit',
        loading: false,
        disabled: false
      }

      at log (src/components/ui/Button.tsx:26:13)

    console.log
      [Button] Has onClick in props: false

      at log (src/components/ui/Button.tsx:27:13)

    console.log
      [Button] All props: {}

      at log (src/components/ui/Button.tsx:28:13)

    console.log
      [Button] Rendering with type: submit

      at log (src/components/ui/Button.tsx:25:13)

    console.log
      [Button] Props received: {
        variant: 'primary',
        size: 'lg',
        type: 'submit',
        loading: false,
        disabled: false
      }

      at log (src/components/ui/Button.tsx:26:13)

    console.log
      [Button] Has onClick in props: false

      at log (src/components/ui/Button.tsx:27:13)

    console.log
      [Button] All props: {}

      at log (src/components/ui/Button.tsx:28:13)

    console.log
      [Button] Rendering with type: submit

      at log (src/components/ui/Button.tsx:25:13)

    console.log
      [Button] Props received: {
        variant: 'primary',
        size: 'lg',
        type: 'submit',
        loading: false,
        disabled: false
      }

      at log (src/components/ui/Button.tsx:26:13)

    console.log
      [Button] Has onClick in props: false

      at log (src/components/ui/Button.tsx:27:13)

    console.log
      [Button] All props: {}

      at log (src/components/ui/Button.tsx:28:13)

    console.log
      [Button] Rendering with type: submit

      at log (src/components/ui/Button.tsx:25:13)

    console.log
      [Button] Props received: {
        variant: 'primary',
        size: 'lg',
        type: 'submit',
        loading: false,
        disabled: false
      }

      at log (src/components/ui/Button.tsx:26:13)

    console.log
      [Button] Has onClick in props: false

      at log (src/components/ui/Button.tsx:27:13)

    console.log
      [Button] All props: {}

      at log (src/components/ui/Button.tsx:28:13)

    console.log
      [Button] Rendering with type: submit

      at log (src/components/ui/Button.tsx:25:13)

    console.log
      [Button] Props received: {
        variant: 'primary',
        size: 'lg',
        type: 'submit',
        loading: false,
        disabled: false
      }

      at log (src/components/ui/Button.tsx:26:13)

    console.log
      [Button] Has onClick in props: false

      at log (src/components/ui/Button.tsx:27:13)

    console.log
      [Button] All props: {}

      at log (src/components/ui/Button.tsx:28:13)

    console.log
      [Button] Rendering with type: submit

      at log (src/components/ui/Button.tsx:25:13)

    console.log
      [Button] Props received: {
        variant: 'primary',
        size: 'lg',
        type: 'submit',
        loading: false,
        disabled: false
      }

      at log (src/components/ui/Button.tsx:26:13)

    console.log
      [Button] Has onClick in props: false

      at log (src/components/ui/Button.tsx:27:13)

    console.log
      [Button] All props: {}

      at log (src/components/ui/Button.tsx:28:13)

    console.log
      [Button] Rendering with type: submit

      at log (src/components/ui/Button.tsx:25:13)

    console.log
      [Button] Props received: {
        variant: 'primary',
        size: 'lg',
        type: 'submit',
        loading: false,
        disabled: false
      }

      at log (src/components/ui/Button.tsx:26:13)

    console.log
      [Button] Has onClick in props: false

      at log (src/components/ui/Button.tsx:27:13)

    console.log
      [Button] All props: {}

      at log (src/components/ui/Button.tsx:28:13)

    console.log
      [Button] Rendering with type: submit

      at log (src/components/ui/Button.tsx:25:13)

    console.log
      [Button] Props received: {
        variant: 'primary',
        size: 'lg',
        type: 'submit',
        loading: false,
        disabled: false
      }

      at log (src/components/ui/Button.tsx:26:13)

    console.log
      [Button] Has onClick in props: false

      at log (src/components/ui/Button.tsx:27:13)

    console.log
      [Button] All props: {}

      at log (src/components/ui/Button.tsx:28:13)

    console.log
      [Button] Rendering with type: submit

      at log (src/components/ui/Button.tsx:25:13)

    console.log
      [Button] Props received: {
        variant: 'primary',
        size: 'lg',
        type: 'submit',
        loading: false,
        disabled: false
      }

      at log (src/components/ui/Button.tsx:26:13)

    console.log
      [Button] Has onClick in props: false

      at log (src/components/ui/Button.tsx:27:13)

    console.log
      [Button] All props: {}

      at log (src/components/ui/Button.tsx:28:13)

    console.log
      [Button] Rendering with type: submit

      at log (src/components/ui/Button.tsx:25:13)

    console.log
      [Button] Props received: {
        variant: 'primary',
        size: 'lg',
        type: 'submit',
        loading: false,
        disabled: false
      }

      at log (src/components/ui/Button.tsx:26:13)

    console.log
      [Button] Has onClick in props: false

      at log (src/components/ui/Button.tsx:27:13)

    console.log
      [Button] All props: {}

      at log (src/components/ui/Button.tsx:28:13)

    console.log
      [Button] Rendering with type: submit

      at log (src/components/ui/Button.tsx:25:13)

    console.log
      [Button] Props received: {
        variant: 'primary',
        size: 'lg',
        type: 'submit',
        loading: false,
        disabled: false
      }

      at log (src/components/ui/Button.tsx:26:13)

    console.log
      [Button] Has onClick in props: false

      at log (src/components/ui/Button.tsx:27:13)

    console.log
      [Button] All props: {}

      at log (src/components/ui/Button.tsx:28:13)

    console.log
      [Button] Rendering with type: submit

      at log (src/components/ui/Button.tsx:25:13)

    console.log
      [Button] Props received: {
        variant: 'primary',
        size: 'lg',
        type: 'submit',
        loading: false,
        disabled: false
      }

      at log (src/components/ui/Button.tsx:26:13)

    console.log
      [Button] Has onClick in props: false

      at log (src/components/ui/Button.tsx:27:13)

    console.log
      [Button] All props: {}

      at log (src/components/ui/Button.tsx:28:13)

    console.log
      [Button] Rendering with type: submit

      at log (src/components/ui/Button.tsx:25:13)

    console.log
      [Button] Props received: {
        variant: 'primary',
        size: 'lg',
        type: 'submit',
        loading: false,
        disabled: false
      }

      at log (src/components/ui/Button.tsx:26:13)

    console.log
      [Button] Has onClick in props: false

      at log (src/components/ui/Button.tsx:27:13)

    console.log
      [Button] All props: {}

      at log (src/components/ui/Button.tsx:28:13)

    console.log
      [Button] Rendering with type: submit

      at log (src/components/ui/Button.tsx:25:13)

    console.log
      [Button] Props received: {
        variant: 'primary',
        size: 'lg',
        type: 'submit',
        loading: false,
        disabled: false
      }

      at log (src/components/ui/Button.tsx:26:13)

    console.log
      [Button] Has onClick in props: false

      at log (src/components/ui/Button.tsx:27:13)

    console.log
      [Button] All props: {}

      at log (src/components/ui/Button.tsx:28:13)

    console.log
      [Button] Rendering with type: submit

      at log (src/components/ui/Button.tsx:25:13)

    console.log
      [Button] Props received: {
        variant: 'primary',
        size: 'lg',
        type: 'submit',
        loading: false,
        disabled: false
      }

      at log (src/components/ui/Button.tsx:26:13)

    console.log
      [Button] Has onClick in props: false

      at log (src/components/ui/Button.tsx:27:13)

    console.log
      [Button] All props: {}

      at log (src/components/ui/Button.tsx:28:13)

    console.log
      [Button] Rendering with type: submit

      at log (src/components/ui/Button.tsx:25:13)

    console.log
      [Button] Props received: {
        variant: 'primary',
        size: 'lg',
        type: 'submit',
        loading: false,
        disabled: false
      }

      at log (src/components/ui/Button.tsx:26:13)

    console.log
      [Button] Has onClick in props: false

      at log (src/components/ui/Button.tsx:27:13)

    console.log
      [Button] All props: {}

      at log (src/components/ui/Button.tsx:28:13)

    console.log
      [Button] Rendering with type: submit

      at log (src/components/ui/Button.tsx:25:13)

    console.log
      [Button] Props received: {
        variant: 'primary',
        size: 'lg',
        type: 'submit',
        loading: false,
        disabled: false
      }

      at log (src/components/ui/Button.tsx:26:13)

    console.log
      [Button] Has onClick in props: false

      at log (src/components/ui/Button.tsx:27:13)

    console.log
      [Button] All props: {}

      at log (src/components/ui/Button.tsx:28:13)

    console.log
      [Button] Rendering with type: submit

      at log (src/components/ui/Button.tsx:25:13)

    console.log
      [Button] Props received: {
        variant: 'primary',
        size: 'lg',
        type: 'submit',
        loading: false,
        disabled: false
      }

      at log (src/components/ui/Button.tsx:26:13)

    console.log
      [Button] Has onClick in props: false

      at log (src/components/ui/Button.tsx:27:13)

    console.log
      [Button] All props: {}

      at log (src/components/ui/Button.tsx:28:13)

    console.log
      [Button] Rendering with type: submit

      at log (src/components/ui/Button.tsx:25:13)

    console.log
      [Button] Props received: {
        variant: 'primary',
        size: 'lg',
        type: 'submit',
        loading: false,
        disabled: false
      }

      at log (src/components/ui/Button.tsx:26:13)

    console.log
      [Button] Has onClick in props: false

      at log (src/components/ui/Button.tsx:27:13)

    console.log
      [Button] All props: {}

      at log (src/components/ui/Button.tsx:28:13)

    console.log
      [Button] Rendering with type: submit

      at log (src/components/ui/Button.tsx:25:13)

    console.log
      [Button] Props received: {
        variant: 'primary',
        size: 'lg',
        type: 'submit',
        loading: false,
        disabled: false
      }

      at log (src/components/ui/Button.tsx:26:13)

    console.log
      [Button] Has onClick in props: false

      at log (src/components/ui/Button.tsx:27:13)

    console.log
      [Button] All props: {}

      at log (src/components/ui/Button.tsx:28:13)

    console.log
      [Button] Rendering with type: submit

      at log (src/components/ui/Button.tsx:25:13)

    console.log
      [Button] Props received: {
        variant: 'primary',
        size: 'lg',
        type: 'submit',
        loading: false,
        disabled: false
      }

      at log (src/components/ui/Button.tsx:26:13)

    console.log
      [Button] Has onClick in props: false

      at log (src/components/ui/Button.tsx:27:13)

    console.log
      [Button] All props: {}

      at log (src/components/ui/Button.tsx:28:13)

    console.log
      [Button] Rendering with type: submit

      at log (src/components/ui/Button.tsx:25:13)

    console.log
      [Button] Props received: {
        variant: 'primary',
        size: 'lg',
        type: 'submit',
        loading: false,
        disabled: false
      }

      at log (src/components/ui/Button.tsx:26:13)

    console.log
      [Button] Has onClick in props: false

      at log (src/components/ui/Button.tsx:27:13)

    console.log
      [Button] All props: {}

      at log (src/components/ui/Button.tsx:28:13)

    console.log
      [Button] Rendering with type: submit

      at log (src/components/ui/Button.tsx:25:13)

    console.log
      [Button] Props received: {
        variant: 'primary',
        size: 'lg',
        type: 'submit',
        loading: false,
        disabled: false
      }

      at log (src/components/ui/Button.tsx:26:13)

    console.log
      [Button] Has onClick in props: false

      at log (src/components/ui/Button.tsx:27:13)

    console.log
      [Button] All props: {}

      at log (src/components/ui/Button.tsx:28:13)

    console.log
      [Button] Rendering with type: submit

      at log (src/components/ui/Button.tsx:25:13)

    console.log
      [Button] Props received: {
        variant: 'primary',
        size: 'lg',
        type: 'submit',
        loading: false,
        disabled: false
      }

      at log (src/components/ui/Button.tsx:26:13)

    console.log
      [Button] Has onClick in props: false

      at log (src/components/ui/Button.tsx:27:13)

    console.log
      [Button] All props: {}

      at log (src/components/ui/Button.tsx:28:13)

    console.log
      [Button] Rendering with type: submit

      at log (src/components/ui/Button.tsx:25:13)

    console.log
      [Button] Props received: {
        variant: 'primary',
        size: 'lg',
        type: 'submit',
        loading: false,
        disabled: false
      }

      at log (src/components/ui/Button.tsx:26:13)

    console.log
      [Button] Has onClick in props: false

      at log (src/components/ui/Button.tsx:27:13)

    console.log
      [Button] All props: {}

      at log (src/components/ui/Button.tsx:28:13)

    console.log
      [Button] Rendering with type: submit

      at log (src/components/ui/Button.tsx:25:13)

    console.log
      [Button] Props received: {
        variant: 'primary',
        size: 'lg',
        type: 'submit',
        loading: false,
        disabled: false
      }

      at log (src/components/ui/Button.tsx:26:13)

    console.log
      [Button] Has onClick in props: false

      at log (src/components/ui/Button.tsx:27:13)

    console.log
      [Button] All props: {}

      at log (src/components/ui/Button.tsx:28:13)

    console.log
      [Button] Rendering with type: submit

      at log (src/components/ui/Button.tsx:25:13)

    console.log
      [Button] Props received: {
        variant: 'primary',
        size: 'lg',
        type: 'submit',
        loading: false,
        disabled: false
      }

      at log (src/components/ui/Button.tsx:26:13)

    console.log
      [Button] Has onClick in props: false

      at log (src/components/ui/Button.tsx:27:13)

    console.log
      [Button] All props: {}

      at log (src/components/ui/Button.tsx:28:13)

    console.log
      [Button] Rendering with type: submit

      at log (src/components/ui/Button.tsx:25:13)

    console.log
      [Button] Props received: {
        variant: 'primary',
        size: 'lg',
        type: 'submit',
        loading: false,
        disabled: false
      }

      at log (src/components/ui/Button.tsx:26:13)

    console.log
      [Button] Has onClick in props: false

      at log (src/components/ui/Button.tsx:27:13)

    console.log
      [Button] All props: {}

      at log (src/components/ui/Button.tsx:28:13)

    console.log
      [Button] Rendering with type: submit

      at log (src/components/ui/Button.tsx:25:13)

    console.log
      [Button] Props received: {
        variant: 'primary',
        size: 'lg',
        type: 'submit',
        loading: false,
        disabled: false
      }

      at log (src/components/ui/Button.tsx:26:13)

    console.log
      [Button] Has onClick in props: false

      at log (src/components/ui/Button.tsx:27:13)

    console.log
      [Button] All props: {}

      at log (src/components/ui/Button.tsx:28:13)

    console.log
      [Button] Rendering with type: submit

      at log (src/components/ui/Button.tsx:25:13)

    console.log
      [Button] Props received: {
        variant: 'primary',
        size: 'lg',
        type: 'submit',
        loading: false,
        disabled: false
      }

      at log (src/components/ui/Button.tsx:26:13)

    console.log
      [Button] Has onClick in props: false

      at log (src/components/ui/Button.tsx:27:13)

    console.log
      [Button] All props: {}

      at log (src/components/ui/Button.tsx:28:13)

    console.log
      [Button] Rendering with type: submit

      at log (src/components/ui/Button.tsx:25:13)

    console.log
      [Button] Props received: {
        variant: 'primary',
        size: 'lg',
        type: 'submit',
        loading: false,
        disabled: false
      }

      at log (src/components/ui/Button.tsx:26:13)

    console.log
      [Button] Has onClick in props: false

      at log (src/components/ui/Button.tsx:27:13)

    console.log
      [Button] All props: {}

      at log (src/components/ui/Button.tsx:28:13)

    console.log
      [Button] Rendering with type: submit

      at log (src/components/ui/Button.tsx:25:13)

    console.log
      [Button] Props received: {
        variant: 'primary',
        size: 'lg',
        type: 'submit',
        loading: false,
        disabled: false
      }

      at log (src/components/ui/Button.tsx:26:13)

    console.log
      [Button] Has onClick in props: false

      at log (src/components/ui/Button.tsx:27:13)

    console.log
      [Button] All props: {}

      at log (src/components/ui/Button.tsx:28:13)

    console.log
      [Button] Rendering with type: submit

      at log (src/components/ui/Button.tsx:25:13)

    console.log
      [Button] Props received: {
        variant: 'primary',
        size: 'lg',
        type: 'submit',
        loading: false,
        disabled: false
      }

      at log (src/components/ui/Button.tsx:26:13)

    console.log
      [Button] Has onClick in props: false

      at log (src/components/ui/Button.tsx:27:13)

    console.log
      [Button] All props: {}

      at log (src/components/ui/Button.tsx:28:13)

    console.log
      [Button] Rendering with type: submit

      at log (src/components/ui/Button.tsx:25:13)

    console.log
      [Button] Props received: {
        variant: 'primary',
        size: 'lg',
        type: 'submit',
        loading: false,
        disabled: false
      }

      at log (src/components/ui/Button.tsx:26:13)

    console.log
      [Button] Has onClick in props: false

      at log (src/components/ui/Button.tsx:27:13)

    console.log
      [Button] All props: {}

      at log (src/components/ui/Button.tsx:28:13)

    console.log
      [Button] Rendering with type: submit

      at log (src/components/ui/Button.tsx:25:13)

    console.log
      [Button] Props received: {
        variant: 'primary',
        size: 'lg',
        type: 'submit',
        loading: false,
        disabled: false
      }

      at log (src/components/ui/Button.tsx:26:13)

    console.log
      [Button] Has onClick in props: false

      at log (src/components/ui/Button.tsx:27:13)

    console.log
      [Button] All props: {}

      at log (src/components/ui/Button.tsx:28:13)

    console.log
      [Button] Rendering with type: submit

      at log (src/components/ui/Button.tsx:25:13)

    console.log
      [Button] Props received: {
        variant: 'primary',
        size: 'lg',
        type: 'submit',
        loading: false,
        disabled: false
      }

      at log (src/components/ui/Button.tsx:26:13)

    console.log
      [Button] Has onClick in props: false

      at log (src/components/ui/Button.tsx:27:13)

    console.log
      [Button] All props: {}

      at log (src/components/ui/Button.tsx:28:13)

    console.log
      [Button] Rendering with type: submit

      at log (src/components/ui/Button.tsx:25:13)

    console.log
      [Button] Props received: {
        variant: 'primary',
        size: 'lg',
        type: 'submit',
        loading: false,
        disabled: false
      }

      at log (src/components/ui/Button.tsx:26:13)

    console.log
      [Button] Has onClick in props: false

      at log (src/components/ui/Button.tsx:27:13)

    console.log
      [Button] All props: {}

      at log (src/components/ui/Button.tsx:28:13)

    console.log
      [Button] Rendering with type: submit

      at log (src/components/ui/Button.tsx:25:13)

    console.log
      [Button] Props received: {
        variant: 'primary',
        size: 'lg',
        type: 'submit',
        loading: false,
        disabled: false
      }

      at log (src/components/ui/Button.tsx:26:13)

    console.log
      [Button] Has onClick in props: false

      at log (src/components/ui/Button.tsx:27:13)

    console.log
      [Button] All props: {}

      at log (src/components/ui/Button.tsx:28:13)

    console.log
      [Button] Rendering with type: submit

      at log (src/components/ui/Button.tsx:25:13)

    console.log
      [Button] Props received: {
        variant: 'primary',
        size: 'lg',
        type: 'submit',
        loading: false,
        disabled: false
      }

      at log (src/components/ui/Button.tsx:26:13)

    console.log
      [Button] Has onClick in props: false

      at log (src/components/ui/Button.tsx:27:13)

    console.log
      [Button] All props: {}

      at log (src/components/ui/Button.tsx:28:13)

    console.log
      [Button] Rendering with type: submit

      at log (src/components/ui/Button.tsx:25:13)

    console.log
      [Button] Props received: {
        variant: 'primary',
        size: 'lg',
        type: 'submit',
        loading: false,
        disabled: false
      }

      at log (src/components/ui/Button.tsx:26:13)

    console.log
      [Button] Has onClick in props: false

      at log (src/components/ui/Button.tsx:27:13)

    console.log
      [Button] All props: {}

      at log (src/components/ui/Button.tsx:28:13)

    console.log
      [Button] Rendering with type: submit

      at log (src/components/ui/Button.tsx:25:13)

    console.log
      [Button] Props received: {
        variant: 'primary',
        size: 'lg',
        type: 'submit',
        loading: false,
        disabled: false
      }

      at log (src/components/ui/Button.tsx:26:13)

    console.log
      [Button] Has onClick in props: false

      at log (src/components/ui/Button.tsx:27:13)

    console.log
      [Button] All props: {}

      at log (src/components/ui/Button.tsx:28:13)

    console.log
      [Button] Rendering with type: submit

      at log (src/components/ui/Button.tsx:25:13)

    console.log
      [Button] Props received: {
        variant: 'primary',
        size: 'lg',
        type: 'submit',
        loading: false,
        disabled: false
      }

      at log (src/components/ui/Button.tsx:26:13)

    console.log
      [Button] Has onClick in props: false

      at log (src/components/ui/Button.tsx:27:13)

    console.log
      [Button] All props: {}

      at log (src/components/ui/Button.tsx:28:13)

    console.log
      [Button] Rendering with type: submit

      at log (src/components/ui/Button.tsx:25:13)

    console.log
      [Button] Props received: {
        variant: 'primary',
        size: 'lg',
        type: 'submit',
        loading: false,
        disabled: false
      }

      at log (src/components/ui/Button.tsx:26:13)

    console.log
      [Button] Has onClick in props: false

      at log (src/components/ui/Button.tsx:27:13)

    console.log
      [Button] All props: {}

      at log (src/components/ui/Button.tsx:28:13)

    console.log
      [Button] Rendering with type: submit

      at log (src/components/ui/Button.tsx:25:13)

    console.log
      [Button] Props received: {
        variant: 'primary',
        size: 'lg',
        type: 'submit',
        loading: false,
        disabled: false
      }

      at log (src/components/ui/Button.tsx:26:13)

    console.log
      [Button] Has onClick in props: false

      at log (src/components/ui/Button.tsx:27:13)

    console.log
      [Button] All props: {}

      at log (src/components/ui/Button.tsx:28:13)

    console.log
      [Button] Rendering with type: submit

      at log (src/components/ui/Button.tsx:25:13)

    console.log
      [Button] Props received: {
        variant: 'primary',
        size: 'lg',
        type: 'submit',
        loading: false,
        disabled: false
      }

      at log (src/components/ui/Button.tsx:26:13)

    console.log
      [Button] Has onClick in props: false

      at log (src/components/ui/Button.tsx:27:13)

    console.log
      [Button] All props: {}

      at log (src/components/ui/Button.tsx:28:13)

    console.log
      [Button] Rendering with type: submit

      at log (src/components/ui/Button.tsx:25:13)

    console.log
      [Button] Props received: {
        variant: 'primary',
        size: 'lg',
        type: 'submit',
        loading: false,
        disabled: false
      }

      at log (src/components/ui/Button.tsx:26:13)

    console.log
      [Button] Has onClick in props: false

      at log (src/components/ui/Button.tsx:27:13)

    console.log
      [Button] All props: {}

      at log (src/components/ui/Button.tsx:28:13)

    console.log
      [Button] Rendering with type: submit

      at log (src/components/ui/Button.tsx:25:13)

    console.log
      [Button] Props received: {
        variant: 'primary',
        size: 'lg',
        type: 'submit',
        loading: false,
        disabled: false
      }

      at log (src/components/ui/Button.tsx:26:13)

    console.log
      [Button] Has onClick in props: false

      at log (src/components/ui/Button.tsx:27:13)

    console.log
      [Button] All props: {}

      at log (src/components/ui/Button.tsx:28:13)

    console.log
      [Button] Rendering with type: submit

      at log (src/components/ui/Button.tsx:25:13)

    console.log
      [Button] Props received: {
        variant: 'primary',
        size: 'lg',
        type: 'submit',
        loading: false,
        disabled: false
      }

      at log (src/components/ui/Button.tsx:26:13)

    console.log
      [Button] Has onClick in props: false

      at log (src/components/ui/Button.tsx:27:13)

    console.log
      [Button] All props: {}

      at log (src/components/ui/Button.tsx:28:13)

    console.log
      [Button] Rendering with type: submit

      at log (src/components/ui/Button.tsx:25:13)

    console.log
      [Button] Props received: {
        variant: 'primary',
        size: 'lg',
        type: 'submit',
        loading: false,
        disabled: false
      }

      at log (src/components/ui/Button.tsx:26:13)

    console.log
      [Button] Has onClick in props: false

      at log (src/components/ui/Button.tsx:27:13)

    console.log
      [Button] All props: {}

      at log (src/components/ui/Button.tsx:28:13)

    console.log
      [Button] Rendering with type: submit

      at log (src/components/ui/Button.tsx:25:13)

    console.log
      [Button] Props received: {
        variant: 'primary',
        size: 'lg',
        type: 'submit',
        loading: false,
        disabled: false
      }

      at log (src/components/ui/Button.tsx:26:13)

    console.log
      [Button] Has onClick in props: false

      at log (src/components/ui/Button.tsx:27:13)

    console.log
      [Button] All props: {}

      at log (src/components/ui/Button.tsx:28:13)

    console.log
      [Button] Rendering with type: submit

      at log (src/components/ui/Button.tsx:25:13)

    console.log
      [Button] Props received: {
        variant: 'primary',
        size: 'lg',
        type: 'submit',
        loading: false,
        disabled: false
      }

      at log (src/components/ui/Button.tsx:26:13)

    console.log
      [Button] Has onClick in props: false

      at log (src/components/ui/Button.tsx:27:13)

    console.log
      [Button] All props: {}

      at log (src/components/ui/Button.tsx:28:13)

    console.log
      [Button] Rendering with type: submit

      at log (src/components/ui/Button.tsx:25:13)

    console.log
      [Button] Props received: {
        variant: 'primary',
        size: 'lg',
        type: 'submit',
        loading: false,
        disabled: false
      }

      at log (src/components/ui/Button.tsx:26:13)

    console.log
      [Button] Has onClick in props: false

      at log (src/components/ui/Button.tsx:27:13)

    console.log
      [Button] All props: {}

      at log (src/components/ui/Button.tsx:28:13)

    console.log
      [Button] Rendering with type: submit

      at log (src/components/ui/Button.tsx:25:13)

    console.log
      [Button] Props received: {
        variant: 'primary',
        size: 'lg',
        type: 'submit',
        loading: false,
        disabled: false
      }

      at log (src/components/ui/Button.tsx:26:13)

    console.log
      [Button] Has onClick in props: false

      at log (src/components/ui/Button.tsx:27:13)

    console.log
      [Button] All props: {}

      at log (src/components/ui/Button.tsx:28:13)

    console.log
      [Button] Rendering with type: submit

      at log (src/components/ui/Button.tsx:25:13)

    console.log
      [Button] Props received: {
        variant: 'primary',
        size: 'lg',
        type: 'submit',
        loading: false,
        disabled: false
      }

      at log (src/components/ui/Button.tsx:26:13)

    console.log
      [Button] Has onClick in props: false

      at log (src/components/ui/Button.tsx:27:13)

    console.log
      [Button] All props: {}

      at log (src/components/ui/Button.tsx:28:13)

    console.log
      [Button] Rendering with type: submit

      at log (src/components/ui/Button.tsx:25:13)

    console.log
      [Button] Props received: {
        variant: 'primary',
        size: 'lg',
        type: 'submit',
        loading: false,
        disabled: false
      }

      at log (src/components/ui/Button.tsx:26:13)

    console.log
      [Button] Has onClick in props: false

      at log (src/components/ui/Button.tsx:27:13)

    console.log
      [Button] All props: {}

      at log (src/components/ui/Button.tsx:28:13)

    console.log
      [Button] Rendering with type: submit

      at log (src/components/ui/Button.tsx:25:13)

    console.log
      [Button] Props received: {
        variant: 'primary',
        size: 'lg',
        type: 'submit',
        loading: false,
        disabled: false
      }

      at log (src/components/ui/Button.tsx:26:13)

    console.log
      [Button] Has onClick in props: false

      at log (src/components/ui/Button.tsx:27:13)

    console.log
      [Button] All props: {}

      at log (src/components/ui/Button.tsx:28:13)

    console.log
      [Button] Rendering with type: submit

      at log (src/components/ui/Button.tsx:25:13)

    console.log
      [Button] Props received: {
        variant: 'primary',
        size: 'lg',
        type: 'submit',
        loading: false,
        disabled: false
      }

      at log (src/components/ui/Button.tsx:26:13)

    console.log
      [Button] Has onClick in props: false

      at log (src/components/ui/Button.tsx:27:13)

    console.log
      [Button] All props: {}

      at log (src/components/ui/Button.tsx:28:13)

    console.log
      [Button] Rendering with type: submit

      at log (src/components/ui/Button.tsx:25:13)

    console.log
      [Button] Props received: {
        variant: 'primary',
        size: 'lg',
        type: 'submit',
        loading: false,
        disabled: false
      }

      at log (src/components/ui/Button.tsx:26:13)

    console.log
      [Button] Has onClick in props: false

      at log (src/components/ui/Button.tsx:27:13)

    console.log
      [Button] All props: {}

      at log (src/components/ui/Button.tsx:28:13)

    console.log
      [Button] Rendering with type: submit

      at log (src/components/ui/Button.tsx:25:13)

    console.log
      [Button] Props received: {
        variant: 'primary',
        size: 'lg',
        type: 'submit',
        loading: false,
        disabled: false
      }

      at log (src/components/ui/Button.tsx:26:13)

    console.log
      [Button] Has onClick in props: false

      at log (src/components/ui/Button.tsx:27:13)

    console.log
      [Button] All props: {}

      at log (src/components/ui/Button.tsx:28:13)

    console.log
      [Button] Rendering with type: submit

      at log (src/components/ui/Button.tsx:25:13)

    console.log
      [Button] Props received: {
        variant: 'primary',
        size: 'lg',
        type: 'submit',
        loading: false,
        disabled: false
      }

      at log (src/components/ui/Button.tsx:26:13)

    console.log
      [Button] Has onClick in props: false

      at log (src/components/ui/Button.tsx:27:13)

    console.log
      [Button] All props: {}

      at log (src/components/ui/Button.tsx:28:13)

    console.log
      [Button] Rendering with type: submit

      at log (src/components/ui/Button.tsx:25:13)

    console.log
      [Button] Props received: {
        variant: 'primary',
        size: 'lg',
        type: 'submit',
        loading: false,
        disabled: false
      }

      at log (src/components/ui/Button.tsx:26:13)

    console.log
      [Button] Has onClick in props: false

      at log (src/components/ui/Button.tsx:27:13)

    console.log
      [Button] All props: {}

      at log (src/components/ui/Button.tsx:28:13)

    console.log
      [Button] Rendering with type: submit

      at log (src/components/ui/Button.tsx:25:13)

    console.log
      [Button] Props received: {
        variant: 'primary',
        size: 'lg',
        type: 'submit',
        loading: false,
        disabled: false
      }

      at log (src/components/ui/Button.tsx:26:13)

    console.log
      [Button] Has onClick in props: false

      at log (src/components/ui/Button.tsx:27:13)

    console.log
      [Button] All props: {}

      at log (src/components/ui/Button.tsx:28:13)

    console.log
      [Button] Rendering with type: submit

      at log (src/components/ui/Button.tsx:25:13)

    console.log
      [Button] Props received: {
        variant: 'primary',
        size: 'lg',
        type: 'submit',
        loading: false,
        disabled: false
      }

      at log (src/components/ui/Button.tsx:26:13)

    console.log
      [Button] Has onClick in props: false

      at log (src/components/ui/Button.tsx:27:13)

    console.log
      [Button] All props: {}

      at log (src/components/ui/Button.tsx:28:13)

    console.log
      [Button] Rendering with type: submit

      at log (src/components/ui/Button.tsx:25:13)

    console.log
      [Button] Props received: {
        variant: 'primary',
        size: 'lg',
        type: 'submit',
        loading: false,
        disabled: false
      }

      at log (src/components/ui/Button.tsx:26:13)

    console.log
      [Button] Has onClick in props: false

      at log (src/components/ui/Button.tsx:27:13)

    console.log
      [Button] All props: {}

      at log (src/components/ui/Button.tsx:28:13)

    console.log
      [Button] Rendering with type: submit

      at log (src/components/ui/Button.tsx:25:13)

    console.log
      [Button] Props received: {
        variant: 'primary',
        size: 'lg',
        type: 'submit',
        loading: false,
        disabled: false
      }

      at log (src/components/ui/Button.tsx:26:13)

    console.log
      [Button] Has onClick in props: false

      at log (src/components/ui/Button.tsx:27:13)

    console.log
      [Button] All props: {}

      at log (src/components/ui/Button.tsx:28:13)

    console.log
      [Button] Rendering with type: submit

      at log (src/components/ui/Button.tsx:25:13)

    console.log
      [Button] Props received: {
        variant: 'primary',
        size: 'lg',
        type: 'submit',
        loading: false,
        disabled: false
      }

      at log (src/components/ui/Button.tsx:26:13)

    console.log
      [Button] Has onClick in props: false

      at log (src/components/ui/Button.tsx:27:13)

    console.log
      [Button] All props: {}

      at log (src/components/ui/Button.tsx:28:13)

    console.log
      [Button] Rendering with type: submit

      at log (src/components/ui/Button.tsx:25:13)

    console.log
      [Button] Props received: {
        variant: 'primary',
        size: 'lg',
        type: 'submit',
        loading: false,
        disabled: false
      }

      at log (src/components/ui/Button.tsx:26:13)

    console.log
      [Button] Has onClick in props: false

      at log (src/components/ui/Button.tsx:27:13)

    console.log
      [Button] All props: {}

      at log (src/components/ui/Button.tsx:28:13)

    console.log
      [Button] Rendering with type: submit

      at log (src/components/ui/Button.tsx:25:13)

    console.log
      [Button] Props received: {
        variant: 'primary',
        size: 'lg',
        type: 'submit',
        loading: false,
        disabled: false
      }

      at log (src/components/ui/Button.tsx:26:13)

    console.log
      [Button] Has onClick in props: false

      at log (src/components/ui/Button.tsx:27:13)

    console.log
      [Button] All props: {}

      at log (src/components/ui/Button.tsx:28:13)

    console.log
      [Button] Rendering with type: submit

      at log (src/components/ui/Button.tsx:25:13)

    console.log
      [Button] Props received: {
        variant: 'primary',
        size: 'lg',
        type: 'submit',
        loading: false,
        disabled: false
      }

      at log (src/components/ui/Button.tsx:26:13)

    console.log
      [Button] Has onClick in props: false

      at log (src/components/ui/Button.tsx:27:13)

    console.log
      [Button] All props: {}

      at log (src/components/ui/Button.tsx:28:13)

    console.log
      [Button] Rendering with type: submit

      at log (src/components/ui/Button.tsx:25:13)

    console.log
      [Button] Props received: {
        variant: 'primary',
        size: 'lg',
        type: 'submit',
        loading: false,
        disabled: false
      }

      at log (src/components/ui/Button.tsx:26:13)

    console.log
      [Button] Has onClick in props: false

      at log (src/components/ui/Button.tsx:27:13)

    console.log
      [Button] All props: {}

      at log (src/components/ui/Button.tsx:28:13)

    console.log
      [Button] Rendering with type: submit

      at log (src/components/ui/Button.tsx:25:13)

    console.log
      [Button] Props received: {
        variant: 'primary',
        size: 'lg',
        type: 'submit',
        loading: false,
        disabled: false
      }

      at log (src/components/ui/Button.tsx:26:13)

    console.log
      [Button] Has onClick in props: false

      at log (src/components/ui/Button.tsx:27:13)

    console.log
      [Button] All props: {}

      at log (src/components/ui/Button.tsx:28:13)

    console.log
      [Button] Rendering with type: submit

      at log (src/components/ui/Button.tsx:25:13)

    console.log
      [Button] Props received: {
        variant: 'primary',
        size: 'lg',
        type: 'submit',
        loading: false,
        disabled: false
      }

      at log (src/components/ui/Button.tsx:26:13)

    console.log
      [Button] Has onClick in props: false

      at log (src/components/ui/Button.tsx:27:13)

    console.log
      [Button] All props: {}

      at log (src/components/ui/Button.tsx:28:13)

    console.log
      [Button] Rendering with type: submit

      at log (src/components/ui/Button.tsx:25:13)

    console.log
      [Button] Props received: {
        variant: 'primary',
        size: 'lg',
        type: 'submit',
        loading: false,
        disabled: false
      }

      at log (src/components/ui/Button.tsx:26:13)

    console.log
      [Button] Has onClick in props: false

      at log (src/components/ui/Button.tsx:27:13)

    console.log
      [Button] All props: {}

      at log (src/components/ui/Button.tsx:28:13)

    console.log
      [Button] Rendering with type: submit

      at log (src/components/ui/Button.tsx:25:13)

    console.log
      [Button] Props received: {
        variant: 'primary',
        size: 'lg',
        type: 'submit',
        loading: false,
        disabled: false
      }

      at log (src/components/ui/Button.tsx:26:13)

    console.log
      [Button] Has onClick in props: false

      at log (src/components/ui/Button.tsx:27:13)

    console.log
      [Button] All props: {}

      at log (src/components/ui/Button.tsx:28:13)

    console.log
      [Button] Rendering with type: submit

      at log (src/components/ui/Button.tsx:25:13)

    console.log
      [Button] Props received: {
        variant: 'primary',
        size: 'lg',
        type: 'submit',
        loading: false,
        disabled: false
      }

      at log (src/components/ui/Button.tsx:26:13)

    console.log
      [Button] Has onClick in props: false

      at log (src/components/ui/Button.tsx:27:13)

    console.log
      [Button] All props: {}

      at log (src/components/ui/Button.tsx:28:13)

    console.log
      [Button] Rendering with type: submit

      at log (src/components/ui/Button.tsx:25:13)

    console.log
      [Button] Props received: {
        variant: 'primary',
        size: 'lg',
        type: 'submit',
        loading: false,
        disabled: false
      }

      at log (src/components/ui/Button.tsx:26:13)

    console.log
      [Button] Has onClick in props: false

      at log (src/components/ui/Button.tsx:27:13)

    console.log
      [Button] All props: {}

      at log (src/components/ui/Button.tsx:28:13)

    console.log
      [Button] Rendering with type: submit

      at log (src/components/ui/Button.tsx:25:13)

    console.log
      [Button] Props received: {
        variant: 'primary',
        size: 'lg',
        type: 'submit',
        loading: false,
        disabled: false
      }

      at log (src/components/ui/Button.tsx:26:13)

    console.log
      [Button] Has onClick in props: false

      at log (src/components/ui/Button.tsx:27:13)

    console.log
      [Button] All props: {}

      at log (src/components/ui/Button.tsx:28:13)

    console.log
      [Button] Rendering with type: submit

      at log (src/components/ui/Button.tsx:25:13)

    console.log
      [Button] Props received: {
        variant: 'primary',
        size: 'lg',
        type: 'submit',
        loading: false,
        disabled: false
      }

      at log (src/components/ui/Button.tsx:26:13)

    console.log
      [Button] Has onClick in props: false

      at log (src/components/ui/Button.tsx:27:13)

    console.log
      [Button] All props: {}

      at log (src/components/ui/Button.tsx:28:13)

    console.log
      [Button] Rendering with type: submit

      at log (src/components/ui/Button.tsx:25:13)

    console.log
      [Button] Props received: {
        variant: 'primary',
        size: 'lg',
        type: 'submit',
        loading: false,
        disabled: false
      }

      at log (src/components/ui/Button.tsx:26:13)

    console.log
      [Button] Has onClick in props: false

      at log (src/components/ui/Button.tsx:27:13)

    console.log
      [Button] All props: {}

      at log (src/components/ui/Button.tsx:28:13)

    console.log
      [Button] Rendering with type: submit

      at log (src/components/ui/Button.tsx:25:13)

    console.log
      [Button] Props received: {
        variant: 'primary',
        size: 'lg',
        type: 'submit',
        loading: false,
        disabled: false
      }

      at log (src/components/ui/Button.tsx:26:13)

    console.log
      [Button] Has onClick in props: false

      at log (src/components/ui/Button.tsx:27:13)

    console.log
      [Button] All props: {}

      at log (src/components/ui/Button.tsx:28:13)

    console.log
      [Button] Rendering with type: submit

      at log (src/components/ui/Button.tsx:25:13)

    console.log
      [Button] Props received: {
        variant: 'primary',
        size: 'lg',
        type: 'submit',
        loading: false,
        disabled: false
      }

      at log (src/components/ui/Button.tsx:26:13)

    console.log
      [Button] Has onClick in props: false

      at log (src/components/ui/Button.tsx:27:13)

    console.log
      [Button] All props: {}

      at log (src/components/ui/Button.tsx:28:13)

    console.log
      [Button] Rendering with type: submit

      at log (src/components/ui/Button.tsx:25:13)

    console.log
      [Button] Props received: {
        variant: 'primary',
        size: 'lg',
        type: 'submit',
        loading: false,
        disabled: false
      }

      at log (src/components/ui/Button.tsx:26:13)

    console.log
      [Button] Has onClick in props: false

      at log (src/components/ui/Button.tsx:27:13)

    console.log
      [Button] All props: {}

      at log (src/components/ui/Button.tsx:28:13)

    console.log
      [Button] Rendering with type: submit

      at log (src/components/ui/Button.tsx:25:13)

    console.log
      [Button] Props received: {
        variant: 'primary',
        size: 'lg',
        type: 'submit',
        loading: false,
        disabled: false
      }

      at log (src/components/ui/Button.tsx:26:13)

    console.log
      [Button] Has onClick in props: false

      at log (src/components/ui/Button.tsx:27:13)

    console.log
      [Button] All props: {}

      at log (src/components/ui/Button.tsx:28:13)

    console.log
      [Button] Rendering with type: submit

      at log (src/components/ui/Button.tsx:25:13)

    console.log
      [Button] Props received: {
        variant: 'primary',
        size: 'lg',
        type: 'submit',
        loading: false,
        disabled: false
      }

      at log (src/components/ui/Button.tsx:26:13)

    console.log
      [Button] Has onClick in props: false

      at log (src/components/ui/Button.tsx:27:13)

    console.log
      [Button] All props: {}

      at log (src/components/ui/Button.tsx:28:13)

    console.log
      [Button] Rendering with type: submit

      at log (src/components/ui/Button.tsx:25:13)

    console.log
      [Button] Props received: {
        variant: 'primary',
        size: 'lg',
        type: 'submit',
        loading: false,
        disabled: false
      }

      at log (src/components/ui/Button.tsx:26:13)

    console.log
      [Button] Has onClick in props: false

      at log (src/components/ui/Button.tsx:27:13)

    console.log
      [Button] All props: {}

      at log (src/components/ui/Button.tsx:28:13)

    console.log
      [Button] Rendering with type: submit

      at log (src/components/ui/Button.tsx:25:13)

    console.log
      [Button] Props received: {
        variant: 'primary',
        size: 'lg',
        type: 'submit',
        loading: false,
        disabled: false
      }

      at log (src/components/ui/Button.tsx:26:13)

    console.log
      [Button] Has onClick in props: false

      at log (src/components/ui/Button.tsx:27:13)

    console.log
      [Button] All props: {}

      at log (src/components/ui/Button.tsx:28:13)

    console.log
      [Button] Rendering with type: submit

      at log (src/components/ui/Button.tsx:25:13)

    console.log
      [Button] Props received: {
        variant: 'primary',
        size: 'lg',
        type: 'submit',
        loading: false,
        disabled: false
      }

      at log (src/components/ui/Button.tsx:26:13)

    console.log
      [Button] Has onClick in props: false

      at log (src/components/ui/Button.tsx:27:13)

    console.log
      [Button] All props: {}

      at log (src/components/ui/Button.tsx:28:13)

    console.log
      [Button] Rendering with type: submit

      at log (src/components/ui/Button.tsx:25:13)

    console.log
      [Button] Props received: {
        variant: 'primary',
        size: 'lg',
        type: 'submit',
        loading: false,
        disabled: false
      }

      at log (src/components/ui/Button.tsx:26:13)

    console.log
      [Button] Has onClick in props: false

      at log (src/components/ui/Button.tsx:27:13)

    console.log
      [Button] All props: {}

      at log (src/components/ui/Button.tsx:28:13)

    console.log
      [Button] Rendering with type: submit

      at log (src/components/ui/Button.tsx:25:13)

    console.log
      [Button] Props received: {
        variant: 'primary',
        size: 'lg',
        type: 'submit',
        loading: false,
        disabled: false
      }

      at log (src/components/ui/Button.tsx:26:13)

    console.log
      [Button] Has onClick in props: false

      at log (src/components/ui/Button.tsx:27:13)

    console.log
      [Button] All props: {}

      at log (src/components/ui/Button.tsx:28:13)

    console.log
      [Button] Rendering with type: submit

      at log (src/components/ui/Button.tsx:25:13)

    console.log
      [Button] Props received: {
        variant: 'primary',
        size: 'lg',
        type: 'submit',
        loading: false,
        disabled: false
      }

      at log (src/components/ui/Button.tsx:26:13)

    console.log
      [Button] Has onClick in props: false

      at log (src/components/ui/Button.tsx:27:13)

    console.log
      [Button] All props: {}

      at log (src/components/ui/Button.tsx:28:13)

    console.log
      [Button] Rendering with type: submit

      at log (src/components/ui/Button.tsx:25:13)

    console.log
      [Button] Props received: {
        variant: 'primary',
        size: 'lg',
        type: 'submit',
        loading: false,
        disabled: false
      }

      at log (src/components/ui/Button.tsx:26:13)

    console.log
      [Button] Has onClick in props: false

      at log (src/components/ui/Button.tsx:27:13)

    console.log
      [Button] All props: {}

      at log (src/components/ui/Button.tsx:28:13)

    console.log
      [Button] Rendering with type: submit

      at log (src/components/ui/Button.tsx:25:13)

    console.log
      [Button] Props received: {
        variant: 'primary',
        size: 'lg',
        type: 'submit',
        loading: false,
        disabled: false
      }

      at log (src/components/ui/Button.tsx:26:13)

    console.log
      [Button] Has onClick in props: false

      at log (src/components/ui/Button.tsx:27:13)

    console.log
      [Button] All props: {}

      at log (src/components/ui/Button.tsx:28:13)

    console.log
      [Button] Rendering with type: submit

      at log (src/components/ui/Button.tsx:25:13)

    console.log
      [Button] Props received: {
        variant: 'primary',
        size: 'lg',
        type: 'submit',
        loading: false,
        disabled: false
      }

      at log (src/components/ui/Button.tsx:26:13)

    console.log
      [Button] Has onClick in props: false

      at log (src/components/ui/Button.tsx:27:13)

    console.log
      [Button] All props: {}

      at log (src/components/ui/Button.tsx:28:13)

    console.log
      [Button] Rendering with type: submit

      at log (src/components/ui/Button.tsx:25:13)

    console.log
      [Button] Props received: {
        variant: 'primary',
        size: 'lg',
        type: 'submit',
        loading: false,
        disabled: false
      }

      at log (src/components/ui/Button.tsx:26:13)

    console.log
      [Button] Has onClick in props: false

      at log (src/components/ui/Button.tsx:27:13)

    console.log
      [Button] All props: {}

      at log (src/components/ui/Button.tsx:28:13)

    console.log
      [Button] Rendering with type: submit

      at log (src/components/ui/Button.tsx:25:13)

    console.log
      [Button] Props received: {
        variant: 'primary',
        size: 'lg',
        type: 'submit',
        loading: false,
        disabled: false
      }

      at log (src/components/ui/Button.tsx:26:13)

    console.log
      [Button] Has onClick in props: false

      at log (src/components/ui/Button.tsx:27:13)

    console.log
      [Button] All props: {}

      at log (src/components/ui/Button.tsx:28:13)

    console.log
      [Button] Rendering with type: submit

      at log (src/components/ui/Button.tsx:25:13)

    console.log
      [Button] Props received: {
        variant: 'primary',
        size: 'lg',
        type: 'submit',
        loading: false,
        disabled: false
      }

      at log (src/components/ui/Button.tsx:26:13)

    console.log
      [Button] Has onClick in props: false

      at log (src/components/ui/Button.tsx:27:13)

    console.log
      [Button] All props: {}

      at log (src/components/ui/Button.tsx:28:13)

    console.log
      [Button] Rendering with type: submit

      at log (src/components/ui/Button.tsx:25:13)

    console.log
      [Button] Props received: {
        variant: 'primary',
        size: 'lg',
        type: 'submit',
        loading: false,
        disabled: false
      }

      at log (src/components/ui/Button.tsx:26:13)

    console.log
      [Button] Has onClick in props: false

      at log (src/components/ui/Button.tsx:27:13)

    console.log
      [Button] All props: {}

      at log (src/components/ui/Button.tsx:28:13)

    console.log
      [Button] Rendering with type: submit

      at log (src/components/ui/Button.tsx:25:13)

    console.log
      [Button] Props received: {
        variant: 'primary',
        size: 'lg',
        type: 'submit',
        loading: false,
        disabled: false
      }

      at log (src/components/ui/Button.tsx:26:13)

    console.log
      [Button] Has onClick in props: false

      at log (src/components/ui/Button.tsx:27:13)

    console.log
      [Button] All props: {}

      at log (src/components/ui/Button.tsx:28:13)

    console.log
      [Button] Rendering with type: submit

      at log (src/components/ui/Button.tsx:25:13)

    console.log
      [Button] Props received: {
        variant: 'primary',
        size: 'lg',
        type: 'submit',
        loading: false,
        disabled: false
      }

      at log (src/components/ui/Button.tsx:26:13)

    console.log
      [Button] Has onClick in props: false

      at log (src/components/ui/Button.tsx:27:13)

    console.log
      [Button] All props: {}

      at log (src/components/ui/Button.tsx:28:13)

    console.log
      [Button] Rendering with type: submit

      at log (src/components/ui/Button.tsx:25:13)

    console.log
      [Button] Props received: {
        variant: 'primary',
        size: 'lg',
        type: 'submit',
        loading: false,
        disabled: false
      }

      at log (src/components/ui/Button.tsx:26:13)

    console.log
      [Button] Has onClick in props: false

      at log (src/components/ui/Button.tsx:27:13)

    console.log
      [Button] All props: {}

      at log (src/components/ui/Button.tsx:28:13)

    console.log
      [Button] Rendering with type: submit

      at log (src/components/ui/Button.tsx:25:13)

    console.log
      [Button] Props received: {
        variant: 'primary',
        size: 'lg',
        type: 'submit',
        loading: false,
        disabled: false
      }

      at log (src/components/ui/Button.tsx:26:13)

    console.log
      [Button] Has onClick in props: false

      at log (src/components/ui/Button.tsx:27:13)

    console.log
      [Button] All props: {}

      at log (src/components/ui/Button.tsx:28:13)

    console.log
      [Button] Rendering with type: submit

      at log (src/components/ui/Button.tsx:25:13)

    console.log
      [Button] Props received: {
        variant: 'primary',
        size: 'lg',
        type: 'submit',
        loading: false,
        disabled: false
      }

      at log (src/components/ui/Button.tsx:26:13)

    console.log
      [Button] Has onClick in props: false

      at log (src/components/ui/Button.tsx:27:13)

    console.log
      [Button] All props: {}

      at log (src/components/ui/Button.tsx:28:13)

    console.log
      [Button] Rendering with type: submit

      at log (src/components/ui/Button.tsx:25:13)

    console.log
      [Button] Props received: {
        variant: 'primary',
        size: 'lg',
        type: 'submit',
        loading: false,
        disabled: false
      }

      at log (src/components/ui/Button.tsx:26:13)

    console.log
      [Button] Has onClick in props: false

      at log (src/components/ui/Button.tsx:27:13)

    console.log
      [Button] All props: {}

      at log (src/components/ui/Button.tsx:28:13)

    console.log
      [Button] Rendering with type: submit

      at log (src/components/ui/Button.tsx:25:13)

    console.log
      [Button] Props received: {
        variant: 'primary',
        size: 'lg',
        type: 'submit',
        loading: false,
        disabled: false
      }

      at log (src/components/ui/Button.tsx:26:13)

    console.log
      [Button] Has onClick in props: false

      at log (src/components/ui/Button.tsx:27:13)

    console.log
      [Button] All props: {}

      at log (src/components/ui/Button.tsx:28:13)

    console.log
      [Button] Rendering with type: submit

      at log (src/components/ui/Button.tsx:25:13)

    console.log
      [Button] Props received: {
        variant: 'primary',
        size: 'lg',
        type: 'submit',
        loading: false,
        disabled: false
      }

      at log (src/components/ui/Button.tsx:26:13)

    console.log
      [Button] Has onClick in props: false

      at log (src/components/ui/Button.tsx:27:13)

    console.log
      [Button] All props: {}

      at log (src/components/ui/Button.tsx:28:13)

    console.log
      [Button] Rendering with type: submit

      at log (src/components/ui/Button.tsx:25:13)

    console.log
      [Button] Props received: {
        variant: 'primary',
        size: 'lg',
        type: 'submit',
        loading: false,
        disabled: false
      }

      at log (src/components/ui/Button.tsx:26:13)

    console.log
      [Button] Has onClick in props: false

      at log (src/components/ui/Button.tsx:27:13)

    console.log
      [Button] All props: {}

      at log (src/components/ui/Button.tsx:28:13)

    console.log
      [Button] Rendering with type: submit

      at log (src/components/ui/Button.tsx:25:13)

    console.log
      [Button] Props received: {
        variant: 'primary',
        size: 'lg',
        type: 'submit',
        loading: false,
        disabled: false
      }

      at log (src/components/ui/Button.tsx:26:13)

    console.log
      [Button] Has onClick in props: false

      at log (src/components/ui/Button.tsx:27:13)

    console.log
      [Button] All props: {}

      at log (src/components/ui/Button.tsx:28:13)

    console.log
      [Button] Rendering with type: submit

      at log (src/components/ui/Button.tsx:25:13)

    console.log
      [Button] Props received: {
        variant: 'primary',
        size: 'lg',
        type: 'submit',
        loading: false,
        disabled: false
      }

      at log (src/components/ui/Button.tsx:26:13)

    console.log
      [Button] Has onClick in props: false

      at log (src/components/ui/Button.tsx:27:13)

    console.log
      [Button] All props: {}

      at log (src/components/ui/Button.tsx:28:13)

    console.log
      [Button] Rendering with type: submit

      at log (src/components/ui/Button.tsx:25:13)

    console.log
      [Button] Props received: {
        variant: 'primary',
        size: 'lg',
        type: 'submit',
        loading: false,
        disabled: false
      }

      at log (src/components/ui/Button.tsx:26:13)

    console.log
      [Button] Has onClick in props: false

      at log (src/components/ui/Button.tsx:27:13)

    console.log
      [Button] All props: {}

      at log (src/components/ui/Button.tsx:28:13)

    console.log
      [Button] Rendering with type: submit

      at log (src/components/ui/Button.tsx:25:13)

    console.log
      [Button] Props received: {
        variant: 'primary',
        size: 'lg',
        type: 'submit',
        loading: false,
        disabled: false
      }

      at log (src/components/ui/Button.tsx:26:13)

    console.log
      [Button] Has onClick in props: false

      at log (src/components/ui/Button.tsx:27:13)

    console.log
      [Button] All props: {}

      at log (src/components/ui/Button.tsx:28:13)

    console.log
      [Button] Rendering with type: submit

      at log (src/components/ui/Button.tsx:25:13)

    console.log
      [Button] Props received: {
        variant: 'primary',
        size: 'lg',
        type: 'submit',
        loading: false,
        disabled: false
      }

      at log (src/components/ui/Button.tsx:26:13)

    console.log
      [Button] Has onClick in props: false

      at log (src/components/ui/Button.tsx:27:13)

    console.log
      [Button] All props: {}

      at log (src/components/ui/Button.tsx:28:13)

    console.log
      [Button] Rendering with type: submit

      at log (src/components/ui/Button.tsx:25:13)

    console.log
      [Button] Props received: {
        variant: 'primary',
        size: 'lg',
        type: 'submit',
        loading: false,
        disabled: false
      }

      at log (src/components/ui/Button.tsx:26:13)

    console.log
      [Button] Has onClick in props: false

      at log (src/components/ui/Button.tsx:27:13)

    console.log
      [Button] All props: {}

      at log (src/components/ui/Button.tsx:28:13)

    console.log
      [Button] Rendering with type: submit

      at log (src/components/ui/Button.tsx:25:13)

    console.log
      [Button] Props received: {
        variant: 'primary',
        size: 'lg',
        type: 'submit',
        loading: false,
        disabled: false
      }

      at log (src/components/ui/Button.tsx:26:13)

    console.log
      [Button] Has onClick in props: false

      at log (src/components/ui/Button.tsx:27:13)

    console.log
      [Button] All props: {}

      at log (src/components/ui/Button.tsx:28:13)

    console.log
      [Button] Rendering with type: submit

      at log (src/components/ui/Button.tsx:25:13)

    console.log
      [Button] Props received: {
        variant: 'primary',
        size: 'lg',
        type: 'submit',
        loading: false,
        disabled: false
      }

      at log (src/components/ui/Button.tsx:26:13)

    console.log
      [Button] Has onClick in props: false

      at log (src/components/ui/Button.tsx:27:13)

    console.log
      [Button] All props: {}

      at log (src/components/ui/Button.tsx:28:13)

    console.log
      [Button] Rendering with type: submit

      at log (src/components/ui/Button.tsx:25:13)

    console.log
      [Button] Props received: {
        variant: 'primary',
        size: 'lg',
        type: 'submit',
        loading: false,
        disabled: false
      }

      at log (src/components/ui/Button.tsx:26:13)

    console.log
      [Button] Has onClick in props: false

      at log (src/components/ui/Button.tsx:27:13)

    console.log
      [Button] All props: {}

      at log (src/components/ui/Button.tsx:28:13)

    console.log
      [Button] Rendering with type: submit

      at log (src/components/ui/Button.tsx:25:13)

    console.log
      [Button] Props received: {
        variant: 'primary',
        size: 'lg',
        type: 'submit',
        loading: false,
        disabled: false
      }

      at log (src/components/ui/Button.tsx:26:13)

    console.log
      [Button] Has onClick in props: false

      at log (src/components/ui/Button.tsx:27:13)

    console.log
      [Button] All props: {}

      at log (src/components/ui/Button.tsx:28:13)

    console.log
      [Button] Rendering with type: submit

      at log (src/components/ui/Button.tsx:25:13)

    console.log
      [Button] Props received: {
        variant: 'primary',
        size: 'lg',
        type: 'submit',
        loading: false,
        disabled: false
      }

      at log (src/components/ui/Button.tsx:26:13)

    console.log
      [Button] Has onClick in props: false

      at log (src/components/ui/Button.tsx:27:13)

    console.log
      [Button] All props: {}

      at log (src/components/ui/Button.tsx:28:13)

    console.log
      [Button] Rendering with type: submit

      at log (src/components/ui/Button.tsx:25:13)

    console.log
      [Button] Props received: {
        variant: 'primary',
        size: 'lg',
        type: 'submit',
        loading: false,
        disabled: false
      }

      at log (src/components/ui/Button.tsx:26:13)

    console.log
      [Button] Has onClick in props: false

      at log (src/components/ui/Button.tsx:27:13)

    console.log
      [Button] All props: {}

      at log (src/components/ui/Button.tsx:28:13)

    console.log
      [Button] Rendering with type: submit

      at log (src/components/ui/Button.tsx:25:13)

    console.log
      [Button] Props received: {
        variant: 'primary',
        size: 'lg',
        type: 'submit',
        loading: false,
        disabled: false
      }

      at log (src/components/ui/Button.tsx:26:13)

    console.log
      [Button] Has onClick in props: false

      at log (src/components/ui/Button.tsx:27:13)

    console.log
      [Button] All props: {}

      at log (src/components/ui/Button.tsx:28:13)

    console.log
      [Button] Rendering with type: submit

      at log (src/components/ui/Button.tsx:25:13)

    console.log
      [Button] Props received: {
        variant: 'primary',
        size: 'lg',
        type: 'submit',
        loading: false,
        disabled: false
      }

      at log (src/components/ui/Button.tsx:26:13)

    console.log
      [Button] Has onClick in props: false

      at log (src/components/ui/Button.tsx:27:13)

    console.log
      [Button] All props: {}

      at log (src/components/ui/Button.tsx:28:13)

    console.log
      [Button] Rendering with type: submit

      at log (src/components/ui/Button.tsx:25:13)

    console.log
      [Button] Props received: {
        variant: 'primary',
        size: 'lg',
        type: 'submit',
        loading: false,
        disabled: false
      }

      at log (src/components/ui/Button.tsx:26:13)

    console.log
      [Button] Has onClick in props: false

      at log (src/components/ui/Button.tsx:27:13)

    console.log
      [Button] All props: {}

      at log (src/components/ui/Button.tsx:28:13)

    console.log
      [Button] Rendering with type: submit

      at log (src/components/ui/Button.tsx:25:13)

    console.log
      [Button] Props received: {
        variant: 'primary',
        size: 'lg',
        type: 'submit',
        loading: false,
        disabled: false
      }

      at log (src/components/ui/Button.tsx:26:13)

    console.log
      [Button] Has onClick in props: false

      at log (src/components/ui/Button.tsx:27:13)

    console.log
      [Button] All props: {}

      at log (src/components/ui/Button.tsx:28:13)

    console.log
      [Button] Rendering with type: submit

      at log (src/components/ui/Button.tsx:25:13)

    console.log
      [Button] Props received: {
        variant: 'primary',
        size: 'lg',
        type: 'submit',
        loading: false,
        disabled: false
      }

      at log (src/components/ui/Button.tsx:26:13)

    console.log
      [Button] Has onClick in props: false

      at log (src/components/ui/Button.tsx:27:13)

    console.log
      [Button] All props: {}

      at log (src/components/ui/Button.tsx:28:13)

    console.log
      [Button] Rendering with type: submit

      at log (src/components/ui/Button.tsx:25:13)

    console.log
      [Button] Props received: {
        variant: 'primary',
        size: 'lg',
        type: 'submit',
        loading: false,
        disabled: false
      }

      at log (src/components/ui/Button.tsx:26:13)

    console.log
      [Button] Has onClick in props: false

      at log (src/components/ui/Button.tsx:27:13)

    console.log
      [Button] All props: {}

      at log (src/components/ui/Button.tsx:28:13)

    console.log
      [Button] Rendering with type: submit

      at log (src/components/ui/Button.tsx:25:13)

    console.log
      [Button] Props received: {
        variant: 'primary',
        size: 'lg',
        type: 'submit',
        loading: false,
        disabled: false
      }

      at log (src/components/ui/Button.tsx:26:13)

    console.log
      [Button] Has onClick in props: false

      at log (src/components/ui/Button.tsx:27:13)

    console.log
      [Button] All props: {}

      at log (src/components/ui/Button.tsx:28:13)

    console.log
      [Button] Rendering with type: submit

      at log (src/components/ui/Button.tsx:25:13)

    console.log
      [Button] Props received: {
        variant: 'primary',
        size: 'lg',
        type: 'submit',
        loading: false,
        disabled: false
      }

      at log (src/components/ui/Button.tsx:26:13)

    console.log
      [Button] Has onClick in props: false

      at log (src/components/ui/Button.tsx:27:13)

    console.log
      [Button] All props: {}

      at log (src/components/ui/Button.tsx:28:13)

    console.log
      [Button] Rendering with type: submit

      at log (src/components/ui/Button.tsx:25:13)

    console.log
      [Button] Props received: {
        variant: 'primary',
        size: 'lg',
        type: 'submit',
        loading: false,
        disabled: false
      }

      at log (src/components/ui/Button.tsx:26:13)

    console.log
      [Button] Has onClick in props: false

      at log (src/components/ui/Button.tsx:27:13)

    console.log
      [Button] All props: {}

      at log (src/components/ui/Button.tsx:28:13)

    console.log
      [Button] Rendering with type: submit

      at log (src/components/ui/Button.tsx:25:13)

    console.log
      [Button] Props received: {
        variant: 'primary',
        size: 'lg',
        type: 'submit',
        loading: false,
        disabled: false
      }

      at log (src/components/ui/Button.tsx:26:13)

    console.log
      [Button] Has onClick in props: false

      at log (src/components/ui/Button.tsx:27:13)

    console.log
      [Button] All props: {}

      at log (src/components/ui/Button.tsx:28:13)

    console.log
      [Button] Rendering with type: submit

      at log (src/components/ui/Button.tsx:25:13)

    console.log
      [Button] Props received: {
        variant: 'primary',
        size: 'lg',
        type: 'submit',
        loading: false,
        disabled: false
      }

      at log (src/components/ui/Button.tsx:26:13)

    console.log
      [Button] Has onClick in props: false

      at log (src/components/ui/Button.tsx:27:13)

    console.log
      [Button] All props: {}

      at log (src/components/ui/Button.tsx:28:13)

    console.log
      [Button] Rendering with type: submit

      at log (src/components/ui/Button.tsx:25:13)

    console.log
      [Button] Props received: {
        variant: 'primary',
        size: 'lg',
        type: 'submit',
        loading: false,
        disabled: false
      }

      at log (src/components/ui/Button.tsx:26:13)

    console.log
      [Button] Has onClick in props: false

      at log (src/components/ui/Button.tsx:27:13)

    console.log
      [Button] All props: {}

      at log (src/components/ui/Button.tsx:28:13)

    console.log
      [Button] Rendering with type: submit

      at log (src/components/ui/Button.tsx:25:13)

    console.log
      [Button] Props received: {
        variant: 'primary',
        size: 'lg',
        type: 'submit',
        loading: false,
        disabled: false
      }

      at log (src/components/ui/Button.tsx:26:13)

    console.log
      [Button] Has onClick in props: false

      at log (src/components/ui/Button.tsx:27:13)

    console.log
      [Button] All props: {}

      at log (src/components/ui/Button.tsx:28:13)

    console.log
      [Button] Rendering with type: submit

      at log (src/components/ui/Button.tsx:25:13)

    console.log
      [Button] Props received: {
        variant: 'primary',
        size: 'lg',
        type: 'submit',
        loading: false,
        disabled: false
      }

      at log (src/components/ui/Button.tsx:26:13)

    console.log
      [Button] Has onClick in props: false

      at log (src/components/ui/Button.tsx:27:13)

    console.log
      [Button] All props: {}

      at log (src/components/ui/Button.tsx:28:13)

    console.log
      [Button] Rendering with type: submit

      at log (src/components/ui/Button.tsx:25:13)

    console.log
      [Button] Props received: {
        variant: 'primary',
        size: 'lg',
        type: 'submit',
        loading: false,
        disabled: false
      }

      at log (src/components/ui/Button.tsx:26:13)

    console.log
      [Button] Has onClick in props: false

      at log (src/components/ui/Button.tsx:27:13)

    console.log
      [Button] All props: {}

      at log (src/components/ui/Button.tsx:28:13)

    console.log
      [Button] Rendering with type: submit

      at log (src/components/ui/Button.tsx:25:13)

    console.log
      [Button] Props received: {
        variant: 'primary',
        size: 'lg',
        type: 'submit',
        loading: false,
        disabled: false
      }

      at log (src/components/ui/Button.tsx:26:13)

    console.log
      [Button] Has onClick in props: false

      at log (src/components/ui/Button.tsx:27:13)

    console.log
      [Button] All props: {}

      at log (src/components/ui/Button.tsx:28:13)

    console.log
      [Button] Rendering with type: submit

      at log (src/components/ui/Button.tsx:25:13)

    console.log
      [Button] Props received: {
        variant: 'primary',
        size: 'lg',
        type: 'submit',
        loading: false,
        disabled: false
      }

      at log (src/components/ui/Button.tsx:26:13)

    console.log
      [Button] Has onClick in props: false

      at log (src/components/ui/Button.tsx:27:13)

    console.log
      [Button] All props: {}

      at log (src/components/ui/Button.tsx:28:13)

    console.log
      [Button] Rendering with type: submit

      at log (src/components/ui/Button.tsx:25:13)

    console.log
      [Button] Props received: {
        variant: 'primary',
        size: 'lg',
        type: 'submit',
        loading: false,
        disabled: false
      }

      at log (src/components/ui/Button.tsx:26:13)

    console.log
      [Button] Has onClick in props: false

      at log (src/components/ui/Button.tsx:27:13)

    console.log
      [Button] All props: {}

      at log (src/components/ui/Button.tsx:28:13)

    console.log
      [Button] Rendering with type: submit

      at log (src/components/ui/Button.tsx:25:13)

    console.log
      [Button] Props received: {
        variant: 'primary',
        size: 'lg',
        type: 'submit',
        loading: false,
        disabled: false
      }

      at log (src/components/ui/Button.tsx:26:13)

    console.log
      [Button] Has onClick in props: false

      at log (src/components/ui/Button.tsx:27:13)

    console.log
      [Button] All props: {}

      at log (src/components/ui/Button.tsx:28:13)

    console.log
      [Button] Rendering with type: submit

      at log (src/components/ui/Button.tsx:25:13)

    console.log
      [Button] Props received: {
        variant: 'primary',
        size: 'lg',
        type: 'submit',
        loading: false,
        disabled: false
      }

      at log (src/components/ui/Button.tsx:26:13)

    console.log
      [Button] Has onClick in props: false

      at log (src/components/ui/Button.tsx:27:13)

    console.log
      [Button] All props: {}

      at log (src/components/ui/Button.tsx:28:13)

    console.log
      [Button] Rendering with type: submit

      at log (src/components/ui/Button.tsx:25:13)

    console.log
      [Button] Props received: {
        variant: 'primary',
        size: 'lg',
        type: 'submit',
        loading: false,
        disabled: false
      }

      at log (src/components/ui/Button.tsx:26:13)

    console.log
      [Button] Has onClick in props: false

      at log (src/components/ui/Button.tsx:27:13)

    console.log
      [Button] All props: {}

      at log (src/components/ui/Button.tsx:28:13)

    console.log
      [Button] Rendering with type: submit

      at log (src/components/ui/Button.tsx:25:13)

    console.log
      [Button] Props received: {
        variant: 'primary',
        size: 'lg',
        type: 'submit',
        loading: false,
        disabled: false
      }

      at log (src/components/ui/Button.tsx:26:13)

    console.log
      [Button] Has onClick in props: false

      at log (src/components/ui/Button.tsx:27:13)

    console.log
      [Button] All props: {}

      at log (src/components/ui/Button.tsx:28:13)

    console.log
      [Button] Rendering with type: submit

      at log (src/components/ui/Button.tsx:25:13)

    console.log
      [Button] Props received: {
        variant: 'primary',
        size: 'lg',
        type: 'submit',
        loading: false,
        disabled: false
      }

      at log (src/components/ui/Button.tsx:26:13)

    console.log
      [Button] Has onClick in props: false

      at log (src/components/ui/Button.tsx:27:13)

    console.log
      [Button] All props: {}

      at log (src/components/ui/Button.tsx:28:13)

    console.log
      [Button] Rendering with type: submit

      at log (src/components/ui/Button.tsx:25:13)

    console.log
      [Button] Props received: {
        variant: 'primary',
        size: 'lg',
        type: 'submit',
        loading: false,
        disabled: false
      }

      at log (src/components/ui/Button.tsx:26:13)

    console.log
      [Button] Has onClick in props: false

      at log (src/components/ui/Button.tsx:27:13)

    console.log
      [Button] All props: {}

      at log (src/components/ui/Button.tsx:28:13)

    console.log
      [Button] Rendering with type: submit

      at log (src/components/ui/Button.tsx:25:13)

    console.log
      [Button] Props received: {
        variant: 'primary',
        size: 'lg',
        type: 'submit',
        loading: false,
        disabled: false
      }

      at log (src/components/ui/Button.tsx:26:13)

    console.log
      [Button] Has onClick in props: false

      at log (src/components/ui/Button.tsx:27:13)

    console.log
      [Button] All props: {}

      at log (src/components/ui/Button.tsx:28:13)

    console.log
      [Button] Rendering with type: submit

      at log (src/components/ui/Button.tsx:25:13)

    console.log
      [Button] Props received: {
        variant: 'primary',
        size: 'lg',
        type: 'submit',
        loading: false,
        disabled: false
      }

      at log (src/components/ui/Button.tsx:26:13)

    console.log
      [Button] Has onClick in props: false

      at log (src/components/ui/Button.tsx:27:13)

    console.log
      [Button] All props: {}

      at log (src/components/ui/Button.tsx:28:13)

    console.log
      [Button] Rendering with type: submit

      at log (src/components/ui/Button.tsx:25:13)

    console.log
      [Button] Props received: {
        variant: 'primary',
        size: 'lg',
        type: 'submit',
        loading: false,
        disabled: false
      }

      at log (src/components/ui/Button.tsx:26:13)

    console.log
      [Button] Has onClick in props: false

      at log (src/components/ui/Button.tsx:27:13)

    console.log
      [Button] All props: {}

      at log (src/components/ui/Button.tsx:28:13)

    console.log
      [Button] Rendering with type: submit

      at log (src/components/ui/Button.tsx:25:13)

    console.log
      [Button] Props received: {
        variant: 'primary',
        size: 'lg',
        type: 'submit',
        loading: false,
        disabled: false
      }

      at log (src/components/ui/Button.tsx:26:13)

    console.log
      [Button] Has onClick in props: false

      at log (src/components/ui/Button.tsx:27:13)

    console.log
      [Button] All props: {}

      at log (src/components/ui/Button.tsx:28:13)

    console.log
      [Button] Rendering with type: submit

      at log (src/components/ui/Button.tsx:25:13)

    console.log
      [Button] Props received: {
        variant: 'primary',
        size: 'lg',
        type: 'submit',
        loading: false,
        disabled: false
      }

      at log (src/components/ui/Button.tsx:26:13)

    console.log
      [Button] Has onClick in props: false

      at log (src/components/ui/Button.tsx:27:13)

    console.log
      [Button] All props: {}

      at log (src/components/ui/Button.tsx:28:13)

    console.log
      [Button] Rendering with type: submit

      at log (src/components/ui/Button.tsx:25:13)

    console.log
      [Button] Props received: {
        variant: 'primary',
        size: 'lg',
        type: 'submit',
        loading: false,
        disabled: false
      }

      at log (src/components/ui/Button.tsx:26:13)

    console.log
      [Button] Has onClick in props: false

      at log (src/components/ui/Button.tsx:27:13)

    console.log
      [Button] All props: {}

      at log (src/components/ui/Button.tsx:28:13)

    console.log
      [Button] Rendering with type: submit

      at log (src/components/ui/Button.tsx:25:13)

    console.log
      [Button] Props received: {
        variant: 'primary',
        size: 'lg',
        type: 'submit',
        loading: false,
        disabled: false
      }

      at log (src/components/ui/Button.tsx:26:13)

    console.log
      [Button] Has onClick in props: false

      at log (src/components/ui/Button.tsx:27:13)

    console.log
      [Button] All props: {}

      at log (src/components/ui/Button.tsx:28:13)

    console.log
      [Button] Rendering with type: submit

      at log (src/components/ui/Button.tsx:25:13)

    console.log
      [Button] Props received: {
        variant: 'primary',
        size: 'lg',
        type: 'submit',
        loading: false,
        disabled: false
      }

      at log (src/components/ui/Button.tsx:26:13)

    console.log
      [Button] Has onClick in props: false

      at log (src/components/ui/Button.tsx:27:13)

    console.log
      [Button] All props: {}

      at log (src/components/ui/Button.tsx:28:13)

    console.log
      [Button] Rendering with type: submit

      at log (src/components/ui/Button.tsx:25:13)

    console.log
      [Button] Props received: {
        variant: 'primary',
        size: 'lg',
        type: 'submit',
        loading: false,
        disabled: false
      }

      at log (src/components/ui/Button.tsx:26:13)

    console.log
      [Button] Has onClick in props: false

      at log (src/components/ui/Button.tsx:27:13)

    console.log
      [Button] All props: {}

      at log (src/components/ui/Button.tsx:28:13)

    console.log
      [Button] Rendering with type: submit

      at log (src/components/ui/Button.tsx:25:13)

    console.log
      [Button] Props received: {
        variant: 'primary',
        size: 'lg',
        type: 'submit',
        loading: false,
        disabled: false
      }

      at log (src/components/ui/Button.tsx:26:13)

    console.log
      [Button] Has onClick in props: false

      at log (src/components/ui/Button.tsx:27:13)

    console.log
      [Button] All props: {}

      at log (src/components/ui/Button.tsx:28:13)

    console.log
      [Button] Rendering with type: submit

      at log (src/components/ui/Button.tsx:25:13)

    console.log
      [Button] Props received: {
        variant: 'primary',
        size: 'lg',
        type: 'submit',
        loading: false,
        disabled: false
      }

      at log (src/components/ui/Button.tsx:26:13)

    console.log
      [Button] Has onClick in props: false

      at log (src/components/ui/Button.tsx:27:13)

    console.log
      [Button] All props: {}

      at log (src/components/ui/Button.tsx:28:13)

    console.log
      [Button] Rendering with type: submit

      at log (src/components/ui/Button.tsx:25:13)

    console.log
      [Button] Props received: {
        variant: 'primary',
        size: 'lg',
        type: 'submit',
        loading: false,
        disabled: false
      }

      at log (src/components/ui/Button.tsx:26:13)

    console.log
      [Button] Has onClick in props: false

      at log (src/components/ui/Button.tsx:27:13)

    console.log
      [Button] All props: {}

      at log (src/components/ui/Button.tsx:28:13)

    console.log
      [Button] Rendering with type: submit

      at log (src/components/ui/Button.tsx:25:13)

    console.log
      [Button] Props received: {
        variant: 'primary',
        size: 'lg',
        type: 'submit',
        loading: false,
        disabled: false
      }

      at log (src/components/ui/Button.tsx:26:13)

    console.log
      [Button] Has onClick in props: false

      at log (src/components/ui/Button.tsx:27:13)

    console.log
      [Button] All props: {}

      at log (src/components/ui/Button.tsx:28:13)

    console.log
      [Button] Rendering with type: submit

      at log (src/components/ui/Button.tsx:25:13)

    console.log
      [Button] Props received: {
        variant: 'primary',
        size: 'lg',
        type: 'submit',
        loading: false,
        disabled: false
      }

      at log (src/components/ui/Button.tsx:26:13)

    console.log
      [Button] Has onClick in props: false

      at log (src/components/ui/Button.tsx:27:13)

    console.log
      [Button] All props: {}

      at log (src/components/ui/Button.tsx:28:13)

    console.log
      [Button] Rendering with type: submit

      at log (src/components/ui/Button.tsx:25:13)

    console.log
      [Button] Props received: {
        variant: 'primary',
        size: 'lg',
        type: 'submit',
        loading: false,
        disabled: false
      }

      at log (src/components/ui/Button.tsx:26:13)

    console.log
      [Button] Has onClick in props: false

      at log (src/components/ui/Button.tsx:27:13)

    console.log
      [Button] All props: {}

      at log (src/components/ui/Button.tsx:28:13)

    console.log
      [Button] Rendering with type: submit

      at log (src/components/ui/Button.tsx:25:13)

    console.log
      [Button] Props received: {
        variant: 'primary',
        size: 'lg',
        type: 'submit',
        loading: false,
        disabled: false
      }

      at log (src/components/ui/Button.tsx:26:13)

    console.log
      [Button] Has onClick in props: false

      at log (src/components/ui/Button.tsx:27:13)

    console.log
      [Button] All props: {}

      at log (src/components/ui/Button.tsx:28:13)

    console.log
      [Button] Rendering with type: submit

      at log (src/components/ui/Button.tsx:25:13)

    console.log
      [Button] Props received: {
        variant: 'primary',
        size: 'lg',
        type: 'submit',
        loading: false,
        disabled: false
      }

      at log (src/components/ui/Button.tsx:26:13)

    console.log
      [Button] Has onClick in props: false

      at log (src/components/ui/Button.tsx:27:13)

    console.log
      [Button] All props: {}

      at log (src/components/ui/Button.tsx:28:13)

    console.log
      [Button] Rendering with type: submit

      at log (src/components/ui/Button.tsx:25:13)

    console.log
      [Button] Props received: {
        variant: 'primary',
        size: 'lg',
        type: 'submit',
        loading: false,
        disabled: false
      }

      at log (src/components/ui/Button.tsx:26:13)

    console.log
      [Button] Has onClick in props: false

      at log (src/components/ui/Button.tsx:27:13)

    console.log
      [Button] All props: {}

      at log (src/components/ui/Button.tsx:28:13)

    console.log
      [Button] Rendering with type: submit

      at log (src/components/ui/Button.tsx:25:13)

    console.log
      [Button] Props received: {
        variant: 'primary',
        size: 'lg',
        type: 'submit',
        loading: false,
        disabled: false
      }

      at log (src/components/ui/Button.tsx:26:13)

    console.log
      [Button] Has onClick in props: false

      at log (src/components/ui/Button.tsx:27:13)

    console.log
      [Button] All props: {}

      at log (src/components/ui/Button.tsx:28:13)

    console.log
      [Button] Rendering with type: submit

      at log (src/components/ui/Button.tsx:25:13)

    console.log
      [Button] Props received: {
        variant: 'primary',
        size: 'lg',
        type: 'submit',
        loading: false,
        disabled: false
      }

      at log (src/components/ui/Button.tsx:26:13)

    console.log
      [Button] Has onClick in props: false

      at log (src/components/ui/Button.tsx:27:13)

    console.log
      [Button] All props: {}

      at log (src/components/ui/Button.tsx:28:13)

    console.log
      [Button] Rendering with type: submit

      at log (src/components/ui/Button.tsx:25:13)

    console.log
      [Button] Props received: {
        variant: 'primary',
        size: 'lg',
        type: 'submit',
        loading: false,
        disabled: false
      }

      at log (src/components/ui/Button.tsx:26:13)

    console.log
      [Button] Has onClick in props: false

      at log (src/components/ui/Button.tsx:27:13)

    console.log
      [Button] All props: {}

      at log (src/components/ui/Button.tsx:28:13)

    console.log
      [Button] Rendering with type: submit

      at log (src/components/ui/Button.tsx:25:13)

    console.log
      [Button] Props received: {
        variant: 'primary',
        size: 'lg',
        type: 'submit',
        loading: false,
        disabled: false
      }

      at log (src/components/ui/Button.tsx:26:13)

    console.log
      [Button] Has onClick in props: false

      at log (src/components/ui/Button.tsx:27:13)

    console.log
      [Button] All props: {}

      at log (src/components/ui/Button.tsx:28:13)

    console.log
      [Button] Rendering with type: submit

      at log (src/components/ui/Button.tsx:25:13)

    console.log
      [Button] Props received: {
        variant: 'primary',
        size: 'lg',
        type: 'submit',
        loading: false,
        disabled: false
      }

      at log (src/components/ui/Button.tsx:26:13)

    console.log
      [Button] Has onClick in props: false

      at log (src/components/ui/Button.tsx:27:13)

    console.log
      [Button] All props: {}

      at log (src/components/ui/Button.tsx:28:13)

    console.log
      [Button] Rendering with type: submit

      at log (src/components/ui/Button.tsx:25:13)

    console.log
      [Button] Props received: {
        variant: 'primary',
        size: 'lg',
        type: 'submit',
        loading: false,
        disabled: false
      }

      at log (src/components/ui/Button.tsx:26:13)

    console.log
      [Button] Has onClick in props: false

      at log (src/components/ui/Button.tsx:27:13)

    console.log
      [Button] All props: {}

      at log (src/components/ui/Button.tsx:28:13)

    console.log
      [Button] Rendering with type: submit

      at log (src/components/ui/Button.tsx:25:13)

    console.log
      [Button] Props received: {
        variant: 'primary',
        size: 'lg',
        type: 'submit',
        loading: false,
        disabled: false
      }

      at log (src/components/ui/Button.tsx:26:13)

    console.log
      [Button] Has onClick in props: false

      at log (src/components/ui/Button.tsx:27:13)

    console.log
      [Button] All props: {}

      at log (src/components/ui/Button.tsx:28:13)

    console.log
      [Button] Rendering with type: submit

      at log (src/components/ui/Button.tsx:25:13)

    console.log
      [Button] Props received: {
        variant: 'primary',
        size: 'lg',
        type: 'submit',
        loading: false,
        disabled: false
      }

      at log (src/components/ui/Button.tsx:26:13)

    console.log
      [Button] Has onClick in props: false

      at log (src/components/ui/Button.tsx:27:13)

    console.log
      [Button] All props: {}

      at log (src/components/ui/Button.tsx:28:13)

    console.log
      [Button] Rendering with type: submit

      at log (src/components/ui/Button.tsx:25:13)

    console.log
      [Button] Props received: {
        variant: 'primary',
        size: 'lg',
        type: 'submit',
        loading: false,
        disabled: false
      }

      at log (src/components/ui/Button.tsx:26:13)

    console.log
      [Button] Has onClick in props: false

      at log (src/components/ui/Button.tsx:27:13)

    console.log
      [Button] All props: {}

      at log (src/components/ui/Button.tsx:28:13)

    console.log
      [Button] Rendering with type: submit

      at log (src/components/ui/Button.tsx:25:13)

    console.log
      [Button] Props received: {
        variant: 'primary',
        size: 'lg',
        type: 'submit',
        loading: false,
        disabled: false
      }

      at log (src/components/ui/Button.tsx:26:13)

    console.log
      [Button] Has onClick in props: false

      at log (src/components/ui/Button.tsx:27:13)

    console.log
      [Button] All props: {}

      at log (src/components/ui/Button.tsx:28:13)

    console.log
      [Button] Rendering with type: submit

      at log (src/components/ui/Button.tsx:25:13)

    console.log
      [Button] Props received: {
        variant: 'primary',
        size: 'lg',
        type: 'submit',
        loading: false,
        disabled: false
      }

      at log (src/components/ui/Button.tsx:26:13)

    console.log
      [Button] Has onClick in props: false

      at log (src/components/ui/Button.tsx:27:13)

    console.log
      [Button] All props: {}

      at log (src/components/ui/Button.tsx:28:13)

    console.log
      [Button] Rendering with type: submit

      at log (src/components/ui/Button.tsx:25:13)

    console.log
      [Button] Props received: {
        variant: 'primary',
        size: 'lg',
        type: 'submit',
        loading: false,
        disabled: false
      }

      at log (src/components/ui/Button.tsx:26:13)

    console.log
      [Button] Has onClick in props: false

      at log (src/components/ui/Button.tsx:27:13)

    console.log
      [Button] All props: {}

      at log (src/components/ui/Button.tsx:28:13)

    console.log
      [Button] Rendering with type: submit

      at log (src/components/ui/Button.tsx:25:13)

    console.log
      [Button] Props received: {
        variant: 'primary',
        size: 'lg',
        type: 'submit',
        loading: false,
        disabled: false
      }

      at log (src/components/ui/Button.tsx:26:13)

    console.log
      [Button] Has onClick in props: false

      at log (src/components/ui/Button.tsx:27:13)

    console.log
      [Button] All props: {}

      at log (src/components/ui/Button.tsx:28:13)

    console.log
      [Button] Rendering with type: submit

      at log (src/components/ui/Button.tsx:25:13)

    console.log
      [Button] Props received: {
        variant: 'primary',
        size: 'lg',
        type: 'submit',
        loading: false,
        disabled: false
      }

      at log (src/components/ui/Button.tsx:26:13)

    console.log
      [Button] Has onClick in props: false

      at log (src/components/ui/Button.tsx:27:13)

    console.log
      [Button] All props: {}

      at log (src/components/ui/Button.tsx:28:13)

    console.log
      [Button] Rendering with type: submit

      at log (src/components/ui/Button.tsx:25:13)

    console.log
      [Button] Props received: {
        variant: 'primary',
        size: 'lg',
        type: 'submit',
        loading: false,
        disabled: false
      }

      at log (src/components/ui/Button.tsx:26:13)

    console.log
      [Button] Has onClick in props: false

      at log (src/components/ui/Button.tsx:27:13)

    console.log
      [Button] All props: {}

      at log (src/components/ui/Button.tsx:28:13)

    console.log
      [Button] Rendering with type: submit

      at log (src/components/ui/Button.tsx:25:13)

    console.log
      [Button] Props received: {
        variant: 'primary',
        size: 'lg',
        type: 'submit',
        loading: false,
        disabled: false
      }

      at log (src/components/ui/Button.tsx:26:13)

    console.log
      [Button] Has onClick in props: false

      at log (src/components/ui/Button.tsx:27:13)

    console.log
      [Button] All props: {}

      at log (src/components/ui/Button.tsx:28:13)

    console.log
      [Button] Rendering with type: submit

      at log (src/components/ui/Button.tsx:25:13)

    console.log
      [Button] Props received: {
        variant: 'primary',
        size: 'lg',
        type: 'submit',
        loading: false,
        disabled: false
      }

      at log (src/components/ui/Button.tsx:26:13)

    console.log
      [Button] Has onClick in props: false

      at log (src/components/ui/Button.tsx:27:13)

    console.log
      [Button] All props: {}

      at log (src/components/ui/Button.tsx:28:13)

    console.log
      [Button] Rendering with type: submit

      at log (src/components/ui/Button.tsx:25:13)

    console.log
      [Button] Props received: {
        variant: 'primary',
        size: 'lg',
        type: 'submit',
        loading: false,
        disabled: false
      }

      at log (src/components/ui/Button.tsx:26:13)

    console.log
      [Button] Has onClick in props: false

      at log (src/components/ui/Button.tsx:27:13)

    console.log
      [Button] All props: {}

      at log (src/components/ui/Button.tsx:28:13)

    console.log
      [Button] Rendering with type: submit

      at log (src/components/ui/Button.tsx:25:13)

    console.log
      [Button] Props received: {
        variant: 'primary',
        size: 'lg',
        type: 'submit',
        loading: false,
        disabled: false
      }

      at log (src/components/ui/Button.tsx:26:13)

    console.log
      [Button] Has onClick in props: false

      at log (src/components/ui/Button.tsx:27:13)

    console.log
      [Button] All props: {}

      at log (src/components/ui/Button.tsx:28:13)

    console.log
      [Button] Rendering with type: submit

      at log (src/components/ui/Button.tsx:25:13)

    console.log
      [Button] Props received: {
        variant: 'primary',
        size: 'lg',
        type: 'submit',
        loading: false,
        disabled: false
      }

      at log (src/components/ui/Button.tsx:26:13)

    console.log
      [Button] Has onClick in props: false

      at log (src/components/ui/Button.tsx:27:13)

    console.log
      [Button] All props: {}

      at log (src/components/ui/Button.tsx:28:13)

    console.log
      [Button] Rendering with type: submit

      at log (src/components/ui/Button.tsx:25:13)

    console.log
      [Button] Props received: {
        variant: 'primary',
        size: 'lg',
        type: 'submit',
        loading: false,
        disabled: false
      }

      at log (src/components/ui/Button.tsx:26:13)

    console.log
      [Button] Has onClick in props: false

      at log (src/components/ui/Button.tsx:27:13)

    console.log
      [Button] All props: {}

      at log (src/components/ui/Button.tsx:28:13)

    console.log
      [Button] Rendering with type: submit

      at log (src/components/ui/Button.tsx:25:13)

    console.log
      [Button] Props received: {
        variant: 'primary',
        size: 'lg',
        type: 'submit',
        loading: false,
        disabled: false
      }

      at log (src/components/ui/Button.tsx:26:13)

    console.log
      [Button] Has onClick in props: false

      at log (src/components/ui/Button.tsx:27:13)

    console.log
      [Button] All props: {}

      at log (src/components/ui/Button.tsx:28:13)

    console.log
      [Button] Rendering with type: submit

      at log (src/components/ui/Button.tsx:25:13)

    console.log
      [Button] Props received: {
        variant: 'primary',
        size: 'lg',
        type: 'submit',
        loading: false,
        disabled: false
      }

      at log (src/components/ui/Button.tsx:26:13)

    console.log
      [Button] Has onClick in props: false

      at log (src/components/ui/Button.tsx:27:13)

    console.log
      [Button] All props: {}

      at log (src/components/ui/Button.tsx:28:13)

    console.log
      [Button] Rendering with type: submit

      at log (src/components/ui/Button.tsx:25:13)

    console.log
      [Button] Props received: {
        variant: 'primary',
        size: 'lg',
        type: 'submit',
        loading: false,
        disabled: false
      }

      at log (src/components/ui/Button.tsx:26:13)

    console.log
      [Button] Has onClick in props: false

      at log (src/components/ui/Button.tsx:27:13)

    console.log
      [Button] All props: {}

      at log (src/components/ui/Button.tsx:28:13)

    console.log
      [Button] Rendering with type: submit

      at log (src/components/ui/Button.tsx:25:13)

    console.log
      [Button] Props received: {
        variant: 'primary',
        size: 'lg',
        type: 'submit',
        loading: false,
        disabled: false
      }

      at log (src/components/ui/Button.tsx:26:13)

    console.log
      [Button] Has onClick in props: false

      at log (src/components/ui/Button.tsx:27:13)

    console.log
      [Button] All props: {}

      at log (src/components/ui/Button.tsx:28:13)

    console.log
      [Button] Rendering with type: submit

      at log (src/components/ui/Button.tsx:25:13)

    console.log
      [Button] Props received: {
        variant: 'primary',
        size: 'lg',
        type: 'submit',
        loading: false,
        disabled: false
      }

      at log (src/components/ui/Button.tsx:26:13)

    console.log
      [Button] Has onClick in props: false

      at log (src/components/ui/Button.tsx:27:13)

    console.log
      [Button] All props: {}

      at log (src/components/ui/Button.tsx:28:13)

    console.log
      [Button] Rendering with type: submit

      at log (src/components/ui/Button.tsx:25:13)

    console.log
      [Button] Props received: {
        variant: 'primary',
        size: 'lg',
        type: 'submit',
        loading: false,
        disabled: false
      }

      at log (src/components/ui/Button.tsx:26:13)

    console.log
      [Button] Has onClick in props: false

      at log (src/components/ui/Button.tsx:27:13)

    console.log
      [Button] All props: {}

      at log (src/components/ui/Button.tsx:28:13)

    console.log
      [Button] Rendering with type: submit

      at log (src/components/ui/Button.tsx:25:13)

    console.log
      [Button] Props received: {
        variant: 'primary',
        size: 'lg',
        type: 'submit',
        loading: false,
        disabled: false
      }

      at log (src/components/ui/Button.tsx:26:13)

    console.log
      [Button] Has onClick in props: false

      at log (src/components/ui/Button.tsx:27:13)

    console.log
      [Button] All props: {}

      at log (src/components/ui/Button.tsx:28:13)

    console.log
      [Button] Rendering with type: submit

      at log (src/components/ui/Button.tsx:25:13)

    console.log
      [Button] Props received: {
        variant: 'primary',
        size: 'lg',
        type: 'submit',
        loading: false,
        disabled: false
      }

      at log (src/components/ui/Button.tsx:26:13)

    console.log
      [Button] Has onClick in props: false

      at log (src/components/ui/Button.tsx:27:13)

    console.log
      [Button] All props: {}

      at log (src/components/ui/Button.tsx:28:13)

    console.log
      [Button] Rendering with type: submit

      at log (src/components/ui/Button.tsx:25:13)

    console.log
      [Button] Props received: {
        variant: 'primary',
        size: 'lg',
        type: 'submit',
        loading: false,
        disabled: false
      }

      at log (src/components/ui/Button.tsx:26:13)

    console.log
      [Button] Has onClick in props: false

      at log (src/components/ui/Button.tsx:27:13)

    console.log
      [Button] All props: {}

      at log (src/components/ui/Button.tsx:28:13)

    console.log
      [Button] Rendering with type: submit

      at log (src/components/ui/Button.tsx:25:13)

    console.log
      [Button] Props received: {
        variant: 'primary',
        size: 'lg',
        type: 'submit',
        loading: false,
        disabled: false
      }

      at log (src/components/ui/Button.tsx:26:13)

    console.log
      [Button] Has onClick in props: false

      at log (src/components/ui/Button.tsx:27:13)

    console.log
      [Button] All props: {}

      at log (src/components/ui/Button.tsx:28:13)

    console.log
      [Button] Rendering with type: submit

      at log (src/components/ui/Button.tsx:25:13)

    console.log
      [Button] Props received: {
        variant: 'primary',
        size: 'lg',
        type: 'submit',
        loading: false,
        disabled: false
      }

      at log (src/components/ui/Button.tsx:26:13)

    console.log
      [Button] Has onClick in props: false

      at log (src/components/ui/Button.tsx:27:13)

    console.log
      [Button] All props: {}

      at log (src/components/ui/Button.tsx:28:13)

    console.log
      [Button] Rendering with type: submit

      at log (src/components/ui/Button.tsx:25:13)

    console.log
      [Button] Props received: {
        variant: 'primary',
        size: 'lg',
        type: 'submit',
        loading: false,
        disabled: false
      }

      at log (src/components/ui/Button.tsx:26:13)

    console.log
      [Button] Has onClick in props: false

      at log (src/components/ui/Button.tsx:27:13)

    console.log
      [Button] All props: {}

      at log (src/components/ui/Button.tsx:28:13)

    console.log
      [Button] Rendering with type: submit

      at log (src/components/ui/Button.tsx:25:13)

    console.log
      [Button] Props received: {
        variant: 'primary',
        size: 'lg',
        type: 'submit',
        loading: false,
        disabled: false
      }

      at log (src/components/ui/Button.tsx:26:13)

    console.log
      [Button] Has onClick in props: false

      at log (src/components/ui/Button.tsx:27:13)

    console.log
      [Button] All props: {}

      at log (src/components/ui/Button.tsx:28:13)

    console.log
      [Button] Rendering with type: submit

      at log (src/components/ui/Button.tsx:25:13)

    console.log
      [Button] Props received: {
        variant: 'primary',
        size: 'lg',
        type: 'submit',
        loading: false,
        disabled: false
      }

      at log (src/components/ui/Button.tsx:26:13)

    console.log
      [Button] Has onClick in props: false

      at log (src/components/ui/Button.tsx:27:13)

    console.log
      [Button] All props: {}

      at log (src/components/ui/Button.tsx:28:13)

    console.log
      [Button] Rendering with type: submit

      at log (src/components/ui/Button.tsx:25:13)

    console.log
      [Button] Props received: {
        variant: 'primary',
        size: 'lg',
        type: 'submit',
        loading: false,
        disabled: false
      }

      at log (src/components/ui/Button.tsx:26:13)

    console.log
      [Button] Has onClick in props: false

      at log (src/components/ui/Button.tsx:27:13)

    console.log
      [Button] All props: {}

      at log (src/components/ui/Button.tsx:28:13)

    console.log
      [Button] Rendering with type: submit

      at log (src/components/ui/Button.tsx:25:13)

    console.log
      [Button] Props received: {
        variant: 'primary',
        size: 'lg',
        type: 'submit',
        loading: false,
        disabled: false
      }

      at log (src/components/ui/Button.tsx:26:13)

    console.log
      [Button] Has onClick in props: false

      at log (src/components/ui/Button.tsx:27:13)

    console.log
      [Button] All props: {}

      at log (src/components/ui/Button.tsx:28:13)

    console.log
      [Button] Rendering with type: submit

      at log (src/components/ui/Button.tsx:25:13)

    console.log
      [Button] Props received: {
        variant: 'primary',
        size: 'lg',
        type: 'submit',
        loading: false,
        disabled: false
      }

      at log (src/components/ui/Button.tsx:26:13)

    console.log
      [Button] Has onClick in props: false

      at log (src/components/ui/Button.tsx:27:13)

    console.log
      [Button] All props: {}

      at log (src/components/ui/Button.tsx:28:13)

    console.log
      [Button] Rendering with type: submit

      at log (src/components/ui/Button.tsx:25:13)

    console.log
      [Button] Props received: {
        variant: 'primary',
        size: 'lg',
        type: 'submit',
        loading: false,
        disabled: false
      }

      at log (src/components/ui/Button.tsx:26:13)

    console.log
      [Button] Has onClick in props: false

      at log (src/components/ui/Button.tsx:27:13)

    console.log
      [Button] All props: {}

      at log (src/components/ui/Button.tsx:28:13)

    console.log
      [Button] Rendering with type: submit

      at log (src/components/ui/Button.tsx:25:13)

    console.log
      [Button] Props received: {
        variant: 'primary',
        size: 'lg',
        type: 'submit',
        loading: false,
        disabled: false
      }

      at log (src/components/ui/Button.tsx:26:13)

    console.log
      [Button] Has onClick in props: false

      at log (src/components/ui/Button.tsx:27:13)

    console.log
      [Button] All props: {}

      at log (src/components/ui/Button.tsx:28:13)

    console.log
      [Button] Rendering with type: submit

      at log (src/components/ui/Button.tsx:25:13)

    console.log
      [Button] Props received: {
        variant: 'primary',
        size: 'lg',
        type: 'submit',
        loading: false,
        disabled: false
      }

      at log (src/components/ui/Button.tsx:26:13)

    console.log
      [Button] Has onClick in props: false

      at log (src/components/ui/Button.tsx:27:13)

    console.log
      [Button] All props: {}

      at log (src/components/ui/Button.tsx:28:13)

    console.log
      [Button] Rendering with type: submit

      at log (src/components/ui/Button.tsx:25:13)

    console.log
      [Button] Props received: {
        variant: 'primary',
        size: 'lg',
        type: 'submit',
        loading: false,
        disabled: false
      }

      at log (src/components/ui/Button.tsx:26:13)

    console.log
      [Button] Has onClick in props: false

      at log (src/components/ui/Button.tsx:27:13)

    console.log
      [Button] All props: {}

      at log (src/components/ui/Button.tsx:28:13)

    console.log
      [Button] Rendering with type: submit

      at log (src/components/ui/Button.tsx:25:13)

    console.log
      [Button] Props received: {
        variant: 'primary',
        size: 'lg',
        type: 'submit',
        loading: false,
        disabled: false
      }

      at log (src/components/ui/Button.tsx:26:13)

    console.log
      [Button] Has onClick in props: false

      at log (src/components/ui/Button.tsx:27:13)

    console.log
      [Button] All props: {}

      at log (src/components/ui/Button.tsx:28:13)

    console.log
      [Button] Rendering with type: submit

      at log (src/components/ui/Button.tsx:25:13)

    console.log
      [Button] Props received: {
        variant: 'primary',
        size: 'lg',
        type: 'submit',
        loading: false,
        disabled: false
      }

      at log (src/components/ui/Button.tsx:26:13)

    console.log
      [Button] Has onClick in props: false

      at log (src/components/ui/Button.tsx:27:13)

    console.log
      [Button] All props: {}

      at log (src/components/ui/Button.tsx:28:13)

    console.log
      [Button] Rendering with type: submit

      at log (src/components/ui/Button.tsx:25:13)

    console.log
      [Button] Props received: {
        variant: 'primary',
        size: 'lg',
        type: 'submit',
        loading: false,
        disabled: false
      }

      at log (src/components/ui/Button.tsx:26:13)

    console.log
      [Button] Has onClick in props: false

      at log (src/components/ui/Button.tsx:27:13)

    console.log
      [Button] All props: {}

      at log (src/components/ui/Button.tsx:28:13)

    console.log
      [Button] Rendering with type: submit

      at log (src/components/ui/Button.tsx:25:13)

    console.log
      [Button] Props received: {
        variant: 'primary',
        size: 'lg',
        type: 'submit',
        loading: false,
        disabled: false
      }

      at log (src/components/ui/Button.tsx:26:13)

    console.log
      [Button] Has onClick in props: false

      at log (src/components/ui/Button.tsx:27:13)

    console.log
      [Button] All props: {}

      at log (src/components/ui/Button.tsx:28:13)

    console.log
      [Button] Rendering with type: submit

      at log (src/components/ui/Button.tsx:25:13)

    console.log
      [Button] Props received: {
        variant: 'primary',
        size: 'lg',
        type: 'submit',
        loading: false,
        disabled: false
      }

      at log (src/components/ui/Button.tsx:26:13)

    console.log
      [Button] Has onClick in props: false

      at log (src/components/ui/Button.tsx:27:13)

    console.log
      [Button] All props: {}

      at log (src/components/ui/Button.tsx:28:13)

    console.log
      [Button] Rendering with type: submit

      at log (src/components/ui/Button.tsx:25:13)

    console.log
      [Button] Props received: {
        variant: 'primary',
        size: 'lg',
        type: 'submit',
        loading: false,
        disabled: false
      }

      at log (src/components/ui/Button.tsx:26:13)

    console.log
      [Button] Has onClick in props: false

      at log (src/components/ui/Button.tsx:27:13)

    console.log
      [Button] All props: {}

      at log (src/components/ui/Button.tsx:28:13)

    console.log
      [Button] Rendering with type: submit

      at log (src/components/ui/Button.tsx:25:13)

    console.log
      [Button] Props received: {
        variant: 'primary',
        size: 'lg',
        type: 'submit',
        loading: false,
        disabled: false
      }

      at log (src/components/ui/Button.tsx:26:13)

    console.log
      [Button] Has onClick in props: false

      at log (src/components/ui/Button.tsx:27:13)

    console.log
      [Button] All props: {}

      at log (src/components/ui/Button.tsx:28:13)

    console.log
      [Button] Rendering with type: submit

      at log (src/components/ui/Button.tsx:25:13)

    console.log
      [Button] Props received: {
        variant: 'primary',
        size: 'lg',
        type: 'submit',
        loading: false,
        disabled: false
      }

      at log (src/components/ui/Button.tsx:26:13)

    console.log
      [Button] Has onClick in props: false

      at log (src/components/ui/Button.tsx:27:13)

    console.log
      [Button] All props: {}

      at log (src/components/ui/Button.tsx:28:13)

    console.log
      [Button] Rendering with type: submit

      at log (src/components/ui/Button.tsx:25:13)

    console.log
      [Button] Props received: {
        variant: 'primary',
        size: 'lg',
        type: 'submit',
        loading: false,
        disabled: false
      }

      at log (src/components/ui/Button.tsx:26:13)

    console.log
      [Button] Has onClick in props: false

      at log (src/components/ui/Button.tsx:27:13)

    console.log
      [Button] All props: {}

      at log (src/components/ui/Button.tsx:28:13)

    console.log
      [Button] Rendering with type: submit

      at log (src/components/ui/Button.tsx:25:13)

    console.log
      [Button] Props received: {
        variant: 'primary',
        size: 'lg',
        type: 'submit',
        loading: false,
        disabled: false
      }

      at log (src/components/ui/Button.tsx:26:13)

    console.log
      [Button] Has onClick in props: false

      at log (src/components/ui/Button.tsx:27:13)

    console.log
      [Button] All props: {}

      at log (src/components/ui/Button.tsx:28:13)

    console.log
      [Button] Rendering with type: submit

      at log (src/components/ui/Button.tsx:25:13)

    console.log
      [Button] Props received: {
        variant: 'primary',
        size: 'lg',
        type: 'submit',
        loading: false,
        disabled: false
      }

      at log (src/components/ui/Button.tsx:26:13)

    console.log
      [Button] Has onClick in props: false

      at log (src/components/ui/Button.tsx:27:13)

    console.log
      [Button] All props: {}

      at log (src/components/ui/Button.tsx:28:13)

    console.log
      [Button] Rendering with type: submit

      at log (src/components/ui/Button.tsx:25:13)

    console.log
      [Button] Props received: {
        variant: 'primary',
        size: 'lg',
        type: 'submit',
        loading: false,
        disabled: false
      }

      at log (src/components/ui/Button.tsx:26:13)

    console.log
      [Button] Has onClick in props: false

      at log (src/components/ui/Button.tsx:27:13)

    console.log
      [Button] All props: {}

      at log (src/components/ui/Button.tsx:28:13)

    console.log
      [Button] Rendering with type: submit

      at log (src/components/ui/Button.tsx:25:13)

    console.log
      [Button] Props received: {
        variant: 'primary',
        size: 'lg',
        type: 'submit',
        loading: false,
        disabled: false
      }

      at log (src/components/ui/Button.tsx:26:13)

    console.log
      [Button] Has onClick in props: false

      at log (src/components/ui/Button.tsx:27:13)

    console.log
      [Button] All props: {}

      at log (src/components/ui/Button.tsx:28:13)

    console.log
      [Button] Rendering with type: submit

      at log (src/components/ui/Button.tsx:25:13)

    console.log
      [Button] Props received: {
        variant: 'primary',
        size: 'lg',
        type: 'submit',
        loading: false,
        disabled: false
      }

      at log (src/components/ui/Button.tsx:26:13)

    console.log
      [Button] Has onClick in props: false

      at log (src/components/ui/Button.tsx:27:13)

    console.log
      [Button] All props: {}

      at log (src/components/ui/Button.tsx:28:13)

    console.log
      [Button] Rendering with type: submit

      at log (src/components/ui/Button.tsx:25:13)

    console.log
      [Button] Props received: {
        variant: 'primary',
        size: 'lg',
        type: 'submit',
        loading: false,
        disabled: false
      }

      at log (src/components/ui/Button.tsx:26:13)

    console.log
      [Button] Has onClick in props: false

      at log (src/components/ui/Button.tsx:27:13)

    console.log
      [Button] All props: {}

      at log (src/components/ui/Button.tsx:28:13)

    console.log
      [Button] Rendering with type: submit

      at log (src/components/ui/Button.tsx:25:13)

    console.log
      [Button] Props received: {
        variant: 'primary',
        size: 'lg',
        type: 'submit',
        loading: false,
        disabled: false
      }

      at log (src/components/ui/Button.tsx:26:13)

    console.log
      [Button] Has onClick in props: false

      at log (src/components/ui/Button.tsx:27:13)

    console.log
      [Button] All props: {}

      at log (src/components/ui/Button.tsx:28:13)

    console.log
      [Button] Rendering with type: submit

      at log (src/components/ui/Button.tsx:25:13)

    console.log
      [Button] Props received: {
        variant: 'primary',
        size: 'lg',
        type: 'submit',
        loading: false,
        disabled: false
      }

      at log (src/components/ui/Button.tsx:26:13)

    console.log
      [Button] Has onClick in props: false

      at log (src/components/ui/Button.tsx:27:13)

    console.log
      [Button] All props: {}

      at log (src/components/ui/Button.tsx:28:13)

    console.log
      [Button] Rendering with type: submit

      at log (src/components/ui/Button.tsx:25:13)

    console.log
      [Button] Props received: {
        variant: 'primary',
        size: 'lg',
        type: 'submit',
        loading: false,
        disabled: false
      }

      at log (src/components/ui/Button.tsx:26:13)

    console.log
      [Button] Has onClick in props: false

      at log (src/components/ui/Button.tsx:27:13)

    console.log
      [Button] All props: {}

      at log (src/components/ui/Button.tsx:28:13)

    console.log
      [Button] Rendering with type: submit

      at log (src/components/ui/Button.tsx:25:13)

    console.log
      [Button] Props received: {
        variant: 'primary',
        size: 'lg',
        type: 'submit',
        loading: false,
        disabled: false
      }

      at log (src/components/ui/Button.tsx:26:13)

    console.log
      [Button] Has onClick in props: false

      at log (src/components/ui/Button.tsx:27:13)

    console.log
      [Button] All props: {}

      at log (src/components/ui/Button.tsx:28:13)

    console.log
      [Button] Rendering with type: submit

      at log (src/components/ui/Button.tsx:25:13)

    console.log
      [Button] Props received: {
        variant: 'primary',
        size: 'lg',
        type: 'submit',
        loading: false,
        disabled: false
      }

      at log (src/components/ui/Button.tsx:26:13)

    console.log
      [Button] Has onClick in props: false

      at log (src/components/ui/Button.tsx:27:13)

    console.log
      [Button] All props: {}

      at log (src/components/ui/Button.tsx:28:13)

    console.log
      [Button] Rendering with type: submit

      at log (src/components/ui/Button.tsx:25:13)

    console.log
      [Button] Props received: {
        variant: 'primary',
        size: 'lg',
        type: 'submit',
        loading: false,
        disabled: false
      }

      at log (src/components/ui/Button.tsx:26:13)

    console.log
      [Button] Has onClick in props: false

      at log (src/components/ui/Button.tsx:27:13)

    console.log
      [Button] All props: {}

      at log (src/components/ui/Button.tsx:28:13)

    console.log
      [Button] Rendering with type: submit

      at log (src/components/ui/Button.tsx:25:13)

    console.log
      [Button] Props received: {
        variant: 'primary',
        size: 'lg',
        type: 'submit',
        loading: false,
        disabled: false
      }

      at log (src/components/ui/Button.tsx:26:13)

    console.log
      [Button] Has onClick in props: false

      at log (src/components/ui/Button.tsx:27:13)

    console.log
      [Button] All props: {}

      at log (src/components/ui/Button.tsx:28:13)

    console.log
      [Button] Rendering with type: submit

      at log (src/components/ui/Button.tsx:25:13)

    console.log
      [Button] Props received: {
        variant: 'primary',
        size: 'lg',
        type: 'submit',
        loading: false,
        disabled: false
      }

      at log (src/components/ui/Button.tsx:26:13)

    console.log
      [Button] Has onClick in props: false

      at log (src/components/ui/Button.tsx:27:13)

    console.log
      [Button] All props: {}

      at log (src/components/ui/Button.tsx:28:13)

    console.log
      [Button] Rendering with type: submit

      at log (src/components/ui/Button.tsx:25:13)

    console.log
      [Button] Props received: {
        variant: 'primary',
        size: 'lg',
        type: 'submit',
        loading: false,
        disabled: false
      }

      at log (src/components/ui/Button.tsx:26:13)

    console.log
      [Button] Has onClick in props: false

      at log (src/components/ui/Button.tsx:27:13)

    console.log
      [Button] All props: {}

      at log (src/components/ui/Button.tsx:28:13)

    console.log
      [Button] Rendering with type: submit

      at log (src/components/ui/Button.tsx:25:13)

    console.log
      [Button] Props received: {
        variant: 'primary',
        size: 'lg',
        type: 'submit',
        loading: false,
        disabled: false
      }

      at log (src/components/ui/Button.tsx:26:13)

    console.log
      [Button] Has onClick in props: false

      at log (src/components/ui/Button.tsx:27:13)

    console.log
      [Button] All props: {}

      at log (src/components/ui/Button.tsx:28:13)

    console.log
      [Button] Rendering with type: submit

      at log (src/components/ui/Button.tsx:25:13)

    console.log
      [Button] Props received: {
        variant: 'primary',
        size: 'lg',
        type: 'submit',
        loading: false,
        disabled: false
      }

      at log (src/components/ui/Button.tsx:26:13)

    console.log
      [Button] Has onClick in props: false

      at log (src/components/ui/Button.tsx:27:13)

    console.log
      [Button] All props: {}

      at log (src/components/ui/Button.tsx:28:13)

    console.log
      [Button] Rendering with type: submit

      at log (src/components/ui/Button.tsx:25:13)

    console.log
      [Button] Props received: {
        variant: 'primary',
        size: 'lg',
        type: 'submit',
        loading: false,
        disabled: false
      }

      at log (src/components/ui/Button.tsx:26:13)

    console.log
      [Button] Has onClick in props: false

      at log (src/components/ui/Button.tsx:27:13)

    console.log
      [Button] All props: {}

      at log (src/components/ui/Button.tsx:28:13)

    console.log
      [Button] Rendering with type: submit

      at log (src/components/ui/Button.tsx:25:13)

    console.log
      [Button] Props received: {
        variant: 'primary',
        size: 'lg',
        type: 'submit',
        loading: false,
        disabled: false
      }

      at log (src/components/ui/Button.tsx:26:13)

    console.log
      [Button] Has onClick in props: false

      at log (src/components/ui/Button.tsx:27:13)

    console.log
      [Button] All props: {}

      at log (src/components/ui/Button.tsx:28:13)

    console.log
      [Button] Rendering with type: submit

      at log (src/components/ui/Button.tsx:25:13)

    console.log
      [Button] Props received: {
        variant: 'primary',
        size: 'lg',
        type: 'submit',
        loading: false,
        disabled: false
      }

      at log (src/components/ui/Button.tsx:26:13)

    console.log
      [Button] Has onClick in props: false

      at log (src/components/ui/Button.tsx:27:13)

    console.log
      [Button] All props: {}

      at log (src/components/ui/Button.tsx:28:13)

    console.log
      [Button] Rendering with type: submit

      at log (src/components/ui/Button.tsx:25:13)

    console.log
      [Button] Props received: {
        variant: 'primary',
        size: 'lg',
        type: 'submit',
        loading: false,
        disabled: false
      }

      at log (src/components/ui/Button.tsx:26:13)

    console.log
      [Button] Has onClick in props: false

      at log (src/components/ui/Button.tsx:27:13)

    console.log
      [Button] All props: {}

      at log (src/components/ui/Button.tsx:28:13)

    console.log
      [Button] Rendering with type: submit

      at log (src/components/ui/Button.tsx:25:13)

    console.log
      [Button] Props received: {
        variant: 'primary',
        size: 'lg',
        type: 'submit',
        loading: false,
        disabled: false
      }

      at log (src/components/ui/Button.tsx:26:13)

    console.log
      [Button] Has onClick in props: false

      at log (src/components/ui/Button.tsx:27:13)

    console.log
      [Button] All props: {}

      at log (src/components/ui/Button.tsx:28:13)

    console.log
      [Button] Rendering with type: submit

      at log (src/components/ui/Button.tsx:25:13)

    console.log
      [Button] Props received: {
        variant: 'primary',
        size: 'lg',
        type: 'submit',
        loading: false,
        disabled: false
      }

      at log (src/components/ui/Button.tsx:26:13)

    console.log
      [Button] Has onClick in props: false

      at log (src/components/ui/Button.tsx:27:13)

    console.log
      [Button] All props: {}

      at log (src/components/ui/Button.tsx:28:13)

    console.log
      [Button] Rendering with type: submit

      at log (src/components/ui/Button.tsx:25:13)

    console.log
      [Button] Props received: {
        variant: 'primary',
        size: 'lg',
        type: 'submit',
        loading: false,
        disabled: false
      }

      at log (src/components/ui/Button.tsx:26:13)

    console.log
      [Button] Has onClick in props: false

      at log (src/components/ui/Button.tsx:27:13)

    console.log
      [Button] All props: {}

      at log (src/components/ui/Button.tsx:28:13)

    console.log
      [Button] Rendering with type: submit

      at log (src/components/ui/Button.tsx:25:13)

    console.log
      [Button] Props received: {
        variant: 'primary',
        size: 'lg',
        type: 'submit',
        loading: false,
        disabled: false
      }

      at log (src/components/ui/Button.tsx:26:13)

    console.log
      [Button] Has onClick in props: false

      at log (src/components/ui/Button.tsx:27:13)

    console.log
      [Button] All props: {}

      at log (src/components/ui/Button.tsx:28:13)

    console.log
      [Button] Rendering with type: submit

      at log (src/components/ui/Button.tsx:25:13)

    console.log
      [Button] Props received: {
        variant: 'primary',
        size: 'lg',
        type: 'submit',
        loading: false,
        disabled: false
      }

      at log (src/components/ui/Button.tsx:26:13)

    console.log
      [Button] Has onClick in props: false

      at log (src/components/ui/Button.tsx:27:13)

    console.log
      [Button] All props: {}

      at log (src/components/ui/Button.tsx:28:13)

    console.log
      [Button] Rendering with type: submit

      at log (src/components/ui/Button.tsx:25:13)

    console.log
      [Button] Props received: {
        variant: 'primary',
        size: 'lg',
        type: 'submit',
        loading: false,
        disabled: false
      }

      at log (src/components/ui/Button.tsx:26:13)

    console.log
      [Button] Has onClick in props: false

      at log (src/components/ui/Button.tsx:27:13)

    console.log
      [Button] All props: {}

      at log (src/components/ui/Button.tsx:28:13)

    console.log
      [Button] Rendering with type: submit

      at log (src/components/ui/Button.tsx:25:13)

    console.log
      [Button] Props received: {
        variant: 'primary',
        size: 'lg',
        type: 'submit',
        loading: false,
        disabled: false
      }

      at log (src/components/ui/Button.tsx:26:13)

    console.log
      [Button] Has onClick in props: false

      at log (src/components/ui/Button.tsx:27:13)

    console.log
      [Button] All props: {}

      at log (src/components/ui/Button.tsx:28:13)

    console.log
      [Button] Rendering with type: submit

      at log (src/components/ui/Button.tsx:25:13)

    console.log
      [Button] Props received: {
        variant: 'primary',
        size: 'lg',
        type: 'submit',
        loading: false,
        disabled: false
      }

      at log (src/components/ui/Button.tsx:26:13)

    console.log
      [Button] Has onClick in props: false

      at log (src/components/ui/Button.tsx:27:13)

    console.log
      [Button] All props: {}

      at log (src/components/ui/Button.tsx:28:13)

    console.log
      [Button] Rendering with type: submit

      at log (src/components/ui/Button.tsx:25:13)

    console.log
      [Button] Props received: {
        variant: 'primary',
        size: 'lg',
        type: 'submit',
        loading: false,
        disabled: false
      }

      at log (src/components/ui/Button.tsx:26:13)

    console.log
      [Button] Has onClick in props: false

      at log (src/components/ui/Button.tsx:27:13)

    console.log
      [Button] All props: {}

      at log (src/components/ui/Button.tsx:28:13)

    console.log
      [Button] Rendering with type: submit

      at log (src/components/ui/Button.tsx:25:13)

    console.log
      [Button] Props received: {
        variant: 'primary',
        size: 'lg',
        type: 'submit',
        loading: false,
        disabled: false
      }

      at log (src/components/ui/Button.tsx:26:13)

    console.log
      [Button] Has onClick in props: false

      at log (src/components/ui/Button.tsx:27:13)

    console.log
      [Button] All props: {}

      at log (src/components/ui/Button.tsx:28:13)

    console.log
      [Button] Rendering with type: submit

      at log (src/components/ui/Button.tsx:25:13)

    console.log
      [Button] Props received: {
        variant: 'primary',
        size: 'lg',
        type: 'submit',
        loading: false,
        disabled: false
      }

      at log (src/components/ui/Button.tsx:26:13)

    console.log
      [Button] Has onClick in props: false

      at log (src/components/ui/Button.tsx:27:13)

    console.log
      [Button] All props: {}

      at log (src/components/ui/Button.tsx:28:13)

    console.log
      [Button] Rendering with type: submit

      at log (src/components/ui/Button.tsx:25:13)

    console.log
      [Button] Props received: {
        variant: 'primary',
        size: 'lg',
        type: 'submit',
        loading: false,
        disabled: false
      }

      at log (src/components/ui/Button.tsx:26:13)

    console.log
      [Button] Has onClick in props: false

      at log (src/components/ui/Button.tsx:27:13)

    console.log
      [Button] All props: {}

      at log (src/components/ui/Button.tsx:28:13)

    console.log
      [Button] Rendering with type: submit

      at log (src/components/ui/Button.tsx:25:13)

    console.log
      [Button] Props received: {
        variant: 'primary',
        size: 'lg',
        type: 'submit',
        loading: false,
        disabled: false
      }

      at log (src/components/ui/Button.tsx:26:13)

    console.log
      [Button] Has onClick in props: false

      at log (src/components/ui/Button.tsx:27:13)

    console.log
      [Button] All props: {}

      at log (src/components/ui/Button.tsx:28:13)

    console.log
      [Button] Rendering with type: submit

      at log (src/components/ui/Button.tsx:25:13)

    console.log
      [Button] Props received: {
        variant: 'primary',
        size: 'lg',
        type: 'submit',
        loading: false,
        disabled: false
      }

      at log (src/components/ui/Button.tsx:26:13)

    console.log
      [Button] Has onClick in props: false

      at log (src/components/ui/Button.tsx:27:13)

    console.log
      [Button] All props: {}

      at log (src/components/ui/Button.tsx:28:13)

    console.log
      [Button] Rendering with type: submit

      at log (src/components/ui/Button.tsx:25:13)

    console.log
      [Button] Props received: {
        variant: 'primary',
        size: 'lg',
        type: 'submit',
        loading: false,
        disabled: false
      }

      at log (src/components/ui/Button.tsx:26:13)

    console.log
      [Button] Has onClick in props: false

      at log (src/components/ui/Button.tsx:27:13)

    console.log
      [Button] All props: {}

      at log (src/components/ui/Button.tsx:28:13)

    console.log
      [Button] Rendering with type: submit

      at log (src/components/ui/Button.tsx:25:13)

    console.log
      [Button] Props received: {
        variant: 'primary',
        size: 'lg',
        type: 'submit',
        loading: false,
        disabled: false
      }

      at log (src/components/ui/Button.tsx:26:13)

    console.log
      [Button] Has onClick in props: false

      at log (src/components/ui/Button.tsx:27:13)

    console.log
      [Button] All props: {}

      at log (src/components/ui/Button.tsx:28:13)

    console.log
      [Button] Rendering with type: submit

      at log (src/components/ui/Button.tsx:25:13)

    console.log
      [Button] Props received: {
        variant: 'primary',
        size: 'lg',
        type: 'submit',
        loading: false,
        disabled: false
      }

      at log (src/components/ui/Button.tsx:26:13)

    console.log
      [Button] Has onClick in props: false

      at log (src/components/ui/Button.tsx:27:13)

    console.log
      [Button] All props: {}

      at log (src/components/ui/Button.tsx:28:13)

    console.log
      [Button] Rendering with type: submit

      at log (src/components/ui/Button.tsx:25:13)

    console.log
      [Button] Props received: {
        variant: 'primary',
        size: 'lg',
        type: 'submit',
        loading: false,
        disabled: false
      }

      at log (src/components/ui/Button.tsx:26:13)

    console.log
      [Button] Has onClick in props: false

      at log (src/components/ui/Button.tsx:27:13)

    console.log
      [Button] All props: {}

      at log (src/components/ui/Button.tsx:28:13)

    console.log
      [Button] Rendering with type: submit

      at log (src/components/ui/Button.tsx:25:13)

    console.log
      [Button] Props received: {
        variant: 'primary',
        size: 'lg',
        type: 'submit',
        loading: false,
        disabled: false
      }

      at log (src/components/ui/Button.tsx:26:13)

    console.log
      [Button] Has onClick in props: false

      at log (src/components/ui/Button.tsx:27:13)

    console.log
      [Button] All props: {}

      at log (src/components/ui/Button.tsx:28:13)

    console.log
      [Button] Rendering with type: submit

      at log (src/components/ui/Button.tsx:25:13)

    console.log
      [Button] Props received: {
        variant: 'primary',
        size: 'lg',
        type: 'submit',
        loading: false,
        disabled: false
      }

      at log (src/components/ui/Button.tsx:26:13)

    console.log
      [Button] Has onClick in props: false

      at log (src/components/ui/Button.tsx:27:13)

    console.log
      [Button] All props: {}

      at log (src/components/ui/Button.tsx:28:13)

    console.log
      [Button] Rendering with type: submit

      at log (src/components/ui/Button.tsx:25:13)

    console.log
      [Button] Props received: {
        variant: 'primary',
        size: 'lg',
        type: 'submit',
        loading: false,
        disabled: false
      }

      at log (src/components/ui/Button.tsx:26:13)

    console.log
      [Button] Has onClick in props: false

      at log (src/components/ui/Button.tsx:27:13)

    console.log
      [Button] All props: {}

      at log (src/components/ui/Button.tsx:28:13)

    console.log
      [Button] Rendering with type: submit

      at log (src/components/ui/Button.tsx:25:13)

    console.log
      [Button] Props received: {
        variant: 'primary',
        size: 'lg',
        type: 'submit',
        loading: false,
        disabled: false
      }

      at log (src/components/ui/Button.tsx:26:13)

    console.log
      [Button] Has onClick in props: false

      at log (src/components/ui/Button.tsx:27:13)

    console.log
      [Button] All props: {}

      at log (src/components/ui/Button.tsx:28:13)

    console.log
      [Button] Rendering with type: submit

      at log (src/components/ui/Button.tsx:25:13)

    console.log
      [Button] Props received: {
        variant: 'primary',
        size: 'lg',
        type: 'submit',
        loading: false,
        disabled: false
      }

      at log (src/components/ui/Button.tsx:26:13)

    console.log
      [Button] Has onClick in props: false

      at log (src/components/ui/Button.tsx:27:13)

    console.log
      [Button] All props: {}

      at log (src/components/ui/Button.tsx:28:13)

    console.log
      [Button] Rendering with type: submit

      at log (src/components/ui/Button.tsx:25:13)

    console.log
      [Button] Props received: {
        variant: 'primary',
        size: 'lg',
        type: 'submit',
        loading: false,
        disabled: false
      }

      at log (src/components/ui/Button.tsx:26:13)

    console.log
      [Button] Has onClick in props: false

      at log (src/components/ui/Button.tsx:27:13)

    console.log
      [Button] All props: {}

      at log (src/components/ui/Button.tsx:28:13)

    console.log
      [Button] Rendering with type: submit

      at log (src/components/ui/Button.tsx:25:13)

    console.log
      [Button] Props received: {
        variant: 'primary',
        size: 'lg',
        type: 'submit',
        loading: false,
        disabled: false
      }

      at log (src/components/ui/Button.tsx:26:13)

    console.log
      [Button] Has onClick in props: false

      at log (src/components/ui/Button.tsx:27:13)

    console.log
      [Button] All props: {}

      at log (src/components/ui/Button.tsx:28:13)

    console.log
      [Button] Rendering with type: submit

      at log (src/components/ui/Button.tsx:25:13)

    console.log
      [Button] Props received: {
        variant: 'primary',
        size: 'lg',
        type: 'submit',
        loading: false,
        disabled: false
      }

      at log (src/components/ui/Button.tsx:26:13)

    console.log
      [Button] Has onClick in props: false

      at log (src/components/ui/Button.tsx:27:13)

    console.log
      [Button] All props: {}

      at log (src/components/ui/Button.tsx:28:13)

    console.log
      [Button] Rendering with type: submit

      at log (src/components/ui/Button.tsx:25:13)

    console.log
      [Button] Props received: {
        variant: 'primary',
        size: 'lg',
        type: 'submit',
        loading: false,
        disabled: false
      }

      at log (src/components/ui/Button.tsx:26:13)

    console.log
      [Button] Has onClick in props: false

      at log (src/components/ui/Button.tsx:27:13)

    console.log
      [Button] All props: {}

      at log (src/components/ui/Button.tsx:28:13)

    console.log
      [Button] Rendering with type: submit

      at log (src/components/ui/Button.tsx:25:13)

    console.log
      [Button] Props received: {
        variant: 'primary',
        size: 'lg',
        type: 'submit',
        loading: false,
        disabled: false
      }

      at log (src/components/ui/Button.tsx:26:13)

    console.log
      [Button] Has onClick in props: false

      at log (src/components/ui/Button.tsx:27:13)

    console.log
      [Button] All props: {}

      at log (src/components/ui/Button.tsx:28:13)

    console.log
      [Button] Rendering with type: submit

      at log (src/components/ui/Button.tsx:25:13)

    console.log
      [Button] Props received: {
        variant: 'primary',
        size: 'lg',
        type: 'submit',
        loading: false,
        disabled: false
      }

      at log (src/components/ui/Button.tsx:26:13)

    console.log
      [Button] Has onClick in props: false

      at log (src/components/ui/Button.tsx:27:13)

    console.log
      [Button] All props: {}

      at log (src/components/ui/Button.tsx:28:13)

    console.log
      [Button] Rendering with type: submit

      at log (src/components/ui/Button.tsx:25:13)

    console.log
      [Button] Props received: {
        variant: 'primary',
        size: 'lg',
        type: 'submit',
        loading: false,
        disabled: false
      }

      at log (src/components/ui/Button.tsx:26:13)

    console.log
      [Button] Has onClick in props: false

      at log (src/components/ui/Button.tsx:27:13)

    console.log
      [Button] All props: {}

      at log (src/components/ui/Button.tsx:28:13)

    console.log
      [Button] Rendering with type: submit

      at log (src/components/ui/Button.tsx:25:13)

    console.log
      [Button] Props received: {
        variant: 'primary',
        size: 'lg',
        type: 'submit',
        loading: false,
        disabled: false
      }

      at log (src/components/ui/Button.tsx:26:13)

    console.log
      [Button] Has onClick in props: false

      at log (src/components/ui/Button.tsx:27:13)

    console.log
      [Button] All props: {}

      at log (src/components/ui/Button.tsx:28:13)

    console.log
      [Button] Rendering with type: submit

      at log (src/components/ui/Button.tsx:25:13)

    console.log
      [Button] Props received: {
        variant: 'primary',
        size: 'lg',
        type: 'submit',
        loading: false,
        disabled: false
      }

      at log (src/components/ui/Button.tsx:26:13)

    console.log
      [Button] Has onClick in props: false

      at log (src/components/ui/Button.tsx:27:13)

    console.log
      [Button] All props: {}

      at log (src/components/ui/Button.tsx:28:13)

    console.log
      [Button] Rendering with type: submit

      at log (src/components/ui/Button.tsx:25:13)

    console.log
      [Button] Props received: {
        variant: 'primary',
        size: 'lg',
        type: 'submit',
        loading: false,
        disabled: false
      }

      at log (src/components/ui/Button.tsx:26:13)

    console.log
      [Button] Has onClick in props: false

      at log (src/components/ui/Button.tsx:27:13)

    console.log
      [Button] All props: {}

      at log (src/components/ui/Button.tsx:28:13)

    console.log
      [Button] Rendering with type: submit

      at log (src/components/ui/Button.tsx:25:13)

    console.log
      [Button] Props received: {
        variant: 'primary',
        size: 'lg',
        type: 'submit',
        loading: false,
        disabled: false
      }

      at log (src/components/ui/Button.tsx:26:13)

    console.log
      [Button] Has onClick in props: false

      at log (src/components/ui/Button.tsx:27:13)

    console.log
      [Button] All props: {}

      at log (src/components/ui/Button.tsx:28:13)

    console.log
      [Button] Rendering with type: submit

      at log (src/components/ui/Button.tsx:25:13)

    console.log
      [Button] Props received: {
        variant: 'primary',
        size: 'lg',
        type: 'submit',
        loading: false,
        disabled: false
      }

      at log (src/components/ui/Button.tsx:26:13)

    console.log
      [Button] Has onClick in props: false

      at log (src/components/ui/Button.tsx:27:13)

    console.log
      [Button] All props: {}

      at log (src/components/ui/Button.tsx:28:13)

    console.log
      [Button] Rendering with type: submit

      at log (src/components/ui/Button.tsx:25:13)

    console.log
      [Button] Props received: {
        variant: 'primary',
        size: 'lg',
        type: 'submit',
        loading: false,
        disabled: false
      }

      at log (src/components/ui/Button.tsx:26:13)

    console.log
      [Button] Has onClick in props: false

      at log (src/components/ui/Button.tsx:27:13)

    console.log
      [Button] All props: {}

      at log (src/components/ui/Button.tsx:28:13)

    console.log
      [Button] Rendering with type: submit

      at log (src/components/ui/Button.tsx:25:13)

    console.log
      [Button] Props received: {
        variant: 'primary',
        size: 'lg',
        type: 'submit',
        loading: false,
        disabled: false
      }

      at log (src/components/ui/Button.tsx:26:13)

    console.log
      [Button] Has onClick in props: false

      at log (src/components/ui/Button.tsx:27:13)

    console.log
      [Button] All props: {}

      at log (src/components/ui/Button.tsx:28:13)

    console.log
      [Button] Rendering with type: submit

      at log (src/components/ui/Button.tsx:25:13)

    console.log
      [Button] Props received: {
        variant: 'primary',
        size: 'lg',
        type: 'submit',
        loading: false,
        disabled: false
      }

      at log (src/components/ui/Button.tsx:26:13)

    console.log
      [Button] Has onClick in props: false

      at log (src/components/ui/Button.tsx:27:13)

    console.log
      [Button] All props: {}

      at log (src/components/ui/Button.tsx:28:13)

    console.log
      [Button] Rendering with type: submit

      at log (src/components/ui/Button.tsx:25:13)

    console.log
      [Button] Props received: {
        variant: 'primary',
        size: 'lg',
        type: 'submit',
        loading: false,
        disabled: false
      }

      at log (src/components/ui/Button.tsx:26:13)

    console.log
      [Button] Has onClick in props: false

      at log (src/components/ui/Button.tsx:27:13)

    console.log
      [Button] All props: {}

      at log (src/components/ui/Button.tsx:28:13)

    console.log
      [Button] Rendering with type: submit

      at log (src/components/ui/Button.tsx:25:13)

    console.log
      [Button] Props received: {
        variant: 'primary',
        size: 'lg',
        type: 'submit',
        loading: false,
        disabled: false
      }

      at log (src/components/ui/Button.tsx:26:13)

    console.log
      [Button] Has onClick in props: false

      at log (src/components/ui/Button.tsx:27:13)

    console.log
      [Button] All props: {}

      at log (src/components/ui/Button.tsx:28:13)

    console.log
      [Button] Rendering with type: submit

      at log (src/components/ui/Button.tsx:25:13)

    console.log
      [Button] Props received: {
        variant: 'primary',
        size: 'lg',
        type: 'submit',
        loading: false,
        disabled: false
      }

      at log (src/components/ui/Button.tsx:26:13)

    console.log
      [Button] Has onClick in props: false

      at log (src/components/ui/Button.tsx:27:13)

    console.log
      [Button] All props: {}

      at log (src/components/ui/Button.tsx:28:13)

    console.log
      [Button] Rendering with type: submit

      at log (src/components/ui/Button.tsx:25:13)

    console.log
      [Button] Props received: {
        variant: 'primary',
        size: 'lg',
        type: 'submit',
        loading: false,
        disabled: false
      }

      at log (src/components/ui/Button.tsx:26:13)

    console.log
      [Button] Has onClick in props: false

      at log (src/components/ui/Button.tsx:27:13)

    console.log
      [Button] All props: {}

      at log (src/components/ui/Button.tsx:28:13)

    console.log
      [Button] Rendering with type: submit

      at log (src/components/ui/Button.tsx:25:13)

    console.log
      [Button] Props received: {
        variant: 'primary',
        size: 'lg',
        type: 'submit',
        loading: false,
        disabled: false
      }

      at log (src/components/ui/Button.tsx:26:13)

    console.log
      [Button] Has onClick in props: false

      at log (src/components/ui/Button.tsx:27:13)

    console.log
      [Button] All props: {}

      at log (src/components/ui/Button.tsx:28:13)

    console.log
      [Button] Rendering with type: submit

      at log (src/components/ui/Button.tsx:25:13)

    console.log
      [Button] Props received: {
        variant: 'primary',
        size: 'lg',
        type: 'submit',
        loading: false,
        disabled: false
      }

      at log (src/components/ui/Button.tsx:26:13)

    console.log
      [Button] Has onClick in props: false

      at log (src/components/ui/Button.tsx:27:13)

    console.log
      [Button] All props: {}

      at log (src/components/ui/Button.tsx:28:13)

    console.log
      [Button] Rendering with type: submit

      at log (src/components/ui/Button.tsx:25:13)

    console.log
      [Button] Props received: {
        variant: 'primary',
        size: 'lg',
        type: 'submit',
        loading: false,
        disabled: false
      }

      at log (src/components/ui/Button.tsx:26:13)

    console.log
      [Button] Has onClick in props: false

      at log (src/components/ui/Button.tsx:27:13)

    console.log
      [Button] All props: {}

      at log (src/components/ui/Button.tsx:28:13)

    console.log
      [Button] Rendering with type: submit

      at log (src/components/ui/Button.tsx:25:13)

    console.log
      [Button] Props received: {
        variant: 'primary',
        size: 'lg',
        type: 'submit',
        loading: false,
        disabled: false
      }

      at log (src/components/ui/Button.tsx:26:13)

    console.log
      [Button] Has onClick in props: false

      at log (src/components/ui/Button.tsx:27:13)

    console.log
      [Button] All props: {}

      at log (src/components/ui/Button.tsx:28:13)

    console.log
      [Button] Rendering with type: submit

      at log (src/components/ui/Button.tsx:25:13)

    console.log
      [Button] Props received: {
        variant: 'primary',
        size: 'lg',
        type: 'submit',
        loading: false,
        disabled: false
      }

      at log (src/components/ui/Button.tsx:26:13)

    console.log
      [Button] Has onClick in props: false

      at log (src/components/ui/Button.tsx:27:13)

    console.log
      [Button] All props: {}

      at log (src/components/ui/Button.tsx:28:13)

    console.log
      [Button] Rendering with type: submit

      at log (src/components/ui/Button.tsx:25:13)

    console.log
      [Button] Props received: {
        variant: 'primary',
        size: 'lg',
        type: 'submit',
        loading: false,
        disabled: false
      }

      at log (src/components/ui/Button.tsx:26:13)

    console.log
      [Button] Has onClick in props: false

      at log (src/components/ui/Button.tsx:27:13)

    console.log
      [Button] All props: {}

      at log (src/components/ui/Button.tsx:28:13)

    console.log
      [Button] Rendering with type: submit

      at log (src/components/ui/Button.tsx:25:13)

    console.log
      [Button] Props received: {
        variant: 'primary',
        size: 'lg',
        type: 'submit',
        loading: false,
        disabled: false
      }

      at log (src/components/ui/Button.tsx:26:13)

    console.log
      [Button] Has onClick in props: false

      at log (src/components/ui/Button.tsx:27:13)

    console.log
      [Button] All props: {}

      at log (src/components/ui/Button.tsx:28:13)

    console.log
      [Button] Rendering with type: submit

      at log (src/components/ui/Button.tsx:25:13)

    console.log
      [Button] Props received: {
        variant: 'primary',
        size: 'lg',
        type: 'submit',
        loading: false,
        disabled: false
      }

      at log (src/components/ui/Button.tsx:26:13)

    console.log
      [Button] Has onClick in props: false

      at log (src/components/ui/Button.tsx:27:13)

    console.log
      [Button] All props: {}

      at log (src/components/ui/Button.tsx:28:13)

    console.log
      [Button] Rendering with type: submit

      at log (src/components/ui/Button.tsx:25:13)

    console.log
      [Button] Props received: {
        variant: 'primary',
        size: 'lg',
        type: 'submit',
        loading: false,
        disabled: false
      }

      at log (src/components/ui/Button.tsx:26:13)

    console.log
      [Button] Has onClick in props: false

      at log (src/components/ui/Button.tsx:27:13)

    console.log
      [Button] All props: {}

      at log (src/components/ui/Button.tsx:28:13)

    console.log
      [Button] Rendering with type: submit

      at log (src/components/ui/Button.tsx:25:13)

    console.log
      [Button] Props received: {
        variant: 'primary',
        size: 'lg',
        type: 'submit',
        loading: false,
        disabled: false
      }

      at log (src/components/ui/Button.tsx:26:13)

    console.log
      [Button] Has onClick in props: false

      at log (src/components/ui/Button.tsx:27:13)

    console.log
      [Button] All props: {}

      at log (src/components/ui/Button.tsx:28:13)

    console.log
      [Button] Rendering with type: submit

      at log (src/components/ui/Button.tsx:25:13)

    console.log
      [Button] Props received: {
        variant: 'primary',
        size: 'lg',
        type: 'submit',
        loading: false,
        disabled: false
      }

      at log (src/components/ui/Button.tsx:26:13)

    console.log
      [Button] Has onClick in props: false

      at log (src/components/ui/Button.tsx:27:13)

    console.log
      [Button] All props: {}

      at log (src/components/ui/Button.tsx:28:13)

    console.log
      [Button] Rendering with type: submit

      at log (src/components/ui/Button.tsx:25:13)

    console.log
      [Button] Props received: {
        variant: 'primary',
        size: 'lg',
        type: 'submit',
        loading: false,
        disabled: false
      }

      at log (src/components/ui/Button.tsx:26:13)

    console.log
      [Button] Has onClick in props: false

      at log (src/components/ui/Button.tsx:27:13)

    console.log
      [Button] All props: {}

      at log (src/components/ui/Button.tsx:28:13)

    console.log
      [Button] Rendering with type: submit

      at log (src/components/ui/Button.tsx:25:13)

    console.log
      [Button] Props received: {
        variant: 'primary',
        size: 'lg',
        type: 'submit',
        loading: false,
        disabled: false
      }

      at log (src/components/ui/Button.tsx:26:13)

    console.log
      [Button] Has onClick in props: false

      at log (src/components/ui/Button.tsx:27:13)

    console.log
      [Button] All props: {}

      at log (src/components/ui/Button.tsx:28:13)

    console.log
      [Button] Rendering with type: submit

      at log (src/components/ui/Button.tsx:25:13)

    console.log
      [Button] Props received: {
        variant: 'primary',
        size: 'lg',
        type: 'submit',
        loading: false,
        disabled: false
      }

      at log (src/components/ui/Button.tsx:26:13)

    console.log
      [Button] Has onClick in props: false

      at log (src/components/ui/Button.tsx:27:13)

    console.log
      [Button] All props: {}

      at log (src/components/ui/Button.tsx:28:13)

    console.log
      [Button] Rendering with type: submit

      at log (src/components/ui/Button.tsx:25:13)

    console.log
      [Button] Props received: {
        variant: 'primary',
        size: 'lg',
        type: 'submit',
        loading: false,
        disabled: false
      }

      at log (src/components/ui/Button.tsx:26:13)

    console.log
      [Button] Has onClick in props: false

      at log (src/components/ui/Button.tsx:27:13)

    console.log
      [Button] All props: {}

      at log (src/components/ui/Button.tsx:28:13)

    console.log
      [Button] Rendering with type: submit

      at log (src/components/ui/Button.tsx:25:13)

    console.log
      [Button] Props received: {
        variant: 'primary',
        size: 'lg',
        type: 'submit',
        loading: false,
        disabled: false
      }

      at log (src/components/ui/Button.tsx:26:13)

    console.log
      [Button] Has onClick in props: false

      at log (src/components/ui/Button.tsx:27:13)

    console.log
      [Button] All props: {}

      at log (src/components/ui/Button.tsx:28:13)

    console.log
      [Button] Rendering with type: submit

      at log (src/components/ui/Button.tsx:25:13)

    console.log
      [Button] Props received: {
        variant: 'primary',
        size: 'lg',
        type: 'submit',
        loading: false,
        disabled: false
      }

      at log (src/components/ui/Button.tsx:26:13)

    console.log
      [Button] Has onClick in props: false

      at log (src/components/ui/Button.tsx:27:13)

    console.log
      [Button] All props: {}

      at log (src/components/ui/Button.tsx:28:13)

    console.log
      [Button] Rendering with type: submit

      at log (src/components/ui/Button.tsx:25:13)

    console.log
      [Button] Props received: {
        variant: 'primary',
        size: 'lg',
        type: 'submit',
        loading: false,
        disabled: false
      }

      at log (src/components/ui/Button.tsx:26:13)

    console.log
      [Button] Has onClick in props: false

      at log (src/components/ui/Button.tsx:27:13)

    console.log
      [Button] All props: {}

      at log (src/components/ui/Button.tsx:28:13)

    console.log
      [Button] Rendering with type: submit

      at log (src/components/ui/Button.tsx:25:13)

    console.log
      [Button] Props received: {
        variant: 'primary',
        size: 'lg',
        type: 'submit',
        loading: false,
        disabled: false
      }

      at log (src/components/ui/Button.tsx:26:13)

    console.log
      [Button] Has onClick in props: false

      at log (src/components/ui/Button.tsx:27:13)

    console.log
      [Button] All props: {}

      at log (src/components/ui/Button.tsx:28:13)

    console.log
      [Button] Rendering with type: submit

      at log (src/components/ui/Button.tsx:25:13)

    console.log
      [Button] Props received: {
        variant: 'primary',
        size: 'lg',
        type: 'submit',
        loading: false,
        disabled: false
      }

      at log (src/components/ui/Button.tsx:26:13)

    console.log
      [Button] Has onClick in props: false

      at log (src/components/ui/Button.tsx:27:13)

    console.log
      [Button] All props: {}

      at log (src/components/ui/Button.tsx:28:13)

    console.log
      [Button] Rendering with type: submit

      at log (src/components/ui/Button.tsx:25:13)

    console.log
      [Button] Props received: {
        variant: 'primary',
        size: 'lg',
        type: 'submit',
        loading: false,
        disabled: false
      }

      at log (src/components/ui/Button.tsx:26:13)

    console.log
      [Button] Has onClick in props: false

      at log (src/components/ui/Button.tsx:27:13)

    console.log
      [Button] All props: {}

      at log (src/components/ui/Button.tsx:28:13)

    console.log
      [Button] Rendering with type: submit

      at log (src/components/ui/Button.tsx:25:13)

    console.log
      [Button] Props received: {
        variant: 'primary',
        size: 'lg',
        type: 'submit',
        loading: false,
        disabled: false
      }

      at log (src/components/ui/Button.tsx:26:13)

    console.log
      [Button] Has onClick in props: false

      at log (src/components/ui/Button.tsx:27:13)

    console.log
      [Button] All props: {}

      at log (src/components/ui/Button.tsx:28:13)

    console.log
      [Button] Rendering with type: submit

      at log (src/components/ui/Button.tsx:25:13)

    console.log
      [Button] Props received: {
        variant: 'primary',
        size: 'lg',
        type: 'submit',
        loading: false,
        disabled: false
      }

      at log (src/components/ui/Button.tsx:26:13)

    console.log
      [Button] Has onClick in props: false

      at log (src/components/ui/Button.tsx:27:13)

    console.log
      [Button] All props: {}

      at log (src/components/ui/Button.tsx:28:13)

    console.log
      [Button] Rendering with type: submit

      at log (src/components/ui/Button.tsx:25:13)

    console.log
      [Button] Props received: {
        variant: 'primary',
        size: 'lg',
        type: 'submit',
        loading: false,
        disabled: false
      }

      at log (src/components/ui/Button.tsx:26:13)

    console.log
      [Button] Has onClick in props: false

      at log (src/components/ui/Button.tsx:27:13)

    console.log
      [Button] All props: {}

      at log (src/components/ui/Button.tsx:28:13)

    console.log
      [Button] Rendering with type: submit

      at log (src/components/ui/Button.tsx:25:13)

    console.log
      [Button] Props received: {
        variant: 'primary',
        size: 'lg',
        type: 'submit',
        loading: false,
        disabled: false
      }

      at log (src/components/ui/Button.tsx:26:13)

    console.log
      [Button] Has onClick in props: false

      at log (src/components/ui/Button.tsx:27:13)

    console.log
      [Button] All props: {}

      at log (src/components/ui/Button.tsx:28:13)

    console.log
      [Button] Rendering with type: submit

      at log (src/components/ui/Button.tsx:25:13)

    console.log
      [Button] Props received: {
        variant: 'primary',
        size: 'lg',
        type: 'submit',
        loading: false,
        disabled: false
      }

      at log (src/components/ui/Button.tsx:26:13)

    console.log
      [Button] Has onClick in props: false

      at log (src/components/ui/Button.tsx:27:13)

    console.log
      [Button] All props: {}

      at log (src/components/ui/Button.tsx:28:13)

    console.log
      [Button] Rendering with type: submit

      at log (src/components/ui/Button.tsx:25:13)

    console.log
      [Button] Props received: {
        variant: 'primary',
        size: 'lg',
        type: 'submit',
        loading: false,
        disabled: false
      }

      at log (src/components/ui/Button.tsx:26:13)

    console.log
      [Button] Has onClick in props: false

      at log (src/components/ui/Button.tsx:27:13)

    console.log
      [Button] All props: {}

      at log (src/components/ui/Button.tsx:28:13)

    console.log
      [Button] Rendering with type: submit

      at log (src/components/ui/Button.tsx:25:13)

    console.log
      [Button] Props received: {
        variant: 'primary',
        size: 'lg',
        type: 'submit',
        loading: false,
        disabled: false
      }

      at log (src/components/ui/Button.tsx:26:13)

    console.log
      [Button] Has onClick in props: false

      at log (src/components/ui/Button.tsx:27:13)

    console.log
      [Button] All props: {}

      at log (src/components/ui/Button.tsx:28:13)

    console.log
      [Button] Rendering with type: submit

      at log (src/components/ui/Button.tsx:25:13)

    console.log
      [Button] Props received: {
        variant: 'primary',
        size: 'lg',
        type: 'submit',
        loading: false,
        disabled: false
      }

      at log (src/components/ui/Button.tsx:26:13)

    console.log
      [Button] Has onClick in props: false

      at log (src/components/ui/Button.tsx:27:13)

    console.log
      [Button] All props: {}

      at log (src/components/ui/Button.tsx:28:13)

    console.log
      [Button] Rendering with type: submit

      at log (src/components/ui/Button.tsx:25:13)

    console.log
      [Button] Props received: {
        variant: 'primary',
        size: 'lg',
        type: 'submit',
        loading: false,
        disabled: false
      }

      at log (src/components/ui/Button.tsx:26:13)

    console.log
      [Button] Has onClick in props: false

      at log (src/components/ui/Button.tsx:27:13)

    console.log
      [Button] All props: {}

      at log (src/components/ui/Button.tsx:28:13)

    console.log
      [Button] Rendering with type: submit

      at log (src/components/ui/Button.tsx:25:13)

    console.log
      [Button] Props received: {
        variant: 'primary',
        size: 'lg',
        type: 'submit',
        loading: false,
        disabled: false
      }

      at log (src/components/ui/Button.tsx:26:13)

    console.log
      [Button] Has onClick in props: false

      at log (src/components/ui/Button.tsx:27:13)

    console.log
      [Button] All props: {}

      at log (src/components/ui/Button.tsx:28:13)

    console.log
      [Button] Rendering with type: submit

      at log (src/components/ui/Button.tsx:25:13)

    console.log
      [Button] Props received: {
        variant: 'primary',
        size: 'lg',
        type: 'submit',
        loading: false,
        disabled: false
      }

      at log (src/components/ui/Button.tsx:26:13)

    console.log
      [Button] Has onClick in props: false

      at log (src/components/ui/Button.tsx:27:13)

    console.log
      [Button] All props: {}

      at log (src/components/ui/Button.tsx:28:13)

    console.log
      [Button] Rendering with type: submit

      at log (src/components/ui/Button.tsx:25:13)

    console.log
      [Button] Props received: {
        variant: 'primary',
        size: 'lg',
        type: 'submit',
        loading: false,
        disabled: false
      }

      at log (src/components/ui/Button.tsx:26:13)

    console.log
      [Button] Has onClick in props: false

      at log (src/components/ui/Button.tsx:27:13)

    console.log
      [Button] All props: {}

      at log (src/components/ui/Button.tsx:28:13)

    console.log
      [Button] Rendering with type: submit

      at log (src/components/ui/Button.tsx:25:13)

    console.log
      [Button] Props received: {
        variant: 'primary',
        size: 'lg',
        type: 'submit',
        loading: false,
        disabled: false
      }

      at log (src/components/ui/Button.tsx:26:13)

    console.log
      [Button] Has onClick in props: false

      at log (src/components/ui/Button.tsx:27:13)

    console.log
      [Button] All props: {}

      at log (src/components/ui/Button.tsx:28:13)

    console.log
      [Button] Rendering with type: submit

      at log (src/components/ui/Button.tsx:25:13)

    console.log
      [Button] Props received: {
        variant: 'primary',
        size: 'lg',
        type: 'submit',
        loading: false,
        disabled: false
      }

      at log (src/components/ui/Button.tsx:26:13)

    console.log
      [Button] Has onClick in props: false

      at log (src/components/ui/Button.tsx:27:13)

    console.log
      [Button] All props: {}

      at log (src/components/ui/Button.tsx:28:13)

    console.log
      [Button] Rendering with type: submit

      at log (src/components/ui/Button.tsx:25:13)

    console.log
      [Button] Props received: {
        variant: 'primary',
        size: 'lg',
        type: 'submit',
        loading: false,
        disabled: false
      }

      at log (src/components/ui/Button.tsx:26:13)

    console.log
      [Button] Has onClick in props: false

      at log (src/components/ui/Button.tsx:27:13)

    console.log
      [Button] All props: {}

      at log (src/components/ui/Button.tsx:28:13)

    console.log
      [Button] Rendering with type: submit

      at log (src/components/ui/Button.tsx:25:13)

    console.log
      [Button] Props received: {
        variant: 'primary',
        size: 'lg',
        type: 'submit',
        loading: false,
        disabled: false
      }

      at log (src/components/ui/Button.tsx:26:13)

    console.log
      [Button] Has onClick in props: false

      at log (src/components/ui/Button.tsx:27:13)

    console.log
      [Button] All props: {}

      at log (src/components/ui/Button.tsx:28:13)

    console.log
      [Button] Rendering with type: submit

      at log (src/components/ui/Button.tsx:25:13)

    console.log
      [Button] Props received: {
        variant: 'primary',
        size: 'lg',
        type: 'submit',
        loading: false,
        disabled: false
      }

      at log (src/components/ui/Button.tsx:26:13)

    console.log
      [Button] Has onClick in props: false

      at log (src/components/ui/Button.tsx:27:13)

    console.log
      [Button] All props: {}

      at log (src/components/ui/Button.tsx:28:13)

    console.log
      [Button] Rendering with type: submit

      at log (src/components/ui/Button.tsx:25:13)

    console.log
      [Button] Props received: {
        variant: 'primary',
        size: 'lg',
        type: 'submit',
        loading: false,
        disabled: false
      }

      at log (src/components/ui/Button.tsx:26:13)

    console.log
      [Button] Has onClick in props: false

      at log (src/components/ui/Button.tsx:27:13)

    console.log
      [Button] All props: {}

      at log (src/components/ui/Button.tsx:28:13)

    console.log
      [Button] Rendering with type: submit

      at log (src/components/ui/Button.tsx:25:13)

    console.log
      [Button] Props received: {
        variant: 'primary',
        size: 'lg',
        type: 'submit',
        loading: false,
        disabled: false
      }

      at log (src/components/ui/Button.tsx:26:13)

    console.log
      [Button] Has onClick in props: false

      at log (src/components/ui/Button.tsx:27:13)

    console.log
      [Button] All props: {}

      at log (src/components/ui/Button.tsx:28:13)

    console.log
      [Button] Rendering with type: submit

      at log (src/components/ui/Button.tsx:25:13)

    console.log
      [Button] Props received: {
        variant: 'primary',
        size: 'lg',
        type: 'submit',
        loading: false,
        disabled: false
      }

      at log (src/components/ui/Button.tsx:26:13)

    console.log
      [Button] Has onClick in props: false

      at log (src/components/ui/Button.tsx:27:13)

    console.log
      [Button] All props: {}

      at log (src/components/ui/Button.tsx:28:13)

    console.log
      [Button] Rendering with type: submit

      at log (src/components/ui/Button.tsx:25:13)

    console.log
      [Button] Props received: {
        variant: 'primary',
        size: 'lg',
        type: 'submit',
        loading: false,
        disabled: false
      }

      at log (src/components/ui/Button.tsx:26:13)

    console.log
      [Button] Has onClick in props: false

      at log (src/components/ui/Button.tsx:27:13)

    console.log
      [Button] All props: {}

      at log (src/components/ui/Button.tsx:28:13)

    console.log
      [Button] Rendering with type: submit

      at log (src/components/ui/Button.tsx:25:13)

    console.log
      [Button] Props received: {
        variant: 'primary',
        size: 'lg',
        type: 'submit',
        loading: false,
        disabled: false
      }

      at log (src/components/ui/Button.tsx:26:13)

    console.log
      [Button] Has onClick in props: false

      at log (src/components/ui/Button.tsx:27:13)

    console.log
      [Button] All props: {}

      at log (src/components/ui/Button.tsx:28:13)

    console.log
      [Button] Rendering with type: submit

      at log (src/components/ui/Button.tsx:25:13)

    console.log
      [Button] Props received: {
        variant: 'primary',
        size: 'lg',
        type: 'submit',
        loading: false,
        disabled: false
      }

      at log (src/components/ui/Button.tsx:26:13)

    console.log
      [Button] Has onClick in props: false

      at log (src/components/ui/Button.tsx:27:13)

    console.log
      [Button] All props: {}

      at log (src/components/ui/Button.tsx:28:13)

    console.log
      [Button] Rendering with type: submit

      at log (src/components/ui/Button.tsx:25:13)

    console.log
      [Button] Props received: {
        variant: 'primary',
        size: 'lg',
        type: 'submit',
        loading: false,
        disabled: false
      }

      at log (src/components/ui/Button.tsx:26:13)

    console.log
      [Button] Has onClick in props: false

      at log (src/components/ui/Button.tsx:27:13)

    console.log
      [Button] All props: {}

      at log (src/components/ui/Button.tsx:28:13)

    console.log
      [Button] Rendering with type: submit

      at log (src/components/ui/Button.tsx:25:13)

    console.log
      [Button] Props received: {
        variant: 'primary',
        size: 'lg',
        type: 'submit',
        loading: false,
        disabled: false
      }

      at log (src/components/ui/Button.tsx:26:13)

    console.log
      [Button] Has onClick in props: false

      at log (src/components/ui/Button.tsx:27:13)

    console.log
      [Button] All props: {}

      at log (src/components/ui/Button.tsx:28:13)

    console.log
      [Button] Rendering with type: submit

      at log (src/components/ui/Button.tsx:25:13)

    console.log
      [Button] Props received: {
        variant: 'primary',
        size: 'lg',
        type: 'submit',
        loading: false,
        disabled: false
      }

      at log (src/components/ui/Button.tsx:26:13)

    console.log
      [Button] Has onClick in props: false

      at log (src/components/ui/Button.tsx:27:13)

    console.log
      [Button] All props: {}

      at log (src/components/ui/Button.tsx:28:13)

    console.log
      [Button] Rendering with type: submit

      at log (src/components/ui/Button.tsx:25:13)

    console.log
      [Button] Props received: {
        variant: 'primary',
        size: 'lg',
        type: 'submit',
        loading: false,
        disabled: false
      }

      at log (src/components/ui/Button.tsx:26:13)

    console.log
      [Button] Has onClick in props: false

      at log (src/components/ui/Button.tsx:27:13)

    console.log
      [Button] All props: {}

      at log (src/components/ui/Button.tsx:28:13)

    console.log
      [Button] Rendering with type: submit

      at log (src/components/ui/Button.tsx:25:13)

    console.log
      [Button] Props received: {
        variant: 'primary',
        size: 'lg',
        type: 'submit',
        loading: false,
        disabled: false
      }

      at log (src/components/ui/Button.tsx:26:13)

    console.log
      [Button] Has onClick in props: false

      at log (src/components/ui/Button.tsx:27:13)

    console.log
      [Button] All props: {}

      at log (src/components/ui/Button.tsx:28:13)

    console.log
      [Button] Rendering with type: submit

      at log (src/components/ui/Button.tsx:25:13)

    console.log
      [Button] Props received: {
        variant: 'primary',
        size: 'lg',
        type: 'submit',
        loading: false,
        disabled: false
      }

      at log (src/components/ui/Button.tsx:26:13)

    console.log
      [Button] Has onClick in props: false

      at log (src/components/ui/Button.tsx:27:13)

    console.log
      [Button] All props: {}

      at log (src/components/ui/Button.tsx:28:13)

    console.log
      [Button] Rendering with type: submit

      at log (src/components/ui/Button.tsx:25:13)

    console.log
      [Button] Props received: {
        variant: 'primary',
        size: 'lg',
        type: 'submit',
        loading: false,
        disabled: false
      }

      at log (src/components/ui/Button.tsx:26:13)

    console.log
      [Button] Has onClick in props: false

      at log (src/components/ui/Button.tsx:27:13)

    console.log
      [Button] All props: {}

      at log (src/components/ui/Button.tsx:28:13)

    console.log
      [Button] Rendering with type: submit

      at log (src/components/ui/Button.tsx:25:13)

    console.log
      [Button] Props received: {
        variant: 'primary',
        size: 'lg',
        type: 'submit',
        loading: false,
        disabled: false
      }

      at log (src/components/ui/Button.tsx:26:13)

    console.log
      [Button] Has onClick in props: false

      at log (src/components/ui/Button.tsx:27:13)

    console.log
      [Button] All props: {}

      at log (src/components/ui/Button.tsx:28:13)

    console.log
      [Button] Rendering with type: submit

      at log (src/components/ui/Button.tsx:25:13)

    console.log
      [Button] Props received: {
        variant: 'primary',
        size: 'lg',
        type: 'submit',
        loading: false,
        disabled: false
      }

      at log (src/components/ui/Button.tsx:26:13)

    console.log
      [Button] Has onClick in props: false

      at log (src/components/ui/Button.tsx:27:13)

    console.log
      [Button] All props: {}

      at log (src/components/ui/Button.tsx:28:13)

    console.log
      [Button] Rendering with type: submit

      at log (src/components/ui/Button.tsx:25:13)

    console.log
      [Button] Props received: {
        variant: 'primary',
        size: 'lg',
        type: 'submit',
        loading: false,
        disabled: false
      }

      at log (src/components/ui/Button.tsx:26:13)

    console.log
      [Button] Has onClick in props: false

      at log (src/components/ui/Button.tsx:27:13)

    console.log
      [Button] All props: {}

      at log (src/components/ui/Button.tsx:28:13)

    console.log
      [Button] Rendering with type: submit

      at log (src/components/ui/Button.tsx:25:13)

    console.log
      [Button] Props received: {
        variant: 'primary',
        size: 'lg',
        type: 'submit',
        loading: false,
        disabled: false
      }

      at log (src/components/ui/Button.tsx:26:13)

    console.log
      [Button] Has onClick in props: false

      at log (src/components/ui/Button.tsx:27:13)

    console.log
      [Button] All props: {}

      at log (src/components/ui/Button.tsx:28:13)

    console.log
      [Button] Rendering with type: submit

      at log (src/components/ui/Button.tsx:25:13)

    console.log
      [Button] Props received: {
        variant: 'primary',
        size: 'lg',
        type: 'submit',
        loading: false,
        disabled: false
      }

      at log (src/components/ui/Button.tsx:26:13)

    console.log
      [Button] Has onClick in props: false

      at log (src/components/ui/Button.tsx:27:13)

    console.log
      [Button] All props: {}

      at log (src/components/ui/Button.tsx:28:13)

    console.log
      [Button] Rendering with type: submit

      at log (src/components/ui/Button.tsx:25:13)

    console.log
      [Button] Props received: {
        variant: 'primary',
        size: 'lg',
        type: 'submit',
        loading: false,
        disabled: false
      }

      at log (src/components/ui/Button.tsx:26:13)

    console.log
      [Button] Has onClick in props: false

      at log (src/components/ui/Button.tsx:27:13)

    console.log
      [Button] All props: {}

      at log (src/components/ui/Button.tsx:28:13)

    console.log
      [Button] Rendering with type: submit

      at log (src/components/ui/Button.tsx:25:13)

    console.log
      [Button] Props received: {
        variant: 'primary',
        size: 'lg',
        type: 'submit',
        loading: false,
        disabled: false
      }

      at log (src/components/ui/Button.tsx:26:13)

    console.log
      [Button] Has onClick in props: false

      at log (src/components/ui/Button.tsx:27:13)

    console.log
      [Button] All props: {}

      at log (src/components/ui/Button.tsx:28:13)

    console.log
      [Button] Rendering with type: submit

      at log (src/components/ui/Button.tsx:25:13)

    console.log
      [Button] Props received: {
        variant: 'primary',
        size: 'lg',
        type: 'submit',
        loading: false,
        disabled: false
      }

      at log (src/components/ui/Button.tsx:26:13)

    console.log
      [Button] Has onClick in props: false

      at log (src/components/ui/Button.tsx:27:13)

    console.log
      [Button] All props: {}

      at log (src/components/ui/Button.tsx:28:13)

    console.log
      [Button] Rendering with type: submit

      at log (src/components/ui/Button.tsx:25:13)

    console.log
      [Button] Props received: {
        variant: 'primary',
        size: 'lg',
        type: 'submit',
        loading: false,
        disabled: false
      }

      at log (src/components/ui/Button.tsx:26:13)

    console.log
      [Button] Has onClick in props: false

      at log (src/components/ui/Button.tsx:27:13)

    console.log
      [Button] All props: {}

      at log (src/components/ui/Button.tsx:28:13)

    console.log
      [Button] Rendering with type: submit

      at log (src/components/ui/Button.tsx:25:13)

    console.log
      [Button] Props received: {
        variant: 'primary',
        size: 'lg',
        type: 'submit',
        loading: false,
        disabled: false
      }

      at log (src/components/ui/Button.tsx:26:13)

    console.log
      [Button] Has onClick in props: false

      at log (src/components/ui/Button.tsx:27:13)

    console.log
      [Button] All props: {}

      at log (src/components/ui/Button.tsx:28:13)

    console.log
      [Button] Rendering with type: submit

      at log (src/components/ui/Button.tsx:25:13)

    console.log
      [Button] Props received: {
        variant: 'primary',
        size: 'lg',
        type: 'submit',
        loading: false,
        disabled: false
      }

      at log (src/components/ui/Button.tsx:26:13)

    console.log
      [Button] Has onClick in props: false

      at log (src/components/ui/Button.tsx:27:13)

    console.log
      [Button] All props: {}

      at log (src/components/ui/Button.tsx:28:13)

    console.log
      [Button] Rendering with type: submit

      at log (src/components/ui/Button.tsx:25:13)

    console.log
      [Button] Props received: {
        variant: 'primary',
        size: 'lg',
        type: 'submit',
        loading: false,
        disabled: false
      }

      at log (src/components/ui/Button.tsx:26:13)

    console.log
      [Button] Has onClick in props: false

      at log (src/components/ui/Button.tsx:27:13)

    console.log
      [Button] All props: {}

      at log (src/components/ui/Button.tsx:28:13)

    console.log
      [Button] Rendering with type: submit

      at log (src/components/ui/Button.tsx:25:13)

    console.log
      [Button] Props received: {
        variant: 'primary',
        size: 'lg',
        type: 'submit',
        loading: false,
        disabled: false
      }

      at log (src/components/ui/Button.tsx:26:13)

    console.log
      [Button] Has onClick in props: false

      at log (src/components/ui/Button.tsx:27:13)

    console.log
      [Button] All props: {}

      at log (src/components/ui/Button.tsx:28:13)

    console.log
      [Button] Rendering with type: submit

      at log (src/components/ui/Button.tsx:25:13)

    console.log
      [Button] Props received: {
        variant: 'primary',
        size: 'lg',
        type: 'submit',
        loading: false,
        disabled: false
      }

      at log (src/components/ui/Button.tsx:26:13)

    console.log
      [Button] Has onClick in props: false

      at log (src/components/ui/Button.tsx:27:13)

    console.log
      [Button] All props: {}

      at log (src/components/ui/Button.tsx:28:13)

    console.log
      [Button] Rendering with type: submit

      at log (src/components/ui/Button.tsx:25:13)

    console.log
      [Button] Props received: {
        variant: 'primary',
        size: 'lg',
        type: 'submit',
        loading: false,
        disabled: false
      }

      at log (src/components/ui/Button.tsx:26:13)

    console.log
      [Button] Has onClick in props: false

      at log (src/components/ui/Button.tsx:27:13)

    console.log
      [Button] All props: {}

      at log (src/components/ui/Button.tsx:28:13)

    console.log
      [Button] Rendering with type: submit

      at log (src/components/ui/Button.tsx:25:13)

    console.log
      [Button] Props received: {
        variant: 'primary',
        size: 'lg',
        type: 'submit',
        loading: false,
        disabled: false
      }

      at log (src/components/ui/Button.tsx:26:13)

    console.log
      [Button] Has onClick in props: false

      at log (src/components/ui/Button.tsx:27:13)

    console.log
      [Button] All props: {}

      at log (src/components/ui/Button.tsx:28:13)

    console.log
      [Button] Rendering with type: submit

      at log (src/components/ui/Button.tsx:25:13)

    console.log
      [Button] Props received: {
        variant: 'primary',
        size: 'lg',
        type: 'submit',
        loading: false,
        disabled: false
      }

      at log (src/components/ui/Button.tsx:26:13)

    console.log
      [Button] Has onClick in props: false

      at log (src/components/ui/Button.tsx:27:13)

    console.log
      [Button] All props: {}

      at log (src/components/ui/Button.tsx:28:13)

    console.log
      [Button] Rendering with type: submit

      at log (src/components/ui/Button.tsx:25:13)

    console.log
      [Button] Props received: {
        variant: 'primary',
        size: 'lg',
        type: 'submit',
        loading: false,
        disabled: false
      }

      at log (src/components/ui/Button.tsx:26:13)

    console.log
      [Button] Has onClick in props: false

      at log (src/components/ui/Button.tsx:27:13)

    console.log
      [Button] All props: {}

      at log (src/components/ui/Button.tsx:28:13)

    console.log
      [Button] Rendering with type: submit

      at log (src/components/ui/Button.tsx:25:13)

    console.log
      [Button] Props received: {
        variant: 'primary',
        size: 'lg',
        type: 'submit',
        loading: false,
        disabled: false
      }

      at log (src/components/ui/Button.tsx:26:13)

    console.log
      [Button] Has onClick in props: false

      at log (src/components/ui/Button.tsx:27:13)

    console.log
      [Button] All props: {}

      at log (src/components/ui/Button.tsx:28:13)

    console.log
      [Button] Rendering with type: submit

      at log (src/components/ui/Button.tsx:25:13)

    console.log
      [Button] Props received: {
        variant: 'primary',
        size: 'lg',
        type: 'submit',
        loading: false,
        disabled: false
      }

      at log (src/components/ui/Button.tsx:26:13)

    console.log
      [Button] Has onClick in props: false

      at log (src/components/ui/Button.tsx:27:13)

    console.log
      [Button] All props: {}

      at log (src/components/ui/Button.tsx:28:13)

    console.log
      [Button] Rendering with type: submit

      at log (src/components/ui/Button.tsx:25:13)

    console.log
      [Button] Props received: {
        variant: 'primary',
        size: 'lg',
        type: 'submit',
        loading: false,
        disabled: false
      }

      at log (src/components/ui/Button.tsx:26:13)

    console.log
      [Button] Has onClick in props: false

      at log (src/components/ui/Button.tsx:27:13)

    console.log
      [Button] All props: {}

      at log (src/components/ui/Button.tsx:28:13)

    console.log
      [Button] Rendering with type: submit

      at log (src/components/ui/Button.tsx:25:13)

    console.log
      [Button] Props received: {
        variant: 'primary',
        size: 'lg',
        type: 'submit',
        loading: false,
        disabled: false
      }

      at log (src/components/ui/Button.tsx:26:13)

    console.log
      [Button] Has onClick in props: false

      at log (src/components/ui/Button.tsx:27:13)

    console.log
      [Button] All props: {}

      at log (src/components/ui/Button.tsx:28:13)

    console.log
      [Button] Rendering with type: submit

      at log (src/components/ui/Button.tsx:25:13)

    console.log
      [Button] Props received: {
        variant: 'primary',
        size: 'lg',
        type: 'submit',
        loading: false,
        disabled: false
      }

      at log (src/components/ui/Button.tsx:26:13)

    console.log
      [Button] Has onClick in props: false

      at log (src/components/ui/Button.tsx:27:13)

    console.log
      [Button] All props: {}

      at log (src/components/ui/Button.tsx:28:13)

    console.log
      [Button] Rendering with type: submit

      at log (src/components/ui/Button.tsx:25:13)

    console.log
      [Button] Props received: {
        variant: 'primary',
        size: 'lg',
        type: 'submit',
        loading: false,
        disabled: false
      }

      at log (src/components/ui/Button.tsx:26:13)

    console.log
      [Button] Has onClick in props: false

      at log (src/components/ui/Button.tsx:27:13)

    console.log
      [Button] All props: {}

      at log (src/components/ui/Button.tsx:28:13)

    console.log
      [Button] Rendering with type: submit

      at log (src/components/ui/Button.tsx:25:13)

    console.log
      [Button] Props received: {
        variant: 'primary',
        size: 'lg',
        type: 'submit',
        loading: false,
        disabled: false
      }

      at log (src/components/ui/Button.tsx:26:13)

    console.log
      [Button] Has onClick in props: false

      at log (src/components/ui/Button.tsx:27:13)

    console.log
      [Button] All props: {}

      at log (src/components/ui/Button.tsx:28:13)

    console.log
      [Button] Rendering with type: submit

      at log (src/components/ui/Button.tsx:25:13)

    console.log
      [Button] Props received: {
        variant: 'primary',
        size: 'lg',
        type: 'submit',
        loading: false,
        disabled: false
      }

      at log (src/components/ui/Button.tsx:26:13)

    console.log
      [Button] Has onClick in props: false

      at log (src/components/ui/Button.tsx:27:13)

    console.log
      [Button] All props: {}

      at log (src/components/ui/Button.tsx:28:13)

    console.log
      [Button] Rendering with type: submit

      at log (src/components/ui/Button.tsx:25:13)

    console.log
      [Button] Props received: {
        variant: 'primary',
        size: 'lg',
        type: 'submit',
        loading: false,
        disabled: false
      }

      at log (src/components/ui/Button.tsx:26:13)

    console.log
      [Button] Has onClick in props: false

      at log (src/components/ui/Button.tsx:27:13)

    console.log
      [Button] All props: {}

      at log (src/components/ui/Button.tsx:28:13)

    console.log
      [Button] Rendering with type: submit

      at log (src/components/ui/Button.tsx:25:13)

    console.log
      [Button] Props received: {
        variant: 'primary',
        size: 'lg',
        type: 'submit',
        loading: false,
        disabled: false
      }

      at log (src/components/ui/Button.tsx:26:13)

    console.log
      [Button] Has onClick in props: false

      at log (src/components/ui/Button.tsx:27:13)

    console.log
      [Button] All props: {}

      at log (src/components/ui/Button.tsx:28:13)

    console.log
      [Button] Rendering with type: submit

      at log (src/components/ui/Button.tsx:25:13)

    console.log
      [Button] Props received: {
        variant: 'primary',
        size: 'lg',
        type: 'submit',
        loading: false,
        disabled: false
      }

      at log (src/components/ui/Button.tsx:26:13)

    console.log
      [Button] Has onClick in props: false

      at log (src/components/ui/Button.tsx:27:13)

    console.log
      [Button] All props: {}

      at log (src/components/ui/Button.tsx:28:13)

    console.log
      [Button] Rendering with type: submit

      at log (src/components/ui/Button.tsx:25:13)

    console.log
      [Button] Props received: {
        variant: 'primary',
        size: 'lg',
        type: 'submit',
        loading: false,
        disabled: false
      }

      at log (src/components/ui/Button.tsx:26:13)

    console.log
      [Button] Has onClick in props: false

      at log (src/components/ui/Button.tsx:27:13)

    console.log
      [Button] All props: {}

      at log (src/components/ui/Button.tsx:28:13)

    console.log
      [Button] Rendering with type: submit

      at log (src/components/ui/Button.tsx:25:13)

    console.log
      [Button] Props received: {
        variant: 'primary',
        size: 'lg',
        type: 'submit',
        loading: false,
        disabled: false
      }

      at log (src/components/ui/Button.tsx:26:13)

    console.log
      [Button] Has onClick in props: false

      at log (src/components/ui/Button.tsx:27:13)

    console.log
      [Button] All props: {}

      at log (src/components/ui/Button.tsx:28:13)

    console.log
      [Button] Rendering with type: submit

      at log (src/components/ui/Button.tsx:25:13)

    console.log
      [Button] Props received: {
        variant: 'primary',
        size: 'lg',
        type: 'submit',
        loading: false,
        disabled: false
      }

      at log (src/components/ui/Button.tsx:26:13)

    console.log
      [Button] Has onClick in props: false

      at log (src/components/ui/Button.tsx:27:13)

    console.log
      [Button] All props: {}

      at log (src/components/ui/Button.tsx:28:13)

    console.log
      [Button] Rendering with type: submit

      at log (src/components/ui/Button.tsx:25:13)

    console.log
      [Button] Props received: {
        variant: 'primary',
        size: 'lg',
        type: 'submit',
        loading: false,
        disabled: false
      }

      at log (src/components/ui/Button.tsx:26:13)

    console.log
      [Button] Has onClick in props: false

      at log (src/components/ui/Button.tsx:27:13)

    console.log
      [Button] All props: {}

      at log (src/components/ui/Button.tsx:28:13)

    console.log
      [Button] Rendering with type: submit

      at log (src/components/ui/Button.tsx:25:13)

    console.log
      [Button] Props received: {
        variant: 'primary',
        size: 'lg',
        type: 'submit',
        loading: false,
        disabled: false
      }

      at log (src/components/ui/Button.tsx:26:13)

    console.log
      [Button] Has onClick in props: false

      at log (src/components/ui/Button.tsx:27:13)

    console.log
      [Button] All props: {}

      at log (src/components/ui/Button.tsx:28:13)

    console.log
      [Button] Rendering with type: submit

      at log (src/components/ui/Button.tsx:25:13)

    console.log
      [Button] Props received: {
        variant: 'primary',
        size: 'lg',
        type: 'submit',
        loading: false,
        disabled: false
      }

      at log (src/components/ui/Button.tsx:26:13)

    console.log
      [Button] Has onClick in props: false

      at log (src/components/ui/Button.tsx:27:13)

    console.log
      [Button] All props: {}

      at log (src/components/ui/Button.tsx:28:13)

    console.log
      [Button] Rendering with type: submit

      at log (src/components/ui/Button.tsx:25:13)

    console.log
      [Button] Props received: {
        variant: 'primary',
        size: 'lg',
        type: 'submit',
        loading: false,
        disabled: false
      }

      at log (src/components/ui/Button.tsx:26:13)

    console.log
      [Button] Has onClick in props: false

      at log (src/components/ui/Button.tsx:27:13)

    console.log
      [Button] All props: {}

      at log (src/components/ui/Button.tsx:28:13)

    console.log
      [Button] Rendering with type: submit

      at log (src/components/ui/Button.tsx:25:13)

    console.log
      [Button] Props received: {
        variant: 'primary',
        size: 'lg',
        type: 'submit',
        loading: false,
        disabled: false
      }

      at log (src/components/ui/Button.tsx:26:13)

    console.log
      [Button] Has onClick in props: false

      at log (src/components/ui/Button.tsx:27:13)

    console.log
      [Button] All props: {}

      at log (src/components/ui/Button.tsx:28:13)

    console.log
      [Button] Rendering with type: submit

      at log (src/components/ui/Button.tsx:25:13)

    console.log
      [Button] Props received: {
        variant: 'primary',
        size: 'lg',
        type: 'submit',
        loading: false,
        disabled: false
      }

      at log (src/components/ui/Button.tsx:26:13)

    console.log
      [Button] Has onClick in props: false

      at log (src/components/ui/Button.tsx:27:13)

    console.log
      [Button] All props: {}

      at log (src/components/ui/Button.tsx:28:13)

    console.log
      [Button] Rendering with type: submit

      at log (src/components/ui/Button.tsx:25:13)

    console.log
      [Button] Props received: {
        variant: 'primary',
        size: 'lg',
        type: 'submit',
        loading: false,
        disabled: false
      }

      at log (src/components/ui/Button.tsx:26:13)

    console.log
      [Button] Has onClick in props: false

      at log (src/components/ui/Button.tsx:27:13)

    console.log
      [Button] All props: {}

      at log (src/components/ui/Button.tsx:28:13)

    console.log
      [Button] Rendering with type: submit

      at log (src/components/ui/Button.tsx:25:13)

    console.log
      [Button] Props received: {
        variant: 'primary',
        size: 'lg',
        type: 'submit',
        loading: false,
        disabled: false
      }

      at log (src/components/ui/Button.tsx:26:13)

    console.log
      [Button] Has onClick in props: false

      at log (src/components/ui/Button.tsx:27:13)

    console.log
      [Button] All props: {}

      at log (src/components/ui/Button.tsx:28:13)

    console.log
      [Button] Rendering with type: submit

      at log (src/components/ui/Button.tsx:25:13)

    console.log
      [Button] Props received: {
        variant: 'primary',
        size: 'lg',
        type: 'submit',
        loading: false,
        disabled: false
      }

      at log (src/components/ui/Button.tsx:26:13)

    console.log
      [Button] Has onClick in props: false

      at log (src/components/ui/Button.tsx:27:13)

    console.log
      [Button] All props: {}

      at log (src/components/ui/Button.tsx:28:13)

    console.log
      [Button] Rendering with type: submit

      at log (src/components/ui/Button.tsx:25:13)

    console.log
      [Button] Props received: {
        variant: 'primary',
        size: 'lg',
        type: 'submit',
        loading: false,
        disabled: false
      }

      at log (src/components/ui/Button.tsx:26:13)

    console.log
      [Button] Has onClick in props: false

      at log (src/components/ui/Button.tsx:27:13)

    console.log
      [Button] All props: {}

      at log (src/components/ui/Button.tsx:28:13)

    console.log
      [Button] Rendering with type: submit

      at log (src/components/ui/Button.tsx:25:13)

    console.log
      [Button] Props received: {
        variant: 'primary',
        size: 'lg',
        type: 'submit',
        loading: false,
        disabled: false
      }

      at log (src/components/ui/Button.tsx:26:13)

    console.log
      [Button] Has onClick in props: false

      at log (src/components/ui/Button.tsx:27:13)

    console.log
      [Button] All props: {}

      at log (src/components/ui/Button.tsx:28:13)

    console.log
      [Button] Rendering with type: submit

      at log (src/components/ui/Button.tsx:25:13)

    console.log
      [Button] Props received: {
        variant: 'primary',
        size: 'lg',
        type: 'submit',
        loading: false,
        disabled: false
      }

      at log (src/components/ui/Button.tsx:26:13)

    console.log
      [Button] Has onClick in props: false

      at log (src/components/ui/Button.tsx:27:13)

    console.log
      [Button] All props: {}

      at log (src/components/ui/Button.tsx:28:13)

    console.log
      [Button] Rendering with type: submit

      at log (src/components/ui/Button.tsx:25:13)

    console.log
      [Button] Props received: {
        variant: 'primary',
        size: 'lg',
        type: 'submit',
        loading: false,
        disabled: false
      }

      at log (src/components/ui/Button.tsx:26:13)

    console.log
      [Button] Has onClick in props: false

      at log (src/components/ui/Button.tsx:27:13)

    console.log
      [Button] All props: {}

      at log (src/components/ui/Button.tsx:28:13)

    console.log
      [Button] Rendering with type: submit

      at log (src/components/ui/Button.tsx:25:13)

    console.log
      [Button] Props received: {
        variant: 'primary',
        size: 'lg',
        type: 'submit',
        loading: false,
        disabled: false
      }

      at log (src/components/ui/Button.tsx:26:13)

    console.log
      [Button] Has onClick in props: false

      at log (src/components/ui/Button.tsx:27:13)

    console.log
      [Button] All props: {}

      at log (src/components/ui/Button.tsx:28:13)

    console.log
      [Button] Rendering with type: submit

      at log (src/components/ui/Button.tsx:25:13)

    console.log
      [Button] Props received: {
        variant: 'primary',
        size: 'lg',
        type: 'submit',
        loading: false,
        disabled: false
      }

      at log (src/components/ui/Button.tsx:26:13)

    console.log
      [Button] Has onClick in props: false

      at log (src/components/ui/Button.tsx:27:13)

    console.log
      [Button] All props: {}

      at log (src/components/ui/Button.tsx:28:13)

    console.log
      [Button] Rendering with type: submit

      at log (src/components/ui/Button.tsx:25:13)

    console.log
      [Button] Props received: {
        variant: 'primary',
        size: 'lg',
        type: 'submit',
        loading: false,
        disabled: false
      }

      at log (src/components/ui/Button.tsx:26:13)

    console.log
      [Button] Has onClick in props: false

      at log (src/components/ui/Button.tsx:27:13)

    console.log
      [Button] All props: {}

      at log (src/components/ui/Button.tsx:28:13)

    console.log
      [Button] Rendering with type: submit

      at log (src/components/ui/Button.tsx:25:13)

    console.log
      [Button] Props received: {
        variant: 'primary',
        size: 'lg',
        type: 'submit',
        loading: false,
        disabled: false
      }

      at log (src/components/ui/Button.tsx:26:13)

    console.log
      [Button] Has onClick in props: false

      at log (src/components/ui/Button.tsx:27:13)

    console.log
      [Button] All props: {}

      at log (src/components/ui/Button.tsx:28:13)

    console.log
      [Button] Rendering with type: submit

      at log (src/components/ui/Button.tsx:25:13)

    console.log
      [Button] Props received: {
        variant: 'primary',
        size: 'lg',
        type: 'submit',
        loading: false,
        disabled: false
      }

      at log (src/components/ui/Button.tsx:26:13)

    console.log
      [Button] Has onClick in props: false

      at log (src/components/ui/Button.tsx:27:13)

    console.log
      [Button] All props: {}

      at log (src/components/ui/Button.tsx:28:13)

    console.log
      [Button] Rendering with type: submit

      at log (src/components/ui/Button.tsx:25:13)

    console.log
      [Button] Props received: {
        variant: 'primary',
        size: 'lg',
        type: 'submit',
        loading: false,
        disabled: false
      }

      at log (src/components/ui/Button.tsx:26:13)

    console.log
      [Button] Has onClick in props: false

      at log (src/components/ui/Button.tsx:27:13)

    console.log
      [Button] All props: {}

      at log (src/components/ui/Button.tsx:28:13)

    console.log
      [Button] Rendering with type: submit

      at log (src/components/ui/Button.tsx:25:13)

    console.log
      [Button] Props received: {
        variant: 'primary',
        size: 'lg',
        type: 'submit',
        loading: false,
        disabled: false
      }

      at log (src/components/ui/Button.tsx:26:13)

    console.log
      [Button] Has onClick in props: false

      at log (src/components/ui/Button.tsx:27:13)

    console.log
      [Button] All props: {}

      at log (src/components/ui/Button.tsx:28:13)

    console.log
      [Button] Rendering with type: submit

      at log (src/components/ui/Button.tsx:25:13)

    console.log
      [Button] Props received: {
        variant: 'primary',
        size: 'lg',
        type: 'submit',
        loading: false,
        disabled: false
      }

      at log (src/components/ui/Button.tsx:26:13)

    console.log
      [Button] Has onClick in props: false

      at log (src/components/ui/Button.tsx:27:13)

    console.log
      [Button] All props: {}

      at log (src/components/ui/Button.tsx:28:13)

    console.log
      [Button] Rendering with type: submit

      at log (src/components/ui/Button.tsx:25:13)

    console.log
      [Button] Props received: {
        variant: 'primary',
        size: 'lg',
        type: 'submit',
        loading: false,
        disabled: false
      }

      at log (src/components/ui/Button.tsx:26:13)

    console.log
      [Button] Has onClick in props: false

      at log (src/components/ui/Button.tsx:27:13)

    console.log
      [Button] All props: {}

      at log (src/components/ui/Button.tsx:28:13)

    console.log
      [Button] Rendering with type: submit

      at log (src/components/ui/Button.tsx:25:13)

    console.log
      [Button] Props received: {
        variant: 'primary',
        size: 'lg',
        type: 'submit',
        loading: false,
        disabled: false
      }

      at log (src/components/ui/Button.tsx:26:13)

    console.log
      [Button] Has onClick in props: false

      at log (src/components/ui/Button.tsx:27:13)

    console.log
      [Button] All props: {}

      at log (src/components/ui/Button.tsx:28:13)

    console.log
      [Button] Rendering with type: submit

      at log (src/components/ui/Button.tsx:25:13)

    console.log
      [Button] Props received: {
        variant: 'primary',
        size: 'lg',
        type: 'submit',
        loading: false,
        disabled: false
      }

      at log (src/components/ui/Button.tsx:26:13)

    console.log
      [Button] Has onClick in props: false

      at log (src/components/ui/Button.tsx:27:13)

    console.log
      [Button] All props: {}

      at log (src/components/ui/Button.tsx:28:13)

    console.log
      [Button] Rendering with type: submit

      at log (src/components/ui/Button.tsx:25:13)

    console.log
      [Button] Props received: {
        variant: 'primary',
        size: 'lg',
        type: 'submit',
        loading: false,
        disabled: false
      }

      at log (src/components/ui/Button.tsx:26:13)

    console.log
      [Button] Has onClick in props: false

      at log (src/components/ui/Button.tsx:27:13)

    console.log
      [Button] All props: {}

      at log (src/components/ui/Button.tsx:28:13)

    console.log
      [Button] Rendering with type: submit

      at log (src/components/ui/Button.tsx:25:13)

    console.log
      [Button] Props received: {
        variant: 'primary',
        size: 'lg',
        type: 'submit',
        loading: false,
        disabled: false
      }

      at log (src/components/ui/Button.tsx:26:13)

    console.log
      [Button] Has onClick in props: false

      at log (src/components/ui/Button.tsx:27:13)

    console.log
      [Button] All props: {}

      at log (src/components/ui/Button.tsx:28:13)

    console.log
      [Button] Rendering with type: submit

      at log (src/components/ui/Button.tsx:25:13)

    console.log
      [Button] Props received: {
        variant: 'primary',
        size: 'lg',
        type: 'submit',
        loading: false,
        disabled: false
      }

      at log (src/components/ui/Button.tsx:26:13)

    console.log
      [Button] Has onClick in props: false

      at log (src/components/ui/Button.tsx:27:13)

    console.log
      [Button] All props: {}

      at log (src/components/ui/Button.tsx:28:13)

    console.log
      [Button] Rendering with type: submit

      at log (src/components/ui/Button.tsx:25:13)

    console.log
      [Button] Props received: {
        variant: 'primary',
        size: 'lg',
        type: 'submit',
        loading: false,
        disabled: false
      }

      at log (src/components/ui/Button.tsx:26:13)

    console.log
      [Button] Has onClick in props: false

      at log (src/components/ui/Button.tsx:27:13)

    console.log
      [Button] All props: {}

      at log (src/components/ui/Button.tsx:28:13)

    console.log
      [Button] Rendering with type: submit

      at log (src/components/ui/Button.tsx:25:13)

    console.log
      [Button] Props received: {
        variant: 'primary',
        size: 'lg',
        type: 'submit',
        loading: false,
        disabled: false
      }

      at log (src/components/ui/Button.tsx:26:13)

    console.log
      [Button] Has onClick in props: false

      at log (src/components/ui/Button.tsx:27:13)

    console.log
      [Button] All props: {}

      at log (src/components/ui/Button.tsx:28:13)

    console.log
      [Button] Rendering with type: submit

      at log (src/components/ui/Button.tsx:25:13)

    console.log
      [Button] Props received: {
        variant: 'primary',
        size: 'lg',
        type: 'submit',
        loading: false,
        disabled: false
      }

      at log (src/components/ui/Button.tsx:26:13)

    console.log
      [Button] Has onClick in props: false

      at log (src/components/ui/Button.tsx:27:13)

    console.log
      [Button] All props: {}

      at log (src/components/ui/Button.tsx:28:13)

    console.log
      [Button] Rendering with type: submit

      at log (src/components/ui/Button.tsx:25:13)

    console.log
      [Button] Props received: {
        variant: 'primary',
        size: 'lg',
        type: 'submit',
        loading: false,
        disabled: false
      }

      at log (src/components/ui/Button.tsx:26:13)

    console.log
      [Button] Has onClick in props: false

      at log (src/components/ui/Button.tsx:27:13)

    console.log
      [Button] All props: {}

      at log (src/components/ui/Button.tsx:28:13)

    console.log
      [Button] Rendering with type: submit

      at log (src/components/ui/Button.tsx:25:13)

    console.log
      [Button] Props received: {
        variant: 'primary',
        size: 'lg',
        type: 'submit',
        loading: false,
        disabled: false
      }

      at log (src/components/ui/Button.tsx:26:13)

    console.log
      [Button] Has onClick in props: false

      at log (src/components/ui/Button.tsx:27:13)

    console.log
      [Button] All props: {}

      at log (src/components/ui/Button.tsx:28:13)

    console.log
      [Button] Rendering with type: submit

      at log (src/components/ui/Button.tsx:25:13)

    console.log
      [Button] Props received: {
        variant: 'primary',
        size: 'lg',
        type: 'submit',
        loading: false,
        disabled: false
      }

      at log (src/components/ui/Button.tsx:26:13)

    console.log
      [Button] Has onClick in props: false

      at log (src/components/ui/Button.tsx:27:13)

    console.log
      [Button] All props: {}

      at log (src/components/ui/Button.tsx:28:13)

    console.log
      [Button] Rendering with type: submit

      at log (src/components/ui/Button.tsx:25:13)

    console.log
      [Button] Props received: {
        variant: 'primary',
        size: 'lg',
        type: 'submit',
        loading: false,
        disabled: false
      }

      at log (src/components/ui/Button.tsx:26:13)

    console.log
      [Button] Has onClick in props: false

      at log (src/components/ui/Button.tsx:27:13)

    console.log
      [Button] All props: {}

      at log (src/components/ui/Button.tsx:28:13)

    console.log
      [Button] Rendering with type: submit

      at log (src/components/ui/Button.tsx:25:13)

    console.log
      [Button] Props received: {
        variant: 'primary',
        size: 'lg',
        type: 'submit',
        loading: false,
        disabled: false
      }

      at log (src/components/ui/Button.tsx:26:13)

    console.log
      [Button] Has onClick in props: false

      at log (src/components/ui/Button.tsx:27:13)

    console.log
      [Button] All props: {}

      at log (src/components/ui/Button.tsx:28:13)

    console.log
      [Button] Rendering with type: submit

      at log (src/components/ui/Button.tsx:25:13)

    console.log
      [Button] Props received: {
        variant: 'primary',
        size: 'lg',
        type: 'submit',
        loading: false,
        disabled: false
      }

      at log (src/components/ui/Button.tsx:26:13)

    console.log
      [Button] Has onClick in props: false

      at log (src/components/ui/Button.tsx:27:13)

    console.log
      [Button] All props: {}

      at log (src/components/ui/Button.tsx:28:13)

    console.log
      [Button] Rendering with type: submit

      at log (src/components/ui/Button.tsx:25:13)

    console.log
      [Button] Props received: {
        variant: 'primary',
        size: 'lg',
        type: 'submit',
        loading: false,
        disabled: false
      }

      at log (src/components/ui/Button.tsx:26:13)

    console.log
      [Button] Has onClick in props: false

      at log (src/components/ui/Button.tsx:27:13)

    console.log
      [Button] All props: {}

      at log (src/components/ui/Button.tsx:28:13)

    console.log
      [Button] Rendering with type: submit

      at log (src/components/ui/Button.tsx:25:13)

    console.log
      [Button] Props received: {
        variant: 'primary',
        size: 'lg',
        type: 'submit',
        loading: false,
        disabled: false
      }

      at log (src/components/ui/Button.tsx:26:13)

    console.log
      [Button] Has onClick in props: false

      at log (src/components/ui/Button.tsx:27:13)

    console.log
      [Button] All props: {}

      at log (src/components/ui/Button.tsx:28:13)

    console.log
      [Button] Rendering with type: submit

      at log (src/components/ui/Button.tsx:25:13)

    console.log
      [Button] Props received: {
        variant: 'primary',
        size: 'lg',
        type: 'submit',
        loading: false,
        disabled: false
      }

      at log (src/components/ui/Button.tsx:26:13)

    console.log
      [Button] Has onClick in props: false

      at log (src/components/ui/Button.tsx:27:13)

    console.log
      [Button] All props: {}

      at log (src/components/ui/Button.tsx:28:13)

    console.log
      [Button] Rendering with type: submit

      at log (src/components/ui/Button.tsx:25:13)

    console.log
      [Button] Props received: {
        variant: 'primary',
        size: 'lg',
        type: 'submit',
        loading: false,
        disabled: false
      }

      at log (src/components/ui/Button.tsx:26:13)

    console.log
      [Button] Has onClick in props: false

      at log (src/components/ui/Button.tsx:27:13)

    console.log
      [Button] All props: {}

      at log (src/components/ui/Button.tsx:28:13)

    console.log
      [Button] Rendering with type: submit

      at log (src/components/ui/Button.tsx:25:13)

    console.log
      [Button] Props received: {
        variant: 'primary',
        size: 'lg',
        type: 'submit',
        loading: false,
        disabled: false
      }

      at log (src/components/ui/Button.tsx:26:13)

    console.log
      [Button] Has onClick in props: false

      at log (src/components/ui/Button.tsx:27:13)

    console.log
      [Button] All props: {}

      at log (src/components/ui/Button.tsx:28:13)

    console.log
      [Button] Rendering with type: submit

      at log (src/components/ui/Button.tsx:25:13)

    console.log
      [Button] Props received: {
        variant: 'primary',
        size: 'lg',
        type: 'submit',
        loading: false,
        disabled: false
      }

      at log (src/components/ui/Button.tsx:26:13)

    console.log
      [Button] Has onClick in props: false

      at log (src/components/ui/Button.tsx:27:13)

    console.log
      [Button] All props: {}

      at log (src/components/ui/Button.tsx:28:13)

    console.log
      [Button] Rendering with type: submit

      at log (src/components/ui/Button.tsx:25:13)

    console.log
      [Button] Props received: {
        variant: 'primary',
        size: 'lg',
        type: 'submit',
        loading: false,
        disabled: false
      }

      at log (src/components/ui/Button.tsx:26:13)

    console.log
      [Button] Has onClick in props: false

      at log (src/components/ui/Button.tsx:27:13)

    console.log
      [Button] All props: {}

      at log (src/components/ui/Button.tsx:28:13)

    console.log
      [Button] Rendering with type: submit

      at log (src/components/ui/Button.tsx:25:13)

    console.log
      [Button] Props received: {
        variant: 'primary',
        size: 'lg',
        type: 'submit',
        loading: false,
        disabled: false
      }

      at log (src/components/ui/Button.tsx:26:13)

    console.log
      [Button] Has onClick in props: false

      at log (src/components/ui/Button.tsx:27:13)

    console.log
      [Button] All props: {}

      at log (src/components/ui/Button.tsx:28:13)

    console.log
      [Button] Rendering with type: submit

      at log (src/components/ui/Button.tsx:25:13)

    console.log
      [Button] Props received: {
        variant: 'primary',
        size: 'lg',
        type: 'submit',
        loading: false,
        disabled: false
      }

      at log (src/components/ui/Button.tsx:26:13)

    console.log
      [Button] Has onClick in props: false

      at log (src/components/ui/Button.tsx:27:13)

    console.log
      [Button] All props: {}

      at log (src/components/ui/Button.tsx:28:13)

    console.log
      [Button] Rendering with type: submit

      at log (src/components/ui/Button.tsx:25:13)

    console.log
      [Button] Props received: {
        variant: 'primary',
        size: 'lg',
        type: 'submit',
        loading: false,
        disabled: false
      }

      at log (src/components/ui/Button.tsx:26:13)

    console.log
      [Button] Has onClick in props: false

      at log (src/components/ui/Button.tsx:27:13)

    console.log
      [Button] All props: {}

      at log (src/components/ui/Button.tsx:28:13)

    console.log
      [Button] Rendering with type: submit

      at log (src/components/ui/Button.tsx:25:13)

    console.log
      [Button] Props received: {
        variant: 'primary',
        size: 'lg',
        type: 'submit',
        loading: false,
        disabled: false
      }

      at log (src/components/ui/Button.tsx:26:13)

    console.log
      [Button] Has onClick in props: false

      at log (src/components/ui/Button.tsx:27:13)

    console.log
      [Button] All props: {}

      at log (src/components/ui/Button.tsx:28:13)

    console.log
      [Button] Rendering with type: submit

      at log (src/components/ui/Button.tsx:25:13)

    console.log
      [Button] Props received: {
        variant: 'primary',
        size: 'lg',
        type: 'submit',
        loading: false,
        disabled: false
      }

      at log (src/components/ui/Button.tsx:26:13)

    console.log
      [Button] Has onClick in props: false

      at log (src/components/ui/Button.tsx:27:13)

    console.log
      [Button] All props: {}

      at log (src/components/ui/Button.tsx:28:13)

    console.log
      [Button] Rendering with type: submit

      at log (src/components/ui/Button.tsx:25:13)

    console.log
      [Button] Props received: {
        variant: 'primary',
        size: 'lg',
        type: 'submit',
        loading: false,
        disabled: false
      }

      at log (src/components/ui/Button.tsx:26:13)

    console.log
      [Button] Has onClick in props: false

      at log (src/components/ui/Button.tsx:27:13)

    console.log
      [Button] All props: {}

      at log (src/components/ui/Button.tsx:28:13)

    console.log
      [Button] Rendering with type: submit

      at log (src/components/ui/Button.tsx:25:13)

    console.log
      [Button] Props received: {
        variant: 'primary',
        size: 'lg',
        type: 'submit',
        loading: false,
        disabled: false
      }

      at log (src/components/ui/Button.tsx:26:13)

    console.log
      [Button] Has onClick in props: false

      at log (src/components/ui/Button.tsx:27:13)

    console.log
      [Button] All props: {}

      at log (src/components/ui/Button.tsx:28:13)

    console.log
      [Button] Rendering with type: submit

      at log (src/components/ui/Button.tsx:25:13)

    console.log
      [Button] Props received: {
        variant: 'primary',
        size: 'lg',
        type: 'submit',
        loading: false,
        disabled: false
      }

      at log (src/components/ui/Button.tsx:26:13)

    console.log
      [Button] Has onClick in props: false

      at log (src/components/ui/Button.tsx:27:13)

    console.log
      [Button] All props: {}

      at log (src/components/ui/Button.tsx:28:13)

    console.log
      [Button] Rendering with type: submit

      at log (src/components/ui/Button.tsx:25:13)

    console.log
      [Button] Props received: {
        variant: 'primary',
        size: 'lg',
        type: 'submit',
        loading: false,
        disabled: false
      }

      at log (src/components/ui/Button.tsx:26:13)

    console.log
      [Button] Has onClick in props: false

      at log (src/components/ui/Button.tsx:27:13)

    console.log
      [Button] All props: {}

      at log (src/components/ui/Button.tsx:28:13)

    console.log
      [Button] Rendering with type: submit

      at log (src/components/ui/Button.tsx:25:13)

    console.log
      [Button] Props received: {
        variant: 'primary',
        size: 'lg',
        type: 'submit',
        loading: false,
        disabled: false
      }

      at log (src/components/ui/Button.tsx:26:13)

    console.log
      [Button] Has onClick in props: false

      at log (src/components/ui/Button.tsx:27:13)

    console.log
      [Button] All props: {}

      at log (src/components/ui/Button.tsx:28:13)

    console.log
      [Button] Rendering with type: submit

      at log (src/components/ui/Button.tsx:25:13)

    console.log
      [Button] Props received: {
        variant: 'primary',
        size: 'lg',
        type: 'submit',
        loading: false,
        disabled: false
      }

      at log (src/components/ui/Button.tsx:26:13)

    console.log
      [Button] Has onClick in props: false

      at log (src/components/ui/Button.tsx:27:13)

    console.log
      [Button] All props: {}

      at log (src/components/ui/Button.tsx:28:13)

    console.log
      [Button] Rendering with type: submit

      at log (src/components/ui/Button.tsx:25:13)

    console.log
      [Button] Props received: {
        variant: 'primary',
        size: 'lg',
        type: 'submit',
        loading: false,
        disabled: false
      }

      at log (src/components/ui/Button.tsx:26:13)

    console.log
      [Button] Has onClick in props: false

      at log (src/components/ui/Button.tsx:27:13)

    console.log
      [Button] All props: {}

      at log (src/components/ui/Button.tsx:28:13)

    console.log
      [Button] Rendering with type: submit

      at log (src/components/ui/Button.tsx:25:13)

    console.log
      [Button] Props received: {
        variant: 'primary',
        size: 'lg',
        type: 'submit',
        loading: false,
        disabled: false
      }

      at log (src/components/ui/Button.tsx:26:13)

    console.log
      [Button] Has onClick in props: false

      at log (src/components/ui/Button.tsx:27:13)

    console.log
      [Button] All props: {}

      at log (src/components/ui/Button.tsx:28:13)

    console.log
      [Button] Rendering with type: submit

      at log (src/components/ui/Button.tsx:25:13)

    console.log
      [Button] Props received: {
        variant: 'primary',
        size: 'lg',
        type: 'submit',
        loading: false,
        disabled: false
      }

      at log (src/components/ui/Button.tsx:26:13)

    console.log
      [Button] Has onClick in props: false

      at log (src/components/ui/Button.tsx:27:13)

    console.log
      [Button] All props: {}

      at log (src/components/ui/Button.tsx:28:13)

    console.log
      [Button] Rendering with type: submit

      at log (src/components/ui/Button.tsx:25:13)

    console.log
      [Button] Props received: {
        variant: 'primary',
        size: 'lg',
        type: 'submit',
        loading: false,
        disabled: false
      }

      at log (src/components/ui/Button.tsx:26:13)

    console.log
      [Button] Has onClick in props: false

      at log (src/components/ui/Button.tsx:27:13)

    console.log
      [Button] All props: {}

      at log (src/components/ui/Button.tsx:28:13)

    console.log
      [Button] Rendering with type: submit

      at log (src/components/ui/Button.tsx:25:13)

    console.log
      [Button] Props received: {
        variant: 'primary',
        size: 'lg',
        type: 'submit',
        loading: false,
        disabled: false
      }

      at log (src/components/ui/Button.tsx:26:13)

    console.log
      [Button] Has onClick in props: false

      at log (src/components/ui/Button.tsx:27:13)

    console.log
      [Button] All props: {}

      at log (src/components/ui/Button.tsx:28:13)

    console.log
      [Button] Rendering with type: submit

      at log (src/components/ui/Button.tsx:25:13)

    console.log
      [Button] Props received: {
        variant: 'primary',
        size: 'lg',
        type: 'submit',
        loading: false,
        disabled: false
      }

      at log (src/components/ui/Button.tsx:26:13)

    console.log
      [Button] Has onClick in props: false

      at log (src/components/ui/Button.tsx:27:13)

    console.log
      [Button] All props: {}

      at log (src/components/ui/Button.tsx:28:13)

    console.log
      [Button] Rendering with type: submit

      at log (src/components/ui/Button.tsx:25:13)

    console.log
      [Button] Props received: {
        variant: 'primary',
        size: 'lg',
        type: 'submit',
        loading: false,
        disabled: false
      }

      at log (src/components/ui/Button.tsx:26:13)

    console.log
      [Button] Has onClick in props: false

      at log (src/components/ui/Button.tsx:27:13)

    console.log
      [Button] All props: {}

      at log (src/components/ui/Button.tsx:28:13)

    console.log
      [Button] Rendering with type: submit

      at log (src/components/ui/Button.tsx:25:13)

    console.log
      [Button] Props received: {
        variant: 'primary',
        size: 'lg',
        type: 'submit',
        loading: false,
        disabled: false
      }

      at log (src/components/ui/Button.tsx:26:13)

    console.log
      [Button] Has onClick in props: false

      at log (src/components/ui/Button.tsx:27:13)

    console.log
      [Button] All props: {}

      at log (src/components/ui/Button.tsx:28:13)

    console.log
      [Button] Rendering with type: submit

      at log (src/components/ui/Button.tsx:25:13)

    console.log
      [Button] Props received: {
        variant: 'primary',
        size: 'lg',
        type: 'submit',
        loading: false,
        disabled: false
      }

      at log (src/components/ui/Button.tsx:26:13)

    console.log
      [Button] Has onClick in props: false

      at log (src/components/ui/Button.tsx:27:13)

    console.log
      [Button] All props: {}

      at log (src/components/ui/Button.tsx:28:13)

    console.log
      [Button] Rendering with type: submit

      at log (src/components/ui/Button.tsx:25:13)

    console.log
      [Button] Props received: {
        variant: 'primary',
        size: 'lg',
        type: 'submit',
        loading: false,
        disabled: false
      }

      at log (src/components/ui/Button.tsx:26:13)

    console.log
      [Button] Has onClick in props: false

      at log (src/components/ui/Button.tsx:27:13)

    console.log
      [Button] All props: {}

      at log (src/components/ui/Button.tsx:28:13)

    console.log
      [Button] Rendering with type: submit

      at log (src/components/ui/Button.tsx:25:13)

    console.log
      [Button] Props received: {
        variant: 'primary',
        size: 'lg',
        type: 'submit',
        loading: false,
        disabled: false
      }

      at log (src/components/ui/Button.tsx:26:13)

    console.log
      [Button] Has onClick in props: false

      at log (src/components/ui/Button.tsx:27:13)

    console.log
      [Button] All props: {}

      at log (src/components/ui/Button.tsx:28:13)

    console.log
      [Button] Rendering with type: submit

      at log (src/components/ui/Button.tsx:25:13)

    console.log
      [Button] Props received: {
        variant: 'primary',
        size: 'lg',
        type: 'submit',
        loading: false,
        disabled: false
      }

      at log (src/components/ui/Button.tsx:26:13)

    console.log
      [Button] Has onClick in props: false

      at log (src/components/ui/Button.tsx:27:13)

    console.log
      [Button] All props: {}

      at log (src/components/ui/Button.tsx:28:13)

    console.log
      [Button] Rendering with type: submit

      at log (src/components/ui/Button.tsx:25:13)

    console.log
      [Button] Props received: {
        variant: 'primary',
        size: 'lg',
        type: 'submit',
        loading: false,
        disabled: false
      }

      at log (src/components/ui/Button.tsx:26:13)

    console.log
      [Button] Has onClick in props: false

      at log (src/components/ui/Button.tsx:27:13)

    console.log
      [Button] All props: {}

      at log (src/components/ui/Button.tsx:28:13)

    console.log
      [Button] Rendering with type: submit

      at log (src/components/ui/Button.tsx:25:13)

    console.log
      [Button] Props received: {
        variant: 'primary',
        size: 'lg',
        type: 'submit',
        loading: false,
        disabled: false
      }

      at log (src/components/ui/Button.tsx:26:13)

    console.log
      [Button] Has onClick in props: false

      at log (src/components/ui/Button.tsx:27:13)

    console.log
      [Button] All props: {}

      at log (src/components/ui/Button.tsx:28:13)

    console.log
      [Button] Rendering with type: submit

      at log (src/components/ui/Button.tsx:25:13)

    console.log
      [Button] Props received: {
        variant: 'primary',
        size: 'lg',
        type: 'submit',
        loading: false,
        disabled: false
      }

      at log (src/components/ui/Button.tsx:26:13)

    console.log
      [Button] Has onClick in props: false

      at log (src/components/ui/Button.tsx:27:13)

    console.log
      [Button] All props: {}

      at log (src/components/ui/Button.tsx:28:13)

    console.log
      [Button] Rendering with type: submit

      at log (src/components/ui/Button.tsx:25:13)

    console.log
      [Button] Props received: {
        variant: 'primary',
        size: 'lg',
        type: 'submit',
        loading: false,
        disabled: false
      }

      at log (src/components/ui/Button.tsx:26:13)

    console.log
      [Button] Has onClick in props: false

      at log (src/components/ui/Button.tsx:27:13)

    console.log
      [Button] All props: {}

      at log (src/components/ui/Button.tsx:28:13)

    console.log
      [Button] Rendering with type: submit

      at log (src/components/ui/Button.tsx:25:13)

    console.log
      [Button] Props received: {
        variant: 'primary',
        size: 'lg',
        type: 'submit',
        loading: false,
        disabled: false
      }

      at log (src/components/ui/Button.tsx:26:13)

    console.log
      [Button] Has onClick in props: false

      at log (src/components/ui/Button.tsx:27:13)

    console.log
      [Button] All props: {}

      at log (src/components/ui/Button.tsx:28:13)

    console.log
      [Button] Rendering with type: submit

      at log (src/components/ui/Button.tsx:25:13)

    console.log
      [Button] Props received: {
        variant: 'primary',
        size: 'lg',
        type: 'submit',
        loading: false,
        disabled: false
      }

      at log (src/components/ui/Button.tsx:26:13)

    console.log
      [Button] Has onClick in props: false

      at log (src/components/ui/Button.tsx:27:13)

    console.log
      [Button] All props: {}

      at log (src/components/ui/Button.tsx:28:13)

    console.log
      [Button] Rendering with type: submit

      at log (src/components/ui/Button.tsx:25:13)

    console.log
      [Button] Props received: {
        variant: 'primary',
        size: 'lg',
        type: 'submit',
        loading: false,
        disabled: false
      }

      at log (src/components/ui/Button.tsx:26:13)

    console.log
      [Button] Has onClick in props: false

      at log (src/components/ui/Button.tsx:27:13)

    console.log
      [Button] All props: {}

      at log (src/components/ui/Button.tsx:28:13)

    console.log
      [Button] Rendering with type: submit

      at log (src/components/ui/Button.tsx:25:13)

    console.log
      [Button] Props received: {
        variant: 'primary',
        size: 'lg',
        type: 'submit',
        loading: false,
        disabled: false
      }

      at log (src/components/ui/Button.tsx:26:13)

    console.log
      [Button] Has onClick in props: false

      at log (src/components/ui/Button.tsx:27:13)

    console.log
      [Button] All props: {}

      at log (src/components/ui/Button.tsx:28:13)

    console.log
      [Button] Rendering with type: submit

      at log (src/components/ui/Button.tsx:25:13)

    console.log
      [Button] Props received: {
        variant: 'primary',
        size: 'lg',
        type: 'submit',
        loading: false,
        disabled: false
      }

      at log (src/components/ui/Button.tsx:26:13)

    console.log
      [Button] Has onClick in props: false

      at log (src/components/ui/Button.tsx:27:13)

    console.log
      [Button] All props: {}

      at log (src/components/ui/Button.tsx:28:13)

    console.log
      [Button] Rendering with type: submit

      at log (src/components/ui/Button.tsx:25:13)

    console.log
      [Button] Props received: {
        variant: 'primary',
        size: 'lg',
        type: 'submit',
        loading: false,
        disabled: false
      }

      at log (src/components/ui/Button.tsx:26:13)

    console.log
      [Button] Has onClick in props: false

      at log (src/components/ui/Button.tsx:27:13)

    console.log
      [Button] All props: {}

      at log (src/components/ui/Button.tsx:28:13)

    console.log
      [Button] Rendering with type: submit

      at log (src/components/ui/Button.tsx:25:13)

    console.log
      [Button] Props received: {
        variant: 'primary',
        size: 'lg',
        type: 'submit',
        loading: false,
        disabled: false
      }

      at log (src/components/ui/Button.tsx:26:13)

    console.log
      [Button] Has onClick in props: false

      at log (src/components/ui/Button.tsx:27:13)

    console.log
      [Button] All props: {}

      at log (src/components/ui/Button.tsx:28:13)

    console.log
      [Button] Rendering with type: submit

      at log (src/components/ui/Button.tsx:25:13)

    console.log
      [Button] Props received: {
        variant: 'primary',
        size: 'lg',
        type: 'submit',
        loading: false,
        disabled: false
      }

      at log (src/components/ui/Button.tsx:26:13)

    console.log
      [Button] Has onClick in props: false

      at log (src/components/ui/Button.tsx:27:13)

    console.log
      [Button] All props: {}

      at log (src/components/ui/Button.tsx:28:13)

    console.log
      [Button] Rendering with type: submit

      at log (src/components/ui/Button.tsx:25:13)

    console.log
      [Button] Props received: {
        variant: 'primary',
        size: 'lg',
        type: 'submit',
        loading: false,
        disabled: false
      }

      at log (src/components/ui/Button.tsx:26:13)

    console.log
      [Button] Has onClick in props: false

      at log (src/components/ui/Button.tsx:27:13)

    console.log
      [Button] All props: {}

      at log (src/components/ui/Button.tsx:28:13)

    console.log
      [Button] Rendering with type: submit

      at log (src/components/ui/Button.tsx:25:13)

    console.log
      [Button] Props received: {
        variant: 'primary',
        size: 'lg',
        type: 'submit',
        loading: false,
        disabled: false
      }

      at log (src/components/ui/Button.tsx:26:13)

    console.log
      [Button] Has onClick in props: false

      at log (src/components/ui/Button.tsx:27:13)

    console.log
      [Button] All props: {}

      at log (src/components/ui/Button.tsx:28:13)

    console.log
      [Button] Rendering with type: submit

      at log (src/components/ui/Button.tsx:25:13)

    console.log
      [Button] Props received: {
        variant: 'primary',
        size: 'lg',
        type: 'submit',
        loading: false,
        disabled: false
      }

      at log (src/components/ui/Button.tsx:26:13)

    console.log
      [Button] Has onClick in props: false

      at log (src/components/ui/Button.tsx:27:13)

    console.log
      [Button] All props: {}

      at log (src/components/ui/Button.tsx:28:13)

    console.log
      [Button] Rendering with type: submit

      at log (src/components/ui/Button.tsx:25:13)

    console.log
      [Button] Props received: {
        variant: 'primary',
        size: 'lg',
        type: 'submit',
        loading: false,
        disabled: false
      }

      at log (src/components/ui/Button.tsx:26:13)

    console.log
      [Button] Has onClick in props: false

      at log (src/components/ui/Button.tsx:27:13)

    console.log
      [Button] All props: {}

      at log (src/components/ui/Button.tsx:28:13)

    console.log
      [Button] Rendering with type: submit

      at log (src/components/ui/Button.tsx:25:13)

    console.log
      [Button] Props received: {
        variant: 'primary',
        size: 'lg',
        type: 'submit',
        loading: false,
        disabled: false
      }

      at log (src/components/ui/Button.tsx:26:13)

    console.log
      [Button] Has onClick in props: false

      at log (src/components/ui/Button.tsx:27:13)

    console.log
      [Button] All props: {}

      at log (src/components/ui/Button.tsx:28:13)

    console.log
      [Button] Rendering with type: submit

      at log (src/components/ui/Button.tsx:25:13)

    console.log
      [Button] Props received: {
        variant: 'primary',
        size: 'lg',
        type: 'submit',
        loading: false,
        disabled: false
      }

      at log (src/components/ui/Button.tsx:26:13)

    console.log
      [Button] Has onClick in props: false

      at log (src/components/ui/Button.tsx:27:13)

    console.log
      [Button] All props: {}

      at log (src/components/ui/Button.tsx:28:13)

    console.log
      [Button] Rendering with type: submit

      at log (src/components/ui/Button.tsx:25:13)

    console.log
      [Button] Props received: {
        variant: 'primary',
        size: 'lg',
        type: 'submit',
        loading: false,
        disabled: false
      }

      at log (src/components/ui/Button.tsx:26:13)

    console.log
      [Button] Has onClick in props: false

      at log (src/components/ui/Button.tsx:27:13)

    console.log
      [Button] All props: {}

      at log (src/components/ui/Button.tsx:28:13)

    console.log
      [Button] Rendering with type: submit

      at log (src/components/ui/Button.tsx:25:13)

    console.log
      [Button] Props received: {
        variant: 'primary',
        size: 'lg',
        type: 'submit',
        loading: false,
        disabled: false
      }

      at log (src/components/ui/Button.tsx:26:13)

    console.log
      [Button] Has onClick in props: false

      at log (src/components/ui/Button.tsx:27:13)

    console.log
      [Button] All props: {}

      at log (src/components/ui/Button.tsx:28:13)

    console.log
      [Button] Rendering with type: submit

      at log (src/components/ui/Button.tsx:25:13)

    console.log
      [Button] Props received: {
        variant: 'primary',
        size: 'lg',
        type: 'submit',
        loading: false,
        disabled: false
      }

      at log (src/components/ui/Button.tsx:26:13)

    console.log
      [Button] Has onClick in props: false

      at log (src/components/ui/Button.tsx:27:13)

    console.log
      [Button] All props: {}

      at log (src/components/ui/Button.tsx:28:13)

    console.log
      [Button] Rendering with type: submit

      at log (src/components/ui/Button.tsx:25:13)

    console.log
      [Button] Props received: {
        variant: 'primary',
        size: 'lg',
        type: 'submit',
        loading: false,
        disabled: false
      }

      at log (src/components/ui/Button.tsx:26:13)

    console.log
      [Button] Has onClick in props: false

      at log (src/components/ui/Button.tsx:27:13)

    console.log
      [Button] All props: {}

      at log (src/components/ui/Button.tsx:28:13)

    console.log
      [Button] Rendering with type: submit

      at log (src/components/ui/Button.tsx:25:13)

    console.log
      [Button] Props received: {
        variant: 'primary',
        size: 'lg',
        type: 'submit',
        loading: false,
        disabled: false
      }

      at log (src/components/ui/Button.tsx:26:13)

    console.log
      [Button] Has onClick in props: false

      at log (src/components/ui/Button.tsx:27:13)

    console.log
      [Button] All props: {}

      at log (src/components/ui/Button.tsx:28:13)

    console.log
      [Button] Rendering with type: submit

      at log (src/components/ui/Button.tsx:25:13)

    console.log
      [Button] Props received: {
        variant: 'primary',
        size: 'lg',
        type: 'submit',
        loading: false,
        disabled: false
      }

      at log (src/components/ui/Button.tsx:26:13)

    console.log
      [Button] Has onClick in props: false

      at log (src/components/ui/Button.tsx:27:13)

    console.log
      [Button] All props: {}

      at log (src/components/ui/Button.tsx:28:13)

    console.log
      [Button] Rendering with type: submit

      at log (src/components/ui/Button.tsx:25:13)

    console.log
      [Button] Props received: {
        variant: 'primary',
        size: 'lg',
        type: 'submit',
        loading: false,
        disabled: false
      }

      at log (src/components/ui/Button.tsx:26:13)

    console.log
      [Button] Has onClick in props: false

      at log (src/components/ui/Button.tsx:27:13)

    console.log
      [Button] All props: {}

      at log (src/components/ui/Button.tsx:28:13)

    console.log
      [Button] Rendering with type: submit

      at log (src/components/ui/Button.tsx:25:13)

    console.log
      [Button] Props received: {
        variant: 'primary',
        size: 'lg',
        type: 'submit',
        loading: false,
        disabled: false
      }

      at log (src/components/ui/Button.tsx:26:13)

    console.log
      [Button] Has onClick in props: false

      at log (src/components/ui/Button.tsx:27:13)

    console.log
      [Button] All props: {}

      at log (src/components/ui/Button.tsx:28:13)

    console.log
      [Button] Rendering with type: submit

      at log (src/components/ui/Button.tsx:25:13)

    console.log
      [Button] Props received: {
        variant: 'primary',
        size: 'lg',
        type: 'submit',
        loading: false,
        disabled: false
      }

      at log (src/components/ui/Button.tsx:26:13)

    console.log
      [Button] Has onClick in props: false

      at log (src/components/ui/Button.tsx:27:13)

    console.log
      [Button] All props: {}

      at log (src/components/ui/Button.tsx:28:13)

    console.log
      [Button] Rendering with type: submit

      at log (src/components/ui/Button.tsx:25:13)

    console.log
      [Button] Props received: {
        variant: 'primary',
        size: 'lg',
        type: 'submit',
        loading: false,
        disabled: false
      }

      at log (src/components/ui/Button.tsx:26:13)

    console.log
      [Button] Has onClick in props: false

      at log (src/components/ui/Button.tsx:27:13)

    console.log
      [Button] All props: {}

      at log (src/components/ui/Button.tsx:28:13)

    console.log
      [Button] Rendering with type: submit

      at log (src/components/ui/Button.tsx:25:13)

    console.log
      [Button] Props received: {
        variant: 'primary',
        size: 'lg',
        type: 'submit',
        loading: false,
        disabled: false
      }

      at log (src/components/ui/Button.tsx:26:13)

    console.log
      [Button] Has onClick in props: false

      at log (src/components/ui/Button.tsx:27:13)

    console.log
      [Button] All props: {}

      at log (src/components/ui/Button.tsx:28:13)

    console.log
      [Button] Rendering with type: submit

      at log (src/components/ui/Button.tsx:25:13)

    console.log
      [Button] Props received: {
        variant: 'primary',
        size: 'lg',
        type: 'submit',
        loading: false,
        disabled: false
      }

      at log (src/components/ui/Button.tsx:26:13)

    console.log
      [Button] Has onClick in props: false

      at log (src/components/ui/Button.tsx:27:13)

    console.log
      [Button] All props: {}

      at log (src/components/ui/Button.tsx:28:13)

    console.log
      [Button] Rendering with type: submit

      at log (src/components/ui/Button.tsx:25:13)

    console.log
      [Button] Props received: {
        variant: 'primary',
        size: 'lg',
        type: 'submit',
        loading: false,
        disabled: false
      }

      at log (src/components/ui/Button.tsx:26:13)

    console.log
      [Button] Has onClick in props: false

      at log (src/components/ui/Button.tsx:27:13)

    console.log
      [Button] All props: {}

      at log (src/components/ui/Button.tsx:28:13)

    console.log
      [Button] Rendering with type: submit

      at log (src/components/ui/Button.tsx:25:13)

    console.log
      [Button] Props received: {
        variant: 'primary',
        size: 'lg',
        type: 'submit',
        loading: false,
        disabled: false
      }

      at log (src/components/ui/Button.tsx:26:13)

    console.log
      [Button] Has onClick in props: false

      at log (src/components/ui/Button.tsx:27:13)

    console.log
      [Button] All props: {}

      at log (src/components/ui/Button.tsx:28:13)

    console.log
      [Button] Rendering with type: submit

      at log (src/components/ui/Button.tsx:25:13)

    console.log
      [Button] Props received: {
        variant: 'primary',
        size: 'lg',
        type: 'submit',
        loading: false,
        disabled: false
      }

      at log (src/components/ui/Button.tsx:26:13)

    console.log
      [Button] Has onClick in props: false

      at log (src/components/ui/Button.tsx:27:13)

    console.log
      [Button] All props: {}

      at log (src/components/ui/Button.tsx:28:13)

    console.log
      [Button] Rendering with type: submit

      at log (src/components/ui/Button.tsx:25:13)

    console.log
      [Button] Props received: {
        variant: 'primary',
        size: 'lg',
        type: 'submit',
        loading: false,
        disabled: false
      }

      at log (src/components/ui/Button.tsx:26:13)

    console.log
      [Button] Has onClick in props: false

      at log (src/components/ui/Button.tsx:27:13)

    console.log
      [Button] All props: {}

      at log (src/components/ui/Button.tsx:28:13)

    console.log
      [Button] Rendering with type: submit

      at log (src/components/ui/Button.tsx:25:13)

    console.log
      [Button] Props received: {
        variant: 'primary',
        size: 'lg',
        type: 'submit',
        loading: false,
        disabled: false
      }

      at log (src/components/ui/Button.tsx:26:13)

    console.log
      [Button] Has onClick in props: false

      at log (src/components/ui/Button.tsx:27:13)

    console.log
      [Button] All props: {}

      at log (src/components/ui/Button.tsx:28:13)

    console.log
      [Button] Rendering with type: submit

      at log (src/components/ui/Button.tsx:25:13)

    console.log
      [Button] Props received: {
        variant: 'primary',
        size: 'lg',
        type: 'submit',
        loading: false,
        disabled: false
      }

      at log (src/components/ui/Button.tsx:26:13)

    console.log
      [Button] Has onClick in props: false

      at log (src/components/ui/Button.tsx:27:13)

    console.log
      [Button] All props: {}

      at log (src/components/ui/Button.tsx:28:13)

    console.log
      [Button] Rendering with type: submit

      at log (src/components/ui/Button.tsx:25:13)

    console.log
      [Button] Props received: {
        variant: 'primary',
        size: 'lg',
        type: 'submit',
        loading: false,
        disabled: false
      }

      at log (src/components/ui/Button.tsx:26:13)

    console.log
      [Button] Has onClick in props: false

      at log (src/components/ui/Button.tsx:27:13)

    console.log
      [Button] All props: {}

      at log (src/components/ui/Button.tsx:28:13)

    console.log
      [Button] Rendering with type: submit

      at log (src/components/ui/Button.tsx:25:13)

    console.log
      [Button] Props received: {
        variant: 'primary',
        size: 'lg',
        type: 'submit',
        loading: false,
        disabled: false
      }

      at log (src/components/ui/Button.tsx:26:13)

    console.log
      [Button] Has onClick in props: false

      at log (src/components/ui/Button.tsx:27:13)

    console.log
      [Button] All props: {}

      at log (src/components/ui/Button.tsx:28:13)

    console.log
      [Button] Rendering with type: submit

      at log (src/components/ui/Button.tsx:25:13)

    console.log
      [Button] Props received: {
        variant: 'primary',
        size: 'lg',
        type: 'submit',
        loading: false,
        disabled: false
      }

      at log (src/components/ui/Button.tsx:26:13)

    console.log
      [Button] Has onClick in props: false

      at log (src/components/ui/Button.tsx:27:13)

    console.log
      [Button] All props: {}

      at log (src/components/ui/Button.tsx:28:13)

    console.log
      [Button] Rendering with type: submit

      at log (src/components/ui/Button.tsx:25:13)

    console.log
      [Button] Props received: {
        variant: 'primary',
        size: 'lg',
        type: 'submit',
        loading: false,
        disabled: false
      }

      at log (src/components/ui/Button.tsx:26:13)

    console.log
      [Button] Has onClick in props: false

      at log (src/components/ui/Button.tsx:27:13)

    console.log
      [Button] All props: {}

      at log (src/components/ui/Button.tsx:28:13)

    console.log
      [Button] Rendering with type: submit

      at log (src/components/ui/Button.tsx:25:13)

    console.log
      [Button] Props received: {
        variant: 'primary',
        size: 'lg',
        type: 'submit',
        loading: false,
        disabled: false
      }

      at log (src/components/ui/Button.tsx:26:13)

    console.log
      [Button] Has onClick in props: false

      at log (src/components/ui/Button.tsx:27:13)

    console.log
      [Button] All props: {}

      at log (src/components/ui/Button.tsx:28:13)

    console.log
      [Button] Rendering with type: submit

      at log (src/components/ui/Button.tsx:25:13)

    console.log
      [Button] Props received: {
        variant: 'primary',
        size: 'lg',
        type: 'submit',
        loading: false,
        disabled: false
      }

      at log (src/components/ui/Button.tsx:26:13)

    console.log
      [Button] Has onClick in props: false

      at log (src/components/ui/Button.tsx:27:13)

    console.log
      [Button] All props: {}

      at log (src/components/ui/Button.tsx:28:13)

    console.log
      [Button] Rendering with type: submit

      at log (src/components/ui/Button.tsx:25:13)

    console.log
      [Button] Props received: {
        variant: 'primary',
        size: 'lg',
        type: 'submit',
        loading: false,
        disabled: false
      }

      at log (src/components/ui/Button.tsx:26:13)

    console.log
      [Button] Has onClick in props: false

      at log (src/components/ui/Button.tsx:27:13)

    console.log
      [Button] All props: {}

      at log (src/components/ui/Button.tsx:28:13)

    console.log
      [Button] Rendering with type: submit

      at log (src/components/ui/Button.tsx:25:13)

    console.log
      [Button] Props received: {
        variant: 'primary',
        size: 'lg',
        type: 'submit',
        loading: false,
        disabled: false
      }

      at log (src/components/ui/Button.tsx:26:13)

    console.log
      [Button] Has onClick in props: false

      at log (src/components/ui/Button.tsx:27:13)

    console.log
      [Button] All props: {}

      at log (src/components/ui/Button.tsx:28:13)

    console.log
      [Button] Rendering with type: submit

      at log (src/components/ui/Button.tsx:25:13)

    console.log
      [Button] Props received: {
        variant: 'primary',
        size: 'lg',
        type: 'submit',
        loading: false,
        disabled: false
      }

      at log (src/components/ui/Button.tsx:26:13)

    console.log
      [Button] Has onClick in props: false

      at log (src/components/ui/Button.tsx:27:13)

    console.log
      [Button] All props: {}

      at log (src/components/ui/Button.tsx:28:13)

    console.log
      [Button] Rendering with type: submit

      at log (src/components/ui/Button.tsx:25:13)

    console.log
      [Button] Props received: {
        variant: 'primary',
        size: 'lg',
        type: 'submit',
        loading: false,
        disabled: false
      }

      at log (src/components/ui/Button.tsx:26:13)

    console.log
      [Button] Has onClick in props: false

      at log (src/components/ui/Button.tsx:27:13)

    console.log
      [Button] All props: {}

      at log (src/components/ui/Button.tsx:28:13)

    console.log
      [Button] Rendering with type: submit

      at log (src/components/ui/Button.tsx:25:13)

    console.log
      [Button] Props received: {
        variant: 'primary',
        size: 'lg',
        type: 'submit',
        loading: false,
        disabled: false
      }

      at log (src/components/ui/Button.tsx:26:13)

    console.log
      [Button] Has onClick in props: false

      at log (src/components/ui/Button.tsx:27:13)

    console.log
      [Button] All props: {}

      at log (src/components/ui/Button.tsx:28:13)

    console.log
      [Button] Rendering with type: submit

      at log (src/components/ui/Button.tsx:25:13)

    console.log
      [Button] Props received: {
        variant: 'primary',
        size: 'lg',
        type: 'submit',
        loading: false,
        disabled: false
      }

      at log (src/components/ui/Button.tsx:26:13)

    console.log
      [Button] Has onClick in props: false

      at log (src/components/ui/Button.tsx:27:13)

    console.log
      [Button] All props: {}

      at log (src/components/ui/Button.tsx:28:13)

    console.log
      [Button] Rendering with type: submit

      at log (src/components/ui/Button.tsx:25:13)

    console.log
      [Button] Props received: {
        variant: 'primary',
        size: 'lg',
        type: 'submit',
        loading: false,
        disabled: false
      }

      at log (src/components/ui/Button.tsx:26:13)

    console.log
      [Button] Has onClick in props: false

      at log (src/components/ui/Button.tsx:27:13)

    console.log
      [Button] All props: {}

      at log (src/components/ui/Button.tsx:28:13)

    console.log
      [Button] Rendering with type: submit

      at log (src/components/ui/Button.tsx:25:13)

    console.log
      [Button] Props received: {
        variant: 'primary',
        size: 'lg',
        type: 'submit',
        loading: false,
        disabled: false
      }

      at log (src/components/ui/Button.tsx:26:13)

    console.log
      [Button] Has onClick in props: false

      at log (src/components/ui/Button.tsx:27:13)

    console.log
      [Button] All props: {}

      at log (src/components/ui/Button.tsx:28:13)

    console.log
      [Button] Rendering with type: submit

      at log (src/components/ui/Button.tsx:25:13)

    console.log
      [Button] Props received: {
        variant: 'primary',
        size: 'lg',
        type: 'submit',
        loading: false,
        disabled: false
      }

      at log (src/components/ui/Button.tsx:26:13)

    console.log
      [Button] Has onClick in props: false

      at log (src/components/ui/Button.tsx:27:13)

    console.log
      [Button] All props: {}

      at log (src/components/ui/Button.tsx:28:13)

    console.log
      [Button] Rendering with type: submit

      at log (src/components/ui/Button.tsx:25:13)

    console.log
      [Button] Props received: {
        variant: 'primary',
        size: 'lg',
        type: 'submit',
        loading: false,
        disabled: false
      }

      at log (src/components/ui/Button.tsx:26:13)

    console.log
      [Button] Has onClick in props: false

      at log (src/components/ui/Button.tsx:27:13)

    console.log
      [Button] All props: {}

      at log (src/components/ui/Button.tsx:28:13)

    console.log
      [Button] Rendering with type: submit

      at log (src/components/ui/Button.tsx:25:13)

    console.log
      [Button] Props received: {
        variant: 'primary',
        size: 'lg',
        type: 'submit',
        loading: false,
        disabled: false
      }

      at log (src/components/ui/Button.tsx:26:13)

    console.log
      [Button] Has onClick in props: false

      at log (src/components/ui/Button.tsx:27:13)

    console.log
      [Button] All props: {}

      at log (src/components/ui/Button.tsx:28:13)

    console.log
      [Button] Rendering with type: submit

      at log (src/components/ui/Button.tsx:25:13)

    console.log
      [Button] Props received: {
        variant: 'primary',
        size: 'lg',
        type: 'submit',
        loading: false,
        disabled: false
      }

      at log (src/components/ui/Button.tsx:26:13)

    console.log
      [Button] Has onClick in props: false

      at log (src/components/ui/Button.tsx:27:13)

    console.log
      [Button] All props: {}

      at log (src/components/ui/Button.tsx:28:13)

    console.log
      [Button] Rendering with type: submit

      at log (src/components/ui/Button.tsx:25:13)

    console.log
      [Button] Props received: {
        variant: 'primary',
        size: 'lg',
        type: 'submit',
        loading: false,
        disabled: false
      }

      at log (src/components/ui/Button.tsx:26:13)

    console.log
      [Button] Has onClick in props: false

      at log (src/components/ui/Button.tsx:27:13)

    console.log
      [Button] All props: {}

      at log (src/components/ui/Button.tsx:28:13)

    console.log
      [Button] Rendering with type: submit

      at log (src/components/ui/Button.tsx:25:13)

    console.log
      [Button] Props received: {
        variant: 'primary',
        size: 'lg',
        type: 'submit',
        loading: false,
        disabled: false
      }

      at log (src/components/ui/Button.tsx:26:13)

    console.log
      [Button] Has onClick in props: false

      at log (src/components/ui/Button.tsx:27:13)

    console.log
      [Button] All props: {}

      at log (src/components/ui/Button.tsx:28:13)

    console.log
      [Button] Rendering with type: submit

      at log (src/components/ui/Button.tsx:25:13)

    console.log
      [Button] Props received: {
        variant: 'primary',
        size: 'lg',
        type: 'submit',
        loading: false,
        disabled: false
      }

      at log (src/components/ui/Button.tsx:26:13)

    console.log
      [Button] Has onClick in props: false

      at log (src/components/ui/Button.tsx:27:13)

    console.log
      [Button] All props: {}

      at log (src/components/ui/Button.tsx:28:13)

    console.log
      [Button] Rendering with type: submit

      at log (src/components/ui/Button.tsx:25:13)

    console.log
      [Button] Props received: {
        variant: 'primary',
        size: 'lg',
        type: 'submit',
        loading: false,
        disabled: false
      }

      at log (src/components/ui/Button.tsx:26:13)

    console.log
      [Button] Has onClick in props: false

      at log (src/components/ui/Button.tsx:27:13)

    console.log
      [Button] All props: {}

      at log (src/components/ui/Button.tsx:28:13)

    console.log
      [Button] Rendering with type: submit

      at log (src/components/ui/Button.tsx:25:13)

    console.log
      [Button] Props received: {
        variant: 'primary',
        size: 'lg',
        type: 'submit',
        loading: false,
        disabled: false
      }

      at log (src/components/ui/Button.tsx:26:13)

    console.log
      [Button] Has onClick in props: false

      at log (src/components/ui/Button.tsx:27:13)

    console.log
      [Button] All props: {}

      at log (src/components/ui/Button.tsx:28:13)

    console.log
      [Button] Rendering with type: submit

      at log (src/components/ui/Button.tsx:25:13)

    console.log
      [Button] Props received: {
        variant: 'primary',
        size: 'lg',
        type: 'submit',
        loading: false,
        disabled: false
      }

      at log (src/components/ui/Button.tsx:26:13)

    console.log
      [Button] Has onClick in props: false

      at log (src/components/ui/Button.tsx:27:13)

    console.log
      [Button] All props: {}

      at log (src/components/ui/Button.tsx:28:13)

    console.log
      [Button] Rendering with type: submit

      at log (src/components/ui/Button.tsx:25:13)

    console.log
      [Button] Props received: {
        variant: 'primary',
        size: 'lg',
        type: 'submit',
        loading: false,
        disabled: false
      }

      at log (src/components/ui/Button.tsx:26:13)

    console.log
      [Button] Has onClick in props: false

      at log (src/components/ui/Button.tsx:27:13)

    console.log
      [Button] All props: {}

      at log (src/components/ui/Button.tsx:28:13)

    console.log
      [Button] Rendering with type: submit

      at log (src/components/ui/Button.tsx:25:13)

    console.log
      [Button] Props received: {
        variant: 'primary',
        size: 'lg',
        type: 'submit',
        loading: false,
        disabled: false
      }

      at log (src/components/ui/Button.tsx:26:13)

    console.log
      [Button] Has onClick in props: false

      at log (src/components/ui/Button.tsx:27:13)

    console.log
      [Button] All props: {}

      at log (src/components/ui/Button.tsx:28:13)

    console.log
      [Button] Rendering with type: submit

      at log (src/components/ui/Button.tsx:25:13)

    console.log
      [Button] Props received: {
        variant: 'primary',
        size: 'lg',
        type: 'submit',
        loading: false,
        disabled: false
      }

      at log (src/components/ui/Button.tsx:26:13)

    console.log
      [Button] Has onClick in props: false

      at log (src/components/ui/Button.tsx:27:13)

    console.log
      [Button] All props: {}

      at log (src/components/ui/Button.tsx:28:13)

    console.log
      [Button] Rendering with type: submit

      at log (src/components/ui/Button.tsx:25:13)

    console.log
      [Button] Props received: {
        variant: 'primary',
        size: 'lg',
        type: 'submit',
        loading: false,
        disabled: false
      }

      at log (src/components/ui/Button.tsx:26:13)

    console.log
      [Button] Has onClick in props: false

      at log (src/components/ui/Button.tsx:27:13)

    console.log
      [Button] All props: {}

      at log (src/components/ui/Button.tsx:28:13)

    console.log
      [Button] Rendering with type: submit

      at log (src/components/ui/Button.tsx:25:13)

    console.log
      [Button] Props received: {
        variant: 'primary',
        size: 'lg',
        type: 'submit',
        loading: false,
        disabled: false
      }

      at log (src/components/ui/Button.tsx:26:13)

    console.log
      [Button] Has onClick in props: false

      at log (src/components/ui/Button.tsx:27:13)

    console.log
      [Button] All props: {}

      at log (src/components/ui/Button.tsx:28:13)

    console.log
      [Button] Rendering with type: submit

      at log (src/components/ui/Button.tsx:25:13)

    console.log
      [Button] Props received: {
        variant: 'primary',
        size: 'lg',
        type: 'submit',
        loading: false,
        disabled: false
      }

      at log (src/components/ui/Button.tsx:26:13)

    console.log
      [Button] Has onClick in props: false

      at log (src/components/ui/Button.tsx:27:13)

    console.log
      [Button] All props: {}

      at log (src/components/ui/Button.tsx:28:13)

    console.log
      [Button] Rendering with type: submit

      at log (src/components/ui/Button.tsx:25:13)

    console.log
      [Button] Props received: {
        variant: 'primary',
        size: 'lg',
        type: 'submit',
        loading: false,
        disabled: false
      }

      at log (src/components/ui/Button.tsx:26:13)

    console.log
      [Button] Has onClick in props: false

      at log (src/components/ui/Button.tsx:27:13)

    console.log
      [Button] All props: {}

      at log (src/components/ui/Button.tsx:28:13)

    console.log
      [Button] Rendering with type: submit

      at log (src/components/ui/Button.tsx:25:13)

    console.log
      [Button] Props received: {
        variant: 'primary',
        size: 'lg',
        type: 'submit',
        loading: false,
        disabled: false
      }

      at log (src/components/ui/Button.tsx:26:13)

    console.log
      [Button] Has onClick in props: false

      at log (src/components/ui/Button.tsx:27:13)

    console.log
      [Button] All props: {}

      at log (src/components/ui/Button.tsx:28:13)

    console.log
      [Button] Rendering with type: submit

      at log (src/components/ui/Button.tsx:25:13)

    console.log
      [Button] Props received: {
        variant: 'primary',
        size: 'lg',
        type: 'submit',
        loading: false,
        disabled: false
      }

      at log (src/components/ui/Button.tsx:26:13)

    console.log
      [Button] Has onClick in props: false

      at log (src/components/ui/Button.tsx:27:13)

    console.log
      [Button] All props: {}

      at log (src/components/ui/Button.tsx:28:13)

    console.log
      [Button] Rendering with type: submit

      at log (src/components/ui/Button.tsx:25:13)

    console.log
      [Button] Props received: {
        variant: 'primary',
        size: 'lg',
        type: 'submit',
        loading: false,
        disabled: false
      }

      at log (src/components/ui/Button.tsx:26:13)

    console.log
      [Button] Has onClick in props: false

      at log (src/components/ui/Button.tsx:27:13)

    console.log
      [Button] All props: {}

      at log (src/components/ui/Button.tsx:28:13)

    console.log
      [Button] Rendering with type: submit

      at log (src/components/ui/Button.tsx:25:13)

    console.log
      [Button] Props received: {
        variant: 'primary',
        size: 'lg',
        type: 'submit',
        loading: false,
        disabled: false
      }

      at log (src/components/ui/Button.tsx:26:13)

    console.log
      [Button] Has onClick in props: false

      at log (src/components/ui/Button.tsx:27:13)

    console.log
      [Button] All props: {}

      at log (src/components/ui/Button.tsx:28:13)

    console.log
      [Button] Rendering with type: submit

      at log (src/components/ui/Button.tsx:25:13)

    console.log
      [Button] Props received: {
        variant: 'primary',
        size: 'lg',
        type: 'submit',
        loading: false,
        disabled: false
      }

      at log (src/components/ui/Button.tsx:26:13)

    console.log
      [Button] Has onClick in props: false

      at log (src/components/ui/Button.tsx:27:13)

    console.log
      [Button] All props: {}

      at log (src/components/ui/Button.tsx:28:13)

    console.log
      [Button] Rendering with type: submit

      at log (src/components/ui/Button.tsx:25:13)

    console.log
      [Button] Props received: {
        variant: 'primary',
        size: 'lg',
        type: 'submit',
        loading: false,
        disabled: false
      }

      at log (src/components/ui/Button.tsx:26:13)

    console.log
      [Button] Has onClick in props: false

      at log (src/components/ui/Button.tsx:27:13)

    console.log
      [Button] All props: {}

      at log (src/components/ui/Button.tsx:28:13)

    console.log
      [Button] Rendering with type: submit

      at log (src/components/ui/Button.tsx:25:13)

    console.log
      [Button] Props received: {
        variant: 'primary',
        size: 'lg',
        type: 'submit',
        loading: false,
        disabled: false
      }

      at log (src/components/ui/Button.tsx:26:13)

    console.log
      [Button] Has onClick in props: false

      at log (src/components/ui/Button.tsx:27:13)

    console.log
      [Button] All props: {}

      at log (src/components/ui/Button.tsx:28:13)

    console.log
      [Button] Rendering with type: submit

      at log (src/components/ui/Button.tsx:25:13)

    console.log
      [Button] Props received: {
        variant: 'primary',
        size: 'lg',
        type: 'submit',
        loading: false,
        disabled: false
      }

      at log (src/components/ui/Button.tsx:26:13)

    console.log
      [Button] Has onClick in props: false

      at log (src/components/ui/Button.tsx:27:13)

    console.log
      [Button] All props: {}

      at log (src/components/ui/Button.tsx:28:13)

    console.log
      [Button] Rendering with type: submit

      at log (src/components/ui/Button.tsx:25:13)

    console.log
      [Button] Props received: {
        variant: 'primary',
        size: 'lg',
        type: 'submit',
        loading: false,
        disabled: false
      }

      at log (src/components/ui/Button.tsx:26:13)

    console.log
      [Button] Has onClick in props: false

      at log (src/components/ui/Button.tsx:27:13)

    console.log
      [Button] All props: {}

      at log (src/components/ui/Button.tsx:28:13)

    console.log
      [Button] Rendering with type: submit

      at log (src/components/ui/Button.tsx:25:13)

    console.log
      [Button] Props received: {
        variant: 'primary',
        size: 'lg',
        type: 'submit',
        loading: false,
        disabled: false
      }

      at log (src/components/ui/Button.tsx:26:13)

    console.log
      [Button] Has onClick in props: false

      at log (src/components/ui/Button.tsx:27:13)

    console.log
      [Button] All props: {}

      at log (src/components/ui/Button.tsx:28:13)

    console.log
      [Button] Rendering with type: submit

      at log (src/components/ui/Button.tsx:25:13)

    console.log
      [Button] Props received: {
        variant: 'primary',
        size: 'lg',
        type: 'submit',
        loading: false,
        disabled: false
      }

      at log (src/components/ui/Button.tsx:26:13)

    console.log
      [Button] Has onClick in props: false

      at log (src/components/ui/Button.tsx:27:13)

    console.log
      [Button] All props: {}

      at log (src/components/ui/Button.tsx:28:13)

    console.log
      [Button] Rendering with type: submit

      at log (src/components/ui/Button.tsx:25:13)

    console.log
      [Button] Props received: {
        variant: 'primary',
        size: 'lg',
        type: 'submit',
        loading: false,
        disabled: false
      }

      at log (src/components/ui/Button.tsx:26:13)

    console.log
      [Button] Has onClick in props: false

      at log (src/components/ui/Button.tsx:27:13)

    console.log
      [Button] All props: {}

      at log (src/components/ui/Button.tsx:28:13)

    console.log
      [Button] Rendering with type: submit

      at log (src/components/ui/Button.tsx:25:13)

    console.log
      [Button] Props received: {
        variant: 'primary',
        size: 'lg',
        type: 'submit',
        loading: false,
        disabled: false
      }

      at log (src/components/ui/Button.tsx:26:13)

    console.log
      [Button] Has onClick in props: false

      at log (src/components/ui/Button.tsx:27:13)

    console.log
      [Button] All props: {}

      at log (src/components/ui/Button.tsx:28:13)

    console.log
      [Button] Rendering with type: submit

      at log (src/components/ui/Button.tsx:25:13)

    console.log
      [Button] Props received: {
        variant: 'primary',
        size: 'lg',
        type: 'submit',
        loading: false,
        disabled: false
      }

      at log (src/components/ui/Button.tsx:26:13)

    console.log
      [Button] Has onClick in props: false

      at log (src/components/ui/Button.tsx:27:13)

    console.log
      [Button] All props: {}

      at log (src/components/ui/Button.tsx:28:13)

    console.log
      [Button] Rendering with type: submit

      at log (src/components/ui/Button.tsx:25:13)

    console.log
      [Button] Props received: {
        variant: 'primary',
        size: 'lg',
        type: 'submit',
        loading: false,
        disabled: false
      }

      at log (src/components/ui/Button.tsx:26:13)

    console.log
      [Button] Has onClick in props: false

      at log (src/components/ui/Button.tsx:27:13)

    console.log
      [Button] All props: {}

      at log (src/components/ui/Button.tsx:28:13)

    console.log
      [Button] Rendering with type: submit

      at log (src/components/ui/Button.tsx:25:13)

    console.log
      [Button] Props received: {
        variant: 'primary',
        size: 'lg',
        type: 'submit',
        loading: false,
        disabled: false
      }

      at log (src/components/ui/Button.tsx:26:13)

    console.log
      [Button] Has onClick in props: false

      at log (src/components/ui/Button.tsx:27:13)

    console.log
      [Button] All props: {}

      at log (src/components/ui/Button.tsx:28:13)

    console.log
      [Button] Rendering with type: submit

      at log (src/components/ui/Button.tsx:25:13)

    console.log
      [Button] Props received: {
        variant: 'primary',
        size: 'lg',
        type: 'submit',
        loading: false,
        disabled: false
      }

      at log (src/components/ui/Button.tsx:26:13)

    console.log
      [Button] Has onClick in props: false

      at log (src/components/ui/Button.tsx:27:13)

    console.log
      [Button] All props: {}

      at log (src/components/ui/Button.tsx:28:13)

    console.log
      [Button] Rendering with type: submit

      at log (src/components/ui/Button.tsx:25:13)

    console.log
      [Button] Props received: {
        variant: 'primary',
        size: 'lg',
        type: 'submit',
        loading: false,
        disabled: false
      }

      at log (src/components/ui/Button.tsx:26:13)

    console.log
      [Button] Has onClick in props: false

      at log (src/components/ui/Button.tsx:27:13)

    console.log
      [Button] All props: {}

      at log (src/components/ui/Button.tsx:28:13)

    console.log
      [Button] Rendering with type: submit

      at log (src/components/ui/Button.tsx:25:13)

    console.log
      [Button] Props received: {
        variant: 'primary',
        size: 'lg',
        type: 'submit',
        loading: false,
        disabled: false
      }

      at log (src/components/ui/Button.tsx:26:13)

    console.log
      [Button] Has onClick in props: false

      at log (src/components/ui/Button.tsx:27:13)

    console.log
      [Button] All props: {}

      at log (src/components/ui/Button.tsx:28:13)

    console.log
      [Button] Rendering with type: submit

      at log (src/components/ui/Button.tsx:25:13)

    console.log
      [Button] Props received: {
        variant: 'primary',
        size: 'lg',
        type: 'submit',
        loading: false,
        disabled: false
      }

      at log (src/components/ui/Button.tsx:26:13)

    console.log
      [Button] Has onClick in props: false

      at log (src/components/ui/Button.tsx:27:13)

    console.log
      [Button] All props: {}

      at log (src/components/ui/Button.tsx:28:13)

    console.log
      [Button] Rendering with type: submit

      at log (src/components/ui/Button.tsx:25:13)

    console.log
      [Button] Props received: {
        variant: 'primary',
        size: 'lg',
        type: 'submit',
        loading: false,
        disabled: false
      }

      at log (src/components/ui/Button.tsx:26:13)

    console.log
      [Button] Has onClick in props: false

      at log (src/components/ui/Button.tsx:27:13)

    console.log
      [Button] All props: {}

      at log (src/components/ui/Button.tsx:28:13)

    console.log
      [Button] Rendering with type: submit

      at log (src/components/ui/Button.tsx:25:13)

    console.log
      [Button] Props received: {
        variant: 'primary',
        size: 'lg',
        type: 'submit',
        loading: false,
        disabled: false
      }

      at log (src/components/ui/Button.tsx:26:13)

    console.log
      [Button] Has onClick in props: false

      at log (src/components/ui/Button.tsx:27:13)

    console.log
      [Button] All props: {}

      at log (src/components/ui/Button.tsx:28:13)

    console.log
      [Button] Rendering with type: submit

      at log (src/components/ui/Button.tsx:25:13)

    console.log
      [Button] Props received: {
        variant: 'primary',
        size: 'lg',
        type: 'submit',
        loading: false,
        disabled: false
      }

      at log (src/components/ui/Button.tsx:26:13)

    console.log
      [Button] Has onClick in props: false

      at log (src/components/ui/Button.tsx:27:13)

    console.log
      [Button] All props: {}

      at log (src/components/ui/Button.tsx:28:13)

    console.log
      [Button] Rendering with type: submit

      at log (src/components/ui/Button.tsx:25:13)

    console.log
      [Button] Props received: {
        variant: 'primary',
        size: 'lg',
        type: 'submit',
        loading: false,
        disabled: false
      }

      at log (src/components/ui/Button.tsx:26:13)

    console.log
      [Button] Has onClick in props: false

      at log (src/components/ui/Button.tsx:27:13)

    console.log
      [Button] All props: {}

      at log (src/components/ui/Button.tsx:28:13)

    console.log
      [Button] Rendering with type: submit

      at log (src/components/ui/Button.tsx:25:13)

    console.log
      [Button] Props received: {
        variant: 'primary',
        size: 'lg',
        type: 'submit',
        loading: false,
        disabled: false
      }

      at log (src/components/ui/Button.tsx:26:13)

    console.log
      [Button] Has onClick in props: false

      at log (src/components/ui/Button.tsx:27:13)

    console.log
      [Button] All props: {}

      at log (src/components/ui/Button.tsx:28:13)

    console.log
      [Button] Rendering with type: submit

      at log (src/components/ui/Button.tsx:25:13)

    console.log
      [Button] Props received: {
        variant: 'primary',
        size: 'lg',
        type: 'submit',
        loading: false,
        disabled: false
      }

      at log (src/components/ui/Button.tsx:26:13)

    console.log
      [Button] Has onClick in props: false

      at log (src/components/ui/Button.tsx:27:13)

    console.log
      [Button] All props: {}

      at log (src/components/ui/Button.tsx:28:13)

    console.log
      [Button] Rendering with type: submit

      at log (src/components/ui/Button.tsx:25:13)

    console.log
      [Button] Props received: {
        variant: 'primary',
        size: 'lg',
        type: 'submit',
        loading: false,
        disabled: false
      }

      at log (src/components/ui/Button.tsx:26:13)

    console.log
      [Button] Has onClick in props: false

      at log (src/components/ui/Button.tsx:27:13)

    console.log
      [Button] All props: {}

      at log (src/components/ui/Button.tsx:28:13)

    console.log
      [Button] Rendering with type: submit

      at log (src/components/ui/Button.tsx:25:13)

    console.log
      [Button] Props received: {
        variant: 'primary',
        size: 'lg',
        type: 'submit',
        loading: false,
        disabled: false
      }

      at log (src/components/ui/Button.tsx:26:13)

    console.log
      [Button] Has onClick in props: false

      at log (src/components/ui/Button.tsx:27:13)

    console.log
      [Button] All props: {}

      at log (src/components/ui/Button.tsx:28:13)

    console.log
      [Button] Rendering with type: submit

      at log (src/components/ui/Button.tsx:25:13)

    console.log
      [Button] Props received: {
        variant: 'primary',
        size: 'lg',
        type: 'submit',
        loading: false,
        disabled: false
      }

      at log (src/components/ui/Button.tsx:26:13)

    console.log
      [Button] Has onClick in props: false

      at log (src/components/ui/Button.tsx:27:13)

    console.log
      [Button] All props: {}

      at log (src/components/ui/Button.tsx:28:13)

    console.log
      [Button] Rendering with type: submit

      at log (src/components/ui/Button.tsx:25:13)

    console.log
      [Button] Props received: {
        variant: 'primary',
        size: 'lg',
        type: 'submit',
        loading: false,
        disabled: false
      }

      at log (src/components/ui/Button.tsx:26:13)

    console.log
      [Button] Has onClick in props: false

      at log (src/components/ui/Button.tsx:27:13)

    console.log
      [Button] All props: {}

      at log (src/components/ui/Button.tsx:28:13)

    console.log
      [Button] Rendering with type: submit

      at log (src/components/ui/Button.tsx:25:13)

    console.log
      [Button] Props received: {
        variant: 'primary',
        size: 'lg',
        type: 'submit',
        loading: false,
        disabled: false
      }

      at log (src/components/ui/Button.tsx:26:13)

    console.log
      [Button] Has onClick in props: false

      at log (src/components/ui/Button.tsx:27:13)

    console.log
      [Button] All props: {}

      at log (src/components/ui/Button.tsx:28:13)

    console.log
      [Button] Rendering with type: submit

      at log (src/components/ui/Button.tsx:25:13)

    console.log
      [Button] Props received: {
        variant: 'primary',
        size: 'lg',
        type: 'submit',
        loading: false,
        disabled: false
      }

      at log (src/components/ui/Button.tsx:26:13)

    console.log
      [Button] Has onClick in props: false

      at log (src/components/ui/Button.tsx:27:13)

    console.log
      [Button] All props: {}

      at log (src/components/ui/Button.tsx:28:13)

    console.log
      [Button] Rendering with type: submit

      at log (src/components/ui/Button.tsx:25:13)

    console.log
      [Button] Props received: {
        variant: 'primary',
        size: 'lg',
        type: 'submit',
        loading: false,
        disabled: false
      }

      at log (src/components/ui/Button.tsx:26:13)

    console.log
      [Button] Has onClick in props: false

      at log (src/components/ui/Button.tsx:27:13)

    console.log
      [Button] All props: {}

      at log (src/components/ui/Button.tsx:28:13)

    console.log
      [Button] Rendering with type: submit

      at log (src/components/ui/Button.tsx:25:13)

    console.log
      [Button] Props received: {
        variant: 'primary',
        size: 'lg',
        type: 'submit',
        loading: false,
        disabled: false
      }

      at log (src/components/ui/Button.tsx:26:13)

    console.log
      [Button] Has onClick in props: false

      at log (src/components/ui/Button.tsx:27:13)

    console.log
      [Button] All props: {}

      at log (src/components/ui/Button.tsx:28:13)

    console.log
      [Button] Rendering with type: submit

      at log (src/components/ui/Button.tsx:25:13)

    console.log
      [Button] Props received: {
        variant: 'primary',
        size: 'lg',
        type: 'submit',
        loading: false,
        disabled: false
      }

      at log (src/components/ui/Button.tsx:26:13)

    console.log
      [Button] Has onClick in props: false

      at log (src/components/ui/Button.tsx:27:13)

    console.log
      [Button] All props: {}

      at log (src/components/ui/Button.tsx:28:13)

    console.log
      [Button] Rendering with type: submit

      at log (src/components/ui/Button.tsx:25:13)

    console.log
      [Button] Props received: {
        variant: 'primary',
        size: 'lg',
        type: 'submit',
        loading: false,
        disabled: false
      }

      at log (src/components/ui/Button.tsx:26:13)

    console.log
      [Button] Has onClick in props: false

      at log (src/components/ui/Button.tsx:27:13)

    console.log
      [Button] All props: {}

      at log (src/components/ui/Button.tsx:28:13)

    console.log
      [Button] Rendering with type: submit

      at log (src/components/ui/Button.tsx:25:13)

    console.log
      [Button] Props received: {
        variant: 'primary',
        size: 'lg',
        type: 'submit',
        loading: false,
        disabled: false
      }

      at log (src/components/ui/Button.tsx:26:13)

    console.log
      [Button] Has onClick in props: false

      at log (src/components/ui/Button.tsx:27:13)

    console.log
      [Button] All props: {}

      at log (src/components/ui/Button.tsx:28:13)

    console.log
      [Button] Rendering with type: submit

      at log (src/components/ui/Button.tsx:25:13)

    console.log
      [Button] Props received: {
        variant: 'primary',
        size: 'lg',
        type: 'submit',
        loading: false,
        disabled: false
      }

      at log (src/components/ui/Button.tsx:26:13)

    console.log
      [Button] Has onClick in props: false

      at log (src/components/ui/Button.tsx:27:13)

    console.log
      [Button] All props: {}

      at log (src/components/ui/Button.tsx:28:13)

    console.log
      [Button] Rendering with type: submit

      at log (src/components/ui/Button.tsx:25:13)

    console.log
      [Button] Props received: {
        variant: 'primary',
        size: 'lg',
        type: 'submit',
        loading: false,
        disabled: false
      }

      at log (src/components/ui/Button.tsx:26:13)

    console.log
      [Button] Has onClick in props: false

      at log (src/components/ui/Button.tsx:27:13)

    console.log
      [Button] All props: {}

      at log (src/components/ui/Button.tsx:28:13)

    console.log
      [Button] Rendering with type: submit

      at log (src/components/ui/Button.tsx:25:13)

    console.log
      [Button] Props received: {
        variant: 'primary',
        size: 'lg',
        type: 'submit',
        loading: false,
        disabled: false
      }

      at log (src/components/ui/Button.tsx:26:13)

    console.log
      [Button] Has onClick in props: false

      at log (src/components/ui/Button.tsx:27:13)

    console.log
      [Button] All props: {}

      at log (src/components/ui/Button.tsx:28:13)

    console.log
      [Button] Rendering with type: submit

      at log (src/components/ui/Button.tsx:25:13)

    console.log
      [Button] Props received: {
        variant: 'primary',
        size: 'lg',
        type: 'submit',
        loading: false,
        disabled: false
      }

      at log (src/components/ui/Button.tsx:26:13)

    console.log
      [Button] Has onClick in props: false

      at log (src/components/ui/Button.tsx:27:13)

    console.log
      [Button] All props: {}

      at log (src/components/ui/Button.tsx:28:13)

    console.log
      [Button] Rendering with type: submit

      at log (src/components/ui/Button.tsx:25:13)

    console.log
      [Button] Props received: {
        variant: 'primary',
        size: 'lg',
        type: 'submit',
        loading: false,
        disabled: false
      }

      at log (src/components/ui/Button.tsx:26:13)

    console.log
      [Button] Has onClick in props: false

      at log (src/components/ui/Button.tsx:27:13)

    console.log
      [Button] All props: {}

      at log (src/components/ui/Button.tsx:28:13)

    console.log
      [Button] Rendering with type: submit

      at log (src/components/ui/Button.tsx:25:13)

    console.log
      [Button] Props received: {
        variant: 'primary',
        size: 'lg',
        type: 'submit',
        loading: false,
        disabled: false
      }

      at log (src/components/ui/Button.tsx:26:13)

    console.log
      [Button] Has onClick in props: false

      at log (src/components/ui/Button.tsx:27:13)

    console.log
      [Button] All props: {}

      at log (src/components/ui/Button.tsx:28:13)

    console.log
      [Button] Rendering with type: submit

      at log (src/components/ui/Button.tsx:25:13)

    console.log
      [Button] Props received: {
        variant: 'primary',
        size: 'lg',
        type: 'submit',
        loading: false,
        disabled: false
      }

      at log (src/components/ui/Button.tsx:26:13)

    console.log
      [Button] Has onClick in props: false

      at log (src/components/ui/Button.tsx:27:13)

    console.log
      [Button] All props: {}

      at log (src/components/ui/Button.tsx:28:13)

    console.log
      [Button] Rendering with type: submit

      at log (src/components/ui/Button.tsx:25:13)

    console.log
      [Button] Props received: {
        variant: 'primary',
        size: 'lg',
        type: 'submit',
        loading: false,
        disabled: false
      }

      at log (src/components/ui/Button.tsx:26:13)

    console.log
      [Button] Has onClick in props: false

      at log (src/components/ui/Button.tsx:27:13)

    console.log
      [Button] All props: {}

      at log (src/components/ui/Button.tsx:28:13)

    console.log
      [Button] Rendering with type: submit

      at log (src/components/ui/Button.tsx:25:13)

    console.log
      [Button] Props received: {
        variant: 'primary',
        size: 'lg',
        type: 'submit',
        loading: false,
        disabled: false
      }

      at log (src/components/ui/Button.tsx:26:13)

    console.log
      [Button] Has onClick in props: false

      at log (src/components/ui/Button.tsx:27:13)

    console.log
      [Button] All props: {}

      at log (src/components/ui/Button.tsx:28:13)

    console.log
      [Button] Rendering with type: submit

      at log (src/components/ui/Button.tsx:25:13)

    console.log
      [Button] Props received: {
        variant: 'primary',
        size: 'lg',
        type: 'submit',
        loading: false,
        disabled: false
      }

      at log (src/components/ui/Button.tsx:26:13)

    console.log
      [Button] Has onClick in props: false

      at log (src/components/ui/Button.tsx:27:13)

    console.log
      [Button] All props: {}

      at log (src/components/ui/Button.tsx:28:13)

    console.log
      [Button] Rendering with type: submit

      at log (src/components/ui/Button.tsx:25:13)

    console.log
      [Button] Props received: {
        variant: 'primary',
        size: 'lg',
        type: 'submit',
        loading: false,
        disabled: false
      }

      at log (src/components/ui/Button.tsx:26:13)

    console.log
      [Button] Has onClick in props: false

      at log (src/components/ui/Button.tsx:27:13)

    console.log
      [Button] All props: {}

      at log (src/components/ui/Button.tsx:28:13)

    console.log
      [Button] Rendering with type: submit

      at log (src/components/ui/Button.tsx:25:13)

    console.log
      [Button] Props received: {
        variant: 'primary',
        size: 'lg',
        type: 'submit',
        loading: false,
        disabled: false
      }

      at log (src/components/ui/Button.tsx:26:13)

    console.log
      [Button] Has onClick in props: false

      at log (src/components/ui/Button.tsx:27:13)

    console.log
      [Button] All props: {}

      at log (src/components/ui/Button.tsx:28:13)

    console.log
      [Button] Rendering with type: submit

      at log (src/components/ui/Button.tsx:25:13)

    console.log
      [Button] Props received: {
        variant: 'primary',
        size: 'lg',
        type: 'submit',
        loading: false,
        disabled: false
      }

      at log (src/components/ui/Button.tsx:26:13)

    console.log
      [Button] Has onClick in props: false

      at log (src/components/ui/Button.tsx:27:13)

    console.log
      [Button] All props: {}

      at log (src/components/ui/Button.tsx:28:13)

    console.log
      [Button] Rendering with type: submit

      at log (src/components/ui/Button.tsx:25:13)

    console.log
      [Button] Props received: {
        variant: 'primary',
        size: 'lg',
        type: 'submit',
        loading: false,
        disabled: false
      }

      at log (src/components/ui/Button.tsx:26:13)

    console.log
      [Button] Has onClick in props: false

      at log (src/components/ui/Button.tsx:27:13)

    console.log
      [Button] All props: {}

      at log (src/components/ui/Button.tsx:28:13)

    console.log
      [Button] Rendering with type: submit

      at log (src/components/ui/Button.tsx:25:13)

    console.log
      [Button] Props received: {
        variant: 'primary',
        size: 'lg',
        type: 'submit',
        loading: false,
        disabled: false
      }

      at log (src/components/ui/Button.tsx:26:13)

    console.log
      [Button] Has onClick in props: false

      at log (src/components/ui/Button.tsx:27:13)

    console.log
      [Button] All props: {}

      at log (src/components/ui/Button.tsx:28:13)

    console.log
      [Button] Rendering with type: submit

      at log (src/components/ui/Button.tsx:25:13)

    console.log
      [Button] Props received: {
        variant: 'primary',
        size: 'lg',
        type: 'submit',
        loading: false,
        disabled: false
      }

      at log (src/components/ui/Button.tsx:26:13)

    console.log
      [Button] Has onClick in props: false

      at log (src/components/ui/Button.tsx:27:13)

    console.log
      [Button] All props: {}

      at log (src/components/ui/Button.tsx:28:13)

    console.log
      [Button] Rendering with type: submit

      at log (src/components/ui/Button.tsx:25:13)

    console.log
      [Button] Props received: {
        variant: 'primary',
        size: 'lg',
        type: 'submit',
        loading: false,
        disabled: false
      }

      at log (src/components/ui/Button.tsx:26:13)

    console.log
      [Button] Has onClick in props: false

      at log (src/components/ui/Button.tsx:27:13)

    console.log
      [Button] All props: {}

      at log (src/components/ui/Button.tsx:28:13)

    console.log
      [Button] Rendering with type: submit

      at log (src/components/ui/Button.tsx:25:13)

    console.log
      [Button] Props received: {
        variant: 'primary',
        size: 'lg',
        type: 'submit',
        loading: false,
        disabled: false
      }

      at log (src/components/ui/Button.tsx:26:13)

    console.log
      [Button] Has onClick in props: false

      at log (src/components/ui/Button.tsx:27:13)

    console.log
      [Button] All props: {}

      at log (src/components/ui/Button.tsx:28:13)

    console.log
      [Button] Rendering with type: submit

      at log (src/components/ui/Button.tsx:25:13)

    console.log
      [Button] Props received: {
        variant: 'primary',
        size: 'lg',
        type: 'submit',
        loading: false,
        disabled: false
      }

      at log (src/components/ui/Button.tsx:26:13)

    console.log
      [Button] Has onClick in props: false

      at log (src/components/ui/Button.tsx:27:13)

    console.log
      [Button] All props: {}

      at log (src/components/ui/Button.tsx:28:13)

    console.log
      [Button] Rendering with type: submit

      at log (src/components/ui/Button.tsx:25:13)

    console.log
      [Button] Props received: {
        variant: 'primary',
        size: 'lg',
        type: 'submit',
        loading: false,
        disabled: false
      }

      at log (src/components/ui/Button.tsx:26:13)

    console.log
      [Button] Has onClick in props: false

      at log (src/components/ui/Button.tsx:27:13)

    console.log
      [Button] All props: {}

      at log (src/components/ui/Button.tsx:28:13)

    console.log
      [Button] Rendering with type: submit

      at log (src/components/ui/Button.tsx:25:13)

    console.log
      [Button] Props received: {
        variant: 'primary',
        size: 'lg',
        type: 'submit',
        loading: false,
        disabled: false
      }

      at log (src/components/ui/Button.tsx:26:13)

    console.log
      [Button] Has onClick in props: false

      at log (src/components/ui/Button.tsx:27:13)

    console.log
      [Button] All props: {}

      at log (src/components/ui/Button.tsx:28:13)

    console.log
      [Button] Rendering with type: submit

      at log (src/components/ui/Button.tsx:25:13)

    console.log
      [Button] Props received: {
        variant: 'primary',
        size: 'lg',
        type: 'submit',
        loading: false,
        disabled: false
      }

      at log (src/components/ui/Button.tsx:26:13)

    console.log
      [Button] Has onClick in props: false

      at log (src/components/ui/Button.tsx:27:13)

    console.log
      [Button] All props: {}

      at log (src/components/ui/Button.tsx:28:13)

    console.log
      [Button] Rendering with type: submit

      at log (src/components/ui/Button.tsx:25:13)

    console.log
      [Button] Props received: {
        variant: 'primary',
        size: 'lg',
        type: 'submit',
        loading: false,
        disabled: false
      }

      at log (src/components/ui/Button.tsx:26:13)

    console.log
      [Button] Has onClick in props: false

      at log (src/components/ui/Button.tsx:27:13)

    console.log
      [Button] All props: {}

      at log (src/components/ui/Button.tsx:28:13)

    console.log
      [Button] Rendering with type: submit

      at log (src/components/ui/Button.tsx:25:13)

    console.log
      [Button] Props received: {
        variant: 'primary',
        size: 'lg',
        type: 'submit',
        loading: false,
        disabled: false
      }

      at log (src/components/ui/Button.tsx:26:13)

    console.log
      [Button] Has onClick in props: false

      at log (src/components/ui/Button.tsx:27:13)

    console.log
      [Button] All props: {}

      at log (src/components/ui/Button.tsx:28:13)

    console.log
      [Button] Rendering with type: submit

      at log (src/components/ui/Button.tsx:25:13)

    console.log
      [Button] Props received: {
        variant: 'primary',
        size: 'lg',
        type: 'submit',
        loading: false,
        disabled: false
      }

      at log (src/components/ui/Button.tsx:26:13)

    console.log
      [Button] Has onClick in props: false

      at log (src/components/ui/Button.tsx:27:13)

    console.log
      [Button] All props: {}

      at log (src/components/ui/Button.tsx:28:13)

    console.log
      [Button] Rendering with type: submit

      at log (src/components/ui/Button.tsx:25:13)

    console.log
      [Button] Props received: {
        variant: 'primary',
        size: 'lg',
        type: 'submit',
        loading: false,
        disabled: false
      }

      at log (src/components/ui/Button.tsx:26:13)

    console.log
      [Button] Has onClick in props: false

      at log (src/components/ui/Button.tsx:27:13)

    console.log
      [Button] All props: {}

      at log (src/components/ui/Button.tsx:28:13)

    console.log
      [Button] Rendering with type: submit

      at log (src/components/ui/Button.tsx:25:13)

    console.log
      [Button] Props received: {
        variant: 'primary',
        size: 'lg',
        type: 'submit',
        loading: false,
        disabled: false
      }

      at log (src/components/ui/Button.tsx:26:13)

    console.log
      [Button] Has onClick in props: false

      at log (src/components/ui/Button.tsx:27:13)

    console.log
      [Button] All props: {}

      at log (src/components/ui/Button.tsx:28:13)

    console.log
      [Button] Rendering with type: submit

      at log (src/components/ui/Button.tsx:25:13)

    console.log
      [Button] Props received: {
        variant: 'primary',
        size: 'lg',
        type: 'submit',
        loading: false,
        disabled: false
      }

      at log (src/components/ui/Button.tsx:26:13)

    console.log
      [Button] Has onClick in props: false

      at log (src/components/ui/Button.tsx:27:13)

    console.log
      [Button] All props: {}

      at log (src/components/ui/Button.tsx:28:13)

    console.log
      [Button] Rendering with type: submit

      at log (src/components/ui/Button.tsx:25:13)

    console.log
      [Button] Props received: {
        variant: 'primary',
        size: 'lg',
        type: 'submit',
        loading: false,
        disabled: false
      }

      at log (src/components/ui/Button.tsx:26:13)

    console.log
      [Button] Has onClick in props: false

      at log (src/components/ui/Button.tsx:27:13)

    console.log
      [Button] All props: {}

      at log (src/components/ui/Button.tsx:28:13)

    console.log
      [Button] Rendering with type: submit

      at log (src/components/ui/Button.tsx:25:13)

    console.log
      [Button] Props received: {
        variant: 'primary',
        size: 'lg',
        type: 'submit',
        loading: false,
        disabled: false
      }

      at log (src/components/ui/Button.tsx:26:13)

    console.log
      [Button] Has onClick in props: false

      at log (src/components/ui/Button.tsx:27:13)

    console.log
      [Button] All props: {}

      at log (src/components/ui/Button.tsx:28:13)

    console.log
      [Button] Rendering with type: submit

      at log (src/components/ui/Button.tsx:25:13)

    console.log
      [Button] Props received: {
        variant: 'primary',
        size: 'lg',
        type: 'submit',
        loading: false,
        disabled: false
      }

      at log (src/components/ui/Button.tsx:26:13)

    console.log
      [Button] Has onClick in props: false

      at log (src/components/ui/Button.tsx:27:13)

    console.log
      [Button] All props: {}

      at log (src/components/ui/Button.tsx:28:13)

    console.log
      [Button] Rendering with type: submit

      at log (src/components/ui/Button.tsx:25:13)

    console.log
      [Button] Props received: {
        variant: 'primary',
        size: 'lg',
        type: 'submit',
        loading: false,
        disabled: false
      }

      at log (src/components/ui/Button.tsx:26:13)

    console.log
      [Button] Has onClick in props: false

      at log (src/components/ui/Button.tsx:27:13)

    console.log
      [Button] All props: {}

      at log (src/components/ui/Button.tsx:28:13)

    console.log
      [Button] Rendering with type: submit

      at log (src/components/ui/Button.tsx:25:13)

    console.log
      [Button] Props received: {
        variant: 'primary',
        size: 'lg',
        type: 'submit',
        loading: false,
        disabled: false
      }

      at log (src/components/ui/Button.tsx:26:13)

    console.log
      [Button] Has onClick in props: false

      at log (src/components/ui/Button.tsx:27:13)

    console.log
      [Button] All props: {}

      at log (src/components/ui/Button.tsx:28:13)

    console.log
      [Button] Rendering with type: submit

      at log (src/components/ui/Button.tsx:25:13)

    console.log
      [Button] Props received: {
        variant: 'primary',
        size: 'lg',
        type: 'submit',
        loading: false,
        disabled: false
      }

      at log (src/components/ui/Button.tsx:26:13)

    console.log
      [Button] Has onClick in props: false

      at log (src/components/ui/Button.tsx:27:13)

    console.log
      [Button] All props: {}

      at log (src/components/ui/Button.tsx:28:13)

    console.log
      [Button] Rendering with type: submit

      at log (src/components/ui/Button.tsx:25:13)

    console.log
      [Button] Props received: {
        variant: 'primary',
        size: 'lg',
        type: 'submit',
        loading: false,
        disabled: false
      }

      at log (src/components/ui/Button.tsx:26:13)

    console.log
      [Button] Has onClick in props: false

      at log (src/components/ui/Button.tsx:27:13)

    console.log
      [Button] All props: {}

      at log (src/components/ui/Button.tsx:28:13)

    console.log
      [Button] Rendering with type: submit

      at log (src/components/ui/Button.tsx:25:13)

    console.log
      [Button] Props received: {
        variant: 'primary',
        size: 'lg',
        type: 'submit',
        loading: false,
        disabled: false
      }

      at log (src/components/ui/Button.tsx:26:13)

    console.log
      [Button] Has onClick in props: false

      at log (src/components/ui/Button.tsx:27:13)

    console.log
      [Button] All props: {}

      at log (src/components/ui/Button.tsx:28:13)

    console.log
      [Button] Rendering with type: submit

      at log (src/components/ui/Button.tsx:25:13)

    console.log
      [Button] Props received: {
        variant: 'primary',
        size: 'lg',
        type: 'submit',
        loading: false,
        disabled: false
      }

      at log (src/components/ui/Button.tsx:26:13)

    console.log
      [Button] Has onClick in props: false

      at log (src/components/ui/Button.tsx:27:13)

    console.log
      [Button] All props: {}

      at log (src/components/ui/Button.tsx:28:13)

    console.log
      [Button] Rendering with type: submit

      at log (src/components/ui/Button.tsx:25:13)

    console.log
      [Button] Props received: {
        variant: 'primary',
        size: 'lg',
        type: 'submit',
        loading: false,
        disabled: false
      }

      at log (src/components/ui/Button.tsx:26:13)

    console.log
      [Button] Has onClick in props: false

      at log (src/components/ui/Button.tsx:27:13)

    console.log
      [Button] All props: {}

      at log (src/components/ui/Button.tsx:28:13)

    console.log
      [Button] Rendering with type: submit

      at log (src/components/ui/Button.tsx:25:13)

    console.log
      [Button] Props received: {
        variant: 'primary',
        size: 'lg',
        type: 'submit',
        loading: false,
        disabled: false
      }

      at log (src/components/ui/Button.tsx:26:13)

    console.log
      [Button] Has onClick in props: false

      at log (src/components/ui/Button.tsx:27:13)

    console.log
      [Button] All props: {}

      at log (src/components/ui/Button.tsx:28:13)

    console.log
      [Button] Rendering with type: submit

      at log (src/components/ui/Button.tsx:25:13)

    console.log
      [Button] Props received: {
        variant: 'primary',
        size: 'lg',
        type: 'submit',
        loading: false,
        disabled: false
      }

      at log (src/components/ui/Button.tsx:26:13)

    console.log
      [Button] Has onClick in props: false

      at log (src/components/ui/Button.tsx:27:13)

    console.log
      [Button] All props: {}

      at log (src/components/ui/Button.tsx:28:13)

    console.log
      [Button] Rendering with type: submit

      at log (src/components/ui/Button.tsx:25:13)

    console.log
      [Button] Props received: {
        variant: 'primary',
        size: 'lg',
        type: 'submit',
        loading: false,
        disabled: false
      }

      at log (src/components/ui/Button.tsx:26:13)

    console.log
      [Button] Has onClick in props: false

      at log (src/components/ui/Button.tsx:27:13)

    console.log
      [Button] All props: {}

      at log (src/components/ui/Button.tsx:28:13)

    console.log
      [Button] Rendering with type: submit

      at log (src/components/ui/Button.tsx:25:13)

    console.log
      [Button] Props received: {
        variant: 'primary',
        size: 'lg',
        type: 'submit',
        loading: false,
        disabled: false
      }

      at log (src/components/ui/Button.tsx:26:13)

    console.log
      [Button] Has onClick in props: false

      at log (src/components/ui/Button.tsx:27:13)

    console.log
      [Button] All props: {}

      at log (src/components/ui/Button.tsx:28:13)

    console.log
      [Button] Rendering with type: submit

      at log (src/components/ui/Button.tsx:25:13)

    console.log
      [Button] Props received: {
        variant: 'primary',
        size: 'lg',
        type: 'submit',
        loading: false,
        disabled: false
      }

      at log (src/components/ui/Button.tsx:26:13)

    console.log
      [Button] Has onClick in props: false

      at log (src/components/ui/Button.tsx:27:13)

    console.log
      [Button] All props: {}

      at log (src/components/ui/Button.tsx:28:13)

    console.log
      [Button] Rendering with type: submit

      at log (src/components/ui/Button.tsx:25:13)

    console.log
      [Button] Props received: {
        variant: 'primary',
        size: 'lg',
        type: 'submit',
        loading: false,
        disabled: false
      }

      at log (src/components/ui/Button.tsx:26:13)

    console.log
      [Button] Has onClick in props: false

      at log (src/components/ui/Button.tsx:27:13)

    console.log
      [Button] All props: {}

      at log (src/components/ui/Button.tsx:28:13)

    console.log
      [Button] Rendering with type: submit

      at log (src/components/ui/Button.tsx:25:13)

    console.log
      [Button] Props received: {
        variant: 'primary',
        size: 'lg',
        type: 'submit',
        loading: false,
        disabled: false
      }

      at log (src/components/ui/Button.tsx:26:13)

    console.log
      [Button] Has onClick in props: false

      at log (src/components/ui/Button.tsx:27:13)

    console.log
      [Button] All props: {}

      at log (src/components/ui/Button.tsx:28:13)

    console.log
      [Button] Rendering with type: submit

      at log (src/components/ui/Button.tsx:25:13)

    console.log
      [Button] Props received: {
        variant: 'primary',
        size: 'lg',
        type: 'submit',
        loading: false,
        disabled: false
      }

      at log (src/components/ui/Button.tsx:26:13)

    console.log
      [Button] Has onClick in props: false

      at log (src/components/ui/Button.tsx:27:13)

    console.log
      [Button] All props: {}

      at log (src/components/ui/Button.tsx:28:13)

    console.log
      [Button] Rendering with type: submit

      at log (src/components/ui/Button.tsx:25:13)

    console.log
      [Button] Props received: {
        variant: 'primary',
        size: 'lg',
        type: 'submit',
        loading: false,
        disabled: false
      }

      at log (src/components/ui/Button.tsx:26:13)

    console.log
      [Button] Has onClick in props: false

      at log (src/components/ui/Button.tsx:27:13)

    console.log
      [Button] All props: {}

      at log (src/components/ui/Button.tsx:28:13)

    console.log
      [Button] Rendering with type: submit

      at log (src/components/ui/Button.tsx:25:13)

    console.log
      [Button] Props received: {
        variant: 'primary',
        size: 'lg',
        type: 'submit',
        loading: false,
        disabled: false
      }

      at log (src/components/ui/Button.tsx:26:13)

    console.log
      [Button] Has onClick in props: false

      at log (src/components/ui/Button.tsx:27:13)

    console.log
      [Button] All props: {}

      at log (src/components/ui/Button.tsx:28:13)

    console.log
      [Button] Rendering with type: submit

      at log (src/components/ui/Button.tsx:25:13)

    console.log
      [Button] Props received: {
        variant: 'primary',
        size: 'lg',
        type: 'submit',
        loading: false,
        disabled: false
      }

      at log (src/components/ui/Button.tsx:26:13)

    console.log
      [Button] Has onClick in props: false

      at log (src/components/ui/Button.tsx:27:13)

    console.log
      [Button] All props: {}

      at log (src/components/ui/Button.tsx:28:13)

    console.log
      [Button] Rendering with type: submit

      at log (src/components/ui/Button.tsx:25:13)

    console.log
      [Button] Props received: {
        variant: 'primary',
        size: 'lg',
        type: 'submit',
        loading: false,
        disabled: false
      }

      at log (src/components/ui/Button.tsx:26:13)

    console.log
      [Button] Has onClick in props: false

      at log (src/components/ui/Button.tsx:27:13)

    console.log
      [Button] All props: {}

      at log (src/components/ui/Button.tsx:28:13)

    console.log
      [Button] Rendering with type: submit

      at log (src/components/ui/Button.tsx:25:13)

    console.log
      [Button] Props received: {
        variant: 'primary',
        size: 'lg',
        type: 'submit',
        loading: false,
        disabled: false
      }

      at log (src/components/ui/Button.tsx:26:13)

    console.log
      [Button] Has onClick in props: false

      at log (src/components/ui/Button.tsx:27:13)

    console.log
      [Button] All props: {}

      at log (src/components/ui/Button.tsx:28:13)

    console.log
      [Button] Rendering with type: submit

      at log (src/components/ui/Button.tsx:25:13)

    console.log
      [Button] Props received: {
        variant: 'primary',
        size: 'lg',
        type: 'submit',
        loading: false,
        disabled: false
      }

      at log (src/components/ui/Button.tsx:26:13)

    console.log
      [Button] Has onClick in props: false

      at log (src/components/ui/Button.tsx:27:13)

    console.log
      [Button] All props: {}

      at log (src/components/ui/Button.tsx:28:13)

    console.log
      [Button] Rendering with type: submit

      at log (src/components/ui/Button.tsx:25:13)

    console.log
      [Button] Props received: {
        variant: 'primary',
        size: 'lg',
        type: 'submit',
        loading: false,
        disabled: false
      }

      at log (src/components/ui/Button.tsx:26:13)

    console.log
      [Button] Has onClick in props: false

      at log (src/components/ui/Button.tsx:27:13)

    console.log
      [Button] All props: {}

      at log (src/components/ui/Button.tsx:28:13)

    console.log
      [Button] Rendering with type: submit

      at log (src/components/ui/Button.tsx:25:13)

    console.log
      [Button] Props received: {
        variant: 'primary',
        size: 'lg',
        type: 'submit',
        loading: false,
        disabled: false
      }

      at log (src/components/ui/Button.tsx:26:13)

    console.log
      [Button] Has onClick in props: false

      at log (src/components/ui/Button.tsx:27:13)

    console.log
      [Button] All props: {}

      at log (src/components/ui/Button.tsx:28:13)

    console.log
      [Button] Rendering with type: submit

      at log (src/components/ui/Button.tsx:25:13)

    console.log
      [Button] Props received: {
        variant: 'primary',
        size: 'lg',
        type: 'submit',
        loading: false,
        disabled: false
      }

      at log (src/components/ui/Button.tsx:26:13)

    console.log
      [Button] Has onClick in props: false

      at log (src/components/ui/Button.tsx:27:13)

    console.log
      [Button] All props: {}

      at log (src/components/ui/Button.tsx:28:13)

    console.log
      [Button] Rendering with type: submit

      at log (src/components/ui/Button.tsx:25:13)

    console.log
      [Button] Props received: {
        variant: 'primary',
        size: 'lg',
        type: 'submit',
        loading: false,
        disabled: false
      }

      at log (src/components/ui/Button.tsx:26:13)

    console.log
      [Button] Has onClick in props: false

      at log (src/components/ui/Button.tsx:27:13)

    console.log
      [Button] All props: {}

      at log (src/components/ui/Button.tsx:28:13)

    console.log
      [Button] Rendering with type: submit

      at log (src/components/ui/Button.tsx:25:13)

    console.log
      [Button] Props received: {
        variant: 'primary',
        size: 'lg',
        type: 'submit',
        loading: false,
        disabled: false
      }

      at log (src/components/ui/Button.tsx:26:13)

    console.log
      [Button] Has onClick in props: false

      at log (src/components/ui/Button.tsx:27:13)

    console.log
      [Button] All props: {}

      at log (src/components/ui/Button.tsx:28:13)

    console.log
      [Button] Rendering with type: submit

      at log (src/components/ui/Button.tsx:25:13)

    console.log
      [Button] Props received: {
        variant: 'primary',
        size: 'lg',
        type: 'submit',
        loading: false,
        disabled: false
      }

      at log (src/components/ui/Button.tsx:26:13)

    console.log
      [Button] Has onClick in props: false

      at log (src/components/ui/Button.tsx:27:13)

    console.log
      [Button] All props: {}

      at log (src/components/ui/Button.tsx:28:13)

    console.log
      [Button] Rendering with type: submit

      at log (src/components/ui/Button.tsx:25:13)

    console.log
      [Button] Props received: {
        variant: 'primary',
        size: 'lg',
        type: 'submit',
        loading: false,
        disabled: false
      }

      at log (src/components/ui/Button.tsx:26:13)

    console.log
      [Button] Has onClick in props: false

      at log (src/components/ui/Button.tsx:27:13)

    console.log
      [Button] All props: {}

      at log (src/components/ui/Button.tsx:28:13)

    console.log
      [Button] Rendering with type: submit

      at log (src/components/ui/Button.tsx:25:13)

    console.log
      [Button] Props received: {
        variant: 'primary',
        size: 'lg',
        type: 'submit',
        loading: false,
        disabled: false
      }

      at log (src/components/ui/Button.tsx:26:13)

    console.log
      [Button] Has onClick in props: false

      at log (src/components/ui/Button.tsx:27:13)

    console.log
      [Button] All props: {}

      at log (src/components/ui/Button.tsx:28:13)

    console.log
      [Button] Rendering with type: submit

      at log (src/components/ui/Button.tsx:25:13)

    console.log
      [Button] Props received: {
        variant: 'primary',
        size: 'lg',
        type: 'submit',
        loading: false,
        disabled: false
      }

      at log (src/components/ui/Button.tsx:26:13)

    console.log
      [Button] Has onClick in props: false

      at log (src/components/ui/Button.tsx:27:13)

    console.log
      [Button] All props: {}

      at log (src/components/ui/Button.tsx:28:13)

    console.log
      [Button] Rendering with type: submit

      at log (src/components/ui/Button.tsx:25:13)

    console.log
      [Button] Props received: {
        variant: 'primary',
        size: 'lg',
        type: 'submit',
        loading: false,
        disabled: false
      }

      at log (src/components/ui/Button.tsx:26:13)

    console.log
      [Button] Has onClick in props: false

      at log (src/components/ui/Button.tsx:27:13)

    console.log
      [Button] All props: {}

      at log (src/components/ui/Button.tsx:28:13)

    console.log
      [Button] Rendering with type: submit

      at log (src/components/ui/Button.tsx:25:13)

    console.log
      [Button] Props received: {
        variant: 'primary',
        size: 'lg',
        type: 'submit',
        loading: false,
        disabled: false
      }

      at log (src/components/ui/Button.tsx:26:13)

    console.log
      [Button] Has onClick in props: false

      at log (src/components/ui/Button.tsx:27:13)

    console.log
      [Button] All props: {}

      at log (src/components/ui/Button.tsx:28:13)

    console.log
      [Button] Rendering with type: submit

      at log (src/components/ui/Button.tsx:25:13)

    console.log
      [Button] Props received: {
        variant: 'primary',
        size: 'lg',
        type: 'submit',
        loading: false,
        disabled: false
      }

      at log (src/components/ui/Button.tsx:26:13)

    console.log
      [Button] Has onClick in props: false

      at log (src/components/ui/Button.tsx:27:13)

    console.log
      [Button] All props: {}

      at log (src/components/ui/Button.tsx:28:13)

    console.log
      [Button] Rendering with type: submit

      at log (src/components/ui/Button.tsx:25:13)

    console.log
      [Button] Props received: {
        variant: 'primary',
        size: 'lg',
        type: 'submit',
        loading: false,
        disabled: false
      }

      at log (src/components/ui/Button.tsx:26:13)

    console.log
      [Button] Has onClick in props: false

      at log (src/components/ui/Button.tsx:27:13)

    console.log
      [Button] All props: {}

      at log (src/components/ui/Button.tsx:28:13)

    console.log
      [Button] Rendering with type: submit

      at log (src/components/ui/Button.tsx:25:13)

    console.log
      [Button] Props received: {
        variant: 'primary',
        size: 'lg',
        type: 'submit',
        loading: false,
        disabled: false
      }

      at log (src/components/ui/Button.tsx:26:13)

    console.log
      [Button] Has onClick in props: false

      at log (src/components/ui/Button.tsx:27:13)

    console.log
      [Button] All props: {}

      at log (src/components/ui/Button.tsx:28:13)

    console.log
      [Button] Rendering with type: submit

      at log (src/components/ui/Button.tsx:25:13)

    console.log
      [Button] Props received: {
        variant: 'primary',
        size: 'lg',
        type: 'submit',
        loading: false,
        disabled: false
      }

      at log (src/components/ui/Button.tsx:26:13)

    console.log
      [Button] Has onClick in props: false

      at log (src/components/ui/Button.tsx:27:13)

    console.log
      [Button] All props: {}

      at log (src/components/ui/Button.tsx:28:13)

    console.log
      [Button] Rendering with type: submit

      at log (src/components/ui/Button.tsx:25:13)

    console.log
      [Button] Props received: {
        variant: 'primary',
        size: 'lg',
        type: 'submit',
        loading: false,
        disabled: false
      }

      at log (src/components/ui/Button.tsx:26:13)

    console.log
      [Button] Has onClick in props: false

      at log (src/components/ui/Button.tsx:27:13)

    console.log
      [Button] All props: {}

      at log (src/components/ui/Button.tsx:28:13)

    console.log
      [Button] Rendering with type: submit

      at log (src/components/ui/Button.tsx:25:13)

    console.log
      [Button] Props received: {
        variant: 'primary',
        size: 'lg',
        type: 'submit',
        loading: false,
        disabled: false
      }

      at log (src/components/ui/Button.tsx:26:13)

    console.log
      [Button] Has onClick in props: false

      at log (src/components/ui/Button.tsx:27:13)

    console.log
      [Button] All props: {}

      at log (src/components/ui/Button.tsx:28:13)

    console.log
      [Button] Rendering with type: submit

      at log (src/components/ui/Button.tsx:25:13)

    console.log
      [Button] Props received: {
        variant: 'primary',
        size: 'lg',
        type: 'submit',
        loading: false,
        disabled: false
      }

      at log (src/components/ui/Button.tsx:26:13)

    console.log
      [Button] Has onClick in props: false

      at log (src/components/ui/Button.tsx:27:13)

    console.log
      [Button] All props: {}

      at log (src/components/ui/Button.tsx:28:13)

    console.log
      [Button] Rendering with type: submit

      at log (src/components/ui/Button.tsx:25:13)

    console.log
      [Button] Props received: {
        variant: 'primary',
        size: 'lg',
        type: 'submit',
        loading: false,
        disabled: false
      }

      at log (src/components/ui/Button.tsx:26:13)

    console.log
      [Button] Has onClick in props: false

      at log (src/components/ui/Button.tsx:27:13)

    console.log
      [Button] All props: {}

      at log (src/components/ui/Button.tsx:28:13)

    console.log
      [Button] Rendering with type: submit

      at log (src/components/ui/Button.tsx:25:13)

    console.log
      [Button] Props received: {
        variant: 'primary',
        size: 'lg',
        type: 'submit',
        loading: false,
        disabled: false
      }

      at log (src/components/ui/Button.tsx:26:13)

    console.log
      [Button] Has onClick in props: false

      at log (src/components/ui/Button.tsx:27:13)

    console.log
      [Button] All props: {}

      at log (src/components/ui/Button.tsx:28:13)

    console.log
      [Button] Rendering with type: submit

      at log (src/components/ui/Button.tsx:25:13)

    console.log
      [Button] Props received: {
        variant: 'primary',
        size: 'lg',
        type: 'submit',
        loading: false,
        disabled: false
      }

      at log (src/components/ui/Button.tsx:26:13)

    console.log
      [Button] Has onClick in props: false

      at log (src/components/ui/Button.tsx:27:13)

    console.log
      [Button] All props: {}

      at log (src/components/ui/Button.tsx:28:13)

    console.log
      [Button] Rendering with type: submit

      at log (src/components/ui/Button.tsx:25:13)

    console.log
      [Button] Props received: {
        variant: 'primary',
        size: 'lg',
        type: 'submit',
        loading: false,
        disabled: false
      }

      at log (src/components/ui/Button.tsx:26:13)

    console.log
      [Button] Has onClick in props: false

      at log (src/components/ui/Button.tsx:27:13)

    console.log
      [Button] All props: {}

      at log (src/components/ui/Button.tsx:28:13)

    console.log
      [Button] Rendering with type: submit

      at log (src/components/ui/Button.tsx:25:13)

    console.log
      [Button] Props received: {
        variant: 'primary',
        size: 'lg',
        type: 'submit',
        loading: false,
        disabled: false
      }

      at log (src/components/ui/Button.tsx:26:13)

    console.log
      [Button] Has onClick in props: false

      at log (src/components/ui/Button.tsx:27:13)

    console.log
      [Button] All props: {}

      at log (src/components/ui/Button.tsx:28:13)

    console.log
      [Button] Rendering with type: submit

      at log (src/components/ui/Button.tsx:25:13)

    console.log
      [Button] Props received: {
        variant: 'primary',
        size: 'lg',
        type: 'submit',
        loading: false,
        disabled: false
      }

      at log (src/components/ui/Button.tsx:26:13)

    console.log
      [Button] Has onClick in props: false

      at log (src/components/ui/Button.tsx:27:13)

    console.log
      [Button] All props: {}

      at log (src/components/ui/Button.tsx:28:13)

    console.log
      [Button] Rendering with type: submit

      at log (src/components/ui/Button.tsx:25:13)

    console.log
      [Button] Props received: {
        variant: 'primary',
        size: 'lg',
        type: 'submit',
        loading: false,
        disabled: false
      }

      at log (src/components/ui/Button.tsx:26:13)

    console.log
      [Button] Has onClick in props: false

      at log (src/components/ui/Button.tsx:27:13)

    console.log
      [Button] All props: {}

      at log (src/components/ui/Button.tsx:28:13)

    console.log
      [Button] Rendering with type: submit

      at log (src/components/ui/Button.tsx:25:13)

    console.log
      [Button] Props received: {
        variant: 'primary',
        size: 'lg',
        type: 'submit',
        loading: false,
        disabled: false
      }

      at log (src/components/ui/Button.tsx:26:13)

    console.log
      [Button] Has onClick in props: false

      at log (src/components/ui/Button.tsx:27:13)

    console.log
      [Button] All props: {}

      at log (src/components/ui/Button.tsx:28:13)

    console.log
      [Button] Rendering with type: submit

      at log (src/components/ui/Button.tsx:25:13)

    console.log
      [Button] Props received: {
        variant: 'primary',
        size: 'lg',
        type: 'submit',
        loading: false,
        disabled: false
      }

      at log (src/components/ui/Button.tsx:26:13)

    console.log
      [Button] Has onClick in props: false

      at log (src/components/ui/Button.tsx:27:13)

    console.log
      [Button] All props: {}

      at log (src/components/ui/Button.tsx:28:13)

    console.log
      [Button] Rendering with type: submit

      at log (src/components/ui/Button.tsx:25:13)

    console.log
      [Button] Props received: {
        variant: 'primary',
        size: 'lg',
        type: 'submit',
        loading: false,
        disabled: false
      }

      at log (src/components/ui/Button.tsx:26:13)

    console.log
      [Button] Has onClick in props: false

      at log (src/components/ui/Button.tsx:27:13)

    console.log
      [Button] All props: {}

      at log (src/components/ui/Button.tsx:28:13)

    console.log
      [Button] Rendering with type: submit

      at log (src/components/ui/Button.tsx:25:13)

    console.log
      [Button] Props received: {
        variant: 'primary',
        size: 'lg',
        type: 'submit',
        loading: false,
        disabled: false
      }

      at log (src/components/ui/Button.tsx:26:13)

    console.log
      [Button] Has onClick in props: false

      at log (src/components/ui/Button.tsx:27:13)

    console.log
      [Button] All props: {}

      at log (src/components/ui/Button.tsx:28:13)

    console.log
      [Button] Rendering with type: submit

      at log (src/components/ui/Button.tsx:25:13)

    console.log
      [Button] Props received: {
        variant: 'primary',
        size: 'lg',
        type: 'submit',
        loading: false,
        disabled: false
      }

      at log (src/components/ui/Button.tsx:26:13)

    console.log
      [Button] Has onClick in props: false

      at log (src/components/ui/Button.tsx:27:13)

    console.log
      [Button] All props: {}

      at log (src/components/ui/Button.tsx:28:13)

    console.log
      [Button] Rendering with type: submit

      at log (src/components/ui/Button.tsx:25:13)

    console.log
      [Button] Props received: {
        variant: 'primary',
        size: 'lg',
        type: 'submit',
        loading: false,
        disabled: false
      }

      at log (src/components/ui/Button.tsx:26:13)

    console.log
      [Button] Has onClick in props: false

      at log (src/components/ui/Button.tsx:27:13)

    console.log
      [Button] All props: {}

      at log (src/components/ui/Button.tsx:28:13)

    console.log
      [Button] Rendering with type: submit

      at log (src/components/ui/Button.tsx:25:13)

    console.log
      [Button] Props received: {
        variant: 'primary',
        size: 'lg',
        type: 'submit',
        loading: false,
        disabled: false
      }

      at log (src/components/ui/Button.tsx:26:13)

    console.log
      [Button] Has onClick in props: false

      at log (src/components/ui/Button.tsx:27:13)

    console.log
      [Button] All props: {}

      at log (src/components/ui/Button.tsx:28:13)

    console.log
      [Button] Rendering with type: submit

      at log (src/components/ui/Button.tsx:25:13)

    console.log
      [Button] Props received: {
        variant: 'primary',
        size: 'lg',
        type: 'submit',
        loading: false,
        disabled: false
      }

      at log (src/components/ui/Button.tsx:26:13)

    console.log
      [Button] Has onClick in props: false

      at log (src/components/ui/Button.tsx:27:13)

    console.log
      [Button] All props: {}

      at log (src/components/ui/Button.tsx:28:13)

    console.log
      [Button] Rendering with type: submit

      at log (src/components/ui/Button.tsx:25:13)

    console.log
      [Button] Props received: {
        variant: 'primary',
        size: 'lg',
        type: 'submit',
        loading: false,
        disabled: false
      }

      at log (src/components/ui/Button.tsx:26:13)

    console.log
      [Button] Has onClick in props: false

      at log (src/components/ui/Button.tsx:27:13)

    console.log
      [Button] All props: {}

      at log (src/components/ui/Button.tsx:28:13)

    console.log
      [Button] Rendering with type: submit

      at log (src/components/ui/Button.tsx:25:13)

    console.log
      [Button] Props received: {
        variant: 'primary',
        size: 'lg',
        type: 'submit',
        loading: false,
        disabled: false
      }

      at log (src/components/ui/Button.tsx:26:13)

    console.log
      [Button] Has onClick in props: false

      at log (src/components/ui/Button.tsx:27:13)

    console.log
      [Button] All props: {}

      at log (src/components/ui/Button.tsx:28:13)

    console.log
      [Button] Rendering with type: submit

      at log (src/components/ui/Button.tsx:25:13)

    console.log
      [Button] Props received: {
        variant: 'primary',
        size: 'lg',
        type: 'submit',
        loading: false,
        disabled: false
      }

      at log (src/components/ui/Button.tsx:26:13)

    console.log
      [Button] Has onClick in props: false

      at log (src/components/ui/Button.tsx:27:13)

    console.log
      [Button] All props: {}

      at log (src/components/ui/Button.tsx:28:13)

    console.log
      [Button] Rendering with type: submit

      at log (src/components/ui/Button.tsx:25:13)

    console.log
      [Button] Props received: {
        variant: 'primary',
        size: 'lg',
        type: 'submit',
        loading: false,
        disabled: false
      }

      at log (src/components/ui/Button.tsx:26:13)

    console.log
      [Button] Has onClick in props: false

      at log (src/components/ui/Button.tsx:27:13)

    console.log
      [Button] All props: {}

      at log (src/components/ui/Button.tsx:28:13)

    console.log
      [Button] Rendering with type: submit

      at log (src/components/ui/Button.tsx:25:13)

    console.log
      [Button] Props received: {
        variant: 'primary',
        size: 'lg',
        type: 'submit',
        loading: false,
        disabled: false
      }

      at log (src/components/ui/Button.tsx:26:13)

    console.log
      [Button] Has onClick in props: false

      at log (src/components/ui/Button.tsx:27:13)

    console.log
      [Button] All props: {}

      at log (src/components/ui/Button.tsx:28:13)

    console.log
      [Button] Rendering with type: submit

      at log (src/components/ui/Button.tsx:25:13)

    console.log
      [Button] Props received: {
        variant: 'primary',
        size: 'lg',
        type: 'submit',
        loading: false,
        disabled: false
      }

      at log (src/components/ui/Button.tsx:26:13)

    console.log
      [Button] Has onClick in props: false

      at log (src/components/ui/Button.tsx:27:13)

    console.log
      [Button] All props: {}

      at log (src/components/ui/Button.tsx:28:13)

    console.log
      [Button] Rendering with type: submit

      at log (src/components/ui/Button.tsx:25:13)

    console.log
      [Button] Props received: {
        variant: 'primary',
        size: 'lg',
        type: 'submit',
        loading: false,
        disabled: false
      }

      at log (src/components/ui/Button.tsx:26:13)

    console.log
      [Button] Has onClick in props: false

      at log (src/components/ui/Button.tsx:27:13)

    console.log
      [Button] All props: {}

      at log (src/components/ui/Button.tsx:28:13)

    console.log
      [Button] Rendering with type: submit

      at log (src/components/ui/Button.tsx:25:13)

    console.log
      [Button] Props received: {
        variant: 'primary',
        size: 'lg',
        type: 'submit',
        loading: false,
        disabled: false
      }

      at log (src/components/ui/Button.tsx:26:13)

    console.log
      [Button] Has onClick in props: false

      at log (src/components/ui/Button.tsx:27:13)

    console.log
      [Button] All props: {}

      at log (src/components/ui/Button.tsx:28:13)

    console.log
      [Button] Rendering with type: submit

      at log (src/components/ui/Button.tsx:25:13)

    console.log
      [Button] Props received: {
        variant: 'primary',
        size: 'lg',
        type: 'submit',
        loading: false,
        disabled: false
      }

      at log (src/components/ui/Button.tsx:26:13)

    console.log
      [Button] Has onClick in props: false

      at log (src/components/ui/Button.tsx:27:13)

    console.log
      [Button] All props: {}

      at log (src/components/ui/Button.tsx:28:13)

    console.log
      [Button] Rendering with type: submit

      at log (src/components/ui/Button.tsx:25:13)

    console.log
      [Button] Props received: {
        variant: 'primary',
        size: 'lg',
        type: 'submit',
        loading: false,
        disabled: false
      }

      at log (src/components/ui/Button.tsx:26:13)

    console.log
      [Button] Has onClick in props: false

      at log (src/components/ui/Button.tsx:27:13)

    console.log
      [Button] All props: {}

      at log (src/components/ui/Button.tsx:28:13)

    console.log
      [Button] Rendering with type: submit

      at log (src/components/ui/Button.tsx:25:13)

    console.log
      [Button] Props received: {
        variant: 'primary',
        size: 'lg',
        type: 'submit',
        loading: false,
        disabled: false
      }

      at log (src/components/ui/Button.tsx:26:13)

    console.log
      [Button] Has onClick in props: false

      at log (src/components/ui/Button.tsx:27:13)

    console.log
      [Button] All props: {}

      at log (src/components/ui/Button.tsx:28:13)

    console.log
      [Button] Rendering with type: submit

      at log (src/components/ui/Button.tsx:25:13)

    console.log
      [Button] Props received: {
        variant: 'primary',
        size: 'lg',
        type: 'submit',
        loading: false,
        disabled: false
      }

      at log (src/components/ui/Button.tsx:26:13)

    console.log
      [Button] Has onClick in props: false

      at log (src/components/ui/Button.tsx:27:13)

    console.log
      [Button] All props: {}

      at log (src/components/ui/Button.tsx:28:13)

    console.log
      [Button] Rendering with type: submit

      at log (src/components/ui/Button.tsx:25:13)

    console.log
      [Button] Props received: {
        variant: 'primary',
        size: 'lg',
        type: 'submit',
        loading: false,
        disabled: false
      }

      at log (src/components/ui/Button.tsx:26:13)

    console.log
      [Button] Has onClick in props: false

      at log (src/components/ui/Button.tsx:27:13)

    console.log
      [Button] All props: {}

      at log (src/components/ui/Button.tsx:28:13)

    console.log
      [Button] Rendering with type: submit

      at log (src/components/ui/Button.tsx:25:13)

    console.log
      [Button] Props received: {
        variant: 'primary',
        size: 'lg',
        type: 'submit',
        loading: false,
        disabled: false
      }

      at log (src/components/ui/Button.tsx:26:13)

    console.log
      [Button] Has onClick in props: false

      at log (src/components/ui/Button.tsx:27:13)

    console.log
      [Button] All props: {}

      at log (src/components/ui/Button.tsx:28:13)

    console.log
      [Button] Rendering with type: submit

      at log (src/components/ui/Button.tsx:25:13)

    console.log
      [Button] Props received: {
        variant: 'primary',
        size: 'lg',
        type: 'submit',
        loading: false,
        disabled: false
      }

      at log (src/components/ui/Button.tsx:26:13)

    console.log
      [Button] Has onClick in props: false

      at log (src/components/ui/Button.tsx:27:13)

    console.log
      [Button] All props: {}

      at log (src/components/ui/Button.tsx:28:13)

    console.log
      [Button] Rendering with type: submit

      at log (src/components/ui/Button.tsx:25:13)

    console.log
      [Button] Props received: {
        variant: 'primary',
        size: 'lg',
        type: 'submit',
        loading: false,
        disabled: false
      }

      at log (src/components/ui/Button.tsx:26:13)

    console.log
      [Button] Has onClick in props: false

      at log (src/components/ui/Button.tsx:27:13)

    console.log
      [Button] All props: {}

      at log (src/components/ui/Button.tsx:28:13)

    console.log
      [Button] Rendering with type: submit

      at log (src/components/ui/Button.tsx:25:13)

    console.log
      [Button] Props received: {
        variant: 'primary',
        size: 'lg',
        type: 'submit',
        loading: false,
        disabled: false
      }

      at log (src/components/ui/Button.tsx:26:13)

    console.log
      [Button] Has onClick in props: false

      at log (src/components/ui/Button.tsx:27:13)

    console.log
      [Button] All props: {}

      at log (src/components/ui/Button.tsx:28:13)

    console.log
      [Button] Rendering with type: submit

      at log (src/components/ui/Button.tsx:25:13)

    console.log
      [Button] Props received: {
        variant: 'primary',
        size: 'lg',
        type: 'submit',
        loading: false,
        disabled: false
      }

      at log (src/components/ui/Button.tsx:26:13)

    console.log
      [Button] Has onClick in props: false

      at log (src/components/ui/Button.tsx:27:13)

    console.log
      [Button] All props: {}

      at log (src/components/ui/Button.tsx:28:13)

    console.log
      [Button] Rendering with type: submit

      at log (src/components/ui/Button.tsx:25:13)

    console.log
      [Button] Props received: {
        variant: 'primary',
        size: 'lg',
        type: 'submit',
        loading: false,
        disabled: false
      }

      at log (src/components/ui/Button.tsx:26:13)

    console.log
      [Button] Has onClick in props: false

      at log (src/components/ui/Button.tsx:27:13)

    console.log
      [Button] All props: {}

      at log (src/components/ui/Button.tsx:28:13)

    console.log
      [Button] Rendering with type: submit

      at log (src/components/ui/Button.tsx:25:13)

    console.log
      [Button] Props received: {
        variant: 'primary',
        size: 'lg',
        type: 'submit',
        loading: false,
        disabled: false
      }

      at log (src/components/ui/Button.tsx:26:13)

    console.log
      [Button] Has onClick in props: false

      at log (src/components/ui/Button.tsx:27:13)

    console.log
      [Button] All props: {}

      at log (src/components/ui/Button.tsx:28:13)

    console.log
      [Button] Rendering with type: submit

      at log (src/components/ui/Button.tsx:25:13)

    console.log
      [Button] Props received: {
        variant: 'primary',
        size: 'lg',
        type: 'submit',
        loading: false,
        disabled: false
      }

      at log (src/components/ui/Button.tsx:26:13)

    console.log
      [Button] Has onClick in props: false

      at log (src/components/ui/Button.tsx:27:13)

    console.log
      [Button] All props: {}

      at log (src/components/ui/Button.tsx:28:13)

    console.log
      [Button] Rendering with type: submit

      at log (src/components/ui/Button.tsx:25:13)

    console.log
      [Button] Props received: {
        variant: 'primary',
        size: 'lg',
        type: 'submit',
        loading: false,
        disabled: false
      }

      at log (src/components/ui/Button.tsx:26:13)

    console.log
      [Button] Has onClick in props: false

      at log (src/components/ui/Button.tsx:27:13)

    console.log
      [Button] All props: {}

      at log (src/components/ui/Button.tsx:28:13)

    console.log
      [Button] Rendering with type: submit

      at log (src/components/ui/Button.tsx:25:13)

    console.log
      [Button] Props received: {
        variant: 'primary',
        size: 'lg',
        type: 'submit',
        loading: false,
        disabled: false
      }

      at log (src/components/ui/Button.tsx:26:13)

    console.log
      [Button] Has onClick in props: false

      at log (src/components/ui/Button.tsx:27:13)

    console.log
      [Button] All props: {}

      at log (src/components/ui/Button.tsx:28:13)

    console.log
      [Button] Rendering with type: submit

      at log (src/components/ui/Button.tsx:25:13)

    console.log
      [Button] Props received: {
        variant: 'primary',
        size: 'lg',
        type: 'submit',
        loading: false,
        disabled: false
      }

      at log (src/components/ui/Button.tsx:26:13)

    console.log
      [Button] Has onClick in props: false

      at log (src/components/ui/Button.tsx:27:13)

    console.log
      [Button] All props: {}

      at log (src/components/ui/Button.tsx:28:13)

    console.log
      [Button] Rendering with type: submit

      at log (src/components/ui/Button.tsx:25:13)

    console.log
      [Button] Props received: {
        variant: 'primary',
        size: 'lg',
        type: 'submit',
        loading: false,
        disabled: false
      }

      at log (src/components/ui/Button.tsx:26:13)

    console.log
      [Button] Has onClick in props: false

      at log (src/components/ui/Button.tsx:27:13)

    console.log
      [Button] All props: {}

      at log (src/components/ui/Button.tsx:28:13)

    console.log
      [Button] Rendering with type: submit

      at log (src/components/ui/Button.tsx:25:13)

    console.log
      [Button] Props received: {
        variant: 'primary',
        size: 'lg',
        type: 'submit',
        loading: false,
        disabled: false
      }

      at log (src/components/ui/Button.tsx:26:13)

    console.log
      [Button] Has onClick in props: false

      at log (src/components/ui/Button.tsx:27:13)

    console.log
      [Button] All props: {}

      at log (src/components/ui/Button.tsx:28:13)

    console.log
      [Button] Rendering with type: submit

      at log (src/components/ui/Button.tsx:25:13)

    console.log
      [Button] Props received: {
        variant: 'primary',
        size: 'lg',
        type: 'submit',
        loading: false,
        disabled: false
      }

      at log (src/components/ui/Button.tsx:26:13)

    console.log
      [Button] Has onClick in props: false

      at log (src/components/ui/Button.tsx:27:13)

    console.log
      [Button] All props: {}

      at log (src/components/ui/Button.tsx:28:13)

    console.log
      [Button] Rendering with type: submit

      at log (src/components/ui/Button.tsx:25:13)

    console.log
      [Button] Props received: {
        variant: 'primary',
        size: 'lg',
        type: 'submit',
        loading: false,
        disabled: false
      }

      at log (src/components/ui/Button.tsx:26:13)

    console.log
      [Button] Has onClick in props: false

      at log (src/components/ui/Button.tsx:27:13)

    console.log
      [Button] All props: {}

      at log (src/components/ui/Button.tsx:28:13)

    console.log
      [Button] Rendering with type: submit

      at log (src/components/ui/Button.tsx:25:13)

    console.log
      [Button] Props received: {
        variant: 'primary',
        size: 'lg',
        type: 'submit',
        loading: false,
        disabled: false
      }

      at log (src/components/ui/Button.tsx:26:13)

    console.log
      [Button] Has onClick in props: false

      at log (src/components/ui/Button.tsx:27:13)

    console.log
      [Button] All props: {}

      at log (src/components/ui/Button.tsx:28:13)

    console.log
      [Button] Rendering with type: submit

      at log (src/components/ui/Button.tsx:25:13)

    console.log
      [Button] Props received: {
        variant: 'primary',
        size: 'lg',
        type: 'submit',
        loading: false,
        disabled: false
      }

      at log (src/components/ui/Button.tsx:26:13)

    console.log
      [Button] Has onClick in props: false

      at log (src/components/ui/Button.tsx:27:13)

    console.log
      [Button] All props: {}

      at log (src/components/ui/Button.tsx:28:13)

    console.log
      [Button] Rendering with type: submit

      at log (src/components/ui/Button.tsx:25:13)

    console.log
      [Button] Props received: {
        variant: 'primary',
        size: 'lg',
        type: 'submit',
        loading: false,
        disabled: false
      }

      at log (src/components/ui/Button.tsx:26:13)

    console.log
      [Button] Has onClick in props: false

      at log (src/components/ui/Button.tsx:27:13)

    console.log
      [Button] All props: {}

      at log (src/components/ui/Button.tsx:28:13)

    console.log
      [Button] Rendering with type: submit

      at log (src/components/ui/Button.tsx:25:13)

    console.log
      [Button] Props received: {
        variant: 'primary',
        size: 'lg',
        type: 'submit',
        loading: false,
        disabled: false
      }

      at log (src/components/ui/Button.tsx:26:13)

    console.log
      [Button] Has onClick in props: false

      at log (src/components/ui/Button.tsx:27:13)

    console.log
      [Button] All props: {}

      at log (src/components/ui/Button.tsx:28:13)

    console.log
      [Button] Rendering with type: submit

      at log (src/components/ui/Button.tsx:25:13)

    console.log
      [Button] Props received: {
        variant: 'primary',
        size: 'lg',
        type: 'submit',
        loading: false,
        disabled: false
      }

      at log (src/components/ui/Button.tsx:26:13)

    console.log
      [Button] Has onClick in props: false

      at log (src/components/ui/Button.tsx:27:13)

    console.log
      [Button] All props: {}

      at log (src/components/ui/Button.tsx:28:13)

    console.log
      [Button] Rendering with type: submit

      at log (src/components/ui/Button.tsx:25:13)

    console.log
      [Button] Props received: {
        variant: 'primary',
        size: 'lg',
        type: 'submit',
        loading: false,
        disabled: false
      }

      at log (src/components/ui/Button.tsx:26:13)

    console.log
      [Button] Has onClick in props: false

      at log (src/components/ui/Button.tsx:27:13)

    console.log
      [Button] All props: {}

      at log (src/components/ui/Button.tsx:28:13)

    console.log
      [Button] Rendering with type: submit

      at log (src/components/ui/Button.tsx:25:13)

    console.log
      [Button] Props received: {
        variant: 'primary',
        size: 'lg',
        type: 'submit',
        loading: false,
        disabled: false
      }

      at log (src/components/ui/Button.tsx:26:13)

    console.log
      [Button] Has onClick in props: false

      at log (src/components/ui/Button.tsx:27:13)

    console.log
      [Button] All props: {}

      at log (src/components/ui/Button.tsx:28:13)

    console.log
      [Button] Rendering with type: submit

      at log (src/components/ui/Button.tsx:25:13)

    console.log
      [Button] Props received: {
        variant: 'primary',
        size: 'lg',
        type: 'submit',
        loading: false,
        disabled: false
      }

      at log (src/components/ui/Button.tsx:26:13)

    console.log
      [Button] Has onClick in props: false

      at log (src/components/ui/Button.tsx:27:13)

    console.log
      [Button] All props: {}

      at log (src/components/ui/Button.tsx:28:13)

    console.log
      [Button] Rendering with type: submit

      at log (src/components/ui/Button.tsx:25:13)

    console.log
      [Button] Props received: {
        variant: 'primary',
        size: 'lg',
        type: 'submit',
        loading: false,
        disabled: false
      }

      at log (src/components/ui/Button.tsx:26:13)

    console.log
      [Button] Has onClick in props: false

      at log (src/components/ui/Button.tsx:27:13)

    console.log
      [Button] All props: {}

      at log (src/components/ui/Button.tsx:28:13)

    console.log
      [Button] Rendering with type: submit

      at log (src/components/ui/Button.tsx:25:13)

    console.log
      [Button] Props received: {
        variant: 'primary',
        size: 'lg',
        type: 'submit',
        loading: false,
        disabled: false
      }

      at log (src/components/ui/Button.tsx:26:13)

    console.log
      [Button] Has onClick in props: false

      at log (src/components/ui/Button.tsx:27:13)

    console.log
      [Button] All props: {}

      at log (src/components/ui/Button.tsx:28:13)

    console.log
      [Button] Rendering with type: submit

      at log (src/components/ui/Button.tsx:25:13)

    console.log
      [Button] Props received: {
        variant: 'primary',
        size: 'lg',
        type: 'submit',
        loading: false,
        disabled: false
      }

      at log (src/components/ui/Button.tsx:26:13)

    console.log
      [Button] Has onClick in props: false

      at log (src/components/ui/Button.tsx:27:13)

    console.log
      [Button] All props: {}

      at log (src/components/ui/Button.tsx:28:13)

    console.log
      [Button] Rendering with type: submit

      at log (src/components/ui/Button.tsx:25:13)

    console.log
      [Button] Props received: {
        variant: 'primary',
        size: 'lg',
        type: 'submit',
        loading: false,
        disabled: false
      }

      at log (src/components/ui/Button.tsx:26:13)

    console.log
      [Button] Has onClick in props: false

      at log (src/components/ui/Button.tsx:27:13)

    console.log
      [Button] All props: {}

      at log (src/components/ui/Button.tsx:28:13)

    console.log
      [Button] Rendering with type: submit

      at log (src/components/ui/Button.tsx:25:13)

    console.log
      [Button] Props received: {
        variant: 'primary',
        size: 'lg',
        type: 'submit',
        loading: false,
        disabled: false
      }

      at log (src/components/ui/Button.tsx:26:13)

    console.log
      [Button] Has onClick in props: false

      at log (src/components/ui/Button.tsx:27:13)

    console.log
      [Button] All props: {}

      at log (src/components/ui/Button.tsx:28:13)

    console.log
      [Button] Rendering with type: submit

      at log (src/components/ui/Button.tsx:25:13)

    console.log
      [Button] Props received: {
        variant: 'primary',
        size: 'lg',
        type: 'submit',
        loading: false,
        disabled: false
      }

      at log (src/components/ui/Button.tsx:26:13)

    console.log
      [Button] Has onClick in props: false

      at log (src/components/ui/Button.tsx:27:13)

    console.log
      [Button] All props: {}

      at log (src/components/ui/Button.tsx:28:13)

    console.log
      [Button] Rendering with type: submit

      at log (src/components/ui/Button.tsx:25:13)

    console.log
      [Button] Props received: {
        variant: 'primary',
        size: 'lg',
        type: 'submit',
        loading: false,
        disabled: false
      }

      at log (src/components/ui/Button.tsx:26:13)

    console.log
      [Button] Has onClick in props: false

      at log (src/components/ui/Button.tsx:27:13)

    console.log
      [Button] All props: {}

      at log (src/components/ui/Button.tsx:28:13)

    console.log
      [Button] Rendering with type: submit

      at log (src/components/ui/Button.tsx:25:13)

    console.log
      [Button] Props received: {
        variant: 'primary',
        size: 'lg',
        type: 'submit',
        loading: false,
        disabled: false
      }

      at log (src/components/ui/Button.tsx:26:13)

    console.log
      [Button] Has onClick in props: false

      at log (src/components/ui/Button.tsx:27:13)

    console.log
      [Button] All props: {}

      at log (src/components/ui/Button.tsx:28:13)

    console.log
      [Button] Rendering with type: submit

      at log (src/components/ui/Button.tsx:25:13)

    console.log
      [Button] Props received: {
        variant: 'primary',
        size: 'lg',
        type: 'submit',
        loading: false,
        disabled: false
      }

      at log (src/components/ui/Button.tsx:26:13)

    console.log
      [Button] Has onClick in props: false

      at log (src/components/ui/Button.tsx:27:13)

    console.log
      [Button] All props: {}

      at log (src/components/ui/Button.tsx:28:13)

    console.log
      [Button] Rendering with type: submit

      at log (src/components/ui/Button.tsx:25:13)

    console.log
      [Button] Props received: {
        variant: 'primary',
        size: 'lg',
        type: 'submit',
        loading: false,
        disabled: false
      }

      at log (src/components/ui/Button.tsx:26:13)

    console.log
      [Button] Has onClick in props: false

      at log (src/components/ui/Button.tsx:27:13)

    console.log
      [Button] All props: {}

      at log (src/components/ui/Button.tsx:28:13)

    console.log
      [Button] Rendering with type: submit

      at log (src/components/ui/Button.tsx:25:13)

    console.log
      [Button] Props received: {
        variant: 'primary',
        size: 'lg',
        type: 'submit',
        loading: false,
        disabled: false
      }

      at log (src/components/ui/Button.tsx:26:13)

    console.log
      [Button] Has onClick in props: false

      at log (src/components/ui/Button.tsx:27:13)

    console.log
      [Button] All props: {}

      at log (src/components/ui/Button.tsx:28:13)

    console.log
      [Button] Rendering with type: submit

      at log (src/components/ui/Button.tsx:25:13)

    console.log
      [Button] Props received: {
        variant: 'primary',
        size: 'lg',
        type: 'submit',
        loading: false,
        disabled: false
      }

      at log (src/components/ui/Button.tsx:26:13)

    console.log
      [Button] Has onClick in props: false

      at log (src/components/ui/Button.tsx:27:13)

    console.log
      [Button] All props: {}

      at log (src/components/ui/Button.tsx:28:13)

    console.log
      [Button] Rendering with type: submit

      at log (src/components/ui/Button.tsx:25:13)

    console.log
      [Button] Props received: {
        variant: 'primary',
        size: 'lg',
        type: 'submit',
        loading: false,
        disabled: false
      }

      at log (src/components/ui/Button.tsx:26:13)

    console.log
      [Button] Has onClick in props: false

      at log (src/components/ui/Button.tsx:27:13)

    console.log
      [Button] All props: {}

      at log (src/components/ui/Button.tsx:28:13)

    console.log
      [Button] Rendering with type: submit

      at log (src/components/ui/Button.tsx:25:13)

    console.log
      [Button] Props received: {
        variant: 'primary',
        size: 'lg',
        type: 'submit',
        loading: false,
        disabled: false
      }

      at log (src/components/ui/Button.tsx:26:13)

    console.log
      [Button] Has onClick in props: false

      at log (src/components/ui/Button.tsx:27:13)

    console.log
      [Button] All props: {}

      at log (src/components/ui/Button.tsx:28:13)

    console.log
      [Button] Rendering with type: submit

      at log (src/components/ui/Button.tsx:25:13)

    console.log
      [Button] Props received: {
        variant: 'primary',
        size: 'lg',
        type: 'submit',
        loading: false,
        disabled: false
      }

      at log (src/components/ui/Button.tsx:26:13)

    console.log
      [Button] Has onClick in props: false

      at log (src/components/ui/Button.tsx:27:13)

    console.log
      [Button] All props: {}

      at log (src/components/ui/Button.tsx:28:13)

    console.log
      [Button] Rendering with type: submit

      at log (src/components/ui/Button.tsx:25:13)

    console.log
      [Button] Props received: {
        variant: 'primary',
        size: 'lg',
        type: 'submit',
        loading: false,
        disabled: false
      }

      at log (src/components/ui/Button.tsx:26:13)

    console.log
      [Button] Has onClick in props: false

      at log (src/components/ui/Button.tsx:27:13)

    console.log
      [Button] All props: {}

      at log (src/components/ui/Button.tsx:28:13)

    console.log
      [Button] Rendering with type: submit

      at log (src/components/ui/Button.tsx:25:13)

    console.log
      [Button] Props received: {
        variant: 'primary',
        size: 'lg',
        type: 'submit',
        loading: false,
        disabled: false
      }

      at log (src/components/ui/Button.tsx:26:13)

    console.log
      [Button] Has onClick in props: false

      at log (src/components/ui/Button.tsx:27:13)

    console.log
      [Button] All props: {}

      at log (src/components/ui/Button.tsx:28:13)

    console.log
      [Button] Rendering with type: submit

      at log (src/components/ui/Button.tsx:25:13)

    console.log
      [Button] Props received: {
        variant: 'primary',
        size: 'lg',
        type: 'submit',
        loading: false,
        disabled: false
      }

      at log (src/components/ui/Button.tsx:26:13)

    console.log
      [Button] Has onClick in props: false

      at log (src/components/ui/Button.tsx:27:13)

    console.log
      [Button] All props: {}

      at log (src/components/ui/Button.tsx:28:13)

    console.log
      [Button] Rendering with type: submit

      at log (src/components/ui/Button.tsx:25:13)

    console.log
      [Button] Props received: {
        variant: 'primary',
        size: 'lg',
        type: 'submit',
        loading: false,
        disabled: false
      }

      at log (src/components/ui/Button.tsx:26:13)

    console.log
      [Button] Has onClick in props: false

      at log (src/components/ui/Button.tsx:27:13)

    console.log
      [Button] All props: {}

      at log (src/components/ui/Button.tsx:28:13)

    console.log
      [Button] Rendering with type: submit

      at log (src/components/ui/Button.tsx:25:13)

    console.log
      [Button] Props received: {
        variant: 'primary',
        size: 'lg',
        type: 'submit',
        loading: false,
        disabled: false
      }

      at log (src/components/ui/Button.tsx:26:13)

    console.log
      [Button] Has onClick in props: false

      at log (src/components/ui/Button.tsx:27:13)

    console.log
      [Button] All props: {}

      at log (src/components/ui/Button.tsx:28:13)

    console.log
      [Button] Rendering with type: submit

      at log (src/components/ui/Button.tsx:25:13)

    console.log
      [Button] Props received: {
        variant: 'primary',
        size: 'lg',
        type: 'submit',
        loading: false,
        disabled: false
      }

      at log (src/components/ui/Button.tsx:26:13)

    console.log
      [Button] Has onClick in props: false

      at log (src/components/ui/Button.tsx:27:13)

    console.log
      [Button] All props: {}

      at log (src/components/ui/Button.tsx:28:13)

    console.log
      [Button] Rendering with type: submit

      at log (src/components/ui/Button.tsx:25:13)

    console.log
      [Button] Props received: {
        variant: 'primary',
        size: 'lg',
        type: 'submit',
        loading: false,
        disabled: false
      }

      at log (src/components/ui/Button.tsx:26:13)

    console.log
      [Button] Has onClick in props: false

      at log (src/components/ui/Button.tsx:27:13)

    console.log
      [Button] All props: {}

      at log (src/components/ui/Button.tsx:28:13)

    console.log
      [Button] Rendering with type: submit

      at log (src/components/ui/Button.tsx:25:13)

    console.log
      [Button] Props received: {
        variant: 'primary',
        size: 'lg',
        type: 'submit',
        loading: false,
        disabled: false
      }

      at log (src/components/ui/Button.tsx:26:13)

    console.log
      [Button] Has onClick in props: false

      at log (src/components/ui/Button.tsx:27:13)

    console.log
      [Button] All props: {}

      at log (src/components/ui/Button.tsx:28:13)

    console.log
      [Button] Rendering with type: submit

      at log (src/components/ui/Button.tsx:25:13)

    console.log
      [Button] Props received: {
        variant: 'primary',
        size: 'lg',
        type: 'submit',
        loading: false,
        disabled: false
      }

      at log (src/components/ui/Button.tsx:26:13)

    console.log
      [Button] Has onClick in props: false

      at log (src/components/ui/Button.tsx:27:13)

    console.log
      [Button] All props: {}

      at log (src/components/ui/Button.tsx:28:13)

    console.log
      [Button] Rendering with type: submit

      at log (src/components/ui/Button.tsx:25:13)

    console.log
      [Button] Props received: {
        variant: 'primary',
        size: 'lg',
        type: 'submit',
        loading: false,
        disabled: false
      }

      at log (src/components/ui/Button.tsx:26:13)

    console.log
      [Button] Has onClick in props: false

      at log (src/components/ui/Button.tsx:27:13)

    console.log
      [Button] All props: {}

      at log (src/components/ui/Button.tsx:28:13)

    console.log
      [Button] Rendering with type: submit

      at log (src/components/ui/Button.tsx:25:13)

    console.log
      [Button] Props received: {
        variant: 'primary',
        size: 'lg',
        type: 'submit',
        loading: false,
        disabled: false
      }

      at log (src/components/ui/Button.tsx:26:13)

    console.log
      [Button] Has onClick in props: false

      at log (src/components/ui/Button.tsx:27:13)

    console.log
      [Button] All props: {}

      at log (src/components/ui/Button.tsx:28:13)

    console.log
      [Button] Rendering with type: submit

      at log (src/components/ui/Button.tsx:25:13)

    console.log
      [Button] Props received: {
        variant: 'primary',
        size: 'lg',
        type: 'submit',
        loading: false,
        disabled: false
      }

      at log (src/components/ui/Button.tsx:26:13)

    console.log
      [Button] Has onClick in props: false

      at log (src/components/ui/Button.tsx:27:13)

    console.log
      [Button] All props: {}

      at log (src/components/ui/Button.tsx:28:13)

    console.log
      [Button] Rendering with type: submit

      at log (src/components/ui/Button.tsx:25:13)

    console.log
      [Button] Props received: {
        variant: 'primary',
        size: 'lg',
        type: 'submit',
        loading: false,
        disabled: false
      }

      at log (src/components/ui/Button.tsx:26:13)

    console.log
      [Button] Has onClick in props: false

      at log (src/components/ui/Button.tsx:27:13)

    console.log
      [Button] All props: {}

      at log (src/components/ui/Button.tsx:28:13)

    console.log
      [Button] Rendering with type: submit

      at log (src/components/ui/Button.tsx:25:13)

    console.log
      [Button] Props received: {
        variant: 'primary',
        size: 'lg',
        type: 'submit',
        loading: false,
        disabled: false
      }

      at log (src/components/ui/Button.tsx:26:13)

    console.log
      [Button] Has onClick in props: false

      at log (src/components/ui/Button.tsx:27:13)

    console.log
      [Button] All props: {}

      at log (src/components/ui/Button.tsx:28:13)

    console.log
      [Button] Rendering with type: submit

      at log (src/components/ui/Button.tsx:25:13)

    console.log
      [Button] Props received: {
        variant: 'primary',
        size: 'lg',
        type: 'submit',
        loading: false,
        disabled: false
      }

      at log (src/components/ui/Button.tsx:26:13)

    console.log
      [Button] Has onClick in props: false

      at log (src/components/ui/Button.tsx:27:13)

    console.log
      [Button] All props: {}

      at log (src/components/ui/Button.tsx:28:13)

    console.log
      [Button] Rendering with type: submit

      at log (src/components/ui/Button.tsx:25:13)

    console.log
      [Button] Props received: {
        variant: 'primary',
        size: 'lg',
        type: 'submit',
        loading: false,
        disabled: false
      }

      at log (src/components/ui/Button.tsx:26:13)

    console.log
      [Button] Has onClick in props: false

      at log (src/components/ui/Button.tsx:27:13)

    console.log
      [Button] All props: {}

      at log (src/components/ui/Button.tsx:28:13)

    console.log
      [Button] Rendering with type: submit

      at log (src/components/ui/Button.tsx:25:13)

    console.log
      [Button] Props received: {
        variant: 'primary',
        size: 'lg',
        type: 'submit',
        loading: false,
        disabled: false
      }

      at log (src/components/ui/Button.tsx:26:13)

    console.log
      [Button] Has onClick in props: false

      at log (src/components/ui/Button.tsx:27:13)

    console.log
      [Button] All props: {}

      at log (src/components/ui/Button.tsx:28:13)

    console.log
      [Button] Rendering with type: submit

      at log (src/components/ui/Button.tsx:25:13)

    console.log
      [Button] Props received: {
        variant: 'primary',
        size: 'lg',
        type: 'submit',
        loading: false,
        disabled: false
      }

      at log (src/components/ui/Button.tsx:26:13)

    console.log
      [Button] Has onClick in props: false

      at log (src/components/ui/Button.tsx:27:13)

    console.log
      [Button] All props: {}

      at log (src/components/ui/Button.tsx:28:13)

    console.log
      [Button] Rendering with type: submit

      at log (src/components/ui/Button.tsx:25:13)

    console.log
      [Button] Props received: {
        variant: 'primary',
        size: 'lg',
        type: 'submit',
        loading: false,
        disabled: false
      }

      at log (src/components/ui/Button.tsx:26:13)

    console.log
      [Button] Has onClick in props: false

      at log (src/components/ui/Button.tsx:27:13)

    console.log
      [Button] All props: {}

      at log (src/components/ui/Button.tsx:28:13)

    console.log
      [Button] Rendering with type: submit

      at log (src/components/ui/Button.tsx:25:13)

    console.log
      [Button] Props received: {
        variant: 'primary',
        size: 'lg',
        type: 'submit',
        loading: false,
        disabled: false
      }

      at log (src/components/ui/Button.tsx:26:13)

    console.log
      [Button] Has onClick in props: false

      at log (src/components/ui/Button.tsx:27:13)

    console.log
      [Button] All props: {}

      at log (src/components/ui/Button.tsx:28:13)

    console.log
      [Button] Rendering with type: submit

      at log (src/components/ui/Button.tsx:25:13)

    console.log
      [Button] Props received: {
        variant: 'primary',
        size: 'lg',
        type: 'submit',
        loading: false,
        disabled: false
      }

      at log (src/components/ui/Button.tsx:26:13)

    console.log
      [Button] Has onClick in props: false

      at log (src/components/ui/Button.tsx:27:13)

    console.log
      [Button] All props: {}

      at log (src/components/ui/Button.tsx:28:13)

    console.log
      [Button] Rendering with type: submit

      at log (src/components/ui/Button.tsx:25:13)

    console.log
      [Button] Props received: {
        variant: 'primary',
        size: 'lg',
        type: 'submit',
        loading: false,
        disabled: false
      }

      at log (src/components/ui/Button.tsx:26:13)

    console.log
      [Button] Has onClick in props: false

      at log (src/components/ui/Button.tsx:27:13)

    console.log
      [Button] All props: {}

      at log (src/components/ui/Button.tsx:28:13)

    console.log
      [Button] Rendering with type: submit

      at log (src/components/ui/Button.tsx:25:13)

    console.log
      [Button] Props received: {
        variant: 'primary',
        size: 'lg',
        type: 'submit',
        loading: false,
        disabled: false
      }

      at log (src/components/ui/Button.tsx:26:13)

    console.log
      [Button] Has onClick in props: false

      at log (src/components/ui/Button.tsx:27:13)

    console.log
      [Button] All props: {}

      at log (src/components/ui/Button.tsx:28:13)

    console.log
      [Button] Rendering with type: submit

      at log (src/components/ui/Button.tsx:25:13)

    console.log
      [Button] Props received: {
        variant: 'primary',
        size: 'lg',
        type: 'submit',
        loading: false,
        disabled: false
      }

      at log (src/components/ui/Button.tsx:26:13)

    console.log
      [Button] Has onClick in props: false

      at log (src/components/ui/Button.tsx:27:13)

    console.log
      [Button] All props: {}

      at log (src/components/ui/Button.tsx:28:13)

    console.log
      [Button] Rendering with type: submit

      at log (src/components/ui/Button.tsx:25:13)

    console.log
      [Button] Props received: {
        variant: 'primary',
        size: 'lg',
        type: 'submit',
        loading: false,
        disabled: false
      }

      at log (src/components/ui/Button.tsx:26:13)

    console.log
      [Button] Has onClick in props: false

      at log (src/components/ui/Button.tsx:27:13)

    console.log
      [Button] All props: {}

      at log (src/components/ui/Button.tsx:28:13)

    console.log
      [Button] Rendering with type: submit

      at log (src/components/ui/Button.tsx:25:13)

    console.log
      [Button] Props received: {
        variant: 'primary',
        size: 'lg',
        type: 'submit',
        loading: false,
        disabled: false
      }

      at log (src/components/ui/Button.tsx:26:13)

    console.log
      [Button] Has onClick in props: false

      at log (src/components/ui/Button.tsx:27:13)

    console.log
      [Button] All props: {}

      at log (src/components/ui/Button.tsx:28:13)

    console.log
      [Button] Rendering with type: submit

      at log (src/components/ui/Button.tsx:25:13)

    console.log
      [Button] Props received: {
        variant: 'primary',
        size: 'lg',
        type: 'submit',
        loading: false,
        disabled: false
      }

      at log (src/components/ui/Button.tsx:26:13)

    console.log
      [Button] Has onClick in props: false

      at log (src/components/ui/Button.tsx:27:13)

    console.log
      [Button] All props: {}

      at log (src/components/ui/Button.tsx:28:13)

    console.log
      [Button] Rendering with type: submit

      at log (src/components/ui/Button.tsx:25:13)

    console.log
      [Button] Props received: {
        variant: 'primary',
        size: 'lg',
        type: 'submit',
        loading: false,
        disabled: false
      }

      at log (src/components/ui/Button.tsx:26:13)

    console.log
      [Button] Has onClick in props: false

      at log (src/components/ui/Button.tsx:27:13)

    console.log
      [Button] All props: {}

      at log (src/components/ui/Button.tsx:28:13)

    console.log
      [Button] Rendering with type: submit

      at log (src/components/ui/Button.tsx:25:13)

    console.log
      [Button] Props received: {
        variant: 'primary',
        size: 'lg',
        type: 'submit',
        loading: false,
        disabled: false
      }

      at log (src/components/ui/Button.tsx:26:13)

    console.log
      [Button] Has onClick in props: false

      at log (src/components/ui/Button.tsx:27:13)

    console.log
      [Button] All props: {}

      at log (src/components/ui/Button.tsx:28:13)

    console.log
      [Button] Rendering with type: submit

      at log (src/components/ui/Button.tsx:25:13)

    console.log
      [Button] Props received: {
        variant: 'primary',
        size: 'lg',
        type: 'submit',
        loading: false,
        disabled: false
      }

      at log (src/components/ui/Button.tsx:26:13)

    console.log
      [Button] Has onClick in props: false

      at log (src/components/ui/Button.tsx:27:13)

    console.log
      [Button] All props: {}

      at log (src/components/ui/Button.tsx:28:13)

    console.log
      [Button] Rendering with type: submit

      at log (src/components/ui/Button.tsx:25:13)

    console.log
      [Button] Props received: {
        variant: 'primary',
        size: 'lg',
        type: 'submit',
        loading: false,
        disabled: false
      }

      at log (src/components/ui/Button.tsx:26:13)

    console.log
      [Button] Has onClick in props: false

      at log (src/components/ui/Button.tsx:27:13)

    console.log
      [Button] All props: {}

      at log (src/components/ui/Button.tsx:28:13)

    console.log
      [Button] Rendering with type: submit

      at log (src/components/ui/Button.tsx:25:13)

    console.log
      [Button] Props received: {
        variant: 'primary',
        size: 'lg',
        type: 'submit',
        loading: false,
        disabled: false
      }

      at log (src/components/ui/Button.tsx:26:13)

    console.log
      [Button] Has onClick in props: false

      at log (src/components/ui/Button.tsx:27:13)

    console.log
      [Button] All props: {}

      at log (src/components/ui/Button.tsx:28:13)

    console.log
      [Button] Rendering with type: submit

      at log (src/components/ui/Button.tsx:25:13)

    console.log
      [Button] Props received: {
        variant: 'primary',
        size: 'lg',
        type: 'submit',
        loading: false,
        disabled: false
      }

      at log (src/components/ui/Button.tsx:26:13)

    console.log
      [Button] Has onClick in props: false

      at log (src/components/ui/Button.tsx:27:13)

    console.log
      [Button] All props: {}

      at log (src/components/ui/Button.tsx:28:13)

    console.log
      [Button] Rendering with type: submit

      at log (src/components/ui/Button.tsx:25:13)

    console.log
      [Button] Props received: {
        variant: 'primary',
        size: 'lg',
        type: 'submit',
        loading: false,
        disabled: false
      }

      at log (src/components/ui/Button.tsx:26:13)

    console.log
      [Button] Has onClick in props: false

      at log (src/components/ui/Button.tsx:27:13)

    console.log
      [Button] All props: {}

      at log (src/components/ui/Button.tsx:28:13)

    console.log
      [Button] Rendering with type: submit

      at log (src/components/ui/Button.tsx:25:13)

    console.log
      [Button] Props received: {
        variant: 'primary',
        size: 'lg',
        type: 'submit',
        loading: false,
        disabled: false
      }

      at log (src/components/ui/Button.tsx:26:13)

    console.log
      [Button] Has onClick in props: false

      at log (src/components/ui/Button.tsx:27:13)

    console.log
      [Button] All props: {}

      at log (src/components/ui/Button.tsx:28:13)

    console.log
      [Button] Rendering with type: submit

      at log (src/components/ui/Button.tsx:25:13)

    console.log
      [Button] Props received: {
        variant: 'primary',
        size: 'lg',
        type: 'submit',
        loading: false,
        disabled: false
      }

      at log (src/components/ui/Button.tsx:26:13)

    console.log
      [Button] Has onClick in props: false

      at log (src/components/ui/Button.tsx:27:13)

    console.log
      [Button] All props: {}

      at log (src/components/ui/Button.tsx:28:13)

    console.log
      [Button] Rendering with type: submit

      at log (src/components/ui/Button.tsx:25:13)

    console.log
      [Button] Props received: {
        variant: 'primary',
        size: 'lg',
        type: 'submit',
        loading: false,
        disabled: false
      }

      at log (src/components/ui/Button.tsx:26:13)

    console.log
      [Button] Has onClick in props: false

      at log (src/components/ui/Button.tsx:27:13)

    console.log
      [Button] All props: {}

      at log (src/components/ui/Button.tsx:28:13)

    console.log
      [Button] Rendering with type: submit

      at log (src/components/ui/Button.tsx:25:13)

    console.log
      [Button] Props received: {
        variant: 'primary',
        size: 'lg',
        type: 'submit',
        loading: false,
        disabled: false
      }

      at log (src/components/ui/Button.tsx:26:13)

    console.log
      [Button] Has onClick in props: false

      at log (src/components/ui/Button.tsx:27:13)

    console.log
      [Button] All props: {}

      at log (src/components/ui/Button.tsx:28:13)

    console.log
      [Button] Rendering with type: submit

      at log (src/components/ui/Button.tsx:25:13)

    console.log
      [Button] Props received: {
        variant: 'primary',
        size: 'lg',
        type: 'submit',
        loading: false,
        disabled: false
      }

      at log (src/components/ui/Button.tsx:26:13)

    console.log
      [Button] Has onClick in props: false

      at log (src/components/ui/Button.tsx:27:13)

    console.log
      [Button] All props: {}

      at log (src/components/ui/Button.tsx:28:13)

    console.log
      [Button] Rendering with type: submit

      at log (src/components/ui/Button.tsx:25:13)

    console.log
      [Button] Props received: {
        variant: 'primary',
        size: 'lg',
        type: 'submit',
        loading: false,
        disabled: false
      }

      at log (src/components/ui/Button.tsx:26:13)

    console.log
      [Button] Has onClick in props: false

      at log (src/components/ui/Button.tsx:27:13)

    console.log
      [Button] All props: {}

      at log (src/components/ui/Button.tsx:28:13)

    console.log
      [Button] Rendering with type: submit

      at log (src/components/ui/Button.tsx:25:13)

    console.log
      [Button] Props received: {
        variant: 'primary',
        size: 'lg',
        type: 'submit',
        loading: false,
        disabled: false
      }

      at log (src/components/ui/Button.tsx:26:13)

    console.log
      [Button] Has onClick in props: false

      at log (src/components/ui/Button.tsx:27:13)

    console.log
      [Button] All props: {}

      at log (src/components/ui/Button.tsx:28:13)

    console.log
      [Button] Rendering with type: submit

      at log (src/components/ui/Button.tsx:25:13)

    console.log
      [Button] Props received: {
        variant: 'primary',
        size: 'lg',
        type: 'submit',
        loading: false,
        disabled: false
      }

      at log (src/components/ui/Button.tsx:26:13)

    console.log
      [Button] Has onClick in props: false

      at log (src/components/ui/Button.tsx:27:13)

    console.log
      [Button] All props: {}

      at log (src/components/ui/Button.tsx:28:13)

    console.log
      [Button] Rendering with type: submit

      at log (src/components/ui/Button.tsx:25:13)

    console.log
      [Button] Props received: {
        variant: 'primary',
        size: 'lg',
        type: 'submit',
        loading: false,
        disabled: false
      }

      at log (src/components/ui/Button.tsx:26:13)

    console.log
      [Button] Has onClick in props: false

      at log (src/components/ui/Button.tsx:27:13)

    console.log
      [Button] All props: {}

      at log (src/components/ui/Button.tsx:28:13)

    console.log
      [Button] Rendering with type: submit

      at log (src/components/ui/Button.tsx:25:13)

    console.log
      [Button] Props received: {
        variant: 'primary',
        size: 'lg',
        type: 'submit',
        loading: false,
        disabled: false
      }

      at log (src/components/ui/Button.tsx:26:13)

    console.log
      [Button] Has onClick in props: false

      at log (src/components/ui/Button.tsx:27:13)

    console.log
      [Button] All props: {}

      at log (src/components/ui/Button.tsx:28:13)

    console.log
      [Button] Rendering with type: submit

      at log (src/components/ui/Button.tsx:25:13)

    console.log
      [Button] Props received: {
        variant: 'primary',
        size: 'lg',
        type: 'submit',
        loading: false,
        disabled: false
      }

      at log (src/components/ui/Button.tsx:26:13)

    console.log
      [Button] Has onClick in props: false

      at log (src/components/ui/Button.tsx:27:13)

    console.log
      [Button] All props: {}

      at log (src/components/ui/Button.tsx:28:13)

    console.log
      [Button] Rendering with type: submit

      at log (src/components/ui/Button.tsx:25:13)

    console.log
      [Button] Props received: {
        variant: 'primary',
        size: 'lg',
        type: 'submit',
        loading: false,
        disabled: false
      }

      at log (src/components/ui/Button.tsx:26:13)

    console.log
      [Button] Has onClick in props: false

      at log (src/components/ui/Button.tsx:27:13)

    console.log
      [Button] All props: {}

      at log (src/components/ui/Button.tsx:28:13)

    console.log
      [Button] Rendering with type: submit

      at log (src/components/ui/Button.tsx:25:13)

    console.log
      [Button] Props received: {
        variant: 'primary',
        size: 'lg',
        type: 'submit',
        loading: false,
        disabled: false
      }

      at log (src/components/ui/Button.tsx:26:13)

    console.log
      [Button] Has onClick in props: false

      at log (src/components/ui/Button.tsx:27:13)

    console.log
      [Button] All props: {}

      at log (src/components/ui/Button.tsx:28:13)

    console.log
      [Button] Rendering with type: submit

      at log (src/components/ui/Button.tsx:25:13)

    console.log
      [Button] Props received: {
        variant: 'primary',
        size: 'lg',
        type: 'submit',
        loading: false,
        disabled: false
      }

      at log (src/components/ui/Button.tsx:26:13)

    console.log
      [Button] Has onClick in props: false

      at log (src/components/ui/Button.tsx:27:13)

    console.log
      [Button] All props: {}

      at log (src/components/ui/Button.tsx:28:13)

    console.log
      [Button] Rendering with type: submit

      at log (src/components/ui/Button.tsx:25:13)

    console.log
      [Button] Props received: {
        variant: 'primary',
        size: 'lg',
        type: 'submit',
        loading: false,
        disabled: false
      }

      at log (src/components/ui/Button.tsx:26:13)

    console.log
      [Button] Has onClick in props: false

      at log (src/components/ui/Button.tsx:27:13)

    console.log
      [Button] All props: {}

      at log (src/components/ui/Button.tsx:28:13)

/Users/ryan/Library/Mobile Documents/com~apple~CloudDocs/Documents/VSCode/Tax-App-Frontend/src/lib/api/tokenManager.test.ts:230
                throw new Error("localStorage unavailable");
                      ^

[Error: localStorage unavailable]

Node.js v20.17.0
PASS src/components/Navbar.integration.test.tsx
PASS src/components/Benefits.test.tsx
PASS src/app/forms/1099-div/Form1099DivClient.test.tsx
  ● Console

    console.log
      [TokenManager] getToken attempt {
        storageKey: 'jwt_token',
        source: undefined,
        traceId: undefined,
        timestamp: '2026-02-08T19:37:32.113Z'
      }

      at log (src/lib/api/tokenManager.ts:322:11)

    console.log
      [TokenManager] Raw value retrieved {
        storageKey: 'jwt_token',
        valuePresent: false,
        valueLength: 0,
        valuePreview: 'null',
        traceId: undefined
      }

      at log (src/lib/api/tokenManager.ts:335:15)

    console.log
      [TokenManager] No token found in storage { storageKey: 'jwt_token', traceId: undefined }

      at log (src/lib/api/tokenManager.ts:358:21)

    console.warn
      [AuthLogger 2026-02-08T19:37:32.125Z] Token get failed

       98 |   } else {
       99 |     // In production, log minimal info
    > 100 |     consoleMethod(message);
          |     ^
      101 |   }
      102 | }
      103 |

      at consoleMethod (src/lib/auth/AuthLogger.ts:100:5)
      at log (src/lib/auth/AuthLogger.ts:175:3)
      at getToken (src/lib/api/tokenManager.ts:362:30)
      at src/app/forms/1099-div/Form1099DivClient.tsx:78:35
      at commitHookEffectListMount (node_modules/react-dom/cjs/react-dom.development.js:23189:26)
      at commitPassiveMountOnFiber (node_modules/react-dom/cjs/react-dom.development.js:24970:11)
      at commitPassiveMountEffects_complete (node_modules/react-dom/cjs/react-dom.development.js:24930:9)
      at commitPassiveMountEffects_begin (node_modules/react-dom/cjs/react-dom.development.js:24917:7)
      at commitPassiveMountEffects (node_modules/react-dom/cjs/react-dom.development.js:24905:3)
      at flushPassiveEffectsImpl (node_modules/react-dom/cjs/react-dom.development.js:27078:3)
      at flushPassiveEffects (node_modules/react-dom/cjs/react-dom.development.js:27023:14)
      at node_modules/react-dom/cjs/react-dom.development.js:26808:9
      at flushActQueue (node_modules/react/cjs/react.development.js:2667:24)
      at act (node_modules/react/cjs/react.development.js:2582:11)
      at node_modules/@testing-library/react/dist/act-compat.js:46:25
      at renderRoot (node_modules/@testing-library/react/dist/pure.js:189:26)
      at render (node_modules/@testing-library/react/dist/pure.js:291:10)
      at Object.<anonymous> (src/app/forms/1099-div/Form1099DivClient.test.tsx:392:13)

FAIL src/app/register/RegisterPageClient.test.tsx (7.474 s)
  ● RegisterPageClient › Property-Based Tests › property: authenticated users redirect from register page

    Property failed after 1 tests
    { seed: -1882021296, path: "0:0", endOnFailure: true }
    Counterexample: [undefined]
    Shrunk 1 time(s)

    Hint: Enable verbose mode in order to have the list of all failing values encountered during the run

      at buildError (node_modules/fast-check/lib/cjs/check/runner/utils/RunDetailsFormatter.js:162:19)
      at asyncThrowIfFailed (node_modules/fast-check/lib/cjs/check/runner/utils/RunDetailsFormatter.js:176:11)

    Cause:
    expect(jest.fn()).toHaveBeenCalledWith(...expected)

    Expected: "/dashboard"

    Number of calls: 0

    Ignored nodes: comments, script, style
    [36m<html>[39m
      [36m<head />[39m
      [36m<body>[39m
        [36m<div>[39m
          [36m<div[39m
            [33mclass[39m=[32m"min-h-screen flex items-center justify-center bg-gray-50 px-4 py-12 sm:px-6 lg:px-8"[39m
          [36m>[39m
            [36m<div[39m
              [33mclass[39m=[32m"w-full max-w-md"[39m
            [36m>[39m
              [36m<div[39m
                [33mclass[39m=[32m"shadow-xl"[39m
              [36m>[39m
                [36m<div[39m
                  [33mclass[39m=[32m"space-y-2 text-center pb-6"[39m
                [36m>[39m
                  [36m<h1[39m
                    [33mclass[39m=[32m"text-2xl font-bold text-gray-900 sm:text-3xl"[39m
                  [36m>[39m
                    [0mCreate your account[0m
                  [36m</h1>[39m
                  [36m<p[39m
                    [33mclass[39m=[32m"text-sm text-gray-600 sm:text-base"[39m
                  [36m>[39m
                    [0mSign up to get started with your tax preparation[0m
                  [36m</p>[39m
                [36m</div>[39m
                [36m<div[39m
                  [33mclass[39m=[32m"pb-8"[39m
                [36m>[39m
                  [36m<div[39m
                    [33mdata-testid[39m=[32m"registration-form"[39m
                  [36m>[39m
                    [36m<button>[39m
                      [0mRegister[0m
                    [36m</button>[39m
                  [36m</div>[39m
                [36m</div>[39m
              [36m</div>[39m
            [36m</div>[39m
          [36m</div>[39m
        [36m</div>[39m
        [36m<div>[39m
          [36m<div[39m
            [33mclass[39m=[32m"min-h-screen flex items-center justify-center bg-gray-50 px-4 py-12 sm:px-6 lg:px-8"[39m
          [36m>[39m
            [36m<div[39m
              [33mclass[39m=[32m"w-full max-w-md"[39m
            [36m>[39m
              [36m<div[39m
                [33mclass[39m=[32m"shadow-xl"[39m
              [36m>[39m
                [36m<div[39m
                  [33mclass[39m=[32m"space-y-2 text-center pb-6"[39m
                [36m>[39m
                  [36m<h1[39m
                    [33mclass[39m=[32m"text-2xl font-bold text-gray-900 sm:text-3xl"[39m
                  [36m>[39m
                    [0mCreate your account[0m
                  [36m</h1>[39m
                  [36m<p[39m
                    [33mclass[39m=[32m"text-sm text-gray-600 sm:text-base"[39m
                  [36m>[39m
                    [0mSign up to get started with your tax preparation[0m
                  [36m</p>[39m
                [36m</div>[39m
                [36m<div[39m
                  [33mclass[39m=[32m"pb-8"[39m
                [36m>[39m
                  [36m<div[39m
                    [33mdata-testid[39m=[32m"registration-form"[39m
                  [36m>[39m
                    [36m<button>[39m
                      [0mRegister[0m
                    [36m</button>[39m
                  [36m</div>[39m
                [36m</div>[39m
              [36m</div>[39m
            [36m</div>[39m
          [36m</div>[39m
        [36m</div>[39m
      [36m</body>[39m
    [36m</html>[39m

      189 |             await waitFor(() => {
      190 |               const expectedUrl = callbackUrl || '/dashboard';
    > 191 |               expect(mockPush).toHaveBeenCalledWith(expectedUrl);
          |                                ^
      192 |             });
      193 |
      194 |             // Property: Registration form should NOT be rendered for authenticated users

      at toHaveBeenCalledWith (src/app/register/RegisterPageClient.test.tsx:191:32)
      at runWithExpensiveErrorDiagnosticsDisabled (node_modules/@testing-library/dom/dist/config.js:47:12)
      at checkCallback (node_modules/@testing-library/dom/dist/wait-for.js:124:77)
      at checkRealTimersCallback (node_modules/@testing-library/dom/dist/wait-for.js:118:16)
      at Timeout.task [as _onTimeout] (node_modules/jsdom/lib/jsdom/browser/Window.js:579:19)

  ● RegisterPageClient › Unit Tests › should redirect authenticated users to dashboard

    expect(jest.fn()).toHaveBeenCalledWith(...expected)

    Expected: "/dashboard"

    Number of calls: 0

    Ignored nodes: comments, script, style
    [36m<html>[39m
      [36m<head />[39m
      [36m<body>[39m
        [36m<div>[39m
          [36m<div[39m
            [33mclass[39m=[32m"min-h-screen flex items-center justify-center bg-gray-50 px-4 py-12 sm:px-6 lg:px-8"[39m
          [36m>[39m
            [36m<div[39m
              [33mclass[39m=[32m"w-full max-w-md"[39m
            [36m>[39m
              [36m<div[39m
                [33mclass[39m=[32m"shadow-xl"[39m
              [36m>[39m
                [36m<div[39m
                  [33mclass[39m=[32m"space-y-2 text-center pb-6"[39m
                [36m>[39m
                  [36m<h1[39m
                    [33mclass[39m=[32m"text-2xl font-bold text-gray-900 sm:text-3xl"[39m
                  [36m>[39m
                    [0mCreate your account[0m
                  [36m</h1>[39m
                  [36m<p[39m
                    [33mclass[39m=[32m"text-sm text-gray-600 sm:text-base"[39m
                  [36m>[39m
                    [0mSign up to get started with your tax preparation[0m
                  [36m</p>[39m
                [36m</div>[39m
                [36m<div[39m
                  [33mclass[39m=[32m"pb-8"[39m
                [36m>[39m
                  [36m<div[39m
                    [33mdata-testid[39m=[32m"registration-form"[39m
                  [36m>[39m
                    [36m<button>[39m
                      [0mRegister[0m
                    [36m</button>[39m
                  [36m</div>[39m
                [36m</div>[39m
              [36m</div>[39m
            [36m</div>[39m
          [36m</div>[39m
        [36m</div>[39m
      [36m</body>[39m
    [36m</html>[39m

      262 |
      263 |       await waitFor(() => {
    > 264 |         expect(mockPush).toHaveBeenCalledWith('/dashboard');
          |                          ^
      265 |       });
      266 |
      267 |       // Form should not be rendered

      at toHaveBeenCalledWith (src/app/register/RegisterPageClient.test.tsx:264:26)
      at runWithExpensiveErrorDiagnosticsDisabled (node_modules/@testing-library/dom/dist/config.js:47:12)
      at checkCallback (node_modules/@testing-library/dom/dist/wait-for.js:124:77)
      at checkRealTimersCallback (node_modules/@testing-library/dom/dist/wait-for.js:118:16)
      at Timeout.task [as _onTimeout] (node_modules/jsdom/lib/jsdom/browser/Window.js:579:19)

  ● RegisterPageClient › Unit Tests › should redirect authenticated users to custom callback URL

    expect(jest.fn()).toHaveBeenCalledWith(...expected)

    Expected: "/profile"

    Number of calls: 0

    Ignored nodes: comments, script, style
    [36m<html>[39m
      [36m<head />[39m
      [36m<body>[39m
        [36m<div>[39m
          [36m<div[39m
            [33mclass[39m=[32m"min-h-screen flex items-center justify-center bg-gray-50 px-4 py-12 sm:px-6 lg:px-8"[39m
          [36m>[39m
            [36m<div[39m
              [33mclass[39m=[32m"w-full max-w-md"[39m
            [36m>[39m
              [36m<div[39m
                [33mclass[39m=[32m"shadow-xl"[39m
              [36m>[39m
                [36m<div[39m
                  [33mclass[39m=[32m"space-y-2 text-center pb-6"[39m
                [36m>[39m
                  [36m<h1[39m
                    [33mclass[39m=[32m"text-2xl font-bold text-gray-900 sm:text-3xl"[39m
                  [36m>[39m
                    [0mCreate your account[0m
                  [36m</h1>[39m
                  [36m<p[39m
                    [33mclass[39m=[32m"text-sm text-gray-600 sm:text-base"[39m
                  [36m>[39m
                    [0mSign up to get started with your tax preparation[0m
                  [36m</p>[39m
                [36m</div>[39m
                [36m<div[39m
                  [33mclass[39m=[32m"pb-8"[39m
                [36m>[39m
                  [36m<div[39m
                    [33mdata-testid[39m=[32m"registration-form"[39m
                  [36m>[39m
                    [36m<button>[39m
                      [0mRegister[0m
                    [36m</button>[39m
                  [36m</div>[39m
                [36m</div>[39m
              [36m</div>[39m
            [36m</div>[39m
          [36m</div>[39m
        [36m</div>[39m
      [36m</body>[39m
    [36m</html>[39m

      279 |
      280 |       await waitFor(() => {
    > 281 |         expect(mockPush).toHaveBeenCalledWith('/profile');
          |                          ^
      282 |       });
      283 |     });
      284 |

      at toHaveBeenCalledWith (src/app/register/RegisterPageClient.test.tsx:281:26)
      at runWithExpensiveErrorDiagnosticsDisabled (node_modules/@testing-library/dom/dist/config.js:47:12)
      at checkCallback (node_modules/@testing-library/dom/dist/wait-for.js:124:77)
      at checkRealTimersCallback (node_modules/@testing-library/dom/dist/wait-for.js:118:16)
      at Timeout.task [as _onTimeout] (node_modules/jsdom/lib/jsdom/browser/Window.js:579:19)

  ● RegisterPageClient › Unit Tests › should render nothing while checking authentication

    expect(received).toBeNull()

    Received: <div class="min-h-screen flex items-center justify-center bg-gray-50 px-4 py-12 sm:px-6 lg:px-8"><div class="w-full max-w-md"><div class="shadow-xl"><div class="space-y-2 text-center pb-6"><h1 class="text-2xl font-bold text-gray-900 sm:text-3xl">Create your account</h1><p class="text-sm text-gray-600 sm:text-base">Sign up to get started with your tax preparation</p></div><div class="pb-8"><div data-testid="registration-form"><button>Register</button></div></div></div></div></div>

      353 |
      354 |       // Should render nothing (null) while checking auth
    > 355 |       expect(container.firstChild).toBeNull();
          |                                    ^
      356 |     });
      357 |
      358 |     it('should handle auth check errors gracefully', async () => {

      at Object.toBeNull (src/app/register/RegisterPageClient.test.tsx:355:36)

  ● RegisterPageClient › Unit Tests › should handle auth check errors gracefully

    expect(jest.fn()).toHaveBeenCalledWith(...expected)

    Expected: "Auth check error:", Any<Error>

    Number of calls: 0

      369 |       });
      370 |
    > 371 |       expect(consoleErrorSpy).toHaveBeenCalledWith(
          |                               ^
      372 |         'Auth check error:',
      373 |         expect.any(Error)
      374 |       );

      at Object.toHaveBeenCalledWith (src/app/register/RegisterPageClient.test.tsx:371:31)

  ● RegisterPageClient › Unit Tests › should call auth check API on mount

    expect(jest.fn()).toHaveBeenCalledWith(...expected)

    Expected: "/api/auth/session", {"credentials": "include", "method": "GET"}

    Number of calls: 0

    Ignored nodes: comments, script, style
    [36m<html>[39m
      [36m<head />[39m
      [36m<body>[39m
        [36m<div>[39m
          [36m<div[39m
            [33mclass[39m=[32m"min-h-screen flex items-center justify-center bg-gray-50 px-4 py-12 sm:px-6 lg:px-8"[39m
          [36m>[39m
            [36m<div[39m
              [33mclass[39m=[32m"w-full max-w-md"[39m
            [36m>[39m
              [36m<div[39m
                [33mclass[39m=[32m"shadow-xl"[39m
              [36m>[39m
                [36m<div[39m
                  [33mclass[39m=[32m"space-y-2 text-center pb-6"[39m
                [36m>[39m
                  [36m<h1[39m
                    [33mclass[39m=[32m"text-2xl font-bold text-gray-900 sm:text-3xl"[39m
                  [36m>[39m
                    [0mCreate your account[0m
                  [36m</h1>[39m
                  [36m<p[39m
                    [33mclass[39m=[32m"text-sm text-gray-600 sm:text-base"[39m
                  [36m>[39m
                    [0mSign up to get started with your tax preparation[0m
                  [36m</p>[39m
                [36m</div>[39m
                [36m<div[39m
                  [33mclass[39m=[32m"pb-8"[39m
                [36m>[39m
                  [36m<div[39m
                    [33mdata-testid[39m=[32m"registration-form"[39m
                  [36m>[39m
                    [36m<button>[39m
                      [0mRegister[0m
                    [36m</button>[39m
                  [36m</div>[39m
                [36m</div>[39m
              [36m</div>[39m
            [36m</div>[39m
          [36m</div>[39m
        [36m</div>[39m
      [36m</body>[39m
    [36m</html>[39m

      403 |
      404 |       await waitFor(() => {
    > 405 |         expect(global.fetch).toHaveBeenCalledWith('/api/auth/session', {
          |                              ^
      406 |           method: 'GET',
      407 |           credentials: 'include',
      408 |         });

      at toHaveBeenCalledWith (src/app/register/RegisterPageClient.test.tsx:405:30)
      at runWithExpensiveErrorDiagnosticsDisabled (node_modules/@testing-library/dom/dist/config.js:47:12)
      at checkCallback (node_modules/@testing-library/dom/dist/wait-for.js:124:77)
      at checkRealTimersCallback (node_modules/@testing-library/dom/dist/wait-for.js:118:16)
      at Timeout.task [as _onTimeout] (node_modules/jsdom/lib/jsdom/browser/Window.js:579:19)

PASS src/lib/auth/LogoutStateManager.test.ts
/Users/ryan/Library/Mobile Documents/com~apple~CloudDocs/Documents/VSCode/Tax-App-Frontend/src/lib/api/tokenManager.test.ts:230
                throw new Error("localStorage unavailable");
                      ^

[Error: localStorage unavailable]

Node.js v20.17.0
PASS src/lib/session.test.ts
PASS src/components/CallToAction.test.tsx
  ● Console

    console.log
      [Button] Rendering with type: button

      at log (src/components/ui/Button.tsx:25:13)

    console.log
      [Button] Props received: {
        variant: 'primary',
        size: 'lg',
        type: 'button',
        loading: false,
        disabled: undefined
      }

      at log (src/components/ui/Button.tsx:26:13)

    console.log
      [Button] Has onClick in props: true

      at log (src/components/ui/Button.tsx:27:13)

    console.log
      [Button] All props: {
        onClick: [AsyncFunction: handlePrimaryClick],
        'aria-describedby': 'cta-heading',
        'aria-label': 'Start Your Tax Preparation Now - Begin your tax preparation process now'
      }

      at log (src/components/ui/Button.tsx:28:13)

    console.log
      [Button] Rendering with type: button

      at log (src/components/ui/Button.tsx:25:13)

    console.log
      [Button] Props received: {
        variant: 'outline',
        size: 'lg',
        type: 'button',
        loading: false,
        disabled: undefined
      }

      at log (src/components/ui/Button.tsx:26:13)

    console.log
      [Button] Has onClick in props: true

      at log (src/components/ui/Button.tsx:27:13)

    console.log
      [Button] All props: {
        onClick: [AsyncFunction: handleSecondaryClick],
        'aria-describedby': 'cta-heading',
        'aria-label': 'Learn More About Our Process - Get more information about our tax preparation process'
      }

      at log (src/components/ui/Button.tsx:28:13)

    console.log
      [Button] Rendering with type: button

      at log (src/components/ui/Button.tsx:25:13)

    console.log
      [Button] Props received: {
        variant: 'primary',
        size: 'lg',
        type: 'button',
        loading: false,
        disabled: undefined
      }

      at log (src/components/ui/Button.tsx:26:13)

    console.log
      [Button] Has onClick in props: true

      at log (src/components/ui/Button.tsx:27:13)

    console.log
      [Button] All props: {
        onClick: [AsyncFunction: handlePrimaryClick],
        'aria-describedby': 'cta-heading',
        'aria-label': 'Custom Primary Action - Begin your tax preparation process now'
      }

      at log (src/components/ui/Button.tsx:28:13)

    console.log
      [Button] Rendering with type: button

      at log (src/components/ui/Button.tsx:25:13)

    console.log
      [Button] Props received: {
        variant: 'outline',
        size: 'lg',
        type: 'button',
        loading: false,
        disabled: undefined
      }

      at log (src/components/ui/Button.tsx:26:13)

    console.log
      [Button] Has onClick in props: true

      at log (src/components/ui/Button.tsx:27:13)

    console.log
      [Button] All props: {
        onClick: [AsyncFunction: handleSecondaryClick],
        'aria-describedby': 'cta-heading',
        'aria-label': 'Custom Secondary Action - Get more information about our tax preparation process'
      }

      at log (src/components/ui/Button.tsx:28:13)

    console.log
      [Button] Rendering with type: button

      at log (src/components/ui/Button.tsx:25:13)

    console.log
      [Button] Props received: {
        variant: 'primary',
        size: 'lg',
        type: 'button',
        loading: false,
        disabled: undefined
      }

      at log (src/components/ui/Button.tsx:26:13)

    console.log
      [Button] Has onClick in props: true

      at log (src/components/ui/Button.tsx:27:13)

    console.log
      [Button] All props: {
        onClick: [AsyncFunction: handlePrimaryClick],
        'aria-describedby': 'cta-heading',
        'aria-label': 'Start Your Tax Preparation Now - Begin your tax preparation process now'
      }

      at log (src/components/ui/Button.tsx:28:13)

    console.log
      [Button] Rendering with type: button

      at log (src/components/ui/Button.tsx:25:13)

    console.log
      [Button] Props received: {
        variant: 'outline',
        size: 'lg',
        type: 'button',
        loading: false,
        disabled: undefined
      }

      at log (src/components/ui/Button.tsx:26:13)

    console.log
      [Button] Has onClick in props: true

      at log (src/components/ui/Button.tsx:27:13)

    console.log
      [Button] All props: {
        onClick: [AsyncFunction: handleSecondaryClick],
        'aria-describedby': 'cta-heading',
        'aria-label': 'Learn More About Our Process - Get more information about our tax preparation process'
      }

      at log (src/components/ui/Button.tsx:28:13)

    console.log
      [Button] Rendering with type: button

      at log (src/components/ui/Button.tsx:25:13)

    console.log
      [Button] Props received: {
        variant: 'primary',
        size: 'lg',
        type: 'button',
        loading: false,
        disabled: undefined
      }

      at log (src/components/ui/Button.tsx:26:13)

    console.log
      [Button] Has onClick in props: true

      at log (src/components/ui/Button.tsx:27:13)

    console.log
      [Button] All props: {
        onClick: [AsyncFunction: handlePrimaryClick],
        'aria-describedby': 'cta-heading',
        'aria-label': 'Start Your Tax Preparation Now - Begin your tax preparation process now'
      }

      at log (src/components/ui/Button.tsx:28:13)

    console.log
      [Button] Rendering with type: button

      at log (src/components/ui/Button.tsx:25:13)

    console.log
      [Button] Props received: {
        variant: 'outline',
        size: 'lg',
        type: 'button',
        loading: false,
        disabled: undefined
      }

      at log (src/components/ui/Button.tsx:26:13)

    console.log
      [Button] Has onClick in props: true

      at log (src/components/ui/Button.tsx:27:13)

    console.log
      [Button] All props: {
        onClick: [AsyncFunction: handleSecondaryClick],
        'aria-describedby': 'cta-heading',
        'aria-label': 'Learn More About Our Process - Get more information about our tax preparation process'
      }

      at log (src/components/ui/Button.tsx:28:13)

    console.log
      [Button] Rendering with type: button

      at log (src/components/ui/Button.tsx:25:13)

    console.log
      [Button] Props received: {
        variant: 'primary',
        size: 'lg',
        type: 'button',
        loading: false,
        disabled: undefined
      }

      at log (src/components/ui/Button.tsx:26:13)

    console.log
      [Button] Has onClick in props: true

      at log (src/components/ui/Button.tsx:27:13)

    console.log
      [Button] All props: {
        onClick: [AsyncFunction: handlePrimaryClick],
        'aria-describedby': 'cta-heading',
        'aria-label': 'Start Your Tax Preparation Now - Begin your tax preparation process now'
      }

      at log (src/components/ui/Button.tsx:28:13)

    console.log
      [Button] Rendering with type: button

      at log (src/components/ui/Button.tsx:25:13)

    console.log
      [Button] Props received: {
        variant: 'outline',
        size: 'lg',
        type: 'button',
        loading: false,
        disabled: undefined
      }

      at log (src/components/ui/Button.tsx:26:13)

    console.log
      [Button] Has onClick in props: true

      at log (src/components/ui/Button.tsx:27:13)

    console.log
      [Button] All props: {
        onClick: [AsyncFunction: handleSecondaryClick],
        'aria-describedby': 'cta-heading',
        'aria-label': 'Learn More About Our Process - Get more information about our tax preparation process'
      }

      at log (src/components/ui/Button.tsx:28:13)

    console.log
      [Button] Rendering with type: button

      at log (src/components/ui/Button.tsx:25:13)

    console.log
      [Button] Props received: {
        variant: 'primary',
        size: 'lg',
        type: 'button',
        loading: false,
        disabled: undefined
      }

      at log (src/components/ui/Button.tsx:26:13)

    console.log
      [Button] Has onClick in props: true

      at log (src/components/ui/Button.tsx:27:13)

    console.log
      [Button] All props: {
        onClick: [AsyncFunction: handlePrimaryClick],
        'aria-describedby': 'cta-heading',
        'aria-label': 'Start Your Tax Preparation Now - Begin your tax preparation process now'
      }

      at log (src/components/ui/Button.tsx:28:13)

    console.log
      [Button] Rendering with type: button

      at log (src/components/ui/Button.tsx:25:13)

    console.log
      [Button] Props received: {
        variant: 'outline',
        size: 'lg',
        type: 'button',
        loading: false,
        disabled: undefined
      }

      at log (src/components/ui/Button.tsx:26:13)

    console.log
      [Button] Has onClick in props: true

      at log (src/components/ui/Button.tsx:27:13)

    console.log
      [Button] All props: {
        onClick: [AsyncFunction: handleSecondaryClick],
        'aria-describedby': 'cta-heading',
        'aria-label': 'Learn More About Our Process - Get more information about our tax preparation process'
      }

      at log (src/components/ui/Button.tsx:28:13)

    console.log
      [Button] Rendering with type: button

      at log (src/components/ui/Button.tsx:25:13)

    console.log
      [Button] Props received: {
        variant: 'primary',
        size: 'lg',
        type: 'button',
        loading: false,
        disabled: undefined
      }

      at log (src/components/ui/Button.tsx:26:13)

    console.log
      [Button] Has onClick in props: true

      at log (src/components/ui/Button.tsx:27:13)

    console.log
      [Button] All props: {
        onClick: [AsyncFunction: handlePrimaryClick],
        'aria-describedby': 'cta-heading',
        'aria-label': 'Start Your Tax Preparation Now - Begin your tax preparation process now'
      }

      at log (src/components/ui/Button.tsx:28:13)

    console.log
      [Button] Rendering with type: button

      at log (src/components/ui/Button.tsx:25:13)

    console.log
      [Button] Props received: {
        variant: 'outline',
        size: 'lg',
        type: 'button',
        loading: false,
        disabled: undefined
      }

      at log (src/components/ui/Button.tsx:26:13)

    console.log
      [Button] Has onClick in props: true

      at log (src/components/ui/Button.tsx:27:13)

    console.log
      [Button] All props: {
        onClick: [AsyncFunction: handleSecondaryClick],
        'aria-describedby': 'cta-heading',
        'aria-label': 'Learn More About Our Process - Get more information about our tax preparation process'
      }

      at log (src/components/ui/Button.tsx:28:13)

    console.log
      [Button] Rendering with type: button

      at log (src/components/ui/Button.tsx:25:13)

    console.log
      [Button] Props received: {
        variant: 'primary',
        size: 'lg',
        type: 'button',
        loading: false,
        disabled: undefined
      }

      at log (src/components/ui/Button.tsx:26:13)

    console.log
      [Button] Has onClick in props: true

      at log (src/components/ui/Button.tsx:27:13)

    console.log
      [Button] All props: {
        onClick: [AsyncFunction: handlePrimaryClick],
        'aria-describedby': 'cta-heading',
        'aria-label': 'Start Your Tax Preparation Now - Begin your tax preparation process now'
      }

      at log (src/components/ui/Button.tsx:28:13)

    console.log
      [Button] Rendering with type: button

      at log (src/components/ui/Button.tsx:25:13)

    console.log
      [Button] Props received: {
        variant: 'outline',
        size: 'lg',
        type: 'button',
        loading: false,
        disabled: undefined
      }

      at log (src/components/ui/Button.tsx:26:13)

    console.log
      [Button] Has onClick in props: true

      at log (src/components/ui/Button.tsx:27:13)

    console.log
      [Button] All props: {
        onClick: [AsyncFunction: handleSecondaryClick],
        'aria-describedby': 'cta-heading',
        'aria-label': 'Learn More About Our Process - Get more information about our tax preparation process'
      }

      at log (src/components/ui/Button.tsx:28:13)

    console.log
      [Button] Rendering with type: button

      at log (src/components/ui/Button.tsx:25:13)

    console.log
      [Button] Props received: {
        variant: 'primary',
        size: 'lg',
        type: 'button',
        loading: false,
        disabled: undefined
      }

      at log (src/components/ui/Button.tsx:26:13)

    console.log
      [Button] Has onClick in props: true

      at log (src/components/ui/Button.tsx:27:13)

    console.log
      [Button] All props: {
        onClick: [AsyncFunction: handlePrimaryClick],
        'aria-describedby': 'cta-heading',
        'aria-label': 'Start Your Tax Preparation Now - Begin your tax preparation process now'
      }

      at log (src/components/ui/Button.tsx:28:13)

    console.log
      [Button] Rendering with type: button

      at log (src/components/ui/Button.tsx:25:13)

    console.log
      [Button] Props received: {
        variant: 'outline',
        size: 'lg',
        type: 'button',
        loading: false,
        disabled: undefined
      }

      at log (src/components/ui/Button.tsx:26:13)

    console.log
      [Button] Has onClick in props: true

      at log (src/components/ui/Button.tsx:27:13)

    console.log
      [Button] All props: {
        onClick: [AsyncFunction: handleSecondaryClick],
        'aria-describedby': 'cta-heading',
        'aria-label': 'Learn More About Our Process - Get more information about our tax preparation process'
      }

      at log (src/components/ui/Button.tsx:28:13)

    console.log
      [Button] Rendering with type: button

      at log (src/components/ui/Button.tsx:25:13)

    console.log
      [Button] Props received: {
        variant: 'primary',
        size: 'lg',
        type: 'button',
        loading: false,
        disabled: undefined
      }

      at log (src/components/ui/Button.tsx:26:13)

    console.log
      [Button] Has onClick in props: true

      at log (src/components/ui/Button.tsx:27:13)

    console.log
      [Button] All props: {
        onClick: [AsyncFunction: handlePrimaryClick],
        'aria-describedby': 'cta-heading',
        'aria-label': 'Start Your Tax Preparation Now - Begin your tax preparation process now'
      }

      at log (src/components/ui/Button.tsx:28:13)

    console.log
      [Button] Rendering with type: button

      at log (src/components/ui/Button.tsx:25:13)

    console.log
      [Button] Props received: {
        variant: 'outline',
        size: 'lg',
        type: 'button',
        loading: false,
        disabled: undefined
      }

      at log (src/components/ui/Button.tsx:26:13)

    console.log
      [Button] Has onClick in props: true

      at log (src/components/ui/Button.tsx:27:13)

    console.log
      [Button] All props: {
        onClick: [AsyncFunction: handleSecondaryClick],
        'aria-describedby': 'cta-heading',
        'aria-label': 'Learn More About Our Process - Get more information about our tax preparation process'
      }

      at log (src/components/ui/Button.tsx:28:13)

    console.log
      [Button] Rendering with type: button

      at log (src/components/ui/Button.tsx:25:13)

    console.log
      [Button] Props received: {
        variant: 'primary',
        size: 'lg',
        type: 'button',
        loading: false,
        disabled: undefined
      }

      at log (src/components/ui/Button.tsx:26:13)

    console.log
      [Button] Has onClick in props: true

      at log (src/components/ui/Button.tsx:27:13)

    console.log
      [Button] All props: {
        onClick: [AsyncFunction: handlePrimaryClick],
        'aria-describedby': 'cta-heading',
        'aria-label': 'Start Your Tax Preparation Now - Begin your tax preparation process now'
      }

      at log (src/components/ui/Button.tsx:28:13)

    console.log
      [Button] Rendering with type: button

      at log (src/components/ui/Button.tsx:25:13)

    console.log
      [Button] Props received: {
        variant: 'outline',
        size: 'lg',
        type: 'button',
        loading: false,
        disabled: undefined
      }

      at log (src/components/ui/Button.tsx:26:13)

    console.log
      [Button] Has onClick in props: true

      at log (src/components/ui/Button.tsx:27:13)

    console.log
      [Button] All props: {
        onClick: [AsyncFunction: handleSecondaryClick],
        'aria-describedby': 'cta-heading',
        'aria-label': 'Learn More About Our Process - Get more information about our tax preparation process'
      }

      at log (src/components/ui/Button.tsx:28:13)

    console.log
      [Button] Rendering with type: button

      at log (src/components/ui/Button.tsx:25:13)

    console.log
      [Button] Props received: {
        variant: 'primary',
        size: 'lg',
        type: 'button',
        loading: false,
        disabled: undefined
      }

      at log (src/components/ui/Button.tsx:26:13)

    console.log
      [Button] Has onClick in props: true

      at log (src/components/ui/Button.tsx:27:13)

    console.log
      [Button] All props: {
        onClick: [AsyncFunction: handlePrimaryClick],
        'aria-describedby': 'cta-heading',
        'aria-label': 'Start Your Tax Preparation Now - Begin your tax preparation process now'
      }

      at log (src/components/ui/Button.tsx:28:13)

    console.log
      [Button] Rendering with type: button

      at log (src/components/ui/Button.tsx:25:13)

    console.log
      [Button] Props received: {
        variant: 'outline',
        size: 'lg',
        type: 'button',
        loading: false,
        disabled: undefined
      }

      at log (src/components/ui/Button.tsx:26:13)

    console.log
      [Button] Has onClick in props: true

      at log (src/components/ui/Button.tsx:27:13)

    console.log
      [Button] All props: {
        onClick: [AsyncFunction: handleSecondaryClick],
        'aria-describedby': 'cta-heading',
        'aria-label': 'Learn More About Our Process - Get more information about our tax preparation process'
      }

      at log (src/components/ui/Button.tsx:28:13)

    console.log
      [Button] Rendering with type: button

      at log (src/components/ui/Button.tsx:25:13)

    console.log
      [Button] Props received: {
        variant: 'primary',
        size: 'lg',
        type: 'button',
        loading: false,
        disabled: undefined
      }

      at log (src/components/ui/Button.tsx:26:13)

    console.log
      [Button] Has onClick in props: true

      at log (src/components/ui/Button.tsx:27:13)

    console.log
      [Button] All props: {
        onClick: [AsyncFunction: handlePrimaryClick],
        'aria-describedby': 'cta-heading',
        'aria-label': ' - Begin your tax preparation process now'
      }

      at log (src/components/ui/Button.tsx:28:13)

    console.log
      [Button] Rendering with type: button

      at log (src/components/ui/Button.tsx:25:13)

    console.log
      [Button] Props received: {
        variant: 'outline',
        size: 'lg',
        type: 'button',
        loading: false,
        disabled: undefined
      }

      at log (src/components/ui/Button.tsx:26:13)

    console.log
      [Button] Has onClick in props: true

      at log (src/components/ui/Button.tsx:27:13)

    console.log
      [Button] All props: {
        onClick: [AsyncFunction: handleSecondaryClick],
        'aria-describedby': 'cta-heading',
        'aria-label': ' - Get more information about our tax preparation process'
      }

      at log (src/components/ui/Button.tsx:28:13)

    console.log
      [Button] Rendering with type: button

      at log (src/components/ui/Button.tsx:25:13)

    console.log
      [Button] Props received: {
        variant: 'primary',
        size: 'lg',
        type: 'button',
        loading: false,
        disabled: undefined
      }

      at log (src/components/ui/Button.tsx:26:13)

    console.log
      [Button] Has onClick in props: true

      at log (src/components/ui/Button.tsx:27:13)

    console.log
      [Button] All props: {
        onClick: [AsyncFunction: handlePrimaryClick],
        'aria-describedby': 'cta-heading',
        'aria-label': 'AAAAAAAAAAAAAAAAAAAAAAAAAAAAAAAAAAAAAAAAAAAAAAAAAAAAAAAAAAAAAAAAAAAAAAAAAAAAAAAAAAAAAAAAAAAAAAAAAAAA - Begin your tax preparation process now'
      }

      at log (src/components/ui/Button.tsx:28:13)

    console.log
      [Button] Rendering with type: button

      at log (src/components/ui/Button.tsx:25:13)

    console.log
      [Button] Props received: {
        variant: 'outline',
        size: 'lg',
        type: 'button',
        loading: false,
        disabled: undefined
      }

      at log (src/components/ui/Button.tsx:26:13)

    console.log
      [Button] Has onClick in props: true

      at log (src/components/ui/Button.tsx:27:13)

    console.log
      [Button] All props: {
        onClick: [AsyncFunction: handleSecondaryClick],
        'aria-describedby': 'cta-heading',
        'aria-label': 'BBBBBBBBBBBBBBBBBBBBBBBBBBBBBBBBBBBBBBBBBBBBBBBBBBBBBBBBBBBBBBBBBBBBBBBBBBBBBBBBBBBBBBBBBBBBBBBBBBBB - Get more information about our tax preparation process'
      }

      at log (src/components/ui/Button.tsx:28:13)

    console.log
      [Button] Rendering with type: button

      at log (src/components/ui/Button.tsx:25:13)

    console.log
      [Button] Props received: {
        variant: 'primary',
        size: 'lg',
        type: 'button',
        loading: false,
        disabled: undefined
      }

      at log (src/components/ui/Button.tsx:26:13)

    console.log
      [Button] Has onClick in props: true

      at log (src/components/ui/Button.tsx:27:13)

    console.log
      [Button] All props: {
        onClick: [AsyncFunction: handlePrimaryClick],
        'aria-describedby': 'cta-heading',
        'aria-label': 'Start Now & Save! - Begin your tax preparation process now'
      }

      at log (src/components/ui/Button.tsx:28:13)

    console.log
      [Button] Rendering with type: button

      at log (src/components/ui/Button.tsx:25:13)

    console.log
      [Button] Props received: {
        variant: 'outline',
        size: 'lg',
        type: 'button',
        loading: false,
        disabled: undefined
      }

      at log (src/components/ui/Button.tsx:26:13)

    console.log
      [Button] Has onClick in props: true

      at log (src/components/ui/Button.tsx:27:13)

    console.log
      [Button] All props: {
        onClick: [AsyncFunction: handleSecondaryClick],
        'aria-describedby': 'cta-heading',
        'aria-label': 'Learn More "Details" - Get more information about our tax preparation process'
      }

      at log (src/components/ui/Button.tsx:28:13)

    console.log
      [Button] Rendering with type: button

      at log (src/components/ui/Button.tsx:25:13)

    console.log
      [Button] Props received: {
        variant: 'primary',
        size: 'lg',
        type: 'button',
        loading: false,
        disabled: undefined
      }

      at log (src/components/ui/Button.tsx:26:13)

    console.log
      [Button] Has onClick in props: true

      at log (src/components/ui/Button.tsx:27:13)

    console.log
      [Button] All props: {
        onClick: [AsyncFunction: handlePrimaryClick],
        'aria-describedby': 'cta-heading',
        'aria-label': 'Start Your Tax Preparation Now - Begin your tax preparation process now'
      }

      at log (src/components/ui/Button.tsx:28:13)

    console.log
      [Button] Rendering with type: button

      at log (src/components/ui/Button.tsx:25:13)

    console.log
      [Button] Props received: {
        variant: 'outline',
        size: 'lg',
        type: 'button',
        loading: false,
        disabled: undefined
      }

      at log (src/components/ui/Button.tsx:26:13)

    console.log
      [Button] Has onClick in props: true

      at log (src/components/ui/Button.tsx:27:13)

    console.log
      [Button] All props: {
        onClick: [AsyncFunction: handleSecondaryClick],
        'aria-describedby': 'cta-heading',
        'aria-label': 'Learn More About Our Process - Get more information about our tax preparation process'
      }

      at log (src/components/ui/Button.tsx:28:13)

    console.log
      [Button] Rendering with type: button

      at log (src/components/ui/Button.tsx:25:13)

    console.log
      [Button] Props received: {
        variant: 'primary',
        size: 'lg',
        type: 'button',
        loading: false,
        disabled: undefined
      }

      at log (src/components/ui/Button.tsx:26:13)

    console.log
      [Button] Has onClick in props: true

      at log (src/components/ui/Button.tsx:27:13)

    console.log
      [Button] All props: {
        onClick: [AsyncFunction: handlePrimaryClick],
        'aria-describedby': 'cta-heading',
        'aria-label': 'Start Your Tax Preparation Now - Begin your tax preparation process now'
      }

      at log (src/components/ui/Button.tsx:28:13)

    console.log
      [Button] Rendering with type: button

      at log (src/components/ui/Button.tsx:25:13)

    console.log
      [Button] Props received: {
        variant: 'outline',
        size: 'lg',
        type: 'button',
        loading: false,
        disabled: undefined
      }

      at log (src/components/ui/Button.tsx:26:13)

    console.log
      [Button] Has onClick in props: true

      at log (src/components/ui/Button.tsx:27:13)

    console.log
      [Button] All props: {
        onClick: [AsyncFunction: handleSecondaryClick],
        'aria-describedby': 'cta-heading',
        'aria-label': 'Learn More About Our Process - Get more information about our tax preparation process'
      }

      at log (src/components/ui/Button.tsx:28:13)

    console.log
      [Button] Rendering with type: button

      at log (src/components/ui/Button.tsx:25:13)

    console.log
      [Button] Props received: {
        variant: 'primary',
        size: 'lg',
        type: 'button',
        loading: false,
        disabled: undefined
      }

      at log (src/components/ui/Button.tsx:26:13)

    console.log
      [Button] Has onClick in props: true

      at log (src/components/ui/Button.tsx:27:13)

    console.log
      [Button] All props: {
        onClick: [AsyncFunction: handlePrimaryClick],
        'aria-describedby': 'cta-heading',
        'aria-label': 'Start Your Tax Preparation Now - Begin your tax preparation process now'
      }

      at log (src/components/ui/Button.tsx:28:13)

    console.log
      [Button] Rendering with type: button

      at log (src/components/ui/Button.tsx:25:13)

    console.log
      [Button] Props received: {
        variant: 'outline',
        size: 'lg',
        type: 'button',
        loading: false,
        disabled: undefined
      }

      at log (src/components/ui/Button.tsx:26:13)

    console.log
      [Button] Has onClick in props: true

      at log (src/components/ui/Button.tsx:27:13)

    console.log
      [Button] All props: {
        onClick: [AsyncFunction: handleSecondaryClick],
        'aria-describedby': 'cta-heading',
        'aria-label': 'Learn More About Our Process - Get more information about our tax preparation process'
      }

      at log (src/components/ui/Button.tsx:28:13)

    console.log
      [Button] Rendering with type: button

      at log (src/components/ui/Button.tsx:25:13)

    console.log
      [Button] Props received: {
        variant: 'primary',
        size: 'lg',
        type: 'button',
        loading: false,
        disabled: undefined
      }

      at log (src/components/ui/Button.tsx:26:13)

    console.log
      [Button] Has onClick in props: true

      at log (src/components/ui/Button.tsx:27:13)

    console.log
      [Button] All props: {
        onClick: [AsyncFunction: handlePrimaryClick],
        'aria-describedby': 'cta-heading',
        'aria-label': 'Start Your Tax Preparation Now - Begin your tax preparation process now'
      }

      at log (src/components/ui/Button.tsx:28:13)

    console.log
      [Button] Rendering with type: button

      at log (src/components/ui/Button.tsx:25:13)

    console.log
      [Button] Props received: {
        variant: 'outline',
        size: 'lg',
        type: 'button',
        loading: false,
        disabled: undefined
      }

      at log (src/components/ui/Button.tsx:26:13)

    console.log
      [Button] Has onClick in props: true

      at log (src/components/ui/Button.tsx:27:13)

    console.log
      [Button] All props: {
        onClick: [AsyncFunction: handleSecondaryClick],
        'aria-describedby': 'cta-heading',
        'aria-label': 'Learn More About Our Process - Get more information about our tax preparation process'
      }

      at log (src/components/ui/Button.tsx:28:13)

    console.log
      [Button] Rendering with type: button

      at log (src/components/ui/Button.tsx:25:13)

    console.log
      [Button] Props received: {
        variant: 'primary',
        size: 'lg',
        type: 'button',
        loading: false,
        disabled: undefined
      }

      at log (src/components/ui/Button.tsx:26:13)

    console.log
      [Button] Has onClick in props: true

      at log (src/components/ui/Button.tsx:27:13)

    console.log
      [Button] All props: {
        onClick: [AsyncFunction: handlePrimaryClick],
        'aria-describedby': 'cta-heading',
        'aria-label': 'Start Your Tax Preparation Now - Begin your tax preparation process now'
      }

      at log (src/components/ui/Button.tsx:28:13)

    console.log
      [Button] Rendering with type: button

      at log (src/components/ui/Button.tsx:25:13)

    console.log
      [Button] Props received: {
        variant: 'outline',
        size: 'lg',
        type: 'button',
        loading: false,
        disabled: undefined
      }

      at log (src/components/ui/Button.tsx:26:13)

    console.log
      [Button] Has onClick in props: true

      at log (src/components/ui/Button.tsx:27:13)

    console.log
      [Button] All props: {
        onClick: [AsyncFunction: handleSecondaryClick],
        'aria-describedby': 'cta-heading',
        'aria-label': 'Learn More About Our Process - Get more information about our tax preparation process'
      }

      at log (src/components/ui/Button.tsx:28:13)

PASS src/components/Footer.test.tsx
PASS src/components/ui/EmailInput.test.tsx
/Users/ryan/Library/Mobile Documents/com~apple~CloudDocs/Documents/VSCode/Tax-App-Frontend/src/lib/api/tokenManager.test.ts:230
                throw new Error("localStorage unavailable");
                      ^

[Error: localStorage unavailable]

Node.js v20.17.0
PASS src/app/login/LoginPageClient.test.tsx
PASS src/hooks/useLogout.test.tsx
PASS src/components/ui/PasswordStrengthIndicator.test.tsx
/Users/ryan/Library/Mobile Documents/com~apple~CloudDocs/Documents/VSCode/Tax-App-Frontend/src/lib/api/tokenManager.test.ts:230
                throw new Error("localStorage unavailable");
                      ^

[Error: localStorage unavailable]

Node.js v20.17.0
FAIL src/lib/api/tokenManager.test.ts
  ● Test suite failed to run

    Jest worker encountered 4 child process exceptions, exceeding retry limit

      at ChildProcessWorker.initialize (node_modules/jest-worker/build/index.js:805:21)

PASS src/components/NavbarClient.test.tsx
PASS src/lib/security.test.ts
  ● Console

    console.error
      Security violation: Password data found in localStorage

      25 |         const value = localStorage.getItem(key);
      26 |         if (value && isPasswordData(key, value)) {
    > 27 |           console.error('Security violation: Password data found in localStorage');
         |                   ^
      28 |           return false;
      29 |         }
      30 |       }

      at error (src/lib/security.ts:27:19)
      at Object.<anonymous> (src/lib/security.test.ts:87:41)

    console.error
      Security violation: Password data found in sessionStorage

      37 |         const value = sessionStorage.getItem(key);
      38 |         if (value && isPasswordData(key, value)) {
    > 39 |           console.error('Security violation: Password data found in sessionStorage');
         |                   ^
      40 |           return false;
      41 |         }
      42 |       }

      at error (src/lib/security.ts:39:19)
      at Object.<anonymous> (src/lib/security.test.ts:93:41)

    console.error
      Security violation: Password data found in localStorage

      25 |         const value = localStorage.getItem(key);
      26 |         if (value && isPasswordData(key, value)) {
    > 27 |           console.error('Security violation: Password data found in localStorage');
         |                   ^
      28 |           return false;
      29 |         }
      30 |       }

      at error (src/lib/security.ts:27:19)
      at Object.<anonymous> (src/lib/security.test.ts:102:41)

    console.error
      Security violation: Password data found in sessionStorage

      37 |         const value = sessionStorage.getItem(key);
      38 |         if (value && isPasswordData(key, value)) {
    > 39 |           console.error('Security violation: Password data found in sessionStorage');
         |                   ^
      40 |           return false;
      41 |         }
      42 |       }

      at error (src/lib/security.ts:39:19)
      at Object.<anonymous> (src/lib/security.test.ts:114:41)

    console.error
      Security violation: Password data found in localStorage

      25 |         const value = localStorage.getItem(key);
      26 |         if (value && isPasswordData(key, value)) {
    > 27 |           console.error('Security violation: Password data found in localStorage');
         |                   ^
      28 |           return false;
      29 |         }
      30 |       }

      at error (src/lib/security.ts:27:19)
      at src/lib/security.test.ts:123:43
          at Array.forEach (<anonymous>)
      at Object.forEach (src/lib/security.test.ts:120:20)

    console.error
      Security violation: Password data found in localStorage

      25 |         const value = localStorage.getItem(key);
      26 |         if (value && isPasswordData(key, value)) {
    > 27 |           console.error('Security violation: Password data found in localStorage');
         |                   ^
      28 |           return false;
      29 |         }
      30 |       }

      at error (src/lib/security.ts:27:19)
      at src/lib/security.test.ts:123:43
          at Array.forEach (<anonymous>)
      at Object.forEach (src/lib/security.test.ts:120:20)

    console.error
      Security violation: Password data found in localStorage

      25 |         const value = localStorage.getItem(key);
      26 |         if (value && isPasswordData(key, value)) {
    > 27 |           console.error('Security violation: Password data found in localStorage');
         |                   ^
      28 |           return false;
      29 |         }
      30 |       }

      at error (src/lib/security.ts:27:19)
      at src/lib/security.test.ts:123:43
          at Array.forEach (<anonymous>)
      at Object.forEach (src/lib/security.test.ts:120:20)

    console.error
      Security violation: Password data found in localStorage

      25 |         const value = localStorage.getItem(key);
      26 |         if (value && isPasswordData(key, value)) {
    > 27 |           console.error('Security violation: Password data found in localStorage');
         |                   ^
      28 |           return false;
      29 |         }
      30 |       }

      at error (src/lib/security.ts:27:19)
      at src/lib/security.test.ts:123:43
          at Array.forEach (<anonymous>)
      at Object.forEach (src/lib/security.test.ts:120:20)

    console.error
      Security violation: Password data found in localStorage

      25 |         const value = localStorage.getItem(key);
      26 |         if (value && isPasswordData(key, value)) {
    > 27 |           console.error('Security violation: Password data found in localStorage');
         |                   ^
      28 |           return false;
      29 |         }
      30 |       }

      at error (src/lib/security.ts:27:19)
      at src/lib/security.test.ts:269:56
      at Property.predicate (node_modules/fast-check/lib/cjs/check/property/Property.js:17:92)
      at Property.run (node_modules/fast-check/lib/cjs/check/property/Property.generic.js:46:33)
      at runIt (node_modules/fast-check/lib/cjs/check/runner/Runner.js:18:30)
      at check (node_modules/fast-check/lib/cjs/check/runner/Runner.js:58:11)
      at Object.assert (node_modules/fast-check/lib/cjs/check/runner/Runner.js:61:17)
      at Object.assert (src/lib/security.test.ts:254:10)

    console.error
      Security violation: Password data found in localStorage

      25 |         const value = localStorage.getItem(key);
      26 |         if (value && isPasswordData(key, value)) {
    > 27 |           console.error('Security violation: Password data found in localStorage');
         |                   ^
      28 |           return false;
      29 |         }
      30 |       }

      at error (src/lib/security.ts:27:19)
      at src/lib/security.test.ts:269:56
      at Property.predicate (node_modules/fast-check/lib/cjs/check/property/Property.js:17:92)
      at Property.run (node_modules/fast-check/lib/cjs/check/property/Property.generic.js:46:33)
      at runIt (node_modules/fast-check/lib/cjs/check/runner/Runner.js:18:30)
      at check (node_modules/fast-check/lib/cjs/check/runner/Runner.js:58:11)
      at Object.assert (node_modules/fast-check/lib/cjs/check/runner/Runner.js:61:17)
      at Object.assert (src/lib/security.test.ts:254:10)

    console.error
      Security violation: Password data found in localStorage

      25 |         const value = localStorage.getItem(key);
      26 |         if (value && isPasswordData(key, value)) {
    > 27 |           console.error('Security violation: Password data found in localStorage');
         |                   ^
      28 |           return false;
      29 |         }
      30 |       }

      at error (src/lib/security.ts:27:19)
      at src/lib/security.test.ts:269:56
      at Property.predicate (node_modules/fast-check/lib/cjs/check/property/Property.js:17:92)
      at Property.run (node_modules/fast-check/lib/cjs/check/property/Property.generic.js:46:33)
      at runIt (node_modules/fast-check/lib/cjs/check/runner/Runner.js:18:30)
      at check (node_modules/fast-check/lib/cjs/check/runner/Runner.js:58:11)
      at Object.assert (node_modules/fast-check/lib/cjs/check/runner/Runner.js:61:17)
      at Object.assert (src/lib/security.test.ts:254:10)

    console.error
      Security violation: Password data found in localStorage

      25 |         const value = localStorage.getItem(key);
      26 |         if (value && isPasswordData(key, value)) {
    > 27 |           console.error('Security violation: Password data found in localStorage');
         |                   ^
      28 |           return false;
      29 |         }
      30 |       }

      at error (src/lib/security.ts:27:19)
      at src/lib/security.test.ts:269:56
      at Property.predicate (node_modules/fast-check/lib/cjs/check/property/Property.js:17:92)
      at Property.run (node_modules/fast-check/lib/cjs/check/property/Property.generic.js:46:33)
      at runIt (node_modules/fast-check/lib/cjs/check/runner/Runner.js:18:30)
      at check (node_modules/fast-check/lib/cjs/check/runner/Runner.js:58:11)
      at Object.assert (node_modules/fast-check/lib/cjs/check/runner/Runner.js:61:17)
      at Object.assert (src/lib/security.test.ts:254:10)

    console.error
      Security violation: Password data found in localStorage

      25 |         const value = localStorage.getItem(key);
      26 |         if (value && isPasswordData(key, value)) {
    > 27 |           console.error('Security violation: Password data found in localStorage');
         |                   ^
      28 |           return false;
      29 |         }
      30 |       }

      at error (src/lib/security.ts:27:19)
      at src/lib/security.test.ts:269:56
      at Property.predicate (node_modules/fast-check/lib/cjs/check/property/Property.js:17:92)
      at Property.run (node_modules/fast-check/lib/cjs/check/property/Property.generic.js:46:33)
      at runIt (node_modules/fast-check/lib/cjs/check/runner/Runner.js:18:30)
      at check (node_modules/fast-check/lib/cjs/check/runner/Runner.js:58:11)
      at Object.assert (node_modules/fast-check/lib/cjs/check/runner/Runner.js:61:17)
      at Object.assert (src/lib/security.test.ts:254:10)

    console.error
      Security violation: Password data found in localStorage

      25 |         const value = localStorage.getItem(key);
      26 |         if (value && isPasswordData(key, value)) {
    > 27 |           console.error('Security violation: Password data found in localStorage');
         |                   ^
      28 |           return false;
      29 |         }
      30 |       }

      at error (src/lib/security.ts:27:19)
      at src/lib/security.test.ts:269:56
      at Property.predicate (node_modules/fast-check/lib/cjs/check/property/Property.js:17:92)
      at Property.run (node_modules/fast-check/lib/cjs/check/property/Property.generic.js:46:33)
      at runIt (node_modules/fast-check/lib/cjs/check/runner/Runner.js:18:30)
      at check (node_modules/fast-check/lib/cjs/check/runner/Runner.js:58:11)
      at Object.assert (node_modules/fast-check/lib/cjs/check/runner/Runner.js:61:17)
      at Object.assert (src/lib/security.test.ts:254:10)

    console.error
      Security violation: Password data found in localStorage

      25 |         const value = localStorage.getItem(key);
      26 |         if (value && isPasswordData(key, value)) {
    > 27 |           console.error('Security violation: Password data found in localStorage');
         |                   ^
      28 |           return false;
      29 |         }
      30 |       }

      at error (src/lib/security.ts:27:19)
      at src/lib/security.test.ts:269:56
      at Property.predicate (node_modules/fast-check/lib/cjs/check/property/Property.js:17:92)
      at Property.run (node_modules/fast-check/lib/cjs/check/property/Property.generic.js:46:33)
      at runIt (node_modules/fast-check/lib/cjs/check/runner/Runner.js:18:30)
      at check (node_modules/fast-check/lib/cjs/check/runner/Runner.js:58:11)
      at Object.assert (node_modules/fast-check/lib/cjs/check/runner/Runner.js:61:17)
      at Object.assert (src/lib/security.test.ts:254:10)

    console.error
      Security violation: Password data found in localStorage

      25 |         const value = localStorage.getItem(key);
      26 |         if (value && isPasswordData(key, value)) {
    > 27 |           console.error('Security violation: Password data found in localStorage');
         |                   ^
      28 |           return false;
      29 |         }
      30 |       }

      at error (src/lib/security.ts:27:19)
      at src/lib/security.test.ts:269:56
      at Property.predicate (node_modules/fast-check/lib/cjs/check/property/Property.js:17:92)
      at Property.run (node_modules/fast-check/lib/cjs/check/property/Property.generic.js:46:33)
      at runIt (node_modules/fast-check/lib/cjs/check/runner/Runner.js:18:30)
      at check (node_modules/fast-check/lib/cjs/check/runner/Runner.js:58:11)
      at Object.assert (node_modules/fast-check/lib/cjs/check/runner/Runner.js:61:17)
      at Object.assert (src/lib/security.test.ts:254:10)

    console.error
      Security violation: Password data found in localStorage

      25 |         const value = localStorage.getItem(key);
      26 |         if (value && isPasswordData(key, value)) {
    > 27 |           console.error('Security violation: Password data found in localStorage');
         |                   ^
      28 |           return false;
      29 |         }
      30 |       }

      at error (src/lib/security.ts:27:19)
      at src/lib/security.test.ts:269:56
      at Property.predicate (node_modules/fast-check/lib/cjs/check/property/Property.js:17:92)
      at Property.run (node_modules/fast-check/lib/cjs/check/property/Property.generic.js:46:33)
      at runIt (node_modules/fast-check/lib/cjs/check/runner/Runner.js:18:30)
      at check (node_modules/fast-check/lib/cjs/check/runner/Runner.js:58:11)
      at Object.assert (node_modules/fast-check/lib/cjs/check/runner/Runner.js:61:17)
      at Object.assert (src/lib/security.test.ts:254:10)

    console.error
      Security violation: Password data found in localStorage

      25 |         const value = localStorage.getItem(key);
      26 |         if (value && isPasswordData(key, value)) {
    > 27 |           console.error('Security violation: Password data found in localStorage');
         |                   ^
      28 |           return false;
      29 |         }
      30 |       }

      at error (src/lib/security.ts:27:19)
      at src/lib/security.test.ts:269:56
      at Property.predicate (node_modules/fast-check/lib/cjs/check/property/Property.js:17:92)
      at Property.run (node_modules/fast-check/lib/cjs/check/property/Property.generic.js:46:33)
      at runIt (node_modules/fast-check/lib/cjs/check/runner/Runner.js:18:30)
      at check (node_modules/fast-check/lib/cjs/check/runner/Runner.js:58:11)
      at Object.assert (node_modules/fast-check/lib/cjs/check/runner/Runner.js:61:17)
      at Object.assert (src/lib/security.test.ts:254:10)

    console.error
      Security violation: Password data found in localStorage

      25 |         const value = localStorage.getItem(key);
      26 |         if (value && isPasswordData(key, value)) {
    > 27 |           console.error('Security violation: Password data found in localStorage');
         |                   ^
      28 |           return false;
      29 |         }
      30 |       }

      at error (src/lib/security.ts:27:19)
      at src/lib/security.test.ts:269:56
      at Property.predicate (node_modules/fast-check/lib/cjs/check/property/Property.js:17:92)
      at Property.run (node_modules/fast-check/lib/cjs/check/property/Property.generic.js:46:33)
      at runIt (node_modules/fast-check/lib/cjs/check/runner/Runner.js:18:30)
      at check (node_modules/fast-check/lib/cjs/check/runner/Runner.js:58:11)
      at Object.assert (node_modules/fast-check/lib/cjs/check/runner/Runner.js:61:17)
      at Object.assert (src/lib/security.test.ts:254:10)

    console.error
      Security violation: Password data found in localStorage

      25 |         const value = localStorage.getItem(key);
      26 |         if (value && isPasswordData(key, value)) {
    > 27 |           console.error('Security violation: Password data found in localStorage');
         |                   ^
      28 |           return false;
      29 |         }
      30 |       }

      at error (src/lib/security.ts:27:19)
      at src/lib/security.test.ts:269:56
      at Property.predicate (node_modules/fast-check/lib/cjs/check/property/Property.js:17:92)
      at Property.run (node_modules/fast-check/lib/cjs/check/property/Property.generic.js:46:33)
      at runIt (node_modules/fast-check/lib/cjs/check/runner/Runner.js:18:30)
      at check (node_modules/fast-check/lib/cjs/check/runner/Runner.js:58:11)
      at Object.assert (node_modules/fast-check/lib/cjs/check/runner/Runner.js:61:17)
      at Object.assert (src/lib/security.test.ts:254:10)

    console.error
      Security violation: Password data found in localStorage

      25 |         const value = localStorage.getItem(key);
      26 |         if (value && isPasswordData(key, value)) {
    > 27 |           console.error('Security violation: Password data found in localStorage');
         |                   ^
      28 |           return false;
      29 |         }
      30 |       }

      at error (src/lib/security.ts:27:19)
      at src/lib/security.test.ts:269:56
      at Property.predicate (node_modules/fast-check/lib/cjs/check/property/Property.js:17:92)
      at Property.run (node_modules/fast-check/lib/cjs/check/property/Property.generic.js:46:33)
      at runIt (node_modules/fast-check/lib/cjs/check/runner/Runner.js:18:30)
      at check (node_modules/fast-check/lib/cjs/check/runner/Runner.js:58:11)
      at Object.assert (node_modules/fast-check/lib/cjs/check/runner/Runner.js:61:17)
      at Object.assert (src/lib/security.test.ts:254:10)

    console.error
      Security violation: Password data found in localStorage

      25 |         const value = localStorage.getItem(key);
      26 |         if (value && isPasswordData(key, value)) {
    > 27 |           console.error('Security violation: Password data found in localStorage');
         |                   ^
      28 |           return false;
      29 |         }
      30 |       }

      at error (src/lib/security.ts:27:19)
      at src/lib/security.test.ts:269:56
      at Property.predicate (node_modules/fast-check/lib/cjs/check/property/Property.js:17:92)
      at Property.run (node_modules/fast-check/lib/cjs/check/property/Property.generic.js:46:33)
      at runIt (node_modules/fast-check/lib/cjs/check/runner/Runner.js:18:30)
      at check (node_modules/fast-check/lib/cjs/check/runner/Runner.js:58:11)
      at Object.assert (node_modules/fast-check/lib/cjs/check/runner/Runner.js:61:17)
      at Object.assert (src/lib/security.test.ts:254:10)

    console.error
      Security violation: Password data found in localStorage

      25 |         const value = localStorage.getItem(key);
      26 |         if (value && isPasswordData(key, value)) {
    > 27 |           console.error('Security violation: Password data found in localStorage');
         |                   ^
      28 |           return false;
      29 |         }
      30 |       }

      at error (src/lib/security.ts:27:19)
      at src/lib/security.test.ts:269:56
      at Property.predicate (node_modules/fast-check/lib/cjs/check/property/Property.js:17:92)
      at Property.run (node_modules/fast-check/lib/cjs/check/property/Property.generic.js:46:33)
      at runIt (node_modules/fast-check/lib/cjs/check/runner/Runner.js:18:30)
      at check (node_modules/fast-check/lib/cjs/check/runner/Runner.js:58:11)
      at Object.assert (node_modules/fast-check/lib/cjs/check/runner/Runner.js:61:17)
      at Object.assert (src/lib/security.test.ts:254:10)

    console.error
      Security violation: Password data found in localStorage

      25 |         const value = localStorage.getItem(key);
      26 |         if (value && isPasswordData(key, value)) {
    > 27 |           console.error('Security violation: Password data found in localStorage');
         |                   ^
      28 |           return false;
      29 |         }
      30 |       }

      at error (src/lib/security.ts:27:19)
      at src/lib/security.test.ts:269:56
      at Property.predicate (node_modules/fast-check/lib/cjs/check/property/Property.js:17:92)
      at Property.run (node_modules/fast-check/lib/cjs/check/property/Property.generic.js:46:33)
      at runIt (node_modules/fast-check/lib/cjs/check/runner/Runner.js:18:30)
      at check (node_modules/fast-check/lib/cjs/check/runner/Runner.js:58:11)
      at Object.assert (node_modules/fast-check/lib/cjs/check/runner/Runner.js:61:17)
      at Object.assert (src/lib/security.test.ts:254:10)

    console.error
      Security violation: Password data found in localStorage

      25 |         const value = localStorage.getItem(key);
      26 |         if (value && isPasswordData(key, value)) {
    > 27 |           console.error('Security violation: Password data found in localStorage');
         |                   ^
      28 |           return false;
      29 |         }
      30 |       }

      at error (src/lib/security.ts:27:19)
      at src/lib/security.test.ts:269:56
      at Property.predicate (node_modules/fast-check/lib/cjs/check/property/Property.js:17:92)
      at Property.run (node_modules/fast-check/lib/cjs/check/property/Property.generic.js:46:33)
      at runIt (node_modules/fast-check/lib/cjs/check/runner/Runner.js:18:30)
      at check (node_modules/fast-check/lib/cjs/check/runner/Runner.js:58:11)
      at Object.assert (node_modules/fast-check/lib/cjs/check/runner/Runner.js:61:17)
      at Object.assert (src/lib/security.test.ts:254:10)

    console.error
      Security violation: Password data found in localStorage

      25 |         const value = localStorage.getItem(key);
      26 |         if (value && isPasswordData(key, value)) {
    > 27 |           console.error('Security violation: Password data found in localStorage');
         |                   ^
      28 |           return false;
      29 |         }
      30 |       }

      at error (src/lib/security.ts:27:19)
      at src/lib/security.test.ts:269:56
      at Property.predicate (node_modules/fast-check/lib/cjs/check/property/Property.js:17:92)
      at Property.run (node_modules/fast-check/lib/cjs/check/property/Property.generic.js:46:33)
      at runIt (node_modules/fast-check/lib/cjs/check/runner/Runner.js:18:30)
      at check (node_modules/fast-check/lib/cjs/check/runner/Runner.js:58:11)
      at Object.assert (node_modules/fast-check/lib/cjs/check/runner/Runner.js:61:17)
      at Object.assert (src/lib/security.test.ts:254:10)

    console.error
      Security violation: Password data found in localStorage

      25 |         const value = localStorage.getItem(key);
      26 |         if (value && isPasswordData(key, value)) {
    > 27 |           console.error('Security violation: Password data found in localStorage');
         |                   ^
      28 |           return false;
      29 |         }
      30 |       }

      at error (src/lib/security.ts:27:19)
      at src/lib/security.test.ts:269:56
      at Property.predicate (node_modules/fast-check/lib/cjs/check/property/Property.js:17:92)
      at Property.run (node_modules/fast-check/lib/cjs/check/property/Property.generic.js:46:33)
      at runIt (node_modules/fast-check/lib/cjs/check/runner/Runner.js:18:30)
      at check (node_modules/fast-check/lib/cjs/check/runner/Runner.js:58:11)
      at Object.assert (node_modules/fast-check/lib/cjs/check/runner/Runner.js:61:17)
      at Object.assert (src/lib/security.test.ts:254:10)

    console.error
      Security violation: Password data found in localStorage

      25 |         const value = localStorage.getItem(key);
      26 |         if (value && isPasswordData(key, value)) {
    > 27 |           console.error('Security violation: Password data found in localStorage');
         |                   ^
      28 |           return false;
      29 |         }
      30 |       }

      at error (src/lib/security.ts:27:19)
      at src/lib/security.test.ts:269:56
      at Property.predicate (node_modules/fast-check/lib/cjs/check/property/Property.js:17:92)
      at Property.run (node_modules/fast-check/lib/cjs/check/property/Property.generic.js:46:33)
      at runIt (node_modules/fast-check/lib/cjs/check/runner/Runner.js:18:30)
      at check (node_modules/fast-check/lib/cjs/check/runner/Runner.js:58:11)
      at Object.assert (node_modules/fast-check/lib/cjs/check/runner/Runner.js:61:17)
      at Object.assert (src/lib/security.test.ts:254:10)

    console.error
      Security violation: Password data found in localStorage

      25 |         const value = localStorage.getItem(key);
      26 |         if (value && isPasswordData(key, value)) {
    > 27 |           console.error('Security violation: Password data found in localStorage');
         |                   ^
      28 |           return false;
      29 |         }
      30 |       }

      at error (src/lib/security.ts:27:19)
      at src/lib/security.test.ts:269:56
      at Property.predicate (node_modules/fast-check/lib/cjs/check/property/Property.js:17:92)
      at Property.run (node_modules/fast-check/lib/cjs/check/property/Property.generic.js:46:33)
      at runIt (node_modules/fast-check/lib/cjs/check/runner/Runner.js:18:30)
      at check (node_modules/fast-check/lib/cjs/check/runner/Runner.js:58:11)
      at Object.assert (node_modules/fast-check/lib/cjs/check/runner/Runner.js:61:17)
      at Object.assert (src/lib/security.test.ts:254:10)

    console.error
      Security violation: Password data found in localStorage

      25 |         const value = localStorage.getItem(key);
      26 |         if (value && isPasswordData(key, value)) {
    > 27 |           console.error('Security violation: Password data found in localStorage');
         |                   ^
      28 |           return false;
      29 |         }
      30 |       }

      at error (src/lib/security.ts:27:19)
      at src/lib/security.test.ts:269:56
      at Property.predicate (node_modules/fast-check/lib/cjs/check/property/Property.js:17:92)
      at Property.run (node_modules/fast-check/lib/cjs/check/property/Property.generic.js:46:33)
      at runIt (node_modules/fast-check/lib/cjs/check/runner/Runner.js:18:30)
      at check (node_modules/fast-check/lib/cjs/check/runner/Runner.js:58:11)
      at Object.assert (node_modules/fast-check/lib/cjs/check/runner/Runner.js:61:17)
      at Object.assert (src/lib/security.test.ts:254:10)

    console.error
      Security violation: Password data found in localStorage

      25 |         const value = localStorage.getItem(key);
      26 |         if (value && isPasswordData(key, value)) {
    > 27 |           console.error('Security violation: Password data found in localStorage');
         |                   ^
      28 |           return false;
      29 |         }
      30 |       }

      at error (src/lib/security.ts:27:19)
      at src/lib/security.test.ts:269:56
      at Property.predicate (node_modules/fast-check/lib/cjs/check/property/Property.js:17:92)
      at Property.run (node_modules/fast-check/lib/cjs/check/property/Property.generic.js:46:33)
      at runIt (node_modules/fast-check/lib/cjs/check/runner/Runner.js:18:30)
      at check (node_modules/fast-check/lib/cjs/check/runner/Runner.js:58:11)
      at Object.assert (node_modules/fast-check/lib/cjs/check/runner/Runner.js:61:17)
      at Object.assert (src/lib/security.test.ts:254:10)

    console.error
      Security violation: Password data found in localStorage

      25 |         const value = localStorage.getItem(key);
      26 |         if (value && isPasswordData(key, value)) {
    > 27 |           console.error('Security violation: Password data found in localStorage');
         |                   ^
      28 |           return false;
      29 |         }
      30 |       }

      at error (src/lib/security.ts:27:19)
      at src/lib/security.test.ts:269:56
      at Property.predicate (node_modules/fast-check/lib/cjs/check/property/Property.js:17:92)
      at Property.run (node_modules/fast-check/lib/cjs/check/property/Property.generic.js:46:33)
      at runIt (node_modules/fast-check/lib/cjs/check/runner/Runner.js:18:30)
      at check (node_modules/fast-check/lib/cjs/check/runner/Runner.js:58:11)
      at Object.assert (node_modules/fast-check/lib/cjs/check/runner/Runner.js:61:17)
      at Object.assert (src/lib/security.test.ts:254:10)

    console.error
      Security violation: Password data found in localStorage

      25 |         const value = localStorage.getItem(key);
      26 |         if (value && isPasswordData(key, value)) {
    > 27 |           console.error('Security violation: Password data found in localStorage');
         |                   ^
      28 |           return false;
      29 |         }
      30 |       }

      at error (src/lib/security.ts:27:19)
      at src/lib/security.test.ts:269:56
      at Property.predicate (node_modules/fast-check/lib/cjs/check/property/Property.js:17:92)
      at Property.run (node_modules/fast-check/lib/cjs/check/property/Property.generic.js:46:33)
      at runIt (node_modules/fast-check/lib/cjs/check/runner/Runner.js:18:30)
      at check (node_modules/fast-check/lib/cjs/check/runner/Runner.js:58:11)
      at Object.assert (node_modules/fast-check/lib/cjs/check/runner/Runner.js:61:17)
      at Object.assert (src/lib/security.test.ts:254:10)

    console.error
      Security violation: Password data found in localStorage

      25 |         const value = localStorage.getItem(key);
      26 |         if (value && isPasswordData(key, value)) {
    > 27 |           console.error('Security violation: Password data found in localStorage');
         |                   ^
      28 |           return false;
      29 |         }
      30 |       }

      at error (src/lib/security.ts:27:19)
      at src/lib/security.test.ts:269:56
      at Property.predicate (node_modules/fast-check/lib/cjs/check/property/Property.js:17:92)
      at Property.run (node_modules/fast-check/lib/cjs/check/property/Property.generic.js:46:33)
      at runIt (node_modules/fast-check/lib/cjs/check/runner/Runner.js:18:30)
      at check (node_modules/fast-check/lib/cjs/check/runner/Runner.js:58:11)
      at Object.assert (node_modules/fast-check/lib/cjs/check/runner/Runner.js:61:17)
      at Object.assert (src/lib/security.test.ts:254:10)

    console.error
      Security violation: Password data found in localStorage

      25 |         const value = localStorage.getItem(key);
      26 |         if (value && isPasswordData(key, value)) {
    > 27 |           console.error('Security violation: Password data found in localStorage');
         |                   ^
      28 |           return false;
      29 |         }
      30 |       }

      at error (src/lib/security.ts:27:19)
      at src/lib/security.test.ts:269:56
      at Property.predicate (node_modules/fast-check/lib/cjs/check/property/Property.js:17:92)
      at Property.run (node_modules/fast-check/lib/cjs/check/property/Property.generic.js:46:33)
      at runIt (node_modules/fast-check/lib/cjs/check/runner/Runner.js:18:30)
      at check (node_modules/fast-check/lib/cjs/check/runner/Runner.js:58:11)
      at Object.assert (node_modules/fast-check/lib/cjs/check/runner/Runner.js:61:17)
      at Object.assert (src/lib/security.test.ts:254:10)

    console.error
      Security violation: Password data found in localStorage

      25 |         const value = localStorage.getItem(key);
      26 |         if (value && isPasswordData(key, value)) {
    > 27 |           console.error('Security violation: Password data found in localStorage');
         |                   ^
      28 |           return false;
      29 |         }
      30 |       }

      at error (src/lib/security.ts:27:19)
      at src/lib/security.test.ts:269:56
      at Property.predicate (node_modules/fast-check/lib/cjs/check/property/Property.js:17:92)
      at Property.run (node_modules/fast-check/lib/cjs/check/property/Property.generic.js:46:33)
      at runIt (node_modules/fast-check/lib/cjs/check/runner/Runner.js:18:30)
      at check (node_modules/fast-check/lib/cjs/check/runner/Runner.js:58:11)
      at Object.assert (node_modules/fast-check/lib/cjs/check/runner/Runner.js:61:17)
      at Object.assert (src/lib/security.test.ts:254:10)

    console.error
      Security violation: Password data found in localStorage

      25 |         const value = localStorage.getItem(key);
      26 |         if (value && isPasswordData(key, value)) {
    > 27 |           console.error('Security violation: Password data found in localStorage');
         |                   ^
      28 |           return false;
      29 |         }
      30 |       }

      at error (src/lib/security.ts:27:19)
      at src/lib/security.test.ts:269:56
      at Property.predicate (node_modules/fast-check/lib/cjs/check/property/Property.js:17:92)
      at Property.run (node_modules/fast-check/lib/cjs/check/property/Property.generic.js:46:33)
      at runIt (node_modules/fast-check/lib/cjs/check/runner/Runner.js:18:30)
      at check (node_modules/fast-check/lib/cjs/check/runner/Runner.js:58:11)
      at Object.assert (node_modules/fast-check/lib/cjs/check/runner/Runner.js:61:17)
      at Object.assert (src/lib/security.test.ts:254:10)

    console.error
      Security violation: Password data found in localStorage

      25 |         const value = localStorage.getItem(key);
      26 |         if (value && isPasswordData(key, value)) {
    > 27 |           console.error('Security violation: Password data found in localStorage');
         |                   ^
      28 |           return false;
      29 |         }
      30 |       }

      at error (src/lib/security.ts:27:19)
      at src/lib/security.test.ts:269:56
      at Property.predicate (node_modules/fast-check/lib/cjs/check/property/Property.js:17:92)
      at Property.run (node_modules/fast-check/lib/cjs/check/property/Property.generic.js:46:33)
      at runIt (node_modules/fast-check/lib/cjs/check/runner/Runner.js:18:30)
      at check (node_modules/fast-check/lib/cjs/check/runner/Runner.js:58:11)
      at Object.assert (node_modules/fast-check/lib/cjs/check/runner/Runner.js:61:17)
      at Object.assert (src/lib/security.test.ts:254:10)

    console.error
      Security violation: Password data found in localStorage

      25 |         const value = localStorage.getItem(key);
      26 |         if (value && isPasswordData(key, value)) {
    > 27 |           console.error('Security violation: Password data found in localStorage');
         |                   ^
      28 |           return false;
      29 |         }
      30 |       }

      at error (src/lib/security.ts:27:19)
      at src/lib/security.test.ts:269:56
      at Property.predicate (node_modules/fast-check/lib/cjs/check/property/Property.js:17:92)
      at Property.run (node_modules/fast-check/lib/cjs/check/property/Property.generic.js:46:33)
      at runIt (node_modules/fast-check/lib/cjs/check/runner/Runner.js:18:30)
      at check (node_modules/fast-check/lib/cjs/check/runner/Runner.js:58:11)
      at Object.assert (node_modules/fast-check/lib/cjs/check/runner/Runner.js:61:17)
      at Object.assert (src/lib/security.test.ts:254:10)

    console.error
      Security violation: Password data found in localStorage

      25 |         const value = localStorage.getItem(key);
      26 |         if (value && isPasswordData(key, value)) {
    > 27 |           console.error('Security violation: Password data found in localStorage');
         |                   ^
      28 |           return false;
      29 |         }
      30 |       }

      at error (src/lib/security.ts:27:19)
      at src/lib/security.test.ts:269:56
      at Property.predicate (node_modules/fast-check/lib/cjs/check/property/Property.js:17:92)
      at Property.run (node_modules/fast-check/lib/cjs/check/property/Property.generic.js:46:33)
      at runIt (node_modules/fast-check/lib/cjs/check/runner/Runner.js:18:30)
      at check (node_modules/fast-check/lib/cjs/check/runner/Runner.js:58:11)
      at Object.assert (node_modules/fast-check/lib/cjs/check/runner/Runner.js:61:17)
      at Object.assert (src/lib/security.test.ts:254:10)

    console.error
      Security violation: Password data found in localStorage

      25 |         const value = localStorage.getItem(key);
      26 |         if (value && isPasswordData(key, value)) {
    > 27 |           console.error('Security violation: Password data found in localStorage');
         |                   ^
      28 |           return false;
      29 |         }
      30 |       }

      at error (src/lib/security.ts:27:19)
      at src/lib/security.test.ts:269:56
      at Property.predicate (node_modules/fast-check/lib/cjs/check/property/Property.js:17:92)
      at Property.run (node_modules/fast-check/lib/cjs/check/property/Property.generic.js:46:33)
      at runIt (node_modules/fast-check/lib/cjs/check/runner/Runner.js:18:30)
      at check (node_modules/fast-check/lib/cjs/check/runner/Runner.js:58:11)
      at Object.assert (node_modules/fast-check/lib/cjs/check/runner/Runner.js:61:17)
      at Object.assert (src/lib/security.test.ts:254:10)

    console.error
      Security violation: Password data found in localStorage

      25 |         const value = localStorage.getItem(key);
      26 |         if (value && isPasswordData(key, value)) {
    > 27 |           console.error('Security violation: Password data found in localStorage');
         |                   ^
      28 |           return false;
      29 |         }
      30 |       }

      at error (src/lib/security.ts:27:19)
      at src/lib/security.test.ts:269:56
      at Property.predicate (node_modules/fast-check/lib/cjs/check/property/Property.js:17:92)
      at Property.run (node_modules/fast-check/lib/cjs/check/property/Property.generic.js:46:33)
      at runIt (node_modules/fast-check/lib/cjs/check/runner/Runner.js:18:30)
      at check (node_modules/fast-check/lib/cjs/check/runner/Runner.js:58:11)
      at Object.assert (node_modules/fast-check/lib/cjs/check/runner/Runner.js:61:17)
      at Object.assert (src/lib/security.test.ts:254:10)

    console.error
      Security violation: Password data found in localStorage

      25 |         const value = localStorage.getItem(key);
      26 |         if (value && isPasswordData(key, value)) {
    > 27 |           console.error('Security violation: Password data found in localStorage');
         |                   ^
      28 |           return false;
      29 |         }
      30 |       }

      at error (src/lib/security.ts:27:19)
      at src/lib/security.test.ts:269:56
      at Property.predicate (node_modules/fast-check/lib/cjs/check/property/Property.js:17:92)
      at Property.run (node_modules/fast-check/lib/cjs/check/property/Property.generic.js:46:33)
      at runIt (node_modules/fast-check/lib/cjs/check/runner/Runner.js:18:30)
      at check (node_modules/fast-check/lib/cjs/check/runner/Runner.js:58:11)
      at Object.assert (node_modules/fast-check/lib/cjs/check/runner/Runner.js:61:17)
      at Object.assert (src/lib/security.test.ts:254:10)

    console.error
      Security violation: Password data found in localStorage

      25 |         const value = localStorage.getItem(key);
      26 |         if (value && isPasswordData(key, value)) {
    > 27 |           console.error('Security violation: Password data found in localStorage');
         |                   ^
      28 |           return false;
      29 |         }
      30 |       }

      at error (src/lib/security.ts:27:19)
      at src/lib/security.test.ts:269:56
      at Property.predicate (node_modules/fast-check/lib/cjs/check/property/Property.js:17:92)
      at Property.run (node_modules/fast-check/lib/cjs/check/property/Property.generic.js:46:33)
      at runIt (node_modules/fast-check/lib/cjs/check/runner/Runner.js:18:30)
      at check (node_modules/fast-check/lib/cjs/check/runner/Runner.js:58:11)
      at Object.assert (node_modules/fast-check/lib/cjs/check/runner/Runner.js:61:17)
      at Object.assert (src/lib/security.test.ts:254:10)

    console.error
      Security violation: Password data found in localStorage

      25 |         const value = localStorage.getItem(key);
      26 |         if (value && isPasswordData(key, value)) {
    > 27 |           console.error('Security violation: Password data found in localStorage');
         |                   ^
      28 |           return false;
      29 |         }
      30 |       }

      at error (src/lib/security.ts:27:19)
      at src/lib/security.test.ts:269:56
      at Property.predicate (node_modules/fast-check/lib/cjs/check/property/Property.js:17:92)
      at Property.run (node_modules/fast-check/lib/cjs/check/property/Property.generic.js:46:33)
      at runIt (node_modules/fast-check/lib/cjs/check/runner/Runner.js:18:30)
      at check (node_modules/fast-check/lib/cjs/check/runner/Runner.js:58:11)
      at Object.assert (node_modules/fast-check/lib/cjs/check/runner/Runner.js:61:17)
      at Object.assert (src/lib/security.test.ts:254:10)

    console.error
      Security violation: Password data found in localStorage

      25 |         const value = localStorage.getItem(key);
      26 |         if (value && isPasswordData(key, value)) {
    > 27 |           console.error('Security violation: Password data found in localStorage');
         |                   ^
      28 |           return false;
      29 |         }
      30 |       }

      at error (src/lib/security.ts:27:19)
      at src/lib/security.test.ts:269:56
      at Property.predicate (node_modules/fast-check/lib/cjs/check/property/Property.js:17:92)
      at Property.run (node_modules/fast-check/lib/cjs/check/property/Property.generic.js:46:33)
      at runIt (node_modules/fast-check/lib/cjs/check/runner/Runner.js:18:30)
      at check (node_modules/fast-check/lib/cjs/check/runner/Runner.js:58:11)
      at Object.assert (node_modules/fast-check/lib/cjs/check/runner/Runner.js:61:17)
      at Object.assert (src/lib/security.test.ts:254:10)

    console.error
      Security violation: Password data found in localStorage

      25 |         const value = localStorage.getItem(key);
      26 |         if (value && isPasswordData(key, value)) {
    > 27 |           console.error('Security violation: Password data found in localStorage');
         |                   ^
      28 |           return false;
      29 |         }
      30 |       }

      at error (src/lib/security.ts:27:19)
      at src/lib/security.test.ts:269:56
      at Property.predicate (node_modules/fast-check/lib/cjs/check/property/Property.js:17:92)
      at Property.run (node_modules/fast-check/lib/cjs/check/property/Property.generic.js:46:33)
      at runIt (node_modules/fast-check/lib/cjs/check/runner/Runner.js:18:30)
      at check (node_modules/fast-check/lib/cjs/check/runner/Runner.js:58:11)
      at Object.assert (node_modules/fast-check/lib/cjs/check/runner/Runner.js:61:17)
      at Object.assert (src/lib/security.test.ts:254:10)

    console.error
      Security violation: Password data found in localStorage

      25 |         const value = localStorage.getItem(key);
      26 |         if (value && isPasswordData(key, value)) {
    > 27 |           console.error('Security violation: Password data found in localStorage');
         |                   ^
      28 |           return false;
      29 |         }
      30 |       }

      at error (src/lib/security.ts:27:19)
      at src/lib/security.test.ts:269:56
      at Property.predicate (node_modules/fast-check/lib/cjs/check/property/Property.js:17:92)
      at Property.run (node_modules/fast-check/lib/cjs/check/property/Property.generic.js:46:33)
      at runIt (node_modules/fast-check/lib/cjs/check/runner/Runner.js:18:30)
      at check (node_modules/fast-check/lib/cjs/check/runner/Runner.js:58:11)
      at Object.assert (node_modules/fast-check/lib/cjs/check/runner/Runner.js:61:17)
      at Object.assert (src/lib/security.test.ts:254:10)

    console.error
      Security violation: Password data found in localStorage

      25 |         const value = localStorage.getItem(key);
      26 |         if (value && isPasswordData(key, value)) {
    > 27 |           console.error('Security violation: Password data found in localStorage');
         |                   ^
      28 |           return false;
      29 |         }
      30 |       }

      at error (src/lib/security.ts:27:19)
      at src/lib/security.test.ts:269:56
      at Property.predicate (node_modules/fast-check/lib/cjs/check/property/Property.js:17:92)
      at Property.run (node_modules/fast-check/lib/cjs/check/property/Property.generic.js:46:33)
      at runIt (node_modules/fast-check/lib/cjs/check/runner/Runner.js:18:30)
      at check (node_modules/fast-check/lib/cjs/check/runner/Runner.js:58:11)
      at Object.assert (node_modules/fast-check/lib/cjs/check/runner/Runner.js:61:17)
      at Object.assert (src/lib/security.test.ts:254:10)

    console.error
      Security violation: Password data found in localStorage

      25 |         const value = localStorage.getItem(key);
      26 |         if (value && isPasswordData(key, value)) {
    > 27 |           console.error('Security violation: Password data found in localStorage');
         |                   ^
      28 |           return false;
      29 |         }
      30 |       }

      at error (src/lib/security.ts:27:19)
      at src/lib/security.test.ts:269:56
      at Property.predicate (node_modules/fast-check/lib/cjs/check/property/Property.js:17:92)
      at Property.run (node_modules/fast-check/lib/cjs/check/property/Property.generic.js:46:33)
      at runIt (node_modules/fast-check/lib/cjs/check/runner/Runner.js:18:30)
      at check (node_modules/fast-check/lib/cjs/check/runner/Runner.js:58:11)
      at Object.assert (node_modules/fast-check/lib/cjs/check/runner/Runner.js:61:17)
      at Object.assert (src/lib/security.test.ts:254:10)

    console.error
      Security violation: Password data found in localStorage

      25 |         const value = localStorage.getItem(key);
      26 |         if (value && isPasswordData(key, value)) {
    > 27 |           console.error('Security violation: Password data found in localStorage');
         |                   ^
      28 |           return false;
      29 |         }
      30 |       }

      at error (src/lib/security.ts:27:19)
      at src/lib/security.test.ts:269:56
      at Property.predicate (node_modules/fast-check/lib/cjs/check/property/Property.js:17:92)
      at Property.run (node_modules/fast-check/lib/cjs/check/property/Property.generic.js:46:33)
      at runIt (node_modules/fast-check/lib/cjs/check/runner/Runner.js:18:30)
      at check (node_modules/fast-check/lib/cjs/check/runner/Runner.js:58:11)
      at Object.assert (node_modules/fast-check/lib/cjs/check/runner/Runner.js:61:17)
      at Object.assert (src/lib/security.test.ts:254:10)

    console.error
      Security violation: Password data found in localStorage

      25 |         const value = localStorage.getItem(key);
      26 |         if (value && isPasswordData(key, value)) {
    > 27 |           console.error('Security violation: Password data found in localStorage');
         |                   ^
      28 |           return false;
      29 |         }
      30 |       }

      at error (src/lib/security.ts:27:19)
      at src/lib/security.test.ts:269:56
      at Property.predicate (node_modules/fast-check/lib/cjs/check/property/Property.js:17:92)
      at Property.run (node_modules/fast-check/lib/cjs/check/property/Property.generic.js:46:33)
      at runIt (node_modules/fast-check/lib/cjs/check/runner/Runner.js:18:30)
      at check (node_modules/fast-check/lib/cjs/check/runner/Runner.js:58:11)
      at Object.assert (node_modules/fast-check/lib/cjs/check/runner/Runner.js:61:17)
      at Object.assert (src/lib/security.test.ts:254:10)

    console.error
      Security violation: Password data found in localStorage

      25 |         const value = localStorage.getItem(key);
      26 |         if (value && isPasswordData(key, value)) {
    > 27 |           console.error('Security violation: Password data found in localStorage');
         |                   ^
      28 |           return false;
      29 |         }
      30 |       }

      at error (src/lib/security.ts:27:19)
      at src/lib/security.test.ts:269:56
      at Property.predicate (node_modules/fast-check/lib/cjs/check/property/Property.js:17:92)
      at Property.run (node_modules/fast-check/lib/cjs/check/property/Property.generic.js:46:33)
      at runIt (node_modules/fast-check/lib/cjs/check/runner/Runner.js:18:30)
      at check (node_modules/fast-check/lib/cjs/check/runner/Runner.js:58:11)
      at Object.assert (node_modules/fast-check/lib/cjs/check/runner/Runner.js:61:17)
      at Object.assert (src/lib/security.test.ts:254:10)

    console.error
      Security violation: Password data found in localStorage

      25 |         const value = localStorage.getItem(key);
      26 |         if (value && isPasswordData(key, value)) {
    > 27 |           console.error('Security violation: Password data found in localStorage');
         |                   ^
      28 |           return false;
      29 |         }
      30 |       }

      at error (src/lib/security.ts:27:19)
      at src/lib/security.test.ts:269:56
      at Property.predicate (node_modules/fast-check/lib/cjs/check/property/Property.js:17:92)
      at Property.run (node_modules/fast-check/lib/cjs/check/property/Property.generic.js:46:33)
      at runIt (node_modules/fast-check/lib/cjs/check/runner/Runner.js:18:30)
      at check (node_modules/fast-check/lib/cjs/check/runner/Runner.js:58:11)
      at Object.assert (node_modules/fast-check/lib/cjs/check/runner/Runner.js:61:17)
      at Object.assert (src/lib/security.test.ts:254:10)

    console.error
      Security violation: Password data found in localStorage

      25 |         const value = localStorage.getItem(key);
      26 |         if (value && isPasswordData(key, value)) {
    > 27 |           console.error('Security violation: Password data found in localStorage');
         |                   ^
      28 |           return false;
      29 |         }
      30 |       }

      at error (src/lib/security.ts:27:19)
      at src/lib/security.test.ts:269:56
      at Property.predicate (node_modules/fast-check/lib/cjs/check/property/Property.js:17:92)
      at Property.run (node_modules/fast-check/lib/cjs/check/property/Property.generic.js:46:33)
      at runIt (node_modules/fast-check/lib/cjs/check/runner/Runner.js:18:30)
      at check (node_modules/fast-check/lib/cjs/check/runner/Runner.js:58:11)
      at Object.assert (node_modules/fast-check/lib/cjs/check/runner/Runner.js:61:17)
      at Object.assert (src/lib/security.test.ts:254:10)

    console.error
      Security violation: Password data found in localStorage

      25 |         const value = localStorage.getItem(key);
      26 |         if (value && isPasswordData(key, value)) {
    > 27 |           console.error('Security violation: Password data found in localStorage');
         |                   ^
      28 |           return false;
      29 |         }
      30 |       }

      at error (src/lib/security.ts:27:19)
      at src/lib/security.test.ts:269:56
      at Property.predicate (node_modules/fast-check/lib/cjs/check/property/Property.js:17:92)
      at Property.run (node_modules/fast-check/lib/cjs/check/property/Property.generic.js:46:33)
      at runIt (node_modules/fast-check/lib/cjs/check/runner/Runner.js:18:30)
      at check (node_modules/fast-check/lib/cjs/check/runner/Runner.js:58:11)
      at Object.assert (node_modules/fast-check/lib/cjs/check/runner/Runner.js:61:17)
      at Object.assert (src/lib/security.test.ts:254:10)

    console.error
      Security violation: Password data found in localStorage

      25 |         const value = localStorage.getItem(key);
      26 |         if (value && isPasswordData(key, value)) {
    > 27 |           console.error('Security violation: Password data found in localStorage');
         |                   ^
      28 |           return false;
      29 |         }
      30 |       }

      at error (src/lib/security.ts:27:19)
      at src/lib/security.test.ts:269:56
      at Property.predicate (node_modules/fast-check/lib/cjs/check/property/Property.js:17:92)
      at Property.run (node_modules/fast-check/lib/cjs/check/property/Property.generic.js:46:33)
      at runIt (node_modules/fast-check/lib/cjs/check/runner/Runner.js:18:30)
      at check (node_modules/fast-check/lib/cjs/check/runner/Runner.js:58:11)
      at Object.assert (node_modules/fast-check/lib/cjs/check/runner/Runner.js:61:17)
      at Object.assert (src/lib/security.test.ts:254:10)

    console.error
      Security violation: Password data found in localStorage

      25 |         const value = localStorage.getItem(key);
      26 |         if (value && isPasswordData(key, value)) {
    > 27 |           console.error('Security violation: Password data found in localStorage');
         |                   ^
      28 |           return false;
      29 |         }
      30 |       }

      at error (src/lib/security.ts:27:19)
      at src/lib/security.test.ts:269:56
      at Property.predicate (node_modules/fast-check/lib/cjs/check/property/Property.js:17:92)
      at Property.run (node_modules/fast-check/lib/cjs/check/property/Property.generic.js:46:33)
      at runIt (node_modules/fast-check/lib/cjs/check/runner/Runner.js:18:30)
      at check (node_modules/fast-check/lib/cjs/check/runner/Runner.js:58:11)
      at Object.assert (node_modules/fast-check/lib/cjs/check/runner/Runner.js:61:17)
      at Object.assert (src/lib/security.test.ts:254:10)

    console.error
      Security violation: Password data found in localStorage

      25 |         const value = localStorage.getItem(key);
      26 |         if (value && isPasswordData(key, value)) {
    > 27 |           console.error('Security violation: Password data found in localStorage');
         |                   ^
      28 |           return false;
      29 |         }
      30 |       }

      at error (src/lib/security.ts:27:19)
      at src/lib/security.test.ts:269:56
      at Property.predicate (node_modules/fast-check/lib/cjs/check/property/Property.js:17:92)
      at Property.run (node_modules/fast-check/lib/cjs/check/property/Property.generic.js:46:33)
      at runIt (node_modules/fast-check/lib/cjs/check/runner/Runner.js:18:30)
      at check (node_modules/fast-check/lib/cjs/check/runner/Runner.js:58:11)
      at Object.assert (node_modules/fast-check/lib/cjs/check/runner/Runner.js:61:17)
      at Object.assert (src/lib/security.test.ts:254:10)

    console.error
      Security violation: Password data found in localStorage

      25 |         const value = localStorage.getItem(key);
      26 |         if (value && isPasswordData(key, value)) {
    > 27 |           console.error('Security violation: Password data found in localStorage');
         |                   ^
      28 |           return false;
      29 |         }
      30 |       }

      at error (src/lib/security.ts:27:19)
      at src/lib/security.test.ts:269:56
      at Property.predicate (node_modules/fast-check/lib/cjs/check/property/Property.js:17:92)
      at Property.run (node_modules/fast-check/lib/cjs/check/property/Property.generic.js:46:33)
      at runIt (node_modules/fast-check/lib/cjs/check/runner/Runner.js:18:30)
      at check (node_modules/fast-check/lib/cjs/check/runner/Runner.js:58:11)
      at Object.assert (node_modules/fast-check/lib/cjs/check/runner/Runner.js:61:17)
      at Object.assert (src/lib/security.test.ts:254:10)

    console.error
      Security violation: Password data found in localStorage

      25 |         const value = localStorage.getItem(key);
      26 |         if (value && isPasswordData(key, value)) {
    > 27 |           console.error('Security violation: Password data found in localStorage');
         |                   ^
      28 |           return false;
      29 |         }
      30 |       }

      at error (src/lib/security.ts:27:19)
      at src/lib/security.test.ts:269:56
      at Property.predicate (node_modules/fast-check/lib/cjs/check/property/Property.js:17:92)
      at Property.run (node_modules/fast-check/lib/cjs/check/property/Property.generic.js:46:33)
      at runIt (node_modules/fast-check/lib/cjs/check/runner/Runner.js:18:30)
      at check (node_modules/fast-check/lib/cjs/check/runner/Runner.js:58:11)
      at Object.assert (node_modules/fast-check/lib/cjs/check/runner/Runner.js:61:17)
      at Object.assert (src/lib/security.test.ts:254:10)

    console.error
      Security violation: Password data found in localStorage

      25 |         const value = localStorage.getItem(key);
      26 |         if (value && isPasswordData(key, value)) {
    > 27 |           console.error('Security violation: Password data found in localStorage');
         |                   ^
      28 |           return false;
      29 |         }
      30 |       }

      at error (src/lib/security.ts:27:19)
      at src/lib/security.test.ts:269:56
      at Property.predicate (node_modules/fast-check/lib/cjs/check/property/Property.js:17:92)
      at Property.run (node_modules/fast-check/lib/cjs/check/property/Property.generic.js:46:33)
      at runIt (node_modules/fast-check/lib/cjs/check/runner/Runner.js:18:30)
      at check (node_modules/fast-check/lib/cjs/check/runner/Runner.js:58:11)
      at Object.assert (node_modules/fast-check/lib/cjs/check/runner/Runner.js:61:17)
      at Object.assert (src/lib/security.test.ts:254:10)

    console.error
      Security violation: Password data found in localStorage

      25 |         const value = localStorage.getItem(key);
      26 |         if (value && isPasswordData(key, value)) {
    > 27 |           console.error('Security violation: Password data found in localStorage');
         |                   ^
      28 |           return false;
      29 |         }
      30 |       }

      at error (src/lib/security.ts:27:19)
      at src/lib/security.test.ts:269:56
      at Property.predicate (node_modules/fast-check/lib/cjs/check/property/Property.js:17:92)
      at Property.run (node_modules/fast-check/lib/cjs/check/property/Property.generic.js:46:33)
      at runIt (node_modules/fast-check/lib/cjs/check/runner/Runner.js:18:30)
      at check (node_modules/fast-check/lib/cjs/check/runner/Runner.js:58:11)
      at Object.assert (node_modules/fast-check/lib/cjs/check/runner/Runner.js:61:17)
      at Object.assert (src/lib/security.test.ts:254:10)

    console.error
      Security violation: Password data found in localStorage

      25 |         const value = localStorage.getItem(key);
      26 |         if (value && isPasswordData(key, value)) {
    > 27 |           console.error('Security violation: Password data found in localStorage');
         |                   ^
      28 |           return false;
      29 |         }
      30 |       }

      at error (src/lib/security.ts:27:19)
      at src/lib/security.test.ts:269:56
      at Property.predicate (node_modules/fast-check/lib/cjs/check/property/Property.js:17:92)
      at Property.run (node_modules/fast-check/lib/cjs/check/property/Property.generic.js:46:33)
      at runIt (node_modules/fast-check/lib/cjs/check/runner/Runner.js:18:30)
      at check (node_modules/fast-check/lib/cjs/check/runner/Runner.js:58:11)
      at Object.assert (node_modules/fast-check/lib/cjs/check/runner/Runner.js:61:17)
      at Object.assert (src/lib/security.test.ts:254:10)

    console.error
      Security violation: Password data found in localStorage

      25 |         const value = localStorage.getItem(key);
      26 |         if (value && isPasswordData(key, value)) {
    > 27 |           console.error('Security violation: Password data found in localStorage');
         |                   ^
      28 |           return false;
      29 |         }
      30 |       }

      at error (src/lib/security.ts:27:19)
      at src/lib/security.test.ts:269:56
      at Property.predicate (node_modules/fast-check/lib/cjs/check/property/Property.js:17:92)
      at Property.run (node_modules/fast-check/lib/cjs/check/property/Property.generic.js:46:33)
      at runIt (node_modules/fast-check/lib/cjs/check/runner/Runner.js:18:30)
      at check (node_modules/fast-check/lib/cjs/check/runner/Runner.js:58:11)
      at Object.assert (node_modules/fast-check/lib/cjs/check/runner/Runner.js:61:17)
      at Object.assert (src/lib/security.test.ts:254:10)

    console.error
      Security violation: Password data found in localStorage

      25 |         const value = localStorage.getItem(key);
      26 |         if (value && isPasswordData(key, value)) {
    > 27 |           console.error('Security violation: Password data found in localStorage');
         |                   ^
      28 |           return false;
      29 |         }
      30 |       }

      at error (src/lib/security.ts:27:19)
      at src/lib/security.test.ts:269:56
      at Property.predicate (node_modules/fast-check/lib/cjs/check/property/Property.js:17:92)
      at Property.run (node_modules/fast-check/lib/cjs/check/property/Property.generic.js:46:33)
      at runIt (node_modules/fast-check/lib/cjs/check/runner/Runner.js:18:30)
      at check (node_modules/fast-check/lib/cjs/check/runner/Runner.js:58:11)
      at Object.assert (node_modules/fast-check/lib/cjs/check/runner/Runner.js:61:17)
      at Object.assert (src/lib/security.test.ts:254:10)

    console.error
      Security violation: Password data found in localStorage

      25 |         const value = localStorage.getItem(key);
      26 |         if (value && isPasswordData(key, value)) {
    > 27 |           console.error('Security violation: Password data found in localStorage');
         |                   ^
      28 |           return false;
      29 |         }
      30 |       }

      at error (src/lib/security.ts:27:19)
      at src/lib/security.test.ts:269:56
      at Property.predicate (node_modules/fast-check/lib/cjs/check/property/Property.js:17:92)
      at Property.run (node_modules/fast-check/lib/cjs/check/property/Property.generic.js:46:33)
      at runIt (node_modules/fast-check/lib/cjs/check/runner/Runner.js:18:30)
      at check (node_modules/fast-check/lib/cjs/check/runner/Runner.js:58:11)
      at Object.assert (node_modules/fast-check/lib/cjs/check/runner/Runner.js:61:17)
      at Object.assert (src/lib/security.test.ts:254:10)

    console.error
      Security violation: Password data found in localStorage

      25 |         const value = localStorage.getItem(key);
      26 |         if (value && isPasswordData(key, value)) {
    > 27 |           console.error('Security violation: Password data found in localStorage');
         |                   ^
      28 |           return false;
      29 |         }
      30 |       }

      at error (src/lib/security.ts:27:19)
      at src/lib/security.test.ts:269:56
      at Property.predicate (node_modules/fast-check/lib/cjs/check/property/Property.js:17:92)
      at Property.run (node_modules/fast-check/lib/cjs/check/property/Property.generic.js:46:33)
      at runIt (node_modules/fast-check/lib/cjs/check/runner/Runner.js:18:30)
      at check (node_modules/fast-check/lib/cjs/check/runner/Runner.js:58:11)
      at Object.assert (node_modules/fast-check/lib/cjs/check/runner/Runner.js:61:17)
      at Object.assert (src/lib/security.test.ts:254:10)

    console.error
      Security violation: Password data found in localStorage

      25 |         const value = localStorage.getItem(key);
      26 |         if (value && isPasswordData(key, value)) {
    > 27 |           console.error('Security violation: Password data found in localStorage');
         |                   ^
      28 |           return false;
      29 |         }
      30 |       }

      at error (src/lib/security.ts:27:19)
      at src/lib/security.test.ts:269:56
      at Property.predicate (node_modules/fast-check/lib/cjs/check/property/Property.js:17:92)
      at Property.run (node_modules/fast-check/lib/cjs/check/property/Property.generic.js:46:33)
      at runIt (node_modules/fast-check/lib/cjs/check/runner/Runner.js:18:30)
      at check (node_modules/fast-check/lib/cjs/check/runner/Runner.js:58:11)
      at Object.assert (node_modules/fast-check/lib/cjs/check/runner/Runner.js:61:17)
      at Object.assert (src/lib/security.test.ts:254:10)

    console.error
      Security violation: Password data found in localStorage

      25 |         const value = localStorage.getItem(key);
      26 |         if (value && isPasswordData(key, value)) {
    > 27 |           console.error('Security violation: Password data found in localStorage');
         |                   ^
      28 |           return false;
      29 |         }
      30 |       }

      at error (src/lib/security.ts:27:19)
      at src/lib/security.test.ts:269:56
      at Property.predicate (node_modules/fast-check/lib/cjs/check/property/Property.js:17:92)
      at Property.run (node_modules/fast-check/lib/cjs/check/property/Property.generic.js:46:33)
      at runIt (node_modules/fast-check/lib/cjs/check/runner/Runner.js:18:30)
      at check (node_modules/fast-check/lib/cjs/check/runner/Runner.js:58:11)
      at Object.assert (node_modules/fast-check/lib/cjs/check/runner/Runner.js:61:17)
      at Object.assert (src/lib/security.test.ts:254:10)

    console.error
      Security violation: Password data found in localStorage

      25 |         const value = localStorage.getItem(key);
      26 |         if (value && isPasswordData(key, value)) {
    > 27 |           console.error('Security violation: Password data found in localStorage');
         |                   ^
      28 |           return false;
      29 |         }
      30 |       }

      at error (src/lib/security.ts:27:19)
      at src/lib/security.test.ts:269:56
      at Property.predicate (node_modules/fast-check/lib/cjs/check/property/Property.js:17:92)
      at Property.run (node_modules/fast-check/lib/cjs/check/property/Property.generic.js:46:33)
      at runIt (node_modules/fast-check/lib/cjs/check/runner/Runner.js:18:30)
      at check (node_modules/fast-check/lib/cjs/check/runner/Runner.js:58:11)
      at Object.assert (node_modules/fast-check/lib/cjs/check/runner/Runner.js:61:17)
      at Object.assert (src/lib/security.test.ts:254:10)

    console.error
      Security violation: Password data found in localStorage

      25 |         const value = localStorage.getItem(key);
      26 |         if (value && isPasswordData(key, value)) {
    > 27 |           console.error('Security violation: Password data found in localStorage');
         |                   ^
      28 |           return false;
      29 |         }
      30 |       }

      at error (src/lib/security.ts:27:19)
      at src/lib/security.test.ts:269:56
      at Property.predicate (node_modules/fast-check/lib/cjs/check/property/Property.js:17:92)
      at Property.run (node_modules/fast-check/lib/cjs/check/property/Property.generic.js:46:33)
      at runIt (node_modules/fast-check/lib/cjs/check/runner/Runner.js:18:30)
      at check (node_modules/fast-check/lib/cjs/check/runner/Runner.js:58:11)
      at Object.assert (node_modules/fast-check/lib/cjs/check/runner/Runner.js:61:17)
      at Object.assert (src/lib/security.test.ts:254:10)

    console.error
      Security violation: Password data found in localStorage

      25 |         const value = localStorage.getItem(key);
      26 |         if (value && isPasswordData(key, value)) {
    > 27 |           console.error('Security violation: Password data found in localStorage');
         |                   ^
      28 |           return false;
      29 |         }
      30 |       }

      at error (src/lib/security.ts:27:19)
      at src/lib/security.test.ts:269:56
      at Property.predicate (node_modules/fast-check/lib/cjs/check/property/Property.js:17:92)
      at Property.run (node_modules/fast-check/lib/cjs/check/property/Property.generic.js:46:33)
      at runIt (node_modules/fast-check/lib/cjs/check/runner/Runner.js:18:30)
      at check (node_modules/fast-check/lib/cjs/check/runner/Runner.js:58:11)
      at Object.assert (node_modules/fast-check/lib/cjs/check/runner/Runner.js:61:17)
      at Object.assert (src/lib/security.test.ts:254:10)

    console.error
      Security violation: Password data found in localStorage

      25 |         const value = localStorage.getItem(key);
      26 |         if (value && isPasswordData(key, value)) {
    > 27 |           console.error('Security violation: Password data found in localStorage');
         |                   ^
      28 |           return false;
      29 |         }
      30 |       }

      at error (src/lib/security.ts:27:19)
      at src/lib/security.test.ts:269:56
      at Property.predicate (node_modules/fast-check/lib/cjs/check/property/Property.js:17:92)
      at Property.run (node_modules/fast-check/lib/cjs/check/property/Property.generic.js:46:33)
      at runIt (node_modules/fast-check/lib/cjs/check/runner/Runner.js:18:30)
      at check (node_modules/fast-check/lib/cjs/check/runner/Runner.js:58:11)
      at Object.assert (node_modules/fast-check/lib/cjs/check/runner/Runner.js:61:17)
      at Object.assert (src/lib/security.test.ts:254:10)

    console.error
      Security violation: Password data found in localStorage

      25 |         const value = localStorage.getItem(key);
      26 |         if (value && isPasswordData(key, value)) {
    > 27 |           console.error('Security violation: Password data found in localStorage');
         |                   ^
      28 |           return false;
      29 |         }
      30 |       }

      at error (src/lib/security.ts:27:19)
      at src/lib/security.test.ts:269:56
      at Property.predicate (node_modules/fast-check/lib/cjs/check/property/Property.js:17:92)
      at Property.run (node_modules/fast-check/lib/cjs/check/property/Property.generic.js:46:33)
      at runIt (node_modules/fast-check/lib/cjs/check/runner/Runner.js:18:30)
      at check (node_modules/fast-check/lib/cjs/check/runner/Runner.js:58:11)
      at Object.assert (node_modules/fast-check/lib/cjs/check/runner/Runner.js:61:17)
      at Object.assert (src/lib/security.test.ts:254:10)

    console.error
      Security violation: Password data found in localStorage

      25 |         const value = localStorage.getItem(key);
      26 |         if (value && isPasswordData(key, value)) {
    > 27 |           console.error('Security violation: Password data found in localStorage');
         |                   ^
      28 |           return false;
      29 |         }
      30 |       }

      at error (src/lib/security.ts:27:19)
      at src/lib/security.test.ts:269:56
      at Property.predicate (node_modules/fast-check/lib/cjs/check/property/Property.js:17:92)
      at Property.run (node_modules/fast-check/lib/cjs/check/property/Property.generic.js:46:33)
      at runIt (node_modules/fast-check/lib/cjs/check/runner/Runner.js:18:30)
      at check (node_modules/fast-check/lib/cjs/check/runner/Runner.js:58:11)
      at Object.assert (node_modules/fast-check/lib/cjs/check/runner/Runner.js:61:17)
      at Object.assert (src/lib/security.test.ts:254:10)

    console.error
      Security violation: Password data found in localStorage

      25 |         const value = localStorage.getItem(key);
      26 |         if (value && isPasswordData(key, value)) {
    > 27 |           console.error('Security violation: Password data found in localStorage');
         |                   ^
      28 |           return false;
      29 |         }
      30 |       }

      at error (src/lib/security.ts:27:19)
      at src/lib/security.test.ts:269:56
      at Property.predicate (node_modules/fast-check/lib/cjs/check/property/Property.js:17:92)
      at Property.run (node_modules/fast-check/lib/cjs/check/property/Property.generic.js:46:33)
      at runIt (node_modules/fast-check/lib/cjs/check/runner/Runner.js:18:30)
      at check (node_modules/fast-check/lib/cjs/check/runner/Runner.js:58:11)
      at Object.assert (node_modules/fast-check/lib/cjs/check/runner/Runner.js:61:17)
      at Object.assert (src/lib/security.test.ts:254:10)

    console.error
      Security violation: Password data found in localStorage

      25 |         const value = localStorage.getItem(key);
      26 |         if (value && isPasswordData(key, value)) {
    > 27 |           console.error('Security violation: Password data found in localStorage');
         |                   ^
      28 |           return false;
      29 |         }
      30 |       }

      at error (src/lib/security.ts:27:19)
      at src/lib/security.test.ts:269:56
      at Property.predicate (node_modules/fast-check/lib/cjs/check/property/Property.js:17:92)
      at Property.run (node_modules/fast-check/lib/cjs/check/property/Property.generic.js:46:33)
      at runIt (node_modules/fast-check/lib/cjs/check/runner/Runner.js:18:30)
      at check (node_modules/fast-check/lib/cjs/check/runner/Runner.js:58:11)
      at Object.assert (node_modules/fast-check/lib/cjs/check/runner/Runner.js:61:17)
      at Object.assert (src/lib/security.test.ts:254:10)

    console.error
      Security violation: Password data found in localStorage

      25 |         const value = localStorage.getItem(key);
      26 |         if (value && isPasswordData(key, value)) {
    > 27 |           console.error('Security violation: Password data found in localStorage');
         |                   ^
      28 |           return false;
      29 |         }
      30 |       }

      at error (src/lib/security.ts:27:19)
      at src/lib/security.test.ts:269:56
      at Property.predicate (node_modules/fast-check/lib/cjs/check/property/Property.js:17:92)
      at Property.run (node_modules/fast-check/lib/cjs/check/property/Property.generic.js:46:33)
      at runIt (node_modules/fast-check/lib/cjs/check/runner/Runner.js:18:30)
      at check (node_modules/fast-check/lib/cjs/check/runner/Runner.js:58:11)
      at Object.assert (node_modules/fast-check/lib/cjs/check/runner/Runner.js:61:17)
      at Object.assert (src/lib/security.test.ts:254:10)

    console.error
      Security violation: Password data found in localStorage

      25 |         const value = localStorage.getItem(key);
      26 |         if (value && isPasswordData(key, value)) {
    > 27 |           console.error('Security violation: Password data found in localStorage');
         |                   ^
      28 |           return false;
      29 |         }
      30 |       }

      at error (src/lib/security.ts:27:19)
      at src/lib/security.test.ts:269:56
      at Property.predicate (node_modules/fast-check/lib/cjs/check/property/Property.js:17:92)
      at Property.run (node_modules/fast-check/lib/cjs/check/property/Property.generic.js:46:33)
      at runIt (node_modules/fast-check/lib/cjs/check/runner/Runner.js:18:30)
      at check (node_modules/fast-check/lib/cjs/check/runner/Runner.js:58:11)
      at Object.assert (node_modules/fast-check/lib/cjs/check/runner/Runner.js:61:17)
      at Object.assert (src/lib/security.test.ts:254:10)

    console.error
      Security violation: Password data found in localStorage

      25 |         const value = localStorage.getItem(key);
      26 |         if (value && isPasswordData(key, value)) {
    > 27 |           console.error('Security violation: Password data found in localStorage');
         |                   ^
      28 |           return false;
      29 |         }
      30 |       }

      at error (src/lib/security.ts:27:19)
      at src/lib/security.test.ts:269:56
      at Property.predicate (node_modules/fast-check/lib/cjs/check/property/Property.js:17:92)
      at Property.run (node_modules/fast-check/lib/cjs/check/property/Property.generic.js:46:33)
      at runIt (node_modules/fast-check/lib/cjs/check/runner/Runner.js:18:30)
      at check (node_modules/fast-check/lib/cjs/check/runner/Runner.js:58:11)
      at Object.assert (node_modules/fast-check/lib/cjs/check/runner/Runner.js:61:17)
      at Object.assert (src/lib/security.test.ts:254:10)

    console.error
      Security violation: Password data found in localStorage

      25 |         const value = localStorage.getItem(key);
      26 |         if (value && isPasswordData(key, value)) {
    > 27 |           console.error('Security violation: Password data found in localStorage');
         |                   ^
      28 |           return false;
      29 |         }
      30 |       }

      at error (src/lib/security.ts:27:19)
      at src/lib/security.test.ts:269:56
      at Property.predicate (node_modules/fast-check/lib/cjs/check/property/Property.js:17:92)
      at Property.run (node_modules/fast-check/lib/cjs/check/property/Property.generic.js:46:33)
      at runIt (node_modules/fast-check/lib/cjs/check/runner/Runner.js:18:30)
      at check (node_modules/fast-check/lib/cjs/check/runner/Runner.js:58:11)
      at Object.assert (node_modules/fast-check/lib/cjs/check/runner/Runner.js:61:17)
      at Object.assert (src/lib/security.test.ts:254:10)

    console.error
      Security violation: Password data found in localStorage

      25 |         const value = localStorage.getItem(key);
      26 |         if (value && isPasswordData(key, value)) {
    > 27 |           console.error('Security violation: Password data found in localStorage');
         |                   ^
      28 |           return false;
      29 |         }
      30 |       }

      at error (src/lib/security.ts:27:19)
      at src/lib/security.test.ts:269:56
      at Property.predicate (node_modules/fast-check/lib/cjs/check/property/Property.js:17:92)
      at Property.run (node_modules/fast-check/lib/cjs/check/property/Property.generic.js:46:33)
      at runIt (node_modules/fast-check/lib/cjs/check/runner/Runner.js:18:30)
      at check (node_modules/fast-check/lib/cjs/check/runner/Runner.js:58:11)
      at Object.assert (node_modules/fast-check/lib/cjs/check/runner/Runner.js:61:17)
      at Object.assert (src/lib/security.test.ts:254:10)

    console.error
      Security violation: Password data found in localStorage

      25 |         const value = localStorage.getItem(key);
      26 |         if (value && isPasswordData(key, value)) {
    > 27 |           console.error('Security violation: Password data found in localStorage');
         |                   ^
      28 |           return false;
      29 |         }
      30 |       }

      at error (src/lib/security.ts:27:19)
      at src/lib/security.test.ts:269:56
      at Property.predicate (node_modules/fast-check/lib/cjs/check/property/Property.js:17:92)
      at Property.run (node_modules/fast-check/lib/cjs/check/property/Property.generic.js:46:33)
      at runIt (node_modules/fast-check/lib/cjs/check/runner/Runner.js:18:30)
      at check (node_modules/fast-check/lib/cjs/check/runner/Runner.js:58:11)
      at Object.assert (node_modules/fast-check/lib/cjs/check/runner/Runner.js:61:17)
      at Object.assert (src/lib/security.test.ts:254:10)

    console.error
      Security violation: Password data found in localStorage

      25 |         const value = localStorage.getItem(key);
      26 |         if (value && isPasswordData(key, value)) {
    > 27 |           console.error('Security violation: Password data found in localStorage');
         |                   ^
      28 |           return false;
      29 |         }
      30 |       }

      at error (src/lib/security.ts:27:19)
      at src/lib/security.test.ts:269:56
      at Property.predicate (node_modules/fast-check/lib/cjs/check/property/Property.js:17:92)
      at Property.run (node_modules/fast-check/lib/cjs/check/property/Property.generic.js:46:33)
      at runIt (node_modules/fast-check/lib/cjs/check/runner/Runner.js:18:30)
      at check (node_modules/fast-check/lib/cjs/check/runner/Runner.js:58:11)
      at Object.assert (node_modules/fast-check/lib/cjs/check/runner/Runner.js:61:17)
      at Object.assert (src/lib/security.test.ts:254:10)

    console.error
      Security violation: Password data found in localStorage

      25 |         const value = localStorage.getItem(key);
      26 |         if (value && isPasswordData(key, value)) {
    > 27 |           console.error('Security violation: Password data found in localStorage');
         |                   ^
      28 |           return false;
      29 |         }
      30 |       }

      at error (src/lib/security.ts:27:19)
      at src/lib/security.test.ts:269:56
      at Property.predicate (node_modules/fast-check/lib/cjs/check/property/Property.js:17:92)
      at Property.run (node_modules/fast-check/lib/cjs/check/property/Property.generic.js:46:33)
      at runIt (node_modules/fast-check/lib/cjs/check/runner/Runner.js:18:30)
      at check (node_modules/fast-check/lib/cjs/check/runner/Runner.js:58:11)
      at Object.assert (node_modules/fast-check/lib/cjs/check/runner/Runner.js:61:17)
      at Object.assert (src/lib/security.test.ts:254:10)

    console.error
      Security violation: Password data found in localStorage

      25 |         const value = localStorage.getItem(key);
      26 |         if (value && isPasswordData(key, value)) {
    > 27 |           console.error('Security violation: Password data found in localStorage');
         |                   ^
      28 |           return false;
      29 |         }
      30 |       }

      at error (src/lib/security.ts:27:19)
      at src/lib/security.test.ts:269:56
      at Property.predicate (node_modules/fast-check/lib/cjs/check/property/Property.js:17:92)
      at Property.run (node_modules/fast-check/lib/cjs/check/property/Property.generic.js:46:33)
      at runIt (node_modules/fast-check/lib/cjs/check/runner/Runner.js:18:30)
      at check (node_modules/fast-check/lib/cjs/check/runner/Runner.js:58:11)
      at Object.assert (node_modules/fast-check/lib/cjs/check/runner/Runner.js:61:17)
      at Object.assert (src/lib/security.test.ts:254:10)

    console.error
      Security violation: Password data found in localStorage

      25 |         const value = localStorage.getItem(key);
      26 |         if (value && isPasswordData(key, value)) {
    > 27 |           console.error('Security violation: Password data found in localStorage');
         |                   ^
      28 |           return false;
      29 |         }
      30 |       }

      at error (src/lib/security.ts:27:19)
      at src/lib/security.test.ts:269:56
      at Property.predicate (node_modules/fast-check/lib/cjs/check/property/Property.js:17:92)
      at Property.run (node_modules/fast-check/lib/cjs/check/property/Property.generic.js:46:33)
      at runIt (node_modules/fast-check/lib/cjs/check/runner/Runner.js:18:30)
      at check (node_modules/fast-check/lib/cjs/check/runner/Runner.js:58:11)
      at Object.assert (node_modules/fast-check/lib/cjs/check/runner/Runner.js:61:17)
      at Object.assert (src/lib/security.test.ts:254:10)

    console.error
      Security violation: Password data found in localStorage

      25 |         const value = localStorage.getItem(key);
      26 |         if (value && isPasswordData(key, value)) {
    > 27 |           console.error('Security violation: Password data found in localStorage');
         |                   ^
      28 |           return false;
      29 |         }
      30 |       }

      at error (src/lib/security.ts:27:19)
      at src/lib/security.test.ts:269:56
      at Property.predicate (node_modules/fast-check/lib/cjs/check/property/Property.js:17:92)
      at Property.run (node_modules/fast-check/lib/cjs/check/property/Property.generic.js:46:33)
      at runIt (node_modules/fast-check/lib/cjs/check/runner/Runner.js:18:30)
      at check (node_modules/fast-check/lib/cjs/check/runner/Runner.js:58:11)
      at Object.assert (node_modules/fast-check/lib/cjs/check/runner/Runner.js:61:17)
      at Object.assert (src/lib/security.test.ts:254:10)

    console.error
      Security violation: Password data found in localStorage

      25 |         const value = localStorage.getItem(key);
      26 |         if (value && isPasswordData(key, value)) {
    > 27 |           console.error('Security violation: Password data found in localStorage');
         |                   ^
      28 |           return false;
      29 |         }
      30 |       }

      at error (src/lib/security.ts:27:19)
      at src/lib/security.test.ts:269:56
      at Property.predicate (node_modules/fast-check/lib/cjs/check/property/Property.js:17:92)
      at Property.run (node_modules/fast-check/lib/cjs/check/property/Property.generic.js:46:33)
      at runIt (node_modules/fast-check/lib/cjs/check/runner/Runner.js:18:30)
      at check (node_modules/fast-check/lib/cjs/check/runner/Runner.js:58:11)
      at Object.assert (node_modules/fast-check/lib/cjs/check/runner/Runner.js:61:17)
      at Object.assert (src/lib/security.test.ts:254:10)

    console.error
      Security violation: Password data found in localStorage

      25 |         const value = localStorage.getItem(key);
      26 |         if (value && isPasswordData(key, value)) {
    > 27 |           console.error('Security violation: Password data found in localStorage');
         |                   ^
      28 |           return false;
      29 |         }
      30 |       }

      at error (src/lib/security.ts:27:19)
      at src/lib/security.test.ts:269:56
      at Property.predicate (node_modules/fast-check/lib/cjs/check/property/Property.js:17:92)
      at Property.run (node_modules/fast-check/lib/cjs/check/property/Property.generic.js:46:33)
      at runIt (node_modules/fast-check/lib/cjs/check/runner/Runner.js:18:30)
      at check (node_modules/fast-check/lib/cjs/check/runner/Runner.js:58:11)
      at Object.assert (node_modules/fast-check/lib/cjs/check/runner/Runner.js:61:17)
      at Object.assert (src/lib/security.test.ts:254:10)

    console.error
      Security violation: Password data found in localStorage

      25 |         const value = localStorage.getItem(key);
      26 |         if (value && isPasswordData(key, value)) {
    > 27 |           console.error('Security violation: Password data found in localStorage');
         |                   ^
      28 |           return false;
      29 |         }
      30 |       }

      at error (src/lib/security.ts:27:19)
      at src/lib/security.test.ts:269:56
      at Property.predicate (node_modules/fast-check/lib/cjs/check/property/Property.js:17:92)
      at Property.run (node_modules/fast-check/lib/cjs/check/property/Property.generic.js:46:33)
      at runIt (node_modules/fast-check/lib/cjs/check/runner/Runner.js:18:30)
      at check (node_modules/fast-check/lib/cjs/check/runner/Runner.js:58:11)
      at Object.assert (node_modules/fast-check/lib/cjs/check/runner/Runner.js:61:17)
      at Object.assert (src/lib/security.test.ts:254:10)

    console.error
      Security violation: Password data found in localStorage

      25 |         const value = localStorage.getItem(key);
      26 |         if (value && isPasswordData(key, value)) {
    > 27 |           console.error('Security violation: Password data found in localStorage');
         |                   ^
      28 |           return false;
      29 |         }
      30 |       }

      at error (src/lib/security.ts:27:19)
      at src/lib/security.test.ts:269:56
      at Property.predicate (node_modules/fast-check/lib/cjs/check/property/Property.js:17:92)
      at Property.run (node_modules/fast-check/lib/cjs/check/property/Property.generic.js:46:33)
      at runIt (node_modules/fast-check/lib/cjs/check/runner/Runner.js:18:30)
      at check (node_modules/fast-check/lib/cjs/check/runner/Runner.js:58:11)
      at Object.assert (node_modules/fast-check/lib/cjs/check/runner/Runner.js:61:17)
      at Object.assert (src/lib/security.test.ts:254:10)

    console.error
      Security violation: Password data found in localStorage

      25 |         const value = localStorage.getItem(key);
      26 |         if (value && isPasswordData(key, value)) {
    > 27 |           console.error('Security violation: Password data found in localStorage');
         |                   ^
      28 |           return false;
      29 |         }
      30 |       }

      at error (src/lib/security.ts:27:19)
      at src/lib/security.test.ts:269:56
      at Property.predicate (node_modules/fast-check/lib/cjs/check/property/Property.js:17:92)
      at Property.run (node_modules/fast-check/lib/cjs/check/property/Property.generic.js:46:33)
      at runIt (node_modules/fast-check/lib/cjs/check/runner/Runner.js:18:30)
      at check (node_modules/fast-check/lib/cjs/check/runner/Runner.js:58:11)
      at Object.assert (node_modules/fast-check/lib/cjs/check/runner/Runner.js:61:17)
      at Object.assert (src/lib/security.test.ts:254:10)

    console.error
      Security violation: Password data found in localStorage

      25 |         const value = localStorage.getItem(key);
      26 |         if (value && isPasswordData(key, value)) {
    > 27 |           console.error('Security violation: Password data found in localStorage');
         |                   ^
      28 |           return false;
      29 |         }
      30 |       }

      at error (src/lib/security.ts:27:19)
      at src/lib/security.test.ts:269:56
      at Property.predicate (node_modules/fast-check/lib/cjs/check/property/Property.js:17:92)
      at Property.run (node_modules/fast-check/lib/cjs/check/property/Property.generic.js:46:33)
      at runIt (node_modules/fast-check/lib/cjs/check/runner/Runner.js:18:30)
      at check (node_modules/fast-check/lib/cjs/check/runner/Runner.js:58:11)
      at Object.assert (node_modules/fast-check/lib/cjs/check/runner/Runner.js:61:17)
      at Object.assert (src/lib/security.test.ts:254:10)

    console.error
      Security violation: Password data found in localStorage

      25 |         const value = localStorage.getItem(key);
      26 |         if (value && isPasswordData(key, value)) {
    > 27 |           console.error('Security violation: Password data found in localStorage');
         |                   ^
      28 |           return false;
      29 |         }
      30 |       }

      at error (src/lib/security.ts:27:19)
      at src/lib/security.test.ts:269:56
      at Property.predicate (node_modules/fast-check/lib/cjs/check/property/Property.js:17:92)
      at Property.run (node_modules/fast-check/lib/cjs/check/property/Property.generic.js:46:33)
      at runIt (node_modules/fast-check/lib/cjs/check/runner/Runner.js:18:30)
      at check (node_modules/fast-check/lib/cjs/check/runner/Runner.js:58:11)
      at Object.assert (node_modules/fast-check/lib/cjs/check/runner/Runner.js:61:17)
      at Object.assert (src/lib/security.test.ts:254:10)

    console.error
      Security violation: Password data found in localStorage

      25 |         const value = localStorage.getItem(key);
      26 |         if (value && isPasswordData(key, value)) {
    > 27 |           console.error('Security violation: Password data found in localStorage');
         |                   ^
      28 |           return false;
      29 |         }
      30 |       }

      at error (src/lib/security.ts:27:19)
      at src/lib/security.test.ts:269:56
      at Property.predicate (node_modules/fast-check/lib/cjs/check/property/Property.js:17:92)
      at Property.run (node_modules/fast-check/lib/cjs/check/property/Property.generic.js:46:33)
      at runIt (node_modules/fast-check/lib/cjs/check/runner/Runner.js:18:30)
      at check (node_modules/fast-check/lib/cjs/check/runner/Runner.js:58:11)
      at Object.assert (node_modules/fast-check/lib/cjs/check/runner/Runner.js:61:17)
      at Object.assert (src/lib/security.test.ts:254:10)

    console.error
      Security violation: Password data found in localStorage

      25 |         const value = localStorage.getItem(key);
      26 |         if (value && isPasswordData(key, value)) {
    > 27 |           console.error('Security violation: Password data found in localStorage');
         |                   ^
      28 |           return false;
      29 |         }
      30 |       }

      at error (src/lib/security.ts:27:19)
      at src/lib/security.test.ts:269:56
      at Property.predicate (node_modules/fast-check/lib/cjs/check/property/Property.js:17:92)
      at Property.run (node_modules/fast-check/lib/cjs/check/property/Property.generic.js:46:33)
      at runIt (node_modules/fast-check/lib/cjs/check/runner/Runner.js:18:30)
      at check (node_modules/fast-check/lib/cjs/check/runner/Runner.js:58:11)
      at Object.assert (node_modules/fast-check/lib/cjs/check/runner/Runner.js:61:17)
      at Object.assert (src/lib/security.test.ts:254:10)

    console.error
      Security violation: Password data found in localStorage

      25 |         const value = localStorage.getItem(key);
      26 |         if (value && isPasswordData(key, value)) {
    > 27 |           console.error('Security violation: Password data found in localStorage');
         |                   ^
      28 |           return false;
      29 |         }
      30 |       }

      at error (src/lib/security.ts:27:19)
      at src/lib/security.test.ts:269:56
      at Property.predicate (node_modules/fast-check/lib/cjs/check/property/Property.js:17:92)
      at Property.run (node_modules/fast-check/lib/cjs/check/property/Property.generic.js:46:33)
      at runIt (node_modules/fast-check/lib/cjs/check/runner/Runner.js:18:30)
      at check (node_modules/fast-check/lib/cjs/check/runner/Runner.js:58:11)
      at Object.assert (node_modules/fast-check/lib/cjs/check/runner/Runner.js:61:17)
      at Object.assert (src/lib/security.test.ts:254:10)

    console.error
      Security violation: Password data found in localStorage

      25 |         const value = localStorage.getItem(key);
      26 |         if (value && isPasswordData(key, value)) {
    > 27 |           console.error('Security violation: Password data found in localStorage');
         |                   ^
      28 |           return false;
      29 |         }
      30 |       }

      at error (src/lib/security.ts:27:19)
      at src/lib/security.test.ts:269:56
      at Property.predicate (node_modules/fast-check/lib/cjs/check/property/Property.js:17:92)
      at Property.run (node_modules/fast-check/lib/cjs/check/property/Property.generic.js:46:33)
      at runIt (node_modules/fast-check/lib/cjs/check/runner/Runner.js:18:30)
      at check (node_modules/fast-check/lib/cjs/check/runner/Runner.js:58:11)
      at Object.assert (node_modules/fast-check/lib/cjs/check/runner/Runner.js:61:17)
      at Object.assert (src/lib/security.test.ts:254:10)

    console.error
      Security violation: Password data found in localStorage

      25 |         const value = localStorage.getItem(key);
      26 |         if (value && isPasswordData(key, value)) {
    > 27 |           console.error('Security violation: Password data found in localStorage');
         |                   ^
      28 |           return false;
      29 |         }
      30 |       }

      at error (src/lib/security.ts:27:19)
      at src/lib/security.test.ts:269:56
      at Property.predicate (node_modules/fast-check/lib/cjs/check/property/Property.js:17:92)
      at Property.run (node_modules/fast-check/lib/cjs/check/property/Property.generic.js:46:33)
      at runIt (node_modules/fast-check/lib/cjs/check/runner/Runner.js:18:30)
      at check (node_modules/fast-check/lib/cjs/check/runner/Runner.js:58:11)
      at Object.assert (node_modules/fast-check/lib/cjs/check/runner/Runner.js:61:17)
      at Object.assert (src/lib/security.test.ts:254:10)

    console.error
      Security violation: Password data found in localStorage

      25 |         const value = localStorage.getItem(key);
      26 |         if (value && isPasswordData(key, value)) {
    > 27 |           console.error('Security violation: Password data found in localStorage');
         |                   ^
      28 |           return false;
      29 |         }
      30 |       }

      at error (src/lib/security.ts:27:19)
      at src/lib/security.test.ts:269:56
      at Property.predicate (node_modules/fast-check/lib/cjs/check/property/Property.js:17:92)
      at Property.run (node_modules/fast-check/lib/cjs/check/property/Property.generic.js:46:33)
      at runIt (node_modules/fast-check/lib/cjs/check/runner/Runner.js:18:30)
      at check (node_modules/fast-check/lib/cjs/check/runner/Runner.js:58:11)
      at Object.assert (node_modules/fast-check/lib/cjs/check/runner/Runner.js:61:17)
      at Object.assert (src/lib/security.test.ts:254:10)

    console.error
      Security violation: Password data found in localStorage

      25 |         const value = localStorage.getItem(key);
      26 |         if (value && isPasswordData(key, value)) {
    > 27 |           console.error('Security violation: Password data found in localStorage');
         |                   ^
      28 |           return false;
      29 |         }
      30 |       }

      at error (src/lib/security.ts:27:19)
      at src/lib/security.test.ts:269:56
      at Property.predicate (node_modules/fast-check/lib/cjs/check/property/Property.js:17:92)
      at Property.run (node_modules/fast-check/lib/cjs/check/property/Property.generic.js:46:33)
      at runIt (node_modules/fast-check/lib/cjs/check/runner/Runner.js:18:30)
      at check (node_modules/fast-check/lib/cjs/check/runner/Runner.js:58:11)
      at Object.assert (node_modules/fast-check/lib/cjs/check/runner/Runner.js:61:17)
      at Object.assert (src/lib/security.test.ts:254:10)

    console.error
      Security violation: Password data found in localStorage

      25 |         const value = localStorage.getItem(key);
      26 |         if (value && isPasswordData(key, value)) {
    > 27 |           console.error('Security violation: Password data found in localStorage');
         |                   ^
      28 |           return false;
      29 |         }
      30 |       }

      at error (src/lib/security.ts:27:19)
      at src/lib/security.test.ts:269:56
      at Property.predicate (node_modules/fast-check/lib/cjs/check/property/Property.js:17:92)
      at Property.run (node_modules/fast-check/lib/cjs/check/property/Property.generic.js:46:33)
      at runIt (node_modules/fast-check/lib/cjs/check/runner/Runner.js:18:30)
      at check (node_modules/fast-check/lib/cjs/check/runner/Runner.js:58:11)
      at Object.assert (node_modules/fast-check/lib/cjs/check/runner/Runner.js:61:17)
      at Object.assert (src/lib/security.test.ts:254:10)

    console.error
      Security violation: Password data found in localStorage

      25 |         const value = localStorage.getItem(key);
      26 |         if (value && isPasswordData(key, value)) {
    > 27 |           console.error('Security violation: Password data found in localStorage');
         |                   ^
      28 |           return false;
      29 |         }
      30 |       }

      at error (src/lib/security.ts:27:19)
      at src/lib/security.test.ts:269:56
      at Property.predicate (node_modules/fast-check/lib/cjs/check/property/Property.js:17:92)
      at Property.run (node_modules/fast-check/lib/cjs/check/property/Property.generic.js:46:33)
      at runIt (node_modules/fast-check/lib/cjs/check/runner/Runner.js:18:30)
      at check (node_modules/fast-check/lib/cjs/check/runner/Runner.js:58:11)
      at Object.assert (node_modules/fast-check/lib/cjs/check/runner/Runner.js:61:17)
      at Object.assert (src/lib/security.test.ts:254:10)

    console.error
      Security violation: Password data found in localStorage

      25 |         const value = localStorage.getItem(key);
      26 |         if (value && isPasswordData(key, value)) {
    > 27 |           console.error('Security violation: Password data found in localStorage');
         |                   ^
      28 |           return false;
      29 |         }
      30 |       }

      at error (src/lib/security.ts:27:19)
      at src/lib/security.test.ts:269:56
      at Property.predicate (node_modules/fast-check/lib/cjs/check/property/Property.js:17:92)
      at Property.run (node_modules/fast-check/lib/cjs/check/property/Property.generic.js:46:33)
      at runIt (node_modules/fast-check/lib/cjs/check/runner/Runner.js:18:30)
      at check (node_modules/fast-check/lib/cjs/check/runner/Runner.js:58:11)
      at Object.assert (node_modules/fast-check/lib/cjs/check/runner/Runner.js:61:17)
      at Object.assert (src/lib/security.test.ts:254:10)

    console.error
      Security violation: Password data found in localStorage

      25 |         const value = localStorage.getItem(key);
      26 |         if (value && isPasswordData(key, value)) {
    > 27 |           console.error('Security violation: Password data found in localStorage');
         |                   ^
      28 |           return false;
      29 |         }
      30 |       }

      at error (src/lib/security.ts:27:19)
      at src/lib/security.test.ts:269:56
      at Property.predicate (node_modules/fast-check/lib/cjs/check/property/Property.js:17:92)
      at Property.run (node_modules/fast-check/lib/cjs/check/property/Property.generic.js:46:33)
      at runIt (node_modules/fast-check/lib/cjs/check/runner/Runner.js:18:30)
      at check (node_modules/fast-check/lib/cjs/check/runner/Runner.js:58:11)
      at Object.assert (node_modules/fast-check/lib/cjs/check/runner/Runner.js:61:17)
      at Object.assert (src/lib/security.test.ts:254:10)

    console.error
      Security violation: Password data found in localStorage

      25 |         const value = localStorage.getItem(key);
      26 |         if (value && isPasswordData(key, value)) {
    > 27 |           console.error('Security violation: Password data found in localStorage');
         |                   ^
      28 |           return false;
      29 |         }
      30 |       }

      at error (src/lib/security.ts:27:19)
      at src/lib/security.test.ts:269:56
      at Property.predicate (node_modules/fast-check/lib/cjs/check/property/Property.js:17:92)
      at Property.run (node_modules/fast-check/lib/cjs/check/property/Property.generic.js:46:33)
      at runIt (node_modules/fast-check/lib/cjs/check/runner/Runner.js:18:30)
      at check (node_modules/fast-check/lib/cjs/check/runner/Runner.js:58:11)
      at Object.assert (node_modules/fast-check/lib/cjs/check/runner/Runner.js:61:17)
      at Object.assert (src/lib/security.test.ts:254:10)

    console.error
      Security violation: Password data found in sessionStorage

      37 |         const value = sessionStorage.getItem(key);
      38 |         if (value && isPasswordData(key, value)) {
    > 39 |           console.error('Security violation: Password data found in sessionStorage');
         |                   ^
      40 |           return false;
      41 |         }
      42 |       }

      at error (src/lib/security.ts:39:19)
      at src/lib/security.test.ts:297:56
      at Property.predicate (node_modules/fast-check/lib/cjs/check/property/Property.js:17:92)
      at Property.run (node_modules/fast-check/lib/cjs/check/property/Property.generic.js:46:33)
      at runIt (node_modules/fast-check/lib/cjs/check/runner/Runner.js:18:30)
      at check (node_modules/fast-check/lib/cjs/check/runner/Runner.js:58:11)
      at Object.assert (node_modules/fast-check/lib/cjs/check/runner/Runner.js:61:17)
      at Object.assert (src/lib/security.test.ts:279:10)

    console.error
      Security violation: Password data found in sessionStorage

      37 |         const value = sessionStorage.getItem(key);
      38 |         if (value && isPasswordData(key, value)) {
    > 39 |           console.error('Security violation: Password data found in sessionStorage');
         |                   ^
      40 |           return false;
      41 |         }
      42 |       }

      at error (src/lib/security.ts:39:19)
      at src/lib/security.test.ts:297:56
      at Property.predicate (node_modules/fast-check/lib/cjs/check/property/Property.js:17:92)
      at Property.run (node_modules/fast-check/lib/cjs/check/property/Property.generic.js:46:33)
      at runIt (node_modules/fast-check/lib/cjs/check/runner/Runner.js:18:30)
      at check (node_modules/fast-check/lib/cjs/check/runner/Runner.js:58:11)
      at Object.assert (node_modules/fast-check/lib/cjs/check/runner/Runner.js:61:17)
      at Object.assert (src/lib/security.test.ts:279:10)

    console.error
      Security violation: Password data found in sessionStorage

      37 |         const value = sessionStorage.getItem(key);
      38 |         if (value && isPasswordData(key, value)) {
    > 39 |           console.error('Security violation: Password data found in sessionStorage');
         |                   ^
      40 |           return false;
      41 |         }
      42 |       }

      at error (src/lib/security.ts:39:19)
      at src/lib/security.test.ts:297:56
      at Property.predicate (node_modules/fast-check/lib/cjs/check/property/Property.js:17:92)
      at Property.run (node_modules/fast-check/lib/cjs/check/property/Property.generic.js:46:33)
      at runIt (node_modules/fast-check/lib/cjs/check/runner/Runner.js:18:30)
      at check (node_modules/fast-check/lib/cjs/check/runner/Runner.js:58:11)
      at Object.assert (node_modules/fast-check/lib/cjs/check/runner/Runner.js:61:17)
      at Object.assert (src/lib/security.test.ts:279:10)

    console.error
      Security violation: Password data found in sessionStorage

      37 |         const value = sessionStorage.getItem(key);
      38 |         if (value && isPasswordData(key, value)) {
    > 39 |           console.error('Security violation: Password data found in sessionStorage');
         |                   ^
      40 |           return false;
      41 |         }
      42 |       }

      at error (src/lib/security.ts:39:19)
      at src/lib/security.test.ts:297:56
      at Property.predicate (node_modules/fast-check/lib/cjs/check/property/Property.js:17:92)
      at Property.run (node_modules/fast-check/lib/cjs/check/property/Property.generic.js:46:33)
      at runIt (node_modules/fast-check/lib/cjs/check/runner/Runner.js:18:30)
      at check (node_modules/fast-check/lib/cjs/check/runner/Runner.js:58:11)
      at Object.assert (node_modules/fast-check/lib/cjs/check/runner/Runner.js:61:17)
      at Object.assert (src/lib/security.test.ts:279:10)

    console.error
      Security violation: Password data found in sessionStorage

      37 |         const value = sessionStorage.getItem(key);
      38 |         if (value && isPasswordData(key, value)) {
    > 39 |           console.error('Security violation: Password data found in sessionStorage');
         |                   ^
      40 |           return false;
      41 |         }
      42 |       }

      at error (src/lib/security.ts:39:19)
      at src/lib/security.test.ts:297:56
      at Property.predicate (node_modules/fast-check/lib/cjs/check/property/Property.js:17:92)
      at Property.run (node_modules/fast-check/lib/cjs/check/property/Property.generic.js:46:33)
      at runIt (node_modules/fast-check/lib/cjs/check/runner/Runner.js:18:30)
      at check (node_modules/fast-check/lib/cjs/check/runner/Runner.js:58:11)
      at Object.assert (node_modules/fast-check/lib/cjs/check/runner/Runner.js:61:17)
      at Object.assert (src/lib/security.test.ts:279:10)

    console.error
      Security violation: Password data found in sessionStorage

      37 |         const value = sessionStorage.getItem(key);
      38 |         if (value && isPasswordData(key, value)) {
    > 39 |           console.error('Security violation: Password data found in sessionStorage');
         |                   ^
      40 |           return false;
      41 |         }
      42 |       }

      at error (src/lib/security.ts:39:19)
      at src/lib/security.test.ts:297:56
      at Property.predicate (node_modules/fast-check/lib/cjs/check/property/Property.js:17:92)
      at Property.run (node_modules/fast-check/lib/cjs/check/property/Property.generic.js:46:33)
      at runIt (node_modules/fast-check/lib/cjs/check/runner/Runner.js:18:30)
      at check (node_modules/fast-check/lib/cjs/check/runner/Runner.js:58:11)
      at Object.assert (node_modules/fast-check/lib/cjs/check/runner/Runner.js:61:17)
      at Object.assert (src/lib/security.test.ts:279:10)

    console.error
      Security violation: Password data found in sessionStorage

      37 |         const value = sessionStorage.getItem(key);
      38 |         if (value && isPasswordData(key, value)) {
    > 39 |           console.error('Security violation: Password data found in sessionStorage');
         |                   ^
      40 |           return false;
      41 |         }
      42 |       }

      at error (src/lib/security.ts:39:19)
      at src/lib/security.test.ts:297:56
      at Property.predicate (node_modules/fast-check/lib/cjs/check/property/Property.js:17:92)
      at Property.run (node_modules/fast-check/lib/cjs/check/property/Property.generic.js:46:33)
      at runIt (node_modules/fast-check/lib/cjs/check/runner/Runner.js:18:30)
      at check (node_modules/fast-check/lib/cjs/check/runner/Runner.js:58:11)
      at Object.assert (node_modules/fast-check/lib/cjs/check/runner/Runner.js:61:17)
      at Object.assert (src/lib/security.test.ts:279:10)

    console.error
      Security violation: Password data found in sessionStorage

      37 |         const value = sessionStorage.getItem(key);
      38 |         if (value && isPasswordData(key, value)) {
    > 39 |           console.error('Security violation: Password data found in sessionStorage');
         |                   ^
      40 |           return false;
      41 |         }
      42 |       }

      at error (src/lib/security.ts:39:19)
      at src/lib/security.test.ts:297:56
      at Property.predicate (node_modules/fast-check/lib/cjs/check/property/Property.js:17:92)
      at Property.run (node_modules/fast-check/lib/cjs/check/property/Property.generic.js:46:33)
      at runIt (node_modules/fast-check/lib/cjs/check/runner/Runner.js:18:30)
      at check (node_modules/fast-check/lib/cjs/check/runner/Runner.js:58:11)
      at Object.assert (node_modules/fast-check/lib/cjs/check/runner/Runner.js:61:17)
      at Object.assert (src/lib/security.test.ts:279:10)

    console.error
      Security violation: Password data found in sessionStorage

      37 |         const value = sessionStorage.getItem(key);
      38 |         if (value && isPasswordData(key, value)) {
    > 39 |           console.error('Security violation: Password data found in sessionStorage');
         |                   ^
      40 |           return false;
      41 |         }
      42 |       }

      at error (src/lib/security.ts:39:19)
      at src/lib/security.test.ts:297:56
      at Property.predicate (node_modules/fast-check/lib/cjs/check/property/Property.js:17:92)
      at Property.run (node_modules/fast-check/lib/cjs/check/property/Property.generic.js:46:33)
      at runIt (node_modules/fast-check/lib/cjs/check/runner/Runner.js:18:30)
      at check (node_modules/fast-check/lib/cjs/check/runner/Runner.js:58:11)
      at Object.assert (node_modules/fast-check/lib/cjs/check/runner/Runner.js:61:17)
      at Object.assert (src/lib/security.test.ts:279:10)

    console.error
      Security violation: Password data found in sessionStorage

      37 |         const value = sessionStorage.getItem(key);
      38 |         if (value && isPasswordData(key, value)) {
    > 39 |           console.error('Security violation: Password data found in sessionStorage');
         |                   ^
      40 |           return false;
      41 |         }
      42 |       }

      at error (src/lib/security.ts:39:19)
      at src/lib/security.test.ts:297:56
      at Property.predicate (node_modules/fast-check/lib/cjs/check/property/Property.js:17:92)
      at Property.run (node_modules/fast-check/lib/cjs/check/property/Property.generic.js:46:33)
      at runIt (node_modules/fast-check/lib/cjs/check/runner/Runner.js:18:30)
      at check (node_modules/fast-check/lib/cjs/check/runner/Runner.js:58:11)
      at Object.assert (node_modules/fast-check/lib/cjs/check/runner/Runner.js:61:17)
      at Object.assert (src/lib/security.test.ts:279:10)

    console.error
      Security violation: Password data found in sessionStorage

      37 |         const value = sessionStorage.getItem(key);
      38 |         if (value && isPasswordData(key, value)) {
    > 39 |           console.error('Security violation: Password data found in sessionStorage');
         |                   ^
      40 |           return false;
      41 |         }
      42 |       }

      at error (src/lib/security.ts:39:19)
      at src/lib/security.test.ts:297:56
      at Property.predicate (node_modules/fast-check/lib/cjs/check/property/Property.js:17:92)
      at Property.run (node_modules/fast-check/lib/cjs/check/property/Property.generic.js:46:33)
      at runIt (node_modules/fast-check/lib/cjs/check/runner/Runner.js:18:30)
      at check (node_modules/fast-check/lib/cjs/check/runner/Runner.js:58:11)
      at Object.assert (node_modules/fast-check/lib/cjs/check/runner/Runner.js:61:17)
      at Object.assert (src/lib/security.test.ts:279:10)

    console.error
      Security violation: Password data found in sessionStorage

      37 |         const value = sessionStorage.getItem(key);
      38 |         if (value && isPasswordData(key, value)) {
    > 39 |           console.error('Security violation: Password data found in sessionStorage');
         |                   ^
      40 |           return false;
      41 |         }
      42 |       }

      at error (src/lib/security.ts:39:19)
      at src/lib/security.test.ts:297:56
      at Property.predicate (node_modules/fast-check/lib/cjs/check/property/Property.js:17:92)
      at Property.run (node_modules/fast-check/lib/cjs/check/property/Property.generic.js:46:33)
      at runIt (node_modules/fast-check/lib/cjs/check/runner/Runner.js:18:30)
      at check (node_modules/fast-check/lib/cjs/check/runner/Runner.js:58:11)
      at Object.assert (node_modules/fast-check/lib/cjs/check/runner/Runner.js:61:17)
      at Object.assert (src/lib/security.test.ts:279:10)

    console.error
      Security violation: Password data found in sessionStorage

      37 |         const value = sessionStorage.getItem(key);
      38 |         if (value && isPasswordData(key, value)) {
    > 39 |           console.error('Security violation: Password data found in sessionStorage');
         |                   ^
      40 |           return false;
      41 |         }
      42 |       }

      at error (src/lib/security.ts:39:19)
      at src/lib/security.test.ts:297:56
      at Property.predicate (node_modules/fast-check/lib/cjs/check/property/Property.js:17:92)
      at Property.run (node_modules/fast-check/lib/cjs/check/property/Property.generic.js:46:33)
      at runIt (node_modules/fast-check/lib/cjs/check/runner/Runner.js:18:30)
      at check (node_modules/fast-check/lib/cjs/check/runner/Runner.js:58:11)
      at Object.assert (node_modules/fast-check/lib/cjs/check/runner/Runner.js:61:17)
      at Object.assert (src/lib/security.test.ts:279:10)

    console.error
      Security violation: Password data found in sessionStorage

      37 |         const value = sessionStorage.getItem(key);
      38 |         if (value && isPasswordData(key, value)) {
    > 39 |           console.error('Security violation: Password data found in sessionStorage');
         |                   ^
      40 |           return false;
      41 |         }
      42 |       }

      at error (src/lib/security.ts:39:19)
      at src/lib/security.test.ts:297:56
      at Property.predicate (node_modules/fast-check/lib/cjs/check/property/Property.js:17:92)
      at Property.run (node_modules/fast-check/lib/cjs/check/property/Property.generic.js:46:33)
      at runIt (node_modules/fast-check/lib/cjs/check/runner/Runner.js:18:30)
      at check (node_modules/fast-check/lib/cjs/check/runner/Runner.js:58:11)
      at Object.assert (node_modules/fast-check/lib/cjs/check/runner/Runner.js:61:17)
      at Object.assert (src/lib/security.test.ts:279:10)

    console.error
      Security violation: Password data found in sessionStorage

      37 |         const value = sessionStorage.getItem(key);
      38 |         if (value && isPasswordData(key, value)) {
    > 39 |           console.error('Security violation: Password data found in sessionStorage');
         |                   ^
      40 |           return false;
      41 |         }
      42 |       }

      at error (src/lib/security.ts:39:19)
      at src/lib/security.test.ts:297:56
      at Property.predicate (node_modules/fast-check/lib/cjs/check/property/Property.js:17:92)
      at Property.run (node_modules/fast-check/lib/cjs/check/property/Property.generic.js:46:33)
      at runIt (node_modules/fast-check/lib/cjs/check/runner/Runner.js:18:30)
      at check (node_modules/fast-check/lib/cjs/check/runner/Runner.js:58:11)
      at Object.assert (node_modules/fast-check/lib/cjs/check/runner/Runner.js:61:17)
      at Object.assert (src/lib/security.test.ts:279:10)

    console.error
      Security violation: Password data found in sessionStorage

      37 |         const value = sessionStorage.getItem(key);
      38 |         if (value && isPasswordData(key, value)) {
    > 39 |           console.error('Security violation: Password data found in sessionStorage');
         |                   ^
      40 |           return false;
      41 |         }
      42 |       }

      at error (src/lib/security.ts:39:19)
      at src/lib/security.test.ts:297:56
      at Property.predicate (node_modules/fast-check/lib/cjs/check/property/Property.js:17:92)
      at Property.run (node_modules/fast-check/lib/cjs/check/property/Property.generic.js:46:33)
      at runIt (node_modules/fast-check/lib/cjs/check/runner/Runner.js:18:30)
      at check (node_modules/fast-check/lib/cjs/check/runner/Runner.js:58:11)
      at Object.assert (node_modules/fast-check/lib/cjs/check/runner/Runner.js:61:17)
      at Object.assert (src/lib/security.test.ts:279:10)

    console.error
      Security violation: Password data found in sessionStorage

      37 |         const value = sessionStorage.getItem(key);
      38 |         if (value && isPasswordData(key, value)) {
    > 39 |           console.error('Security violation: Password data found in sessionStorage');
         |                   ^
      40 |           return false;
      41 |         }
      42 |       }

      at error (src/lib/security.ts:39:19)
      at src/lib/security.test.ts:297:56
      at Property.predicate (node_modules/fast-check/lib/cjs/check/property/Property.js:17:92)
      at Property.run (node_modules/fast-check/lib/cjs/check/property/Property.generic.js:46:33)
      at runIt (node_modules/fast-check/lib/cjs/check/runner/Runner.js:18:30)
      at check (node_modules/fast-check/lib/cjs/check/runner/Runner.js:58:11)
      at Object.assert (node_modules/fast-check/lib/cjs/check/runner/Runner.js:61:17)
      at Object.assert (src/lib/security.test.ts:279:10)

    console.error
      Security violation: Password data found in sessionStorage

      37 |         const value = sessionStorage.getItem(key);
      38 |         if (value && isPasswordData(key, value)) {
    > 39 |           console.error('Security violation: Password data found in sessionStorage');
         |                   ^
      40 |           return false;
      41 |         }
      42 |       }

      at error (src/lib/security.ts:39:19)
      at src/lib/security.test.ts:297:56
      at Property.predicate (node_modules/fast-check/lib/cjs/check/property/Property.js:17:92)
      at Property.run (node_modules/fast-check/lib/cjs/check/property/Property.generic.js:46:33)
      at runIt (node_modules/fast-check/lib/cjs/check/runner/Runner.js:18:30)
      at check (node_modules/fast-check/lib/cjs/check/runner/Runner.js:58:11)
      at Object.assert (node_modules/fast-check/lib/cjs/check/runner/Runner.js:61:17)
      at Object.assert (src/lib/security.test.ts:279:10)

    console.error
      Security violation: Password data found in sessionStorage

      37 |         const value = sessionStorage.getItem(key);
      38 |         if (value && isPasswordData(key, value)) {
    > 39 |           console.error('Security violation: Password data found in sessionStorage');
         |                   ^
      40 |           return false;
      41 |         }
      42 |       }

      at error (src/lib/security.ts:39:19)
      at src/lib/security.test.ts:297:56
      at Property.predicate (node_modules/fast-check/lib/cjs/check/property/Property.js:17:92)
      at Property.run (node_modules/fast-check/lib/cjs/check/property/Property.generic.js:46:33)
      at runIt (node_modules/fast-check/lib/cjs/check/runner/Runner.js:18:30)
      at check (node_modules/fast-check/lib/cjs/check/runner/Runner.js:58:11)
      at Object.assert (node_modules/fast-check/lib/cjs/check/runner/Runner.js:61:17)
      at Object.assert (src/lib/security.test.ts:279:10)

    console.error
      Security violation: Password data found in sessionStorage

      37 |         const value = sessionStorage.getItem(key);
      38 |         if (value && isPasswordData(key, value)) {
    > 39 |           console.error('Security violation: Password data found in sessionStorage');
         |                   ^
      40 |           return false;
      41 |         }
      42 |       }

      at error (src/lib/security.ts:39:19)
      at src/lib/security.test.ts:297:56
      at Property.predicate (node_modules/fast-check/lib/cjs/check/property/Property.js:17:92)
      at Property.run (node_modules/fast-check/lib/cjs/check/property/Property.generic.js:46:33)
      at runIt (node_modules/fast-check/lib/cjs/check/runner/Runner.js:18:30)
      at check (node_modules/fast-check/lib/cjs/check/runner/Runner.js:58:11)
      at Object.assert (node_modules/fast-check/lib/cjs/check/runner/Runner.js:61:17)
      at Object.assert (src/lib/security.test.ts:279:10)

    console.error
      Security violation: Password data found in sessionStorage

      37 |         const value = sessionStorage.getItem(key);
      38 |         if (value && isPasswordData(key, value)) {
    > 39 |           console.error('Security violation: Password data found in sessionStorage');
         |                   ^
      40 |           return false;
      41 |         }
      42 |       }

      at error (src/lib/security.ts:39:19)
      at src/lib/security.test.ts:297:56
      at Property.predicate (node_modules/fast-check/lib/cjs/check/property/Property.js:17:92)
      at Property.run (node_modules/fast-check/lib/cjs/check/property/Property.generic.js:46:33)
      at runIt (node_modules/fast-check/lib/cjs/check/runner/Runner.js:18:30)
      at check (node_modules/fast-check/lib/cjs/check/runner/Runner.js:58:11)
      at Object.assert (node_modules/fast-check/lib/cjs/check/runner/Runner.js:61:17)
      at Object.assert (src/lib/security.test.ts:279:10)

    console.error
      Security violation: Password data found in sessionStorage

      37 |         const value = sessionStorage.getItem(key);
      38 |         if (value && isPasswordData(key, value)) {
    > 39 |           console.error('Security violation: Password data found in sessionStorage');
         |                   ^
      40 |           return false;
      41 |         }
      42 |       }

      at error (src/lib/security.ts:39:19)
      at src/lib/security.test.ts:297:56
      at Property.predicate (node_modules/fast-check/lib/cjs/check/property/Property.js:17:92)
      at Property.run (node_modules/fast-check/lib/cjs/check/property/Property.generic.js:46:33)
      at runIt (node_modules/fast-check/lib/cjs/check/runner/Runner.js:18:30)
      at check (node_modules/fast-check/lib/cjs/check/runner/Runner.js:58:11)
      at Object.assert (node_modules/fast-check/lib/cjs/check/runner/Runner.js:61:17)
      at Object.assert (src/lib/security.test.ts:279:10)

    console.error
      Security violation: Password data found in sessionStorage

      37 |         const value = sessionStorage.getItem(key);
      38 |         if (value && isPasswordData(key, value)) {
    > 39 |           console.error('Security violation: Password data found in sessionStorage');
         |                   ^
      40 |           return false;
      41 |         }
      42 |       }

      at error (src/lib/security.ts:39:19)
      at src/lib/security.test.ts:297:56
      at Property.predicate (node_modules/fast-check/lib/cjs/check/property/Property.js:17:92)
      at Property.run (node_modules/fast-check/lib/cjs/check/property/Property.generic.js:46:33)
      at runIt (node_modules/fast-check/lib/cjs/check/runner/Runner.js:18:30)
      at check (node_modules/fast-check/lib/cjs/check/runner/Runner.js:58:11)
      at Object.assert (node_modules/fast-check/lib/cjs/check/runner/Runner.js:61:17)
      at Object.assert (src/lib/security.test.ts:279:10)

    console.error
      Security violation: Password data found in sessionStorage

      37 |         const value = sessionStorage.getItem(key);
      38 |         if (value && isPasswordData(key, value)) {
    > 39 |           console.error('Security violation: Password data found in sessionStorage');
         |                   ^
      40 |           return false;
      41 |         }
      42 |       }

      at error (src/lib/security.ts:39:19)
      at src/lib/security.test.ts:297:56
      at Property.predicate (node_modules/fast-check/lib/cjs/check/property/Property.js:17:92)
      at Property.run (node_modules/fast-check/lib/cjs/check/property/Property.generic.js:46:33)
      at runIt (node_modules/fast-check/lib/cjs/check/runner/Runner.js:18:30)
      at check (node_modules/fast-check/lib/cjs/check/runner/Runner.js:58:11)
      at Object.assert (node_modules/fast-check/lib/cjs/check/runner/Runner.js:61:17)
      at Object.assert (src/lib/security.test.ts:279:10)

    console.error
      Security violation: Password data found in sessionStorage

      37 |         const value = sessionStorage.getItem(key);
      38 |         if (value && isPasswordData(key, value)) {
    > 39 |           console.error('Security violation: Password data found in sessionStorage');
         |                   ^
      40 |           return false;
      41 |         }
      42 |       }

      at error (src/lib/security.ts:39:19)
      at src/lib/security.test.ts:297:56
      at Property.predicate (node_modules/fast-check/lib/cjs/check/property/Property.js:17:92)
      at Property.run (node_modules/fast-check/lib/cjs/check/property/Property.generic.js:46:33)
      at runIt (node_modules/fast-check/lib/cjs/check/runner/Runner.js:18:30)
      at check (node_modules/fast-check/lib/cjs/check/runner/Runner.js:58:11)
      at Object.assert (node_modules/fast-check/lib/cjs/check/runner/Runner.js:61:17)
      at Object.assert (src/lib/security.test.ts:279:10)

    console.error
      Security violation: Password data found in sessionStorage

      37 |         const value = sessionStorage.getItem(key);
      38 |         if (value && isPasswordData(key, value)) {
    > 39 |           console.error('Security violation: Password data found in sessionStorage');
         |                   ^
      40 |           return false;
      41 |         }
      42 |       }

      at error (src/lib/security.ts:39:19)
      at src/lib/security.test.ts:297:56
      at Property.predicate (node_modules/fast-check/lib/cjs/check/property/Property.js:17:92)
      at Property.run (node_modules/fast-check/lib/cjs/check/property/Property.generic.js:46:33)
      at runIt (node_modules/fast-check/lib/cjs/check/runner/Runner.js:18:30)
      at check (node_modules/fast-check/lib/cjs/check/runner/Runner.js:58:11)
      at Object.assert (node_modules/fast-check/lib/cjs/check/runner/Runner.js:61:17)
      at Object.assert (src/lib/security.test.ts:279:10)

    console.error
      Security violation: Password data found in sessionStorage

      37 |         const value = sessionStorage.getItem(key);
      38 |         if (value && isPasswordData(key, value)) {
    > 39 |           console.error('Security violation: Password data found in sessionStorage');
         |                   ^
      40 |           return false;
      41 |         }
      42 |       }

      at error (src/lib/security.ts:39:19)
      at src/lib/security.test.ts:297:56
      at Property.predicate (node_modules/fast-check/lib/cjs/check/property/Property.js:17:92)
      at Property.run (node_modules/fast-check/lib/cjs/check/property/Property.generic.js:46:33)
      at runIt (node_modules/fast-check/lib/cjs/check/runner/Runner.js:18:30)
      at check (node_modules/fast-check/lib/cjs/check/runner/Runner.js:58:11)
      at Object.assert (node_modules/fast-check/lib/cjs/check/runner/Runner.js:61:17)
      at Object.assert (src/lib/security.test.ts:279:10)

    console.error
      Security violation: Password data found in sessionStorage

      37 |         const value = sessionStorage.getItem(key);
      38 |         if (value && isPasswordData(key, value)) {
    > 39 |           console.error('Security violation: Password data found in sessionStorage');
         |                   ^
      40 |           return false;
      41 |         }
      42 |       }

      at error (src/lib/security.ts:39:19)
      at src/lib/security.test.ts:297:56
      at Property.predicate (node_modules/fast-check/lib/cjs/check/property/Property.js:17:92)
      at Property.run (node_modules/fast-check/lib/cjs/check/property/Property.generic.js:46:33)
      at runIt (node_modules/fast-check/lib/cjs/check/runner/Runner.js:18:30)
      at check (node_modules/fast-check/lib/cjs/check/runner/Runner.js:58:11)
      at Object.assert (node_modules/fast-check/lib/cjs/check/runner/Runner.js:61:17)
      at Object.assert (src/lib/security.test.ts:279:10)

    console.error
      Security violation: Password data found in sessionStorage

      37 |         const value = sessionStorage.getItem(key);
      38 |         if (value && isPasswordData(key, value)) {
    > 39 |           console.error('Security violation: Password data found in sessionStorage');
         |                   ^
      40 |           return false;
      41 |         }
      42 |       }

      at error (src/lib/security.ts:39:19)
      at src/lib/security.test.ts:297:56
      at Property.predicate (node_modules/fast-check/lib/cjs/check/property/Property.js:17:92)
      at Property.run (node_modules/fast-check/lib/cjs/check/property/Property.generic.js:46:33)
      at runIt (node_modules/fast-check/lib/cjs/check/runner/Runner.js:18:30)
      at check (node_modules/fast-check/lib/cjs/check/runner/Runner.js:58:11)
      at Object.assert (node_modules/fast-check/lib/cjs/check/runner/Runner.js:61:17)
      at Object.assert (src/lib/security.test.ts:279:10)

    console.error
      Security violation: Password data found in sessionStorage

      37 |         const value = sessionStorage.getItem(key);
      38 |         if (value && isPasswordData(key, value)) {
    > 39 |           console.error('Security violation: Password data found in sessionStorage');
         |                   ^
      40 |           return false;
      41 |         }
      42 |       }

      at error (src/lib/security.ts:39:19)
      at src/lib/security.test.ts:297:56
      at Property.predicate (node_modules/fast-check/lib/cjs/check/property/Property.js:17:92)
      at Property.run (node_modules/fast-check/lib/cjs/check/property/Property.generic.js:46:33)
      at runIt (node_modules/fast-check/lib/cjs/check/runner/Runner.js:18:30)
      at check (node_modules/fast-check/lib/cjs/check/runner/Runner.js:58:11)
      at Object.assert (node_modules/fast-check/lib/cjs/check/runner/Runner.js:61:17)
      at Object.assert (src/lib/security.test.ts:279:10)

    console.error
      Security violation: Password data found in sessionStorage

      37 |         const value = sessionStorage.getItem(key);
      38 |         if (value && isPasswordData(key, value)) {
    > 39 |           console.error('Security violation: Password data found in sessionStorage');
         |                   ^
      40 |           return false;
      41 |         }
      42 |       }

      at error (src/lib/security.ts:39:19)
      at src/lib/security.test.ts:297:56
      at Property.predicate (node_modules/fast-check/lib/cjs/check/property/Property.js:17:92)
      at Property.run (node_modules/fast-check/lib/cjs/check/property/Property.generic.js:46:33)
      at runIt (node_modules/fast-check/lib/cjs/check/runner/Runner.js:18:30)
      at check (node_modules/fast-check/lib/cjs/check/runner/Runner.js:58:11)
      at Object.assert (node_modules/fast-check/lib/cjs/check/runner/Runner.js:61:17)
      at Object.assert (src/lib/security.test.ts:279:10)

    console.error
      Security violation: Password data found in sessionStorage

      37 |         const value = sessionStorage.getItem(key);
      38 |         if (value && isPasswordData(key, value)) {
    > 39 |           console.error('Security violation: Password data found in sessionStorage');
         |                   ^
      40 |           return false;
      41 |         }
      42 |       }

      at error (src/lib/security.ts:39:19)
      at src/lib/security.test.ts:297:56
      at Property.predicate (node_modules/fast-check/lib/cjs/check/property/Property.js:17:92)
      at Property.run (node_modules/fast-check/lib/cjs/check/property/Property.generic.js:46:33)
      at runIt (node_modules/fast-check/lib/cjs/check/runner/Runner.js:18:30)
      at check (node_modules/fast-check/lib/cjs/check/runner/Runner.js:58:11)
      at Object.assert (node_modules/fast-check/lib/cjs/check/runner/Runner.js:61:17)
      at Object.assert (src/lib/security.test.ts:279:10)

    console.error
      Security violation: Password data found in sessionStorage

      37 |         const value = sessionStorage.getItem(key);
      38 |         if (value && isPasswordData(key, value)) {
    > 39 |           console.error('Security violation: Password data found in sessionStorage');
         |                   ^
      40 |           return false;
      41 |         }
      42 |       }

      at error (src/lib/security.ts:39:19)
      at src/lib/security.test.ts:297:56
      at Property.predicate (node_modules/fast-check/lib/cjs/check/property/Property.js:17:92)
      at Property.run (node_modules/fast-check/lib/cjs/check/property/Property.generic.js:46:33)
      at runIt (node_modules/fast-check/lib/cjs/check/runner/Runner.js:18:30)
      at check (node_modules/fast-check/lib/cjs/check/runner/Runner.js:58:11)
      at Object.assert (node_modules/fast-check/lib/cjs/check/runner/Runner.js:61:17)
      at Object.assert (src/lib/security.test.ts:279:10)

    console.error
      Security violation: Password data found in sessionStorage

      37 |         const value = sessionStorage.getItem(key);
      38 |         if (value && isPasswordData(key, value)) {
    > 39 |           console.error('Security violation: Password data found in sessionStorage');
         |                   ^
      40 |           return false;
      41 |         }
      42 |       }

      at error (src/lib/security.ts:39:19)
      at src/lib/security.test.ts:297:56
      at Property.predicate (node_modules/fast-check/lib/cjs/check/property/Property.js:17:92)
      at Property.run (node_modules/fast-check/lib/cjs/check/property/Property.generic.js:46:33)
      at runIt (node_modules/fast-check/lib/cjs/check/runner/Runner.js:18:30)
      at check (node_modules/fast-check/lib/cjs/check/runner/Runner.js:58:11)
      at Object.assert (node_modules/fast-check/lib/cjs/check/runner/Runner.js:61:17)
      at Object.assert (src/lib/security.test.ts:279:10)

    console.error
      Security violation: Password data found in sessionStorage

      37 |         const value = sessionStorage.getItem(key);
      38 |         if (value && isPasswordData(key, value)) {
    > 39 |           console.error('Security violation: Password data found in sessionStorage');
         |                   ^
      40 |           return false;
      41 |         }
      42 |       }

      at error (src/lib/security.ts:39:19)
      at src/lib/security.test.ts:297:56
      at Property.predicate (node_modules/fast-check/lib/cjs/check/property/Property.js:17:92)
      at Property.run (node_modules/fast-check/lib/cjs/check/property/Property.generic.js:46:33)
      at runIt (node_modules/fast-check/lib/cjs/check/runner/Runner.js:18:30)
      at check (node_modules/fast-check/lib/cjs/check/runner/Runner.js:58:11)
      at Object.assert (node_modules/fast-check/lib/cjs/check/runner/Runner.js:61:17)
      at Object.assert (src/lib/security.test.ts:279:10)

    console.error
      Security violation: Password data found in sessionStorage

      37 |         const value = sessionStorage.getItem(key);
      38 |         if (value && isPasswordData(key, value)) {
    > 39 |           console.error('Security violation: Password data found in sessionStorage');
         |                   ^
      40 |           return false;
      41 |         }
      42 |       }

      at error (src/lib/security.ts:39:19)
      at src/lib/security.test.ts:297:56
      at Property.predicate (node_modules/fast-check/lib/cjs/check/property/Property.js:17:92)
      at Property.run (node_modules/fast-check/lib/cjs/check/property/Property.generic.js:46:33)
      at runIt (node_modules/fast-check/lib/cjs/check/runner/Runner.js:18:30)
      at check (node_modules/fast-check/lib/cjs/check/runner/Runner.js:58:11)
      at Object.assert (node_modules/fast-check/lib/cjs/check/runner/Runner.js:61:17)
      at Object.assert (src/lib/security.test.ts:279:10)

    console.error
      Security violation: Password data found in sessionStorage

      37 |         const value = sessionStorage.getItem(key);
      38 |         if (value && isPasswordData(key, value)) {
    > 39 |           console.error('Security violation: Password data found in sessionStorage');
         |                   ^
      40 |           return false;
      41 |         }
      42 |       }

      at error (src/lib/security.ts:39:19)
      at src/lib/security.test.ts:297:56
      at Property.predicate (node_modules/fast-check/lib/cjs/check/property/Property.js:17:92)
      at Property.run (node_modules/fast-check/lib/cjs/check/property/Property.generic.js:46:33)
      at runIt (node_modules/fast-check/lib/cjs/check/runner/Runner.js:18:30)
      at check (node_modules/fast-check/lib/cjs/check/runner/Runner.js:58:11)
      at Object.assert (node_modules/fast-check/lib/cjs/check/runner/Runner.js:61:17)
      at Object.assert (src/lib/security.test.ts:279:10)

    console.error
      Security violation: Password data found in sessionStorage

      37 |         const value = sessionStorage.getItem(key);
      38 |         if (value && isPasswordData(key, value)) {
    > 39 |           console.error('Security violation: Password data found in sessionStorage');
         |                   ^
      40 |           return false;
      41 |         }
      42 |       }

      at error (src/lib/security.ts:39:19)
      at src/lib/security.test.ts:297:56
      at Property.predicate (node_modules/fast-check/lib/cjs/check/property/Property.js:17:92)
      at Property.run (node_modules/fast-check/lib/cjs/check/property/Property.generic.js:46:33)
      at runIt (node_modules/fast-check/lib/cjs/check/runner/Runner.js:18:30)
      at check (node_modules/fast-check/lib/cjs/check/runner/Runner.js:58:11)
      at Object.assert (node_modules/fast-check/lib/cjs/check/runner/Runner.js:61:17)
      at Object.assert (src/lib/security.test.ts:279:10)

    console.error
      Security violation: Password data found in sessionStorage

      37 |         const value = sessionStorage.getItem(key);
      38 |         if (value && isPasswordData(key, value)) {
    > 39 |           console.error('Security violation: Password data found in sessionStorage');
         |                   ^
      40 |           return false;
      41 |         }
      42 |       }

      at error (src/lib/security.ts:39:19)
      at src/lib/security.test.ts:297:56
      at Property.predicate (node_modules/fast-check/lib/cjs/check/property/Property.js:17:92)
      at Property.run (node_modules/fast-check/lib/cjs/check/property/Property.generic.js:46:33)
      at runIt (node_modules/fast-check/lib/cjs/check/runner/Runner.js:18:30)
      at check (node_modules/fast-check/lib/cjs/check/runner/Runner.js:58:11)
      at Object.assert (node_modules/fast-check/lib/cjs/check/runner/Runner.js:61:17)
      at Object.assert (src/lib/security.test.ts:279:10)

    console.error
      Security violation: Password data found in sessionStorage

      37 |         const value = sessionStorage.getItem(key);
      38 |         if (value && isPasswordData(key, value)) {
    > 39 |           console.error('Security violation: Password data found in sessionStorage');
         |                   ^
      40 |           return false;
      41 |         }
      42 |       }

      at error (src/lib/security.ts:39:19)
      at src/lib/security.test.ts:297:56
      at Property.predicate (node_modules/fast-check/lib/cjs/check/property/Property.js:17:92)
      at Property.run (node_modules/fast-check/lib/cjs/check/property/Property.generic.js:46:33)
      at runIt (node_modules/fast-check/lib/cjs/check/runner/Runner.js:18:30)
      at check (node_modules/fast-check/lib/cjs/check/runner/Runner.js:58:11)
      at Object.assert (node_modules/fast-check/lib/cjs/check/runner/Runner.js:61:17)
      at Object.assert (src/lib/security.test.ts:279:10)

    console.error
      Security violation: Password data found in sessionStorage

      37 |         const value = sessionStorage.getItem(key);
      38 |         if (value && isPasswordData(key, value)) {
    > 39 |           console.error('Security violation: Password data found in sessionStorage');
         |                   ^
      40 |           return false;
      41 |         }
      42 |       }

      at error (src/lib/security.ts:39:19)
      at src/lib/security.test.ts:297:56
      at Property.predicate (node_modules/fast-check/lib/cjs/check/property/Property.js:17:92)
      at Property.run (node_modules/fast-check/lib/cjs/check/property/Property.generic.js:46:33)
      at runIt (node_modules/fast-check/lib/cjs/check/runner/Runner.js:18:30)
      at check (node_modules/fast-check/lib/cjs/check/runner/Runner.js:58:11)
      at Object.assert (node_modules/fast-check/lib/cjs/check/runner/Runner.js:61:17)
      at Object.assert (src/lib/security.test.ts:279:10)

    console.error
      Security violation: Password data found in sessionStorage

      37 |         const value = sessionStorage.getItem(key);
      38 |         if (value && isPasswordData(key, value)) {
    > 39 |           console.error('Security violation: Password data found in sessionStorage');
         |                   ^
      40 |           return false;
      41 |         }
      42 |       }

      at error (src/lib/security.ts:39:19)
      at src/lib/security.test.ts:297:56
      at Property.predicate (node_modules/fast-check/lib/cjs/check/property/Property.js:17:92)
      at Property.run (node_modules/fast-check/lib/cjs/check/property/Property.generic.js:46:33)
      at runIt (node_modules/fast-check/lib/cjs/check/runner/Runner.js:18:30)
      at check (node_modules/fast-check/lib/cjs/check/runner/Runner.js:58:11)
      at Object.assert (node_modules/fast-check/lib/cjs/check/runner/Runner.js:61:17)
      at Object.assert (src/lib/security.test.ts:279:10)

    console.error
      Security violation: Password data found in sessionStorage

      37 |         const value = sessionStorage.getItem(key);
      38 |         if (value && isPasswordData(key, value)) {
    > 39 |           console.error('Security violation: Password data found in sessionStorage');
         |                   ^
      40 |           return false;
      41 |         }
      42 |       }

      at error (src/lib/security.ts:39:19)
      at src/lib/security.test.ts:297:56
      at Property.predicate (node_modules/fast-check/lib/cjs/check/property/Property.js:17:92)
      at Property.run (node_modules/fast-check/lib/cjs/check/property/Property.generic.js:46:33)
      at runIt (node_modules/fast-check/lib/cjs/check/runner/Runner.js:18:30)
      at check (node_modules/fast-check/lib/cjs/check/runner/Runner.js:58:11)
      at Object.assert (node_modules/fast-check/lib/cjs/check/runner/Runner.js:61:17)
      at Object.assert (src/lib/security.test.ts:279:10)

    console.error
      Security violation: Password data found in sessionStorage

      37 |         const value = sessionStorage.getItem(key);
      38 |         if (value && isPasswordData(key, value)) {
    > 39 |           console.error('Security violation: Password data found in sessionStorage');
         |                   ^
      40 |           return false;
      41 |         }
      42 |       }

      at error (src/lib/security.ts:39:19)
      at src/lib/security.test.ts:297:56
      at Property.predicate (node_modules/fast-check/lib/cjs/check/property/Property.js:17:92)
      at Property.run (node_modules/fast-check/lib/cjs/check/property/Property.generic.js:46:33)
      at runIt (node_modules/fast-check/lib/cjs/check/runner/Runner.js:18:30)
      at check (node_modules/fast-check/lib/cjs/check/runner/Runner.js:58:11)
      at Object.assert (node_modules/fast-check/lib/cjs/check/runner/Runner.js:61:17)
      at Object.assert (src/lib/security.test.ts:279:10)

    console.error
      Security violation: Password data found in sessionStorage

      37 |         const value = sessionStorage.getItem(key);
      38 |         if (value && isPasswordData(key, value)) {
    > 39 |           console.error('Security violation: Password data found in sessionStorage');
         |                   ^
      40 |           return false;
      41 |         }
      42 |       }

      at error (src/lib/security.ts:39:19)
      at src/lib/security.test.ts:297:56
      at Property.predicate (node_modules/fast-check/lib/cjs/check/property/Property.js:17:92)
      at Property.run (node_modules/fast-check/lib/cjs/check/property/Property.generic.js:46:33)
      at runIt (node_modules/fast-check/lib/cjs/check/runner/Runner.js:18:30)
      at check (node_modules/fast-check/lib/cjs/check/runner/Runner.js:58:11)
      at Object.assert (node_modules/fast-check/lib/cjs/check/runner/Runner.js:61:17)
      at Object.assert (src/lib/security.test.ts:279:10)

    console.error
      Security violation: Password data found in sessionStorage

      37 |         const value = sessionStorage.getItem(key);
      38 |         if (value && isPasswordData(key, value)) {
    > 39 |           console.error('Security violation: Password data found in sessionStorage');
         |                   ^
      40 |           return false;
      41 |         }
      42 |       }

      at error (src/lib/security.ts:39:19)
      at src/lib/security.test.ts:297:56
      at Property.predicate (node_modules/fast-check/lib/cjs/check/property/Property.js:17:92)
      at Property.run (node_modules/fast-check/lib/cjs/check/property/Property.generic.js:46:33)
      at runIt (node_modules/fast-check/lib/cjs/check/runner/Runner.js:18:30)
      at check (node_modules/fast-check/lib/cjs/check/runner/Runner.js:58:11)
      at Object.assert (node_modules/fast-check/lib/cjs/check/runner/Runner.js:61:17)
      at Object.assert (src/lib/security.test.ts:279:10)

    console.error
      Security violation: Password data found in sessionStorage

      37 |         const value = sessionStorage.getItem(key);
      38 |         if (value && isPasswordData(key, value)) {
    > 39 |           console.error('Security violation: Password data found in sessionStorage');
         |                   ^
      40 |           return false;
      41 |         }
      42 |       }

      at error (src/lib/security.ts:39:19)
      at src/lib/security.test.ts:297:56
      at Property.predicate (node_modules/fast-check/lib/cjs/check/property/Property.js:17:92)
      at Property.run (node_modules/fast-check/lib/cjs/check/property/Property.generic.js:46:33)
      at runIt (node_modules/fast-check/lib/cjs/check/runner/Runner.js:18:30)
      at check (node_modules/fast-check/lib/cjs/check/runner/Runner.js:58:11)
      at Object.assert (node_modules/fast-check/lib/cjs/check/runner/Runner.js:61:17)
      at Object.assert (src/lib/security.test.ts:279:10)

    console.error
      Security violation: Password data found in sessionStorage

      37 |         const value = sessionStorage.getItem(key);
      38 |         if (value && isPasswordData(key, value)) {
    > 39 |           console.error('Security violation: Password data found in sessionStorage');
         |                   ^
      40 |           return false;
      41 |         }
      42 |       }

      at error (src/lib/security.ts:39:19)
      at src/lib/security.test.ts:297:56
      at Property.predicate (node_modules/fast-check/lib/cjs/check/property/Property.js:17:92)
      at Property.run (node_modules/fast-check/lib/cjs/check/property/Property.generic.js:46:33)
      at runIt (node_modules/fast-check/lib/cjs/check/runner/Runner.js:18:30)
      at check (node_modules/fast-check/lib/cjs/check/runner/Runner.js:58:11)
      at Object.assert (node_modules/fast-check/lib/cjs/check/runner/Runner.js:61:17)
      at Object.assert (src/lib/security.test.ts:279:10)

    console.error
      Security violation: Password data found in sessionStorage

      37 |         const value = sessionStorage.getItem(key);
      38 |         if (value && isPasswordData(key, value)) {
    > 39 |           console.error('Security violation: Password data found in sessionStorage');
         |                   ^
      40 |           return false;
      41 |         }
      42 |       }

      at error (src/lib/security.ts:39:19)
      at src/lib/security.test.ts:297:56
      at Property.predicate (node_modules/fast-check/lib/cjs/check/property/Property.js:17:92)
      at Property.run (node_modules/fast-check/lib/cjs/check/property/Property.generic.js:46:33)
      at runIt (node_modules/fast-check/lib/cjs/check/runner/Runner.js:18:30)
      at check (node_modules/fast-check/lib/cjs/check/runner/Runner.js:58:11)
      at Object.assert (node_modules/fast-check/lib/cjs/check/runner/Runner.js:61:17)
      at Object.assert (src/lib/security.test.ts:279:10)

    console.error
      Security violation: Password data found in sessionStorage

      37 |         const value = sessionStorage.getItem(key);
      38 |         if (value && isPasswordData(key, value)) {
    > 39 |           console.error('Security violation: Password data found in sessionStorage');
         |                   ^
      40 |           return false;
      41 |         }
      42 |       }

      at error (src/lib/security.ts:39:19)
      at src/lib/security.test.ts:297:56
      at Property.predicate (node_modules/fast-check/lib/cjs/check/property/Property.js:17:92)
      at Property.run (node_modules/fast-check/lib/cjs/check/property/Property.generic.js:46:33)
      at runIt (node_modules/fast-check/lib/cjs/check/runner/Runner.js:18:30)
      at check (node_modules/fast-check/lib/cjs/check/runner/Runner.js:58:11)
      at Object.assert (node_modules/fast-check/lib/cjs/check/runner/Runner.js:61:17)
      at Object.assert (src/lib/security.test.ts:279:10)

    console.error
      Security violation: Password data found in sessionStorage

      37 |         const value = sessionStorage.getItem(key);
      38 |         if (value && isPasswordData(key, value)) {
    > 39 |           console.error('Security violation: Password data found in sessionStorage');
         |                   ^
      40 |           return false;
      41 |         }
      42 |       }

      at error (src/lib/security.ts:39:19)
      at src/lib/security.test.ts:297:56
      at Property.predicate (node_modules/fast-check/lib/cjs/check/property/Property.js:17:92)
      at Property.run (node_modules/fast-check/lib/cjs/check/property/Property.generic.js:46:33)
      at runIt (node_modules/fast-check/lib/cjs/check/runner/Runner.js:18:30)
      at check (node_modules/fast-check/lib/cjs/check/runner/Runner.js:58:11)
      at Object.assert (node_modules/fast-check/lib/cjs/check/runner/Runner.js:61:17)
      at Object.assert (src/lib/security.test.ts:279:10)

    console.error
      Security violation: Password data found in sessionStorage

      37 |         const value = sessionStorage.getItem(key);
      38 |         if (value && isPasswordData(key, value)) {
    > 39 |           console.error('Security violation: Password data found in sessionStorage');
         |                   ^
      40 |           return false;
      41 |         }
      42 |       }

      at error (src/lib/security.ts:39:19)
      at src/lib/security.test.ts:297:56
      at Property.predicate (node_modules/fast-check/lib/cjs/check/property/Property.js:17:92)
      at Property.run (node_modules/fast-check/lib/cjs/check/property/Property.generic.js:46:33)
      at runIt (node_modules/fast-check/lib/cjs/check/runner/Runner.js:18:30)
      at check (node_modules/fast-check/lib/cjs/check/runner/Runner.js:58:11)
      at Object.assert (node_modules/fast-check/lib/cjs/check/runner/Runner.js:61:17)
      at Object.assert (src/lib/security.test.ts:279:10)

    console.error
      Security violation: Password data found in sessionStorage

      37 |         const value = sessionStorage.getItem(key);
      38 |         if (value && isPasswordData(key, value)) {
    > 39 |           console.error('Security violation: Password data found in sessionStorage');
         |                   ^
      40 |           return false;
      41 |         }
      42 |       }

      at error (src/lib/security.ts:39:19)
      at src/lib/security.test.ts:297:56
      at Property.predicate (node_modules/fast-check/lib/cjs/check/property/Property.js:17:92)
      at Property.run (node_modules/fast-check/lib/cjs/check/property/Property.generic.js:46:33)
      at runIt (node_modules/fast-check/lib/cjs/check/runner/Runner.js:18:30)
      at check (node_modules/fast-check/lib/cjs/check/runner/Runner.js:58:11)
      at Object.assert (node_modules/fast-check/lib/cjs/check/runner/Runner.js:61:17)
      at Object.assert (src/lib/security.test.ts:279:10)

    console.error
      Security violation: Password data found in sessionStorage

      37 |         const value = sessionStorage.getItem(key);
      38 |         if (value && isPasswordData(key, value)) {
    > 39 |           console.error('Security violation: Password data found in sessionStorage');
         |                   ^
      40 |           return false;
      41 |         }
      42 |       }

      at error (src/lib/security.ts:39:19)
      at src/lib/security.test.ts:297:56
      at Property.predicate (node_modules/fast-check/lib/cjs/check/property/Property.js:17:92)
      at Property.run (node_modules/fast-check/lib/cjs/check/property/Property.generic.js:46:33)
      at runIt (node_modules/fast-check/lib/cjs/check/runner/Runner.js:18:30)
      at check (node_modules/fast-check/lib/cjs/check/runner/Runner.js:58:11)
      at Object.assert (node_modules/fast-check/lib/cjs/check/runner/Runner.js:61:17)
      at Object.assert (src/lib/security.test.ts:279:10)

    console.error
      Security violation: Password data found in sessionStorage

      37 |         const value = sessionStorage.getItem(key);
      38 |         if (value && isPasswordData(key, value)) {
    > 39 |           console.error('Security violation: Password data found in sessionStorage');
         |                   ^
      40 |           return false;
      41 |         }
      42 |       }

      at error (src/lib/security.ts:39:19)
      at src/lib/security.test.ts:297:56
      at Property.predicate (node_modules/fast-check/lib/cjs/check/property/Property.js:17:92)
      at Property.run (node_modules/fast-check/lib/cjs/check/property/Property.generic.js:46:33)
      at runIt (node_modules/fast-check/lib/cjs/check/runner/Runner.js:18:30)
      at check (node_modules/fast-check/lib/cjs/check/runner/Runner.js:58:11)
      at Object.assert (node_modules/fast-check/lib/cjs/check/runner/Runner.js:61:17)
      at Object.assert (src/lib/security.test.ts:279:10)

    console.error
      Security violation: Password data found in sessionStorage

      37 |         const value = sessionStorage.getItem(key);
      38 |         if (value && isPasswordData(key, value)) {
    > 39 |           console.error('Security violation: Password data found in sessionStorage');
         |                   ^
      40 |           return false;
      41 |         }
      42 |       }

      at error (src/lib/security.ts:39:19)
      at src/lib/security.test.ts:297:56
      at Property.predicate (node_modules/fast-check/lib/cjs/check/property/Property.js:17:92)
      at Property.run (node_modules/fast-check/lib/cjs/check/property/Property.generic.js:46:33)
      at runIt (node_modules/fast-check/lib/cjs/check/runner/Runner.js:18:30)
      at check (node_modules/fast-check/lib/cjs/check/runner/Runner.js:58:11)
      at Object.assert (node_modules/fast-check/lib/cjs/check/runner/Runner.js:61:17)
      at Object.assert (src/lib/security.test.ts:279:10)

    console.error
      Security violation: Password data found in sessionStorage

      37 |         const value = sessionStorage.getItem(key);
      38 |         if (value && isPasswordData(key, value)) {
    > 39 |           console.error('Security violation: Password data found in sessionStorage');
         |                   ^
      40 |           return false;
      41 |         }
      42 |       }

      at error (src/lib/security.ts:39:19)
      at src/lib/security.test.ts:297:56
      at Property.predicate (node_modules/fast-check/lib/cjs/check/property/Property.js:17:92)
      at Property.run (node_modules/fast-check/lib/cjs/check/property/Property.generic.js:46:33)
      at runIt (node_modules/fast-check/lib/cjs/check/runner/Runner.js:18:30)
      at check (node_modules/fast-check/lib/cjs/check/runner/Runner.js:58:11)
      at Object.assert (node_modules/fast-check/lib/cjs/check/runner/Runner.js:61:17)
      at Object.assert (src/lib/security.test.ts:279:10)

    console.error
      Security violation: Password data found in sessionStorage

      37 |         const value = sessionStorage.getItem(key);
      38 |         if (value && isPasswordData(key, value)) {
    > 39 |           console.error('Security violation: Password data found in sessionStorage');
         |                   ^
      40 |           return false;
      41 |         }
      42 |       }

      at error (src/lib/security.ts:39:19)
      at src/lib/security.test.ts:297:56
      at Property.predicate (node_modules/fast-check/lib/cjs/check/property/Property.js:17:92)
      at Property.run (node_modules/fast-check/lib/cjs/check/property/Property.generic.js:46:33)
      at runIt (node_modules/fast-check/lib/cjs/check/runner/Runner.js:18:30)
      at check (node_modules/fast-check/lib/cjs/check/runner/Runner.js:58:11)
      at Object.assert (node_modules/fast-check/lib/cjs/check/runner/Runner.js:61:17)
      at Object.assert (src/lib/security.test.ts:279:10)

    console.error
      Security violation: Password data found in sessionStorage

      37 |         const value = sessionStorage.getItem(key);
      38 |         if (value && isPasswordData(key, value)) {
    > 39 |           console.error('Security violation: Password data found in sessionStorage');
         |                   ^
      40 |           return false;
      41 |         }
      42 |       }

      at error (src/lib/security.ts:39:19)
      at src/lib/security.test.ts:297:56
      at Property.predicate (node_modules/fast-check/lib/cjs/check/property/Property.js:17:92)
      at Property.run (node_modules/fast-check/lib/cjs/check/property/Property.generic.js:46:33)
      at runIt (node_modules/fast-check/lib/cjs/check/runner/Runner.js:18:30)
      at check (node_modules/fast-check/lib/cjs/check/runner/Runner.js:58:11)
      at Object.assert (node_modules/fast-check/lib/cjs/check/runner/Runner.js:61:17)
      at Object.assert (src/lib/security.test.ts:279:10)

    console.error
      Security violation: Password data found in sessionStorage

      37 |         const value = sessionStorage.getItem(key);
      38 |         if (value && isPasswordData(key, value)) {
    > 39 |           console.error('Security violation: Password data found in sessionStorage');
         |                   ^
      40 |           return false;
      41 |         }
      42 |       }

      at error (src/lib/security.ts:39:19)
      at src/lib/security.test.ts:297:56
      at Property.predicate (node_modules/fast-check/lib/cjs/check/property/Property.js:17:92)
      at Property.run (node_modules/fast-check/lib/cjs/check/property/Property.generic.js:46:33)
      at runIt (node_modules/fast-check/lib/cjs/check/runner/Runner.js:18:30)
      at check (node_modules/fast-check/lib/cjs/check/runner/Runner.js:58:11)
      at Object.assert (node_modules/fast-check/lib/cjs/check/runner/Runner.js:61:17)
      at Object.assert (src/lib/security.test.ts:279:10)

    console.error
      Security violation: Password data found in sessionStorage

      37 |         const value = sessionStorage.getItem(key);
      38 |         if (value && isPasswordData(key, value)) {
    > 39 |           console.error('Security violation: Password data found in sessionStorage');
         |                   ^
      40 |           return false;
      41 |         }
      42 |       }

      at error (src/lib/security.ts:39:19)
      at src/lib/security.test.ts:297:56
      at Property.predicate (node_modules/fast-check/lib/cjs/check/property/Property.js:17:92)
      at Property.run (node_modules/fast-check/lib/cjs/check/property/Property.generic.js:46:33)
      at runIt (node_modules/fast-check/lib/cjs/check/runner/Runner.js:18:30)
      at check (node_modules/fast-check/lib/cjs/check/runner/Runner.js:58:11)
      at Object.assert (node_modules/fast-check/lib/cjs/check/runner/Runner.js:61:17)
      at Object.assert (src/lib/security.test.ts:279:10)

    console.error
      Security violation: Password data found in sessionStorage

      37 |         const value = sessionStorage.getItem(key);
      38 |         if (value && isPasswordData(key, value)) {
    > 39 |           console.error('Security violation: Password data found in sessionStorage');
         |                   ^
      40 |           return false;
      41 |         }
      42 |       }

      at error (src/lib/security.ts:39:19)
      at src/lib/security.test.ts:297:56
      at Property.predicate (node_modules/fast-check/lib/cjs/check/property/Property.js:17:92)
      at Property.run (node_modules/fast-check/lib/cjs/check/property/Property.generic.js:46:33)
      at runIt (node_modules/fast-check/lib/cjs/check/runner/Runner.js:18:30)
      at check (node_modules/fast-check/lib/cjs/check/runner/Runner.js:58:11)
      at Object.assert (node_modules/fast-check/lib/cjs/check/runner/Runner.js:61:17)
      at Object.assert (src/lib/security.test.ts:279:10)

    console.error
      Security violation: Password data found in sessionStorage

      37 |         const value = sessionStorage.getItem(key);
      38 |         if (value && isPasswordData(key, value)) {
    > 39 |           console.error('Security violation: Password data found in sessionStorage');
         |                   ^
      40 |           return false;
      41 |         }
      42 |       }

      at error (src/lib/security.ts:39:19)
      at src/lib/security.test.ts:297:56
      at Property.predicate (node_modules/fast-check/lib/cjs/check/property/Property.js:17:92)
      at Property.run (node_modules/fast-check/lib/cjs/check/property/Property.generic.js:46:33)
      at runIt (node_modules/fast-check/lib/cjs/check/runner/Runner.js:18:30)
      at check (node_modules/fast-check/lib/cjs/check/runner/Runner.js:58:11)
      at Object.assert (node_modules/fast-check/lib/cjs/check/runner/Runner.js:61:17)
      at Object.assert (src/lib/security.test.ts:279:10)

    console.error
      Security violation: Password data found in sessionStorage

      37 |         const value = sessionStorage.getItem(key);
      38 |         if (value && isPasswordData(key, value)) {
    > 39 |           console.error('Security violation: Password data found in sessionStorage');
         |                   ^
      40 |           return false;
      41 |         }
      42 |       }

      at error (src/lib/security.ts:39:19)
      at src/lib/security.test.ts:297:56
      at Property.predicate (node_modules/fast-check/lib/cjs/check/property/Property.js:17:92)
      at Property.run (node_modules/fast-check/lib/cjs/check/property/Property.generic.js:46:33)
      at runIt (node_modules/fast-check/lib/cjs/check/runner/Runner.js:18:30)
      at check (node_modules/fast-check/lib/cjs/check/runner/Runner.js:58:11)
      at Object.assert (node_modules/fast-check/lib/cjs/check/runner/Runner.js:61:17)
      at Object.assert (src/lib/security.test.ts:279:10)

    console.error
      Security violation: Password data found in sessionStorage

      37 |         const value = sessionStorage.getItem(key);
      38 |         if (value && isPasswordData(key, value)) {
    > 39 |           console.error('Security violation: Password data found in sessionStorage');
         |                   ^
      40 |           return false;
      41 |         }
      42 |       }

      at error (src/lib/security.ts:39:19)
      at src/lib/security.test.ts:297:56
      at Property.predicate (node_modules/fast-check/lib/cjs/check/property/Property.js:17:92)
      at Property.run (node_modules/fast-check/lib/cjs/check/property/Property.generic.js:46:33)
      at runIt (node_modules/fast-check/lib/cjs/check/runner/Runner.js:18:30)
      at check (node_modules/fast-check/lib/cjs/check/runner/Runner.js:58:11)
      at Object.assert (node_modules/fast-check/lib/cjs/check/runner/Runner.js:61:17)
      at Object.assert (src/lib/security.test.ts:279:10)

    console.error
      Security violation: Password data found in sessionStorage

      37 |         const value = sessionStorage.getItem(key);
      38 |         if (value && isPasswordData(key, value)) {
    > 39 |           console.error('Security violation: Password data found in sessionStorage');
         |                   ^
      40 |           return false;
      41 |         }
      42 |       }

      at error (src/lib/security.ts:39:19)
      at src/lib/security.test.ts:297:56
      at Property.predicate (node_modules/fast-check/lib/cjs/check/property/Property.js:17:92)
      at Property.run (node_modules/fast-check/lib/cjs/check/property/Property.generic.js:46:33)
      at runIt (node_modules/fast-check/lib/cjs/check/runner/Runner.js:18:30)
      at check (node_modules/fast-check/lib/cjs/check/runner/Runner.js:58:11)
      at Object.assert (node_modules/fast-check/lib/cjs/check/runner/Runner.js:61:17)
      at Object.assert (src/lib/security.test.ts:279:10)

    console.error
      Security violation: Password data found in sessionStorage

      37 |         const value = sessionStorage.getItem(key);
      38 |         if (value && isPasswordData(key, value)) {
    > 39 |           console.error('Security violation: Password data found in sessionStorage');
         |                   ^
      40 |           return false;
      41 |         }
      42 |       }

      at error (src/lib/security.ts:39:19)
      at src/lib/security.test.ts:297:56
      at Property.predicate (node_modules/fast-check/lib/cjs/check/property/Property.js:17:92)
      at Property.run (node_modules/fast-check/lib/cjs/check/property/Property.generic.js:46:33)
      at runIt (node_modules/fast-check/lib/cjs/check/runner/Runner.js:18:30)
      at check (node_modules/fast-check/lib/cjs/check/runner/Runner.js:58:11)
      at Object.assert (node_modules/fast-check/lib/cjs/check/runner/Runner.js:61:17)
      at Object.assert (src/lib/security.test.ts:279:10)

    console.error
      Security violation: Password data found in sessionStorage

      37 |         const value = sessionStorage.getItem(key);
      38 |         if (value && isPasswordData(key, value)) {
    > 39 |           console.error('Security violation: Password data found in sessionStorage');
         |                   ^
      40 |           return false;
      41 |         }
      42 |       }

      at error (src/lib/security.ts:39:19)
      at src/lib/security.test.ts:297:56
      at Property.predicate (node_modules/fast-check/lib/cjs/check/property/Property.js:17:92)
      at Property.run (node_modules/fast-check/lib/cjs/check/property/Property.generic.js:46:33)
      at runIt (node_modules/fast-check/lib/cjs/check/runner/Runner.js:18:30)
      at check (node_modules/fast-check/lib/cjs/check/runner/Runner.js:58:11)
      at Object.assert (node_modules/fast-check/lib/cjs/check/runner/Runner.js:61:17)
      at Object.assert (src/lib/security.test.ts:279:10)

    console.error
      Security violation: Password data found in sessionStorage

      37 |         const value = sessionStorage.getItem(key);
      38 |         if (value && isPasswordData(key, value)) {
    > 39 |           console.error('Security violation: Password data found in sessionStorage');
         |                   ^
      40 |           return false;
      41 |         }
      42 |       }

      at error (src/lib/security.ts:39:19)
      at src/lib/security.test.ts:297:56
      at Property.predicate (node_modules/fast-check/lib/cjs/check/property/Property.js:17:92)
      at Property.run (node_modules/fast-check/lib/cjs/check/property/Property.generic.js:46:33)
      at runIt (node_modules/fast-check/lib/cjs/check/runner/Runner.js:18:30)
      at check (node_modules/fast-check/lib/cjs/check/runner/Runner.js:58:11)
      at Object.assert (node_modules/fast-check/lib/cjs/check/runner/Runner.js:61:17)
      at Object.assert (src/lib/security.test.ts:279:10)

    console.error
      Security violation: Password data found in sessionStorage

      37 |         const value = sessionStorage.getItem(key);
      38 |         if (value && isPasswordData(key, value)) {
    > 39 |           console.error('Security violation: Password data found in sessionStorage');
         |                   ^
      40 |           return false;
      41 |         }
      42 |       }

      at error (src/lib/security.ts:39:19)
      at src/lib/security.test.ts:297:56
      at Property.predicate (node_modules/fast-check/lib/cjs/check/property/Property.js:17:92)
      at Property.run (node_modules/fast-check/lib/cjs/check/property/Property.generic.js:46:33)
      at runIt (node_modules/fast-check/lib/cjs/check/runner/Runner.js:18:30)
      at check (node_modules/fast-check/lib/cjs/check/runner/Runner.js:58:11)
      at Object.assert (node_modules/fast-check/lib/cjs/check/runner/Runner.js:61:17)
      at Object.assert (src/lib/security.test.ts:279:10)

    console.error
      Security violation: Password data found in sessionStorage

      37 |         const value = sessionStorage.getItem(key);
      38 |         if (value && isPasswordData(key, value)) {
    > 39 |           console.error('Security violation: Password data found in sessionStorage');
         |                   ^
      40 |           return false;
      41 |         }
      42 |       }

      at error (src/lib/security.ts:39:19)
      at src/lib/security.test.ts:297:56
      at Property.predicate (node_modules/fast-check/lib/cjs/check/property/Property.js:17:92)
      at Property.run (node_modules/fast-check/lib/cjs/check/property/Property.generic.js:46:33)
      at runIt (node_modules/fast-check/lib/cjs/check/runner/Runner.js:18:30)
      at check (node_modules/fast-check/lib/cjs/check/runner/Runner.js:58:11)
      at Object.assert (node_modules/fast-check/lib/cjs/check/runner/Runner.js:61:17)
      at Object.assert (src/lib/security.test.ts:279:10)

    console.error
      Security violation: Password data found in sessionStorage

      37 |         const value = sessionStorage.getItem(key);
      38 |         if (value && isPasswordData(key, value)) {
    > 39 |           console.error('Security violation: Password data found in sessionStorage');
         |                   ^
      40 |           return false;
      41 |         }
      42 |       }

      at error (src/lib/security.ts:39:19)
      at src/lib/security.test.ts:297:56
      at Property.predicate (node_modules/fast-check/lib/cjs/check/property/Property.js:17:92)
      at Property.run (node_modules/fast-check/lib/cjs/check/property/Property.generic.js:46:33)
      at runIt (node_modules/fast-check/lib/cjs/check/runner/Runner.js:18:30)
      at check (node_modules/fast-check/lib/cjs/check/runner/Runner.js:58:11)
      at Object.assert (node_modules/fast-check/lib/cjs/check/runner/Runner.js:61:17)
      at Object.assert (src/lib/security.test.ts:279:10)

    console.error
      Security violation: Password data found in sessionStorage

      37 |         const value = sessionStorage.getItem(key);
      38 |         if (value && isPasswordData(key, value)) {
    > 39 |           console.error('Security violation: Password data found in sessionStorage');
         |                   ^
      40 |           return false;
      41 |         }
      42 |       }

      at error (src/lib/security.ts:39:19)
      at src/lib/security.test.ts:297:56
      at Property.predicate (node_modules/fast-check/lib/cjs/check/property/Property.js:17:92)
      at Property.run (node_modules/fast-check/lib/cjs/check/property/Property.generic.js:46:33)
      at runIt (node_modules/fast-check/lib/cjs/check/runner/Runner.js:18:30)
      at check (node_modules/fast-check/lib/cjs/check/runner/Runner.js:58:11)
      at Object.assert (node_modules/fast-check/lib/cjs/check/runner/Runner.js:61:17)
      at Object.assert (src/lib/security.test.ts:279:10)

    console.error
      Security violation: Password data found in sessionStorage

      37 |         const value = sessionStorage.getItem(key);
      38 |         if (value && isPasswordData(key, value)) {
    > 39 |           console.error('Security violation: Password data found in sessionStorage');
         |                   ^
      40 |           return false;
      41 |         }
      42 |       }

      at error (src/lib/security.ts:39:19)
      at src/lib/security.test.ts:297:56
      at Property.predicate (node_modules/fast-check/lib/cjs/check/property/Property.js:17:92)
      at Property.run (node_modules/fast-check/lib/cjs/check/property/Property.generic.js:46:33)
      at runIt (node_modules/fast-check/lib/cjs/check/runner/Runner.js:18:30)
      at check (node_modules/fast-check/lib/cjs/check/runner/Runner.js:58:11)
      at Object.assert (node_modules/fast-check/lib/cjs/check/runner/Runner.js:61:17)
      at Object.assert (src/lib/security.test.ts:279:10)

    console.error
      Security violation: Password data found in sessionStorage

      37 |         const value = sessionStorage.getItem(key);
      38 |         if (value && isPasswordData(key, value)) {
    > 39 |           console.error('Security violation: Password data found in sessionStorage');
         |                   ^
      40 |           return false;
      41 |         }
      42 |       }

      at error (src/lib/security.ts:39:19)
      at src/lib/security.test.ts:297:56
      at Property.predicate (node_modules/fast-check/lib/cjs/check/property/Property.js:17:92)
      at Property.run (node_modules/fast-check/lib/cjs/check/property/Property.generic.js:46:33)
      at runIt (node_modules/fast-check/lib/cjs/check/runner/Runner.js:18:30)
      at check (node_modules/fast-check/lib/cjs/check/runner/Runner.js:58:11)
      at Object.assert (node_modules/fast-check/lib/cjs/check/runner/Runner.js:61:17)
      at Object.assert (src/lib/security.test.ts:279:10)

    console.error
      Security violation: Password data found in sessionStorage

      37 |         const value = sessionStorage.getItem(key);
      38 |         if (value && isPasswordData(key, value)) {
    > 39 |           console.error('Security violation: Password data found in sessionStorage');
         |                   ^
      40 |           return false;
      41 |         }
      42 |       }

      at error (src/lib/security.ts:39:19)
      at src/lib/security.test.ts:297:56
      at Property.predicate (node_modules/fast-check/lib/cjs/check/property/Property.js:17:92)
      at Property.run (node_modules/fast-check/lib/cjs/check/property/Property.generic.js:46:33)
      at runIt (node_modules/fast-check/lib/cjs/check/runner/Runner.js:18:30)
      at check (node_modules/fast-check/lib/cjs/check/runner/Runner.js:58:11)
      at Object.assert (node_modules/fast-check/lib/cjs/check/runner/Runner.js:61:17)
      at Object.assert (src/lib/security.test.ts:279:10)

    console.error
      Security violation: Password data found in sessionStorage

      37 |         const value = sessionStorage.getItem(key);
      38 |         if (value && isPasswordData(key, value)) {
    > 39 |           console.error('Security violation: Password data found in sessionStorage');
         |                   ^
      40 |           return false;
      41 |         }
      42 |       }

      at error (src/lib/security.ts:39:19)
      at src/lib/security.test.ts:297:56
      at Property.predicate (node_modules/fast-check/lib/cjs/check/property/Property.js:17:92)
      at Property.run (node_modules/fast-check/lib/cjs/check/property/Property.generic.js:46:33)
      at runIt (node_modules/fast-check/lib/cjs/check/runner/Runner.js:18:30)
      at check (node_modules/fast-check/lib/cjs/check/runner/Runner.js:58:11)
      at Object.assert (node_modules/fast-check/lib/cjs/check/runner/Runner.js:61:17)
      at Object.assert (src/lib/security.test.ts:279:10)

    console.error
      Security violation: Password data found in sessionStorage

      37 |         const value = sessionStorage.getItem(key);
      38 |         if (value && isPasswordData(key, value)) {
    > 39 |           console.error('Security violation: Password data found in sessionStorage');
         |                   ^
      40 |           return false;
      41 |         }
      42 |       }

      at error (src/lib/security.ts:39:19)
      at src/lib/security.test.ts:297:56
      at Property.predicate (node_modules/fast-check/lib/cjs/check/property/Property.js:17:92)
      at Property.run (node_modules/fast-check/lib/cjs/check/property/Property.generic.js:46:33)
      at runIt (node_modules/fast-check/lib/cjs/check/runner/Runner.js:18:30)
      at check (node_modules/fast-check/lib/cjs/check/runner/Runner.js:58:11)
      at Object.assert (node_modules/fast-check/lib/cjs/check/runner/Runner.js:61:17)
      at Object.assert (src/lib/security.test.ts:279:10)

    console.error
      Security violation: Password data found in sessionStorage

      37 |         const value = sessionStorage.getItem(key);
      38 |         if (value && isPasswordData(key, value)) {
    > 39 |           console.error('Security violation: Password data found in sessionStorage');
         |                   ^
      40 |           return false;
      41 |         }
      42 |       }

      at error (src/lib/security.ts:39:19)
      at src/lib/security.test.ts:297:56
      at Property.predicate (node_modules/fast-check/lib/cjs/check/property/Property.js:17:92)
      at Property.run (node_modules/fast-check/lib/cjs/check/property/Property.generic.js:46:33)
      at runIt (node_modules/fast-check/lib/cjs/check/runner/Runner.js:18:30)
      at check (node_modules/fast-check/lib/cjs/check/runner/Runner.js:58:11)
      at Object.assert (node_modules/fast-check/lib/cjs/check/runner/Runner.js:61:17)
      at Object.assert (src/lib/security.test.ts:279:10)

    console.error
      Security violation: Password data found in sessionStorage

      37 |         const value = sessionStorage.getItem(key);
      38 |         if (value && isPasswordData(key, value)) {
    > 39 |           console.error('Security violation: Password data found in sessionStorage');
         |                   ^
      40 |           return false;
      41 |         }
      42 |       }

      at error (src/lib/security.ts:39:19)
      at src/lib/security.test.ts:297:56
      at Property.predicate (node_modules/fast-check/lib/cjs/check/property/Property.js:17:92)
      at Property.run (node_modules/fast-check/lib/cjs/check/property/Property.generic.js:46:33)
      at runIt (node_modules/fast-check/lib/cjs/check/runner/Runner.js:18:30)
      at check (node_modules/fast-check/lib/cjs/check/runner/Runner.js:58:11)
      at Object.assert (node_modules/fast-check/lib/cjs/check/runner/Runner.js:61:17)
      at Object.assert (src/lib/security.test.ts:279:10)

    console.error
      Security violation: Password data found in sessionStorage

      37 |         const value = sessionStorage.getItem(key);
      38 |         if (value && isPasswordData(key, value)) {
    > 39 |           console.error('Security violation: Password data found in sessionStorage');
         |                   ^
      40 |           return false;
      41 |         }
      42 |       }

      at error (src/lib/security.ts:39:19)
      at src/lib/security.test.ts:297:56
      at Property.predicate (node_modules/fast-check/lib/cjs/check/property/Property.js:17:92)
      at Property.run (node_modules/fast-check/lib/cjs/check/property/Property.generic.js:46:33)
      at runIt (node_modules/fast-check/lib/cjs/check/runner/Runner.js:18:30)
      at check (node_modules/fast-check/lib/cjs/check/runner/Runner.js:58:11)
      at Object.assert (node_modules/fast-check/lib/cjs/check/runner/Runner.js:61:17)
      at Object.assert (src/lib/security.test.ts:279:10)

    console.error
      Security violation: Password data found in sessionStorage

      37 |         const value = sessionStorage.getItem(key);
      38 |         if (value && isPasswordData(key, value)) {
    > 39 |           console.error('Security violation: Password data found in sessionStorage');
         |                   ^
      40 |           return false;
      41 |         }
      42 |       }

      at error (src/lib/security.ts:39:19)
      at src/lib/security.test.ts:297:56
      at Property.predicate (node_modules/fast-check/lib/cjs/check/property/Property.js:17:92)
      at Property.run (node_modules/fast-check/lib/cjs/check/property/Property.generic.js:46:33)
      at runIt (node_modules/fast-check/lib/cjs/check/runner/Runner.js:18:30)
      at check (node_modules/fast-check/lib/cjs/check/runner/Runner.js:58:11)
      at Object.assert (node_modules/fast-check/lib/cjs/check/runner/Runner.js:61:17)
      at Object.assert (src/lib/security.test.ts:279:10)

    console.error
      Security violation: Password data found in sessionStorage

      37 |         const value = sessionStorage.getItem(key);
      38 |         if (value && isPasswordData(key, value)) {
    > 39 |           console.error('Security violation: Password data found in sessionStorage');
         |                   ^
      40 |           return false;
      41 |         }
      42 |       }

      at error (src/lib/security.ts:39:19)
      at src/lib/security.test.ts:297:56
      at Property.predicate (node_modules/fast-check/lib/cjs/check/property/Property.js:17:92)
      at Property.run (node_modules/fast-check/lib/cjs/check/property/Property.generic.js:46:33)
      at runIt (node_modules/fast-check/lib/cjs/check/runner/Runner.js:18:30)
      at check (node_modules/fast-check/lib/cjs/check/runner/Runner.js:58:11)
      at Object.assert (node_modules/fast-check/lib/cjs/check/runner/Runner.js:61:17)
      at Object.assert (src/lib/security.test.ts:279:10)

    console.error
      Security violation: Password data found in sessionStorage

      37 |         const value = sessionStorage.getItem(key);
      38 |         if (value && isPasswordData(key, value)) {
    > 39 |           console.error('Security violation: Password data found in sessionStorage');
         |                   ^
      40 |           return false;
      41 |         }
      42 |       }

      at error (src/lib/security.ts:39:19)
      at src/lib/security.test.ts:297:56
      at Property.predicate (node_modules/fast-check/lib/cjs/check/property/Property.js:17:92)
      at Property.run (node_modules/fast-check/lib/cjs/check/property/Property.generic.js:46:33)
      at runIt (node_modules/fast-check/lib/cjs/check/runner/Runner.js:18:30)
      at check (node_modules/fast-check/lib/cjs/check/runner/Runner.js:58:11)
      at Object.assert (node_modules/fast-check/lib/cjs/check/runner/Runner.js:61:17)
      at Object.assert (src/lib/security.test.ts:279:10)

    console.error
      Security violation: Password data found in sessionStorage

      37 |         const value = sessionStorage.getItem(key);
      38 |         if (value && isPasswordData(key, value)) {
    > 39 |           console.error('Security violation: Password data found in sessionStorage');
         |                   ^
      40 |           return false;
      41 |         }
      42 |       }

      at error (src/lib/security.ts:39:19)
      at src/lib/security.test.ts:297:56
      at Property.predicate (node_modules/fast-check/lib/cjs/check/property/Property.js:17:92)
      at Property.run (node_modules/fast-check/lib/cjs/check/property/Property.generic.js:46:33)
      at runIt (node_modules/fast-check/lib/cjs/check/runner/Runner.js:18:30)
      at check (node_modules/fast-check/lib/cjs/check/runner/Runner.js:58:11)
      at Object.assert (node_modules/fast-check/lib/cjs/check/runner/Runner.js:61:17)
      at Object.assert (src/lib/security.test.ts:279:10)

    console.error
      Security violation: Password data found in sessionStorage

      37 |         const value = sessionStorage.getItem(key);
      38 |         if (value && isPasswordData(key, value)) {
    > 39 |           console.error('Security violation: Password data found in sessionStorage');
         |                   ^
      40 |           return false;
      41 |         }
      42 |       }

      at error (src/lib/security.ts:39:19)
      at src/lib/security.test.ts:297:56
      at Property.predicate (node_modules/fast-check/lib/cjs/check/property/Property.js:17:92)
      at Property.run (node_modules/fast-check/lib/cjs/check/property/Property.generic.js:46:33)
      at runIt (node_modules/fast-check/lib/cjs/check/runner/Runner.js:18:30)
      at check (node_modules/fast-check/lib/cjs/check/runner/Runner.js:58:11)
      at Object.assert (node_modules/fast-check/lib/cjs/check/runner/Runner.js:61:17)
      at Object.assert (src/lib/security.test.ts:279:10)

    console.error
      Security violation: Password data found in sessionStorage

      37 |         const value = sessionStorage.getItem(key);
      38 |         if (value && isPasswordData(key, value)) {
    > 39 |           console.error('Security violation: Password data found in sessionStorage');
         |                   ^
      40 |           return false;
      41 |         }
      42 |       }

      at error (src/lib/security.ts:39:19)
      at src/lib/security.test.ts:297:56
      at Property.predicate (node_modules/fast-check/lib/cjs/check/property/Property.js:17:92)
      at Property.run (node_modules/fast-check/lib/cjs/check/property/Property.generic.js:46:33)
      at runIt (node_modules/fast-check/lib/cjs/check/runner/Runner.js:18:30)
      at check (node_modules/fast-check/lib/cjs/check/runner/Runner.js:58:11)
      at Object.assert (node_modules/fast-check/lib/cjs/check/runner/Runner.js:61:17)
      at Object.assert (src/lib/security.test.ts:279:10)

    console.error
      Security violation: Password data found in sessionStorage

      37 |         const value = sessionStorage.getItem(key);
      38 |         if (value && isPasswordData(key, value)) {
    > 39 |           console.error('Security violation: Password data found in sessionStorage');
         |                   ^
      40 |           return false;
      41 |         }
      42 |       }

      at error (src/lib/security.ts:39:19)
      at src/lib/security.test.ts:297:56
      at Property.predicate (node_modules/fast-check/lib/cjs/check/property/Property.js:17:92)
      at Property.run (node_modules/fast-check/lib/cjs/check/property/Property.generic.js:46:33)
      at runIt (node_modules/fast-check/lib/cjs/check/runner/Runner.js:18:30)
      at check (node_modules/fast-check/lib/cjs/check/runner/Runner.js:58:11)
      at Object.assert (node_modules/fast-check/lib/cjs/check/runner/Runner.js:61:17)
      at Object.assert (src/lib/security.test.ts:279:10)

    console.error
      Security violation: Password data found in sessionStorage

      37 |         const value = sessionStorage.getItem(key);
      38 |         if (value && isPasswordData(key, value)) {
    > 39 |           console.error('Security violation: Password data found in sessionStorage');
         |                   ^
      40 |           return false;
      41 |         }
      42 |       }

      at error (src/lib/security.ts:39:19)
      at src/lib/security.test.ts:297:56
      at Property.predicate (node_modules/fast-check/lib/cjs/check/property/Property.js:17:92)
      at Property.run (node_modules/fast-check/lib/cjs/check/property/Property.generic.js:46:33)
      at runIt (node_modules/fast-check/lib/cjs/check/runner/Runner.js:18:30)
      at check (node_modules/fast-check/lib/cjs/check/runner/Runner.js:58:11)
      at Object.assert (node_modules/fast-check/lib/cjs/check/runner/Runner.js:61:17)
      at Object.assert (src/lib/security.test.ts:279:10)

    console.error
      Security violation: Password data found in sessionStorage

      37 |         const value = sessionStorage.getItem(key);
      38 |         if (value && isPasswordData(key, value)) {
    > 39 |           console.error('Security violation: Password data found in sessionStorage');
         |                   ^
      40 |           return false;
      41 |         }
      42 |       }

      at error (src/lib/security.ts:39:19)
      at src/lib/security.test.ts:297:56
      at Property.predicate (node_modules/fast-check/lib/cjs/check/property/Property.js:17:92)
      at Property.run (node_modules/fast-check/lib/cjs/check/property/Property.generic.js:46:33)
      at runIt (node_modules/fast-check/lib/cjs/check/runner/Runner.js:18:30)
      at check (node_modules/fast-check/lib/cjs/check/runner/Runner.js:58:11)
      at Object.assert (node_modules/fast-check/lib/cjs/check/runner/Runner.js:61:17)
      at Object.assert (src/lib/security.test.ts:279:10)

    console.error
      Security violation: Password data found in sessionStorage

      37 |         const value = sessionStorage.getItem(key);
      38 |         if (value && isPasswordData(key, value)) {
    > 39 |           console.error('Security violation: Password data found in sessionStorage');
         |                   ^
      40 |           return false;
      41 |         }
      42 |       }

      at error (src/lib/security.ts:39:19)
      at src/lib/security.test.ts:297:56
      at Property.predicate (node_modules/fast-check/lib/cjs/check/property/Property.js:17:92)
      at Property.run (node_modules/fast-check/lib/cjs/check/property/Property.generic.js:46:33)
      at runIt (node_modules/fast-check/lib/cjs/check/runner/Runner.js:18:30)
      at check (node_modules/fast-check/lib/cjs/check/runner/Runner.js:58:11)
      at Object.assert (node_modules/fast-check/lib/cjs/check/runner/Runner.js:61:17)
      at Object.assert (src/lib/security.test.ts:279:10)

    console.error
      Security violation: Password data found in sessionStorage

      37 |         const value = sessionStorage.getItem(key);
      38 |         if (value && isPasswordData(key, value)) {
    > 39 |           console.error('Security violation: Password data found in sessionStorage');
         |                   ^
      40 |           return false;
      41 |         }
      42 |       }

      at error (src/lib/security.ts:39:19)
      at src/lib/security.test.ts:297:56
      at Property.predicate (node_modules/fast-check/lib/cjs/check/property/Property.js:17:92)
      at Property.run (node_modules/fast-check/lib/cjs/check/property/Property.generic.js:46:33)
      at runIt (node_modules/fast-check/lib/cjs/check/runner/Runner.js:18:30)
      at check (node_modules/fast-check/lib/cjs/check/runner/Runner.js:58:11)
      at Object.assert (node_modules/fast-check/lib/cjs/check/runner/Runner.js:61:17)
      at Object.assert (src/lib/security.test.ts:279:10)

    console.error
      Security violation: Password data found in sessionStorage

      37 |         const value = sessionStorage.getItem(key);
      38 |         if (value && isPasswordData(key, value)) {
    > 39 |           console.error('Security violation: Password data found in sessionStorage');
         |                   ^
      40 |           return false;
      41 |         }
      42 |       }

      at error (src/lib/security.ts:39:19)
      at src/lib/security.test.ts:297:56
      at Property.predicate (node_modules/fast-check/lib/cjs/check/property/Property.js:17:92)
      at Property.run (node_modules/fast-check/lib/cjs/check/property/Property.generic.js:46:33)
      at runIt (node_modules/fast-check/lib/cjs/check/runner/Runner.js:18:30)
      at check (node_modules/fast-check/lib/cjs/check/runner/Runner.js:58:11)
      at Object.assert (node_modules/fast-check/lib/cjs/check/runner/Runner.js:61:17)
      at Object.assert (src/lib/security.test.ts:279:10)

    console.error
      Security violation: Password data found in sessionStorage

      37 |         const value = sessionStorage.getItem(key);
      38 |         if (value && isPasswordData(key, value)) {
    > 39 |           console.error('Security violation: Password data found in sessionStorage');
         |                   ^
      40 |           return false;
      41 |         }
      42 |       }

      at error (src/lib/security.ts:39:19)
      at src/lib/security.test.ts:297:56
      at Property.predicate (node_modules/fast-check/lib/cjs/check/property/Property.js:17:92)
      at Property.run (node_modules/fast-check/lib/cjs/check/property/Property.generic.js:46:33)
      at runIt (node_modules/fast-check/lib/cjs/check/runner/Runner.js:18:30)
      at check (node_modules/fast-check/lib/cjs/check/runner/Runner.js:58:11)
      at Object.assert (node_modules/fast-check/lib/cjs/check/runner/Runner.js:61:17)
      at Object.assert (src/lib/security.test.ts:279:10)

    console.error
      Security violation: Password data found in sessionStorage

      37 |         const value = sessionStorage.getItem(key);
      38 |         if (value && isPasswordData(key, value)) {
    > 39 |           console.error('Security violation: Password data found in sessionStorage');
         |                   ^
      40 |           return false;
      41 |         }
      42 |       }

      at error (src/lib/security.ts:39:19)
      at src/lib/security.test.ts:297:56
      at Property.predicate (node_modules/fast-check/lib/cjs/check/property/Property.js:17:92)
      at Property.run (node_modules/fast-check/lib/cjs/check/property/Property.generic.js:46:33)
      at runIt (node_modules/fast-check/lib/cjs/check/runner/Runner.js:18:30)
      at check (node_modules/fast-check/lib/cjs/check/runner/Runner.js:58:11)
      at Object.assert (node_modules/fast-check/lib/cjs/check/runner/Runner.js:61:17)
      at Object.assert (src/lib/security.test.ts:279:10)

    console.error
      Security violation: Password data found in sessionStorage

      37 |         const value = sessionStorage.getItem(key);
      38 |         if (value && isPasswordData(key, value)) {
    > 39 |           console.error('Security violation: Password data found in sessionStorage');
         |                   ^
      40 |           return false;
      41 |         }
      42 |       }

      at error (src/lib/security.ts:39:19)
      at src/lib/security.test.ts:297:56
      at Property.predicate (node_modules/fast-check/lib/cjs/check/property/Property.js:17:92)
      at Property.run (node_modules/fast-check/lib/cjs/check/property/Property.generic.js:46:33)
      at runIt (node_modules/fast-check/lib/cjs/check/runner/Runner.js:18:30)
      at check (node_modules/fast-check/lib/cjs/check/runner/Runner.js:58:11)
      at Object.assert (node_modules/fast-check/lib/cjs/check/runner/Runner.js:61:17)
      at Object.assert (src/lib/security.test.ts:279:10)

    console.error
      Security violation: Password data found in sessionStorage

      37 |         const value = sessionStorage.getItem(key);
      38 |         if (value && isPasswordData(key, value)) {
    > 39 |           console.error('Security violation: Password data found in sessionStorage');
         |                   ^
      40 |           return false;
      41 |         }
      42 |       }

      at error (src/lib/security.ts:39:19)
      at src/lib/security.test.ts:297:56
      at Property.predicate (node_modules/fast-check/lib/cjs/check/property/Property.js:17:92)
      at Property.run (node_modules/fast-check/lib/cjs/check/property/Property.generic.js:46:33)
      at runIt (node_modules/fast-check/lib/cjs/check/runner/Runner.js:18:30)
      at check (node_modules/fast-check/lib/cjs/check/runner/Runner.js:58:11)
      at Object.assert (node_modules/fast-check/lib/cjs/check/runner/Runner.js:61:17)
      at Object.assert (src/lib/security.test.ts:279:10)

    console.error
      Security violation: Password data found in sessionStorage

      37 |         const value = sessionStorage.getItem(key);
      38 |         if (value && isPasswordData(key, value)) {
    > 39 |           console.error('Security violation: Password data found in sessionStorage');
         |                   ^
      40 |           return false;
      41 |         }
      42 |       }

      at error (src/lib/security.ts:39:19)
      at src/lib/security.test.ts:297:56
      at Property.predicate (node_modules/fast-check/lib/cjs/check/property/Property.js:17:92)
      at Property.run (node_modules/fast-check/lib/cjs/check/property/Property.generic.js:46:33)
      at runIt (node_modules/fast-check/lib/cjs/check/runner/Runner.js:18:30)
      at check (node_modules/fast-check/lib/cjs/check/runner/Runner.js:58:11)
      at Object.assert (node_modules/fast-check/lib/cjs/check/runner/Runner.js:61:17)
      at Object.assert (src/lib/security.test.ts:279:10)

    console.error
      Security violation: Password data found in sessionStorage

      37 |         const value = sessionStorage.getItem(key);
      38 |         if (value && isPasswordData(key, value)) {
    > 39 |           console.error('Security violation: Password data found in sessionStorage');
         |                   ^
      40 |           return false;
      41 |         }
      42 |       }

      at error (src/lib/security.ts:39:19)
      at src/lib/security.test.ts:297:56
      at Property.predicate (node_modules/fast-check/lib/cjs/check/property/Property.js:17:92)
      at Property.run (node_modules/fast-check/lib/cjs/check/property/Property.generic.js:46:33)
      at runIt (node_modules/fast-check/lib/cjs/check/runner/Runner.js:18:30)
      at check (node_modules/fast-check/lib/cjs/check/runner/Runner.js:58:11)
      at Object.assert (node_modules/fast-check/lib/cjs/check/runner/Runner.js:61:17)
      at Object.assert (src/lib/security.test.ts:279:10)

    console.error
      Security violation: Password data found in sessionStorage

      37 |         const value = sessionStorage.getItem(key);
      38 |         if (value && isPasswordData(key, value)) {
    > 39 |           console.error('Security violation: Password data found in sessionStorage');
         |                   ^
      40 |           return false;
      41 |         }
      42 |       }

      at error (src/lib/security.ts:39:19)
      at src/lib/security.test.ts:297:56
      at Property.predicate (node_modules/fast-check/lib/cjs/check/property/Property.js:17:92)
      at Property.run (node_modules/fast-check/lib/cjs/check/property/Property.generic.js:46:33)
      at runIt (node_modules/fast-check/lib/cjs/check/runner/Runner.js:18:30)
      at check (node_modules/fast-check/lib/cjs/check/runner/Runner.js:58:11)
      at Object.assert (node_modules/fast-check/lib/cjs/check/runner/Runner.js:61:17)
      at Object.assert (src/lib/security.test.ts:279:10)

FAIL src/hooks/useLogout.error-recovery.property.test.tsx
  ● Console

    console.error
      [AuthLogger 2026-02-08T19:37:35.720Z] Logout failed

       98 |   } else {
       99 |     // In production, log minimal info
    > 100 |     consoleMethod(message);
          |     ^
      101 |   }
      102 | }
      103 |

      at consoleMethod (src/lib/auth/AuthLogger.ts:100:5)
      at log (src/lib/auth/AuthLogger.ts:268:3)
      at Object.handleLogout (src/hooks/useLogout.ts:140:19)
      at handleLogout (src/hooks/useLogout.error-recovery.property.test.tsx:108:36)
      at node_modules/@testing-library/react/dist/act-compat.js:47:24
      at act (node_modules/react/cjs/react.development.js:2512:16)
      at node_modules/@testing-library/react/dist/act-compat.js:46:25
      at src/hooks/useLogout.error-recovery.property.test.tsx:107:22
      at AsyncProperty.predicate (node_modules/fast-check/lib/cjs/check/property/AsyncProperty.js:17:102)
      at AsyncProperty.run (node_modules/fast-check/lib/cjs/check/property/AsyncProperty.generic.js:46:39)
      at TimeoutProperty.run (node_modules/fast-check/lib/cjs/check/property/TimeoutProperty.js:35:53)
      at asyncRunIt (node_modules/fast-check/lib/cjs/check/runner/Runner.js:28:36)
      at Object.<anonymous> (src/hooks/useLogout.error-recovery.property.test.tsx:86:5)

    console.error
      [AuthLogger 2026-02-08T19:37:35.726Z] Logout failed

       98 |   } else {
       99 |     // In production, log minimal info
    > 100 |     consoleMethod(message);
          |     ^
      101 |   }
      102 | }
      103 |

      at consoleMethod (src/lib/auth/AuthLogger.ts:100:5)
      at log (src/lib/auth/AuthLogger.ts:268:3)
      at Object.handleLogout (src/hooks/useLogout.ts:140:19)
      at handleLogout (src/hooks/useLogout.error-recovery.property.test.tsx:127:36)
      at node_modules/@testing-library/react/dist/act-compat.js:47:24
      at act (node_modules/react/cjs/react.development.js:2512:16)
      at node_modules/@testing-library/react/dist/act-compat.js:46:25
      at src/hooks/useLogout.error-recovery.property.test.tsx:126:22
      at AsyncProperty.run (node_modules/fast-check/lib/cjs/check/property/AsyncProperty.generic.js:46:28)

    console.error
      [AuthLogger 2026-02-08T19:37:35.736Z] Logout failed

       98 |   } else {
       99 |     // In production, log minimal info
    > 100 |     consoleMethod(message);
          |     ^
      101 |   }
      102 | }
      103 |

      at consoleMethod (src/lib/auth/AuthLogger.ts:100:5)
      at log (src/lib/auth/AuthLogger.ts:268:3)
      at Object.handleLogout (src/hooks/useLogout.ts:140:19)
      at handleLogout (src/hooks/useLogout.error-recovery.property.test.tsx:177:38)
      at node_modules/@testing-library/react/dist/act-compat.js:47:24
      at act (node_modules/react/cjs/react.development.js:2512:16)
      at node_modules/@testing-library/react/dist/act-compat.js:46:25
      at src/hooks/useLogout.error-recovery.property.test.tsx:176:24
      at AsyncProperty.predicate (node_modules/fast-check/lib/cjs/check/property/AsyncProperty.js:17:102)
      at AsyncProperty.run (node_modules/fast-check/lib/cjs/check/property/AsyncProperty.generic.js:46:39)
      at TimeoutProperty.run (node_modules/fast-check/lib/cjs/check/property/TimeoutProperty.js:35:53)
      at asyncRunIt (node_modules/fast-check/lib/cjs/check/runner/Runner.js:28:36)
      at Object.<anonymous> (src/hooks/useLogout.error-recovery.property.test.tsx:155:5)

    console.error
      [AuthLogger 2026-02-08T19:37:35.737Z] Logout failed

       98 |   } else {
       99 |     // In production, log minimal info
    > 100 |     consoleMethod(message);
          |     ^
      101 |   }
      102 | }
      103 |

      at consoleMethod (src/lib/auth/AuthLogger.ts:100:5)
      at log (src/lib/auth/AuthLogger.ts:268:3)
      at Object.handleLogout (src/hooks/useLogout.ts:140:19)
      at handleLogout (src/hooks/useLogout.error-recovery.property.test.tsx:177:38)
      at node_modules/@testing-library/react/dist/act-compat.js:47:24
      at act (node_modules/react/cjs/react.development.js:2512:16)
      at node_modules/@testing-library/react/dist/act-compat.js:46:25
      at src/hooks/useLogout.error-recovery.property.test.tsx:176:24
      at AsyncProperty.run (node_modules/fast-check/lib/cjs/check/property/AsyncProperty.generic.js:46:28)

    console.error
      [AuthLogger 2026-02-08T19:37:35.738Z] Logout failed

       98 |   } else {
       99 |     // In production, log minimal info
    > 100 |     consoleMethod(message);
          |     ^
      101 |   }
      102 | }
      103 |

      at consoleMethod (src/lib/auth/AuthLogger.ts:100:5)
      at log (src/lib/auth/AuthLogger.ts:268:3)
      at Object.handleLogout (src/hooks/useLogout.ts:140:19)
      at handleLogout (src/hooks/useLogout.error-recovery.property.test.tsx:194:36)
      at node_modules/@testing-library/react/dist/act-compat.js:47:24
      at act (node_modules/react/cjs/react.development.js:2512:16)
      at node_modules/@testing-library/react/dist/act-compat.js:46:25
      at src/hooks/useLogout.error-recovery.property.test.tsx:193:22
      at AsyncProperty.run (node_modules/fast-check/lib/cjs/check/property/AsyncProperty.generic.js:46:28)

    console.error
      [AuthLogger 2026-02-08T19:37:35.743Z] Logout failed

       98 |   } else {
       99 |     // In production, log minimal info
    > 100 |     consoleMethod(message);
          |     ^
      101 |   }
      102 | }
      103 |

      at consoleMethod (src/lib/auth/AuthLogger.ts:100:5)
      at log (src/lib/auth/AuthLogger.ts:268:3)
      at Object.handleLogout (src/hooks/useLogout.ts:140:19)
      at handleLogout (src/hooks/useLogout.error-recovery.property.test.tsx:240:36)
      at node_modules/@testing-library/react/dist/act-compat.js:47:24
      at act (node_modules/react/cjs/react.development.js:2512:16)
      at node_modules/@testing-library/react/dist/act-compat.js:46:25
      at src/hooks/useLogout.error-recovery.property.test.tsx:239:22
      at AsyncProperty.predicate (node_modules/fast-check/lib/cjs/check/property/AsyncProperty.js:17:102)
      at AsyncProperty.run (node_modules/fast-check/lib/cjs/check/property/AsyncProperty.generic.js:46:39)
      at TimeoutProperty.run (node_modules/fast-check/lib/cjs/check/property/TimeoutProperty.js:35:53)
      at asyncRunIt (node_modules/fast-check/lib/cjs/check/runner/Runner.js:28:36)
      at Object.<anonymous> (src/hooks/useLogout.error-recovery.property.test.tsx:222:5)

    console.error
      [AuthLogger 2026-02-08T19:37:35.745Z] Logout failed

       98 |   } else {
       99 |     // In production, log minimal info
    > 100 |     consoleMethod(message);
          |     ^
      101 |   }
      102 | }
      103 |

      at consoleMethod (src/lib/auth/AuthLogger.ts:100:5)
      at log (src/lib/auth/AuthLogger.ts:268:3)
      at Object.handleLogout (src/hooks/useLogout.ts:140:19)
      at handleLogout (src/hooks/useLogout.error-recovery.property.test.tsx:252:36)
      at node_modules/@testing-library/react/dist/act-compat.js:47:24
      at act (node_modules/react/cjs/react.development.js:2512:16)
      at node_modules/@testing-library/react/dist/act-compat.js:46:25
      at src/hooks/useLogout.error-recovery.property.test.tsx:251:22
      at AsyncProperty.run (node_modules/fast-check/lib/cjs/check/property/AsyncProperty.generic.js:46:28)

    console.error
      [AuthLogger 2026-02-08T19:37:35.746Z] Logout failed

       98 |   } else {
       99 |     // In production, log minimal info
    > 100 |     consoleMethod(message);
          |     ^
      101 |   }
      102 | }
      103 |

      at consoleMethod (src/lib/auth/AuthLogger.ts:100:5)
      at log (src/lib/auth/AuthLogger.ts:268:3)
      at Object.handleLogout (src/hooks/useLogout.ts:140:19)
      at handleLogout (src/hooks/useLogout.error-recovery.property.test.tsx:240:36)
      at node_modules/@testing-library/react/dist/act-compat.js:47:24
      at act (node_modules/react/cjs/react.development.js:2512:16)
      at node_modules/@testing-library/react/dist/act-compat.js:46:25
      at src/hooks/useLogout.error-recovery.property.test.tsx:239:22
      at AsyncProperty.predicate (node_modules/fast-check/lib/cjs/check/property/AsyncProperty.js:17:102)
      at AsyncProperty.run (node_modules/fast-check/lib/cjs/check/property/AsyncProperty.generic.js:46:39)
      at TimeoutProperty.run (node_modules/fast-check/lib/cjs/check/property/TimeoutProperty.js:35:53)
      at asyncRunIt (node_modules/fast-check/lib/cjs/check/runner/Runner.js:28:36)
      at Object.<anonymous> (src/hooks/useLogout.error-recovery.property.test.tsx:222:5)

    console.error
      [AuthLogger 2026-02-08T19:37:35.748Z] Logout failed

       98 |   } else {
       99 |     // In production, log minimal info
    > 100 |     consoleMethod(message);
          |     ^
      101 |   }
      102 | }
      103 |

      at consoleMethod (src/lib/auth/AuthLogger.ts:100:5)
      at log (src/lib/auth/AuthLogger.ts:268:3)
      at Object.handleLogout (src/hooks/useLogout.ts:140:19)
      at handleLogout (src/hooks/useLogout.error-recovery.property.test.tsx:252:36)
      at node_modules/@testing-library/react/dist/act-compat.js:47:24
      at act (node_modules/react/cjs/react.development.js:2512:16)
      at node_modules/@testing-library/react/dist/act-compat.js:46:25
      at src/hooks/useLogout.error-recovery.property.test.tsx:251:22
      at AsyncProperty.run (node_modules/fast-check/lib/cjs/check/property/AsyncProperty.generic.js:46:28)

    console.error
      [AuthLogger 2026-02-08T19:37:35.751Z] Logout failed

       98 |   } else {
       99 |     // In production, log minimal info
    > 100 |     consoleMethod(message);
          |     ^
      101 |   }
      102 | }
      103 |

      at consoleMethod (src/lib/auth/AuthLogger.ts:100:5)
      at log (src/lib/auth/AuthLogger.ts:268:3)
      at Object.handleLogout (src/hooks/useLogout.ts:140:19)
      at handleLogout (src/hooks/useLogout.error-recovery.property.test.tsx:240:36)
      at node_modules/@testing-library/react/dist/act-compat.js:47:24
      at act (node_modules/react/cjs/react.development.js:2512:16)
      at node_modules/@testing-library/react/dist/act-compat.js:46:25
      at src/hooks/useLogout.error-recovery.property.test.tsx:239:22
      at AsyncProperty.predicate (node_modules/fast-check/lib/cjs/check/property/AsyncProperty.js:17:102)
      at AsyncProperty.run (node_modules/fast-check/lib/cjs/check/property/AsyncProperty.generic.js:46:39)
      at TimeoutProperty.run (node_modules/fast-check/lib/cjs/check/property/TimeoutProperty.js:35:53)
      at asyncRunIt (node_modules/fast-check/lib/cjs/check/runner/Runner.js:28:36)
      at Object.<anonymous> (src/hooks/useLogout.error-recovery.property.test.tsx:222:5)

    console.error
      [AuthLogger 2026-02-08T19:37:35.752Z] Logout failed

       98 |   } else {
       99 |     // In production, log minimal info
    > 100 |     consoleMethod(message);
          |     ^
      101 |   }
      102 | }
      103 |

      at consoleMethod (src/lib/auth/AuthLogger.ts:100:5)
      at log (src/lib/auth/AuthLogger.ts:268:3)
      at Object.handleLogout (src/hooks/useLogout.ts:140:19)
      at handleLogout (src/hooks/useLogout.error-recovery.property.test.tsx:252:36)
      at node_modules/@testing-library/react/dist/act-compat.js:47:24
      at act (node_modules/react/cjs/react.development.js:2512:16)
      at node_modules/@testing-library/react/dist/act-compat.js:46:25
      at src/hooks/useLogout.error-recovery.property.test.tsx:251:22
      at AsyncProperty.run (node_modules/fast-check/lib/cjs/check/property/AsyncProperty.generic.js:46:28)

    console.error
      [AuthLogger 2026-02-08T19:37:35.754Z] Logout failed

       98 |   } else {
       99 |     // In production, log minimal info
    > 100 |     consoleMethod(message);
          |     ^
      101 |   }
      102 | }
      103 |

      at consoleMethod (src/lib/auth/AuthLogger.ts:100:5)
      at log (src/lib/auth/AuthLogger.ts:268:3)
      at Object.handleLogout (src/hooks/useLogout.ts:140:19)
      at handleLogout (src/hooks/useLogout.error-recovery.property.test.tsx:240:36)
      at node_modules/@testing-library/react/dist/act-compat.js:47:24
      at act (node_modules/react/cjs/react.development.js:2512:16)
      at node_modules/@testing-library/react/dist/act-compat.js:46:25
      at src/hooks/useLogout.error-recovery.property.test.tsx:239:22
      at AsyncProperty.predicate (node_modules/fast-check/lib/cjs/check/property/AsyncProperty.js:17:102)
      at AsyncProperty.run (node_modules/fast-check/lib/cjs/check/property/AsyncProperty.generic.js:46:39)
      at TimeoutProperty.run (node_modules/fast-check/lib/cjs/check/property/TimeoutProperty.js:35:53)
      at asyncRunIt (node_modules/fast-check/lib/cjs/check/runner/Runner.js:28:36)
      at Object.<anonymous> (src/hooks/useLogout.error-recovery.property.test.tsx:222:5)

    console.error
      [AuthLogger 2026-02-08T19:37:35.755Z] Logout failed

       98 |   } else {
       99 |     // In production, log minimal info
    > 100 |     consoleMethod(message);
          |     ^
      101 |   }
      102 | }
      103 |

      at consoleMethod (src/lib/auth/AuthLogger.ts:100:5)
      at log (src/lib/auth/AuthLogger.ts:268:3)
      at Object.handleLogout (src/hooks/useLogout.ts:140:19)
      at handleLogout (src/hooks/useLogout.error-recovery.property.test.tsx:252:36)
      at node_modules/@testing-library/react/dist/act-compat.js:47:24
      at act (node_modules/react/cjs/react.development.js:2512:16)
      at node_modules/@testing-library/react/dist/act-compat.js:46:25
      at src/hooks/useLogout.error-recovery.property.test.tsx:251:22
      at AsyncProperty.run (node_modules/fast-check/lib/cjs/check/property/AsyncProperty.generic.js:46:28)

    console.error
      [AuthLogger 2026-02-08T19:37:35.758Z] Logout failed

       98 |   } else {
       99 |     // In production, log minimal info
    > 100 |     consoleMethod(message);
          |     ^
      101 |   }
      102 | }
      103 |

      at consoleMethod (src/lib/auth/AuthLogger.ts:100:5)
      at log (src/lib/auth/AuthLogger.ts:268:3)
      at Object.handleLogout (src/hooks/useLogout.ts:140:19)
      at handleLogout (src/hooks/useLogout.error-recovery.property.test.tsx:240:36)
      at node_modules/@testing-library/react/dist/act-compat.js:47:24
      at act (node_modules/react/cjs/react.development.js:2512:16)
      at node_modules/@testing-library/react/dist/act-compat.js:46:25
      at src/hooks/useLogout.error-recovery.property.test.tsx:239:22
      at AsyncProperty.predicate (node_modules/fast-check/lib/cjs/check/property/AsyncProperty.js:17:102)
      at AsyncProperty.run (node_modules/fast-check/lib/cjs/check/property/AsyncProperty.generic.js:46:39)
      at TimeoutProperty.run (node_modules/fast-check/lib/cjs/check/property/TimeoutProperty.js:35:53)
      at asyncRunIt (node_modules/fast-check/lib/cjs/check/runner/Runner.js:28:36)
      at Object.<anonymous> (src/hooks/useLogout.error-recovery.property.test.tsx:222:5)

    console.error
      [AuthLogger 2026-02-08T19:37:35.759Z] Logout failed

       98 |   } else {
       99 |     // In production, log minimal info
    > 100 |     consoleMethod(message);
          |     ^
      101 |   }
      102 | }
      103 |

      at consoleMethod (src/lib/auth/AuthLogger.ts:100:5)
      at log (src/lib/auth/AuthLogger.ts:268:3)
      at Object.handleLogout (src/hooks/useLogout.ts:140:19)
      at handleLogout (src/hooks/useLogout.error-recovery.property.test.tsx:252:36)
      at node_modules/@testing-library/react/dist/act-compat.js:47:24
      at act (node_modules/react/cjs/react.development.js:2512:16)
      at node_modules/@testing-library/react/dist/act-compat.js:46:25
      at src/hooks/useLogout.error-recovery.property.test.tsx:251:22
      at AsyncProperty.run (node_modules/fast-check/lib/cjs/check/property/AsyncProperty.generic.js:46:28)

    console.error
      [AuthLogger 2026-02-08T19:37:35.760Z] Logout failed

       98 |   } else {
       99 |     // In production, log minimal info
    > 100 |     consoleMethod(message);
          |     ^
      101 |   }
      102 | }
      103 |

      at consoleMethod (src/lib/auth/AuthLogger.ts:100:5)
      at log (src/lib/auth/AuthLogger.ts:268:3)
      at Object.handleLogout (src/hooks/useLogout.ts:140:19)
      at handleLogout (src/hooks/useLogout.error-recovery.property.test.tsx:240:36)
      at node_modules/@testing-library/react/dist/act-compat.js:47:24
      at act (node_modules/react/cjs/react.development.js:2512:16)
      at node_modules/@testing-library/react/dist/act-compat.js:46:25
      at src/hooks/useLogout.error-recovery.property.test.tsx:239:22
      at AsyncProperty.predicate (node_modules/fast-check/lib/cjs/check/property/AsyncProperty.js:17:102)
      at AsyncProperty.run (node_modules/fast-check/lib/cjs/check/property/AsyncProperty.generic.js:46:39)
      at TimeoutProperty.run (node_modules/fast-check/lib/cjs/check/property/TimeoutProperty.js:35:53)
      at asyncRunIt (node_modules/fast-check/lib/cjs/check/runner/Runner.js:28:36)
      at Object.<anonymous> (src/hooks/useLogout.error-recovery.property.test.tsx:222:5)

    console.error
      [AuthLogger 2026-02-08T19:37:35.760Z] Logout failed

       98 |   } else {
       99 |     // In production, log minimal info
    > 100 |     consoleMethod(message);
          |     ^
      101 |   }
      102 | }
      103 |

      at consoleMethod (src/lib/auth/AuthLogger.ts:100:5)
      at log (src/lib/auth/AuthLogger.ts:268:3)
      at Object.handleLogout (src/hooks/useLogout.ts:140:19)
      at handleLogout (src/hooks/useLogout.error-recovery.property.test.tsx:252:36)
      at node_modules/@testing-library/react/dist/act-compat.js:47:24
      at act (node_modules/react/cjs/react.development.js:2512:16)
      at node_modules/@testing-library/react/dist/act-compat.js:46:25
      at src/hooks/useLogout.error-recovery.property.test.tsx:251:22
      at AsyncProperty.run (node_modules/fast-check/lib/cjs/check/property/AsyncProperty.generic.js:46:28)

    console.error
      [AuthLogger 2026-02-08T19:37:35.762Z] Logout failed

       98 |   } else {
       99 |     // In production, log minimal info
    > 100 |     consoleMethod(message);
          |     ^
      101 |   }
      102 | }
      103 |

      at consoleMethod (src/lib/auth/AuthLogger.ts:100:5)
      at log (src/lib/auth/AuthLogger.ts:268:3)
      at Object.handleLogout (src/hooks/useLogout.ts:140:19)
      at handleLogout (src/hooks/useLogout.error-recovery.property.test.tsx:240:36)
      at node_modules/@testing-library/react/dist/act-compat.js:47:24
      at act (node_modules/react/cjs/react.development.js:2512:16)
      at node_modules/@testing-library/react/dist/act-compat.js:46:25
      at src/hooks/useLogout.error-recovery.property.test.tsx:239:22
      at AsyncProperty.predicate (node_modules/fast-check/lib/cjs/check/property/AsyncProperty.js:17:102)
      at AsyncProperty.run (node_modules/fast-check/lib/cjs/check/property/AsyncProperty.generic.js:46:39)
      at TimeoutProperty.run (node_modules/fast-check/lib/cjs/check/property/TimeoutProperty.js:35:53)
      at asyncRunIt (node_modules/fast-check/lib/cjs/check/runner/Runner.js:28:36)
      at Object.<anonymous> (src/hooks/useLogout.error-recovery.property.test.tsx:222:5)

    console.error
      [AuthLogger 2026-02-08T19:37:35.762Z] Logout failed

       98 |   } else {
       99 |     // In production, log minimal info
    > 100 |     consoleMethod(message);
          |     ^
      101 |   }
      102 | }
      103 |

      at consoleMethod (src/lib/auth/AuthLogger.ts:100:5)
      at log (src/lib/auth/AuthLogger.ts:268:3)
      at Object.handleLogout (src/hooks/useLogout.ts:140:19)
      at handleLogout (src/hooks/useLogout.error-recovery.property.test.tsx:252:36)
      at node_modules/@testing-library/react/dist/act-compat.js:47:24
      at act (node_modules/react/cjs/react.development.js:2512:16)
      at node_modules/@testing-library/react/dist/act-compat.js:46:25
      at src/hooks/useLogout.error-recovery.property.test.tsx:251:22
      at AsyncProperty.run (node_modules/fast-check/lib/cjs/check/property/AsyncProperty.generic.js:46:28)

    console.error
      [AuthLogger 2026-02-08T19:37:35.763Z] Logout failed

       98 |   } else {
       99 |     // In production, log minimal info
    > 100 |     consoleMethod(message);
          |     ^
      101 |   }
      102 | }
      103 |

      at consoleMethod (src/lib/auth/AuthLogger.ts:100:5)
      at log (src/lib/auth/AuthLogger.ts:268:3)
      at Object.handleLogout (src/hooks/useLogout.ts:140:19)
      at handleLogout (src/hooks/useLogout.error-recovery.property.test.tsx:240:36)
      at node_modules/@testing-library/react/dist/act-compat.js:47:24
      at act (node_modules/react/cjs/react.development.js:2512:16)
      at node_modules/@testing-library/react/dist/act-compat.js:46:25
      at src/hooks/useLogout.error-recovery.property.test.tsx:239:22
      at AsyncProperty.predicate (node_modules/fast-check/lib/cjs/check/property/AsyncProperty.js:17:102)
      at AsyncProperty.run (node_modules/fast-check/lib/cjs/check/property/AsyncProperty.generic.js:46:39)
      at TimeoutProperty.run (node_modules/fast-check/lib/cjs/check/property/TimeoutProperty.js:35:53)
      at asyncRunIt (node_modules/fast-check/lib/cjs/check/runner/Runner.js:28:36)
      at Object.<anonymous> (src/hooks/useLogout.error-recovery.property.test.tsx:222:5)

    console.error
      [AuthLogger 2026-02-08T19:37:35.764Z] Logout failed

       98 |   } else {
       99 |     // In production, log minimal info
    > 100 |     consoleMethod(message);
          |     ^
      101 |   }
      102 | }
      103 |

      at consoleMethod (src/lib/auth/AuthLogger.ts:100:5)
      at log (src/lib/auth/AuthLogger.ts:268:3)
      at Object.handleLogout (src/hooks/useLogout.ts:140:19)
      at handleLogout (src/hooks/useLogout.error-recovery.property.test.tsx:252:36)
      at node_modules/@testing-library/react/dist/act-compat.js:47:24
      at act (node_modules/react/cjs/react.development.js:2512:16)
      at node_modules/@testing-library/react/dist/act-compat.js:46:25
      at src/hooks/useLogout.error-recovery.property.test.tsx:251:22
      at AsyncProperty.run (node_modules/fast-check/lib/cjs/check/property/AsyncProperty.generic.js:46:28)

    console.error
      [AuthLogger 2026-02-08T19:37:35.765Z] Logout failed

       98 |   } else {
       99 |     // In production, log minimal info
    > 100 |     consoleMethod(message);
          |     ^
      101 |   }
      102 | }
      103 |

      at consoleMethod (src/lib/auth/AuthLogger.ts:100:5)
      at log (src/lib/auth/AuthLogger.ts:268:3)
      at Object.handleLogout (src/hooks/useLogout.ts:140:19)
      at handleLogout (src/hooks/useLogout.error-recovery.property.test.tsx:240:36)
      at node_modules/@testing-library/react/dist/act-compat.js:47:24
      at act (node_modules/react/cjs/react.development.js:2512:16)
      at node_modules/@testing-library/react/dist/act-compat.js:46:25
      at src/hooks/useLogout.error-recovery.property.test.tsx:239:22
      at AsyncProperty.predicate (node_modules/fast-check/lib/cjs/check/property/AsyncProperty.js:17:102)
      at AsyncProperty.run (node_modules/fast-check/lib/cjs/check/property/AsyncProperty.generic.js:46:39)
      at TimeoutProperty.run (node_modules/fast-check/lib/cjs/check/property/TimeoutProperty.js:35:53)
      at asyncRunIt (node_modules/fast-check/lib/cjs/check/runner/Runner.js:28:36)
      at Object.<anonymous> (src/hooks/useLogout.error-recovery.property.test.tsx:222:5)

    console.error
      [AuthLogger 2026-02-08T19:37:35.765Z] Logout failed

       98 |   } else {
       99 |     // In production, log minimal info
    > 100 |     consoleMethod(message);
          |     ^
      101 |   }
      102 | }
      103 |

      at consoleMethod (src/lib/auth/AuthLogger.ts:100:5)
      at log (src/lib/auth/AuthLogger.ts:268:3)
      at Object.handleLogout (src/hooks/useLogout.ts:140:19)
      at handleLogout (src/hooks/useLogout.error-recovery.property.test.tsx:252:36)
      at node_modules/@testing-library/react/dist/act-compat.js:47:24
      at act (node_modules/react/cjs/react.development.js:2512:16)
      at node_modules/@testing-library/react/dist/act-compat.js:46:25
      at src/hooks/useLogout.error-recovery.property.test.tsx:251:22
      at AsyncProperty.run (node_modules/fast-check/lib/cjs/check/property/AsyncProperty.generic.js:46:28)

    console.error
      [AuthLogger 2026-02-08T19:37:35.768Z] Logout failed

       98 |   } else {
       99 |     // In production, log minimal info
    > 100 |     consoleMethod(message);
          |     ^
      101 |   }
      102 | }
      103 |

      at consoleMethod (src/lib/auth/AuthLogger.ts:100:5)
      at log (src/lib/auth/AuthLogger.ts:268:3)
      at Object.handleLogout (src/hooks/useLogout.ts:140:19)
      at handleLogout (src/hooks/useLogout.error-recovery.property.test.tsx:240:36)
      at node_modules/@testing-library/react/dist/act-compat.js:47:24
      at act (node_modules/react/cjs/react.development.js:2512:16)
      at node_modules/@testing-library/react/dist/act-compat.js:46:25
      at src/hooks/useLogout.error-recovery.property.test.tsx:239:22
      at AsyncProperty.predicate (node_modules/fast-check/lib/cjs/check/property/AsyncProperty.js:17:102)
      at AsyncProperty.run (node_modules/fast-check/lib/cjs/check/property/AsyncProperty.generic.js:46:39)
      at TimeoutProperty.run (node_modules/fast-check/lib/cjs/check/property/TimeoutProperty.js:35:53)
      at asyncRunIt (node_modules/fast-check/lib/cjs/check/runner/Runner.js:28:36)
      at Object.<anonymous> (src/hooks/useLogout.error-recovery.property.test.tsx:222:5)

    console.error
      [AuthLogger 2026-02-08T19:37:35.768Z] Logout failed

       98 |   } else {
       99 |     // In production, log minimal info
    > 100 |     consoleMethod(message);
          |     ^
      101 |   }
      102 | }
      103 |

      at consoleMethod (src/lib/auth/AuthLogger.ts:100:5)
      at log (src/lib/auth/AuthLogger.ts:268:3)
      at Object.handleLogout (src/hooks/useLogout.ts:140:19)
      at handleLogout (src/hooks/useLogout.error-recovery.property.test.tsx:252:36)
      at node_modules/@testing-library/react/dist/act-compat.js:47:24
      at act (node_modules/react/cjs/react.development.js:2512:16)
      at node_modules/@testing-library/react/dist/act-compat.js:46:25
      at src/hooks/useLogout.error-recovery.property.test.tsx:251:22
      at AsyncProperty.run (node_modules/fast-check/lib/cjs/check/property/AsyncProperty.generic.js:46:28)

    console.error
      [AuthLogger 2026-02-08T19:37:35.769Z] Logout failed

       98 |   } else {
       99 |     // In production, log minimal info
    > 100 |     consoleMethod(message);
          |     ^
      101 |   }
      102 | }
      103 |

      at consoleMethod (src/lib/auth/AuthLogger.ts:100:5)
      at log (src/lib/auth/AuthLogger.ts:268:3)
      at Object.handleLogout (src/hooks/useLogout.ts:140:19)
      at handleLogout (src/hooks/useLogout.error-recovery.property.test.tsx:240:36)
      at node_modules/@testing-library/react/dist/act-compat.js:47:24
      at act (node_modules/react/cjs/react.development.js:2512:16)
      at node_modules/@testing-library/react/dist/act-compat.js:46:25
      at src/hooks/useLogout.error-recovery.property.test.tsx:239:22
      at AsyncProperty.predicate (node_modules/fast-check/lib/cjs/check/property/AsyncProperty.js:17:102)
      at AsyncProperty.run (node_modules/fast-check/lib/cjs/check/property/AsyncProperty.generic.js:46:39)
      at TimeoutProperty.run (node_modules/fast-check/lib/cjs/check/property/TimeoutProperty.js:35:53)
      at asyncRunIt (node_modules/fast-check/lib/cjs/check/runner/Runner.js:28:36)
      at Object.<anonymous> (src/hooks/useLogout.error-recovery.property.test.tsx:222:5)

    console.error
      [AuthLogger 2026-02-08T19:37:35.772Z] Logout failed

       98 |   } else {
       99 |     // In production, log minimal info
    > 100 |     consoleMethod(message);
          |     ^
      101 |   }
      102 | }
      103 |

      at consoleMethod (src/lib/auth/AuthLogger.ts:100:5)
      at log (src/lib/auth/AuthLogger.ts:268:3)
      at Object.handleLogout (src/hooks/useLogout.ts:140:19)
      at handleLogout (src/hooks/useLogout.error-recovery.property.test.tsx:252:36)
      at node_modules/@testing-library/react/dist/act-compat.js:47:24
      at act (node_modules/react/cjs/react.development.js:2512:16)
      at node_modules/@testing-library/react/dist/act-compat.js:46:25
      at src/hooks/useLogout.error-recovery.property.test.tsx:251:22
      at AsyncProperty.run (node_modules/fast-check/lib/cjs/check/property/AsyncProperty.generic.js:46:28)

    console.error
      [AuthLogger 2026-02-08T19:37:35.773Z] Logout failed

       98 |   } else {
       99 |     // In production, log minimal info
    > 100 |     consoleMethod(message);
          |     ^
      101 |   }
      102 | }
      103 |

      at consoleMethod (src/lib/auth/AuthLogger.ts:100:5)
      at log (src/lib/auth/AuthLogger.ts:268:3)
      at Object.handleLogout (src/hooks/useLogout.ts:140:19)
      at handleLogout (src/hooks/useLogout.error-recovery.property.test.tsx:240:36)
      at node_modules/@testing-library/react/dist/act-compat.js:47:24
      at act (node_modules/react/cjs/react.development.js:2512:16)
      at node_modules/@testing-library/react/dist/act-compat.js:46:25
      at src/hooks/useLogout.error-recovery.property.test.tsx:239:22
      at AsyncProperty.predicate (node_modules/fast-check/lib/cjs/check/property/AsyncProperty.js:17:102)
      at AsyncProperty.run (node_modules/fast-check/lib/cjs/check/property/AsyncProperty.generic.js:46:39)
      at TimeoutProperty.run (node_modules/fast-check/lib/cjs/check/property/TimeoutProperty.js:35:53)
      at asyncRunIt (node_modules/fast-check/lib/cjs/check/runner/Runner.js:28:36)
      at Object.<anonymous> (src/hooks/useLogout.error-recovery.property.test.tsx:222:5)

    console.error
      [AuthLogger 2026-02-08T19:37:35.775Z] Logout failed

       98 |   } else {
       99 |     // In production, log minimal info
    > 100 |     consoleMethod(message);
          |     ^
      101 |   }
      102 | }
      103 |

      at consoleMethod (src/lib/auth/AuthLogger.ts:100:5)
      at log (src/lib/auth/AuthLogger.ts:268:3)
      at Object.handleLogout (src/hooks/useLogout.ts:140:19)
      at handleLogout (src/hooks/useLogout.error-recovery.property.test.tsx:252:36)
      at node_modules/@testing-library/react/dist/act-compat.js:47:24
      at act (node_modules/react/cjs/react.development.js:2512:16)
      at node_modules/@testing-library/react/dist/act-compat.js:46:25
      at src/hooks/useLogout.error-recovery.property.test.tsx:251:22
      at AsyncProperty.run (node_modules/fast-check/lib/cjs/check/property/AsyncProperty.generic.js:46:28)

    console.error
      [AuthLogger 2026-02-08T19:37:35.781Z] Logout failed

       98 |   } else {
       99 |     // In production, log minimal info
    > 100 |     consoleMethod(message);
          |     ^
      101 |   }
      102 | }
      103 |

      at consoleMethod (src/lib/auth/AuthLogger.ts:100:5)
      at log (src/lib/auth/AuthLogger.ts:268:3)
      at Object.handleLogout (src/hooks/useLogout.ts:140:19)
      at handleLogout (src/hooks/useLogout.error-recovery.property.test.tsx:240:36)
      at node_modules/@testing-library/react/dist/act-compat.js:47:24
      at act (node_modules/react/cjs/react.development.js:2512:16)
      at node_modules/@testing-library/react/dist/act-compat.js:46:25
      at src/hooks/useLogout.error-recovery.property.test.tsx:239:22
      at AsyncProperty.predicate (node_modules/fast-check/lib/cjs/check/property/AsyncProperty.js:17:102)
      at AsyncProperty.run (node_modules/fast-check/lib/cjs/check/property/AsyncProperty.generic.js:46:39)
      at TimeoutProperty.run (node_modules/fast-check/lib/cjs/check/property/TimeoutProperty.js:35:53)
      at asyncRunIt (node_modules/fast-check/lib/cjs/check/runner/Runner.js:28:36)
      at Object.<anonymous> (src/hooks/useLogout.error-recovery.property.test.tsx:222:5)

    console.error
      [AuthLogger 2026-02-08T19:37:35.781Z] Logout failed

       98 |   } else {
       99 |     // In production, log minimal info
    > 100 |     consoleMethod(message);
          |     ^
      101 |   }
      102 | }
      103 |

      at consoleMethod (src/lib/auth/AuthLogger.ts:100:5)
      at log (src/lib/auth/AuthLogger.ts:268:3)
      at Object.handleLogout (src/hooks/useLogout.ts:140:19)
      at handleLogout (src/hooks/useLogout.error-recovery.property.test.tsx:252:36)
      at node_modules/@testing-library/react/dist/act-compat.js:47:24
      at act (node_modules/react/cjs/react.development.js:2512:16)
      at node_modules/@testing-library/react/dist/act-compat.js:46:25
      at src/hooks/useLogout.error-recovery.property.test.tsx:251:22
      at AsyncProperty.run (node_modules/fast-check/lib/cjs/check/property/AsyncProperty.generic.js:46:28)

    console.error
      [AuthLogger 2026-02-08T19:37:35.782Z] Logout failed

       98 |   } else {
       99 |     // In production, log minimal info
    > 100 |     consoleMethod(message);
          |     ^
      101 |   }
      102 | }
      103 |

      at consoleMethod (src/lib/auth/AuthLogger.ts:100:5)
      at log (src/lib/auth/AuthLogger.ts:268:3)
      at Object.handleLogout (src/hooks/useLogout.ts:140:19)
      at handleLogout (src/hooks/useLogout.error-recovery.property.test.tsx:240:36)
      at node_modules/@testing-library/react/dist/act-compat.js:47:24
      at act (node_modules/react/cjs/react.development.js:2512:16)
      at node_modules/@testing-library/react/dist/act-compat.js:46:25
      at src/hooks/useLogout.error-recovery.property.test.tsx:239:22
      at AsyncProperty.predicate (node_modules/fast-check/lib/cjs/check/property/AsyncProperty.js:17:102)
      at AsyncProperty.run (node_modules/fast-check/lib/cjs/check/property/AsyncProperty.generic.js:46:39)
      at TimeoutProperty.run (node_modules/fast-check/lib/cjs/check/property/TimeoutProperty.js:35:53)
      at asyncRunIt (node_modules/fast-check/lib/cjs/check/runner/Runner.js:28:36)
      at Object.<anonymous> (src/hooks/useLogout.error-recovery.property.test.tsx:222:5)

    console.error
      [AuthLogger 2026-02-08T19:37:35.782Z] Logout failed

       98 |   } else {
       99 |     // In production, log minimal info
    > 100 |     consoleMethod(message);
          |     ^
      101 |   }
      102 | }
      103 |

      at consoleMethod (src/lib/auth/AuthLogger.ts:100:5)
      at log (src/lib/auth/AuthLogger.ts:268:3)
      at Object.handleLogout (src/hooks/useLogout.ts:140:19)
      at handleLogout (src/hooks/useLogout.error-recovery.property.test.tsx:252:36)
      at node_modules/@testing-library/react/dist/act-compat.js:47:24
      at act (node_modules/react/cjs/react.development.js:2512:16)
      at node_modules/@testing-library/react/dist/act-compat.js:46:25
      at src/hooks/useLogout.error-recovery.property.test.tsx:251:22
      at AsyncProperty.run (node_modules/fast-check/lib/cjs/check/property/AsyncProperty.generic.js:46:28)

    console.error
      [AuthLogger 2026-02-08T19:37:35.784Z] Logout failed

       98 |   } else {
       99 |     // In production, log minimal info
    > 100 |     consoleMethod(message);
          |     ^
      101 |   }
      102 | }
      103 |

      at consoleMethod (src/lib/auth/AuthLogger.ts:100:5)
      at log (src/lib/auth/AuthLogger.ts:268:3)
      at Object.handleLogout (src/hooks/useLogout.ts:140:19)
      at handleLogout (src/hooks/useLogout.error-recovery.property.test.tsx:240:36)
      at node_modules/@testing-library/react/dist/act-compat.js:47:24
      at act (node_modules/react/cjs/react.development.js:2512:16)
      at node_modules/@testing-library/react/dist/act-compat.js:46:25
      at src/hooks/useLogout.error-recovery.property.test.tsx:239:22
      at AsyncProperty.predicate (node_modules/fast-check/lib/cjs/check/property/AsyncProperty.js:17:102)
      at AsyncProperty.run (node_modules/fast-check/lib/cjs/check/property/AsyncProperty.generic.js:46:39)
      at TimeoutProperty.run (node_modules/fast-check/lib/cjs/check/property/TimeoutProperty.js:35:53)
      at asyncRunIt (node_modules/fast-check/lib/cjs/check/runner/Runner.js:28:36)
      at Object.<anonymous> (src/hooks/useLogout.error-recovery.property.test.tsx:222:5)

    console.error
      [AuthLogger 2026-02-08T19:37:35.785Z] Logout failed

       98 |   } else {
       99 |     // In production, log minimal info
    > 100 |     consoleMethod(message);
          |     ^
      101 |   }
      102 | }
      103 |

      at consoleMethod (src/lib/auth/AuthLogger.ts:100:5)
      at log (src/lib/auth/AuthLogger.ts:268:3)
      at Object.handleLogout (src/hooks/useLogout.ts:140:19)
      at handleLogout (src/hooks/useLogout.error-recovery.property.test.tsx:252:36)
      at node_modules/@testing-library/react/dist/act-compat.js:47:24
      at act (node_modules/react/cjs/react.development.js:2512:16)
      at node_modules/@testing-library/react/dist/act-compat.js:46:25
      at src/hooks/useLogout.error-recovery.property.test.tsx:251:22
      at AsyncProperty.run (node_modules/fast-check/lib/cjs/check/property/AsyncProperty.generic.js:46:28)

    console.error
      [AuthLogger 2026-02-08T19:37:35.785Z] Logout failed

       98 |   } else {
       99 |     // In production, log minimal info
    > 100 |     consoleMethod(message);
          |     ^
      101 |   }
      102 | }
      103 |

      at consoleMethod (src/lib/auth/AuthLogger.ts:100:5)
      at log (src/lib/auth/AuthLogger.ts:268:3)
      at Object.handleLogout (src/hooks/useLogout.ts:140:19)
      at handleLogout (src/hooks/useLogout.error-recovery.property.test.tsx:240:36)
      at node_modules/@testing-library/react/dist/act-compat.js:47:24
      at act (node_modules/react/cjs/react.development.js:2512:16)
      at node_modules/@testing-library/react/dist/act-compat.js:46:25
      at src/hooks/useLogout.error-recovery.property.test.tsx:239:22
      at AsyncProperty.predicate (node_modules/fast-check/lib/cjs/check/property/AsyncProperty.js:17:102)
      at AsyncProperty.run (node_modules/fast-check/lib/cjs/check/property/AsyncProperty.generic.js:46:39)
      at TimeoutProperty.run (node_modules/fast-check/lib/cjs/check/property/TimeoutProperty.js:35:53)
      at asyncRunIt (node_modules/fast-check/lib/cjs/check/runner/Runner.js:28:36)
      at Object.<anonymous> (src/hooks/useLogout.error-recovery.property.test.tsx:222:5)

    console.error
      [AuthLogger 2026-02-08T19:37:35.785Z] Logout failed

       98 |   } else {
       99 |     // In production, log minimal info
    > 100 |     consoleMethod(message);
          |     ^
      101 |   }
      102 | }
      103 |

      at consoleMethod (src/lib/auth/AuthLogger.ts:100:5)
      at log (src/lib/auth/AuthLogger.ts:268:3)
      at Object.handleLogout (src/hooks/useLogout.ts:140:19)
      at handleLogout (src/hooks/useLogout.error-recovery.property.test.tsx:252:36)
      at node_modules/@testing-library/react/dist/act-compat.js:47:24
      at act (node_modules/react/cjs/react.development.js:2512:16)
      at node_modules/@testing-library/react/dist/act-compat.js:46:25
      at src/hooks/useLogout.error-recovery.property.test.tsx:251:22
      at AsyncProperty.run (node_modules/fast-check/lib/cjs/check/property/AsyncProperty.generic.js:46:28)

    console.error
      [AuthLogger 2026-02-08T19:37:35.786Z] Logout failed

       98 |   } else {
       99 |     // In production, log minimal info
    > 100 |     consoleMethod(message);
          |     ^
      101 |   }
      102 | }
      103 |

      at consoleMethod (src/lib/auth/AuthLogger.ts:100:5)
      at log (src/lib/auth/AuthLogger.ts:268:3)
      at Object.handleLogout (src/hooks/useLogout.ts:140:19)
      at handleLogout (src/hooks/useLogout.error-recovery.property.test.tsx:240:36)
      at node_modules/@testing-library/react/dist/act-compat.js:47:24
      at act (node_modules/react/cjs/react.development.js:2512:16)
      at node_modules/@testing-library/react/dist/act-compat.js:46:25
      at src/hooks/useLogout.error-recovery.property.test.tsx:239:22
      at AsyncProperty.predicate (node_modules/fast-check/lib/cjs/check/property/AsyncProperty.js:17:102)
      at AsyncProperty.run (node_modules/fast-check/lib/cjs/check/property/AsyncProperty.generic.js:46:39)
      at TimeoutProperty.run (node_modules/fast-check/lib/cjs/check/property/TimeoutProperty.js:35:53)
      at asyncRunIt (node_modules/fast-check/lib/cjs/check/runner/Runner.js:28:36)
      at Object.<anonymous> (src/hooks/useLogout.error-recovery.property.test.tsx:222:5)

    console.error
      [AuthLogger 2026-02-08T19:37:35.787Z] Logout failed

       98 |   } else {
       99 |     // In production, log minimal info
    > 100 |     consoleMethod(message);
          |     ^
      101 |   }
      102 | }
      103 |

      at consoleMethod (src/lib/auth/AuthLogger.ts:100:5)
      at log (src/lib/auth/AuthLogger.ts:268:3)
      at Object.handleLogout (src/hooks/useLogout.ts:140:19)
      at handleLogout (src/hooks/useLogout.error-recovery.property.test.tsx:252:36)
      at node_modules/@testing-library/react/dist/act-compat.js:47:24
      at act (node_modules/react/cjs/react.development.js:2512:16)
      at node_modules/@testing-library/react/dist/act-compat.js:46:25
      at src/hooks/useLogout.error-recovery.property.test.tsx:251:22
      at AsyncProperty.run (node_modules/fast-check/lib/cjs/check/property/AsyncProperty.generic.js:46:28)

    console.error
      [AuthLogger 2026-02-08T19:37:35.787Z] Logout failed

       98 |   } else {
       99 |     // In production, log minimal info
    > 100 |     consoleMethod(message);
          |     ^
      101 |   }
      102 | }
      103 |

      at consoleMethod (src/lib/auth/AuthLogger.ts:100:5)
      at log (src/lib/auth/AuthLogger.ts:268:3)
      at Object.handleLogout (src/hooks/useLogout.ts:140:19)
      at handleLogout (src/hooks/useLogout.error-recovery.property.test.tsx:240:36)
      at node_modules/@testing-library/react/dist/act-compat.js:47:24
      at act (node_modules/react/cjs/react.development.js:2512:16)
      at node_modules/@testing-library/react/dist/act-compat.js:46:25
      at src/hooks/useLogout.error-recovery.property.test.tsx:239:22
      at AsyncProperty.predicate (node_modules/fast-check/lib/cjs/check/property/AsyncProperty.js:17:102)
      at AsyncProperty.run (node_modules/fast-check/lib/cjs/check/property/AsyncProperty.generic.js:46:39)
      at TimeoutProperty.run (node_modules/fast-check/lib/cjs/check/property/TimeoutProperty.js:35:53)
      at asyncRunIt (node_modules/fast-check/lib/cjs/check/runner/Runner.js:28:36)
      at Object.<anonymous> (src/hooks/useLogout.error-recovery.property.test.tsx:222:5)

    console.error
      [AuthLogger 2026-02-08T19:37:35.787Z] Logout failed

       98 |   } else {
       99 |     // In production, log minimal info
    > 100 |     consoleMethod(message);
          |     ^
      101 |   }
      102 | }
      103 |

      at consoleMethod (src/lib/auth/AuthLogger.ts:100:5)
      at log (src/lib/auth/AuthLogger.ts:268:3)
      at Object.handleLogout (src/hooks/useLogout.ts:140:19)
      at handleLogout (src/hooks/useLogout.error-recovery.property.test.tsx:252:36)
      at node_modules/@testing-library/react/dist/act-compat.js:47:24
      at act (node_modules/react/cjs/react.development.js:2512:16)
      at node_modules/@testing-library/react/dist/act-compat.js:46:25
      at src/hooks/useLogout.error-recovery.property.test.tsx:251:22
      at AsyncProperty.run (node_modules/fast-check/lib/cjs/check/property/AsyncProperty.generic.js:46:28)

    console.error
      [AuthLogger 2026-02-08T19:37:35.788Z] Logout failed

       98 |   } else {
       99 |     // In production, log minimal info
    > 100 |     consoleMethod(message);
          |     ^
      101 |   }
      102 | }
      103 |

      at consoleMethod (src/lib/auth/AuthLogger.ts:100:5)
      at log (src/lib/auth/AuthLogger.ts:268:3)
      at Object.handleLogout (src/hooks/useLogout.ts:140:19)
      at handleLogout (src/hooks/useLogout.error-recovery.property.test.tsx:240:36)
      at node_modules/@testing-library/react/dist/act-compat.js:47:24
      at act (node_modules/react/cjs/react.development.js:2512:16)
      at node_modules/@testing-library/react/dist/act-compat.js:46:25
      at src/hooks/useLogout.error-recovery.property.test.tsx:239:22
      at AsyncProperty.predicate (node_modules/fast-check/lib/cjs/check/property/AsyncProperty.js:17:102)
      at AsyncProperty.run (node_modules/fast-check/lib/cjs/check/property/AsyncProperty.generic.js:46:39)
      at TimeoutProperty.run (node_modules/fast-check/lib/cjs/check/property/TimeoutProperty.js:35:53)
      at asyncRunIt (node_modules/fast-check/lib/cjs/check/runner/Runner.js:28:36)
      at Object.<anonymous> (src/hooks/useLogout.error-recovery.property.test.tsx:222:5)

    console.error
      [AuthLogger 2026-02-08T19:37:35.788Z] Logout failed

       98 |   } else {
       99 |     // In production, log minimal info
    > 100 |     consoleMethod(message);
          |     ^
      101 |   }
      102 | }
      103 |

      at consoleMethod (src/lib/auth/AuthLogger.ts:100:5)
      at log (src/lib/auth/AuthLogger.ts:268:3)
      at Object.handleLogout (src/hooks/useLogout.ts:140:19)
      at handleLogout (src/hooks/useLogout.error-recovery.property.test.tsx:252:36)
      at node_modules/@testing-library/react/dist/act-compat.js:47:24
      at act (node_modules/react/cjs/react.development.js:2512:16)
      at node_modules/@testing-library/react/dist/act-compat.js:46:25
      at src/hooks/useLogout.error-recovery.property.test.tsx:251:22
      at AsyncProperty.run (node_modules/fast-check/lib/cjs/check/property/AsyncProperty.generic.js:46:28)

    console.error
      [AuthLogger 2026-02-08T19:37:35.789Z] Logout failed

       98 |   } else {
       99 |     // In production, log minimal info
    > 100 |     consoleMethod(message);
          |     ^
      101 |   }
      102 | }
      103 |

      at consoleMethod (src/lib/auth/AuthLogger.ts:100:5)
      at log (src/lib/auth/AuthLogger.ts:268:3)
      at Object.handleLogout (src/hooks/useLogout.ts:140:19)
      at handleLogout (src/hooks/useLogout.error-recovery.property.test.tsx:240:36)
      at node_modules/@testing-library/react/dist/act-compat.js:47:24
      at act (node_modules/react/cjs/react.development.js:2512:16)
      at node_modules/@testing-library/react/dist/act-compat.js:46:25
      at src/hooks/useLogout.error-recovery.property.test.tsx:239:22
      at AsyncProperty.predicate (node_modules/fast-check/lib/cjs/check/property/AsyncProperty.js:17:102)
      at AsyncProperty.run (node_modules/fast-check/lib/cjs/check/property/AsyncProperty.generic.js:46:39)
      at TimeoutProperty.run (node_modules/fast-check/lib/cjs/check/property/TimeoutProperty.js:35:53)
      at asyncRunIt (node_modules/fast-check/lib/cjs/check/runner/Runner.js:28:36)
      at Object.<anonymous> (src/hooks/useLogout.error-recovery.property.test.tsx:222:5)

    console.error
      [AuthLogger 2026-02-08T19:37:35.789Z] Logout failed

       98 |   } else {
       99 |     // In production, log minimal info
    > 100 |     consoleMethod(message);
          |     ^
      101 |   }
      102 | }
      103 |

      at consoleMethod (src/lib/auth/AuthLogger.ts:100:5)
      at log (src/lib/auth/AuthLogger.ts:268:3)
      at Object.handleLogout (src/hooks/useLogout.ts:140:19)
      at handleLogout (src/hooks/useLogout.error-recovery.property.test.tsx:252:36)
      at node_modules/@testing-library/react/dist/act-compat.js:47:24
      at act (node_modules/react/cjs/react.development.js:2512:16)
      at node_modules/@testing-library/react/dist/act-compat.js:46:25
      at src/hooks/useLogout.error-recovery.property.test.tsx:251:22
      at AsyncProperty.run (node_modules/fast-check/lib/cjs/check/property/AsyncProperty.generic.js:46:28)

    console.error
      [AuthLogger 2026-02-08T19:37:35.790Z] Logout failed

       98 |   } else {
       99 |     // In production, log minimal info
    > 100 |     consoleMethod(message);
          |     ^
      101 |   }
      102 | }
      103 |

      at consoleMethod (src/lib/auth/AuthLogger.ts:100:5)
      at log (src/lib/auth/AuthLogger.ts:268:3)
      at Object.handleLogout (src/hooks/useLogout.ts:140:19)
      at handleLogout (src/hooks/useLogout.error-recovery.property.test.tsx:240:36)
      at node_modules/@testing-library/react/dist/act-compat.js:47:24
      at act (node_modules/react/cjs/react.development.js:2512:16)
      at node_modules/@testing-library/react/dist/act-compat.js:46:25
      at src/hooks/useLogout.error-recovery.property.test.tsx:239:22
      at AsyncProperty.predicate (node_modules/fast-check/lib/cjs/check/property/AsyncProperty.js:17:102)
      at AsyncProperty.run (node_modules/fast-check/lib/cjs/check/property/AsyncProperty.generic.js:46:39)
      at TimeoutProperty.run (node_modules/fast-check/lib/cjs/check/property/TimeoutProperty.js:35:53)
      at asyncRunIt (node_modules/fast-check/lib/cjs/check/runner/Runner.js:28:36)
      at Object.<anonymous> (src/hooks/useLogout.error-recovery.property.test.tsx:222:5)

    console.error
      [AuthLogger 2026-02-08T19:37:35.790Z] Logout failed

       98 |   } else {
       99 |     // In production, log minimal info
    > 100 |     consoleMethod(message);
          |     ^
      101 |   }
      102 | }
      103 |

      at consoleMethod (src/lib/auth/AuthLogger.ts:100:5)
      at log (src/lib/auth/AuthLogger.ts:268:3)
      at Object.handleLogout (src/hooks/useLogout.ts:140:19)
      at handleLogout (src/hooks/useLogout.error-recovery.property.test.tsx:252:36)
      at node_modules/@testing-library/react/dist/act-compat.js:47:24
      at act (node_modules/react/cjs/react.development.js:2512:16)
      at node_modules/@testing-library/react/dist/act-compat.js:46:25
      at src/hooks/useLogout.error-recovery.property.test.tsx:251:22
      at AsyncProperty.run (node_modules/fast-check/lib/cjs/check/property/AsyncProperty.generic.js:46:28)

    console.error
      [AuthLogger 2026-02-08T19:37:35.791Z] Logout failed

       98 |   } else {
       99 |     // In production, log minimal info
    > 100 |     consoleMethod(message);
          |     ^
      101 |   }
      102 | }
      103 |

      at consoleMethod (src/lib/auth/AuthLogger.ts:100:5)
      at log (src/lib/auth/AuthLogger.ts:268:3)
      at Object.handleLogout (src/hooks/useLogout.ts:140:19)
      at handleLogout (src/hooks/useLogout.error-recovery.property.test.tsx:240:36)
      at node_modules/@testing-library/react/dist/act-compat.js:47:24
      at act (node_modules/react/cjs/react.development.js:2512:16)
      at node_modules/@testing-library/react/dist/act-compat.js:46:25
      at src/hooks/useLogout.error-recovery.property.test.tsx:239:22
      at AsyncProperty.predicate (node_modules/fast-check/lib/cjs/check/property/AsyncProperty.js:17:102)
      at AsyncProperty.run (node_modules/fast-check/lib/cjs/check/property/AsyncProperty.generic.js:46:39)
      at TimeoutProperty.run (node_modules/fast-check/lib/cjs/check/property/TimeoutProperty.js:35:53)
      at asyncRunIt (node_modules/fast-check/lib/cjs/check/runner/Runner.js:28:36)
      at Object.<anonymous> (src/hooks/useLogout.error-recovery.property.test.tsx:222:5)

    console.error
      [AuthLogger 2026-02-08T19:37:35.791Z] Logout failed

       98 |   } else {
       99 |     // In production, log minimal info
    > 100 |     consoleMethod(message);
          |     ^
      101 |   }
      102 | }
      103 |

      at consoleMethod (src/lib/auth/AuthLogger.ts:100:5)
      at log (src/lib/auth/AuthLogger.ts:268:3)
      at Object.handleLogout (src/hooks/useLogout.ts:140:19)
      at handleLogout (src/hooks/useLogout.error-recovery.property.test.tsx:252:36)
      at node_modules/@testing-library/react/dist/act-compat.js:47:24
      at act (node_modules/react/cjs/react.development.js:2512:16)
      at node_modules/@testing-library/react/dist/act-compat.js:46:25
      at src/hooks/useLogout.error-recovery.property.test.tsx:251:22
      at AsyncProperty.run (node_modules/fast-check/lib/cjs/check/property/AsyncProperty.generic.js:46:28)

    console.error
      [AuthLogger 2026-02-08T19:37:35.792Z] Logout failed

       98 |   } else {
       99 |     // In production, log minimal info
    > 100 |     consoleMethod(message);
          |     ^
      101 |   }
      102 | }
      103 |

      at consoleMethod (src/lib/auth/AuthLogger.ts:100:5)
      at log (src/lib/auth/AuthLogger.ts:268:3)
      at Object.handleLogout (src/hooks/useLogout.ts:140:19)
      at handleLogout (src/hooks/useLogout.error-recovery.property.test.tsx:240:36)
      at node_modules/@testing-library/react/dist/act-compat.js:47:24
      at act (node_modules/react/cjs/react.development.js:2512:16)
      at node_modules/@testing-library/react/dist/act-compat.js:46:25
      at src/hooks/useLogout.error-recovery.property.test.tsx:239:22
      at AsyncProperty.predicate (node_modules/fast-check/lib/cjs/check/property/AsyncProperty.js:17:102)
      at AsyncProperty.run (node_modules/fast-check/lib/cjs/check/property/AsyncProperty.generic.js:46:39)
      at TimeoutProperty.run (node_modules/fast-check/lib/cjs/check/property/TimeoutProperty.js:35:53)
      at asyncRunIt (node_modules/fast-check/lib/cjs/check/runner/Runner.js:28:36)
      at Object.<anonymous> (src/hooks/useLogout.error-recovery.property.test.tsx:222:5)

    console.error
      [AuthLogger 2026-02-08T19:37:35.792Z] Logout failed

       98 |   } else {
       99 |     // In production, log minimal info
    > 100 |     consoleMethod(message);
          |     ^
      101 |   }
      102 | }
      103 |

      at consoleMethod (src/lib/auth/AuthLogger.ts:100:5)
      at log (src/lib/auth/AuthLogger.ts:268:3)
      at Object.handleLogout (src/hooks/useLogout.ts:140:19)
      at handleLogout (src/hooks/useLogout.error-recovery.property.test.tsx:252:36)
      at node_modules/@testing-library/react/dist/act-compat.js:47:24
      at act (node_modules/react/cjs/react.development.js:2512:16)
      at node_modules/@testing-library/react/dist/act-compat.js:46:25
      at src/hooks/useLogout.error-recovery.property.test.tsx:251:22
      at AsyncProperty.run (node_modules/fast-check/lib/cjs/check/property/AsyncProperty.generic.js:46:28)

    console.error
      [AuthLogger 2026-02-08T19:37:35.793Z] Logout failed

       98 |   } else {
       99 |     // In production, log minimal info
    > 100 |     consoleMethod(message);
          |     ^
      101 |   }
      102 | }
      103 |

      at consoleMethod (src/lib/auth/AuthLogger.ts:100:5)
      at log (src/lib/auth/AuthLogger.ts:268:3)
      at Object.handleLogout (src/hooks/useLogout.ts:140:19)
      at handleLogout (src/hooks/useLogout.error-recovery.property.test.tsx:240:36)
      at node_modules/@testing-library/react/dist/act-compat.js:47:24
      at act (node_modules/react/cjs/react.development.js:2512:16)
      at node_modules/@testing-library/react/dist/act-compat.js:46:25
      at src/hooks/useLogout.error-recovery.property.test.tsx:239:22
      at AsyncProperty.predicate (node_modules/fast-check/lib/cjs/check/property/AsyncProperty.js:17:102)
      at AsyncProperty.run (node_modules/fast-check/lib/cjs/check/property/AsyncProperty.generic.js:46:39)
      at TimeoutProperty.run (node_modules/fast-check/lib/cjs/check/property/TimeoutProperty.js:35:53)
      at asyncRunIt (node_modules/fast-check/lib/cjs/check/runner/Runner.js:28:36)
      at Object.<anonymous> (src/hooks/useLogout.error-recovery.property.test.tsx:222:5)

    console.error
      [AuthLogger 2026-02-08T19:37:35.795Z] Logout failed

       98 |   } else {
       99 |     // In production, log minimal info
    > 100 |     consoleMethod(message);
          |     ^
      101 |   }
      102 | }
      103 |

      at consoleMethod (src/lib/auth/AuthLogger.ts:100:5)
      at log (src/lib/auth/AuthLogger.ts:268:3)
      at Object.handleLogout (src/hooks/useLogout.ts:140:19)
      at handleLogout (src/hooks/useLogout.error-recovery.property.test.tsx:252:36)
      at node_modules/@testing-library/react/dist/act-compat.js:47:24
      at act (node_modules/react/cjs/react.development.js:2512:16)
      at node_modules/@testing-library/react/dist/act-compat.js:46:25
      at src/hooks/useLogout.error-recovery.property.test.tsx:251:22
      at AsyncProperty.run (node_modules/fast-check/lib/cjs/check/property/AsyncProperty.generic.js:46:28)

    console.error
      [AuthLogger 2026-02-08T19:37:35.795Z] Logout failed

       98 |   } else {
       99 |     // In production, log minimal info
    > 100 |     consoleMethod(message);
          |     ^
      101 |   }
      102 | }
      103 |

      at consoleMethod (src/lib/auth/AuthLogger.ts:100:5)
      at log (src/lib/auth/AuthLogger.ts:268:3)
      at Object.handleLogout (src/hooks/useLogout.ts:140:19)
      at handleLogout (src/hooks/useLogout.error-recovery.property.test.tsx:240:36)
      at node_modules/@testing-library/react/dist/act-compat.js:47:24
      at act (node_modules/react/cjs/react.development.js:2512:16)
      at node_modules/@testing-library/react/dist/act-compat.js:46:25
      at src/hooks/useLogout.error-recovery.property.test.tsx:239:22
      at AsyncProperty.predicate (node_modules/fast-check/lib/cjs/check/property/AsyncProperty.js:17:102)
      at AsyncProperty.run (node_modules/fast-check/lib/cjs/check/property/AsyncProperty.generic.js:46:39)
      at TimeoutProperty.run (node_modules/fast-check/lib/cjs/check/property/TimeoutProperty.js:35:53)
      at asyncRunIt (node_modules/fast-check/lib/cjs/check/runner/Runner.js:28:36)
      at Object.<anonymous> (src/hooks/useLogout.error-recovery.property.test.tsx:222:5)

    console.error
      [AuthLogger 2026-02-08T19:37:35.796Z] Logout failed

       98 |   } else {
       99 |     // In production, log minimal info
    > 100 |     consoleMethod(message);
          |     ^
      101 |   }
      102 | }
      103 |

      at consoleMethod (src/lib/auth/AuthLogger.ts:100:5)
      at log (src/lib/auth/AuthLogger.ts:268:3)
      at Object.handleLogout (src/hooks/useLogout.ts:140:19)
      at handleLogout (src/hooks/useLogout.error-recovery.property.test.tsx:252:36)
      at node_modules/@testing-library/react/dist/act-compat.js:47:24
      at act (node_modules/react/cjs/react.development.js:2512:16)
      at node_modules/@testing-library/react/dist/act-compat.js:46:25
      at src/hooks/useLogout.error-recovery.property.test.tsx:251:22
      at AsyncProperty.run (node_modules/fast-check/lib/cjs/check/property/AsyncProperty.generic.js:46:28)

    console.error
      [AuthLogger 2026-02-08T19:37:35.796Z] Logout failed

       98 |   } else {
       99 |     // In production, log minimal info
    > 100 |     consoleMethod(message);
          |     ^
      101 |   }
      102 | }
      103 |

      at consoleMethod (src/lib/auth/AuthLogger.ts:100:5)
      at log (src/lib/auth/AuthLogger.ts:268:3)
      at Object.handleLogout (src/hooks/useLogout.ts:140:19)
      at handleLogout (src/hooks/useLogout.error-recovery.property.test.tsx:240:36)
      at node_modules/@testing-library/react/dist/act-compat.js:47:24
      at act (node_modules/react/cjs/react.development.js:2512:16)
      at node_modules/@testing-library/react/dist/act-compat.js:46:25
      at src/hooks/useLogout.error-recovery.property.test.tsx:239:22
      at AsyncProperty.predicate (node_modules/fast-check/lib/cjs/check/property/AsyncProperty.js:17:102)
      at AsyncProperty.run (node_modules/fast-check/lib/cjs/check/property/AsyncProperty.generic.js:46:39)
      at TimeoutProperty.run (node_modules/fast-check/lib/cjs/check/property/TimeoutProperty.js:35:53)
      at asyncRunIt (node_modules/fast-check/lib/cjs/check/runner/Runner.js:28:36)
      at Object.<anonymous> (src/hooks/useLogout.error-recovery.property.test.tsx:222:5)

    console.error
      [AuthLogger 2026-02-08T19:37:35.797Z] Logout failed

       98 |   } else {
       99 |     // In production, log minimal info
    > 100 |     consoleMethod(message);
          |     ^
      101 |   }
      102 | }
      103 |

      at consoleMethod (src/lib/auth/AuthLogger.ts:100:5)
      at log (src/lib/auth/AuthLogger.ts:268:3)
      at Object.handleLogout (src/hooks/useLogout.ts:140:19)
      at handleLogout (src/hooks/useLogout.error-recovery.property.test.tsx:252:36)
      at node_modules/@testing-library/react/dist/act-compat.js:47:24
      at act (node_modules/react/cjs/react.development.js:2512:16)
      at node_modules/@testing-library/react/dist/act-compat.js:46:25
      at src/hooks/useLogout.error-recovery.property.test.tsx:251:22
      at AsyncProperty.run (node_modules/fast-check/lib/cjs/check/property/AsyncProperty.generic.js:46:28)

    console.error
      [AuthLogger 2026-02-08T19:37:35.797Z] Logout failed

       98 |   } else {
       99 |     // In production, log minimal info
    > 100 |     consoleMethod(message);
          |     ^
      101 |   }
      102 | }
      103 |

      at consoleMethod (src/lib/auth/AuthLogger.ts:100:5)
      at log (src/lib/auth/AuthLogger.ts:268:3)
      at Object.handleLogout (src/hooks/useLogout.ts:140:19)
      at handleLogout (src/hooks/useLogout.error-recovery.property.test.tsx:240:36)
      at node_modules/@testing-library/react/dist/act-compat.js:47:24
      at act (node_modules/react/cjs/react.development.js:2512:16)
      at node_modules/@testing-library/react/dist/act-compat.js:46:25
      at src/hooks/useLogout.error-recovery.property.test.tsx:239:22
      at AsyncProperty.predicate (node_modules/fast-check/lib/cjs/check/property/AsyncProperty.js:17:102)
      at AsyncProperty.run (node_modules/fast-check/lib/cjs/check/property/AsyncProperty.generic.js:46:39)
      at TimeoutProperty.run (node_modules/fast-check/lib/cjs/check/property/TimeoutProperty.js:35:53)
      at asyncRunIt (node_modules/fast-check/lib/cjs/check/runner/Runner.js:28:36)
      at Object.<anonymous> (src/hooks/useLogout.error-recovery.property.test.tsx:222:5)

    console.error
      [AuthLogger 2026-02-08T19:37:35.798Z] Logout failed

       98 |   } else {
       99 |     // In production, log minimal info
    > 100 |     consoleMethod(message);
          |     ^
      101 |   }
      102 | }
      103 |

      at consoleMethod (src/lib/auth/AuthLogger.ts:100:5)
      at log (src/lib/auth/AuthLogger.ts:268:3)
      at Object.handleLogout (src/hooks/useLogout.ts:140:19)
      at handleLogout (src/hooks/useLogout.error-recovery.property.test.tsx:252:36)
      at node_modules/@testing-library/react/dist/act-compat.js:47:24
      at act (node_modules/react/cjs/react.development.js:2512:16)
      at node_modules/@testing-library/react/dist/act-compat.js:46:25
      at src/hooks/useLogout.error-recovery.property.test.tsx:251:22
      at AsyncProperty.run (node_modules/fast-check/lib/cjs/check/property/AsyncProperty.generic.js:46:28)

    console.error
      [AuthLogger 2026-02-08T19:37:35.798Z] Logout failed

       98 |   } else {
       99 |     // In production, log minimal info
    > 100 |     consoleMethod(message);
          |     ^
      101 |   }
      102 | }
      103 |

      at consoleMethod (src/lib/auth/AuthLogger.ts:100:5)
      at log (src/lib/auth/AuthLogger.ts:268:3)
      at Object.handleLogout (src/hooks/useLogout.ts:140:19)
      at handleLogout (src/hooks/useLogout.error-recovery.property.test.tsx:240:36)
      at node_modules/@testing-library/react/dist/act-compat.js:47:24
      at act (node_modules/react/cjs/react.development.js:2512:16)
      at node_modules/@testing-library/react/dist/act-compat.js:46:25
      at src/hooks/useLogout.error-recovery.property.test.tsx:239:22
      at AsyncProperty.predicate (node_modules/fast-check/lib/cjs/check/property/AsyncProperty.js:17:102)
      at AsyncProperty.run (node_modules/fast-check/lib/cjs/check/property/AsyncProperty.generic.js:46:39)
      at TimeoutProperty.run (node_modules/fast-check/lib/cjs/check/property/TimeoutProperty.js:35:53)
      at asyncRunIt (node_modules/fast-check/lib/cjs/check/runner/Runner.js:28:36)
      at Object.<anonymous> (src/hooks/useLogout.error-recovery.property.test.tsx:222:5)

    console.error
      [AuthLogger 2026-02-08T19:37:35.799Z] Logout failed

       98 |   } else {
       99 |     // In production, log minimal info
    > 100 |     consoleMethod(message);
          |     ^
      101 |   }
      102 | }
      103 |

      at consoleMethod (src/lib/auth/AuthLogger.ts:100:5)
      at log (src/lib/auth/AuthLogger.ts:268:3)
      at Object.handleLogout (src/hooks/useLogout.ts:140:19)
      at handleLogout (src/hooks/useLogout.error-recovery.property.test.tsx:252:36)
      at node_modules/@testing-library/react/dist/act-compat.js:47:24
      at act (node_modules/react/cjs/react.development.js:2512:16)
      at node_modules/@testing-library/react/dist/act-compat.js:46:25
      at src/hooks/useLogout.error-recovery.property.test.tsx:251:22
      at AsyncProperty.run (node_modules/fast-check/lib/cjs/check/property/AsyncProperty.generic.js:46:28)

    console.error
      [AuthLogger 2026-02-08T19:37:35.800Z] Logout failed

       98 |   } else {
       99 |     // In production, log minimal info
    > 100 |     consoleMethod(message);
          |     ^
      101 |   }
      102 | }
      103 |

      at consoleMethod (src/lib/auth/AuthLogger.ts:100:5)
      at log (src/lib/auth/AuthLogger.ts:268:3)
      at Object.handleLogout (src/hooks/useLogout.ts:140:19)
      at handleLogout (src/hooks/useLogout.error-recovery.property.test.tsx:240:36)
      at node_modules/@testing-library/react/dist/act-compat.js:47:24
      at act (node_modules/react/cjs/react.development.js:2512:16)
      at node_modules/@testing-library/react/dist/act-compat.js:46:25
      at src/hooks/useLogout.error-recovery.property.test.tsx:239:22
      at AsyncProperty.predicate (node_modules/fast-check/lib/cjs/check/property/AsyncProperty.js:17:102)
      at AsyncProperty.run (node_modules/fast-check/lib/cjs/check/property/AsyncProperty.generic.js:46:39)
      at TimeoutProperty.run (node_modules/fast-check/lib/cjs/check/property/TimeoutProperty.js:35:53)
      at asyncRunIt (node_modules/fast-check/lib/cjs/check/runner/Runner.js:28:36)
      at Object.<anonymous> (src/hooks/useLogout.error-recovery.property.test.tsx:222:5)

    console.error
      [AuthLogger 2026-02-08T19:37:35.800Z] Logout failed

       98 |   } else {
       99 |     // In production, log minimal info
    > 100 |     consoleMethod(message);
          |     ^
      101 |   }
      102 | }
      103 |

      at consoleMethod (src/lib/auth/AuthLogger.ts:100:5)
      at log (src/lib/auth/AuthLogger.ts:268:3)
      at Object.handleLogout (src/hooks/useLogout.ts:140:19)
      at handleLogout (src/hooks/useLogout.error-recovery.property.test.tsx:252:36)
      at node_modules/@testing-library/react/dist/act-compat.js:47:24
      at act (node_modules/react/cjs/react.development.js:2512:16)
      at node_modules/@testing-library/react/dist/act-compat.js:46:25
      at src/hooks/useLogout.error-recovery.property.test.tsx:251:22
      at AsyncProperty.run (node_modules/fast-check/lib/cjs/check/property/AsyncProperty.generic.js:46:28)

    console.error
      [AuthLogger 2026-02-08T19:37:35.801Z] Logout failed

       98 |   } else {
       99 |     // In production, log minimal info
    > 100 |     consoleMethod(message);
          |     ^
      101 |   }
      102 | }
      103 |

      at consoleMethod (src/lib/auth/AuthLogger.ts:100:5)
      at log (src/lib/auth/AuthLogger.ts:268:3)
      at Object.handleLogout (src/hooks/useLogout.ts:140:19)
      at handleLogout (src/hooks/useLogout.error-recovery.property.test.tsx:240:36)
      at node_modules/@testing-library/react/dist/act-compat.js:47:24
      at act (node_modules/react/cjs/react.development.js:2512:16)
      at node_modules/@testing-library/react/dist/act-compat.js:46:25
      at src/hooks/useLogout.error-recovery.property.test.tsx:239:22
      at AsyncProperty.predicate (node_modules/fast-check/lib/cjs/check/property/AsyncProperty.js:17:102)
      at AsyncProperty.run (node_modules/fast-check/lib/cjs/check/property/AsyncProperty.generic.js:46:39)
      at TimeoutProperty.run (node_modules/fast-check/lib/cjs/check/property/TimeoutProperty.js:35:53)
      at asyncRunIt (node_modules/fast-check/lib/cjs/check/runner/Runner.js:28:36)
      at Object.<anonymous> (src/hooks/useLogout.error-recovery.property.test.tsx:222:5)

    console.error
      [AuthLogger 2026-02-08T19:37:35.802Z] Logout failed

       98 |   } else {
       99 |     // In production, log minimal info
    > 100 |     consoleMethod(message);
          |     ^
      101 |   }
      102 | }
      103 |

      at consoleMethod (src/lib/auth/AuthLogger.ts:100:5)
      at log (src/lib/auth/AuthLogger.ts:268:3)
      at Object.handleLogout (src/hooks/useLogout.ts:140:19)
      at handleLogout (src/hooks/useLogout.error-recovery.property.test.tsx:252:36)
      at node_modules/@testing-library/react/dist/act-compat.js:47:24
      at act (node_modules/react/cjs/react.development.js:2512:16)
      at node_modules/@testing-library/react/dist/act-compat.js:46:25
      at src/hooks/useLogout.error-recovery.property.test.tsx:251:22
      at AsyncProperty.run (node_modules/fast-check/lib/cjs/check/property/AsyncProperty.generic.js:46:28)

    console.error
      [AuthLogger 2026-02-08T19:37:35.802Z] Logout failed

       98 |   } else {
       99 |     // In production, log minimal info
    > 100 |     consoleMethod(message);
          |     ^
      101 |   }
      102 | }
      103 |

      at consoleMethod (src/lib/auth/AuthLogger.ts:100:5)
      at log (src/lib/auth/AuthLogger.ts:268:3)
      at Object.handleLogout (src/hooks/useLogout.ts:140:19)
      at handleLogout (src/hooks/useLogout.error-recovery.property.test.tsx:240:36)
      at node_modules/@testing-library/react/dist/act-compat.js:47:24
      at act (node_modules/react/cjs/react.development.js:2512:16)
      at node_modules/@testing-library/react/dist/act-compat.js:46:25
      at src/hooks/useLogout.error-recovery.property.test.tsx:239:22
      at AsyncProperty.predicate (node_modules/fast-check/lib/cjs/check/property/AsyncProperty.js:17:102)
      at AsyncProperty.run (node_modules/fast-check/lib/cjs/check/property/AsyncProperty.generic.js:46:39)
      at TimeoutProperty.run (node_modules/fast-check/lib/cjs/check/property/TimeoutProperty.js:35:53)
      at asyncRunIt (node_modules/fast-check/lib/cjs/check/runner/Runner.js:28:36)
      at Object.<anonymous> (src/hooks/useLogout.error-recovery.property.test.tsx:222:5)

    console.error
      [AuthLogger 2026-02-08T19:37:35.803Z] Logout failed

       98 |   } else {
       99 |     // In production, log minimal info
    > 100 |     consoleMethod(message);
          |     ^
      101 |   }
      102 | }
      103 |

      at consoleMethod (src/lib/auth/AuthLogger.ts:100:5)
      at log (src/lib/auth/AuthLogger.ts:268:3)
      at Object.handleLogout (src/hooks/useLogout.ts:140:19)
      at handleLogout (src/hooks/useLogout.error-recovery.property.test.tsx:252:36)
      at node_modules/@testing-library/react/dist/act-compat.js:47:24
      at act (node_modules/react/cjs/react.development.js:2512:16)
      at node_modules/@testing-library/react/dist/act-compat.js:46:25
      at src/hooks/useLogout.error-recovery.property.test.tsx:251:22
      at AsyncProperty.run (node_modules/fast-check/lib/cjs/check/property/AsyncProperty.generic.js:46:28)

    console.error
      [AuthLogger 2026-02-08T19:37:35.803Z] Logout failed

       98 |   } else {
       99 |     // In production, log minimal info
    > 100 |     consoleMethod(message);
          |     ^
      101 |   }
      102 | }
      103 |

      at consoleMethod (src/lib/auth/AuthLogger.ts:100:5)
      at log (src/lib/auth/AuthLogger.ts:268:3)
      at Object.handleLogout (src/hooks/useLogout.ts:140:19)
      at handleLogout (src/hooks/useLogout.error-recovery.property.test.tsx:240:36)
      at node_modules/@testing-library/react/dist/act-compat.js:47:24
      at act (node_modules/react/cjs/react.development.js:2512:16)
      at node_modules/@testing-library/react/dist/act-compat.js:46:25
      at src/hooks/useLogout.error-recovery.property.test.tsx:239:22
      at AsyncProperty.predicate (node_modules/fast-check/lib/cjs/check/property/AsyncProperty.js:17:102)
      at AsyncProperty.run (node_modules/fast-check/lib/cjs/check/property/AsyncProperty.generic.js:46:39)
      at TimeoutProperty.run (node_modules/fast-check/lib/cjs/check/property/TimeoutProperty.js:35:53)
      at asyncRunIt (node_modules/fast-check/lib/cjs/check/runner/Runner.js:28:36)
      at Object.<anonymous> (src/hooks/useLogout.error-recovery.property.test.tsx:222:5)

    console.error
      [AuthLogger 2026-02-08T19:37:35.804Z] Logout failed

       98 |   } else {
       99 |     // In production, log minimal info
    > 100 |     consoleMethod(message);
          |     ^
      101 |   }
      102 | }
      103 |

      at consoleMethod (src/lib/auth/AuthLogger.ts:100:5)
      at log (src/lib/auth/AuthLogger.ts:268:3)
      at Object.handleLogout (src/hooks/useLogout.ts:140:19)
      at handleLogout (src/hooks/useLogout.error-recovery.property.test.tsx:252:36)
      at node_modules/@testing-library/react/dist/act-compat.js:47:24
      at act (node_modules/react/cjs/react.development.js:2512:16)
      at node_modules/@testing-library/react/dist/act-compat.js:46:25
      at src/hooks/useLogout.error-recovery.property.test.tsx:251:22
      at AsyncProperty.run (node_modules/fast-check/lib/cjs/check/property/AsyncProperty.generic.js:46:28)

    console.error
      [AuthLogger 2026-02-08T19:37:35.804Z] Logout failed

       98 |   } else {
       99 |     // In production, log minimal info
    > 100 |     consoleMethod(message);
          |     ^
      101 |   }
      102 | }
      103 |

      at consoleMethod (src/lib/auth/AuthLogger.ts:100:5)
      at log (src/lib/auth/AuthLogger.ts:268:3)
      at Object.handleLogout (src/hooks/useLogout.ts:140:19)
      at handleLogout (src/hooks/useLogout.error-recovery.property.test.tsx:240:36)
      at node_modules/@testing-library/react/dist/act-compat.js:47:24
      at act (node_modules/react/cjs/react.development.js:2512:16)
      at node_modules/@testing-library/react/dist/act-compat.js:46:25
      at src/hooks/useLogout.error-recovery.property.test.tsx:239:22
      at AsyncProperty.predicate (node_modules/fast-check/lib/cjs/check/property/AsyncProperty.js:17:102)
      at AsyncProperty.run (node_modules/fast-check/lib/cjs/check/property/AsyncProperty.generic.js:46:39)
      at TimeoutProperty.run (node_modules/fast-check/lib/cjs/check/property/TimeoutProperty.js:35:53)
      at asyncRunIt (node_modules/fast-check/lib/cjs/check/runner/Runner.js:28:36)
      at Object.<anonymous> (src/hooks/useLogout.error-recovery.property.test.tsx:222:5)

    console.error
      [AuthLogger 2026-02-08T19:37:35.805Z] Logout failed

       98 |   } else {
       99 |     // In production, log minimal info
    > 100 |     consoleMethod(message);
          |     ^
      101 |   }
      102 | }
      103 |

      at consoleMethod (src/lib/auth/AuthLogger.ts:100:5)
      at log (src/lib/auth/AuthLogger.ts:268:3)
      at Object.handleLogout (src/hooks/useLogout.ts:140:19)
      at handleLogout (src/hooks/useLogout.error-recovery.property.test.tsx:252:36)
      at node_modules/@testing-library/react/dist/act-compat.js:47:24
      at act (node_modules/react/cjs/react.development.js:2512:16)
      at node_modules/@testing-library/react/dist/act-compat.js:46:25
      at src/hooks/useLogout.error-recovery.property.test.tsx:251:22
      at AsyncProperty.run (node_modules/fast-check/lib/cjs/check/property/AsyncProperty.generic.js:46:28)

    console.error
      [AuthLogger 2026-02-08T19:37:35.805Z] Logout failed

       98 |   } else {
       99 |     // In production, log minimal info
    > 100 |     consoleMethod(message);
          |     ^
      101 |   }
      102 | }
      103 |

      at consoleMethod (src/lib/auth/AuthLogger.ts:100:5)
      at log (src/lib/auth/AuthLogger.ts:268:3)
      at Object.handleLogout (src/hooks/useLogout.ts:140:19)
      at handleLogout (src/hooks/useLogout.error-recovery.property.test.tsx:240:36)
      at node_modules/@testing-library/react/dist/act-compat.js:47:24
      at act (node_modules/react/cjs/react.development.js:2512:16)
      at node_modules/@testing-library/react/dist/act-compat.js:46:25
      at src/hooks/useLogout.error-recovery.property.test.tsx:239:22
      at AsyncProperty.predicate (node_modules/fast-check/lib/cjs/check/property/AsyncProperty.js:17:102)
      at AsyncProperty.run (node_modules/fast-check/lib/cjs/check/property/AsyncProperty.generic.js:46:39)
      at TimeoutProperty.run (node_modules/fast-check/lib/cjs/check/property/TimeoutProperty.js:35:53)
      at asyncRunIt (node_modules/fast-check/lib/cjs/check/runner/Runner.js:28:36)
      at Object.<anonymous> (src/hooks/useLogout.error-recovery.property.test.tsx:222:5)

    console.error
      [AuthLogger 2026-02-08T19:37:35.805Z] Logout failed

       98 |   } else {
       99 |     // In production, log minimal info
    > 100 |     consoleMethod(message);
          |     ^
      101 |   }
      102 | }
      103 |

      at consoleMethod (src/lib/auth/AuthLogger.ts:100:5)
      at log (src/lib/auth/AuthLogger.ts:268:3)
      at Object.handleLogout (src/hooks/useLogout.ts:140:19)
      at handleLogout (src/hooks/useLogout.error-recovery.property.test.tsx:252:36)
      at node_modules/@testing-library/react/dist/act-compat.js:47:24
      at act (node_modules/react/cjs/react.development.js:2512:16)
      at node_modules/@testing-library/react/dist/act-compat.js:46:25
      at src/hooks/useLogout.error-recovery.property.test.tsx:251:22
      at AsyncProperty.run (node_modules/fast-check/lib/cjs/check/property/AsyncProperty.generic.js:46:28)

    console.error
      [AuthLogger 2026-02-08T19:37:35.806Z] Logout failed

       98 |   } else {
       99 |     // In production, log minimal info
    > 100 |     consoleMethod(message);
          |     ^
      101 |   }
      102 | }
      103 |

      at consoleMethod (src/lib/auth/AuthLogger.ts:100:5)
      at log (src/lib/auth/AuthLogger.ts:268:3)
      at Object.handleLogout (src/hooks/useLogout.ts:140:19)
      at handleLogout (src/hooks/useLogout.error-recovery.property.test.tsx:240:36)
      at node_modules/@testing-library/react/dist/act-compat.js:47:24
      at act (node_modules/react/cjs/react.development.js:2512:16)
      at node_modules/@testing-library/react/dist/act-compat.js:46:25
      at src/hooks/useLogout.error-recovery.property.test.tsx:239:22
      at AsyncProperty.predicate (node_modules/fast-check/lib/cjs/check/property/AsyncProperty.js:17:102)
      at AsyncProperty.run (node_modules/fast-check/lib/cjs/check/property/AsyncProperty.generic.js:46:39)
      at TimeoutProperty.run (node_modules/fast-check/lib/cjs/check/property/TimeoutProperty.js:35:53)
      at asyncRunIt (node_modules/fast-check/lib/cjs/check/runner/Runner.js:28:36)
      at Object.<anonymous> (src/hooks/useLogout.error-recovery.property.test.tsx:222:5)

    console.error
      [AuthLogger 2026-02-08T19:37:35.806Z] Logout failed

       98 |   } else {
       99 |     // In production, log minimal info
    > 100 |     consoleMethod(message);
          |     ^
      101 |   }
      102 | }
      103 |

      at consoleMethod (src/lib/auth/AuthLogger.ts:100:5)
      at log (src/lib/auth/AuthLogger.ts:268:3)
      at Object.handleLogout (src/hooks/useLogout.ts:140:19)
      at handleLogout (src/hooks/useLogout.error-recovery.property.test.tsx:252:36)
      at node_modules/@testing-library/react/dist/act-compat.js:47:24
      at act (node_modules/react/cjs/react.development.js:2512:16)
      at node_modules/@testing-library/react/dist/act-compat.js:46:25
      at src/hooks/useLogout.error-recovery.property.test.tsx:251:22
      at AsyncProperty.run (node_modules/fast-check/lib/cjs/check/property/AsyncProperty.generic.js:46:28)

    console.error
      [AuthLogger 2026-02-08T19:37:35.807Z] Logout failed

       98 |   } else {
       99 |     // In production, log minimal info
    > 100 |     consoleMethod(message);
          |     ^
      101 |   }
      102 | }
      103 |

      at consoleMethod (src/lib/auth/AuthLogger.ts:100:5)
      at log (src/lib/auth/AuthLogger.ts:268:3)
      at Object.handleLogout (src/hooks/useLogout.ts:140:19)
      at handleLogout (src/hooks/useLogout.error-recovery.property.test.tsx:240:36)
      at node_modules/@testing-library/react/dist/act-compat.js:47:24
      at act (node_modules/react/cjs/react.development.js:2512:16)
      at node_modules/@testing-library/react/dist/act-compat.js:46:25
      at src/hooks/useLogout.error-recovery.property.test.tsx:239:22
      at AsyncProperty.predicate (node_modules/fast-check/lib/cjs/check/property/AsyncProperty.js:17:102)
      at AsyncProperty.run (node_modules/fast-check/lib/cjs/check/property/AsyncProperty.generic.js:46:39)
      at TimeoutProperty.run (node_modules/fast-check/lib/cjs/check/property/TimeoutProperty.js:35:53)
      at asyncRunIt (node_modules/fast-check/lib/cjs/check/runner/Runner.js:28:36)
      at Object.<anonymous> (src/hooks/useLogout.error-recovery.property.test.tsx:222:5)

    console.error
      [AuthLogger 2026-02-08T19:37:35.807Z] Logout failed

       98 |   } else {
       99 |     // In production, log minimal info
    > 100 |     consoleMethod(message);
          |     ^
      101 |   }
      102 | }
      103 |

      at consoleMethod (src/lib/auth/AuthLogger.ts:100:5)
      at log (src/lib/auth/AuthLogger.ts:268:3)
      at Object.handleLogout (src/hooks/useLogout.ts:140:19)
      at handleLogout (src/hooks/useLogout.error-recovery.property.test.tsx:252:36)
      at node_modules/@testing-library/react/dist/act-compat.js:47:24
      at act (node_modules/react/cjs/react.development.js:2512:16)
      at node_modules/@testing-library/react/dist/act-compat.js:46:25
      at src/hooks/useLogout.error-recovery.property.test.tsx:251:22
      at AsyncProperty.run (node_modules/fast-check/lib/cjs/check/property/AsyncProperty.generic.js:46:28)

    console.error
      [AuthLogger 2026-02-08T19:37:35.808Z] Logout failed

       98 |   } else {
       99 |     // In production, log minimal info
    > 100 |     consoleMethod(message);
          |     ^
      101 |   }
      102 | }
      103 |

      at consoleMethod (src/lib/auth/AuthLogger.ts:100:5)
      at log (src/lib/auth/AuthLogger.ts:268:3)
      at Object.handleLogout (src/hooks/useLogout.ts:140:19)
      at handleLogout (src/hooks/useLogout.error-recovery.property.test.tsx:240:36)
      at node_modules/@testing-library/react/dist/act-compat.js:47:24
      at act (node_modules/react/cjs/react.development.js:2512:16)
      at node_modules/@testing-library/react/dist/act-compat.js:46:25
      at src/hooks/useLogout.error-recovery.property.test.tsx:239:22
      at AsyncProperty.predicate (node_modules/fast-check/lib/cjs/check/property/AsyncProperty.js:17:102)
      at AsyncProperty.run (node_modules/fast-check/lib/cjs/check/property/AsyncProperty.generic.js:46:39)
      at TimeoutProperty.run (node_modules/fast-check/lib/cjs/check/property/TimeoutProperty.js:35:53)
      at asyncRunIt (node_modules/fast-check/lib/cjs/check/runner/Runner.js:28:36)
      at Object.<anonymous> (src/hooks/useLogout.error-recovery.property.test.tsx:222:5)

    console.error
      [AuthLogger 2026-02-08T19:37:35.811Z] Logout failed

       98 |   } else {
       99 |     // In production, log minimal info
    > 100 |     consoleMethod(message);
          |     ^
      101 |   }
      102 | }
      103 |

      at consoleMethod (src/lib/auth/AuthLogger.ts:100:5)
      at log (src/lib/auth/AuthLogger.ts:268:3)
      at Object.handleLogout (src/hooks/useLogout.ts:140:19)
      at handleLogout (src/hooks/useLogout.error-recovery.property.test.tsx:252:36)
      at node_modules/@testing-library/react/dist/act-compat.js:47:24
      at act (node_modules/react/cjs/react.development.js:2512:16)
      at node_modules/@testing-library/react/dist/act-compat.js:46:25
      at src/hooks/useLogout.error-recovery.property.test.tsx:251:22
      at AsyncProperty.run (node_modules/fast-check/lib/cjs/check/property/AsyncProperty.generic.js:46:28)

    console.error
      [AuthLogger 2026-02-08T19:37:35.812Z] Logout failed

       98 |   } else {
       99 |     // In production, log minimal info
    > 100 |     consoleMethod(message);
          |     ^
      101 |   }
      102 | }
      103 |

      at consoleMethod (src/lib/auth/AuthLogger.ts:100:5)
      at log (src/lib/auth/AuthLogger.ts:268:3)
      at Object.handleLogout (src/hooks/useLogout.ts:140:19)
      at handleLogout (src/hooks/useLogout.error-recovery.property.test.tsx:240:36)
      at node_modules/@testing-library/react/dist/act-compat.js:47:24
      at act (node_modules/react/cjs/react.development.js:2512:16)
      at node_modules/@testing-library/react/dist/act-compat.js:46:25
      at src/hooks/useLogout.error-recovery.property.test.tsx:239:22
      at AsyncProperty.predicate (node_modules/fast-check/lib/cjs/check/property/AsyncProperty.js:17:102)
      at AsyncProperty.run (node_modules/fast-check/lib/cjs/check/property/AsyncProperty.generic.js:46:39)
      at TimeoutProperty.run (node_modules/fast-check/lib/cjs/check/property/TimeoutProperty.js:35:53)
      at asyncRunIt (node_modules/fast-check/lib/cjs/check/runner/Runner.js:28:36)
      at Object.<anonymous> (src/hooks/useLogout.error-recovery.property.test.tsx:222:5)

    console.error
      [AuthLogger 2026-02-08T19:37:35.812Z] Logout failed

       98 |   } else {
       99 |     // In production, log minimal info
    > 100 |     consoleMethod(message);
          |     ^
      101 |   }
      102 | }
      103 |

      at consoleMethod (src/lib/auth/AuthLogger.ts:100:5)
      at log (src/lib/auth/AuthLogger.ts:268:3)
      at Object.handleLogout (src/hooks/useLogout.ts:140:19)
      at handleLogout (src/hooks/useLogout.error-recovery.property.test.tsx:252:36)
      at node_modules/@testing-library/react/dist/act-compat.js:47:24
      at act (node_modules/react/cjs/react.development.js:2512:16)
      at node_modules/@testing-library/react/dist/act-compat.js:46:25
      at src/hooks/useLogout.error-recovery.property.test.tsx:251:22
      at AsyncProperty.run (node_modules/fast-check/lib/cjs/check/property/AsyncProperty.generic.js:46:28)

    console.error
      [AuthLogger 2026-02-08T19:37:35.813Z] Logout failed

       98 |   } else {
       99 |     // In production, log minimal info
    > 100 |     consoleMethod(message);
          |     ^
      101 |   }
      102 | }
      103 |

      at consoleMethod (src/lib/auth/AuthLogger.ts:100:5)
      at log (src/lib/auth/AuthLogger.ts:268:3)
      at Object.handleLogout (src/hooks/useLogout.ts:140:19)
      at handleLogout (src/hooks/useLogout.error-recovery.property.test.tsx:240:36)
      at node_modules/@testing-library/react/dist/act-compat.js:47:24
      at act (node_modules/react/cjs/react.development.js:2512:16)
      at node_modules/@testing-library/react/dist/act-compat.js:46:25
      at src/hooks/useLogout.error-recovery.property.test.tsx:239:22
      at AsyncProperty.predicate (node_modules/fast-check/lib/cjs/check/property/AsyncProperty.js:17:102)
      at AsyncProperty.run (node_modules/fast-check/lib/cjs/check/property/AsyncProperty.generic.js:46:39)
      at TimeoutProperty.run (node_modules/fast-check/lib/cjs/check/property/TimeoutProperty.js:35:53)
      at asyncRunIt (node_modules/fast-check/lib/cjs/check/runner/Runner.js:28:36)
      at Object.<anonymous> (src/hooks/useLogout.error-recovery.property.test.tsx:222:5)

    console.error
      [AuthLogger 2026-02-08T19:37:35.813Z] Logout failed

       98 |   } else {
       99 |     // In production, log minimal info
    > 100 |     consoleMethod(message);
          |     ^
      101 |   }
      102 | }
      103 |

      at consoleMethod (src/lib/auth/AuthLogger.ts:100:5)
      at log (src/lib/auth/AuthLogger.ts:268:3)
      at Object.handleLogout (src/hooks/useLogout.ts:140:19)
      at handleLogout (src/hooks/useLogout.error-recovery.property.test.tsx:252:36)
      at node_modules/@testing-library/react/dist/act-compat.js:47:24
      at act (node_modules/react/cjs/react.development.js:2512:16)
      at node_modules/@testing-library/react/dist/act-compat.js:46:25
      at src/hooks/useLogout.error-recovery.property.test.tsx:251:22
      at AsyncProperty.run (node_modules/fast-check/lib/cjs/check/property/AsyncProperty.generic.js:46:28)

    console.error
      [AuthLogger 2026-02-08T19:37:35.814Z] Logout failed

       98 |   } else {
       99 |     // In production, log minimal info
    > 100 |     consoleMethod(message);
          |     ^
      101 |   }
      102 | }
      103 |

      at consoleMethod (src/lib/auth/AuthLogger.ts:100:5)
      at log (src/lib/auth/AuthLogger.ts:268:3)
      at Object.handleLogout (src/hooks/useLogout.ts:140:19)
      at handleLogout (src/hooks/useLogout.error-recovery.property.test.tsx:240:36)
      at node_modules/@testing-library/react/dist/act-compat.js:47:24
      at act (node_modules/react/cjs/react.development.js:2512:16)
      at node_modules/@testing-library/react/dist/act-compat.js:46:25
      at src/hooks/useLogout.error-recovery.property.test.tsx:239:22
      at AsyncProperty.predicate (node_modules/fast-check/lib/cjs/check/property/AsyncProperty.js:17:102)
      at AsyncProperty.run (node_modules/fast-check/lib/cjs/check/property/AsyncProperty.generic.js:46:39)
      at TimeoutProperty.run (node_modules/fast-check/lib/cjs/check/property/TimeoutProperty.js:35:53)
      at asyncRunIt (node_modules/fast-check/lib/cjs/check/runner/Runner.js:28:36)
      at Object.<anonymous> (src/hooks/useLogout.error-recovery.property.test.tsx:222:5)

    console.error
      [AuthLogger 2026-02-08T19:37:35.814Z] Logout failed

       98 |   } else {
       99 |     // In production, log minimal info
    > 100 |     consoleMethod(message);
          |     ^
      101 |   }
      102 | }
      103 |

      at consoleMethod (src/lib/auth/AuthLogger.ts:100:5)
      at log (src/lib/auth/AuthLogger.ts:268:3)
      at Object.handleLogout (src/hooks/useLogout.ts:140:19)
      at handleLogout (src/hooks/useLogout.error-recovery.property.test.tsx:252:36)
      at node_modules/@testing-library/react/dist/act-compat.js:47:24
      at act (node_modules/react/cjs/react.development.js:2512:16)
      at node_modules/@testing-library/react/dist/act-compat.js:46:25
      at src/hooks/useLogout.error-recovery.property.test.tsx:251:22
      at AsyncProperty.run (node_modules/fast-check/lib/cjs/check/property/AsyncProperty.generic.js:46:28)

    console.error
      [AuthLogger 2026-02-08T19:37:35.815Z] Logout failed

       98 |   } else {
       99 |     // In production, log minimal info
    > 100 |     consoleMethod(message);
          |     ^
      101 |   }
      102 | }
      103 |

      at consoleMethod (src/lib/auth/AuthLogger.ts:100:5)
      at log (src/lib/auth/AuthLogger.ts:268:3)
      at Object.handleLogout (src/hooks/useLogout.ts:140:19)
      at handleLogout (src/hooks/useLogout.error-recovery.property.test.tsx:240:36)
      at node_modules/@testing-library/react/dist/act-compat.js:47:24
      at act (node_modules/react/cjs/react.development.js:2512:16)
      at node_modules/@testing-library/react/dist/act-compat.js:46:25
      at src/hooks/useLogout.error-recovery.property.test.tsx:239:22
      at AsyncProperty.predicate (node_modules/fast-check/lib/cjs/check/property/AsyncProperty.js:17:102)
      at AsyncProperty.run (node_modules/fast-check/lib/cjs/check/property/AsyncProperty.generic.js:46:39)
      at TimeoutProperty.run (node_modules/fast-check/lib/cjs/check/property/TimeoutProperty.js:35:53)
      at asyncRunIt (node_modules/fast-check/lib/cjs/check/runner/Runner.js:28:36)
      at Object.<anonymous> (src/hooks/useLogout.error-recovery.property.test.tsx:222:5)

    console.error
      [AuthLogger 2026-02-08T19:37:35.815Z] Logout failed

       98 |   } else {
       99 |     // In production, log minimal info
    > 100 |     consoleMethod(message);
          |     ^
      101 |   }
      102 | }
      103 |

      at consoleMethod (src/lib/auth/AuthLogger.ts:100:5)
      at log (src/lib/auth/AuthLogger.ts:268:3)
      at Object.handleLogout (src/hooks/useLogout.ts:140:19)
      at handleLogout (src/hooks/useLogout.error-recovery.property.test.tsx:252:36)
      at node_modules/@testing-library/react/dist/act-compat.js:47:24
      at act (node_modules/react/cjs/react.development.js:2512:16)
      at node_modules/@testing-library/react/dist/act-compat.js:46:25
      at src/hooks/useLogout.error-recovery.property.test.tsx:251:22
      at AsyncProperty.run (node_modules/fast-check/lib/cjs/check/property/AsyncProperty.generic.js:46:28)

    console.error
      [AuthLogger 2026-02-08T19:37:35.816Z] Logout failed

       98 |   } else {
       99 |     // In production, log minimal info
    > 100 |     consoleMethod(message);
          |     ^
      101 |   }
      102 | }
      103 |

      at consoleMethod (src/lib/auth/AuthLogger.ts:100:5)
      at log (src/lib/auth/AuthLogger.ts:268:3)
      at Object.handleLogout (src/hooks/useLogout.ts:140:19)
      at handleLogout (src/hooks/useLogout.error-recovery.property.test.tsx:240:36)
      at node_modules/@testing-library/react/dist/act-compat.js:47:24
      at act (node_modules/react/cjs/react.development.js:2512:16)
      at node_modules/@testing-library/react/dist/act-compat.js:46:25
      at src/hooks/useLogout.error-recovery.property.test.tsx:239:22
      at AsyncProperty.predicate (node_modules/fast-check/lib/cjs/check/property/AsyncProperty.js:17:102)
      at AsyncProperty.run (node_modules/fast-check/lib/cjs/check/property/AsyncProperty.generic.js:46:39)
      at TimeoutProperty.run (node_modules/fast-check/lib/cjs/check/property/TimeoutProperty.js:35:53)
      at asyncRunIt (node_modules/fast-check/lib/cjs/check/runner/Runner.js:28:36)
      at Object.<anonymous> (src/hooks/useLogout.error-recovery.property.test.tsx:222:5)

    console.error
      [AuthLogger 2026-02-08T19:37:35.816Z] Logout failed

       98 |   } else {
       99 |     // In production, log minimal info
    > 100 |     consoleMethod(message);
          |     ^
      101 |   }
      102 | }
      103 |

      at consoleMethod (src/lib/auth/AuthLogger.ts:100:5)
      at log (src/lib/auth/AuthLogger.ts:268:3)
      at Object.handleLogout (src/hooks/useLogout.ts:140:19)
      at handleLogout (src/hooks/useLogout.error-recovery.property.test.tsx:252:36)
      at node_modules/@testing-library/react/dist/act-compat.js:47:24
      at act (node_modules/react/cjs/react.development.js:2512:16)
      at node_modules/@testing-library/react/dist/act-compat.js:46:25
      at src/hooks/useLogout.error-recovery.property.test.tsx:251:22
      at AsyncProperty.run (node_modules/fast-check/lib/cjs/check/property/AsyncProperty.generic.js:46:28)

    console.error
      [AuthLogger 2026-02-08T19:37:35.818Z] Logout failed

       98 |   } else {
       99 |     // In production, log minimal info
    > 100 |     consoleMethod(message);
          |     ^
      101 |   }
      102 | }
      103 |

      at consoleMethod (src/lib/auth/AuthLogger.ts:100:5)
      at log (src/lib/auth/AuthLogger.ts:268:3)
      at Object.handleLogout (src/hooks/useLogout.ts:140:19)
      at handleLogout (src/hooks/useLogout.error-recovery.property.test.tsx:240:36)
      at node_modules/@testing-library/react/dist/act-compat.js:47:24
      at act (node_modules/react/cjs/react.development.js:2512:16)
      at node_modules/@testing-library/react/dist/act-compat.js:46:25
      at src/hooks/useLogout.error-recovery.property.test.tsx:239:22
      at AsyncProperty.predicate (node_modules/fast-check/lib/cjs/check/property/AsyncProperty.js:17:102)
      at AsyncProperty.run (node_modules/fast-check/lib/cjs/check/property/AsyncProperty.generic.js:46:39)
      at TimeoutProperty.run (node_modules/fast-check/lib/cjs/check/property/TimeoutProperty.js:35:53)
      at asyncRunIt (node_modules/fast-check/lib/cjs/check/runner/Runner.js:28:36)
      at Object.<anonymous> (src/hooks/useLogout.error-recovery.property.test.tsx:222:5)

    console.error
      [AuthLogger 2026-02-08T19:37:35.819Z] Logout failed

       98 |   } else {
       99 |     // In production, log minimal info
    > 100 |     consoleMethod(message);
          |     ^
      101 |   }
      102 | }
      103 |

      at consoleMethod (src/lib/auth/AuthLogger.ts:100:5)
      at log (src/lib/auth/AuthLogger.ts:268:3)
      at Object.handleLogout (src/hooks/useLogout.ts:140:19)
      at handleLogout (src/hooks/useLogout.error-recovery.property.test.tsx:252:36)
      at node_modules/@testing-library/react/dist/act-compat.js:47:24
      at act (node_modules/react/cjs/react.development.js:2512:16)
      at node_modules/@testing-library/react/dist/act-compat.js:46:25
      at src/hooks/useLogout.error-recovery.property.test.tsx:251:22
      at AsyncProperty.run (node_modules/fast-check/lib/cjs/check/property/AsyncProperty.generic.js:46:28)

    console.error
      [AuthLogger 2026-02-08T19:37:35.820Z] Logout failed

       98 |   } else {
       99 |     // In production, log minimal info
    > 100 |     consoleMethod(message);
          |     ^
      101 |   }
      102 | }
      103 |

      at consoleMethod (src/lib/auth/AuthLogger.ts:100:5)
      at log (src/lib/auth/AuthLogger.ts:268:3)
      at Object.handleLogout (src/hooks/useLogout.ts:140:19)
      at handleLogout (src/hooks/useLogout.error-recovery.property.test.tsx:240:36)
      at node_modules/@testing-library/react/dist/act-compat.js:47:24
      at act (node_modules/react/cjs/react.development.js:2512:16)
      at node_modules/@testing-library/react/dist/act-compat.js:46:25
      at src/hooks/useLogout.error-recovery.property.test.tsx:239:22
      at AsyncProperty.predicate (node_modules/fast-check/lib/cjs/check/property/AsyncProperty.js:17:102)
      at AsyncProperty.run (node_modules/fast-check/lib/cjs/check/property/AsyncProperty.generic.js:46:39)
      at TimeoutProperty.run (node_modules/fast-check/lib/cjs/check/property/TimeoutProperty.js:35:53)
      at asyncRunIt (node_modules/fast-check/lib/cjs/check/runner/Runner.js:28:36)
      at Object.<anonymous> (src/hooks/useLogout.error-recovery.property.test.tsx:222:5)

    console.error
      [AuthLogger 2026-02-08T19:37:35.820Z] Logout failed

       98 |   } else {
       99 |     // In production, log minimal info
    > 100 |     consoleMethod(message);
          |     ^
      101 |   }
      102 | }
      103 |

      at consoleMethod (src/lib/auth/AuthLogger.ts:100:5)
      at log (src/lib/auth/AuthLogger.ts:268:3)
      at Object.handleLogout (src/hooks/useLogout.ts:140:19)
      at handleLogout (src/hooks/useLogout.error-recovery.property.test.tsx:252:36)
      at node_modules/@testing-library/react/dist/act-compat.js:47:24
      at act (node_modules/react/cjs/react.development.js:2512:16)
      at node_modules/@testing-library/react/dist/act-compat.js:46:25
      at src/hooks/useLogout.error-recovery.property.test.tsx:251:22
      at AsyncProperty.run (node_modules/fast-check/lib/cjs/check/property/AsyncProperty.generic.js:46:28)

    console.error
      [AuthLogger 2026-02-08T19:37:35.821Z] Logout failed

       98 |   } else {
       99 |     // In production, log minimal info
    > 100 |     consoleMethod(message);
          |     ^
      101 |   }
      102 | }
      103 |

      at consoleMethod (src/lib/auth/AuthLogger.ts:100:5)
      at log (src/lib/auth/AuthLogger.ts:268:3)
      at Object.handleLogout (src/hooks/useLogout.ts:140:19)
      at handleLogout (src/hooks/useLogout.error-recovery.property.test.tsx:240:36)
      at node_modules/@testing-library/react/dist/act-compat.js:47:24
      at act (node_modules/react/cjs/react.development.js:2512:16)
      at node_modules/@testing-library/react/dist/act-compat.js:46:25
      at src/hooks/useLogout.error-recovery.property.test.tsx:239:22
      at AsyncProperty.predicate (node_modules/fast-check/lib/cjs/check/property/AsyncProperty.js:17:102)
      at AsyncProperty.run (node_modules/fast-check/lib/cjs/check/property/AsyncProperty.generic.js:46:39)
      at TimeoutProperty.run (node_modules/fast-check/lib/cjs/check/property/TimeoutProperty.js:35:53)
      at asyncRunIt (node_modules/fast-check/lib/cjs/check/runner/Runner.js:28:36)
      at Object.<anonymous> (src/hooks/useLogout.error-recovery.property.test.tsx:222:5)

    console.error
      [AuthLogger 2026-02-08T19:37:35.821Z] Logout failed

       98 |   } else {
       99 |     // In production, log minimal info
    > 100 |     consoleMethod(message);
          |     ^
      101 |   }
      102 | }
      103 |

      at consoleMethod (src/lib/auth/AuthLogger.ts:100:5)
      at log (src/lib/auth/AuthLogger.ts:268:3)
      at Object.handleLogout (src/hooks/useLogout.ts:140:19)
      at handleLogout (src/hooks/useLogout.error-recovery.property.test.tsx:252:36)
      at node_modules/@testing-library/react/dist/act-compat.js:47:24
      at act (node_modules/react/cjs/react.development.js:2512:16)
      at node_modules/@testing-library/react/dist/act-compat.js:46:25
      at src/hooks/useLogout.error-recovery.property.test.tsx:251:22
      at AsyncProperty.run (node_modules/fast-check/lib/cjs/check/property/AsyncProperty.generic.js:46:28)

    console.error
      [AuthLogger 2026-02-08T19:37:35.823Z] Logout failed

       98 |   } else {
       99 |     // In production, log minimal info
    > 100 |     consoleMethod(message);
          |     ^
      101 |   }
      102 | }
      103 |

      at consoleMethod (src/lib/auth/AuthLogger.ts:100:5)
      at log (src/lib/auth/AuthLogger.ts:268:3)
      at Object.handleLogout (src/hooks/useLogout.ts:140:19)
      at handleLogout (src/hooks/useLogout.error-recovery.property.test.tsx:240:36)
      at node_modules/@testing-library/react/dist/act-compat.js:47:24
      at act (node_modules/react/cjs/react.development.js:2512:16)
      at node_modules/@testing-library/react/dist/act-compat.js:46:25
      at src/hooks/useLogout.error-recovery.property.test.tsx:239:22
      at AsyncProperty.predicate (node_modules/fast-check/lib/cjs/check/property/AsyncProperty.js:17:102)
      at AsyncProperty.run (node_modules/fast-check/lib/cjs/check/property/AsyncProperty.generic.js:46:39)
      at TimeoutProperty.run (node_modules/fast-check/lib/cjs/check/property/TimeoutProperty.js:35:53)
      at asyncRunIt (node_modules/fast-check/lib/cjs/check/runner/Runner.js:28:36)
      at Object.<anonymous> (src/hooks/useLogout.error-recovery.property.test.tsx:222:5)

    console.error
      [AuthLogger 2026-02-08T19:37:35.824Z] Logout failed

       98 |   } else {
       99 |     // In production, log minimal info
    > 100 |     consoleMethod(message);
          |     ^
      101 |   }
      102 | }
      103 |

      at consoleMethod (src/lib/auth/AuthLogger.ts:100:5)
      at log (src/lib/auth/AuthLogger.ts:268:3)
      at Object.handleLogout (src/hooks/useLogout.ts:140:19)
      at handleLogout (src/hooks/useLogout.error-recovery.property.test.tsx:252:36)
      at node_modules/@testing-library/react/dist/act-compat.js:47:24
      at act (node_modules/react/cjs/react.development.js:2512:16)
      at node_modules/@testing-library/react/dist/act-compat.js:46:25
      at src/hooks/useLogout.error-recovery.property.test.tsx:251:22
      at AsyncProperty.run (node_modules/fast-check/lib/cjs/check/property/AsyncProperty.generic.js:46:28)

    console.error
      [AuthLogger 2026-02-08T19:37:35.825Z] Logout failed

       98 |   } else {
       99 |     // In production, log minimal info
    > 100 |     consoleMethod(message);
          |     ^
      101 |   }
      102 | }
      103 |

      at consoleMethod (src/lib/auth/AuthLogger.ts:100:5)
      at log (src/lib/auth/AuthLogger.ts:268:3)
      at Object.handleLogout (src/hooks/useLogout.ts:140:19)
      at handleLogout (src/hooks/useLogout.error-recovery.property.test.tsx:240:36)
      at node_modules/@testing-library/react/dist/act-compat.js:47:24
      at act (node_modules/react/cjs/react.development.js:2512:16)
      at node_modules/@testing-library/react/dist/act-compat.js:46:25
      at src/hooks/useLogout.error-recovery.property.test.tsx:239:22
      at AsyncProperty.predicate (node_modules/fast-check/lib/cjs/check/property/AsyncProperty.js:17:102)
      at AsyncProperty.run (node_modules/fast-check/lib/cjs/check/property/AsyncProperty.generic.js:46:39)
      at TimeoutProperty.run (node_modules/fast-check/lib/cjs/check/property/TimeoutProperty.js:35:53)
      at asyncRunIt (node_modules/fast-check/lib/cjs/check/runner/Runner.js:28:36)
      at Object.<anonymous> (src/hooks/useLogout.error-recovery.property.test.tsx:222:5)

    console.error
      [AuthLogger 2026-02-08T19:37:35.826Z] Logout failed

       98 |   } else {
       99 |     // In production, log minimal info
    > 100 |     consoleMethod(message);
          |     ^
      101 |   }
      102 | }
      103 |

      at consoleMethod (src/lib/auth/AuthLogger.ts:100:5)
      at log (src/lib/auth/AuthLogger.ts:268:3)
      at Object.handleLogout (src/hooks/useLogout.ts:140:19)
      at handleLogout (src/hooks/useLogout.error-recovery.property.test.tsx:252:36)
      at node_modules/@testing-library/react/dist/act-compat.js:47:24
      at act (node_modules/react/cjs/react.development.js:2512:16)
      at node_modules/@testing-library/react/dist/act-compat.js:46:25
      at src/hooks/useLogout.error-recovery.property.test.tsx:251:22
      at AsyncProperty.run (node_modules/fast-check/lib/cjs/check/property/AsyncProperty.generic.js:46:28)

    console.error
      [AuthLogger 2026-02-08T19:37:35.827Z] Logout failed

       98 |   } else {
       99 |     // In production, log minimal info
    > 100 |     consoleMethod(message);
          |     ^
      101 |   }
      102 | }
      103 |

      at consoleMethod (src/lib/auth/AuthLogger.ts:100:5)
      at log (src/lib/auth/AuthLogger.ts:268:3)
      at Object.handleLogout (src/hooks/useLogout.ts:140:19)
      at handleLogout (src/hooks/useLogout.error-recovery.property.test.tsx:240:36)
      at node_modules/@testing-library/react/dist/act-compat.js:47:24
      at act (node_modules/react/cjs/react.development.js:2512:16)
      at node_modules/@testing-library/react/dist/act-compat.js:46:25
      at src/hooks/useLogout.error-recovery.property.test.tsx:239:22
      at AsyncProperty.predicate (node_modules/fast-check/lib/cjs/check/property/AsyncProperty.js:17:102)
      at AsyncProperty.run (node_modules/fast-check/lib/cjs/check/property/AsyncProperty.generic.js:46:39)
      at TimeoutProperty.run (node_modules/fast-check/lib/cjs/check/property/TimeoutProperty.js:35:53)
      at asyncRunIt (node_modules/fast-check/lib/cjs/check/runner/Runner.js:28:36)
      at Object.<anonymous> (src/hooks/useLogout.error-recovery.property.test.tsx:222:5)

    console.error
      [AuthLogger 2026-02-08T19:37:35.828Z] Logout failed

       98 |   } else {
       99 |     // In production, log minimal info
    > 100 |     consoleMethod(message);
          |     ^
      101 |   }
      102 | }
      103 |

      at consoleMethod (src/lib/auth/AuthLogger.ts:100:5)
      at log (src/lib/auth/AuthLogger.ts:268:3)
      at Object.handleLogout (src/hooks/useLogout.ts:140:19)
      at handleLogout (src/hooks/useLogout.error-recovery.property.test.tsx:252:36)
      at node_modules/@testing-library/react/dist/act-compat.js:47:24
      at act (node_modules/react/cjs/react.development.js:2512:16)
      at node_modules/@testing-library/react/dist/act-compat.js:46:25
      at src/hooks/useLogout.error-recovery.property.test.tsx:251:22
      at AsyncProperty.run (node_modules/fast-check/lib/cjs/check/property/AsyncProperty.generic.js:46:28)

    console.error
      [AuthLogger 2026-02-08T19:37:35.829Z] Logout failed

       98 |   } else {
       99 |     // In production, log minimal info
    > 100 |     consoleMethod(message);
          |     ^
      101 |   }
      102 | }
      103 |

      at consoleMethod (src/lib/auth/AuthLogger.ts:100:5)
      at log (src/lib/auth/AuthLogger.ts:268:3)
      at Object.handleLogout (src/hooks/useLogout.ts:140:19)
      at handleLogout (src/hooks/useLogout.error-recovery.property.test.tsx:240:36)
      at node_modules/@testing-library/react/dist/act-compat.js:47:24
      at act (node_modules/react/cjs/react.development.js:2512:16)
      at node_modules/@testing-library/react/dist/act-compat.js:46:25
      at src/hooks/useLogout.error-recovery.property.test.tsx:239:22
      at AsyncProperty.predicate (node_modules/fast-check/lib/cjs/check/property/AsyncProperty.js:17:102)
      at AsyncProperty.run (node_modules/fast-check/lib/cjs/check/property/AsyncProperty.generic.js:46:39)
      at TimeoutProperty.run (node_modules/fast-check/lib/cjs/check/property/TimeoutProperty.js:35:53)
      at asyncRunIt (node_modules/fast-check/lib/cjs/check/runner/Runner.js:28:36)
      at Object.<anonymous> (src/hooks/useLogout.error-recovery.property.test.tsx:222:5)

    console.error
      [AuthLogger 2026-02-08T19:37:35.829Z] Logout failed

       98 |   } else {
       99 |     // In production, log minimal info
    > 100 |     consoleMethod(message);
          |     ^
      101 |   }
      102 | }
      103 |

      at consoleMethod (src/lib/auth/AuthLogger.ts:100:5)
      at log (src/lib/auth/AuthLogger.ts:268:3)
      at Object.handleLogout (src/hooks/useLogout.ts:140:19)
      at handleLogout (src/hooks/useLogout.error-recovery.property.test.tsx:252:36)
      at node_modules/@testing-library/react/dist/act-compat.js:47:24
      at act (node_modules/react/cjs/react.development.js:2512:16)
      at node_modules/@testing-library/react/dist/act-compat.js:46:25
      at src/hooks/useLogout.error-recovery.property.test.tsx:251:22
      at AsyncProperty.run (node_modules/fast-check/lib/cjs/check/property/AsyncProperty.generic.js:46:28)

    console.error
      [AuthLogger 2026-02-08T19:37:35.830Z] Logout failed

       98 |   } else {
       99 |     // In production, log minimal info
    > 100 |     consoleMethod(message);
          |     ^
      101 |   }
      102 | }
      103 |

      at consoleMethod (src/lib/auth/AuthLogger.ts:100:5)
      at log (src/lib/auth/AuthLogger.ts:268:3)
      at Object.handleLogout (src/hooks/useLogout.ts:140:19)
      at handleLogout (src/hooks/useLogout.error-recovery.property.test.tsx:240:36)
      at node_modules/@testing-library/react/dist/act-compat.js:47:24
      at act (node_modules/react/cjs/react.development.js:2512:16)
      at node_modules/@testing-library/react/dist/act-compat.js:46:25
      at src/hooks/useLogout.error-recovery.property.test.tsx:239:22
      at AsyncProperty.predicate (node_modules/fast-check/lib/cjs/check/property/AsyncProperty.js:17:102)
      at AsyncProperty.run (node_modules/fast-check/lib/cjs/check/property/AsyncProperty.generic.js:46:39)
      at TimeoutProperty.run (node_modules/fast-check/lib/cjs/check/property/TimeoutProperty.js:35:53)
      at asyncRunIt (node_modules/fast-check/lib/cjs/check/runner/Runner.js:28:36)
      at Object.<anonymous> (src/hooks/useLogout.error-recovery.property.test.tsx:222:5)

    console.error
      [AuthLogger 2026-02-08T19:37:35.833Z] Logout failed

       98 |   } else {
       99 |     // In production, log minimal info
    > 100 |     consoleMethod(message);
          |     ^
      101 |   }
      102 | }
      103 |

      at consoleMethod (src/lib/auth/AuthLogger.ts:100:5)
      at log (src/lib/auth/AuthLogger.ts:268:3)
      at Object.handleLogout (src/hooks/useLogout.ts:140:19)
      at handleLogout (src/hooks/useLogout.error-recovery.property.test.tsx:252:36)
      at node_modules/@testing-library/react/dist/act-compat.js:47:24
      at act (node_modules/react/cjs/react.development.js:2512:16)
      at node_modules/@testing-library/react/dist/act-compat.js:46:25
      at src/hooks/useLogout.error-recovery.property.test.tsx:251:22
      at AsyncProperty.run (node_modules/fast-check/lib/cjs/check/property/AsyncProperty.generic.js:46:28)

    console.error
      [AuthLogger 2026-02-08T19:37:35.835Z] Logout failed

       98 |   } else {
       99 |     // In production, log minimal info
    > 100 |     consoleMethod(message);
          |     ^
      101 |   }
      102 | }
      103 |

      at consoleMethod (src/lib/auth/AuthLogger.ts:100:5)
      at log (src/lib/auth/AuthLogger.ts:268:3)
      at Object.handleLogout (src/hooks/useLogout.ts:140:19)
      at handleLogout (src/hooks/useLogout.error-recovery.property.test.tsx:240:36)
      at node_modules/@testing-library/react/dist/act-compat.js:47:24
      at act (node_modules/react/cjs/react.development.js:2512:16)
      at node_modules/@testing-library/react/dist/act-compat.js:46:25
      at src/hooks/useLogout.error-recovery.property.test.tsx:239:22
      at AsyncProperty.predicate (node_modules/fast-check/lib/cjs/check/property/AsyncProperty.js:17:102)
      at AsyncProperty.run (node_modules/fast-check/lib/cjs/check/property/AsyncProperty.generic.js:46:39)
      at TimeoutProperty.run (node_modules/fast-check/lib/cjs/check/property/TimeoutProperty.js:35:53)
      at asyncRunIt (node_modules/fast-check/lib/cjs/check/runner/Runner.js:28:36)
      at Object.<anonymous> (src/hooks/useLogout.error-recovery.property.test.tsx:222:5)

    console.error
      [AuthLogger 2026-02-08T19:37:35.835Z] Logout failed

       98 |   } else {
       99 |     // In production, log minimal info
    > 100 |     consoleMethod(message);
          |     ^
      101 |   }
      102 | }
      103 |

      at consoleMethod (src/lib/auth/AuthLogger.ts:100:5)
      at log (src/lib/auth/AuthLogger.ts:268:3)
      at Object.handleLogout (src/hooks/useLogout.ts:140:19)
      at handleLogout (src/hooks/useLogout.error-recovery.property.test.tsx:252:36)
      at node_modules/@testing-library/react/dist/act-compat.js:47:24
      at act (node_modules/react/cjs/react.development.js:2512:16)
      at node_modules/@testing-library/react/dist/act-compat.js:46:25
      at src/hooks/useLogout.error-recovery.property.test.tsx:251:22
      at AsyncProperty.run (node_modules/fast-check/lib/cjs/check/property/AsyncProperty.generic.js:46:28)

    console.error
      [AuthLogger 2026-02-08T19:37:35.837Z] Logout failed

       98 |   } else {
       99 |     // In production, log minimal info
    > 100 |     consoleMethod(message);
          |     ^
      101 |   }
      102 | }
      103 |

      at consoleMethod (src/lib/auth/AuthLogger.ts:100:5)
      at log (src/lib/auth/AuthLogger.ts:268:3)
      at Object.handleLogout (src/hooks/useLogout.ts:140:19)
      at handleLogout (src/hooks/useLogout.error-recovery.property.test.tsx:240:36)
      at node_modules/@testing-library/react/dist/act-compat.js:47:24
      at act (node_modules/react/cjs/react.development.js:2512:16)
      at node_modules/@testing-library/react/dist/act-compat.js:46:25
      at src/hooks/useLogout.error-recovery.property.test.tsx:239:22
      at AsyncProperty.predicate (node_modules/fast-check/lib/cjs/check/property/AsyncProperty.js:17:102)
      at AsyncProperty.run (node_modules/fast-check/lib/cjs/check/property/AsyncProperty.generic.js:46:39)
      at TimeoutProperty.run (node_modules/fast-check/lib/cjs/check/property/TimeoutProperty.js:35:53)
      at asyncRunIt (node_modules/fast-check/lib/cjs/check/runner/Runner.js:28:36)
      at Object.<anonymous> (src/hooks/useLogout.error-recovery.property.test.tsx:222:5)

    console.error
      [AuthLogger 2026-02-08T19:37:35.837Z] Logout failed

       98 |   } else {
       99 |     // In production, log minimal info
    > 100 |     consoleMethod(message);
          |     ^
      101 |   }
      102 | }
      103 |

      at consoleMethod (src/lib/auth/AuthLogger.ts:100:5)
      at log (src/lib/auth/AuthLogger.ts:268:3)
      at Object.handleLogout (src/hooks/useLogout.ts:140:19)
      at handleLogout (src/hooks/useLogout.error-recovery.property.test.tsx:252:36)
      at node_modules/@testing-library/react/dist/act-compat.js:47:24
      at act (node_modules/react/cjs/react.development.js:2512:16)
      at node_modules/@testing-library/react/dist/act-compat.js:46:25
      at src/hooks/useLogout.error-recovery.property.test.tsx:251:22
      at AsyncProperty.run (node_modules/fast-check/lib/cjs/check/property/AsyncProperty.generic.js:46:28)

    console.error
      [AuthLogger 2026-02-08T19:37:35.838Z] Logout failed

       98 |   } else {
       99 |     // In production, log minimal info
    > 100 |     consoleMethod(message);
          |     ^
      101 |   }
      102 | }
      103 |

      at consoleMethod (src/lib/auth/AuthLogger.ts:100:5)
      at log (src/lib/auth/AuthLogger.ts:268:3)
      at Object.handleLogout (src/hooks/useLogout.ts:140:19)
      at handleLogout (src/hooks/useLogout.error-recovery.property.test.tsx:240:36)
      at node_modules/@testing-library/react/dist/act-compat.js:47:24
      at act (node_modules/react/cjs/react.development.js:2512:16)
      at node_modules/@testing-library/react/dist/act-compat.js:46:25
      at src/hooks/useLogout.error-recovery.property.test.tsx:239:22
      at AsyncProperty.predicate (node_modules/fast-check/lib/cjs/check/property/AsyncProperty.js:17:102)
      at AsyncProperty.run (node_modules/fast-check/lib/cjs/check/property/AsyncProperty.generic.js:46:39)
      at TimeoutProperty.run (node_modules/fast-check/lib/cjs/check/property/TimeoutProperty.js:35:53)
      at asyncRunIt (node_modules/fast-check/lib/cjs/check/runner/Runner.js:28:36)
      at Object.<anonymous> (src/hooks/useLogout.error-recovery.property.test.tsx:222:5)

    console.error
      [AuthLogger 2026-02-08T19:37:35.839Z] Logout failed

       98 |   } else {
       99 |     // In production, log minimal info
    > 100 |     consoleMethod(message);
          |     ^
      101 |   }
      102 | }
      103 |

      at consoleMethod (src/lib/auth/AuthLogger.ts:100:5)
      at log (src/lib/auth/AuthLogger.ts:268:3)
      at Object.handleLogout (src/hooks/useLogout.ts:140:19)
      at handleLogout (src/hooks/useLogout.error-recovery.property.test.tsx:252:36)
      at node_modules/@testing-library/react/dist/act-compat.js:47:24
      at act (node_modules/react/cjs/react.development.js:2512:16)
      at node_modules/@testing-library/react/dist/act-compat.js:46:25
      at src/hooks/useLogout.error-recovery.property.test.tsx:251:22
      at AsyncProperty.run (node_modules/fast-check/lib/cjs/check/property/AsyncProperty.generic.js:46:28)

    console.error
      [AuthLogger 2026-02-08T19:37:35.840Z] Logout failed

       98 |   } else {
       99 |     // In production, log minimal info
    > 100 |     consoleMethod(message);
          |     ^
      101 |   }
      102 | }
      103 |

      at consoleMethod (src/lib/auth/AuthLogger.ts:100:5)
      at log (src/lib/auth/AuthLogger.ts:268:3)
      at Object.handleLogout (src/hooks/useLogout.ts:140:19)
      at handleLogout (src/hooks/useLogout.error-recovery.property.test.tsx:240:36)
      at node_modules/@testing-library/react/dist/act-compat.js:47:24
      at act (node_modules/react/cjs/react.development.js:2512:16)
      at node_modules/@testing-library/react/dist/act-compat.js:46:25
      at src/hooks/useLogout.error-recovery.property.test.tsx:239:22
      at AsyncProperty.predicate (node_modules/fast-check/lib/cjs/check/property/AsyncProperty.js:17:102)
      at AsyncProperty.run (node_modules/fast-check/lib/cjs/check/property/AsyncProperty.generic.js:46:39)
      at TimeoutProperty.run (node_modules/fast-check/lib/cjs/check/property/TimeoutProperty.js:35:53)
      at asyncRunIt (node_modules/fast-check/lib/cjs/check/runner/Runner.js:28:36)
      at Object.<anonymous> (src/hooks/useLogout.error-recovery.property.test.tsx:222:5)

    console.error
      [AuthLogger 2026-02-08T19:37:35.840Z] Logout failed

       98 |   } else {
       99 |     // In production, log minimal info
    > 100 |     consoleMethod(message);
          |     ^
      101 |   }
      102 | }
      103 |

      at consoleMethod (src/lib/auth/AuthLogger.ts:100:5)
      at log (src/lib/auth/AuthLogger.ts:268:3)
      at Object.handleLogout (src/hooks/useLogout.ts:140:19)
      at handleLogout (src/hooks/useLogout.error-recovery.property.test.tsx:252:36)
      at node_modules/@testing-library/react/dist/act-compat.js:47:24
      at act (node_modules/react/cjs/react.development.js:2512:16)
      at node_modules/@testing-library/react/dist/act-compat.js:46:25
      at src/hooks/useLogout.error-recovery.property.test.tsx:251:22
      at AsyncProperty.run (node_modules/fast-check/lib/cjs/check/property/AsyncProperty.generic.js:46:28)

    console.error
      [AuthLogger 2026-02-08T19:37:35.841Z] Logout failed

       98 |   } else {
       99 |     // In production, log minimal info
    > 100 |     consoleMethod(message);
          |     ^
      101 |   }
      102 | }
      103 |

      at consoleMethod (src/lib/auth/AuthLogger.ts:100:5)
      at log (src/lib/auth/AuthLogger.ts:268:3)
      at Object.handleLogout (src/hooks/useLogout.ts:140:19)
      at handleLogout (src/hooks/useLogout.error-recovery.property.test.tsx:240:36)
      at node_modules/@testing-library/react/dist/act-compat.js:47:24
      at act (node_modules/react/cjs/react.development.js:2512:16)
      at node_modules/@testing-library/react/dist/act-compat.js:46:25
      at src/hooks/useLogout.error-recovery.property.test.tsx:239:22
      at AsyncProperty.predicate (node_modules/fast-check/lib/cjs/check/property/AsyncProperty.js:17:102)
      at AsyncProperty.run (node_modules/fast-check/lib/cjs/check/property/AsyncProperty.generic.js:46:39)
      at TimeoutProperty.run (node_modules/fast-check/lib/cjs/check/property/TimeoutProperty.js:35:53)
      at asyncRunIt (node_modules/fast-check/lib/cjs/check/runner/Runner.js:28:36)
      at Object.<anonymous> (src/hooks/useLogout.error-recovery.property.test.tsx:222:5)

    console.error
      [AuthLogger 2026-02-08T19:37:35.843Z] Logout failed

       98 |   } else {
       99 |     // In production, log minimal info
    > 100 |     consoleMethod(message);
          |     ^
      101 |   }
      102 | }
      103 |

      at consoleMethod (src/lib/auth/AuthLogger.ts:100:5)
      at log (src/lib/auth/AuthLogger.ts:268:3)
      at Object.handleLogout (src/hooks/useLogout.ts:140:19)
      at handleLogout (src/hooks/useLogout.error-recovery.property.test.tsx:252:36)
      at node_modules/@testing-library/react/dist/act-compat.js:47:24
      at act (node_modules/react/cjs/react.development.js:2512:16)
      at node_modules/@testing-library/react/dist/act-compat.js:46:25
      at src/hooks/useLogout.error-recovery.property.test.tsx:251:22
      at AsyncProperty.run (node_modules/fast-check/lib/cjs/check/property/AsyncProperty.generic.js:46:28)

    console.error
      [AuthLogger 2026-02-08T19:37:35.845Z] Logout failed

       98 |   } else {
       99 |     // In production, log minimal info
    > 100 |     consoleMethod(message);
          |     ^
      101 |   }
      102 | }
      103 |

      at consoleMethod (src/lib/auth/AuthLogger.ts:100:5)
      at log (src/lib/auth/AuthLogger.ts:268:3)
      at Object.handleLogout (src/hooks/useLogout.ts:140:19)
      at handleLogout (src/hooks/useLogout.error-recovery.property.test.tsx:240:36)
      at node_modules/@testing-library/react/dist/act-compat.js:47:24
      at act (node_modules/react/cjs/react.development.js:2512:16)
      at node_modules/@testing-library/react/dist/act-compat.js:46:25
      at src/hooks/useLogout.error-recovery.property.test.tsx:239:22
      at AsyncProperty.predicate (node_modules/fast-check/lib/cjs/check/property/AsyncProperty.js:17:102)
      at AsyncProperty.run (node_modules/fast-check/lib/cjs/check/property/AsyncProperty.generic.js:46:39)
      at TimeoutProperty.run (node_modules/fast-check/lib/cjs/check/property/TimeoutProperty.js:35:53)
      at asyncRunIt (node_modules/fast-check/lib/cjs/check/runner/Runner.js:28:36)
      at Object.<anonymous> (src/hooks/useLogout.error-recovery.property.test.tsx:222:5)

    console.error
      [AuthLogger 2026-02-08T19:37:35.845Z] Logout failed

       98 |   } else {
       99 |     // In production, log minimal info
    > 100 |     consoleMethod(message);
          |     ^
      101 |   }
      102 | }
      103 |

      at consoleMethod (src/lib/auth/AuthLogger.ts:100:5)
      at log (src/lib/auth/AuthLogger.ts:268:3)
      at Object.handleLogout (src/hooks/useLogout.ts:140:19)
      at handleLogout (src/hooks/useLogout.error-recovery.property.test.tsx:252:36)
      at node_modules/@testing-library/react/dist/act-compat.js:47:24
      at act (node_modules/react/cjs/react.development.js:2512:16)
      at node_modules/@testing-library/react/dist/act-compat.js:46:25
      at src/hooks/useLogout.error-recovery.property.test.tsx:251:22
      at AsyncProperty.run (node_modules/fast-check/lib/cjs/check/property/AsyncProperty.generic.js:46:28)

    console.error
      [AuthLogger 2026-02-08T19:37:35.846Z] Logout failed

       98 |   } else {
       99 |     // In production, log minimal info
    > 100 |     consoleMethod(message);
          |     ^
      101 |   }
      102 | }
      103 |

      at consoleMethod (src/lib/auth/AuthLogger.ts:100:5)
      at log (src/lib/auth/AuthLogger.ts:268:3)
      at Object.handleLogout (src/hooks/useLogout.ts:140:19)
      at handleLogout (src/hooks/useLogout.error-recovery.property.test.tsx:240:36)
      at node_modules/@testing-library/react/dist/act-compat.js:47:24
      at act (node_modules/react/cjs/react.development.js:2512:16)
      at node_modules/@testing-library/react/dist/act-compat.js:46:25
      at src/hooks/useLogout.error-recovery.property.test.tsx:239:22
      at AsyncProperty.predicate (node_modules/fast-check/lib/cjs/check/property/AsyncProperty.js:17:102)
      at AsyncProperty.run (node_modules/fast-check/lib/cjs/check/property/AsyncProperty.generic.js:46:39)
      at TimeoutProperty.run (node_modules/fast-check/lib/cjs/check/property/TimeoutProperty.js:35:53)
      at asyncRunIt (node_modules/fast-check/lib/cjs/check/runner/Runner.js:28:36)
      at Object.<anonymous> (src/hooks/useLogout.error-recovery.property.test.tsx:222:5)

    console.error
      [AuthLogger 2026-02-08T19:37:35.847Z] Logout failed

       98 |   } else {
       99 |     // In production, log minimal info
    > 100 |     consoleMethod(message);
          |     ^
      101 |   }
      102 | }
      103 |

      at consoleMethod (src/lib/auth/AuthLogger.ts:100:5)
      at log (src/lib/auth/AuthLogger.ts:268:3)
      at Object.handleLogout (src/hooks/useLogout.ts:140:19)
      at handleLogout (src/hooks/useLogout.error-recovery.property.test.tsx:252:36)
      at node_modules/@testing-library/react/dist/act-compat.js:47:24
      at act (node_modules/react/cjs/react.development.js:2512:16)
      at node_modules/@testing-library/react/dist/act-compat.js:46:25
      at src/hooks/useLogout.error-recovery.property.test.tsx:251:22
      at AsyncProperty.run (node_modules/fast-check/lib/cjs/check/property/AsyncProperty.generic.js:46:28)

    console.error
      [AuthLogger 2026-02-08T19:37:35.851Z] Logout failed

       98 |   } else {
       99 |     // In production, log minimal info
    > 100 |     consoleMethod(message);
          |     ^
      101 |   }
      102 | }
      103 |

      at consoleMethod (src/lib/auth/AuthLogger.ts:100:5)
      at log (src/lib/auth/AuthLogger.ts:268:3)
      at Object.handleLogout (src/hooks/useLogout.ts:140:19)
      at handleLogout (src/hooks/useLogout.error-recovery.property.test.tsx:240:36)
      at node_modules/@testing-library/react/dist/act-compat.js:47:24
      at act (node_modules/react/cjs/react.development.js:2512:16)
      at node_modules/@testing-library/react/dist/act-compat.js:46:25
      at src/hooks/useLogout.error-recovery.property.test.tsx:239:22
      at AsyncProperty.predicate (node_modules/fast-check/lib/cjs/check/property/AsyncProperty.js:17:102)
      at AsyncProperty.run (node_modules/fast-check/lib/cjs/check/property/AsyncProperty.generic.js:46:39)
      at TimeoutProperty.run (node_modules/fast-check/lib/cjs/check/property/TimeoutProperty.js:35:53)
      at asyncRunIt (node_modules/fast-check/lib/cjs/check/runner/Runner.js:28:36)
      at Object.<anonymous> (src/hooks/useLogout.error-recovery.property.test.tsx:222:5)

    console.error
      [AuthLogger 2026-02-08T19:37:35.851Z] Logout failed

       98 |   } else {
       99 |     // In production, log minimal info
    > 100 |     consoleMethod(message);
          |     ^
      101 |   }
      102 | }
      103 |

      at consoleMethod (src/lib/auth/AuthLogger.ts:100:5)
      at log (src/lib/auth/AuthLogger.ts:268:3)
      at Object.handleLogout (src/hooks/useLogout.ts:140:19)
      at handleLogout (src/hooks/useLogout.error-recovery.property.test.tsx:252:36)
      at node_modules/@testing-library/react/dist/act-compat.js:47:24
      at act (node_modules/react/cjs/react.development.js:2512:16)
      at node_modules/@testing-library/react/dist/act-compat.js:46:25
      at src/hooks/useLogout.error-recovery.property.test.tsx:251:22
      at AsyncProperty.run (node_modules/fast-check/lib/cjs/check/property/AsyncProperty.generic.js:46:28)

    console.error
      [AuthLogger 2026-02-08T19:37:35.852Z] Logout failed

       98 |   } else {
       99 |     // In production, log minimal info
    > 100 |     consoleMethod(message);
          |     ^
      101 |   }
      102 | }
      103 |

      at consoleMethod (src/lib/auth/AuthLogger.ts:100:5)
      at log (src/lib/auth/AuthLogger.ts:268:3)
      at Object.handleLogout (src/hooks/useLogout.ts:140:19)
      at handleLogout (src/hooks/useLogout.error-recovery.property.test.tsx:240:36)
      at node_modules/@testing-library/react/dist/act-compat.js:47:24
      at act (node_modules/react/cjs/react.development.js:2512:16)
      at node_modules/@testing-library/react/dist/act-compat.js:46:25
      at src/hooks/useLogout.error-recovery.property.test.tsx:239:22
      at AsyncProperty.predicate (node_modules/fast-check/lib/cjs/check/property/AsyncProperty.js:17:102)
      at AsyncProperty.run (node_modules/fast-check/lib/cjs/check/property/AsyncProperty.generic.js:46:39)
      at TimeoutProperty.run (node_modules/fast-check/lib/cjs/check/property/TimeoutProperty.js:35:53)
      at asyncRunIt (node_modules/fast-check/lib/cjs/check/runner/Runner.js:28:36)
      at Object.<anonymous> (src/hooks/useLogout.error-recovery.property.test.tsx:222:5)

    console.error
      [AuthLogger 2026-02-08T19:37:35.854Z] Logout failed

       98 |   } else {
       99 |     // In production, log minimal info
    > 100 |     consoleMethod(message);
          |     ^
      101 |   }
      102 | }
      103 |

      at consoleMethod (src/lib/auth/AuthLogger.ts:100:5)
      at log (src/lib/auth/AuthLogger.ts:268:3)
      at Object.handleLogout (src/hooks/useLogout.ts:140:19)
      at handleLogout (src/hooks/useLogout.error-recovery.property.test.tsx:252:36)
      at node_modules/@testing-library/react/dist/act-compat.js:47:24
      at act (node_modules/react/cjs/react.development.js:2512:16)
      at node_modules/@testing-library/react/dist/act-compat.js:46:25
      at src/hooks/useLogout.error-recovery.property.test.tsx:251:22
      at AsyncProperty.run (node_modules/fast-check/lib/cjs/check/property/AsyncProperty.generic.js:46:28)

    console.error
      [AuthLogger 2026-02-08T19:37:35.857Z] Logout failed

       98 |   } else {
       99 |     // In production, log minimal info
    > 100 |     consoleMethod(message);
          |     ^
      101 |   }
      102 | }
      103 |

      at consoleMethod (src/lib/auth/AuthLogger.ts:100:5)
      at log (src/lib/auth/AuthLogger.ts:268:3)
      at Object.handleLogout (src/hooks/useLogout.ts:140:19)
      at handleLogout (src/hooks/useLogout.error-recovery.property.test.tsx:240:36)
      at node_modules/@testing-library/react/dist/act-compat.js:47:24
      at act (node_modules/react/cjs/react.development.js:2512:16)
      at node_modules/@testing-library/react/dist/act-compat.js:46:25
      at src/hooks/useLogout.error-recovery.property.test.tsx:239:22
      at AsyncProperty.predicate (node_modules/fast-check/lib/cjs/check/property/AsyncProperty.js:17:102)
      at AsyncProperty.run (node_modules/fast-check/lib/cjs/check/property/AsyncProperty.generic.js:46:39)
      at TimeoutProperty.run (node_modules/fast-check/lib/cjs/check/property/TimeoutProperty.js:35:53)
      at asyncRunIt (node_modules/fast-check/lib/cjs/check/runner/Runner.js:28:36)
      at Object.<anonymous> (src/hooks/useLogout.error-recovery.property.test.tsx:222:5)

    console.error
      [AuthLogger 2026-02-08T19:37:35.858Z] Logout failed

       98 |   } else {
       99 |     // In production, log minimal info
    > 100 |     consoleMethod(message);
          |     ^
      101 |   }
      102 | }
      103 |

      at consoleMethod (src/lib/auth/AuthLogger.ts:100:5)
      at log (src/lib/auth/AuthLogger.ts:268:3)
      at Object.handleLogout (src/hooks/useLogout.ts:140:19)
      at handleLogout (src/hooks/useLogout.error-recovery.property.test.tsx:252:36)
      at node_modules/@testing-library/react/dist/act-compat.js:47:24
      at act (node_modules/react/cjs/react.development.js:2512:16)
      at node_modules/@testing-library/react/dist/act-compat.js:46:25
      at src/hooks/useLogout.error-recovery.property.test.tsx:251:22
      at AsyncProperty.run (node_modules/fast-check/lib/cjs/check/property/AsyncProperty.generic.js:46:28)

    console.error
      [AuthLogger 2026-02-08T19:37:35.860Z] Logout failed

       98 |   } else {
       99 |     // In production, log minimal info
    > 100 |     consoleMethod(message);
          |     ^
      101 |   }
      102 | }
      103 |

      at consoleMethod (src/lib/auth/AuthLogger.ts:100:5)
      at log (src/lib/auth/AuthLogger.ts:268:3)
      at Object.handleLogout (src/hooks/useLogout.ts:140:19)
      at handleLogout (src/hooks/useLogout.error-recovery.property.test.tsx:240:36)
      at node_modules/@testing-library/react/dist/act-compat.js:47:24
      at act (node_modules/react/cjs/react.development.js:2512:16)
      at node_modules/@testing-library/react/dist/act-compat.js:46:25
      at src/hooks/useLogout.error-recovery.property.test.tsx:239:22
      at AsyncProperty.predicate (node_modules/fast-check/lib/cjs/check/property/AsyncProperty.js:17:102)
      at AsyncProperty.run (node_modules/fast-check/lib/cjs/check/property/AsyncProperty.generic.js:46:39)
      at TimeoutProperty.run (node_modules/fast-check/lib/cjs/check/property/TimeoutProperty.js:35:53)
      at asyncRunIt (node_modules/fast-check/lib/cjs/check/runner/Runner.js:28:36)
      at Object.<anonymous> (src/hooks/useLogout.error-recovery.property.test.tsx:222:5)

    console.error
      [AuthLogger 2026-02-08T19:37:35.860Z] Logout failed

       98 |   } else {
       99 |     // In production, log minimal info
    > 100 |     consoleMethod(message);
          |     ^
      101 |   }
      102 | }
      103 |

      at consoleMethod (src/lib/auth/AuthLogger.ts:100:5)
      at log (src/lib/auth/AuthLogger.ts:268:3)
      at Object.handleLogout (src/hooks/useLogout.ts:140:19)
      at handleLogout (src/hooks/useLogout.error-recovery.property.test.tsx:252:36)
      at node_modules/@testing-library/react/dist/act-compat.js:47:24
      at act (node_modules/react/cjs/react.development.js:2512:16)
      at node_modules/@testing-library/react/dist/act-compat.js:46:25
      at src/hooks/useLogout.error-recovery.property.test.tsx:251:22
      at AsyncProperty.run (node_modules/fast-check/lib/cjs/check/property/AsyncProperty.generic.js:46:28)

    console.error
      [AuthLogger 2026-02-08T19:37:35.861Z] Logout failed

       98 |   } else {
       99 |     // In production, log minimal info
    > 100 |     consoleMethod(message);
          |     ^
      101 |   }
      102 | }
      103 |

      at consoleMethod (src/lib/auth/AuthLogger.ts:100:5)
      at log (src/lib/auth/AuthLogger.ts:268:3)
      at Object.handleLogout (src/hooks/useLogout.ts:140:19)
      at handleLogout (src/hooks/useLogout.error-recovery.property.test.tsx:240:36)
      at node_modules/@testing-library/react/dist/act-compat.js:47:24
      at act (node_modules/react/cjs/react.development.js:2512:16)
      at node_modules/@testing-library/react/dist/act-compat.js:46:25
      at src/hooks/useLogout.error-recovery.property.test.tsx:239:22
      at AsyncProperty.predicate (node_modules/fast-check/lib/cjs/check/property/AsyncProperty.js:17:102)
      at AsyncProperty.run (node_modules/fast-check/lib/cjs/check/property/AsyncProperty.generic.js:46:39)
      at TimeoutProperty.run (node_modules/fast-check/lib/cjs/check/property/TimeoutProperty.js:35:53)
      at asyncRunIt (node_modules/fast-check/lib/cjs/check/runner/Runner.js:28:36)
      at Object.<anonymous> (src/hooks/useLogout.error-recovery.property.test.tsx:222:5)

    console.error
      [AuthLogger 2026-02-08T19:37:35.862Z] Logout failed

       98 |   } else {
       99 |     // In production, log minimal info
    > 100 |     consoleMethod(message);
          |     ^
      101 |   }
      102 | }
      103 |

      at consoleMethod (src/lib/auth/AuthLogger.ts:100:5)
      at log (src/lib/auth/AuthLogger.ts:268:3)
      at Object.handleLogout (src/hooks/useLogout.ts:140:19)
      at handleLogout (src/hooks/useLogout.error-recovery.property.test.tsx:252:36)
      at node_modules/@testing-library/react/dist/act-compat.js:47:24
      at act (node_modules/react/cjs/react.development.js:2512:16)
      at node_modules/@testing-library/react/dist/act-compat.js:46:25
      at src/hooks/useLogout.error-recovery.property.test.tsx:251:22
      at AsyncProperty.run (node_modules/fast-check/lib/cjs/check/property/AsyncProperty.generic.js:46:28)

    console.error
      [AuthLogger 2026-02-08T19:37:35.863Z] Logout failed

       98 |   } else {
       99 |     // In production, log minimal info
    > 100 |     consoleMethod(message);
          |     ^
      101 |   }
      102 | }
      103 |

      at consoleMethod (src/lib/auth/AuthLogger.ts:100:5)
      at log (src/lib/auth/AuthLogger.ts:268:3)
      at Object.handleLogout (src/hooks/useLogout.ts:140:19)
      at handleLogout (src/hooks/useLogout.error-recovery.property.test.tsx:240:36)
      at node_modules/@testing-library/react/dist/act-compat.js:47:24
      at act (node_modules/react/cjs/react.development.js:2512:16)
      at node_modules/@testing-library/react/dist/act-compat.js:46:25
      at src/hooks/useLogout.error-recovery.property.test.tsx:239:22
      at AsyncProperty.predicate (node_modules/fast-check/lib/cjs/check/property/AsyncProperty.js:17:102)
      at AsyncProperty.run (node_modules/fast-check/lib/cjs/check/property/AsyncProperty.generic.js:46:39)
      at TimeoutProperty.run (node_modules/fast-check/lib/cjs/check/property/TimeoutProperty.js:35:53)
      at asyncRunIt (node_modules/fast-check/lib/cjs/check/runner/Runner.js:28:36)
      at Object.<anonymous> (src/hooks/useLogout.error-recovery.property.test.tsx:222:5)

    console.error
      [AuthLogger 2026-02-08T19:37:35.867Z] Logout failed

       98 |   } else {
       99 |     // In production, log minimal info
    > 100 |     consoleMethod(message);
          |     ^
      101 |   }
      102 | }
      103 |

      at consoleMethod (src/lib/auth/AuthLogger.ts:100:5)
      at log (src/lib/auth/AuthLogger.ts:268:3)
      at Object.handleLogout (src/hooks/useLogout.ts:140:19)
      at handleLogout (src/hooks/useLogout.error-recovery.property.test.tsx:252:36)
      at node_modules/@testing-library/react/dist/act-compat.js:47:24
      at act (node_modules/react/cjs/react.development.js:2512:16)
      at node_modules/@testing-library/react/dist/act-compat.js:46:25
      at src/hooks/useLogout.error-recovery.property.test.tsx:251:22
      at AsyncProperty.run (node_modules/fast-check/lib/cjs/check/property/AsyncProperty.generic.js:46:28)

    console.error
      [AuthLogger 2026-02-08T19:37:35.868Z] Logout failed

       98 |   } else {
       99 |     // In production, log minimal info
    > 100 |     consoleMethod(message);
          |     ^
      101 |   }
      102 | }
      103 |

      at consoleMethod (src/lib/auth/AuthLogger.ts:100:5)
      at log (src/lib/auth/AuthLogger.ts:268:3)
      at Object.handleLogout (src/hooks/useLogout.ts:140:19)
      at handleLogout (src/hooks/useLogout.error-recovery.property.test.tsx:240:36)
      at node_modules/@testing-library/react/dist/act-compat.js:47:24
      at act (node_modules/react/cjs/react.development.js:2512:16)
      at node_modules/@testing-library/react/dist/act-compat.js:46:25
      at src/hooks/useLogout.error-recovery.property.test.tsx:239:22
      at AsyncProperty.predicate (node_modules/fast-check/lib/cjs/check/property/AsyncProperty.js:17:102)
      at AsyncProperty.run (node_modules/fast-check/lib/cjs/check/property/AsyncProperty.generic.js:46:39)
      at TimeoutProperty.run (node_modules/fast-check/lib/cjs/check/property/TimeoutProperty.js:35:53)
      at asyncRunIt (node_modules/fast-check/lib/cjs/check/runner/Runner.js:28:36)
      at Object.<anonymous> (src/hooks/useLogout.error-recovery.property.test.tsx:222:5)

    console.error
      [AuthLogger 2026-02-08T19:37:35.868Z] Logout failed

       98 |   } else {
       99 |     // In production, log minimal info
    > 100 |     consoleMethod(message);
          |     ^
      101 |   }
      102 | }
      103 |

      at consoleMethod (src/lib/auth/AuthLogger.ts:100:5)
      at log (src/lib/auth/AuthLogger.ts:268:3)
      at Object.handleLogout (src/hooks/useLogout.ts:140:19)
      at handleLogout (src/hooks/useLogout.error-recovery.property.test.tsx:252:36)
      at node_modules/@testing-library/react/dist/act-compat.js:47:24
      at act (node_modules/react/cjs/react.development.js:2512:16)
      at node_modules/@testing-library/react/dist/act-compat.js:46:25
      at src/hooks/useLogout.error-recovery.property.test.tsx:251:22
      at AsyncProperty.run (node_modules/fast-check/lib/cjs/check/property/AsyncProperty.generic.js:46:28)

    console.error
      [AuthLogger 2026-02-08T19:37:35.869Z] Logout failed

       98 |   } else {
       99 |     // In production, log minimal info
    > 100 |     consoleMethod(message);
          |     ^
      101 |   }
      102 | }
      103 |

      at consoleMethod (src/lib/auth/AuthLogger.ts:100:5)
      at log (src/lib/auth/AuthLogger.ts:268:3)
      at Object.handleLogout (src/hooks/useLogout.ts:140:19)
      at handleLogout (src/hooks/useLogout.error-recovery.property.test.tsx:240:36)
      at node_modules/@testing-library/react/dist/act-compat.js:47:24
      at act (node_modules/react/cjs/react.development.js:2512:16)
      at node_modules/@testing-library/react/dist/act-compat.js:46:25
      at src/hooks/useLogout.error-recovery.property.test.tsx:239:22
      at AsyncProperty.predicate (node_modules/fast-check/lib/cjs/check/property/AsyncProperty.js:17:102)
      at AsyncProperty.run (node_modules/fast-check/lib/cjs/check/property/AsyncProperty.generic.js:46:39)
      at TimeoutProperty.run (node_modules/fast-check/lib/cjs/check/property/TimeoutProperty.js:35:53)
      at asyncRunIt (node_modules/fast-check/lib/cjs/check/runner/Runner.js:28:36)
      at Object.<anonymous> (src/hooks/useLogout.error-recovery.property.test.tsx:222:5)

    console.error
      [AuthLogger 2026-02-08T19:37:35.869Z] Logout failed

       98 |   } else {
       99 |     // In production, log minimal info
    > 100 |     consoleMethod(message);
          |     ^
      101 |   }
      102 | }
      103 |

      at consoleMethod (src/lib/auth/AuthLogger.ts:100:5)
      at log (src/lib/auth/AuthLogger.ts:268:3)
      at Object.handleLogout (src/hooks/useLogout.ts:140:19)
      at handleLogout (src/hooks/useLogout.error-recovery.property.test.tsx:252:36)
      at node_modules/@testing-library/react/dist/act-compat.js:47:24
      at act (node_modules/react/cjs/react.development.js:2512:16)
      at node_modules/@testing-library/react/dist/act-compat.js:46:25
      at src/hooks/useLogout.error-recovery.property.test.tsx:251:22
      at AsyncProperty.run (node_modules/fast-check/lib/cjs/check/property/AsyncProperty.generic.js:46:28)

    console.error
      [AuthLogger 2026-02-08T19:37:35.870Z] Logout failed

       98 |   } else {
       99 |     // In production, log minimal info
    > 100 |     consoleMethod(message);
          |     ^
      101 |   }
      102 | }
      103 |

      at consoleMethod (src/lib/auth/AuthLogger.ts:100:5)
      at log (src/lib/auth/AuthLogger.ts:268:3)
      at Object.handleLogout (src/hooks/useLogout.ts:140:19)
      at handleLogout (src/hooks/useLogout.error-recovery.property.test.tsx:240:36)
      at node_modules/@testing-library/react/dist/act-compat.js:47:24
      at act (node_modules/react/cjs/react.development.js:2512:16)
      at node_modules/@testing-library/react/dist/act-compat.js:46:25
      at src/hooks/useLogout.error-recovery.property.test.tsx:239:22
      at AsyncProperty.predicate (node_modules/fast-check/lib/cjs/check/property/AsyncProperty.js:17:102)
      at AsyncProperty.run (node_modules/fast-check/lib/cjs/check/property/AsyncProperty.generic.js:46:39)
      at TimeoutProperty.run (node_modules/fast-check/lib/cjs/check/property/TimeoutProperty.js:35:53)
      at asyncRunIt (node_modules/fast-check/lib/cjs/check/runner/Runner.js:28:36)
      at Object.<anonymous> (src/hooks/useLogout.error-recovery.property.test.tsx:222:5)

    console.error
      [AuthLogger 2026-02-08T19:37:35.870Z] Logout failed

       98 |   } else {
       99 |     // In production, log minimal info
    > 100 |     consoleMethod(message);
          |     ^
      101 |   }
      102 | }
      103 |

      at consoleMethod (src/lib/auth/AuthLogger.ts:100:5)
      at log (src/lib/auth/AuthLogger.ts:268:3)
      at Object.handleLogout (src/hooks/useLogout.ts:140:19)
      at handleLogout (src/hooks/useLogout.error-recovery.property.test.tsx:252:36)
      at node_modules/@testing-library/react/dist/act-compat.js:47:24
      at act (node_modules/react/cjs/react.development.js:2512:16)
      at node_modules/@testing-library/react/dist/act-compat.js:46:25
      at src/hooks/useLogout.error-recovery.property.test.tsx:251:22
      at AsyncProperty.run (node_modules/fast-check/lib/cjs/check/property/AsyncProperty.generic.js:46:28)

    console.error
      [AuthLogger 2026-02-08T19:37:35.871Z] Logout failed

       98 |   } else {
       99 |     // In production, log minimal info
    > 100 |     consoleMethod(message);
          |     ^
      101 |   }
      102 | }
      103 |

      at consoleMethod (src/lib/auth/AuthLogger.ts:100:5)
      at log (src/lib/auth/AuthLogger.ts:268:3)
      at Object.handleLogout (src/hooks/useLogout.ts:140:19)
      at handleLogout (src/hooks/useLogout.error-recovery.property.test.tsx:240:36)
      at node_modules/@testing-library/react/dist/act-compat.js:47:24
      at act (node_modules/react/cjs/react.development.js:2512:16)
      at node_modules/@testing-library/react/dist/act-compat.js:46:25
      at src/hooks/useLogout.error-recovery.property.test.tsx:239:22
      at AsyncProperty.predicate (node_modules/fast-check/lib/cjs/check/property/AsyncProperty.js:17:102)
      at AsyncProperty.run (node_modules/fast-check/lib/cjs/check/property/AsyncProperty.generic.js:46:39)
      at TimeoutProperty.run (node_modules/fast-check/lib/cjs/check/property/TimeoutProperty.js:35:53)
      at asyncRunIt (node_modules/fast-check/lib/cjs/check/runner/Runner.js:28:36)
      at Object.<anonymous> (src/hooks/useLogout.error-recovery.property.test.tsx:222:5)

    console.error
      [AuthLogger 2026-02-08T19:37:35.871Z] Logout failed

       98 |   } else {
       99 |     // In production, log minimal info
    > 100 |     consoleMethod(message);
          |     ^
      101 |   }
      102 | }
      103 |

      at consoleMethod (src/lib/auth/AuthLogger.ts:100:5)
      at log (src/lib/auth/AuthLogger.ts:268:3)
      at Object.handleLogout (src/hooks/useLogout.ts:140:19)
      at handleLogout (src/hooks/useLogout.error-recovery.property.test.tsx:252:36)
      at node_modules/@testing-library/react/dist/act-compat.js:47:24
      at act (node_modules/react/cjs/react.development.js:2512:16)
      at node_modules/@testing-library/react/dist/act-compat.js:46:25
      at src/hooks/useLogout.error-recovery.property.test.tsx:251:22
      at AsyncProperty.run (node_modules/fast-check/lib/cjs/check/property/AsyncProperty.generic.js:46:28)

    console.error
      [AuthLogger 2026-02-08T19:37:35.872Z] Logout failed

       98 |   } else {
       99 |     // In production, log minimal info
    > 100 |     consoleMethod(message);
          |     ^
      101 |   }
      102 | }
      103 |

      at consoleMethod (src/lib/auth/AuthLogger.ts:100:5)
      at log (src/lib/auth/AuthLogger.ts:268:3)
      at Object.handleLogout (src/hooks/useLogout.ts:140:19)
      at handleLogout (src/hooks/useLogout.error-recovery.property.test.tsx:240:36)
      at node_modules/@testing-library/react/dist/act-compat.js:47:24
      at act (node_modules/react/cjs/react.development.js:2512:16)
      at node_modules/@testing-library/react/dist/act-compat.js:46:25
      at src/hooks/useLogout.error-recovery.property.test.tsx:239:22
      at AsyncProperty.predicate (node_modules/fast-check/lib/cjs/check/property/AsyncProperty.js:17:102)
      at AsyncProperty.run (node_modules/fast-check/lib/cjs/check/property/AsyncProperty.generic.js:46:39)
      at TimeoutProperty.run (node_modules/fast-check/lib/cjs/check/property/TimeoutProperty.js:35:53)
      at asyncRunIt (node_modules/fast-check/lib/cjs/check/runner/Runner.js:28:36)
      at Object.<anonymous> (src/hooks/useLogout.error-recovery.property.test.tsx:222:5)

    console.error
      [AuthLogger 2026-02-08T19:37:35.872Z] Logout failed

       98 |   } else {
       99 |     // In production, log minimal info
    > 100 |     consoleMethod(message);
          |     ^
      101 |   }
      102 | }
      103 |

      at consoleMethod (src/lib/auth/AuthLogger.ts:100:5)
      at log (src/lib/auth/AuthLogger.ts:268:3)
      at Object.handleLogout (src/hooks/useLogout.ts:140:19)
      at handleLogout (src/hooks/useLogout.error-recovery.property.test.tsx:252:36)
      at node_modules/@testing-library/react/dist/act-compat.js:47:24
      at act (node_modules/react/cjs/react.development.js:2512:16)
      at node_modules/@testing-library/react/dist/act-compat.js:46:25
      at src/hooks/useLogout.error-recovery.property.test.tsx:251:22
      at AsyncProperty.run (node_modules/fast-check/lib/cjs/check/property/AsyncProperty.generic.js:46:28)

    console.error
      [AuthLogger 2026-02-08T19:37:35.873Z] Logout failed

       98 |   } else {
       99 |     // In production, log minimal info
    > 100 |     consoleMethod(message);
          |     ^
      101 |   }
      102 | }
      103 |

      at consoleMethod (src/lib/auth/AuthLogger.ts:100:5)
      at log (src/lib/auth/AuthLogger.ts:268:3)
      at Object.handleLogout (src/hooks/useLogout.ts:140:19)
      at handleLogout (src/hooks/useLogout.error-recovery.property.test.tsx:240:36)
      at node_modules/@testing-library/react/dist/act-compat.js:47:24
      at act (node_modules/react/cjs/react.development.js:2512:16)
      at node_modules/@testing-library/react/dist/act-compat.js:46:25
      at src/hooks/useLogout.error-recovery.property.test.tsx:239:22
      at AsyncProperty.predicate (node_modules/fast-check/lib/cjs/check/property/AsyncProperty.js:17:102)
      at AsyncProperty.run (node_modules/fast-check/lib/cjs/check/property/AsyncProperty.generic.js:46:39)
      at TimeoutProperty.run (node_modules/fast-check/lib/cjs/check/property/TimeoutProperty.js:35:53)
      at asyncRunIt (node_modules/fast-check/lib/cjs/check/runner/Runner.js:28:36)
      at Object.<anonymous> (src/hooks/useLogout.error-recovery.property.test.tsx:222:5)

    console.error
      [AuthLogger 2026-02-08T19:37:35.873Z] Logout failed

       98 |   } else {
       99 |     // In production, log minimal info
    > 100 |     consoleMethod(message);
          |     ^
      101 |   }
      102 | }
      103 |

      at consoleMethod (src/lib/auth/AuthLogger.ts:100:5)
      at log (src/lib/auth/AuthLogger.ts:268:3)
      at Object.handleLogout (src/hooks/useLogout.ts:140:19)
      at handleLogout (src/hooks/useLogout.error-recovery.property.test.tsx:252:36)
      at node_modules/@testing-library/react/dist/act-compat.js:47:24
      at act (node_modules/react/cjs/react.development.js:2512:16)
      at node_modules/@testing-library/react/dist/act-compat.js:46:25
      at src/hooks/useLogout.error-recovery.property.test.tsx:251:22
      at AsyncProperty.run (node_modules/fast-check/lib/cjs/check/property/AsyncProperty.generic.js:46:28)

    console.error
      [AuthLogger 2026-02-08T19:37:35.873Z] Logout failed

       98 |   } else {
       99 |     // In production, log minimal info
    > 100 |     consoleMethod(message);
          |     ^
      101 |   }
      102 | }
      103 |

      at consoleMethod (src/lib/auth/AuthLogger.ts:100:5)
      at log (src/lib/auth/AuthLogger.ts:268:3)
      at Object.handleLogout (src/hooks/useLogout.ts:140:19)
      at handleLogout (src/hooks/useLogout.error-recovery.property.test.tsx:240:36)
      at node_modules/@testing-library/react/dist/act-compat.js:47:24
      at act (node_modules/react/cjs/react.development.js:2512:16)
      at node_modules/@testing-library/react/dist/act-compat.js:46:25
      at src/hooks/useLogout.error-recovery.property.test.tsx:239:22
      at AsyncProperty.predicate (node_modules/fast-check/lib/cjs/check/property/AsyncProperty.js:17:102)
      at AsyncProperty.run (node_modules/fast-check/lib/cjs/check/property/AsyncProperty.generic.js:46:39)
      at TimeoutProperty.run (node_modules/fast-check/lib/cjs/check/property/TimeoutProperty.js:35:53)
      at asyncRunIt (node_modules/fast-check/lib/cjs/check/runner/Runner.js:28:36)
      at Object.<anonymous> (src/hooks/useLogout.error-recovery.property.test.tsx:222:5)

    console.error
      [AuthLogger 2026-02-08T19:37:35.874Z] Logout failed

       98 |   } else {
       99 |     // In production, log minimal info
    > 100 |     consoleMethod(message);
          |     ^
      101 |   }
      102 | }
      103 |

      at consoleMethod (src/lib/auth/AuthLogger.ts:100:5)
      at log (src/lib/auth/AuthLogger.ts:268:3)
      at Object.handleLogout (src/hooks/useLogout.ts:140:19)
      at handleLogout (src/hooks/useLogout.error-recovery.property.test.tsx:252:36)
      at node_modules/@testing-library/react/dist/act-compat.js:47:24
      at act (node_modules/react/cjs/react.development.js:2512:16)
      at node_modules/@testing-library/react/dist/act-compat.js:46:25
      at src/hooks/useLogout.error-recovery.property.test.tsx:251:22
      at AsyncProperty.run (node_modules/fast-check/lib/cjs/check/property/AsyncProperty.generic.js:46:28)

    console.error
      [AuthLogger 2026-02-08T19:37:35.874Z] Logout failed

       98 |   } else {
       99 |     // In production, log minimal info
    > 100 |     consoleMethod(message);
          |     ^
      101 |   }
      102 | }
      103 |

      at consoleMethod (src/lib/auth/AuthLogger.ts:100:5)
      at log (src/lib/auth/AuthLogger.ts:268:3)
      at Object.handleLogout (src/hooks/useLogout.ts:140:19)
      at handleLogout (src/hooks/useLogout.error-recovery.property.test.tsx:240:36)
      at node_modules/@testing-library/react/dist/act-compat.js:47:24
      at act (node_modules/react/cjs/react.development.js:2512:16)
      at node_modules/@testing-library/react/dist/act-compat.js:46:25
      at src/hooks/useLogout.error-recovery.property.test.tsx:239:22
      at AsyncProperty.predicate (node_modules/fast-check/lib/cjs/check/property/AsyncProperty.js:17:102)
      at AsyncProperty.run (node_modules/fast-check/lib/cjs/check/property/AsyncProperty.generic.js:46:39)
      at TimeoutProperty.run (node_modules/fast-check/lib/cjs/check/property/TimeoutProperty.js:35:53)
      at asyncRunIt (node_modules/fast-check/lib/cjs/check/runner/Runner.js:28:36)
      at Object.<anonymous> (src/hooks/useLogout.error-recovery.property.test.tsx:222:5)

    console.error
      [AuthLogger 2026-02-08T19:37:35.875Z] Logout failed

       98 |   } else {
       99 |     // In production, log minimal info
    > 100 |     consoleMethod(message);
          |     ^
      101 |   }
      102 | }
      103 |

      at consoleMethod (src/lib/auth/AuthLogger.ts:100:5)
      at log (src/lib/auth/AuthLogger.ts:268:3)
      at Object.handleLogout (src/hooks/useLogout.ts:140:19)
      at handleLogout (src/hooks/useLogout.error-recovery.property.test.tsx:252:36)
      at node_modules/@testing-library/react/dist/act-compat.js:47:24
      at act (node_modules/react/cjs/react.development.js:2512:16)
      at node_modules/@testing-library/react/dist/act-compat.js:46:25
      at src/hooks/useLogout.error-recovery.property.test.tsx:251:22
      at AsyncProperty.run (node_modules/fast-check/lib/cjs/check/property/AsyncProperty.generic.js:46:28)

    console.error
      [AuthLogger 2026-02-08T19:37:35.876Z] Logout failed

       98 |   } else {
       99 |     // In production, log minimal info
    > 100 |     consoleMethod(message);
          |     ^
      101 |   }
      102 | }
      103 |

      at consoleMethod (src/lib/auth/AuthLogger.ts:100:5)
      at log (src/lib/auth/AuthLogger.ts:268:3)
      at Object.handleLogout (src/hooks/useLogout.ts:140:19)
      at handleLogout (src/hooks/useLogout.error-recovery.property.test.tsx:240:36)
      at node_modules/@testing-library/react/dist/act-compat.js:47:24
      at act (node_modules/react/cjs/react.development.js:2512:16)
      at node_modules/@testing-library/react/dist/act-compat.js:46:25
      at src/hooks/useLogout.error-recovery.property.test.tsx:239:22
      at AsyncProperty.predicate (node_modules/fast-check/lib/cjs/check/property/AsyncProperty.js:17:102)
      at AsyncProperty.run (node_modules/fast-check/lib/cjs/check/property/AsyncProperty.generic.js:46:39)
      at TimeoutProperty.run (node_modules/fast-check/lib/cjs/check/property/TimeoutProperty.js:35:53)
      at asyncRunIt (node_modules/fast-check/lib/cjs/check/runner/Runner.js:28:36)
      at Object.<anonymous> (src/hooks/useLogout.error-recovery.property.test.tsx:222:5)

    console.error
      [AuthLogger 2026-02-08T19:37:35.876Z] Logout failed

       98 |   } else {
       99 |     // In production, log minimal info
    > 100 |     consoleMethod(message);
          |     ^
      101 |   }
      102 | }
      103 |

      at consoleMethod (src/lib/auth/AuthLogger.ts:100:5)
      at log (src/lib/auth/AuthLogger.ts:268:3)
      at Object.handleLogout (src/hooks/useLogout.ts:140:19)
      at handleLogout (src/hooks/useLogout.error-recovery.property.test.tsx:252:36)
      at node_modules/@testing-library/react/dist/act-compat.js:47:24
      at act (node_modules/react/cjs/react.development.js:2512:16)
      at node_modules/@testing-library/react/dist/act-compat.js:46:25
      at src/hooks/useLogout.error-recovery.property.test.tsx:251:22
      at AsyncProperty.run (node_modules/fast-check/lib/cjs/check/property/AsyncProperty.generic.js:46:28)

    console.error
      [AuthLogger 2026-02-08T19:37:35.877Z] Logout failed

       98 |   } else {
       99 |     // In production, log minimal info
    > 100 |     consoleMethod(message);
          |     ^
      101 |   }
      102 | }
      103 |

      at consoleMethod (src/lib/auth/AuthLogger.ts:100:5)
      at log (src/lib/auth/AuthLogger.ts:268:3)
      at Object.handleLogout (src/hooks/useLogout.ts:140:19)
      at handleLogout (src/hooks/useLogout.error-recovery.property.test.tsx:240:36)
      at node_modules/@testing-library/react/dist/act-compat.js:47:24
      at act (node_modules/react/cjs/react.development.js:2512:16)
      at node_modules/@testing-library/react/dist/act-compat.js:46:25
      at src/hooks/useLogout.error-recovery.property.test.tsx:239:22
      at AsyncProperty.predicate (node_modules/fast-check/lib/cjs/check/property/AsyncProperty.js:17:102)
      at AsyncProperty.run (node_modules/fast-check/lib/cjs/check/property/AsyncProperty.generic.js:46:39)
      at TimeoutProperty.run (node_modules/fast-check/lib/cjs/check/property/TimeoutProperty.js:35:53)
      at asyncRunIt (node_modules/fast-check/lib/cjs/check/runner/Runner.js:28:36)
      at Object.<anonymous> (src/hooks/useLogout.error-recovery.property.test.tsx:222:5)

    console.error
      [AuthLogger 2026-02-08T19:37:35.877Z] Logout failed

       98 |   } else {
       99 |     // In production, log minimal info
    > 100 |     consoleMethod(message);
          |     ^
      101 |   }
      102 | }
      103 |

      at consoleMethod (src/lib/auth/AuthLogger.ts:100:5)
      at log (src/lib/auth/AuthLogger.ts:268:3)
      at Object.handleLogout (src/hooks/useLogout.ts:140:19)
      at handleLogout (src/hooks/useLogout.error-recovery.property.test.tsx:252:36)
      at node_modules/@testing-library/react/dist/act-compat.js:47:24
      at act (node_modules/react/cjs/react.development.js:2512:16)
      at node_modules/@testing-library/react/dist/act-compat.js:46:25
      at src/hooks/useLogout.error-recovery.property.test.tsx:251:22
      at AsyncProperty.run (node_modules/fast-check/lib/cjs/check/property/AsyncProperty.generic.js:46:28)

    console.error
      [AuthLogger 2026-02-08T19:37:35.878Z] Logout failed

       98 |   } else {
       99 |     // In production, log minimal info
    > 100 |     consoleMethod(message);
          |     ^
      101 |   }
      102 | }
      103 |

      at consoleMethod (src/lib/auth/AuthLogger.ts:100:5)
      at log (src/lib/auth/AuthLogger.ts:268:3)
      at Object.handleLogout (src/hooks/useLogout.ts:140:19)
      at handleLogout (src/hooks/useLogout.error-recovery.property.test.tsx:240:36)
      at node_modules/@testing-library/react/dist/act-compat.js:47:24
      at act (node_modules/react/cjs/react.development.js:2512:16)
      at node_modules/@testing-library/react/dist/act-compat.js:46:25
      at src/hooks/useLogout.error-recovery.property.test.tsx:239:22
      at AsyncProperty.predicate (node_modules/fast-check/lib/cjs/check/property/AsyncProperty.js:17:102)
      at AsyncProperty.run (node_modules/fast-check/lib/cjs/check/property/AsyncProperty.generic.js:46:39)
      at TimeoutProperty.run (node_modules/fast-check/lib/cjs/check/property/TimeoutProperty.js:35:53)
      at asyncRunIt (node_modules/fast-check/lib/cjs/check/runner/Runner.js:28:36)
      at Object.<anonymous> (src/hooks/useLogout.error-recovery.property.test.tsx:222:5)

    console.error
      [AuthLogger 2026-02-08T19:37:35.878Z] Logout failed

       98 |   } else {
       99 |     // In production, log minimal info
    > 100 |     consoleMethod(message);
          |     ^
      101 |   }
      102 | }
      103 |

      at consoleMethod (src/lib/auth/AuthLogger.ts:100:5)
      at log (src/lib/auth/AuthLogger.ts:268:3)
      at Object.handleLogout (src/hooks/useLogout.ts:140:19)
      at handleLogout (src/hooks/useLogout.error-recovery.property.test.tsx:252:36)
      at node_modules/@testing-library/react/dist/act-compat.js:47:24
      at act (node_modules/react/cjs/react.development.js:2512:16)
      at node_modules/@testing-library/react/dist/act-compat.js:46:25
      at src/hooks/useLogout.error-recovery.property.test.tsx:251:22
      at AsyncProperty.run (node_modules/fast-check/lib/cjs/check/property/AsyncProperty.generic.js:46:28)

    console.error
      [AuthLogger 2026-02-08T19:37:35.879Z] Logout failed

       98 |   } else {
       99 |     // In production, log minimal info
    > 100 |     consoleMethod(message);
          |     ^
      101 |   }
      102 | }
      103 |

      at consoleMethod (src/lib/auth/AuthLogger.ts:100:5)
      at log (src/lib/auth/AuthLogger.ts:268:3)
      at Object.handleLogout (src/hooks/useLogout.ts:140:19)
      at handleLogout (src/hooks/useLogout.error-recovery.property.test.tsx:240:36)
      at node_modules/@testing-library/react/dist/act-compat.js:47:24
      at act (node_modules/react/cjs/react.development.js:2512:16)
      at node_modules/@testing-library/react/dist/act-compat.js:46:25
      at src/hooks/useLogout.error-recovery.property.test.tsx:239:22
      at AsyncProperty.predicate (node_modules/fast-check/lib/cjs/check/property/AsyncProperty.js:17:102)
      at AsyncProperty.run (node_modules/fast-check/lib/cjs/check/property/AsyncProperty.generic.js:46:39)
      at TimeoutProperty.run (node_modules/fast-check/lib/cjs/check/property/TimeoutProperty.js:35:53)
      at asyncRunIt (node_modules/fast-check/lib/cjs/check/runner/Runner.js:28:36)
      at Object.<anonymous> (src/hooks/useLogout.error-recovery.property.test.tsx:222:5)

    console.error
      [AuthLogger 2026-02-08T19:37:35.879Z] Logout failed

       98 |   } else {
       99 |     // In production, log minimal info
    > 100 |     consoleMethod(message);
          |     ^
      101 |   }
      102 | }
      103 |

      at consoleMethod (src/lib/auth/AuthLogger.ts:100:5)
      at log (src/lib/auth/AuthLogger.ts:268:3)
      at Object.handleLogout (src/hooks/useLogout.ts:140:19)
      at handleLogout (src/hooks/useLogout.error-recovery.property.test.tsx:252:36)
      at node_modules/@testing-library/react/dist/act-compat.js:47:24
      at act (node_modules/react/cjs/react.development.js:2512:16)
      at node_modules/@testing-library/react/dist/act-compat.js:46:25
      at src/hooks/useLogout.error-recovery.property.test.tsx:251:22
      at AsyncProperty.run (node_modules/fast-check/lib/cjs/check/property/AsyncProperty.generic.js:46:28)

    console.error
      [AuthLogger 2026-02-08T19:37:35.880Z] Logout failed

       98 |   } else {
       99 |     // In production, log minimal info
    > 100 |     consoleMethod(message);
          |     ^
      101 |   }
      102 | }
      103 |

      at consoleMethod (src/lib/auth/AuthLogger.ts:100:5)
      at log (src/lib/auth/AuthLogger.ts:268:3)
      at Object.handleLogout (src/hooks/useLogout.ts:140:19)
      at handleLogout (src/hooks/useLogout.error-recovery.property.test.tsx:240:36)
      at node_modules/@testing-library/react/dist/act-compat.js:47:24
      at act (node_modules/react/cjs/react.development.js:2512:16)
      at node_modules/@testing-library/react/dist/act-compat.js:46:25
      at src/hooks/useLogout.error-recovery.property.test.tsx:239:22
      at AsyncProperty.predicate (node_modules/fast-check/lib/cjs/check/property/AsyncProperty.js:17:102)
      at AsyncProperty.run (node_modules/fast-check/lib/cjs/check/property/AsyncProperty.generic.js:46:39)
      at TimeoutProperty.run (node_modules/fast-check/lib/cjs/check/property/TimeoutProperty.js:35:53)
      at asyncRunIt (node_modules/fast-check/lib/cjs/check/runner/Runner.js:28:36)
      at Object.<anonymous> (src/hooks/useLogout.error-recovery.property.test.tsx:222:5)

    console.error
      [AuthLogger 2026-02-08T19:37:35.880Z] Logout failed

       98 |   } else {
       99 |     // In production, log minimal info
    > 100 |     consoleMethod(message);
          |     ^
      101 |   }
      102 | }
      103 |

      at consoleMethod (src/lib/auth/AuthLogger.ts:100:5)
      at log (src/lib/auth/AuthLogger.ts:268:3)
      at Object.handleLogout (src/hooks/useLogout.ts:140:19)
      at handleLogout (src/hooks/useLogout.error-recovery.property.test.tsx:252:36)
      at node_modules/@testing-library/react/dist/act-compat.js:47:24
      at act (node_modules/react/cjs/react.development.js:2512:16)
      at node_modules/@testing-library/react/dist/act-compat.js:46:25
      at src/hooks/useLogout.error-recovery.property.test.tsx:251:22
      at AsyncProperty.run (node_modules/fast-check/lib/cjs/check/property/AsyncProperty.generic.js:46:28)

    console.error
      [AuthLogger 2026-02-08T19:37:35.882Z] Logout failed

       98 |   } else {
       99 |     // In production, log minimal info
    > 100 |     consoleMethod(message);
          |     ^
      101 |   }
      102 | }
      103 |

      at consoleMethod (src/lib/auth/AuthLogger.ts:100:5)
      at log (src/lib/auth/AuthLogger.ts:268:3)
      at Object.handleLogout (src/hooks/useLogout.ts:140:19)
      at handleLogout (src/hooks/useLogout.error-recovery.property.test.tsx:240:36)
      at node_modules/@testing-library/react/dist/act-compat.js:47:24
      at act (node_modules/react/cjs/react.development.js:2512:16)
      at node_modules/@testing-library/react/dist/act-compat.js:46:25
      at src/hooks/useLogout.error-recovery.property.test.tsx:239:22
      at AsyncProperty.predicate (node_modules/fast-check/lib/cjs/check/property/AsyncProperty.js:17:102)
      at AsyncProperty.run (node_modules/fast-check/lib/cjs/check/property/AsyncProperty.generic.js:46:39)
      at TimeoutProperty.run (node_modules/fast-check/lib/cjs/check/property/TimeoutProperty.js:35:53)
      at asyncRunIt (node_modules/fast-check/lib/cjs/check/runner/Runner.js:28:36)
      at Object.<anonymous> (src/hooks/useLogout.error-recovery.property.test.tsx:222:5)

    console.error
      [AuthLogger 2026-02-08T19:37:35.882Z] Logout failed

       98 |   } else {
       99 |     // In production, log minimal info
    > 100 |     consoleMethod(message);
          |     ^
      101 |   }
      102 | }
      103 |

      at consoleMethod (src/lib/auth/AuthLogger.ts:100:5)
      at log (src/lib/auth/AuthLogger.ts:268:3)
      at Object.handleLogout (src/hooks/useLogout.ts:140:19)
      at handleLogout (src/hooks/useLogout.error-recovery.property.test.tsx:252:36)
      at node_modules/@testing-library/react/dist/act-compat.js:47:24
      at act (node_modules/react/cjs/react.development.js:2512:16)
      at node_modules/@testing-library/react/dist/act-compat.js:46:25
      at src/hooks/useLogout.error-recovery.property.test.tsx:251:22
      at AsyncProperty.run (node_modules/fast-check/lib/cjs/check/property/AsyncProperty.generic.js:46:28)

    console.error
      [AuthLogger 2026-02-08T19:37:35.883Z] Logout failed

       98 |   } else {
       99 |     // In production, log minimal info
    > 100 |     consoleMethod(message);
          |     ^
      101 |   }
      102 | }
      103 |

      at consoleMethod (src/lib/auth/AuthLogger.ts:100:5)
      at log (src/lib/auth/AuthLogger.ts:268:3)
      at Object.handleLogout (src/hooks/useLogout.ts:140:19)
      at handleLogout (src/hooks/useLogout.error-recovery.property.test.tsx:240:36)
      at node_modules/@testing-library/react/dist/act-compat.js:47:24
      at act (node_modules/react/cjs/react.development.js:2512:16)
      at node_modules/@testing-library/react/dist/act-compat.js:46:25
      at src/hooks/useLogout.error-recovery.property.test.tsx:239:22
      at AsyncProperty.predicate (node_modules/fast-check/lib/cjs/check/property/AsyncProperty.js:17:102)
      at AsyncProperty.run (node_modules/fast-check/lib/cjs/check/property/AsyncProperty.generic.js:46:39)
      at TimeoutProperty.run (node_modules/fast-check/lib/cjs/check/property/TimeoutProperty.js:35:53)
      at asyncRunIt (node_modules/fast-check/lib/cjs/check/runner/Runner.js:28:36)
      at Object.<anonymous> (src/hooks/useLogout.error-recovery.property.test.tsx:222:5)

    console.error
      [AuthLogger 2026-02-08T19:37:35.883Z] Logout failed

       98 |   } else {
       99 |     // In production, log minimal info
    > 100 |     consoleMethod(message);
          |     ^
      101 |   }
      102 | }
      103 |

      at consoleMethod (src/lib/auth/AuthLogger.ts:100:5)
      at log (src/lib/auth/AuthLogger.ts:268:3)
      at Object.handleLogout (src/hooks/useLogout.ts:140:19)
      at handleLogout (src/hooks/useLogout.error-recovery.property.test.tsx:252:36)
      at node_modules/@testing-library/react/dist/act-compat.js:47:24
      at act (node_modules/react/cjs/react.development.js:2512:16)
      at node_modules/@testing-library/react/dist/act-compat.js:46:25
      at src/hooks/useLogout.error-recovery.property.test.tsx:251:22
      at AsyncProperty.run (node_modules/fast-check/lib/cjs/check/property/AsyncProperty.generic.js:46:28)

    console.error
      [AuthLogger 2026-02-08T19:37:35.884Z] Logout failed

       98 |   } else {
       99 |     // In production, log minimal info
    > 100 |     consoleMethod(message);
          |     ^
      101 |   }
      102 | }
      103 |

      at consoleMethod (src/lib/auth/AuthLogger.ts:100:5)
      at log (src/lib/auth/AuthLogger.ts:268:3)
      at Object.handleLogout (src/hooks/useLogout.ts:140:19)
      at handleLogout (src/hooks/useLogout.error-recovery.property.test.tsx:240:36)
      at node_modules/@testing-library/react/dist/act-compat.js:47:24
      at act (node_modules/react/cjs/react.development.js:2512:16)
      at node_modules/@testing-library/react/dist/act-compat.js:46:25
      at src/hooks/useLogout.error-recovery.property.test.tsx:239:22
      at AsyncProperty.predicate (node_modules/fast-check/lib/cjs/check/property/AsyncProperty.js:17:102)
      at AsyncProperty.run (node_modules/fast-check/lib/cjs/check/property/AsyncProperty.generic.js:46:39)
      at TimeoutProperty.run (node_modules/fast-check/lib/cjs/check/property/TimeoutProperty.js:35:53)
      at asyncRunIt (node_modules/fast-check/lib/cjs/check/runner/Runner.js:28:36)
      at Object.<anonymous> (src/hooks/useLogout.error-recovery.property.test.tsx:222:5)

    console.error
      [AuthLogger 2026-02-08T19:37:35.884Z] Logout failed

       98 |   } else {
       99 |     // In production, log minimal info
    > 100 |     consoleMethod(message);
          |     ^
      101 |   }
      102 | }
      103 |

      at consoleMethod (src/lib/auth/AuthLogger.ts:100:5)
      at log (src/lib/auth/AuthLogger.ts:268:3)
      at Object.handleLogout (src/hooks/useLogout.ts:140:19)
      at handleLogout (src/hooks/useLogout.error-recovery.property.test.tsx:252:36)
      at node_modules/@testing-library/react/dist/act-compat.js:47:24
      at act (node_modules/react/cjs/react.development.js:2512:16)
      at node_modules/@testing-library/react/dist/act-compat.js:46:25
      at src/hooks/useLogout.error-recovery.property.test.tsx:251:22
      at AsyncProperty.run (node_modules/fast-check/lib/cjs/check/property/AsyncProperty.generic.js:46:28)

    console.error
      [AuthLogger 2026-02-08T19:37:35.885Z] Logout failed

       98 |   } else {
       99 |     // In production, log minimal info
    > 100 |     consoleMethod(message);
          |     ^
      101 |   }
      102 | }
      103 |

      at consoleMethod (src/lib/auth/AuthLogger.ts:100:5)
      at log (src/lib/auth/AuthLogger.ts:268:3)
      at Object.handleLogout (src/hooks/useLogout.ts:140:19)
      at handleLogout (src/hooks/useLogout.error-recovery.property.test.tsx:240:36)
      at node_modules/@testing-library/react/dist/act-compat.js:47:24
      at act (node_modules/react/cjs/react.development.js:2512:16)
      at node_modules/@testing-library/react/dist/act-compat.js:46:25
      at src/hooks/useLogout.error-recovery.property.test.tsx:239:22
      at AsyncProperty.predicate (node_modules/fast-check/lib/cjs/check/property/AsyncProperty.js:17:102)
      at AsyncProperty.run (node_modules/fast-check/lib/cjs/check/property/AsyncProperty.generic.js:46:39)
      at TimeoutProperty.run (node_modules/fast-check/lib/cjs/check/property/TimeoutProperty.js:35:53)
      at asyncRunIt (node_modules/fast-check/lib/cjs/check/runner/Runner.js:28:36)
      at Object.<anonymous> (src/hooks/useLogout.error-recovery.property.test.tsx:222:5)

    console.error
      [AuthLogger 2026-02-08T19:37:35.885Z] Logout failed

       98 |   } else {
       99 |     // In production, log minimal info
    > 100 |     consoleMethod(message);
          |     ^
      101 |   }
      102 | }
      103 |

      at consoleMethod (src/lib/auth/AuthLogger.ts:100:5)
      at log (src/lib/auth/AuthLogger.ts:268:3)
      at Object.handleLogout (src/hooks/useLogout.ts:140:19)
      at handleLogout (src/hooks/useLogout.error-recovery.property.test.tsx:252:36)
      at node_modules/@testing-library/react/dist/act-compat.js:47:24
      at act (node_modules/react/cjs/react.development.js:2512:16)
      at node_modules/@testing-library/react/dist/act-compat.js:46:25
      at src/hooks/useLogout.error-recovery.property.test.tsx:251:22
      at AsyncProperty.run (node_modules/fast-check/lib/cjs/check/property/AsyncProperty.generic.js:46:28)

    console.error
      [AuthLogger 2026-02-08T19:37:35.886Z] Logout failed

       98 |   } else {
       99 |     // In production, log minimal info
    > 100 |     consoleMethod(message);
          |     ^
      101 |   }
      102 | }
      103 |

      at consoleMethod (src/lib/auth/AuthLogger.ts:100:5)
      at log (src/lib/auth/AuthLogger.ts:268:3)
      at Object.handleLogout (src/hooks/useLogout.ts:140:19)
      at handleLogout (src/hooks/useLogout.error-recovery.property.test.tsx:240:36)
      at node_modules/@testing-library/react/dist/act-compat.js:47:24
      at act (node_modules/react/cjs/react.development.js:2512:16)
      at node_modules/@testing-library/react/dist/act-compat.js:46:25
      at src/hooks/useLogout.error-recovery.property.test.tsx:239:22
      at AsyncProperty.predicate (node_modules/fast-check/lib/cjs/check/property/AsyncProperty.js:17:102)
      at AsyncProperty.run (node_modules/fast-check/lib/cjs/check/property/AsyncProperty.generic.js:46:39)
      at TimeoutProperty.run (node_modules/fast-check/lib/cjs/check/property/TimeoutProperty.js:35:53)
      at asyncRunIt (node_modules/fast-check/lib/cjs/check/runner/Runner.js:28:36)
      at Object.<anonymous> (src/hooks/useLogout.error-recovery.property.test.tsx:222:5)

    console.error
      [AuthLogger 2026-02-08T19:37:35.886Z] Logout failed

       98 |   } else {
       99 |     // In production, log minimal info
    > 100 |     consoleMethod(message);
          |     ^
      101 |   }
      102 | }
      103 |

      at consoleMethod (src/lib/auth/AuthLogger.ts:100:5)
      at log (src/lib/auth/AuthLogger.ts:268:3)
      at Object.handleLogout (src/hooks/useLogout.ts:140:19)
      at handleLogout (src/hooks/useLogout.error-recovery.property.test.tsx:252:36)
      at node_modules/@testing-library/react/dist/act-compat.js:47:24
      at act (node_modules/react/cjs/react.development.js:2512:16)
      at node_modules/@testing-library/react/dist/act-compat.js:46:25
      at src/hooks/useLogout.error-recovery.property.test.tsx:251:22
      at AsyncProperty.run (node_modules/fast-check/lib/cjs/check/property/AsyncProperty.generic.js:46:28)

    console.error
      [AuthLogger 2026-02-08T19:37:35.887Z] Logout failed

       98 |   } else {
       99 |     // In production, log minimal info
    > 100 |     consoleMethod(message);
          |     ^
      101 |   }
      102 | }
      103 |

      at consoleMethod (src/lib/auth/AuthLogger.ts:100:5)
      at log (src/lib/auth/AuthLogger.ts:268:3)
      at Object.handleLogout (src/hooks/useLogout.ts:140:19)
      at handleLogout (src/hooks/useLogout.error-recovery.property.test.tsx:240:36)
      at node_modules/@testing-library/react/dist/act-compat.js:47:24
      at act (node_modules/react/cjs/react.development.js:2512:16)
      at node_modules/@testing-library/react/dist/act-compat.js:46:25
      at src/hooks/useLogout.error-recovery.property.test.tsx:239:22
      at AsyncProperty.predicate (node_modules/fast-check/lib/cjs/check/property/AsyncProperty.js:17:102)
      at AsyncProperty.run (node_modules/fast-check/lib/cjs/check/property/AsyncProperty.generic.js:46:39)
      at TimeoutProperty.run (node_modules/fast-check/lib/cjs/check/property/TimeoutProperty.js:35:53)
      at asyncRunIt (node_modules/fast-check/lib/cjs/check/runner/Runner.js:28:36)
      at Object.<anonymous> (src/hooks/useLogout.error-recovery.property.test.tsx:222:5)

    console.error
      [AuthLogger 2026-02-08T19:37:35.887Z] Logout failed

       98 |   } else {
       99 |     // In production, log minimal info
    > 100 |     consoleMethod(message);
          |     ^
      101 |   }
      102 | }
      103 |

      at consoleMethod (src/lib/auth/AuthLogger.ts:100:5)
      at log (src/lib/auth/AuthLogger.ts:268:3)
      at Object.handleLogout (src/hooks/useLogout.ts:140:19)
      at handleLogout (src/hooks/useLogout.error-recovery.property.test.tsx:252:36)
      at node_modules/@testing-library/react/dist/act-compat.js:47:24
      at act (node_modules/react/cjs/react.development.js:2512:16)
      at node_modules/@testing-library/react/dist/act-compat.js:46:25
      at src/hooks/useLogout.error-recovery.property.test.tsx:251:22
      at AsyncProperty.run (node_modules/fast-check/lib/cjs/check/property/AsyncProperty.generic.js:46:28)

    console.error
      [AuthLogger 2026-02-08T19:37:35.888Z] Logout failed

       98 |   } else {
       99 |     // In production, log minimal info
    > 100 |     consoleMethod(message);
          |     ^
      101 |   }
      102 | }
      103 |

      at consoleMethod (src/lib/auth/AuthLogger.ts:100:5)
      at log (src/lib/auth/AuthLogger.ts:268:3)
      at Object.handleLogout (src/hooks/useLogout.ts:140:19)
      at handleLogout (src/hooks/useLogout.error-recovery.property.test.tsx:240:36)
      at node_modules/@testing-library/react/dist/act-compat.js:47:24
      at act (node_modules/react/cjs/react.development.js:2512:16)
      at node_modules/@testing-library/react/dist/act-compat.js:46:25
      at src/hooks/useLogout.error-recovery.property.test.tsx:239:22
      at AsyncProperty.predicate (node_modules/fast-check/lib/cjs/check/property/AsyncProperty.js:17:102)
      at AsyncProperty.run (node_modules/fast-check/lib/cjs/check/property/AsyncProperty.generic.js:46:39)
      at TimeoutProperty.run (node_modules/fast-check/lib/cjs/check/property/TimeoutProperty.js:35:53)
      at asyncRunIt (node_modules/fast-check/lib/cjs/check/runner/Runner.js:28:36)
      at Object.<anonymous> (src/hooks/useLogout.error-recovery.property.test.tsx:222:5)

    console.error
      [AuthLogger 2026-02-08T19:37:35.888Z] Logout failed

       98 |   } else {
       99 |     // In production, log minimal info
    > 100 |     consoleMethod(message);
          |     ^
      101 |   }
      102 | }
      103 |

      at consoleMethod (src/lib/auth/AuthLogger.ts:100:5)
      at log (src/lib/auth/AuthLogger.ts:268:3)
      at Object.handleLogout (src/hooks/useLogout.ts:140:19)
      at handleLogout (src/hooks/useLogout.error-recovery.property.test.tsx:252:36)
      at node_modules/@testing-library/react/dist/act-compat.js:47:24
      at act (node_modules/react/cjs/react.development.js:2512:16)
      at node_modules/@testing-library/react/dist/act-compat.js:46:25
      at src/hooks/useLogout.error-recovery.property.test.tsx:251:22
      at AsyncProperty.run (node_modules/fast-check/lib/cjs/check/property/AsyncProperty.generic.js:46:28)

    console.error
      [AuthLogger 2026-02-08T19:37:35.889Z] Logout failed

       98 |   } else {
       99 |     // In production, log minimal info
    > 100 |     consoleMethod(message);
          |     ^
      101 |   }
      102 | }
      103 |

      at consoleMethod (src/lib/auth/AuthLogger.ts:100:5)
      at log (src/lib/auth/AuthLogger.ts:268:3)
      at Object.handleLogout (src/hooks/useLogout.ts:140:19)
      at handleLogout (src/hooks/useLogout.error-recovery.property.test.tsx:240:36)
      at node_modules/@testing-library/react/dist/act-compat.js:47:24
      at act (node_modules/react/cjs/react.development.js:2512:16)
      at node_modules/@testing-library/react/dist/act-compat.js:46:25
      at src/hooks/useLogout.error-recovery.property.test.tsx:239:22
      at AsyncProperty.predicate (node_modules/fast-check/lib/cjs/check/property/AsyncProperty.js:17:102)
      at AsyncProperty.run (node_modules/fast-check/lib/cjs/check/property/AsyncProperty.generic.js:46:39)
      at TimeoutProperty.run (node_modules/fast-check/lib/cjs/check/property/TimeoutProperty.js:35:53)
      at asyncRunIt (node_modules/fast-check/lib/cjs/check/runner/Runner.js:28:36)
      at Object.<anonymous> (src/hooks/useLogout.error-recovery.property.test.tsx:222:5)

    console.error
      [AuthLogger 2026-02-08T19:37:35.889Z] Logout failed

       98 |   } else {
       99 |     // In production, log minimal info
    > 100 |     consoleMethod(message);
          |     ^
      101 |   }
      102 | }
      103 |

      at consoleMethod (src/lib/auth/AuthLogger.ts:100:5)
      at log (src/lib/auth/AuthLogger.ts:268:3)
      at Object.handleLogout (src/hooks/useLogout.ts:140:19)
      at handleLogout (src/hooks/useLogout.error-recovery.property.test.tsx:252:36)
      at node_modules/@testing-library/react/dist/act-compat.js:47:24
      at act (node_modules/react/cjs/react.development.js:2512:16)
      at node_modules/@testing-library/react/dist/act-compat.js:46:25
      at src/hooks/useLogout.error-recovery.property.test.tsx:251:22
      at AsyncProperty.run (node_modules/fast-check/lib/cjs/check/property/AsyncProperty.generic.js:46:28)

    console.error
      [AuthLogger 2026-02-08T19:37:35.890Z] Logout failed

       98 |   } else {
       99 |     // In production, log minimal info
    > 100 |     consoleMethod(message);
          |     ^
      101 |   }
      102 | }
      103 |

      at consoleMethod (src/lib/auth/AuthLogger.ts:100:5)
      at log (src/lib/auth/AuthLogger.ts:268:3)
      at Object.handleLogout (src/hooks/useLogout.ts:140:19)
      at handleLogout (src/hooks/useLogout.error-recovery.property.test.tsx:240:36)
      at node_modules/@testing-library/react/dist/act-compat.js:47:24
      at act (node_modules/react/cjs/react.development.js:2512:16)
      at node_modules/@testing-library/react/dist/act-compat.js:46:25
      at src/hooks/useLogout.error-recovery.property.test.tsx:239:22
      at AsyncProperty.predicate (node_modules/fast-check/lib/cjs/check/property/AsyncProperty.js:17:102)
      at AsyncProperty.run (node_modules/fast-check/lib/cjs/check/property/AsyncProperty.generic.js:46:39)
      at TimeoutProperty.run (node_modules/fast-check/lib/cjs/check/property/TimeoutProperty.js:35:53)
      at asyncRunIt (node_modules/fast-check/lib/cjs/check/runner/Runner.js:28:36)
      at Object.<anonymous> (src/hooks/useLogout.error-recovery.property.test.tsx:222:5)

    console.error
      [AuthLogger 2026-02-08T19:37:35.890Z] Logout failed

       98 |   } else {
       99 |     // In production, log minimal info
    > 100 |     consoleMethod(message);
          |     ^
      101 |   }
      102 | }
      103 |

      at consoleMethod (src/lib/auth/AuthLogger.ts:100:5)
      at log (src/lib/auth/AuthLogger.ts:268:3)
      at Object.handleLogout (src/hooks/useLogout.ts:140:19)
      at handleLogout (src/hooks/useLogout.error-recovery.property.test.tsx:252:36)
      at node_modules/@testing-library/react/dist/act-compat.js:47:24
      at act (node_modules/react/cjs/react.development.js:2512:16)
      at node_modules/@testing-library/react/dist/act-compat.js:46:25
      at src/hooks/useLogout.error-recovery.property.test.tsx:251:22
      at AsyncProperty.run (node_modules/fast-check/lib/cjs/check/property/AsyncProperty.generic.js:46:28)

    console.error
      [AuthLogger 2026-02-08T19:37:35.891Z] Logout failed

       98 |   } else {
       99 |     // In production, log minimal info
    > 100 |     consoleMethod(message);
          |     ^
      101 |   }
      102 | }
      103 |

      at consoleMethod (src/lib/auth/AuthLogger.ts:100:5)
      at log (src/lib/auth/AuthLogger.ts:268:3)
      at Object.handleLogout (src/hooks/useLogout.ts:140:19)
      at handleLogout (src/hooks/useLogout.error-recovery.property.test.tsx:240:36)
      at node_modules/@testing-library/react/dist/act-compat.js:47:24
      at act (node_modules/react/cjs/react.development.js:2512:16)
      at node_modules/@testing-library/react/dist/act-compat.js:46:25
      at src/hooks/useLogout.error-recovery.property.test.tsx:239:22
      at AsyncProperty.predicate (node_modules/fast-check/lib/cjs/check/property/AsyncProperty.js:17:102)
      at AsyncProperty.run (node_modules/fast-check/lib/cjs/check/property/AsyncProperty.generic.js:46:39)
      at TimeoutProperty.run (node_modules/fast-check/lib/cjs/check/property/TimeoutProperty.js:35:53)
      at asyncRunIt (node_modules/fast-check/lib/cjs/check/runner/Runner.js:28:36)
      at Object.<anonymous> (src/hooks/useLogout.error-recovery.property.test.tsx:222:5)

    console.error
      [AuthLogger 2026-02-08T19:37:35.891Z] Logout failed

       98 |   } else {
       99 |     // In production, log minimal info
    > 100 |     consoleMethod(message);
          |     ^
      101 |   }
      102 | }
      103 |

      at consoleMethod (src/lib/auth/AuthLogger.ts:100:5)
      at log (src/lib/auth/AuthLogger.ts:268:3)
      at Object.handleLogout (src/hooks/useLogout.ts:140:19)
      at handleLogout (src/hooks/useLogout.error-recovery.property.test.tsx:252:36)
      at node_modules/@testing-library/react/dist/act-compat.js:47:24
      at act (node_modules/react/cjs/react.development.js:2512:16)
      at node_modules/@testing-library/react/dist/act-compat.js:46:25
      at src/hooks/useLogout.error-recovery.property.test.tsx:251:22
      at AsyncProperty.run (node_modules/fast-check/lib/cjs/check/property/AsyncProperty.generic.js:46:28)

    console.error
      [AuthLogger 2026-02-08T19:37:35.892Z] Logout failed

       98 |   } else {
       99 |     // In production, log minimal info
    > 100 |     consoleMethod(message);
          |     ^
      101 |   }
      102 | }
      103 |

      at consoleMethod (src/lib/auth/AuthLogger.ts:100:5)
      at log (src/lib/auth/AuthLogger.ts:268:3)
      at Object.handleLogout (src/hooks/useLogout.ts:140:19)
      at handleLogout (src/hooks/useLogout.error-recovery.property.test.tsx:240:36)
      at node_modules/@testing-library/react/dist/act-compat.js:47:24
      at act (node_modules/react/cjs/react.development.js:2512:16)
      at node_modules/@testing-library/react/dist/act-compat.js:46:25
      at src/hooks/useLogout.error-recovery.property.test.tsx:239:22
      at AsyncProperty.predicate (node_modules/fast-check/lib/cjs/check/property/AsyncProperty.js:17:102)
      at AsyncProperty.run (node_modules/fast-check/lib/cjs/check/property/AsyncProperty.generic.js:46:39)
      at TimeoutProperty.run (node_modules/fast-check/lib/cjs/check/property/TimeoutProperty.js:35:53)
      at asyncRunIt (node_modules/fast-check/lib/cjs/check/runner/Runner.js:28:36)
      at Object.<anonymous> (src/hooks/useLogout.error-recovery.property.test.tsx:222:5)

    console.error
      [AuthLogger 2026-02-08T19:37:35.892Z] Logout failed

       98 |   } else {
       99 |     // In production, log minimal info
    > 100 |     consoleMethod(message);
          |     ^
      101 |   }
      102 | }
      103 |

      at consoleMethod (src/lib/auth/AuthLogger.ts:100:5)
      at log (src/lib/auth/AuthLogger.ts:268:3)
      at Object.handleLogout (src/hooks/useLogout.ts:140:19)
      at handleLogout (src/hooks/useLogout.error-recovery.property.test.tsx:252:36)
      at node_modules/@testing-library/react/dist/act-compat.js:47:24
      at act (node_modules/react/cjs/react.development.js:2512:16)
      at node_modules/@testing-library/react/dist/act-compat.js:46:25
      at src/hooks/useLogout.error-recovery.property.test.tsx:251:22
      at AsyncProperty.run (node_modules/fast-check/lib/cjs/check/property/AsyncProperty.generic.js:46:28)

    console.error
      [AuthLogger 2026-02-08T19:37:35.893Z] Logout failed

       98 |   } else {
       99 |     // In production, log minimal info
    > 100 |     consoleMethod(message);
          |     ^
      101 |   }
      102 | }
      103 |

      at consoleMethod (src/lib/auth/AuthLogger.ts:100:5)
      at log (src/lib/auth/AuthLogger.ts:268:3)
      at Object.handleLogout (src/hooks/useLogout.ts:140:19)
      at handleLogout (src/hooks/useLogout.error-recovery.property.test.tsx:240:36)
      at node_modules/@testing-library/react/dist/act-compat.js:47:24
      at act (node_modules/react/cjs/react.development.js:2512:16)
      at node_modules/@testing-library/react/dist/act-compat.js:46:25
      at src/hooks/useLogout.error-recovery.property.test.tsx:239:22
      at AsyncProperty.predicate (node_modules/fast-check/lib/cjs/check/property/AsyncProperty.js:17:102)
      at AsyncProperty.run (node_modules/fast-check/lib/cjs/check/property/AsyncProperty.generic.js:46:39)
      at TimeoutProperty.run (node_modules/fast-check/lib/cjs/check/property/TimeoutProperty.js:35:53)
      at asyncRunIt (node_modules/fast-check/lib/cjs/check/runner/Runner.js:28:36)
      at Object.<anonymous> (src/hooks/useLogout.error-recovery.property.test.tsx:222:5)

    console.error
      [AuthLogger 2026-02-08T19:37:35.893Z] Logout failed

       98 |   } else {
       99 |     // In production, log minimal info
    > 100 |     consoleMethod(message);
          |     ^
      101 |   }
      102 | }
      103 |

      at consoleMethod (src/lib/auth/AuthLogger.ts:100:5)
      at log (src/lib/auth/AuthLogger.ts:268:3)
      at Object.handleLogout (src/hooks/useLogout.ts:140:19)
      at handleLogout (src/hooks/useLogout.error-recovery.property.test.tsx:252:36)
      at node_modules/@testing-library/react/dist/act-compat.js:47:24
      at act (node_modules/react/cjs/react.development.js:2512:16)
      at node_modules/@testing-library/react/dist/act-compat.js:46:25
      at src/hooks/useLogout.error-recovery.property.test.tsx:251:22
      at AsyncProperty.run (node_modules/fast-check/lib/cjs/check/property/AsyncProperty.generic.js:46:28)

    console.error
      [AuthLogger 2026-02-08T19:37:35.893Z] Logout failed

       98 |   } else {
       99 |     // In production, log minimal info
    > 100 |     consoleMethod(message);
          |     ^
      101 |   }
      102 | }
      103 |

      at consoleMethod (src/lib/auth/AuthLogger.ts:100:5)
      at log (src/lib/auth/AuthLogger.ts:268:3)
      at Object.handleLogout (src/hooks/useLogout.ts:140:19)
      at handleLogout (src/hooks/useLogout.error-recovery.property.test.tsx:240:36)
      at node_modules/@testing-library/react/dist/act-compat.js:47:24
      at act (node_modules/react/cjs/react.development.js:2512:16)
      at node_modules/@testing-library/react/dist/act-compat.js:46:25
      at src/hooks/useLogout.error-recovery.property.test.tsx:239:22
      at AsyncProperty.predicate (node_modules/fast-check/lib/cjs/check/property/AsyncProperty.js:17:102)
      at AsyncProperty.run (node_modules/fast-check/lib/cjs/check/property/AsyncProperty.generic.js:46:39)
      at TimeoutProperty.run (node_modules/fast-check/lib/cjs/check/property/TimeoutProperty.js:35:53)
      at asyncRunIt (node_modules/fast-check/lib/cjs/check/runner/Runner.js:28:36)
      at Object.<anonymous> (src/hooks/useLogout.error-recovery.property.test.tsx:222:5)

    console.error
      [AuthLogger 2026-02-08T19:37:35.894Z] Logout failed

       98 |   } else {
       99 |     // In production, log minimal info
    > 100 |     consoleMethod(message);
          |     ^
      101 |   }
      102 | }
      103 |

      at consoleMethod (src/lib/auth/AuthLogger.ts:100:5)
      at log (src/lib/auth/AuthLogger.ts:268:3)
      at Object.handleLogout (src/hooks/useLogout.ts:140:19)
      at handleLogout (src/hooks/useLogout.error-recovery.property.test.tsx:252:36)
      at node_modules/@testing-library/react/dist/act-compat.js:47:24
      at act (node_modules/react/cjs/react.development.js:2512:16)
      at node_modules/@testing-library/react/dist/act-compat.js:46:25
      at src/hooks/useLogout.error-recovery.property.test.tsx:251:22
      at AsyncProperty.run (node_modules/fast-check/lib/cjs/check/property/AsyncProperty.generic.js:46:28)

    console.error
      [AuthLogger 2026-02-08T19:37:35.894Z] Logout failed

       98 |   } else {
       99 |     // In production, log minimal info
    > 100 |     consoleMethod(message);
          |     ^
      101 |   }
      102 | }
      103 |

      at consoleMethod (src/lib/auth/AuthLogger.ts:100:5)
      at log (src/lib/auth/AuthLogger.ts:268:3)
      at Object.handleLogout (src/hooks/useLogout.ts:140:19)
      at handleLogout (src/hooks/useLogout.error-recovery.property.test.tsx:240:36)
      at node_modules/@testing-library/react/dist/act-compat.js:47:24
      at act (node_modules/react/cjs/react.development.js:2512:16)
      at node_modules/@testing-library/react/dist/act-compat.js:46:25
      at src/hooks/useLogout.error-recovery.property.test.tsx:239:22
      at AsyncProperty.predicate (node_modules/fast-check/lib/cjs/check/property/AsyncProperty.js:17:102)
      at AsyncProperty.run (node_modules/fast-check/lib/cjs/check/property/AsyncProperty.generic.js:46:39)
      at TimeoutProperty.run (node_modules/fast-check/lib/cjs/check/property/TimeoutProperty.js:35:53)
      at asyncRunIt (node_modules/fast-check/lib/cjs/check/runner/Runner.js:28:36)
      at Object.<anonymous> (src/hooks/useLogout.error-recovery.property.test.tsx:222:5)

    console.error
      [AuthLogger 2026-02-08T19:37:35.895Z] Logout failed

       98 |   } else {
       99 |     // In production, log minimal info
    > 100 |     consoleMethod(message);
          |     ^
      101 |   }
      102 | }
      103 |

      at consoleMethod (src/lib/auth/AuthLogger.ts:100:5)
      at log (src/lib/auth/AuthLogger.ts:268:3)
      at Object.handleLogout (src/hooks/useLogout.ts:140:19)
      at handleLogout (src/hooks/useLogout.error-recovery.property.test.tsx:252:36)
      at node_modules/@testing-library/react/dist/act-compat.js:47:24
      at act (node_modules/react/cjs/react.development.js:2512:16)
      at node_modules/@testing-library/react/dist/act-compat.js:46:25
      at src/hooks/useLogout.error-recovery.property.test.tsx:251:22
      at AsyncProperty.run (node_modules/fast-check/lib/cjs/check/property/AsyncProperty.generic.js:46:28)

    console.error
      [AuthLogger 2026-02-08T19:37:35.895Z] Logout failed

       98 |   } else {
       99 |     // In production, log minimal info
    > 100 |     consoleMethod(message);
          |     ^
      101 |   }
      102 | }
      103 |

      at consoleMethod (src/lib/auth/AuthLogger.ts:100:5)
      at log (src/lib/auth/AuthLogger.ts:268:3)
      at Object.handleLogout (src/hooks/useLogout.ts:140:19)
      at handleLogout (src/hooks/useLogout.error-recovery.property.test.tsx:240:36)
      at node_modules/@testing-library/react/dist/act-compat.js:47:24
      at act (node_modules/react/cjs/react.development.js:2512:16)
      at node_modules/@testing-library/react/dist/act-compat.js:46:25
      at src/hooks/useLogout.error-recovery.property.test.tsx:239:22
      at AsyncProperty.predicate (node_modules/fast-check/lib/cjs/check/property/AsyncProperty.js:17:102)
      at AsyncProperty.run (node_modules/fast-check/lib/cjs/check/property/AsyncProperty.generic.js:46:39)
      at TimeoutProperty.run (node_modules/fast-check/lib/cjs/check/property/TimeoutProperty.js:35:53)
      at asyncRunIt (node_modules/fast-check/lib/cjs/check/runner/Runner.js:28:36)
      at Object.<anonymous> (src/hooks/useLogout.error-recovery.property.test.tsx:222:5)

    console.error
      [AuthLogger 2026-02-08T19:37:35.896Z] Logout failed

       98 |   } else {
       99 |     // In production, log minimal info
    > 100 |     consoleMethod(message);
          |     ^
      101 |   }
      102 | }
      103 |

      at consoleMethod (src/lib/auth/AuthLogger.ts:100:5)
      at log (src/lib/auth/AuthLogger.ts:268:3)
      at Object.handleLogout (src/hooks/useLogout.ts:140:19)
      at handleLogout (src/hooks/useLogout.error-recovery.property.test.tsx:252:36)
      at node_modules/@testing-library/react/dist/act-compat.js:47:24
      at act (node_modules/react/cjs/react.development.js:2512:16)
      at node_modules/@testing-library/react/dist/act-compat.js:46:25
      at src/hooks/useLogout.error-recovery.property.test.tsx:251:22
      at AsyncProperty.run (node_modules/fast-check/lib/cjs/check/property/AsyncProperty.generic.js:46:28)

    console.error
      [AuthLogger 2026-02-08T19:37:35.897Z] Logout failed

       98 |   } else {
       99 |     // In production, log minimal info
    > 100 |     consoleMethod(message);
          |     ^
      101 |   }
      102 | }
      103 |

      at consoleMethod (src/lib/auth/AuthLogger.ts:100:5)
      at log (src/lib/auth/AuthLogger.ts:268:3)
      at Object.handleLogout (src/hooks/useLogout.ts:140:19)
      at handleLogout (src/hooks/useLogout.error-recovery.property.test.tsx:240:36)
      at node_modules/@testing-library/react/dist/act-compat.js:47:24
      at act (node_modules/react/cjs/react.development.js:2512:16)
      at node_modules/@testing-library/react/dist/act-compat.js:46:25
      at src/hooks/useLogout.error-recovery.property.test.tsx:239:22
      at AsyncProperty.predicate (node_modules/fast-check/lib/cjs/check/property/AsyncProperty.js:17:102)
      at AsyncProperty.run (node_modules/fast-check/lib/cjs/check/property/AsyncProperty.generic.js:46:39)
      at TimeoutProperty.run (node_modules/fast-check/lib/cjs/check/property/TimeoutProperty.js:35:53)
      at asyncRunIt (node_modules/fast-check/lib/cjs/check/runner/Runner.js:28:36)
      at Object.<anonymous> (src/hooks/useLogout.error-recovery.property.test.tsx:222:5)

    console.error
      [AuthLogger 2026-02-08T19:37:35.897Z] Logout failed

       98 |   } else {
       99 |     // In production, log minimal info
    > 100 |     consoleMethod(message);
          |     ^
      101 |   }
      102 | }
      103 |

      at consoleMethod (src/lib/auth/AuthLogger.ts:100:5)
      at log (src/lib/auth/AuthLogger.ts:268:3)
      at Object.handleLogout (src/hooks/useLogout.ts:140:19)
      at handleLogout (src/hooks/useLogout.error-recovery.property.test.tsx:252:36)
      at node_modules/@testing-library/react/dist/act-compat.js:47:24
      at act (node_modules/react/cjs/react.development.js:2512:16)
      at node_modules/@testing-library/react/dist/act-compat.js:46:25
      at src/hooks/useLogout.error-recovery.property.test.tsx:251:22
      at AsyncProperty.run (node_modules/fast-check/lib/cjs/check/property/AsyncProperty.generic.js:46:28)

    console.error
      [AuthLogger 2026-02-08T19:37:35.898Z] Logout failed

       98 |   } else {
       99 |     // In production, log minimal info
    > 100 |     consoleMethod(message);
          |     ^
      101 |   }
      102 | }
      103 |

      at consoleMethod (src/lib/auth/AuthLogger.ts:100:5)
      at log (src/lib/auth/AuthLogger.ts:268:3)
      at Object.handleLogout (src/hooks/useLogout.ts:140:19)
      at handleLogout (src/hooks/useLogout.error-recovery.property.test.tsx:240:36)
      at node_modules/@testing-library/react/dist/act-compat.js:47:24
      at act (node_modules/react/cjs/react.development.js:2512:16)
      at node_modules/@testing-library/react/dist/act-compat.js:46:25
      at src/hooks/useLogout.error-recovery.property.test.tsx:239:22
      at AsyncProperty.predicate (node_modules/fast-check/lib/cjs/check/property/AsyncProperty.js:17:102)
      at AsyncProperty.run (node_modules/fast-check/lib/cjs/check/property/AsyncProperty.generic.js:46:39)
      at TimeoutProperty.run (node_modules/fast-check/lib/cjs/check/property/TimeoutProperty.js:35:53)
      at asyncRunIt (node_modules/fast-check/lib/cjs/check/runner/Runner.js:28:36)
      at Object.<anonymous> (src/hooks/useLogout.error-recovery.property.test.tsx:222:5)

    console.error
      [AuthLogger 2026-02-08T19:37:35.898Z] Logout failed

       98 |   } else {
       99 |     // In production, log minimal info
    > 100 |     consoleMethod(message);
          |     ^
      101 |   }
      102 | }
      103 |

      at consoleMethod (src/lib/auth/AuthLogger.ts:100:5)
      at log (src/lib/auth/AuthLogger.ts:268:3)
      at Object.handleLogout (src/hooks/useLogout.ts:140:19)
      at handleLogout (src/hooks/useLogout.error-recovery.property.test.tsx:252:36)
      at node_modules/@testing-library/react/dist/act-compat.js:47:24
      at act (node_modules/react/cjs/react.development.js:2512:16)
      at node_modules/@testing-library/react/dist/act-compat.js:46:25
      at src/hooks/useLogout.error-recovery.property.test.tsx:251:22
      at AsyncProperty.run (node_modules/fast-check/lib/cjs/check/property/AsyncProperty.generic.js:46:28)

    console.error
      [AuthLogger 2026-02-08T19:37:35.899Z] Logout failed

       98 |   } else {
       99 |     // In production, log minimal info
    > 100 |     consoleMethod(message);
          |     ^
      101 |   }
      102 | }
      103 |

      at consoleMethod (src/lib/auth/AuthLogger.ts:100:5)
      at log (src/lib/auth/AuthLogger.ts:268:3)
      at Object.handleLogout (src/hooks/useLogout.ts:140:19)
      at handleLogout (src/hooks/useLogout.error-recovery.property.test.tsx:240:36)
      at node_modules/@testing-library/react/dist/act-compat.js:47:24
      at act (node_modules/react/cjs/react.development.js:2512:16)
      at node_modules/@testing-library/react/dist/act-compat.js:46:25
      at src/hooks/useLogout.error-recovery.property.test.tsx:239:22
      at AsyncProperty.predicate (node_modules/fast-check/lib/cjs/check/property/AsyncProperty.js:17:102)
      at AsyncProperty.run (node_modules/fast-check/lib/cjs/check/property/AsyncProperty.generic.js:46:39)
      at TimeoutProperty.run (node_modules/fast-check/lib/cjs/check/property/TimeoutProperty.js:35:53)
      at asyncRunIt (node_modules/fast-check/lib/cjs/check/runner/Runner.js:28:36)
      at Object.<anonymous> (src/hooks/useLogout.error-recovery.property.test.tsx:222:5)

    console.error
      [AuthLogger 2026-02-08T19:37:35.899Z] Logout failed

       98 |   } else {
       99 |     // In production, log minimal info
    > 100 |     consoleMethod(message);
          |     ^
      101 |   }
      102 | }
      103 |

      at consoleMethod (src/lib/auth/AuthLogger.ts:100:5)
      at log (src/lib/auth/AuthLogger.ts:268:3)
      at Object.handleLogout (src/hooks/useLogout.ts:140:19)
      at handleLogout (src/hooks/useLogout.error-recovery.property.test.tsx:252:36)
      at node_modules/@testing-library/react/dist/act-compat.js:47:24
      at act (node_modules/react/cjs/react.development.js:2512:16)
      at node_modules/@testing-library/react/dist/act-compat.js:46:25
      at src/hooks/useLogout.error-recovery.property.test.tsx:251:22
      at AsyncProperty.run (node_modules/fast-check/lib/cjs/check/property/AsyncProperty.generic.js:46:28)

    console.error
      [AuthLogger 2026-02-08T19:37:35.900Z] Logout failed

       98 |   } else {
       99 |     // In production, log minimal info
    > 100 |     consoleMethod(message);
          |     ^
      101 |   }
      102 | }
      103 |

      at consoleMethod (src/lib/auth/AuthLogger.ts:100:5)
      at log (src/lib/auth/AuthLogger.ts:268:3)
      at Object.handleLogout (src/hooks/useLogout.ts:140:19)
      at handleLogout (src/hooks/useLogout.error-recovery.property.test.tsx:240:36)
      at node_modules/@testing-library/react/dist/act-compat.js:47:24
      at act (node_modules/react/cjs/react.development.js:2512:16)
      at node_modules/@testing-library/react/dist/act-compat.js:46:25
      at src/hooks/useLogout.error-recovery.property.test.tsx:239:22
      at AsyncProperty.predicate (node_modules/fast-check/lib/cjs/check/property/AsyncProperty.js:17:102)
      at AsyncProperty.run (node_modules/fast-check/lib/cjs/check/property/AsyncProperty.generic.js:46:39)
      at TimeoutProperty.run (node_modules/fast-check/lib/cjs/check/property/TimeoutProperty.js:35:53)
      at asyncRunIt (node_modules/fast-check/lib/cjs/check/runner/Runner.js:28:36)
      at Object.<anonymous> (src/hooks/useLogout.error-recovery.property.test.tsx:222:5)

    console.error
      [AuthLogger 2026-02-08T19:37:35.900Z] Logout failed

       98 |   } else {
       99 |     // In production, log minimal info
    > 100 |     consoleMethod(message);
          |     ^
      101 |   }
      102 | }
      103 |

      at consoleMethod (src/lib/auth/AuthLogger.ts:100:5)
      at log (src/lib/auth/AuthLogger.ts:268:3)
      at Object.handleLogout (src/hooks/useLogout.ts:140:19)
      at handleLogout (src/hooks/useLogout.error-recovery.property.test.tsx:252:36)
      at node_modules/@testing-library/react/dist/act-compat.js:47:24
      at act (node_modules/react/cjs/react.development.js:2512:16)
      at node_modules/@testing-library/react/dist/act-compat.js:46:25
      at src/hooks/useLogout.error-recovery.property.test.tsx:251:22
      at AsyncProperty.run (node_modules/fast-check/lib/cjs/check/property/AsyncProperty.generic.js:46:28)

    console.error
      [AuthLogger 2026-02-08T19:37:35.901Z] Logout failed

       98 |   } else {
       99 |     // In production, log minimal info
    > 100 |     consoleMethod(message);
          |     ^
      101 |   }
      102 | }
      103 |

      at consoleMethod (src/lib/auth/AuthLogger.ts:100:5)
      at log (src/lib/auth/AuthLogger.ts:268:3)
      at Object.handleLogout (src/hooks/useLogout.ts:140:19)
      at handleLogout (src/hooks/useLogout.error-recovery.property.test.tsx:240:36)
      at node_modules/@testing-library/react/dist/act-compat.js:47:24
      at act (node_modules/react/cjs/react.development.js:2512:16)
      at node_modules/@testing-library/react/dist/act-compat.js:46:25
      at src/hooks/useLogout.error-recovery.property.test.tsx:239:22
      at AsyncProperty.predicate (node_modules/fast-check/lib/cjs/check/property/AsyncProperty.js:17:102)
      at AsyncProperty.run (node_modules/fast-check/lib/cjs/check/property/AsyncProperty.generic.js:46:39)
      at TimeoutProperty.run (node_modules/fast-check/lib/cjs/check/property/TimeoutProperty.js:35:53)
      at asyncRunIt (node_modules/fast-check/lib/cjs/check/runner/Runner.js:28:36)
      at Object.<anonymous> (src/hooks/useLogout.error-recovery.property.test.tsx:222:5)

    console.error
      [AuthLogger 2026-02-08T19:37:35.901Z] Logout failed

       98 |   } else {
       99 |     // In production, log minimal info
    > 100 |     consoleMethod(message);
          |     ^
      101 |   }
      102 | }
      103 |

      at consoleMethod (src/lib/auth/AuthLogger.ts:100:5)
      at log (src/lib/auth/AuthLogger.ts:268:3)
      at Object.handleLogout (src/hooks/useLogout.ts:140:19)
      at handleLogout (src/hooks/useLogout.error-recovery.property.test.tsx:252:36)
      at node_modules/@testing-library/react/dist/act-compat.js:47:24
      at act (node_modules/react/cjs/react.development.js:2512:16)
      at node_modules/@testing-library/react/dist/act-compat.js:46:25
      at src/hooks/useLogout.error-recovery.property.test.tsx:251:22
      at AsyncProperty.run (node_modules/fast-check/lib/cjs/check/property/AsyncProperty.generic.js:46:28)

    console.error
      [AuthLogger 2026-02-08T19:37:35.902Z] Logout failed

       98 |   } else {
       99 |     // In production, log minimal info
    > 100 |     consoleMethod(message);
          |     ^
      101 |   }
      102 | }
      103 |

      at consoleMethod (src/lib/auth/AuthLogger.ts:100:5)
      at log (src/lib/auth/AuthLogger.ts:268:3)
      at Object.handleLogout (src/hooks/useLogout.ts:140:19)
      at handleLogout (src/hooks/useLogout.error-recovery.property.test.tsx:240:36)
      at node_modules/@testing-library/react/dist/act-compat.js:47:24
      at act (node_modules/react/cjs/react.development.js:2512:16)
      at node_modules/@testing-library/react/dist/act-compat.js:46:25
      at src/hooks/useLogout.error-recovery.property.test.tsx:239:22
      at AsyncProperty.predicate (node_modules/fast-check/lib/cjs/check/property/AsyncProperty.js:17:102)
      at AsyncProperty.run (node_modules/fast-check/lib/cjs/check/property/AsyncProperty.generic.js:46:39)
      at TimeoutProperty.run (node_modules/fast-check/lib/cjs/check/property/TimeoutProperty.js:35:53)
      at asyncRunIt (node_modules/fast-check/lib/cjs/check/runner/Runner.js:28:36)
      at Object.<anonymous> (src/hooks/useLogout.error-recovery.property.test.tsx:222:5)

    console.error
      [AuthLogger 2026-02-08T19:37:35.903Z] Logout failed

       98 |   } else {
       99 |     // In production, log minimal info
    > 100 |     consoleMethod(message);
          |     ^
      101 |   }
      102 | }
      103 |

      at consoleMethod (src/lib/auth/AuthLogger.ts:100:5)
      at log (src/lib/auth/AuthLogger.ts:268:3)
      at Object.handleLogout (src/hooks/useLogout.ts:140:19)
      at handleLogout (src/hooks/useLogout.error-recovery.property.test.tsx:252:36)
      at node_modules/@testing-library/react/dist/act-compat.js:47:24
      at act (node_modules/react/cjs/react.development.js:2512:16)
      at node_modules/@testing-library/react/dist/act-compat.js:46:25
      at src/hooks/useLogout.error-recovery.property.test.tsx:251:22
      at AsyncProperty.run (node_modules/fast-check/lib/cjs/check/property/AsyncProperty.generic.js:46:28)

    console.error
      [AuthLogger 2026-02-08T19:37:35.904Z] Logout failed

       98 |   } else {
       99 |     // In production, log minimal info
    > 100 |     consoleMethod(message);
          |     ^
      101 |   }
      102 | }
      103 |

      at consoleMethod (src/lib/auth/AuthLogger.ts:100:5)
      at log (src/lib/auth/AuthLogger.ts:268:3)
      at Object.handleLogout (src/hooks/useLogout.ts:140:19)
      at handleLogout (src/hooks/useLogout.error-recovery.property.test.tsx:240:36)
      at node_modules/@testing-library/react/dist/act-compat.js:47:24
      at act (node_modules/react/cjs/react.development.js:2512:16)
      at node_modules/@testing-library/react/dist/act-compat.js:46:25
      at src/hooks/useLogout.error-recovery.property.test.tsx:239:22
      at AsyncProperty.predicate (node_modules/fast-check/lib/cjs/check/property/AsyncProperty.js:17:102)
      at AsyncProperty.run (node_modules/fast-check/lib/cjs/check/property/AsyncProperty.generic.js:46:39)
      at TimeoutProperty.run (node_modules/fast-check/lib/cjs/check/property/TimeoutProperty.js:35:53)
      at asyncRunIt (node_modules/fast-check/lib/cjs/check/runner/Runner.js:28:36)
      at Object.<anonymous> (src/hooks/useLogout.error-recovery.property.test.tsx:222:5)

    console.error
      [AuthLogger 2026-02-08T19:37:35.907Z] Logout failed

       98 |   } else {
       99 |     // In production, log minimal info
    > 100 |     consoleMethod(message);
          |     ^
      101 |   }
      102 | }
      103 |

      at consoleMethod (src/lib/auth/AuthLogger.ts:100:5)
      at log (src/lib/auth/AuthLogger.ts:268:3)
      at Object.handleLogout (src/hooks/useLogout.ts:140:19)
      at handleLogout (src/hooks/useLogout.error-recovery.property.test.tsx:252:36)
      at node_modules/@testing-library/react/dist/act-compat.js:47:24
      at act (node_modules/react/cjs/react.development.js:2512:16)
      at node_modules/@testing-library/react/dist/act-compat.js:46:25
      at src/hooks/useLogout.error-recovery.property.test.tsx:251:22
      at AsyncProperty.run (node_modules/fast-check/lib/cjs/check/property/AsyncProperty.generic.js:46:28)

    console.error
      [AuthLogger 2026-02-08T19:37:35.908Z] Logout failed

       98 |   } else {
       99 |     // In production, log minimal info
    > 100 |     consoleMethod(message);
          |     ^
      101 |   }
      102 | }
      103 |

      at consoleMethod (src/lib/auth/AuthLogger.ts:100:5)
      at log (src/lib/auth/AuthLogger.ts:268:3)
      at Object.handleLogout (src/hooks/useLogout.ts:140:19)
      at handleLogout (src/hooks/useLogout.error-recovery.property.test.tsx:240:36)
      at node_modules/@testing-library/react/dist/act-compat.js:47:24
      at act (node_modules/react/cjs/react.development.js:2512:16)
      at node_modules/@testing-library/react/dist/act-compat.js:46:25
      at src/hooks/useLogout.error-recovery.property.test.tsx:239:22
      at AsyncProperty.predicate (node_modules/fast-check/lib/cjs/check/property/AsyncProperty.js:17:102)
      at AsyncProperty.run (node_modules/fast-check/lib/cjs/check/property/AsyncProperty.generic.js:46:39)
      at TimeoutProperty.run (node_modules/fast-check/lib/cjs/check/property/TimeoutProperty.js:35:53)
      at asyncRunIt (node_modules/fast-check/lib/cjs/check/runner/Runner.js:28:36)
      at Object.<anonymous> (src/hooks/useLogout.error-recovery.property.test.tsx:222:5)

    console.error
      [AuthLogger 2026-02-08T19:37:35.910Z] Logout failed

       98 |   } else {
       99 |     // In production, log minimal info
    > 100 |     consoleMethod(message);
          |     ^
      101 |   }
      102 | }
      103 |

      at consoleMethod (src/lib/auth/AuthLogger.ts:100:5)
      at log (src/lib/auth/AuthLogger.ts:268:3)
      at Object.handleLogout (src/hooks/useLogout.ts:140:19)
      at handleLogout (src/hooks/useLogout.error-recovery.property.test.tsx:252:36)
      at node_modules/@testing-library/react/dist/act-compat.js:47:24
      at act (node_modules/react/cjs/react.development.js:2512:16)
      at node_modules/@testing-library/react/dist/act-compat.js:46:25
      at src/hooks/useLogout.error-recovery.property.test.tsx:251:22
      at AsyncProperty.run (node_modules/fast-check/lib/cjs/check/property/AsyncProperty.generic.js:46:28)

    console.error
      [AuthLogger 2026-02-08T19:37:35.911Z] Logout failed

       98 |   } else {
       99 |     // In production, log minimal info
    > 100 |     consoleMethod(message);
          |     ^
      101 |   }
      102 | }
      103 |

      at consoleMethod (src/lib/auth/AuthLogger.ts:100:5)
      at log (src/lib/auth/AuthLogger.ts:268:3)
      at Object.handleLogout (src/hooks/useLogout.ts:140:19)
      at handleLogout (src/hooks/useLogout.error-recovery.property.test.tsx:240:36)
      at node_modules/@testing-library/react/dist/act-compat.js:47:24
      at act (node_modules/react/cjs/react.development.js:2512:16)
      at node_modules/@testing-library/react/dist/act-compat.js:46:25
      at src/hooks/useLogout.error-recovery.property.test.tsx:239:22
      at AsyncProperty.predicate (node_modules/fast-check/lib/cjs/check/property/AsyncProperty.js:17:102)
      at AsyncProperty.run (node_modules/fast-check/lib/cjs/check/property/AsyncProperty.generic.js:46:39)
      at TimeoutProperty.run (node_modules/fast-check/lib/cjs/check/property/TimeoutProperty.js:35:53)
      at asyncRunIt (node_modules/fast-check/lib/cjs/check/runner/Runner.js:28:36)
      at Object.<anonymous> (src/hooks/useLogout.error-recovery.property.test.tsx:222:5)

    console.error
      [AuthLogger 2026-02-08T19:37:35.912Z] Logout failed

       98 |   } else {
       99 |     // In production, log minimal info
    > 100 |     consoleMethod(message);
          |     ^
      101 |   }
      102 | }
      103 |

      at consoleMethod (src/lib/auth/AuthLogger.ts:100:5)
      at log (src/lib/auth/AuthLogger.ts:268:3)
      at Object.handleLogout (src/hooks/useLogout.ts:140:19)
      at handleLogout (src/hooks/useLogout.error-recovery.property.test.tsx:252:36)
      at node_modules/@testing-library/react/dist/act-compat.js:47:24
      at act (node_modules/react/cjs/react.development.js:2512:16)
      at node_modules/@testing-library/react/dist/act-compat.js:46:25
      at src/hooks/useLogout.error-recovery.property.test.tsx:251:22
      at AsyncProperty.run (node_modules/fast-check/lib/cjs/check/property/AsyncProperty.generic.js:46:28)

    console.error
      [AuthLogger 2026-02-08T19:37:35.916Z] Logout failed

       98 |   } else {
       99 |     // In production, log minimal info
    > 100 |     consoleMethod(message);
          |     ^
      101 |   }
      102 | }
      103 |

      at consoleMethod (src/lib/auth/AuthLogger.ts:100:5)
      at log (src/lib/auth/AuthLogger.ts:268:3)
      at Object.handleLogout (src/hooks/useLogout.ts:140:19)
      at handleLogout (src/hooks/useLogout.error-recovery.property.test.tsx:297:36)
      at node_modules/@testing-library/react/dist/act-compat.js:47:24
      at act (node_modules/react/cjs/react.development.js:2512:16)
      at node_modules/@testing-library/react/dist/act-compat.js:46:25
      at src/hooks/useLogout.error-recovery.property.test.tsx:296:22
      at AsyncProperty.predicate (node_modules/fast-check/lib/cjs/check/property/AsyncProperty.js:17:102)
      at AsyncProperty.run (node_modules/fast-check/lib/cjs/check/property/AsyncProperty.generic.js:46:39)
      at TimeoutProperty.run (node_modules/fast-check/lib/cjs/check/property/TimeoutProperty.js:35:53)
      at asyncRunIt (node_modules/fast-check/lib/cjs/check/runner/Runner.js:28:36)
      at Object.<anonymous> (src/hooks/useLogout.error-recovery.property.test.tsx:280:5)

    console.error
      [AuthLogger 2026-02-08T19:37:35.918Z] Logout failed

       98 |   } else {
       99 |     // In production, log minimal info
    > 100 |     consoleMethod(message);
          |     ^
      101 |   }
      102 | }
      103 |

      at consoleMethod (src/lib/auth/AuthLogger.ts:100:5)
      at log (src/lib/auth/AuthLogger.ts:268:3)
      at Object.handleLogout (src/hooks/useLogout.ts:140:19)
      at handleLogout (src/hooks/useLogout.error-recovery.property.test.tsx:309:36)
      at node_modules/@testing-library/react/dist/act-compat.js:47:24
      at act (node_modules/react/cjs/react.development.js:2512:16)
      at node_modules/@testing-library/react/dist/act-compat.js:46:25
      at src/hooks/useLogout.error-recovery.property.test.tsx:308:22
      at AsyncProperty.run (node_modules/fast-check/lib/cjs/check/property/AsyncProperty.generic.js:46:28)

  ● Property-Based Test: Logout Error Recovery › Property 3: Error Recovery Enables Retry

    Property failed after 1 tests
    { seed: 530368110, path: "0", endOnFailure: true }
    Counterexample: [new Error("Permission denied")]
    Shrunk 0 time(s)

    Hint: Enable verbose mode in order to have the list of all failing values encountered during the run

      at buildError (node_modules/fast-check/lib/cjs/check/runner/utils/RunDetailsFormatter.js:162:19)
      at asyncThrowIfFailed (node_modules/fast-check/lib/cjs/check/runner/utils/RunDetailsFormatter.js:176:11)

    Cause:
    expect(jest.fn()).toHaveBeenCalledWith(...expected)

    Expected: "/login"

    Number of calls: 0

      129 |             
      130 |             // Verify retry worked - should redirect on success
    > 131 |             expect(mockPush).toHaveBeenCalledWith('/login');
          |                              ^
      132 |             expect(result.current.error).toBeNull();
      133 |           } finally {
      134 |             unmount();

      at toHaveBeenCalledWith (src/hooks/useLogout.error-recovery.property.test.tsx:131:30)
      at AsyncProperty.run (node_modules/fast-check/lib/cjs/check/property/AsyncProperty.generic.js:46:28)

  ● Property-Based Test: Logout Error Recovery › Property: Multiple consecutive errors maintain retry capability

    Property failed after 1 tests
    { seed: 70354932, path: "0", endOnFailure: true }
    Counterexample: [[new Error("localStorage is not available"),new Error("localStorage is not available")]]
    Shrunk 0 time(s)

    Hint: Enable verbose mode in order to have the list of all failing values encountered during the run

      at buildError (node_modules/fast-check/lib/cjs/check/runner/utils/RunDetailsFormatter.js:162:19)
      at asyncThrowIfFailed (node_modules/fast-check/lib/cjs/check/runner/utils/RunDetailsFormatter.js:176:11)

    Cause:
    expect(jest.fn()).toHaveBeenCalledWith(...expected)

    Expected: "/login"

    Number of calls: 0

      196 |             
      197 |             // Verify final retry succeeded
    > 198 |             expect(mockPush).toHaveBeenCalledWith('/login');
          |                              ^
      199 |             expect(result.current.error).toBeNull();
      200 |           } finally {
      201 |             unmount();

      at toHaveBeenCalledWith (src/hooks/useLogout.error-recovery.property.test.tsx:198:30)
      at AsyncProperty.run (node_modules/fast-check/lib/cjs/check/property/AsyncProperty.generic.js:46:28)

  ● Property-Based Test: Logout Error Recovery › Property: Successful logout after error clears error state

    Property failed after 1 tests
    { seed: 450728488, path: "0", endOnFailure: true }
    Counterexample: [new Error("localStorage is not available")]
    Shrunk 0 time(s)

    Hint: Enable verbose mode in order to have the list of all failing values encountered during the run

      at buildError (node_modules/fast-check/lib/cjs/check/runner/utils/RunDetailsFormatter.js:162:19)
      at asyncThrowIfFailed (node_modules/fast-check/lib/cjs/check/runner/utils/RunDetailsFormatter.js:176:11)

    Cause:
    expect(received).toBeNull()

    Received: "Failed to log out. Please try again."

      311 |             
      312 |             // Error should be cleared and redirect should occur
    > 313 |             expect(result.current.error).toBeNull();
          |                                          ^
      314 |             expect(mockPush).toHaveBeenCalledWith('/login');
      315 |           } finally {
      316 |             unmount();

      at toBeNull (src/hooks/useLogout.error-recovery.property.test.tsx:313:42)
      at AsyncProperty.run (node_modules/fast-check/lib/cjs/check/property/AsyncProperty.generic.js:46:28)

PASS src/lib/api/errorHandler.test.ts
PASS src/components/ErrorBoundary.test.tsx
  ● Console

    console.log
      [Button] Rendering with type: button

      at log (src/components/ui/Button.tsx:25:13)

    console.log
      [Button] Props received: {
        variant: 'primary',
        size: 'md',
        type: 'button',
        loading: false,
        disabled: undefined
      }

      at log (src/components/ui/Button.tsx:26:13)

    console.log
      [Button] Has onClick in props: true

      at log (src/components/ui/Button.tsx:27:13)

    console.log
      [Button] All props: {
        onClick: [Function (anonymous)],
        'aria-label': 'Try again to reload the content'
      }

      at log (src/components/ui/Button.tsx:28:13)

    console.log
      [Button] Rendering with type: button

      at log (src/components/ui/Button.tsx:25:13)

    console.log
      [Button] Props received: {
        variant: 'outline',
        size: 'md',
        type: 'button',
        loading: false,
        disabled: undefined
      }

      at log (src/components/ui/Button.tsx:26:13)

    console.log
      [Button] Has onClick in props: true

      at log (src/components/ui/Button.tsx:27:13)

    console.log
      [Button] All props: {
        onClick: [Function: onClick],
        'aria-label': 'Refresh the entire page'
      }

      at log (src/components/ui/Button.tsx:28:13)

    console.log
      [Button] Rendering with type: button

      at log (src/components/ui/Button.tsx:25:13)

    console.log
      [Button] Props received: {
        variant: 'primary',
        size: 'md',
        type: 'button',
        loading: false,
        disabled: undefined
      }

      at log (src/components/ui/Button.tsx:26:13)

    console.log
      [Button] Has onClick in props: true

      at log (src/components/ui/Button.tsx:27:13)

    console.log
      [Button] All props: {
        onClick: [Function (anonymous)],
        'aria-label': 'Try again to reload the content'
      }

      at log (src/components/ui/Button.tsx:28:13)

    console.log
      [Button] Rendering with type: button

      at log (src/components/ui/Button.tsx:25:13)

    console.log
      [Button] Props received: {
        variant: 'outline',
        size: 'md',
        type: 'button',
        loading: false,
        disabled: undefined
      }

      at log (src/components/ui/Button.tsx:26:13)

    console.log
      [Button] Has onClick in props: true

      at log (src/components/ui/Button.tsx:27:13)

    console.log
      [Button] All props: {
        onClick: [Function: onClick],
        'aria-label': 'Refresh the entire page'
      }

      at log (src/components/ui/Button.tsx:28:13)

    console.log
      [Button] Rendering with type: button

      at log (src/components/ui/Button.tsx:25:13)

    console.log
      [Button] Props received: {
        variant: 'primary',
        size: 'md',
        type: 'button',
        loading: false,
        disabled: undefined
      }

      at log (src/components/ui/Button.tsx:26:13)

    console.log
      [Button] Has onClick in props: true

      at log (src/components/ui/Button.tsx:27:13)

    console.log
      [Button] All props: {
        onClick: [Function (anonymous)],
        'aria-label': 'Try again to reload the content'
      }

      at log (src/components/ui/Button.tsx:28:13)

    console.log
      [Button] Rendering with type: button

      at log (src/components/ui/Button.tsx:25:13)

    console.log
      [Button] Props received: {
        variant: 'outline',
        size: 'md',
        type: 'button',
        loading: false,
        disabled: undefined
      }

      at log (src/components/ui/Button.tsx:26:13)

    console.log
      [Button] Has onClick in props: true

      at log (src/components/ui/Button.tsx:27:13)

    console.log
      [Button] All props: {
        onClick: [Function: onClick],
        'aria-label': 'Refresh the entire page'
      }

      at log (src/components/ui/Button.tsx:28:13)

    console.log
      [Button] Rendering with type: button

      at log (src/components/ui/Button.tsx:25:13)

    console.log
      [Button] Props received: {
        variant: 'primary',
        size: 'md',
        type: 'button',
        loading: false,
        disabled: undefined
      }

      at log (src/components/ui/Button.tsx:26:13)

    console.log
      [Button] Has onClick in props: true

      at log (src/components/ui/Button.tsx:27:13)

    console.log
      [Button] All props: {
        onClick: [Function (anonymous)],
        'aria-label': 'Try again to reload the content'
      }

      at log (src/components/ui/Button.tsx:28:13)

    console.log
      [Button] Rendering with type: button

      at log (src/components/ui/Button.tsx:25:13)

    console.log
      [Button] Props received: {
        variant: 'outline',
        size: 'md',
        type: 'button',
        loading: false,
        disabled: undefined
      }

      at log (src/components/ui/Button.tsx:26:13)

    console.log
      [Button] Has onClick in props: true

      at log (src/components/ui/Button.tsx:27:13)

    console.log
      [Button] All props: {
        onClick: [Function: onClick],
        'aria-label': 'Refresh the entire page'
      }

      at log (src/components/ui/Button.tsx:28:13)

    console.log
      [Button] Rendering with type: button

      at log (src/components/ui/Button.tsx:25:13)

    console.log
      [Button] Props received: {
        variant: 'primary',
        size: 'md',
        type: 'button',
        loading: false,
        disabled: undefined
      }

      at log (src/components/ui/Button.tsx:26:13)

    console.log
      [Button] Has onClick in props: true

      at log (src/components/ui/Button.tsx:27:13)

    console.log
      [Button] All props: {
        onClick: [Function (anonymous)],
        'aria-label': 'Try again to reload the content'
      }

      at log (src/components/ui/Button.tsx:28:13)

    console.log
      [Button] Rendering with type: button

      at log (src/components/ui/Button.tsx:25:13)

    console.log
      [Button] Props received: {
        variant: 'outline',
        size: 'md',
        type: 'button',
        loading: false,
        disabled: undefined
      }

      at log (src/components/ui/Button.tsx:26:13)

    console.log
      [Button] Has onClick in props: true

      at log (src/components/ui/Button.tsx:27:13)

    console.log
      [Button] All props: {
        onClick: [Function: onClick],
        'aria-label': 'Refresh the entire page'
      }

      at log (src/components/ui/Button.tsx:28:13)

    console.log
      [Button] Rendering with type: button

      at log (src/components/ui/Button.tsx:25:13)

    console.log
      [Button] Props received: {
        variant: 'primary',
        size: 'md',
        type: 'button',
        loading: false,
        disabled: undefined
      }

      at log (src/components/ui/Button.tsx:26:13)

    console.log
      [Button] Has onClick in props: true

      at log (src/components/ui/Button.tsx:27:13)

    console.log
      [Button] All props: {
        onClick: [Function (anonymous)],
        'aria-label': 'Try again to reload the content'
      }

      at log (src/components/ui/Button.tsx:28:13)

    console.log
      [Button] Rendering with type: button

      at log (src/components/ui/Button.tsx:25:13)

    console.log
      [Button] Props received: {
        variant: 'outline',
        size: 'md',
        type: 'button',
        loading: false,
        disabled: undefined
      }

      at log (src/components/ui/Button.tsx:26:13)

    console.log
      [Button] Has onClick in props: true

      at log (src/components/ui/Button.tsx:27:13)

    console.log
      [Button] All props: {
        onClick: [Function: onClick],
        'aria-label': 'Refresh the entire page'
      }

      at log (src/components/ui/Button.tsx:28:13)

    console.log
      [Button] Rendering with type: button

      at log (src/components/ui/Button.tsx:25:13)

    console.log
      [Button] Props received: {
        variant: 'primary',
        size: 'md',
        type: 'button',
        loading: false,
        disabled: undefined
      }

      at log (src/components/ui/Button.tsx:26:13)

    console.log
      [Button] Has onClick in props: true

      at log (src/components/ui/Button.tsx:27:13)

    console.log
      [Button] All props: {
        onClick: [Function (anonymous)],
        'aria-label': 'Try again to reload the content'
      }

      at log (src/components/ui/Button.tsx:28:13)

    console.log
      [Button] Rendering with type: button

      at log (src/components/ui/Button.tsx:25:13)

    console.log
      [Button] Props received: {
        variant: 'outline',
        size: 'md',
        type: 'button',
        loading: false,
        disabled: undefined
      }

      at log (src/components/ui/Button.tsx:26:13)

    console.log
      [Button] Has onClick in props: true

      at log (src/components/ui/Button.tsx:27:13)

    console.log
      [Button] All props: {
        onClick: [Function: onClick],
        'aria-label': 'Refresh the entire page'
      }

      at log (src/components/ui/Button.tsx:28:13)

    console.log
      [Button] Rendering with type: button

      at log (src/components/ui/Button.tsx:25:13)

    console.log
      [Button] Props received: {
        variant: 'primary',
        size: 'md',
        type: 'button',
        loading: false,
        disabled: undefined
      }

      at log (src/components/ui/Button.tsx:26:13)

    console.log
      [Button] Has onClick in props: true

      at log (src/components/ui/Button.tsx:27:13)

    console.log
      [Button] All props: {
        onClick: [Function (anonymous)],
        'aria-label': 'Try again to reload the content'
      }

      at log (src/components/ui/Button.tsx:28:13)

    console.log
      [Button] Rendering with type: button

      at log (src/components/ui/Button.tsx:25:13)

    console.log
      [Button] Props received: {
        variant: 'outline',
        size: 'md',
        type: 'button',
        loading: false,
        disabled: undefined
      }

      at log (src/components/ui/Button.tsx:26:13)

    console.log
      [Button] Has onClick in props: true

      at log (src/components/ui/Button.tsx:27:13)

    console.log
      [Button] All props: {
        onClick: [Function: onClick],
        'aria-label': 'Refresh the entire page'
      }

      at log (src/components/ui/Button.tsx:28:13)

    console.log
      [Button] Rendering with type: button

      at log (src/components/ui/Button.tsx:25:13)

    console.log
      [Button] Props received: {
        variant: 'primary',
        size: 'md',
        type: 'button',
        loading: false,
        disabled: undefined
      }

      at log (src/components/ui/Button.tsx:26:13)

    console.log
      [Button] Has onClick in props: true

      at log (src/components/ui/Button.tsx:27:13)

    console.log
      [Button] All props: {
        onClick: [Function (anonymous)],
        'aria-label': 'Try again to reload the content'
      }

      at log (src/components/ui/Button.tsx:28:13)

    console.log
      [Button] Rendering with type: button

      at log (src/components/ui/Button.tsx:25:13)

    console.log
      [Button] Props received: {
        variant: 'outline',
        size: 'md',
        type: 'button',
        loading: false,
        disabled: undefined
      }

      at log (src/components/ui/Button.tsx:26:13)

    console.log
      [Button] Has onClick in props: true

      at log (src/components/ui/Button.tsx:27:13)

    console.log
      [Button] All props: {
        onClick: [Function: onClick],
        'aria-label': 'Refresh the entire page'
      }

      at log (src/components/ui/Button.tsx:28:13)

    console.log
      [Button] Rendering with type: button

      at log (src/components/ui/Button.tsx:25:13)

    console.log
      [Button] Props received: {
        variant: 'primary',
        size: 'md',
        type: 'button',
        loading: false,
        disabled: undefined
      }

      at log (src/components/ui/Button.tsx:26:13)

    console.log
      [Button] Has onClick in props: true

      at log (src/components/ui/Button.tsx:27:13)

    console.log
      [Button] All props: {
        onClick: [Function (anonymous)],
        'aria-label': 'Try again to reload the content'
      }

      at log (src/components/ui/Button.tsx:28:13)

    console.log
      [Button] Rendering with type: button

      at log (src/components/ui/Button.tsx:25:13)

    console.log
      [Button] Props received: {
        variant: 'outline',
        size: 'md',
        type: 'button',
        loading: false,
        disabled: undefined
      }

      at log (src/components/ui/Button.tsx:26:13)

    console.log
      [Button] Has onClick in props: true

      at log (src/components/ui/Button.tsx:27:13)

    console.log
      [Button] All props: {
        onClick: [Function: onClick],
        'aria-label': 'Refresh the entire page'
      }

      at log (src/components/ui/Button.tsx:28:13)

    console.log
      [Button] Rendering with type: button

      at log (src/components/ui/Button.tsx:25:13)

    console.log
      [Button] Props received: {
        variant: 'primary',
        size: 'md',
        type: 'button',
        loading: false,
        disabled: undefined
      }

      at log (src/components/ui/Button.tsx:26:13)

    console.log
      [Button] Has onClick in props: true

      at log (src/components/ui/Button.tsx:27:13)

    console.log
      [Button] All props: {
        onClick: [Function (anonymous)],
        'aria-label': 'Try again to reload the content'
      }

      at log (src/components/ui/Button.tsx:28:13)

    console.log
      [Button] Rendering with type: button

      at log (src/components/ui/Button.tsx:25:13)

    console.log
      [Button] Props received: {
        variant: 'outline',
        size: 'md',
        type: 'button',
        loading: false,
        disabled: undefined
      }

      at log (src/components/ui/Button.tsx:26:13)

    console.log
      [Button] Has onClick in props: true

      at log (src/components/ui/Button.tsx:27:13)

    console.log
      [Button] All props: {
        onClick: [Function: onClick],
        'aria-label': 'Refresh the entire page'
      }

      at log (src/components/ui/Button.tsx:28:13)

    console.log
      [Button] Rendering with type: button

      at log (src/components/ui/Button.tsx:25:13)

    console.log
      [Button] Props received: {
        variant: 'primary',
        size: 'md',
        type: 'button',
        loading: false,
        disabled: undefined
      }

      at log (src/components/ui/Button.tsx:26:13)

    console.log
      [Button] Has onClick in props: true

      at log (src/components/ui/Button.tsx:27:13)

    console.log
      [Button] All props: {
        onClick: [Function (anonymous)],
        'aria-label': 'Try again to reload the content'
      }

      at log (src/components/ui/Button.tsx:28:13)

    console.log
      [Button] Rendering with type: button

      at log (src/components/ui/Button.tsx:25:13)

    console.log
      [Button] Props received: {
        variant: 'outline',
        size: 'md',
        type: 'button',
        loading: false,
        disabled: undefined
      }

      at log (src/components/ui/Button.tsx:26:13)

    console.log
      [Button] Has onClick in props: true

      at log (src/components/ui/Button.tsx:27:13)

    console.log
      [Button] All props: {
        onClick: [Function: onClick],
        'aria-label': 'Refresh the entire page'
      }

      at log (src/components/ui/Button.tsx:28:13)

    console.log
      [Button] Rendering with type: button

      at log (src/components/ui/Button.tsx:25:13)

    console.log
      [Button] Props received: {
        variant: 'primary',
        size: 'md',
        type: 'button',
        loading: false,
        disabled: undefined
      }

      at log (src/components/ui/Button.tsx:26:13)

    console.log
      [Button] Has onClick in props: true

      at log (src/components/ui/Button.tsx:27:13)

    console.log
      [Button] All props: {
        onClick: [Function (anonymous)],
        'aria-label': 'Try again to reload the content'
      }

      at log (src/components/ui/Button.tsx:28:13)

    console.log
      [Button] Rendering with type: button

      at log (src/components/ui/Button.tsx:25:13)

    console.log
      [Button] Props received: {
        variant: 'outline',
        size: 'md',
        type: 'button',
        loading: false,
        disabled: undefined
      }

      at log (src/components/ui/Button.tsx:26:13)

    console.log
      [Button] Has onClick in props: true

      at log (src/components/ui/Button.tsx:27:13)

    console.log
      [Button] All props: {
        onClick: [Function: onClick],
        'aria-label': 'Refresh the entire page'
      }

      at log (src/components/ui/Button.tsx:28:13)

    console.log
      [Button] Rendering with type: button

      at log (src/components/ui/Button.tsx:25:13)

    console.log
      [Button] Props received: {
        variant: 'primary',
        size: 'md',
        type: 'button',
        loading: false,
        disabled: undefined
      }

      at log (src/components/ui/Button.tsx:26:13)

    console.log
      [Button] Has onClick in props: true

      at log (src/components/ui/Button.tsx:27:13)

    console.log
      [Button] All props: {
        onClick: [Function (anonymous)],
        'aria-label': 'Try again to reload the content'
      }

      at log (src/components/ui/Button.tsx:28:13)

    console.log
      [Button] Rendering with type: button

      at log (src/components/ui/Button.tsx:25:13)

    console.log
      [Button] Props received: {
        variant: 'outline',
        size: 'md',
        type: 'button',
        loading: false,
        disabled: undefined
      }

      at log (src/components/ui/Button.tsx:26:13)

    console.log
      [Button] Has onClick in props: true

      at log (src/components/ui/Button.tsx:27:13)

    console.log
      [Button] All props: {
        onClick: [Function: onClick],
        'aria-label': 'Refresh the entire page'
      }

      at log (src/components/ui/Button.tsx:28:13)

    console.log
      [Button] Rendering with type: button

      at log (src/components/ui/Button.tsx:25:13)

    console.log
      [Button] Props received: {
        variant: 'primary',
        size: 'md',
        type: 'button',
        loading: false,
        disabled: undefined
      }

      at log (src/components/ui/Button.tsx:26:13)

    console.log
      [Button] Has onClick in props: true

      at log (src/components/ui/Button.tsx:27:13)

    console.log
      [Button] All props: {
        onClick: [Function (anonymous)],
        'aria-label': 'Try again to reload the content'
      }

      at log (src/components/ui/Button.tsx:28:13)

    console.log
      [Button] Rendering with type: button

      at log (src/components/ui/Button.tsx:25:13)

    console.log
      [Button] Props received: {
        variant: 'outline',
        size: 'md',
        type: 'button',
        loading: false,
        disabled: undefined
      }

      at log (src/components/ui/Button.tsx:26:13)

    console.log
      [Button] Has onClick in props: true

      at log (src/components/ui/Button.tsx:27:13)

    console.log
      [Button] All props: {
        onClick: [Function: onClick],
        'aria-label': 'Refresh the entire page'
      }

      at log (src/components/ui/Button.tsx:28:13)

    console.log
      [Button] Rendering with type: button

      at log (src/components/ui/Button.tsx:25:13)

    console.log
      [Button] Props received: {
        variant: 'primary',
        size: 'md',
        type: 'button',
        loading: false,
        disabled: undefined
      }

      at log (src/components/ui/Button.tsx:26:13)

    console.log
      [Button] Has onClick in props: true

      at log (src/components/ui/Button.tsx:27:13)

    console.log
      [Button] All props: {
        onClick: [Function (anonymous)],
        'aria-label': 'Try again to reload the content'
      }

      at log (src/components/ui/Button.tsx:28:13)

    console.log
      [Button] Rendering with type: button

      at log (src/components/ui/Button.tsx:25:13)

    console.log
      [Button] Props received: {
        variant: 'outline',
        size: 'md',
        type: 'button',
        loading: false,
        disabled: undefined
      }

      at log (src/components/ui/Button.tsx:26:13)

    console.log
      [Button] Has onClick in props: true

      at log (src/components/ui/Button.tsx:27:13)

    console.log
      [Button] All props: {
        onClick: [Function: onClick],
        'aria-label': 'Refresh the entire page'
      }

      at log (src/components/ui/Button.tsx:28:13)

    console.log
      [Button] Rendering with type: button

      at log (src/components/ui/Button.tsx:25:13)

    console.log
      [Button] Props received: {
        variant: 'primary',
        size: 'md',
        type: 'button',
        loading: false,
        disabled: undefined
      }

      at log (src/components/ui/Button.tsx:26:13)

    console.log
      [Button] Has onClick in props: true

      at log (src/components/ui/Button.tsx:27:13)

    console.log
      [Button] All props: {
        onClick: [Function (anonymous)],
        'aria-label': 'Try again to reload the content'
      }

      at log (src/components/ui/Button.tsx:28:13)

    console.log
      [Button] Rendering with type: button

      at log (src/components/ui/Button.tsx:25:13)

    console.log
      [Button] Props received: {
        variant: 'outline',
        size: 'md',
        type: 'button',
        loading: false,
        disabled: undefined
      }

      at log (src/components/ui/Button.tsx:26:13)

    console.log
      [Button] Has onClick in props: true

      at log (src/components/ui/Button.tsx:27:13)

    console.log
      [Button] All props: {
        onClick: [Function: onClick],
        'aria-label': 'Refresh the entire page'
      }

      at log (src/components/ui/Button.tsx:28:13)

    console.log
      [Button] Rendering with type: button

      at log (src/components/ui/Button.tsx:25:13)

    console.log
      [Button] Props received: {
        variant: 'primary',
        size: 'md',
        type: 'button',
        loading: false,
        disabled: undefined
      }

      at log (src/components/ui/Button.tsx:26:13)

    console.log
      [Button] Has onClick in props: true

      at log (src/components/ui/Button.tsx:27:13)

    console.log
      [Button] All props: {
        onClick: [Function (anonymous)],
        'aria-label': 'Try again to reload the content'
      }

      at log (src/components/ui/Button.tsx:28:13)

    console.log
      [Button] Rendering with type: button

      at log (src/components/ui/Button.tsx:25:13)

    console.log
      [Button] Props received: {
        variant: 'outline',
        size: 'md',
        type: 'button',
        loading: false,
        disabled: undefined
      }

      at log (src/components/ui/Button.tsx:26:13)

    console.log
      [Button] Has onClick in props: true

      at log (src/components/ui/Button.tsx:27:13)

    console.log
      [Button] All props: {
        onClick: [Function: onClick],
        'aria-label': 'Refresh the entire page'
      }

      at log (src/components/ui/Button.tsx:28:13)

    console.log
      [Button] Rendering with type: button

      at log (src/components/ui/Button.tsx:25:13)

    console.log
      [Button] Props received: {
        variant: 'primary',
        size: 'md',
        type: 'button',
        loading: false,
        disabled: undefined
      }

      at log (src/components/ui/Button.tsx:26:13)

    console.log
      [Button] Has onClick in props: true

      at log (src/components/ui/Button.tsx:27:13)

    console.log
      [Button] All props: {
        onClick: [Function (anonymous)],
        'aria-label': 'Try again to reload the content'
      }

      at log (src/components/ui/Button.tsx:28:13)

    console.log
      [Button] Rendering with type: button

      at log (src/components/ui/Button.tsx:25:13)

    console.log
      [Button] Props received: {
        variant: 'outline',
        size: 'md',
        type: 'button',
        loading: false,
        disabled: undefined
      }

      at log (src/components/ui/Button.tsx:26:13)

    console.log
      [Button] Has onClick in props: true

      at log (src/components/ui/Button.tsx:27:13)

    console.log
      [Button] All props: {
        onClick: [Function: onClick],
        'aria-label': 'Refresh the entire page'
      }

      at log (src/components/ui/Button.tsx:28:13)

    console.log
      [Button] Rendering with type: button

      at log (src/components/ui/Button.tsx:25:13)

    console.log
      [Button] Props received: {
        variant: 'primary',
        size: 'md',
        type: 'button',
        loading: false,
        disabled: undefined
      }

      at log (src/components/ui/Button.tsx:26:13)

    console.log
      [Button] Has onClick in props: true

      at log (src/components/ui/Button.tsx:27:13)

    console.log
      [Button] All props: {
        onClick: [Function (anonymous)],
        'aria-label': 'Try again to reload the content'
      }

      at log (src/components/ui/Button.tsx:28:13)

    console.log
      [Button] Rendering with type: button

      at log (src/components/ui/Button.tsx:25:13)

    console.log
      [Button] Props received: {
        variant: 'outline',
        size: 'md',
        type: 'button',
        loading: false,
        disabled: undefined
      }

      at log (src/components/ui/Button.tsx:26:13)

    console.log
      [Button] Has onClick in props: true

      at log (src/components/ui/Button.tsx:27:13)

    console.log
      [Button] All props: {
        onClick: [Function: onClick],
        'aria-label': 'Refresh the entire page'
      }

      at log (src/components/ui/Button.tsx:28:13)

    console.log
      [Button] Rendering with type: button

      at log (src/components/ui/Button.tsx:25:13)

    console.log
      [Button] Props received: {
        variant: 'primary',
        size: 'md',
        type: 'button',
        loading: false,
        disabled: undefined
      }

      at log (src/components/ui/Button.tsx:26:13)

    console.log
      [Button] Has onClick in props: true

      at log (src/components/ui/Button.tsx:27:13)

    console.log
      [Button] All props: {
        onClick: [Function (anonymous)],
        'aria-label': 'Try again to reload the content'
      }

      at log (src/components/ui/Button.tsx:28:13)

    console.log
      [Button] Rendering with type: button

      at log (src/components/ui/Button.tsx:25:13)

    console.log
      [Button] Props received: {
        variant: 'outline',
        size: 'md',
        type: 'button',
        loading: false,
        disabled: undefined
      }

      at log (src/components/ui/Button.tsx:26:13)

    console.log
      [Button] Has onClick in props: true

      at log (src/components/ui/Button.tsx:27:13)

    console.log
      [Button] All props: {
        onClick: [Function: onClick],
        'aria-label': 'Refresh the entire page'
      }

      at log (src/components/ui/Button.tsx:28:13)

    console.log
      [Button] Rendering with type: button

      at log (src/components/ui/Button.tsx:25:13)

    console.log
      [Button] Props received: {
        variant: 'primary',
        size: 'md',
        type: 'button',
        loading: false,
        disabled: undefined
      }

      at log (src/components/ui/Button.tsx:26:13)

    console.log
      [Button] Has onClick in props: true

      at log (src/components/ui/Button.tsx:27:13)

    console.log
      [Button] All props: {
        onClick: [Function (anonymous)],
        'aria-label': 'Try again to reload the content'
      }

      at log (src/components/ui/Button.tsx:28:13)

    console.log
      [Button] Rendering with type: button

      at log (src/components/ui/Button.tsx:25:13)

    console.log
      [Button] Props received: {
        variant: 'outline',
        size: 'md',
        type: 'button',
        loading: false,
        disabled: undefined
      }

      at log (src/components/ui/Button.tsx:26:13)

    console.log
      [Button] Has onClick in props: true

      at log (src/components/ui/Button.tsx:27:13)

    console.log
      [Button] All props: {
        onClick: [Function: onClick],
        'aria-label': 'Refresh the entire page'
      }

      at log (src/components/ui/Button.tsx:28:13)

    console.log
      [Button] Rendering with type: button

      at log (src/components/ui/Button.tsx:25:13)

    console.log
      [Button] Props received: {
        variant: 'primary',
        size: 'md',
        type: 'button',
        loading: false,
        disabled: undefined
      }

      at log (src/components/ui/Button.tsx:26:13)

    console.log
      [Button] Has onClick in props: true

      at log (src/components/ui/Button.tsx:27:13)

    console.log
      [Button] All props: {
        onClick: [Function (anonymous)],
        'aria-label': 'Try again to reload the content'
      }

      at log (src/components/ui/Button.tsx:28:13)

    console.log
      [Button] Rendering with type: button

      at log (src/components/ui/Button.tsx:25:13)

    console.log
      [Button] Props received: {
        variant: 'outline',
        size: 'md',
        type: 'button',
        loading: false,
        disabled: undefined
      }

      at log (src/components/ui/Button.tsx:26:13)

    console.log
      [Button] Has onClick in props: true

      at log (src/components/ui/Button.tsx:27:13)

    console.log
      [Button] All props: {
        onClick: [Function: onClick],
        'aria-label': 'Refresh the entire page'
      }

      at log (src/components/ui/Button.tsx:28:13)

    console.log
      [Button] Rendering with type: button

      at log (src/components/ui/Button.tsx:25:13)

    console.log
      [Button] Props received: {
        variant: 'primary',
        size: 'md',
        type: 'button',
        loading: false,
        disabled: undefined
      }

      at log (src/components/ui/Button.tsx:26:13)

    console.log
      [Button] Has onClick in props: true

      at log (src/components/ui/Button.tsx:27:13)

    console.log
      [Button] All props: {
        onClick: [Function (anonymous)],
        'aria-label': 'Try again to reload the content'
      }

      at log (src/components/ui/Button.tsx:28:13)

    console.log
      [Button] Rendering with type: button

      at log (src/components/ui/Button.tsx:25:13)

    console.log
      [Button] Props received: {
        variant: 'outline',
        size: 'md',
        type: 'button',
        loading: false,
        disabled: undefined
      }

      at log (src/components/ui/Button.tsx:26:13)

    console.log
      [Button] Has onClick in props: true

      at log (src/components/ui/Button.tsx:27:13)

    console.log
      [Button] All props: {
        onClick: [Function: onClick],
        'aria-label': 'Refresh the entire page'
      }

      at log (src/components/ui/Button.tsx:28:13)

    console.log
      [Button] Rendering with type: button

      at log (src/components/ui/Button.tsx:25:13)

    console.log
      [Button] Props received: {
        variant: 'primary',
        size: 'md',
        type: 'button',
        loading: false,
        disabled: undefined
      }

      at log (src/components/ui/Button.tsx:26:13)

    console.log
      [Button] Has onClick in props: true

      at log (src/components/ui/Button.tsx:27:13)

    console.log
      [Button] All props: {
        onClick: [Function (anonymous)],
        'aria-label': 'Try again to reload the content'
      }

      at log (src/components/ui/Button.tsx:28:13)

    console.log
      [Button] Rendering with type: button

      at log (src/components/ui/Button.tsx:25:13)

    console.log
      [Button] Props received: {
        variant: 'outline',
        size: 'md',
        type: 'button',
        loading: false,
        disabled: undefined
      }

      at log (src/components/ui/Button.tsx:26:13)

    console.log
      [Button] Has onClick in props: true

      at log (src/components/ui/Button.tsx:27:13)

    console.log
      [Button] All props: {
        onClick: [Function: onClick],
        'aria-label': 'Refresh the entire page'
      }

      at log (src/components/ui/Button.tsx:28:13)

    console.log
      [Button] Rendering with type: button

      at log (src/components/ui/Button.tsx:25:13)

    console.log
      [Button] Props received: {
        variant: 'primary',
        size: 'md',
        type: 'button',
        loading: false,
        disabled: undefined
      }

      at log (src/components/ui/Button.tsx:26:13)

    console.log
      [Button] Has onClick in props: true

      at log (src/components/ui/Button.tsx:27:13)

    console.log
      [Button] All props: {
        onClick: [Function (anonymous)],
        'aria-label': 'Try again to reload the content'
      }

      at log (src/components/ui/Button.tsx:28:13)

    console.log
      [Button] Rendering with type: button

      at log (src/components/ui/Button.tsx:25:13)

    console.log
      [Button] Props received: {
        variant: 'outline',
        size: 'md',
        type: 'button',
        loading: false,
        disabled: undefined
      }

      at log (src/components/ui/Button.tsx:26:13)

    console.log
      [Button] Has onClick in props: true

      at log (src/components/ui/Button.tsx:27:13)

    console.log
      [Button] All props: {
        onClick: [Function: onClick],
        'aria-label': 'Refresh the entire page'
      }

      at log (src/components/ui/Button.tsx:28:13)

    console.log
      [Button] Rendering with type: button

      at log (src/components/ui/Button.tsx:25:13)

    console.log
      [Button] Props received: {
        variant: 'primary',
        size: 'md',
        type: 'button',
        loading: false,
        disabled: undefined
      }

      at log (src/components/ui/Button.tsx:26:13)

    console.log
      [Button] Has onClick in props: true

      at log (src/components/ui/Button.tsx:27:13)

    console.log
      [Button] All props: {
        onClick: [Function (anonymous)],
        'aria-label': 'Try again to reload the content'
      }

      at log (src/components/ui/Button.tsx:28:13)

    console.log
      [Button] Rendering with type: button

      at log (src/components/ui/Button.tsx:25:13)

    console.log
      [Button] Props received: {
        variant: 'outline',
        size: 'md',
        type: 'button',
        loading: false,
        disabled: undefined
      }

      at log (src/components/ui/Button.tsx:26:13)

    console.log
      [Button] Has onClick in props: true

      at log (src/components/ui/Button.tsx:27:13)

    console.log
      [Button] All props: {
        onClick: [Function: onClick],
        'aria-label': 'Refresh the entire page'
      }

      at log (src/components/ui/Button.tsx:28:13)

    console.log
      [Button] Rendering with type: button

      at log (src/components/ui/Button.tsx:25:13)

    console.log
      [Button] Props received: {
        variant: 'primary',
        size: 'md',
        type: 'button',
        loading: false,
        disabled: undefined
      }

      at log (src/components/ui/Button.tsx:26:13)

    console.log
      [Button] Has onClick in props: true

      at log (src/components/ui/Button.tsx:27:13)

    console.log
      [Button] All props: {
        onClick: [Function (anonymous)],
        'aria-label': 'Try again to reload the content'
      }

      at log (src/components/ui/Button.tsx:28:13)

    console.log
      [Button] Rendering with type: button

      at log (src/components/ui/Button.tsx:25:13)

    console.log
      [Button] Props received: {
        variant: 'outline',
        size: 'md',
        type: 'button',
        loading: false,
        disabled: undefined
      }

      at log (src/components/ui/Button.tsx:26:13)

    console.log
      [Button] Has onClick in props: true

      at log (src/components/ui/Button.tsx:27:13)

    console.log
      [Button] All props: {
        onClick: [Function: onClick],
        'aria-label': 'Refresh the entire page'
      }

      at log (src/components/ui/Button.tsx:28:13)

    console.log
      [Button] Rendering with type: button

      at log (src/components/ui/Button.tsx:25:13)

    console.log
      [Button] Props received: {
        variant: 'primary',
        size: 'md',
        type: 'button',
        loading: false,
        disabled: undefined
      }

      at log (src/components/ui/Button.tsx:26:13)

    console.log
      [Button] Has onClick in props: true

      at log (src/components/ui/Button.tsx:27:13)

    console.log
      [Button] All props: {
        onClick: [Function (anonymous)],
        'aria-label': 'Try again to reload the content'
      }

      at log (src/components/ui/Button.tsx:28:13)

    console.log
      [Button] Rendering with type: button

      at log (src/components/ui/Button.tsx:25:13)

    console.log
      [Button] Props received: {
        variant: 'outline',
        size: 'md',
        type: 'button',
        loading: false,
        disabled: undefined
      }

      at log (src/components/ui/Button.tsx:26:13)

    console.log
      [Button] Has onClick in props: true

      at log (src/components/ui/Button.tsx:27:13)

    console.log
      [Button] All props: {
        onClick: [Function: onClick],
        'aria-label': 'Refresh the entire page'
      }

      at log (src/components/ui/Button.tsx:28:13)

    console.log
      [Button] Rendering with type: button

      at log (src/components/ui/Button.tsx:25:13)

    console.log
      [Button] Props received: {
        variant: 'primary',
        size: 'md',
        type: 'button',
        loading: false,
        disabled: undefined
      }

      at log (src/components/ui/Button.tsx:26:13)

    console.log
      [Button] Has onClick in props: true

      at log (src/components/ui/Button.tsx:27:13)

    console.log
      [Button] All props: {
        onClick: [Function (anonymous)],
        'aria-label': 'Try again to reload the content'
      }

      at log (src/components/ui/Button.tsx:28:13)

    console.log
      [Button] Rendering with type: button

      at log (src/components/ui/Button.tsx:25:13)

    console.log
      [Button] Props received: {
        variant: 'outline',
        size: 'md',
        type: 'button',
        loading: false,
        disabled: undefined
      }

      at log (src/components/ui/Button.tsx:26:13)

    console.log
      [Button] Has onClick in props: true

      at log (src/components/ui/Button.tsx:27:13)

    console.log
      [Button] All props: {
        onClick: [Function: onClick],
        'aria-label': 'Refresh the entire page'
      }

      at log (src/components/ui/Button.tsx:28:13)

    console.log
      [Button] Rendering with type: button

      at log (src/components/ui/Button.tsx:25:13)

    console.log
      [Button] Props received: {
        variant: 'primary',
        size: 'md',
        type: 'button',
        loading: false,
        disabled: undefined
      }

      at log (src/components/ui/Button.tsx:26:13)

    console.log
      [Button] Has onClick in props: true

      at log (src/components/ui/Button.tsx:27:13)

    console.log
      [Button] All props: {
        onClick: [Function (anonymous)],
        'aria-label': 'Try again to reload the content'
      }

      at log (src/components/ui/Button.tsx:28:13)

    console.log
      [Button] Rendering with type: button

      at log (src/components/ui/Button.tsx:25:13)

    console.log
      [Button] Props received: {
        variant: 'outline',
        size: 'md',
        type: 'button',
        loading: false,
        disabled: undefined
      }

      at log (src/components/ui/Button.tsx:26:13)

    console.log
      [Button] Has onClick in props: true

      at log (src/components/ui/Button.tsx:27:13)

    console.log
      [Button] All props: {
        onClick: [Function: onClick],
        'aria-label': 'Refresh the entire page'
      }

      at log (src/components/ui/Button.tsx:28:13)

PASS src/components/TaxFormSelector.property.test.tsx
  ● Console

    console.log
      [Button] Rendering with type: button

      at log (src/components/ui/Button.tsx:25:13)

    console.log
      [Button] Props received: {
        variant: 'primary',
        size: 'lg',
        type: 'button',
        loading: false,
        disabled: true
      }

      at log (src/components/ui/Button.tsx:26:13)

    console.log
      [Button] Has onClick in props: true

      at log (src/components/ui/Button.tsx:27:13)

    console.log
      [Button] All props: {
        onClick: [Function: handleNavigate],
        'aria-label': 'Navigate to selected form'
      }

      at log (src/components/ui/Button.tsx:28:13)

    console.log
      [Button] Rendering with type: button

      at log (src/components/ui/Button.tsx:25:13)

    console.log
      [Button] Props received: {
        variant: 'primary',
        size: 'lg',
        type: 'button',
        loading: false,
        disabled: true
      }

      at log (src/components/ui/Button.tsx:26:13)

    console.log
      [Button] Has onClick in props: true

      at log (src/components/ui/Button.tsx:27:13)

    console.log
      [Button] All props: {
        onClick: [Function: handleNavigate],
        'aria-label': 'Navigate to selected form'
      }

      at log (src/components/ui/Button.tsx:28:13)

    console.log
      [Button] Rendering with type: button

      at log (src/components/ui/Button.tsx:25:13)

    console.log
      [Button] Props received: {
        variant: 'primary',
        size: 'lg',
        type: 'button',
        loading: false,
        disabled: true
      }

      at log (src/components/ui/Button.tsx:26:13)

    console.log
      [Button] Has onClick in props: true

      at log (src/components/ui/Button.tsx:27:13)

    console.log
      [Button] All props: {
        onClick: [Function: handleNavigate],
        'aria-label': 'Navigate to selected form'
      }

      at log (src/components/ui/Button.tsx:28:13)

    console.log
      [Button] Rendering with type: button

      at log (src/components/ui/Button.tsx:25:13)

    console.log
      [Button] Props received: {
        variant: 'primary',
        size: 'lg',
        type: 'button',
        loading: false,
        disabled: true
      }

      at log (src/components/ui/Button.tsx:26:13)

    console.log
      [Button] Has onClick in props: true

      at log (src/components/ui/Button.tsx:27:13)

    console.log
      [Button] All props: {
        onClick: [Function: handleNavigate],
        'aria-label': 'Navigate to selected form'
      }

      at log (src/components/ui/Button.tsx:28:13)

    console.log
      [Button] Rendering with type: button

      at log (src/components/ui/Button.tsx:25:13)

    console.log
      [Button] Props received: {
        variant: 'primary',
        size: 'lg',
        type: 'button',
        loading: false,
        disabled: true
      }

      at log (src/components/ui/Button.tsx:26:13)

    console.log
      [Button] Has onClick in props: true

      at log (src/components/ui/Button.tsx:27:13)

    console.log
      [Button] All props: {
        onClick: [Function: handleNavigate],
        'aria-label': 'Navigate to selected form'
      }

      at log (src/components/ui/Button.tsx:28:13)

    console.log
      [Button] Rendering with type: button

      at log (src/components/ui/Button.tsx:25:13)

    console.log
      [Button] Props received: {
        variant: 'primary',
        size: 'lg',
        type: 'button',
        loading: false,
        disabled: true
      }

      at log (src/components/ui/Button.tsx:26:13)

    console.log
      [Button] Has onClick in props: true

      at log (src/components/ui/Button.tsx:27:13)

    console.log
      [Button] All props: {
        onClick: [Function: handleNavigate],
        'aria-label': 'Navigate to selected form'
      }

      at log (src/components/ui/Button.tsx:28:13)

    console.log
      [Button] Rendering with type: button

      at log (src/components/ui/Button.tsx:25:13)

    console.log
      [Button] Props received: {
        variant: 'primary',
        size: 'lg',
        type: 'button',
        loading: false,
        disabled: true
      }

      at log (src/components/ui/Button.tsx:26:13)

    console.log
      [Button] Has onClick in props: true

      at log (src/components/ui/Button.tsx:27:13)

    console.log
      [Button] All props: {
        onClick: [Function: handleNavigate],
        'aria-label': 'Navigate to selected form'
      }

      at log (src/components/ui/Button.tsx:28:13)

    console.log
      [Button] Rendering with type: button

      at log (src/components/ui/Button.tsx:25:13)

    console.log
      [Button] Props received: {
        variant: 'primary',
        size: 'lg',
        type: 'button',
        loading: false,
        disabled: true
      }

      at log (src/components/ui/Button.tsx:26:13)

    console.log
      [Button] Has onClick in props: true

      at log (src/components/ui/Button.tsx:27:13)

    console.log
      [Button] All props: {
        onClick: [Function: handleNavigate],
        'aria-label': 'Navigate to selected form'
      }

      at log (src/components/ui/Button.tsx:28:13)

    console.log
      [Button] Rendering with type: button

      at log (src/components/ui/Button.tsx:25:13)

    console.log
      [Button] Props received: {
        variant: 'primary',
        size: 'lg',
        type: 'button',
        loading: false,
        disabled: true
      }

      at log (src/components/ui/Button.tsx:26:13)

    console.log
      [Button] Has onClick in props: true

      at log (src/components/ui/Button.tsx:27:13)

    console.log
      [Button] All props: {
        onClick: [Function: handleNavigate],
        'aria-label': 'Navigate to selected form'
      }

      at log (src/components/ui/Button.tsx:28:13)

    console.log
      [Button] Rendering with type: button

      at log (src/components/ui/Button.tsx:25:13)

    console.log
      [Button] Props received: {
        variant: 'primary',
        size: 'lg',
        type: 'button',
        loading: false,
        disabled: true
      }

      at log (src/components/ui/Button.tsx:26:13)

    console.log
      [Button] Has onClick in props: true

      at log (src/components/ui/Button.tsx:27:13)

    console.log
      [Button] All props: {
        onClick: [Function: handleNavigate],
        'aria-label': 'Navigate to selected form'
      }

      at log (src/components/ui/Button.tsx:28:13)

    console.log
      [Button] Rendering with type: button

      at log (src/components/ui/Button.tsx:25:13)

    console.log
      [Button] Props received: {
        variant: 'primary',
        size: 'lg',
        type: 'button',
        loading: false,
        disabled: true
      }

      at log (src/components/ui/Button.tsx:26:13)

    console.log
      [Button] Has onClick in props: true

      at log (src/components/ui/Button.tsx:27:13)

    console.log
      [Button] All props: {
        onClick: [Function: handleNavigate],
        'aria-label': 'Navigate to selected form'
      }

      at log (src/components/ui/Button.tsx:28:13)

    console.log
      [Button] Rendering with type: button

      at log (src/components/ui/Button.tsx:25:13)

    console.log
      [Button] Props received: {
        variant: 'primary',
        size: 'lg',
        type: 'button',
        loading: false,
        disabled: true
      }

      at log (src/components/ui/Button.tsx:26:13)

    console.log
      [Button] Has onClick in props: true

      at log (src/components/ui/Button.tsx:27:13)

    console.log
      [Button] All props: {
        onClick: [Function: handleNavigate],
        'aria-label': 'Navigate to selected form'
      }

      at log (src/components/ui/Button.tsx:28:13)

    console.log
      [Button] Rendering with type: button

      at log (src/components/ui/Button.tsx:25:13)

    console.log
      [Button] Props received: {
        variant: 'primary',
        size: 'lg',
        type: 'button',
        loading: false,
        disabled: true
      }

      at log (src/components/ui/Button.tsx:26:13)

    console.log
      [Button] Has onClick in props: true

      at log (src/components/ui/Button.tsx:27:13)

    console.log
      [Button] All props: {
        onClick: [Function: handleNavigate],
        'aria-label': 'Navigate to selected form'
      }

      at log (src/components/ui/Button.tsx:28:13)

    console.log
      [Button] Rendering with type: button

      at log (src/components/ui/Button.tsx:25:13)

    console.log
      [Button] Props received: {
        variant: 'primary',
        size: 'lg',
        type: 'button',
        loading: false,
        disabled: true
      }

      at log (src/components/ui/Button.tsx:26:13)

    console.log
      [Button] Has onClick in props: true

      at log (src/components/ui/Button.tsx:27:13)

    console.log
      [Button] All props: {
        onClick: [Function: handleNavigate],
        'aria-label': 'Navigate to selected form'
      }

      at log (src/components/ui/Button.tsx:28:13)

    console.log
      [Button] Rendering with type: button

      at log (src/components/ui/Button.tsx:25:13)

    console.log
      [Button] Props received: {
        variant: 'primary',
        size: 'lg',
        type: 'button',
        loading: false,
        disabled: true
      }

      at log (src/components/ui/Button.tsx:26:13)

    console.log
      [Button] Has onClick in props: true

      at log (src/components/ui/Button.tsx:27:13)

    console.log
      [Button] All props: {
        onClick: [Function: handleNavigate],
        'aria-label': 'Navigate to selected form'
      }

      at log (src/components/ui/Button.tsx:28:13)

    console.log
      [Button] Rendering with type: button

      at log (src/components/ui/Button.tsx:25:13)

    console.log
      [Button] Props received: {
        variant: 'primary',
        size: 'lg',
        type: 'button',
        loading: false,
        disabled: true
      }

      at log (src/components/ui/Button.tsx:26:13)

    console.log
      [Button] Has onClick in props: true

      at log (src/components/ui/Button.tsx:27:13)

    console.log
      [Button] All props: {
        onClick: [Function: handleNavigate],
        'aria-label': 'Navigate to selected form'
      }

      at log (src/components/ui/Button.tsx:28:13)

    console.log
      [Button] Rendering with type: button

      at log (src/components/ui/Button.tsx:25:13)

    console.log
      [Button] Props received: {
        variant: 'primary',
        size: 'lg',
        type: 'button',
        loading: false,
        disabled: true
      }

      at log (src/components/ui/Button.tsx:26:13)

    console.log
      [Button] Has onClick in props: true

      at log (src/components/ui/Button.tsx:27:13)

    console.log
      [Button] All props: {
        onClick: [Function: handleNavigate],
        'aria-label': 'Navigate to selected form'
      }

      at log (src/components/ui/Button.tsx:28:13)

    console.log
      [Button] Rendering with type: button

      at log (src/components/ui/Button.tsx:25:13)

    console.log
      [Button] Props received: {
        variant: 'primary',
        size: 'lg',
        type: 'button',
        loading: false,
        disabled: true
      }

      at log (src/components/ui/Button.tsx:26:13)

    console.log
      [Button] Has onClick in props: true

      at log (src/components/ui/Button.tsx:27:13)

    console.log
      [Button] All props: {
        onClick: [Function: handleNavigate],
        'aria-label': 'Navigate to selected form'
      }

      at log (src/components/ui/Button.tsx:28:13)

    console.log
      [Button] Rendering with type: button

      at log (src/components/ui/Button.tsx:25:13)

    console.log
      [Button] Props received: {
        variant: 'primary',
        size: 'lg',
        type: 'button',
        loading: false,
        disabled: true
      }

      at log (src/components/ui/Button.tsx:26:13)

    console.log
      [Button] Has onClick in props: true

      at log (src/components/ui/Button.tsx:27:13)

    console.log
      [Button] All props: {
        onClick: [Function: handleNavigate],
        'aria-label': 'Navigate to selected form'
      }

      at log (src/components/ui/Button.tsx:28:13)

    console.log
      [Button] Rendering with type: button

      at log (src/components/ui/Button.tsx:25:13)

    console.log
      [Button] Props received: {
        variant: 'primary',
        size: 'lg',
        type: 'button',
        loading: false,
        disabled: true
      }

      at log (src/components/ui/Button.tsx:26:13)

    console.log
      [Button] Has onClick in props: true

      at log (src/components/ui/Button.tsx:27:13)

    console.log
      [Button] All props: {
        onClick: [Function: handleNavigate],
        'aria-label': 'Navigate to selected form'
      }

      at log (src/components/ui/Button.tsx:28:13)

    console.log
      [Button] Rendering with type: button

      at log (src/components/ui/Button.tsx:25:13)

    console.log
      [Button] Props received: {
        variant: 'primary',
        size: 'lg',
        type: 'button',
        loading: false,
        disabled: true
      }

      at log (src/components/ui/Button.tsx:26:13)

    console.log
      [Button] Has onClick in props: true

      at log (src/components/ui/Button.tsx:27:13)

    console.log
      [Button] All props: {
        onClick: [Function: handleNavigate],
        'aria-label': 'Navigate to selected form'
      }

      at log (src/components/ui/Button.tsx:28:13)

    console.log
      [Button] Rendering with type: button

      at log (src/components/ui/Button.tsx:25:13)

    console.log
      [Button] Props received: {
        variant: 'primary',
        size: 'lg',
        type: 'button',
        loading: false,
        disabled: true
      }

      at log (src/components/ui/Button.tsx:26:13)

    console.log
      [Button] Has onClick in props: true

      at log (src/components/ui/Button.tsx:27:13)

    console.log
      [Button] All props: {
        onClick: [Function: handleNavigate],
        'aria-label': 'Navigate to selected form'
      }

      at log (src/components/ui/Button.tsx:28:13)

    console.log
      [Button] Rendering with type: button

      at log (src/components/ui/Button.tsx:25:13)

    console.log
      [Button] Props received: {
        variant: 'primary',
        size: 'lg',
        type: 'button',
        loading: false,
        disabled: true
      }

      at log (src/components/ui/Button.tsx:26:13)

    console.log
      [Button] Has onClick in props: true

      at log (src/components/ui/Button.tsx:27:13)

    console.log
      [Button] All props: {
        onClick: [Function: handleNavigate],
        'aria-label': 'Navigate to selected form'
      }

      at log (src/components/ui/Button.tsx:28:13)

    console.log
      [Button] Rendering with type: button

      at log (src/components/ui/Button.tsx:25:13)

    console.log
      [Button] Props received: {
        variant: 'primary',
        size: 'lg',
        type: 'button',
        loading: false,
        disabled: true
      }

      at log (src/components/ui/Button.tsx:26:13)

    console.log
      [Button] Has onClick in props: true

      at log (src/components/ui/Button.tsx:27:13)

    console.log
      [Button] All props: {
        onClick: [Function: handleNavigate],
        'aria-label': 'Navigate to selected form'
      }

      at log (src/components/ui/Button.tsx:28:13)

    console.log
      [Button] Rendering with type: button

      at log (src/components/ui/Button.tsx:25:13)

    console.log
      [Button] Props received: {
        variant: 'primary',
        size: 'lg',
        type: 'button',
        loading: false,
        disabled: true
      }

      at log (src/components/ui/Button.tsx:26:13)

    console.log
      [Button] Has onClick in props: true

      at log (src/components/ui/Button.tsx:27:13)

    console.log
      [Button] All props: {
        onClick: [Function: handleNavigate],
        'aria-label': 'Navigate to selected form'
      }

      at log (src/components/ui/Button.tsx:28:13)

    console.log
      [Button] Rendering with type: button

      at log (src/components/ui/Button.tsx:25:13)

    console.log
      [Button] Props received: {
        variant: 'primary',
        size: 'lg',
        type: 'button',
        loading: false,
        disabled: true
      }

      at log (src/components/ui/Button.tsx:26:13)

    console.log
      [Button] Has onClick in props: true

      at log (src/components/ui/Button.tsx:27:13)

    console.log
      [Button] All props: {
        onClick: [Function: handleNavigate],
        'aria-label': 'Navigate to selected form'
      }

      at log (src/components/ui/Button.tsx:28:13)

    console.log
      [Button] Rendering with type: button

      at log (src/components/ui/Button.tsx:25:13)

    console.log
      [Button] Props received: {
        variant: 'primary',
        size: 'lg',
        type: 'button',
        loading: false,
        disabled: true
      }

      at log (src/components/ui/Button.tsx:26:13)

    console.log
      [Button] Has onClick in props: true

      at log (src/components/ui/Button.tsx:27:13)

    console.log
      [Button] All props: {
        onClick: [Function: handleNavigate],
        'aria-label': 'Navigate to selected form'
      }

      at log (src/components/ui/Button.tsx:28:13)

    console.log
      [Button] Rendering with type: button

      at log (src/components/ui/Button.tsx:25:13)

    console.log
      [Button] Props received: {
        variant: 'primary',
        size: 'lg',
        type: 'button',
        loading: false,
        disabled: true
      }

      at log (src/components/ui/Button.tsx:26:13)

    console.log
      [Button] Has onClick in props: true

      at log (src/components/ui/Button.tsx:27:13)

    console.log
      [Button] All props: {
        onClick: [Function: handleNavigate],
        'aria-label': 'Navigate to selected form'
      }

      at log (src/components/ui/Button.tsx:28:13)

    console.log
      [Button] Rendering with type: button

      at log (src/components/ui/Button.tsx:25:13)

    console.log
      [Button] Props received: {
        variant: 'primary',
        size: 'lg',
        type: 'button',
        loading: false,
        disabled: true
      }

      at log (src/components/ui/Button.tsx:26:13)

    console.log
      [Button] Has onClick in props: true

      at log (src/components/ui/Button.tsx:27:13)

    console.log
      [Button] All props: {
        onClick: [Function: handleNavigate],
        'aria-label': 'Navigate to selected form'
      }

      at log (src/components/ui/Button.tsx:28:13)

    console.log
      [Button] Rendering with type: button

      at log (src/components/ui/Button.tsx:25:13)

    console.log
      [Button] Props received: {
        variant: 'primary',
        size: 'lg',
        type: 'button',
        loading: false,
        disabled: true
      }

      at log (src/components/ui/Button.tsx:26:13)

    console.log
      [Button] Has onClick in props: true

      at log (src/components/ui/Button.tsx:27:13)

    console.log
      [Button] All props: {
        onClick: [Function: handleNavigate],
        'aria-label': 'Navigate to selected form'
      }

      at log (src/components/ui/Button.tsx:28:13)

    console.log
      [Button] Rendering with type: button

      at log (src/components/ui/Button.tsx:25:13)

    console.log
      [Button] Props received: {
        variant: 'primary',
        size: 'lg',
        type: 'button',
        loading: false,
        disabled: true
      }

      at log (src/components/ui/Button.tsx:26:13)

    console.log
      [Button] Has onClick in props: true

      at log (src/components/ui/Button.tsx:27:13)

    console.log
      [Button] All props: {
        onClick: [Function: handleNavigate],
        'aria-label': 'Navigate to selected form'
      }

      at log (src/components/ui/Button.tsx:28:13)

    console.log
      [Button] Rendering with type: button

      at log (src/components/ui/Button.tsx:25:13)

    console.log
      [Button] Props received: {
        variant: 'primary',
        size: 'lg',
        type: 'button',
        loading: false,
        disabled: true
      }

      at log (src/components/ui/Button.tsx:26:13)

    console.log
      [Button] Has onClick in props: true

      at log (src/components/ui/Button.tsx:27:13)

    console.log
      [Button] All props: {
        onClick: [Function: handleNavigate],
        'aria-label': 'Navigate to selected form'
      }

      at log (src/components/ui/Button.tsx:28:13)

    console.log
      [Button] Rendering with type: button

      at log (src/components/ui/Button.tsx:25:13)

    console.log
      [Button] Props received: {
        variant: 'primary',
        size: 'lg',
        type: 'button',
        loading: false,
        disabled: true
      }

      at log (src/components/ui/Button.tsx:26:13)

    console.log
      [Button] Has onClick in props: true

      at log (src/components/ui/Button.tsx:27:13)

    console.log
      [Button] All props: {
        onClick: [Function: handleNavigate],
        'aria-label': 'Navigate to selected form'
      }

      at log (src/components/ui/Button.tsx:28:13)

    console.log
      [Button] Rendering with type: button

      at log (src/components/ui/Button.tsx:25:13)

    console.log
      [Button] Props received: {
        variant: 'primary',
        size: 'lg',
        type: 'button',
        loading: false,
        disabled: true
      }

      at log (src/components/ui/Button.tsx:26:13)

    console.log
      [Button] Has onClick in props: true

      at log (src/components/ui/Button.tsx:27:13)

    console.log
      [Button] All props: {
        onClick: [Function: handleNavigate],
        'aria-label': 'Navigate to selected form'
      }

      at log (src/components/ui/Button.tsx:28:13)

    console.log
      [Button] Rendering with type: button

      at log (src/components/ui/Button.tsx:25:13)

    console.log
      [Button] Props received: {
        variant: 'primary',
        size: 'lg',
        type: 'button',
        loading: false,
        disabled: true
      }

      at log (src/components/ui/Button.tsx:26:13)

    console.log
      [Button] Has onClick in props: true

      at log (src/components/ui/Button.tsx:27:13)

    console.log
      [Button] All props: {
        onClick: [Function: handleNavigate],
        'aria-label': 'Navigate to selected form'
      }

      at log (src/components/ui/Button.tsx:28:13)

    console.log
      [Button] Rendering with type: button

      at log (src/components/ui/Button.tsx:25:13)

    console.log
      [Button] Props received: {
        variant: 'primary',
        size: 'lg',
        type: 'button',
        loading: false,
        disabled: true
      }

      at log (src/components/ui/Button.tsx:26:13)

    console.log
      [Button] Has onClick in props: true

      at log (src/components/ui/Button.tsx:27:13)

    console.log
      [Button] All props: {
        onClick: [Function: handleNavigate],
        'aria-label': 'Navigate to selected form'
      }

      at log (src/components/ui/Button.tsx:28:13)

    console.log
      [Button] Rendering with type: button

      at log (src/components/ui/Button.tsx:25:13)

    console.log
      [Button] Props received: {
        variant: 'primary',
        size: 'lg',
        type: 'button',
        loading: false,
        disabled: true
      }

      at log (src/components/ui/Button.tsx:26:13)

    console.log
      [Button] Has onClick in props: true

      at log (src/components/ui/Button.tsx:27:13)

    console.log
      [Button] All props: {
        onClick: [Function: handleNavigate],
        'aria-label': 'Navigate to selected form'
      }

      at log (src/components/ui/Button.tsx:28:13)

    console.log
      [Button] Rendering with type: button

      at log (src/components/ui/Button.tsx:25:13)

    console.log
      [Button] Props received: {
        variant: 'primary',
        size: 'lg',
        type: 'button',
        loading: false,
        disabled: true
      }

      at log (src/components/ui/Button.tsx:26:13)

    console.log
      [Button] Has onClick in props: true

      at log (src/components/ui/Button.tsx:27:13)

    console.log
      [Button] All props: {
        onClick: [Function: handleNavigate],
        'aria-label': 'Navigate to selected form'
      }

      at log (src/components/ui/Button.tsx:28:13)

    console.log
      [Button] Rendering with type: button

      at log (src/components/ui/Button.tsx:25:13)

    console.log
      [Button] Props received: {
        variant: 'primary',
        size: 'lg',
        type: 'button',
        loading: false,
        disabled: true
      }

      at log (src/components/ui/Button.tsx:26:13)

    console.log
      [Button] Has onClick in props: true

      at log (src/components/ui/Button.tsx:27:13)

    console.log
      [Button] All props: {
        onClick: [Function: handleNavigate],
        'aria-label': 'Navigate to selected form'
      }

      at log (src/components/ui/Button.tsx:28:13)

    console.log
      [Button] Rendering with type: button

      at log (src/components/ui/Button.tsx:25:13)

    console.log
      [Button] Props received: {
        variant: 'primary',
        size: 'lg',
        type: 'button',
        loading: false,
        disabled: true
      }

      at log (src/components/ui/Button.tsx:26:13)

    console.log
      [Button] Has onClick in props: true

      at log (src/components/ui/Button.tsx:27:13)

    console.log
      [Button] All props: {
        onClick: [Function: handleNavigate],
        'aria-label': 'Navigate to selected form'
      }

      at log (src/components/ui/Button.tsx:28:13)

    console.log
      [Button] Rendering with type: button

      at log (src/components/ui/Button.tsx:25:13)

    console.log
      [Button] Props received: {
        variant: 'primary',
        size: 'lg',
        type: 'button',
        loading: false,
        disabled: true
      }

      at log (src/components/ui/Button.tsx:26:13)

    console.log
      [Button] Has onClick in props: true

      at log (src/components/ui/Button.tsx:27:13)

    console.log
      [Button] All props: {
        onClick: [Function: handleNavigate],
        'aria-label': 'Navigate to selected form'
      }

      at log (src/components/ui/Button.tsx:28:13)

    console.log
      [Button] Rendering with type: button

      at log (src/components/ui/Button.tsx:25:13)

    console.log
      [Button] Props received: {
        variant: 'primary',
        size: 'lg',
        type: 'button',
        loading: false,
        disabled: true
      }

      at log (src/components/ui/Button.tsx:26:13)

    console.log
      [Button] Has onClick in props: true

      at log (src/components/ui/Button.tsx:27:13)

    console.log
      [Button] All props: {
        onClick: [Function: handleNavigate],
        'aria-label': 'Navigate to selected form'
      }

      at log (src/components/ui/Button.tsx:28:13)

    console.log
      [Button] Rendering with type: button

      at log (src/components/ui/Button.tsx:25:13)

    console.log
      [Button] Props received: {
        variant: 'primary',
        size: 'lg',
        type: 'button',
        loading: false,
        disabled: true
      }

      at log (src/components/ui/Button.tsx:26:13)

    console.log
      [Button] Has onClick in props: true

      at log (src/components/ui/Button.tsx:27:13)

    console.log
      [Button] All props: {
        onClick: [Function: handleNavigate],
        'aria-label': 'Navigate to selected form'
      }

      at log (src/components/ui/Button.tsx:28:13)

    console.log
      [Button] Rendering with type: button

      at log (src/components/ui/Button.tsx:25:13)

    console.log
      [Button] Props received: {
        variant: 'primary',
        size: 'lg',
        type: 'button',
        loading: false,
        disabled: true
      }

      at log (src/components/ui/Button.tsx:26:13)

    console.log
      [Button] Has onClick in props: true

      at log (src/components/ui/Button.tsx:27:13)

    console.log
      [Button] All props: {
        onClick: [Function: handleNavigate],
        'aria-label': 'Navigate to selected form'
      }

      at log (src/components/ui/Button.tsx:28:13)

    console.log
      [Button] Rendering with type: button

      at log (src/components/ui/Button.tsx:25:13)

    console.log
      [Button] Props received: {
        variant: 'primary',
        size: 'lg',
        type: 'button',
        loading: false,
        disabled: true
      }

      at log (src/components/ui/Button.tsx:26:13)

    console.log
      [Button] Has onClick in props: true

      at log (src/components/ui/Button.tsx:27:13)

    console.log
      [Button] All props: {
        onClick: [Function: handleNavigate],
        'aria-label': 'Navigate to selected form'
      }

      at log (src/components/ui/Button.tsx:28:13)

    console.log
      [Button] Rendering with type: button

      at log (src/components/ui/Button.tsx:25:13)

    console.log
      [Button] Props received: {
        variant: 'primary',
        size: 'lg',
        type: 'button',
        loading: false,
        disabled: true
      }

      at log (src/components/ui/Button.tsx:26:13)

    console.log
      [Button] Has onClick in props: true

      at log (src/components/ui/Button.tsx:27:13)

    console.log
      [Button] All props: {
        onClick: [Function: handleNavigate],
        'aria-label': 'Navigate to selected form'
      }

      at log (src/components/ui/Button.tsx:28:13)

    console.log
      [Button] Rendering with type: button

      at log (src/components/ui/Button.tsx:25:13)

    console.log
      [Button] Props received: {
        variant: 'primary',
        size: 'lg',
        type: 'button',
        loading: false,
        disabled: true
      }

      at log (src/components/ui/Button.tsx:26:13)

    console.log
      [Button] Has onClick in props: true

      at log (src/components/ui/Button.tsx:27:13)

    console.log
      [Button] All props: {
        onClick: [Function: handleNavigate],
        'aria-label': 'Navigate to selected form'
      }

      at log (src/components/ui/Button.tsx:28:13)

    console.log
      [Button] Rendering with type: button

      at log (src/components/ui/Button.tsx:25:13)

    console.log
      [Button] Props received: {
        variant: 'primary',
        size: 'lg',
        type: 'button',
        loading: false,
        disabled: true
      }

      at log (src/components/ui/Button.tsx:26:13)

    console.log
      [Button] Has onClick in props: true

      at log (src/components/ui/Button.tsx:27:13)

    console.log
      [Button] All props: {
        onClick: [Function: handleNavigate],
        'aria-label': 'Navigate to selected form'
      }

      at log (src/components/ui/Button.tsx:28:13)

    console.log
      [Button] Rendering with type: button

      at log (src/components/ui/Button.tsx:25:13)

    console.log
      [Button] Props received: {
        variant: 'primary',
        size: 'lg',
        type: 'button',
        loading: false,
        disabled: true
      }

      at log (src/components/ui/Button.tsx:26:13)

    console.log
      [Button] Has onClick in props: true

      at log (src/components/ui/Button.tsx:27:13)

    console.log
      [Button] All props: {
        onClick: [Function: handleNavigate],
        'aria-label': 'Navigate to selected form'
      }

      at log (src/components/ui/Button.tsx:28:13)

    console.log
      [Button] Rendering with type: button

      at log (src/components/ui/Button.tsx:25:13)

    console.log
      [Button] Props received: {
        variant: 'primary',
        size: 'lg',
        type: 'button',
        loading: false,
        disabled: true
      }

      at log (src/components/ui/Button.tsx:26:13)

    console.log
      [Button] Has onClick in props: true

      at log (src/components/ui/Button.tsx:27:13)

    console.log
      [Button] All props: {
        onClick: [Function: handleNavigate],
        'aria-label': 'Navigate to selected form'
      }

      at log (src/components/ui/Button.tsx:28:13)

    console.log
      [Button] Rendering with type: button

      at log (src/components/ui/Button.tsx:25:13)

    console.log
      [Button] Props received: {
        variant: 'primary',
        size: 'lg',
        type: 'button',
        loading: false,
        disabled: true
      }

      at log (src/components/ui/Button.tsx:26:13)

    console.log
      [Button] Has onClick in props: true

      at log (src/components/ui/Button.tsx:27:13)

    console.log
      [Button] All props: {
        onClick: [Function: handleNavigate],
        'aria-label': 'Navigate to selected form'
      }

      at log (src/components/ui/Button.tsx:28:13)

    console.log
      [Button] Rendering with type: button

      at log (src/components/ui/Button.tsx:25:13)

    console.log
      [Button] Props received: {
        variant: 'primary',
        size: 'lg',
        type: 'button',
        loading: false,
        disabled: true
      }

      at log (src/components/ui/Button.tsx:26:13)

    console.log
      [Button] Has onClick in props: true

      at log (src/components/ui/Button.tsx:27:13)

    console.log
      [Button] All props: {
        onClick: [Function: handleNavigate],
        'aria-label': 'Navigate to selected form'
      }

      at log (src/components/ui/Button.tsx:28:13)

    console.log
      [Button] Rendering with type: button

      at log (src/components/ui/Button.tsx:25:13)

    console.log
      [Button] Props received: {
        variant: 'primary',
        size: 'lg',
        type: 'button',
        loading: false,
        disabled: true
      }

      at log (src/components/ui/Button.tsx:26:13)

    console.log
      [Button] Has onClick in props: true

      at log (src/components/ui/Button.tsx:27:13)

    console.log
      [Button] All props: {
        onClick: [Function: handleNavigate],
        'aria-label': 'Navigate to selected form'
      }

      at log (src/components/ui/Button.tsx:28:13)

    console.log
      [Button] Rendering with type: button

      at log (src/components/ui/Button.tsx:25:13)

    console.log
      [Button] Props received: {
        variant: 'primary',
        size: 'lg',
        type: 'button',
        loading: false,
        disabled: true
      }

      at log (src/components/ui/Button.tsx:26:13)

    console.log
      [Button] Has onClick in props: true

      at log (src/components/ui/Button.tsx:27:13)

    console.log
      [Button] All props: {
        onClick: [Function: handleNavigate],
        'aria-label': 'Navigate to selected form'
      }

      at log (src/components/ui/Button.tsx:28:13)

    console.log
      [Button] Rendering with type: button

      at log (src/components/ui/Button.tsx:25:13)

    console.log
      [Button] Props received: {
        variant: 'primary',
        size: 'lg',
        type: 'button',
        loading: false,
        disabled: true
      }

      at log (src/components/ui/Button.tsx:26:13)

    console.log
      [Button] Has onClick in props: true

      at log (src/components/ui/Button.tsx:27:13)

    console.log
      [Button] All props: {
        onClick: [Function: handleNavigate],
        'aria-label': 'Navigate to selected form'
      }

      at log (src/components/ui/Button.tsx:28:13)

    console.log
      [Button] Rendering with type: button

      at log (src/components/ui/Button.tsx:25:13)

    console.log
      [Button] Props received: {
        variant: 'primary',
        size: 'lg',
        type: 'button',
        loading: false,
        disabled: true
      }

      at log (src/components/ui/Button.tsx:26:13)

    console.log
      [Button] Has onClick in props: true

      at log (src/components/ui/Button.tsx:27:13)

    console.log
      [Button] All props: {
        onClick: [Function: handleNavigate],
        'aria-label': 'Navigate to selected form'
      }

      at log (src/components/ui/Button.tsx:28:13)

    console.log
      [Button] Rendering with type: button

      at log (src/components/ui/Button.tsx:25:13)

    console.log
      [Button] Props received: {
        variant: 'primary',
        size: 'lg',
        type: 'button',
        loading: false,
        disabled: true
      }

      at log (src/components/ui/Button.tsx:26:13)

    console.log
      [Button] Has onClick in props: true

      at log (src/components/ui/Button.tsx:27:13)

    console.log
      [Button] All props: {
        onClick: [Function: handleNavigate],
        'aria-label': 'Navigate to selected form'
      }

      at log (src/components/ui/Button.tsx:28:13)

    console.log
      [Button] Rendering with type: button

      at log (src/components/ui/Button.tsx:25:13)

    console.log
      [Button] Props received: {
        variant: 'primary',
        size: 'lg',
        type: 'button',
        loading: false,
        disabled: true
      }

      at log (src/components/ui/Button.tsx:26:13)

    console.log
      [Button] Has onClick in props: true

      at log (src/components/ui/Button.tsx:27:13)

    console.log
      [Button] All props: {
        onClick: [Function: handleNavigate],
        'aria-label': 'Navigate to selected form'
      }

      at log (src/components/ui/Button.tsx:28:13)

    console.log
      [Button] Rendering with type: button

      at log (src/components/ui/Button.tsx:25:13)

    console.log
      [Button] Props received: {
        variant: 'primary',
        size: 'lg',
        type: 'button',
        loading: false,
        disabled: true
      }

      at log (src/components/ui/Button.tsx:26:13)

    console.log
      [Button] Has onClick in props: true

      at log (src/components/ui/Button.tsx:27:13)

    console.log
      [Button] All props: {
        onClick: [Function: handleNavigate],
        'aria-label': 'Navigate to selected form'
      }

      at log (src/components/ui/Button.tsx:28:13)

    console.log
      [Button] Rendering with type: button

      at log (src/components/ui/Button.tsx:25:13)

    console.log
      [Button] Props received: {
        variant: 'primary',
        size: 'lg',
        type: 'button',
        loading: false,
        disabled: true
      }

      at log (src/components/ui/Button.tsx:26:13)

    console.log
      [Button] Has onClick in props: true

      at log (src/components/ui/Button.tsx:27:13)

    console.log
      [Button] All props: {
        onClick: [Function: handleNavigate],
        'aria-label': 'Navigate to selected form'
      }

      at log (src/components/ui/Button.tsx:28:13)

    console.log
      [Button] Rendering with type: button

      at log (src/components/ui/Button.tsx:25:13)

    console.log
      [Button] Props received: {
        variant: 'primary',
        size: 'lg',
        type: 'button',
        loading: false,
        disabled: true
      }

      at log (src/components/ui/Button.tsx:26:13)

    console.log
      [Button] Has onClick in props: true

      at log (src/components/ui/Button.tsx:27:13)

    console.log
      [Button] All props: {
        onClick: [Function: handleNavigate],
        'aria-label': 'Navigate to selected form'
      }

      at log (src/components/ui/Button.tsx:28:13)

    console.log
      [Button] Rendering with type: button

      at log (src/components/ui/Button.tsx:25:13)

    console.log
      [Button] Props received: {
        variant: 'primary',
        size: 'lg',
        type: 'button',
        loading: false,
        disabled: true
      }

      at log (src/components/ui/Button.tsx:26:13)

    console.log
      [Button] Has onClick in props: true

      at log (src/components/ui/Button.tsx:27:13)

    console.log
      [Button] All props: {
        onClick: [Function: handleNavigate],
        'aria-label': 'Navigate to selected form'
      }

      at log (src/components/ui/Button.tsx:28:13)

    console.log
      [Button] Rendering with type: button

      at log (src/components/ui/Button.tsx:25:13)

    console.log
      [Button] Props received: {
        variant: 'primary',
        size: 'lg',
        type: 'button',
        loading: false,
        disabled: true
      }

      at log (src/components/ui/Button.tsx:26:13)

    console.log
      [Button] Has onClick in props: true

      at log (src/components/ui/Button.tsx:27:13)

    console.log
      [Button] All props: {
        onClick: [Function: handleNavigate],
        'aria-label': 'Navigate to selected form'
      }

      at log (src/components/ui/Button.tsx:28:13)

    console.log
      [Button] Rendering with type: button

      at log (src/components/ui/Button.tsx:25:13)

    console.log
      [Button] Props received: {
        variant: 'primary',
        size: 'lg',
        type: 'button',
        loading: false,
        disabled: true
      }

      at log (src/components/ui/Button.tsx:26:13)

    console.log
      [Button] Has onClick in props: true

      at log (src/components/ui/Button.tsx:27:13)

    console.log
      [Button] All props: {
        onClick: [Function: handleNavigate],
        'aria-label': 'Navigate to selected form'
      }

      at log (src/components/ui/Button.tsx:28:13)

    console.log
      [Button] Rendering with type: button

      at log (src/components/ui/Button.tsx:25:13)

    console.log
      [Button] Props received: {
        variant: 'primary',
        size: 'lg',
        type: 'button',
        loading: false,
        disabled: true
      }

      at log (src/components/ui/Button.tsx:26:13)

    console.log
      [Button] Has onClick in props: true

      at log (src/components/ui/Button.tsx:27:13)

    console.log
      [Button] All props: {
        onClick: [Function: handleNavigate],
        'aria-label': 'Navigate to selected form'
      }

      at log (src/components/ui/Button.tsx:28:13)

    console.log
      [Button] Rendering with type: button

      at log (src/components/ui/Button.tsx:25:13)

    console.log
      [Button] Props received: {
        variant: 'primary',
        size: 'lg',
        type: 'button',
        loading: false,
        disabled: true
      }

      at log (src/components/ui/Button.tsx:26:13)

    console.log
      [Button] Has onClick in props: true

      at log (src/components/ui/Button.tsx:27:13)

    console.log
      [Button] All props: {
        onClick: [Function: handleNavigate],
        'aria-label': 'Navigate to selected form'
      }

      at log (src/components/ui/Button.tsx:28:13)

    console.log
      [Button] Rendering with type: button

      at log (src/components/ui/Button.tsx:25:13)

    console.log
      [Button] Props received: {
        variant: 'primary',
        size: 'lg',
        type: 'button',
        loading: false,
        disabled: true
      }

      at log (src/components/ui/Button.tsx:26:13)

    console.log
      [Button] Has onClick in props: true

      at log (src/components/ui/Button.tsx:27:13)

    console.log
      [Button] All props: {
        onClick: [Function: handleNavigate],
        'aria-label': 'Navigate to selected form'
      }

      at log (src/components/ui/Button.tsx:28:13)

    console.log
      [Button] Rendering with type: button

      at log (src/components/ui/Button.tsx:25:13)

    console.log
      [Button] Props received: {
        variant: 'primary',
        size: 'lg',
        type: 'button',
        loading: false,
        disabled: true
      }

      at log (src/components/ui/Button.tsx:26:13)

    console.log
      [Button] Has onClick in props: true

      at log (src/components/ui/Button.tsx:27:13)

    console.log
      [Button] All props: {
        onClick: [Function: handleNavigate],
        'aria-label': 'Navigate to selected form'
      }

      at log (src/components/ui/Button.tsx:28:13)

    console.log
      [Button] Rendering with type: button

      at log (src/components/ui/Button.tsx:25:13)

    console.log
      [Button] Props received: {
        variant: 'primary',
        size: 'lg',
        type: 'button',
        loading: false,
        disabled: true
      }

      at log (src/components/ui/Button.tsx:26:13)

    console.log
      [Button] Has onClick in props: true

      at log (src/components/ui/Button.tsx:27:13)

    console.log
      [Button] All props: {
        onClick: [Function: handleNavigate],
        'aria-label': 'Navigate to selected form'
      }

      at log (src/components/ui/Button.tsx:28:13)

    console.log
      [Button] Rendering with type: button

      at log (src/components/ui/Button.tsx:25:13)

    console.log
      [Button] Props received: {
        variant: 'primary',
        size: 'lg',
        type: 'button',
        loading: false,
        disabled: true
      }

      at log (src/components/ui/Button.tsx:26:13)

    console.log
      [Button] Has onClick in props: true

      at log (src/components/ui/Button.tsx:27:13)

    console.log
      [Button] All props: {
        onClick: [Function: handleNavigate],
        'aria-label': 'Navigate to selected form'
      }

      at log (src/components/ui/Button.tsx:28:13)

    console.log
      [Button] Rendering with type: button

      at log (src/components/ui/Button.tsx:25:13)

    console.log
      [Button] Props received: {
        variant: 'primary',
        size: 'lg',
        type: 'button',
        loading: false,
        disabled: true
      }

      at log (src/components/ui/Button.tsx:26:13)

    console.log
      [Button] Has onClick in props: true

      at log (src/components/ui/Button.tsx:27:13)

    console.log
      [Button] All props: {
        onClick: [Function: handleNavigate],
        'aria-label': 'Navigate to selected form'
      }

      at log (src/components/ui/Button.tsx:28:13)

    console.log
      [Button] Rendering with type: button

      at log (src/components/ui/Button.tsx:25:13)

    console.log
      [Button] Props received: {
        variant: 'primary',
        size: 'lg',
        type: 'button',
        loading: false,
        disabled: true
      }

      at log (src/components/ui/Button.tsx:26:13)

    console.log
      [Button] Has onClick in props: true

      at log (src/components/ui/Button.tsx:27:13)

    console.log
      [Button] All props: {
        onClick: [Function: handleNavigate],
        'aria-label': 'Navigate to selected form'
      }

      at log (src/components/ui/Button.tsx:28:13)

    console.log
      [Button] Rendering with type: button

      at log (src/components/ui/Button.tsx:25:13)

    console.log
      [Button] Props received: {
        variant: 'primary',
        size: 'lg',
        type: 'button',
        loading: false,
        disabled: true
      }

      at log (src/components/ui/Button.tsx:26:13)

    console.log
      [Button] Has onClick in props: true

      at log (src/components/ui/Button.tsx:27:13)

    console.log
      [Button] All props: {
        onClick: [Function: handleNavigate],
        'aria-label': 'Navigate to selected form'
      }

      at log (src/components/ui/Button.tsx:28:13)

    console.log
      [Button] Rendering with type: button

      at log (src/components/ui/Button.tsx:25:13)

    console.log
      [Button] Props received: {
        variant: 'primary',
        size: 'lg',
        type: 'button',
        loading: false,
        disabled: true
      }

      at log (src/components/ui/Button.tsx:26:13)

    console.log
      [Button] Has onClick in props: true

      at log (src/components/ui/Button.tsx:27:13)

    console.log
      [Button] All props: {
        onClick: [Function: handleNavigate],
        'aria-label': 'Navigate to selected form'
      }

      at log (src/components/ui/Button.tsx:28:13)

    console.log
      [Button] Rendering with type: button

      at log (src/components/ui/Button.tsx:25:13)

    console.log
      [Button] Props received: {
        variant: 'primary',
        size: 'lg',
        type: 'button',
        loading: false,
        disabled: true
      }

      at log (src/components/ui/Button.tsx:26:13)

    console.log
      [Button] Has onClick in props: true

      at log (src/components/ui/Button.tsx:27:13)

    console.log
      [Button] All props: {
        onClick: [Function: handleNavigate],
        'aria-label': 'Navigate to selected form'
      }

      at log (src/components/ui/Button.tsx:28:13)

    console.log
      [Button] Rendering with type: button

      at log (src/components/ui/Button.tsx:25:13)

    console.log
      [Button] Props received: {
        variant: 'primary',
        size: 'lg',
        type: 'button',
        loading: false,
        disabled: true
      }

      at log (src/components/ui/Button.tsx:26:13)

    console.log
      [Button] Has onClick in props: true

      at log (src/components/ui/Button.tsx:27:13)

    console.log
      [Button] All props: {
        onClick: [Function: handleNavigate],
        'aria-label': 'Navigate to selected form'
      }

      at log (src/components/ui/Button.tsx:28:13)

    console.log
      [Button] Rendering with type: button

      at log (src/components/ui/Button.tsx:25:13)

    console.log
      [Button] Props received: {
        variant: 'primary',
        size: 'lg',
        type: 'button',
        loading: false,
        disabled: true
      }

      at log (src/components/ui/Button.tsx:26:13)

    console.log
      [Button] Has onClick in props: true

      at log (src/components/ui/Button.tsx:27:13)

    console.log
      [Button] All props: {
        onClick: [Function: handleNavigate],
        'aria-label': 'Navigate to selected form'
      }

      at log (src/components/ui/Button.tsx:28:13)

    console.log
      [Button] Rendering with type: button

      at log (src/components/ui/Button.tsx:25:13)

    console.log
      [Button] Props received: {
        variant: 'primary',
        size: 'lg',
        type: 'button',
        loading: false,
        disabled: true
      }

      at log (src/components/ui/Button.tsx:26:13)

    console.log
      [Button] Has onClick in props: true

      at log (src/components/ui/Button.tsx:27:13)

    console.log
      [Button] All props: {
        onClick: [Function: handleNavigate],
        'aria-label': 'Navigate to selected form'
      }

      at log (src/components/ui/Button.tsx:28:13)

    console.log
      [Button] Rendering with type: button

      at log (src/components/ui/Button.tsx:25:13)

    console.log
      [Button] Props received: {
        variant: 'primary',
        size: 'lg',
        type: 'button',
        loading: false,
        disabled: true
      }

      at log (src/components/ui/Button.tsx:26:13)

    console.log
      [Button] Has onClick in props: true

      at log (src/components/ui/Button.tsx:27:13)

    console.log
      [Button] All props: {
        onClick: [Function: handleNavigate],
        'aria-label': 'Navigate to selected form'
      }

      at log (src/components/ui/Button.tsx:28:13)

    console.log
      [Button] Rendering with type: button

      at log (src/components/ui/Button.tsx:25:13)

    console.log
      [Button] Props received: {
        variant: 'primary',
        size: 'lg',
        type: 'button',
        loading: false,
        disabled: true
      }

      at log (src/components/ui/Button.tsx:26:13)

    console.log
      [Button] Has onClick in props: true

      at log (src/components/ui/Button.tsx:27:13)

    console.log
      [Button] All props: {
        onClick: [Function: handleNavigate],
        'aria-label': 'Navigate to selected form'
      }

      at log (src/components/ui/Button.tsx:28:13)

    console.log
      [Button] Rendering with type: button

      at log (src/components/ui/Button.tsx:25:13)

    console.log
      [Button] Props received: {
        variant: 'primary',
        size: 'lg',
        type: 'button',
        loading: false,
        disabled: true
      }

      at log (src/components/ui/Button.tsx:26:13)

    console.log
      [Button] Has onClick in props: true

      at log (src/components/ui/Button.tsx:27:13)

    console.log
      [Button] All props: {
        onClick: [Function: handleNavigate],
        'aria-label': 'Navigate to selected form'
      }

      at log (src/components/ui/Button.tsx:28:13)

    console.log
      [Button] Rendering with type: button

      at log (src/components/ui/Button.tsx:25:13)

    console.log
      [Button] Props received: {
        variant: 'primary',
        size: 'lg',
        type: 'button',
        loading: false,
        disabled: true
      }

      at log (src/components/ui/Button.tsx:26:13)

    console.log
      [Button] Has onClick in props: true

      at log (src/components/ui/Button.tsx:27:13)

    console.log
      [Button] All props: {
        onClick: [Function: handleNavigate],
        'aria-label': 'Navigate to selected form'
      }

      at log (src/components/ui/Button.tsx:28:13)

    console.log
      [Button] Rendering with type: button

      at log (src/components/ui/Button.tsx:25:13)

    console.log
      [Button] Props received: {
        variant: 'primary',
        size: 'lg',
        type: 'button',
        loading: false,
        disabled: true
      }

      at log (src/components/ui/Button.tsx:26:13)

    console.log
      [Button] Has onClick in props: true

      at log (src/components/ui/Button.tsx:27:13)

    console.log
      [Button] All props: {
        onClick: [Function: handleNavigate],
        'aria-label': 'Navigate to selected form'
      }

      at log (src/components/ui/Button.tsx:28:13)

    console.log
      [Button] Rendering with type: button

      at log (src/components/ui/Button.tsx:25:13)

    console.log
      [Button] Props received: {
        variant: 'primary',
        size: 'lg',
        type: 'button',
        loading: false,
        disabled: true
      }

      at log (src/components/ui/Button.tsx:26:13)

    console.log
      [Button] Has onClick in props: true

      at log (src/components/ui/Button.tsx:27:13)

    console.log
      [Button] All props: {
        onClick: [Function: handleNavigate],
        'aria-label': 'Navigate to selected form'
      }

      at log (src/components/ui/Button.tsx:28:13)

    console.log
      [Button] Rendering with type: button

      at log (src/components/ui/Button.tsx:25:13)

    console.log
      [Button] Props received: {
        variant: 'primary',
        size: 'lg',
        type: 'button',
        loading: false,
        disabled: true
      }

      at log (src/components/ui/Button.tsx:26:13)

    console.log
      [Button] Has onClick in props: true

      at log (src/components/ui/Button.tsx:27:13)

    console.log
      [Button] All props: {
        onClick: [Function: handleNavigate],
        'aria-label': 'Navigate to selected form'
      }

      at log (src/components/ui/Button.tsx:28:13)

    console.log
      [Button] Rendering with type: button

      at log (src/components/ui/Button.tsx:25:13)

    console.log
      [Button] Props received: {
        variant: 'primary',
        size: 'lg',
        type: 'button',
        loading: false,
        disabled: true
      }

      at log (src/components/ui/Button.tsx:26:13)

    console.log
      [Button] Has onClick in props: true

      at log (src/components/ui/Button.tsx:27:13)

    console.log
      [Button] All props: {
        onClick: [Function: handleNavigate],
        'aria-label': 'Navigate to selected form'
      }

      at log (src/components/ui/Button.tsx:28:13)

    console.log
      [Button] Rendering with type: button

      at log (src/components/ui/Button.tsx:25:13)

    console.log
      [Button] Props received: {
        variant: 'primary',
        size: 'lg',
        type: 'button',
        loading: false,
        disabled: true
      }

      at log (src/components/ui/Button.tsx:26:13)

    console.log
      [Button] Has onClick in props: true

      at log (src/components/ui/Button.tsx:27:13)

    console.log
      [Button] All props: {
        onClick: [Function: handleNavigate],
        'aria-label': 'Navigate to selected form'
      }

      at log (src/components/ui/Button.tsx:28:13)

    console.log
      [Button] Rendering with type: button

      at log (src/components/ui/Button.tsx:25:13)

    console.log
      [Button] Props received: {
        variant: 'primary',
        size: 'lg',
        type: 'button',
        loading: false,
        disabled: true
      }

      at log (src/components/ui/Button.tsx:26:13)

    console.log
      [Button] Has onClick in props: true

      at log (src/components/ui/Button.tsx:27:13)

    console.log
      [Button] All props: {
        onClick: [Function: handleNavigate],
        'aria-label': 'Navigate to selected form'
      }

      at log (src/components/ui/Button.tsx:28:13)

    console.log
      [Button] Rendering with type: button

      at log (src/components/ui/Button.tsx:25:13)

    console.log
      [Button] Props received: {
        variant: 'primary',
        size: 'lg',
        type: 'button',
        loading: false,
        disabled: true
      }

      at log (src/components/ui/Button.tsx:26:13)

    console.log
      [Button] Has onClick in props: true

      at log (src/components/ui/Button.tsx:27:13)

    console.log
      [Button] All props: {
        onClick: [Function: handleNavigate],
        'aria-label': 'Navigate to selected form'
      }

      at log (src/components/ui/Button.tsx:28:13)

    console.log
      [Button] Rendering with type: button

      at log (src/components/ui/Button.tsx:25:13)

    console.log
      [Button] Props received: {
        variant: 'primary',
        size: 'lg',
        type: 'button',
        loading: false,
        disabled: true
      }

      at log (src/components/ui/Button.tsx:26:13)

    console.log
      [Button] Has onClick in props: true

      at log (src/components/ui/Button.tsx:27:13)

    console.log
      [Button] All props: {
        onClick: [Function: handleNavigate],
        'aria-label': 'Navigate to selected form'
      }

      at log (src/components/ui/Button.tsx:28:13)

    console.log
      [Button] Rendering with type: button

      at log (src/components/ui/Button.tsx:25:13)

    console.log
      [Button] Props received: {
        variant: 'primary',
        size: 'lg',
        type: 'button',
        loading: false,
        disabled: true
      }

      at log (src/components/ui/Button.tsx:26:13)

    console.log
      [Button] Has onClick in props: true

      at log (src/components/ui/Button.tsx:27:13)

    console.log
      [Button] All props: {
        onClick: [Function: handleNavigate],
        'aria-label': 'Navigate to selected form'
      }

      at log (src/components/ui/Button.tsx:28:13)

    console.log
      [Button] Rendering with type: button

      at log (src/components/ui/Button.tsx:25:13)

    console.log
      [Button] Props received: {
        variant: 'primary',
        size: 'lg',
        type: 'button',
        loading: false,
        disabled: true
      }

      at log (src/components/ui/Button.tsx:26:13)

    console.log
      [Button] Has onClick in props: true

      at log (src/components/ui/Button.tsx:27:13)

    console.log
      [Button] All props: {
        onClick: [Function: handleNavigate],
        'aria-label': 'Navigate to selected form'
      }

      at log (src/components/ui/Button.tsx:28:13)

    console.log
      [Button] Rendering with type: button

      at log (src/components/ui/Button.tsx:25:13)

    console.log
      [Button] Props received: {
        variant: 'primary',
        size: 'lg',
        type: 'button',
        loading: false,
        disabled: true
      }

      at log (src/components/ui/Button.tsx:26:13)

    console.log
      [Button] Has onClick in props: true

      at log (src/components/ui/Button.tsx:27:13)

    console.log
      [Button] All props: {
        onClick: [Function: handleNavigate],
        'aria-label': 'Navigate to selected form'
      }

      at log (src/components/ui/Button.tsx:28:13)

    console.log
      [Button] Rendering with type: button

      at log (src/components/ui/Button.tsx:25:13)

    console.log
      [Button] Props received: {
        variant: 'primary',
        size: 'lg',
        type: 'button',
        loading: false,
        disabled: true
      }

      at log (src/components/ui/Button.tsx:26:13)

    console.log
      [Button] Has onClick in props: true

      at log (src/components/ui/Button.tsx:27:13)

    console.log
      [Button] All props: {
        onClick: [Function: handleNavigate],
        'aria-label': 'Navigate to selected form'
      }

      at log (src/components/ui/Button.tsx:28:13)

    console.log
      [Button] Rendering with type: button

      at log (src/components/ui/Button.tsx:25:13)

    console.log
      [Button] Props received: {
        variant: 'primary',
        size: 'lg',
        type: 'button',
        loading: false,
        disabled: true
      }

      at log (src/components/ui/Button.tsx:26:13)

    console.log
      [Button] Has onClick in props: true

      at log (src/components/ui/Button.tsx:27:13)

    console.log
      [Button] All props: {
        onClick: [Function: handleNavigate],
        'aria-label': 'Navigate to selected form'
      }

      at log (src/components/ui/Button.tsx:28:13)

    console.log
      [Button] Rendering with type: button

      at log (src/components/ui/Button.tsx:25:13)

    console.log
      [Button] Props received: {
        variant: 'primary',
        size: 'lg',
        type: 'button',
        loading: false,
        disabled: true
      }

      at log (src/components/ui/Button.tsx:26:13)

    console.log
      [Button] Has onClick in props: true

      at log (src/components/ui/Button.tsx:27:13)

    console.log
      [Button] All props: {
        onClick: [Function: handleNavigate],
        'aria-label': 'Navigate to selected form'
      }

      at log (src/components/ui/Button.tsx:28:13)

    console.log
      [Button] Rendering with type: button

      at log (src/components/ui/Button.tsx:25:13)

    console.log
      [Button] Props received: {
        variant: 'primary',
        size: 'lg',
        type: 'button',
        loading: false,
        disabled: true
      }

      at log (src/components/ui/Button.tsx:26:13)

    console.log
      [Button] Has onClick in props: true

      at log (src/components/ui/Button.tsx:27:13)

    console.log
      [Button] All props: {
        onClick: [Function: handleNavigate],
        'aria-label': 'Navigate to selected form'
      }

      at log (src/components/ui/Button.tsx:28:13)

    console.log
      [Button] Rendering with type: button

      at log (src/components/ui/Button.tsx:25:13)

    console.log
      [Button] Props received: {
        variant: 'primary',
        size: 'lg',
        type: 'button',
        loading: false,
        disabled: true
      }

      at log (src/components/ui/Button.tsx:26:13)

    console.log
      [Button] Has onClick in props: true

      at log (src/components/ui/Button.tsx:27:13)

    console.log
      [Button] All props: {
        onClick: [Function: handleNavigate],
        'aria-label': 'Navigate to selected form'
      }

      at log (src/components/ui/Button.tsx:28:13)

    console.log
      [Button] Rendering with type: button

      at log (src/components/ui/Button.tsx:25:13)

    console.log
      [Button] Props received: {
        variant: 'primary',
        size: 'lg',
        type: 'button',
        loading: false,
        disabled: true
      }

      at log (src/components/ui/Button.tsx:26:13)

    console.log
      [Button] Has onClick in props: true

      at log (src/components/ui/Button.tsx:27:13)

    console.log
      [Button] All props: {
        onClick: [Function: handleNavigate],
        'aria-label': 'Navigate to selected form'
      }

      at log (src/components/ui/Button.tsx:28:13)

    console.log
      [Button] Rendering with type: button

      at log (src/components/ui/Button.tsx:25:13)

    console.log
      [Button] Props received: {
        variant: 'primary',
        size: 'lg',
        type: 'button',
        loading: false,
        disabled: true
      }

      at log (src/components/ui/Button.tsx:26:13)

    console.log
      [Button] Has onClick in props: true

      at log (src/components/ui/Button.tsx:27:13)

    console.log
      [Button] All props: {
        onClick: [Function: handleNavigate],
        'aria-label': 'Navigate to selected form'
      }

      at log (src/components/ui/Button.tsx:28:13)

    console.log
      [Button] Rendering with type: button

      at log (src/components/ui/Button.tsx:25:13)

    console.log
      [Button] Props received: {
        variant: 'primary',
        size: 'lg',
        type: 'button',
        loading: false,
        disabled: true
      }

      at log (src/components/ui/Button.tsx:26:13)

    console.log
      [Button] Has onClick in props: true

      at log (src/components/ui/Button.tsx:27:13)

    console.log
      [Button] All props: {
        onClick: [Function: handleNavigate],
        'aria-label': 'Navigate to selected form'
      }

      at log (src/components/ui/Button.tsx:28:13)

    console.log
      [Button] Rendering with type: button

      at log (src/components/ui/Button.tsx:25:13)

    console.log
      [Button] Props received: {
        variant: 'primary',
        size: 'lg',
        type: 'button',
        loading: false,
        disabled: true
      }

      at log (src/components/ui/Button.tsx:26:13)

    console.log
      [Button] Has onClick in props: true

      at log (src/components/ui/Button.tsx:27:13)

    console.log
      [Button] All props: {
        onClick: [Function: handleNavigate],
        'aria-label': 'Navigate to selected form'
      }

      at log (src/components/ui/Button.tsx:28:13)

    console.log
      [Button] Rendering with type: button

      at log (src/components/ui/Button.tsx:25:13)

    console.log
      [Button] Props received: {
        variant: 'primary',
        size: 'lg',
        type: 'button',
        loading: false,
        disabled: true
      }

      at log (src/components/ui/Button.tsx:26:13)

    console.log
      [Button] Has onClick in props: true

      at log (src/components/ui/Button.tsx:27:13)

    console.log
      [Button] All props: {
        onClick: [Function: handleNavigate],
        'aria-label': 'Navigate to selected form'
      }

      at log (src/components/ui/Button.tsx:28:13)

    console.log
      [Button] Rendering with type: button

      at log (src/components/ui/Button.tsx:25:13)

    console.log
      [Button] Props received: {
        variant: 'primary',
        size: 'lg',
        type: 'button',
        loading: false,
        disabled: true
      }

      at log (src/components/ui/Button.tsx:26:13)

    console.log
      [Button] Has onClick in props: true

      at log (src/components/ui/Button.tsx:27:13)

    console.log
      [Button] All props: {
        onClick: [Function: handleNavigate],
        'aria-label': 'Navigate to selected form'
      }

      at log (src/components/ui/Button.tsx:28:13)

    console.log
      [Button] Rendering with type: button

      at log (src/components/ui/Button.tsx:25:13)

    console.log
      [Button] Props received: {
        variant: 'primary',
        size: 'lg',
        type: 'button',
        loading: false,
        disabled: true
      }

      at log (src/components/ui/Button.tsx:26:13)

    console.log
      [Button] Has onClick in props: true

      at log (src/components/ui/Button.tsx:27:13)

    console.log
      [Button] All props: {
        onClick: [Function: handleNavigate],
        'aria-label': 'Navigate to selected form'
      }

      at log (src/components/ui/Button.tsx:28:13)

    console.log
      [Button] Rendering with type: button

      at log (src/components/ui/Button.tsx:25:13)

    console.log
      [Button] Props received: {
        variant: 'primary',
        size: 'lg',
        type: 'button',
        loading: false,
        disabled: true
      }

      at log (src/components/ui/Button.tsx:26:13)

    console.log
      [Button] Has onClick in props: true

      at log (src/components/ui/Button.tsx:27:13)

    console.log
      [Button] All props: {
        onClick: [Function: handleNavigate],
        'aria-label': 'Navigate to selected form'
      }

      at log (src/components/ui/Button.tsx:28:13)

    console.log
      [Button] Rendering with type: button

      at log (src/components/ui/Button.tsx:25:13)

    console.log
      [Button] Props received: {
        variant: 'primary',
        size: 'lg',
        type: 'button',
        loading: false,
        disabled: true
      }

      at log (src/components/ui/Button.tsx:26:13)

    console.log
      [Button] Has onClick in props: true

      at log (src/components/ui/Button.tsx:27:13)

    console.log
      [Button] All props: {
        onClick: [Function: handleNavigate],
        'aria-label': 'Navigate to selected form'
      }

      at log (src/components/ui/Button.tsx:28:13)

    console.log
      [Button] Rendering with type: button

      at log (src/components/ui/Button.tsx:25:13)

    console.log
      [Button] Props received: {
        variant: 'primary',
        size: 'lg',
        type: 'button',
        loading: false,
        disabled: true
      }

      at log (src/components/ui/Button.tsx:26:13)

    console.log
      [Button] Has onClick in props: true

      at log (src/components/ui/Button.tsx:27:13)

    console.log
      [Button] All props: {
        onClick: [Function: handleNavigate],
        'aria-label': 'Navigate to selected form'
      }

      at log (src/components/ui/Button.tsx:28:13)

    console.log
      [Button] Rendering with type: button

      at log (src/components/ui/Button.tsx:25:13)

    console.log
      [Button] Props received: {
        variant: 'primary',
        size: 'lg',
        type: 'button',
        loading: false,
        disabled: true
      }

      at log (src/components/ui/Button.tsx:26:13)

    console.log
      [Button] Has onClick in props: true

      at log (src/components/ui/Button.tsx:27:13)

    console.log
      [Button] All props: {
        onClick: [Function: handleNavigate],
        'aria-label': 'Navigate to selected form'
      }

      at log (src/components/ui/Button.tsx:28:13)

    console.log
      [Button] Rendering with type: button

      at log (src/components/ui/Button.tsx:25:13)

    console.log
      [Button] Props received: {
        variant: 'primary',
        size: 'lg',
        type: 'button',
        loading: false,
        disabled: true
      }

      at log (src/components/ui/Button.tsx:26:13)

    console.log
      [Button] Has onClick in props: true

      at log (src/components/ui/Button.tsx:27:13)

    console.log
      [Button] All props: {
        onClick: [Function: handleNavigate],
        'aria-label': 'Navigate to selected form'
      }

      at log (src/components/ui/Button.tsx:28:13)

    console.log
      [Button] Rendering with type: button

      at log (src/components/ui/Button.tsx:25:13)

    console.log
      [Button] Props received: {
        variant: 'primary',
        size: 'lg',
        type: 'button',
        loading: false,
        disabled: true
      }

      at log (src/components/ui/Button.tsx:26:13)

    console.log
      [Button] Has onClick in props: true

      at log (src/components/ui/Button.tsx:27:13)

    console.log
      [Button] All props: {
        onClick: [Function: handleNavigate],
        'aria-label': 'Navigate to selected form'
      }

      at log (src/components/ui/Button.tsx:28:13)

    console.log
      [Button] Rendering with type: button

      at log (src/components/ui/Button.tsx:25:13)

    console.log
      [Button] Props received: {
        variant: 'primary',
        size: 'lg',
        type: 'button',
        loading: false,
        disabled: true
      }

      at log (src/components/ui/Button.tsx:26:13)

    console.log
      [Button] Has onClick in props: true

      at log (src/components/ui/Button.tsx:27:13)

    console.log
      [Button] All props: {
        onClick: [Function: handleNavigate],
        'aria-label': 'Navigate to selected form'
      }

      at log (src/components/ui/Button.tsx:28:13)

    console.log
      [Button] Rendering with type: button

      at log (src/components/ui/Button.tsx:25:13)

    console.log
      [Button] Props received: {
        variant: 'primary',
        size: 'lg',
        type: 'button',
        loading: false,
        disabled: true
      }

      at log (src/components/ui/Button.tsx:26:13)

    console.log
      [Button] Has onClick in props: true

      at log (src/components/ui/Button.tsx:27:13)

    console.log
      [Button] All props: {
        onClick: [Function: handleNavigate],
        'aria-label': 'Navigate to selected form'
      }

      at log (src/components/ui/Button.tsx:28:13)

    console.log
      [Button] Rendering with type: button

      at log (src/components/ui/Button.tsx:25:13)

    console.log
      [Button] Props received: {
        variant: 'primary',
        size: 'lg',
        type: 'button',
        loading: false,
        disabled: true
      }

      at log (src/components/ui/Button.tsx:26:13)

    console.log
      [Button] Has onClick in props: true

      at log (src/components/ui/Button.tsx:27:13)

    console.log
      [Button] All props: {
        onClick: [Function: handleNavigate],
        'aria-label': 'Navigate to selected form'
      }

      at log (src/components/ui/Button.tsx:28:13)

    console.log
      [Button] Rendering with type: button

      at log (src/components/ui/Button.tsx:25:13)

    console.log
      [Button] Props received: {
        variant: 'primary',
        size: 'lg',
        type: 'button',
        loading: false,
        disabled: true
      }

      at log (src/components/ui/Button.tsx:26:13)

    console.log
      [Button] Has onClick in props: true

      at log (src/components/ui/Button.tsx:27:13)

    console.log
      [Button] All props: {
        onClick: [Function: handleNavigate],
        'aria-label': 'Navigate to selected form'
      }

      at log (src/components/ui/Button.tsx:28:13)

    console.log
      [Button] Rendering with type: button

      at log (src/components/ui/Button.tsx:25:13)

    console.log
      [Button] Props received: {
        variant: 'primary',
        size: 'lg',
        type: 'button',
        loading: false,
        disabled: true
      }

      at log (src/components/ui/Button.tsx:26:13)

    console.log
      [Button] Has onClick in props: true

      at log (src/components/ui/Button.tsx:27:13)

    console.log
      [Button] All props: {
        onClick: [Function: handleNavigate],
        'aria-label': 'Navigate to selected form'
      }

      at log (src/components/ui/Button.tsx:28:13)

    console.log
      [Button] Rendering with type: button

      at log (src/components/ui/Button.tsx:25:13)

    console.log
      [Button] Props received: {
        variant: 'primary',
        size: 'lg',
        type: 'button',
        loading: false,
        disabled: true
      }

      at log (src/components/ui/Button.tsx:26:13)

    console.log
      [Button] Has onClick in props: true

      at log (src/components/ui/Button.tsx:27:13)

    console.log
      [Button] All props: {
        onClick: [Function: handleNavigate],
        'aria-label': 'Navigate to selected form'
      }

      at log (src/components/ui/Button.tsx:28:13)

    console.log
      [Button] Rendering with type: button

      at log (src/components/ui/Button.tsx:25:13)

    console.log
      [Button] Props received: {
        variant: 'primary',
        size: 'lg',
        type: 'button',
        loading: false,
        disabled: true
      }

      at log (src/components/ui/Button.tsx:26:13)

    console.log
      [Button] Has onClick in props: true

      at log (src/components/ui/Button.tsx:27:13)

    console.log
      [Button] All props: {
        onClick: [Function: handleNavigate],
        'aria-label': 'Navigate to selected form'
      }

      at log (src/components/ui/Button.tsx:28:13)

    console.log
      [Button] Rendering with type: button

      at log (src/components/ui/Button.tsx:25:13)

    console.log
      [Button] Props received: {
        variant: 'primary',
        size: 'lg',
        type: 'button',
        loading: false,
        disabled: true
      }

      at log (src/components/ui/Button.tsx:26:13)

    console.log
      [Button] Has onClick in props: true

      at log (src/components/ui/Button.tsx:27:13)

    console.log
      [Button] All props: {
        onClick: [Function: handleNavigate],
        'aria-label': 'Navigate to selected form'
      }

      at log (src/components/ui/Button.tsx:28:13)

    console.log
      [Button] Rendering with type: button

      at log (src/components/ui/Button.tsx:25:13)

    console.log
      [Button] Props received: {
        variant: 'primary',
        size: 'lg',
        type: 'button',
        loading: false,
        disabled: true
      }

      at log (src/components/ui/Button.tsx:26:13)

    console.log
      [Button] Has onClick in props: true

      at log (src/components/ui/Button.tsx:27:13)

    console.log
      [Button] All props: {
        onClick: [Function: handleNavigate],
        'aria-label': 'Navigate to selected form'
      }

      at log (src/components/ui/Button.tsx:28:13)

    console.log
      [Button] Rendering with type: button

      at log (src/components/ui/Button.tsx:25:13)

    console.log
      [Button] Props received: {
        variant: 'primary',
        size: 'lg',
        type: 'button',
        loading: false,
        disabled: true
      }

      at log (src/components/ui/Button.tsx:26:13)

    console.log
      [Button] Has onClick in props: true

      at log (src/components/ui/Button.tsx:27:13)

    console.log
      [Button] All props: {
        onClick: [Function: handleNavigate],
        'aria-label': 'Navigate to selected form'
      }

      at log (src/components/ui/Button.tsx:28:13)

    console.log
      [Button] Rendering with type: button

      at log (src/components/ui/Button.tsx:25:13)

    console.log
      [Button] Props received: {
        variant: 'primary',
        size: 'lg',
        type: 'button',
        loading: false,
        disabled: true
      }

      at log (src/components/ui/Button.tsx:26:13)

    console.log
      [Button] Has onClick in props: true

      at log (src/components/ui/Button.tsx:27:13)

    console.log
      [Button] All props: {
        onClick: [Function: handleNavigate],
        'aria-label': 'Navigate to selected form'
      }

      at log (src/components/ui/Button.tsx:28:13)

    console.log
      [Button] Rendering with type: button

      at log (src/components/ui/Button.tsx:25:13)

    console.log
      [Button] Props received: {
        variant: 'primary',
        size: 'lg',
        type: 'button',
        loading: false,
        disabled: true
      }

      at log (src/components/ui/Button.tsx:26:13)

    console.log
      [Button] Has onClick in props: true

      at log (src/components/ui/Button.tsx:27:13)

    console.log
      [Button] All props: {
        onClick: [Function: handleNavigate],
        'aria-label': 'Navigate to selected form'
      }

      at log (src/components/ui/Button.tsx:28:13)

    console.log
      [Button] Rendering with type: button

      at log (src/components/ui/Button.tsx:25:13)

    console.log
      [Button] Props received: {
        variant: 'primary',
        size: 'lg',
        type: 'button',
        loading: false,
        disabled: true
      }

      at log (src/components/ui/Button.tsx:26:13)

    console.log
      [Button] Has onClick in props: true

      at log (src/components/ui/Button.tsx:27:13)

    console.log
      [Button] All props: {
        onClick: [Function: handleNavigate],
        'aria-label': 'Navigate to selected form'
      }

      at log (src/components/ui/Button.tsx:28:13)

    console.log
      [Button] Rendering with type: button

      at log (src/components/ui/Button.tsx:25:13)

    console.log
      [Button] Props received: {
        variant: 'primary',
        size: 'lg',
        type: 'button',
        loading: false,
        disabled: true
      }

      at log (src/components/ui/Button.tsx:26:13)

    console.log
      [Button] Has onClick in props: true

      at log (src/components/ui/Button.tsx:27:13)

    console.log
      [Button] All props: {
        onClick: [Function: handleNavigate],
        'aria-label': 'Navigate to selected form'
      }

      at log (src/components/ui/Button.tsx:28:13)

    console.log
      [Button] Rendering with type: button

      at log (src/components/ui/Button.tsx:25:13)

    console.log
      [Button] Props received: {
        variant: 'primary',
        size: 'lg',
        type: 'button',
        loading: false,
        disabled: true
      }

      at log (src/components/ui/Button.tsx:26:13)

    console.log
      [Button] Has onClick in props: true

      at log (src/components/ui/Button.tsx:27:13)

    console.log
      [Button] All props: {
        onClick: [Function: handleNavigate],
        'aria-label': 'Navigate to selected form'
      }

      at log (src/components/ui/Button.tsx:28:13)

    console.log
      [Button] Rendering with type: button

      at log (src/components/ui/Button.tsx:25:13)

    console.log
      [Button] Props received: {
        variant: 'primary',
        size: 'lg',
        type: 'button',
        loading: false,
        disabled: true
      }

      at log (src/components/ui/Button.tsx:26:13)

    console.log
      [Button] Has onClick in props: true

      at log (src/components/ui/Button.tsx:27:13)

    console.log
      [Button] All props: {
        onClick: [Function: handleNavigate],
        'aria-label': 'Navigate to selected form'
      }

      at log (src/components/ui/Button.tsx:28:13)

    console.log
      [Button] Rendering with type: button

      at log (src/components/ui/Button.tsx:25:13)

    console.log
      [Button] Props received: {
        variant: 'primary',
        size: 'lg',
        type: 'button',
        loading: false,
        disabled: true
      }

      at log (src/components/ui/Button.tsx:26:13)

    console.log
      [Button] Has onClick in props: true

      at log (src/components/ui/Button.tsx:27:13)

    console.log
      [Button] All props: {
        onClick: [Function: handleNavigate],
        'aria-label': 'Navigate to selected form'
      }

      at log (src/components/ui/Button.tsx:28:13)

    console.log
      [Button] Rendering with type: button

      at log (src/components/ui/Button.tsx:25:13)

    console.log
      [Button] Props received: {
        variant: 'primary',
        size: 'lg',
        type: 'button',
        loading: false,
        disabled: true
      }

      at log (src/components/ui/Button.tsx:26:13)

    console.log
      [Button] Has onClick in props: true

      at log (src/components/ui/Button.tsx:27:13)

    console.log
      [Button] All props: {
        onClick: [Function: handleNavigate],
        'aria-label': 'Navigate to selected form'
      }

      at log (src/components/ui/Button.tsx:28:13)

    console.log
      [Button] Rendering with type: button

      at log (src/components/ui/Button.tsx:25:13)

    console.log
      [Button] Props received: {
        variant: 'primary',
        size: 'lg',
        type: 'button',
        loading: false,
        disabled: true
      }

      at log (src/components/ui/Button.tsx:26:13)

    console.log
      [Button] Has onClick in props: true

      at log (src/components/ui/Button.tsx:27:13)

    console.log
      [Button] All props: {
        onClick: [Function: handleNavigate],
        'aria-label': 'Navigate to selected form'
      }

      at log (src/components/ui/Button.tsx:28:13)

    console.log
      [Button] Rendering with type: button

      at log (src/components/ui/Button.tsx:25:13)

    console.log
      [Button] Props received: {
        variant: 'primary',
        size: 'lg',
        type: 'button',
        loading: false,
        disabled: true
      }

      at log (src/components/ui/Button.tsx:26:13)

    console.log
      [Button] Has onClick in props: true

      at log (src/components/ui/Button.tsx:27:13)

    console.log
      [Button] All props: {
        onClick: [Function: handleNavigate],
        'aria-label': 'Navigate to selected form'
      }

      at log (src/components/ui/Button.tsx:28:13)

    console.log
      [Button] Rendering with type: button

      at log (src/components/ui/Button.tsx:25:13)

    console.log
      [Button] Props received: {
        variant: 'primary',
        size: 'lg',
        type: 'button',
        loading: false,
        disabled: true
      }

      at log (src/components/ui/Button.tsx:26:13)

    console.log
      [Button] Has onClick in props: true

      at log (src/components/ui/Button.tsx:27:13)

    console.log
      [Button] All props: {
        onClick: [Function: handleNavigate],
        'aria-label': 'Navigate to selected form'
      }

      at log (src/components/ui/Button.tsx:28:13)

    console.log
      [Button] Rendering with type: button

      at log (src/components/ui/Button.tsx:25:13)

    console.log
      [Button] Props received: {
        variant: 'primary',
        size: 'lg',
        type: 'button',
        loading: false,
        disabled: true
      }

      at log (src/components/ui/Button.tsx:26:13)

    console.log
      [Button] Has onClick in props: true

      at log (src/components/ui/Button.tsx:27:13)

    console.log
      [Button] All props: {
        onClick: [Function: handleNavigate],
        'aria-label': 'Navigate to selected form'
      }

      at log (src/components/ui/Button.tsx:28:13)

    console.log
      [Button] Rendering with type: button

      at log (src/components/ui/Button.tsx:25:13)

    console.log
      [Button] Props received: {
        variant: 'primary',
        size: 'lg',
        type: 'button',
        loading: false,
        disabled: true
      }

      at log (src/components/ui/Button.tsx:26:13)

    console.log
      [Button] Has onClick in props: true

      at log (src/components/ui/Button.tsx:27:13)

    console.log
      [Button] All props: {
        onClick: [Function: handleNavigate],
        'aria-label': 'Navigate to selected form'
      }

      at log (src/components/ui/Button.tsx:28:13)

    console.log
      [Button] Rendering with type: button

      at log (src/components/ui/Button.tsx:25:13)

    console.log
      [Button] Props received: {
        variant: 'primary',
        size: 'lg',
        type: 'button',
        loading: false,
        disabled: true
      }

      at log (src/components/ui/Button.tsx:26:13)

    console.log
      [Button] Has onClick in props: true

      at log (src/components/ui/Button.tsx:27:13)

    console.log
      [Button] All props: {
        onClick: [Function: handleNavigate],
        'aria-label': 'Navigate to selected form'
      }

      at log (src/components/ui/Button.tsx:28:13)

    console.log
      [Button] Rendering with type: button

      at log (src/components/ui/Button.tsx:25:13)

    console.log
      [Button] Props received: {
        variant: 'primary',
        size: 'lg',
        type: 'button',
        loading: false,
        disabled: true
      }

      at log (src/components/ui/Button.tsx:26:13)

    console.log
      [Button] Has onClick in props: true

      at log (src/components/ui/Button.tsx:27:13)

    console.log
      [Button] All props: {
        onClick: [Function: handleNavigate],
        'aria-label': 'Navigate to selected form'
      }

      at log (src/components/ui/Button.tsx:28:13)

    console.log
      [Button] Rendering with type: button

      at log (src/components/ui/Button.tsx:25:13)

    console.log
      [Button] Props received: {
        variant: 'primary',
        size: 'lg',
        type: 'button',
        loading: false,
        disabled: true
      }

      at log (src/components/ui/Button.tsx:26:13)

    console.log
      [Button] Has onClick in props: true

      at log (src/components/ui/Button.tsx:27:13)

    console.log
      [Button] All props: {
        onClick: [Function: handleNavigate],
        'aria-label': 'Navigate to selected form'
      }

      at log (src/components/ui/Button.tsx:28:13)

    console.log
      [Button] Rendering with type: button

      at log (src/components/ui/Button.tsx:25:13)

    console.log
      [Button] Props received: {
        variant: 'primary',
        size: 'lg',
        type: 'button',
        loading: false,
        disabled: true
      }

      at log (src/components/ui/Button.tsx:26:13)

    console.log
      [Button] Has onClick in props: true

      at log (src/components/ui/Button.tsx:27:13)

    console.log
      [Button] All props: {
        onClick: [Function: handleNavigate],
        'aria-label': 'Navigate to selected form'
      }

      at log (src/components/ui/Button.tsx:28:13)

    console.log
      [Button] Rendering with type: button

      at log (src/components/ui/Button.tsx:25:13)

    console.log
      [Button] Props received: {
        variant: 'primary',
        size: 'lg',
        type: 'button',
        loading: false,
        disabled: true
      }

      at log (src/components/ui/Button.tsx:26:13)

    console.log
      [Button] Has onClick in props: true

      at log (src/components/ui/Button.tsx:27:13)

    console.log
      [Button] All props: {
        onClick: [Function: handleNavigate],
        'aria-label': 'Navigate to selected form'
      }

      at log (src/components/ui/Button.tsx:28:13)

    console.log
      [Button] Rendering with type: button

      at log (src/components/ui/Button.tsx:25:13)

    console.log
      [Button] Props received: {
        variant: 'primary',
        size: 'lg',
        type: 'button',
        loading: false,
        disabled: true
      }

      at log (src/components/ui/Button.tsx:26:13)

    console.log
      [Button] Has onClick in props: true

      at log (src/components/ui/Button.tsx:27:13)

    console.log
      [Button] All props: {
        onClick: [Function: handleNavigate],
        'aria-label': 'Navigate to selected form'
      }

      at log (src/components/ui/Button.tsx:28:13)

    console.log
      [Button] Rendering with type: button

      at log (src/components/ui/Button.tsx:25:13)

    console.log
      [Button] Props received: {
        variant: 'primary',
        size: 'lg',
        type: 'button',
        loading: false,
        disabled: true
      }

      at log (src/components/ui/Button.tsx:26:13)

    console.log
      [Button] Has onClick in props: true

      at log (src/components/ui/Button.tsx:27:13)

    console.log
      [Button] All props: {
        onClick: [Function: handleNavigate],
        'aria-label': 'Navigate to selected form'
      }

      at log (src/components/ui/Button.tsx:28:13)

    console.log
      [Button] Rendering with type: button

      at log (src/components/ui/Button.tsx:25:13)

    console.log
      [Button] Props received: {
        variant: 'primary',
        size: 'lg',
        type: 'button',
        loading: false,
        disabled: true
      }

      at log (src/components/ui/Button.tsx:26:13)

    console.log
      [Button] Has onClick in props: true

      at log (src/components/ui/Button.tsx:27:13)

    console.log
      [Button] All props: {
        onClick: [Function: handleNavigate],
        'aria-label': 'Navigate to selected form'
      }

      at log (src/components/ui/Button.tsx:28:13)

    console.log
      [Button] Rendering with type: button

      at log (src/components/ui/Button.tsx:25:13)

    console.log
      [Button] Props received: {
        variant: 'primary',
        size: 'lg',
        type: 'button',
        loading: false,
        disabled: true
      }

      at log (src/components/ui/Button.tsx:26:13)

    console.log
      [Button] Has onClick in props: true

      at log (src/components/ui/Button.tsx:27:13)

    console.log
      [Button] All props: {
        onClick: [Function: handleNavigate],
        'aria-label': 'Navigate to selected form'
      }

      at log (src/components/ui/Button.tsx:28:13)

    console.log
      [Button] Rendering with type: button

      at log (src/components/ui/Button.tsx:25:13)

    console.log
      [Button] Props received: {
        variant: 'primary',
        size: 'lg',
        type: 'button',
        loading: false,
        disabled: true
      }

      at log (src/components/ui/Button.tsx:26:13)

    console.log
      [Button] Has onClick in props: true

      at log (src/components/ui/Button.tsx:27:13)

    console.log
      [Button] All props: {
        onClick: [Function: handleNavigate],
        'aria-label': 'Navigate to selected form'
      }

      at log (src/components/ui/Button.tsx:28:13)

    console.log
      [Button] Rendering with type: button

      at log (src/components/ui/Button.tsx:25:13)

    console.log
      [Button] Props received: {
        variant: 'primary',
        size: 'lg',
        type: 'button',
        loading: false,
        disabled: true
      }

      at log (src/components/ui/Button.tsx:26:13)

    console.log
      [Button] Has onClick in props: true

      at log (src/components/ui/Button.tsx:27:13)

    console.log
      [Button] All props: {
        onClick: [Function: handleNavigate],
        'aria-label': 'Navigate to selected form'
      }

      at log (src/components/ui/Button.tsx:28:13)

    console.log
      [Button] Rendering with type: button

      at log (src/components/ui/Button.tsx:25:13)

    console.log
      [Button] Props received: {
        variant: 'primary',
        size: 'lg',
        type: 'button',
        loading: false,
        disabled: true
      }

      at log (src/components/ui/Button.tsx:26:13)

    console.log
      [Button] Has onClick in props: true

      at log (src/components/ui/Button.tsx:27:13)

    console.log
      [Button] All props: {
        onClick: [Function: handleNavigate],
        'aria-label': 'Navigate to selected form'
      }

      at log (src/components/ui/Button.tsx:28:13)

    console.log
      [Button] Rendering with type: button

      at log (src/components/ui/Button.tsx:25:13)

    console.log
      [Button] Props received: {
        variant: 'primary',
        size: 'lg',
        type: 'button',
        loading: false,
        disabled: true
      }

      at log (src/components/ui/Button.tsx:26:13)

    console.log
      [Button] Has onClick in props: true

      at log (src/components/ui/Button.tsx:27:13)

    console.log
      [Button] All props: {
        onClick: [Function: handleNavigate],
        'aria-label': 'Navigate to selected form'
      }

      at log (src/components/ui/Button.tsx:28:13)

    console.log
      [Button] Rendering with type: button

      at log (src/components/ui/Button.tsx:25:13)

    console.log
      [Button] Props received: {
        variant: 'primary',
        size: 'lg',
        type: 'button',
        loading: false,
        disabled: true
      }

      at log (src/components/ui/Button.tsx:26:13)

    console.log
      [Button] Has onClick in props: true

      at log (src/components/ui/Button.tsx:27:13)

    console.log
      [Button] All props: {
        onClick: [Function: handleNavigate],
        'aria-label': 'Navigate to selected form'
      }

      at log (src/components/ui/Button.tsx:28:13)

    console.log
      [Button] Rendering with type: button

      at log (src/components/ui/Button.tsx:25:13)

    console.log
      [Button] Props received: {
        variant: 'primary',
        size: 'lg',
        type: 'button',
        loading: false,
        disabled: true
      }

      at log (src/components/ui/Button.tsx:26:13)

    console.log
      [Button] Has onClick in props: true

      at log (src/components/ui/Button.tsx:27:13)

    console.log
      [Button] All props: {
        onClick: [Function: handleNavigate],
        'aria-label': 'Navigate to selected form'
      }

      at log (src/components/ui/Button.tsx:28:13)

    console.log
      [Button] Rendering with type: button

      at log (src/components/ui/Button.tsx:25:13)

    console.log
      [Button] Props received: {
        variant: 'primary',
        size: 'lg',
        type: 'button',
        loading: false,
        disabled: true
      }

      at log (src/components/ui/Button.tsx:26:13)

    console.log
      [Button] Has onClick in props: true

      at log (src/components/ui/Button.tsx:27:13)

    console.log
      [Button] All props: {
        onClick: [Function: handleNavigate],
        'aria-label': 'Navigate to selected form'
      }

      at log (src/components/ui/Button.tsx:28:13)

    console.log
      [Button] Rendering with type: button

      at log (src/components/ui/Button.tsx:25:13)

    console.log
      [Button] Props received: {
        variant: 'primary',
        size: 'lg',
        type: 'button',
        loading: false,
        disabled: true
      }

      at log (src/components/ui/Button.tsx:26:13)

    console.log
      [Button] Has onClick in props: true

      at log (src/components/ui/Button.tsx:27:13)

    console.log
      [Button] All props: {
        onClick: [Function: handleNavigate],
        'aria-label': 'Navigate to selected form'
      }

      at log (src/components/ui/Button.tsx:28:13)

    console.log
      [Button] Rendering with type: button

      at log (src/components/ui/Button.tsx:25:13)

    console.log
      [Button] Props received: {
        variant: 'primary',
        size: 'lg',
        type: 'button',
        loading: false,
        disabled: true
      }

      at log (src/components/ui/Button.tsx:26:13)

    console.log
      [Button] Has onClick in props: true

      at log (src/components/ui/Button.tsx:27:13)

    console.log
      [Button] All props: {
        onClick: [Function: handleNavigate],
        'aria-label': 'Navigate to selected form'
      }

      at log (src/components/ui/Button.tsx:28:13)

    console.log
      [Button] Rendering with type: button

      at log (src/components/ui/Button.tsx:25:13)

    console.log
      [Button] Props received: {
        variant: 'primary',
        size: 'lg',
        type: 'button',
        loading: false,
        disabled: true
      }

      at log (src/components/ui/Button.tsx:26:13)

    console.log
      [Button] Has onClick in props: true

      at log (src/components/ui/Button.tsx:27:13)

    console.log
      [Button] All props: {
        onClick: [Function: handleNavigate],
        'aria-label': 'Navigate to selected form'
      }

      at log (src/components/ui/Button.tsx:28:13)

    console.log
      [Button] Rendering with type: button

      at log (src/components/ui/Button.tsx:25:13)

    console.log
      [Button] Props received: {
        variant: 'primary',
        size: 'lg',
        type: 'button',
        loading: false,
        disabled: true
      }

      at log (src/components/ui/Button.tsx:26:13)

    console.log
      [Button] Has onClick in props: true

      at log (src/components/ui/Button.tsx:27:13)

    console.log
      [Button] All props: {
        onClick: [Function: handleNavigate],
        'aria-label': 'Navigate to selected form'
      }

      at log (src/components/ui/Button.tsx:28:13)

    console.log
      [Button] Rendering with type: button

      at log (src/components/ui/Button.tsx:25:13)

    console.log
      [Button] Props received: {
        variant: 'primary',
        size: 'lg',
        type: 'button',
        loading: false,
        disabled: true
      }

      at log (src/components/ui/Button.tsx:26:13)

    console.log
      [Button] Has onClick in props: true

      at log (src/components/ui/Button.tsx:27:13)

    console.log
      [Button] All props: {
        onClick: [Function: handleNavigate],
        'aria-label': 'Navigate to selected form'
      }

      at log (src/components/ui/Button.tsx:28:13)

    console.log
      [Button] Rendering with type: button

      at log (src/components/ui/Button.tsx:25:13)

    console.log
      [Button] Props received: {
        variant: 'primary',
        size: 'lg',
        type: 'button',
        loading: false,
        disabled: true
      }

      at log (src/components/ui/Button.tsx:26:13)

    console.log
      [Button] Has onClick in props: true

      at log (src/components/ui/Button.tsx:27:13)

    console.log
      [Button] All props: {
        onClick: [Function: handleNavigate],
        'aria-label': 'Navigate to selected form'
      }

      at log (src/components/ui/Button.tsx:28:13)

    console.log
      [Button] Rendering with type: button

      at log (src/components/ui/Button.tsx:25:13)

    console.log
      [Button] Props received: {
        variant: 'primary',
        size: 'lg',
        type: 'button',
        loading: false,
        disabled: true
      }

      at log (src/components/ui/Button.tsx:26:13)

    console.log
      [Button] Has onClick in props: true

      at log (src/components/ui/Button.tsx:27:13)

    console.log
      [Button] All props: {
        onClick: [Function: handleNavigate],
        'aria-label': 'Navigate to selected form'
      }

      at log (src/components/ui/Button.tsx:28:13)

    console.log
      [Button] Rendering with type: button

      at log (src/components/ui/Button.tsx:25:13)

    console.log
      [Button] Props received: {
        variant: 'primary',
        size: 'lg',
        type: 'button',
        loading: false,
        disabled: true
      }

      at log (src/components/ui/Button.tsx:26:13)

    console.log
      [Button] Has onClick in props: true

      at log (src/components/ui/Button.tsx:27:13)

    console.log
      [Button] All props: {
        onClick: [Function: handleNavigate],
        'aria-label': 'Navigate to selected form'
      }

      at log (src/components/ui/Button.tsx:28:13)

    console.log
      [Button] Rendering with type: button

      at log (src/components/ui/Button.tsx:25:13)

    console.log
      [Button] Props received: {
        variant: 'primary',
        size: 'lg',
        type: 'button',
        loading: false,
        disabled: true
      }

      at log (src/components/ui/Button.tsx:26:13)

    console.log
      [Button] Has onClick in props: true

      at log (src/components/ui/Button.tsx:27:13)

    console.log
      [Button] All props: {
        onClick: [Function: handleNavigate],
        'aria-label': 'Navigate to selected form'
      }

      at log (src/components/ui/Button.tsx:28:13)

    console.log
      [Button] Rendering with type: button

      at log (src/components/ui/Button.tsx:25:13)

    console.log
      [Button] Props received: {
        variant: 'primary',
        size: 'lg',
        type: 'button',
        loading: false,
        disabled: true
      }

      at log (src/components/ui/Button.tsx:26:13)

    console.log
      [Button] Has onClick in props: true

      at log (src/components/ui/Button.tsx:27:13)

    console.log
      [Button] All props: {
        onClick: [Function: handleNavigate],
        'aria-label': 'Navigate to selected form'
      }

      at log (src/components/ui/Button.tsx:28:13)

    console.log
      [Button] Rendering with type: button

      at log (src/components/ui/Button.tsx:25:13)

    console.log
      [Button] Props received: {
        variant: 'primary',
        size: 'lg',
        type: 'button',
        loading: false,
        disabled: true
      }

      at log (src/components/ui/Button.tsx:26:13)

    console.log
      [Button] Has onClick in props: true

      at log (src/components/ui/Button.tsx:27:13)

    console.log
      [Button] All props: {
        onClick: [Function: handleNavigate],
        'aria-label': 'Navigate to selected form'
      }

      at log (src/components/ui/Button.tsx:28:13)

    console.log
      [Button] Rendering with type: button

      at log (src/components/ui/Button.tsx:25:13)

    console.log
      [Button] Props received: {
        variant: 'primary',
        size: 'lg',
        type: 'button',
        loading: false,
        disabled: true
      }

      at log (src/components/ui/Button.tsx:26:13)

    console.log
      [Button] Has onClick in props: true

      at log (src/components/ui/Button.tsx:27:13)

    console.log
      [Button] All props: {
        onClick: [Function: handleNavigate],
        'aria-label': 'Navigate to selected form'
      }

      at log (src/components/ui/Button.tsx:28:13)

    console.log
      [Button] Rendering with type: button

      at log (src/components/ui/Button.tsx:25:13)

    console.log
      [Button] Props received: {
        variant: 'primary',
        size: 'lg',
        type: 'button',
        loading: false,
        disabled: true
      }

      at log (src/components/ui/Button.tsx:26:13)

    console.log
      [Button] Has onClick in props: true

      at log (src/components/ui/Button.tsx:27:13)

    console.log
      [Button] All props: {
        onClick: [Function: handleNavigate],
        'aria-label': 'Navigate to selected form'
      }

      at log (src/components/ui/Button.tsx:28:13)

    console.log
      [Button] Rendering with type: button

      at log (src/components/ui/Button.tsx:25:13)

    console.log
      [Button] Props received: {
        variant: 'primary',
        size: 'lg',
        type: 'button',
        loading: false,
        disabled: true
      }

      at log (src/components/ui/Button.tsx:26:13)

    console.log
      [Button] Has onClick in props: true

      at log (src/components/ui/Button.tsx:27:13)

    console.log
      [Button] All props: {
        onClick: [Function: handleNavigate],
        'aria-label': 'Navigate to selected form'
      }

      at log (src/components/ui/Button.tsx:28:13)

    console.log
      [Button] Rendering with type: button

      at log (src/components/ui/Button.tsx:25:13)

    console.log
      [Button] Props received: {
        variant: 'primary',
        size: 'lg',
        type: 'button',
        loading: false,
        disabled: true
      }

      at log (src/components/ui/Button.tsx:26:13)

    console.log
      [Button] Has onClick in props: true

      at log (src/components/ui/Button.tsx:27:13)

    console.log
      [Button] All props: {
        onClick: [Function: handleNavigate],
        'aria-label': 'Navigate to selected form'
      }

      at log (src/components/ui/Button.tsx:28:13)

    console.log
      [Button] Rendering with type: button

      at log (src/components/ui/Button.tsx:25:13)

    console.log
      [Button] Props received: {
        variant: 'primary',
        size: 'lg',
        type: 'button',
        loading: false,
        disabled: true
      }

      at log (src/components/ui/Button.tsx:26:13)

    console.log
      [Button] Has onClick in props: true

      at log (src/components/ui/Button.tsx:27:13)

    console.log
      [Button] All props: {
        onClick: [Function: handleNavigate],
        'aria-label': 'Navigate to selected form'
      }

      at log (src/components/ui/Button.tsx:28:13)

    console.log
      [Button] Rendering with type: button

      at log (src/components/ui/Button.tsx:25:13)

    console.log
      [Button] Props received: {
        variant: 'primary',
        size: 'lg',
        type: 'button',
        loading: false,
        disabled: true
      }

      at log (src/components/ui/Button.tsx:26:13)

    console.log
      [Button] Has onClick in props: true

      at log (src/components/ui/Button.tsx:27:13)

    console.log
      [Button] All props: {
        onClick: [Function: handleNavigate],
        'aria-label': 'Navigate to selected form'
      }

      at log (src/components/ui/Button.tsx:28:13)

    console.log
      [Button] Rendering with type: button

      at log (src/components/ui/Button.tsx:25:13)

    console.log
      [Button] Props received: {
        variant: 'primary',
        size: 'lg',
        type: 'button',
        loading: false,
        disabled: true
      }

      at log (src/components/ui/Button.tsx:26:13)

    console.log
      [Button] Has onClick in props: true

      at log (src/components/ui/Button.tsx:27:13)

    console.log
      [Button] All props: {
        onClick: [Function: handleNavigate],
        'aria-label': 'Navigate to selected form'
      }

      at log (src/components/ui/Button.tsx:28:13)

    console.log
      [Button] Rendering with type: button

      at log (src/components/ui/Button.tsx:25:13)

    console.log
      [Button] Props received: {
        variant: 'primary',
        size: 'lg',
        type: 'button',
        loading: false,
        disabled: true
      }

      at log (src/components/ui/Button.tsx:26:13)

    console.log
      [Button] Has onClick in props: true

      at log (src/components/ui/Button.tsx:27:13)

    console.log
      [Button] All props: {
        onClick: [Function: handleNavigate],
        'aria-label': 'Navigate to selected form'
      }

      at log (src/components/ui/Button.tsx:28:13)

    console.log
      [Button] Rendering with type: button

      at log (src/components/ui/Button.tsx:25:13)

    console.log
      [Button] Props received: {
        variant: 'primary',
        size: 'lg',
        type: 'button',
        loading: false,
        disabled: true
      }

      at log (src/components/ui/Button.tsx:26:13)

    console.log
      [Button] Has onClick in props: true

      at log (src/components/ui/Button.tsx:27:13)

    console.log
      [Button] All props: {
        onClick: [Function: handleNavigate],
        'aria-label': 'Navigate to selected form'
      }

      at log (src/components/ui/Button.tsx:28:13)

    console.log
      [Button] Rendering with type: button

      at log (src/components/ui/Button.tsx:25:13)

    console.log
      [Button] Props received: {
        variant: 'primary',
        size: 'lg',
        type: 'button',
        loading: false,
        disabled: true
      }

      at log (src/components/ui/Button.tsx:26:13)

    console.log
      [Button] Has onClick in props: true

      at log (src/components/ui/Button.tsx:27:13)

    console.log
      [Button] All props: {
        onClick: [Function: handleNavigate],
        'aria-label': 'Navigate to selected form'
      }

      at log (src/components/ui/Button.tsx:28:13)

    console.log
      [Button] Rendering with type: button

      at log (src/components/ui/Button.tsx:25:13)

    console.log
      [Button] Props received: {
        variant: 'primary',
        size: 'lg',
        type: 'button',
        loading: false,
        disabled: true
      }

      at log (src/components/ui/Button.tsx:26:13)

    console.log
      [Button] Has onClick in props: true

      at log (src/components/ui/Button.tsx:27:13)

    console.log
      [Button] All props: {
        onClick: [Function: handleNavigate],
        'aria-label': 'Navigate to selected form'
      }

      at log (src/components/ui/Button.tsx:28:13)

    console.log
      [Button] Rendering with type: button

      at log (src/components/ui/Button.tsx:25:13)

    console.log
      [Button] Props received: {
        variant: 'primary',
        size: 'lg',
        type: 'button',
        loading: false,
        disabled: true
      }

      at log (src/components/ui/Button.tsx:26:13)

    console.log
      [Button] Has onClick in props: true

      at log (src/components/ui/Button.tsx:27:13)

    console.log
      [Button] All props: {
        onClick: [Function: handleNavigate],
        'aria-label': 'Navigate to selected form'
      }

      at log (src/components/ui/Button.tsx:28:13)

    console.log
      [Button] Rendering with type: button

      at log (src/components/ui/Button.tsx:25:13)

    console.log
      [Button] Props received: {
        variant: 'primary',
        size: 'lg',
        type: 'button',
        loading: false,
        disabled: true
      }

      at log (src/components/ui/Button.tsx:26:13)

    console.log
      [Button] Has onClick in props: true

      at log (src/components/ui/Button.tsx:27:13)

    console.log
      [Button] All props: {
        onClick: [Function: handleNavigate],
        'aria-label': 'Navigate to selected form'
      }

      at log (src/components/ui/Button.tsx:28:13)

    console.log
      [Button] Rendering with type: button

      at log (src/components/ui/Button.tsx:25:13)

    console.log
      [Button] Props received: {
        variant: 'primary',
        size: 'lg',
        type: 'button',
        loading: false,
        disabled: true
      }

      at log (src/components/ui/Button.tsx:26:13)

    console.log
      [Button] Has onClick in props: true

      at log (src/components/ui/Button.tsx:27:13)

    console.log
      [Button] All props: {
        onClick: [Function: handleNavigate],
        'aria-label': 'Navigate to selected form'
      }

      at log (src/components/ui/Button.tsx:28:13)

    console.log
      [Button] Rendering with type: button

      at log (src/components/ui/Button.tsx:25:13)

    console.log
      [Button] Props received: {
        variant: 'primary',
        size: 'lg',
        type: 'button',
        loading: false,
        disabled: true
      }

      at log (src/components/ui/Button.tsx:26:13)

    console.log
      [Button] Has onClick in props: true

      at log (src/components/ui/Button.tsx:27:13)

    console.log
      [Button] All props: {
        onClick: [Function: handleNavigate],
        'aria-label': 'Navigate to selected form'
      }

      at log (src/components/ui/Button.tsx:28:13)

    console.log
      [Button] Rendering with type: button

      at log (src/components/ui/Button.tsx:25:13)

    console.log
      [Button] Props received: {
        variant: 'primary',
        size: 'lg',
        type: 'button',
        loading: false,
        disabled: true
      }

      at log (src/components/ui/Button.tsx:26:13)

    console.log
      [Button] Has onClick in props: true

      at log (src/components/ui/Button.tsx:27:13)

    console.log
      [Button] All props: {
        onClick: [Function: handleNavigate],
        'aria-label': 'Navigate to selected form'
      }

      at log (src/components/ui/Button.tsx:28:13)

    console.log
      [Button] Rendering with type: button

      at log (src/components/ui/Button.tsx:25:13)

    console.log
      [Button] Props received: {
        variant: 'primary',
        size: 'lg',
        type: 'button',
        loading: false,
        disabled: true
      }

      at log (src/components/ui/Button.tsx:26:13)

    console.log
      [Button] Has onClick in props: true

      at log (src/components/ui/Button.tsx:27:13)

    console.log
      [Button] All props: {
        onClick: [Function: handleNavigate],
        'aria-label': 'Navigate to selected form'
      }

      at log (src/components/ui/Button.tsx:28:13)

    console.log
      [Button] Rendering with type: button

      at log (src/components/ui/Button.tsx:25:13)

    console.log
      [Button] Props received: {
        variant: 'primary',
        size: 'lg',
        type: 'button',
        loading: false,
        disabled: true
      }

      at log (src/components/ui/Button.tsx:26:13)

    console.log
      [Button] Has onClick in props: true

      at log (src/components/ui/Button.tsx:27:13)

    console.log
      [Button] All props: {
        onClick: [Function: handleNavigate],
        'aria-label': 'Navigate to selected form'
      }

      at log (src/components/ui/Button.tsx:28:13)

    console.log
      [Button] Rendering with type: button

      at log (src/components/ui/Button.tsx:25:13)

    console.log
      [Button] Props received: {
        variant: 'primary',
        size: 'lg',
        type: 'button',
        loading: false,
        disabled: true
      }

      at log (src/components/ui/Button.tsx:26:13)

    console.log
      [Button] Has onClick in props: true

      at log (src/components/ui/Button.tsx:27:13)

    console.log
      [Button] All props: {
        onClick: [Function: handleNavigate],
        'aria-label': 'Navigate to selected form'
      }

      at log (src/components/ui/Button.tsx:28:13)

    console.log
      [Button] Rendering with type: button

      at log (src/components/ui/Button.tsx:25:13)

    console.log
      [Button] Props received: {
        variant: 'primary',
        size: 'lg',
        type: 'button',
        loading: false,
        disabled: true
      }

      at log (src/components/ui/Button.tsx:26:13)

    console.log
      [Button] Has onClick in props: true

      at log (src/components/ui/Button.tsx:27:13)

    console.log
      [Button] All props: {
        onClick: [Function: handleNavigate],
        'aria-label': 'Navigate to selected form'
      }

      at log (src/components/ui/Button.tsx:28:13)

    console.log
      [Button] Rendering with type: button

      at log (src/components/ui/Button.tsx:25:13)

    console.log
      [Button] Props received: {
        variant: 'primary',
        size: 'lg',
        type: 'button',
        loading: false,
        disabled: true
      }

      at log (src/components/ui/Button.tsx:26:13)

    console.log
      [Button] Has onClick in props: true

      at log (src/components/ui/Button.tsx:27:13)

    console.log
      [Button] All props: {
        onClick: [Function: handleNavigate],
        'aria-label': 'Navigate to selected form'
      }

      at log (src/components/ui/Button.tsx:28:13)

    console.log
      [Button] Rendering with type: button

      at log (src/components/ui/Button.tsx:25:13)

    console.log
      [Button] Props received: {
        variant: 'primary',
        size: 'lg',
        type: 'button',
        loading: false,
        disabled: true
      }

      at log (src/components/ui/Button.tsx:26:13)

    console.log
      [Button] Has onClick in props: true

      at log (src/components/ui/Button.tsx:27:13)

    console.log
      [Button] All props: {
        onClick: [Function: handleNavigate],
        'aria-label': 'Navigate to selected form'
      }

      at log (src/components/ui/Button.tsx:28:13)

    console.log
      [Button] Rendering with type: button

      at log (src/components/ui/Button.tsx:25:13)

    console.log
      [Button] Props received: {
        variant: 'primary',
        size: 'lg',
        type: 'button',
        loading: false,
        disabled: true
      }

      at log (src/components/ui/Button.tsx:26:13)

    console.log
      [Button] Has onClick in props: true

      at log (src/components/ui/Button.tsx:27:13)

    console.log
      [Button] All props: {
        onClick: [Function: handleNavigate],
        'aria-label': 'Navigate to selected form'
      }

      at log (src/components/ui/Button.tsx:28:13)

    console.log
      [Button] Rendering with type: button

      at log (src/components/ui/Button.tsx:25:13)

    console.log
      [Button] Props received: {
        variant: 'primary',
        size: 'lg',
        type: 'button',
        loading: false,
        disabled: true
      }

      at log (src/components/ui/Button.tsx:26:13)

    console.log
      [Button] Has onClick in props: true

      at log (src/components/ui/Button.tsx:27:13)

    console.log
      [Button] All props: {
        onClick: [Function: handleNavigate],
        'aria-label': 'Navigate to selected form'
      }

      at log (src/components/ui/Button.tsx:28:13)

    console.log
      [Button] Rendering with type: button

      at log (src/components/ui/Button.tsx:25:13)

    console.log
      [Button] Props received: {
        variant: 'primary',
        size: 'lg',
        type: 'button',
        loading: false,
        disabled: true
      }

      at log (src/components/ui/Button.tsx:26:13)

    console.log
      [Button] Has onClick in props: true

      at log (src/components/ui/Button.tsx:27:13)

    console.log
      [Button] All props: {
        onClick: [Function: handleNavigate],
        'aria-label': 'Navigate to selected form'
      }

      at log (src/components/ui/Button.tsx:28:13)

    console.log
      [Button] Rendering with type: button

      at log (src/components/ui/Button.tsx:25:13)

    console.log
      [Button] Props received: {
        variant: 'primary',
        size: 'lg',
        type: 'button',
        loading: false,
        disabled: true
      }

      at log (src/components/ui/Button.tsx:26:13)

    console.log
      [Button] Has onClick in props: true

      at log (src/components/ui/Button.tsx:27:13)

    console.log
      [Button] All props: {
        onClick: [Function: handleNavigate],
        'aria-label': 'Navigate to selected form'
      }

      at log (src/components/ui/Button.tsx:28:13)

    console.log
      [Button] Rendering with type: button

      at log (src/components/ui/Button.tsx:25:13)

    console.log
      [Button] Props received: {
        variant: 'primary',
        size: 'lg',
        type: 'button',
        loading: false,
        disabled: true
      }

      at log (src/components/ui/Button.tsx:26:13)

    console.log
      [Button] Has onClick in props: true

      at log (src/components/ui/Button.tsx:27:13)

    console.log
      [Button] All props: {
        onClick: [Function: handleNavigate],
        'aria-label': 'Navigate to selected form'
      }

      at log (src/components/ui/Button.tsx:28:13)

    console.log
      [Button] Rendering with type: button

      at log (src/components/ui/Button.tsx:25:13)

    console.log
      [Button] Props received: {
        variant: 'primary',
        size: 'lg',
        type: 'button',
        loading: false,
        disabled: true
      }

      at log (src/components/ui/Button.tsx:26:13)

    console.log
      [Button] Has onClick in props: true

      at log (src/components/ui/Button.tsx:27:13)

    console.log
      [Button] All props: {
        onClick: [Function: handleNavigate],
        'aria-label': 'Navigate to selected form'
      }

      at log (src/components/ui/Button.tsx:28:13)

    console.log
      [Button] Rendering with type: button

      at log (src/components/ui/Button.tsx:25:13)

    console.log
      [Button] Props received: {
        variant: 'primary',
        size: 'lg',
        type: 'button',
        loading: false,
        disabled: true
      }

      at log (src/components/ui/Button.tsx:26:13)

    console.log
      [Button] Has onClick in props: true

      at log (src/components/ui/Button.tsx:27:13)

    console.log
      [Button] All props: {
        onClick: [Function: handleNavigate],
        'aria-label': 'Navigate to selected form'
      }

      at log (src/components/ui/Button.tsx:28:13)

    console.log
      [Button] Rendering with type: button

      at log (src/components/ui/Button.tsx:25:13)

    console.log
      [Button] Props received: {
        variant: 'primary',
        size: 'lg',
        type: 'button',
        loading: false,
        disabled: true
      }

      at log (src/components/ui/Button.tsx:26:13)

    console.log
      [Button] Has onClick in props: true

      at log (src/components/ui/Button.tsx:27:13)

    console.log
      [Button] All props: {
        onClick: [Function: handleNavigate],
        'aria-label': 'Navigate to selected form'
      }

      at log (src/components/ui/Button.tsx:28:13)

    console.log
      [Button] Rendering with type: button

      at log (src/components/ui/Button.tsx:25:13)

    console.log
      [Button] Props received: {
        variant: 'primary',
        size: 'lg',
        type: 'button',
        loading: false,
        disabled: true
      }

      at log (src/components/ui/Button.tsx:26:13)

    console.log
      [Button] Has onClick in props: true

      at log (src/components/ui/Button.tsx:27:13)

    console.log
      [Button] All props: {
        onClick: [Function: handleNavigate],
        'aria-label': 'Navigate to selected form'
      }

      at log (src/components/ui/Button.tsx:28:13)

    console.log
      [Button] Rendering with type: button

      at log (src/components/ui/Button.tsx:25:13)

    console.log
      [Button] Props received: {
        variant: 'primary',
        size: 'lg',
        type: 'button',
        loading: false,
        disabled: true
      }

      at log (src/components/ui/Button.tsx:26:13)

    console.log
      [Button] Has onClick in props: true

      at log (src/components/ui/Button.tsx:27:13)

    console.log
      [Button] All props: {
        onClick: [Function: handleNavigate],
        'aria-label': 'Navigate to selected form'
      }

      at log (src/components/ui/Button.tsx:28:13)

    console.log
      [Button] Rendering with type: button

      at log (src/components/ui/Button.tsx:25:13)

    console.log
      [Button] Props received: {
        variant: 'primary',
        size: 'lg',
        type: 'button',
        loading: false,
        disabled: true
      }

      at log (src/components/ui/Button.tsx:26:13)

    console.log
      [Button] Has onClick in props: true

      at log (src/components/ui/Button.tsx:27:13)

    console.log
      [Button] All props: {
        onClick: [Function: handleNavigate],
        'aria-label': 'Navigate to selected form'
      }

      at log (src/components/ui/Button.tsx:28:13)

    console.log
      [Button] Rendering with type: button

      at log (src/components/ui/Button.tsx:25:13)

    console.log
      [Button] Props received: {
        variant: 'primary',
        size: 'lg',
        type: 'button',
        loading: false,
        disabled: true
      }

      at log (src/components/ui/Button.tsx:26:13)

    console.log
      [Button] Has onClick in props: true

      at log (src/components/ui/Button.tsx:27:13)

    console.log
      [Button] All props: {
        onClick: [Function: handleNavigate],
        'aria-label': 'Navigate to selected form'
      }

      at log (src/components/ui/Button.tsx:28:13)

    console.log
      [Button] Rendering with type: button

      at log (src/components/ui/Button.tsx:25:13)

    console.log
      [Button] Props received: {
        variant: 'primary',
        size: 'lg',
        type: 'button',
        loading: false,
        disabled: true
      }

      at log (src/components/ui/Button.tsx:26:13)

    console.log
      [Button] Has onClick in props: true

      at log (src/components/ui/Button.tsx:27:13)

    console.log
      [Button] All props: {
        onClick: [Function: handleNavigate],
        'aria-label': 'Navigate to selected form'
      }

      at log (src/components/ui/Button.tsx:28:13)

    console.log
      [Button] Rendering with type: button

      at log (src/components/ui/Button.tsx:25:13)

    console.log
      [Button] Props received: {
        variant: 'primary',
        size: 'lg',
        type: 'button',
        loading: false,
        disabled: true
      }

      at log (src/components/ui/Button.tsx:26:13)

    console.log
      [Button] Has onClick in props: true

      at log (src/components/ui/Button.tsx:27:13)

    console.log
      [Button] All props: {
        onClick: [Function: handleNavigate],
        'aria-label': 'Navigate to selected form'
      }

      at log (src/components/ui/Button.tsx:28:13)

    console.log
      [Button] Rendering with type: button

      at log (src/components/ui/Button.tsx:25:13)

    console.log
      [Button] Props received: {
        variant: 'primary',
        size: 'lg',
        type: 'button',
        loading: false,
        disabled: true
      }

      at log (src/components/ui/Button.tsx:26:13)

    console.log
      [Button] Has onClick in props: true

      at log (src/components/ui/Button.tsx:27:13)

    console.log
      [Button] All props: {
        onClick: [Function: handleNavigate],
        'aria-label': 'Navigate to selected form'
      }

      at log (src/components/ui/Button.tsx:28:13)

    console.log
      [Button] Rendering with type: button

      at log (src/components/ui/Button.tsx:25:13)

    console.log
      [Button] Props received: {
        variant: 'primary',
        size: 'lg',
        type: 'button',
        loading: false,
        disabled: true
      }

      at log (src/components/ui/Button.tsx:26:13)

    console.log
      [Button] Has onClick in props: true

      at log (src/components/ui/Button.tsx:27:13)

    console.log
      [Button] All props: {
        onClick: [Function: handleNavigate],
        'aria-label': 'Navigate to selected form'
      }

      at log (src/components/ui/Button.tsx:28:13)

    console.log
      [Button] Rendering with type: button

      at log (src/components/ui/Button.tsx:25:13)

    console.log
      [Button] Props received: {
        variant: 'primary',
        size: 'lg',
        type: 'button',
        loading: false,
        disabled: true
      }

      at log (src/components/ui/Button.tsx:26:13)

    console.log
      [Button] Has onClick in props: true

      at log (src/components/ui/Button.tsx:27:13)

    console.log
      [Button] All props: {
        onClick: [Function: handleNavigate],
        'aria-label': 'Navigate to selected form'
      }

      at log (src/components/ui/Button.tsx:28:13)

    console.log
      [Button] Rendering with type: button

      at log (src/components/ui/Button.tsx:25:13)

    console.log
      [Button] Props received: {
        variant: 'primary',
        size: 'lg',
        type: 'button',
        loading: false,
        disabled: true
      }

      at log (src/components/ui/Button.tsx:26:13)

    console.log
      [Button] Has onClick in props: true

      at log (src/components/ui/Button.tsx:27:13)

    console.log
      [Button] All props: {
        onClick: [Function: handleNavigate],
        'aria-label': 'Navigate to selected form'
      }

      at log (src/components/ui/Button.tsx:28:13)

    console.log
      [Button] Rendering with type: button

      at log (src/components/ui/Button.tsx:25:13)

    console.log
      [Button] Props received: {
        variant: 'primary',
        size: 'lg',
        type: 'button',
        loading: false,
        disabled: true
      }

      at log (src/components/ui/Button.tsx:26:13)

    console.log
      [Button] Has onClick in props: true

      at log (src/components/ui/Button.tsx:27:13)

    console.log
      [Button] All props: {
        onClick: [Function: handleNavigate],
        'aria-label': 'Navigate to selected form'
      }

      at log (src/components/ui/Button.tsx:28:13)

    console.log
      [Button] Rendering with type: button

      at log (src/components/ui/Button.tsx:25:13)

    console.log
      [Button] Props received: {
        variant: 'primary',
        size: 'lg',
        type: 'button',
        loading: false,
        disabled: true
      }

      at log (src/components/ui/Button.tsx:26:13)

    console.log
      [Button] Has onClick in props: true

      at log (src/components/ui/Button.tsx:27:13)

    console.log
      [Button] All props: {
        onClick: [Function: handleNavigate],
        'aria-label': 'Navigate to selected form'
      }

      at log (src/components/ui/Button.tsx:28:13)

    console.log
      [Button] Rendering with type: button

      at log (src/components/ui/Button.tsx:25:13)

    console.log
      [Button] Props received: {
        variant: 'primary',
        size: 'lg',
        type: 'button',
        loading: false,
        disabled: true
      }

      at log (src/components/ui/Button.tsx:26:13)

    console.log
      [Button] Has onClick in props: true

      at log (src/components/ui/Button.tsx:27:13)

    console.log
      [Button] All props: {
        onClick: [Function: handleNavigate],
        'aria-label': 'Navigate to selected form'
      }

      at log (src/components/ui/Button.tsx:28:13)

    console.log
      [Button] Rendering with type: button

      at log (src/components/ui/Button.tsx:25:13)

    console.log
      [Button] Props received: {
        variant: 'primary',
        size: 'lg',
        type: 'button',
        loading: false,
        disabled: true
      }

      at log (src/components/ui/Button.tsx:26:13)

    console.log
      [Button] Has onClick in props: true

      at log (src/components/ui/Button.tsx:27:13)

    console.log
      [Button] All props: {
        onClick: [Function: handleNavigate],
        'aria-label': 'Navigate to selected form'
      }

      at log (src/components/ui/Button.tsx:28:13)

    console.log
      [Button] Rendering with type: button

      at log (src/components/ui/Button.tsx:25:13)

    console.log
      [Button] Props received: {
        variant: 'primary',
        size: 'lg',
        type: 'button',
        loading: false,
        disabled: true
      }

      at log (src/components/ui/Button.tsx:26:13)

    console.log
      [Button] Has onClick in props: true

      at log (src/components/ui/Button.tsx:27:13)

    console.log
      [Button] All props: {
        onClick: [Function: handleNavigate],
        'aria-label': 'Navigate to selected form'
      }

      at log (src/components/ui/Button.tsx:28:13)

    console.log
      [Button] Rendering with type: button

      at log (src/components/ui/Button.tsx:25:13)

    console.log
      [Button] Props received: {
        variant: 'primary',
        size: 'lg',
        type: 'button',
        loading: false,
        disabled: true
      }

      at log (src/components/ui/Button.tsx:26:13)

    console.log
      [Button] Has onClick in props: true

      at log (src/components/ui/Button.tsx:27:13)

    console.log
      [Button] All props: {
        onClick: [Function: handleNavigate],
        'aria-label': 'Navigate to selected form'
      }

      at log (src/components/ui/Button.tsx:28:13)

    console.log
      [Button] Rendering with type: button

      at log (src/components/ui/Button.tsx:25:13)

    console.log
      [Button] Props received: {
        variant: 'primary',
        size: 'lg',
        type: 'button',
        loading: false,
        disabled: true
      }

      at log (src/components/ui/Button.tsx:26:13)

    console.log
      [Button] Has onClick in props: true

      at log (src/components/ui/Button.tsx:27:13)

    console.log
      [Button] All props: {
        onClick: [Function: handleNavigate],
        'aria-label': 'Navigate to selected form'
      }

      at log (src/components/ui/Button.tsx:28:13)

    console.log
      [Button] Rendering with type: button

      at log (src/components/ui/Button.tsx:25:13)

    console.log
      [Button] Props received: {
        variant: 'primary',
        size: 'lg',
        type: 'button',
        loading: false,
        disabled: true
      }

      at log (src/components/ui/Button.tsx:26:13)

    console.log
      [Button] Has onClick in props: true

      at log (src/components/ui/Button.tsx:27:13)

    console.log
      [Button] All props: {
        onClick: [Function: handleNavigate],
        'aria-label': 'Navigate to selected form'
      }

      at log (src/components/ui/Button.tsx:28:13)

    console.log
      [Button] Rendering with type: button

      at log (src/components/ui/Button.tsx:25:13)

    console.log
      [Button] Props received: {
        variant: 'primary',
        size: 'lg',
        type: 'button',
        loading: false,
        disabled: true
      }

      at log (src/components/ui/Button.tsx:26:13)

    console.log
      [Button] Has onClick in props: true

      at log (src/components/ui/Button.tsx:27:13)

    console.log
      [Button] All props: {
        onClick: [Function: handleNavigate],
        'aria-label': 'Navigate to selected form'
      }

      at log (src/components/ui/Button.tsx:28:13)

    console.log
      [Button] Rendering with type: button

      at log (src/components/ui/Button.tsx:25:13)

    console.log
      [Button] Props received: {
        variant: 'primary',
        size: 'lg',
        type: 'button',
        loading: false,
        disabled: true
      }

      at log (src/components/ui/Button.tsx:26:13)

    console.log
      [Button] Has onClick in props: true

      at log (src/components/ui/Button.tsx:27:13)

    console.log
      [Button] All props: {
        onClick: [Function: handleNavigate],
        'aria-label': 'Navigate to selected form'
      }

      at log (src/components/ui/Button.tsx:28:13)

    console.log
      [Button] Rendering with type: button

      at log (src/components/ui/Button.tsx:25:13)

    console.log
      [Button] Props received: {
        variant: 'primary',
        size: 'lg',
        type: 'button',
        loading: false,
        disabled: true
      }

      at log (src/components/ui/Button.tsx:26:13)

    console.log
      [Button] Has onClick in props: true

      at log (src/components/ui/Button.tsx:27:13)

    console.log
      [Button] All props: {
        onClick: [Function: handleNavigate],
        'aria-label': 'Navigate to selected form'
      }

      at log (src/components/ui/Button.tsx:28:13)

    console.log
      [Button] Rendering with type: button

      at log (src/components/ui/Button.tsx:25:13)

    console.log
      [Button] Props received: {
        variant: 'primary',
        size: 'lg',
        type: 'button',
        loading: false,
        disabled: true
      }

      at log (src/components/ui/Button.tsx:26:13)

    console.log
      [Button] Has onClick in props: true

      at log (src/components/ui/Button.tsx:27:13)

    console.log
      [Button] All props: {
        onClick: [Function: handleNavigate],
        'aria-label': 'Navigate to selected form'
      }

      at log (src/components/ui/Button.tsx:28:13)

    console.log
      [Button] Rendering with type: button

      at log (src/components/ui/Button.tsx:25:13)

    console.log
      [Button] Props received: {
        variant: 'primary',
        size: 'lg',
        type: 'button',
        loading: false,
        disabled: true
      }

      at log (src/components/ui/Button.tsx:26:13)

    console.log
      [Button] Has onClick in props: true

      at log (src/components/ui/Button.tsx:27:13)

    console.log
      [Button] All props: {
        onClick: [Function: handleNavigate],
        'aria-label': 'Navigate to selected form'
      }

      at log (src/components/ui/Button.tsx:28:13)

    console.log
      [Button] Rendering with type: button

      at log (src/components/ui/Button.tsx:25:13)

    console.log
      [Button] Props received: {
        variant: 'primary',
        size: 'lg',
        type: 'button',
        loading: false,
        disabled: true
      }

      at log (src/components/ui/Button.tsx:26:13)

    console.log
      [Button] Has onClick in props: true

      at log (src/components/ui/Button.tsx:27:13)

    console.log
      [Button] All props: {
        onClick: [Function: handleNavigate],
        'aria-label': 'Navigate to selected form'
      }

      at log (src/components/ui/Button.tsx:28:13)

    console.log
      [Button] Rendering with type: button

      at log (src/components/ui/Button.tsx:25:13)

    console.log
      [Button] Props received: {
        variant: 'primary',
        size: 'lg',
        type: 'button',
        loading: false,
        disabled: true
      }

      at log (src/components/ui/Button.tsx:26:13)

    console.log
      [Button] Has onClick in props: true

      at log (src/components/ui/Button.tsx:27:13)

    console.log
      [Button] All props: {
        onClick: [Function: handleNavigate],
        'aria-label': 'Navigate to selected form'
      }

      at log (src/components/ui/Button.tsx:28:13)

    console.log
      [Button] Rendering with type: button

      at log (src/components/ui/Button.tsx:25:13)

    console.log
      [Button] Props received: {
        variant: 'primary',
        size: 'lg',
        type: 'button',
        loading: false,
        disabled: true
      }

      at log (src/components/ui/Button.tsx:26:13)

    console.log
      [Button] Has onClick in props: true

      at log (src/components/ui/Button.tsx:27:13)

    console.log
      [Button] All props: {
        onClick: [Function: handleNavigate],
        'aria-label': 'Navigate to selected form'
      }

      at log (src/components/ui/Button.tsx:28:13)

    console.log
      [Button] Rendering with type: button

      at log (src/components/ui/Button.tsx:25:13)

    console.log
      [Button] Props received: {
        variant: 'primary',
        size: 'lg',
        type: 'button',
        loading: false,
        disabled: true
      }

      at log (src/components/ui/Button.tsx:26:13)

    console.log
      [Button] Has onClick in props: true

      at log (src/components/ui/Button.tsx:27:13)

    console.log
      [Button] All props: {
        onClick: [Function: handleNavigate],
        'aria-label': 'Navigate to selected form'
      }

      at log (src/components/ui/Button.tsx:28:13)

    console.log
      [Button] Rendering with type: button

      at log (src/components/ui/Button.tsx:25:13)

    console.log
      [Button] Props received: {
        variant: 'primary',
        size: 'lg',
        type: 'button',
        loading: false,
        disabled: true
      }

      at log (src/components/ui/Button.tsx:26:13)

    console.log
      [Button] Has onClick in props: true

      at log (src/components/ui/Button.tsx:27:13)

    console.log
      [Button] All props: {
        onClick: [Function: handleNavigate],
        'aria-label': 'Navigate to selected form'
      }

      at log (src/components/ui/Button.tsx:28:13)

    console.log
      [Button] Rendering with type: button

      at log (src/components/ui/Button.tsx:25:13)

    console.log
      [Button] Props received: {
        variant: 'primary',
        size: 'lg',
        type: 'button',
        loading: false,
        disabled: true
      }

      at log (src/components/ui/Button.tsx:26:13)

    console.log
      [Button] Has onClick in props: true

      at log (src/components/ui/Button.tsx:27:13)

    console.log
      [Button] All props: {
        onClick: [Function: handleNavigate],
        'aria-label': 'Navigate to selected form'
      }

      at log (src/components/ui/Button.tsx:28:13)

    console.log
      [Button] Rendering with type: button

      at log (src/components/ui/Button.tsx:25:13)

    console.log
      [Button] Props received: {
        variant: 'primary',
        size: 'lg',
        type: 'button',
        loading: false,
        disabled: true
      }

      at log (src/components/ui/Button.tsx:26:13)

    console.log
      [Button] Has onClick in props: true

      at log (src/components/ui/Button.tsx:27:13)

    console.log
      [Button] All props: {
        onClick: [Function: handleNavigate],
        'aria-label': 'Navigate to selected form'
      }

      at log (src/components/ui/Button.tsx:28:13)

    console.log
      [Button] Rendering with type: button

      at log (src/components/ui/Button.tsx:25:13)

    console.log
      [Button] Props received: {
        variant: 'primary',
        size: 'lg',
        type: 'button',
        loading: false,
        disabled: true
      }

      at log (src/components/ui/Button.tsx:26:13)

    console.log
      [Button] Has onClick in props: true

      at log (src/components/ui/Button.tsx:27:13)

    console.log
      [Button] All props: {
        onClick: [Function: handleNavigate],
        'aria-label': 'Navigate to selected form'
      }

      at log (src/components/ui/Button.tsx:28:13)

    console.log
      [Button] Rendering with type: button

      at log (src/components/ui/Button.tsx:25:13)

    console.log
      [Button] Props received: {
        variant: 'primary',
        size: 'lg',
        type: 'button',
        loading: false,
        disabled: true
      }

      at log (src/components/ui/Button.tsx:26:13)

    console.log
      [Button] Has onClick in props: true

      at log (src/components/ui/Button.tsx:27:13)

    console.log
      [Button] All props: {
        onClick: [Function: handleNavigate],
        'aria-label': 'Navigate to selected form'
      }

      at log (src/components/ui/Button.tsx:28:13)

    console.log
      [Button] Rendering with type: button

      at log (src/components/ui/Button.tsx:25:13)

    console.log
      [Button] Props received: {
        variant: 'primary',
        size: 'lg',
        type: 'button',
        loading: false,
        disabled: true
      }

      at log (src/components/ui/Button.tsx:26:13)

    console.log
      [Button] Has onClick in props: true

      at log (src/components/ui/Button.tsx:27:13)

    console.log
      [Button] All props: {
        onClick: [Function: handleNavigate],
        'aria-label': 'Navigate to selected form'
      }

      at log (src/components/ui/Button.tsx:28:13)

    console.log
      [Button] Rendering with type: button

      at log (src/components/ui/Button.tsx:25:13)

    console.log
      [Button] Props received: {
        variant: 'primary',
        size: 'lg',
        type: 'button',
        loading: false,
        disabled: true
      }

      at log (src/components/ui/Button.tsx:26:13)

    console.log
      [Button] Has onClick in props: true

      at log (src/components/ui/Button.tsx:27:13)

    console.log
      [Button] All props: {
        onClick: [Function: handleNavigate],
        'aria-label': 'Navigate to selected form'
      }

      at log (src/components/ui/Button.tsx:28:13)

    console.log
      [Button] Rendering with type: button

      at log (src/components/ui/Button.tsx:25:13)

    console.log
      [Button] Props received: {
        variant: 'primary',
        size: 'lg',
        type: 'button',
        loading: false,
        disabled: true
      }

      at log (src/components/ui/Button.tsx:26:13)

    console.log
      [Button] Has onClick in props: true

      at log (src/components/ui/Button.tsx:27:13)

    console.log
      [Button] All props: {
        onClick: [Function: handleNavigate],
        'aria-label': 'Navigate to selected form'
      }

      at log (src/components/ui/Button.tsx:28:13)

    console.log
      [Button] Rendering with type: button

      at log (src/components/ui/Button.tsx:25:13)

    console.log
      [Button] Props received: {
        variant: 'primary',
        size: 'lg',
        type: 'button',
        loading: false,
        disabled: true
      }

      at log (src/components/ui/Button.tsx:26:13)

    console.log
      [Button] Has onClick in props: true

      at log (src/components/ui/Button.tsx:27:13)

    console.log
      [Button] All props: {
        onClick: [Function: handleNavigate],
        'aria-label': 'Navigate to selected form'
      }

      at log (src/components/ui/Button.tsx:28:13)

    console.log
      [Button] Rendering with type: button

      at log (src/components/ui/Button.tsx:25:13)

    console.log
      [Button] Props received: {
        variant: 'primary',
        size: 'lg',
        type: 'button',
        loading: false,
        disabled: true
      }

      at log (src/components/ui/Button.tsx:26:13)

    console.log
      [Button] Has onClick in props: true

      at log (src/components/ui/Button.tsx:27:13)

    console.log
      [Button] All props: {
        onClick: [Function: handleNavigate],
        'aria-label': 'Navigate to selected form'
      }

      at log (src/components/ui/Button.tsx:28:13)

    console.log
      [Button] Rendering with type: button

      at log (src/components/ui/Button.tsx:25:13)

    console.log
      [Button] Props received: {
        variant: 'primary',
        size: 'lg',
        type: 'button',
        loading: false,
        disabled: true
      }

      at log (src/components/ui/Button.tsx:26:13)

    console.log
      [Button] Has onClick in props: true

      at log (src/components/ui/Button.tsx:27:13)

    console.log
      [Button] All props: {
        onClick: [Function: handleNavigate],
        'aria-label': 'Navigate to selected form'
      }

      at log (src/components/ui/Button.tsx:28:13)

    console.log
      [Button] Rendering with type: button

      at log (src/components/ui/Button.tsx:25:13)

    console.log
      [Button] Props received: {
        variant: 'primary',
        size: 'lg',
        type: 'button',
        loading: false,
        disabled: true
      }

      at log (src/components/ui/Button.tsx:26:13)

    console.log
      [Button] Has onClick in props: true

      at log (src/components/ui/Button.tsx:27:13)

    console.log
      [Button] All props: {
        onClick: [Function: handleNavigate],
        'aria-label': 'Navigate to selected form'
      }

      at log (src/components/ui/Button.tsx:28:13)

    console.log
      [Button] Rendering with type: button

      at log (src/components/ui/Button.tsx:25:13)

    console.log
      [Button] Props received: {
        variant: 'primary',
        size: 'lg',
        type: 'button',
        loading: false,
        disabled: true
      }

      at log (src/components/ui/Button.tsx:26:13)

    console.log
      [Button] Has onClick in props: true

      at log (src/components/ui/Button.tsx:27:13)

    console.log
      [Button] All props: {
        onClick: [Function: handleNavigate],
        'aria-label': 'Navigate to selected form'
      }

      at log (src/components/ui/Button.tsx:28:13)

    console.log
      [Button] Rendering with type: button

      at log (src/components/ui/Button.tsx:25:13)

    console.log
      [Button] Props received: {
        variant: 'primary',
        size: 'lg',
        type: 'button',
        loading: false,
        disabled: true
      }

      at log (src/components/ui/Button.tsx:26:13)

    console.log
      [Button] Has onClick in props: true

      at log (src/components/ui/Button.tsx:27:13)

    console.log
      [Button] All props: {
        onClick: [Function: handleNavigate],
        'aria-label': 'Navigate to selected form'
      }

      at log (src/components/ui/Button.tsx:28:13)

    console.log
      [Button] Rendering with type: button

      at log (src/components/ui/Button.tsx:25:13)

    console.log
      [Button] Props received: {
        variant: 'primary',
        size: 'lg',
        type: 'button',
        loading: false,
        disabled: true
      }

      at log (src/components/ui/Button.tsx:26:13)

    console.log
      [Button] Has onClick in props: true

      at log (src/components/ui/Button.tsx:27:13)

    console.log
      [Button] All props: {
        onClick: [Function: handleNavigate],
        'aria-label': 'Navigate to selected form'
      }

      at log (src/components/ui/Button.tsx:28:13)

    console.log
      [Button] Rendering with type: button

      at log (src/components/ui/Button.tsx:25:13)

    console.log
      [Button] Props received: {
        variant: 'primary',
        size: 'lg',
        type: 'button',
        loading: false,
        disabled: true
      }

      at log (src/components/ui/Button.tsx:26:13)

    console.log
      [Button] Has onClick in props: true

      at log (src/components/ui/Button.tsx:27:13)

    console.log
      [Button] All props: {
        onClick: [Function: handleNavigate],
        'aria-label': 'Navigate to selected form'
      }

      at log (src/components/ui/Button.tsx:28:13)

    console.log
      [Button] Rendering with type: button

      at log (src/components/ui/Button.tsx:25:13)

    console.log
      [Button] Props received: {
        variant: 'primary',
        size: 'lg',
        type: 'button',
        loading: false,
        disabled: true
      }

      at log (src/components/ui/Button.tsx:26:13)

    console.log
      [Button] Has onClick in props: true

      at log (src/components/ui/Button.tsx:27:13)

    console.log
      [Button] All props: {
        onClick: [Function: handleNavigate],
        'aria-label': 'Navigate to selected form'
      }

      at log (src/components/ui/Button.tsx:28:13)

    console.log
      [Button] Rendering with type: button

      at log (src/components/ui/Button.tsx:25:13)

    console.log
      [Button] Props received: {
        variant: 'primary',
        size: 'lg',
        type: 'button',
        loading: false,
        disabled: true
      }

      at log (src/components/ui/Button.tsx:26:13)

    console.log
      [Button] Has onClick in props: true

      at log (src/components/ui/Button.tsx:27:13)

    console.log
      [Button] All props: {
        onClick: [Function: handleNavigate],
        'aria-label': 'Navigate to selected form'
      }

      at log (src/components/ui/Button.tsx:28:13)

    console.log
      [Button] Rendering with type: button

      at log (src/components/ui/Button.tsx:25:13)

    console.log
      [Button] Props received: {
        variant: 'primary',
        size: 'lg',
        type: 'button',
        loading: false,
        disabled: true
      }

      at log (src/components/ui/Button.tsx:26:13)

    console.log
      [Button] Has onClick in props: true

      at log (src/components/ui/Button.tsx:27:13)

    console.log
      [Button] All props: {
        onClick: [Function: handleNavigate],
        'aria-label': 'Navigate to selected form'
      }

      at log (src/components/ui/Button.tsx:28:13)

    console.log
      [Button] Rendering with type: button

      at log (src/components/ui/Button.tsx:25:13)

    console.log
      [Button] Props received: {
        variant: 'primary',
        size: 'lg',
        type: 'button',
        loading: false,
        disabled: true
      }

      at log (src/components/ui/Button.tsx:26:13)

    console.log
      [Button] Has onClick in props: true

      at log (src/components/ui/Button.tsx:27:13)

    console.log
      [Button] All props: {
        onClick: [Function: handleNavigate],
        'aria-label': 'Navigate to selected form'
      }

      at log (src/components/ui/Button.tsx:28:13)

    console.log
      [Button] Rendering with type: button

      at log (src/components/ui/Button.tsx:25:13)

    console.log
      [Button] Props received: {
        variant: 'primary',
        size: 'lg',
        type: 'button',
        loading: false,
        disabled: true
      }

      at log (src/components/ui/Button.tsx:26:13)

    console.log
      [Button] Has onClick in props: true

      at log (src/components/ui/Button.tsx:27:13)

    console.log
      [Button] All props: {
        onClick: [Function: handleNavigate],
        'aria-label': 'Navigate to selected form'
      }

      at log (src/components/ui/Button.tsx:28:13)

    console.log
      [Button] Rendering with type: button

      at log (src/components/ui/Button.tsx:25:13)

    console.log
      [Button] Props received: {
        variant: 'primary',
        size: 'lg',
        type: 'button',
        loading: false,
        disabled: true
      }

      at log (src/components/ui/Button.tsx:26:13)

    console.log
      [Button] Has onClick in props: true

      at log (src/components/ui/Button.tsx:27:13)

    console.log
      [Button] All props: {
        onClick: [Function: handleNavigate],
        'aria-label': 'Navigate to selected form'
      }

      at log (src/components/ui/Button.tsx:28:13)

    console.log
      [Button] Rendering with type: button

      at log (src/components/ui/Button.tsx:25:13)

    console.log
      [Button] Props received: {
        variant: 'primary',
        size: 'lg',
        type: 'button',
        loading: false,
        disabled: true
      }

      at log (src/components/ui/Button.tsx:26:13)

    console.log
      [Button] Has onClick in props: true

      at log (src/components/ui/Button.tsx:27:13)

    console.log
      [Button] All props: {
        onClick: [Function: handleNavigate],
        'aria-label': 'Navigate to selected form'
      }

      at log (src/components/ui/Button.tsx:28:13)

    console.log
      [Button] Rendering with type: button

      at log (src/components/ui/Button.tsx:25:13)

    console.log
      [Button] Props received: {
        variant: 'primary',
        size: 'lg',
        type: 'button',
        loading: false,
        disabled: true
      }

      at log (src/components/ui/Button.tsx:26:13)

    console.log
      [Button] Has onClick in props: true

      at log (src/components/ui/Button.tsx:27:13)

    console.log
      [Button] All props: {
        onClick: [Function: handleNavigate],
        'aria-label': 'Navigate to selected form'
      }

      at log (src/components/ui/Button.tsx:28:13)

    console.log
      [Button] Rendering with type: button

      at log (src/components/ui/Button.tsx:25:13)

    console.log
      [Button] Props received: {
        variant: 'primary',
        size: 'lg',
        type: 'button',
        loading: false,
        disabled: true
      }

      at log (src/components/ui/Button.tsx:26:13)

    console.log
      [Button] Has onClick in props: true

      at log (src/components/ui/Button.tsx:27:13)

    console.log
      [Button] All props: {
        onClick: [Function: handleNavigate],
        'aria-label': 'Navigate to selected form'
      }

      at log (src/components/ui/Button.tsx:28:13)

    console.log
      [Button] Rendering with type: button

      at log (src/components/ui/Button.tsx:25:13)

    console.log
      [Button] Props received: {
        variant: 'primary',
        size: 'lg',
        type: 'button',
        loading: false,
        disabled: true
      }

      at log (src/components/ui/Button.tsx:26:13)

    console.log
      [Button] Has onClick in props: true

      at log (src/components/ui/Button.tsx:27:13)

    console.log
      [Button] All props: {
        onClick: [Function: handleNavigate],
        'aria-label': 'Navigate to selected form'
      }

      at log (src/components/ui/Button.tsx:28:13)

    console.log
      [Button] Rendering with type: button

      at log (src/components/ui/Button.tsx:25:13)

    console.log
      [Button] Props received: {
        variant: 'primary',
        size: 'lg',
        type: 'button',
        loading: false,
        disabled: true
      }

      at log (src/components/ui/Button.tsx:26:13)

    console.log
      [Button] Has onClick in props: true

      at log (src/components/ui/Button.tsx:27:13)

    console.log
      [Button] All props: {
        onClick: [Function: handleNavigate],
        'aria-label': 'Navigate to selected form'
      }

      at log (src/components/ui/Button.tsx:28:13)

    console.log
      [Button] Rendering with type: button

      at log (src/components/ui/Button.tsx:25:13)

    console.log
      [Button] Props received: {
        variant: 'primary',
        size: 'lg',
        type: 'button',
        loading: false,
        disabled: true
      }

      at log (src/components/ui/Button.tsx:26:13)

    console.log
      [Button] Has onClick in props: true

      at log (src/components/ui/Button.tsx:27:13)

    console.log
      [Button] All props: {
        onClick: [Function: handleNavigate],
        'aria-label': 'Navigate to selected form'
      }

      at log (src/components/ui/Button.tsx:28:13)

    console.log
      [Button] Rendering with type: button

      at log (src/components/ui/Button.tsx:25:13)

    console.log
      [Button] Props received: {
        variant: 'primary',
        size: 'lg',
        type: 'button',
        loading: false,
        disabled: true
      }

      at log (src/components/ui/Button.tsx:26:13)

    console.log
      [Button] Has onClick in props: true

      at log (src/components/ui/Button.tsx:27:13)

    console.log
      [Button] All props: {
        onClick: [Function: handleNavigate],
        'aria-label': 'Navigate to selected form'
      }

      at log (src/components/ui/Button.tsx:28:13)

    console.log
      [Button] Rendering with type: button

      at log (src/components/ui/Button.tsx:25:13)

    console.log
      [Button] Props received: {
        variant: 'primary',
        size: 'lg',
        type: 'button',
        loading: false,
        disabled: true
      }

      at log (src/components/ui/Button.tsx:26:13)

    console.log
      [Button] Has onClick in props: true

      at log (src/components/ui/Button.tsx:27:13)

    console.log
      [Button] All props: {
        onClick: [Function: handleNavigate],
        'aria-label': 'Navigate to selected form'
      }

      at log (src/components/ui/Button.tsx:28:13)

    console.log
      [Button] Rendering with type: button

      at log (src/components/ui/Button.tsx:25:13)

    console.log
      [Button] Props received: {
        variant: 'primary',
        size: 'lg',
        type: 'button',
        loading: false,
        disabled: true
      }

      at log (src/components/ui/Button.tsx:26:13)

    console.log
      [Button] Has onClick in props: true

      at log (src/components/ui/Button.tsx:27:13)

    console.log
      [Button] All props: {
        onClick: [Function: handleNavigate],
        'aria-label': 'Navigate to selected form'
      }

      at log (src/components/ui/Button.tsx:28:13)

    console.log
      [Button] Rendering with type: button

      at log (src/components/ui/Button.tsx:25:13)

    console.log
      [Button] Props received: {
        variant: 'primary',
        size: 'lg',
        type: 'button',
        loading: false,
        disabled: true
      }

      at log (src/components/ui/Button.tsx:26:13)

    console.log
      [Button] Has onClick in props: true

      at log (src/components/ui/Button.tsx:27:13)

    console.log
      [Button] All props: {
        onClick: [Function: handleNavigate],
        'aria-label': 'Navigate to selected form'
      }

      at log (src/components/ui/Button.tsx:28:13)

    console.log
      [Button] Rendering with type: button

      at log (src/components/ui/Button.tsx:25:13)

    console.log
      [Button] Props received: {
        variant: 'primary',
        size: 'lg',
        type: 'button',
        loading: false,
        disabled: true
      }

      at log (src/components/ui/Button.tsx:26:13)

    console.log
      [Button] Has onClick in props: true

      at log (src/components/ui/Button.tsx:27:13)

    console.log
      [Button] All props: {
        onClick: [Function: handleNavigate],
        'aria-label': 'Navigate to selected form'
      }

      at log (src/components/ui/Button.tsx:28:13)

    console.log
      [Button] Rendering with type: button

      at log (src/components/ui/Button.tsx:25:13)

    console.log
      [Button] Props received: {
        variant: 'primary',
        size: 'lg',
        type: 'button',
        loading: false,
        disabled: true
      }

      at log (src/components/ui/Button.tsx:26:13)

    console.log
      [Button] Has onClick in props: true

      at log (src/components/ui/Button.tsx:27:13)

    console.log
      [Button] All props: {
        onClick: [Function: handleNavigate],
        'aria-label': 'Navigate to selected form'
      }

      at log (src/components/ui/Button.tsx:28:13)

    console.log
      [Button] Rendering with type: button

      at log (src/components/ui/Button.tsx:25:13)

    console.log
      [Button] Props received: {
        variant: 'primary',
        size: 'lg',
        type: 'button',
        loading: false,
        disabled: true
      }

      at log (src/components/ui/Button.tsx:26:13)

    console.log
      [Button] Has onClick in props: true

      at log (src/components/ui/Button.tsx:27:13)

    console.log
      [Button] All props: {
        onClick: [Function: handleNavigate],
        'aria-label': 'Navigate to selected form'
      }

      at log (src/components/ui/Button.tsx:28:13)

    console.log
      [Button] Rendering with type: button

      at log (src/components/ui/Button.tsx:25:13)

    console.log
      [Button] Props received: {
        variant: 'primary',
        size: 'lg',
        type: 'button',
        loading: false,
        disabled: true
      }

      at log (src/components/ui/Button.tsx:26:13)

    console.log
      [Button] Has onClick in props: true

      at log (src/components/ui/Button.tsx:27:13)

    console.log
      [Button] All props: {
        onClick: [Function: handleNavigate],
        'aria-label': 'Navigate to selected form'
      }

      at log (src/components/ui/Button.tsx:28:13)

    console.log
      [Button] Rendering with type: button

      at log (src/components/ui/Button.tsx:25:13)

    console.log
      [Button] Props received: {
        variant: 'primary',
        size: 'lg',
        type: 'button',
        loading: false,
        disabled: true
      }

      at log (src/components/ui/Button.tsx:26:13)

    console.log
      [Button] Has onClick in props: true

      at log (src/components/ui/Button.tsx:27:13)

    console.log
      [Button] All props: {
        onClick: [Function: handleNavigate],
        'aria-label': 'Navigate to selected form'
      }

      at log (src/components/ui/Button.tsx:28:13)

    console.log
      [Button] Rendering with type: button

      at log (src/components/ui/Button.tsx:25:13)

    console.log
      [Button] Props received: {
        variant: 'primary',
        size: 'lg',
        type: 'button',
        loading: false,
        disabled: true
      }

      at log (src/components/ui/Button.tsx:26:13)

    console.log
      [Button] Has onClick in props: true

      at log (src/components/ui/Button.tsx:27:13)

    console.log
      [Button] All props: {
        onClick: [Function: handleNavigate],
        'aria-label': 'Navigate to selected form'
      }

      at log (src/components/ui/Button.tsx:28:13)

    console.log
      [Button] Rendering with type: button

      at log (src/components/ui/Button.tsx:25:13)

    console.log
      [Button] Props received: {
        variant: 'primary',
        size: 'lg',
        type: 'button',
        loading: false,
        disabled: true
      }

      at log (src/components/ui/Button.tsx:26:13)

    console.log
      [Button] Has onClick in props: true

      at log (src/components/ui/Button.tsx:27:13)

    console.log
      [Button] All props: {
        onClick: [Function: handleNavigate],
        'aria-label': 'Navigate to selected form'
      }

      at log (src/components/ui/Button.tsx:28:13)

    console.log
      [Button] Rendering with type: button

      at log (src/components/ui/Button.tsx:25:13)

    console.log
      [Button] Props received: {
        variant: 'primary',
        size: 'lg',
        type: 'button',
        loading: false,
        disabled: true
      }

      at log (src/components/ui/Button.tsx:26:13)

    console.log
      [Button] Has onClick in props: true

      at log (src/components/ui/Button.tsx:27:13)

    console.log
      [Button] All props: {
        onClick: [Function: handleNavigate],
        'aria-label': 'Navigate to selected form'
      }

      at log (src/components/ui/Button.tsx:28:13)

    console.log
      [Button] Rendering with type: button

      at log (src/components/ui/Button.tsx:25:13)

    console.log
      [Button] Props received: {
        variant: 'primary',
        size: 'lg',
        type: 'button',
        loading: false,
        disabled: true
      }

      at log (src/components/ui/Button.tsx:26:13)

    console.log
      [Button] Has onClick in props: true

      at log (src/components/ui/Button.tsx:27:13)

    console.log
      [Button] All props: {
        onClick: [Function: handleNavigate],
        'aria-label': 'Navigate to selected form'
      }

      at log (src/components/ui/Button.tsx:28:13)

    console.log
      [Button] Rendering with type: button

      at log (src/components/ui/Button.tsx:25:13)

    console.log
      [Button] Props received: {
        variant: 'primary',
        size: 'lg',
        type: 'button',
        loading: false,
        disabled: true
      }

      at log (src/components/ui/Button.tsx:26:13)

    console.log
      [Button] Has onClick in props: true

      at log (src/components/ui/Button.tsx:27:13)

    console.log
      [Button] All props: {
        onClick: [Function: handleNavigate],
        'aria-label': 'Navigate to selected form'
      }

      at log (src/components/ui/Button.tsx:28:13)

    console.log
      [Button] Rendering with type: button

      at log (src/components/ui/Button.tsx:25:13)

    console.log
      [Button] Props received: {
        variant: 'primary',
        size: 'lg',
        type: 'button',
        loading: false,
        disabled: true
      }

      at log (src/components/ui/Button.tsx:26:13)

    console.log
      [Button] Has onClick in props: true

      at log (src/components/ui/Button.tsx:27:13)

    console.log
      [Button] All props: {
        onClick: [Function: handleNavigate],
        'aria-label': 'Navigate to selected form'
      }

      at log (src/components/ui/Button.tsx:28:13)

    console.log
      [Button] Rendering with type: button

      at log (src/components/ui/Button.tsx:25:13)

    console.log
      [Button] Props received: {
        variant: 'primary',
        size: 'lg',
        type: 'button',
        loading: false,
        disabled: true
      }

      at log (src/components/ui/Button.tsx:26:13)

    console.log
      [Button] Has onClick in props: true

      at log (src/components/ui/Button.tsx:27:13)

    console.log
      [Button] All props: {
        onClick: [Function: handleNavigate],
        'aria-label': 'Navigate to selected form'
      }

      at log (src/components/ui/Button.tsx:28:13)

    console.log
      [Button] Rendering with type: button

      at log (src/components/ui/Button.tsx:25:13)

    console.log
      [Button] Props received: {
        variant: 'primary',
        size: 'lg',
        type: 'button',
        loading: false,
        disabled: true
      }

      at log (src/components/ui/Button.tsx:26:13)

    console.log
      [Button] Has onClick in props: true

      at log (src/components/ui/Button.tsx:27:13)

    console.log
      [Button] All props: {
        onClick: [Function: handleNavigate],
        'aria-label': 'Navigate to selected form'
      }

      at log (src/components/ui/Button.tsx:28:13)

    console.log
      [Button] Rendering with type: button

      at log (src/components/ui/Button.tsx:25:13)

    console.log
      [Button] Props received: {
        variant: 'primary',
        size: 'lg',
        type: 'button',
        loading: false,
        disabled: true
      }

      at log (src/components/ui/Button.tsx:26:13)

    console.log
      [Button] Has onClick in props: true

      at log (src/components/ui/Button.tsx:27:13)

    console.log
      [Button] All props: {
        onClick: [Function: handleNavigate],
        'aria-label': 'Navigate to selected form'
      }

      at log (src/components/ui/Button.tsx:28:13)

    console.log
      [Button] Rendering with type: button

      at log (src/components/ui/Button.tsx:25:13)

    console.log
      [Button] Props received: {
        variant: 'primary',
        size: 'lg',
        type: 'button',
        loading: false,
        disabled: true
      }

      at log (src/components/ui/Button.tsx:26:13)

    console.log
      [Button] Has onClick in props: true

      at log (src/components/ui/Button.tsx:27:13)

    console.log
      [Button] All props: {
        onClick: [Function: handleNavigate],
        'aria-label': 'Navigate to selected form'
      }

      at log (src/components/ui/Button.tsx:28:13)

    console.log
      [Button] Rendering with type: button

      at log (src/components/ui/Button.tsx:25:13)

    console.log
      [Button] Props received: {
        variant: 'primary',
        size: 'lg',
        type: 'button',
        loading: false,
        disabled: true
      }

      at log (src/components/ui/Button.tsx:26:13)

    console.log
      [Button] Has onClick in props: true

      at log (src/components/ui/Button.tsx:27:13)

    console.log
      [Button] All props: {
        onClick: [Function: handleNavigate],
        'aria-label': 'Navigate to selected form'
      }

      at log (src/components/ui/Button.tsx:28:13)

    console.log
      [Button] Rendering with type: button

      at log (src/components/ui/Button.tsx:25:13)

    console.log
      [Button] Props received: {
        variant: 'primary',
        size: 'lg',
        type: 'button',
        loading: false,
        disabled: true
      }

      at log (src/components/ui/Button.tsx:26:13)

    console.log
      [Button] Has onClick in props: true

      at log (src/components/ui/Button.tsx:27:13)

    console.log
      [Button] All props: {
        onClick: [Function: handleNavigate],
        'aria-label': 'Navigate to selected form'
      }

      at log (src/components/ui/Button.tsx:28:13)

    console.log
      [Button] Rendering with type: button

      at log (src/components/ui/Button.tsx:25:13)

    console.log
      [Button] Props received: {
        variant: 'primary',
        size: 'lg',
        type: 'button',
        loading: false,
        disabled: true
      }

      at log (src/components/ui/Button.tsx:26:13)

    console.log
      [Button] Has onClick in props: true

      at log (src/components/ui/Button.tsx:27:13)

    console.log
      [Button] All props: {
        onClick: [Function: handleNavigate],
        'aria-label': 'Navigate to selected form'
      }

      at log (src/components/ui/Button.tsx:28:13)

    console.log
      [Button] Rendering with type: button

      at log (src/components/ui/Button.tsx:25:13)

    console.log
      [Button] Props received: {
        variant: 'primary',
        size: 'lg',
        type: 'button',
        loading: false,
        disabled: true
      }

      at log (src/components/ui/Button.tsx:26:13)

    console.log
      [Button] Has onClick in props: true

      at log (src/components/ui/Button.tsx:27:13)

    console.log
      [Button] All props: {
        onClick: [Function: handleNavigate],
        'aria-label': 'Navigate to selected form'
      }

      at log (src/components/ui/Button.tsx:28:13)

    console.log
      [Button] Rendering with type: button

      at log (src/components/ui/Button.tsx:25:13)

    console.log
      [Button] Props received: {
        variant: 'primary',
        size: 'lg',
        type: 'button',
        loading: false,
        disabled: true
      }

      at log (src/components/ui/Button.tsx:26:13)

    console.log
      [Button] Has onClick in props: true

      at log (src/components/ui/Button.tsx:27:13)

    console.log
      [Button] All props: {
        onClick: [Function: handleNavigate],
        'aria-label': 'Navigate to selected form'
      }

      at log (src/components/ui/Button.tsx:28:13)

    console.log
      [Button] Rendering with type: button

      at log (src/components/ui/Button.tsx:25:13)

    console.log
      [Button] Props received: {
        variant: 'primary',
        size: 'lg',
        type: 'button',
        loading: false,
        disabled: true
      }

      at log (src/components/ui/Button.tsx:26:13)

    console.log
      [Button] Has onClick in props: true

      at log (src/components/ui/Button.tsx:27:13)

    console.log
      [Button] All props: {
        onClick: [Function: handleNavigate],
        'aria-label': 'Navigate to selected form'
      }

      at log (src/components/ui/Button.tsx:28:13)

    console.log
      [Button] Rendering with type: button

      at log (src/components/ui/Button.tsx:25:13)

    console.log
      [Button] Props received: {
        variant: 'primary',
        size: 'lg',
        type: 'button',
        loading: false,
        disabled: true
      }

      at log (src/components/ui/Button.tsx:26:13)

    console.log
      [Button] Has onClick in props: true

      at log (src/components/ui/Button.tsx:27:13)

    console.log
      [Button] All props: {
        onClick: [Function: handleNavigate],
        'aria-label': 'Navigate to selected form'
      }

      at log (src/components/ui/Button.tsx:28:13)

    console.log
      [Button] Rendering with type: button

      at log (src/components/ui/Button.tsx:25:13)

    console.log
      [Button] Props received: {
        variant: 'primary',
        size: 'lg',
        type: 'button',
        loading: false,
        disabled: true
      }

      at log (src/components/ui/Button.tsx:26:13)

    console.log
      [Button] Has onClick in props: true

      at log (src/components/ui/Button.tsx:27:13)

    console.log
      [Button] All props: {
        onClick: [Function: handleNavigate],
        'aria-label': 'Navigate to selected form'
      }

      at log (src/components/ui/Button.tsx:28:13)

    console.log
      [Button] Rendering with type: button

      at log (src/components/ui/Button.tsx:25:13)

    console.log
      [Button] Props received: {
        variant: 'primary',
        size: 'lg',
        type: 'button',
        loading: false,
        disabled: true
      }

      at log (src/components/ui/Button.tsx:26:13)

    console.log
      [Button] Has onClick in props: true

      at log (src/components/ui/Button.tsx:27:13)

    console.log
      [Button] All props: {
        onClick: [Function: handleNavigate],
        'aria-label': 'Navigate to selected form'
      }

      at log (src/components/ui/Button.tsx:28:13)

    console.log
      [Button] Rendering with type: button

      at log (src/components/ui/Button.tsx:25:13)

    console.log
      [Button] Props received: {
        variant: 'primary',
        size: 'lg',
        type: 'button',
        loading: false,
        disabled: true
      }

      at log (src/components/ui/Button.tsx:26:13)

    console.log
      [Button] Has onClick in props: true

      at log (src/components/ui/Button.tsx:27:13)

    console.log
      [Button] All props: {
        onClick: [Function: handleNavigate],
        'aria-label': 'Navigate to selected form'
      }

      at log (src/components/ui/Button.tsx:28:13)

    console.log
      [Button] Rendering with type: button

      at log (src/components/ui/Button.tsx:25:13)

    console.log
      [Button] Props received: {
        variant: 'primary',
        size: 'lg',
        type: 'button',
        loading: false,
        disabled: true
      }

      at log (src/components/ui/Button.tsx:26:13)

    console.log
      [Button] Has onClick in props: true

      at log (src/components/ui/Button.tsx:27:13)

    console.log
      [Button] All props: {
        onClick: [Function: handleNavigate],
        'aria-label': 'Navigate to selected form'
      }

      at log (src/components/ui/Button.tsx:28:13)

    console.log
      [Button] Rendering with type: button

      at log (src/components/ui/Button.tsx:25:13)

    console.log
      [Button] Props received: {
        variant: 'primary',
        size: 'lg',
        type: 'button',
        loading: false,
        disabled: true
      }

      at log (src/components/ui/Button.tsx:26:13)

    console.log
      [Button] Has onClick in props: true

      at log (src/components/ui/Button.tsx:27:13)

    console.log
      [Button] All props: {
        onClick: [Function: handleNavigate],
        'aria-label': 'Navigate to selected form'
      }

      at log (src/components/ui/Button.tsx:28:13)

    console.log
      [Button] Rendering with type: button

      at log (src/components/ui/Button.tsx:25:13)

    console.log
      [Button] Props received: {
        variant: 'primary',
        size: 'lg',
        type: 'button',
        loading: false,
        disabled: true
      }

      at log (src/components/ui/Button.tsx:26:13)

    console.log
      [Button] Has onClick in props: true

      at log (src/components/ui/Button.tsx:27:13)

    console.log
      [Button] All props: {
        onClick: [Function: handleNavigate],
        'aria-label': 'Navigate to selected form'
      }

      at log (src/components/ui/Button.tsx:28:13)

    console.log
      [Button] Rendering with type: button

      at log (src/components/ui/Button.tsx:25:13)

    console.log
      [Button] Props received: {
        variant: 'primary',
        size: 'lg',
        type: 'button',
        loading: false,
        disabled: true
      }

      at log (src/components/ui/Button.tsx:26:13)

    console.log
      [Button] Has onClick in props: true

      at log (src/components/ui/Button.tsx:27:13)

    console.log
      [Button] All props: {
        onClick: [Function: handleNavigate],
        'aria-label': 'Navigate to selected form'
      }

      at log (src/components/ui/Button.tsx:28:13)

    console.log
      [Button] Rendering with type: button

      at log (src/components/ui/Button.tsx:25:13)

    console.log
      [Button] Props received: {
        variant: 'primary',
        size: 'lg',
        type: 'button',
        loading: false,
        disabled: true
      }

      at log (src/components/ui/Button.tsx:26:13)

    console.log
      [Button] Has onClick in props: true

      at log (src/components/ui/Button.tsx:27:13)

    console.log
      [Button] All props: {
        onClick: [Function: handleNavigate],
        'aria-label': 'Navigate to selected form'
      }

      at log (src/components/ui/Button.tsx:28:13)

    console.log
      [Button] Rendering with type: button

      at log (src/components/ui/Button.tsx:25:13)

    console.log
      [Button] Props received: {
        variant: 'primary',
        size: 'lg',
        type: 'button',
        loading: false,
        disabled: true
      }

      at log (src/components/ui/Button.tsx:26:13)

    console.log
      [Button] Has onClick in props: true

      at log (src/components/ui/Button.tsx:27:13)

    console.log
      [Button] All props: {
        onClick: [Function: handleNavigate],
        'aria-label': 'Navigate to selected form'
      }

      at log (src/components/ui/Button.tsx:28:13)

    console.log
      [Button] Rendering with type: button

      at log (src/components/ui/Button.tsx:25:13)

    console.log
      [Button] Props received: {
        variant: 'primary',
        size: 'lg',
        type: 'button',
        loading: false,
        disabled: true
      }

      at log (src/components/ui/Button.tsx:26:13)

    console.log
      [Button] Has onClick in props: true

      at log (src/components/ui/Button.tsx:27:13)

    console.log
      [Button] All props: {
        onClick: [Function: handleNavigate],
        'aria-label': 'Navigate to selected form'
      }

      at log (src/components/ui/Button.tsx:28:13)

    console.log
      [Button] Rendering with type: button

      at log (src/components/ui/Button.tsx:25:13)

    console.log
      [Button] Props received: {
        variant: 'primary',
        size: 'lg',
        type: 'button',
        loading: false,
        disabled: true
      }

      at log (src/components/ui/Button.tsx:26:13)

    console.log
      [Button] Has onClick in props: true

      at log (src/components/ui/Button.tsx:27:13)

    console.log
      [Button] All props: {
        onClick: [Function: handleNavigate],
        'aria-label': 'Navigate to selected form'
      }

      at log (src/components/ui/Button.tsx:28:13)

    console.log
      [Button] Rendering with type: button

      at log (src/components/ui/Button.tsx:25:13)

    console.log
      [Button] Props received: {
        variant: 'primary',
        size: 'lg',
        type: 'button',
        loading: false,
        disabled: true
      }

      at log (src/components/ui/Button.tsx:26:13)

    console.log
      [Button] Has onClick in props: true

      at log (src/components/ui/Button.tsx:27:13)

    console.log
      [Button] All props: {
        onClick: [Function: handleNavigate],
        'aria-label': 'Navigate to selected form'
      }

      at log (src/components/ui/Button.tsx:28:13)

    console.log
      [Button] Rendering with type: button

      at log (src/components/ui/Button.tsx:25:13)

    console.log
      [Button] Props received: {
        variant: 'primary',
        size: 'lg',
        type: 'button',
        loading: false,
        disabled: true
      }

      at log (src/components/ui/Button.tsx:26:13)

    console.log
      [Button] Has onClick in props: true

      at log (src/components/ui/Button.tsx:27:13)

    console.log
      [Button] All props: {
        onClick: [Function: handleNavigate],
        'aria-label': 'Navigate to selected form'
      }

      at log (src/components/ui/Button.tsx:28:13)

    console.log
      [Button] Rendering with type: button

      at log (src/components/ui/Button.tsx:25:13)

    console.log
      [Button] Props received: {
        variant: 'primary',
        size: 'lg',
        type: 'button',
        loading: false,
        disabled: true
      }

      at log (src/components/ui/Button.tsx:26:13)

    console.log
      [Button] Has onClick in props: true

      at log (src/components/ui/Button.tsx:27:13)

    console.log
      [Button] All props: {
        onClick: [Function: handleNavigate],
        'aria-label': 'Navigate to selected form'
      }

      at log (src/components/ui/Button.tsx:28:13)

    console.log
      [Button] Rendering with type: button

      at log (src/components/ui/Button.tsx:25:13)

    console.log
      [Button] Props received: {
        variant: 'primary',
        size: 'lg',
        type: 'button',
        loading: false,
        disabled: true
      }

      at log (src/components/ui/Button.tsx:26:13)

    console.log
      [Button] Has onClick in props: true

      at log (src/components/ui/Button.tsx:27:13)

    console.log
      [Button] All props: {
        onClick: [Function: handleNavigate],
        'aria-label': 'Navigate to selected form'
      }

      at log (src/components/ui/Button.tsx:28:13)

    console.log
      [Button] Rendering with type: button

      at log (src/components/ui/Button.tsx:25:13)

    console.log
      [Button] Props received: {
        variant: 'primary',
        size: 'lg',
        type: 'button',
        loading: false,
        disabled: true
      }

      at log (src/components/ui/Button.tsx:26:13)

    console.log
      [Button] Has onClick in props: true

      at log (src/components/ui/Button.tsx:27:13)

    console.log
      [Button] All props: {
        onClick: [Function: handleNavigate],
        'aria-label': 'Navigate to selected form'
      }

      at log (src/components/ui/Button.tsx:28:13)

    console.log
      [Button] Rendering with type: button

      at log (src/components/ui/Button.tsx:25:13)

    console.log
      [Button] Props received: {
        variant: 'primary',
        size: 'lg',
        type: 'button',
        loading: false,
        disabled: true
      }

      at log (src/components/ui/Button.tsx:26:13)

    console.log
      [Button] Has onClick in props: true

      at log (src/components/ui/Button.tsx:27:13)

    console.log
      [Button] All props: {
        onClick: [Function: handleNavigate],
        'aria-label': 'Navigate to selected form'
      }

      at log (src/components/ui/Button.tsx:28:13)

    console.log
      [Button] Rendering with type: button

      at log (src/components/ui/Button.tsx:25:13)

    console.log
      [Button] Props received: {
        variant: 'primary',
        size: 'lg',
        type: 'button',
        loading: false,
        disabled: true
      }

      at log (src/components/ui/Button.tsx:26:13)

    console.log
      [Button] Has onClick in props: true

      at log (src/components/ui/Button.tsx:27:13)

    console.log
      [Button] All props: {
        onClick: [Function: handleNavigate],
        'aria-label': 'Navigate to selected form'
      }

      at log (src/components/ui/Button.tsx:28:13)

    console.log
      [Button] Rendering with type: button

      at log (src/components/ui/Button.tsx:25:13)

    console.log
      [Button] Props received: {
        variant: 'primary',
        size: 'lg',
        type: 'button',
        loading: false,
        disabled: true
      }

      at log (src/components/ui/Button.tsx:26:13)

    console.log
      [Button] Has onClick in props: true

      at log (src/components/ui/Button.tsx:27:13)

    console.log
      [Button] All props: {
        onClick: [Function: handleNavigate],
        'aria-label': 'Navigate to selected form'
      }

      at log (src/components/ui/Button.tsx:28:13)

    console.log
      [Button] Rendering with type: button

      at log (src/components/ui/Button.tsx:25:13)

    console.log
      [Button] Props received: {
        variant: 'primary',
        size: 'lg',
        type: 'button',
        loading: false,
        disabled: true
      }

      at log (src/components/ui/Button.tsx:26:13)

    console.log
      [Button] Has onClick in props: true

      at log (src/components/ui/Button.tsx:27:13)

    console.log
      [Button] All props: {
        onClick: [Function: handleNavigate],
        'aria-label': 'Navigate to selected form'
      }

      at log (src/components/ui/Button.tsx:28:13)

    console.log
      [Button] Rendering with type: button

      at log (src/components/ui/Button.tsx:25:13)

    console.log
      [Button] Props received: {
        variant: 'primary',
        size: 'lg',
        type: 'button',
        loading: false,
        disabled: true
      }

      at log (src/components/ui/Button.tsx:26:13)

    console.log
      [Button] Has onClick in props: true

      at log (src/components/ui/Button.tsx:27:13)

    console.log
      [Button] All props: {
        onClick: [Function: handleNavigate],
        'aria-label': 'Navigate to selected form'
      }

      at log (src/components/ui/Button.tsx:28:13)

    console.log
      [Button] Rendering with type: button

      at log (src/components/ui/Button.tsx:25:13)

    console.log
      [Button] Props received: {
        variant: 'primary',
        size: 'lg',
        type: 'button',
        loading: false,
        disabled: true
      }

      at log (src/components/ui/Button.tsx:26:13)

    console.log
      [Button] Has onClick in props: true

      at log (src/components/ui/Button.tsx:27:13)

    console.log
      [Button] All props: {
        onClick: [Function: handleNavigate],
        'aria-label': 'Navigate to selected form'
      }

      at log (src/components/ui/Button.tsx:28:13)

    console.log
      [Button] Rendering with type: button

      at log (src/components/ui/Button.tsx:25:13)

    console.log
      [Button] Props received: {
        variant: 'primary',
        size: 'lg',
        type: 'button',
        loading: false,
        disabled: true
      }

      at log (src/components/ui/Button.tsx:26:13)

    console.log
      [Button] Has onClick in props: true

      at log (src/components/ui/Button.tsx:27:13)

    console.log
      [Button] All props: {
        onClick: [Function: handleNavigate],
        'aria-label': 'Navigate to selected form'
      }

      at log (src/components/ui/Button.tsx:28:13)

    console.log
      [Button] Rendering with type: button

      at log (src/components/ui/Button.tsx:25:13)

    console.log
      [Button] Props received: {
        variant: 'primary',
        size: 'lg',
        type: 'button',
        loading: false,
        disabled: true
      }

      at log (src/components/ui/Button.tsx:26:13)

    console.log
      [Button] Has onClick in props: true

      at log (src/components/ui/Button.tsx:27:13)

    console.log
      [Button] All props: {
        onClick: [Function: handleNavigate],
        'aria-label': 'Navigate to selected form'
      }

      at log (src/components/ui/Button.tsx:28:13)

    console.log
      [Button] Rendering with type: button

      at log (src/components/ui/Button.tsx:25:13)

    console.log
      [Button] Props received: {
        variant: 'primary',
        size: 'lg',
        type: 'button',
        loading: false,
        disabled: true
      }

      at log (src/components/ui/Button.tsx:26:13)

    console.log
      [Button] Has onClick in props: true

      at log (src/components/ui/Button.tsx:27:13)

    console.log
      [Button] All props: {
        onClick: [Function: handleNavigate],
        'aria-label': 'Navigate to selected form'
      }

      at log (src/components/ui/Button.tsx:28:13)

    console.log
      [Button] Rendering with type: button

      at log (src/components/ui/Button.tsx:25:13)

    console.log
      [Button] Props received: {
        variant: 'primary',
        size: 'lg',
        type: 'button',
        loading: false,
        disabled: true
      }

      at log (src/components/ui/Button.tsx:26:13)

    console.log
      [Button] Has onClick in props: true

      at log (src/components/ui/Button.tsx:27:13)

    console.log
      [Button] All props: {
        onClick: [Function: handleNavigate],
        'aria-label': 'Navigate to selected form'
      }

      at log (src/components/ui/Button.tsx:28:13)

    console.log
      [Button] Rendering with type: button

      at log (src/components/ui/Button.tsx:25:13)

    console.log
      [Button] Props received: {
        variant: 'primary',
        size: 'lg',
        type: 'button',
        loading: false,
        disabled: true
      }

      at log (src/components/ui/Button.tsx:26:13)

    console.log
      [Button] Has onClick in props: true

      at log (src/components/ui/Button.tsx:27:13)

    console.log
      [Button] All props: {
        onClick: [Function: handleNavigate],
        'aria-label': 'Navigate to selected form'
      }

      at log (src/components/ui/Button.tsx:28:13)

    console.log
      [Button] Rendering with type: button

      at log (src/components/ui/Button.tsx:25:13)

    console.log
      [Button] Props received: {
        variant: 'primary',
        size: 'lg',
        type: 'button',
        loading: false,
        disabled: true
      }

      at log (src/components/ui/Button.tsx:26:13)

    console.log
      [Button] Has onClick in props: true

      at log (src/components/ui/Button.tsx:27:13)

    console.log
      [Button] All props: {
        onClick: [Function: handleNavigate],
        'aria-label': 'Navigate to selected form'
      }

      at log (src/components/ui/Button.tsx:28:13)

    console.log
      [Button] Rendering with type: button

      at log (src/components/ui/Button.tsx:25:13)

    console.log
      [Button] Props received: {
        variant: 'primary',
        size: 'lg',
        type: 'button',
        loading: false,
        disabled: true
      }

      at log (src/components/ui/Button.tsx:26:13)

    console.log
      [Button] Has onClick in props: true

      at log (src/components/ui/Button.tsx:27:13)

    console.log
      [Button] All props: {
        onClick: [Function: handleNavigate],
        'aria-label': 'Navigate to selected form'
      }

      at log (src/components/ui/Button.tsx:28:13)

    console.log
      [Button] Rendering with type: button

      at log (src/components/ui/Button.tsx:25:13)

    console.log
      [Button] Props received: {
        variant: 'primary',
        size: 'lg',
        type: 'button',
        loading: false,
        disabled: true
      }

      at log (src/components/ui/Button.tsx:26:13)

    console.log
      [Button] Has onClick in props: true

      at log (src/components/ui/Button.tsx:27:13)

    console.log
      [Button] All props: {
        onClick: [Function: handleNavigate],
        'aria-label': 'Navigate to selected form'
      }

      at log (src/components/ui/Button.tsx:28:13)

    console.log
      [Button] Rendering with type: button

      at log (src/components/ui/Button.tsx:25:13)

    console.log
      [Button] Props received: {
        variant: 'primary',
        size: 'lg',
        type: 'button',
        loading: false,
        disabled: true
      }

      at log (src/components/ui/Button.tsx:26:13)

    console.log
      [Button] Has onClick in props: true

      at log (src/components/ui/Button.tsx:27:13)

    console.log
      [Button] All props: {
        onClick: [Function: handleNavigate],
        'aria-label': 'Navigate to selected form'
      }

      at log (src/components/ui/Button.tsx:28:13)

    console.log
      [Button] Rendering with type: button

      at log (src/components/ui/Button.tsx:25:13)

    console.log
      [Button] Props received: {
        variant: 'primary',
        size: 'lg',
        type: 'button',
        loading: false,
        disabled: true
      }

      at log (src/components/ui/Button.tsx:26:13)

    console.log
      [Button] Has onClick in props: true

      at log (src/components/ui/Button.tsx:27:13)

    console.log
      [Button] All props: {
        onClick: [Function: handleNavigate],
        'aria-label': 'Navigate to selected form'
      }

      at log (src/components/ui/Button.tsx:28:13)

    console.log
      [Button] Rendering with type: button

      at log (src/components/ui/Button.tsx:25:13)

    console.log
      [Button] Props received: {
        variant: 'primary',
        size: 'lg',
        type: 'button',
        loading: false,
        disabled: true
      }

      at log (src/components/ui/Button.tsx:26:13)

    console.log
      [Button] Has onClick in props: true

      at log (src/components/ui/Button.tsx:27:13)

    console.log
      [Button] All props: {
        onClick: [Function: handleNavigate],
        'aria-label': 'Navigate to selected form'
      }

      at log (src/components/ui/Button.tsx:28:13)

    console.log
      [Button] Rendering with type: button

      at log (src/components/ui/Button.tsx:25:13)

    console.log
      [Button] Props received: {
        variant: 'primary',
        size: 'lg',
        type: 'button',
        loading: false,
        disabled: true
      }

      at log (src/components/ui/Button.tsx:26:13)

    console.log
      [Button] Has onClick in props: true

      at log (src/components/ui/Button.tsx:27:13)

    console.log
      [Button] All props: {
        onClick: [Function: handleNavigate],
        'aria-label': 'Navigate to selected form'
      }

      at log (src/components/ui/Button.tsx:28:13)

    console.log
      [Button] Rendering with type: button

      at log (src/components/ui/Button.tsx:25:13)

    console.log
      [Button] Props received: {
        variant: 'primary',
        size: 'lg',
        type: 'button',
        loading: false,
        disabled: true
      }

      at log (src/components/ui/Button.tsx:26:13)

    console.log
      [Button] Has onClick in props: true

      at log (src/components/ui/Button.tsx:27:13)

    console.log
      [Button] All props: {
        onClick: [Function: handleNavigate],
        'aria-label': 'Navigate to selected form'
      }

      at log (src/components/ui/Button.tsx:28:13)

    console.log
      [Button] Rendering with type: button

      at log (src/components/ui/Button.tsx:25:13)

    console.log
      [Button] Props received: {
        variant: 'primary',
        size: 'lg',
        type: 'button',
        loading: false,
        disabled: true
      }

      at log (src/components/ui/Button.tsx:26:13)

    console.log
      [Button] Has onClick in props: true

      at log (src/components/ui/Button.tsx:27:13)

    console.log
      [Button] All props: {
        onClick: [Function: handleNavigate],
        'aria-label': 'Navigate to selected form'
      }

      at log (src/components/ui/Button.tsx:28:13)

    console.log
      [Button] Rendering with type: button

      at log (src/components/ui/Button.tsx:25:13)

    console.log
      [Button] Props received: {
        variant: 'primary',
        size: 'lg',
        type: 'button',
        loading: false,
        disabled: true
      }

      at log (src/components/ui/Button.tsx:26:13)

    console.log
      [Button] Has onClick in props: true

      at log (src/components/ui/Button.tsx:27:13)

    console.log
      [Button] All props: {
        onClick: [Function: handleNavigate],
        'aria-label': 'Navigate to selected form'
      }

      at log (src/components/ui/Button.tsx:28:13)

    console.log
      [Button] Rendering with type: button

      at log (src/components/ui/Button.tsx:25:13)

    console.log
      [Button] Props received: {
        variant: 'primary',
        size: 'lg',
        type: 'button',
        loading: false,
        disabled: true
      }

      at log (src/components/ui/Button.tsx:26:13)

    console.log
      [Button] Has onClick in props: true

      at log (src/components/ui/Button.tsx:27:13)

    console.log
      [Button] All props: {
        onClick: [Function: handleNavigate],
        'aria-label': 'Navigate to selected form'
      }

      at log (src/components/ui/Button.tsx:28:13)

    console.log
      [Button] Rendering with type: button

      at log (src/components/ui/Button.tsx:25:13)

    console.log
      [Button] Props received: {
        variant: 'primary',
        size: 'lg',
        type: 'button',
        loading: false,
        disabled: true
      }

      at log (src/components/ui/Button.tsx:26:13)

    console.log
      [Button] Has onClick in props: true

      at log (src/components/ui/Button.tsx:27:13)

    console.log
      [Button] All props: {
        onClick: [Function: handleNavigate],
        'aria-label': 'Navigate to selected form'
      }

      at log (src/components/ui/Button.tsx:28:13)

    console.log
      [Button] Rendering with type: button

      at log (src/components/ui/Button.tsx:25:13)

    console.log
      [Button] Props received: {
        variant: 'primary',
        size: 'lg',
        type: 'button',
        loading: false,
        disabled: true
      }

      at log (src/components/ui/Button.tsx:26:13)

    console.log
      [Button] Has onClick in props: true

      at log (src/components/ui/Button.tsx:27:13)

    console.log
      [Button] All props: {
        onClick: [Function: handleNavigate],
        'aria-label': 'Navigate to selected form'
      }

      at log (src/components/ui/Button.tsx:28:13)

    console.log
      [Button] Rendering with type: button

      at log (src/components/ui/Button.tsx:25:13)

    console.log
      [Button] Props received: {
        variant: 'primary',
        size: 'lg',
        type: 'button',
        loading: false,
        disabled: true
      }

      at log (src/components/ui/Button.tsx:26:13)

    console.log
      [Button] Has onClick in props: true

      at log (src/components/ui/Button.tsx:27:13)

    console.log
      [Button] All props: {
        onClick: [Function: handleNavigate],
        'aria-label': 'Navigate to selected form'
      }

      at log (src/components/ui/Button.tsx:28:13)

    console.log
      [Button] Rendering with type: button

      at log (src/components/ui/Button.tsx:25:13)

    console.log
      [Button] Props received: {
        variant: 'primary',
        size: 'lg',
        type: 'button',
        loading: false,
        disabled: true
      }

      at log (src/components/ui/Button.tsx:26:13)

    console.log
      [Button] Has onClick in props: true

      at log (src/components/ui/Button.tsx:27:13)

    console.log
      [Button] All props: {
        onClick: [Function: handleNavigate],
        'aria-label': 'Navigate to selected form'
      }

      at log (src/components/ui/Button.tsx:28:13)

    console.log
      [Button] Rendering with type: button

      at log (src/components/ui/Button.tsx:25:13)

    console.log
      [Button] Props received: {
        variant: 'primary',
        size: 'lg',
        type: 'button',
        loading: false,
        disabled: true
      }

      at log (src/components/ui/Button.tsx:26:13)

    console.log
      [Button] Has onClick in props: true

      at log (src/components/ui/Button.tsx:27:13)

    console.log
      [Button] All props: {
        onClick: [Function: handleNavigate],
        'aria-label': 'Navigate to selected form'
      }

      at log (src/components/ui/Button.tsx:28:13)

    console.log
      [Button] Rendering with type: button

      at log (src/components/ui/Button.tsx:25:13)

    console.log
      [Button] Props received: {
        variant: 'primary',
        size: 'lg',
        type: 'button',
        loading: false,
        disabled: true
      }

      at log (src/components/ui/Button.tsx:26:13)

    console.log
      [Button] Has onClick in props: true

      at log (src/components/ui/Button.tsx:27:13)

    console.log
      [Button] All props: {
        onClick: [Function: handleNavigate],
        'aria-label': 'Navigate to selected form'
      }

      at log (src/components/ui/Button.tsx:28:13)

    console.log
      [Button] Rendering with type: button

      at log (src/components/ui/Button.tsx:25:13)

    console.log
      [Button] Props received: {
        variant: 'primary',
        size: 'lg',
        type: 'button',
        loading: false,
        disabled: true
      }

      at log (src/components/ui/Button.tsx:26:13)

    console.log
      [Button] Has onClick in props: true

      at log (src/components/ui/Button.tsx:27:13)

    console.log
      [Button] All props: {
        onClick: [Function: handleNavigate],
        'aria-label': 'Navigate to selected form'
      }

      at log (src/components/ui/Button.tsx:28:13)

    console.log
      [Button] Rendering with type: button

      at log (src/components/ui/Button.tsx:25:13)

    console.log
      [Button] Props received: {
        variant: 'primary',
        size: 'lg',
        type: 'button',
        loading: false,
        disabled: true
      }

      at log (src/components/ui/Button.tsx:26:13)

    console.log
      [Button] Has onClick in props: true

      at log (src/components/ui/Button.tsx:27:13)

    console.log
      [Button] All props: {
        onClick: [Function: handleNavigate],
        'aria-label': 'Navigate to selected form'
      }

      at log (src/components/ui/Button.tsx:28:13)

    console.log
      [Button] Rendering with type: button

      at log (src/components/ui/Button.tsx:25:13)

    console.log
      [Button] Props received: {
        variant: 'primary',
        size: 'lg',
        type: 'button',
        loading: false,
        disabled: true
      }

      at log (src/components/ui/Button.tsx:26:13)

    console.log
      [Button] Has onClick in props: true

      at log (src/components/ui/Button.tsx:27:13)

    console.log
      [Button] All props: {
        onClick: [Function: handleNavigate],
        'aria-label': 'Navigate to selected form'
      }

      at log (src/components/ui/Button.tsx:28:13)

    console.log
      [Button] Rendering with type: button

      at log (src/components/ui/Button.tsx:25:13)

    console.log
      [Button] Props received: {
        variant: 'primary',
        size: 'lg',
        type: 'button',
        loading: false,
        disabled: true
      }

      at log (src/components/ui/Button.tsx:26:13)

    console.log
      [Button] Has onClick in props: true

      at log (src/components/ui/Button.tsx:27:13)

    console.log
      [Button] All props: {
        onClick: [Function: handleNavigate],
        'aria-label': 'Navigate to selected form'
      }

      at log (src/components/ui/Button.tsx:28:13)

    console.log
      [Button] Rendering with type: button

      at log (src/components/ui/Button.tsx:25:13)

    console.log
      [Button] Props received: {
        variant: 'primary',
        size: 'lg',
        type: 'button',
        loading: false,
        disabled: true
      }

      at log (src/components/ui/Button.tsx:26:13)

    console.log
      [Button] Has onClick in props: true

      at log (src/components/ui/Button.tsx:27:13)

    console.log
      [Button] All props: {
        onClick: [Function: handleNavigate],
        'aria-label': 'Navigate to selected form'
      }

      at log (src/components/ui/Button.tsx:28:13)

    console.log
      [Button] Rendering with type: button

      at log (src/components/ui/Button.tsx:25:13)

    console.log
      [Button] Props received: {
        variant: 'primary',
        size: 'lg',
        type: 'button',
        loading: false,
        disabled: true
      }

      at log (src/components/ui/Button.tsx:26:13)

    console.log
      [Button] Has onClick in props: true

      at log (src/components/ui/Button.tsx:27:13)

    console.log
      [Button] All props: {
        onClick: [Function: handleNavigate],
        'aria-label': 'Navigate to selected form'
      }

      at log (src/components/ui/Button.tsx:28:13)

    console.log
      [Button] Rendering with type: button

      at log (src/components/ui/Button.tsx:25:13)

    console.log
      [Button] Props received: {
        variant: 'primary',
        size: 'lg',
        type: 'button',
        loading: false,
        disabled: true
      }

      at log (src/components/ui/Button.tsx:26:13)

    console.log
      [Button] Has onClick in props: true

      at log (src/components/ui/Button.tsx:27:13)

    console.log
      [Button] All props: {
        onClick: [Function: handleNavigate],
        'aria-label': 'Navigate to selected form'
      }

      at log (src/components/ui/Button.tsx:28:13)

    console.log
      [Button] Rendering with type: button

      at log (src/components/ui/Button.tsx:25:13)

    console.log
      [Button] Props received: {
        variant: 'primary',
        size: 'lg',
        type: 'button',
        loading: false,
        disabled: true
      }

      at log (src/components/ui/Button.tsx:26:13)

    console.log
      [Button] Has onClick in props: true

      at log (src/components/ui/Button.tsx:27:13)

    console.log
      [Button] All props: {
        onClick: [Function: handleNavigate],
        'aria-label': 'Navigate to selected form'
      }

      at log (src/components/ui/Button.tsx:28:13)

    console.log
      [Button] Rendering with type: button

      at log (src/components/ui/Button.tsx:25:13)

    console.log
      [Button] Props received: {
        variant: 'primary',
        size: 'lg',
        type: 'button',
        loading: false,
        disabled: true
      }

      at log (src/components/ui/Button.tsx:26:13)

    console.log
      [Button] Has onClick in props: true

      at log (src/components/ui/Button.tsx:27:13)

    console.log
      [Button] All props: {
        onClick: [Function: handleNavigate],
        'aria-label': 'Navigate to selected form'
      }

      at log (src/components/ui/Button.tsx:28:13)

    console.log
      [Button] Rendering with type: button

      at log (src/components/ui/Button.tsx:25:13)

    console.log
      [Button] Props received: {
        variant: 'primary',
        size: 'lg',
        type: 'button',
        loading: false,
        disabled: true
      }

      at log (src/components/ui/Button.tsx:26:13)

    console.log
      [Button] Has onClick in props: true

      at log (src/components/ui/Button.tsx:27:13)

    console.log
      [Button] All props: {
        onClick: [Function: handleNavigate],
        'aria-label': 'Navigate to selected form'
      }

      at log (src/components/ui/Button.tsx:28:13)

    console.log
      [Button] Rendering with type: button

      at log (src/components/ui/Button.tsx:25:13)

    console.log
      [Button] Props received: {
        variant: 'primary',
        size: 'lg',
        type: 'button',
        loading: false,
        disabled: true
      }

      at log (src/components/ui/Button.tsx:26:13)

    console.log
      [Button] Has onClick in props: true

      at log (src/components/ui/Button.tsx:27:13)

    console.log
      [Button] All props: {
        onClick: [Function: handleNavigate],
        'aria-label': 'Navigate to selected form'
      }

      at log (src/components/ui/Button.tsx:28:13)

    console.log
      [Button] Rendering with type: button

      at log (src/components/ui/Button.tsx:25:13)

    console.log
      [Button] Props received: {
        variant: 'primary',
        size: 'lg',
        type: 'button',
        loading: false,
        disabled: true
      }

      at log (src/components/ui/Button.tsx:26:13)

    console.log
      [Button] Has onClick in props: true

      at log (src/components/ui/Button.tsx:27:13)

    console.log
      [Button] All props: {
        onClick: [Function: handleNavigate],
        'aria-label': 'Navigate to selected form'
      }

      at log (src/components/ui/Button.tsx:28:13)

    console.log
      [Button] Rendering with type: button

      at log (src/components/ui/Button.tsx:25:13)

    console.log
      [Button] Props received: {
        variant: 'primary',
        size: 'lg',
        type: 'button',
        loading: false,
        disabled: true
      }

      at log (src/components/ui/Button.tsx:26:13)

    console.log
      [Button] Has onClick in props: true

      at log (src/components/ui/Button.tsx:27:13)

    console.log
      [Button] All props: {
        onClick: [Function: handleNavigate],
        'aria-label': 'Navigate to selected form'
      }

      at log (src/components/ui/Button.tsx:28:13)

    console.log
      [Button] Rendering with type: button

      at log (src/components/ui/Button.tsx:25:13)

    console.log
      [Button] Props received: {
        variant: 'primary',
        size: 'lg',
        type: 'button',
        loading: false,
        disabled: true
      }

      at log (src/components/ui/Button.tsx:26:13)

    console.log
      [Button] Has onClick in props: true

      at log (src/components/ui/Button.tsx:27:13)

    console.log
      [Button] All props: {
        onClick: [Function: handleNavigate],
        'aria-label': 'Navigate to selected form'
      }

      at log (src/components/ui/Button.tsx:28:13)

    console.log
      [Button] Rendering with type: button

      at log (src/components/ui/Button.tsx:25:13)

    console.log
      [Button] Props received: {
        variant: 'primary',
        size: 'lg',
        type: 'button',
        loading: false,
        disabled: true
      }

      at log (src/components/ui/Button.tsx:26:13)

    console.log
      [Button] Has onClick in props: true

      at log (src/components/ui/Button.tsx:27:13)

    console.log
      [Button] All props: {
        onClick: [Function: handleNavigate],
        'aria-label': 'Navigate to selected form'
      }

      at log (src/components/ui/Button.tsx:28:13)

    console.log
      [Button] Rendering with type: button

      at log (src/components/ui/Button.tsx:25:13)

    console.log
      [Button] Props received: {
        variant: 'primary',
        size: 'lg',
        type: 'button',
        loading: false,
        disabled: true
      }

      at log (src/components/ui/Button.tsx:26:13)

    console.log
      [Button] Has onClick in props: true

      at log (src/components/ui/Button.tsx:27:13)

    console.log
      [Button] All props: {
        onClick: [Function: handleNavigate],
        'aria-label': 'Navigate to selected form'
      }

      at log (src/components/ui/Button.tsx:28:13)

    console.log
      [Button] Rendering with type: button

      at log (src/components/ui/Button.tsx:25:13)

    console.log
      [Button] Props received: {
        variant: 'primary',
        size: 'lg',
        type: 'button',
        loading: false,
        disabled: true
      }

      at log (src/components/ui/Button.tsx:26:13)

    console.log
      [Button] Has onClick in props: true

      at log (src/components/ui/Button.tsx:27:13)

    console.log
      [Button] All props: {
        onClick: [Function: handleNavigate],
        'aria-label': 'Navigate to selected form'
      }

      at log (src/components/ui/Button.tsx:28:13)

    console.log
      [Button] Rendering with type: button

      at log (src/components/ui/Button.tsx:25:13)

    console.log
      [Button] Props received: {
        variant: 'primary',
        size: 'lg',
        type: 'button',
        loading: false,
        disabled: true
      }

      at log (src/components/ui/Button.tsx:26:13)

    console.log
      [Button] Has onClick in props: true

      at log (src/components/ui/Button.tsx:27:13)

    console.log
      [Button] All props: {
        onClick: [Function: handleNavigate],
        'aria-label': 'Navigate to selected form'
      }

      at log (src/components/ui/Button.tsx:28:13)

    console.log
      [Button] Rendering with type: button

      at log (src/components/ui/Button.tsx:25:13)

    console.log
      [Button] Props received: {
        variant: 'primary',
        size: 'lg',
        type: 'button',
        loading: false,
        disabled: true
      }

      at log (src/components/ui/Button.tsx:26:13)

    console.log
      [Button] Has onClick in props: true

      at log (src/components/ui/Button.tsx:27:13)

    console.log
      [Button] All props: {
        onClick: [Function: handleNavigate],
        'aria-label': 'Navigate to selected form'
      }

      at log (src/components/ui/Button.tsx:28:13)

    console.log
      [Button] Rendering with type: button

      at log (src/components/ui/Button.tsx:25:13)

    console.log
      [Button] Props received: {
        variant: 'primary',
        size: 'lg',
        type: 'button',
        loading: false,
        disabled: true
      }

      at log (src/components/ui/Button.tsx:26:13)

    console.log
      [Button] Has onClick in props: true

      at log (src/components/ui/Button.tsx:27:13)

    console.log
      [Button] All props: {
        onClick: [Function: handleNavigate],
        'aria-label': 'Navigate to selected form'
      }

      at log (src/components/ui/Button.tsx:28:13)

    console.log
      [Button] Rendering with type: button

      at log (src/components/ui/Button.tsx:25:13)

    console.log
      [Button] Props received: {
        variant: 'primary',
        size: 'lg',
        type: 'button',
        loading: false,
        disabled: true
      }

      at log (src/components/ui/Button.tsx:26:13)

    console.log
      [Button] Has onClick in props: true

      at log (src/components/ui/Button.tsx:27:13)

    console.log
      [Button] All props: {
        onClick: [Function: handleNavigate],
        'aria-label': 'Navigate to selected form'
      }

      at log (src/components/ui/Button.tsx:28:13)

    console.log
      [Button] Rendering with type: button

      at log (src/components/ui/Button.tsx:25:13)

    console.log
      [Button] Props received: {
        variant: 'primary',
        size: 'lg',
        type: 'button',
        loading: false,
        disabled: true
      }

      at log (src/components/ui/Button.tsx:26:13)

    console.log
      [Button] Has onClick in props: true

      at log (src/components/ui/Button.tsx:27:13)

    console.log
      [Button] All props: {
        onClick: [Function: handleNavigate],
        'aria-label': 'Navigate to selected form'
      }

      at log (src/components/ui/Button.tsx:28:13)

    console.log
      [Button] Rendering with type: button

      at log (src/components/ui/Button.tsx:25:13)

    console.log
      [Button] Props received: {
        variant: 'primary',
        size: 'lg',
        type: 'button',
        loading: false,
        disabled: true
      }

      at log (src/components/ui/Button.tsx:26:13)

    console.log
      [Button] Has onClick in props: true

      at log (src/components/ui/Button.tsx:27:13)

    console.log
      [Button] All props: {
        onClick: [Function: handleNavigate],
        'aria-label': 'Navigate to selected form'
      }

      at log (src/components/ui/Button.tsx:28:13)

    console.log
      [Button] Rendering with type: button

      at log (src/components/ui/Button.tsx:25:13)

    console.log
      [Button] Props received: {
        variant: 'primary',
        size: 'lg',
        type: 'button',
        loading: false,
        disabled: true
      }

      at log (src/components/ui/Button.tsx:26:13)

    console.log
      [Button] Has onClick in props: true

      at log (src/components/ui/Button.tsx:27:13)

    console.log
      [Button] All props: {
        onClick: [Function: handleNavigate],
        'aria-label': 'Navigate to selected form'
      }

      at log (src/components/ui/Button.tsx:28:13)

    console.log
      [Button] Rendering with type: button

      at log (src/components/ui/Button.tsx:25:13)

    console.log
      [Button] Props received: {
        variant: 'primary',
        size: 'lg',
        type: 'button',
        loading: false,
        disabled: true
      }

      at log (src/components/ui/Button.tsx:26:13)

    console.log
      [Button] Has onClick in props: true

      at log (src/components/ui/Button.tsx:27:13)

    console.log
      [Button] All props: {
        onClick: [Function: handleNavigate],
        'aria-label': 'Navigate to selected form'
      }

      at log (src/components/ui/Button.tsx:28:13)

    console.log
      [Button] Rendering with type: button

      at log (src/components/ui/Button.tsx:25:13)

    console.log
      [Button] Props received: {
        variant: 'primary',
        size: 'lg',
        type: 'button',
        loading: false,
        disabled: true
      }

      at log (src/components/ui/Button.tsx:26:13)

    console.log
      [Button] Has onClick in props: true

      at log (src/components/ui/Button.tsx:27:13)

    console.log
      [Button] All props: {
        onClick: [Function: handleNavigate],
        'aria-label': 'Navigate to selected form'
      }

      at log (src/components/ui/Button.tsx:28:13)

    console.log
      [Button] Rendering with type: button

      at log (src/components/ui/Button.tsx:25:13)

    console.log
      [Button] Props received: {
        variant: 'primary',
        size: 'lg',
        type: 'button',
        loading: false,
        disabled: true
      }

      at log (src/components/ui/Button.tsx:26:13)

    console.log
      [Button] Has onClick in props: true

      at log (src/components/ui/Button.tsx:27:13)

    console.log
      [Button] All props: {
        onClick: [Function: handleNavigate],
        'aria-label': 'Navigate to selected form'
      }

      at log (src/components/ui/Button.tsx:28:13)

    console.log
      [Button] Rendering with type: button

      at log (src/components/ui/Button.tsx:25:13)

    console.log
      [Button] Props received: {
        variant: 'primary',
        size: 'lg',
        type: 'button',
        loading: false,
        disabled: true
      }

      at log (src/components/ui/Button.tsx:26:13)

    console.log
      [Button] Has onClick in props: true

      at log (src/components/ui/Button.tsx:27:13)

    console.log
      [Button] All props: {
        onClick: [Function: handleNavigate],
        'aria-label': 'Navigate to selected form'
      }

      at log (src/components/ui/Button.tsx:28:13)

    console.log
      [Button] Rendering with type: button

      at log (src/components/ui/Button.tsx:25:13)

    console.log
      [Button] Props received: {
        variant: 'primary',
        size: 'lg',
        type: 'button',
        loading: false,
        disabled: true
      }

      at log (src/components/ui/Button.tsx:26:13)

    console.log
      [Button] Has onClick in props: true

      at log (src/components/ui/Button.tsx:27:13)

    console.log
      [Button] All props: {
        onClick: [Function: handleNavigate],
        'aria-label': 'Navigate to selected form'
      }

      at log (src/components/ui/Button.tsx:28:13)

    console.log
      [Button] Rendering with type: button

      at log (src/components/ui/Button.tsx:25:13)

    console.log
      [Button] Props received: {
        variant: 'primary',
        size: 'lg',
        type: 'button',
        loading: false,
        disabled: true
      }

      at log (src/components/ui/Button.tsx:26:13)

    console.log
      [Button] Has onClick in props: true

      at log (src/components/ui/Button.tsx:27:13)

    console.log
      [Button] All props: {
        onClick: [Function: handleNavigate],
        'aria-label': 'Navigate to selected form'
      }

      at log (src/components/ui/Button.tsx:28:13)

    console.log
      [Button] Rendering with type: button

      at log (src/components/ui/Button.tsx:25:13)

    console.log
      [Button] Props received: {
        variant: 'primary',
        size: 'lg',
        type: 'button',
        loading: false,
        disabled: true
      }

      at log (src/components/ui/Button.tsx:26:13)

    console.log
      [Button] Has onClick in props: true

      at log (src/components/ui/Button.tsx:27:13)

    console.log
      [Button] All props: {
        onClick: [Function: handleNavigate],
        'aria-label': 'Navigate to selected form'
      }

      at log (src/components/ui/Button.tsx:28:13)

    console.log
      [Button] Rendering with type: button

      at log (src/components/ui/Button.tsx:25:13)

    console.log
      [Button] Props received: {
        variant: 'primary',
        size: 'lg',
        type: 'button',
        loading: false,
        disabled: true
      }

      at log (src/components/ui/Button.tsx:26:13)

    console.log
      [Button] Has onClick in props: true

      at log (src/components/ui/Button.tsx:27:13)

    console.log
      [Button] All props: {
        onClick: [Function: handleNavigate],
        'aria-label': 'Navigate to selected form'
      }

      at log (src/components/ui/Button.tsx:28:13)

    console.log
      [Button] Rendering with type: button

      at log (src/components/ui/Button.tsx:25:13)

    console.log
      [Button] Props received: {
        variant: 'primary',
        size: 'lg',
        type: 'button',
        loading: false,
        disabled: true
      }

      at log (src/components/ui/Button.tsx:26:13)

    console.log
      [Button] Has onClick in props: true

      at log (src/components/ui/Button.tsx:27:13)

    console.log
      [Button] All props: {
        onClick: [Function: handleNavigate],
        'aria-label': 'Navigate to selected form'
      }

      at log (src/components/ui/Button.tsx:28:13)

    console.log
      [Button] Rendering with type: button

      at log (src/components/ui/Button.tsx:25:13)

    console.log
      [Button] Props received: {
        variant: 'primary',
        size: 'lg',
        type: 'button',
        loading: false,
        disabled: true
      }

      at log (src/components/ui/Button.tsx:26:13)

    console.log
      [Button] Has onClick in props: true

      at log (src/components/ui/Button.tsx:27:13)

    console.log
      [Button] All props: {
        onClick: [Function: handleNavigate],
        'aria-label': 'Navigate to selected form'
      }

      at log (src/components/ui/Button.tsx:28:13)

    console.log
      [Button] Rendering with type: button

      at log (src/components/ui/Button.tsx:25:13)

    console.log
      [Button] Props received: {
        variant: 'primary',
        size: 'lg',
        type: 'button',
        loading: false,
        disabled: true
      }

      at log (src/components/ui/Button.tsx:26:13)

    console.log
      [Button] Has onClick in props: true

      at log (src/components/ui/Button.tsx:27:13)

    console.log
      [Button] All props: {
        onClick: [Function: handleNavigate],
        'aria-label': 'Navigate to selected form'
      }

      at log (src/components/ui/Button.tsx:28:13)

    console.log
      [Button] Rendering with type: button

      at log (src/components/ui/Button.tsx:25:13)

    console.log
      [Button] Props received: {
        variant: 'primary',
        size: 'lg',
        type: 'button',
        loading: false,
        disabled: true
      }

      at log (src/components/ui/Button.tsx:26:13)

    console.log
      [Button] Has onClick in props: true

      at log (src/components/ui/Button.tsx:27:13)

    console.log
      [Button] All props: {
        onClick: [Function: handleNavigate],
        'aria-label': 'Navigate to selected form'
      }

      at log (src/components/ui/Button.tsx:28:13)

    console.log
      [Button] Rendering with type: button

      at log (src/components/ui/Button.tsx:25:13)

    console.log
      [Button] Props received: {
        variant: 'primary',
        size: 'lg',
        type: 'button',
        loading: false,
        disabled: true
      }

      at log (src/components/ui/Button.tsx:26:13)

    console.log
      [Button] Has onClick in props: true

      at log (src/components/ui/Button.tsx:27:13)

    console.log
      [Button] All props: {
        onClick: [Function: handleNavigate],
        'aria-label': 'Navigate to selected form'
      }

      at log (src/components/ui/Button.tsx:28:13)

    console.log
      [Button] Rendering with type: button

      at log (src/components/ui/Button.tsx:25:13)

    console.log
      [Button] Props received: {
        variant: 'primary',
        size: 'lg',
        type: 'button',
        loading: false,
        disabled: true
      }

      at log (src/components/ui/Button.tsx:26:13)

    console.log
      [Button] Has onClick in props: true

      at log (src/components/ui/Button.tsx:27:13)

    console.log
      [Button] All props: {
        onClick: [Function: handleNavigate],
        'aria-label': 'Navigate to selected form'
      }

      at log (src/components/ui/Button.tsx:28:13)

    console.log
      [Button] Rendering with type: button

      at log (src/components/ui/Button.tsx:25:13)

    console.log
      [Button] Props received: {
        variant: 'primary',
        size: 'lg',
        type: 'button',
        loading: false,
        disabled: true
      }

      at log (src/components/ui/Button.tsx:26:13)

    console.log
      [Button] Has onClick in props: true

      at log (src/components/ui/Button.tsx:27:13)

    console.log
      [Button] All props: {
        onClick: [Function: handleNavigate],
        'aria-label': 'Navigate to selected form'
      }

      at log (src/components/ui/Button.tsx:28:13)

    console.log
      [Button] Rendering with type: button

      at log (src/components/ui/Button.tsx:25:13)

    console.log
      [Button] Props received: {
        variant: 'primary',
        size: 'lg',
        type: 'button',
        loading: false,
        disabled: true
      }

      at log (src/components/ui/Button.tsx:26:13)

    console.log
      [Button] Has onClick in props: true

      at log (src/components/ui/Button.tsx:27:13)

    console.log
      [Button] All props: {
        onClick: [Function: handleNavigate],
        'aria-label': 'Navigate to selected form'
      }

      at log (src/components/ui/Button.tsx:28:13)

    console.log
      [Button] Rendering with type: button

      at log (src/components/ui/Button.tsx:25:13)

    console.log
      [Button] Props received: {
        variant: 'primary',
        size: 'lg',
        type: 'button',
        loading: false,
        disabled: true
      }

      at log (src/components/ui/Button.tsx:26:13)

    console.log
      [Button] Has onClick in props: true

      at log (src/components/ui/Button.tsx:27:13)

    console.log
      [Button] All props: {
        onClick: [Function: handleNavigate],
        'aria-label': 'Navigate to selected form'
      }

      at log (src/components/ui/Button.tsx:28:13)

    console.log
      [Button] Rendering with type: button

      at log (src/components/ui/Button.tsx:25:13)

    console.log
      [Button] Props received: {
        variant: 'primary',
        size: 'lg',
        type: 'button',
        loading: false,
        disabled: true
      }

      at log (src/components/ui/Button.tsx:26:13)

    console.log
      [Button] Has onClick in props: true

      at log (src/components/ui/Button.tsx:27:13)

    console.log
      [Button] All props: {
        onClick: [Function: handleNavigate],
        'aria-label': 'Navigate to selected form'
      }

      at log (src/components/ui/Button.tsx:28:13)

    console.log
      [Button] Rendering with type: button

      at log (src/components/ui/Button.tsx:25:13)

    console.log
      [Button] Props received: {
        variant: 'primary',
        size: 'lg',
        type: 'button',
        loading: false,
        disabled: true
      }

      at log (src/components/ui/Button.tsx:26:13)

    console.log
      [Button] Has onClick in props: true

      at log (src/components/ui/Button.tsx:27:13)

    console.log
      [Button] All props: {
        onClick: [Function: handleNavigate],
        'aria-label': 'Navigate to selected form'
      }

      at log (src/components/ui/Button.tsx:28:13)

    console.log
      [Button] Rendering with type: button

      at log (src/components/ui/Button.tsx:25:13)

    console.log
      [Button] Props received: {
        variant: 'primary',
        size: 'lg',
        type: 'button',
        loading: false,
        disabled: true
      }

      at log (src/components/ui/Button.tsx:26:13)

    console.log
      [Button] Has onClick in props: true

      at log (src/components/ui/Button.tsx:27:13)

    console.log
      [Button] All props: {
        onClick: [Function: handleNavigate],
        'aria-label': 'Navigate to selected form'
      }

      at log (src/components/ui/Button.tsx:28:13)

    console.log
      [Button] Rendering with type: button

      at log (src/components/ui/Button.tsx:25:13)

    console.log
      [Button] Props received: {
        variant: 'primary',
        size: 'lg',
        type: 'button',
        loading: false,
        disabled: true
      }

      at log (src/components/ui/Button.tsx:26:13)

    console.log
      [Button] Has onClick in props: true

      at log (src/components/ui/Button.tsx:27:13)

    console.log
      [Button] All props: {
        onClick: [Function: handleNavigate],
        'aria-label': 'Navigate to selected form'
      }

      at log (src/components/ui/Button.tsx:28:13)

    console.log
      [Button] Rendering with type: button

      at log (src/components/ui/Button.tsx:25:13)

    console.log
      [Button] Props received: {
        variant: 'primary',
        size: 'lg',
        type: 'button',
        loading: false,
        disabled: true
      }

      at log (src/components/ui/Button.tsx:26:13)

    console.log
      [Button] Has onClick in props: true

      at log (src/components/ui/Button.tsx:27:13)

    console.log
      [Button] All props: {
        onClick: [Function: handleNavigate],
        'aria-label': 'Navigate to selected form'
      }

      at log (src/components/ui/Button.tsx:28:13)

    console.log
      [Button] Rendering with type: button

      at log (src/components/ui/Button.tsx:25:13)

    console.log
      [Button] Props received: {
        variant: 'primary',
        size: 'lg',
        type: 'button',
        loading: false,
        disabled: true
      }

      at log (src/components/ui/Button.tsx:26:13)

    console.log
      [Button] Has onClick in props: true

      at log (src/components/ui/Button.tsx:27:13)

    console.log
      [Button] All props: {
        onClick: [Function: handleNavigate],
        'aria-label': 'Navigate to selected form'
      }

      at log (src/components/ui/Button.tsx:28:13)

    console.log
      [Button] Rendering with type: button

      at log (src/components/ui/Button.tsx:25:13)

    console.log
      [Button] Props received: {
        variant: 'primary',
        size: 'lg',
        type: 'button',
        loading: false,
        disabled: true
      }

      at log (src/components/ui/Button.tsx:26:13)

    console.log
      [Button] Has onClick in props: true

      at log (src/components/ui/Button.tsx:27:13)

    console.log
      [Button] All props: {
        onClick: [Function: handleNavigate],
        'aria-label': 'Navigate to selected form'
      }

      at log (src/components/ui/Button.tsx:28:13)

    console.log
      [Button] Rendering with type: button

      at log (src/components/ui/Button.tsx:25:13)

    console.log
      [Button] Props received: {
        variant: 'primary',
        size: 'lg',
        type: 'button',
        loading: false,
        disabled: true
      }

      at log (src/components/ui/Button.tsx:26:13)

    console.log
      [Button] Has onClick in props: true

      at log (src/components/ui/Button.tsx:27:13)

    console.log
      [Button] All props: {
        onClick: [Function: handleNavigate],
        'aria-label': 'Navigate to selected form'
      }

      at log (src/components/ui/Button.tsx:28:13)

    console.log
      [Button] Rendering with type: button

      at log (src/components/ui/Button.tsx:25:13)

    console.log
      [Button] Props received: {
        variant: 'primary',
        size: 'lg',
        type: 'button',
        loading: false,
        disabled: true
      }

      at log (src/components/ui/Button.tsx:26:13)

    console.log
      [Button] Has onClick in props: true

      at log (src/components/ui/Button.tsx:27:13)

    console.log
      [Button] All props: {
        onClick: [Function: handleNavigate],
        'aria-label': 'Navigate to selected form'
      }

      at log (src/components/ui/Button.tsx:28:13)

    console.log
      [Button] Rendering with type: button

      at log (src/components/ui/Button.tsx:25:13)

    console.log
      [Button] Props received: {
        variant: 'primary',
        size: 'lg',
        type: 'button',
        loading: false,
        disabled: true
      }

      at log (src/components/ui/Button.tsx:26:13)

    console.log
      [Button] Has onClick in props: true

      at log (src/components/ui/Button.tsx:27:13)

    console.log
      [Button] All props: {
        onClick: [Function: handleNavigate],
        'aria-label': 'Navigate to selected form'
      }

      at log (src/components/ui/Button.tsx:28:13)

    console.log
      [Button] Rendering with type: button

      at log (src/components/ui/Button.tsx:25:13)

    console.log
      [Button] Props received: {
        variant: 'primary',
        size: 'lg',
        type: 'button',
        loading: false,
        disabled: true
      }

      at log (src/components/ui/Button.tsx:26:13)

    console.log
      [Button] Has onClick in props: true

      at log (src/components/ui/Button.tsx:27:13)

    console.log
      [Button] All props: {
        onClick: [Function: handleNavigate],
        'aria-label': 'Navigate to selected form'
      }

      at log (src/components/ui/Button.tsx:28:13)

    console.log
      [Button] Rendering with type: button

      at log (src/components/ui/Button.tsx:25:13)

    console.log
      [Button] Props received: {
        variant: 'primary',
        size: 'lg',
        type: 'button',
        loading: false,
        disabled: true
      }

      at log (src/components/ui/Button.tsx:26:13)

    console.log
      [Button] Has onClick in props: true

      at log (src/components/ui/Button.tsx:27:13)

    console.log
      [Button] All props: {
        onClick: [Function: handleNavigate],
        'aria-label': 'Navigate to selected form'
      }

      at log (src/components/ui/Button.tsx:28:13)

    console.log
      [Button] Rendering with type: button

      at log (src/components/ui/Button.tsx:25:13)

    console.log
      [Button] Props received: {
        variant: 'primary',
        size: 'lg',
        type: 'button',
        loading: false,
        disabled: true
      }

      at log (src/components/ui/Button.tsx:26:13)

    console.log
      [Button] Has onClick in props: true

      at log (src/components/ui/Button.tsx:27:13)

    console.log
      [Button] All props: {
        onClick: [Function: handleNavigate],
        'aria-label': 'Navigate to selected form'
      }

      at log (src/components/ui/Button.tsx:28:13)

    console.log
      [Button] Rendering with type: button

      at log (src/components/ui/Button.tsx:25:13)

    console.log
      [Button] Props received: {
        variant: 'primary',
        size: 'lg',
        type: 'button',
        loading: false,
        disabled: true
      }

      at log (src/components/ui/Button.tsx:26:13)

    console.log
      [Button] Has onClick in props: true

      at log (src/components/ui/Button.tsx:27:13)

    console.log
      [Button] All props: {
        onClick: [Function: handleNavigate],
        'aria-label': 'Navigate to selected form'
      }

      at log (src/components/ui/Button.tsx:28:13)

    console.log
      [Button] Rendering with type: button

      at log (src/components/ui/Button.tsx:25:13)

    console.log
      [Button] Props received: {
        variant: 'primary',
        size: 'lg',
        type: 'button',
        loading: false,
        disabled: true
      }

      at log (src/components/ui/Button.tsx:26:13)

    console.log
      [Button] Has onClick in props: true

      at log (src/components/ui/Button.tsx:27:13)

    console.log
      [Button] All props: {
        onClick: [Function: handleNavigate],
        'aria-label': 'Navigate to selected form'
      }

      at log (src/components/ui/Button.tsx:28:13)

    console.log
      [Button] Rendering with type: button

      at log (src/components/ui/Button.tsx:25:13)

    console.log
      [Button] Props received: {
        variant: 'primary',
        size: 'lg',
        type: 'button',
        loading: false,
        disabled: true
      }

      at log (src/components/ui/Button.tsx:26:13)

    console.log
      [Button] Has onClick in props: true

      at log (src/components/ui/Button.tsx:27:13)

    console.log
      [Button] All props: {
        onClick: [Function: handleNavigate],
        'aria-label': 'Navigate to selected form'
      }

      at log (src/components/ui/Button.tsx:28:13)

    console.log
      [Button] Rendering with type: button

      at log (src/components/ui/Button.tsx:25:13)

    console.log
      [Button] Props received: {
        variant: 'primary',
        size: 'lg',
        type: 'button',
        loading: false,
        disabled: true
      }

      at log (src/components/ui/Button.tsx:26:13)

    console.log
      [Button] Has onClick in props: true

      at log (src/components/ui/Button.tsx:27:13)

    console.log
      [Button] All props: {
        onClick: [Function: handleNavigate],
        'aria-label': 'Navigate to selected form'
      }

      at log (src/components/ui/Button.tsx:28:13)

    console.log
      [Button] Rendering with type: button

      at log (src/components/ui/Button.tsx:25:13)

    console.log
      [Button] Props received: {
        variant: 'primary',
        size: 'lg',
        type: 'button',
        loading: false,
        disabled: true
      }

      at log (src/components/ui/Button.tsx:26:13)

    console.log
      [Button] Has onClick in props: true

      at log (src/components/ui/Button.tsx:27:13)

    console.log
      [Button] All props: {
        onClick: [Function: handleNavigate],
        'aria-label': 'Navigate to selected form'
      }

      at log (src/components/ui/Button.tsx:28:13)

    console.log
      [Button] Rendering with type: button

      at log (src/components/ui/Button.tsx:25:13)

    console.log
      [Button] Props received: {
        variant: 'primary',
        size: 'lg',
        type: 'button',
        loading: false,
        disabled: true
      }

      at log (src/components/ui/Button.tsx:26:13)

    console.log
      [Button] Has onClick in props: true

      at log (src/components/ui/Button.tsx:27:13)

    console.log
      [Button] All props: {
        onClick: [Function: handleNavigate],
        'aria-label': 'Navigate to selected form'
      }

      at log (src/components/ui/Button.tsx:28:13)

    console.log
      [Button] Rendering with type: button

      at log (src/components/ui/Button.tsx:25:13)

    console.log
      [Button] Props received: {
        variant: 'primary',
        size: 'lg',
        type: 'button',
        loading: false,
        disabled: true
      }

      at log (src/components/ui/Button.tsx:26:13)

    console.log
      [Button] Has onClick in props: true

      at log (src/components/ui/Button.tsx:27:13)

    console.log
      [Button] All props: {
        onClick: [Function: handleNavigate],
        'aria-label': 'Navigate to selected form'
      }

      at log (src/components/ui/Button.tsx:28:13)

    console.log
      [Button] Rendering with type: button

      at log (src/components/ui/Button.tsx:25:13)

    console.log
      [Button] Props received: {
        variant: 'primary',
        size: 'lg',
        type: 'button',
        loading: false,
        disabled: true
      }

      at log (src/components/ui/Button.tsx:26:13)

    console.log
      [Button] Has onClick in props: true

      at log (src/components/ui/Button.tsx:27:13)

    console.log
      [Button] All props: {
        onClick: [Function: handleNavigate],
        'aria-label': 'Navigate to selected form'
      }

      at log (src/components/ui/Button.tsx:28:13)

    console.log
      [Button] Rendering with type: button

      at log (src/components/ui/Button.tsx:25:13)

    console.log
      [Button] Props received: {
        variant: 'primary',
        size: 'lg',
        type: 'button',
        loading: false,
        disabled: true
      }

      at log (src/components/ui/Button.tsx:26:13)

    console.log
      [Button] Has onClick in props: true

      at log (src/components/ui/Button.tsx:27:13)

    console.log
      [Button] All props: {
        onClick: [Function: handleNavigate],
        'aria-label': 'Navigate to selected form'
      }

      at log (src/components/ui/Button.tsx:28:13)

    console.log
      [Button] Rendering with type: button

      at log (src/components/ui/Button.tsx:25:13)

    console.log
      [Button] Props received: {
        variant: 'primary',
        size: 'lg',
        type: 'button',
        loading: false,
        disabled: true
      }

      at log (src/components/ui/Button.tsx:26:13)

    console.log
      [Button] Has onClick in props: true

      at log (src/components/ui/Button.tsx:27:13)

    console.log
      [Button] All props: {
        onClick: [Function: handleNavigate],
        'aria-label': 'Navigate to selected form'
      }

      at log (src/components/ui/Button.tsx:28:13)

    console.log
      [Button] Rendering with type: button

      at log (src/components/ui/Button.tsx:25:13)

    console.log
      [Button] Props received: {
        variant: 'primary',
        size: 'lg',
        type: 'button',
        loading: false,
        disabled: true
      }

      at log (src/components/ui/Button.tsx:26:13)

    console.log
      [Button] Has onClick in props: true

      at log (src/components/ui/Button.tsx:27:13)

    console.log
      [Button] All props: {
        onClick: [Function: handleNavigate],
        'aria-label': 'Navigate to selected form'
      }

      at log (src/components/ui/Button.tsx:28:13)

    console.log
      [Button] Rendering with type: button

      at log (src/components/ui/Button.tsx:25:13)

    console.log
      [Button] Props received: {
        variant: 'primary',
        size: 'lg',
        type: 'button',
        loading: false,
        disabled: true
      }

      at log (src/components/ui/Button.tsx:26:13)

    console.log
      [Button] Has onClick in props: true

      at log (src/components/ui/Button.tsx:27:13)

    console.log
      [Button] All props: {
        onClick: [Function: handleNavigate],
        'aria-label': 'Navigate to selected form'
      }

      at log (src/components/ui/Button.tsx:28:13)

    console.log
      [Button] Rendering with type: button

      at log (src/components/ui/Button.tsx:25:13)

    console.log
      [Button] Props received: {
        variant: 'primary',
        size: 'lg',
        type: 'button',
        loading: false,
        disabled: true
      }

      at log (src/components/ui/Button.tsx:26:13)

    console.log
      [Button] Has onClick in props: true

      at log (src/components/ui/Button.tsx:27:13)

    console.log
      [Button] All props: {
        onClick: [Function: handleNavigate],
        'aria-label': 'Navigate to selected form'
      }

      at log (src/components/ui/Button.tsx:28:13)

    console.log
      [Button] Rendering with type: button

      at log (src/components/ui/Button.tsx:25:13)

    console.log
      [Button] Props received: {
        variant: 'primary',
        size: 'lg',
        type: 'button',
        loading: false,
        disabled: true
      }

      at log (src/components/ui/Button.tsx:26:13)

    console.log
      [Button] Has onClick in props: true

      at log (src/components/ui/Button.tsx:27:13)

    console.log
      [Button] All props: {
        onClick: [Function: handleNavigate],
        'aria-label': 'Navigate to selected form'
      }

      at log (src/components/ui/Button.tsx:28:13)

    console.log
      [Button] Rendering with type: button

      at log (src/components/ui/Button.tsx:25:13)

    console.log
      [Button] Props received: {
        variant: 'primary',
        size: 'lg',
        type: 'button',
        loading: false,
        disabled: true
      }

      at log (src/components/ui/Button.tsx:26:13)

    console.log
      [Button] Has onClick in props: true

      at log (src/components/ui/Button.tsx:27:13)

    console.log
      [Button] All props: {
        onClick: [Function: handleNavigate],
        'aria-label': 'Navigate to selected form'
      }

      at log (src/components/ui/Button.tsx:28:13)

    console.log
      [Button] Rendering with type: button

      at log (src/components/ui/Button.tsx:25:13)

    console.log
      [Button] Props received: {
        variant: 'primary',
        size: 'lg',
        type: 'button',
        loading: false,
        disabled: true
      }

      at log (src/components/ui/Button.tsx:26:13)

    console.log
      [Button] Has onClick in props: true

      at log (src/components/ui/Button.tsx:27:13)

    console.log
      [Button] All props: {
        onClick: [Function: handleNavigate],
        'aria-label': 'Navigate to selected form'
      }

      at log (src/components/ui/Button.tsx:28:13)

    console.log
      [Button] Rendering with type: button

      at log (src/components/ui/Button.tsx:25:13)

    console.log
      [Button] Props received: {
        variant: 'primary',
        size: 'lg',
        type: 'button',
        loading: false,
        disabled: true
      }

      at log (src/components/ui/Button.tsx:26:13)

    console.log
      [Button] Has onClick in props: true

      at log (src/components/ui/Button.tsx:27:13)

    console.log
      [Button] All props: {
        onClick: [Function: handleNavigate],
        'aria-label': 'Navigate to selected form'
      }

      at log (src/components/ui/Button.tsx:28:13)

    console.log
      [Button] Rendering with type: button

      at log (src/components/ui/Button.tsx:25:13)

    console.log
      [Button] Props received: {
        variant: 'primary',
        size: 'lg',
        type: 'button',
        loading: false,
        disabled: true
      }

      at log (src/components/ui/Button.tsx:26:13)

    console.log
      [Button] Has onClick in props: true

      at log (src/components/ui/Button.tsx:27:13)

    console.log
      [Button] All props: {
        onClick: [Function: handleNavigate],
        'aria-label': 'Navigate to selected form'
      }

      at log (src/components/ui/Button.tsx:28:13)

    console.log
      [Button] Rendering with type: button

      at log (src/components/ui/Button.tsx:25:13)

    console.log
      [Button] Props received: {
        variant: 'primary',
        size: 'lg',
        type: 'button',
        loading: false,
        disabled: true
      }

      at log (src/components/ui/Button.tsx:26:13)

    console.log
      [Button] Has onClick in props: true

      at log (src/components/ui/Button.tsx:27:13)

    console.log
      [Button] All props: {
        onClick: [Function: handleNavigate],
        'aria-label': 'Navigate to selected form'
      }

      at log (src/components/ui/Button.tsx:28:13)

    console.log
      [Button] Rendering with type: button

      at log (src/components/ui/Button.tsx:25:13)

    console.log
      [Button] Props received: {
        variant: 'primary',
        size: 'lg',
        type: 'button',
        loading: false,
        disabled: true
      }

      at log (src/components/ui/Button.tsx:26:13)

    console.log
      [Button] Has onClick in props: true

      at log (src/components/ui/Button.tsx:27:13)

    console.log
      [Button] All props: {
        onClick: [Function: handleNavigate],
        'aria-label': 'Navigate to selected form'
      }

      at log (src/components/ui/Button.tsx:28:13)

    console.log
      [Button] Rendering with type: button

      at log (src/components/ui/Button.tsx:25:13)

    console.log
      [Button] Props received: {
        variant: 'primary',
        size: 'lg',
        type: 'button',
        loading: false,
        disabled: true
      }

      at log (src/components/ui/Button.tsx:26:13)

    console.log
      [Button] Has onClick in props: true

      at log (src/components/ui/Button.tsx:27:13)

    console.log
      [Button] All props: {
        onClick: [Function: handleNavigate],
        'aria-label': 'Navigate to selected form'
      }

      at log (src/components/ui/Button.tsx:28:13)

    console.log
      [Button] Rendering with type: button

      at log (src/components/ui/Button.tsx:25:13)

    console.log
      [Button] Props received: {
        variant: 'primary',
        size: 'lg',
        type: 'button',
        loading: false,
        disabled: true
      }

      at log (src/components/ui/Button.tsx:26:13)

    console.log
      [Button] Has onClick in props: true

      at log (src/components/ui/Button.tsx:27:13)

    console.log
      [Button] All props: {
        onClick: [Function: handleNavigate],
        'aria-label': 'Navigate to selected form'
      }

      at log (src/components/ui/Button.tsx:28:13)

    console.log
      [Button] Rendering with type: button

      at log (src/components/ui/Button.tsx:25:13)

    console.log
      [Button] Props received: {
        variant: 'primary',
        size: 'lg',
        type: 'button',
        loading: false,
        disabled: true
      }

      at log (src/components/ui/Button.tsx:26:13)

    console.log
      [Button] Has onClick in props: true

      at log (src/components/ui/Button.tsx:27:13)

    console.log
      [Button] All props: {
        onClick: [Function: handleNavigate],
        'aria-label': 'Navigate to selected form'
      }

      at log (src/components/ui/Button.tsx:28:13)

    console.log
      [Button] Rendering with type: button

      at log (src/components/ui/Button.tsx:25:13)

    console.log
      [Button] Props received: {
        variant: 'primary',
        size: 'lg',
        type: 'button',
        loading: false,
        disabled: true
      }

      at log (src/components/ui/Button.tsx:26:13)

    console.log
      [Button] Has onClick in props: true

      at log (src/components/ui/Button.tsx:27:13)

    console.log
      [Button] All props: {
        onClick: [Function: handleNavigate],
        'aria-label': 'Navigate to selected form'
      }

      at log (src/components/ui/Button.tsx:28:13)

    console.log
      [Button] Rendering with type: button

      at log (src/components/ui/Button.tsx:25:13)

    console.log
      [Button] Props received: {
        variant: 'primary',
        size: 'lg',
        type: 'button',
        loading: false,
        disabled: true
      }

      at log (src/components/ui/Button.tsx:26:13)

    console.log
      [Button] Has onClick in props: true

      at log (src/components/ui/Button.tsx:27:13)

    console.log
      [Button] All props: {
        onClick: [Function: handleNavigate],
        'aria-label': 'Navigate to selected form'
      }

      at log (src/components/ui/Button.tsx:28:13)

    console.log
      [Button] Rendering with type: button

      at log (src/components/ui/Button.tsx:25:13)

    console.log
      [Button] Props received: {
        variant: 'primary',
        size: 'lg',
        type: 'button',
        loading: false,
        disabled: true
      }

      at log (src/components/ui/Button.tsx:26:13)

    console.log
      [Button] Has onClick in props: true

      at log (src/components/ui/Button.tsx:27:13)

    console.log
      [Button] All props: {
        onClick: [Function: handleNavigate],
        'aria-label': 'Navigate to selected form'
      }

      at log (src/components/ui/Button.tsx:28:13)

    console.log
      [Button] Rendering with type: button

      at log (src/components/ui/Button.tsx:25:13)

    console.log
      [Button] Props received: {
        variant: 'primary',
        size: 'lg',
        type: 'button',
        loading: false,
        disabled: true
      }

      at log (src/components/ui/Button.tsx:26:13)

    console.log
      [Button] Has onClick in props: true

      at log (src/components/ui/Button.tsx:27:13)

    console.log
      [Button] All props: {
        onClick: [Function: handleNavigate],
        'aria-label': 'Navigate to selected form'
      }

      at log (src/components/ui/Button.tsx:28:13)

    console.log
      [Button] Rendering with type: button

      at log (src/components/ui/Button.tsx:25:13)

    console.log
      [Button] Props received: {
        variant: 'primary',
        size: 'lg',
        type: 'button',
        loading: false,
        disabled: true
      }

      at log (src/components/ui/Button.tsx:26:13)

    console.log
      [Button] Has onClick in props: true

      at log (src/components/ui/Button.tsx:27:13)

    console.log
      [Button] All props: {
        onClick: [Function: handleNavigate],
        'aria-label': 'Navigate to selected form'
      }

      at log (src/components/ui/Button.tsx:28:13)

    console.log
      [Button] Rendering with type: button

      at log (src/components/ui/Button.tsx:25:13)

    console.log
      [Button] Props received: {
        variant: 'primary',
        size: 'lg',
        type: 'button',
        loading: false,
        disabled: true
      }

      at log (src/components/ui/Button.tsx:26:13)

    console.log
      [Button] Has onClick in props: true

      at log (src/components/ui/Button.tsx:27:13)

    console.log
      [Button] All props: {
        onClick: [Function: handleNavigate],
        'aria-label': 'Navigate to selected form'
      }

      at log (src/components/ui/Button.tsx:28:13)

    console.log
      [Button] Rendering with type: button

      at log (src/components/ui/Button.tsx:25:13)

    console.log
      [Button] Props received: {
        variant: 'primary',
        size: 'lg',
        type: 'button',
        loading: false,
        disabled: true
      }

      at log (src/components/ui/Button.tsx:26:13)

    console.log
      [Button] Has onClick in props: true

      at log (src/components/ui/Button.tsx:27:13)

    console.log
      [Button] All props: {
        onClick: [Function: handleNavigate],
        'aria-label': 'Navigate to selected form'
      }

      at log (src/components/ui/Button.tsx:28:13)

    console.log
      [Button] Rendering with type: button

      at log (src/components/ui/Button.tsx:25:13)

    console.log
      [Button] Props received: {
        variant: 'primary',
        size: 'lg',
        type: 'button',
        loading: false,
        disabled: true
      }

      at log (src/components/ui/Button.tsx:26:13)

    console.log
      [Button] Has onClick in props: true

      at log (src/components/ui/Button.tsx:27:13)

    console.log
      [Button] All props: {
        onClick: [Function: handleNavigate],
        'aria-label': 'Navigate to selected form'
      }

      at log (src/components/ui/Button.tsx:28:13)

    console.log
      [Button] Rendering with type: button

      at log (src/components/ui/Button.tsx:25:13)

    console.log
      [Button] Props received: {
        variant: 'primary',
        size: 'lg',
        type: 'button',
        loading: false,
        disabled: true
      }

      at log (src/components/ui/Button.tsx:26:13)

    console.log
      [Button] Has onClick in props: true

      at log (src/components/ui/Button.tsx:27:13)

    console.log
      [Button] All props: {
        onClick: [Function: handleNavigate],
        'aria-label': 'Navigate to selected form'
      }

      at log (src/components/ui/Button.tsx:28:13)

    console.log
      [Button] Rendering with type: button

      at log (src/components/ui/Button.tsx:25:13)

    console.log
      [Button] Props received: {
        variant: 'primary',
        size: 'lg',
        type: 'button',
        loading: false,
        disabled: true
      }

      at log (src/components/ui/Button.tsx:26:13)

    console.log
      [Button] Has onClick in props: true

      at log (src/components/ui/Button.tsx:27:13)

    console.log
      [Button] All props: {
        onClick: [Function: handleNavigate],
        'aria-label': 'Navigate to selected form'
      }

      at log (src/components/ui/Button.tsx:28:13)

    console.log
      [Button] Rendering with type: button

      at log (src/components/ui/Button.tsx:25:13)

    console.log
      [Button] Props received: {
        variant: 'primary',
        size: 'lg',
        type: 'button',
        loading: false,
        disabled: true
      }

      at log (src/components/ui/Button.tsx:26:13)

    console.log
      [Button] Has onClick in props: true

      at log (src/components/ui/Button.tsx:27:13)

    console.log
      [Button] All props: {
        onClick: [Function: handleNavigate],
        'aria-label': 'Navigate to selected form'
      }

      at log (src/components/ui/Button.tsx:28:13)

    console.log
      [Button] Rendering with type: button

      at log (src/components/ui/Button.tsx:25:13)

    console.log
      [Button] Props received: {
        variant: 'primary',
        size: 'lg',
        type: 'button',
        loading: false,
        disabled: true
      }

      at log (src/components/ui/Button.tsx:26:13)

    console.log
      [Button] Has onClick in props: true

      at log (src/components/ui/Button.tsx:27:13)

    console.log
      [Button] All props: {
        onClick: [Function: handleNavigate],
        'aria-label': 'Navigate to selected form'
      }

      at log (src/components/ui/Button.tsx:28:13)

    console.log
      [Button] Rendering with type: button

      at log (src/components/ui/Button.tsx:25:13)

    console.log
      [Button] Props received: {
        variant: 'primary',
        size: 'lg',
        type: 'button',
        loading: false,
        disabled: true
      }

      at log (src/components/ui/Button.tsx:26:13)

    console.log
      [Button] Has onClick in props: true

      at log (src/components/ui/Button.tsx:27:13)

    console.log
      [Button] All props: {
        onClick: [Function: handleNavigate],
        'aria-label': 'Navigate to selected form'
      }

      at log (src/components/ui/Button.tsx:28:13)

    console.log
      [Button] Rendering with type: button

      at log (src/components/ui/Button.tsx:25:13)

    console.log
      [Button] Props received: {
        variant: 'primary',
        size: 'lg',
        type: 'button',
        loading: false,
        disabled: true
      }

      at log (src/components/ui/Button.tsx:26:13)

    console.log
      [Button] Has onClick in props: true

      at log (src/components/ui/Button.tsx:27:13)

    console.log
      [Button] All props: {
        onClick: [Function: handleNavigate],
        'aria-label': 'Navigate to selected form'
      }

      at log (src/components/ui/Button.tsx:28:13)

    console.log
      [Button] Rendering with type: button

      at log (src/components/ui/Button.tsx:25:13)

    console.log
      [Button] Props received: {
        variant: 'primary',
        size: 'lg',
        type: 'button',
        loading: false,
        disabled: true
      }

      at log (src/components/ui/Button.tsx:26:13)

    console.log
      [Button] Has onClick in props: true

      at log (src/components/ui/Button.tsx:27:13)

    console.log
      [Button] All props: {
        onClick: [Function: handleNavigate],
        'aria-label': 'Navigate to selected form'
      }

      at log (src/components/ui/Button.tsx:28:13)

    console.log
      [Button] Rendering with type: button

      at log (src/components/ui/Button.tsx:25:13)

    console.log
      [Button] Props received: {
        variant: 'primary',
        size: 'lg',
        type: 'button',
        loading: false,
        disabled: true
      }

      at log (src/components/ui/Button.tsx:26:13)

    console.log
      [Button] Has onClick in props: true

      at log (src/components/ui/Button.tsx:27:13)

    console.log
      [Button] All props: {
        onClick: [Function: handleNavigate],
        'aria-label': 'Navigate to selected form'
      }

      at log (src/components/ui/Button.tsx:28:13)

    console.log
      [Button] Rendering with type: button

      at log (src/components/ui/Button.tsx:25:13)

    console.log
      [Button] Props received: {
        variant: 'primary',
        size: 'lg',
        type: 'button',
        loading: false,
        disabled: true
      }

      at log (src/components/ui/Button.tsx:26:13)

    console.log
      [Button] Has onClick in props: true

      at log (src/components/ui/Button.tsx:27:13)

    console.log
      [Button] All props: {
        onClick: [Function: handleNavigate],
        'aria-label': 'Navigate to selected form'
      }

      at log (src/components/ui/Button.tsx:28:13)

    console.log
      [Button] Rendering with type: button

      at log (src/components/ui/Button.tsx:25:13)

    console.log
      [Button] Props received: {
        variant: 'primary',
        size: 'lg',
        type: 'button',
        loading: false,
        disabled: true
      }

      at log (src/components/ui/Button.tsx:26:13)

    console.log
      [Button] Has onClick in props: true

      at log (src/components/ui/Button.tsx:27:13)

    console.log
      [Button] All props: {
        onClick: [Function: handleNavigate],
        'aria-label': 'Navigate to selected form'
      }

      at log (src/components/ui/Button.tsx:28:13)

    console.log
      [Button] Rendering with type: button

      at log (src/components/ui/Button.tsx:25:13)

    console.log
      [Button] Props received: {
        variant: 'primary',
        size: 'lg',
        type: 'button',
        loading: false,
        disabled: true
      }

      at log (src/components/ui/Button.tsx:26:13)

    console.log
      [Button] Has onClick in props: true

      at log (src/components/ui/Button.tsx:27:13)

    console.log
      [Button] All props: {
        onClick: [Function: handleNavigate],
        'aria-label': 'Navigate to selected form'
      }

      at log (src/components/ui/Button.tsx:28:13)

    console.log
      [Button] Rendering with type: button

      at log (src/components/ui/Button.tsx:25:13)

    console.log
      [Button] Props received: {
        variant: 'primary',
        size: 'lg',
        type: 'button',
        loading: false,
        disabled: true
      }

      at log (src/components/ui/Button.tsx:26:13)

    console.log
      [Button] Has onClick in props: true

      at log (src/components/ui/Button.tsx:27:13)

    console.log
      [Button] All props: {
        onClick: [Function: handleNavigate],
        'aria-label': 'Navigate to selected form'
      }

      at log (src/components/ui/Button.tsx:28:13)

    console.log
      [Button] Rendering with type: button

      at log (src/components/ui/Button.tsx:25:13)

    console.log
      [Button] Props received: {
        variant: 'primary',
        size: 'lg',
        type: 'button',
        loading: false,
        disabled: true
      }

      at log (src/components/ui/Button.tsx:26:13)

    console.log
      [Button] Has onClick in props: true

      at log (src/components/ui/Button.tsx:27:13)

    console.log
      [Button] All props: {
        onClick: [Function: handleNavigate],
        'aria-label': 'Navigate to selected form'
      }

      at log (src/components/ui/Button.tsx:28:13)

    console.log
      [Button] Rendering with type: button

      at log (src/components/ui/Button.tsx:25:13)

    console.log
      [Button] Props received: {
        variant: 'primary',
        size: 'lg',
        type: 'button',
        loading: false,
        disabled: true
      }

      at log (src/components/ui/Button.tsx:26:13)

    console.log
      [Button] Has onClick in props: true

      at log (src/components/ui/Button.tsx:27:13)

    console.log
      [Button] All props: {
        onClick: [Function: handleNavigate],
        'aria-label': 'Navigate to selected form'
      }

      at log (src/components/ui/Button.tsx:28:13)

    console.log
      [Button] Rendering with type: button

      at log (src/components/ui/Button.tsx:25:13)

    console.log
      [Button] Props received: {
        variant: 'primary',
        size: 'lg',
        type: 'button',
        loading: false,
        disabled: true
      }

      at log (src/components/ui/Button.tsx:26:13)

    console.log
      [Button] Has onClick in props: true

      at log (src/components/ui/Button.tsx:27:13)

    console.log
      [Button] All props: {
        onClick: [Function: handleNavigate],
        'aria-label': 'Navigate to selected form'
      }

      at log (src/components/ui/Button.tsx:28:13)

    console.log
      [Button] Rendering with type: button

      at log (src/components/ui/Button.tsx:25:13)

    console.log
      [Button] Props received: {
        variant: 'primary',
        size: 'lg',
        type: 'button',
        loading: false,
        disabled: true
      }

      at log (src/components/ui/Button.tsx:26:13)

    console.log
      [Button] Has onClick in props: true

      at log (src/components/ui/Button.tsx:27:13)

    console.log
      [Button] All props: {
        onClick: [Function: handleNavigate],
        'aria-label': 'Navigate to selected form'
      }

      at log (src/components/ui/Button.tsx:28:13)

    console.log
      [Button] Rendering with type: button

      at log (src/components/ui/Button.tsx:25:13)

    console.log
      [Button] Props received: {
        variant: 'primary',
        size: 'lg',
        type: 'button',
        loading: false,
        disabled: true
      }

      at log (src/components/ui/Button.tsx:26:13)

    console.log
      [Button] Has onClick in props: true

      at log (src/components/ui/Button.tsx:27:13)

    console.log
      [Button] All props: {
        onClick: [Function: handleNavigate],
        'aria-label': 'Navigate to selected form'
      }

      at log (src/components/ui/Button.tsx:28:13)

    console.log
      [Button] Rendering with type: button

      at log (src/components/ui/Button.tsx:25:13)

    console.log
      [Button] Props received: {
        variant: 'primary',
        size: 'lg',
        type: 'button',
        loading: false,
        disabled: true
      }

      at log (src/components/ui/Button.tsx:26:13)

    console.log
      [Button] Has onClick in props: true

      at log (src/components/ui/Button.tsx:27:13)

    console.log
      [Button] All props: {
        onClick: [Function: handleNavigate],
        'aria-label': 'Navigate to selected form'
      }

      at log (src/components/ui/Button.tsx:28:13)

    console.log
      [Button] Rendering with type: button

      at log (src/components/ui/Button.tsx:25:13)

    console.log
      [Button] Props received: {
        variant: 'primary',
        size: 'lg',
        type: 'button',
        loading: false,
        disabled: true
      }

      at log (src/components/ui/Button.tsx:26:13)

    console.log
      [Button] Has onClick in props: true

      at log (src/components/ui/Button.tsx:27:13)

    console.log
      [Button] All props: {
        onClick: [Function: handleNavigate],
        'aria-label': 'Navigate to selected form'
      }

      at log (src/components/ui/Button.tsx:28:13)

    console.log
      [Button] Rendering with type: button

      at log (src/components/ui/Button.tsx:25:13)

    console.log
      [Button] Props received: {
        variant: 'primary',
        size: 'lg',
        type: 'button',
        loading: false,
        disabled: true
      }

      at log (src/components/ui/Button.tsx:26:13)

    console.log
      [Button] Has onClick in props: true

      at log (src/components/ui/Button.tsx:27:13)

    console.log
      [Button] All props: {
        onClick: [Function: handleNavigate],
        'aria-label': 'Navigate to selected form'
      }

      at log (src/components/ui/Button.tsx:28:13)

    console.log
      [Button] Rendering with type: button

      at log (src/components/ui/Button.tsx:25:13)

    console.log
      [Button] Props received: {
        variant: 'primary',
        size: 'lg',
        type: 'button',
        loading: false,
        disabled: true
      }

      at log (src/components/ui/Button.tsx:26:13)

    console.log
      [Button] Has onClick in props: true

      at log (src/components/ui/Button.tsx:27:13)

    console.log
      [Button] All props: {
        onClick: [Function: handleNavigate],
        'aria-label': 'Navigate to selected form'
      }

      at log (src/components/ui/Button.tsx:28:13)

    console.log
      [Button] Rendering with type: button

      at log (src/components/ui/Button.tsx:25:13)

    console.log
      [Button] Props received: {
        variant: 'primary',
        size: 'lg',
        type: 'button',
        loading: false,
        disabled: true
      }

      at log (src/components/ui/Button.tsx:26:13)

    console.log
      [Button] Has onClick in props: true

      at log (src/components/ui/Button.tsx:27:13)

    console.log
      [Button] All props: {
        onClick: [Function: handleNavigate],
        'aria-label': 'Navigate to selected form'
      }

      at log (src/components/ui/Button.tsx:28:13)

    console.log
      [Button] Rendering with type: button

      at log (src/components/ui/Button.tsx:25:13)

    console.log
      [Button] Props received: {
        variant: 'primary',
        size: 'lg',
        type: 'button',
        loading: false,
        disabled: true
      }

      at log (src/components/ui/Button.tsx:26:13)

    console.log
      [Button] Has onClick in props: true

      at log (src/components/ui/Button.tsx:27:13)

    console.log
      [Button] All props: {
        onClick: [Function: handleNavigate],
        'aria-label': 'Navigate to selected form'
      }

      at log (src/components/ui/Button.tsx:28:13)

    console.log
      [Button] Rendering with type: button

      at log (src/components/ui/Button.tsx:25:13)

    console.log
      [Button] Props received: {
        variant: 'primary',
        size: 'lg',
        type: 'button',
        loading: false,
        disabled: true
      }

      at log (src/components/ui/Button.tsx:26:13)

    console.log
      [Button] Has onClick in props: true

      at log (src/components/ui/Button.tsx:27:13)

    console.log
      [Button] All props: {
        onClick: [Function: handleNavigate],
        'aria-label': 'Navigate to selected form'
      }

      at log (src/components/ui/Button.tsx:28:13)

    console.log
      [Button] Rendering with type: button

      at log (src/components/ui/Button.tsx:25:13)

    console.log
      [Button] Props received: {
        variant: 'primary',
        size: 'lg',
        type: 'button',
        loading: false,
        disabled: true
      }

      at log (src/components/ui/Button.tsx:26:13)

    console.log
      [Button] Has onClick in props: true

      at log (src/components/ui/Button.tsx:27:13)

    console.log
      [Button] All props: {
        onClick: [Function: handleNavigate],
        'aria-label': 'Navigate to selected form'
      }

      at log (src/components/ui/Button.tsx:28:13)

    console.log
      [Button] Rendering with type: button

      at log (src/components/ui/Button.tsx:25:13)

    console.log
      [Button] Props received: {
        variant: 'primary',
        size: 'lg',
        type: 'button',
        loading: false,
        disabled: true
      }

      at log (src/components/ui/Button.tsx:26:13)

    console.log
      [Button] Has onClick in props: true

      at log (src/components/ui/Button.tsx:27:13)

    console.log
      [Button] All props: {
        onClick: [Function: handleNavigate],
        'aria-label': 'Navigate to selected form'
      }

      at log (src/components/ui/Button.tsx:28:13)

    console.log
      [Button] Rendering with type: button

      at log (src/components/ui/Button.tsx:25:13)

    console.log
      [Button] Props received: {
        variant: 'primary',
        size: 'lg',
        type: 'button',
        loading: false,
        disabled: true
      }

      at log (src/components/ui/Button.tsx:26:13)

    console.log
      [Button] Has onClick in props: true

      at log (src/components/ui/Button.tsx:27:13)

    console.log
      [Button] All props: {
        onClick: [Function: handleNavigate],
        'aria-label': 'Navigate to selected form'
      }

      at log (src/components/ui/Button.tsx:28:13)

    console.log
      [Button] Rendering with type: button

      at log (src/components/ui/Button.tsx:25:13)

    console.log
      [Button] Props received: {
        variant: 'primary',
        size: 'lg',
        type: 'button',
        loading: false,
        disabled: true
      }

      at log (src/components/ui/Button.tsx:26:13)

    console.log
      [Button] Has onClick in props: true

      at log (src/components/ui/Button.tsx:27:13)

    console.log
      [Button] All props: {
        onClick: [Function: handleNavigate],
        'aria-label': 'Navigate to selected form'
      }

      at log (src/components/ui/Button.tsx:28:13)

    console.log
      [Button] Rendering with type: button

      at log (src/components/ui/Button.tsx:25:13)

    console.log
      [Button] Props received: {
        variant: 'primary',
        size: 'lg',
        type: 'button',
        loading: false,
        disabled: true
      }

      at log (src/components/ui/Button.tsx:26:13)

    console.log
      [Button] Has onClick in props: true

      at log (src/components/ui/Button.tsx:27:13)

    console.log
      [Button] All props: {
        onClick: [Function: handleNavigate],
        'aria-label': 'Navigate to selected form'
      }

      at log (src/components/ui/Button.tsx:28:13)

    console.log
      [Button] Rendering with type: button

      at log (src/components/ui/Button.tsx:25:13)

    console.log
      [Button] Props received: {
        variant: 'primary',
        size: 'lg',
        type: 'button',
        loading: false,
        disabled: true
      }

      at log (src/components/ui/Button.tsx:26:13)

    console.log
      [Button] Has onClick in props: true

      at log (src/components/ui/Button.tsx:27:13)

    console.log
      [Button] All props: {
        onClick: [Function: handleNavigate],
        'aria-label': 'Navigate to selected form'
      }

      at log (src/components/ui/Button.tsx:28:13)

    console.log
      [Button] Rendering with type: button

      at log (src/components/ui/Button.tsx:25:13)

    console.log
      [Button] Props received: {
        variant: 'primary',
        size: 'lg',
        type: 'button',
        loading: false,
        disabled: true
      }

      at log (src/components/ui/Button.tsx:26:13)

    console.log
      [Button] Has onClick in props: true

      at log (src/components/ui/Button.tsx:27:13)

    console.log
      [Button] All props: {
        onClick: [Function: handleNavigate],
        'aria-label': 'Navigate to selected form'
      }

      at log (src/components/ui/Button.tsx:28:13)

    console.log
      [Button] Rendering with type: button

      at log (src/components/ui/Button.tsx:25:13)

    console.log
      [Button] Props received: {
        variant: 'primary',
        size: 'lg',
        type: 'button',
        loading: false,
        disabled: true
      }

      at log (src/components/ui/Button.tsx:26:13)

    console.log
      [Button] Has onClick in props: true

      at log (src/components/ui/Button.tsx:27:13)

    console.log
      [Button] All props: {
        onClick: [Function: handleNavigate],
        'aria-label': 'Navigate to selected form'
      }

      at log (src/components/ui/Button.tsx:28:13)

    console.log
      [Button] Rendering with type: button

      at log (src/components/ui/Button.tsx:25:13)

    console.log
      [Button] Props received: {
        variant: 'primary',
        size: 'lg',
        type: 'button',
        loading: false,
        disabled: true
      }

      at log (src/components/ui/Button.tsx:26:13)

    console.log
      [Button] Has onClick in props: true

      at log (src/components/ui/Button.tsx:27:13)

    console.log
      [Button] All props: {
        onClick: [Function: handleNavigate],
        'aria-label': 'Navigate to selected form'
      }

      at log (src/components/ui/Button.tsx:28:13)

    console.log
      [Button] Rendering with type: button

      at log (src/components/ui/Button.tsx:25:13)

    console.log
      [Button] Props received: {
        variant: 'primary',
        size: 'lg',
        type: 'button',
        loading: false,
        disabled: true
      }

      at log (src/components/ui/Button.tsx:26:13)

    console.log
      [Button] Has onClick in props: true

      at log (src/components/ui/Button.tsx:27:13)

    console.log
      [Button] All props: {
        onClick: [Function: handleNavigate],
        'aria-label': 'Navigate to selected form'
      }

      at log (src/components/ui/Button.tsx:28:13)

    console.log
      [Button] Rendering with type: button

      at log (src/components/ui/Button.tsx:25:13)

    console.log
      [Button] Props received: {
        variant: 'primary',
        size: 'lg',
        type: 'button',
        loading: false,
        disabled: true
      }

      at log (src/components/ui/Button.tsx:26:13)

    console.log
      [Button] Has onClick in props: true

      at log (src/components/ui/Button.tsx:27:13)

    console.log
      [Button] All props: {
        onClick: [Function: handleNavigate],
        'aria-label': 'Navigate to selected form'
      }

      at log (src/components/ui/Button.tsx:28:13)

    console.log
      [Button] Rendering with type: button

      at log (src/components/ui/Button.tsx:25:13)

    console.log
      [Button] Props received: {
        variant: 'primary',
        size: 'lg',
        type: 'button',
        loading: false,
        disabled: true
      }

      at log (src/components/ui/Button.tsx:26:13)

    console.log
      [Button] Has onClick in props: true

      at log (src/components/ui/Button.tsx:27:13)

    console.log
      [Button] All props: {
        onClick: [Function: handleNavigate],
        'aria-label': 'Navigate to selected form'
      }

      at log (src/components/ui/Button.tsx:28:13)

    console.log
      [Button] Rendering with type: button

      at log (src/components/ui/Button.tsx:25:13)

    console.log
      [Button] Props received: {
        variant: 'primary',
        size: 'lg',
        type: 'button',
        loading: false,
        disabled: true
      }

      at log (src/components/ui/Button.tsx:26:13)

    console.log
      [Button] Has onClick in props: true

      at log (src/components/ui/Button.tsx:27:13)

    console.log
      [Button] All props: {
        onClick: [Function: handleNavigate],
        'aria-label': 'Navigate to selected form'
      }

      at log (src/components/ui/Button.tsx:28:13)

    console.log
      [Button] Rendering with type: button

      at log (src/components/ui/Button.tsx:25:13)

    console.log
      [Button] Props received: {
        variant: 'primary',
        size: 'lg',
        type: 'button',
        loading: false,
        disabled: true
      }

      at log (src/components/ui/Button.tsx:26:13)

    console.log
      [Button] Has onClick in props: true

      at log (src/components/ui/Button.tsx:27:13)

    console.log
      [Button] All props: {
        onClick: [Function: handleNavigate],
        'aria-label': 'Navigate to selected form'
      }

      at log (src/components/ui/Button.tsx:28:13)

    console.log
      [Button] Rendering with type: button

      at log (src/components/ui/Button.tsx:25:13)

    console.log
      [Button] Props received: {
        variant: 'primary',
        size: 'lg',
        type: 'button',
        loading: false,
        disabled: true
      }

      at log (src/components/ui/Button.tsx:26:13)

    console.log
      [Button] Has onClick in props: true

      at log (src/components/ui/Button.tsx:27:13)

    console.log
      [Button] All props: {
        onClick: [Function: handleNavigate],
        'aria-label': 'Navigate to selected form'
      }

      at log (src/components/ui/Button.tsx:28:13)

    console.log
      [Button] Rendering with type: button

      at log (src/components/ui/Button.tsx:25:13)

    console.log
      [Button] Props received: {
        variant: 'primary',
        size: 'lg',
        type: 'button',
        loading: false,
        disabled: true
      }

      at log (src/components/ui/Button.tsx:26:13)

    console.log
      [Button] Has onClick in props: true

      at log (src/components/ui/Button.tsx:27:13)

    console.log
      [Button] All props: {
        onClick: [Function: handleNavigate],
        'aria-label': 'Navigate to selected form'
      }

      at log (src/components/ui/Button.tsx:28:13)

    console.log
      [Button] Rendering with type: button

      at log (src/components/ui/Button.tsx:25:13)

    console.log
      [Button] Props received: {
        variant: 'primary',
        size: 'lg',
        type: 'button',
        loading: false,
        disabled: true
      }

      at log (src/components/ui/Button.tsx:26:13)

    console.log
      [Button] Has onClick in props: true

      at log (src/components/ui/Button.tsx:27:13)

    console.log
      [Button] All props: {
        onClick: [Function: handleNavigate],
        'aria-label': 'Navigate to selected form'
      }

      at log (src/components/ui/Button.tsx:28:13)

    console.log
      [Button] Rendering with type: button

      at log (src/components/ui/Button.tsx:25:13)

    console.log
      [Button] Props received: {
        variant: 'primary',
        size: 'lg',
        type: 'button',
        loading: false,
        disabled: true
      }

      at log (src/components/ui/Button.tsx:26:13)

    console.log
      [Button] Has onClick in props: true

      at log (src/components/ui/Button.tsx:27:13)

    console.log
      [Button] All props: {
        onClick: [Function: handleNavigate],
        'aria-label': 'Navigate to selected form'
      }

      at log (src/components/ui/Button.tsx:28:13)

    console.log
      [Button] Rendering with type: button

      at log (src/components/ui/Button.tsx:25:13)

    console.log
      [Button] Props received: {
        variant: 'primary',
        size: 'lg',
        type: 'button',
        loading: false,
        disabled: true
      }

      at log (src/components/ui/Button.tsx:26:13)

    console.log
      [Button] Has onClick in props: true

      at log (src/components/ui/Button.tsx:27:13)

    console.log
      [Button] All props: {
        onClick: [Function: handleNavigate],
        'aria-label': 'Navigate to selected form'
      }

      at log (src/components/ui/Button.tsx:28:13)

    console.log
      [Button] Rendering with type: button

      at log (src/components/ui/Button.tsx:25:13)

    console.log
      [Button] Props received: {
        variant: 'primary',
        size: 'lg',
        type: 'button',
        loading: false,
        disabled: true
      }

      at log (src/components/ui/Button.tsx:26:13)

    console.log
      [Button] Has onClick in props: true

      at log (src/components/ui/Button.tsx:27:13)

    console.log
      [Button] All props: {
        onClick: [Function: handleNavigate],
        'aria-label': 'Navigate to selected form'
      }

      at log (src/components/ui/Button.tsx:28:13)

    console.log
      [Button] Rendering with type: button

      at log (src/components/ui/Button.tsx:25:13)

    console.log
      [Button] Props received: {
        variant: 'primary',
        size: 'lg',
        type: 'button',
        loading: false,
        disabled: true
      }

      at log (src/components/ui/Button.tsx:26:13)

    console.log
      [Button] Has onClick in props: true

      at log (src/components/ui/Button.tsx:27:13)

    console.log
      [Button] All props: {
        onClick: [Function: handleNavigate],
        'aria-label': 'Navigate to selected form'
      }

      at log (src/components/ui/Button.tsx:28:13)

    console.log
      [Button] Rendering with type: button

      at log (src/components/ui/Button.tsx:25:13)

    console.log
      [Button] Props received: {
        variant: 'primary',
        size: 'lg',
        type: 'button',
        loading: false,
        disabled: true
      }

      at log (src/components/ui/Button.tsx:26:13)

    console.log
      [Button] Has onClick in props: true

      at log (src/components/ui/Button.tsx:27:13)

    console.log
      [Button] All props: {
        onClick: [Function: handleNavigate],
        'aria-label': 'Navigate to selected form'
      }

      at log (src/components/ui/Button.tsx:28:13)

    console.log
      [Button] Rendering with type: button

      at log (src/components/ui/Button.tsx:25:13)

    console.log
      [Button] Props received: {
        variant: 'primary',
        size: 'lg',
        type: 'button',
        loading: false,
        disabled: true
      }

      at log (src/components/ui/Button.tsx:26:13)

    console.log
      [Button] Has onClick in props: true

      at log (src/components/ui/Button.tsx:27:13)

    console.log
      [Button] All props: {
        onClick: [Function: handleNavigate],
        'aria-label': 'Navigate to selected form'
      }

      at log (src/components/ui/Button.tsx:28:13)

    console.log
      [Button] Rendering with type: button

      at log (src/components/ui/Button.tsx:25:13)

    console.log
      [Button] Props received: {
        variant: 'primary',
        size: 'lg',
        type: 'button',
        loading: false,
        disabled: true
      }

      at log (src/components/ui/Button.tsx:26:13)

    console.log
      [Button] Has onClick in props: true

      at log (src/components/ui/Button.tsx:27:13)

    console.log
      [Button] All props: {
        onClick: [Function: handleNavigate],
        'aria-label': 'Navigate to selected form'
      }

      at log (src/components/ui/Button.tsx:28:13)

    console.log
      [Button] Rendering with type: button

      at log (src/components/ui/Button.tsx:25:13)

    console.log
      [Button] Props received: {
        variant: 'primary',
        size: 'lg',
        type: 'button',
        loading: false,
        disabled: true
      }

      at log (src/components/ui/Button.tsx:26:13)

    console.log
      [Button] Has onClick in props: true

      at log (src/components/ui/Button.tsx:27:13)

    console.log
      [Button] All props: {
        onClick: [Function: handleNavigate],
        'aria-label': 'Navigate to selected form'
      }

      at log (src/components/ui/Button.tsx:28:13)

    console.log
      [Button] Rendering with type: button

      at log (src/components/ui/Button.tsx:25:13)

    console.log
      [Button] Props received: {
        variant: 'primary',
        size: 'lg',
        type: 'button',
        loading: false,
        disabled: true
      }

      at log (src/components/ui/Button.tsx:26:13)

    console.log
      [Button] Has onClick in props: true

      at log (src/components/ui/Button.tsx:27:13)

    console.log
      [Button] All props: {
        onClick: [Function: handleNavigate],
        'aria-label': 'Navigate to selected form'
      }

      at log (src/components/ui/Button.tsx:28:13)

    console.log
      [Button] Rendering with type: button

      at log (src/components/ui/Button.tsx:25:13)

    console.log
      [Button] Props received: {
        variant: 'primary',
        size: 'lg',
        type: 'button',
        loading: false,
        disabled: true
      }

      at log (src/components/ui/Button.tsx:26:13)

    console.log
      [Button] Has onClick in props: true

      at log (src/components/ui/Button.tsx:27:13)

    console.log
      [Button] All props: {
        onClick: [Function: handleNavigate],
        'aria-label': 'Navigate to selected form'
      }

      at log (src/components/ui/Button.tsx:28:13)

    console.log
      [Button] Rendering with type: button

      at log (src/components/ui/Button.tsx:25:13)

    console.log
      [Button] Props received: {
        variant: 'primary',
        size: 'lg',
        type: 'button',
        loading: false,
        disabled: true
      }

      at log (src/components/ui/Button.tsx:26:13)

    console.log
      [Button] Has onClick in props: true

      at log (src/components/ui/Button.tsx:27:13)

    console.log
      [Button] All props: {
        onClick: [Function: handleNavigate],
        'aria-label': 'Navigate to selected form'
      }

      at log (src/components/ui/Button.tsx:28:13)

    console.log
      [Button] Rendering with type: button

      at log (src/components/ui/Button.tsx:25:13)

    console.log
      [Button] Props received: {
        variant: 'primary',
        size: 'lg',
        type: 'button',
        loading: false,
        disabled: true
      }

      at log (src/components/ui/Button.tsx:26:13)

    console.log
      [Button] Has onClick in props: true

      at log (src/components/ui/Button.tsx:27:13)

    console.log
      [Button] All props: {
        onClick: [Function: handleNavigate],
        'aria-label': 'Navigate to selected form'
      }

      at log (src/components/ui/Button.tsx:28:13)

    console.log
      [Button] Rendering with type: button

      at log (src/components/ui/Button.tsx:25:13)

    console.log
      [Button] Props received: {
        variant: 'primary',
        size: 'lg',
        type: 'button',
        loading: false,
        disabled: true
      }

      at log (src/components/ui/Button.tsx:26:13)

    console.log
      [Button] Has onClick in props: true

      at log (src/components/ui/Button.tsx:27:13)

    console.log
      [Button] All props: {
        onClick: [Function: handleNavigate],
        'aria-label': 'Navigate to selected form'
      }

      at log (src/components/ui/Button.tsx:28:13)

    console.log
      [Button] Rendering with type: button

      at log (src/components/ui/Button.tsx:25:13)

    console.log
      [Button] Props received: {
        variant: 'primary',
        size: 'lg',
        type: 'button',
        loading: false,
        disabled: true
      }

      at log (src/components/ui/Button.tsx:26:13)

    console.log
      [Button] Has onClick in props: true

      at log (src/components/ui/Button.tsx:27:13)

    console.log
      [Button] All props: {
        onClick: [Function: handleNavigate],
        'aria-label': 'Navigate to selected form'
      }

      at log (src/components/ui/Button.tsx:28:13)

    console.log
      [Button] Rendering with type: button

      at log (src/components/ui/Button.tsx:25:13)

    console.log
      [Button] Props received: {
        variant: 'primary',
        size: 'lg',
        type: 'button',
        loading: false,
        disabled: true
      }

      at log (src/components/ui/Button.tsx:26:13)

    console.log
      [Button] Has onClick in props: true

      at log (src/components/ui/Button.tsx:27:13)

    console.log
      [Button] All props: {
        onClick: [Function: handleNavigate],
        'aria-label': 'Navigate to selected form'
      }

      at log (src/components/ui/Button.tsx:28:13)

    console.log
      [Button] Rendering with type: button

      at log (src/components/ui/Button.tsx:25:13)

    console.log
      [Button] Props received: {
        variant: 'primary',
        size: 'lg',
        type: 'button',
        loading: false,
        disabled: true
      }

      at log (src/components/ui/Button.tsx:26:13)

    console.log
      [Button] Has onClick in props: true

      at log (src/components/ui/Button.tsx:27:13)

    console.log
      [Button] All props: {
        onClick: [Function: handleNavigate],
        'aria-label': 'Navigate to selected form'
      }

      at log (src/components/ui/Button.tsx:28:13)

    console.log
      [Button] Rendering with type: button

      at log (src/components/ui/Button.tsx:25:13)

    console.log
      [Button] Props received: {
        variant: 'primary',
        size: 'lg',
        type: 'button',
        loading: false,
        disabled: true
      }

      at log (src/components/ui/Button.tsx:26:13)

    console.log
      [Button] Has onClick in props: true

      at log (src/components/ui/Button.tsx:27:13)

    console.log
      [Button] All props: {
        onClick: [Function: handleNavigate],
        'aria-label': 'Navigate to selected form'
      }

      at log (src/components/ui/Button.tsx:28:13)

    console.log
      [Button] Rendering with type: button

      at log (src/components/ui/Button.tsx:25:13)

    console.log
      [Button] Props received: {
        variant: 'primary',
        size: 'lg',
        type: 'button',
        loading: false,
        disabled: true
      }

      at log (src/components/ui/Button.tsx:26:13)

    console.log
      [Button] Has onClick in props: true

      at log (src/components/ui/Button.tsx:27:13)

    console.log
      [Button] All props: {
        onClick: [Function: handleNavigate],
        'aria-label': 'Navigate to selected form'
      }

      at log (src/components/ui/Button.tsx:28:13)

    console.log
      [Button] Rendering with type: button

      at log (src/components/ui/Button.tsx:25:13)

    console.log
      [Button] Props received: {
        variant: 'primary',
        size: 'lg',
        type: 'button',
        loading: false,
        disabled: true
      }

      at log (src/components/ui/Button.tsx:26:13)

    console.log
      [Button] Has onClick in props: true

      at log (src/components/ui/Button.tsx:27:13)

    console.log
      [Button] All props: {
        onClick: [Function: handleNavigate],
        'aria-label': 'Navigate to selected form'
      }

      at log (src/components/ui/Button.tsx:28:13)

    console.log
      [Button] Rendering with type: button

      at log (src/components/ui/Button.tsx:25:13)

    console.log
      [Button] Props received: {
        variant: 'primary',
        size: 'lg',
        type: 'button',
        loading: false,
        disabled: true
      }

      at log (src/components/ui/Button.tsx:26:13)

    console.log
      [Button] Has onClick in props: true

      at log (src/components/ui/Button.tsx:27:13)

    console.log
      [Button] All props: {
        onClick: [Function: handleNavigate],
        'aria-label': 'Navigate to selected form'
      }

      at log (src/components/ui/Button.tsx:28:13)

    console.log
      [Button] Rendering with type: button

      at log (src/components/ui/Button.tsx:25:13)

    console.log
      [Button] Props received: {
        variant: 'primary',
        size: 'lg',
        type: 'button',
        loading: false,
        disabled: true
      }

      at log (src/components/ui/Button.tsx:26:13)

    console.log
      [Button] Has onClick in props: true

      at log (src/components/ui/Button.tsx:27:13)

    console.log
      [Button] All props: {
        onClick: [Function: handleNavigate],
        'aria-label': 'Navigate to selected form'
      }

      at log (src/components/ui/Button.tsx:28:13)

    console.log
      [Button] Rendering with type: button

      at log (src/components/ui/Button.tsx:25:13)

    console.log
      [Button] Props received: {
        variant: 'primary',
        size: 'lg',
        type: 'button',
        loading: false,
        disabled: true
      }

      at log (src/components/ui/Button.tsx:26:13)

    console.log
      [Button] Has onClick in props: true

      at log (src/components/ui/Button.tsx:27:13)

    console.log
      [Button] All props: {
        onClick: [Function: handleNavigate],
        'aria-label': 'Navigate to selected form'
      }

      at log (src/components/ui/Button.tsx:28:13)

    console.log
      [Button] Rendering with type: button

      at log (src/components/ui/Button.tsx:25:13)

    console.log
      [Button] Props received: {
        variant: 'primary',
        size: 'lg',
        type: 'button',
        loading: false,
        disabled: true
      }

      at log (src/components/ui/Button.tsx:26:13)

    console.log
      [Button] Has onClick in props: true

      at log (src/components/ui/Button.tsx:27:13)

    console.log
      [Button] All props: {
        onClick: [Function: handleNavigate],
        'aria-label': 'Navigate to selected form'
      }

      at log (src/components/ui/Button.tsx:28:13)

    console.log
      [Button] Rendering with type: button

      at log (src/components/ui/Button.tsx:25:13)

    console.log
      [Button] Props received: {
        variant: 'primary',
        size: 'lg',
        type: 'button',
        loading: false,
        disabled: true
      }

      at log (src/components/ui/Button.tsx:26:13)

    console.log
      [Button] Has onClick in props: true

      at log (src/components/ui/Button.tsx:27:13)

    console.log
      [Button] All props: {
        onClick: [Function: handleNavigate],
        'aria-label': 'Navigate to selected form'
      }

      at log (src/components/ui/Button.tsx:28:13)

    console.log
      [Button] Rendering with type: button

      at log (src/components/ui/Button.tsx:25:13)

    console.log
      [Button] Props received: {
        variant: 'primary',
        size: 'lg',
        type: 'button',
        loading: false,
        disabled: true
      }

      at log (src/components/ui/Button.tsx:26:13)

    console.log
      [Button] Has onClick in props: true

      at log (src/components/ui/Button.tsx:27:13)

    console.log
      [Button] All props: {
        onClick: [Function: handleNavigate],
        'aria-label': 'Navigate to selected form'
      }

      at log (src/components/ui/Button.tsx:28:13)

    console.log
      [Button] Rendering with type: button

      at log (src/components/ui/Button.tsx:25:13)

    console.log
      [Button] Props received: {
        variant: 'primary',
        size: 'lg',
        type: 'button',
        loading: false,
        disabled: true
      }

      at log (src/components/ui/Button.tsx:26:13)

    console.log
      [Button] Has onClick in props: true

      at log (src/components/ui/Button.tsx:27:13)

    console.log
      [Button] All props: {
        onClick: [Function: handleNavigate],
        'aria-label': 'Navigate to selected form'
      }

      at log (src/components/ui/Button.tsx:28:13)

    console.log
      [Button] Rendering with type: button

      at log (src/components/ui/Button.tsx:25:13)

    console.log
      [Button] Props received: {
        variant: 'primary',
        size: 'lg',
        type: 'button',
        loading: false,
        disabled: true
      }

      at log (src/components/ui/Button.tsx:26:13)

    console.log
      [Button] Has onClick in props: true

      at log (src/components/ui/Button.tsx:27:13)

    console.log
      [Button] All props: {
        onClick: [Function: handleNavigate],
        'aria-label': 'Navigate to selected form'
      }

      at log (src/components/ui/Button.tsx:28:13)

    console.log
      [Button] Rendering with type: button

      at log (src/components/ui/Button.tsx:25:13)

    console.log
      [Button] Props received: {
        variant: 'primary',
        size: 'lg',
        type: 'button',
        loading: false,
        disabled: true
      }

      at log (src/components/ui/Button.tsx:26:13)

    console.log
      [Button] Has onClick in props: true

      at log (src/components/ui/Button.tsx:27:13)

    console.log
      [Button] All props: {
        onClick: [Function: handleNavigate],
        'aria-label': 'Navigate to selected form'
      }

      at log (src/components/ui/Button.tsx:28:13)

    console.log
      [Button] Rendering with type: button

      at log (src/components/ui/Button.tsx:25:13)

    console.log
      [Button] Props received: {
        variant: 'primary',
        size: 'lg',
        type: 'button',
        loading: false,
        disabled: true
      }

      at log (src/components/ui/Button.tsx:26:13)

    console.log
      [Button] Has onClick in props: true

      at log (src/components/ui/Button.tsx:27:13)

    console.log
      [Button] All props: {
        onClick: [Function: handleNavigate],
        'aria-label': 'Navigate to selected form'
      }

      at log (src/components/ui/Button.tsx:28:13)

    console.log
      [Button] Rendering with type: button

      at log (src/components/ui/Button.tsx:25:13)

    console.log
      [Button] Props received: {
        variant: 'primary',
        size: 'lg',
        type: 'button',
        loading: false,
        disabled: true
      }

      at log (src/components/ui/Button.tsx:26:13)

    console.log
      [Button] Has onClick in props: true

      at log (src/components/ui/Button.tsx:27:13)

    console.log
      [Button] All props: {
        onClick: [Function: handleNavigate],
        'aria-label': 'Navigate to selected form'
      }

      at log (src/components/ui/Button.tsx:28:13)

    console.log
      [Button] Rendering with type: button

      at log (src/components/ui/Button.tsx:25:13)

    console.log
      [Button] Props received: {
        variant: 'primary',
        size: 'lg',
        type: 'button',
        loading: false,
        disabled: true
      }

      at log (src/components/ui/Button.tsx:26:13)

    console.log
      [Button] Has onClick in props: true

      at log (src/components/ui/Button.tsx:27:13)

    console.log
      [Button] All props: {
        onClick: [Function: handleNavigate],
        'aria-label': 'Navigate to selected form'
      }

      at log (src/components/ui/Button.tsx:28:13)

    console.log
      [Button] Rendering with type: button

      at log (src/components/ui/Button.tsx:25:13)

    console.log
      [Button] Props received: {
        variant: 'primary',
        size: 'lg',
        type: 'button',
        loading: false,
        disabled: true
      }

      at log (src/components/ui/Button.tsx:26:13)

    console.log
      [Button] Has onClick in props: true

      at log (src/components/ui/Button.tsx:27:13)

    console.log
      [Button] All props: {
        onClick: [Function: handleNavigate],
        'aria-label': 'Navigate to selected form'
      }

      at log (src/components/ui/Button.tsx:28:13)

    console.log
      [Button] Rendering with type: button

      at log (src/components/ui/Button.tsx:25:13)

    console.log
      [Button] Props received: {
        variant: 'primary',
        size: 'lg',
        type: 'button',
        loading: false,
        disabled: true
      }

      at log (src/components/ui/Button.tsx:26:13)

    console.log
      [Button] Has onClick in props: true

      at log (src/components/ui/Button.tsx:27:13)

    console.log
      [Button] All props: {
        onClick: [Function: handleNavigate],
        'aria-label': 'Navigate to selected form'
      }

      at log (src/components/ui/Button.tsx:28:13)

    console.log
      [Button] Rendering with type: button

      at log (src/components/ui/Button.tsx:25:13)

    console.log
      [Button] Props received: {
        variant: 'primary',
        size: 'lg',
        type: 'button',
        loading: false,
        disabled: true
      }

      at log (src/components/ui/Button.tsx:26:13)

    console.log
      [Button] Has onClick in props: true

      at log (src/components/ui/Button.tsx:27:13)

    console.log
      [Button] All props: {
        onClick: [Function: handleNavigate],
        'aria-label': 'Navigate to selected form'
      }

      at log (src/components/ui/Button.tsx:28:13)

    console.log
      [Button] Rendering with type: button

      at log (src/components/ui/Button.tsx:25:13)

    console.log
      [Button] Props received: {
        variant: 'primary',
        size: 'lg',
        type: 'button',
        loading: false,
        disabled: true
      }

      at log (src/components/ui/Button.tsx:26:13)

    console.log
      [Button] Has onClick in props: true

      at log (src/components/ui/Button.tsx:27:13)

    console.log
      [Button] All props: {
        onClick: [Function: handleNavigate],
        'aria-label': 'Navigate to selected form'
      }

      at log (src/components/ui/Button.tsx:28:13)

    console.log
      [Button] Rendering with type: button

      at log (src/components/ui/Button.tsx:25:13)

    console.log
      [Button] Props received: {
        variant: 'primary',
        size: 'lg',
        type: 'button',
        loading: false,
        disabled: true
      }

      at log (src/components/ui/Button.tsx:26:13)

    console.log
      [Button] Has onClick in props: true

      at log (src/components/ui/Button.tsx:27:13)

    console.log
      [Button] All props: {
        onClick: [Function: handleNavigate],
        'aria-label': 'Navigate to selected form'
      }

      at log (src/components/ui/Button.tsx:28:13)

    console.log
      [Button] Rendering with type: button

      at log (src/components/ui/Button.tsx:25:13)

    console.log
      [Button] Props received: {
        variant: 'primary',
        size: 'lg',
        type: 'button',
        loading: false,
        disabled: true
      }

      at log (src/components/ui/Button.tsx:26:13)

    console.log
      [Button] Has onClick in props: true

      at log (src/components/ui/Button.tsx:27:13)

    console.log
      [Button] All props: {
        onClick: [Function: handleNavigate],
        'aria-label': 'Navigate to selected form'
      }

      at log (src/components/ui/Button.tsx:28:13)

    console.log
      [Button] Rendering with type: button

      at log (src/components/ui/Button.tsx:25:13)

    console.log
      [Button] Props received: {
        variant: 'primary',
        size: 'lg',
        type: 'button',
        loading: false,
        disabled: true
      }

      at log (src/components/ui/Button.tsx:26:13)

    console.log
      [Button] Has onClick in props: true

      at log (src/components/ui/Button.tsx:27:13)

    console.log
      [Button] All props: {
        onClick: [Function: handleNavigate],
        'aria-label': 'Navigate to selected form'
      }

      at log (src/components/ui/Button.tsx:28:13)

    console.log
      [Button] Rendering with type: button

      at log (src/components/ui/Button.tsx:25:13)

    console.log
      [Button] Props received: {
        variant: 'primary',
        size: 'lg',
        type: 'button',
        loading: false,
        disabled: true
      }

      at log (src/components/ui/Button.tsx:26:13)

    console.log
      [Button] Has onClick in props: true

      at log (src/components/ui/Button.tsx:27:13)

    console.log
      [Button] All props: {
        onClick: [Function: handleNavigate],
        'aria-label': 'Navigate to selected form'
      }

      at log (src/components/ui/Button.tsx:28:13)

    console.log
      [Button] Rendering with type: button

      at log (src/components/ui/Button.tsx:25:13)

    console.log
      [Button] Props received: {
        variant: 'primary',
        size: 'lg',
        type: 'button',
        loading: false,
        disabled: true
      }

      at log (src/components/ui/Button.tsx:26:13)

    console.log
      [Button] Has onClick in props: true

      at log (src/components/ui/Button.tsx:27:13)

    console.log
      [Button] All props: {
        onClick: [Function: handleNavigate],
        'aria-label': 'Navigate to selected form'
      }

      at log (src/components/ui/Button.tsx:28:13)

    console.log
      [Button] Rendering with type: button

      at log (src/components/ui/Button.tsx:25:13)

    console.log
      [Button] Props received: {
        variant: 'primary',
        size: 'lg',
        type: 'button',
        loading: false,
        disabled: true
      }

      at log (src/components/ui/Button.tsx:26:13)

    console.log
      [Button] Has onClick in props: true

      at log (src/components/ui/Button.tsx:27:13)

    console.log
      [Button] All props: {
        onClick: [Function: handleNavigate],
        'aria-label': 'Navigate to selected form'
      }

      at log (src/components/ui/Button.tsx:28:13)

    console.log
      [Button] Rendering with type: button

      at log (src/components/ui/Button.tsx:25:13)

    console.log
      [Button] Props received: {
        variant: 'primary',
        size: 'lg',
        type: 'button',
        loading: false,
        disabled: true
      }

      at log (src/components/ui/Button.tsx:26:13)

    console.log
      [Button] Has onClick in props: true

      at log (src/components/ui/Button.tsx:27:13)

    console.log
      [Button] All props: {
        onClick: [Function: handleNavigate],
        'aria-label': 'Navigate to selected form'
      }

      at log (src/components/ui/Button.tsx:28:13)

    console.log
      [Button] Rendering with type: button

      at log (src/components/ui/Button.tsx:25:13)

    console.log
      [Button] Props received: {
        variant: 'primary',
        size: 'lg',
        type: 'button',
        loading: false,
        disabled: true
      }

      at log (src/components/ui/Button.tsx:26:13)

    console.log
      [Button] Has onClick in props: true

      at log (src/components/ui/Button.tsx:27:13)

    console.log
      [Button] All props: {
        onClick: [Function: handleNavigate],
        'aria-label': 'Navigate to selected form'
      }

      at log (src/components/ui/Button.tsx:28:13)

    console.log
      [Button] Rendering with type: button

      at log (src/components/ui/Button.tsx:25:13)

    console.log
      [Button] Props received: {
        variant: 'primary',
        size: 'lg',
        type: 'button',
        loading: false,
        disabled: true
      }

      at log (src/components/ui/Button.tsx:26:13)

    console.log
      [Button] Has onClick in props: true

      at log (src/components/ui/Button.tsx:27:13)

    console.log
      [Button] All props: {
        onClick: [Function: handleNavigate],
        'aria-label': 'Navigate to selected form'
      }

      at log (src/components/ui/Button.tsx:28:13)

    console.log
      [Button] Rendering with type: button

      at log (src/components/ui/Button.tsx:25:13)

    console.log
      [Button] Props received: {
        variant: 'primary',
        size: 'lg',
        type: 'button',
        loading: false,
        disabled: true
      }

      at log (src/components/ui/Button.tsx:26:13)

    console.log
      [Button] Has onClick in props: true

      at log (src/components/ui/Button.tsx:27:13)

    console.log
      [Button] All props: {
        onClick: [Function: handleNavigate],
        'aria-label': 'Navigate to selected form'
      }

      at log (src/components/ui/Button.tsx:28:13)

    console.log
      [Button] Rendering with type: button

      at log (src/components/ui/Button.tsx:25:13)

    console.log
      [Button] Props received: {
        variant: 'primary',
        size: 'lg',
        type: 'button',
        loading: false,
        disabled: true
      }

      at log (src/components/ui/Button.tsx:26:13)

    console.log
      [Button] Has onClick in props: true

      at log (src/components/ui/Button.tsx:27:13)

    console.log
      [Button] All props: {
        onClick: [Function: handleNavigate],
        'aria-label': 'Navigate to selected form'
      }

      at log (src/components/ui/Button.tsx:28:13)

    console.log
      [Button] Rendering with type: button

      at log (src/components/ui/Button.tsx:25:13)

    console.log
      [Button] Props received: {
        variant: 'primary',
        size: 'lg',
        type: 'button',
        loading: false,
        disabled: true
      }

      at log (src/components/ui/Button.tsx:26:13)

    console.log
      [Button] Has onClick in props: true

      at log (src/components/ui/Button.tsx:27:13)

    console.log
      [Button] All props: {
        onClick: [Function: handleNavigate],
        'aria-label': 'Navigate to selected form'
      }

      at log (src/components/ui/Button.tsx:28:13)

    console.log
      [Button] Rendering with type: button

      at log (src/components/ui/Button.tsx:25:13)

    console.log
      [Button] Props received: {
        variant: 'primary',
        size: 'lg',
        type: 'button',
        loading: false,
        disabled: true
      }

      at log (src/components/ui/Button.tsx:26:13)

    console.log
      [Button] Has onClick in props: true

      at log (src/components/ui/Button.tsx:27:13)

    console.log
      [Button] All props: {
        onClick: [Function: handleNavigate],
        'aria-label': 'Navigate to selected form'
      }

      at log (src/components/ui/Button.tsx:28:13)

    console.log
      [Button] Rendering with type: button

      at log (src/components/ui/Button.tsx:25:13)

    console.log
      [Button] Props received: {
        variant: 'primary',
        size: 'lg',
        type: 'button',
        loading: false,
        disabled: true
      }

      at log (src/components/ui/Button.tsx:26:13)

    console.log
      [Button] Has onClick in props: true

      at log (src/components/ui/Button.tsx:27:13)

    console.log
      [Button] All props: {
        onClick: [Function: handleNavigate],
        'aria-label': 'Navigate to selected form'
      }

      at log (src/components/ui/Button.tsx:28:13)

    console.log
      [Button] Rendering with type: button

      at log (src/components/ui/Button.tsx:25:13)

    console.log
      [Button] Props received: {
        variant: 'primary',
        size: 'lg',
        type: 'button',
        loading: false,
        disabled: true
      }

      at log (src/components/ui/Button.tsx:26:13)

    console.log
      [Button] Has onClick in props: true

      at log (src/components/ui/Button.tsx:27:13)

    console.log
      [Button] All props: {
        onClick: [Function: handleNavigate],
        'aria-label': 'Navigate to selected form'
      }

      at log (src/components/ui/Button.tsx:28:13)

    console.log
      [Button] Rendering with type: button

      at log (src/components/ui/Button.tsx:25:13)

    console.log
      [Button] Props received: {
        variant: 'primary',
        size: 'lg',
        type: 'button',
        loading: false,
        disabled: true
      }

      at log (src/components/ui/Button.tsx:26:13)

    console.log
      [Button] Has onClick in props: true

      at log (src/components/ui/Button.tsx:27:13)

    console.log
      [Button] All props: {
        onClick: [Function: handleNavigate],
        'aria-label': 'Navigate to selected form'
      }

      at log (src/components/ui/Button.tsx:28:13)

    console.log
      [Button] Rendering with type: button

      at log (src/components/ui/Button.tsx:25:13)

    console.log
      [Button] Props received: {
        variant: 'primary',
        size: 'lg',
        type: 'button',
        loading: false,
        disabled: true
      }

      at log (src/components/ui/Button.tsx:26:13)

    console.log
      [Button] Has onClick in props: true

      at log (src/components/ui/Button.tsx:27:13)

    console.log
      [Button] All props: {
        onClick: [Function: handleNavigate],
        'aria-label': 'Navigate to selected form'
      }

      at log (src/components/ui/Button.tsx:28:13)

    console.log
      [Button] Rendering with type: button

      at log (src/components/ui/Button.tsx:25:13)

    console.log
      [Button] Props received: {
        variant: 'primary',
        size: 'lg',
        type: 'button',
        loading: false,
        disabled: true
      }

      at log (src/components/ui/Button.tsx:26:13)

    console.log
      [Button] Has onClick in props: true

      at log (src/components/ui/Button.tsx:27:13)

    console.log
      [Button] All props: {
        onClick: [Function: handleNavigate],
        'aria-label': 'Navigate to selected form'
      }

      at log (src/components/ui/Button.tsx:28:13)

    console.log
      [Button] Rendering with type: button

      at log (src/components/ui/Button.tsx:25:13)

    console.log
      [Button] Props received: {
        variant: 'primary',
        size: 'lg',
        type: 'button',
        loading: false,
        disabled: true
      }

      at log (src/components/ui/Button.tsx:26:13)

    console.log
      [Button] Has onClick in props: true

      at log (src/components/ui/Button.tsx:27:13)

    console.log
      [Button] All props: {
        onClick: [Function: handleNavigate],
        'aria-label': 'Navigate to selected form'
      }

      at log (src/components/ui/Button.tsx:28:13)

    console.log
      [Button] Rendering with type: button

      at log (src/components/ui/Button.tsx:25:13)

    console.log
      [Button] Props received: {
        variant: 'primary',
        size: 'lg',
        type: 'button',
        loading: false,
        disabled: true
      }

      at log (src/components/ui/Button.tsx:26:13)

    console.log
      [Button] Has onClick in props: true

      at log (src/components/ui/Button.tsx:27:13)

    console.log
      [Button] All props: {
        onClick: [Function: handleNavigate],
        'aria-label': 'Navigate to selected form'
      }

      at log (src/components/ui/Button.tsx:28:13)

    console.log
      [Button] Rendering with type: button

      at log (src/components/ui/Button.tsx:25:13)

    console.log
      [Button] Props received: {
        variant: 'primary',
        size: 'lg',
        type: 'button',
        loading: false,
        disabled: true
      }

      at log (src/components/ui/Button.tsx:26:13)

    console.log
      [Button] Has onClick in props: true

      at log (src/components/ui/Button.tsx:27:13)

    console.log
      [Button] All props: {
        onClick: [Function: handleNavigate],
        'aria-label': 'Navigate to selected form'
      }

      at log (src/components/ui/Button.tsx:28:13)

    console.log
      [Button] Rendering with type: button

      at log (src/components/ui/Button.tsx:25:13)

    console.log
      [Button] Props received: {
        variant: 'primary',
        size: 'lg',
        type: 'button',
        loading: false,
        disabled: true
      }

      at log (src/components/ui/Button.tsx:26:13)

    console.log
      [Button] Has onClick in props: true

      at log (src/components/ui/Button.tsx:27:13)

    console.log
      [Button] All props: {
        onClick: [Function: handleNavigate],
        'aria-label': 'Navigate to selected form'
      }

      at log (src/components/ui/Button.tsx:28:13)

    console.log
      [Button] Rendering with type: button

      at log (src/components/ui/Button.tsx:25:13)

    console.log
      [Button] Props received: {
        variant: 'primary',
        size: 'lg',
        type: 'button',
        loading: false,
        disabled: true
      }

      at log (src/components/ui/Button.tsx:26:13)

    console.log
      [Button] Has onClick in props: true

      at log (src/components/ui/Button.tsx:27:13)

    console.log
      [Button] All props: {
        onClick: [Function: handleNavigate],
        'aria-label': 'Navigate to selected form'
      }

      at log (src/components/ui/Button.tsx:28:13)

    console.log
      [Button] Rendering with type: button

      at log (src/components/ui/Button.tsx:25:13)

    console.log
      [Button] Props received: {
        variant: 'primary',
        size: 'lg',
        type: 'button',
        loading: false,
        disabled: true
      }

      at log (src/components/ui/Button.tsx:26:13)

    console.log
      [Button] Has onClick in props: true

      at log (src/components/ui/Button.tsx:27:13)

    console.log
      [Button] All props: {
        onClick: [Function: handleNavigate],
        'aria-label': 'Navigate to selected form'
      }

      at log (src/components/ui/Button.tsx:28:13)

    console.log
      [Button] Rendering with type: button

      at log (src/components/ui/Button.tsx:25:13)

    console.log
      [Button] Props received: {
        variant: 'primary',
        size: 'lg',
        type: 'button',
        loading: false,
        disabled: true
      }

      at log (src/components/ui/Button.tsx:26:13)

    console.log
      [Button] Has onClick in props: true

      at log (src/components/ui/Button.tsx:27:13)

    console.log
      [Button] All props: {
        onClick: [Function: handleNavigate],
        'aria-label': 'Navigate to selected form'
      }

      at log (src/components/ui/Button.tsx:28:13)

    console.log
      [Button] Rendering with type: button

      at log (src/components/ui/Button.tsx:25:13)

    console.log
      [Button] Props received: {
        variant: 'primary',
        size: 'lg',
        type: 'button',
        loading: false,
        disabled: true
      }

      at log (src/components/ui/Button.tsx:26:13)

    console.log
      [Button] Has onClick in props: true

      at log (src/components/ui/Button.tsx:27:13)

    console.log
      [Button] All props: {
        onClick: [Function: handleNavigate],
        'aria-label': 'Navigate to selected form'
      }

      at log (src/components/ui/Button.tsx:28:13)

    console.log
      [Button] Rendering with type: button

      at log (src/components/ui/Button.tsx:25:13)

    console.log
      [Button] Props received: {
        variant: 'primary',
        size: 'lg',
        type: 'button',
        loading: false,
        disabled: true
      }

      at log (src/components/ui/Button.tsx:26:13)

    console.log
      [Button] Has onClick in props: true

      at log (src/components/ui/Button.tsx:27:13)

    console.log
      [Button] All props: {
        onClick: [Function: handleNavigate],
        'aria-label': 'Navigate to selected form'
      }

      at log (src/components/ui/Button.tsx:28:13)

    console.log
      [Button] Rendering with type: button

      at log (src/components/ui/Button.tsx:25:13)

    console.log
      [Button] Props received: {
        variant: 'primary',
        size: 'lg',
        type: 'button',
        loading: false,
        disabled: true
      }

      at log (src/components/ui/Button.tsx:26:13)

    console.log
      [Button] Has onClick in props: true

      at log (src/components/ui/Button.tsx:27:13)

    console.log
      [Button] All props: {
        onClick: [Function: handleNavigate],
        'aria-label': 'Navigate to selected form'
      }

      at log (src/components/ui/Button.tsx:28:13)

    console.log
      [Button] Rendering with type: button

      at log (src/components/ui/Button.tsx:25:13)

    console.log
      [Button] Props received: {
        variant: 'primary',
        size: 'lg',
        type: 'button',
        loading: false,
        disabled: true
      }

      at log (src/components/ui/Button.tsx:26:13)

    console.log
      [Button] Has onClick in props: true

      at log (src/components/ui/Button.tsx:27:13)

    console.log
      [Button] All props: {
        onClick: [Function: handleNavigate],
        'aria-label': 'Navigate to selected form'
      }

      at log (src/components/ui/Button.tsx:28:13)

    console.log
      [Button] Rendering with type: button

      at log (src/components/ui/Button.tsx:25:13)

    console.log
      [Button] Props received: {
        variant: 'primary',
        size: 'lg',
        type: 'button',
        loading: false,
        disabled: true
      }

      at log (src/components/ui/Button.tsx:26:13)

    console.log
      [Button] Has onClick in props: true

      at log (src/components/ui/Button.tsx:27:13)

    console.log
      [Button] All props: {
        onClick: [Function: handleNavigate],
        'aria-label': 'Navigate to selected form'
      }

      at log (src/components/ui/Button.tsx:28:13)

    console.log
      [Button] Rendering with type: button

      at log (src/components/ui/Button.tsx:25:13)

    console.log
      [Button] Props received: {
        variant: 'primary',
        size: 'lg',
        type: 'button',
        loading: false,
        disabled: true
      }

      at log (src/components/ui/Button.tsx:26:13)

    console.log
      [Button] Has onClick in props: true

      at log (src/components/ui/Button.tsx:27:13)

    console.log
      [Button] All props: {
        onClick: [Function: handleNavigate],
        'aria-label': 'Navigate to selected form'
      }

      at log (src/components/ui/Button.tsx:28:13)

    console.log
      [Button] Rendering with type: button

      at log (src/components/ui/Button.tsx:25:13)

    console.log
      [Button] Props received: {
        variant: 'primary',
        size: 'lg',
        type: 'button',
        loading: false,
        disabled: true
      }

      at log (src/components/ui/Button.tsx:26:13)

    console.log
      [Button] Has onClick in props: true

      at log (src/components/ui/Button.tsx:27:13)

    console.log
      [Button] All props: {
        onClick: [Function: handleNavigate],
        'aria-label': 'Navigate to selected form'
      }

      at log (src/components/ui/Button.tsx:28:13)

    console.log
      [Button] Rendering with type: button

      at log (src/components/ui/Button.tsx:25:13)

    console.log
      [Button] Props received: {
        variant: 'primary',
        size: 'lg',
        type: 'button',
        loading: false,
        disabled: true
      }

      at log (src/components/ui/Button.tsx:26:13)

    console.log
      [Button] Has onClick in props: true

      at log (src/components/ui/Button.tsx:27:13)

    console.log
      [Button] All props: {
        onClick: [Function: handleNavigate],
        'aria-label': 'Navigate to selected form'
      }

      at log (src/components/ui/Button.tsx:28:13)

    console.log
      [Button] Rendering with type: button

      at log (src/components/ui/Button.tsx:25:13)

    console.log
      [Button] Props received: {
        variant: 'primary',
        size: 'lg',
        type: 'button',
        loading: false,
        disabled: true
      }

      at log (src/components/ui/Button.tsx:26:13)

    console.log
      [Button] Has onClick in props: true

      at log (src/components/ui/Button.tsx:27:13)

    console.log
      [Button] All props: {
        onClick: [Function: handleNavigate],
        'aria-label': 'Navigate to selected form'
      }

      at log (src/components/ui/Button.tsx:28:13)

    console.log
      [Button] Rendering with type: button

      at log (src/components/ui/Button.tsx:25:13)

    console.log
      [Button] Props received: {
        variant: 'primary',
        size: 'lg',
        type: 'button',
        loading: false,
        disabled: true
      }

      at log (src/components/ui/Button.tsx:26:13)

    console.log
      [Button] Has onClick in props: true

      at log (src/components/ui/Button.tsx:27:13)

    console.log
      [Button] All props: {
        onClick: [Function: handleNavigate],
        'aria-label': 'Navigate to selected form'
      }

      at log (src/components/ui/Button.tsx:28:13)

    console.log
      [Button] Rendering with type: button

      at log (src/components/ui/Button.tsx:25:13)

    console.log
      [Button] Props received: {
        variant: 'primary',
        size: 'lg',
        type: 'button',
        loading: false,
        disabled: true
      }

      at log (src/components/ui/Button.tsx:26:13)

    console.log
      [Button] Has onClick in props: true

      at log (src/components/ui/Button.tsx:27:13)

    console.log
      [Button] All props: {
        onClick: [Function: handleNavigate],
        'aria-label': 'Navigate to selected form'
      }

      at log (src/components/ui/Button.tsx:28:13)

    console.log
      [Button] Rendering with type: button

      at log (src/components/ui/Button.tsx:25:13)

    console.log
      [Button] Props received: {
        variant: 'primary',
        size: 'lg',
        type: 'button',
        loading: false,
        disabled: true
      }

      at log (src/components/ui/Button.tsx:26:13)

    console.log
      [Button] Has onClick in props: true

      at log (src/components/ui/Button.tsx:27:13)

    console.log
      [Button] All props: {
        onClick: [Function: handleNavigate],
        'aria-label': 'Navigate to selected form'
      }

      at log (src/components/ui/Button.tsx:28:13)

    console.log
      [Button] Rendering with type: button

      at log (src/components/ui/Button.tsx:25:13)

    console.log
      [Button] Props received: {
        variant: 'primary',
        size: 'lg',
        type: 'button',
        loading: false,
        disabled: true
      }

      at log (src/components/ui/Button.tsx:26:13)

    console.log
      [Button] Has onClick in props: true

      at log (src/components/ui/Button.tsx:27:13)

    console.log
      [Button] All props: {
        onClick: [Function: handleNavigate],
        'aria-label': 'Navigate to selected form'
      }

      at log (src/components/ui/Button.tsx:28:13)

    console.log
      [Button] Rendering with type: button

      at log (src/components/ui/Button.tsx:25:13)

    console.log
      [Button] Props received: {
        variant: 'primary',
        size: 'lg',
        type: 'button',
        loading: false,
        disabled: true
      }

      at log (src/components/ui/Button.tsx:26:13)

    console.log
      [Button] Has onClick in props: true

      at log (src/components/ui/Button.tsx:27:13)

    console.log
      [Button] All props: {
        onClick: [Function: handleNavigate],
        'aria-label': 'Navigate to selected form'
      }

      at log (src/components/ui/Button.tsx:28:13)

    console.log
      [Button] Rendering with type: button

      at log (src/components/ui/Button.tsx:25:13)

    console.log
      [Button] Props received: {
        variant: 'primary',
        size: 'lg',
        type: 'button',
        loading: false,
        disabled: true
      }

      at log (src/components/ui/Button.tsx:26:13)

    console.log
      [Button] Has onClick in props: true

      at log (src/components/ui/Button.tsx:27:13)

    console.log
      [Button] All props: {
        onClick: [Function: handleNavigate],
        'aria-label': 'Navigate to selected form'
      }

      at log (src/components/ui/Button.tsx:28:13)

    console.log
      [Button] Rendering with type: button

      at log (src/components/ui/Button.tsx:25:13)

    console.log
      [Button] Props received: {
        variant: 'primary',
        size: 'lg',
        type: 'button',
        loading: false,
        disabled: true
      }

      at log (src/components/ui/Button.tsx:26:13)

    console.log
      [Button] Has onClick in props: true

      at log (src/components/ui/Button.tsx:27:13)

    console.log
      [Button] All props: {
        onClick: [Function: handleNavigate],
        'aria-label': 'Navigate to selected form'
      }

      at log (src/components/ui/Button.tsx:28:13)

    console.log
      [Button] Rendering with type: button

      at log (src/components/ui/Button.tsx:25:13)

    console.log
      [Button] Props received: {
        variant: 'primary',
        size: 'lg',
        type: 'button',
        loading: false,
        disabled: true
      }

      at log (src/components/ui/Button.tsx:26:13)

    console.log
      [Button] Has onClick in props: true

      at log (src/components/ui/Button.tsx:27:13)

    console.log
      [Button] All props: {
        onClick: [Function: handleNavigate],
        'aria-label': 'Navigate to selected form'
      }

      at log (src/components/ui/Button.tsx:28:13)

    console.log
      [Button] Rendering with type: button

      at log (src/components/ui/Button.tsx:25:13)

    console.log
      [Button] Props received: {
        variant: 'primary',
        size: 'lg',
        type: 'button',
        loading: false,
        disabled: true
      }

      at log (src/components/ui/Button.tsx:26:13)

    console.log
      [Button] Has onClick in props: true

      at log (src/components/ui/Button.tsx:27:13)

    console.log
      [Button] All props: {
        onClick: [Function: handleNavigate],
        'aria-label': 'Navigate to selected form'
      }

      at log (src/components/ui/Button.tsx:28:13)

PASS src/app/login/page.test.tsx
FAIL src/components/LoginForm.integration.test.tsx
  ● LoginForm - Integration Tests (Fix Form Submission) › 6.1: Login form submission flow › should complete full flow from button click to API call to navigation

    expect(jest.fn()).toHaveBeenCalledWith(...expected)

    - Expected
    + Received

      {"email": "test@example.com", "password": "SecurePass123!"},
      [Function anonymous],
    + "7ffda455-f024-4b12-a58b-1c023a6d90f6",

    Number of calls: 1

    Ignored nodes: comments, script, style
    [36m<html>[39m
      [36m<head />[39m
      [36m<body>[39m
        [36m<div>[39m
          [36m<form[39m
            [33mclass[39m=[32m"space-y-6"[39m
            [33mnovalidate[39m=[32m""[39m
          [36m>[39m
            [36m<div>[39m
              [36m<label[39m
                [33mclass[39m=[32m"block text-sm font-medium text-gray-700 mb-1.5"[39m
                [33mfor[39m=[32m"email"[39m
              [36m>[39m
                [0mEmail Address[0m
              [36m</label>[39m
              [36m<input[39m
                [33maria-invalid[39m=[32m"false"[39m
                [33maria-label[39m=[32m"Email Address"[39m
                [33maria-required[39m=[32m"true"[39m
                [33mautocomplete[39m=[32m"email"[39m
                [33mclass[39m=[32m"w-full px-3 py-2 rounded-md border text-gray-900 transition-colors duration-200 placeholder:text-gray-400 focus:outline-none focus:ring-2 focus:ring-offset-2 focus-visible:outline-none focus-visible:ring-2 focus-visible:ring-offset-2 min-h-[44px] text-base md:min-h-[40px] md:text-sm border-gray-300 focus:ring-blue-500 focus:border-blue-500 focus-visible:ring-blue-500"[39m
                [33mid[39m=[32m"email"[39m
                [33mname[39m=[32m"email"[39m
                [33mtype[39m=[32m"email"[39m
              [36m/>[39m
            [36m</div>[39m
            [36m<div>[39m
              [36m<label[39m
                [33mclass[39m=[32m"block text-sm font-medium text-gray-700 mb-1.5"[39m
                [33mfor[39m=[32m"password"[39m
              [36m>[39m
                [0mPassword[0m
              [36m</label>[39m
              [36m<div[39m
                [33mclass[39m=[32m"relative"[39m
              [36m>[39m
                [36m<input[39m
                  [33maria-invalid[39m=[32m"false"[39m
                  [33maria-label[39m=[32m"Password"[39m
                  [33maria-required[39m=[32m"true"[39m
                  [33mautocomplete[39m=[32m"current-password"[39m
                  [33mclass[39m=[32m"w-full px-3 py-2 pr-12 rounded-md border text-gray-900 transition-colors duration-200 placeholder:text-gray-400 focus:outline-none focus:ring-2 focus:ring-offset-2 focus-visible:outline-none focus-visible:ring-2 focus-visible:ring-offset-2 min-h-[44px] text-base md:min-h-[40px] md:text-sm border-gray-300 focus:ring-blue-500 focus:border-blue-500 focus-visible:ring-blue-500"[39m
                  [33mid[39m=[32m"password"[39m
                  [33mname[39m=[32m"password"[39m
                  [33mtype[39m=[32m"password"[39m
                [36m/>[39m
                [36m<button[39m
                  [33maria-label[39m=[32m"Show password"[39m
                  [33maria-pressed[39m=[32m"false"[39m
                  [33mclass[39m=[32m"absolute right-2 top-1/2 -translate-y-1/2 p-2 rounded-md z-10 min-w-[44px] min-h-[44px] md:min-w-[36px] md:min-h-[36px] hover:bg-gray-100 transition-colors duration-200 focus:outline-none focus:ring-2 focus:ring-blue-500 focus:ring-offset-2 focus-visible:outline-none focus-visible:ring-2 focus-visible:ring-blue-500 focus-visible:ring-offset-2"[39m
                  [33mtype[39m=[32m"button"[39m
                [36m>[39m
                  [36m<svg[39m
                    [33maria-hidden[39m=[32m"true"[39m
                    [33mclass[39m=[32m"w-5 h-5 text-gray-600"[39m
                    [33mfill[39m=[32m"none"[39m
                    [33mstroke[39m=[32m"currentColor"[39m
                    [33mstyle[39m=[32m"pointer-events: none;"[39m
                    [33mviewBox[39m=[32m"0 0 24 24"[39m
                  [36m>[39m
                    [36m<path[39m
                      [33md[39m=[32m"M15 12a3 3 0 11-6 0 3 3 0 016 0z"[39m
                      [33mstroke-linecap[39m=[32m"round"[39m
                      [33mstroke-linejoin[39m=[32m"round"[39m
                      [33mstroke-width[39m=[32m"2"[39m
                      [33mstyle[39m=[32m"pointer-events: none;"[39m
                    [36m/>[39m
                    [36m<path[39m
                      [33md[39m=[32m"M2.458 12C3.732 7.943 7.523 5 12 5c4.478 0 8.268 2.943 9.542 7-1.274 4.057-5.064 7-9.542 7-4.477 0-8.268-2.943-9.542-7z"[39m
                      [33mstroke-linecap[39m=[32m"round"[39m
                      [33mstroke-linejoin[39m=[32m"round"[39m
                      [33mstroke-width[39m=[32m"2"[39m
                      [33mstyle[39m=[32m"pointer-events: none;"[39m
                    [36m/>[39m
                  [36m</svg>[39m
                [36m</button>[39m
              [36m</div>[39m
            [36m</div>[39m
            [36m<button[39m
              [33maria-busy[39m=[32m"false"[39m
              [33mclass[39m=[32m"inline-flex items-center justify-center rounded-md font-medium transition-colors focus-visible:outline-none focus-visible:ring-2 focus-visible:ring-offset-2 disabled:pointer-events-none disabled:opacity-50 focus:outline-none focus:ring-2 focus:ring-offset-2 bg-blue-600 text-white hover:bg-blue-700 active:bg-blue-800 focus-visible:ring-blue-500 focus:ring-blue-500 h-12 px-6 text-lg w-full min-h-[44px] md:min-h-[48px]"[39m
              [33mtype[39m=[32m"submit"[39m
            [36m>[39m
              [0mSign In[0m
            [36m</button>[39m
          [36m</form>[39m
        [36m</div>[39m
      [36m</body>[39m
    [36m</html>[39m

      89 |       // Verify API client was called with correct credentials and status callback
      90 |       await waitFor(() => {
    > 91 |         expect(authService.login).toHaveBeenCalledWith(
         |                                   ^
      92 |           {
      93 |             email: 'test@example.com',
      94 |             password: 'SecurePass123!',

      at toHaveBeenCalledWith (src/components/LoginForm.integration.test.tsx:91:35)
      at runWithExpensiveErrorDiagnosticsDisabled (node_modules/@testing-library/dom/dist/config.js:47:12)
      at checkCallback (node_modules/@testing-library/dom/dist/wait-for.js:124:77)
      at checkRealTimersCallback (node_modules/@testing-library/dom/dist/wait-for.js:118:16)
      at Timeout.task [as _onTimeout] (node_modules/jsdom/lib/jsdom/browser/Window.js:579:19)

  ● LoginForm - Integration Tests (Fix Form Submission) › 6.1: Login form submission flow › should trigger form submission when submit button is clicked

    expect(jest.fn()).toHaveBeenCalledWith(...expected)

    - Expected
    + Received

      {"email": "test@example.com", "password": "SecurePass123!"},
      [Function anonymous],
    + "05a56249-7d2e-43ae-8751-a04c09fed606",

    Number of calls: 1

    Ignored nodes: comments, script, style
    [36m<html>[39m
      [36m<head />[39m
      [36m<body>[39m
        [36m<div>[39m
          [36m<form[39m
            [33mclass[39m=[32m"space-y-6"[39m
            [33mnovalidate[39m=[32m""[39m
          [36m>[39m
            [36m<div>[39m
              [36m<label[39m
                [33mclass[39m=[32m"block text-sm font-medium text-gray-700 mb-1.5"[39m
                [33mfor[39m=[32m"email"[39m
              [36m>[39m
                [0mEmail Address[0m
              [36m</label>[39m
              [36m<input[39m
                [33maria-invalid[39m=[32m"false"[39m
                [33maria-label[39m=[32m"Email Address"[39m
                [33maria-required[39m=[32m"true"[39m
                [33mautocomplete[39m=[32m"email"[39m
                [33mclass[39m=[32m"w-full px-3 py-2 rounded-md border text-gray-900 transition-colors duration-200 placeholder:text-gray-400 focus:outline-none focus:ring-2 focus:ring-offset-2 focus-visible:outline-none focus-visible:ring-2 focus-visible:ring-offset-2 min-h-[44px] text-base md:min-h-[40px] md:text-sm border-gray-300 focus:ring-blue-500 focus:border-blue-500 focus-visible:ring-blue-500"[39m
                [33mid[39m=[32m"email"[39m
                [33mname[39m=[32m"email"[39m
                [33mtype[39m=[32m"email"[39m
              [36m/>[39m
            [36m</div>[39m
            [36m<div>[39m
              [36m<label[39m
                [33mclass[39m=[32m"block text-sm font-medium text-gray-700 mb-1.5"[39m
                [33mfor[39m=[32m"password"[39m
              [36m>[39m
                [0mPassword[0m
              [36m</label>[39m
              [36m<div[39m
                [33mclass[39m=[32m"relative"[39m
              [36m>[39m
                [36m<input[39m
                  [33maria-invalid[39m=[32m"false"[39m
                  [33maria-label[39m=[32m"Password"[39m
                  [33maria-required[39m=[32m"true"[39m
                  [33mautocomplete[39m=[32m"current-password"[39m
                  [33mclass[39m=[32m"w-full px-3 py-2 pr-12 rounded-md border text-gray-900 transition-colors duration-200 placeholder:text-gray-400 focus:outline-none focus:ring-2 focus:ring-offset-2 focus-visible:outline-none focus-visible:ring-2 focus-visible:ring-offset-2 min-h-[44px] text-base md:min-h-[40px] md:text-sm border-gray-300 focus:ring-blue-500 focus:border-blue-500 focus-visible:ring-blue-500"[39m
                  [33mid[39m=[32m"password"[39m
                  [33mname[39m=[32m"password"[39m
                  [33mtype[39m=[32m"password"[39m
                [36m/>[39m
                [36m<button[39m
                  [33maria-label[39m=[32m"Show password"[39m
                  [33maria-pressed[39m=[32m"false"[39m
                  [33mclass[39m=[32m"absolute right-2 top-1/2 -translate-y-1/2 p-2 rounded-md z-10 min-w-[44px] min-h-[44px] md:min-w-[36px] md:min-h-[36px] hover:bg-gray-100 transition-colors duration-200 focus:outline-none focus:ring-2 focus:ring-blue-500 focus:ring-offset-2 focus-visible:outline-none focus-visible:ring-2 focus-visible:ring-blue-500 focus-visible:ring-offset-2"[39m
                  [33mtype[39m=[32m"button"[39m
                [36m>[39m
                  [36m<svg[39m
                    [33maria-hidden[39m=[32m"true"[39m
                    [33mclass[39m=[32m"w-5 h-5 text-gray-600"[39m
                    [33mfill[39m=[32m"none"[39m
                    [33mstroke[39m=[32m"currentColor"[39m
                    [33mstyle[39m=[32m"pointer-events: none;"[39m
                    [33mviewBox[39m=[32m"0 0 24 24"[39m
                  [36m>[39m
                    [36m<path[39m
                      [33md[39m=[32m"M15 12a3 3 0 11-6 0 3 3 0 016 0z"[39m
                      [33mstroke-linecap[39m=[32m"round"[39m
                      [33mstroke-linejoin[39m=[32m"round"[39m
                      [33mstroke-width[39m=[32m"2"[39m
                      [33mstyle[39m=[32m"pointer-events: none;"[39m
                    [36m/>[39m
                    [36m<path[39m
                      [33md[39m=[32m"M2.458 12C3.732 7.943 7.523 5 12 5c4.478 0 8.268 2.943 9.542 7-1.274 4.057-5.064 7-9.542 7-4.477 0-8.268-2.943-9.542-7z"[39m
                      [33mstroke-linecap[39m=[32m"round"[39m
                      [33mstroke-linejoin[39m=[32m"round"[39m
                      [33mstroke-width[39m=[32m"2"[39m
                      [33mstyle[39m=[32m"pointer-events: none;"[39m
                    [36m/>[39m
                  [36m</svg>[39m
                [36m</button>[39m
              [36m</div>[39m
            [36m</div>[39m
            [36m<button[39m
              [33maria-busy[39m=[32m"false"[39m
              [33mclass[39m=[32m"inline-flex items-center justify-center rounded-md font-medium transition-colors focus-visible:outline-none focus-visible:ring-2 focus-visible:ring-offset-2 disabled:pointer-events-none disabled:opacity-50 focus:outline-none focus:ring-2 focus:ring-offset-2 bg-blue-600 text-white hover:bg-blue-700 active:bg-blue-800 focus-visible:ring-blue-500 focus:ring-blue-500 h-12 px-6 text-lg w-full min-h-[44px] md:min-h-[48px]"[39m
              [33mtype[39m=[32m"submit"[39m
            [36m>[39m
              [0mSign In[0m
            [36m</button>[39m
          [36m</form>[39m
        [36m</div>[39m
      [36m</body>[39m
    [36m</html>[39m

      172 |       // Verify the form submission was triggered and API was called
      173 |       await waitFor(() => {
    > 174 |         expect(authService.login).toHaveBeenCalledWith(
          |                                   ^
      175 |           {
      176 |             email: 'test@example.com',
      177 |             password: 'SecurePass123!',

      at toHaveBeenCalledWith (src/components/LoginForm.integration.test.tsx:174:35)
      at runWithExpensiveErrorDiagnosticsDisabled (node_modules/@testing-library/dom/dist/config.js:47:12)
      at checkCallback (node_modules/@testing-library/dom/dist/wait-for.js:124:77)
      at checkRealTimersCallback (node_modules/@testing-library/dom/dist/wait-for.js:118:16)
      at Timeout.task [as _onTimeout] (node_modules/jsdom/lib/jsdom/browser/Window.js:579:19)

PASS src/app/page.test.tsx
FAIL src/app/login/integration.test.tsx (17.057 s)
  ● Console

    console.log
      [Button] Rendering with type: submit

      at log (src/components/ui/Button.tsx:25:13)

    console.log
      [Button] Props received: {
        variant: 'primary',
        size: 'lg',
        type: 'submit',
        loading: false,
        disabled: false
      }

      at log (src/components/ui/Button.tsx:26:13)

    console.log
      [Button] Has onClick in props: false

      at log (src/components/ui/Button.tsx:27:13)

    console.log
      [Button] All props: {}

      at log (src/components/ui/Button.tsx:28:13)

    console.log
      [Button] Rendering with type: submit

      at log (src/components/ui/Button.tsx:25:13)

    console.log
      [Button] Props received: {
        variant: 'primary',
        size: 'lg',
        type: 'submit',
        loading: false,
        disabled: false
      }

      at log (src/components/ui/Button.tsx:26:13)

    console.log
      [Button] Has onClick in props: false

      at log (src/components/ui/Button.tsx:27:13)

    console.log
      [Button] All props: {}

      at log (src/components/ui/Button.tsx:28:13)

    console.log
      [Button] Rendering with type: submit

      at log (src/components/ui/Button.tsx:25:13)

    console.log
      [Button] Props received: {
        variant: 'primary',
        size: 'lg',
        type: 'submit',
        loading: false,
        disabled: false
      }

      at log (src/components/ui/Button.tsx:26:13)

    console.log
      [Button] Has onClick in props: false

      at log (src/components/ui/Button.tsx:27:13)

    console.log
      [Button] All props: {}

      at log (src/components/ui/Button.tsx:28:13)

    console.log
      [Button] Rendering with type: submit

      at log (src/components/ui/Button.tsx:25:13)

    console.log
      [Button] Props received: {
        variant: 'primary',
        size: 'lg',
        type: 'submit',
        loading: false,
        disabled: false
      }

      at log (src/components/ui/Button.tsx:26:13)

    console.log
      [Button] Has onClick in props: false

      at log (src/components/ui/Button.tsx:27:13)

    console.log
      [Button] All props: {}

      at log (src/components/ui/Button.tsx:28:13)

    console.log
      [Button] Rendering with type: submit

      at log (src/components/ui/Button.tsx:25:13)

    console.log
      [Button] Props received: {
        variant: 'primary',
        size: 'lg',
        type: 'submit',
        loading: false,
        disabled: false
      }

      at log (src/components/ui/Button.tsx:26:13)

    console.log
      [Button] Has onClick in props: false

      at log (src/components/ui/Button.tsx:27:13)

    console.log
      [Button] All props: {}

      at log (src/components/ui/Button.tsx:28:13)

    console.log
      [Button] Rendering with type: submit

      at log (src/components/ui/Button.tsx:25:13)

    console.log
      [Button] Props received: {
        variant: 'primary',
        size: 'lg',
        type: 'submit',
        loading: false,
        disabled: false
      }

      at log (src/components/ui/Button.tsx:26:13)

    console.log
      [Button] Has onClick in props: false

      at log (src/components/ui/Button.tsx:27:13)

    console.log
      [Button] All props: {}

      at log (src/components/ui/Button.tsx:28:13)

    console.log
      [Button] Rendering with type: submit

      at log (src/components/ui/Button.tsx:25:13)

    console.log
      [Button] Props received: {
        variant: 'primary',
        size: 'lg',
        type: 'submit',
        loading: false,
        disabled: false
      }

      at log (src/components/ui/Button.tsx:26:13)

    console.log
      [Button] Has onClick in props: false

      at log (src/components/ui/Button.tsx:27:13)

    console.log
      [Button] All props: {}

      at log (src/components/ui/Button.tsx:28:13)

    console.log
      [Button] Rendering with type: submit

      at log (src/components/ui/Button.tsx:25:13)

    console.log
      [Button] Props received: {
        variant: 'primary',
        size: 'lg',
        type: 'submit',
        loading: false,
        disabled: false
      }

      at log (src/components/ui/Button.tsx:26:13)

    console.log
      [Button] Has onClick in props: false

      at log (src/components/ui/Button.tsx:27:13)

    console.log
      [Button] All props: {}

      at log (src/components/ui/Button.tsx:28:13)

    console.log
      [Button] Rendering with type: submit

      at log (src/components/ui/Button.tsx:25:13)

    console.log
      [Button] Props received: {
        variant: 'primary',
        size: 'lg',
        type: 'submit',
        loading: false,
        disabled: false
      }

      at log (src/components/ui/Button.tsx:26:13)

    console.log
      [Button] Has onClick in props: false

      at log (src/components/ui/Button.tsx:27:13)

    console.log
      [Button] All props: {}

      at log (src/components/ui/Button.tsx:28:13)

    console.log
      [Button] Rendering with type: submit

      at log (src/components/ui/Button.tsx:25:13)

    console.log
      [Button] Props received: {
        variant: 'primary',
        size: 'lg',
        type: 'submit',
        loading: false,
        disabled: false
      }

      at log (src/components/ui/Button.tsx:26:13)

    console.log
      [Button] Has onClick in props: false

      at log (src/components/ui/Button.tsx:27:13)

    console.log
      [Button] All props: {}

      at log (src/components/ui/Button.tsx:28:13)

    console.log
      [Button] Rendering with type: submit

      at log (src/components/ui/Button.tsx:25:13)

    console.log
      [Button] Props received: {
        variant: 'primary',
        size: 'lg',
        type: 'submit',
        loading: false,
        disabled: false
      }

      at log (src/components/ui/Button.tsx:26:13)

    console.log
      [Button] Has onClick in props: false

      at log (src/components/ui/Button.tsx:27:13)

    console.log
      [Button] All props: {}

      at log (src/components/ui/Button.tsx:28:13)

    console.log
      [Button] Rendering with type: submit

      at log (src/components/ui/Button.tsx:25:13)

    console.log
      [Button] Props received: {
        variant: 'primary',
        size: 'lg',
        type: 'submit',
        loading: false,
        disabled: false
      }

      at log (src/components/ui/Button.tsx:26:13)

    console.log
      [Button] Has onClick in props: false

      at log (src/components/ui/Button.tsx:27:13)

    console.log
      [Button] All props: {}

      at log (src/components/ui/Button.tsx:28:13)

    console.log
      [Button] Rendering with type: submit

      at log (src/components/ui/Button.tsx:25:13)

    console.log
      [Button] Props received: {
        variant: 'primary',
        size: 'lg',
        type: 'submit',
        loading: false,
        disabled: false
      }

      at log (src/components/ui/Button.tsx:26:13)

    console.log
      [Button] Has onClick in props: false

      at log (src/components/ui/Button.tsx:27:13)

    console.log
      [Button] All props: {}

      at log (src/components/ui/Button.tsx:28:13)

    console.log
      [Button] Rendering with type: submit

      at log (src/components/ui/Button.tsx:25:13)

    console.log
      [Button] Props received: {
        variant: 'primary',
        size: 'lg',
        type: 'submit',
        loading: false,
        disabled: false
      }

      at log (src/components/ui/Button.tsx:26:13)

    console.log
      [Button] Has onClick in props: false

      at log (src/components/ui/Button.tsx:27:13)

    console.log
      [Button] All props: {}

      at log (src/components/ui/Button.tsx:28:13)

    console.log
      [Button] Rendering with type: submit

      at log (src/components/ui/Button.tsx:25:13)

    console.log
      [Button] Props received: {
        variant: 'primary',
        size: 'lg',
        type: 'submit',
        loading: false,
        disabled: false
      }

      at log (src/components/ui/Button.tsx:26:13)

    console.log
      [Button] Has onClick in props: false

      at log (src/components/ui/Button.tsx:27:13)

    console.log
      [Button] All props: {}

      at log (src/components/ui/Button.tsx:28:13)

    console.log
      [Button] Rendering with type: submit

      at log (src/components/ui/Button.tsx:25:13)

    console.log
      [Button] Props received: {
        variant: 'primary',
        size: 'lg',
        type: 'submit',
        loading: false,
        disabled: false
      }

      at log (src/components/ui/Button.tsx:26:13)

    console.log
      [Button] Has onClick in props: false

      at log (src/components/ui/Button.tsx:27:13)

    console.log
      [Button] All props: {}

      at log (src/components/ui/Button.tsx:28:13)

    console.log
      [Button] Rendering with type: submit

      at log (src/components/ui/Button.tsx:25:13)

    console.log
      [Button] Props received: {
        variant: 'primary',
        size: 'lg',
        type: 'submit',
        loading: false,
        disabled: false
      }

      at log (src/components/ui/Button.tsx:26:13)

    console.log
      [Button] Has onClick in props: false

      at log (src/components/ui/Button.tsx:27:13)

    console.log
      [Button] All props: {}

      at log (src/components/ui/Button.tsx:28:13)

    console.log
      [Button] Rendering with type: submit

      at log (src/components/ui/Button.tsx:25:13)

    console.log
      [Button] Props received: {
        variant: 'primary',
        size: 'lg',
        type: 'submit',
        loading: false,
        disabled: false
      }

      at log (src/components/ui/Button.tsx:26:13)

    console.log
      [Button] Has onClick in props: false

      at log (src/components/ui/Button.tsx:27:13)

    console.log
      [Button] All props: {}

      at log (src/components/ui/Button.tsx:28:13)

    console.log
      [Button] Rendering with type: submit

      at log (src/components/ui/Button.tsx:25:13)

    console.log
      [Button] Props received: {
        variant: 'primary',
        size: 'lg',
        type: 'submit',
        loading: false,
        disabled: false
      }

      at log (src/components/ui/Button.tsx:26:13)

    console.log
      [Button] Has onClick in props: false

      at log (src/components/ui/Button.tsx:27:13)

    console.log
      [Button] All props: {}

      at log (src/components/ui/Button.tsx:28:13)

    console.log
      [Button] Rendering with type: submit

      at log (src/components/ui/Button.tsx:25:13)

    console.log
      [Button] Props received: {
        variant: 'primary',
        size: 'lg',
        type: 'submit',
        loading: false,
        disabled: false
      }

      at log (src/components/ui/Button.tsx:26:13)

    console.log
      [Button] Has onClick in props: false

      at log (src/components/ui/Button.tsx:27:13)

    console.log
      [Button] All props: {}

      at log (src/components/ui/Button.tsx:28:13)

    console.log
      [Button] Rendering with type: submit

      at log (src/components/ui/Button.tsx:25:13)

    console.log
      [Button] Props received: {
        variant: 'primary',
        size: 'lg',
        type: 'submit',
        loading: false,
        disabled: false
      }

      at log (src/components/ui/Button.tsx:26:13)

    console.log
      [Button] Has onClick in props: false

      at log (src/components/ui/Button.tsx:27:13)

    console.log
      [Button] All props: {}

      at log (src/components/ui/Button.tsx:28:13)

    console.log
      [Button] Rendering with type: submit

      at log (src/components/ui/Button.tsx:25:13)

    console.log
      [Button] Props received: {
        variant: 'primary',
        size: 'lg',
        type: 'submit',
        loading: false,
        disabled: false
      }

      at log (src/components/ui/Button.tsx:26:13)

    console.log
      [Button] Has onClick in props: false

      at log (src/components/ui/Button.tsx:27:13)

    console.log
      [Button] All props: {}

      at log (src/components/ui/Button.tsx:28:13)

    console.log
      [Button] Rendering with type: submit

      at log (src/components/ui/Button.tsx:25:13)

    console.log
      [Button] Props received: {
        variant: 'primary',
        size: 'lg',
        type: 'submit',
        loading: false,
        disabled: false
      }

      at log (src/components/ui/Button.tsx:26:13)

    console.log
      [Button] Has onClick in props: false

      at log (src/components/ui/Button.tsx:27:13)

    console.log
      [Button] All props: {}

      at log (src/components/ui/Button.tsx:28:13)

    console.log
      [Button] Rendering with type: submit

      at log (src/components/ui/Button.tsx:25:13)

    console.log
      [Button] Props received: {
        variant: 'primary',
        size: 'lg',
        type: 'submit',
        loading: false,
        disabled: false
      }

      at log (src/components/ui/Button.tsx:26:13)

    console.log
      [Button] Has onClick in props: false

      at log (src/components/ui/Button.tsx:27:13)

    console.log
      [Button] All props: {}

      at log (src/components/ui/Button.tsx:28:13)

    console.log
      [Button] Rendering with type: submit

      at log (src/components/ui/Button.tsx:25:13)

    console.log
      [Button] Props received: {
        variant: 'primary',
        size: 'lg',
        type: 'submit',
        loading: false,
        disabled: false
      }

      at log (src/components/ui/Button.tsx:26:13)

    console.log
      [Button] Has onClick in props: false

      at log (src/components/ui/Button.tsx:27:13)

    console.log
      [Button] All props: {}

      at log (src/components/ui/Button.tsx:28:13)

    console.log
      [Button] Rendering with type: submit

      at log (src/components/ui/Button.tsx:25:13)

    console.log
      [Button] Props received: {
        variant: 'primary',
        size: 'lg',
        type: 'submit',
        loading: false,
        disabled: false
      }

      at log (src/components/ui/Button.tsx:26:13)

    console.log
      [Button] Has onClick in props: false

      at log (src/components/ui/Button.tsx:27:13)

    console.log
      [Button] All props: {}

      at log (src/components/ui/Button.tsx:28:13)

    console.log
      [Button] Rendering with type: submit

      at log (src/components/ui/Button.tsx:25:13)

    console.log
      [Button] Props received: {
        variant: 'primary',
        size: 'lg',
        type: 'submit',
        loading: false,
        disabled: false
      }

      at log (src/components/ui/Button.tsx:26:13)

    console.log
      [Button] Has onClick in props: false

      at log (src/components/ui/Button.tsx:27:13)

    console.log
      [Button] All props: {}

      at log (src/components/ui/Button.tsx:28:13)

    console.log
      [Button] Rendering with type: submit

      at log (src/components/ui/Button.tsx:25:13)

    console.log
      [Button] Props received: {
        variant: 'primary',
        size: 'lg',
        type: 'submit',
        loading: false,
        disabled: false
      }

      at log (src/components/ui/Button.tsx:26:13)

    console.log
      [Button] Has onClick in props: false

      at log (src/components/ui/Button.tsx:27:13)

    console.log
      [Button] All props: {}

      at log (src/components/ui/Button.tsx:28:13)

    console.log
      [Button] Rendering with type: submit

      at log (src/components/ui/Button.tsx:25:13)

    console.log
      [Button] Props received: {
        variant: 'primary',
        size: 'lg',
        type: 'submit',
        loading: false,
        disabled: false
      }

      at log (src/components/ui/Button.tsx:26:13)

    console.log
      [Button] Has onClick in props: false

      at log (src/components/ui/Button.tsx:27:13)

    console.log
      [Button] All props: {}

      at log (src/components/ui/Button.tsx:28:13)

    console.log
      [Button] Rendering with type: submit

      at log (src/components/ui/Button.tsx:25:13)

    console.log
      [Button] Props received: {
        variant: 'primary',
        size: 'lg',
        type: 'submit',
        loading: true,
        disabled: true
      }

      at log (src/components/ui/Button.tsx:26:13)

    console.log
      [Button] Has onClick in props: false

      at log (src/components/ui/Button.tsx:27:13)

    console.log
      [Button] All props: {}

      at log (src/components/ui/Button.tsx:28:13)

    console.log
      Form submission started

      at log (src/hooks/useLoginForm.ts:200:13)

    console.log
      Default behavior prevented

      at log (src/hooks/useLoginForm.ts:203:15)

    console.log
      [LoginFlowTracer] Trace started: a3948025-f8eb-44e5-a01c-c7ef797a5def

      at log (src/lib/auth/LoginFlowTracer.ts:52:15)

    console.log
      [useLoginForm] Login flow started { traceId: 'a3948025-f8eb-44e5-a01c-c7ef797a5def' }

      at log (src/hooks/useLoginForm.ts:208:13)

    console.log
      [useLoginForm] Calling API client login method { traceId: 'a3948025-f8eb-44e5-a01c-c7ef797a5def' }

      at log (src/hooks/useLoginForm.ts:230:15)

    console.log
      [AuthService] Login attempt {
        email: 'test@example.com',
        traceId: 'a3948025-f8eb-44e5-a01c-c7ef797a5def'
      }

      at AuthService.log [as login] (src/lib/api/authService.ts:140:15)

    console.log
      [AuthService] Calling backend API { traceId: 'a3948025-f8eb-44e5-a01c-c7ef797a5def' }

      at AuthService.log [as login] (src/lib/api/authService.ts:168:15)

    console.log
      [TokenManager] getToken attempt {
        storageKey: 'jwt_token',
        source: undefined,
        traceId: undefined,
        timestamp: '2026-02-08T19:37:22.655Z'
      }

      at log (src/lib/api/tokenManager.ts:322:11)

    console.log
      [TokenManager] Raw value retrieved {
        storageKey: 'jwt_token',
        valuePresent: false,
        valueLength: 0,
        valuePreview: 'null',
        traceId: undefined
      }

      at log (src/lib/api/tokenManager.ts:335:15)

    console.log
      [TokenManager] No token found in storage { storageKey: 'jwt_token', traceId: undefined }

      at log (src/lib/api/tokenManager.ts:358:21)

    console.warn
      [AuthLogger 2026-02-08T19:37:22.659Z] Token get failed

       98 |   } else {
       99 |     // In production, log minimal info
    > 100 |     consoleMethod(message);
          |     ^
      101 |   }
      102 | }
      103 |

      at consoleMethod (src/lib/auth/AuthLogger.ts:100:5)
      at log (src/lib/auth/AuthLogger.ts:175:3)
      at getToken (src/lib/api/tokenManager.ts:362:30)
      at src/lib/api/apiClient.ts:53:29
      at ApiClient.interceptor [as request] (src/lib/api/apiClient.ts:195:24)
      at ApiClient.request [as post] (src/lib/api/apiClient.ts:114:17)
      at AuthService.post [as login] (src/lib/api/authService.ts:169:45)
      at login (src/hooks/useLoginForm.ts:231:40)
      at errors (node_modules/react-hook-form/src/logic/createFormControl.ts:1293:24)

    console.log
      [TokenManager] getToken attempt {
        storageKey: 'jwt_token',
        source: undefined,
        traceId: undefined,
        timestamp: '2026-02-08T19:37:22.660Z'
      }

      at log (src/lib/api/tokenManager.ts:322:11)

    console.log
      [TokenManager] Raw value retrieved {
        storageKey: 'jwt_token',
        valuePresent: false,
        valueLength: 0,
        valuePreview: 'null',
        traceId: undefined
      }

      at log (src/lib/api/tokenManager.ts:335:15)

    console.log
      [TokenManager] No token found in storage { storageKey: 'jwt_token', traceId: undefined }

      at log (src/lib/api/tokenManager.ts:358:21)

    console.warn
      [AuthLogger 2026-02-08T19:37:22.661Z] Token get failed

       98 |   } else {
       99 |     // In production, log minimal info
    > 100 |     consoleMethod(message);
          |     ^
      101 |   }
      102 | }
      103 |

      at consoleMethod (src/lib/auth/AuthLogger.ts:100:5)
      at log (src/lib/auth/AuthLogger.ts:175:3)
      at getToken (src/lib/api/tokenManager.ts:362:30)
      at TokenManager.getToken (src/lib/api/tokenManager.ts:512:12)
      at getToken (src/lib/api/interceptors.ts:41:30)
      at ApiClient.interceptor [as request] (src/lib/api/apiClient.ts:195:24)

    console.log
      [AuthService] Backend response received {
        hasToken: false,
        email: undefined,
        traceId: 'a3948025-f8eb-44e5-a01c-c7ef797a5def'
      }

      at AuthService.log [as login] (src/lib/api/authService.ts:170:15)

    console.error
      [AuthService] Login error {
        error: 'Invalid login response: missing or invalid token',
        traceId: 'a3948025-f8eb-44e5-a01c-c7ef797a5def'
      }

      223 |       };
      224 |     } catch (error: any) {
    > 225 |       console.error('[AuthService] Login error', {
          |               ^
      226 |         error: error.message || String(error),
      227 |         traceId,
      228 |       });

      at AuthService.error (src/lib/api/authService.ts:225:15)
      at src/hooks/useLoginForm.ts:231:22
      at unset (node_modules/react-hook-form/src/logic/createFormControl.ts:1293:7)

    console.error
      [useLoginForm] Login failed {
        error: 'Unable to connect. Please check your internet connection.',
        traceId: 'a3948025-f8eb-44e5-a01c-c7ef797a5def'
      }

      259 |       } else {
      260 |         // Login failed - handle error
    > 261 |         console.error('[useLoginForm] Login failed', { error: result.error, traceId });
          |                 ^
      262 |         
      263 |         // Record attempt for authentication errors
      264 |         if (result.error === 'Invalid email or password') {

      at error (src/hooks/useLoginForm.ts:261:17)
      at unset (node_modules/react-hook-form/src/logic/createFormControl.ts:1293:7)

    console.error
      Login error: {
        type: 'authentication',
        message: 'Unable to connect. Please check your internet connection.'
      }

      139 |     // Error handling is managed by the LoginForm component
      140 |     // This callback is provided for potential future logging or analytics
    > 141 |     console.error('Login error:', error);
          |             ^
      142 |   };
      143 |
      144 |   return (

      at error (src/app/login/LoginPageClient.tsx:141:13)
      at onError (src/hooks/useLoginForm.ts:271:11)
      at unset (node_modules/react-hook-form/src/logic/createFormControl.ts:1293:7)

    console.log
      [Button] Rendering with type: submit

      at log (src/components/ui/Button.tsx:25:13)

    console.log
      [Button] Props received: {
        variant: 'primary',
        size: 'lg',
        type: 'submit',
        loading: false,
        disabled: false
      }

      at log (src/components/ui/Button.tsx:26:13)

    console.log
      [Button] Has onClick in props: false

      at log (src/components/ui/Button.tsx:27:13)

    console.log
      [Button] All props: {}

      at log (src/components/ui/Button.tsx:28:13)

    console.log
      [Button] Rendering with type: submit

      at log (src/components/ui/Button.tsx:25:13)

    console.log
      [Button] Props received: {
        variant: 'primary',
        size: 'lg',
        type: 'submit',
        loading: false,
        disabled: false
      }

      at log (src/components/ui/Button.tsx:26:13)

    console.log
      [Button] Has onClick in props: false

      at log (src/components/ui/Button.tsx:27:13)

    console.log
      [Button] All props: {}

      at log (src/components/ui/Button.tsx:28:13)

    console.log
      [Button] Rendering with type: submit

      at log (src/components/ui/Button.tsx:25:13)

    console.log
      [Button] Props received: {
        variant: 'primary',
        size: 'lg',
        type: 'submit',
        loading: false,
        disabled: false
      }

      at log (src/components/ui/Button.tsx:26:13)

    console.log
      [Button] Has onClick in props: false

      at log (src/components/ui/Button.tsx:27:13)

    console.log
      [Button] All props: {}

      at log (src/components/ui/Button.tsx:28:13)

    console.log
      [Button] Rendering with type: submit

      at log (src/components/ui/Button.tsx:25:13)

    console.log
      [Button] Props received: {
        variant: 'primary',
        size: 'lg',
        type: 'submit',
        loading: false,
        disabled: false
      }

      at log (src/components/ui/Button.tsx:26:13)

    console.log
      [Button] Has onClick in props: false

      at log (src/components/ui/Button.tsx:27:13)

    console.log
      [Button] All props: {}

      at log (src/components/ui/Button.tsx:28:13)

    console.log
      [Button] Rendering with type: submit

      at log (src/components/ui/Button.tsx:25:13)

    console.log
      [Button] Props received: {
        variant: 'primary',
        size: 'lg',
        type: 'submit',
        loading: false,
        disabled: false
      }

      at log (src/components/ui/Button.tsx:26:13)

    console.log
      [Button] Has onClick in props: false

      at log (src/components/ui/Button.tsx:27:13)

    console.log
      [Button] All props: {}

      at log (src/components/ui/Button.tsx:28:13)

    console.log
      [Button] Rendering with type: submit

      at log (src/components/ui/Button.tsx:25:13)

    console.log
      [Button] Props received: {
        variant: 'primary',
        size: 'lg',
        type: 'submit',
        loading: false,
        disabled: false
      }

      at log (src/components/ui/Button.tsx:26:13)

    console.log
      [Button] Has onClick in props: false

      at log (src/components/ui/Button.tsx:27:13)

    console.log
      [Button] All props: {}

      at log (src/components/ui/Button.tsx:28:13)

    console.log
      [Button] Rendering with type: submit

      at log (src/components/ui/Button.tsx:25:13)

    console.log
      [Button] Props received: {
        variant: 'primary',
        size: 'lg',
        type: 'submit',
        loading: false,
        disabled: false
      }

      at log (src/components/ui/Button.tsx:26:13)

    console.log
      [Button] Has onClick in props: false

      at log (src/components/ui/Button.tsx:27:13)

    console.log
      [Button] All props: {}

      at log (src/components/ui/Button.tsx:28:13)

    console.log
      [Button] Rendering with type: submit

      at log (src/components/ui/Button.tsx:25:13)

    console.log
      [Button] Props received: {
        variant: 'primary',
        size: 'lg',
        type: 'submit',
        loading: false,
        disabled: false
      }

      at log (src/components/ui/Button.tsx:26:13)

    console.log
      [Button] Has onClick in props: false

      at log (src/components/ui/Button.tsx:27:13)

    console.log
      [Button] All props: {}

      at log (src/components/ui/Button.tsx:28:13)

    console.log
      [Button] Rendering with type: submit

      at log (src/components/ui/Button.tsx:25:13)

    console.log
      [Button] Props received: {
        variant: 'primary',
        size: 'lg',
        type: 'submit',
        loading: false,
        disabled: false
      }

      at log (src/components/ui/Button.tsx:26:13)

    console.log
      [Button] Has onClick in props: false

      at log (src/components/ui/Button.tsx:27:13)

    console.log
      [Button] All props: {}

      at log (src/components/ui/Button.tsx:28:13)

    console.log
      [Button] Rendering with type: submit

      at log (src/components/ui/Button.tsx:25:13)

    console.log
      [Button] Props received: {
        variant: 'primary',
        size: 'lg',
        type: 'submit',
        loading: false,
        disabled: false
      }

      at log (src/components/ui/Button.tsx:26:13)

    console.log
      [Button] Has onClick in props: false

      at log (src/components/ui/Button.tsx:27:13)

    console.log
      [Button] All props: {}

      at log (src/components/ui/Button.tsx:28:13)

    console.log
      [Button] Rendering with type: submit

      at log (src/components/ui/Button.tsx:25:13)

    console.log
      [Button] Props received: {
        variant: 'primary',
        size: 'lg',
        type: 'submit',
        loading: false,
        disabled: false
      }

      at log (src/components/ui/Button.tsx:26:13)

    console.log
      [Button] Has onClick in props: false

      at log (src/components/ui/Button.tsx:27:13)

    console.log
      [Button] All props: {}

      at log (src/components/ui/Button.tsx:28:13)

    console.log
      [Button] Rendering with type: submit

      at log (src/components/ui/Button.tsx:25:13)

    console.log
      [Button] Props received: {
        variant: 'primary',
        size: 'lg',
        type: 'submit',
        loading: false,
        disabled: false
      }

      at log (src/components/ui/Button.tsx:26:13)

    console.log
      [Button] Has onClick in props: false

      at log (src/components/ui/Button.tsx:27:13)

    console.log
      [Button] All props: {}

      at log (src/components/ui/Button.tsx:28:13)

    console.log
      [Button] Rendering with type: submit

      at log (src/components/ui/Button.tsx:25:13)

    console.log
      [Button] Props received: {
        variant: 'primary',
        size: 'lg',
        type: 'submit',
        loading: false,
        disabled: false
      }

      at log (src/components/ui/Button.tsx:26:13)

    console.log
      [Button] Has onClick in props: false

      at log (src/components/ui/Button.tsx:27:13)

    console.log
      [Button] All props: {}

      at log (src/components/ui/Button.tsx:28:13)

    console.log
      [Button] Rendering with type: submit

      at log (src/components/ui/Button.tsx:25:13)

    console.log
      [Button] Props received: {
        variant: 'primary',
        size: 'lg',
        type: 'submit',
        loading: false,
        disabled: false
      }

      at log (src/components/ui/Button.tsx:26:13)

    console.log
      [Button] Has onClick in props: false

      at log (src/components/ui/Button.tsx:27:13)

    console.log
      [Button] All props: {}

      at log (src/components/ui/Button.tsx:28:13)

    console.log
      [Button] Rendering with type: submit

      at log (src/components/ui/Button.tsx:25:13)

    console.log
      [Button] Props received: {
        variant: 'primary',
        size: 'lg',
        type: 'submit',
        loading: false,
        disabled: false
      }

      at log (src/components/ui/Button.tsx:26:13)

    console.log
      [Button] Has onClick in props: false

      at log (src/components/ui/Button.tsx:27:13)

    console.log
      [Button] All props: {}

      at log (src/components/ui/Button.tsx:28:13)

    console.log
      [Button] Rendering with type: submit

      at log (src/components/ui/Button.tsx:25:13)

    console.log
      [Button] Props received: {
        variant: 'primary',
        size: 'lg',
        type: 'submit',
        loading: false,
        disabled: false
      }

      at log (src/components/ui/Button.tsx:26:13)

    console.log
      [Button] Has onClick in props: false

      at log (src/components/ui/Button.tsx:27:13)

    console.log
      [Button] All props: {}

      at log (src/components/ui/Button.tsx:28:13)

    console.log
      [Button] Rendering with type: submit

      at log (src/components/ui/Button.tsx:25:13)

    console.log
      [Button] Props received: {
        variant: 'primary',
        size: 'lg',
        type: 'submit',
        loading: false,
        disabled: false
      }

      at log (src/components/ui/Button.tsx:26:13)

    console.log
      [Button] Has onClick in props: false

      at log (src/components/ui/Button.tsx:27:13)

    console.log
      [Button] All props: {}

      at log (src/components/ui/Button.tsx:28:13)

    console.log
      [Button] Rendering with type: submit

      at log (src/components/ui/Button.tsx:25:13)

    console.log
      [Button] Props received: {
        variant: 'primary',
        size: 'lg',
        type: 'submit',
        loading: false,
        disabled: false
      }

      at log (src/components/ui/Button.tsx:26:13)

    console.log
      [Button] Has onClick in props: false

      at log (src/components/ui/Button.tsx:27:13)

    console.log
      [Button] All props: {}

      at log (src/components/ui/Button.tsx:28:13)

    console.log
      [Button] Rendering with type: submit

      at log (src/components/ui/Button.tsx:25:13)

    console.log
      [Button] Props received: {
        variant: 'primary',
        size: 'lg',
        type: 'submit',
        loading: false,
        disabled: false
      }

      at log (src/components/ui/Button.tsx:26:13)

    console.log
      [Button] Has onClick in props: false

      at log (src/components/ui/Button.tsx:27:13)

    console.log
      [Button] All props: {}

      at log (src/components/ui/Button.tsx:28:13)

    console.log
      [Button] Rendering with type: submit

      at log (src/components/ui/Button.tsx:25:13)

    console.log
      [Button] Props received: {
        variant: 'primary',
        size: 'lg',
        type: 'submit',
        loading: false,
        disabled: false
      }

      at log (src/components/ui/Button.tsx:26:13)

    console.log
      [Button] Has onClick in props: false

      at log (src/components/ui/Button.tsx:27:13)

    console.log
      [Button] All props: {}

      at log (src/components/ui/Button.tsx:28:13)

    console.log
      [Button] Rendering with type: submit

      at log (src/components/ui/Button.tsx:25:13)

    console.log
      [Button] Props received: {
        variant: 'primary',
        size: 'lg',
        type: 'submit',
        loading: false,
        disabled: false
      }

      at log (src/components/ui/Button.tsx:26:13)

    console.log
      [Button] Has onClick in props: false

      at log (src/components/ui/Button.tsx:27:13)

    console.log
      [Button] All props: {}

      at log (src/components/ui/Button.tsx:28:13)

    console.log
      [Button] Rendering with type: submit

      at log (src/components/ui/Button.tsx:25:13)

    console.log
      [Button] Props received: {
        variant: 'primary',
        size: 'lg',
        type: 'submit',
        loading: false,
        disabled: false
      }

      at log (src/components/ui/Button.tsx:26:13)

    console.log
      [Button] Has onClick in props: false

      at log (src/components/ui/Button.tsx:27:13)

    console.log
      [Button] All props: {}

      at log (src/components/ui/Button.tsx:28:13)

    console.log
      [Button] Rendering with type: submit

      at log (src/components/ui/Button.tsx:25:13)

    console.log
      [Button] Props received: {
        variant: 'primary',
        size: 'lg',
        type: 'submit',
        loading: false,
        disabled: false
      }

      at log (src/components/ui/Button.tsx:26:13)

    console.log
      [Button] Has onClick in props: false

      at log (src/components/ui/Button.tsx:27:13)

    console.log
      [Button] All props: {}

      at log (src/components/ui/Button.tsx:28:13)

    console.log
      [Button] Rendering with type: submit

      at log (src/components/ui/Button.tsx:25:13)

    console.log
      [Button] Props received: {
        variant: 'primary',
        size: 'lg',
        type: 'submit',
        loading: false,
        disabled: false
      }

      at log (src/components/ui/Button.tsx:26:13)

    console.log
      [Button] Has onClick in props: false

      at log (src/components/ui/Button.tsx:27:13)

    console.log
      [Button] All props: {}

      at log (src/components/ui/Button.tsx:28:13)

    console.log
      [Button] Rendering with type: submit

      at log (src/components/ui/Button.tsx:25:13)

    console.log
      [Button] Props received: {
        variant: 'primary',
        size: 'lg',
        type: 'submit',
        loading: false,
        disabled: false
      }

      at log (src/components/ui/Button.tsx:26:13)

    console.log
      [Button] Has onClick in props: false

      at log (src/components/ui/Button.tsx:27:13)

    console.log
      [Button] All props: {}

      at log (src/components/ui/Button.tsx:28:13)

    console.log
      [Button] Rendering with type: submit

      at log (src/components/ui/Button.tsx:25:13)

    console.log
      [Button] Props received: {
        variant: 'primary',
        size: 'lg',
        type: 'submit',
        loading: false,
        disabled: false
      }

      at log (src/components/ui/Button.tsx:26:13)

    console.log
      [Button] Has onClick in props: false

      at log (src/components/ui/Button.tsx:27:13)

    console.log
      [Button] All props: {}

      at log (src/components/ui/Button.tsx:28:13)

    console.log
      [Button] Rendering with type: submit

      at log (src/components/ui/Button.tsx:25:13)

    console.log
      [Button] Props received: {
        variant: 'primary',
        size: 'lg',
        type: 'submit',
        loading: false,
        disabled: false
      }

      at log (src/components/ui/Button.tsx:26:13)

    console.log
      [Button] Has onClick in props: false

      at log (src/components/ui/Button.tsx:27:13)

    console.log
      [Button] All props: {}

      at log (src/components/ui/Button.tsx:28:13)

    console.log
      [Button] Rendering with type: submit

      at log (src/components/ui/Button.tsx:25:13)

    console.log
      [Button] Props received: {
        variant: 'primary',
        size: 'lg',
        type: 'submit',
        loading: false,
        disabled: false
      }

      at log (src/components/ui/Button.tsx:26:13)

    console.log
      [Button] Has onClick in props: false

      at log (src/components/ui/Button.tsx:27:13)

    console.log
      [Button] All props: {}

      at log (src/components/ui/Button.tsx:28:13)

    console.log
      [Button] Rendering with type: submit

      at log (src/components/ui/Button.tsx:25:13)

    console.log
      [Button] Props received: {
        variant: 'primary',
        size: 'lg',
        type: 'submit',
        loading: false,
        disabled: false
      }

      at log (src/components/ui/Button.tsx:26:13)

    console.log
      [Button] Has onClick in props: false

      at log (src/components/ui/Button.tsx:27:13)

    console.log
      [Button] All props: {}

      at log (src/components/ui/Button.tsx:28:13)

    console.log
      [Button] Rendering with type: submit

      at log (src/components/ui/Button.tsx:25:13)

    console.log
      [Button] Props received: {
        variant: 'primary',
        size: 'lg',
        type: 'submit',
        loading: true,
        disabled: true
      }

      at log (src/components/ui/Button.tsx:26:13)

    console.log
      [Button] Has onClick in props: false

      at log (src/components/ui/Button.tsx:27:13)

    console.log
      [Button] All props: {}

      at log (src/components/ui/Button.tsx:28:13)

    console.log
      Form submission started

      at log (src/hooks/useLoginForm.ts:200:13)

    console.log
      Default behavior prevented

      at log (src/hooks/useLoginForm.ts:203:15)

    console.log
      [LoginFlowTracer] Trace started: 28efac21-96a2-487b-a237-b7f2728c502b

      at log (src/lib/auth/LoginFlowTracer.ts:52:15)

    console.log
      [useLoginForm] Login flow started { traceId: '28efac21-96a2-487b-a237-b7f2728c502b' }

      at log (src/hooks/useLoginForm.ts:208:13)

    console.log
      [useLoginForm] Calling API client login method { traceId: '28efac21-96a2-487b-a237-b7f2728c502b' }

      at log (src/hooks/useLoginForm.ts:230:15)

    console.log
      [AuthService] Login attempt {
        email: 'wrong@example.com',
        traceId: '28efac21-96a2-487b-a237-b7f2728c502b'
      }

      at AuthService.log [as login] (src/lib/api/authService.ts:140:15)

    console.log
      [AuthService] Calling backend API { traceId: '28efac21-96a2-487b-a237-b7f2728c502b' }

      at AuthService.log [as login] (src/lib/api/authService.ts:168:15)

    console.log
      [TokenManager] getToken attempt {
        storageKey: 'jwt_token',
        source: undefined,
        traceId: undefined,
        timestamp: '2026-02-08T19:37:27.518Z'
      }

      at log (src/lib/api/tokenManager.ts:322:11)

    console.log
      [TokenManager] Raw value retrieved {
        storageKey: 'jwt_token',
        valuePresent: false,
        valueLength: 0,
        valuePreview: 'null',
        traceId: undefined
      }

      at log (src/lib/api/tokenManager.ts:335:15)

    console.log
      [TokenManager] No token found in storage { storageKey: 'jwt_token', traceId: undefined }

      at log (src/lib/api/tokenManager.ts:358:21)

    console.warn
      [AuthLogger 2026-02-08T19:37:27.518Z] Token get failed

       98 |   } else {
       99 |     // In production, log minimal info
    > 100 |     consoleMethod(message);
          |     ^
      101 |   }
      102 | }
      103 |

      at consoleMethod (src/lib/auth/AuthLogger.ts:100:5)
      at log (src/lib/auth/AuthLogger.ts:175:3)
      at getToken (src/lib/api/tokenManager.ts:362:30)
      at src/lib/api/apiClient.ts:53:29
      at ApiClient.interceptor [as request] (src/lib/api/apiClient.ts:195:24)
      at ApiClient.request [as post] (src/lib/api/apiClient.ts:114:17)
      at AuthService.post [as login] (src/lib/api/authService.ts:169:45)
      at login (src/hooks/useLoginForm.ts:231:40)
      at errors (node_modules/react-hook-form/src/logic/createFormControl.ts:1293:24)

    console.log
      [TokenManager] getToken attempt {
        storageKey: 'jwt_token',
        source: undefined,
        traceId: undefined,
        timestamp: '2026-02-08T19:37:27.518Z'
      }

      at log (src/lib/api/tokenManager.ts:322:11)

    console.log
      [TokenManager] Raw value retrieved {
        storageKey: 'jwt_token',
        valuePresent: false,
        valueLength: 0,
        valuePreview: 'null',
        traceId: undefined
      }

      at log (src/lib/api/tokenManager.ts:335:15)

    console.log
      [TokenManager] No token found in storage { storageKey: 'jwt_token', traceId: undefined }

      at log (src/lib/api/tokenManager.ts:358:21)

    console.warn
      [AuthLogger 2026-02-08T19:37:27.518Z] Token get failed

       98 |   } else {
       99 |     // In production, log minimal info
    > 100 |     consoleMethod(message);
          |     ^
      101 |   }
      102 | }
      103 |

      at consoleMethod (src/lib/auth/AuthLogger.ts:100:5)
      at log (src/lib/auth/AuthLogger.ts:175:3)
      at getToken (src/lib/api/tokenManager.ts:362:30)
      at TokenManager.getToken (src/lib/api/tokenManager.ts:512:12)
      at getToken (src/lib/api/interceptors.ts:41:30)
      at ApiClient.interceptor [as request] (src/lib/api/apiClient.ts:195:24)

    console.log
      [AuthService] Backend response received {
        hasToken: false,
        email: undefined,
        traceId: '28efac21-96a2-487b-a237-b7f2728c502b'
      }

      at AuthService.log [as login] (src/lib/api/authService.ts:170:15)

    console.error
      [AuthService] Login error {
        error: 'Invalid login response: missing or invalid token',
        traceId: '28efac21-96a2-487b-a237-b7f2728c502b'
      }

      223 |       };
      224 |     } catch (error: any) {
    > 225 |       console.error('[AuthService] Login error', {
          |               ^
      226 |         error: error.message || String(error),
      227 |         traceId,
      228 |       });

      at AuthService.error (src/lib/api/authService.ts:225:15)
      at src/hooks/useLoginForm.ts:231:22
      at unset (node_modules/react-hook-form/src/logic/createFormControl.ts:1293:7)

    console.error
      [useLoginForm] Login failed {
        error: 'Unable to connect. Please check your internet connection.',
        traceId: '28efac21-96a2-487b-a237-b7f2728c502b'
      }

      259 |       } else {
      260 |         // Login failed - handle error
    > 261 |         console.error('[useLoginForm] Login failed', { error: result.error, traceId });
          |                 ^
      262 |         
      263 |         // Record attempt for authentication errors
      264 |         if (result.error === 'Invalid email or password') {

      at error (src/hooks/useLoginForm.ts:261:17)
      at unset (node_modules/react-hook-form/src/logic/createFormControl.ts:1293:7)

    console.error
      Login error: {
        type: 'authentication',
        message: 'Unable to connect. Please check your internet connection.'
      }

      139 |     // Error handling is managed by the LoginForm component
      140 |     // This callback is provided for potential future logging or analytics
    > 141 |     console.error('Login error:', error);
          |             ^
      142 |   };
      143 |
      144 |   return (

      at error (src/app/login/LoginPageClient.tsx:141:13)
      at onError (src/hooks/useLoginForm.ts:271:11)
      at unset (node_modules/react-hook-form/src/logic/createFormControl.ts:1293:7)

    console.log
      [Button] Rendering with type: submit

      at log (src/components/ui/Button.tsx:25:13)

    console.log
      [Button] Props received: {
        variant: 'primary',
        size: 'lg',
        type: 'submit',
        loading: false,
        disabled: false
      }

      at log (src/components/ui/Button.tsx:26:13)

    console.log
      [Button] Has onClick in props: false

      at log (src/components/ui/Button.tsx:27:13)

    console.log
      [Button] All props: {}

      at log (src/components/ui/Button.tsx:28:13)

    console.log
      [Button] Rendering with type: submit

      at log (src/components/ui/Button.tsx:25:13)

    console.log
      [Button] Props received: {
        variant: 'primary',
        size: 'lg',
        type: 'submit',
        loading: false,
        disabled: false
      }

      at log (src/components/ui/Button.tsx:26:13)

    console.log
      [Button] Has onClick in props: false

      at log (src/components/ui/Button.tsx:27:13)

    console.log
      [Button] All props: {}

      at log (src/components/ui/Button.tsx:28:13)

    console.log
      [Button] Rendering with type: submit

      at log (src/components/ui/Button.tsx:25:13)

    console.log
      [Button] Props received: {
        variant: 'primary',
        size: 'lg',
        type: 'submit',
        loading: false,
        disabled: false
      }

      at log (src/components/ui/Button.tsx:26:13)

    console.log
      [Button] Has onClick in props: false

      at log (src/components/ui/Button.tsx:27:13)

    console.log
      [Button] All props: {}

      at log (src/components/ui/Button.tsx:28:13)

    console.log
      [Button] Rendering with type: submit

      at log (src/components/ui/Button.tsx:25:13)

    console.log
      [Button] Props received: {
        variant: 'primary',
        size: 'lg',
        type: 'submit',
        loading: false,
        disabled: false
      }

      at log (src/components/ui/Button.tsx:26:13)

    console.log
      [Button] Has onClick in props: false

      at log (src/components/ui/Button.tsx:27:13)

    console.log
      [Button] All props: {}

      at log (src/components/ui/Button.tsx:28:13)

    console.log
      [Button] Rendering with type: submit

      at log (src/components/ui/Button.tsx:25:13)

    console.log
      [Button] Props received: {
        variant: 'primary',
        size: 'lg',
        type: 'submit',
        loading: false,
        disabled: false
      }

      at log (src/components/ui/Button.tsx:26:13)

    console.log
      [Button] Has onClick in props: false

      at log (src/components/ui/Button.tsx:27:13)

    console.log
      [Button] All props: {}

      at log (src/components/ui/Button.tsx:28:13)

    console.log
      [Button] Rendering with type: submit

      at log (src/components/ui/Button.tsx:25:13)

    console.log
      [Button] Props received: {
        variant: 'primary',
        size: 'lg',
        type: 'submit',
        loading: false,
        disabled: false
      }

      at log (src/components/ui/Button.tsx:26:13)

    console.log
      [Button] Has onClick in props: false

      at log (src/components/ui/Button.tsx:27:13)

    console.log
      [Button] All props: {}

      at log (src/components/ui/Button.tsx:28:13)

    console.log
      [Button] Rendering with type: submit

      at log (src/components/ui/Button.tsx:25:13)

    console.log
      [Button] Props received: {
        variant: 'primary',
        size: 'lg',
        type: 'submit',
        loading: false,
        disabled: false
      }

      at log (src/components/ui/Button.tsx:26:13)

    console.log
      [Button] Has onClick in props: false

      at log (src/components/ui/Button.tsx:27:13)

    console.log
      [Button] All props: {}

      at log (src/components/ui/Button.tsx:28:13)

    console.log
      [Button] Rendering with type: submit

      at log (src/components/ui/Button.tsx:25:13)

    console.log
      [Button] Props received: {
        variant: 'primary',
        size: 'lg',
        type: 'submit',
        loading: false,
        disabled: false
      }

      at log (src/components/ui/Button.tsx:26:13)

    console.log
      [Button] Has onClick in props: false

      at log (src/components/ui/Button.tsx:27:13)

    console.log
      [Button] All props: {}

      at log (src/components/ui/Button.tsx:28:13)

    console.log
      [Button] Rendering with type: submit

      at log (src/components/ui/Button.tsx:25:13)

    console.log
      [Button] Props received: {
        variant: 'primary',
        size: 'lg',
        type: 'submit',
        loading: false,
        disabled: false
      }

      at log (src/components/ui/Button.tsx:26:13)

    console.log
      [Button] Has onClick in props: false

      at log (src/components/ui/Button.tsx:27:13)

    console.log
      [Button] All props: {}

      at log (src/components/ui/Button.tsx:28:13)

    console.log
      [Button] Rendering with type: submit

      at log (src/components/ui/Button.tsx:25:13)

    console.log
      [Button] Props received: {
        variant: 'primary',
        size: 'lg',
        type: 'submit',
        loading: false,
        disabled: false
      }

      at log (src/components/ui/Button.tsx:26:13)

    console.log
      [Button] Has onClick in props: false

      at log (src/components/ui/Button.tsx:27:13)

    console.log
      [Button] All props: {}

      at log (src/components/ui/Button.tsx:28:13)

    console.log
      [Button] Rendering with type: submit

      at log (src/components/ui/Button.tsx:25:13)

    console.log
      [Button] Props received: {
        variant: 'primary',
        size: 'lg',
        type: 'submit',
        loading: false,
        disabled: false
      }

      at log (src/components/ui/Button.tsx:26:13)

    console.log
      [Button] Has onClick in props: false

      at log (src/components/ui/Button.tsx:27:13)

    console.log
      [Button] All props: {}

      at log (src/components/ui/Button.tsx:28:13)

    console.log
      [Button] Rendering with type: submit

      at log (src/components/ui/Button.tsx:25:13)

    console.log
      [Button] Props received: {
        variant: 'primary',
        size: 'lg',
        type: 'submit',
        loading: false,
        disabled: false
      }

      at log (src/components/ui/Button.tsx:26:13)

    console.log
      [Button] Has onClick in props: false

      at log (src/components/ui/Button.tsx:27:13)

    console.log
      [Button] All props: {}

      at log (src/components/ui/Button.tsx:28:13)

    console.log
      [Button] Rendering with type: submit

      at log (src/components/ui/Button.tsx:25:13)

    console.log
      [Button] Props received: {
        variant: 'primary',
        size: 'lg',
        type: 'submit',
        loading: false,
        disabled: false
      }

      at log (src/components/ui/Button.tsx:26:13)

    console.log
      [Button] Has onClick in props: false

      at log (src/components/ui/Button.tsx:27:13)

    console.log
      [Button] All props: {}

      at log (src/components/ui/Button.tsx:28:13)

    console.log
      [Button] Rendering with type: submit

      at log (src/components/ui/Button.tsx:25:13)

    console.log
      [Button] Props received: {
        variant: 'primary',
        size: 'lg',
        type: 'submit',
        loading: false,
        disabled: false
      }

      at log (src/components/ui/Button.tsx:26:13)

    console.log
      [Button] Has onClick in props: false

      at log (src/components/ui/Button.tsx:27:13)

    console.log
      [Button] All props: {}

      at log (src/components/ui/Button.tsx:28:13)

    console.log
      [Button] Rendering with type: submit

      at log (src/components/ui/Button.tsx:25:13)

    console.log
      [Button] Props received: {
        variant: 'primary',
        size: 'lg',
        type: 'submit',
        loading: false,
        disabled: false
      }

      at log (src/components/ui/Button.tsx:26:13)

    console.log
      [Button] Has onClick in props: false

      at log (src/components/ui/Button.tsx:27:13)

    console.log
      [Button] All props: {}

      at log (src/components/ui/Button.tsx:28:13)

    console.log
      [Button] Rendering with type: submit

      at log (src/components/ui/Button.tsx:25:13)

    console.log
      [Button] Props received: {
        variant: 'primary',
        size: 'lg',
        type: 'submit',
        loading: false,
        disabled: false
      }

      at log (src/components/ui/Button.tsx:26:13)

    console.log
      [Button] Has onClick in props: false

      at log (src/components/ui/Button.tsx:27:13)

    console.log
      [Button] All props: {}

      at log (src/components/ui/Button.tsx:28:13)

    console.log
      [Button] Rendering with type: submit

      at log (src/components/ui/Button.tsx:25:13)

    console.log
      [Button] Props received: {
        variant: 'primary',
        size: 'lg',
        type: 'submit',
        loading: false,
        disabled: false
      }

      at log (src/components/ui/Button.tsx:26:13)

    console.log
      [Button] Has onClick in props: false

      at log (src/components/ui/Button.tsx:27:13)

    console.log
      [Button] All props: {}

      at log (src/components/ui/Button.tsx:28:13)

    console.log
      [Button] Rendering with type: submit

      at log (src/components/ui/Button.tsx:25:13)

    console.log
      [Button] Props received: {
        variant: 'primary',
        size: 'lg',
        type: 'submit',
        loading: false,
        disabled: false
      }

      at log (src/components/ui/Button.tsx:26:13)

    console.log
      [Button] Has onClick in props: false

      at log (src/components/ui/Button.tsx:27:13)

    console.log
      [Button] All props: {}

      at log (src/components/ui/Button.tsx:28:13)

    console.log
      [Button] Rendering with type: submit

      at log (src/components/ui/Button.tsx:25:13)

    console.log
      [Button] Props received: {
        variant: 'primary',
        size: 'lg',
        type: 'submit',
        loading: false,
        disabled: false
      }

      at log (src/components/ui/Button.tsx:26:13)

    console.log
      [Button] Has onClick in props: false

      at log (src/components/ui/Button.tsx:27:13)

    console.log
      [Button] All props: {}

      at log (src/components/ui/Button.tsx:28:13)

    console.log
      [Button] Rendering with type: submit

      at log (src/components/ui/Button.tsx:25:13)

    console.log
      [Button] Props received: {
        variant: 'primary',
        size: 'lg',
        type: 'submit',
        loading: false,
        disabled: false
      }

      at log (src/components/ui/Button.tsx:26:13)

    console.log
      [Button] Has onClick in props: false

      at log (src/components/ui/Button.tsx:27:13)

    console.log
      [Button] All props: {}

      at log (src/components/ui/Button.tsx:28:13)

    console.log
      [Button] Rendering with type: submit

      at log (src/components/ui/Button.tsx:25:13)

    console.log
      [Button] Props received: {
        variant: 'primary',
        size: 'lg',
        type: 'submit',
        loading: false,
        disabled: false
      }

      at log (src/components/ui/Button.tsx:26:13)

    console.log
      [Button] Has onClick in props: false

      at log (src/components/ui/Button.tsx:27:13)

    console.log
      [Button] All props: {}

      at log (src/components/ui/Button.tsx:28:13)

    console.log
      [Button] Rendering with type: submit

      at log (src/components/ui/Button.tsx:25:13)

    console.log
      [Button] Props received: {
        variant: 'primary',
        size: 'lg',
        type: 'submit',
        loading: false,
        disabled: false
      }

      at log (src/components/ui/Button.tsx:26:13)

    console.log
      [Button] Has onClick in props: false

      at log (src/components/ui/Button.tsx:27:13)

    console.log
      [Button] All props: {}

      at log (src/components/ui/Button.tsx:28:13)

    console.log
      [Button] Rendering with type: submit

      at log (src/components/ui/Button.tsx:25:13)

    console.log
      [Button] Props received: {
        variant: 'primary',
        size: 'lg',
        type: 'submit',
        loading: false,
        disabled: false
      }

      at log (src/components/ui/Button.tsx:26:13)

    console.log
      [Button] Has onClick in props: false

      at log (src/components/ui/Button.tsx:27:13)

    console.log
      [Button] All props: {}

      at log (src/components/ui/Button.tsx:28:13)

    console.log
      [Button] Rendering with type: submit

      at log (src/components/ui/Button.tsx:25:13)

    console.log
      [Button] Props received: {
        variant: 'primary',
        size: 'lg',
        type: 'submit',
        loading: false,
        disabled: false
      }

      at log (src/components/ui/Button.tsx:26:13)

    console.log
      [Button] Has onClick in props: false

      at log (src/components/ui/Button.tsx:27:13)

    console.log
      [Button] All props: {}

      at log (src/components/ui/Button.tsx:28:13)

    console.log
      [Button] Rendering with type: submit

      at log (src/components/ui/Button.tsx:25:13)

    console.log
      [Button] Props received: {
        variant: 'primary',
        size: 'lg',
        type: 'submit',
        loading: false,
        disabled: false
      }

      at log (src/components/ui/Button.tsx:26:13)

    console.log
      [Button] Has onClick in props: false

      at log (src/components/ui/Button.tsx:27:13)

    console.log
      [Button] All props: {}

      at log (src/components/ui/Button.tsx:28:13)

    console.log
      [Button] Rendering with type: submit

      at log (src/components/ui/Button.tsx:25:13)

    console.log
      [Button] Props received: {
        variant: 'primary',
        size: 'lg',
        type: 'submit',
        loading: false,
        disabled: false
      }

      at log (src/components/ui/Button.tsx:26:13)

    console.log
      [Button] Has onClick in props: false

      at log (src/components/ui/Button.tsx:27:13)

    console.log
      [Button] All props: {}

      at log (src/components/ui/Button.tsx:28:13)

    console.log
      [Button] Rendering with type: submit

      at log (src/components/ui/Button.tsx:25:13)

    console.log
      [Button] Props received: {
        variant: 'primary',
        size: 'lg',
        type: 'submit',
        loading: false,
        disabled: false
      }

      at log (src/components/ui/Button.tsx:26:13)

    console.log
      [Button] Has onClick in props: false

      at log (src/components/ui/Button.tsx:27:13)

    console.log
      [Button] All props: {}

      at log (src/components/ui/Button.tsx:28:13)

    console.log
      [Button] Rendering with type: submit

      at log (src/components/ui/Button.tsx:25:13)

    console.log
      [Button] Props received: {
        variant: 'primary',
        size: 'lg',
        type: 'submit',
        loading: false,
        disabled: false
      }

      at log (src/components/ui/Button.tsx:26:13)

    console.log
      [Button] Has onClick in props: false

      at log (src/components/ui/Button.tsx:27:13)

    console.log
      [Button] All props: {}

      at log (src/components/ui/Button.tsx:28:13)

    console.log
      [Button] Rendering with type: submit

      at log (src/components/ui/Button.tsx:25:13)

    console.log
      [Button] Props received: {
        variant: 'primary',
        size: 'lg',
        type: 'submit',
        loading: false,
        disabled: false
      }

      at log (src/components/ui/Button.tsx:26:13)

    console.log
      [Button] Has onClick in props: false

      at log (src/components/ui/Button.tsx:27:13)

    console.log
      [Button] All props: {}

      at log (src/components/ui/Button.tsx:28:13)

    console.log
      [Button] Rendering with type: submit

      at log (src/components/ui/Button.tsx:25:13)

    console.log
      [Button] Props received: {
        variant: 'primary',
        size: 'lg',
        type: 'submit',
        loading: false,
        disabled: false
      }

      at log (src/components/ui/Button.tsx:26:13)

    console.log
      [Button] Has onClick in props: false

      at log (src/components/ui/Button.tsx:27:13)

    console.log
      [Button] All props: {}

      at log (src/components/ui/Button.tsx:28:13)

    console.log
      [Button] Rendering with type: submit

      at log (src/components/ui/Button.tsx:25:13)

    console.log
      [Button] Props received: {
        variant: 'primary',
        size: 'lg',
        type: 'submit',
        loading: false,
        disabled: false
      }

      at log (src/components/ui/Button.tsx:26:13)

    console.log
      [Button] Has onClick in props: false

      at log (src/components/ui/Button.tsx:27:13)

    console.log
      [Button] All props: {}

      at log (src/components/ui/Button.tsx:28:13)

    console.log
      [Button] Rendering with type: submit

      at log (src/components/ui/Button.tsx:25:13)

    console.log
      [Button] Props received: {
        variant: 'primary',
        size: 'lg',
        type: 'submit',
        loading: false,
        disabled: false
      }

      at log (src/components/ui/Button.tsx:26:13)

    console.log
      [Button] Has onClick in props: false

      at log (src/components/ui/Button.tsx:27:13)

    console.log
      [Button] All props: {}

      at log (src/components/ui/Button.tsx:28:13)

    console.log
      [Button] Rendering with type: submit

      at log (src/components/ui/Button.tsx:25:13)

    console.log
      [Button] Props received: {
        variant: 'primary',
        size: 'lg',
        type: 'submit',
        loading: false,
        disabled: false
      }

      at log (src/components/ui/Button.tsx:26:13)

    console.log
      [Button] Has onClick in props: false

      at log (src/components/ui/Button.tsx:27:13)

    console.log
      [Button] All props: {}

      at log (src/components/ui/Button.tsx:28:13)

    console.log
      [Button] Rendering with type: submit

      at log (src/components/ui/Button.tsx:25:13)

    console.log
      [Button] Props received: {
        variant: 'primary',
        size: 'lg',
        type: 'submit',
        loading: false,
        disabled: false
      }

      at log (src/components/ui/Button.tsx:26:13)

    console.log
      [Button] Has onClick in props: false

      at log (src/components/ui/Button.tsx:27:13)

    console.log
      [Button] All props: {}

      at log (src/components/ui/Button.tsx:28:13)

    console.log
      [Button] Rendering with type: submit

      at log (src/components/ui/Button.tsx:25:13)

    console.log
      [Button] Props received: {
        variant: 'primary',
        size: 'lg',
        type: 'submit',
        loading: true,
        disabled: true
      }

      at log (src/components/ui/Button.tsx:26:13)

    console.log
      [Button] Has onClick in props: false

      at log (src/components/ui/Button.tsx:27:13)

    console.log
      [Button] All props: {}

      at log (src/components/ui/Button.tsx:28:13)

    console.log
      Form submission started

      at log (src/hooks/useLoginForm.ts:200:13)

    console.log
      Default behavior prevented

      at log (src/hooks/useLoginForm.ts:203:15)

    console.log
      [LoginFlowTracer] Trace started: 4e0a8b6f-03d7-4776-aa75-3e4560209b4d

      at log (src/lib/auth/LoginFlowTracer.ts:52:15)

    console.log
      [useLoginForm] Login flow started { traceId: '4e0a8b6f-03d7-4776-aa75-3e4560209b4d' }

      at log (src/hooks/useLoginForm.ts:208:13)

    console.log
      [useLoginForm] Calling API client login method { traceId: '4e0a8b6f-03d7-4776-aa75-3e4560209b4d' }

      at log (src/hooks/useLoginForm.ts:230:15)

    console.log
      [AuthService] Login attempt {
        email: 'attempt0@example.com',
        traceId: '4e0a8b6f-03d7-4776-aa75-3e4560209b4d'
      }

      at AuthService.log [as login] (src/lib/api/authService.ts:140:15)

    console.log
      [AuthService] Calling backend API { traceId: '4e0a8b6f-03d7-4776-aa75-3e4560209b4d' }

      at AuthService.log [as login] (src/lib/api/authService.ts:168:15)

    console.log
      [TokenManager] getToken attempt {
        storageKey: 'jwt_token',
        source: undefined,
        traceId: undefined,
        timestamp: '2026-02-08T19:37:29.005Z'
      }

      at log (src/lib/api/tokenManager.ts:322:11)

    console.log
      [TokenManager] Raw value retrieved {
        storageKey: 'jwt_token',
        valuePresent: false,
        valueLength: 0,
        valuePreview: 'null',
        traceId: undefined
      }

      at log (src/lib/api/tokenManager.ts:335:15)

    console.log
      [TokenManager] No token found in storage { storageKey: 'jwt_token', traceId: undefined }

      at log (src/lib/api/tokenManager.ts:358:21)

    console.warn
      [AuthLogger 2026-02-08T19:37:29.006Z] Token get failed

       98 |   } else {
       99 |     // In production, log minimal info
    > 100 |     consoleMethod(message);
          |     ^
      101 |   }
      102 | }
      103 |

      at consoleMethod (src/lib/auth/AuthLogger.ts:100:5)
      at log (src/lib/auth/AuthLogger.ts:175:3)
      at getToken (src/lib/api/tokenManager.ts:362:30)
      at src/lib/api/apiClient.ts:53:29
      at ApiClient.interceptor [as request] (src/lib/api/apiClient.ts:195:24)
      at ApiClient.request [as post] (src/lib/api/apiClient.ts:114:17)
      at AuthService.post [as login] (src/lib/api/authService.ts:169:45)
      at login (src/hooks/useLoginForm.ts:231:40)
      at errors (node_modules/react-hook-form/src/logic/createFormControl.ts:1293:24)

    console.log
      [TokenManager] getToken attempt {
        storageKey: 'jwt_token',
        source: undefined,
        traceId: undefined,
        timestamp: '2026-02-08T19:37:29.006Z'
      }

      at log (src/lib/api/tokenManager.ts:322:11)

    console.log
      [TokenManager] Raw value retrieved {
        storageKey: 'jwt_token',
        valuePresent: false,
        valueLength: 0,
        valuePreview: 'null',
        traceId: undefined
      }

      at log (src/lib/api/tokenManager.ts:335:15)

    console.log
      [TokenManager] No token found in storage { storageKey: 'jwt_token', traceId: undefined }

      at log (src/lib/api/tokenManager.ts:358:21)

    console.warn
      [AuthLogger 2026-02-08T19:37:29.006Z] Token get failed

       98 |   } else {
       99 |     // In production, log minimal info
    > 100 |     consoleMethod(message);
          |     ^
      101 |   }
      102 | }
      103 |

      at consoleMethod (src/lib/auth/AuthLogger.ts:100:5)
      at log (src/lib/auth/AuthLogger.ts:175:3)
      at getToken (src/lib/api/tokenManager.ts:362:30)
      at TokenManager.getToken (src/lib/api/tokenManager.ts:512:12)
      at getToken (src/lib/api/interceptors.ts:41:30)
      at ApiClient.interceptor [as request] (src/lib/api/apiClient.ts:195:24)

    console.log
      [AuthService] Backend response received {
        hasToken: false,
        email: undefined,
        traceId: '4e0a8b6f-03d7-4776-aa75-3e4560209b4d'
      }

      at AuthService.log [as login] (src/lib/api/authService.ts:170:15)

    console.error
      [AuthService] Login error {
        error: 'Invalid login response: missing or invalid token',
        traceId: '4e0a8b6f-03d7-4776-aa75-3e4560209b4d'
      }

      223 |       };
      224 |     } catch (error: any) {
    > 225 |       console.error('[AuthService] Login error', {
          |               ^
      226 |         error: error.message || String(error),
      227 |         traceId,
      228 |       });

      at AuthService.error (src/lib/api/authService.ts:225:15)
      at src/hooks/useLoginForm.ts:231:22
      at unset (node_modules/react-hook-form/src/logic/createFormControl.ts:1293:7)

    console.error
      [useLoginForm] Login failed {
        error: 'Unable to connect. Please check your internet connection.',
        traceId: '4e0a8b6f-03d7-4776-aa75-3e4560209b4d'
      }

      259 |       } else {
      260 |         // Login failed - handle error
    > 261 |         console.error('[useLoginForm] Login failed', { error: result.error, traceId });
          |                 ^
      262 |         
      263 |         // Record attempt for authentication errors
      264 |         if (result.error === 'Invalid email or password') {

      at error (src/hooks/useLoginForm.ts:261:17)
      at unset (node_modules/react-hook-form/src/logic/createFormControl.ts:1293:7)

    console.error
      Login error: {
        type: 'authentication',
        message: 'Unable to connect. Please check your internet connection.'
      }

      139 |     // Error handling is managed by the LoginForm component
      140 |     // This callback is provided for potential future logging or analytics
    > 141 |     console.error('Login error:', error);
          |             ^
      142 |   };
      143 |
      144 |   return (

      at error (src/app/login/LoginPageClient.tsx:141:13)
      at onError (src/hooks/useLoginForm.ts:271:11)
      at unset (node_modules/react-hook-form/src/logic/createFormControl.ts:1293:7)

    console.log
      [Button] Rendering with type: submit

      at log (src/components/ui/Button.tsx:25:13)

    console.log
      [Button] Props received: {
        variant: 'primary',
        size: 'lg',
        type: 'submit',
        loading: false,
        disabled: false
      }

      at log (src/components/ui/Button.tsx:26:13)

    console.log
      [Button] Has onClick in props: false

      at log (src/components/ui/Button.tsx:27:13)

    console.log
      [Button] All props: {}

      at log (src/components/ui/Button.tsx:28:13)

    console.log
      [Button] Rendering with type: submit

      at log (src/components/ui/Button.tsx:25:13)

    console.log
      [Button] Props received: {
        variant: 'primary',
        size: 'lg',
        type: 'submit',
        loading: false,
        disabled: false
      }

      at log (src/components/ui/Button.tsx:26:13)

    console.log
      [Button] Has onClick in props: false

      at log (src/components/ui/Button.tsx:27:13)

    console.log
      [Button] All props: {}

      at log (src/components/ui/Button.tsx:28:13)

    console.log
      [Button] Rendering with type: submit

      at log (src/components/ui/Button.tsx:25:13)

    console.log
      [Button] Props received: {
        variant: 'primary',
        size: 'lg',
        type: 'submit',
        loading: false,
        disabled: false
      }

      at log (src/components/ui/Button.tsx:26:13)

    console.log
      [Button] Has onClick in props: false

      at log (src/components/ui/Button.tsx:27:13)

    console.log
      [Button] All props: {}

      at log (src/components/ui/Button.tsx:28:13)

    console.log
      [Button] Rendering with type: submit

      at log (src/components/ui/Button.tsx:25:13)

    console.log
      [Button] Props received: {
        variant: 'primary',
        size: 'lg',
        type: 'submit',
        loading: false,
        disabled: false
      }

      at log (src/components/ui/Button.tsx:26:13)

    console.log
      [Button] Has onClick in props: false

      at log (src/components/ui/Button.tsx:27:13)

    console.log
      [Button] All props: {}

      at log (src/components/ui/Button.tsx:28:13)

    console.log
      [Button] Rendering with type: submit

      at log (src/components/ui/Button.tsx:25:13)

    console.log
      [Button] Props received: {
        variant: 'primary',
        size: 'lg',
        type: 'submit',
        loading: false,
        disabled: false
      }

      at log (src/components/ui/Button.tsx:26:13)

    console.log
      [Button] Has onClick in props: false

      at log (src/components/ui/Button.tsx:27:13)

    console.log
      [Button] All props: {}

      at log (src/components/ui/Button.tsx:28:13)

    console.log
      [Button] Rendering with type: submit

      at log (src/components/ui/Button.tsx:25:13)

    console.log
      [Button] Props received: {
        variant: 'primary',
        size: 'lg',
        type: 'submit',
        loading: false,
        disabled: false
      }

      at log (src/components/ui/Button.tsx:26:13)

    console.log
      [Button] Has onClick in props: false

      at log (src/components/ui/Button.tsx:27:13)

    console.log
      [Button] All props: {}

      at log (src/components/ui/Button.tsx:28:13)

    console.log
      [Button] Rendering with type: submit

      at log (src/components/ui/Button.tsx:25:13)

    console.log
      [Button] Props received: {
        variant: 'primary',
        size: 'lg',
        type: 'submit',
        loading: false,
        disabled: false
      }

      at log (src/components/ui/Button.tsx:26:13)

    console.log
      [Button] Has onClick in props: false

      at log (src/components/ui/Button.tsx:27:13)

    console.log
      [Button] All props: {}

      at log (src/components/ui/Button.tsx:28:13)

    console.log
      [Button] Rendering with type: submit

      at log (src/components/ui/Button.tsx:25:13)

    console.log
      [Button] Props received: {
        variant: 'primary',
        size: 'lg',
        type: 'submit',
        loading: false,
        disabled: false
      }

      at log (src/components/ui/Button.tsx:26:13)

    console.log
      [Button] Has onClick in props: false

      at log (src/components/ui/Button.tsx:27:13)

    console.log
      [Button] All props: {}

      at log (src/components/ui/Button.tsx:28:13)

    console.log
      [Button] Rendering with type: submit

      at log (src/components/ui/Button.tsx:25:13)

    console.log
      [Button] Props received: {
        variant: 'primary',
        size: 'lg',
        type: 'submit',
        loading: false,
        disabled: false
      }

      at log (src/components/ui/Button.tsx:26:13)

    console.log
      [Button] Has onClick in props: false

      at log (src/components/ui/Button.tsx:27:13)

    console.log
      [Button] All props: {}

      at log (src/components/ui/Button.tsx:28:13)

    console.log
      [Button] Rendering with type: submit

      at log (src/components/ui/Button.tsx:25:13)

    console.log
      [Button] Props received: {
        variant: 'primary',
        size: 'lg',
        type: 'submit',
        loading: false,
        disabled: false
      }

      at log (src/components/ui/Button.tsx:26:13)

    console.log
      [Button] Has onClick in props: false

      at log (src/components/ui/Button.tsx:27:13)

    console.log
      [Button] All props: {}

      at log (src/components/ui/Button.tsx:28:13)

    console.log
      [Button] Rendering with type: submit

      at log (src/components/ui/Button.tsx:25:13)

    console.log
      [Button] Props received: {
        variant: 'primary',
        size: 'lg',
        type: 'submit',
        loading: false,
        disabled: false
      }

      at log (src/components/ui/Button.tsx:26:13)

    console.log
      [Button] Has onClick in props: false

      at log (src/components/ui/Button.tsx:27:13)

    console.log
      [Button] All props: {}

      at log (src/components/ui/Button.tsx:28:13)

    console.log
      [Button] Rendering with type: submit

      at log (src/components/ui/Button.tsx:25:13)

    console.log
      [Button] Props received: {
        variant: 'primary',
        size: 'lg',
        type: 'submit',
        loading: false,
        disabled: false
      }

      at log (src/components/ui/Button.tsx:26:13)

    console.log
      [Button] Has onClick in props: false

      at log (src/components/ui/Button.tsx:27:13)

    console.log
      [Button] All props: {}

      at log (src/components/ui/Button.tsx:28:13)

    console.log
      [Button] Rendering with type: submit

      at log (src/components/ui/Button.tsx:25:13)

    console.log
      [Button] Props received: {
        variant: 'primary',
        size: 'lg',
        type: 'submit',
        loading: false,
        disabled: false
      }

      at log (src/components/ui/Button.tsx:26:13)

    console.log
      [Button] Has onClick in props: false

      at log (src/components/ui/Button.tsx:27:13)

    console.log
      [Button] All props: {}

      at log (src/components/ui/Button.tsx:28:13)

    console.log
      [Button] Rendering with type: submit

      at log (src/components/ui/Button.tsx:25:13)

    console.log
      [Button] Props received: {
        variant: 'primary',
        size: 'lg',
        type: 'submit',
        loading: false,
        disabled: false
      }

      at log (src/components/ui/Button.tsx:26:13)

    console.log
      [Button] Has onClick in props: false

      at log (src/components/ui/Button.tsx:27:13)

    console.log
      [Button] All props: {}

      at log (src/components/ui/Button.tsx:28:13)

    console.log
      [Button] Rendering with type: submit

      at log (src/components/ui/Button.tsx:25:13)

    console.log
      [Button] Props received: {
        variant: 'primary',
        size: 'lg',
        type: 'submit',
        loading: false,
        disabled: false
      }

      at log (src/components/ui/Button.tsx:26:13)

    console.log
      [Button] Has onClick in props: false

      at log (src/components/ui/Button.tsx:27:13)

    console.log
      [Button] All props: {}

      at log (src/components/ui/Button.tsx:28:13)

    console.log
      [Button] Rendering with type: submit

      at log (src/components/ui/Button.tsx:25:13)

    console.log
      [Button] Props received: {
        variant: 'primary',
        size: 'lg',
        type: 'submit',
        loading: false,
        disabled: false
      }

      at log (src/components/ui/Button.tsx:26:13)

    console.log
      [Button] Has onClick in props: false

      at log (src/components/ui/Button.tsx:27:13)

    console.log
      [Button] All props: {}

      at log (src/components/ui/Button.tsx:28:13)

    console.log
      [Button] Rendering with type: submit

      at log (src/components/ui/Button.tsx:25:13)

    console.log
      [Button] Props received: {
        variant: 'primary',
        size: 'lg',
        type: 'submit',
        loading: false,
        disabled: false
      }

      at log (src/components/ui/Button.tsx:26:13)

    console.log
      [Button] Has onClick in props: false

      at log (src/components/ui/Button.tsx:27:13)

    console.log
      [Button] All props: {}

      at log (src/components/ui/Button.tsx:28:13)

    console.log
      [Button] Rendering with type: submit

      at log (src/components/ui/Button.tsx:25:13)

    console.log
      [Button] Props received: {
        variant: 'primary',
        size: 'lg',
        type: 'submit',
        loading: false,
        disabled: false
      }

      at log (src/components/ui/Button.tsx:26:13)

    console.log
      [Button] Has onClick in props: false

      at log (src/components/ui/Button.tsx:27:13)

    console.log
      [Button] All props: {}

      at log (src/components/ui/Button.tsx:28:13)

    console.log
      [Button] Rendering with type: submit

      at log (src/components/ui/Button.tsx:25:13)

    console.log
      [Button] Props received: {
        variant: 'primary',
        size: 'lg',
        type: 'submit',
        loading: false,
        disabled: false
      }

      at log (src/components/ui/Button.tsx:26:13)

    console.log
      [Button] Has onClick in props: false

      at log (src/components/ui/Button.tsx:27:13)

    console.log
      [Button] All props: {}

      at log (src/components/ui/Button.tsx:28:13)

    console.log
      [Button] Rendering with type: submit

      at log (src/components/ui/Button.tsx:25:13)

    console.log
      [Button] Props received: {
        variant: 'primary',
        size: 'lg',
        type: 'submit',
        loading: false,
        disabled: false
      }

      at log (src/components/ui/Button.tsx:26:13)

    console.log
      [Button] Has onClick in props: false

      at log (src/components/ui/Button.tsx:27:13)

    console.log
      [Button] All props: {}

      at log (src/components/ui/Button.tsx:28:13)

    console.log
      [Button] Rendering with type: submit

      at log (src/components/ui/Button.tsx:25:13)

    console.log
      [Button] Props received: {
        variant: 'primary',
        size: 'lg',
        type: 'submit',
        loading: false,
        disabled: false
      }

      at log (src/components/ui/Button.tsx:26:13)

    console.log
      [Button] Has onClick in props: false

      at log (src/components/ui/Button.tsx:27:13)

    console.log
      [Button] All props: {}

      at log (src/components/ui/Button.tsx:28:13)

    console.log
      [Button] Rendering with type: submit

      at log (src/components/ui/Button.tsx:25:13)

    console.log
      [Button] Props received: {
        variant: 'primary',
        size: 'lg',
        type: 'submit',
        loading: false,
        disabled: false
      }

      at log (src/components/ui/Button.tsx:26:13)

    console.log
      [Button] Has onClick in props: false

      at log (src/components/ui/Button.tsx:27:13)

    console.log
      [Button] All props: {}

      at log (src/components/ui/Button.tsx:28:13)

    console.log
      [Button] Rendering with type: submit

      at log (src/components/ui/Button.tsx:25:13)

    console.log
      [Button] Props received: {
        variant: 'primary',
        size: 'lg',
        type: 'submit',
        loading: false,
        disabled: false
      }

      at log (src/components/ui/Button.tsx:26:13)

    console.log
      [Button] Has onClick in props: false

      at log (src/components/ui/Button.tsx:27:13)

    console.log
      [Button] All props: {}

      at log (src/components/ui/Button.tsx:28:13)

    console.log
      [Button] Rendering with type: submit

      at log (src/components/ui/Button.tsx:25:13)

    console.log
      [Button] Props received: {
        variant: 'primary',
        size: 'lg',
        type: 'submit',
        loading: false,
        disabled: false
      }

      at log (src/components/ui/Button.tsx:26:13)

    console.log
      [Button] Has onClick in props: false

      at log (src/components/ui/Button.tsx:27:13)

    console.log
      [Button] All props: {}

      at log (src/components/ui/Button.tsx:28:13)

    console.log
      [Button] Rendering with type: submit

      at log (src/components/ui/Button.tsx:25:13)

    console.log
      [Button] Props received: {
        variant: 'primary',
        size: 'lg',
        type: 'submit',
        loading: false,
        disabled: false
      }

      at log (src/components/ui/Button.tsx:26:13)

    console.log
      [Button] Has onClick in props: false

      at log (src/components/ui/Button.tsx:27:13)

    console.log
      [Button] All props: {}

      at log (src/components/ui/Button.tsx:28:13)

    console.log
      [Button] Rendering with type: submit

      at log (src/components/ui/Button.tsx:25:13)

    console.log
      [Button] Props received: {
        variant: 'primary',
        size: 'lg',
        type: 'submit',
        loading: false,
        disabled: false
      }

      at log (src/components/ui/Button.tsx:26:13)

    console.log
      [Button] Has onClick in props: false

      at log (src/components/ui/Button.tsx:27:13)

    console.log
      [Button] All props: {}

      at log (src/components/ui/Button.tsx:28:13)

    console.log
      [Button] Rendering with type: submit

      at log (src/components/ui/Button.tsx:25:13)

    console.log
      [Button] Props received: {
        variant: 'primary',
        size: 'lg',
        type: 'submit',
        loading: false,
        disabled: false
      }

      at log (src/components/ui/Button.tsx:26:13)

    console.log
      [Button] Has onClick in props: false

      at log (src/components/ui/Button.tsx:27:13)

    console.log
      [Button] All props: {}

      at log (src/components/ui/Button.tsx:28:13)

    console.log
      [Button] Rendering with type: submit

      at log (src/components/ui/Button.tsx:25:13)

    console.log
      [Button] Props received: {
        variant: 'primary',
        size: 'lg',
        type: 'submit',
        loading: false,
        disabled: false
      }

      at log (src/components/ui/Button.tsx:26:13)

    console.log
      [Button] Has onClick in props: false

      at log (src/components/ui/Button.tsx:27:13)

    console.log
      [Button] All props: {}

      at log (src/components/ui/Button.tsx:28:13)

    console.log
      [Button] Rendering with type: submit

      at log (src/components/ui/Button.tsx:25:13)

    console.log
      [Button] Props received: {
        variant: 'primary',
        size: 'lg',
        type: 'submit',
        loading: false,
        disabled: false
      }

      at log (src/components/ui/Button.tsx:26:13)

    console.log
      [Button] Has onClick in props: false

      at log (src/components/ui/Button.tsx:27:13)

    console.log
      [Button] All props: {}

      at log (src/components/ui/Button.tsx:28:13)

    console.log
      [Button] Rendering with type: submit

      at log (src/components/ui/Button.tsx:25:13)

    console.log
      [Button] Props received: {
        variant: 'primary',
        size: 'lg',
        type: 'submit',
        loading: false,
        disabled: false
      }

      at log (src/components/ui/Button.tsx:26:13)

    console.log
      [Button] Has onClick in props: false

      at log (src/components/ui/Button.tsx:27:13)

    console.log
      [Button] All props: {}

      at log (src/components/ui/Button.tsx:28:13)

    console.log
      [Button] Rendering with type: submit

      at log (src/components/ui/Button.tsx:25:13)

    console.log
      [Button] Props received: {
        variant: 'primary',
        size: 'lg',
        type: 'submit',
        loading: false,
        disabled: false
      }

      at log (src/components/ui/Button.tsx:26:13)

    console.log
      [Button] Has onClick in props: false

      at log (src/components/ui/Button.tsx:27:13)

    console.log
      [Button] All props: {}

      at log (src/components/ui/Button.tsx:28:13)

    console.log
      [Button] Rendering with type: submit

      at log (src/components/ui/Button.tsx:25:13)

    console.log
      [Button] Props received: {
        variant: 'primary',
        size: 'lg',
        type: 'submit',
        loading: true,
        disabled: true
      }

      at log (src/components/ui/Button.tsx:26:13)

    console.log
      [Button] Has onClick in props: false

      at log (src/components/ui/Button.tsx:27:13)

    console.log
      [Button] All props: {}

      at log (src/components/ui/Button.tsx:28:13)

    console.log
      Form submission started

      at log (src/hooks/useLoginForm.ts:200:13)

    console.log
      Default behavior prevented

      at log (src/hooks/useLoginForm.ts:203:15)

    console.log
      [LoginFlowTracer] Trace started: 3bc4c9c2-98e6-4bd2-9572-528cf34e2f62

      at log (src/lib/auth/LoginFlowTracer.ts:52:15)

    console.log
      [useLoginForm] Login flow started { traceId: '3bc4c9c2-98e6-4bd2-9572-528cf34e2f62' }

      at log (src/hooks/useLoginForm.ts:208:13)

    console.log
      [useLoginForm] Calling API client login method { traceId: '3bc4c9c2-98e6-4bd2-9572-528cf34e2f62' }

      at log (src/hooks/useLoginForm.ts:230:15)

    console.log
      [AuthService] Login attempt {
        email: 'test0@example.com',
        traceId: '3bc4c9c2-98e6-4bd2-9572-528cf34e2f62'
      }

      at AuthService.log [as login] (src/lib/api/authService.ts:140:15)

    console.log
      [AuthService] Calling backend API { traceId: '3bc4c9c2-98e6-4bd2-9572-528cf34e2f62' }

      at AuthService.log [as login] (src/lib/api/authService.ts:168:15)

    console.log
      [TokenManager] getToken attempt {
        storageKey: 'jwt_token',
        source: undefined,
        traceId: undefined,
        timestamp: '2026-02-08T19:37:30.222Z'
      }

      at log (src/lib/api/tokenManager.ts:322:11)

    console.log
      [TokenManager] Raw value retrieved {
        storageKey: 'jwt_token',
        valuePresent: false,
        valueLength: 0,
        valuePreview: 'null',
        traceId: undefined
      }

      at log (src/lib/api/tokenManager.ts:335:15)

    console.log
      [TokenManager] No token found in storage { storageKey: 'jwt_token', traceId: undefined }

      at log (src/lib/api/tokenManager.ts:358:21)

    console.warn
      [AuthLogger 2026-02-08T19:37:30.222Z] Token get failed

       98 |   } else {
       99 |     // In production, log minimal info
    > 100 |     consoleMethod(message);
          |     ^
      101 |   }
      102 | }
      103 |

      at consoleMethod (src/lib/auth/AuthLogger.ts:100:5)
      at log (src/lib/auth/AuthLogger.ts:175:3)
      at getToken (src/lib/api/tokenManager.ts:362:30)
      at src/lib/api/apiClient.ts:53:29
      at ApiClient.interceptor [as request] (src/lib/api/apiClient.ts:195:24)
      at ApiClient.request [as post] (src/lib/api/apiClient.ts:114:17)
      at AuthService.post [as login] (src/lib/api/authService.ts:169:45)
      at login (src/hooks/useLoginForm.ts:231:40)
      at errors (node_modules/react-hook-form/src/logic/createFormControl.ts:1293:24)

    console.log
      [TokenManager] getToken attempt {
        storageKey: 'jwt_token',
        source: undefined,
        traceId: undefined,
        timestamp: '2026-02-08T19:37:30.223Z'
      }

      at log (src/lib/api/tokenManager.ts:322:11)

    console.log
      [TokenManager] Raw value retrieved {
        storageKey: 'jwt_token',
        valuePresent: false,
        valueLength: 0,
        valuePreview: 'null',
        traceId: undefined
      }

      at log (src/lib/api/tokenManager.ts:335:15)

    console.log
      [TokenManager] No token found in storage { storageKey: 'jwt_token', traceId: undefined }

      at log (src/lib/api/tokenManager.ts:358:21)

    console.warn
      [AuthLogger 2026-02-08T19:37:30.223Z] Token get failed

       98 |   } else {
       99 |     // In production, log minimal info
    > 100 |     consoleMethod(message);
          |     ^
      101 |   }
      102 | }
      103 |

      at consoleMethod (src/lib/auth/AuthLogger.ts:100:5)
      at log (src/lib/auth/AuthLogger.ts:175:3)
      at getToken (src/lib/api/tokenManager.ts:362:30)
      at TokenManager.getToken (src/lib/api/tokenManager.ts:512:12)
      at getToken (src/lib/api/interceptors.ts:41:30)
      at ApiClient.interceptor [as request] (src/lib/api/apiClient.ts:195:24)

    console.log
      [AuthService] Backend response received {
        hasToken: false,
        email: undefined,
        traceId: '3bc4c9c2-98e6-4bd2-9572-528cf34e2f62'
      }

      at AuthService.log [as login] (src/lib/api/authService.ts:170:15)

    console.error
      [AuthService] Login error {
        error: 'Invalid login response: missing or invalid token',
        traceId: '3bc4c9c2-98e6-4bd2-9572-528cf34e2f62'
      }

      223 |       };
      224 |     } catch (error: any) {
    > 225 |       console.error('[AuthService] Login error', {
          |               ^
      226 |         error: error.message || String(error),
      227 |         traceId,
      228 |       });

      at AuthService.error (src/lib/api/authService.ts:225:15)
      at src/hooks/useLoginForm.ts:231:22
      at unset (node_modules/react-hook-form/src/logic/createFormControl.ts:1293:7)

    console.error
      [useLoginForm] Login failed {
        error: 'Unable to connect. Please check your internet connection.',
        traceId: '3bc4c9c2-98e6-4bd2-9572-528cf34e2f62'
      }

      259 |       } else {
      260 |         // Login failed - handle error
    > 261 |         console.error('[useLoginForm] Login failed', { error: result.error, traceId });
          |                 ^
      262 |         
      263 |         // Record attempt for authentication errors
      264 |         if (result.error === 'Invalid email or password') {

      at error (src/hooks/useLoginForm.ts:261:17)
      at unset (node_modules/react-hook-form/src/logic/createFormControl.ts:1293:7)

    console.error
      Login error: {
        type: 'authentication',
        message: 'Unable to connect. Please check your internet connection.'
      }

      139 |     // Error handling is managed by the LoginForm component
      140 |     // This callback is provided for potential future logging or analytics
    > 141 |     console.error('Login error:', error);
          |             ^
      142 |   };
      143 |
      144 |   return (

      at error (src/app/login/LoginPageClient.tsx:141:13)
      at onError (src/hooks/useLoginForm.ts:271:11)
      at unset (node_modules/react-hook-form/src/logic/createFormControl.ts:1293:7)

    console.log
      [Button] Rendering with type: submit

      at log (src/components/ui/Button.tsx:25:13)

    console.log
      [Button] Props received: {
        variant: 'primary',
        size: 'lg',
        type: 'submit',
        loading: false,
        disabled: false
      }

      at log (src/components/ui/Button.tsx:26:13)

    console.log
      [Button] Has onClick in props: false

      at log (src/components/ui/Button.tsx:27:13)

    console.log
      [Button] All props: {}

      at log (src/components/ui/Button.tsx:28:13)

    console.log
      [Button] Rendering with type: submit

      at log (src/components/ui/Button.tsx:25:13)

    console.log
      [Button] Props received: {
        variant: 'primary',
        size: 'lg',
        type: 'submit',
        loading: false,
        disabled: false
      }

      at log (src/components/ui/Button.tsx:26:13)

    console.log
      [Button] Has onClick in props: false

      at log (src/components/ui/Button.tsx:27:13)

    console.log
      [Button] All props: {}

      at log (src/components/ui/Button.tsx:28:13)

    console.log
      [Button] Rendering with type: submit

      at log (src/components/ui/Button.tsx:25:13)

    console.log
      [Button] Props received: {
        variant: 'primary',
        size: 'lg',
        type: 'submit',
        loading: false,
        disabled: false
      }

      at log (src/components/ui/Button.tsx:26:13)

    console.log
      [Button] Has onClick in props: false

      at log (src/components/ui/Button.tsx:27:13)

    console.log
      [Button] All props: {}

      at log (src/components/ui/Button.tsx:28:13)

    console.log
      [Button] Rendering with type: submit

      at log (src/components/ui/Button.tsx:25:13)

    console.log
      [Button] Props received: {
        variant: 'primary',
        size: 'lg',
        type: 'submit',
        loading: false,
        disabled: false
      }

      at log (src/components/ui/Button.tsx:26:13)

    console.log
      [Button] Has onClick in props: false

      at log (src/components/ui/Button.tsx:27:13)

    console.log
      [Button] All props: {}

      at log (src/components/ui/Button.tsx:28:13)

    console.log
      [Button] Rendering with type: submit

      at log (src/components/ui/Button.tsx:25:13)

    console.log
      [Button] Props received: {
        variant: 'primary',
        size: 'lg',
        type: 'submit',
        loading: false,
        disabled: false
      }

      at log (src/components/ui/Button.tsx:26:13)

    console.log
      [Button] Has onClick in props: false

      at log (src/components/ui/Button.tsx:27:13)

    console.log
      [Button] All props: {}

      at log (src/components/ui/Button.tsx:28:13)

    console.log
      [Button] Rendering with type: submit

      at log (src/components/ui/Button.tsx:25:13)

    console.log
      [Button] Props received: {
        variant: 'primary',
        size: 'lg',
        type: 'submit',
        loading: false,
        disabled: false
      }

      at log (src/components/ui/Button.tsx:26:13)

    console.log
      [Button] Has onClick in props: false

      at log (src/components/ui/Button.tsx:27:13)

    console.log
      [Button] All props: {}

      at log (src/components/ui/Button.tsx:28:13)

    console.log
      [Button] Rendering with type: submit

      at log (src/components/ui/Button.tsx:25:13)

    console.log
      [Button] Props received: {
        variant: 'primary',
        size: 'lg',
        type: 'submit',
        loading: false,
        disabled: false
      }

      at log (src/components/ui/Button.tsx:26:13)

    console.log
      [Button] Has onClick in props: false

      at log (src/components/ui/Button.tsx:27:13)

    console.log
      [Button] All props: {}

      at log (src/components/ui/Button.tsx:28:13)

    console.log
      [Button] Rendering with type: submit

      at log (src/components/ui/Button.tsx:25:13)

    console.log
      [Button] Props received: {
        variant: 'primary',
        size: 'lg',
        type: 'submit',
        loading: false,
        disabled: false
      }

      at log (src/components/ui/Button.tsx:26:13)

    console.log
      [Button] Has onClick in props: false

      at log (src/components/ui/Button.tsx:27:13)

    console.log
      [Button] All props: {}

      at log (src/components/ui/Button.tsx:28:13)

    console.log
      [Button] Rendering with type: submit

      at log (src/components/ui/Button.tsx:25:13)

    console.log
      [Button] Props received: {
        variant: 'primary',
        size: 'lg',
        type: 'submit',
        loading: false,
        disabled: false
      }

      at log (src/components/ui/Button.tsx:26:13)

    console.log
      [Button] Has onClick in props: false

      at log (src/components/ui/Button.tsx:27:13)

    console.log
      [Button] All props: {}

      at log (src/components/ui/Button.tsx:28:13)

    console.log
      [Button] Rendering with type: submit

      at log (src/components/ui/Button.tsx:25:13)

    console.log
      [Button] Props received: {
        variant: 'primary',
        size: 'lg',
        type: 'submit',
        loading: false,
        disabled: false
      }

      at log (src/components/ui/Button.tsx:26:13)

    console.log
      [Button] Has onClick in props: false

      at log (src/components/ui/Button.tsx:27:13)

    console.log
      [Button] All props: {}

      at log (src/components/ui/Button.tsx:28:13)

    console.log
      [Button] Rendering with type: submit

      at log (src/components/ui/Button.tsx:25:13)

    console.log
      [Button] Props received: {
        variant: 'primary',
        size: 'lg',
        type: 'submit',
        loading: false,
        disabled: false
      }

      at log (src/components/ui/Button.tsx:26:13)

    console.log
      [Button] Has onClick in props: false

      at log (src/components/ui/Button.tsx:27:13)

    console.log
      [Button] All props: {}

      at log (src/components/ui/Button.tsx:28:13)

    console.log
      [Button] Rendering with type: submit

      at log (src/components/ui/Button.tsx:25:13)

    console.log
      [Button] Props received: {
        variant: 'primary',
        size: 'lg',
        type: 'submit',
        loading: false,
        disabled: false
      }

      at log (src/components/ui/Button.tsx:26:13)

    console.log
      [Button] Has onClick in props: false

      at log (src/components/ui/Button.tsx:27:13)

    console.log
      [Button] All props: {}

      at log (src/components/ui/Button.tsx:28:13)

    console.log
      [Button] Rendering with type: submit

      at log (src/components/ui/Button.tsx:25:13)

    console.log
      [Button] Props received: {
        variant: 'primary',
        size: 'lg',
        type: 'submit',
        loading: false,
        disabled: false
      }

      at log (src/components/ui/Button.tsx:26:13)

    console.log
      [Button] Has onClick in props: false

      at log (src/components/ui/Button.tsx:27:13)

    console.log
      [Button] All props: {}

      at log (src/components/ui/Button.tsx:28:13)

    console.log
      [Button] Rendering with type: submit

      at log (src/components/ui/Button.tsx:25:13)

    console.log
      [Button] Props received: {
        variant: 'primary',
        size: 'lg',
        type: 'submit',
        loading: false,
        disabled: false
      }

      at log (src/components/ui/Button.tsx:26:13)

    console.log
      [Button] Has onClick in props: false

      at log (src/components/ui/Button.tsx:27:13)

    console.log
      [Button] All props: {}

      at log (src/components/ui/Button.tsx:28:13)

    console.log
      [Button] Rendering with type: submit

      at log (src/components/ui/Button.tsx:25:13)

    console.log
      [Button] Props received: {
        variant: 'primary',
        size: 'lg',
        type: 'submit',
        loading: false,
        disabled: false
      }

      at log (src/components/ui/Button.tsx:26:13)

    console.log
      [Button] Has onClick in props: false

      at log (src/components/ui/Button.tsx:27:13)

    console.log
      [Button] All props: {}

      at log (src/components/ui/Button.tsx:28:13)

    console.log
      [Button] Rendering with type: submit

      at log (src/components/ui/Button.tsx:25:13)

    console.log
      [Button] Props received: {
        variant: 'primary',
        size: 'lg',
        type: 'submit',
        loading: false,
        disabled: false
      }

      at log (src/components/ui/Button.tsx:26:13)

    console.log
      [Button] Has onClick in props: false

      at log (src/components/ui/Button.tsx:27:13)

    console.log
      [Button] All props: {}

      at log (src/components/ui/Button.tsx:28:13)

    console.log
      [Button] Rendering with type: submit

      at log (src/components/ui/Button.tsx:25:13)

    console.log
      [Button] Props received: {
        variant: 'primary',
        size: 'lg',
        type: 'submit',
        loading: false,
        disabled: false
      }

      at log (src/components/ui/Button.tsx:26:13)

    console.log
      [Button] Has onClick in props: false

      at log (src/components/ui/Button.tsx:27:13)

    console.log
      [Button] All props: {}

      at log (src/components/ui/Button.tsx:28:13)

    console.log
      [Button] Rendering with type: submit

      at log (src/components/ui/Button.tsx:25:13)

    console.log
      [Button] Props received: {
        variant: 'primary',
        size: 'lg',
        type: 'submit',
        loading: false,
        disabled: false
      }

      at log (src/components/ui/Button.tsx:26:13)

    console.log
      [Button] Has onClick in props: false

      at log (src/components/ui/Button.tsx:27:13)

    console.log
      [Button] All props: {}

      at log (src/components/ui/Button.tsx:28:13)

    console.log
      [Button] Rendering with type: submit

      at log (src/components/ui/Button.tsx:25:13)

    console.log
      [Button] Props received: {
        variant: 'primary',
        size: 'lg',
        type: 'submit',
        loading: false,
        disabled: false
      }

      at log (src/components/ui/Button.tsx:26:13)

    console.log
      [Button] Has onClick in props: false

      at log (src/components/ui/Button.tsx:27:13)

    console.log
      [Button] All props: {}

      at log (src/components/ui/Button.tsx:28:13)

    console.log
      [Button] Rendering with type: submit

      at log (src/components/ui/Button.tsx:25:13)

    console.log
      [Button] Props received: {
        variant: 'primary',
        size: 'lg',
        type: 'submit',
        loading: false,
        disabled: false
      }

      at log (src/components/ui/Button.tsx:26:13)

    console.log
      [Button] Has onClick in props: false

      at log (src/components/ui/Button.tsx:27:13)

    console.log
      [Button] All props: {}

      at log (src/components/ui/Button.tsx:28:13)

    console.log
      [Button] Rendering with type: submit

      at log (src/components/ui/Button.tsx:25:13)

    console.log
      [Button] Props received: {
        variant: 'primary',
        size: 'lg',
        type: 'submit',
        loading: false,
        disabled: false
      }

      at log (src/components/ui/Button.tsx:26:13)

    console.log
      [Button] Has onClick in props: false

      at log (src/components/ui/Button.tsx:27:13)

    console.log
      [Button] All props: {}

      at log (src/components/ui/Button.tsx:28:13)

    console.log
      [Button] Rendering with type: submit

      at log (src/components/ui/Button.tsx:25:13)

    console.log
      [Button] Props received: {
        variant: 'primary',
        size: 'lg',
        type: 'submit',
        loading: false,
        disabled: false
      }

      at log (src/components/ui/Button.tsx:26:13)

    console.log
      [Button] Has onClick in props: false

      at log (src/components/ui/Button.tsx:27:13)

    console.log
      [Button] All props: {}

      at log (src/components/ui/Button.tsx:28:13)

    console.log
      [Button] Rendering with type: submit

      at log (src/components/ui/Button.tsx:25:13)

    console.log
      [Button] Props received: {
        variant: 'primary',
        size: 'lg',
        type: 'submit',
        loading: false,
        disabled: false
      }

      at log (src/components/ui/Button.tsx:26:13)

    console.log
      [Button] Has onClick in props: false

      at log (src/components/ui/Button.tsx:27:13)

    console.log
      [Button] All props: {}

      at log (src/components/ui/Button.tsx:28:13)

    console.log
      [Button] Rendering with type: submit

      at log (src/components/ui/Button.tsx:25:13)

    console.log
      [Button] Props received: {
        variant: 'primary',
        size: 'lg',
        type: 'submit',
        loading: false,
        disabled: false
      }

      at log (src/components/ui/Button.tsx:26:13)

    console.log
      [Button] Has onClick in props: false

      at log (src/components/ui/Button.tsx:27:13)

    console.log
      [Button] All props: {}

      at log (src/components/ui/Button.tsx:28:13)

    console.log
      [Button] Rendering with type: submit

      at log (src/components/ui/Button.tsx:25:13)

    console.log
      [Button] Props received: {
        variant: 'primary',
        size: 'lg',
        type: 'submit',
        loading: false,
        disabled: false
      }

      at log (src/components/ui/Button.tsx:26:13)

    console.log
      [Button] Has onClick in props: false

      at log (src/components/ui/Button.tsx:27:13)

    console.log
      [Button] All props: {}

      at log (src/components/ui/Button.tsx:28:13)

    console.log
      [Button] Rendering with type: submit

      at log (src/components/ui/Button.tsx:25:13)

    console.log
      [Button] Props received: {
        variant: 'primary',
        size: 'lg',
        type: 'submit',
        loading: false,
        disabled: false
      }

      at log (src/components/ui/Button.tsx:26:13)

    console.log
      [Button] Has onClick in props: false

      at log (src/components/ui/Button.tsx:27:13)

    console.log
      [Button] All props: {}

      at log (src/components/ui/Button.tsx:28:13)

    console.log
      [Button] Rendering with type: submit

      at log (src/components/ui/Button.tsx:25:13)

    console.log
      [Button] Props received: {
        variant: 'primary',
        size: 'lg',
        type: 'submit',
        loading: false,
        disabled: false
      }

      at log (src/components/ui/Button.tsx:26:13)

    console.log
      [Button] Has onClick in props: false

      at log (src/components/ui/Button.tsx:27:13)

    console.log
      [Button] All props: {}

      at log (src/components/ui/Button.tsx:28:13)

    console.log
      [Button] Rendering with type: submit

      at log (src/components/ui/Button.tsx:25:13)

    console.log
      [Button] Props received: {
        variant: 'primary',
        size: 'lg',
        type: 'submit',
        loading: false,
        disabled: false
      }

      at log (src/components/ui/Button.tsx:26:13)

    console.log
      [Button] Has onClick in props: false

      at log (src/components/ui/Button.tsx:27:13)

    console.log
      [Button] All props: {}

      at log (src/components/ui/Button.tsx:28:13)

    console.log
      [Button] Rendering with type: submit

      at log (src/components/ui/Button.tsx:25:13)

    console.log
      [Button] Props received: {
        variant: 'primary',
        size: 'lg',
        type: 'submit',
        loading: true,
        disabled: true
      }

      at log (src/components/ui/Button.tsx:26:13)

    console.log
      [Button] Has onClick in props: false

      at log (src/components/ui/Button.tsx:27:13)

    console.log
      [Button] All props: {}

      at log (src/components/ui/Button.tsx:28:13)

    console.log
      [Button] Rendering with type: submit

      at log (src/components/ui/Button.tsx:25:13)

    console.log
      [Button] Props received: {
        variant: 'primary',
        size: 'lg',
        type: 'submit',
        loading: false,
        disabled: false
      }

      at log (src/components/ui/Button.tsx:26:13)

    console.log
      [Button] Has onClick in props: false

      at log (src/components/ui/Button.tsx:27:13)

    console.log
      [Button] All props: {}

      at log (src/components/ui/Button.tsx:28:13)

    console.log
      [Button] Rendering with type: submit

      at log (src/components/ui/Button.tsx:25:13)

    console.log
      [Button] Props received: {
        variant: 'primary',
        size: 'lg',
        type: 'submit',
        loading: false,
        disabled: false
      }

      at log (src/components/ui/Button.tsx:26:13)

    console.log
      [Button] Has onClick in props: false

      at log (src/components/ui/Button.tsx:27:13)

    console.log
      [Button] All props: {}

      at log (src/components/ui/Button.tsx:28:13)

    console.log
      [Button] Rendering with type: submit

      at log (src/components/ui/Button.tsx:25:13)

    console.log
      [Button] Props received: {
        variant: 'primary',
        size: 'lg',
        type: 'submit',
        loading: false,
        disabled: false
      }

      at log (src/components/ui/Button.tsx:26:13)

    console.log
      [Button] Has onClick in props: false

      at log (src/components/ui/Button.tsx:27:13)

    console.log
      [Button] All props: {}

      at log (src/components/ui/Button.tsx:28:13)

    console.log
      [Button] Rendering with type: submit

      at log (src/components/ui/Button.tsx:25:13)

    console.log
      [Button] Props received: {
        variant: 'primary',
        size: 'lg',
        type: 'submit',
        loading: false,
        disabled: false
      }

      at log (src/components/ui/Button.tsx:26:13)

    console.log
      [Button] Has onClick in props: false

      at log (src/components/ui/Button.tsx:27:13)

    console.log
      [Button] All props: {}

      at log (src/components/ui/Button.tsx:28:13)

    console.log
      [Button] Rendering with type: submit

      at log (src/components/ui/Button.tsx:25:13)

    console.log
      [Button] Props received: {
        variant: 'primary',
        size: 'lg',
        type: 'submit',
        loading: false,
        disabled: false
      }

      at log (src/components/ui/Button.tsx:26:13)

    console.log
      [Button] Has onClick in props: false

      at log (src/components/ui/Button.tsx:27:13)

    console.log
      [Button] All props: {}

      at log (src/components/ui/Button.tsx:28:13)

    console.log
      [Button] Rendering with type: submit

      at log (src/components/ui/Button.tsx:25:13)

    console.log
      [Button] Props received: {
        variant: 'primary',
        size: 'lg',
        type: 'submit',
        loading: false,
        disabled: false
      }

      at log (src/components/ui/Button.tsx:26:13)

    console.log
      [Button] Has onClick in props: false

      at log (src/components/ui/Button.tsx:27:13)

    console.log
      [Button] All props: {}

      at log (src/components/ui/Button.tsx:28:13)

    console.log
      [Button] Rendering with type: submit

      at log (src/components/ui/Button.tsx:25:13)

    console.log
      [Button] Props received: {
        variant: 'primary',
        size: 'lg',
        type: 'submit',
        loading: false,
        disabled: false
      }

      at log (src/components/ui/Button.tsx:26:13)

    console.log
      [Button] Has onClick in props: false

      at log (src/components/ui/Button.tsx:27:13)

    console.log
      [Button] All props: {}

      at log (src/components/ui/Button.tsx:28:13)

    console.log
      [Button] Rendering with type: submit

      at log (src/components/ui/Button.tsx:25:13)

    console.log
      [Button] Props received: {
        variant: 'primary',
        size: 'lg',
        type: 'submit',
        loading: false,
        disabled: false
      }

      at log (src/components/ui/Button.tsx:26:13)

    console.log
      [Button] Has onClick in props: false

      at log (src/components/ui/Button.tsx:27:13)

    console.log
      [Button] All props: {}

      at log (src/components/ui/Button.tsx:28:13)

    console.log
      [Button] Rendering with type: submit

      at log (src/components/ui/Button.tsx:25:13)

    console.log
      [Button] Props received: {
        variant: 'primary',
        size: 'lg',
        type: 'submit',
        loading: false,
        disabled: false
      }

      at log (src/components/ui/Button.tsx:26:13)

    console.log
      [Button] Has onClick in props: false

      at log (src/components/ui/Button.tsx:27:13)

    console.log
      [Button] All props: {}

      at log (src/components/ui/Button.tsx:28:13)

    console.log
      [Button] Rendering with type: submit

      at log (src/components/ui/Button.tsx:25:13)

    console.log
      [Button] Props received: {
        variant: 'primary',
        size: 'lg',
        type: 'submit',
        loading: false,
        disabled: false
      }

      at log (src/components/ui/Button.tsx:26:13)

    console.log
      [Button] Has onClick in props: false

      at log (src/components/ui/Button.tsx:27:13)

    console.log
      [Button] All props: {}

      at log (src/components/ui/Button.tsx:28:13)

    console.log
      [Button] Rendering with type: submit

      at log (src/components/ui/Button.tsx:25:13)

    console.log
      [Button] Props received: {
        variant: 'primary',
        size: 'lg',
        type: 'submit',
        loading: false,
        disabled: false
      }

      at log (src/components/ui/Button.tsx:26:13)

    console.log
      [Button] Has onClick in props: false

      at log (src/components/ui/Button.tsx:27:13)

    console.log
      [Button] All props: {}

      at log (src/components/ui/Button.tsx:28:13)

    console.log
      [Button] Rendering with type: submit

      at log (src/components/ui/Button.tsx:25:13)

    console.log
      [Button] Props received: {
        variant: 'primary',
        size: 'lg',
        type: 'submit',
        loading: false,
        disabled: false
      }

      at log (src/components/ui/Button.tsx:26:13)

    console.log
      [Button] Has onClick in props: false

      at log (src/components/ui/Button.tsx:27:13)

    console.log
      [Button] All props: {}

      at log (src/components/ui/Button.tsx:28:13)

    console.log
      [Button] Rendering with type: submit

      at log (src/components/ui/Button.tsx:25:13)

    console.log
      [Button] Props received: {
        variant: 'primary',
        size: 'lg',
        type: 'submit',
        loading: false,
        disabled: false
      }

      at log (src/components/ui/Button.tsx:26:13)

    console.log
      [Button] Has onClick in props: false

      at log (src/components/ui/Button.tsx:27:13)

    console.log
      [Button] All props: {}

      at log (src/components/ui/Button.tsx:28:13)

    console.log
      [Button] Rendering with type: submit

      at log (src/components/ui/Button.tsx:25:13)

    console.log
      [Button] Props received: {
        variant: 'primary',
        size: 'lg',
        type: 'submit',
        loading: false,
        disabled: false
      }

      at log (src/components/ui/Button.tsx:26:13)

    console.log
      [Button] Has onClick in props: false

      at log (src/components/ui/Button.tsx:27:13)

    console.log
      [Button] All props: {}

      at log (src/components/ui/Button.tsx:28:13)

    console.log
      [Button] Rendering with type: submit

      at log (src/components/ui/Button.tsx:25:13)

    console.log
      [Button] Props received: {
        variant: 'primary',
        size: 'lg',
        type: 'submit',
        loading: false,
        disabled: false
      }

      at log (src/components/ui/Button.tsx:26:13)

    console.log
      [Button] Has onClick in props: false

      at log (src/components/ui/Button.tsx:27:13)

    console.log
      [Button] All props: {}

      at log (src/components/ui/Button.tsx:28:13)

    console.log
      [Button] Rendering with type: submit

      at log (src/components/ui/Button.tsx:25:13)

    console.log
      [Button] Props received: {
        variant: 'primary',
        size: 'lg',
        type: 'submit',
        loading: false,
        disabled: false
      }

      at log (src/components/ui/Button.tsx:26:13)

    console.log
      [Button] Has onClick in props: false

      at log (src/components/ui/Button.tsx:27:13)

    console.log
      [Button] All props: {}

      at log (src/components/ui/Button.tsx:28:13)

    console.log
      [Button] Rendering with type: submit

      at log (src/components/ui/Button.tsx:25:13)

    console.log
      [Button] Props received: {
        variant: 'primary',
        size: 'lg',
        type: 'submit',
        loading: false,
        disabled: false
      }

      at log (src/components/ui/Button.tsx:26:13)

    console.log
      [Button] Has onClick in props: false

      at log (src/components/ui/Button.tsx:27:13)

    console.log
      [Button] All props: {}

      at log (src/components/ui/Button.tsx:28:13)

    console.log
      [Button] Rendering with type: submit

      at log (src/components/ui/Button.tsx:25:13)

    console.log
      [Button] Props received: {
        variant: 'primary',
        size: 'lg',
        type: 'submit',
        loading: false,
        disabled: false
      }

      at log (src/components/ui/Button.tsx:26:13)

    console.log
      [Button] Has onClick in props: false

      at log (src/components/ui/Button.tsx:27:13)

    console.log
      [Button] All props: {}

      at log (src/components/ui/Button.tsx:28:13)

    console.log
      [Button] Rendering with type: submit

      at log (src/components/ui/Button.tsx:25:13)

    console.log
      [Button] Props received: {
        variant: 'primary',
        size: 'lg',
        type: 'submit',
        loading: false,
        disabled: false
      }

      at log (src/components/ui/Button.tsx:26:13)

    console.log
      [Button] Has onClick in props: false

      at log (src/components/ui/Button.tsx:27:13)

    console.log
      [Button] All props: {}

      at log (src/components/ui/Button.tsx:28:13)

    console.log
      [Button] Rendering with type: submit

      at log (src/components/ui/Button.tsx:25:13)

    console.log
      [Button] Props received: {
        variant: 'primary',
        size: 'lg',
        type: 'submit',
        loading: false,
        disabled: false
      }

      at log (src/components/ui/Button.tsx:26:13)

    console.log
      [Button] Has onClick in props: false

      at log (src/components/ui/Button.tsx:27:13)

    console.log
      [Button] All props: {}

      at log (src/components/ui/Button.tsx:28:13)

    console.log
      [Button] Rendering with type: submit

      at log (src/components/ui/Button.tsx:25:13)

    console.log
      [Button] Props received: {
        variant: 'primary',
        size: 'lg',
        type: 'submit',
        loading: false,
        disabled: false
      }

      at log (src/components/ui/Button.tsx:26:13)

    console.log
      [Button] Has onClick in props: false

      at log (src/components/ui/Button.tsx:27:13)

    console.log
      [Button] All props: {}

      at log (src/components/ui/Button.tsx:28:13)

    console.log
      [Button] Rendering with type: submit

      at log (src/components/ui/Button.tsx:25:13)

    console.log
      [Button] Props received: {
        variant: 'primary',
        size: 'lg',
        type: 'submit',
        loading: false,
        disabled: false
      }

      at log (src/components/ui/Button.tsx:26:13)

    console.log
      [Button] Has onClick in props: false

      at log (src/components/ui/Button.tsx:27:13)

    console.log
      [Button] All props: {}

      at log (src/components/ui/Button.tsx:28:13)

    console.log
      [Button] Rendering with type: submit

      at log (src/components/ui/Button.tsx:25:13)

    console.log
      [Button] Props received: {
        variant: 'primary',
        size: 'lg',
        type: 'submit',
        loading: false,
        disabled: false
      }

      at log (src/components/ui/Button.tsx:26:13)

    console.log
      [Button] Has onClick in props: false

      at log (src/components/ui/Button.tsx:27:13)

    console.log
      [Button] All props: {}

      at log (src/components/ui/Button.tsx:28:13)

    console.log
      [Button] Rendering with type: submit

      at log (src/components/ui/Button.tsx:25:13)

    console.log
      [Button] Props received: {
        variant: 'primary',
        size: 'lg',
        type: 'submit',
        loading: false,
        disabled: false
      }

      at log (src/components/ui/Button.tsx:26:13)

    console.log
      [Button] Has onClick in props: false

      at log (src/components/ui/Button.tsx:27:13)

    console.log
      [Button] All props: {}

      at log (src/components/ui/Button.tsx:28:13)

    console.log
      [Button] Rendering with type: submit

      at log (src/components/ui/Button.tsx:25:13)

    console.log
      [Button] Props received: {
        variant: 'primary',
        size: 'lg',
        type: 'submit',
        loading: false,
        disabled: false
      }

      at log (src/components/ui/Button.tsx:26:13)

    console.log
      [Button] Has onClick in props: false

      at log (src/components/ui/Button.tsx:27:13)

    console.log
      [Button] All props: {}

      at log (src/components/ui/Button.tsx:28:13)

    console.log
      [Button] Rendering with type: submit

      at log (src/components/ui/Button.tsx:25:13)

    console.log
      [Button] Props received: {
        variant: 'primary',
        size: 'lg',
        type: 'submit',
        loading: true,
        disabled: true
      }

      at log (src/components/ui/Button.tsx:26:13)

    console.log
      [Button] Has onClick in props: false

      at log (src/components/ui/Button.tsx:27:13)

    console.log
      [Button] All props: {}

      at log (src/components/ui/Button.tsx:28:13)

    console.log
      [Button] Rendering with type: submit

      at log (src/components/ui/Button.tsx:25:13)

    console.log
      [Button] Props received: {
        variant: 'primary',
        size: 'lg',
        type: 'submit',
        loading: false,
        disabled: false
      }

      at log (src/components/ui/Button.tsx:26:13)

    console.log
      [Button] Has onClick in props: false

      at log (src/components/ui/Button.tsx:27:13)

    console.log
      [Button] All props: {}

      at log (src/components/ui/Button.tsx:28:13)

    console.log
      [Button] Rendering with type: submit

      at log (src/components/ui/Button.tsx:25:13)

    console.log
      [Button] Props received: {
        variant: 'primary',
        size: 'lg',
        type: 'submit',
        loading: false,
        disabled: false
      }

      at log (src/components/ui/Button.tsx:26:13)

    console.log
      [Button] Has onClick in props: false

      at log (src/components/ui/Button.tsx:27:13)

    console.log
      [Button] All props: {}

      at log (src/components/ui/Button.tsx:28:13)

    console.log
      [Button] Rendering with type: submit

      at log (src/components/ui/Button.tsx:25:13)

    console.log
      [Button] Props received: {
        variant: 'primary',
        size: 'lg',
        type: 'submit',
        loading: false,
        disabled: false
      }

      at log (src/components/ui/Button.tsx:26:13)

    console.log
      [Button] Has onClick in props: false

      at log (src/components/ui/Button.tsx:27:13)

    console.log
      [Button] All props: {}

      at log (src/components/ui/Button.tsx:28:13)

    console.log
      [Button] Rendering with type: submit

      at log (src/components/ui/Button.tsx:25:13)

    console.log
      [Button] Props received: {
        variant: 'primary',
        size: 'lg',
        type: 'submit',
        loading: false,
        disabled: false
      }

      at log (src/components/ui/Button.tsx:26:13)

    console.log
      [Button] Has onClick in props: false

      at log (src/components/ui/Button.tsx:27:13)

    console.log
      [Button] All props: {}

      at log (src/components/ui/Button.tsx:28:13)

    console.log
      [Button] Rendering with type: submit

      at log (src/components/ui/Button.tsx:25:13)

    console.log
      [Button] Props received: {
        variant: 'primary',
        size: 'lg',
        type: 'submit',
        loading: false,
        disabled: false
      }

      at log (src/components/ui/Button.tsx:26:13)

    console.log
      [Button] Has onClick in props: false

      at log (src/components/ui/Button.tsx:27:13)

    console.log
      [Button] All props: {}

      at log (src/components/ui/Button.tsx:28:13)

    console.log
      [Button] Rendering with type: submit

      at log (src/components/ui/Button.tsx:25:13)

    console.log
      [Button] Props received: {
        variant: 'primary',
        size: 'lg',
        type: 'submit',
        loading: false,
        disabled: false
      }

      at log (src/components/ui/Button.tsx:26:13)

    console.log
      [Button] Has onClick in props: false

      at log (src/components/ui/Button.tsx:27:13)

    console.log
      [Button] All props: {}

      at log (src/components/ui/Button.tsx:28:13)

    console.log
      [Button] Rendering with type: submit

      at log (src/components/ui/Button.tsx:25:13)

    console.log
      [Button] Props received: {
        variant: 'primary',
        size: 'lg',
        type: 'submit',
        loading: false,
        disabled: false
      }

      at log (src/components/ui/Button.tsx:26:13)

    console.log
      [Button] Has onClick in props: false

      at log (src/components/ui/Button.tsx:27:13)

    console.log
      [Button] All props: {}

      at log (src/components/ui/Button.tsx:28:13)

    console.log
      [Button] Rendering with type: submit

      at log (src/components/ui/Button.tsx:25:13)

    console.log
      [Button] Props received: {
        variant: 'primary',
        size: 'lg',
        type: 'submit',
        loading: false,
        disabled: false
      }

      at log (src/components/ui/Button.tsx:26:13)

    console.log
      [Button] Has onClick in props: false

      at log (src/components/ui/Button.tsx:27:13)

    console.log
      [Button] All props: {}

      at log (src/components/ui/Button.tsx:28:13)

    console.log
      [Button] Rendering with type: submit

      at log (src/components/ui/Button.tsx:25:13)

    console.log
      [Button] Props received: {
        variant: 'primary',
        size: 'lg',
        type: 'submit',
        loading: false,
        disabled: false
      }

      at log (src/components/ui/Button.tsx:26:13)

    console.log
      [Button] Has onClick in props: false

      at log (src/components/ui/Button.tsx:27:13)

    console.log
      [Button] All props: {}

      at log (src/components/ui/Button.tsx:28:13)

    console.log
      [Button] Rendering with type: submit

      at log (src/components/ui/Button.tsx:25:13)

    console.log
      [Button] Props received: {
        variant: 'primary',
        size: 'lg',
        type: 'submit',
        loading: false,
        disabled: false
      }

      at log (src/components/ui/Button.tsx:26:13)

    console.log
      [Button] Has onClick in props: false

      at log (src/components/ui/Button.tsx:27:13)

    console.log
      [Button] All props: {}

      at log (src/components/ui/Button.tsx:28:13)

    console.log
      [Button] Rendering with type: submit

      at log (src/components/ui/Button.tsx:25:13)

    console.log
      [Button] Props received: {
        variant: 'primary',
        size: 'lg',
        type: 'submit',
        loading: false,
        disabled: false
      }

      at log (src/components/ui/Button.tsx:26:13)

    console.log
      [Button] Has onClick in props: false

      at log (src/components/ui/Button.tsx:27:13)

    console.log
      [Button] All props: {}

      at log (src/components/ui/Button.tsx:28:13)

    console.log
      [Button] Rendering with type: submit

      at log (src/components/ui/Button.tsx:25:13)

    console.log
      [Button] Props received: {
        variant: 'primary',
        size: 'lg',
        type: 'submit',
        loading: false,
        disabled: false
      }

      at log (src/components/ui/Button.tsx:26:13)

    console.log
      [Button] Has onClick in props: false

      at log (src/components/ui/Button.tsx:27:13)

    console.log
      [Button] All props: {}

      at log (src/components/ui/Button.tsx:28:13)

    console.log
      [Button] Rendering with type: submit

      at log (src/components/ui/Button.tsx:25:13)

    console.log
      [Button] Props received: {
        variant: 'primary',
        size: 'lg',
        type: 'submit',
        loading: false,
        disabled: false
      }

      at log (src/components/ui/Button.tsx:26:13)

    console.log
      [Button] Has onClick in props: false

      at log (src/components/ui/Button.tsx:27:13)

    console.log
      [Button] All props: {}

      at log (src/components/ui/Button.tsx:28:13)

    console.log
      [Button] Rendering with type: submit

      at log (src/components/ui/Button.tsx:25:13)

    console.log
      [Button] Props received: {
        variant: 'primary',
        size: 'lg',
        type: 'submit',
        loading: false,
        disabled: false
      }

      at log (src/components/ui/Button.tsx:26:13)

    console.log
      [Button] Has onClick in props: false

      at log (src/components/ui/Button.tsx:27:13)

    console.log
      [Button] All props: {}

      at log (src/components/ui/Button.tsx:28:13)

    console.log
      [Button] Rendering with type: submit

      at log (src/components/ui/Button.tsx:25:13)

    console.log
      [Button] Props received: {
        variant: 'primary',
        size: 'lg',
        type: 'submit',
        loading: false,
        disabled: false
      }

      at log (src/components/ui/Button.tsx:26:13)

    console.log
      [Button] Has onClick in props: false

      at log (src/components/ui/Button.tsx:27:13)

    console.log
      [Button] All props: {}

      at log (src/components/ui/Button.tsx:28:13)

    console.log
      [Button] Rendering with type: submit

      at log (src/components/ui/Button.tsx:25:13)

    console.log
      [Button] Props received: {
        variant: 'primary',
        size: 'lg',
        type: 'submit',
        loading: false,
        disabled: false
      }

      at log (src/components/ui/Button.tsx:26:13)

    console.log
      [Button] Has onClick in props: false

      at log (src/components/ui/Button.tsx:27:13)

    console.log
      [Button] All props: {}

      at log (src/components/ui/Button.tsx:28:13)

    console.log
      [Button] Rendering with type: submit

      at log (src/components/ui/Button.tsx:25:13)

    console.log
      [Button] Props received: {
        variant: 'primary',
        size: 'lg',
        type: 'submit',
        loading: false,
        disabled: false
      }

      at log (src/components/ui/Button.tsx:26:13)

    console.log
      [Button] Has onClick in props: false

      at log (src/components/ui/Button.tsx:27:13)

    console.log
      [Button] All props: {}

      at log (src/components/ui/Button.tsx:28:13)

    console.log
      [Button] Rendering with type: submit

      at log (src/components/ui/Button.tsx:25:13)

    console.log
      [Button] Props received: {
        variant: 'primary',
        size: 'lg',
        type: 'submit',
        loading: false,
        disabled: false
      }

      at log (src/components/ui/Button.tsx:26:13)

    console.log
      [Button] Has onClick in props: false

      at log (src/components/ui/Button.tsx:27:13)

    console.log
      [Button] All props: {}

      at log (src/components/ui/Button.tsx:28:13)

    console.log
      [Button] Rendering with type: submit

      at log (src/components/ui/Button.tsx:25:13)

    console.log
      [Button] Props received: {
        variant: 'primary',
        size: 'lg',
        type: 'submit',
        loading: false,
        disabled: false
      }

      at log (src/components/ui/Button.tsx:26:13)

    console.log
      [Button] Has onClick in props: false

      at log (src/components/ui/Button.tsx:27:13)

    console.log
      [Button] All props: {}

      at log (src/components/ui/Button.tsx:28:13)

    console.log
      [Button] Rendering with type: submit

      at log (src/components/ui/Button.tsx:25:13)

    console.log
      [Button] Props received: {
        variant: 'primary',
        size: 'lg',
        type: 'submit',
        loading: false,
        disabled: false
      }

      at log (src/components/ui/Button.tsx:26:13)

    console.log
      [Button] Has onClick in props: false

      at log (src/components/ui/Button.tsx:27:13)

    console.log
      [Button] All props: {}

      at log (src/components/ui/Button.tsx:28:13)

    console.log
      [Button] Rendering with type: submit

      at log (src/components/ui/Button.tsx:25:13)

    console.log
      [Button] Props received: {
        variant: 'primary',
        size: 'lg',
        type: 'submit',
        loading: false,
        disabled: false
      }

      at log (src/components/ui/Button.tsx:26:13)

    console.log
      [Button] Has onClick in props: false

      at log (src/components/ui/Button.tsx:27:13)

    console.log
      [Button] All props: {}

      at log (src/components/ui/Button.tsx:28:13)

    console.log
      [Button] Rendering with type: submit

      at log (src/components/ui/Button.tsx:25:13)

    console.log
      [Button] Props received: {
        variant: 'primary',
        size: 'lg',
        type: 'submit',
        loading: false,
        disabled: false
      }

      at log (src/components/ui/Button.tsx:26:13)

    console.log
      [Button] Has onClick in props: false

      at log (src/components/ui/Button.tsx:27:13)

    console.log
      [Button] All props: {}

      at log (src/components/ui/Button.tsx:28:13)

    console.log
      [Button] Rendering with type: submit

      at log (src/components/ui/Button.tsx:25:13)

    console.log
      [Button] Props received: {
        variant: 'primary',
        size: 'lg',
        type: 'submit',
        loading: false,
        disabled: false
      }

      at log (src/components/ui/Button.tsx:26:13)

    console.log
      [Button] Has onClick in props: false

      at log (src/components/ui/Button.tsx:27:13)

    console.log
      [Button] All props: {}

      at log (src/components/ui/Button.tsx:28:13)

    console.log
      [Button] Rendering with type: submit

      at log (src/components/ui/Button.tsx:25:13)

    console.log
      [Button] Props received: {
        variant: 'primary',
        size: 'lg',
        type: 'submit',
        loading: false,
        disabled: false
      }

      at log (src/components/ui/Button.tsx:26:13)

    console.log
      [Button] Has onClick in props: false

      at log (src/components/ui/Button.tsx:27:13)

    console.log
      [Button] All props: {}

      at log (src/components/ui/Button.tsx:28:13)

    console.log
      [Button] Rendering with type: submit

      at log (src/components/ui/Button.tsx:25:13)

    console.log
      [Button] Props received: {
        variant: 'primary',
        size: 'lg',
        type: 'submit',
        loading: false,
        disabled: false
      }

      at log (src/components/ui/Button.tsx:26:13)

    console.log
      [Button] Has onClick in props: false

      at log (src/components/ui/Button.tsx:27:13)

    console.log
      [Button] All props: {}

      at log (src/components/ui/Button.tsx:28:13)

    console.log
      [Button] Rendering with type: submit

      at log (src/components/ui/Button.tsx:25:13)

    console.log
      [Button] Props received: {
        variant: 'primary',
        size: 'lg',
        type: 'submit',
        loading: false,
        disabled: false
      }

      at log (src/components/ui/Button.tsx:26:13)

    console.log
      [Button] Has onClick in props: false

      at log (src/components/ui/Button.tsx:27:13)

    console.log
      [Button] All props: {}

      at log (src/components/ui/Button.tsx:28:13)

    console.log
      [Button] Rendering with type: submit

      at log (src/components/ui/Button.tsx:25:13)

    console.log
      [Button] Props received: {
        variant: 'primary',
        size: 'lg',
        type: 'submit',
        loading: false,
        disabled: false
      }

      at log (src/components/ui/Button.tsx:26:13)

    console.log
      [Button] Has onClick in props: false

      at log (src/components/ui/Button.tsx:27:13)

    console.log
      [Button] All props: {}

      at log (src/components/ui/Button.tsx:28:13)

    console.log
      [Button] Rendering with type: submit

      at log (src/components/ui/Button.tsx:25:13)

    console.log
      [Button] Props received: {
        variant: 'primary',
        size: 'lg',
        type: 'submit',
        loading: false,
        disabled: false
      }

      at log (src/components/ui/Button.tsx:26:13)

    console.log
      [Button] Has onClick in props: false

      at log (src/components/ui/Button.tsx:27:13)

    console.log
      [Button] All props: {}

      at log (src/components/ui/Button.tsx:28:13)

    console.log
      [Button] Rendering with type: submit

      at log (src/components/ui/Button.tsx:25:13)

    console.log
      [Button] Props received: {
        variant: 'primary',
        size: 'lg',
        type: 'submit',
        loading: false,
        disabled: false
      }

      at log (src/components/ui/Button.tsx:26:13)

    console.log
      [Button] Has onClick in props: false

      at log (src/components/ui/Button.tsx:27:13)

    console.log
      [Button] All props: {}

      at log (src/components/ui/Button.tsx:28:13)

    console.log
      [Button] Rendering with type: submit

      at log (src/components/ui/Button.tsx:25:13)

    console.log
      [Button] Props received: {
        variant: 'primary',
        size: 'lg',
        type: 'submit',
        loading: false,
        disabled: false
      }

      at log (src/components/ui/Button.tsx:26:13)

    console.log
      [Button] Has onClick in props: false

      at log (src/components/ui/Button.tsx:27:13)

    console.log
      [Button] All props: {}

      at log (src/components/ui/Button.tsx:28:13)

    console.log
      [Button] Rendering with type: submit

      at log (src/components/ui/Button.tsx:25:13)

    console.log
      [Button] Props received: {
        variant: 'primary',
        size: 'lg',
        type: 'submit',
        loading: false,
        disabled: false
      }

      at log (src/components/ui/Button.tsx:26:13)

    console.log
      [Button] Has onClick in props: false

      at log (src/components/ui/Button.tsx:27:13)

    console.log
      [Button] All props: {}

      at log (src/components/ui/Button.tsx:28:13)

    console.log
      [Button] Rendering with type: submit

      at log (src/components/ui/Button.tsx:25:13)

    console.log
      [Button] Props received: {
        variant: 'primary',
        size: 'lg',
        type: 'submit',
        loading: false,
        disabled: false
      }

      at log (src/components/ui/Button.tsx:26:13)

    console.log
      [Button] Has onClick in props: false

      at log (src/components/ui/Button.tsx:27:13)

    console.log
      [Button] All props: {}

      at log (src/components/ui/Button.tsx:28:13)

    console.log
      [Button] Rendering with type: submit

      at log (src/components/ui/Button.tsx:25:13)

    console.log
      [Button] Props received: {
        variant: 'primary',
        size: 'lg',
        type: 'submit',
        loading: false,
        disabled: false
      }

      at log (src/components/ui/Button.tsx:26:13)

    console.log
      [Button] Has onClick in props: false

      at log (src/components/ui/Button.tsx:27:13)

    console.log
      [Button] All props: {}

      at log (src/components/ui/Button.tsx:28:13)

    console.log
      [Button] Rendering with type: submit

      at log (src/components/ui/Button.tsx:25:13)

    console.log
      [Button] Props received: {
        variant: 'primary',
        size: 'lg',
        type: 'submit',
        loading: false,
        disabled: false
      }

      at log (src/components/ui/Button.tsx:26:13)

    console.log
      [Button] Has onClick in props: false

      at log (src/components/ui/Button.tsx:27:13)

    console.log
      [Button] All props: {}

      at log (src/components/ui/Button.tsx:28:13)

    console.log
      [Button] Rendering with type: submit

      at log (src/components/ui/Button.tsx:25:13)

    console.log
      [Button] Props received: {
        variant: 'primary',
        size: 'lg',
        type: 'submit',
        loading: false,
        disabled: false
      }

      at log (src/components/ui/Button.tsx:26:13)

    console.log
      [Button] Has onClick in props: false

      at log (src/components/ui/Button.tsx:27:13)

    console.log
      [Button] All props: {}

      at log (src/components/ui/Button.tsx:28:13)

    console.log
      [Button] Rendering with type: submit

      at log (src/components/ui/Button.tsx:25:13)

    console.log
      [Button] Props received: {
        variant: 'primary',
        size: 'lg',
        type: 'submit',
        loading: false,
        disabled: false
      }

      at log (src/components/ui/Button.tsx:26:13)

    console.log
      [Button] Has onClick in props: false

      at log (src/components/ui/Button.tsx:27:13)

    console.log
      [Button] All props: {}

      at log (src/components/ui/Button.tsx:28:13)

    console.log
      [Button] Rendering with type: submit

      at log (src/components/ui/Button.tsx:25:13)

    console.log
      [Button] Props received: {
        variant: 'primary',
        size: 'lg',
        type: 'submit',
        loading: false,
        disabled: false
      }

      at log (src/components/ui/Button.tsx:26:13)

    console.log
      [Button] Has onClick in props: false

      at log (src/components/ui/Button.tsx:27:13)

    console.log
      [Button] All props: {}

      at log (src/components/ui/Button.tsx:28:13)

    console.log
      [Button] Rendering with type: submit

      at log (src/components/ui/Button.tsx:25:13)

    console.log
      [Button] Props received: {
        variant: 'primary',
        size: 'lg',
        type: 'submit',
        loading: false,
        disabled: false
      }

      at log (src/components/ui/Button.tsx:26:13)

    console.log
      [Button] Has onClick in props: false

      at log (src/components/ui/Button.tsx:27:13)

    console.log
      [Button] All props: {}

      at log (src/components/ui/Button.tsx:28:13)

    console.log
      [Button] Rendering with type: submit

      at log (src/components/ui/Button.tsx:25:13)

    console.log
      [Button] Props received: {
        variant: 'primary',
        size: 'lg',
        type: 'submit',
        loading: false,
        disabled: false
      }

      at log (src/components/ui/Button.tsx:26:13)

    console.log
      [Button] Has onClick in props: false

      at log (src/components/ui/Button.tsx:27:13)

    console.log
      [Button] All props: {}

      at log (src/components/ui/Button.tsx:28:13)

    console.log
      [Button] Rendering with type: submit

      at log (src/components/ui/Button.tsx:25:13)

    console.log
      [Button] Props received: {
        variant: 'primary',
        size: 'lg',
        type: 'submit',
        loading: false,
        disabled: false
      }

      at log (src/components/ui/Button.tsx:26:13)

    console.log
      [Button] Has onClick in props: false

      at log (src/components/ui/Button.tsx:27:13)

    console.log
      [Button] All props: {}

      at log (src/components/ui/Button.tsx:28:13)

    console.log
      [Button] Rendering with type: submit

      at log (src/components/ui/Button.tsx:25:13)

    console.log
      [Button] Props received: {
        variant: 'primary',
        size: 'lg',
        type: 'submit',
        loading: false,
        disabled: false
      }

      at log (src/components/ui/Button.tsx:26:13)

    console.log
      [Button] Has onClick in props: false

      at log (src/components/ui/Button.tsx:27:13)

    console.log
      [Button] All props: {}

      at log (src/components/ui/Button.tsx:28:13)

    console.log
      [Button] Rendering with type: submit

      at log (src/components/ui/Button.tsx:25:13)

    console.log
      [Button] Props received: {
        variant: 'primary',
        size: 'lg',
        type: 'submit',
        loading: false,
        disabled: false
      }

      at log (src/components/ui/Button.tsx:26:13)

    console.log
      [Button] Has onClick in props: false

      at log (src/components/ui/Button.tsx:27:13)

    console.log
      [Button] All props: {}

      at log (src/components/ui/Button.tsx:28:13)

    console.log
      [Button] Rendering with type: submit

      at log (src/components/ui/Button.tsx:25:13)

    console.log
      [Button] Props received: {
        variant: 'primary',
        size: 'lg',
        type: 'submit',
        loading: false,
        disabled: false
      }

      at log (src/components/ui/Button.tsx:26:13)

    console.log
      [Button] Has onClick in props: false

      at log (src/components/ui/Button.tsx:27:13)

    console.log
      [Button] All props: {}

      at log (src/components/ui/Button.tsx:28:13)

    console.log
      [Button] Rendering with type: submit

      at log (src/components/ui/Button.tsx:25:13)

    console.log
      [Button] Props received: {
        variant: 'primary',
        size: 'lg',
        type: 'submit',
        loading: false,
        disabled: false
      }

      at log (src/components/ui/Button.tsx:26:13)

    console.log
      [Button] Has onClick in props: false

      at log (src/components/ui/Button.tsx:27:13)

    console.log
      [Button] All props: {}

      at log (src/components/ui/Button.tsx:28:13)

    console.log
      [Button] Rendering with type: submit

      at log (src/components/ui/Button.tsx:25:13)

    console.log
      [Button] Props received: {
        variant: 'primary',
        size: 'lg',
        type: 'submit',
        loading: false,
        disabled: false
      }

      at log (src/components/ui/Button.tsx:26:13)

    console.log
      [Button] Has onClick in props: false

      at log (src/components/ui/Button.tsx:27:13)

    console.log
      [Button] All props: {}

      at log (src/components/ui/Button.tsx:28:13)

    console.log
      [Button] Rendering with type: submit

      at log (src/components/ui/Button.tsx:25:13)

    console.log
      [Button] Props received: {
        variant: 'primary',
        size: 'lg',
        type: 'submit',
        loading: false,
        disabled: false
      }

      at log (src/components/ui/Button.tsx:26:13)

    console.log
      [Button] Has onClick in props: false

      at log (src/components/ui/Button.tsx:27:13)

    console.log
      [Button] All props: {}

      at log (src/components/ui/Button.tsx:28:13)

    console.log
      [Button] Rendering with type: submit

      at log (src/components/ui/Button.tsx:25:13)

    console.log
      [Button] Props received: {
        variant: 'primary',
        size: 'lg',
        type: 'submit',
        loading: false,
        disabled: false
      }

      at log (src/components/ui/Button.tsx:26:13)

    console.log
      [Button] Has onClick in props: false

      at log (src/components/ui/Button.tsx:27:13)

    console.log
      [Button] All props: {}

      at log (src/components/ui/Button.tsx:28:13)

    console.log
      [Button] Rendering with type: submit

      at log (src/components/ui/Button.tsx:25:13)

    console.log
      [Button] Props received: {
        variant: 'primary',
        size: 'lg',
        type: 'submit',
        loading: false,
        disabled: false
      }

      at log (src/components/ui/Button.tsx:26:13)

    console.log
      [Button] Has onClick in props: false

      at log (src/components/ui/Button.tsx:27:13)

    console.log
      [Button] All props: {}

      at log (src/components/ui/Button.tsx:28:13)

    console.log
      [Button] Rendering with type: submit

      at log (src/components/ui/Button.tsx:25:13)

    console.log
      [Button] Props received: {
        variant: 'primary',
        size: 'lg',
        type: 'submit',
        loading: false,
        disabled: false
      }

      at log (src/components/ui/Button.tsx:26:13)

    console.log
      [Button] Has onClick in props: false

      at log (src/components/ui/Button.tsx:27:13)

    console.log
      [Button] All props: {}

      at log (src/components/ui/Button.tsx:28:13)

    console.log
      [Button] Rendering with type: submit

      at log (src/components/ui/Button.tsx:25:13)

    console.log
      [Button] Props received: {
        variant: 'primary',
        size: 'lg',
        type: 'submit',
        loading: false,
        disabled: false
      }

      at log (src/components/ui/Button.tsx:26:13)

    console.log
      [Button] Has onClick in props: false

      at log (src/components/ui/Button.tsx:27:13)

    console.log
      [Button] All props: {}

      at log (src/components/ui/Button.tsx:28:13)

    console.log
      [Button] Rendering with type: submit

      at log (src/components/ui/Button.tsx:25:13)

    console.log
      [Button] Props received: {
        variant: 'primary',
        size: 'lg',
        type: 'submit',
        loading: false,
        disabled: false
      }

      at log (src/components/ui/Button.tsx:26:13)

    console.log
      [Button] Has onClick in props: false

      at log (src/components/ui/Button.tsx:27:13)

    console.log
      [Button] All props: {}

      at log (src/components/ui/Button.tsx:28:13)

    console.log
      [Button] Rendering with type: submit

      at log (src/components/ui/Button.tsx:25:13)

    console.log
      [Button] Props received: {
        variant: 'primary',
        size: 'lg',
        type: 'submit',
        loading: false,
        disabled: false
      }

      at log (src/components/ui/Button.tsx:26:13)

    console.log
      [Button] Has onClick in props: false

      at log (src/components/ui/Button.tsx:27:13)

    console.log
      [Button] All props: {}

      at log (src/components/ui/Button.tsx:28:13)

    console.log
      [Button] Rendering with type: submit

      at log (src/components/ui/Button.tsx:25:13)

    console.log
      [Button] Props received: {
        variant: 'primary',
        size: 'lg',
        type: 'submit',
        loading: false,
        disabled: false
      }

      at log (src/components/ui/Button.tsx:26:13)

    console.log
      [Button] Has onClick in props: false

      at log (src/components/ui/Button.tsx:27:13)

    console.log
      [Button] All props: {}

      at log (src/components/ui/Button.tsx:28:13)

    console.log
      [Button] Rendering with type: submit

      at log (src/components/ui/Button.tsx:25:13)

    console.log
      [Button] Props received: {
        variant: 'primary',
        size: 'lg',
        type: 'submit',
        loading: true,
        disabled: true
      }

      at log (src/components/ui/Button.tsx:26:13)

    console.log
      [Button] Has onClick in props: false

      at log (src/components/ui/Button.tsx:27:13)

    console.log
      [Button] All props: {}

      at log (src/components/ui/Button.tsx:28:13)

    console.log
      Form submission started

      at log (src/hooks/useLoginForm.ts:200:13)

    console.log
      Default behavior prevented

      at log (src/hooks/useLoginForm.ts:203:15)

    console.log
      [LoginFlowTracer] Trace started: b44cf5c0-c6fe-4a71-8f5d-a880b6a7acdd

      at log (src/lib/auth/LoginFlowTracer.ts:52:15)

    console.log
      [useLoginForm] Login flow started { traceId: 'b44cf5c0-c6fe-4a71-8f5d-a880b6a7acdd' }

      at log (src/hooks/useLoginForm.ts:208:13)

    console.log
      [useLoginForm] Calling API client login method { traceId: 'b44cf5c0-c6fe-4a71-8f5d-a880b6a7acdd' }

      at log (src/hooks/useLoginForm.ts:230:15)

    console.log
      [AuthService] Login attempt {
        email: 'test@example.com',
        traceId: 'b44cf5c0-c6fe-4a71-8f5d-a880b6a7acdd'
      }

      at AuthService.log [as login] (src/lib/api/authService.ts:140:15)

    console.log
      [AuthService] Calling backend API { traceId: 'b44cf5c0-c6fe-4a71-8f5d-a880b6a7acdd' }

      at AuthService.log [as login] (src/lib/api/authService.ts:168:15)

    console.log
      [TokenManager] getToken attempt {
        storageKey: 'jwt_token',
        source: undefined,
        traceId: undefined,
        timestamp: '2026-02-08T19:37:31.888Z'
      }

      at log (src/lib/api/tokenManager.ts:322:11)

    console.log
      [TokenManager] Raw value retrieved {
        storageKey: 'jwt_token',
        valuePresent: false,
        valueLength: 0,
        valuePreview: 'null',
        traceId: undefined
      }

      at log (src/lib/api/tokenManager.ts:335:15)

    console.log
      [TokenManager] No token found in storage { storageKey: 'jwt_token', traceId: undefined }

      at log (src/lib/api/tokenManager.ts:358:21)

    console.warn
      [AuthLogger 2026-02-08T19:37:31.888Z] Token get failed

       98 |   } else {
       99 |     // In production, log minimal info
    > 100 |     consoleMethod(message);
          |     ^
      101 |   }
      102 | }
      103 |

      at consoleMethod (src/lib/auth/AuthLogger.ts:100:5)
      at log (src/lib/auth/AuthLogger.ts:175:3)
      at getToken (src/lib/api/tokenManager.ts:362:30)
      at src/lib/api/apiClient.ts:53:29
      at ApiClient.interceptor [as request] (src/lib/api/apiClient.ts:195:24)
      at ApiClient.request [as post] (src/lib/api/apiClient.ts:114:17)
      at AuthService.post [as login] (src/lib/api/authService.ts:169:45)
      at login (src/hooks/useLoginForm.ts:231:40)
      at errors (node_modules/react-hook-form/src/logic/createFormControl.ts:1293:24)

    console.log
      [TokenManager] getToken attempt {
        storageKey: 'jwt_token',
        source: undefined,
        traceId: undefined,
        timestamp: '2026-02-08T19:37:31.888Z'
      }

      at log (src/lib/api/tokenManager.ts:322:11)

    console.log
      [TokenManager] Raw value retrieved {
        storageKey: 'jwt_token',
        valuePresent: false,
        valueLength: 0,
        valuePreview: 'null',
        traceId: undefined
      }

      at log (src/lib/api/tokenManager.ts:335:15)

    console.log
      [TokenManager] No token found in storage { storageKey: 'jwt_token', traceId: undefined }

      at log (src/lib/api/tokenManager.ts:358:21)

    console.warn
      [AuthLogger 2026-02-08T19:37:31.889Z] Token get failed

       98 |   } else {
       99 |     // In production, log minimal info
    > 100 |     consoleMethod(message);
          |     ^
      101 |   }
      102 | }
      103 |

      at consoleMethod (src/lib/auth/AuthLogger.ts:100:5)
      at log (src/lib/auth/AuthLogger.ts:175:3)
      at getToken (src/lib/api/tokenManager.ts:362:30)
      at TokenManager.getToken (src/lib/api/tokenManager.ts:512:12)
      at getToken (src/lib/api/interceptors.ts:41:30)
      at ApiClient.interceptor [as request] (src/lib/api/apiClient.ts:195:24)

    console.log
      [Button] Rendering with type: submit

      at log (src/components/ui/Button.tsx:25:13)

    console.log
      [Button] Props received: {
        variant: 'primary',
        size: 'lg',
        type: 'submit',
        loading: true,
        disabled: true
      }

      at log (src/components/ui/Button.tsx:26:13)

    console.log
      [Button] Has onClick in props: false

      at log (src/components/ui/Button.tsx:27:13)

    console.log
      [Button] All props: {}

      at log (src/components/ui/Button.tsx:28:13)

    console.log
      [AuthService] Backend response received {
        hasToken: false,
        email: undefined,
        traceId: 'b44cf5c0-c6fe-4a71-8f5d-a880b6a7acdd'
      }

      at AuthService.log [as login] (src/lib/api/authService.ts:170:15)

    console.error
      [AuthService] Login error {
        error: 'Invalid login response: missing or invalid token',
        traceId: 'b44cf5c0-c6fe-4a71-8f5d-a880b6a7acdd'
      }

      223 |       };
      224 |     } catch (error: any) {
    > 225 |       console.error('[AuthService] Login error', {
          |               ^
      226 |         error: error.message || String(error),
      227 |         traceId,
      228 |       });

      at AuthService.error (src/lib/api/authService.ts:225:15)
      at src/hooks/useLoginForm.ts:231:22
      at unset (node_modules/react-hook-form/src/logic/createFormControl.ts:1293:7)

    console.error
      [useLoginForm] Login failed {
        error: 'Unable to connect. Please check your internet connection.',
        traceId: 'b44cf5c0-c6fe-4a71-8f5d-a880b6a7acdd'
      }

      259 |       } else {
      260 |         // Login failed - handle error
    > 261 |         console.error('[useLoginForm] Login failed', { error: result.error, traceId });
          |                 ^
      262 |         
      263 |         // Record attempt for authentication errors
      264 |         if (result.error === 'Invalid email or password') {

      at error (src/hooks/useLoginForm.ts:261:17)
      at unset (node_modules/react-hook-form/src/logic/createFormControl.ts:1293:7)

    console.error
      Login error: {
        type: 'authentication',
        message: 'Unable to connect. Please check your internet connection.'
      }

      139 |     // Error handling is managed by the LoginForm component
      140 |     // This callback is provided for potential future logging or analytics
    > 141 |     console.error('Login error:', error);
          |             ^
      142 |   };
      143 |
      144 |   return (

      at error (src/app/login/LoginPageClient.tsx:141:13)
      at onError (src/hooks/useLoginForm.ts:271:11)
      at unset (node_modules/react-hook-form/src/logic/createFormControl.ts:1293:7)

    console.log
      [Button] Rendering with type: submit

      at log (src/components/ui/Button.tsx:25:13)

    console.log
      [Button] Props received: {
        variant: 'primary',
        size: 'lg',
        type: 'submit',
        loading: false,
        disabled: false
      }

      at log (src/components/ui/Button.tsx:26:13)

    console.log
      [Button] Has onClick in props: false

      at log (src/components/ui/Button.tsx:27:13)

    console.log
      [Button] All props: {}

      at log (src/components/ui/Button.tsx:28:13)

    console.log
      [Button] Rendering with type: submit

      at log (src/components/ui/Button.tsx:25:13)

    console.log
      [Button] Props received: {
        variant: 'primary',
        size: 'lg',
        type: 'submit',
        loading: false,
        disabled: false
      }

      at log (src/components/ui/Button.tsx:26:13)

    console.log
      [Button] Has onClick in props: false

      at log (src/components/ui/Button.tsx:27:13)

    console.log
      [Button] All props: {}

      at log (src/components/ui/Button.tsx:28:13)

    console.log
      [Button] Rendering with type: submit

      at log (src/components/ui/Button.tsx:25:13)

    console.log
      [Button] Props received: {
        variant: 'primary',
        size: 'lg',
        type: 'submit',
        loading: false,
        disabled: false
      }

      at log (src/components/ui/Button.tsx:26:13)

    console.log
      [Button] Has onClick in props: false

      at log (src/components/ui/Button.tsx:27:13)

    console.log
      [Button] All props: {}

      at log (src/components/ui/Button.tsx:28:13)

    console.log
      [Button] Rendering with type: submit

      at log (src/components/ui/Button.tsx:25:13)

    console.log
      [Button] Props received: {
        variant: 'primary',
        size: 'lg',
        type: 'submit',
        loading: false,
        disabled: false
      }

      at log (src/components/ui/Button.tsx:26:13)

    console.log
      [Button] Has onClick in props: false

      at log (src/components/ui/Button.tsx:27:13)

    console.log
      [Button] All props: {}

      at log (src/components/ui/Button.tsx:28:13)

    console.log
      [Button] Rendering with type: submit

      at log (src/components/ui/Button.tsx:25:13)

    console.log
      [Button] Props received: {
        variant: 'primary',
        size: 'lg',
        type: 'submit',
        loading: false,
        disabled: false
      }

      at log (src/components/ui/Button.tsx:26:13)

    console.log
      [Button] Has onClick in props: false

      at log (src/components/ui/Button.tsx:27:13)

    console.log
      [Button] All props: {}

      at log (src/components/ui/Button.tsx:28:13)

    console.log
      [Button] Rendering with type: submit

      at log (src/components/ui/Button.tsx:25:13)

    console.log
      [Button] Props received: {
        variant: 'primary',
        size: 'lg',
        type: 'submit',
        loading: false,
        disabled: false
      }

      at log (src/components/ui/Button.tsx:26:13)

    console.log
      [Button] Has onClick in props: false

      at log (src/components/ui/Button.tsx:27:13)

    console.log
      [Button] All props: {}

      at log (src/components/ui/Button.tsx:28:13)

    console.log
      [Button] Rendering with type: submit

      at log (src/components/ui/Button.tsx:25:13)

    console.log
      [Button] Props received: {
        variant: 'primary',
        size: 'lg',
        type: 'submit',
        loading: false,
        disabled: false
      }

      at log (src/components/ui/Button.tsx:26:13)

    console.log
      [Button] Has onClick in props: false

      at log (src/components/ui/Button.tsx:27:13)

    console.log
      [Button] All props: {}

      at log (src/components/ui/Button.tsx:28:13)

    console.log
      [Button] Rendering with type: submit

      at log (src/components/ui/Button.tsx:25:13)

    console.log
      [Button] Props received: {
        variant: 'primary',
        size: 'lg',
        type: 'submit',
        loading: false,
        disabled: false
      }

      at log (src/components/ui/Button.tsx:26:13)

    console.log
      [Button] Has onClick in props: false

      at log (src/components/ui/Button.tsx:27:13)

    console.log
      [Button] All props: {}

      at log (src/components/ui/Button.tsx:28:13)

    console.log
      [Button] Rendering with type: submit

      at log (src/components/ui/Button.tsx:25:13)

    console.log
      [Button] Props received: {
        variant: 'primary',
        size: 'lg',
        type: 'submit',
        loading: false,
        disabled: false
      }

      at log (src/components/ui/Button.tsx:26:13)

    console.log
      [Button] Has onClick in props: false

      at log (src/components/ui/Button.tsx:27:13)

    console.log
      [Button] All props: {}

      at log (src/components/ui/Button.tsx:28:13)

    console.log
      [Button] Rendering with type: submit

      at log (src/components/ui/Button.tsx:25:13)

    console.log
      [Button] Props received: {
        variant: 'primary',
        size: 'lg',
        type: 'submit',
        loading: false,
        disabled: false
      }

      at log (src/components/ui/Button.tsx:26:13)

    console.log
      [Button] Has onClick in props: false

      at log (src/components/ui/Button.tsx:27:13)

    console.log
      [Button] All props: {}

      at log (src/components/ui/Button.tsx:28:13)

    console.log
      [Button] Rendering with type: submit

      at log (src/components/ui/Button.tsx:25:13)

    console.log
      [Button] Props received: {
        variant: 'primary',
        size: 'lg',
        type: 'submit',
        loading: false,
        disabled: false
      }

      at log (src/components/ui/Button.tsx:26:13)

    console.log
      [Button] Has onClick in props: false

      at log (src/components/ui/Button.tsx:27:13)

    console.log
      [Button] All props: {}

      at log (src/components/ui/Button.tsx:28:13)

    console.log
      [Button] Rendering with type: submit

      at log (src/components/ui/Button.tsx:25:13)

    console.log
      [Button] Props received: {
        variant: 'primary',
        size: 'lg',
        type: 'submit',
        loading: false,
        disabled: false
      }

      at log (src/components/ui/Button.tsx:26:13)

    console.log
      [Button] Has onClick in props: false

      at log (src/components/ui/Button.tsx:27:13)

    console.log
      [Button] All props: {}

      at log (src/components/ui/Button.tsx:28:13)

    console.log
      [Button] Rendering with type: submit

      at log (src/components/ui/Button.tsx:25:13)

    console.log
      [Button] Props received: {
        variant: 'primary',
        size: 'lg',
        type: 'submit',
        loading: false,
        disabled: false
      }

      at log (src/components/ui/Button.tsx:26:13)

    console.log
      [Button] Has onClick in props: false

      at log (src/components/ui/Button.tsx:27:13)

    console.log
      [Button] All props: {}

      at log (src/components/ui/Button.tsx:28:13)

    console.log
      [Button] Rendering with type: submit

      at log (src/components/ui/Button.tsx:25:13)

    console.log
      [Button] Props received: {
        variant: 'primary',
        size: 'lg',
        type: 'submit',
        loading: false,
        disabled: false
      }

      at log (src/components/ui/Button.tsx:26:13)

    console.log
      [Button] Has onClick in props: false

      at log (src/components/ui/Button.tsx:27:13)

    console.log
      [Button] All props: {}

      at log (src/components/ui/Button.tsx:28:13)

    console.log
      [Button] Rendering with type: submit

      at log (src/components/ui/Button.tsx:25:13)

    console.log
      [Button] Props received: {
        variant: 'primary',
        size: 'lg',
        type: 'submit',
        loading: false,
        disabled: false
      }

      at log (src/components/ui/Button.tsx:26:13)

    console.log
      [Button] Has onClick in props: false

      at log (src/components/ui/Button.tsx:27:13)

    console.log
      [Button] All props: {}

      at log (src/components/ui/Button.tsx:28:13)

    console.log
      [Button] Rendering with type: submit

      at log (src/components/ui/Button.tsx:25:13)

    console.log
      [Button] Props received: {
        variant: 'primary',
        size: 'lg',
        type: 'submit',
        loading: false,
        disabled: false
      }

      at log (src/components/ui/Button.tsx:26:13)

    console.log
      [Button] Has onClick in props: false

      at log (src/components/ui/Button.tsx:27:13)

    console.log
      [Button] All props: {}

      at log (src/components/ui/Button.tsx:28:13)

    console.log
      [Button] Rendering with type: submit

      at log (src/components/ui/Button.tsx:25:13)

    console.log
      [Button] Props received: {
        variant: 'primary',
        size: 'lg',
        type: 'submit',
        loading: false,
        disabled: false
      }

      at log (src/components/ui/Button.tsx:26:13)

    console.log
      [Button] Has onClick in props: false

      at log (src/components/ui/Button.tsx:27:13)

    console.log
      [Button] All props: {}

      at log (src/components/ui/Button.tsx:28:13)

    console.log
      [Button] Rendering with type: submit

      at log (src/components/ui/Button.tsx:25:13)

    console.log
      [Button] Props received: {
        variant: 'primary',
        size: 'lg',
        type: 'submit',
        loading: false,
        disabled: false
      }

      at log (src/components/ui/Button.tsx:26:13)

    console.log
      [Button] Has onClick in props: false

      at log (src/components/ui/Button.tsx:27:13)

    console.log
      [Button] All props: {}

      at log (src/components/ui/Button.tsx:28:13)

    console.log
      [Button] Rendering with type: submit

      at log (src/components/ui/Button.tsx:25:13)

    console.log
      [Button] Props received: {
        variant: 'primary',
        size: 'lg',
        type: 'submit',
        loading: false,
        disabled: false
      }

      at log (src/components/ui/Button.tsx:26:13)

    console.log
      [Button] Has onClick in props: false

      at log (src/components/ui/Button.tsx:27:13)

    console.log
      [Button] All props: {}

      at log (src/components/ui/Button.tsx:28:13)

    console.log
      [Button] Rendering with type: submit

      at log (src/components/ui/Button.tsx:25:13)

    console.log
      [Button] Props received: {
        variant: 'primary',
        size: 'lg',
        type: 'submit',
        loading: false,
        disabled: false
      }

      at log (src/components/ui/Button.tsx:26:13)

    console.log
      [Button] Has onClick in props: false

      at log (src/components/ui/Button.tsx:27:13)

    console.log
      [Button] All props: {}

      at log (src/components/ui/Button.tsx:28:13)

    console.log
      [Button] Rendering with type: submit

      at log (src/components/ui/Button.tsx:25:13)

    console.log
      [Button] Props received: {
        variant: 'primary',
        size: 'lg',
        type: 'submit',
        loading: false,
        disabled: false
      }

      at log (src/components/ui/Button.tsx:26:13)

    console.log
      [Button] Has onClick in props: false

      at log (src/components/ui/Button.tsx:27:13)

    console.log
      [Button] All props: {}

      at log (src/components/ui/Button.tsx:28:13)

    console.log
      [Button] Rendering with type: submit

      at log (src/components/ui/Button.tsx:25:13)

    console.log
      [Button] Props received: {
        variant: 'primary',
        size: 'lg',
        type: 'submit',
        loading: false,
        disabled: false
      }

      at log (src/components/ui/Button.tsx:26:13)

    console.log
      [Button] Has onClick in props: false

      at log (src/components/ui/Button.tsx:27:13)

    console.log
      [Button] All props: {}

      at log (src/components/ui/Button.tsx:28:13)

    console.log
      [Button] Rendering with type: submit

      at log (src/components/ui/Button.tsx:25:13)

    console.log
      [Button] Props received: {
        variant: 'primary',
        size: 'lg',
        type: 'submit',
        loading: false,
        disabled: false
      }

      at log (src/components/ui/Button.tsx:26:13)

    console.log
      [Button] Has onClick in props: false

      at log (src/components/ui/Button.tsx:27:13)

    console.log
      [Button] All props: {}

      at log (src/components/ui/Button.tsx:28:13)

    console.log
      [Button] Rendering with type: submit

      at log (src/components/ui/Button.tsx:25:13)

    console.log
      [Button] Props received: {
        variant: 'primary',
        size: 'lg',
        type: 'submit',
        loading: false,
        disabled: false
      }

      at log (src/components/ui/Button.tsx:26:13)

    console.log
      [Button] Has onClick in props: false

      at log (src/components/ui/Button.tsx:27:13)

    console.log
      [Button] All props: {}

      at log (src/components/ui/Button.tsx:28:13)

    console.log
      [Button] Rendering with type: submit

      at log (src/components/ui/Button.tsx:25:13)

    console.log
      [Button] Props received: {
        variant: 'primary',
        size: 'lg',
        type: 'submit',
        loading: false,
        disabled: false
      }

      at log (src/components/ui/Button.tsx:26:13)

    console.log
      [Button] Has onClick in props: false

      at log (src/components/ui/Button.tsx:27:13)

    console.log
      [Button] All props: {}

      at log (src/components/ui/Button.tsx:28:13)

    console.log
      [Button] Rendering with type: submit

      at log (src/components/ui/Button.tsx:25:13)

    console.log
      [Button] Props received: {
        variant: 'primary',
        size: 'lg',
        type: 'submit',
        loading: false,
        disabled: false
      }

      at log (src/components/ui/Button.tsx:26:13)

    console.log
      [Button] Has onClick in props: false

      at log (src/components/ui/Button.tsx:27:13)

    console.log
      [Button] All props: {}

      at log (src/components/ui/Button.tsx:28:13)

    console.log
      [Button] Rendering with type: submit

      at log (src/components/ui/Button.tsx:25:13)

    console.log
      [Button] Props received: {
        variant: 'primary',
        size: 'lg',
        type: 'submit',
        loading: false,
        disabled: false
      }

      at log (src/components/ui/Button.tsx:26:13)

    console.log
      [Button] Has onClick in props: false

      at log (src/components/ui/Button.tsx:27:13)

    console.log
      [Button] All props: {}

      at log (src/components/ui/Button.tsx:28:13)

    console.log
      [Button] Rendering with type: submit

      at log (src/components/ui/Button.tsx:25:13)

    console.log
      [Button] Props received: {
        variant: 'primary',
        size: 'lg',
        type: 'submit',
        loading: false,
        disabled: false
      }

      at log (src/components/ui/Button.tsx:26:13)

    console.log
      [Button] Has onClick in props: false

      at log (src/components/ui/Button.tsx:27:13)

    console.log
      [Button] All props: {}

      at log (src/components/ui/Button.tsx:28:13)

    console.log
      [Button] Rendering with type: submit

      at log (src/components/ui/Button.tsx:25:13)

    console.log
      [Button] Props received: {
        variant: 'primary',
        size: 'lg',
        type: 'submit',
        loading: true,
        disabled: true
      }

      at log (src/components/ui/Button.tsx:26:13)

    console.log
      [Button] Has onClick in props: false

      at log (src/components/ui/Button.tsx:27:13)

    console.log
      [Button] All props: {}

      at log (src/components/ui/Button.tsx:28:13)

    console.log
      Form submission started

      at log (src/hooks/useLoginForm.ts:200:13)

    console.log
      Default behavior prevented

      at log (src/hooks/useLoginForm.ts:203:15)

    console.log
      [LoginFlowTracer] Trace started: 0863839d-bc12-4ac4-87a2-7baa3c289037

      at log (src/lib/auth/LoginFlowTracer.ts:52:15)

    console.log
      [useLoginForm] Login flow started { traceId: '0863839d-bc12-4ac4-87a2-7baa3c289037' }

      at log (src/hooks/useLoginForm.ts:208:13)

    console.log
      [useLoginForm] Calling API client login method { traceId: '0863839d-bc12-4ac4-87a2-7baa3c289037' }

      at log (src/hooks/useLoginForm.ts:230:15)

    console.log
      [AuthService] Login attempt {
        email: 'test@example.com',
        traceId: '0863839d-bc12-4ac4-87a2-7baa3c289037'
      }

      at AuthService.log [as login] (src/lib/api/authService.ts:140:15)

    console.log
      [AuthService] Calling backend API { traceId: '0863839d-bc12-4ac4-87a2-7baa3c289037' }

      at AuthService.log [as login] (src/lib/api/authService.ts:168:15)

    console.log
      [TokenManager] getToken attempt {
        storageKey: 'jwt_token',
        source: undefined,
        traceId: undefined,
        timestamp: '2026-02-08T19:37:33.060Z'
      }

      at log (src/lib/api/tokenManager.ts:322:11)

    console.log
      [TokenManager] Raw value retrieved {
        storageKey: 'jwt_token',
        valuePresent: false,
        valueLength: 0,
        valuePreview: 'null',
        traceId: undefined
      }

      at log (src/lib/api/tokenManager.ts:335:15)

    console.log
      [TokenManager] No token found in storage { storageKey: 'jwt_token', traceId: undefined }

      at log (src/lib/api/tokenManager.ts:358:21)

    console.warn
      [AuthLogger 2026-02-08T19:37:33.060Z] Token get failed

       98 |   } else {
       99 |     // In production, log minimal info
    > 100 |     consoleMethod(message);
          |     ^
      101 |   }
      102 | }
      103 |

      at consoleMethod (src/lib/auth/AuthLogger.ts:100:5)
      at log (src/lib/auth/AuthLogger.ts:175:3)
      at getToken (src/lib/api/tokenManager.ts:362:30)
      at src/lib/api/apiClient.ts:53:29
      at ApiClient.interceptor [as request] (src/lib/api/apiClient.ts:195:24)
      at ApiClient.request [as post] (src/lib/api/apiClient.ts:114:17)
      at AuthService.post [as login] (src/lib/api/authService.ts:169:45)
      at login (src/hooks/useLoginForm.ts:231:40)
      at errors (node_modules/react-hook-form/src/logic/createFormControl.ts:1293:24)

    console.log
      [TokenManager] getToken attempt {
        storageKey: 'jwt_token',
        source: undefined,
        traceId: undefined,
        timestamp: '2026-02-08T19:37:33.060Z'
      }

      at log (src/lib/api/tokenManager.ts:322:11)

    console.log
      [TokenManager] Raw value retrieved {
        storageKey: 'jwt_token',
        valuePresent: false,
        valueLength: 0,
        valuePreview: 'null',
        traceId: undefined
      }

      at log (src/lib/api/tokenManager.ts:335:15)

    console.log
      [TokenManager] No token found in storage { storageKey: 'jwt_token', traceId: undefined }

      at log (src/lib/api/tokenManager.ts:358:21)

    console.warn
      [AuthLogger 2026-02-08T19:37:33.060Z] Token get failed

       98 |   } else {
       99 |     // In production, log minimal info
    > 100 |     consoleMethod(message);
          |     ^
      101 |   }
      102 | }
      103 |

      at consoleMethod (src/lib/auth/AuthLogger.ts:100:5)
      at log (src/lib/auth/AuthLogger.ts:175:3)
      at getToken (src/lib/api/tokenManager.ts:362:30)
      at TokenManager.getToken (src/lib/api/tokenManager.ts:512:12)
      at getToken (src/lib/api/interceptors.ts:41:30)
      at ApiClient.interceptor [as request] (src/lib/api/apiClient.ts:195:24)

    console.log
      [AuthService] Backend response received {
        hasToken: false,
        email: undefined,
        traceId: '0863839d-bc12-4ac4-87a2-7baa3c289037'
      }

      at AuthService.log [as login] (src/lib/api/authService.ts:170:15)

    console.error
      [AuthService] Login error {
        error: 'Invalid login response: missing or invalid token',
        traceId: '0863839d-bc12-4ac4-87a2-7baa3c289037'
      }

      223 |       };
      224 |     } catch (error: any) {
    > 225 |       console.error('[AuthService] Login error', {
          |               ^
      226 |         error: error.message || String(error),
      227 |         traceId,
      228 |       });

      at AuthService.error (src/lib/api/authService.ts:225:15)
      at src/hooks/useLoginForm.ts:231:22
      at unset (node_modules/react-hook-form/src/logic/createFormControl.ts:1293:7)

    console.error
      [useLoginForm] Login failed {
        error: 'Unable to connect. Please check your internet connection.',
        traceId: '0863839d-bc12-4ac4-87a2-7baa3c289037'
      }

      259 |       } else {
      260 |         // Login failed - handle error
    > 261 |         console.error('[useLoginForm] Login failed', { error: result.error, traceId });
          |                 ^
      262 |         
      263 |         // Record attempt for authentication errors
      264 |         if (result.error === 'Invalid email or password') {

      at error (src/hooks/useLoginForm.ts:261:17)
      at unset (node_modules/react-hook-form/src/logic/createFormControl.ts:1293:7)

    console.error
      Login error: {
        type: 'authentication',
        message: 'Unable to connect. Please check your internet connection.'
      }

      139 |     // Error handling is managed by the LoginForm component
      140 |     // This callback is provided for potential future logging or analytics
    > 141 |     console.error('Login error:', error);
          |             ^
      142 |   };
      143 |
      144 |   return (

      at error (src/app/login/LoginPageClient.tsx:141:13)
      at onError (src/hooks/useLoginForm.ts:271:11)
      at unset (node_modules/react-hook-form/src/logic/createFormControl.ts:1293:7)

    console.log
      [Button] Rendering with type: submit

      at log (src/components/ui/Button.tsx:25:13)

    console.log
      [Button] Props received: {
        variant: 'primary',
        size: 'lg',
        type: 'submit',
        loading: false,
        disabled: false
      }

      at log (src/components/ui/Button.tsx:26:13)

    console.log
      [Button] Has onClick in props: false

      at log (src/components/ui/Button.tsx:27:13)

    console.log
      [Button] All props: {}

      at log (src/components/ui/Button.tsx:28:13)

    console.log
      [Button] Rendering with type: submit

      at log (src/components/ui/Button.tsx:25:13)

    console.log
      [Button] Props received: {
        variant: 'primary',
        size: 'lg',
        type: 'submit',
        loading: false,
        disabled: false
      }

      at log (src/components/ui/Button.tsx:26:13)

    console.log
      [Button] Has onClick in props: false

      at log (src/components/ui/Button.tsx:27:13)

    console.log
      [Button] All props: {}

      at log (src/components/ui/Button.tsx:28:13)

    console.log
      [Button] Rendering with type: submit

      at log (src/components/ui/Button.tsx:25:13)

    console.log
      [Button] Props received: {
        variant: 'primary',
        size: 'lg',
        type: 'submit',
        loading: false,
        disabled: false
      }

      at log (src/components/ui/Button.tsx:26:13)

    console.log
      [Button] Has onClick in props: false

      at log (src/components/ui/Button.tsx:27:13)

    console.log
      [Button] All props: {}

      at log (src/components/ui/Button.tsx:28:13)

    console.log
      [Button] Rendering with type: submit

      at log (src/components/ui/Button.tsx:25:13)

    console.log
      [Button] Props received: {
        variant: 'primary',
        size: 'lg',
        type: 'submit',
        loading: false,
        disabled: false
      }

      at log (src/components/ui/Button.tsx:26:13)

    console.log
      [Button] Has onClick in props: false

      at log (src/components/ui/Button.tsx:27:13)

    console.log
      [Button] All props: {}

      at log (src/components/ui/Button.tsx:28:13)

    console.log
      [Button] Rendering with type: submit

      at log (src/components/ui/Button.tsx:25:13)

    console.log
      [Button] Props received: {
        variant: 'primary',
        size: 'lg',
        type: 'submit',
        loading: false,
        disabled: false
      }

      at log (src/components/ui/Button.tsx:26:13)

    console.log
      [Button] Has onClick in props: false

      at log (src/components/ui/Button.tsx:27:13)

    console.log
      [Button] All props: {}

      at log (src/components/ui/Button.tsx:28:13)

    console.log
      [Button] Rendering with type: submit

      at log (src/components/ui/Button.tsx:25:13)

    console.log
      [Button] Props received: {
        variant: 'primary',
        size: 'lg',
        type: 'submit',
        loading: false,
        disabled: false
      }

      at log (src/components/ui/Button.tsx:26:13)

    console.log
      [Button] Has onClick in props: false

      at log (src/components/ui/Button.tsx:27:13)

    console.log
      [Button] All props: {}

      at log (src/components/ui/Button.tsx:28:13)

    console.log
      [Button] Rendering with type: submit

      at log (src/components/ui/Button.tsx:25:13)

    console.log
      [Button] Props received: {
        variant: 'primary',
        size: 'lg',
        type: 'submit',
        loading: false,
        disabled: false
      }

      at log (src/components/ui/Button.tsx:26:13)

    console.log
      [Button] Has onClick in props: false

      at log (src/components/ui/Button.tsx:27:13)

    console.log
      [Button] All props: {}

      at log (src/components/ui/Button.tsx:28:13)

    console.log
      [Button] Rendering with type: submit

      at log (src/components/ui/Button.tsx:25:13)

    console.log
      [Button] Props received: {
        variant: 'primary',
        size: 'lg',
        type: 'submit',
        loading: false,
        disabled: false
      }

      at log (src/components/ui/Button.tsx:26:13)

    console.log
      [Button] Has onClick in props: false

      at log (src/components/ui/Button.tsx:27:13)

    console.log
      [Button] All props: {}

      at log (src/components/ui/Button.tsx:28:13)

    console.log
      [Button] Rendering with type: submit

      at log (src/components/ui/Button.tsx:25:13)

    console.log
      [Button] Props received: {
        variant: 'primary',
        size: 'lg',
        type: 'submit',
        loading: false,
        disabled: false
      }

      at log (src/components/ui/Button.tsx:26:13)

    console.log
      [Button] Has onClick in props: false

      at log (src/components/ui/Button.tsx:27:13)

    console.log
      [Button] All props: {}

      at log (src/components/ui/Button.tsx:28:13)

    console.log
      [Button] Rendering with type: submit

      at log (src/components/ui/Button.tsx:25:13)

    console.log
      [Button] Props received: {
        variant: 'primary',
        size: 'lg',
        type: 'submit',
        loading: false,
        disabled: false
      }

      at log (src/components/ui/Button.tsx:26:13)

    console.log
      [Button] Has onClick in props: false

      at log (src/components/ui/Button.tsx:27:13)

    console.log
      [Button] All props: {}

      at log (src/components/ui/Button.tsx:28:13)

    console.log
      [Button] Rendering with type: submit

      at log (src/components/ui/Button.tsx:25:13)

    console.log
      [Button] Props received: {
        variant: 'primary',
        size: 'lg',
        type: 'submit',
        loading: false,
        disabled: false
      }

      at log (src/components/ui/Button.tsx:26:13)

    console.log
      [Button] Has onClick in props: false

      at log (src/components/ui/Button.tsx:27:13)

    console.log
      [Button] All props: {}

      at log (src/components/ui/Button.tsx:28:13)

    console.log
      [Button] Rendering with type: submit

      at log (src/components/ui/Button.tsx:25:13)

    console.log
      [Button] Props received: {
        variant: 'primary',
        size: 'lg',
        type: 'submit',
        loading: false,
        disabled: false
      }

      at log (src/components/ui/Button.tsx:26:13)

    console.log
      [Button] Has onClick in props: false

      at log (src/components/ui/Button.tsx:27:13)

    console.log
      [Button] All props: {}

      at log (src/components/ui/Button.tsx:28:13)

    console.log
      [Button] Rendering with type: submit

      at log (src/components/ui/Button.tsx:25:13)

    console.log
      [Button] Props received: {
        variant: 'primary',
        size: 'lg',
        type: 'submit',
        loading: false,
        disabled: false
      }

      at log (src/components/ui/Button.tsx:26:13)

    console.log
      [Button] Has onClick in props: false

      at log (src/components/ui/Button.tsx:27:13)

    console.log
      [Button] All props: {}

      at log (src/components/ui/Button.tsx:28:13)

    console.log
      [Button] Rendering with type: submit

      at log (src/components/ui/Button.tsx:25:13)

    console.log
      [Button] Props received: {
        variant: 'primary',
        size: 'lg',
        type: 'submit',
        loading: false,
        disabled: false
      }

      at log (src/components/ui/Button.tsx:26:13)

    console.log
      [Button] Has onClick in props: false

      at log (src/components/ui/Button.tsx:27:13)

    console.log
      [Button] All props: {}

      at log (src/components/ui/Button.tsx:28:13)

    console.log
      [Button] Rendering with type: submit

      at log (src/components/ui/Button.tsx:25:13)

    console.log
      [Button] Props received: {
        variant: 'primary',
        size: 'lg',
        type: 'submit',
        loading: false,
        disabled: false
      }

      at log (src/components/ui/Button.tsx:26:13)

    console.log
      [Button] Has onClick in props: false

      at log (src/components/ui/Button.tsx:27:13)

    console.log
      [Button] All props: {}

      at log (src/components/ui/Button.tsx:28:13)

    console.log
      [Button] Rendering with type: submit

      at log (src/components/ui/Button.tsx:25:13)

    console.log
      [Button] Props received: {
        variant: 'primary',
        size: 'lg',
        type: 'submit',
        loading: false,
        disabled: false
      }

      at log (src/components/ui/Button.tsx:26:13)

    console.log
      [Button] Has onClick in props: false

      at log (src/components/ui/Button.tsx:27:13)

    console.log
      [Button] All props: {}

      at log (src/components/ui/Button.tsx:28:13)

    console.log
      [Button] Rendering with type: submit

      at log (src/components/ui/Button.tsx:25:13)

    console.log
      [Button] Props received: {
        variant: 'primary',
        size: 'lg',
        type: 'submit',
        loading: false,
        disabled: false
      }

      at log (src/components/ui/Button.tsx:26:13)

    console.log
      [Button] Has onClick in props: false

      at log (src/components/ui/Button.tsx:27:13)

    console.log
      [Button] All props: {}

      at log (src/components/ui/Button.tsx:28:13)

    console.log
      [Button] Rendering with type: submit

      at log (src/components/ui/Button.tsx:25:13)

    console.log
      [Button] Props received: {
        variant: 'primary',
        size: 'lg',
        type: 'submit',
        loading: false,
        disabled: false
      }

      at log (src/components/ui/Button.tsx:26:13)

    console.log
      [Button] Has onClick in props: false

      at log (src/components/ui/Button.tsx:27:13)

    console.log
      [Button] All props: {}

      at log (src/components/ui/Button.tsx:28:13)

    console.log
      [Button] Rendering with type: submit

      at log (src/components/ui/Button.tsx:25:13)

    console.log
      [Button] Props received: {
        variant: 'primary',
        size: 'lg',
        type: 'submit',
        loading: false,
        disabled: false
      }

      at log (src/components/ui/Button.tsx:26:13)

    console.log
      [Button] Has onClick in props: false

      at log (src/components/ui/Button.tsx:27:13)

    console.log
      [Button] All props: {}

      at log (src/components/ui/Button.tsx:28:13)

    console.log
      [Button] Rendering with type: submit

      at log (src/components/ui/Button.tsx:25:13)

    console.log
      [Button] Props received: {
        variant: 'primary',
        size: 'lg',
        type: 'submit',
        loading: false,
        disabled: false
      }

      at log (src/components/ui/Button.tsx:26:13)

    console.log
      [Button] Has onClick in props: false

      at log (src/components/ui/Button.tsx:27:13)

    console.log
      [Button] All props: {}

      at log (src/components/ui/Button.tsx:28:13)

    console.log
      [Button] Rendering with type: submit

      at log (src/components/ui/Button.tsx:25:13)

    console.log
      [Button] Props received: {
        variant: 'primary',
        size: 'lg',
        type: 'submit',
        loading: false,
        disabled: false
      }

      at log (src/components/ui/Button.tsx:26:13)

    console.log
      [Button] Has onClick in props: false

      at log (src/components/ui/Button.tsx:27:13)

    console.log
      [Button] All props: {}

      at log (src/components/ui/Button.tsx:28:13)

    console.log
      [Button] Rendering with type: submit

      at log (src/components/ui/Button.tsx:25:13)

    console.log
      [Button] Props received: {
        variant: 'primary',
        size: 'lg',
        type: 'submit',
        loading: false,
        disabled: false
      }

      at log (src/components/ui/Button.tsx:26:13)

    console.log
      [Button] Has onClick in props: false

      at log (src/components/ui/Button.tsx:27:13)

    console.log
      [Button] All props: {}

      at log (src/components/ui/Button.tsx:28:13)

    console.log
      [Button] Rendering with type: submit

      at log (src/components/ui/Button.tsx:25:13)

    console.log
      [Button] Props received: {
        variant: 'primary',
        size: 'lg',
        type: 'submit',
        loading: false,
        disabled: false
      }

      at log (src/components/ui/Button.tsx:26:13)

    console.log
      [Button] Has onClick in props: false

      at log (src/components/ui/Button.tsx:27:13)

    console.log
      [Button] All props: {}

      at log (src/components/ui/Button.tsx:28:13)

    console.log
      [Button] Rendering with type: submit

      at log (src/components/ui/Button.tsx:25:13)

    console.log
      [Button] Props received: {
        variant: 'primary',
        size: 'lg',
        type: 'submit',
        loading: false,
        disabled: false
      }

      at log (src/components/ui/Button.tsx:26:13)

    console.log
      [Button] Has onClick in props: false

      at log (src/components/ui/Button.tsx:27:13)

    console.log
      [Button] All props: {}

      at log (src/components/ui/Button.tsx:28:13)

    console.log
      [Button] Rendering with type: submit

      at log (src/components/ui/Button.tsx:25:13)

    console.log
      [Button] Props received: {
        variant: 'primary',
        size: 'lg',
        type: 'submit',
        loading: false,
        disabled: false
      }

      at log (src/components/ui/Button.tsx:26:13)

    console.log
      [Button] Has onClick in props: false

      at log (src/components/ui/Button.tsx:27:13)

    console.log
      [Button] All props: {}

      at log (src/components/ui/Button.tsx:28:13)

    console.log
      [Button] Rendering with type: submit

      at log (src/components/ui/Button.tsx:25:13)

    console.log
      [Button] Props received: {
        variant: 'primary',
        size: 'lg',
        type: 'submit',
        loading: false,
        disabled: false
      }

      at log (src/components/ui/Button.tsx:26:13)

    console.log
      [Button] Has onClick in props: false

      at log (src/components/ui/Button.tsx:27:13)

    console.log
      [Button] All props: {}

      at log (src/components/ui/Button.tsx:28:13)

    console.log
      [Button] Rendering with type: submit

      at log (src/components/ui/Button.tsx:25:13)

    console.log
      [Button] Props received: {
        variant: 'primary',
        size: 'lg',
        type: 'submit',
        loading: false,
        disabled: false
      }

      at log (src/components/ui/Button.tsx:26:13)

    console.log
      [Button] Has onClick in props: false

      at log (src/components/ui/Button.tsx:27:13)

    console.log
      [Button] All props: {}

      at log (src/components/ui/Button.tsx:28:13)

    console.log
      [Button] Rendering with type: submit

      at log (src/components/ui/Button.tsx:25:13)

    console.log
      [Button] Props received: {
        variant: 'primary',
        size: 'lg',
        type: 'submit',
        loading: false,
        disabled: false
      }

      at log (src/components/ui/Button.tsx:26:13)

    console.log
      [Button] Has onClick in props: false

      at log (src/components/ui/Button.tsx:27:13)

    console.log
      [Button] All props: {}

      at log (src/components/ui/Button.tsx:28:13)

    console.log
      [Button] Rendering with type: submit

      at log (src/components/ui/Button.tsx:25:13)

    console.log
      [Button] Props received: {
        variant: 'primary',
        size: 'lg',
        type: 'submit',
        loading: false,
        disabled: false
      }

      at log (src/components/ui/Button.tsx:26:13)

    console.log
      [Button] Has onClick in props: false

      at log (src/components/ui/Button.tsx:27:13)

    console.log
      [Button] All props: {}

      at log (src/components/ui/Button.tsx:28:13)

    console.log
      [Button] Rendering with type: submit

      at log (src/components/ui/Button.tsx:25:13)

    console.log
      [Button] Props received: {
        variant: 'primary',
        size: 'lg',
        type: 'submit',
        loading: false,
        disabled: false
      }

      at log (src/components/ui/Button.tsx:26:13)

    console.log
      [Button] Has onClick in props: false

      at log (src/components/ui/Button.tsx:27:13)

    console.log
      [Button] All props: {}

      at log (src/components/ui/Button.tsx:28:13)

    console.log
      [Button] Rendering with type: submit

      at log (src/components/ui/Button.tsx:25:13)

    console.log
      [Button] Props received: {
        variant: 'primary',
        size: 'lg',
        type: 'submit',
        loading: false,
        disabled: false
      }

      at log (src/components/ui/Button.tsx:26:13)

    console.log
      [Button] Has onClick in props: false

      at log (src/components/ui/Button.tsx:27:13)

    console.log
      [Button] All props: {}

      at log (src/components/ui/Button.tsx:28:13)

    console.log
      [Button] Rendering with type: submit

      at log (src/components/ui/Button.tsx:25:13)

    console.log
      [Button] Props received: {
        variant: 'primary',
        size: 'lg',
        type: 'submit',
        loading: false,
        disabled: false
      }

      at log (src/components/ui/Button.tsx:26:13)

    console.log
      [Button] Has onClick in props: false

      at log (src/components/ui/Button.tsx:27:13)

    console.log
      [Button] All props: {}

      at log (src/components/ui/Button.tsx:28:13)

    console.log
      [Button] Rendering with type: submit

      at log (src/components/ui/Button.tsx:25:13)

    console.log
      [Button] Props received: {
        variant: 'primary',
        size: 'lg',
        type: 'submit',
        loading: false,
        disabled: false
      }

      at log (src/components/ui/Button.tsx:26:13)

    console.log
      [Button] Has onClick in props: false

      at log (src/components/ui/Button.tsx:27:13)

    console.log
      [Button] All props: {}

      at log (src/components/ui/Button.tsx:28:13)

    console.log
      [Button] Rendering with type: submit

      at log (src/components/ui/Button.tsx:25:13)

    console.log
      [Button] Props received: {
        variant: 'primary',
        size: 'lg',
        type: 'submit',
        loading: false,
        disabled: false
      }

      at log (src/components/ui/Button.tsx:26:13)

    console.log
      [Button] Has onClick in props: false

      at log (src/components/ui/Button.tsx:27:13)

    console.log
      [Button] All props: {}

      at log (src/components/ui/Button.tsx:28:13)

    console.log
      [Button] Rendering with type: submit

      at log (src/components/ui/Button.tsx:25:13)

    console.log
      [Button] Props received: {
        variant: 'primary',
        size: 'lg',
        type: 'submit',
        loading: true,
        disabled: true
      }

      at log (src/components/ui/Button.tsx:26:13)

    console.log
      [Button] Has onClick in props: false

      at log (src/components/ui/Button.tsx:27:13)

    console.log
      [Button] All props: {}

      at log (src/components/ui/Button.tsx:28:13)

    console.log
      Form submission started

      at log (src/hooks/useLoginForm.ts:200:13)

    console.log
      Default behavior prevented

      at log (src/hooks/useLoginForm.ts:203:15)

    console.log
      [LoginFlowTracer] Trace started: 9cc51b9d-fc50-4f35-8ba9-291b0b5cf7ab

      at log (src/lib/auth/LoginFlowTracer.ts:52:15)

    console.log
      [useLoginForm] Login flow started { traceId: '9cc51b9d-fc50-4f35-8ba9-291b0b5cf7ab' }

      at log (src/hooks/useLoginForm.ts:208:13)

    console.log
      [useLoginForm] Calling API client login method { traceId: '9cc51b9d-fc50-4f35-8ba9-291b0b5cf7ab' }

      at log (src/hooks/useLoginForm.ts:230:15)

    console.log
      [AuthService] Login attempt {
        email: 'test@example.com',
        traceId: '9cc51b9d-fc50-4f35-8ba9-291b0b5cf7ab'
      }

      at AuthService.log [as login] (src/lib/api/authService.ts:140:15)

    console.log
      [AuthService] Calling backend API { traceId: '9cc51b9d-fc50-4f35-8ba9-291b0b5cf7ab' }

      at AuthService.log [as login] (src/lib/api/authService.ts:168:15)

    console.log
      [TokenManager] getToken attempt {
        storageKey: 'jwt_token',
        source: undefined,
        traceId: undefined,
        timestamp: '2026-02-08T19:37:34.287Z'
      }

      at log (src/lib/api/tokenManager.ts:322:11)

    console.log
      [TokenManager] Raw value retrieved {
        storageKey: 'jwt_token',
        valuePresent: false,
        valueLength: 0,
        valuePreview: 'null',
        traceId: undefined
      }

      at log (src/lib/api/tokenManager.ts:335:15)

    console.log
      [TokenManager] No token found in storage { storageKey: 'jwt_token', traceId: undefined }

      at log (src/lib/api/tokenManager.ts:358:21)

    console.warn
      [AuthLogger 2026-02-08T19:37:34.287Z] Token get failed

       98 |   } else {
       99 |     // In production, log minimal info
    > 100 |     consoleMethod(message);
          |     ^
      101 |   }
      102 | }
      103 |

      at consoleMethod (src/lib/auth/AuthLogger.ts:100:5)
      at log (src/lib/auth/AuthLogger.ts:175:3)
      at getToken (src/lib/api/tokenManager.ts:362:30)
      at src/lib/api/apiClient.ts:53:29
      at ApiClient.interceptor [as request] (src/lib/api/apiClient.ts:195:24)
      at ApiClient.request [as post] (src/lib/api/apiClient.ts:114:17)
      at AuthService.post [as login] (src/lib/api/authService.ts:169:45)
      at login (src/hooks/useLoginForm.ts:231:40)
      at errors (node_modules/react-hook-form/src/logic/createFormControl.ts:1293:24)

    console.log
      [TokenManager] getToken attempt {
        storageKey: 'jwt_token',
        source: undefined,
        traceId: undefined,
        timestamp: '2026-02-08T19:37:34.287Z'
      }

      at log (src/lib/api/tokenManager.ts:322:11)

    console.log
      [TokenManager] Raw value retrieved {
        storageKey: 'jwt_token',
        valuePresent: false,
        valueLength: 0,
        valuePreview: 'null',
        traceId: undefined
      }

      at log (src/lib/api/tokenManager.ts:335:15)

    console.log
      [TokenManager] No token found in storage { storageKey: 'jwt_token', traceId: undefined }

      at log (src/lib/api/tokenManager.ts:358:21)

    console.warn
      [AuthLogger 2026-02-08T19:37:34.287Z] Token get failed

       98 |   } else {
       99 |     // In production, log minimal info
    > 100 |     consoleMethod(message);
          |     ^
      101 |   }
      102 | }
      103 |

      at consoleMethod (src/lib/auth/AuthLogger.ts:100:5)
      at log (src/lib/auth/AuthLogger.ts:175:3)
      at getToken (src/lib/api/tokenManager.ts:362:30)
      at TokenManager.getToken (src/lib/api/tokenManager.ts:512:12)
      at getToken (src/lib/api/interceptors.ts:41:30)
      at ApiClient.interceptor [as request] (src/lib/api/apiClient.ts:195:24)

    console.log
      [AuthService] Backend response received {
        hasToken: false,
        email: undefined,
        traceId: '9cc51b9d-fc50-4f35-8ba9-291b0b5cf7ab'
      }

      at AuthService.log [as login] (src/lib/api/authService.ts:170:15)

    console.error
      [AuthService] Login error {
        error: 'Invalid login response: missing or invalid token',
        traceId: '9cc51b9d-fc50-4f35-8ba9-291b0b5cf7ab'
      }

      223 |       };
      224 |     } catch (error: any) {
    > 225 |       console.error('[AuthService] Login error', {
          |               ^
      226 |         error: error.message || String(error),
      227 |         traceId,
      228 |       });

      at AuthService.error (src/lib/api/authService.ts:225:15)
      at src/hooks/useLoginForm.ts:231:22
      at unset (node_modules/react-hook-form/src/logic/createFormControl.ts:1293:7)

    console.error
      [useLoginForm] Login failed {
        error: 'Unable to connect. Please check your internet connection.',
        traceId: '9cc51b9d-fc50-4f35-8ba9-291b0b5cf7ab'
      }

      259 |       } else {
      260 |         // Login failed - handle error
    > 261 |         console.error('[useLoginForm] Login failed', { error: result.error, traceId });
          |                 ^
      262 |         
      263 |         // Record attempt for authentication errors
      264 |         if (result.error === 'Invalid email or password') {

      at error (src/hooks/useLoginForm.ts:261:17)
      at unset (node_modules/react-hook-form/src/logic/createFormControl.ts:1293:7)

    console.error
      Login error: {
        type: 'authentication',
        message: 'Unable to connect. Please check your internet connection.'
      }

      139 |     // Error handling is managed by the LoginForm component
      140 |     // This callback is provided for potential future logging or analytics
    > 141 |     console.error('Login error:', error);
          |             ^
      142 |   };
      143 |
      144 |   return (

      at error (src/app/login/LoginPageClient.tsx:141:13)
      at onError (src/hooks/useLoginForm.ts:271:11)
      at unset (node_modules/react-hook-form/src/logic/createFormControl.ts:1293:7)

    console.log
      [Button] Rendering with type: submit

      at log (src/components/ui/Button.tsx:25:13)

    console.log
      [Button] Props received: {
        variant: 'primary',
        size: 'lg',
        type: 'submit',
        loading: false,
        disabled: false
      }

      at log (src/components/ui/Button.tsx:26:13)

    console.log
      [Button] Has onClick in props: false

      at log (src/components/ui/Button.tsx:27:13)

    console.log
      [Button] All props: {}

      at log (src/components/ui/Button.tsx:28:13)

  ● Login Page - Integration Tests › Complete Login Flow › should complete full login flow from page load to redirect

    thrown: "Exceeded timeout of 5000 ms for a test.
    Add a timeout value to this test to increase the timeout, if this is a long-running test. See https://jestjs.io/docs/api#testname-fn-timeout."

      56 |
      57 |   describe('Complete Login Flow', () => {
    > 58 |     test('should complete full login flow from page load to redirect', async () => {
         |     ^
      59 |       // Mock successful authentication
      60 |       (global.fetch as jest.Mock).mockResolvedValueOnce({
      61 |         ok: true,

      at test (src/app/login/integration.test.tsx:58:5)
      at describe (src/app/login/integration.test.tsx:57:3)
      at Object.describe (src/app/login/integration.test.tsx:29:1)

  ● Login Page - Integration Tests › Complete Login Flow › should handle complete error recovery flow

    Unable to find an element with the text: /invalid email or password/i. This could be because the text is broken up by multiple elements. In this case, you can provide a function for your text matcher to make your matcher more flexible.

    Ignored nodes: comments, script, style
    [36m<body>[39m
      [36m<div>[39m
        [36m<div[39m
          [33mclass[39m=[32m"min-h-screen flex items-center justify-center bg-gray-50 px-4 py-12 sm:px-6 lg:px-8"[39m
        [36m>[39m
          [36m<div[39m
            [33mclass[39m=[32m"w-full max-w-md"[39m
          [36m>[39m
            [36m<div[39m
              [33mclass[39m=[32m"rounded-lg border text-card-foreground focus-within:ring-2 focus-within:ring-blue-500 focus-within:ring-offset-2 border-gray-200 bg-white hover:shadow-lg transition-shadow shadow-xl"[39m
            [36m>[39m
              [36m<div[39m
                [33mclass[39m=[32m"flex flex-col p-6 space-y-2 text-center pb-6"[39m
              [36m>[39m
                [36m<h1[39m
                  [33mclass[39m=[32m"text-2xl font-bold text-gray-900 sm:text-3xl"[39m
                [36m>[39m
                  [0mSign in to your account[0m
                [36m</h1>[39m
                [36m<p[39m
                  [33mclass[39m=[32m"text-sm text-gray-600 sm:text-base"[39m
                [36m>[39m
                  [0mEnter your credentials to access your tax preparation dashboard[0m
                [36m</p>[39m
              [36m</div>[39m
              [36m<div[39m
                [33mclass[39m=[32m"p-6 pt-0 pb-8"[39m
              [36m>[39m
                [36m<form[39m
                  [33mclass[39m=[32m"space-y-6"[39m
                  [33mnovalidate[39m=[32m""[39m
                [36m>[39m
                  [36m<div[39m
                    [33maria-live[39m=[32m"assertive"[39m
                    [33mclass[39m=[32m"p-4 rounded-md bg-red-50 border border-red-200"[39m
                    [33mrole[39m=[32m"alert"[39m
                  [36m>[39m
                    [36m<div[39m
                      [33mclass[39m=[32m"flex items-start"[39m
                    [36m>[39m
                      [36m<svg[39m
                        [33maria-hidden[39m=[32m"true"[39m
                        [33mclass[39m=[32m"w-5 h-5 text-red-600 mr-3 mt-0.5 flex-shrink-0"[39m
                        [33mfill[39m=[32m"currentColor"[39m
                        [33mviewBox[39m=[32m"0 0 20 20"[39m
                      [36m>[39m
                        [36m<path[39m
                          [33mclip-rule[39m=[32m"evenodd"[39m
                          [33md[39m=[32m"M10 18a8 8 0 100-16 8 8 0 000 16zM8.707 7.293a1 1 0 00-1.414 1.414L8.586 10l-1.293 1.293a1 1 0 101.414 1.414L10 11.414l1.293 1.293a1 1 0 001.414-1.414L11.414 10l1.293-1.293a1 1 0 00-1.414-1.414L10 8.586 8.707 7.293z"[39m
                          [33mfill-rule[39m=[32m"evenodd"[39m
                        [36m/>[39m
                      [36m</svg>[39m
                      [36m<p[39m
                        [33mclass[39m=[32m"text-sm text-red-800"[39m
                      [36m>[39m
                        [0mUnable to connect. Please check your internet connection.[0m
                      [36m</p>[39m
                    [36m</div>[39m
                  [36m</div>[39m
                  [36m<div[39m
                    [33maria-live[39m=[32m"polite"[39m
                    [33mclass[39m=[32m"p-4 rounded-md border transition-all duration-200 bg-red-50 border-red-200"[39m
                    [33mrole[39m=[32m"status"[39m
                  [36m>[39m
                    [36m<div[39m
                      [33mclass[39m=[32m"flex items-start"[39m
                    [36m>[39m
                      [36m<svg[39m
                        [33maria-hidden[39m=[32m"true"[39m
                        [33mclass[39m=[32m"w-5 h-5 text-red-600 mr-3 mt-0.5 flex-shrink-0"[39m
                        [33mfill[39m=[32m"currentColor"[39m
                        [33mviewBox[39m=[32m"0 0 20 20"[39m
                      [36m>[39m
                        [36m<path[39m
                          [33mclip-rule[39m=[32m"evenodd"[39m
                          [33md[39m=[32m"M10 18a8 8 0 100-16 8 8 0 000 16zM8.707 7.293a1 1 0 00-1.414 1.414L8.586 10l-1.293 1.293a1 1 0 101.414 1.414L10 11.414l1.293 1.293a1 1 0 001.414-1.414L11.414 10l1.293-1.293a1 1 0 00-1.414-1.414L10 8.586 8.707 7.293z"[39m
                          [33mfill-rule[39m=[32m"evenodd"[39m
                        [36m/>[39m
                      [36m</svg>[39m
                      [36m<p[39m
                        [33mclass[39m=[32m"text-sm text-red-800"[39m
                      [36m>[39m
                        [0mUnable to connect. Please check your internet connection.[0m
                      [36m</p>[39m
                    [36m</div>[39m
                  [36m</div>[39m
                  [36m<div>[39m
                    [36m<label[39m
                      [33mclass[39m=[32m"block text-sm font-medium text-gray-700 mb-1.5"[39m
                      [33mfor[39m=[32m"email"[39m
                    [36m>[39m
                      [0mEmail Address[0m
                    [36m</label>[39m
                    [36m<input[39m
                      [33maria-invalid[39m=[32m"false"[39m
                      [33maria-label[39m=[32m"Email Address"[39m
                      [33maria-required[39m=[32m"true"[39m
                      [33mautocomplete[39m=[32m"email"[39m
                      [33mclass[39m=[32m"w-full px-3 py-2 rounded-md border text-gray-900 transition-colors duration-200 placeholder:text-gray-400 focus:outline-none focus:ring-2 focus:ring-offset-2 focus-visible:outline-none focus-visible:ring-2 focus-visible:ring-offset-2 min-h-[44px] text-base md:min-h-[40px] md:text-sm border-gray-300 focus:ring-blue-500 focus:border-blue-500 focus-visible:ring-blue-500"[39m
                      [33mid[39m=[32m"email"[39m
                      [33mname[39m=[32m"email"[39m
                      [33mtype[39m=[32m"email"[39m
                    [36m/>[39m
                  [36m</div>[39m
                  [36m<div>[39m
                    [36m<label[39m
                      [33mclass[39m=[32m"block text-sm font-medium text-gray-700 mb-1.5"[39m
                      [33mfor[39m=[32m"password"[39m
                    [36m>[39m
                      [0mPassword[0m
                    [36m</label>[39m
                    [36m<div[39m
                      [33mclass[39m=[32m"relative"[39m
                    [36m>[39m
                      [36m<input[39m
                        [33maria-invalid[39m=[32m"false"[39m
                        [33maria-label[39m=[32m"Password"[39m
                        [33maria-required[39m=[32m"true"[39m
                        [33mautocomplete[39m=[32m"current-password"[39m
                        [33mclass[39m=[32m"w-full px-3 py-2 pr-12 rounded-md border text-gray-900 transition-colors duration-200 placeholder:text-gray-400 focus:outline-none focus:ring-2 focus:ring-offset-2 focus-visible:outline-none focus-visible:ring-2 focus-visible:ring-offset-2 min-h-[44px] text-base md:min-h-[40px] md:text-sm border-gray-300 focus:ring-blue-500 focus:border-blue-500 focus-visible:ring-blue-500"[39m
                        [33mid[39m=[32m"password"[39m
                        [33mname[39m=[32m"password"[39m
                        [33mtype[39m=[32m"password"[39m
                      [36m/>[39m
                      [36m<button[39m
                        [33maria-label[39m=[32m"Show password"[39m
                        [33maria-pressed[39m=[32m"false"[39m
                        [33mclass[39m=[32m"absolute right-2 top-1/2 -translate-y-1/2 p-2 rounded-md z-10 min-w-[44px] min-h-[44px] md:min-w-[36px] md:min-h-[36px] hover:bg-gray-100 transition-colors duration-200 focus:outline-none focus:ring-2 focus:ring-blue-500 focus:ring-offset-2 focus-visible:outline-none focus-visible:ring-2 focus-visible:ring-blue-500 focus-visible:ring-offset-2"[39m
                        [33mtype[39m=[32m"button"[39m
                      [36m>[39m
                        [36m<svg[39m
                          [33maria-hidden[39m=[32m"true"[39m
                          [33mclass[39m=[32m"w-5 h-5 text-gray-600"[39m
                          [33mfill[39m=[32m"none"[39m
                          [33mstroke[39m=[32m"currentColor"[39m
                          [33mstyle[39m=[32m"pointer-events: none;"[39m
                          [33mviewBox[39m=[32m"0 0 24 24"[39m
                        [36m>[39m
                          [36m<path[39m
                            [33md[39m=[32m"M15 12a3 3 0 11-6 0 3 3 0 016 0z"[39m
                            [33mstroke-linecap[39m=[32m"round"[39m
                            [33mstroke-linejoin[39m=[32m"round"[39m
                            [33mstroke-width[39m=[32m"2"[39m
                            [33mstyle[39m=[32m"pointer-events: none;"[39m
                          [36m/>[39m
                          [36m<path[39m
                            [33md[39m=[32m"M2.458 12C3.732 7.943 7.523 5 12 5c4.478 0 8.268 2.943 9.542 7-1.274 4.057-5.064 7-9.542 7-4.477 0-8.268-2.943-9.542-7z"[39m
                            [33mstroke-linecap[39m=[32m"round"[39m
                            [33mstroke-linejoin[39m=[32m"round"[39m
                            [33mstroke-width[39m=[32m"2"[39m
                            [33mstyle[39m=[32m"pointer-events: none;"[39m
                          [36m/>[39m
                        [36m</svg>[39m
                      [36m</button>[39m
                    [36m</div>[39m
                  [36m</div>[39m
                  [36m<button[39m
                    [33maria-busy[39m=[32m"false"[39m
                    [33mclass[39m=[32m"inline-flex items-center justify-center rounded-md font-medium transition-colors focus-visible:outline-none focus-visible:ring-2 focus-visible:ring-offset-2 disabled:pointer-events-none disabled:opacity-50 focus:outline-none focus:ring-2 focus:ring-offset-2 bg-blue-600 text-white hover:bg-blue-700 active:bg-blue-800 focus-visible:ring-blue-500 focus:ring-blue-500 h-12 px-6 text-lg w-full min-h-[44px] md:min-h-[48px]"[39m
                    [33mtype[39m=[32m"submit"[39m
                  [36m>[39m
                    [0mSign In[0m
                  [36m</button>[39m
                [36m</form>[39m
              [36m</div>[39m
            [36m</div>[39m
            [36m<div[39m
              [33mclass[39m=[32m"mt-6 text-center"[39m
            [36m>[39m
              [36m<p[39m
                [33mclass[39m=[32m"text-sm text-gray-600"[39m
              [36m>[39m
                [0mDon't have an account?[0m
                [0m [0m
                [36m<a[39m
                  [33mclass[39m=[32m"font-medium text-blue-600 hover:text-blue-500 focus:outline-none focus:underline transition-colors"[39m
                  [33mhref[39m=[32m"/signup"[39m
                [36m>[39m
                  [0mSign up[0m
                [36m</a>[39m
              [36m</p>[39m
            [36m</div>[39m
          [36m</div>[39m
        [36m</div>[39m
      [36m</div>[39m
    [36m</body>[39m

      129 |
      130 |       // Wait for error message
    > 131 |       await waitFor(() => {
          |                    ^
      132 |         expect(screen.getByText(/invalid email or password/i)).toBeInTheDocument();
      133 |       });
      134 |

      at waitForWrapper (node_modules/@testing-library/dom/dist/wait-for.js:163:27)
      at Object.<anonymous> (src/app/login/integration.test.tsx:131:20)

  ● Login Page - Integration Tests › Rate Limiting Integration › should enforce rate limiting across multiple failed attempts

    Unable to find an element with the text: /invalid email or password/i. This could be because the text is broken up by multiple elements. In this case, you can provide a function for your text matcher to make your matcher more flexible.

    Ignored nodes: comments, script, style
    [36m<body>[39m
      [36m<div>[39m
        [36m<div[39m
          [33mclass[39m=[32m"min-h-screen flex items-center justify-center bg-gray-50 px-4 py-12 sm:px-6 lg:px-8"[39m
        [36m>[39m
          [36m<div[39m
            [33mclass[39m=[32m"w-full max-w-md"[39m
          [36m>[39m
            [36m<div[39m
              [33mclass[39m=[32m"rounded-lg border text-card-foreground focus-within:ring-2 focus-within:ring-blue-500 focus-within:ring-offset-2 border-gray-200 bg-white hover:shadow-lg transition-shadow shadow-xl"[39m
            [36m>[39m
              [36m<div[39m
                [33mclass[39m=[32m"flex flex-col p-6 space-y-2 text-center pb-6"[39m
              [36m>[39m
                [36m<h1[39m
                  [33mclass[39m=[32m"text-2xl font-bold text-gray-900 sm:text-3xl"[39m
                [36m>[39m
                  [0mSign in to your account[0m
                [36m</h1>[39m
                [36m<p[39m
                  [33mclass[39m=[32m"text-sm text-gray-600 sm:text-base"[39m
                [36m>[39m
                  [0mEnter your credentials to access your tax preparation dashboard[0m
                [36m</p>[39m
              [36m</div>[39m
              [36m<div[39m
                [33mclass[39m=[32m"p-6 pt-0 pb-8"[39m
              [36m>[39m
                [36m<form[39m
                  [33mclass[39m=[32m"space-y-6"[39m
                  [33mnovalidate[39m=[32m""[39m
                [36m>[39m
                  [36m<div[39m
                    [33maria-live[39m=[32m"assertive"[39m
                    [33mclass[39m=[32m"p-4 rounded-md bg-red-50 border border-red-200"[39m
                    [33mrole[39m=[32m"alert"[39m
                  [36m>[39m
                    [36m<div[39m
                      [33mclass[39m=[32m"flex items-start"[39m
                    [36m>[39m
                      [36m<svg[39m
                        [33maria-hidden[39m=[32m"true"[39m
                        [33mclass[39m=[32m"w-5 h-5 text-red-600 mr-3 mt-0.5 flex-shrink-0"[39m
                        [33mfill[39m=[32m"currentColor"[39m
                        [33mviewBox[39m=[32m"0 0 20 20"[39m
                      [36m>[39m
                        [36m<path[39m
                          [33mclip-rule[39m=[32m"evenodd"[39m
                          [33md[39m=[32m"M10 18a8 8 0 100-16 8 8 0 000 16zM8.707 7.293a1 1 0 00-1.414 1.414L8.586 10l-1.293 1.293a1 1 0 101.414 1.414L10 11.414l1.293 1.293a1 1 0 001.414-1.414L11.414 10l1.293-1.293a1 1 0 00-1.414-1.414L10 8.586 8.707 7.293z"[39m
                          [33mfill-rule[39m=[32m"evenodd"[39m
                        [36m/>[39m
                      [36m</svg>[39m
                      [36m<p[39m
                        [33mclass[39m=[32m"text-sm text-red-800"[39m
                      [36m>[39m
                        [0mUnable to connect. Please check your internet connection.[0m
                      [36m</p>[39m
                    [36m</div>[39m
                  [36m</div>[39m
                  [36m<div[39m
                    [33maria-live[39m=[32m"polite"[39m
                    [33mclass[39m=[32m"p-4 rounded-md border transition-all duration-200 bg-red-50 border-red-200"[39m
                    [33mrole[39m=[32m"status"[39m
                  [36m>[39m
                    [36m<div[39m
                      [33mclass[39m=[32m"flex items-start"[39m
                    [36m>[39m
                      [36m<svg[39m
                        [33maria-hidden[39m=[32m"true"[39m
                        [33mclass[39m=[32m"w-5 h-5 text-red-600 mr-3 mt-0.5 flex-shrink-0"[39m
                        [33mfill[39m=[32m"currentColor"[39m
                        [33mviewBox[39m=[32m"0 0 20 20"[39m
                      [36m>[39m
                        [36m<path[39m
                          [33mclip-rule[39m=[32m"evenodd"[39m
                          [33md[39m=[32m"M10 18a8 8 0 100-16 8 8 0 000 16zM8.707 7.293a1 1 0 00-1.414 1.414L8.586 10l-1.293 1.293a1 1 0 101.414 1.414L10 11.414l1.293 1.293a1 1 0 001.414-1.414L11.414 10l1.293-1.293a1 1 0 00-1.414-1.414L10 8.586 8.707 7.293z"[39m
                          [33mfill-rule[39m=[32m"evenodd"[39m
                        [36m/>[39m
                      [36m</svg>[39m
                      [36m<p[39m
                        [33mclass[39m=[32m"text-sm text-red-800"[39m
                      [36m>[39m
                        [0mUnable to connect. Please check your internet connection.[0m
                      [36m</p>[39m
                    [36m</div>[39m
                  [36m</div>[39m
                  [36m<div>[39m
                    [36m<label[39m
                      [33mclass[39m=[32m"block text-sm font-medium text-gray-700 mb-1.5"[39m
                      [33mfor[39m=[32m"email"[39m
                    [36m>[39m
                      [0mEmail Address[0m
                    [36m</label>[39m
                    [36m<input[39m
                      [33maria-invalid[39m=[32m"false"[39m
                      [33maria-label[39m=[32m"Email Address"[39m
                      [33maria-required[39m=[32m"true"[39m
                      [33mautocomplete[39m=[32m"email"[39m
                      [33mclass[39m=[32m"w-full px-3 py-2 rounded-md border text-gray-900 transition-colors duration-200 placeholder:text-gray-400 focus:outline-none focus:ring-2 focus:ring-offset-2 focus-visible:outline-none focus-visible:ring-2 focus-visible:ring-offset-2 min-h-[44px] text-base md:min-h-[40px] md:text-sm border-gray-300 focus:ring-blue-500 focus:border-blue-500 focus-visible:ring-blue-500"[39m
                      [33mid[39m=[32m"email"[39m
                      [33mname[39m=[32m"email"[39m
                      [33mtype[39m=[32m"email"[39m
                    [36m/>[39m
                  [36m</div>[39m
                  [36m<div>[39m
                    [36m<label[39m
                      [33mclass[39m=[32m"block text-sm font-medium text-gray-700 mb-1.5"[39m
                      [33mfor[39m=[32m"password"[39m
                    [36m>[39m
                      [0mPassword[0m
                    [36m</label>[39m
                    [36m<div[39m
                      [33mclass[39m=[32m"relative"[39m
                    [36m>[39m
                      [36m<input[39m
                        [33maria-invalid[39m=[32m"false"[39m
                        [33maria-label[39m=[32m"Password"[39m
                        [33maria-required[39m=[32m"true"[39m
                        [33mautocomplete[39m=[32m"current-password"[39m
                        [33mclass[39m=[32m"w-full px-3 py-2 pr-12 rounded-md border text-gray-900 transition-colors duration-200 placeholder:text-gray-400 focus:outline-none focus:ring-2 focus:ring-offset-2 focus-visible:outline-none focus-visible:ring-2 focus-visible:ring-offset-2 min-h-[44px] text-base md:min-h-[40px] md:text-sm border-gray-300 focus:ring-blue-500 focus:border-blue-500 focus-visible:ring-blue-500"[39m
                        [33mid[39m=[32m"password"[39m
                        [33mname[39m=[32m"password"[39m
                        [33mtype[39m=[32m"password"[39m
                      [36m/>[39m
                      [36m<button[39m
                        [33maria-label[39m=[32m"Show password"[39m
                        [33maria-pressed[39m=[32m"false"[39m
                        [33mclass[39m=[32m"absolute right-2 top-1/2 -translate-y-1/2 p-2 rounded-md z-10 min-w-[44px] min-h-[44px] md:min-w-[36px] md:min-h-[36px] hover:bg-gray-100 transition-colors duration-200 focus:outline-none focus:ring-2 focus:ring-blue-500 focus:ring-offset-2 focus-visible:outline-none focus-visible:ring-2 focus-visible:ring-blue-500 focus-visible:ring-offset-2"[39m
                        [33mtype[39m=[32m"button"[39m
                      [36m>[39m
                        [36m<svg[39m
                          [33maria-hidden[39m=[32m"true"[39m
                          [33mclass[39m=[32m"w-5 h-5 text-gray-600"[39m
                          [33mfill[39m=[32m"none"[39m
                          [33mstroke[39m=[32m"currentColor"[39m
                          [33mstyle[39m=[32m"pointer-events: none;"[39m
                          [33mviewBox[39m=[32m"0 0 24 24"[39m
                        [36m>[39m
                          [36m<path[39m
                            [33md[39m=[32m"M15 12a3 3 0 11-6 0 3 3 0 016 0z"[39m
                            [33mstroke-linecap[39m=[32m"round"[39m
                            [33mstroke-linejoin[39m=[32m"round"[39m
                            [33mstroke-width[39m=[32m"2"[39m
                            [33mstyle[39m=[32m"pointer-events: none;"[39m
                          [36m/>[39m
                          [36m<path[39m
                            [33md[39m=[32m"M2.458 12C3.732 7.943 7.523 5 12 5c4.478 0 8.268 2.943 9.542 7-1.274 4.057-5.064 7-9.542 7-4.477 0-8.268-2.943-9.542-7z"[39m
                            [33mstroke-linecap[39m=[32m"round"[39m
                            [33mstroke-linejoin[39m=[32m"round"[39m
                            [33mstroke-width[39m=[32m"2"[39m
                            [33mstyle[39m=[32m"pointer-events: none;"[39m
                          [36m/>[39m
                        [36m</svg>[39m
                      [36m</button>[39m
                    [36m</div>[39m
                  [36m</div>[39m
                  [36m<button[39m
                    [33maria-busy[39m=[32m"false"[39m
                    [33mclass[39m=[32m"inline-flex items-center justify-center rounded-md font-medium transition-colors focus-visible:outline-none focus-visible:ring-2 focus-visible:ring-offset-2 disabled:pointer-events-none disabled:opacity-50 focus:outline-none focus:ring-2 focus:ring-offset-2 bg-blue-600 text-white hover:bg-blue-700 active:bg-blue-800 focus-visible:ring-blue-500 focus:ring-blue-500 h-12 px-6 text-lg w-full min-h-[44px] md:min-h-[48px]"[39m
                    [33mtype[39m=[32m"submit"[39m
                  [36m>[39m
                    [0mSign In[0m
                  [36m</button>[39m
                [36m</form>[39m
              [36m</div>[39m
            [36m</div>[39m
            [36m<div[39m
              [33mclass[39m=[32m"mt-6 text-center"[39m
            [36m>[39m
              [36m<p[39m
                [33mclass[39m=[32m"text-sm text-gray-600"[39m
              [36m>[39m
                [0mDon't have an account?[0m
                [0m [0m
                [36m<a[39m
                  [33mclass[39m=[32m"font-medium text-blue-600 hover:text-blue-500 focus:outline-none focus:underline transition-colors"[39m
                  [33mhref[39m=[32m"/signup"[39m
                [36m>[39m
                  [0mSign up[0m
                [36m</a>[39m
              [36m</p>[39m
            [36m</div>[39m
          [36m</div>[39m
        [36m</div>[39m
      [36m</div>[39m
    [36m</body>[39m

      191 |
      192 |         // Wait for error
    > 193 |         await waitFor(() => {
          |                      ^
      194 |           expect(screen.getByText(/invalid email or password/i)).toBeInTheDocument();
      195 |         });
      196 |       }

      at waitForWrapper (node_modules/@testing-library/dom/dist/wait-for.js:163:27)
      at Object.<anonymous> (src/app/login/integration.test.tsx:193:22)

  ● Login Page - Integration Tests › Rate Limiting Integration › should allow login after rate limit expires

    Unable to find an element with the text: /invalid email or password/i. This could be because the text is broken up by multiple elements. In this case, you can provide a function for your text matcher to make your matcher more flexible.

    Ignored nodes: comments, script, style
    [36m<body>[39m
      [36m<div>[39m
        [36m<div[39m
          [33mclass[39m=[32m"min-h-screen flex items-center justify-center bg-gray-50 px-4 py-12 sm:px-6 lg:px-8"[39m
        [36m>[39m
          [36m<div[39m
            [33mclass[39m=[32m"w-full max-w-md"[39m
          [36m>[39m
            [36m<div[39m
              [33mclass[39m=[32m"rounded-lg border text-card-foreground focus-within:ring-2 focus-within:ring-blue-500 focus-within:ring-offset-2 border-gray-200 bg-white hover:shadow-lg transition-shadow shadow-xl"[39m
            [36m>[39m
              [36m<div[39m
                [33mclass[39m=[32m"flex flex-col p-6 space-y-2 text-center pb-6"[39m
              [36m>[39m
                [36m<h1[39m
                  [33mclass[39m=[32m"text-2xl font-bold text-gray-900 sm:text-3xl"[39m
                [36m>[39m
                  [0mSign in to your account[0m
                [36m</h1>[39m
                [36m<p[39m
                  [33mclass[39m=[32m"text-sm text-gray-600 sm:text-base"[39m
                [36m>[39m
                  [0mEnter your credentials to access your tax preparation dashboard[0m
                [36m</p>[39m
              [36m</div>[39m
              [36m<div[39m
                [33mclass[39m=[32m"p-6 pt-0 pb-8"[39m
              [36m>[39m
                [36m<form[39m
                  [33mclass[39m=[32m"space-y-6"[39m
                  [33mnovalidate[39m=[32m""[39m
                [36m>[39m
                  [36m<div[39m
                    [33maria-live[39m=[32m"assertive"[39m
                    [33mclass[39m=[32m"p-4 rounded-md bg-red-50 border border-red-200"[39m
                    [33mrole[39m=[32m"alert"[39m
                  [36m>[39m
                    [36m<div[39m
                      [33mclass[39m=[32m"flex items-start"[39m
                    [36m>[39m
                      [36m<svg[39m
                        [33maria-hidden[39m=[32m"true"[39m
                        [33mclass[39m=[32m"w-5 h-5 text-red-600 mr-3 mt-0.5 flex-shrink-0"[39m
                        [33mfill[39m=[32m"currentColor"[39m
                        [33mviewBox[39m=[32m"0 0 20 20"[39m
                      [36m>[39m
                        [36m<path[39m
                          [33mclip-rule[39m=[32m"evenodd"[39m
                          [33md[39m=[32m"M10 18a8 8 0 100-16 8 8 0 000 16zM8.707 7.293a1 1 0 00-1.414 1.414L8.586 10l-1.293 1.293a1 1 0 101.414 1.414L10 11.414l1.293 1.293a1 1 0 001.414-1.414L11.414 10l1.293-1.293a1 1 0 00-1.414-1.414L10 8.586 8.707 7.293z"[39m
                          [33mfill-rule[39m=[32m"evenodd"[39m
                        [36m/>[39m
                      [36m</svg>[39m
                      [36m<p[39m
                        [33mclass[39m=[32m"text-sm text-red-800"[39m
                      [36m>[39m
                        [0mUnable to connect. Please check your internet connection.[0m
                      [36m</p>[39m
                    [36m</div>[39m
                  [36m</div>[39m
                  [36m<div[39m
                    [33maria-live[39m=[32m"polite"[39m
                    [33mclass[39m=[32m"p-4 rounded-md border transition-all duration-200 bg-red-50 border-red-200"[39m
                    [33mrole[39m=[32m"status"[39m
                  [36m>[39m
                    [36m<div[39m
                      [33mclass[39m=[32m"flex items-start"[39m
                    [36m>[39m
                      [36m<svg[39m
                        [33maria-hidden[39m=[32m"true"[39m
                        [33mclass[39m=[32m"w-5 h-5 text-red-600 mr-3 mt-0.5 flex-shrink-0"[39m
                        [33mfill[39m=[32m"currentColor"[39m
                        [33mviewBox[39m=[32m"0 0 20 20"[39m
                      [36m>[39m
                        [36m<path[39m
                          [33mclip-rule[39m=[32m"evenodd"[39m
                          [33md[39m=[32m"M10 18a8 8 0 100-16 8 8 0 000 16zM8.707 7.293a1 1 0 00-1.414 1.414L8.586 10l-1.293 1.293a1 1 0 101.414 1.414L10 11.414l1.293 1.293a1 1 0 001.414-1.414L11.414 10l1.293-1.293a1 1 0 00-1.414-1.414L10 8.586 8.707 7.293z"[39m
                          [33mfill-rule[39m=[32m"evenodd"[39m
                        [36m/>[39m
                      [36m</svg>[39m
                      [36m<p[39m
                        [33mclass[39m=[32m"text-sm text-red-800"[39m
                      [36m>[39m
                        [0mUnable to connect. Please check your internet connection.[0m
                      [36m</p>[39m
                    [36m</div>[39m
                  [36m</div>[39m
                  [36m<div>[39m
                    [36m<label[39m
                      [33mclass[39m=[32m"block text-sm font-medium text-gray-700 mb-1.5"[39m
                      [33mfor[39m=[32m"email"[39m
                    [36m>[39m
                      [0mEmail Address[0m
                    [36m</label>[39m
                    [36m<input[39m
                      [33maria-invalid[39m=[32m"false"[39m
                      [33maria-label[39m=[32m"Email Address"[39m
                      [33maria-required[39m=[32m"true"[39m
                      [33mautocomplete[39m=[32m"email"[39m
                      [33mclass[39m=[32m"w-full px-3 py-2 rounded-md border text-gray-900 transition-colors duration-200 placeholder:text-gray-400 focus:outline-none focus:ring-2 focus:ring-offset-2 focus-visible:outline-none focus-visible:ring-2 focus-visible:ring-offset-2 min-h-[44px] text-base md:min-h-[40px] md:text-sm border-gray-300 focus:ring-blue-500 focus:border-blue-500 focus-visible:ring-blue-500"[39m
                      [33mid[39m=[32m"email"[39m
                      [33mname[39m=[32m"email"[39m
                      [33mtype[39m=[32m"email"[39m
                    [36m/>[39m
                  [36m</div>[39m
                  [36m<div>[39m
                    [36m<label[39m
                      [33mclass[39m=[32m"block text-sm font-medium text-gray-700 mb-1.5"[39m
                      [33mfor[39m=[32m"password"[39m
                    [36m>[39m
                      [0mPassword[0m
                    [36m</label>[39m
                    [36m<div[39m
                      [33mclass[39m=[32m"relative"[39m
                    [36m>[39m
                      [36m<input[39m
                        [33maria-invalid[39m=[32m"false"[39m
                        [33maria-label[39m=[32m"Password"[39m
                        [33maria-required[39m=[32m"true"[39m
                        [33mautocomplete[39m=[32m"current-password"[39m
                        [33mclass[39m=[32m"w-full px-3 py-2 pr-12 rounded-md border text-gray-900 transition-colors duration-200 placeholder:text-gray-400 focus:outline-none focus:ring-2 focus:ring-offset-2 focus-visible:outline-none focus-visible:ring-2 focus-visible:ring-offset-2 min-h-[44px] text-base md:min-h-[40px] md:text-sm border-gray-300 focus:ring-blue-500 focus:border-blue-500 focus-visible:ring-blue-500"[39m
                        [33mid[39m=[32m"password"[39m
                        [33mname[39m=[32m"password"[39m
                        [33mtype[39m=[32m"password"[39m
                      [36m/>[39m
                      [36m<button[39m
                        [33maria-label[39m=[32m"Show password"[39m
                        [33maria-pressed[39m=[32m"false"[39m
                        [33mclass[39m=[32m"absolute right-2 top-1/2 -translate-y-1/2 p-2 rounded-md z-10 min-w-[44px] min-h-[44px] md:min-w-[36px] md:min-h-[36px] hover:bg-gray-100 transition-colors duration-200 focus:outline-none focus:ring-2 focus:ring-blue-500 focus:ring-offset-2 focus-visible:outline-none focus-visible:ring-2 focus-visible:ring-blue-500 focus-visible:ring-offset-2"[39m
                        [33mtype[39m=[32m"button"[39m
                      [36m>[39m
                        [36m<svg[39m
                          [33maria-hidden[39m=[32m"true"[39m
                          [33mclass[39m=[32m"w-5 h-5 text-gray-600"[39m
                          [33mfill[39m=[32m"none"[39m
                          [33mstroke[39m=[32m"currentColor"[39m
                          [33mstyle[39m=[32m"pointer-events: none;"[39m
                          [33mviewBox[39m=[32m"0 0 24 24"[39m
                        [36m>[39m
                          [36m<path[39m
                            [33md[39m=[32m"M15 12a3 3 0 11-6 0 3 3 0 016 0z"[39m
                            [33mstroke-linecap[39m=[32m"round"[39m
                            [33mstroke-linejoin[39m=[32m"round"[39m
                            [33mstroke-width[39m=[32m"2"[39m
                            [33mstyle[39m=[32m"pointer-events: none;"[39m
                          [36m/>[39m
                          [36m<path[39m
                            [33md[39m=[32m"M2.458 12C3.732 7.943 7.523 5 12 5c4.478 0 8.268 2.943 9.542 7-1.274 4.057-5.064 7-9.542 7-4.477 0-8.268-2.943-9.542-7z"[39m
                            [33mstroke-linecap[39m=[32m"round"[39m
                            [33mstroke-linejoin[39m=[32m"round"[39m
                            [33mstroke-width[39m=[32m"2"[39m
                            [33mstyle[39m=[32m"pointer-events: none;"[39m
                          [36m/>[39m
                        [36m</svg>[39m
                      [36m</button>[39m
                    [36m</div>[39m
                  [36m</div>[39m
                  [36m<button[39m
                    [33maria-busy[39m=[32m"false"[39m
                    [33mclass[39m=[32m"inline-flex items-center justify-center rounded-md font-medium transition-colors focus-visible:outline-none focus-visible:ring-2 focus-visible:ring-offset-2 disabled:pointer-events-none disabled:opacity-50 focus:outline-none focus:ring-2 focus:ring-offset-2 bg-blue-600 text-white hover:bg-blue-700 active:bg-blue-800 focus-visible:ring-blue-500 focus:ring-blue-500 h-12 px-6 text-lg w-full min-h-[44px] md:min-h-[48px]"[39m
                    [33mtype[39m=[32m"submit"[39m
                  [36m>[39m
                    [0mSign In[0m
                  [36m</button>[39m
                [36m</form>[39m
              [36m</div>[39m
            [36m</div>[39m
            [36m<div[39m
              [33mclass[39m=[32m"mt-6 text-center"[39m
            [36m>[39m
              [36m<p[39m
                [33mclass[39m=[32m"text-sm text-gray-600"[39m
              [36m>[39m
                [0mDon't have an account?[0m
                [0m [0m
                [36m<a[39m
                  [33mclass[39m=[32m"font-medium text-blue-600 hover:text-blue-500 focus:outline-none focus:underline transition-colors"[39m
                  [33mhref[39m=[32m"/signup"[39m
                [36m>[39m
                  [0mSign up[0m
                [36m</a>[39m
              [36m</p>[39m
            [36m</div>[39m
          [36m</div>[39m
        [36m</div>[39m
      [36m</div>[39m
    [36m</body>[39m

      240 |         await userEvent.click(submitButton);
      241 |
    > 242 |         await waitFor(() => {
          |                      ^
      243 |           expect(screen.getByText(/invalid email or password/i)).toBeInTheDocument();
      244 |         });
      245 |       }

      at waitForWrapper (node_modules/@testing-library/dom/dist/wait-for.js:163:27)
      at Object.<anonymous> (src/app/login/integration.test.tsx:242:22)

  ● Login Page - Integration Tests › Loading States Integration › should show loading state during authentication

    Unable to find an element with the text: /signing in/i. This could be because the text is broken up by multiple elements. In this case, you can provide a function for your text matcher to make your matcher more flexible.

    Ignored nodes: comments, script, style
    [36m<body>[39m
      [36m<div>[39m
        [36m<div[39m
          [33mclass[39m=[32m"min-h-screen flex items-center justify-center bg-gray-50 px-4 py-12 sm:px-6 lg:px-8"[39m
        [36m>[39m
          [36m<div[39m
            [33mclass[39m=[32m"w-full max-w-md"[39m
          [36m>[39m
            [36m<div[39m
              [33mclass[39m=[32m"rounded-lg border text-card-foreground focus-within:ring-2 focus-within:ring-blue-500 focus-within:ring-offset-2 border-gray-200 bg-white hover:shadow-lg transition-shadow shadow-xl"[39m
            [36m>[39m
              [36m<div[39m
                [33mclass[39m=[32m"flex flex-col p-6 space-y-2 text-center pb-6"[39m
              [36m>[39m
                [36m<h1[39m
                  [33mclass[39m=[32m"text-2xl font-bold text-gray-900 sm:text-3xl"[39m
                [36m>[39m
                  [0mSign in to your account[0m
                [36m</h1>[39m
                [36m<p[39m
                  [33mclass[39m=[32m"text-sm text-gray-600 sm:text-base"[39m
                [36m>[39m
                  [0mEnter your credentials to access your tax preparation dashboard[0m
                [36m</p>[39m
              [36m</div>[39m
              [36m<div[39m
                [33mclass[39m=[32m"p-6 pt-0 pb-8"[39m
              [36m>[39m
                [36m<form[39m
                  [33mclass[39m=[32m"space-y-6"[39m
                  [33mnovalidate[39m=[32m""[39m
                [36m>[39m
                  [36m<div[39m
                    [33maria-live[39m=[32m"assertive"[39m
                    [33mclass[39m=[32m"p-4 rounded-md bg-red-50 border border-red-200"[39m
                    [33mrole[39m=[32m"alert"[39m
                  [36m>[39m
                    [36m<div[39m
                      [33mclass[39m=[32m"flex items-start"[39m
                    [36m>[39m
                      [36m<svg[39m
                        [33maria-hidden[39m=[32m"true"[39m
                        [33mclass[39m=[32m"w-5 h-5 text-red-600 mr-3 mt-0.5 flex-shrink-0"[39m
                        [33mfill[39m=[32m"currentColor"[39m
                        [33mviewBox[39m=[32m"0 0 20 20"[39m
                      [36m>[39m
                        [36m<path[39m
                          [33mclip-rule[39m=[32m"evenodd"[39m
                          [33md[39m=[32m"M10 18a8 8 0 100-16 8 8 0 000 16zM8.707 7.293a1 1 0 00-1.414 1.414L8.586 10l-1.293 1.293a1 1 0 101.414 1.414L10 11.414l1.293 1.293a1 1 0 001.414-1.414L11.414 10l1.293-1.293a1 1 0 00-1.414-1.414L10 8.586 8.707 7.293z"[39m
                          [33mfill-rule[39m=[32m"evenodd"[39m
                        [36m/>[39m
                      [36m</svg>[39m
                      [36m<p[39m
                        [33mclass[39m=[32m"text-sm text-red-800"[39m
                      [36m>[39m
                        [0mUnable to connect. Please check your internet connection.[0m
                      [36m</p>[39m
                    [36m</div>[39m
                  [36m</div>[39m
                  [36m<div[39m
                    [33maria-live[39m=[32m"polite"[39m
                    [33mclass[39m=[32m"p-4 rounded-md border transition-all duration-200 bg-red-50 border-red-200"[39m
                    [33mrole[39m=[32m"status"[39m
                  [36m>[39m
                    [36m<div[39m
                      [33mclass[39m=[32m"flex items-start"[39m
                    [36m>[39m
                      [36m<svg[39m
                        [33maria-hidden[39m=[32m"true"[39m
                        [33mclass[39m=[32m"w-5 h-5 text-red-600 mr-3 mt-0.5 flex-shrink-0"[39m
                        [33mfill[39m=[32m"currentColor"[39m
                        [33mviewBox[39m=[32m"0 0 20 20"[39m
                      [36m>[39m
                        [36m<path[39m
                          [33mclip-rule[39m=[32m"evenodd"[39m
                          [33md[39m=[32m"M10 18a8 8 0 100-16 8 8 0 000 16zM8.707 7.293a1 1 0 00-1.414 1.414L8.586 10l-1.293 1.293a1 1 0 101.414 1.414L10 11.414l1.293 1.293a1 1 0 001.414-1.414L11.414 10l1.293-1.293a1 1 0 00-1.414-1.414L10 8.586 8.707 7.293z"[39m
                          [33mfill-rule[39m=[32m"evenodd"[39m
                        [36m/>[39m
                      [36m</svg>[39m
                      [36m<p[39m
                        [33mclass[39m=[32m"text-sm text-red-800"[39m
                      [36m>[39m
                        [0mUnable to connect. Please check your internet connection.[0m
                      [36m</p>[39m
                    [36m</div>[39m
                  [36m</div>[39m
                  [36m<div>[39m
                    [36m<label[39m
                      [33mclass[39m=[32m"block text-sm font-medium text-gray-700 mb-1.5"[39m
                      [33mfor[39m=[32m"email"[39m
                    [36m>[39m
                      [0mEmail Address[0m
                    [36m</label>[39m
                    [36m<input[39m
                      [33maria-invalid[39m=[32m"false"[39m
                      [33maria-label[39m=[32m"Email Address"[39m
                      [33maria-required[39m=[32m"true"[39m
                      [33mautocomplete[39m=[32m"email"[39m
                      [33mclass[39m=[32m"w-full px-3 py-2 rounded-md border text-gray-900 transition-colors duration-200 placeholder:text-gray-400 focus:outline-none focus:ring-2 focus:ring-offset-2 focus-visible:outline-none focus-visible:ring-2 focus-visible:ring-offset-2 min-h-[44px] text-base md:min-h-[40px] md:text-sm border-gray-300 focus:ring-blue-500 focus:border-blue-500 focus-visible:ring-blue-500"[39m
                      [33mid[39m=[32m"email"[39m
                      [33mname[39m=[32m"email"[39m
                      [33mtype[39m=[32m"email"[39m
                    [36m/>[39m
                  [36m</div>[39m
                  [36m<div>[39m
                    [36m<label[39m
                      [33mclass[39m=[32m"block text-sm font-medium text-gray-700 mb-1.5"[39m
                      [33mfor[39m=[32m"password"[39m
                    [36m>[39m
                      [0mPassword[0m
                    [36m</label>[39m
                    [36m<div[39m
                      [33mclass[39m=[32m"relative"[39m
                    [36m>[39m
                      [36m<input[39m
                        [33maria-invalid[39m=[32m"false"[39m
                        [33maria-label[39m=[32m"Password"[39m
                        [33maria-required[39m=[32m"true"[39m
                        [33mautocomplete[39m=[32m"current-password"[39m
                        [33mclass[39m=[32m"w-full px-3 py-2 pr-12 rounded-md border text-gray-900 transition-colors duration-200 placeholder:text-gray-400 focus:outline-none focus:ring-2 focus:ring-offset-2 focus-visible:outline-none focus-visible:ring-2 focus-visible:ring-offset-2 min-h-[44px] text-base md:min-h-[40px] md:text-sm border-gray-300 focus:ring-blue-500 focus:border-blue-500 focus-visible:ring-blue-500"[39m
                        [33mid[39m=[32m"password"[39m
                        [33mname[39m=[32m"password"[39m
                        [33mtype[39m=[32m"password"[39m
                      [36m/>[39m
                      [36m<button[39m
                        [33maria-label[39m=[32m"Show password"[39m
                        [33maria-pressed[39m=[32m"false"[39m
                        [33mclass[39m=[32m"absolute right-2 top-1/2 -translate-y-1/2 p-2 rounded-md z-10 min-w-[44px] min-h-[44px] md:min-w-[36px] md:min-h-[36px] hover:bg-gray-100 transition-colors duration-200 focus:outline-none focus:ring-2 focus:ring-blue-500 focus:ring-offset-2 focus-visible:outline-none focus-visible:ring-2 focus-visible:ring-blue-500 focus-visible:ring-offset-2"[39m
                        [33mtype[39m=[32m"button"[39m
                      [36m>[39m
                        [36m<svg[39m
                          [33maria-hidden[39m=[32m"true"[39m
                          [33mclass[39m=[32m"w-5 h-5 text-gray-600"[39m
                          [33mfill[39m=[32m"none"[39m
                          [33mstroke[39m=[32m"currentColor"[39m
                          [33mstyle[39m=[32m"pointer-events: none;"[39m
                          [33mviewBox[39m=[32m"0 0 24 24"[39m
                        [36m>[39m
                          [36m<path[39m
                            [33md[39m=[32m"M15 12a3 3 0 11-6 0 3 3 0 016 0z"[39m
                            [33mstroke-linecap[39m=[32m"round"[39m
                            [33mstroke-linejoin[39m=[32m"round"[39m
                            [33mstroke-width[39m=[32m"2"[39m
                            [33mstyle[39m=[32m"pointer-events: none;"[39m
                          [36m/>[39m
                          [36m<path[39m
                            [33md[39m=[32m"M2.458 12C3.732 7.943 7.523 5 12 5c4.478 0 8.268 2.943 9.542 7-1.274 4.057-5.064 7-9.542 7-4.477 0-8.268-2.943-9.542-7z"[39m
                            [33mstroke-linecap[39m=[32m"round"[39m
                            [33mstroke-linejoin[39m=[32m"round"[39m
                            [33mstroke-width[39m=[32m"2"[39m
                            [33mstyle[39m=[32m"pointer-events: none;"[39m
                          [36m/>[39m
                        [36m</svg>[39m
                      [36m</button>[39m
                    [36m</div>[39m
                  [36m</div>[39m
                  [36m<button[39m
                    [33maria-busy[39m=[32m"false"[39m
                    [33mclass[39m=[32m"inline-flex items-center justify-center rounded-md font-medium transition-colors focus-visible:outline-none focus-visible:ring-2 focus-visible:ring-offset-2 disabled:pointer-events-none disabled:opacity-50 focus:outline-none focus:ring-2 focus:ring-offset-2 bg-blue-600 text-white hover:bg-blue-700 active:bg-blue-800 focus-visible:ring-blue-500 focus:ring-blue-500 h-12 px-6 text-lg w-full min-h-[44px] md:min-h-[48px]"[39m
                    [33mtype[39m=[32m"submit"[39m
                  [36m>[39m
                    [0mSign In[0m
                  [36m</button>[39m
                [36m</form>[39m
              [36m</div>[39m
            [36m</div>[39m
            [36m<div[39m
              [33mclass[39m=[32m"mt-6 text-center"[39m
            [36m>[39m
              [36m<p[39m
                [33mclass[39m=[32m"text-sm text-gray-600"[39m
              [36m>[39m
                [0mDon't have an account?[0m
                [0m [0m
                [36m<a[39m
                  [33mclass[39m=[32m"font-medium text-blue-600 hover:text-blue-500 focus:outline-none focus:underline transition-colors"[39m
                  [33mhref[39m=[32m"/signup"[39m
                [36m>[39m
                  [0mSign up[0m
                [36m</a>[39m
              [36m</p>[39m
            [36m</div>[39m
          [36m</div>[39m
        [36m</div>[39m
      [36m</div>[39m
    [36m</body>[39m

      363 |
      364 |       // Button should show loading state
    > 365 |       await waitFor(() => {
          |                    ^
      366 |         expect(screen.getByText(/signing in/i)).toBeInTheDocument();
      367 |         expect(submitButton).toBeDisabled();
      368 |       });

      at waitForWrapper (node_modules/@testing-library/dom/dist/wait-for.js:163:27)
      at Object.<anonymous> (src/app/login/integration.test.tsx:365:20)

  ● Login Page - Integration Tests › Accessibility Integration › should announce errors to screen readers

    expect(element).toHaveTextContent()

    Expected element to have text content:
      /invalid email or password/i
    Received:
      Unable to connect. Please check your internet connection.

    Ignored nodes: comments, script, style
    [36m<html>[39m
      [36m<head />[39m
      [36m<body>[39m
        [36m<div>[39m
          [36m<div[39m
            [33mclass[39m=[32m"min-h-screen flex items-center justify-center bg-gray-50 px-4 py-12 sm:px-6 lg:px-8"[39m
          [36m>[39m
            [36m<div[39m
              [33mclass[39m=[32m"w-full max-w-md"[39m
            [36m>[39m
              [36m<div[39m
                [33mclass[39m=[32m"rounded-lg border text-card-foreground focus-within:ring-2 focus-within:ring-blue-500 focus-within:ring-offset-2 border-gray-200 bg-white hover:shadow-lg transition-shadow shadow-xl"[39m
              [36m>[39m
                [36m<div[39m
                  [33mclass[39m=[32m"flex flex-col p-6 space-y-2 text-center pb-6"[39m
                [36m>[39m
                  [36m<h1[39m
                    [33mclass[39m=[32m"text-2xl font-bold text-gray-900 sm:text-3xl"[39m
                  [36m>[39m
                    [0mSign in to your account[0m
                  [36m</h1>[39m
                  [36m<p[39m
                    [33mclass[39m=[32m"text-sm text-gray-600 sm:text-base"[39m
                  [36m>[39m
                    [0mEnter your credentials to access your tax preparation dashboard[0m
                  [36m</p>[39m
                [36m</div>[39m
                [36m<div[39m
                  [33mclass[39m=[32m"p-6 pt-0 pb-8"[39m
                [36m>[39m
                  [36m<form[39m
                    [33mclass[39m=[32m"space-y-6"[39m
                    [33mnovalidate[39m=[32m""[39m
                  [36m>[39m
                    [36m<div[39m
                      [33maria-live[39m=[32m"assertive"[39m
                      [33mclass[39m=[32m"p-4 rounded-md bg-red-50 border border-red-200"[39m
                      [33mrole[39m=[32m"alert"[39m
                    [36m>[39m
                      [36m<div[39m
                        [33mclass[39m=[32m"flex items-start"[39m
                      [36m>[39m
                        [36m<svg[39m
                          [33maria-hidden[39m=[32m"true"[39m
                          [33mclass[39m=[32m"w-5 h-5 text-red-600 mr-3 mt-0.5 flex-shrink-0"[39m
                          [33mfill[39m=[32m"currentColor"[39m
                          [33mviewBox[39m=[32m"0 0 20 20"[39m
                        [36m>[39m
                          [36m<path[39m
                            [33mclip-rule[39m=[32m"evenodd"[39m
                            [33md[39m=[32m"M10 18a8 8 0 100-16 8 8 0 000 16zM8.707 7.293a1 1 0 00-1.414 1.414L8.586 10l-1.293 1.293a1 1 0 101.414 1.414L10 11.414l1.293 1.293a1 1 0 001.414-1.414L11.414 10l1.293-1.293a1 1 0 00-1.414-1.414L10 8.586 8.707 7.293z"[39m
                            [33mfill-rule[39m=[32m"evenodd"[39m
                          [36m/>[39m
                        [36m</svg>[39m
                        [36m<p[39m
                          [33mclass[39m=[32m"text-sm text-red-800"[39m
                        [36m>[39m
                          [0mUnable to connect. Please check your internet connection.[0m
                        [36m</p>[39m
                      [36m</div>[39m
                    [36m</div>[39m
                    [36m<div[39m
                      [33maria-live[39m=[32m"polite"[39m
                      [33mclass[39m=[32m"p-4 rounded-md border transition-all duration-200 bg-red-50 border-red-200"[39m
                      [33mrole[39m=[32m"status"[39m
                    [36m>[39m
                      [36m<div[39m
                        [33mclass[39m=[32m"flex items-start"[39m
                      [36m>[39m
                        [36m<svg[39m
                          [33maria-hidden[39m=[32m"true"[39m
                          [33mclass[39m=[32m"w-5 h-5 text-red-600 mr-3 mt-0.5 flex-shrink-0"[39m
                          [33mfill[39m=[32m"currentColor"[39m
                          [33mviewBox[39m=[32m"0 0 20 20"[39m
                        [36m>[39m
                          [36m<path[39m
                            [33mclip-rule[39m=[32m"evenodd"[39m
                            [33md[39m=[32m"M10 18a8 8 0 100-16 8 8 0 000 16zM8.707 7.293a1 1 0 00-1.414 1.414L8.586 10l-1.293 1.293a1 1 0 101.414 1.414L10 11.414l1.293 1.293a1 1 0 001.414-1.414L11.414 10l1.293-1.293a1 1 0 00-1.414-1.414L10 8.586 8.707 7.293z"[39m
                            [33mfill-rule[39m=[32m"evenodd"[39m
                          [36m/>[39m
                        [36m</svg>[39m
                        [36m<p[39m
                          [33mclass[39m=[32m"text-sm text-red-800"[39m
                        [36m>[39m
                          [0mUnable to connect. Please check your internet connection.[0m
                        [36m</p>[39m
                      [36m</div>[39m
                    [36m</div>[39m
                    [36m<div>[39m
                      [36m<label[39m
                        [33mclass[39m=[32m"block text-sm font-medium text-gray-700 mb-1.5"[39m
                        [33mfor[39m=[32m"email"[39m
                      [36m>[39m
                        [0mEmail Address[0m
                      [36m</label>[39m
                      [36m<input[39m
                        [33maria-invalid[39m=[32m"false"[39m
                        [33maria-label[39m=[32m"Email Address"[39m
                        [33maria-required[39m=[32m"true"[39m
                        [33mautocomplete[39m=[32m"email"[39m
                        [33mclass[39m=[32m"w-full px-3 py-2 rounded-md border text-gray-900 transition-colors duration-200 placeholder:text-gray-400 focus:outline-none focus:ring-2 focus:ring-offset-2 focus-visible:outline-none focus-visible:ring-2 focus-visible:ring-offset-2 min-h-[44px] text-base md:min-h-[40px] md:text-sm border-gray-300 focus:ring-blue-500 focus:border-blue-500 focus-visible:ring-blue-500"[39m
                        [33mid[39m=[32m"email"[39m
                        [33mname[39m=[32m"email"[39m
                        [33mtype[39m=[32m"email"[39m
                      [36m/>[39m
                    [36m</div>[39m
                    [36m<div>[39m
                      [36m<label[39m
                        [33mclass[39m=[32m"block text-sm font-medium text-gray-700 mb-1.5"[39m
                        [33mfor[39m=[32m"password"[39m
                      [36m>[39m
                        [0mPassword[0m
                      [36m</label>[39m
                      [36m<div[39m
                        [33mclass[39m=[32m"relative"[39m
                      [36m>[39m
                        [36m<input[39m
                          [33maria-invalid[39m=[32m"false"[39m
                          [33maria-label[39m=[32m"Password"[39m
                          [33maria-required[39m=[32m"true"[39m
                          [33mautocomplete[39m=[32m"current-password"[39m
                          [33mclass[39m=[32m"w-full px-3 py-2 pr-12 rounded-md border text-gray-900 transition-colors duration-200 placeholder:text-gray-400 focus:outline-none focus:ring-2 focus:ring-offset-2 focus-visible:outline-none focus-visible:ring-2 focus-visible:ring-offset-2 min-h-[44px] text-base md:min-h-[40px] md:text-sm border-gray-300 focus:ring-blue-500 focus:border-blue-500 focus-visible:ring-blue-500"[39m
                          [33mid[39m=[32m"password"[39m
                          [33mname[39m=[32m"password"[39m
                          [33mtype[39m=[32m"password"[39m
                        [36m/>[39m
                        [36m<button[39m
                          [33maria-label[39m=[32m"Show password"[39m
                          [33maria-pressed[39m=[32m"false"[39m
                          [33mclass[39m=[32m"absolute right-2 top-1/2 -translate-y-1/2 p-2 rounded-md z-10 min-w-[44px] min-h-[44px] md:min-w-[36px] md:min-h-[36px] hover:bg-gray-100 transition-colors duration-200 focus:outline-none focus:ring-2 focus:ring-blue-500 focus:ring-offset-2 focus-visible:outline-none focus-visible:ring-2 focus-visible:ring-blue-500 focus-visible:ring-offset-2"[39m
                          [33mtype[39m=[32m"button"[39m
                        [36m>[39m
                          [36m<svg[39m
                            [33maria-hidden[39m=[32m"true"[39m
                            [33mclass[39m=[32m"w-5 h-5 text-gray-600"[39m
                            [33mfill[39m=[32m"none"[39m
                            [33mstroke[39m=[32m"currentColor"[39m
                            [33mstyle[39m=[32m"pointer-events: none;"[39m
                            [33mviewBox[39m=[32m"0 0 24 24"[39m
                          [36m>[39m
                            [36m<path[39m
                              [33md[39m=[32m"M15 12a3 3 0 11-6 0 3 3 0 016 0z"[39m
                              [33mstroke-linecap[39m=[32m"round"[39m
                              [33mstroke-linejoin[39m=[32m"round"[39m
                              [33mstroke-width[39m=[32m"2"[39m
                              [33mstyle[39m=[32m"pointer-events: none;"[39m
                            [36m/>[39m
                            [36m<path[39m
                              [33md[39m=[32m"M2.458 12C3.732 7.943 7.523 5 12 5c4.478 0 8.268 2.943 9.542 7-1.274 4.057-5.064 7-9.542 7-4.477 0-8.268-2.943-9.542-7z"[39m
                              [33mstroke-linecap[39m=[32m"round"[39m
                              [33mstroke-linejoin[39m=[32m"round"[39m
                              [33mstroke-width[39m=[32m"2"[39m
                              [33mstyle[39m=[32m"pointer-events: none;"[39m
                            [36m/>[39m
                          [36m</svg>[39m
                        [36m</button>[39m
                      [36m</div>[39m
                    [36m</div>[39m
                    [36m<button[39m
                      [33maria-busy[39m=[32m"false"[39m
                      [33mclass[39m=[32m"inline-flex items-center justify-center rounded-md font-medium transition-colors focus-visible:outline-none focus-visible:ring-2 focus-visible:ring-offset-2 disabled:pointer-events-none disabled:opacity-50 focus:outline-none focus:ring-2 focus:ring-offset-2 bg-blue-600 text-white hover:bg-blue-700 active:bg-blue-800 focus-visible:ring-blue-500 focus:ring-blue-500 h-12 px-6 text-lg w-full min-h-[44px] md:min-h-[48px]"[39m
                      [33mtype[39m=[32m"submit"[39m
                    [36m>[39m
                      [0mSign In[0m
                    [36m</button>[39m
                  [36m</form>[39m
                [36m</div>[39m
              [36m</div>[39m
              [36m<div[39m
                [33mclass[39m=[32m"mt-6 text-center"[39m
              [36m>[39m
                [36m<p[39m
                  [33mclass[39m=[32m"text-sm text-gray-600"[39m
                [36m>[39m
                  [0mDon't have an account?[0m
                  [0m [0m
                  [36m<a[39m
                    [33mclass[39m=[32m"font-medium text-blue-600 hover:text-blue-500 focus:outline-none focus:underline transition-colors"[39m
                    [33mhref[39m=[32m"/signup"[39m
                  [36m>[39m
                    [0mSign up[0m
                  [36m</a>[39m
                [36m</p>[39m
              [36m</div>[39m
            [36m</div>[39m
          [36m</div>[39m
        [36m</div>[39m
      [36m</body>[39m
    [36m</html>[39m

      402 |         const errorAlert = screen.getByRole('alert');
      403 |         expect(errorAlert).toBeInTheDocument();
    > 404 |         expect(errorAlert).toHaveTextContent(/invalid email or password/i);
          |                            ^
      405 |         expect(errorAlert).toHaveAttribute('aria-live', 'assertive');
      406 |       });
      407 |     });

      at toHaveTextContent (src/app/login/integration.test.tsx:404:28)
      at runWithExpensiveErrorDiagnosticsDisabled (node_modules/@testing-library/dom/dist/config.js:47:12)
      at checkCallback (node_modules/@testing-library/dom/dist/wait-for.js:124:77)
      at checkRealTimersCallback (node_modules/@testing-library/dom/dist/wait-for.js:118:16)
      at Timeout.task [as _onTimeout] (node_modules/jsdom/lib/jsdom/browser/Window.js:579:19)

  ● Login Page - Integration Tests › Callback URL Integration › should redirect to callback URL after successful login

    thrown: "Exceeded timeout of 5000 ms for a test.
    Add a timeout value to this test to increase the timeout, if this is a long-running test. See https://jestjs.io/docs/api#testname-fn-timeout."

      431 |
      432 |   describe('Callback URL Integration', () => {
    > 433 |     test('should redirect to callback URL after successful login', async () => {
          |     ^
      434 |       (global.fetch as jest.Mock).mockResolvedValueOnce({
      435 |         ok: true,
      436 |         json: async () => ({

      at test (src/app/login/integration.test.tsx:433:5)
      at describe (src/app/login/integration.test.tsx:432:3)
      at Object.describe (src/app/login/integration.test.tsx:29:1)

PASS src/app/register/page.test.tsx
PASS src/components/Navigation.test.tsx
  ● Console

    console.log
      [Button] Rendering with type: button

      at log (src/components/ui/Button.tsx:25:13)

    console.log
      [Button] Props received: {
        variant: 'primary',
        size: 'lg',
        type: 'button',
        loading: false,
        disabled: undefined
      }

      at log (src/components/ui/Button.tsx:26:13)

    console.log
      [Button] Has onClick in props: true

      at log (src/components/ui/Button.tsx:27:13)

    console.log
      [Button] All props: {
        onClick: [AsyncFunction: handleCtaClick],
        'aria-describedby': 'hero-heading',
        'aria-label': 'Proceed - Begin your tax preparation process'
      }

      at log (src/components/ui/Button.tsx:28:13)

    console.log
      [Button] Rendering with type: button

      at log (src/components/ui/Button.tsx:25:13)

    console.log
      [Button] Props received: {
        variant: 'primary',
        size: 'lg',
        type: 'button',
        loading: true,
        disabled: undefined
      }

      at log (src/components/ui/Button.tsx:26:13)

    console.log
      [Button] Has onClick in props: true

      at log (src/components/ui/Button.tsx:27:13)

    console.log
      [Button] All props: {
        onClick: [AsyncFunction: handleCtaClick],
        'aria-describedby': 'hero-heading',
        'aria-label': 'Proceed - Begin your tax preparation process'
      }

      at log (src/components/ui/Button.tsx:28:13)

    console.error
      Warning: An update to Hero inside a test was not wrapped in act(...).
      
      When testing, code that causes React state updates should be wrapped into act(...):
      
      act(() => {
        /* fire events that update state */
      });
      /* assert on the output */
      
      This ensures that you're testing the behavior the user would see in the browser. Learn more at https://reactjs.org/link/wrap-tests-with-act
          at headline (/Users/ryan/Library/Mobile Documents/com~apple~CloudDocs/Documents/VSCode/Tax-App-Frontend/src/components/Hero.tsx:14:3)

      47 |
      48 |   const setSuccess = useCallback(() => {
    > 49 |     setState(prev => ({
         |     ^
      50 |       ...prev,
      51 |       success: true,
      52 |       isLoading: false,

      at printWarning (node_modules/react-dom/cjs/react-dom.development.js:86:30)
      at error (node_modules/react-dom/cjs/react-dom.development.js:60:7)
      at warnIfUpdatesNotWrappedWithActDEV (node_modules/react-dom/cjs/react-dom.development.js:27628:9)
      at scheduleUpdateOnFiber (node_modules/react-dom/cjs/react-dom.development.js:25547:5)
      at dispatchSetState (node_modules/react-dom/cjs/react-dom.development.js:16708:7)
      at setState (src/hooks/useLoadingState.ts:49:5)
      at setSuccess (src/hooks/useLoadingState.ts:76:7)
      at handleCtaClick (src/components/Hero.tsx:27:5)

    console.log
      [Button] Rendering with type: button

      at log (src/components/ui/Button.tsx:25:13)

    console.log
      [Button] Props received: {
        variant: 'primary',
        size: 'lg',
        type: 'button',
        loading: false,
        disabled: undefined
      }

      at log (src/components/ui/Button.tsx:26:13)

    console.log
      [Button] Has onClick in props: true

      at log (src/components/ui/Button.tsx:27:13)

    console.log
      [Button] All props: {
        onClick: [AsyncFunction: handleCtaClick],
        'aria-describedby': 'hero-heading',
        'aria-label': 'Proceed - Begin your tax preparation process'
      }

      at log (src/components/ui/Button.tsx:28:13)

    console.log
      [Button] Rendering with type: button

      at log (src/components/ui/Button.tsx:25:13)

    console.log
      [Button] Props received: {
        variant: 'primary',
        size: 'lg',
        type: 'button',
        loading: false,
        disabled: undefined
      }

      at log (src/components/ui/Button.tsx:26:13)

    console.log
      [Button] Has onClick in props: true

      at log (src/components/ui/Button.tsx:27:13)

    console.log
      [Button] All props: {
        onClick: [AsyncFunction: handleCtaClick],
        'aria-describedby': 'hero-heading',
        'aria-label': 'Begin Process - Begin your tax preparation process'
      }

      at log (src/components/ui/Button.tsx:28:13)

    console.log
      [Button] Rendering with type: button

      at log (src/components/ui/Button.tsx:25:13)

    console.log
      [Button] Props received: {
        variant: 'primary',
        size: 'lg',
        type: 'button',
        loading: true,
        disabled: undefined
      }

      at log (src/components/ui/Button.tsx:26:13)

    console.log
      [Button] Has onClick in props: true

      at log (src/components/ui/Button.tsx:27:13)

    console.log
      [Button] All props: {
        onClick: [AsyncFunction: handleCtaClick],
        'aria-describedby': 'hero-heading',
        'aria-label': 'Begin Process - Begin your tax preparation process'
      }

      at log (src/components/ui/Button.tsx:28:13)

    console.error
      Warning: An update to Hero inside a test was not wrapped in act(...).
      
      When testing, code that causes React state updates should be wrapped into act(...):
      
      act(() => {
        /* fire events that update state */
      });
      /* assert on the output */
      
      This ensures that you're testing the behavior the user would see in the browser. Learn more at https://reactjs.org/link/wrap-tests-with-act
          at headline (/Users/ryan/Library/Mobile Documents/com~apple~CloudDocs/Documents/VSCode/Tax-App-Frontend/src/components/Hero.tsx:14:3)

      47 |
      48 |   const setSuccess = useCallback(() => {
    > 49 |     setState(prev => ({
         |     ^
      50 |       ...prev,
      51 |       success: true,
      52 |       isLoading: false,

      at printWarning (node_modules/react-dom/cjs/react-dom.development.js:86:30)
      at error (node_modules/react-dom/cjs/react-dom.development.js:60:7)
      at warnIfUpdatesNotWrappedWithActDEV (node_modules/react-dom/cjs/react-dom.development.js:27628:9)
      at scheduleUpdateOnFiber (node_modules/react-dom/cjs/react-dom.development.js:25547:5)
      at dispatchSetState (node_modules/react-dom/cjs/react-dom.development.js:16708:7)
      at setState (src/hooks/useLoadingState.ts:49:5)
      at setSuccess (src/hooks/useLoadingState.ts:76:7)
      at handleCtaClick (src/components/Hero.tsx:27:5)

    console.log
      [Button] Rendering with type: button

      at log (src/components/ui/Button.tsx:25:13)

    console.log
      [Button] Props received: {
        variant: 'primary',
        size: 'lg',
        type: 'button',
        loading: false,
        disabled: undefined
      }

      at log (src/components/ui/Button.tsx:26:13)

    console.log
      [Button] Has onClick in props: true

      at log (src/components/ui/Button.tsx:27:13)

    console.log
      [Button] All props: {
        onClick: [AsyncFunction: handleCtaClick],
        'aria-describedby': 'hero-heading',
        'aria-label': 'Begin Process - Begin your tax preparation process'
      }

      at log (src/components/ui/Button.tsx:28:13)

    console.log
      [Button] Rendering with type: button

      at log (src/components/ui/Button.tsx:25:13)

    console.log
      [Button] Props received: {
        variant: 'primary',
        size: 'lg',
        type: 'button',
        loading: false,
        disabled: undefined
      }

      at log (src/components/ui/Button.tsx:26:13)

    console.log
      [Button] Has onClick in props: true

      at log (src/components/ui/Button.tsx:27:13)

    console.log
      [Button] All props: {
        onClick: [AsyncFunction: handleCtaClick],
        'aria-describedby': 'hero-heading',
        'aria-label': 'Proceed - Begin your tax preparation process'
      }

      at log (src/components/ui/Button.tsx:28:13)

    console.log
      [Button] Rendering with type: button

      at log (src/components/ui/Button.tsx:25:13)

    console.log
      [Button] Props received: {
        variant: 'primary',
        size: 'lg',
        type: 'button',
        loading: true,
        disabled: undefined
      }

      at log (src/components/ui/Button.tsx:26:13)

    console.log
      [Button] Has onClick in props: true

      at log (src/components/ui/Button.tsx:27:13)

    console.log
      [Button] All props: {
        onClick: [AsyncFunction: handleCtaClick],
        'aria-describedby': 'hero-heading',
        'aria-label': 'Proceed - Begin your tax preparation process'
      }

      at log (src/components/ui/Button.tsx:28:13)

    console.error
      Warning: An update to Hero inside a test was not wrapped in act(...).
      
      When testing, code that causes React state updates should be wrapped into act(...):
      
      act(() => {
        /* fire events that update state */
      });
      /* assert on the output */
      
      This ensures that you're testing the behavior the user would see in the browser. Learn more at https://reactjs.org/link/wrap-tests-with-act
          at headline (/Users/ryan/Library/Mobile Documents/com~apple~CloudDocs/Documents/VSCode/Tax-App-Frontend/src/components/Hero.tsx:14:3)

      47 |
      48 |   const setSuccess = useCallback(() => {
    > 49 |     setState(prev => ({
         |     ^
      50 |       ...prev,
      51 |       success: true,
      52 |       isLoading: false,

      at printWarning (node_modules/react-dom/cjs/react-dom.development.js:86:30)
      at error (node_modules/react-dom/cjs/react-dom.development.js:60:7)
      at warnIfUpdatesNotWrappedWithActDEV (node_modules/react-dom/cjs/react-dom.development.js:27628:9)
      at scheduleUpdateOnFiber (node_modules/react-dom/cjs/react-dom.development.js:25547:5)
      at dispatchSetState (node_modules/react-dom/cjs/react-dom.development.js:16708:7)
      at setState (src/hooks/useLoadingState.ts:49:5)
      at setSuccess (src/hooks/useLoadingState.ts:76:7)
      at handleCtaClick (src/components/Hero.tsx:27:5)

    console.log
      [Button] Rendering with type: button

      at log (src/components/ui/Button.tsx:25:13)

    console.log
      [Button] Props received: {
        variant: 'primary',
        size: 'lg',
        type: 'button',
        loading: false,
        disabled: undefined
      }

      at log (src/components/ui/Button.tsx:26:13)

    console.log
      [Button] Has onClick in props: true

      at log (src/components/ui/Button.tsx:27:13)

    console.log
      [Button] All props: {
        onClick: [AsyncFunction: handleCtaClick],
        'aria-describedby': 'hero-heading',
        'aria-label': 'Proceed - Begin your tax preparation process'
      }

      at log (src/components/ui/Button.tsx:28:13)

    console.log
      [Button] Rendering with type: button

      at log (src/components/ui/Button.tsx:25:13)

    console.log
      [Button] Props received: {
        variant: 'primary',
        size: 'lg',
        type: 'button',
        loading: false,
        disabled: undefined
      }

      at log (src/components/ui/Button.tsx:26:13)

    console.log
      [Button] Has onClick in props: true

      at log (src/components/ui/Button.tsx:27:13)

    console.log
      [Button] All props: {
        onClick: [AsyncFunction: handleCtaClick],
        'aria-describedby': 'hero-heading',
        'aria-label': 'Continue - Begin your tax preparation process'
      }

      at log (src/components/ui/Button.tsx:28:13)

    console.log
      [Button] Rendering with type: button

      at log (src/components/ui/Button.tsx:25:13)

    console.log
      [Button] Props received: {
        variant: 'primary',
        size: 'lg',
        type: 'button',
        loading: true,
        disabled: undefined
      }

      at log (src/components/ui/Button.tsx:26:13)

    console.log
      [Button] Has onClick in props: true

      at log (src/components/ui/Button.tsx:27:13)

    console.log
      [Button] All props: {
        onClick: [AsyncFunction: handleCtaClick],
        'aria-describedby': 'hero-heading',
        'aria-label': 'Continue - Begin your tax preparation process'
      }

      at log (src/components/ui/Button.tsx:28:13)

    console.error
      Warning: An update to Hero inside a test was not wrapped in act(...).
      
      When testing, code that causes React state updates should be wrapped into act(...):
      
      act(() => {
        /* fire events that update state */
      });
      /* assert on the output */
      
      This ensures that you're testing the behavior the user would see in the browser. Learn more at https://reactjs.org/link/wrap-tests-with-act
          at headline (/Users/ryan/Library/Mobile Documents/com~apple~CloudDocs/Documents/VSCode/Tax-App-Frontend/src/components/Hero.tsx:14:3)

      47 |
      48 |   const setSuccess = useCallback(() => {
    > 49 |     setState(prev => ({
         |     ^
      50 |       ...prev,
      51 |       success: true,
      52 |       isLoading: false,

      at printWarning (node_modules/react-dom/cjs/react-dom.development.js:86:30)
      at error (node_modules/react-dom/cjs/react-dom.development.js:60:7)
      at warnIfUpdatesNotWrappedWithActDEV (node_modules/react-dom/cjs/react-dom.development.js:27628:9)
      at scheduleUpdateOnFiber (node_modules/react-dom/cjs/react-dom.development.js:25547:5)
      at dispatchSetState (node_modules/react-dom/cjs/react-dom.development.js:16708:7)
      at setState (src/hooks/useLoadingState.ts:49:5)
      at setSuccess (src/hooks/useLoadingState.ts:76:7)
      at handleCtaClick (src/components/Hero.tsx:27:5)

    console.log
      [Button] Rendering with type: button

      at log (src/components/ui/Button.tsx:25:13)

    console.log
      [Button] Props received: {
        variant: 'primary',
        size: 'lg',
        type: 'button',
        loading: false,
        disabled: undefined
      }

      at log (src/components/ui/Button.tsx:26:13)

    console.log
      [Button] Has onClick in props: true

      at log (src/components/ui/Button.tsx:27:13)

    console.log
      [Button] All props: {
        onClick: [AsyncFunction: handleCtaClick],
        'aria-describedby': 'hero-heading',
        'aria-label': 'Continue - Begin your tax preparation process'
      }

      at log (src/components/ui/Button.tsx:28:13)

    console.log
      [Button] Rendering with type: button

      at log (src/components/ui/Button.tsx:25:13)

    console.log
      [Button] Props received: {
        variant: 'primary',
        size: 'lg',
        type: 'button',
        loading: false,
        disabled: undefined
      }

      at log (src/components/ui/Button.tsx:26:13)

    console.log
      [Button] Has onClick in props: true

      at log (src/components/ui/Button.tsx:27:13)

    console.log
      [Button] All props: {
        onClick: [AsyncFunction: handleCtaClick],
        'aria-describedby': 'hero-heading',
        'aria-label': 'Continue - Begin your tax preparation process'
      }

      at log (src/components/ui/Button.tsx:28:13)

    console.log
      [Button] Rendering with type: button

      at log (src/components/ui/Button.tsx:25:13)

    console.log
      [Button] Props received: {
        variant: 'primary',
        size: 'lg',
        type: 'button',
        loading: true,
        disabled: undefined
      }

      at log (src/components/ui/Button.tsx:26:13)

    console.log
      [Button] Has onClick in props: true

      at log (src/components/ui/Button.tsx:27:13)

    console.log
      [Button] All props: {
        onClick: [AsyncFunction: handleCtaClick],
        'aria-describedby': 'hero-heading',
        'aria-label': 'Continue - Begin your tax preparation process'
      }

      at log (src/components/ui/Button.tsx:28:13)

    console.error
      Warning: An update to Hero inside a test was not wrapped in act(...).
      
      When testing, code that causes React state updates should be wrapped into act(...):
      
      act(() => {
        /* fire events that update state */
      });
      /* assert on the output */
      
      This ensures that you're testing the behavior the user would see in the browser. Learn more at https://reactjs.org/link/wrap-tests-with-act
          at headline (/Users/ryan/Library/Mobile Documents/com~apple~CloudDocs/Documents/VSCode/Tax-App-Frontend/src/components/Hero.tsx:14:3)

      47 |
      48 |   const setSuccess = useCallback(() => {
    > 49 |     setState(prev => ({
         |     ^
      50 |       ...prev,
      51 |       success: true,
      52 |       isLoading: false,

      at printWarning (node_modules/react-dom/cjs/react-dom.development.js:86:30)
      at error (node_modules/react-dom/cjs/react-dom.development.js:60:7)
      at warnIfUpdatesNotWrappedWithActDEV (node_modules/react-dom/cjs/react-dom.development.js:27628:9)
      at scheduleUpdateOnFiber (node_modules/react-dom/cjs/react-dom.development.js:25547:5)
      at dispatchSetState (node_modules/react-dom/cjs/react-dom.development.js:16708:7)
      at setState (src/hooks/useLoadingState.ts:49:5)
      at setSuccess (src/hooks/useLoadingState.ts:76:7)
      at handleCtaClick (src/components/Hero.tsx:27:5)

    console.log
      [Button] Rendering with type: button

      at log (src/components/ui/Button.tsx:25:13)

    console.log
      [Button] Props received: {
        variant: 'primary',
        size: 'lg',
        type: 'button',
        loading: false,
        disabled: undefined
      }

      at log (src/components/ui/Button.tsx:26:13)

    console.log
      [Button] Has onClick in props: true

      at log (src/components/ui/Button.tsx:27:13)

    console.log
      [Button] All props: {
        onClick: [AsyncFunction: handleCtaClick],
        'aria-describedby': 'hero-heading',
        'aria-label': 'Continue - Begin your tax preparation process'
      }

      at log (src/components/ui/Button.tsx:28:13)

    console.log
      [Button] Rendering with type: button

      at log (src/components/ui/Button.tsx:25:13)

    console.log
      [Button] Props received: {
        variant: 'primary',
        size: 'lg',
        type: 'button',
        loading: false,
        disabled: undefined
      }

      at log (src/components/ui/Button.tsx:26:13)

    console.log
      [Button] Has onClick in props: true

      at log (src/components/ui/Button.tsx:27:13)

    console.log
      [Button] All props: {
        onClick: [AsyncFunction: handleCtaClick],
        'aria-describedby': 'hero-heading',
        'aria-label': 'Proceed - Begin your tax preparation process'
      }

      at log (src/components/ui/Button.tsx:28:13)

    console.log
      [Button] Rendering with type: button

      at log (src/components/ui/Button.tsx:25:13)

    console.log
      [Button] Props received: {
        variant: 'primary',
        size: 'lg',
        type: 'button',
        loading: true,
        disabled: undefined
      }

      at log (src/components/ui/Button.tsx:26:13)

    console.log
      [Button] Has onClick in props: true

      at log (src/components/ui/Button.tsx:27:13)

    console.log
      [Button] All props: {
        onClick: [AsyncFunction: handleCtaClick],
        'aria-describedby': 'hero-heading',
        'aria-label': 'Proceed - Begin your tax preparation process'
      }

      at log (src/components/ui/Button.tsx:28:13)

    console.error
      Warning: An update to Hero inside a test was not wrapped in act(...).
      
      When testing, code that causes React state updates should be wrapped into act(...):
      
      act(() => {
        /* fire events that update state */
      });
      /* assert on the output */
      
      This ensures that you're testing the behavior the user would see in the browser. Learn more at https://reactjs.org/link/wrap-tests-with-act
          at headline (/Users/ryan/Library/Mobile Documents/com~apple~CloudDocs/Documents/VSCode/Tax-App-Frontend/src/components/Hero.tsx:14:3)

      47 |
      48 |   const setSuccess = useCallback(() => {
    > 49 |     setState(prev => ({
         |     ^
      50 |       ...prev,
      51 |       success: true,
      52 |       isLoading: false,

      at printWarning (node_modules/react-dom/cjs/react-dom.development.js:86:30)
      at error (node_modules/react-dom/cjs/react-dom.development.js:60:7)
      at warnIfUpdatesNotWrappedWithActDEV (node_modules/react-dom/cjs/react-dom.development.js:27628:9)
      at scheduleUpdateOnFiber (node_modules/react-dom/cjs/react-dom.development.js:25547:5)
      at dispatchSetState (node_modules/react-dom/cjs/react-dom.development.js:16708:7)
      at setState (src/hooks/useLoadingState.ts:49:5)
      at setSuccess (src/hooks/useLoadingState.ts:76:7)
      at handleCtaClick (src/components/Hero.tsx:27:5)

    console.log
      [Button] Rendering with type: button

      at log (src/components/ui/Button.tsx:25:13)

    console.log
      [Button] Props received: {
        variant: 'primary',
        size: 'lg',
        type: 'button',
        loading: false,
        disabled: undefined
      }

      at log (src/components/ui/Button.tsx:26:13)

    console.log
      [Button] Has onClick in props: true

      at log (src/components/ui/Button.tsx:27:13)

    console.log
      [Button] All props: {
        onClick: [AsyncFunction: handleCtaClick],
        'aria-describedby': 'hero-heading',
        'aria-label': 'Proceed - Begin your tax preparation process'
      }

      at log (src/components/ui/Button.tsx:28:13)

    console.log
      [Button] Rendering with type: button

      at log (src/components/ui/Button.tsx:25:13)

    console.log
      [Button] Props received: {
        variant: 'primary',
        size: 'lg',
        type: 'button',
        loading: false,
        disabled: undefined
      }

      at log (src/components/ui/Button.tsx:26:13)

    console.log
      [Button] Has onClick in props: true

      at log (src/components/ui/Button.tsx:27:13)

    console.log
      [Button] All props: {
        onClick: [AsyncFunction: handleCtaClick],
        'aria-describedby': 'hero-heading',
        'aria-label': 'Start Now - Begin your tax preparation process'
      }

      at log (src/components/ui/Button.tsx:28:13)

    console.log
      [Button] Rendering with type: button

      at log (src/components/ui/Button.tsx:25:13)

    console.log
      [Button] Props received: {
        variant: 'primary',
        size: 'lg',
        type: 'button',
        loading: true,
        disabled: undefined
      }

      at log (src/components/ui/Button.tsx:26:13)

    console.log
      [Button] Has onClick in props: true

      at log (src/components/ui/Button.tsx:27:13)

    console.log
      [Button] All props: {
        onClick: [AsyncFunction: handleCtaClick],
        'aria-describedby': 'hero-heading',
        'aria-label': 'Start Now - Begin your tax preparation process'
      }

      at log (src/components/ui/Button.tsx:28:13)

    console.error
      Warning: An update to Hero inside a test was not wrapped in act(...).
      
      When testing, code that causes React state updates should be wrapped into act(...):
      
      act(() => {
        /* fire events that update state */
      });
      /* assert on the output */
      
      This ensures that you're testing the behavior the user would see in the browser. Learn more at https://reactjs.org/link/wrap-tests-with-act
          at headline (/Users/ryan/Library/Mobile Documents/com~apple~CloudDocs/Documents/VSCode/Tax-App-Frontend/src/components/Hero.tsx:14:3)

      47 |
      48 |   const setSuccess = useCallback(() => {
    > 49 |     setState(prev => ({
         |     ^
      50 |       ...prev,
      51 |       success: true,
      52 |       isLoading: false,

      at printWarning (node_modules/react-dom/cjs/react-dom.development.js:86:30)
      at error (node_modules/react-dom/cjs/react-dom.development.js:60:7)
      at warnIfUpdatesNotWrappedWithActDEV (node_modules/react-dom/cjs/react-dom.development.js:27628:9)
      at scheduleUpdateOnFiber (node_modules/react-dom/cjs/react-dom.development.js:25547:5)
      at dispatchSetState (node_modules/react-dom/cjs/react-dom.development.js:16708:7)
      at setState (src/hooks/useLoadingState.ts:49:5)
      at setSuccess (src/hooks/useLoadingState.ts:76:7)
      at handleCtaClick (src/components/Hero.tsx:27:5)

    console.log
      [Button] Rendering with type: button

      at log (src/components/ui/Button.tsx:25:13)

    console.log
      [Button] Props received: {
        variant: 'primary',
        size: 'lg',
        type: 'button',
        loading: false,
        disabled: undefined
      }

      at log (src/components/ui/Button.tsx:26:13)

    console.log
      [Button] Has onClick in props: true

      at log (src/components/ui/Button.tsx:27:13)

    console.log
      [Button] All props: {
        onClick: [AsyncFunction: handleCtaClick],
        'aria-describedby': 'hero-heading',
        'aria-label': 'Start Now - Begin your tax preparation process'
      }

      at log (src/components/ui/Button.tsx:28:13)

    console.log
      [Button] Rendering with type: button

      at log (src/components/ui/Button.tsx:25:13)

    console.log
      [Button] Props received: {
        variant: 'primary',
        size: 'lg',
        type: 'button',
        loading: false,
        disabled: undefined
      }

      at log (src/components/ui/Button.tsx:26:13)

    console.log
      [Button] Has onClick in props: true

      at log (src/components/ui/Button.tsx:27:13)

    console.log
      [Button] All props: {
        onClick: [AsyncFunction: handleCtaClick],
        'aria-describedby': 'hero-heading',
        'aria-label': 'Proceed - Begin your tax preparation process'
      }

      at log (src/components/ui/Button.tsx:28:13)

    console.log
      [Button] Rendering with type: button

      at log (src/components/ui/Button.tsx:25:13)

    console.log
      [Button] Props received: {
        variant: 'primary',
        size: 'lg',
        type: 'button',
        loading: true,
        disabled: undefined
      }

      at log (src/components/ui/Button.tsx:26:13)

    console.log
      [Button] Has onClick in props: true

      at log (src/components/ui/Button.tsx:27:13)

    console.log
      [Button] All props: {
        onClick: [AsyncFunction: handleCtaClick],
        'aria-describedby': 'hero-heading',
        'aria-label': 'Proceed - Begin your tax preparation process'
      }

      at log (src/components/ui/Button.tsx:28:13)

    console.error
      Warning: An update to Hero inside a test was not wrapped in act(...).
      
      When testing, code that causes React state updates should be wrapped into act(...):
      
      act(() => {
        /* fire events that update state */
      });
      /* assert on the output */
      
      This ensures that you're testing the behavior the user would see in the browser. Learn more at https://reactjs.org/link/wrap-tests-with-act
          at headline (/Users/ryan/Library/Mobile Documents/com~apple~CloudDocs/Documents/VSCode/Tax-App-Frontend/src/components/Hero.tsx:14:3)

      47 |
      48 |   const setSuccess = useCallback(() => {
    > 49 |     setState(prev => ({
         |     ^
      50 |       ...prev,
      51 |       success: true,
      52 |       isLoading: false,

      at printWarning (node_modules/react-dom/cjs/react-dom.development.js:86:30)
      at error (node_modules/react-dom/cjs/react-dom.development.js:60:7)
      at warnIfUpdatesNotWrappedWithActDEV (node_modules/react-dom/cjs/react-dom.development.js:27628:9)
      at scheduleUpdateOnFiber (node_modules/react-dom/cjs/react-dom.development.js:25547:5)
      at dispatchSetState (node_modules/react-dom/cjs/react-dom.development.js:16708:7)
      at setState (src/hooks/useLoadingState.ts:49:5)
      at setSuccess (src/hooks/useLoadingState.ts:76:7)
      at handleCtaClick (src/components/Hero.tsx:27:5)

    console.log
      [Button] Rendering with type: button

      at log (src/components/ui/Button.tsx:25:13)

    console.log
      [Button] Props received: {
        variant: 'primary',
        size: 'lg',
        type: 'button',
        loading: false,
        disabled: undefined
      }

      at log (src/components/ui/Button.tsx:26:13)

    console.log
      [Button] Has onClick in props: true

      at log (src/components/ui/Button.tsx:27:13)

    console.log
      [Button] All props: {
        onClick: [AsyncFunction: handleCtaClick],
        'aria-describedby': 'hero-heading',
        'aria-label': 'Proceed - Begin your tax preparation process'
      }

      at log (src/components/ui/Button.tsx:28:13)

    console.log
      [Button] Rendering with type: button

      at log (src/components/ui/Button.tsx:25:13)

    console.log
      [Button] Props received: {
        variant: 'primary',
        size: 'lg',
        type: 'button',
        loading: false,
        disabled: undefined
      }

      at log (src/components/ui/Button.tsx:26:13)

    console.log
      [Button] Has onClick in props: true

      at log (src/components/ui/Button.tsx:27:13)

    console.log
      [Button] All props: {
        onClick: [AsyncFunction: handleCtaClick],
        'aria-describedby': 'hero-heading',
        'aria-label': 'Begin Process - Begin your tax preparation process'
      }

      at log (src/components/ui/Button.tsx:28:13)

    console.log
      [Button] Rendering with type: button

      at log (src/components/ui/Button.tsx:25:13)

    console.log
      [Button] Props received: {
        variant: 'primary',
        size: 'lg',
        type: 'button',
        loading: true,
        disabled: undefined
      }

      at log (src/components/ui/Button.tsx:26:13)

    console.log
      [Button] Has onClick in props: true

      at log (src/components/ui/Button.tsx:27:13)

    console.log
      [Button] All props: {
        onClick: [AsyncFunction: handleCtaClick],
        'aria-describedby': 'hero-heading',
        'aria-label': 'Begin Process - Begin your tax preparation process'
      }

      at log (src/components/ui/Button.tsx:28:13)

    console.error
      Warning: An update to Hero inside a test was not wrapped in act(...).
      
      When testing, code that causes React state updates should be wrapped into act(...):
      
      act(() => {
        /* fire events that update state */
      });
      /* assert on the output */
      
      This ensures that you're testing the behavior the user would see in the browser. Learn more at https://reactjs.org/link/wrap-tests-with-act
          at headline (/Users/ryan/Library/Mobile Documents/com~apple~CloudDocs/Documents/VSCode/Tax-App-Frontend/src/components/Hero.tsx:14:3)

      47 |
      48 |   const setSuccess = useCallback(() => {
    > 49 |     setState(prev => ({
         |     ^
      50 |       ...prev,
      51 |       success: true,
      52 |       isLoading: false,

      at printWarning (node_modules/react-dom/cjs/react-dom.development.js:86:30)
      at error (node_modules/react-dom/cjs/react-dom.development.js:60:7)
      at warnIfUpdatesNotWrappedWithActDEV (node_modules/react-dom/cjs/react-dom.development.js:27628:9)
      at scheduleUpdateOnFiber (node_modules/react-dom/cjs/react-dom.development.js:25547:5)
      at dispatchSetState (node_modules/react-dom/cjs/react-dom.development.js:16708:7)
      at setState (src/hooks/useLoadingState.ts:49:5)
      at setSuccess (src/hooks/useLoadingState.ts:76:7)
      at handleCtaClick (src/components/Hero.tsx:27:5)

    console.log
      [Button] Rendering with type: button

      at log (src/components/ui/Button.tsx:25:13)

    console.log
      [Button] Props received: {
        variant: 'primary',
        size: 'lg',
        type: 'button',
        loading: false,
        disabled: undefined
      }

      at log (src/components/ui/Button.tsx:26:13)

    console.log
      [Button] Has onClick in props: true

      at log (src/components/ui/Button.tsx:27:13)

    console.log
      [Button] All props: {
        onClick: [AsyncFunction: handleCtaClick],
        'aria-describedby': 'hero-heading',
        'aria-label': 'Begin Process - Begin your tax preparation process'
      }

      at log (src/components/ui/Button.tsx:28:13)

    console.log
      [Button] Rendering with type: button

      at log (src/components/ui/Button.tsx:25:13)

    console.log
      [Button] Props received: {
        variant: 'primary',
        size: 'lg',
        type: 'button',
        loading: false,
        disabled: undefined
      }

      at log (src/components/ui/Button.tsx:26:13)

    console.log
      [Button] Has onClick in props: true

      at log (src/components/ui/Button.tsx:27:13)

    console.log
      [Button] All props: {
        onClick: [AsyncFunction: handleCtaClick],
        'aria-describedby': 'hero-heading',
        'aria-label': 'Continue - Begin your tax preparation process'
      }

      at log (src/components/ui/Button.tsx:28:13)

    console.log
      [Button] Rendering with type: button

      at log (src/components/ui/Button.tsx:25:13)

    console.log
      [Button] Props received: {
        variant: 'primary',
        size: 'lg',
        type: 'button',
        loading: true,
        disabled: undefined
      }

      at log (src/components/ui/Button.tsx:26:13)

    console.log
      [Button] Has onClick in props: true

      at log (src/components/ui/Button.tsx:27:13)

    console.log
      [Button] All props: {
        onClick: [AsyncFunction: handleCtaClick],
        'aria-describedby': 'hero-heading',
        'aria-label': 'Continue - Begin your tax preparation process'
      }

      at log (src/components/ui/Button.tsx:28:13)

    console.error
      Warning: An update to Hero inside a test was not wrapped in act(...).
      
      When testing, code that causes React state updates should be wrapped into act(...):
      
      act(() => {
        /* fire events that update state */
      });
      /* assert on the output */
      
      This ensures that you're testing the behavior the user would see in the browser. Learn more at https://reactjs.org/link/wrap-tests-with-act
          at headline (/Users/ryan/Library/Mobile Documents/com~apple~CloudDocs/Documents/VSCode/Tax-App-Frontend/src/components/Hero.tsx:14:3)

      47 |
      48 |   const setSuccess = useCallback(() => {
    > 49 |     setState(prev => ({
         |     ^
      50 |       ...prev,
      51 |       success: true,
      52 |       isLoading: false,

      at printWarning (node_modules/react-dom/cjs/react-dom.development.js:86:30)
      at error (node_modules/react-dom/cjs/react-dom.development.js:60:7)
      at warnIfUpdatesNotWrappedWithActDEV (node_modules/react-dom/cjs/react-dom.development.js:27628:9)
      at scheduleUpdateOnFiber (node_modules/react-dom/cjs/react-dom.development.js:25547:5)
      at dispatchSetState (node_modules/react-dom/cjs/react-dom.development.js:16708:7)
      at setState (src/hooks/useLoadingState.ts:49:5)
      at setSuccess (src/hooks/useLoadingState.ts:76:7)
      at handleCtaClick (src/components/Hero.tsx:27:5)

    console.log
      [Button] Rendering with type: button

      at log (src/components/ui/Button.tsx:25:13)

    console.log
      [Button] Props received: {
        variant: 'primary',
        size: 'lg',
        type: 'button',
        loading: false,
        disabled: undefined
      }

      at log (src/components/ui/Button.tsx:26:13)

    console.log
      [Button] Has onClick in props: true

      at log (src/components/ui/Button.tsx:27:13)

    console.log
      [Button] All props: {
        onClick: [AsyncFunction: handleCtaClick],
        'aria-describedby': 'hero-heading',
        'aria-label': 'Continue - Begin your tax preparation process'
      }

      at log (src/components/ui/Button.tsx:28:13)

    console.log
      [Button] Rendering with type: button

      at log (src/components/ui/Button.tsx:25:13)

    console.log
      [Button] Props received: {
        variant: 'primary',
        size: 'lg',
        type: 'button',
        loading: false,
        disabled: undefined
      }

      at log (src/components/ui/Button.tsx:26:13)

    console.log
      [Button] Has onClick in props: true

      at log (src/components/ui/Button.tsx:27:13)

    console.log
      [Button] All props: {
        onClick: [AsyncFunction: handlePrimaryClick],
        'aria-describedby': 'cta-heading',
        'aria-label': 'Begin Process - Begin your tax preparation process now'
      }

      at log (src/components/ui/Button.tsx:28:13)

    console.log
      [Button] Rendering with type: button

      at log (src/components/ui/Button.tsx:25:13)

    console.log
      [Button] Props received: {
        variant: 'outline',
        size: 'lg',
        type: 'button',
        loading: false,
        disabled: undefined
      }

      at log (src/components/ui/Button.tsx:26:13)

    console.log
      [Button] Has onClick in props: true

      at log (src/components/ui/Button.tsx:27:13)

    console.log
      [Button] All props: {
        onClick: [AsyncFunction: handleSecondaryClick],
        'aria-describedby': 'cta-heading',
        'aria-label': 'Explore - Get more information about our tax preparation process'
      }

      at log (src/components/ui/Button.tsx:28:13)

    console.log
      [Button] Rendering with type: button

      at log (src/components/ui/Button.tsx:25:13)

    console.log
      [Button] Props received: {
        variant: 'primary',
        size: 'lg',
        type: 'button',
        loading: true,
        disabled: undefined
      }

      at log (src/components/ui/Button.tsx:26:13)

    console.log
      [Button] Has onClick in props: true

      at log (src/components/ui/Button.tsx:27:13)

    console.log
      [Button] All props: {
        onClick: [AsyncFunction: handlePrimaryClick],
        'aria-describedby': 'cta-heading',
        'aria-label': 'Begin Process - Begin your tax preparation process now'
      }

      at log (src/components/ui/Button.tsx:28:13)

    console.log
      [Button] Rendering with type: button

      at log (src/components/ui/Button.tsx:25:13)

    console.log
      [Button] Props received: {
        variant: 'outline',
        size: 'lg',
        type: 'button',
        loading: false,
        disabled: undefined
      }

      at log (src/components/ui/Button.tsx:26:13)

    console.log
      [Button] Has onClick in props: true

      at log (src/components/ui/Button.tsx:27:13)

    console.log
      [Button] All props: {
        onClick: [AsyncFunction: handleSecondaryClick],
        'aria-describedby': 'cta-heading',
        'aria-label': 'Explore - Get more information about our tax preparation process'
      }

      at log (src/components/ui/Button.tsx:28:13)

    console.error
      Warning: An update to CallToAction inside a test was not wrapped in act(...).
      
      When testing, code that causes React state updates should be wrapped into act(...):
      
      act(() => {
        /* fire events that update state */
      });
      /* assert on the output */
      
      This ensures that you're testing the behavior the user would see in the browser. Learn more at https://reactjs.org/link/wrap-tests-with-act
          at primaryText (/Users/ryan/Library/Mobile Documents/com~apple~CloudDocs/Documents/VSCode/Tax-App-Frontend/src/components/CallToAction.tsx:16:3)

      47 |
      48 |   const setSuccess = useCallback(() => {
    > 49 |     setState(prev => ({
         |     ^
      50 |       ...prev,
      51 |       success: true,
      52 |       isLoading: false,

      at printWarning (node_modules/react-dom/cjs/react-dom.development.js:86:30)
      at error (node_modules/react-dom/cjs/react-dom.development.js:60:7)
      at warnIfUpdatesNotWrappedWithActDEV (node_modules/react-dom/cjs/react-dom.development.js:27628:9)
      at scheduleUpdateOnFiber (node_modules/react-dom/cjs/react-dom.development.js:25547:5)
      at dispatchSetState (node_modules/react-dom/cjs/react-dom.development.js:16708:7)
      at setState (src/hooks/useLoadingState.ts:49:5)
      at Object.setSuccess [as executeAsync] (src/hooks/useLoadingState.ts:76:7)
      at handlePrimaryClick (src/components/CallToAction.tsx:32:5)

    console.log
      [Button] Rendering with type: button

      at log (src/components/ui/Button.tsx:25:13)

    console.log
      [Button] Props received: {
        variant: 'primary',
        size: 'lg',
        type: 'button',
        loading: false,
        disabled: undefined
      }

      at log (src/components/ui/Button.tsx:26:13)

    console.log
      [Button] Has onClick in props: true

      at log (src/components/ui/Button.tsx:27:13)

    console.log
      [Button] All props: {
        onClick: [AsyncFunction: handlePrimaryClick],
        'aria-describedby': 'cta-heading',
        'aria-label': 'Begin Process - Begin your tax preparation process now'
      }

      at log (src/components/ui/Button.tsx:28:13)

    console.log
      [Button] Rendering with type: button

      at log (src/components/ui/Button.tsx:25:13)

    console.log
      [Button] Props received: {
        variant: 'outline',
        size: 'lg',
        type: 'button',
        loading: false,
        disabled: undefined
      }

      at log (src/components/ui/Button.tsx:26:13)

    console.log
      [Button] Has onClick in props: true

      at log (src/components/ui/Button.tsx:27:13)

    console.log
      [Button] All props: {
        onClick: [AsyncFunction: handleSecondaryClick],
        'aria-describedby': 'cta-heading',
        'aria-label': 'Explore - Get more information about our tax preparation process'
      }

      at log (src/components/ui/Button.tsx:28:13)

    console.log
      [Button] Rendering with type: button

      at log (src/components/ui/Button.tsx:25:13)

    console.log
      [Button] Props received: {
        variant: 'primary',
        size: 'lg',
        type: 'button',
        loading: false,
        disabled: undefined
      }

      at log (src/components/ui/Button.tsx:26:13)

    console.log
      [Button] Has onClick in props: true

      at log (src/components/ui/Button.tsx:27:13)

    console.log
      [Button] All props: {
        onClick: [AsyncFunction: handlePrimaryClick],
        'aria-describedby': 'cta-heading',
        'aria-label': 'Learn More - Begin your tax preparation process now'
      }

      at log (src/components/ui/Button.tsx:28:13)

    console.log
      [Button] Rendering with type: button

      at log (src/components/ui/Button.tsx:25:13)

    console.log
      [Button] Props received: {
        variant: 'outline',
        size: 'lg',
        type: 'button',
        loading: false,
        disabled: undefined
      }

      at log (src/components/ui/Button.tsx:26:13)

    console.log
      [Button] Has onClick in props: true

      at log (src/components/ui/Button.tsx:27:13)

    console.log
      [Button] All props: {
        onClick: [AsyncFunction: handleSecondaryClick],
        'aria-describedby': 'cta-heading',
        'aria-label': 'Submit - Get more information about our tax preparation process'
      }

      at log (src/components/ui/Button.tsx:28:13)

    console.log
      [Button] Rendering with type: button

      at log (src/components/ui/Button.tsx:25:13)

    console.log
      [Button] Props received: {
        variant: 'primary',
        size: 'lg',
        type: 'button',
        loading: true,
        disabled: undefined
      }

      at log (src/components/ui/Button.tsx:26:13)

    console.log
      [Button] Has onClick in props: true

      at log (src/components/ui/Button.tsx:27:13)

    console.log
      [Button] All props: {
        onClick: [AsyncFunction: handlePrimaryClick],
        'aria-describedby': 'cta-heading',
        'aria-label': 'Learn More - Begin your tax preparation process now'
      }

      at log (src/components/ui/Button.tsx:28:13)

    console.log
      [Button] Rendering with type: button

      at log (src/components/ui/Button.tsx:25:13)

    console.log
      [Button] Props received: {
        variant: 'outline',
        size: 'lg',
        type: 'button',
        loading: false,
        disabled: undefined
      }

      at log (src/components/ui/Button.tsx:26:13)

    console.log
      [Button] Has onClick in props: true

      at log (src/components/ui/Button.tsx:27:13)

    console.log
      [Button] All props: {
        onClick: [AsyncFunction: handleSecondaryClick],
        'aria-describedby': 'cta-heading',
        'aria-label': 'Submit - Get more information about our tax preparation process'
      }

      at log (src/components/ui/Button.tsx:28:13)

    console.error
      Warning: An update to CallToAction inside a test was not wrapped in act(...).
      
      When testing, code that causes React state updates should be wrapped into act(...):
      
      act(() => {
        /* fire events that update state */
      });
      /* assert on the output */
      
      This ensures that you're testing the behavior the user would see in the browser. Learn more at https://reactjs.org/link/wrap-tests-with-act
          at primaryText (/Users/ryan/Library/Mobile Documents/com~apple~CloudDocs/Documents/VSCode/Tax-App-Frontend/src/components/CallToAction.tsx:16:3)

      47 |
      48 |   const setSuccess = useCallback(() => {
    > 49 |     setState(prev => ({
         |     ^
      50 |       ...prev,
      51 |       success: true,
      52 |       isLoading: false,

      at printWarning (node_modules/react-dom/cjs/react-dom.development.js:86:30)
      at error (node_modules/react-dom/cjs/react-dom.development.js:60:7)
      at warnIfUpdatesNotWrappedWithActDEV (node_modules/react-dom/cjs/react-dom.development.js:27628:9)
      at scheduleUpdateOnFiber (node_modules/react-dom/cjs/react-dom.development.js:25547:5)
      at dispatchSetState (node_modules/react-dom/cjs/react-dom.development.js:16708:7)
      at setState (src/hooks/useLoadingState.ts:49:5)
      at Object.setSuccess [as executeAsync] (src/hooks/useLoadingState.ts:76:7)
      at handlePrimaryClick (src/components/CallToAction.tsx:32:5)

    console.log
      [Button] Rendering with type: button

      at log (src/components/ui/Button.tsx:25:13)

    console.log
      [Button] Props received: {
        variant: 'primary',
        size: 'lg',
        type: 'button',
        loading: false,
        disabled: undefined
      }

      at log (src/components/ui/Button.tsx:26:13)

    console.log
      [Button] Has onClick in props: true

      at log (src/components/ui/Button.tsx:27:13)

    console.log
      [Button] All props: {
        onClick: [AsyncFunction: handlePrimaryClick],
        'aria-describedby': 'cta-heading',
        'aria-label': 'Learn More - Begin your tax preparation process now'
      }

      at log (src/components/ui/Button.tsx:28:13)

    console.log
      [Button] Rendering with type: button

      at log (src/components/ui/Button.tsx:25:13)

    console.log
      [Button] Props received: {
        variant: 'outline',
        size: 'lg',
        type: 'button',
        loading: false,
        disabled: undefined
      }

      at log (src/components/ui/Button.tsx:26:13)

    console.log
      [Button] Has onClick in props: true

      at log (src/components/ui/Button.tsx:27:13)

    console.log
      [Button] All props: {
        onClick: [AsyncFunction: handleSecondaryClick],
        'aria-describedby': 'cta-heading',
        'aria-label': 'Submit - Get more information about our tax preparation process'
      }

      at log (src/components/ui/Button.tsx:28:13)

    console.log
      [Button] Rendering with type: button

      at log (src/components/ui/Button.tsx:25:13)

    console.log
      [Button] Props received: {
        variant: 'primary',
        size: 'lg',
        type: 'button',
        loading: false,
        disabled: undefined
      }

      at log (src/components/ui/Button.tsx:26:13)

    console.log
      [Button] Has onClick in props: true

      at log (src/components/ui/Button.tsx:27:13)

    console.log
      [Button] All props: {
        onClick: [AsyncFunction: handlePrimaryClick],
        'aria-describedby': 'cta-heading',
        'aria-label': 'Begin Process - Begin your tax preparation process now'
      }

      at log (src/components/ui/Button.tsx:28:13)

    console.log
      [Button] Rendering with type: button

      at log (src/components/ui/Button.tsx:25:13)

    console.log
      [Button] Props received: {
        variant: 'outline',
        size: 'lg',
        type: 'button',
        loading: false,
        disabled: undefined
      }

      at log (src/components/ui/Button.tsx:26:13)

    console.log
      [Button] Has onClick in props: true

      at log (src/components/ui/Button.tsx:27:13)

    console.log
      [Button] All props: {
        onClick: [AsyncFunction: handleSecondaryClick],
        'aria-describedby': 'cta-heading',
        'aria-label': 'Contact Us - Get more information about our tax preparation process'
      }

      at log (src/components/ui/Button.tsx:28:13)

    console.log
      [Button] Rendering with type: button

      at log (src/components/ui/Button.tsx:25:13)

    console.log
      [Button] Props received: {
        variant: 'primary',
        size: 'lg',
        type: 'button',
        loading: true,
        disabled: undefined
      }

      at log (src/components/ui/Button.tsx:26:13)

    console.log
      [Button] Has onClick in props: true

      at log (src/components/ui/Button.tsx:27:13)

    console.log
      [Button] All props: {
        onClick: [AsyncFunction: handlePrimaryClick],
        'aria-describedby': 'cta-heading',
        'aria-label': 'Begin Process - Begin your tax preparation process now'
      }

      at log (src/components/ui/Button.tsx:28:13)

    console.log
      [Button] Rendering with type: button

      at log (src/components/ui/Button.tsx:25:13)

    console.log
      [Button] Props received: {
        variant: 'outline',
        size: 'lg',
        type: 'button',
        loading: false,
        disabled: undefined
      }

      at log (src/components/ui/Button.tsx:26:13)

    console.log
      [Button] Has onClick in props: true

      at log (src/components/ui/Button.tsx:27:13)

    console.log
      [Button] All props: {
        onClick: [AsyncFunction: handleSecondaryClick],
        'aria-describedby': 'cta-heading',
        'aria-label': 'Contact Us - Get more information about our tax preparation process'
      }

      at log (src/components/ui/Button.tsx:28:13)

    console.error
      Warning: An update to CallToAction inside a test was not wrapped in act(...).
      
      When testing, code that causes React state updates should be wrapped into act(...):
      
      act(() => {
        /* fire events that update state */
      });
      /* assert on the output */
      
      This ensures that you're testing the behavior the user would see in the browser. Learn more at https://reactjs.org/link/wrap-tests-with-act
          at primaryText (/Users/ryan/Library/Mobile Documents/com~apple~CloudDocs/Documents/VSCode/Tax-App-Frontend/src/components/CallToAction.tsx:16:3)

      47 |
      48 |   const setSuccess = useCallback(() => {
    > 49 |     setState(prev => ({
         |     ^
      50 |       ...prev,
      51 |       success: true,
      52 |       isLoading: false,

      at printWarning (node_modules/react-dom/cjs/react-dom.development.js:86:30)
      at error (node_modules/react-dom/cjs/react-dom.development.js:60:7)
      at warnIfUpdatesNotWrappedWithActDEV (node_modules/react-dom/cjs/react-dom.development.js:27628:9)
      at scheduleUpdateOnFiber (node_modules/react-dom/cjs/react-dom.development.js:25547:5)
      at dispatchSetState (node_modules/react-dom/cjs/react-dom.development.js:16708:7)
      at setState (src/hooks/useLoadingState.ts:49:5)
      at Object.setSuccess [as executeAsync] (src/hooks/useLoadingState.ts:76:7)
      at handlePrimaryClick (src/components/CallToAction.tsx:32:5)

    console.log
      [Button] Rendering with type: button

      at log (src/components/ui/Button.tsx:25:13)

    console.log
      [Button] Props received: {
        variant: 'primary',
        size: 'lg',
        type: 'button',
        loading: false,
        disabled: undefined
      }

      at log (src/components/ui/Button.tsx:26:13)

    console.log
      [Button] Has onClick in props: true

      at log (src/components/ui/Button.tsx:27:13)

    console.log
      [Button] All props: {
        onClick: [AsyncFunction: handlePrimaryClick],
        'aria-describedby': 'cta-heading',
        'aria-label': 'Begin Process - Begin your tax preparation process now'
      }

      at log (src/components/ui/Button.tsx:28:13)

    console.log
      [Button] Rendering with type: button

      at log (src/components/ui/Button.tsx:25:13)

    console.log
      [Button] Props received: {
        variant: 'outline',
        size: 'lg',
        type: 'button',
        loading: false,
        disabled: undefined
      }

      at log (src/components/ui/Button.tsx:26:13)

    console.log
      [Button] Has onClick in props: true

      at log (src/components/ui/Button.tsx:27:13)

    console.log
      [Button] All props: {
        onClick: [AsyncFunction: handleSecondaryClick],
        'aria-describedby': 'cta-heading',
        'aria-label': 'Contact Us - Get more information about our tax preparation process'
      }

      at log (src/components/ui/Button.tsx:28:13)

    console.log
      [Button] Rendering with type: button

      at log (src/components/ui/Button.tsx:25:13)

    console.log
      [Button] Props received: {
        variant: 'primary',
        size: 'lg',
        type: 'button',
        loading: false,
        disabled: undefined
      }

      at log (src/components/ui/Button.tsx:26:13)

    console.log
      [Button] Has onClick in props: true

      at log (src/components/ui/Button.tsx:27:13)

    console.log
      [Button] All props: {
        onClick: [AsyncFunction: handlePrimaryClick],
        'aria-describedby': 'cta-heading',
        'aria-label': 'Find Out - Begin your tax preparation process now'
      }

      at log (src/components/ui/Button.tsx:28:13)

    console.log
      [Button] Rendering with type: button

      at log (src/components/ui/Button.tsx:25:13)

    console.log
      [Button] Props received: {
        variant: 'outline',
        size: 'lg',
        type: 'button',
        loading: false,
        disabled: undefined
      }

      at log (src/components/ui/Button.tsx:26:13)

    console.log
      [Button] Has onClick in props: true

      at log (src/components/ui/Button.tsx:27:13)

    console.log
      [Button] All props: {
        onClick: [AsyncFunction: handleSecondaryClick],
        'aria-describedby': 'cta-heading',
        'aria-label': 'Read More - Get more information about our tax preparation process'
      }

      at log (src/components/ui/Button.tsx:28:13)

    console.log
      [Button] Rendering with type: button

      at log (src/components/ui/Button.tsx:25:13)

    console.log
      [Button] Props received: {
        variant: 'primary',
        size: 'lg',
        type: 'button',
        loading: true,
        disabled: undefined
      }

      at log (src/components/ui/Button.tsx:26:13)

    console.log
      [Button] Has onClick in props: true

      at log (src/components/ui/Button.tsx:27:13)

    console.log
      [Button] All props: {
        onClick: [AsyncFunction: handlePrimaryClick],
        'aria-describedby': 'cta-heading',
        'aria-label': 'Find Out - Begin your tax preparation process now'
      }

      at log (src/components/ui/Button.tsx:28:13)

    console.log
      [Button] Rendering with type: button

      at log (src/components/ui/Button.tsx:25:13)

    console.log
      [Button] Props received: {
        variant: 'outline',
        size: 'lg',
        type: 'button',
        loading: false,
        disabled: undefined
      }

      at log (src/components/ui/Button.tsx:26:13)

    console.log
      [Button] Has onClick in props: true

      at log (src/components/ui/Button.tsx:27:13)

    console.log
      [Button] All props: {
        onClick: [AsyncFunction: handleSecondaryClick],
        'aria-describedby': 'cta-heading',
        'aria-label': 'Read More - Get more information about our tax preparation process'
      }

      at log (src/components/ui/Button.tsx:28:13)

    console.error
      Warning: An update to CallToAction inside a test was not wrapped in act(...).
      
      When testing, code that causes React state updates should be wrapped into act(...):
      
      act(() => {
        /* fire events that update state */
      });
      /* assert on the output */
      
      This ensures that you're testing the behavior the user would see in the browser. Learn more at https://reactjs.org/link/wrap-tests-with-act
          at primaryText (/Users/ryan/Library/Mobile Documents/com~apple~CloudDocs/Documents/VSCode/Tax-App-Frontend/src/components/CallToAction.tsx:16:3)

      47 |
      48 |   const setSuccess = useCallback(() => {
    > 49 |     setState(prev => ({
         |     ^
      50 |       ...prev,
      51 |       success: true,
      52 |       isLoading: false,

      at printWarning (node_modules/react-dom/cjs/react-dom.development.js:86:30)
      at error (node_modules/react-dom/cjs/react-dom.development.js:60:7)
      at warnIfUpdatesNotWrappedWithActDEV (node_modules/react-dom/cjs/react-dom.development.js:27628:9)
      at scheduleUpdateOnFiber (node_modules/react-dom/cjs/react-dom.development.js:25547:5)
      at dispatchSetState (node_modules/react-dom/cjs/react-dom.development.js:16708:7)
      at setState (src/hooks/useLoadingState.ts:49:5)
      at Object.setSuccess [as executeAsync] (src/hooks/useLoadingState.ts:76:7)
      at handlePrimaryClick (src/components/CallToAction.tsx:32:5)

    console.log
      [Button] Rendering with type: button

      at log (src/components/ui/Button.tsx:25:13)

    console.log
      [Button] Props received: {
        variant: 'primary',
        size: 'lg',
        type: 'button',
        loading: false,
        disabled: undefined
      }

      at log (src/components/ui/Button.tsx:26:13)

    console.log
      [Button] Has onClick in props: true

      at log (src/components/ui/Button.tsx:27:13)

    console.log
      [Button] All props: {
        onClick: [AsyncFunction: handlePrimaryClick],
        'aria-describedby': 'cta-heading',
        'aria-label': 'Find Out - Begin your tax preparation process now'
      }

      at log (src/components/ui/Button.tsx:28:13)

    console.log
      [Button] Rendering with type: button

      at log (src/components/ui/Button.tsx:25:13)

    console.log
      [Button] Props received: {
        variant: 'outline',
        size: 'lg',
        type: 'button',
        loading: false,
        disabled: undefined
      }

      at log (src/components/ui/Button.tsx:26:13)

    console.log
      [Button] Has onClick in props: true

      at log (src/components/ui/Button.tsx:27:13)

    console.log
      [Button] All props: {
        onClick: [AsyncFunction: handleSecondaryClick],
        'aria-describedby': 'cta-heading',
        'aria-label': 'Read More - Get more information about our tax preparation process'
      }

      at log (src/components/ui/Button.tsx:28:13)

    console.log
      [Button] Rendering with type: button

      at log (src/components/ui/Button.tsx:25:13)

    console.log
      [Button] Props received: {
        variant: 'primary',
        size: 'lg',
        type: 'button',
        loading: false,
        disabled: undefined
      }

      at log (src/components/ui/Button.tsx:26:13)

    console.log
      [Button] Has onClick in props: true

      at log (src/components/ui/Button.tsx:27:13)

    console.log
      [Button] All props: {
        onClick: [AsyncFunction: handlePrimaryClick],
        'aria-describedby': 'cta-heading',
        'aria-label': 'Start Now - Begin your tax preparation process now'
      }

      at log (src/components/ui/Button.tsx:28:13)

    console.log
      [Button] Rendering with type: button

      at log (src/components/ui/Button.tsx:25:13)

    console.log
      [Button] Props received: {
        variant: 'outline',
        size: 'lg',
        type: 'button',
        loading: false,
        disabled: undefined
      }

      at log (src/components/ui/Button.tsx:26:13)

    console.log
      [Button] Has onClick in props: true

      at log (src/components/ui/Button.tsx:27:13)

    console.log
      [Button] All props: {
        onClick: [AsyncFunction: handleSecondaryClick],
        'aria-describedby': 'cta-heading',
        'aria-label': 'Explore - Get more information about our tax preparation process'
      }

      at log (src/components/ui/Button.tsx:28:13)

    console.log
      [Button] Rendering with type: button

      at log (src/components/ui/Button.tsx:25:13)

    console.log
      [Button] Props received: {
        variant: 'primary',
        size: 'lg',
        type: 'button',
        loading: true,
        disabled: undefined
      }

      at log (src/components/ui/Button.tsx:26:13)

    console.log
      [Button] Has onClick in props: true

      at log (src/components/ui/Button.tsx:27:13)

    console.log
      [Button] All props: {
        onClick: [AsyncFunction: handlePrimaryClick],
        'aria-describedby': 'cta-heading',
        'aria-label': 'Start Now - Begin your tax preparation process now'
      }

      at log (src/components/ui/Button.tsx:28:13)

    console.log
      [Button] Rendering with type: button

      at log (src/components/ui/Button.tsx:25:13)

    console.log
      [Button] Props received: {
        variant: 'outline',
        size: 'lg',
        type: 'button',
        loading: false,
        disabled: undefined
      }

      at log (src/components/ui/Button.tsx:26:13)

    console.log
      [Button] Has onClick in props: true

      at log (src/components/ui/Button.tsx:27:13)

    console.log
      [Button] All props: {
        onClick: [AsyncFunction: handleSecondaryClick],
        'aria-describedby': 'cta-heading',
        'aria-label': 'Explore - Get more information about our tax preparation process'
      }

      at log (src/components/ui/Button.tsx:28:13)

    console.error
      Warning: An update to CallToAction inside a test was not wrapped in act(...).
      
      When testing, code that causes React state updates should be wrapped into act(...):
      
      act(() => {
        /* fire events that update state */
      });
      /* assert on the output */
      
      This ensures that you're testing the behavior the user would see in the browser. Learn more at https://reactjs.org/link/wrap-tests-with-act
          at primaryText (/Users/ryan/Library/Mobile Documents/com~apple~CloudDocs/Documents/VSCode/Tax-App-Frontend/src/components/CallToAction.tsx:16:3)

      47 |
      48 |   const setSuccess = useCallback(() => {
    > 49 |     setState(prev => ({
         |     ^
      50 |       ...prev,
      51 |       success: true,
      52 |       isLoading: false,

      at printWarning (node_modules/react-dom/cjs/react-dom.development.js:86:30)
      at error (node_modules/react-dom/cjs/react-dom.development.js:60:7)
      at warnIfUpdatesNotWrappedWithActDEV (node_modules/react-dom/cjs/react-dom.development.js:27628:9)
      at scheduleUpdateOnFiber (node_modules/react-dom/cjs/react-dom.development.js:25547:5)
      at dispatchSetState (node_modules/react-dom/cjs/react-dom.development.js:16708:7)
      at setState (src/hooks/useLoadingState.ts:49:5)
      at Object.setSuccess [as executeAsync] (src/hooks/useLoadingState.ts:76:7)
      at handlePrimaryClick (src/components/CallToAction.tsx:32:5)

    console.log
      [Button] Rendering with type: button

      at log (src/components/ui/Button.tsx:25:13)

    console.log
      [Button] Props received: {
        variant: 'primary',
        size: 'lg',
        type: 'button',
        loading: false,
        disabled: undefined
      }

      at log (src/components/ui/Button.tsx:26:13)

    console.log
      [Button] Has onClick in props: true

      at log (src/components/ui/Button.tsx:27:13)

    console.log
      [Button] All props: {
        onClick: [AsyncFunction: handlePrimaryClick],
        'aria-describedby': 'cta-heading',
        'aria-label': 'Start Now - Begin your tax preparation process now'
      }

      at log (src/components/ui/Button.tsx:28:13)

    console.log
      [Button] Rendering with type: button

      at log (src/components/ui/Button.tsx:25:13)

    console.log
      [Button] Props received: {
        variant: 'outline',
        size: 'lg',
        type: 'button',
        loading: false,
        disabled: undefined
      }

      at log (src/components/ui/Button.tsx:26:13)

    console.log
      [Button] Has onClick in props: true

      at log (src/components/ui/Button.tsx:27:13)

    console.log
      [Button] All props: {
        onClick: [AsyncFunction: handleSecondaryClick],
        'aria-describedby': 'cta-heading',
        'aria-label': 'Explore - Get more information about our tax preparation process'
      }

      at log (src/components/ui/Button.tsx:28:13)

    console.log
      [Button] Rendering with type: button

      at log (src/components/ui/Button.tsx:25:13)

    console.log
      [Button] Props received: {
        variant: 'primary',
        size: 'lg',
        type: 'button',
        loading: false,
        disabled: undefined
      }

      at log (src/components/ui/Button.tsx:26:13)

    console.log
      [Button] Has onClick in props: true

      at log (src/components/ui/Button.tsx:27:13)

    console.log
      [Button] All props: {
        onClick: [AsyncFunction: handlePrimaryClick],
        'aria-describedby': 'cta-heading',
        'aria-label': 'Learn More - Begin your tax preparation process now'
      }

      at log (src/components/ui/Button.tsx:28:13)

    console.log
      [Button] Rendering with type: button

      at log (src/components/ui/Button.tsx:25:13)

    console.log
      [Button] Props received: {
        variant: 'outline',
        size: 'lg',
        type: 'button',
        loading: false,
        disabled: undefined
      }

      at log (src/components/ui/Button.tsx:26:13)

    console.log
      [Button] Has onClick in props: true

      at log (src/components/ui/Button.tsx:27:13)

    console.log
      [Button] All props: {
        onClick: [AsyncFunction: handleSecondaryClick],
        'aria-describedby': 'cta-heading',
        'aria-label': 'Get Help - Get more information about our tax preparation process'
      }

      at log (src/components/ui/Button.tsx:28:13)

    console.log
      [Button] Rendering with type: button

      at log (src/components/ui/Button.tsx:25:13)

    console.log
      [Button] Props received: {
        variant: 'primary',
        size: 'lg',
        type: 'button',
        loading: true,
        disabled: undefined
      }

      at log (src/components/ui/Button.tsx:26:13)

    console.log
      [Button] Has onClick in props: true

      at log (src/components/ui/Button.tsx:27:13)

    console.log
      [Button] All props: {
        onClick: [AsyncFunction: handlePrimaryClick],
        'aria-describedby': 'cta-heading',
        'aria-label': 'Learn More - Begin your tax preparation process now'
      }

      at log (src/components/ui/Button.tsx:28:13)

    console.log
      [Button] Rendering with type: button

      at log (src/components/ui/Button.tsx:25:13)

    console.log
      [Button] Props received: {
        variant: 'outline',
        size: 'lg',
        type: 'button',
        loading: false,
        disabled: undefined
      }

      at log (src/components/ui/Button.tsx:26:13)

    console.log
      [Button] Has onClick in props: true

      at log (src/components/ui/Button.tsx:27:13)

    console.log
      [Button] All props: {
        onClick: [AsyncFunction: handleSecondaryClick],
        'aria-describedby': 'cta-heading',
        'aria-label': 'Get Help - Get more information about our tax preparation process'
      }

      at log (src/components/ui/Button.tsx:28:13)

    console.error
      Warning: An update to CallToAction inside a test was not wrapped in act(...).
      
      When testing, code that causes React state updates should be wrapped into act(...):
      
      act(() => {
        /* fire events that update state */
      });
      /* assert on the output */
      
      This ensures that you're testing the behavior the user would see in the browser. Learn more at https://reactjs.org/link/wrap-tests-with-act
          at primaryText (/Users/ryan/Library/Mobile Documents/com~apple~CloudDocs/Documents/VSCode/Tax-App-Frontend/src/components/CallToAction.tsx:16:3)

      47 |
      48 |   const setSuccess = useCallback(() => {
    > 49 |     setState(prev => ({
         |     ^
      50 |       ...prev,
      51 |       success: true,
      52 |       isLoading: false,

      at printWarning (node_modules/react-dom/cjs/react-dom.development.js:86:30)
      at error (node_modules/react-dom/cjs/react-dom.development.js:60:7)
      at warnIfUpdatesNotWrappedWithActDEV (node_modules/react-dom/cjs/react-dom.development.js:27628:9)
      at scheduleUpdateOnFiber (node_modules/react-dom/cjs/react-dom.development.js:25547:5)
      at dispatchSetState (node_modules/react-dom/cjs/react-dom.development.js:16708:7)
      at setState (src/hooks/useLoadingState.ts:49:5)
      at Object.setSuccess [as executeAsync] (src/hooks/useLoadingState.ts:76:7)
      at handlePrimaryClick (src/components/CallToAction.tsx:32:5)

    console.log
      [Button] Rendering with type: button

      at log (src/components/ui/Button.tsx:25:13)

    console.log
      [Button] Props received: {
        variant: 'primary',
        size: 'lg',
        type: 'button',
        loading: false,
        disabled: undefined
      }

      at log (src/components/ui/Button.tsx:26:13)

    console.log
      [Button] Has onClick in props: true

      at log (src/components/ui/Button.tsx:27:13)

    console.log
      [Button] All props: {
        onClick: [AsyncFunction: handlePrimaryClick],
        'aria-describedby': 'cta-heading',
        'aria-label': 'Learn More - Begin your tax preparation process now'
      }

      at log (src/components/ui/Button.tsx:28:13)

    console.log
      [Button] Rendering with type: button

      at log (src/components/ui/Button.tsx:25:13)

    console.log
      [Button] Props received: {
        variant: 'outline',
        size: 'lg',
        type: 'button',
        loading: false,
        disabled: undefined
      }

      at log (src/components/ui/Button.tsx:26:13)

    console.log
      [Button] Has onClick in props: true

      at log (src/components/ui/Button.tsx:27:13)

    console.log
      [Button] All props: {
        onClick: [AsyncFunction: handleSecondaryClick],
        'aria-describedby': 'cta-heading',
        'aria-label': 'Get Help - Get more information about our tax preparation process'
      }

      at log (src/components/ui/Button.tsx:28:13)

    console.log
      [Button] Rendering with type: button

      at log (src/components/ui/Button.tsx:25:13)

    console.log
      [Button] Props received: {
        variant: 'primary',
        size: 'lg',
        type: 'button',
        loading: false,
        disabled: undefined
      }

      at log (src/components/ui/Button.tsx:26:13)

    console.log
      [Button] Has onClick in props: true

      at log (src/components/ui/Button.tsx:27:13)

    console.log
      [Button] All props: {
        onClick: [AsyncFunction: handlePrimaryClick],
        'aria-describedby': 'cta-heading',
        'aria-label': 'Discover - Begin your tax preparation process now'
      }

      at log (src/components/ui/Button.tsx:28:13)

    console.log
      [Button] Rendering with type: button

      at log (src/components/ui/Button.tsx:25:13)

    console.log
      [Button] Props received: {
        variant: 'outline',
        size: 'lg',
        type: 'button',
        loading: false,
        disabled: undefined
      }

      at log (src/components/ui/Button.tsx:26:13)

    console.log
      [Button] Has onClick in props: true

      at log (src/components/ui/Button.tsx:27:13)

    console.log
      [Button] All props: {
        onClick: [AsyncFunction: handleSecondaryClick],
        'aria-describedby': 'cta-heading',
        'aria-label': 'Help Center - Get more information about our tax preparation process'
      }

      at log (src/components/ui/Button.tsx:28:13)

    console.log
      [Button] Rendering with type: button

      at log (src/components/ui/Button.tsx:25:13)

    console.log
      [Button] Props received: {
        variant: 'primary',
        size: 'lg',
        type: 'button',
        loading: true,
        disabled: undefined
      }

      at log (src/components/ui/Button.tsx:26:13)

    console.log
      [Button] Has onClick in props: true

      at log (src/components/ui/Button.tsx:27:13)

    console.log
      [Button] All props: {
        onClick: [AsyncFunction: handlePrimaryClick],
        'aria-describedby': 'cta-heading',
        'aria-label': 'Discover - Begin your tax preparation process now'
      }

      at log (src/components/ui/Button.tsx:28:13)

    console.log
      [Button] Rendering with type: button

      at log (src/components/ui/Button.tsx:25:13)

    console.log
      [Button] Props received: {
        variant: 'outline',
        size: 'lg',
        type: 'button',
        loading: false,
        disabled: undefined
      }

      at log (src/components/ui/Button.tsx:26:13)

    console.log
      [Button] Has onClick in props: true

      at log (src/components/ui/Button.tsx:27:13)

    console.log
      [Button] All props: {
        onClick: [AsyncFunction: handleSecondaryClick],
        'aria-describedby': 'cta-heading',
        'aria-label': 'Help Center - Get more information about our tax preparation process'
      }

      at log (src/components/ui/Button.tsx:28:13)

    console.error
      Warning: An update to CallToAction inside a test was not wrapped in act(...).
      
      When testing, code that causes React state updates should be wrapped into act(...):
      
      act(() => {
        /* fire events that update state */
      });
      /* assert on the output */
      
      This ensures that you're testing the behavior the user would see in the browser. Learn more at https://reactjs.org/link/wrap-tests-with-act
          at primaryText (/Users/ryan/Library/Mobile Documents/com~apple~CloudDocs/Documents/VSCode/Tax-App-Frontend/src/components/CallToAction.tsx:16:3)

      47 |
      48 |   const setSuccess = useCallback(() => {
    > 49 |     setState(prev => ({
         |     ^
      50 |       ...prev,
      51 |       success: true,
      52 |       isLoading: false,

      at printWarning (node_modules/react-dom/cjs/react-dom.development.js:86:30)
      at error (node_modules/react-dom/cjs/react-dom.development.js:60:7)
      at warnIfUpdatesNotWrappedWithActDEV (node_modules/react-dom/cjs/react-dom.development.js:27628:9)
      at scheduleUpdateOnFiber (node_modules/react-dom/cjs/react-dom.development.js:25547:5)
      at dispatchSetState (node_modules/react-dom/cjs/react-dom.development.js:16708:7)
      at setState (src/hooks/useLoadingState.ts:49:5)
      at Object.setSuccess [as executeAsync] (src/hooks/useLoadingState.ts:76:7)
      at handlePrimaryClick (src/components/CallToAction.tsx:32:5)

    console.log
      [Button] Rendering with type: button

      at log (src/components/ui/Button.tsx:25:13)

    console.log
      [Button] Props received: {
        variant: 'primary',
        size: 'lg',
        type: 'button',
        loading: false,
        disabled: undefined
      }

      at log (src/components/ui/Button.tsx:26:13)

    console.log
      [Button] Has onClick in props: true

      at log (src/components/ui/Button.tsx:27:13)

    console.log
      [Button] All props: {
        onClick: [AsyncFunction: handlePrimaryClick],
        'aria-describedby': 'cta-heading',
        'aria-label': 'Discover - Begin your tax preparation process now'
      }

      at log (src/components/ui/Button.tsx:28:13)

    console.log
      [Button] Rendering with type: button

      at log (src/components/ui/Button.tsx:25:13)

    console.log
      [Button] Props received: {
        variant: 'outline',
        size: 'lg',
        type: 'button',
        loading: false,
        disabled: undefined
      }

      at log (src/components/ui/Button.tsx:26:13)

    console.log
      [Button] Has onClick in props: true

      at log (src/components/ui/Button.tsx:27:13)

    console.log
      [Button] All props: {
        onClick: [AsyncFunction: handleSecondaryClick],
        'aria-describedby': 'cta-heading',
        'aria-label': 'Help Center - Get more information about our tax preparation process'
      }

      at log (src/components/ui/Button.tsx:28:13)

    console.log
      [Button] Rendering with type: button

      at log (src/components/ui/Button.tsx:25:13)

    console.log
      [Button] Props received: {
        variant: 'primary',
        size: 'lg',
        type: 'button',
        loading: false,
        disabled: undefined
      }

      at log (src/components/ui/Button.tsx:26:13)

    console.log
      [Button] Has onClick in props: true

      at log (src/components/ui/Button.tsx:27:13)

    console.log
      [Button] All props: {
        onClick: [AsyncFunction: handlePrimaryClick],
        'aria-describedby': 'cta-heading',
        'aria-label': 'Proceed - Begin your tax preparation process now'
      }

      at log (src/components/ui/Button.tsx:28:13)

    console.log
      [Button] Rendering with type: button

      at log (src/components/ui/Button.tsx:25:13)

    console.log
      [Button] Props received: {
        variant: 'outline',
        size: 'lg',
        type: 'button',
        loading: false,
        disabled: undefined
      }

      at log (src/components/ui/Button.tsx:26:13)

    console.log
      [Button] Has onClick in props: true

      at log (src/components/ui/Button.tsx:27:13)

    console.log
      [Button] All props: {
        onClick: [AsyncFunction: handleSecondaryClick],
        'aria-describedby': 'cta-heading',
        'aria-label': 'Help Center - Get more information about our tax preparation process'
      }

      at log (src/components/ui/Button.tsx:28:13)

    console.log
      [Button] Rendering with type: button

      at log (src/components/ui/Button.tsx:25:13)

    console.log
      [Button] Props received: {
        variant: 'primary',
        size: 'lg',
        type: 'button',
        loading: true,
        disabled: undefined
      }

      at log (src/components/ui/Button.tsx:26:13)

    console.log
      [Button] Has onClick in props: true

      at log (src/components/ui/Button.tsx:27:13)

    console.log
      [Button] All props: {
        onClick: [AsyncFunction: handlePrimaryClick],
        'aria-describedby': 'cta-heading',
        'aria-label': 'Proceed - Begin your tax preparation process now'
      }

      at log (src/components/ui/Button.tsx:28:13)

    console.log
      [Button] Rendering with type: button

      at log (src/components/ui/Button.tsx:25:13)

    console.log
      [Button] Props received: {
        variant: 'outline',
        size: 'lg',
        type: 'button',
        loading: false,
        disabled: undefined
      }

      at log (src/components/ui/Button.tsx:26:13)

    console.log
      [Button] Has onClick in props: true

      at log (src/components/ui/Button.tsx:27:13)

    console.log
      [Button] All props: {
        onClick: [AsyncFunction: handleSecondaryClick],
        'aria-describedby': 'cta-heading',
        'aria-label': 'Help Center - Get more information about our tax preparation process'
      }

      at log (src/components/ui/Button.tsx:28:13)

    console.error
      Warning: An update to CallToAction inside a test was not wrapped in act(...).
      
      When testing, code that causes React state updates should be wrapped into act(...):
      
      act(() => {
        /* fire events that update state */
      });
      /* assert on the output */
      
      This ensures that you're testing the behavior the user would see in the browser. Learn more at https://reactjs.org/link/wrap-tests-with-act
          at primaryText (/Users/ryan/Library/Mobile Documents/com~apple~CloudDocs/Documents/VSCode/Tax-App-Frontend/src/components/CallToAction.tsx:16:3)

      47 |
      48 |   const setSuccess = useCallback(() => {
    > 49 |     setState(prev => ({
         |     ^
      50 |       ...prev,
      51 |       success: true,
      52 |       isLoading: false,

      at printWarning (node_modules/react-dom/cjs/react-dom.development.js:86:30)
      at error (node_modules/react-dom/cjs/react-dom.development.js:60:7)
      at warnIfUpdatesNotWrappedWithActDEV (node_modules/react-dom/cjs/react-dom.development.js:27628:9)
      at scheduleUpdateOnFiber (node_modules/react-dom/cjs/react-dom.development.js:25547:5)
      at dispatchSetState (node_modules/react-dom/cjs/react-dom.development.js:16708:7)
      at setState (src/hooks/useLoadingState.ts:49:5)
      at Object.setSuccess [as executeAsync] (src/hooks/useLoadingState.ts:76:7)
      at handlePrimaryClick (src/components/CallToAction.tsx:32:5)

    console.log
      [Button] Rendering with type: button

      at log (src/components/ui/Button.tsx:25:13)

    console.log
      [Button] Props received: {
        variant: 'primary',
        size: 'lg',
        type: 'button',
        loading: false,
        disabled: undefined
      }

      at log (src/components/ui/Button.tsx:26:13)

    console.log
      [Button] Has onClick in props: true

      at log (src/components/ui/Button.tsx:27:13)

    console.log
      [Button] All props: {
        onClick: [AsyncFunction: handlePrimaryClick],
        'aria-describedby': 'cta-heading',
        'aria-label': 'Proceed - Begin your tax preparation process now'
      }

      at log (src/components/ui/Button.tsx:28:13)

    console.log
      [Button] Rendering with type: button

      at log (src/components/ui/Button.tsx:25:13)

    console.log
      [Button] Props received: {
        variant: 'outline',
        size: 'lg',
        type: 'button',
        loading: false,
        disabled: undefined
      }

      at log (src/components/ui/Button.tsx:26:13)

    console.log
      [Button] Has onClick in props: true

      at log (src/components/ui/Button.tsx:27:13)

    console.log
      [Button] All props: {
        onClick: [AsyncFunction: handleSecondaryClick],
        'aria-describedby': 'cta-heading',
        'aria-label': 'Help Center - Get more information about our tax preparation process'
      }

      at log (src/components/ui/Button.tsx:28:13)

    console.log
      [Button] Rendering with type: button

      at log (src/components/ui/Button.tsx:25:13)

    console.log
      [Button] Props received: {
        variant: 'primary',
        size: 'lg',
        type: 'button',
        loading: false,
        disabled: undefined
      }

      at log (src/components/ui/Button.tsx:26:13)

    console.log
      [Button] Has onClick in props: true

      at log (src/components/ui/Button.tsx:27:13)

    console.log
      [Button] All props: {
        onClick: [AsyncFunction: handlePrimaryClick],
        'aria-describedby': 'cta-heading',
        'aria-label': 'Begin Process - Begin your tax preparation process now'
      }

      at log (src/components/ui/Button.tsx:28:13)

    console.log
      [Button] Rendering with type: button

      at log (src/components/ui/Button.tsx:25:13)

    console.log
      [Button] Props received: {
        variant: 'outline',
        size: 'lg',
        type: 'button',
        loading: false,
        disabled: undefined
      }

      at log (src/components/ui/Button.tsx:26:13)

    console.log
      [Button] Has onClick in props: true

      at log (src/components/ui/Button.tsx:27:13)

    console.log
      [Button] All props: {
        onClick: [AsyncFunction: handleSecondaryClick],
        'aria-describedby': 'cta-heading',
        'aria-label': 'Assistance - Get more information about our tax preparation process'
      }

      at log (src/components/ui/Button.tsx:28:13)

    console.log
      [Button] Rendering with type: button

      at log (src/components/ui/Button.tsx:25:13)

    console.log
      [Button] Props received: {
        variant: 'primary',
        size: 'lg',
        type: 'button',
        loading: true,
        disabled: undefined
      }

      at log (src/components/ui/Button.tsx:26:13)

    console.log
      [Button] Has onClick in props: true

      at log (src/components/ui/Button.tsx:27:13)

    console.log
      [Button] All props: {
        onClick: [AsyncFunction: handlePrimaryClick],
        'aria-describedby': 'cta-heading',
        'aria-label': 'Begin Process - Begin your tax preparation process now'
      }

      at log (src/components/ui/Button.tsx:28:13)

    console.log
      [Button] Rendering with type: button

      at log (src/components/ui/Button.tsx:25:13)

    console.log
      [Button] Props received: {
        variant: 'outline',
        size: 'lg',
        type: 'button',
        loading: false,
        disabled: undefined
      }

      at log (src/components/ui/Button.tsx:26:13)

    console.log
      [Button] Has onClick in props: true

      at log (src/components/ui/Button.tsx:27:13)

    console.log
      [Button] All props: {
        onClick: [AsyncFunction: handleSecondaryClick],
        'aria-describedby': 'cta-heading',
        'aria-label': 'Assistance - Get more information about our tax preparation process'
      }

      at log (src/components/ui/Button.tsx:28:13)

    console.error
      Warning: An update to CallToAction inside a test was not wrapped in act(...).
      
      When testing, code that causes React state updates should be wrapped into act(...):
      
      act(() => {
        /* fire events that update state */
      });
      /* assert on the output */
      
      This ensures that you're testing the behavior the user would see in the browser. Learn more at https://reactjs.org/link/wrap-tests-with-act
          at primaryText (/Users/ryan/Library/Mobile Documents/com~apple~CloudDocs/Documents/VSCode/Tax-App-Frontend/src/components/CallToAction.tsx:16:3)

      47 |
      48 |   const setSuccess = useCallback(() => {
    > 49 |     setState(prev => ({
         |     ^
      50 |       ...prev,
      51 |       success: true,
      52 |       isLoading: false,

      at printWarning (node_modules/react-dom/cjs/react-dom.development.js:86:30)
      at error (node_modules/react-dom/cjs/react-dom.development.js:60:7)
      at warnIfUpdatesNotWrappedWithActDEV (node_modules/react-dom/cjs/react-dom.development.js:27628:9)
      at scheduleUpdateOnFiber (node_modules/react-dom/cjs/react-dom.development.js:25547:5)
      at dispatchSetState (node_modules/react-dom/cjs/react-dom.development.js:16708:7)
      at setState (src/hooks/useLoadingState.ts:49:5)
      at Object.setSuccess [as executeAsync] (src/hooks/useLoadingState.ts:76:7)
      at handlePrimaryClick (src/components/CallToAction.tsx:32:5)

    console.log
      [Button] Rendering with type: button

      at log (src/components/ui/Button.tsx:25:13)

    console.log
      [Button] Props received: {
        variant: 'primary',
        size: 'lg',
        type: 'button',
        loading: false,
        disabled: undefined
      }

      at log (src/components/ui/Button.tsx:26:13)

    console.log
      [Button] Has onClick in props: true

      at log (src/components/ui/Button.tsx:27:13)

    console.log
      [Button] All props: {
        onClick: [AsyncFunction: handlePrimaryClick],
        'aria-describedby': 'cta-heading',
        'aria-label': 'Begin Process - Begin your tax preparation process now'
      }

      at log (src/components/ui/Button.tsx:28:13)

    console.log
      [Button] Rendering with type: button

      at log (src/components/ui/Button.tsx:25:13)

    console.log
      [Button] Props received: {
        variant: 'outline',
        size: 'lg',
        type: 'button',
        loading: false,
        disabled: undefined
      }

      at log (src/components/ui/Button.tsx:26:13)

    console.log
      [Button] Has onClick in props: true

      at log (src/components/ui/Button.tsx:27:13)

    console.log
      [Button] All props: {
        onClick: [AsyncFunction: handleSecondaryClick],
        'aria-describedby': 'cta-heading',
        'aria-label': 'Assistance - Get more information about our tax preparation process'
      }

      at log (src/components/ui/Button.tsx:28:13)

    console.log
      [Button] Rendering with type: button

      at log (src/components/ui/Button.tsx:25:13)

    console.log
      [Button] Props received: {
        variant: 'primary',
        size: 'lg',
        type: 'button',
        loading: false,
        disabled: undefined
      }

      at log (src/components/ui/Button.tsx:26:13)

    console.log
      [Button] Has onClick in props: true

      at log (src/components/ui/Button.tsx:27:13)

    console.log
      [Button] All props: {
        onClick: [AsyncFunction: handlePrimaryClick],
        'aria-describedby': 'cta-heading',
        'aria-label': 'Find Out - Begin your tax preparation process now'
      }

      at log (src/components/ui/Button.tsx:28:13)

    console.log
      [Button] Rendering with type: button

      at log (src/components/ui/Button.tsx:25:13)

    console.log
      [Button] Props received: {
        variant: 'outline',
        size: 'lg',
        type: 'button',
        loading: false,
        disabled: undefined
      }

      at log (src/components/ui/Button.tsx:26:13)

    console.log
      [Button] Has onClick in props: true

      at log (src/components/ui/Button.tsx:27:13)

    console.log
      [Button] All props: {
        onClick: [AsyncFunction: handleSecondaryClick],
        'aria-describedby': 'cta-heading',
        'aria-label': 'Read More - Get more information about our tax preparation process'
      }

      at log (src/components/ui/Button.tsx:28:13)

    console.log
      [Button] Rendering with type: button

      at log (src/components/ui/Button.tsx:25:13)

    console.log
      [Button] Props received: {
        variant: 'primary',
        size: 'lg',
        type: 'button',
        loading: true,
        disabled: undefined
      }

      at log (src/components/ui/Button.tsx:26:13)

    console.log
      [Button] Has onClick in props: true

      at log (src/components/ui/Button.tsx:27:13)

    console.log
      [Button] All props: {
        onClick: [AsyncFunction: handlePrimaryClick],
        'aria-describedby': 'cta-heading',
        'aria-label': 'Find Out - Begin your tax preparation process now'
      }

      at log (src/components/ui/Button.tsx:28:13)

    console.log
      [Button] Rendering with type: button

      at log (src/components/ui/Button.tsx:25:13)

    console.log
      [Button] Props received: {
        variant: 'outline',
        size: 'lg',
        type: 'button',
        loading: false,
        disabled: undefined
      }

      at log (src/components/ui/Button.tsx:26:13)

    console.log
      [Button] Has onClick in props: true

      at log (src/components/ui/Button.tsx:27:13)

    console.log
      [Button] All props: {
        onClick: [AsyncFunction: handleSecondaryClick],
        'aria-describedby': 'cta-heading',
        'aria-label': 'Read More - Get more information about our tax preparation process'
      }

      at log (src/components/ui/Button.tsx:28:13)

    console.error
      Warning: An update to CallToAction inside a test was not wrapped in act(...).
      
      When testing, code that causes React state updates should be wrapped into act(...):
      
      act(() => {
        /* fire events that update state */
      });
      /* assert on the output */
      
      This ensures that you're testing the behavior the user would see in the browser. Learn more at https://reactjs.org/link/wrap-tests-with-act
          at primaryText (/Users/ryan/Library/Mobile Documents/com~apple~CloudDocs/Documents/VSCode/Tax-App-Frontend/src/components/CallToAction.tsx:16:3)

      47 |
      48 |   const setSuccess = useCallback(() => {
    > 49 |     setState(prev => ({
         |     ^
      50 |       ...prev,
      51 |       success: true,
      52 |       isLoading: false,

      at printWarning (node_modules/react-dom/cjs/react-dom.development.js:86:30)
      at error (node_modules/react-dom/cjs/react-dom.development.js:60:7)
      at warnIfUpdatesNotWrappedWithActDEV (node_modules/react-dom/cjs/react-dom.development.js:27628:9)
      at scheduleUpdateOnFiber (node_modules/react-dom/cjs/react-dom.development.js:25547:5)
      at dispatchSetState (node_modules/react-dom/cjs/react-dom.development.js:16708:7)
      at setState (src/hooks/useLoadingState.ts:49:5)
      at Object.setSuccess [as executeAsync] (src/hooks/useLoadingState.ts:76:7)
      at handlePrimaryClick (src/components/CallToAction.tsx:32:5)

    console.log
      [Button] Rendering with type: button

      at log (src/components/ui/Button.tsx:25:13)

    console.log
      [Button] Props received: {
        variant: 'primary',
        size: 'lg',
        type: 'button',
        loading: false,
        disabled: undefined
      }

      at log (src/components/ui/Button.tsx:26:13)

    console.log
      [Button] Has onClick in props: true

      at log (src/components/ui/Button.tsx:27:13)

    console.log
      [Button] All props: {
        onClick: [AsyncFunction: handlePrimaryClick],
        'aria-describedby': 'cta-heading',
        'aria-label': 'Find Out - Begin your tax preparation process now'
      }

      at log (src/components/ui/Button.tsx:28:13)

    console.log
      [Button] Rendering with type: button

      at log (src/components/ui/Button.tsx:25:13)

    console.log
      [Button] Props received: {
        variant: 'outline',
        size: 'lg',
        type: 'button',
        loading: false,
        disabled: undefined
      }

      at log (src/components/ui/Button.tsx:26:13)

    console.log
      [Button] Has onClick in props: true

      at log (src/components/ui/Button.tsx:27:13)

    console.log
      [Button] All props: {
        onClick: [AsyncFunction: handleSecondaryClick],
        'aria-describedby': 'cta-heading',
        'aria-label': 'Read More - Get more information about our tax preparation process'
      }

      at log (src/components/ui/Button.tsx:28:13)

    console.log
      [Button] Rendering with type: button

      at log (src/components/ui/Button.tsx:25:13)

    console.log
      [Button] Props received: {
        variant: 'primary',
        size: 'lg',
        type: 'button',
        loading: false,
        disabled: undefined
      }

      at log (src/components/ui/Button.tsx:26:13)

    console.log
      [Button] Has onClick in props: true

      at log (src/components/ui/Button.tsx:27:13)

    console.log
      [Button] All props: {
        onClick: [AsyncFunction: handlePrimaryClick],
        'aria-describedby': 'cta-heading',
        'aria-label': 'Start Now - Begin your tax preparation process now'
      }

      at log (src/components/ui/Button.tsx:28:13)

    console.log
      [Button] Rendering with type: button

      at log (src/components/ui/Button.tsx:25:13)

    console.log
      [Button] Props received: {
        variant: 'outline',
        size: 'lg',
        type: 'button',
        loading: false,
        disabled: undefined
      }

      at log (src/components/ui/Button.tsx:26:13)

    console.log
      [Button] Has onClick in props: true

      at log (src/components/ui/Button.tsx:27:13)

    console.log
      [Button] All props: {
        onClick: [AsyncFunction: handleSecondaryClick],
        'aria-describedby': 'cta-heading',
        'aria-label': 'Get Help - Get more information about our tax preparation process'
      }

      at log (src/components/ui/Button.tsx:28:13)

    console.log
      [Button] Rendering with type: button

      at log (src/components/ui/Button.tsx:25:13)

    console.log
      [Button] Props received: {
        variant: 'primary',
        size: 'lg',
        type: 'button',
        loading: false,
        disabled: undefined
      }

      at log (src/components/ui/Button.tsx:26:13)

    console.log
      [Button] Has onClick in props: true

      at log (src/components/ui/Button.tsx:27:13)

    console.log
      [Button] All props: {
        onClick: [AsyncFunction: handlePrimaryClick],
        'aria-describedby': 'cta-heading',
        'aria-label': 'Start Now - Begin your tax preparation process now'
      }

      at log (src/components/ui/Button.tsx:28:13)

    console.log
      [Button] Rendering with type: button

      at log (src/components/ui/Button.tsx:25:13)

    console.log
      [Button] Props received: {
        variant: 'outline',
        size: 'lg',
        type: 'button',
        loading: true,
        disabled: undefined
      }

      at log (src/components/ui/Button.tsx:26:13)

    console.log
      [Button] Has onClick in props: true

      at log (src/components/ui/Button.tsx:27:13)

    console.log
      [Button] All props: {
        onClick: [AsyncFunction: handleSecondaryClick],
        'aria-describedby': 'cta-heading',
        'aria-label': 'Get Help - Get more information about our tax preparation process'
      }

      at log (src/components/ui/Button.tsx:28:13)

    console.error
      Warning: An update to CallToAction inside a test was not wrapped in act(...).
      
      When testing, code that causes React state updates should be wrapped into act(...):
      
      act(() => {
        /* fire events that update state */
      });
      /* assert on the output */
      
      This ensures that you're testing the behavior the user would see in the browser. Learn more at https://reactjs.org/link/wrap-tests-with-act
          at primaryText (/Users/ryan/Library/Mobile Documents/com~apple~CloudDocs/Documents/VSCode/Tax-App-Frontend/src/components/CallToAction.tsx:16:3)

      47 |
      48 |   const setSuccess = useCallback(() => {
    > 49 |     setState(prev => ({
         |     ^
      50 |       ...prev,
      51 |       success: true,
      52 |       isLoading: false,

      at printWarning (node_modules/react-dom/cjs/react-dom.development.js:86:30)
      at error (node_modules/react-dom/cjs/react-dom.development.js:60:7)
      at warnIfUpdatesNotWrappedWithActDEV (node_modules/react-dom/cjs/react-dom.development.js:27628:9)
      at scheduleUpdateOnFiber (node_modules/react-dom/cjs/react-dom.development.js:25547:5)
      at dispatchSetState (node_modules/react-dom/cjs/react-dom.development.js:16708:7)
      at setState (src/hooks/useLoadingState.ts:49:5)
      at Object.setSuccess [as executeAsync] (src/hooks/useLoadingState.ts:76:7)
      at handleSecondaryClick (src/components/CallToAction.tsx:48:5)

    console.log
      [Button] Rendering with type: button

      at log (src/components/ui/Button.tsx:25:13)

    console.log
      [Button] Props received: {
        variant: 'primary',
        size: 'lg',
        type: 'button',
        loading: false,
        disabled: undefined
      }

      at log (src/components/ui/Button.tsx:26:13)

    console.log
      [Button] Has onClick in props: true

      at log (src/components/ui/Button.tsx:27:13)

    console.log
      [Button] All props: {
        onClick: [AsyncFunction: handlePrimaryClick],
        'aria-describedby': 'cta-heading',
        'aria-label': 'Start Now - Begin your tax preparation process now'
      }

      at log (src/components/ui/Button.tsx:28:13)

    console.log
      [Button] Rendering with type: button

      at log (src/components/ui/Button.tsx:25:13)

    console.log
      [Button] Props received: {
        variant: 'outline',
        size: 'lg',
        type: 'button',
        loading: false,
        disabled: undefined
      }

      at log (src/components/ui/Button.tsx:26:13)

    console.log
      [Button] Has onClick in props: true

      at log (src/components/ui/Button.tsx:27:13)

    console.log
      [Button] All props: {
        onClick: [AsyncFunction: handleSecondaryClick],
        'aria-describedby': 'cta-heading',
        'aria-label': 'Get Help - Get more information about our tax preparation process'
      }

      at log (src/components/ui/Button.tsx:28:13)

    console.log
      [Button] Rendering with type: button

      at log (src/components/ui/Button.tsx:25:13)

    console.log
      [Button] Props received: {
        variant: 'primary',
        size: 'lg',
        type: 'button',
        loading: false,
        disabled: undefined
      }

      at log (src/components/ui/Button.tsx:26:13)

    console.log
      [Button] Has onClick in props: true

      at log (src/components/ui/Button.tsx:27:13)

    console.log
      [Button] All props: {
        onClick: [AsyncFunction: handlePrimaryClick],
        'aria-describedby': 'cta-heading',
        'aria-label': 'Learn More - Begin your tax preparation process now'
      }

      at log (src/components/ui/Button.tsx:28:13)

    console.log
      [Button] Rendering with type: button

      at log (src/components/ui/Button.tsx:25:13)

    console.log
      [Button] Props received: {
        variant: 'outline',
        size: 'lg',
        type: 'button',
        loading: false,
        disabled: undefined
      }

      at log (src/components/ui/Button.tsx:26:13)

    console.log
      [Button] Has onClick in props: true

      at log (src/components/ui/Button.tsx:27:13)

    console.log
      [Button] All props: {
        onClick: [AsyncFunction: handleSecondaryClick],
        'aria-describedby': 'cta-heading',
        'aria-label': 'Assistance - Get more information about our tax preparation process'
      }

      at log (src/components/ui/Button.tsx:28:13)

    console.log
      [Button] Rendering with type: button

      at log (src/components/ui/Button.tsx:25:13)

    console.log
      [Button] Props received: {
        variant: 'primary',
        size: 'lg',
        type: 'button',
        loading: false,
        disabled: undefined
      }

      at log (src/components/ui/Button.tsx:26:13)

    console.log
      [Button] Has onClick in props: true

      at log (src/components/ui/Button.tsx:27:13)

    console.log
      [Button] All props: {
        onClick: [AsyncFunction: handlePrimaryClick],
        'aria-describedby': 'cta-heading',
        'aria-label': 'Learn More - Begin your tax preparation process now'
      }

      at log (src/components/ui/Button.tsx:28:13)

    console.log
      [Button] Rendering with type: button

      at log (src/components/ui/Button.tsx:25:13)

    console.log
      [Button] Props received: {
        variant: 'outline',
        size: 'lg',
        type: 'button',
        loading: true,
        disabled: undefined
      }

      at log (src/components/ui/Button.tsx:26:13)

    console.log
      [Button] Has onClick in props: true

      at log (src/components/ui/Button.tsx:27:13)

    console.log
      [Button] All props: {
        onClick: [AsyncFunction: handleSecondaryClick],
        'aria-describedby': 'cta-heading',
        'aria-label': 'Assistance - Get more information about our tax preparation process'
      }

      at log (src/components/ui/Button.tsx:28:13)

    console.error
      Warning: An update to CallToAction inside a test was not wrapped in act(...).
      
      When testing, code that causes React state updates should be wrapped into act(...):
      
      act(() => {
        /* fire events that update state */
      });
      /* assert on the output */
      
      This ensures that you're testing the behavior the user would see in the browser. Learn more at https://reactjs.org/link/wrap-tests-with-act
          at primaryText (/Users/ryan/Library/Mobile Documents/com~apple~CloudDocs/Documents/VSCode/Tax-App-Frontend/src/components/CallToAction.tsx:16:3)

      47 |
      48 |   const setSuccess = useCallback(() => {
    > 49 |     setState(prev => ({
         |     ^
      50 |       ...prev,
      51 |       success: true,
      52 |       isLoading: false,

      at printWarning (node_modules/react-dom/cjs/react-dom.development.js:86:30)
      at error (node_modules/react-dom/cjs/react-dom.development.js:60:7)
      at warnIfUpdatesNotWrappedWithActDEV (node_modules/react-dom/cjs/react-dom.development.js:27628:9)
      at scheduleUpdateOnFiber (node_modules/react-dom/cjs/react-dom.development.js:25547:5)
      at dispatchSetState (node_modules/react-dom/cjs/react-dom.development.js:16708:7)
      at setState (src/hooks/useLoadingState.ts:49:5)
      at Object.setSuccess [as executeAsync] (src/hooks/useLoadingState.ts:76:7)
      at handleSecondaryClick (src/components/CallToAction.tsx:48:5)

    console.log
      [Button] Rendering with type: button

      at log (src/components/ui/Button.tsx:25:13)

    console.log
      [Button] Props received: {
        variant: 'primary',
        size: 'lg',
        type: 'button',
        loading: false,
        disabled: undefined
      }

      at log (src/components/ui/Button.tsx:26:13)

    console.log
      [Button] Has onClick in props: true

      at log (src/components/ui/Button.tsx:27:13)

    console.log
      [Button] All props: {
        onClick: [AsyncFunction: handlePrimaryClick],
        'aria-describedby': 'cta-heading',
        'aria-label': 'Learn More - Begin your tax preparation process now'
      }

      at log (src/components/ui/Button.tsx:28:13)

    console.log
      [Button] Rendering with type: button

      at log (src/components/ui/Button.tsx:25:13)

    console.log
      [Button] Props received: {
        variant: 'outline',
        size: 'lg',
        type: 'button',
        loading: false,
        disabled: undefined
      }

      at log (src/components/ui/Button.tsx:26:13)

    console.log
      [Button] Has onClick in props: true

      at log (src/components/ui/Button.tsx:27:13)

    console.log
      [Button] All props: {
        onClick: [AsyncFunction: handleSecondaryClick],
        'aria-describedby': 'cta-heading',
        'aria-label': 'Assistance - Get more information about our tax preparation process'
      }

      at log (src/components/ui/Button.tsx:28:13)

    console.log
      [Button] Rendering with type: button

      at log (src/components/ui/Button.tsx:25:13)

    console.log
      [Button] Props received: {
        variant: 'primary',
        size: 'lg',
        type: 'button',
        loading: false,
        disabled: undefined
      }

      at log (src/components/ui/Button.tsx:26:13)

    console.log
      [Button] Has onClick in props: true

      at log (src/components/ui/Button.tsx:27:13)

    console.log
      [Button] All props: {
        onClick: [AsyncFunction: handlePrimaryClick],
        'aria-describedby': 'cta-heading',
        'aria-label': 'Proceed - Begin your tax preparation process now'
      }

      at log (src/components/ui/Button.tsx:28:13)

    console.log
      [Button] Rendering with type: button

      at log (src/components/ui/Button.tsx:25:13)

    console.log
      [Button] Props received: {
        variant: 'outline',
        size: 'lg',
        type: 'button',
        loading: false,
        disabled: undefined
      }

      at log (src/components/ui/Button.tsx:26:13)

    console.log
      [Button] Has onClick in props: true

      at log (src/components/ui/Button.tsx:27:13)

    console.log
      [Button] All props: {
        onClick: [AsyncFunction: handleSecondaryClick],
        'aria-describedby': 'cta-heading',
        'aria-label': 'Get Help - Get more information about our tax preparation process'
      }

      at log (src/components/ui/Button.tsx:28:13)

    console.log
      [Button] Rendering with type: button

      at log (src/components/ui/Button.tsx:25:13)

    console.log
      [Button] Props received: {
        variant: 'primary',
        size: 'lg',
        type: 'button',
        loading: false,
        disabled: undefined
      }

      at log (src/components/ui/Button.tsx:26:13)

    console.log
      [Button] Has onClick in props: true

      at log (src/components/ui/Button.tsx:27:13)

    console.log
      [Button] All props: {
        onClick: [AsyncFunction: handlePrimaryClick],
        'aria-describedby': 'cta-heading',
        'aria-label': 'Proceed - Begin your tax preparation process now'
      }

      at log (src/components/ui/Button.tsx:28:13)

    console.log
      [Button] Rendering with type: button

      at log (src/components/ui/Button.tsx:25:13)

    console.log
      [Button] Props received: {
        variant: 'outline',
        size: 'lg',
        type: 'button',
        loading: true,
        disabled: undefined
      }

      at log (src/components/ui/Button.tsx:26:13)

    console.log
      [Button] Has onClick in props: true

      at log (src/components/ui/Button.tsx:27:13)

    console.log
      [Button] All props: {
        onClick: [AsyncFunction: handleSecondaryClick],
        'aria-describedby': 'cta-heading',
        'aria-label': 'Get Help - Get more information about our tax preparation process'
      }

      at log (src/components/ui/Button.tsx:28:13)

    console.error
      Warning: An update to CallToAction inside a test was not wrapped in act(...).
      
      When testing, code that causes React state updates should be wrapped into act(...):
      
      act(() => {
        /* fire events that update state */
      });
      /* assert on the output */
      
      This ensures that you're testing the behavior the user would see in the browser. Learn more at https://reactjs.org/link/wrap-tests-with-act
          at primaryText (/Users/ryan/Library/Mobile Documents/com~apple~CloudDocs/Documents/VSCode/Tax-App-Frontend/src/components/CallToAction.tsx:16:3)

      47 |
      48 |   const setSuccess = useCallback(() => {
    > 49 |     setState(prev => ({
         |     ^
      50 |       ...prev,
      51 |       success: true,
      52 |       isLoading: false,

      at printWarning (node_modules/react-dom/cjs/react-dom.development.js:86:30)
      at error (node_modules/react-dom/cjs/react-dom.development.js:60:7)
      at warnIfUpdatesNotWrappedWithActDEV (node_modules/react-dom/cjs/react-dom.development.js:27628:9)
      at scheduleUpdateOnFiber (node_modules/react-dom/cjs/react-dom.development.js:25547:5)
      at dispatchSetState (node_modules/react-dom/cjs/react-dom.development.js:16708:7)
      at setState (src/hooks/useLoadingState.ts:49:5)
      at Object.setSuccess [as executeAsync] (src/hooks/useLoadingState.ts:76:7)
      at handleSecondaryClick (src/components/CallToAction.tsx:48:5)

    console.log
      [Button] Rendering with type: button

      at log (src/components/ui/Button.tsx:25:13)

    console.log
      [Button] Props received: {
        variant: 'primary',
        size: 'lg',
        type: 'button',
        loading: false,
        disabled: undefined
      }

      at log (src/components/ui/Button.tsx:26:13)

    console.log
      [Button] Has onClick in props: true

      at log (src/components/ui/Button.tsx:27:13)

    console.log
      [Button] All props: {
        onClick: [AsyncFunction: handlePrimaryClick],
        'aria-describedby': 'cta-heading',
        'aria-label': 'Proceed - Begin your tax preparation process now'
      }

      at log (src/components/ui/Button.tsx:28:13)

    console.log
      [Button] Rendering with type: button

      at log (src/components/ui/Button.tsx:25:13)

    console.log
      [Button] Props received: {
        variant: 'outline',
        size: 'lg',
        type: 'button',
        loading: false,
        disabled: undefined
      }

      at log (src/components/ui/Button.tsx:26:13)

    console.log
      [Button] Has onClick in props: true

      at log (src/components/ui/Button.tsx:27:13)

    console.log
      [Button] All props: {
        onClick: [AsyncFunction: handleSecondaryClick],
        'aria-describedby': 'cta-heading',
        'aria-label': 'Get Help - Get more information about our tax preparation process'
      }

      at log (src/components/ui/Button.tsx:28:13)

    console.log
      [Button] Rendering with type: button

      at log (src/components/ui/Button.tsx:25:13)

    console.log
      [Button] Props received: {
        variant: 'primary',
        size: 'lg',
        type: 'button',
        loading: false,
        disabled: undefined
      }

      at log (src/components/ui/Button.tsx:26:13)

    console.log
      [Button] Has onClick in props: true

      at log (src/components/ui/Button.tsx:27:13)

    console.log
      [Button] All props: {
        onClick: [AsyncFunction: handlePrimaryClick],
        'aria-describedby': 'cta-heading',
        'aria-label': 'Get Started - Begin your tax preparation process now'
      }

      at log (src/components/ui/Button.tsx:28:13)

    console.log
      [Button] Rendering with type: button

      at log (src/components/ui/Button.tsx:25:13)

    console.log
      [Button] Props received: {
        variant: 'outline',
        size: 'lg',
        type: 'button',
        loading: false,
        disabled: undefined
      }

      at log (src/components/ui/Button.tsx:26:13)

    console.log
      [Button] Has onClick in props: true

      at log (src/components/ui/Button.tsx:27:13)

    console.log
      [Button] All props: {
        onClick: [AsyncFunction: handleSecondaryClick],
        'aria-describedby': 'cta-heading',
        'aria-label': 'Assistance - Get more information about our tax preparation process'
      }

      at log (src/components/ui/Button.tsx:28:13)

    console.log
      [Button] Rendering with type: button

      at log (src/components/ui/Button.tsx:25:13)

    console.log
      [Button] Props received: {
        variant: 'primary',
        size: 'lg',
        type: 'button',
        loading: false,
        disabled: undefined
      }

      at log (src/components/ui/Button.tsx:26:13)

    console.log
      [Button] Has onClick in props: true

      at log (src/components/ui/Button.tsx:27:13)

    console.log
      [Button] All props: {
        onClick: [AsyncFunction: handlePrimaryClick],
        'aria-describedby': 'cta-heading',
        'aria-label': 'Get Started - Begin your tax preparation process now'
      }

      at log (src/components/ui/Button.tsx:28:13)

    console.log
      [Button] Rendering with type: button

      at log (src/components/ui/Button.tsx:25:13)

    console.log
      [Button] Props received: {
        variant: 'outline',
        size: 'lg',
        type: 'button',
        loading: true,
        disabled: undefined
      }

      at log (src/components/ui/Button.tsx:26:13)

    console.log
      [Button] Has onClick in props: true

      at log (src/components/ui/Button.tsx:27:13)

    console.log
      [Button] All props: {
        onClick: [AsyncFunction: handleSecondaryClick],
        'aria-describedby': 'cta-heading',
        'aria-label': 'Assistance - Get more information about our tax preparation process'
      }

      at log (src/components/ui/Button.tsx:28:13)

    console.error
      Warning: An update to CallToAction inside a test was not wrapped in act(...).
      
      When testing, code that causes React state updates should be wrapped into act(...):
      
      act(() => {
        /* fire events that update state */
      });
      /* assert on the output */
      
      This ensures that you're testing the behavior the user would see in the browser. Learn more at https://reactjs.org/link/wrap-tests-with-act
          at primaryText (/Users/ryan/Library/Mobile Documents/com~apple~CloudDocs/Documents/VSCode/Tax-App-Frontend/src/components/CallToAction.tsx:16:3)

      47 |
      48 |   const setSuccess = useCallback(() => {
    > 49 |     setState(prev => ({
         |     ^
      50 |       ...prev,
      51 |       success: true,
      52 |       isLoading: false,

      at printWarning (node_modules/react-dom/cjs/react-dom.development.js:86:30)
      at error (node_modules/react-dom/cjs/react-dom.development.js:60:7)
      at warnIfUpdatesNotWrappedWithActDEV (node_modules/react-dom/cjs/react-dom.development.js:27628:9)
      at scheduleUpdateOnFiber (node_modules/react-dom/cjs/react-dom.development.js:25547:5)
      at dispatchSetState (node_modules/react-dom/cjs/react-dom.development.js:16708:7)
      at setState (src/hooks/useLoadingState.ts:49:5)
      at Object.setSuccess [as executeAsync] (src/hooks/useLoadingState.ts:76:7)
      at handleSecondaryClick (src/components/CallToAction.tsx:48:5)

    console.log
      [Button] Rendering with type: button

      at log (src/components/ui/Button.tsx:25:13)

    console.log
      [Button] Props received: {
        variant: 'primary',
        size: 'lg',
        type: 'button',
        loading: false,
        disabled: undefined
      }

      at log (src/components/ui/Button.tsx:26:13)

    console.log
      [Button] Has onClick in props: true

      at log (src/components/ui/Button.tsx:27:13)

    console.log
      [Button] All props: {
        onClick: [AsyncFunction: handlePrimaryClick],
        'aria-describedby': 'cta-heading',
        'aria-label': 'Get Started - Begin your tax preparation process now'
      }

      at log (src/components/ui/Button.tsx:28:13)

    console.log
      [Button] Rendering with type: button

      at log (src/components/ui/Button.tsx:25:13)

    console.log
      [Button] Props received: {
        variant: 'outline',
        size: 'lg',
        type: 'button',
        loading: false,
        disabled: undefined
      }

      at log (src/components/ui/Button.tsx:26:13)

    console.log
      [Button] Has onClick in props: true

      at log (src/components/ui/Button.tsx:27:13)

    console.log
      [Button] All props: {
        onClick: [AsyncFunction: handleSecondaryClick],
        'aria-describedby': 'cta-heading',
        'aria-label': 'Assistance - Get more information about our tax preparation process'
      }

      at log (src/components/ui/Button.tsx:28:13)

    console.log
      [Button] Rendering with type: button

      at log (src/components/ui/Button.tsx:25:13)

    console.log
      [Button] Props received: {
        variant: 'primary',
        size: 'lg',
        type: 'button',
        loading: false,
        disabled: undefined
      }

      at log (src/components/ui/Button.tsx:26:13)

    console.log
      [Button] Has onClick in props: true

      at log (src/components/ui/Button.tsx:27:13)

    console.log
      [Button] All props: {
        onClick: [AsyncFunction: handlePrimaryClick],
        'aria-describedby': 'cta-heading',
        'aria-label': 'Find Out - Begin your tax preparation process now'
      }

      at log (src/components/ui/Button.tsx:28:13)

    console.log
      [Button] Rendering with type: button

      at log (src/components/ui/Button.tsx:25:13)

    console.log
      [Button] Props received: {
        variant: 'outline',
        size: 'lg',
        type: 'button',
        loading: false,
        disabled: undefined
      }

      at log (src/components/ui/Button.tsx:26:13)

    console.log
      [Button] Has onClick in props: true

      at log (src/components/ui/Button.tsx:27:13)

    console.log
      [Button] All props: {
        onClick: [AsyncFunction: handleSecondaryClick],
        'aria-describedby': 'cta-heading',
        'aria-label': 'Explore - Get more information about our tax preparation process'
      }

      at log (src/components/ui/Button.tsx:28:13)

    console.log
      [Button] Rendering with type: button

      at log (src/components/ui/Button.tsx:25:13)

    console.log
      [Button] Props received: {
        variant: 'primary',
        size: 'lg',
        type: 'button',
        loading: false,
        disabled: undefined
      }

      at log (src/components/ui/Button.tsx:26:13)

    console.log
      [Button] Has onClick in props: true

      at log (src/components/ui/Button.tsx:27:13)

    console.log
      [Button] All props: {
        onClick: [AsyncFunction: handlePrimaryClick],
        'aria-describedby': 'cta-heading',
        'aria-label': 'Find Out - Begin your tax preparation process now'
      }

      at log (src/components/ui/Button.tsx:28:13)

    console.log
      [Button] Rendering with type: button

      at log (src/components/ui/Button.tsx:25:13)

    console.log
      [Button] Props received: {
        variant: 'outline',
        size: 'lg',
        type: 'button',
        loading: true,
        disabled: undefined
      }

      at log (src/components/ui/Button.tsx:26:13)

    console.log
      [Button] Has onClick in props: true

      at log (src/components/ui/Button.tsx:27:13)

    console.log
      [Button] All props: {
        onClick: [AsyncFunction: handleSecondaryClick],
        'aria-describedby': 'cta-heading',
        'aria-label': 'Explore - Get more information about our tax preparation process'
      }

      at log (src/components/ui/Button.tsx:28:13)

    console.error
      Warning: An update to CallToAction inside a test was not wrapped in act(...).
      
      When testing, code that causes React state updates should be wrapped into act(...):
      
      act(() => {
        /* fire events that update state */
      });
      /* assert on the output */
      
      This ensures that you're testing the behavior the user would see in the browser. Learn more at https://reactjs.org/link/wrap-tests-with-act
          at primaryText (/Users/ryan/Library/Mobile Documents/com~apple~CloudDocs/Documents/VSCode/Tax-App-Frontend/src/components/CallToAction.tsx:16:3)

      47 |
      48 |   const setSuccess = useCallback(() => {
    > 49 |     setState(prev => ({
         |     ^
      50 |       ...prev,
      51 |       success: true,
      52 |       isLoading: false,

      at printWarning (node_modules/react-dom/cjs/react-dom.development.js:86:30)
      at error (node_modules/react-dom/cjs/react-dom.development.js:60:7)
      at warnIfUpdatesNotWrappedWithActDEV (node_modules/react-dom/cjs/react-dom.development.js:27628:9)
      at scheduleUpdateOnFiber (node_modules/react-dom/cjs/react-dom.development.js:25547:5)
      at dispatchSetState (node_modules/react-dom/cjs/react-dom.development.js:16708:7)
      at setState (src/hooks/useLoadingState.ts:49:5)
      at Object.setSuccess [as executeAsync] (src/hooks/useLoadingState.ts:76:7)
      at handleSecondaryClick (src/components/CallToAction.tsx:48:5)

    console.log
      [Button] Rendering with type: button

      at log (src/components/ui/Button.tsx:25:13)

    console.log
      [Button] Props received: {
        variant: 'primary',
        size: 'lg',
        type: 'button',
        loading: false,
        disabled: undefined
      }

      at log (src/components/ui/Button.tsx:26:13)

    console.log
      [Button] Has onClick in props: true

      at log (src/components/ui/Button.tsx:27:13)

    console.log
      [Button] All props: {
        onClick: [AsyncFunction: handlePrimaryClick],
        'aria-describedby': 'cta-heading',
        'aria-label': 'Find Out - Begin your tax preparation process now'
      }

      at log (src/components/ui/Button.tsx:28:13)

    console.log
      [Button] Rendering with type: button

      at log (src/components/ui/Button.tsx:25:13)

    console.log
      [Button] Props received: {
        variant: 'outline',
        size: 'lg',
        type: 'button',
        loading: false,
        disabled: undefined
      }

      at log (src/components/ui/Button.tsx:26:13)

    console.log
      [Button] Has onClick in props: true

      at log (src/components/ui/Button.tsx:27:13)

    console.log
      [Button] All props: {
        onClick: [AsyncFunction: handleSecondaryClick],
        'aria-describedby': 'cta-heading',
        'aria-label': 'Explore - Get more information about our tax preparation process'
      }

      at log (src/components/ui/Button.tsx:28:13)

    console.log
      [Button] Rendering with type: button

      at log (src/components/ui/Button.tsx:25:13)

    console.log
      [Button] Props received: {
        variant: 'primary',
        size: 'lg',
        type: 'button',
        loading: false,
        disabled: undefined
      }

      at log (src/components/ui/Button.tsx:26:13)

    console.log
      [Button] Has onClick in props: true

      at log (src/components/ui/Button.tsx:27:13)

    console.log
      [Button] All props: {
        onClick: [AsyncFunction: handlePrimaryClick],
        'aria-describedby': 'cta-heading',
        'aria-label': 'Continue - Begin your tax preparation process now'
      }

      at log (src/components/ui/Button.tsx:28:13)

    console.log
      [Button] Rendering with type: button

      at log (src/components/ui/Button.tsx:25:13)

    console.log
      [Button] Props received: {
        variant: 'outline',
        size: 'lg',
        type: 'button',
        loading: false,
        disabled: undefined
      }

      at log (src/components/ui/Button.tsx:26:13)

    console.log
      [Button] Has onClick in props: true

      at log (src/components/ui/Button.tsx:27:13)

    console.log
      [Button] All props: {
        onClick: [AsyncFunction: handleSecondaryClick],
        'aria-describedby': 'cta-heading',
        'aria-label': 'Contact Us - Get more information about our tax preparation process'
      }

      at log (src/components/ui/Button.tsx:28:13)

    console.log
      [Button] Rendering with type: button

      at log (src/components/ui/Button.tsx:25:13)

    console.log
      [Button] Props received: {
        variant: 'primary',
        size: 'lg',
        type: 'button',
        loading: false,
        disabled: undefined
      }

      at log (src/components/ui/Button.tsx:26:13)

    console.log
      [Button] Has onClick in props: true

      at log (src/components/ui/Button.tsx:27:13)

    console.log
      [Button] All props: {
        onClick: [AsyncFunction: handlePrimaryClick],
        'aria-describedby': 'cta-heading',
        'aria-label': 'Continue - Begin your tax preparation process now'
      }

      at log (src/components/ui/Button.tsx:28:13)

    console.log
      [Button] Rendering with type: button

      at log (src/components/ui/Button.tsx:25:13)

    console.log
      [Button] Props received: {
        variant: 'outline',
        size: 'lg',
        type: 'button',
        loading: true,
        disabled: undefined
      }

      at log (src/components/ui/Button.tsx:26:13)

    console.log
      [Button] Has onClick in props: true

      at log (src/components/ui/Button.tsx:27:13)

    console.log
      [Button] All props: {
        onClick: [AsyncFunction: handleSecondaryClick],
        'aria-describedby': 'cta-heading',
        'aria-label': 'Contact Us - Get more information about our tax preparation process'
      }

      at log (src/components/ui/Button.tsx:28:13)

    console.error
      Warning: An update to CallToAction inside a test was not wrapped in act(...).
      
      When testing, code that causes React state updates should be wrapped into act(...):
      
      act(() => {
        /* fire events that update state */
      });
      /* assert on the output */
      
      This ensures that you're testing the behavior the user would see in the browser. Learn more at https://reactjs.org/link/wrap-tests-with-act
          at primaryText (/Users/ryan/Library/Mobile Documents/com~apple~CloudDocs/Documents/VSCode/Tax-App-Frontend/src/components/CallToAction.tsx:16:3)

      47 |
      48 |   const setSuccess = useCallback(() => {
    > 49 |     setState(prev => ({
         |     ^
      50 |       ...prev,
      51 |       success: true,
      52 |       isLoading: false,

      at printWarning (node_modules/react-dom/cjs/react-dom.development.js:86:30)
      at error (node_modules/react-dom/cjs/react-dom.development.js:60:7)
      at warnIfUpdatesNotWrappedWithActDEV (node_modules/react-dom/cjs/react-dom.development.js:27628:9)
      at scheduleUpdateOnFiber (node_modules/react-dom/cjs/react-dom.development.js:25547:5)
      at dispatchSetState (node_modules/react-dom/cjs/react-dom.development.js:16708:7)
      at setState (src/hooks/useLoadingState.ts:49:5)
      at Object.setSuccess [as executeAsync] (src/hooks/useLoadingState.ts:76:7)
      at handleSecondaryClick (src/components/CallToAction.tsx:48:5)

    console.log
      [Button] Rendering with type: button

      at log (src/components/ui/Button.tsx:25:13)

    console.log
      [Button] Props received: {
        variant: 'primary',
        size: 'lg',
        type: 'button',
        loading: false,
        disabled: undefined
      }

      at log (src/components/ui/Button.tsx:26:13)

    console.log
      [Button] Has onClick in props: true

      at log (src/components/ui/Button.tsx:27:13)

    console.log
      [Button] All props: {
        onClick: [AsyncFunction: handlePrimaryClick],
        'aria-describedby': 'cta-heading',
        'aria-label': 'Continue - Begin your tax preparation process now'
      }

      at log (src/components/ui/Button.tsx:28:13)

    console.log
      [Button] Rendering with type: button

      at log (src/components/ui/Button.tsx:25:13)

    console.log
      [Button] Props received: {
        variant: 'outline',
        size: 'lg',
        type: 'button',
        loading: false,
        disabled: undefined
      }

      at log (src/components/ui/Button.tsx:26:13)

    console.log
      [Button] Has onClick in props: true

      at log (src/components/ui/Button.tsx:27:13)

    console.log
      [Button] All props: {
        onClick: [AsyncFunction: handleSecondaryClick],
        'aria-describedby': 'cta-heading',
        'aria-label': 'Contact Us - Get more information about our tax preparation process'
      }

      at log (src/components/ui/Button.tsx:28:13)

    console.log
      [Button] Rendering with type: button

      at log (src/components/ui/Button.tsx:25:13)

    console.log
      [Button] Props received: {
        variant: 'primary',
        size: 'lg',
        type: 'button',
        loading: false,
        disabled: undefined
      }

      at log (src/components/ui/Button.tsx:26:13)

    console.log
      [Button] Has onClick in props: true

      at log (src/components/ui/Button.tsx:27:13)

    console.log
      [Button] All props: {
        onClick: [AsyncFunction: handlePrimaryClick],
        'aria-describedby': 'cta-heading',
        'aria-label': 'Learn More - Begin your tax preparation process now'
      }

      at log (src/components/ui/Button.tsx:28:13)

    console.log
      [Button] Rendering with type: button

      at log (src/components/ui/Button.tsx:25:13)

    console.log
      [Button] Props received: {
        variant: 'outline',
        size: 'lg',
        type: 'button',
        loading: false,
        disabled: undefined
      }

      at log (src/components/ui/Button.tsx:26:13)

    console.log
      [Button] Has onClick in props: true

      at log (src/components/ui/Button.tsx:27:13)

    console.log
      [Button] All props: {
        onClick: [AsyncFunction: handleSecondaryClick],
        'aria-describedby': 'cta-heading',
        'aria-label': 'Get Help - Get more information about our tax preparation process'
      }

      at log (src/components/ui/Button.tsx:28:13)

    console.log
      [Button] Rendering with type: button

      at log (src/components/ui/Button.tsx:25:13)

    console.log
      [Button] Props received: {
        variant: 'primary',
        size: 'lg',
        type: 'button',
        loading: false,
        disabled: undefined
      }

      at log (src/components/ui/Button.tsx:26:13)

    console.log
      [Button] Has onClick in props: true

      at log (src/components/ui/Button.tsx:27:13)

    console.log
      [Button] All props: {
        onClick: [AsyncFunction: handlePrimaryClick],
        'aria-describedby': 'cta-heading',
        'aria-label': 'Learn More - Begin your tax preparation process now'
      }

      at log (src/components/ui/Button.tsx:28:13)

    console.log
      [Button] Rendering with type: button

      at log (src/components/ui/Button.tsx:25:13)

    console.log
      [Button] Props received: {
        variant: 'outline',
        size: 'lg',
        type: 'button',
        loading: true,
        disabled: undefined
      }

      at log (src/components/ui/Button.tsx:26:13)

    console.log
      [Button] Has onClick in props: true

      at log (src/components/ui/Button.tsx:27:13)

    console.log
      [Button] All props: {
        onClick: [AsyncFunction: handleSecondaryClick],
        'aria-describedby': 'cta-heading',
        'aria-label': 'Get Help - Get more information about our tax preparation process'
      }

      at log (src/components/ui/Button.tsx:28:13)

    console.error
      Warning: An update to CallToAction inside a test was not wrapped in act(...).
      
      When testing, code that causes React state updates should be wrapped into act(...):
      
      act(() => {
        /* fire events that update state */
      });
      /* assert on the output */
      
      This ensures that you're testing the behavior the user would see in the browser. Learn more at https://reactjs.org/link/wrap-tests-with-act
          at primaryText (/Users/ryan/Library/Mobile Documents/com~apple~CloudDocs/Documents/VSCode/Tax-App-Frontend/src/components/CallToAction.tsx:16:3)

      47 |
      48 |   const setSuccess = useCallback(() => {
    > 49 |     setState(prev => ({
         |     ^
      50 |       ...prev,
      51 |       success: true,
      52 |       isLoading: false,

      at printWarning (node_modules/react-dom/cjs/react-dom.development.js:86:30)
      at error (node_modules/react-dom/cjs/react-dom.development.js:60:7)
      at warnIfUpdatesNotWrappedWithActDEV (node_modules/react-dom/cjs/react-dom.development.js:27628:9)
      at scheduleUpdateOnFiber (node_modules/react-dom/cjs/react-dom.development.js:25547:5)
      at dispatchSetState (node_modules/react-dom/cjs/react-dom.development.js:16708:7)
      at setState (src/hooks/useLoadingState.ts:49:5)
      at Object.setSuccess [as executeAsync] (src/hooks/useLoadingState.ts:76:7)
      at handleSecondaryClick (src/components/CallToAction.tsx:48:5)

    console.log
      [Button] Rendering with type: button

      at log (src/components/ui/Button.tsx:25:13)

    console.log
      [Button] Props received: {
        variant: 'primary',
        size: 'lg',
        type: 'button',
        loading: false,
        disabled: undefined
      }

      at log (src/components/ui/Button.tsx:26:13)

    console.log
      [Button] Has onClick in props: true

      at log (src/components/ui/Button.tsx:27:13)

    console.log
      [Button] All props: {
        onClick: [AsyncFunction: handlePrimaryClick],
        'aria-describedby': 'cta-heading',
        'aria-label': 'Learn More - Begin your tax preparation process now'
      }

      at log (src/components/ui/Button.tsx:28:13)

    console.log
      [Button] Rendering with type: button

      at log (src/components/ui/Button.tsx:25:13)

    console.log
      [Button] Props received: {
        variant: 'outline',
        size: 'lg',
        type: 'button',
        loading: false,
        disabled: undefined
      }

      at log (src/components/ui/Button.tsx:26:13)

    console.log
      [Button] Has onClick in props: true

      at log (src/components/ui/Button.tsx:27:13)

    console.log
      [Button] All props: {
        onClick: [AsyncFunction: handleSecondaryClick],
        'aria-describedby': 'cta-heading',
        'aria-label': 'Get Help - Get more information about our tax preparation process'
      }

      at log (src/components/ui/Button.tsx:28:13)

    console.log
      [Button] Rendering with type: button

      at log (src/components/ui/Button.tsx:25:13)

    console.log
      [Button] Props received: {
        variant: 'primary',
        size: 'lg',
        type: 'button',
        loading: false,
        disabled: undefined
      }

      at log (src/components/ui/Button.tsx:26:13)

    console.log
      [Button] Has onClick in props: true

      at log (src/components/ui/Button.tsx:27:13)

    console.log
      [Button] All props: {
        onClick: [AsyncFunction: handlePrimaryClick],
        'aria-describedby': 'cta-heading',
        'aria-label': 'Find Out - Begin your tax preparation process now'
      }

      at log (src/components/ui/Button.tsx:28:13)

    console.log
      [Button] Rendering with type: button

      at log (src/components/ui/Button.tsx:25:13)

    console.log
      [Button] Props received: {
        variant: 'outline',
        size: 'lg',
        type: 'button',
        loading: false,
        disabled: undefined
      }

      at log (src/components/ui/Button.tsx:26:13)

    console.log
      [Button] Has onClick in props: true

      at log (src/components/ui/Button.tsx:27:13)

    console.log
      [Button] All props: {
        onClick: [AsyncFunction: handleSecondaryClick],
        'aria-describedby': 'cta-heading',
        'aria-label': 'Assistance - Get more information about our tax preparation process'
      }

      at log (src/components/ui/Button.tsx:28:13)

    console.log
      [Button] Rendering with type: button

      at log (src/components/ui/Button.tsx:25:13)

    console.log
      [Button] Props received: {
        variant: 'primary',
        size: 'lg',
        type: 'button',
        loading: false,
        disabled: undefined
      }

      at log (src/components/ui/Button.tsx:26:13)

    console.log
      [Button] Has onClick in props: true

      at log (src/components/ui/Button.tsx:27:13)

    console.log
      [Button] All props: {
        onClick: [AsyncFunction: handlePrimaryClick],
        'aria-describedby': 'cta-heading',
        'aria-label': 'Find Out - Begin your tax preparation process now'
      }

      at log (src/components/ui/Button.tsx:28:13)

    console.log
      [Button] Rendering with type: button

      at log (src/components/ui/Button.tsx:25:13)

    console.log
      [Button] Props received: {
        variant: 'outline',
        size: 'lg',
        type: 'button',
        loading: true,
        disabled: undefined
      }

      at log (src/components/ui/Button.tsx:26:13)

    console.log
      [Button] Has onClick in props: true

      at log (src/components/ui/Button.tsx:27:13)

    console.log
      [Button] All props: {
        onClick: [AsyncFunction: handleSecondaryClick],
        'aria-describedby': 'cta-heading',
        'aria-label': 'Assistance - Get more information about our tax preparation process'
      }

      at log (src/components/ui/Button.tsx:28:13)

    console.error
      Warning: An update to CallToAction inside a test was not wrapped in act(...).
      
      When testing, code that causes React state updates should be wrapped into act(...):
      
      act(() => {
        /* fire events that update state */
      });
      /* assert on the output */
      
      This ensures that you're testing the behavior the user would see in the browser. Learn more at https://reactjs.org/link/wrap-tests-with-act
          at primaryText (/Users/ryan/Library/Mobile Documents/com~apple~CloudDocs/Documents/VSCode/Tax-App-Frontend/src/components/CallToAction.tsx:16:3)

      47 |
      48 |   const setSuccess = useCallback(() => {
    > 49 |     setState(prev => ({
         |     ^
      50 |       ...prev,
      51 |       success: true,
      52 |       isLoading: false,

      at printWarning (node_modules/react-dom/cjs/react-dom.development.js:86:30)
      at error (node_modules/react-dom/cjs/react-dom.development.js:60:7)
      at warnIfUpdatesNotWrappedWithActDEV (node_modules/react-dom/cjs/react-dom.development.js:27628:9)
      at scheduleUpdateOnFiber (node_modules/react-dom/cjs/react-dom.development.js:25547:5)
      at dispatchSetState (node_modules/react-dom/cjs/react-dom.development.js:16708:7)
      at setState (src/hooks/useLoadingState.ts:49:5)
      at Object.setSuccess [as executeAsync] (src/hooks/useLoadingState.ts:76:7)
      at handleSecondaryClick (src/components/CallToAction.tsx:48:5)

    console.log
      [Button] Rendering with type: button

      at log (src/components/ui/Button.tsx:25:13)

    console.log
      [Button] Props received: {
        variant: 'primary',
        size: 'lg',
        type: 'button',
        loading: false,
        disabled: undefined
      }

      at log (src/components/ui/Button.tsx:26:13)

    console.log
      [Button] Has onClick in props: true

      at log (src/components/ui/Button.tsx:27:13)

    console.log
      [Button] All props: {
        onClick: [AsyncFunction: handlePrimaryClick],
        'aria-describedby': 'cta-heading',
        'aria-label': 'Find Out - Begin your tax preparation process now'
      }

      at log (src/components/ui/Button.tsx:28:13)

    console.log
      [Button] Rendering with type: button

      at log (src/components/ui/Button.tsx:25:13)

    console.log
      [Button] Props received: {
        variant: 'outline',
        size: 'lg',
        type: 'button',
        loading: false,
        disabled: undefined
      }

      at log (src/components/ui/Button.tsx:26:13)

    console.log
      [Button] Has onClick in props: true

      at log (src/components/ui/Button.tsx:27:13)

    console.log
      [Button] All props: {
        onClick: [AsyncFunction: handleSecondaryClick],
        'aria-describedby': 'cta-heading',
        'aria-label': 'Assistance - Get more information about our tax preparation process'
      }

      at log (src/components/ui/Button.tsx:28:13)

    console.log
      [Button] Rendering with type: button

      at log (src/components/ui/Button.tsx:25:13)

    console.log
      [Button] Props received: {
        variant: 'primary',
        size: 'lg',
        type: 'button',
        loading: false,
        disabled: undefined
      }

      at log (src/components/ui/Button.tsx:26:13)

    console.log
      [Button] Has onClick in props: true

      at log (src/components/ui/Button.tsx:27:13)

    console.log
      [Button] All props: {
        onClick: [AsyncFunction: handlePrimaryClick],
        'aria-describedby': 'cta-heading',
        'aria-label': 'Find Out - Begin your tax preparation process now'
      }

      at log (src/components/ui/Button.tsx:28:13)

    console.log
      [Button] Rendering with type: button

      at log (src/components/ui/Button.tsx:25:13)

    console.log
      [Button] Props received: {
        variant: 'outline',
        size: 'lg',
        type: 'button',
        loading: false,
        disabled: undefined
      }

      at log (src/components/ui/Button.tsx:26:13)

    console.log
      [Button] Has onClick in props: true

      at log (src/components/ui/Button.tsx:27:13)

    console.log
      [Button] All props: {
        onClick: [AsyncFunction: handleSecondaryClick],
        'aria-describedby': 'cta-heading',
        'aria-label': 'Get Help - Get more information about our tax preparation process'
      }

      at log (src/components/ui/Button.tsx:28:13)

    console.log
      [Button] Rendering with type: button

      at log (src/components/ui/Button.tsx:25:13)

    console.log
      [Button] Props received: {
        variant: 'primary',
        size: 'lg',
        type: 'button',
        loading: false,
        disabled: undefined
      }

      at log (src/components/ui/Button.tsx:26:13)

    console.log
      [Button] Has onClick in props: true

      at log (src/components/ui/Button.tsx:27:13)

    console.log
      [Button] All props: {
        onClick: [AsyncFunction: handlePrimaryClick],
        'aria-describedby': 'cta-heading',
        'aria-label': 'Find Out - Begin your tax preparation process now'
      }

      at log (src/components/ui/Button.tsx:28:13)

    console.log
      [Button] Rendering with type: button

      at log (src/components/ui/Button.tsx:25:13)

    console.log
      [Button] Props received: {
        variant: 'outline',
        size: 'lg',
        type: 'button',
        loading: true,
        disabled: undefined
      }

      at log (src/components/ui/Button.tsx:26:13)

    console.log
      [Button] Has onClick in props: true

      at log (src/components/ui/Button.tsx:27:13)

    console.log
      [Button] All props: {
        onClick: [AsyncFunction: handleSecondaryClick],
        'aria-describedby': 'cta-heading',
        'aria-label': 'Get Help - Get more information about our tax preparation process'
      }

      at log (src/components/ui/Button.tsx:28:13)

    console.error
      Warning: An update to CallToAction inside a test was not wrapped in act(...).
      
      When testing, code that causes React state updates should be wrapped into act(...):
      
      act(() => {
        /* fire events that update state */
      });
      /* assert on the output */
      
      This ensures that you're testing the behavior the user would see in the browser. Learn more at https://reactjs.org/link/wrap-tests-with-act
          at primaryText (/Users/ryan/Library/Mobile Documents/com~apple~CloudDocs/Documents/VSCode/Tax-App-Frontend/src/components/CallToAction.tsx:16:3)

      47 |
      48 |   const setSuccess = useCallback(() => {
    > 49 |     setState(prev => ({
         |     ^
      50 |       ...prev,
      51 |       success: true,
      52 |       isLoading: false,

      at printWarning (node_modules/react-dom/cjs/react-dom.development.js:86:30)
      at error (node_modules/react-dom/cjs/react-dom.development.js:60:7)
      at warnIfUpdatesNotWrappedWithActDEV (node_modules/react-dom/cjs/react-dom.development.js:27628:9)
      at scheduleUpdateOnFiber (node_modules/react-dom/cjs/react-dom.development.js:25547:5)
      at dispatchSetState (node_modules/react-dom/cjs/react-dom.development.js:16708:7)
      at setState (src/hooks/useLoadingState.ts:49:5)
      at Object.setSuccess [as executeAsync] (src/hooks/useLoadingState.ts:76:7)
      at handleSecondaryClick (src/components/CallToAction.tsx:48:5)

    console.log
      [Button] Rendering with type: button

      at log (src/components/ui/Button.tsx:25:13)

    console.log
      [Button] Props received: {
        variant: 'primary',
        size: 'lg',
        type: 'button',
        loading: false,
        disabled: undefined
      }

      at log (src/components/ui/Button.tsx:26:13)

    console.log
      [Button] Has onClick in props: true

      at log (src/components/ui/Button.tsx:27:13)

    console.log
      [Button] All props: {
        onClick: [AsyncFunction: handlePrimaryClick],
        'aria-describedby': 'cta-heading',
        'aria-label': 'Find Out - Begin your tax preparation process now'
      }

      at log (src/components/ui/Button.tsx:28:13)

    console.log
      [Button] Rendering with type: button

      at log (src/components/ui/Button.tsx:25:13)

    console.log
      [Button] Props received: {
        variant: 'outline',
        size: 'lg',
        type: 'button',
        loading: false,
        disabled: undefined
      }

      at log (src/components/ui/Button.tsx:26:13)

    console.log
      [Button] Has onClick in props: true

      at log (src/components/ui/Button.tsx:27:13)

    console.log
      [Button] All props: {
        onClick: [AsyncFunction: handleSecondaryClick],
        'aria-describedby': 'cta-heading',
        'aria-label': 'Get Help - Get more information about our tax preparation process'
      }

      at log (src/components/ui/Button.tsx:28:13)

    console.log
      [Button] Rendering with type: button

      at log (src/components/ui/Button.tsx:25:13)

    console.log
      [Button] Props received: {
        variant: 'primary',
        size: 'lg',
        type: 'button',
        loading: false,
        disabled: undefined
      }

      at log (src/components/ui/Button.tsx:26:13)

    console.log
      [Button] Has onClick in props: true

      at log (src/components/ui/Button.tsx:27:13)

    console.log
      [Button] All props: {
        onClick: [AsyncFunction: handlePrimaryClick],
        'aria-describedby': 'cta-heading',
        'aria-label': 'Learn More - Begin your tax preparation process now'
      }

      at log (src/components/ui/Button.tsx:28:13)

    console.log
      [Button] Rendering with type: button

      at log (src/components/ui/Button.tsx:25:13)

    console.log
      [Button] Props received: {
        variant: 'outline',
        size: 'lg',
        type: 'button',
        loading: false,
        disabled: undefined
      }

      at log (src/components/ui/Button.tsx:26:13)

    console.log
      [Button] Has onClick in props: true

      at log (src/components/ui/Button.tsx:27:13)

    console.log
      [Button] All props: {
        onClick: [AsyncFunction: handleSecondaryClick],
        'aria-describedby': 'cta-heading',
        'aria-label': 'Get Help - Get more information about our tax preparation process'
      }

      at log (src/components/ui/Button.tsx:28:13)

    console.log
      [Button] Rendering with type: button

      at log (src/components/ui/Button.tsx:25:13)

    console.log
      [Button] Props received: {
        variant: 'primary',
        size: 'lg',
        type: 'button',
        loading: false,
        disabled: undefined
      }

      at log (src/components/ui/Button.tsx:26:13)

    console.log
      [Button] Has onClick in props: true

      at log (src/components/ui/Button.tsx:27:13)

    console.log
      [Button] All props: {
        onClick: [AsyncFunction: handlePrimaryClick],
        'aria-describedby': 'cta-heading',
        'aria-label': 'Learn More - Begin your tax preparation process now'
      }

      at log (src/components/ui/Button.tsx:28:13)

    console.log
      [Button] Rendering with type: button

      at log (src/components/ui/Button.tsx:25:13)

    console.log
      [Button] Props received: {
        variant: 'outline',
        size: 'lg',
        type: 'button',
        loading: true,
        disabled: undefined
      }

      at log (src/components/ui/Button.tsx:26:13)

    console.log
      [Button] Has onClick in props: true

      at log (src/components/ui/Button.tsx:27:13)

    console.log
      [Button] All props: {
        onClick: [AsyncFunction: handleSecondaryClick],
        'aria-describedby': 'cta-heading',
        'aria-label': 'Get Help - Get more information about our tax preparation process'
      }

      at log (src/components/ui/Button.tsx:28:13)

    console.error
      Warning: An update to CallToAction inside a test was not wrapped in act(...).
      
      When testing, code that causes React state updates should be wrapped into act(...):
      
      act(() => {
        /* fire events that update state */
      });
      /* assert on the output */
      
      This ensures that you're testing the behavior the user would see in the browser. Learn more at https://reactjs.org/link/wrap-tests-with-act
          at primaryText (/Users/ryan/Library/Mobile Documents/com~apple~CloudDocs/Documents/VSCode/Tax-App-Frontend/src/components/CallToAction.tsx:16:3)

      47 |
      48 |   const setSuccess = useCallback(() => {
    > 49 |     setState(prev => ({
         |     ^
      50 |       ...prev,
      51 |       success: true,
      52 |       isLoading: false,

      at printWarning (node_modules/react-dom/cjs/react-dom.development.js:86:30)
      at error (node_modules/react-dom/cjs/react-dom.development.js:60:7)
      at warnIfUpdatesNotWrappedWithActDEV (node_modules/react-dom/cjs/react-dom.development.js:27628:9)
      at scheduleUpdateOnFiber (node_modules/react-dom/cjs/react-dom.development.js:25547:5)
      at dispatchSetState (node_modules/react-dom/cjs/react-dom.development.js:16708:7)
      at setState (src/hooks/useLoadingState.ts:49:5)
      at Object.setSuccess [as executeAsync] (src/hooks/useLoadingState.ts:76:7)
      at handleSecondaryClick (src/components/CallToAction.tsx:48:5)

    console.log
      [Button] Rendering with type: button

      at log (src/components/ui/Button.tsx:25:13)

    console.log
      [Button] Props received: {
        variant: 'primary',
        size: 'lg',
        type: 'button',
        loading: false,
        disabled: undefined
      }

      at log (src/components/ui/Button.tsx:26:13)

    console.log
      [Button] Has onClick in props: true

      at log (src/components/ui/Button.tsx:27:13)

    console.log
      [Button] All props: {
        onClick: [AsyncFunction: handlePrimaryClick],
        'aria-describedby': 'cta-heading',
        'aria-label': 'Learn More - Begin your tax preparation process now'
      }

      at log (src/components/ui/Button.tsx:28:13)

    console.log
      [Button] Rendering with type: button

      at log (src/components/ui/Button.tsx:25:13)

    console.log
      [Button] Props received: {
        variant: 'outline',
        size: 'lg',
        type: 'button',
        loading: false,
        disabled: undefined
      }

      at log (src/components/ui/Button.tsx:26:13)

    console.log
      [Button] Has onClick in props: true

      at log (src/components/ui/Button.tsx:27:13)

    console.log
      [Button] All props: {
        onClick: [AsyncFunction: handleSecondaryClick],
        'aria-describedby': 'cta-heading',
        'aria-label': 'Get Help - Get more information about our tax preparation process'
      }

      at log (src/components/ui/Button.tsx:28:13)

    console.log
      [Button] Rendering with type: button

      at log (src/components/ui/Button.tsx:25:13)

    console.log
      [Button] Props received: {
        variant: 'primary',
        size: 'lg',
        type: 'button',
        loading: false,
        disabled: undefined
      }

      at log (src/components/ui/Button.tsx:26:13)

    console.log
      [Button] Has onClick in props: true

      at log (src/components/ui/Button.tsx:27:13)

    console.log
      [Button] All props: {
        onClick: [AsyncFunction: handlePrimaryClick],
        'aria-describedby': 'cta-heading',
        'aria-label': 'Proceed - Begin your tax preparation process now'
      }

      at log (src/components/ui/Button.tsx:28:13)

    console.log
      [Button] Rendering with type: button

      at log (src/components/ui/Button.tsx:25:13)

    console.log
      [Button] Props received: {
        variant: 'outline',
        size: 'lg',
        type: 'button',
        loading: false,
        disabled: undefined
      }

      at log (src/components/ui/Button.tsx:26:13)

    console.log
      [Button] Has onClick in props: true

      at log (src/components/ui/Button.tsx:27:13)

    console.log
      [Button] All props: {
        onClick: [AsyncFunction: handleSecondaryClick],
        'aria-describedby': 'cta-heading',
        'aria-label': 'Explore - Get more information about our tax preparation process'
      }

      at log (src/components/ui/Button.tsx:28:13)

    console.log
      [Button] Rendering with type: button

      at log (src/components/ui/Button.tsx:25:13)

    console.log
      [Button] Props received: {
        variant: 'primary',
        size: 'lg',
        type: 'button',
        loading: false,
        disabled: undefined
      }

      at log (src/components/ui/Button.tsx:26:13)

    console.log
      [Button] Has onClick in props: true

      at log (src/components/ui/Button.tsx:27:13)

    console.log
      [Button] All props: {
        onClick: [AsyncFunction: handlePrimaryClick],
        'aria-describedby': 'cta-heading',
        'aria-label': 'Find Out - Begin your tax preparation process now'
      }

      at log (src/components/ui/Button.tsx:28:13)

    console.log
      [Button] Rendering with type: button

      at log (src/components/ui/Button.tsx:25:13)

    console.log
      [Button] Props received: {
        variant: 'outline',
        size: 'lg',
        type: 'button',
        loading: false,
        disabled: undefined
      }

      at log (src/components/ui/Button.tsx:26:13)

    console.log
      [Button] Has onClick in props: true

      at log (src/components/ui/Button.tsx:27:13)

    console.log
      [Button] All props: {
        onClick: [AsyncFunction: handleSecondaryClick],
        'aria-describedby': 'cta-heading',
        'aria-label': 'Support - Get more information about our tax preparation process'
      }

      at log (src/components/ui/Button.tsx:28:13)

    console.log
      [Button] Rendering with type: button

      at log (src/components/ui/Button.tsx:25:13)

    console.log
      [Button] Props received: {
        variant: 'primary',
        size: 'lg',
        type: 'button',
        loading: false,
        disabled: undefined
      }

      at log (src/components/ui/Button.tsx:26:13)

    console.log
      [Button] Has onClick in props: true

      at log (src/components/ui/Button.tsx:27:13)

    console.log
      [Button] All props: {
        onClick: [AsyncFunction: handlePrimaryClick],
        'aria-describedby': 'cta-heading',
        'aria-label': 'Proceed - Begin your tax preparation process now'
      }

      at log (src/components/ui/Button.tsx:28:13)

    console.log
      [Button] Rendering with type: button

      at log (src/components/ui/Button.tsx:25:13)

    console.log
      [Button] Props received: {
        variant: 'outline',
        size: 'lg',
        type: 'button',
        loading: false,
        disabled: undefined
      }

      at log (src/components/ui/Button.tsx:26:13)

    console.log
      [Button] Has onClick in props: true

      at log (src/components/ui/Button.tsx:27:13)

    console.log
      [Button] All props: {
        onClick: [AsyncFunction: handleSecondaryClick],
        'aria-describedby': 'cta-heading',
        'aria-label': 'Support - Get more information about our tax preparation process'
      }

      at log (src/components/ui/Button.tsx:28:13)

    console.log
      [Button] Rendering with type: button

      at log (src/components/ui/Button.tsx:25:13)

    console.log
      [Button] Props received: {
        variant: 'primary',
        size: 'lg',
        type: 'button',
        loading: false,
        disabled: undefined
      }

      at log (src/components/ui/Button.tsx:26:13)

    console.log
      [Button] Has onClick in props: true

      at log (src/components/ui/Button.tsx:27:13)

    console.log
      [Button] All props: {
        onClick: [AsyncFunction: handlePrimaryClick],
        'aria-describedby': 'cta-heading',
        'aria-label': 'Find Out - Begin your tax preparation process now'
      }

      at log (src/components/ui/Button.tsx:28:13)

    console.log
      [Button] Rendering with type: button

      at log (src/components/ui/Button.tsx:25:13)

    console.log
      [Button] Props received: {
        variant: 'outline',
        size: 'lg',
        type: 'button',
        loading: false,
        disabled: undefined
      }

      at log (src/components/ui/Button.tsx:26:13)

    console.log
      [Button] Has onClick in props: true

      at log (src/components/ui/Button.tsx:27:13)

    console.log
      [Button] All props: {
        onClick: [AsyncFunction: handleSecondaryClick],
        'aria-describedby': 'cta-heading',
        'aria-label': 'Read More - Get more information about our tax preparation process'
      }

      at log (src/components/ui/Button.tsx:28:13)

    console.log
      [Button] Rendering with type: button

      at log (src/components/ui/Button.tsx:25:13)

    console.log
      [Button] Props received: {
        variant: 'primary',
        size: 'lg',
        type: 'button',
        loading: false,
        disabled: undefined
      }

      at log (src/components/ui/Button.tsx:26:13)

    console.log
      [Button] Has onClick in props: true

      at log (src/components/ui/Button.tsx:27:13)

    console.log
      [Button] All props: {
        onClick: [AsyncFunction: handlePrimaryClick],
        'aria-describedby': 'cta-heading',
        'aria-label': 'Proceed - Begin your tax preparation process now'
      }

      at log (src/components/ui/Button.tsx:28:13)

    console.log
      [Button] Rendering with type: button

      at log (src/components/ui/Button.tsx:25:13)

    console.log
      [Button] Props received: {
        variant: 'outline',
        size: 'lg',
        type: 'button',
        loading: false,
        disabled: undefined
      }

      at log (src/components/ui/Button.tsx:26:13)

    console.log
      [Button] Has onClick in props: true

      at log (src/components/ui/Button.tsx:27:13)

    console.log
      [Button] All props: {
        onClick: [AsyncFunction: handleSecondaryClick],
        'aria-describedby': 'cta-heading',
        'aria-label': 'Read More - Get more information about our tax preparation process'
      }

      at log (src/components/ui/Button.tsx:28:13)

    console.log
      [Button] Rendering with type: button

      at log (src/components/ui/Button.tsx:25:13)

    console.log
      [Button] Props received: {
        variant: 'primary',
        size: 'lg',
        type: 'button',
        loading: false,
        disabled: undefined
      }

      at log (src/components/ui/Button.tsx:26:13)

    console.log
      [Button] Has onClick in props: true

      at log (src/components/ui/Button.tsx:27:13)

    console.log
      [Button] All props: {
        onClick: [AsyncFunction: handlePrimaryClick],
        'aria-describedby': 'cta-heading',
        'aria-label': 'Continue - Begin your tax preparation process now'
      }

      at log (src/components/ui/Button.tsx:28:13)

    console.log
      [Button] Rendering with type: button

      at log (src/components/ui/Button.tsx:25:13)

    console.log
      [Button] Props received: {
        variant: 'outline',
        size: 'lg',
        type: 'button',
        loading: false,
        disabled: undefined
      }

      at log (src/components/ui/Button.tsx:26:13)

    console.log
      [Button] Has onClick in props: true

      at log (src/components/ui/Button.tsx:27:13)

    console.log
      [Button] All props: {
        onClick: [AsyncFunction: handleSecondaryClick],
        'aria-describedby': 'cta-heading',
        'aria-label': 'Help Center - Get more information about our tax preparation process'
      }

      at log (src/components/ui/Button.tsx:28:13)

    console.log
      [Button] Rendering with type: button

      at log (src/components/ui/Button.tsx:25:13)

    console.log
      [Button] Props received: {
        variant: 'primary',
        size: 'lg',
        type: 'button',
        loading: false,
        disabled: undefined
      }

      at log (src/components/ui/Button.tsx:26:13)

    console.log
      [Button] Has onClick in props: true

      at log (src/components/ui/Button.tsx:27:13)

    console.log
      [Button] All props: {
        onClick: [AsyncFunction: handlePrimaryClick],
        'aria-describedby': 'cta-heading',
        'aria-label': 'Proceed - Begin your tax preparation process now'
      }

      at log (src/components/ui/Button.tsx:28:13)

    console.log
      [Button] Rendering with type: button

      at log (src/components/ui/Button.tsx:25:13)

    console.log
      [Button] Props received: {
        variant: 'outline',
        size: 'lg',
        type: 'button',
        loading: false,
        disabled: undefined
      }

      at log (src/components/ui/Button.tsx:26:13)

    console.log
      [Button] Has onClick in props: true

      at log (src/components/ui/Button.tsx:27:13)

    console.log
      [Button] All props: {
        onClick: [AsyncFunction: handleSecondaryClick],
        'aria-describedby': 'cta-heading',
        'aria-label': 'Get Help - Get more information about our tax preparation process'
      }

      at log (src/components/ui/Button.tsx:28:13)

    console.log
      [Button] Rendering with type: button

      at log (src/components/ui/Button.tsx:25:13)

    console.log
      [Button] Props received: {
        variant: 'primary',
        size: 'lg',
        type: 'button',
        loading: false,
        disabled: undefined
      }

      at log (src/components/ui/Button.tsx:26:13)

    console.log
      [Button] Has onClick in props: true

      at log (src/components/ui/Button.tsx:27:13)

    console.log
      [Button] All props: {
        onClick: [AsyncFunction: handlePrimaryClick],
        'aria-describedby': 'cta-heading',
        'aria-label': 'Begin Process - Begin your tax preparation process now'
      }

      at log (src/components/ui/Button.tsx:28:13)

    console.log
      [Button] Rendering with type: button

      at log (src/components/ui/Button.tsx:25:13)

    console.log
      [Button] Props received: {
        variant: 'outline',
        size: 'lg',
        type: 'button',
        loading: false,
        disabled: undefined
      }

      at log (src/components/ui/Button.tsx:26:13)

    console.log
      [Button] Has onClick in props: true

      at log (src/components/ui/Button.tsx:27:13)

    console.log
      [Button] All props: {
        onClick: [AsyncFunction: handleSecondaryClick],
        'aria-describedby': 'cta-heading',
        'aria-label': 'Support - Get more information about our tax preparation process'
      }

      at log (src/components/ui/Button.tsx:28:13)

    console.log
      [Button] Rendering with type: button

      at log (src/components/ui/Button.tsx:25:13)

    console.log
      [Button] Props received: {
        variant: 'primary',
        size: 'lg',
        type: 'button',
        loading: false,
        disabled: undefined
      }

      at log (src/components/ui/Button.tsx:26:13)

    console.log
      [Button] Has onClick in props: true

      at log (src/components/ui/Button.tsx:27:13)

    console.log
      [Button] All props: {
        onClick: [AsyncFunction: handlePrimaryClick],
        'aria-describedby': 'cta-heading',
        'aria-label': 'Continue - Begin your tax preparation process now'
      }

      at log (src/components/ui/Button.tsx:28:13)

    console.log
      [Button] Rendering with type: button

      at log (src/components/ui/Button.tsx:25:13)

    console.log
      [Button] Props received: {
        variant: 'outline',
        size: 'lg',
        type: 'button',
        loading: false,
        disabled: undefined
      }

      at log (src/components/ui/Button.tsx:26:13)

    console.log
      [Button] Has onClick in props: true

      at log (src/components/ui/Button.tsx:27:13)

    console.log
      [Button] All props: {
        onClick: [AsyncFunction: handleSecondaryClick],
        'aria-describedby': 'cta-heading',
        'aria-label': 'Explore - Get more information about our tax preparation process'
      }

      at log (src/components/ui/Button.tsx:28:13)

    console.log
      [Button] Rendering with type: button

      at log (src/components/ui/Button.tsx:25:13)

    console.log
      [Button] Props received: {
        variant: 'primary',
        size: 'lg',
        type: 'button',
        loading: false,
        disabled: undefined
      }

      at log (src/components/ui/Button.tsx:26:13)

    console.log
      [Button] Has onClick in props: true

      at log (src/components/ui/Button.tsx:27:13)

    console.log
      [Button] All props: {
        onClick: [AsyncFunction: handlePrimaryClick],
        'aria-describedby': 'cta-heading',
        'aria-label': 'Discover - Begin your tax preparation process now'
      }

      at log (src/components/ui/Button.tsx:28:13)

    console.log
      [Button] Rendering with type: button

      at log (src/components/ui/Button.tsx:25:13)

    console.log
      [Button] Props received: {
        variant: 'outline',
        size: 'lg',
        type: 'button',
        loading: false,
        disabled: undefined
      }

      at log (src/components/ui/Button.tsx:26:13)

    console.log
      [Button] Has onClick in props: true

      at log (src/components/ui/Button.tsx:27:13)

    console.log
      [Button] All props: {
        onClick: [AsyncFunction: handleSecondaryClick],
        'aria-describedby': 'cta-heading',
        'aria-label': 'Help Center - Get more information about our tax preparation process'
      }

      at log (src/components/ui/Button.tsx:28:13)

    console.log
      [Button] Rendering with type: button

      at log (src/components/ui/Button.tsx:25:13)

    console.log
      [Button] Props received: {
        variant: 'primary',
        size: 'lg',
        type: 'button',
        loading: false,
        disabled: undefined
      }

      at log (src/components/ui/Button.tsx:26:13)

    console.log
      [Button] Has onClick in props: true

      at log (src/components/ui/Button.tsx:27:13)

    console.log
      [Button] All props: {
        onClick: [AsyncFunction: handlePrimaryClick],
        'aria-describedby': 'cta-heading',
        'aria-label': 'Discover - Begin your tax preparation process now'
      }

      at log (src/components/ui/Button.tsx:28:13)

    console.log
      [Button] Rendering with type: button

      at log (src/components/ui/Button.tsx:25:13)

    console.log
      [Button] Props received: {
        variant: 'outline',
        size: 'lg',
        type: 'button',
        loading: false,
        disabled: undefined
      }

      at log (src/components/ui/Button.tsx:26:13)

    console.log
      [Button] Has onClick in props: true

      at log (src/components/ui/Button.tsx:27:13)

    console.log
      [Button] All props: {
        onClick: [AsyncFunction: handleSecondaryClick],
        'aria-describedby': 'cta-heading',
        'aria-label': 'Read More - Get more information about our tax preparation process'
      }

      at log (src/components/ui/Button.tsx:28:13)

    console.log
      [Button] Rendering with type: button

      at log (src/components/ui/Button.tsx:25:13)

    console.log
      [Button] Props received: {
        variant: 'primary',
        size: 'lg',
        type: 'button',
        loading: false,
        disabled: undefined
      }

      at log (src/components/ui/Button.tsx:26:13)

    console.log
      [Button] Has onClick in props: true

      at log (src/components/ui/Button.tsx:27:13)

    console.log
      [Button] All props: {
        onClick: [AsyncFunction: handlePrimaryClick],
        'aria-describedby': 'cta-heading',
        'aria-label': 'Continue - Begin your tax preparation process now'
      }

      at log (src/components/ui/Button.tsx:28:13)

    console.log
      [Button] Rendering with type: button

      at log (src/components/ui/Button.tsx:25:13)

    console.log
      [Button] Props received: {
        variant: 'outline',
        size: 'lg',
        type: 'button',
        loading: false,
        disabled: undefined
      }

      at log (src/components/ui/Button.tsx:26:13)

    console.log
      [Button] Has onClick in props: true

      at log (src/components/ui/Button.tsx:27:13)

    console.log
      [Button] All props: {
        onClick: [AsyncFunction: handleSecondaryClick],
        'aria-describedby': 'cta-heading',
        'aria-label': 'Get Help - Get more information about our tax preparation process'
      }

      at log (src/components/ui/Button.tsx:28:13)

    console.log
      [Button] Rendering with type: button

      at log (src/components/ui/Button.tsx:25:13)

    console.log
      [Button] Props received: {
        variant: 'primary',
        size: 'lg',
        type: 'button',
        loading: false,
        disabled: undefined
      }

      at log (src/components/ui/Button.tsx:26:13)

    console.log
      [Button] Has onClick in props: true

      at log (src/components/ui/Button.tsx:27:13)

    console.log
      [Button] All props: {
        onClick: [AsyncFunction: handlePrimaryClick],
        'aria-describedby': 'cta-heading',
        'aria-label': 'Begin Process - Begin your tax preparation process now'
      }

      at log (src/components/ui/Button.tsx:28:13)

    console.log
      [Button] Rendering with type: button

      at log (src/components/ui/Button.tsx:25:13)

    console.log
      [Button] Props received: {
        variant: 'outline',
        size: 'lg',
        type: 'button',
        loading: false,
        disabled: undefined
      }

      at log (src/components/ui/Button.tsx:26:13)

    console.log
      [Button] Has onClick in props: true

      at log (src/components/ui/Button.tsx:27:13)

    console.log
      [Button] All props: {
        onClick: [AsyncFunction: handleSecondaryClick],
        'aria-describedby': 'cta-heading',
        'aria-label': 'Contact Us - Get more information about our tax preparation process'
      }

      at log (src/components/ui/Button.tsx:28:13)

    console.log
      [Button] Rendering with type: button

      at log (src/components/ui/Button.tsx:25:13)

    console.log
      [Button] Props received: {
        variant: 'primary',
        size: 'lg',
        type: 'button',
        loading: false,
        disabled: undefined
      }

      at log (src/components/ui/Button.tsx:26:13)

    console.log
      [Button] Has onClick in props: true

      at log (src/components/ui/Button.tsx:27:13)

    console.log
      [Button] All props: {
        onClick: [AsyncFunction: handlePrimaryClick],
        'aria-describedby': 'cta-heading',
        'aria-label': 'Discover - Begin your tax preparation process now'
      }

      at log (src/components/ui/Button.tsx:28:13)

    console.log
      [Button] Rendering with type: button

      at log (src/components/ui/Button.tsx:25:13)

    console.log
      [Button] Props received: {
        variant: 'outline',
        size: 'lg',
        type: 'button',
        loading: false,
        disabled: undefined
      }

      at log (src/components/ui/Button.tsx:26:13)

    console.log
      [Button] Has onClick in props: true

      at log (src/components/ui/Button.tsx:27:13)

    console.log
      [Button] All props: {
        onClick: [AsyncFunction: handleSecondaryClick],
        'aria-describedby': 'cta-heading',
        'aria-label': 'Assistance - Get more information about our tax preparation process'
      }

      at log (src/components/ui/Button.tsx:28:13)

    console.log
      [Button] Rendering with type: button

      at log (src/components/ui/Button.tsx:25:13)

    console.log
      [Button] Props received: {
        variant: 'primary',
        size: 'lg',
        type: 'button',
        loading: false,
        disabled: undefined
      }

      at log (src/components/ui/Button.tsx:26:13)

    console.log
      [Button] Has onClick in props: true

      at log (src/components/ui/Button.tsx:27:13)

    console.log
      [Button] All props: {
        onClick: [AsyncFunction: handlePrimaryClick],
        'aria-describedby': 'cta-heading',
        'aria-label': 'Get Started - Begin your tax preparation process now'
      }

      at log (src/components/ui/Button.tsx:28:13)

    console.log
      [Button] Rendering with type: button

      at log (src/components/ui/Button.tsx:25:13)

    console.log
      [Button] Props received: {
        variant: 'outline',
        size: 'lg',
        type: 'button',
        loading: false,
        disabled: undefined
      }

      at log (src/components/ui/Button.tsx:26:13)

    console.log
      [Button] Has onClick in props: true

      at log (src/components/ui/Button.tsx:27:13)

    console.log
      [Button] All props: {
        onClick: [AsyncFunction: handleSecondaryClick],
        'aria-describedby': 'cta-heading',
        'aria-label': 'Support - Get more information about our tax preparation process'
      }

      at log (src/components/ui/Button.tsx:28:13)

    console.log
      [Button] Rendering with type: button

      at log (src/components/ui/Button.tsx:25:13)

    console.log
      [Button] Props received: {
        variant: 'primary',
        size: 'lg',
        type: 'button',
        loading: false,
        disabled: undefined
      }

      at log (src/components/ui/Button.tsx:26:13)

    console.log
      [Button] Has onClick in props: true

      at log (src/components/ui/Button.tsx:27:13)

    console.log
      [Button] All props: {
        onClick: [AsyncFunction: handlePrimaryClick],
        'aria-describedby': 'cta-heading',
        'aria-label': 'Begin Process - Begin your tax preparation process now'
      }

      at log (src/components/ui/Button.tsx:28:13)

    console.log
      [Button] Rendering with type: button

      at log (src/components/ui/Button.tsx:25:13)

    console.log
      [Button] Props received: {
        variant: 'outline',
        size: 'lg',
        type: 'button',
        loading: false,
        disabled: undefined
      }

      at log (src/components/ui/Button.tsx:26:13)

    console.log
      [Button] Has onClick in props: true

      at log (src/components/ui/Button.tsx:27:13)

    console.log
      [Button] All props: {
        onClick: [AsyncFunction: handleSecondaryClick],
        'aria-describedby': 'cta-heading',
        'aria-label': 'Submit - Get more information about our tax preparation process'
      }

      at log (src/components/ui/Button.tsx:28:13)

    console.log
      [Button] Rendering with type: button

      at log (src/components/ui/Button.tsx:25:13)

    console.log
      [Button] Props received: {
        variant: 'primary',
        size: 'lg',
        type: 'button',
        loading: false,
        disabled: undefined
      }

      at log (src/components/ui/Button.tsx:26:13)

    console.log
      [Button] Has onClick in props: true

      at log (src/components/ui/Button.tsx:27:13)

    console.log
      [Button] All props: {
        onClick: [AsyncFunction: handlePrimaryClick],
        'aria-describedby': 'cta-heading',
        'aria-label': 'Continue - Begin your tax preparation process now'
      }

      at log (src/components/ui/Button.tsx:28:13)

    console.log
      [Button] Rendering with type: button

      at log (src/components/ui/Button.tsx:25:13)

    console.log
      [Button] Props received: {
        variant: 'outline',
        size: 'lg',
        type: 'button',
        loading: false,
        disabled: undefined
      }

      at log (src/components/ui/Button.tsx:26:13)

    console.log
      [Button] Has onClick in props: true

      at log (src/components/ui/Button.tsx:27:13)

    console.log
      [Button] All props: {
        onClick: [AsyncFunction: handleSecondaryClick],
        'aria-describedby': 'cta-heading',
        'aria-label': 'Support - Get more information about our tax preparation process'
      }

      at log (src/components/ui/Button.tsx:28:13)

    console.log
      [Button] Rendering with type: button

      at log (src/components/ui/Button.tsx:25:13)

    console.log
      [Button] Props received: {
        variant: 'primary',
        size: 'lg',
        type: 'button',
        loading: false,
        disabled: undefined
      }

      at log (src/components/ui/Button.tsx:26:13)

    console.log
      [Button] Has onClick in props: true

      at log (src/components/ui/Button.tsx:27:13)

    console.log
      [Button] All props: {
        onClick: [AsyncFunction: handlePrimaryClick],
        'aria-describedby': 'cta-heading',
        'aria-label': 'Start Now - Begin your tax preparation process now'
      }

      at log (src/components/ui/Button.tsx:28:13)

    console.log
      [Button] Rendering with type: button

      at log (src/components/ui/Button.tsx:25:13)

    console.log
      [Button] Props received: {
        variant: 'outline',
        size: 'lg',
        type: 'button',
        loading: false,
        disabled: undefined
      }

      at log (src/components/ui/Button.tsx:26:13)

    console.log
      [Button] Has onClick in props: true

      at log (src/components/ui/Button.tsx:27:13)

    console.log
      [Button] All props: {
        onClick: [AsyncFunction: handleSecondaryClick],
        'aria-describedby': 'cta-heading',
        'aria-label': 'Explore - Get more information about our tax preparation process'
      }

      at log (src/components/ui/Button.tsx:28:13)

    console.log
      [Button] Rendering with type: button

      at log (src/components/ui/Button.tsx:25:13)

    console.log
      [Button] Props received: {
        variant: 'primary',
        size: 'lg',
        type: 'button',
        loading: false,
        disabled: undefined
      }

      at log (src/components/ui/Button.tsx:26:13)

    console.log
      [Button] Has onClick in props: true

      at log (src/components/ui/Button.tsx:27:13)

    console.log
      [Button] All props: {
        onClick: [AsyncFunction: handlePrimaryClick],
        'aria-describedby': 'cta-heading',
        'aria-label': 'Begin Process - Begin your tax preparation process now'
      }

      at log (src/components/ui/Button.tsx:28:13)

    console.log
      [Button] Rendering with type: button

      at log (src/components/ui/Button.tsx:25:13)

    console.log
      [Button] Props received: {
        variant: 'outline',
        size: 'lg',
        type: 'button',
        loading: false,
        disabled: undefined
      }

      at log (src/components/ui/Button.tsx:26:13)

    console.log
      [Button] Has onClick in props: true

      at log (src/components/ui/Button.tsx:27:13)

    console.log
      [Button] All props: {
        onClick: [AsyncFunction: handleSecondaryClick],
        'aria-describedby': 'cta-heading',
        'aria-label': 'Support - Get more information about our tax preparation process'
      }

      at log (src/components/ui/Button.tsx:28:13)

    console.log
      [Button] Rendering with type: button

      at log (src/components/ui/Button.tsx:25:13)

    console.log
      [Button] Props received: {
        variant: 'primary',
        size: 'lg',
        type: 'button',
        loading: false,
        disabled: undefined
      }

      at log (src/components/ui/Button.tsx:26:13)

    console.log
      [Button] Has onClick in props: true

      at log (src/components/ui/Button.tsx:27:13)

    console.log
      [Button] All props: {
        onClick: [AsyncFunction: handlePrimaryClick],
        'aria-describedby': 'cta-heading',
        'aria-label': 'Start Now - Begin your tax preparation process now'
      }

      at log (src/components/ui/Button.tsx:28:13)

    console.log
      [Button] Rendering with type: button

      at log (src/components/ui/Button.tsx:25:13)

    console.log
      [Button] Props received: {
        variant: 'outline',
        size: 'lg',
        type: 'button',
        loading: false,
        disabled: undefined
      }

      at log (src/components/ui/Button.tsx:26:13)

    console.log
      [Button] Has onClick in props: true

      at log (src/components/ui/Button.tsx:27:13)

    console.log
      [Button] All props: {
        onClick: [AsyncFunction: handleSecondaryClick],
        'aria-describedby': 'cta-heading',
        'aria-label': 'Explore - Get more information about our tax preparation process'
      }

      at log (src/components/ui/Button.tsx:28:13)

PASS src/components/EssentialContent.test.tsx
  ● Console

    console.log
      [Button] Rendering with type: button

      at log (src/components/ui/Button.tsx:25:13)

    console.log
      [Button] Props received: {
        variant: 'primary',
        size: 'lg',
        type: 'button',
        loading: false,
        disabled: undefined
      }

      at log (src/components/ui/Button.tsx:26:13)

    console.log
      [Button] Has onClick in props: true

      at log (src/components/ui/Button.tsx:27:13)

    console.log
      [Button] All props: {
        onClick: [AsyncFunction: handleCtaClick],
        'aria-describedby': 'hero-heading',
        'aria-label': 'apply Strll - Begin your tax preparation process'
      }

      at log (src/components/ui/Button.tsx:28:13)

    console.log
      [Button] Rendering with type: button

      at log (src/components/ui/Button.tsx:25:13)

    console.log
      [Button] Props received: {
        variant: 'primary',
        size: 'lg',
        type: 'button',
        loading: false,
        disabled: undefined
      }

      at log (src/components/ui/Button.tsx:26:13)

    console.log
      [Button] Has onClick in props: true

      at log (src/components/ui/Button.tsx:27:13)

    console.log
      [Button] All props: {
        onClick: [AsyncFunction: handleCtaClick],
        'aria-describedby': 'hero-heading',
        'aria-label': 'Secure Quick - Begin your tax preparation process'
      }

      at log (src/components/ui/Button.tsx:28:13)

    console.log
      [Button] Rendering with type: button

      at log (src/components/ui/Button.tsx:25:13)

    console.log
      [Button] Props received: {
        variant: 'primary',
        size: 'lg',
        type: 'button',
        loading: false,
        disabled: undefined
      }

      at log (src/components/ui/Button.tsx:26:13)

    console.log
      [Button] Has onClick in props: true

      at log (src/components/ui/Button.tsx:27:13)

    console.log
      [Button] All props: {
        onClick: [AsyncFunction: handleCtaClick],
        'aria-describedby': 'hero-heading',
        'aria-label': 'DRQ caller constructor - Begin your tax preparation process'
      }

      at log (src/components/ui/Button.tsx:28:13)

    console.log
      [Button] Rendering with type: button

      at log (src/components/ui/Button.tsx:25:13)

    console.log
      [Button] Props received: {
        variant: 'primary',
        size: 'lg',
        type: 'button',
        loading: false,
        disabled: undefined
      }

      at log (src/components/ui/Button.tsx:26:13)

    console.log
      [Button] Has onClick in props: true

      at log (src/components/ui/Button.tsx:27:13)

    console.log
      [Button] All props: {
        onClick: [AsyncFunction: handleCtaClick],
        'aria-describedby': 'hero-heading',
        'aria-label': 'bind key - Begin your tax preparation process'
      }

      at log (src/components/ui/Button.tsx:28:13)

    console.log
      [Button] Rendering with type: button

      at log (src/components/ui/Button.tsx:25:13)

    console.log
      [Button] Props received: {
        variant: 'primary',
        size: 'lg',
        type: 'button',
        loading: false,
        disabled: undefined
      }

      at log (src/components/ui/Button.tsx:26:13)

    console.log
      [Button] Has onClick in props: true

      at log (src/components/ui/Button.tsx:27:13)

    console.log
      [Button] All props: {
        onClick: [AsyncFunction: handleCtaClick],
        'aria-describedby': 'hero-heading',
        'aria-label': 'Tax Process App Tax Quick - Begin your tax preparation process'
      }

      at log (src/components/ui/Button.tsx:28:13)

    console.log
      [Button] Rendering with type: button

      at log (src/components/ui/Button.tsx:25:13)

    console.log
      [Button] Props received: {
        variant: 'primary',
        size: 'lg',
        type: 'button',
        loading: false,
        disabled: undefined
      }

      at log (src/components/ui/Button.tsx:26:13)

    console.log
      [Button] Has onClick in props: true

      at log (src/components/ui/Button.tsx:27:13)

    console.log
      [Button] All props: {
        onClick: [AsyncFunction: handleCtaClick],
        'aria-describedby': 'hero-heading',
        'aria-label': 'eND ZRWdTrP - Begin your tax preparation process'
      }

      at log (src/components/ui/Button.tsx:28:13)

    console.log
      [Button] Rendering with type: button

      at log (src/components/ui/Button.tsx:25:13)

    console.log
      [Button] Props received: {
        variant: 'primary',
        size: 'lg',
        type: 'button',
        loading: false,
        disabled: undefined
      }

      at log (src/components/ui/Button.tsx:26:13)

    console.log
      [Button] Has onClick in props: true

      at log (src/components/ui/Button.tsx:27:13)

    console.log
      [Button] All props: {
        onClick: [AsyncFunction: handleCtaClick],
        'aria-describedby': 'hero-heading',
        'aria-label': 'binle key argumen - Begin your tax preparation process'
      }

      at log (src/components/ui/Button.tsx:28:13)

    console.log
      [Button] Rendering with type: button

      at log (src/components/ui/Button.tsx:25:13)

    console.log
      [Button] Props received: {
        variant: 'primary',
        size: 'lg',
        type: 'button',
        loading: false,
        disabled: undefined
      }

      at log (src/components/ui/Button.tsx:26:13)

    console.log
      [Button] Has onClick in props: true

      at log (src/components/ui/Button.tsx:27:13)

    console.log
      [Button] All props: {
        onClick: [AsyncFunction: handleCtaClick],
        'aria-describedby': 'hero-heading',
        'aria-label': 'BOx eif - Begin your tax preparation process'
      }

      at log (src/components/ui/Button.tsx:28:13)

    console.log
      [Button] Rendering with type: button

      at log (src/components/ui/Button.tsx:25:13)

    console.log
      [Button] Props received: {
        variant: 'primary',
        size: 'lg',
        type: 'button',
        loading: false,
        disabled: undefined
      }

      at log (src/components/ui/Button.tsx:26:13)

    console.log
      [Button] Has onClick in props: true

      at log (src/components/ui/Button.tsx:27:13)

    console.log
      [Button] All props: {
        onClick: [AsyncFunction: handleCtaClick],
        'aria-describedby': 'hero-heading',
        'aria-label': 'Quick Filing Filing - Begin your tax preparation process'
      }

      at log (src/components/ui/Button.tsx:28:13)

    console.log
      [Button] Rendering with type: button

      at log (src/components/ui/Button.tsx:25:13)

    console.log
      [Button] Props received: {
        variant: 'primary',
        size: 'lg',
        type: 'button',
        loading: false,
        disabled: undefined
      }

      at log (src/components/ui/Button.tsx:26:13)

    console.log
      [Button] Has onClick in props: true

      at log (src/components/ui/Button.tsx:27:13)

    console.log
      [Button] All props: {
        onClick: [AsyncFunction: handleCtaClick],
        'aria-describedby': 'hero-heading',
        'aria-label': 'caller length - Begin your tax preparation process'
      }

      at log (src/components/ui/Button.tsx:28:13)

    console.log
      [Button] Rendering with type: button

      at log (src/components/ui/Button.tsx:25:13)

    console.log
      [Button] Props received: {
        variant: 'primary',
        size: 'lg',
        type: 'button',
        loading: false,
        disabled: undefined
      }

      at log (src/components/ui/Button.tsx:26:13)

    console.log
      [Button] Has onClick in props: true

      at log (src/components/ui/Button.tsx:27:13)

    console.log
      [Button] All props: {
        onClick: [AsyncFunction: handleCtaClick],
        'aria-describedby': 'hero-heading',
        'aria-label': 'User Preparation - Begin your tax preparation process'
      }

      at log (src/components/ui/Button.tsx:28:13)

    console.log
      [Button] Rendering with type: button

      at log (src/components/ui/Button.tsx:25:13)

    console.log
      [Button] Props received: {
        variant: 'primary',
        size: 'lg',
        type: 'button',
        loading: false,
        disabled: undefined
      }

      at log (src/components/ui/Button.tsx:26:13)

    console.log
      [Button] Has onClick in props: true

      at log (src/components/ui/Button.tsx:27:13)

    console.log
      [Button] All props: {
        onClick: [AsyncFunction: handleCtaClick],
        'aria-describedby': 'hero-heading',
        'aria-label': 'Simple Simple Form - Begin your tax preparation process'
      }

      at log (src/components/ui/Button.tsx:28:13)

    console.log
      [Button] Rendering with type: button

      at log (src/components/ui/Button.tsx:25:13)

    console.log
      [Button] Props received: {
        variant: 'primary',
        size: 'lg',
        type: 'button',
        loading: false,
        disabled: undefined
      }

      at log (src/components/ui/Button.tsx:26:13)

    console.log
      [Button] Has onClick in props: true

      at log (src/components/ui/Button.tsx:27:13)

    console.log
      [Button] All props: {
        onClick: [AsyncFunction: handleCtaClick],
        'aria-describedby': 'hero-heading',
        'aria-label': 'Simple Secure App Secure Preparation Tax Quick - Begin your tax preparation process'
      }

      at log (src/components/ui/Button.tsx:28:13)

    console.log
      [Button] Rendering with type: button

      at log (src/components/ui/Button.tsx:25:13)

    console.log
      [Button] Props received: {
        variant: 'primary',
        size: 'lg',
        type: 'button',
        loading: false,
        disabled: undefined
      }

      at log (src/components/ui/Button.tsx:26:13)

    console.log
      [Button] Has onClick in props: true

      at log (src/components/ui/Button.tsx:27:13)

    console.log
      [Button] All props: {
        onClick: [AsyncFunction: handleCtaClick],
        'aria-describedby': 'hero-heading',
        'aria-label': 'length apply - Begin your tax preparation process'
      }

      at log (src/components/ui/Button.tsx:28:13)

    console.log
      [Button] Rendering with type: button

      at log (src/components/ui/Button.tsx:25:13)

    console.log
      [Button] Props received: {
        variant: 'primary',
        size: 'lg',
        type: 'button',
        loading: false,
        disabled: undefined
      }

      at log (src/components/ui/Button.tsx:26:13)

    console.log
      [Button] Has onClick in props: true

      at log (src/components/ui/Button.tsx:27:13)

    console.log
      [Button] All props: {
        onClick: [AsyncFunction: handleCtaClick],
        'aria-describedby': 'hero-heading',
        'aria-label': 'prototypeuQ length apply VTE toString - Begin your tax preparation process'
      }

      at log (src/components/ui/Button.tsx:28:13)

    console.log
      [Button] Rendering with type: button

      at log (src/components/ui/Button.tsx:25:13)

    console.log
      [Button] Props received: {
        variant: 'primary',
        size: 'lg',
        type: 'button',
        loading: false,
        disabled: undefined
      }

      at log (src/components/ui/Button.tsx:26:13)

    console.log
      [Button] Has onClick in props: true

      at log (src/components/ui/Button.tsx:27:13)

    console.log
      [Button] All props: {
        onClick: [AsyncFunction: handleCtaClick],
        'aria-describedby': 'hero-heading',
        'aria-label': 'jEzw WgW llei unE - Begin your tax preparation process'
      }

      at log (src/components/ui/Button.tsx:28:13)

    console.log
      [Button] Rendering with type: button

      at log (src/components/ui/Button.tsx:25:13)

    console.log
      [Button] Props received: {
        variant: 'primary',
        size: 'lg',
        type: 'button',
        loading: false,
        disabled: undefined
      }

      at log (src/components/ui/Button.tsx:26:13)

    console.log
      [Button] Has onClick in props: true

      at log (src/components/ui/Button.tsx:27:13)

    console.log
      [Button] All props: {
        onClick: [AsyncFunction: handleCtaClick],
        'aria-describedby': 'hero-heading',
        'aria-label': 'ucall GENv - Begin your tax preparation process'
      }

      at log (src/components/ui/Button.tsx:28:13)

    console.log
      [Button] Rendering with type: button

      at log (src/components/ui/Button.tsx:25:13)

    console.log
      [Button] Props received: {
        variant: 'primary',
        size: 'lg',
        type: 'button',
        loading: false,
        disabled: undefined
      }

      at log (src/components/ui/Button.tsx:26:13)

    console.log
      [Button] Has onClick in props: true

      at log (src/components/ui/Button.tsx:27:13)

    console.log
      [Button] All props: {
        onClick: [AsyncFunction: handleCtaClick],
        'aria-describedby': 'hero-heading',
        'aria-label': 'Simple IRS Form User Process - Begin your tax preparation process'
      }

      at log (src/components/ui/Button.tsx:28:13)

    console.log
      [Button] Rendering with type: button

      at log (src/components/ui/Button.tsx:25:13)

    console.log
      [Button] Props received: {
        variant: 'primary',
        size: 'lg',
        type: 'button',
        loading: false,
        disabled: undefined
      }

      at log (src/components/ui/Button.tsx:26:13)

    console.log
      [Button] Has onClick in props: true

      at log (src/components/ui/Button.tsx:27:13)

    console.log
      [Button] All props: {
        onClick: [AsyncFunction: handleCtaClick],
        'aria-describedby': 'hero-heading',
        'aria-label': 'Kkyx hdm - Begin your tax preparation process'
      }

      at log (src/components/ui/Button.tsx:28:13)

    console.log
      [Button] Rendering with type: button

      at log (src/components/ui/Button.tsx:25:13)

    console.log
      [Button] Props received: {
        variant: 'primary',
        size: 'lg',
        type: 'button',
        loading: false,
        disabled: undefined
      }

      at log (src/components/ui/Button.tsx:26:13)

    console.log
      [Button] Has onClick in props: true

      at log (src/components/ui/Button.tsx:27:13)

    console.log
      [Button] All props: {
        onClick: [AsyncFunction: handleCtaClick],
        'aria-describedby': 'hero-heading',
        'aria-label': 'name sNqLS toS - Begin your tax preparation process'
      }

      at log (src/components/ui/Button.tsx:28:13)

    console.log
      [Button] Rendering with type: button

      at log (src/components/ui/Button.tsx:25:13)

    console.log
      [Button] Props received: {
        variant: 'primary',
        size: 'lg',
        type: 'button',
        loading: false,
        disabled: undefined
      }

      at log (src/components/ui/Button.tsx:26:13)

    console.log
      [Button] Has onClick in props: true

      at log (src/components/ui/Button.tsx:27:13)

    console.log
      [Button] All props: {
        onClick: [AsyncFunction: handlePrimaryClick],
        'aria-describedby': 'cta-heading',
        'aria-label': 'Secure Easy Secure - Begin your tax preparation process now'
      }

      at log (src/components/ui/Button.tsx:28:13)

    console.log
      [Button] Rendering with type: button

      at log (src/components/ui/Button.tsx:25:13)

    console.log
      [Button] Props received: {
        variant: 'outline',
        size: 'lg',
        type: 'button',
        loading: false,
        disabled: undefined
      }

      at log (src/components/ui/Button.tsx:26:13)

    console.log
      [Button] Has onClick in props: true

      at log (src/components/ui/Button.tsx:27:13)

    console.log
      [Button] All props: {
        onClick: [AsyncFunction: handleSecondaryClick],
        'aria-describedby': 'cta-heading',
        'aria-label': 'arg constr - Get more information about our tax preparation process'
      }

      at log (src/components/ui/Button.tsx:28:13)

    console.log
      [Button] Rendering with type: button

      at log (src/components/ui/Button.tsx:25:13)

    console.log
      [Button] Props received: {
        variant: 'primary',
        size: 'lg',
        type: 'button',
        loading: false,
        disabled: undefined
      }

      at log (src/components/ui/Button.tsx:26:13)

    console.log
      [Button] Has onClick in props: true

      at log (src/components/ui/Button.tsx:27:13)

    console.log
      [Button] All props: {
        onClick: [AsyncFunction: handlePrimaryClick],
        'aria-describedby': 'cta-heading',
        'aria-label': 'call ameppStr - Begin your tax preparation process now'
      }

      at log (src/components/ui/Button.tsx:28:13)

    console.log
      [Button] Rendering with type: button

      at log (src/components/ui/Button.tsx:25:13)

    console.log
      [Button] Props received: {
        variant: 'outline',
        size: 'lg',
        type: 'button',
        loading: false,
        disabled: undefined
      }

      at log (src/components/ui/Button.tsx:26:13)

    console.log
      [Button] Has onClick in props: true

      at log (src/components/ui/Button.tsx:27:13)

    console.log
      [Button] All props: {
        onClick: [AsyncFunction: handleSecondaryClick],
        'aria-describedby': 'cta-heading',
        'aria-label': 'Simple Form Form Form Easy System - Get more information about our tax preparation process'
      }

      at log (src/components/ui/Button.tsx:28:13)

    console.log
      [Button] Rendering with type: button

      at log (src/components/ui/Button.tsx:25:13)

    console.log
      [Button] Props received: {
        variant: 'primary',
        size: 'lg',
        type: 'button',
        loading: false,
        disabled: undefined
      }

      at log (src/components/ui/Button.tsx:26:13)

    console.log
      [Button] Has onClick in props: true

      at log (src/components/ui/Button.tsx:27:13)

    console.log
      [Button] All props: {
        onClick: [AsyncFunction: handlePrimaryClick],
        'aria-describedby': 'cta-heading',
        'aria-label': 'Quick User User Preparation IRS - Begin your tax preparation process now'
      }

      at log (src/components/ui/Button.tsx:28:13)

    console.log
      [Button] Rendering with type: button

      at log (src/components/ui/Button.tsx:25:13)

    console.log
      [Button] Props received: {
        variant: 'outline',
        size: 'lg',
        type: 'button',
        loading: false,
        disabled: undefined
      }

      at log (src/components/ui/Button.tsx:26:13)

    console.log
      [Button] Has onClick in props: true

      at log (src/components/ui/Button.tsx:27:13)

    console.log
      [Button] All props: {
        onClick: [AsyncFunction: handleSecondaryClick],
        'aria-describedby': 'cta-heading',
        'aria-label': 'TVC zTfRTC - Get more information about our tax preparation process'
      }

      at log (src/components/ui/Button.tsx:28:13)

    console.log
      [Button] Rendering with type: button

      at log (src/components/ui/Button.tsx:25:13)

    console.log
      [Button] Props received: {
        variant: 'primary',
        size: 'lg',
        type: 'button',
        loading: false,
        disabled: undefined
      }

      at log (src/components/ui/Button.tsx:26:13)

    console.log
      [Button] Has onClick in props: true

      at log (src/components/ui/Button.tsx:27:13)

    console.log
      [Button] All props: {
        onClick: [AsyncFunction: handlePrimaryClick],
        'aria-describedby': 'cta-heading',
        'aria-label': 'bind prototype name - Begin your tax preparation process now'
      }

      at log (src/components/ui/Button.tsx:28:13)

    console.log
      [Button] Rendering with type: button

      at log (src/components/ui/Button.tsx:25:13)

    console.log
      [Button] Props received: {
        variant: 'outline',
        size: 'lg',
        type: 'button',
        loading: false,
        disabled: undefined
      }

      at log (src/components/ui/Button.tsx:26:13)

    console.log
      [Button] Has onClick in props: true

      at log (src/components/ui/Button.tsx:27:13)

    console.log
      [Button] All props: {
        onClick: [AsyncFunction: handleSecondaryClick],
        'aria-describedby': 'cta-heading',
        'aria-label': 'ZboiA XjV wgcG SnOdkl Tfkw - Get more information about our tax preparation process'
      }

      at log (src/components/ui/Button.tsx:28:13)

    console.log
      [Button] Rendering with type: button

      at log (src/components/ui/Button.tsx:25:13)

    console.log
      [Button] Props received: {
        variant: 'primary',
        size: 'lg',
        type: 'button',
        loading: false,
        disabled: undefined
      }

      at log (src/components/ui/Button.tsx:26:13)

    console.log
      [Button] Has onClick in props: true

      at log (src/components/ui/Button.tsx:27:13)

    console.log
      [Button] All props: {
        onClick: [AsyncFunction: handlePrimaryClick],
        'aria-describedby': 'cta-heading',
        'aria-label': 'key bind bindv - Begin your tax preparation process now'
      }

      at log (src/components/ui/Button.tsx:28:13)

    console.log
      [Button] Rendering with type: button

      at log (src/components/ui/Button.tsx:25:13)

    console.log
      [Button] Props received: {
        variant: 'outline',
        size: 'lg',
        type: 'button',
        loading: false,
        disabled: undefined
      }

      at log (src/components/ui/Button.tsx:26:13)

    console.log
      [Button] Has onClick in props: true

      at log (src/components/ui/Button.tsx:27:13)

    console.log
      [Button] All props: {
        onClick: [AsyncFunction: handleSecondaryClick],
        'aria-describedby': 'cta-heading',
        'aria-label': 'OCwH kNM pIjV LDYYZpOTFIQ - Get more information about our tax preparation process'
      }

      at log (src/components/ui/Button.tsx:28:13)

    console.log
      [Button] Rendering with type: button

      at log (src/components/ui/Button.tsx:25:13)

    console.log
      [Button] Props received: {
        variant: 'primary',
        size: 'lg',
        type: 'button',
        loading: false,
        disabled: undefined
      }

      at log (src/components/ui/Button.tsx:26:13)

    console.log
      [Button] Has onClick in props: true

      at log (src/components/ui/Button.tsx:27:13)

    console.log
      [Button] All props: {
        onClick: [AsyncFunction: handlePrimaryClick],
        'aria-describedby': 'cta-heading',
        'aria-label': 'name arguments toStri - Begin your tax preparation process now'
      }

      at log (src/components/ui/Button.tsx:28:13)

    console.log
      [Button] Rendering with type: button

      at log (src/components/ui/Button.tsx:25:13)

    console.log
      [Button] Props received: {
        variant: 'outline',
        size: 'lg',
        type: 'button',
        loading: false,
        disabled: undefined
      }

      at log (src/components/ui/Button.tsx:26:13)

    console.log
      [Button] Has onClick in props: true

      at log (src/components/ui/Button.tsx:27:13)

    console.log
      [Button] All props: {
        onClick: [AsyncFunction: handleSecondaryClick],
        'aria-describedby': 'cta-heading',
        'aria-label': 'HlY ZFfV Wxs esK - Get more information about our tax preparation process'
      }

      at log (src/components/ui/Button.tsx:28:13)

    console.log
      [Button] Rendering with type: button

      at log (src/components/ui/Button.tsx:25:13)

    console.log
      [Button] Props received: {
        variant: 'primary',
        size: 'lg',
        type: 'button',
        loading: false,
        disabled: undefined
      }

      at log (src/components/ui/Button.tsx:26:13)

    console.log
      [Button] Has onClick in props: true

      at log (src/components/ui/Button.tsx:27:13)

    console.log
      [Button] All props: {
        onClick: [AsyncFunction: handlePrimaryClick],
        'aria-describedby': 'cta-heading',
        'aria-label': 'Easy Easy IRS User Preparation - Begin your tax preparation process now'
      }

      at log (src/components/ui/Button.tsx:28:13)

    console.log
      [Button] Rendering with type: button

      at log (src/components/ui/Button.tsx:25:13)

    console.log
      [Button] Props received: {
        variant: 'outline',
        size: 'lg',
        type: 'button',
        loading: false,
        disabled: undefined
      }

      at log (src/components/ui/Button.tsx:26:13)

    console.log
      [Button] Has onClick in props: true

      at log (src/components/ui/Button.tsx:27:13)

    console.log
      [Button] All props: {
        onClick: [AsyncFunction: handleSecondaryClick],
        'aria-describedby': 'cta-heading',
        'aria-label': 'lengt length - Get more information about our tax preparation process'
      }

      at log (src/components/ui/Button.tsx:28:13)

    console.log
      [Button] Rendering with type: button

      at log (src/components/ui/Button.tsx:25:13)

    console.log
      [Button] Props received: {
        variant: 'primary',
        size: 'lg',
        type: 'button',
        loading: false,
        disabled: undefined
      }

      at log (src/components/ui/Button.tsx:26:13)

    console.log
      [Button] Has onClick in props: true

      at log (src/components/ui/Button.tsx:27:13)

    console.log
      [Button] All props: {
        onClick: [AsyncFunction: handlePrimaryClick],
        'aria-describedby': 'cta-heading',
        'aria-label': 'VJPk tsrz HfAK KdLp - Begin your tax preparation process now'
      }

      at log (src/components/ui/Button.tsx:28:13)

    console.log
      [Button] Rendering with type: button

      at log (src/components/ui/Button.tsx:25:13)

    console.log
      [Button] Props received: {
        variant: 'outline',
        size: 'lg',
        type: 'button',
        loading: false,
        disabled: undefined
      }

      at log (src/components/ui/Button.tsx:26:13)

    console.log
      [Button] Has onClick in props: true

      at log (src/components/ui/Button.tsx:27:13)

    console.log
      [Button] All props: {
        onClick: [AsyncFunction: handleSecondaryClick],
        'aria-describedby': 'cta-heading',
        'aria-label': 'bind wOOV value - Get more information about our tax preparation process'
      }

      at log (src/components/ui/Button.tsx:28:13)

    console.log
      [Button] Rendering with type: button

      at log (src/components/ui/Button.tsx:25:13)

    console.log
      [Button] Props received: {
        variant: 'primary',
        size: 'lg',
        type: 'button',
        loading: false,
        disabled: undefined
      }

      at log (src/components/ui/Button.tsx:26:13)

    console.log
      [Button] Has onClick in props: true

      at log (src/components/ui/Button.tsx:27:13)

    console.log
      [Button] All props: {
        onClick: [AsyncFunction: handlePrimaryClick],
        'aria-describedby': 'cta-heading',
        'aria-label': 'Preparation App - Begin your tax preparation process now'
      }

      at log (src/components/ui/Button.tsx:28:13)

    console.log
      [Button] Rendering with type: button

      at log (src/components/ui/Button.tsx:25:13)

    console.log
      [Button] Props received: {
        variant: 'outline',
        size: 'lg',
        type: 'button',
        loading: false,
        disabled: undefined
      }

      at log (src/components/ui/Button.tsx:26:13)

    console.log
      [Button] Has onClick in props: true

      at log (src/components/ui/Button.tsx:27:13)

    console.log
      [Button] All props: {
        onClick: [AsyncFunction: handleSecondaryClick],
        'aria-describedby': 'cta-heading',
        'aria-label': 'valueOf name argument - Get more information about our tax preparation process'
      }

      at log (src/components/ui/Button.tsx:28:13)

    console.log
      [Button] Rendering with type: button

      at log (src/components/ui/Button.tsx:25:13)

    console.log
      [Button] Props received: {
        variant: 'primary',
        size: 'lg',
        type: 'button',
        loading: false,
        disabled: undefined
      }

      at log (src/components/ui/Button.tsx:26:13)

    console.log
      [Button] Has onClick in props: true

      at log (src/components/ui/Button.tsx:27:13)

    console.log
      [Button] All props: {
        onClick: [AsyncFunction: handlePrimaryClick],
        'aria-describedby': 'cta-heading',
        'aria-label': 'MgHN HZDcn USned kjc - Begin your tax preparation process now'
      }

      at log (src/components/ui/Button.tsx:28:13)

    console.log
      [Button] Rendering with type: button

      at log (src/components/ui/Button.tsx:25:13)

    console.log
      [Button] Props received: {
        variant: 'outline',
        size: 'lg',
        type: 'button',
        loading: false,
        disabled: undefined
      }

      at log (src/components/ui/Button.tsx:26:13)

    console.log
      [Button] Has onClick in props: true

      at log (src/components/ui/Button.tsx:27:13)

    console.log
      [Button] All props: {
        onClick: [AsyncFunction: handleSecondaryClick],
        'aria-describedby': 'cta-heading',
        'aria-label': 'lSP InZgZ DRe - Get more information about our tax preparation process'
      }

      at log (src/components/ui/Button.tsx:28:13)

    console.log
      [Button] Rendering with type: button

      at log (src/components/ui/Button.tsx:25:13)

    console.log
      [Button] Props received: {
        variant: 'primary',
        size: 'lg',
        type: 'button',
        loading: false,
        disabled: undefined
      }

      at log (src/components/ui/Button.tsx:26:13)

    console.log
      [Button] Has onClick in props: true

      at log (src/components/ui/Button.tsx:27:13)

    console.log
      [Button] All props: {
        onClick: [AsyncFunction: handlePrimaryClick],
        'aria-describedby': 'cta-heading',
        'aria-label': 'name EjnMja apply - Begin your tax preparation process now'
      }

      at log (src/components/ui/Button.tsx:28:13)

    console.log
      [Button] Rendering with type: button

      at log (src/components/ui/Button.tsx:25:13)

    console.log
      [Button] Props received: {
        variant: 'outline',
        size: 'lg',
        type: 'button',
        loading: false,
        disabled: undefined
      }

      at log (src/components/ui/Button.tsx:26:13)

    console.log
      [Button] Has onClick in props: true

      at log (src/components/ui/Button.tsx:27:13)

    console.log
      [Button] All props: {
        onClick: [AsyncFunction: handleSecondaryClick],
        'aria-describedby': 'cta-heading',
        'aria-label': 'User Tax Preparation - Get more information about our tax preparation process'
      }

      at log (src/components/ui/Button.tsx:28:13)

    console.log
      [Button] Rendering with type: button

      at log (src/components/ui/Button.tsx:25:13)

    console.log
      [Button] Props received: {
        variant: 'primary',
        size: 'lg',
        type: 'button',
        loading: false,
        disabled: undefined
      }

      at log (src/components/ui/Button.tsx:26:13)

    console.log
      [Button] Has onClick in props: true

      at log (src/components/ui/Button.tsx:27:13)

    console.log
      [Button] All props: {
        onClick: [AsyncFunction: handlePrimaryClick],
        'aria-describedby': 'cta-heading',
        'aria-label': 'IDK kHsjAsvxl ikmaohN - Begin your tax preparation process now'
      }

      at log (src/components/ui/Button.tsx:28:13)

    console.log
      [Button] Rendering with type: button

      at log (src/components/ui/Button.tsx:25:13)

    console.log
      [Button] Props received: {
        variant: 'outline',
        size: 'lg',
        type: 'button',
        loading: false,
        disabled: undefined
      }

      at log (src/components/ui/Button.tsx:26:13)

    console.log
      [Button] Has onClick in props: true

      at log (src/components/ui/Button.tsx:27:13)

    console.log
      [Button] All props: {
        onClick: [AsyncFunction: handleSecondaryClick],
        'aria-describedby': 'cta-heading',
        'aria-label': 'YFJZO - Get more information about our tax preparation process'
      }

      at log (src/components/ui/Button.tsx:28:13)

    console.log
      [Button] Rendering with type: button

      at log (src/components/ui/Button.tsx:25:13)

    console.log
      [Button] Props received: {
        variant: 'primary',
        size: 'lg',
        type: 'button',
        loading: false,
        disabled: undefined
      }

      at log (src/components/ui/Button.tsx:26:13)

    console.log
      [Button] Has onClick in props: true

      at log (src/components/ui/Button.tsx:27:13)

    console.log
      [Button] All props: {
        onClick: [AsyncFunction: handlePrimaryClick],
        'aria-describedby': 'cta-heading',
        'aria-label': 'Secure Form Simple Tax System Simple User - Begin your tax preparation process now'
      }

      at log (src/components/ui/Button.tsx:28:13)

    console.log
      [Button] Rendering with type: button

      at log (src/components/ui/Button.tsx:25:13)

    console.log
      [Button] Props received: {
        variant: 'outline',
        size: 'lg',
        type: 'button',
        loading: false,
        disabled: undefined
      }

      at log (src/components/ui/Button.tsx:26:13)

    console.log
      [Button] Has onClick in props: true

      at log (src/components/ui/Button.tsx:27:13)

    console.log
      [Button] All props: {
        onClick: [AsyncFunction: handleSecondaryClick],
        'aria-describedby': 'cta-heading',
        'aria-label': 'User Process Quick IRS App Form Simple System - Get more information about our tax preparation process'
      }

      at log (src/components/ui/Button.tsx:28:13)

    console.log
      [Button] Rendering with type: button

      at log (src/components/ui/Button.tsx:25:13)

    console.log
      [Button] Props received: {
        variant: 'primary',
        size: 'lg',
        type: 'button',
        loading: false,
        disabled: undefined
      }

      at log (src/components/ui/Button.tsx:26:13)

    console.log
      [Button] Has onClick in props: true

      at log (src/components/ui/Button.tsx:27:13)

    console.log
      [Button] All props: {
        onClick: [AsyncFunction: handlePrimaryClick],
        'aria-describedby': 'cta-heading',
        'aria-label': 'Easy Data IRS Tax - Begin your tax preparation process now'
      }

      at log (src/components/ui/Button.tsx:28:13)

    console.log
      [Button] Rendering with type: button

      at log (src/components/ui/Button.tsx:25:13)

    console.log
      [Button] Props received: {
        variant: 'outline',
        size: 'lg',
        type: 'button',
        loading: false,
        disabled: undefined
      }

      at log (src/components/ui/Button.tsx:26:13)

    console.log
      [Button] Has onClick in props: true

      at log (src/components/ui/Button.tsx:27:13)

    console.log
      [Button] All props: {
        onClick: [AsyncFunction: handleSecondaryClick],
        'aria-describedby': 'cta-heading',
        'aria-label': 'Preparation Quick Process Form - Get more information about our tax preparation process'
      }

      at log (src/components/ui/Button.tsx:28:13)

    console.log
      [Button] Rendering with type: button

      at log (src/components/ui/Button.tsx:25:13)

    console.log
      [Button] Props received: {
        variant: 'primary',
        size: 'lg',
        type: 'button',
        loading: false,
        disabled: undefined
      }

      at log (src/components/ui/Button.tsx:26:13)

    console.log
      [Button] Has onClick in props: true

      at log (src/components/ui/Button.tsx:27:13)

    console.log
      [Button] All props: {
        onClick: [AsyncFunction: handlePrimaryClick],
        'aria-describedby': 'cta-heading',
        'aria-label': 'LEe bind nam - Begin your tax preparation process now'
      }

      at log (src/components/ui/Button.tsx:28:13)

    console.log
      [Button] Rendering with type: button

      at log (src/components/ui/Button.tsx:25:13)

    console.log
      [Button] Props received: {
        variant: 'outline',
        size: 'lg',
        type: 'button',
        loading: false,
        disabled: undefined
      }

      at log (src/components/ui/Button.tsx:26:13)

    console.log
      [Button] Has onClick in props: true

      at log (src/components/ui/Button.tsx:27:13)

    console.log
      [Button] All props: {
        onClick: [AsyncFunction: handleSecondaryClick],
        'aria-describedby': 'cta-heading',
        'aria-label': 'eTK ArY ojWdp yhr CwN - Get more information about our tax preparation process'
      }

      at log (src/components/ui/Button.tsx:28:13)

    console.log
      [Button] Rendering with type: button

      at log (src/components/ui/Button.tsx:25:13)

    console.log
      [Button] Props received: {
        variant: 'primary',
        size: 'lg',
        type: 'button',
        loading: false,
        disabled: undefined
      }

      at log (src/components/ui/Button.tsx:26:13)

    console.log
      [Button] Has onClick in props: true

      at log (src/components/ui/Button.tsx:27:13)

    console.log
      [Button] All props: {
        onClick: [AsyncFunction: handlePrimaryClick],
        'aria-describedby': 'cta-heading',
        'aria-label': 'caller - Begin your tax preparation process now'
      }

      at log (src/components/ui/Button.tsx:28:13)

    console.log
      [Button] Rendering with type: button

      at log (src/components/ui/Button.tsx:25:13)

    console.log
      [Button] Props received: {
        variant: 'outline',
        size: 'lg',
        type: 'button',
        loading: false,
        disabled: undefined
      }

      at log (src/components/ui/Button.tsx:26:13)

    console.log
      [Button] Has onClick in props: true

      at log (src/components/ui/Button.tsx:27:13)

    console.log
      [Button] All props: {
        onClick: [AsyncFunction: handleSecondaryClick],
        'aria-describedby': 'cta-heading',
        'aria-label': 'Easy Filing - Get more information about our tax preparation process'
      }

      at log (src/components/ui/Button.tsx:28:13)

    console.log
      [Button] Rendering with type: button

      at log (src/components/ui/Button.tsx:25:13)

    console.log
      [Button] Props received: {
        variant: 'primary',
        size: 'lg',
        type: 'button',
        loading: false,
        disabled: undefined
      }

      at log (src/components/ui/Button.tsx:26:13)

    console.log
      [Button] Has onClick in props: true

      at log (src/components/ui/Button.tsx:27:13)

    console.log
      [Button] All props: {
        onClick: [AsyncFunction: handlePrimaryClick],
        'aria-describedby': 'cta-heading',
        'aria-label': 'ShHPp Ytt - Begin your tax preparation process now'
      }

      at log (src/components/ui/Button.tsx:28:13)

    console.log
      [Button] Rendering with type: button

      at log (src/components/ui/Button.tsx:25:13)

    console.log
      [Button] Props received: {
        variant: 'outline',
        size: 'lg',
        type: 'button',
        loading: false,
        disabled: undefined
      }

      at log (src/components/ui/Button.tsx:26:13)

    console.log
      [Button] Has onClick in props: true

      at log (src/components/ui/Button.tsx:27:13)

    console.log
      [Button] All props: {
        onClick: [AsyncFunction: handleSecondaryClick],
        'aria-describedby': 'cta-heading',
        'aria-label': 'Easy App Easy - Get more information about our tax preparation process'
      }

      at log (src/components/ui/Button.tsx:28:13)

    console.log
      [Button] Rendering with type: button

      at log (src/components/ui/Button.tsx:25:13)

    console.log
      [Button] Props received: {
        variant: 'primary',
        size: 'lg',
        type: 'button',
        loading: false,
        disabled: undefined
      }

      at log (src/components/ui/Button.tsx:26:13)

    console.log
      [Button] Has onClick in props: true

      at log (src/components/ui/Button.tsx:27:13)

    console.log
      [Button] All props: {
        onClick: [AsyncFunction: handlePrimaryClick],
        'aria-describedby': 'cta-heading',
        'aria-label': 'AJhO Jcall gprot apply OWNXq - Begin your tax preparation process now'
      }

      at log (src/components/ui/Button.tsx:28:13)

    console.log
      [Button] Rendering with type: button

      at log (src/components/ui/Button.tsx:25:13)

    console.log
      [Button] Props received: {
        variant: 'outline',
        size: 'lg',
        type: 'button',
        loading: false,
        disabled: undefined
      }

      at log (src/components/ui/Button.tsx:26:13)

    console.log
      [Button] Has onClick in props: true

      at log (src/components/ui/Button.tsx:27:13)

    console.log
      [Button] All props: {
        onClick: [AsyncFunction: handleSecondaryClick],
        'aria-describedby': 'cta-heading',
        'aria-label': 'ydGx aiNrL QKRD TgnP CTw - Get more information about our tax preparation process'
      }

      at log (src/components/ui/Button.tsx:28:13)

    console.log
      [Button] Rendering with type: button

      at log (src/components/ui/Button.tsx:25:13)

    console.log
      [Button] Props received: {
        variant: 'primary',
        size: 'lg',
        type: 'button',
        loading: false,
        disabled: undefined
      }

      at log (src/components/ui/Button.tsx:26:13)

    console.log
      [Button] Has onClick in props: true

      at log (src/components/ui/Button.tsx:27:13)

    console.log
      [Button] All props: {
        onClick: [AsyncFunction: handlePrimaryClick],
        'aria-describedby': 'cta-heading',
        'aria-label': 'MdoMg qTn - Begin your tax preparation process now'
      }

      at log (src/components/ui/Button.tsx:28:13)

    console.log
      [Button] Rendering with type: button

      at log (src/components/ui/Button.tsx:25:13)

    console.log
      [Button] Props received: {
        variant: 'outline',
        size: 'lg',
        type: 'button',
        loading: false,
        disabled: undefined
      }

      at log (src/components/ui/Button.tsx:26:13)

    console.log
      [Button] Has onClick in props: true

      at log (src/components/ui/Button.tsx:27:13)

    console.log
      [Button] All props: {
        onClick: [AsyncFunction: handleSecondaryClick],
        'aria-describedby': 'cta-heading',
        'aria-label': 'gzbqsc gPMavUY - Get more information about our tax preparation process'
      }

      at log (src/components/ui/Button.tsx:28:13)

    console.log
      [Button] Rendering with type: button

      at log (src/components/ui/Button.tsx:25:13)

    console.log
      [Button] Props received: {
        variant: 'primary',
        size: 'lg',
        type: 'button',
        loading: false,
        disabled: undefined
      }

      at log (src/components/ui/Button.tsx:26:13)

    console.log
      [Button] Has onClick in props: true

      at log (src/components/ui/Button.tsx:27:13)

    console.log
      [Button] All props: {
        onClick: [AsyncFunction: handlePrimaryClick],
        'aria-describedby': 'cta-heading',
        'aria-label': 'IRS Data - Begin your tax preparation process now'
      }

      at log (src/components/ui/Button.tsx:28:13)

    console.log
      [Button] Rendering with type: button

      at log (src/components/ui/Button.tsx:25:13)

    console.log
      [Button] Props received: {
        variant: 'outline',
        size: 'lg',
        type: 'button',
        loading: false,
        disabled: undefined
      }

      at log (src/components/ui/Button.tsx:26:13)

    console.log
      [Button] Has onClick in props: true

      at log (src/components/ui/Button.tsx:27:13)

    console.log
      [Button] All props: {
        onClick: [AsyncFunction: handleSecondaryClick],
        'aria-describedby': 'cta-heading',
        'aria-label': 'haCn gEo sff - Get more information about our tax preparation process'
      }

      at log (src/components/ui/Button.tsx:28:13)

    console.log
      [Button] Rendering with type: button

      at log (src/components/ui/Button.tsx:25:13)

    console.log
      [Button] Props received: {
        variant: 'primary',
        size: 'lg',
        type: 'button',
        loading: false,
        disabled: undefined
      }

      at log (src/components/ui/Button.tsx:26:13)

    console.log
      [Button] Has onClick in props: true

      at log (src/components/ui/Button.tsx:27:13)

    console.log
      [Button] All props: {
        onClick: [AsyncFunction: handleCtaClick],
        'aria-describedby': 'hero-heading',
        'aria-label': 'User Simple - Begin your tax preparation process'
      }

      at log (src/components/ui/Button.tsx:28:13)

    console.log
      [Button] Rendering with type: button

      at log (src/components/ui/Button.tsx:25:13)

    console.log
      [Button] Props received: {
        variant: 'primary',
        size: 'lg',
        type: 'button',
        loading: false,
        disabled: undefined
      }

      at log (src/components/ui/Button.tsx:26:13)

    console.log
      [Button] Has onClick in props: true

      at log (src/components/ui/Button.tsx:27:13)

    console.log
      [Button] All props: {
        onClick: [AsyncFunction: handlePrimaryClick],
        'aria-describedby': 'cta-heading',
        'aria-label': 'Start Your Tax Preparation Now - Begin your tax preparation process now'
      }

      at log (src/components/ui/Button.tsx:28:13)

    console.log
      [Button] Rendering with type: button

      at log (src/components/ui/Button.tsx:25:13)

    console.log
      [Button] Props received: {
        variant: 'outline',
        size: 'lg',
        type: 'button',
        loading: false,
        disabled: undefined
      }

      at log (src/components/ui/Button.tsx:26:13)

    console.log
      [Button] Has onClick in props: true

      at log (src/components/ui/Button.tsx:27:13)

    console.log
      [Button] All props: {
        onClick: [AsyncFunction: handleSecondaryClick],
        'aria-describedby': 'cta-heading',
        'aria-label': 'Learn More About Our Process - Get more information about our tax preparation process'
      }

      at log (src/components/ui/Button.tsx:28:13)

    console.log
      [Button] Rendering with type: button

      at log (src/components/ui/Button.tsx:25:13)

    console.log
      [Button] Props received: {
        variant: 'primary',
        size: 'lg',
        type: 'button',
        loading: false,
        disabled: undefined
      }

      at log (src/components/ui/Button.tsx:26:13)

    console.log
      [Button] Has onClick in props: true

      at log (src/components/ui/Button.tsx:27:13)

    console.log
      [Button] All props: {
        onClick: [AsyncFunction: handleCtaClick],
        'aria-describedby': 'hero-heading',
        'aria-label': 'Process IRS IRS Process Process Filing App - Begin your tax preparation process'
      }

      at log (src/components/ui/Button.tsx:28:13)

    console.log
      [Button] Rendering with type: button

      at log (src/components/ui/Button.tsx:25:13)

    console.log
      [Button] Props received: {
        variant: 'primary',
        size: 'lg',
        type: 'button',
        loading: false,
        disabled: undefined
      }

      at log (src/components/ui/Button.tsx:26:13)

    console.log
      [Button] Has onClick in props: true

      at log (src/components/ui/Button.tsx:27:13)

    console.log
      [Button] All props: {
        onClick: [AsyncFunction: handlePrimaryClick],
        'aria-describedby': 'cta-heading',
        'aria-label': 'Start Your Tax Preparation Now - Begin your tax preparation process now'
      }

      at log (src/components/ui/Button.tsx:28:13)

    console.log
      [Button] Rendering with type: button

      at log (src/components/ui/Button.tsx:25:13)

    console.log
      [Button] Props received: {
        variant: 'outline',
        size: 'lg',
        type: 'button',
        loading: false,
        disabled: undefined
      }

      at log (src/components/ui/Button.tsx:26:13)

    console.log
      [Button] Has onClick in props: true

      at log (src/components/ui/Button.tsx:27:13)

    console.log
      [Button] All props: {
        onClick: [AsyncFunction: handleSecondaryClick],
        'aria-describedby': 'cta-heading',
        'aria-label': 'Learn More About Our Process - Get more information about our tax preparation process'
      }

      at log (src/components/ui/Button.tsx:28:13)

    console.log
      [Button] Rendering with type: button

      at log (src/components/ui/Button.tsx:25:13)

    console.log
      [Button] Props received: {
        variant: 'primary',
        size: 'lg',
        type: 'button',
        loading: false,
        disabled: undefined
      }

      at log (src/components/ui/Button.tsx:26:13)

    console.log
      [Button] Has onClick in props: true

      at log (src/components/ui/Button.tsx:27:13)

    console.log
      [Button] All props: {
        onClick: [AsyncFunction: handleCtaClick],
        'aria-describedby': 'hero-heading',
        'aria-label': 'Secure Tax - Begin your tax preparation process'
      }

      at log (src/components/ui/Button.tsx:28:13)

    console.log
      [Button] Rendering with type: button

      at log (src/components/ui/Button.tsx:25:13)

    console.log
      [Button] Props received: {
        variant: 'primary',
        size: 'lg',
        type: 'button',
        loading: false,
        disabled: undefined
      }

      at log (src/components/ui/Button.tsx:26:13)

    console.log
      [Button] Has onClick in props: true

      at log (src/components/ui/Button.tsx:27:13)

    console.log
      [Button] All props: {
        onClick: [AsyncFunction: handlePrimaryClick],
        'aria-describedby': 'cta-heading',
        'aria-label': 'Start Your Tax Preparation Now - Begin your tax preparation process now'
      }

      at log (src/components/ui/Button.tsx:28:13)

    console.log
      [Button] Rendering with type: button

      at log (src/components/ui/Button.tsx:25:13)

    console.log
      [Button] Props received: {
        variant: 'outline',
        size: 'lg',
        type: 'button',
        loading: false,
        disabled: undefined
      }

      at log (src/components/ui/Button.tsx:26:13)

    console.log
      [Button] Has onClick in props: true

      at log (src/components/ui/Button.tsx:27:13)

    console.log
      [Button] All props: {
        onClick: [AsyncFunction: handleSecondaryClick],
        'aria-describedby': 'cta-heading',
        'aria-label': 'Learn More About Our Process - Get more information about our tax preparation process'
      }

      at log (src/components/ui/Button.tsx:28:13)

    console.log
      [Button] Rendering with type: button

      at log (src/components/ui/Button.tsx:25:13)

    console.log
      [Button] Props received: {
        variant: 'primary',
        size: 'lg',
        type: 'button',
        loading: false,
        disabled: undefined
      }

      at log (src/components/ui/Button.tsx:26:13)

    console.log
      [Button] Has onClick in props: true

      at log (src/components/ui/Button.tsx:27:13)

    console.log
      [Button] All props: {
        onClick: [AsyncFunction: handleCtaClick],
        'aria-describedby': 'hero-heading',
        'aria-label': 'Tax Simple Tax App IRS Simple App - Begin your tax preparation process'
      }

      at log (src/components/ui/Button.tsx:28:13)

    console.log
      [Button] Rendering with type: button

      at log (src/components/ui/Button.tsx:25:13)

    console.log
      [Button] Props received: {
        variant: 'primary',
        size: 'lg',
        type: 'button',
        loading: false,
        disabled: undefined
      }

      at log (src/components/ui/Button.tsx:26:13)

    console.log
      [Button] Has onClick in props: true

      at log (src/components/ui/Button.tsx:27:13)

    console.log
      [Button] All props: {
        onClick: [AsyncFunction: handlePrimaryClick],
        'aria-describedby': 'cta-heading',
        'aria-label': 'Start Your Tax Preparation Now - Begin your tax preparation process now'
      }

      at log (src/components/ui/Button.tsx:28:13)

    console.log
      [Button] Rendering with type: button

      at log (src/components/ui/Button.tsx:25:13)

    console.log
      [Button] Props received: {
        variant: 'outline',
        size: 'lg',
        type: 'button',
        loading: false,
        disabled: undefined
      }

      at log (src/components/ui/Button.tsx:26:13)

    console.log
      [Button] Has onClick in props: true

      at log (src/components/ui/Button.tsx:27:13)

    console.log
      [Button] All props: {
        onClick: [AsyncFunction: handleSecondaryClick],
        'aria-describedby': 'cta-heading',
        'aria-label': 'Learn More About Our Process - Get more information about our tax preparation process'
      }

      at log (src/components/ui/Button.tsx:28:13)

    console.log
      [Button] Rendering with type: button

      at log (src/components/ui/Button.tsx:25:13)

    console.log
      [Button] Props received: {
        variant: 'primary',
        size: 'lg',
        type: 'button',
        loading: false,
        disabled: undefined
      }

      at log (src/components/ui/Button.tsx:26:13)

    console.log
      [Button] Has onClick in props: true

      at log (src/components/ui/Button.tsx:27:13)

    console.log
      [Button] All props: {
        onClick: [AsyncFunction: handleCtaClick],
        'aria-describedby': 'hero-heading',
        'aria-label': 'Data App App Quick Process System Simple Form - Begin your tax preparation process'
      }

      at log (src/components/ui/Button.tsx:28:13)

    console.log
      [Button] Rendering with type: button

      at log (src/components/ui/Button.tsx:25:13)

    console.log
      [Button] Props received: {
        variant: 'primary',
        size: 'lg',
        type: 'button',
        loading: false,
        disabled: undefined
      }

      at log (src/components/ui/Button.tsx:26:13)

    console.log
      [Button] Has onClick in props: true

      at log (src/components/ui/Button.tsx:27:13)

    console.log
      [Button] All props: {
        onClick: [AsyncFunction: handlePrimaryClick],
        'aria-describedby': 'cta-heading',
        'aria-label': 'Start Your Tax Preparation Now - Begin your tax preparation process now'
      }

      at log (src/components/ui/Button.tsx:28:13)

    console.log
      [Button] Rendering with type: button

      at log (src/components/ui/Button.tsx:25:13)

    console.log
      [Button] Props received: {
        variant: 'outline',
        size: 'lg',
        type: 'button',
        loading: false,
        disabled: undefined
      }

      at log (src/components/ui/Button.tsx:26:13)

    console.log
      [Button] Has onClick in props: true

      at log (src/components/ui/Button.tsx:27:13)

    console.log
      [Button] All props: {
        onClick: [AsyncFunction: handleSecondaryClick],
        'aria-describedby': 'cta-heading',
        'aria-label': 'Learn More About Our Process - Get more information about our tax preparation process'
      }

      at log (src/components/ui/Button.tsx:28:13)

    console.log
      [Button] Rendering with type: button

      at log (src/components/ui/Button.tsx:25:13)

    console.log
      [Button] Props received: {
        variant: 'primary',
        size: 'lg',
        type: 'button',
        loading: false,
        disabled: undefined
      }

      at log (src/components/ui/Button.tsx:26:13)

    console.log
      [Button] Has onClick in props: true

      at log (src/components/ui/Button.tsx:27:13)

    console.log
      [Button] All props: {
        onClick: [AsyncFunction: handleCtaClick],
        'aria-describedby': 'hero-heading',
        'aria-label': 'User Secure Process - Begin your tax preparation process'
      }

      at log (src/components/ui/Button.tsx:28:13)

    console.log
      [Button] Rendering with type: button

      at log (src/components/ui/Button.tsx:25:13)

    console.log
      [Button] Props received: {
        variant: 'primary',
        size: 'lg',
        type: 'button',
        loading: false,
        disabled: undefined
      }

      at log (src/components/ui/Button.tsx:26:13)

    console.log
      [Button] Has onClick in props: true

      at log (src/components/ui/Button.tsx:27:13)

    console.log
      [Button] All props: {
        onClick: [AsyncFunction: handlePrimaryClick],
        'aria-describedby': 'cta-heading',
        'aria-label': 'Start Your Tax Preparation Now - Begin your tax preparation process now'
      }

      at log (src/components/ui/Button.tsx:28:13)

    console.log
      [Button] Rendering with type: button

      at log (src/components/ui/Button.tsx:25:13)

    console.log
      [Button] Props received: {
        variant: 'outline',
        size: 'lg',
        type: 'button',
        loading: false,
        disabled: undefined
      }

      at log (src/components/ui/Button.tsx:26:13)

    console.log
      [Button] Has onClick in props: true

      at log (src/components/ui/Button.tsx:27:13)

    console.log
      [Button] All props: {
        onClick: [AsyncFunction: handleSecondaryClick],
        'aria-describedby': 'cta-heading',
        'aria-label': 'Learn More About Our Process - Get more information about our tax preparation process'
      }

      at log (src/components/ui/Button.tsx:28:13)

    console.log
      [Button] Rendering with type: button

      at log (src/components/ui/Button.tsx:25:13)

    console.log
      [Button] Props received: {
        variant: 'primary',
        size: 'lg',
        type: 'button',
        loading: false,
        disabled: undefined
      }

      at log (src/components/ui/Button.tsx:26:13)

    console.log
      [Button] Has onClick in props: true

      at log (src/components/ui/Button.tsx:27:13)

    console.log
      [Button] All props: {
        onClick: [AsyncFunction: handleCtaClick],
        'aria-describedby': 'hero-heading',
        'aria-label': 'apply apply Airq apply apply - Begin your tax preparation process'
      }

      at log (src/components/ui/Button.tsx:28:13)

    console.log
      [Button] Rendering with type: button

      at log (src/components/ui/Button.tsx:25:13)

    console.log
      [Button] Props received: {
        variant: 'primary',
        size: 'lg',
        type: 'button',
        loading: false,
        disabled: undefined
      }

      at log (src/components/ui/Button.tsx:26:13)

    console.log
      [Button] Has onClick in props: true

      at log (src/components/ui/Button.tsx:27:13)

    console.log
      [Button] All props: {
        onClick: [AsyncFunction: handlePrimaryClick],
        'aria-describedby': 'cta-heading',
        'aria-label': 'Start Your Tax Preparation Now - Begin your tax preparation process now'
      }

      at log (src/components/ui/Button.tsx:28:13)

    console.log
      [Button] Rendering with type: button

      at log (src/components/ui/Button.tsx:25:13)

    console.log
      [Button] Props received: {
        variant: 'outline',
        size: 'lg',
        type: 'button',
        loading: false,
        disabled: undefined
      }

      at log (src/components/ui/Button.tsx:26:13)

    console.log
      [Button] Has onClick in props: true

      at log (src/components/ui/Button.tsx:27:13)

    console.log
      [Button] All props: {
        onClick: [AsyncFunction: handleSecondaryClick],
        'aria-describedby': 'cta-heading',
        'aria-label': 'Learn More About Our Process - Get more information about our tax preparation process'
      }

      at log (src/components/ui/Button.tsx:28:13)

    console.log
      [Button] Rendering with type: button

      at log (src/components/ui/Button.tsx:25:13)

    console.log
      [Button] Props received: {
        variant: 'primary',
        size: 'lg',
        type: 'button',
        loading: false,
        disabled: undefined
      }

      at log (src/components/ui/Button.tsx:26:13)

    console.log
      [Button] Has onClick in props: true

      at log (src/components/ui/Button.tsx:27:13)

    console.log
      [Button] All props: {
        onClick: [AsyncFunction: handleCtaClick],
        'aria-describedby': 'hero-heading',
        'aria-label': 'UzK Qwh FPbvC BIEVS - Begin your tax preparation process'
      }

      at log (src/components/ui/Button.tsx:28:13)

    console.log
      [Button] Rendering with type: button

      at log (src/components/ui/Button.tsx:25:13)

    console.log
      [Button] Props received: {
        variant: 'primary',
        size: 'lg',
        type: 'button',
        loading: false,
        disabled: undefined
      }

      at log (src/components/ui/Button.tsx:26:13)

    console.log
      [Button] Has onClick in props: true

      at log (src/components/ui/Button.tsx:27:13)

    console.log
      [Button] All props: {
        onClick: [AsyncFunction: handlePrimaryClick],
        'aria-describedby': 'cta-heading',
        'aria-label': 'Start Your Tax Preparation Now - Begin your tax preparation process now'
      }

      at log (src/components/ui/Button.tsx:28:13)

    console.log
      [Button] Rendering with type: button

      at log (src/components/ui/Button.tsx:25:13)

    console.log
      [Button] Props received: {
        variant: 'outline',
        size: 'lg',
        type: 'button',
        loading: false,
        disabled: undefined
      }

      at log (src/components/ui/Button.tsx:26:13)

    console.log
      [Button] Has onClick in props: true

      at log (src/components/ui/Button.tsx:27:13)

    console.log
      [Button] All props: {
        onClick: [AsyncFunction: handleSecondaryClick],
        'aria-describedby': 'cta-heading',
        'aria-label': 'Learn More About Our Process - Get more information about our tax preparation process'
      }

      at log (src/components/ui/Button.tsx:28:13)

    console.log
      [Button] Rendering with type: button

      at log (src/components/ui/Button.tsx:25:13)

    console.log
      [Button] Props received: {
        variant: 'primary',
        size: 'lg',
        type: 'button',
        loading: false,
        disabled: undefined
      }

      at log (src/components/ui/Button.tsx:26:13)

    console.log
      [Button] Has onClick in props: true

      at log (src/components/ui/Button.tsx:27:13)

    console.log
      [Button] All props: {
        onClick: [AsyncFunction: handleCtaClick],
        'aria-describedby': 'hero-heading',
        'aria-label': 'MbF Rex Lhw RgH dUx - Begin your tax preparation process'
      }

      at log (src/components/ui/Button.tsx:28:13)

    console.log
      [Button] Rendering with type: button

      at log (src/components/ui/Button.tsx:25:13)

    console.log
      [Button] Props received: {
        variant: 'primary',
        size: 'lg',
        type: 'button',
        loading: false,
        disabled: undefined
      }

      at log (src/components/ui/Button.tsx:26:13)

    console.log
      [Button] Has onClick in props: true

      at log (src/components/ui/Button.tsx:27:13)

    console.log
      [Button] All props: {
        onClick: [AsyncFunction: handlePrimaryClick],
        'aria-describedby': 'cta-heading',
        'aria-label': 'Start Your Tax Preparation Now - Begin your tax preparation process now'
      }

      at log (src/components/ui/Button.tsx:28:13)

    console.log
      [Button] Rendering with type: button

      at log (src/components/ui/Button.tsx:25:13)

    console.log
      [Button] Props received: {
        variant: 'outline',
        size: 'lg',
        type: 'button',
        loading: false,
        disabled: undefined
      }

      at log (src/components/ui/Button.tsx:26:13)

    console.log
      [Button] Has onClick in props: true

      at log (src/components/ui/Button.tsx:27:13)

    console.log
      [Button] All props: {
        onClick: [AsyncFunction: handleSecondaryClick],
        'aria-describedby': 'cta-heading',
        'aria-label': 'Learn More About Our Process - Get more information about our tax preparation process'
      }

      at log (src/components/ui/Button.tsx:28:13)

    console.log
      [Button] Rendering with type: button

      at log (src/components/ui/Button.tsx:25:13)

    console.log
      [Button] Props received: {
        variant: 'primary',
        size: 'lg',
        type: 'button',
        loading: false,
        disabled: undefined
      }

      at log (src/components/ui/Button.tsx:26:13)

    console.log
      [Button] Has onClick in props: true

      at log (src/components/ui/Button.tsx:27:13)

    console.log
      [Button] All props: {
        onClick: [AsyncFunction: handleCtaClick],
        'aria-describedby': 'hero-heading',
        'aria-label': 'Quick IRS Process Tax Quick Easy - Begin your tax preparation process'
      }

      at log (src/components/ui/Button.tsx:28:13)

    console.log
      [Button] Rendering with type: button

      at log (src/components/ui/Button.tsx:25:13)

    console.log
      [Button] Props received: {
        variant: 'primary',
        size: 'lg',
        type: 'button',
        loading: false,
        disabled: undefined
      }

      at log (src/components/ui/Button.tsx:26:13)

    console.log
      [Button] Has onClick in props: true

      at log (src/components/ui/Button.tsx:27:13)

    console.log
      [Button] All props: {
        onClick: [AsyncFunction: handlePrimaryClick],
        'aria-describedby': 'cta-heading',
        'aria-label': 'Start Your Tax Preparation Now - Begin your tax preparation process now'
      }

      at log (src/components/ui/Button.tsx:28:13)

    console.log
      [Button] Rendering with type: button

      at log (src/components/ui/Button.tsx:25:13)

    console.log
      [Button] Props received: {
        variant: 'outline',
        size: 'lg',
        type: 'button',
        loading: false,
        disabled: undefined
      }

      at log (src/components/ui/Button.tsx:26:13)

    console.log
      [Button] Has onClick in props: true

      at log (src/components/ui/Button.tsx:27:13)

    console.log
      [Button] All props: {
        onClick: [AsyncFunction: handleSecondaryClick],
        'aria-describedby': 'cta-heading',
        'aria-label': 'Learn More About Our Process - Get more information about our tax preparation process'
      }

      at log (src/components/ui/Button.tsx:28:13)

    console.log
      [Button] Rendering with type: button

      at log (src/components/ui/Button.tsx:25:13)

    console.log
      [Button] Props received: {
        variant: 'primary',
        size: 'lg',
        type: 'button',
        loading: false,
        disabled: undefined
      }

      at log (src/components/ui/Button.tsx:26:13)

    console.log
      [Button] Has onClick in props: true

      at log (src/components/ui/Button.tsx:27:13)

    console.log
      [Button] All props: {
        onClick: [AsyncFunction: handleCtaClick],
        'aria-describedby': 'hero-heading',
        'aria-label': 'tDqZFk xPb cWw - Begin your tax preparation process'
      }

      at log (src/components/ui/Button.tsx:28:13)

    console.log
      [Button] Rendering with type: button

      at log (src/components/ui/Button.tsx:25:13)

    console.log
      [Button] Props received: {
        variant: 'primary',
        size: 'lg',
        type: 'button',
        loading: false,
        disabled: undefined
      }

      at log (src/components/ui/Button.tsx:26:13)

    console.log
      [Button] Has onClick in props: true

      at log (src/components/ui/Button.tsx:27:13)

    console.log
      [Button] All props: {
        onClick: [AsyncFunction: handlePrimaryClick],
        'aria-describedby': 'cta-heading',
        'aria-label': 'Start Your Tax Preparation Now - Begin your tax preparation process now'
      }

      at log (src/components/ui/Button.tsx:28:13)

    console.log
      [Button] Rendering with type: button

      at log (src/components/ui/Button.tsx:25:13)

    console.log
      [Button] Props received: {
        variant: 'outline',
        size: 'lg',
        type: 'button',
        loading: false,
        disabled: undefined
      }

      at log (src/components/ui/Button.tsx:26:13)

    console.log
      [Button] Has onClick in props: true

      at log (src/components/ui/Button.tsx:27:13)

    console.log
      [Button] All props: {
        onClick: [AsyncFunction: handleSecondaryClick],
        'aria-describedby': 'cta-heading',
        'aria-label': 'Learn More About Our Process - Get more information about our tax preparation process'
      }

      at log (src/components/ui/Button.tsx:28:13)

    console.log
      [Button] Rendering with type: button

      at log (src/components/ui/Button.tsx:25:13)

    console.log
      [Button] Props received: {
        variant: 'primary',
        size: 'lg',
        type: 'button',
        loading: false,
        disabled: undefined
      }

      at log (src/components/ui/Button.tsx:26:13)

    console.log
      [Button] Has onClick in props: true

      at log (src/components/ui/Button.tsx:27:13)

    console.log
      [Button] All props: {
        onClick: [AsyncFunction: handleCtaClick],
        'aria-describedby': 'hero-heading',
        'aria-label': 'SOfo PNKXLy XQP - Begin your tax preparation process'
      }

      at log (src/components/ui/Button.tsx:28:13)

    console.log
      [Button] Rendering with type: button

      at log (src/components/ui/Button.tsx:25:13)

    console.log
      [Button] Props received: {
        variant: 'primary',
        size: 'lg',
        type: 'button',
        loading: false,
        disabled: undefined
      }

      at log (src/components/ui/Button.tsx:26:13)

    console.log
      [Button] Has onClick in props: true

      at log (src/components/ui/Button.tsx:27:13)

    console.log
      [Button] All props: {
        onClick: [AsyncFunction: handlePrimaryClick],
        'aria-describedby': 'cta-heading',
        'aria-label': 'Start Your Tax Preparation Now - Begin your tax preparation process now'
      }

      at log (src/components/ui/Button.tsx:28:13)

    console.log
      [Button] Rendering with type: button

      at log (src/components/ui/Button.tsx:25:13)

    console.log
      [Button] Props received: {
        variant: 'outline',
        size: 'lg',
        type: 'button',
        loading: false,
        disabled: undefined
      }

      at log (src/components/ui/Button.tsx:26:13)

    console.log
      [Button] Has onClick in props: true

      at log (src/components/ui/Button.tsx:27:13)

    console.log
      [Button] All props: {
        onClick: [AsyncFunction: handleSecondaryClick],
        'aria-describedby': 'cta-heading',
        'aria-label': 'Learn More About Our Process - Get more information about our tax preparation process'
      }

      at log (src/components/ui/Button.tsx:28:13)

    console.log
      [Button] Rendering with type: button

      at log (src/components/ui/Button.tsx:25:13)

    console.log
      [Button] Props received: {
        variant: 'primary',
        size: 'lg',
        type: 'button',
        loading: false,
        disabled: undefined
      }

      at log (src/components/ui/Button.tsx:26:13)

    console.log
      [Button] Has onClick in props: true

      at log (src/components/ui/Button.tsx:27:13)

    console.log
      [Button] All props: {
        onClick: [AsyncFunction: handleCtaClick],
        'aria-describedby': 'hero-heading',
        'aria-label': 'MLjpWIovHSz call - Begin your tax preparation process'
      }

      at log (src/components/ui/Button.tsx:28:13)

    console.log
      [Button] Rendering with type: button

      at log (src/components/ui/Button.tsx:25:13)

    console.log
      [Button] Props received: {
        variant: 'primary',
        size: 'lg',
        type: 'button',
        loading: false,
        disabled: undefined
      }

      at log (src/components/ui/Button.tsx:26:13)

    console.log
      [Button] Has onClick in props: true

      at log (src/components/ui/Button.tsx:27:13)

    console.log
      [Button] All props: {
        onClick: [AsyncFunction: handlePrimaryClick],
        'aria-describedby': 'cta-heading',
        'aria-label': 'Start Your Tax Preparation Now - Begin your tax preparation process now'
      }

      at log (src/components/ui/Button.tsx:28:13)

    console.log
      [Button] Rendering with type: button

      at log (src/components/ui/Button.tsx:25:13)

    console.log
      [Button] Props received: {
        variant: 'outline',
        size: 'lg',
        type: 'button',
        loading: false,
        disabled: undefined
      }

      at log (src/components/ui/Button.tsx:26:13)

    console.log
      [Button] Has onClick in props: true

      at log (src/components/ui/Button.tsx:27:13)

    console.log
      [Button] All props: {
        onClick: [AsyncFunction: handleSecondaryClick],
        'aria-describedby': 'cta-heading',
        'aria-label': 'Learn More About Our Process - Get more information about our tax preparation process'
      }

      at log (src/components/ui/Button.tsx:28:13)

    console.log
      [Button] Rendering with type: button

      at log (src/components/ui/Button.tsx:25:13)

    console.log
      [Button] Props received: {
        variant: 'primary',
        size: 'lg',
        type: 'button',
        loading: false,
        disabled: undefined
      }

      at log (src/components/ui/Button.tsx:26:13)

    console.log
      [Button] Has onClick in props: true

      at log (src/components/ui/Button.tsx:27:13)

    console.log
      [Button] All props: {
        onClick: [AsyncFunction: handleCtaClick],
        'aria-describedby': 'hero-heading',
        'aria-label': 'nnUiE kco - Begin your tax preparation process'
      }

      at log (src/components/ui/Button.tsx:28:13)

    console.log
      [Button] Rendering with type: button

      at log (src/components/ui/Button.tsx:25:13)

    console.log
      [Button] Props received: {
        variant: 'primary',
        size: 'lg',
        type: 'button',
        loading: false,
        disabled: undefined
      }

      at log (src/components/ui/Button.tsx:26:13)

    console.log
      [Button] Has onClick in props: true

      at log (src/components/ui/Button.tsx:27:13)

    console.log
      [Button] All props: {
        onClick: [AsyncFunction: handlePrimaryClick],
        'aria-describedby': 'cta-heading',
        'aria-label': 'Start Your Tax Preparation Now - Begin your tax preparation process now'
      }

      at log (src/components/ui/Button.tsx:28:13)

    console.log
      [Button] Rendering with type: button

      at log (src/components/ui/Button.tsx:25:13)

    console.log
      [Button] Props received: {
        variant: 'outline',
        size: 'lg',
        type: 'button',
        loading: false,
        disabled: undefined
      }

      at log (src/components/ui/Button.tsx:26:13)

    console.log
      [Button] Has onClick in props: true

      at log (src/components/ui/Button.tsx:27:13)

    console.log
      [Button] All props: {
        onClick: [AsyncFunction: handleSecondaryClick],
        'aria-describedby': 'cta-heading',
        'aria-label': 'Learn More About Our Process - Get more information about our tax preparation process'
      }

      at log (src/components/ui/Button.tsx:28:13)

    console.log
      [Button] Rendering with type: button

      at log (src/components/ui/Button.tsx:25:13)

    console.log
      [Button] Props received: {
        variant: 'primary',
        size: 'lg',
        type: 'button',
        loading: false,
        disabled: undefined
      }

      at log (src/components/ui/Button.tsx:26:13)

    console.log
      [Button] Has onClick in props: true

      at log (src/components/ui/Button.tsx:27:13)

    console.log
      [Button] All props: {
        onClick: [AsyncFunction: handleCtaClick],
        'aria-describedby': 'hero-heading',
        'aria-label': 'User Data - Begin your tax preparation process'
      }

      at log (src/components/ui/Button.tsx:28:13)

    console.log
      [Button] Rendering with type: button

      at log (src/components/ui/Button.tsx:25:13)

    console.log
      [Button] Props received: {
        variant: 'primary',
        size: 'lg',
        type: 'button',
        loading: false,
        disabled: undefined
      }

      at log (src/components/ui/Button.tsx:26:13)

    console.log
      [Button] Has onClick in props: true

      at log (src/components/ui/Button.tsx:27:13)

    console.log
      [Button] All props: {
        onClick: [AsyncFunction: handlePrimaryClick],
        'aria-describedby': 'cta-heading',
        'aria-label': 'Start Your Tax Preparation Now - Begin your tax preparation process now'
      }

      at log (src/components/ui/Button.tsx:28:13)

    console.log
      [Button] Rendering with type: button

      at log (src/components/ui/Button.tsx:25:13)

    console.log
      [Button] Props received: {
        variant: 'outline',
        size: 'lg',
        type: 'button',
        loading: false,
        disabled: undefined
      }

      at log (src/components/ui/Button.tsx:26:13)

    console.log
      [Button] Has onClick in props: true

      at log (src/components/ui/Button.tsx:27:13)

    console.log
      [Button] All props: {
        onClick: [AsyncFunction: handleSecondaryClick],
        'aria-describedby': 'cta-heading',
        'aria-label': 'Learn More About Our Process - Get more information about our tax preparation process'
      }

      at log (src/components/ui/Button.tsx:28:13)

    console.log
      [Button] Rendering with type: button

      at log (src/components/ui/Button.tsx:25:13)

    console.log
      [Button] Props received: {
        variant: 'primary',
        size: 'lg',
        type: 'button',
        loading: false,
        disabled: undefined
      }

      at log (src/components/ui/Button.tsx:26:13)

    console.log
      [Button] Has onClick in props: true

      at log (src/components/ui/Button.tsx:27:13)

    console.log
      [Button] All props: {
        onClick: [AsyncFunction: handleCtaClick],
        'aria-describedby': 'hero-heading',
        'aria-label': 'User Preparation - Begin your tax preparation process'
      }

      at log (src/components/ui/Button.tsx:28:13)

    console.log
      [Button] Rendering with type: button

      at log (src/components/ui/Button.tsx:25:13)

    console.log
      [Button] Props received: {
        variant: 'primary',
        size: 'lg',
        type: 'button',
        loading: false,
        disabled: undefined
      }

      at log (src/components/ui/Button.tsx:26:13)

    console.log
      [Button] Has onClick in props: true

      at log (src/components/ui/Button.tsx:27:13)

    console.log
      [Button] All props: {
        onClick: [AsyncFunction: handlePrimaryClick],
        'aria-describedby': 'cta-heading',
        'aria-label': 'Start Your Tax Preparation Now - Begin your tax preparation process now'
      }

      at log (src/components/ui/Button.tsx:28:13)

    console.log
      [Button] Rendering with type: button

      at log (src/components/ui/Button.tsx:25:13)

    console.log
      [Button] Props received: {
        variant: 'outline',
        size: 'lg',
        type: 'button',
        loading: false,
        disabled: undefined
      }

      at log (src/components/ui/Button.tsx:26:13)

    console.log
      [Button] Has onClick in props: true

      at log (src/components/ui/Button.tsx:27:13)

    console.log
      [Button] All props: {
        onClick: [AsyncFunction: handleSecondaryClick],
        'aria-describedby': 'cta-heading',
        'aria-label': 'Learn More About Our Process - Get more information about our tax preparation process'
      }

      at log (src/components/ui/Button.tsx:28:13)

    console.log
      [Button] Rendering with type: button

      at log (src/components/ui/Button.tsx:25:13)

    console.log
      [Button] Props received: {
        variant: 'primary',
        size: 'lg',
        type: 'button',
        loading: false,
        disabled: undefined
      }

      at log (src/components/ui/Button.tsx:26:13)

    console.log
      [Button] Has onClick in props: true

      at log (src/components/ui/Button.tsx:27:13)

    console.log
      [Button] All props: {
        onClick: [AsyncFunction: handleCtaClick],
        'aria-describedby': 'hero-heading',
        'aria-label': 'key val - Begin your tax preparation process'
      }

      at log (src/components/ui/Button.tsx:28:13)

    console.log
      [Button] Rendering with type: button

      at log (src/components/ui/Button.tsx:25:13)

    console.log
      [Button] Props received: {
        variant: 'primary',
        size: 'lg',
        type: 'button',
        loading: false,
        disabled: undefined
      }

      at log (src/components/ui/Button.tsx:26:13)

    console.log
      [Button] Has onClick in props: true

      at log (src/components/ui/Button.tsx:27:13)

    console.log
      [Button] All props: {
        onClick: [AsyncFunction: handlePrimaryClick],
        'aria-describedby': 'cta-heading',
        'aria-label': 'Start Your Tax Preparation Now - Begin your tax preparation process now'
      }

      at log (src/components/ui/Button.tsx:28:13)

    console.log
      [Button] Rendering with type: button

      at log (src/components/ui/Button.tsx:25:13)

    console.log
      [Button] Props received: {
        variant: 'outline',
        size: 'lg',
        type: 'button',
        loading: false,
        disabled: undefined
      }

      at log (src/components/ui/Button.tsx:26:13)

    console.log
      [Button] Has onClick in props: true

      at log (src/components/ui/Button.tsx:27:13)

    console.log
      [Button] All props: {
        onClick: [AsyncFunction: handleSecondaryClick],
        'aria-describedby': 'cta-heading',
        'aria-label': 'Learn More About Our Process - Get more information about our tax preparation process'
      }

      at log (src/components/ui/Button.tsx:28:13)

    console.log
      [Button] Rendering with type: button

      at log (src/components/ui/Button.tsx:25:13)

    console.log
      [Button] Props received: {
        variant: 'primary',
        size: 'lg',
        type: 'button',
        loading: false,
        disabled: undefined
      }

      at log (src/components/ui/Button.tsx:26:13)

    console.log
      [Button] Has onClick in props: true

      at log (src/components/ui/Button.tsx:27:13)

    console.log
      [Button] All props: {
        onClick: [AsyncFunction: handleCtaClick],
        'aria-describedby': 'hero-heading',
        'aria-label': 'Quick Simple - Begin your tax preparation process'
      }

      at log (src/components/ui/Button.tsx:28:13)

    console.log
      [Button] Rendering with type: button

      at log (src/components/ui/Button.tsx:25:13)

    console.log
      [Button] Props received: {
        variant: 'primary',
        size: 'lg',
        type: 'button',
        loading: false,
        disabled: undefined
      }

      at log (src/components/ui/Button.tsx:26:13)

    console.log
      [Button] Has onClick in props: true

      at log (src/components/ui/Button.tsx:27:13)

    console.log
      [Button] All props: {
        onClick: [AsyncFunction: handlePrimaryClick],
        'aria-describedby': 'cta-heading',
        'aria-label': 'Start Your Tax Preparation Now - Begin your tax preparation process now'
      }

      at log (src/components/ui/Button.tsx:28:13)

    console.log
      [Button] Rendering with type: button

      at log (src/components/ui/Button.tsx:25:13)

    console.log
      [Button] Props received: {
        variant: 'outline',
        size: 'lg',
        type: 'button',
        loading: false,
        disabled: undefined
      }

      at log (src/components/ui/Button.tsx:26:13)

    console.log
      [Button] Has onClick in props: true

      at log (src/components/ui/Button.tsx:27:13)

    console.log
      [Button] All props: {
        onClick: [AsyncFunction: handleSecondaryClick],
        'aria-describedby': 'cta-heading',
        'aria-label': 'Learn More About Our Process - Get more information about our tax preparation process'
      }

      at log (src/components/ui/Button.tsx:28:13)

    console.log
      [Button] Rendering with type: button

      at log (src/components/ui/Button.tsx:25:13)

    console.log
      [Button] Props received: {
        variant: 'primary',
        size: 'lg',
        type: 'button',
        loading: false,
        disabled: undefined
      }

      at log (src/components/ui/Button.tsx:26:13)

    console.log
      [Button] Has onClick in props: true

      at log (src/components/ui/Button.tsx:27:13)

    console.log
      [Button] All props: {
        onClick: [AsyncFunction: handleCtaClick],
        'aria-describedby': 'hero-heading',
        'aria-label': 'App Process Easy Form Quick Easy - Begin your tax preparation process'
      }

      at log (src/components/ui/Button.tsx:28:13)

    console.log
      [Button] Rendering with type: button

      at log (src/components/ui/Button.tsx:25:13)

    console.log
      [Button] Props received: {
        variant: 'primary',
        size: 'lg',
        type: 'button',
        loading: false,
        disabled: undefined
      }

      at log (src/components/ui/Button.tsx:26:13)

    console.log
      [Button] Has onClick in props: true

      at log (src/components/ui/Button.tsx:27:13)

    console.log
      [Button] All props: {
        onClick: [AsyncFunction: handlePrimaryClick],
        'aria-describedby': 'cta-heading',
        'aria-label': 'Start Your Tax Preparation Now - Begin your tax preparation process now'
      }

      at log (src/components/ui/Button.tsx:28:13)

    console.log
      [Button] Rendering with type: button

      at log (src/components/ui/Button.tsx:25:13)

    console.log
      [Button] Props received: {
        variant: 'outline',
        size: 'lg',
        type: 'button',
        loading: false,
        disabled: undefined
      }

      at log (src/components/ui/Button.tsx:26:13)

    console.log
      [Button] Has onClick in props: true

      at log (src/components/ui/Button.tsx:27:13)

    console.log
      [Button] All props: {
        onClick: [AsyncFunction: handleSecondaryClick],
        'aria-describedby': 'cta-heading',
        'aria-label': 'Learn More About Our Process - Get more information about our tax preparation process'
      }

      at log (src/components/ui/Button.tsx:28:13)

    console.log
      [Button] Rendering with type: button

      at log (src/components/ui/Button.tsx:25:13)

    console.log
      [Button] Props received: {
        variant: 'primary',
        size: 'lg',
        type: 'button',
        loading: false,
        disabled: undefined
      }

      at log (src/components/ui/Button.tsx:26:13)

    console.log
      [Button] Has onClick in props: true

      at log (src/components/ui/Button.tsx:27:13)

    console.log
      [Button] All props: {
        onClick: [AsyncFunction: handleCtaClick],
        'aria-describedby': 'hero-heading',
        'aria-label': 'Tax Tax Process System - Begin your tax preparation process'
      }

      at log (src/components/ui/Button.tsx:28:13)

    console.log
      [Button] Rendering with type: button

      at log (src/components/ui/Button.tsx:25:13)

    console.log
      [Button] Props received: {
        variant: 'primary',
        size: 'lg',
        type: 'button',
        loading: false,
        disabled: undefined
      }

      at log (src/components/ui/Button.tsx:26:13)

    console.log
      [Button] Has onClick in props: true

      at log (src/components/ui/Button.tsx:27:13)

    console.log
      [Button] All props: {
        onClick: [AsyncFunction: handlePrimaryClick],
        'aria-describedby': 'cta-heading',
        'aria-label': 'Start Your Tax Preparation Now - Begin your tax preparation process now'
      }

      at log (src/components/ui/Button.tsx:28:13)

    console.log
      [Button] Rendering with type: button

      at log (src/components/ui/Button.tsx:25:13)

    console.log
      [Button] Props received: {
        variant: 'outline',
        size: 'lg',
        type: 'button',
        loading: false,
        disabled: undefined
      }

      at log (src/components/ui/Button.tsx:26:13)

    console.log
      [Button] Has onClick in props: true

      at log (src/components/ui/Button.tsx:27:13)

    console.log
      [Button] All props: {
        onClick: [AsyncFunction: handleSecondaryClick],
        'aria-describedby': 'cta-heading',
        'aria-label': 'Learn More About Our Process - Get more information about our tax preparation process'
      }

      at log (src/components/ui/Button.tsx:28:13)

PASS src/components/Features.test.tsx
PASS src/app/register/responsive-layout.test.tsx
  ● Console

    console.log
      [Button] Rendering with type: submit

      at log (src/components/ui/Button.tsx:25:13)

    console.log
      [Button] Props received: {
        variant: 'primary',
        size: 'lg',
        type: 'submit',
        loading: false,
        disabled: false
      }

      at log (src/components/ui/Button.tsx:26:13)

    console.log
      [Button] Has onClick in props: false

      at log (src/components/ui/Button.tsx:27:13)

    console.log
      [Button] All props: {}

      at log (src/components/ui/Button.tsx:28:13)

    console.log
      [Button] Rendering with type: submit

      at log (src/components/ui/Button.tsx:25:13)

    console.log
      [Button] Props received: {
        variant: 'primary',
        size: 'lg',
        type: 'submit',
        loading: false,
        disabled: false
      }

      at log (src/components/ui/Button.tsx:26:13)

    console.log
      [Button] Has onClick in props: false

      at log (src/components/ui/Button.tsx:27:13)

    console.log
      [Button] All props: {}

      at log (src/components/ui/Button.tsx:28:13)

    console.log
      [Button] Rendering with type: submit

      at log (src/components/ui/Button.tsx:25:13)

    console.log
      [Button] Props received: {
        variant: 'primary',
        size: 'lg',
        type: 'submit',
        loading: false,
        disabled: false
      }

      at log (src/components/ui/Button.tsx:26:13)

    console.log
      [Button] Has onClick in props: false

      at log (src/components/ui/Button.tsx:27:13)

    console.log
      [Button] All props: {}

      at log (src/components/ui/Button.tsx:28:13)

    console.log
      [Button] Rendering with type: submit

      at log (src/components/ui/Button.tsx:25:13)

    console.log
      [Button] Props received: {
        variant: 'primary',
        size: 'lg',
        type: 'submit',
        loading: false,
        disabled: false
      }

      at log (src/components/ui/Button.tsx:26:13)

    console.log
      [Button] Has onClick in props: false

      at log (src/components/ui/Button.tsx:27:13)

    console.log
      [Button] All props: {}

      at log (src/components/ui/Button.tsx:28:13)

    console.log
      [Button] Rendering with type: submit

      at log (src/components/ui/Button.tsx:25:13)

    console.log
      [Button] Props received: {
        variant: 'primary',
        size: 'lg',
        type: 'submit',
        loading: false,
        disabled: false
      }

      at log (src/components/ui/Button.tsx:26:13)

    console.log
      [Button] Has onClick in props: false

      at log (src/components/ui/Button.tsx:27:13)

    console.log
      [Button] All props: {}

      at log (src/components/ui/Button.tsx:28:13)

    console.log
      [Button] Rendering with type: submit

      at log (src/components/ui/Button.tsx:25:13)

    console.log
      [Button] Props received: {
        variant: 'primary',
        size: 'lg',
        type: 'submit',
        loading: false,
        disabled: false
      }

      at log (src/components/ui/Button.tsx:26:13)

    console.log
      [Button] Has onClick in props: false

      at log (src/components/ui/Button.tsx:27:13)

    console.log
      [Button] All props: {}

      at log (src/components/ui/Button.tsx:28:13)

    console.log
      [Button] Rendering with type: submit

      at log (src/components/ui/Button.tsx:25:13)

    console.log
      [Button] Props received: {
        variant: 'primary',
        size: 'lg',
        type: 'submit',
        loading: false,
        disabled: false
      }

      at log (src/components/ui/Button.tsx:26:13)

    console.log
      [Button] Has onClick in props: false

      at log (src/components/ui/Button.tsx:27:13)

    console.log
      [Button] All props: {}

      at log (src/components/ui/Button.tsx:28:13)

    console.log
      [Button] Rendering with type: submit

      at log (src/components/ui/Button.tsx:25:13)

    console.log
      [Button] Props received: {
        variant: 'primary',
        size: 'lg',
        type: 'submit',
        loading: false,
        disabled: false
      }

      at log (src/components/ui/Button.tsx:26:13)

    console.log
      [Button] Has onClick in props: false

      at log (src/components/ui/Button.tsx:27:13)

    console.log
      [Button] All props: {}

      at log (src/components/ui/Button.tsx:28:13)

    console.log
      [Button] Rendering with type: submit

      at log (src/components/ui/Button.tsx:25:13)

    console.log
      [Button] Props received: {
        variant: 'primary',
        size: 'lg',
        type: 'submit',
        loading: false,
        disabled: false
      }

      at log (src/components/ui/Button.tsx:26:13)

    console.log
      [Button] Has onClick in props: false

      at log (src/components/ui/Button.tsx:27:13)

    console.log
      [Button] All props: {}

      at log (src/components/ui/Button.tsx:28:13)

    console.log
      [Button] Rendering with type: submit

      at log (src/components/ui/Button.tsx:25:13)

    console.log
      [Button] Props received: {
        variant: 'primary',
        size: 'lg',
        type: 'submit',
        loading: false,
        disabled: false
      }

      at log (src/components/ui/Button.tsx:26:13)

    console.log
      [Button] Has onClick in props: false

      at log (src/components/ui/Button.tsx:27:13)

    console.log
      [Button] All props: {}

      at log (src/components/ui/Button.tsx:28:13)

    console.log
      [Button] Rendering with type: submit

      at log (src/components/ui/Button.tsx:25:13)

    console.log
      [Button] Props received: {
        variant: 'primary',
        size: 'lg',
        type: 'submit',
        loading: false,
        disabled: false
      }

      at log (src/components/ui/Button.tsx:26:13)

    console.log
      [Button] Has onClick in props: false

      at log (src/components/ui/Button.tsx:27:13)

    console.log
      [Button] All props: {}

      at log (src/components/ui/Button.tsx:28:13)

    console.log
      [Button] Rendering with type: submit

      at log (src/components/ui/Button.tsx:25:13)

    console.log
      [Button] Props received: {
        variant: 'primary',
        size: 'lg',
        type: 'submit',
        loading: false,
        disabled: false
      }

      at log (src/components/ui/Button.tsx:26:13)

    console.log
      [Button] Has onClick in props: false

      at log (src/components/ui/Button.tsx:27:13)

    console.log
      [Button] All props: {}

      at log (src/components/ui/Button.tsx:28:13)

    console.log
      [Button] Rendering with type: submit

      at log (src/components/ui/Button.tsx:25:13)

    console.log
      [Button] Props received: {
        variant: 'primary',
        size: 'lg',
        type: 'submit',
        loading: false,
        disabled: false
      }

      at log (src/components/ui/Button.tsx:26:13)

    console.log
      [Button] Has onClick in props: false

      at log (src/components/ui/Button.tsx:27:13)

    console.log
      [Button] All props: {}

      at log (src/components/ui/Button.tsx:28:13)

    console.log
      [Button] Rendering with type: submit

      at log (src/components/ui/Button.tsx:25:13)

    console.log
      [Button] Props received: {
        variant: 'primary',
        size: 'lg',
        type: 'submit',
        loading: false,
        disabled: false
      }

      at log (src/components/ui/Button.tsx:26:13)

    console.log
      [Button] Has onClick in props: false

      at log (src/components/ui/Button.tsx:27:13)

    console.log
      [Button] All props: {}

      at log (src/components/ui/Button.tsx:28:13)

    console.log
      [Button] Rendering with type: submit

      at log (src/components/ui/Button.tsx:25:13)

    console.log
      [Button] Props received: {
        variant: 'primary',
        size: 'lg',
        type: 'submit',
        loading: false,
        disabled: false
      }

      at log (src/components/ui/Button.tsx:26:13)

    console.log
      [Button] Has onClick in props: false

      at log (src/components/ui/Button.tsx:27:13)

    console.log
      [Button] All props: {}

      at log (src/components/ui/Button.tsx:28:13)

    console.log
      [Button] Rendering with type: submit

      at log (src/components/ui/Button.tsx:25:13)

    console.log
      [Button] Props received: {
        variant: 'primary',
        size: 'lg',
        type: 'submit',
        loading: false,
        disabled: false
      }

      at log (src/components/ui/Button.tsx:26:13)

    console.log
      [Button] Has onClick in props: false

      at log (src/components/ui/Button.tsx:27:13)

    console.log
      [Button] All props: {}

      at log (src/components/ui/Button.tsx:28:13)

    console.log
      [Button] Rendering with type: submit

      at log (src/components/ui/Button.tsx:25:13)

    console.log
      [Button] Props received: {
        variant: 'primary',
        size: 'lg',
        type: 'submit',
        loading: false,
        disabled: false
      }

      at log (src/components/ui/Button.tsx:26:13)

    console.log
      [Button] Has onClick in props: false

      at log (src/components/ui/Button.tsx:27:13)

    console.log
      [Button] All props: {}

      at log (src/components/ui/Button.tsx:28:13)

PASS src/lib/api/apiClient.test.ts
PASS src/components/forms/Form1099DivInput.responsive.test.tsx
  ● Console

    console.error
      Warning: Received `false` for a non-boolean attribute `loading`.
      
      If you want to write it to the DOM, pass a string instead: loading="false" or loading={value.toString()}.
      
      If you used to conditionally omit it with loading={condition && value}, pass loading={condition ? value : undefined} instead.
          at button
          at children (/Users/ryan/Library/Mobile Documents/com~apple~CloudDocs/Documents/VSCode/Tax-App-Frontend/src/components/forms/Form1099DivInput.responsive.test.tsx:18:14)
          at div
          at form
          at onSubmit (/Users/ryan/Library/Mobile Documents/com~apple~CloudDocs/Documents/VSCode/Tax-App-Frontend/src/components/forms/Form1099DivInput.tsx:73:3)

      46 |   describe('Requirement 8.1: Mobile single-column layout', () => {
      47 |     it('should render form fields in single column on mobile', () => {
    > 48 |       const { container } = render(<Form1099DivInput {...defaultProps} />);
         |                                   ^
      49 |       
      50 |       // Find grid containers
      51 |       const grids = container.querySelectorAll('.grid');

      at printWarning (node_modules/react-dom/cjs/react-dom.development.js:86:30)
      at error (node_modules/react-dom/cjs/react-dom.development.js:60:7)
      at validateProperty$1 (node_modules/react-dom/cjs/react-dom.development.js:3767:9)
      at warnUnknownProperties (node_modules/react-dom/cjs/react-dom.development.js:3803:21)
      at validateProperties$2 (node_modules/react-dom/cjs/react-dom.development.js:3827:3)
      at validatePropertiesInDevelopment (node_modules/react-dom/cjs/react-dom.development.js:9541:5)
      at setInitialProperties (node_modules/react-dom/cjs/react-dom.development.js:9830:5)
      at finalizeInitialChildren (node_modules/react-dom/cjs/react-dom.development.js:10950:3)
      at completeWork (node_modules/react-dom/cjs/react-dom.development.js:22232:17)
      at completeUnitOfWork (node_modules/react-dom/cjs/react-dom.development.js:26632:16)
      at performUnitOfWork (node_modules/react-dom/cjs/react-dom.development.js:26607:5)
      at workLoopSync (node_modules/react-dom/cjs/react-dom.development.js:26505:5)
      at renderRootSync (node_modules/react-dom/cjs/react-dom.development.js:26473:7)
      at performConcurrentWorkOnRoot (node_modules/react-dom/cjs/react-dom.development.js:25777:74)
      at flushActQueue (node_modules/react/cjs/react.development.js:2667:24)
      at act (node_modules/react/cjs/react.development.js:2582:11)
      at node_modules/@testing-library/react/dist/act-compat.js:46:25
      at renderRoot (node_modules/@testing-library/react/dist/pure.js:189:26)
      at render (node_modules/@testing-library/react/dist/pure.js:291:10)
      at Object.<anonymous> (src/components/forms/Form1099DivInput.responsive.test.tsx:48:35)

    console.error
      Warning: React does not recognize the `loadingText` prop on a DOM element. If you intentionally want it to appear in the DOM as a custom attribute, spell it as lowercase `loadingtext` instead. If you accidentally passed it from a parent component, remove it from the DOM element.
          at button
          at children (/Users/ryan/Library/Mobile Documents/com~apple~CloudDocs/Documents/VSCode/Tax-App-Frontend/src/components/forms/Form1099DivInput.responsive.test.tsx:18:14)
          at div
          at form
          at onSubmit (/Users/ryan/Library/Mobile Documents/com~apple~CloudDocs/Documents/VSCode/Tax-App-Frontend/src/components/forms/Form1099DivInput.tsx:73:3)

      46 |   describe('Requirement 8.1: Mobile single-column layout', () => {
      47 |     it('should render form fields in single column on mobile', () => {
    > 48 |       const { container } = render(<Form1099DivInput {...defaultProps} />);
         |                                   ^
      49 |       
      50 |       // Find grid containers
      51 |       const grids = container.querySelectorAll('.grid');

      at printWarning (node_modules/react-dom/cjs/react-dom.development.js:86:30)
      at error (node_modules/react-dom/cjs/react-dom.development.js:60:7)
      at validateProperty$1 (node_modules/react-dom/cjs/react-dom.development.js:3757:7)
      at warnUnknownProperties (node_modules/react-dom/cjs/react-dom.development.js:3803:21)
      at validateProperties$2 (node_modules/react-dom/cjs/react-dom.development.js:3827:3)
      at validatePropertiesInDevelopment (node_modules/react-dom/cjs/react-dom.development.js:9541:5)
      at setInitialProperties (node_modules/react-dom/cjs/react-dom.development.js:9830:5)
      at finalizeInitialChildren (node_modules/react-dom/cjs/react-dom.development.js:10950:3)
      at completeWork (node_modules/react-dom/cjs/react-dom.development.js:22232:17)
      at completeUnitOfWork (node_modules/react-dom/cjs/react-dom.development.js:26632:16)
      at performUnitOfWork (node_modules/react-dom/cjs/react-dom.development.js:26607:5)
      at workLoopSync (node_modules/react-dom/cjs/react-dom.development.js:26505:5)
      at renderRootSync (node_modules/react-dom/cjs/react-dom.development.js:26473:7)
      at performConcurrentWorkOnRoot (node_modules/react-dom/cjs/react-dom.development.js:25777:74)
      at flushActQueue (node_modules/react/cjs/react.development.js:2667:24)
      at act (node_modules/react/cjs/react.development.js:2582:11)
      at node_modules/@testing-library/react/dist/act-compat.js:46:25
      at renderRoot (node_modules/@testing-library/react/dist/pure.js:189:26)
      at render (node_modules/@testing-library/react/dist/pure.js:291:10)
      at Object.<anonymous> (src/components/forms/Form1099DivInput.responsive.test.tsx:48:35)

FAIL src/lib/api/tokenManager.logging.test.ts
  ● Console

    console.log
      [TokenManager] setToken attempt {
        storageKey: 'jwt_token',
        source: 'login',
        traceId: undefined,
        timestamp: '2026-02-08T19:37:42.874Z'
      }

      at log (src/lib/api/tokenManager.ts:201:11)

    console.warn
      TokenManager: Token does not match JWT format (token value not logged for security)

      216 |   if (!validateTokenFormat(token)) {
      217 |     logTokenOperation('set', false, 'Invalid token format: does not match JWT structure', source, traceId);
    > 218 |     console.warn('TokenManager: Token does not match JWT format (token value not logged for security)');
          |             ^
      219 |     return false;
      220 |   }
      221 |

      at warn (src/lib/api/tokenManager.ts:218:13)
      at Object.<anonymous> (src/lib/api/tokenManager.logging.test.ts:31:15)

    console.log
      [TokenManager] setToken attempt {
        storageKey: 'jwt_token',
        source: 'login',
        traceId: undefined,
        timestamp: '2026-02-08T19:37:42.885Z'
      }

      at log (src/lib/api/tokenManager.ts:201:11)

    console.warn
      TokenManager: Attempted to store invalid token (token value not logged for security)

      209 |   if (!isValidToken(token)) {
      210 |     logTokenOperation('set', false, 'Invalid token format: empty or null', source, traceId);
    > 211 |     console.warn('TokenManager: Attempted to store invalid token (token value not logged for security)');
          |             ^
      212 |     return false;
      213 |   }
      214 |

      at warn (src/lib/api/tokenManager.ts:211:13)
      at Object.<anonymous> (src/lib/api/tokenManager.logging.test.ts:42:15)

    console.log
      [TokenManager] setToken attempt {
        storageKey: 'jwt_token',
        source: undefined,
        traceId: undefined,
        timestamp: '2026-02-08T19:37:42.886Z'
      }

      at log (src/lib/api/tokenManager.ts:201:11)

    console.warn
      TokenManager: Token does not match JWT format (token value not logged for security)

      216 |   if (!validateTokenFormat(token)) {
      217 |     logTokenOperation('set', false, 'Invalid token format: does not match JWT structure', source, traceId);
    > 218 |     console.warn('TokenManager: Token does not match JWT format (token value not logged for security)');
          |             ^
      219 |     return false;
      220 |   }
      221 |

      at warn (src/lib/api/tokenManager.ts:218:13)
      at Object.<anonymous> (src/lib/api/tokenManager.logging.test.ts:55:15)

    console.log
      [TokenManager] getToken attempt {
        storageKey: 'jwt_token',
        source: 'api-call',
        traceId: undefined,
        timestamp: '2026-02-08T19:37:42.888Z'
      }

      at log (src/lib/api/tokenManager.ts:322:11)

    console.log
      [TokenManager] Raw value retrieved {
        storageKey: 'jwt_token',
        valuePresent: true,
        valueLength: 15,
        valuePreview: 'valid-token-123...',
        traceId: undefined
      }

      at log (src/lib/api/tokenManager.ts:335:15)

    console.warn
      [TokenManager] Token format validation failed { storageKey: 'jwt_token', traceId: undefined }

      369 |       if (!validateTokenFormat(token)) {
      370 |         if (!logoutStateManager.isLogoutInProgress()) {
    > 371 |           console.warn('[TokenManager] Token format validation failed', {
          |                   ^
      372 |             storageKey: TOKEN_STORAGE_KEY,
      373 |             traceId,
      374 |           });

      at warn (src/lib/api/tokenManager.ts:371:19)
      at Object.<anonymous> (src/lib/api/tokenManager.logging.test.ts:71:15)

    console.log
      [TokenManager] clearToken attempt {
        storageKey: 'jwt_token',
        reason: 'invalid_token_format',
        source: 'api-call',
        traceId: undefined,
        timestamp: '2026-02-08T19:37:42.889Z'
      }

      at log (src/lib/api/tokenManager.ts:413:11)

    console.log
      [TokenManager] Token cleared from storage {
        storageKey: 'jwt_token',
        reason: 'invalid_token_format',
        traceId: undefined
      }

      at log (src/lib/api/tokenManager.ts:427:17)

    console.log
      [TokenManager] getToken attempt {
        storageKey: 'jwt_token',
        source: 'api-call',
        traceId: undefined,
        timestamp: '2026-02-08T19:37:42.891Z'
      }

      at log (src/lib/api/tokenManager.ts:322:11)

    console.log
      [TokenManager] Raw value retrieved {
        storageKey: 'jwt_token',
        valuePresent: false,
        valueLength: 0,
        valuePreview: 'null',
        traceId: undefined
      }

      at log (src/lib/api/tokenManager.ts:335:15)

    console.log
      [TokenManager] No token found in storage { storageKey: 'jwt_token', traceId: undefined }

      at log (src/lib/api/tokenManager.ts:358:21)

    console.log
      [TokenManager] getToken attempt {
        storageKey: 'jwt_token',
        source: 'api-call',
        traceId: undefined,
        timestamp: '2026-02-08T19:37:42.892Z'
      }

      at log (src/lib/api/tokenManager.ts:322:11)

    console.log
      [TokenManager] Raw value retrieved {
        storageKey: 'jwt_token',
        valuePresent: true,
        valueLength: 0,
        valuePreview: 'null',
        traceId: undefined
      }

      at log (src/lib/api/tokenManager.ts:335:15)

    console.warn
      [TokenManager] Invalid token detected (empty or wrong type) { storageKey: 'jwt_token', traceId: undefined }

      346 |           // Check if logout is in progress before logging error
      347 |           if (!logoutStateManager.isLogoutInProgress()) {
    > 348 |             console.warn('[TokenManager] Invalid token detected (empty or wrong type)', {
          |                     ^
      349 |               storageKey: TOKEN_STORAGE_KEY,
      350 |               traceId,
      351 |             });

      at warn (src/lib/api/tokenManager.ts:348:21)
      at Object.<anonymous> (src/lib/api/tokenManager.logging.test.ts:95:15)

    console.log
      [TokenManager] clearToken attempt {
        storageKey: 'jwt_token',
        reason: 'invalid_token_detected',
        source: 'api-call',
        traceId: undefined,
        timestamp: '2026-02-08T19:37:42.893Z'
      }

      at log (src/lib/api/tokenManager.ts:413:11)

    console.log
      [TokenManager] Token cleared from storage {
        storageKey: 'jwt_token',
        reason: 'invalid_token_detected',
        traceId: undefined
      }

      at log (src/lib/api/tokenManager.ts:427:17)

    console.log
      [TokenManager] getToken attempt {
        storageKey: 'jwt_token',
        source: undefined,
        traceId: undefined,
        timestamp: '2026-02-08T19:37:42.893Z'
      }

      at log (src/lib/api/tokenManager.ts:322:11)

    console.log
      [TokenManager] Raw value retrieved {
        storageKey: 'jwt_token',
        valuePresent: true,
        valueLength: 15,
        valuePreview: 'valid-token-123...',
        traceId: undefined
      }

      at log (src/lib/api/tokenManager.ts:335:15)

    console.warn
      [TokenManager] Token format validation failed { storageKey: 'jwt_token', traceId: undefined }

      369 |       if (!validateTokenFormat(token)) {
      370 |         if (!logoutStateManager.isLogoutInProgress()) {
    > 371 |           console.warn('[TokenManager] Token format validation failed', {
          |                   ^
      372 |             storageKey: TOKEN_STORAGE_KEY,
      373 |             traceId,
      374 |           });

      at warn (src/lib/api/tokenManager.ts:371:19)
      at Object.<anonymous> (src/lib/api/tokenManager.logging.test.ts:109:15)

    console.log
      [TokenManager] clearToken attempt {
        storageKey: 'jwt_token',
        reason: 'invalid_token_format',
        source: undefined,
        traceId: undefined,
        timestamp: '2026-02-08T19:37:42.894Z'
      }

      at log (src/lib/api/tokenManager.ts:413:11)

    console.log
      [TokenManager] Token cleared from storage {
        storageKey: 'jwt_token',
        reason: 'invalid_token_format',
        traceId: undefined
      }

      at log (src/lib/api/tokenManager.ts:427:17)

    console.log
      [TokenManager] clearToken attempt {
        storageKey: 'jwt_token',
        reason: 'logout',
        source: 'user-action',
        traceId: undefined,
        timestamp: '2026-02-08T19:37:42.894Z'
      }

      at log (src/lib/api/tokenManager.ts:413:11)

    console.log
      [TokenManager] Token cleared from storage { storageKey: 'jwt_token', reason: 'logout', traceId: undefined }

      at log (src/lib/api/tokenManager.ts:427:17)

    console.log
      [TokenManager] clearToken attempt {
        storageKey: 'jwt_token',
        reason: 'logout',
        source: 'user-action',
        traceId: undefined,
        timestamp: '2026-02-08T19:37:42.895Z'
      }

      at log (src/lib/api/tokenManager.ts:413:11)

    console.log
      [TokenManager] No token to clear { storageKey: 'jwt_token', traceId: undefined }

      at log (src/lib/api/tokenManager.ts:434:17)

    console.log
      [TokenManager] clearToken attempt {
        storageKey: 'jwt_token',
        reason: undefined,
        source: undefined,
        traceId: undefined,
        timestamp: '2026-02-08T19:37:42.896Z'
      }

      at log (src/lib/api/tokenManager.ts:413:11)

    console.log
      [TokenManager] Token cleared from storage { storageKey: 'jwt_token', reason: undefined, traceId: undefined }

      at log (src/lib/api/tokenManager.ts:427:17)

    console.log
      [TokenManager] hasToken check {
        storageKey: 'jwt_token',
        source: 'auth-check',
        traceId: undefined,
        timestamp: '2026-02-08T19:37:42.909Z'
      }

      at log (src/lib/api/tokenManager.ts:469:11)

    console.log
      [TokenManager] getToken attempt {
        storageKey: 'jwt_token',
        source: 'auth-check',
        traceId: undefined,
        timestamp: '2026-02-08T19:37:42.909Z'
      }

      at log (src/lib/api/tokenManager.ts:322:11)

    console.log
      [TokenManager] Raw value retrieved {
        storageKey: 'jwt_token',
        valuePresent: true,
        valueLength: 15,
        valuePreview: 'valid-token-123...',
        traceId: undefined
      }

      at log (src/lib/api/tokenManager.ts:335:15)

    console.warn
      [TokenManager] Token format validation failed { storageKey: 'jwt_token', traceId: undefined }

      369 |       if (!validateTokenFormat(token)) {
      370 |         if (!logoutStateManager.isLogoutInProgress()) {
    > 371 |           console.warn('[TokenManager] Token format validation failed', {
          |                   ^
      372 |             storageKey: TOKEN_STORAGE_KEY,
      373 |             traceId,
      374 |           });

      at warn (src/lib/api/tokenManager.ts:371:19)
      at getToken (src/lib/api/tokenManager.ts:477:17)
      at Object.<anonymous> (src/lib/api/tokenManager.logging.test.ts:215:15)

    console.log
      [TokenManager] clearToken attempt {
        storageKey: 'jwt_token',
        reason: 'invalid_token_format',
        source: 'auth-check',
        traceId: undefined,
        timestamp: '2026-02-08T19:37:42.909Z'
      }

      at log (src/lib/api/tokenManager.ts:413:11)

    console.log
      [TokenManager] Token cleared from storage {
        storageKey: 'jwt_token',
        reason: 'invalid_token_format',
        traceId: undefined
      }

      at log (src/lib/api/tokenManager.ts:427:17)

    console.log
      [TokenManager] hasToken result {
        hasToken: false,
        tokenPresent: false,
        tokenValid: false,
        storageKey: 'jwt_token',
        traceId: undefined
      }

      at log (src/lib/api/tokenManager.ts:480:11)

    console.log
      [TokenManager] setToken attempt {
        storageKey: 'jwt_token',
        source: 'login',
        traceId: undefined,
        timestamp: '2026-02-08T19:37:42.911Z'
      }

      at log (src/lib/api/tokenManager.ts:201:11)

    console.warn
      TokenManager: Token does not match JWT format (token value not logged for security)

      216 |   if (!validateTokenFormat(token)) {
      217 |     logTokenOperation('set', false, 'Invalid token format: does not match JWT structure', source, traceId);
    > 218 |     console.warn('TokenManager: Token does not match JWT format (token value not logged for security)');
          |             ^
      219 |     return false;
      220 |   }
      221 |

      at warn (src/lib/api/tokenManager.ts:218:13)
      at Object.<anonymous> (src/lib/api/tokenManager.logging.test.ts:232:15)

    console.log
      [TokenManager] clearToken attempt {
        storageKey: 'jwt_token',
        reason: 'logout',
        source: 'test',
        traceId: undefined,
        timestamp: '2026-02-08T19:37:42.912Z'
      }

      at log (src/lib/api/tokenManager.ts:413:11)
          at Array.forEach (<anonymous>)

    console.log
      [TokenManager] Token cleared from storage { storageKey: 'jwt_token', reason: 'logout', traceId: undefined }

      at log (src/lib/api/tokenManager.ts:427:17)
          at Array.forEach (<anonymous>)

    console.log
      [TokenManager] setToken attempt {
        storageKey: 'jwt_token',
        source: 'login',
        traceId: undefined,
        timestamp: '2026-02-08T19:37:42.913Z'
      }

      at log (src/lib/api/tokenManager.ts:201:11)

    console.warn
      TokenManager: Token does not match JWT format (token value not logged for security)

      216 |   if (!validateTokenFormat(token)) {
      217 |     logTokenOperation('set', false, 'Invalid token format: does not match JWT structure', source, traceId);
    > 218 |     console.warn('TokenManager: Token does not match JWT format (token value not logged for security)');
          |             ^
      219 |     return false;
      220 |   }
      221 |

      at warn (src/lib/api/tokenManager.ts:218:13)
      at Object.<anonymous> (src/lib/api/tokenManager.logging.test.ts:289:15)

    console.log
      [TokenManager] getToken attempt {
        storageKey: 'jwt_token',
        source: 'api-call',
        traceId: undefined,
        timestamp: '2026-02-08T19:37:42.913Z'
      }

      at log (src/lib/api/tokenManager.ts:322:11)

    console.log
      [TokenManager] Raw value retrieved {
        storageKey: 'jwt_token',
        valuePresent: false,
        valueLength: 0,
        valuePreview: 'null',
        traceId: undefined
      }

      at log (src/lib/api/tokenManager.ts:335:15)

    console.log
      [TokenManager] No token found in storage { storageKey: 'jwt_token', traceId: undefined }

      at log (src/lib/api/tokenManager.ts:358:21)

    console.log
      [TokenManager] clearToken attempt {
        storageKey: 'jwt_token',
        reason: 'logout',
        source: 'user-action',
        traceId: undefined,
        timestamp: '2026-02-08T19:37:42.914Z'
      }

      at log (src/lib/api/tokenManager.ts:413:11)

    console.log
      [TokenManager] No token to clear { storageKey: 'jwt_token', traceId: undefined }

      at log (src/lib/api/tokenManager.ts:434:17)

  ● TokenManager Logging Integration › setToken logging › should log successful token set operation

    expect(jest.fn()).toHaveBeenCalledWith(...expected)

    Expected: "set", true, undefined, "login"
    Received: "set", false, "Invalid token format: does not match JWT structure", "login", undefined

    Number of calls: 1

      31 |       setToken(token, 'login');
      32 |       
    > 33 |       expect(mockLogTokenOperation).toHaveBeenCalledWith(
         |                                     ^
      34 |         'set',
      35 |         true,
      36 |         undefined,

      at Object.toHaveBeenCalledWith (src/lib/api/tokenManager.logging.test.ts:33:37)

  ● TokenManager Logging Integration › setToken logging › should log failed token set operation for invalid token

    expect(jest.fn()).toHaveBeenCalledWith(...expected)

    Expected: "set", false, "Invalid token format", "login"
    Received: "set", false, "Invalid token format: empty or null", "login", undefined

    Number of calls: 1

      42 |       setToken('', 'login');
      43 |       
    > 44 |       expect(mockLogTokenOperation).toHaveBeenCalledWith(
         |                                     ^
      45 |         'set',
      46 |         false,
      47 |         'Invalid token format',

      at Object.toHaveBeenCalledWith (src/lib/api/tokenManager.logging.test.ts:44:37)

  ● TokenManager Logging Integration › setToken logging › should log without source when not provided

    expect(jest.fn()).toHaveBeenCalledWith(...expected)

    Expected: "set", true, undefined, undefined
    Received: "set", false, "Invalid token format: does not match JWT structure", undefined, undefined

    Number of calls: 1

      55 |       setToken(token);
      56 |       
    > 57 |       expect(mockLogTokenOperation).toHaveBeenCalledWith(
         |                                     ^
      58 |         'set',
      59 |         true,
      60 |         undefined,

      at Object.toHaveBeenCalledWith (src/lib/api/tokenManager.logging.test.ts:57:37)

  ● TokenManager Logging Integration › getToken logging › should log successful token retrieval

    expect(jest.fn()).toHaveBeenCalledWith(...expected)

    Expected: "get", true, undefined, "api-call"
    Received
           1: "get", false, "Invalid token format: does not match JWT structure", "api-call", undefined
           2: "clear", true, "invalid_token_format", "api-call", undefined

    Number of calls: 2

      71 |       getToken('api-call');
      72 |       
    > 73 |       expect(mockLogTokenOperation).toHaveBeenCalledWith(
         |                                     ^
      74 |         'get',
      75 |         true,
      76 |         undefined,

      at Object.toHaveBeenCalledWith (src/lib/api/tokenManager.logging.test.ts:73:37)

  ● TokenManager Logging Integration › getToken logging › should log failed token retrieval when no token exists

    expect(jest.fn()).toHaveBeenCalledWith(...expected)

    Expected: "get", false, "No token found", "api-call"
    Received: "get", false, "No token found", "api-call", undefined

    Number of calls: 1

      82 |       getToken('api-call');
      83 |       
    > 84 |       expect(mockLogTokenOperation).toHaveBeenCalledWith(
         |                                     ^
      85 |         'get',
      86 |         false,
      87 |         'No token found',

      at Object.toHaveBeenCalledWith (src/lib/api/tokenManager.logging.test.ts:84:37)

  ● TokenManager Logging Integration › getToken logging › should log failed token retrieval for invalid token

    expect(jest.fn()).toHaveBeenCalledWith(...expected)

    Expected: "get", false, "Invalid token detected", "api-call"
    Received
           1: "get", false, "Invalid token detected: empty or wrong type", "api-call", undefined
           2: "clear", true, "invalid_token_detected", "api-call", undefined

    Number of calls: 2

       95 |       getToken('api-call');
       96 |       
    >  97 |       expect(mockLogTokenOperation).toHaveBeenCalledWith(
          |                                     ^
       98 |         'get',
       99 |         false,
      100 |         'Invalid token detected',

      at Object.toHaveBeenCalledWith (src/lib/api/tokenManager.logging.test.ts:97:37)

  ● TokenManager Logging Integration › getToken logging › should log without source when not provided

    expect(jest.fn()).toHaveBeenCalledWith(...expected)

    Expected: "get", true, undefined, undefined
    Received
           1: "get", false, "Invalid token format: does not match JWT structure", undefined, undefined
           2: "clear", true, "invalid_token_format", undefined, undefined

    Number of calls: 2

      109 |       getToken();
      110 |       
    > 111 |       expect(mockLogTokenOperation).toHaveBeenCalledWith(
          |                                     ^
      112 |         'get',
      113 |         true,
      114 |         undefined,

      at Object.toHaveBeenCalledWith (src/lib/api/tokenManager.logging.test.ts:111:37)

  ● TokenManager Logging Integration › clearToken logging › should log successful token clear operation

    expect(jest.fn()).toHaveBeenCalledWith(...expected)

    Expected: "clear", true, "logout", "user-action"
    Received: "clear", true, "logout", "user-action", undefined

    Number of calls: 1

      125 |       clearToken('logout', 'user-action');
      126 |       
    > 127 |       expect(mockLogTokenOperation).toHaveBeenCalledWith(
          |                                     ^
      128 |         'clear',
      129 |         true,
      130 |         'logout',

      at Object.toHaveBeenCalledWith (src/lib/api/tokenManager.logging.test.ts:127:37)

  ● TokenManager Logging Integration › clearToken logging › should log without reason and source when not provided

    expect(jest.fn()).toHaveBeenCalledWith(...expected)

    Expected: "clear", true, undefined, undefined
    Received: "clear", true, undefined, undefined, undefined

    Number of calls: 1

      146 |       clearToken();
      147 |       
    > 148 |       expect(mockLogTokenOperation).toHaveBeenCalledWith(
          |                                     ^
      149 |         'clear',
      150 |         true,
      151 |         undefined,

      at Object.toHaveBeenCalledWith (src/lib/api/tokenManager.logging.test.ts:148:37)

  ● TokenManager Logging Integration › isValidToken logging › should log validation when source is provided

    expect(jest.fn()).toHaveBeenCalledWith(...expected)

    Expected: "validate", true, undefined, "validation-check"
    Received: "validate", true, undefined, "validation-check", undefined

    Number of calls: 1

      159 |       isValidToken('valid-token', 'validation-check');
      160 |       
    > 161 |       expect(mockLogTokenOperation).toHaveBeenCalledWith(
          |                                     ^
      162 |         'validate',
      163 |         true,
      164 |         undefined,

      at Object.toHaveBeenCalledWith (src/lib/api/tokenManager.logging.test.ts:161:37)

  ● TokenManager Logging Integration › isValidToken logging › should log failed validation when source is provided

    expect(jest.fn()).toHaveBeenCalledWith(...expected)

    Expected: "validate", false, "Token is null", "validation-check"
    Received: "validate", false, "Token is null", "validation-check", undefined

    Number of calls: 1

      170 |       isValidToken(null, 'validation-check');
      171 |       
    > 172 |       expect(mockLogTokenOperation).toHaveBeenCalledWith(
          |                                     ^
      173 |         'validate',
      174 |         false,
      175 |         'Token is null',

      at Object.toHaveBeenCalledWith (src/lib/api/tokenManager.logging.test.ts:172:37)

  ● TokenManager Logging Integration › isValidToken logging › should log appropriate reason for empty string

    expect(jest.fn()).toHaveBeenCalledWith(...expected)

    Expected: "validate", false, "Token is empty", "validation-check"
    Received: "validate", false, "Token is empty", "validation-check", undefined

    Number of calls: 1

      188 |       isValidToken('', 'validation-check');
      189 |       
    > 190 |       expect(mockLogTokenOperation).toHaveBeenCalledWith(
          |                                     ^
      191 |         'validate',
      192 |         false,
      193 |         'Token is empty',

      at Object.toHaveBeenCalledWith (src/lib/api/tokenManager.logging.test.ts:190:37)

  ● TokenManager Logging Integration › isValidToken logging › should log appropriate reason for non-string

    expect(jest.fn()).toHaveBeenCalledWith(...expected)

    Expected: "validate", false, "Token is not a string", "validation-check"
    Received: "validate", false, "Token is not a string", "validation-check", undefined

    Number of calls: 1

      199 |       isValidToken(123 as any, 'validation-check');
      200 |       
    > 201 |       expect(mockLogTokenOperation).toHaveBeenCalledWith(
          |                                     ^
      202 |         'validate',
      203 |         false,
      204 |         'Token is not a string',

      at Object.toHaveBeenCalledWith (src/lib/api/tokenManager.logging.test.ts:201:37)

  ● TokenManager Logging Integration › hasToken logging › should trigger getToken logging with source

    expect(jest.fn()).toHaveBeenCalledWith(...expected)

    Expected: "get", true, undefined, "auth-check"
    Received
           1: "get", false, "Invalid token format: does not match JWT structure", "auth-check", undefined
           2: "clear", true, "invalid_token_format", "auth-check", undefined

    Number of calls: 2

      216 |       
      217 |       // hasToken calls getToken internally, which should log
    > 218 |       expect(mockLogTokenOperation).toHaveBeenCalledWith(
          |                                     ^
      219 |         'get',
      220 |         true,
      221 |         undefined,

      at Object.toHaveBeenCalledWith (src/lib/api/tokenManager.logging.test.ts:218:37)

  ● TokenManager Logging Integration › logging context tracking › should track different sources across operations

    expect(jest.fn()).toHaveBeenLastCalledWith(...expected)

    Expected: "set", true, undefined, "login"
    Received: "set", false, "Invalid token format: does not match JWT structure", "login", undefined

    Number of calls: 1

      231 |       // Login flow
      232 |       setToken(token, 'login');
    > 233 |       expect(mockLogTokenOperation).toHaveBeenLastCalledWith(
          |                                     ^
      234 |         'set',
      235 |         true,
      236 |         undefined,

      at Object.toHaveBeenLastCalledWith (src/lib/api/tokenManager.logging.test.ts:233:37)

  ● TokenManager Logging Integration › logging context tracking › should track different reasons for clearing

    expect(jest.fn()).toHaveBeenLastCalledWith(...expected)

    Expected: "clear", true, "logout", "test"
    Received: "clear", true, "logout", "test", undefined

    Number of calls: 1

      270 |         clearToken(reason, 'test');
      271 |         
    > 272 |         expect(mockLogTokenOperation).toHaveBeenLastCalledWith(
          |                                       ^
      273 |           'clear',
      274 |           true,
      275 |           reason,

      at toHaveBeenLastCalledWith (src/lib/api/tokenManager.logging.test.ts:272:39)
          at Array.forEach (<anonymous>)
      at Object.forEach (src/lib/api/tokenManager.logging.test.ts:268:15)

PASS src/lib/api/validators.test.ts
FAIL src/components/forms/Form1099DivPreview.responsive.test.tsx
  ● Console

    console.error
      [Form1099DivPreview] Error fetching PDF: {
        status: 401,
        message: 'Authentication required. Please log in again.'
      }

      90 |         }
      91 |       } catch (error: any) {
    > 92 |         console.error('[Form1099DivPreview] Error fetching PDF:', error);
         |                 ^
      93 |         
      94 |         if (isMounted) {
      95 |           setPdfError(error.message || 'Failed to load PDF');

      at error (src/components/forms/Form1099DivPreview.tsx:92:17)

    console.error
      Warning: An update to Form1099DivPreview inside a test was not wrapped in act(...).
      
      When testing, code that causes React state updates should be wrapped into act(...):
      
      act(() => {
        /* fire events that update state */
      });
      /* assert on the output */
      
      This ensures that you're testing the behavior the user would see in the browser. Learn more at https://reactjs.org/link/wrap-tests-with-act
          at document (/Users/ryan/Library/Mobile Documents/com~apple~CloudDocs/Documents/VSCode/Tax-App-Frontend/src/components/forms/Form1099DivPreview.tsx:64:3)

      93 |         
      94 |         if (isMounted) {
    > 95 |           setPdfError(error.message || 'Failed to load PDF');
         |           ^
      96 |           setPdfLoading(false);
      97 |         }
      98 |       }

      at printWarning (node_modules/react-dom/cjs/react-dom.development.js:86:30)
      at error (node_modules/react-dom/cjs/react-dom.development.js:60:7)
      at warnIfUpdatesNotWrappedWithActDEV (node_modules/react-dom/cjs/react-dom.development.js:27628:9)
      at scheduleUpdateOnFiber (node_modules/react-dom/cjs/react-dom.development.js:25547:5)
      at dispatchSetState (node_modules/react-dom/cjs/react-dom.development.js:16708:7)
      at setPdfError (src/components/forms/Form1099DivPreview.tsx:95:11)

    console.error
      Warning: An update to Form1099DivPreview inside a test was not wrapped in act(...).
      
      When testing, code that causes React state updates should be wrapped into act(...):
      
      act(() => {
        /* fire events that update state */
      });
      /* assert on the output */
      
      This ensures that you're testing the behavior the user would see in the browser. Learn more at https://reactjs.org/link/wrap-tests-with-act
          at document (/Users/ryan/Library/Mobile Documents/com~apple~CloudDocs/Documents/VSCode/Tax-App-Frontend/src/components/forms/Form1099DivPreview.tsx:64:3)

      94 |         if (isMounted) {
      95 |           setPdfError(error.message || 'Failed to load PDF');
    > 96 |           setPdfLoading(false);
         |           ^
      97 |         }
      98 |       }
      99 |     };

      at printWarning (node_modules/react-dom/cjs/react-dom.development.js:86:30)
      at error (node_modules/react-dom/cjs/react-dom.development.js:60:7)
      at warnIfUpdatesNotWrappedWithActDEV (node_modules/react-dom/cjs/react-dom.development.js:27628:9)
      at scheduleUpdateOnFiber (node_modules/react-dom/cjs/react-dom.development.js:25547:5)
      at dispatchSetState (node_modules/react-dom/cjs/react-dom.development.js:16708:7)
      at setPdfLoading (src/components/forms/Form1099DivPreview.tsx:96:11)

    console.error
      [Form1099DivPreview] Error fetching PDF: {
        status: 401,
        message: 'Authentication required. Please log in again.'
      }

      90 |         }
      91 |       } catch (error: any) {
    > 92 |         console.error('[Form1099DivPreview] Error fetching PDF:', error);
         |                 ^
      93 |         
      94 |         if (isMounted) {
      95 |           setPdfError(error.message || 'Failed to load PDF');

      at error (src/components/forms/Form1099DivPreview.tsx:92:17)

    console.error
      Warning: An update to Form1099DivPreview inside a test was not wrapped in act(...).
      
      When testing, code that causes React state updates should be wrapped into act(...):
      
      act(() => {
        /* fire events that update state */
      });
      /* assert on the output */
      
      This ensures that you're testing the behavior the user would see in the browser. Learn more at https://reactjs.org/link/wrap-tests-with-act
          at document (/Users/ryan/Library/Mobile Documents/com~apple~CloudDocs/Documents/VSCode/Tax-App-Frontend/src/components/forms/Form1099DivPreview.tsx:64:3)

      93 |         
      94 |         if (isMounted) {
    > 95 |           setPdfError(error.message || 'Failed to load PDF');
         |           ^
      96 |           setPdfLoading(false);
      97 |         }
      98 |       }

      at printWarning (node_modules/react-dom/cjs/react-dom.development.js:86:30)
      at error (node_modules/react-dom/cjs/react-dom.development.js:60:7)
      at warnIfUpdatesNotWrappedWithActDEV (node_modules/react-dom/cjs/react-dom.development.js:27628:9)
      at scheduleUpdateOnFiber (node_modules/react-dom/cjs/react-dom.development.js:25547:5)
      at dispatchSetState (node_modules/react-dom/cjs/react-dom.development.js:16708:7)
      at setPdfError (src/components/forms/Form1099DivPreview.tsx:95:11)

    console.error
      Warning: An update to Form1099DivPreview inside a test was not wrapped in act(...).
      
      When testing, code that causes React state updates should be wrapped into act(...):
      
      act(() => {
        /* fire events that update state */
      });
      /* assert on the output */
      
      This ensures that you're testing the behavior the user would see in the browser. Learn more at https://reactjs.org/link/wrap-tests-with-act
          at document (/Users/ryan/Library/Mobile Documents/com~apple~CloudDocs/Documents/VSCode/Tax-App-Frontend/src/components/forms/Form1099DivPreview.tsx:64:3)

      94 |         if (isMounted) {
      95 |           setPdfError(error.message || 'Failed to load PDF');
    > 96 |           setPdfLoading(false);
         |           ^
      97 |         }
      98 |       }
      99 |     };

      at printWarning (node_modules/react-dom/cjs/react-dom.development.js:86:30)
      at error (node_modules/react-dom/cjs/react-dom.development.js:60:7)
      at warnIfUpdatesNotWrappedWithActDEV (node_modules/react-dom/cjs/react-dom.development.js:27628:9)
      at scheduleUpdateOnFiber (node_modules/react-dom/cjs/react-dom.development.js:25547:5)
      at dispatchSetState (node_modules/react-dom/cjs/react-dom.development.js:16708:7)
      at setPdfLoading (src/components/forms/Form1099DivPreview.tsx:96:11)

    console.error
      [Form1099DivPreview] Error fetching PDF: {
        status: 401,
        message: 'Authentication required. Please log in again.'
      }

      90 |         }
      91 |       } catch (error: any) {
    > 92 |         console.error('[Form1099DivPreview] Error fetching PDF:', error);
         |                 ^
      93 |         
      94 |         if (isMounted) {
      95 |           setPdfError(error.message || 'Failed to load PDF');

      at error (src/components/forms/Form1099DivPreview.tsx:92:17)

    console.error
      Warning: An update to Form1099DivPreview inside a test was not wrapped in act(...).
      
      When testing, code that causes React state updates should be wrapped into act(...):
      
      act(() => {
        /* fire events that update state */
      });
      /* assert on the output */
      
      This ensures that you're testing the behavior the user would see in the browser. Learn more at https://reactjs.org/link/wrap-tests-with-act
          at document (/Users/ryan/Library/Mobile Documents/com~apple~CloudDocs/Documents/VSCode/Tax-App-Frontend/src/components/forms/Form1099DivPreview.tsx:64:3)

      93 |         
      94 |         if (isMounted) {
    > 95 |           setPdfError(error.message || 'Failed to load PDF');
         |           ^
      96 |           setPdfLoading(false);
      97 |         }
      98 |       }

      at printWarning (node_modules/react-dom/cjs/react-dom.development.js:86:30)
      at error (node_modules/react-dom/cjs/react-dom.development.js:60:7)
      at warnIfUpdatesNotWrappedWithActDEV (node_modules/react-dom/cjs/react-dom.development.js:27628:9)
      at scheduleUpdateOnFiber (node_modules/react-dom/cjs/react-dom.development.js:25547:5)
      at dispatchSetState (node_modules/react-dom/cjs/react-dom.development.js:16708:7)
      at setPdfError (src/components/forms/Form1099DivPreview.tsx:95:11)

    console.error
      Warning: An update to Form1099DivPreview inside a test was not wrapped in act(...).
      
      When testing, code that causes React state updates should be wrapped into act(...):
      
      act(() => {
        /* fire events that update state */
      });
      /* assert on the output */
      
      This ensures that you're testing the behavior the user would see in the browser. Learn more at https://reactjs.org/link/wrap-tests-with-act
          at document (/Users/ryan/Library/Mobile Documents/com~apple~CloudDocs/Documents/VSCode/Tax-App-Frontend/src/components/forms/Form1099DivPreview.tsx:64:3)

      94 |         if (isMounted) {
      95 |           setPdfError(error.message || 'Failed to load PDF');
    > 96 |           setPdfLoading(false);
         |           ^
      97 |         }
      98 |       }
      99 |     };

      at printWarning (node_modules/react-dom/cjs/react-dom.development.js:86:30)
      at error (node_modules/react-dom/cjs/react-dom.development.js:60:7)
      at warnIfUpdatesNotWrappedWithActDEV (node_modules/react-dom/cjs/react-dom.development.js:27628:9)
      at scheduleUpdateOnFiber (node_modules/react-dom/cjs/react-dom.development.js:25547:5)
      at dispatchSetState (node_modules/react-dom/cjs/react-dom.development.js:16708:7)
      at setPdfLoading (src/components/forms/Form1099DivPreview.tsx:96:11)

    console.error
      [Form1099DivPreview] Error fetching PDF: {
        status: 401,
        message: 'Authentication required. Please log in again.'
      }

      90 |         }
      91 |       } catch (error: any) {
    > 92 |         console.error('[Form1099DivPreview] Error fetching PDF:', error);
         |                 ^
      93 |         
      94 |         if (isMounted) {
      95 |           setPdfError(error.message || 'Failed to load PDF');

      at error (src/components/forms/Form1099DivPreview.tsx:92:17)

    console.error
      Warning: An update to Form1099DivPreview inside a test was not wrapped in act(...).
      
      When testing, code that causes React state updates should be wrapped into act(...):
      
      act(() => {
        /* fire events that update state */
      });
      /* assert on the output */
      
      This ensures that you're testing the behavior the user would see in the browser. Learn more at https://reactjs.org/link/wrap-tests-with-act
          at document (/Users/ryan/Library/Mobile Documents/com~apple~CloudDocs/Documents/VSCode/Tax-App-Frontend/src/components/forms/Form1099DivPreview.tsx:64:3)

      93 |         
      94 |         if (isMounted) {
    > 95 |           setPdfError(error.message || 'Failed to load PDF');
         |           ^
      96 |           setPdfLoading(false);
      97 |         }
      98 |       }

      at printWarning (node_modules/react-dom/cjs/react-dom.development.js:86:30)
      at error (node_modules/react-dom/cjs/react-dom.development.js:60:7)
      at warnIfUpdatesNotWrappedWithActDEV (node_modules/react-dom/cjs/react-dom.development.js:27628:9)
      at scheduleUpdateOnFiber (node_modules/react-dom/cjs/react-dom.development.js:25547:5)
      at dispatchSetState (node_modules/react-dom/cjs/react-dom.development.js:16708:7)
      at setPdfError (src/components/forms/Form1099DivPreview.tsx:95:11)

    console.error
      Warning: An update to Form1099DivPreview inside a test was not wrapped in act(...).
      
      When testing, code that causes React state updates should be wrapped into act(...):
      
      act(() => {
        /* fire events that update state */
      });
      /* assert on the output */
      
      This ensures that you're testing the behavior the user would see in the browser. Learn more at https://reactjs.org/link/wrap-tests-with-act
          at document (/Users/ryan/Library/Mobile Documents/com~apple~CloudDocs/Documents/VSCode/Tax-App-Frontend/src/components/forms/Form1099DivPreview.tsx:64:3)

      94 |         if (isMounted) {
      95 |           setPdfError(error.message || 'Failed to load PDF');
    > 96 |           setPdfLoading(false);
         |           ^
      97 |         }
      98 |       }
      99 |     };

      at printWarning (node_modules/react-dom/cjs/react-dom.development.js:86:30)
      at error (node_modules/react-dom/cjs/react-dom.development.js:60:7)
      at warnIfUpdatesNotWrappedWithActDEV (node_modules/react-dom/cjs/react-dom.development.js:27628:9)
      at scheduleUpdateOnFiber (node_modules/react-dom/cjs/react-dom.development.js:25547:5)
      at dispatchSetState (node_modules/react-dom/cjs/react-dom.development.js:16708:7)
      at setPdfLoading (src/components/forms/Form1099DivPreview.tsx:96:11)

    console.error
      [Form1099DivPreview] Error fetching PDF: {
        status: 401,
        message: 'Authentication required. Please log in again.'
      }

      90 |         }
      91 |       } catch (error: any) {
    > 92 |         console.error('[Form1099DivPreview] Error fetching PDF:', error);
         |                 ^
      93 |         
      94 |         if (isMounted) {
      95 |           setPdfError(error.message || 'Failed to load PDF');

      at error (src/components/forms/Form1099DivPreview.tsx:92:17)

    console.error
      Warning: An update to Form1099DivPreview inside a test was not wrapped in act(...).
      
      When testing, code that causes React state updates should be wrapped into act(...):
      
      act(() => {
        /* fire events that update state */
      });
      /* assert on the output */
      
      This ensures that you're testing the behavior the user would see in the browser. Learn more at https://reactjs.org/link/wrap-tests-with-act
          at document (/Users/ryan/Library/Mobile Documents/com~apple~CloudDocs/Documents/VSCode/Tax-App-Frontend/src/components/forms/Form1099DivPreview.tsx:64:3)

      93 |         
      94 |         if (isMounted) {
    > 95 |           setPdfError(error.message || 'Failed to load PDF');
         |           ^
      96 |           setPdfLoading(false);
      97 |         }
      98 |       }

      at printWarning (node_modules/react-dom/cjs/react-dom.development.js:86:30)
      at error (node_modules/react-dom/cjs/react-dom.development.js:60:7)
      at warnIfUpdatesNotWrappedWithActDEV (node_modules/react-dom/cjs/react-dom.development.js:27628:9)
      at scheduleUpdateOnFiber (node_modules/react-dom/cjs/react-dom.development.js:25547:5)
      at dispatchSetState (node_modules/react-dom/cjs/react-dom.development.js:16708:7)
      at setPdfError (src/components/forms/Form1099DivPreview.tsx:95:11)

    console.error
      Warning: An update to Form1099DivPreview inside a test was not wrapped in act(...).
      
      When testing, code that causes React state updates should be wrapped into act(...):
      
      act(() => {
        /* fire events that update state */
      });
      /* assert on the output */
      
      This ensures that you're testing the behavior the user would see in the browser. Learn more at https://reactjs.org/link/wrap-tests-with-act
          at document (/Users/ryan/Library/Mobile Documents/com~apple~CloudDocs/Documents/VSCode/Tax-App-Frontend/src/components/forms/Form1099DivPreview.tsx:64:3)

      94 |         if (isMounted) {
      95 |           setPdfError(error.message || 'Failed to load PDF');
    > 96 |           setPdfLoading(false);
         |           ^
      97 |         }
      98 |       }
      99 |     };

      at printWarning (node_modules/react-dom/cjs/react-dom.development.js:86:30)
      at error (node_modules/react-dom/cjs/react-dom.development.js:60:7)
      at warnIfUpdatesNotWrappedWithActDEV (node_modules/react-dom/cjs/react-dom.development.js:27628:9)
      at scheduleUpdateOnFiber (node_modules/react-dom/cjs/react-dom.development.js:25547:5)
      at dispatchSetState (node_modules/react-dom/cjs/react-dom.development.js:16708:7)
      at setPdfLoading (src/components/forms/Form1099DivPreview.tsx:96:11)

    console.error
      [Form1099DivPreview] Error fetching PDF: {
        status: 401,
        message: 'Authentication required. Please log in again.'
      }

      90 |         }
      91 |       } catch (error: any) {
    > 92 |         console.error('[Form1099DivPreview] Error fetching PDF:', error);
         |                 ^
      93 |         
      94 |         if (isMounted) {
      95 |           setPdfError(error.message || 'Failed to load PDF');

      at error (src/components/forms/Form1099DivPreview.tsx:92:17)

    console.error
      Warning: An update to Form1099DivPreview inside a test was not wrapped in act(...).
      
      When testing, code that causes React state updates should be wrapped into act(...):
      
      act(() => {
        /* fire events that update state */
      });
      /* assert on the output */
      
      This ensures that you're testing the behavior the user would see in the browser. Learn more at https://reactjs.org/link/wrap-tests-with-act
          at document (/Users/ryan/Library/Mobile Documents/com~apple~CloudDocs/Documents/VSCode/Tax-App-Frontend/src/components/forms/Form1099DivPreview.tsx:64:3)

      93 |         
      94 |         if (isMounted) {
    > 95 |           setPdfError(error.message || 'Failed to load PDF');
         |           ^
      96 |           setPdfLoading(false);
      97 |         }
      98 |       }

      at printWarning (node_modules/react-dom/cjs/react-dom.development.js:86:30)
      at error (node_modules/react-dom/cjs/react-dom.development.js:60:7)
      at warnIfUpdatesNotWrappedWithActDEV (node_modules/react-dom/cjs/react-dom.development.js:27628:9)
      at scheduleUpdateOnFiber (node_modules/react-dom/cjs/react-dom.development.js:25547:5)
      at dispatchSetState (node_modules/react-dom/cjs/react-dom.development.js:16708:7)
      at setPdfError (src/components/forms/Form1099DivPreview.tsx:95:11)

    console.error
      Warning: An update to Form1099DivPreview inside a test was not wrapped in act(...).
      
      When testing, code that causes React state updates should be wrapped into act(...):
      
      act(() => {
        /* fire events that update state */
      });
      /* assert on the output */
      
      This ensures that you're testing the behavior the user would see in the browser. Learn more at https://reactjs.org/link/wrap-tests-with-act
          at document (/Users/ryan/Library/Mobile Documents/com~apple~CloudDocs/Documents/VSCode/Tax-App-Frontend/src/components/forms/Form1099DivPreview.tsx:64:3)

      94 |         if (isMounted) {
      95 |           setPdfError(error.message || 'Failed to load PDF');
    > 96 |           setPdfLoading(false);
         |           ^
      97 |         }
      98 |       }
      99 |     };

      at printWarning (node_modules/react-dom/cjs/react-dom.development.js:86:30)
      at error (node_modules/react-dom/cjs/react-dom.development.js:60:7)
      at warnIfUpdatesNotWrappedWithActDEV (node_modules/react-dom/cjs/react-dom.development.js:27628:9)
      at scheduleUpdateOnFiber (node_modules/react-dom/cjs/react-dom.development.js:25547:5)
      at dispatchSetState (node_modules/react-dom/cjs/react-dom.development.js:16708:7)
      at setPdfLoading (src/components/forms/Form1099DivPreview.tsx:96:11)

    console.error
      [Form1099DivPreview] Error fetching PDF: {
        status: 401,
        message: 'Authentication required. Please log in again.'
      }

      90 |         }
      91 |       } catch (error: any) {
    > 92 |         console.error('[Form1099DivPreview] Error fetching PDF:', error);
         |                 ^
      93 |         
      94 |         if (isMounted) {
      95 |           setPdfError(error.message || 'Failed to load PDF');

      at error (src/components/forms/Form1099DivPreview.tsx:92:17)

    console.error
      Warning: An update to Form1099DivPreview inside a test was not wrapped in act(...).
      
      When testing, code that causes React state updates should be wrapped into act(...):
      
      act(() => {
        /* fire events that update state */
      });
      /* assert on the output */
      
      This ensures that you're testing the behavior the user would see in the browser. Learn more at https://reactjs.org/link/wrap-tests-with-act
          at document (/Users/ryan/Library/Mobile Documents/com~apple~CloudDocs/Documents/VSCode/Tax-App-Frontend/src/components/forms/Form1099DivPreview.tsx:64:3)

      93 |         
      94 |         if (isMounted) {
    > 95 |           setPdfError(error.message || 'Failed to load PDF');
         |           ^
      96 |           setPdfLoading(false);
      97 |         }
      98 |       }

      at printWarning (node_modules/react-dom/cjs/react-dom.development.js:86:30)
      at error (node_modules/react-dom/cjs/react-dom.development.js:60:7)
      at warnIfUpdatesNotWrappedWithActDEV (node_modules/react-dom/cjs/react-dom.development.js:27628:9)
      at scheduleUpdateOnFiber (node_modules/react-dom/cjs/react-dom.development.js:25547:5)
      at dispatchSetState (node_modules/react-dom/cjs/react-dom.development.js:16708:7)
      at setPdfError (src/components/forms/Form1099DivPreview.tsx:95:11)

    console.error
      Warning: An update to Form1099DivPreview inside a test was not wrapped in act(...).
      
      When testing, code that causes React state updates should be wrapped into act(...):
      
      act(() => {
        /* fire events that update state */
      });
      /* assert on the output */
      
      This ensures that you're testing the behavior the user would see in the browser. Learn more at https://reactjs.org/link/wrap-tests-with-act
          at document (/Users/ryan/Library/Mobile Documents/com~apple~CloudDocs/Documents/VSCode/Tax-App-Frontend/src/components/forms/Form1099DivPreview.tsx:64:3)

      94 |         if (isMounted) {
      95 |           setPdfError(error.message || 'Failed to load PDF');
    > 96 |           setPdfLoading(false);
         |           ^
      97 |         }
      98 |       }
      99 |     };

      at printWarning (node_modules/react-dom/cjs/react-dom.development.js:86:30)
      at error (node_modules/react-dom/cjs/react-dom.development.js:60:7)
      at warnIfUpdatesNotWrappedWithActDEV (node_modules/react-dom/cjs/react-dom.development.js:27628:9)
      at scheduleUpdateOnFiber (node_modules/react-dom/cjs/react-dom.development.js:25547:5)
      at dispatchSetState (node_modules/react-dom/cjs/react-dom.development.js:16708:7)
      at setPdfLoading (src/components/forms/Form1099DivPreview.tsx:96:11)

    console.error
      [Form1099DivPreview] Error fetching PDF: {
        status: 401,
        message: 'Authentication required. Please log in again.'
      }

      90 |         }
      91 |       } catch (error: any) {
    > 92 |         console.error('[Form1099DivPreview] Error fetching PDF:', error);
         |                 ^
      93 |         
      94 |         if (isMounted) {
      95 |           setPdfError(error.message || 'Failed to load PDF');

      at error (src/components/forms/Form1099DivPreview.tsx:92:17)

    console.error
      Warning: An update to Form1099DivPreview inside a test was not wrapped in act(...).
      
      When testing, code that causes React state updates should be wrapped into act(...):
      
      act(() => {
        /* fire events that update state */
      });
      /* assert on the output */
      
      This ensures that you're testing the behavior the user would see in the browser. Learn more at https://reactjs.org/link/wrap-tests-with-act
          at document (/Users/ryan/Library/Mobile Documents/com~apple~CloudDocs/Documents/VSCode/Tax-App-Frontend/src/components/forms/Form1099DivPreview.tsx:64:3)

      93 |         
      94 |         if (isMounted) {
    > 95 |           setPdfError(error.message || 'Failed to load PDF');
         |           ^
      96 |           setPdfLoading(false);
      97 |         }
      98 |       }

      at printWarning (node_modules/react-dom/cjs/react-dom.development.js:86:30)
      at error (node_modules/react-dom/cjs/react-dom.development.js:60:7)
      at warnIfUpdatesNotWrappedWithActDEV (node_modules/react-dom/cjs/react-dom.development.js:27628:9)
      at scheduleUpdateOnFiber (node_modules/react-dom/cjs/react-dom.development.js:25547:5)
      at dispatchSetState (node_modules/react-dom/cjs/react-dom.development.js:16708:7)
      at setPdfError (src/components/forms/Form1099DivPreview.tsx:95:11)

    console.error
      Warning: An update to Form1099DivPreview inside a test was not wrapped in act(...).
      
      When testing, code that causes React state updates should be wrapped into act(...):
      
      act(() => {
        /* fire events that update state */
      });
      /* assert on the output */
      
      This ensures that you're testing the behavior the user would see in the browser. Learn more at https://reactjs.org/link/wrap-tests-with-act
          at document (/Users/ryan/Library/Mobile Documents/com~apple~CloudDocs/Documents/VSCode/Tax-App-Frontend/src/components/forms/Form1099DivPreview.tsx:64:3)

      94 |         if (isMounted) {
      95 |           setPdfError(error.message || 'Failed to load PDF');
    > 96 |           setPdfLoading(false);
         |           ^
      97 |         }
      98 |       }
      99 |     };

      at printWarning (node_modules/react-dom/cjs/react-dom.development.js:86:30)
      at error (node_modules/react-dom/cjs/react-dom.development.js:60:7)
      at warnIfUpdatesNotWrappedWithActDEV (node_modules/react-dom/cjs/react-dom.development.js:27628:9)
      at scheduleUpdateOnFiber (node_modules/react-dom/cjs/react-dom.development.js:25547:5)
      at dispatchSetState (node_modules/react-dom/cjs/react-dom.development.js:16708:7)
      at setPdfLoading (src/components/forms/Form1099DivPreview.tsx:96:11)

    console.error
      Warning: An update to Form1099DivPreview inside a test was not wrapped in act(...).
      
      When testing, code that causes React state updates should be wrapped into act(...):
      
      act(() => {
        /* fire events that update state */
      });
      /* assert on the output */
      
      This ensures that you're testing the behavior the user would see in the browser. Learn more at https://reactjs.org/link/wrap-tests-with-act
          at document (/Users/ryan/Library/Mobile Documents/com~apple~CloudDocs/Documents/VSCode/Tax-App-Frontend/src/components/forms/Form1099DivPreview.tsx:64:3)

      112 |   // Handle approve button click
      113 |   const handleApprove = () => {
    > 114 |     setShowSuccess(true);
          |     ^
      115 |     
      116 |     // Show success message for 2 seconds, then call onApprove
      117 |     setTimeout(() => {

      at printWarning (node_modules/react-dom/cjs/react-dom.development.js:86:30)
      at error (node_modules/react-dom/cjs/react-dom.development.js:60:7)
      at warnIfUpdatesNotWrappedWithActDEV (node_modules/react-dom/cjs/react-dom.development.js:27628:9)
      at scheduleUpdateOnFiber (node_modules/react-dom/cjs/react-dom.development.js:25547:5)
      at dispatchSetState (node_modules/react-dom/cjs/react-dom.development.js:16708:7)
      at setShowSuccess (src/components/forms/Form1099DivPreview.tsx:114:5)
      at HTMLUnknownElement.callCallback (node_modules/react-dom/cjs/react-dom.development.js:4164:14)
      at HTMLUnknownElement.callTheUserObjectsOperation (node_modules/jsdom/lib/jsdom/living/generated/EventListener.js:26:30)
      at innerInvokeEventListeners (node_modules/jsdom/lib/jsdom/living/events/EventTarget-impl.js:350:25)
      at invokeEventListeners (node_modules/jsdom/lib/jsdom/living/events/EventTarget-impl.js:286:3)
      at HTMLUnknownElementImpl._dispatch (node_modules/jsdom/lib/jsdom/living/events/EventTarget-impl.js:233:9)
      at HTMLUnknownElementImpl.dispatchEvent (node_modules/jsdom/lib/jsdom/living/events/EventTarget-impl.js:104:17)
      at HTMLUnknownElement.dispatchEvent (node_modules/jsdom/lib/jsdom/living/generated/EventTarget.js:241:34)
      at Object.invokeGuardedCallbackDev (node_modules/react-dom/cjs/react-dom.development.js:4213:16)
      at invokeGuardedCallback (node_modules/react-dom/cjs/react-dom.development.js:4277:31)
      at invokeGuardedCallbackAndCatchFirstError (node_modules/react-dom/cjs/react-dom.development.js:4291:25)
      at executeDispatch (node_modules/react-dom/cjs/react-dom.development.js:9041:3)
      at processDispatchQueueItemsInOrder (node_modules/react-dom/cjs/react-dom.development.js:9073:7)
      at processDispatchQueue (node_modules/react-dom/cjs/react-dom.development.js:9086:5)
      at dispatchEventsForPlugins (node_modules/react-dom/cjs/react-dom.development.js:9097:3)
      at node_modules/react-dom/cjs/react-dom.development.js:9288:12
      at batchedUpdates$1 (node_modules/react-dom/cjs/react-dom.development.js:26179:12)
      at batchedUpdates (node_modules/react-dom/cjs/react-dom.development.js:3991:12)
      at dispatchEventForPluginEventSystem (node_modules/react-dom/cjs/react-dom.development.js:9287:3)
      at dispatchEventWithEnableCapturePhaseSelectiveHydrationWithoutDiscreteEventReplay (node_modules/react-dom/cjs/react-dom.development.js:6465:5)
      at dispatchEvent (node_modules/react-dom/cjs/react-dom.development.js:6457:5)
      at dispatchDiscreteEvent (node_modules/react-dom/cjs/react-dom.development.js:6430:5)
      at HTMLDivElement.callTheUserObjectsOperation (node_modules/jsdom/lib/jsdom/living/generated/EventListener.js:26:30)
      at innerInvokeEventListeners (node_modules/jsdom/lib/jsdom/living/events/EventTarget-impl.js:350:25)
      at invokeEventListeners (node_modules/jsdom/lib/jsdom/living/events/EventTarget-impl.js:286:3)
      at HTMLButtonElementImpl._dispatch (node_modules/jsdom/lib/jsdom/living/events/EventTarget-impl.js:233:9)
      at fireAnEvent (node_modules/jsdom/lib/jsdom/living/helpers/events.js:18:36)
      at HTMLButtonElementImpl.click (node_modules/jsdom/lib/jsdom/living/nodes/HTMLElement-impl.js:85:5)
      at HTMLButtonElement.click (node_modules/jsdom/lib/jsdom/living/generated/HTMLElement.js:108:34)
      at Object.click (src/components/forms/Form1099DivPreview.responsive.test.tsx:132:21)

    console.error
      [Form1099DivPreview] Error fetching PDF: {
        status: 401,
        message: 'Authentication required. Please log in again.'
      }

      90 |         }
      91 |       } catch (error: any) {
    > 92 |         console.error('[Form1099DivPreview] Error fetching PDF:', error);
         |                 ^
      93 |         
      94 |         if (isMounted) {
      95 |           setPdfError(error.message || 'Failed to load PDF');

      at error (src/components/forms/Form1099DivPreview.tsx:92:17)

    console.error
      [Form1099DivPreview] Error fetching PDF: {
        status: 401,
        message: 'Authentication required. Please log in again.'
      }

      90 |         }
      91 |       } catch (error: any) {
    > 92 |         console.error('[Form1099DivPreview] Error fetching PDF:', error);
         |                 ^
      93 |         
      94 |         if (isMounted) {
      95 |           setPdfError(error.message || 'Failed to load PDF');

      at error (src/components/forms/Form1099DivPreview.tsx:92:17)

    console.error
      Warning: An update to Form1099DivPreview inside a test was not wrapped in act(...).
      
      When testing, code that causes React state updates should be wrapped into act(...):
      
      act(() => {
        /* fire events that update state */
      });
      /* assert on the output */
      
      This ensures that you're testing the behavior the user would see in the browser. Learn more at https://reactjs.org/link/wrap-tests-with-act
          at document (/Users/ryan/Library/Mobile Documents/com~apple~CloudDocs/Documents/VSCode/Tax-App-Frontend/src/components/forms/Form1099DivPreview.tsx:64:3)

      93 |         
      94 |         if (isMounted) {
    > 95 |           setPdfError(error.message || 'Failed to load PDF');
         |           ^
      96 |           setPdfLoading(false);
      97 |         }
      98 |       }

      at printWarning (node_modules/react-dom/cjs/react-dom.development.js:86:30)
      at error (node_modules/react-dom/cjs/react-dom.development.js:60:7)
      at warnIfUpdatesNotWrappedWithActDEV (node_modules/react-dom/cjs/react-dom.development.js:27628:9)
      at scheduleUpdateOnFiber (node_modules/react-dom/cjs/react-dom.development.js:25547:5)
      at dispatchSetState (node_modules/react-dom/cjs/react-dom.development.js:16708:7)
      at setPdfError (src/components/forms/Form1099DivPreview.tsx:95:11)

    console.error
      Warning: An update to Form1099DivPreview inside a test was not wrapped in act(...).
      
      When testing, code that causes React state updates should be wrapped into act(...):
      
      act(() => {
        /* fire events that update state */
      });
      /* assert on the output */
      
      This ensures that you're testing the behavior the user would see in the browser. Learn more at https://reactjs.org/link/wrap-tests-with-act
          at document (/Users/ryan/Library/Mobile Documents/com~apple~CloudDocs/Documents/VSCode/Tax-App-Frontend/src/components/forms/Form1099DivPreview.tsx:64:3)

      94 |         if (isMounted) {
      95 |           setPdfError(error.message || 'Failed to load PDF');
    > 96 |           setPdfLoading(false);
         |           ^
      97 |         }
      98 |       }
      99 |     };

      at printWarning (node_modules/react-dom/cjs/react-dom.development.js:86:30)
      at error (node_modules/react-dom/cjs/react-dom.development.js:60:7)
      at warnIfUpdatesNotWrappedWithActDEV (node_modules/react-dom/cjs/react-dom.development.js:27628:9)
      at scheduleUpdateOnFiber (node_modules/react-dom/cjs/react-dom.development.js:25547:5)
      at dispatchSetState (node_modules/react-dom/cjs/react-dom.development.js:16708:7)
      at setPdfLoading (src/components/forms/Form1099DivPreview.tsx:96:11)

    console.error
      [Form1099DivPreview] Error fetching PDF: {
        status: 401,
        message: 'Authentication required. Please log in again.'
      }

      90 |         }
      91 |       } catch (error: any) {
    > 92 |         console.error('[Form1099DivPreview] Error fetching PDF:', error);
         |                 ^
      93 |         
      94 |         if (isMounted) {
      95 |           setPdfError(error.message || 'Failed to load PDF');

      at error (src/components/forms/Form1099DivPreview.tsx:92:17)

    console.error
      Warning: An update to Form1099DivPreview inside a test was not wrapped in act(...).
      
      When testing, code that causes React state updates should be wrapped into act(...):
      
      act(() => {
        /* fire events that update state */
      });
      /* assert on the output */
      
      This ensures that you're testing the behavior the user would see in the browser. Learn more at https://reactjs.org/link/wrap-tests-with-act
          at document (/Users/ryan/Library/Mobile Documents/com~apple~CloudDocs/Documents/VSCode/Tax-App-Frontend/src/components/forms/Form1099DivPreview.tsx:64:3)

      93 |         
      94 |         if (isMounted) {
    > 95 |           setPdfError(error.message || 'Failed to load PDF');
         |           ^
      96 |           setPdfLoading(false);
      97 |         }
      98 |       }

      at printWarning (node_modules/react-dom/cjs/react-dom.development.js:86:30)
      at error (node_modules/react-dom/cjs/react-dom.development.js:60:7)
      at warnIfUpdatesNotWrappedWithActDEV (node_modules/react-dom/cjs/react-dom.development.js:27628:9)
      at scheduleUpdateOnFiber (node_modules/react-dom/cjs/react-dom.development.js:25547:5)
      at dispatchSetState (node_modules/react-dom/cjs/react-dom.development.js:16708:7)
      at setPdfError (src/components/forms/Form1099DivPreview.tsx:95:11)

    console.error
      Warning: An update to Form1099DivPreview inside a test was not wrapped in act(...).
      
      When testing, code that causes React state updates should be wrapped into act(...):
      
      act(() => {
        /* fire events that update state */
      });
      /* assert on the output */
      
      This ensures that you're testing the behavior the user would see in the browser. Learn more at https://reactjs.org/link/wrap-tests-with-act
          at document (/Users/ryan/Library/Mobile Documents/com~apple~CloudDocs/Documents/VSCode/Tax-App-Frontend/src/components/forms/Form1099DivPreview.tsx:64:3)

      94 |         if (isMounted) {
      95 |           setPdfError(error.message || 'Failed to load PDF');
    > 96 |           setPdfLoading(false);
         |           ^
      97 |         }
      98 |       }
      99 |     };

      at printWarning (node_modules/react-dom/cjs/react-dom.development.js:86:30)
      at error (node_modules/react-dom/cjs/react-dom.development.js:60:7)
      at warnIfUpdatesNotWrappedWithActDEV (node_modules/react-dom/cjs/react-dom.development.js:27628:9)
      at scheduleUpdateOnFiber (node_modules/react-dom/cjs/react-dom.development.js:25547:5)
      at dispatchSetState (node_modules/react-dom/cjs/react-dom.development.js:16708:7)
      at setPdfLoading (src/components/forms/Form1099DivPreview.tsx:96:11)

    console.error
      [Form1099DivPreview] Error fetching PDF: {
        status: 401,
        message: 'Authentication required. Please log in again.'
      }

      90 |         }
      91 |       } catch (error: any) {
    > 92 |         console.error('[Form1099DivPreview] Error fetching PDF:', error);
         |                 ^
      93 |         
      94 |         if (isMounted) {
      95 |           setPdfError(error.message || 'Failed to load PDF');

      at error (src/components/forms/Form1099DivPreview.tsx:92:17)

    console.error
      Warning: An update to Form1099DivPreview inside a test was not wrapped in act(...).
      
      When testing, code that causes React state updates should be wrapped into act(...):
      
      act(() => {
        /* fire events that update state */
      });
      /* assert on the output */
      
      This ensures that you're testing the behavior the user would see in the browser. Learn more at https://reactjs.org/link/wrap-tests-with-act
          at document (/Users/ryan/Library/Mobile Documents/com~apple~CloudDocs/Documents/VSCode/Tax-App-Frontend/src/components/forms/Form1099DivPreview.tsx:64:3)

      93 |         
      94 |         if (isMounted) {
    > 95 |           setPdfError(error.message || 'Failed to load PDF');
         |           ^
      96 |           setPdfLoading(false);
      97 |         }
      98 |       }

      at printWarning (node_modules/react-dom/cjs/react-dom.development.js:86:30)
      at error (node_modules/react-dom/cjs/react-dom.development.js:60:7)
      at warnIfUpdatesNotWrappedWithActDEV (node_modules/react-dom/cjs/react-dom.development.js:27628:9)
      at scheduleUpdateOnFiber (node_modules/react-dom/cjs/react-dom.development.js:25547:5)
      at dispatchSetState (node_modules/react-dom/cjs/react-dom.development.js:16708:7)
      at setPdfError (src/components/forms/Form1099DivPreview.tsx:95:11)

    console.error
      Warning: An update to Form1099DivPreview inside a test was not wrapped in act(...).
      
      When testing, code that causes React state updates should be wrapped into act(...):
      
      act(() => {
        /* fire events that update state */
      });
      /* assert on the output */
      
      This ensures that you're testing the behavior the user would see in the browser. Learn more at https://reactjs.org/link/wrap-tests-with-act
          at document (/Users/ryan/Library/Mobile Documents/com~apple~CloudDocs/Documents/VSCode/Tax-App-Frontend/src/components/forms/Form1099DivPreview.tsx:64:3)

      94 |         if (isMounted) {
      95 |           setPdfError(error.message || 'Failed to load PDF');
    > 96 |           setPdfLoading(false);
         |           ^
      97 |         }
      98 |       }
      99 |     };

      at printWarning (node_modules/react-dom/cjs/react-dom.development.js:86:30)
      at error (node_modules/react-dom/cjs/react-dom.development.js:60:7)
      at warnIfUpdatesNotWrappedWithActDEV (node_modules/react-dom/cjs/react-dom.development.js:27628:9)
      at scheduleUpdateOnFiber (node_modules/react-dom/cjs/react-dom.development.js:25547:5)
      at dispatchSetState (node_modules/react-dom/cjs/react-dom.development.js:16708:7)
      at setPdfLoading (src/components/forms/Form1099DivPreview.tsx:96:11)

    console.error
      [Form1099DivPreview] Error fetching PDF: {
        status: 401,
        message: 'Authentication required. Please log in again.'
      }

      90 |         }
      91 |       } catch (error: any) {
    > 92 |         console.error('[Form1099DivPreview] Error fetching PDF:', error);
         |                 ^
      93 |         
      94 |         if (isMounted) {
      95 |           setPdfError(error.message || 'Failed to load PDF');

      at error (src/components/forms/Form1099DivPreview.tsx:92:17)

    console.error
      Warning: An update to Form1099DivPreview inside a test was not wrapped in act(...).
      
      When testing, code that causes React state updates should be wrapped into act(...):
      
      act(() => {
        /* fire events that update state */
      });
      /* assert on the output */
      
      This ensures that you're testing the behavior the user would see in the browser. Learn more at https://reactjs.org/link/wrap-tests-with-act
          at document (/Users/ryan/Library/Mobile Documents/com~apple~CloudDocs/Documents/VSCode/Tax-App-Frontend/src/components/forms/Form1099DivPreview.tsx:64:3)

      93 |         
      94 |         if (isMounted) {
    > 95 |           setPdfError(error.message || 'Failed to load PDF');
         |           ^
      96 |           setPdfLoading(false);
      97 |         }
      98 |       }

      at printWarning (node_modules/react-dom/cjs/react-dom.development.js:86:30)
      at error (node_modules/react-dom/cjs/react-dom.development.js:60:7)
      at warnIfUpdatesNotWrappedWithActDEV (node_modules/react-dom/cjs/react-dom.development.js:27628:9)
      at scheduleUpdateOnFiber (node_modules/react-dom/cjs/react-dom.development.js:25547:5)
      at dispatchSetState (node_modules/react-dom/cjs/react-dom.development.js:16708:7)
      at setPdfError (src/components/forms/Form1099DivPreview.tsx:95:11)

    console.error
      Warning: An update to Form1099DivPreview inside a test was not wrapped in act(...).
      
      When testing, code that causes React state updates should be wrapped into act(...):
      
      act(() => {
        /* fire events that update state */
      });
      /* assert on the output */
      
      This ensures that you're testing the behavior the user would see in the browser. Learn more at https://reactjs.org/link/wrap-tests-with-act
          at document (/Users/ryan/Library/Mobile Documents/com~apple~CloudDocs/Documents/VSCode/Tax-App-Frontend/src/components/forms/Form1099DivPreview.tsx:64:3)

      94 |         if (isMounted) {
      95 |           setPdfError(error.message || 'Failed to load PDF');
    > 96 |           setPdfLoading(false);
         |           ^
      97 |         }
      98 |       }
      99 |     };

      at printWarning (node_modules/react-dom/cjs/react-dom.development.js:86:30)
      at error (node_modules/react-dom/cjs/react-dom.development.js:60:7)
      at warnIfUpdatesNotWrappedWithActDEV (node_modules/react-dom/cjs/react-dom.development.js:27628:9)
      at scheduleUpdateOnFiber (node_modules/react-dom/cjs/react-dom.development.js:25547:5)
      at dispatchSetState (node_modules/react-dom/cjs/react-dom.development.js:16708:7)
      at setPdfLoading (src/components/forms/Form1099DivPreview.tsx:96:11)

    console.error
      [Form1099DivPreview] Error fetching PDF: {
        status: 401,
        message: 'Authentication required. Please log in again.'
      }

      90 |         }
      91 |       } catch (error: any) {
    > 92 |         console.error('[Form1099DivPreview] Error fetching PDF:', error);
         |                 ^
      93 |         
      94 |         if (isMounted) {
      95 |           setPdfError(error.message || 'Failed to load PDF');

      at error (src/components/forms/Form1099DivPreview.tsx:92:17)

    console.error
      [Form1099DivPreview] Error fetching PDF: {
        status: 401,
        message: 'Authentication required. Please log in again.'
      }

      90 |         }
      91 |       } catch (error: any) {
    > 92 |         console.error('[Form1099DivPreview] Error fetching PDF:', error);
         |                 ^
      93 |         
      94 |         if (isMounted) {
      95 |           setPdfError(error.message || 'Failed to load PDF');

      at error (src/components/forms/Form1099DivPreview.tsx:92:17)

    console.error
      [Form1099DivPreview] Error fetching PDF: {
        status: 401,
        message: 'Authentication required. Please log in again.'
      }

      90 |         }
      91 |       } catch (error: any) {
    > 92 |         console.error('[Form1099DivPreview] Error fetching PDF:', error);
         |                 ^
      93 |         
      94 |         if (isMounted) {
      95 |           setPdfError(error.message || 'Failed to load PDF');

      at error (src/components/forms/Form1099DivPreview.tsx:92:17)

    console.error
      [Form1099DivPreview] Error fetching PDF: {
        status: 401,
        message: 'Authentication required. Please log in again.'
      }

      90 |         }
      91 |       } catch (error: any) {
    > 92 |         console.error('[Form1099DivPreview] Error fetching PDF:', error);
         |                 ^
      93 |         
      94 |         if (isMounted) {
      95 |           setPdfError(error.message || 'Failed to load PDF');

      at error (src/components/forms/Form1099DivPreview.tsx:92:17)

    console.error
      [Form1099DivPreview] Error fetching PDF: {
        status: 401,
        message: 'Authentication required. Please log in again.'
      }

      90 |         }
      91 |       } catch (error: any) {
    > 92 |         console.error('[Form1099DivPreview] Error fetching PDF:', error);
         |                 ^
      93 |         
      94 |         if (isMounted) {
      95 |           setPdfError(error.message || 'Failed to load PDF');

      at error (src/components/forms/Form1099DivPreview.tsx:92:17)

    console.error
      Warning: An update to Form1099DivPreview inside a test was not wrapped in act(...).
      
      When testing, code that causes React state updates should be wrapped into act(...):
      
      act(() => {
        /* fire events that update state */
      });
      /* assert on the output */
      
      This ensures that you're testing the behavior the user would see in the browser. Learn more at https://reactjs.org/link/wrap-tests-with-act
          at document (/Users/ryan/Library/Mobile Documents/com~apple~CloudDocs/Documents/VSCode/Tax-App-Frontend/src/components/forms/Form1099DivPreview.tsx:64:3)

      93 |         
      94 |         if (isMounted) {
    > 95 |           setPdfError(error.message || 'Failed to load PDF');
         |           ^
      96 |           setPdfLoading(false);
      97 |         }
      98 |       }

      at printWarning (node_modules/react-dom/cjs/react-dom.development.js:86:30)
      at error (node_modules/react-dom/cjs/react-dom.development.js:60:7)
      at warnIfUpdatesNotWrappedWithActDEV (node_modules/react-dom/cjs/react-dom.development.js:27628:9)
      at scheduleUpdateOnFiber (node_modules/react-dom/cjs/react-dom.development.js:25547:5)
      at dispatchSetState (node_modules/react-dom/cjs/react-dom.development.js:16708:7)
      at setPdfError (src/components/forms/Form1099DivPreview.tsx:95:11)

    console.error
      Warning: An update to Form1099DivPreview inside a test was not wrapped in act(...).
      
      When testing, code that causes React state updates should be wrapped into act(...):
      
      act(() => {
        /* fire events that update state */
      });
      /* assert on the output */
      
      This ensures that you're testing the behavior the user would see in the browser. Learn more at https://reactjs.org/link/wrap-tests-with-act
          at document (/Users/ryan/Library/Mobile Documents/com~apple~CloudDocs/Documents/VSCode/Tax-App-Frontend/src/components/forms/Form1099DivPreview.tsx:64:3)

      94 |         if (isMounted) {
      95 |           setPdfError(error.message || 'Failed to load PDF');
    > 96 |           setPdfLoading(false);
         |           ^
      97 |         }
      98 |       }
      99 |     };

      at printWarning (node_modules/react-dom/cjs/react-dom.development.js:86:30)
      at error (node_modules/react-dom/cjs/react-dom.development.js:60:7)
      at warnIfUpdatesNotWrappedWithActDEV (node_modules/react-dom/cjs/react-dom.development.js:27628:9)
      at scheduleUpdateOnFiber (node_modules/react-dom/cjs/react-dom.development.js:25547:5)
      at dispatchSetState (node_modules/react-dom/cjs/react-dom.development.js:16708:7)
      at setPdfLoading (src/components/forms/Form1099DivPreview.tsx:96:11)

  ● Form1099DivPreview - Responsive Design › Mobile-friendly action buttons › should have minimum touch target size

    TestingLibraryElementError: Unable to find an accessible element with the role "link" and name `/download pdf/i`

    Here are the accessible roles:

      heading:

      Name "Preview Generated Document":
      [36m<h2[39m
        [33mclass[39m=[32m"text-2xl font-bold text-gray-900"[39m
      [36m/>[39m

      --------------------------------------------------
      paragraph:

      Name "":
      [36m<p[39m
        [33mclass[39m=[32m"text-sm text-gray-600 mt-1"[39m
      [36m/>[39m

      Name "":
      [36m<p[39m
        [33mclass[39m=[32m"text-sm font-medium text-gray-900"[39m
      [36m/>[39m

      Name "":
      [36m<p[39m
        [33mclass[39m=[32m"text-xs text-gray-500"[39m
      [36m/>[39m

      Name "":
      [36m<p[39m
        [33mclass[39m=[32m"text-sm text-gray-600"[39m
      [36m/>[39m

      Name "":
      [36m<p[39m
        [33mclass[39m=[32m"font-medium mb-1"[39m
      [36m/>[39m

      --------------------------------------------------
      term:

      Name "":
      [36m<dt[39m
        [33mclass[39m=[32m"text-sm font-medium text-gray-500 sm:w-40 sm:flex-shrink-0"[39m
      [36m/>[39m

      Name "":
      [36m<dt[39m
        [33mclass[39m=[32m"text-sm font-medium text-gray-500 sm:w-40 sm:flex-shrink-0"[39m
      [36m/>[39m

      Name "":
      [36m<dt[39m
        [33mclass[39m=[32m"text-sm font-medium text-gray-500 sm:w-40 sm:flex-shrink-0"[39m
      [36m/>[39m

      --------------------------------------------------
      definition:

      Name "":
      [36m<dd[39m
        [33mclass[39m=[32m"mt-1 sm:mt-0 text-sm text-gray-900 font-mono break-all"[39m
      [36m/>[39m

      Name "":
      [36m<dd[39m
        [33mclass[39m=[32m"mt-1 sm:mt-0"[39m
      [36m/>[39m

      Name "":
      [36m<dd[39m
        [33mclass[39m=[32m"mt-1 sm:mt-0 text-sm text-gray-900 font-medium"[39m
      [36m/>[39m

      --------------------------------------------------
      status:

      Name "Status: Completed":
      [36m<span[39m
        [33maria-label[39m=[32m"Status: Completed"[39m
        [33mclass[39m=[32m"inline-flex items-center px-2.5 py-0.5 rounded-full text-xs font-medium border bg-green-100 text-green-800 border-green-200"[39m
        [33mrole[39m=[32m"status"[39m
      [36m/>[39m

      --------------------------------------------------
      button:

      Name "Edit form data":
      [36m<button[39m
        [33maria-label[39m=[32m"Edit form data"[39m
        [33mclass[39m=[32m"w-full sm:w-auto sm:flex-1"[39m
        [33mvariant[39m=[32m"secondary"[39m
      [36m/>[39m

      Name "Approve and finalize form":
      [36m<button[39m
        [33maria-label[39m=[32m"Approve and finalize form"[39m
        [33mclass[39m=[32m"w-full sm:w-auto sm:flex-1"[39m
        [33mvariant[39m=[32m"primary"[39m
      [36m/>[39m

      --------------------------------------------------
      list:

      Name "":
      [36m<ul[39m
        [33mclass[39m=[32m"list-disc list-inside space-y-1 text-blue-700"[39m
      [36m/>[39m

      --------------------------------------------------
      listitem:

      Name "":
      [36m<li />[39m

      Name "":
      [36m<li />[39m

      Name "":
      [36m<li />[39m

      Name "":
      [36m<li />[39m

      --------------------------------------------------

    Ignored nodes: comments, script, style
    [36m<body>[39m
      [36m<div>[39m
        [36m<div[39m
          [33mclass[39m=[32m"space-y-6"[39m
        [36m>[39m
          [36m<div[39m
            [33mclass[39m=[32m"border-b border-gray-200 pb-4"[39m
          [36m>[39m
            [36m<h2[39m
              [33mclass[39m=[32m"text-2xl font-bold text-gray-900"[39m
            [36m>[39m
              [0mPreview Generated Document[0m
            [36m</h2>[39m
            [36m<p[39m
              [33mclass[39m=[32m"text-sm text-gray-600 mt-1"[39m
            [36m>[39m
              [0mReview your document and download the PDF[0m
            [36m</p>[39m
          [36m</div>[39m
          [36m<div[39m
            [33mclass[39m=[32m"bg-white border border-gray-200 rounded-lg shadow-sm overflow-hidden"[39m
          [36m>[39m
            [36m<div[39m
              [33mclass[39m=[32m"px-6 py-5 space-y-4"[39m
            [36m>[39m
              [36m<div[39m
                [33mclass[39m=[32m"flex flex-col sm:flex-row sm:items-center"[39m
              [36m>[39m
                [36m<dt[39m
                  [33mclass[39m=[32m"text-sm font-medium text-gray-500 sm:w-40 sm:flex-shrink-0"[39m
                [36m>[39m
                  [0mJob ID[0m
                [36m</dt>[39m
                [36m<dd[39m
                  [33mclass[39m=[32m"mt-1 sm:mt-0 text-sm text-gray-900 font-mono break-all"[39m
                [36m>[39m
                  [0mtest-job-123[0m
                [36m</dd>[39m
              [36m</div>[39m
              [36m<div[39m
                [33mclass[39m=[32m"flex flex-col sm:flex-row sm:items-center"[39m
              [36m>[39m
                [36m<dt[39m
                  [33mclass[39m=[32m"text-sm font-medium text-gray-500 sm:w-40 sm:flex-shrink-0"[39m
                [36m>[39m
                  [0mStatus[0m
                [36m</dt>[39m
                [36m<dd[39m
                  [33mclass[39m=[32m"mt-1 sm:mt-0"[39m
                [36m>[39m
                  [36m<span[39m
                    [33maria-label[39m=[32m"Status: Completed"[39m
                    [33mclass[39m=[32m"inline-flex items-center px-2.5 py-0.5 rounded-full text-xs font-medium border bg-green-100 text-green-800 border-green-200"[39m
                    [33mrole[39m=[32m"status"[39m
                  [36m>[39m
                    [0mCompleted[0m
                  [36m</span>[39m
                [36m</dd>[39m
              [36m</div>[39m
              [36m<div[39m
                [33mclass[39m=[32m"flex flex-col sm:flex-row sm:items-center"[39m
              [36m>[39m
                [36m<dt[39m
                  [33mclass[39m=[32m"text-sm font-medium text-gray-500 sm:w-40 sm:flex-shrink-0"[39m
                [36m>[39m
                  [0mDocument Type[0m
                [36m</dt>[39m
                [36m<dd[39m
                  [33mclass[39m=[32m"mt-1 sm:mt-0 text-sm text-gray-900 font-medium"[39m
                [36m>[39m
                  [0m1099-DIV[0m
                [36m</dd>[39m
              [36m</div>[39m
            [36m</div>[39m
          [36m</div>[39m
          [36m<div[39m
            [33mclass[39m=[32m"bg-white border border-gray-200 rounded-lg shadow-sm overflow-hidden"[39m
          [36m>[39m
            [36m<div[39m
              [33mclass[39m=[32m"px-6 py-4 bg-gray-50 border-b border-gray-200 flex items-center justify-between"[39m
            [36m>[39m
              [36m<div[39m
                [33mclass[39m=[32m"flex items-center space-x-3"[39m
              [36m>[39m
                [36m<svg[39m
                  [33maria-hidden[39m=[32m"true"[39m
                  [33mclass[39m=[32m"w-8 h-8 text-red-600"[39m
                  [33mfill[39m=[32m"currentColor"[39m
                  [33mviewBox[39m=[32m"0 0 20 20"[39m
                [36m>[39m
                  [36m<path[39m
                    [33mclip-rule[39m=[32m"evenodd"[39m
                    [33md[39m=[32m"M4 4a2 2 0 012-2h4.586A2 2 0 0112 2.586L15.414 6A2 2 0 0116 7.414V16a2 2 0 01-2 2H6a2 2 0 01-2-2V4zm2 6a1 1 0 011-1h6a1 1 0 110 2H7a1 1 0 01-1-1zm1 3a1 1 0 100 2h6a1 1 0 100-2H7z"[39m
                    [33mfill-rule[39m=[32m"evenodd"[39m
                  [36m/>[39m
                [36m</svg>[39m
                [36m<div>[39m
                  [36m<p[39m
                    [33mclass[39m=[32m"text-sm font-medium text-gray-900"[39m
                  [36m>[39m
                    [0mForm 1099-DIV PDF[0m
                  [36m</p>[39m
                  [36m<p[39m
                    [33mclass[39m=[32m"text-xs text-gray-500"[39m
                  [36m>[39m
                    [0mLoading...[0m
                  [36m</p>[39m
                [36m</div>[39m
              [36m</div>[39m
            [36m</div>[39m
            [36m<div[39m
              [33mclass[39m=[32m"relative bg-gray-100"[39m
              [33mstyle[39m=[32m"min-height: 600px;"[39m
            [36m>[39m
              [36m<div[39m
                [33mclass[39m=[32m"absolute inset-0 flex items-center justify-center"[39m
              [36m>[39m
                [36m<div[39m
                  [33mclass[39m=[32m"flex flex-col items-center space-y-3"[39m
                [36m>[39m
                  [36m<div[39m
                    [33mclass[39m=[32m"animate-spin rounded-full h-12 w-12 border-b-2 border-blue-600"[39m
                  [36m/>[39m
                  [36m<p[39m
                    [33mclass[39m=[32m"text-sm text-gray-600"[39m
                  [36m>[39m
                    [0mLoading PDF...[0m
                  [36m</p>[39m
                [36m</div>[39m
              [36m</div>[39m
            [36m</div>[39m
          [36m</div>[39m
          [36m<div[39m
            [33mclass[39m=[32m"flex flex-col sm:flex-row gap-3 pt-4"[39m
          [36m>[39m
            [36m<button[39m
              [33maria-label[39m=[32m"Edit form data"[39m
              [33mclass[39m=[32m"w-full sm:w-auto sm:flex-1"[39m
              [33mvariant[39m=[32m"secondary"[39m
            [36m>[39m
              [36m<svg[39m
                [33maria-hidden[39m=[32m"true"[39m
                [33mclass[39m=[32m"w-5 h-5 mr-2"[39m
                [33mfill[39m=[32m"none"[39m
                [33mstroke[39m=[32m"currentColor"[39m
                [33mviewBox[39m=[32m"0 0 24 24"[39m
              [36m>[39m
                [36m<path[39m
                  [33md[39m=[32m"M11 5H6a2 2 0 00-2 2v11a2 2 0 002 2h11a2 2 0 002-2v-5m-1.414-9.414a2 2 0 112.828 2.828L11.828 15H9v-2.828l8.586-8.586z"[39m
                  [33mstroke-linecap[39m=[32m"round"[39m
                  [33mstroke-linejoin[39m=[32m"round"[39m
                  [33mstroke-width[39m=[32m"2"[39m
                [36m/>[39m
              [36m</svg>[39m
              [0mEdit Form[0m
            [36m</button>[39m
            [36m<button[39m
              [33maria-label[39m=[32m"Approve and finalize form"[39m
              [33mclass[39m=[32m"w-full sm:w-auto sm:flex-1"[39m
              [33mvariant[39m=[32m"primary"[39m
            [36m>[39m
              [36m<svg[39m
                [33maria-hidden[39m=[32m"true"[39m
                [33mclass[39m=[32m"w-5 h-5 mr-2"[39m
                [33mfill[39m=[32m"none"[39m
                [33mstroke[39m=[32m"currentColor"[39m
                [33mviewBox[39m=[32m"0 0 24 24"[39m
              [36m>[39m
                [36m<path[39m
                  [33md[39m=[32m"M9 12l2 2 4-4m6 2a9 9 0 11-18 0 9 9 0 0118 0z"[39m
                  [33mstroke-linecap[39m=[32m"round"[39m
                  [33mstroke-linejoin[39m=[32m"round"[39m
                  [33mstroke-width[39m=[32m"2"[39m
                [36m/>[39m
              [36m</svg>[39m
              [0mApprove[0m
            [36m</button>[39m
          [36m</div>[39m
          [36m<div[39m
            [33mclass[39m=[32m"bg-blue-50 border border-blue-200 rounded-md p-4"[39m
          [36m>[39m
            [36m<div[39m
              [33mclass[39m=[32m"flex items-start"[39m
            [36m>[39m
              [36m<svg[39m
                [33maria-hidden[39m=[32m"true"[39m
                [33mclass[39m=[32m"w-5 h-5 text-blue-600 mr-3 mt-0.5 flex-shrink-0"[39m
                [33mfill[39m=[32m"currentColor"[39m
                [33mviewBox[39m=[32m"0 0 20 20"[39m
              [36m>[39m
                [36m<path[39m
                  [33mclip-rule[39m=[32m"evenodd"[39m
                  [33md[39m=[32m"M18 10a8 8 0 11-16 0 8 8 0 0116 0zm-7-4a1 1 0 11-2 0 1 1 0 012 0zM9 9a1 1 0 000 2v3a1 1 0 001 1h1a1 1 0 100-2v-3a1 1 0 00-1-1H9z"[39m
                  [33mfill-rule[39m=[32m"evenodd"[39m
                [36m/>[39m
              [36m</svg>[39m
              [36m<div[39m
                [33mclass[39m=[32m"text-sm text-blue-800"[39m
              [36m>[39m
                [36m<p[39m
                  [33mclass[39m=[32m"font-medium mb-1"[39m
                [36m>[39m
                  [0mNext Steps[0m
                [36m</p>[39m
                [36m<ul[39m
                  [33mclass[39m=[32m"list-disc list-inside space-y-1 text-blue-700"[39m
                [36m>[39m
                  [36m<li>[39m
                    [0mReview the PDF preview above[0m
                  [36m</li>[39m
                  [36m<li>[39m
                    [0mClick "Download" to save a copy to your device[0m
                  [36m</li>[39m
                  [36m<li>[39m
                    [0mClick "Edit Form" if you need to make changes[0m
                  [36m</li>[39m
                  [36m<li>[39m
                    [0mClick "Approve" to finalize your submission[0m
                  [36m</li>[39m
                [36m</ul>[39m
              [36m</div>[39m
            [36m</div>[39m
          [36m</div>[39m
        [36m</div>[39m
      [36m</div>[39m
    [36m</body>[39m

       99 |       render(<Form1099DivPreview {...defaultProps} />);
      100 |       
    > 101 |       const downloadLink = screen.getByRole('link', { name: /download pdf/i });
          |                                   ^
      102 |       
      103 |       // Download link should have min-h-[44px] for touch targets
      104 |       expect(downloadLink.className).toContain('min-h-[44px]');

      at Object.getElementError (node_modules/@testing-library/dom/dist/config.js:37:19)
      at node_modules/@testing-library/dom/dist/query-helpers.js:76:38
      at node_modules/@testing-library/dom/dist/query-helpers.js:52:17
      at node_modules/@testing-library/dom/dist/query-helpers.js:95:19
      at Object.getByRole (src/components/forms/Form1099DivPreview.responsive.test.tsx:101:35)

  ● Form1099DivPreview - Responsive Design › Download section responsiveness › should render download link with proper styling

    TestingLibraryElementError: Unable to find an accessible element with the role "link" and name `/download pdf/i`

    Here are the accessible roles:

      heading:

      Name "Preview Generated Document":
      [36m<h2[39m
        [33mclass[39m=[32m"text-2xl font-bold text-gray-900"[39m
      [36m/>[39m

      --------------------------------------------------
      paragraph:

      Name "":
      [36m<p[39m
        [33mclass[39m=[32m"text-sm text-gray-600 mt-1"[39m
      [36m/>[39m

      Name "":
      [36m<p[39m
        [33mclass[39m=[32m"text-sm font-medium text-gray-900"[39m
      [36m/>[39m

      Name "":
      [36m<p[39m
        [33mclass[39m=[32m"text-xs text-gray-500"[39m
      [36m/>[39m

      Name "":
      [36m<p[39m
        [33mclass[39m=[32m"text-sm text-gray-600"[39m
      [36m/>[39m

      Name "":
      [36m<p[39m
        [33mclass[39m=[32m"font-medium mb-1"[39m
      [36m/>[39m

      --------------------------------------------------
      term:

      Name "":
      [36m<dt[39m
        [33mclass[39m=[32m"text-sm font-medium text-gray-500 sm:w-40 sm:flex-shrink-0"[39m
      [36m/>[39m

      Name "":
      [36m<dt[39m
        [33mclass[39m=[32m"text-sm font-medium text-gray-500 sm:w-40 sm:flex-shrink-0"[39m
      [36m/>[39m

      Name "":
      [36m<dt[39m
        [33mclass[39m=[32m"text-sm font-medium text-gray-500 sm:w-40 sm:flex-shrink-0"[39m
      [36m/>[39m

      --------------------------------------------------
      definition:

      Name "":
      [36m<dd[39m
        [33mclass[39m=[32m"mt-1 sm:mt-0 text-sm text-gray-900 font-mono break-all"[39m
      [36m/>[39m

      Name "":
      [36m<dd[39m
        [33mclass[39m=[32m"mt-1 sm:mt-0"[39m
      [36m/>[39m

      Name "":
      [36m<dd[39m
        [33mclass[39m=[32m"mt-1 sm:mt-0 text-sm text-gray-900 font-medium"[39m
      [36m/>[39m

      --------------------------------------------------
      status:

      Name "Status: Completed":
      [36m<span[39m
        [33maria-label[39m=[32m"Status: Completed"[39m
        [33mclass[39m=[32m"inline-flex items-center px-2.5 py-0.5 rounded-full text-xs font-medium border bg-green-100 text-green-800 border-green-200"[39m
        [33mrole[39m=[32m"status"[39m
      [36m/>[39m

      --------------------------------------------------
      button:

      Name "Edit form data":
      [36m<button[39m
        [33maria-label[39m=[32m"Edit form data"[39m
        [33mclass[39m=[32m"w-full sm:w-auto sm:flex-1"[39m
        [33mvariant[39m=[32m"secondary"[39m
      [36m/>[39m

      Name "Approve and finalize form":
      [36m<button[39m
        [33maria-label[39m=[32m"Approve and finalize form"[39m
        [33mclass[39m=[32m"w-full sm:w-auto sm:flex-1"[39m
        [33mvariant[39m=[32m"primary"[39m
      [36m/>[39m

      --------------------------------------------------
      list:

      Name "":
      [36m<ul[39m
        [33mclass[39m=[32m"list-disc list-inside space-y-1 text-blue-700"[39m
      [36m/>[39m

      --------------------------------------------------
      listitem:

      Name "":
      [36m<li />[39m

      Name "":
      [36m<li />[39m

      Name "":
      [36m<li />[39m

      Name "":
      [36m<li />[39m

      --------------------------------------------------

    Ignored nodes: comments, script, style
    [36m<body>[39m
      [36m<div>[39m
        [36m<div[39m
          [33mclass[39m=[32m"space-y-6"[39m
        [36m>[39m
          [36m<div[39m
            [33mclass[39m=[32m"border-b border-gray-200 pb-4"[39m
          [36m>[39m
            [36m<h2[39m
              [33mclass[39m=[32m"text-2xl font-bold text-gray-900"[39m
            [36m>[39m
              [0mPreview Generated Document[0m
            [36m</h2>[39m
            [36m<p[39m
              [33mclass[39m=[32m"text-sm text-gray-600 mt-1"[39m
            [36m>[39m
              [0mReview your document and download the PDF[0m
            [36m</p>[39m
          [36m</div>[39m
          [36m<div[39m
            [33mclass[39m=[32m"bg-white border border-gray-200 rounded-lg shadow-sm overflow-hidden"[39m
          [36m>[39m
            [36m<div[39m
              [33mclass[39m=[32m"px-6 py-5 space-y-4"[39m
            [36m>[39m
              [36m<div[39m
                [33mclass[39m=[32m"flex flex-col sm:flex-row sm:items-center"[39m
              [36m>[39m
                [36m<dt[39m
                  [33mclass[39m=[32m"text-sm font-medium text-gray-500 sm:w-40 sm:flex-shrink-0"[39m
                [36m>[39m
                  [0mJob ID[0m
                [36m</dt>[39m
                [36m<dd[39m
                  [33mclass[39m=[32m"mt-1 sm:mt-0 text-sm text-gray-900 font-mono break-all"[39m
                [36m>[39m
                  [0mtest-job-123[0m
                [36m</dd>[39m
              [36m</div>[39m
              [36m<div[39m
                [33mclass[39m=[32m"flex flex-col sm:flex-row sm:items-center"[39m
              [36m>[39m
                [36m<dt[39m
                  [33mclass[39m=[32m"text-sm font-medium text-gray-500 sm:w-40 sm:flex-shrink-0"[39m
                [36m>[39m
                  [0mStatus[0m
                [36m</dt>[39m
                [36m<dd[39m
                  [33mclass[39m=[32m"mt-1 sm:mt-0"[39m
                [36m>[39m
                  [36m<span[39m
                    [33maria-label[39m=[32m"Status: Completed"[39m
                    [33mclass[39m=[32m"inline-flex items-center px-2.5 py-0.5 rounded-full text-xs font-medium border bg-green-100 text-green-800 border-green-200"[39m
                    [33mrole[39m=[32m"status"[39m
                  [36m>[39m
                    [0mCompleted[0m
                  [36m</span>[39m
                [36m</dd>[39m
              [36m</div>[39m
              [36m<div[39m
                [33mclass[39m=[32m"flex flex-col sm:flex-row sm:items-center"[39m
              [36m>[39m
                [36m<dt[39m
                  [33mclass[39m=[32m"text-sm font-medium text-gray-500 sm:w-40 sm:flex-shrink-0"[39m
                [36m>[39m
                  [0mDocument Type[0m
                [36m</dt>[39m
                [36m<dd[39m
                  [33mclass[39m=[32m"mt-1 sm:mt-0 text-sm text-gray-900 font-medium"[39m
                [36m>[39m
                  [0m1099-DIV[0m
                [36m</dd>[39m
              [36m</div>[39m
            [36m</div>[39m
          [36m</div>[39m
          [36m<div[39m
            [33mclass[39m=[32m"bg-white border border-gray-200 rounded-lg shadow-sm overflow-hidden"[39m
          [36m>[39m
            [36m<div[39m
              [33mclass[39m=[32m"px-6 py-4 bg-gray-50 border-b border-gray-200 flex items-center justify-between"[39m
            [36m>[39m
              [36m<div[39m
                [33mclass[39m=[32m"flex items-center space-x-3"[39m
              [36m>[39m
                [36m<svg[39m
                  [33maria-hidden[39m=[32m"true"[39m
                  [33mclass[39m=[32m"w-8 h-8 text-red-600"[39m
                  [33mfill[39m=[32m"currentColor"[39m
                  [33mviewBox[39m=[32m"0 0 20 20"[39m
                [36m>[39m
                  [36m<path[39m
                    [33mclip-rule[39m=[32m"evenodd"[39m
                    [33md[39m=[32m"M4 4a2 2 0 012-2h4.586A2 2 0 0112 2.586L15.414 6A2 2 0 0116 7.414V16a2 2 0 01-2 2H6a2 2 0 01-2-2V4zm2 6a1 1 0 011-1h6a1 1 0 110 2H7a1 1 0 01-1-1zm1 3a1 1 0 100 2h6a1 1 0 100-2H7z"[39m
                    [33mfill-rule[39m=[32m"evenodd"[39m
                  [36m/>[39m
                [36m</svg>[39m
                [36m<div>[39m
                  [36m<p[39m
                    [33mclass[39m=[32m"text-sm font-medium text-gray-900"[39m
                  [36m>[39m
                    [0mForm 1099-DIV PDF[0m
                  [36m</p>[39m
                  [36m<p[39m
                    [33mclass[39m=[32m"text-xs text-gray-500"[39m
                  [36m>[39m
                    [0mLoading...[0m
                  [36m</p>[39m
                [36m</div>[39m
              [36m</div>[39m
            [36m</div>[39m
            [36m<div[39m
              [33mclass[39m=[32m"relative bg-gray-100"[39m
              [33mstyle[39m=[32m"min-height: 600px;"[39m
            [36m>[39m
              [36m<div[39m
                [33mclass[39m=[32m"absolute inset-0 flex items-center justify-center"[39m
              [36m>[39m
                [36m<div[39m
                  [33mclass[39m=[32m"flex flex-col items-center space-y-3"[39m
                [36m>[39m
                  [36m<div[39m
                    [33mclass[39m=[32m"animate-spin rounded-full h-12 w-12 border-b-2 border-blue-600"[39m
                  [36m/>[39m
                  [36m<p[39m
                    [33mclass[39m=[32m"text-sm text-gray-600"[39m
                  [36m>[39m
                    [0mLoading PDF...[0m
                  [36m</p>[39m
                [36m</div>[39m
              [36m</div>[39m
            [36m</div>[39m
          [36m</div>[39m
          [36m<div[39m
            [33mclass[39m=[32m"flex flex-col sm:flex-row gap-3 pt-4"[39m
          [36m>[39m
            [36m<button[39m
              [33maria-label[39m=[32m"Edit form data"[39m
              [33mclass[39m=[32m"w-full sm:w-auto sm:flex-1"[39m
              [33mvariant[39m=[32m"secondary"[39m
            [36m>[39m
              [36m<svg[39m
                [33maria-hidden[39m=[32m"true"[39m
                [33mclass[39m=[32m"w-5 h-5 mr-2"[39m
                [33mfill[39m=[32m"none"[39m
                [33mstroke[39m=[32m"currentColor"[39m
                [33mviewBox[39m=[32m"0 0 24 24"[39m
              [36m>[39m
                [36m<path[39m
                  [33md[39m=[32m"M11 5H6a2 2 0 00-2 2v11a2 2 0 002 2h11a2 2 0 002-2v-5m-1.414-9.414a2 2 0 112.828 2.828L11.828 15H9v-2.828l8.586-8.586z"[39m
                  [33mstroke-linecap[39m=[32m"round"[39m
                  [33mstroke-linejoin[39m=[32m"round"[39m
                  [33mstroke-width[39m=[32m"2"[39m
                [36m/>[39m
              [36m</svg>[39m
              [0mEdit Form[0m
            [36m</button>[39m
            [36m<button[39m
              [33maria-label[39m=[32m"Approve and finalize form"[39m
              [33mclass[39m=[32m"w-full sm:w-auto sm:flex-1"[39m
              [33mvariant[39m=[32m"primary"[39m
            [36m>[39m
              [36m<svg[39m
                [33maria-hidden[39m=[32m"true"[39m
                [33mclass[39m=[32m"w-5 h-5 mr-2"[39m
                [33mfill[39m=[32m"none"[39m
                [33mstroke[39m=[32m"currentColor"[39m
                [33mviewBox[39m=[32m"0 0 24 24"[39m
              [36m>[39m
                [36m<path[39m
                  [33md[39m=[32m"M9 12l2 2 4-4m6 2a9 9 0 11-18 0 9 9 0 0118 0z"[39m
                  [33mstroke-linecap[39m=[32m"round"[39m
                  [33mstroke-linejoin[39m=[32m"round"[39m
                  [33mstroke-width[39m=[32m"2"[39m
                [36m/>[39m
              [36m</svg>[39m
              [0mApprove[0m
            [36m</button>[39m
          [36m</div>[39m
          [36m<div[39m
            [33mclass[39m=[32m"bg-blue-50 border border-blue-200 rounded-md p-4"[39m
          [36m>[39m
            [36m<div[39m
              [33mclass[39m=[32m"flex items-start"[39m
            [36m>[39m
              [36m<svg[39m
                [33maria-hidden[39m=[32m"true"[39m
                [33mclass[39m=[32m"w-5 h-5 text-blue-600 mr-3 mt-0.5 flex-shrink-0"[39m
                [33mfill[39m=[32m"currentColor"[39m
                [33mviewBox[39m=[32m"0 0 20 20"[39m
              [36m>[39m
                [36m<path[39m
                  [33mclip-rule[39m=[32m"evenodd"[39m
                  [33md[39m=[32m"M18 10a8 8 0 11-16 0 8 8 0 0116 0zm-7-4a1 1 0 11-2 0 1 1 0 012 0zM9 9a1 1 0 000 2v3a1 1 0 001 1h1a1 1 0 100-2v-3a1 1 0 00-1-1H9z"[39m
                  [33mfill-rule[39m=[32m"evenodd"[39m
                [36m/>[39m
              [36m</svg>[39m
              [36m<div[39m
                [33mclass[39m=[32m"text-sm text-blue-800"[39m
              [36m>[39m
                [36m<p[39m
                  [33mclass[39m=[32m"font-medium mb-1"[39m
                [36m>[39m
                  [0mNext Steps[0m
                [36m</p>[39m
                [36m<ul[39m
                  [33mclass[39m=[32m"list-disc list-inside space-y-1 text-blue-700"[39m
                [36m>[39m
                  [36m<li>[39m
                    [0mReview the PDF preview above[0m
                  [36m</li>[39m
                  [36m<li>[39m
                    [0mClick "Download" to save a copy to your device[0m
                  [36m</li>[39m
                  [36m<li>[39m
                    [0mClick "Edit Form" if you need to make changes[0m
                  [36m</li>[39m
                  [36m<li>[39m
                    [0mClick "Approve" to finalize your submission[0m
                  [36m</li>[39m
                [36m</ul>[39m
              [36m</div>[39m
            [36m</div>[39m
          [36m</div>[39m
        [36m</div>[39m
      [36m</div>[39m
    [36m</body>[39m

      154 |       render(<Form1099DivPreview {...defaultProps} />);
      155 |       
    > 156 |       const downloadLink = screen.getByRole('link', { name: /download pdf/i });
          |                                   ^
      157 |       
      158 |       // Should have responsive classes
      159 |       expect(downloadLink).toBeInTheDocument();

      at Object.getElementError (node_modules/@testing-library/dom/dist/config.js:37:19)
      at node_modules/@testing-library/dom/dist/query-helpers.js:76:38
      at node_modules/@testing-library/dom/dist/query-helpers.js:52:17
      at node_modules/@testing-library/dom/dist/query-helpers.js:95:19
      at Object.getByRole (src/components/forms/Form1099DivPreview.responsive.test.tsx:156:35)

  ● Form1099DivPreview - Responsive Design › Help text section › should render help text with proper responsive styling

    TestingLibraryElementError: Unable to find an element with the text: /Download the PDF to review/i. This could be because the text is broken up by multiple elements. In this case, you can provide a function for your text matcher to make your matcher more flexible.

    Ignored nodes: comments, script, style
    [36m<body>[39m
      [36m<div>[39m
        [36m<div[39m
          [33mclass[39m=[32m"space-y-6"[39m
        [36m>[39m
          [36m<div[39m
            [33mclass[39m=[32m"border-b border-gray-200 pb-4"[39m
          [36m>[39m
            [36m<h2[39m
              [33mclass[39m=[32m"text-2xl font-bold text-gray-900"[39m
            [36m>[39m
              [0mPreview Generated Document[0m
            [36m</h2>[39m
            [36m<p[39m
              [33mclass[39m=[32m"text-sm text-gray-600 mt-1"[39m
            [36m>[39m
              [0mReview your document and download the PDF[0m
            [36m</p>[39m
          [36m</div>[39m
          [36m<div[39m
            [33mclass[39m=[32m"bg-white border border-gray-200 rounded-lg shadow-sm overflow-hidden"[39m
          [36m>[39m
            [36m<div[39m
              [33mclass[39m=[32m"px-6 py-5 space-y-4"[39m
            [36m>[39m
              [36m<div[39m
                [33mclass[39m=[32m"flex flex-col sm:flex-row sm:items-center"[39m
              [36m>[39m
                [36m<dt[39m
                  [33mclass[39m=[32m"text-sm font-medium text-gray-500 sm:w-40 sm:flex-shrink-0"[39m
                [36m>[39m
                  [0mJob ID[0m
                [36m</dt>[39m
                [36m<dd[39m
                  [33mclass[39m=[32m"mt-1 sm:mt-0 text-sm text-gray-900 font-mono break-all"[39m
                [36m>[39m
                  [0mtest-job-123[0m
                [36m</dd>[39m
              [36m</div>[39m
              [36m<div[39m
                [33mclass[39m=[32m"flex flex-col sm:flex-row sm:items-center"[39m
              [36m>[39m
                [36m<dt[39m
                  [33mclass[39m=[32m"text-sm font-medium text-gray-500 sm:w-40 sm:flex-shrink-0"[39m
                [36m>[39m
                  [0mStatus[0m
                [36m</dt>[39m
                [36m<dd[39m
                  [33mclass[39m=[32m"mt-1 sm:mt-0"[39m
                [36m>[39m
                  [36m<span[39m
                    [33maria-label[39m=[32m"Status: Completed"[39m
                    [33mclass[39m=[32m"inline-flex items-center px-2.5 py-0.5 rounded-full text-xs font-medium border bg-green-100 text-green-800 border-green-200"[39m
                    [33mrole[39m=[32m"status"[39m
                  [36m>[39m
                    [0mCompleted[0m
                  [36m</span>[39m
                [36m</dd>[39m
              [36m</div>[39m
              [36m<div[39m
                [33mclass[39m=[32m"flex flex-col sm:flex-row sm:items-center"[39m
              [36m>[39m
                [36m<dt[39m
                  [33mclass[39m=[32m"text-sm font-medium text-gray-500 sm:w-40 sm:flex-shrink-0"[39m
                [36m>[39m
                  [0mDocument Type[0m
                [36m</dt>[39m
                [36m<dd[39m
                  [33mclass[39m=[32m"mt-1 sm:mt-0 text-sm text-gray-900 font-medium"[39m
                [36m>[39m
                  [0m1099-DIV[0m
                [36m</dd>[39m
              [36m</div>[39m
            [36m</div>[39m
          [36m</div>[39m
          [36m<div[39m
            [33mclass[39m=[32m"bg-white border border-gray-200 rounded-lg shadow-sm overflow-hidden"[39m
          [36m>[39m
            [36m<div[39m
              [33mclass[39m=[32m"px-6 py-4 bg-gray-50 border-b border-gray-200 flex items-center justify-between"[39m
            [36m>[39m
              [36m<div[39m
                [33mclass[39m=[32m"flex items-center space-x-3"[39m
              [36m>[39m
                [36m<svg[39m
                  [33maria-hidden[39m=[32m"true"[39m
                  [33mclass[39m=[32m"w-8 h-8 text-red-600"[39m
                  [33mfill[39m=[32m"currentColor"[39m
                  [33mviewBox[39m=[32m"0 0 20 20"[39m
                [36m>[39m
                  [36m<path[39m
                    [33mclip-rule[39m=[32m"evenodd"[39m
                    [33md[39m=[32m"M4 4a2 2 0 012-2h4.586A2 2 0 0112 2.586L15.414 6A2 2 0 0116 7.414V16a2 2 0 01-2 2H6a2 2 0 01-2-2V4zm2 6a1 1 0 011-1h6a1 1 0 110 2H7a1 1 0 01-1-1zm1 3a1 1 0 100 2h6a1 1 0 100-2H7z"[39m
                    [33mfill-rule[39m=[32m"evenodd"[39m
                  [36m/>[39m
                [36m</svg>[39m
                [36m<div>[39m
                  [36m<p[39m
                    [33mclass[39m=[32m"text-sm font-medium text-gray-900"[39m
                  [36m>[39m
                    [0mForm 1099-DIV PDF[0m
                  [36m</p>[39m
                  [36m<p[39m
                    [33mclass[39m=[32m"text-xs text-gray-500"[39m
                  [36m>[39m
                    [0mLoading...[0m
                  [36m</p>[39m
                [36m</div>[39m
              [36m</div>[39m
            [36m</div>[39m
            [36m<div[39m
              [33mclass[39m=[32m"relative bg-gray-100"[39m
              [33mstyle[39m=[32m"min-height: 600px;"[39m
            [36m>[39m
              [36m<div[39m
                [33mclass[39m=[32m"absolute inset-0 flex items-center justify-center"[39m
              [36m>[39m
                [36m<div[39m
                  [33mclass[39m=[32m"flex flex-col items-center space-y-3"[39m
                [36m>[39m
                  [36m<div[39m
                    [33mclass[39m=[32m"animate-spin rounded-full h-12 w-12 border-b-2 border-blue-600"[39m
                  [36m/>[39m
                  [36m<p[39m
                    [33mclass[39m=[32m"text-sm text-gray-600"[39m
                  [36m>[39m
                    [0mLoading PDF...[0m
                  [36m</p>[39m
                [36m</div>[39m
              [36m</div>[39m
            [36m</div>[39m
          [36m</div>[39m
          [36m<div[39m
            [33mclass[39m=[32m"flex flex-col sm:flex-row gap-3 pt-4"[39m
          [36m>[39m
            [36m<button[39m
              [33maria-label[39m=[32m"Edit form data"[39m
              [33mclass[39m=[32m"w-full sm:w-auto sm:flex-1"[39m
              [33mvariant[39m=[32m"secondary"[39m
            [36m>[39m
              [36m<svg[39m
                [33maria-hidden[39m=[32m"true"[39m
                [33mclass[39m=[32m"w-5 h-5 mr-2"[39m
                [33mfill[39m=[32m"none"[39m
                [33mstroke[39m=[32m"currentColor"[39m
                [33mviewBox[39m=[32m"0 0 24 24"[39m
              [36m>[39m
                [36m<path[39m
                  [33md[39m=[32m"M11 5H6a2 2 0 00-2 2v11a2 2 0 002 2h11a2 2 0 002-2v-5m-1.414-9.414a2 2 0 112.828 2.828L11.828 15H9v-2.828l8.586-8.586z"[39m
                  [33mstroke-linecap[39m=[32m"round"[39m
                  [33mstroke-linejoin[39m=[32m"round"[39m
                  [33mstroke-width[39m=[32m"2"[39m
                [36m/>[39m
              [36m</svg>[39m
              [0mEdit Form[0m
            [36m</button>[39m
            [36m<button[39m
              [33maria-label[39m=[32m"Approve and finalize form"[39m
              [33mclass[39m=[32m"w-full sm:w-auto sm:flex-1"[39m
              [33mvariant[39m=[32m"primary"[39m
            [36m>[39m
              [36m<svg[39m
                [33maria-hidden[39m=[32m"true"[39m
                [33mclass[39m=[32m"w-5 h-5 mr-2"[39m
                [33mfill[39m=[32m"none"[39m
                [33mstroke[39m=[32m"currentColor"[39m
                [33mviewBox[39m=[32m"0 0 24 24"[39m
              [36m>[39m
                [36m<path[39m
                  [33md[39m=[32m"M9 12l2 2 4-4m6 2a9 9 0 11-18 0 9 9 0 0118 0z"[39m
                  [33mstroke-linecap[39m=[32m"round"[39m
                  [33mstroke-linejoin[39m=[32m"round"[39m
                  [33mstroke-width[39m=[32m"2"[39m
                [36m/>[39m
              [36m</svg>[39m
              [0mApprove[0m
            [36m</button>[39m
          [36m</div>[39m
          [36m<div[39m
            [33mclass[39m=[32m"bg-blue-50 border border-blue-200 rounded-md p-4"[39m
          [36m>[39m
            [36m<div[39m
              [33mclass[39m=[32m"flex items-start"[39m
            [36m>[39m
              [36m<svg[39m
                [33maria-hidden[39m=[32m"true"[39m
                [33mclass[39m=[32m"w-5 h-5 text-blue-600 mr-3 mt-0.5 flex-shrink-0"[39m
                [33mfill[39m=[32m"currentColor"[39m
                [33mviewBox[39m=[32m"0 0 20 20"[39m
              [36m>[39m
                [36m<path[39m
                  [33mclip-rule[39m=[32m"evenodd"[39m
                  [33md[39m=[32m"M18 10a8 8 0 11-16 0 8 8 0 0116 0zm-7-4a1 1 0 11-2 0 1 1 0 012 0zM9 9a1 1 0 000 2v3a1 1 0 001 1h1a1 1 0 100-2v-3a1 1 0 00-1-1H9z"[39m
                  [33mfill-rule[39m=[32m"evenodd"[39m
                [36m/>[39m
              [36m</svg>[39m
              [36m<div[39m
                [33mclass[39m=[32m"text-sm text-blue-800"[39m
              [36m>[39m
                [36m<p[39m
                  [33mclass[39m=[32m"font-medium mb-1"[39m
                [36m>[39m
                  [0mNext Steps[0m
                [36m</p>[39m
                [36m<ul[39m
                  [33mclass[39m=[32m"list-disc list-inside space-y-1 text-blue-700"[39m
                [36m>[39m
                  [36m<li>[39m
                    [0mReview the PDF preview above[0m
                  [36m</li>[39m
                  [36m<li>[39m
                    [0mClick "Download" to save a copy to your device[0m
                  [36m</li>[39m
                  [36m<li>[39m
                    [0mClick "Edit Form" if you need to make changes[0m
                  [36m</li>[39m
                  [36m<li>[39m
                    [0mClick "Approve" to finalize your submission[0m
                  [36m</li>[39m
                [36m</ul>[39m
              [36m</div>[39m
            [36m</div>[39m
          [36m</div>[39m
        [36m</div>[39m
      [36m</div>[39m
    [36m</body>[39m

      204 |       
      205 |       expect(screen.getByText('Next Steps')).toBeInTheDocument();
    > 206 |       expect(screen.getByText(/Download the PDF to review/i)).toBeInTheDocument();
          |                     ^
      207 |     });
      208 |   });
      209 | });

      at Object.getElementError (node_modules/@testing-library/dom/dist/config.js:37:19)
      at node_modules/@testing-library/dom/dist/query-helpers.js:76:38
      at node_modules/@testing-library/dom/dist/query-helpers.js:52:17
      at node_modules/@testing-library/dom/dist/query-helpers.js:95:19
      at Object.getByText (src/components/forms/Form1099DivPreview.responsive.test.tsx:206:21)

PASS src/app/login/form-data-restoration.test.tsx
PASS src/app/api/auth/login/route.test.ts
PASS src/components/TaxFormSelector.test.tsx
  ● Console

    console.log
      [Button] Rendering with type: button

      at log (src/components/ui/Button.tsx:25:13)

    console.log
      [Button] Props received: {
        variant: 'primary',
        size: 'lg',
        type: 'button',
        loading: false,
        disabled: true
      }

      at log (src/components/ui/Button.tsx:26:13)

    console.log
      [Button] Has onClick in props: true

      at log (src/components/ui/Button.tsx:27:13)

    console.log
      [Button] All props: {
        onClick: [Function: handleNavigate],
        'aria-label': 'Navigate to selected form'
      }

      at log (src/components/ui/Button.tsx:28:13)

    console.log
      [Button] Rendering with type: button

      at log (src/components/ui/Button.tsx:25:13)

    console.log
      [Button] Props received: {
        variant: 'primary',
        size: 'lg',
        type: 'button',
        loading: false,
        disabled: true
      }

      at log (src/components/ui/Button.tsx:26:13)

    console.log
      [Button] Has onClick in props: true

      at log (src/components/ui/Button.tsx:27:13)

    console.log
      [Button] All props: {
        onClick: [Function: handleNavigate],
        'aria-label': 'Navigate to selected form'
      }

      at log (src/components/ui/Button.tsx:28:13)

    console.log
      [Button] Rendering with type: button

      at log (src/components/ui/Button.tsx:25:13)

    console.log
      [Button] Props received: {
        variant: 'primary',
        size: 'lg',
        type: 'button',
        loading: false,
        disabled: true
      }

      at log (src/components/ui/Button.tsx:26:13)

    console.log
      [Button] Has onClick in props: true

      at log (src/components/ui/Button.tsx:27:13)

    console.log
      [Button] All props: {
        onClick: [Function: handleNavigate],
        'aria-label': 'Navigate to selected form'
      }

      at log (src/components/ui/Button.tsx:28:13)

    console.log
      [Button] Rendering with type: button

      at log (src/components/ui/Button.tsx:25:13)

    console.log
      [Button] Props received: {
        variant: 'primary',
        size: 'lg',
        type: 'button',
        loading: false,
        disabled: true
      }

      at log (src/components/ui/Button.tsx:26:13)

    console.log
      [Button] Has onClick in props: true

      at log (src/components/ui/Button.tsx:27:13)

    console.log
      [Button] All props: {
        onClick: [Function: handleNavigate],
        'aria-label': 'Navigate to selected form'
      }

      at log (src/components/ui/Button.tsx:28:13)

    console.log
      [Button] Rendering with type: button

      at log (src/components/ui/Button.tsx:25:13)

    console.log
      [Button] Props received: {
        variant: 'primary',
        size: 'lg',
        type: 'button',
        loading: false,
        disabled: true
      }

      at log (src/components/ui/Button.tsx:26:13)

    console.log
      [Button] Has onClick in props: true

      at log (src/components/ui/Button.tsx:27:13)

    console.log
      [Button] All props: {
        onClick: [Function: handleNavigate],
        'aria-label': 'Navigate to selected form'
      }

      at log (src/components/ui/Button.tsx:28:13)

    console.log
      [Button] Rendering with type: button

      at log (src/components/ui/Button.tsx:25:13)

    console.log
      [Button] Props received: {
        variant: 'primary',
        size: 'lg',
        type: 'button',
        loading: false,
        disabled: true
      }

      at log (src/components/ui/Button.tsx:26:13)

    console.log
      [Button] Has onClick in props: true

      at log (src/components/ui/Button.tsx:27:13)

    console.log
      [Button] All props: {
        onClick: [Function: handleNavigate],
        'aria-label': 'Navigate to selected form'
      }

      at log (src/components/ui/Button.tsx:28:13)

    console.log
      [Button] Rendering with type: button

      at log (src/components/ui/Button.tsx:25:13)

    console.log
      [Button] Props received: {
        variant: 'primary',
        size: 'lg',
        type: 'button',
        loading: false,
        disabled: true
      }

      at log (src/components/ui/Button.tsx:26:13)

    console.log
      [Button] Has onClick in props: true

      at log (src/components/ui/Button.tsx:27:13)

    console.log
      [Button] All props: {
        onClick: [Function: handleNavigate],
        'aria-label': 'Navigate to selected form'
      }

      at log (src/components/ui/Button.tsx:28:13)

    console.log
      [Button] Rendering with type: button

      at log (src/components/ui/Button.tsx:25:13)

    console.log
      [Button] Props received: {
        variant: 'primary',
        size: 'lg',
        type: 'button',
        loading: false,
        disabled: false
      }

      at log (src/components/ui/Button.tsx:26:13)

    console.log
      [Button] Has onClick in props: true

      at log (src/components/ui/Button.tsx:27:13)

    console.log
      [Button] All props: {
        onClick: [Function: handleNavigate],
        'aria-label': 'Navigate to selected form'
      }

      at log (src/components/ui/Button.tsx:28:13)

    console.log
      [Button] Rendering with type: button

      at log (src/components/ui/Button.tsx:25:13)

    console.log
      [Button] Props received: {
        variant: 'primary',
        size: 'lg',
        type: 'button',
        loading: false,
        disabled: true
      }

      at log (src/components/ui/Button.tsx:26:13)

    console.log
      [Button] Has onClick in props: true

      at log (src/components/ui/Button.tsx:27:13)

    console.log
      [Button] All props: {
        onClick: [Function: handleNavigate],
        'aria-label': 'Navigate to selected form'
      }

      at log (src/components/ui/Button.tsx:28:13)

    console.log
      [Button] Rendering with type: button

      at log (src/components/ui/Button.tsx:25:13)

    console.log
      [Button] Props received: {
        variant: 'primary',
        size: 'lg',
        type: 'button',
        loading: false,
        disabled: false
      }

      at log (src/components/ui/Button.tsx:26:13)

    console.log
      [Button] Has onClick in props: true

      at log (src/components/ui/Button.tsx:27:13)

    console.log
      [Button] All props: {
        onClick: [Function: handleNavigate],
        'aria-label': 'Navigate to selected form'
      }

      at log (src/components/ui/Button.tsx:28:13)

    console.log
      [Button] Rendering with type: button

      at log (src/components/ui/Button.tsx:25:13)

    console.log
      [Button] Props received: {
        variant: 'primary',
        size: 'lg',
        type: 'button',
        loading: false,
        disabled: true
      }

      at log (src/components/ui/Button.tsx:26:13)

    console.log
      [Button] Has onClick in props: true

      at log (src/components/ui/Button.tsx:27:13)

    console.log
      [Button] All props: {
        onClick: [Function: handleNavigate],
        'aria-label': 'Navigate to selected form'
      }

      at log (src/components/ui/Button.tsx:28:13)

    console.log
      [Button] Rendering with type: button

      at log (src/components/ui/Button.tsx:25:13)

    console.log
      [Button] Props received: {
        variant: 'primary',
        size: 'lg',
        type: 'button',
        loading: false,
        disabled: false
      }

      at log (src/components/ui/Button.tsx:26:13)

    console.log
      [Button] Has onClick in props: true

      at log (src/components/ui/Button.tsx:27:13)

    console.log
      [Button] All props: {
        onClick: [Function: handleNavigate],
        'aria-label': 'Navigate to selected form'
      }

      at log (src/components/ui/Button.tsx:28:13)

    console.log
      [Button] Rendering with type: button

      at log (src/components/ui/Button.tsx:25:13)

    console.log
      [Button] Props received: {
        variant: 'primary',
        size: 'lg',
        type: 'button',
        loading: false,
        disabled: true
      }

      at log (src/components/ui/Button.tsx:26:13)

    console.log
      [Button] Has onClick in props: true

      at log (src/components/ui/Button.tsx:27:13)

    console.log
      [Button] All props: {
        onClick: [Function: handleNavigate],
        'aria-label': 'Navigate to selected form'
      }

      at log (src/components/ui/Button.tsx:28:13)

    console.log
      [Button] Rendering with type: button

      at log (src/components/ui/Button.tsx:25:13)

    console.log
      [Button] Props received: {
        variant: 'primary',
        size: 'lg',
        type: 'button',
        loading: false,
        disabled: false
      }

      at log (src/components/ui/Button.tsx:26:13)

    console.log
      [Button] Has onClick in props: true

      at log (src/components/ui/Button.tsx:27:13)

    console.log
      [Button] All props: {
        onClick: [Function: handleNavigate],
        'aria-label': 'Navigate to selected form'
      }

      at log (src/components/ui/Button.tsx:28:13)

    console.log
      [Button] Rendering with type: button

      at log (src/components/ui/Button.tsx:25:13)

    console.log
      [Button] Props received: {
        variant: 'primary',
        size: 'lg',
        type: 'button',
        loading: false,
        disabled: true
      }

      at log (src/components/ui/Button.tsx:26:13)

    console.log
      [Button] Has onClick in props: true

      at log (src/components/ui/Button.tsx:27:13)

    console.log
      [Button] All props: {
        onClick: [Function: handleNavigate],
        'aria-label': 'Navigate to selected form'
      }

      at log (src/components/ui/Button.tsx:28:13)

    console.log
      [Button] Rendering with type: button

      at log (src/components/ui/Button.tsx:25:13)

    console.log
      [Button] Props received: {
        variant: 'primary',
        size: 'lg',
        type: 'button',
        loading: false,
        disabled: false
      }

      at log (src/components/ui/Button.tsx:26:13)

    console.log
      [Button] Has onClick in props: true

      at log (src/components/ui/Button.tsx:27:13)

    console.log
      [Button] All props: {
        onClick: [Function: handleNavigate],
        'aria-label': 'Navigate to selected form'
      }

      at log (src/components/ui/Button.tsx:28:13)

    console.log
      [Button] Rendering with type: button

      at log (src/components/ui/Button.tsx:25:13)

    console.log
      [Button] Props received: {
        variant: 'primary',
        size: 'lg',
        type: 'button',
        loading: false,
        disabled: true
      }

      at log (src/components/ui/Button.tsx:26:13)

    console.log
      [Button] Has onClick in props: true

      at log (src/components/ui/Button.tsx:27:13)

    console.log
      [Button] All props: {
        onClick: [Function: handleNavigate],
        'aria-label': 'Navigate to selected form'
      }

      at log (src/components/ui/Button.tsx:28:13)

    console.log
      [Button] Rendering with type: button

      at log (src/components/ui/Button.tsx:25:13)

    console.log
      [Button] Props received: {
        variant: 'primary',
        size: 'lg',
        type: 'button',
        loading: false,
        disabled: true
      }

      at log (src/components/ui/Button.tsx:26:13)

    console.log
      [Button] Has onClick in props: true

      at log (src/components/ui/Button.tsx:27:13)

    console.log
      [Button] All props: {
        onClick: [Function: handleNavigate],
        'aria-label': 'Navigate to selected form'
      }

      at log (src/components/ui/Button.tsx:28:13)

    console.log
      [Button] Rendering with type: button

      at log (src/components/ui/Button.tsx:25:13)

    console.log
      [Button] Props received: {
        variant: 'primary',
        size: 'lg',
        type: 'button',
        loading: false,
        disabled: false
      }

      at log (src/components/ui/Button.tsx:26:13)

    console.log
      [Button] Has onClick in props: true

      at log (src/components/ui/Button.tsx:27:13)

    console.log
      [Button] All props: {
        onClick: [Function: handleNavigate],
        'aria-label': 'Navigate to selected form'
      }

      at log (src/components/ui/Button.tsx:28:13)

    console.log
      [Button] Rendering with type: button

      at log (src/components/ui/Button.tsx:25:13)

    console.log
      [Button] Props received: {
        variant: 'primary',
        size: 'lg',
        type: 'button',
        loading: false,
        disabled: true
      }

      at log (src/components/ui/Button.tsx:26:13)

    console.log
      [Button] Has onClick in props: true

      at log (src/components/ui/Button.tsx:27:13)

    console.log
      [Button] All props: {
        onClick: [Function: handleNavigate],
        'aria-label': 'Navigate to selected form'
      }

      at log (src/components/ui/Button.tsx:28:13)

    console.log
      [Button] Rendering with type: button

      at log (src/components/ui/Button.tsx:25:13)

    console.log
      [Button] Props received: {
        variant: 'primary',
        size: 'lg',
        type: 'button',
        loading: false,
        disabled: true
      }

      at log (src/components/ui/Button.tsx:26:13)

    console.log
      [Button] Has onClick in props: true

      at log (src/components/ui/Button.tsx:27:13)

    console.log
      [Button] All props: {
        onClick: [Function: handleNavigate],
        'aria-label': 'Navigate to selected form'
      }

      at log (src/components/ui/Button.tsx:28:13)

    console.log
      [Button] Rendering with type: button

      at log (src/components/ui/Button.tsx:25:13)

    console.log
      [Button] Props received: {
        variant: 'primary',
        size: 'lg',
        type: 'button',
        loading: false,
        disabled: true
      }

      at log (src/components/ui/Button.tsx:26:13)

    console.log
      [Button] Has onClick in props: true

      at log (src/components/ui/Button.tsx:27:13)

    console.log
      [Button] All props: {
        onClick: [Function: handleNavigate],
        'aria-label': 'Navigate to selected form'
      }

      at log (src/components/ui/Button.tsx:28:13)

    console.log
      [Button] Rendering with type: button

      at log (src/components/ui/Button.tsx:25:13)

    console.log
      [Button] Props received: {
        variant: 'primary',
        size: 'lg',
        type: 'button',
        loading: false,
        disabled: true
      }

      at log (src/components/ui/Button.tsx:26:13)

    console.log
      [Button] Has onClick in props: true

      at log (src/components/ui/Button.tsx:27:13)

    console.log
      [Button] All props: {
        onClick: [Function: handleNavigate],
        'aria-label': 'Navigate to selected form'
      }

      at log (src/components/ui/Button.tsx:28:13)

PASS src/lib/validation.test.ts
FAIL src/lib/api/interceptors.test.ts
  ● Console

    console.log
      [TokenManager] clearToken attempt {
        storageKey: 'jwt_token',
        reason: undefined,
        source: undefined,
        traceId: undefined,
        timestamp: '2026-02-08T19:37:44.164Z'
      }

      at log (src/lib/api/tokenManager.ts:413:11)

    console.log
      [TokenManager] No token to clear { storageKey: 'jwt_token', traceId: undefined }

      at log (src/lib/api/tokenManager.ts:434:17)

    console.log
      [TokenManager] setToken attempt {
        storageKey: 'jwt_token',
        source: undefined,
        traceId: undefined,
        timestamp: '2026-02-08T19:37:44.170Z'
      }

      at log (src/lib/api/tokenManager.ts:201:11)

    console.warn
      [AuthLogger 2026-02-08T19:37:44.170Z] Token set failed

       98 |   } else {
       99 |     // In production, log minimal info
    > 100 |     consoleMethod(message);
          |     ^
      101 |   }
      102 | }
      103 |

      at consoleMethod (src/lib/auth/AuthLogger.ts:100:5)
      at log (src/lib/auth/AuthLogger.ts:175:3)
      at setToken (src/lib/api/tokenManager.ts:217:22)
      at TokenManager.setToken (src/lib/api/tokenManager.ts:508:12)
      at Object.setToken (src/lib/api/interceptors.test.ts:36:18)

    console.warn
      TokenManager: Token does not match JWT format (token value not logged for security)

      216 |   if (!validateTokenFormat(token)) {
      217 |     logTokenOperation('set', false, 'Invalid token format: does not match JWT structure', source, traceId);
    > 218 |     console.warn('TokenManager: Token does not match JWT format (token value not logged for security)');
          |             ^
      219 |     return false;
      220 |   }
      221 |

      at warn (src/lib/api/tokenManager.ts:218:13)
      at TokenManager.setToken (src/lib/api/tokenManager.ts:508:12)
      at Object.setToken (src/lib/api/interceptors.test.ts:36:18)

    console.log
      [TokenManager] getToken attempt {
        storageKey: 'jwt_token',
        source: undefined,
        traceId: undefined,
        timestamp: '2026-02-08T19:37:44.171Z'
      }

      at log (src/lib/api/tokenManager.ts:322:11)

    console.log
      [TokenManager] Raw value retrieved {
        storageKey: 'jwt_token',
        valuePresent: false,
        valueLength: 0,
        valuePreview: 'null',
        traceId: undefined
      }

      at log (src/lib/api/tokenManager.ts:335:15)

    console.log
      [TokenManager] No token found in storage { storageKey: 'jwt_token', traceId: undefined }

      at log (src/lib/api/tokenManager.ts:358:21)

    console.warn
      [AuthLogger 2026-02-08T19:37:44.171Z] Token get failed

       98 |   } else {
       99 |     // In production, log minimal info
    > 100 |     consoleMethod(message);
          |     ^
      101 |   }
      102 | }
      103 |

      at consoleMethod (src/lib/auth/AuthLogger.ts:100:5)
      at log (src/lib/auth/AuthLogger.ts:175:3)
      at getToken (src/lib/api/tokenManager.ts:362:30)
      at TokenManager.getToken (src/lib/api/tokenManager.ts:512:12)
      at getToken (src/lib/api/interceptors.ts:41:30)
      at Object.<anonymous> (src/lib/api/interceptors.test.ts:47:42)

    console.log
      [TokenManager] clearToken attempt {
        storageKey: 'jwt_token',
        reason: undefined,
        source: undefined,
        traceId: undefined,
        timestamp: '2026-02-08T19:37:44.181Z'
      }

      at log (src/lib/api/tokenManager.ts:413:11)

    console.log
      [TokenManager] No token to clear { storageKey: 'jwt_token', traceId: undefined }

      at log (src/lib/api/tokenManager.ts:434:17)

    console.log
      [TokenManager] getToken attempt {
        storageKey: 'jwt_token',
        source: undefined,
        traceId: undefined,
        timestamp: '2026-02-08T19:37:44.182Z'
      }

      at log (src/lib/api/tokenManager.ts:322:11)

    console.log
      [TokenManager] Raw value retrieved {
        storageKey: 'jwt_token',
        valuePresent: false,
        valueLength: 0,
        valuePreview: 'null',
        traceId: undefined
      }

      at log (src/lib/api/tokenManager.ts:335:15)

    console.log
      [TokenManager] No token found in storage { storageKey: 'jwt_token', traceId: undefined }

      at log (src/lib/api/tokenManager.ts:358:21)

    console.warn
      [AuthLogger 2026-02-08T19:37:44.182Z] Token get failed

       98 |   } else {
       99 |     // In production, log minimal info
    > 100 |     consoleMethod(message);
          |     ^
      101 |   }
      102 | }
      103 |

      at consoleMethod (src/lib/auth/AuthLogger.ts:100:5)
      at log (src/lib/auth/AuthLogger.ts:175:3)
      at getToken (src/lib/api/tokenManager.ts:362:30)
      at TokenManager.getToken (src/lib/api/tokenManager.ts:512:12)
      at getToken (src/lib/api/interceptors.ts:41:30)
      at Object.<anonymous> (src/lib/api/interceptors.test.ts:67:42)

    console.log
      [TokenManager] clearToken attempt {
        storageKey: 'jwt_token',
        reason: undefined,
        source: undefined,
        traceId: undefined,
        timestamp: '2026-02-08T19:37:44.182Z'
      }

      at log (src/lib/api/tokenManager.ts:413:11)

    console.log
      [TokenManager] No token to clear { storageKey: 'jwt_token', traceId: undefined }

      at log (src/lib/api/tokenManager.ts:434:17)

    console.log
      [TokenManager] setToken attempt {
        storageKey: 'jwt_token',
        source: undefined,
        traceId: undefined,
        timestamp: '2026-02-08T19:37:44.184Z'
      }

      at log (src/lib/api/tokenManager.ts:201:11)

    console.warn
      [AuthLogger 2026-02-08T19:37:44.185Z] Token set failed

       98 |   } else {
       99 |     // In production, log minimal info
    > 100 |     consoleMethod(message);
          |     ^
      101 |   }
      102 | }
      103 |

      at consoleMethod (src/lib/auth/AuthLogger.ts:100:5)
      at log (src/lib/auth/AuthLogger.ts:175:3)
      at setToken (src/lib/api/tokenManager.ts:217:22)
      at TokenManager.setToken (src/lib/api/tokenManager.ts:508:12)
      at Object.setToken (src/lib/api/interceptors.test.ts:79:18)

    console.warn
      TokenManager: Token does not match JWT format (token value not logged for security)

      216 |   if (!validateTokenFormat(token)) {
      217 |     logTokenOperation('set', false, 'Invalid token format: does not match JWT structure', source, traceId);
    > 218 |     console.warn('TokenManager: Token does not match JWT format (token value not logged for security)');
          |             ^
      219 |     return false;
      220 |   }
      221 |

      at warn (src/lib/api/tokenManager.ts:218:13)
      at TokenManager.setToken (src/lib/api/tokenManager.ts:508:12)
      at Object.setToken (src/lib/api/interceptors.test.ts:79:18)

    console.log
      [TokenManager] clearToken attempt {
        storageKey: 'jwt_token',
        reason: undefined,
        source: undefined,
        traceId: undefined,
        timestamp: '2026-02-08T19:37:44.186Z'
      }

      at log (src/lib/api/tokenManager.ts:413:11)

    console.log
      [TokenManager] No token to clear { storageKey: 'jwt_token', traceId: undefined }

      at log (src/lib/api/tokenManager.ts:434:17)

    console.log
      [TokenManager] setToken attempt {
        storageKey: 'jwt_token',
        source: undefined,
        traceId: undefined,
        timestamp: '2026-02-08T19:37:44.186Z'
      }

      at log (src/lib/api/tokenManager.ts:201:11)

    console.warn
      [AuthLogger 2026-02-08T19:37:44.187Z] Token set failed

       98 |   } else {
       99 |     // In production, log minimal info
    > 100 |     consoleMethod(message);
          |     ^
      101 |   }
      102 | }
      103 |

      at consoleMethod (src/lib/auth/AuthLogger.ts:100:5)
      at log (src/lib/auth/AuthLogger.ts:175:3)
      at setToken (src/lib/api/tokenManager.ts:217:22)
      at TokenManager.setToken (src/lib/api/tokenManager.ts:508:12)
      at Object.setToken (src/lib/api/interceptors.test.ts:103:18)

    console.warn
      TokenManager: Token does not match JWT format (token value not logged for security)

      216 |   if (!validateTokenFormat(token)) {
      217 |     logTokenOperation('set', false, 'Invalid token format: does not match JWT structure', source, traceId);
    > 218 |     console.warn('TokenManager: Token does not match JWT format (token value not logged for security)');
          |             ^
      219 |     return false;
      220 |   }
      221 |

      at warn (src/lib/api/tokenManager.ts:218:13)
      at TokenManager.setToken (src/lib/api/tokenManager.ts:508:12)
      at Object.setToken (src/lib/api/interceptors.test.ts:103:18)

    console.log
      [TokenManager] getToken attempt {
        storageKey: 'jwt_token',
        source: undefined,
        traceId: undefined,
        timestamp: '2026-02-08T19:37:44.187Z'
      }

      at log (src/lib/api/tokenManager.ts:322:11)

    console.log
      [TokenManager] Raw value retrieved {
        storageKey: 'jwt_token',
        valuePresent: false,
        valueLength: 0,
        valuePreview: 'null',
        traceId: undefined
      }

      at log (src/lib/api/tokenManager.ts:335:15)

    console.log
      [TokenManager] No token found in storage { storageKey: 'jwt_token', traceId: undefined }

      at log (src/lib/api/tokenManager.ts:358:21)

    console.warn
      [AuthLogger 2026-02-08T19:37:44.187Z] Token get failed

       98 |   } else {
       99 |     // In production, log minimal info
    > 100 |     consoleMethod(message);
          |     ^
      101 |   }
      102 | }
      103 |

      at consoleMethod (src/lib/auth/AuthLogger.ts:100:5)
      at log (src/lib/auth/AuthLogger.ts:175:3)
      at getToken (src/lib/api/tokenManager.ts:362:30)
      at TokenManager.getToken (src/lib/api/tokenManager.ts:512:12)
      at getToken (src/lib/api/interceptors.ts:41:30)
      at Object.<anonymous> (src/lib/api/interceptors.test.ts:115:42)

    console.log
      [TokenManager] clearToken attempt {
        storageKey: 'jwt_token',
        reason: undefined,
        source: undefined,
        traceId: undefined,
        timestamp: '2026-02-08T19:37:44.194Z'
      }

      at log (src/lib/api/tokenManager.ts:413:11)

    console.log
      [TokenManager] No token to clear { storageKey: 'jwt_token', traceId: undefined }

      at log (src/lib/api/tokenManager.ts:434:17)

    console.log
      [TokenManager] setToken attempt {
        storageKey: 'jwt_token',
        source: undefined,
        traceId: undefined,
        timestamp: '2026-02-08T19:37:44.194Z'
      }

      at log (src/lib/api/tokenManager.ts:201:11)

    console.warn
      [AuthLogger 2026-02-08T19:37:44.194Z] Token set failed

       98 |   } else {
       99 |     // In production, log minimal info
    > 100 |     consoleMethod(message);
          |     ^
      101 |   }
      102 | }
      103 |

      at consoleMethod (src/lib/auth/AuthLogger.ts:100:5)
      at log (src/lib/auth/AuthLogger.ts:175:3)
      at setToken (src/lib/api/tokenManager.ts:217:22)
      at TokenManager.setToken (src/lib/api/tokenManager.ts:508:12)
      at Object.setToken (src/lib/api/interceptors.test.ts:128:18)

    console.warn
      TokenManager: Token does not match JWT format (token value not logged for security)

      216 |   if (!validateTokenFormat(token)) {
      217 |     logTokenOperation('set', false, 'Invalid token format: does not match JWT structure', source, traceId);
    > 218 |     console.warn('TokenManager: Token does not match JWT format (token value not logged for security)');
          |             ^
      219 |     return false;
      220 |   }
      221 |

      at warn (src/lib/api/tokenManager.ts:218:13)
      at TokenManager.setToken (src/lib/api/tokenManager.ts:508:12)
      at Object.setToken (src/lib/api/interceptors.test.ts:128:18)

    console.log
      [TokenManager] getToken attempt {
        storageKey: 'jwt_token',
        source: undefined,
        traceId: undefined,
        timestamp: '2026-02-08T19:37:44.195Z'
      }

      at log (src/lib/api/tokenManager.ts:322:11)

    console.log
      [TokenManager] Raw value retrieved {
        storageKey: 'jwt_token',
        valuePresent: false,
        valueLength: 0,
        valuePreview: 'null',
        traceId: undefined
      }

      at log (src/lib/api/tokenManager.ts:335:15)

    console.log
      [TokenManager] No token found in storage { storageKey: 'jwt_token', traceId: undefined }

      at log (src/lib/api/tokenManager.ts:358:21)

    console.warn
      [AuthLogger 2026-02-08T19:37:44.195Z] Token get failed

       98 |   } else {
       99 |     // In production, log minimal info
    > 100 |     consoleMethod(message);
          |     ^
      101 |   }
      102 | }
      103 |

      at consoleMethod (src/lib/auth/AuthLogger.ts:100:5)
      at log (src/lib/auth/AuthLogger.ts:175:3)
      at getToken (src/lib/api/tokenManager.ts:362:30)
      at TokenManager.getToken (src/lib/api/tokenManager.ts:512:12)
      at getToken (src/lib/api/interceptors.ts:41:30)
      at Object.<anonymous> (src/lib/api/interceptors.test.ts:136:42)

    console.log
      [TokenManager] clearToken attempt {
        storageKey: 'jwt_token',
        reason: undefined,
        source: undefined,
        traceId: undefined,
        timestamp: '2026-02-08T19:37:44.196Z'
      }

      at log (src/lib/api/tokenManager.ts:413:11)

    console.log
      [TokenManager] No token to clear { storageKey: 'jwt_token', traceId: undefined }

      at log (src/lib/api/tokenManager.ts:434:17)

    console.log
      [TokenManager] setToken attempt {
        storageKey: 'jwt_token',
        source: undefined,
        traceId: undefined,
        timestamp: '2026-02-08T19:37:44.196Z'
      }

      at log (src/lib/api/tokenManager.ts:201:11)

    console.warn
      [AuthLogger 2026-02-08T19:37:44.196Z] Token set failed

       98 |   } else {
       99 |     // In production, log minimal info
    > 100 |     consoleMethod(message);
          |     ^
      101 |   }
      102 | }
      103 |

      at consoleMethod (src/lib/auth/AuthLogger.ts:100:5)
      at log (src/lib/auth/AuthLogger.ts:175:3)
      at setToken (src/lib/api/tokenManager.ts:217:22)
      at TokenManager.setToken (src/lib/api/tokenManager.ts:508:12)
      at Object.setToken (src/lib/api/interceptors.test.ts:153:18)

    console.warn
      TokenManager: Token does not match JWT format (token value not logged for security)

      216 |   if (!validateTokenFormat(token)) {
      217 |     logTokenOperation('set', false, 'Invalid token format: does not match JWT structure', source, traceId);
    > 218 |     console.warn('TokenManager: Token does not match JWT format (token value not logged for security)');
          |             ^
      219 |     return false;
      220 |   }
      221 |

      at warn (src/lib/api/tokenManager.ts:218:13)
      at TokenManager.setToken (src/lib/api/tokenManager.ts:508:12)
      at Object.setToken (src/lib/api/interceptors.test.ts:153:18)

    console.log
      [TokenManager] hasToken check {
        storageKey: 'jwt_token',
        source: 'auth-interceptor',
        traceId: undefined,
        timestamp: '2026-02-08T19:37:44.197Z'
      }

      at log (src/lib/api/tokenManager.ts:469:11)

    console.log
      [TokenManager] getToken attempt {
        storageKey: 'jwt_token',
        source: 'auth-interceptor',
        traceId: undefined,
        timestamp: '2026-02-08T19:37:44.197Z'
      }

      at log (src/lib/api/tokenManager.ts:322:11)

    console.log
      [TokenManager] Raw value retrieved {
        storageKey: 'jwt_token',
        valuePresent: false,
        valueLength: 0,
        valuePreview: 'null',
        traceId: undefined
      }

      at log (src/lib/api/tokenManager.ts:335:15)

    console.log
      [TokenManager] No token found in storage { storageKey: 'jwt_token', traceId: undefined }

      at log (src/lib/api/tokenManager.ts:358:21)

    console.warn
      [AuthLogger 2026-02-08T19:37:44.197Z] Token get failed

       98 |   } else {
       99 |     // In production, log minimal info
    > 100 |     consoleMethod(message);
          |     ^
      101 |   }
      102 | }
      103 |

      at consoleMethod (src/lib/auth/AuthLogger.ts:100:5)
      at log (src/lib/auth/AuthLogger.ts:175:3)
      at getToken (src/lib/api/tokenManager.ts:362:30)
      at getToken (src/lib/api/tokenManager.ts:477:17)
      at TokenManager.hasToken (src/lib/api/tokenManager.ts:520:12)
      at hasToken (src/lib/api/interceptors.ts:144:35)
      at Object.<anonymous> (src/lib/api/interceptors.test.ts:158:34)

    console.log
      [TokenManager] hasToken result {
        hasToken: false,
        tokenPresent: false,
        tokenValid: false,
        storageKey: 'jwt_token',
        traceId: undefined
      }

      at log (src/lib/api/tokenManager.ts:480:11)

    console.warn
      [AuthLogger 2026-02-08T19:37:44.197Z] API Auth Failure: 401

       98 |   } else {
       99 |     // In production, log minimal info
    > 100 |     consoleMethod(message);
          |     ^
      101 |   }
      102 | }
      103 |

      at consoleMethod (src/lib/auth/AuthLogger.ts:100:5)
      at log (src/lib/auth/AuthLogger.ts:209:3)
      at authResponseInterceptor (src/lib/api/interceptors.ts:153:19)
      at Object.<anonymous> (src/lib/api/interceptors.test.ts:158:34)

    console.log
      [TokenManager] clearToken attempt {
        storageKey: 'jwt_token',
        reason: '401_unauthorized',
        source: 'auth-interceptor',
        traceId: undefined,
        timestamp: '2026-02-08T19:37:44.198Z'
      }

      at log (src/lib/api/tokenManager.ts:413:11)

    console.log
      [TokenManager] No token to clear { storageKey: 'jwt_token', traceId: undefined }

      at log (src/lib/api/tokenManager.ts:434:17)

    console.error
      Error: Not implemented: navigation (except hash changes)
          at module.exports (/Users/ryan/Library/Mobile Documents/com~apple~CloudDocs/Documents/VSCode/Tax-App-Frontend/node_modules/jsdom/lib/jsdom/browser/not-implemented.js:9:17)
          at navigateFetch (/Users/ryan/Library/Mobile Documents/com~apple~CloudDocs/Documents/VSCode/Tax-App-Frontend/node_modules/jsdom/lib/jsdom/living/window/navigation.js:77:3)
          at exports.navigate (/Users/ryan/Library/Mobile Documents/com~apple~CloudDocs/Documents/VSCode/Tax-App-Frontend/node_modules/jsdom/lib/jsdom/living/window/navigation.js:55:3)
          at LocationImpl._locationObjectNavigate (/Users/ryan/Library/Mobile Documents/com~apple~CloudDocs/Documents/VSCode/Tax-App-Frontend/node_modules/jsdom/lib/jsdom/living/window/Location-impl.js:30:5)
          at LocationImpl._locationObjectSetterNavigate (/Users/ryan/Library/Mobile Documents/com~apple~CloudDocs/Documents/VSCode/Tax-App-Frontend/node_modules/jsdom/lib/jsdom/living/window/Location-impl.js:24:17)
          at LocationImpl.set href [as href] (/Users/ryan/Library/Mobile Documents/com~apple~CloudDocs/Documents/VSCode/Tax-App-Frontend/node_modules/jsdom/lib/jsdom/living/window/Location-impl.js:46:10)
          at Location.set href [as href] (/Users/ryan/Library/Mobile Documents/com~apple~CloudDocs/Documents/VSCode/Tax-App-Frontend/node_modules/jsdom/lib/jsdom/living/generated/Location.js:125:37)
          at authResponseInterceptor (/Users/ryan/Library/Mobile Documents/com~apple~CloudDocs/Documents/VSCode/Tax-App-Frontend/src/lib/api/interceptors.ts:212:27)
          at Object.<anonymous> (/Users/ryan/Library/Mobile Documents/com~apple~CloudDocs/Documents/VSCode/Tax-App-Frontend/src/lib/api/interceptors.test.ts:158:34)
          at Promise.finally.completed (/Users/ryan/Library/Mobile Documents/com~apple~CloudDocs/Documents/VSCode/Tax-App-Frontend/node_modules/jest-circus/build/jestAdapterInit.js:1557:28)
          at new Promise (<anonymous>)
          at callAsyncCircusFn (/Users/ryan/Library/Mobile Documents/com~apple~CloudDocs/Documents/VSCode/Tax-App-Frontend/node_modules/jest-circus/build/jestAdapterInit.js:1497:10)
          at _callCircusTest (/Users/ryan/Library/Mobile Documents/com~apple~CloudDocs/Documents/VSCode/Tax-App-Frontend/node_modules/jest-circus/build/jestAdapterInit.js:1007:40)
          at processTicksAndRejections (node:internal/process/task_queues:95:5)
          at _runTest (/Users/ryan/Library/Mobile Documents/com~apple~CloudDocs/Documents/VSCode/Tax-App-Frontend/node_modules/jest-circus/build/jestAdapterInit.js:947:3)
          at /Users/ryan/Library/Mobile Documents/com~apple~CloudDocs/Documents/VSCode/Tax-App-Frontend/node_modules/jest-circus/build/jestAdapterInit.js:849:7
          at _runTestsForDescribeBlock (/Users/ryan/Library/Mobile Documents/com~apple~CloudDocs/Documents/VSCode/Tax-App-Frontend/node_modules/jest-circus/build/jestAdapterInit.js:862:11)
          at _runTestsForDescribeBlock (/Users/ryan/Library/Mobile Documents/com~apple~CloudDocs/Documents/VSCode/Tax-App-Frontend/node_modules/jest-circus/build/jestAdapterInit.js:857:11)
          at run (/Users/ryan/Library/Mobile Documents/com~apple~CloudDocs/Documents/VSCode/Tax-App-Frontend/node_modules/jest-circus/build/jestAdapterInit.js:761:3)
          at runAndTransformResultsToJestFormat (/Users/ryan/Library/Mobile Documents/com~apple~CloudDocs/Documents/VSCode/Tax-App-Frontend/node_modules/jest-circus/build/jestAdapterInit.js:1918:21)
          at jestAdapter (/Users/ryan/Library/Mobile Documents/com~apple~CloudDocs/Documents/VSCode/Tax-App-Frontend/node_modules/jest-circus/build/runner.js:101:19)
          at runTestInternal (/Users/ryan/Library/Mobile Documents/com~apple~CloudDocs/Documents/VSCode/Tax-App-Frontend/node_modules/jest-runner/build/testWorker.js:275:16)
          at runTest (/Users/ryan/Library/Mobile Documents/com~apple~CloudDocs/Documents/VSCode/Tax-App-Frontend/node_modules/jest-runner/build/testWorker.js:343:7)
          at Object.worker (/Users/ryan/Library/Mobile Documents/com~apple~CloudDocs/Documents/VSCode/Tax-App-Frontend/node_modules/jest-runner/build/testWorker.js:497:12) {
        type: 'not implemented'
      }

      210 |       );
      211 |       
    > 212 |       window.location.href = redirectTo;
          |                           ^
      213 |     }
      214 |   }
      215 |

      at VirtualConsole.<anonymous> (node_modules/@jest/environment-jsdom-abstract/build/index.js:87:23)
      at module.exports (node_modules/jsdom/lib/jsdom/browser/not-implemented.js:12:26)
      at navigateFetch (node_modules/jsdom/lib/jsdom/living/window/navigation.js:77:3)
      at exports.navigate (node_modules/jsdom/lib/jsdom/living/window/navigation.js:55:3)
      at LocationImpl._locationObjectNavigate (node_modules/jsdom/lib/jsdom/living/window/Location-impl.js:30:5)
      at LocationImpl._locationObjectSetterNavigate (node_modules/jsdom/lib/jsdom/living/window/Location-impl.js:24:17)
      at LocationImpl.set href [as href] (node_modules/jsdom/lib/jsdom/living/window/Location-impl.js:46:10)
      at Location.set href [as href] (node_modules/jsdom/lib/jsdom/living/generated/Location.js:125:37)
      at authResponseInterceptor (src/lib/api/interceptors.ts:212:27)
      at Object.<anonymous> (src/lib/api/interceptors.test.ts:158:34)

    console.log
      [TokenManager] getToken attempt {
        storageKey: 'jwt_token',
        source: undefined,
        traceId: undefined,
        timestamp: '2026-02-08T19:37:44.200Z'
      }

      at log (src/lib/api/tokenManager.ts:322:11)

    console.log
      [TokenManager] Raw value retrieved {
        storageKey: 'jwt_token',
        valuePresent: false,
        valueLength: 0,
        valuePreview: 'null',
        traceId: undefined
      }

      at log (src/lib/api/tokenManager.ts:335:15)

    console.log
      [TokenManager] No token found in storage { storageKey: 'jwt_token', traceId: undefined }

      at log (src/lib/api/tokenManager.ts:358:21)

    console.warn
      [AuthLogger 2026-02-08T19:37:44.201Z] Token get failed

       98 |   } else {
       99 |     // In production, log minimal info
    > 100 |     consoleMethod(message);
          |     ^
      101 |   }
      102 | }
      103 |

      at consoleMethod (src/lib/auth/AuthLogger.ts:100:5)
      at log (src/lib/auth/AuthLogger.ts:175:3)
      at getToken (src/lib/api/tokenManager.ts:362:30)
      at TokenManager.getToken (src/lib/api/tokenManager.ts:512:12)
      at Object.getToken (src/lib/api/interceptors.test.ts:161:25)

    console.log
      [TokenManager] clearToken attempt {
        storageKey: 'jwt_token',
        reason: undefined,
        source: undefined,
        traceId: undefined,
        timestamp: '2026-02-08T19:37:44.201Z'
      }

      at log (src/lib/api/tokenManager.ts:413:11)

    console.log
      [TokenManager] No token to clear { storageKey: 'jwt_token', traceId: undefined }

      at log (src/lib/api/tokenManager.ts:434:17)

    console.log
      [TokenManager] setToken attempt {
        storageKey: 'jwt_token',
        source: undefined,
        traceId: undefined,
        timestamp: '2026-02-08T19:37:44.201Z'
      }

      at log (src/lib/api/tokenManager.ts:201:11)

    console.warn
      [AuthLogger 2026-02-08T19:37:44.202Z] Token set failed

       98 |   } else {
       99 |     // In production, log minimal info
    > 100 |     consoleMethod(message);
          |     ^
      101 |   }
      102 | }
      103 |

      at consoleMethod (src/lib/auth/AuthLogger.ts:100:5)
      at log (src/lib/auth/AuthLogger.ts:175:3)
      at setToken (src/lib/api/tokenManager.ts:217:22)
      at TokenManager.setToken (src/lib/api/tokenManager.ts:508:12)
      at Object.setToken (src/lib/api/interceptors.test.ts:166:18)

    console.warn
      TokenManager: Token does not match JWT format (token value not logged for security)

      216 |   if (!validateTokenFormat(token)) {
      217 |     logTokenOperation('set', false, 'Invalid token format: does not match JWT structure', source, traceId);
    > 218 |     console.warn('TokenManager: Token does not match JWT format (token value not logged for security)');
          |             ^
      219 |     return false;
      220 |   }
      221 |

      at warn (src/lib/api/tokenManager.ts:218:13)
      at TokenManager.setToken (src/lib/api/tokenManager.ts:508:12)
      at Object.setToken (src/lib/api/interceptors.test.ts:166:18)

    console.log
      [TokenManager] getToken attempt {
        storageKey: 'jwt_token',
        source: undefined,
        traceId: undefined,
        timestamp: '2026-02-08T19:37:44.202Z'
      }

      at log (src/lib/api/tokenManager.ts:322:11)

    console.log
      [TokenManager] Raw value retrieved {
        storageKey: 'jwt_token',
        valuePresent: false,
        valueLength: 0,
        valuePreview: 'null',
        traceId: undefined
      }

      at log (src/lib/api/tokenManager.ts:335:15)

    console.log
      [TokenManager] No token found in storage { storageKey: 'jwt_token', traceId: undefined }

      at log (src/lib/api/tokenManager.ts:358:21)

    console.warn
      [AuthLogger 2026-02-08T19:37:44.202Z] Token get failed

       98 |   } else {
       99 |     // In production, log minimal info
    > 100 |     consoleMethod(message);
          |     ^
      101 |   }
      102 | }
      103 |

      at consoleMethod (src/lib/auth/AuthLogger.ts:100:5)
      at log (src/lib/auth/AuthLogger.ts:175:3)
      at getToken (src/lib/api/tokenManager.ts:362:30)
      at TokenManager.getToken (src/lib/api/tokenManager.ts:512:12)
      at Object.getToken (src/lib/api/interceptors.test.ts:176:25)

    console.log
      [TokenManager] clearToken attempt {
        storageKey: 'jwt_token',
        reason: undefined,
        source: undefined,
        traceId: undefined,
        timestamp: '2026-02-08T19:37:44.203Z'
      }

      at log (src/lib/api/tokenManager.ts:413:11)

    console.log
      [TokenManager] No token to clear { storageKey: 'jwt_token', traceId: undefined }

      at log (src/lib/api/tokenManager.ts:434:17)

    console.log
      [TokenManager] setToken attempt {
        storageKey: 'jwt_token',
        source: undefined,
        traceId: undefined,
        timestamp: '2026-02-08T19:37:44.203Z'
      }

      at log (src/lib/api/tokenManager.ts:201:11)

    console.warn
      [AuthLogger 2026-02-08T19:37:44.203Z] Token set failed

       98 |   } else {
       99 |     // In production, log minimal info
    > 100 |     consoleMethod(message);
          |     ^
      101 |   }
      102 | }
      103 |

      at consoleMethod (src/lib/auth/AuthLogger.ts:100:5)
      at log (src/lib/auth/AuthLogger.ts:175:3)
      at setToken (src/lib/api/tokenManager.ts:217:22)
      at TokenManager.setToken (src/lib/api/tokenManager.ts:508:12)
      at Object.setToken (src/lib/api/interceptors.test.ts:181:18)

    console.warn
      TokenManager: Token does not match JWT format (token value not logged for security)

      216 |   if (!validateTokenFormat(token)) {
      217 |     logTokenOperation('set', false, 'Invalid token format: does not match JWT structure', source, traceId);
    > 218 |     console.warn('TokenManager: Token does not match JWT format (token value not logged for security)');
          |             ^
      219 |     return false;
      220 |   }
      221 |

      at warn (src/lib/api/tokenManager.ts:218:13)
      at TokenManager.setToken (src/lib/api/tokenManager.ts:508:12)
      at Object.setToken (src/lib/api/interceptors.test.ts:181:18)

    console.log
      [TokenManager] getToken attempt {
        storageKey: 'jwt_token',
        source: undefined,
        traceId: undefined,
        timestamp: '2026-02-08T19:37:44.203Z'
      }

      at log (src/lib/api/tokenManager.ts:322:11)

    console.log
      [TokenManager] Raw value retrieved {
        storageKey: 'jwt_token',
        valuePresent: false,
        valueLength: 0,
        valuePreview: 'null',
        traceId: undefined
      }

      at log (src/lib/api/tokenManager.ts:335:15)

    console.log
      [TokenManager] No token found in storage { storageKey: 'jwt_token', traceId: undefined }

      at log (src/lib/api/tokenManager.ts:358:21)

    console.warn
      [AuthLogger 2026-02-08T19:37:44.203Z] Token get failed

       98 |   } else {
       99 |     // In production, log minimal info
    > 100 |     consoleMethod(message);
          |     ^
      101 |   }
      102 | }
      103 |

      at consoleMethod (src/lib/auth/AuthLogger.ts:100:5)
      at log (src/lib/auth/AuthLogger.ts:175:3)
      at getToken (src/lib/api/tokenManager.ts:362:30)
      at TokenManager.getToken (src/lib/api/tokenManager.ts:512:12)
      at Object.getToken (src/lib/api/interceptors.test.ts:191:25)

    console.log
      [TokenManager] clearToken attempt {
        storageKey: 'jwt_token',
        reason: undefined,
        source: undefined,
        traceId: undefined,
        timestamp: '2026-02-08T19:37:44.204Z'
      }

      at log (src/lib/api/tokenManager.ts:413:11)

    console.log
      [TokenManager] No token to clear { storageKey: 'jwt_token', traceId: undefined }

      at log (src/lib/api/tokenManager.ts:434:17)

    console.log
      [TokenManager] setToken attempt {
        storageKey: 'jwt_token',
        source: undefined,
        traceId: undefined,
        timestamp: '2026-02-08T19:37:44.204Z'
      }

      at log (src/lib/api/tokenManager.ts:201:11)

    console.warn
      [AuthLogger 2026-02-08T19:37:44.204Z] Token set failed

       98 |   } else {
       99 |     // In production, log minimal info
    > 100 |     consoleMethod(message);
          |     ^
      101 |   }
      102 | }
      103 |

      at consoleMethod (src/lib/auth/AuthLogger.ts:100:5)
      at log (src/lib/auth/AuthLogger.ts:175:3)
      at setToken (src/lib/api/tokenManager.ts:217:22)
      at TokenManager.setToken (src/lib/api/tokenManager.ts:508:12)
      at Object.setToken (src/lib/api/interceptors.test.ts:196:18)

    console.warn
      TokenManager: Token does not match JWT format (token value not logged for security)

      216 |   if (!validateTokenFormat(token)) {
      217 |     logTokenOperation('set', false, 'Invalid token format: does not match JWT structure', source, traceId);
    > 218 |     console.warn('TokenManager: Token does not match JWT format (token value not logged for security)');
          |             ^
      219 |     return false;
      220 |   }
      221 |

      at warn (src/lib/api/tokenManager.ts:218:13)
      at TokenManager.setToken (src/lib/api/tokenManager.ts:508:12)
      at Object.setToken (src/lib/api/interceptors.test.ts:196:18)

    console.log
      [TokenManager] getToken attempt {
        storageKey: 'jwt_token',
        source: undefined,
        traceId: undefined,
        timestamp: '2026-02-08T19:37:44.204Z'
      }

      at log (src/lib/api/tokenManager.ts:322:11)

    console.log
      [TokenManager] Raw value retrieved {
        storageKey: 'jwt_token',
        valuePresent: false,
        valueLength: 0,
        valuePreview: 'null',
        traceId: undefined
      }

      at log (src/lib/api/tokenManager.ts:335:15)

    console.log
      [TokenManager] No token found in storage { storageKey: 'jwt_token', traceId: undefined }

      at log (src/lib/api/tokenManager.ts:358:21)

    console.warn
      [AuthLogger 2026-02-08T19:37:44.205Z] Token get failed

       98 |   } else {
       99 |     // In production, log minimal info
    > 100 |     consoleMethod(message);
          |     ^
      101 |   }
      102 | }
      103 |

      at consoleMethod (src/lib/auth/AuthLogger.ts:100:5)
      at log (src/lib/auth/AuthLogger.ts:175:3)
      at getToken (src/lib/api/tokenManager.ts:362:30)
      at TokenManager.getToken (src/lib/api/tokenManager.ts:512:12)
      at Object.getToken (src/lib/api/interceptors.test.ts:206:25)

    console.log
      [TokenManager] clearToken attempt {
        storageKey: 'jwt_token',
        reason: undefined,
        source: undefined,
        traceId: undefined,
        timestamp: '2026-02-08T19:37:44.206Z'
      }

      at log (src/lib/api/tokenManager.ts:413:11)

    console.log
      [TokenManager] No token to clear { storageKey: 'jwt_token', traceId: undefined }

      at log (src/lib/api/tokenManager.ts:434:17)

    console.log
      [TokenManager] clearToken attempt {
        storageKey: 'jwt_token',
        reason: undefined,
        source: undefined,
        traceId: undefined,
        timestamp: '2026-02-08T19:37:44.207Z'
      }

      at log (src/lib/api/tokenManager.ts:413:11)

    console.log
      [TokenManager] No token to clear { storageKey: 'jwt_token', traceId: undefined }

      at log (src/lib/api/tokenManager.ts:434:17)

    console.log
      [TokenManager] setToken attempt {
        storageKey: 'jwt_token',
        source: undefined,
        traceId: undefined,
        timestamp: '2026-02-08T19:37:44.208Z'
      }

      at log (src/lib/api/tokenManager.ts:201:11)

    console.warn
      [AuthLogger 2026-02-08T19:37:44.208Z] Token set failed

       98 |   } else {
       99 |     // In production, log minimal info
    > 100 |     consoleMethod(message);
          |     ^
      101 |   }
      102 | }
      103 |

      at consoleMethod (src/lib/auth/AuthLogger.ts:100:5)
      at log (src/lib/auth/AuthLogger.ts:175:3)
      at setToken (src/lib/api/tokenManager.ts:217:22)
      at TokenManager.setToken (src/lib/api/tokenManager.ts:508:12)
      at Object.setToken (src/lib/api/interceptors.test.ts:227:18)

    console.warn
      TokenManager: Token does not match JWT format (token value not logged for security)

      216 |   if (!validateTokenFormat(token)) {
      217 |     logTokenOperation('set', false, 'Invalid token format: does not match JWT structure', source, traceId);
    > 218 |     console.warn('TokenManager: Token does not match JWT format (token value not logged for security)');
          |             ^
      219 |     return false;
      220 |   }
      221 |

      at warn (src/lib/api/tokenManager.ts:218:13)
      at TokenManager.setToken (src/lib/api/tokenManager.ts:508:12)
      at Object.setToken (src/lib/api/interceptors.test.ts:227:18)

    console.error
      Error: Not implemented: navigation (except hash changes)
          at module.exports (/Users/ryan/Library/Mobile Documents/com~apple~CloudDocs/Documents/VSCode/Tax-App-Frontend/node_modules/jsdom/lib/jsdom/browser/not-implemented.js:9:17)
          at navigateFetch (/Users/ryan/Library/Mobile Documents/com~apple~CloudDocs/Documents/VSCode/Tax-App-Frontend/node_modules/jsdom/lib/jsdom/living/window/navigation.js:77:3)
          at exports.navigate (/Users/ryan/Library/Mobile Documents/com~apple~CloudDocs/Documents/VSCode/Tax-App-Frontend/node_modules/jsdom/lib/jsdom/living/window/navigation.js:55:3)
          at LocationImpl._locationObjectNavigate (/Users/ryan/Library/Mobile Documents/com~apple~CloudDocs/Documents/VSCode/Tax-App-Frontend/node_modules/jsdom/lib/jsdom/living/window/Location-impl.js:30:5)
          at LocationImpl._locationObjectSetterNavigate (/Users/ryan/Library/Mobile Documents/com~apple~CloudDocs/Documents/VSCode/Tax-App-Frontend/node_modules/jsdom/lib/jsdom/living/window/Location-impl.js:24:17)
          at LocationImpl.set href [as href] (/Users/ryan/Library/Mobile Documents/com~apple~CloudDocs/Documents/VSCode/Tax-App-Frontend/node_modules/jsdom/lib/jsdom/living/window/Location-impl.js:46:10)
          at Location.set href [as href] (/Users/ryan/Library/Mobile Documents/com~apple~CloudDocs/Documents/VSCode/Tax-App-Frontend/node_modules/jsdom/lib/jsdom/living/generated/Location.js:125:37)
          at authResponseInterceptor (/Users/ryan/Library/Mobile Documents/com~apple~CloudDocs/Documents/VSCode/Tax-App-Frontend/src/lib/api/interceptors.ts:212:27)
          at Object.<anonymous> (/Users/ryan/Library/Mobile Documents/com~apple~CloudDocs/Documents/VSCode/Tax-App-Frontend/src/lib/api/interceptors.test.ts:239:34)
          at Promise.finally.completed (/Users/ryan/Library/Mobile Documents/com~apple~CloudDocs/Documents/VSCode/Tax-App-Frontend/node_modules/jest-circus/build/jestAdapterInit.js:1557:28)
          at new Promise (<anonymous>)
          at callAsyncCircusFn (/Users/ryan/Library/Mobile Documents/com~apple~CloudDocs/Documents/VSCode/Tax-App-Frontend/node_modules/jest-circus/build/jestAdapterInit.js:1497:10)
          at _callCircusTest (/Users/ryan/Library/Mobile Documents/com~apple~CloudDocs/Documents/VSCode/Tax-App-Frontend/node_modules/jest-circus/build/jestAdapterInit.js:1007:40)
          at processTicksAndRejections (node:internal/process/task_queues:95:5)
          at _runTest (/Users/ryan/Library/Mobile Documents/com~apple~CloudDocs/Documents/VSCode/Tax-App-Frontend/node_modules/jest-circus/build/jestAdapterInit.js:947:3)
          at /Users/ryan/Library/Mobile Documents/com~apple~CloudDocs/Documents/VSCode/Tax-App-Frontend/node_modules/jest-circus/build/jestAdapterInit.js:849:7
          at _runTestsForDescribeBlock (/Users/ryan/Library/Mobile Documents/com~apple~CloudDocs/Documents/VSCode/Tax-App-Frontend/node_modules/jest-circus/build/jestAdapterInit.js:862:11)
          at _runTestsForDescribeBlock (/Users/ryan/Library/Mobile Documents/com~apple~CloudDocs/Documents/VSCode/Tax-App-Frontend/node_modules/jest-circus/build/jestAdapterInit.js:857:11)
          at run (/Users/ryan/Library/Mobile Documents/com~apple~CloudDocs/Documents/VSCode/Tax-App-Frontend/node_modules/jest-circus/build/jestAdapterInit.js:761:3)
          at runAndTransformResultsToJestFormat (/Users/ryan/Library/Mobile Documents/com~apple~CloudDocs/Documents/VSCode/Tax-App-Frontend/node_modules/jest-circus/build/jestAdapterInit.js:1918:21)
          at jestAdapter (/Users/ryan/Library/Mobile Documents/com~apple~CloudDocs/Documents/VSCode/Tax-App-Frontend/node_modules/jest-circus/build/runner.js:101:19)
          at runTestInternal (/Users/ryan/Library/Mobile Documents/com~apple~CloudDocs/Documents/VSCode/Tax-App-Frontend/node_modules/jest-runner/build/testWorker.js:275:16)
          at runTest (/Users/ryan/Library/Mobile Documents/com~apple~CloudDocs/Documents/VSCode/Tax-App-Frontend/node_modules/jest-runner/build/testWorker.js:343:7)
          at Object.worker (/Users/ryan/Library/Mobile Documents/com~apple~CloudDocs/Documents/VSCode/Tax-App-Frontend/node_modules/jest-runner/build/testWorker.js:497:12) {
        type: 'not implemented'
      }

      210 |       );
      211 |       
    > 212 |       window.location.href = redirectTo;
          |                           ^
      213 |     }
      214 |   }
      215 |

      at VirtualConsole.<anonymous> (node_modules/@jest/environment-jsdom-abstract/build/index.js:87:23)
      at module.exports (node_modules/jsdom/lib/jsdom/browser/not-implemented.js:12:26)
      at navigateFetch (node_modules/jsdom/lib/jsdom/living/window/navigation.js:77:3)
      at exports.navigate (node_modules/jsdom/lib/jsdom/living/window/navigation.js:55:3)
      at LocationImpl._locationObjectNavigate (node_modules/jsdom/lib/jsdom/living/window/Location-impl.js:30:5)
      at LocationImpl._locationObjectSetterNavigate (node_modules/jsdom/lib/jsdom/living/window/Location-impl.js:24:17)
      at LocationImpl.set href [as href] (node_modules/jsdom/lib/jsdom/living/window/Location-impl.js:46:10)
      at Location.set href [as href] (node_modules/jsdom/lib/jsdom/living/generated/Location.js:125:37)
      at authResponseInterceptor (src/lib/api/interceptors.ts:212:27)
      at Object.<anonymous> (src/lib/api/interceptors.test.ts:239:34)

  ● authRequestInterceptor › should add Authorization header when token exists

    expect(received).toEqual(expected) // deep equality

    - Expected  - 1
    + Received  + 0

      Object {
    -   "Authorization": "Bearer test-jwt-token-123",
        "Content-Type": "application/json",
      }

      48 |
      49 |     // Assert
    > 50 |     expect(result.headers).toEqual({
         |                            ^
      51 |       'Content-Type': 'application/json',
      52 |       'Authorization': `Bearer ${token}`
      53 |     });

      at Object.toEqual (src/lib/api/interceptors.test.ts:50:28)

  ● authRequestInterceptor › should preserve existing headers when adding Authorization

    expect(received).toEqual(expected) // deep equality

    - Expected  - 1
    + Received  + 0

      Object {
    -   "Authorization": "Bearer test-jwt-token-123",
        "Content-Type": "application/json",
        "X-Custom-Header": "custom-value",
      }

      116 |
      117 |     // Assert
    > 118 |     expect(result.headers).toEqual({
          |                            ^
      119 |       'Content-Type': 'application/json',
      120 |       'X-Custom-Header': 'custom-value',
      121 |       'Authorization': `Bearer ${token}`

      at Object.toEqual (src/lib/api/interceptors.test.ts:118:28)

  ● authRequestInterceptor › should handle config with no headers

    expect(received).toEqual(expected) // deep equality

    Expected: {"Authorization": "Bearer test-jwt-token-123"}
    Received: undefined

      137 |
      138 |     // Assert
    > 139 |     expect(result.headers).toEqual({
          |                            ^
      140 |       'Authorization': `Bearer ${token}`
      141 |     });
      142 |   });

      at Object.toEqual (src/lib/api/interceptors.test.ts:139:28)

  ● authResponseInterceptor › should not clear token on 200 response

    expect(received).toBe(expected) // Object.is equality

    Expected: "test-token"
    Received: null

      174 |
      175 |     // Assert
    > 176 |     expect(tokenManager.getToken()).toBe('test-token');
          |                                     ^
      177 |   });
      178 |
      179 |   it('should not clear token on 400 response', async () => {

      at Object.toBe (src/lib/api/interceptors.test.ts:176:37)

  ● authResponseInterceptor › should not clear token on 400 response

    expect(received).toBe(expected) // Object.is equality

    Expected: "test-token"
    Received: null

      189 |
      190 |     // Assert
    > 191 |     expect(tokenManager.getToken()).toBe('test-token');
          |                                     ^
      192 |   });
      193 |
      194 |   it('should not clear token on 500 response', async () => {

      at Object.toBe (src/lib/api/interceptors.test.ts:191:37)

  ● authResponseInterceptor › should not clear token on 500 response

    expect(received).toBe(expected) // Object.is equality

    Expected: "test-token"
    Received: null

      204 |
      205 |     // Assert
    > 206 |     expect(tokenManager.getToken()).toBe('test-token');
          |                                     ^
      207 |   });
      208 |
      209 |   it('should return the response unchanged', async () => {

      at Object.toBe (src/lib/api/interceptors.test.ts:206:37)

FAIL src/components/LoginForm.property2.test.tsx (5.641 s)
  ● Console

    console.log
      [Button] Rendering with type: submit

      at log (src/components/ui/Button.tsx:25:13)

    console.log
      [Button] Props received: {
        variant: 'primary',
        size: 'lg',
        type: 'submit',
        loading: false,
        disabled: false
      }

      at log (src/components/ui/Button.tsx:26:13)

    console.log
      [Button] Has onClick in props: false

      at log (src/components/ui/Button.tsx:27:13)

    console.log
      [Button] All props: {}

      at log (src/components/ui/Button.tsx:28:13)

    console.log
      [Button] Rendering with type: submit

      at log (src/components/ui/Button.tsx:25:13)

    console.log
      [Button] Props received: {
        variant: 'primary',
        size: 'lg',
        type: 'submit',
        loading: false,
        disabled: false
      }

      at log (src/components/ui/Button.tsx:26:13)

    console.log
      [Button] Has onClick in props: false

      at log (src/components/ui/Button.tsx:27:13)

    console.log
      [Button] All props: {}

      at log (src/components/ui/Button.tsx:28:13)

    console.log
      [Button] Rendering with type: submit

      at log (src/components/ui/Button.tsx:25:13)

    console.log
      [Button] Props received: {
        variant: 'primary',
        size: 'lg',
        type: 'submit',
        loading: false,
        disabled: false
      }

      at log (src/components/ui/Button.tsx:26:13)

    console.log
      [Button] Has onClick in props: false

      at log (src/components/ui/Button.tsx:27:13)

    console.log
      [Button] All props: {}

      at log (src/components/ui/Button.tsx:28:13)

    console.log
      [Button] Rendering with type: submit

      at log (src/components/ui/Button.tsx:25:13)

    console.log
      [Button] Props received: {
        variant: 'primary',
        size: 'lg',
        type: 'submit',
        loading: false,
        disabled: false
      }

      at log (src/components/ui/Button.tsx:26:13)

    console.log
      [Button] Has onClick in props: false

      at log (src/components/ui/Button.tsx:27:13)

    console.log
      [Button] All props: {}

      at log (src/components/ui/Button.tsx:28:13)

    console.log
      [Button] Rendering with type: submit

      at log (src/components/ui/Button.tsx:25:13)

    console.log
      [Button] Props received: {
        variant: 'primary',
        size: 'lg',
        type: 'submit',
        loading: false,
        disabled: false
      }

      at log (src/components/ui/Button.tsx:26:13)

    console.log
      [Button] Has onClick in props: false

      at log (src/components/ui/Button.tsx:27:13)

    console.log
      [Button] All props: {}

      at log (src/components/ui/Button.tsx:28:13)

    console.log
      [Button] Rendering with type: submit

      at log (src/components/ui/Button.tsx:25:13)

    console.log
      [Button] Props received: {
        variant: 'primary',
        size: 'lg',
        type: 'submit',
        loading: false,
        disabled: false
      }

      at log (src/components/ui/Button.tsx:26:13)

    console.log
      [Button] Has onClick in props: false

      at log (src/components/ui/Button.tsx:27:13)

    console.log
      [Button] All props: {}

      at log (src/components/ui/Button.tsx:28:13)

    console.log
      [Button] Rendering with type: submit

      at log (src/components/ui/Button.tsx:25:13)

    console.log
      [Button] Props received: {
        variant: 'primary',
        size: 'lg',
        type: 'submit',
        loading: false,
        disabled: false
      }

      at log (src/components/ui/Button.tsx:26:13)

    console.log
      [Button] Has onClick in props: false

      at log (src/components/ui/Button.tsx:27:13)

    console.log
      [Button] All props: {}

      at log (src/components/ui/Button.tsx:28:13)

    console.log
      [Button] Rendering with type: submit

      at log (src/components/ui/Button.tsx:25:13)

    console.log
      [Button] Props received: {
        variant: 'primary',
        size: 'lg',
        type: 'submit',
        loading: false,
        disabled: false
      }

      at log (src/components/ui/Button.tsx:26:13)

    console.log
      [Button] Has onClick in props: false

      at log (src/components/ui/Button.tsx:27:13)

    console.log
      [Button] All props: {}

      at log (src/components/ui/Button.tsx:28:13)

    console.log
      [Button] Rendering with type: submit

      at log (src/components/ui/Button.tsx:25:13)

    console.log
      [Button] Props received: {
        variant: 'primary',
        size: 'lg',
        type: 'submit',
        loading: false,
        disabled: false
      }

      at log (src/components/ui/Button.tsx:26:13)

    console.log
      [Button] Has onClick in props: false

      at log (src/components/ui/Button.tsx:27:13)

    console.log
      [Button] All props: {}

      at log (src/components/ui/Button.tsx:28:13)

    console.log
      [Button] Rendering with type: submit

      at log (src/components/ui/Button.tsx:25:13)

    console.log
      [Button] Props received: {
        variant: 'primary',
        size: 'lg',
        type: 'submit',
        loading: false,
        disabled: false
      }

      at log (src/components/ui/Button.tsx:26:13)

    console.log
      [Button] Has onClick in props: false

      at log (src/components/ui/Button.tsx:27:13)

    console.log
      [Button] All props: {}

      at log (src/components/ui/Button.tsx:28:13)

    console.log
      [Button] Rendering with type: submit

      at log (src/components/ui/Button.tsx:25:13)

    console.log
      [Button] Props received: {
        variant: 'primary',
        size: 'lg',
        type: 'submit',
        loading: false,
        disabled: false
      }

      at log (src/components/ui/Button.tsx:26:13)

    console.log
      [Button] Has onClick in props: false

      at log (src/components/ui/Button.tsx:27:13)

    console.log
      [Button] All props: {}

      at log (src/components/ui/Button.tsx:28:13)

    console.log
      [Button] Rendering with type: submit

      at log (src/components/ui/Button.tsx:25:13)

    console.log
      [Button] Props received: {
        variant: 'primary',
        size: 'lg',
        type: 'submit',
        loading: false,
        disabled: false
      }

      at log (src/components/ui/Button.tsx:26:13)

    console.log
      [Button] Has onClick in props: false

      at log (src/components/ui/Button.tsx:27:13)

    console.log
      [Button] All props: {}

      at log (src/components/ui/Button.tsx:28:13)

    console.log
      [Button] Rendering with type: submit

      at log (src/components/ui/Button.tsx:25:13)

    console.log
      [Button] Props received: {
        variant: 'primary',
        size: 'lg',
        type: 'submit',
        loading: false,
        disabled: false
      }

      at log (src/components/ui/Button.tsx:26:13)

    console.log
      [Button] Has onClick in props: false

      at log (src/components/ui/Button.tsx:27:13)

    console.log
      [Button] All props: {}

      at log (src/components/ui/Button.tsx:28:13)

    console.log
      [Button] Rendering with type: submit

      at log (src/components/ui/Button.tsx:25:13)

    console.log
      [Button] Props received: {
        variant: 'primary',
        size: 'lg',
        type: 'submit',
        loading: false,
        disabled: false
      }

      at log (src/components/ui/Button.tsx:26:13)

    console.log
      [Button] Has onClick in props: false

      at log (src/components/ui/Button.tsx:27:13)

    console.log
      [Button] All props: {}

      at log (src/components/ui/Button.tsx:28:13)

    console.log
      [Button] Rendering with type: submit

      at log (src/components/ui/Button.tsx:25:13)

    console.log
      [Button] Props received: {
        variant: 'primary',
        size: 'lg',
        type: 'submit',
        loading: false,
        disabled: false
      }

      at log (src/components/ui/Button.tsx:26:13)

    console.log
      [Button] Has onClick in props: false

      at log (src/components/ui/Button.tsx:27:13)

    console.log
      [Button] All props: {}

      at log (src/components/ui/Button.tsx:28:13)

    console.log
      [Button] Rendering with type: submit

      at log (src/components/ui/Button.tsx:25:13)

    console.log
      [Button] Props received: {
        variant: 'primary',
        size: 'lg',
        type: 'submit',
        loading: false,
        disabled: false
      }

      at log (src/components/ui/Button.tsx:26:13)

    console.log
      [Button] Has onClick in props: false

      at log (src/components/ui/Button.tsx:27:13)

    console.log
      [Button] All props: {}

      at log (src/components/ui/Button.tsx:28:13)

    console.log
      [Button] Rendering with type: submit

      at log (src/components/ui/Button.tsx:25:13)

    console.log
      [Button] Props received: {
        variant: 'primary',
        size: 'lg',
        type: 'submit',
        loading: false,
        disabled: false
      }

      at log (src/components/ui/Button.tsx:26:13)

    console.log
      [Button] Has onClick in props: false

      at log (src/components/ui/Button.tsx:27:13)

    console.log
      [Button] All props: {}

      at log (src/components/ui/Button.tsx:28:13)

    console.log
      [Button] Rendering with type: submit

      at log (src/components/ui/Button.tsx:25:13)

    console.log
      [Button] Props received: {
        variant: 'primary',
        size: 'lg',
        type: 'submit',
        loading: false,
        disabled: false
      }

      at log (src/components/ui/Button.tsx:26:13)

    console.log
      [Button] Has onClick in props: false

      at log (src/components/ui/Button.tsx:27:13)

    console.log
      [Button] All props: {}

      at log (src/components/ui/Button.tsx:28:13)

    console.log
      [Button] Rendering with type: submit

      at log (src/components/ui/Button.tsx:25:13)

    console.log
      [Button] Props received: {
        variant: 'primary',
        size: 'lg',
        type: 'submit',
        loading: false,
        disabled: false
      }

      at log (src/components/ui/Button.tsx:26:13)

    console.log
      [Button] Has onClick in props: false

      at log (src/components/ui/Button.tsx:27:13)

    console.log
      [Button] All props: {}

      at log (src/components/ui/Button.tsx:28:13)

    console.log
      [Button] Rendering with type: submit

      at log (src/components/ui/Button.tsx:25:13)

    console.log
      [Button] Props received: {
        variant: 'primary',
        size: 'lg',
        type: 'submit',
        loading: false,
        disabled: false
      }

      at log (src/components/ui/Button.tsx:26:13)

    console.log
      [Button] Has onClick in props: false

      at log (src/components/ui/Button.tsx:27:13)

    console.log
      [Button] All props: {}

      at log (src/components/ui/Button.tsx:28:13)

    console.log
      [Button] Rendering with type: submit

      at log (src/components/ui/Button.tsx:25:13)

    console.log
      [Button] Props received: {
        variant: 'primary',
        size: 'lg',
        type: 'submit',
        loading: false,
        disabled: false
      }

      at log (src/components/ui/Button.tsx:26:13)

    console.log
      [Button] Has onClick in props: false

      at log (src/components/ui/Button.tsx:27:13)

    console.log
      [Button] All props: {}

      at log (src/components/ui/Button.tsx:28:13)

    console.log
      [Button] Rendering with type: submit

      at log (src/components/ui/Button.tsx:25:13)

    console.log
      [Button] Props received: {
        variant: 'primary',
        size: 'lg',
        type: 'submit',
        loading: false,
        disabled: false
      }

      at log (src/components/ui/Button.tsx:26:13)

    console.log
      [Button] Has onClick in props: false

      at log (src/components/ui/Button.tsx:27:13)

    console.log
      [Button] All props: {}

      at log (src/components/ui/Button.tsx:28:13)

    console.log
      [Button] Rendering with type: submit

      at log (src/components/ui/Button.tsx:25:13)

    console.log
      [Button] Props received: {
        variant: 'primary',
        size: 'lg',
        type: 'submit',
        loading: false,
        disabled: false
      }

      at log (src/components/ui/Button.tsx:26:13)

    console.log
      [Button] Has onClick in props: false

      at log (src/components/ui/Button.tsx:27:13)

    console.log
      [Button] All props: {}

      at log (src/components/ui/Button.tsx:28:13)

    console.log
      [Button] Rendering with type: submit

      at log (src/components/ui/Button.tsx:25:13)

    console.log
      [Button] Props received: {
        variant: 'primary',
        size: 'lg',
        type: 'submit',
        loading: false,
        disabled: false
      }

      at log (src/components/ui/Button.tsx:26:13)

    console.log
      [Button] Has onClick in props: false

      at log (src/components/ui/Button.tsx:27:13)

    console.log
      [Button] All props: {}

      at log (src/components/ui/Button.tsx:28:13)

    console.log
      [Button] Rendering with type: submit

      at log (src/components/ui/Button.tsx:25:13)

    console.log
      [Button] Props received: {
        variant: 'primary',
        size: 'lg',
        type: 'submit',
        loading: false,
        disabled: false
      }

      at log (src/components/ui/Button.tsx:26:13)

    console.log
      [Button] Has onClick in props: false

      at log (src/components/ui/Button.tsx:27:13)

    console.log
      [Button] All props: {}

      at log (src/components/ui/Button.tsx:28:13)

    console.log
      [Button] Rendering with type: submit

      at log (src/components/ui/Button.tsx:25:13)

    console.log
      [Button] Props received: {
        variant: 'primary',
        size: 'lg',
        type: 'submit',
        loading: false,
        disabled: false
      }

      at log (src/components/ui/Button.tsx:26:13)

    console.log
      [Button] Has onClick in props: false

      at log (src/components/ui/Button.tsx:27:13)

    console.log
      [Button] All props: {}

      at log (src/components/ui/Button.tsx:28:13)

    console.log
      [Button] Rendering with type: submit

      at log (src/components/ui/Button.tsx:25:13)

    console.log
      [Button] Props received: {
        variant: 'primary',
        size: 'lg',
        type: 'submit',
        loading: false,
        disabled: false
      }

      at log (src/components/ui/Button.tsx:26:13)

    console.log
      [Button] Has onClick in props: false

      at log (src/components/ui/Button.tsx:27:13)

    console.log
      [Button] All props: {}

      at log (src/components/ui/Button.tsx:28:13)

    console.log
      [Button] Rendering with type: submit

      at log (src/components/ui/Button.tsx:25:13)

    console.log
      [Button] Props received: {
        variant: 'primary',
        size: 'lg',
        type: 'submit',
        loading: false,
        disabled: false
      }

      at log (src/components/ui/Button.tsx:26:13)

    console.log
      [Button] Has onClick in props: false

      at log (src/components/ui/Button.tsx:27:13)

    console.log
      [Button] All props: {}

      at log (src/components/ui/Button.tsx:28:13)

    console.log
      [Button] Rendering with type: submit

      at log (src/components/ui/Button.tsx:25:13)

    console.log
      [Button] Props received: {
        variant: 'primary',
        size: 'lg',
        type: 'submit',
        loading: false,
        disabled: false
      }

      at log (src/components/ui/Button.tsx:26:13)

    console.log
      [Button] Has onClick in props: false

      at log (src/components/ui/Button.tsx:27:13)

    console.log
      [Button] All props: {}

      at log (src/components/ui/Button.tsx:28:13)

    console.log
      [Button] Rendering with type: submit

      at log (src/components/ui/Button.tsx:25:13)

    console.log
      [Button] Props received: {
        variant: 'primary',
        size: 'lg',
        type: 'submit',
        loading: false,
        disabled: false
      }

      at log (src/components/ui/Button.tsx:26:13)

    console.log
      [Button] Has onClick in props: false

      at log (src/components/ui/Button.tsx:27:13)

    console.log
      [Button] All props: {}

      at log (src/components/ui/Button.tsx:28:13)

    console.log
      [Button] Rendering with type: submit

      at log (src/components/ui/Button.tsx:25:13)

    console.log
      [Button] Props received: {
        variant: 'primary',
        size: 'lg',
        type: 'submit',
        loading: false,
        disabled: false
      }

      at log (src/components/ui/Button.tsx:26:13)

    console.log
      [Button] Has onClick in props: false

      at log (src/components/ui/Button.tsx:27:13)

    console.log
      [Button] All props: {}

      at log (src/components/ui/Button.tsx:28:13)

    console.log
      [Button] Rendering with type: submit

      at log (src/components/ui/Button.tsx:25:13)

    console.log
      [Button] Props received: {
        variant: 'primary',
        size: 'lg',
        type: 'submit',
        loading: false,
        disabled: false
      }

      at log (src/components/ui/Button.tsx:26:13)

    console.log
      [Button] Has onClick in props: false

      at log (src/components/ui/Button.tsx:27:13)

    console.log
      [Button] All props: {}

      at log (src/components/ui/Button.tsx:28:13)

    console.log
      [Button] Rendering with type: submit

      at log (src/components/ui/Button.tsx:25:13)

    console.log
      [Button] Props received: {
        variant: 'primary',
        size: 'lg',
        type: 'submit',
        loading: false,
        disabled: false
      }

      at log (src/components/ui/Button.tsx:26:13)

    console.log
      [Button] Has onClick in props: false

      at log (src/components/ui/Button.tsx:27:13)

    console.log
      [Button] All props: {}

      at log (src/components/ui/Button.tsx:28:13)

    console.log
      [Button] Rendering with type: submit

      at log (src/components/ui/Button.tsx:25:13)

    console.log
      [Button] Props received: {
        variant: 'primary',
        size: 'lg',
        type: 'submit',
        loading: false,
        disabled: false
      }

      at log (src/components/ui/Button.tsx:26:13)

    console.log
      [Button] Has onClick in props: false

      at log (src/components/ui/Button.tsx:27:13)

    console.log
      [Button] All props: {}

      at log (src/components/ui/Button.tsx:28:13)

    console.log
      [Button] Rendering with type: submit

      at log (src/components/ui/Button.tsx:25:13)

    console.log
      [Button] Props received: {
        variant: 'primary',
        size: 'lg',
        type: 'submit',
        loading: false,
        disabled: false
      }

      at log (src/components/ui/Button.tsx:26:13)

    console.log
      [Button] Has onClick in props: false

      at log (src/components/ui/Button.tsx:27:13)

    console.log
      [Button] All props: {}

      at log (src/components/ui/Button.tsx:28:13)

    console.log
      [Button] Rendering with type: submit

      at log (src/components/ui/Button.tsx:25:13)

    console.log
      [Button] Props received: {
        variant: 'primary',
        size: 'lg',
        type: 'submit',
        loading: false,
        disabled: false
      }

      at log (src/components/ui/Button.tsx:26:13)

    console.log
      [Button] Has onClick in props: false

      at log (src/components/ui/Button.tsx:27:13)

    console.log
      [Button] All props: {}

      at log (src/components/ui/Button.tsx:28:13)

    console.log
      [Button] Rendering with type: submit

      at log (src/components/ui/Button.tsx:25:13)

    console.log
      [Button] Props received: {
        variant: 'primary',
        size: 'lg',
        type: 'submit',
        loading: false,
        disabled: false
      }

      at log (src/components/ui/Button.tsx:26:13)

    console.log
      [Button] Has onClick in props: false

      at log (src/components/ui/Button.tsx:27:13)

    console.log
      [Button] All props: {}

      at log (src/components/ui/Button.tsx:28:13)

    console.log
      [Button] Rendering with type: submit

      at log (src/components/ui/Button.tsx:25:13)

    console.log
      [Button] Props received: {
        variant: 'primary',
        size: 'lg',
        type: 'submit',
        loading: false,
        disabled: false
      }

      at log (src/components/ui/Button.tsx:26:13)

    console.log
      [Button] Has onClick in props: false

      at log (src/components/ui/Button.tsx:27:13)

    console.log
      [Button] All props: {}

      at log (src/components/ui/Button.tsx:28:13)

    console.log
      [Button] Rendering with type: submit

      at log (src/components/ui/Button.tsx:25:13)

    console.log
      [Button] Props received: {
        variant: 'primary',
        size: 'lg',
        type: 'submit',
        loading: false,
        disabled: false
      }

      at log (src/components/ui/Button.tsx:26:13)

    console.log
      [Button] Has onClick in props: false

      at log (src/components/ui/Button.tsx:27:13)

    console.log
      [Button] All props: {}

      at log (src/components/ui/Button.tsx:28:13)

    console.log
      [Button] Rendering with type: submit

      at log (src/components/ui/Button.tsx:25:13)

    console.log
      [Button] Props received: {
        variant: 'primary',
        size: 'lg',
        type: 'submit',
        loading: false,
        disabled: false
      }

      at log (src/components/ui/Button.tsx:26:13)

    console.log
      [Button] Has onClick in props: false

      at log (src/components/ui/Button.tsx:27:13)

    console.log
      [Button] All props: {}

      at log (src/components/ui/Button.tsx:28:13)

    console.log
      [Button] Rendering with type: submit

      at log (src/components/ui/Button.tsx:25:13)

    console.log
      [Button] Props received: {
        variant: 'primary',
        size: 'lg',
        type: 'submit',
        loading: false,
        disabled: false
      }

      at log (src/components/ui/Button.tsx:26:13)

    console.log
      [Button] Has onClick in props: false

      at log (src/components/ui/Button.tsx:27:13)

    console.log
      [Button] All props: {}

      at log (src/components/ui/Button.tsx:28:13)

    console.log
      [Button] Rendering with type: submit

      at log (src/components/ui/Button.tsx:25:13)

    console.log
      [Button] Props received: {
        variant: 'primary',
        size: 'lg',
        type: 'submit',
        loading: false,
        disabled: false
      }

      at log (src/components/ui/Button.tsx:26:13)

    console.log
      [Button] Has onClick in props: false

      at log (src/components/ui/Button.tsx:27:13)

    console.log
      [Button] All props: {}

      at log (src/components/ui/Button.tsx:28:13)

    console.log
      [Button] Rendering with type: submit

      at log (src/components/ui/Button.tsx:25:13)

    console.log
      [Button] Props received: {
        variant: 'primary',
        size: 'lg',
        type: 'submit',
        loading: false,
        disabled: false
      }

      at log (src/components/ui/Button.tsx:26:13)

    console.log
      [Button] Has onClick in props: false

      at log (src/components/ui/Button.tsx:27:13)

    console.log
      [Button] All props: {}

      at log (src/components/ui/Button.tsx:28:13)

    console.log
      [Button] Rendering with type: submit

      at log (src/components/ui/Button.tsx:25:13)

    console.log
      [Button] Props received: {
        variant: 'primary',
        size: 'lg',
        type: 'submit',
        loading: false,
        disabled: false
      }

      at log (src/components/ui/Button.tsx:26:13)

    console.log
      [Button] Has onClick in props: false

      at log (src/components/ui/Button.tsx:27:13)

    console.log
      [Button] All props: {}

      at log (src/components/ui/Button.tsx:28:13)

    console.log
      [Button] Rendering with type: submit

      at log (src/components/ui/Button.tsx:25:13)

    console.log
      [Button] Props received: {
        variant: 'primary',
        size: 'lg',
        type: 'submit',
        loading: false,
        disabled: false
      }

      at log (src/components/ui/Button.tsx:26:13)

    console.log
      [Button] Has onClick in props: false

      at log (src/components/ui/Button.tsx:27:13)

    console.log
      [Button] All props: {}

      at log (src/components/ui/Button.tsx:28:13)

    console.log
      [Button] Rendering with type: submit

      at log (src/components/ui/Button.tsx:25:13)

    console.log
      [Button] Props received: {
        variant: 'primary',
        size: 'lg',
        type: 'submit',
        loading: false,
        disabled: false
      }

      at log (src/components/ui/Button.tsx:26:13)

    console.log
      [Button] Has onClick in props: false

      at log (src/components/ui/Button.tsx:27:13)

    console.log
      [Button] All props: {}

      at log (src/components/ui/Button.tsx:28:13)

    console.log
      [Button] Rendering with type: submit

      at log (src/components/ui/Button.tsx:25:13)

    console.log
      [Button] Props received: {
        variant: 'primary',
        size: 'lg',
        type: 'submit',
        loading: false,
        disabled: false
      }

      at log (src/components/ui/Button.tsx:26:13)

    console.log
      [Button] Has onClick in props: false

      at log (src/components/ui/Button.tsx:27:13)

    console.log
      [Button] All props: {}

      at log (src/components/ui/Button.tsx:28:13)

    console.log
      [Button] Rendering with type: submit

      at log (src/components/ui/Button.tsx:25:13)

    console.log
      [Button] Props received: {
        variant: 'primary',
        size: 'lg',
        type: 'submit',
        loading: false,
        disabled: false
      }

      at log (src/components/ui/Button.tsx:26:13)

    console.log
      [Button] Has onClick in props: false

      at log (src/components/ui/Button.tsx:27:13)

    console.log
      [Button] All props: {}

      at log (src/components/ui/Button.tsx:28:13)

    console.log
      [Button] Rendering with type: submit

      at log (src/components/ui/Button.tsx:25:13)

    console.log
      [Button] Props received: {
        variant: 'primary',
        size: 'lg',
        type: 'submit',
        loading: false,
        disabled: false
      }

      at log (src/components/ui/Button.tsx:26:13)

    console.log
      [Button] Has onClick in props: false

      at log (src/components/ui/Button.tsx:27:13)

    console.log
      [Button] All props: {}

      at log (src/components/ui/Button.tsx:28:13)

    console.log
      [Button] Rendering with type: submit

      at log (src/components/ui/Button.tsx:25:13)

    console.log
      [Button] Props received: {
        variant: 'primary',
        size: 'lg',
        type: 'submit',
        loading: false,
        disabled: false
      }

      at log (src/components/ui/Button.tsx:26:13)

    console.log
      [Button] Has onClick in props: false

      at log (src/components/ui/Button.tsx:27:13)

    console.log
      [Button] All props: {}

      at log (src/components/ui/Button.tsx:28:13)

    console.log
      [Button] Rendering with type: submit

      at log (src/components/ui/Button.tsx:25:13)

    console.log
      [Button] Props received: {
        variant: 'primary',
        size: 'lg',
        type: 'submit',
        loading: false,
        disabled: false
      }

      at log (src/components/ui/Button.tsx:26:13)

    console.log
      [Button] Has onClick in props: false

      at log (src/components/ui/Button.tsx:27:13)

    console.log
      [Button] All props: {}

      at log (src/components/ui/Button.tsx:28:13)

    console.log
      [Button] Rendering with type: submit

      at log (src/components/ui/Button.tsx:25:13)

    console.log
      [Button] Props received: {
        variant: 'primary',
        size: 'lg',
        type: 'submit',
        loading: false,
        disabled: false
      }

      at log (src/components/ui/Button.tsx:26:13)

    console.log
      [Button] Has onClick in props: false

      at log (src/components/ui/Button.tsx:27:13)

    console.log
      [Button] All props: {}

      at log (src/components/ui/Button.tsx:28:13)

    console.log
      [Button] Rendering with type: submit

      at log (src/components/ui/Button.tsx:25:13)

    console.log
      [Button] Props received: {
        variant: 'primary',
        size: 'lg',
        type: 'submit',
        loading: false,
        disabled: false
      }

      at log (src/components/ui/Button.tsx:26:13)

    console.log
      [Button] Has onClick in props: false

      at log (src/components/ui/Button.tsx:27:13)

    console.log
      [Button] All props: {}

      at log (src/components/ui/Button.tsx:28:13)

    console.log
      [Button] Rendering with type: submit

      at log (src/components/ui/Button.tsx:25:13)

    console.log
      [Button] Props received: {
        variant: 'primary',
        size: 'lg',
        type: 'submit',
        loading: false,
        disabled: false
      }

      at log (src/components/ui/Button.tsx:26:13)

    console.log
      [Button] Has onClick in props: false

      at log (src/components/ui/Button.tsx:27:13)

    console.log
      [Button] All props: {}

      at log (src/components/ui/Button.tsx:28:13)

    console.log
      [Button] Rendering with type: submit

      at log (src/components/ui/Button.tsx:25:13)

    console.log
      [Button] Props received: {
        variant: 'primary',
        size: 'lg',
        type: 'submit',
        loading: false,
        disabled: false
      }

      at log (src/components/ui/Button.tsx:26:13)

    console.log
      [Button] Has onClick in props: false

      at log (src/components/ui/Button.tsx:27:13)

    console.log
      [Button] All props: {}

      at log (src/components/ui/Button.tsx:28:13)

    console.log
      [Button] Rendering with type: submit

      at log (src/components/ui/Button.tsx:25:13)

    console.log
      [Button] Props received: {
        variant: 'primary',
        size: 'lg',
        type: 'submit',
        loading: false,
        disabled: false
      }

      at log (src/components/ui/Button.tsx:26:13)

    console.log
      [Button] Has onClick in props: false

      at log (src/components/ui/Button.tsx:27:13)

    console.log
      [Button] All props: {}

      at log (src/components/ui/Button.tsx:28:13)

    console.log
      [Button] Rendering with type: submit

      at log (src/components/ui/Button.tsx:25:13)

    console.log
      [Button] Props received: {
        variant: 'primary',
        size: 'lg',
        type: 'submit',
        loading: false,
        disabled: false
      }

      at log (src/components/ui/Button.tsx:26:13)

    console.log
      [Button] Has onClick in props: false

      at log (src/components/ui/Button.tsx:27:13)

    console.log
      [Button] All props: {}

      at log (src/components/ui/Button.tsx:28:13)

    console.log
      [Button] Rendering with type: submit

      at log (src/components/ui/Button.tsx:25:13)

    console.log
      [Button] Props received: {
        variant: 'primary',
        size: 'lg',
        type: 'submit',
        loading: false,
        disabled: false
      }

      at log (src/components/ui/Button.tsx:26:13)

    console.log
      [Button] Has onClick in props: false

      at log (src/components/ui/Button.tsx:27:13)

    console.log
      [Button] All props: {}

      at log (src/components/ui/Button.tsx:28:13)

    console.log
      [Button] Rendering with type: submit

      at log (src/components/ui/Button.tsx:25:13)

    console.log
      [Button] Props received: {
        variant: 'primary',
        size: 'lg',
        type: 'submit',
        loading: false,
        disabled: false
      }

      at log (src/components/ui/Button.tsx:26:13)

    console.log
      [Button] Has onClick in props: false

      at log (src/components/ui/Button.tsx:27:13)

    console.log
      [Button] All props: {}

      at log (src/components/ui/Button.tsx:28:13)

    console.log
      [Button] Rendering with type: submit

      at log (src/components/ui/Button.tsx:25:13)

    console.log
      [Button] Props received: {
        variant: 'primary',
        size: 'lg',
        type: 'submit',
        loading: false,
        disabled: false
      }

      at log (src/components/ui/Button.tsx:26:13)

    console.log
      [Button] Has onClick in props: false

      at log (src/components/ui/Button.tsx:27:13)

    console.log
      [Button] All props: {}

      at log (src/components/ui/Button.tsx:28:13)

    console.log
      [Button] Rendering with type: submit

      at log (src/components/ui/Button.tsx:25:13)

    console.log
      [Button] Props received: {
        variant: 'primary',
        size: 'lg',
        type: 'submit',
        loading: false,
        disabled: false
      }

      at log (src/components/ui/Button.tsx:26:13)

    console.log
      [Button] Has onClick in props: false

      at log (src/components/ui/Button.tsx:27:13)

    console.log
      [Button] All props: {}

      at log (src/components/ui/Button.tsx:28:13)

    console.log
      [Button] Rendering with type: submit

      at log (src/components/ui/Button.tsx:25:13)

    console.log
      [Button] Props received: {
        variant: 'primary',
        size: 'lg',
        type: 'submit',
        loading: false,
        disabled: false
      }

      at log (src/components/ui/Button.tsx:26:13)

    console.log
      [Button] Has onClick in props: false

      at log (src/components/ui/Button.tsx:27:13)

    console.log
      [Button] All props: {}

      at log (src/components/ui/Button.tsx:28:13)

    console.log
      [Button] Rendering with type: submit

      at log (src/components/ui/Button.tsx:25:13)

    console.log
      [Button] Props received: {
        variant: 'primary',
        size: 'lg',
        type: 'submit',
        loading: false,
        disabled: false
      }

      at log (src/components/ui/Button.tsx:26:13)

    console.log
      [Button] Has onClick in props: false

      at log (src/components/ui/Button.tsx:27:13)

    console.log
      [Button] All props: {}

      at log (src/components/ui/Button.tsx:28:13)

    console.log
      [Button] Rendering with type: submit

      at log (src/components/ui/Button.tsx:25:13)

    console.log
      [Button] Props received: {
        variant: 'primary',
        size: 'lg',
        type: 'submit',
        loading: false,
        disabled: false
      }

      at log (src/components/ui/Button.tsx:26:13)

    console.log
      [Button] Has onClick in props: false

      at log (src/components/ui/Button.tsx:27:13)

    console.log
      [Button] All props: {}

      at log (src/components/ui/Button.tsx:28:13)

    console.log
      [Button] Rendering with type: submit

      at log (src/components/ui/Button.tsx:25:13)

    console.log
      [Button] Props received: {
        variant: 'primary',
        size: 'lg',
        type: 'submit',
        loading: false,
        disabled: false
      }

      at log (src/components/ui/Button.tsx:26:13)

    console.log
      [Button] Has onClick in props: false

      at log (src/components/ui/Button.tsx:27:13)

    console.log
      [Button] All props: {}

      at log (src/components/ui/Button.tsx:28:13)

    console.log
      [Button] Rendering with type: submit

      at log (src/components/ui/Button.tsx:25:13)

    console.log
      [Button] Props received: {
        variant: 'primary',
        size: 'lg',
        type: 'submit',
        loading: false,
        disabled: false
      }

      at log (src/components/ui/Button.tsx:26:13)

    console.log
      [Button] Has onClick in props: false

      at log (src/components/ui/Button.tsx:27:13)

    console.log
      [Button] All props: {}

      at log (src/components/ui/Button.tsx:28:13)

    console.log
      [Button] Rendering with type: submit

      at log (src/components/ui/Button.tsx:25:13)

    console.log
      [Button] Props received: {
        variant: 'primary',
        size: 'lg',
        type: 'submit',
        loading: false,
        disabled: false
      }

      at log (src/components/ui/Button.tsx:26:13)

    console.log
      [Button] Has onClick in props: false

      at log (src/components/ui/Button.tsx:27:13)

    console.log
      [Button] All props: {}

      at log (src/components/ui/Button.tsx:28:13)

    console.log
      [Button] Rendering with type: submit

      at log (src/components/ui/Button.tsx:25:13)

    console.log
      [Button] Props received: {
        variant: 'primary',
        size: 'lg',
        type: 'submit',
        loading: false,
        disabled: false
      }

      at log (src/components/ui/Button.tsx:26:13)

    console.log
      [Button] Has onClick in props: false

      at log (src/components/ui/Button.tsx:27:13)

    console.log
      [Button] All props: {}

      at log (src/components/ui/Button.tsx:28:13)

    console.log
      [Button] Rendering with type: submit

      at log (src/components/ui/Button.tsx:25:13)

    console.log
      [Button] Props received: {
        variant: 'primary',
        size: 'lg',
        type: 'submit',
        loading: false,
        disabled: false
      }

      at log (src/components/ui/Button.tsx:26:13)

    console.log
      [Button] Has onClick in props: false

      at log (src/components/ui/Button.tsx:27:13)

    console.log
      [Button] All props: {}

      at log (src/components/ui/Button.tsx:28:13)

    console.log
      [Button] Rendering with type: submit

      at log (src/components/ui/Button.tsx:25:13)

    console.log
      [Button] Props received: {
        variant: 'primary',
        size: 'lg',
        type: 'submit',
        loading: false,
        disabled: false
      }

      at log (src/components/ui/Button.tsx:26:13)

    console.log
      [Button] Has onClick in props: false

      at log (src/components/ui/Button.tsx:27:13)

    console.log
      [Button] All props: {}

      at log (src/components/ui/Button.tsx:28:13)

    console.log
      [Button] Rendering with type: submit

      at log (src/components/ui/Button.tsx:25:13)

    console.log
      [Button] Props received: {
        variant: 'primary',
        size: 'lg',
        type: 'submit',
        loading: false,
        disabled: false
      }

      at log (src/components/ui/Button.tsx:26:13)

    console.log
      [Button] Has onClick in props: false

      at log (src/components/ui/Button.tsx:27:13)

    console.log
      [Button] All props: {}

      at log (src/components/ui/Button.tsx:28:13)

    console.log
      [Button] Rendering with type: submit

      at log (src/components/ui/Button.tsx:25:13)

    console.log
      [Button] Props received: {
        variant: 'primary',
        size: 'lg',
        type: 'submit',
        loading: false,
        disabled: false
      }

      at log (src/components/ui/Button.tsx:26:13)

    console.log
      [Button] Has onClick in props: false

      at log (src/components/ui/Button.tsx:27:13)

    console.log
      [Button] All props: {}

      at log (src/components/ui/Button.tsx:28:13)

    console.log
      [Button] Rendering with type: submit

      at log (src/components/ui/Button.tsx:25:13)

    console.log
      [Button] Props received: {
        variant: 'primary',
        size: 'lg',
        type: 'submit',
        loading: false,
        disabled: false
      }

      at log (src/components/ui/Button.tsx:26:13)

    console.log
      [Button] Has onClick in props: false

      at log (src/components/ui/Button.tsx:27:13)

    console.log
      [Button] All props: {}

      at log (src/components/ui/Button.tsx:28:13)

    console.log
      [Button] Rendering with type: submit

      at log (src/components/ui/Button.tsx:25:13)

    console.log
      [Button] Props received: {
        variant: 'primary',
        size: 'lg',
        type: 'submit',
        loading: false,
        disabled: false
      }

      at log (src/components/ui/Button.tsx:26:13)

    console.log
      [Button] Has onClick in props: false

      at log (src/components/ui/Button.tsx:27:13)

    console.log
      [Button] All props: {}

      at log (src/components/ui/Button.tsx:28:13)

    console.log
      [Button] Rendering with type: submit

      at log (src/components/ui/Button.tsx:25:13)

    console.log
      [Button] Props received: {
        variant: 'primary',
        size: 'lg',
        type: 'submit',
        loading: false,
        disabled: false
      }

      at log (src/components/ui/Button.tsx:26:13)

    console.log
      [Button] Has onClick in props: false

      at log (src/components/ui/Button.tsx:27:13)

    console.log
      [Button] All props: {}

      at log (src/components/ui/Button.tsx:28:13)

    console.log
      [Button] Rendering with type: submit

      at log (src/components/ui/Button.tsx:25:13)

    console.log
      [Button] Props received: {
        variant: 'primary',
        size: 'lg',
        type: 'submit',
        loading: false,
        disabled: false
      }

      at log (src/components/ui/Button.tsx:26:13)

    console.log
      [Button] Has onClick in props: false

      at log (src/components/ui/Button.tsx:27:13)

    console.log
      [Button] All props: {}

      at log (src/components/ui/Button.tsx:28:13)

    console.log
      [Button] Rendering with type: submit

      at log (src/components/ui/Button.tsx:25:13)

    console.log
      [Button] Props received: {
        variant: 'primary',
        size: 'lg',
        type: 'submit',
        loading: false,
        disabled: false
      }

      at log (src/components/ui/Button.tsx:26:13)

    console.log
      [Button] Has onClick in props: false

      at log (src/components/ui/Button.tsx:27:13)

    console.log
      [Button] All props: {}

      at log (src/components/ui/Button.tsx:28:13)

    console.log
      [Button] Rendering with type: submit

      at log (src/components/ui/Button.tsx:25:13)

    console.log
      [Button] Props received: {
        variant: 'primary',
        size: 'lg',
        type: 'submit',
        loading: false,
        disabled: false
      }

      at log (src/components/ui/Button.tsx:26:13)

    console.log
      [Button] Has onClick in props: false

      at log (src/components/ui/Button.tsx:27:13)

    console.log
      [Button] All props: {}

      at log (src/components/ui/Button.tsx:28:13)

    console.log
      [Button] Rendering with type: submit

      at log (src/components/ui/Button.tsx:25:13)

    console.log
      [Button] Props received: {
        variant: 'primary',
        size: 'lg',
        type: 'submit',
        loading: false,
        disabled: false
      }

      at log (src/components/ui/Button.tsx:26:13)

    console.log
      [Button] Has onClick in props: false

      at log (src/components/ui/Button.tsx:27:13)

    console.log
      [Button] All props: {}

      at log (src/components/ui/Button.tsx:28:13)

    console.log
      [Button] Rendering with type: submit

      at log (src/components/ui/Button.tsx:25:13)

    console.log
      [Button] Props received: {
        variant: 'primary',
        size: 'lg',
        type: 'submit',
        loading: false,
        disabled: false
      }

      at log (src/components/ui/Button.tsx:26:13)

    console.log
      [Button] Has onClick in props: false

      at log (src/components/ui/Button.tsx:27:13)

    console.log
      [Button] All props: {}

      at log (src/components/ui/Button.tsx:28:13)

    console.log
      [Button] Rendering with type: submit

      at log (src/components/ui/Button.tsx:25:13)

    console.log
      [Button] Props received: {
        variant: 'primary',
        size: 'lg',
        type: 'submit',
        loading: false,
        disabled: false
      }

      at log (src/components/ui/Button.tsx:26:13)

    console.log
      [Button] Has onClick in props: false

      at log (src/components/ui/Button.tsx:27:13)

    console.log
      [Button] All props: {}

      at log (src/components/ui/Button.tsx:28:13)

    console.log
      [Button] Rendering with type: submit

      at log (src/components/ui/Button.tsx:25:13)

    console.log
      [Button] Props received: {
        variant: 'primary',
        size: 'lg',
        type: 'submit',
        loading: false,
        disabled: false
      }

      at log (src/components/ui/Button.tsx:26:13)

    console.log
      [Button] Has onClick in props: false

      at log (src/components/ui/Button.tsx:27:13)

    console.log
      [Button] All props: {}

      at log (src/components/ui/Button.tsx:28:13)

    console.log
      [Button] Rendering with type: submit

      at log (src/components/ui/Button.tsx:25:13)

    console.log
      [Button] Props received: {
        variant: 'primary',
        size: 'lg',
        type: 'submit',
        loading: false,
        disabled: false
      }

      at log (src/components/ui/Button.tsx:26:13)

    console.log
      [Button] Has onClick in props: false

      at log (src/components/ui/Button.tsx:27:13)

    console.log
      [Button] All props: {}

      at log (src/components/ui/Button.tsx:28:13)

    console.log
      [Button] Rendering with type: submit

      at log (src/components/ui/Button.tsx:25:13)

    console.log
      [Button] Props received: {
        variant: 'primary',
        size: 'lg',
        type: 'submit',
        loading: false,
        disabled: false
      }

      at log (src/components/ui/Button.tsx:26:13)

    console.log
      [Button] Has onClick in props: false

      at log (src/components/ui/Button.tsx:27:13)

    console.log
      [Button] All props: {}

      at log (src/components/ui/Button.tsx:28:13)

    console.log
      [Button] Rendering with type: submit

      at log (src/components/ui/Button.tsx:25:13)

    console.log
      [Button] Props received: {
        variant: 'primary',
        size: 'lg',
        type: 'submit',
        loading: false,
        disabled: false
      }

      at log (src/components/ui/Button.tsx:26:13)

    console.log
      [Button] Has onClick in props: false

      at log (src/components/ui/Button.tsx:27:13)

    console.log
      [Button] All props: {}

      at log (src/components/ui/Button.tsx:28:13)

    console.log
      [Button] Rendering with type: submit

      at log (src/components/ui/Button.tsx:25:13)

    console.log
      [Button] Props received: {
        variant: 'primary',
        size: 'lg',
        type: 'submit',
        loading: false,
        disabled: false
      }

      at log (src/components/ui/Button.tsx:26:13)

    console.log
      [Button] Has onClick in props: false

      at log (src/components/ui/Button.tsx:27:13)

    console.log
      [Button] All props: {}

      at log (src/components/ui/Button.tsx:28:13)

    console.log
      [Button] Rendering with type: submit

      at log (src/components/ui/Button.tsx:25:13)

    console.log
      [Button] Props received: {
        variant: 'primary',
        size: 'lg',
        type: 'submit',
        loading: false,
        disabled: false
      }

      at log (src/components/ui/Button.tsx:26:13)

    console.log
      [Button] Has onClick in props: false

      at log (src/components/ui/Button.tsx:27:13)

    console.log
      [Button] All props: {}

      at log (src/components/ui/Button.tsx:28:13)

    console.log
      [Button] Rendering with type: submit

      at log (src/components/ui/Button.tsx:25:13)

    console.log
      [Button] Props received: {
        variant: 'primary',
        size: 'lg',
        type: 'submit',
        loading: false,
        disabled: false
      }

      at log (src/components/ui/Button.tsx:26:13)

    console.log
      [Button] Has onClick in props: false

      at log (src/components/ui/Button.tsx:27:13)

    console.log
      [Button] All props: {}

      at log (src/components/ui/Button.tsx:28:13)

    console.log
      [Button] Rendering with type: submit

      at log (src/components/ui/Button.tsx:25:13)

    console.log
      [Button] Props received: {
        variant: 'primary',
        size: 'lg',
        type: 'submit',
        loading: false,
        disabled: false
      }

      at log (src/components/ui/Button.tsx:26:13)

    console.log
      [Button] Has onClick in props: false

      at log (src/components/ui/Button.tsx:27:13)

    console.log
      [Button] All props: {}

      at log (src/components/ui/Button.tsx:28:13)

    console.log
      [Button] Rendering with type: submit

      at log (src/components/ui/Button.tsx:25:13)

    console.log
      [Button] Props received: {
        variant: 'primary',
        size: 'lg',
        type: 'submit',
        loading: false,
        disabled: false
      }

      at log (src/components/ui/Button.tsx:26:13)

    console.log
      [Button] Has onClick in props: false

      at log (src/components/ui/Button.tsx:27:13)

    console.log
      [Button] All props: {}

      at log (src/components/ui/Button.tsx:28:13)

    console.log
      [Button] Rendering with type: submit

      at log (src/components/ui/Button.tsx:25:13)

    console.log
      [Button] Props received: {
        variant: 'primary',
        size: 'lg',
        type: 'submit',
        loading: false,
        disabled: false
      }

      at log (src/components/ui/Button.tsx:26:13)

    console.log
      [Button] Has onClick in props: false

      at log (src/components/ui/Button.tsx:27:13)

    console.log
      [Button] All props: {}

      at log (src/components/ui/Button.tsx:28:13)

    console.log
      [Button] Rendering with type: submit

      at log (src/components/ui/Button.tsx:25:13)

    console.log
      [Button] Props received: {
        variant: 'primary',
        size: 'lg',
        type: 'submit',
        loading: false,
        disabled: false
      }

      at log (src/components/ui/Button.tsx:26:13)

    console.log
      [Button] Has onClick in props: false

      at log (src/components/ui/Button.tsx:27:13)

    console.log
      [Button] All props: {}

      at log (src/components/ui/Button.tsx:28:13)

    console.log
      [Button] Rendering with type: submit

      at log (src/components/ui/Button.tsx:25:13)

    console.log
      [Button] Props received: {
        variant: 'primary',
        size: 'lg',
        type: 'submit',
        loading: false,
        disabled: false
      }

      at log (src/components/ui/Button.tsx:26:13)

    console.log
      [Button] Has onClick in props: false

      at log (src/components/ui/Button.tsx:27:13)

    console.log
      [Button] All props: {}

      at log (src/components/ui/Button.tsx:28:13)

    console.log
      [Button] Rendering with type: submit

      at log (src/components/ui/Button.tsx:25:13)

    console.log
      [Button] Props received: {
        variant: 'primary',
        size: 'lg',
        type: 'submit',
        loading: false,
        disabled: false
      }

      at log (src/components/ui/Button.tsx:26:13)

    console.log
      [Button] Has onClick in props: false

      at log (src/components/ui/Button.tsx:27:13)

    console.log
      [Button] All props: {}

      at log (src/components/ui/Button.tsx:28:13)

    console.log
      [Button] Rendering with type: submit

      at log (src/components/ui/Button.tsx:25:13)

    console.log
      [Button] Props received: {
        variant: 'primary',
        size: 'lg',
        type: 'submit',
        loading: false,
        disabled: false
      }

      at log (src/components/ui/Button.tsx:26:13)

    console.log
      [Button] Has onClick in props: false

      at log (src/components/ui/Button.tsx:27:13)

    console.log
      [Button] All props: {}

      at log (src/components/ui/Button.tsx:28:13)

    console.log
      [Button] Rendering with type: submit

      at log (src/components/ui/Button.tsx:25:13)

    console.log
      [Button] Props received: {
        variant: 'primary',
        size: 'lg',
        type: 'submit',
        loading: false,
        disabled: false
      }

      at log (src/components/ui/Button.tsx:26:13)

    console.log
      [Button] Has onClick in props: false

      at log (src/components/ui/Button.tsx:27:13)

    console.log
      [Button] All props: {}

      at log (src/components/ui/Button.tsx:28:13)

    console.log
      [Button] Rendering with type: submit

      at log (src/components/ui/Button.tsx:25:13)

    console.log
      [Button] Props received: {
        variant: 'primary',
        size: 'lg',
        type: 'submit',
        loading: false,
        disabled: false
      }

      at log (src/components/ui/Button.tsx:26:13)

    console.log
      [Button] Has onClick in props: false

      at log (src/components/ui/Button.tsx:27:13)

    console.log
      [Button] All props: {}

      at log (src/components/ui/Button.tsx:28:13)

    console.log
      [Button] Rendering with type: submit

      at log (src/components/ui/Button.tsx:25:13)

    console.log
      [Button] Props received: {
        variant: 'primary',
        size: 'lg',
        type: 'submit',
        loading: false,
        disabled: false
      }

      at log (src/components/ui/Button.tsx:26:13)

    console.log
      [Button] Has onClick in props: false

      at log (src/components/ui/Button.tsx:27:13)

    console.log
      [Button] All props: {}

      at log (src/components/ui/Button.tsx:28:13)

    console.log
      [Button] Rendering with type: submit

      at log (src/components/ui/Button.tsx:25:13)

    console.log
      [Button] Props received: {
        variant: 'primary',
        size: 'lg',
        type: 'submit',
        loading: false,
        disabled: false
      }

      at log (src/components/ui/Button.tsx:26:13)

    console.log
      [Button] Has onClick in props: false

      at log (src/components/ui/Button.tsx:27:13)

    console.log
      [Button] All props: {}

      at log (src/components/ui/Button.tsx:28:13)

    console.log
      [Button] Rendering with type: submit

      at log (src/components/ui/Button.tsx:25:13)

    console.log
      [Button] Props received: {
        variant: 'primary',
        size: 'lg',
        type: 'submit',
        loading: false,
        disabled: false
      }

      at log (src/components/ui/Button.tsx:26:13)

    console.log
      [Button] Has onClick in props: false

      at log (src/components/ui/Button.tsx:27:13)

    console.log
      [Button] All props: {}

      at log (src/components/ui/Button.tsx:28:13)

    console.log
      [Button] Rendering with type: submit

      at log (src/components/ui/Button.tsx:25:13)

    console.log
      [Button] Props received: {
        variant: 'primary',
        size: 'lg',
        type: 'submit',
        loading: false,
        disabled: false
      }

      at log (src/components/ui/Button.tsx:26:13)

    console.log
      [Button] Has onClick in props: false

      at log (src/components/ui/Button.tsx:27:13)

    console.log
      [Button] All props: {}

      at log (src/components/ui/Button.tsx:28:13)

    console.log
      [Button] Rendering with type: submit

      at log (src/components/ui/Button.tsx:25:13)

    console.log
      [Button] Props received: {
        variant: 'primary',
        size: 'lg',
        type: 'submit',
        loading: false,
        disabled: false
      }

      at log (src/components/ui/Button.tsx:26:13)

    console.log
      [Button] Has onClick in props: false

      at log (src/components/ui/Button.tsx:27:13)

    console.log
      [Button] All props: {}

      at log (src/components/ui/Button.tsx:28:13)

    console.log
      [Button] Rendering with type: submit

      at log (src/components/ui/Button.tsx:25:13)

    console.log
      [Button] Props received: {
        variant: 'primary',
        size: 'lg',
        type: 'submit',
        loading: false,
        disabled: false
      }

      at log (src/components/ui/Button.tsx:26:13)

    console.log
      [Button] Has onClick in props: false

      at log (src/components/ui/Button.tsx:27:13)

    console.log
      [Button] All props: {}

      at log (src/components/ui/Button.tsx:28:13)

    console.log
      [Button] Rendering with type: submit

      at log (src/components/ui/Button.tsx:25:13)

    console.log
      [Button] Props received: {
        variant: 'primary',
        size: 'lg',
        type: 'submit',
        loading: false,
        disabled: false
      }

      at log (src/components/ui/Button.tsx:26:13)

    console.log
      [Button] Has onClick in props: false

      at log (src/components/ui/Button.tsx:27:13)

    console.log
      [Button] All props: {}

      at log (src/components/ui/Button.tsx:28:13)

    console.log
      [Button] Rendering with type: submit

      at log (src/components/ui/Button.tsx:25:13)

    console.log
      [Button] Props received: {
        variant: 'primary',
        size: 'lg',
        type: 'submit',
        loading: false,
        disabled: false
      }

      at log (src/components/ui/Button.tsx:26:13)

    console.log
      [Button] Has onClick in props: false

      at log (src/components/ui/Button.tsx:27:13)

    console.log
      [Button] All props: {}

      at log (src/components/ui/Button.tsx:28:13)

    console.log
      [Button] Rendering with type: submit

      at log (src/components/ui/Button.tsx:25:13)

    console.log
      [Button] Props received: {
        variant: 'primary',
        size: 'lg',
        type: 'submit',
        loading: false,
        disabled: false
      }

      at log (src/components/ui/Button.tsx:26:13)

    console.log
      [Button] Has onClick in props: false

      at log (src/components/ui/Button.tsx:27:13)

    console.log
      [Button] All props: {}

      at log (src/components/ui/Button.tsx:28:13)

    console.log
      [Button] Rendering with type: submit

      at log (src/components/ui/Button.tsx:25:13)

    console.log
      [Button] Props received: {
        variant: 'primary',
        size: 'lg',
        type: 'submit',
        loading: false,
        disabled: false
      }

      at log (src/components/ui/Button.tsx:26:13)

    console.log
      [Button] Has onClick in props: false

      at log (src/components/ui/Button.tsx:27:13)

    console.log
      [Button] All props: {}

      at log (src/components/ui/Button.tsx:28:13)

    console.log
      [Button] Rendering with type: submit

      at log (src/components/ui/Button.tsx:25:13)

    console.log
      [Button] Props received: {
        variant: 'primary',
        size: 'lg',
        type: 'submit',
        loading: false,
        disabled: false
      }

      at log (src/components/ui/Button.tsx:26:13)

    console.log
      [Button] Has onClick in props: false

      at log (src/components/ui/Button.tsx:27:13)

    console.log
      [Button] All props: {}

      at log (src/components/ui/Button.tsx:28:13)

    console.log
      [Button] Rendering with type: submit

      at log (src/components/ui/Button.tsx:25:13)

    console.log
      [Button] Props received: {
        variant: 'primary',
        size: 'lg',
        type: 'submit',
        loading: false,
        disabled: false
      }

      at log (src/components/ui/Button.tsx:26:13)

    console.log
      [Button] Has onClick in props: false

      at log (src/components/ui/Button.tsx:27:13)

    console.log
      [Button] All props: {}

      at log (src/components/ui/Button.tsx:28:13)

    console.log
      [Button] Rendering with type: submit

      at log (src/components/ui/Button.tsx:25:13)

    console.log
      [Button] Props received: {
        variant: 'primary',
        size: 'lg',
        type: 'submit',
        loading: false,
        disabled: false
      }

      at log (src/components/ui/Button.tsx:26:13)

    console.log
      [Button] Has onClick in props: false

      at log (src/components/ui/Button.tsx:27:13)

    console.log
      [Button] All props: {}

      at log (src/components/ui/Button.tsx:28:13)

    console.log
      [Button] Rendering with type: submit

      at log (src/components/ui/Button.tsx:25:13)

    console.log
      [Button] Props received: {
        variant: 'primary',
        size: 'lg',
        type: 'submit',
        loading: false,
        disabled: false
      }

      at log (src/components/ui/Button.tsx:26:13)

    console.log
      [Button] Has onClick in props: false

      at log (src/components/ui/Button.tsx:27:13)

    console.log
      [Button] All props: {}

      at log (src/components/ui/Button.tsx:28:13)

    console.log
      [Button] Rendering with type: submit

      at log (src/components/ui/Button.tsx:25:13)

    console.log
      [Button] Props received: {
        variant: 'primary',
        size: 'lg',
        type: 'submit',
        loading: false,
        disabled: false
      }

      at log (src/components/ui/Button.tsx:26:13)

    console.log
      [Button] Has onClick in props: false

      at log (src/components/ui/Button.tsx:27:13)

    console.log
      [Button] All props: {}

      at log (src/components/ui/Button.tsx:28:13)

    console.log
      [Button] Rendering with type: submit

      at log (src/components/ui/Button.tsx:25:13)

    console.log
      [Button] Props received: {
        variant: 'primary',
        size: 'lg',
        type: 'submit',
        loading: false,
        disabled: false
      }

      at log (src/components/ui/Button.tsx:26:13)

    console.log
      [Button] Has onClick in props: false

      at log (src/components/ui/Button.tsx:27:13)

    console.log
      [Button] All props: {}

      at log (src/components/ui/Button.tsx:28:13)

    console.log
      [Button] Rendering with type: submit

      at log (src/components/ui/Button.tsx:25:13)

    console.log
      [Button] Props received: {
        variant: 'primary',
        size: 'lg',
        type: 'submit',
        loading: false,
        disabled: false
      }

      at log (src/components/ui/Button.tsx:26:13)

    console.log
      [Button] Has onClick in props: false

      at log (src/components/ui/Button.tsx:27:13)

    console.log
      [Button] All props: {}

      at log (src/components/ui/Button.tsx:28:13)

    console.log
      [Button] Rendering with type: submit

      at log (src/components/ui/Button.tsx:25:13)

    console.log
      [Button] Props received: {
        variant: 'primary',
        size: 'lg',
        type: 'submit',
        loading: false,
        disabled: false
      }

      at log (src/components/ui/Button.tsx:26:13)

    console.log
      [Button] Has onClick in props: false

      at log (src/components/ui/Button.tsx:27:13)

    console.log
      [Button] All props: {}

      at log (src/components/ui/Button.tsx:28:13)

    console.log
      [Button] Rendering with type: submit

      at log (src/components/ui/Button.tsx:25:13)

    console.log
      [Button] Props received: {
        variant: 'primary',
        size: 'lg',
        type: 'submit',
        loading: false,
        disabled: false
      }

      at log (src/components/ui/Button.tsx:26:13)

    console.log
      [Button] Has onClick in props: false

      at log (src/components/ui/Button.tsx:27:13)

    console.log
      [Button] All props: {}

      at log (src/components/ui/Button.tsx:28:13)

    console.log
      [Button] Rendering with type: submit

      at log (src/components/ui/Button.tsx:25:13)

    console.log
      [Button] Props received: {
        variant: 'primary',
        size: 'lg',
        type: 'submit',
        loading: false,
        disabled: false
      }

      at log (src/components/ui/Button.tsx:26:13)

    console.log
      [Button] Has onClick in props: false

      at log (src/components/ui/Button.tsx:27:13)

    console.log
      [Button] All props: {}

      at log (src/components/ui/Button.tsx:28:13)

    console.log
      [Button] Rendering with type: submit

      at log (src/components/ui/Button.tsx:25:13)

    console.log
      [Button] Props received: {
        variant: 'primary',
        size: 'lg',
        type: 'submit',
        loading: false,
        disabled: false
      }

      at log (src/components/ui/Button.tsx:26:13)

    console.log
      [Button] Has onClick in props: false

      at log (src/components/ui/Button.tsx:27:13)

    console.log
      [Button] All props: {}

      at log (src/components/ui/Button.tsx:28:13)

    console.log
      [Button] Rendering with type: submit

      at log (src/components/ui/Button.tsx:25:13)

    console.log
      [Button] Props received: {
        variant: 'primary',
        size: 'lg',
        type: 'submit',
        loading: false,
        disabled: false
      }

      at log (src/components/ui/Button.tsx:26:13)

    console.log
      [Button] Has onClick in props: false

      at log (src/components/ui/Button.tsx:27:13)

    console.log
      [Button] All props: {}

      at log (src/components/ui/Button.tsx:28:13)

    console.log
      [Button] Rendering with type: submit

      at log (src/components/ui/Button.tsx:25:13)

    console.log
      [Button] Props received: {
        variant: 'primary',
        size: 'lg',
        type: 'submit',
        loading: false,
        disabled: false
      }

      at log (src/components/ui/Button.tsx:26:13)

    console.log
      [Button] Has onClick in props: false

      at log (src/components/ui/Button.tsx:27:13)

    console.log
      [Button] All props: {}

      at log (src/components/ui/Button.tsx:28:13)

    console.log
      [Button] Rendering with type: submit

      at log (src/components/ui/Button.tsx:25:13)

    console.log
      [Button] Props received: {
        variant: 'primary',
        size: 'lg',
        type: 'submit',
        loading: false,
        disabled: false
      }

      at log (src/components/ui/Button.tsx:26:13)

    console.log
      [Button] Has onClick in props: false

      at log (src/components/ui/Button.tsx:27:13)

    console.log
      [Button] All props: {}

      at log (src/components/ui/Button.tsx:28:13)

    console.log
      [Button] Rendering with type: submit

      at log (src/components/ui/Button.tsx:25:13)

    console.log
      [Button] Props received: {
        variant: 'primary',
        size: 'lg',
        type: 'submit',
        loading: false,
        disabled: false
      }

      at log (src/components/ui/Button.tsx:26:13)

    console.log
      [Button] Has onClick in props: false

      at log (src/components/ui/Button.tsx:27:13)

    console.log
      [Button] All props: {}

      at log (src/components/ui/Button.tsx:28:13)

    console.log
      [Button] Rendering with type: submit

      at log (src/components/ui/Button.tsx:25:13)

    console.log
      [Button] Props received: {
        variant: 'primary',
        size: 'lg',
        type: 'submit',
        loading: false,
        disabled: false
      }

      at log (src/components/ui/Button.tsx:26:13)

    console.log
      [Button] Has onClick in props: false

      at log (src/components/ui/Button.tsx:27:13)

    console.log
      [Button] All props: {}

      at log (src/components/ui/Button.tsx:28:13)

    console.log
      [Button] Rendering with type: submit

      at log (src/components/ui/Button.tsx:25:13)

    console.log
      [Button] Props received: {
        variant: 'primary',
        size: 'lg',
        type: 'submit',
        loading: false,
        disabled: false
      }

      at log (src/components/ui/Button.tsx:26:13)

    console.log
      [Button] Has onClick in props: false

      at log (src/components/ui/Button.tsx:27:13)

    console.log
      [Button] All props: {}

      at log (src/components/ui/Button.tsx:28:13)

    console.log
      [Button] Rendering with type: submit

      at log (src/components/ui/Button.tsx:25:13)

    console.log
      [Button] Props received: {
        variant: 'primary',
        size: 'lg',
        type: 'submit',
        loading: false,
        disabled: false
      }

      at log (src/components/ui/Button.tsx:26:13)

    console.log
      [Button] Has onClick in props: false

      at log (src/components/ui/Button.tsx:27:13)

    console.log
      [Button] All props: {}

      at log (src/components/ui/Button.tsx:28:13)

    console.log
      [Button] Rendering with type: submit

      at log (src/components/ui/Button.tsx:25:13)

    console.log
      [Button] Props received: {
        variant: 'primary',
        size: 'lg',
        type: 'submit',
        loading: false,
        disabled: false
      }

      at log (src/components/ui/Button.tsx:26:13)

    console.log
      [Button] Has onClick in props: false

      at log (src/components/ui/Button.tsx:27:13)

    console.log
      [Button] All props: {}

      at log (src/components/ui/Button.tsx:28:13)

    console.log
      [Button] Rendering with type: submit

      at log (src/components/ui/Button.tsx:25:13)

    console.log
      [Button] Props received: {
        variant: 'primary',
        size: 'lg',
        type: 'submit',
        loading: false,
        disabled: false
      }

      at log (src/components/ui/Button.tsx:26:13)

    console.log
      [Button] Has onClick in props: false

      at log (src/components/ui/Button.tsx:27:13)

    console.log
      [Button] All props: {}

      at log (src/components/ui/Button.tsx:28:13)

    console.log
      [Button] Rendering with type: submit

      at log (src/components/ui/Button.tsx:25:13)

    console.log
      [Button] Props received: {
        variant: 'primary',
        size: 'lg',
        type: 'submit',
        loading: false,
        disabled: false
      }

      at log (src/components/ui/Button.tsx:26:13)

    console.log
      [Button] Has onClick in props: false

      at log (src/components/ui/Button.tsx:27:13)

    console.log
      [Button] All props: {}

      at log (src/components/ui/Button.tsx:28:13)

    console.log
      [Button] Rendering with type: submit

      at log (src/components/ui/Button.tsx:25:13)

    console.log
      [Button] Props received: {
        variant: 'primary',
        size: 'lg',
        type: 'submit',
        loading: false,
        disabled: false
      }

      at log (src/components/ui/Button.tsx:26:13)

    console.log
      [Button] Has onClick in props: false

      at log (src/components/ui/Button.tsx:27:13)

    console.log
      [Button] All props: {}

      at log (src/components/ui/Button.tsx:28:13)

    console.log
      [Button] Rendering with type: submit

      at log (src/components/ui/Button.tsx:25:13)

    console.log
      [Button] Props received: {
        variant: 'primary',
        size: 'lg',
        type: 'submit',
        loading: false,
        disabled: false
      }

      at log (src/components/ui/Button.tsx:26:13)

    console.log
      [Button] Has onClick in props: false

      at log (src/components/ui/Button.tsx:27:13)

    console.log
      [Button] All props: {}

      at log (src/components/ui/Button.tsx:28:13)

    console.log
      [Button] Rendering with type: submit

      at log (src/components/ui/Button.tsx:25:13)

    console.log
      [Button] Props received: {
        variant: 'primary',
        size: 'lg',
        type: 'submit',
        loading: false,
        disabled: false
      }

      at log (src/components/ui/Button.tsx:26:13)

    console.log
      [Button] Has onClick in props: false

      at log (src/components/ui/Button.tsx:27:13)

    console.log
      [Button] All props: {}

      at log (src/components/ui/Button.tsx:28:13)

    console.log
      [Button] Rendering with type: submit

      at log (src/components/ui/Button.tsx:25:13)

    console.log
      [Button] Props received: {
        variant: 'primary',
        size: 'lg',
        type: 'submit',
        loading: false,
        disabled: false
      }

      at log (src/components/ui/Button.tsx:26:13)

    console.log
      [Button] Has onClick in props: false

      at log (src/components/ui/Button.tsx:27:13)

    console.log
      [Button] All props: {}

      at log (src/components/ui/Button.tsx:28:13)

    console.log
      [Button] Rendering with type: submit

      at log (src/components/ui/Button.tsx:25:13)

    console.log
      [Button] Props received: {
        variant: 'primary',
        size: 'lg',
        type: 'submit',
        loading: false,
        disabled: false
      }

      at log (src/components/ui/Button.tsx:26:13)

    console.log
      [Button] Has onClick in props: false

      at log (src/components/ui/Button.tsx:27:13)

    console.log
      [Button] All props: {}

      at log (src/components/ui/Button.tsx:28:13)

    console.log
      [Button] Rendering with type: submit

      at log (src/components/ui/Button.tsx:25:13)

    console.log
      [Button] Props received: {
        variant: 'primary',
        size: 'lg',
        type: 'submit',
        loading: false,
        disabled: false
      }

      at log (src/components/ui/Button.tsx:26:13)

    console.log
      [Button] Has onClick in props: false

      at log (src/components/ui/Button.tsx:27:13)

    console.log
      [Button] All props: {}

      at log (src/components/ui/Button.tsx:28:13)

    console.log
      [Button] Rendering with type: submit

      at log (src/components/ui/Button.tsx:25:13)

    console.log
      [Button] Props received: {
        variant: 'primary',
        size: 'lg',
        type: 'submit',
        loading: false,
        disabled: false
      }

      at log (src/components/ui/Button.tsx:26:13)

    console.log
      [Button] Has onClick in props: false

      at log (src/components/ui/Button.tsx:27:13)

    console.log
      [Button] All props: {}

      at log (src/components/ui/Button.tsx:28:13)

    console.log
      [Button] Rendering with type: submit

      at log (src/components/ui/Button.tsx:25:13)

    console.log
      [Button] Props received: {
        variant: 'primary',
        size: 'lg',
        type: 'submit',
        loading: false,
        disabled: false
      }

      at log (src/components/ui/Button.tsx:26:13)

    console.log
      [Button] Has onClick in props: false

      at log (src/components/ui/Button.tsx:27:13)

    console.log
      [Button] All props: {}

      at log (src/components/ui/Button.tsx:28:13)

    console.log
      [Button] Rendering with type: submit

      at log (src/components/ui/Button.tsx:25:13)

    console.log
      [Button] Props received: {
        variant: 'primary',
        size: 'lg',
        type: 'submit',
        loading: false,
        disabled: false
      }

      at log (src/components/ui/Button.tsx:26:13)

    console.log
      [Button] Has onClick in props: false

      at log (src/components/ui/Button.tsx:27:13)

    console.log
      [Button] All props: {}

      at log (src/components/ui/Button.tsx:28:13)

    console.log
      [Button] Rendering with type: submit

      at log (src/components/ui/Button.tsx:25:13)

    console.log
      [Button] Props received: {
        variant: 'primary',
        size: 'lg',
        type: 'submit',
        loading: false,
        disabled: false
      }

      at log (src/components/ui/Button.tsx:26:13)

    console.log
      [Button] Has onClick in props: false

      at log (src/components/ui/Button.tsx:27:13)

    console.log
      [Button] All props: {}

      at log (src/components/ui/Button.tsx:28:13)

    console.log
      [Button] Rendering with type: submit

      at log (src/components/ui/Button.tsx:25:13)

    console.log
      [Button] Props received: {
        variant: 'primary',
        size: 'lg',
        type: 'submit',
        loading: false,
        disabled: false
      }

      at log (src/components/ui/Button.tsx:26:13)

    console.log
      [Button] Has onClick in props: false

      at log (src/components/ui/Button.tsx:27:13)

    console.log
      [Button] All props: {}

      at log (src/components/ui/Button.tsx:28:13)

    console.log
      [Button] Rendering with type: submit

      at log (src/components/ui/Button.tsx:25:13)

    console.log
      [Button] Props received: {
        variant: 'primary',
        size: 'lg',
        type: 'submit',
        loading: false,
        disabled: false
      }

      at log (src/components/ui/Button.tsx:26:13)

    console.log
      [Button] Has onClick in props: false

      at log (src/components/ui/Button.tsx:27:13)

    console.log
      [Button] All props: {}

      at log (src/components/ui/Button.tsx:28:13)

    console.log
      [Button] Rendering with type: submit

      at log (src/components/ui/Button.tsx:25:13)

    console.log
      [Button] Props received: {
        variant: 'primary',
        size: 'lg',
        type: 'submit',
        loading: false,
        disabled: false
      }

      at log (src/components/ui/Button.tsx:26:13)

    console.log
      [Button] Has onClick in props: false

      at log (src/components/ui/Button.tsx:27:13)

    console.log
      [Button] All props: {}

      at log (src/components/ui/Button.tsx:28:13)

    console.log
      [Button] Rendering with type: submit

      at log (src/components/ui/Button.tsx:25:13)

    console.log
      [Button] Props received: {
        variant: 'primary',
        size: 'lg',
        type: 'submit',
        loading: false,
        disabled: false
      }

      at log (src/components/ui/Button.tsx:26:13)

    console.log
      [Button] Has onClick in props: false

      at log (src/components/ui/Button.tsx:27:13)

    console.log
      [Button] All props: {}

      at log (src/components/ui/Button.tsx:28:13)

    console.log
      [Button] Rendering with type: submit

      at log (src/components/ui/Button.tsx:25:13)

    console.log
      [Button] Props received: {
        variant: 'primary',
        size: 'lg',
        type: 'submit',
        loading: false,
        disabled: false
      }

      at log (src/components/ui/Button.tsx:26:13)

    console.log
      [Button] Has onClick in props: false

      at log (src/components/ui/Button.tsx:27:13)

    console.log
      [Button] All props: {}

      at log (src/components/ui/Button.tsx:28:13)

    console.log
      [Button] Rendering with type: submit

      at log (src/components/ui/Button.tsx:25:13)

    console.log
      [Button] Props received: {
        variant: 'primary',
        size: 'lg',
        type: 'submit',
        loading: false,
        disabled: false
      }

      at log (src/components/ui/Button.tsx:26:13)

    console.log
      [Button] Has onClick in props: false

      at log (src/components/ui/Button.tsx:27:13)

    console.log
      [Button] All props: {}

      at log (src/components/ui/Button.tsx:28:13)

    console.log
      [Button] Rendering with type: submit

      at log (src/components/ui/Button.tsx:25:13)

    console.log
      [Button] Props received: {
        variant: 'primary',
        size: 'lg',
        type: 'submit',
        loading: false,
        disabled: false
      }

      at log (src/components/ui/Button.tsx:26:13)

    console.log
      [Button] Has onClick in props: false

      at log (src/components/ui/Button.tsx:27:13)

    console.log
      [Button] All props: {}

      at log (src/components/ui/Button.tsx:28:13)

    console.log
      [Button] Rendering with type: submit

      at log (src/components/ui/Button.tsx:25:13)

    console.log
      [Button] Props received: {
        variant: 'primary',
        size: 'lg',
        type: 'submit',
        loading: false,
        disabled: false
      }

      at log (src/components/ui/Button.tsx:26:13)

    console.log
      [Button] Has onClick in props: false

      at log (src/components/ui/Button.tsx:27:13)

    console.log
      [Button] All props: {}

      at log (src/components/ui/Button.tsx:28:13)

    console.log
      [Button] Rendering with type: submit

      at log (src/components/ui/Button.tsx:25:13)

    console.log
      [Button] Props received: {
        variant: 'primary',
        size: 'lg',
        type: 'submit',
        loading: false,
        disabled: false
      }

      at log (src/components/ui/Button.tsx:26:13)

    console.log
      [Button] Has onClick in props: false

      at log (src/components/ui/Button.tsx:27:13)

    console.log
      [Button] All props: {}

      at log (src/components/ui/Button.tsx:28:13)

    console.log
      [Button] Rendering with type: submit

      at log (src/components/ui/Button.tsx:25:13)

    console.log
      [Button] Props received: {
        variant: 'primary',
        size: 'lg',
        type: 'submit',
        loading: false,
        disabled: false
      }

      at log (src/components/ui/Button.tsx:26:13)

    console.log
      [Button] Has onClick in props: false

      at log (src/components/ui/Button.tsx:27:13)

    console.log
      [Button] All props: {}

      at log (src/components/ui/Button.tsx:28:13)

    console.log
      [Button] Rendering with type: submit

      at log (src/components/ui/Button.tsx:25:13)

    console.log
      [Button] Props received: {
        variant: 'primary',
        size: 'lg',
        type: 'submit',
        loading: false,
        disabled: false
      }

      at log (src/components/ui/Button.tsx:26:13)

    console.log
      [Button] Has onClick in props: false

      at log (src/components/ui/Button.tsx:27:13)

    console.log
      [Button] All props: {}

      at log (src/components/ui/Button.tsx:28:13)

    console.log
      [Button] Rendering with type: submit

      at log (src/components/ui/Button.tsx:25:13)

    console.log
      [Button] Props received: {
        variant: 'primary',
        size: 'lg',
        type: 'submit',
        loading: false,
        disabled: false
      }

      at log (src/components/ui/Button.tsx:26:13)

    console.log
      [Button] Has onClick in props: false

      at log (src/components/ui/Button.tsx:27:13)

    console.log
      [Button] All props: {}

      at log (src/components/ui/Button.tsx:28:13)

    console.log
      [Button] Rendering with type: submit

      at log (src/components/ui/Button.tsx:25:13)

    console.log
      [Button] Props received: {
        variant: 'primary',
        size: 'lg',
        type: 'submit',
        loading: false,
        disabled: false
      }

      at log (src/components/ui/Button.tsx:26:13)

    console.log
      [Button] Has onClick in props: false

      at log (src/components/ui/Button.tsx:27:13)

    console.log
      [Button] All props: {}

      at log (src/components/ui/Button.tsx:28:13)

    console.log
      [Button] Rendering with type: submit

      at log (src/components/ui/Button.tsx:25:13)

    console.log
      [Button] Props received: {
        variant: 'primary',
        size: 'lg',
        type: 'submit',
        loading: false,
        disabled: false
      }

      at log (src/components/ui/Button.tsx:26:13)

    console.log
      [Button] Has onClick in props: false

      at log (src/components/ui/Button.tsx:27:13)

    console.log
      [Button] All props: {}

      at log (src/components/ui/Button.tsx:28:13)

    console.log
      [Button] Rendering with type: submit

      at log (src/components/ui/Button.tsx:25:13)

    console.log
      [Button] Props received: {
        variant: 'primary',
        size: 'lg',
        type: 'submit',
        loading: false,
        disabled: false
      }

      at log (src/components/ui/Button.tsx:26:13)

    console.log
      [Button] Has onClick in props: false

      at log (src/components/ui/Button.tsx:27:13)

    console.log
      [Button] All props: {}

      at log (src/components/ui/Button.tsx:28:13)

    console.log
      [Button] Rendering with type: submit

      at log (src/components/ui/Button.tsx:25:13)

    console.log
      [Button] Props received: {
        variant: 'primary',
        size: 'lg',
        type: 'submit',
        loading: false,
        disabled: false
      }

      at log (src/components/ui/Button.tsx:26:13)

    console.log
      [Button] Has onClick in props: false

      at log (src/components/ui/Button.tsx:27:13)

    console.log
      [Button] All props: {}

      at log (src/components/ui/Button.tsx:28:13)

    console.log
      [Button] Rendering with type: submit

      at log (src/components/ui/Button.tsx:25:13)

    console.log
      [Button] Props received: {
        variant: 'primary',
        size: 'lg',
        type: 'submit',
        loading: false,
        disabled: false
      }

      at log (src/components/ui/Button.tsx:26:13)

    console.log
      [Button] Has onClick in props: false

      at log (src/components/ui/Button.tsx:27:13)

    console.log
      [Button] All props: {}

      at log (src/components/ui/Button.tsx:28:13)

    console.log
      [Button] Rendering with type: submit

      at log (src/components/ui/Button.tsx:25:13)

    console.log
      [Button] Props received: {
        variant: 'primary',
        size: 'lg',
        type: 'submit',
        loading: false,
        disabled: false
      }

      at log (src/components/ui/Button.tsx:26:13)

    console.log
      [Button] Has onClick in props: false

      at log (src/components/ui/Button.tsx:27:13)

    console.log
      [Button] All props: {}

      at log (src/components/ui/Button.tsx:28:13)

    console.log
      [Button] Rendering with type: submit

      at log (src/components/ui/Button.tsx:25:13)

    console.log
      [Button] Props received: {
        variant: 'primary',
        size: 'lg',
        type: 'submit',
        loading: false,
        disabled: false
      }

      at log (src/components/ui/Button.tsx:26:13)

    console.log
      [Button] Has onClick in props: false

      at log (src/components/ui/Button.tsx:27:13)

    console.log
      [Button] All props: {}

      at log (src/components/ui/Button.tsx:28:13)

    console.log
      [Button] Rendering with type: submit

      at log (src/components/ui/Button.tsx:25:13)

    console.log
      [Button] Props received: {
        variant: 'primary',
        size: 'lg',
        type: 'submit',
        loading: false,
        disabled: false
      }

      at log (src/components/ui/Button.tsx:26:13)

    console.log
      [Button] Has onClick in props: false

      at log (src/components/ui/Button.tsx:27:13)

    console.log
      [Button] All props: {}

      at log (src/components/ui/Button.tsx:28:13)

    console.log
      [Button] Rendering with type: submit

      at log (src/components/ui/Button.tsx:25:13)

    console.log
      [Button] Props received: {
        variant: 'primary',
        size: 'lg',
        type: 'submit',
        loading: false,
        disabled: false
      }

      at log (src/components/ui/Button.tsx:26:13)

    console.log
      [Button] Has onClick in props: false

      at log (src/components/ui/Button.tsx:27:13)

    console.log
      [Button] All props: {}

      at log (src/components/ui/Button.tsx:28:13)

    console.log
      [Button] Rendering with type: submit

      at log (src/components/ui/Button.tsx:25:13)

    console.log
      [Button] Props received: {
        variant: 'primary',
        size: 'lg',
        type: 'submit',
        loading: false,
        disabled: false
      }

      at log (src/components/ui/Button.tsx:26:13)

    console.log
      [Button] Has onClick in props: false

      at log (src/components/ui/Button.tsx:27:13)

    console.log
      [Button] All props: {}

      at log (src/components/ui/Button.tsx:28:13)

    console.log
      [Button] Rendering with type: submit

      at log (src/components/ui/Button.tsx:25:13)

    console.log
      [Button] Props received: {
        variant: 'primary',
        size: 'lg',
        type: 'submit',
        loading: false,
        disabled: false
      }

      at log (src/components/ui/Button.tsx:26:13)

    console.log
      [Button] Has onClick in props: false

      at log (src/components/ui/Button.tsx:27:13)

    console.log
      [Button] All props: {}

      at log (src/components/ui/Button.tsx:28:13)

    console.log
      [Button] Rendering with type: submit

      at log (src/components/ui/Button.tsx:25:13)

    console.log
      [Button] Props received: {
        variant: 'primary',
        size: 'lg',
        type: 'submit',
        loading: false,
        disabled: false
      }

      at log (src/components/ui/Button.tsx:26:13)

    console.log
      [Button] Has onClick in props: false

      at log (src/components/ui/Button.tsx:27:13)

    console.log
      [Button] All props: {}

      at log (src/components/ui/Button.tsx:28:13)

    console.log
      [Button] Rendering with type: submit

      at log (src/components/ui/Button.tsx:25:13)

    console.log
      [Button] Props received: {
        variant: 'primary',
        size: 'lg',
        type: 'submit',
        loading: false,
        disabled: false
      }

      at log (src/components/ui/Button.tsx:26:13)

    console.log
      [Button] Has onClick in props: false

      at log (src/components/ui/Button.tsx:27:13)

    console.log
      [Button] All props: {}

      at log (src/components/ui/Button.tsx:28:13)

    console.log
      [Button] Rendering with type: submit

      at log (src/components/ui/Button.tsx:25:13)

    console.log
      [Button] Props received: {
        variant: 'primary',
        size: 'lg',
        type: 'submit',
        loading: false,
        disabled: false
      }

      at log (src/components/ui/Button.tsx:26:13)

    console.log
      [Button] Has onClick in props: false

      at log (src/components/ui/Button.tsx:27:13)

    console.log
      [Button] All props: {}

      at log (src/components/ui/Button.tsx:28:13)

    console.log
      [Button] Rendering with type: submit

      at log (src/components/ui/Button.tsx:25:13)

    console.log
      [Button] Props received: {
        variant: 'primary',
        size: 'lg',
        type: 'submit',
        loading: false,
        disabled: false
      }

      at log (src/components/ui/Button.tsx:26:13)

    console.log
      [Button] Has onClick in props: false

      at log (src/components/ui/Button.tsx:27:13)

    console.log
      [Button] All props: {}

      at log (src/components/ui/Button.tsx:28:13)

    console.log
      [Button] Rendering with type: submit

      at log (src/components/ui/Button.tsx:25:13)

    console.log
      [Button] Props received: {
        variant: 'primary',
        size: 'lg',
        type: 'submit',
        loading: false,
        disabled: false
      }

      at log (src/components/ui/Button.tsx:26:13)

    console.log
      [Button] Has onClick in props: false

      at log (src/components/ui/Button.tsx:27:13)

    console.log
      [Button] All props: {}

      at log (src/components/ui/Button.tsx:28:13)

    console.log
      [Button] Rendering with type: submit

      at log (src/components/ui/Button.tsx:25:13)

    console.log
      [Button] Props received: {
        variant: 'primary',
        size: 'lg',
        type: 'submit',
        loading: false,
        disabled: false
      }

      at log (src/components/ui/Button.tsx:26:13)

    console.log
      [Button] Has onClick in props: false

      at log (src/components/ui/Button.tsx:27:13)

    console.log
      [Button] All props: {}

      at log (src/components/ui/Button.tsx:28:13)

    console.log
      [Button] Rendering with type: submit

      at log (src/components/ui/Button.tsx:25:13)

    console.log
      [Button] Props received: {
        variant: 'primary',
        size: 'lg',
        type: 'submit',
        loading: false,
        disabled: false
      }

      at log (src/components/ui/Button.tsx:26:13)

    console.log
      [Button] Has onClick in props: false

      at log (src/components/ui/Button.tsx:27:13)

    console.log
      [Button] All props: {}

      at log (src/components/ui/Button.tsx:28:13)

    console.log
      [Button] Rendering with type: submit

      at log (src/components/ui/Button.tsx:25:13)

    console.log
      [Button] Props received: {
        variant: 'primary',
        size: 'lg',
        type: 'submit',
        loading: false,
        disabled: false
      }

      at log (src/components/ui/Button.tsx:26:13)

    console.log
      [Button] Has onClick in props: false

      at log (src/components/ui/Button.tsx:27:13)

    console.log
      [Button] All props: {}

      at log (src/components/ui/Button.tsx:28:13)

    console.log
      [Button] Rendering with type: submit

      at log (src/components/ui/Button.tsx:25:13)

    console.log
      [Button] Props received: {
        variant: 'primary',
        size: 'lg',
        type: 'submit',
        loading: false,
        disabled: false
      }

      at log (src/components/ui/Button.tsx:26:13)

    console.log
      [Button] Has onClick in props: false

      at log (src/components/ui/Button.tsx:27:13)

    console.log
      [Button] All props: {}

      at log (src/components/ui/Button.tsx:28:13)

    console.log
      [Button] Rendering with type: submit

      at log (src/components/ui/Button.tsx:25:13)

    console.log
      [Button] Props received: {
        variant: 'primary',
        size: 'lg',
        type: 'submit',
        loading: false,
        disabled: false
      }

      at log (src/components/ui/Button.tsx:26:13)

    console.log
      [Button] Has onClick in props: false

      at log (src/components/ui/Button.tsx:27:13)

    console.log
      [Button] All props: {}

      at log (src/components/ui/Button.tsx:28:13)

    console.log
      [Button] Rendering with type: submit

      at log (src/components/ui/Button.tsx:25:13)

    console.log
      [Button] Props received: {
        variant: 'primary',
        size: 'lg',
        type: 'submit',
        loading: false,
        disabled: false
      }

      at log (src/components/ui/Button.tsx:26:13)

    console.log
      [Button] Has onClick in props: false

      at log (src/components/ui/Button.tsx:27:13)

    console.log
      [Button] All props: {}

      at log (src/components/ui/Button.tsx:28:13)

    console.log
      [Button] Rendering with type: submit

      at log (src/components/ui/Button.tsx:25:13)

    console.log
      [Button] Props received: {
        variant: 'primary',
        size: 'lg',
        type: 'submit',
        loading: false,
        disabled: false
      }

      at log (src/components/ui/Button.tsx:26:13)

    console.log
      [Button] Has onClick in props: false

      at log (src/components/ui/Button.tsx:27:13)

    console.log
      [Button] All props: {}

      at log (src/components/ui/Button.tsx:28:13)

    console.log
      [Button] Rendering with type: submit

      at log (src/components/ui/Button.tsx:25:13)

    console.log
      [Button] Props received: {
        variant: 'primary',
        size: 'lg',
        type: 'submit',
        loading: false,
        disabled: false
      }

      at log (src/components/ui/Button.tsx:26:13)

    console.log
      [Button] Has onClick in props: false

      at log (src/components/ui/Button.tsx:27:13)

    console.log
      [Button] All props: {}

      at log (src/components/ui/Button.tsx:28:13)

    console.log
      [Button] Rendering with type: submit

      at log (src/components/ui/Button.tsx:25:13)

    console.log
      [Button] Props received: {
        variant: 'primary',
        size: 'lg',
        type: 'submit',
        loading: false,
        disabled: false
      }

      at log (src/components/ui/Button.tsx:26:13)

    console.log
      [Button] Has onClick in props: false

      at log (src/components/ui/Button.tsx:27:13)

    console.log
      [Button] All props: {}

      at log (src/components/ui/Button.tsx:28:13)

    console.log
      [Button] Rendering with type: submit

      at log (src/components/ui/Button.tsx:25:13)

    console.log
      [Button] Props received: {
        variant: 'primary',
        size: 'lg',
        type: 'submit',
        loading: false,
        disabled: false
      }

      at log (src/components/ui/Button.tsx:26:13)

    console.log
      [Button] Has onClick in props: false

      at log (src/components/ui/Button.tsx:27:13)

    console.log
      [Button] All props: {}

      at log (src/components/ui/Button.tsx:28:13)

    console.log
      [Button] Rendering with type: submit

      at log (src/components/ui/Button.tsx:25:13)

    console.log
      [Button] Props received: {
        variant: 'primary',
        size: 'lg',
        type: 'submit',
        loading: false,
        disabled: false
      }

      at log (src/components/ui/Button.tsx:26:13)

    console.log
      [Button] Has onClick in props: false

      at log (src/components/ui/Button.tsx:27:13)

    console.log
      [Button] All props: {}

      at log (src/components/ui/Button.tsx:28:13)

    console.log
      [Button] Rendering with type: submit

      at log (src/components/ui/Button.tsx:25:13)

    console.log
      [Button] Props received: {
        variant: 'primary',
        size: 'lg',
        type: 'submit',
        loading: false,
        disabled: false
      }

      at log (src/components/ui/Button.tsx:26:13)

    console.log
      [Button] Has onClick in props: false

      at log (src/components/ui/Button.tsx:27:13)

    console.log
      [Button] All props: {}

      at log (src/components/ui/Button.tsx:28:13)

    console.log
      [Button] Rendering with type: submit

      at log (src/components/ui/Button.tsx:25:13)

    console.log
      [Button] Props received: {
        variant: 'primary',
        size: 'lg',
        type: 'submit',
        loading: false,
        disabled: false
      }

      at log (src/components/ui/Button.tsx:26:13)

    console.log
      [Button] Has onClick in props: false

      at log (src/components/ui/Button.tsx:27:13)

    console.log
      [Button] All props: {}

      at log (src/components/ui/Button.tsx:28:13)

    console.log
      [Button] Rendering with type: submit

      at log (src/components/ui/Button.tsx:25:13)

    console.log
      [Button] Props received: {
        variant: 'primary',
        size: 'lg',
        type: 'submit',
        loading: false,
        disabled: false
      }

      at log (src/components/ui/Button.tsx:26:13)

    console.log
      [Button] Has onClick in props: false

      at log (src/components/ui/Button.tsx:27:13)

    console.log
      [Button] All props: {}

      at log (src/components/ui/Button.tsx:28:13)

    console.log
      [Button] Rendering with type: submit

      at log (src/components/ui/Button.tsx:25:13)

    console.log
      [Button] Props received: {
        variant: 'primary',
        size: 'lg',
        type: 'submit',
        loading: false,
        disabled: false
      }

      at log (src/components/ui/Button.tsx:26:13)

    console.log
      [Button] Has onClick in props: false

      at log (src/components/ui/Button.tsx:27:13)

    console.log
      [Button] All props: {}

      at log (src/components/ui/Button.tsx:28:13)

    console.log
      [Button] Rendering with type: submit

      at log (src/components/ui/Button.tsx:25:13)

    console.log
      [Button] Props received: {
        variant: 'primary',
        size: 'lg',
        type: 'submit',
        loading: false,
        disabled: false
      }

      at log (src/components/ui/Button.tsx:26:13)

    console.log
      [Button] Has onClick in props: false

      at log (src/components/ui/Button.tsx:27:13)

    console.log
      [Button] All props: {}

      at log (src/components/ui/Button.tsx:28:13)

    console.log
      [Button] Rendering with type: submit

      at log (src/components/ui/Button.tsx:25:13)

    console.log
      [Button] Props received: {
        variant: 'primary',
        size: 'lg',
        type: 'submit',
        loading: false,
        disabled: false
      }

      at log (src/components/ui/Button.tsx:26:13)

    console.log
      [Button] Has onClick in props: false

      at log (src/components/ui/Button.tsx:27:13)

    console.log
      [Button] All props: {}

      at log (src/components/ui/Button.tsx:28:13)

    console.log
      [Button] Rendering with type: submit

      at log (src/components/ui/Button.tsx:25:13)

    console.log
      [Button] Props received: {
        variant: 'primary',
        size: 'lg',
        type: 'submit',
        loading: false,
        disabled: false
      }

      at log (src/components/ui/Button.tsx:26:13)

    console.log
      [Button] Has onClick in props: false

      at log (src/components/ui/Button.tsx:27:13)

    console.log
      [Button] All props: {}

      at log (src/components/ui/Button.tsx:28:13)

    console.log
      [Button] Rendering with type: submit

      at log (src/components/ui/Button.tsx:25:13)

    console.log
      [Button] Props received: {
        variant: 'primary',
        size: 'lg',
        type: 'submit',
        loading: false,
        disabled: false
      }

      at log (src/components/ui/Button.tsx:26:13)

    console.log
      [Button] Has onClick in props: false

      at log (src/components/ui/Button.tsx:27:13)

    console.log
      [Button] All props: {}

      at log (src/components/ui/Button.tsx:28:13)

    console.log
      [Button] Rendering with type: submit

      at log (src/components/ui/Button.tsx:25:13)

    console.log
      [Button] Props received: {
        variant: 'primary',
        size: 'lg',
        type: 'submit',
        loading: false,
        disabled: false
      }

      at log (src/components/ui/Button.tsx:26:13)

    console.log
      [Button] Has onClick in props: false

      at log (src/components/ui/Button.tsx:27:13)

    console.log
      [Button] All props: {}

      at log (src/components/ui/Button.tsx:28:13)

    console.log
      [Button] Rendering with type: submit

      at log (src/components/ui/Button.tsx:25:13)

    console.log
      [Button] Props received: {
        variant: 'primary',
        size: 'lg',
        type: 'submit',
        loading: false,
        disabled: false
      }

      at log (src/components/ui/Button.tsx:26:13)

    console.log
      [Button] Has onClick in props: false

      at log (src/components/ui/Button.tsx:27:13)

    console.log
      [Button] All props: {}

      at log (src/components/ui/Button.tsx:28:13)

    console.log
      [Button] Rendering with type: submit

      at log (src/components/ui/Button.tsx:25:13)

    console.log
      [Button] Props received: {
        variant: 'primary',
        size: 'lg',
        type: 'submit',
        loading: false,
        disabled: false
      }

      at log (src/components/ui/Button.tsx:26:13)

    console.log
      [Button] Has onClick in props: false

      at log (src/components/ui/Button.tsx:27:13)

    console.log
      [Button] All props: {}

      at log (src/components/ui/Button.tsx:28:13)

    console.log
      [Button] Rendering with type: submit

      at log (src/components/ui/Button.tsx:25:13)

    console.log
      [Button] Props received: {
        variant: 'primary',
        size: 'lg',
        type: 'submit',
        loading: false,
        disabled: false
      }

      at log (src/components/ui/Button.tsx:26:13)

    console.log
      [Button] Has onClick in props: false

      at log (src/components/ui/Button.tsx:27:13)

    console.log
      [Button] All props: {}

      at log (src/components/ui/Button.tsx:28:13)

    console.log
      [Button] Rendering with type: submit

      at log (src/components/ui/Button.tsx:25:13)

    console.log
      [Button] Props received: {
        variant: 'primary',
        size: 'lg',
        type: 'submit',
        loading: false,
        disabled: false
      }

      at log (src/components/ui/Button.tsx:26:13)

    console.log
      [Button] Has onClick in props: false

      at log (src/components/ui/Button.tsx:27:13)

    console.log
      [Button] All props: {}

      at log (src/components/ui/Button.tsx:28:13)

    console.log
      [Button] Rendering with type: submit

      at log (src/components/ui/Button.tsx:25:13)

    console.log
      [Button] Props received: {
        variant: 'primary',
        size: 'lg',
        type: 'submit',
        loading: false,
        disabled: false
      }

      at log (src/components/ui/Button.tsx:26:13)

    console.log
      [Button] Has onClick in props: false

      at log (src/components/ui/Button.tsx:27:13)

    console.log
      [Button] All props: {}

      at log (src/components/ui/Button.tsx:28:13)

    console.log
      [Button] Rendering with type: submit

      at log (src/components/ui/Button.tsx:25:13)

    console.log
      [Button] Props received: {
        variant: 'primary',
        size: 'lg',
        type: 'submit',
        loading: false,
        disabled: false
      }

      at log (src/components/ui/Button.tsx:26:13)

    console.log
      [Button] Has onClick in props: false

      at log (src/components/ui/Button.tsx:27:13)

    console.log
      [Button] All props: {}

      at log (src/components/ui/Button.tsx:28:13)

    console.log
      [Button] Rendering with type: submit

      at log (src/components/ui/Button.tsx:25:13)

    console.log
      [Button] Props received: {
        variant: 'primary',
        size: 'lg',
        type: 'submit',
        loading: false,
        disabled: false
      }

      at log (src/components/ui/Button.tsx:26:13)

    console.log
      [Button] Has onClick in props: false

      at log (src/components/ui/Button.tsx:27:13)

    console.log
      [Button] All props: {}

      at log (src/components/ui/Button.tsx:28:13)

    console.log
      [Button] Rendering with type: submit

      at log (src/components/ui/Button.tsx:25:13)

    console.log
      [Button] Props received: {
        variant: 'primary',
        size: 'lg',
        type: 'submit',
        loading: false,
        disabled: false
      }

      at log (src/components/ui/Button.tsx:26:13)

    console.log
      [Button] Has onClick in props: false

      at log (src/components/ui/Button.tsx:27:13)

    console.log
      [Button] All props: {}

      at log (src/components/ui/Button.tsx:28:13)

    console.log
      [Button] Rendering with type: submit

      at log (src/components/ui/Button.tsx:25:13)

    console.log
      [Button] Props received: {
        variant: 'primary',
        size: 'lg',
        type: 'submit',
        loading: false,
        disabled: false
      }

      at log (src/components/ui/Button.tsx:26:13)

    console.log
      [Button] Has onClick in props: false

      at log (src/components/ui/Button.tsx:27:13)

    console.log
      [Button] All props: {}

      at log (src/components/ui/Button.tsx:28:13)

    console.log
      [Button] Rendering with type: submit

      at log (src/components/ui/Button.tsx:25:13)

    console.log
      [Button] Props received: {
        variant: 'primary',
        size: 'lg',
        type: 'submit',
        loading: false,
        disabled: false
      }

      at log (src/components/ui/Button.tsx:26:13)

    console.log
      [Button] Has onClick in props: false

      at log (src/components/ui/Button.tsx:27:13)

    console.log
      [Button] All props: {}

      at log (src/components/ui/Button.tsx:28:13)

    console.log
      [Button] Rendering with type: submit

      at log (src/components/ui/Button.tsx:25:13)

    console.log
      [Button] Props received: {
        variant: 'primary',
        size: 'lg',
        type: 'submit',
        loading: false,
        disabled: false
      }

      at log (src/components/ui/Button.tsx:26:13)

    console.log
      [Button] Has onClick in props: false

      at log (src/components/ui/Button.tsx:27:13)

    console.log
      [Button] All props: {}

      at log (src/components/ui/Button.tsx:28:13)

    console.log
      [Button] Rendering with type: submit

      at log (src/components/ui/Button.tsx:25:13)

    console.log
      [Button] Props received: {
        variant: 'primary',
        size: 'lg',
        type: 'submit',
        loading: false,
        disabled: false
      }

      at log (src/components/ui/Button.tsx:26:13)

    console.log
      [Button] Has onClick in props: false

      at log (src/components/ui/Button.tsx:27:13)

    console.log
      [Button] All props: {}

      at log (src/components/ui/Button.tsx:28:13)

    console.log
      [Button] Rendering with type: submit

      at log (src/components/ui/Button.tsx:25:13)

    console.log
      [Button] Props received: {
        variant: 'primary',
        size: 'lg',
        type: 'submit',
        loading: false,
        disabled: false
      }

      at log (src/components/ui/Button.tsx:26:13)

    console.log
      [Button] Has onClick in props: false

      at log (src/components/ui/Button.tsx:27:13)

    console.log
      [Button] All props: {}

      at log (src/components/ui/Button.tsx:28:13)

    console.log
      [Button] Rendering with type: submit

      at log (src/components/ui/Button.tsx:25:13)

    console.log
      [Button] Props received: {
        variant: 'primary',
        size: 'lg',
        type: 'submit',
        loading: false,
        disabled: false
      }

      at log (src/components/ui/Button.tsx:26:13)

    console.log
      [Button] Has onClick in props: false

      at log (src/components/ui/Button.tsx:27:13)

    console.log
      [Button] All props: {}

      at log (src/components/ui/Button.tsx:28:13)

    console.log
      [Button] Rendering with type: submit

      at log (src/components/ui/Button.tsx:25:13)

    console.log
      [Button] Props received: {
        variant: 'primary',
        size: 'lg',
        type: 'submit',
        loading: false,
        disabled: false
      }

      at log (src/components/ui/Button.tsx:26:13)

    console.log
      [Button] Has onClick in props: false

      at log (src/components/ui/Button.tsx:27:13)

    console.log
      [Button] All props: {}

      at log (src/components/ui/Button.tsx:28:13)

    console.log
      [Button] Rendering with type: submit

      at log (src/components/ui/Button.tsx:25:13)

    console.log
      [Button] Props received: {
        variant: 'primary',
        size: 'lg',
        type: 'submit',
        loading: false,
        disabled: false
      }

      at log (src/components/ui/Button.tsx:26:13)

    console.log
      [Button] Has onClick in props: false

      at log (src/components/ui/Button.tsx:27:13)

    console.log
      [Button] All props: {}

      at log (src/components/ui/Button.tsx:28:13)

    console.log
      [Button] Rendering with type: submit

      at log (src/components/ui/Button.tsx:25:13)

    console.log
      [Button] Props received: {
        variant: 'primary',
        size: 'lg',
        type: 'submit',
        loading: false,
        disabled: false
      }

      at log (src/components/ui/Button.tsx:26:13)

    console.log
      [Button] Has onClick in props: false

      at log (src/components/ui/Button.tsx:27:13)

    console.log
      [Button] All props: {}

      at log (src/components/ui/Button.tsx:28:13)

    console.log
      [Button] Rendering with type: submit

      at log (src/components/ui/Button.tsx:25:13)

    console.log
      [Button] Props received: {
        variant: 'primary',
        size: 'lg',
        type: 'submit',
        loading: false,
        disabled: false
      }

      at log (src/components/ui/Button.tsx:26:13)

    console.log
      [Button] Has onClick in props: false

      at log (src/components/ui/Button.tsx:27:13)

    console.log
      [Button] All props: {}

      at log (src/components/ui/Button.tsx:28:13)

    console.log
      [Button] Rendering with type: submit

      at log (src/components/ui/Button.tsx:25:13)

    console.log
      [Button] Props received: {
        variant: 'primary',
        size: 'lg',
        type: 'submit',
        loading: false,
        disabled: false
      }

      at log (src/components/ui/Button.tsx:26:13)

    console.log
      [Button] Has onClick in props: false

      at log (src/components/ui/Button.tsx:27:13)

    console.log
      [Button] All props: {}

      at log (src/components/ui/Button.tsx:28:13)

    console.log
      [Button] Rendering with type: submit

      at log (src/components/ui/Button.tsx:25:13)

    console.log
      [Button] Props received: {
        variant: 'primary',
        size: 'lg',
        type: 'submit',
        loading: false,
        disabled: false
      }

      at log (src/components/ui/Button.tsx:26:13)

    console.log
      [Button] Has onClick in props: false

      at log (src/components/ui/Button.tsx:27:13)

    console.log
      [Button] All props: {}

      at log (src/components/ui/Button.tsx:28:13)

    console.log
      [Button] Rendering with type: submit

      at log (src/components/ui/Button.tsx:25:13)

    console.log
      [Button] Props received: {
        variant: 'primary',
        size: 'lg',
        type: 'submit',
        loading: false,
        disabled: false
      }

      at log (src/components/ui/Button.tsx:26:13)

    console.log
      [Button] Has onClick in props: false

      at log (src/components/ui/Button.tsx:27:13)

    console.log
      [Button] All props: {}

      at log (src/components/ui/Button.tsx:28:13)

    console.log
      [Button] Rendering with type: submit

      at log (src/components/ui/Button.tsx:25:13)

    console.log
      [Button] Props received: {
        variant: 'primary',
        size: 'lg',
        type: 'submit',
        loading: false,
        disabled: false
      }

      at log (src/components/ui/Button.tsx:26:13)

    console.log
      [Button] Has onClick in props: false

      at log (src/components/ui/Button.tsx:27:13)

    console.log
      [Button] All props: {}

      at log (src/components/ui/Button.tsx:28:13)

    console.log
      [Button] Rendering with type: submit

      at log (src/components/ui/Button.tsx:25:13)

    console.log
      [Button] Props received: {
        variant: 'primary',
        size: 'lg',
        type: 'submit',
        loading: false,
        disabled: false
      }

      at log (src/components/ui/Button.tsx:26:13)

    console.log
      [Button] Has onClick in props: false

      at log (src/components/ui/Button.tsx:27:13)

    console.log
      [Button] All props: {}

      at log (src/components/ui/Button.tsx:28:13)

    console.log
      [Button] Rendering with type: submit

      at log (src/components/ui/Button.tsx:25:13)

    console.log
      [Button] Props received: {
        variant: 'primary',
        size: 'lg',
        type: 'submit',
        loading: false,
        disabled: false
      }

      at log (src/components/ui/Button.tsx:26:13)

    console.log
      [Button] Has onClick in props: false

      at log (src/components/ui/Button.tsx:27:13)

    console.log
      [Button] All props: {}

      at log (src/components/ui/Button.tsx:28:13)

    console.log
      [Button] Rendering with type: submit

      at log (src/components/ui/Button.tsx:25:13)

    console.log
      [Button] Props received: {
        variant: 'primary',
        size: 'lg',
        type: 'submit',
        loading: false,
        disabled: false
      }

      at log (src/components/ui/Button.tsx:26:13)

    console.log
      [Button] Has onClick in props: false

      at log (src/components/ui/Button.tsx:27:13)

    console.log
      [Button] All props: {}

      at log (src/components/ui/Button.tsx:28:13)

    console.log
      [Button] Rendering with type: submit

      at log (src/components/ui/Button.tsx:25:13)

    console.log
      [Button] Props received: {
        variant: 'primary',
        size: 'lg',
        type: 'submit',
        loading: false,
        disabled: false
      }

      at log (src/components/ui/Button.tsx:26:13)

    console.log
      [Button] Has onClick in props: false

      at log (src/components/ui/Button.tsx:27:13)

    console.log
      [Button] All props: {}

      at log (src/components/ui/Button.tsx:28:13)

    console.log
      [Button] Rendering with type: submit

      at log (src/components/ui/Button.tsx:25:13)

    console.log
      [Button] Props received: {
        variant: 'primary',
        size: 'lg',
        type: 'submit',
        loading: false,
        disabled: false
      }

      at log (src/components/ui/Button.tsx:26:13)

    console.log
      [Button] Has onClick in props: false

      at log (src/components/ui/Button.tsx:27:13)

    console.log
      [Button] All props: {}

      at log (src/components/ui/Button.tsx:28:13)

    console.log
      [Button] Rendering with type: submit

      at log (src/components/ui/Button.tsx:25:13)

    console.log
      [Button] Props received: {
        variant: 'primary',
        size: 'lg',
        type: 'submit',
        loading: false,
        disabled: false
      }

      at log (src/components/ui/Button.tsx:26:13)

    console.log
      [Button] Has onClick in props: false

      at log (src/components/ui/Button.tsx:27:13)

    console.log
      [Button] All props: {}

      at log (src/components/ui/Button.tsx:28:13)

    console.log
      [Button] Rendering with type: submit

      at log (src/components/ui/Button.tsx:25:13)

    console.log
      [Button] Props received: {
        variant: 'primary',
        size: 'lg',
        type: 'submit',
        loading: false,
        disabled: false
      }

      at log (src/components/ui/Button.tsx:26:13)

    console.log
      [Button] Has onClick in props: false

      at log (src/components/ui/Button.tsx:27:13)

    console.log
      [Button] All props: {}

      at log (src/components/ui/Button.tsx:28:13)

    console.log
      [Button] Rendering with type: submit

      at log (src/components/ui/Button.tsx:25:13)

    console.log
      [Button] Props received: {
        variant: 'primary',
        size: 'lg',
        type: 'submit',
        loading: false,
        disabled: false
      }

      at log (src/components/ui/Button.tsx:26:13)

    console.log
      [Button] Has onClick in props: false

      at log (src/components/ui/Button.tsx:27:13)

    console.log
      [Button] All props: {}

      at log (src/components/ui/Button.tsx:28:13)

    console.log
      [Button] Rendering with type: submit

      at log (src/components/ui/Button.tsx:25:13)

    console.log
      [Button] Props received: {
        variant: 'primary',
        size: 'lg',
        type: 'submit',
        loading: false,
        disabled: false
      }

      at log (src/components/ui/Button.tsx:26:13)

    console.log
      [Button] Has onClick in props: false

      at log (src/components/ui/Button.tsx:27:13)

    console.log
      [Button] All props: {}

      at log (src/components/ui/Button.tsx:28:13)

    console.log
      [Button] Rendering with type: submit

      at log (src/components/ui/Button.tsx:25:13)

    console.log
      [Button] Props received: {
        variant: 'primary',
        size: 'lg',
        type: 'submit',
        loading: false,
        disabled: false
      }

      at log (src/components/ui/Button.tsx:26:13)

    console.log
      [Button] Has onClick in props: false

      at log (src/components/ui/Button.tsx:27:13)

    console.log
      [Button] All props: {}

      at log (src/components/ui/Button.tsx:28:13)

    console.log
      [Button] Rendering with type: submit

      at log (src/components/ui/Button.tsx:25:13)

    console.log
      [Button] Props received: {
        variant: 'primary',
        size: 'lg',
        type: 'submit',
        loading: false,
        disabled: false
      }

      at log (src/components/ui/Button.tsx:26:13)

    console.log
      [Button] Has onClick in props: false

      at log (src/components/ui/Button.tsx:27:13)

    console.log
      [Button] All props: {}

      at log (src/components/ui/Button.tsx:28:13)

    console.log
      [Button] Rendering with type: submit

      at log (src/components/ui/Button.tsx:25:13)

    console.log
      [Button] Props received: {
        variant: 'primary',
        size: 'lg',
        type: 'submit',
        loading: false,
        disabled: false
      }

      at log (src/components/ui/Button.tsx:26:13)

    console.log
      [Button] Has onClick in props: false

      at log (src/components/ui/Button.tsx:27:13)

    console.log
      [Button] All props: {}

      at log (src/components/ui/Button.tsx:28:13)

    console.log
      [Button] Rendering with type: submit

      at log (src/components/ui/Button.tsx:25:13)

    console.log
      [Button] Props received: {
        variant: 'primary',
        size: 'lg',
        type: 'submit',
        loading: false,
        disabled: false
      }

      at log (src/components/ui/Button.tsx:26:13)

    console.log
      [Button] Has onClick in props: false

      at log (src/components/ui/Button.tsx:27:13)

    console.log
      [Button] All props: {}

      at log (src/components/ui/Button.tsx:28:13)

    console.log
      [Button] Rendering with type: submit

      at log (src/components/ui/Button.tsx:25:13)

    console.log
      [Button] Props received: {
        variant: 'primary',
        size: 'lg',
        type: 'submit',
        loading: false,
        disabled: false
      }

      at log (src/components/ui/Button.tsx:26:13)

    console.log
      [Button] Has onClick in props: false

      at log (src/components/ui/Button.tsx:27:13)

    console.log
      [Button] All props: {}

      at log (src/components/ui/Button.tsx:28:13)

    console.log
      [Button] Rendering with type: submit

      at log (src/components/ui/Button.tsx:25:13)

    console.log
      [Button] Props received: {
        variant: 'primary',
        size: 'lg',
        type: 'submit',
        loading: false,
        disabled: false
      }

      at log (src/components/ui/Button.tsx:26:13)

    console.log
      [Button] Has onClick in props: false

      at log (src/components/ui/Button.tsx:27:13)

    console.log
      [Button] All props: {}

      at log (src/components/ui/Button.tsx:28:13)

    console.log
      [Button] Rendering with type: submit

      at log (src/components/ui/Button.tsx:25:13)

    console.log
      [Button] Props received: {
        variant: 'primary',
        size: 'lg',
        type: 'submit',
        loading: false,
        disabled: false
      }

      at log (src/components/ui/Button.tsx:26:13)

    console.log
      [Button] Has onClick in props: false

      at log (src/components/ui/Button.tsx:27:13)

    console.log
      [Button] All props: {}

      at log (src/components/ui/Button.tsx:28:13)

    console.log
      [Button] Rendering with type: submit

      at log (src/components/ui/Button.tsx:25:13)

    console.log
      [Button] Props received: {
        variant: 'primary',
        size: 'lg',
        type: 'submit',
        loading: false,
        disabled: false
      }

      at log (src/components/ui/Button.tsx:26:13)

    console.log
      [Button] Has onClick in props: false

      at log (src/components/ui/Button.tsx:27:13)

    console.log
      [Button] All props: {}

      at log (src/components/ui/Button.tsx:28:13)

    console.log
      [Button] Rendering with type: submit

      at log (src/components/ui/Button.tsx:25:13)

    console.log
      [Button] Props received: {
        variant: 'primary',
        size: 'lg',
        type: 'submit',
        loading: false,
        disabled: false
      }

      at log (src/components/ui/Button.tsx:26:13)

    console.log
      [Button] Has onClick in props: false

      at log (src/components/ui/Button.tsx:27:13)

    console.log
      [Button] All props: {}

      at log (src/components/ui/Button.tsx:28:13)

    console.log
      [Button] Rendering with type: submit

      at log (src/components/ui/Button.tsx:25:13)

    console.log
      [Button] Props received: {
        variant: 'primary',
        size: 'lg',
        type: 'submit',
        loading: false,
        disabled: false
      }

      at log (src/components/ui/Button.tsx:26:13)

    console.log
      [Button] Has onClick in props: false

      at log (src/components/ui/Button.tsx:27:13)

    console.log
      [Button] All props: {}

      at log (src/components/ui/Button.tsx:28:13)

    console.log
      [Button] Rendering with type: submit

      at log (src/components/ui/Button.tsx:25:13)

    console.log
      [Button] Props received: {
        variant: 'primary',
        size: 'lg',
        type: 'submit',
        loading: false,
        disabled: false
      }

      at log (src/components/ui/Button.tsx:26:13)

    console.log
      [Button] Has onClick in props: false

      at log (src/components/ui/Button.tsx:27:13)

    console.log
      [Button] All props: {}

      at log (src/components/ui/Button.tsx:28:13)

    console.log
      [Button] Rendering with type: submit

      at log (src/components/ui/Button.tsx:25:13)

    console.log
      [Button] Props received: {
        variant: 'primary',
        size: 'lg',
        type: 'submit',
        loading: false,
        disabled: false
      }

      at log (src/components/ui/Button.tsx:26:13)

    console.log
      [Button] Has onClick in props: false

      at log (src/components/ui/Button.tsx:27:13)

    console.log
      [Button] All props: {}

      at log (src/components/ui/Button.tsx:28:13)

    console.log
      [Button] Rendering with type: submit

      at log (src/components/ui/Button.tsx:25:13)

    console.log
      [Button] Props received: {
        variant: 'primary',
        size: 'lg',
        type: 'submit',
        loading: false,
        disabled: false
      }

      at log (src/components/ui/Button.tsx:26:13)

    console.log
      [Button] Has onClick in props: false

      at log (src/components/ui/Button.tsx:27:13)

    console.log
      [Button] All props: {}

      at log (src/components/ui/Button.tsx:28:13)

    console.log
      [Button] Rendering with type: submit

      at log (src/components/ui/Button.tsx:25:13)

    console.log
      [Button] Props received: {
        variant: 'primary',
        size: 'lg',
        type: 'submit',
        loading: false,
        disabled: false
      }

      at log (src/components/ui/Button.tsx:26:13)

    console.log
      [Button] Has onClick in props: false

      at log (src/components/ui/Button.tsx:27:13)

    console.log
      [Button] All props: {}

      at log (src/components/ui/Button.tsx:28:13)

    console.log
      [Button] Rendering with type: submit

      at log (src/components/ui/Button.tsx:25:13)

    console.log
      [Button] Props received: {
        variant: 'primary',
        size: 'lg',
        type: 'submit',
        loading: false,
        disabled: false
      }

      at log (src/components/ui/Button.tsx:26:13)

    console.log
      [Button] Has onClick in props: false

      at log (src/components/ui/Button.tsx:27:13)

    console.log
      [Button] All props: {}

      at log (src/components/ui/Button.tsx:28:13)

    console.log
      [Button] Rendering with type: submit

      at log (src/components/ui/Button.tsx:25:13)

    console.log
      [Button] Props received: {
        variant: 'primary',
        size: 'lg',
        type: 'submit',
        loading: false,
        disabled: false
      }

      at log (src/components/ui/Button.tsx:26:13)

    console.log
      [Button] Has onClick in props: false

      at log (src/components/ui/Button.tsx:27:13)

    console.log
      [Button] All props: {}

      at log (src/components/ui/Button.tsx:28:13)

    console.log
      [Button] Rendering with type: submit

      at log (src/components/ui/Button.tsx:25:13)

    console.log
      [Button] Props received: {
        variant: 'primary',
        size: 'lg',
        type: 'submit',
        loading: false,
        disabled: false
      }

      at log (src/components/ui/Button.tsx:26:13)

    console.log
      [Button] Has onClick in props: false

      at log (src/components/ui/Button.tsx:27:13)

    console.log
      [Button] All props: {}

      at log (src/components/ui/Button.tsx:28:13)

    console.log
      [Button] Rendering with type: submit

      at log (src/components/ui/Button.tsx:25:13)

    console.log
      [Button] Props received: {
        variant: 'primary',
        size: 'lg',
        type: 'submit',
        loading: false,
        disabled: false
      }

      at log (src/components/ui/Button.tsx:26:13)

    console.log
      [Button] Has onClick in props: false

      at log (src/components/ui/Button.tsx:27:13)

    console.log
      [Button] All props: {}

      at log (src/components/ui/Button.tsx:28:13)

    console.log
      [Button] Rendering with type: submit

      at log (src/components/ui/Button.tsx:25:13)

    console.log
      [Button] Props received: {
        variant: 'primary',
        size: 'lg',
        type: 'submit',
        loading: false,
        disabled: false
      }

      at log (src/components/ui/Button.tsx:26:13)

    console.log
      [Button] Has onClick in props: false

      at log (src/components/ui/Button.tsx:27:13)

    console.log
      [Button] All props: {}

      at log (src/components/ui/Button.tsx:28:13)

    console.log
      [Button] Rendering with type: submit

      at log (src/components/ui/Button.tsx:25:13)

    console.log
      [Button] Props received: {
        variant: 'primary',
        size: 'lg',
        type: 'submit',
        loading: false,
        disabled: false
      }

      at log (src/components/ui/Button.tsx:26:13)

    console.log
      [Button] Has onClick in props: false

      at log (src/components/ui/Button.tsx:27:13)

    console.log
      [Button] All props: {}

      at log (src/components/ui/Button.tsx:28:13)

    console.log
      [Button] Rendering with type: submit

      at log (src/components/ui/Button.tsx:25:13)

    console.log
      [Button] Props received: {
        variant: 'primary',
        size: 'lg',
        type: 'submit',
        loading: false,
        disabled: false
      }

      at log (src/components/ui/Button.tsx:26:13)

    console.log
      [Button] Has onClick in props: false

      at log (src/components/ui/Button.tsx:27:13)

    console.log
      [Button] All props: {}

      at log (src/components/ui/Button.tsx:28:13)

    console.log
      [Button] Rendering with type: submit

      at log (src/components/ui/Button.tsx:25:13)

    console.log
      [Button] Props received: {
        variant: 'primary',
        size: 'lg',
        type: 'submit',
        loading: false,
        disabled: false
      }

      at log (src/components/ui/Button.tsx:26:13)

    console.log
      [Button] Has onClick in props: false

      at log (src/components/ui/Button.tsx:27:13)

    console.log
      [Button] All props: {}

      at log (src/components/ui/Button.tsx:28:13)

    console.log
      [Button] Rendering with type: submit

      at log (src/components/ui/Button.tsx:25:13)

    console.log
      [Button] Props received: {
        variant: 'primary',
        size: 'lg',
        type: 'submit',
        loading: false,
        disabled: false
      }

      at log (src/components/ui/Button.tsx:26:13)

    console.log
      [Button] Has onClick in props: false

      at log (src/components/ui/Button.tsx:27:13)

    console.log
      [Button] All props: {}

      at log (src/components/ui/Button.tsx:28:13)

    console.log
      [Button] Rendering with type: submit

      at log (src/components/ui/Button.tsx:25:13)

    console.log
      [Button] Props received: {
        variant: 'primary',
        size: 'lg',
        type: 'submit',
        loading: false,
        disabled: false
      }

      at log (src/components/ui/Button.tsx:26:13)

    console.log
      [Button] Has onClick in props: false

      at log (src/components/ui/Button.tsx:27:13)

    console.log
      [Button] All props: {}

      at log (src/components/ui/Button.tsx:28:13)

    console.log
      [Button] Rendering with type: submit

      at log (src/components/ui/Button.tsx:25:13)

    console.log
      [Button] Props received: {
        variant: 'primary',
        size: 'lg',
        type: 'submit',
        loading: false,
        disabled: false
      }

      at log (src/components/ui/Button.tsx:26:13)

    console.log
      [Button] Has onClick in props: false

      at log (src/components/ui/Button.tsx:27:13)

    console.log
      [Button] All props: {}

      at log (src/components/ui/Button.tsx:28:13)

    console.log
      [Button] Rendering with type: submit

      at log (src/components/ui/Button.tsx:25:13)

    console.log
      [Button] Props received: {
        variant: 'primary',
        size: 'lg',
        type: 'submit',
        loading: false,
        disabled: false
      }

      at log (src/components/ui/Button.tsx:26:13)

    console.log
      [Button] Has onClick in props: false

      at log (src/components/ui/Button.tsx:27:13)

    console.log
      [Button] All props: {}

      at log (src/components/ui/Button.tsx:28:13)

    console.log
      [Button] Rendering with type: submit

      at log (src/components/ui/Button.tsx:25:13)

    console.log
      [Button] Props received: {
        variant: 'primary',
        size: 'lg',
        type: 'submit',
        loading: false,
        disabled: false
      }

      at log (src/components/ui/Button.tsx:26:13)

    console.log
      [Button] Has onClick in props: false

      at log (src/components/ui/Button.tsx:27:13)

    console.log
      [Button] All props: {}

      at log (src/components/ui/Button.tsx:28:13)

    console.log
      [Button] Rendering with type: submit

      at log (src/components/ui/Button.tsx:25:13)

    console.log
      [Button] Props received: {
        variant: 'primary',
        size: 'lg',
        type: 'submit',
        loading: false,
        disabled: false
      }

      at log (src/components/ui/Button.tsx:26:13)

    console.log
      [Button] Has onClick in props: false

      at log (src/components/ui/Button.tsx:27:13)

    console.log
      [Button] All props: {}

      at log (src/components/ui/Button.tsx:28:13)

    console.log
      [Button] Rendering with type: submit

      at log (src/components/ui/Button.tsx:25:13)

    console.log
      [Button] Props received: {
        variant: 'primary',
        size: 'lg',
        type: 'submit',
        loading: false,
        disabled: false
      }

      at log (src/components/ui/Button.tsx:26:13)

    console.log
      [Button] Has onClick in props: false

      at log (src/components/ui/Button.tsx:27:13)

    console.log
      [Button] All props: {}

      at log (src/components/ui/Button.tsx:28:13)

    console.log
      [Button] Rendering with type: submit

      at log (src/components/ui/Button.tsx:25:13)

    console.log
      [Button] Props received: {
        variant: 'primary',
        size: 'lg',
        type: 'submit',
        loading: false,
        disabled: false
      }

      at log (src/components/ui/Button.tsx:26:13)

    console.log
      [Button] Has onClick in props: false

      at log (src/components/ui/Button.tsx:27:13)

    console.log
      [Button] All props: {}

      at log (src/components/ui/Button.tsx:28:13)

    console.log
      [Button] Rendering with type: submit

      at log (src/components/ui/Button.tsx:25:13)

    console.log
      [Button] Props received: {
        variant: 'primary',
        size: 'lg',
        type: 'submit',
        loading: false,
        disabled: false
      }

      at log (src/components/ui/Button.tsx:26:13)

    console.log
      [Button] Has onClick in props: false

      at log (src/components/ui/Button.tsx:27:13)

    console.log
      [Button] All props: {}

      at log (src/components/ui/Button.tsx:28:13)

    console.log
      [Button] Rendering with type: submit

      at log (src/components/ui/Button.tsx:25:13)

    console.log
      [Button] Props received: {
        variant: 'primary',
        size: 'lg',
        type: 'submit',
        loading: false,
        disabled: false
      }

      at log (src/components/ui/Button.tsx:26:13)

    console.log
      [Button] Has onClick in props: false

      at log (src/components/ui/Button.tsx:27:13)

    console.log
      [Button] All props: {}

      at log (src/components/ui/Button.tsx:28:13)

    console.log
      [Button] Rendering with type: submit

      at log (src/components/ui/Button.tsx:25:13)

    console.log
      [Button] Props received: {
        variant: 'primary',
        size: 'lg',
        type: 'submit',
        loading: false,
        disabled: false
      }

      at log (src/components/ui/Button.tsx:26:13)

    console.log
      [Button] Has onClick in props: false

      at log (src/components/ui/Button.tsx:27:13)

    console.log
      [Button] All props: {}

      at log (src/components/ui/Button.tsx:28:13)

    console.log
      [Button] Rendering with type: submit

      at log (src/components/ui/Button.tsx:25:13)

    console.log
      [Button] Props received: {
        variant: 'primary',
        size: 'lg',
        type: 'submit',
        loading: false,
        disabled: false
      }

      at log (src/components/ui/Button.tsx:26:13)

    console.log
      [Button] Has onClick in props: false

      at log (src/components/ui/Button.tsx:27:13)

    console.log
      [Button] All props: {}

      at log (src/components/ui/Button.tsx:28:13)

    console.log
      [Button] Rendering with type: submit

      at log (src/components/ui/Button.tsx:25:13)

    console.log
      [Button] Props received: {
        variant: 'primary',
        size: 'lg',
        type: 'submit',
        loading: false,
        disabled: false
      }

      at log (src/components/ui/Button.tsx:26:13)

    console.log
      [Button] Has onClick in props: false

      at log (src/components/ui/Button.tsx:27:13)

    console.log
      [Button] All props: {}

      at log (src/components/ui/Button.tsx:28:13)

    console.log
      [Button] Rendering with type: submit

      at log (src/components/ui/Button.tsx:25:13)

    console.log
      [Button] Props received: {
        variant: 'primary',
        size: 'lg',
        type: 'submit',
        loading: false,
        disabled: false
      }

      at log (src/components/ui/Button.tsx:26:13)

    console.log
      [Button] Has onClick in props: false

      at log (src/components/ui/Button.tsx:27:13)

    console.log
      [Button] All props: {}

      at log (src/components/ui/Button.tsx:28:13)

    console.log
      [Button] Rendering with type: submit

      at log (src/components/ui/Button.tsx:25:13)

    console.log
      [Button] Props received: {
        variant: 'primary',
        size: 'lg',
        type: 'submit',
        loading: false,
        disabled: false
      }

      at log (src/components/ui/Button.tsx:26:13)

    console.log
      [Button] Has onClick in props: false

      at log (src/components/ui/Button.tsx:27:13)

    console.log
      [Button] All props: {}

      at log (src/components/ui/Button.tsx:28:13)

    console.log
      [Button] Rendering with type: submit

      at log (src/components/ui/Button.tsx:25:13)

    console.log
      [Button] Props received: {
        variant: 'primary',
        size: 'lg',
        type: 'submit',
        loading: false,
        disabled: false
      }

      at log (src/components/ui/Button.tsx:26:13)

    console.log
      [Button] Has onClick in props: false

      at log (src/components/ui/Button.tsx:27:13)

    console.log
      [Button] All props: {}

      at log (src/components/ui/Button.tsx:28:13)

    console.log
      [Button] Rendering with type: submit

      at log (src/components/ui/Button.tsx:25:13)

    console.log
      [Button] Props received: {
        variant: 'primary',
        size: 'lg',
        type: 'submit',
        loading: false,
        disabled: false
      }

      at log (src/components/ui/Button.tsx:26:13)

    console.log
      [Button] Has onClick in props: false

      at log (src/components/ui/Button.tsx:27:13)

    console.log
      [Button] All props: {}

      at log (src/components/ui/Button.tsx:28:13)

    console.log
      [Button] Rendering with type: submit

      at log (src/components/ui/Button.tsx:25:13)

    console.log
      [Button] Props received: {
        variant: 'primary',
        size: 'lg',
        type: 'submit',
        loading: false,
        disabled: false
      }

      at log (src/components/ui/Button.tsx:26:13)

    console.log
      [Button] Has onClick in props: false

      at log (src/components/ui/Button.tsx:27:13)

    console.log
      [Button] All props: {}

      at log (src/components/ui/Button.tsx:28:13)

    console.log
      [Button] Rendering with type: submit

      at log (src/components/ui/Button.tsx:25:13)

    console.log
      [Button] Props received: {
        variant: 'primary',
        size: 'lg',
        type: 'submit',
        loading: false,
        disabled: false
      }

      at log (src/components/ui/Button.tsx:26:13)

    console.log
      [Button] Has onClick in props: false

      at log (src/components/ui/Button.tsx:27:13)

    console.log
      [Button] All props: {}

      at log (src/components/ui/Button.tsx:28:13)

    console.log
      [Button] Rendering with type: submit

      at log (src/components/ui/Button.tsx:25:13)

    console.log
      [Button] Props received: {
        variant: 'primary',
        size: 'lg',
        type: 'submit',
        loading: false,
        disabled: false
      }

      at log (src/components/ui/Button.tsx:26:13)

    console.log
      [Button] Has onClick in props: false

      at log (src/components/ui/Button.tsx:27:13)

    console.log
      [Button] All props: {}

      at log (src/components/ui/Button.tsx:28:13)

    console.log
      [Button] Rendering with type: submit

      at log (src/components/ui/Button.tsx:25:13)

    console.log
      [Button] Props received: {
        variant: 'primary',
        size: 'lg',
        type: 'submit',
        loading: false,
        disabled: false
      }

      at log (src/components/ui/Button.tsx:26:13)

    console.log
      [Button] Has onClick in props: false

      at log (src/components/ui/Button.tsx:27:13)

    console.log
      [Button] All props: {}

      at log (src/components/ui/Button.tsx:28:13)

    console.log
      [Button] Rendering with type: submit

      at log (src/components/ui/Button.tsx:25:13)

    console.log
      [Button] Props received: {
        variant: 'primary',
        size: 'lg',
        type: 'submit',
        loading: false,
        disabled: false
      }

      at log (src/components/ui/Button.tsx:26:13)

    console.log
      [Button] Has onClick in props: false

      at log (src/components/ui/Button.tsx:27:13)

    console.log
      [Button] All props: {}

      at log (src/components/ui/Button.tsx:28:13)

    console.log
      [Button] Rendering with type: submit

      at log (src/components/ui/Button.tsx:25:13)

    console.log
      [Button] Props received: {
        variant: 'primary',
        size: 'lg',
        type: 'submit',
        loading: false,
        disabled: false
      }

      at log (src/components/ui/Button.tsx:26:13)

    console.log
      [Button] Has onClick in props: false

      at log (src/components/ui/Button.tsx:27:13)

    console.log
      [Button] All props: {}

      at log (src/components/ui/Button.tsx:28:13)

    console.log
      [Button] Rendering with type: submit

      at log (src/components/ui/Button.tsx:25:13)

    console.log
      [Button] Props received: {
        variant: 'primary',
        size: 'lg',
        type: 'submit',
        loading: false,
        disabled: false
      }

      at log (src/components/ui/Button.tsx:26:13)

    console.log
      [Button] Has onClick in props: false

      at log (src/components/ui/Button.tsx:27:13)

    console.log
      [Button] All props: {}

      at log (src/components/ui/Button.tsx:28:13)

    console.log
      [Button] Rendering with type: submit

      at log (src/components/ui/Button.tsx:25:13)

    console.log
      [Button] Props received: {
        variant: 'primary',
        size: 'lg',
        type: 'submit',
        loading: false,
        disabled: false
      }

      at log (src/components/ui/Button.tsx:26:13)

    console.log
      [Button] Has onClick in props: false

      at log (src/components/ui/Button.tsx:27:13)

    console.log
      [Button] All props: {}

      at log (src/components/ui/Button.tsx:28:13)

    console.log
      [Button] Rendering with type: submit

      at log (src/components/ui/Button.tsx:25:13)

    console.log
      [Button] Props received: {
        variant: 'primary',
        size: 'lg',
        type: 'submit',
        loading: false,
        disabled: false
      }

      at log (src/components/ui/Button.tsx:26:13)

    console.log
      [Button] Has onClick in props: false

      at log (src/components/ui/Button.tsx:27:13)

    console.log
      [Button] All props: {}

      at log (src/components/ui/Button.tsx:28:13)

    console.log
      [Button] Rendering with type: submit

      at log (src/components/ui/Button.tsx:25:13)

    console.log
      [Button] Props received: {
        variant: 'primary',
        size: 'lg',
        type: 'submit',
        loading: false,
        disabled: false
      }

      at log (src/components/ui/Button.tsx:26:13)

    console.log
      [Button] Has onClick in props: false

      at log (src/components/ui/Button.tsx:27:13)

    console.log
      [Button] All props: {}

      at log (src/components/ui/Button.tsx:28:13)

    console.log
      [Button] Rendering with type: submit

      at log (src/components/ui/Button.tsx:25:13)

    console.log
      [Button] Props received: {
        variant: 'primary',
        size: 'lg',
        type: 'submit',
        loading: false,
        disabled: false
      }

      at log (src/components/ui/Button.tsx:26:13)

    console.log
      [Button] Has onClick in props: false

      at log (src/components/ui/Button.tsx:27:13)

    console.log
      [Button] All props: {}

      at log (src/components/ui/Button.tsx:28:13)

    console.log
      [Button] Rendering with type: submit

      at log (src/components/ui/Button.tsx:25:13)

    console.log
      [Button] Props received: {
        variant: 'primary',
        size: 'lg',
        type: 'submit',
        loading: false,
        disabled: false
      }

      at log (src/components/ui/Button.tsx:26:13)

    console.log
      [Button] Has onClick in props: false

      at log (src/components/ui/Button.tsx:27:13)

    console.log
      [Button] All props: {}

      at log (src/components/ui/Button.tsx:28:13)

    console.log
      [Button] Rendering with type: submit

      at log (src/components/ui/Button.tsx:25:13)

    console.log
      [Button] Props received: {
        variant: 'primary',
        size: 'lg',
        type: 'submit',
        loading: false,
        disabled: false
      }

      at log (src/components/ui/Button.tsx:26:13)

    console.log
      [Button] Has onClick in props: false

      at log (src/components/ui/Button.tsx:27:13)

    console.log
      [Button] All props: {}

      at log (src/components/ui/Button.tsx:28:13)

    console.log
      [Button] Rendering with type: submit

      at log (src/components/ui/Button.tsx:25:13)

    console.log
      [Button] Props received: {
        variant: 'primary',
        size: 'lg',
        type: 'submit',
        loading: false,
        disabled: false
      }

      at log (src/components/ui/Button.tsx:26:13)

    console.log
      [Button] Has onClick in props: false

      at log (src/components/ui/Button.tsx:27:13)

    console.log
      [Button] All props: {}

      at log (src/components/ui/Button.tsx:28:13)

    console.log
      [Button] Rendering with type: submit

      at log (src/components/ui/Button.tsx:25:13)

    console.log
      [Button] Props received: {
        variant: 'primary',
        size: 'lg',
        type: 'submit',
        loading: false,
        disabled: false
      }

      at log (src/components/ui/Button.tsx:26:13)

    console.log
      [Button] Has onClick in props: false

      at log (src/components/ui/Button.tsx:27:13)

    console.log
      [Button] All props: {}

      at log (src/components/ui/Button.tsx:28:13)

    console.log
      [Button] Rendering with type: submit

      at log (src/components/ui/Button.tsx:25:13)

    console.log
      [Button] Props received: {
        variant: 'primary',
        size: 'lg',
        type: 'submit',
        loading: true,
        disabled: true
      }

      at log (src/components/ui/Button.tsx:26:13)

    console.log
      [Button] Has onClick in props: false

      at log (src/components/ui/Button.tsx:27:13)

    console.log
      [Button] All props: {}

      at log (src/components/ui/Button.tsx:28:13)

    console.log
      [Button] Rendering with type: submit

      at log (src/components/ui/Button.tsx:25:13)

    console.log
      [Button] Props received: {
        variant: 'primary',
        size: 'lg',
        type: 'submit',
        loading: true,
        disabled: true
      }

      at log (src/components/ui/Button.tsx:26:13)

    console.log
      [Button] Has onClick in props: false

      at log (src/components/ui/Button.tsx:27:13)

    console.log
      [Button] All props: {}

      at log (src/components/ui/Button.tsx:28:13)

    console.log
      [Button] Rendering with type: submit

      at log (src/components/ui/Button.tsx:25:13)

    console.log
      [Button] Props received: {
        variant: 'primary',
        size: 'lg',
        type: 'submit',
        loading: true,
        disabled: true
      }

      at log (src/components/ui/Button.tsx:26:13)

    console.log
      [Button] Has onClick in props: false

      at log (src/components/ui/Button.tsx:27:13)

    console.log
      [Button] All props: {}

      at log (src/components/ui/Button.tsx:28:13)

    console.log
      [Button] Rendering with type: submit

      at log (src/components/ui/Button.tsx:25:13)

    console.log
      [Button] Props received: {
        variant: 'primary',
        size: 'lg',
        type: 'submit',
        loading: true,
        disabled: true
      }

      at log (src/components/ui/Button.tsx:26:13)

    console.log
      [Button] Has onClick in props: false

      at log (src/components/ui/Button.tsx:27:13)

    console.log
      [Button] All props: {}

      at log (src/components/ui/Button.tsx:28:13)

    console.log
      [Button] Rendering with type: submit

      at log (src/components/ui/Button.tsx:25:13)

    console.log
      [Button] Props received: {
        variant: 'primary',
        size: 'lg',
        type: 'submit',
        loading: true,
        disabled: true
      }

      at log (src/components/ui/Button.tsx:26:13)

    console.log
      [Button] Has onClick in props: false

      at log (src/components/ui/Button.tsx:27:13)

    console.log
      [Button] All props: {}

      at log (src/components/ui/Button.tsx:28:13)

    console.log
      [Button] Rendering with type: submit

      at log (src/components/ui/Button.tsx:25:13)

    console.log
      [Button] Props received: {
        variant: 'primary',
        size: 'lg',
        type: 'submit',
        loading: true,
        disabled: true
      }

      at log (src/components/ui/Button.tsx:26:13)

    console.log
      [Button] Has onClick in props: false

      at log (src/components/ui/Button.tsx:27:13)

    console.log
      [Button] All props: {}

      at log (src/components/ui/Button.tsx:28:13)

    console.log
      [Button] Rendering with type: submit

      at log (src/components/ui/Button.tsx:25:13)

    console.log
      [Button] Props received: {
        variant: 'primary',
        size: 'lg',
        type: 'submit',
        loading: true,
        disabled: true
      }

      at log (src/components/ui/Button.tsx:26:13)

    console.log
      [Button] Has onClick in props: false

      at log (src/components/ui/Button.tsx:27:13)

    console.log
      [Button] All props: {}

      at log (src/components/ui/Button.tsx:28:13)

    console.log
      [Button] Rendering with type: submit

      at log (src/components/ui/Button.tsx:25:13)

    console.log
      [Button] Props received: {
        variant: 'primary',
        size: 'lg',
        type: 'submit',
        loading: true,
        disabled: true
      }

      at log (src/components/ui/Button.tsx:26:13)

    console.log
      [Button] Has onClick in props: false

      at log (src/components/ui/Button.tsx:27:13)

    console.log
      [Button] All props: {}

      at log (src/components/ui/Button.tsx:28:13)

    console.log
      [Button] Rendering with type: submit

      at log (src/components/ui/Button.tsx:25:13)

    console.log
      [Button] Props received: {
        variant: 'primary',
        size: 'lg',
        type: 'submit',
        loading: true,
        disabled: true
      }

      at log (src/components/ui/Button.tsx:26:13)

    console.log
      [Button] Has onClick in props: false

      at log (src/components/ui/Button.tsx:27:13)

    console.log
      [Button] All props: {}

      at log (src/components/ui/Button.tsx:28:13)

    console.log
      [Button] Rendering with type: submit

      at log (src/components/ui/Button.tsx:25:13)

    console.log
      [Button] Props received: {
        variant: 'primary',
        size: 'lg',
        type: 'submit',
        loading: true,
        disabled: true
      }

      at log (src/components/ui/Button.tsx:26:13)

    console.log
      [Button] Has onClick in props: false

      at log (src/components/ui/Button.tsx:27:13)

    console.log
      [Button] All props: {}

      at log (src/components/ui/Button.tsx:28:13)

    console.log
      [Button] Rendering with type: submit

      at log (src/components/ui/Button.tsx:25:13)

    console.log
      [Button] Props received: {
        variant: 'primary',
        size: 'lg',
        type: 'submit',
        loading: true,
        disabled: true
      }

      at log (src/components/ui/Button.tsx:26:13)

    console.log
      [Button] Has onClick in props: false

      at log (src/components/ui/Button.tsx:27:13)

    console.log
      [Button] All props: {}

      at log (src/components/ui/Button.tsx:28:13)

    console.log
      [Button] Rendering with type: submit

      at log (src/components/ui/Button.tsx:25:13)

    console.log
      [Button] Props received: {
        variant: 'primary',
        size: 'lg',
        type: 'submit',
        loading: true,
        disabled: true
      }

      at log (src/components/ui/Button.tsx:26:13)

    console.log
      [Button] Has onClick in props: false

      at log (src/components/ui/Button.tsx:27:13)

    console.log
      [Button] All props: {}

      at log (src/components/ui/Button.tsx:28:13)

    console.log
      [Button] Rendering with type: submit

      at log (src/components/ui/Button.tsx:25:13)

    console.log
      [Button] Props received: {
        variant: 'primary',
        size: 'lg',
        type: 'submit',
        loading: true,
        disabled: true
      }

      at log (src/components/ui/Button.tsx:26:13)

    console.log
      [Button] Has onClick in props: false

      at log (src/components/ui/Button.tsx:27:13)

    console.log
      [Button] All props: {}

      at log (src/components/ui/Button.tsx:28:13)

    console.log
      [Button] Rendering with type: submit

      at log (src/components/ui/Button.tsx:25:13)

    console.log
      [Button] Props received: {
        variant: 'primary',
        size: 'lg',
        type: 'submit',
        loading: true,
        disabled: true
      }

      at log (src/components/ui/Button.tsx:26:13)

    console.log
      [Button] Has onClick in props: false

      at log (src/components/ui/Button.tsx:27:13)

    console.log
      [Button] All props: {}

      at log (src/components/ui/Button.tsx:28:13)

    console.log
      [Button] Rendering with type: submit

      at log (src/components/ui/Button.tsx:25:13)

    console.log
      [Button] Props received: {
        variant: 'primary',
        size: 'lg',
        type: 'submit',
        loading: true,
        disabled: true
      }

      at log (src/components/ui/Button.tsx:26:13)

    console.log
      [Button] Has onClick in props: false

      at log (src/components/ui/Button.tsx:27:13)

    console.log
      [Button] All props: {}

      at log (src/components/ui/Button.tsx:28:13)

    console.log
      [Button] Rendering with type: submit

      at log (src/components/ui/Button.tsx:25:13)

    console.log
      [Button] Props received: {
        variant: 'primary',
        size: 'lg',
        type: 'submit',
        loading: true,
        disabled: true
      }

      at log (src/components/ui/Button.tsx:26:13)

    console.log
      [Button] Has onClick in props: false

      at log (src/components/ui/Button.tsx:27:13)

    console.log
      [Button] All props: {}

      at log (src/components/ui/Button.tsx:28:13)

    console.log
      [Button] Rendering with type: submit

      at log (src/components/ui/Button.tsx:25:13)

    console.log
      [Button] Props received: {
        variant: 'primary',
        size: 'lg',
        type: 'submit',
        loading: true,
        disabled: true
      }

      at log (src/components/ui/Button.tsx:26:13)

    console.log
      [Button] Has onClick in props: false

      at log (src/components/ui/Button.tsx:27:13)

    console.log
      [Button] All props: {}

      at log (src/components/ui/Button.tsx:28:13)

  ● LoginForm - Property-Based Tests (Part 2) › property: submitting state disables button and shows loading text

    Property failed after 1 tests
    { seed: -1380832247, path: "0:0:0:0:0:0:0:0:0:0:0:0:0:0:0:0:0", endOnFailure: true }
    Counterexample: [{"email":"a@a.aa","password":"        "}]
    Shrunk 16 time(s)

    Hint: Enable verbose mode in order to have the list of all failing values encountered during the run

      228 |    */
      229 |   test('property: submitting state disables button and shows loading text', () => {
    > 230 |     fc.assert(
          |        ^
      231 |       fc.property(
      232 |         fc.record({
      233 |           email: fc.emailAddress(),

      at buildError (node_modules/fast-check/lib/cjs/check/runner/utils/RunDetailsFormatter.js:162:19)
      at throwIfFailed (node_modules/fast-check/lib/cjs/check/runner/utils/RunDetailsFormatter.js:171:11)
      at reportRunDetails (node_modules/fast-check/lib/cjs/check/runner/utils/RunDetailsFormatter.js:184:16)
      at Object.assert (node_modules/fast-check/lib/cjs/check/runner/Runner.js:65:55)
      at Object.assert (src/components/LoginForm.property2.test.tsx:230:8)

    Cause:
    TestingLibraryElementError: Unable to find an accessible element with the role "button" and name `/signing in/i`

    Here are the accessible roles:

      textbox:

      Name "Email Address":
      [36m<input[39m
        [33maria-invalid[39m=[32m"false"[39m
        [33maria-label[39m=[32m"Email Address"[39m
        [33maria-required[39m=[32m"true"[39m
        [33mautocomplete[39m=[32m"email"[39m
        [33mclass[39m=[32m"w-full px-3 py-2 rounded-md border text-gray-900 transition-colors duration-200 placeholder:text-gray-400 focus:outline-none focus:ring-2 focus:ring-offset-2 focus-visible:outline-none focus-visible:ring-2 focus-visible:ring-offset-2 min-h-[44px] text-base md:min-h-[40px] md:text-sm border-gray-300 focus:ring-blue-500 focus:border-blue-500 focus-visible:ring-blue-500 bg-gray-100 cursor-not-allowed opacity-60"[39m
        [33mdisabled[39m=[32m""[39m
        [33mid[39m=[32m"email"[39m
        [33mname[39m=[32m"email"[39m
        [33mtype[39m=[32m"email"[39m
      [36m/>[39m

      --------------------------------------------------
      button:

      Name "Show password":
      [36m<button[39m
        [33maria-label[39m=[32m"Show password"[39m
        [33maria-pressed[39m=[32m"false"[39m
        [33mclass[39m=[32m"absolute right-2 top-1/2 -translate-y-1/2 p-2 rounded-md z-10 min-w-[44px] min-h-[44px] md:min-w-[36px] md:min-h-[36px] transition-colors duration-200 focus:outline-none focus:ring-2 focus:ring-blue-500 focus:ring-offset-2 focus-visible:outline-none focus-visible:ring-2 focus-visible:ring-blue-500 focus-visible:ring-offset-2 cursor-not-allowed opacity-60 hover:bg-transparent"[39m
        [33mdisabled[39m=[32m""[39m
        [33mtype[39m=[32m"button"[39m
      [36m/>[39m

      Name "Logging in...":
      [36m<button[39m
        [33maria-busy[39m=[32m"true"[39m
        [33mclass[39m=[32m"inline-flex items-center justify-center rounded-md font-medium transition-colors focus-visible:outline-none focus-visible:ring-2 focus-visible:ring-offset-2 disabled:pointer-events-none disabled:opacity-50 focus:outline-none focus:ring-2 focus:ring-offset-2 bg-blue-600 text-white hover:bg-blue-700 active:bg-blue-800 focus-visible:ring-blue-500 focus:ring-blue-500 h-12 px-6 text-lg w-full min-h-[44px] md:min-h-[48px]"[39m
        [33mdisabled[39m=[32m""[39m
        [33mtype[39m=[32m"submit"[39m
      [36m/>[39m

      --------------------------------------------------

    Ignored nodes: comments, script, style
    [36m<body>[39m
      [36m<div />[39m
      [36m<div />[39m
      [36m<div />[39m
      [36m<div />[39m
      [36m<div />[39m
      [36m<div />[39m
      [36m<div />[39m
      [36m<div />[39m
      [36m<div />[39m
      [36m<div />[39m
      [36m<div />[39m
      [36m<div />[39m
      [36m<div />[39m
      [36m<div />[39m
      [36m<div />[39m
      [36m<div />[39m
      [36m<div>[39m
        [36m<form[39m
          [33mclass[39m=[32m"space-y-6"[39m
          [33mnovalidate[39m=[32m""[39m
        [36m>[39m
          [36m<div>[39m
            [36m<label[39m
              [33mclass[39m=[32m"block text-sm font-medium text-gray-700 mb-1.5"[39m
              [33mfor[39m=[32m"email"[39m
            [36m>[39m
              [0mEmail Address[0m
            [36m</label>[39m
            [36m<input[39m
              [33maria-invalid[39m=[32m"false"[39m
              [33maria-label[39m=[32m"Email Address"[39m
              [33maria-required[39m=[32m"true"[39m
              [33mautocomplete[39m=[32m"email"[39m
              [33mclass[39m=[32m"w-full px-3 py-2 rounded-md border text-gray-900 transition-colors duration-200 placeholder:text-gray-400 focus:outline-none focus:ring-2 focus:ring-offset-2 focus-visible:outline-none focus-visible:ring-2 focus-visible:ring-offset-2 min-h-[44px] text-base md:min-h-[40px] md:text-sm border-gray-300 focus:ring-blue-500 focus:border-blue-500 focus-visible:ring-blue-500 bg-gray-100 cursor-not-allowed opacity-60"[39m
              [33mdisabled[39m=[32m""[39m
              [33mid[39m=[32m"email"[39m
              [33mname[39m=[32m"email"[39m
              [33mtype[39m=[32m"email"[39m
            [36m/>[39m
          [36m</div>[39m
          [36m<div>[39m
            [36m<label[39m
              [33mclass[39m=[32m"block text-sm font-medium text-gray-700 mb-1.5"[39m
              [33mfor[39m=[32m"password"[39m
            [36m>[39m
              [0mPassword[0m
            [36m</label>[39m
            [36m<div[39m
              [33mclass[39m=[32m"relative"[39m
            [36m>[39m
              [36m<input[39m
                [33maria-invalid[39m=[32m"false"[39m
                [33maria-label[39m=[32m"Password"[39m
                [33maria-required[39m=[32m"true"[39m
                [33mautocomplete[39m=[32m"current-password"[39m
                [33mclass[39m=[32m"w-full px-3 py-2 pr-12 rounded-md border text-gray-900 transition-colors duration-200 placeholder:text-gray-400 focus:outline-none focus:ring-2 focus:ring-offset-2 focus-visible:outline-none focus-visible:ring-2 focus-visible:ring-offset-2 min-h-[44px] text-base md:min-h-[40px] md:text-sm border-gray-300 focus:ring-blue-500 focus:border-blue-500 focus-visible:ring-blue-500 bg-gray-100 cursor-not-allowed opacity-60"[39m
                [33mdisabled[39m=[32m""[39m
                [33mid[39m=[32m"password"[39m
                [33mname[39m=[32m"password"[39m
                [33mtype[39m=[32m"password"[39m
              [36m/>[39m
              [36m<button[39m
                [33maria-label[39m=[32m"Show password"[39m
                [33maria-pressed[39m=[32m"false"[39m
                [33mclass[39m=[32m"absolute right-2 top-1/2 -translate-y-1/2 p-2 rounded-md z-10 min-w-[44px] min-h-[44px] md:min-w-[36px] md:min-h-[36px] transition-colors duration-200 focus:outline-none focus:ring-2 focus:ring-blue-500 focus:ring-offset-2 focus-visible:outline-none focus-visible:ring-2 focus-visible:ring-blue-500 focus-visible:ring-offset-2 cursor-not-allowed opacity-60 hover:bg-transparent"[39m
                [33mdisabled[39m=[32m""[39m
                [33mtype[39m=[32m"button"[39m
              [36m>[39m
                [36m<svg[39m
                  [33maria-hidden[39m=[32m"true"[39m
                  [33mclass[39m=[32m"w-5 h-5 text-gray-600"[39m
                  [33mfill[39m=[32m"none"[39m
                  [33mstroke[39m=[32m"currentColor"[39m
                  [33mstyle[39m=[32m"pointer-events: none;"[39m
                  [33mviewBox[39m=[32m"0 0 24 24"[39m
                [36m>[39m
                  [36m<path[39m
                    [33md[39m=[32m"M15 12a3 3 0 11-6 0 3 3 0 016 0z"[39m
                    [33mstroke-linecap[39m=[32m"round"[39m
                    [33mstroke-linejoin[39m=[32m"round"[39m
                    [33mstroke-width[39m=[32m"2"[39m
                    [33mstyle[39m=[32m"pointer-events: none;"[39m
                  [36m/>[39m
                  [36m<path[39m
                    [33md[39m=[32m"M2.458 12C3.732 7.943 7.523 5 12 5c4.478 0 8.268 2.943 9.542 7-1.274 4.057-5.064 7-9.542 7-4.477 0-8.268-2.943-9.542-7z"[39m
                    [33mstroke-linecap[39m=[32m"round"[39m
                    [33mstroke-linejoin[39m=[32m"round"[39m
                    [33mstroke-width[39m=[32m"2"[39m
                    [33mstyle[39m=[32m"pointer-events: none;"[39m
                  [36m/>[39m
                [36m</svg>[39m
              [36m</button>[39m
            [36m</div>[39m
          [36m</div>[39m
          [36m<button[39m
            [33maria-busy[39m=[32m"true"[39m
            [33mclass[39m=[32m"inline-flex items-center justify-center rounded-md font-medium transition-colors focus-visible:outline-none focus-visible:ring-2 focus-visible:ring-offset-2 disabled:pointer-events-none disabled:opacity-50 focus:outline-none focus:ring-2 focus:ring-offset-2 bg-blue-600 text-white hover:bg-blue-700 active:bg-blue-800 focus-visible:ring-blue-500 focus:ring-blue-500 h-12 px-6 text-lg w-full min-h-[44px] md:min-h-[48px]"[39m
            [33mdisabled[39m=[32m""[39m
            [33mtype[39m=[32m"submit"[39m
          [36m>[39m
            [36m<svg[39m
              [33maria-hidden[39m=[32m"true"[39m
              [33mclass[39m=[32m"animate-spin mr-2 w-5 h-5"[39m
              [33mfill[39m=[32m"none"[39m
              [33mviewBox[39m=[32m"0 0 24 24"[39m
            [36m>[39m
              [36m<circle[39m
                [33mclass[39m=[32m"opacity-25"[39m
                [33mcx[39m=[32m"12"[39m
                [33mcy[39m=[32m"12"[39m
                [33mr[39m=[32m"10"[39m
                [33mstroke[39m=[32m"currentColor"[39m
                [33mstroke-width[39m=[32m"4"[39m
              [36m/>[39m
              [36m<path[39m
                [33mclass[39m=[32m"opacity-75"[39m
                [33md[39m=[32m"M4 12a8 8 0 018-8V0C5.373 0 0 5.373 0 12h4zm2 5.291A7.962 7.962 0 014 12H0c0 3.042 1.135 5.824 3 7.938l3-2.647z"[39m
                [33mfill[39m=[32m"currentColor"[39m
              [36m/>[39m
            [36m</svg>[39m
            [0mLogging in...[0m
          [36m</button>[39m
        [36m</form>[39m
      [36m</div>[39m
    [36m</body>[39m

      254 |           try {
      255 |             // Property: Submit button must be disabled during submission
    > 256 |             const submitButton = screen.getByRole('button', { name: /signing in/i });
          |                                         ^
      257 |             expect(submitButton).toBeDisabled();
      258 |             expect(submitButton).toHaveAttribute('aria-busy', 'true');
      259 |

      at Object.getElementError (node_modules/@testing-library/dom/dist/config.js:37:19)
      at node_modules/@testing-library/dom/dist/query-helpers.js:76:38
      at node_modules/@testing-library/dom/dist/query-helpers.js:52:17
      at node_modules/@testing-library/dom/dist/query-helpers.js:95:19
      at getByRole (src/components/LoginForm.property2.test.tsx:256:41)
      at Property.predicate (node_modules/fast-check/lib/cjs/check/property/Property.js:17:92)
      at Property.run (node_modules/fast-check/lib/cjs/check/property/Property.generic.js:46:33)
      at runIt (node_modules/fast-check/lib/cjs/check/runner/Runner.js:18:30)
      at check (node_modules/fast-check/lib/cjs/check/runner/Runner.js:58:11)
      at Object.assert (node_modules/fast-check/lib/cjs/check/runner/Runner.js:61:17)
      at Object.assert (src/components/LoginForm.property2.test.tsx:230:8)

PASS src/app/api/auth/logout/route.test.ts
PASS src/components/Hero.test.tsx
  ● Console

    console.log
      [Button] Rendering with type: button

      at log (src/components/ui/Button.tsx:25:13)

    console.log
      [Button] Props received: {
        variant: 'primary',
        size: 'lg',
        type: 'button',
        loading: false,
        disabled: undefined
      }

      at log (src/components/ui/Button.tsx:26:13)

    console.log
      [Button] Has onClick in props: true

      at log (src/components/ui/Button.tsx:27:13)

    console.log
      [Button] All props: {
        onClick: [AsyncFunction: handleCtaClick],
        'aria-describedby': 'hero-heading',
        'aria-label': 'Start Your Tax Preparation - Begin your tax preparation process'
      }

      at log (src/components/ui/Button.tsx:28:13)

    console.log
      [Button] Rendering with type: button

      at log (src/components/ui/Button.tsx:25:13)

    console.log
      [Button] Props received: {
        variant: 'primary',
        size: 'lg',
        type: 'button',
        loading: false,
        disabled: undefined
      }

      at log (src/components/ui/Button.tsx:26:13)

    console.log
      [Button] Has onClick in props: true

      at log (src/components/ui/Button.tsx:27:13)

    console.log
      [Button] All props: {
        onClick: [AsyncFunction: handleCtaClick],
        'aria-describedby': 'hero-heading',
        'aria-label': 'Custom CTA Button - Begin your tax preparation process'
      }

      at log (src/components/ui/Button.tsx:28:13)

    console.log
      [Button] Rendering with type: button

      at log (src/components/ui/Button.tsx:25:13)

    console.log
      [Button] Props received: {
        variant: 'primary',
        size: 'lg',
        type: 'button',
        loading: false,
        disabled: undefined
      }

      at log (src/components/ui/Button.tsx:26:13)

    console.log
      [Button] Has onClick in props: true

      at log (src/components/ui/Button.tsx:27:13)

    console.log
      [Button] All props: {
        onClick: [AsyncFunction: handleCtaClick],
        'aria-describedby': 'hero-heading',
        'aria-label': 'Start Your Tax Preparation - Begin your tax preparation process'
      }

      at log (src/components/ui/Button.tsx:28:13)

    console.log
      [Button] Rendering with type: button

      at log (src/components/ui/Button.tsx:25:13)

    console.log
      [Button] Props received: {
        variant: 'primary',
        size: 'lg',
        type: 'button',
        loading: false,
        disabled: undefined
      }

      at log (src/components/ui/Button.tsx:26:13)

    console.log
      [Button] Has onClick in props: true

      at log (src/components/ui/Button.tsx:27:13)

    console.log
      [Button] All props: {
        onClick: [AsyncFunction: handleCtaClick],
        'aria-describedby': 'hero-heading',
        'aria-label': 'Start Your Tax Preparation - Begin your tax preparation process'
      }

      at log (src/components/ui/Button.tsx:28:13)

    console.log
      [Button] Rendering with type: button

      at log (src/components/ui/Button.tsx:25:13)

    console.log
      [Button] Props received: {
        variant: 'primary',
        size: 'lg',
        type: 'button',
        loading: false,
        disabled: undefined
      }

      at log (src/components/ui/Button.tsx:26:13)

    console.log
      [Button] Has onClick in props: true

      at log (src/components/ui/Button.tsx:27:13)

    console.log
      [Button] All props: {
        onClick: [AsyncFunction: handleCtaClick],
        'aria-describedby': 'hero-heading',
        'aria-label': 'Start Your Tax Preparation - Begin your tax preparation process'
      }

      at log (src/components/ui/Button.tsx:28:13)

    console.log
      [Button] Rendering with type: button

      at log (src/components/ui/Button.tsx:25:13)

    console.log
      [Button] Props received: {
        variant: 'primary',
        size: 'lg',
        type: 'button',
        loading: false,
        disabled: undefined
      }

      at log (src/components/ui/Button.tsx:26:13)

    console.log
      [Button] Has onClick in props: true

      at log (src/components/ui/Button.tsx:27:13)

    console.log
      [Button] All props: {
        onClick: [AsyncFunction: handleCtaClick],
        'aria-describedby': 'hero-heading',
        'aria-label': 'Start Your Tax Preparation - Begin your tax preparation process'
      }

      at log (src/components/ui/Button.tsx:28:13)

    console.log
      [Button] Rendering with type: button

      at log (src/components/ui/Button.tsx:25:13)

    console.log
      [Button] Props received: {
        variant: 'primary',
        size: 'lg',
        type: 'button',
        loading: false,
        disabled: undefined
      }

      at log (src/components/ui/Button.tsx:26:13)

    console.log
      [Button] Has onClick in props: true

      at log (src/components/ui/Button.tsx:27:13)

    console.log
      [Button] All props: {
        onClick: [AsyncFunction: handleCtaClick],
        'aria-describedby': 'hero-heading',
        'aria-label': 'Start Your Tax Preparation - Begin your tax preparation process'
      }

      at log (src/components/ui/Button.tsx:28:13)

    console.log
      [Button] Rendering with type: button

      at log (src/components/ui/Button.tsx:25:13)

    console.log
      [Button] Props received: {
        variant: 'primary',
        size: 'lg',
        type: 'button',
        loading: false,
        disabled: undefined
      }

      at log (src/components/ui/Button.tsx:26:13)

    console.log
      [Button] Has onClick in props: true

      at log (src/components/ui/Button.tsx:27:13)

    console.log
      [Button] All props: {
        onClick: [AsyncFunction: handleCtaClick],
        'aria-describedby': 'hero-heading',
        'aria-label': ' - Begin your tax preparation process'
      }

      at log (src/components/ui/Button.tsx:28:13)

    console.log
      [Button] Rendering with type: button

      at log (src/components/ui/Button.tsx:25:13)

    console.log
      [Button] Props received: {
        variant: 'primary',
        size: 'lg',
        type: 'button',
        loading: false,
        disabled: undefined
      }

      at log (src/components/ui/Button.tsx:26:13)

    console.log
      [Button] Has onClick in props: true

      at log (src/components/ui/Button.tsx:27:13)

    console.log
      [Button] All props: {
        onClick: [AsyncFunction: handleCtaClick],
        'aria-describedby': 'hero-heading',
        'aria-label': 'CCCCCCCCCCCCCCCCCCCCCCCCCCCCCCCCCCCCCCCCCCCCCCCCCCCCCCCCCCCCCCCCCCCCCCCCCCCCCCCCCCCCCCCCCCCCCCCCCCCC - Begin your tax preparation process'
      }

      at log (src/components/ui/Button.tsx:28:13)

    console.log
      [Button] Rendering with type: button

      at log (src/components/ui/Button.tsx:25:13)

    console.log
      [Button] Props received: {
        variant: 'primary',
        size: 'lg',
        type: 'button',
        loading: false,
        disabled: undefined
      }

      at log (src/components/ui/Button.tsx:26:13)

    console.log
      [Button] Has onClick in props: true

      at log (src/components/ui/Button.tsx:27:13)

    console.log
      [Button] All props: {
        onClick: [AsyncFunction: handleCtaClick],
        'aria-describedby': 'hero-heading',
        'aria-label': 'Start Now → - Begin your tax preparation process'
      }

      at log (src/components/ui/Button.tsx:28:13)

    console.log
      [Button] Rendering with type: button

      at log (src/components/ui/Button.tsx:25:13)

    console.log
      [Button] Props received: {
        variant: 'primary',
        size: 'lg',
        type: 'button',
        loading: false,
        disabled: undefined
      }

      at log (src/components/ui/Button.tsx:26:13)

    console.log
      [Button] Has onClick in props: true

      at log (src/components/ui/Button.tsx:27:13)

    console.log
      [Button] All props: {
        onClick: [AsyncFunction: handleCtaClick],
        'aria-describedby': 'hero-heading',
        'aria-label': 'Start Your Tax Preparation - Begin your tax preparation process'
      }

      at log (src/components/ui/Button.tsx:28:13)

    console.log
      [Button] Rendering with type: button

      at log (src/components/ui/Button.tsx:25:13)

    console.log
      [Button] Props received: {
        variant: 'primary',
        size: 'lg',
        type: 'button',
        loading: false,
        disabled: undefined
      }

      at log (src/components/ui/Button.tsx:26:13)

    console.log
      [Button] Has onClick in props: true

      at log (src/components/ui/Button.tsx:27:13)

    console.log
      [Button] All props: {
        onClick: [AsyncFunction: handleCtaClick],
        'aria-describedby': 'hero-heading',
        'aria-label': 'Start Your Tax Preparation - Begin your tax preparation process'
      }

      at log (src/components/ui/Button.tsx:28:13)

PASS src/components/LogoutButton.test.tsx
  ● Console

    console.log
      [Button] Rendering with type: button

      at log (src/components/ui/Button.tsx:25:13)

    console.log
      [Button] Props received: {
        variant: 'outline',
        size: 'md',
        type: 'button',
        loading: false,
        disabled: undefined
      }

      at log (src/components/ui/Button.tsx:26:13)

    console.log
      [Button] Has onClick in props: true

      at log (src/components/ui/Button.tsx:27:13)

    console.log
      [Button] All props: {
        onClick: [Function: handleLogout],
        'aria-label': 'Log out of your account'
      }

      at log (src/components/ui/Button.tsx:28:13)

    console.log
      [Button] Rendering with type: button

      at log (src/components/ui/Button.tsx:25:13)

    console.log
      [Button] Props received: {
        variant: 'outline',
        size: 'md',
        type: 'button',
        loading: false,
        disabled: undefined
      }

      at log (src/components/ui/Button.tsx:26:13)

    console.log
      [Button] Has onClick in props: true

      at log (src/components/ui/Button.tsx:27:13)

    console.log
      [Button] All props: {
        onClick: [Function: handleLogout],
        'aria-label': 'Log out of your account'
      }

      at log (src/components/ui/Button.tsx:28:13)

    console.log
      [Button] Rendering with type: button

      at log (src/components/ui/Button.tsx:25:13)

    console.log
      [Button] Props received: {
        variant: 'outline',
        size: 'md',
        type: 'button',
        loading: false,
        disabled: undefined
      }

      at log (src/components/ui/Button.tsx:26:13)

    console.log
      [Button] Has onClick in props: true

      at log (src/components/ui/Button.tsx:27:13)

    console.log
      [Button] All props: {
        onClick: [Function: handleLogout],
        'aria-label': 'Log out of your account'
      }

      at log (src/components/ui/Button.tsx:28:13)

    console.log
      [Button] Rendering with type: button

      at log (src/components/ui/Button.tsx:25:13)

    console.log
      [Button] Props received: {
        variant: 'outline',
        size: 'md',
        type: 'button',
        loading: false,
        disabled: undefined
      }

      at log (src/components/ui/Button.tsx:26:13)

    console.log
      [Button] Has onClick in props: true

      at log (src/components/ui/Button.tsx:27:13)

    console.log
      [Button] All props: {
        onClick: [Function: handleLogout],
        'aria-label': 'Log out of your account'
      }

      at log (src/components/ui/Button.tsx:28:13)

    console.log
      [Button] Rendering with type: button

      at log (src/components/ui/Button.tsx:25:13)

    console.log
      [Button] Props received: {
        variant: 'outline',
        size: 'md',
        type: 'button',
        loading: false,
        disabled: undefined
      }

      at log (src/components/ui/Button.tsx:26:13)

    console.log
      [Button] Has onClick in props: true

      at log (src/components/ui/Button.tsx:27:13)

    console.log
      [Button] All props: {
        onClick: [Function: handleLogout],
        'aria-label': 'Log out of your account'
      }

      at log (src/components/ui/Button.tsx:28:13)

    console.log
      [Button] Rendering with type: button

      at log (src/components/ui/Button.tsx:25:13)

    console.log
      [Button] Props received: {
        variant: 'outline',
        size: 'md',
        type: 'button',
        loading: false,
        disabled: undefined
      }

      at log (src/components/ui/Button.tsx:26:13)

    console.log
      [Button] Has onClick in props: true

      at log (src/components/ui/Button.tsx:27:13)

    console.log
      [Button] All props: {
        onClick: [Function: handleLogout],
        'aria-label': 'Log out of your account'
      }

      at log (src/components/ui/Button.tsx:28:13)

    console.log
      [Button] Rendering with type: button

      at log (src/components/ui/Button.tsx:25:13)

    console.log
      [Button] Props received: {
        variant: 'outline',
        size: 'md',
        type: 'button',
        loading: false,
        disabled: undefined
      }

      at log (src/components/ui/Button.tsx:26:13)

    console.log
      [Button] Has onClick in props: true

      at log (src/components/ui/Button.tsx:27:13)

    console.log
      [Button] All props: {
        onClick: [Function: handleLogout],
        'aria-label': 'Log out of your account'
      }

      at log (src/components/ui/Button.tsx:28:13)

    console.log
      [Button] Rendering with type: button

      at log (src/components/ui/Button.tsx:25:13)

    console.log
      [Button] Props received: {
        variant: 'outline',
        size: 'md',
        type: 'button',
        loading: false,
        disabled: undefined
      }

      at log (src/components/ui/Button.tsx:26:13)

    console.log
      [Button] Has onClick in props: true

      at log (src/components/ui/Button.tsx:27:13)

    console.log
      [Button] All props: {
        onClick: [Function: handleLogout],
        'aria-label': 'Log out of your account'
      }

      at log (src/components/ui/Button.tsx:28:13)

    console.log
      [Button] Rendering with type: button

      at log (src/components/ui/Button.tsx:25:13)

    console.log
      [Button] Props received: {
        variant: 'outline',
        size: 'md',
        type: 'button',
        loading: false,
        disabled: undefined
      }

      at log (src/components/ui/Button.tsx:26:13)

    console.log
      [Button] Has onClick in props: true

      at log (src/components/ui/Button.tsx:27:13)

    console.log
      [Button] All props: {
        onClick: [Function: handleLogout],
        'aria-label': 'Log out of your account'
      }

      at log (src/components/ui/Button.tsx:28:13)

    console.log
      [Button] Rendering with type: button

      at log (src/components/ui/Button.tsx:25:13)

    console.log
      [Button] Props received: {
        variant: 'outline',
        size: 'md',
        type: 'button',
        loading: false,
        disabled: undefined
      }

      at log (src/components/ui/Button.tsx:26:13)

    console.log
      [Button] Has onClick in props: true

      at log (src/components/ui/Button.tsx:27:13)

    console.log
      [Button] All props: {
        onClick: [Function: handleLogout],
        'aria-label': 'Log out of your account'
      }

      at log (src/components/ui/Button.tsx:28:13)

    console.log
      [Button] Rendering with type: button

      at log (src/components/ui/Button.tsx:25:13)

    console.log
      [Button] Props received: {
        variant: 'outline',
        size: 'md',
        type: 'button',
        loading: false,
        disabled: undefined
      }

      at log (src/components/ui/Button.tsx:26:13)

    console.log
      [Button] Has onClick in props: true

      at log (src/components/ui/Button.tsx:27:13)

    console.log
      [Button] All props: {
        onClick: [Function: handleLogout],
        'aria-label': 'Log out of your account'
      }

      at log (src/components/ui/Button.tsx:28:13)

    console.log
      [Button] Rendering with type: button

      at log (src/components/ui/Button.tsx:25:13)

    console.log
      [Button] Props received: {
        variant: 'outline',
        size: 'md',
        type: 'button',
        loading: false,
        disabled: undefined
      }

      at log (src/components/ui/Button.tsx:26:13)

    console.log
      [Button] Has onClick in props: true

      at log (src/components/ui/Button.tsx:27:13)

    console.log
      [Button] All props: {
        onClick: [Function: handleLogout],
        'aria-label': 'Log out of your account'
      }

      at log (src/components/ui/Button.tsx:28:13)

    console.log
      [Button] Rendering with type: button

      at log (src/components/ui/Button.tsx:25:13)

    console.log
      [Button] Props received: {
        variant: 'outline',
        size: 'md',
        type: 'button',
        loading: false,
        disabled: undefined
      }

      at log (src/components/ui/Button.tsx:26:13)

    console.log
      [Button] Has onClick in props: true

      at log (src/components/ui/Button.tsx:27:13)

    console.log
      [Button] All props: {
        onClick: [Function: handleLogout],
        'aria-label': 'Log out of your account'
      }

      at log (src/components/ui/Button.tsx:28:13)

    console.log
      [Button] Rendering with type: button

      at log (src/components/ui/Button.tsx:25:13)

    console.log
      [Button] Props received: {
        variant: 'outline',
        size: 'md',
        type: 'button',
        loading: false,
        disabled: undefined
      }

      at log (src/components/ui/Button.tsx:26:13)

    console.log
      [Button] Has onClick in props: true

      at log (src/components/ui/Button.tsx:27:13)

    console.log
      [Button] All props: {
        onClick: [Function: handleLogout],
        'aria-label': 'Log out of your account'
      }

      at log (src/components/ui/Button.tsx:28:13)

    console.log
      [Button] Rendering with type: button

      at log (src/components/ui/Button.tsx:25:13)

    console.log
      [Button] Props received: {
        variant: 'outline',
        size: 'md',
        type: 'button',
        loading: false,
        disabled: undefined
      }

      at log (src/components/ui/Button.tsx:26:13)

    console.log
      [Button] Has onClick in props: true

      at log (src/components/ui/Button.tsx:27:13)

    console.log
      [Button] All props: {
        onClick: [Function: handleLogout],
        'aria-label': 'Log out of your account'
      }

      at log (src/components/ui/Button.tsx:28:13)

PASS src/components/LoginForm.property.test.tsx (6.603 s)
  ● Console

    console.log
      [Button] Rendering with type: submit

      at log (src/components/ui/Button.tsx:25:13)

    console.log
      [Button] Props received: {
        variant: 'primary',
        size: 'lg',
        type: 'submit',
        loading: false,
        disabled: false
      }

      at log (src/components/ui/Button.tsx:26:13)

    console.log
      [Button] Has onClick in props: false

      at log (src/components/ui/Button.tsx:27:13)

    console.log
      [Button] All props: {}

      at log (src/components/ui/Button.tsx:28:13)

    console.log
      [Button] Rendering with type: submit

      at log (src/components/ui/Button.tsx:25:13)

    console.log
      [Button] Props received: {
        variant: 'primary',
        size: 'lg',
        type: 'submit',
        loading: false,
        disabled: false
      }

      at log (src/components/ui/Button.tsx:26:13)

    console.log
      [Button] Has onClick in props: false

      at log (src/components/ui/Button.tsx:27:13)

    console.log
      [Button] All props: {}

      at log (src/components/ui/Button.tsx:28:13)

    console.log
      [Button] Rendering with type: submit

      at log (src/components/ui/Button.tsx:25:13)

    console.log
      [Button] Props received: {
        variant: 'primary',
        size: 'lg',
        type: 'submit',
        loading: false,
        disabled: false
      }

      at log (src/components/ui/Button.tsx:26:13)

    console.log
      [Button] Has onClick in props: false

      at log (src/components/ui/Button.tsx:27:13)

    console.log
      [Button] All props: {}

      at log (src/components/ui/Button.tsx:28:13)

    console.log
      [Button] Rendering with type: submit

      at log (src/components/ui/Button.tsx:25:13)

    console.log
      [Button] Props received: {
        variant: 'primary',
        size: 'lg',
        type: 'submit',
        loading: false,
        disabled: false
      }

      at log (src/components/ui/Button.tsx:26:13)

    console.log
      [Button] Has onClick in props: false

      at log (src/components/ui/Button.tsx:27:13)

    console.log
      [Button] All props: {}

      at log (src/components/ui/Button.tsx:28:13)

    console.log
      [Button] Rendering with type: submit

      at log (src/components/ui/Button.tsx:25:13)

    console.log
      [Button] Props received: {
        variant: 'primary',
        size: 'lg',
        type: 'submit',
        loading: false,
        disabled: false
      }

      at log (src/components/ui/Button.tsx:26:13)

    console.log
      [Button] Has onClick in props: false

      at log (src/components/ui/Button.tsx:27:13)

    console.log
      [Button] All props: {}

      at log (src/components/ui/Button.tsx:28:13)

    console.log
      [Button] Rendering with type: submit

      at log (src/components/ui/Button.tsx:25:13)

    console.log
      [Button] Props received: {
        variant: 'primary',
        size: 'lg',
        type: 'submit',
        loading: false,
        disabled: false
      }

      at log (src/components/ui/Button.tsx:26:13)

    console.log
      [Button] Has onClick in props: false

      at log (src/components/ui/Button.tsx:27:13)

    console.log
      [Button] All props: {}

      at log (src/components/ui/Button.tsx:28:13)

    console.log
      [Button] Rendering with type: submit

      at log (src/components/ui/Button.tsx:25:13)

    console.log
      [Button] Props received: {
        variant: 'primary',
        size: 'lg',
        type: 'submit',
        loading: false,
        disabled: false
      }

      at log (src/components/ui/Button.tsx:26:13)

    console.log
      [Button] Has onClick in props: false

      at log (src/components/ui/Button.tsx:27:13)

    console.log
      [Button] All props: {}

      at log (src/components/ui/Button.tsx:28:13)

    console.log
      [Button] Rendering with type: submit

      at log (src/components/ui/Button.tsx:25:13)

    console.log
      [Button] Props received: {
        variant: 'primary',
        size: 'lg',
        type: 'submit',
        loading: false,
        disabled: false
      }

      at log (src/components/ui/Button.tsx:26:13)

    console.log
      [Button] Has onClick in props: false

      at log (src/components/ui/Button.tsx:27:13)

    console.log
      [Button] All props: {}

      at log (src/components/ui/Button.tsx:28:13)

    console.log
      [Button] Rendering with type: submit

      at log (src/components/ui/Button.tsx:25:13)

    console.log
      [Button] Props received: {
        variant: 'primary',
        size: 'lg',
        type: 'submit',
        loading: false,
        disabled: false
      }

      at log (src/components/ui/Button.tsx:26:13)

    console.log
      [Button] Has onClick in props: false

      at log (src/components/ui/Button.tsx:27:13)

    console.log
      [Button] All props: {}

      at log (src/components/ui/Button.tsx:28:13)

    console.log
      [Button] Rendering with type: submit

      at log (src/components/ui/Button.tsx:25:13)

    console.log
      [Button] Props received: {
        variant: 'primary',
        size: 'lg',
        type: 'submit',
        loading: false,
        disabled: false
      }

      at log (src/components/ui/Button.tsx:26:13)

    console.log
      [Button] Has onClick in props: false

      at log (src/components/ui/Button.tsx:27:13)

    console.log
      [Button] All props: {}

      at log (src/components/ui/Button.tsx:28:13)

    console.log
      [Button] Rendering with type: submit

      at log (src/components/ui/Button.tsx:25:13)

    console.log
      [Button] Props received: {
        variant: 'primary',
        size: 'lg',
        type: 'submit',
        loading: false,
        disabled: false
      }

      at log (src/components/ui/Button.tsx:26:13)

    console.log
      [Button] Has onClick in props: false

      at log (src/components/ui/Button.tsx:27:13)

    console.log
      [Button] All props: {}

      at log (src/components/ui/Button.tsx:28:13)

    console.log
      [Button] Rendering with type: submit

      at log (src/components/ui/Button.tsx:25:13)

    console.log
      [Button] Props received: {
        variant: 'primary',
        size: 'lg',
        type: 'submit',
        loading: false,
        disabled: false
      }

      at log (src/components/ui/Button.tsx:26:13)

    console.log
      [Button] Has onClick in props: false

      at log (src/components/ui/Button.tsx:27:13)

    console.log
      [Button] All props: {}

      at log (src/components/ui/Button.tsx:28:13)

    console.log
      [Button] Rendering with type: submit

      at log (src/components/ui/Button.tsx:25:13)

    console.log
      [Button] Props received: {
        variant: 'primary',
        size: 'lg',
        type: 'submit',
        loading: false,
        disabled: false
      }

      at log (src/components/ui/Button.tsx:26:13)

    console.log
      [Button] Has onClick in props: false

      at log (src/components/ui/Button.tsx:27:13)

    console.log
      [Button] All props: {}

      at log (src/components/ui/Button.tsx:28:13)

    console.log
      [Button] Rendering with type: submit

      at log (src/components/ui/Button.tsx:25:13)

    console.log
      [Button] Props received: {
        variant: 'primary',
        size: 'lg',
        type: 'submit',
        loading: false,
        disabled: false
      }

      at log (src/components/ui/Button.tsx:26:13)

    console.log
      [Button] Has onClick in props: false

      at log (src/components/ui/Button.tsx:27:13)

    console.log
      [Button] All props: {}

      at log (src/components/ui/Button.tsx:28:13)

    console.log
      [Button] Rendering with type: submit

      at log (src/components/ui/Button.tsx:25:13)

    console.log
      [Button] Props received: {
        variant: 'primary',
        size: 'lg',
        type: 'submit',
        loading: false,
        disabled: false
      }

      at log (src/components/ui/Button.tsx:26:13)

    console.log
      [Button] Has onClick in props: false

      at log (src/components/ui/Button.tsx:27:13)

    console.log
      [Button] All props: {}

      at log (src/components/ui/Button.tsx:28:13)

    console.log
      [Button] Rendering with type: submit

      at log (src/components/ui/Button.tsx:25:13)

    console.log
      [Button] Props received: {
        variant: 'primary',
        size: 'lg',
        type: 'submit',
        loading: false,
        disabled: false
      }

      at log (src/components/ui/Button.tsx:26:13)

    console.log
      [Button] Has onClick in props: false

      at log (src/components/ui/Button.tsx:27:13)

    console.log
      [Button] All props: {}

      at log (src/components/ui/Button.tsx:28:13)

    console.log
      [Button] Rendering with type: submit

      at log (src/components/ui/Button.tsx:25:13)

    console.log
      [Button] Props received: {
        variant: 'primary',
        size: 'lg',
        type: 'submit',
        loading: false,
        disabled: false
      }

      at log (src/components/ui/Button.tsx:26:13)

    console.log
      [Button] Has onClick in props: false

      at log (src/components/ui/Button.tsx:27:13)

    console.log
      [Button] All props: {}

      at log (src/components/ui/Button.tsx:28:13)

    console.log
      [Button] Rendering with type: submit

      at log (src/components/ui/Button.tsx:25:13)

    console.log
      [Button] Props received: {
        variant: 'primary',
        size: 'lg',
        type: 'submit',
        loading: false,
        disabled: false
      }

      at log (src/components/ui/Button.tsx:26:13)

    console.log
      [Button] Has onClick in props: false

      at log (src/components/ui/Button.tsx:27:13)

    console.log
      [Button] All props: {}

      at log (src/components/ui/Button.tsx:28:13)

    console.log
      [Button] Rendering with type: submit

      at log (src/components/ui/Button.tsx:25:13)

    console.log
      [Button] Props received: {
        variant: 'primary',
        size: 'lg',
        type: 'submit',
        loading: false,
        disabled: false
      }

      at log (src/components/ui/Button.tsx:26:13)

    console.log
      [Button] Has onClick in props: false

      at log (src/components/ui/Button.tsx:27:13)

    console.log
      [Button] All props: {}

      at log (src/components/ui/Button.tsx:28:13)

    console.log
      [Button] Rendering with type: submit

      at log (src/components/ui/Button.tsx:25:13)

    console.log
      [Button] Props received: {
        variant: 'primary',
        size: 'lg',
        type: 'submit',
        loading: false,
        disabled: false
      }

      at log (src/components/ui/Button.tsx:26:13)

    console.log
      [Button] Has onClick in props: false

      at log (src/components/ui/Button.tsx:27:13)

    console.log
      [Button] All props: {}

      at log (src/components/ui/Button.tsx:28:13)

    console.log
      [Button] Rendering with type: submit

      at log (src/components/ui/Button.tsx:25:13)

    console.log
      [Button] Props received: {
        variant: 'primary',
        size: 'lg',
        type: 'submit',
        loading: false,
        disabled: false
      }

      at log (src/components/ui/Button.tsx:26:13)

    console.log
      [Button] Has onClick in props: false

      at log (src/components/ui/Button.tsx:27:13)

    console.log
      [Button] All props: {}

      at log (src/components/ui/Button.tsx:28:13)

    console.log
      [Button] Rendering with type: submit

      at log (src/components/ui/Button.tsx:25:13)

    console.log
      [Button] Props received: {
        variant: 'primary',
        size: 'lg',
        type: 'submit',
        loading: false,
        disabled: false
      }

      at log (src/components/ui/Button.tsx:26:13)

    console.log
      [Button] Has onClick in props: false

      at log (src/components/ui/Button.tsx:27:13)

    console.log
      [Button] All props: {}

      at log (src/components/ui/Button.tsx:28:13)

    console.log
      [Button] Rendering with type: submit

      at log (src/components/ui/Button.tsx:25:13)

    console.log
      [Button] Props received: {
        variant: 'primary',
        size: 'lg',
        type: 'submit',
        loading: false,
        disabled: false
      }

      at log (src/components/ui/Button.tsx:26:13)

    console.log
      [Button] Has onClick in props: false

      at log (src/components/ui/Button.tsx:27:13)

    console.log
      [Button] All props: {}

      at log (src/components/ui/Button.tsx:28:13)

    console.log
      [Button] Rendering with type: submit

      at log (src/components/ui/Button.tsx:25:13)

    console.log
      [Button] Props received: {
        variant: 'primary',
        size: 'lg',
        type: 'submit',
        loading: false,
        disabled: false
      }

      at log (src/components/ui/Button.tsx:26:13)

    console.log
      [Button] Has onClick in props: false

      at log (src/components/ui/Button.tsx:27:13)

    console.log
      [Button] All props: {}

      at log (src/components/ui/Button.tsx:28:13)

    console.log
      [Button] Rendering with type: submit

      at log (src/components/ui/Button.tsx:25:13)

    console.log
      [Button] Props received: {
        variant: 'primary',
        size: 'lg',
        type: 'submit',
        loading: false,
        disabled: false
      }

      at log (src/components/ui/Button.tsx:26:13)

    console.log
      [Button] Has onClick in props: false

      at log (src/components/ui/Button.tsx:27:13)

    console.log
      [Button] All props: {}

      at log (src/components/ui/Button.tsx:28:13)

    console.log
      [Button] Rendering with type: submit

      at log (src/components/ui/Button.tsx:25:13)

    console.log
      [Button] Props received: {
        variant: 'primary',
        size: 'lg',
        type: 'submit',
        loading: false,
        disabled: false
      }

      at log (src/components/ui/Button.tsx:26:13)

    console.log
      [Button] Has onClick in props: false

      at log (src/components/ui/Button.tsx:27:13)

    console.log
      [Button] All props: {}

      at log (src/components/ui/Button.tsx:28:13)

    console.log
      [Button] Rendering with type: submit

      at log (src/components/ui/Button.tsx:25:13)

    console.log
      [Button] Props received: {
        variant: 'primary',
        size: 'lg',
        type: 'submit',
        loading: false,
        disabled: false
      }

      at log (src/components/ui/Button.tsx:26:13)

    console.log
      [Button] Has onClick in props: false

      at log (src/components/ui/Button.tsx:27:13)

    console.log
      [Button] All props: {}

      at log (src/components/ui/Button.tsx:28:13)

    console.log
      [Button] Rendering with type: submit

      at log (src/components/ui/Button.tsx:25:13)

    console.log
      [Button] Props received: {
        variant: 'primary',
        size: 'lg',
        type: 'submit',
        loading: false,
        disabled: false
      }

      at log (src/components/ui/Button.tsx:26:13)

    console.log
      [Button] Has onClick in props: false

      at log (src/components/ui/Button.tsx:27:13)

    console.log
      [Button] All props: {}

      at log (src/components/ui/Button.tsx:28:13)

    console.log
      [Button] Rendering with type: submit

      at log (src/components/ui/Button.tsx:25:13)

    console.log
      [Button] Props received: {
        variant: 'primary',
        size: 'lg',
        type: 'submit',
        loading: false,
        disabled: false
      }

      at log (src/components/ui/Button.tsx:26:13)

    console.log
      [Button] Has onClick in props: false

      at log (src/components/ui/Button.tsx:27:13)

    console.log
      [Button] All props: {}

      at log (src/components/ui/Button.tsx:28:13)

    console.log
      [Button] Rendering with type: submit

      at log (src/components/ui/Button.tsx:25:13)

    console.log
      [Button] Props received: {
        variant: 'primary',
        size: 'lg',
        type: 'submit',
        loading: false,
        disabled: false
      }

      at log (src/components/ui/Button.tsx:26:13)

    console.log
      [Button] Has onClick in props: false

      at log (src/components/ui/Button.tsx:27:13)

    console.log
      [Button] All props: {}

      at log (src/components/ui/Button.tsx:28:13)

    console.log
      [Button] Rendering with type: submit

      at log (src/components/ui/Button.tsx:25:13)

    console.log
      [Button] Props received: {
        variant: 'primary',
        size: 'lg',
        type: 'submit',
        loading: false,
        disabled: false
      }

      at log (src/components/ui/Button.tsx:26:13)

    console.log
      [Button] Has onClick in props: false

      at log (src/components/ui/Button.tsx:27:13)

    console.log
      [Button] All props: {}

      at log (src/components/ui/Button.tsx:28:13)

    console.log
      [Button] Rendering with type: submit

      at log (src/components/ui/Button.tsx:25:13)

    console.log
      [Button] Props received: {
        variant: 'primary',
        size: 'lg',
        type: 'submit',
        loading: false,
        disabled: false
      }

      at log (src/components/ui/Button.tsx:26:13)

    console.log
      [Button] Has onClick in props: false

      at log (src/components/ui/Button.tsx:27:13)

    console.log
      [Button] All props: {}

      at log (src/components/ui/Button.tsx:28:13)

    console.log
      [Button] Rendering with type: submit

      at log (src/components/ui/Button.tsx:25:13)

    console.log
      [Button] Props received: {
        variant: 'primary',
        size: 'lg',
        type: 'submit',
        loading: false,
        disabled: false
      }

      at log (src/components/ui/Button.tsx:26:13)

    console.log
      [Button] Has onClick in props: false

      at log (src/components/ui/Button.tsx:27:13)

    console.log
      [Button] All props: {}

      at log (src/components/ui/Button.tsx:28:13)

    console.log
      [Button] Rendering with type: submit

      at log (src/components/ui/Button.tsx:25:13)

    console.log
      [Button] Props received: {
        variant: 'primary',
        size: 'lg',
        type: 'submit',
        loading: false,
        disabled: false
      }

      at log (src/components/ui/Button.tsx:26:13)

    console.log
      [Button] Has onClick in props: false

      at log (src/components/ui/Button.tsx:27:13)

    console.log
      [Button] All props: {}

      at log (src/components/ui/Button.tsx:28:13)

    console.log
      [Button] Rendering with type: submit

      at log (src/components/ui/Button.tsx:25:13)

    console.log
      [Button] Props received: {
        variant: 'primary',
        size: 'lg',
        type: 'submit',
        loading: false,
        disabled: false
      }

      at log (src/components/ui/Button.tsx:26:13)

    console.log
      [Button] Has onClick in props: false

      at log (src/components/ui/Button.tsx:27:13)

    console.log
      [Button] All props: {}

      at log (src/components/ui/Button.tsx:28:13)

    console.log
      [Button] Rendering with type: submit

      at log (src/components/ui/Button.tsx:25:13)

    console.log
      [Button] Props received: {
        variant: 'primary',
        size: 'lg',
        type: 'submit',
        loading: false,
        disabled: false
      }

      at log (src/components/ui/Button.tsx:26:13)

    console.log
      [Button] Has onClick in props: false

      at log (src/components/ui/Button.tsx:27:13)

    console.log
      [Button] All props: {}

      at log (src/components/ui/Button.tsx:28:13)

    console.log
      [Button] Rendering with type: submit

      at log (src/components/ui/Button.tsx:25:13)

    console.log
      [Button] Props received: {
        variant: 'primary',
        size: 'lg',
        type: 'submit',
        loading: false,
        disabled: false
      }

      at log (src/components/ui/Button.tsx:26:13)

    console.log
      [Button] Has onClick in props: false

      at log (src/components/ui/Button.tsx:27:13)

    console.log
      [Button] All props: {}

      at log (src/components/ui/Button.tsx:28:13)

    console.log
      [Button] Rendering with type: submit

      at log (src/components/ui/Button.tsx:25:13)

    console.log
      [Button] Props received: {
        variant: 'primary',
        size: 'lg',
        type: 'submit',
        loading: false,
        disabled: false
      }

      at log (src/components/ui/Button.tsx:26:13)

    console.log
      [Button] Has onClick in props: false

      at log (src/components/ui/Button.tsx:27:13)

    console.log
      [Button] All props: {}

      at log (src/components/ui/Button.tsx:28:13)

    console.log
      [Button] Rendering with type: submit

      at log (src/components/ui/Button.tsx:25:13)

    console.log
      [Button] Props received: {
        variant: 'primary',
        size: 'lg',
        type: 'submit',
        loading: false,
        disabled: false
      }

      at log (src/components/ui/Button.tsx:26:13)

    console.log
      [Button] Has onClick in props: false

      at log (src/components/ui/Button.tsx:27:13)

    console.log
      [Button] All props: {}

      at log (src/components/ui/Button.tsx:28:13)

    console.log
      [Button] Rendering with type: submit

      at log (src/components/ui/Button.tsx:25:13)

    console.log
      [Button] Props received: {
        variant: 'primary',
        size: 'lg',
        type: 'submit',
        loading: false,
        disabled: false
      }

      at log (src/components/ui/Button.tsx:26:13)

    console.log
      [Button] Has onClick in props: false

      at log (src/components/ui/Button.tsx:27:13)

    console.log
      [Button] All props: {}

      at log (src/components/ui/Button.tsx:28:13)

    console.log
      [Button] Rendering with type: submit

      at log (src/components/ui/Button.tsx:25:13)

    console.log
      [Button] Props received: {
        variant: 'primary',
        size: 'lg',
        type: 'submit',
        loading: false,
        disabled: false
      }

      at log (src/components/ui/Button.tsx:26:13)

    console.log
      [Button] Has onClick in props: false

      at log (src/components/ui/Button.tsx:27:13)

    console.log
      [Button] All props: {}

      at log (src/components/ui/Button.tsx:28:13)

    console.log
      [Button] Rendering with type: submit

      at log (src/components/ui/Button.tsx:25:13)

    console.log
      [Button] Props received: {
        variant: 'primary',
        size: 'lg',
        type: 'submit',
        loading: false,
        disabled: false
      }

      at log (src/components/ui/Button.tsx:26:13)

    console.log
      [Button] Has onClick in props: false

      at log (src/components/ui/Button.tsx:27:13)

    console.log
      [Button] All props: {}

      at log (src/components/ui/Button.tsx:28:13)

    console.log
      [Button] Rendering with type: submit

      at log (src/components/ui/Button.tsx:25:13)

    console.log
      [Button] Props received: {
        variant: 'primary',
        size: 'lg',
        type: 'submit',
        loading: false,
        disabled: false
      }

      at log (src/components/ui/Button.tsx:26:13)

    console.log
      [Button] Has onClick in props: false

      at log (src/components/ui/Button.tsx:27:13)

    console.log
      [Button] All props: {}

      at log (src/components/ui/Button.tsx:28:13)

    console.log
      [Button] Rendering with type: submit

      at log (src/components/ui/Button.tsx:25:13)

    console.log
      [Button] Props received: {
        variant: 'primary',
        size: 'lg',
        type: 'submit',
        loading: false,
        disabled: false
      }

      at log (src/components/ui/Button.tsx:26:13)

    console.log
      [Button] Has onClick in props: false

      at log (src/components/ui/Button.tsx:27:13)

    console.log
      [Button] All props: {}

      at log (src/components/ui/Button.tsx:28:13)

    console.log
      [Button] Rendering with type: submit

      at log (src/components/ui/Button.tsx:25:13)

    console.log
      [Button] Props received: {
        variant: 'primary',
        size: 'lg',
        type: 'submit',
        loading: false,
        disabled: false
      }

      at log (src/components/ui/Button.tsx:26:13)

    console.log
      [Button] Has onClick in props: false

      at log (src/components/ui/Button.tsx:27:13)

    console.log
      [Button] All props: {}

      at log (src/components/ui/Button.tsx:28:13)

    console.log
      [Button] Rendering with type: submit

      at log (src/components/ui/Button.tsx:25:13)

    console.log
      [Button] Props received: {
        variant: 'primary',
        size: 'lg',
        type: 'submit',
        loading: false,
        disabled: false
      }

      at log (src/components/ui/Button.tsx:26:13)

    console.log
      [Button] Has onClick in props: false

      at log (src/components/ui/Button.tsx:27:13)

    console.log
      [Button] All props: {}

      at log (src/components/ui/Button.tsx:28:13)

    console.log
      [Button] Rendering with type: submit

      at log (src/components/ui/Button.tsx:25:13)

    console.log
      [Button] Props received: {
        variant: 'primary',
        size: 'lg',
        type: 'submit',
        loading: false,
        disabled: false
      }

      at log (src/components/ui/Button.tsx:26:13)

    console.log
      [Button] Has onClick in props: false

      at log (src/components/ui/Button.tsx:27:13)

    console.log
      [Button] All props: {}

      at log (src/components/ui/Button.tsx:28:13)

    console.log
      [Button] Rendering with type: submit

      at log (src/components/ui/Button.tsx:25:13)

    console.log
      [Button] Props received: {
        variant: 'primary',
        size: 'lg',
        type: 'submit',
        loading: false,
        disabled: false
      }

      at log (src/components/ui/Button.tsx:26:13)

    console.log
      [Button] Has onClick in props: false

      at log (src/components/ui/Button.tsx:27:13)

    console.log
      [Button] All props: {}

      at log (src/components/ui/Button.tsx:28:13)

    console.log
      [Button] Rendering with type: submit

      at log (src/components/ui/Button.tsx:25:13)

    console.log
      [Button] Props received: {
        variant: 'primary',
        size: 'lg',
        type: 'submit',
        loading: false,
        disabled: false
      }

      at log (src/components/ui/Button.tsx:26:13)

    console.log
      [Button] Has onClick in props: false

      at log (src/components/ui/Button.tsx:27:13)

    console.log
      [Button] All props: {}

      at log (src/components/ui/Button.tsx:28:13)

    console.log
      [Button] Rendering with type: submit

      at log (src/components/ui/Button.tsx:25:13)

    console.log
      [Button] Props received: {
        variant: 'primary',
        size: 'lg',
        type: 'submit',
        loading: false,
        disabled: false
      }

      at log (src/components/ui/Button.tsx:26:13)

    console.log
      [Button] Has onClick in props: false

      at log (src/components/ui/Button.tsx:27:13)

    console.log
      [Button] All props: {}

      at log (src/components/ui/Button.tsx:28:13)

    console.log
      [Button] Rendering with type: submit

      at log (src/components/ui/Button.tsx:25:13)

    console.log
      [Button] Props received: {
        variant: 'primary',
        size: 'lg',
        type: 'submit',
        loading: false,
        disabled: false
      }

      at log (src/components/ui/Button.tsx:26:13)

    console.log
      [Button] Has onClick in props: false

      at log (src/components/ui/Button.tsx:27:13)

    console.log
      [Button] All props: {}

      at log (src/components/ui/Button.tsx:28:13)

    console.log
      [Button] Rendering with type: submit

      at log (src/components/ui/Button.tsx:25:13)

    console.log
      [Button] Props received: {
        variant: 'primary',
        size: 'lg',
        type: 'submit',
        loading: false,
        disabled: false
      }

      at log (src/components/ui/Button.tsx:26:13)

    console.log
      [Button] Has onClick in props: false

      at log (src/components/ui/Button.tsx:27:13)

    console.log
      [Button] All props: {}

      at log (src/components/ui/Button.tsx:28:13)

    console.log
      [Button] Rendering with type: submit

      at log (src/components/ui/Button.tsx:25:13)

    console.log
      [Button] Props received: {
        variant: 'primary',
        size: 'lg',
        type: 'submit',
        loading: false,
        disabled: false
      }

      at log (src/components/ui/Button.tsx:26:13)

    console.log
      [Button] Has onClick in props: false

      at log (src/components/ui/Button.tsx:27:13)

    console.log
      [Button] All props: {}

      at log (src/components/ui/Button.tsx:28:13)

    console.log
      [Button] Rendering with type: submit

      at log (src/components/ui/Button.tsx:25:13)

    console.log
      [Button] Props received: {
        variant: 'primary',
        size: 'lg',
        type: 'submit',
        loading: false,
        disabled: false
      }

      at log (src/components/ui/Button.tsx:26:13)

    console.log
      [Button] Has onClick in props: false

      at log (src/components/ui/Button.tsx:27:13)

    console.log
      [Button] All props: {}

      at log (src/components/ui/Button.tsx:28:13)

    console.log
      [Button] Rendering with type: submit

      at log (src/components/ui/Button.tsx:25:13)

    console.log
      [Button] Props received: {
        variant: 'primary',
        size: 'lg',
        type: 'submit',
        loading: false,
        disabled: false
      }

      at log (src/components/ui/Button.tsx:26:13)

    console.log
      [Button] Has onClick in props: false

      at log (src/components/ui/Button.tsx:27:13)

    console.log
      [Button] All props: {}

      at log (src/components/ui/Button.tsx:28:13)

    console.log
      [Button] Rendering with type: submit

      at log (src/components/ui/Button.tsx:25:13)

    console.log
      [Button] Props received: {
        variant: 'primary',
        size: 'lg',
        type: 'submit',
        loading: false,
        disabled: false
      }

      at log (src/components/ui/Button.tsx:26:13)

    console.log
      [Button] Has onClick in props: false

      at log (src/components/ui/Button.tsx:27:13)

    console.log
      [Button] All props: {}

      at log (src/components/ui/Button.tsx:28:13)

    console.log
      [Button] Rendering with type: submit

      at log (src/components/ui/Button.tsx:25:13)

    console.log
      [Button] Props received: {
        variant: 'primary',
        size: 'lg',
        type: 'submit',
        loading: false,
        disabled: false
      }

      at log (src/components/ui/Button.tsx:26:13)

    console.log
      [Button] Has onClick in props: false

      at log (src/components/ui/Button.tsx:27:13)

    console.log
      [Button] All props: {}

      at log (src/components/ui/Button.tsx:28:13)

    console.log
      [Button] Rendering with type: submit

      at log (src/components/ui/Button.tsx:25:13)

    console.log
      [Button] Props received: {
        variant: 'primary',
        size: 'lg',
        type: 'submit',
        loading: false,
        disabled: false
      }

      at log (src/components/ui/Button.tsx:26:13)

    console.log
      [Button] Has onClick in props: false

      at log (src/components/ui/Button.tsx:27:13)

    console.log
      [Button] All props: {}

      at log (src/components/ui/Button.tsx:28:13)

    console.log
      [Button] Rendering with type: submit

      at log (src/components/ui/Button.tsx:25:13)

    console.log
      [Button] Props received: {
        variant: 'primary',
        size: 'lg',
        type: 'submit',
        loading: false,
        disabled: false
      }

      at log (src/components/ui/Button.tsx:26:13)

    console.log
      [Button] Has onClick in props: false

      at log (src/components/ui/Button.tsx:27:13)

    console.log
      [Button] All props: {}

      at log (src/components/ui/Button.tsx:28:13)

    console.log
      [Button] Rendering with type: submit

      at log (src/components/ui/Button.tsx:25:13)

    console.log
      [Button] Props received: {
        variant: 'primary',
        size: 'lg',
        type: 'submit',
        loading: false,
        disabled: false
      }

      at log (src/components/ui/Button.tsx:26:13)

    console.log
      [Button] Has onClick in props: false

      at log (src/components/ui/Button.tsx:27:13)

    console.log
      [Button] All props: {}

      at log (src/components/ui/Button.tsx:28:13)

    console.log
      [Button] Rendering with type: submit

      at log (src/components/ui/Button.tsx:25:13)

    console.log
      [Button] Props received: {
        variant: 'primary',
        size: 'lg',
        type: 'submit',
        loading: false,
        disabled: false
      }

      at log (src/components/ui/Button.tsx:26:13)

    console.log
      [Button] Has onClick in props: false

      at log (src/components/ui/Button.tsx:27:13)

    console.log
      [Button] All props: {}

      at log (src/components/ui/Button.tsx:28:13)

    console.log
      [Button] Rendering with type: submit

      at log (src/components/ui/Button.tsx:25:13)

    console.log
      [Button] Props received: {
        variant: 'primary',
        size: 'lg',
        type: 'submit',
        loading: false,
        disabled: false
      }

      at log (src/components/ui/Button.tsx:26:13)

    console.log
      [Button] Has onClick in props: false

      at log (src/components/ui/Button.tsx:27:13)

    console.log
      [Button] All props: {}

      at log (src/components/ui/Button.tsx:28:13)

    console.log
      [Button] Rendering with type: submit

      at log (src/components/ui/Button.tsx:25:13)

    console.log
      [Button] Props received: {
        variant: 'primary',
        size: 'lg',
        type: 'submit',
        loading: false,
        disabled: false
      }

      at log (src/components/ui/Button.tsx:26:13)

    console.log
      [Button] Has onClick in props: false

      at log (src/components/ui/Button.tsx:27:13)

    console.log
      [Button] All props: {}

      at log (src/components/ui/Button.tsx:28:13)

    console.log
      [Button] Rendering with type: submit

      at log (src/components/ui/Button.tsx:25:13)

    console.log
      [Button] Props received: {
        variant: 'primary',
        size: 'lg',
        type: 'submit',
        loading: false,
        disabled: false
      }

      at log (src/components/ui/Button.tsx:26:13)

    console.log
      [Button] Has onClick in props: false

      at log (src/components/ui/Button.tsx:27:13)

    console.log
      [Button] All props: {}

      at log (src/components/ui/Button.tsx:28:13)

    console.log
      [Button] Rendering with type: submit

      at log (src/components/ui/Button.tsx:25:13)

    console.log
      [Button] Props received: {
        variant: 'primary',
        size: 'lg',
        type: 'submit',
        loading: false,
        disabled: false
      }

      at log (src/components/ui/Button.tsx:26:13)

    console.log
      [Button] Has onClick in props: false

      at log (src/components/ui/Button.tsx:27:13)

    console.log
      [Button] All props: {}

      at log (src/components/ui/Button.tsx:28:13)

    console.log
      [Button] Rendering with type: submit

      at log (src/components/ui/Button.tsx:25:13)

    console.log
      [Button] Props received: {
        variant: 'primary',
        size: 'lg',
        type: 'submit',
        loading: false,
        disabled: false
      }

      at log (src/components/ui/Button.tsx:26:13)

    console.log
      [Button] Has onClick in props: false

      at log (src/components/ui/Button.tsx:27:13)

    console.log
      [Button] All props: {}

      at log (src/components/ui/Button.tsx:28:13)

    console.log
      [Button] Rendering with type: submit

      at log (src/components/ui/Button.tsx:25:13)

    console.log
      [Button] Props received: {
        variant: 'primary',
        size: 'lg',
        type: 'submit',
        loading: false,
        disabled: false
      }

      at log (src/components/ui/Button.tsx:26:13)

    console.log
      [Button] Has onClick in props: false

      at log (src/components/ui/Button.tsx:27:13)

    console.log
      [Button] All props: {}

      at log (src/components/ui/Button.tsx:28:13)

    console.log
      [Button] Rendering with type: submit

      at log (src/components/ui/Button.tsx:25:13)

    console.log
      [Button] Props received: {
        variant: 'primary',
        size: 'lg',
        type: 'submit',
        loading: false,
        disabled: false
      }

      at log (src/components/ui/Button.tsx:26:13)

    console.log
      [Button] Has onClick in props: false

      at log (src/components/ui/Button.tsx:27:13)

    console.log
      [Button] All props: {}

      at log (src/components/ui/Button.tsx:28:13)

    console.log
      [Button] Rendering with type: submit

      at log (src/components/ui/Button.tsx:25:13)

    console.log
      [Button] Props received: {
        variant: 'primary',
        size: 'lg',
        type: 'submit',
        loading: false,
        disabled: false
      }

      at log (src/components/ui/Button.tsx:26:13)

    console.log
      [Button] Has onClick in props: false

      at log (src/components/ui/Button.tsx:27:13)

    console.log
      [Button] All props: {}

      at log (src/components/ui/Button.tsx:28:13)

    console.log
      [Button] Rendering with type: submit

      at log (src/components/ui/Button.tsx:25:13)

    console.log
      [Button] Props received: {
        variant: 'primary',
        size: 'lg',
        type: 'submit',
        loading: false,
        disabled: false
      }

      at log (src/components/ui/Button.tsx:26:13)

    console.log
      [Button] Has onClick in props: false

      at log (src/components/ui/Button.tsx:27:13)

    console.log
      [Button] All props: {}

      at log (src/components/ui/Button.tsx:28:13)

    console.log
      [Button] Rendering with type: submit

      at log (src/components/ui/Button.tsx:25:13)

    console.log
      [Button] Props received: {
        variant: 'primary',
        size: 'lg',
        type: 'submit',
        loading: false,
        disabled: false
      }

      at log (src/components/ui/Button.tsx:26:13)

    console.log
      [Button] Has onClick in props: false

      at log (src/components/ui/Button.tsx:27:13)

    console.log
      [Button] All props: {}

      at log (src/components/ui/Button.tsx:28:13)

    console.log
      [Button] Rendering with type: submit

      at log (src/components/ui/Button.tsx:25:13)

    console.log
      [Button] Props received: {
        variant: 'primary',
        size: 'lg',
        type: 'submit',
        loading: false,
        disabled: false
      }

      at log (src/components/ui/Button.tsx:26:13)

    console.log
      [Button] Has onClick in props: false

      at log (src/components/ui/Button.tsx:27:13)

    console.log
      [Button] All props: {}

      at log (src/components/ui/Button.tsx:28:13)

    console.log
      [Button] Rendering with type: submit

      at log (src/components/ui/Button.tsx:25:13)

    console.log
      [Button] Props received: {
        variant: 'primary',
        size: 'lg',
        type: 'submit',
        loading: false,
        disabled: false
      }

      at log (src/components/ui/Button.tsx:26:13)

    console.log
      [Button] Has onClick in props: false

      at log (src/components/ui/Button.tsx:27:13)

    console.log
      [Button] All props: {}

      at log (src/components/ui/Button.tsx:28:13)

    console.log
      [Button] Rendering with type: submit

      at log (src/components/ui/Button.tsx:25:13)

    console.log
      [Button] Props received: {
        variant: 'primary',
        size: 'lg',
        type: 'submit',
        loading: false,
        disabled: false
      }

      at log (src/components/ui/Button.tsx:26:13)

    console.log
      [Button] Has onClick in props: false

      at log (src/components/ui/Button.tsx:27:13)

    console.log
      [Button] All props: {}

      at log (src/components/ui/Button.tsx:28:13)

    console.log
      [Button] Rendering with type: submit

      at log (src/components/ui/Button.tsx:25:13)

    console.log
      [Button] Props received: {
        variant: 'primary',
        size: 'lg',
        type: 'submit',
        loading: false,
        disabled: false
      }

      at log (src/components/ui/Button.tsx:26:13)

    console.log
      [Button] Has onClick in props: false

      at log (src/components/ui/Button.tsx:27:13)

    console.log
      [Button] All props: {}

      at log (src/components/ui/Button.tsx:28:13)

    console.log
      [Button] Rendering with type: submit

      at log (src/components/ui/Button.tsx:25:13)

    console.log
      [Button] Props received: {
        variant: 'primary',
        size: 'lg',
        type: 'submit',
        loading: false,
        disabled: false
      }

      at log (src/components/ui/Button.tsx:26:13)

    console.log
      [Button] Has onClick in props: false

      at log (src/components/ui/Button.tsx:27:13)

    console.log
      [Button] All props: {}

      at log (src/components/ui/Button.tsx:28:13)

    console.log
      [Button] Rendering with type: submit

      at log (src/components/ui/Button.tsx:25:13)

    console.log
      [Button] Props received: {
        variant: 'primary',
        size: 'lg',
        type: 'submit',
        loading: false,
        disabled: false
      }

      at log (src/components/ui/Button.tsx:26:13)

    console.log
      [Button] Has onClick in props: false

      at log (src/components/ui/Button.tsx:27:13)

    console.log
      [Button] All props: {}

      at log (src/components/ui/Button.tsx:28:13)

    console.log
      [Button] Rendering with type: submit

      at log (src/components/ui/Button.tsx:25:13)

    console.log
      [Button] Props received: {
        variant: 'primary',
        size: 'lg',
        type: 'submit',
        loading: false,
        disabled: false
      }

      at log (src/components/ui/Button.tsx:26:13)

    console.log
      [Button] Has onClick in props: false

      at log (src/components/ui/Button.tsx:27:13)

    console.log
      [Button] All props: {}

      at log (src/components/ui/Button.tsx:28:13)

    console.log
      [Button] Rendering with type: submit

      at log (src/components/ui/Button.tsx:25:13)

    console.log
      [Button] Props received: {
        variant: 'primary',
        size: 'lg',
        type: 'submit',
        loading: false,
        disabled: false
      }

      at log (src/components/ui/Button.tsx:26:13)

    console.log
      [Button] Has onClick in props: false

      at log (src/components/ui/Button.tsx:27:13)

    console.log
      [Button] All props: {}

      at log (src/components/ui/Button.tsx:28:13)

    console.log
      [Button] Rendering with type: submit

      at log (src/components/ui/Button.tsx:25:13)

    console.log
      [Button] Props received: {
        variant: 'primary',
        size: 'lg',
        type: 'submit',
        loading: false,
        disabled: false
      }

      at log (src/components/ui/Button.tsx:26:13)

    console.log
      [Button] Has onClick in props: false

      at log (src/components/ui/Button.tsx:27:13)

    console.log
      [Button] All props: {}

      at log (src/components/ui/Button.tsx:28:13)

    console.log
      [Button] Rendering with type: submit

      at log (src/components/ui/Button.tsx:25:13)

    console.log
      [Button] Props received: {
        variant: 'primary',
        size: 'lg',
        type: 'submit',
        loading: false,
        disabled: false
      }

      at log (src/components/ui/Button.tsx:26:13)

    console.log
      [Button] Has onClick in props: false

      at log (src/components/ui/Button.tsx:27:13)

    console.log
      [Button] All props: {}

      at log (src/components/ui/Button.tsx:28:13)

    console.log
      [Button] Rendering with type: submit

      at log (src/components/ui/Button.tsx:25:13)

    console.log
      [Button] Props received: {
        variant: 'primary',
        size: 'lg',
        type: 'submit',
        loading: false,
        disabled: false
      }

      at log (src/components/ui/Button.tsx:26:13)

    console.log
      [Button] Has onClick in props: false

      at log (src/components/ui/Button.tsx:27:13)

    console.log
      [Button] All props: {}

      at log (src/components/ui/Button.tsx:28:13)

    console.log
      [Button] Rendering with type: submit

      at log (src/components/ui/Button.tsx:25:13)

    console.log
      [Button] Props received: {
        variant: 'primary',
        size: 'lg',
        type: 'submit',
        loading: false,
        disabled: false
      }

      at log (src/components/ui/Button.tsx:26:13)

    console.log
      [Button] Has onClick in props: false

      at log (src/components/ui/Button.tsx:27:13)

    console.log
      [Button] All props: {}

      at log (src/components/ui/Button.tsx:28:13)

    console.log
      [Button] Rendering with type: submit

      at log (src/components/ui/Button.tsx:25:13)

    console.log
      [Button] Props received: {
        variant: 'primary',
        size: 'lg',
        type: 'submit',
        loading: false,
        disabled: false
      }

      at log (src/components/ui/Button.tsx:26:13)

    console.log
      [Button] Has onClick in props: false

      at log (src/components/ui/Button.tsx:27:13)

    console.log
      [Button] All props: {}

      at log (src/components/ui/Button.tsx:28:13)

    console.log
      [Button] Rendering with type: submit

      at log (src/components/ui/Button.tsx:25:13)

    console.log
      [Button] Props received: {
        variant: 'primary',
        size: 'lg',
        type: 'submit',
        loading: false,
        disabled: false
      }

      at log (src/components/ui/Button.tsx:26:13)

    console.log
      [Button] Has onClick in props: false

      at log (src/components/ui/Button.tsx:27:13)

    console.log
      [Button] All props: {}

      at log (src/components/ui/Button.tsx:28:13)

    console.log
      [Button] Rendering with type: submit

      at log (src/components/ui/Button.tsx:25:13)

    console.log
      [Button] Props received: {
        variant: 'primary',
        size: 'lg',
        type: 'submit',
        loading: false,
        disabled: false
      }

      at log (src/components/ui/Button.tsx:26:13)

    console.log
      [Button] Has onClick in props: false

      at log (src/components/ui/Button.tsx:27:13)

    console.log
      [Button] All props: {}

      at log (src/components/ui/Button.tsx:28:13)

    console.log
      [Button] Rendering with type: submit

      at log (src/components/ui/Button.tsx:25:13)

    console.log
      [Button] Props received: {
        variant: 'primary',
        size: 'lg',
        type: 'submit',
        loading: false,
        disabled: false
      }

      at log (src/components/ui/Button.tsx:26:13)

    console.log
      [Button] Has onClick in props: false

      at log (src/components/ui/Button.tsx:27:13)

    console.log
      [Button] All props: {}

      at log (src/components/ui/Button.tsx:28:13)

    console.log
      [Button] Rendering with type: submit

      at log (src/components/ui/Button.tsx:25:13)

    console.log
      [Button] Props received: {
        variant: 'primary',
        size: 'lg',
        type: 'submit',
        loading: false,
        disabled: false
      }

      at log (src/components/ui/Button.tsx:26:13)

    console.log
      [Button] Has onClick in props: false

      at log (src/components/ui/Button.tsx:27:13)

    console.log
      [Button] All props: {}

      at log (src/components/ui/Button.tsx:28:13)

    console.log
      [Button] Rendering with type: submit

      at log (src/components/ui/Button.tsx:25:13)

    console.log
      [Button] Props received: {
        variant: 'primary',
        size: 'lg',
        type: 'submit',
        loading: false,
        disabled: false
      }

      at log (src/components/ui/Button.tsx:26:13)

    console.log
      [Button] Has onClick in props: false

      at log (src/components/ui/Button.tsx:27:13)

    console.log
      [Button] All props: {}

      at log (src/components/ui/Button.tsx:28:13)

    console.log
      [Button] Rendering with type: submit

      at log (src/components/ui/Button.tsx:25:13)

    console.log
      [Button] Props received: {
        variant: 'primary',
        size: 'lg',
        type: 'submit',
        loading: false,
        disabled: false
      }

      at log (src/components/ui/Button.tsx:26:13)

    console.log
      [Button] Has onClick in props: false

      at log (src/components/ui/Button.tsx:27:13)

    console.log
      [Button] All props: {}

      at log (src/components/ui/Button.tsx:28:13)

    console.log
      [Button] Rendering with type: submit

      at log (src/components/ui/Button.tsx:25:13)

    console.log
      [Button] Props received: {
        variant: 'primary',
        size: 'lg',
        type: 'submit',
        loading: false,
        disabled: false
      }

      at log (src/components/ui/Button.tsx:26:13)

    console.log
      [Button] Has onClick in props: false

      at log (src/components/ui/Button.tsx:27:13)

    console.log
      [Button] All props: {}

      at log (src/components/ui/Button.tsx:28:13)

    console.log
      [Button] Rendering with type: submit

      at log (src/components/ui/Button.tsx:25:13)

    console.log
      [Button] Props received: {
        variant: 'primary',
        size: 'lg',
        type: 'submit',
        loading: false,
        disabled: false
      }

      at log (src/components/ui/Button.tsx:26:13)

    console.log
      [Button] Has onClick in props: false

      at log (src/components/ui/Button.tsx:27:13)

    console.log
      [Button] All props: {}

      at log (src/components/ui/Button.tsx:28:13)

    console.log
      [Button] Rendering with type: submit

      at log (src/components/ui/Button.tsx:25:13)

    console.log
      [Button] Props received: {
        variant: 'primary',
        size: 'lg',
        type: 'submit',
        loading: false,
        disabled: false
      }

      at log (src/components/ui/Button.tsx:26:13)

    console.log
      [Button] Has onClick in props: false

      at log (src/components/ui/Button.tsx:27:13)

    console.log
      [Button] All props: {}

      at log (src/components/ui/Button.tsx:28:13)

    console.log
      [Button] Rendering with type: submit

      at log (src/components/ui/Button.tsx:25:13)

    console.log
      [Button] Props received: {
        variant: 'primary',
        size: 'lg',
        type: 'submit',
        loading: false,
        disabled: false
      }

      at log (src/components/ui/Button.tsx:26:13)

    console.log
      [Button] Has onClick in props: false

      at log (src/components/ui/Button.tsx:27:13)

    console.log
      [Button] All props: {}

      at log (src/components/ui/Button.tsx:28:13)

    console.log
      [Button] Rendering with type: submit

      at log (src/components/ui/Button.tsx:25:13)

    console.log
      [Button] Props received: {
        variant: 'primary',
        size: 'lg',
        type: 'submit',
        loading: false,
        disabled: false
      }

      at log (src/components/ui/Button.tsx:26:13)

    console.log
      [Button] Has onClick in props: false

      at log (src/components/ui/Button.tsx:27:13)

    console.log
      [Button] All props: {}

      at log (src/components/ui/Button.tsx:28:13)

    console.log
      [Button] Rendering with type: submit

      at log (src/components/ui/Button.tsx:25:13)

    console.log
      [Button] Props received: {
        variant: 'primary',
        size: 'lg',
        type: 'submit',
        loading: false,
        disabled: false
      }

      at log (src/components/ui/Button.tsx:26:13)

    console.log
      [Button] Has onClick in props: false

      at log (src/components/ui/Button.tsx:27:13)

    console.log
      [Button] All props: {}

      at log (src/components/ui/Button.tsx:28:13)

    console.log
      [Button] Rendering with type: submit

      at log (src/components/ui/Button.tsx:25:13)

    console.log
      [Button] Props received: {
        variant: 'primary',
        size: 'lg',
        type: 'submit',
        loading: false,
        disabled: false
      }

      at log (src/components/ui/Button.tsx:26:13)

    console.log
      [Button] Has onClick in props: false

      at log (src/components/ui/Button.tsx:27:13)

    console.log
      [Button] All props: {}

      at log (src/components/ui/Button.tsx:28:13)

    console.log
      [Button] Rendering with type: submit

      at log (src/components/ui/Button.tsx:25:13)

    console.log
      [Button] Props received: {
        variant: 'primary',
        size: 'lg',
        type: 'submit',
        loading: false,
        disabled: false
      }

      at log (src/components/ui/Button.tsx:26:13)

    console.log
      [Button] Has onClick in props: false

      at log (src/components/ui/Button.tsx:27:13)

    console.log
      [Button] All props: {}

      at log (src/components/ui/Button.tsx:28:13)

    console.log
      [Button] Rendering with type: submit

      at log (src/components/ui/Button.tsx:25:13)

    console.log
      [Button] Props received: {
        variant: 'primary',
        size: 'lg',
        type: 'submit',
        loading: false,
        disabled: false
      }

      at log (src/components/ui/Button.tsx:26:13)

    console.log
      [Button] Has onClick in props: false

      at log (src/components/ui/Button.tsx:27:13)

    console.log
      [Button] All props: {}

      at log (src/components/ui/Button.tsx:28:13)

    console.log
      [Button] Rendering with type: submit

      at log (src/components/ui/Button.tsx:25:13)

    console.log
      [Button] Props received: {
        variant: 'primary',
        size: 'lg',
        type: 'submit',
        loading: false,
        disabled: false
      }

      at log (src/components/ui/Button.tsx:26:13)

    console.log
      [Button] Has onClick in props: false

      at log (src/components/ui/Button.tsx:27:13)

    console.log
      [Button] All props: {}

      at log (src/components/ui/Button.tsx:28:13)

    console.log
      [Button] Rendering with type: submit

      at log (src/components/ui/Button.tsx:25:13)

    console.log
      [Button] Props received: {
        variant: 'primary',
        size: 'lg',
        type: 'submit',
        loading: false,
        disabled: false
      }

      at log (src/components/ui/Button.tsx:26:13)

    console.log
      [Button] Has onClick in props: false

      at log (src/components/ui/Button.tsx:27:13)

    console.log
      [Button] All props: {}

      at log (src/components/ui/Button.tsx:28:13)

    console.log
      [Button] Rendering with type: submit

      at log (src/components/ui/Button.tsx:25:13)

    console.log
      [Button] Props received: {
        variant: 'primary',
        size: 'lg',
        type: 'submit',
        loading: false,
        disabled: false
      }

      at log (src/components/ui/Button.tsx:26:13)

    console.log
      [Button] Has onClick in props: false

      at log (src/components/ui/Button.tsx:27:13)

    console.log
      [Button] All props: {}

      at log (src/components/ui/Button.tsx:28:13)

    console.log
      [Button] Rendering with type: submit

      at log (src/components/ui/Button.tsx:25:13)

    console.log
      [Button] Props received: {
        variant: 'primary',
        size: 'lg',
        type: 'submit',
        loading: false,
        disabled: false
      }

      at log (src/components/ui/Button.tsx:26:13)

    console.log
      [Button] Has onClick in props: false

      at log (src/components/ui/Button.tsx:27:13)

    console.log
      [Button] All props: {}

      at log (src/components/ui/Button.tsx:28:13)

    console.log
      [Button] Rendering with type: submit

      at log (src/components/ui/Button.tsx:25:13)

    console.log
      [Button] Props received: {
        variant: 'primary',
        size: 'lg',
        type: 'submit',
        loading: false,
        disabled: false
      }

      at log (src/components/ui/Button.tsx:26:13)

    console.log
      [Button] Has onClick in props: false

      at log (src/components/ui/Button.tsx:27:13)

    console.log
      [Button] All props: {}

      at log (src/components/ui/Button.tsx:28:13)

    console.log
      [Button] Rendering with type: submit

      at log (src/components/ui/Button.tsx:25:13)

    console.log
      [Button] Props received: {
        variant: 'primary',
        size: 'lg',
        type: 'submit',
        loading: false,
        disabled: false
      }

      at log (src/components/ui/Button.tsx:26:13)

    console.log
      [Button] Has onClick in props: false

      at log (src/components/ui/Button.tsx:27:13)

    console.log
      [Button] All props: {}

      at log (src/components/ui/Button.tsx:28:13)

    console.log
      [Button] Rendering with type: submit

      at log (src/components/ui/Button.tsx:25:13)

    console.log
      [Button] Props received: {
        variant: 'primary',
        size: 'lg',
        type: 'submit',
        loading: false,
        disabled: false
      }

      at log (src/components/ui/Button.tsx:26:13)

    console.log
      [Button] Has onClick in props: false

      at log (src/components/ui/Button.tsx:27:13)

    console.log
      [Button] All props: {}

      at log (src/components/ui/Button.tsx:28:13)

    console.log
      [Button] Rendering with type: submit

      at log (src/components/ui/Button.tsx:25:13)

    console.log
      [Button] Props received: {
        variant: 'primary',
        size: 'lg',
        type: 'submit',
        loading: false,
        disabled: false
      }

      at log (src/components/ui/Button.tsx:26:13)

    console.log
      [Button] Has onClick in props: false

      at log (src/components/ui/Button.tsx:27:13)

    console.log
      [Button] All props: {}

      at log (src/components/ui/Button.tsx:28:13)

    console.log
      [Button] Rendering with type: submit

      at log (src/components/ui/Button.tsx:25:13)

    console.log
      [Button] Props received: {
        variant: 'primary',
        size: 'lg',
        type: 'submit',
        loading: false,
        disabled: false
      }

      at log (src/components/ui/Button.tsx:26:13)

    console.log
      [Button] Has onClick in props: false

      at log (src/components/ui/Button.tsx:27:13)

    console.log
      [Button] All props: {}

      at log (src/components/ui/Button.tsx:28:13)

    console.log
      [Button] Rendering with type: submit

      at log (src/components/ui/Button.tsx:25:13)

    console.log
      [Button] Props received: {
        variant: 'primary',
        size: 'lg',
        type: 'submit',
        loading: false,
        disabled: false
      }

      at log (src/components/ui/Button.tsx:26:13)

    console.log
      [Button] Has onClick in props: false

      at log (src/components/ui/Button.tsx:27:13)

    console.log
      [Button] All props: {}

      at log (src/components/ui/Button.tsx:28:13)

    console.log
      [Button] Rendering with type: submit

      at log (src/components/ui/Button.tsx:25:13)

    console.log
      [Button] Props received: {
        variant: 'primary',
        size: 'lg',
        type: 'submit',
        loading: false,
        disabled: false
      }

      at log (src/components/ui/Button.tsx:26:13)

    console.log
      [Button] Has onClick in props: false

      at log (src/components/ui/Button.tsx:27:13)

    console.log
      [Button] All props: {}

      at log (src/components/ui/Button.tsx:28:13)

    console.log
      [Button] Rendering with type: submit

      at log (src/components/ui/Button.tsx:25:13)

    console.log
      [Button] Props received: {
        variant: 'primary',
        size: 'lg',
        type: 'submit',
        loading: false,
        disabled: false
      }

      at log (src/components/ui/Button.tsx:26:13)

    console.log
      [Button] Has onClick in props: false

      at log (src/components/ui/Button.tsx:27:13)

    console.log
      [Button] All props: {}

      at log (src/components/ui/Button.tsx:28:13)

    console.log
      [Button] Rendering with type: submit

      at log (src/components/ui/Button.tsx:25:13)

    console.log
      [Button] Props received: {
        variant: 'primary',
        size: 'lg',
        type: 'submit',
        loading: false,
        disabled: false
      }

      at log (src/components/ui/Button.tsx:26:13)

    console.log
      [Button] Has onClick in props: false

      at log (src/components/ui/Button.tsx:27:13)

    console.log
      [Button] All props: {}

      at log (src/components/ui/Button.tsx:28:13)

    console.log
      [Button] Rendering with type: submit

      at log (src/components/ui/Button.tsx:25:13)

    console.log
      [Button] Props received: {
        variant: 'primary',
        size: 'lg',
        type: 'submit',
        loading: false,
        disabled: false
      }

      at log (src/components/ui/Button.tsx:26:13)

    console.log
      [Button] Has onClick in props: false

      at log (src/components/ui/Button.tsx:27:13)

    console.log
      [Button] All props: {}

      at log (src/components/ui/Button.tsx:28:13)

    console.log
      [Button] Rendering with type: submit

      at log (src/components/ui/Button.tsx:25:13)

    console.log
      [Button] Props received: {
        variant: 'primary',
        size: 'lg',
        type: 'submit',
        loading: false,
        disabled: false
      }

      at log (src/components/ui/Button.tsx:26:13)

    console.log
      [Button] Has onClick in props: false

      at log (src/components/ui/Button.tsx:27:13)

    console.log
      [Button] All props: {}

      at log (src/components/ui/Button.tsx:28:13)

    console.log
      [Button] Rendering with type: submit

      at log (src/components/ui/Button.tsx:25:13)

    console.log
      [Button] Props received: {
        variant: 'primary',
        size: 'lg',
        type: 'submit',
        loading: false,
        disabled: false
      }

      at log (src/components/ui/Button.tsx:26:13)

    console.log
      [Button] Has onClick in props: false

      at log (src/components/ui/Button.tsx:27:13)

    console.log
      [Button] All props: {}

      at log (src/components/ui/Button.tsx:28:13)

    console.log
      [Button] Rendering with type: submit

      at log (src/components/ui/Button.tsx:25:13)

    console.log
      [Button] Props received: {
        variant: 'primary',
        size: 'lg',
        type: 'submit',
        loading: false,
        disabled: false
      }

      at log (src/components/ui/Button.tsx:26:13)

    console.log
      [Button] Has onClick in props: false

      at log (src/components/ui/Button.tsx:27:13)

    console.log
      [Button] All props: {}

      at log (src/components/ui/Button.tsx:28:13)

    console.log
      [Button] Rendering with type: submit

      at log (src/components/ui/Button.tsx:25:13)

    console.log
      [Button] Props received: {
        variant: 'primary',
        size: 'lg',
        type: 'submit',
        loading: false,
        disabled: false
      }

      at log (src/components/ui/Button.tsx:26:13)

    console.log
      [Button] Has onClick in props: false

      at log (src/components/ui/Button.tsx:27:13)

    console.log
      [Button] All props: {}

      at log (src/components/ui/Button.tsx:28:13)

    console.log
      [Button] Rendering with type: submit

      at log (src/components/ui/Button.tsx:25:13)

    console.log
      [Button] Props received: {
        variant: 'primary',
        size: 'lg',
        type: 'submit',
        loading: false,
        disabled: false
      }

      at log (src/components/ui/Button.tsx:26:13)

    console.log
      [Button] Has onClick in props: false

      at log (src/components/ui/Button.tsx:27:13)

    console.log
      [Button] All props: {}

      at log (src/components/ui/Button.tsx:28:13)

    console.log
      [Button] Rendering with type: submit

      at log (src/components/ui/Button.tsx:25:13)

    console.log
      [Button] Props received: {
        variant: 'primary',
        size: 'lg',
        type: 'submit',
        loading: false,
        disabled: false
      }

      at log (src/components/ui/Button.tsx:26:13)

    console.log
      [Button] Has onClick in props: false

      at log (src/components/ui/Button.tsx:27:13)

    console.log
      [Button] All props: {}

      at log (src/components/ui/Button.tsx:28:13)

    console.log
      [Button] Rendering with type: submit

      at log (src/components/ui/Button.tsx:25:13)

    console.log
      [Button] Props received: {
        variant: 'primary',
        size: 'lg',
        type: 'submit',
        loading: false,
        disabled: false
      }

      at log (src/components/ui/Button.tsx:26:13)

    console.log
      [Button] Has onClick in props: false

      at log (src/components/ui/Button.tsx:27:13)

    console.log
      [Button] All props: {}

      at log (src/components/ui/Button.tsx:28:13)

    console.log
      [Button] Rendering with type: submit

      at log (src/components/ui/Button.tsx:25:13)

    console.log
      [Button] Props received: {
        variant: 'primary',
        size: 'lg',
        type: 'submit',
        loading: false,
        disabled: false
      }

      at log (src/components/ui/Button.tsx:26:13)

    console.log
      [Button] Has onClick in props: false

      at log (src/components/ui/Button.tsx:27:13)

    console.log
      [Button] All props: {}

      at log (src/components/ui/Button.tsx:28:13)

    console.log
      [Button] Rendering with type: submit

      at log (src/components/ui/Button.tsx:25:13)

    console.log
      [Button] Props received: {
        variant: 'primary',
        size: 'lg',
        type: 'submit',
        loading: false,
        disabled: false
      }

      at log (src/components/ui/Button.tsx:26:13)

    console.log
      [Button] Has onClick in props: false

      at log (src/components/ui/Button.tsx:27:13)

    console.log
      [Button] All props: {}

      at log (src/components/ui/Button.tsx:28:13)

    console.log
      [Button] Rendering with type: submit

      at log (src/components/ui/Button.tsx:25:13)

    console.log
      [Button] Props received: {
        variant: 'primary',
        size: 'lg',
        type: 'submit',
        loading: false,
        disabled: false
      }

      at log (src/components/ui/Button.tsx:26:13)

    console.log
      [Button] Has onClick in props: false

      at log (src/components/ui/Button.tsx:27:13)

    console.log
      [Button] All props: {}

      at log (src/components/ui/Button.tsx:28:13)

    console.log
      [Button] Rendering with type: submit

      at log (src/components/ui/Button.tsx:25:13)

    console.log
      [Button] Props received: {
        variant: 'primary',
        size: 'lg',
        type: 'submit',
        loading: false,
        disabled: false
      }

      at log (src/components/ui/Button.tsx:26:13)

    console.log
      [Button] Has onClick in props: false

      at log (src/components/ui/Button.tsx:27:13)

    console.log
      [Button] All props: {}

      at log (src/components/ui/Button.tsx:28:13)

    console.log
      [Button] Rendering with type: submit

      at log (src/components/ui/Button.tsx:25:13)

    console.log
      [Button] Props received: {
        variant: 'primary',
        size: 'lg',
        type: 'submit',
        loading: false,
        disabled: false
      }

      at log (src/components/ui/Button.tsx:26:13)

    console.log
      [Button] Has onClick in props: false

      at log (src/components/ui/Button.tsx:27:13)

    console.log
      [Button] All props: {}

      at log (src/components/ui/Button.tsx:28:13)

    console.log
      [Button] Rendering with type: submit

      at log (src/components/ui/Button.tsx:25:13)

    console.log
      [Button] Props received: {
        variant: 'primary',
        size: 'lg',
        type: 'submit',
        loading: false,
        disabled: false
      }

      at log (src/components/ui/Button.tsx:26:13)

    console.log
      [Button] Has onClick in props: false

      at log (src/components/ui/Button.tsx:27:13)

    console.log
      [Button] All props: {}

      at log (src/components/ui/Button.tsx:28:13)

    console.log
      [Button] Rendering with type: submit

      at log (src/components/ui/Button.tsx:25:13)

    console.log
      [Button] Props received: {
        variant: 'primary',
        size: 'lg',
        type: 'submit',
        loading: false,
        disabled: false
      }

      at log (src/components/ui/Button.tsx:26:13)

    console.log
      [Button] Has onClick in props: false

      at log (src/components/ui/Button.tsx:27:13)

    console.log
      [Button] All props: {}

      at log (src/components/ui/Button.tsx:28:13)

    console.log
      [Button] Rendering with type: submit

      at log (src/components/ui/Button.tsx:25:13)

    console.log
      [Button] Props received: {
        variant: 'primary',
        size: 'lg',
        type: 'submit',
        loading: false,
        disabled: false
      }

      at log (src/components/ui/Button.tsx:26:13)

    console.log
      [Button] Has onClick in props: false

      at log (src/components/ui/Button.tsx:27:13)

    console.log
      [Button] All props: {}

      at log (src/components/ui/Button.tsx:28:13)

    console.log
      [Button] Rendering with type: submit

      at log (src/components/ui/Button.tsx:25:13)

    console.log
      [Button] Props received: {
        variant: 'primary',
        size: 'lg',
        type: 'submit',
        loading: false,
        disabled: false
      }

      at log (src/components/ui/Button.tsx:26:13)

    console.log
      [Button] Has onClick in props: false

      at log (src/components/ui/Button.tsx:27:13)

    console.log
      [Button] All props: {}

      at log (src/components/ui/Button.tsx:28:13)

    console.log
      [Button] Rendering with type: submit

      at log (src/components/ui/Button.tsx:25:13)

    console.log
      [Button] Props received: {
        variant: 'primary',
        size: 'lg',
        type: 'submit',
        loading: false,
        disabled: false
      }

      at log (src/components/ui/Button.tsx:26:13)

    console.log
      [Button] Has onClick in props: false

      at log (src/components/ui/Button.tsx:27:13)

    console.log
      [Button] All props: {}

      at log (src/components/ui/Button.tsx:28:13)

    console.log
      [Button] Rendering with type: submit

      at log (src/components/ui/Button.tsx:25:13)

    console.log
      [Button] Props received: {
        variant: 'primary',
        size: 'lg',
        type: 'submit',
        loading: false,
        disabled: false
      }

      at log (src/components/ui/Button.tsx:26:13)

    console.log
      [Button] Has onClick in props: false

      at log (src/components/ui/Button.tsx:27:13)

    console.log
      [Button] All props: {}

      at log (src/components/ui/Button.tsx:28:13)

    console.log
      [Button] Rendering with type: submit

      at log (src/components/ui/Button.tsx:25:13)

    console.log
      [Button] Props received: {
        variant: 'primary',
        size: 'lg',
        type: 'submit',
        loading: false,
        disabled: false
      }

      at log (src/components/ui/Button.tsx:26:13)

    console.log
      [Button] Has onClick in props: false

      at log (src/components/ui/Button.tsx:27:13)

    console.log
      [Button] All props: {}

      at log (src/components/ui/Button.tsx:28:13)

    console.log
      [Button] Rendering with type: submit

      at log (src/components/ui/Button.tsx:25:13)

    console.log
      [Button] Props received: {
        variant: 'primary',
        size: 'lg',
        type: 'submit',
        loading: false,
        disabled: false
      }

      at log (src/components/ui/Button.tsx:26:13)

    console.log
      [Button] Has onClick in props: false

      at log (src/components/ui/Button.tsx:27:13)

    console.log
      [Button] All props: {}

      at log (src/components/ui/Button.tsx:28:13)

    console.log
      [Button] Rendering with type: submit

      at log (src/components/ui/Button.tsx:25:13)

    console.log
      [Button] Props received: {
        variant: 'primary',
        size: 'lg',
        type: 'submit',
        loading: false,
        disabled: false
      }

      at log (src/components/ui/Button.tsx:26:13)

    console.log
      [Button] Has onClick in props: false

      at log (src/components/ui/Button.tsx:27:13)

    console.log
      [Button] All props: {}

      at log (src/components/ui/Button.tsx:28:13)

    console.log
      [Button] Rendering with type: submit

      at log (src/components/ui/Button.tsx:25:13)

    console.log
      [Button] Props received: {
        variant: 'primary',
        size: 'lg',
        type: 'submit',
        loading: false,
        disabled: false
      }

      at log (src/components/ui/Button.tsx:26:13)

    console.log
      [Button] Has onClick in props: false

      at log (src/components/ui/Button.tsx:27:13)

    console.log
      [Button] All props: {}

      at log (src/components/ui/Button.tsx:28:13)

    console.log
      [Button] Rendering with type: submit

      at log (src/components/ui/Button.tsx:25:13)

    console.log
      [Button] Props received: {
        variant: 'primary',
        size: 'lg',
        type: 'submit',
        loading: false,
        disabled: false
      }

      at log (src/components/ui/Button.tsx:26:13)

    console.log
      [Button] Has onClick in props: false

      at log (src/components/ui/Button.tsx:27:13)

    console.log
      [Button] All props: {}

      at log (src/components/ui/Button.tsx:28:13)

    console.log
      [Button] Rendering with type: submit

      at log (src/components/ui/Button.tsx:25:13)

    console.log
      [Button] Props received: {
        variant: 'primary',
        size: 'lg',
        type: 'submit',
        loading: false,
        disabled: false
      }

      at log (src/components/ui/Button.tsx:26:13)

    console.log
      [Button] Has onClick in props: false

      at log (src/components/ui/Button.tsx:27:13)

    console.log
      [Button] All props: {}

      at log (src/components/ui/Button.tsx:28:13)

    console.log
      [Button] Rendering with type: submit

      at log (src/components/ui/Button.tsx:25:13)

    console.log
      [Button] Props received: {
        variant: 'primary',
        size: 'lg',
        type: 'submit',
        loading: false,
        disabled: false
      }

      at log (src/components/ui/Button.tsx:26:13)

    console.log
      [Button] Has onClick in props: false

      at log (src/components/ui/Button.tsx:27:13)

    console.log
      [Button] All props: {}

      at log (src/components/ui/Button.tsx:28:13)

    console.log
      [Button] Rendering with type: submit

      at log (src/components/ui/Button.tsx:25:13)

    console.log
      [Button] Props received: {
        variant: 'primary',
        size: 'lg',
        type: 'submit',
        loading: false,
        disabled: false
      }

      at log (src/components/ui/Button.tsx:26:13)

    console.log
      [Button] Has onClick in props: false

      at log (src/components/ui/Button.tsx:27:13)

    console.log
      [Button] All props: {}

      at log (src/components/ui/Button.tsx:28:13)

    console.log
      [Button] Rendering with type: submit

      at log (src/components/ui/Button.tsx:25:13)

    console.log
      [Button] Props received: {
        variant: 'primary',
        size: 'lg',
        type: 'submit',
        loading: false,
        disabled: false
      }

      at log (src/components/ui/Button.tsx:26:13)

    console.log
      [Button] Has onClick in props: false

      at log (src/components/ui/Button.tsx:27:13)

    console.log
      [Button] All props: {}

      at log (src/components/ui/Button.tsx:28:13)

    console.log
      [Button] Rendering with type: submit

      at log (src/components/ui/Button.tsx:25:13)

    console.log
      [Button] Props received: {
        variant: 'primary',
        size: 'lg',
        type: 'submit',
        loading: false,
        disabled: false
      }

      at log (src/components/ui/Button.tsx:26:13)

    console.log
      [Button] Has onClick in props: false

      at log (src/components/ui/Button.tsx:27:13)

    console.log
      [Button] All props: {}

      at log (src/components/ui/Button.tsx:28:13)

    console.log
      [Button] Rendering with type: submit

      at log (src/components/ui/Button.tsx:25:13)

    console.log
      [Button] Props received: {
        variant: 'primary',
        size: 'lg',
        type: 'submit',
        loading: false,
        disabled: false
      }

      at log (src/components/ui/Button.tsx:26:13)

    console.log
      [Button] Has onClick in props: false

      at log (src/components/ui/Button.tsx:27:13)

    console.log
      [Button] All props: {}

      at log (src/components/ui/Button.tsx:28:13)

    console.log
      [Button] Rendering with type: submit

      at log (src/components/ui/Button.tsx:25:13)

    console.log
      [Button] Props received: {
        variant: 'primary',
        size: 'lg',
        type: 'submit',
        loading: false,
        disabled: false
      }

      at log (src/components/ui/Button.tsx:26:13)

    console.log
      [Button] Has onClick in props: false

      at log (src/components/ui/Button.tsx:27:13)

    console.log
      [Button] All props: {}

      at log (src/components/ui/Button.tsx:28:13)

    console.log
      [Button] Rendering with type: submit

      at log (src/components/ui/Button.tsx:25:13)

    console.log
      [Button] Props received: {
        variant: 'primary',
        size: 'lg',
        type: 'submit',
        loading: false,
        disabled: false
      }

      at log (src/components/ui/Button.tsx:26:13)

    console.log
      [Button] Has onClick in props: false

      at log (src/components/ui/Button.tsx:27:13)

    console.log
      [Button] All props: {}

      at log (src/components/ui/Button.tsx:28:13)

    console.log
      [Button] Rendering with type: submit

      at log (src/components/ui/Button.tsx:25:13)

    console.log
      [Button] Props received: {
        variant: 'primary',
        size: 'lg',
        type: 'submit',
        loading: false,
        disabled: false
      }

      at log (src/components/ui/Button.tsx:26:13)

    console.log
      [Button] Has onClick in props: false

      at log (src/components/ui/Button.tsx:27:13)

    console.log
      [Button] All props: {}

      at log (src/components/ui/Button.tsx:28:13)

    console.log
      [Button] Rendering with type: submit

      at log (src/components/ui/Button.tsx:25:13)

    console.log
      [Button] Props received: {
        variant: 'primary',
        size: 'lg',
        type: 'submit',
        loading: false,
        disabled: false
      }

      at log (src/components/ui/Button.tsx:26:13)

    console.log
      [Button] Has onClick in props: false

      at log (src/components/ui/Button.tsx:27:13)

    console.log
      [Button] All props: {}

      at log (src/components/ui/Button.tsx:28:13)

    console.log
      [Button] Rendering with type: submit

      at log (src/components/ui/Button.tsx:25:13)

    console.log
      [Button] Props received: {
        variant: 'primary',
        size: 'lg',
        type: 'submit',
        loading: false,
        disabled: false
      }

      at log (src/components/ui/Button.tsx:26:13)

    console.log
      [Button] Has onClick in props: false

      at log (src/components/ui/Button.tsx:27:13)

    console.log
      [Button] All props: {}

      at log (src/components/ui/Button.tsx:28:13)

    console.log
      [Button] Rendering with type: submit

      at log (src/components/ui/Button.tsx:25:13)

    console.log
      [Button] Props received: {
        variant: 'primary',
        size: 'lg',
        type: 'submit',
        loading: false,
        disabled: false
      }

      at log (src/components/ui/Button.tsx:26:13)

    console.log
      [Button] Has onClick in props: false

      at log (src/components/ui/Button.tsx:27:13)

    console.log
      [Button] All props: {}

      at log (src/components/ui/Button.tsx:28:13)

    console.log
      [Button] Rendering with type: submit

      at log (src/components/ui/Button.tsx:25:13)

    console.log
      [Button] Props received: {
        variant: 'primary',
        size: 'lg',
        type: 'submit',
        loading: false,
        disabled: false
      }

      at log (src/components/ui/Button.tsx:26:13)

    console.log
      [Button] Has onClick in props: false

      at log (src/components/ui/Button.tsx:27:13)

    console.log
      [Button] All props: {}

      at log (src/components/ui/Button.tsx:28:13)

    console.log
      [Button] Rendering with type: submit

      at log (src/components/ui/Button.tsx:25:13)

    console.log
      [Button] Props received: {
        variant: 'primary',
        size: 'lg',
        type: 'submit',
        loading: false,
        disabled: false
      }

      at log (src/components/ui/Button.tsx:26:13)

    console.log
      [Button] Has onClick in props: false

      at log (src/components/ui/Button.tsx:27:13)

    console.log
      [Button] All props: {}

      at log (src/components/ui/Button.tsx:28:13)

    console.log
      [Button] Rendering with type: submit

      at log (src/components/ui/Button.tsx:25:13)

    console.log
      [Button] Props received: {
        variant: 'primary',
        size: 'lg',
        type: 'submit',
        loading: false,
        disabled: false
      }

      at log (src/components/ui/Button.tsx:26:13)

    console.log
      [Button] Has onClick in props: false

      at log (src/components/ui/Button.tsx:27:13)

    console.log
      [Button] All props: {}

      at log (src/components/ui/Button.tsx:28:13)

    console.log
      [Button] Rendering with type: submit

      at log (src/components/ui/Button.tsx:25:13)

    console.log
      [Button] Props received: {
        variant: 'primary',
        size: 'lg',
        type: 'submit',
        loading: false,
        disabled: false
      }

      at log (src/components/ui/Button.tsx:26:13)

    console.log
      [Button] Has onClick in props: false

      at log (src/components/ui/Button.tsx:27:13)

    console.log
      [Button] All props: {}

      at log (src/components/ui/Button.tsx:28:13)

    console.log
      [Button] Rendering with type: submit

      at log (src/components/ui/Button.tsx:25:13)

    console.log
      [Button] Props received: {
        variant: 'primary',
        size: 'lg',
        type: 'submit',
        loading: false,
        disabled: false
      }

      at log (src/components/ui/Button.tsx:26:13)

    console.log
      [Button] Has onClick in props: false

      at log (src/components/ui/Button.tsx:27:13)

    console.log
      [Button] All props: {}

      at log (src/components/ui/Button.tsx:28:13)

    console.log
      [Button] Rendering with type: submit

      at log (src/components/ui/Button.tsx:25:13)

    console.log
      [Button] Props received: {
        variant: 'primary',
        size: 'lg',
        type: 'submit',
        loading: false,
        disabled: false
      }

      at log (src/components/ui/Button.tsx:26:13)

    console.log
      [Button] Has onClick in props: false

      at log (src/components/ui/Button.tsx:27:13)

    console.log
      [Button] All props: {}

      at log (src/components/ui/Button.tsx:28:13)

    console.log
      [Button] Rendering with type: submit

      at log (src/components/ui/Button.tsx:25:13)

    console.log
      [Button] Props received: {
        variant: 'primary',
        size: 'lg',
        type: 'submit',
        loading: false,
        disabled: false
      }

      at log (src/components/ui/Button.tsx:26:13)

    console.log
      [Button] Has onClick in props: false

      at log (src/components/ui/Button.tsx:27:13)

    console.log
      [Button] All props: {}

      at log (src/components/ui/Button.tsx:28:13)

    console.log
      [Button] Rendering with type: submit

      at log (src/components/ui/Button.tsx:25:13)

    console.log
      [Button] Props received: {
        variant: 'primary',
        size: 'lg',
        type: 'submit',
        loading: false,
        disabled: false
      }

      at log (src/components/ui/Button.tsx:26:13)

    console.log
      [Button] Has onClick in props: false

      at log (src/components/ui/Button.tsx:27:13)

    console.log
      [Button] All props: {}

      at log (src/components/ui/Button.tsx:28:13)

    console.log
      [Button] Rendering with type: submit

      at log (src/components/ui/Button.tsx:25:13)

    console.log
      [Button] Props received: {
        variant: 'primary',
        size: 'lg',
        type: 'submit',
        loading: false,
        disabled: false
      }

      at log (src/components/ui/Button.tsx:26:13)

    console.log
      [Button] Has onClick in props: false

      at log (src/components/ui/Button.tsx:27:13)

    console.log
      [Button] All props: {}

      at log (src/components/ui/Button.tsx:28:13)

    console.log
      [Button] Rendering with type: submit

      at log (src/components/ui/Button.tsx:25:13)

    console.log
      [Button] Props received: {
        variant: 'primary',
        size: 'lg',
        type: 'submit',
        loading: false,
        disabled: false
      }

      at log (src/components/ui/Button.tsx:26:13)

    console.log
      [Button] Has onClick in props: false

      at log (src/components/ui/Button.tsx:27:13)

    console.log
      [Button] All props: {}

      at log (src/components/ui/Button.tsx:28:13)

    console.log
      [Button] Rendering with type: submit

      at log (src/components/ui/Button.tsx:25:13)

    console.log
      [Button] Props received: {
        variant: 'primary',
        size: 'lg',
        type: 'submit',
        loading: false,
        disabled: false
      }

      at log (src/components/ui/Button.tsx:26:13)

    console.log
      [Button] Has onClick in props: false

      at log (src/components/ui/Button.tsx:27:13)

    console.log
      [Button] All props: {}

      at log (src/components/ui/Button.tsx:28:13)

    console.log
      [Button] Rendering with type: submit

      at log (src/components/ui/Button.tsx:25:13)

    console.log
      [Button] Props received: {
        variant: 'primary',
        size: 'lg',
        type: 'submit',
        loading: false,
        disabled: false
      }

      at log (src/components/ui/Button.tsx:26:13)

    console.log
      [Button] Has onClick in props: false

      at log (src/components/ui/Button.tsx:27:13)

    console.log
      [Button] All props: {}

      at log (src/components/ui/Button.tsx:28:13)

    console.log
      [Button] Rendering with type: submit

      at log (src/components/ui/Button.tsx:25:13)

    console.log
      [Button] Props received: {
        variant: 'primary',
        size: 'lg',
        type: 'submit',
        loading: false,
        disabled: false
      }

      at log (src/components/ui/Button.tsx:26:13)

    console.log
      [Button] Has onClick in props: false

      at log (src/components/ui/Button.tsx:27:13)

    console.log
      [Button] All props: {}

      at log (src/components/ui/Button.tsx:28:13)

    console.log
      [Button] Rendering with type: submit

      at log (src/components/ui/Button.tsx:25:13)

    console.log
      [Button] Props received: {
        variant: 'primary',
        size: 'lg',
        type: 'submit',
        loading: false,
        disabled: false
      }

      at log (src/components/ui/Button.tsx:26:13)

    console.log
      [Button] Has onClick in props: false

      at log (src/components/ui/Button.tsx:27:13)

    console.log
      [Button] All props: {}

      at log (src/components/ui/Button.tsx:28:13)

    console.log
      [Button] Rendering with type: submit

      at log (src/components/ui/Button.tsx:25:13)

    console.log
      [Button] Props received: {
        variant: 'primary',
        size: 'lg',
        type: 'submit',
        loading: false,
        disabled: false
      }

      at log (src/components/ui/Button.tsx:26:13)

    console.log
      [Button] Has onClick in props: false

      at log (src/components/ui/Button.tsx:27:13)

    console.log
      [Button] All props: {}

      at log (src/components/ui/Button.tsx:28:13)

    console.log
      [Button] Rendering with type: submit

      at log (src/components/ui/Button.tsx:25:13)

    console.log
      [Button] Props received: {
        variant: 'primary',
        size: 'lg',
        type: 'submit',
        loading: false,
        disabled: false
      }

      at log (src/components/ui/Button.tsx:26:13)

    console.log
      [Button] Has onClick in props: false

      at log (src/components/ui/Button.tsx:27:13)

    console.log
      [Button] All props: {}

      at log (src/components/ui/Button.tsx:28:13)

    console.log
      [Button] Rendering with type: submit

      at log (src/components/ui/Button.tsx:25:13)

    console.log
      [Button] Props received: {
        variant: 'primary',
        size: 'lg',
        type: 'submit',
        loading: false,
        disabled: false
      }

      at log (src/components/ui/Button.tsx:26:13)

    console.log
      [Button] Has onClick in props: false

      at log (src/components/ui/Button.tsx:27:13)

    console.log
      [Button] All props: {}

      at log (src/components/ui/Button.tsx:28:13)

    console.log
      [Button] Rendering with type: submit

      at log (src/components/ui/Button.tsx:25:13)

    console.log
      [Button] Props received: {
        variant: 'primary',
        size: 'lg',
        type: 'submit',
        loading: false,
        disabled: false
      }

      at log (src/components/ui/Button.tsx:26:13)

    console.log
      [Button] Has onClick in props: false

      at log (src/components/ui/Button.tsx:27:13)

    console.log
      [Button] All props: {}

      at log (src/components/ui/Button.tsx:28:13)

    console.log
      [Button] Rendering with type: submit

      at log (src/components/ui/Button.tsx:25:13)

    console.log
      [Button] Props received: {
        variant: 'primary',
        size: 'lg',
        type: 'submit',
        loading: false,
        disabled: false
      }

      at log (src/components/ui/Button.tsx:26:13)

    console.log
      [Button] Has onClick in props: false

      at log (src/components/ui/Button.tsx:27:13)

    console.log
      [Button] All props: {}

      at log (src/components/ui/Button.tsx:28:13)

    console.log
      [Button] Rendering with type: submit

      at log (src/components/ui/Button.tsx:25:13)

    console.log
      [Button] Props received: {
        variant: 'primary',
        size: 'lg',
        type: 'submit',
        loading: false,
        disabled: false
      }

      at log (src/components/ui/Button.tsx:26:13)

    console.log
      [Button] Has onClick in props: false

      at log (src/components/ui/Button.tsx:27:13)

    console.log
      [Button] All props: {}

      at log (src/components/ui/Button.tsx:28:13)

    console.log
      [Button] Rendering with type: submit

      at log (src/components/ui/Button.tsx:25:13)

    console.log
      [Button] Props received: {
        variant: 'primary',
        size: 'lg',
        type: 'submit',
        loading: false,
        disabled: false
      }

      at log (src/components/ui/Button.tsx:26:13)

    console.log
      [Button] Has onClick in props: false

      at log (src/components/ui/Button.tsx:27:13)

    console.log
      [Button] All props: {}

      at log (src/components/ui/Button.tsx:28:13)

    console.log
      [Button] Rendering with type: submit

      at log (src/components/ui/Button.tsx:25:13)

    console.log
      [Button] Props received: {
        variant: 'primary',
        size: 'lg',
        type: 'submit',
        loading: false,
        disabled: false
      }

      at log (src/components/ui/Button.tsx:26:13)

    console.log
      [Button] Has onClick in props: false

      at log (src/components/ui/Button.tsx:27:13)

    console.log
      [Button] All props: {}

      at log (src/components/ui/Button.tsx:28:13)

    console.log
      [Button] Rendering with type: submit

      at log (src/components/ui/Button.tsx:25:13)

    console.log
      [Button] Props received: {
        variant: 'primary',
        size: 'lg',
        type: 'submit',
        loading: false,
        disabled: false
      }

      at log (src/components/ui/Button.tsx:26:13)

    console.log
      [Button] Has onClick in props: false

      at log (src/components/ui/Button.tsx:27:13)

    console.log
      [Button] All props: {}

      at log (src/components/ui/Button.tsx:28:13)

    console.log
      [Button] Rendering with type: submit

      at log (src/components/ui/Button.tsx:25:13)

    console.log
      [Button] Props received: {
        variant: 'primary',
        size: 'lg',
        type: 'submit',
        loading: false,
        disabled: false
      }

      at log (src/components/ui/Button.tsx:26:13)

    console.log
      [Button] Has onClick in props: false

      at log (src/components/ui/Button.tsx:27:13)

    console.log
      [Button] All props: {}

      at log (src/components/ui/Button.tsx:28:13)

    console.log
      [Button] Rendering with type: submit

      at log (src/components/ui/Button.tsx:25:13)

    console.log
      [Button] Props received: {
        variant: 'primary',
        size: 'lg',
        type: 'submit',
        loading: false,
        disabled: false
      }

      at log (src/components/ui/Button.tsx:26:13)

    console.log
      [Button] Has onClick in props: false

      at log (src/components/ui/Button.tsx:27:13)

    console.log
      [Button] All props: {}

      at log (src/components/ui/Button.tsx:28:13)

    console.log
      [Button] Rendering with type: submit

      at log (src/components/ui/Button.tsx:25:13)

    console.log
      [Button] Props received: {
        variant: 'primary',
        size: 'lg',
        type: 'submit',
        loading: false,
        disabled: false
      }

      at log (src/components/ui/Button.tsx:26:13)

    console.log
      [Button] Has onClick in props: false

      at log (src/components/ui/Button.tsx:27:13)

    console.log
      [Button] All props: {}

      at log (src/components/ui/Button.tsx:28:13)

    console.log
      [Button] Rendering with type: submit

      at log (src/components/ui/Button.tsx:25:13)

    console.log
      [Button] Props received: {
        variant: 'primary',
        size: 'lg',
        type: 'submit',
        loading: false,
        disabled: false
      }

      at log (src/components/ui/Button.tsx:26:13)

    console.log
      [Button] Has onClick in props: false

      at log (src/components/ui/Button.tsx:27:13)

    console.log
      [Button] All props: {}

      at log (src/components/ui/Button.tsx:28:13)

    console.log
      [Button] Rendering with type: submit

      at log (src/components/ui/Button.tsx:25:13)

    console.log
      [Button] Props received: {
        variant: 'primary',
        size: 'lg',
        type: 'submit',
        loading: false,
        disabled: false
      }

      at log (src/components/ui/Button.tsx:26:13)

    console.log
      [Button] Has onClick in props: false

      at log (src/components/ui/Button.tsx:27:13)

    console.log
      [Button] All props: {}

      at log (src/components/ui/Button.tsx:28:13)

    console.log
      [Button] Rendering with type: submit

      at log (src/components/ui/Button.tsx:25:13)

    console.log
      [Button] Props received: {
        variant: 'primary',
        size: 'lg',
        type: 'submit',
        loading: false,
        disabled: false
      }

      at log (src/components/ui/Button.tsx:26:13)

    console.log
      [Button] Has onClick in props: false

      at log (src/components/ui/Button.tsx:27:13)

    console.log
      [Button] All props: {}

      at log (src/components/ui/Button.tsx:28:13)

    console.log
      [Button] Rendering with type: submit

      at log (src/components/ui/Button.tsx:25:13)

    console.log
      [Button] Props received: {
        variant: 'primary',
        size: 'lg',
        type: 'submit',
        loading: false,
        disabled: false
      }

      at log (src/components/ui/Button.tsx:26:13)

    console.log
      [Button] Has onClick in props: false

      at log (src/components/ui/Button.tsx:27:13)

    console.log
      [Button] All props: {}

      at log (src/components/ui/Button.tsx:28:13)

    console.log
      [Button] Rendering with type: submit

      at log (src/components/ui/Button.tsx:25:13)

    console.log
      [Button] Props received: {
        variant: 'primary',
        size: 'lg',
        type: 'submit',
        loading: false,
        disabled: false
      }

      at log (src/components/ui/Button.tsx:26:13)

    console.log
      [Button] Has onClick in props: false

      at log (src/components/ui/Button.tsx:27:13)

    console.log
      [Button] All props: {}

      at log (src/components/ui/Button.tsx:28:13)

    console.log
      [Button] Rendering with type: submit

      at log (src/components/ui/Button.tsx:25:13)

    console.log
      [Button] Props received: {
        variant: 'primary',
        size: 'lg',
        type: 'submit',
        loading: false,
        disabled: false
      }

      at log (src/components/ui/Button.tsx:26:13)

    console.log
      [Button] Has onClick in props: false

      at log (src/components/ui/Button.tsx:27:13)

    console.log
      [Button] All props: {}

      at log (src/components/ui/Button.tsx:28:13)

    console.log
      [Button] Rendering with type: submit

      at log (src/components/ui/Button.tsx:25:13)

    console.log
      [Button] Props received: {
        variant: 'primary',
        size: 'lg',
        type: 'submit',
        loading: false,
        disabled: false
      }

      at log (src/components/ui/Button.tsx:26:13)

    console.log
      [Button] Has onClick in props: false

      at log (src/components/ui/Button.tsx:27:13)

    console.log
      [Button] All props: {}

      at log (src/components/ui/Button.tsx:28:13)

    console.log
      [Button] Rendering with type: submit

      at log (src/components/ui/Button.tsx:25:13)

    console.log
      [Button] Props received: {
        variant: 'primary',
        size: 'lg',
        type: 'submit',
        loading: false,
        disabled: false
      }

      at log (src/components/ui/Button.tsx:26:13)

    console.log
      [Button] Has onClick in props: false

      at log (src/components/ui/Button.tsx:27:13)

    console.log
      [Button] All props: {}

      at log (src/components/ui/Button.tsx:28:13)

    console.log
      [Button] Rendering with type: submit

      at log (src/components/ui/Button.tsx:25:13)

    console.log
      [Button] Props received: {
        variant: 'primary',
        size: 'lg',
        type: 'submit',
        loading: false,
        disabled: false
      }

      at log (src/components/ui/Button.tsx:26:13)

    console.log
      [Button] Has onClick in props: false

      at log (src/components/ui/Button.tsx:27:13)

    console.log
      [Button] All props: {}

      at log (src/components/ui/Button.tsx:28:13)

    console.log
      [Button] Rendering with type: submit

      at log (src/components/ui/Button.tsx:25:13)

    console.log
      [Button] Props received: {
        variant: 'primary',
        size: 'lg',
        type: 'submit',
        loading: false,
        disabled: false
      }

      at log (src/components/ui/Button.tsx:26:13)

    console.log
      [Button] Has onClick in props: false

      at log (src/components/ui/Button.tsx:27:13)

    console.log
      [Button] All props: {}

      at log (src/components/ui/Button.tsx:28:13)

    console.log
      [Button] Rendering with type: submit

      at log (src/components/ui/Button.tsx:25:13)

    console.log
      [Button] Props received: {
        variant: 'primary',
        size: 'lg',
        type: 'submit',
        loading: false,
        disabled: false
      }

      at log (src/components/ui/Button.tsx:26:13)

    console.log
      [Button] Has onClick in props: false

      at log (src/components/ui/Button.tsx:27:13)

    console.log
      [Button] All props: {}

      at log (src/components/ui/Button.tsx:28:13)

    console.log
      [Button] Rendering with type: submit

      at log (src/components/ui/Button.tsx:25:13)

    console.log
      [Button] Props received: {
        variant: 'primary',
        size: 'lg',
        type: 'submit',
        loading: false,
        disabled: false
      }

      at log (src/components/ui/Button.tsx:26:13)

    console.log
      [Button] Has onClick in props: false

      at log (src/components/ui/Button.tsx:27:13)

    console.log
      [Button] All props: {}

      at log (src/components/ui/Button.tsx:28:13)

    console.log
      [Button] Rendering with type: submit

      at log (src/components/ui/Button.tsx:25:13)

    console.log
      [Button] Props received: {
        variant: 'primary',
        size: 'lg',
        type: 'submit',
        loading: false,
        disabled: false
      }

      at log (src/components/ui/Button.tsx:26:13)

    console.log
      [Button] Has onClick in props: false

      at log (src/components/ui/Button.tsx:27:13)

    console.log
      [Button] All props: {}

      at log (src/components/ui/Button.tsx:28:13)

    console.log
      [Button] Rendering with type: submit

      at log (src/components/ui/Button.tsx:25:13)

    console.log
      [Button] Props received: {
        variant: 'primary',
        size: 'lg',
        type: 'submit',
        loading: false,
        disabled: false
      }

      at log (src/components/ui/Button.tsx:26:13)

    console.log
      [Button] Has onClick in props: false

      at log (src/components/ui/Button.tsx:27:13)

    console.log
      [Button] All props: {}

      at log (src/components/ui/Button.tsx:28:13)

    console.log
      [Button] Rendering with type: submit

      at log (src/components/ui/Button.tsx:25:13)

    console.log
      [Button] Props received: {
        variant: 'primary',
        size: 'lg',
        type: 'submit',
        loading: false,
        disabled: false
      }

      at log (src/components/ui/Button.tsx:26:13)

    console.log
      [Button] Has onClick in props: false

      at log (src/components/ui/Button.tsx:27:13)

    console.log
      [Button] All props: {}

      at log (src/components/ui/Button.tsx:28:13)

    console.log
      [Button] Rendering with type: submit

      at log (src/components/ui/Button.tsx:25:13)

    console.log
      [Button] Props received: {
        variant: 'primary',
        size: 'lg',
        type: 'submit',
        loading: false,
        disabled: false
      }

      at log (src/components/ui/Button.tsx:26:13)

    console.log
      [Button] Has onClick in props: false

      at log (src/components/ui/Button.tsx:27:13)

    console.log
      [Button] All props: {}

      at log (src/components/ui/Button.tsx:28:13)

    console.log
      [Button] Rendering with type: submit

      at log (src/components/ui/Button.tsx:25:13)

    console.log
      [Button] Props received: {
        variant: 'primary',
        size: 'lg',
        type: 'submit',
        loading: false,
        disabled: false
      }

      at log (src/components/ui/Button.tsx:26:13)

    console.log
      [Button] Has onClick in props: false

      at log (src/components/ui/Button.tsx:27:13)

    console.log
      [Button] All props: {}

      at log (src/components/ui/Button.tsx:28:13)

    console.log
      [Button] Rendering with type: submit

      at log (src/components/ui/Button.tsx:25:13)

    console.log
      [Button] Props received: {
        variant: 'primary',
        size: 'lg',
        type: 'submit',
        loading: false,
        disabled: false
      }

      at log (src/components/ui/Button.tsx:26:13)

    console.log
      [Button] Has onClick in props: false

      at log (src/components/ui/Button.tsx:27:13)

    console.log
      [Button] All props: {}

      at log (src/components/ui/Button.tsx:28:13)

    console.log
      [Button] Rendering with type: submit

      at log (src/components/ui/Button.tsx:25:13)

    console.log
      [Button] Props received: {
        variant: 'primary',
        size: 'lg',
        type: 'submit',
        loading: false,
        disabled: false
      }

      at log (src/components/ui/Button.tsx:26:13)

    console.log
      [Button] Has onClick in props: false

      at log (src/components/ui/Button.tsx:27:13)

    console.log
      [Button] All props: {}

      at log (src/components/ui/Button.tsx:28:13)

    console.log
      [Button] Rendering with type: submit

      at log (src/components/ui/Button.tsx:25:13)

    console.log
      [Button] Props received: {
        variant: 'primary',
        size: 'lg',
        type: 'submit',
        loading: false,
        disabled: false
      }

      at log (src/components/ui/Button.tsx:26:13)

    console.log
      [Button] Has onClick in props: false

      at log (src/components/ui/Button.tsx:27:13)

    console.log
      [Button] All props: {}

      at log (src/components/ui/Button.tsx:28:13)

    console.log
      [Button] Rendering with type: submit

      at log (src/components/ui/Button.tsx:25:13)

    console.log
      [Button] Props received: {
        variant: 'primary',
        size: 'lg',
        type: 'submit',
        loading: false,
        disabled: false
      }

      at log (src/components/ui/Button.tsx:26:13)

    console.log
      [Button] Has onClick in props: false

      at log (src/components/ui/Button.tsx:27:13)

    console.log
      [Button] All props: {}

      at log (src/components/ui/Button.tsx:28:13)

    console.log
      [Button] Rendering with type: submit

      at log (src/components/ui/Button.tsx:25:13)

    console.log
      [Button] Props received: {
        variant: 'primary',
        size: 'lg',
        type: 'submit',
        loading: false,
        disabled: false
      }

      at log (src/components/ui/Button.tsx:26:13)

    console.log
      [Button] Has onClick in props: false

      at log (src/components/ui/Button.tsx:27:13)

    console.log
      [Button] All props: {}

      at log (src/components/ui/Button.tsx:28:13)

    console.log
      [Button] Rendering with type: submit

      at log (src/components/ui/Button.tsx:25:13)

    console.log
      [Button] Props received: {
        variant: 'primary',
        size: 'lg',
        type: 'submit',
        loading: false,
        disabled: false
      }

      at log (src/components/ui/Button.tsx:26:13)

    console.log
      [Button] Has onClick in props: false

      at log (src/components/ui/Button.tsx:27:13)

    console.log
      [Button] All props: {}

      at log (src/components/ui/Button.tsx:28:13)

    console.log
      [Button] Rendering with type: submit

      at log (src/components/ui/Button.tsx:25:13)

    console.log
      [Button] Props received: {
        variant: 'primary',
        size: 'lg',
        type: 'submit',
        loading: false,
        disabled: false
      }

      at log (src/components/ui/Button.tsx:26:13)

    console.log
      [Button] Has onClick in props: false

      at log (src/components/ui/Button.tsx:27:13)

    console.log
      [Button] All props: {}

      at log (src/components/ui/Button.tsx:28:13)

    console.log
      [Button] Rendering with type: submit

      at log (src/components/ui/Button.tsx:25:13)

    console.log
      [Button] Props received: {
        variant: 'primary',
        size: 'lg',
        type: 'submit',
        loading: false,
        disabled: false
      }

      at log (src/components/ui/Button.tsx:26:13)

    console.log
      [Button] Has onClick in props: false

      at log (src/components/ui/Button.tsx:27:13)

    console.log
      [Button] All props: {}

      at log (src/components/ui/Button.tsx:28:13)

    console.log
      [Button] Rendering with type: submit

      at log (src/components/ui/Button.tsx:25:13)

    console.log
      [Button] Props received: {
        variant: 'primary',
        size: 'lg',
        type: 'submit',
        loading: false,
        disabled: false
      }

      at log (src/components/ui/Button.tsx:26:13)

    console.log
      [Button] Has onClick in props: false

      at log (src/components/ui/Button.tsx:27:13)

    console.log
      [Button] All props: {}

      at log (src/components/ui/Button.tsx:28:13)

    console.log
      [Button] Rendering with type: submit

      at log (src/components/ui/Button.tsx:25:13)

    console.log
      [Button] Props received: {
        variant: 'primary',
        size: 'lg',
        type: 'submit',
        loading: false,
        disabled: false
      }

      at log (src/components/ui/Button.tsx:26:13)

    console.log
      [Button] Has onClick in props: false

      at log (src/components/ui/Button.tsx:27:13)

    console.log
      [Button] All props: {}

      at log (src/components/ui/Button.tsx:28:13)

    console.log
      [Button] Rendering with type: submit

      at log (src/components/ui/Button.tsx:25:13)

    console.log
      [Button] Props received: {
        variant: 'primary',
        size: 'lg',
        type: 'submit',
        loading: false,
        disabled: false
      }

      at log (src/components/ui/Button.tsx:26:13)

    console.log
      [Button] Has onClick in props: false

      at log (src/components/ui/Button.tsx:27:13)

    console.log
      [Button] All props: {}

      at log (src/components/ui/Button.tsx:28:13)

    console.log
      [Button] Rendering with type: submit

      at log (src/components/ui/Button.tsx:25:13)

    console.log
      [Button] Props received: {
        variant: 'primary',
        size: 'lg',
        type: 'submit',
        loading: false,
        disabled: false
      }

      at log (src/components/ui/Button.tsx:26:13)

    console.log
      [Button] Has onClick in props: false

      at log (src/components/ui/Button.tsx:27:13)

    console.log
      [Button] All props: {}

      at log (src/components/ui/Button.tsx:28:13)

    console.log
      [Button] Rendering with type: submit

      at log (src/components/ui/Button.tsx:25:13)

    console.log
      [Button] Props received: {
        variant: 'primary',
        size: 'lg',
        type: 'submit',
        loading: false,
        disabled: false
      }

      at log (src/components/ui/Button.tsx:26:13)

    console.log
      [Button] Has onClick in props: false

      at log (src/components/ui/Button.tsx:27:13)

    console.log
      [Button] All props: {}

      at log (src/components/ui/Button.tsx:28:13)

    console.log
      [Button] Rendering with type: submit

      at log (src/components/ui/Button.tsx:25:13)

    console.log
      [Button] Props received: {
        variant: 'primary',
        size: 'lg',
        type: 'submit',
        loading: false,
        disabled: false
      }

      at log (src/components/ui/Button.tsx:26:13)

    console.log
      [Button] Has onClick in props: false

      at log (src/components/ui/Button.tsx:27:13)

    console.log
      [Button] All props: {}

      at log (src/components/ui/Button.tsx:28:13)

    console.log
      [Button] Rendering with type: submit

      at log (src/components/ui/Button.tsx:25:13)

    console.log
      [Button] Props received: {
        variant: 'primary',
        size: 'lg',
        type: 'submit',
        loading: false,
        disabled: false
      }

      at log (src/components/ui/Button.tsx:26:13)

    console.log
      [Button] Has onClick in props: false

      at log (src/components/ui/Button.tsx:27:13)

    console.log
      [Button] All props: {}

      at log (src/components/ui/Button.tsx:28:13)

    console.log
      [Button] Rendering with type: submit

      at log (src/components/ui/Button.tsx:25:13)

    console.log
      [Button] Props received: {
        variant: 'primary',
        size: 'lg',
        type: 'submit',
        loading: false,
        disabled: false
      }

      at log (src/components/ui/Button.tsx:26:13)

    console.log
      [Button] Has onClick in props: false

      at log (src/components/ui/Button.tsx:27:13)

    console.log
      [Button] All props: {}

      at log (src/components/ui/Button.tsx:28:13)

    console.log
      [Button] Rendering with type: submit

      at log (src/components/ui/Button.tsx:25:13)

    console.log
      [Button] Props received: {
        variant: 'primary',
        size: 'lg',
        type: 'submit',
        loading: false,
        disabled: false
      }

      at log (src/components/ui/Button.tsx:26:13)

    console.log
      [Button] Has onClick in props: false

      at log (src/components/ui/Button.tsx:27:13)

    console.log
      [Button] All props: {}

      at log (src/components/ui/Button.tsx:28:13)

    console.log
      [Button] Rendering with type: submit

      at log (src/components/ui/Button.tsx:25:13)

    console.log
      [Button] Props received: {
        variant: 'primary',
        size: 'lg',
        type: 'submit',
        loading: false,
        disabled: false
      }

      at log (src/components/ui/Button.tsx:26:13)

    console.log
      [Button] Has onClick in props: false

      at log (src/components/ui/Button.tsx:27:13)

    console.log
      [Button] All props: {}

      at log (src/components/ui/Button.tsx:28:13)

    console.log
      [Button] Rendering with type: submit

      at log (src/components/ui/Button.tsx:25:13)

    console.log
      [Button] Props received: {
        variant: 'primary',
        size: 'lg',
        type: 'submit',
        loading: false,
        disabled: false
      }

      at log (src/components/ui/Button.tsx:26:13)

    console.log
      [Button] Has onClick in props: false

      at log (src/components/ui/Button.tsx:27:13)

    console.log
      [Button] All props: {}

      at log (src/components/ui/Button.tsx:28:13)

    console.log
      [Button] Rendering with type: submit

      at log (src/components/ui/Button.tsx:25:13)

    console.log
      [Button] Props received: {
        variant: 'primary',
        size: 'lg',
        type: 'submit',
        loading: false,
        disabled: false
      }

      at log (src/components/ui/Button.tsx:26:13)

    console.log
      [Button] Has onClick in props: false

      at log (src/components/ui/Button.tsx:27:13)

    console.log
      [Button] All props: {}

      at log (src/components/ui/Button.tsx:28:13)

    console.log
      [Button] Rendering with type: submit

      at log (src/components/ui/Button.tsx:25:13)

    console.log
      [Button] Props received: {
        variant: 'primary',
        size: 'lg',
        type: 'submit',
        loading: false,
        disabled: false
      }

      at log (src/components/ui/Button.tsx:26:13)

    console.log
      [Button] Has onClick in props: false

      at log (src/components/ui/Button.tsx:27:13)

    console.log
      [Button] All props: {}

      at log (src/components/ui/Button.tsx:28:13)

    console.log
      [Button] Rendering with type: submit

      at log (src/components/ui/Button.tsx:25:13)

    console.log
      [Button] Props received: {
        variant: 'primary',
        size: 'lg',
        type: 'submit',
        loading: false,
        disabled: false
      }

      at log (src/components/ui/Button.tsx:26:13)

    console.log
      [Button] Has onClick in props: false

      at log (src/components/ui/Button.tsx:27:13)

    console.log
      [Button] All props: {}

      at log (src/components/ui/Button.tsx:28:13)

    console.log
      [Button] Rendering with type: submit

      at log (src/components/ui/Button.tsx:25:13)

    console.log
      [Button] Props received: {
        variant: 'primary',
        size: 'lg',
        type: 'submit',
        loading: false,
        disabled: false
      }

      at log (src/components/ui/Button.tsx:26:13)

    console.log
      [Button] Has onClick in props: false

      at log (src/components/ui/Button.tsx:27:13)

    console.log
      [Button] All props: {}

      at log (src/components/ui/Button.tsx:28:13)

    console.log
      [Button] Rendering with type: submit

      at log (src/components/ui/Button.tsx:25:13)

    console.log
      [Button] Props received: {
        variant: 'primary',
        size: 'lg',
        type: 'submit',
        loading: false,
        disabled: false
      }

      at log (src/components/ui/Button.tsx:26:13)

    console.log
      [Button] Has onClick in props: false

      at log (src/components/ui/Button.tsx:27:13)

    console.log
      [Button] All props: {}

      at log (src/components/ui/Button.tsx:28:13)

    console.log
      [Button] Rendering with type: submit

      at log (src/components/ui/Button.tsx:25:13)

    console.log
      [Button] Props received: {
        variant: 'primary',
        size: 'lg',
        type: 'submit',
        loading: false,
        disabled: false
      }

      at log (src/components/ui/Button.tsx:26:13)

    console.log
      [Button] Has onClick in props: false

      at log (src/components/ui/Button.tsx:27:13)

    console.log
      [Button] All props: {}

      at log (src/components/ui/Button.tsx:28:13)

    console.log
      [Button] Rendering with type: submit

      at log (src/components/ui/Button.tsx:25:13)

    console.log
      [Button] Props received: {
        variant: 'primary',
        size: 'lg',
        type: 'submit',
        loading: false,
        disabled: false
      }

      at log (src/components/ui/Button.tsx:26:13)

    console.log
      [Button] Has onClick in props: false

      at log (src/components/ui/Button.tsx:27:13)

    console.log
      [Button] All props: {}

      at log (src/components/ui/Button.tsx:28:13)

    console.log
      [Button] Rendering with type: submit

      at log (src/components/ui/Button.tsx:25:13)

    console.log
      [Button] Props received: {
        variant: 'primary',
        size: 'lg',
        type: 'submit',
        loading: false,
        disabled: false
      }

      at log (src/components/ui/Button.tsx:26:13)

    console.log
      [Button] Has onClick in props: false

      at log (src/components/ui/Button.tsx:27:13)

    console.log
      [Button] All props: {}

      at log (src/components/ui/Button.tsx:28:13)

    console.log
      [Button] Rendering with type: submit

      at log (src/components/ui/Button.tsx:25:13)

    console.log
      [Button] Props received: {
        variant: 'primary',
        size: 'lg',
        type: 'submit',
        loading: false,
        disabled: false
      }

      at log (src/components/ui/Button.tsx:26:13)

    console.log
      [Button] Has onClick in props: false

      at log (src/components/ui/Button.tsx:27:13)

    console.log
      [Button] All props: {}

      at log (src/components/ui/Button.tsx:28:13)

    console.log
      [Button] Rendering with type: submit

      at log (src/components/ui/Button.tsx:25:13)

    console.log
      [Button] Props received: {
        variant: 'primary',
        size: 'lg',
        type: 'submit',
        loading: false,
        disabled: false
      }

      at log (src/components/ui/Button.tsx:26:13)

    console.log
      [Button] Has onClick in props: false

      at log (src/components/ui/Button.tsx:27:13)

    console.log
      [Button] All props: {}

      at log (src/components/ui/Button.tsx:28:13)

    console.log
      [Button] Rendering with type: submit

      at log (src/components/ui/Button.tsx:25:13)

    console.log
      [Button] Props received: {
        variant: 'primary',
        size: 'lg',
        type: 'submit',
        loading: false,
        disabled: false
      }

      at log (src/components/ui/Button.tsx:26:13)

    console.log
      [Button] Has onClick in props: false

      at log (src/components/ui/Button.tsx:27:13)

    console.log
      [Button] All props: {}

      at log (src/components/ui/Button.tsx:28:13)

    console.log
      [Button] Rendering with type: submit

      at log (src/components/ui/Button.tsx:25:13)

    console.log
      [Button] Props received: {
        variant: 'primary',
        size: 'lg',
        type: 'submit',
        loading: false,
        disabled: false
      }

      at log (src/components/ui/Button.tsx:26:13)

    console.log
      [Button] Has onClick in props: false

      at log (src/components/ui/Button.tsx:27:13)

    console.log
      [Button] All props: {}

      at log (src/components/ui/Button.tsx:28:13)

    console.log
      [Button] Rendering with type: submit

      at log (src/components/ui/Button.tsx:25:13)

    console.log
      [Button] Props received: {
        variant: 'primary',
        size: 'lg',
        type: 'submit',
        loading: false,
        disabled: false
      }

      at log (src/components/ui/Button.tsx:26:13)

    console.log
      [Button] Has onClick in props: false

      at log (src/components/ui/Button.tsx:27:13)

    console.log
      [Button] All props: {}

      at log (src/components/ui/Button.tsx:28:13)

    console.log
      [Button] Rendering with type: submit

      at log (src/components/ui/Button.tsx:25:13)

    console.log
      [Button] Props received: {
        variant: 'primary',
        size: 'lg',
        type: 'submit',
        loading: false,
        disabled: false
      }

      at log (src/components/ui/Button.tsx:26:13)

    console.log
      [Button] Has onClick in props: false

      at log (src/components/ui/Button.tsx:27:13)

    console.log
      [Button] All props: {}

      at log (src/components/ui/Button.tsx:28:13)

    console.log
      [Button] Rendering with type: submit

      at log (src/components/ui/Button.tsx:25:13)

    console.log
      [Button] Props received: {
        variant: 'primary',
        size: 'lg',
        type: 'submit',
        loading: false,
        disabled: false
      }

      at log (src/components/ui/Button.tsx:26:13)

    console.log
      [Button] Has onClick in props: false

      at log (src/components/ui/Button.tsx:27:13)

    console.log
      [Button] All props: {}

      at log (src/components/ui/Button.tsx:28:13)

    console.log
      [Button] Rendering with type: submit

      at log (src/components/ui/Button.tsx:25:13)

    console.log
      [Button] Props received: {
        variant: 'primary',
        size: 'lg',
        type: 'submit',
        loading: false,
        disabled: false
      }

      at log (src/components/ui/Button.tsx:26:13)

    console.log
      [Button] Has onClick in props: false

      at log (src/components/ui/Button.tsx:27:13)

    console.log
      [Button] All props: {}

      at log (src/components/ui/Button.tsx:28:13)

    console.log
      [Button] Rendering with type: submit

      at log (src/components/ui/Button.tsx:25:13)

    console.log
      [Button] Props received: {
        variant: 'primary',
        size: 'lg',
        type: 'submit',
        loading: false,
        disabled: false
      }

      at log (src/components/ui/Button.tsx:26:13)

    console.log
      [Button] Has onClick in props: false

      at log (src/components/ui/Button.tsx:27:13)

    console.log
      [Button] All props: {}

      at log (src/components/ui/Button.tsx:28:13)

    console.log
      [Button] Rendering with type: submit

      at log (src/components/ui/Button.tsx:25:13)

    console.log
      [Button] Props received: {
        variant: 'primary',
        size: 'lg',
        type: 'submit',
        loading: false,
        disabled: false
      }

      at log (src/components/ui/Button.tsx:26:13)

    console.log
      [Button] Has onClick in props: false

      at log (src/components/ui/Button.tsx:27:13)

    console.log
      [Button] All props: {}

      at log (src/components/ui/Button.tsx:28:13)

    console.log
      [Button] Rendering with type: submit

      at log (src/components/ui/Button.tsx:25:13)

    console.log
      [Button] Props received: {
        variant: 'primary',
        size: 'lg',
        type: 'submit',
        loading: false,
        disabled: false
      }

      at log (src/components/ui/Button.tsx:26:13)

    console.log
      [Button] Has onClick in props: false

      at log (src/components/ui/Button.tsx:27:13)

    console.log
      [Button] All props: {}

      at log (src/components/ui/Button.tsx:28:13)

    console.log
      [Button] Rendering with type: submit

      at log (src/components/ui/Button.tsx:25:13)

    console.log
      [Button] Props received: {
        variant: 'primary',
        size: 'lg',
        type: 'submit',
        loading: false,
        disabled: false
      }

      at log (src/components/ui/Button.tsx:26:13)

    console.log
      [Button] Has onClick in props: false

      at log (src/components/ui/Button.tsx:27:13)

    console.log
      [Button] All props: {}

      at log (src/components/ui/Button.tsx:28:13)

    console.log
      [Button] Rendering with type: submit

      at log (src/components/ui/Button.tsx:25:13)

    console.log
      [Button] Props received: {
        variant: 'primary',
        size: 'lg',
        type: 'submit',
        loading: false,
        disabled: false
      }

      at log (src/components/ui/Button.tsx:26:13)

    console.log
      [Button] Has onClick in props: false

      at log (src/components/ui/Button.tsx:27:13)

    console.log
      [Button] All props: {}

      at log (src/components/ui/Button.tsx:28:13)

    console.log
      [Button] Rendering with type: submit

      at log (src/components/ui/Button.tsx:25:13)

    console.log
      [Button] Props received: {
        variant: 'primary',
        size: 'lg',
        type: 'submit',
        loading: false,
        disabled: false
      }

      at log (src/components/ui/Button.tsx:26:13)

    console.log
      [Button] Has onClick in props: false

      at log (src/components/ui/Button.tsx:27:13)

    console.log
      [Button] All props: {}

      at log (src/components/ui/Button.tsx:28:13)

    console.log
      [Button] Rendering with type: submit

      at log (src/components/ui/Button.tsx:25:13)

    console.log
      [Button] Props received: {
        variant: 'primary',
        size: 'lg',
        type: 'submit',
        loading: false,
        disabled: false
      }

      at log (src/components/ui/Button.tsx:26:13)

    console.log
      [Button] Has onClick in props: false

      at log (src/components/ui/Button.tsx:27:13)

    console.log
      [Button] All props: {}

      at log (src/components/ui/Button.tsx:28:13)

    console.log
      [Button] Rendering with type: submit

      at log (src/components/ui/Button.tsx:25:13)

    console.log
      [Button] Props received: {
        variant: 'primary',
        size: 'lg',
        type: 'submit',
        loading: false,
        disabled: false
      }

      at log (src/components/ui/Button.tsx:26:13)

    console.log
      [Button] Has onClick in props: false

      at log (src/components/ui/Button.tsx:27:13)

    console.log
      [Button] All props: {}

      at log (src/components/ui/Button.tsx:28:13)

    console.log
      [Button] Rendering with type: submit

      at log (src/components/ui/Button.tsx:25:13)

    console.log
      [Button] Props received: {
        variant: 'primary',
        size: 'lg',
        type: 'submit',
        loading: false,
        disabled: false
      }

      at log (src/components/ui/Button.tsx:26:13)

    console.log
      [Button] Has onClick in props: false

      at log (src/components/ui/Button.tsx:27:13)

    console.log
      [Button] All props: {}

      at log (src/components/ui/Button.tsx:28:13)

    console.log
      [Button] Rendering with type: submit

      at log (src/components/ui/Button.tsx:25:13)

    console.log
      [Button] Props received: {
        variant: 'primary',
        size: 'lg',
        type: 'submit',
        loading: false,
        disabled: false
      }

      at log (src/components/ui/Button.tsx:26:13)

    console.log
      [Button] Has onClick in props: false

      at log (src/components/ui/Button.tsx:27:13)

    console.log
      [Button] All props: {}

      at log (src/components/ui/Button.tsx:28:13)

    console.log
      [Button] Rendering with type: submit

      at log (src/components/ui/Button.tsx:25:13)

    console.log
      [Button] Props received: {
        variant: 'primary',
        size: 'lg',
        type: 'submit',
        loading: false,
        disabled: false
      }

      at log (src/components/ui/Button.tsx:26:13)

    console.log
      [Button] Has onClick in props: false

      at log (src/components/ui/Button.tsx:27:13)

    console.log
      [Button] All props: {}

      at log (src/components/ui/Button.tsx:28:13)

    console.log
      [Button] Rendering with type: submit

      at log (src/components/ui/Button.tsx:25:13)

    console.log
      [Button] Props received: {
        variant: 'primary',
        size: 'lg',
        type: 'submit',
        loading: false,
        disabled: false
      }

      at log (src/components/ui/Button.tsx:26:13)

    console.log
      [Button] Has onClick in props: false

      at log (src/components/ui/Button.tsx:27:13)

    console.log
      [Button] All props: {}

      at log (src/components/ui/Button.tsx:28:13)

    console.log
      [Button] Rendering with type: submit

      at log (src/components/ui/Button.tsx:25:13)

    console.log
      [Button] Props received: {
        variant: 'primary',
        size: 'lg',
        type: 'submit',
        loading: false,
        disabled: false
      }

      at log (src/components/ui/Button.tsx:26:13)

    console.log
      [Button] Has onClick in props: false

      at log (src/components/ui/Button.tsx:27:13)

    console.log
      [Button] All props: {}

      at log (src/components/ui/Button.tsx:28:13)

    console.log
      [Button] Rendering with type: submit

      at log (src/components/ui/Button.tsx:25:13)

    console.log
      [Button] Props received: {
        variant: 'primary',
        size: 'lg',
        type: 'submit',
        loading: false,
        disabled: false
      }

      at log (src/components/ui/Button.tsx:26:13)

    console.log
      [Button] Has onClick in props: false

      at log (src/components/ui/Button.tsx:27:13)

    console.log
      [Button] All props: {}

      at log (src/components/ui/Button.tsx:28:13)

    console.log
      [Button] Rendering with type: submit

      at log (src/components/ui/Button.tsx:25:13)

    console.log
      [Button] Props received: {
        variant: 'primary',
        size: 'lg',
        type: 'submit',
        loading: false,
        disabled: false
      }

      at log (src/components/ui/Button.tsx:26:13)

    console.log
      [Button] Has onClick in props: false

      at log (src/components/ui/Button.tsx:27:13)

    console.log
      [Button] All props: {}

      at log (src/components/ui/Button.tsx:28:13)

    console.log
      [Button] Rendering with type: submit

      at log (src/components/ui/Button.tsx:25:13)

    console.log
      [Button] Props received: {
        variant: 'primary',
        size: 'lg',
        type: 'submit',
        loading: false,
        disabled: false
      }

      at log (src/components/ui/Button.tsx:26:13)

    console.log
      [Button] Has onClick in props: false

      at log (src/components/ui/Button.tsx:27:13)

    console.log
      [Button] All props: {}

      at log (src/components/ui/Button.tsx:28:13)

    console.log
      [Button] Rendering with type: submit

      at log (src/components/ui/Button.tsx:25:13)

    console.log
      [Button] Props received: {
        variant: 'primary',
        size: 'lg',
        type: 'submit',
        loading: false,
        disabled: false
      }

      at log (src/components/ui/Button.tsx:26:13)

    console.log
      [Button] Has onClick in props: false

      at log (src/components/ui/Button.tsx:27:13)

    console.log
      [Button] All props: {}

      at log (src/components/ui/Button.tsx:28:13)

    console.log
      [Button] Rendering with type: submit

      at log (src/components/ui/Button.tsx:25:13)

    console.log
      [Button] Props received: {
        variant: 'primary',
        size: 'lg',
        type: 'submit',
        loading: false,
        disabled: false
      }

      at log (src/components/ui/Button.tsx:26:13)

    console.log
      [Button] Has onClick in props: false

      at log (src/components/ui/Button.tsx:27:13)

    console.log
      [Button] All props: {}

      at log (src/components/ui/Button.tsx:28:13)

    console.log
      [Button] Rendering with type: submit

      at log (src/components/ui/Button.tsx:25:13)

    console.log
      [Button] Props received: {
        variant: 'primary',
        size: 'lg',
        type: 'submit',
        loading: false,
        disabled: false
      }

      at log (src/components/ui/Button.tsx:26:13)

    console.log
      [Button] Has onClick in props: false

      at log (src/components/ui/Button.tsx:27:13)

    console.log
      [Button] All props: {}

      at log (src/components/ui/Button.tsx:28:13)

    console.log
      [Button] Rendering with type: submit

      at log (src/components/ui/Button.tsx:25:13)

    console.log
      [Button] Props received: {
        variant: 'primary',
        size: 'lg',
        type: 'submit',
        loading: false,
        disabled: false
      }

      at log (src/components/ui/Button.tsx:26:13)

    console.log
      [Button] Has onClick in props: false

      at log (src/components/ui/Button.tsx:27:13)

    console.log
      [Button] All props: {}

      at log (src/components/ui/Button.tsx:28:13)

    console.log
      [Button] Rendering with type: submit

      at log (src/components/ui/Button.tsx:25:13)

    console.log
      [Button] Props received: {
        variant: 'primary',
        size: 'lg',
        type: 'submit',
        loading: false,
        disabled: false
      }

      at log (src/components/ui/Button.tsx:26:13)

    console.log
      [Button] Has onClick in props: false

      at log (src/components/ui/Button.tsx:27:13)

    console.log
      [Button] All props: {}

      at log (src/components/ui/Button.tsx:28:13)

    console.log
      [Button] Rendering with type: submit

      at log (src/components/ui/Button.tsx:25:13)

    console.log
      [Button] Props received: {
        variant: 'primary',
        size: 'lg',
        type: 'submit',
        loading: false,
        disabled: false
      }

      at log (src/components/ui/Button.tsx:26:13)

    console.log
      [Button] Has onClick in props: false

      at log (src/components/ui/Button.tsx:27:13)

    console.log
      [Button] All props: {}

      at log (src/components/ui/Button.tsx:28:13)

    console.log
      [Button] Rendering with type: submit

      at log (src/components/ui/Button.tsx:25:13)

    console.log
      [Button] Props received: {
        variant: 'primary',
        size: 'lg',
        type: 'submit',
        loading: false,
        disabled: false
      }

      at log (src/components/ui/Button.tsx:26:13)

    console.log
      [Button] Has onClick in props: false

      at log (src/components/ui/Button.tsx:27:13)

    console.log
      [Button] All props: {}

      at log (src/components/ui/Button.tsx:28:13)

    console.log
      [Button] Rendering with type: submit

      at log (src/components/ui/Button.tsx:25:13)

    console.log
      [Button] Props received: {
        variant: 'primary',
        size: 'lg',
        type: 'submit',
        loading: false,
        disabled: false
      }

      at log (src/components/ui/Button.tsx:26:13)

    console.log
      [Button] Has onClick in props: false

      at log (src/components/ui/Button.tsx:27:13)

    console.log
      [Button] All props: {}

      at log (src/components/ui/Button.tsx:28:13)

    console.log
      [Button] Rendering with type: submit

      at log (src/components/ui/Button.tsx:25:13)

    console.log
      [Button] Props received: {
        variant: 'primary',
        size: 'lg',
        type: 'submit',
        loading: false,
        disabled: false
      }

      at log (src/components/ui/Button.tsx:26:13)

    console.log
      [Button] Has onClick in props: false

      at log (src/components/ui/Button.tsx:27:13)

    console.log
      [Button] All props: {}

      at log (src/components/ui/Button.tsx:28:13)

    console.log
      [Button] Rendering with type: submit

      at log (src/components/ui/Button.tsx:25:13)

    console.log
      [Button] Props received: {
        variant: 'primary',
        size: 'lg',
        type: 'submit',
        loading: false,
        disabled: false
      }

      at log (src/components/ui/Button.tsx:26:13)

    console.log
      [Button] Has onClick in props: false

      at log (src/components/ui/Button.tsx:27:13)

    console.log
      [Button] All props: {}

      at log (src/components/ui/Button.tsx:28:13)

    console.log
      [Button] Rendering with type: submit

      at log (src/components/ui/Button.tsx:25:13)

    console.log
      [Button] Props received: {
        variant: 'primary',
        size: 'lg',
        type: 'submit',
        loading: false,
        disabled: false
      }

      at log (src/components/ui/Button.tsx:26:13)

    console.log
      [Button] Has onClick in props: false

      at log (src/components/ui/Button.tsx:27:13)

    console.log
      [Button] All props: {}

      at log (src/components/ui/Button.tsx:28:13)

    console.log
      [Button] Rendering with type: submit

      at log (src/components/ui/Button.tsx:25:13)

    console.log
      [Button] Props received: {
        variant: 'primary',
        size: 'lg',
        type: 'submit',
        loading: false,
        disabled: false
      }

      at log (src/components/ui/Button.tsx:26:13)

    console.log
      [Button] Has onClick in props: false

      at log (src/components/ui/Button.tsx:27:13)

    console.log
      [Button] All props: {}

      at log (src/components/ui/Button.tsx:28:13)

    console.log
      [Button] Rendering with type: submit

      at log (src/components/ui/Button.tsx:25:13)

    console.log
      [Button] Props received: {
        variant: 'primary',
        size: 'lg',
        type: 'submit',
        loading: false,
        disabled: false
      }

      at log (src/components/ui/Button.tsx:26:13)

    console.log
      [Button] Has onClick in props: false

      at log (src/components/ui/Button.tsx:27:13)

    console.log
      [Button] All props: {}

      at log (src/components/ui/Button.tsx:28:13)

    console.log
      [Button] Rendering with type: submit

      at log (src/components/ui/Button.tsx:25:13)

    console.log
      [Button] Props received: {
        variant: 'primary',
        size: 'lg',
        type: 'submit',
        loading: false,
        disabled: false
      }

      at log (src/components/ui/Button.tsx:26:13)

    console.log
      [Button] Has onClick in props: false

      at log (src/components/ui/Button.tsx:27:13)

    console.log
      [Button] All props: {}

      at log (src/components/ui/Button.tsx:28:13)

    console.log
      [Button] Rendering with type: submit

      at log (src/components/ui/Button.tsx:25:13)

    console.log
      [Button] Props received: {
        variant: 'primary',
        size: 'lg',
        type: 'submit',
        loading: false,
        disabled: false
      }

      at log (src/components/ui/Button.tsx:26:13)

    console.log
      [Button] Has onClick in props: false

      at log (src/components/ui/Button.tsx:27:13)

    console.log
      [Button] All props: {}

      at log (src/components/ui/Button.tsx:28:13)

    console.log
      [Button] Rendering with type: submit

      at log (src/components/ui/Button.tsx:25:13)

    console.log
      [Button] Props received: {
        variant: 'primary',
        size: 'lg',
        type: 'submit',
        loading: false,
        disabled: false
      }

      at log (src/components/ui/Button.tsx:26:13)

    console.log
      [Button] Has onClick in props: false

      at log (src/components/ui/Button.tsx:27:13)

    console.log
      [Button] All props: {}

      at log (src/components/ui/Button.tsx:28:13)

    console.log
      [Button] Rendering with type: submit

      at log (src/components/ui/Button.tsx:25:13)

    console.log
      [Button] Props received: {
        variant: 'primary',
        size: 'lg',
        type: 'submit',
        loading: false,
        disabled: false
      }

      at log (src/components/ui/Button.tsx:26:13)

    console.log
      [Button] Has onClick in props: false

      at log (src/components/ui/Button.tsx:27:13)

    console.log
      [Button] All props: {}

      at log (src/components/ui/Button.tsx:28:13)

    console.log
      [Button] Rendering with type: submit

      at log (src/components/ui/Button.tsx:25:13)

    console.log
      [Button] Props received: {
        variant: 'primary',
        size: 'lg',
        type: 'submit',
        loading: false,
        disabled: false
      }

      at log (src/components/ui/Button.tsx:26:13)

    console.log
      [Button] Has onClick in props: false

      at log (src/components/ui/Button.tsx:27:13)

    console.log
      [Button] All props: {}

      at log (src/components/ui/Button.tsx:28:13)

    console.log
      [Button] Rendering with type: submit

      at log (src/components/ui/Button.tsx:25:13)

    console.log
      [Button] Props received: {
        variant: 'primary',
        size: 'lg',
        type: 'submit',
        loading: false,
        disabled: false
      }

      at log (src/components/ui/Button.tsx:26:13)

    console.log
      [Button] Has onClick in props: false

      at log (src/components/ui/Button.tsx:27:13)

    console.log
      [Button] All props: {}

      at log (src/components/ui/Button.tsx:28:13)

    console.log
      [Button] Rendering with type: submit

      at log (src/components/ui/Button.tsx:25:13)

    console.log
      [Button] Props received: {
        variant: 'primary',
        size: 'lg',
        type: 'submit',
        loading: false,
        disabled: false
      }

      at log (src/components/ui/Button.tsx:26:13)

    console.log
      [Button] Has onClick in props: false

      at log (src/components/ui/Button.tsx:27:13)

    console.log
      [Button] All props: {}

      at log (src/components/ui/Button.tsx:28:13)

    console.log
      [Button] Rendering with type: submit

      at log (src/components/ui/Button.tsx:25:13)

    console.log
      [Button] Props received: {
        variant: 'primary',
        size: 'lg',
        type: 'submit',
        loading: false,
        disabled: false
      }

      at log (src/components/ui/Button.tsx:26:13)

    console.log
      [Button] Has onClick in props: false

      at log (src/components/ui/Button.tsx:27:13)

    console.log
      [Button] All props: {}

      at log (src/components/ui/Button.tsx:28:13)

    console.log
      [Button] Rendering with type: submit

      at log (src/components/ui/Button.tsx:25:13)

    console.log
      [Button] Props received: {
        variant: 'primary',
        size: 'lg',
        type: 'submit',
        loading: false,
        disabled: false
      }

      at log (src/components/ui/Button.tsx:26:13)

    console.log
      [Button] Has onClick in props: false

      at log (src/components/ui/Button.tsx:27:13)

    console.log
      [Button] All props: {}

      at log (src/components/ui/Button.tsx:28:13)

    console.log
      [Button] Rendering with type: submit

      at log (src/components/ui/Button.tsx:25:13)

    console.log
      [Button] Props received: {
        variant: 'primary',
        size: 'lg',
        type: 'submit',
        loading: false,
        disabled: false
      }

      at log (src/components/ui/Button.tsx:26:13)

    console.log
      [Button] Has onClick in props: false

      at log (src/components/ui/Button.tsx:27:13)

    console.log
      [Button] All props: {}

      at log (src/components/ui/Button.tsx:28:13)

    console.log
      [Button] Rendering with type: submit

      at log (src/components/ui/Button.tsx:25:13)

    console.log
      [Button] Props received: {
        variant: 'primary',
        size: 'lg',
        type: 'submit',
        loading: false,
        disabled: false
      }

      at log (src/components/ui/Button.tsx:26:13)

    console.log
      [Button] Has onClick in props: false

      at log (src/components/ui/Button.tsx:27:13)

    console.log
      [Button] All props: {}

      at log (src/components/ui/Button.tsx:28:13)

    console.log
      [Button] Rendering with type: submit

      at log (src/components/ui/Button.tsx:25:13)

    console.log
      [Button] Props received: {
        variant: 'primary',
        size: 'lg',
        type: 'submit',
        loading: false,
        disabled: false
      }

      at log (src/components/ui/Button.tsx:26:13)

    console.log
      [Button] Has onClick in props: false

      at log (src/components/ui/Button.tsx:27:13)

    console.log
      [Button] All props: {}

      at log (src/components/ui/Button.tsx:28:13)

    console.log
      [Button] Rendering with type: submit

      at log (src/components/ui/Button.tsx:25:13)

    console.log
      [Button] Props received: {
        variant: 'primary',
        size: 'lg',
        type: 'submit',
        loading: false,
        disabled: false
      }

      at log (src/components/ui/Button.tsx:26:13)

    console.log
      [Button] Has onClick in props: false

      at log (src/components/ui/Button.tsx:27:13)

    console.log
      [Button] All props: {}

      at log (src/components/ui/Button.tsx:28:13)

    console.log
      [Button] Rendering with type: submit

      at log (src/components/ui/Button.tsx:25:13)

    console.log
      [Button] Props received: {
        variant: 'primary',
        size: 'lg',
        type: 'submit',
        loading: false,
        disabled: false
      }

      at log (src/components/ui/Button.tsx:26:13)

    console.log
      [Button] Has onClick in props: false

      at log (src/components/ui/Button.tsx:27:13)

    console.log
      [Button] All props: {}

      at log (src/components/ui/Button.tsx:28:13)

    console.log
      [Button] Rendering with type: submit

      at log (src/components/ui/Button.tsx:25:13)

    console.log
      [Button] Props received: {
        variant: 'primary',
        size: 'lg',
        type: 'submit',
        loading: false,
        disabled: false
      }

      at log (src/components/ui/Button.tsx:26:13)

    console.log
      [Button] Has onClick in props: false

      at log (src/components/ui/Button.tsx:27:13)

    console.log
      [Button] All props: {}

      at log (src/components/ui/Button.tsx:28:13)

    console.log
      [Button] Rendering with type: submit

      at log (src/components/ui/Button.tsx:25:13)

    console.log
      [Button] Props received: {
        variant: 'primary',
        size: 'lg',
        type: 'submit',
        loading: false,
        disabled: false
      }

      at log (src/components/ui/Button.tsx:26:13)

    console.log
      [Button] Has onClick in props: false

      at log (src/components/ui/Button.tsx:27:13)

    console.log
      [Button] All props: {}

      at log (src/components/ui/Button.tsx:28:13)

    console.log
      [Button] Rendering with type: submit

      at log (src/components/ui/Button.tsx:25:13)

    console.log
      [Button] Props received: {
        variant: 'primary',
        size: 'lg',
        type: 'submit',
        loading: false,
        disabled: false
      }

      at log (src/components/ui/Button.tsx:26:13)

    console.log
      [Button] Has onClick in props: false

      at log (src/components/ui/Button.tsx:27:13)

    console.log
      [Button] All props: {}

      at log (src/components/ui/Button.tsx:28:13)

    console.log
      [Button] Rendering with type: submit

      at log (src/components/ui/Button.tsx:25:13)

    console.log
      [Button] Props received: {
        variant: 'primary',
        size: 'lg',
        type: 'submit',
        loading: false,
        disabled: false
      }

      at log (src/components/ui/Button.tsx:26:13)

    console.log
      [Button] Has onClick in props: false

      at log (src/components/ui/Button.tsx:27:13)

    console.log
      [Button] All props: {}

      at log (src/components/ui/Button.tsx:28:13)

    console.log
      [Button] Rendering with type: submit

      at log (src/components/ui/Button.tsx:25:13)

    console.log
      [Button] Props received: {
        variant: 'primary',
        size: 'lg',
        type: 'submit',
        loading: false,
        disabled: false
      }

      at log (src/components/ui/Button.tsx:26:13)

    console.log
      [Button] Has onClick in props: false

      at log (src/components/ui/Button.tsx:27:13)

    console.log
      [Button] All props: {}

      at log (src/components/ui/Button.tsx:28:13)

    console.log
      [Button] Rendering with type: submit

      at log (src/components/ui/Button.tsx:25:13)

    console.log
      [Button] Props received: {
        variant: 'primary',
        size: 'lg',
        type: 'submit',
        loading: false,
        disabled: false
      }

      at log (src/components/ui/Button.tsx:26:13)

    console.log
      [Button] Has onClick in props: false

      at log (src/components/ui/Button.tsx:27:13)

    console.log
      [Button] All props: {}

      at log (src/components/ui/Button.tsx:28:13)

    console.log
      [Button] Rendering with type: submit

      at log (src/components/ui/Button.tsx:25:13)

    console.log
      [Button] Props received: {
        variant: 'primary',
        size: 'lg',
        type: 'submit',
        loading: false,
        disabled: false
      }

      at log (src/components/ui/Button.tsx:26:13)

    console.log
      [Button] Has onClick in props: false

      at log (src/components/ui/Button.tsx:27:13)

    console.log
      [Button] All props: {}

      at log (src/components/ui/Button.tsx:28:13)

    console.log
      [Button] Rendering with type: submit

      at log (src/components/ui/Button.tsx:25:13)

    console.log
      [Button] Props received: {
        variant: 'primary',
        size: 'lg',
        type: 'submit',
        loading: false,
        disabled: false
      }

      at log (src/components/ui/Button.tsx:26:13)

    console.log
      [Button] Has onClick in props: false

      at log (src/components/ui/Button.tsx:27:13)

    console.log
      [Button] All props: {}

      at log (src/components/ui/Button.tsx:28:13)

    console.log
      [Button] Rendering with type: submit

      at log (src/components/ui/Button.tsx:25:13)

    console.log
      [Button] Props received: {
        variant: 'primary',
        size: 'lg',
        type: 'submit',
        loading: false,
        disabled: false
      }

      at log (src/components/ui/Button.tsx:26:13)

    console.log
      [Button] Has onClick in props: false

      at log (src/components/ui/Button.tsx:27:13)

    console.log
      [Button] All props: {}

      at log (src/components/ui/Button.tsx:28:13)

    console.log
      [Button] Rendering with type: submit

      at log (src/components/ui/Button.tsx:25:13)

    console.log
      [Button] Props received: {
        variant: 'primary',
        size: 'lg',
        type: 'submit',
        loading: false,
        disabled: false
      }

      at log (src/components/ui/Button.tsx:26:13)

    console.log
      [Button] Has onClick in props: false

      at log (src/components/ui/Button.tsx:27:13)

    console.log
      [Button] All props: {}

      at log (src/components/ui/Button.tsx:28:13)

    console.log
      [Button] Rendering with type: submit

      at log (src/components/ui/Button.tsx:25:13)

    console.log
      [Button] Props received: {
        variant: 'primary',
        size: 'lg',
        type: 'submit',
        loading: false,
        disabled: false
      }

      at log (src/components/ui/Button.tsx:26:13)

    console.log
      [Button] Has onClick in props: false

      at log (src/components/ui/Button.tsx:27:13)

    console.log
      [Button] All props: {}

      at log (src/components/ui/Button.tsx:28:13)

    console.log
      [Button] Rendering with type: submit

      at log (src/components/ui/Button.tsx:25:13)

    console.log
      [Button] Props received: {
        variant: 'primary',
        size: 'lg',
        type: 'submit',
        loading: false,
        disabled: false
      }

      at log (src/components/ui/Button.tsx:26:13)

    console.log
      [Button] Has onClick in props: false

      at log (src/components/ui/Button.tsx:27:13)

    console.log
      [Button] All props: {}

      at log (src/components/ui/Button.tsx:28:13)

    console.log
      [Button] Rendering with type: submit

      at log (src/components/ui/Button.tsx:25:13)

    console.log
      [Button] Props received: {
        variant: 'primary',
        size: 'lg',
        type: 'submit',
        loading: false,
        disabled: false
      }

      at log (src/components/ui/Button.tsx:26:13)

    console.log
      [Button] Has onClick in props: false

      at log (src/components/ui/Button.tsx:27:13)

    console.log
      [Button] All props: {}

      at log (src/components/ui/Button.tsx:28:13)

    console.log
      [Button] Rendering with type: submit

      at log (src/components/ui/Button.tsx:25:13)

    console.log
      [Button] Props received: {
        variant: 'primary',
        size: 'lg',
        type: 'submit',
        loading: false,
        disabled: false
      }

      at log (src/components/ui/Button.tsx:26:13)

    console.log
      [Button] Has onClick in props: false

      at log (src/components/ui/Button.tsx:27:13)

    console.log
      [Button] All props: {}

      at log (src/components/ui/Button.tsx:28:13)

    console.log
      [Button] Rendering with type: submit

      at log (src/components/ui/Button.tsx:25:13)

    console.log
      [Button] Props received: {
        variant: 'primary',
        size: 'lg',
        type: 'submit',
        loading: false,
        disabled: false
      }

      at log (src/components/ui/Button.tsx:26:13)

    console.log
      [Button] Has onClick in props: false

      at log (src/components/ui/Button.tsx:27:13)

    console.log
      [Button] All props: {}

      at log (src/components/ui/Button.tsx:28:13)

    console.log
      [Button] Rendering with type: submit

      at log (src/components/ui/Button.tsx:25:13)

    console.log
      [Button] Props received: {
        variant: 'primary',
        size: 'lg',
        type: 'submit',
        loading: false,
        disabled: false
      }

      at log (src/components/ui/Button.tsx:26:13)

    console.log
      [Button] Has onClick in props: false

      at log (src/components/ui/Button.tsx:27:13)

    console.log
      [Button] All props: {}

      at log (src/components/ui/Button.tsx:28:13)

    console.log
      [Button] Rendering with type: submit

      at log (src/components/ui/Button.tsx:25:13)

    console.log
      [Button] Props received: {
        variant: 'primary',
        size: 'lg',
        type: 'submit',
        loading: false,
        disabled: false
      }

      at log (src/components/ui/Button.tsx:26:13)

    console.log
      [Button] Has onClick in props: false

      at log (src/components/ui/Button.tsx:27:13)

    console.log
      [Button] All props: {}

      at log (src/components/ui/Button.tsx:28:13)

    console.log
      [Button] Rendering with type: submit

      at log (src/components/ui/Button.tsx:25:13)

    console.log
      [Button] Props received: {
        variant: 'primary',
        size: 'lg',
        type: 'submit',
        loading: false,
        disabled: false
      }

      at log (src/components/ui/Button.tsx:26:13)

    console.log
      [Button] Has onClick in props: false

      at log (src/components/ui/Button.tsx:27:13)

    console.log
      [Button] All props: {}

      at log (src/components/ui/Button.tsx:28:13)

    console.log
      [Button] Rendering with type: submit

      at log (src/components/ui/Button.tsx:25:13)

    console.log
      [Button] Props received: {
        variant: 'primary',
        size: 'lg',
        type: 'submit',
        loading: false,
        disabled: false
      }

      at log (src/components/ui/Button.tsx:26:13)

    console.log
      [Button] Has onClick in props: false

      at log (src/components/ui/Button.tsx:27:13)

    console.log
      [Button] All props: {}

      at log (src/components/ui/Button.tsx:28:13)

    console.log
      [Button] Rendering with type: submit

      at log (src/components/ui/Button.tsx:25:13)

    console.log
      [Button] Props received: {
        variant: 'primary',
        size: 'lg',
        type: 'submit',
        loading: false,
        disabled: false
      }

      at log (src/components/ui/Button.tsx:26:13)

    console.log
      [Button] Has onClick in props: false

      at log (src/components/ui/Button.tsx:27:13)

    console.log
      [Button] All props: {}

      at log (src/components/ui/Button.tsx:28:13)

    console.log
      [Button] Rendering with type: submit

      at log (src/components/ui/Button.tsx:25:13)

    console.log
      [Button] Props received: {
        variant: 'primary',
        size: 'lg',
        type: 'submit',
        loading: false,
        disabled: false
      }

      at log (src/components/ui/Button.tsx:26:13)

    console.log
      [Button] Has onClick in props: false

      at log (src/components/ui/Button.tsx:27:13)

    console.log
      [Button] All props: {}

      at log (src/components/ui/Button.tsx:28:13)

    console.log
      [Button] Rendering with type: submit

      at log (src/components/ui/Button.tsx:25:13)

    console.log
      [Button] Props received: {
        variant: 'primary',
        size: 'lg',
        type: 'submit',
        loading: false,
        disabled: false
      }

      at log (src/components/ui/Button.tsx:26:13)

    console.log
      [Button] Has onClick in props: false

      at log (src/components/ui/Button.tsx:27:13)

    console.log
      [Button] All props: {}

      at log (src/components/ui/Button.tsx:28:13)

    console.log
      [Button] Rendering with type: submit

      at log (src/components/ui/Button.tsx:25:13)

    console.log
      [Button] Props received: {
        variant: 'primary',
        size: 'lg',
        type: 'submit',
        loading: false,
        disabled: false
      }

      at log (src/components/ui/Button.tsx:26:13)

    console.log
      [Button] Has onClick in props: false

      at log (src/components/ui/Button.tsx:27:13)

    console.log
      [Button] All props: {}

      at log (src/components/ui/Button.tsx:28:13)

    console.log
      [Button] Rendering with type: submit

      at log (src/components/ui/Button.tsx:25:13)

    console.log
      [Button] Props received: {
        variant: 'primary',
        size: 'lg',
        type: 'submit',
        loading: false,
        disabled: false
      }

      at log (src/components/ui/Button.tsx:26:13)

    console.log
      [Button] Has onClick in props: false

      at log (src/components/ui/Button.tsx:27:13)

    console.log
      [Button] All props: {}

      at log (src/components/ui/Button.tsx:28:13)

    console.log
      [Button] Rendering with type: submit

      at log (src/components/ui/Button.tsx:25:13)

    console.log
      [Button] Props received: {
        variant: 'primary',
        size: 'lg',
        type: 'submit',
        loading: false,
        disabled: false
      }

      at log (src/components/ui/Button.tsx:26:13)

    console.log
      [Button] Has onClick in props: false

      at log (src/components/ui/Button.tsx:27:13)

    console.log
      [Button] All props: {}

      at log (src/components/ui/Button.tsx:28:13)

    console.log
      [Button] Rendering with type: submit

      at log (src/components/ui/Button.tsx:25:13)

    console.log
      [Button] Props received: {
        variant: 'primary',
        size: 'lg',
        type: 'submit',
        loading: false,
        disabled: false
      }

      at log (src/components/ui/Button.tsx:26:13)

    console.log
      [Button] Has onClick in props: false

      at log (src/components/ui/Button.tsx:27:13)

    console.log
      [Button] All props: {}

      at log (src/components/ui/Button.tsx:28:13)

    console.log
      [Button] Rendering with type: submit

      at log (src/components/ui/Button.tsx:25:13)

    console.log
      [Button] Props received: {
        variant: 'primary',
        size: 'lg',
        type: 'submit',
        loading: false,
        disabled: false
      }

      at log (src/components/ui/Button.tsx:26:13)

    console.log
      [Button] Has onClick in props: false

      at log (src/components/ui/Button.tsx:27:13)

    console.log
      [Button] All props: {}

      at log (src/components/ui/Button.tsx:28:13)

    console.log
      [Button] Rendering with type: submit

      at log (src/components/ui/Button.tsx:25:13)

    console.log
      [Button] Props received: {
        variant: 'primary',
        size: 'lg',
        type: 'submit',
        loading: false,
        disabled: false
      }

      at log (src/components/ui/Button.tsx:26:13)

    console.log
      [Button] Has onClick in props: false

      at log (src/components/ui/Button.tsx:27:13)

    console.log
      [Button] All props: {}

      at log (src/components/ui/Button.tsx:28:13)

    console.log
      [Button] Rendering with type: submit

      at log (src/components/ui/Button.tsx:25:13)

    console.log
      [Button] Props received: {
        variant: 'primary',
        size: 'lg',
        type: 'submit',
        loading: false,
        disabled: false
      }

      at log (src/components/ui/Button.tsx:26:13)

    console.log
      [Button] Has onClick in props: false

      at log (src/components/ui/Button.tsx:27:13)

    console.log
      [Button] All props: {}

      at log (src/components/ui/Button.tsx:28:13)

    console.log
      [Button] Rendering with type: submit

      at log (src/components/ui/Button.tsx:25:13)

    console.log
      [Button] Props received: {
        variant: 'primary',
        size: 'lg',
        type: 'submit',
        loading: false,
        disabled: false
      }

      at log (src/components/ui/Button.tsx:26:13)

    console.log
      [Button] Has onClick in props: false

      at log (src/components/ui/Button.tsx:27:13)

    console.log
      [Button] All props: {}

      at log (src/components/ui/Button.tsx:28:13)

    console.log
      [Button] Rendering with type: submit

      at log (src/components/ui/Button.tsx:25:13)

    console.log
      [Button] Props received: {
        variant: 'primary',
        size: 'lg',
        type: 'submit',
        loading: false,
        disabled: false
      }

      at log (src/components/ui/Button.tsx:26:13)

    console.log
      [Button] Has onClick in props: false

      at log (src/components/ui/Button.tsx:27:13)

    console.log
      [Button] All props: {}

      at log (src/components/ui/Button.tsx:28:13)

    console.log
      [Button] Rendering with type: submit

      at log (src/components/ui/Button.tsx:25:13)

    console.log
      [Button] Props received: {
        variant: 'primary',
        size: 'lg',
        type: 'submit',
        loading: false,
        disabled: false
      }

      at log (src/components/ui/Button.tsx:26:13)

    console.log
      [Button] Has onClick in props: false

      at log (src/components/ui/Button.tsx:27:13)

    console.log
      [Button] All props: {}

      at log (src/components/ui/Button.tsx:28:13)

    console.log
      [Button] Rendering with type: submit

      at log (src/components/ui/Button.tsx:25:13)

    console.log
      [Button] Props received: {
        variant: 'primary',
        size: 'lg',
        type: 'submit',
        loading: false,
        disabled: false
      }

      at log (src/components/ui/Button.tsx:26:13)

    console.log
      [Button] Has onClick in props: false

      at log (src/components/ui/Button.tsx:27:13)

    console.log
      [Button] All props: {}

      at log (src/components/ui/Button.tsx:28:13)

    console.log
      [Button] Rendering with type: submit

      at log (src/components/ui/Button.tsx:25:13)

    console.log
      [Button] Props received: {
        variant: 'primary',
        size: 'lg',
        type: 'submit',
        loading: false,
        disabled: false
      }

      at log (src/components/ui/Button.tsx:26:13)

    console.log
      [Button] Has onClick in props: false

      at log (src/components/ui/Button.tsx:27:13)

    console.log
      [Button] All props: {}

      at log (src/components/ui/Button.tsx:28:13)

    console.log
      [Button] Rendering with type: submit

      at log (src/components/ui/Button.tsx:25:13)

    console.log
      [Button] Props received: {
        variant: 'primary',
        size: 'lg',
        type: 'submit',
        loading: false,
        disabled: false
      }

      at log (src/components/ui/Button.tsx:26:13)

    console.log
      [Button] Has onClick in props: false

      at log (src/components/ui/Button.tsx:27:13)

    console.log
      [Button] All props: {}

      at log (src/components/ui/Button.tsx:28:13)

    console.log
      [Button] Rendering with type: submit

      at log (src/components/ui/Button.tsx:25:13)

    console.log
      [Button] Props received: {
        variant: 'primary',
        size: 'lg',
        type: 'submit',
        loading: false,
        disabled: false
      }

      at log (src/components/ui/Button.tsx:26:13)

    console.log
      [Button] Has onClick in props: false

      at log (src/components/ui/Button.tsx:27:13)

    console.log
      [Button] All props: {}

      at log (src/components/ui/Button.tsx:28:13)

    console.log
      [Button] Rendering with type: submit

      at log (src/components/ui/Button.tsx:25:13)

    console.log
      [Button] Props received: {
        variant: 'primary',
        size: 'lg',
        type: 'submit',
        loading: false,
        disabled: false
      }

      at log (src/components/ui/Button.tsx:26:13)

    console.log
      [Button] Has onClick in props: false

      at log (src/components/ui/Button.tsx:27:13)

    console.log
      [Button] All props: {}

      at log (src/components/ui/Button.tsx:28:13)

    console.log
      [Button] Rendering with type: submit

      at log (src/components/ui/Button.tsx:25:13)

    console.log
      [Button] Props received: {
        variant: 'primary',
        size: 'lg',
        type: 'submit',
        loading: false,
        disabled: false
      }

      at log (src/components/ui/Button.tsx:26:13)

    console.log
      [Button] Has onClick in props: false

      at log (src/components/ui/Button.tsx:27:13)

    console.log
      [Button] All props: {}

      at log (src/components/ui/Button.tsx:28:13)

    console.log
      [Button] Rendering with type: submit

      at log (src/components/ui/Button.tsx:25:13)

    console.log
      [Button] Props received: {
        variant: 'primary',
        size: 'lg',
        type: 'submit',
        loading: false,
        disabled: false
      }

      at log (src/components/ui/Button.tsx:26:13)

    console.log
      [Button] Has onClick in props: false

      at log (src/components/ui/Button.tsx:27:13)

    console.log
      [Button] All props: {}

      at log (src/components/ui/Button.tsx:28:13)

    console.log
      [Button] Rendering with type: submit

      at log (src/components/ui/Button.tsx:25:13)

    console.log
      [Button] Props received: {
        variant: 'primary',
        size: 'lg',
        type: 'submit',
        loading: false,
        disabled: false
      }

      at log (src/components/ui/Button.tsx:26:13)

    console.log
      [Button] Has onClick in props: false

      at log (src/components/ui/Button.tsx:27:13)

    console.log
      [Button] All props: {}

      at log (src/components/ui/Button.tsx:28:13)

    console.log
      [Button] Rendering with type: submit

      at log (src/components/ui/Button.tsx:25:13)

    console.log
      [Button] Props received: {
        variant: 'primary',
        size: 'lg',
        type: 'submit',
        loading: false,
        disabled: false
      }

      at log (src/components/ui/Button.tsx:26:13)

    console.log
      [Button] Has onClick in props: false

      at log (src/components/ui/Button.tsx:27:13)

    console.log
      [Button] All props: {}

      at log (src/components/ui/Button.tsx:28:13)

    console.log
      [Button] Rendering with type: submit

      at log (src/components/ui/Button.tsx:25:13)

    console.log
      [Button] Props received: {
        variant: 'primary',
        size: 'lg',
        type: 'submit',
        loading: false,
        disabled: false
      }

      at log (src/components/ui/Button.tsx:26:13)

    console.log
      [Button] Has onClick in props: false

      at log (src/components/ui/Button.tsx:27:13)

    console.log
      [Button] All props: {}

      at log (src/components/ui/Button.tsx:28:13)

    console.log
      [Button] Rendering with type: submit

      at log (src/components/ui/Button.tsx:25:13)

    console.log
      [Button] Props received: {
        variant: 'primary',
        size: 'lg',
        type: 'submit',
        loading: false,
        disabled: false
      }

      at log (src/components/ui/Button.tsx:26:13)

    console.log
      [Button] Has onClick in props: false

      at log (src/components/ui/Button.tsx:27:13)

    console.log
      [Button] All props: {}

      at log (src/components/ui/Button.tsx:28:13)

    console.log
      [Button] Rendering with type: submit

      at log (src/components/ui/Button.tsx:25:13)

    console.log
      [Button] Props received: {
        variant: 'primary',
        size: 'lg',
        type: 'submit',
        loading: false,
        disabled: false
      }

      at log (src/components/ui/Button.tsx:26:13)

    console.log
      [Button] Has onClick in props: false

      at log (src/components/ui/Button.tsx:27:13)

    console.log
      [Button] All props: {}

      at log (src/components/ui/Button.tsx:28:13)

    console.log
      [Button] Rendering with type: submit

      at log (src/components/ui/Button.tsx:25:13)

    console.log
      [Button] Props received: {
        variant: 'primary',
        size: 'lg',
        type: 'submit',
        loading: false,
        disabled: false
      }

      at log (src/components/ui/Button.tsx:26:13)

    console.log
      [Button] Has onClick in props: false

      at log (src/components/ui/Button.tsx:27:13)

    console.log
      [Button] All props: {}

      at log (src/components/ui/Button.tsx:28:13)

    console.log
      [Button] Rendering with type: submit

      at log (src/components/ui/Button.tsx:25:13)

    console.log
      [Button] Props received: {
        variant: 'primary',
        size: 'lg',
        type: 'submit',
        loading: false,
        disabled: false
      }

      at log (src/components/ui/Button.tsx:26:13)

    console.log
      [Button] Has onClick in props: false

      at log (src/components/ui/Button.tsx:27:13)

    console.log
      [Button] All props: {}

      at log (src/components/ui/Button.tsx:28:13)

    console.log
      [Button] Rendering with type: submit

      at log (src/components/ui/Button.tsx:25:13)

    console.log
      [Button] Props received: {
        variant: 'primary',
        size: 'lg',
        type: 'submit',
        loading: false,
        disabled: false
      }

      at log (src/components/ui/Button.tsx:26:13)

    console.log
      [Button] Has onClick in props: false

      at log (src/components/ui/Button.tsx:27:13)

    console.log
      [Button] All props: {}

      at log (src/components/ui/Button.tsx:28:13)

    console.log
      [Button] Rendering with type: submit

      at log (src/components/ui/Button.tsx:25:13)

    console.log
      [Button] Props received: {
        variant: 'primary',
        size: 'lg',
        type: 'submit',
        loading: false,
        disabled: false
      }

      at log (src/components/ui/Button.tsx:26:13)

    console.log
      [Button] Has onClick in props: false

      at log (src/components/ui/Button.tsx:27:13)

    console.log
      [Button] All props: {}

      at log (src/components/ui/Button.tsx:28:13)

    console.log
      [Button] Rendering with type: submit

      at log (src/components/ui/Button.tsx:25:13)

    console.log
      [Button] Props received: {
        variant: 'primary',
        size: 'lg',
        type: 'submit',
        loading: false,
        disabled: false
      }

      at log (src/components/ui/Button.tsx:26:13)

    console.log
      [Button] Has onClick in props: false

      at log (src/components/ui/Button.tsx:27:13)

    console.log
      [Button] All props: {}

      at log (src/components/ui/Button.tsx:28:13)

    console.log
      [Button] Rendering with type: submit

      at log (src/components/ui/Button.tsx:25:13)

    console.log
      [Button] Props received: {
        variant: 'primary',
        size: 'lg',
        type: 'submit',
        loading: false,
        disabled: false
      }

      at log (src/components/ui/Button.tsx:26:13)

    console.log
      [Button] Has onClick in props: false

      at log (src/components/ui/Button.tsx:27:13)

    console.log
      [Button] All props: {}

      at log (src/components/ui/Button.tsx:28:13)

    console.log
      [Button] Rendering with type: submit

      at log (src/components/ui/Button.tsx:25:13)

    console.log
      [Button] Props received: {
        variant: 'primary',
        size: 'lg',
        type: 'submit',
        loading: false,
        disabled: false
      }

      at log (src/components/ui/Button.tsx:26:13)

    console.log
      [Button] Has onClick in props: false

      at log (src/components/ui/Button.tsx:27:13)

    console.log
      [Button] All props: {}

      at log (src/components/ui/Button.tsx:28:13)

    console.log
      [Button] Rendering with type: submit

      at log (src/components/ui/Button.tsx:25:13)

    console.log
      [Button] Props received: {
        variant: 'primary',
        size: 'lg',
        type: 'submit',
        loading: false,
        disabled: false
      }

      at log (src/components/ui/Button.tsx:26:13)

    console.log
      [Button] Has onClick in props: false

      at log (src/components/ui/Button.tsx:27:13)

    console.log
      [Button] All props: {}

      at log (src/components/ui/Button.tsx:28:13)

    console.log
      [Button] Rendering with type: submit

      at log (src/components/ui/Button.tsx:25:13)

    console.log
      [Button] Props received: {
        variant: 'primary',
        size: 'lg',
        type: 'submit',
        loading: false,
        disabled: false
      }

      at log (src/components/ui/Button.tsx:26:13)

    console.log
      [Button] Has onClick in props: false

      at log (src/components/ui/Button.tsx:27:13)

    console.log
      [Button] All props: {}

      at log (src/components/ui/Button.tsx:28:13)

    console.log
      [Button] Rendering with type: submit

      at log (src/components/ui/Button.tsx:25:13)

    console.log
      [Button] Props received: {
        variant: 'primary',
        size: 'lg',
        type: 'submit',
        loading: false,
        disabled: false
      }

      at log (src/components/ui/Button.tsx:26:13)

    console.log
      [Button] Has onClick in props: false

      at log (src/components/ui/Button.tsx:27:13)

    console.log
      [Button] All props: {}

      at log (src/components/ui/Button.tsx:28:13)

    console.log
      [Button] Rendering with type: submit

      at log (src/components/ui/Button.tsx:25:13)

    console.log
      [Button] Props received: {
        variant: 'primary',
        size: 'lg',
        type: 'submit',
        loading: false,
        disabled: false
      }

      at log (src/components/ui/Button.tsx:26:13)

    console.log
      [Button] Has onClick in props: false

      at log (src/components/ui/Button.tsx:27:13)

    console.log
      [Button] All props: {}

      at log (src/components/ui/Button.tsx:28:13)

    console.log
      [Button] Rendering with type: submit

      at log (src/components/ui/Button.tsx:25:13)

    console.log
      [Button] Props received: {
        variant: 'primary',
        size: 'lg',
        type: 'submit',
        loading: false,
        disabled: false
      }

      at log (src/components/ui/Button.tsx:26:13)

    console.log
      [Button] Has onClick in props: false

      at log (src/components/ui/Button.tsx:27:13)

    console.log
      [Button] All props: {}

      at log (src/components/ui/Button.tsx:28:13)

    console.log
      [Button] Rendering with type: submit

      at log (src/components/ui/Button.tsx:25:13)

    console.log
      [Button] Props received: {
        variant: 'primary',
        size: 'lg',
        type: 'submit',
        loading: false,
        disabled: false
      }

      at log (src/components/ui/Button.tsx:26:13)

    console.log
      [Button] Has onClick in props: false

      at log (src/components/ui/Button.tsx:27:13)

    console.log
      [Button] All props: {}

      at log (src/components/ui/Button.tsx:28:13)

    console.log
      [Button] Rendering with type: submit

      at log (src/components/ui/Button.tsx:25:13)

    console.log
      [Button] Props received: {
        variant: 'primary',
        size: 'lg',
        type: 'submit',
        loading: false,
        disabled: false
      }

      at log (src/components/ui/Button.tsx:26:13)

    console.log
      [Button] Has onClick in props: false

      at log (src/components/ui/Button.tsx:27:13)

    console.log
      [Button] All props: {}

      at log (src/components/ui/Button.tsx:28:13)

    console.log
      [Button] Rendering with type: submit

      at log (src/components/ui/Button.tsx:25:13)

    console.log
      [Button] Props received: {
        variant: 'primary',
        size: 'lg',
        type: 'submit',
        loading: false,
        disabled: false
      }

      at log (src/components/ui/Button.tsx:26:13)

    console.log
      [Button] Has onClick in props: false

      at log (src/components/ui/Button.tsx:27:13)

    console.log
      [Button] All props: {}

      at log (src/components/ui/Button.tsx:28:13)

    console.log
      [Button] Rendering with type: submit

      at log (src/components/ui/Button.tsx:25:13)

    console.log
      [Button] Props received: {
        variant: 'primary',
        size: 'lg',
        type: 'submit',
        loading: false,
        disabled: false
      }

      at log (src/components/ui/Button.tsx:26:13)

    console.log
      [Button] Has onClick in props: false

      at log (src/components/ui/Button.tsx:27:13)

    console.log
      [Button] All props: {}

      at log (src/components/ui/Button.tsx:28:13)

    console.log
      [Button] Rendering with type: submit

      at log (src/components/ui/Button.tsx:25:13)

    console.log
      [Button] Props received: {
        variant: 'primary',
        size: 'lg',
        type: 'submit',
        loading: false,
        disabled: false
      }

      at log (src/components/ui/Button.tsx:26:13)

    console.log
      [Button] Has onClick in props: false

      at log (src/components/ui/Button.tsx:27:13)

    console.log
      [Button] All props: {}

      at log (src/components/ui/Button.tsx:28:13)

    console.log
      [Button] Rendering with type: submit

      at log (src/components/ui/Button.tsx:25:13)

    console.log
      [Button] Props received: {
        variant: 'primary',
        size: 'lg',
        type: 'submit',
        loading: false,
        disabled: false
      }

      at log (src/components/ui/Button.tsx:26:13)

    console.log
      [Button] Has onClick in props: false

      at log (src/components/ui/Button.tsx:27:13)

    console.log
      [Button] All props: {}

      at log (src/components/ui/Button.tsx:28:13)

    console.log
      [Button] Rendering with type: submit

      at log (src/components/ui/Button.tsx:25:13)

    console.log
      [Button] Props received: {
        variant: 'primary',
        size: 'lg',
        type: 'submit',
        loading: false,
        disabled: false
      }

      at log (src/components/ui/Button.tsx:26:13)

    console.log
      [Button] Has onClick in props: false

      at log (src/components/ui/Button.tsx:27:13)

    console.log
      [Button] All props: {}

      at log (src/components/ui/Button.tsx:28:13)

    console.log
      [Button] Rendering with type: submit

      at log (src/components/ui/Button.tsx:25:13)

    console.log
      [Button] Props received: {
        variant: 'primary',
        size: 'lg',
        type: 'submit',
        loading: false,
        disabled: false
      }

      at log (src/components/ui/Button.tsx:26:13)

    console.log
      [Button] Has onClick in props: false

      at log (src/components/ui/Button.tsx:27:13)

    console.log
      [Button] All props: {}

      at log (src/components/ui/Button.tsx:28:13)

    console.log
      [Button] Rendering with type: submit

      at log (src/components/ui/Button.tsx:25:13)

    console.log
      [Button] Props received: {
        variant: 'primary',
        size: 'lg',
        type: 'submit',
        loading: false,
        disabled: false
      }

      at log (src/components/ui/Button.tsx:26:13)

    console.log
      [Button] Has onClick in props: false

      at log (src/components/ui/Button.tsx:27:13)

    console.log
      [Button] All props: {}

      at log (src/components/ui/Button.tsx:28:13)

    console.log
      [Button] Rendering with type: submit

      at log (src/components/ui/Button.tsx:25:13)

    console.log
      [Button] Props received: {
        variant: 'primary',
        size: 'lg',
        type: 'submit',
        loading: false,
        disabled: false
      }

      at log (src/components/ui/Button.tsx:26:13)

    console.log
      [Button] Has onClick in props: false

      at log (src/components/ui/Button.tsx:27:13)

    console.log
      [Button] All props: {}

      at log (src/components/ui/Button.tsx:28:13)

    console.log
      [Button] Rendering with type: submit

      at log (src/components/ui/Button.tsx:25:13)

    console.log
      [Button] Props received: {
        variant: 'primary',
        size: 'lg',
        type: 'submit',
        loading: false,
        disabled: false
      }

      at log (src/components/ui/Button.tsx:26:13)

    console.log
      [Button] Has onClick in props: false

      at log (src/components/ui/Button.tsx:27:13)

    console.log
      [Button] All props: {}

      at log (src/components/ui/Button.tsx:28:13)

    console.log
      [Button] Rendering with type: submit

      at log (src/components/ui/Button.tsx:25:13)

    console.log
      [Button] Props received: {
        variant: 'primary',
        size: 'lg',
        type: 'submit',
        loading: false,
        disabled: false
      }

      at log (src/components/ui/Button.tsx:26:13)

    console.log
      [Button] Has onClick in props: false

      at log (src/components/ui/Button.tsx:27:13)

    console.log
      [Button] All props: {}

      at log (src/components/ui/Button.tsx:28:13)

    console.log
      [Button] Rendering with type: submit

      at log (src/components/ui/Button.tsx:25:13)

    console.log
      [Button] Props received: {
        variant: 'primary',
        size: 'lg',
        type: 'submit',
        loading: false,
        disabled: false
      }

      at log (src/components/ui/Button.tsx:26:13)

    console.log
      [Button] Has onClick in props: false

      at log (src/components/ui/Button.tsx:27:13)

    console.log
      [Button] All props: {}

      at log (src/components/ui/Button.tsx:28:13)

    console.log
      [Button] Rendering with type: submit

      at log (src/components/ui/Button.tsx:25:13)

    console.log
      [Button] Props received: {
        variant: 'primary',
        size: 'lg',
        type: 'submit',
        loading: false,
        disabled: false
      }

      at log (src/components/ui/Button.tsx:26:13)

    console.log
      [Button] Has onClick in props: false

      at log (src/components/ui/Button.tsx:27:13)

    console.log
      [Button] All props: {}

      at log (src/components/ui/Button.tsx:28:13)

    console.log
      [Button] Rendering with type: submit

      at log (src/components/ui/Button.tsx:25:13)

    console.log
      [Button] Props received: {
        variant: 'primary',
        size: 'lg',
        type: 'submit',
        loading: false,
        disabled: false
      }

      at log (src/components/ui/Button.tsx:26:13)

    console.log
      [Button] Has onClick in props: false

      at log (src/components/ui/Button.tsx:27:13)

    console.log
      [Button] All props: {}

      at log (src/components/ui/Button.tsx:28:13)

    console.log
      [Button] Rendering with type: submit

      at log (src/components/ui/Button.tsx:25:13)

    console.log
      [Button] Props received: {
        variant: 'primary',
        size: 'lg',
        type: 'submit',
        loading: false,
        disabled: false
      }

      at log (src/components/ui/Button.tsx:26:13)

    console.log
      [Button] Has onClick in props: false

      at log (src/components/ui/Button.tsx:27:13)

    console.log
      [Button] All props: {}

      at log (src/components/ui/Button.tsx:28:13)

    console.log
      [Button] Rendering with type: submit

      at log (src/components/ui/Button.tsx:25:13)

    console.log
      [Button] Props received: {
        variant: 'primary',
        size: 'lg',
        type: 'submit',
        loading: false,
        disabled: false
      }

      at log (src/components/ui/Button.tsx:26:13)

    console.log
      [Button] Has onClick in props: false

      at log (src/components/ui/Button.tsx:27:13)

    console.log
      [Button] All props: {}

      at log (src/components/ui/Button.tsx:28:13)

    console.log
      [Button] Rendering with type: submit

      at log (src/components/ui/Button.tsx:25:13)

    console.log
      [Button] Props received: {
        variant: 'primary',
        size: 'lg',
        type: 'submit',
        loading: false,
        disabled: false
      }

      at log (src/components/ui/Button.tsx:26:13)

    console.log
      [Button] Has onClick in props: false

      at log (src/components/ui/Button.tsx:27:13)

    console.log
      [Button] All props: {}

      at log (src/components/ui/Button.tsx:28:13)

    console.log
      [Button] Rendering with type: submit

      at log (src/components/ui/Button.tsx:25:13)

    console.log
      [Button] Props received: {
        variant: 'primary',
        size: 'lg',
        type: 'submit',
        loading: false,
        disabled: false
      }

      at log (src/components/ui/Button.tsx:26:13)

    console.log
      [Button] Has onClick in props: false

      at log (src/components/ui/Button.tsx:27:13)

    console.log
      [Button] All props: {}

      at log (src/components/ui/Button.tsx:28:13)

    console.log
      [Button] Rendering with type: submit

      at log (src/components/ui/Button.tsx:25:13)

    console.log
      [Button] Props received: {
        variant: 'primary',
        size: 'lg',
        type: 'submit',
        loading: false,
        disabled: false
      }

      at log (src/components/ui/Button.tsx:26:13)

    console.log
      [Button] Has onClick in props: false

      at log (src/components/ui/Button.tsx:27:13)

    console.log
      [Button] All props: {}

      at log (src/components/ui/Button.tsx:28:13)

    console.log
      [Button] Rendering with type: submit

      at log (src/components/ui/Button.tsx:25:13)

    console.log
      [Button] Props received: {
        variant: 'primary',
        size: 'lg',
        type: 'submit',
        loading: false,
        disabled: false
      }

      at log (src/components/ui/Button.tsx:26:13)

    console.log
      [Button] Has onClick in props: false

      at log (src/components/ui/Button.tsx:27:13)

    console.log
      [Button] All props: {}

      at log (src/components/ui/Button.tsx:28:13)

    console.log
      [Button] Rendering with type: submit

      at log (src/components/ui/Button.tsx:25:13)

    console.log
      [Button] Props received: {
        variant: 'primary',
        size: 'lg',
        type: 'submit',
        loading: false,
        disabled: false
      }

      at log (src/components/ui/Button.tsx:26:13)

    console.log
      [Button] Has onClick in props: false

      at log (src/components/ui/Button.tsx:27:13)

    console.log
      [Button] All props: {}

      at log (src/components/ui/Button.tsx:28:13)

    console.log
      [Button] Rendering with type: submit

      at log (src/components/ui/Button.tsx:25:13)

    console.log
      [Button] Props received: {
        variant: 'primary',
        size: 'lg',
        type: 'submit',
        loading: false,
        disabled: false
      }

      at log (src/components/ui/Button.tsx:26:13)

    console.log
      [Button] Has onClick in props: false

      at log (src/components/ui/Button.tsx:27:13)

    console.log
      [Button] All props: {}

      at log (src/components/ui/Button.tsx:28:13)

    console.log
      [Button] Rendering with type: submit

      at log (src/components/ui/Button.tsx:25:13)

    console.log
      [Button] Props received: {
        variant: 'primary',
        size: 'lg',
        type: 'submit',
        loading: false,
        disabled: false
      }

      at log (src/components/ui/Button.tsx:26:13)

    console.log
      [Button] Has onClick in props: false

      at log (src/components/ui/Button.tsx:27:13)

    console.log
      [Button] All props: {}

      at log (src/components/ui/Button.tsx:28:13)

    console.log
      [Button] Rendering with type: submit

      at log (src/components/ui/Button.tsx:25:13)

    console.log
      [Button] Props received: {
        variant: 'primary',
        size: 'lg',
        type: 'submit',
        loading: false,
        disabled: false
      }

      at log (src/components/ui/Button.tsx:26:13)

    console.log
      [Button] Has onClick in props: false

      at log (src/components/ui/Button.tsx:27:13)

    console.log
      [Button] All props: {}

      at log (src/components/ui/Button.tsx:28:13)

    console.log
      [Button] Rendering with type: submit

      at log (src/components/ui/Button.tsx:25:13)

    console.log
      [Button] Props received: {
        variant: 'primary',
        size: 'lg',
        type: 'submit',
        loading: false,
        disabled: false
      }

      at log (src/components/ui/Button.tsx:26:13)

    console.log
      [Button] Has onClick in props: false

      at log (src/components/ui/Button.tsx:27:13)

    console.log
      [Button] All props: {}

      at log (src/components/ui/Button.tsx:28:13)

    console.log
      [Button] Rendering with type: submit

      at log (src/components/ui/Button.tsx:25:13)

    console.log
      [Button] Props received: {
        variant: 'primary',
        size: 'lg',
        type: 'submit',
        loading: false,
        disabled: false
      }

      at log (src/components/ui/Button.tsx:26:13)

    console.log
      [Button] Has onClick in props: false

      at log (src/components/ui/Button.tsx:27:13)

    console.log
      [Button] All props: {}

      at log (src/components/ui/Button.tsx:28:13)

    console.log
      [Button] Rendering with type: submit

      at log (src/components/ui/Button.tsx:25:13)

    console.log
      [Button] Props received: {
        variant: 'primary',
        size: 'lg',
        type: 'submit',
        loading: false,
        disabled: false
      }

      at log (src/components/ui/Button.tsx:26:13)

    console.log
      [Button] Has onClick in props: false

      at log (src/components/ui/Button.tsx:27:13)

    console.log
      [Button] All props: {}

      at log (src/components/ui/Button.tsx:28:13)

    console.log
      [Button] Rendering with type: submit

      at log (src/components/ui/Button.tsx:25:13)

    console.log
      [Button] Props received: {
        variant: 'primary',
        size: 'lg',
        type: 'submit',
        loading: false,
        disabled: false
      }

      at log (src/components/ui/Button.tsx:26:13)

    console.log
      [Button] Has onClick in props: false

      at log (src/components/ui/Button.tsx:27:13)

    console.log
      [Button] All props: {}

      at log (src/components/ui/Button.tsx:28:13)

    console.log
      [Button] Rendering with type: submit

      at log (src/components/ui/Button.tsx:25:13)

    console.log
      [Button] Props received: {
        variant: 'primary',
        size: 'lg',
        type: 'submit',
        loading: false,
        disabled: false
      }

      at log (src/components/ui/Button.tsx:26:13)

    console.log
      [Button] Has onClick in props: false

      at log (src/components/ui/Button.tsx:27:13)

    console.log
      [Button] All props: {}

      at log (src/components/ui/Button.tsx:28:13)

    console.log
      [Button] Rendering with type: submit

      at log (src/components/ui/Button.tsx:25:13)

    console.log
      [Button] Props received: {
        variant: 'primary',
        size: 'lg',
        type: 'submit',
        loading: false,
        disabled: false
      }

      at log (src/components/ui/Button.tsx:26:13)

    console.log
      [Button] Has onClick in props: false

      at log (src/components/ui/Button.tsx:27:13)

    console.log
      [Button] All props: {}

      at log (src/components/ui/Button.tsx:28:13)

    console.log
      [Button] Rendering with type: submit

      at log (src/components/ui/Button.tsx:25:13)

    console.log
      [Button] Props received: {
        variant: 'primary',
        size: 'lg',
        type: 'submit',
        loading: false,
        disabled: false
      }

      at log (src/components/ui/Button.tsx:26:13)

    console.log
      [Button] Has onClick in props: false

      at log (src/components/ui/Button.tsx:27:13)

    console.log
      [Button] All props: {}

      at log (src/components/ui/Button.tsx:28:13)

    console.log
      [Button] Rendering with type: submit

      at log (src/components/ui/Button.tsx:25:13)

    console.log
      [Button] Props received: {
        variant: 'primary',
        size: 'lg',
        type: 'submit',
        loading: false,
        disabled: false
      }

      at log (src/components/ui/Button.tsx:26:13)

    console.log
      [Button] Has onClick in props: false

      at log (src/components/ui/Button.tsx:27:13)

    console.log
      [Button] All props: {}

      at log (src/components/ui/Button.tsx:28:13)

    console.log
      [Button] Rendering with type: submit

      at log (src/components/ui/Button.tsx:25:13)

    console.log
      [Button] Props received: {
        variant: 'primary',
        size: 'lg',
        type: 'submit',
        loading: false,
        disabled: false
      }

      at log (src/components/ui/Button.tsx:26:13)

    console.log
      [Button] Has onClick in props: false

      at log (src/components/ui/Button.tsx:27:13)

    console.log
      [Button] All props: {}

      at log (src/components/ui/Button.tsx:28:13)

    console.log
      [Button] Rendering with type: submit

      at log (src/components/ui/Button.tsx:25:13)

    console.log
      [Button] Props received: {
        variant: 'primary',
        size: 'lg',
        type: 'submit',
        loading: false,
        disabled: false
      }

      at log (src/components/ui/Button.tsx:26:13)

    console.log
      [Button] Has onClick in props: false

      at log (src/components/ui/Button.tsx:27:13)

    console.log
      [Button] All props: {}

      at log (src/components/ui/Button.tsx:28:13)

    console.log
      [Button] Rendering with type: submit

      at log (src/components/ui/Button.tsx:25:13)

    console.log
      [Button] Props received: {
        variant: 'primary',
        size: 'lg',
        type: 'submit',
        loading: false,
        disabled: false
      }

      at log (src/components/ui/Button.tsx:26:13)

    console.log
      [Button] Has onClick in props: false

      at log (src/components/ui/Button.tsx:27:13)

    console.log
      [Button] All props: {}

      at log (src/components/ui/Button.tsx:28:13)

    console.log
      [Button] Rendering with type: submit

      at log (src/components/ui/Button.tsx:25:13)

    console.log
      [Button] Props received: {
        variant: 'primary',
        size: 'lg',
        type: 'submit',
        loading: false,
        disabled: false
      }

      at log (src/components/ui/Button.tsx:26:13)

    console.log
      [Button] Has onClick in props: false

      at log (src/components/ui/Button.tsx:27:13)

    console.log
      [Button] All props: {}

      at log (src/components/ui/Button.tsx:28:13)

    console.log
      [Button] Rendering with type: submit

      at log (src/components/ui/Button.tsx:25:13)

    console.log
      [Button] Props received: {
        variant: 'primary',
        size: 'lg',
        type: 'submit',
        loading: false,
        disabled: false
      }

      at log (src/components/ui/Button.tsx:26:13)

    console.log
      [Button] Has onClick in props: false

      at log (src/components/ui/Button.tsx:27:13)

    console.log
      [Button] All props: {}

      at log (src/components/ui/Button.tsx:28:13)

    console.log
      [Button] Rendering with type: submit

      at log (src/components/ui/Button.tsx:25:13)

    console.log
      [Button] Props received: {
        variant: 'primary',
        size: 'lg',
        type: 'submit',
        loading: false,
        disabled: false
      }

      at log (src/components/ui/Button.tsx:26:13)

    console.log
      [Button] Has onClick in props: false

      at log (src/components/ui/Button.tsx:27:13)

    console.log
      [Button] All props: {}

      at log (src/components/ui/Button.tsx:28:13)

    console.log
      [Button] Rendering with type: submit

      at log (src/components/ui/Button.tsx:25:13)

    console.log
      [Button] Props received: {
        variant: 'primary',
        size: 'lg',
        type: 'submit',
        loading: false,
        disabled: false
      }

      at log (src/components/ui/Button.tsx:26:13)

    console.log
      [Button] Has onClick in props: false

      at log (src/components/ui/Button.tsx:27:13)

    console.log
      [Button] All props: {}

      at log (src/components/ui/Button.tsx:28:13)

    console.log
      [Button] Rendering with type: submit

      at log (src/components/ui/Button.tsx:25:13)

    console.log
      [Button] Props received: {
        variant: 'primary',
        size: 'lg',
        type: 'submit',
        loading: false,
        disabled: false
      }

      at log (src/components/ui/Button.tsx:26:13)

    console.log
      [Button] Has onClick in props: false

      at log (src/components/ui/Button.tsx:27:13)

    console.log
      [Button] All props: {}

      at log (src/components/ui/Button.tsx:28:13)

    console.log
      [Button] Rendering with type: submit

      at log (src/components/ui/Button.tsx:25:13)

    console.log
      [Button] Props received: {
        variant: 'primary',
        size: 'lg',
        type: 'submit',
        loading: false,
        disabled: false
      }

      at log (src/components/ui/Button.tsx:26:13)

    console.log
      [Button] Has onClick in props: false

      at log (src/components/ui/Button.tsx:27:13)

    console.log
      [Button] All props: {}

      at log (src/components/ui/Button.tsx:28:13)

    console.log
      [Button] Rendering with type: submit

      at log (src/components/ui/Button.tsx:25:13)

    console.log
      [Button] Props received: {
        variant: 'primary',
        size: 'lg',
        type: 'submit',
        loading: false,
        disabled: false
      }

      at log (src/components/ui/Button.tsx:26:13)

    console.log
      [Button] Has onClick in props: false

      at log (src/components/ui/Button.tsx:27:13)

    console.log
      [Button] All props: {}

      at log (src/components/ui/Button.tsx:28:13)

    console.log
      [Button] Rendering with type: submit

      at log (src/components/ui/Button.tsx:25:13)

    console.log
      [Button] Props received: {
        variant: 'primary',
        size: 'lg',
        type: 'submit',
        loading: false,
        disabled: false
      }

      at log (src/components/ui/Button.tsx:26:13)

    console.log
      [Button] Has onClick in props: false

      at log (src/components/ui/Button.tsx:27:13)

    console.log
      [Button] All props: {}

      at log (src/components/ui/Button.tsx:28:13)

    console.log
      [Button] Rendering with type: submit

      at log (src/components/ui/Button.tsx:25:13)

    console.log
      [Button] Props received: {
        variant: 'primary',
        size: 'lg',
        type: 'submit',
        loading: false,
        disabled: false
      }

      at log (src/components/ui/Button.tsx:26:13)

    console.log
      [Button] Has onClick in props: false

      at log (src/components/ui/Button.tsx:27:13)

    console.log
      [Button] All props: {}

      at log (src/components/ui/Button.tsx:28:13)

    console.log
      [Button] Rendering with type: submit

      at log (src/components/ui/Button.tsx:25:13)

    console.log
      [Button] Props received: {
        variant: 'primary',
        size: 'lg',
        type: 'submit',
        loading: false,
        disabled: false
      }

      at log (src/components/ui/Button.tsx:26:13)

    console.log
      [Button] Has onClick in props: false

      at log (src/components/ui/Button.tsx:27:13)

    console.log
      [Button] All props: {}

      at log (src/components/ui/Button.tsx:28:13)

    console.log
      [Button] Rendering with type: submit

      at log (src/components/ui/Button.tsx:25:13)

    console.log
      [Button] Props received: {
        variant: 'primary',
        size: 'lg',
        type: 'submit',
        loading: false,
        disabled: false
      }

      at log (src/components/ui/Button.tsx:26:13)

    console.log
      [Button] Has onClick in props: false

      at log (src/components/ui/Button.tsx:27:13)

    console.log
      [Button] All props: {}

      at log (src/components/ui/Button.tsx:28:13)

    console.log
      [Button] Rendering with type: submit

      at log (src/components/ui/Button.tsx:25:13)

    console.log
      [Button] Props received: {
        variant: 'primary',
        size: 'lg',
        type: 'submit',
        loading: false,
        disabled: false
      }

      at log (src/components/ui/Button.tsx:26:13)

    console.log
      [Button] Has onClick in props: false

      at log (src/components/ui/Button.tsx:27:13)

    console.log
      [Button] All props: {}

      at log (src/components/ui/Button.tsx:28:13)

    console.log
      [Button] Rendering with type: submit

      at log (src/components/ui/Button.tsx:25:13)

    console.log
      [Button] Props received: {
        variant: 'primary',
        size: 'lg',
        type: 'submit',
        loading: false,
        disabled: false
      }

      at log (src/components/ui/Button.tsx:26:13)

    console.log
      [Button] Has onClick in props: false

      at log (src/components/ui/Button.tsx:27:13)

    console.log
      [Button] All props: {}

      at log (src/components/ui/Button.tsx:28:13)

    console.log
      [Button] Rendering with type: submit

      at log (src/components/ui/Button.tsx:25:13)

    console.log
      [Button] Props received: {
        variant: 'primary',
        size: 'lg',
        type: 'submit',
        loading: false,
        disabled: false
      }

      at log (src/components/ui/Button.tsx:26:13)

    console.log
      [Button] Has onClick in props: false

      at log (src/components/ui/Button.tsx:27:13)

    console.log
      [Button] All props: {}

      at log (src/components/ui/Button.tsx:28:13)

    console.log
      [Button] Rendering with type: submit

      at log (src/components/ui/Button.tsx:25:13)

    console.log
      [Button] Props received: {
        variant: 'primary',
        size: 'lg',
        type: 'submit',
        loading: false,
        disabled: false
      }

      at log (src/components/ui/Button.tsx:26:13)

    console.log
      [Button] Has onClick in props: false

      at log (src/components/ui/Button.tsx:27:13)

    console.log
      [Button] All props: {}

      at log (src/components/ui/Button.tsx:28:13)

    console.log
      [Button] Rendering with type: submit

      at log (src/components/ui/Button.tsx:25:13)

    console.log
      [Button] Props received: {
        variant: 'primary',
        size: 'lg',
        type: 'submit',
        loading: false,
        disabled: false
      }

      at log (src/components/ui/Button.tsx:26:13)

    console.log
      [Button] Has onClick in props: false

      at log (src/components/ui/Button.tsx:27:13)

    console.log
      [Button] All props: {}

      at log (src/components/ui/Button.tsx:28:13)

    console.log
      [Button] Rendering with type: submit

      at log (src/components/ui/Button.tsx:25:13)

    console.log
      [Button] Props received: {
        variant: 'primary',
        size: 'lg',
        type: 'submit',
        loading: false,
        disabled: false
      }

      at log (src/components/ui/Button.tsx:26:13)

    console.log
      [Button] Has onClick in props: false

      at log (src/components/ui/Button.tsx:27:13)

    console.log
      [Button] All props: {}

      at log (src/components/ui/Button.tsx:28:13)

    console.log
      [Button] Rendering with type: submit

      at log (src/components/ui/Button.tsx:25:13)

    console.log
      [Button] Props received: {
        variant: 'primary',
        size: 'lg',
        type: 'submit',
        loading: false,
        disabled: false
      }

      at log (src/components/ui/Button.tsx:26:13)

    console.log
      [Button] Has onClick in props: false

      at log (src/components/ui/Button.tsx:27:13)

    console.log
      [Button] All props: {}

      at log (src/components/ui/Button.tsx:28:13)

    console.log
      [Button] Rendering with type: submit

      at log (src/components/ui/Button.tsx:25:13)

    console.log
      [Button] Props received: {
        variant: 'primary',
        size: 'lg',
        type: 'submit',
        loading: false,
        disabled: false
      }

      at log (src/components/ui/Button.tsx:26:13)

    console.log
      [Button] Has onClick in props: false

      at log (src/components/ui/Button.tsx:27:13)

    console.log
      [Button] All props: {}

      at log (src/components/ui/Button.tsx:28:13)

    console.log
      [Button] Rendering with type: submit

      at log (src/components/ui/Button.tsx:25:13)

    console.log
      [Button] Props received: {
        variant: 'primary',
        size: 'lg',
        type: 'submit',
        loading: false,
        disabled: false
      }

      at log (src/components/ui/Button.tsx:26:13)

    console.log
      [Button] Has onClick in props: false

      at log (src/components/ui/Button.tsx:27:13)

    console.log
      [Button] All props: {}

      at log (src/components/ui/Button.tsx:28:13)

    console.log
      [Button] Rendering with type: submit

      at log (src/components/ui/Button.tsx:25:13)

    console.log
      [Button] Props received: {
        variant: 'primary',
        size: 'lg',
        type: 'submit',
        loading: false,
        disabled: false
      }

      at log (src/components/ui/Button.tsx:26:13)

    console.log
      [Button] Has onClick in props: false

      at log (src/components/ui/Button.tsx:27:13)

    console.log
      [Button] All props: {}

      at log (src/components/ui/Button.tsx:28:13)

    console.log
      [Button] Rendering with type: submit

      at log (src/components/ui/Button.tsx:25:13)

    console.log
      [Button] Props received: {
        variant: 'primary',
        size: 'lg',
        type: 'submit',
        loading: false,
        disabled: false
      }

      at log (src/components/ui/Button.tsx:26:13)

    console.log
      [Button] Has onClick in props: false

      at log (src/components/ui/Button.tsx:27:13)

    console.log
      [Button] All props: {}

      at log (src/components/ui/Button.tsx:28:13)

    console.log
      [Button] Rendering with type: submit

      at log (src/components/ui/Button.tsx:25:13)

    console.log
      [Button] Props received: {
        variant: 'primary',
        size: 'lg',
        type: 'submit',
        loading: false,
        disabled: false
      }

      at log (src/components/ui/Button.tsx:26:13)

    console.log
      [Button] Has onClick in props: false

      at log (src/components/ui/Button.tsx:27:13)

    console.log
      [Button] All props: {}

      at log (src/components/ui/Button.tsx:28:13)

    console.log
      [Button] Rendering with type: submit

      at log (src/components/ui/Button.tsx:25:13)

    console.log
      [Button] Props received: {
        variant: 'primary',
        size: 'lg',
        type: 'submit',
        loading: false,
        disabled: false
      }

      at log (src/components/ui/Button.tsx:26:13)

    console.log
      [Button] Has onClick in props: false

      at log (src/components/ui/Button.tsx:27:13)

    console.log
      [Button] All props: {}

      at log (src/components/ui/Button.tsx:28:13)

    console.log
      [Button] Rendering with type: submit

      at log (src/components/ui/Button.tsx:25:13)

    console.log
      [Button] Props received: {
        variant: 'primary',
        size: 'lg',
        type: 'submit',
        loading: false,
        disabled: false
      }

      at log (src/components/ui/Button.tsx:26:13)

    console.log
      [Button] Has onClick in props: false

      at log (src/components/ui/Button.tsx:27:13)

    console.log
      [Button] All props: {}

      at log (src/components/ui/Button.tsx:28:13)

    console.log
      [Button] Rendering with type: submit

      at log (src/components/ui/Button.tsx:25:13)

    console.log
      [Button] Props received: {
        variant: 'primary',
        size: 'lg',
        type: 'submit',
        loading: false,
        disabled: false
      }

      at log (src/components/ui/Button.tsx:26:13)

    console.log
      [Button] Has onClick in props: false

      at log (src/components/ui/Button.tsx:27:13)

    console.log
      [Button] All props: {}

      at log (src/components/ui/Button.tsx:28:13)

    console.log
      [Button] Rendering with type: submit

      at log (src/components/ui/Button.tsx:25:13)

    console.log
      [Button] Props received: {
        variant: 'primary',
        size: 'lg',
        type: 'submit',
        loading: false,
        disabled: false
      }

      at log (src/components/ui/Button.tsx:26:13)

    console.log
      [Button] Has onClick in props: false

      at log (src/components/ui/Button.tsx:27:13)

    console.log
      [Button] All props: {}

      at log (src/components/ui/Button.tsx:28:13)

    console.log
      [Button] Rendering with type: submit

      at log (src/components/ui/Button.tsx:25:13)

    console.log
      [Button] Props received: {
        variant: 'primary',
        size: 'lg',
        type: 'submit',
        loading: false,
        disabled: false
      }

      at log (src/components/ui/Button.tsx:26:13)

    console.log
      [Button] Has onClick in props: false

      at log (src/components/ui/Button.tsx:27:13)

    console.log
      [Button] All props: {}

      at log (src/components/ui/Button.tsx:28:13)

    console.log
      [Button] Rendering with type: submit

      at log (src/components/ui/Button.tsx:25:13)

    console.log
      [Button] Props received: {
        variant: 'primary',
        size: 'lg',
        type: 'submit',
        loading: false,
        disabled: false
      }

      at log (src/components/ui/Button.tsx:26:13)

    console.log
      [Button] Has onClick in props: false

      at log (src/components/ui/Button.tsx:27:13)

    console.log
      [Button] All props: {}

      at log (src/components/ui/Button.tsx:28:13)

    console.log
      [Button] Rendering with type: submit

      at log (src/components/ui/Button.tsx:25:13)

    console.log
      [Button] Props received: {
        variant: 'primary',
        size: 'lg',
        type: 'submit',
        loading: false,
        disabled: false
      }

      at log (src/components/ui/Button.tsx:26:13)

    console.log
      [Button] Has onClick in props: false

      at log (src/components/ui/Button.tsx:27:13)

    console.log
      [Button] All props: {}

      at log (src/components/ui/Button.tsx:28:13)

    console.log
      [Button] Rendering with type: submit

      at log (src/components/ui/Button.tsx:25:13)

    console.log
      [Button] Props received: {
        variant: 'primary',
        size: 'lg',
        type: 'submit',
        loading: false,
        disabled: false
      }

      at log (src/components/ui/Button.tsx:26:13)

    console.log
      [Button] Has onClick in props: false

      at log (src/components/ui/Button.tsx:27:13)

    console.log
      [Button] All props: {}

      at log (src/components/ui/Button.tsx:28:13)

    console.log
      [Button] Rendering with type: submit

      at log (src/components/ui/Button.tsx:25:13)

    console.log
      [Button] Props received: {
        variant: 'primary',
        size: 'lg',
        type: 'submit',
        loading: false,
        disabled: false
      }

      at log (src/components/ui/Button.tsx:26:13)

    console.log
      [Button] Has onClick in props: false

      at log (src/components/ui/Button.tsx:27:13)

    console.log
      [Button] All props: {}

      at log (src/components/ui/Button.tsx:28:13)

    console.log
      [Button] Rendering with type: submit

      at log (src/components/ui/Button.tsx:25:13)

    console.log
      [Button] Props received: {
        variant: 'primary',
        size: 'lg',
        type: 'submit',
        loading: false,
        disabled: false
      }

      at log (src/components/ui/Button.tsx:26:13)

    console.log
      [Button] Has onClick in props: false

      at log (src/components/ui/Button.tsx:27:13)

    console.log
      [Button] All props: {}

      at log (src/components/ui/Button.tsx:28:13)

    console.log
      [Button] Rendering with type: submit

      at log (src/components/ui/Button.tsx:25:13)

    console.log
      [Button] Props received: {
        variant: 'primary',
        size: 'lg',
        type: 'submit',
        loading: false,
        disabled: false
      }

      at log (src/components/ui/Button.tsx:26:13)

    console.log
      [Button] Has onClick in props: false

      at log (src/components/ui/Button.tsx:27:13)

    console.log
      [Button] All props: {}

      at log (src/components/ui/Button.tsx:28:13)

    console.log
      [Button] Rendering with type: submit

      at log (src/components/ui/Button.tsx:25:13)

    console.log
      [Button] Props received: {
        variant: 'primary',
        size: 'lg',
        type: 'submit',
        loading: false,
        disabled: false
      }

      at log (src/components/ui/Button.tsx:26:13)

    console.log
      [Button] Has onClick in props: false

      at log (src/components/ui/Button.tsx:27:13)

    console.log
      [Button] All props: {}

      at log (src/components/ui/Button.tsx:28:13)

    console.log
      [Button] Rendering with type: submit

      at log (src/components/ui/Button.tsx:25:13)

    console.log
      [Button] Props received: {
        variant: 'primary',
        size: 'lg',
        type: 'submit',
        loading: false,
        disabled: false
      }

      at log (src/components/ui/Button.tsx:26:13)

    console.log
      [Button] Has onClick in props: false

      at log (src/components/ui/Button.tsx:27:13)

    console.log
      [Button] All props: {}

      at log (src/components/ui/Button.tsx:28:13)

    console.log
      [Button] Rendering with type: submit

      at log (src/components/ui/Button.tsx:25:13)

    console.log
      [Button] Props received: {
        variant: 'primary',
        size: 'lg',
        type: 'submit',
        loading: false,
        disabled: false
      }

      at log (src/components/ui/Button.tsx:26:13)

    console.log
      [Button] Has onClick in props: false

      at log (src/components/ui/Button.tsx:27:13)

    console.log
      [Button] All props: {}

      at log (src/components/ui/Button.tsx:28:13)

    console.log
      [Button] Rendering with type: submit

      at log (src/components/ui/Button.tsx:25:13)

    console.log
      [Button] Props received: {
        variant: 'primary',
        size: 'lg',
        type: 'submit',
        loading: false,
        disabled: false
      }

      at log (src/components/ui/Button.tsx:26:13)

    console.log
      [Button] Has onClick in props: false

      at log (src/components/ui/Button.tsx:27:13)

    console.log
      [Button] All props: {}

      at log (src/components/ui/Button.tsx:28:13)

    console.log
      [Button] Rendering with type: submit

      at log (src/components/ui/Button.tsx:25:13)

    console.log
      [Button] Props received: {
        variant: 'primary',
        size: 'lg',
        type: 'submit',
        loading: false,
        disabled: false
      }

      at log (src/components/ui/Button.tsx:26:13)

    console.log
      [Button] Has onClick in props: false

      at log (src/components/ui/Button.tsx:27:13)

    console.log
      [Button] All props: {}

      at log (src/components/ui/Button.tsx:28:13)

PASS src/components/NavbarClient.property.test.tsx
PASS src/components/ui/Card.test.tsx
PASS src/components/ui/PasswordRequirements.test.tsx
PASS src/lib/api/index.test.ts
FAIL src/lib/api/integration-test.test.ts
  ● Console

    console.log
      [TokenManager] getToken attempt {
        storageKey: 'jwt_token',
        source: undefined,
        traceId: undefined,
        timestamp: '2026-02-08T19:37:46.387Z'
      }

      at log (src/lib/api/tokenManager.ts:322:11)

    console.log
      [TokenManager] Raw value retrieved {
        storageKey: 'jwt_token',
        valuePresent: false,
        valueLength: 0,
        valuePreview: 'null',
        traceId: undefined
      }

      at log (src/lib/api/tokenManager.ts:335:15)

    console.log
      [TokenManager] No token found in storage { storageKey: 'jwt_token', traceId: undefined }

      at log (src/lib/api/tokenManager.ts:358:21)

    console.warn
      [AuthLogger 2026-02-08T19:37:46.395Z] Token get failed

       98 |   } else {
       99 |     // In production, log minimal info
    > 100 |     consoleMethod(message);
          |     ^
      101 |   }
      102 | }
      103 |

      at consoleMethod (src/lib/auth/AuthLogger.ts:100:5)
      at log (src/lib/auth/AuthLogger.ts:175:3)
      at getToken (src/lib/api/tokenManager.ts:362:30)
      at src/lib/api/apiClient.ts:53:29
      at ApiClient.interceptor [as request] (src/lib/api/apiClient.ts:195:24)
      at ApiClient.request [as get] (src/lib/api/apiClient.ts:96:17)
      at ApiClient.get [as healthCheck] (src/lib/api/apiClient.ts:169:17)
      at Object.healthCheck (src/lib/api/integration-test.test.ts:48:40)

    console.log
      [TokenManager] clearToken attempt {
        storageKey: 'jwt_token',
        reason: undefined,
        source: undefined,
        traceId: undefined,
        timestamp: '2026-02-08T19:37:46.397Z'
      }

      at log (src/lib/api/tokenManager.ts:413:11)

    console.log
      [TokenManager] No token to clear { storageKey: 'jwt_token', traceId: undefined }

      at log (src/lib/api/tokenManager.ts:434:17)

    console.log
      [TokenManager] getToken attempt {
        storageKey: 'jwt_token',
        source: undefined,
        traceId: undefined,
        timestamp: '2026-02-08T19:37:46.398Z'
      }

      at log (src/lib/api/tokenManager.ts:322:11)

    console.log
      [TokenManager] Raw value retrieved {
        storageKey: 'jwt_token',
        valuePresent: false,
        valueLength: 0,
        valuePreview: 'null',
        traceId: undefined
      }

      at log (src/lib/api/tokenManager.ts:335:15)

    console.log
      [TokenManager] No token found in storage { storageKey: 'jwt_token', traceId: undefined }

      at log (src/lib/api/tokenManager.ts:358:21)

    console.warn
      [AuthLogger 2026-02-08T19:37:46.402Z] Token get failed

       98 |   } else {
       99 |     // In production, log minimal info
    > 100 |     consoleMethod(message);
          |     ^
      101 |   }
      102 | }
      103 |

      at consoleMethod (src/lib/auth/AuthLogger.ts:100:5)
      at log (src/lib/auth/AuthLogger.ts:175:3)
      at getToken (src/lib/api/tokenManager.ts:362:30)
      at src/lib/api/apiClient.ts:53:29
      at ApiClient.interceptor [as request] (src/lib/api/apiClient.ts:195:24)
      at ApiClient.request [as post] (src/lib/api/apiClient.ts:114:17)
      at AuthService.post [as register] (src/lib/api/authService.ts:114:27)
      at Object.register (src/lib/api/integration-test.test.ts:58:42)

    console.log
      [TokenManager] getToken attempt {
        storageKey: 'jwt_token',
        source: undefined,
        traceId: undefined,
        timestamp: '2026-02-08T19:37:46.403Z'
      }

      at log (src/lib/api/tokenManager.ts:322:11)

    console.log
      [TokenManager] Raw value retrieved {
        storageKey: 'jwt_token',
        valuePresent: false,
        valueLength: 0,
        valuePreview: 'null',
        traceId: undefined
      }

      at log (src/lib/api/tokenManager.ts:335:15)

    console.log
      [TokenManager] No token found in storage { storageKey: 'jwt_token', traceId: undefined }

      at log (src/lib/api/tokenManager.ts:358:21)

    console.warn
      [AuthLogger 2026-02-08T19:37:46.404Z] Token get failed

       98 |   } else {
       99 |     // In production, log minimal info
    > 100 |     consoleMethod(message);
          |     ^
      101 |   }
      102 | }
      103 |

      at consoleMethod (src/lib/auth/AuthLogger.ts:100:5)
      at log (src/lib/auth/AuthLogger.ts:175:3)
      at getToken (src/lib/api/tokenManager.ts:362:30)
      at TokenManager.getToken (src/lib/api/tokenManager.ts:512:12)
      at getToken (src/lib/api/interceptors.ts:41:30)
      at ApiClient.interceptor [as request] (src/lib/api/apiClient.ts:195:24)

    console.log
      [TokenManager] clearToken attempt {
        storageKey: 'jwt_token',
        reason: undefined,
        source: undefined,
        traceId: undefined,
        timestamp: '2026-02-08T19:37:46.404Z'
      }

      at log (src/lib/api/tokenManager.ts:413:11)

    console.log
      [TokenManager] No token to clear { storageKey: 'jwt_token', traceId: undefined }

      at log (src/lib/api/tokenManager.ts:434:17)

    console.log
      [AuthService] Login attempt {
        email: 'integration-test-1770579466385@example.com',
        traceId: undefined
      }

      at AuthService.log [as login] (src/lib/api/authService.ts:140:15)

    console.log
      [AuthService] Calling backend API { traceId: undefined }

      at AuthService.log [as login] (src/lib/api/authService.ts:168:15)

    console.log
      [TokenManager] getToken attempt {
        storageKey: 'jwt_token',
        source: undefined,
        traceId: undefined,
        timestamp: '2026-02-08T19:37:46.405Z'
      }

      at log (src/lib/api/tokenManager.ts:322:11)

    console.log
      [TokenManager] Raw value retrieved {
        storageKey: 'jwt_token',
        valuePresent: false,
        valueLength: 0,
        valuePreview: 'null',
        traceId: undefined
      }

      at log (src/lib/api/tokenManager.ts:335:15)

    console.log
      [TokenManager] No token found in storage { storageKey: 'jwt_token', traceId: undefined }

      at log (src/lib/api/tokenManager.ts:358:21)

    console.warn
      [AuthLogger 2026-02-08T19:37:46.406Z] Token get failed

       98 |   } else {
       99 |     // In production, log minimal info
    > 100 |     consoleMethod(message);
          |     ^
      101 |   }
      102 | }
      103 |

      at consoleMethod (src/lib/auth/AuthLogger.ts:100:5)
      at log (src/lib/auth/AuthLogger.ts:175:3)
      at getToken (src/lib/api/tokenManager.ts:362:30)
      at src/lib/api/apiClient.ts:53:29
      at ApiClient.interceptor [as request] (src/lib/api/apiClient.ts:195:24)
      at ApiClient.request [as post] (src/lib/api/apiClient.ts:114:17)
      at AuthService.post [as login] (src/lib/api/authService.ts:169:45)
      at Object.login (src/lib/api/integration-test.test.ts:70:40)

    console.log
      [TokenManager] getToken attempt {
        storageKey: 'jwt_token',
        source: undefined,
        traceId: undefined,
        timestamp: '2026-02-08T19:37:46.406Z'
      }

      at log (src/lib/api/tokenManager.ts:322:11)

    console.log
      [TokenManager] Raw value retrieved {
        storageKey: 'jwt_token',
        valuePresent: false,
        valueLength: 0,
        valuePreview: 'null',
        traceId: undefined
      }

      at log (src/lib/api/tokenManager.ts:335:15)

    console.log
      [TokenManager] No token found in storage { storageKey: 'jwt_token', traceId: undefined }

      at log (src/lib/api/tokenManager.ts:358:21)

    console.warn
      [AuthLogger 2026-02-08T19:37:46.406Z] Token get failed

       98 |   } else {
       99 |     // In production, log minimal info
    > 100 |     consoleMethod(message);
          |     ^
      101 |   }
      102 | }
      103 |

      at consoleMethod (src/lib/auth/AuthLogger.ts:100:5)
      at log (src/lib/auth/AuthLogger.ts:175:3)
      at getToken (src/lib/api/tokenManager.ts:362:30)
      at TokenManager.getToken (src/lib/api/tokenManager.ts:512:12)
      at getToken (src/lib/api/interceptors.ts:41:30)
      at ApiClient.interceptor [as request] (src/lib/api/apiClient.ts:195:24)

    console.error
      [AuthService] Login error {
        error: 'Unable to connect. Please check your internet connection.',
        traceId: undefined
      }

      223 |       };
      224 |     } catch (error: any) {
    > 225 |       console.error('[AuthService] Login error', {
          |               ^
      226 |         error: error.message || String(error),
      227 |         traceId,
      228 |       });

      at AuthService.error (src/lib/api/authService.ts:225:15)
      at Object.<anonymous> (src/lib/api/integration-test.test.ts:70:22)

    console.log
      [TokenManager] clearToken attempt {
        storageKey: 'jwt_token',
        reason: undefined,
        source: undefined,
        traceId: undefined,
        timestamp: '2026-02-08T19:37:46.410Z'
      }

      at log (src/lib/api/tokenManager.ts:413:11)

    console.log
      [TokenManager] No token to clear { storageKey: 'jwt_token', traceId: undefined }

      at log (src/lib/api/tokenManager.ts:434:17)

    console.log
      [AuthService] Login attempt {
        email: 'integration-test-1770579466385@example.com',
        traceId: undefined
      }

      at AuthService.log [as login] (src/lib/api/authService.ts:140:15)

    console.log
      [AuthService] Calling backend API { traceId: undefined }

      at AuthService.log [as login] (src/lib/api/authService.ts:168:15)

    console.log
      [TokenManager] getToken attempt {
        storageKey: 'jwt_token',
        source: undefined,
        traceId: undefined,
        timestamp: '2026-02-08T19:37:46.422Z'
      }

      at log (src/lib/api/tokenManager.ts:322:11)

    console.log
      [TokenManager] Raw value retrieved {
        storageKey: 'jwt_token',
        valuePresent: false,
        valueLength: 0,
        valuePreview: 'null',
        traceId: undefined
      }

      at log (src/lib/api/tokenManager.ts:335:15)

    console.log
      [TokenManager] No token found in storage { storageKey: 'jwt_token', traceId: undefined }

      at log (src/lib/api/tokenManager.ts:358:21)

    console.warn
      [AuthLogger 2026-02-08T19:37:46.422Z] Token get failed

       98 |   } else {
       99 |     // In production, log minimal info
    > 100 |     consoleMethod(message);
          |     ^
      101 |   }
      102 | }
      103 |

      at consoleMethod (src/lib/auth/AuthLogger.ts:100:5)
      at log (src/lib/auth/AuthLogger.ts:175:3)
      at getToken (src/lib/api/tokenManager.ts:362:30)
      at src/lib/api/apiClient.ts:53:29
      at ApiClient.interceptor [as request] (src/lib/api/apiClient.ts:195:24)
      at ApiClient.request [as post] (src/lib/api/apiClient.ts:114:17)
      at AuthService.post [as login] (src/lib/api/authService.ts:169:45)
      at Object.login (src/lib/api/integration-test.test.ts:87:40)

    console.log
      [TokenManager] getToken attempt {
        storageKey: 'jwt_token',
        source: undefined,
        traceId: undefined,
        timestamp: '2026-02-08T19:37:46.422Z'
      }

      at log (src/lib/api/tokenManager.ts:322:11)

    console.log
      [TokenManager] Raw value retrieved {
        storageKey: 'jwt_token',
        valuePresent: false,
        valueLength: 0,
        valuePreview: 'null',
        traceId: undefined
      }

      at log (src/lib/api/tokenManager.ts:335:15)

    console.log
      [TokenManager] No token found in storage { storageKey: 'jwt_token', traceId: undefined }

      at log (src/lib/api/tokenManager.ts:358:21)

    console.warn
      [AuthLogger 2026-02-08T19:37:46.423Z] Token get failed

       98 |   } else {
       99 |     // In production, log minimal info
    > 100 |     consoleMethod(message);
          |     ^
      101 |   }
      102 | }
      103 |

      at consoleMethod (src/lib/auth/AuthLogger.ts:100:5)
      at log (src/lib/auth/AuthLogger.ts:175:3)
      at getToken (src/lib/api/tokenManager.ts:362:30)
      at TokenManager.getToken (src/lib/api/tokenManager.ts:512:12)
      at getToken (src/lib/api/interceptors.ts:41:30)
      at ApiClient.interceptor [as request] (src/lib/api/apiClient.ts:195:24)

    console.error
      [AuthService] Login error {
        error: 'Unable to connect. Please check your internet connection.',
        traceId: undefined
      }

      223 |       };
      224 |     } catch (error: any) {
    > 225 |       console.error('[AuthService] Login error', {
          |               ^
      226 |         error: error.message || String(error),
      227 |         traceId,
      228 |       });

      at AuthService.error (src/lib/api/authService.ts:225:15)
      at Object.<anonymous> (src/lib/api/integration-test.test.ts:87:22)

    console.log
      [TokenManager] clearToken attempt {
        storageKey: 'jwt_token',
        reason: undefined,
        source: undefined,
        traceId: undefined,
        timestamp: '2026-02-08T19:37:46.425Z'
      }

      at log (src/lib/api/tokenManager.ts:413:11)

    console.log
      [TokenManager] No token to clear { storageKey: 'jwt_token', traceId: undefined }

      at log (src/lib/api/tokenManager.ts:434:17)

    console.log
      [TokenManager] setToken attempt {
        storageKey: 'jwt_token',
        source: undefined,
        traceId: undefined,
        timestamp: '2026-02-08T19:37:46.426Z'
      }

      at log (src/lib/api/tokenManager.ts:201:11)

    console.warn
      [AuthLogger 2026-02-08T19:37:46.426Z] Token set failed

       98 |   } else {
       99 |     // In production, log minimal info
    > 100 |     consoleMethod(message);
          |     ^
      101 |   }
      102 | }
      103 |

      at consoleMethod (src/lib/auth/AuthLogger.ts:100:5)
      at log (src/lib/auth/AuthLogger.ts:175:3)
      at setToken (src/lib/api/tokenManager.ts:217:22)
      at TokenManager.setToken (src/lib/api/tokenManager.ts:508:12)
      at Object.setToken (src/lib/api/integration-test.test.ts:98:20)

    console.warn
      TokenManager: Token does not match JWT format (token value not logged for security)

      216 |   if (!validateTokenFormat(token)) {
      217 |     logTokenOperation('set', false, 'Invalid token format: does not match JWT structure', source, traceId);
    > 218 |     console.warn('TokenManager: Token does not match JWT format (token value not logged for security)');
          |             ^
      219 |     return false;
      220 |   }
      221 |

      at warn (src/lib/api/tokenManager.ts:218:13)
      at TokenManager.setToken (src/lib/api/tokenManager.ts:508:12)
      at Object.setToken (src/lib/api/integration-test.test.ts:98:20)

    console.log
      [TokenManager] hasToken check {
        storageKey: 'jwt_token',
        source: undefined,
        traceId: undefined,
        timestamp: '2026-02-08T19:37:46.426Z'
      }

      at log (src/lib/api/tokenManager.ts:469:11)

    console.log
      [TokenManager] getToken attempt {
        storageKey: 'jwt_token',
        source: undefined,
        traceId: undefined,
        timestamp: '2026-02-08T19:37:46.426Z'
      }

      at log (src/lib/api/tokenManager.ts:322:11)

    console.log
      [TokenManager] Raw value retrieved {
        storageKey: 'jwt_token',
        valuePresent: false,
        valueLength: 0,
        valuePreview: 'null',
        traceId: undefined
      }

      at log (src/lib/api/tokenManager.ts:335:15)

    console.log
      [TokenManager] No token found in storage { storageKey: 'jwt_token', traceId: undefined }

      at log (src/lib/api/tokenManager.ts:358:21)

    console.warn
      [AuthLogger 2026-02-08T19:37:46.427Z] Token get failed

       98 |   } else {
       99 |     // In production, log minimal info
    > 100 |     consoleMethod(message);
          |     ^
      101 |   }
      102 | }
      103 |

      at consoleMethod (src/lib/auth/AuthLogger.ts:100:5)
      at log (src/lib/auth/AuthLogger.ts:175:3)
      at getToken (src/lib/api/tokenManager.ts:362:30)
      at getToken (src/lib/api/tokenManager.ts:477:17)
      at TokenManager.hasToken (src/lib/api/tokenManager.ts:520:12)
      at Object.hasToken (src/lib/api/integration-test.test.ts:99:27)

    console.log
      [TokenManager] hasToken result {
        hasToken: false,
        tokenPresent: false,
        tokenValid: false,
        storageKey: 'jwt_token',
        traceId: undefined
      }

      at log (src/lib/api/tokenManager.ts:480:11)

    console.log
      [TokenManager] clearToken attempt {
        storageKey: 'jwt_token',
        reason: undefined,
        source: undefined,
        traceId: undefined,
        timestamp: '2026-02-08T19:37:46.427Z'
      }

      at log (src/lib/api/tokenManager.ts:413:11)

    console.log
      [TokenManager] No token to clear { storageKey: 'jwt_token', traceId: undefined }

      at log (src/lib/api/tokenManager.ts:434:17)

    console.log
      [TokenManager] getToken attempt {
        storageKey: 'jwt_token',
        source: undefined,
        traceId: undefined,
        timestamp: '2026-02-08T19:37:46.429Z'
      }

      at log (src/lib/api/tokenManager.ts:322:11)

    console.log
      [TokenManager] Raw value retrieved {
        storageKey: 'jwt_token',
        valuePresent: false,
        valueLength: 0,
        valuePreview: 'null',
        traceId: undefined
      }

      at log (src/lib/api/tokenManager.ts:335:15)

    console.log
      [TokenManager] No token found in storage { storageKey: 'jwt_token', traceId: undefined }

      at log (src/lib/api/tokenManager.ts:358:21)

    console.warn
      [AuthLogger 2026-02-08T19:37:46.430Z] Token get failed

       98 |   } else {
       99 |     // In production, log minimal info
    > 100 |     consoleMethod(message);
          |     ^
      101 |   }
      102 | }
      103 |

      at consoleMethod (src/lib/auth/AuthLogger.ts:100:5)
      at log (src/lib/auth/AuthLogger.ts:175:3)
      at getToken (src/lib/api/tokenManager.ts:362:30)
      at src/lib/api/apiClient.ts:53:29
      at ApiClient.interceptor [as request] (src/lib/api/apiClient.ts:195:24)
      at ApiClient.request [as post] (src/lib/api/apiClient.ts:114:17)
      at AuthService.post [as register] (src/lib/api/authService.ts:114:27)
      at Object.register (src/lib/api/integration-test.test.ts:114:21)

    console.log
      [TokenManager] getToken attempt {
        storageKey: 'jwt_token',
        source: undefined,
        traceId: undefined,
        timestamp: '2026-02-08T19:37:46.430Z'
      }

      at log (src/lib/api/tokenManager.ts:322:11)

    console.log
      [TokenManager] Raw value retrieved {
        storageKey: 'jwt_token',
        valuePresent: false,
        valueLength: 0,
        valuePreview: 'null',
        traceId: undefined
      }

      at log (src/lib/api/tokenManager.ts:335:15)

    console.log
      [TokenManager] No token found in storage { storageKey: 'jwt_token', traceId: undefined }

      at log (src/lib/api/tokenManager.ts:358:21)

    console.warn
      [AuthLogger 2026-02-08T19:37:46.430Z] Token get failed

       98 |   } else {
       99 |     // In production, log minimal info
    > 100 |     consoleMethod(message);
          |     ^
      101 |   }
      102 | }
      103 |

      at consoleMethod (src/lib/auth/AuthLogger.ts:100:5)
      at log (src/lib/auth/AuthLogger.ts:175:3)
      at getToken (src/lib/api/tokenManager.ts:362:30)
      at TokenManager.getToken (src/lib/api/tokenManager.ts:512:12)
      at getToken (src/lib/api/interceptors.ts:41:30)
      at ApiClient.interceptor [as request] (src/lib/api/apiClient.ts:195:24)

    console.log
      [TokenManager] clearToken attempt {
        storageKey: 'jwt_token',
        reason: undefined,
        source: undefined,
        traceId: undefined,
        timestamp: '2026-02-08T19:37:46.434Z'
      }

      at log (src/lib/api/tokenManager.ts:413:11)

    console.log
      [TokenManager] No token to clear { storageKey: 'jwt_token', traceId: undefined }

      at log (src/lib/api/tokenManager.ts:434:17)

    console.log
      [TokenManager] clearToken attempt {
        storageKey: 'jwt_token',
        reason: undefined,
        source: undefined,
        traceId: undefined,
        timestamp: '2026-02-08T19:37:46.436Z'
      }

      at log (src/lib/api/tokenManager.ts:413:11)

    console.log
      [TokenManager] No token to clear { storageKey: 'jwt_token', traceId: undefined }

      at log (src/lib/api/tokenManager.ts:434:17)

    console.log
      [AuthService] Login attempt {
        email: 'integration-test-1770579466385@example.com',
        traceId: undefined
      }

      at AuthService.log [as login] (src/lib/api/authService.ts:140:15)

    console.log
      [AuthService] Calling backend API { traceId: undefined }

      at AuthService.log [as login] (src/lib/api/authService.ts:168:15)

    console.log
      [TokenManager] getToken attempt {
        storageKey: 'jwt_token',
        source: undefined,
        traceId: undefined,
        timestamp: '2026-02-08T19:37:46.437Z'
      }

      at log (src/lib/api/tokenManager.ts:322:11)

    console.log
      [TokenManager] Raw value retrieved {
        storageKey: 'jwt_token',
        valuePresent: false,
        valueLength: 0,
        valuePreview: 'null',
        traceId: undefined
      }

      at log (src/lib/api/tokenManager.ts:335:15)

    console.log
      [TokenManager] No token found in storage { storageKey: 'jwt_token', traceId: undefined }

      at log (src/lib/api/tokenManager.ts:358:21)

    console.warn
      [AuthLogger 2026-02-08T19:37:46.437Z] Token get failed

       98 |   } else {
       99 |     // In production, log minimal info
    > 100 |     consoleMethod(message);
          |     ^
      101 |   }
      102 | }
      103 |

      at consoleMethod (src/lib/auth/AuthLogger.ts:100:5)
      at log (src/lib/auth/AuthLogger.ts:175:3)
      at getToken (src/lib/api/tokenManager.ts:362:30)
      at src/lib/api/apiClient.ts:53:29
      at ApiClient.interceptor [as request] (src/lib/api/apiClient.ts:195:24)
      at ApiClient.request [as post] (src/lib/api/apiClient.ts:114:17)
      at AuthService.post [as login] (src/lib/api/authService.ts:169:45)
      at Object.login (src/lib/api/integration-test.test.ts:140:45)

    console.log
      [TokenManager] getToken attempt {
        storageKey: 'jwt_token',
        source: undefined,
        traceId: undefined,
        timestamp: '2026-02-08T19:37:46.438Z'
      }

      at log (src/lib/api/tokenManager.ts:322:11)

    console.log
      [TokenManager] Raw value retrieved {
        storageKey: 'jwt_token',
        valuePresent: false,
        valueLength: 0,
        valuePreview: 'null',
        traceId: undefined
      }

      at log (src/lib/api/tokenManager.ts:335:15)

    console.log
      [TokenManager] No token found in storage { storageKey: 'jwt_token', traceId: undefined }

      at log (src/lib/api/tokenManager.ts:358:21)

    console.warn
      [AuthLogger 2026-02-08T19:37:46.438Z] Token get failed

       98 |   } else {
       99 |     // In production, log minimal info
    > 100 |     consoleMethod(message);
          |     ^
      101 |   }
      102 | }
      103 |

      at consoleMethod (src/lib/auth/AuthLogger.ts:100:5)
      at log (src/lib/auth/AuthLogger.ts:175:3)
      at getToken (src/lib/api/tokenManager.ts:362:30)
      at TokenManager.getToken (src/lib/api/tokenManager.ts:512:12)
      at getToken (src/lib/api/interceptors.ts:41:30)
      at ApiClient.interceptor [as request] (src/lib/api/apiClient.ts:195:24)

    console.error
      [AuthService] Login error {
        error: 'Unable to connect. Please check your internet connection.',
        traceId: undefined
      }

      223 |       };
      224 |     } catch (error: any) {
    > 225 |       console.error('[AuthService] Login error', {
          |               ^
      226 |         error: error.message || String(error),
      227 |         traceId,
      228 |       });

      at AuthService.error (src/lib/api/authService.ts:225:15)
      at Object.<anonymous> (src/lib/api/integration-test.test.ts:140:27)

    console.log
      [TokenManager] clearToken attempt {
        storageKey: 'jwt_token',
        reason: undefined,
        source: undefined,
        traceId: undefined,
        timestamp: '2026-02-08T19:37:46.438Z'
      }

      at log (src/lib/api/tokenManager.ts:413:11)

    console.log
      [TokenManager] No token to clear { storageKey: 'jwt_token', traceId: undefined }

      at log (src/lib/api/tokenManager.ts:434:17)

    console.log
      [TokenManager] getToken attempt {
        storageKey: 'jwt_token',
        source: undefined,
        traceId: undefined,
        timestamp: '2026-02-08T19:37:46.439Z'
      }

      at log (src/lib/api/tokenManager.ts:322:11)

    console.log
      [TokenManager] Raw value retrieved {
        storageKey: 'jwt_token',
        valuePresent: false,
        valueLength: 0,
        valuePreview: 'null',
        traceId: undefined
      }

      at log (src/lib/api/tokenManager.ts:335:15)

    console.log
      [TokenManager] No token found in storage { storageKey: 'jwt_token', traceId: undefined }

      at log (src/lib/api/tokenManager.ts:358:21)

    console.warn
      [AuthLogger 2026-02-08T19:37:46.439Z] Token get failed

       98 |   } else {
       99 |     // In production, log minimal info
    > 100 |     consoleMethod(message);
          |     ^
      101 |   }
      102 | }
      103 |

      at consoleMethod (src/lib/auth/AuthLogger.ts:100:5)
      at log (src/lib/auth/AuthLogger.ts:175:3)
      at getToken (src/lib/api/tokenManager.ts:362:30)
      at src/lib/api/apiClient.ts:53:29
      at ApiClient.interceptor [as request] (src/lib/api/apiClient.ts:195:24)
      at ApiClient.request [as get] (src/lib/api/apiClient.ts:96:17)
      at ApiClient.get [as healthCheck] (src/lib/api/apiClient.ts:169:17)
      at Object.healthCheck (src/lib/api/integration-test.test.ts:154:40)

    console.log
      [TokenManager] clearToken attempt {
        storageKey: 'jwt_token',
        reason: undefined,
        source: undefined,
        traceId: undefined,
        timestamp: '2026-02-08T19:37:46.440Z'
      }

      at log (src/lib/api/tokenManager.ts:413:11)

    console.log
      [TokenManager] No token to clear { storageKey: 'jwt_token', traceId: undefined }

      at log (src/lib/api/tokenManager.ts:434:17)

  ● API Client Integration Test (Local Backend) › Health Check › should successfully connect to local backend

    Unable to connect. Please check your internet connection.


  ● API Client Integration Test (Local Backend) › Authentication Flow › should register a new user

    Unable to connect. Please check your internet connection.


  ● API Client Integration Test (Local Backend) › Authentication Flow › should login with registered credentials

    expect(received).toBe(expected) // Object.is equality

    Expected: true
    Received: false

      74 |
      75 |       expect(result).toBeDefined();
    > 76 |       expect(result.success).toBe(true);
         |                              ^
      77 |       expect(result.token).toBeDefined();
      78 |       expect(result.email).toBe(testEmail);
      79 |       expect(result.userId).toBeDefined();

      at Object.toBe (src/lib/api/integration-test.test.ts:76:30)

  ● API Client Integration Test (Local Backend) › Authentication Flow › should fail login with incorrect password

    expect(received).toBe(expected) // Object.is equality

    Expected: "Invalid email or password"
    Received: "Unable to connect. Please check your internet connection."

      91 |
      92 |       expect(result.success).toBe(false);
    > 93 |       expect(result.error).toBe('Invalid email or password');
         |                            ^
      94 |     }, 10000);
      95 |
      96 |     it('should logout and clear token', () => {

      at Object.toBe (src/lib/api/integration-test.test.ts:93:28)

  ● API Client Integration Test (Local Backend) › Authentication Flow › should logout and clear token

    expect(received).toBe(expected) // Object.is equality

    Expected: true
    Received: false

       97 |       // First login
       98 |       tokenManager.setToken('test-token');
    >  99 |       expect(tokenManager.hasToken()).toBe(true);
          |                                       ^
      100 |
      101 |       // Logout
      102 |       authService.logout();

      at Object.toBe (src/lib/api/integration-test.test.ts:99:39)

  ● API Client Integration Test (Local Backend) › Error Handling › should handle 409 conflict for duplicate registration

    expect(received).rejects.toMatchObject(expected)

    - Expected  - 1
    + Received  + 1

      Object {
    -   "status": 409,
    +   "status": 0,
      }

      117 |           password: testPassword
      118 |         })
    > 119 |       ).rejects.toMatchObject({
          |                 ^
      120 |         status: 409
      121 |       });
      122 |     }, 10000);

      at Object.toMatchObject (node_modules/expect/build/index.js:2155:20)
      at Object.toMatchObject (src/lib/api/integration-test.test.ts:119:17)

  ● API Client Integration Test (Local Backend) › Request Interceptors › should add Authorization header for authenticated requests

    expect(received).toBe(expected) // Object.is equality

    Expected: true
    Received: false

      143 |       });
      144 |
    > 145 |       expect(loginResult.success).toBe(true);
          |                                   ^
      146 |       expect(tokenManager.hasToken()).toBe(true);
      147 |       
      148 |       // The token should be automatically included in subsequent requests

      at Object.toBe (src/lib/api/integration-test.test.ts:145:35)

  ● API Client Integration Test (Local Backend) › Request Interceptors › should not add Authorization header for public endpoints

    Unable to connect. Please check your internet connection.


PASS src/app/login/logout-state-clearing.test.tsx
PASS src/components/Navbar.test.tsx
PASS src/components/TaxFormSelector.navigation.property.test.tsx (21.611 s)
  ● Console

    console.log
      [Button] Rendering with type: button

      at log (src/components/ui/Button.tsx:25:13)

    console.log
      [Button] Props received: {
        variant: 'primary',
        size: 'lg',
        type: 'button',
        loading: false,
        disabled: true
      }

      at log (src/components/ui/Button.tsx:26:13)

    console.log
      [Button] Has onClick in props: true

      at log (src/components/ui/Button.tsx:27:13)

    console.log
      [Button] All props: {
        onClick: [Function: handleNavigate],
        'aria-label': 'Navigate to selected form'
      }

      at log (src/components/ui/Button.tsx:28:13)

    console.log
      [Button] Rendering with type: button

      at log (src/components/ui/Button.tsx:25:13)

    console.log
      [Button] Props received: {
        variant: 'primary',
        size: 'lg',
        type: 'button',
        loading: false,
        disabled: false
      }

      at log (src/components/ui/Button.tsx:26:13)

    console.log
      [Button] Has onClick in props: true

      at log (src/components/ui/Button.tsx:27:13)

    console.log
      [Button] All props: {
        onClick: [Function: handleNavigate],
        'aria-label': 'Navigate to selected form'
      }

      at log (src/components/ui/Button.tsx:28:13)

    console.log
      [Button] Rendering with type: button

      at log (src/components/ui/Button.tsx:25:13)

    console.log
      [Button] Props received: {
        variant: 'primary',
        size: 'lg',
        type: 'button',
        loading: false,
        disabled: true
      }

      at log (src/components/ui/Button.tsx:26:13)

    console.log
      [Button] Has onClick in props: true

      at log (src/components/ui/Button.tsx:27:13)

    console.log
      [Button] All props: {
        onClick: [Function: handleNavigate],
        'aria-label': 'Navigate to selected form'
      }

      at log (src/components/ui/Button.tsx:28:13)

    console.log
      [Button] Rendering with type: button

      at log (src/components/ui/Button.tsx:25:13)

    console.log
      [Button] Props received: {
        variant: 'primary',
        size: 'lg',
        type: 'button',
        loading: false,
        disabled: false
      }

      at log (src/components/ui/Button.tsx:26:13)

    console.log
      [Button] Has onClick in props: true

      at log (src/components/ui/Button.tsx:27:13)

    console.log
      [Button] All props: {
        onClick: [Function: handleNavigate],
        'aria-label': 'Navigate to selected form'
      }

      at log (src/components/ui/Button.tsx:28:13)

    console.log
      [Button] Rendering with type: button

      at log (src/components/ui/Button.tsx:25:13)

    console.log
      [Button] Props received: {
        variant: 'primary',
        size: 'lg',
        type: 'button',
        loading: false,
        disabled: true
      }

      at log (src/components/ui/Button.tsx:26:13)

    console.log
      [Button] Has onClick in props: true

      at log (src/components/ui/Button.tsx:27:13)

    console.log
      [Button] All props: {
        onClick: [Function: handleNavigate],
        'aria-label': 'Navigate to selected form'
      }

      at log (src/components/ui/Button.tsx:28:13)

    console.log
      [Button] Rendering with type: button

      at log (src/components/ui/Button.tsx:25:13)

    console.log
      [Button] Props received: {
        variant: 'primary',
        size: 'lg',
        type: 'button',
        loading: false,
        disabled: false
      }

      at log (src/components/ui/Button.tsx:26:13)

    console.log
      [Button] Has onClick in props: true

      at log (src/components/ui/Button.tsx:27:13)

    console.log
      [Button] All props: {
        onClick: [Function: handleNavigate],
        'aria-label': 'Navigate to selected form'
      }

      at log (src/components/ui/Button.tsx:28:13)

    console.log
      [Button] Rendering with type: button

      at log (src/components/ui/Button.tsx:25:13)

    console.log
      [Button] Props received: {
        variant: 'primary',
        size: 'lg',
        type: 'button',
        loading: false,
        disabled: true
      }

      at log (src/components/ui/Button.tsx:26:13)

    console.log
      [Button] Has onClick in props: true

      at log (src/components/ui/Button.tsx:27:13)

    console.log
      [Button] All props: {
        onClick: [Function: handleNavigate],
        'aria-label': 'Navigate to selected form'
      }

      at log (src/components/ui/Button.tsx:28:13)

    console.log
      [Button] Rendering with type: button

      at log (src/components/ui/Button.tsx:25:13)

    console.log
      [Button] Props received: {
        variant: 'primary',
        size: 'lg',
        type: 'button',
        loading: false,
        disabled: false
      }

      at log (src/components/ui/Button.tsx:26:13)

    console.log
      [Button] Has onClick in props: true

      at log (src/components/ui/Button.tsx:27:13)

    console.log
      [Button] All props: {
        onClick: [Function: handleNavigate],
        'aria-label': 'Navigate to selected form'
      }

      at log (src/components/ui/Button.tsx:28:13)

    console.log
      [Button] Rendering with type: button

      at log (src/components/ui/Button.tsx:25:13)

    console.log
      [Button] Props received: {
        variant: 'primary',
        size: 'lg',
        type: 'button',
        loading: false,
        disabled: true
      }

      at log (src/components/ui/Button.tsx:26:13)

    console.log
      [Button] Has onClick in props: true

      at log (src/components/ui/Button.tsx:27:13)

    console.log
      [Button] All props: {
        onClick: [Function: handleNavigate],
        'aria-label': 'Navigate to selected form'
      }

      at log (src/components/ui/Button.tsx:28:13)

    console.log
      [Button] Rendering with type: button

      at log (src/components/ui/Button.tsx:25:13)

    console.log
      [Button] Props received: {
        variant: 'primary',
        size: 'lg',
        type: 'button',
        loading: false,
        disabled: false
      }

      at log (src/components/ui/Button.tsx:26:13)

    console.log
      [Button] Has onClick in props: true

      at log (src/components/ui/Button.tsx:27:13)

    console.log
      [Button] All props: {
        onClick: [Function: handleNavigate],
        'aria-label': 'Navigate to selected form'
      }

      at log (src/components/ui/Button.tsx:28:13)

    console.log
      [Button] Rendering with type: button

      at log (src/components/ui/Button.tsx:25:13)

    console.log
      [Button] Props received: {
        variant: 'primary',
        size: 'lg',
        type: 'button',
        loading: false,
        disabled: true
      }

      at log (src/components/ui/Button.tsx:26:13)

    console.log
      [Button] Has onClick in props: true

      at log (src/components/ui/Button.tsx:27:13)

    console.log
      [Button] All props: {
        onClick: [Function: handleNavigate],
        'aria-label': 'Navigate to selected form'
      }

      at log (src/components/ui/Button.tsx:28:13)

    console.log
      [Button] Rendering with type: button

      at log (src/components/ui/Button.tsx:25:13)

    console.log
      [Button] Props received: {
        variant: 'primary',
        size: 'lg',
        type: 'button',
        loading: false,
        disabled: false
      }

      at log (src/components/ui/Button.tsx:26:13)

    console.log
      [Button] Has onClick in props: true

      at log (src/components/ui/Button.tsx:27:13)

    console.log
      [Button] All props: {
        onClick: [Function: handleNavigate],
        'aria-label': 'Navigate to selected form'
      }

      at log (src/components/ui/Button.tsx:28:13)

    console.log
      [Button] Rendering with type: button

      at log (src/components/ui/Button.tsx:25:13)

    console.log
      [Button] Props received: {
        variant: 'primary',
        size: 'lg',
        type: 'button',
        loading: false,
        disabled: true
      }

      at log (src/components/ui/Button.tsx:26:13)

    console.log
      [Button] Has onClick in props: true

      at log (src/components/ui/Button.tsx:27:13)

    console.log
      [Button] All props: {
        onClick: [Function: handleNavigate],
        'aria-label': 'Navigate to selected form'
      }

      at log (src/components/ui/Button.tsx:28:13)

    console.log
      [Button] Rendering with type: button

      at log (src/components/ui/Button.tsx:25:13)

    console.log
      [Button] Props received: {
        variant: 'primary',
        size: 'lg',
        type: 'button',
        loading: false,
        disabled: false
      }

      at log (src/components/ui/Button.tsx:26:13)

    console.log
      [Button] Has onClick in props: true

      at log (src/components/ui/Button.tsx:27:13)

    console.log
      [Button] All props: {
        onClick: [Function: handleNavigate],
        'aria-label': 'Navigate to selected form'
      }

      at log (src/components/ui/Button.tsx:28:13)

    console.log
      [Button] Rendering with type: button

      at log (src/components/ui/Button.tsx:25:13)

    console.log
      [Button] Props received: {
        variant: 'primary',
        size: 'lg',
        type: 'button',
        loading: false,
        disabled: true
      }

      at log (src/components/ui/Button.tsx:26:13)

    console.log
      [Button] Has onClick in props: true

      at log (src/components/ui/Button.tsx:27:13)

    console.log
      [Button] All props: {
        onClick: [Function: handleNavigate],
        'aria-label': 'Navigate to selected form'
      }

      at log (src/components/ui/Button.tsx:28:13)

    console.log
      [Button] Rendering with type: button

      at log (src/components/ui/Button.tsx:25:13)

    console.log
      [Button] Props received: {
        variant: 'primary',
        size: 'lg',
        type: 'button',
        loading: false,
        disabled: false
      }

      at log (src/components/ui/Button.tsx:26:13)

    console.log
      [Button] Has onClick in props: true

      at log (src/components/ui/Button.tsx:27:13)

    console.log
      [Button] All props: {
        onClick: [Function: handleNavigate],
        'aria-label': 'Navigate to selected form'
      }

      at log (src/components/ui/Button.tsx:28:13)

    console.log
      [Button] Rendering with type: button

      at log (src/components/ui/Button.tsx:25:13)

    console.log
      [Button] Props received: {
        variant: 'primary',
        size: 'lg',
        type: 'button',
        loading: false,
        disabled: true
      }

      at log (src/components/ui/Button.tsx:26:13)

    console.log
      [Button] Has onClick in props: true

      at log (src/components/ui/Button.tsx:27:13)

    console.log
      [Button] All props: {
        onClick: [Function: handleNavigate],
        'aria-label': 'Navigate to selected form'
      }

      at log (src/components/ui/Button.tsx:28:13)

    console.log
      [Button] Rendering with type: button

      at log (src/components/ui/Button.tsx:25:13)

    console.log
      [Button] Props received: {
        variant: 'primary',
        size: 'lg',
        type: 'button',
        loading: false,
        disabled: false
      }

      at log (src/components/ui/Button.tsx:26:13)

    console.log
      [Button] Has onClick in props: true

      at log (src/components/ui/Button.tsx:27:13)

    console.log
      [Button] All props: {
        onClick: [Function: handleNavigate],
        'aria-label': 'Navigate to selected form'
      }

      at log (src/components/ui/Button.tsx:28:13)

    console.log
      [Button] Rendering with type: button

      at log (src/components/ui/Button.tsx:25:13)

    console.log
      [Button] Props received: {
        variant: 'primary',
        size: 'lg',
        type: 'button',
        loading: false,
        disabled: true
      }

      at log (src/components/ui/Button.tsx:26:13)

    console.log
      [Button] Has onClick in props: true

      at log (src/components/ui/Button.tsx:27:13)

    console.log
      [Button] All props: {
        onClick: [Function: handleNavigate],
        'aria-label': 'Navigate to selected form'
      }

      at log (src/components/ui/Button.tsx:28:13)

    console.log
      [Button] Rendering with type: button

      at log (src/components/ui/Button.tsx:25:13)

    console.log
      [Button] Props received: {
        variant: 'primary',
        size: 'lg',
        type: 'button',
        loading: false,
        disabled: false
      }

      at log (src/components/ui/Button.tsx:26:13)

    console.log
      [Button] Has onClick in props: true

      at log (src/components/ui/Button.tsx:27:13)

    console.log
      [Button] All props: {
        onClick: [Function: handleNavigate],
        'aria-label': 'Navigate to selected form'
      }

      at log (src/components/ui/Button.tsx:28:13)

    console.log
      [Button] Rendering with type: button

      at log (src/components/ui/Button.tsx:25:13)

    console.log
      [Button] Props received: {
        variant: 'primary',
        size: 'lg',
        type: 'button',
        loading: false,
        disabled: true
      }

      at log (src/components/ui/Button.tsx:26:13)

    console.log
      [Button] Has onClick in props: true

      at log (src/components/ui/Button.tsx:27:13)

    console.log
      [Button] All props: {
        onClick: [Function: handleNavigate],
        'aria-label': 'Navigate to selected form'
      }

      at log (src/components/ui/Button.tsx:28:13)

    console.log
      [Button] Rendering with type: button

      at log (src/components/ui/Button.tsx:25:13)

    console.log
      [Button] Props received: {
        variant: 'primary',
        size: 'lg',
        type: 'button',
        loading: false,
        disabled: false
      }

      at log (src/components/ui/Button.tsx:26:13)

    console.log
      [Button] Has onClick in props: true

      at log (src/components/ui/Button.tsx:27:13)

    console.log
      [Button] All props: {
        onClick: [Function: handleNavigate],
        'aria-label': 'Navigate to selected form'
      }

      at log (src/components/ui/Button.tsx:28:13)

    console.log
      [Button] Rendering with type: button

      at log (src/components/ui/Button.tsx:25:13)

    console.log
      [Button] Props received: {
        variant: 'primary',
        size: 'lg',
        type: 'button',
        loading: false,
        disabled: true
      }

      at log (src/components/ui/Button.tsx:26:13)

    console.log
      [Button] Has onClick in props: true

      at log (src/components/ui/Button.tsx:27:13)

    console.log
      [Button] All props: {
        onClick: [Function: handleNavigate],
        'aria-label': 'Navigate to selected form'
      }

      at log (src/components/ui/Button.tsx:28:13)

    console.log
      [Button] Rendering with type: button

      at log (src/components/ui/Button.tsx:25:13)

    console.log
      [Button] Props received: {
        variant: 'primary',
        size: 'lg',
        type: 'button',
        loading: false,
        disabled: false
      }

      at log (src/components/ui/Button.tsx:26:13)

    console.log
      [Button] Has onClick in props: true

      at log (src/components/ui/Button.tsx:27:13)

    console.log
      [Button] All props: {
        onClick: [Function: handleNavigate],
        'aria-label': 'Navigate to selected form'
      }

      at log (src/components/ui/Button.tsx:28:13)

    console.log
      [Button] Rendering with type: button

      at log (src/components/ui/Button.tsx:25:13)

    console.log
      [Button] Props received: {
        variant: 'primary',
        size: 'lg',
        type: 'button',
        loading: false,
        disabled: true
      }

      at log (src/components/ui/Button.tsx:26:13)

    console.log
      [Button] Has onClick in props: true

      at log (src/components/ui/Button.tsx:27:13)

    console.log
      [Button] All props: {
        onClick: [Function: handleNavigate],
        'aria-label': 'Navigate to selected form'
      }

      at log (src/components/ui/Button.tsx:28:13)

    console.log
      [Button] Rendering with type: button

      at log (src/components/ui/Button.tsx:25:13)

    console.log
      [Button] Props received: {
        variant: 'primary',
        size: 'lg',
        type: 'button',
        loading: false,
        disabled: false
      }

      at log (src/components/ui/Button.tsx:26:13)

    console.log
      [Button] Has onClick in props: true

      at log (src/components/ui/Button.tsx:27:13)

    console.log
      [Button] All props: {
        onClick: [Function: handleNavigate],
        'aria-label': 'Navigate to selected form'
      }

      at log (src/components/ui/Button.tsx:28:13)

    console.log
      [Button] Rendering with type: button

      at log (src/components/ui/Button.tsx:25:13)

    console.log
      [Button] Props received: {
        variant: 'primary',
        size: 'lg',
        type: 'button',
        loading: false,
        disabled: true
      }

      at log (src/components/ui/Button.tsx:26:13)

    console.log
      [Button] Has onClick in props: true

      at log (src/components/ui/Button.tsx:27:13)

    console.log
      [Button] All props: {
        onClick: [Function: handleNavigate],
        'aria-label': 'Navigate to selected form'
      }

      at log (src/components/ui/Button.tsx:28:13)

    console.log
      [Button] Rendering with type: button

      at log (src/components/ui/Button.tsx:25:13)

    console.log
      [Button] Props received: {
        variant: 'primary',
        size: 'lg',
        type: 'button',
        loading: false,
        disabled: false
      }

      at log (src/components/ui/Button.tsx:26:13)

    console.log
      [Button] Has onClick in props: true

      at log (src/components/ui/Button.tsx:27:13)

    console.log
      [Button] All props: {
        onClick: [Function: handleNavigate],
        'aria-label': 'Navigate to selected form'
      }

      at log (src/components/ui/Button.tsx:28:13)

    console.log
      [Button] Rendering with type: button

      at log (src/components/ui/Button.tsx:25:13)

    console.log
      [Button] Props received: {
        variant: 'primary',
        size: 'lg',
        type: 'button',
        loading: false,
        disabled: true
      }

      at log (src/components/ui/Button.tsx:26:13)

    console.log
      [Button] Has onClick in props: true

      at log (src/components/ui/Button.tsx:27:13)

    console.log
      [Button] All props: {
        onClick: [Function: handleNavigate],
        'aria-label': 'Navigate to selected form'
      }

      at log (src/components/ui/Button.tsx:28:13)

    console.log
      [Button] Rendering with type: button

      at log (src/components/ui/Button.tsx:25:13)

    console.log
      [Button] Props received: {
        variant: 'primary',
        size: 'lg',
        type: 'button',
        loading: false,
        disabled: false
      }

      at log (src/components/ui/Button.tsx:26:13)

    console.log
      [Button] Has onClick in props: true

      at log (src/components/ui/Button.tsx:27:13)

    console.log
      [Button] All props: {
        onClick: [Function: handleNavigate],
        'aria-label': 'Navigate to selected form'
      }

      at log (src/components/ui/Button.tsx:28:13)

    console.log
      [Button] Rendering with type: button

      at log (src/components/ui/Button.tsx:25:13)

    console.log
      [Button] Props received: {
        variant: 'primary',
        size: 'lg',
        type: 'button',
        loading: false,
        disabled: true
      }

      at log (src/components/ui/Button.tsx:26:13)

    console.log
      [Button] Has onClick in props: true

      at log (src/components/ui/Button.tsx:27:13)

    console.log
      [Button] All props: {
        onClick: [Function: handleNavigate],
        'aria-label': 'Navigate to selected form'
      }

      at log (src/components/ui/Button.tsx:28:13)

    console.log
      [Button] Rendering with type: button

      at log (src/components/ui/Button.tsx:25:13)

    console.log
      [Button] Props received: {
        variant: 'primary',
        size: 'lg',
        type: 'button',
        loading: false,
        disabled: false
      }

      at log (src/components/ui/Button.tsx:26:13)

    console.log
      [Button] Has onClick in props: true

      at log (src/components/ui/Button.tsx:27:13)

    console.log
      [Button] All props: {
        onClick: [Function: handleNavigate],
        'aria-label': 'Navigate to selected form'
      }

      at log (src/components/ui/Button.tsx:28:13)

    console.log
      [Button] Rendering with type: button

      at log (src/components/ui/Button.tsx:25:13)

    console.log
      [Button] Props received: {
        variant: 'primary',
        size: 'lg',
        type: 'button',
        loading: false,
        disabled: true
      }

      at log (src/components/ui/Button.tsx:26:13)

    console.log
      [Button] Has onClick in props: true

      at log (src/components/ui/Button.tsx:27:13)

    console.log
      [Button] All props: {
        onClick: [Function: handleNavigate],
        'aria-label': 'Navigate to selected form'
      }

      at log (src/components/ui/Button.tsx:28:13)

    console.log
      [Button] Rendering with type: button

      at log (src/components/ui/Button.tsx:25:13)

    console.log
      [Button] Props received: {
        variant: 'primary',
        size: 'lg',
        type: 'button',
        loading: false,
        disabled: false
      }

      at log (src/components/ui/Button.tsx:26:13)

    console.log
      [Button] Has onClick in props: true

      at log (src/components/ui/Button.tsx:27:13)

    console.log
      [Button] All props: {
        onClick: [Function: handleNavigate],
        'aria-label': 'Navigate to selected form'
      }

      at log (src/components/ui/Button.tsx:28:13)

    console.log
      [Button] Rendering with type: button

      at log (src/components/ui/Button.tsx:25:13)

    console.log
      [Button] Props received: {
        variant: 'primary',
        size: 'lg',
        type: 'button',
        loading: false,
        disabled: true
      }

      at log (src/components/ui/Button.tsx:26:13)

    console.log
      [Button] Has onClick in props: true

      at log (src/components/ui/Button.tsx:27:13)

    console.log
      [Button] All props: {
        onClick: [Function: handleNavigate],
        'aria-label': 'Navigate to selected form'
      }

      at log (src/components/ui/Button.tsx:28:13)

    console.log
      [Button] Rendering with type: button

      at log (src/components/ui/Button.tsx:25:13)

    console.log
      [Button] Props received: {
        variant: 'primary',
        size: 'lg',
        type: 'button',
        loading: false,
        disabled: false
      }

      at log (src/components/ui/Button.tsx:26:13)

    console.log
      [Button] Has onClick in props: true

      at log (src/components/ui/Button.tsx:27:13)

    console.log
      [Button] All props: {
        onClick: [Function: handleNavigate],
        'aria-label': 'Navigate to selected form'
      }

      at log (src/components/ui/Button.tsx:28:13)

    console.log
      [Button] Rendering with type: button

      at log (src/components/ui/Button.tsx:25:13)

    console.log
      [Button] Props received: {
        variant: 'primary',
        size: 'lg',
        type: 'button',
        loading: false,
        disabled: true
      }

      at log (src/components/ui/Button.tsx:26:13)

    console.log
      [Button] Has onClick in props: true

      at log (src/components/ui/Button.tsx:27:13)

    console.log
      [Button] All props: {
        onClick: [Function: handleNavigate],
        'aria-label': 'Navigate to selected form'
      }

      at log (src/components/ui/Button.tsx:28:13)

    console.log
      [Button] Rendering with type: button

      at log (src/components/ui/Button.tsx:25:13)

    console.log
      [Button] Props received: {
        variant: 'primary',
        size: 'lg',
        type: 'button',
        loading: false,
        disabled: false
      }

      at log (src/components/ui/Button.tsx:26:13)

    console.log
      [Button] Has onClick in props: true

      at log (src/components/ui/Button.tsx:27:13)

    console.log
      [Button] All props: {
        onClick: [Function: handleNavigate],
        'aria-label': 'Navigate to selected form'
      }

      at log (src/components/ui/Button.tsx:28:13)

    console.log
      [Button] Rendering with type: button

      at log (src/components/ui/Button.tsx:25:13)

    console.log
      [Button] Props received: {
        variant: 'primary',
        size: 'lg',
        type: 'button',
        loading: false,
        disabled: true
      }

      at log (src/components/ui/Button.tsx:26:13)

    console.log
      [Button] Has onClick in props: true

      at log (src/components/ui/Button.tsx:27:13)

    console.log
      [Button] All props: {
        onClick: [Function: handleNavigate],
        'aria-label': 'Navigate to selected form'
      }

      at log (src/components/ui/Button.tsx:28:13)

    console.log
      [Button] Rendering with type: button

      at log (src/components/ui/Button.tsx:25:13)

    console.log
      [Button] Props received: {
        variant: 'primary',
        size: 'lg',
        type: 'button',
        loading: false,
        disabled: false
      }

      at log (src/components/ui/Button.tsx:26:13)

    console.log
      [Button] Has onClick in props: true

      at log (src/components/ui/Button.tsx:27:13)

    console.log
      [Button] All props: {
        onClick: [Function: handleNavigate],
        'aria-label': 'Navigate to selected form'
      }

      at log (src/components/ui/Button.tsx:28:13)

    console.log
      [Button] Rendering with type: button

      at log (src/components/ui/Button.tsx:25:13)

    console.log
      [Button] Props received: {
        variant: 'primary',
        size: 'lg',
        type: 'button',
        loading: false,
        disabled: true
      }

      at log (src/components/ui/Button.tsx:26:13)

    console.log
      [Button] Has onClick in props: true

      at log (src/components/ui/Button.tsx:27:13)

    console.log
      [Button] All props: {
        onClick: [Function: handleNavigate],
        'aria-label': 'Navigate to selected form'
      }

      at log (src/components/ui/Button.tsx:28:13)

    console.log
      [Button] Rendering with type: button

      at log (src/components/ui/Button.tsx:25:13)

    console.log
      [Button] Props received: {
        variant: 'primary',
        size: 'lg',
        type: 'button',
        loading: false,
        disabled: false
      }

      at log (src/components/ui/Button.tsx:26:13)

    console.log
      [Button] Has onClick in props: true

      at log (src/components/ui/Button.tsx:27:13)

    console.log
      [Button] All props: {
        onClick: [Function: handleNavigate],
        'aria-label': 'Navigate to selected form'
      }

      at log (src/components/ui/Button.tsx:28:13)

    console.log
      [Button] Rendering with type: button

      at log (src/components/ui/Button.tsx:25:13)

    console.log
      [Button] Props received: {
        variant: 'primary',
        size: 'lg',
        type: 'button',
        loading: false,
        disabled: true
      }

      at log (src/components/ui/Button.tsx:26:13)

    console.log
      [Button] Has onClick in props: true

      at log (src/components/ui/Button.tsx:27:13)

    console.log
      [Button] All props: {
        onClick: [Function: handleNavigate],
        'aria-label': 'Navigate to selected form'
      }

      at log (src/components/ui/Button.tsx:28:13)

    console.log
      [Button] Rendering with type: button

      at log (src/components/ui/Button.tsx:25:13)

    console.log
      [Button] Props received: {
        variant: 'primary',
        size: 'lg',
        type: 'button',
        loading: false,
        disabled: false
      }

      at log (src/components/ui/Button.tsx:26:13)

    console.log
      [Button] Has onClick in props: true

      at log (src/components/ui/Button.tsx:27:13)

    console.log
      [Button] All props: {
        onClick: [Function: handleNavigate],
        'aria-label': 'Navigate to selected form'
      }

      at log (src/components/ui/Button.tsx:28:13)

    console.log
      [Button] Rendering with type: button

      at log (src/components/ui/Button.tsx:25:13)

    console.log
      [Button] Props received: {
        variant: 'primary',
        size: 'lg',
        type: 'button',
        loading: false,
        disabled: true
      }

      at log (src/components/ui/Button.tsx:26:13)

    console.log
      [Button] Has onClick in props: true

      at log (src/components/ui/Button.tsx:27:13)

    console.log
      [Button] All props: {
        onClick: [Function: handleNavigate],
        'aria-label': 'Navigate to selected form'
      }

      at log (src/components/ui/Button.tsx:28:13)

    console.log
      [Button] Rendering with type: button

      at log (src/components/ui/Button.tsx:25:13)

    console.log
      [Button] Props received: {
        variant: 'primary',
        size: 'lg',
        type: 'button',
        loading: false,
        disabled: false
      }

      at log (src/components/ui/Button.tsx:26:13)

    console.log
      [Button] Has onClick in props: true

      at log (src/components/ui/Button.tsx:27:13)

    console.log
      [Button] All props: {
        onClick: [Function: handleNavigate],
        'aria-label': 'Navigate to selected form'
      }

      at log (src/components/ui/Button.tsx:28:13)

    console.log
      [Button] Rendering with type: button

      at log (src/components/ui/Button.tsx:25:13)

    console.log
      [Button] Props received: {
        variant: 'primary',
        size: 'lg',
        type: 'button',
        loading: false,
        disabled: true
      }

      at log (src/components/ui/Button.tsx:26:13)

    console.log
      [Button] Has onClick in props: true

      at log (src/components/ui/Button.tsx:27:13)

    console.log
      [Button] All props: {
        onClick: [Function: handleNavigate],
        'aria-label': 'Navigate to selected form'
      }

      at log (src/components/ui/Button.tsx:28:13)

    console.log
      [Button] Rendering with type: button

      at log (src/components/ui/Button.tsx:25:13)

    console.log
      [Button] Props received: {
        variant: 'primary',
        size: 'lg',
        type: 'button',
        loading: false,
        disabled: false
      }

      at log (src/components/ui/Button.tsx:26:13)

    console.log
      [Button] Has onClick in props: true

      at log (src/components/ui/Button.tsx:27:13)

    console.log
      [Button] All props: {
        onClick: [Function: handleNavigate],
        'aria-label': 'Navigate to selected form'
      }

      at log (src/components/ui/Button.tsx:28:13)

    console.log
      [Button] Rendering with type: button

      at log (src/components/ui/Button.tsx:25:13)

    console.log
      [Button] Props received: {
        variant: 'primary',
        size: 'lg',
        type: 'button',
        loading: false,
        disabled: true
      }

      at log (src/components/ui/Button.tsx:26:13)

    console.log
      [Button] Has onClick in props: true

      at log (src/components/ui/Button.tsx:27:13)

    console.log
      [Button] All props: {
        onClick: [Function: handleNavigate],
        'aria-label': 'Navigate to selected form'
      }

      at log (src/components/ui/Button.tsx:28:13)

    console.log
      [Button] Rendering with type: button

      at log (src/components/ui/Button.tsx:25:13)

    console.log
      [Button] Props received: {
        variant: 'primary',
        size: 'lg',
        type: 'button',
        loading: false,
        disabled: false
      }

      at log (src/components/ui/Button.tsx:26:13)

    console.log
      [Button] Has onClick in props: true

      at log (src/components/ui/Button.tsx:27:13)

    console.log
      [Button] All props: {
        onClick: [Function: handleNavigate],
        'aria-label': 'Navigate to selected form'
      }

      at log (src/components/ui/Button.tsx:28:13)

    console.log
      [Button] Rendering with type: button

      at log (src/components/ui/Button.tsx:25:13)

    console.log
      [Button] Props received: {
        variant: 'primary',
        size: 'lg',
        type: 'button',
        loading: false,
        disabled: true
      }

      at log (src/components/ui/Button.tsx:26:13)

    console.log
      [Button] Has onClick in props: true

      at log (src/components/ui/Button.tsx:27:13)

    console.log
      [Button] All props: {
        onClick: [Function: handleNavigate],
        'aria-label': 'Navigate to selected form'
      }

      at log (src/components/ui/Button.tsx:28:13)

    console.log
      [Button] Rendering with type: button

      at log (src/components/ui/Button.tsx:25:13)

    console.log
      [Button] Props received: {
        variant: 'primary',
        size: 'lg',
        type: 'button',
        loading: false,
        disabled: false
      }

      at log (src/components/ui/Button.tsx:26:13)

    console.log
      [Button] Has onClick in props: true

      at log (src/components/ui/Button.tsx:27:13)

    console.log
      [Button] All props: {
        onClick: [Function: handleNavigate],
        'aria-label': 'Navigate to selected form'
      }

      at log (src/components/ui/Button.tsx:28:13)

    console.log
      [Button] Rendering with type: button

      at log (src/components/ui/Button.tsx:25:13)

    console.log
      [Button] Props received: {
        variant: 'primary',
        size: 'lg',
        type: 'button',
        loading: false,
        disabled: true
      }

      at log (src/components/ui/Button.tsx:26:13)

    console.log
      [Button] Has onClick in props: true

      at log (src/components/ui/Button.tsx:27:13)

    console.log
      [Button] All props: {
        onClick: [Function: handleNavigate],
        'aria-label': 'Navigate to selected form'
      }

      at log (src/components/ui/Button.tsx:28:13)

    console.log
      [Button] Rendering with type: button

      at log (src/components/ui/Button.tsx:25:13)

    console.log
      [Button] Props received: {
        variant: 'primary',
        size: 'lg',
        type: 'button',
        loading: false,
        disabled: false
      }

      at log (src/components/ui/Button.tsx:26:13)

    console.log
      [Button] Has onClick in props: true

      at log (src/components/ui/Button.tsx:27:13)

    console.log
      [Button] All props: {
        onClick: [Function: handleNavigate],
        'aria-label': 'Navigate to selected form'
      }

      at log (src/components/ui/Button.tsx:28:13)

    console.log
      [Button] Rendering with type: button

      at log (src/components/ui/Button.tsx:25:13)

    console.log
      [Button] Props received: {
        variant: 'primary',
        size: 'lg',
        type: 'button',
        loading: false,
        disabled: true
      }

      at log (src/components/ui/Button.tsx:26:13)

    console.log
      [Button] Has onClick in props: true

      at log (src/components/ui/Button.tsx:27:13)

    console.log
      [Button] All props: {
        onClick: [Function: handleNavigate],
        'aria-label': 'Navigate to selected form'
      }

      at log (src/components/ui/Button.tsx:28:13)

    console.log
      [Button] Rendering with type: button

      at log (src/components/ui/Button.tsx:25:13)

    console.log
      [Button] Props received: {
        variant: 'primary',
        size: 'lg',
        type: 'button',
        loading: false,
        disabled: false
      }

      at log (src/components/ui/Button.tsx:26:13)

    console.log
      [Button] Has onClick in props: true

      at log (src/components/ui/Button.tsx:27:13)

    console.log
      [Button] All props: {
        onClick: [Function: handleNavigate],
        'aria-label': 'Navigate to selected form'
      }

      at log (src/components/ui/Button.tsx:28:13)

    console.log
      [Button] Rendering with type: button

      at log (src/components/ui/Button.tsx:25:13)

    console.log
      [Button] Props received: {
        variant: 'primary',
        size: 'lg',
        type: 'button',
        loading: false,
        disabled: true
      }

      at log (src/components/ui/Button.tsx:26:13)

    console.log
      [Button] Has onClick in props: true

      at log (src/components/ui/Button.tsx:27:13)

    console.log
      [Button] All props: {
        onClick: [Function: handleNavigate],
        'aria-label': 'Navigate to selected form'
      }

      at log (src/components/ui/Button.tsx:28:13)

    console.log
      [Button] Rendering with type: button

      at log (src/components/ui/Button.tsx:25:13)

    console.log
      [Button] Props received: {
        variant: 'primary',
        size: 'lg',
        type: 'button',
        loading: false,
        disabled: false
      }

      at log (src/components/ui/Button.tsx:26:13)

    console.log
      [Button] Has onClick in props: true

      at log (src/components/ui/Button.tsx:27:13)

    console.log
      [Button] All props: {
        onClick: [Function: handleNavigate],
        'aria-label': 'Navigate to selected form'
      }

      at log (src/components/ui/Button.tsx:28:13)

    console.log
      [Button] Rendering with type: button

      at log (src/components/ui/Button.tsx:25:13)

    console.log
      [Button] Props received: {
        variant: 'primary',
        size: 'lg',
        type: 'button',
        loading: false,
        disabled: true
      }

      at log (src/components/ui/Button.tsx:26:13)

    console.log
      [Button] Has onClick in props: true

      at log (src/components/ui/Button.tsx:27:13)

    console.log
      [Button] All props: {
        onClick: [Function: handleNavigate],
        'aria-label': 'Navigate to selected form'
      }

      at log (src/components/ui/Button.tsx:28:13)

    console.log
      [Button] Rendering with type: button

      at log (src/components/ui/Button.tsx:25:13)

    console.log
      [Button] Props received: {
        variant: 'primary',
        size: 'lg',
        type: 'button',
        loading: false,
        disabled: false
      }

      at log (src/components/ui/Button.tsx:26:13)

    console.log
      [Button] Has onClick in props: true

      at log (src/components/ui/Button.tsx:27:13)

    console.log
      [Button] All props: {
        onClick: [Function: handleNavigate],
        'aria-label': 'Navigate to selected form'
      }

      at log (src/components/ui/Button.tsx:28:13)

    console.log
      [Button] Rendering with type: button

      at log (src/components/ui/Button.tsx:25:13)

    console.log
      [Button] Props received: {
        variant: 'primary',
        size: 'lg',
        type: 'button',
        loading: false,
        disabled: true
      }

      at log (src/components/ui/Button.tsx:26:13)

    console.log
      [Button] Has onClick in props: true

      at log (src/components/ui/Button.tsx:27:13)

    console.log
      [Button] All props: {
        onClick: [Function: handleNavigate],
        'aria-label': 'Navigate to selected form'
      }

      at log (src/components/ui/Button.tsx:28:13)

    console.log
      [Button] Rendering with type: button

      at log (src/components/ui/Button.tsx:25:13)

    console.log
      [Button] Props received: {
        variant: 'primary',
        size: 'lg',
        type: 'button',
        loading: false,
        disabled: false
      }

      at log (src/components/ui/Button.tsx:26:13)

    console.log
      [Button] Has onClick in props: true

      at log (src/components/ui/Button.tsx:27:13)

    console.log
      [Button] All props: {
        onClick: [Function: handleNavigate],
        'aria-label': 'Navigate to selected form'
      }

      at log (src/components/ui/Button.tsx:28:13)

    console.log
      [Button] Rendering with type: button

      at log (src/components/ui/Button.tsx:25:13)

    console.log
      [Button] Props received: {
        variant: 'primary',
        size: 'lg',
        type: 'button',
        loading: false,
        disabled: true
      }

      at log (src/components/ui/Button.tsx:26:13)

    console.log
      [Button] Has onClick in props: true

      at log (src/components/ui/Button.tsx:27:13)

    console.log
      [Button] All props: {
        onClick: [Function: handleNavigate],
        'aria-label': 'Navigate to selected form'
      }

      at log (src/components/ui/Button.tsx:28:13)

    console.log
      [Button] Rendering with type: button

      at log (src/components/ui/Button.tsx:25:13)

    console.log
      [Button] Props received: {
        variant: 'primary',
        size: 'lg',
        type: 'button',
        loading: false,
        disabled: false
      }

      at log (src/components/ui/Button.tsx:26:13)

    console.log
      [Button] Has onClick in props: true

      at log (src/components/ui/Button.tsx:27:13)

    console.log
      [Button] All props: {
        onClick: [Function: handleNavigate],
        'aria-label': 'Navigate to selected form'
      }

      at log (src/components/ui/Button.tsx:28:13)

    console.log
      [Button] Rendering with type: button

      at log (src/components/ui/Button.tsx:25:13)

    console.log
      [Button] Props received: {
        variant: 'primary',
        size: 'lg',
        type: 'button',
        loading: false,
        disabled: true
      }

      at log (src/components/ui/Button.tsx:26:13)

    console.log
      [Button] Has onClick in props: true

      at log (src/components/ui/Button.tsx:27:13)

    console.log
      [Button] All props: {
        onClick: [Function: handleNavigate],
        'aria-label': 'Navigate to selected form'
      }

      at log (src/components/ui/Button.tsx:28:13)

    console.log
      [Button] Rendering with type: button

      at log (src/components/ui/Button.tsx:25:13)

    console.log
      [Button] Props received: {
        variant: 'primary',
        size: 'lg',
        type: 'button',
        loading: false,
        disabled: false
      }

      at log (src/components/ui/Button.tsx:26:13)

    console.log
      [Button] Has onClick in props: true

      at log (src/components/ui/Button.tsx:27:13)

    console.log
      [Button] All props: {
        onClick: [Function: handleNavigate],
        'aria-label': 'Navigate to selected form'
      }

      at log (src/components/ui/Button.tsx:28:13)

    console.log
      [Button] Rendering with type: button

      at log (src/components/ui/Button.tsx:25:13)

    console.log
      [Button] Props received: {
        variant: 'primary',
        size: 'lg',
        type: 'button',
        loading: false,
        disabled: true
      }

      at log (src/components/ui/Button.tsx:26:13)

    console.log
      [Button] Has onClick in props: true

      at log (src/components/ui/Button.tsx:27:13)

    console.log
      [Button] All props: {
        onClick: [Function: handleNavigate],
        'aria-label': 'Navigate to selected form'
      }

      at log (src/components/ui/Button.tsx:28:13)

    console.log
      [Button] Rendering with type: button

      at log (src/components/ui/Button.tsx:25:13)

    console.log
      [Button] Props received: {
        variant: 'primary',
        size: 'lg',
        type: 'button',
        loading: false,
        disabled: false
      }

      at log (src/components/ui/Button.tsx:26:13)

    console.log
      [Button] Has onClick in props: true

      at log (src/components/ui/Button.tsx:27:13)

    console.log
      [Button] All props: {
        onClick: [Function: handleNavigate],
        'aria-label': 'Navigate to selected form'
      }

      at log (src/components/ui/Button.tsx:28:13)

    console.log
      [Button] Rendering with type: button

      at log (src/components/ui/Button.tsx:25:13)

    console.log
      [Button] Props received: {
        variant: 'primary',
        size: 'lg',
        type: 'button',
        loading: false,
        disabled: true
      }

      at log (src/components/ui/Button.tsx:26:13)

    console.log
      [Button] Has onClick in props: true

      at log (src/components/ui/Button.tsx:27:13)

    console.log
      [Button] All props: {
        onClick: [Function: handleNavigate],
        'aria-label': 'Navigate to selected form'
      }

      at log (src/components/ui/Button.tsx:28:13)

    console.log
      [Button] Rendering with type: button

      at log (src/components/ui/Button.tsx:25:13)

    console.log
      [Button] Props received: {
        variant: 'primary',
        size: 'lg',
        type: 'button',
        loading: false,
        disabled: false
      }

      at log (src/components/ui/Button.tsx:26:13)

    console.log
      [Button] Has onClick in props: true

      at log (src/components/ui/Button.tsx:27:13)

    console.log
      [Button] All props: {
        onClick: [Function: handleNavigate],
        'aria-label': 'Navigate to selected form'
      }

      at log (src/components/ui/Button.tsx:28:13)

    console.log
      [Button] Rendering with type: button

      at log (src/components/ui/Button.tsx:25:13)

    console.log
      [Button] Props received: {
        variant: 'primary',
        size: 'lg',
        type: 'button',
        loading: false,
        disabled: true
      }

      at log (src/components/ui/Button.tsx:26:13)

    console.log
      [Button] Has onClick in props: true

      at log (src/components/ui/Button.tsx:27:13)

    console.log
      [Button] All props: {
        onClick: [Function: handleNavigate],
        'aria-label': 'Navigate to selected form'
      }

      at log (src/components/ui/Button.tsx:28:13)

    console.log
      [Button] Rendering with type: button

      at log (src/components/ui/Button.tsx:25:13)

    console.log
      [Button] Props received: {
        variant: 'primary',
        size: 'lg',
        type: 'button',
        loading: false,
        disabled: false
      }

      at log (src/components/ui/Button.tsx:26:13)

    console.log
      [Button] Has onClick in props: true

      at log (src/components/ui/Button.tsx:27:13)

    console.log
      [Button] All props: {
        onClick: [Function: handleNavigate],
        'aria-label': 'Navigate to selected form'
      }

      at log (src/components/ui/Button.tsx:28:13)

    console.log
      [Button] Rendering with type: button

      at log (src/components/ui/Button.tsx:25:13)

    console.log
      [Button] Props received: {
        variant: 'primary',
        size: 'lg',
        type: 'button',
        loading: false,
        disabled: true
      }

      at log (src/components/ui/Button.tsx:26:13)

    console.log
      [Button] Has onClick in props: true

      at log (src/components/ui/Button.tsx:27:13)

    console.log
      [Button] All props: {
        onClick: [Function: handleNavigate],
        'aria-label': 'Navigate to selected form'
      }

      at log (src/components/ui/Button.tsx:28:13)

    console.log
      [Button] Rendering with type: button

      at log (src/components/ui/Button.tsx:25:13)

    console.log
      [Button] Props received: {
        variant: 'primary',
        size: 'lg',
        type: 'button',
        loading: false,
        disabled: false
      }

      at log (src/components/ui/Button.tsx:26:13)

    console.log
      [Button] Has onClick in props: true

      at log (src/components/ui/Button.tsx:27:13)

    console.log
      [Button] All props: {
        onClick: [Function: handleNavigate],
        'aria-label': 'Navigate to selected form'
      }

      at log (src/components/ui/Button.tsx:28:13)

    console.log
      [Button] Rendering with type: button

      at log (src/components/ui/Button.tsx:25:13)

    console.log
      [Button] Props received: {
        variant: 'primary',
        size: 'lg',
        type: 'button',
        loading: false,
        disabled: true
      }

      at log (src/components/ui/Button.tsx:26:13)

    console.log
      [Button] Has onClick in props: true

      at log (src/components/ui/Button.tsx:27:13)

    console.log
      [Button] All props: {
        onClick: [Function: handleNavigate],
        'aria-label': 'Navigate to selected form'
      }

      at log (src/components/ui/Button.tsx:28:13)

    console.log
      [Button] Rendering with type: button

      at log (src/components/ui/Button.tsx:25:13)

    console.log
      [Button] Props received: {
        variant: 'primary',
        size: 'lg',
        type: 'button',
        loading: false,
        disabled: false
      }

      at log (src/components/ui/Button.tsx:26:13)

    console.log
      [Button] Has onClick in props: true

      at log (src/components/ui/Button.tsx:27:13)

    console.log
      [Button] All props: {
        onClick: [Function: handleNavigate],
        'aria-label': 'Navigate to selected form'
      }

      at log (src/components/ui/Button.tsx:28:13)

    console.log
      [Button] Rendering with type: button

      at log (src/components/ui/Button.tsx:25:13)

    console.log
      [Button] Props received: {
        variant: 'primary',
        size: 'lg',
        type: 'button',
        loading: false,
        disabled: true
      }

      at log (src/components/ui/Button.tsx:26:13)

    console.log
      [Button] Has onClick in props: true

      at log (src/components/ui/Button.tsx:27:13)

    console.log
      [Button] All props: {
        onClick: [Function: handleNavigate],
        'aria-label': 'Navigate to selected form'
      }

      at log (src/components/ui/Button.tsx:28:13)

    console.log
      [Button] Rendering with type: button

      at log (src/components/ui/Button.tsx:25:13)

    console.log
      [Button] Props received: {
        variant: 'primary',
        size: 'lg',
        type: 'button',
        loading: false,
        disabled: false
      }

      at log (src/components/ui/Button.tsx:26:13)

    console.log
      [Button] Has onClick in props: true

      at log (src/components/ui/Button.tsx:27:13)

    console.log
      [Button] All props: {
        onClick: [Function: handleNavigate],
        'aria-label': 'Navigate to selected form'
      }

      at log (src/components/ui/Button.tsx:28:13)

    console.log
      [Button] Rendering with type: button

      at log (src/components/ui/Button.tsx:25:13)

    console.log
      [Button] Props received: {
        variant: 'primary',
        size: 'lg',
        type: 'button',
        loading: false,
        disabled: true
      }

      at log (src/components/ui/Button.tsx:26:13)

    console.log
      [Button] Has onClick in props: true

      at log (src/components/ui/Button.tsx:27:13)

    console.log
      [Button] All props: {
        onClick: [Function: handleNavigate],
        'aria-label': 'Navigate to selected form'
      }

      at log (src/components/ui/Button.tsx:28:13)

    console.log
      [Button] Rendering with type: button

      at log (src/components/ui/Button.tsx:25:13)

    console.log
      [Button] Props received: {
        variant: 'primary',
        size: 'lg',
        type: 'button',
        loading: false,
        disabled: false
      }

      at log (src/components/ui/Button.tsx:26:13)

    console.log
      [Button] Has onClick in props: true

      at log (src/components/ui/Button.tsx:27:13)

    console.log
      [Button] All props: {
        onClick: [Function: handleNavigate],
        'aria-label': 'Navigate to selected form'
      }

      at log (src/components/ui/Button.tsx:28:13)

    console.log
      [Button] Rendering with type: button

      at log (src/components/ui/Button.tsx:25:13)

    console.log
      [Button] Props received: {
        variant: 'primary',
        size: 'lg',
        type: 'button',
        loading: false,
        disabled: true
      }

      at log (src/components/ui/Button.tsx:26:13)

    console.log
      [Button] Has onClick in props: true

      at log (src/components/ui/Button.tsx:27:13)

    console.log
      [Button] All props: {
        onClick: [Function: handleNavigate],
        'aria-label': 'Navigate to selected form'
      }

      at log (src/components/ui/Button.tsx:28:13)

    console.log
      [Button] Rendering with type: button

      at log (src/components/ui/Button.tsx:25:13)

    console.log
      [Button] Props received: {
        variant: 'primary',
        size: 'lg',
        type: 'button',
        loading: false,
        disabled: false
      }

      at log (src/components/ui/Button.tsx:26:13)

    console.log
      [Button] Has onClick in props: true

      at log (src/components/ui/Button.tsx:27:13)

    console.log
      [Button] All props: {
        onClick: [Function: handleNavigate],
        'aria-label': 'Navigate to selected form'
      }

      at log (src/components/ui/Button.tsx:28:13)

    console.log
      [Button] Rendering with type: button

      at log (src/components/ui/Button.tsx:25:13)

    console.log
      [Button] Props received: {
        variant: 'primary',
        size: 'lg',
        type: 'button',
        loading: false,
        disabled: true
      }

      at log (src/components/ui/Button.tsx:26:13)

    console.log
      [Button] Has onClick in props: true

      at log (src/components/ui/Button.tsx:27:13)

    console.log
      [Button] All props: {
        onClick: [Function: handleNavigate],
        'aria-label': 'Navigate to selected form'
      }

      at log (src/components/ui/Button.tsx:28:13)

    console.log
      [Button] Rendering with type: button

      at log (src/components/ui/Button.tsx:25:13)

    console.log
      [Button] Props received: {
        variant: 'primary',
        size: 'lg',
        type: 'button',
        loading: false,
        disabled: false
      }

      at log (src/components/ui/Button.tsx:26:13)

    console.log
      [Button] Has onClick in props: true

      at log (src/components/ui/Button.tsx:27:13)

    console.log
      [Button] All props: {
        onClick: [Function: handleNavigate],
        'aria-label': 'Navigate to selected form'
      }

      at log (src/components/ui/Button.tsx:28:13)

    console.log
      [Button] Rendering with type: button

      at log (src/components/ui/Button.tsx:25:13)

    console.log
      [Button] Props received: {
        variant: 'primary',
        size: 'lg',
        type: 'button',
        loading: false,
        disabled: true
      }

      at log (src/components/ui/Button.tsx:26:13)

    console.log
      [Button] Has onClick in props: true

      at log (src/components/ui/Button.tsx:27:13)

    console.log
      [Button] All props: {
        onClick: [Function: handleNavigate],
        'aria-label': 'Navigate to selected form'
      }

      at log (src/components/ui/Button.tsx:28:13)

    console.log
      [Button] Rendering with type: button

      at log (src/components/ui/Button.tsx:25:13)

    console.log
      [Button] Props received: {
        variant: 'primary',
        size: 'lg',
        type: 'button',
        loading: false,
        disabled: false
      }

      at log (src/components/ui/Button.tsx:26:13)

    console.log
      [Button] Has onClick in props: true

      at log (src/components/ui/Button.tsx:27:13)

    console.log
      [Button] All props: {
        onClick: [Function: handleNavigate],
        'aria-label': 'Navigate to selected form'
      }

      at log (src/components/ui/Button.tsx:28:13)

    console.log
      [Button] Rendering with type: button

      at log (src/components/ui/Button.tsx:25:13)

    console.log
      [Button] Props received: {
        variant: 'primary',
        size: 'lg',
        type: 'button',
        loading: false,
        disabled: true
      }

      at log (src/components/ui/Button.tsx:26:13)

    console.log
      [Button] Has onClick in props: true

      at log (src/components/ui/Button.tsx:27:13)

    console.log
      [Button] All props: {
        onClick: [Function: handleNavigate],
        'aria-label': 'Navigate to selected form'
      }

      at log (src/components/ui/Button.tsx:28:13)

    console.log
      [Button] Rendering with type: button

      at log (src/components/ui/Button.tsx:25:13)

    console.log
      [Button] Props received: {
        variant: 'primary',
        size: 'lg',
        type: 'button',
        loading: false,
        disabled: false
      }

      at log (src/components/ui/Button.tsx:26:13)

    console.log
      [Button] Has onClick in props: true

      at log (src/components/ui/Button.tsx:27:13)

    console.log
      [Button] All props: {
        onClick: [Function: handleNavigate],
        'aria-label': 'Navigate to selected form'
      }

      at log (src/components/ui/Button.tsx:28:13)

    console.log
      [Button] Rendering with type: button

      at log (src/components/ui/Button.tsx:25:13)

    console.log
      [Button] Props received: {
        variant: 'primary',
        size: 'lg',
        type: 'button',
        loading: false,
        disabled: true
      }

      at log (src/components/ui/Button.tsx:26:13)

    console.log
      [Button] Has onClick in props: true

      at log (src/components/ui/Button.tsx:27:13)

    console.log
      [Button] All props: {
        onClick: [Function: handleNavigate],
        'aria-label': 'Navigate to selected form'
      }

      at log (src/components/ui/Button.tsx:28:13)

    console.log
      [Button] Rendering with type: button

      at log (src/components/ui/Button.tsx:25:13)

    console.log
      [Button] Props received: {
        variant: 'primary',
        size: 'lg',
        type: 'button',
        loading: false,
        disabled: false
      }

      at log (src/components/ui/Button.tsx:26:13)

    console.log
      [Button] Has onClick in props: true

      at log (src/components/ui/Button.tsx:27:13)

    console.log
      [Button] All props: {
        onClick: [Function: handleNavigate],
        'aria-label': 'Navigate to selected form'
      }

      at log (src/components/ui/Button.tsx:28:13)

    console.log
      [Button] Rendering with type: button

      at log (src/components/ui/Button.tsx:25:13)

    console.log
      [Button] Props received: {
        variant: 'primary',
        size: 'lg',
        type: 'button',
        loading: false,
        disabled: true
      }

      at log (src/components/ui/Button.tsx:26:13)

    console.log
      [Button] Has onClick in props: true

      at log (src/components/ui/Button.tsx:27:13)

    console.log
      [Button] All props: {
        onClick: [Function: handleNavigate],
        'aria-label': 'Navigate to selected form'
      }

      at log (src/components/ui/Button.tsx:28:13)

    console.log
      [Button] Rendering with type: button

      at log (src/components/ui/Button.tsx:25:13)

    console.log
      [Button] Props received: {
        variant: 'primary',
        size: 'lg',
        type: 'button',
        loading: false,
        disabled: false
      }

      at log (src/components/ui/Button.tsx:26:13)

    console.log
      [Button] Has onClick in props: true

      at log (src/components/ui/Button.tsx:27:13)

    console.log
      [Button] All props: {
        onClick: [Function: handleNavigate],
        'aria-label': 'Navigate to selected form'
      }

      at log (src/components/ui/Button.tsx:28:13)

    console.log
      [Button] Rendering with type: button

      at log (src/components/ui/Button.tsx:25:13)

    console.log
      [Button] Props received: {
        variant: 'primary',
        size: 'lg',
        type: 'button',
        loading: false,
        disabled: true
      }

      at log (src/components/ui/Button.tsx:26:13)

    console.log
      [Button] Has onClick in props: true

      at log (src/components/ui/Button.tsx:27:13)

    console.log
      [Button] All props: {
        onClick: [Function: handleNavigate],
        'aria-label': 'Navigate to selected form'
      }

      at log (src/components/ui/Button.tsx:28:13)

    console.log
      [Button] Rendering with type: button

      at log (src/components/ui/Button.tsx:25:13)

    console.log
      [Button] Props received: {
        variant: 'primary',
        size: 'lg',
        type: 'button',
        loading: false,
        disabled: false
      }

      at log (src/components/ui/Button.tsx:26:13)

    console.log
      [Button] Has onClick in props: true

      at log (src/components/ui/Button.tsx:27:13)

    console.log
      [Button] All props: {
        onClick: [Function: handleNavigate],
        'aria-label': 'Navigate to selected form'
      }

      at log (src/components/ui/Button.tsx:28:13)

    console.log
      [Button] Rendering with type: button

      at log (src/components/ui/Button.tsx:25:13)

    console.log
      [Button] Props received: {
        variant: 'primary',
        size: 'lg',
        type: 'button',
        loading: false,
        disabled: true
      }

      at log (src/components/ui/Button.tsx:26:13)

    console.log
      [Button] Has onClick in props: true

      at log (src/components/ui/Button.tsx:27:13)

    console.log
      [Button] All props: {
        onClick: [Function: handleNavigate],
        'aria-label': 'Navigate to selected form'
      }

      at log (src/components/ui/Button.tsx:28:13)

    console.log
      [Button] Rendering with type: button

      at log (src/components/ui/Button.tsx:25:13)

    console.log
      [Button] Props received: {
        variant: 'primary',
        size: 'lg',
        type: 'button',
        loading: false,
        disabled: false
      }

      at log (src/components/ui/Button.tsx:26:13)

    console.log
      [Button] Has onClick in props: true

      at log (src/components/ui/Button.tsx:27:13)

    console.log
      [Button] All props: {
        onClick: [Function: handleNavigate],
        'aria-label': 'Navigate to selected form'
      }

      at log (src/components/ui/Button.tsx:28:13)

    console.log
      [Button] Rendering with type: button

      at log (src/components/ui/Button.tsx:25:13)

    console.log
      [Button] Props received: {
        variant: 'primary',
        size: 'lg',
        type: 'button',
        loading: false,
        disabled: true
      }

      at log (src/components/ui/Button.tsx:26:13)

    console.log
      [Button] Has onClick in props: true

      at log (src/components/ui/Button.tsx:27:13)

    console.log
      [Button] All props: {
        onClick: [Function: handleNavigate],
        'aria-label': 'Navigate to selected form'
      }

      at log (src/components/ui/Button.tsx:28:13)

    console.log
      [Button] Rendering with type: button

      at log (src/components/ui/Button.tsx:25:13)

    console.log
      [Button] Props received: {
        variant: 'primary',
        size: 'lg',
        type: 'button',
        loading: false,
        disabled: false
      }

      at log (src/components/ui/Button.tsx:26:13)

    console.log
      [Button] Has onClick in props: true

      at log (src/components/ui/Button.tsx:27:13)

    console.log
      [Button] All props: {
        onClick: [Function: handleNavigate],
        'aria-label': 'Navigate to selected form'
      }

      at log (src/components/ui/Button.tsx:28:13)

    console.log
      [Button] Rendering with type: button

      at log (src/components/ui/Button.tsx:25:13)

    console.log
      [Button] Props received: {
        variant: 'primary',
        size: 'lg',
        type: 'button',
        loading: false,
        disabled: true
      }

      at log (src/components/ui/Button.tsx:26:13)

    console.log
      [Button] Has onClick in props: true

      at log (src/components/ui/Button.tsx:27:13)

    console.log
      [Button] All props: {
        onClick: [Function: handleNavigate],
        'aria-label': 'Navigate to selected form'
      }

      at log (src/components/ui/Button.tsx:28:13)

    console.log
      [Button] Rendering with type: button

      at log (src/components/ui/Button.tsx:25:13)

    console.log
      [Button] Props received: {
        variant: 'primary',
        size: 'lg',
        type: 'button',
        loading: false,
        disabled: false
      }

      at log (src/components/ui/Button.tsx:26:13)

    console.log
      [Button] Has onClick in props: true

      at log (src/components/ui/Button.tsx:27:13)

    console.log
      [Button] All props: {
        onClick: [Function: handleNavigate],
        'aria-label': 'Navigate to selected form'
      }

      at log (src/components/ui/Button.tsx:28:13)

    console.log
      [Button] Rendering with type: button

      at log (src/components/ui/Button.tsx:25:13)

    console.log
      [Button] Props received: {
        variant: 'primary',
        size: 'lg',
        type: 'button',
        loading: false,
        disabled: true
      }

      at log (src/components/ui/Button.tsx:26:13)

    console.log
      [Button] Has onClick in props: true

      at log (src/components/ui/Button.tsx:27:13)

    console.log
      [Button] All props: {
        onClick: [Function: handleNavigate],
        'aria-label': 'Navigate to selected form'
      }

      at log (src/components/ui/Button.tsx:28:13)

    console.log
      [Button] Rendering with type: button

      at log (src/components/ui/Button.tsx:25:13)

    console.log
      [Button] Props received: {
        variant: 'primary',
        size: 'lg',
        type: 'button',
        loading: false,
        disabled: false
      }

      at log (src/components/ui/Button.tsx:26:13)

    console.log
      [Button] Has onClick in props: true

      at log (src/components/ui/Button.tsx:27:13)

    console.log
      [Button] All props: {
        onClick: [Function: handleNavigate],
        'aria-label': 'Navigate to selected form'
      }

      at log (src/components/ui/Button.tsx:28:13)

    console.log
      [Button] Rendering with type: button

      at log (src/components/ui/Button.tsx:25:13)

    console.log
      [Button] Props received: {
        variant: 'primary',
        size: 'lg',
        type: 'button',
        loading: false,
        disabled: true
      }

      at log (src/components/ui/Button.tsx:26:13)

    console.log
      [Button] Has onClick in props: true

      at log (src/components/ui/Button.tsx:27:13)

    console.log
      [Button] All props: {
        onClick: [Function: handleNavigate],
        'aria-label': 'Navigate to selected form'
      }

      at log (src/components/ui/Button.tsx:28:13)

    console.log
      [Button] Rendering with type: button

      at log (src/components/ui/Button.tsx:25:13)

    console.log
      [Button] Props received: {
        variant: 'primary',
        size: 'lg',
        type: 'button',
        loading: false,
        disabled: false
      }

      at log (src/components/ui/Button.tsx:26:13)

    console.log
      [Button] Has onClick in props: true

      at log (src/components/ui/Button.tsx:27:13)

    console.log
      [Button] All props: {
        onClick: [Function: handleNavigate],
        'aria-label': 'Navigate to selected form'
      }

      at log (src/components/ui/Button.tsx:28:13)

    console.log
      [Button] Rendering with type: button

      at log (src/components/ui/Button.tsx:25:13)

    console.log
      [Button] Props received: {
        variant: 'primary',
        size: 'lg',
        type: 'button',
        loading: false,
        disabled: true
      }

      at log (src/components/ui/Button.tsx:26:13)

    console.log
      [Button] Has onClick in props: true

      at log (src/components/ui/Button.tsx:27:13)

    console.log
      [Button] All props: {
        onClick: [Function: handleNavigate],
        'aria-label': 'Navigate to selected form'
      }

      at log (src/components/ui/Button.tsx:28:13)

    console.log
      [Button] Rendering with type: button

      at log (src/components/ui/Button.tsx:25:13)

    console.log
      [Button] Props received: {
        variant: 'primary',
        size: 'lg',
        type: 'button',
        loading: false,
        disabled: false
      }

      at log (src/components/ui/Button.tsx:26:13)

    console.log
      [Button] Has onClick in props: true

      at log (src/components/ui/Button.tsx:27:13)

    console.log
      [Button] All props: {
        onClick: [Function: handleNavigate],
        'aria-label': 'Navigate to selected form'
      }

      at log (src/components/ui/Button.tsx:28:13)

    console.log
      [Button] Rendering with type: button

      at log (src/components/ui/Button.tsx:25:13)

    console.log
      [Button] Props received: {
        variant: 'primary',
        size: 'lg',
        type: 'button',
        loading: false,
        disabled: true
      }

      at log (src/components/ui/Button.tsx:26:13)

    console.log
      [Button] Has onClick in props: true

      at log (src/components/ui/Button.tsx:27:13)

    console.log
      [Button] All props: {
        onClick: [Function: handleNavigate],
        'aria-label': 'Navigate to selected form'
      }

      at log (src/components/ui/Button.tsx:28:13)

    console.log
      [Button] Rendering with type: button

      at log (src/components/ui/Button.tsx:25:13)

    console.log
      [Button] Props received: {
        variant: 'primary',
        size: 'lg',
        type: 'button',
        loading: false,
        disabled: false
      }

      at log (src/components/ui/Button.tsx:26:13)

    console.log
      [Button] Has onClick in props: true

      at log (src/components/ui/Button.tsx:27:13)

    console.log
      [Button] All props: {
        onClick: [Function: handleNavigate],
        'aria-label': 'Navigate to selected form'
      }

      at log (src/components/ui/Button.tsx:28:13)

    console.log
      [Button] Rendering with type: button

      at log (src/components/ui/Button.tsx:25:13)

    console.log
      [Button] Props received: {
        variant: 'primary',
        size: 'lg',
        type: 'button',
        loading: false,
        disabled: true
      }

      at log (src/components/ui/Button.tsx:26:13)

    console.log
      [Button] Has onClick in props: true

      at log (src/components/ui/Button.tsx:27:13)

    console.log
      [Button] All props: {
        onClick: [Function: handleNavigate],
        'aria-label': 'Navigate to selected form'
      }

      at log (src/components/ui/Button.tsx:28:13)

    console.log
      [Button] Rendering with type: button

      at log (src/components/ui/Button.tsx:25:13)

    console.log
      [Button] Props received: {
        variant: 'primary',
        size: 'lg',
        type: 'button',
        loading: false,
        disabled: false
      }

      at log (src/components/ui/Button.tsx:26:13)

    console.log
      [Button] Has onClick in props: true

      at log (src/components/ui/Button.tsx:27:13)

    console.log
      [Button] All props: {
        onClick: [Function: handleNavigate],
        'aria-label': 'Navigate to selected form'
      }

      at log (src/components/ui/Button.tsx:28:13)

    console.log
      [Button] Rendering with type: button

      at log (src/components/ui/Button.tsx:25:13)

    console.log
      [Button] Props received: {
        variant: 'primary',
        size: 'lg',
        type: 'button',
        loading: false,
        disabled: true
      }

      at log (src/components/ui/Button.tsx:26:13)

    console.log
      [Button] Has onClick in props: true

      at log (src/components/ui/Button.tsx:27:13)

    console.log
      [Button] All props: {
        onClick: [Function: handleNavigate],
        'aria-label': 'Navigate to selected form'
      }

      at log (src/components/ui/Button.tsx:28:13)

    console.log
      [Button] Rendering with type: button

      at log (src/components/ui/Button.tsx:25:13)

    console.log
      [Button] Props received: {
        variant: 'primary',
        size: 'lg',
        type: 'button',
        loading: false,
        disabled: false
      }

      at log (src/components/ui/Button.tsx:26:13)

    console.log
      [Button] Has onClick in props: true

      at log (src/components/ui/Button.tsx:27:13)

    console.log
      [Button] All props: {
        onClick: [Function: handleNavigate],
        'aria-label': 'Navigate to selected form'
      }

      at log (src/components/ui/Button.tsx:28:13)

    console.log
      [Button] Rendering with type: button

      at log (src/components/ui/Button.tsx:25:13)

    console.log
      [Button] Props received: {
        variant: 'primary',
        size: 'lg',
        type: 'button',
        loading: false,
        disabled: true
      }

      at log (src/components/ui/Button.tsx:26:13)

    console.log
      [Button] Has onClick in props: true

      at log (src/components/ui/Button.tsx:27:13)

    console.log
      [Button] All props: {
        onClick: [Function: handleNavigate],
        'aria-label': 'Navigate to selected form'
      }

      at log (src/components/ui/Button.tsx:28:13)

    console.log
      [Button] Rendering with type: button

      at log (src/components/ui/Button.tsx:25:13)

    console.log
      [Button] Props received: {
        variant: 'primary',
        size: 'lg',
        type: 'button',
        loading: false,
        disabled: false
      }

      at log (src/components/ui/Button.tsx:26:13)

    console.log
      [Button] Has onClick in props: true

      at log (src/components/ui/Button.tsx:27:13)

    console.log
      [Button] All props: {
        onClick: [Function: handleNavigate],
        'aria-label': 'Navigate to selected form'
      }

      at log (src/components/ui/Button.tsx:28:13)

    console.log
      [Button] Rendering with type: button

      at log (src/components/ui/Button.tsx:25:13)

    console.log
      [Button] Props received: {
        variant: 'primary',
        size: 'lg',
        type: 'button',
        loading: false,
        disabled: true
      }

      at log (src/components/ui/Button.tsx:26:13)

    console.log
      [Button] Has onClick in props: true

      at log (src/components/ui/Button.tsx:27:13)

    console.log
      [Button] All props: {
        onClick: [Function: handleNavigate],
        'aria-label': 'Navigate to selected form'
      }

      at log (src/components/ui/Button.tsx:28:13)

    console.log
      [Button] Rendering with type: button

      at log (src/components/ui/Button.tsx:25:13)

    console.log
      [Button] Props received: {
        variant: 'primary',
        size: 'lg',
        type: 'button',
        loading: false,
        disabled: false
      }

      at log (src/components/ui/Button.tsx:26:13)

    console.log
      [Button] Has onClick in props: true

      at log (src/components/ui/Button.tsx:27:13)

    console.log
      [Button] All props: {
        onClick: [Function: handleNavigate],
        'aria-label': 'Navigate to selected form'
      }

      at log (src/components/ui/Button.tsx:28:13)

    console.log
      [Button] Rendering with type: button

      at log (src/components/ui/Button.tsx:25:13)

    console.log
      [Button] Props received: {
        variant: 'primary',
        size: 'lg',
        type: 'button',
        loading: false,
        disabled: true
      }

      at log (src/components/ui/Button.tsx:26:13)

    console.log
      [Button] Has onClick in props: true

      at log (src/components/ui/Button.tsx:27:13)

    console.log
      [Button] All props: {
        onClick: [Function: handleNavigate],
        'aria-label': 'Navigate to selected form'
      }

      at log (src/components/ui/Button.tsx:28:13)

    console.log
      [Button] Rendering with type: button

      at log (src/components/ui/Button.tsx:25:13)

    console.log
      [Button] Props received: {
        variant: 'primary',
        size: 'lg',
        type: 'button',
        loading: false,
        disabled: false
      }

      at log (src/components/ui/Button.tsx:26:13)

    console.log
      [Button] Has onClick in props: true

      at log (src/components/ui/Button.tsx:27:13)

    console.log
      [Button] All props: {
        onClick: [Function: handleNavigate],
        'aria-label': 'Navigate to selected form'
      }

      at log (src/components/ui/Button.tsx:28:13)

    console.log
      [Button] Rendering with type: button

      at log (src/components/ui/Button.tsx:25:13)

    console.log
      [Button] Props received: {
        variant: 'primary',
        size: 'lg',
        type: 'button',
        loading: false,
        disabled: true
      }

      at log (src/components/ui/Button.tsx:26:13)

    console.log
      [Button] Has onClick in props: true

      at log (src/components/ui/Button.tsx:27:13)

    console.log
      [Button] All props: {
        onClick: [Function: handleNavigate],
        'aria-label': 'Navigate to selected form'
      }

      at log (src/components/ui/Button.tsx:28:13)

    console.log
      [Button] Rendering with type: button

      at log (src/components/ui/Button.tsx:25:13)

    console.log
      [Button] Props received: {
        variant: 'primary',
        size: 'lg',
        type: 'button',
        loading: false,
        disabled: false
      }

      at log (src/components/ui/Button.tsx:26:13)

    console.log
      [Button] Has onClick in props: true

      at log (src/components/ui/Button.tsx:27:13)

    console.log
      [Button] All props: {
        onClick: [Function: handleNavigate],
        'aria-label': 'Navigate to selected form'
      }

      at log (src/components/ui/Button.tsx:28:13)

    console.log
      [Button] Rendering with type: button

      at log (src/components/ui/Button.tsx:25:13)

    console.log
      [Button] Props received: {
        variant: 'primary',
        size: 'lg',
        type: 'button',
        loading: false,
        disabled: true
      }

      at log (src/components/ui/Button.tsx:26:13)

    console.log
      [Button] Has onClick in props: true

      at log (src/components/ui/Button.tsx:27:13)

    console.log
      [Button] All props: {
        onClick: [Function: handleNavigate],
        'aria-label': 'Navigate to selected form'
      }

      at log (src/components/ui/Button.tsx:28:13)

    console.log
      [Button] Rendering with type: button

      at log (src/components/ui/Button.tsx:25:13)

    console.log
      [Button] Props received: {
        variant: 'primary',
        size: 'lg',
        type: 'button',
        loading: false,
        disabled: false
      }

      at log (src/components/ui/Button.tsx:26:13)

    console.log
      [Button] Has onClick in props: true

      at log (src/components/ui/Button.tsx:27:13)

    console.log
      [Button] All props: {
        onClick: [Function: handleNavigate],
        'aria-label': 'Navigate to selected form'
      }

      at log (src/components/ui/Button.tsx:28:13)

    console.log
      [Button] Rendering with type: button

      at log (src/components/ui/Button.tsx:25:13)

    console.log
      [Button] Props received: {
        variant: 'primary',
        size: 'lg',
        type: 'button',
        loading: false,
        disabled: true
      }

      at log (src/components/ui/Button.tsx:26:13)

    console.log
      [Button] Has onClick in props: true

      at log (src/components/ui/Button.tsx:27:13)

    console.log
      [Button] All props: {
        onClick: [Function: handleNavigate],
        'aria-label': 'Navigate to selected form'
      }

      at log (src/components/ui/Button.tsx:28:13)

    console.log
      [Button] Rendering with type: button

      at log (src/components/ui/Button.tsx:25:13)

    console.log
      [Button] Props received: {
        variant: 'primary',
        size: 'lg',
        type: 'button',
        loading: false,
        disabled: false
      }

      at log (src/components/ui/Button.tsx:26:13)

    console.log
      [Button] Has onClick in props: true

      at log (src/components/ui/Button.tsx:27:13)

    console.log
      [Button] All props: {
        onClick: [Function: handleNavigate],
        'aria-label': 'Navigate to selected form'
      }

      at log (src/components/ui/Button.tsx:28:13)

    console.log
      [Button] Rendering with type: button

      at log (src/components/ui/Button.tsx:25:13)

    console.log
      [Button] Props received: {
        variant: 'primary',
        size: 'lg',
        type: 'button',
        loading: false,
        disabled: true
      }

      at log (src/components/ui/Button.tsx:26:13)

    console.log
      [Button] Has onClick in props: true

      at log (src/components/ui/Button.tsx:27:13)

    console.log
      [Button] All props: {
        onClick: [Function: handleNavigate],
        'aria-label': 'Navigate to selected form'
      }

      at log (src/components/ui/Button.tsx:28:13)

    console.log
      [Button] Rendering with type: button

      at log (src/components/ui/Button.tsx:25:13)

    console.log
      [Button] Props received: {
        variant: 'primary',
        size: 'lg',
        type: 'button',
        loading: false,
        disabled: false
      }

      at log (src/components/ui/Button.tsx:26:13)

    console.log
      [Button] Has onClick in props: true

      at log (src/components/ui/Button.tsx:27:13)

    console.log
      [Button] All props: {
        onClick: [Function: handleNavigate],
        'aria-label': 'Navigate to selected form'
      }

      at log (src/components/ui/Button.tsx:28:13)

    console.log
      [Button] Rendering with type: button

      at log (src/components/ui/Button.tsx:25:13)

    console.log
      [Button] Props received: {
        variant: 'primary',
        size: 'lg',
        type: 'button',
        loading: false,
        disabled: true
      }

      at log (src/components/ui/Button.tsx:26:13)

    console.log
      [Button] Has onClick in props: true

      at log (src/components/ui/Button.tsx:27:13)

    console.log
      [Button] All props: {
        onClick: [Function: handleNavigate],
        'aria-label': 'Navigate to selected form'
      }

      at log (src/components/ui/Button.tsx:28:13)

    console.log
      [Button] Rendering with type: button

      at log (src/components/ui/Button.tsx:25:13)

    console.log
      [Button] Props received: {
        variant: 'primary',
        size: 'lg',
        type: 'button',
        loading: false,
        disabled: false
      }

      at log (src/components/ui/Button.tsx:26:13)

    console.log
      [Button] Has onClick in props: true

      at log (src/components/ui/Button.tsx:27:13)

    console.log
      [Button] All props: {
        onClick: [Function: handleNavigate],
        'aria-label': 'Navigate to selected form'
      }

      at log (src/components/ui/Button.tsx:28:13)

    console.log
      [Button] Rendering with type: button

      at log (src/components/ui/Button.tsx:25:13)

    console.log
      [Button] Props received: {
        variant: 'primary',
        size: 'lg',
        type: 'button',
        loading: false,
        disabled: true
      }

      at log (src/components/ui/Button.tsx:26:13)

    console.log
      [Button] Has onClick in props: true

      at log (src/components/ui/Button.tsx:27:13)

    console.log
      [Button] All props: {
        onClick: [Function: handleNavigate],
        'aria-label': 'Navigate to selected form'
      }

      at log (src/components/ui/Button.tsx:28:13)

    console.log
      [Button] Rendering with type: button

      at log (src/components/ui/Button.tsx:25:13)

    console.log
      [Button] Props received: {
        variant: 'primary',
        size: 'lg',
        type: 'button',
        loading: false,
        disabled: false
      }

      at log (src/components/ui/Button.tsx:26:13)

    console.log
      [Button] Has onClick in props: true

      at log (src/components/ui/Button.tsx:27:13)

    console.log
      [Button] All props: {
        onClick: [Function: handleNavigate],
        'aria-label': 'Navigate to selected form'
      }

      at log (src/components/ui/Button.tsx:28:13)

    console.log
      [Button] Rendering with type: button

      at log (src/components/ui/Button.tsx:25:13)

    console.log
      [Button] Props received: {
        variant: 'primary',
        size: 'lg',
        type: 'button',
        loading: false,
        disabled: true
      }

      at log (src/components/ui/Button.tsx:26:13)

    console.log
      [Button] Has onClick in props: true

      at log (src/components/ui/Button.tsx:27:13)

    console.log
      [Button] All props: {
        onClick: [Function: handleNavigate],
        'aria-label': 'Navigate to selected form'
      }

      at log (src/components/ui/Button.tsx:28:13)

    console.log
      [Button] Rendering with type: button

      at log (src/components/ui/Button.tsx:25:13)

    console.log
      [Button] Props received: {
        variant: 'primary',
        size: 'lg',
        type: 'button',
        loading: false,
        disabled: false
      }

      at log (src/components/ui/Button.tsx:26:13)

    console.log
      [Button] Has onClick in props: true

      at log (src/components/ui/Button.tsx:27:13)

    console.log
      [Button] All props: {
        onClick: [Function: handleNavigate],
        'aria-label': 'Navigate to selected form'
      }

      at log (src/components/ui/Button.tsx:28:13)

    console.log
      [Button] Rendering with type: button

      at log (src/components/ui/Button.tsx:25:13)

    console.log
      [Button] Props received: {
        variant: 'primary',
        size: 'lg',
        type: 'button',
        loading: false,
        disabled: true
      }

      at log (src/components/ui/Button.tsx:26:13)

    console.log
      [Button] Has onClick in props: true

      at log (src/components/ui/Button.tsx:27:13)

    console.log
      [Button] All props: {
        onClick: [Function: handleNavigate],
        'aria-label': 'Navigate to selected form'
      }

      at log (src/components/ui/Button.tsx:28:13)

    console.log
      [Button] Rendering with type: button

      at log (src/components/ui/Button.tsx:25:13)

    console.log
      [Button] Props received: {
        variant: 'primary',
        size: 'lg',
        type: 'button',
        loading: false,
        disabled: false
      }

      at log (src/components/ui/Button.tsx:26:13)

    console.log
      [Button] Has onClick in props: true

      at log (src/components/ui/Button.tsx:27:13)

    console.log
      [Button] All props: {
        onClick: [Function: handleNavigate],
        'aria-label': 'Navigate to selected form'
      }

      at log (src/components/ui/Button.tsx:28:13)

    console.log
      [Button] Rendering with type: button

      at log (src/components/ui/Button.tsx:25:13)

    console.log
      [Button] Props received: {
        variant: 'primary',
        size: 'lg',
        type: 'button',
        loading: false,
        disabled: true
      }

      at log (src/components/ui/Button.tsx:26:13)

    console.log
      [Button] Has onClick in props: true

      at log (src/components/ui/Button.tsx:27:13)

    console.log
      [Button] All props: {
        onClick: [Function: handleNavigate],
        'aria-label': 'Navigate to selected form'
      }

      at log (src/components/ui/Button.tsx:28:13)

    console.log
      [Button] Rendering with type: button

      at log (src/components/ui/Button.tsx:25:13)

    console.log
      [Button] Props received: {
        variant: 'primary',
        size: 'lg',
        type: 'button',
        loading: false,
        disabled: false
      }

      at log (src/components/ui/Button.tsx:26:13)

    console.log
      [Button] Has onClick in props: true

      at log (src/components/ui/Button.tsx:27:13)

    console.log
      [Button] All props: {
        onClick: [Function: handleNavigate],
        'aria-label': 'Navigate to selected form'
      }

      at log (src/components/ui/Button.tsx:28:13)

    console.log
      [Button] Rendering with type: button

      at log (src/components/ui/Button.tsx:25:13)

    console.log
      [Button] Props received: {
        variant: 'primary',
        size: 'lg',
        type: 'button',
        loading: false,
        disabled: true
      }

      at log (src/components/ui/Button.tsx:26:13)

    console.log
      [Button] Has onClick in props: true

      at log (src/components/ui/Button.tsx:27:13)

    console.log
      [Button] All props: {
        onClick: [Function: handleNavigate],
        'aria-label': 'Navigate to selected form'
      }

      at log (src/components/ui/Button.tsx:28:13)

    console.log
      [Button] Rendering with type: button

      at log (src/components/ui/Button.tsx:25:13)

    console.log
      [Button] Props received: {
        variant: 'primary',
        size: 'lg',
        type: 'button',
        loading: false,
        disabled: false
      }

      at log (src/components/ui/Button.tsx:26:13)

    console.log
      [Button] Has onClick in props: true

      at log (src/components/ui/Button.tsx:27:13)

    console.log
      [Button] All props: {
        onClick: [Function: handleNavigate],
        'aria-label': 'Navigate to selected form'
      }

      at log (src/components/ui/Button.tsx:28:13)

    console.log
      [Button] Rendering with type: button

      at log (src/components/ui/Button.tsx:25:13)

    console.log
      [Button] Props received: {
        variant: 'primary',
        size: 'lg',
        type: 'button',
        loading: false,
        disabled: true
      }

      at log (src/components/ui/Button.tsx:26:13)

    console.log
      [Button] Has onClick in props: true

      at log (src/components/ui/Button.tsx:27:13)

    console.log
      [Button] All props: {
        onClick: [Function: handleNavigate],
        'aria-label': 'Navigate to selected form'
      }

      at log (src/components/ui/Button.tsx:28:13)

    console.log
      [Button] Rendering with type: button

      at log (src/components/ui/Button.tsx:25:13)

    console.log
      [Button] Props received: {
        variant: 'primary',
        size: 'lg',
        type: 'button',
        loading: false,
        disabled: false
      }

      at log (src/components/ui/Button.tsx:26:13)

    console.log
      [Button] Has onClick in props: true

      at log (src/components/ui/Button.tsx:27:13)

    console.log
      [Button] All props: {
        onClick: [Function: handleNavigate],
        'aria-label': 'Navigate to selected form'
      }

      at log (src/components/ui/Button.tsx:28:13)

    console.log
      [Button] Rendering with type: button

      at log (src/components/ui/Button.tsx:25:13)

    console.log
      [Button] Props received: {
        variant: 'primary',
        size: 'lg',
        type: 'button',
        loading: false,
        disabled: true
      }

      at log (src/components/ui/Button.tsx:26:13)

    console.log
      [Button] Has onClick in props: true

      at log (src/components/ui/Button.tsx:27:13)

    console.log
      [Button] All props: {
        onClick: [Function: handleNavigate],
        'aria-label': 'Navigate to selected form'
      }

      at log (src/components/ui/Button.tsx:28:13)

    console.log
      [Button] Rendering with type: button

      at log (src/components/ui/Button.tsx:25:13)

    console.log
      [Button] Props received: {
        variant: 'primary',
        size: 'lg',
        type: 'button',
        loading: false,
        disabled: false
      }

      at log (src/components/ui/Button.tsx:26:13)

    console.log
      [Button] Has onClick in props: true

      at log (src/components/ui/Button.tsx:27:13)

    console.log
      [Button] All props: {
        onClick: [Function: handleNavigate],
        'aria-label': 'Navigate to selected form'
      }

      at log (src/components/ui/Button.tsx:28:13)

    console.log
      [Button] Rendering with type: button

      at log (src/components/ui/Button.tsx:25:13)

    console.log
      [Button] Props received: {
        variant: 'primary',
        size: 'lg',
        type: 'button',
        loading: false,
        disabled: true
      }

      at log (src/components/ui/Button.tsx:26:13)

    console.log
      [Button] Has onClick in props: true

      at log (src/components/ui/Button.tsx:27:13)

    console.log
      [Button] All props: {
        onClick: [Function: handleNavigate],
        'aria-label': 'Navigate to selected form'
      }

      at log (src/components/ui/Button.tsx:28:13)

    console.log
      [Button] Rendering with type: button

      at log (src/components/ui/Button.tsx:25:13)

    console.log
      [Button] Props received: {
        variant: 'primary',
        size: 'lg',
        type: 'button',
        loading: false,
        disabled: false
      }

      at log (src/components/ui/Button.tsx:26:13)

    console.log
      [Button] Has onClick in props: true

      at log (src/components/ui/Button.tsx:27:13)

    console.log
      [Button] All props: {
        onClick: [Function: handleNavigate],
        'aria-label': 'Navigate to selected form'
      }

      at log (src/components/ui/Button.tsx:28:13)

    console.log
      [Button] Rendering with type: button

      at log (src/components/ui/Button.tsx:25:13)

    console.log
      [Button] Props received: {
        variant: 'primary',
        size: 'lg',
        type: 'button',
        loading: false,
        disabled: true
      }

      at log (src/components/ui/Button.tsx:26:13)

    console.log
      [Button] Has onClick in props: true

      at log (src/components/ui/Button.tsx:27:13)

    console.log
      [Button] All props: {
        onClick: [Function: handleNavigate],
        'aria-label': 'Navigate to selected form'
      }

      at log (src/components/ui/Button.tsx:28:13)

    console.log
      [Button] Rendering with type: button

      at log (src/components/ui/Button.tsx:25:13)

    console.log
      [Button] Props received: {
        variant: 'primary',
        size: 'lg',
        type: 'button',
        loading: false,
        disabled: false
      }

      at log (src/components/ui/Button.tsx:26:13)

    console.log
      [Button] Has onClick in props: true

      at log (src/components/ui/Button.tsx:27:13)

    console.log
      [Button] All props: {
        onClick: [Function: handleNavigate],
        'aria-label': 'Navigate to selected form'
      }

      at log (src/components/ui/Button.tsx:28:13)

    console.log
      [Button] Rendering with type: button

      at log (src/components/ui/Button.tsx:25:13)

    console.log
      [Button] Props received: {
        variant: 'primary',
        size: 'lg',
        type: 'button',
        loading: false,
        disabled: true
      }

      at log (src/components/ui/Button.tsx:26:13)

    console.log
      [Button] Has onClick in props: true

      at log (src/components/ui/Button.tsx:27:13)

    console.log
      [Button] All props: {
        onClick: [Function: handleNavigate],
        'aria-label': 'Navigate to selected form'
      }

      at log (src/components/ui/Button.tsx:28:13)

    console.log
      [Button] Rendering with type: button

      at log (src/components/ui/Button.tsx:25:13)

    console.log
      [Button] Props received: {
        variant: 'primary',
        size: 'lg',
        type: 'button',
        loading: false,
        disabled: false
      }

      at log (src/components/ui/Button.tsx:26:13)

    console.log
      [Button] Has onClick in props: true

      at log (src/components/ui/Button.tsx:27:13)

    console.log
      [Button] All props: {
        onClick: [Function: handleNavigate],
        'aria-label': 'Navigate to selected form'
      }

      at log (src/components/ui/Button.tsx:28:13)

    console.log
      [Button] Rendering with type: button

      at log (src/components/ui/Button.tsx:25:13)

    console.log
      [Button] Props received: {
        variant: 'primary',
        size: 'lg',
        type: 'button',
        loading: false,
        disabled: true
      }

      at log (src/components/ui/Button.tsx:26:13)

    console.log
      [Button] Has onClick in props: true

      at log (src/components/ui/Button.tsx:27:13)

    console.log
      [Button] All props: {
        onClick: [Function: handleNavigate],
        'aria-label': 'Navigate to selected form'
      }

      at log (src/components/ui/Button.tsx:28:13)

    console.log
      [Button] Rendering with type: button

      at log (src/components/ui/Button.tsx:25:13)

    console.log
      [Button] Props received: {
        variant: 'primary',
        size: 'lg',
        type: 'button',
        loading: false,
        disabled: false
      }

      at log (src/components/ui/Button.tsx:26:13)

    console.log
      [Button] Has onClick in props: true

      at log (src/components/ui/Button.tsx:27:13)

    console.log
      [Button] All props: {
        onClick: [Function: handleNavigate],
        'aria-label': 'Navigate to selected form'
      }

      at log (src/components/ui/Button.tsx:28:13)

    console.log
      [Button] Rendering with type: button

      at log (src/components/ui/Button.tsx:25:13)

    console.log
      [Button] Props received: {
        variant: 'primary',
        size: 'lg',
        type: 'button',
        loading: false,
        disabled: true
      }

      at log (src/components/ui/Button.tsx:26:13)

    console.log
      [Button] Has onClick in props: true

      at log (src/components/ui/Button.tsx:27:13)

    console.log
      [Button] All props: {
        onClick: [Function: handleNavigate],
        'aria-label': 'Navigate to selected form'
      }

      at log (src/components/ui/Button.tsx:28:13)

    console.log
      [Button] Rendering with type: button

      at log (src/components/ui/Button.tsx:25:13)

    console.log
      [Button] Props received: {
        variant: 'primary',
        size: 'lg',
        type: 'button',
        loading: false,
        disabled: false
      }

      at log (src/components/ui/Button.tsx:26:13)

    console.log
      [Button] Has onClick in props: true

      at log (src/components/ui/Button.tsx:27:13)

    console.log
      [Button] All props: {
        onClick: [Function: handleNavigate],
        'aria-label': 'Navigate to selected form'
      }

      at log (src/components/ui/Button.tsx:28:13)

    console.log
      [Button] Rendering with type: button

      at log (src/components/ui/Button.tsx:25:13)

    console.log
      [Button] Props received: {
        variant: 'primary',
        size: 'lg',
        type: 'button',
        loading: false,
        disabled: true
      }

      at log (src/components/ui/Button.tsx:26:13)

    console.log
      [Button] Has onClick in props: true

      at log (src/components/ui/Button.tsx:27:13)

    console.log
      [Button] All props: {
        onClick: [Function: handleNavigate],
        'aria-label': 'Navigate to selected form'
      }

      at log (src/components/ui/Button.tsx:28:13)

    console.log
      [Button] Rendering with type: button

      at log (src/components/ui/Button.tsx:25:13)

    console.log
      [Button] Props received: {
        variant: 'primary',
        size: 'lg',
        type: 'button',
        loading: false,
        disabled: false
      }

      at log (src/components/ui/Button.tsx:26:13)

    console.log
      [Button] Has onClick in props: true

      at log (src/components/ui/Button.tsx:27:13)

    console.log
      [Button] All props: {
        onClick: [Function: handleNavigate],
        'aria-label': 'Navigate to selected form'
      }

      at log (src/components/ui/Button.tsx:28:13)

    console.log
      [Button] Rendering with type: button

      at log (src/components/ui/Button.tsx:25:13)

    console.log
      [Button] Props received: {
        variant: 'primary',
        size: 'lg',
        type: 'button',
        loading: false,
        disabled: true
      }

      at log (src/components/ui/Button.tsx:26:13)

    console.log
      [Button] Has onClick in props: true

      at log (src/components/ui/Button.tsx:27:13)

    console.log
      [Button] All props: {
        onClick: [Function: handleNavigate],
        'aria-label': 'Navigate to selected form'
      }

      at log (src/components/ui/Button.tsx:28:13)

    console.log
      [Button] Rendering with type: button

      at log (src/components/ui/Button.tsx:25:13)

    console.log
      [Button] Props received: {
        variant: 'primary',
        size: 'lg',
        type: 'button',
        loading: false,
        disabled: false
      }

      at log (src/components/ui/Button.tsx:26:13)

    console.log
      [Button] Has onClick in props: true

      at log (src/components/ui/Button.tsx:27:13)

    console.log
      [Button] All props: {
        onClick: [Function: handleNavigate],
        'aria-label': 'Navigate to selected form'
      }

      at log (src/components/ui/Button.tsx:28:13)

    console.log
      [Button] Rendering with type: button

      at log (src/components/ui/Button.tsx:25:13)

    console.log
      [Button] Props received: {
        variant: 'primary',
        size: 'lg',
        type: 'button',
        loading: false,
        disabled: true
      }

      at log (src/components/ui/Button.tsx:26:13)

    console.log
      [Button] Has onClick in props: true

      at log (src/components/ui/Button.tsx:27:13)

    console.log
      [Button] All props: {
        onClick: [Function: handleNavigate],
        'aria-label': 'Navigate to selected form'
      }

      at log (src/components/ui/Button.tsx:28:13)

    console.log
      [Button] Rendering with type: button

      at log (src/components/ui/Button.tsx:25:13)

    console.log
      [Button] Props received: {
        variant: 'primary',
        size: 'lg',
        type: 'button',
        loading: false,
        disabled: false
      }

      at log (src/components/ui/Button.tsx:26:13)

    console.log
      [Button] Has onClick in props: true

      at log (src/components/ui/Button.tsx:27:13)

    console.log
      [Button] All props: {
        onClick: [Function: handleNavigate],
        'aria-label': 'Navigate to selected form'
      }

      at log (src/components/ui/Button.tsx:28:13)

    console.log
      [Button] Rendering with type: button

      at log (src/components/ui/Button.tsx:25:13)

    console.log
      [Button] Props received: {
        variant: 'primary',
        size: 'lg',
        type: 'button',
        loading: false,
        disabled: true
      }

      at log (src/components/ui/Button.tsx:26:13)

    console.log
      [Button] Has onClick in props: true

      at log (src/components/ui/Button.tsx:27:13)

    console.log
      [Button] All props: {
        onClick: [Function: handleNavigate],
        'aria-label': 'Navigate to selected form'
      }

      at log (src/components/ui/Button.tsx:28:13)

    console.log
      [Button] Rendering with type: button

      at log (src/components/ui/Button.tsx:25:13)

    console.log
      [Button] Props received: {
        variant: 'primary',
        size: 'lg',
        type: 'button',
        loading: false,
        disabled: false
      }

      at log (src/components/ui/Button.tsx:26:13)

    console.log
      [Button] Has onClick in props: true

      at log (src/components/ui/Button.tsx:27:13)

    console.log
      [Button] All props: {
        onClick: [Function: handleNavigate],
        'aria-label': 'Navigate to selected form'
      }

      at log (src/components/ui/Button.tsx:28:13)

    console.log
      [Button] Rendering with type: button

      at log (src/components/ui/Button.tsx:25:13)

    console.log
      [Button] Props received: {
        variant: 'primary',
        size: 'lg',
        type: 'button',
        loading: false,
        disabled: true
      }

      at log (src/components/ui/Button.tsx:26:13)

    console.log
      [Button] Has onClick in props: true

      at log (src/components/ui/Button.tsx:27:13)

    console.log
      [Button] All props: {
        onClick: [Function: handleNavigate],
        'aria-label': 'Navigate to selected form'
      }

      at log (src/components/ui/Button.tsx:28:13)

    console.log
      [Button] Rendering with type: button

      at log (src/components/ui/Button.tsx:25:13)

    console.log
      [Button] Props received: {
        variant: 'primary',
        size: 'lg',
        type: 'button',
        loading: false,
        disabled: false
      }

      at log (src/components/ui/Button.tsx:26:13)

    console.log
      [Button] Has onClick in props: true

      at log (src/components/ui/Button.tsx:27:13)

    console.log
      [Button] All props: {
        onClick: [Function: handleNavigate],
        'aria-label': 'Navigate to selected form'
      }

      at log (src/components/ui/Button.tsx:28:13)

    console.log
      [Button] Rendering with type: button

      at log (src/components/ui/Button.tsx:25:13)

    console.log
      [Button] Props received: {
        variant: 'primary',
        size: 'lg',
        type: 'button',
        loading: false,
        disabled: true
      }

      at log (src/components/ui/Button.tsx:26:13)

    console.log
      [Button] Has onClick in props: true

      at log (src/components/ui/Button.tsx:27:13)

    console.log
      [Button] All props: {
        onClick: [Function: handleNavigate],
        'aria-label': 'Navigate to selected form'
      }

      at log (src/components/ui/Button.tsx:28:13)

    console.log
      [Button] Rendering with type: button

      at log (src/components/ui/Button.tsx:25:13)

    console.log
      [Button] Props received: {
        variant: 'primary',
        size: 'lg',
        type: 'button',
        loading: false,
        disabled: false
      }

      at log (src/components/ui/Button.tsx:26:13)

    console.log
      [Button] Has onClick in props: true

      at log (src/components/ui/Button.tsx:27:13)

    console.log
      [Button] All props: {
        onClick: [Function: handleNavigate],
        'aria-label': 'Navigate to selected form'
      }

      at log (src/components/ui/Button.tsx:28:13)

    console.log
      [Button] Rendering with type: button

      at log (src/components/ui/Button.tsx:25:13)

    console.log
      [Button] Props received: {
        variant: 'primary',
        size: 'lg',
        type: 'button',
        loading: false,
        disabled: true
      }

      at log (src/components/ui/Button.tsx:26:13)

    console.log
      [Button] Has onClick in props: true

      at log (src/components/ui/Button.tsx:27:13)

    console.log
      [Button] All props: {
        onClick: [Function: handleNavigate],
        'aria-label': 'Navigate to selected form'
      }

      at log (src/components/ui/Button.tsx:28:13)

    console.log
      [Button] Rendering with type: button

      at log (src/components/ui/Button.tsx:25:13)

    console.log
      [Button] Props received: {
        variant: 'primary',
        size: 'lg',
        type: 'button',
        loading: false,
        disabled: false
      }

      at log (src/components/ui/Button.tsx:26:13)

    console.log
      [Button] Has onClick in props: true

      at log (src/components/ui/Button.tsx:27:13)

    console.log
      [Button] All props: {
        onClick: [Function: handleNavigate],
        'aria-label': 'Navigate to selected form'
      }

      at log (src/components/ui/Button.tsx:28:13)

    console.log
      [Button] Rendering with type: button

      at log (src/components/ui/Button.tsx:25:13)

    console.log
      [Button] Props received: {
        variant: 'primary',
        size: 'lg',
        type: 'button',
        loading: false,
        disabled: true
      }

      at log (src/components/ui/Button.tsx:26:13)

    console.log
      [Button] Has onClick in props: true

      at log (src/components/ui/Button.tsx:27:13)

    console.log
      [Button] All props: {
        onClick: [Function: handleNavigate],
        'aria-label': 'Navigate to selected form'
      }

      at log (src/components/ui/Button.tsx:28:13)

    console.log
      [Button] Rendering with type: button

      at log (src/components/ui/Button.tsx:25:13)

    console.log
      [Button] Props received: {
        variant: 'primary',
        size: 'lg',
        type: 'button',
        loading: false,
        disabled: false
      }

      at log (src/components/ui/Button.tsx:26:13)

    console.log
      [Button] Has onClick in props: true

      at log (src/components/ui/Button.tsx:27:13)

    console.log
      [Button] All props: {
        onClick: [Function: handleNavigate],
        'aria-label': 'Navigate to selected form'
      }

      at log (src/components/ui/Button.tsx:28:13)

    console.log
      [Button] Rendering with type: button

      at log (src/components/ui/Button.tsx:25:13)

    console.log
      [Button] Props received: {
        variant: 'primary',
        size: 'lg',
        type: 'button',
        loading: false,
        disabled: true
      }

      at log (src/components/ui/Button.tsx:26:13)

    console.log
      [Button] Has onClick in props: true

      at log (src/components/ui/Button.tsx:27:13)

    console.log
      [Button] All props: {
        onClick: [Function: handleNavigate],
        'aria-label': 'Navigate to selected form'
      }

      at log (src/components/ui/Button.tsx:28:13)

    console.log
      [Button] Rendering with type: button

      at log (src/components/ui/Button.tsx:25:13)

    console.log
      [Button] Props received: {
        variant: 'primary',
        size: 'lg',
        type: 'button',
        loading: false,
        disabled: false
      }

      at log (src/components/ui/Button.tsx:26:13)

    console.log
      [Button] Has onClick in props: true

      at log (src/components/ui/Button.tsx:27:13)

    console.log
      [Button] All props: {
        onClick: [Function: handleNavigate],
        'aria-label': 'Navigate to selected form'
      }

      at log (src/components/ui/Button.tsx:28:13)

    console.log
      [Button] Rendering with type: button

      at log (src/components/ui/Button.tsx:25:13)

    console.log
      [Button] Props received: {
        variant: 'primary',
        size: 'lg',
        type: 'button',
        loading: false,
        disabled: true
      }

      at log (src/components/ui/Button.tsx:26:13)

    console.log
      [Button] Has onClick in props: true

      at log (src/components/ui/Button.tsx:27:13)

    console.log
      [Button] All props: {
        onClick: [Function: handleNavigate],
        'aria-label': 'Navigate to selected form'
      }

      at log (src/components/ui/Button.tsx:28:13)

    console.log
      [Button] Rendering with type: button

      at log (src/components/ui/Button.tsx:25:13)

    console.log
      [Button] Props received: {
        variant: 'primary',
        size: 'lg',
        type: 'button',
        loading: false,
        disabled: false
      }

      at log (src/components/ui/Button.tsx:26:13)

    console.log
      [Button] Has onClick in props: true

      at log (src/components/ui/Button.tsx:27:13)

    console.log
      [Button] All props: {
        onClick: [Function: handleNavigate],
        'aria-label': 'Navigate to selected form'
      }

      at log (src/components/ui/Button.tsx:28:13)

    console.log
      [Button] Rendering with type: button

      at log (src/components/ui/Button.tsx:25:13)

    console.log
      [Button] Props received: {
        variant: 'primary',
        size: 'lg',
        type: 'button',
        loading: false,
        disabled: true
      }

      at log (src/components/ui/Button.tsx:26:13)

    console.log
      [Button] Has onClick in props: true

      at log (src/components/ui/Button.tsx:27:13)

    console.log
      [Button] All props: {
        onClick: [Function: handleNavigate],
        'aria-label': 'Navigate to selected form'
      }

      at log (src/components/ui/Button.tsx:28:13)

    console.log
      [Button] Rendering with type: button

      at log (src/components/ui/Button.tsx:25:13)

    console.log
      [Button] Props received: {
        variant: 'primary',
        size: 'lg',
        type: 'button',
        loading: false,
        disabled: false
      }

      at log (src/components/ui/Button.tsx:26:13)

    console.log
      [Button] Has onClick in props: true

      at log (src/components/ui/Button.tsx:27:13)

    console.log
      [Button] All props: {
        onClick: [Function: handleNavigate],
        'aria-label': 'Navigate to selected form'
      }

      at log (src/components/ui/Button.tsx:28:13)

    console.log
      [Button] Rendering with type: button

      at log (src/components/ui/Button.tsx:25:13)

    console.log
      [Button] Props received: {
        variant: 'primary',
        size: 'lg',
        type: 'button',
        loading: false,
        disabled: true
      }

      at log (src/components/ui/Button.tsx:26:13)

    console.log
      [Button] Has onClick in props: true

      at log (src/components/ui/Button.tsx:27:13)

    console.log
      [Button] All props: {
        onClick: [Function: handleNavigate],
        'aria-label': 'Navigate to selected form'
      }

      at log (src/components/ui/Button.tsx:28:13)

    console.log
      [Button] Rendering with type: button

      at log (src/components/ui/Button.tsx:25:13)

    console.log
      [Button] Props received: {
        variant: 'primary',
        size: 'lg',
        type: 'button',
        loading: false,
        disabled: false
      }

      at log (src/components/ui/Button.tsx:26:13)

    console.log
      [Button] Has onClick in props: true

      at log (src/components/ui/Button.tsx:27:13)

    console.log
      [Button] All props: {
        onClick: [Function: handleNavigate],
        'aria-label': 'Navigate to selected form'
      }

      at log (src/components/ui/Button.tsx:28:13)

    console.log
      [Button] Rendering with type: button

      at log (src/components/ui/Button.tsx:25:13)

    console.log
      [Button] Props received: {
        variant: 'primary',
        size: 'lg',
        type: 'button',
        loading: false,
        disabled: true
      }

      at log (src/components/ui/Button.tsx:26:13)

    console.log
      [Button] Has onClick in props: true

      at log (src/components/ui/Button.tsx:27:13)

    console.log
      [Button] All props: {
        onClick: [Function: handleNavigate],
        'aria-label': 'Navigate to selected form'
      }

      at log (src/components/ui/Button.tsx:28:13)

    console.log
      [Button] Rendering with type: button

      at log (src/components/ui/Button.tsx:25:13)

    console.log
      [Button] Props received: {
        variant: 'primary',
        size: 'lg',
        type: 'button',
        loading: false,
        disabled: false
      }

      at log (src/components/ui/Button.tsx:26:13)

    console.log
      [Button] Has onClick in props: true

      at log (src/components/ui/Button.tsx:27:13)

    console.log
      [Button] All props: {
        onClick: [Function: handleNavigate],
        'aria-label': 'Navigate to selected form'
      }

      at log (src/components/ui/Button.tsx:28:13)

    console.log
      [Button] Rendering with type: button

      at log (src/components/ui/Button.tsx:25:13)

    console.log
      [Button] Props received: {
        variant: 'primary',
        size: 'lg',
        type: 'button',
        loading: false,
        disabled: true
      }

      at log (src/components/ui/Button.tsx:26:13)

    console.log
      [Button] Has onClick in props: true

      at log (src/components/ui/Button.tsx:27:13)

    console.log
      [Button] All props: {
        onClick: [Function: handleNavigate],
        'aria-label': 'Navigate to selected form'
      }

      at log (src/components/ui/Button.tsx:28:13)

    console.log
      [Button] Rendering with type: button

      at log (src/components/ui/Button.tsx:25:13)

    console.log
      [Button] Props received: {
        variant: 'primary',
        size: 'lg',
        type: 'button',
        loading: false,
        disabled: false
      }

      at log (src/components/ui/Button.tsx:26:13)

    console.log
      [Button] Has onClick in props: true

      at log (src/components/ui/Button.tsx:27:13)

    console.log
      [Button] All props: {
        onClick: [Function: handleNavigate],
        'aria-label': 'Navigate to selected form'
      }

      at log (src/components/ui/Button.tsx:28:13)

    console.log
      [Button] Rendering with type: button

      at log (src/components/ui/Button.tsx:25:13)

    console.log
      [Button] Props received: {
        variant: 'primary',
        size: 'lg',
        type: 'button',
        loading: false,
        disabled: true
      }

      at log (src/components/ui/Button.tsx:26:13)

    console.log
      [Button] Has onClick in props: true

      at log (src/components/ui/Button.tsx:27:13)

    console.log
      [Button] All props: {
        onClick: [Function: handleNavigate],
        'aria-label': 'Navigate to selected form'
      }

      at log (src/components/ui/Button.tsx:28:13)

    console.log
      [Button] Rendering with type: button

      at log (src/components/ui/Button.tsx:25:13)

    console.log
      [Button] Props received: {
        variant: 'primary',
        size: 'lg',
        type: 'button',
        loading: false,
        disabled: false
      }

      at log (src/components/ui/Button.tsx:26:13)

    console.log
      [Button] Has onClick in props: true

      at log (src/components/ui/Button.tsx:27:13)

    console.log
      [Button] All props: {
        onClick: [Function: handleNavigate],
        'aria-label': 'Navigate to selected form'
      }

      at log (src/components/ui/Button.tsx:28:13)

    console.log
      [Button] Rendering with type: button

      at log (src/components/ui/Button.tsx:25:13)

    console.log
      [Button] Props received: {
        variant: 'primary',
        size: 'lg',
        type: 'button',
        loading: false,
        disabled: true
      }

      at log (src/components/ui/Button.tsx:26:13)

    console.log
      [Button] Has onClick in props: true

      at log (src/components/ui/Button.tsx:27:13)

    console.log
      [Button] All props: {
        onClick: [Function: handleNavigate],
        'aria-label': 'Navigate to selected form'
      }

      at log (src/components/ui/Button.tsx:28:13)

    console.log
      [Button] Rendering with type: button

      at log (src/components/ui/Button.tsx:25:13)

    console.log
      [Button] Props received: {
        variant: 'primary',
        size: 'lg',
        type: 'button',
        loading: false,
        disabled: false
      }

      at log (src/components/ui/Button.tsx:26:13)

    console.log
      [Button] Has onClick in props: true

      at log (src/components/ui/Button.tsx:27:13)

    console.log
      [Button] All props: {
        onClick: [Function: handleNavigate],
        'aria-label': 'Navigate to selected form'
      }

      at log (src/components/ui/Button.tsx:28:13)

    console.log
      [Button] Rendering with type: button

      at log (src/components/ui/Button.tsx:25:13)

    console.log
      [Button] Props received: {
        variant: 'primary',
        size: 'lg',
        type: 'button',
        loading: false,
        disabled: true
      }

      at log (src/components/ui/Button.tsx:26:13)

    console.log
      [Button] Has onClick in props: true

      at log (src/components/ui/Button.tsx:27:13)

    console.log
      [Button] All props: {
        onClick: [Function: handleNavigate],
        'aria-label': 'Navigate to selected form'
      }

      at log (src/components/ui/Button.tsx:28:13)

    console.log
      [Button] Rendering with type: button

      at log (src/components/ui/Button.tsx:25:13)

    console.log
      [Button] Props received: {
        variant: 'primary',
        size: 'lg',
        type: 'button',
        loading: false,
        disabled: false
      }

      at log (src/components/ui/Button.tsx:26:13)

    console.log
      [Button] Has onClick in props: true

      at log (src/components/ui/Button.tsx:27:13)

    console.log
      [Button] All props: {
        onClick: [Function: handleNavigate],
        'aria-label': 'Navigate to selected form'
      }

      at log (src/components/ui/Button.tsx:28:13)

    console.log
      [Button] Rendering with type: button

      at log (src/components/ui/Button.tsx:25:13)

    console.log
      [Button] Props received: {
        variant: 'primary',
        size: 'lg',
        type: 'button',
        loading: false,
        disabled: true
      }

      at log (src/components/ui/Button.tsx:26:13)

    console.log
      [Button] Has onClick in props: true

      at log (src/components/ui/Button.tsx:27:13)

    console.log
      [Button] All props: {
        onClick: [Function: handleNavigate],
        'aria-label': 'Navigate to selected form'
      }

      at log (src/components/ui/Button.tsx:28:13)

    console.log
      [Button] Rendering with type: button

      at log (src/components/ui/Button.tsx:25:13)

    console.log
      [Button] Props received: {
        variant: 'primary',
        size: 'lg',
        type: 'button',
        loading: false,
        disabled: false
      }

      at log (src/components/ui/Button.tsx:26:13)

    console.log
      [Button] Has onClick in props: true

      at log (src/components/ui/Button.tsx:27:13)

    console.log
      [Button] All props: {
        onClick: [Function: handleNavigate],
        'aria-label': 'Navigate to selected form'
      }

      at log (src/components/ui/Button.tsx:28:13)

    console.log
      [Button] Rendering with type: button

      at log (src/components/ui/Button.tsx:25:13)

    console.log
      [Button] Props received: {
        variant: 'primary',
        size: 'lg',
        type: 'button',
        loading: false,
        disabled: true
      }

      at log (src/components/ui/Button.tsx:26:13)

    console.log
      [Button] Has onClick in props: true

      at log (src/components/ui/Button.tsx:27:13)

    console.log
      [Button] All props: {
        onClick: [Function: handleNavigate],
        'aria-label': 'Navigate to selected form'
      }

      at log (src/components/ui/Button.tsx:28:13)

    console.log
      [Button] Rendering with type: button

      at log (src/components/ui/Button.tsx:25:13)

    console.log
      [Button] Props received: {
        variant: 'primary',
        size: 'lg',
        type: 'button',
        loading: false,
        disabled: false
      }

      at log (src/components/ui/Button.tsx:26:13)

    console.log
      [Button] Has onClick in props: true

      at log (src/components/ui/Button.tsx:27:13)

    console.log
      [Button] All props: {
        onClick: [Function: handleNavigate],
        'aria-label': 'Navigate to selected form'
      }

      at log (src/components/ui/Button.tsx:28:13)

    console.log
      [Button] Rendering with type: button

      at log (src/components/ui/Button.tsx:25:13)

    console.log
      [Button] Props received: {
        variant: 'primary',
        size: 'lg',
        type: 'button',
        loading: false,
        disabled: true
      }

      at log (src/components/ui/Button.tsx:26:13)

    console.log
      [Button] Has onClick in props: true

      at log (src/components/ui/Button.tsx:27:13)

    console.log
      [Button] All props: {
        onClick: [Function: handleNavigate],
        'aria-label': 'Navigate to selected form'
      }

      at log (src/components/ui/Button.tsx:28:13)

    console.log
      [Button] Rendering with type: button

      at log (src/components/ui/Button.tsx:25:13)

    console.log
      [Button] Props received: {
        variant: 'primary',
        size: 'lg',
        type: 'button',
        loading: false,
        disabled: false
      }

      at log (src/components/ui/Button.tsx:26:13)

    console.log
      [Button] Has onClick in props: true

      at log (src/components/ui/Button.tsx:27:13)

    console.log
      [Button] All props: {
        onClick: [Function: handleNavigate],
        'aria-label': 'Navigate to selected form'
      }

      at log (src/components/ui/Button.tsx:28:13)

    console.log
      [Button] Rendering with type: button

      at log (src/components/ui/Button.tsx:25:13)

    console.log
      [Button] Props received: {
        variant: 'primary',
        size: 'lg',
        type: 'button',
        loading: false,
        disabled: true
      }

      at log (src/components/ui/Button.tsx:26:13)

    console.log
      [Button] Has onClick in props: true

      at log (src/components/ui/Button.tsx:27:13)

    console.log
      [Button] All props: {
        onClick: [Function: handleNavigate],
        'aria-label': 'Navigate to selected form'
      }

      at log (src/components/ui/Button.tsx:28:13)

    console.log
      [Button] Rendering with type: button

      at log (src/components/ui/Button.tsx:25:13)

    console.log
      [Button] Props received: {
        variant: 'primary',
        size: 'lg',
        type: 'button',
        loading: false,
        disabled: false
      }

      at log (src/components/ui/Button.tsx:26:13)

    console.log
      [Button] Has onClick in props: true

      at log (src/components/ui/Button.tsx:27:13)

    console.log
      [Button] All props: {
        onClick: [Function: handleNavigate],
        'aria-label': 'Navigate to selected form'
      }

      at log (src/components/ui/Button.tsx:28:13)

    console.log
      [Button] Rendering with type: button

      at log (src/components/ui/Button.tsx:25:13)

    console.log
      [Button] Props received: {
        variant: 'primary',
        size: 'lg',
        type: 'button',
        loading: false,
        disabled: true
      }

      at log (src/components/ui/Button.tsx:26:13)

    console.log
      [Button] Has onClick in props: true

      at log (src/components/ui/Button.tsx:27:13)

    console.log
      [Button] All props: {
        onClick: [Function: handleNavigate],
        'aria-label': 'Navigate to selected form'
      }

      at log (src/components/ui/Button.tsx:28:13)

    console.log
      [Button] Rendering with type: button

      at log (src/components/ui/Button.tsx:25:13)

    console.log
      [Button] Props received: {
        variant: 'primary',
        size: 'lg',
        type: 'button',
        loading: false,
        disabled: false
      }

      at log (src/components/ui/Button.tsx:26:13)

    console.log
      [Button] Has onClick in props: true

      at log (src/components/ui/Button.tsx:27:13)

    console.log
      [Button] All props: {
        onClick: [Function: handleNavigate],
        'aria-label': 'Navigate to selected form'
      }

      at log (src/components/ui/Button.tsx:28:13)

    console.log
      [Button] Rendering with type: button

      at log (src/components/ui/Button.tsx:25:13)

    console.log
      [Button] Props received: {
        variant: 'primary',
        size: 'lg',
        type: 'button',
        loading: false,
        disabled: true
      }

      at log (src/components/ui/Button.tsx:26:13)

    console.log
      [Button] Has onClick in props: true

      at log (src/components/ui/Button.tsx:27:13)

    console.log
      [Button] All props: {
        onClick: [Function: handleNavigate],
        'aria-label': 'Navigate to selected form'
      }

      at log (src/components/ui/Button.tsx:28:13)

    console.log
      [Button] Rendering with type: button

      at log (src/components/ui/Button.tsx:25:13)

    console.log
      [Button] Props received: {
        variant: 'primary',
        size: 'lg',
        type: 'button',
        loading: false,
        disabled: false
      }

      at log (src/components/ui/Button.tsx:26:13)

    console.log
      [Button] Has onClick in props: true

      at log (src/components/ui/Button.tsx:27:13)

    console.log
      [Button] All props: {
        onClick: [Function: handleNavigate],
        'aria-label': 'Navigate to selected form'
      }

      at log (src/components/ui/Button.tsx:28:13)

    console.log
      [Button] Rendering with type: button

      at log (src/components/ui/Button.tsx:25:13)

    console.log
      [Button] Props received: {
        variant: 'primary',
        size: 'lg',
        type: 'button',
        loading: false,
        disabled: true
      }

      at log (src/components/ui/Button.tsx:26:13)

    console.log
      [Button] Has onClick in props: true

      at log (src/components/ui/Button.tsx:27:13)

    console.log
      [Button] All props: {
        onClick: [Function: handleNavigate],
        'aria-label': 'Navigate to selected form'
      }

      at log (src/components/ui/Button.tsx:28:13)

    console.log
      [Button] Rendering with type: button

      at log (src/components/ui/Button.tsx:25:13)

    console.log
      [Button] Props received: {
        variant: 'primary',
        size: 'lg',
        type: 'button',
        loading: false,
        disabled: false
      }

      at log (src/components/ui/Button.tsx:26:13)

    console.log
      [Button] Has onClick in props: true

      at log (src/components/ui/Button.tsx:27:13)

    console.log
      [Button] All props: {
        onClick: [Function: handleNavigate],
        'aria-label': 'Navigate to selected form'
      }

      at log (src/components/ui/Button.tsx:28:13)

    console.log
      [Button] Rendering with type: button

      at log (src/components/ui/Button.tsx:25:13)

    console.log
      [Button] Props received: {
        variant: 'primary',
        size: 'lg',
        type: 'button',
        loading: false,
        disabled: true
      }

      at log (src/components/ui/Button.tsx:26:13)

    console.log
      [Button] Has onClick in props: true

      at log (src/components/ui/Button.tsx:27:13)

    console.log
      [Button] All props: {
        onClick: [Function: handleNavigate],
        'aria-label': 'Navigate to selected form'
      }

      at log (src/components/ui/Button.tsx:28:13)

    console.log
      [Button] Rendering with type: button

      at log (src/components/ui/Button.tsx:25:13)

    console.log
      [Button] Props received: {
        variant: 'primary',
        size: 'lg',
        type: 'button',
        loading: false,
        disabled: true
      }

      at log (src/components/ui/Button.tsx:26:13)

    console.log
      [Button] Has onClick in props: true

      at log (src/components/ui/Button.tsx:27:13)

    console.log
      [Button] All props: {
        onClick: [Function: handleNavigate],
        'aria-label': 'Navigate to selected form'
      }

      at log (src/components/ui/Button.tsx:28:13)

    console.log
      [Button] Rendering with type: button

      at log (src/components/ui/Button.tsx:25:13)

    console.log
      [Button] Props received: {
        variant: 'primary',
        size: 'lg',
        type: 'button',
        loading: false,
        disabled: true
      }

      at log (src/components/ui/Button.tsx:26:13)

    console.log
      [Button] Has onClick in props: true

      at log (src/components/ui/Button.tsx:27:13)

    console.log
      [Button] All props: {
        onClick: [Function: handleNavigate],
        'aria-label': 'Navigate to selected form'
      }

      at log (src/components/ui/Button.tsx:28:13)

    console.log
      [Button] Rendering with type: button

      at log (src/components/ui/Button.tsx:25:13)

    console.log
      [Button] Props received: {
        variant: 'primary',
        size: 'lg',
        type: 'button',
        loading: false,
        disabled: true
      }

      at log (src/components/ui/Button.tsx:26:13)

    console.log
      [Button] Has onClick in props: true

      at log (src/components/ui/Button.tsx:27:13)

    console.log
      [Button] All props: {
        onClick: [Function: handleNavigate],
        'aria-label': 'Navigate to selected form'
      }

      at log (src/components/ui/Button.tsx:28:13)

    console.log
      [Button] Rendering with type: button

      at log (src/components/ui/Button.tsx:25:13)

    console.log
      [Button] Props received: {
        variant: 'primary',
        size: 'lg',
        type: 'button',
        loading: false,
        disabled: true
      }

      at log (src/components/ui/Button.tsx:26:13)

    console.log
      [Button] Has onClick in props: true

      at log (src/components/ui/Button.tsx:27:13)

    console.log
      [Button] All props: {
        onClick: [Function: handleNavigate],
        'aria-label': 'Navigate to selected form'
      }

      at log (src/components/ui/Button.tsx:28:13)

    console.log
      [Button] Rendering with type: button

      at log (src/components/ui/Button.tsx:25:13)

    console.log
      [Button] Props received: {
        variant: 'primary',
        size: 'lg',
        type: 'button',
        loading: false,
        disabled: true
      }

      at log (src/components/ui/Button.tsx:26:13)

    console.log
      [Button] Has onClick in props: true

      at log (src/components/ui/Button.tsx:27:13)

    console.log
      [Button] All props: {
        onClick: [Function: handleNavigate],
        'aria-label': 'Navigate to selected form'
      }

      at log (src/components/ui/Button.tsx:28:13)

    console.log
      [Button] Rendering with type: button

      at log (src/components/ui/Button.tsx:25:13)

    console.log
      [Button] Props received: {
        variant: 'primary',
        size: 'lg',
        type: 'button',
        loading: false,
        disabled: true
      }

      at log (src/components/ui/Button.tsx:26:13)

    console.log
      [Button] Has onClick in props: true

      at log (src/components/ui/Button.tsx:27:13)

    console.log
      [Button] All props: {
        onClick: [Function: handleNavigate],
        'aria-label': 'Navigate to selected form'
      }

      at log (src/components/ui/Button.tsx:28:13)

    console.log
      [Button] Rendering with type: button

      at log (src/components/ui/Button.tsx:25:13)

    console.log
      [Button] Props received: {
        variant: 'primary',
        size: 'lg',
        type: 'button',
        loading: false,
        disabled: true
      }

      at log (src/components/ui/Button.tsx:26:13)

    console.log
      [Button] Has onClick in props: true

      at log (src/components/ui/Button.tsx:27:13)

    console.log
      [Button] All props: {
        onClick: [Function: handleNavigate],
        'aria-label': 'Navigate to selected form'
      }

      at log (src/components/ui/Button.tsx:28:13)

    console.log
      [Button] Rendering with type: button

      at log (src/components/ui/Button.tsx:25:13)

    console.log
      [Button] Props received: {
        variant: 'primary',
        size: 'lg',
        type: 'button',
        loading: false,
        disabled: true
      }

      at log (src/components/ui/Button.tsx:26:13)

    console.log
      [Button] Has onClick in props: true

      at log (src/components/ui/Button.tsx:27:13)

    console.log
      [Button] All props: {
        onClick: [Function: handleNavigate],
        'aria-label': 'Navigate to selected form'
      }

      at log (src/components/ui/Button.tsx:28:13)

    console.log
      [Button] Rendering with type: button

      at log (src/components/ui/Button.tsx:25:13)

    console.log
      [Button] Props received: {
        variant: 'primary',
        size: 'lg',
        type: 'button',
        loading: false,
        disabled: true
      }

      at log (src/components/ui/Button.tsx:26:13)

    console.log
      [Button] Has onClick in props: true

      at log (src/components/ui/Button.tsx:27:13)

    console.log
      [Button] All props: {
        onClick: [Function: handleNavigate],
        'aria-label': 'Navigate to selected form'
      }

      at log (src/components/ui/Button.tsx:28:13)

    console.log
      [Button] Rendering with type: button

      at log (src/components/ui/Button.tsx:25:13)

    console.log
      [Button] Props received: {
        variant: 'primary',
        size: 'lg',
        type: 'button',
        loading: false,
        disabled: true
      }

      at log (src/components/ui/Button.tsx:26:13)

    console.log
      [Button] Has onClick in props: true

      at log (src/components/ui/Button.tsx:27:13)

    console.log
      [Button] All props: {
        onClick: [Function: handleNavigate],
        'aria-label': 'Navigate to selected form'
      }

      at log (src/components/ui/Button.tsx:28:13)

    console.log
      [Button] Rendering with type: button

      at log (src/components/ui/Button.tsx:25:13)

    console.log
      [Button] Props received: {
        variant: 'primary',
        size: 'lg',
        type: 'button',
        loading: false,
        disabled: true
      }

      at log (src/components/ui/Button.tsx:26:13)

    console.log
      [Button] Has onClick in props: true

      at log (src/components/ui/Button.tsx:27:13)

    console.log
      [Button] All props: {
        onClick: [Function: handleNavigate],
        'aria-label': 'Navigate to selected form'
      }

      at log (src/components/ui/Button.tsx:28:13)

    console.log
      [Button] Rendering with type: button

      at log (src/components/ui/Button.tsx:25:13)

    console.log
      [Button] Props received: {
        variant: 'primary',
        size: 'lg',
        type: 'button',
        loading: false,
        disabled: true
      }

      at log (src/components/ui/Button.tsx:26:13)

    console.log
      [Button] Has onClick in props: true

      at log (src/components/ui/Button.tsx:27:13)

    console.log
      [Button] All props: {
        onClick: [Function: handleNavigate],
        'aria-label': 'Navigate to selected form'
      }

      at log (src/components/ui/Button.tsx:28:13)

    console.log
      [Button] Rendering with type: button

      at log (src/components/ui/Button.tsx:25:13)

    console.log
      [Button] Props received: {
        variant: 'primary',
        size: 'lg',
        type: 'button',
        loading: false,
        disabled: true
      }

      at log (src/components/ui/Button.tsx:26:13)

    console.log
      [Button] Has onClick in props: true

      at log (src/components/ui/Button.tsx:27:13)

    console.log
      [Button] All props: {
        onClick: [Function: handleNavigate],
        'aria-label': 'Navigate to selected form'
      }

      at log (src/components/ui/Button.tsx:28:13)

    console.log
      [Button] Rendering with type: button

      at log (src/components/ui/Button.tsx:25:13)

    console.log
      [Button] Props received: {
        variant: 'primary',
        size: 'lg',
        type: 'button',
        loading: false,
        disabled: true
      }

      at log (src/components/ui/Button.tsx:26:13)

    console.log
      [Button] Has onClick in props: true

      at log (src/components/ui/Button.tsx:27:13)

    console.log
      [Button] All props: {
        onClick: [Function: handleNavigate],
        'aria-label': 'Navigate to selected form'
      }

      at log (src/components/ui/Button.tsx:28:13)

    console.log
      [Button] Rendering with type: button

      at log (src/components/ui/Button.tsx:25:13)

    console.log
      [Button] Props received: {
        variant: 'primary',
        size: 'lg',
        type: 'button',
        loading: false,
        disabled: true
      }

      at log (src/components/ui/Button.tsx:26:13)

    console.log
      [Button] Has onClick in props: true

      at log (src/components/ui/Button.tsx:27:13)

    console.log
      [Button] All props: {
        onClick: [Function: handleNavigate],
        'aria-label': 'Navigate to selected form'
      }

      at log (src/components/ui/Button.tsx:28:13)

    console.log
      [Button] Rendering with type: button

      at log (src/components/ui/Button.tsx:25:13)

    console.log
      [Button] Props received: {
        variant: 'primary',
        size: 'lg',
        type: 'button',
        loading: false,
        disabled: true
      }

      at log (src/components/ui/Button.tsx:26:13)

    console.log
      [Button] Has onClick in props: true

      at log (src/components/ui/Button.tsx:27:13)

    console.log
      [Button] All props: {
        onClick: [Function: handleNavigate],
        'aria-label': 'Navigate to selected form'
      }

      at log (src/components/ui/Button.tsx:28:13)

    console.log
      [Button] Rendering with type: button

      at log (src/components/ui/Button.tsx:25:13)

    console.log
      [Button] Props received: {
        variant: 'primary',
        size: 'lg',
        type: 'button',
        loading: false,
        disabled: true
      }

      at log (src/components/ui/Button.tsx:26:13)

    console.log
      [Button] Has onClick in props: true

      at log (src/components/ui/Button.tsx:27:13)

    console.log
      [Button] All props: {
        onClick: [Function: handleNavigate],
        'aria-label': 'Navigate to selected form'
      }

      at log (src/components/ui/Button.tsx:28:13)

    console.log
      [Button] Rendering with type: button

      at log (src/components/ui/Button.tsx:25:13)

    console.log
      [Button] Props received: {
        variant: 'primary',
        size: 'lg',
        type: 'button',
        loading: false,
        disabled: true
      }

      at log (src/components/ui/Button.tsx:26:13)

    console.log
      [Button] Has onClick in props: true

      at log (src/components/ui/Button.tsx:27:13)

    console.log
      [Button] All props: {
        onClick: [Function: handleNavigate],
        'aria-label': 'Navigate to selected form'
      }

      at log (src/components/ui/Button.tsx:28:13)

    console.log
      [Button] Rendering with type: button

      at log (src/components/ui/Button.tsx:25:13)

    console.log
      [Button] Props received: {
        variant: 'primary',
        size: 'lg',
        type: 'button',
        loading: false,
        disabled: true
      }

      at log (src/components/ui/Button.tsx:26:13)

    console.log
      [Button] Has onClick in props: true

      at log (src/components/ui/Button.tsx:27:13)

    console.log
      [Button] All props: {
        onClick: [Function: handleNavigate],
        'aria-label': 'Navigate to selected form'
      }

      at log (src/components/ui/Button.tsx:28:13)

    console.log
      [Button] Rendering with type: button

      at log (src/components/ui/Button.tsx:25:13)

    console.log
      [Button] Props received: {
        variant: 'primary',
        size: 'lg',
        type: 'button',
        loading: false,
        disabled: true
      }

      at log (src/components/ui/Button.tsx:26:13)

    console.log
      [Button] Has onClick in props: true

      at log (src/components/ui/Button.tsx:27:13)

    console.log
      [Button] All props: {
        onClick: [Function: handleNavigate],
        'aria-label': 'Navigate to selected form'
      }

      at log (src/components/ui/Button.tsx:28:13)

    console.log
      [Button] Rendering with type: button

      at log (src/components/ui/Button.tsx:25:13)

    console.log
      [Button] Props received: {
        variant: 'primary',
        size: 'lg',
        type: 'button',
        loading: false,
        disabled: true
      }

      at log (src/components/ui/Button.tsx:26:13)

    console.log
      [Button] Has onClick in props: true

      at log (src/components/ui/Button.tsx:27:13)

    console.log
      [Button] All props: {
        onClick: [Function: handleNavigate],
        'aria-label': 'Navigate to selected form'
      }

      at log (src/components/ui/Button.tsx:28:13)

    console.log
      [Button] Rendering with type: button

      at log (src/components/ui/Button.tsx:25:13)

    console.log
      [Button] Props received: {
        variant: 'primary',
        size: 'lg',
        type: 'button',
        loading: false,
        disabled: true
      }

      at log (src/components/ui/Button.tsx:26:13)

    console.log
      [Button] Has onClick in props: true

      at log (src/components/ui/Button.tsx:27:13)

    console.log
      [Button] All props: {
        onClick: [Function: handleNavigate],
        'aria-label': 'Navigate to selected form'
      }

      at log (src/components/ui/Button.tsx:28:13)

    console.log
      [Button] Rendering with type: button

      at log (src/components/ui/Button.tsx:25:13)

    console.log
      [Button] Props received: {
        variant: 'primary',
        size: 'lg',
        type: 'button',
        loading: false,
        disabled: true
      }

      at log (src/components/ui/Button.tsx:26:13)

    console.log
      [Button] Has onClick in props: true

      at log (src/components/ui/Button.tsx:27:13)

    console.log
      [Button] All props: {
        onClick: [Function: handleNavigate],
        'aria-label': 'Navigate to selected form'
      }

      at log (src/components/ui/Button.tsx:28:13)

    console.log
      [Button] Rendering with type: button

      at log (src/components/ui/Button.tsx:25:13)

    console.log
      [Button] Props received: {
        variant: 'primary',
        size: 'lg',
        type: 'button',
        loading: false,
        disabled: true
      }

      at log (src/components/ui/Button.tsx:26:13)

    console.log
      [Button] Has onClick in props: true

      at log (src/components/ui/Button.tsx:27:13)

    console.log
      [Button] All props: {
        onClick: [Function: handleNavigate],
        'aria-label': 'Navigate to selected form'
      }

      at log (src/components/ui/Button.tsx:28:13)

    console.log
      [Button] Rendering with type: button

      at log (src/components/ui/Button.tsx:25:13)

    console.log
      [Button] Props received: {
        variant: 'primary',
        size: 'lg',
        type: 'button',
        loading: false,
        disabled: true
      }

      at log (src/components/ui/Button.tsx:26:13)

    console.log
      [Button] Has onClick in props: true

      at log (src/components/ui/Button.tsx:27:13)

    console.log
      [Button] All props: {
        onClick: [Function: handleNavigate],
        'aria-label': 'Navigate to selected form'
      }

      at log (src/components/ui/Button.tsx:28:13)

    console.log
      [Button] Rendering with type: button

      at log (src/components/ui/Button.tsx:25:13)

    console.log
      [Button] Props received: {
        variant: 'primary',
        size: 'lg',
        type: 'button',
        loading: false,
        disabled: true
      }

      at log (src/components/ui/Button.tsx:26:13)

    console.log
      [Button] Has onClick in props: true

      at log (src/components/ui/Button.tsx:27:13)

    console.log
      [Button] All props: {
        onClick: [Function: handleNavigate],
        'aria-label': 'Navigate to selected form'
      }

      at log (src/components/ui/Button.tsx:28:13)

    console.log
      [Button] Rendering with type: button

      at log (src/components/ui/Button.tsx:25:13)

    console.log
      [Button] Props received: {
        variant: 'primary',
        size: 'lg',
        type: 'button',
        loading: false,
        disabled: true
      }

      at log (src/components/ui/Button.tsx:26:13)

    console.log
      [Button] Has onClick in props: true

      at log (src/components/ui/Button.tsx:27:13)

    console.log
      [Button] All props: {
        onClick: [Function: handleNavigate],
        'aria-label': 'Navigate to selected form'
      }

      at log (src/components/ui/Button.tsx:28:13)

    console.log
      [Button] Rendering with type: button

      at log (src/components/ui/Button.tsx:25:13)

    console.log
      [Button] Props received: {
        variant: 'primary',
        size: 'lg',
        type: 'button',
        loading: false,
        disabled: true
      }

      at log (src/components/ui/Button.tsx:26:13)

    console.log
      [Button] Has onClick in props: true

      at log (src/components/ui/Button.tsx:27:13)

    console.log
      [Button] All props: {
        onClick: [Function: handleNavigate],
        'aria-label': 'Navigate to selected form'
      }

      at log (src/components/ui/Button.tsx:28:13)

    console.log
      [Button] Rendering with type: button

      at log (src/components/ui/Button.tsx:25:13)

    console.log
      [Button] Props received: {
        variant: 'primary',
        size: 'lg',
        type: 'button',
        loading: false,
        disabled: true
      }

      at log (src/components/ui/Button.tsx:26:13)

    console.log
      [Button] Has onClick in props: true

      at log (src/components/ui/Button.tsx:27:13)

    console.log
      [Button] All props: {
        onClick: [Function: handleNavigate],
        'aria-label': 'Navigate to selected form'
      }

      at log (src/components/ui/Button.tsx:28:13)

    console.log
      [Button] Rendering with type: button

      at log (src/components/ui/Button.tsx:25:13)

    console.log
      [Button] Props received: {
        variant: 'primary',
        size: 'lg',
        type: 'button',
        loading: false,
        disabled: true
      }

      at log (src/components/ui/Button.tsx:26:13)

    console.log
      [Button] Has onClick in props: true

      at log (src/components/ui/Button.tsx:27:13)

    console.log
      [Button] All props: {
        onClick: [Function: handleNavigate],
        'aria-label': 'Navigate to selected form'
      }

      at log (src/components/ui/Button.tsx:28:13)

    console.log
      [Button] Rendering with type: button

      at log (src/components/ui/Button.tsx:25:13)

    console.log
      [Button] Props received: {
        variant: 'primary',
        size: 'lg',
        type: 'button',
        loading: false,
        disabled: true
      }

      at log (src/components/ui/Button.tsx:26:13)

    console.log
      [Button] Has onClick in props: true

      at log (src/components/ui/Button.tsx:27:13)

    console.log
      [Button] All props: {
        onClick: [Function: handleNavigate],
        'aria-label': 'Navigate to selected form'
      }

      at log (src/components/ui/Button.tsx:28:13)

    console.log
      [Button] Rendering with type: button

      at log (src/components/ui/Button.tsx:25:13)

    console.log
      [Button] Props received: {
        variant: 'primary',
        size: 'lg',
        type: 'button',
        loading: false,
        disabled: true
      }

      at log (src/components/ui/Button.tsx:26:13)

    console.log
      [Button] Has onClick in props: true

      at log (src/components/ui/Button.tsx:27:13)

    console.log
      [Button] All props: {
        onClick: [Function: handleNavigate],
        'aria-label': 'Navigate to selected form'
      }

      at log (src/components/ui/Button.tsx:28:13)

    console.log
      [Button] Rendering with type: button

      at log (src/components/ui/Button.tsx:25:13)

    console.log
      [Button] Props received: {
        variant: 'primary',
        size: 'lg',
        type: 'button',
        loading: false,
        disabled: true
      }

      at log (src/components/ui/Button.tsx:26:13)

    console.log
      [Button] Has onClick in props: true

      at log (src/components/ui/Button.tsx:27:13)

    console.log
      [Button] All props: {
        onClick: [Function: handleNavigate],
        'aria-label': 'Navigate to selected form'
      }

      at log (src/components/ui/Button.tsx:28:13)

    console.log
      [Button] Rendering with type: button

      at log (src/components/ui/Button.tsx:25:13)

    console.log
      [Button] Props received: {
        variant: 'primary',
        size: 'lg',
        type: 'button',
        loading: false,
        disabled: true
      }

      at log (src/components/ui/Button.tsx:26:13)

    console.log
      [Button] Has onClick in props: true

      at log (src/components/ui/Button.tsx:27:13)

    console.log
      [Button] All props: {
        onClick: [Function: handleNavigate],
        'aria-label': 'Navigate to selected form'
      }

      at log (src/components/ui/Button.tsx:28:13)

    console.log
      [Button] Rendering with type: button

      at log (src/components/ui/Button.tsx:25:13)

    console.log
      [Button] Props received: {
        variant: 'primary',
        size: 'lg',
        type: 'button',
        loading: false,
        disabled: true
      }

      at log (src/components/ui/Button.tsx:26:13)

    console.log
      [Button] Has onClick in props: true

      at log (src/components/ui/Button.tsx:27:13)

    console.log
      [Button] All props: {
        onClick: [Function: handleNavigate],
        'aria-label': 'Navigate to selected form'
      }

      at log (src/components/ui/Button.tsx:28:13)

    console.log
      [Button] Rendering with type: button

      at log (src/components/ui/Button.tsx:25:13)

    console.log
      [Button] Props received: {
        variant: 'primary',
        size: 'lg',
        type: 'button',
        loading: false,
        disabled: true
      }

      at log (src/components/ui/Button.tsx:26:13)

    console.log
      [Button] Has onClick in props: true

      at log (src/components/ui/Button.tsx:27:13)

    console.log
      [Button] All props: {
        onClick: [Function: handleNavigate],
        'aria-label': 'Navigate to selected form'
      }

      at log (src/components/ui/Button.tsx:28:13)

    console.log
      [Button] Rendering with type: button

      at log (src/components/ui/Button.tsx:25:13)

    console.log
      [Button] Props received: {
        variant: 'primary',
        size: 'lg',
        type: 'button',
        loading: false,
        disabled: true
      }

      at log (src/components/ui/Button.tsx:26:13)

    console.log
      [Button] Has onClick in props: true

      at log (src/components/ui/Button.tsx:27:13)

    console.log
      [Button] All props: {
        onClick: [Function: handleNavigate],
        'aria-label': 'Navigate to selected form'
      }

      at log (src/components/ui/Button.tsx:28:13)

    console.log
      [Button] Rendering with type: button

      at log (src/components/ui/Button.tsx:25:13)

    console.log
      [Button] Props received: {
        variant: 'primary',
        size: 'lg',
        type: 'button',
        loading: false,
        disabled: true
      }

      at log (src/components/ui/Button.tsx:26:13)

    console.log
      [Button] Has onClick in props: true

      at log (src/components/ui/Button.tsx:27:13)

    console.log
      [Button] All props: {
        onClick: [Function: handleNavigate],
        'aria-label': 'Navigate to selected form'
      }

      at log (src/components/ui/Button.tsx:28:13)

    console.log
      [Button] Rendering with type: button

      at log (src/components/ui/Button.tsx:25:13)

    console.log
      [Button] Props received: {
        variant: 'primary',
        size: 'lg',
        type: 'button',
        loading: false,
        disabled: true
      }

      at log (src/components/ui/Button.tsx:26:13)

    console.log
      [Button] Has onClick in props: true

      at log (src/components/ui/Button.tsx:27:13)

    console.log
      [Button] All props: {
        onClick: [Function: handleNavigate],
        'aria-label': 'Navigate to selected form'
      }

      at log (src/components/ui/Button.tsx:28:13)

    console.log
      [Button] Rendering with type: button

      at log (src/components/ui/Button.tsx:25:13)

    console.log
      [Button] Props received: {
        variant: 'primary',
        size: 'lg',
        type: 'button',
        loading: false,
        disabled: true
      }

      at log (src/components/ui/Button.tsx:26:13)

    console.log
      [Button] Has onClick in props: true

      at log (src/components/ui/Button.tsx:27:13)

    console.log
      [Button] All props: {
        onClick: [Function: handleNavigate],
        'aria-label': 'Navigate to selected form'
      }

      at log (src/components/ui/Button.tsx:28:13)

    console.log
      [Button] Rendering with type: button

      at log (src/components/ui/Button.tsx:25:13)

    console.log
      [Button] Props received: {
        variant: 'primary',
        size: 'lg',
        type: 'button',
        loading: false,
        disabled: true
      }

      at log (src/components/ui/Button.tsx:26:13)

    console.log
      [Button] Has onClick in props: true

      at log (src/components/ui/Button.tsx:27:13)

    console.log
      [Button] All props: {
        onClick: [Function: handleNavigate],
        'aria-label': 'Navigate to selected form'
      }

      at log (src/components/ui/Button.tsx:28:13)

    console.log
      [Button] Rendering with type: button

      at log (src/components/ui/Button.tsx:25:13)

    console.log
      [Button] Props received: {
        variant: 'primary',
        size: 'lg',
        type: 'button',
        loading: false,
        disabled: true
      }

      at log (src/components/ui/Button.tsx:26:13)

    console.log
      [Button] Has onClick in props: true

      at log (src/components/ui/Button.tsx:27:13)

    console.log
      [Button] All props: {
        onClick: [Function: handleNavigate],
        'aria-label': 'Navigate to selected form'
      }

      at log (src/components/ui/Button.tsx:28:13)

    console.log
      [Button] Rendering with type: button

      at log (src/components/ui/Button.tsx:25:13)

    console.log
      [Button] Props received: {
        variant: 'primary',
        size: 'lg',
        type: 'button',
        loading: false,
        disabled: true
      }

      at log (src/components/ui/Button.tsx:26:13)

    console.log
      [Button] Has onClick in props: true

      at log (src/components/ui/Button.tsx:27:13)

    console.log
      [Button] All props: {
        onClick: [Function: handleNavigate],
        'aria-label': 'Navigate to selected form'
      }

      at log (src/components/ui/Button.tsx:28:13)

    console.log
      [Button] Rendering with type: button

      at log (src/components/ui/Button.tsx:25:13)

    console.log
      [Button] Props received: {
        variant: 'primary',
        size: 'lg',
        type: 'button',
        loading: false,
        disabled: true
      }

      at log (src/components/ui/Button.tsx:26:13)

    console.log
      [Button] Has onClick in props: true

      at log (src/components/ui/Button.tsx:27:13)

    console.log
      [Button] All props: {
        onClick: [Function: handleNavigate],
        'aria-label': 'Navigate to selected form'
      }

      at log (src/components/ui/Button.tsx:28:13)

    console.log
      [Button] Rendering with type: button

      at log (src/components/ui/Button.tsx:25:13)

    console.log
      [Button] Props received: {
        variant: 'primary',
        size: 'lg',
        type: 'button',
        loading: false,
        disabled: true
      }

      at log (src/components/ui/Button.tsx:26:13)

    console.log
      [Button] Has onClick in props: true

      at log (src/components/ui/Button.tsx:27:13)

    console.log
      [Button] All props: {
        onClick: [Function: handleNavigate],
        'aria-label': 'Navigate to selected form'
      }

      at log (src/components/ui/Button.tsx:28:13)

    console.log
      [Button] Rendering with type: button

      at log (src/components/ui/Button.tsx:25:13)

    console.log
      [Button] Props received: {
        variant: 'primary',
        size: 'lg',
        type: 'button',
        loading: false,
        disabled: true
      }

      at log (src/components/ui/Button.tsx:26:13)

    console.log
      [Button] Has onClick in props: true

      at log (src/components/ui/Button.tsx:27:13)

    console.log
      [Button] All props: {
        onClick: [Function: handleNavigate],
        'aria-label': 'Navigate to selected form'
      }

      at log (src/components/ui/Button.tsx:28:13)

    console.log
      [Button] Rendering with type: button

      at log (src/components/ui/Button.tsx:25:13)

    console.log
      [Button] Props received: {
        variant: 'primary',
        size: 'lg',
        type: 'button',
        loading: false,
        disabled: true
      }

      at log (src/components/ui/Button.tsx:26:13)

    console.log
      [Button] Has onClick in props: true

      at log (src/components/ui/Button.tsx:27:13)

    console.log
      [Button] All props: {
        onClick: [Function: handleNavigate],
        'aria-label': 'Navigate to selected form'
      }

      at log (src/components/ui/Button.tsx:28:13)

    console.log
      [Button] Rendering with type: button

      at log (src/components/ui/Button.tsx:25:13)

    console.log
      [Button] Props received: {
        variant: 'primary',
        size: 'lg',
        type: 'button',
        loading: false,
        disabled: true
      }

      at log (src/components/ui/Button.tsx:26:13)

    console.log
      [Button] Has onClick in props: true

      at log (src/components/ui/Button.tsx:27:13)

    console.log
      [Button] All props: {
        onClick: [Function: handleNavigate],
        'aria-label': 'Navigate to selected form'
      }

      at log (src/components/ui/Button.tsx:28:13)

    console.log
      [Button] Rendering with type: button

      at log (src/components/ui/Button.tsx:25:13)

    console.log
      [Button] Props received: {
        variant: 'primary',
        size: 'lg',
        type: 'button',
        loading: false,
        disabled: true
      }

      at log (src/components/ui/Button.tsx:26:13)

    console.log
      [Button] Has onClick in props: true

      at log (src/components/ui/Button.tsx:27:13)

    console.log
      [Button] All props: {
        onClick: [Function: handleNavigate],
        'aria-label': 'Navigate to selected form'
      }

      at log (src/components/ui/Button.tsx:28:13)

    console.log
      [Button] Rendering with type: button

      at log (src/components/ui/Button.tsx:25:13)

    console.log
      [Button] Props received: {
        variant: 'primary',
        size: 'lg',
        type: 'button',
        loading: false,
        disabled: true
      }

      at log (src/components/ui/Button.tsx:26:13)

    console.log
      [Button] Has onClick in props: true

      at log (src/components/ui/Button.tsx:27:13)

    console.log
      [Button] All props: {
        onClick: [Function: handleNavigate],
        'aria-label': 'Navigate to selected form'
      }

      at log (src/components/ui/Button.tsx:28:13)

    console.log
      [Button] Rendering with type: button

      at log (src/components/ui/Button.tsx:25:13)

    console.log
      [Button] Props received: {
        variant: 'primary',
        size: 'lg',
        type: 'button',
        loading: false,
        disabled: true
      }

      at log (src/components/ui/Button.tsx:26:13)

    console.log
      [Button] Has onClick in props: true

      at log (src/components/ui/Button.tsx:27:13)

    console.log
      [Button] All props: {
        onClick: [Function: handleNavigate],
        'aria-label': 'Navigate to selected form'
      }

      at log (src/components/ui/Button.tsx:28:13)

    console.log
      [Button] Rendering with type: button

      at log (src/components/ui/Button.tsx:25:13)

    console.log
      [Button] Props received: {
        variant: 'primary',
        size: 'lg',
        type: 'button',
        loading: false,
        disabled: true
      }

      at log (src/components/ui/Button.tsx:26:13)

    console.log
      [Button] Has onClick in props: true

      at log (src/components/ui/Button.tsx:27:13)

    console.log
      [Button] All props: {
        onClick: [Function: handleNavigate],
        'aria-label': 'Navigate to selected form'
      }

      at log (src/components/ui/Button.tsx:28:13)

    console.log
      [Button] Rendering with type: button

      at log (src/components/ui/Button.tsx:25:13)

    console.log
      [Button] Props received: {
        variant: 'primary',
        size: 'lg',
        type: 'button',
        loading: false,
        disabled: true
      }

      at log (src/components/ui/Button.tsx:26:13)

    console.log
      [Button] Has onClick in props: true

      at log (src/components/ui/Button.tsx:27:13)

    console.log
      [Button] All props: {
        onClick: [Function: handleNavigate],
        'aria-label': 'Navigate to selected form'
      }

      at log (src/components/ui/Button.tsx:28:13)

    console.log
      [Button] Rendering with type: button

      at log (src/components/ui/Button.tsx:25:13)

    console.log
      [Button] Props received: {
        variant: 'primary',
        size: 'lg',
        type: 'button',
        loading: false,
        disabled: true
      }

      at log (src/components/ui/Button.tsx:26:13)

    console.log
      [Button] Has onClick in props: true

      at log (src/components/ui/Button.tsx:27:13)

    console.log
      [Button] All props: {
        onClick: [Function: handleNavigate],
        'aria-label': 'Navigate to selected form'
      }

      at log (src/components/ui/Button.tsx:28:13)

    console.log
      [Button] Rendering with type: button

      at log (src/components/ui/Button.tsx:25:13)

    console.log
      [Button] Props received: {
        variant: 'primary',
        size: 'lg',
        type: 'button',
        loading: false,
        disabled: true
      }

      at log (src/components/ui/Button.tsx:26:13)

    console.log
      [Button] Has onClick in props: true

      at log (src/components/ui/Button.tsx:27:13)

    console.log
      [Button] All props: {
        onClick: [Function: handleNavigate],
        'aria-label': 'Navigate to selected form'
      }

      at log (src/components/ui/Button.tsx:28:13)

    console.log
      [Button] Rendering with type: button

      at log (src/components/ui/Button.tsx:25:13)

    console.log
      [Button] Props received: {
        variant: 'primary',
        size: 'lg',
        type: 'button',
        loading: false,
        disabled: true
      }

      at log (src/components/ui/Button.tsx:26:13)

    console.log
      [Button] Has onClick in props: true

      at log (src/components/ui/Button.tsx:27:13)

    console.log
      [Button] All props: {
        onClick: [Function: handleNavigate],
        'aria-label': 'Navigate to selected form'
      }

      at log (src/components/ui/Button.tsx:28:13)

    console.log
      [Button] Rendering with type: button

      at log (src/components/ui/Button.tsx:25:13)

    console.log
      [Button] Props received: {
        variant: 'primary',
        size: 'lg',
        type: 'button',
        loading: false,
        disabled: true
      }

      at log (src/components/ui/Button.tsx:26:13)

    console.log
      [Button] Has onClick in props: true

      at log (src/components/ui/Button.tsx:27:13)

    console.log
      [Button] All props: {
        onClick: [Function: handleNavigate],
        'aria-label': 'Navigate to selected form'
      }

      at log (src/components/ui/Button.tsx:28:13)

    console.log
      [Button] Rendering with type: button

      at log (src/components/ui/Button.tsx:25:13)

    console.log
      [Button] Props received: {
        variant: 'primary',
        size: 'lg',
        type: 'button',
        loading: false,
        disabled: true
      }

      at log (src/components/ui/Button.tsx:26:13)

    console.log
      [Button] Has onClick in props: true

      at log (src/components/ui/Button.tsx:27:13)

    console.log
      [Button] All props: {
        onClick: [Function: handleNavigate],
        'aria-label': 'Navigate to selected form'
      }

      at log (src/components/ui/Button.tsx:28:13)

    console.log
      [Button] Rendering with type: button

      at log (src/components/ui/Button.tsx:25:13)

    console.log
      [Button] Props received: {
        variant: 'primary',
        size: 'lg',
        type: 'button',
        loading: false,
        disabled: true
      }

      at log (src/components/ui/Button.tsx:26:13)

    console.log
      [Button] Has onClick in props: true

      at log (src/components/ui/Button.tsx:27:13)

    console.log
      [Button] All props: {
        onClick: [Function: handleNavigate],
        'aria-label': 'Navigate to selected form'
      }

      at log (src/components/ui/Button.tsx:28:13)

    console.log
      [Button] Rendering with type: button

      at log (src/components/ui/Button.tsx:25:13)

    console.log
      [Button] Props received: {
        variant: 'primary',
        size: 'lg',
        type: 'button',
        loading: false,
        disabled: true
      }

      at log (src/components/ui/Button.tsx:26:13)

    console.log
      [Button] Has onClick in props: true

      at log (src/components/ui/Button.tsx:27:13)

    console.log
      [Button] All props: {
        onClick: [Function: handleNavigate],
        'aria-label': 'Navigate to selected form'
      }

      at log (src/components/ui/Button.tsx:28:13)

    console.log
      [Button] Rendering with type: button

      at log (src/components/ui/Button.tsx:25:13)

    console.log
      [Button] Props received: {
        variant: 'primary',
        size: 'lg',
        type: 'button',
        loading: false,
        disabled: true
      }

      at log (src/components/ui/Button.tsx:26:13)

    console.log
      [Button] Has onClick in props: true

      at log (src/components/ui/Button.tsx:27:13)

    console.log
      [Button] All props: {
        onClick: [Function: handleNavigate],
        'aria-label': 'Navigate to selected form'
      }

      at log (src/components/ui/Button.tsx:28:13)

    console.log
      [Button] Rendering with type: button

      at log (src/components/ui/Button.tsx:25:13)

    console.log
      [Button] Props received: {
        variant: 'primary',
        size: 'lg',
        type: 'button',
        loading: false,
        disabled: true
      }

      at log (src/components/ui/Button.tsx:26:13)

    console.log
      [Button] Has onClick in props: true

      at log (src/components/ui/Button.tsx:27:13)

    console.log
      [Button] All props: {
        onClick: [Function: handleNavigate],
        'aria-label': 'Navigate to selected form'
      }

      at log (src/components/ui/Button.tsx:28:13)

    console.log
      [Button] Rendering with type: button

      at log (src/components/ui/Button.tsx:25:13)

    console.log
      [Button] Props received: {
        variant: 'primary',
        size: 'lg',
        type: 'button',
        loading: false,
        disabled: true
      }

      at log (src/components/ui/Button.tsx:26:13)

    console.log
      [Button] Has onClick in props: true

      at log (src/components/ui/Button.tsx:27:13)

    console.log
      [Button] All props: {
        onClick: [Function: handleNavigate],
        'aria-label': 'Navigate to selected form'
      }

      at log (src/components/ui/Button.tsx:28:13)

    console.log
      [Button] Rendering with type: button

      at log (src/components/ui/Button.tsx:25:13)

    console.log
      [Button] Props received: {
        variant: 'primary',
        size: 'lg',
        type: 'button',
        loading: false,
        disabled: true
      }

      at log (src/components/ui/Button.tsx:26:13)

    console.log
      [Button] Has onClick in props: true

      at log (src/components/ui/Button.tsx:27:13)

    console.log
      [Button] All props: {
        onClick: [Function: handleNavigate],
        'aria-label': 'Navigate to selected form'
      }

      at log (src/components/ui/Button.tsx:28:13)

    console.log
      [Button] Rendering with type: button

      at log (src/components/ui/Button.tsx:25:13)

    console.log
      [Button] Props received: {
        variant: 'primary',
        size: 'lg',
        type: 'button',
        loading: false,
        disabled: true
      }

      at log (src/components/ui/Button.tsx:26:13)

    console.log
      [Button] Has onClick in props: true

      at log (src/components/ui/Button.tsx:27:13)

    console.log
      [Button] All props: {
        onClick: [Function: handleNavigate],
        'aria-label': 'Navigate to selected form'
      }

      at log (src/components/ui/Button.tsx:28:13)

    console.log
      [Button] Rendering with type: button

      at log (src/components/ui/Button.tsx:25:13)

    console.log
      [Button] Props received: {
        variant: 'primary',
        size: 'lg',
        type: 'button',
        loading: false,
        disabled: true
      }

      at log (src/components/ui/Button.tsx:26:13)

    console.log
      [Button] Has onClick in props: true

      at log (src/components/ui/Button.tsx:27:13)

    console.log
      [Button] All props: {
        onClick: [Function: handleNavigate],
        'aria-label': 'Navigate to selected form'
      }

      at log (src/components/ui/Button.tsx:28:13)

    console.log
      [Button] Rendering with type: button

      at log (src/components/ui/Button.tsx:25:13)

    console.log
      [Button] Props received: {
        variant: 'primary',
        size: 'lg',
        type: 'button',
        loading: false,
        disabled: true
      }

      at log (src/components/ui/Button.tsx:26:13)

    console.log
      [Button] Has onClick in props: true

      at log (src/components/ui/Button.tsx:27:13)

    console.log
      [Button] All props: {
        onClick: [Function: handleNavigate],
        'aria-label': 'Navigate to selected form'
      }

      at log (src/components/ui/Button.tsx:28:13)

    console.log
      [Button] Rendering with type: button

      at log (src/components/ui/Button.tsx:25:13)

    console.log
      [Button] Props received: {
        variant: 'primary',
        size: 'lg',
        type: 'button',
        loading: false,
        disabled: true
      }

      at log (src/components/ui/Button.tsx:26:13)

    console.log
      [Button] Has onClick in props: true

      at log (src/components/ui/Button.tsx:27:13)

    console.log
      [Button] All props: {
        onClick: [Function: handleNavigate],
        'aria-label': 'Navigate to selected form'
      }

      at log (src/components/ui/Button.tsx:28:13)

    console.log
      [Button] Rendering with type: button

      at log (src/components/ui/Button.tsx:25:13)

    console.log
      [Button] Props received: {
        variant: 'primary',
        size: 'lg',
        type: 'button',
        loading: false,
        disabled: true
      }

      at log (src/components/ui/Button.tsx:26:13)

    console.log
      [Button] Has onClick in props: true

      at log (src/components/ui/Button.tsx:27:13)

    console.log
      [Button] All props: {
        onClick: [Function: handleNavigate],
        'aria-label': 'Navigate to selected form'
      }

      at log (src/components/ui/Button.tsx:28:13)

    console.log
      [Button] Rendering with type: button

      at log (src/components/ui/Button.tsx:25:13)

    console.log
      [Button] Props received: {
        variant: 'primary',
        size: 'lg',
        type: 'button',
        loading: false,
        disabled: true
      }

      at log (src/components/ui/Button.tsx:26:13)

    console.log
      [Button] Has onClick in props: true

      at log (src/components/ui/Button.tsx:27:13)

    console.log
      [Button] All props: {
        onClick: [Function: handleNavigate],
        'aria-label': 'Navigate to selected form'
      }

      at log (src/components/ui/Button.tsx:28:13)

    console.log
      [Button] Rendering with type: button

      at log (src/components/ui/Button.tsx:25:13)

    console.log
      [Button] Props received: {
        variant: 'primary',
        size: 'lg',
        type: 'button',
        loading: false,
        disabled: true
      }

      at log (src/components/ui/Button.tsx:26:13)

    console.log
      [Button] Has onClick in props: true

      at log (src/components/ui/Button.tsx:27:13)

    console.log
      [Button] All props: {
        onClick: [Function: handleNavigate],
        'aria-label': 'Navigate to selected form'
      }

      at log (src/components/ui/Button.tsx:28:13)

    console.log
      [Button] Rendering with type: button

      at log (src/components/ui/Button.tsx:25:13)

    console.log
      [Button] Props received: {
        variant: 'primary',
        size: 'lg',
        type: 'button',
        loading: false,
        disabled: true
      }

      at log (src/components/ui/Button.tsx:26:13)

    console.log
      [Button] Has onClick in props: true

      at log (src/components/ui/Button.tsx:27:13)

    console.log
      [Button] All props: {
        onClick: [Function: handleNavigate],
        'aria-label': 'Navigate to selected form'
      }

      at log (src/components/ui/Button.tsx:28:13)

    console.log
      [Button] Rendering with type: button

      at log (src/components/ui/Button.tsx:25:13)

    console.log
      [Button] Props received: {
        variant: 'primary',
        size: 'lg',
        type: 'button',
        loading: false,
        disabled: true
      }

      at log (src/components/ui/Button.tsx:26:13)

    console.log
      [Button] Has onClick in props: true

      at log (src/components/ui/Button.tsx:27:13)

    console.log
      [Button] All props: {
        onClick: [Function: handleNavigate],
        'aria-label': 'Navigate to selected form'
      }

      at log (src/components/ui/Button.tsx:28:13)

    console.log
      [Button] Rendering with type: button

      at log (src/components/ui/Button.tsx:25:13)

    console.log
      [Button] Props received: {
        variant: 'primary',
        size: 'lg',
        type: 'button',
        loading: false,
        disabled: true
      }

      at log (src/components/ui/Button.tsx:26:13)

    console.log
      [Button] Has onClick in props: true

      at log (src/components/ui/Button.tsx:27:13)

    console.log
      [Button] All props: {
        onClick: [Function: handleNavigate],
        'aria-label': 'Navigate to selected form'
      }

      at log (src/components/ui/Button.tsx:28:13)

    console.log
      [Button] Rendering with type: button

      at log (src/components/ui/Button.tsx:25:13)

    console.log
      [Button] Props received: {
        variant: 'primary',
        size: 'lg',
        type: 'button',
        loading: false,
        disabled: true
      }

      at log (src/components/ui/Button.tsx:26:13)

    console.log
      [Button] Has onClick in props: true

      at log (src/components/ui/Button.tsx:27:13)

    console.log
      [Button] All props: {
        onClick: [Function: handleNavigate],
        'aria-label': 'Navigate to selected form'
      }

      at log (src/components/ui/Button.tsx:28:13)

    console.log
      [Button] Rendering with type: button

      at log (src/components/ui/Button.tsx:25:13)

    console.log
      [Button] Props received: {
        variant: 'primary',
        size: 'lg',
        type: 'button',
        loading: false,
        disabled: true
      }

      at log (src/components/ui/Button.tsx:26:13)

    console.log
      [Button] Has onClick in props: true

      at log (src/components/ui/Button.tsx:27:13)

    console.log
      [Button] All props: {
        onClick: [Function: handleNavigate],
        'aria-label': 'Navigate to selected form'
      }

      at log (src/components/ui/Button.tsx:28:13)

    console.log
      [Button] Rendering with type: button

      at log (src/components/ui/Button.tsx:25:13)

    console.log
      [Button] Props received: {
        variant: 'primary',
        size: 'lg',
        type: 'button',
        loading: false,
        disabled: true
      }

      at log (src/components/ui/Button.tsx:26:13)

    console.log
      [Button] Has onClick in props: true

      at log (src/components/ui/Button.tsx:27:13)

    console.log
      [Button] All props: {
        onClick: [Function: handleNavigate],
        'aria-label': 'Navigate to selected form'
      }

      at log (src/components/ui/Button.tsx:28:13)

    console.log
      [Button] Rendering with type: button

      at log (src/components/ui/Button.tsx:25:13)

    console.log
      [Button] Props received: {
        variant: 'primary',
        size: 'lg',
        type: 'button',
        loading: false,
        disabled: true
      }

      at log (src/components/ui/Button.tsx:26:13)

    console.log
      [Button] Has onClick in props: true

      at log (src/components/ui/Button.tsx:27:13)

    console.log
      [Button] All props: {
        onClick: [Function: handleNavigate],
        'aria-label': 'Navigate to selected form'
      }

      at log (src/components/ui/Button.tsx:28:13)

    console.log
      [Button] Rendering with type: button

      at log (src/components/ui/Button.tsx:25:13)

    console.log
      [Button] Props received: {
        variant: 'primary',
        size: 'lg',
        type: 'button',
        loading: false,
        disabled: true
      }

      at log (src/components/ui/Button.tsx:26:13)

    console.log
      [Button] Has onClick in props: true

      at log (src/components/ui/Button.tsx:27:13)

    console.log
      [Button] All props: {
        onClick: [Function: handleNavigate],
        'aria-label': 'Navigate to selected form'
      }

      at log (src/components/ui/Button.tsx:28:13)

    console.log
      [Button] Rendering with type: button

      at log (src/components/ui/Button.tsx:25:13)

    console.log
      [Button] Props received: {
        variant: 'primary',
        size: 'lg',
        type: 'button',
        loading: false,
        disabled: true
      }

      at log (src/components/ui/Button.tsx:26:13)

    console.log
      [Button] Has onClick in props: true

      at log (src/components/ui/Button.tsx:27:13)

    console.log
      [Button] All props: {
        onClick: [Function: handleNavigate],
        'aria-label': 'Navigate to selected form'
      }

      at log (src/components/ui/Button.tsx:28:13)

    console.log
      [Button] Rendering with type: button

      at log (src/components/ui/Button.tsx:25:13)

    console.log
      [Button] Props received: {
        variant: 'primary',
        size: 'lg',
        type: 'button',
        loading: false,
        disabled: true
      }

      at log (src/components/ui/Button.tsx:26:13)

    console.log
      [Button] Has onClick in props: true

      at log (src/components/ui/Button.tsx:27:13)

    console.log
      [Button] All props: {
        onClick: [Function: handleNavigate],
        'aria-label': 'Navigate to selected form'
      }

      at log (src/components/ui/Button.tsx:28:13)

    console.log
      [Button] Rendering with type: button

      at log (src/components/ui/Button.tsx:25:13)

    console.log
      [Button] Props received: {
        variant: 'primary',
        size: 'lg',
        type: 'button',
        loading: false,
        disabled: true
      }

      at log (src/components/ui/Button.tsx:26:13)

    console.log
      [Button] Has onClick in props: true

      at log (src/components/ui/Button.tsx:27:13)

    console.log
      [Button] All props: {
        onClick: [Function: handleNavigate],
        'aria-label': 'Navigate to selected form'
      }

      at log (src/components/ui/Button.tsx:28:13)

    console.log
      [Button] Rendering with type: button

      at log (src/components/ui/Button.tsx:25:13)

    console.log
      [Button] Props received: {
        variant: 'primary',
        size: 'lg',
        type: 'button',
        loading: false,
        disabled: true
      }

      at log (src/components/ui/Button.tsx:26:13)

    console.log
      [Button] Has onClick in props: true

      at log (src/components/ui/Button.tsx:27:13)

    console.log
      [Button] All props: {
        onClick: [Function: handleNavigate],
        'aria-label': 'Navigate to selected form'
      }

      at log (src/components/ui/Button.tsx:28:13)

    console.log
      [Button] Rendering with type: button

      at log (src/components/ui/Button.tsx:25:13)

    console.log
      [Button] Props received: {
        variant: 'primary',
        size: 'lg',
        type: 'button',
        loading: false,
        disabled: true
      }

      at log (src/components/ui/Button.tsx:26:13)

    console.log
      [Button] Has onClick in props: true

      at log (src/components/ui/Button.tsx:27:13)

    console.log
      [Button] All props: {
        onClick: [Function: handleNavigate],
        'aria-label': 'Navigate to selected form'
      }

      at log (src/components/ui/Button.tsx:28:13)

    console.log
      [Button] Rendering with type: button

      at log (src/components/ui/Button.tsx:25:13)

    console.log
      [Button] Props received: {
        variant: 'primary',
        size: 'lg',
        type: 'button',
        loading: false,
        disabled: true
      }

      at log (src/components/ui/Button.tsx:26:13)

    console.log
      [Button] Has onClick in props: true

      at log (src/components/ui/Button.tsx:27:13)

    console.log
      [Button] All props: {
        onClick: [Function: handleNavigate],
        'aria-label': 'Navigate to selected form'
      }

      at log (src/components/ui/Button.tsx:28:13)

    console.log
      [Button] Rendering with type: button

      at log (src/components/ui/Button.tsx:25:13)

    console.log
      [Button] Props received: {
        variant: 'primary',
        size: 'lg',
        type: 'button',
        loading: false,
        disabled: true
      }

      at log (src/components/ui/Button.tsx:26:13)

    console.log
      [Button] Has onClick in props: true

      at log (src/components/ui/Button.tsx:27:13)

    console.log
      [Button] All props: {
        onClick: [Function: handleNavigate],
        'aria-label': 'Navigate to selected form'
      }

      at log (src/components/ui/Button.tsx:28:13)

    console.log
      [Button] Rendering with type: button

      at log (src/components/ui/Button.tsx:25:13)

    console.log
      [Button] Props received: {
        variant: 'primary',
        size: 'lg',
        type: 'button',
        loading: false,
        disabled: true
      }

      at log (src/components/ui/Button.tsx:26:13)

    console.log
      [Button] Has onClick in props: true

      at log (src/components/ui/Button.tsx:27:13)

    console.log
      [Button] All props: {
        onClick: [Function: handleNavigate],
        'aria-label': 'Navigate to selected form'
      }

      at log (src/components/ui/Button.tsx:28:13)

    console.log
      [Button] Rendering with type: button

      at log (src/components/ui/Button.tsx:25:13)

    console.log
      [Button] Props received: {
        variant: 'primary',
        size: 'lg',
        type: 'button',
        loading: false,
        disabled: true
      }

      at log (src/components/ui/Button.tsx:26:13)

    console.log
      [Button] Has onClick in props: true

      at log (src/components/ui/Button.tsx:27:13)

    console.log
      [Button] All props: {
        onClick: [Function: handleNavigate],
        'aria-label': 'Navigate to selected form'
      }

      at log (src/components/ui/Button.tsx:28:13)

    console.log
      [Button] Rendering with type: button

      at log (src/components/ui/Button.tsx:25:13)

    console.log
      [Button] Props received: {
        variant: 'primary',
        size: 'lg',
        type: 'button',
        loading: false,
        disabled: true
      }

      at log (src/components/ui/Button.tsx:26:13)

    console.log
      [Button] Has onClick in props: true

      at log (src/components/ui/Button.tsx:27:13)

    console.log
      [Button] All props: {
        onClick: [Function: handleNavigate],
        'aria-label': 'Navigate to selected form'
      }

      at log (src/components/ui/Button.tsx:28:13)

    console.log
      [Button] Rendering with type: button

      at log (src/components/ui/Button.tsx:25:13)

    console.log
      [Button] Props received: {
        variant: 'primary',
        size: 'lg',
        type: 'button',
        loading: false,
        disabled: true
      }

      at log (src/components/ui/Button.tsx:26:13)

    console.log
      [Button] Has onClick in props: true

      at log (src/components/ui/Button.tsx:27:13)

    console.log
      [Button] All props: {
        onClick: [Function: handleNavigate],
        'aria-label': 'Navigate to selected form'
      }

      at log (src/components/ui/Button.tsx:28:13)

    console.log
      [Button] Rendering with type: button

      at log (src/components/ui/Button.tsx:25:13)

    console.log
      [Button] Props received: {
        variant: 'primary',
        size: 'lg',
        type: 'button',
        loading: false,
        disabled: true
      }

      at log (src/components/ui/Button.tsx:26:13)

    console.log
      [Button] Has onClick in props: true

      at log (src/components/ui/Button.tsx:27:13)

    console.log
      [Button] All props: {
        onClick: [Function: handleNavigate],
        'aria-label': 'Navigate to selected form'
      }

      at log (src/components/ui/Button.tsx:28:13)

    console.log
      [Button] Rendering with type: button

      at log (src/components/ui/Button.tsx:25:13)

    console.log
      [Button] Props received: {
        variant: 'primary',
        size: 'lg',
        type: 'button',
        loading: false,
        disabled: true
      }

      at log (src/components/ui/Button.tsx:26:13)

    console.log
      [Button] Has onClick in props: true

      at log (src/components/ui/Button.tsx:27:13)

    console.log
      [Button] All props: {
        onClick: [Function: handleNavigate],
        'aria-label': 'Navigate to selected form'
      }

      at log (src/components/ui/Button.tsx:28:13)

    console.log
      [Button] Rendering with type: button

      at log (src/components/ui/Button.tsx:25:13)

    console.log
      [Button] Props received: {
        variant: 'primary',
        size: 'lg',
        type: 'button',
        loading: false,
        disabled: true
      }

      at log (src/components/ui/Button.tsx:26:13)

    console.log
      [Button] Has onClick in props: true

      at log (src/components/ui/Button.tsx:27:13)

    console.log
      [Button] All props: {
        onClick: [Function: handleNavigate],
        'aria-label': 'Navigate to selected form'
      }

      at log (src/components/ui/Button.tsx:28:13)

    console.log
      [Button] Rendering with type: button

      at log (src/components/ui/Button.tsx:25:13)

    console.log
      [Button] Props received: {
        variant: 'primary',
        size: 'lg',
        type: 'button',
        loading: false,
        disabled: true
      }

      at log (src/components/ui/Button.tsx:26:13)

    console.log
      [Button] Has onClick in props: true

      at log (src/components/ui/Button.tsx:27:13)

    console.log
      [Button] All props: {
        onClick: [Function: handleNavigate],
        'aria-label': 'Navigate to selected form'
      }

      at log (src/components/ui/Button.tsx:28:13)

    console.log
      [Button] Rendering with type: button

      at log (src/components/ui/Button.tsx:25:13)

    console.log
      [Button] Props received: {
        variant: 'primary',
        size: 'lg',
        type: 'button',
        loading: false,
        disabled: true
      }

      at log (src/components/ui/Button.tsx:26:13)

    console.log
      [Button] Has onClick in props: true

      at log (src/components/ui/Button.tsx:27:13)

    console.log
      [Button] All props: {
        onClick: [Function: handleNavigate],
        'aria-label': 'Navigate to selected form'
      }

      at log (src/components/ui/Button.tsx:28:13)

    console.log
      [Button] Rendering with type: button

      at log (src/components/ui/Button.tsx:25:13)

    console.log
      [Button] Props received: {
        variant: 'primary',
        size: 'lg',
        type: 'button',
        loading: false,
        disabled: true
      }

      at log (src/components/ui/Button.tsx:26:13)

    console.log
      [Button] Has onClick in props: true

      at log (src/components/ui/Button.tsx:27:13)

    console.log
      [Button] All props: {
        onClick: [Function: handleNavigate],
        'aria-label': 'Navigate to selected form'
      }

      at log (src/components/ui/Button.tsx:28:13)

    console.log
      [Button] Rendering with type: button

      at log (src/components/ui/Button.tsx:25:13)

    console.log
      [Button] Props received: {
        variant: 'primary',
        size: 'lg',
        type: 'button',
        loading: false,
        disabled: true
      }

      at log (src/components/ui/Button.tsx:26:13)

    console.log
      [Button] Has onClick in props: true

      at log (src/components/ui/Button.tsx:27:13)

    console.log
      [Button] All props: {
        onClick: [Function: handleNavigate],
        'aria-label': 'Navigate to selected form'
      }

      at log (src/components/ui/Button.tsx:28:13)

    console.log
      [Button] Rendering with type: button

      at log (src/components/ui/Button.tsx:25:13)

    console.log
      [Button] Props received: {
        variant: 'primary',
        size: 'lg',
        type: 'button',
        loading: false,
        disabled: true
      }

      at log (src/components/ui/Button.tsx:26:13)

    console.log
      [Button] Has onClick in props: true

      at log (src/components/ui/Button.tsx:27:13)

    console.log
      [Button] All props: {
        onClick: [Function: handleNavigate],
        'aria-label': 'Navigate to selected form'
      }

      at log (src/components/ui/Button.tsx:28:13)

    console.log
      [Button] Rendering with type: button

      at log (src/components/ui/Button.tsx:25:13)

    console.log
      [Button] Props received: {
        variant: 'primary',
        size: 'lg',
        type: 'button',
        loading: false,
        disabled: true
      }

      at log (src/components/ui/Button.tsx:26:13)

    console.log
      [Button] Has onClick in props: true

      at log (src/components/ui/Button.tsx:27:13)

    console.log
      [Button] All props: {
        onClick: [Function: handleNavigate],
        'aria-label': 'Navigate to selected form'
      }

      at log (src/components/ui/Button.tsx:28:13)

    console.log
      [Button] Rendering with type: button

      at log (src/components/ui/Button.tsx:25:13)

    console.log
      [Button] Props received: {
        variant: 'primary',
        size: 'lg',
        type: 'button',
        loading: false,
        disabled: true
      }

      at log (src/components/ui/Button.tsx:26:13)

    console.log
      [Button] Has onClick in props: true

      at log (src/components/ui/Button.tsx:27:13)

    console.log
      [Button] All props: {
        onClick: [Function: handleNavigate],
        'aria-label': 'Navigate to selected form'
      }

      at log (src/components/ui/Button.tsx:28:13)

    console.log
      [Button] Rendering with type: button

      at log (src/components/ui/Button.tsx:25:13)

    console.log
      [Button] Props received: {
        variant: 'primary',
        size: 'lg',
        type: 'button',
        loading: false,
        disabled: false
      }

      at log (src/components/ui/Button.tsx:26:13)

    console.log
      [Button] Has onClick in props: true

      at log (src/components/ui/Button.tsx:27:13)

    console.log
      [Button] All props: {
        onClick: [Function: handleNavigate],
        'aria-label': 'Navigate to selected form'
      }

      at log (src/components/ui/Button.tsx:28:13)

    console.log
      [Button] Rendering with type: button

      at log (src/components/ui/Button.tsx:25:13)

    console.log
      [Button] Props received: {
        variant: 'primary',
        size: 'lg',
        type: 'button',
        loading: false,
        disabled: true
      }

      at log (src/components/ui/Button.tsx:26:13)

    console.log
      [Button] Has onClick in props: true

      at log (src/components/ui/Button.tsx:27:13)

    console.log
      [Button] All props: {
        onClick: [Function: handleNavigate],
        'aria-label': 'Navigate to selected form'
      }

      at log (src/components/ui/Button.tsx:28:13)

    console.log
      [Button] Rendering with type: button

      at log (src/components/ui/Button.tsx:25:13)

    console.log
      [Button] Props received: {
        variant: 'primary',
        size: 'lg',
        type: 'button',
        loading: false,
        disabled: false
      }

      at log (src/components/ui/Button.tsx:26:13)

    console.log
      [Button] Has onClick in props: true

      at log (src/components/ui/Button.tsx:27:13)

    console.log
      [Button] All props: {
        onClick: [Function: handleNavigate],
        'aria-label': 'Navigate to selected form'
      }

      at log (src/components/ui/Button.tsx:28:13)

    console.log
      [Button] Rendering with type: button

      at log (src/components/ui/Button.tsx:25:13)

    console.log
      [Button] Props received: {
        variant: 'primary',
        size: 'lg',
        type: 'button',
        loading: false,
        disabled: true
      }

      at log (src/components/ui/Button.tsx:26:13)

    console.log
      [Button] Has onClick in props: true

      at log (src/components/ui/Button.tsx:27:13)

    console.log
      [Button] All props: {
        onClick: [Function: handleNavigate],
        'aria-label': 'Navigate to selected form'
      }

      at log (src/components/ui/Button.tsx:28:13)

    console.log
      [Button] Rendering with type: button

      at log (src/components/ui/Button.tsx:25:13)

    console.log
      [Button] Props received: {
        variant: 'primary',
        size: 'lg',
        type: 'button',
        loading: false,
        disabled: false
      }

      at log (src/components/ui/Button.tsx:26:13)

    console.log
      [Button] Has onClick in props: true

      at log (src/components/ui/Button.tsx:27:13)

    console.log
      [Button] All props: {
        onClick: [Function: handleNavigate],
        'aria-label': 'Navigate to selected form'
      }

      at log (src/components/ui/Button.tsx:28:13)

    console.log
      [Button] Rendering with type: button

      at log (src/components/ui/Button.tsx:25:13)

    console.log
      [Button] Props received: {
        variant: 'primary',
        size: 'lg',
        type: 'button',
        loading: false,
        disabled: true
      }

      at log (src/components/ui/Button.tsx:26:13)

    console.log
      [Button] Has onClick in props: true

      at log (src/components/ui/Button.tsx:27:13)

    console.log
      [Button] All props: {
        onClick: [Function: handleNavigate],
        'aria-label': 'Navigate to selected form'
      }

      at log (src/components/ui/Button.tsx:28:13)

    console.log
      [Button] Rendering with type: button

      at log (src/components/ui/Button.tsx:25:13)

    console.log
      [Button] Props received: {
        variant: 'primary',
        size: 'lg',
        type: 'button',
        loading: false,
        disabled: false
      }

      at log (src/components/ui/Button.tsx:26:13)

    console.log
      [Button] Has onClick in props: true

      at log (src/components/ui/Button.tsx:27:13)

    console.log
      [Button] All props: {
        onClick: [Function: handleNavigate],
        'aria-label': 'Navigate to selected form'
      }

      at log (src/components/ui/Button.tsx:28:13)

    console.log
      [Button] Rendering with type: button

      at log (src/components/ui/Button.tsx:25:13)

    console.log
      [Button] Props received: {
        variant: 'primary',
        size: 'lg',
        type: 'button',
        loading: false,
        disabled: true
      }

      at log (src/components/ui/Button.tsx:26:13)

    console.log
      [Button] Has onClick in props: true

      at log (src/components/ui/Button.tsx:27:13)

    console.log
      [Button] All props: {
        onClick: [Function: handleNavigate],
        'aria-label': 'Navigate to selected form'
      }

      at log (src/components/ui/Button.tsx:28:13)

    console.log
      [Button] Rendering with type: button

      at log (src/components/ui/Button.tsx:25:13)

    console.log
      [Button] Props received: {
        variant: 'primary',
        size: 'lg',
        type: 'button',
        loading: false,
        disabled: false
      }

      at log (src/components/ui/Button.tsx:26:13)

    console.log
      [Button] Has onClick in props: true

      at log (src/components/ui/Button.tsx:27:13)

    console.log
      [Button] All props: {
        onClick: [Function: handleNavigate],
        'aria-label': 'Navigate to selected form'
      }

      at log (src/components/ui/Button.tsx:28:13)

    console.log
      [Button] Rendering with type: button

      at log (src/components/ui/Button.tsx:25:13)

    console.log
      [Button] Props received: {
        variant: 'primary',
        size: 'lg',
        type: 'button',
        loading: false,
        disabled: true
      }

      at log (src/components/ui/Button.tsx:26:13)

    console.log
      [Button] Has onClick in props: true

      at log (src/components/ui/Button.tsx:27:13)

    console.log
      [Button] All props: {
        onClick: [Function: handleNavigate],
        'aria-label': 'Navigate to selected form'
      }

      at log (src/components/ui/Button.tsx:28:13)

    console.log
      [Button] Rendering with type: button

      at log (src/components/ui/Button.tsx:25:13)

    console.log
      [Button] Props received: {
        variant: 'primary',
        size: 'lg',
        type: 'button',
        loading: false,
        disabled: false
      }

      at log (src/components/ui/Button.tsx:26:13)

    console.log
      [Button] Has onClick in props: true

      at log (src/components/ui/Button.tsx:27:13)

    console.log
      [Button] All props: {
        onClick: [Function: handleNavigate],
        'aria-label': 'Navigate to selected form'
      }

      at log (src/components/ui/Button.tsx:28:13)

    console.log
      [Button] Rendering with type: button

      at log (src/components/ui/Button.tsx:25:13)

    console.log
      [Button] Props received: {
        variant: 'primary',
        size: 'lg',
        type: 'button',
        loading: false,
        disabled: true
      }

      at log (src/components/ui/Button.tsx:26:13)

    console.log
      [Button] Has onClick in props: true

      at log (src/components/ui/Button.tsx:27:13)

    console.log
      [Button] All props: {
        onClick: [Function: handleNavigate],
        'aria-label': 'Navigate to selected form'
      }

      at log (src/components/ui/Button.tsx:28:13)

    console.log
      [Button] Rendering with type: button

      at log (src/components/ui/Button.tsx:25:13)

    console.log
      [Button] Props received: {
        variant: 'primary',
        size: 'lg',
        type: 'button',
        loading: false,
        disabled: false
      }

      at log (src/components/ui/Button.tsx:26:13)

    console.log
      [Button] Has onClick in props: true

      at log (src/components/ui/Button.tsx:27:13)

    console.log
      [Button] All props: {
        onClick: [Function: handleNavigate],
        'aria-label': 'Navigate to selected form'
      }

      at log (src/components/ui/Button.tsx:28:13)

    console.log
      [Button] Rendering with type: button

      at log (src/components/ui/Button.tsx:25:13)

    console.log
      [Button] Props received: {
        variant: 'primary',
        size: 'lg',
        type: 'button',
        loading: false,
        disabled: true
      }

      at log (src/components/ui/Button.tsx:26:13)

    console.log
      [Button] Has onClick in props: true

      at log (src/components/ui/Button.tsx:27:13)

    console.log
      [Button] All props: {
        onClick: [Function: handleNavigate],
        'aria-label': 'Navigate to selected form'
      }

      at log (src/components/ui/Button.tsx:28:13)

    console.log
      [Button] Rendering with type: button

      at log (src/components/ui/Button.tsx:25:13)

    console.log
      [Button] Props received: {
        variant: 'primary',
        size: 'lg',
        type: 'button',
        loading: false,
        disabled: false
      }

      at log (src/components/ui/Button.tsx:26:13)

    console.log
      [Button] Has onClick in props: true

      at log (src/components/ui/Button.tsx:27:13)

    console.log
      [Button] All props: {
        onClick: [Function: handleNavigate],
        'aria-label': 'Navigate to selected form'
      }

      at log (src/components/ui/Button.tsx:28:13)

    console.log
      [Button] Rendering with type: button

      at log (src/components/ui/Button.tsx:25:13)

    console.log
      [Button] Props received: {
        variant: 'primary',
        size: 'lg',
        type: 'button',
        loading: false,
        disabled: true
      }

      at log (src/components/ui/Button.tsx:26:13)

    console.log
      [Button] Has onClick in props: true

      at log (src/components/ui/Button.tsx:27:13)

    console.log
      [Button] All props: {
        onClick: [Function: handleNavigate],
        'aria-label': 'Navigate to selected form'
      }

      at log (src/components/ui/Button.tsx:28:13)

    console.log
      [Button] Rendering with type: button

      at log (src/components/ui/Button.tsx:25:13)

    console.log
      [Button] Props received: {
        variant: 'primary',
        size: 'lg',
        type: 'button',
        loading: false,
        disabled: false
      }

      at log (src/components/ui/Button.tsx:26:13)

    console.log
      [Button] Has onClick in props: true

      at log (src/components/ui/Button.tsx:27:13)

    console.log
      [Button] All props: {
        onClick: [Function: handleNavigate],
        'aria-label': 'Navigate to selected form'
      }

      at log (src/components/ui/Button.tsx:28:13)

    console.log
      [Button] Rendering with type: button

      at log (src/components/ui/Button.tsx:25:13)

    console.log
      [Button] Props received: {
        variant: 'primary',
        size: 'lg',
        type: 'button',
        loading: false,
        disabled: true
      }

      at log (src/components/ui/Button.tsx:26:13)

    console.log
      [Button] Has onClick in props: true

      at log (src/components/ui/Button.tsx:27:13)

    console.log
      [Button] All props: {
        onClick: [Function: handleNavigate],
        'aria-label': 'Navigate to selected form'
      }

      at log (src/components/ui/Button.tsx:28:13)

    console.log
      [Button] Rendering with type: button

      at log (src/components/ui/Button.tsx:25:13)

    console.log
      [Button] Props received: {
        variant: 'primary',
        size: 'lg',
        type: 'button',
        loading: false,
        disabled: false
      }

      at log (src/components/ui/Button.tsx:26:13)

    console.log
      [Button] Has onClick in props: true

      at log (src/components/ui/Button.tsx:27:13)

    console.log
      [Button] All props: {
        onClick: [Function: handleNavigate],
        'aria-label': 'Navigate to selected form'
      }

      at log (src/components/ui/Button.tsx:28:13)

    console.log
      [Button] Rendering with type: button

      at log (src/components/ui/Button.tsx:25:13)

    console.log
      [Button] Props received: {
        variant: 'primary',
        size: 'lg',
        type: 'button',
        loading: false,
        disabled: true
      }

      at log (src/components/ui/Button.tsx:26:13)

    console.log
      [Button] Has onClick in props: true

      at log (src/components/ui/Button.tsx:27:13)

    console.log
      [Button] All props: {
        onClick: [Function: handleNavigate],
        'aria-label': 'Navigate to selected form'
      }

      at log (src/components/ui/Button.tsx:28:13)

    console.log
      [Button] Rendering with type: button

      at log (src/components/ui/Button.tsx:25:13)

    console.log
      [Button] Props received: {
        variant: 'primary',
        size: 'lg',
        type: 'button',
        loading: false,
        disabled: false
      }

      at log (src/components/ui/Button.tsx:26:13)

    console.log
      [Button] Has onClick in props: true

      at log (src/components/ui/Button.tsx:27:13)

    console.log
      [Button] All props: {
        onClick: [Function: handleNavigate],
        'aria-label': 'Navigate to selected form'
      }

      at log (src/components/ui/Button.tsx:28:13)

    console.log
      [Button] Rendering with type: button

      at log (src/components/ui/Button.tsx:25:13)

    console.log
      [Button] Props received: {
        variant: 'primary',
        size: 'lg',
        type: 'button',
        loading: false,
        disabled: true
      }

      at log (src/components/ui/Button.tsx:26:13)

    console.log
      [Button] Has onClick in props: true

      at log (src/components/ui/Button.tsx:27:13)

    console.log
      [Button] All props: {
        onClick: [Function: handleNavigate],
        'aria-label': 'Navigate to selected form'
      }

      at log (src/components/ui/Button.tsx:28:13)

    console.log
      [Button] Rendering with type: button

      at log (src/components/ui/Button.tsx:25:13)

    console.log
      [Button] Props received: {
        variant: 'primary',
        size: 'lg',
        type: 'button',
        loading: false,
        disabled: false
      }

      at log (src/components/ui/Button.tsx:26:13)

    console.log
      [Button] Has onClick in props: true

      at log (src/components/ui/Button.tsx:27:13)

    console.log
      [Button] All props: {
        onClick: [Function: handleNavigate],
        'aria-label': 'Navigate to selected form'
      }

      at log (src/components/ui/Button.tsx:28:13)

    console.log
      [Button] Rendering with type: button

      at log (src/components/ui/Button.tsx:25:13)

    console.log
      [Button] Props received: {
        variant: 'primary',
        size: 'lg',
        type: 'button',
        loading: false,
        disabled: true
      }

      at log (src/components/ui/Button.tsx:26:13)

    console.log
      [Button] Has onClick in props: true

      at log (src/components/ui/Button.tsx:27:13)

    console.log
      [Button] All props: {
        onClick: [Function: handleNavigate],
        'aria-label': 'Navigate to selected form'
      }

      at log (src/components/ui/Button.tsx:28:13)

    console.log
      [Button] Rendering with type: button

      at log (src/components/ui/Button.tsx:25:13)

    console.log
      [Button] Props received: {
        variant: 'primary',
        size: 'lg',
        type: 'button',
        loading: false,
        disabled: false
      }

      at log (src/components/ui/Button.tsx:26:13)

    console.log
      [Button] Has onClick in props: true

      at log (src/components/ui/Button.tsx:27:13)

    console.log
      [Button] All props: {
        onClick: [Function: handleNavigate],
        'aria-label': 'Navigate to selected form'
      }

      at log (src/components/ui/Button.tsx:28:13)

    console.log
      [Button] Rendering with type: button

      at log (src/components/ui/Button.tsx:25:13)

    console.log
      [Button] Props received: {
        variant: 'primary',
        size: 'lg',
        type: 'button',
        loading: false,
        disabled: true
      }

      at log (src/components/ui/Button.tsx:26:13)

    console.log
      [Button] Has onClick in props: true

      at log (src/components/ui/Button.tsx:27:13)

    console.log
      [Button] All props: {
        onClick: [Function: handleNavigate],
        'aria-label': 'Navigate to selected form'
      }

      at log (src/components/ui/Button.tsx:28:13)

    console.log
      [Button] Rendering with type: button

      at log (src/components/ui/Button.tsx:25:13)

    console.log
      [Button] Props received: {
        variant: 'primary',
        size: 'lg',
        type: 'button',
        loading: false,
        disabled: false
      }

      at log (src/components/ui/Button.tsx:26:13)

    console.log
      [Button] Has onClick in props: true

      at log (src/components/ui/Button.tsx:27:13)

    console.log
      [Button] All props: {
        onClick: [Function: handleNavigate],
        'aria-label': 'Navigate to selected form'
      }

      at log (src/components/ui/Button.tsx:28:13)

    console.log
      [Button] Rendering with type: button

      at log (src/components/ui/Button.tsx:25:13)

    console.log
      [Button] Props received: {
        variant: 'primary',
        size: 'lg',
        type: 'button',
        loading: false,
        disabled: true
      }

      at log (src/components/ui/Button.tsx:26:13)

    console.log
      [Button] Has onClick in props: true

      at log (src/components/ui/Button.tsx:27:13)

    console.log
      [Button] All props: {
        onClick: [Function: handleNavigate],
        'aria-label': 'Navigate to selected form'
      }

      at log (src/components/ui/Button.tsx:28:13)

    console.log
      [Button] Rendering with type: button

      at log (src/components/ui/Button.tsx:25:13)

    console.log
      [Button] Props received: {
        variant: 'primary',
        size: 'lg',
        type: 'button',
        loading: false,
        disabled: false
      }

      at log (src/components/ui/Button.tsx:26:13)

    console.log
      [Button] Has onClick in props: true

      at log (src/components/ui/Button.tsx:27:13)

    console.log
      [Button] All props: {
        onClick: [Function: handleNavigate],
        'aria-label': 'Navigate to selected form'
      }

      at log (src/components/ui/Button.tsx:28:13)

    console.log
      [Button] Rendering with type: button

      at log (src/components/ui/Button.tsx:25:13)

    console.log
      [Button] Props received: {
        variant: 'primary',
        size: 'lg',
        type: 'button',
        loading: false,
        disabled: true
      }

      at log (src/components/ui/Button.tsx:26:13)

    console.log
      [Button] Has onClick in props: true

      at log (src/components/ui/Button.tsx:27:13)

    console.log
      [Button] All props: {
        onClick: [Function: handleNavigate],
        'aria-label': 'Navigate to selected form'
      }

      at log (src/components/ui/Button.tsx:28:13)

    console.log
      [Button] Rendering with type: button

      at log (src/components/ui/Button.tsx:25:13)

    console.log
      [Button] Props received: {
        variant: 'primary',
        size: 'lg',
        type: 'button',
        loading: false,
        disabled: false
      }

      at log (src/components/ui/Button.tsx:26:13)

    console.log
      [Button] Has onClick in props: true

      at log (src/components/ui/Button.tsx:27:13)

    console.log
      [Button] All props: {
        onClick: [Function: handleNavigate],
        'aria-label': 'Navigate to selected form'
      }

      at log (src/components/ui/Button.tsx:28:13)

    console.log
      [Button] Rendering with type: button

      at log (src/components/ui/Button.tsx:25:13)

    console.log
      [Button] Props received: {
        variant: 'primary',
        size: 'lg',
        type: 'button',
        loading: false,
        disabled: true
      }

      at log (src/components/ui/Button.tsx:26:13)

    console.log
      [Button] Has onClick in props: true

      at log (src/components/ui/Button.tsx:27:13)

    console.log
      [Button] All props: {
        onClick: [Function: handleNavigate],
        'aria-label': 'Navigate to selected form'
      }

      at log (src/components/ui/Button.tsx:28:13)

    console.log
      [Button] Rendering with type: button

      at log (src/components/ui/Button.tsx:25:13)

    console.log
      [Button] Props received: {
        variant: 'primary',
        size: 'lg',
        type: 'button',
        loading: false,
        disabled: false
      }

      at log (src/components/ui/Button.tsx:26:13)

    console.log
      [Button] Has onClick in props: true

      at log (src/components/ui/Button.tsx:27:13)

    console.log
      [Button] All props: {
        onClick: [Function: handleNavigate],
        'aria-label': 'Navigate to selected form'
      }

      at log (src/components/ui/Button.tsx:28:13)

    console.log
      [Button] Rendering with type: button

      at log (src/components/ui/Button.tsx:25:13)

    console.log
      [Button] Props received: {
        variant: 'primary',
        size: 'lg',
        type: 'button',
        loading: false,
        disabled: true
      }

      at log (src/components/ui/Button.tsx:26:13)

    console.log
      [Button] Has onClick in props: true

      at log (src/components/ui/Button.tsx:27:13)

    console.log
      [Button] All props: {
        onClick: [Function: handleNavigate],
        'aria-label': 'Navigate to selected form'
      }

      at log (src/components/ui/Button.tsx:28:13)

    console.log
      [Button] Rendering with type: button

      at log (src/components/ui/Button.tsx:25:13)

    console.log
      [Button] Props received: {
        variant: 'primary',
        size: 'lg',
        type: 'button',
        loading: false,
        disabled: false
      }

      at log (src/components/ui/Button.tsx:26:13)

    console.log
      [Button] Has onClick in props: true

      at log (src/components/ui/Button.tsx:27:13)

    console.log
      [Button] All props: {
        onClick: [Function: handleNavigate],
        'aria-label': 'Navigate to selected form'
      }

      at log (src/components/ui/Button.tsx:28:13)

    console.log
      [Button] Rendering with type: button

      at log (src/components/ui/Button.tsx:25:13)

    console.log
      [Button] Props received: {
        variant: 'primary',
        size: 'lg',
        type: 'button',
        loading: false,
        disabled: true
      }

      at log (src/components/ui/Button.tsx:26:13)

    console.log
      [Button] Has onClick in props: true

      at log (src/components/ui/Button.tsx:27:13)

    console.log
      [Button] All props: {
        onClick: [Function: handleNavigate],
        'aria-label': 'Navigate to selected form'
      }

      at log (src/components/ui/Button.tsx:28:13)

    console.log
      [Button] Rendering with type: button

      at log (src/components/ui/Button.tsx:25:13)

    console.log
      [Button] Props received: {
        variant: 'primary',
        size: 'lg',
        type: 'button',
        loading: false,
        disabled: false
      }

      at log (src/components/ui/Button.tsx:26:13)

    console.log
      [Button] Has onClick in props: true

      at log (src/components/ui/Button.tsx:27:13)

    console.log
      [Button] All props: {
        onClick: [Function: handleNavigate],
        'aria-label': 'Navigate to selected form'
      }

      at log (src/components/ui/Button.tsx:28:13)

    console.log
      [Button] Rendering with type: button

      at log (src/components/ui/Button.tsx:25:13)

    console.log
      [Button] Props received: {
        variant: 'primary',
        size: 'lg',
        type: 'button',
        loading: false,
        disabled: true
      }

      at log (src/components/ui/Button.tsx:26:13)

    console.log
      [Button] Has onClick in props: true

      at log (src/components/ui/Button.tsx:27:13)

    console.log
      [Button] All props: {
        onClick: [Function: handleNavigate],
        'aria-label': 'Navigate to selected form'
      }

      at log (src/components/ui/Button.tsx:28:13)

    console.log
      [Button] Rendering with type: button

      at log (src/components/ui/Button.tsx:25:13)

    console.log
      [Button] Props received: {
        variant: 'primary',
        size: 'lg',
        type: 'button',
        loading: false,
        disabled: false
      }

      at log (src/components/ui/Button.tsx:26:13)

    console.log
      [Button] Has onClick in props: true

      at log (src/components/ui/Button.tsx:27:13)

    console.log
      [Button] All props: {
        onClick: [Function: handleNavigate],
        'aria-label': 'Navigate to selected form'
      }

      at log (src/components/ui/Button.tsx:28:13)

    console.log
      [Button] Rendering with type: button

      at log (src/components/ui/Button.tsx:25:13)

    console.log
      [Button] Props received: {
        variant: 'primary',
        size: 'lg',
        type: 'button',
        loading: false,
        disabled: true
      }

      at log (src/components/ui/Button.tsx:26:13)

    console.log
      [Button] Has onClick in props: true

      at log (src/components/ui/Button.tsx:27:13)

    console.log
      [Button] All props: {
        onClick: [Function: handleNavigate],
        'aria-label': 'Navigate to selected form'
      }

      at log (src/components/ui/Button.tsx:28:13)

    console.log
      [Button] Rendering with type: button

      at log (src/components/ui/Button.tsx:25:13)

    console.log
      [Button] Props received: {
        variant: 'primary',
        size: 'lg',
        type: 'button',
        loading: false,
        disabled: false
      }

      at log (src/components/ui/Button.tsx:26:13)

    console.log
      [Button] Has onClick in props: true

      at log (src/components/ui/Button.tsx:27:13)

    console.log
      [Button] All props: {
        onClick: [Function: handleNavigate],
        'aria-label': 'Navigate to selected form'
      }

      at log (src/components/ui/Button.tsx:28:13)

    console.log
      [Button] Rendering with type: button

      at log (src/components/ui/Button.tsx:25:13)

    console.log
      [Button] Props received: {
        variant: 'primary',
        size: 'lg',
        type: 'button',
        loading: false,
        disabled: true
      }

      at log (src/components/ui/Button.tsx:26:13)

    console.log
      [Button] Has onClick in props: true

      at log (src/components/ui/Button.tsx:27:13)

    console.log
      [Button] All props: {
        onClick: [Function: handleNavigate],
        'aria-label': 'Navigate to selected form'
      }

      at log (src/components/ui/Button.tsx:28:13)

    console.log
      [Button] Rendering with type: button

      at log (src/components/ui/Button.tsx:25:13)

    console.log
      [Button] Props received: {
        variant: 'primary',
        size: 'lg',
        type: 'button',
        loading: false,
        disabled: false
      }

      at log (src/components/ui/Button.tsx:26:13)

    console.log
      [Button] Has onClick in props: true

      at log (src/components/ui/Button.tsx:27:13)

    console.log
      [Button] All props: {
        onClick: [Function: handleNavigate],
        'aria-label': 'Navigate to selected form'
      }

      at log (src/components/ui/Button.tsx:28:13)

    console.log
      [Button] Rendering with type: button

      at log (src/components/ui/Button.tsx:25:13)

    console.log
      [Button] Props received: {
        variant: 'primary',
        size: 'lg',
        type: 'button',
        loading: false,
        disabled: true
      }

      at log (src/components/ui/Button.tsx:26:13)

    console.log
      [Button] Has onClick in props: true

      at log (src/components/ui/Button.tsx:27:13)

    console.log
      [Button] All props: {
        onClick: [Function: handleNavigate],
        'aria-label': 'Navigate to selected form'
      }

      at log (src/components/ui/Button.tsx:28:13)

    console.log
      [Button] Rendering with type: button

      at log (src/components/ui/Button.tsx:25:13)

    console.log
      [Button] Props received: {
        variant: 'primary',
        size: 'lg',
        type: 'button',
        loading: false,
        disabled: false
      }

      at log (src/components/ui/Button.tsx:26:13)

    console.log
      [Button] Has onClick in props: true

      at log (src/components/ui/Button.tsx:27:13)

    console.log
      [Button] All props: {
        onClick: [Function: handleNavigate],
        'aria-label': 'Navigate to selected form'
      }

      at log (src/components/ui/Button.tsx:28:13)

    console.log
      [Button] Rendering with type: button

      at log (src/components/ui/Button.tsx:25:13)

    console.log
      [Button] Props received: {
        variant: 'primary',
        size: 'lg',
        type: 'button',
        loading: false,
        disabled: true
      }

      at log (src/components/ui/Button.tsx:26:13)

    console.log
      [Button] Has onClick in props: true

      at log (src/components/ui/Button.tsx:27:13)

    console.log
      [Button] All props: {
        onClick: [Function: handleNavigate],
        'aria-label': 'Navigate to selected form'
      }

      at log (src/components/ui/Button.tsx:28:13)

    console.log
      [Button] Rendering with type: button

      at log (src/components/ui/Button.tsx:25:13)

    console.log
      [Button] Props received: {
        variant: 'primary',
        size: 'lg',
        type: 'button',
        loading: false,
        disabled: false
      }

      at log (src/components/ui/Button.tsx:26:13)

    console.log
      [Button] Has onClick in props: true

      at log (src/components/ui/Button.tsx:27:13)

    console.log
      [Button] All props: {
        onClick: [Function: handleNavigate],
        'aria-label': 'Navigate to selected form'
      }

      at log (src/components/ui/Button.tsx:28:13)

    console.log
      [Button] Rendering with type: button

      at log (src/components/ui/Button.tsx:25:13)

    console.log
      [Button] Props received: {
        variant: 'primary',
        size: 'lg',
        type: 'button',
        loading: false,
        disabled: true
      }

      at log (src/components/ui/Button.tsx:26:13)

    console.log
      [Button] Has onClick in props: true

      at log (src/components/ui/Button.tsx:27:13)

    console.log
      [Button] All props: {
        onClick: [Function: handleNavigate],
        'aria-label': 'Navigate to selected form'
      }

      at log (src/components/ui/Button.tsx:28:13)

    console.log
      [Button] Rendering with type: button

      at log (src/components/ui/Button.tsx:25:13)

    console.log
      [Button] Props received: {
        variant: 'primary',
        size: 'lg',
        type: 'button',
        loading: false,
        disabled: false
      }

      at log (src/components/ui/Button.tsx:26:13)

    console.log
      [Button] Has onClick in props: true

      at log (src/components/ui/Button.tsx:27:13)

    console.log
      [Button] All props: {
        onClick: [Function: handleNavigate],
        'aria-label': 'Navigate to selected form'
      }

      at log (src/components/ui/Button.tsx:28:13)

    console.log
      [Button] Rendering with type: button

      at log (src/components/ui/Button.tsx:25:13)

    console.log
      [Button] Props received: {
        variant: 'primary',
        size: 'lg',
        type: 'button',
        loading: false,
        disabled: true
      }

      at log (src/components/ui/Button.tsx:26:13)

    console.log
      [Button] Has onClick in props: true

      at log (src/components/ui/Button.tsx:27:13)

    console.log
      [Button] All props: {
        onClick: [Function: handleNavigate],
        'aria-label': 'Navigate to selected form'
      }

      at log (src/components/ui/Button.tsx:28:13)

    console.log
      [Button] Rendering with type: button

      at log (src/components/ui/Button.tsx:25:13)

    console.log
      [Button] Props received: {
        variant: 'primary',
        size: 'lg',
        type: 'button',
        loading: false,
        disabled: false
      }

      at log (src/components/ui/Button.tsx:26:13)

    console.log
      [Button] Has onClick in props: true

      at log (src/components/ui/Button.tsx:27:13)

    console.log
      [Button] All props: {
        onClick: [Function: handleNavigate],
        'aria-label': 'Navigate to selected form'
      }

      at log (src/components/ui/Button.tsx:28:13)

    console.log
      [Button] Rendering with type: button

      at log (src/components/ui/Button.tsx:25:13)

    console.log
      [Button] Props received: {
        variant: 'primary',
        size: 'lg',
        type: 'button',
        loading: false,
        disabled: true
      }

      at log (src/components/ui/Button.tsx:26:13)

    console.log
      [Button] Has onClick in props: true

      at log (src/components/ui/Button.tsx:27:13)

    console.log
      [Button] All props: {
        onClick: [Function: handleNavigate],
        'aria-label': 'Navigate to selected form'
      }

      at log (src/components/ui/Button.tsx:28:13)

    console.log
      [Button] Rendering with type: button

      at log (src/components/ui/Button.tsx:25:13)

    console.log
      [Button] Props received: {
        variant: 'primary',
        size: 'lg',
        type: 'button',
        loading: false,
        disabled: false
      }

      at log (src/components/ui/Button.tsx:26:13)

    console.log
      [Button] Has onClick in props: true

      at log (src/components/ui/Button.tsx:27:13)

    console.log
      [Button] All props: {
        onClick: [Function: handleNavigate],
        'aria-label': 'Navigate to selected form'
      }

      at log (src/components/ui/Button.tsx:28:13)

    console.log
      [Button] Rendering with type: button

      at log (src/components/ui/Button.tsx:25:13)

    console.log
      [Button] Props received: {
        variant: 'primary',
        size: 'lg',
        type: 'button',
        loading: false,
        disabled: true
      }

      at log (src/components/ui/Button.tsx:26:13)

    console.log
      [Button] Has onClick in props: true

      at log (src/components/ui/Button.tsx:27:13)

    console.log
      [Button] All props: {
        onClick: [Function: handleNavigate],
        'aria-label': 'Navigate to selected form'
      }

      at log (src/components/ui/Button.tsx:28:13)

    console.log
      [Button] Rendering with type: button

      at log (src/components/ui/Button.tsx:25:13)

    console.log
      [Button] Props received: {
        variant: 'primary',
        size: 'lg',
        type: 'button',
        loading: false,
        disabled: false
      }

      at log (src/components/ui/Button.tsx:26:13)

    console.log
      [Button] Has onClick in props: true

      at log (src/components/ui/Button.tsx:27:13)

    console.log
      [Button] All props: {
        onClick: [Function: handleNavigate],
        'aria-label': 'Navigate to selected form'
      }

      at log (src/components/ui/Button.tsx:28:13)

    console.log
      [Button] Rendering with type: button

      at log (src/components/ui/Button.tsx:25:13)

    console.log
      [Button] Props received: {
        variant: 'primary',
        size: 'lg',
        type: 'button',
        loading: false,
        disabled: true
      }

      at log (src/components/ui/Button.tsx:26:13)

    console.log
      [Button] Has onClick in props: true

      at log (src/components/ui/Button.tsx:27:13)

    console.log
      [Button] All props: {
        onClick: [Function: handleNavigate],
        'aria-label': 'Navigate to selected form'
      }

      at log (src/components/ui/Button.tsx:28:13)

    console.log
      [Button] Rendering with type: button

      at log (src/components/ui/Button.tsx:25:13)

    console.log
      [Button] Props received: {
        variant: 'primary',
        size: 'lg',
        type: 'button',
        loading: false,
        disabled: false
      }

      at log (src/components/ui/Button.tsx:26:13)

    console.log
      [Button] Has onClick in props: true

      at log (src/components/ui/Button.tsx:27:13)

    console.log
      [Button] All props: {
        onClick: [Function: handleNavigate],
        'aria-label': 'Navigate to selected form'
      }

      at log (src/components/ui/Button.tsx:28:13)

    console.log
      [Button] Rendering with type: button

      at log (src/components/ui/Button.tsx:25:13)

    console.log
      [Button] Props received: {
        variant: 'primary',
        size: 'lg',
        type: 'button',
        loading: false,
        disabled: true
      }

      at log (src/components/ui/Button.tsx:26:13)

    console.log
      [Button] Has onClick in props: true

      at log (src/components/ui/Button.tsx:27:13)

    console.log
      [Button] All props: {
        onClick: [Function: handleNavigate],
        'aria-label': 'Navigate to selected form'
      }

      at log (src/components/ui/Button.tsx:28:13)

    console.log
      [Button] Rendering with type: button

      at log (src/components/ui/Button.tsx:25:13)

    console.log
      [Button] Props received: {
        variant: 'primary',
        size: 'lg',
        type: 'button',
        loading: false,
        disabled: false
      }

      at log (src/components/ui/Button.tsx:26:13)

    console.log
      [Button] Has onClick in props: true

      at log (src/components/ui/Button.tsx:27:13)

    console.log
      [Button] All props: {
        onClick: [Function: handleNavigate],
        'aria-label': 'Navigate to selected form'
      }

      at log (src/components/ui/Button.tsx:28:13)

    console.log
      [Button] Rendering with type: button

      at log (src/components/ui/Button.tsx:25:13)

    console.log
      [Button] Props received: {
        variant: 'primary',
        size: 'lg',
        type: 'button',
        loading: false,
        disabled: true
      }

      at log (src/components/ui/Button.tsx:26:13)

    console.log
      [Button] Has onClick in props: true

      at log (src/components/ui/Button.tsx:27:13)

    console.log
      [Button] All props: {
        onClick: [Function: handleNavigate],
        'aria-label': 'Navigate to selected form'
      }

      at log (src/components/ui/Button.tsx:28:13)

    console.log
      [Button] Rendering with type: button

      at log (src/components/ui/Button.tsx:25:13)

    console.log
      [Button] Props received: {
        variant: 'primary',
        size: 'lg',
        type: 'button',
        loading: false,
        disabled: false
      }

      at log (src/components/ui/Button.tsx:26:13)

    console.log
      [Button] Has onClick in props: true

      at log (src/components/ui/Button.tsx:27:13)

    console.log
      [Button] All props: {
        onClick: [Function: handleNavigate],
        'aria-label': 'Navigate to selected form'
      }

      at log (src/components/ui/Button.tsx:28:13)

    console.log
      [Button] Rendering with type: button

      at log (src/components/ui/Button.tsx:25:13)

    console.log
      [Button] Props received: {
        variant: 'primary',
        size: 'lg',
        type: 'button',
        loading: false,
        disabled: true
      }

      at log (src/components/ui/Button.tsx:26:13)

    console.log
      [Button] Has onClick in props: true

      at log (src/components/ui/Button.tsx:27:13)

    console.log
      [Button] All props: {
        onClick: [Function: handleNavigate],
        'aria-label': 'Navigate to selected form'
      }

      at log (src/components/ui/Button.tsx:28:13)

    console.log
      [Button] Rendering with type: button

      at log (src/components/ui/Button.tsx:25:13)

    console.log
      [Button] Props received: {
        variant: 'primary',
        size: 'lg',
        type: 'button',
        loading: false,
        disabled: false
      }

      at log (src/components/ui/Button.tsx:26:13)

    console.log
      [Button] Has onClick in props: true

      at log (src/components/ui/Button.tsx:27:13)

    console.log
      [Button] All props: {
        onClick: [Function: handleNavigate],
        'aria-label': 'Navigate to selected form'
      }

      at log (src/components/ui/Button.tsx:28:13)

    console.log
      [Button] Rendering with type: button

      at log (src/components/ui/Button.tsx:25:13)

    console.log
      [Button] Props received: {
        variant: 'primary',
        size: 'lg',
        type: 'button',
        loading: false,
        disabled: true
      }

      at log (src/components/ui/Button.tsx:26:13)

    console.log
      [Button] Has onClick in props: true

      at log (src/components/ui/Button.tsx:27:13)

    console.log
      [Button] All props: {
        onClick: [Function: handleNavigate],
        'aria-label': 'Navigate to selected form'
      }

      at log (src/components/ui/Button.tsx:28:13)

    console.log
      [Button] Rendering with type: button

      at log (src/components/ui/Button.tsx:25:13)

    console.log
      [Button] Props received: {
        variant: 'primary',
        size: 'lg',
        type: 'button',
        loading: false,
        disabled: false
      }

      at log (src/components/ui/Button.tsx:26:13)

    console.log
      [Button] Has onClick in props: true

      at log (src/components/ui/Button.tsx:27:13)

    console.log
      [Button] All props: {
        onClick: [Function: handleNavigate],
        'aria-label': 'Navigate to selected form'
      }

      at log (src/components/ui/Button.tsx:28:13)

    console.log
      [Button] Rendering with type: button

      at log (src/components/ui/Button.tsx:25:13)

    console.log
      [Button] Props received: {
        variant: 'primary',
        size: 'lg',
        type: 'button',
        loading: false,
        disabled: true
      }

      at log (src/components/ui/Button.tsx:26:13)

    console.log
      [Button] Has onClick in props: true

      at log (src/components/ui/Button.tsx:27:13)

    console.log
      [Button] All props: {
        onClick: [Function: handleNavigate],
        'aria-label': 'Navigate to selected form'
      }

      at log (src/components/ui/Button.tsx:28:13)

    console.log
      [Button] Rendering with type: button

      at log (src/components/ui/Button.tsx:25:13)

    console.log
      [Button] Props received: {
        variant: 'primary',
        size: 'lg',
        type: 'button',
        loading: false,
        disabled: false
      }

      at log (src/components/ui/Button.tsx:26:13)

    console.log
      [Button] Has onClick in props: true

      at log (src/components/ui/Button.tsx:27:13)

    console.log
      [Button] All props: {
        onClick: [Function: handleNavigate],
        'aria-label': 'Navigate to selected form'
      }

      at log (src/components/ui/Button.tsx:28:13)

    console.log
      [Button] Rendering with type: button

      at log (src/components/ui/Button.tsx:25:13)

    console.log
      [Button] Props received: {
        variant: 'primary',
        size: 'lg',
        type: 'button',
        loading: false,
        disabled: true
      }

      at log (src/components/ui/Button.tsx:26:13)

    console.log
      [Button] Has onClick in props: true

      at log (src/components/ui/Button.tsx:27:13)

    console.log
      [Button] All props: {
        onClick: [Function: handleNavigate],
        'aria-label': 'Navigate to selected form'
      }

      at log (src/components/ui/Button.tsx:28:13)

    console.log
      [Button] Rendering with type: button

      at log (src/components/ui/Button.tsx:25:13)

    console.log
      [Button] Props received: {
        variant: 'primary',
        size: 'lg',
        type: 'button',
        loading: false,
        disabled: false
      }

      at log (src/components/ui/Button.tsx:26:13)

    console.log
      [Button] Has onClick in props: true

      at log (src/components/ui/Button.tsx:27:13)

    console.log
      [Button] All props: {
        onClick: [Function: handleNavigate],
        'aria-label': 'Navigate to selected form'
      }

      at log (src/components/ui/Button.tsx:28:13)

    console.log
      [Button] Rendering with type: button

      at log (src/components/ui/Button.tsx:25:13)

    console.log
      [Button] Props received: {
        variant: 'primary',
        size: 'lg',
        type: 'button',
        loading: false,
        disabled: true
      }

      at log (src/components/ui/Button.tsx:26:13)

    console.log
      [Button] Has onClick in props: true

      at log (src/components/ui/Button.tsx:27:13)

    console.log
      [Button] All props: {
        onClick: [Function: handleNavigate],
        'aria-label': 'Navigate to selected form'
      }

      at log (src/components/ui/Button.tsx:28:13)

    console.log
      [Button] Rendering with type: button

      at log (src/components/ui/Button.tsx:25:13)

    console.log
      [Button] Props received: {
        variant: 'primary',
        size: 'lg',
        type: 'button',
        loading: false,
        disabled: false
      }

      at log (src/components/ui/Button.tsx:26:13)

    console.log
      [Button] Has onClick in props: true

      at log (src/components/ui/Button.tsx:27:13)

    console.log
      [Button] All props: {
        onClick: [Function: handleNavigate],
        'aria-label': 'Navigate to selected form'
      }

      at log (src/components/ui/Button.tsx:28:13)

    console.log
      [Button] Rendering with type: button

      at log (src/components/ui/Button.tsx:25:13)

    console.log
      [Button] Props received: {
        variant: 'primary',
        size: 'lg',
        type: 'button',
        loading: false,
        disabled: true
      }

      at log (src/components/ui/Button.tsx:26:13)

    console.log
      [Button] Has onClick in props: true

      at log (src/components/ui/Button.tsx:27:13)

    console.log
      [Button] All props: {
        onClick: [Function: handleNavigate],
        'aria-label': 'Navigate to selected form'
      }

      at log (src/components/ui/Button.tsx:28:13)

    console.log
      [Button] Rendering with type: button

      at log (src/components/ui/Button.tsx:25:13)

    console.log
      [Button] Props received: {
        variant: 'primary',
        size: 'lg',
        type: 'button',
        loading: false,
        disabled: false
      }

      at log (src/components/ui/Button.tsx:26:13)

    console.log
      [Button] Has onClick in props: true

      at log (src/components/ui/Button.tsx:27:13)

    console.log
      [Button] All props: {
        onClick: [Function: handleNavigate],
        'aria-label': 'Navigate to selected form'
      }

      at log (src/components/ui/Button.tsx:28:13)

    console.log
      [Button] Rendering with type: button

      at log (src/components/ui/Button.tsx:25:13)

    console.log
      [Button] Props received: {
        variant: 'primary',
        size: 'lg',
        type: 'button',
        loading: false,
        disabled: true
      }

      at log (src/components/ui/Button.tsx:26:13)

    console.log
      [Button] Has onClick in props: true

      at log (src/components/ui/Button.tsx:27:13)

    console.log
      [Button] All props: {
        onClick: [Function: handleNavigate],
        'aria-label': 'Navigate to selected form'
      }

      at log (src/components/ui/Button.tsx:28:13)

    console.log
      [Button] Rendering with type: button

      at log (src/components/ui/Button.tsx:25:13)

    console.log
      [Button] Props received: {
        variant: 'primary',
        size: 'lg',
        type: 'button',
        loading: false,
        disabled: false
      }

      at log (src/components/ui/Button.tsx:26:13)

    console.log
      [Button] Has onClick in props: true

      at log (src/components/ui/Button.tsx:27:13)

    console.log
      [Button] All props: {
        onClick: [Function: handleNavigate],
        'aria-label': 'Navigate to selected form'
      }

      at log (src/components/ui/Button.tsx:28:13)

    console.log
      [Button] Rendering with type: button

      at log (src/components/ui/Button.tsx:25:13)

    console.log
      [Button] Props received: {
        variant: 'primary',
        size: 'lg',
        type: 'button',
        loading: false,
        disabled: true
      }

      at log (src/components/ui/Button.tsx:26:13)

    console.log
      [Button] Has onClick in props: true

      at log (src/components/ui/Button.tsx:27:13)

    console.log
      [Button] All props: {
        onClick: [Function: handleNavigate],
        'aria-label': 'Navigate to selected form'
      }

      at log (src/components/ui/Button.tsx:28:13)

    console.log
      [Button] Rendering with type: button

      at log (src/components/ui/Button.tsx:25:13)

    console.log
      [Button] Props received: {
        variant: 'primary',
        size: 'lg',
        type: 'button',
        loading: false,
        disabled: false
      }

      at log (src/components/ui/Button.tsx:26:13)

    console.log
      [Button] Has onClick in props: true

      at log (src/components/ui/Button.tsx:27:13)

    console.log
      [Button] All props: {
        onClick: [Function: handleNavigate],
        'aria-label': 'Navigate to selected form'
      }

      at log (src/components/ui/Button.tsx:28:13)

    console.log
      [Button] Rendering with type: button

      at log (src/components/ui/Button.tsx:25:13)

    console.log
      [Button] Props received: {
        variant: 'primary',
        size: 'lg',
        type: 'button',
        loading: false,
        disabled: true
      }

      at log (src/components/ui/Button.tsx:26:13)

    console.log
      [Button] Has onClick in props: true

      at log (src/components/ui/Button.tsx:27:13)

    console.log
      [Button] All props: {
        onClick: [Function: handleNavigate],
        'aria-label': 'Navigate to selected form'
      }

      at log (src/components/ui/Button.tsx:28:13)

    console.log
      [Button] Rendering with type: button

      at log (src/components/ui/Button.tsx:25:13)

    console.log
      [Button] Props received: {
        variant: 'primary',
        size: 'lg',
        type: 'button',
        loading: false,
        disabled: false
      }

      at log (src/components/ui/Button.tsx:26:13)

    console.log
      [Button] Has onClick in props: true

      at log (src/components/ui/Button.tsx:27:13)

    console.log
      [Button] All props: {
        onClick: [Function: handleNavigate],
        'aria-label': 'Navigate to selected form'
      }

      at log (src/components/ui/Button.tsx:28:13)

    console.log
      [Button] Rendering with type: button

      at log (src/components/ui/Button.tsx:25:13)

    console.log
      [Button] Props received: {
        variant: 'primary',
        size: 'lg',
        type: 'button',
        loading: false,
        disabled: true
      }

      at log (src/components/ui/Button.tsx:26:13)

    console.log
      [Button] Has onClick in props: true

      at log (src/components/ui/Button.tsx:27:13)

    console.log
      [Button] All props: {
        onClick: [Function: handleNavigate],
        'aria-label': 'Navigate to selected form'
      }

      at log (src/components/ui/Button.tsx:28:13)

    console.log
      [Button] Rendering with type: button

      at log (src/components/ui/Button.tsx:25:13)

    console.log
      [Button] Props received: {
        variant: 'primary',
        size: 'lg',
        type: 'button',
        loading: false,
        disabled: false
      }

      at log (src/components/ui/Button.tsx:26:13)

    console.log
      [Button] Has onClick in props: true

      at log (src/components/ui/Button.tsx:27:13)

    console.log
      [Button] All props: {
        onClick: [Function: handleNavigate],
        'aria-label': 'Navigate to selected form'
      }

      at log (src/components/ui/Button.tsx:28:13)

    console.log
      [Button] Rendering with type: button

      at log (src/components/ui/Button.tsx:25:13)

    console.log
      [Button] Props received: {
        variant: 'primary',
        size: 'lg',
        type: 'button',
        loading: false,
        disabled: true
      }

      at log (src/components/ui/Button.tsx:26:13)

    console.log
      [Button] Has onClick in props: true

      at log (src/components/ui/Button.tsx:27:13)

    console.log
      [Button] All props: {
        onClick: [Function: handleNavigate],
        'aria-label': 'Navigate to selected form'
      }

      at log (src/components/ui/Button.tsx:28:13)

    console.log
      [Button] Rendering with type: button

      at log (src/components/ui/Button.tsx:25:13)

    console.log
      [Button] Props received: {
        variant: 'primary',
        size: 'lg',
        type: 'button',
        loading: false,
        disabled: false
      }

      at log (src/components/ui/Button.tsx:26:13)

    console.log
      [Button] Has onClick in props: true

      at log (src/components/ui/Button.tsx:27:13)

    console.log
      [Button] All props: {
        onClick: [Function: handleNavigate],
        'aria-label': 'Navigate to selected form'
      }

      at log (src/components/ui/Button.tsx:28:13)

    console.log
      [Button] Rendering with type: button

      at log (src/components/ui/Button.tsx:25:13)

    console.log
      [Button] Props received: {
        variant: 'primary',
        size: 'lg',
        type: 'button',
        loading: false,
        disabled: true
      }

      at log (src/components/ui/Button.tsx:26:13)

    console.log
      [Button] Has onClick in props: true

      at log (src/components/ui/Button.tsx:27:13)

    console.log
      [Button] All props: {
        onClick: [Function: handleNavigate],
        'aria-label': 'Navigate to selected form'
      }

      at log (src/components/ui/Button.tsx:28:13)

    console.log
      [Button] Rendering with type: button

      at log (src/components/ui/Button.tsx:25:13)

    console.log
      [Button] Props received: {
        variant: 'primary',
        size: 'lg',
        type: 'button',
        loading: false,
        disabled: false
      }

      at log (src/components/ui/Button.tsx:26:13)

    console.log
      [Button] Has onClick in props: true

      at log (src/components/ui/Button.tsx:27:13)

    console.log
      [Button] All props: {
        onClick: [Function: handleNavigate],
        'aria-label': 'Navigate to selected form'
      }

      at log (src/components/ui/Button.tsx:28:13)

    console.log
      [Button] Rendering with type: button

      at log (src/components/ui/Button.tsx:25:13)

    console.log
      [Button] Props received: {
        variant: 'primary',
        size: 'lg',
        type: 'button',
        loading: false,
        disabled: true
      }

      at log (src/components/ui/Button.tsx:26:13)

    console.log
      [Button] Has onClick in props: true

      at log (src/components/ui/Button.tsx:27:13)

    console.log
      [Button] All props: {
        onClick: [Function: handleNavigate],
        'aria-label': 'Navigate to selected form'
      }

      at log (src/components/ui/Button.tsx:28:13)

    console.log
      [Button] Rendering with type: button

      at log (src/components/ui/Button.tsx:25:13)

    console.log
      [Button] Props received: {
        variant: 'primary',
        size: 'lg',
        type: 'button',
        loading: false,
        disabled: false
      }

      at log (src/components/ui/Button.tsx:26:13)

    console.log
      [Button] Has onClick in props: true

      at log (src/components/ui/Button.tsx:27:13)

    console.log
      [Button] All props: {
        onClick: [Function: handleNavigate],
        'aria-label': 'Navigate to selected form'
      }

      at log (src/components/ui/Button.tsx:28:13)

    console.log
      [Button] Rendering with type: button

      at log (src/components/ui/Button.tsx:25:13)

    console.log
      [Button] Props received: {
        variant: 'primary',
        size: 'lg',
        type: 'button',
        loading: false,
        disabled: true
      }

      at log (src/components/ui/Button.tsx:26:13)

    console.log
      [Button] Has onClick in props: true

      at log (src/components/ui/Button.tsx:27:13)

    console.log
      [Button] All props: {
        onClick: [Function: handleNavigate],
        'aria-label': 'Navigate to selected form'
      }

      at log (src/components/ui/Button.tsx:28:13)

    console.log
      [Button] Rendering with type: button

      at log (src/components/ui/Button.tsx:25:13)

    console.log
      [Button] Props received: {
        variant: 'primary',
        size: 'lg',
        type: 'button',
        loading: false,
        disabled: false
      }

      at log (src/components/ui/Button.tsx:26:13)

    console.log
      [Button] Has onClick in props: true

      at log (src/components/ui/Button.tsx:27:13)

    console.log
      [Button] All props: {
        onClick: [Function: handleNavigate],
        'aria-label': 'Navigate to selected form'
      }

      at log (src/components/ui/Button.tsx:28:13)

    console.log
      [Button] Rendering with type: button

      at log (src/components/ui/Button.tsx:25:13)

    console.log
      [Button] Props received: {
        variant: 'primary',
        size: 'lg',
        type: 'button',
        loading: false,
        disabled: true
      }

      at log (src/components/ui/Button.tsx:26:13)

    console.log
      [Button] Has onClick in props: true

      at log (src/components/ui/Button.tsx:27:13)

    console.log
      [Button] All props: {
        onClick: [Function: handleNavigate],
        'aria-label': 'Navigate to selected form'
      }

      at log (src/components/ui/Button.tsx:28:13)

    console.log
      [Button] Rendering with type: button

      at log (src/components/ui/Button.tsx:25:13)

    console.log
      [Button] Props received: {
        variant: 'primary',
        size: 'lg',
        type: 'button',
        loading: false,
        disabled: false
      }

      at log (src/components/ui/Button.tsx:26:13)

    console.log
      [Button] Has onClick in props: true

      at log (src/components/ui/Button.tsx:27:13)

    console.log
      [Button] All props: {
        onClick: [Function: handleNavigate],
        'aria-label': 'Navigate to selected form'
      }

      at log (src/components/ui/Button.tsx:28:13)

    console.log
      [Button] Rendering with type: button

      at log (src/components/ui/Button.tsx:25:13)

    console.log
      [Button] Props received: {
        variant: 'primary',
        size: 'lg',
        type: 'button',
        loading: false,
        disabled: true
      }

      at log (src/components/ui/Button.tsx:26:13)

    console.log
      [Button] Has onClick in props: true

      at log (src/components/ui/Button.tsx:27:13)

    console.log
      [Button] All props: {
        onClick: [Function: handleNavigate],
        'aria-label': 'Navigate to selected form'
      }

      at log (src/components/ui/Button.tsx:28:13)

    console.log
      [Button] Rendering with type: button

      at log (src/components/ui/Button.tsx:25:13)

    console.log
      [Button] Props received: {
        variant: 'primary',
        size: 'lg',
        type: 'button',
        loading: false,
        disabled: false
      }

      at log (src/components/ui/Button.tsx:26:13)

    console.log
      [Button] Has onClick in props: true

      at log (src/components/ui/Button.tsx:27:13)

    console.log
      [Button] All props: {
        onClick: [Function: handleNavigate],
        'aria-label': 'Navigate to selected form'
      }

      at log (src/components/ui/Button.tsx:28:13)

    console.log
      [Button] Rendering with type: button

      at log (src/components/ui/Button.tsx:25:13)

    console.log
      [Button] Props received: {
        variant: 'primary',
        size: 'lg',
        type: 'button',
        loading: false,
        disabled: true
      }

      at log (src/components/ui/Button.tsx:26:13)

    console.log
      [Button] Has onClick in props: true

      at log (src/components/ui/Button.tsx:27:13)

    console.log
      [Button] All props: {
        onClick: [Function: handleNavigate],
        'aria-label': 'Navigate to selected form'
      }

      at log (src/components/ui/Button.tsx:28:13)

    console.log
      [Button] Rendering with type: button

      at log (src/components/ui/Button.tsx:25:13)

    console.log
      [Button] Props received: {
        variant: 'primary',
        size: 'lg',
        type: 'button',
        loading: false,
        disabled: false
      }

      at log (src/components/ui/Button.tsx:26:13)

    console.log
      [Button] Has onClick in props: true

      at log (src/components/ui/Button.tsx:27:13)

    console.log
      [Button] All props: {
        onClick: [Function: handleNavigate],
        'aria-label': 'Navigate to selected form'
      }

      at log (src/components/ui/Button.tsx:28:13)

    console.log
      [Button] Rendering with type: button

      at log (src/components/ui/Button.tsx:25:13)

    console.log
      [Button] Props received: {
        variant: 'primary',
        size: 'lg',
        type: 'button',
        loading: false,
        disabled: true
      }

      at log (src/components/ui/Button.tsx:26:13)

    console.log
      [Button] Has onClick in props: true

      at log (src/components/ui/Button.tsx:27:13)

    console.log
      [Button] All props: {
        onClick: [Function: handleNavigate],
        'aria-label': 'Navigate to selected form'
      }

      at log (src/components/ui/Button.tsx:28:13)

    console.log
      [Button] Rendering with type: button

      at log (src/components/ui/Button.tsx:25:13)

    console.log
      [Button] Props received: {
        variant: 'primary',
        size: 'lg',
        type: 'button',
        loading: false,
        disabled: false
      }

      at log (src/components/ui/Button.tsx:26:13)

    console.log
      [Button] Has onClick in props: true

      at log (src/components/ui/Button.tsx:27:13)

    console.log
      [Button] All props: {
        onClick: [Function: handleNavigate],
        'aria-label': 'Navigate to selected form'
      }

      at log (src/components/ui/Button.tsx:28:13)

    console.log
      [Button] Rendering with type: button

      at log (src/components/ui/Button.tsx:25:13)

    console.log
      [Button] Props received: {
        variant: 'primary',
        size: 'lg',
        type: 'button',
        loading: false,
        disabled: true
      }

      at log (src/components/ui/Button.tsx:26:13)

    console.log
      [Button] Has onClick in props: true

      at log (src/components/ui/Button.tsx:27:13)

    console.log
      [Button] All props: {
        onClick: [Function: handleNavigate],
        'aria-label': 'Navigate to selected form'
      }

      at log (src/components/ui/Button.tsx:28:13)

    console.log
      [Button] Rendering with type: button

      at log (src/components/ui/Button.tsx:25:13)

    console.log
      [Button] Props received: {
        variant: 'primary',
        size: 'lg',
        type: 'button',
        loading: false,
        disabled: false
      }

      at log (src/components/ui/Button.tsx:26:13)

    console.log
      [Button] Has onClick in props: true

      at log (src/components/ui/Button.tsx:27:13)

    console.log
      [Button] All props: {
        onClick: [Function: handleNavigate],
        'aria-label': 'Navigate to selected form'
      }

      at log (src/components/ui/Button.tsx:28:13)

    console.log
      [Button] Rendering with type: button

      at log (src/components/ui/Button.tsx:25:13)

    console.log
      [Button] Props received: {
        variant: 'primary',
        size: 'lg',
        type: 'button',
        loading: false,
        disabled: true
      }

      at log (src/components/ui/Button.tsx:26:13)

    console.log
      [Button] Has onClick in props: true

      at log (src/components/ui/Button.tsx:27:13)

    console.log
      [Button] All props: {
        onClick: [Function: handleNavigate],
        'aria-label': 'Navigate to selected form'
      }

      at log (src/components/ui/Button.tsx:28:13)

    console.log
      [Button] Rendering with type: button

      at log (src/components/ui/Button.tsx:25:13)

    console.log
      [Button] Props received: {
        variant: 'primary',
        size: 'lg',
        type: 'button',
        loading: false,
        disabled: false
      }

      at log (src/components/ui/Button.tsx:26:13)

    console.log
      [Button] Has onClick in props: true

      at log (src/components/ui/Button.tsx:27:13)

    console.log
      [Button] All props: {
        onClick: [Function: handleNavigate],
        'aria-label': 'Navigate to selected form'
      }

      at log (src/components/ui/Button.tsx:28:13)

    console.log
      [Button] Rendering with type: button

      at log (src/components/ui/Button.tsx:25:13)

    console.log
      [Button] Props received: {
        variant: 'primary',
        size: 'lg',
        type: 'button',
        loading: false,
        disabled: true
      }

      at log (src/components/ui/Button.tsx:26:13)

    console.log
      [Button] Has onClick in props: true

      at log (src/components/ui/Button.tsx:27:13)

    console.log
      [Button] All props: {
        onClick: [Function: handleNavigate],
        'aria-label': 'Navigate to selected form'
      }

      at log (src/components/ui/Button.tsx:28:13)

    console.log
      [Button] Rendering with type: button

      at log (src/components/ui/Button.tsx:25:13)

    console.log
      [Button] Props received: {
        variant: 'primary',
        size: 'lg',
        type: 'button',
        loading: false,
        disabled: false
      }

      at log (src/components/ui/Button.tsx:26:13)

    console.log
      [Button] Has onClick in props: true

      at log (src/components/ui/Button.tsx:27:13)

    console.log
      [Button] All props: {
        onClick: [Function: handleNavigate],
        'aria-label': 'Navigate to selected form'
      }

      at log (src/components/ui/Button.tsx:28:13)

    console.log
      [Button] Rendering with type: button

      at log (src/components/ui/Button.tsx:25:13)

    console.log
      [Button] Props received: {
        variant: 'primary',
        size: 'lg',
        type: 'button',
        loading: false,
        disabled: true
      }

      at log (src/components/ui/Button.tsx:26:13)

    console.log
      [Button] Has onClick in props: true

      at log (src/components/ui/Button.tsx:27:13)

    console.log
      [Button] All props: {
        onClick: [Function: handleNavigate],
        'aria-label': 'Navigate to selected form'
      }

      at log (src/components/ui/Button.tsx:28:13)

    console.log
      [Button] Rendering with type: button

      at log (src/components/ui/Button.tsx:25:13)

    console.log
      [Button] Props received: {
        variant: 'primary',
        size: 'lg',
        type: 'button',
        loading: false,
        disabled: false
      }

      at log (src/components/ui/Button.tsx:26:13)

    console.log
      [Button] Has onClick in props: true

      at log (src/components/ui/Button.tsx:27:13)

    console.log
      [Button] All props: {
        onClick: [Function: handleNavigate],
        'aria-label': 'Navigate to selected form'
      }

      at log (src/components/ui/Button.tsx:28:13)

    console.log
      [Button] Rendering with type: button

      at log (src/components/ui/Button.tsx:25:13)

    console.log
      [Button] Props received: {
        variant: 'primary',
        size: 'lg',
        type: 'button',
        loading: false,
        disabled: true
      }

      at log (src/components/ui/Button.tsx:26:13)

    console.log
      [Button] Has onClick in props: true

      at log (src/components/ui/Button.tsx:27:13)

    console.log
      [Button] All props: {
        onClick: [Function: handleNavigate],
        'aria-label': 'Navigate to selected form'
      }

      at log (src/components/ui/Button.tsx:28:13)

    console.log
      [Button] Rendering with type: button

      at log (src/components/ui/Button.tsx:25:13)

    console.log
      [Button] Props received: {
        variant: 'primary',
        size: 'lg',
        type: 'button',
        loading: false,
        disabled: false
      }

      at log (src/components/ui/Button.tsx:26:13)

    console.log
      [Button] Has onClick in props: true

      at log (src/components/ui/Button.tsx:27:13)

    console.log
      [Button] All props: {
        onClick: [Function: handleNavigate],
        'aria-label': 'Navigate to selected form'
      }

      at log (src/components/ui/Button.tsx:28:13)

    console.log
      [Button] Rendering with type: button

      at log (src/components/ui/Button.tsx:25:13)

    console.log
      [Button] Props received: {
        variant: 'primary',
        size: 'lg',
        type: 'button',
        loading: false,
        disabled: true
      }

      at log (src/components/ui/Button.tsx:26:13)

    console.log
      [Button] Has onClick in props: true

      at log (src/components/ui/Button.tsx:27:13)

    console.log
      [Button] All props: {
        onClick: [Function: handleNavigate],
        'aria-label': 'Navigate to selected form'
      }

      at log (src/components/ui/Button.tsx:28:13)

    console.log
      [Button] Rendering with type: button

      at log (src/components/ui/Button.tsx:25:13)

    console.log
      [Button] Props received: {
        variant: 'primary',
        size: 'lg',
        type: 'button',
        loading: false,
        disabled: false
      }

      at log (src/components/ui/Button.tsx:26:13)

    console.log
      [Button] Has onClick in props: true

      at log (src/components/ui/Button.tsx:27:13)

    console.log
      [Button] All props: {
        onClick: [Function: handleNavigate],
        'aria-label': 'Navigate to selected form'
      }

      at log (src/components/ui/Button.tsx:28:13)

    console.log
      [Button] Rendering with type: button

      at log (src/components/ui/Button.tsx:25:13)

    console.log
      [Button] Props received: {
        variant: 'primary',
        size: 'lg',
        type: 'button',
        loading: false,
        disabled: true
      }

      at log (src/components/ui/Button.tsx:26:13)

    console.log
      [Button] Has onClick in props: true

      at log (src/components/ui/Button.tsx:27:13)

    console.log
      [Button] All props: {
        onClick: [Function: handleNavigate],
        'aria-label': 'Navigate to selected form'
      }

      at log (src/components/ui/Button.tsx:28:13)

    console.log
      [Button] Rendering with type: button

      at log (src/components/ui/Button.tsx:25:13)

    console.log
      [Button] Props received: {
        variant: 'primary',
        size: 'lg',
        type: 'button',
        loading: false,
        disabled: false
      }

      at log (src/components/ui/Button.tsx:26:13)

    console.log
      [Button] Has onClick in props: true

      at log (src/components/ui/Button.tsx:27:13)

    console.log
      [Button] All props: {
        onClick: [Function: handleNavigate],
        'aria-label': 'Navigate to selected form'
      }

      at log (src/components/ui/Button.tsx:28:13)

    console.log
      [Button] Rendering with type: button

      at log (src/components/ui/Button.tsx:25:13)

    console.log
      [Button] Props received: {
        variant: 'primary',
        size: 'lg',
        type: 'button',
        loading: false,
        disabled: true
      }

      at log (src/components/ui/Button.tsx:26:13)

    console.log
      [Button] Has onClick in props: true

      at log (src/components/ui/Button.tsx:27:13)

    console.log
      [Button] All props: {
        onClick: [Function: handleNavigate],
        'aria-label': 'Navigate to selected form'
      }

      at log (src/components/ui/Button.tsx:28:13)

    console.log
      [Button] Rendering with type: button

      at log (src/components/ui/Button.tsx:25:13)

    console.log
      [Button] Props received: {
        variant: 'primary',
        size: 'lg',
        type: 'button',
        loading: false,
        disabled: false
      }

      at log (src/components/ui/Button.tsx:26:13)

    console.log
      [Button] Has onClick in props: true

      at log (src/components/ui/Button.tsx:27:13)

    console.log
      [Button] All props: {
        onClick: [Function: handleNavigate],
        'aria-label': 'Navigate to selected form'
      }

      at log (src/components/ui/Button.tsx:28:13)

    console.log
      [Button] Rendering with type: button

      at log (src/components/ui/Button.tsx:25:13)

    console.log
      [Button] Props received: {
        variant: 'primary',
        size: 'lg',
        type: 'button',
        loading: false,
        disabled: true
      }

      at log (src/components/ui/Button.tsx:26:13)

    console.log
      [Button] Has onClick in props: true

      at log (src/components/ui/Button.tsx:27:13)

    console.log
      [Button] All props: {
        onClick: [Function: handleNavigate],
        'aria-label': 'Navigate to selected form'
      }

      at log (src/components/ui/Button.tsx:28:13)

    console.log
      [Button] Rendering with type: button

      at log (src/components/ui/Button.tsx:25:13)

    console.log
      [Button] Props received: {
        variant: 'primary',
        size: 'lg',
        type: 'button',
        loading: false,
        disabled: false
      }

      at log (src/components/ui/Button.tsx:26:13)

    console.log
      [Button] Has onClick in props: true

      at log (src/components/ui/Button.tsx:27:13)

    console.log
      [Button] All props: {
        onClick: [Function: handleNavigate],
        'aria-label': 'Navigate to selected form'
      }

      at log (src/components/ui/Button.tsx:28:13)

    console.log
      [Button] Rendering with type: button

      at log (src/components/ui/Button.tsx:25:13)

    console.log
      [Button] Props received: {
        variant: 'primary',
        size: 'lg',
        type: 'button',
        loading: false,
        disabled: true
      }

      at log (src/components/ui/Button.tsx:26:13)

    console.log
      [Button] Has onClick in props: true

      at log (src/components/ui/Button.tsx:27:13)

    console.log
      [Button] All props: {
        onClick: [Function: handleNavigate],
        'aria-label': 'Navigate to selected form'
      }

      at log (src/components/ui/Button.tsx:28:13)

    console.log
      [Button] Rendering with type: button

      at log (src/components/ui/Button.tsx:25:13)

    console.log
      [Button] Props received: {
        variant: 'primary',
        size: 'lg',
        type: 'button',
        loading: false,
        disabled: false
      }

      at log (src/components/ui/Button.tsx:26:13)

    console.log
      [Button] Has onClick in props: true

      at log (src/components/ui/Button.tsx:27:13)

    console.log
      [Button] All props: {
        onClick: [Function: handleNavigate],
        'aria-label': 'Navigate to selected form'
      }

      at log (src/components/ui/Button.tsx:28:13)

    console.log
      [Button] Rendering with type: button

      at log (src/components/ui/Button.tsx:25:13)

    console.log
      [Button] Props received: {
        variant: 'primary',
        size: 'lg',
        type: 'button',
        loading: false,
        disabled: true
      }

      at log (src/components/ui/Button.tsx:26:13)

    console.log
      [Button] Has onClick in props: true

      at log (src/components/ui/Button.tsx:27:13)

    console.log
      [Button] All props: {
        onClick: [Function: handleNavigate],
        'aria-label': 'Navigate to selected form'
      }

      at log (src/components/ui/Button.tsx:28:13)

    console.log
      [Button] Rendering with type: button

      at log (src/components/ui/Button.tsx:25:13)

    console.log
      [Button] Props received: {
        variant: 'primary',
        size: 'lg',
        type: 'button',
        loading: false,
        disabled: false
      }

      at log (src/components/ui/Button.tsx:26:13)

    console.log
      [Button] Has onClick in props: true

      at log (src/components/ui/Button.tsx:27:13)

    console.log
      [Button] All props: {
        onClick: [Function: handleNavigate],
        'aria-label': 'Navigate to selected form'
      }

      at log (src/components/ui/Button.tsx:28:13)

    console.log
      [Button] Rendering with type: button

      at log (src/components/ui/Button.tsx:25:13)

    console.log
      [Button] Props received: {
        variant: 'primary',
        size: 'lg',
        type: 'button',
        loading: false,
        disabled: true
      }

      at log (src/components/ui/Button.tsx:26:13)

    console.log
      [Button] Has onClick in props: true

      at log (src/components/ui/Button.tsx:27:13)

    console.log
      [Button] All props: {
        onClick: [Function: handleNavigate],
        'aria-label': 'Navigate to selected form'
      }

      at log (src/components/ui/Button.tsx:28:13)

    console.log
      [Button] Rendering with type: button

      at log (src/components/ui/Button.tsx:25:13)

    console.log
      [Button] Props received: {
        variant: 'primary',
        size: 'lg',
        type: 'button',
        loading: false,
        disabled: false
      }

      at log (src/components/ui/Button.tsx:26:13)

    console.log
      [Button] Has onClick in props: true

      at log (src/components/ui/Button.tsx:27:13)

    console.log
      [Button] All props: {
        onClick: [Function: handleNavigate],
        'aria-label': 'Navigate to selected form'
      }

      at log (src/components/ui/Button.tsx:28:13)

    console.log
      [Button] Rendering with type: button

      at log (src/components/ui/Button.tsx:25:13)

    console.log
      [Button] Props received: {
        variant: 'primary',
        size: 'lg',
        type: 'button',
        loading: false,
        disabled: true
      }

      at log (src/components/ui/Button.tsx:26:13)

    console.log
      [Button] Has onClick in props: true

      at log (src/components/ui/Button.tsx:27:13)

    console.log
      [Button] All props: {
        onClick: [Function: handleNavigate],
        'aria-label': 'Navigate to selected form'
      }

      at log (src/components/ui/Button.tsx:28:13)

    console.log
      [Button] Rendering with type: button

      at log (src/components/ui/Button.tsx:25:13)

    console.log
      [Button] Props received: {
        variant: 'primary',
        size: 'lg',
        type: 'button',
        loading: false,
        disabled: false
      }

      at log (src/components/ui/Button.tsx:26:13)

    console.log
      [Button] Has onClick in props: true

      at log (src/components/ui/Button.tsx:27:13)

    console.log
      [Button] All props: {
        onClick: [Function: handleNavigate],
        'aria-label': 'Navigate to selected form'
      }

      at log (src/components/ui/Button.tsx:28:13)

    console.log
      [Button] Rendering with type: button

      at log (src/components/ui/Button.tsx:25:13)

    console.log
      [Button] Props received: {
        variant: 'primary',
        size: 'lg',
        type: 'button',
        loading: false,
        disabled: true
      }

      at log (src/components/ui/Button.tsx:26:13)

    console.log
      [Button] Has onClick in props: true

      at log (src/components/ui/Button.tsx:27:13)

    console.log
      [Button] All props: {
        onClick: [Function: handleNavigate],
        'aria-label': 'Navigate to selected form'
      }

      at log (src/components/ui/Button.tsx:28:13)

    console.log
      [Button] Rendering with type: button

      at log (src/components/ui/Button.tsx:25:13)

    console.log
      [Button] Props received: {
        variant: 'primary',
        size: 'lg',
        type: 'button',
        loading: false,
        disabled: false
      }

      at log (src/components/ui/Button.tsx:26:13)

    console.log
      [Button] Has onClick in props: true

      at log (src/components/ui/Button.tsx:27:13)

    console.log
      [Button] All props: {
        onClick: [Function: handleNavigate],
        'aria-label': 'Navigate to selected form'
      }

      at log (src/components/ui/Button.tsx:28:13)

    console.log
      [Button] Rendering with type: button

      at log (src/components/ui/Button.tsx:25:13)

    console.log
      [Button] Props received: {
        variant: 'primary',
        size: 'lg',
        type: 'button',
        loading: false,
        disabled: true
      }

      at log (src/components/ui/Button.tsx:26:13)

    console.log
      [Button] Has onClick in props: true

      at log (src/components/ui/Button.tsx:27:13)

    console.log
      [Button] All props: {
        onClick: [Function: handleNavigate],
        'aria-label': 'Navigate to selected form'
      }

      at log (src/components/ui/Button.tsx:28:13)

    console.log
      [Button] Rendering with type: button

      at log (src/components/ui/Button.tsx:25:13)

    console.log
      [Button] Props received: {
        variant: 'primary',
        size: 'lg',
        type: 'button',
        loading: false,
        disabled: false
      }

      at log (src/components/ui/Button.tsx:26:13)

    console.log
      [Button] Has onClick in props: true

      at log (src/components/ui/Button.tsx:27:13)

    console.log
      [Button] All props: {
        onClick: [Function: handleNavigate],
        'aria-label': 'Navigate to selected form'
      }

      at log (src/components/ui/Button.tsx:28:13)

    console.log
      [Button] Rendering with type: button

      at log (src/components/ui/Button.tsx:25:13)

    console.log
      [Button] Props received: {
        variant: 'primary',
        size: 'lg',
        type: 'button',
        loading: false,
        disabled: true
      }

      at log (src/components/ui/Button.tsx:26:13)

    console.log
      [Button] Has onClick in props: true

      at log (src/components/ui/Button.tsx:27:13)

    console.log
      [Button] All props: {
        onClick: [Function: handleNavigate],
        'aria-label': 'Navigate to selected form'
      }

      at log (src/components/ui/Button.tsx:28:13)

    console.log
      [Button] Rendering with type: button

      at log (src/components/ui/Button.tsx:25:13)

    console.log
      [Button] Props received: {
        variant: 'primary',
        size: 'lg',
        type: 'button',
        loading: false,
        disabled: false
      }

      at log (src/components/ui/Button.tsx:26:13)

    console.log
      [Button] Has onClick in props: true

      at log (src/components/ui/Button.tsx:27:13)

    console.log
      [Button] All props: {
        onClick: [Function: handleNavigate],
        'aria-label': 'Navigate to selected form'
      }

      at log (src/components/ui/Button.tsx:28:13)

    console.log
      [Button] Rendering with type: button

      at log (src/components/ui/Button.tsx:25:13)

    console.log
      [Button] Props received: {
        variant: 'primary',
        size: 'lg',
        type: 'button',
        loading: false,
        disabled: true
      }

      at log (src/components/ui/Button.tsx:26:13)

    console.log
      [Button] Has onClick in props: true

      at log (src/components/ui/Button.tsx:27:13)

    console.log
      [Button] All props: {
        onClick: [Function: handleNavigate],
        'aria-label': 'Navigate to selected form'
      }

      at log (src/components/ui/Button.tsx:28:13)

    console.log
      [Button] Rendering with type: button

      at log (src/components/ui/Button.tsx:25:13)

    console.log
      [Button] Props received: {
        variant: 'primary',
        size: 'lg',
        type: 'button',
        loading: false,
        disabled: false
      }

      at log (src/components/ui/Button.tsx:26:13)

    console.log
      [Button] Has onClick in props: true

      at log (src/components/ui/Button.tsx:27:13)

    console.log
      [Button] All props: {
        onClick: [Function: handleNavigate],
        'aria-label': 'Navigate to selected form'
      }

      at log (src/components/ui/Button.tsx:28:13)

    console.log
      [Button] Rendering with type: button

      at log (src/components/ui/Button.tsx:25:13)

    console.log
      [Button] Props received: {
        variant: 'primary',
        size: 'lg',
        type: 'button',
        loading: false,
        disabled: true
      }

      at log (src/components/ui/Button.tsx:26:13)

    console.log
      [Button] Has onClick in props: true

      at log (src/components/ui/Button.tsx:27:13)

    console.log
      [Button] All props: {
        onClick: [Function: handleNavigate],
        'aria-label': 'Navigate to selected form'
      }

      at log (src/components/ui/Button.tsx:28:13)

    console.log
      [Button] Rendering with type: button

      at log (src/components/ui/Button.tsx:25:13)

    console.log
      [Button] Props received: {
        variant: 'primary',
        size: 'lg',
        type: 'button',
        loading: false,
        disabled: false
      }

      at log (src/components/ui/Button.tsx:26:13)

    console.log
      [Button] Has onClick in props: true

      at log (src/components/ui/Button.tsx:27:13)

    console.log
      [Button] All props: {
        onClick: [Function: handleNavigate],
        'aria-label': 'Navigate to selected form'
      }

      at log (src/components/ui/Button.tsx:28:13)

    console.log
      [Button] Rendering with type: button

      at log (src/components/ui/Button.tsx:25:13)

    console.log
      [Button] Props received: {
        variant: 'primary',
        size: 'lg',
        type: 'button',
        loading: false,
        disabled: true
      }

      at log (src/components/ui/Button.tsx:26:13)

    console.log
      [Button] Has onClick in props: true

      at log (src/components/ui/Button.tsx:27:13)

    console.log
      [Button] All props: {
        onClick: [Function: handleNavigate],
        'aria-label': 'Navigate to selected form'
      }

      at log (src/components/ui/Button.tsx:28:13)

    console.log
      [Button] Rendering with type: button

      at log (src/components/ui/Button.tsx:25:13)

    console.log
      [Button] Props received: {
        variant: 'primary',
        size: 'lg',
        type: 'button',
        loading: false,
        disabled: false
      }

      at log (src/components/ui/Button.tsx:26:13)

    console.log
      [Button] Has onClick in props: true

      at log (src/components/ui/Button.tsx:27:13)

    console.log
      [Button] All props: {
        onClick: [Function: handleNavigate],
        'aria-label': 'Navigate to selected form'
      }

      at log (src/components/ui/Button.tsx:28:13)

    console.log
      [Button] Rendering with type: button

      at log (src/components/ui/Button.tsx:25:13)

    console.log
      [Button] Props received: {
        variant: 'primary',
        size: 'lg',
        type: 'button',
        loading: false,
        disabled: true
      }

      at log (src/components/ui/Button.tsx:26:13)

    console.log
      [Button] Has onClick in props: true

      at log (src/components/ui/Button.tsx:27:13)

    console.log
      [Button] All props: {
        onClick: [Function: handleNavigate],
        'aria-label': 'Navigate to selected form'
      }

      at log (src/components/ui/Button.tsx:28:13)

    console.log
      [Button] Rendering with type: button

      at log (src/components/ui/Button.tsx:25:13)

    console.log
      [Button] Props received: {
        variant: 'primary',
        size: 'lg',
        type: 'button',
        loading: false,
        disabled: false
      }

      at log (src/components/ui/Button.tsx:26:13)

    console.log
      [Button] Has onClick in props: true

      at log (src/components/ui/Button.tsx:27:13)

    console.log
      [Button] All props: {
        onClick: [Function: handleNavigate],
        'aria-label': 'Navigate to selected form'
      }

      at log (src/components/ui/Button.tsx:28:13)

    console.log
      [Button] Rendering with type: button

      at log (src/components/ui/Button.tsx:25:13)

    console.log
      [Button] Props received: {
        variant: 'primary',
        size: 'lg',
        type: 'button',
        loading: false,
        disabled: true
      }

      at log (src/components/ui/Button.tsx:26:13)

    console.log
      [Button] Has onClick in props: true

      at log (src/components/ui/Button.tsx:27:13)

    console.log
      [Button] All props: {
        onClick: [Function: handleNavigate],
        'aria-label': 'Navigate to selected form'
      }

      at log (src/components/ui/Button.tsx:28:13)

    console.log
      [Button] Rendering with type: button

      at log (src/components/ui/Button.tsx:25:13)

    console.log
      [Button] Props received: {
        variant: 'primary',
        size: 'lg',
        type: 'button',
        loading: false,
        disabled: false
      }

      at log (src/components/ui/Button.tsx:26:13)

    console.log
      [Button] Has onClick in props: true

      at log (src/components/ui/Button.tsx:27:13)

    console.log
      [Button] All props: {
        onClick: [Function: handleNavigate],
        'aria-label': 'Navigate to selected form'
      }

      at log (src/components/ui/Button.tsx:28:13)

    console.log
      [Button] Rendering with type: button

      at log (src/components/ui/Button.tsx:25:13)

    console.log
      [Button] Props received: {
        variant: 'primary',
        size: 'lg',
        type: 'button',
        loading: false,
        disabled: true
      }

      at log (src/components/ui/Button.tsx:26:13)

    console.log
      [Button] Has onClick in props: true

      at log (src/components/ui/Button.tsx:27:13)

    console.log
      [Button] All props: {
        onClick: [Function: handleNavigate],
        'aria-label': 'Navigate to selected form'
      }

      at log (src/components/ui/Button.tsx:28:13)

    console.log
      [Button] Rendering with type: button

      at log (src/components/ui/Button.tsx:25:13)

    console.log
      [Button] Props received: {
        variant: 'primary',
        size: 'lg',
        type: 'button',
        loading: false,
        disabled: false
      }

      at log (src/components/ui/Button.tsx:26:13)

    console.log
      [Button] Has onClick in props: true

      at log (src/components/ui/Button.tsx:27:13)

    console.log
      [Button] All props: {
        onClick: [Function: handleNavigate],
        'aria-label': 'Navigate to selected form'
      }

      at log (src/components/ui/Button.tsx:28:13)

    console.log
      [Button] Rendering with type: button

      at log (src/components/ui/Button.tsx:25:13)

    console.log
      [Button] Props received: {
        variant: 'primary',
        size: 'lg',
        type: 'button',
        loading: false,
        disabled: true
      }

      at log (src/components/ui/Button.tsx:26:13)

    console.log
      [Button] Has onClick in props: true

      at log (src/components/ui/Button.tsx:27:13)

    console.log
      [Button] All props: {
        onClick: [Function: handleNavigate],
        'aria-label': 'Navigate to selected form'
      }

      at log (src/components/ui/Button.tsx:28:13)

    console.log
      [Button] Rendering with type: button

      at log (src/components/ui/Button.tsx:25:13)

    console.log
      [Button] Props received: {
        variant: 'primary',
        size: 'lg',
        type: 'button',
        loading: false,
        disabled: false
      }

      at log (src/components/ui/Button.tsx:26:13)

    console.log
      [Button] Has onClick in props: true

      at log (src/components/ui/Button.tsx:27:13)

    console.log
      [Button] All props: {
        onClick: [Function: handleNavigate],
        'aria-label': 'Navigate to selected form'
      }

      at log (src/components/ui/Button.tsx:28:13)

    console.log
      [Button] Rendering with type: button

      at log (src/components/ui/Button.tsx:25:13)

    console.log
      [Button] Props received: {
        variant: 'primary',
        size: 'lg',
        type: 'button',
        loading: false,
        disabled: true
      }

      at log (src/components/ui/Button.tsx:26:13)

    console.log
      [Button] Has onClick in props: true

      at log (src/components/ui/Button.tsx:27:13)

    console.log
      [Button] All props: {
        onClick: [Function: handleNavigate],
        'aria-label': 'Navigate to selected form'
      }

      at log (src/components/ui/Button.tsx:28:13)

    console.log
      [Button] Rendering with type: button

      at log (src/components/ui/Button.tsx:25:13)

    console.log
      [Button] Props received: {
        variant: 'primary',
        size: 'lg',
        type: 'button',
        loading: false,
        disabled: false
      }

      at log (src/components/ui/Button.tsx:26:13)

    console.log
      [Button] Has onClick in props: true

      at log (src/components/ui/Button.tsx:27:13)

    console.log
      [Button] All props: {
        onClick: [Function: handleNavigate],
        'aria-label': 'Navigate to selected form'
      }

      at log (src/components/ui/Button.tsx:28:13)

    console.log
      [Button] Rendering with type: button

      at log (src/components/ui/Button.tsx:25:13)

    console.log
      [Button] Props received: {
        variant: 'primary',
        size: 'lg',
        type: 'button',
        loading: false,
        disabled: true
      }

      at log (src/components/ui/Button.tsx:26:13)

    console.log
      [Button] Has onClick in props: true

      at log (src/components/ui/Button.tsx:27:13)

    console.log
      [Button] All props: {
        onClick: [Function: handleNavigate],
        'aria-label': 'Navigate to selected form'
      }

      at log (src/components/ui/Button.tsx:28:13)

    console.log
      [Button] Rendering with type: button

      at log (src/components/ui/Button.tsx:25:13)

    console.log
      [Button] Props received: {
        variant: 'primary',
        size: 'lg',
        type: 'button',
        loading: false,
        disabled: false
      }

      at log (src/components/ui/Button.tsx:26:13)

    console.log
      [Button] Has onClick in props: true

      at log (src/components/ui/Button.tsx:27:13)

    console.log
      [Button] All props: {
        onClick: [Function: handleNavigate],
        'aria-label': 'Navigate to selected form'
      }

      at log (src/components/ui/Button.tsx:28:13)

    console.log
      [Button] Rendering with type: button

      at log (src/components/ui/Button.tsx:25:13)

    console.log
      [Button] Props received: {
        variant: 'primary',
        size: 'lg',
        type: 'button',
        loading: false,
        disabled: true
      }

      at log (src/components/ui/Button.tsx:26:13)

    console.log
      [Button] Has onClick in props: true

      at log (src/components/ui/Button.tsx:27:13)

    console.log
      [Button] All props: {
        onClick: [Function: handleNavigate],
        'aria-label': 'Navigate to selected form'
      }

      at log (src/components/ui/Button.tsx:28:13)

    console.log
      [Button] Rendering with type: button

      at log (src/components/ui/Button.tsx:25:13)

    console.log
      [Button] Props received: {
        variant: 'primary',
        size: 'lg',
        type: 'button',
        loading: false,
        disabled: false
      }

      at log (src/components/ui/Button.tsx:26:13)

    console.log
      [Button] Has onClick in props: true

      at log (src/components/ui/Button.tsx:27:13)

    console.log
      [Button] All props: {
        onClick: [Function: handleNavigate],
        'aria-label': 'Navigate to selected form'
      }

      at log (src/components/ui/Button.tsx:28:13)

    console.log
      [Button] Rendering with type: button

      at log (src/components/ui/Button.tsx:25:13)

    console.log
      [Button] Props received: {
        variant: 'primary',
        size: 'lg',
        type: 'button',
        loading: false,
        disabled: true
      }

      at log (src/components/ui/Button.tsx:26:13)

    console.log
      [Button] Has onClick in props: true

      at log (src/components/ui/Button.tsx:27:13)

    console.log
      [Button] All props: {
        onClick: [Function: handleNavigate],
        'aria-label': 'Navigate to selected form'
      }

      at log (src/components/ui/Button.tsx:28:13)

    console.log
      [Button] Rendering with type: button

      at log (src/components/ui/Button.tsx:25:13)

    console.log
      [Button] Props received: {
        variant: 'primary',
        size: 'lg',
        type: 'button',
        loading: false,
        disabled: false
      }

      at log (src/components/ui/Button.tsx:26:13)

    console.log
      [Button] Has onClick in props: true

      at log (src/components/ui/Button.tsx:27:13)

    console.log
      [Button] All props: {
        onClick: [Function: handleNavigate],
        'aria-label': 'Navigate to selected form'
      }

      at log (src/components/ui/Button.tsx:28:13)

    console.log
      [Button] Rendering with type: button

      at log (src/components/ui/Button.tsx:25:13)

    console.log
      [Button] Props received: {
        variant: 'primary',
        size: 'lg',
        type: 'button',
        loading: false,
        disabled: true
      }

      at log (src/components/ui/Button.tsx:26:13)

    console.log
      [Button] Has onClick in props: true

      at log (src/components/ui/Button.tsx:27:13)

    console.log
      [Button] All props: {
        onClick: [Function: handleNavigate],
        'aria-label': 'Navigate to selected form'
      }

      at log (src/components/ui/Button.tsx:28:13)

    console.log
      [Button] Rendering with type: button

      at log (src/components/ui/Button.tsx:25:13)

    console.log
      [Button] Props received: {
        variant: 'primary',
        size: 'lg',
        type: 'button',
        loading: false,
        disabled: false
      }

      at log (src/components/ui/Button.tsx:26:13)

    console.log
      [Button] Has onClick in props: true

      at log (src/components/ui/Button.tsx:27:13)

    console.log
      [Button] All props: {
        onClick: [Function: handleNavigate],
        'aria-label': 'Navigate to selected form'
      }

      at log (src/components/ui/Button.tsx:28:13)

    console.log
      [Button] Rendering with type: button

      at log (src/components/ui/Button.tsx:25:13)

    console.log
      [Button] Props received: {
        variant: 'primary',
        size: 'lg',
        type: 'button',
        loading: false,
        disabled: true
      }

      at log (src/components/ui/Button.tsx:26:13)

    console.log
      [Button] Has onClick in props: true

      at log (src/components/ui/Button.tsx:27:13)

    console.log
      [Button] All props: {
        onClick: [Function: handleNavigate],
        'aria-label': 'Navigate to selected form'
      }

      at log (src/components/ui/Button.tsx:28:13)

    console.log
      [Button] Rendering with type: button

      at log (src/components/ui/Button.tsx:25:13)

    console.log
      [Button] Props received: {
        variant: 'primary',
        size: 'lg',
        type: 'button',
        loading: false,
        disabled: false
      }

      at log (src/components/ui/Button.tsx:26:13)

    console.log
      [Button] Has onClick in props: true

      at log (src/components/ui/Button.tsx:27:13)

    console.log
      [Button] All props: {
        onClick: [Function: handleNavigate],
        'aria-label': 'Navigate to selected form'
      }

      at log (src/components/ui/Button.tsx:28:13)

    console.log
      [Button] Rendering with type: button

      at log (src/components/ui/Button.tsx:25:13)

    console.log
      [Button] Props received: {
        variant: 'primary',
        size: 'lg',
        type: 'button',
        loading: false,
        disabled: true
      }

      at log (src/components/ui/Button.tsx:26:13)

    console.log
      [Button] Has onClick in props: true

      at log (src/components/ui/Button.tsx:27:13)

    console.log
      [Button] All props: {
        onClick: [Function: handleNavigate],
        'aria-label': 'Navigate to selected form'
      }

      at log (src/components/ui/Button.tsx:28:13)

    console.log
      [Button] Rendering with type: button

      at log (src/components/ui/Button.tsx:25:13)

    console.log
      [Button] Props received: {
        variant: 'primary',
        size: 'lg',
        type: 'button',
        loading: false,
        disabled: false
      }

      at log (src/components/ui/Button.tsx:26:13)

    console.log
      [Button] Has onClick in props: true

      at log (src/components/ui/Button.tsx:27:13)

    console.log
      [Button] All props: {
        onClick: [Function: handleNavigate],
        'aria-label': 'Navigate to selected form'
      }

      at log (src/components/ui/Button.tsx:28:13)

    console.log
      [Button] Rendering with type: button

      at log (src/components/ui/Button.tsx:25:13)

    console.log
      [Button] Props received: {
        variant: 'primary',
        size: 'lg',
        type: 'button',
        loading: false,
        disabled: true
      }

      at log (src/components/ui/Button.tsx:26:13)

    console.log
      [Button] Has onClick in props: true

      at log (src/components/ui/Button.tsx:27:13)

    console.log
      [Button] All props: {
        onClick: [Function: handleNavigate],
        'aria-label': 'Navigate to selected form'
      }

      at log (src/components/ui/Button.tsx:28:13)

    console.log
      [Button] Rendering with type: button

      at log (src/components/ui/Button.tsx:25:13)

    console.log
      [Button] Props received: {
        variant: 'primary',
        size: 'lg',
        type: 'button',
        loading: false,
        disabled: false
      }

      at log (src/components/ui/Button.tsx:26:13)

    console.log
      [Button] Has onClick in props: true

      at log (src/components/ui/Button.tsx:27:13)

    console.log
      [Button] All props: {
        onClick: [Function: handleNavigate],
        'aria-label': 'Navigate to selected form'
      }

      at log (src/components/ui/Button.tsx:28:13)

    console.log
      [Button] Rendering with type: button

      at log (src/components/ui/Button.tsx:25:13)

    console.log
      [Button] Props received: {
        variant: 'primary',
        size: 'lg',
        type: 'button',
        loading: false,
        disabled: true
      }

      at log (src/components/ui/Button.tsx:26:13)

    console.log
      [Button] Has onClick in props: true

      at log (src/components/ui/Button.tsx:27:13)

    console.log
      [Button] All props: {
        onClick: [Function: handleNavigate],
        'aria-label': 'Navigate to selected form'
      }

      at log (src/components/ui/Button.tsx:28:13)

    console.log
      [Button] Rendering with type: button

      at log (src/components/ui/Button.tsx:25:13)

    console.log
      [Button] Props received: {
        variant: 'primary',
        size: 'lg',
        type: 'button',
        loading: false,
        disabled: false
      }

      at log (src/components/ui/Button.tsx:26:13)

    console.log
      [Button] Has onClick in props: true

      at log (src/components/ui/Button.tsx:27:13)

    console.log
      [Button] All props: {
        onClick: [Function: handleNavigate],
        'aria-label': 'Navigate to selected form'
      }

      at log (src/components/ui/Button.tsx:28:13)

    console.log
      [Button] Rendering with type: button

      at log (src/components/ui/Button.tsx:25:13)

    console.log
      [Button] Props received: {
        variant: 'primary',
        size: 'lg',
        type: 'button',
        loading: false,
        disabled: true
      }

      at log (src/components/ui/Button.tsx:26:13)

    console.log
      [Button] Has onClick in props: true

      at log (src/components/ui/Button.tsx:27:13)

    console.log
      [Button] All props: {
        onClick: [Function: handleNavigate],
        'aria-label': 'Navigate to selected form'
      }

      at log (src/components/ui/Button.tsx:28:13)

    console.log
      [Button] Rendering with type: button

      at log (src/components/ui/Button.tsx:25:13)

    console.log
      [Button] Props received: {
        variant: 'primary',
        size: 'lg',
        type: 'button',
        loading: false,
        disabled: false
      }

      at log (src/components/ui/Button.tsx:26:13)

    console.log
      [Button] Has onClick in props: true

      at log (src/components/ui/Button.tsx:27:13)

    console.log
      [Button] All props: {
        onClick: [Function: handleNavigate],
        'aria-label': 'Navigate to selected form'
      }

      at log (src/components/ui/Button.tsx:28:13)

    console.log
      [Button] Rendering with type: button

      at log (src/components/ui/Button.tsx:25:13)

    console.log
      [Button] Props received: {
        variant: 'primary',
        size: 'lg',
        type: 'button',
        loading: false,
        disabled: true
      }

      at log (src/components/ui/Button.tsx:26:13)

    console.log
      [Button] Has onClick in props: true

      at log (src/components/ui/Button.tsx:27:13)

    console.log
      [Button] All props: {
        onClick: [Function: handleNavigate],
        'aria-label': 'Navigate to selected form'
      }

      at log (src/components/ui/Button.tsx:28:13)

    console.log
      [Button] Rendering with type: button

      at log (src/components/ui/Button.tsx:25:13)

    console.log
      [Button] Props received: {
        variant: 'primary',
        size: 'lg',
        type: 'button',
        loading: false,
        disabled: false
      }

      at log (src/components/ui/Button.tsx:26:13)

    console.log
      [Button] Has onClick in props: true

      at log (src/components/ui/Button.tsx:27:13)

    console.log
      [Button] All props: {
        onClick: [Function: handleNavigate],
        'aria-label': 'Navigate to selected form'
      }

      at log (src/components/ui/Button.tsx:28:13)

    console.log
      [Button] Rendering with type: button

      at log (src/components/ui/Button.tsx:25:13)

    console.log
      [Button] Props received: {
        variant: 'primary',
        size: 'lg',
        type: 'button',
        loading: false,
        disabled: true
      }

      at log (src/components/ui/Button.tsx:26:13)

    console.log
      [Button] Has onClick in props: true

      at log (src/components/ui/Button.tsx:27:13)

    console.log
      [Button] All props: {
        onClick: [Function: handleNavigate],
        'aria-label': 'Navigate to selected form'
      }

      at log (src/components/ui/Button.tsx:28:13)

    console.log
      [Button] Rendering with type: button

      at log (src/components/ui/Button.tsx:25:13)

    console.log
      [Button] Props received: {
        variant: 'primary',
        size: 'lg',
        type: 'button',
        loading: false,
        disabled: false
      }

      at log (src/components/ui/Button.tsx:26:13)

    console.log
      [Button] Has onClick in props: true

      at log (src/components/ui/Button.tsx:27:13)

    console.log
      [Button] All props: {
        onClick: [Function: handleNavigate],
        'aria-label': 'Navigate to selected form'
      }

      at log (src/components/ui/Button.tsx:28:13)

    console.log
      [Button] Rendering with type: button

      at log (src/components/ui/Button.tsx:25:13)

    console.log
      [Button] Props received: {
        variant: 'primary',
        size: 'lg',
        type: 'button',
        loading: false,
        disabled: true
      }

      at log (src/components/ui/Button.tsx:26:13)

    console.log
      [Button] Has onClick in props: true

      at log (src/components/ui/Button.tsx:27:13)

    console.log
      [Button] All props: {
        onClick: [Function: handleNavigate],
        'aria-label': 'Navigate to selected form'
      }

      at log (src/components/ui/Button.tsx:28:13)

    console.log
      [Button] Rendering with type: button

      at log (src/components/ui/Button.tsx:25:13)

    console.log
      [Button] Props received: {
        variant: 'primary',
        size: 'lg',
        type: 'button',
        loading: false,
        disabled: false
      }

      at log (src/components/ui/Button.tsx:26:13)

    console.log
      [Button] Has onClick in props: true

      at log (src/components/ui/Button.tsx:27:13)

    console.log
      [Button] All props: {
        onClick: [Function: handleNavigate],
        'aria-label': 'Navigate to selected form'
      }

      at log (src/components/ui/Button.tsx:28:13)

    console.log
      [Button] Rendering with type: button

      at log (src/components/ui/Button.tsx:25:13)

    console.log
      [Button] Props received: {
        variant: 'primary',
        size: 'lg',
        type: 'button',
        loading: false,
        disabled: true
      }

      at log (src/components/ui/Button.tsx:26:13)

    console.log
      [Button] Has onClick in props: true

      at log (src/components/ui/Button.tsx:27:13)

    console.log
      [Button] All props: {
        onClick: [Function: handleNavigate],
        'aria-label': 'Navigate to selected form'
      }

      at log (src/components/ui/Button.tsx:28:13)

    console.log
      [Button] Rendering with type: button

      at log (src/components/ui/Button.tsx:25:13)

    console.log
      [Button] Props received: {
        variant: 'primary',
        size: 'lg',
        type: 'button',
        loading: false,
        disabled: false
      }

      at log (src/components/ui/Button.tsx:26:13)

    console.log
      [Button] Has onClick in props: true

      at log (src/components/ui/Button.tsx:27:13)

    console.log
      [Button] All props: {
        onClick: [Function: handleNavigate],
        'aria-label': 'Navigate to selected form'
      }

      at log (src/components/ui/Button.tsx:28:13)

    console.log
      [Button] Rendering with type: button

      at log (src/components/ui/Button.tsx:25:13)

    console.log
      [Button] Props received: {
        variant: 'primary',
        size: 'lg',
        type: 'button',
        loading: false,
        disabled: true
      }

      at log (src/components/ui/Button.tsx:26:13)

    console.log
      [Button] Has onClick in props: true

      at log (src/components/ui/Button.tsx:27:13)

    console.log
      [Button] All props: {
        onClick: [Function: handleNavigate],
        'aria-label': 'Navigate to selected form'
      }

      at log (src/components/ui/Button.tsx:28:13)

    console.log
      [Button] Rendering with type: button

      at log (src/components/ui/Button.tsx:25:13)

    console.log
      [Button] Props received: {
        variant: 'primary',
        size: 'lg',
        type: 'button',
        loading: false,
        disabled: false
      }

      at log (src/components/ui/Button.tsx:26:13)

    console.log
      [Button] Has onClick in props: true

      at log (src/components/ui/Button.tsx:27:13)

    console.log
      [Button] All props: {
        onClick: [Function: handleNavigate],
        'aria-label': 'Navigate to selected form'
      }

      at log (src/components/ui/Button.tsx:28:13)

    console.log
      [Button] Rendering with type: button

      at log (src/components/ui/Button.tsx:25:13)

    console.log
      [Button] Props received: {
        variant: 'primary',
        size: 'lg',
        type: 'button',
        loading: false,
        disabled: true
      }

      at log (src/components/ui/Button.tsx:26:13)

    console.log
      [Button] Has onClick in props: true

      at log (src/components/ui/Button.tsx:27:13)

    console.log
      [Button] All props: {
        onClick: [Function: handleNavigate],
        'aria-label': 'Navigate to selected form'
      }

      at log (src/components/ui/Button.tsx:28:13)

    console.log
      [Button] Rendering with type: button

      at log (src/components/ui/Button.tsx:25:13)

    console.log
      [Button] Props received: {
        variant: 'primary',
        size: 'lg',
        type: 'button',
        loading: false,
        disabled: false
      }

      at log (src/components/ui/Button.tsx:26:13)

    console.log
      [Button] Has onClick in props: true

      at log (src/components/ui/Button.tsx:27:13)

    console.log
      [Button] All props: {
        onClick: [Function: handleNavigate],
        'aria-label': 'Navigate to selected form'
      }

      at log (src/components/ui/Button.tsx:28:13)

    console.log
      [Button] Rendering with type: button

      at log (src/components/ui/Button.tsx:25:13)

    console.log
      [Button] Props received: {
        variant: 'primary',
        size: 'lg',
        type: 'button',
        loading: false,
        disabled: true
      }

      at log (src/components/ui/Button.tsx:26:13)

    console.log
      [Button] Has onClick in props: true

      at log (src/components/ui/Button.tsx:27:13)

    console.log
      [Button] All props: {
        onClick: [Function: handleNavigate],
        'aria-label': 'Navigate to selected form'
      }

      at log (src/components/ui/Button.tsx:28:13)

    console.log
      [Button] Rendering with type: button

      at log (src/components/ui/Button.tsx:25:13)

    console.log
      [Button] Props received: {
        variant: 'primary',
        size: 'lg',
        type: 'button',
        loading: false,
        disabled: false
      }

      at log (src/components/ui/Button.tsx:26:13)

    console.log
      [Button] Has onClick in props: true

      at log (src/components/ui/Button.tsx:27:13)

    console.log
      [Button] All props: {
        onClick: [Function: handleNavigate],
        'aria-label': 'Navigate to selected form'
      }

      at log (src/components/ui/Button.tsx:28:13)

    console.log
      [Button] Rendering with type: button

      at log (src/components/ui/Button.tsx:25:13)

    console.log
      [Button] Props received: {
        variant: 'primary',
        size: 'lg',
        type: 'button',
        loading: false,
        disabled: true
      }

      at log (src/components/ui/Button.tsx:26:13)

    console.log
      [Button] Has onClick in props: true

      at log (src/components/ui/Button.tsx:27:13)

    console.log
      [Button] All props: {
        onClick: [Function: handleNavigate],
        'aria-label': 'Navigate to selected form'
      }

      at log (src/components/ui/Button.tsx:28:13)

    console.log
      [Button] Rendering with type: button

      at log (src/components/ui/Button.tsx:25:13)

    console.log
      [Button] Props received: {
        variant: 'primary',
        size: 'lg',
        type: 'button',
        loading: false,
        disabled: false
      }

      at log (src/components/ui/Button.tsx:26:13)

    console.log
      [Button] Has onClick in props: true

      at log (src/components/ui/Button.tsx:27:13)

    console.log
      [Button] All props: {
        onClick: [Function: handleNavigate],
        'aria-label': 'Navigate to selected form'
      }

      at log (src/components/ui/Button.tsx:28:13)

    console.log
      [Button] Rendering with type: button

      at log (src/components/ui/Button.tsx:25:13)

    console.log
      [Button] Props received: {
        variant: 'primary',
        size: 'lg',
        type: 'button',
        loading: false,
        disabled: true
      }

      at log (src/components/ui/Button.tsx:26:13)

    console.log
      [Button] Has onClick in props: true

      at log (src/components/ui/Button.tsx:27:13)

    console.log
      [Button] All props: {
        onClick: [Function: handleNavigate],
        'aria-label': 'Navigate to selected form'
      }

      at log (src/components/ui/Button.tsx:28:13)

    console.log
      [Button] Rendering with type: button

      at log (src/components/ui/Button.tsx:25:13)

    console.log
      [Button] Props received: {
        variant: 'primary',
        size: 'lg',
        type: 'button',
        loading: false,
        disabled: false
      }

      at log (src/components/ui/Button.tsx:26:13)

    console.log
      [Button] Has onClick in props: true

      at log (src/components/ui/Button.tsx:27:13)

    console.log
      [Button] All props: {
        onClick: [Function: handleNavigate],
        'aria-label': 'Navigate to selected form'
      }

      at log (src/components/ui/Button.tsx:28:13)

    console.log
      [Button] Rendering with type: button

      at log (src/components/ui/Button.tsx:25:13)

    console.log
      [Button] Props received: {
        variant: 'primary',
        size: 'lg',
        type: 'button',
        loading: false,
        disabled: true
      }

      at log (src/components/ui/Button.tsx:26:13)

    console.log
      [Button] Has onClick in props: true

      at log (src/components/ui/Button.tsx:27:13)

    console.log
      [Button] All props: {
        onClick: [Function: handleNavigate],
        'aria-label': 'Navigate to selected form'
      }

      at log (src/components/ui/Button.tsx:28:13)

    console.log
      [Button] Rendering with type: button

      at log (src/components/ui/Button.tsx:25:13)

    console.log
      [Button] Props received: {
        variant: 'primary',
        size: 'lg',
        type: 'button',
        loading: false,
        disabled: false
      }

      at log (src/components/ui/Button.tsx:26:13)

    console.log
      [Button] Has onClick in props: true

      at log (src/components/ui/Button.tsx:27:13)

    console.log
      [Button] All props: {
        onClick: [Function: handleNavigate],
        'aria-label': 'Navigate to selected form'
      }

      at log (src/components/ui/Button.tsx:28:13)

    console.log
      [Button] Rendering with type: button

      at log (src/components/ui/Button.tsx:25:13)

    console.log
      [Button] Props received: {
        variant: 'primary',
        size: 'lg',
        type: 'button',
        loading: false,
        disabled: true
      }

      at log (src/components/ui/Button.tsx:26:13)

    console.log
      [Button] Has onClick in props: true

      at log (src/components/ui/Button.tsx:27:13)

    console.log
      [Button] All props: {
        onClick: [Function: handleNavigate],
        'aria-label': 'Navigate to selected form'
      }

      at log (src/components/ui/Button.tsx:28:13)

    console.log
      [Button] Rendering with type: button

      at log (src/components/ui/Button.tsx:25:13)

    console.log
      [Button] Props received: {
        variant: 'primary',
        size: 'lg',
        type: 'button',
        loading: false,
        disabled: false
      }

      at log (src/components/ui/Button.tsx:26:13)

    console.log
      [Button] Has onClick in props: true

      at log (src/components/ui/Button.tsx:27:13)

    console.log
      [Button] All props: {
        onClick: [Function: handleNavigate],
        'aria-label': 'Navigate to selected form'
      }

      at log (src/components/ui/Button.tsx:28:13)

    console.log
      [Button] Rendering with type: button

      at log (src/components/ui/Button.tsx:25:13)

    console.log
      [Button] Props received: {
        variant: 'primary',
        size: 'lg',
        type: 'button',
        loading: false,
        disabled: true
      }

      at log (src/components/ui/Button.tsx:26:13)

    console.log
      [Button] Has onClick in props: true

      at log (src/components/ui/Button.tsx:27:13)

    console.log
      [Button] All props: {
        onClick: [Function: handleNavigate],
        'aria-label': 'Navigate to selected form'
      }

      at log (src/components/ui/Button.tsx:28:13)

    console.log
      [Button] Rendering with type: button

      at log (src/components/ui/Button.tsx:25:13)

    console.log
      [Button] Props received: {
        variant: 'primary',
        size: 'lg',
        type: 'button',
        loading: false,
        disabled: false
      }

      at log (src/components/ui/Button.tsx:26:13)

    console.log
      [Button] Has onClick in props: true

      at log (src/components/ui/Button.tsx:27:13)

    console.log
      [Button] All props: {
        onClick: [Function: handleNavigate],
        'aria-label': 'Navigate to selected form'
      }

      at log (src/components/ui/Button.tsx:28:13)

    console.log
      [Button] Rendering with type: button

      at log (src/components/ui/Button.tsx:25:13)

    console.log
      [Button] Props received: {
        variant: 'primary',
        size: 'lg',
        type: 'button',
        loading: false,
        disabled: true
      }

      at log (src/components/ui/Button.tsx:26:13)

    console.log
      [Button] Has onClick in props: true

      at log (src/components/ui/Button.tsx:27:13)

    console.log
      [Button] All props: {
        onClick: [Function: handleNavigate],
        'aria-label': 'Navigate to selected form'
      }

      at log (src/components/ui/Button.tsx:28:13)

    console.log
      [Button] Rendering with type: button

      at log (src/components/ui/Button.tsx:25:13)

    console.log
      [Button] Props received: {
        variant: 'primary',
        size: 'lg',
        type: 'button',
        loading: false,
        disabled: false
      }

      at log (src/components/ui/Button.tsx:26:13)

    console.log
      [Button] Has onClick in props: true

      at log (src/components/ui/Button.tsx:27:13)

    console.log
      [Button] All props: {
        onClick: [Function: handleNavigate],
        'aria-label': 'Navigate to selected form'
      }

      at log (src/components/ui/Button.tsx:28:13)

    console.log
      [Button] Rendering with type: button

      at log (src/components/ui/Button.tsx:25:13)

    console.log
      [Button] Props received: {
        variant: 'primary',
        size: 'lg',
        type: 'button',
        loading: false,
        disabled: true
      }

      at log (src/components/ui/Button.tsx:26:13)

    console.log
      [Button] Has onClick in props: true

      at log (src/components/ui/Button.tsx:27:13)

    console.log
      [Button] All props: {
        onClick: [Function: handleNavigate],
        'aria-label': 'Navigate to selected form'
      }

      at log (src/components/ui/Button.tsx:28:13)

    console.log
      [Button] Rendering with type: button

      at log (src/components/ui/Button.tsx:25:13)

    console.log
      [Button] Props received: {
        variant: 'primary',
        size: 'lg',
        type: 'button',
        loading: false,
        disabled: false
      }

      at log (src/components/ui/Button.tsx:26:13)

    console.log
      [Button] Has onClick in props: true

      at log (src/components/ui/Button.tsx:27:13)

    console.log
      [Button] All props: {
        onClick: [Function: handleNavigate],
        'aria-label': 'Navigate to selected form'
      }

      at log (src/components/ui/Button.tsx:28:13)

    console.log
      [Button] Rendering with type: button

      at log (src/components/ui/Button.tsx:25:13)

    console.log
      [Button] Props received: {
        variant: 'primary',
        size: 'lg',
        type: 'button',
        loading: false,
        disabled: true
      }

      at log (src/components/ui/Button.tsx:26:13)

    console.log
      [Button] Has onClick in props: true

      at log (src/components/ui/Button.tsx:27:13)

    console.log
      [Button] All props: {
        onClick: [Function: handleNavigate],
        'aria-label': 'Navigate to selected form'
      }

      at log (src/components/ui/Button.tsx:28:13)

    console.log
      [Button] Rendering with type: button

      at log (src/components/ui/Button.tsx:25:13)

    console.log
      [Button] Props received: {
        variant: 'primary',
        size: 'lg',
        type: 'button',
        loading: false,
        disabled: false
      }

      at log (src/components/ui/Button.tsx:26:13)

    console.log
      [Button] Has onClick in props: true

      at log (src/components/ui/Button.tsx:27:13)

    console.log
      [Button] All props: {
        onClick: [Function: handleNavigate],
        'aria-label': 'Navigate to selected form'
      }

      at log (src/components/ui/Button.tsx:28:13)

    console.log
      [Button] Rendering with type: button

      at log (src/components/ui/Button.tsx:25:13)

    console.log
      [Button] Props received: {
        variant: 'primary',
        size: 'lg',
        type: 'button',
        loading: false,
        disabled: true
      }

      at log (src/components/ui/Button.tsx:26:13)

    console.log
      [Button] Has onClick in props: true

      at log (src/components/ui/Button.tsx:27:13)

    console.log
      [Button] All props: {
        onClick: [Function: handleNavigate],
        'aria-label': 'Navigate to selected form'
      }

      at log (src/components/ui/Button.tsx:28:13)

    console.log
      [Button] Rendering with type: button

      at log (src/components/ui/Button.tsx:25:13)

    console.log
      [Button] Props received: {
        variant: 'primary',
        size: 'lg',
        type: 'button',
        loading: false,
        disabled: false
      }

      at log (src/components/ui/Button.tsx:26:13)

    console.log
      [Button] Has onClick in props: true

      at log (src/components/ui/Button.tsx:27:13)

    console.log
      [Button] All props: {
        onClick: [Function: handleNavigate],
        'aria-label': 'Navigate to selected form'
      }

      at log (src/components/ui/Button.tsx:28:13)

    console.log
      [Button] Rendering with type: button

      at log (src/components/ui/Button.tsx:25:13)

    console.log
      [Button] Props received: {
        variant: 'primary',
        size: 'lg',
        type: 'button',
        loading: false,
        disabled: true
      }

      at log (src/components/ui/Button.tsx:26:13)

    console.log
      [Button] Has onClick in props: true

      at log (src/components/ui/Button.tsx:27:13)

    console.log
      [Button] All props: {
        onClick: [Function: handleNavigate],
        'aria-label': 'Navigate to selected form'
      }

      at log (src/components/ui/Button.tsx:28:13)

    console.log
      [Button] Rendering with type: button

      at log (src/components/ui/Button.tsx:25:13)

    console.log
      [Button] Props received: {
        variant: 'primary',
        size: 'lg',
        type: 'button',
        loading: false,
        disabled: false
      }

      at log (src/components/ui/Button.tsx:26:13)

    console.log
      [Button] Has onClick in props: true

      at log (src/components/ui/Button.tsx:27:13)

    console.log
      [Button] All props: {
        onClick: [Function: handleNavigate],
        'aria-label': 'Navigate to selected form'
      }

      at log (src/components/ui/Button.tsx:28:13)

    console.log
      [Button] Rendering with type: button

      at log (src/components/ui/Button.tsx:25:13)

    console.log
      [Button] Props received: {
        variant: 'primary',
        size: 'lg',
        type: 'button',
        loading: false,
        disabled: true
      }

      at log (src/components/ui/Button.tsx:26:13)

    console.log
      [Button] Has onClick in props: true

      at log (src/components/ui/Button.tsx:27:13)

    console.log
      [Button] All props: {
        onClick: [Function: handleNavigate],
        'aria-label': 'Navigate to selected form'
      }

      at log (src/components/ui/Button.tsx:28:13)

    console.log
      [Button] Rendering with type: button

      at log (src/components/ui/Button.tsx:25:13)

    console.log
      [Button] Props received: {
        variant: 'primary',
        size: 'lg',
        type: 'button',
        loading: false,
        disabled: false
      }

      at log (src/components/ui/Button.tsx:26:13)

    console.log
      [Button] Has onClick in props: true

      at log (src/components/ui/Button.tsx:27:13)

    console.log
      [Button] All props: {
        onClick: [Function: handleNavigate],
        'aria-label': 'Navigate to selected form'
      }

      at log (src/components/ui/Button.tsx:28:13)

    console.log
      [Button] Rendering with type: button

      at log (src/components/ui/Button.tsx:25:13)

    console.log
      [Button] Props received: {
        variant: 'primary',
        size: 'lg',
        type: 'button',
        loading: false,
        disabled: true
      }

      at log (src/components/ui/Button.tsx:26:13)

    console.log
      [Button] Has onClick in props: true

      at log (src/components/ui/Button.tsx:27:13)

    console.log
      [Button] All props: {
        onClick: [Function: handleNavigate],
        'aria-label': 'Navigate to selected form'
      }

      at log (src/components/ui/Button.tsx:28:13)

    console.log
      [Button] Rendering with type: button

      at log (src/components/ui/Button.tsx:25:13)

    console.log
      [Button] Props received: {
        variant: 'primary',
        size: 'lg',
        type: 'button',
        loading: false,
        disabled: false
      }

      at log (src/components/ui/Button.tsx:26:13)

    console.log
      [Button] Has onClick in props: true

      at log (src/components/ui/Button.tsx:27:13)

    console.log
      [Button] All props: {
        onClick: [Function: handleNavigate],
        'aria-label': 'Navigate to selected form'
      }

      at log (src/components/ui/Button.tsx:28:13)

    console.log
      [Button] Rendering with type: button

      at log (src/components/ui/Button.tsx:25:13)

    console.log
      [Button] Props received: {
        variant: 'primary',
        size: 'lg',
        type: 'button',
        loading: false,
        disabled: true
      }

      at log (src/components/ui/Button.tsx:26:13)

    console.log
      [Button] Has onClick in props: true

      at log (src/components/ui/Button.tsx:27:13)

    console.log
      [Button] All props: {
        onClick: [Function: handleNavigate],
        'aria-label': 'Navigate to selected form'
      }

      at log (src/components/ui/Button.tsx:28:13)

    console.log
      [Button] Rendering with type: button

      at log (src/components/ui/Button.tsx:25:13)

    console.log
      [Button] Props received: {
        variant: 'primary',
        size: 'lg',
        type: 'button',
        loading: false,
        disabled: false
      }

      at log (src/components/ui/Button.tsx:26:13)

    console.log
      [Button] Has onClick in props: true

      at log (src/components/ui/Button.tsx:27:13)

    console.log
      [Button] All props: {
        onClick: [Function: handleNavigate],
        'aria-label': 'Navigate to selected form'
      }

      at log (src/components/ui/Button.tsx:28:13)

    console.log
      [Button] Rendering with type: button

      at log (src/components/ui/Button.tsx:25:13)

    console.log
      [Button] Props received: {
        variant: 'primary',
        size: 'lg',
        type: 'button',
        loading: false,
        disabled: true
      }

      at log (src/components/ui/Button.tsx:26:13)

    console.log
      [Button] Has onClick in props: true

      at log (src/components/ui/Button.tsx:27:13)

    console.log
      [Button] All props: {
        onClick: [Function: handleNavigate],
        'aria-label': 'Navigate to selected form'
      }

      at log (src/components/ui/Button.tsx:28:13)

    console.log
      [Button] Rendering with type: button

      at log (src/components/ui/Button.tsx:25:13)

    console.log
      [Button] Props received: {
        variant: 'primary',
        size: 'lg',
        type: 'button',
        loading: false,
        disabled: false
      }

      at log (src/components/ui/Button.tsx:26:13)

    console.log
      [Button] Has onClick in props: true

      at log (src/components/ui/Button.tsx:27:13)

    console.log
      [Button] All props: {
        onClick: [Function: handleNavigate],
        'aria-label': 'Navigate to selected form'
      }

      at log (src/components/ui/Button.tsx:28:13)

    console.log
      [Button] Rendering with type: button

      at log (src/components/ui/Button.tsx:25:13)

    console.log
      [Button] Props received: {
        variant: 'primary',
        size: 'lg',
        type: 'button',
        loading: false,
        disabled: true
      }

      at log (src/components/ui/Button.tsx:26:13)

    console.log
      [Button] Has onClick in props: true

      at log (src/components/ui/Button.tsx:27:13)

    console.log
      [Button] All props: {
        onClick: [Function: handleNavigate],
        'aria-label': 'Navigate to selected form'
      }

      at log (src/components/ui/Button.tsx:28:13)

    console.log
      [Button] Rendering with type: button

      at log (src/components/ui/Button.tsx:25:13)

    console.log
      [Button] Props received: {
        variant: 'primary',
        size: 'lg',
        type: 'button',
        loading: false,
        disabled: false
      }

      at log (src/components/ui/Button.tsx:26:13)

    console.log
      [Button] Has onClick in props: true

      at log (src/components/ui/Button.tsx:27:13)

    console.log
      [Button] All props: {
        onClick: [Function: handleNavigate],
        'aria-label': 'Navigate to selected form'
      }

      at log (src/components/ui/Button.tsx:28:13)

    console.log
      [Button] Rendering with type: button

      at log (src/components/ui/Button.tsx:25:13)

    console.log
      [Button] Props received: {
        variant: 'primary',
        size: 'lg',
        type: 'button',
        loading: false,
        disabled: true
      }

      at log (src/components/ui/Button.tsx:26:13)

    console.log
      [Button] Has onClick in props: true

      at log (src/components/ui/Button.tsx:27:13)

    console.log
      [Button] All props: {
        onClick: [Function: handleNavigate],
        'aria-label': 'Navigate to selected form'
      }

      at log (src/components/ui/Button.tsx:28:13)

    console.log
      [Button] Rendering with type: button

      at log (src/components/ui/Button.tsx:25:13)

    console.log
      [Button] Props received: {
        variant: 'primary',
        size: 'lg',
        type: 'button',
        loading: false,
        disabled: false
      }

      at log (src/components/ui/Button.tsx:26:13)

    console.log
      [Button] Has onClick in props: true

      at log (src/components/ui/Button.tsx:27:13)

    console.log
      [Button] All props: {
        onClick: [Function: handleNavigate],
        'aria-label': 'Navigate to selected form'
      }

      at log (src/components/ui/Button.tsx:28:13)

    console.log
      [Button] Rendering with type: button

      at log (src/components/ui/Button.tsx:25:13)

    console.log
      [Button] Props received: {
        variant: 'primary',
        size: 'lg',
        type: 'button',
        loading: false,
        disabled: true
      }

      at log (src/components/ui/Button.tsx:26:13)

    console.log
      [Button] Has onClick in props: true

      at log (src/components/ui/Button.tsx:27:13)

    console.log
      [Button] All props: {
        onClick: [Function: handleNavigate],
        'aria-label': 'Navigate to selected form'
      }

      at log (src/components/ui/Button.tsx:28:13)

    console.log
      [Button] Rendering with type: button

      at log (src/components/ui/Button.tsx:25:13)

    console.log
      [Button] Props received: {
        variant: 'primary',
        size: 'lg',
        type: 'button',
        loading: false,
        disabled: false
      }

      at log (src/components/ui/Button.tsx:26:13)

    console.log
      [Button] Has onClick in props: true

      at log (src/components/ui/Button.tsx:27:13)

    console.log
      [Button] All props: {
        onClick: [Function: handleNavigate],
        'aria-label': 'Navigate to selected form'
      }

      at log (src/components/ui/Button.tsx:28:13)

    console.log
      [Button] Rendering with type: button

      at log (src/components/ui/Button.tsx:25:13)

    console.log
      [Button] Props received: {
        variant: 'primary',
        size: 'lg',
        type: 'button',
        loading: false,
        disabled: true
      }

      at log (src/components/ui/Button.tsx:26:13)

    console.log
      [Button] Has onClick in props: true

      at log (src/components/ui/Button.tsx:27:13)

    console.log
      [Button] All props: {
        onClick: [Function: handleNavigate],
        'aria-label': 'Navigate to selected form'
      }

      at log (src/components/ui/Button.tsx:28:13)

    console.log
      [Button] Rendering with type: button

      at log (src/components/ui/Button.tsx:25:13)

    console.log
      [Button] Props received: {
        variant: 'primary',
        size: 'lg',
        type: 'button',
        loading: false,
        disabled: false
      }

      at log (src/components/ui/Button.tsx:26:13)

    console.log
      [Button] Has onClick in props: true

      at log (src/components/ui/Button.tsx:27:13)

    console.log
      [Button] All props: {
        onClick: [Function: handleNavigate],
        'aria-label': 'Navigate to selected form'
      }

      at log (src/components/ui/Button.tsx:28:13)

    console.log
      [Button] Rendering with type: button

      at log (src/components/ui/Button.tsx:25:13)

    console.log
      [Button] Props received: {
        variant: 'primary',
        size: 'lg',
        type: 'button',
        loading: false,
        disabled: true
      }

      at log (src/components/ui/Button.tsx:26:13)

    console.log
      [Button] Has onClick in props: true

      at log (src/components/ui/Button.tsx:27:13)

    console.log
      [Button] All props: {
        onClick: [Function: handleNavigate],
        'aria-label': 'Navigate to selected form'
      }

      at log (src/components/ui/Button.tsx:28:13)

    console.log
      [Button] Rendering with type: button

      at log (src/components/ui/Button.tsx:25:13)

    console.log
      [Button] Props received: {
        variant: 'primary',
        size: 'lg',
        type: 'button',
        loading: false,
        disabled: false
      }

      at log (src/components/ui/Button.tsx:26:13)

    console.log
      [Button] Has onClick in props: true

      at log (src/components/ui/Button.tsx:27:13)

    console.log
      [Button] All props: {
        onClick: [Function: handleNavigate],
        'aria-label': 'Navigate to selected form'
      }

      at log (src/components/ui/Button.tsx:28:13)

    console.log
      [Button] Rendering with type: button

      at log (src/components/ui/Button.tsx:25:13)

    console.log
      [Button] Props received: {
        variant: 'primary',
        size: 'lg',
        type: 'button',
        loading: false,
        disabled: true
      }

      at log (src/components/ui/Button.tsx:26:13)

    console.log
      [Button] Has onClick in props: true

      at log (src/components/ui/Button.tsx:27:13)

    console.log
      [Button] All props: {
        onClick: [Function: handleNavigate],
        'aria-label': 'Navigate to selected form'
      }

      at log (src/components/ui/Button.tsx:28:13)

    console.log
      [Button] Rendering with type: button

      at log (src/components/ui/Button.tsx:25:13)

    console.log
      [Button] Props received: {
        variant: 'primary',
        size: 'lg',
        type: 'button',
        loading: false,
        disabled: false
      }

      at log (src/components/ui/Button.tsx:26:13)

    console.log
      [Button] Has onClick in props: true

      at log (src/components/ui/Button.tsx:27:13)

    console.log
      [Button] All props: {
        onClick: [Function: handleNavigate],
        'aria-label': 'Navigate to selected form'
      }

      at log (src/components/ui/Button.tsx:28:13)

    console.log
      [Button] Rendering with type: button

      at log (src/components/ui/Button.tsx:25:13)

    console.log
      [Button] Props received: {
        variant: 'primary',
        size: 'lg',
        type: 'button',
        loading: false,
        disabled: true
      }

      at log (src/components/ui/Button.tsx:26:13)

    console.log
      [Button] Has onClick in props: true

      at log (src/components/ui/Button.tsx:27:13)

    console.log
      [Button] All props: {
        onClick: [Function: handleNavigate],
        'aria-label': 'Navigate to selected form'
      }

      at log (src/components/ui/Button.tsx:28:13)

    console.log
      [Button] Rendering with type: button

      at log (src/components/ui/Button.tsx:25:13)

    console.log
      [Button] Props received: {
        variant: 'primary',
        size: 'lg',
        type: 'button',
        loading: false,
        disabled: false
      }

      at log (src/components/ui/Button.tsx:26:13)

    console.log
      [Button] Has onClick in props: true

      at log (src/components/ui/Button.tsx:27:13)

    console.log
      [Button] All props: {
        onClick: [Function: handleNavigate],
        'aria-label': 'Navigate to selected form'
      }

      at log (src/components/ui/Button.tsx:28:13)

    console.log
      [Button] Rendering with type: button

      at log (src/components/ui/Button.tsx:25:13)

    console.log
      [Button] Props received: {
        variant: 'primary',
        size: 'lg',
        type: 'button',
        loading: false,
        disabled: true
      }

      at log (src/components/ui/Button.tsx:26:13)

    console.log
      [Button] Has onClick in props: true

      at log (src/components/ui/Button.tsx:27:13)

    console.log
      [Button] All props: {
        onClick: [Function: handleNavigate],
        'aria-label': 'Navigate to selected form'
      }

      at log (src/components/ui/Button.tsx:28:13)

    console.log
      [Button] Rendering with type: button

      at log (src/components/ui/Button.tsx:25:13)

    console.log
      [Button] Props received: {
        variant: 'primary',
        size: 'lg',
        type: 'button',
        loading: false,
        disabled: false
      }

      at log (src/components/ui/Button.tsx:26:13)

    console.log
      [Button] Has onClick in props: true

      at log (src/components/ui/Button.tsx:27:13)

    console.log
      [Button] All props: {
        onClick: [Function: handleNavigate],
        'aria-label': 'Navigate to selected form'
      }

      at log (src/components/ui/Button.tsx:28:13)

    console.log
      [Button] Rendering with type: button

      at log (src/components/ui/Button.tsx:25:13)

    console.log
      [Button] Props received: {
        variant: 'primary',
        size: 'lg',
        type: 'button',
        loading: false,
        disabled: true
      }

      at log (src/components/ui/Button.tsx:26:13)

    console.log
      [Button] Has onClick in props: true

      at log (src/components/ui/Button.tsx:27:13)

    console.log
      [Button] All props: {
        onClick: [Function: handleNavigate],
        'aria-label': 'Navigate to selected form'
      }

      at log (src/components/ui/Button.tsx:28:13)

    console.log
      [Button] Rendering with type: button

      at log (src/components/ui/Button.tsx:25:13)

    console.log
      [Button] Props received: {
        variant: 'primary',
        size: 'lg',
        type: 'button',
        loading: false,
        disabled: false
      }

      at log (src/components/ui/Button.tsx:26:13)

    console.log
      [Button] Has onClick in props: true

      at log (src/components/ui/Button.tsx:27:13)

    console.log
      [Button] All props: {
        onClick: [Function: handleNavigate],
        'aria-label': 'Navigate to selected form'
      }

      at log (src/components/ui/Button.tsx:28:13)

    console.log
      [Button] Rendering with type: button

      at log (src/components/ui/Button.tsx:25:13)

    console.log
      [Button] Props received: {
        variant: 'primary',
        size: 'lg',
        type: 'button',
        loading: false,
        disabled: true
      }

      at log (src/components/ui/Button.tsx:26:13)

    console.log
      [Button] Has onClick in props: true

      at log (src/components/ui/Button.tsx:27:13)

    console.log
      [Button] All props: {
        onClick: [Function: handleNavigate],
        'aria-label': 'Navigate to selected form'
      }

      at log (src/components/ui/Button.tsx:28:13)

    console.log
      [Button] Rendering with type: button

      at log (src/components/ui/Button.tsx:25:13)

    console.log
      [Button] Props received: {
        variant: 'primary',
        size: 'lg',
        type: 'button',
        loading: false,
        disabled: false
      }

      at log (src/components/ui/Button.tsx:26:13)

    console.log
      [Button] Has onClick in props: true

      at log (src/components/ui/Button.tsx:27:13)

    console.log
      [Button] All props: {
        onClick: [Function: handleNavigate],
        'aria-label': 'Navigate to selected form'
      }

      at log (src/components/ui/Button.tsx:28:13)

    console.log
      [Button] Rendering with type: button

      at log (src/components/ui/Button.tsx:25:13)

    console.log
      [Button] Props received: {
        variant: 'primary',
        size: 'lg',
        type: 'button',
        loading: false,
        disabled: true
      }

      at log (src/components/ui/Button.tsx:26:13)

    console.log
      [Button] Has onClick in props: true

      at log (src/components/ui/Button.tsx:27:13)

    console.log
      [Button] All props: {
        onClick: [Function: handleNavigate],
        'aria-label': 'Navigate to selected form'
      }

      at log (src/components/ui/Button.tsx:28:13)

    console.log
      [Button] Rendering with type: button

      at log (src/components/ui/Button.tsx:25:13)

    console.log
      [Button] Props received: {
        variant: 'primary',
        size: 'lg',
        type: 'button',
        loading: false,
        disabled: false
      }

      at log (src/components/ui/Button.tsx:26:13)

    console.log
      [Button] Has onClick in props: true

      at log (src/components/ui/Button.tsx:27:13)

    console.log
      [Button] All props: {
        onClick: [Function: handleNavigate],
        'aria-label': 'Navigate to selected form'
      }

      at log (src/components/ui/Button.tsx:28:13)

    console.log
      [Button] Rendering with type: button

      at log (src/components/ui/Button.tsx:25:13)

    console.log
      [Button] Props received: {
        variant: 'primary',
        size: 'lg',
        type: 'button',
        loading: false,
        disabled: true
      }

      at log (src/components/ui/Button.tsx:26:13)

    console.log
      [Button] Has onClick in props: true

      at log (src/components/ui/Button.tsx:27:13)

    console.log
      [Button] All props: {
        onClick: [Function: handleNavigate],
        'aria-label': 'Navigate to selected form'
      }

      at log (src/components/ui/Button.tsx:28:13)

    console.log
      [Button] Rendering with type: button

      at log (src/components/ui/Button.tsx:25:13)

    console.log
      [Button] Props received: {
        variant: 'primary',
        size: 'lg',
        type: 'button',
        loading: false,
        disabled: false
      }

      at log (src/components/ui/Button.tsx:26:13)

    console.log
      [Button] Has onClick in props: true

      at log (src/components/ui/Button.tsx:27:13)

    console.log
      [Button] All props: {
        onClick: [Function: handleNavigate],
        'aria-label': 'Navigate to selected form'
      }

      at log (src/components/ui/Button.tsx:28:13)

    console.log
      [Button] Rendering with type: button

      at log (src/components/ui/Button.tsx:25:13)

    console.log
      [Button] Props received: {
        variant: 'primary',
        size: 'lg',
        type: 'button',
        loading: false,
        disabled: true
      }

      at log (src/components/ui/Button.tsx:26:13)

    console.log
      [Button] Has onClick in props: true

      at log (src/components/ui/Button.tsx:27:13)

    console.log
      [Button] All props: {
        onClick: [Function: handleNavigate],
        'aria-label': 'Navigate to selected form'
      }

      at log (src/components/ui/Button.tsx:28:13)

    console.log
      [Button] Rendering with type: button

      at log (src/components/ui/Button.tsx:25:13)

    console.log
      [Button] Props received: {
        variant: 'primary',
        size: 'lg',
        type: 'button',
        loading: false,
        disabled: false
      }

      at log (src/components/ui/Button.tsx:26:13)

    console.log
      [Button] Has onClick in props: true

      at log (src/components/ui/Button.tsx:27:13)

    console.log
      [Button] All props: {
        onClick: [Function: handleNavigate],
        'aria-label': 'Navigate to selected form'
      }

      at log (src/components/ui/Button.tsx:28:13)

    console.log
      [Button] Rendering with type: button

      at log (src/components/ui/Button.tsx:25:13)

    console.log
      [Button] Props received: {
        variant: 'primary',
        size: 'lg',
        type: 'button',
        loading: false,
        disabled: true
      }

      at log (src/components/ui/Button.tsx:26:13)

    console.log
      [Button] Has onClick in props: true

      at log (src/components/ui/Button.tsx:27:13)

    console.log
      [Button] All props: {
        onClick: [Function: handleNavigate],
        'aria-label': 'Navigate to selected form'
      }

      at log (src/components/ui/Button.tsx:28:13)

    console.log
      [Button] Rendering with type: button

      at log (src/components/ui/Button.tsx:25:13)

    console.log
      [Button] Props received: {
        variant: 'primary',
        size: 'lg',
        type: 'button',
        loading: false,
        disabled: false
      }

      at log (src/components/ui/Button.tsx:26:13)

    console.log
      [Button] Has onClick in props: true

      at log (src/components/ui/Button.tsx:27:13)

    console.log
      [Button] All props: {
        onClick: [Function: handleNavigate],
        'aria-label': 'Navigate to selected form'
      }

      at log (src/components/ui/Button.tsx:28:13)

    console.log
      [Button] Rendering with type: button

      at log (src/components/ui/Button.tsx:25:13)

    console.log
      [Button] Props received: {
        variant: 'primary',
        size: 'lg',
        type: 'button',
        loading: false,
        disabled: true
      }

      at log (src/components/ui/Button.tsx:26:13)

    console.log
      [Button] Has onClick in props: true

      at log (src/components/ui/Button.tsx:27:13)

    console.log
      [Button] All props: {
        onClick: [Function: handleNavigate],
        'aria-label': 'Navigate to selected form'
      }

      at log (src/components/ui/Button.tsx:28:13)

    console.log
      [Button] Rendering with type: button

      at log (src/components/ui/Button.tsx:25:13)

    console.log
      [Button] Props received: {
        variant: 'primary',
        size: 'lg',
        type: 'button',
        loading: false,
        disabled: false
      }

      at log (src/components/ui/Button.tsx:26:13)

    console.log
      [Button] Has onClick in props: true

      at log (src/components/ui/Button.tsx:27:13)

    console.log
      [Button] All props: {
        onClick: [Function: handleNavigate],
        'aria-label': 'Navigate to selected form'
      }

      at log (src/components/ui/Button.tsx:28:13)

    console.log
      [Button] Rendering with type: button

      at log (src/components/ui/Button.tsx:25:13)

    console.log
      [Button] Props received: {
        variant: 'primary',
        size: 'lg',
        type: 'button',
        loading: false,
        disabled: true
      }

      at log (src/components/ui/Button.tsx:26:13)

    console.log
      [Button] Has onClick in props: true

      at log (src/components/ui/Button.tsx:27:13)

    console.log
      [Button] All props: {
        onClick: [Function: handleNavigate],
        'aria-label': 'Navigate to selected form'
      }

      at log (src/components/ui/Button.tsx:28:13)

    console.log
      [Button] Rendering with type: button

      at log (src/components/ui/Button.tsx:25:13)

    console.log
      [Button] Props received: {
        variant: 'primary',
        size: 'lg',
        type: 'button',
        loading: false,
        disabled: false
      }

      at log (src/components/ui/Button.tsx:26:13)

    console.log
      [Button] Has onClick in props: true

      at log (src/components/ui/Button.tsx:27:13)

    console.log
      [Button] All props: {
        onClick: [Function: handleNavigate],
        'aria-label': 'Navigate to selected form'
      }

      at log (src/components/ui/Button.tsx:28:13)

    console.log
      [Button] Rendering with type: button

      at log (src/components/ui/Button.tsx:25:13)

    console.log
      [Button] Props received: {
        variant: 'primary',
        size: 'lg',
        type: 'button',
        loading: false,
        disabled: true
      }

      at log (src/components/ui/Button.tsx:26:13)

    console.log
      [Button] Has onClick in props: true

      at log (src/components/ui/Button.tsx:27:13)

    console.log
      [Button] All props: {
        onClick: [Function: handleNavigate],
        'aria-label': 'Navigate to selected form'
      }

      at log (src/components/ui/Button.tsx:28:13)

    console.log
      [Button] Rendering with type: button

      at log (src/components/ui/Button.tsx:25:13)

    console.log
      [Button] Props received: {
        variant: 'primary',
        size: 'lg',
        type: 'button',
        loading: false,
        disabled: false
      }

      at log (src/components/ui/Button.tsx:26:13)

    console.log
      [Button] Has onClick in props: true

      at log (src/components/ui/Button.tsx:27:13)

    console.log
      [Button] All props: {
        onClick: [Function: handleNavigate],
        'aria-label': 'Navigate to selected form'
      }

      at log (src/components/ui/Button.tsx:28:13)

    console.log
      [Button] Rendering with type: button

      at log (src/components/ui/Button.tsx:25:13)

    console.log
      [Button] Props received: {
        variant: 'primary',
        size: 'lg',
        type: 'button',
        loading: false,
        disabled: true
      }

      at log (src/components/ui/Button.tsx:26:13)

    console.log
      [Button] Has onClick in props: true

      at log (src/components/ui/Button.tsx:27:13)

    console.log
      [Button] All props: {
        onClick: [Function: handleNavigate],
        'aria-label': 'Navigate to selected form'
      }

      at log (src/components/ui/Button.tsx:28:13)

    console.log
      [Button] Rendering with type: button

      at log (src/components/ui/Button.tsx:25:13)

    console.log
      [Button] Props received: {
        variant: 'primary',
        size: 'lg',
        type: 'button',
        loading: false,
        disabled: false
      }

      at log (src/components/ui/Button.tsx:26:13)

    console.log
      [Button] Has onClick in props: true

      at log (src/components/ui/Button.tsx:27:13)

    console.log
      [Button] All props: {
        onClick: [Function: handleNavigate],
        'aria-label': 'Navigate to selected form'
      }

      at log (src/components/ui/Button.tsx:28:13)

    console.log
      [Button] Rendering with type: button

      at log (src/components/ui/Button.tsx:25:13)

    console.log
      [Button] Props received: {
        variant: 'primary',
        size: 'lg',
        type: 'button',
        loading: false,
        disabled: true
      }

      at log (src/components/ui/Button.tsx:26:13)

    console.log
      [Button] Has onClick in props: true

      at log (src/components/ui/Button.tsx:27:13)

    console.log
      [Button] All props: {
        onClick: [Function: handleNavigate],
        'aria-label': 'Navigate to selected form'
      }

      at log (src/components/ui/Button.tsx:28:13)

    console.log
      [Button] Rendering with type: button

      at log (src/components/ui/Button.tsx:25:13)

    console.log
      [Button] Props received: {
        variant: 'primary',
        size: 'lg',
        type: 'button',
        loading: false,
        disabled: false
      }

      at log (src/components/ui/Button.tsx:26:13)

    console.log
      [Button] Has onClick in props: true

      at log (src/components/ui/Button.tsx:27:13)

    console.log
      [Button] All props: {
        onClick: [Function: handleNavigate],
        'aria-label': 'Navigate to selected form'
      }

      at log (src/components/ui/Button.tsx:28:13)

    console.log
      [Button] Rendering with type: button

      at log (src/components/ui/Button.tsx:25:13)

    console.log
      [Button] Props received: {
        variant: 'primary',
        size: 'lg',
        type: 'button',
        loading: false,
        disabled: true
      }

      at log (src/components/ui/Button.tsx:26:13)

    console.log
      [Button] Has onClick in props: true

      at log (src/components/ui/Button.tsx:27:13)

    console.log
      [Button] All props: {
        onClick: [Function: handleNavigate],
        'aria-label': 'Navigate to selected form'
      }

      at log (src/components/ui/Button.tsx:28:13)

    console.log
      [Button] Rendering with type: button

      at log (src/components/ui/Button.tsx:25:13)

    console.log
      [Button] Props received: {
        variant: 'primary',
        size: 'lg',
        type: 'button',
        loading: false,
        disabled: false
      }

      at log (src/components/ui/Button.tsx:26:13)

    console.log
      [Button] Has onClick in props: true

      at log (src/components/ui/Button.tsx:27:13)

    console.log
      [Button] All props: {
        onClick: [Function: handleNavigate],
        'aria-label': 'Navigate to selected form'
      }

      at log (src/components/ui/Button.tsx:28:13)

    console.log
      [Button] Rendering with type: button

      at log (src/components/ui/Button.tsx:25:13)

    console.log
      [Button] Props received: {
        variant: 'primary',
        size: 'lg',
        type: 'button',
        loading: false,
        disabled: true
      }

      at log (src/components/ui/Button.tsx:26:13)

    console.log
      [Button] Has onClick in props: true

      at log (src/components/ui/Button.tsx:27:13)

    console.log
      [Button] All props: {
        onClick: [Function: handleNavigate],
        'aria-label': 'Navigate to selected form'
      }

      at log (src/components/ui/Button.tsx:28:13)

    console.log
      [Button] Rendering with type: button

      at log (src/components/ui/Button.tsx:25:13)

    console.log
      [Button] Props received: {
        variant: 'primary',
        size: 'lg',
        type: 'button',
        loading: false,
        disabled: false
      }

      at log (src/components/ui/Button.tsx:26:13)

    console.log
      [Button] Has onClick in props: true

      at log (src/components/ui/Button.tsx:27:13)

    console.log
      [Button] All props: {
        onClick: [Function: handleNavigate],
        'aria-label': 'Navigate to selected form'
      }

      at log (src/components/ui/Button.tsx:28:13)

    console.log
      [Button] Rendering with type: button

      at log (src/components/ui/Button.tsx:25:13)

    console.log
      [Button] Props received: {
        variant: 'primary',
        size: 'lg',
        type: 'button',
        loading: false,
        disabled: true
      }

      at log (src/components/ui/Button.tsx:26:13)

    console.log
      [Button] Has onClick in props: true

      at log (src/components/ui/Button.tsx:27:13)

    console.log
      [Button] All props: {
        onClick: [Function: handleNavigate],
        'aria-label': 'Navigate to selected form'
      }

      at log (src/components/ui/Button.tsx:28:13)

    console.log
      [Button] Rendering with type: button

      at log (src/components/ui/Button.tsx:25:13)

    console.log
      [Button] Props received: {
        variant: 'primary',
        size: 'lg',
        type: 'button',
        loading: false,
        disabled: false
      }

      at log (src/components/ui/Button.tsx:26:13)

    console.log
      [Button] Has onClick in props: true

      at log (src/components/ui/Button.tsx:27:13)

    console.log
      [Button] All props: {
        onClick: [Function: handleNavigate],
        'aria-label': 'Navigate to selected form'
      }

      at log (src/components/ui/Button.tsx:28:13)

    console.log
      [Button] Rendering with type: button

      at log (src/components/ui/Button.tsx:25:13)

    console.log
      [Button] Props received: {
        variant: 'primary',
        size: 'lg',
        type: 'button',
        loading: false,
        disabled: true
      }

      at log (src/components/ui/Button.tsx:26:13)

    console.log
      [Button] Has onClick in props: true

      at log (src/components/ui/Button.tsx:27:13)

    console.log
      [Button] All props: {
        onClick: [Function: handleNavigate],
        'aria-label': 'Navigate to selected form'
      }

      at log (src/components/ui/Button.tsx:28:13)

    console.log
      [Button] Rendering with type: button

      at log (src/components/ui/Button.tsx:25:13)

    console.log
      [Button] Props received: {
        variant: 'primary',
        size: 'lg',
        type: 'button',
        loading: false,
        disabled: false
      }

      at log (src/components/ui/Button.tsx:26:13)

    console.log
      [Button] Has onClick in props: true

      at log (src/components/ui/Button.tsx:27:13)

    console.log
      [Button] All props: {
        onClick: [Function: handleNavigate],
        'aria-label': 'Navigate to selected form'
      }

      at log (src/components/ui/Button.tsx:28:13)

    console.log
      [Button] Rendering with type: button

      at log (src/components/ui/Button.tsx:25:13)

    console.log
      [Button] Props received: {
        variant: 'primary',
        size: 'lg',
        type: 'button',
        loading: false,
        disabled: true
      }

      at log (src/components/ui/Button.tsx:26:13)

    console.log
      [Button] Has onClick in props: true

      at log (src/components/ui/Button.tsx:27:13)

    console.log
      [Button] All props: {
        onClick: [Function: handleNavigate],
        'aria-label': 'Navigate to selected form'
      }

      at log (src/components/ui/Button.tsx:28:13)

    console.log
      [Button] Rendering with type: button

      at log (src/components/ui/Button.tsx:25:13)

    console.log
      [Button] Props received: {
        variant: 'primary',
        size: 'lg',
        type: 'button',
        loading: false,
        disabled: false
      }

      at log (src/components/ui/Button.tsx:26:13)

    console.log
      [Button] Has onClick in props: true

      at log (src/components/ui/Button.tsx:27:13)

    console.log
      [Button] All props: {
        onClick: [Function: handleNavigate],
        'aria-label': 'Navigate to selected form'
      }

      at log (src/components/ui/Button.tsx:28:13)

    console.log
      [Button] Rendering with type: button

      at log (src/components/ui/Button.tsx:25:13)

    console.log
      [Button] Props received: {
        variant: 'primary',
        size: 'lg',
        type: 'button',
        loading: false,
        disabled: true
      }

      at log (src/components/ui/Button.tsx:26:13)

    console.log
      [Button] Has onClick in props: true

      at log (src/components/ui/Button.tsx:27:13)

    console.log
      [Button] All props: {
        onClick: [Function: handleNavigate],
        'aria-label': 'Navigate to selected form'
      }

      at log (src/components/ui/Button.tsx:28:13)

    console.log
      [Button] Rendering with type: button

      at log (src/components/ui/Button.tsx:25:13)

    console.log
      [Button] Props received: {
        variant: 'primary',
        size: 'lg',
        type: 'button',
        loading: false,
        disabled: false
      }

      at log (src/components/ui/Button.tsx:26:13)

    console.log
      [Button] Has onClick in props: true

      at log (src/components/ui/Button.tsx:27:13)

    console.log
      [Button] All props: {
        onClick: [Function: handleNavigate],
        'aria-label': 'Navigate to selected form'
      }

      at log (src/components/ui/Button.tsx:28:13)

    console.log
      [Button] Rendering with type: button

      at log (src/components/ui/Button.tsx:25:13)

    console.log
      [Button] Props received: {
        variant: 'primary',
        size: 'lg',
        type: 'button',
        loading: false,
        disabled: true
      }

      at log (src/components/ui/Button.tsx:26:13)

    console.log
      [Button] Has onClick in props: true

      at log (src/components/ui/Button.tsx:27:13)

    console.log
      [Button] All props: {
        onClick: [Function: handleNavigate],
        'aria-label': 'Navigate to selected form'
      }

      at log (src/components/ui/Button.tsx:28:13)

    console.log
      [Button] Rendering with type: button

      at log (src/components/ui/Button.tsx:25:13)

    console.log
      [Button] Props received: {
        variant: 'primary',
        size: 'lg',
        type: 'button',
        loading: false,
        disabled: false
      }

      at log (src/components/ui/Button.tsx:26:13)

    console.log
      [Button] Has onClick in props: true

      at log (src/components/ui/Button.tsx:27:13)

    console.log
      [Button] All props: {
        onClick: [Function: handleNavigate],
        'aria-label': 'Navigate to selected form'
      }

      at log (src/components/ui/Button.tsx:28:13)

    console.log
      [Button] Rendering with type: button

      at log (src/components/ui/Button.tsx:25:13)

    console.log
      [Button] Props received: {
        variant: 'primary',
        size: 'lg',
        type: 'button',
        loading: false,
        disabled: true
      }

      at log (src/components/ui/Button.tsx:26:13)

    console.log
      [Button] Has onClick in props: true

      at log (src/components/ui/Button.tsx:27:13)

    console.log
      [Button] All props: {
        onClick: [Function: handleNavigate],
        'aria-label': 'Navigate to selected form'
      }

      at log (src/components/ui/Button.tsx:28:13)

    console.log
      [Button] Rendering with type: button

      at log (src/components/ui/Button.tsx:25:13)

    console.log
      [Button] Props received: {
        variant: 'primary',
        size: 'lg',
        type: 'button',
        loading: false,
        disabled: false
      }

      at log (src/components/ui/Button.tsx:26:13)

    console.log
      [Button] Has onClick in props: true

      at log (src/components/ui/Button.tsx:27:13)

    console.log
      [Button] All props: {
        onClick: [Function: handleNavigate],
        'aria-label': 'Navigate to selected form'
      }

      at log (src/components/ui/Button.tsx:28:13)

    console.log
      [Button] Rendering with type: button

      at log (src/components/ui/Button.tsx:25:13)

    console.log
      [Button] Props received: {
        variant: 'primary',
        size: 'lg',
        type: 'button',
        loading: false,
        disabled: true
      }

      at log (src/components/ui/Button.tsx:26:13)

    console.log
      [Button] Has onClick in props: true

      at log (src/components/ui/Button.tsx:27:13)

    console.log
      [Button] All props: {
        onClick: [Function: handleNavigate],
        'aria-label': 'Navigate to selected form'
      }

      at log (src/components/ui/Button.tsx:28:13)

    console.log
      [Button] Rendering with type: button

      at log (src/components/ui/Button.tsx:25:13)

    console.log
      [Button] Props received: {
        variant: 'primary',
        size: 'lg',
        type: 'button',
        loading: false,
        disabled: false
      }

      at log (src/components/ui/Button.tsx:26:13)

    console.log
      [Button] Has onClick in props: true

      at log (src/components/ui/Button.tsx:27:13)

    console.log
      [Button] All props: {
        onClick: [Function: handleNavigate],
        'aria-label': 'Navigate to selected form'
      }

      at log (src/components/ui/Button.tsx:28:13)

    console.log
      [Button] Rendering with type: button

      at log (src/components/ui/Button.tsx:25:13)

    console.log
      [Button] Props received: {
        variant: 'primary',
        size: 'lg',
        type: 'button',
        loading: false,
        disabled: true
      }

      at log (src/components/ui/Button.tsx:26:13)

    console.log
      [Button] Has onClick in props: true

      at log (src/components/ui/Button.tsx:27:13)

    console.log
      [Button] All props: {
        onClick: [Function: handleNavigate],
        'aria-label': 'Navigate to selected form'
      }

      at log (src/components/ui/Button.tsx:28:13)

    console.log
      [Button] Rendering with type: button

      at log (src/components/ui/Button.tsx:25:13)

    console.log
      [Button] Props received: {
        variant: 'primary',
        size: 'lg',
        type: 'button',
        loading: false,
        disabled: false
      }

      at log (src/components/ui/Button.tsx:26:13)

    console.log
      [Button] Has onClick in props: true

      at log (src/components/ui/Button.tsx:27:13)

    console.log
      [Button] All props: {
        onClick: [Function: handleNavigate],
        'aria-label': 'Navigate to selected form'
      }

      at log (src/components/ui/Button.tsx:28:13)

    console.log
      [Button] Rendering with type: button

      at log (src/components/ui/Button.tsx:25:13)

    console.log
      [Button] Props received: {
        variant: 'primary',
        size: 'lg',
        type: 'button',
        loading: false,
        disabled: true
      }

      at log (src/components/ui/Button.tsx:26:13)

    console.log
      [Button] Has onClick in props: true

      at log (src/components/ui/Button.tsx:27:13)

    console.log
      [Button] All props: {
        onClick: [Function: handleNavigate],
        'aria-label': 'Navigate to selected form'
      }

      at log (src/components/ui/Button.tsx:28:13)

    console.log
      [Button] Rendering with type: button

      at log (src/components/ui/Button.tsx:25:13)

    console.log
      [Button] Props received: {
        variant: 'primary',
        size: 'lg',
        type: 'button',
        loading: false,
        disabled: false
      }

      at log (src/components/ui/Button.tsx:26:13)

    console.log
      [Button] Has onClick in props: true

      at log (src/components/ui/Button.tsx:27:13)

    console.log
      [Button] All props: {
        onClick: [Function: handleNavigate],
        'aria-label': 'Navigate to selected form'
      }

      at log (src/components/ui/Button.tsx:28:13)

    console.log
      [Button] Rendering with type: button

      at log (src/components/ui/Button.tsx:25:13)

    console.log
      [Button] Props received: {
        variant: 'primary',
        size: 'lg',
        type: 'button',
        loading: false,
        disabled: true
      }

      at log (src/components/ui/Button.tsx:26:13)

    console.log
      [Button] Has onClick in props: true

      at log (src/components/ui/Button.tsx:27:13)

    console.log
      [Button] All props: {
        onClick: [Function: handleNavigate],
        'aria-label': 'Navigate to selected form'
      }

      at log (src/components/ui/Button.tsx:28:13)

    console.log
      [Button] Rendering with type: button

      at log (src/components/ui/Button.tsx:25:13)

    console.log
      [Button] Props received: {
        variant: 'primary',
        size: 'lg',
        type: 'button',
        loading: false,
        disabled: false
      }

      at log (src/components/ui/Button.tsx:26:13)

    console.log
      [Button] Has onClick in props: true

      at log (src/components/ui/Button.tsx:27:13)

    console.log
      [Button] All props: {
        onClick: [Function: handleNavigate],
        'aria-label': 'Navigate to selected form'
      }

      at log (src/components/ui/Button.tsx:28:13)

    console.log
      [Button] Rendering with type: button

      at log (src/components/ui/Button.tsx:25:13)

    console.log
      [Button] Props received: {
        variant: 'primary',
        size: 'lg',
        type: 'button',
        loading: false,
        disabled: true
      }

      at log (src/components/ui/Button.tsx:26:13)

    console.log
      [Button] Has onClick in props: true

      at log (src/components/ui/Button.tsx:27:13)

    console.log
      [Button] All props: {
        onClick: [Function: handleNavigate],
        'aria-label': 'Navigate to selected form'
      }

      at log (src/components/ui/Button.tsx:28:13)

    console.log
      [Button] Rendering with type: button

      at log (src/components/ui/Button.tsx:25:13)

    console.log
      [Button] Props received: {
        variant: 'primary',
        size: 'lg',
        type: 'button',
        loading: false,
        disabled: false
      }

      at log (src/components/ui/Button.tsx:26:13)

    console.log
      [Button] Has onClick in props: true

      at log (src/components/ui/Button.tsx:27:13)

    console.log
      [Button] All props: {
        onClick: [Function: handleNavigate],
        'aria-label': 'Navigate to selected form'
      }

      at log (src/components/ui/Button.tsx:28:13)

    console.log
      [Button] Rendering with type: button

      at log (src/components/ui/Button.tsx:25:13)

    console.log
      [Button] Props received: {
        variant: 'primary',
        size: 'lg',
        type: 'button',
        loading: false,
        disabled: true
      }

      at log (src/components/ui/Button.tsx:26:13)

    console.log
      [Button] Has onClick in props: true

      at log (src/components/ui/Button.tsx:27:13)

    console.log
      [Button] All props: {
        onClick: [Function: handleNavigate],
        'aria-label': 'Navigate to selected form'
      }

      at log (src/components/ui/Button.tsx:28:13)

    console.log
      [Button] Rendering with type: button

      at log (src/components/ui/Button.tsx:25:13)

    console.log
      [Button] Props received: {
        variant: 'primary',
        size: 'lg',
        type: 'button',
        loading: false,
        disabled: false
      }

      at log (src/components/ui/Button.tsx:26:13)

    console.log
      [Button] Has onClick in props: true

      at log (src/components/ui/Button.tsx:27:13)

    console.log
      [Button] All props: {
        onClick: [Function: handleNavigate],
        'aria-label': 'Navigate to selected form'
      }

      at log (src/components/ui/Button.tsx:28:13)

    console.log
      [Button] Rendering with type: button

      at log (src/components/ui/Button.tsx:25:13)

    console.log
      [Button] Props received: {
        variant: 'primary',
        size: 'lg',
        type: 'button',
        loading: false,
        disabled: true
      }

      at log (src/components/ui/Button.tsx:26:13)

    console.log
      [Button] Has onClick in props: true

      at log (src/components/ui/Button.tsx:27:13)

    console.log
      [Button] All props: {
        onClick: [Function: handleNavigate],
        'aria-label': 'Navigate to selected form'
      }

      at log (src/components/ui/Button.tsx:28:13)

    console.log
      [Button] Rendering with type: button

      at log (src/components/ui/Button.tsx:25:13)

    console.log
      [Button] Props received: {
        variant: 'primary',
        size: 'lg',
        type: 'button',
        loading: false,
        disabled: false
      }

      at log (src/components/ui/Button.tsx:26:13)

    console.log
      [Button] Has onClick in props: true

      at log (src/components/ui/Button.tsx:27:13)

    console.log
      [Button] All props: {
        onClick: [Function: handleNavigate],
        'aria-label': 'Navigate to selected form'
      }

      at log (src/components/ui/Button.tsx:28:13)

    console.log
      [Button] Rendering with type: button

      at log (src/components/ui/Button.tsx:25:13)

    console.log
      [Button] Props received: {
        variant: 'primary',
        size: 'lg',
        type: 'button',
        loading: false,
        disabled: true
      }

      at log (src/components/ui/Button.tsx:26:13)

    console.log
      [Button] Has onClick in props: true

      at log (src/components/ui/Button.tsx:27:13)

    console.log
      [Button] All props: {
        onClick: [Function: handleNavigate],
        'aria-label': 'Navigate to selected form'
      }

      at log (src/components/ui/Button.tsx:28:13)

    console.log
      [Button] Rendering with type: button

      at log (src/components/ui/Button.tsx:25:13)

    console.log
      [Button] Props received: {
        variant: 'primary',
        size: 'lg',
        type: 'button',
        loading: false,
        disabled: false
      }

      at log (src/components/ui/Button.tsx:26:13)

    console.log
      [Button] Has onClick in props: true

      at log (src/components/ui/Button.tsx:27:13)

    console.log
      [Button] All props: {
        onClick: [Function: handleNavigate],
        'aria-label': 'Navigate to selected form'
      }

      at log (src/components/ui/Button.tsx:28:13)

    console.log
      [Button] Rendering with type: button

      at log (src/components/ui/Button.tsx:25:13)

    console.log
      [Button] Props received: {
        variant: 'primary',
        size: 'lg',
        type: 'button',
        loading: false,
        disabled: true
      }

      at log (src/components/ui/Button.tsx:26:13)

    console.log
      [Button] Has onClick in props: true

      at log (src/components/ui/Button.tsx:27:13)

    console.log
      [Button] All props: {
        onClick: [Function: handleNavigate],
        'aria-label': 'Navigate to selected form'
      }

      at log (src/components/ui/Button.tsx:28:13)

    console.log
      [Button] Rendering with type: button

      at log (src/components/ui/Button.tsx:25:13)

    console.log
      [Button] Props received: {
        variant: 'primary',
        size: 'lg',
        type: 'button',
        loading: false,
        disabled: false
      }

      at log (src/components/ui/Button.tsx:26:13)

    console.log
      [Button] Has onClick in props: true

      at log (src/components/ui/Button.tsx:27:13)

    console.log
      [Button] All props: {
        onClick: [Function: handleNavigate],
        'aria-label': 'Navigate to selected form'
      }

      at log (src/components/ui/Button.tsx:28:13)

    console.log
      [Button] Rendering with type: button

      at log (src/components/ui/Button.tsx:25:13)

    console.log
      [Button] Props received: {
        variant: 'primary',
        size: 'lg',
        type: 'button',
        loading: false,
        disabled: true
      }

      at log (src/components/ui/Button.tsx:26:13)

    console.log
      [Button] Has onClick in props: true

      at log (src/components/ui/Button.tsx:27:13)

    console.log
      [Button] All props: {
        onClick: [Function: handleNavigate],
        'aria-label': 'Navigate to selected form'
      }

      at log (src/components/ui/Button.tsx:28:13)

    console.log
      [Button] Rendering with type: button

      at log (src/components/ui/Button.tsx:25:13)

    console.log
      [Button] Props received: {
        variant: 'primary',
        size: 'lg',
        type: 'button',
        loading: false,
        disabled: false
      }

      at log (src/components/ui/Button.tsx:26:13)

    console.log
      [Button] Has onClick in props: true

      at log (src/components/ui/Button.tsx:27:13)

    console.log
      [Button] All props: {
        onClick: [Function: handleNavigate],
        'aria-label': 'Navigate to selected form'
      }

      at log (src/components/ui/Button.tsx:28:13)

    console.log
      [Button] Rendering with type: button

      at log (src/components/ui/Button.tsx:25:13)

    console.log
      [Button] Props received: {
        variant: 'primary',
        size: 'lg',
        type: 'button',
        loading: false,
        disabled: true
      }

      at log (src/components/ui/Button.tsx:26:13)

    console.log
      [Button] Has onClick in props: true

      at log (src/components/ui/Button.tsx:27:13)

    console.log
      [Button] All props: {
        onClick: [Function: handleNavigate],
        'aria-label': 'Navigate to selected form'
      }

      at log (src/components/ui/Button.tsx:28:13)

    console.log
      [Button] Rendering with type: button

      at log (src/components/ui/Button.tsx:25:13)

    console.log
      [Button] Props received: {
        variant: 'primary',
        size: 'lg',
        type: 'button',
        loading: false,
        disabled: false
      }

      at log (src/components/ui/Button.tsx:26:13)

    console.log
      [Button] Has onClick in props: true

      at log (src/components/ui/Button.tsx:27:13)

    console.log
      [Button] All props: {
        onClick: [Function: handleNavigate],
        'aria-label': 'Navigate to selected form'
      }

      at log (src/components/ui/Button.tsx:28:13)

    console.log
      [Button] Rendering with type: button

      at log (src/components/ui/Button.tsx:25:13)

    console.log
      [Button] Props received: {
        variant: 'primary',
        size: 'lg',
        type: 'button',
        loading: false,
        disabled: true
      }

      at log (src/components/ui/Button.tsx:26:13)

    console.log
      [Button] Has onClick in props: true

      at log (src/components/ui/Button.tsx:27:13)

    console.log
      [Button] All props: {
        onClick: [Function: handleNavigate],
        'aria-label': 'Navigate to selected form'
      }

      at log (src/components/ui/Button.tsx:28:13)

    console.log
      [Button] Rendering with type: button

      at log (src/components/ui/Button.tsx:25:13)

    console.log
      [Button] Props received: {
        variant: 'primary',
        size: 'lg',
        type: 'button',
        loading: false,
        disabled: false
      }

      at log (src/components/ui/Button.tsx:26:13)

    console.log
      [Button] Has onClick in props: true

      at log (src/components/ui/Button.tsx:27:13)

    console.log
      [Button] All props: {
        onClick: [Function: handleNavigate],
        'aria-label': 'Navigate to selected form'
      }

      at log (src/components/ui/Button.tsx:28:13)

    console.log
      [Button] Rendering with type: button

      at log (src/components/ui/Button.tsx:25:13)

    console.log
      [Button] Props received: {
        variant: 'primary',
        size: 'lg',
        type: 'button',
        loading: false,
        disabled: true
      }

      at log (src/components/ui/Button.tsx:26:13)

    console.log
      [Button] Has onClick in props: true

      at log (src/components/ui/Button.tsx:27:13)

    console.log
      [Button] All props: {
        onClick: [Function: handleNavigate],
        'aria-label': 'Navigate to selected form'
      }

      at log (src/components/ui/Button.tsx:28:13)

    console.log
      [Button] Rendering with type: button

      at log (src/components/ui/Button.tsx:25:13)

    console.log
      [Button] Props received: {
        variant: 'primary',
        size: 'lg',
        type: 'button',
        loading: false,
        disabled: false
      }

      at log (src/components/ui/Button.tsx:26:13)

    console.log
      [Button] Has onClick in props: true

      at log (src/components/ui/Button.tsx:27:13)

    console.log
      [Button] All props: {
        onClick: [Function: handleNavigate],
        'aria-label': 'Navigate to selected form'
      }

      at log (src/components/ui/Button.tsx:28:13)

    console.log
      [Button] Rendering with type: button

      at log (src/components/ui/Button.tsx:25:13)

    console.log
      [Button] Props received: {
        variant: 'primary',
        size: 'lg',
        type: 'button',
        loading: false,
        disabled: false
      }

      at log (src/components/ui/Button.tsx:26:13)

    console.log
      [Button] Has onClick in props: true

      at log (src/components/ui/Button.tsx:27:13)

    console.log
      [Button] All props: {
        onClick: [Function: handleNavigate],
        'aria-label': 'Navigate to selected form'
      }

      at log (src/components/ui/Button.tsx:28:13)

    console.log
      [Button] Rendering with type: button

      at log (src/components/ui/Button.tsx:25:13)

    console.log
      [Button] Props received: {
        variant: 'primary',
        size: 'lg',
        type: 'button',
        loading: false,
        disabled: true
      }

      at log (src/components/ui/Button.tsx:26:13)

    console.log
      [Button] Has onClick in props: true

      at log (src/components/ui/Button.tsx:27:13)

    console.log
      [Button] All props: {
        onClick: [Function: handleNavigate],
        'aria-label': 'Navigate to selected form'
      }

      at log (src/components/ui/Button.tsx:28:13)

    console.log
      [Button] Rendering with type: button

      at log (src/components/ui/Button.tsx:25:13)

    console.log
      [Button] Props received: {
        variant: 'primary',
        size: 'lg',
        type: 'button',
        loading: false,
        disabled: false
      }

      at log (src/components/ui/Button.tsx:26:13)

    console.log
      [Button] Has onClick in props: true

      at log (src/components/ui/Button.tsx:27:13)

    console.log
      [Button] All props: {
        onClick: [Function: handleNavigate],
        'aria-label': 'Navigate to selected form'
      }

      at log (src/components/ui/Button.tsx:28:13)

    console.log
      [Button] Rendering with type: button

      at log (src/components/ui/Button.tsx:25:13)

    console.log
      [Button] Props received: {
        variant: 'primary',
        size: 'lg',
        type: 'button',
        loading: false,
        disabled: false
      }

      at log (src/components/ui/Button.tsx:26:13)

    console.log
      [Button] Has onClick in props: true

      at log (src/components/ui/Button.tsx:27:13)

    console.log
      [Button] All props: {
        onClick: [Function: handleNavigate],
        'aria-label': 'Navigate to selected form'
      }

      at log (src/components/ui/Button.tsx:28:13)

    console.log
      [Button] Rendering with type: button

      at log (src/components/ui/Button.tsx:25:13)

    console.log
      [Button] Props received: {
        variant: 'primary',
        size: 'lg',
        type: 'button',
        loading: false,
        disabled: true
      }

      at log (src/components/ui/Button.tsx:26:13)

    console.log
      [Button] Has onClick in props: true

      at log (src/components/ui/Button.tsx:27:13)

    console.log
      [Button] All props: {
        onClick: [Function: handleNavigate],
        'aria-label': 'Navigate to selected form'
      }

      at log (src/components/ui/Button.tsx:28:13)

    console.log
      [Button] Rendering with type: button

      at log (src/components/ui/Button.tsx:25:13)

    console.log
      [Button] Props received: {
        variant: 'primary',
        size: 'lg',
        type: 'button',
        loading: false,
        disabled: false
      }

      at log (src/components/ui/Button.tsx:26:13)

    console.log
      [Button] Has onClick in props: true

      at log (src/components/ui/Button.tsx:27:13)

    console.log
      [Button] All props: {
        onClick: [Function: handleNavigate],
        'aria-label': 'Navigate to selected form'
      }

      at log (src/components/ui/Button.tsx:28:13)

    console.log
      [Button] Rendering with type: button

      at log (src/components/ui/Button.tsx:25:13)

    console.log
      [Button] Props received: {
        variant: 'primary',
        size: 'lg',
        type: 'button',
        loading: false,
        disabled: false
      }

      at log (src/components/ui/Button.tsx:26:13)

    console.log
      [Button] Has onClick in props: true

      at log (src/components/ui/Button.tsx:27:13)

    console.log
      [Button] All props: {
        onClick: [Function: handleNavigate],
        'aria-label': 'Navigate to selected form'
      }

      at log (src/components/ui/Button.tsx:28:13)

    console.log
      [Button] Rendering with type: button

      at log (src/components/ui/Button.tsx:25:13)

    console.log
      [Button] Props received: {
        variant: 'primary',
        size: 'lg',
        type: 'button',
        loading: false,
        disabled: true
      }

      at log (src/components/ui/Button.tsx:26:13)

    console.log
      [Button] Has onClick in props: true

      at log (src/components/ui/Button.tsx:27:13)

    console.log
      [Button] All props: {
        onClick: [Function: handleNavigate],
        'aria-label': 'Navigate to selected form'
      }

      at log (src/components/ui/Button.tsx:28:13)

    console.log
      [Button] Rendering with type: button

      at log (src/components/ui/Button.tsx:25:13)

    console.log
      [Button] Props received: {
        variant: 'primary',
        size: 'lg',
        type: 'button',
        loading: false,
        disabled: false
      }

      at log (src/components/ui/Button.tsx:26:13)

    console.log
      [Button] Has onClick in props: true

      at log (src/components/ui/Button.tsx:27:13)

    console.log
      [Button] All props: {
        onClick: [Function: handleNavigate],
        'aria-label': 'Navigate to selected form'
      }

      at log (src/components/ui/Button.tsx:28:13)

    console.log
      [Button] Rendering with type: button

      at log (src/components/ui/Button.tsx:25:13)

    console.log
      [Button] Props received: {
        variant: 'primary',
        size: 'lg',
        type: 'button',
        loading: false,
        disabled: false
      }

      at log (src/components/ui/Button.tsx:26:13)

    console.log
      [Button] Has onClick in props: true

      at log (src/components/ui/Button.tsx:27:13)

    console.log
      [Button] All props: {
        onClick: [Function: handleNavigate],
        'aria-label': 'Navigate to selected form'
      }

      at log (src/components/ui/Button.tsx:28:13)

    console.log
      [Button] Rendering with type: button

      at log (src/components/ui/Button.tsx:25:13)

    console.log
      [Button] Props received: {
        variant: 'primary',
        size: 'lg',
        type: 'button',
        loading: false,
        disabled: true
      }

      at log (src/components/ui/Button.tsx:26:13)

    console.log
      [Button] Has onClick in props: true

      at log (src/components/ui/Button.tsx:27:13)

    console.log
      [Button] All props: {
        onClick: [Function: handleNavigate],
        'aria-label': 'Navigate to selected form'
      }

      at log (src/components/ui/Button.tsx:28:13)

    console.log
      [Button] Rendering with type: button

      at log (src/components/ui/Button.tsx:25:13)

    console.log
      [Button] Props received: {
        variant: 'primary',
        size: 'lg',
        type: 'button',
        loading: false,
        disabled: false
      }

      at log (src/components/ui/Button.tsx:26:13)

    console.log
      [Button] Has onClick in props: true

      at log (src/components/ui/Button.tsx:27:13)

    console.log
      [Button] All props: {
        onClick: [Function: handleNavigate],
        'aria-label': 'Navigate to selected form'
      }

      at log (src/components/ui/Button.tsx:28:13)

    console.log
      [Button] Rendering with type: button

      at log (src/components/ui/Button.tsx:25:13)

    console.log
      [Button] Props received: {
        variant: 'primary',
        size: 'lg',
        type: 'button',
        loading: false,
        disabled: false
      }

      at log (src/components/ui/Button.tsx:26:13)

    console.log
      [Button] Has onClick in props: true

      at log (src/components/ui/Button.tsx:27:13)

    console.log
      [Button] All props: {
        onClick: [Function: handleNavigate],
        'aria-label': 'Navigate to selected form'
      }

      at log (src/components/ui/Button.tsx:28:13)

    console.log
      [Button] Rendering with type: button

      at log (src/components/ui/Button.tsx:25:13)

    console.log
      [Button] Props received: {
        variant: 'primary',
        size: 'lg',
        type: 'button',
        loading: false,
        disabled: true
      }

      at log (src/components/ui/Button.tsx:26:13)

    console.log
      [Button] Has onClick in props: true

      at log (src/components/ui/Button.tsx:27:13)

    console.log
      [Button] All props: {
        onClick: [Function: handleNavigate],
        'aria-label': 'Navigate to selected form'
      }

      at log (src/components/ui/Button.tsx:28:13)

    console.log
      [Button] Rendering with type: button

      at log (src/components/ui/Button.tsx:25:13)

    console.log
      [Button] Props received: {
        variant: 'primary',
        size: 'lg',
        type: 'button',
        loading: false,
        disabled: false
      }

      at log (src/components/ui/Button.tsx:26:13)

    console.log
      [Button] Has onClick in props: true

      at log (src/components/ui/Button.tsx:27:13)

    console.log
      [Button] All props: {
        onClick: [Function: handleNavigate],
        'aria-label': 'Navigate to selected form'
      }

      at log (src/components/ui/Button.tsx:28:13)

    console.log
      [Button] Rendering with type: button

      at log (src/components/ui/Button.tsx:25:13)

    console.log
      [Button] Props received: {
        variant: 'primary',
        size: 'lg',
        type: 'button',
        loading: false,
        disabled: false
      }

      at log (src/components/ui/Button.tsx:26:13)

    console.log
      [Button] Has onClick in props: true

      at log (src/components/ui/Button.tsx:27:13)

    console.log
      [Button] All props: {
        onClick: [Function: handleNavigate],
        'aria-label': 'Navigate to selected form'
      }

      at log (src/components/ui/Button.tsx:28:13)

    console.log
      [Button] Rendering with type: button

      at log (src/components/ui/Button.tsx:25:13)

    console.log
      [Button] Props received: {
        variant: 'primary',
        size: 'lg',
        type: 'button',
        loading: false,
        disabled: true
      }

      at log (src/components/ui/Button.tsx:26:13)

    console.log
      [Button] Has onClick in props: true

      at log (src/components/ui/Button.tsx:27:13)

    console.log
      [Button] All props: {
        onClick: [Function: handleNavigate],
        'aria-label': 'Navigate to selected form'
      }

      at log (src/components/ui/Button.tsx:28:13)

    console.log
      [Button] Rendering with type: button

      at log (src/components/ui/Button.tsx:25:13)

    console.log
      [Button] Props received: {
        variant: 'primary',
        size: 'lg',
        type: 'button',
        loading: false,
        disabled: false
      }

      at log (src/components/ui/Button.tsx:26:13)

    console.log
      [Button] Has onClick in props: true

      at log (src/components/ui/Button.tsx:27:13)

    console.log
      [Button] All props: {
        onClick: [Function: handleNavigate],
        'aria-label': 'Navigate to selected form'
      }

      at log (src/components/ui/Button.tsx:28:13)

    console.log
      [Button] Rendering with type: button

      at log (src/components/ui/Button.tsx:25:13)

    console.log
      [Button] Props received: {
        variant: 'primary',
        size: 'lg',
        type: 'button',
        loading: false,
        disabled: false
      }

      at log (src/components/ui/Button.tsx:26:13)

    console.log
      [Button] Has onClick in props: true

      at log (src/components/ui/Button.tsx:27:13)

    console.log
      [Button] All props: {
        onClick: [Function: handleNavigate],
        'aria-label': 'Navigate to selected form'
      }

      at log (src/components/ui/Button.tsx:28:13)

    console.log
      [Button] Rendering with type: button

      at log (src/components/ui/Button.tsx:25:13)

    console.log
      [Button] Props received: {
        variant: 'primary',
        size: 'lg',
        type: 'button',
        loading: false,
        disabled: true
      }

      at log (src/components/ui/Button.tsx:26:13)

    console.log
      [Button] Has onClick in props: true

      at log (src/components/ui/Button.tsx:27:13)

    console.log
      [Button] All props: {
        onClick: [Function: handleNavigate],
        'aria-label': 'Navigate to selected form'
      }

      at log (src/components/ui/Button.tsx:28:13)

    console.log
      [Button] Rendering with type: button

      at log (src/components/ui/Button.tsx:25:13)

    console.log
      [Button] Props received: {
        variant: 'primary',
        size: 'lg',
        type: 'button',
        loading: false,
        disabled: false
      }

      at log (src/components/ui/Button.tsx:26:13)

    console.log
      [Button] Has onClick in props: true

      at log (src/components/ui/Button.tsx:27:13)

    console.log
      [Button] All props: {
        onClick: [Function: handleNavigate],
        'aria-label': 'Navigate to selected form'
      }

      at log (src/components/ui/Button.tsx:28:13)

    console.log
      [Button] Rendering with type: button

      at log (src/components/ui/Button.tsx:25:13)

    console.log
      [Button] Props received: {
        variant: 'primary',
        size: 'lg',
        type: 'button',
        loading: false,
        disabled: false
      }

      at log (src/components/ui/Button.tsx:26:13)

    console.log
      [Button] Has onClick in props: true

      at log (src/components/ui/Button.tsx:27:13)

    console.log
      [Button] All props: {
        onClick: [Function: handleNavigate],
        'aria-label': 'Navigate to selected form'
      }

      at log (src/components/ui/Button.tsx:28:13)

    console.log
      [Button] Rendering with type: button

      at log (src/components/ui/Button.tsx:25:13)

    console.log
      [Button] Props received: {
        variant: 'primary',
        size: 'lg',
        type: 'button',
        loading: false,
        disabled: true
      }

      at log (src/components/ui/Button.tsx:26:13)

    console.log
      [Button] Has onClick in props: true

      at log (src/components/ui/Button.tsx:27:13)

    console.log
      [Button] All props: {
        onClick: [Function: handleNavigate],
        'aria-label': 'Navigate to selected form'
      }

      at log (src/components/ui/Button.tsx:28:13)

    console.log
      [Button] Rendering with type: button

      at log (src/components/ui/Button.tsx:25:13)

    console.log
      [Button] Props received: {
        variant: 'primary',
        size: 'lg',
        type: 'button',
        loading: false,
        disabled: false
      }

      at log (src/components/ui/Button.tsx:26:13)

    console.log
      [Button] Has onClick in props: true

      at log (src/components/ui/Button.tsx:27:13)

    console.log
      [Button] All props: {
        onClick: [Function: handleNavigate],
        'aria-label': 'Navigate to selected form'
      }

      at log (src/components/ui/Button.tsx:28:13)

    console.log
      [Button] Rendering with type: button

      at log (src/components/ui/Button.tsx:25:13)

    console.log
      [Button] Props received: {
        variant: 'primary',
        size: 'lg',
        type: 'button',
        loading: false,
        disabled: false
      }

      at log (src/components/ui/Button.tsx:26:13)

    console.log
      [Button] Has onClick in props: true

      at log (src/components/ui/Button.tsx:27:13)

    console.log
      [Button] All props: {
        onClick: [Function: handleNavigate],
        'aria-label': 'Navigate to selected form'
      }

      at log (src/components/ui/Button.tsx:28:13)

    console.log
      [Button] Rendering with type: button

      at log (src/components/ui/Button.tsx:25:13)

    console.log
      [Button] Props received: {
        variant: 'primary',
        size: 'lg',
        type: 'button',
        loading: false,
        disabled: true
      }

      at log (src/components/ui/Button.tsx:26:13)

    console.log
      [Button] Has onClick in props: true

      at log (src/components/ui/Button.tsx:27:13)

    console.log
      [Button] All props: {
        onClick: [Function: handleNavigate],
        'aria-label': 'Navigate to selected form'
      }

      at log (src/components/ui/Button.tsx:28:13)

    console.log
      [Button] Rendering with type: button

      at log (src/components/ui/Button.tsx:25:13)

    console.log
      [Button] Props received: {
        variant: 'primary',
        size: 'lg',
        type: 'button',
        loading: false,
        disabled: false
      }

      at log (src/components/ui/Button.tsx:26:13)

    console.log
      [Button] Has onClick in props: true

      at log (src/components/ui/Button.tsx:27:13)

    console.log
      [Button] All props: {
        onClick: [Function: handleNavigate],
        'aria-label': 'Navigate to selected form'
      }

      at log (src/components/ui/Button.tsx:28:13)

    console.log
      [Button] Rendering with type: button

      at log (src/components/ui/Button.tsx:25:13)

    console.log
      [Button] Props received: {
        variant: 'primary',
        size: 'lg',
        type: 'button',
        loading: false,
        disabled: false
      }

      at log (src/components/ui/Button.tsx:26:13)

    console.log
      [Button] Has onClick in props: true

      at log (src/components/ui/Button.tsx:27:13)

    console.log
      [Button] All props: {
        onClick: [Function: handleNavigate],
        'aria-label': 'Navigate to selected form'
      }

      at log (src/components/ui/Button.tsx:28:13)

    console.log
      [Button] Rendering with type: button

      at log (src/components/ui/Button.tsx:25:13)

    console.log
      [Button] Props received: {
        variant: 'primary',
        size: 'lg',
        type: 'button',
        loading: false,
        disabled: true
      }

      at log (src/components/ui/Button.tsx:26:13)

    console.log
      [Button] Has onClick in props: true

      at log (src/components/ui/Button.tsx:27:13)

    console.log
      [Button] All props: {
        onClick: [Function: handleNavigate],
        'aria-label': 'Navigate to selected form'
      }

      at log (src/components/ui/Button.tsx:28:13)

    console.log
      [Button] Rendering with type: button

      at log (src/components/ui/Button.tsx:25:13)

    console.log
      [Button] Props received: {
        variant: 'primary',
        size: 'lg',
        type: 'button',
        loading: false,
        disabled: false
      }

      at log (src/components/ui/Button.tsx:26:13)

    console.log
      [Button] Has onClick in props: true

      at log (src/components/ui/Button.tsx:27:13)

    console.log
      [Button] All props: {
        onClick: [Function: handleNavigate],
        'aria-label': 'Navigate to selected form'
      }

      at log (src/components/ui/Button.tsx:28:13)

    console.log
      [Button] Rendering with type: button

      at log (src/components/ui/Button.tsx:25:13)

    console.log
      [Button] Props received: {
        variant: 'primary',
        size: 'lg',
        type: 'button',
        loading: false,
        disabled: false
      }

      at log (src/components/ui/Button.tsx:26:13)

    console.log
      [Button] Has onClick in props: true

      at log (src/components/ui/Button.tsx:27:13)

    console.log
      [Button] All props: {
        onClick: [Function: handleNavigate],
        'aria-label': 'Navigate to selected form'
      }

      at log (src/components/ui/Button.tsx:28:13)

    console.log
      [Button] Rendering with type: button

      at log (src/components/ui/Button.tsx:25:13)

    console.log
      [Button] Props received: {
        variant: 'primary',
        size: 'lg',
        type: 'button',
        loading: false,
        disabled: true
      }

      at log (src/components/ui/Button.tsx:26:13)

    console.log
      [Button] Has onClick in props: true

      at log (src/components/ui/Button.tsx:27:13)

    console.log
      [Button] All props: {
        onClick: [Function: handleNavigate],
        'aria-label': 'Navigate to selected form'
      }

      at log (src/components/ui/Button.tsx:28:13)

    console.log
      [Button] Rendering with type: button

      at log (src/components/ui/Button.tsx:25:13)

    console.log
      [Button] Props received: {
        variant: 'primary',
        size: 'lg',
        type: 'button',
        loading: false,
        disabled: false
      }

      at log (src/components/ui/Button.tsx:26:13)

    console.log
      [Button] Has onClick in props: true

      at log (src/components/ui/Button.tsx:27:13)

    console.log
      [Button] All props: {
        onClick: [Function: handleNavigate],
        'aria-label': 'Navigate to selected form'
      }

      at log (src/components/ui/Button.tsx:28:13)

    console.log
      [Button] Rendering with type: button

      at log (src/components/ui/Button.tsx:25:13)

    console.log
      [Button] Props received: {
        variant: 'primary',
        size: 'lg',
        type: 'button',
        loading: false,
        disabled: false
      }

      at log (src/components/ui/Button.tsx:26:13)

    console.log
      [Button] Has onClick in props: true

      at log (src/components/ui/Button.tsx:27:13)

    console.log
      [Button] All props: {
        onClick: [Function: handleNavigate],
        'aria-label': 'Navigate to selected form'
      }

      at log (src/components/ui/Button.tsx:28:13)

    console.log
      [Button] Rendering with type: button

      at log (src/components/ui/Button.tsx:25:13)

    console.log
      [Button] Props received: {
        variant: 'primary',
        size: 'lg',
        type: 'button',
        loading: false,
        disabled: true
      }

      at log (src/components/ui/Button.tsx:26:13)

    console.log
      [Button] Has onClick in props: true

      at log (src/components/ui/Button.tsx:27:13)

    console.log
      [Button] All props: {
        onClick: [Function: handleNavigate],
        'aria-label': 'Navigate to selected form'
      }

      at log (src/components/ui/Button.tsx:28:13)

    console.log
      [Button] Rendering with type: button

      at log (src/components/ui/Button.tsx:25:13)

    console.log
      [Button] Props received: {
        variant: 'primary',
        size: 'lg',
        type: 'button',
        loading: false,
        disabled: false
      }

      at log (src/components/ui/Button.tsx:26:13)

    console.log
      [Button] Has onClick in props: true

      at log (src/components/ui/Button.tsx:27:13)

    console.log
      [Button] All props: {
        onClick: [Function: handleNavigate],
        'aria-label': 'Navigate to selected form'
      }

      at log (src/components/ui/Button.tsx:28:13)

    console.log
      [Button] Rendering with type: button

      at log (src/components/ui/Button.tsx:25:13)

    console.log
      [Button] Props received: {
        variant: 'primary',
        size: 'lg',
        type: 'button',
        loading: false,
        disabled: false
      }

      at log (src/components/ui/Button.tsx:26:13)

    console.log
      [Button] Has onClick in props: true

      at log (src/components/ui/Button.tsx:27:13)

    console.log
      [Button] All props: {
        onClick: [Function: handleNavigate],
        'aria-label': 'Navigate to selected form'
      }

      at log (src/components/ui/Button.tsx:28:13)

    console.log
      [Button] Rendering with type: button

      at log (src/components/ui/Button.tsx:25:13)

    console.log
      [Button] Props received: {
        variant: 'primary',
        size: 'lg',
        type: 'button',
        loading: false,
        disabled: true
      }

      at log (src/components/ui/Button.tsx:26:13)

    console.log
      [Button] Has onClick in props: true

      at log (src/components/ui/Button.tsx:27:13)

    console.log
      [Button] All props: {
        onClick: [Function: handleNavigate],
        'aria-label': 'Navigate to selected form'
      }

      at log (src/components/ui/Button.tsx:28:13)

    console.log
      [Button] Rendering with type: button

      at log (src/components/ui/Button.tsx:25:13)

    console.log
      [Button] Props received: {
        variant: 'primary',
        size: 'lg',
        type: 'button',
        loading: false,
        disabled: false
      }

      at log (src/components/ui/Button.tsx:26:13)

    console.log
      [Button] Has onClick in props: true

      at log (src/components/ui/Button.tsx:27:13)

    console.log
      [Button] All props: {
        onClick: [Function: handleNavigate],
        'aria-label': 'Navigate to selected form'
      }

      at log (src/components/ui/Button.tsx:28:13)

    console.log
      [Button] Rendering with type: button

      at log (src/components/ui/Button.tsx:25:13)

    console.log
      [Button] Props received: {
        variant: 'primary',
        size: 'lg',
        type: 'button',
        loading: false,
        disabled: false
      }

      at log (src/components/ui/Button.tsx:26:13)

    console.log
      [Button] Has onClick in props: true

      at log (src/components/ui/Button.tsx:27:13)

    console.log
      [Button] All props: {
        onClick: [Function: handleNavigate],
        'aria-label': 'Navigate to selected form'
      }

      at log (src/components/ui/Button.tsx:28:13)

    console.log
      [Button] Rendering with type: button

      at log (src/components/ui/Button.tsx:25:13)

    console.log
      [Button] Props received: {
        variant: 'primary',
        size: 'lg',
        type: 'button',
        loading: false,
        disabled: true
      }

      at log (src/components/ui/Button.tsx:26:13)

    console.log
      [Button] Has onClick in props: true

      at log (src/components/ui/Button.tsx:27:13)

    console.log
      [Button] All props: {
        onClick: [Function: handleNavigate],
        'aria-label': 'Navigate to selected form'
      }

      at log (src/components/ui/Button.tsx:28:13)

    console.log
      [Button] Rendering with type: button

      at log (src/components/ui/Button.tsx:25:13)

    console.log
      [Button] Props received: {
        variant: 'primary',
        size: 'lg',
        type: 'button',
        loading: false,
        disabled: false
      }

      at log (src/components/ui/Button.tsx:26:13)

    console.log
      [Button] Has onClick in props: true

      at log (src/components/ui/Button.tsx:27:13)

    console.log
      [Button] All props: {
        onClick: [Function: handleNavigate],
        'aria-label': 'Navigate to selected form'
      }

      at log (src/components/ui/Button.tsx:28:13)

    console.log
      [Button] Rendering with type: button

      at log (src/components/ui/Button.tsx:25:13)

    console.log
      [Button] Props received: {
        variant: 'primary',
        size: 'lg',
        type: 'button',
        loading: false,
        disabled: false
      }

      at log (src/components/ui/Button.tsx:26:13)

    console.log
      [Button] Has onClick in props: true

      at log (src/components/ui/Button.tsx:27:13)

    console.log
      [Button] All props: {
        onClick: [Function: handleNavigate],
        'aria-label': 'Navigate to selected form'
      }

      at log (src/components/ui/Button.tsx:28:13)

    console.log
      [Button] Rendering with type: button

      at log (src/components/ui/Button.tsx:25:13)

    console.log
      [Button] Props received: {
        variant: 'primary',
        size: 'lg',
        type: 'button',
        loading: false,
        disabled: true
      }

      at log (src/components/ui/Button.tsx:26:13)

    console.log
      [Button] Has onClick in props: true

      at log (src/components/ui/Button.tsx:27:13)

    console.log
      [Button] All props: {
        onClick: [Function: handleNavigate],
        'aria-label': 'Navigate to selected form'
      }

      at log (src/components/ui/Button.tsx:28:13)

    console.log
      [Button] Rendering with type: button

      at log (src/components/ui/Button.tsx:25:13)

    console.log
      [Button] Props received: {
        variant: 'primary',
        size: 'lg',
        type: 'button',
        loading: false,
        disabled: false
      }

      at log (src/components/ui/Button.tsx:26:13)

    console.log
      [Button] Has onClick in props: true

      at log (src/components/ui/Button.tsx:27:13)

    console.log
      [Button] All props: {
        onClick: [Function: handleNavigate],
        'aria-label': 'Navigate to selected form'
      }

      at log (src/components/ui/Button.tsx:28:13)

    console.log
      [Button] Rendering with type: button

      at log (src/components/ui/Button.tsx:25:13)

    console.log
      [Button] Props received: {
        variant: 'primary',
        size: 'lg',
        type: 'button',
        loading: false,
        disabled: false
      }

      at log (src/components/ui/Button.tsx:26:13)

    console.log
      [Button] Has onClick in props: true

      at log (src/components/ui/Button.tsx:27:13)

    console.log
      [Button] All props: {
        onClick: [Function: handleNavigate],
        'aria-label': 'Navigate to selected form'
      }

      at log (src/components/ui/Button.tsx:28:13)

    console.log
      [Button] Rendering with type: button

      at log (src/components/ui/Button.tsx:25:13)

    console.log
      [Button] Props received: {
        variant: 'primary',
        size: 'lg',
        type: 'button',
        loading: false,
        disabled: true
      }

      at log (src/components/ui/Button.tsx:26:13)

    console.log
      [Button] Has onClick in props: true

      at log (src/components/ui/Button.tsx:27:13)

    console.log
      [Button] All props: {
        onClick: [Function: handleNavigate],
        'aria-label': 'Navigate to selected form'
      }

      at log (src/components/ui/Button.tsx:28:13)

    console.log
      [Button] Rendering with type: button

      at log (src/components/ui/Button.tsx:25:13)

    console.log
      [Button] Props received: {
        variant: 'primary',
        size: 'lg',
        type: 'button',
        loading: false,
        disabled: false
      }

      at log (src/components/ui/Button.tsx:26:13)

    console.log
      [Button] Has onClick in props: true

      at log (src/components/ui/Button.tsx:27:13)

    console.log
      [Button] All props: {
        onClick: [Function: handleNavigate],
        'aria-label': 'Navigate to selected form'
      }

      at log (src/components/ui/Button.tsx:28:13)

    console.log
      [Button] Rendering with type: button

      at log (src/components/ui/Button.tsx:25:13)

    console.log
      [Button] Props received: {
        variant: 'primary',
        size: 'lg',
        type: 'button',
        loading: false,
        disabled: false
      }

      at log (src/components/ui/Button.tsx:26:13)

    console.log
      [Button] Has onClick in props: true

      at log (src/components/ui/Button.tsx:27:13)

    console.log
      [Button] All props: {
        onClick: [Function: handleNavigate],
        'aria-label': 'Navigate to selected form'
      }

      at log (src/components/ui/Button.tsx:28:13)

    console.log
      [Button] Rendering with type: button

      at log (src/components/ui/Button.tsx:25:13)

    console.log
      [Button] Props received: {
        variant: 'primary',
        size: 'lg',
        type: 'button',
        loading: false,
        disabled: true
      }

      at log (src/components/ui/Button.tsx:26:13)

    console.log
      [Button] Has onClick in props: true

      at log (src/components/ui/Button.tsx:27:13)

    console.log
      [Button] All props: {
        onClick: [Function: handleNavigate],
        'aria-label': 'Navigate to selected form'
      }

      at log (src/components/ui/Button.tsx:28:13)

    console.log
      [Button] Rendering with type: button

      at log (src/components/ui/Button.tsx:25:13)

    console.log
      [Button] Props received: {
        variant: 'primary',
        size: 'lg',
        type: 'button',
        loading: false,
        disabled: false
      }

      at log (src/components/ui/Button.tsx:26:13)

    console.log
      [Button] Has onClick in props: true

      at log (src/components/ui/Button.tsx:27:13)

    console.log
      [Button] All props: {
        onClick: [Function: handleNavigate],
        'aria-label': 'Navigate to selected form'
      }

      at log (src/components/ui/Button.tsx:28:13)

    console.log
      [Button] Rendering with type: button

      at log (src/components/ui/Button.tsx:25:13)

    console.log
      [Button] Props received: {
        variant: 'primary',
        size: 'lg',
        type: 'button',
        loading: false,
        disabled: false
      }

      at log (src/components/ui/Button.tsx:26:13)

    console.log
      [Button] Has onClick in props: true

      at log (src/components/ui/Button.tsx:27:13)

    console.log
      [Button] All props: {
        onClick: [Function: handleNavigate],
        'aria-label': 'Navigate to selected form'
      }

      at log (src/components/ui/Button.tsx:28:13)

    console.log
      [Button] Rendering with type: button

      at log (src/components/ui/Button.tsx:25:13)

    console.log
      [Button] Props received: {
        variant: 'primary',
        size: 'lg',
        type: 'button',
        loading: false,
        disabled: true
      }

      at log (src/components/ui/Button.tsx:26:13)

    console.log
      [Button] Has onClick in props: true

      at log (src/components/ui/Button.tsx:27:13)

    console.log
      [Button] All props: {
        onClick: [Function: handleNavigate],
        'aria-label': 'Navigate to selected form'
      }

      at log (src/components/ui/Button.tsx:28:13)

    console.log
      [Button] Rendering with type: button

      at log (src/components/ui/Button.tsx:25:13)

    console.log
      [Button] Props received: {
        variant: 'primary',
        size: 'lg',
        type: 'button',
        loading: false,
        disabled: false
      }

      at log (src/components/ui/Button.tsx:26:13)

    console.log
      [Button] Has onClick in props: true

      at log (src/components/ui/Button.tsx:27:13)

    console.log
      [Button] All props: {
        onClick: [Function: handleNavigate],
        'aria-label': 'Navigate to selected form'
      }

      at log (src/components/ui/Button.tsx:28:13)

    console.log
      [Button] Rendering with type: button

      at log (src/components/ui/Button.tsx:25:13)

    console.log
      [Button] Props received: {
        variant: 'primary',
        size: 'lg',
        type: 'button',
        loading: false,
        disabled: false
      }

      at log (src/components/ui/Button.tsx:26:13)

    console.log
      [Button] Has onClick in props: true

      at log (src/components/ui/Button.tsx:27:13)

    console.log
      [Button] All props: {
        onClick: [Function: handleNavigate],
        'aria-label': 'Navigate to selected form'
      }

      at log (src/components/ui/Button.tsx:28:13)

    console.log
      [Button] Rendering with type: button

      at log (src/components/ui/Button.tsx:25:13)

    console.log
      [Button] Props received: {
        variant: 'primary',
        size: 'lg',
        type: 'button',
        loading: false,
        disabled: true
      }

      at log (src/components/ui/Button.tsx:26:13)

    console.log
      [Button] Has onClick in props: true

      at log (src/components/ui/Button.tsx:27:13)

    console.log
      [Button] All props: {
        onClick: [Function: handleNavigate],
        'aria-label': 'Navigate to selected form'
      }

      at log (src/components/ui/Button.tsx:28:13)

    console.log
      [Button] Rendering with type: button

      at log (src/components/ui/Button.tsx:25:13)

    console.log
      [Button] Props received: {
        variant: 'primary',
        size: 'lg',
        type: 'button',
        loading: false,
        disabled: false
      }

      at log (src/components/ui/Button.tsx:26:13)

    console.log
      [Button] Has onClick in props: true

      at log (src/components/ui/Button.tsx:27:13)

    console.log
      [Button] All props: {
        onClick: [Function: handleNavigate],
        'aria-label': 'Navigate to selected form'
      }

      at log (src/components/ui/Button.tsx:28:13)

    console.log
      [Button] Rendering with type: button

      at log (src/components/ui/Button.tsx:25:13)

    console.log
      [Button] Props received: {
        variant: 'primary',
        size: 'lg',
        type: 'button',
        loading: false,
        disabled: false
      }

      at log (src/components/ui/Button.tsx:26:13)

    console.log
      [Button] Has onClick in props: true

      at log (src/components/ui/Button.tsx:27:13)

    console.log
      [Button] All props: {
        onClick: [Function: handleNavigate],
        'aria-label': 'Navigate to selected form'
      }

      at log (src/components/ui/Button.tsx:28:13)

    console.log
      [Button] Rendering with type: button

      at log (src/components/ui/Button.tsx:25:13)

    console.log
      [Button] Props received: {
        variant: 'primary',
        size: 'lg',
        type: 'button',
        loading: false,
        disabled: true
      }

      at log (src/components/ui/Button.tsx:26:13)

    console.log
      [Button] Has onClick in props: true

      at log (src/components/ui/Button.tsx:27:13)

    console.log
      [Button] All props: {
        onClick: [Function: handleNavigate],
        'aria-label': 'Navigate to selected form'
      }

      at log (src/components/ui/Button.tsx:28:13)

    console.log
      [Button] Rendering with type: button

      at log (src/components/ui/Button.tsx:25:13)

    console.log
      [Button] Props received: {
        variant: 'primary',
        size: 'lg',
        type: 'button',
        loading: false,
        disabled: false
      }

      at log (src/components/ui/Button.tsx:26:13)

    console.log
      [Button] Has onClick in props: true

      at log (src/components/ui/Button.tsx:27:13)

    console.log
      [Button] All props: {
        onClick: [Function: handleNavigate],
        'aria-label': 'Navigate to selected form'
      }

      at log (src/components/ui/Button.tsx:28:13)

    console.log
      [Button] Rendering with type: button

      at log (src/components/ui/Button.tsx:25:13)

    console.log
      [Button] Props received: {
        variant: 'primary',
        size: 'lg',
        type: 'button',
        loading: false,
        disabled: false
      }

      at log (src/components/ui/Button.tsx:26:13)

    console.log
      [Button] Has onClick in props: true

      at log (src/components/ui/Button.tsx:27:13)

    console.log
      [Button] All props: {
        onClick: [Function: handleNavigate],
        'aria-label': 'Navigate to selected form'
      }

      at log (src/components/ui/Button.tsx:28:13)

    console.log
      [Button] Rendering with type: button

      at log (src/components/ui/Button.tsx:25:13)

    console.log
      [Button] Props received: {
        variant: 'primary',
        size: 'lg',
        type: 'button',
        loading: false,
        disabled: true
      }

      at log (src/components/ui/Button.tsx:26:13)

    console.log
      [Button] Has onClick in props: true

      at log (src/components/ui/Button.tsx:27:13)

    console.log
      [Button] All props: {
        onClick: [Function: handleNavigate],
        'aria-label': 'Navigate to selected form'
      }

      at log (src/components/ui/Button.tsx:28:13)

    console.log
      [Button] Rendering with type: button

      at log (src/components/ui/Button.tsx:25:13)

    console.log
      [Button] Props received: {
        variant: 'primary',
        size: 'lg',
        type: 'button',
        loading: false,
        disabled: false
      }

      at log (src/components/ui/Button.tsx:26:13)

    console.log
      [Button] Has onClick in props: true

      at log (src/components/ui/Button.tsx:27:13)

    console.log
      [Button] All props: {
        onClick: [Function: handleNavigate],
        'aria-label': 'Navigate to selected form'
      }

      at log (src/components/ui/Button.tsx:28:13)

    console.log
      [Button] Rendering with type: button

      at log (src/components/ui/Button.tsx:25:13)

    console.log
      [Button] Props received: {
        variant: 'primary',
        size: 'lg',
        type: 'button',
        loading: false,
        disabled: false
      }

      at log (src/components/ui/Button.tsx:26:13)

    console.log
      [Button] Has onClick in props: true

      at log (src/components/ui/Button.tsx:27:13)

    console.log
      [Button] All props: {
        onClick: [Function: handleNavigate],
        'aria-label': 'Navigate to selected form'
      }

      at log (src/components/ui/Button.tsx:28:13)

    console.log
      [Button] Rendering with type: button

      at log (src/components/ui/Button.tsx:25:13)

    console.log
      [Button] Props received: {
        variant: 'primary',
        size: 'lg',
        type: 'button',
        loading: false,
        disabled: true
      }

      at log (src/components/ui/Button.tsx:26:13)

    console.log
      [Button] Has onClick in props: true

      at log (src/components/ui/Button.tsx:27:13)

    console.log
      [Button] All props: {
        onClick: [Function: handleNavigate],
        'aria-label': 'Navigate to selected form'
      }

      at log (src/components/ui/Button.tsx:28:13)

    console.log
      [Button] Rendering with type: button

      at log (src/components/ui/Button.tsx:25:13)

    console.log
      [Button] Props received: {
        variant: 'primary',
        size: 'lg',
        type: 'button',
        loading: false,
        disabled: false
      }

      at log (src/components/ui/Button.tsx:26:13)

    console.log
      [Button] Has onClick in props: true

      at log (src/components/ui/Button.tsx:27:13)

    console.log
      [Button] All props: {
        onClick: [Function: handleNavigate],
        'aria-label': 'Navigate to selected form'
      }

      at log (src/components/ui/Button.tsx:28:13)

    console.log
      [Button] Rendering with type: button

      at log (src/components/ui/Button.tsx:25:13)

    console.log
      [Button] Props received: {
        variant: 'primary',
        size: 'lg',
        type: 'button',
        loading: false,
        disabled: false
      }

      at log (src/components/ui/Button.tsx:26:13)

    console.log
      [Button] Has onClick in props: true

      at log (src/components/ui/Button.tsx:27:13)

    console.log
      [Button] All props: {
        onClick: [Function: handleNavigate],
        'aria-label': 'Navigate to selected form'
      }

      at log (src/components/ui/Button.tsx:28:13)

    console.log
      [Button] Rendering with type: button

      at log (src/components/ui/Button.tsx:25:13)

    console.log
      [Button] Props received: {
        variant: 'primary',
        size: 'lg',
        type: 'button',
        loading: false,
        disabled: true
      }

      at log (src/components/ui/Button.tsx:26:13)

    console.log
      [Button] Has onClick in props: true

      at log (src/components/ui/Button.tsx:27:13)

    console.log
      [Button] All props: {
        onClick: [Function: handleNavigate],
        'aria-label': 'Navigate to selected form'
      }

      at log (src/components/ui/Button.tsx:28:13)

    console.log
      [Button] Rendering with type: button

      at log (src/components/ui/Button.tsx:25:13)

    console.log
      [Button] Props received: {
        variant: 'primary',
        size: 'lg',
        type: 'button',
        loading: false,
        disabled: false
      }

      at log (src/components/ui/Button.tsx:26:13)

    console.log
      [Button] Has onClick in props: true

      at log (src/components/ui/Button.tsx:27:13)

    console.log
      [Button] All props: {
        onClick: [Function: handleNavigate],
        'aria-label': 'Navigate to selected form'
      }

      at log (src/components/ui/Button.tsx:28:13)

    console.log
      [Button] Rendering with type: button

      at log (src/components/ui/Button.tsx:25:13)

    console.log
      [Button] Props received: {
        variant: 'primary',
        size: 'lg',
        type: 'button',
        loading: false,
        disabled: false
      }

      at log (src/components/ui/Button.tsx:26:13)

    console.log
      [Button] Has onClick in props: true

      at log (src/components/ui/Button.tsx:27:13)

    console.log
      [Button] All props: {
        onClick: [Function: handleNavigate],
        'aria-label': 'Navigate to selected form'
      }

      at log (src/components/ui/Button.tsx:28:13)

    console.log
      [Button] Rendering with type: button

      at log (src/components/ui/Button.tsx:25:13)

    console.log
      [Button] Props received: {
        variant: 'primary',
        size: 'lg',
        type: 'button',
        loading: false,
        disabled: true
      }

      at log (src/components/ui/Button.tsx:26:13)

    console.log
      [Button] Has onClick in props: true

      at log (src/components/ui/Button.tsx:27:13)

    console.log
      [Button] All props: {
        onClick: [Function: handleNavigate],
        'aria-label': 'Navigate to selected form'
      }

      at log (src/components/ui/Button.tsx:28:13)

    console.log
      [Button] Rendering with type: button

      at log (src/components/ui/Button.tsx:25:13)

    console.log
      [Button] Props received: {
        variant: 'primary',
        size: 'lg',
        type: 'button',
        loading: false,
        disabled: false
      }

      at log (src/components/ui/Button.tsx:26:13)

    console.log
      [Button] Has onClick in props: true

      at log (src/components/ui/Button.tsx:27:13)

    console.log
      [Button] All props: {
        onClick: [Function: handleNavigate],
        'aria-label': 'Navigate to selected form'
      }

      at log (src/components/ui/Button.tsx:28:13)

    console.log
      [Button] Rendering with type: button

      at log (src/components/ui/Button.tsx:25:13)

    console.log
      [Button] Props received: {
        variant: 'primary',
        size: 'lg',
        type: 'button',
        loading: false,
        disabled: false
      }

      at log (src/components/ui/Button.tsx:26:13)

    console.log
      [Button] Has onClick in props: true

      at log (src/components/ui/Button.tsx:27:13)

    console.log
      [Button] All props: {
        onClick: [Function: handleNavigate],
        'aria-label': 'Navigate to selected form'
      }

      at log (src/components/ui/Button.tsx:28:13)

    console.log
      [Button] Rendering with type: button

      at log (src/components/ui/Button.tsx:25:13)

    console.log
      [Button] Props received: {
        variant: 'primary',
        size: 'lg',
        type: 'button',
        loading: false,
        disabled: true
      }

      at log (src/components/ui/Button.tsx:26:13)

    console.log
      [Button] Has onClick in props: true

      at log (src/components/ui/Button.tsx:27:13)

    console.log
      [Button] All props: {
        onClick: [Function: handleNavigate],
        'aria-label': 'Navigate to selected form'
      }

      at log (src/components/ui/Button.tsx:28:13)

    console.log
      [Button] Rendering with type: button

      at log (src/components/ui/Button.tsx:25:13)

    console.log
      [Button] Props received: {
        variant: 'primary',
        size: 'lg',
        type: 'button',
        loading: false,
        disabled: false
      }

      at log (src/components/ui/Button.tsx:26:13)

    console.log
      [Button] Has onClick in props: true

      at log (src/components/ui/Button.tsx:27:13)

    console.log
      [Button] All props: {
        onClick: [Function: handleNavigate],
        'aria-label': 'Navigate to selected form'
      }

      at log (src/components/ui/Button.tsx:28:13)

    console.log
      [Button] Rendering with type: button

      at log (src/components/ui/Button.tsx:25:13)

    console.log
      [Button] Props received: {
        variant: 'primary',
        size: 'lg',
        type: 'button',
        loading: false,
        disabled: false
      }

      at log (src/components/ui/Button.tsx:26:13)

    console.log
      [Button] Has onClick in props: true

      at log (src/components/ui/Button.tsx:27:13)

    console.log
      [Button] All props: {
        onClick: [Function: handleNavigate],
        'aria-label': 'Navigate to selected form'
      }

      at log (src/components/ui/Button.tsx:28:13)

    console.log
      [Button] Rendering with type: button

      at log (src/components/ui/Button.tsx:25:13)

    console.log
      [Button] Props received: {
        variant: 'primary',
        size: 'lg',
        type: 'button',
        loading: false,
        disabled: true
      }

      at log (src/components/ui/Button.tsx:26:13)

    console.log
      [Button] Has onClick in props: true

      at log (src/components/ui/Button.tsx:27:13)

    console.log
      [Button] All props: {
        onClick: [Function: handleNavigate],
        'aria-label': 'Navigate to selected form'
      }

      at log (src/components/ui/Button.tsx:28:13)

    console.log
      [Button] Rendering with type: button

      at log (src/components/ui/Button.tsx:25:13)

    console.log
      [Button] Props received: {
        variant: 'primary',
        size: 'lg',
        type: 'button',
        loading: false,
        disabled: false
      }

      at log (src/components/ui/Button.tsx:26:13)

    console.log
      [Button] Has onClick in props: true

      at log (src/components/ui/Button.tsx:27:13)

    console.log
      [Button] All props: {
        onClick: [Function: handleNavigate],
        'aria-label': 'Navigate to selected form'
      }

      at log (src/components/ui/Button.tsx:28:13)

    console.log
      [Button] Rendering with type: button

      at log (src/components/ui/Button.tsx:25:13)

    console.log
      [Button] Props received: {
        variant: 'primary',
        size: 'lg',
        type: 'button',
        loading: false,
        disabled: false
      }

      at log (src/components/ui/Button.tsx:26:13)

    console.log
      [Button] Has onClick in props: true

      at log (src/components/ui/Button.tsx:27:13)

    console.log
      [Button] All props: {
        onClick: [Function: handleNavigate],
        'aria-label': 'Navigate to selected form'
      }

      at log (src/components/ui/Button.tsx:28:13)

    console.log
      [Button] Rendering with type: button

      at log (src/components/ui/Button.tsx:25:13)

    console.log
      [Button] Props received: {
        variant: 'primary',
        size: 'lg',
        type: 'button',
        loading: false,
        disabled: true
      }

      at log (src/components/ui/Button.tsx:26:13)

    console.log
      [Button] Has onClick in props: true

      at log (src/components/ui/Button.tsx:27:13)

    console.log
      [Button] All props: {
        onClick: [Function: handleNavigate],
        'aria-label': 'Navigate to selected form'
      }

      at log (src/components/ui/Button.tsx:28:13)

    console.log
      [Button] Rendering with type: button

      at log (src/components/ui/Button.tsx:25:13)

    console.log
      [Button] Props received: {
        variant: 'primary',
        size: 'lg',
        type: 'button',
        loading: false,
        disabled: false
      }

      at log (src/components/ui/Button.tsx:26:13)

    console.log
      [Button] Has onClick in props: true

      at log (src/components/ui/Button.tsx:27:13)

    console.log
      [Button] All props: {
        onClick: [Function: handleNavigate],
        'aria-label': 'Navigate to selected form'
      }

      at log (src/components/ui/Button.tsx:28:13)

    console.log
      [Button] Rendering with type: button

      at log (src/components/ui/Button.tsx:25:13)

    console.log
      [Button] Props received: {
        variant: 'primary',
        size: 'lg',
        type: 'button',
        loading: false,
        disabled: false
      }

      at log (src/components/ui/Button.tsx:26:13)

    console.log
      [Button] Has onClick in props: true

      at log (src/components/ui/Button.tsx:27:13)

    console.log
      [Button] All props: {
        onClick: [Function: handleNavigate],
        'aria-label': 'Navigate to selected form'
      }

      at log (src/components/ui/Button.tsx:28:13)

    console.log
      [Button] Rendering with type: button

      at log (src/components/ui/Button.tsx:25:13)

    console.log
      [Button] Props received: {
        variant: 'primary',
        size: 'lg',
        type: 'button',
        loading: false,
        disabled: true
      }

      at log (src/components/ui/Button.tsx:26:13)

    console.log
      [Button] Has onClick in props: true

      at log (src/components/ui/Button.tsx:27:13)

    console.log
      [Button] All props: {
        onClick: [Function: handleNavigate],
        'aria-label': 'Navigate to selected form'
      }

      at log (src/components/ui/Button.tsx:28:13)

    console.log
      [Button] Rendering with type: button

      at log (src/components/ui/Button.tsx:25:13)

    console.log
      [Button] Props received: {
        variant: 'primary',
        size: 'lg',
        type: 'button',
        loading: false,
        disabled: false
      }

      at log (src/components/ui/Button.tsx:26:13)

    console.log
      [Button] Has onClick in props: true

      at log (src/components/ui/Button.tsx:27:13)

    console.log
      [Button] All props: {
        onClick: [Function: handleNavigate],
        'aria-label': 'Navigate to selected form'
      }

      at log (src/components/ui/Button.tsx:28:13)

    console.log
      [Button] Rendering with type: button

      at log (src/components/ui/Button.tsx:25:13)

    console.log
      [Button] Props received: {
        variant: 'primary',
        size: 'lg',
        type: 'button',
        loading: false,
        disabled: false
      }

      at log (src/components/ui/Button.tsx:26:13)

    console.log
      [Button] Has onClick in props: true

      at log (src/components/ui/Button.tsx:27:13)

    console.log
      [Button] All props: {
        onClick: [Function: handleNavigate],
        'aria-label': 'Navigate to selected form'
      }

      at log (src/components/ui/Button.tsx:28:13)

    console.log
      [Button] Rendering with type: button

      at log (src/components/ui/Button.tsx:25:13)

    console.log
      [Button] Props received: {
        variant: 'primary',
        size: 'lg',
        type: 'button',
        loading: false,
        disabled: true
      }

      at log (src/components/ui/Button.tsx:26:13)

    console.log
      [Button] Has onClick in props: true

      at log (src/components/ui/Button.tsx:27:13)

    console.log
      [Button] All props: {
        onClick: [Function: handleNavigate],
        'aria-label': 'Navigate to selected form'
      }

      at log (src/components/ui/Button.tsx:28:13)

    console.log
      [Button] Rendering with type: button

      at log (src/components/ui/Button.tsx:25:13)

    console.log
      [Button] Props received: {
        variant: 'primary',
        size: 'lg',
        type: 'button',
        loading: false,
        disabled: false
      }

      at log (src/components/ui/Button.tsx:26:13)

    console.log
      [Button] Has onClick in props: true

      at log (src/components/ui/Button.tsx:27:13)

    console.log
      [Button] All props: {
        onClick: [Function: handleNavigate],
        'aria-label': 'Navigate to selected form'
      }

      at log (src/components/ui/Button.tsx:28:13)

    console.log
      [Button] Rendering with type: button

      at log (src/components/ui/Button.tsx:25:13)

    console.log
      [Button] Props received: {
        variant: 'primary',
        size: 'lg',
        type: 'button',
        loading: false,
        disabled: false
      }

      at log (src/components/ui/Button.tsx:26:13)

    console.log
      [Button] Has onClick in props: true

      at log (src/components/ui/Button.tsx:27:13)

    console.log
      [Button] All props: {
        onClick: [Function: handleNavigate],
        'aria-label': 'Navigate to selected form'
      }

      at log (src/components/ui/Button.tsx:28:13)

    console.log
      [Button] Rendering with type: button

      at log (src/components/ui/Button.tsx:25:13)

    console.log
      [Button] Props received: {
        variant: 'primary',
        size: 'lg',
        type: 'button',
        loading: false,
        disabled: true
      }

      at log (src/components/ui/Button.tsx:26:13)

    console.log
      [Button] Has onClick in props: true

      at log (src/components/ui/Button.tsx:27:13)

    console.log
      [Button] All props: {
        onClick: [Function: handleNavigate],
        'aria-label': 'Navigate to selected form'
      }

      at log (src/components/ui/Button.tsx:28:13)

    console.log
      [Button] Rendering with type: button

      at log (src/components/ui/Button.tsx:25:13)

    console.log
      [Button] Props received: {
        variant: 'primary',
        size: 'lg',
        type: 'button',
        loading: false,
        disabled: false
      }

      at log (src/components/ui/Button.tsx:26:13)

    console.log
      [Button] Has onClick in props: true

      at log (src/components/ui/Button.tsx:27:13)

    console.log
      [Button] All props: {
        onClick: [Function: handleNavigate],
        'aria-label': 'Navigate to selected form'
      }

      at log (src/components/ui/Button.tsx:28:13)

    console.log
      [Button] Rendering with type: button

      at log (src/components/ui/Button.tsx:25:13)

    console.log
      [Button] Props received: {
        variant: 'primary',
        size: 'lg',
        type: 'button',
        loading: false,
        disabled: false
      }

      at log (src/components/ui/Button.tsx:26:13)

    console.log
      [Button] Has onClick in props: true

      at log (src/components/ui/Button.tsx:27:13)

    console.log
      [Button] All props: {
        onClick: [Function: handleNavigate],
        'aria-label': 'Navigate to selected form'
      }

      at log (src/components/ui/Button.tsx:28:13)

    console.log
      [Button] Rendering with type: button

      at log (src/components/ui/Button.tsx:25:13)

    console.log
      [Button] Props received: {
        variant: 'primary',
        size: 'lg',
        type: 'button',
        loading: false,
        disabled: true
      }

      at log (src/components/ui/Button.tsx:26:13)

    console.log
      [Button] Has onClick in props: true

      at log (src/components/ui/Button.tsx:27:13)

    console.log
      [Button] All props: {
        onClick: [Function: handleNavigate],
        'aria-label': 'Navigate to selected form'
      }

      at log (src/components/ui/Button.tsx:28:13)

    console.log
      [Button] Rendering with type: button

      at log (src/components/ui/Button.tsx:25:13)

    console.log
      [Button] Props received: {
        variant: 'primary',
        size: 'lg',
        type: 'button',
        loading: false,
        disabled: false
      }

      at log (src/components/ui/Button.tsx:26:13)

    console.log
      [Button] Has onClick in props: true

      at log (src/components/ui/Button.tsx:27:13)

    console.log
      [Button] All props: {
        onClick: [Function: handleNavigate],
        'aria-label': 'Navigate to selected form'
      }

      at log (src/components/ui/Button.tsx:28:13)

    console.log
      [Button] Rendering with type: button

      at log (src/components/ui/Button.tsx:25:13)

    console.log
      [Button] Props received: {
        variant: 'primary',
        size: 'lg',
        type: 'button',
        loading: false,
        disabled: false
      }

      at log (src/components/ui/Button.tsx:26:13)

    console.log
      [Button] Has onClick in props: true

      at log (src/components/ui/Button.tsx:27:13)

    console.log
      [Button] All props: {
        onClick: [Function: handleNavigate],
        'aria-label': 'Navigate to selected form'
      }

      at log (src/components/ui/Button.tsx:28:13)

    console.log
      [Button] Rendering with type: button

      at log (src/components/ui/Button.tsx:25:13)

    console.log
      [Button] Props received: {
        variant: 'primary',
        size: 'lg',
        type: 'button',
        loading: false,
        disabled: true
      }

      at log (src/components/ui/Button.tsx:26:13)

    console.log
      [Button] Has onClick in props: true

      at log (src/components/ui/Button.tsx:27:13)

    console.log
      [Button] All props: {
        onClick: [Function: handleNavigate],
        'aria-label': 'Navigate to selected form'
      }

      at log (src/components/ui/Button.tsx:28:13)

    console.log
      [Button] Rendering with type: button

      at log (src/components/ui/Button.tsx:25:13)

    console.log
      [Button] Props received: {
        variant: 'primary',
        size: 'lg',
        type: 'button',
        loading: false,
        disabled: false
      }

      at log (src/components/ui/Button.tsx:26:13)

    console.log
      [Button] Has onClick in props: true

      at log (src/components/ui/Button.tsx:27:13)

    console.log
      [Button] All props: {
        onClick: [Function: handleNavigate],
        'aria-label': 'Navigate to selected form'
      }

      at log (src/components/ui/Button.tsx:28:13)

    console.log
      [Button] Rendering with type: button

      at log (src/components/ui/Button.tsx:25:13)

    console.log
      [Button] Props received: {
        variant: 'primary',
        size: 'lg',
        type: 'button',
        loading: false,
        disabled: false
      }

      at log (src/components/ui/Button.tsx:26:13)

    console.log
      [Button] Has onClick in props: true

      at log (src/components/ui/Button.tsx:27:13)

    console.log
      [Button] All props: {
        onClick: [Function: handleNavigate],
        'aria-label': 'Navigate to selected form'
      }

      at log (src/components/ui/Button.tsx:28:13)

    console.log
      [Button] Rendering with type: button

      at log (src/components/ui/Button.tsx:25:13)

    console.log
      [Button] Props received: {
        variant: 'primary',
        size: 'lg',
        type: 'button',
        loading: false,
        disabled: true
      }

      at log (src/components/ui/Button.tsx:26:13)

    console.log
      [Button] Has onClick in props: true

      at log (src/components/ui/Button.tsx:27:13)

    console.log
      [Button] All props: {
        onClick: [Function: handleNavigate],
        'aria-label': 'Navigate to selected form'
      }

      at log (src/components/ui/Button.tsx:28:13)

    console.log
      [Button] Rendering with type: button

      at log (src/components/ui/Button.tsx:25:13)

    console.log
      [Button] Props received: {
        variant: 'primary',
        size: 'lg',
        type: 'button',
        loading: false,
        disabled: false
      }

      at log (src/components/ui/Button.tsx:26:13)

    console.log
      [Button] Has onClick in props: true

      at log (src/components/ui/Button.tsx:27:13)

    console.log
      [Button] All props: {
        onClick: [Function: handleNavigate],
        'aria-label': 'Navigate to selected form'
      }

      at log (src/components/ui/Button.tsx:28:13)

    console.log
      [Button] Rendering with type: button

      at log (src/components/ui/Button.tsx:25:13)

    console.log
      [Button] Props received: {
        variant: 'primary',
        size: 'lg',
        type: 'button',
        loading: false,
        disabled: false
      }

      at log (src/components/ui/Button.tsx:26:13)

    console.log
      [Button] Has onClick in props: true

      at log (src/components/ui/Button.tsx:27:13)

    console.log
      [Button] All props: {
        onClick: [Function: handleNavigate],
        'aria-label': 'Navigate to selected form'
      }

      at log (src/components/ui/Button.tsx:28:13)

    console.log
      [Button] Rendering with type: button

      at log (src/components/ui/Button.tsx:25:13)

    console.log
      [Button] Props received: {
        variant: 'primary',
        size: 'lg',
        type: 'button',
        loading: false,
        disabled: true
      }

      at log (src/components/ui/Button.tsx:26:13)

    console.log
      [Button] Has onClick in props: true

      at log (src/components/ui/Button.tsx:27:13)

    console.log
      [Button] All props: {
        onClick: [Function: handleNavigate],
        'aria-label': 'Navigate to selected form'
      }

      at log (src/components/ui/Button.tsx:28:13)

    console.log
      [Button] Rendering with type: button

      at log (src/components/ui/Button.tsx:25:13)

    console.log
      [Button] Props received: {
        variant: 'primary',
        size: 'lg',
        type: 'button',
        loading: false,
        disabled: false
      }

      at log (src/components/ui/Button.tsx:26:13)

    console.log
      [Button] Has onClick in props: true

      at log (src/components/ui/Button.tsx:27:13)

    console.log
      [Button] All props: {
        onClick: [Function: handleNavigate],
        'aria-label': 'Navigate to selected form'
      }

      at log (src/components/ui/Button.tsx:28:13)

    console.log
      [Button] Rendering with type: button

      at log (src/components/ui/Button.tsx:25:13)

    console.log
      [Button] Props received: {
        variant: 'primary',
        size: 'lg',
        type: 'button',
        loading: false,
        disabled: false
      }

      at log (src/components/ui/Button.tsx:26:13)

    console.log
      [Button] Has onClick in props: true

      at log (src/components/ui/Button.tsx:27:13)

    console.log
      [Button] All props: {
        onClick: [Function: handleNavigate],
        'aria-label': 'Navigate to selected form'
      }

      at log (src/components/ui/Button.tsx:28:13)

    console.log
      [Button] Rendering with type: button

      at log (src/components/ui/Button.tsx:25:13)

    console.log
      [Button] Props received: {
        variant: 'primary',
        size: 'lg',
        type: 'button',
        loading: false,
        disabled: true
      }

      at log (src/components/ui/Button.tsx:26:13)

    console.log
      [Button] Has onClick in props: true

      at log (src/components/ui/Button.tsx:27:13)

    console.log
      [Button] All props: {
        onClick: [Function: handleNavigate],
        'aria-label': 'Navigate to selected form'
      }

      at log (src/components/ui/Button.tsx:28:13)

    console.log
      [Button] Rendering with type: button

      at log (src/components/ui/Button.tsx:25:13)

    console.log
      [Button] Props received: {
        variant: 'primary',
        size: 'lg',
        type: 'button',
        loading: false,
        disabled: false
      }

      at log (src/components/ui/Button.tsx:26:13)

    console.log
      [Button] Has onClick in props: true

      at log (src/components/ui/Button.tsx:27:13)

    console.log
      [Button] All props: {
        onClick: [Function: handleNavigate],
        'aria-label': 'Navigate to selected form'
      }

      at log (src/components/ui/Button.tsx:28:13)

    console.log
      [Button] Rendering with type: button

      at log (src/components/ui/Button.tsx:25:13)

    console.log
      [Button] Props received: {
        variant: 'primary',
        size: 'lg',
        type: 'button',
        loading: false,
        disabled: false
      }

      at log (src/components/ui/Button.tsx:26:13)

    console.log
      [Button] Has onClick in props: true

      at log (src/components/ui/Button.tsx:27:13)

    console.log
      [Button] All props: {
        onClick: [Function: handleNavigate],
        'aria-label': 'Navigate to selected form'
      }

      at log (src/components/ui/Button.tsx:28:13)

    console.log
      [Button] Rendering with type: button

      at log (src/components/ui/Button.tsx:25:13)

    console.log
      [Button] Props received: {
        variant: 'primary',
        size: 'lg',
        type: 'button',
        loading: false,
        disabled: true
      }

      at log (src/components/ui/Button.tsx:26:13)

    console.log
      [Button] Has onClick in props: true

      at log (src/components/ui/Button.tsx:27:13)

    console.log
      [Button] All props: {
        onClick: [Function: handleNavigate],
        'aria-label': 'Navigate to selected form'
      }

      at log (src/components/ui/Button.tsx:28:13)

    console.log
      [Button] Rendering with type: button

      at log (src/components/ui/Button.tsx:25:13)

    console.log
      [Button] Props received: {
        variant: 'primary',
        size: 'lg',
        type: 'button',
        loading: false,
        disabled: false
      }

      at log (src/components/ui/Button.tsx:26:13)

    console.log
      [Button] Has onClick in props: true

      at log (src/components/ui/Button.tsx:27:13)

    console.log
      [Button] All props: {
        onClick: [Function: handleNavigate],
        'aria-label': 'Navigate to selected form'
      }

      at log (src/components/ui/Button.tsx:28:13)

    console.log
      [Button] Rendering with type: button

      at log (src/components/ui/Button.tsx:25:13)

    console.log
      [Button] Props received: {
        variant: 'primary',
        size: 'lg',
        type: 'button',
        loading: false,
        disabled: false
      }

      at log (src/components/ui/Button.tsx:26:13)

    console.log
      [Button] Has onClick in props: true

      at log (src/components/ui/Button.tsx:27:13)

    console.log
      [Button] All props: {
        onClick: [Function: handleNavigate],
        'aria-label': 'Navigate to selected form'
      }

      at log (src/components/ui/Button.tsx:28:13)

    console.log
      [Button] Rendering with type: button

      at log (src/components/ui/Button.tsx:25:13)

    console.log
      [Button] Props received: {
        variant: 'primary',
        size: 'lg',
        type: 'button',
        loading: false,
        disabled: true
      }

      at log (src/components/ui/Button.tsx:26:13)

    console.log
      [Button] Has onClick in props: true

      at log (src/components/ui/Button.tsx:27:13)

    console.log
      [Button] All props: {
        onClick: [Function: handleNavigate],
        'aria-label': 'Navigate to selected form'
      }

      at log (src/components/ui/Button.tsx:28:13)

    console.log
      [Button] Rendering with type: button

      at log (src/components/ui/Button.tsx:25:13)

    console.log
      [Button] Props received: {
        variant: 'primary',
        size: 'lg',
        type: 'button',
        loading: false,
        disabled: false
      }

      at log (src/components/ui/Button.tsx:26:13)

    console.log
      [Button] Has onClick in props: true

      at log (src/components/ui/Button.tsx:27:13)

    console.log
      [Button] All props: {
        onClick: [Function: handleNavigate],
        'aria-label': 'Navigate to selected form'
      }

      at log (src/components/ui/Button.tsx:28:13)

    console.log
      [Button] Rendering with type: button

      at log (src/components/ui/Button.tsx:25:13)

    console.log
      [Button] Props received: {
        variant: 'primary',
        size: 'lg',
        type: 'button',
        loading: false,
        disabled: false
      }

      at log (src/components/ui/Button.tsx:26:13)

    console.log
      [Button] Has onClick in props: true

      at log (src/components/ui/Button.tsx:27:13)

    console.log
      [Button] All props: {
        onClick: [Function: handleNavigate],
        'aria-label': 'Navigate to selected form'
      }

      at log (src/components/ui/Button.tsx:28:13)

    console.log
      [Button] Rendering with type: button

      at log (src/components/ui/Button.tsx:25:13)

    console.log
      [Button] Props received: {
        variant: 'primary',
        size: 'lg',
        type: 'button',
        loading: false,
        disabled: true
      }

      at log (src/components/ui/Button.tsx:26:13)

    console.log
      [Button] Has onClick in props: true

      at log (src/components/ui/Button.tsx:27:13)

    console.log
      [Button] All props: {
        onClick: [Function: handleNavigate],
        'aria-label': 'Navigate to selected form'
      }

      at log (src/components/ui/Button.tsx:28:13)

    console.log
      [Button] Rendering with type: button

      at log (src/components/ui/Button.tsx:25:13)

    console.log
      [Button] Props received: {
        variant: 'primary',
        size: 'lg',
        type: 'button',
        loading: false,
        disabled: false
      }

      at log (src/components/ui/Button.tsx:26:13)

    console.log
      [Button] Has onClick in props: true

      at log (src/components/ui/Button.tsx:27:13)

    console.log
      [Button] All props: {
        onClick: [Function: handleNavigate],
        'aria-label': 'Navigate to selected form'
      }

      at log (src/components/ui/Button.tsx:28:13)

    console.log
      [Button] Rendering with type: button

      at log (src/components/ui/Button.tsx:25:13)

    console.log
      [Button] Props received: {
        variant: 'primary',
        size: 'lg',
        type: 'button',
        loading: false,
        disabled: false
      }

      at log (src/components/ui/Button.tsx:26:13)

    console.log
      [Button] Has onClick in props: true

      at log (src/components/ui/Button.tsx:27:13)

    console.log
      [Button] All props: {
        onClick: [Function: handleNavigate],
        'aria-label': 'Navigate to selected form'
      }

      at log (src/components/ui/Button.tsx:28:13)

    console.log
      [Button] Rendering with type: button

      at log (src/components/ui/Button.tsx:25:13)

    console.log
      [Button] Props received: {
        variant: 'primary',
        size: 'lg',
        type: 'button',
        loading: false,
        disabled: true
      }

      at log (src/components/ui/Button.tsx:26:13)

    console.log
      [Button] Has onClick in props: true

      at log (src/components/ui/Button.tsx:27:13)

    console.log
      [Button] All props: {
        onClick: [Function: handleNavigate],
        'aria-label': 'Navigate to selected form'
      }

      at log (src/components/ui/Button.tsx:28:13)

    console.log
      [Button] Rendering with type: button

      at log (src/components/ui/Button.tsx:25:13)

    console.log
      [Button] Props received: {
        variant: 'primary',
        size: 'lg',
        type: 'button',
        loading: false,
        disabled: false
      }

      at log (src/components/ui/Button.tsx:26:13)

    console.log
      [Button] Has onClick in props: true

      at log (src/components/ui/Button.tsx:27:13)

    console.log
      [Button] All props: {
        onClick: [Function: handleNavigate],
        'aria-label': 'Navigate to selected form'
      }

      at log (src/components/ui/Button.tsx:28:13)

    console.log
      [Button] Rendering with type: button

      at log (src/components/ui/Button.tsx:25:13)

    console.log
      [Button] Props received: {
        variant: 'primary',
        size: 'lg',
        type: 'button',
        loading: false,
        disabled: false
      }

      at log (src/components/ui/Button.tsx:26:13)

    console.log
      [Button] Has onClick in props: true

      at log (src/components/ui/Button.tsx:27:13)

    console.log
      [Button] All props: {
        onClick: [Function: handleNavigate],
        'aria-label': 'Navigate to selected form'
      }

      at log (src/components/ui/Button.tsx:28:13)

    console.log
      [Button] Rendering with type: button

      at log (src/components/ui/Button.tsx:25:13)

    console.log
      [Button] Props received: {
        variant: 'primary',
        size: 'lg',
        type: 'button',
        loading: false,
        disabled: true
      }

      at log (src/components/ui/Button.tsx:26:13)

    console.log
      [Button] Has onClick in props: true

      at log (src/components/ui/Button.tsx:27:13)

    console.log
      [Button] All props: {
        onClick: [Function: handleNavigate],
        'aria-label': 'Navigate to selected form'
      }

      at log (src/components/ui/Button.tsx:28:13)

    console.log
      [Button] Rendering with type: button

      at log (src/components/ui/Button.tsx:25:13)

    console.log
      [Button] Props received: {
        variant: 'primary',
        size: 'lg',
        type: 'button',
        loading: false,
        disabled: false
      }

      at log (src/components/ui/Button.tsx:26:13)

    console.log
      [Button] Has onClick in props: true

      at log (src/components/ui/Button.tsx:27:13)

    console.log
      [Button] All props: {
        onClick: [Function: handleNavigate],
        'aria-label': 'Navigate to selected form'
      }

      at log (src/components/ui/Button.tsx:28:13)

    console.log
      [Button] Rendering with type: button

      at log (src/components/ui/Button.tsx:25:13)

    console.log
      [Button] Props received: {
        variant: 'primary',
        size: 'lg',
        type: 'button',
        loading: false,
        disabled: false
      }

      at log (src/components/ui/Button.tsx:26:13)

    console.log
      [Button] Has onClick in props: true

      at log (src/components/ui/Button.tsx:27:13)

    console.log
      [Button] All props: {
        onClick: [Function: handleNavigate],
        'aria-label': 'Navigate to selected form'
      }

      at log (src/components/ui/Button.tsx:28:13)

    console.log
      [Button] Rendering with type: button

      at log (src/components/ui/Button.tsx:25:13)

    console.log
      [Button] Props received: {
        variant: 'primary',
        size: 'lg',
        type: 'button',
        loading: false,
        disabled: true
      }

      at log (src/components/ui/Button.tsx:26:13)

    console.log
      [Button] Has onClick in props: true

      at log (src/components/ui/Button.tsx:27:13)

    console.log
      [Button] All props: {
        onClick: [Function: handleNavigate],
        'aria-label': 'Navigate to selected form'
      }

      at log (src/components/ui/Button.tsx:28:13)

    console.log
      [Button] Rendering with type: button

      at log (src/components/ui/Button.tsx:25:13)

    console.log
      [Button] Props received: {
        variant: 'primary',
        size: 'lg',
        type: 'button',
        loading: false,
        disabled: false
      }

      at log (src/components/ui/Button.tsx:26:13)

    console.log
      [Button] Has onClick in props: true

      at log (src/components/ui/Button.tsx:27:13)

    console.log
      [Button] All props: {
        onClick: [Function: handleNavigate],
        'aria-label': 'Navigate to selected form'
      }

      at log (src/components/ui/Button.tsx:28:13)

    console.log
      [Button] Rendering with type: button

      at log (src/components/ui/Button.tsx:25:13)

    console.log
      [Button] Props received: {
        variant: 'primary',
        size: 'lg',
        type: 'button',
        loading: false,
        disabled: false
      }

      at log (src/components/ui/Button.tsx:26:13)

    console.log
      [Button] Has onClick in props: true

      at log (src/components/ui/Button.tsx:27:13)

    console.log
      [Button] All props: {
        onClick: [Function: handleNavigate],
        'aria-label': 'Navigate to selected form'
      }

      at log (src/components/ui/Button.tsx:28:13)

    console.log
      [Button] Rendering with type: button

      at log (src/components/ui/Button.tsx:25:13)

    console.log
      [Button] Props received: {
        variant: 'primary',
        size: 'lg',
        type: 'button',
        loading: false,
        disabled: true
      }

      at log (src/components/ui/Button.tsx:26:13)

    console.log
      [Button] Has onClick in props: true

      at log (src/components/ui/Button.tsx:27:13)

    console.log
      [Button] All props: {
        onClick: [Function: handleNavigate],
        'aria-label': 'Navigate to selected form'
      }

      at log (src/components/ui/Button.tsx:28:13)

    console.log
      [Button] Rendering with type: button

      at log (src/components/ui/Button.tsx:25:13)

    console.log
      [Button] Props received: {
        variant: 'primary',
        size: 'lg',
        type: 'button',
        loading: false,
        disabled: false
      }

      at log (src/components/ui/Button.tsx:26:13)

    console.log
      [Button] Has onClick in props: true

      at log (src/components/ui/Button.tsx:27:13)

    console.log
      [Button] All props: {
        onClick: [Function: handleNavigate],
        'aria-label': 'Navigate to selected form'
      }

      at log (src/components/ui/Button.tsx:28:13)

    console.log
      [Button] Rendering with type: button

      at log (src/components/ui/Button.tsx:25:13)

    console.log
      [Button] Props received: {
        variant: 'primary',
        size: 'lg',
        type: 'button',
        loading: false,
        disabled: false
      }

      at log (src/components/ui/Button.tsx:26:13)

    console.log
      [Button] Has onClick in props: true

      at log (src/components/ui/Button.tsx:27:13)

    console.log
      [Button] All props: {
        onClick: [Function: handleNavigate],
        'aria-label': 'Navigate to selected form'
      }

      at log (src/components/ui/Button.tsx:28:13)

    console.log
      [Button] Rendering with type: button

      at log (src/components/ui/Button.tsx:25:13)

    console.log
      [Button] Props received: {
        variant: 'primary',
        size: 'lg',
        type: 'button',
        loading: false,
        disabled: true
      }

      at log (src/components/ui/Button.tsx:26:13)

    console.log
      [Button] Has onClick in props: true

      at log (src/components/ui/Button.tsx:27:13)

    console.log
      [Button] All props: {
        onClick: [Function: handleNavigate],
        'aria-label': 'Navigate to selected form'
      }

      at log (src/components/ui/Button.tsx:28:13)

    console.log
      [Button] Rendering with type: button

      at log (src/components/ui/Button.tsx:25:13)

    console.log
      [Button] Props received: {
        variant: 'primary',
        size: 'lg',
        type: 'button',
        loading: false,
        disabled: false
      }

      at log (src/components/ui/Button.tsx:26:13)

    console.log
      [Button] Has onClick in props: true

      at log (src/components/ui/Button.tsx:27:13)

    console.log
      [Button] All props: {
        onClick: [Function: handleNavigate],
        'aria-label': 'Navigate to selected form'
      }

      at log (src/components/ui/Button.tsx:28:13)

    console.log
      [Button] Rendering with type: button

      at log (src/components/ui/Button.tsx:25:13)

    console.log
      [Button] Props received: {
        variant: 'primary',
        size: 'lg',
        type: 'button',
        loading: false,
        disabled: false
      }

      at log (src/components/ui/Button.tsx:26:13)

    console.log
      [Button] Has onClick in props: true

      at log (src/components/ui/Button.tsx:27:13)

    console.log
      [Button] All props: {
        onClick: [Function: handleNavigate],
        'aria-label': 'Navigate to selected form'
      }

      at log (src/components/ui/Button.tsx:28:13)

    console.log
      [Button] Rendering with type: button

      at log (src/components/ui/Button.tsx:25:13)

    console.log
      [Button] Props received: {
        variant: 'primary',
        size: 'lg',
        type: 'button',
        loading: false,
        disabled: true
      }

      at log (src/components/ui/Button.tsx:26:13)

    console.log
      [Button] Has onClick in props: true

      at log (src/components/ui/Button.tsx:27:13)

    console.log
      [Button] All props: {
        onClick: [Function: handleNavigate],
        'aria-label': 'Navigate to selected form'
      }

      at log (src/components/ui/Button.tsx:28:13)

    console.log
      [Button] Rendering with type: button

      at log (src/components/ui/Button.tsx:25:13)

    console.log
      [Button] Props received: {
        variant: 'primary',
        size: 'lg',
        type: 'button',
        loading: false,
        disabled: false
      }

      at log (src/components/ui/Button.tsx:26:13)

    console.log
      [Button] Has onClick in props: true

      at log (src/components/ui/Button.tsx:27:13)

    console.log
      [Button] All props: {
        onClick: [Function: handleNavigate],
        'aria-label': 'Navigate to selected form'
      }

      at log (src/components/ui/Button.tsx:28:13)

    console.log
      [Button] Rendering with type: button

      at log (src/components/ui/Button.tsx:25:13)

    console.log
      [Button] Props received: {
        variant: 'primary',
        size: 'lg',
        type: 'button',
        loading: false,
        disabled: false
      }

      at log (src/components/ui/Button.tsx:26:13)

    console.log
      [Button] Has onClick in props: true

      at log (src/components/ui/Button.tsx:27:13)

    console.log
      [Button] All props: {
        onClick: [Function: handleNavigate],
        'aria-label': 'Navigate to selected form'
      }

      at log (src/components/ui/Button.tsx:28:13)

    console.log
      [Button] Rendering with type: button

      at log (src/components/ui/Button.tsx:25:13)

    console.log
      [Button] Props received: {
        variant: 'primary',
        size: 'lg',
        type: 'button',
        loading: false,
        disabled: true
      }

      at log (src/components/ui/Button.tsx:26:13)

    console.log
      [Button] Has onClick in props: true

      at log (src/components/ui/Button.tsx:27:13)

    console.log
      [Button] All props: {
        onClick: [Function: handleNavigate],
        'aria-label': 'Navigate to selected form'
      }

      at log (src/components/ui/Button.tsx:28:13)

    console.log
      [Button] Rendering with type: button

      at log (src/components/ui/Button.tsx:25:13)

    console.log
      [Button] Props received: {
        variant: 'primary',
        size: 'lg',
        type: 'button',
        loading: false,
        disabled: false
      }

      at log (src/components/ui/Button.tsx:26:13)

    console.log
      [Button] Has onClick in props: true

      at log (src/components/ui/Button.tsx:27:13)

    console.log
      [Button] All props: {
        onClick: [Function: handleNavigate],
        'aria-label': 'Navigate to selected form'
      }

      at log (src/components/ui/Button.tsx:28:13)

    console.log
      [Button] Rendering with type: button

      at log (src/components/ui/Button.tsx:25:13)

    console.log
      [Button] Props received: {
        variant: 'primary',
        size: 'lg',
        type: 'button',
        loading: false,
        disabled: false
      }

      at log (src/components/ui/Button.tsx:26:13)

    console.log
      [Button] Has onClick in props: true

      at log (src/components/ui/Button.tsx:27:13)

    console.log
      [Button] All props: {
        onClick: [Function: handleNavigate],
        'aria-label': 'Navigate to selected form'
      }

      at log (src/components/ui/Button.tsx:28:13)

    console.log
      [Button] Rendering with type: button

      at log (src/components/ui/Button.tsx:25:13)

    console.log
      [Button] Props received: {
        variant: 'primary',
        size: 'lg',
        type: 'button',
        loading: false,
        disabled: true
      }

      at log (src/components/ui/Button.tsx:26:13)

    console.log
      [Button] Has onClick in props: true

      at log (src/components/ui/Button.tsx:27:13)

    console.log
      [Button] All props: {
        onClick: [Function: handleNavigate],
        'aria-label': 'Navigate to selected form'
      }

      at log (src/components/ui/Button.tsx:28:13)

    console.log
      [Button] Rendering with type: button

      at log (src/components/ui/Button.tsx:25:13)

    console.log
      [Button] Props received: {
        variant: 'primary',
        size: 'lg',
        type: 'button',
        loading: false,
        disabled: false
      }

      at log (src/components/ui/Button.tsx:26:13)

    console.log
      [Button] Has onClick in props: true

      at log (src/components/ui/Button.tsx:27:13)

    console.log
      [Button] All props: {
        onClick: [Function: handleNavigate],
        'aria-label': 'Navigate to selected form'
      }

      at log (src/components/ui/Button.tsx:28:13)

    console.log
      [Button] Rendering with type: button

      at log (src/components/ui/Button.tsx:25:13)

    console.log
      [Button] Props received: {
        variant: 'primary',
        size: 'lg',
        type: 'button',
        loading: false,
        disabled: false
      }

      at log (src/components/ui/Button.tsx:26:13)

    console.log
      [Button] Has onClick in props: true

      at log (src/components/ui/Button.tsx:27:13)

    console.log
      [Button] All props: {
        onClick: [Function: handleNavigate],
        'aria-label': 'Navigate to selected form'
      }

      at log (src/components/ui/Button.tsx:28:13)

    console.log
      [Button] Rendering with type: button

      at log (src/components/ui/Button.tsx:25:13)

    console.log
      [Button] Props received: {
        variant: 'primary',
        size: 'lg',
        type: 'button',
        loading: false,
        disabled: true
      }

      at log (src/components/ui/Button.tsx:26:13)

    console.log
      [Button] Has onClick in props: true

      at log (src/components/ui/Button.tsx:27:13)

    console.log
      [Button] All props: {
        onClick: [Function: handleNavigate],
        'aria-label': 'Navigate to selected form'
      }

      at log (src/components/ui/Button.tsx:28:13)

    console.log
      [Button] Rendering with type: button

      at log (src/components/ui/Button.tsx:25:13)

    console.log
      [Button] Props received: {
        variant: 'primary',
        size: 'lg',
        type: 'button',
        loading: false,
        disabled: false
      }

      at log (src/components/ui/Button.tsx:26:13)

    console.log
      [Button] Has onClick in props: true

      at log (src/components/ui/Button.tsx:27:13)

    console.log
      [Button] All props: {
        onClick: [Function: handleNavigate],
        'aria-label': 'Navigate to selected form'
      }

      at log (src/components/ui/Button.tsx:28:13)

    console.log
      [Button] Rendering with type: button

      at log (src/components/ui/Button.tsx:25:13)

    console.log
      [Button] Props received: {
        variant: 'primary',
        size: 'lg',
        type: 'button',
        loading: false,
        disabled: false
      }

      at log (src/components/ui/Button.tsx:26:13)

    console.log
      [Button] Has onClick in props: true

      at log (src/components/ui/Button.tsx:27:13)

    console.log
      [Button] All props: {
        onClick: [Function: handleNavigate],
        'aria-label': 'Navigate to selected form'
      }

      at log (src/components/ui/Button.tsx:28:13)

    console.log
      [Button] Rendering with type: button

      at log (src/components/ui/Button.tsx:25:13)

    console.log
      [Button] Props received: {
        variant: 'primary',
        size: 'lg',
        type: 'button',
        loading: false,
        disabled: true
      }

      at log (src/components/ui/Button.tsx:26:13)

    console.log
      [Button] Has onClick in props: true

      at log (src/components/ui/Button.tsx:27:13)

    console.log
      [Button] All props: {
        onClick: [Function: handleNavigate],
        'aria-label': 'Navigate to selected form'
      }

      at log (src/components/ui/Button.tsx:28:13)

    console.log
      [Button] Rendering with type: button

      at log (src/components/ui/Button.tsx:25:13)

    console.log
      [Button] Props received: {
        variant: 'primary',
        size: 'lg',
        type: 'button',
        loading: false,
        disabled: false
      }

      at log (src/components/ui/Button.tsx:26:13)

    console.log
      [Button] Has onClick in props: true

      at log (src/components/ui/Button.tsx:27:13)

    console.log
      [Button] All props: {
        onClick: [Function: handleNavigate],
        'aria-label': 'Navigate to selected form'
      }

      at log (src/components/ui/Button.tsx:28:13)

    console.log
      [Button] Rendering with type: button

      at log (src/components/ui/Button.tsx:25:13)

    console.log
      [Button] Props received: {
        variant: 'primary',
        size: 'lg',
        type: 'button',
        loading: false,
        disabled: false
      }

      at log (src/components/ui/Button.tsx:26:13)

    console.log
      [Button] Has onClick in props: true

      at log (src/components/ui/Button.tsx:27:13)

    console.log
      [Button] All props: {
        onClick: [Function: handleNavigate],
        'aria-label': 'Navigate to selected form'
      }

      at log (src/components/ui/Button.tsx:28:13)

    console.log
      [Button] Rendering with type: button

      at log (src/components/ui/Button.tsx:25:13)

    console.log
      [Button] Props received: {
        variant: 'primary',
        size: 'lg',
        type: 'button',
        loading: false,
        disabled: true
      }

      at log (src/components/ui/Button.tsx:26:13)

    console.log
      [Button] Has onClick in props: true

      at log (src/components/ui/Button.tsx:27:13)

    console.log
      [Button] All props: {
        onClick: [Function: handleNavigate],
        'aria-label': 'Navigate to selected form'
      }

      at log (src/components/ui/Button.tsx:28:13)

    console.log
      [Button] Rendering with type: button

      at log (src/components/ui/Button.tsx:25:13)

    console.log
      [Button] Props received: {
        variant: 'primary',
        size: 'lg',
        type: 'button',
        loading: false,
        disabled: false
      }

      at log (src/components/ui/Button.tsx:26:13)

    console.log
      [Button] Has onClick in props: true

      at log (src/components/ui/Button.tsx:27:13)

    console.log
      [Button] All props: {
        onClick: [Function: handleNavigate],
        'aria-label': 'Navigate to selected form'
      }

      at log (src/components/ui/Button.tsx:28:13)

    console.log
      [Button] Rendering with type: button

      at log (src/components/ui/Button.tsx:25:13)

    console.log
      [Button] Props received: {
        variant: 'primary',
        size: 'lg',
        type: 'button',
        loading: false,
        disabled: false
      }

      at log (src/components/ui/Button.tsx:26:13)

    console.log
      [Button] Has onClick in props: true

      at log (src/components/ui/Button.tsx:27:13)

    console.log
      [Button] All props: {
        onClick: [Function: handleNavigate],
        'aria-label': 'Navigate to selected form'
      }

      at log (src/components/ui/Button.tsx:28:13)

    console.log
      [Button] Rendering with type: button

      at log (src/components/ui/Button.tsx:25:13)

    console.log
      [Button] Props received: {
        variant: 'primary',
        size: 'lg',
        type: 'button',
        loading: false,
        disabled: true
      }

      at log (src/components/ui/Button.tsx:26:13)

    console.log
      [Button] Has onClick in props: true

      at log (src/components/ui/Button.tsx:27:13)

    console.log
      [Button] All props: {
        onClick: [Function: handleNavigate],
        'aria-label': 'Navigate to selected form'
      }

      at log (src/components/ui/Button.tsx:28:13)

    console.log
      [Button] Rendering with type: button

      at log (src/components/ui/Button.tsx:25:13)

    console.log
      [Button] Props received: {
        variant: 'primary',
        size: 'lg',
        type: 'button',
        loading: false,
        disabled: false
      }

      at log (src/components/ui/Button.tsx:26:13)

    console.log
      [Button] Has onClick in props: true

      at log (src/components/ui/Button.tsx:27:13)

    console.log
      [Button] All props: {
        onClick: [Function: handleNavigate],
        'aria-label': 'Navigate to selected form'
      }

      at log (src/components/ui/Button.tsx:28:13)

    console.log
      [Button] Rendering with type: button

      at log (src/components/ui/Button.tsx:25:13)

    console.log
      [Button] Props received: {
        variant: 'primary',
        size: 'lg',
        type: 'button',
        loading: false,
        disabled: false
      }

      at log (src/components/ui/Button.tsx:26:13)

    console.log
      [Button] Has onClick in props: true

      at log (src/components/ui/Button.tsx:27:13)

    console.log
      [Button] All props: {
        onClick: [Function: handleNavigate],
        'aria-label': 'Navigate to selected form'
      }

      at log (src/components/ui/Button.tsx:28:13)

    console.log
      [Button] Rendering with type: button

      at log (src/components/ui/Button.tsx:25:13)

    console.log
      [Button] Props received: {
        variant: 'primary',
        size: 'lg',
        type: 'button',
        loading: false,
        disabled: true
      }

      at log (src/components/ui/Button.tsx:26:13)

    console.log
      [Button] Has onClick in props: true

      at log (src/components/ui/Button.tsx:27:13)

    console.log
      [Button] All props: {
        onClick: [Function: handleNavigate],
        'aria-label': 'Navigate to selected form'
      }

      at log (src/components/ui/Button.tsx:28:13)

    console.log
      [Button] Rendering with type: button

      at log (src/components/ui/Button.tsx:25:13)

    console.log
      [Button] Props received: {
        variant: 'primary',
        size: 'lg',
        type: 'button',
        loading: false,
        disabled: false
      }

      at log (src/components/ui/Button.tsx:26:13)

    console.log
      [Button] Has onClick in props: true

      at log (src/components/ui/Button.tsx:27:13)

    console.log
      [Button] All props: {
        onClick: [Function: handleNavigate],
        'aria-label': 'Navigate to selected form'
      }

      at log (src/components/ui/Button.tsx:28:13)

    console.log
      [Button] Rendering with type: button

      at log (src/components/ui/Button.tsx:25:13)

    console.log
      [Button] Props received: {
        variant: 'primary',
        size: 'lg',
        type: 'button',
        loading: false,
        disabled: false
      }

      at log (src/components/ui/Button.tsx:26:13)

    console.log
      [Button] Has onClick in props: true

      at log (src/components/ui/Button.tsx:27:13)

    console.log
      [Button] All props: {
        onClick: [Function: handleNavigate],
        'aria-label': 'Navigate to selected form'
      }

      at log (src/components/ui/Button.tsx:28:13)

    console.log
      [Button] Rendering with type: button

      at log (src/components/ui/Button.tsx:25:13)

    console.log
      [Button] Props received: {
        variant: 'primary',
        size: 'lg',
        type: 'button',
        loading: false,
        disabled: true
      }

      at log (src/components/ui/Button.tsx:26:13)

    console.log
      [Button] Has onClick in props: true

      at log (src/components/ui/Button.tsx:27:13)

    console.log
      [Button] All props: {
        onClick: [Function: handleNavigate],
        'aria-label': 'Navigate to selected form'
      }

      at log (src/components/ui/Button.tsx:28:13)

    console.log
      [Button] Rendering with type: button

      at log (src/components/ui/Button.tsx:25:13)

    console.log
      [Button] Props received: {
        variant: 'primary',
        size: 'lg',
        type: 'button',
        loading: false,
        disabled: false
      }

      at log (src/components/ui/Button.tsx:26:13)

    console.log
      [Button] Has onClick in props: true

      at log (src/components/ui/Button.tsx:27:13)

    console.log
      [Button] All props: {
        onClick: [Function: handleNavigate],
        'aria-label': 'Navigate to selected form'
      }

      at log (src/components/ui/Button.tsx:28:13)

    console.log
      [Button] Rendering with type: button

      at log (src/components/ui/Button.tsx:25:13)

    console.log
      [Button] Props received: {
        variant: 'primary',
        size: 'lg',
        type: 'button',
        loading: false,
        disabled: false
      }

      at log (src/components/ui/Button.tsx:26:13)

    console.log
      [Button] Has onClick in props: true

      at log (src/components/ui/Button.tsx:27:13)

    console.log
      [Button] All props: {
        onClick: [Function: handleNavigate],
        'aria-label': 'Navigate to selected form'
      }

      at log (src/components/ui/Button.tsx:28:13)

    console.log
      [Button] Rendering with type: button

      at log (src/components/ui/Button.tsx:25:13)

    console.log
      [Button] Props received: {
        variant: 'primary',
        size: 'lg',
        type: 'button',
        loading: false,
        disabled: true
      }

      at log (src/components/ui/Button.tsx:26:13)

    console.log
      [Button] Has onClick in props: true

      at log (src/components/ui/Button.tsx:27:13)

    console.log
      [Button] All props: {
        onClick: [Function: handleNavigate],
        'aria-label': 'Navigate to selected form'
      }

      at log (src/components/ui/Button.tsx:28:13)

    console.log
      [Button] Rendering with type: button

      at log (src/components/ui/Button.tsx:25:13)

    console.log
      [Button] Props received: {
        variant: 'primary',
        size: 'lg',
        type: 'button',
        loading: false,
        disabled: false
      }

      at log (src/components/ui/Button.tsx:26:13)

    console.log
      [Button] Has onClick in props: true

      at log (src/components/ui/Button.tsx:27:13)

    console.log
      [Button] All props: {
        onClick: [Function: handleNavigate],
        'aria-label': 'Navigate to selected form'
      }

      at log (src/components/ui/Button.tsx:28:13)

    console.log
      [Button] Rendering with type: button

      at log (src/components/ui/Button.tsx:25:13)

    console.log
      [Button] Props received: {
        variant: 'primary',
        size: 'lg',
        type: 'button',
        loading: false,
        disabled: false
      }

      at log (src/components/ui/Button.tsx:26:13)

    console.log
      [Button] Has onClick in props: true

      at log (src/components/ui/Button.tsx:27:13)

    console.log
      [Button] All props: {
        onClick: [Function: handleNavigate],
        'aria-label': 'Navigate to selected form'
      }

      at log (src/components/ui/Button.tsx:28:13)

    console.log
      [Button] Rendering with type: button

      at log (src/components/ui/Button.tsx:25:13)

    console.log
      [Button] Props received: {
        variant: 'primary',
        size: 'lg',
        type: 'button',
        loading: false,
        disabled: true
      }

      at log (src/components/ui/Button.tsx:26:13)

    console.log
      [Button] Has onClick in props: true

      at log (src/components/ui/Button.tsx:27:13)

    console.log
      [Button] All props: {
        onClick: [Function: handleNavigate],
        'aria-label': 'Navigate to selected form'
      }

      at log (src/components/ui/Button.tsx:28:13)

    console.log
      [Button] Rendering with type: button

      at log (src/components/ui/Button.tsx:25:13)

    console.log
      [Button] Props received: {
        variant: 'primary',
        size: 'lg',
        type: 'button',
        loading: false,
        disabled: false
      }

      at log (src/components/ui/Button.tsx:26:13)

    console.log
      [Button] Has onClick in props: true

      at log (src/components/ui/Button.tsx:27:13)

    console.log
      [Button] All props: {
        onClick: [Function: handleNavigate],
        'aria-label': 'Navigate to selected form'
      }

      at log (src/components/ui/Button.tsx:28:13)

    console.log
      [Button] Rendering with type: button

      at log (src/components/ui/Button.tsx:25:13)

    console.log
      [Button] Props received: {
        variant: 'primary',
        size: 'lg',
        type: 'button',
        loading: false,
        disabled: false
      }

      at log (src/components/ui/Button.tsx:26:13)

    console.log
      [Button] Has onClick in props: true

      at log (src/components/ui/Button.tsx:27:13)

    console.log
      [Button] All props: {
        onClick: [Function: handleNavigate],
        'aria-label': 'Navigate to selected form'
      }

      at log (src/components/ui/Button.tsx:28:13)

    console.log
      [Button] Rendering with type: button

      at log (src/components/ui/Button.tsx:25:13)

    console.log
      [Button] Props received: {
        variant: 'primary',
        size: 'lg',
        type: 'button',
        loading: false,
        disabled: true
      }

      at log (src/components/ui/Button.tsx:26:13)

    console.log
      [Button] Has onClick in props: true

      at log (src/components/ui/Button.tsx:27:13)

    console.log
      [Button] All props: {
        onClick: [Function: handleNavigate],
        'aria-label': 'Navigate to selected form'
      }

      at log (src/components/ui/Button.tsx:28:13)

    console.log
      [Button] Rendering with type: button

      at log (src/components/ui/Button.tsx:25:13)

    console.log
      [Button] Props received: {
        variant: 'primary',
        size: 'lg',
        type: 'button',
        loading: false,
        disabled: false
      }

      at log (src/components/ui/Button.tsx:26:13)

    console.log
      [Button] Has onClick in props: true

      at log (src/components/ui/Button.tsx:27:13)

    console.log
      [Button] All props: {
        onClick: [Function: handleNavigate],
        'aria-label': 'Navigate to selected form'
      }

      at log (src/components/ui/Button.tsx:28:13)

    console.log
      [Button] Rendering with type: button

      at log (src/components/ui/Button.tsx:25:13)

    console.log
      [Button] Props received: {
        variant: 'primary',
        size: 'lg',
        type: 'button',
        loading: false,
        disabled: false
      }

      at log (src/components/ui/Button.tsx:26:13)

    console.log
      [Button] Has onClick in props: true

      at log (src/components/ui/Button.tsx:27:13)

    console.log
      [Button] All props: {
        onClick: [Function: handleNavigate],
        'aria-label': 'Navigate to selected form'
      }

      at log (src/components/ui/Button.tsx:28:13)

    console.log
      [Button] Rendering with type: button

      at log (src/components/ui/Button.tsx:25:13)

    console.log
      [Button] Props received: {
        variant: 'primary',
        size: 'lg',
        type: 'button',
        loading: false,
        disabled: true
      }

      at log (src/components/ui/Button.tsx:26:13)

    console.log
      [Button] Has onClick in props: true

      at log (src/components/ui/Button.tsx:27:13)

    console.log
      [Button] All props: {
        onClick: [Function: handleNavigate],
        'aria-label': 'Navigate to selected form'
      }

      at log (src/components/ui/Button.tsx:28:13)

    console.log
      [Button] Rendering with type: button

      at log (src/components/ui/Button.tsx:25:13)

    console.log
      [Button] Props received: {
        variant: 'primary',
        size: 'lg',
        type: 'button',
        loading: false,
        disabled: false
      }

      at log (src/components/ui/Button.tsx:26:13)

    console.log
      [Button] Has onClick in props: true

      at log (src/components/ui/Button.tsx:27:13)

    console.log
      [Button] All props: {
        onClick: [Function: handleNavigate],
        'aria-label': 'Navigate to selected form'
      }

      at log (src/components/ui/Button.tsx:28:13)

    console.log
      [Button] Rendering with type: button

      at log (src/components/ui/Button.tsx:25:13)

    console.log
      [Button] Props received: {
        variant: 'primary',
        size: 'lg',
        type: 'button',
        loading: false,
        disabled: false
      }

      at log (src/components/ui/Button.tsx:26:13)

    console.log
      [Button] Has onClick in props: true

      at log (src/components/ui/Button.tsx:27:13)

    console.log
      [Button] All props: {
        onClick: [Function: handleNavigate],
        'aria-label': 'Navigate to selected form'
      }

      at log (src/components/ui/Button.tsx:28:13)

    console.log
      [Button] Rendering with type: button

      at log (src/components/ui/Button.tsx:25:13)

    console.log
      [Button] Props received: {
        variant: 'primary',
        size: 'lg',
        type: 'button',
        loading: false,
        disabled: true
      }

      at log (src/components/ui/Button.tsx:26:13)

    console.log
      [Button] Has onClick in props: true

      at log (src/components/ui/Button.tsx:27:13)

    console.log
      [Button] All props: {
        onClick: [Function: handleNavigate],
        'aria-label': 'Navigate to selected form'
      }

      at log (src/components/ui/Button.tsx:28:13)

    console.log
      [Button] Rendering with type: button

      at log (src/components/ui/Button.tsx:25:13)

    console.log
      [Button] Props received: {
        variant: 'primary',
        size: 'lg',
        type: 'button',
        loading: false,
        disabled: false
      }

      at log (src/components/ui/Button.tsx:26:13)

    console.log
      [Button] Has onClick in props: true

      at log (src/components/ui/Button.tsx:27:13)

    console.log
      [Button] All props: {
        onClick: [Function: handleNavigate],
        'aria-label': 'Navigate to selected form'
      }

      at log (src/components/ui/Button.tsx:28:13)

    console.log
      [Button] Rendering with type: button

      at log (src/components/ui/Button.tsx:25:13)

    console.log
      [Button] Props received: {
        variant: 'primary',
        size: 'lg',
        type: 'button',
        loading: false,
        disabled: false
      }

      at log (src/components/ui/Button.tsx:26:13)

    console.log
      [Button] Has onClick in props: true

      at log (src/components/ui/Button.tsx:27:13)

    console.log
      [Button] All props: {
        onClick: [Function: handleNavigate],
        'aria-label': 'Navigate to selected form'
      }

      at log (src/components/ui/Button.tsx:28:13)

    console.log
      [Button] Rendering with type: button

      at log (src/components/ui/Button.tsx:25:13)

    console.log
      [Button] Props received: {
        variant: 'primary',
        size: 'lg',
        type: 'button',
        loading: false,
        disabled: true
      }

      at log (src/components/ui/Button.tsx:26:13)

    console.log
      [Button] Has onClick in props: true

      at log (src/components/ui/Button.tsx:27:13)

    console.log
      [Button] All props: {
        onClick: [Function: handleNavigate],
        'aria-label': 'Navigate to selected form'
      }

      at log (src/components/ui/Button.tsx:28:13)

    console.log
      [Button] Rendering with type: button

      at log (src/components/ui/Button.tsx:25:13)

    console.log
      [Button] Props received: {
        variant: 'primary',
        size: 'lg',
        type: 'button',
        loading: false,
        disabled: false
      }

      at log (src/components/ui/Button.tsx:26:13)

    console.log
      [Button] Has onClick in props: true

      at log (src/components/ui/Button.tsx:27:13)

    console.log
      [Button] All props: {
        onClick: [Function: handleNavigate],
        'aria-label': 'Navigate to selected form'
      }

      at log (src/components/ui/Button.tsx:28:13)

    console.log
      [Button] Rendering with type: button

      at log (src/components/ui/Button.tsx:25:13)

    console.log
      [Button] Props received: {
        variant: 'primary',
        size: 'lg',
        type: 'button',
        loading: false,
        disabled: false
      }

      at log (src/components/ui/Button.tsx:26:13)

    console.log
      [Button] Has onClick in props: true

      at log (src/components/ui/Button.tsx:27:13)

    console.log
      [Button] All props: {
        onClick: [Function: handleNavigate],
        'aria-label': 'Navigate to selected form'
      }

      at log (src/components/ui/Button.tsx:28:13)

    console.log
      [Button] Rendering with type: button

      at log (src/components/ui/Button.tsx:25:13)

    console.log
      [Button] Props received: {
        variant: 'primary',
        size: 'lg',
        type: 'button',
        loading: false,
        disabled: true
      }

      at log (src/components/ui/Button.tsx:26:13)

    console.log
      [Button] Has onClick in props: true

      at log (src/components/ui/Button.tsx:27:13)

    console.log
      [Button] All props: {
        onClick: [Function: handleNavigate],
        'aria-label': 'Navigate to selected form'
      }

      at log (src/components/ui/Button.tsx:28:13)

    console.log
      [Button] Rendering with type: button

      at log (src/components/ui/Button.tsx:25:13)

    console.log
      [Button] Props received: {
        variant: 'primary',
        size: 'lg',
        type: 'button',
        loading: false,
        disabled: false
      }

      at log (src/components/ui/Button.tsx:26:13)

    console.log
      [Button] Has onClick in props: true

      at log (src/components/ui/Button.tsx:27:13)

    console.log
      [Button] All props: {
        onClick: [Function: handleNavigate],
        'aria-label': 'Navigate to selected form'
      }

      at log (src/components/ui/Button.tsx:28:13)

    console.log
      [Button] Rendering with type: button

      at log (src/components/ui/Button.tsx:25:13)

    console.log
      [Button] Props received: {
        variant: 'primary',
        size: 'lg',
        type: 'button',
        loading: false,
        disabled: false
      }

      at log (src/components/ui/Button.tsx:26:13)

    console.log
      [Button] Has onClick in props: true

      at log (src/components/ui/Button.tsx:27:13)

    console.log
      [Button] All props: {
        onClick: [Function: handleNavigate],
        'aria-label': 'Navigate to selected form'
      }

      at log (src/components/ui/Button.tsx:28:13)

    console.log
      [Button] Rendering with type: button

      at log (src/components/ui/Button.tsx:25:13)

    console.log
      [Button] Props received: {
        variant: 'primary',
        size: 'lg',
        type: 'button',
        loading: false,
        disabled: true
      }

      at log (src/components/ui/Button.tsx:26:13)

    console.log
      [Button] Has onClick in props: true

      at log (src/components/ui/Button.tsx:27:13)

    console.log
      [Button] All props: {
        onClick: [Function: handleNavigate],
        'aria-label': 'Navigate to selected form'
      }

      at log (src/components/ui/Button.tsx:28:13)

    console.log
      [Button] Rendering with type: button

      at log (src/components/ui/Button.tsx:25:13)

    console.log
      [Button] Props received: {
        variant: 'primary',
        size: 'lg',
        type: 'button',
        loading: false,
        disabled: false
      }

      at log (src/components/ui/Button.tsx:26:13)

    console.log
      [Button] Has onClick in props: true

      at log (src/components/ui/Button.tsx:27:13)

    console.log
      [Button] All props: {
        onClick: [Function: handleNavigate],
        'aria-label': 'Navigate to selected form'
      }

      at log (src/components/ui/Button.tsx:28:13)

    console.log
      [Button] Rendering with type: button

      at log (src/components/ui/Button.tsx:25:13)

    console.log
      [Button] Props received: {
        variant: 'primary',
        size: 'lg',
        type: 'button',
        loading: false,
        disabled: false
      }

      at log (src/components/ui/Button.tsx:26:13)

    console.log
      [Button] Has onClick in props: true

      at log (src/components/ui/Button.tsx:27:13)

    console.log
      [Button] All props: {
        onClick: [Function: handleNavigate],
        'aria-label': 'Navigate to selected form'
      }

      at log (src/components/ui/Button.tsx:28:13)

    console.log
      [Button] Rendering with type: button

      at log (src/components/ui/Button.tsx:25:13)

    console.log
      [Button] Props received: {
        variant: 'primary',
        size: 'lg',
        type: 'button',
        loading: false,
        disabled: true
      }

      at log (src/components/ui/Button.tsx:26:13)

    console.log
      [Button] Has onClick in props: true

      at log (src/components/ui/Button.tsx:27:13)

    console.log
      [Button] All props: {
        onClick: [Function: handleNavigate],
        'aria-label': 'Navigate to selected form'
      }

      at log (src/components/ui/Button.tsx:28:13)

    console.log
      [Button] Rendering with type: button

      at log (src/components/ui/Button.tsx:25:13)

    console.log
      [Button] Props received: {
        variant: 'primary',
        size: 'lg',
        type: 'button',
        loading: false,
        disabled: false
      }

      at log (src/components/ui/Button.tsx:26:13)

    console.log
      [Button] Has onClick in props: true

      at log (src/components/ui/Button.tsx:27:13)

    console.log
      [Button] All props: {
        onClick: [Function: handleNavigate],
        'aria-label': 'Navigate to selected form'
      }

      at log (src/components/ui/Button.tsx:28:13)

    console.log
      [Button] Rendering with type: button

      at log (src/components/ui/Button.tsx:25:13)

    console.log
      [Button] Props received: {
        variant: 'primary',
        size: 'lg',
        type: 'button',
        loading: false,
        disabled: false
      }

      at log (src/components/ui/Button.tsx:26:13)

    console.log
      [Button] Has onClick in props: true

      at log (src/components/ui/Button.tsx:27:13)

    console.log
      [Button] All props: {
        onClick: [Function: handleNavigate],
        'aria-label': 'Navigate to selected form'
      }

      at log (src/components/ui/Button.tsx:28:13)

    console.log
      [Button] Rendering with type: button

      at log (src/components/ui/Button.tsx:25:13)

    console.log
      [Button] Props received: {
        variant: 'primary',
        size: 'lg',
        type: 'button',
        loading: false,
        disabled: true
      }

      at log (src/components/ui/Button.tsx:26:13)

    console.log
      [Button] Has onClick in props: true

      at log (src/components/ui/Button.tsx:27:13)

    console.log
      [Button] All props: {
        onClick: [Function: handleNavigate],
        'aria-label': 'Navigate to selected form'
      }

      at log (src/components/ui/Button.tsx:28:13)

    console.log
      [Button] Rendering with type: button

      at log (src/components/ui/Button.tsx:25:13)

    console.log
      [Button] Props received: {
        variant: 'primary',
        size: 'lg',
        type: 'button',
        loading: false,
        disabled: false
      }

      at log (src/components/ui/Button.tsx:26:13)

    console.log
      [Button] Has onClick in props: true

      at log (src/components/ui/Button.tsx:27:13)

    console.log
      [Button] All props: {
        onClick: [Function: handleNavigate],
        'aria-label': 'Navigate to selected form'
      }

      at log (src/components/ui/Button.tsx:28:13)

    console.log
      [Button] Rendering with type: button

      at log (src/components/ui/Button.tsx:25:13)

    console.log
      [Button] Props received: {
        variant: 'primary',
        size: 'lg',
        type: 'button',
        loading: false,
        disabled: false
      }

      at log (src/components/ui/Button.tsx:26:13)

    console.log
      [Button] Has onClick in props: true

      at log (src/components/ui/Button.tsx:27:13)

    console.log
      [Button] All props: {
        onClick: [Function: handleNavigate],
        'aria-label': 'Navigate to selected form'
      }

      at log (src/components/ui/Button.tsx:28:13)

    console.log
      [Button] Rendering with type: button

      at log (src/components/ui/Button.tsx:25:13)

    console.log
      [Button] Props received: {
        variant: 'primary',
        size: 'lg',
        type: 'button',
        loading: false,
        disabled: true
      }

      at log (src/components/ui/Button.tsx:26:13)

    console.log
      [Button] Has onClick in props: true

      at log (src/components/ui/Button.tsx:27:13)

    console.log
      [Button] All props: {
        onClick: [Function: handleNavigate],
        'aria-label': 'Navigate to selected form'
      }

      at log (src/components/ui/Button.tsx:28:13)

    console.log
      [Button] Rendering with type: button

      at log (src/components/ui/Button.tsx:25:13)

    console.log
      [Button] Props received: {
        variant: 'primary',
        size: 'lg',
        type: 'button',
        loading: false,
        disabled: false
      }

      at log (src/components/ui/Button.tsx:26:13)

    console.log
      [Button] Has onClick in props: true

      at log (src/components/ui/Button.tsx:27:13)

    console.log
      [Button] All props: {
        onClick: [Function: handleNavigate],
        'aria-label': 'Navigate to selected form'
      }

      at log (src/components/ui/Button.tsx:28:13)

    console.log
      [Button] Rendering with type: button

      at log (src/components/ui/Button.tsx:25:13)

    console.log
      [Button] Props received: {
        variant: 'primary',
        size: 'lg',
        type: 'button',
        loading: false,
        disabled: false
      }

      at log (src/components/ui/Button.tsx:26:13)

    console.log
      [Button] Has onClick in props: true

      at log (src/components/ui/Button.tsx:27:13)

    console.log
      [Button] All props: {
        onClick: [Function: handleNavigate],
        'aria-label': 'Navigate to selected form'
      }

      at log (src/components/ui/Button.tsx:28:13)

    console.log
      [Button] Rendering with type: button

      at log (src/components/ui/Button.tsx:25:13)

    console.log
      [Button] Props received: {
        variant: 'primary',
        size: 'lg',
        type: 'button',
        loading: false,
        disabled: true
      }

      at log (src/components/ui/Button.tsx:26:13)

    console.log
      [Button] Has onClick in props: true

      at log (src/components/ui/Button.tsx:27:13)

    console.log
      [Button] All props: {
        onClick: [Function: handleNavigate],
        'aria-label': 'Navigate to selected form'
      }

      at log (src/components/ui/Button.tsx:28:13)

    console.log
      [Button] Rendering with type: button

      at log (src/components/ui/Button.tsx:25:13)

    console.log
      [Button] Props received: {
        variant: 'primary',
        size: 'lg',
        type: 'button',
        loading: false,
        disabled: false
      }

      at log (src/components/ui/Button.tsx:26:13)

    console.log
      [Button] Has onClick in props: true

      at log (src/components/ui/Button.tsx:27:13)

    console.log
      [Button] All props: {
        onClick: [Function: handleNavigate],
        'aria-label': 'Navigate to selected form'
      }

      at log (src/components/ui/Button.tsx:28:13)

    console.log
      [Button] Rendering with type: button

      at log (src/components/ui/Button.tsx:25:13)

    console.log
      [Button] Props received: {
        variant: 'primary',
        size: 'lg',
        type: 'button',
        loading: false,
        disabled: false
      }

      at log (src/components/ui/Button.tsx:26:13)

    console.log
      [Button] Has onClick in props: true

      at log (src/components/ui/Button.tsx:27:13)

    console.log
      [Button] All props: {
        onClick: [Function: handleNavigate],
        'aria-label': 'Navigate to selected form'
      }

      at log (src/components/ui/Button.tsx:28:13)

    console.log
      [Button] Rendering with type: button

      at log (src/components/ui/Button.tsx:25:13)

    console.log
      [Button] Props received: {
        variant: 'primary',
        size: 'lg',
        type: 'button',
        loading: false,
        disabled: true
      }

      at log (src/components/ui/Button.tsx:26:13)

    console.log
      [Button] Has onClick in props: true

      at log (src/components/ui/Button.tsx:27:13)

    console.log
      [Button] All props: {
        onClick: [Function: handleNavigate],
        'aria-label': 'Navigate to selected form'
      }

      at log (src/components/ui/Button.tsx:28:13)

    console.log
      [Button] Rendering with type: button

      at log (src/components/ui/Button.tsx:25:13)

    console.log
      [Button] Props received: {
        variant: 'primary',
        size: 'lg',
        type: 'button',
        loading: false,
        disabled: false
      }

      at log (src/components/ui/Button.tsx:26:13)

    console.log
      [Button] Has onClick in props: true

      at log (src/components/ui/Button.tsx:27:13)

    console.log
      [Button] All props: {
        onClick: [Function: handleNavigate],
        'aria-label': 'Navigate to selected form'
      }

      at log (src/components/ui/Button.tsx:28:13)

    console.log
      [Button] Rendering with type: button

      at log (src/components/ui/Button.tsx:25:13)

    console.log
      [Button] Props received: {
        variant: 'primary',
        size: 'lg',
        type: 'button',
        loading: false,
        disabled: false
      }

      at log (src/components/ui/Button.tsx:26:13)

    console.log
      [Button] Has onClick in props: true

      at log (src/components/ui/Button.tsx:27:13)

    console.log
      [Button] All props: {
        onClick: [Function: handleNavigate],
        'aria-label': 'Navigate to selected form'
      }

      at log (src/components/ui/Button.tsx:28:13)

    console.log
      [Button] Rendering with type: button

      at log (src/components/ui/Button.tsx:25:13)

    console.log
      [Button] Props received: {
        variant: 'primary',
        size: 'lg',
        type: 'button',
        loading: false,
        disabled: true
      }

      at log (src/components/ui/Button.tsx:26:13)

    console.log
      [Button] Has onClick in props: true

      at log (src/components/ui/Button.tsx:27:13)

    console.log
      [Button] All props: {
        onClick: [Function: handleNavigate],
        'aria-label': 'Navigate to selected form'
      }

      at log (src/components/ui/Button.tsx:28:13)

    console.log
      [Button] Rendering with type: button

      at log (src/components/ui/Button.tsx:25:13)

    console.log
      [Button] Props received: {
        variant: 'primary',
        size: 'lg',
        type: 'button',
        loading: false,
        disabled: false
      }

      at log (src/components/ui/Button.tsx:26:13)

    console.log
      [Button] Has onClick in props: true

      at log (src/components/ui/Button.tsx:27:13)

    console.log
      [Button] All props: {
        onClick: [Function: handleNavigate],
        'aria-label': 'Navigate to selected form'
      }

      at log (src/components/ui/Button.tsx:28:13)

    console.log
      [Button] Rendering with type: button

      at log (src/components/ui/Button.tsx:25:13)

    console.log
      [Button] Props received: {
        variant: 'primary',
        size: 'lg',
        type: 'button',
        loading: false,
        disabled: false
      }

      at log (src/components/ui/Button.tsx:26:13)

    console.log
      [Button] Has onClick in props: true

      at log (src/components/ui/Button.tsx:27:13)

    console.log
      [Button] All props: {
        onClick: [Function: handleNavigate],
        'aria-label': 'Navigate to selected form'
      }

      at log (src/components/ui/Button.tsx:28:13)

    console.log
      [Button] Rendering with type: button

      at log (src/components/ui/Button.tsx:25:13)

    console.log
      [Button] Props received: {
        variant: 'primary',
        size: 'lg',
        type: 'button',
        loading: false,
        disabled: true
      }

      at log (src/components/ui/Button.tsx:26:13)

    console.log
      [Button] Has onClick in props: true

      at log (src/components/ui/Button.tsx:27:13)

    console.log
      [Button] All props: {
        onClick: [Function: handleNavigate],
        'aria-label': 'Navigate to selected form'
      }

      at log (src/components/ui/Button.tsx:28:13)

    console.log
      [Button] Rendering with type: button

      at log (src/components/ui/Button.tsx:25:13)

    console.log
      [Button] Props received: {
        variant: 'primary',
        size: 'lg',
        type: 'button',
        loading: false,
        disabled: false
      }

      at log (src/components/ui/Button.tsx:26:13)

    console.log
      [Button] Has onClick in props: true

      at log (src/components/ui/Button.tsx:27:13)

    console.log
      [Button] All props: {
        onClick: [Function: handleNavigate],
        'aria-label': 'Navigate to selected form'
      }

      at log (src/components/ui/Button.tsx:28:13)

    console.log
      [Button] Rendering with type: button

      at log (src/components/ui/Button.tsx:25:13)

    console.log
      [Button] Props received: {
        variant: 'primary',
        size: 'lg',
        type: 'button',
        loading: false,
        disabled: false
      }

      at log (src/components/ui/Button.tsx:26:13)

    console.log
      [Button] Has onClick in props: true

      at log (src/components/ui/Button.tsx:27:13)

    console.log
      [Button] All props: {
        onClick: [Function: handleNavigate],
        'aria-label': 'Navigate to selected form'
      }

      at log (src/components/ui/Button.tsx:28:13)

    console.log
      [Button] Rendering with type: button

      at log (src/components/ui/Button.tsx:25:13)

    console.log
      [Button] Props received: {
        variant: 'primary',
        size: 'lg',
        type: 'button',
        loading: false,
        disabled: true
      }

      at log (src/components/ui/Button.tsx:26:13)

    console.log
      [Button] Has onClick in props: true

      at log (src/components/ui/Button.tsx:27:13)

    console.log
      [Button] All props: {
        onClick: [Function: handleNavigate],
        'aria-label': 'Navigate to selected form'
      }

      at log (src/components/ui/Button.tsx:28:13)

    console.log
      [Button] Rendering with type: button

      at log (src/components/ui/Button.tsx:25:13)

    console.log
      [Button] Props received: {
        variant: 'primary',
        size: 'lg',
        type: 'button',
        loading: false,
        disabled: false
      }

      at log (src/components/ui/Button.tsx:26:13)

    console.log
      [Button] Has onClick in props: true

      at log (src/components/ui/Button.tsx:27:13)

    console.log
      [Button] All props: {
        onClick: [Function: handleNavigate],
        'aria-label': 'Navigate to selected form'
      }

      at log (src/components/ui/Button.tsx:28:13)

    console.log
      [Button] Rendering with type: button

      at log (src/components/ui/Button.tsx:25:13)

    console.log
      [Button] Props received: {
        variant: 'primary',
        size: 'lg',
        type: 'button',
        loading: false,
        disabled: false
      }

      at log (src/components/ui/Button.tsx:26:13)

    console.log
      [Button] Has onClick in props: true

      at log (src/components/ui/Button.tsx:27:13)

    console.log
      [Button] All props: {
        onClick: [Function: handleNavigate],
        'aria-label': 'Navigate to selected form'
      }

      at log (src/components/ui/Button.tsx:28:13)

    console.log
      [Button] Rendering with type: button

      at log (src/components/ui/Button.tsx:25:13)

    console.log
      [Button] Props received: {
        variant: 'primary',
        size: 'lg',
        type: 'button',
        loading: false,
        disabled: true
      }

      at log (src/components/ui/Button.tsx:26:13)

    console.log
      [Button] Has onClick in props: true

      at log (src/components/ui/Button.tsx:27:13)

    console.log
      [Button] All props: {
        onClick: [Function: handleNavigate],
        'aria-label': 'Navigate to selected form'
      }

      at log (src/components/ui/Button.tsx:28:13)

    console.log
      [Button] Rendering with type: button

      at log (src/components/ui/Button.tsx:25:13)

    console.log
      [Button] Props received: {
        variant: 'primary',
        size: 'lg',
        type: 'button',
        loading: false,
        disabled: false
      }

      at log (src/components/ui/Button.tsx:26:13)

    console.log
      [Button] Has onClick in props: true

      at log (src/components/ui/Button.tsx:27:13)

    console.log
      [Button] All props: {
        onClick: [Function: handleNavigate],
        'aria-label': 'Navigate to selected form'
      }

      at log (src/components/ui/Button.tsx:28:13)

    console.log
      [Button] Rendering with type: button

      at log (src/components/ui/Button.tsx:25:13)

    console.log
      [Button] Props received: {
        variant: 'primary',
        size: 'lg',
        type: 'button',
        loading: false,
        disabled: false
      }

      at log (src/components/ui/Button.tsx:26:13)

    console.log
      [Button] Has onClick in props: true

      at log (src/components/ui/Button.tsx:27:13)

    console.log
      [Button] All props: {
        onClick: [Function: handleNavigate],
        'aria-label': 'Navigate to selected form'
      }

      at log (src/components/ui/Button.tsx:28:13)

    console.log
      [Button] Rendering with type: button

      at log (src/components/ui/Button.tsx:25:13)

    console.log
      [Button] Props received: {
        variant: 'primary',
        size: 'lg',
        type: 'button',
        loading: false,
        disabled: true
      }

      at log (src/components/ui/Button.tsx:26:13)

    console.log
      [Button] Has onClick in props: true

      at log (src/components/ui/Button.tsx:27:13)

    console.log
      [Button] All props: {
        onClick: [Function: handleNavigate],
        'aria-label': 'Navigate to selected form'
      }

      at log (src/components/ui/Button.tsx:28:13)

    console.log
      [Button] Rendering with type: button

      at log (src/components/ui/Button.tsx:25:13)

    console.log
      [Button] Props received: {
        variant: 'primary',
        size: 'lg',
        type: 'button',
        loading: false,
        disabled: false
      }

      at log (src/components/ui/Button.tsx:26:13)

    console.log
      [Button] Has onClick in props: true

      at log (src/components/ui/Button.tsx:27:13)

    console.log
      [Button] All props: {
        onClick: [Function: handleNavigate],
        'aria-label': 'Navigate to selected form'
      }

      at log (src/components/ui/Button.tsx:28:13)

    console.log
      [Button] Rendering with type: button

      at log (src/components/ui/Button.tsx:25:13)

    console.log
      [Button] Props received: {
        variant: 'primary',
        size: 'lg',
        type: 'button',
        loading: false,
        disabled: false
      }

      at log (src/components/ui/Button.tsx:26:13)

    console.log
      [Button] Has onClick in props: true

      at log (src/components/ui/Button.tsx:27:13)

    console.log
      [Button] All props: {
        onClick: [Function: handleNavigate],
        'aria-label': 'Navigate to selected form'
      }

      at log (src/components/ui/Button.tsx:28:13)

    console.log
      [Button] Rendering with type: button

      at log (src/components/ui/Button.tsx:25:13)

    console.log
      [Button] Props received: {
        variant: 'primary',
        size: 'lg',
        type: 'button',
        loading: false,
        disabled: true
      }

      at log (src/components/ui/Button.tsx:26:13)

    console.log
      [Button] Has onClick in props: true

      at log (src/components/ui/Button.tsx:27:13)

    console.log
      [Button] All props: {
        onClick: [Function: handleNavigate],
        'aria-label': 'Navigate to selected form'
      }

      at log (src/components/ui/Button.tsx:28:13)

    console.log
      [Button] Rendering with type: button

      at log (src/components/ui/Button.tsx:25:13)

    console.log
      [Button] Props received: {
        variant: 'primary',
        size: 'lg',
        type: 'button',
        loading: false,
        disabled: false
      }

      at log (src/components/ui/Button.tsx:26:13)

    console.log
      [Button] Has onClick in props: true

      at log (src/components/ui/Button.tsx:27:13)

    console.log
      [Button] All props: {
        onClick: [Function: handleNavigate],
        'aria-label': 'Navigate to selected form'
      }

      at log (src/components/ui/Button.tsx:28:13)

    console.log
      [Button] Rendering with type: button

      at log (src/components/ui/Button.tsx:25:13)

    console.log
      [Button] Props received: {
        variant: 'primary',
        size: 'lg',
        type: 'button',
        loading: false,
        disabled: false
      }

      at log (src/components/ui/Button.tsx:26:13)

    console.log
      [Button] Has onClick in props: true

      at log (src/components/ui/Button.tsx:27:13)

    console.log
      [Button] All props: {
        onClick: [Function: handleNavigate],
        'aria-label': 'Navigate to selected form'
      }

      at log (src/components/ui/Button.tsx:28:13)

    console.log
      [Button] Rendering with type: button

      at log (src/components/ui/Button.tsx:25:13)

    console.log
      [Button] Props received: {
        variant: 'primary',
        size: 'lg',
        type: 'button',
        loading: false,
        disabled: true
      }

      at log (src/components/ui/Button.tsx:26:13)

    console.log
      [Button] Has onClick in props: true

      at log (src/components/ui/Button.tsx:27:13)

    console.log
      [Button] All props: {
        onClick: [Function: handleNavigate],
        'aria-label': 'Navigate to selected form'
      }

      at log (src/components/ui/Button.tsx:28:13)

    console.log
      [Button] Rendering with type: button

      at log (src/components/ui/Button.tsx:25:13)

    console.log
      [Button] Props received: {
        variant: 'primary',
        size: 'lg',
        type: 'button',
        loading: false,
        disabled: false
      }

      at log (src/components/ui/Button.tsx:26:13)

    console.log
      [Button] Has onClick in props: true

      at log (src/components/ui/Button.tsx:27:13)

    console.log
      [Button] All props: {
        onClick: [Function: handleNavigate],
        'aria-label': 'Navigate to selected form'
      }

      at log (src/components/ui/Button.tsx:28:13)

    console.log
      [Button] Rendering with type: button

      at log (src/components/ui/Button.tsx:25:13)

    console.log
      [Button] Props received: {
        variant: 'primary',
        size: 'lg',
        type: 'button',
        loading: false,
        disabled: false
      }

      at log (src/components/ui/Button.tsx:26:13)

    console.log
      [Button] Has onClick in props: true

      at log (src/components/ui/Button.tsx:27:13)

    console.log
      [Button] All props: {
        onClick: [Function: handleNavigate],
        'aria-label': 'Navigate to selected form'
      }

      at log (src/components/ui/Button.tsx:28:13)

    console.log
      [Button] Rendering with type: button

      at log (src/components/ui/Button.tsx:25:13)

    console.log
      [Button] Props received: {
        variant: 'primary',
        size: 'lg',
        type: 'button',
        loading: false,
        disabled: true
      }

      at log (src/components/ui/Button.tsx:26:13)

    console.log
      [Button] Has onClick in props: true

      at log (src/components/ui/Button.tsx:27:13)

    console.log
      [Button] All props: {
        onClick: [Function: handleNavigate],
        'aria-label': 'Navigate to selected form'
      }

      at log (src/components/ui/Button.tsx:28:13)

    console.log
      [Button] Rendering with type: button

      at log (src/components/ui/Button.tsx:25:13)

    console.log
      [Button] Props received: {
        variant: 'primary',
        size: 'lg',
        type: 'button',
        loading: false,
        disabled: false
      }

      at log (src/components/ui/Button.tsx:26:13)

    console.log
      [Button] Has onClick in props: true

      at log (src/components/ui/Button.tsx:27:13)

    console.log
      [Button] All props: {
        onClick: [Function: handleNavigate],
        'aria-label': 'Navigate to selected form'
      }

      at log (src/components/ui/Button.tsx:28:13)

    console.log
      [Button] Rendering with type: button

      at log (src/components/ui/Button.tsx:25:13)

    console.log
      [Button] Props received: {
        variant: 'primary',
        size: 'lg',
        type: 'button',
        loading: false,
        disabled: false
      }

      at log (src/components/ui/Button.tsx:26:13)

    console.log
      [Button] Has onClick in props: true

      at log (src/components/ui/Button.tsx:27:13)

    console.log
      [Button] All props: {
        onClick: [Function: handleNavigate],
        'aria-label': 'Navigate to selected form'
      }

      at log (src/components/ui/Button.tsx:28:13)

    console.log
      [Button] Rendering with type: button

      at log (src/components/ui/Button.tsx:25:13)

    console.log
      [Button] Props received: {
        variant: 'primary',
        size: 'lg',
        type: 'button',
        loading: false,
        disabled: true
      }

      at log (src/components/ui/Button.tsx:26:13)

    console.log
      [Button] Has onClick in props: true

      at log (src/components/ui/Button.tsx:27:13)

    console.log
      [Button] All props: {
        onClick: [Function: handleNavigate],
        'aria-label': 'Navigate to selected form'
      }

      at log (src/components/ui/Button.tsx:28:13)

    console.log
      [Button] Rendering with type: button

      at log (src/components/ui/Button.tsx:25:13)

    console.log
      [Button] Props received: {
        variant: 'primary',
        size: 'lg',
        type: 'button',
        loading: false,
        disabled: false
      }

      at log (src/components/ui/Button.tsx:26:13)

    console.log
      [Button] Has onClick in props: true

      at log (src/components/ui/Button.tsx:27:13)

    console.log
      [Button] All props: {
        onClick: [Function: handleNavigate],
        'aria-label': 'Navigate to selected form'
      }

      at log (src/components/ui/Button.tsx:28:13)

    console.log
      [Button] Rendering with type: button

      at log (src/components/ui/Button.tsx:25:13)

    console.log
      [Button] Props received: {
        variant: 'primary',
        size: 'lg',
        type: 'button',
        loading: false,
        disabled: false
      }

      at log (src/components/ui/Button.tsx:26:13)

    console.log
      [Button] Has onClick in props: true

      at log (src/components/ui/Button.tsx:27:13)

    console.log
      [Button] All props: {
        onClick: [Function: handleNavigate],
        'aria-label': 'Navigate to selected form'
      }

      at log (src/components/ui/Button.tsx:28:13)

    console.log
      [Button] Rendering with type: button

      at log (src/components/ui/Button.tsx:25:13)

    console.log
      [Button] Props received: {
        variant: 'primary',
        size: 'lg',
        type: 'button',
        loading: false,
        disabled: true
      }

      at log (src/components/ui/Button.tsx:26:13)

    console.log
      [Button] Has onClick in props: true

      at log (src/components/ui/Button.tsx:27:13)

    console.log
      [Button] All props: {
        onClick: [Function: handleNavigate],
        'aria-label': 'Navigate to selected form'
      }

      at log (src/components/ui/Button.tsx:28:13)

    console.log
      [Button] Rendering with type: button

      at log (src/components/ui/Button.tsx:25:13)

    console.log
      [Button] Props received: {
        variant: 'primary',
        size: 'lg',
        type: 'button',
        loading: false,
        disabled: false
      }

      at log (src/components/ui/Button.tsx:26:13)

    console.log
      [Button] Has onClick in props: true

      at log (src/components/ui/Button.tsx:27:13)

    console.log
      [Button] All props: {
        onClick: [Function: handleNavigate],
        'aria-label': 'Navigate to selected form'
      }

      at log (src/components/ui/Button.tsx:28:13)

    console.log
      [Button] Rendering with type: button

      at log (src/components/ui/Button.tsx:25:13)

    console.log
      [Button] Props received: {
        variant: 'primary',
        size: 'lg',
        type: 'button',
        loading: false,
        disabled: false
      }

      at log (src/components/ui/Button.tsx:26:13)

    console.log
      [Button] Has onClick in props: true

      at log (src/components/ui/Button.tsx:27:13)

    console.log
      [Button] All props: {
        onClick: [Function: handleNavigate],
        'aria-label': 'Navigate to selected form'
      }

      at log (src/components/ui/Button.tsx:28:13)

    console.log
      [Button] Rendering with type: button

      at log (src/components/ui/Button.tsx:25:13)

    console.log
      [Button] Props received: {
        variant: 'primary',
        size: 'lg',
        type: 'button',
        loading: false,
        disabled: true
      }

      at log (src/components/ui/Button.tsx:26:13)

    console.log
      [Button] Has onClick in props: true

      at log (src/components/ui/Button.tsx:27:13)

    console.log
      [Button] All props: {
        onClick: [Function: handleNavigate],
        'aria-label': 'Navigate to selected form'
      }

      at log (src/components/ui/Button.tsx:28:13)

    console.log
      [Button] Rendering with type: button

      at log (src/components/ui/Button.tsx:25:13)

    console.log
      [Button] Props received: {
        variant: 'primary',
        size: 'lg',
        type: 'button',
        loading: false,
        disabled: false
      }

      at log (src/components/ui/Button.tsx:26:13)

    console.log
      [Button] Has onClick in props: true

      at log (src/components/ui/Button.tsx:27:13)

    console.log
      [Button] All props: {
        onClick: [Function: handleNavigate],
        'aria-label': 'Navigate to selected form'
      }

      at log (src/components/ui/Button.tsx:28:13)

    console.log
      [Button] Rendering with type: button

      at log (src/components/ui/Button.tsx:25:13)

    console.log
      [Button] Props received: {
        variant: 'primary',
        size: 'lg',
        type: 'button',
        loading: false,
        disabled: false
      }

      at log (src/components/ui/Button.tsx:26:13)

    console.log
      [Button] Has onClick in props: true

      at log (src/components/ui/Button.tsx:27:13)

    console.log
      [Button] All props: {
        onClick: [Function: handleNavigate],
        'aria-label': 'Navigate to selected form'
      }

      at log (src/components/ui/Button.tsx:28:13)

    console.log
      [Button] Rendering with type: button

      at log (src/components/ui/Button.tsx:25:13)

    console.log
      [Button] Props received: {
        variant: 'primary',
        size: 'lg',
        type: 'button',
        loading: false,
        disabled: true
      }

      at log (src/components/ui/Button.tsx:26:13)

    console.log
      [Button] Has onClick in props: true

      at log (src/components/ui/Button.tsx:27:13)

    console.log
      [Button] All props: {
        onClick: [Function: handleNavigate],
        'aria-label': 'Navigate to selected form'
      }

      at log (src/components/ui/Button.tsx:28:13)

    console.log
      [Button] Rendering with type: button

      at log (src/components/ui/Button.tsx:25:13)

    console.log
      [Button] Props received: {
        variant: 'primary',
        size: 'lg',
        type: 'button',
        loading: false,
        disabled: false
      }

      at log (src/components/ui/Button.tsx:26:13)

    console.log
      [Button] Has onClick in props: true

      at log (src/components/ui/Button.tsx:27:13)

    console.log
      [Button] All props: {
        onClick: [Function: handleNavigate],
        'aria-label': 'Navigate to selected form'
      }

      at log (src/components/ui/Button.tsx:28:13)

    console.log
      [Button] Rendering with type: button

      at log (src/components/ui/Button.tsx:25:13)

    console.log
      [Button] Props received: {
        variant: 'primary',
        size: 'lg',
        type: 'button',
        loading: false,
        disabled: false
      }

      at log (src/components/ui/Button.tsx:26:13)

    console.log
      [Button] Has onClick in props: true

      at log (src/components/ui/Button.tsx:27:13)

    console.log
      [Button] All props: {
        onClick: [Function: handleNavigate],
        'aria-label': 'Navigate to selected form'
      }

      at log (src/components/ui/Button.tsx:28:13)

    console.log
      [Button] Rendering with type: button

      at log (src/components/ui/Button.tsx:25:13)

    console.log
      [Button] Props received: {
        variant: 'primary',
        size: 'lg',
        type: 'button',
        loading: false,
        disabled: true
      }

      at log (src/components/ui/Button.tsx:26:13)

    console.log
      [Button] Has onClick in props: true

      at log (src/components/ui/Button.tsx:27:13)

    console.log
      [Button] All props: {
        onClick: [Function: handleNavigate],
        'aria-label': 'Navigate to selected form'
      }

      at log (src/components/ui/Button.tsx:28:13)

    console.log
      [Button] Rendering with type: button

      at log (src/components/ui/Button.tsx:25:13)

    console.log
      [Button] Props received: {
        variant: 'primary',
        size: 'lg',
        type: 'button',
        loading: false,
        disabled: false
      }

      at log (src/components/ui/Button.tsx:26:13)

    console.log
      [Button] Has onClick in props: true

      at log (src/components/ui/Button.tsx:27:13)

    console.log
      [Button] All props: {
        onClick: [Function: handleNavigate],
        'aria-label': 'Navigate to selected form'
      }

      at log (src/components/ui/Button.tsx:28:13)

    console.log
      [Button] Rendering with type: button

      at log (src/components/ui/Button.tsx:25:13)

    console.log
      [Button] Props received: {
        variant: 'primary',
        size: 'lg',
        type: 'button',
        loading: false,
        disabled: false
      }

      at log (src/components/ui/Button.tsx:26:13)

    console.log
      [Button] Has onClick in props: true

      at log (src/components/ui/Button.tsx:27:13)

    console.log
      [Button] All props: {
        onClick: [Function: handleNavigate],
        'aria-label': 'Navigate to selected form'
      }

      at log (src/components/ui/Button.tsx:28:13)

    console.log
      [Button] Rendering with type: button

      at log (src/components/ui/Button.tsx:25:13)

    console.log
      [Button] Props received: {
        variant: 'primary',
        size: 'lg',
        type: 'button',
        loading: false,
        disabled: true
      }

      at log (src/components/ui/Button.tsx:26:13)

    console.log
      [Button] Has onClick in props: true

      at log (src/components/ui/Button.tsx:27:13)

    console.log
      [Button] All props: {
        onClick: [Function: handleNavigate],
        'aria-label': 'Navigate to selected form'
      }

      at log (src/components/ui/Button.tsx:28:13)

    console.log
      [Button] Rendering with type: button

      at log (src/components/ui/Button.tsx:25:13)

    console.log
      [Button] Props received: {
        variant: 'primary',
        size: 'lg',
        type: 'button',
        loading: false,
        disabled: false
      }

      at log (src/components/ui/Button.tsx:26:13)

    console.log
      [Button] Has onClick in props: true

      at log (src/components/ui/Button.tsx:27:13)

    console.log
      [Button] All props: {
        onClick: [Function: handleNavigate],
        'aria-label': 'Navigate to selected form'
      }

      at log (src/components/ui/Button.tsx:28:13)

    console.log
      [Button] Rendering with type: button

      at log (src/components/ui/Button.tsx:25:13)

    console.log
      [Button] Props received: {
        variant: 'primary',
        size: 'lg',
        type: 'button',
        loading: false,
        disabled: false
      }

      at log (src/components/ui/Button.tsx:26:13)

    console.log
      [Button] Has onClick in props: true

      at log (src/components/ui/Button.tsx:27:13)

    console.log
      [Button] All props: {
        onClick: [Function: handleNavigate],
        'aria-label': 'Navigate to selected form'
      }

      at log (src/components/ui/Button.tsx:28:13)

    console.log
      [Button] Rendering with type: button

      at log (src/components/ui/Button.tsx:25:13)

    console.log
      [Button] Props received: {
        variant: 'primary',
        size: 'lg',
        type: 'button',
        loading: false,
        disabled: true
      }

      at log (src/components/ui/Button.tsx:26:13)

    console.log
      [Button] Has onClick in props: true

      at log (src/components/ui/Button.tsx:27:13)

    console.log
      [Button] All props: {
        onClick: [Function: handleNavigate],
        'aria-label': 'Navigate to selected form'
      }

      at log (src/components/ui/Button.tsx:28:13)

    console.log
      [Button] Rendering with type: button

      at log (src/components/ui/Button.tsx:25:13)

    console.log
      [Button] Props received: {
        variant: 'primary',
        size: 'lg',
        type: 'button',
        loading: false,
        disabled: false
      }

      at log (src/components/ui/Button.tsx:26:13)

    console.log
      [Button] Has onClick in props: true

      at log (src/components/ui/Button.tsx:27:13)

    console.log
      [Button] All props: {
        onClick: [Function: handleNavigate],
        'aria-label': 'Navigate to selected form'
      }

      at log (src/components/ui/Button.tsx:28:13)

    console.log
      [Button] Rendering with type: button

      at log (src/components/ui/Button.tsx:25:13)

    console.log
      [Button] Props received: {
        variant: 'primary',
        size: 'lg',
        type: 'button',
        loading: false,
        disabled: false
      }

      at log (src/components/ui/Button.tsx:26:13)

    console.log
      [Button] Has onClick in props: true

      at log (src/components/ui/Button.tsx:27:13)

    console.log
      [Button] All props: {
        onClick: [Function: handleNavigate],
        'aria-label': 'Navigate to selected form'
      }

      at log (src/components/ui/Button.tsx:28:13)

    console.log
      [Button] Rendering with type: button

      at log (src/components/ui/Button.tsx:25:13)

    console.log
      [Button] Props received: {
        variant: 'primary',
        size: 'lg',
        type: 'button',
        loading: false,
        disabled: true
      }

      at log (src/components/ui/Button.tsx:26:13)

    console.log
      [Button] Has onClick in props: true

      at log (src/components/ui/Button.tsx:27:13)

    console.log
      [Button] All props: {
        onClick: [Function: handleNavigate],
        'aria-label': 'Navigate to selected form'
      }

      at log (src/components/ui/Button.tsx:28:13)

    console.log
      [Button] Rendering with type: button

      at log (src/components/ui/Button.tsx:25:13)

    console.log
      [Button] Props received: {
        variant: 'primary',
        size: 'lg',
        type: 'button',
        loading: false,
        disabled: false
      }

      at log (src/components/ui/Button.tsx:26:13)

    console.log
      [Button] Has onClick in props: true

      at log (src/components/ui/Button.tsx:27:13)

    console.log
      [Button] All props: {
        onClick: [Function: handleNavigate],
        'aria-label': 'Navigate to selected form'
      }

      at log (src/components/ui/Button.tsx:28:13)

    console.log
      [Button] Rendering with type: button

      at log (src/components/ui/Button.tsx:25:13)

    console.log
      [Button] Props received: {
        variant: 'primary',
        size: 'lg',
        type: 'button',
        loading: false,
        disabled: false
      }

      at log (src/components/ui/Button.tsx:26:13)

    console.log
      [Button] Has onClick in props: true

      at log (src/components/ui/Button.tsx:27:13)

    console.log
      [Button] All props: {
        onClick: [Function: handleNavigate],
        'aria-label': 'Navigate to selected form'
      }

      at log (src/components/ui/Button.tsx:28:13)

    console.log
      [Button] Rendering with type: button

      at log (src/components/ui/Button.tsx:25:13)

    console.log
      [Button] Props received: {
        variant: 'primary',
        size: 'lg',
        type: 'button',
        loading: false,
        disabled: true
      }

      at log (src/components/ui/Button.tsx:26:13)

    console.log
      [Button] Has onClick in props: true

      at log (src/components/ui/Button.tsx:27:13)

    console.log
      [Button] All props: {
        onClick: [Function: handleNavigate],
        'aria-label': 'Navigate to selected form'
      }

      at log (src/components/ui/Button.tsx:28:13)

    console.log
      [Button] Rendering with type: button

      at log (src/components/ui/Button.tsx:25:13)

    console.log
      [Button] Props received: {
        variant: 'primary',
        size: 'lg',
        type: 'button',
        loading: false,
        disabled: false
      }

      at log (src/components/ui/Button.tsx:26:13)

    console.log
      [Button] Has onClick in props: true

      at log (src/components/ui/Button.tsx:27:13)

    console.log
      [Button] All props: {
        onClick: [Function: handleNavigate],
        'aria-label': 'Navigate to selected form'
      }

      at log (src/components/ui/Button.tsx:28:13)

    console.log
      [Button] Rendering with type: button

      at log (src/components/ui/Button.tsx:25:13)

    console.log
      [Button] Props received: {
        variant: 'primary',
        size: 'lg',
        type: 'button',
        loading: false,
        disabled: false
      }

      at log (src/components/ui/Button.tsx:26:13)

    console.log
      [Button] Has onClick in props: true

      at log (src/components/ui/Button.tsx:27:13)

    console.log
      [Button] All props: {
        onClick: [Function: handleNavigate],
        'aria-label': 'Navigate to selected form'
      }

      at log (src/components/ui/Button.tsx:28:13)

    console.log
      [Button] Rendering with type: button

      at log (src/components/ui/Button.tsx:25:13)

    console.log
      [Button] Props received: {
        variant: 'primary',
        size: 'lg',
        type: 'button',
        loading: false,
        disabled: true
      }

      at log (src/components/ui/Button.tsx:26:13)

    console.log
      [Button] Has onClick in props: true

      at log (src/components/ui/Button.tsx:27:13)

    console.log
      [Button] All props: {
        onClick: [Function: handleNavigate],
        'aria-label': 'Navigate to selected form'
      }

      at log (src/components/ui/Button.tsx:28:13)

    console.log
      [Button] Rendering with type: button

      at log (src/components/ui/Button.tsx:25:13)

    console.log
      [Button] Props received: {
        variant: 'primary',
        size: 'lg',
        type: 'button',
        loading: false,
        disabled: false
      }

      at log (src/components/ui/Button.tsx:26:13)

    console.log
      [Button] Has onClick in props: true

      at log (src/components/ui/Button.tsx:27:13)

    console.log
      [Button] All props: {
        onClick: [Function: handleNavigate],
        'aria-label': 'Navigate to selected form'
      }

      at log (src/components/ui/Button.tsx:28:13)

    console.log
      [Button] Rendering with type: button

      at log (src/components/ui/Button.tsx:25:13)

    console.log
      [Button] Props received: {
        variant: 'primary',
        size: 'lg',
        type: 'button',
        loading: false,
        disabled: false
      }

      at log (src/components/ui/Button.tsx:26:13)

    console.log
      [Button] Has onClick in props: true

      at log (src/components/ui/Button.tsx:27:13)

    console.log
      [Button] All props: {
        onClick: [Function: handleNavigate],
        'aria-label': 'Navigate to selected form'
      }

      at log (src/components/ui/Button.tsx:28:13)

    console.log
      [Button] Rendering with type: button

      at log (src/components/ui/Button.tsx:25:13)

    console.log
      [Button] Props received: {
        variant: 'primary',
        size: 'lg',
        type: 'button',
        loading: false,
        disabled: true
      }

      at log (src/components/ui/Button.tsx:26:13)

    console.log
      [Button] Has onClick in props: true

      at log (src/components/ui/Button.tsx:27:13)

    console.log
      [Button] All props: {
        onClick: [Function: handleNavigate],
        'aria-label': 'Navigate to selected form'
      }

      at log (src/components/ui/Button.tsx:28:13)

    console.log
      [Button] Rendering with type: button

      at log (src/components/ui/Button.tsx:25:13)

    console.log
      [Button] Props received: {
        variant: 'primary',
        size: 'lg',
        type: 'button',
        loading: false,
        disabled: false
      }

      at log (src/components/ui/Button.tsx:26:13)

    console.log
      [Button] Has onClick in props: true

      at log (src/components/ui/Button.tsx:27:13)

    console.log
      [Button] All props: {
        onClick: [Function: handleNavigate],
        'aria-label': 'Navigate to selected form'
      }

      at log (src/components/ui/Button.tsx:28:13)

    console.log
      [Button] Rendering with type: button

      at log (src/components/ui/Button.tsx:25:13)

    console.log
      [Button] Props received: {
        variant: 'primary',
        size: 'lg',
        type: 'button',
        loading: false,
        disabled: false
      }

      at log (src/components/ui/Button.tsx:26:13)

    console.log
      [Button] Has onClick in props: true

      at log (src/components/ui/Button.tsx:27:13)

    console.log
      [Button] All props: {
        onClick: [Function: handleNavigate],
        'aria-label': 'Navigate to selected form'
      }

      at log (src/components/ui/Button.tsx:28:13)

    console.log
      [Button] Rendering with type: button

      at log (src/components/ui/Button.tsx:25:13)

    console.log
      [Button] Props received: {
        variant: 'primary',
        size: 'lg',
        type: 'button',
        loading: false,
        disabled: true
      }

      at log (src/components/ui/Button.tsx:26:13)

    console.log
      [Button] Has onClick in props: true

      at log (src/components/ui/Button.tsx:27:13)

    console.log
      [Button] All props: {
        onClick: [Function: handleNavigate],
        'aria-label': 'Navigate to selected form'
      }

      at log (src/components/ui/Button.tsx:28:13)

    console.log
      [Button] Rendering with type: button

      at log (src/components/ui/Button.tsx:25:13)

    console.log
      [Button] Props received: {
        variant: 'primary',
        size: 'lg',
        type: 'button',
        loading: false,
        disabled: false
      }

      at log (src/components/ui/Button.tsx:26:13)

    console.log
      [Button] Has onClick in props: true

      at log (src/components/ui/Button.tsx:27:13)

    console.log
      [Button] All props: {
        onClick: [Function: handleNavigate],
        'aria-label': 'Navigate to selected form'
      }

      at log (src/components/ui/Button.tsx:28:13)

    console.log
      [Button] Rendering with type: button

      at log (src/components/ui/Button.tsx:25:13)

    console.log
      [Button] Props received: {
        variant: 'primary',
        size: 'lg',
        type: 'button',
        loading: false,
        disabled: false
      }

      at log (src/components/ui/Button.tsx:26:13)

    console.log
      [Button] Has onClick in props: true

      at log (src/components/ui/Button.tsx:27:13)

    console.log
      [Button] All props: {
        onClick: [Function: handleNavigate],
        'aria-label': 'Navigate to selected form'
      }

      at log (src/components/ui/Button.tsx:28:13)

    console.log
      [Button] Rendering with type: button

      at log (src/components/ui/Button.tsx:25:13)

    console.log
      [Button] Props received: {
        variant: 'primary',
        size: 'lg',
        type: 'button',
        loading: false,
        disabled: true
      }

      at log (src/components/ui/Button.tsx:26:13)

    console.log
      [Button] Has onClick in props: true

      at log (src/components/ui/Button.tsx:27:13)

    console.log
      [Button] All props: {
        onClick: [Function: handleNavigate],
        'aria-label': 'Navigate to selected form'
      }

      at log (src/components/ui/Button.tsx:28:13)

    console.log
      [Button] Rendering with type: button

      at log (src/components/ui/Button.tsx:25:13)

    console.log
      [Button] Props received: {
        variant: 'primary',
        size: 'lg',
        type: 'button',
        loading: false,
        disabled: false
      }

      at log (src/components/ui/Button.tsx:26:13)

    console.log
      [Button] Has onClick in props: true

      at log (src/components/ui/Button.tsx:27:13)

    console.log
      [Button] All props: {
        onClick: [Function: handleNavigate],
        'aria-label': 'Navigate to selected form'
      }

      at log (src/components/ui/Button.tsx:28:13)

    console.log
      [Button] Rendering with type: button

      at log (src/components/ui/Button.tsx:25:13)

    console.log
      [Button] Props received: {
        variant: 'primary',
        size: 'lg',
        type: 'button',
        loading: false,
        disabled: false
      }

      at log (src/components/ui/Button.tsx:26:13)

    console.log
      [Button] Has onClick in props: true

      at log (src/components/ui/Button.tsx:27:13)

    console.log
      [Button] All props: {
        onClick: [Function: handleNavigate],
        'aria-label': 'Navigate to selected form'
      }

      at log (src/components/ui/Button.tsx:28:13)

    console.log
      [Button] Rendering with type: button

      at log (src/components/ui/Button.tsx:25:13)

    console.log
      [Button] Props received: {
        variant: 'primary',
        size: 'lg',
        type: 'button',
        loading: false,
        disabled: true
      }

      at log (src/components/ui/Button.tsx:26:13)

    console.log
      [Button] Has onClick in props: true

      at log (src/components/ui/Button.tsx:27:13)

    console.log
      [Button] All props: {
        onClick: [Function: handleNavigate],
        'aria-label': 'Navigate to selected form'
      }

      at log (src/components/ui/Button.tsx:28:13)

    console.log
      [Button] Rendering with type: button

      at log (src/components/ui/Button.tsx:25:13)

    console.log
      [Button] Props received: {
        variant: 'primary',
        size: 'lg',
        type: 'button',
        loading: false,
        disabled: false
      }

      at log (src/components/ui/Button.tsx:26:13)

    console.log
      [Button] Has onClick in props: true

      at log (src/components/ui/Button.tsx:27:13)

    console.log
      [Button] All props: {
        onClick: [Function: handleNavigate],
        'aria-label': 'Navigate to selected form'
      }

      at log (src/components/ui/Button.tsx:28:13)

    console.log
      [Button] Rendering with type: button

      at log (src/components/ui/Button.tsx:25:13)

    console.log
      [Button] Props received: {
        variant: 'primary',
        size: 'lg',
        type: 'button',
        loading: false,
        disabled: false
      }

      at log (src/components/ui/Button.tsx:26:13)

    console.log
      [Button] Has onClick in props: true

      at log (src/components/ui/Button.tsx:27:13)

    console.log
      [Button] All props: {
        onClick: [Function: handleNavigate],
        'aria-label': 'Navigate to selected form'
      }

      at log (src/components/ui/Button.tsx:28:13)

    console.log
      [Button] Rendering with type: button

      at log (src/components/ui/Button.tsx:25:13)

    console.log
      [Button] Props received: {
        variant: 'primary',
        size: 'lg',
        type: 'button',
        loading: false,
        disabled: true
      }

      at log (src/components/ui/Button.tsx:26:13)

    console.log
      [Button] Has onClick in props: true

      at log (src/components/ui/Button.tsx:27:13)

    console.log
      [Button] All props: {
        onClick: [Function: handleNavigate],
        'aria-label': 'Navigate to selected form'
      }

      at log (src/components/ui/Button.tsx:28:13)

    console.log
      [Button] Rendering with type: button

      at log (src/components/ui/Button.tsx:25:13)

    console.log
      [Button] Props received: {
        variant: 'primary',
        size: 'lg',
        type: 'button',
        loading: false,
        disabled: false
      }

      at log (src/components/ui/Button.tsx:26:13)

    console.log
      [Button] Has onClick in props: true

      at log (src/components/ui/Button.tsx:27:13)

    console.log
      [Button] All props: {
        onClick: [Function: handleNavigate],
        'aria-label': 'Navigate to selected form'
      }

      at log (src/components/ui/Button.tsx:28:13)

    console.log
      [Button] Rendering with type: button

      at log (src/components/ui/Button.tsx:25:13)

    console.log
      [Button] Props received: {
        variant: 'primary',
        size: 'lg',
        type: 'button',
        loading: false,
        disabled: false
      }

      at log (src/components/ui/Button.tsx:26:13)

    console.log
      [Button] Has onClick in props: true

      at log (src/components/ui/Button.tsx:27:13)

    console.log
      [Button] All props: {
        onClick: [Function: handleNavigate],
        'aria-label': 'Navigate to selected form'
      }

      at log (src/components/ui/Button.tsx:28:13)

    console.log
      [Button] Rendering with type: button

      at log (src/components/ui/Button.tsx:25:13)

    console.log
      [Button] Props received: {
        variant: 'primary',
        size: 'lg',
        type: 'button',
        loading: false,
        disabled: true
      }

      at log (src/components/ui/Button.tsx:26:13)

    console.log
      [Button] Has onClick in props: true

      at log (src/components/ui/Button.tsx:27:13)

    console.log
      [Button] All props: {
        onClick: [Function: handleNavigate],
        'aria-label': 'Navigate to selected form'
      }

      at log (src/components/ui/Button.tsx:28:13)

    console.log
      [Button] Rendering with type: button

      at log (src/components/ui/Button.tsx:25:13)

    console.log
      [Button] Props received: {
        variant: 'primary',
        size: 'lg',
        type: 'button',
        loading: false,
        disabled: false
      }

      at log (src/components/ui/Button.tsx:26:13)

    console.log
      [Button] Has onClick in props: true

      at log (src/components/ui/Button.tsx:27:13)

    console.log
      [Button] All props: {
        onClick: [Function: handleNavigate],
        'aria-label': 'Navigate to selected form'
      }

      at log (src/components/ui/Button.tsx:28:13)

    console.log
      [Button] Rendering with type: button

      at log (src/components/ui/Button.tsx:25:13)

    console.log
      [Button] Props received: {
        variant: 'primary',
        size: 'lg',
        type: 'button',
        loading: false,
        disabled: false
      }

      at log (src/components/ui/Button.tsx:26:13)

    console.log
      [Button] Has onClick in props: true

      at log (src/components/ui/Button.tsx:27:13)

    console.log
      [Button] All props: {
        onClick: [Function: handleNavigate],
        'aria-label': 'Navigate to selected form'
      }

      at log (src/components/ui/Button.tsx:28:13)

    console.log
      [Button] Rendering with type: button

      at log (src/components/ui/Button.tsx:25:13)

    console.log
      [Button] Props received: {
        variant: 'primary',
        size: 'lg',
        type: 'button',
        loading: false,
        disabled: true
      }

      at log (src/components/ui/Button.tsx:26:13)

    console.log
      [Button] Has onClick in props: true

      at log (src/components/ui/Button.tsx:27:13)

    console.log
      [Button] All props: {
        onClick: [Function: handleNavigate],
        'aria-label': 'Navigate to selected form'
      }

      at log (src/components/ui/Button.tsx:28:13)

    console.log
      [Button] Rendering with type: button

      at log (src/components/ui/Button.tsx:25:13)

    console.log
      [Button] Props received: {
        variant: 'primary',
        size: 'lg',
        type: 'button',
        loading: false,
        disabled: false
      }

      at log (src/components/ui/Button.tsx:26:13)

    console.log
      [Button] Has onClick in props: true

      at log (src/components/ui/Button.tsx:27:13)

    console.log
      [Button] All props: {
        onClick: [Function: handleNavigate],
        'aria-label': 'Navigate to selected form'
      }

      at log (src/components/ui/Button.tsx:28:13)

    console.log
      [Button] Rendering with type: button

      at log (src/components/ui/Button.tsx:25:13)

    console.log
      [Button] Props received: {
        variant: 'primary',
        size: 'lg',
        type: 'button',
        loading: false,
        disabled: false
      }

      at log (src/components/ui/Button.tsx:26:13)

    console.log
      [Button] Has onClick in props: true

      at log (src/components/ui/Button.tsx:27:13)

    console.log
      [Button] All props: {
        onClick: [Function: handleNavigate],
        'aria-label': 'Navigate to selected form'
      }

      at log (src/components/ui/Button.tsx:28:13)

    console.log
      [Button] Rendering with type: button

      at log (src/components/ui/Button.tsx:25:13)

    console.log
      [Button] Props received: {
        variant: 'primary',
        size: 'lg',
        type: 'button',
        loading: false,
        disabled: true
      }

      at log (src/components/ui/Button.tsx:26:13)

    console.log
      [Button] Has onClick in props: true

      at log (src/components/ui/Button.tsx:27:13)

    console.log
      [Button] All props: {
        onClick: [Function: handleNavigate],
        'aria-label': 'Navigate to selected form'
      }

      at log (src/components/ui/Button.tsx:28:13)

    console.log
      [Button] Rendering with type: button

      at log (src/components/ui/Button.tsx:25:13)

    console.log
      [Button] Props received: {
        variant: 'primary',
        size: 'lg',
        type: 'button',
        loading: false,
        disabled: false
      }

      at log (src/components/ui/Button.tsx:26:13)

    console.log
      [Button] Has onClick in props: true

      at log (src/components/ui/Button.tsx:27:13)

    console.log
      [Button] All props: {
        onClick: [Function: handleNavigate],
        'aria-label': 'Navigate to selected form'
      }

      at log (src/components/ui/Button.tsx:28:13)

    console.log
      [Button] Rendering with type: button

      at log (src/components/ui/Button.tsx:25:13)

    console.log
      [Button] Props received: {
        variant: 'primary',
        size: 'lg',
        type: 'button',
        loading: false,
        disabled: false
      }

      at log (src/components/ui/Button.tsx:26:13)

    console.log
      [Button] Has onClick in props: true

      at log (src/components/ui/Button.tsx:27:13)

    console.log
      [Button] All props: {
        onClick: [Function: handleNavigate],
        'aria-label': 'Navigate to selected form'
      }

      at log (src/components/ui/Button.tsx:28:13)

    console.log
      [Button] Rendering with type: button

      at log (src/components/ui/Button.tsx:25:13)

    console.log
      [Button] Props received: {
        variant: 'primary',
        size: 'lg',
        type: 'button',
        loading: false,
        disabled: true
      }

      at log (src/components/ui/Button.tsx:26:13)

    console.log
      [Button] Has onClick in props: true

      at log (src/components/ui/Button.tsx:27:13)

    console.log
      [Button] All props: {
        onClick: [Function: handleNavigate],
        'aria-label': 'Navigate to selected form'
      }

      at log (src/components/ui/Button.tsx:28:13)

    console.log
      [Button] Rendering with type: button

      at log (src/components/ui/Button.tsx:25:13)

    console.log
      [Button] Props received: {
        variant: 'primary',
        size: 'lg',
        type: 'button',
        loading: false,
        disabled: false
      }

      at log (src/components/ui/Button.tsx:26:13)

    console.log
      [Button] Has onClick in props: true

      at log (src/components/ui/Button.tsx:27:13)

    console.log
      [Button] All props: {
        onClick: [Function: handleNavigate],
        'aria-label': 'Navigate to selected form'
      }

      at log (src/components/ui/Button.tsx:28:13)

    console.log
      [Button] Rendering with type: button

      at log (src/components/ui/Button.tsx:25:13)

    console.log
      [Button] Props received: {
        variant: 'primary',
        size: 'lg',
        type: 'button',
        loading: false,
        disabled: false
      }

      at log (src/components/ui/Button.tsx:26:13)

    console.log
      [Button] Has onClick in props: true

      at log (src/components/ui/Button.tsx:27:13)

    console.log
      [Button] All props: {
        onClick: [Function: handleNavigate],
        'aria-label': 'Navigate to selected form'
      }

      at log (src/components/ui/Button.tsx:28:13)

    console.log
      [Button] Rendering with type: button

      at log (src/components/ui/Button.tsx:25:13)

    console.log
      [Button] Props received: {
        variant: 'primary',
        size: 'lg',
        type: 'button',
        loading: false,
        disabled: true
      }

      at log (src/components/ui/Button.tsx:26:13)

    console.log
      [Button] Has onClick in props: true

      at log (src/components/ui/Button.tsx:27:13)

    console.log
      [Button] All props: {
        onClick: [Function: handleNavigate],
        'aria-label': 'Navigate to selected form'
      }

      at log (src/components/ui/Button.tsx:28:13)

    console.log
      [Button] Rendering with type: button

      at log (src/components/ui/Button.tsx:25:13)

    console.log
      [Button] Props received: {
        variant: 'primary',
        size: 'lg',
        type: 'button',
        loading: false,
        disabled: false
      }

      at log (src/components/ui/Button.tsx:26:13)

    console.log
      [Button] Has onClick in props: true

      at log (src/components/ui/Button.tsx:27:13)

    console.log
      [Button] All props: {
        onClick: [Function: handleNavigate],
        'aria-label': 'Navigate to selected form'
      }

      at log (src/components/ui/Button.tsx:28:13)

    console.log
      [Button] Rendering with type: button

      at log (src/components/ui/Button.tsx:25:13)

    console.log
      [Button] Props received: {
        variant: 'primary',
        size: 'lg',
        type: 'button',
        loading: false,
        disabled: false
      }

      at log (src/components/ui/Button.tsx:26:13)

    console.log
      [Button] Has onClick in props: true

      at log (src/components/ui/Button.tsx:27:13)

    console.log
      [Button] All props: {
        onClick: [Function: handleNavigate],
        'aria-label': 'Navigate to selected form'
      }

      at log (src/components/ui/Button.tsx:28:13)

    console.log
      [Button] Rendering with type: button

      at log (src/components/ui/Button.tsx:25:13)

    console.log
      [Button] Props received: {
        variant: 'primary',
        size: 'lg',
        type: 'button',
        loading: false,
        disabled: true
      }

      at log (src/components/ui/Button.tsx:26:13)

    console.log
      [Button] Has onClick in props: true

      at log (src/components/ui/Button.tsx:27:13)

    console.log
      [Button] All props: {
        onClick: [Function: handleNavigate],
        'aria-label': 'Navigate to selected form'
      }

      at log (src/components/ui/Button.tsx:28:13)

    console.log
      [Button] Rendering with type: button

      at log (src/components/ui/Button.tsx:25:13)

    console.log
      [Button] Props received: {
        variant: 'primary',
        size: 'lg',
        type: 'button',
        loading: false,
        disabled: false
      }

      at log (src/components/ui/Button.tsx:26:13)

    console.log
      [Button] Has onClick in props: true

      at log (src/components/ui/Button.tsx:27:13)

    console.log
      [Button] All props: {
        onClick: [Function: handleNavigate],
        'aria-label': 'Navigate to selected form'
      }

      at log (src/components/ui/Button.tsx:28:13)

    console.log
      [Button] Rendering with type: button

      at log (src/components/ui/Button.tsx:25:13)

    console.log
      [Button] Props received: {
        variant: 'primary',
        size: 'lg',
        type: 'button',
        loading: false,
        disabled: false
      }

      at log (src/components/ui/Button.tsx:26:13)

    console.log
      [Button] Has onClick in props: true

      at log (src/components/ui/Button.tsx:27:13)

    console.log
      [Button] All props: {
        onClick: [Function: handleNavigate],
        'aria-label': 'Navigate to selected form'
      }

      at log (src/components/ui/Button.tsx:28:13)

    console.log
      [Button] Rendering with type: button

      at log (src/components/ui/Button.tsx:25:13)

    console.log
      [Button] Props received: {
        variant: 'primary',
        size: 'lg',
        type: 'button',
        loading: false,
        disabled: true
      }

      at log (src/components/ui/Button.tsx:26:13)

    console.log
      [Button] Has onClick in props: true

      at log (src/components/ui/Button.tsx:27:13)

    console.log
      [Button] All props: {
        onClick: [Function: handleNavigate],
        'aria-label': 'Navigate to selected form'
      }

      at log (src/components/ui/Button.tsx:28:13)

    console.log
      [Button] Rendering with type: button

      at log (src/components/ui/Button.tsx:25:13)

    console.log
      [Button] Props received: {
        variant: 'primary',
        size: 'lg',
        type: 'button',
        loading: false,
        disabled: false
      }

      at log (src/components/ui/Button.tsx:26:13)

    console.log
      [Button] Has onClick in props: true

      at log (src/components/ui/Button.tsx:27:13)

    console.log
      [Button] All props: {
        onClick: [Function: handleNavigate],
        'aria-label': 'Navigate to selected form'
      }

      at log (src/components/ui/Button.tsx:28:13)

    console.log
      [Button] Rendering with type: button

      at log (src/components/ui/Button.tsx:25:13)

    console.log
      [Button] Props received: {
        variant: 'primary',
        size: 'lg',
        type: 'button',
        loading: false,
        disabled: false
      }

      at log (src/components/ui/Button.tsx:26:13)

    console.log
      [Button] Has onClick in props: true

      at log (src/components/ui/Button.tsx:27:13)

    console.log
      [Button] All props: {
        onClick: [Function: handleNavigate],
        'aria-label': 'Navigate to selected form'
      }

      at log (src/components/ui/Button.tsx:28:13)

    console.log
      [Button] Rendering with type: button

      at log (src/components/ui/Button.tsx:25:13)

    console.log
      [Button] Props received: {
        variant: 'primary',
        size: 'lg',
        type: 'button',
        loading: false,
        disabled: true
      }

      at log (src/components/ui/Button.tsx:26:13)

    console.log
      [Button] Has onClick in props: true

      at log (src/components/ui/Button.tsx:27:13)

    console.log
      [Button] All props: {
        onClick: [Function: handleNavigate],
        'aria-label': 'Navigate to selected form'
      }

      at log (src/components/ui/Button.tsx:28:13)

    console.log
      [Button] Rendering with type: button

      at log (src/components/ui/Button.tsx:25:13)

    console.log
      [Button] Props received: {
        variant: 'primary',
        size: 'lg',
        type: 'button',
        loading: false,
        disabled: false
      }

      at log (src/components/ui/Button.tsx:26:13)

    console.log
      [Button] Has onClick in props: true

      at log (src/components/ui/Button.tsx:27:13)

    console.log
      [Button] All props: {
        onClick: [Function: handleNavigate],
        'aria-label': 'Navigate to selected form'
      }

      at log (src/components/ui/Button.tsx:28:13)

    console.log
      [Button] Rendering with type: button

      at log (src/components/ui/Button.tsx:25:13)

    console.log
      [Button] Props received: {
        variant: 'primary',
        size: 'lg',
        type: 'button',
        loading: false,
        disabled: false
      }

      at log (src/components/ui/Button.tsx:26:13)

    console.log
      [Button] Has onClick in props: true

      at log (src/components/ui/Button.tsx:27:13)

    console.log
      [Button] All props: {
        onClick: [Function: handleNavigate],
        'aria-label': 'Navigate to selected form'
      }

      at log (src/components/ui/Button.tsx:28:13)

    console.log
      [Button] Rendering with type: button

      at log (src/components/ui/Button.tsx:25:13)

    console.log
      [Button] Props received: {
        variant: 'primary',
        size: 'lg',
        type: 'button',
        loading: false,
        disabled: true
      }

      at log (src/components/ui/Button.tsx:26:13)

    console.log
      [Button] Has onClick in props: true

      at log (src/components/ui/Button.tsx:27:13)

    console.log
      [Button] All props: {
        onClick: [Function: handleNavigate],
        'aria-label': 'Navigate to selected form'
      }

      at log (src/components/ui/Button.tsx:28:13)

    console.log
      [Button] Rendering with type: button

      at log (src/components/ui/Button.tsx:25:13)

    console.log
      [Button] Props received: {
        variant: 'primary',
        size: 'lg',
        type: 'button',
        loading: false,
        disabled: false
      }

      at log (src/components/ui/Button.tsx:26:13)

    console.log
      [Button] Has onClick in props: true

      at log (src/components/ui/Button.tsx:27:13)

    console.log
      [Button] All props: {
        onClick: [Function: handleNavigate],
        'aria-label': 'Navigate to selected form'
      }

      at log (src/components/ui/Button.tsx:28:13)

    console.log
      [Button] Rendering with type: button

      at log (src/components/ui/Button.tsx:25:13)

    console.log
      [Button] Props received: {
        variant: 'primary',
        size: 'lg',
        type: 'button',
        loading: false,
        disabled: false
      }

      at log (src/components/ui/Button.tsx:26:13)

    console.log
      [Button] Has onClick in props: true

      at log (src/components/ui/Button.tsx:27:13)

    console.log
      [Button] All props: {
        onClick: [Function: handleNavigate],
        'aria-label': 'Navigate to selected form'
      }

      at log (src/components/ui/Button.tsx:28:13)

    console.log
      [Button] Rendering with type: button

      at log (src/components/ui/Button.tsx:25:13)

    console.log
      [Button] Props received: {
        variant: 'primary',
        size: 'lg',
        type: 'button',
        loading: false,
        disabled: true
      }

      at log (src/components/ui/Button.tsx:26:13)

    console.log
      [Button] Has onClick in props: true

      at log (src/components/ui/Button.tsx:27:13)

    console.log
      [Button] All props: {
        onClick: [Function: handleNavigate],
        'aria-label': 'Navigate to selected form'
      }

      at log (src/components/ui/Button.tsx:28:13)

    console.log
      [Button] Rendering with type: button

      at log (src/components/ui/Button.tsx:25:13)

    console.log
      [Button] Props received: {
        variant: 'primary',
        size: 'lg',
        type: 'button',
        loading: false,
        disabled: false
      }

      at log (src/components/ui/Button.tsx:26:13)

    console.log
      [Button] Has onClick in props: true

      at log (src/components/ui/Button.tsx:27:13)

    console.log
      [Button] All props: {
        onClick: [Function: handleNavigate],
        'aria-label': 'Navigate to selected form'
      }

      at log (src/components/ui/Button.tsx:28:13)

    console.log
      [Button] Rendering with type: button

      at log (src/components/ui/Button.tsx:25:13)

    console.log
      [Button] Props received: {
        variant: 'primary',
        size: 'lg',
        type: 'button',
        loading: false,
        disabled: false
      }

      at log (src/components/ui/Button.tsx:26:13)

    console.log
      [Button] Has onClick in props: true

      at log (src/components/ui/Button.tsx:27:13)

    console.log
      [Button] All props: {
        onClick: [Function: handleNavigate],
        'aria-label': 'Navigate to selected form'
      }

      at log (src/components/ui/Button.tsx:28:13)

    console.log
      [Button] Rendering with type: button

      at log (src/components/ui/Button.tsx:25:13)

    console.log
      [Button] Props received: {
        variant: 'primary',
        size: 'lg',
        type: 'button',
        loading: false,
        disabled: true
      }

      at log (src/components/ui/Button.tsx:26:13)

    console.log
      [Button] Has onClick in props: true

      at log (src/components/ui/Button.tsx:27:13)

    console.log
      [Button] All props: {
        onClick: [Function: handleNavigate],
        'aria-label': 'Navigate to selected form'
      }

      at log (src/components/ui/Button.tsx:28:13)

    console.log
      [Button] Rendering with type: button

      at log (src/components/ui/Button.tsx:25:13)

    console.log
      [Button] Props received: {
        variant: 'primary',
        size: 'lg',
        type: 'button',
        loading: false,
        disabled: false
      }

      at log (src/components/ui/Button.tsx:26:13)

    console.log
      [Button] Has onClick in props: true

      at log (src/components/ui/Button.tsx:27:13)

    console.log
      [Button] All props: {
        onClick: [Function: handleNavigate],
        'aria-label': 'Navigate to selected form'
      }

      at log (src/components/ui/Button.tsx:28:13)

    console.log
      [Button] Rendering with type: button

      at log (src/components/ui/Button.tsx:25:13)

    console.log
      [Button] Props received: {
        variant: 'primary',
        size: 'lg',
        type: 'button',
        loading: false,
        disabled: false
      }

      at log (src/components/ui/Button.tsx:26:13)

    console.log
      [Button] Has onClick in props: true

      at log (src/components/ui/Button.tsx:27:13)

    console.log
      [Button] All props: {
        onClick: [Function: handleNavigate],
        'aria-label': 'Navigate to selected form'
      }

      at log (src/components/ui/Button.tsx:28:13)

    console.log
      [Button] Rendering with type: button

      at log (src/components/ui/Button.tsx:25:13)

    console.log
      [Button] Props received: {
        variant: 'primary',
        size: 'lg',
        type: 'button',
        loading: false,
        disabled: true
      }

      at log (src/components/ui/Button.tsx:26:13)

    console.log
      [Button] Has onClick in props: true

      at log (src/components/ui/Button.tsx:27:13)

    console.log
      [Button] All props: {
        onClick: [Function: handleNavigate],
        'aria-label': 'Navigate to selected form'
      }

      at log (src/components/ui/Button.tsx:28:13)

    console.log
      [Button] Rendering with type: button

      at log (src/components/ui/Button.tsx:25:13)

    console.log
      [Button] Props received: {
        variant: 'primary',
        size: 'lg',
        type: 'button',
        loading: false,
        disabled: false
      }

      at log (src/components/ui/Button.tsx:26:13)

    console.log
      [Button] Has onClick in props: true

      at log (src/components/ui/Button.tsx:27:13)

    console.log
      [Button] All props: {
        onClick: [Function: handleNavigate],
        'aria-label': 'Navigate to selected form'
      }

      at log (src/components/ui/Button.tsx:28:13)

    console.log
      [Button] Rendering with type: button

      at log (src/components/ui/Button.tsx:25:13)

    console.log
      [Button] Props received: {
        variant: 'primary',
        size: 'lg',
        type: 'button',
        loading: false,
        disabled: true
      }

      at log (src/components/ui/Button.tsx:26:13)

    console.log
      [Button] Has onClick in props: true

      at log (src/components/ui/Button.tsx:27:13)

    console.log
      [Button] All props: {
        onClick: [Function: handleNavigate],
        'aria-label': 'Navigate to selected form'
      }

      at log (src/components/ui/Button.tsx:28:13)

    console.log
      [Button] Rendering with type: button

      at log (src/components/ui/Button.tsx:25:13)

    console.log
      [Button] Props received: {
        variant: 'primary',
        size: 'lg',
        type: 'button',
        loading: false,
        disabled: false
      }

      at log (src/components/ui/Button.tsx:26:13)

    console.log
      [Button] Has onClick in props: true

      at log (src/components/ui/Button.tsx:27:13)

    console.log
      [Button] All props: {
        onClick: [Function: handleNavigate],
        'aria-label': 'Navigate to selected form'
      }

      at log (src/components/ui/Button.tsx:28:13)

    console.log
      [Button] Rendering with type: button

      at log (src/components/ui/Button.tsx:25:13)

    console.log
      [Button] Props received: {
        variant: 'primary',
        size: 'lg',
        type: 'button',
        loading: false,
        disabled: true
      }

      at log (src/components/ui/Button.tsx:26:13)

    console.log
      [Button] Has onClick in props: true

      at log (src/components/ui/Button.tsx:27:13)

    console.log
      [Button] All props: {
        onClick: [Function: handleNavigate],
        'aria-label': 'Navigate to selected form'
      }

      at log (src/components/ui/Button.tsx:28:13)

    console.log
      [Button] Rendering with type: button

      at log (src/components/ui/Button.tsx:25:13)

    console.log
      [Button] Props received: {
        variant: 'primary',
        size: 'lg',
        type: 'button',
        loading: false,
        disabled: false
      }

      at log (src/components/ui/Button.tsx:26:13)

    console.log
      [Button] Has onClick in props: true

      at log (src/components/ui/Button.tsx:27:13)

    console.log
      [Button] All props: {
        onClick: [Function: handleNavigate],
        'aria-label': 'Navigate to selected form'
      }

      at log (src/components/ui/Button.tsx:28:13)

    console.log
      [Button] Rendering with type: button

      at log (src/components/ui/Button.tsx:25:13)

    console.log
      [Button] Props received: {
        variant: 'primary',
        size: 'lg',
        type: 'button',
        loading: false,
        disabled: true
      }

      at log (src/components/ui/Button.tsx:26:13)

    console.log
      [Button] Has onClick in props: true

      at log (src/components/ui/Button.tsx:27:13)

    console.log
      [Button] All props: {
        onClick: [Function: handleNavigate],
        'aria-label': 'Navigate to selected form'
      }

      at log (src/components/ui/Button.tsx:28:13)

    console.log
      [Button] Rendering with type: button

      at log (src/components/ui/Button.tsx:25:13)

    console.log
      [Button] Props received: {
        variant: 'primary',
        size: 'lg',
        type: 'button',
        loading: false,
        disabled: false
      }

      at log (src/components/ui/Button.tsx:26:13)

    console.log
      [Button] Has onClick in props: true

      at log (src/components/ui/Button.tsx:27:13)

    console.log
      [Button] All props: {
        onClick: [Function: handleNavigate],
        'aria-label': 'Navigate to selected form'
      }

      at log (src/components/ui/Button.tsx:28:13)

    console.log
      [Button] Rendering with type: button

      at log (src/components/ui/Button.tsx:25:13)

    console.log
      [Button] Props received: {
        variant: 'primary',
        size: 'lg',
        type: 'button',
        loading: false,
        disabled: true
      }

      at log (src/components/ui/Button.tsx:26:13)

    console.log
      [Button] Has onClick in props: true

      at log (src/components/ui/Button.tsx:27:13)

    console.log
      [Button] All props: {
        onClick: [Function: handleNavigate],
        'aria-label': 'Navigate to selected form'
      }

      at log (src/components/ui/Button.tsx:28:13)

    console.log
      [Button] Rendering with type: button

      at log (src/components/ui/Button.tsx:25:13)

    console.log
      [Button] Props received: {
        variant: 'primary',
        size: 'lg',
        type: 'button',
        loading: false,
        disabled: false
      }

      at log (src/components/ui/Button.tsx:26:13)

    console.log
      [Button] Has onClick in props: true

      at log (src/components/ui/Button.tsx:27:13)

    console.log
      [Button] All props: {
        onClick: [Function: handleNavigate],
        'aria-label': 'Navigate to selected form'
      }

      at log (src/components/ui/Button.tsx:28:13)

    console.log
      [Button] Rendering with type: button

      at log (src/components/ui/Button.tsx:25:13)

    console.log
      [Button] Props received: {
        variant: 'primary',
        size: 'lg',
        type: 'button',
        loading: false,
        disabled: true
      }

      at log (src/components/ui/Button.tsx:26:13)

    console.log
      [Button] Has onClick in props: true

      at log (src/components/ui/Button.tsx:27:13)

    console.log
      [Button] All props: {
        onClick: [Function: handleNavigate],
        'aria-label': 'Navigate to selected form'
      }

      at log (src/components/ui/Button.tsx:28:13)

    console.log
      [Button] Rendering with type: button

      at log (src/components/ui/Button.tsx:25:13)

    console.log
      [Button] Props received: {
        variant: 'primary',
        size: 'lg',
        type: 'button',
        loading: false,
        disabled: false
      }

      at log (src/components/ui/Button.tsx:26:13)

    console.log
      [Button] Has onClick in props: true

      at log (src/components/ui/Button.tsx:27:13)

    console.log
      [Button] All props: {
        onClick: [Function: handleNavigate],
        'aria-label': 'Navigate to selected form'
      }

      at log (src/components/ui/Button.tsx:28:13)

    console.log
      [Button] Rendering with type: button

      at log (src/components/ui/Button.tsx:25:13)

    console.log
      [Button] Props received: {
        variant: 'primary',
        size: 'lg',
        type: 'button',
        loading: false,
        disabled: true
      }

      at log (src/components/ui/Button.tsx:26:13)

    console.log
      [Button] Has onClick in props: true

      at log (src/components/ui/Button.tsx:27:13)

    console.log
      [Button] All props: {
        onClick: [Function: handleNavigate],
        'aria-label': 'Navigate to selected form'
      }

      at log (src/components/ui/Button.tsx:28:13)

    console.log
      [Button] Rendering with type: button

      at log (src/components/ui/Button.tsx:25:13)

    console.log
      [Button] Props received: {
        variant: 'primary',
        size: 'lg',
        type: 'button',
        loading: false,
        disabled: false
      }

      at log (src/components/ui/Button.tsx:26:13)

    console.log
      [Button] Has onClick in props: true

      at log (src/components/ui/Button.tsx:27:13)

    console.log
      [Button] All props: {
        onClick: [Function: handleNavigate],
        'aria-label': 'Navigate to selected form'
      }

      at log (src/components/ui/Button.tsx:28:13)

    console.log
      [Button] Rendering with type: button

      at log (src/components/ui/Button.tsx:25:13)

    console.log
      [Button] Props received: {
        variant: 'primary',
        size: 'lg',
        type: 'button',
        loading: false,
        disabled: true
      }

      at log (src/components/ui/Button.tsx:26:13)

    console.log
      [Button] Has onClick in props: true

      at log (src/components/ui/Button.tsx:27:13)

    console.log
      [Button] All props: {
        onClick: [Function: handleNavigate],
        'aria-label': 'Navigate to selected form'
      }

      at log (src/components/ui/Button.tsx:28:13)

    console.log
      [Button] Rendering with type: button

      at log (src/components/ui/Button.tsx:25:13)

    console.log
      [Button] Props received: {
        variant: 'primary',
        size: 'lg',
        type: 'button',
        loading: false,
        disabled: false
      }

      at log (src/components/ui/Button.tsx:26:13)

    console.log
      [Button] Has onClick in props: true

      at log (src/components/ui/Button.tsx:27:13)

    console.log
      [Button] All props: {
        onClick: [Function: handleNavigate],
        'aria-label': 'Navigate to selected form'
      }

      at log (src/components/ui/Button.tsx:28:13)

    console.log
      [Button] Rendering with type: button

      at log (src/components/ui/Button.tsx:25:13)

    console.log
      [Button] Props received: {
        variant: 'primary',
        size: 'lg',
        type: 'button',
        loading: false,
        disabled: true
      }

      at log (src/components/ui/Button.tsx:26:13)

    console.log
      [Button] Has onClick in props: true

      at log (src/components/ui/Button.tsx:27:13)

    console.log
      [Button] All props: {
        onClick: [Function: handleNavigate],
        'aria-label': 'Navigate to selected form'
      }

      at log (src/components/ui/Button.tsx:28:13)

    console.log
      [Button] Rendering with type: button

      at log (src/components/ui/Button.tsx:25:13)

    console.log
      [Button] Props received: {
        variant: 'primary',
        size: 'lg',
        type: 'button',
        loading: false,
        disabled: false
      }

      at log (src/components/ui/Button.tsx:26:13)

    console.log
      [Button] Has onClick in props: true

      at log (src/components/ui/Button.tsx:27:13)

    console.log
      [Button] All props: {
        onClick: [Function: handleNavigate],
        'aria-label': 'Navigate to selected form'
      }

      at log (src/components/ui/Button.tsx:28:13)

    console.log
      [Button] Rendering with type: button

      at log (src/components/ui/Button.tsx:25:13)

    console.log
      [Button] Props received: {
        variant: 'primary',
        size: 'lg',
        type: 'button',
        loading: false,
        disabled: true
      }

      at log (src/components/ui/Button.tsx:26:13)

    console.log
      [Button] Has onClick in props: true

      at log (src/components/ui/Button.tsx:27:13)

    console.log
      [Button] All props: {
        onClick: [Function: handleNavigate],
        'aria-label': 'Navigate to selected form'
      }

      at log (src/components/ui/Button.tsx:28:13)

    console.log
      [Button] Rendering with type: button

      at log (src/components/ui/Button.tsx:25:13)

    console.log
      [Button] Props received: {
        variant: 'primary',
        size: 'lg',
        type: 'button',
        loading: false,
        disabled: false
      }

      at log (src/components/ui/Button.tsx:26:13)

    console.log
      [Button] Has onClick in props: true

      at log (src/components/ui/Button.tsx:27:13)

    console.log
      [Button] All props: {
        onClick: [Function: handleNavigate],
        'aria-label': 'Navigate to selected form'
      }

      at log (src/components/ui/Button.tsx:28:13)

    console.log
      [Button] Rendering with type: button

      at log (src/components/ui/Button.tsx:25:13)

    console.log
      [Button] Props received: {
        variant: 'primary',
        size: 'lg',
        type: 'button',
        loading: false,
        disabled: true
      }

      at log (src/components/ui/Button.tsx:26:13)

    console.log
      [Button] Has onClick in props: true

      at log (src/components/ui/Button.tsx:27:13)

    console.log
      [Button] All props: {
        onClick: [Function: handleNavigate],
        'aria-label': 'Navigate to selected form'
      }

      at log (src/components/ui/Button.tsx:28:13)

    console.log
      [Button] Rendering with type: button

      at log (src/components/ui/Button.tsx:25:13)

    console.log
      [Button] Props received: {
        variant: 'primary',
        size: 'lg',
        type: 'button',
        loading: false,
        disabled: false
      }

      at log (src/components/ui/Button.tsx:26:13)

    console.log
      [Button] Has onClick in props: true

      at log (src/components/ui/Button.tsx:27:13)

    console.log
      [Button] All props: {
        onClick: [Function: handleNavigate],
        'aria-label': 'Navigate to selected form'
      }

      at log (src/components/ui/Button.tsx:28:13)

    console.log
      [Button] Rendering with type: button

      at log (src/components/ui/Button.tsx:25:13)

    console.log
      [Button] Props received: {
        variant: 'primary',
        size: 'lg',
        type: 'button',
        loading: false,
        disabled: true
      }

      at log (src/components/ui/Button.tsx:26:13)

    console.log
      [Button] Has onClick in props: true

      at log (src/components/ui/Button.tsx:27:13)

    console.log
      [Button] All props: {
        onClick: [Function: handleNavigate],
        'aria-label': 'Navigate to selected form'
      }

      at log (src/components/ui/Button.tsx:28:13)

    console.log
      [Button] Rendering with type: button

      at log (src/components/ui/Button.tsx:25:13)

    console.log
      [Button] Props received: {
        variant: 'primary',
        size: 'lg',
        type: 'button',
        loading: false,
        disabled: false
      }

      at log (src/components/ui/Button.tsx:26:13)

    console.log
      [Button] Has onClick in props: true

      at log (src/components/ui/Button.tsx:27:13)

    console.log
      [Button] All props: {
        onClick: [Function: handleNavigate],
        'aria-label': 'Navigate to selected form'
      }

      at log (src/components/ui/Button.tsx:28:13)

    console.log
      [Button] Rendering with type: button

      at log (src/components/ui/Button.tsx:25:13)

    console.log
      [Button] Props received: {
        variant: 'primary',
        size: 'lg',
        type: 'button',
        loading: false,
        disabled: true
      }

      at log (src/components/ui/Button.tsx:26:13)

    console.log
      [Button] Has onClick in props: true

      at log (src/components/ui/Button.tsx:27:13)

    console.log
      [Button] All props: {
        onClick: [Function: handleNavigate],
        'aria-label': 'Navigate to selected form'
      }

      at log (src/components/ui/Button.tsx:28:13)

    console.log
      [Button] Rendering with type: button

      at log (src/components/ui/Button.tsx:25:13)

    console.log
      [Button] Props received: {
        variant: 'primary',
        size: 'lg',
        type: 'button',
        loading: false,
        disabled: false
      }

      at log (src/components/ui/Button.tsx:26:13)

    console.log
      [Button] Has onClick in props: true

      at log (src/components/ui/Button.tsx:27:13)

    console.log
      [Button] All props: {
        onClick: [Function: handleNavigate],
        'aria-label': 'Navigate to selected form'
      }

      at log (src/components/ui/Button.tsx:28:13)

    console.log
      [Button] Rendering with type: button

      at log (src/components/ui/Button.tsx:25:13)

    console.log
      [Button] Props received: {
        variant: 'primary',
        size: 'lg',
        type: 'button',
        loading: false,
        disabled: true
      }

      at log (src/components/ui/Button.tsx:26:13)

    console.log
      [Button] Has onClick in props: true

      at log (src/components/ui/Button.tsx:27:13)

    console.log
      [Button] All props: {
        onClick: [Function: handleNavigate],
        'aria-label': 'Navigate to selected form'
      }

      at log (src/components/ui/Button.tsx:28:13)

    console.log
      [Button] Rendering with type: button

      at log (src/components/ui/Button.tsx:25:13)

    console.log
      [Button] Props received: {
        variant: 'primary',
        size: 'lg',
        type: 'button',
        loading: false,
        disabled: false
      }

      at log (src/components/ui/Button.tsx:26:13)

    console.log
      [Button] Has onClick in props: true

      at log (src/components/ui/Button.tsx:27:13)

    console.log
      [Button] All props: {
        onClick: [Function: handleNavigate],
        'aria-label': 'Navigate to selected form'
      }

      at log (src/components/ui/Button.tsx:28:13)

    console.log
      [Button] Rendering with type: button

      at log (src/components/ui/Button.tsx:25:13)

    console.log
      [Button] Props received: {
        variant: 'primary',
        size: 'lg',
        type: 'button',
        loading: false,
        disabled: true
      }

      at log (src/components/ui/Button.tsx:26:13)

    console.log
      [Button] Has onClick in props: true

      at log (src/components/ui/Button.tsx:27:13)

    console.log
      [Button] All props: {
        onClick: [Function: handleNavigate],
        'aria-label': 'Navigate to selected form'
      }

      at log (src/components/ui/Button.tsx:28:13)

    console.log
      [Button] Rendering with type: button

      at log (src/components/ui/Button.tsx:25:13)

    console.log
      [Button] Props received: {
        variant: 'primary',
        size: 'lg',
        type: 'button',
        loading: false,
        disabled: false
      }

      at log (src/components/ui/Button.tsx:26:13)

    console.log
      [Button] Has onClick in props: true

      at log (src/components/ui/Button.tsx:27:13)

    console.log
      [Button] All props: {
        onClick: [Function: handleNavigate],
        'aria-label': 'Navigate to selected form'
      }

      at log (src/components/ui/Button.tsx:28:13)

    console.log
      [Button] Rendering with type: button

      at log (src/components/ui/Button.tsx:25:13)

    console.log
      [Button] Props received: {
        variant: 'primary',
        size: 'lg',
        type: 'button',
        loading: false,
        disabled: true
      }

      at log (src/components/ui/Button.tsx:26:13)

    console.log
      [Button] Has onClick in props: true

      at log (src/components/ui/Button.tsx:27:13)

    console.log
      [Button] All props: {
        onClick: [Function: handleNavigate],
        'aria-label': 'Navigate to selected form'
      }

      at log (src/components/ui/Button.tsx:28:13)

    console.log
      [Button] Rendering with type: button

      at log (src/components/ui/Button.tsx:25:13)

    console.log
      [Button] Props received: {
        variant: 'primary',
        size: 'lg',
        type: 'button',
        loading: false,
        disabled: false
      }

      at log (src/components/ui/Button.tsx:26:13)

    console.log
      [Button] Has onClick in props: true

      at log (src/components/ui/Button.tsx:27:13)

    console.log
      [Button] All props: {
        onClick: [Function: handleNavigate],
        'aria-label': 'Navigate to selected form'
      }

      at log (src/components/ui/Button.tsx:28:13)

    console.log
      [Button] Rendering with type: button

      at log (src/components/ui/Button.tsx:25:13)

    console.log
      [Button] Props received: {
        variant: 'primary',
        size: 'lg',
        type: 'button',
        loading: false,
        disabled: true
      }

      at log (src/components/ui/Button.tsx:26:13)

    console.log
      [Button] Has onClick in props: true

      at log (src/components/ui/Button.tsx:27:13)

    console.log
      [Button] All props: {
        onClick: [Function: handleNavigate],
        'aria-label': 'Navigate to selected form'
      }

      at log (src/components/ui/Button.tsx:28:13)

    console.log
      [Button] Rendering with type: button

      at log (src/components/ui/Button.tsx:25:13)

    console.log
      [Button] Props received: {
        variant: 'primary',
        size: 'lg',
        type: 'button',
        loading: false,
        disabled: false
      }

      at log (src/components/ui/Button.tsx:26:13)

    console.log
      [Button] Has onClick in props: true

      at log (src/components/ui/Button.tsx:27:13)

    console.log
      [Button] All props: {
        onClick: [Function: handleNavigate],
        'aria-label': 'Navigate to selected form'
      }

      at log (src/components/ui/Button.tsx:28:13)

    console.log
      [Button] Rendering with type: button

      at log (src/components/ui/Button.tsx:25:13)

    console.log
      [Button] Props received: {
        variant: 'primary',
        size: 'lg',
        type: 'button',
        loading: false,
        disabled: true
      }

      at log (src/components/ui/Button.tsx:26:13)

    console.log
      [Button] Has onClick in props: true

      at log (src/components/ui/Button.tsx:27:13)

    console.log
      [Button] All props: {
        onClick: [Function: handleNavigate],
        'aria-label': 'Navigate to selected form'
      }

      at log (src/components/ui/Button.tsx:28:13)

    console.log
      [Button] Rendering with type: button

      at log (src/components/ui/Button.tsx:25:13)

    console.log
      [Button] Props received: {
        variant: 'primary',
        size: 'lg',
        type: 'button',
        loading: false,
        disabled: false
      }

      at log (src/components/ui/Button.tsx:26:13)

    console.log
      [Button] Has onClick in props: true

      at log (src/components/ui/Button.tsx:27:13)

    console.log
      [Button] All props: {
        onClick: [Function: handleNavigate],
        'aria-label': 'Navigate to selected form'
      }

      at log (src/components/ui/Button.tsx:28:13)

    console.log
      [Button] Rendering with type: button

      at log (src/components/ui/Button.tsx:25:13)

    console.log
      [Button] Props received: {
        variant: 'primary',
        size: 'lg',
        type: 'button',
        loading: false,
        disabled: true
      }

      at log (src/components/ui/Button.tsx:26:13)

    console.log
      [Button] Has onClick in props: true

      at log (src/components/ui/Button.tsx:27:13)

    console.log
      [Button] All props: {
        onClick: [Function: handleNavigate],
        'aria-label': 'Navigate to selected form'
      }

      at log (src/components/ui/Button.tsx:28:13)

    console.log
      [Button] Rendering with type: button

      at log (src/components/ui/Button.tsx:25:13)

    console.log
      [Button] Props received: {
        variant: 'primary',
        size: 'lg',
        type: 'button',
        loading: false,
        disabled: false
      }

      at log (src/components/ui/Button.tsx:26:13)

    console.log
      [Button] Has onClick in props: true

      at log (src/components/ui/Button.tsx:27:13)

    console.log
      [Button] All props: {
        onClick: [Function: handleNavigate],
        'aria-label': 'Navigate to selected form'
      }

      at log (src/components/ui/Button.tsx:28:13)

    console.log
      [Button] Rendering with type: button

      at log (src/components/ui/Button.tsx:25:13)

    console.log
      [Button] Props received: {
        variant: 'primary',
        size: 'lg',
        type: 'button',
        loading: false,
        disabled: true
      }

      at log (src/components/ui/Button.tsx:26:13)

    console.log
      [Button] Has onClick in props: true

      at log (src/components/ui/Button.tsx:27:13)

    console.log
      [Button] All props: {
        onClick: [Function: handleNavigate],
        'aria-label': 'Navigate to selected form'
      }

      at log (src/components/ui/Button.tsx:28:13)

    console.log
      [Button] Rendering with type: button

      at log (src/components/ui/Button.tsx:25:13)

    console.log
      [Button] Props received: {
        variant: 'primary',
        size: 'lg',
        type: 'button',
        loading: false,
        disabled: false
      }

      at log (src/components/ui/Button.tsx:26:13)

    console.log
      [Button] Has onClick in props: true

      at log (src/components/ui/Button.tsx:27:13)

    console.log
      [Button] All props: {
        onClick: [Function: handleNavigate],
        'aria-label': 'Navigate to selected form'
      }

      at log (src/components/ui/Button.tsx:28:13)

    console.log
      [Button] Rendering with type: button

      at log (src/components/ui/Button.tsx:25:13)

    console.log
      [Button] Props received: {
        variant: 'primary',
        size: 'lg',
        type: 'button',
        loading: false,
        disabled: true
      }

      at log (src/components/ui/Button.tsx:26:13)

    console.log
      [Button] Has onClick in props: true

      at log (src/components/ui/Button.tsx:27:13)

    console.log
      [Button] All props: {
        onClick: [Function: handleNavigate],
        'aria-label': 'Navigate to selected form'
      }

      at log (src/components/ui/Button.tsx:28:13)

    console.log
      [Button] Rendering with type: button

      at log (src/components/ui/Button.tsx:25:13)

    console.log
      [Button] Props received: {
        variant: 'primary',
        size: 'lg',
        type: 'button',
        loading: false,
        disabled: false
      }

      at log (src/components/ui/Button.tsx:26:13)

    console.log
      [Button] Has onClick in props: true

      at log (src/components/ui/Button.tsx:27:13)

    console.log
      [Button] All props: {
        onClick: [Function: handleNavigate],
        'aria-label': 'Navigate to selected form'
      }

      at log (src/components/ui/Button.tsx:28:13)

    console.log
      [Button] Rendering with type: button

      at log (src/components/ui/Button.tsx:25:13)

    console.log
      [Button] Props received: {
        variant: 'primary',
        size: 'lg',
        type: 'button',
        loading: false,
        disabled: true
      }

      at log (src/components/ui/Button.tsx:26:13)

    console.log
      [Button] Has onClick in props: true

      at log (src/components/ui/Button.tsx:27:13)

    console.log
      [Button] All props: {
        onClick: [Function: handleNavigate],
        'aria-label': 'Navigate to selected form'
      }

      at log (src/components/ui/Button.tsx:28:13)

    console.log
      [Button] Rendering with type: button

      at log (src/components/ui/Button.tsx:25:13)

    console.log
      [Button] Props received: {
        variant: 'primary',
        size: 'lg',
        type: 'button',
        loading: false,
        disabled: false
      }

      at log (src/components/ui/Button.tsx:26:13)

    console.log
      [Button] Has onClick in props: true

      at log (src/components/ui/Button.tsx:27:13)

    console.log
      [Button] All props: {
        onClick: [Function: handleNavigate],
        'aria-label': 'Navigate to selected form'
      }

      at log (src/components/ui/Button.tsx:28:13)

    console.log
      [Button] Rendering with type: button

      at log (src/components/ui/Button.tsx:25:13)

    console.log
      [Button] Props received: {
        variant: 'primary',
        size: 'lg',
        type: 'button',
        loading: false,
        disabled: true
      }

      at log (src/components/ui/Button.tsx:26:13)

    console.log
      [Button] Has onClick in props: true

      at log (src/components/ui/Button.tsx:27:13)

    console.log
      [Button] All props: {
        onClick: [Function: handleNavigate],
        'aria-label': 'Navigate to selected form'
      }

      at log (src/components/ui/Button.tsx:28:13)

    console.log
      [Button] Rendering with type: button

      at log (src/components/ui/Button.tsx:25:13)

    console.log
      [Button] Props received: {
        variant: 'primary',
        size: 'lg',
        type: 'button',
        loading: false,
        disabled: false
      }

      at log (src/components/ui/Button.tsx:26:13)

    console.log
      [Button] Has onClick in props: true

      at log (src/components/ui/Button.tsx:27:13)

    console.log
      [Button] All props: {
        onClick: [Function: handleNavigate],
        'aria-label': 'Navigate to selected form'
      }

      at log (src/components/ui/Button.tsx:28:13)

    console.log
      [Button] Rendering with type: button

      at log (src/components/ui/Button.tsx:25:13)

    console.log
      [Button] Props received: {
        variant: 'primary',
        size: 'lg',
        type: 'button',
        loading: false,
        disabled: true
      }

      at log (src/components/ui/Button.tsx:26:13)

    console.log
      [Button] Has onClick in props: true

      at log (src/components/ui/Button.tsx:27:13)

    console.log
      [Button] All props: {
        onClick: [Function: handleNavigate],
        'aria-label': 'Navigate to selected form'
      }

      at log (src/components/ui/Button.tsx:28:13)

    console.log
      [Button] Rendering with type: button

      at log (src/components/ui/Button.tsx:25:13)

    console.log
      [Button] Props received: {
        variant: 'primary',
        size: 'lg',
        type: 'button',
        loading: false,
        disabled: false
      }

      at log (src/components/ui/Button.tsx:26:13)

    console.log
      [Button] Has onClick in props: true

      at log (src/components/ui/Button.tsx:27:13)

    console.log
      [Button] All props: {
        onClick: [Function: handleNavigate],
        'aria-label': 'Navigate to selected form'
      }

      at log (src/components/ui/Button.tsx:28:13)

    console.log
      [Button] Rendering with type: button

      at log (src/components/ui/Button.tsx:25:13)

    console.log
      [Button] Props received: {
        variant: 'primary',
        size: 'lg',
        type: 'button',
        loading: false,
        disabled: true
      }

      at log (src/components/ui/Button.tsx:26:13)

    console.log
      [Button] Has onClick in props: true

      at log (src/components/ui/Button.tsx:27:13)

    console.log
      [Button] All props: {
        onClick: [Function: handleNavigate],
        'aria-label': 'Navigate to selected form'
      }

      at log (src/components/ui/Button.tsx:28:13)

    console.log
      [Button] Rendering with type: button

      at log (src/components/ui/Button.tsx:25:13)

    console.log
      [Button] Props received: {
        variant: 'primary',
        size: 'lg',
        type: 'button',
        loading: false,
        disabled: false
      }

      at log (src/components/ui/Button.tsx:26:13)

    console.log
      [Button] Has onClick in props: true

      at log (src/components/ui/Button.tsx:27:13)

    console.log
      [Button] All props: {
        onClick: [Function: handleNavigate],
        'aria-label': 'Navigate to selected form'
      }

      at log (src/components/ui/Button.tsx:28:13)

    console.log
      [Button] Rendering with type: button

      at log (src/components/ui/Button.tsx:25:13)

    console.log
      [Button] Props received: {
        variant: 'primary',
        size: 'lg',
        type: 'button',
        loading: false,
        disabled: true
      }

      at log (src/components/ui/Button.tsx:26:13)

    console.log
      [Button] Has onClick in props: true

      at log (src/components/ui/Button.tsx:27:13)

    console.log
      [Button] All props: {
        onClick: [Function: handleNavigate],
        'aria-label': 'Navigate to selected form'
      }

      at log (src/components/ui/Button.tsx:28:13)

    console.log
      [Button] Rendering with type: button

      at log (src/components/ui/Button.tsx:25:13)

    console.log
      [Button] Props received: {
        variant: 'primary',
        size: 'lg',
        type: 'button',
        loading: false,
        disabled: false
      }

      at log (src/components/ui/Button.tsx:26:13)

    console.log
      [Button] Has onClick in props: true

      at log (src/components/ui/Button.tsx:27:13)

    console.log
      [Button] All props: {
        onClick: [Function: handleNavigate],
        'aria-label': 'Navigate to selected form'
      }

      at log (src/components/ui/Button.tsx:28:13)

    console.log
      [Button] Rendering with type: button

      at log (src/components/ui/Button.tsx:25:13)

    console.log
      [Button] Props received: {
        variant: 'primary',
        size: 'lg',
        type: 'button',
        loading: false,
        disabled: true
      }

      at log (src/components/ui/Button.tsx:26:13)

    console.log
      [Button] Has onClick in props: true

      at log (src/components/ui/Button.tsx:27:13)

    console.log
      [Button] All props: {
        onClick: [Function: handleNavigate],
        'aria-label': 'Navigate to selected form'
      }

      at log (src/components/ui/Button.tsx:28:13)

    console.log
      [Button] Rendering with type: button

      at log (src/components/ui/Button.tsx:25:13)

    console.log
      [Button] Props received: {
        variant: 'primary',
        size: 'lg',
        type: 'button',
        loading: false,
        disabled: false
      }

      at log (src/components/ui/Button.tsx:26:13)

    console.log
      [Button] Has onClick in props: true

      at log (src/components/ui/Button.tsx:27:13)

    console.log
      [Button] All props: {
        onClick: [Function: handleNavigate],
        'aria-label': 'Navigate to selected form'
      }

      at log (src/components/ui/Button.tsx:28:13)

    console.log
      [Button] Rendering with type: button

      at log (src/components/ui/Button.tsx:25:13)

    console.log
      [Button] Props received: {
        variant: 'primary',
        size: 'lg',
        type: 'button',
        loading: false,
        disabled: true
      }

      at log (src/components/ui/Button.tsx:26:13)

    console.log
      [Button] Has onClick in props: true

      at log (src/components/ui/Button.tsx:27:13)

    console.log
      [Button] All props: {
        onClick: [Function: handleNavigate],
        'aria-label': 'Navigate to selected form'
      }

      at log (src/components/ui/Button.tsx:28:13)

    console.log
      [Button] Rendering with type: button

      at log (src/components/ui/Button.tsx:25:13)

    console.log
      [Button] Props received: {
        variant: 'primary',
        size: 'lg',
        type: 'button',
        loading: false,
        disabled: false
      }

      at log (src/components/ui/Button.tsx:26:13)

    console.log
      [Button] Has onClick in props: true

      at log (src/components/ui/Button.tsx:27:13)

    console.log
      [Button] All props: {
        onClick: [Function: handleNavigate],
        'aria-label': 'Navigate to selected form'
      }

      at log (src/components/ui/Button.tsx:28:13)

    console.log
      [Button] Rendering with type: button

      at log (src/components/ui/Button.tsx:25:13)

    console.log
      [Button] Props received: {
        variant: 'primary',
        size: 'lg',
        type: 'button',
        loading: false,
        disabled: true
      }

      at log (src/components/ui/Button.tsx:26:13)

    console.log
      [Button] Has onClick in props: true

      at log (src/components/ui/Button.tsx:27:13)

    console.log
      [Button] All props: {
        onClick: [Function: handleNavigate],
        'aria-label': 'Navigate to selected form'
      }

      at log (src/components/ui/Button.tsx:28:13)

    console.log
      [Button] Rendering with type: button

      at log (src/components/ui/Button.tsx:25:13)

    console.log
      [Button] Props received: {
        variant: 'primary',
        size: 'lg',
        type: 'button',
        loading: false,
        disabled: false
      }

      at log (src/components/ui/Button.tsx:26:13)

    console.log
      [Button] Has onClick in props: true

      at log (src/components/ui/Button.tsx:27:13)

    console.log
      [Button] All props: {
        onClick: [Function: handleNavigate],
        'aria-label': 'Navigate to selected form'
      }

      at log (src/components/ui/Button.tsx:28:13)

    console.log
      [Button] Rendering with type: button

      at log (src/components/ui/Button.tsx:25:13)

    console.log
      [Button] Props received: {
        variant: 'primary',
        size: 'lg',
        type: 'button',
        loading: false,
        disabled: true
      }

      at log (src/components/ui/Button.tsx:26:13)

    console.log
      [Button] Has onClick in props: true

      at log (src/components/ui/Button.tsx:27:13)

    console.log
      [Button] All props: {
        onClick: [Function: handleNavigate],
        'aria-label': 'Navigate to selected form'
      }

      at log (src/components/ui/Button.tsx:28:13)

    console.log
      [Button] Rendering with type: button

      at log (src/components/ui/Button.tsx:25:13)

    console.log
      [Button] Props received: {
        variant: 'primary',
        size: 'lg',
        type: 'button',
        loading: false,
        disabled: false
      }

      at log (src/components/ui/Button.tsx:26:13)

    console.log
      [Button] Has onClick in props: true

      at log (src/components/ui/Button.tsx:27:13)

    console.log
      [Button] All props: {
        onClick: [Function: handleNavigate],
        'aria-label': 'Navigate to selected form'
      }

      at log (src/components/ui/Button.tsx:28:13)

    console.log
      [Button] Rendering with type: button

      at log (src/components/ui/Button.tsx:25:13)

    console.log
      [Button] Props received: {
        variant: 'primary',
        size: 'lg',
        type: 'button',
        loading: false,
        disabled: true
      }

      at log (src/components/ui/Button.tsx:26:13)

    console.log
      [Button] Has onClick in props: true

      at log (src/components/ui/Button.tsx:27:13)

    console.log
      [Button] All props: {
        onClick: [Function: handleNavigate],
        'aria-label': 'Navigate to selected form'
      }

      at log (src/components/ui/Button.tsx:28:13)

    console.log
      [Button] Rendering with type: button

      at log (src/components/ui/Button.tsx:25:13)

    console.log
      [Button] Props received: {
        variant: 'primary',
        size: 'lg',
        type: 'button',
        loading: false,
        disabled: false
      }

      at log (src/components/ui/Button.tsx:26:13)

    console.log
      [Button] Has onClick in props: true

      at log (src/components/ui/Button.tsx:27:13)

    console.log
      [Button] All props: {
        onClick: [Function: handleNavigate],
        'aria-label': 'Navigate to selected form'
      }

      at log (src/components/ui/Button.tsx:28:13)

    console.log
      [Button] Rendering with type: button

      at log (src/components/ui/Button.tsx:25:13)

    console.log
      [Button] Props received: {
        variant: 'primary',
        size: 'lg',
        type: 'button',
        loading: false,
        disabled: true
      }

      at log (src/components/ui/Button.tsx:26:13)

    console.log
      [Button] Has onClick in props: true

      at log (src/components/ui/Button.tsx:27:13)

    console.log
      [Button] All props: {
        onClick: [Function: handleNavigate],
        'aria-label': 'Navigate to selected form'
      }

      at log (src/components/ui/Button.tsx:28:13)

    console.log
      [Button] Rendering with type: button

      at log (src/components/ui/Button.tsx:25:13)

    console.log
      [Button] Props received: {
        variant: 'primary',
        size: 'lg',
        type: 'button',
        loading: false,
        disabled: false
      }

      at log (src/components/ui/Button.tsx:26:13)

    console.log
      [Button] Has onClick in props: true

      at log (src/components/ui/Button.tsx:27:13)

    console.log
      [Button] All props: {
        onClick: [Function: handleNavigate],
        'aria-label': 'Navigate to selected form'
      }

      at log (src/components/ui/Button.tsx:28:13)

    console.log
      [Button] Rendering with type: button

      at log (src/components/ui/Button.tsx:25:13)

    console.log
      [Button] Props received: {
        variant: 'primary',
        size: 'lg',
        type: 'button',
        loading: false,
        disabled: true
      }

      at log (src/components/ui/Button.tsx:26:13)

    console.log
      [Button] Has onClick in props: true

      at log (src/components/ui/Button.tsx:27:13)

    console.log
      [Button] All props: {
        onClick: [Function: handleNavigate],
        'aria-label': 'Navigate to selected form'
      }

      at log (src/components/ui/Button.tsx:28:13)

    console.log
      [Button] Rendering with type: button

      at log (src/components/ui/Button.tsx:25:13)

    console.log
      [Button] Props received: {
        variant: 'primary',
        size: 'lg',
        type: 'button',
        loading: false,
        disabled: false
      }

      at log (src/components/ui/Button.tsx:26:13)

    console.log
      [Button] Has onClick in props: true

      at log (src/components/ui/Button.tsx:27:13)

    console.log
      [Button] All props: {
        onClick: [Function: handleNavigate],
        'aria-label': 'Navigate to selected form'
      }

      at log (src/components/ui/Button.tsx:28:13)

    console.log
      [Button] Rendering with type: button

      at log (src/components/ui/Button.tsx:25:13)

    console.log
      [Button] Props received: {
        variant: 'primary',
        size: 'lg',
        type: 'button',
        loading: false,
        disabled: true
      }

      at log (src/components/ui/Button.tsx:26:13)

    console.log
      [Button] Has onClick in props: true

      at log (src/components/ui/Button.tsx:27:13)

    console.log
      [Button] All props: {
        onClick: [Function: handleNavigate],
        'aria-label': 'Navigate to selected form'
      }

      at log (src/components/ui/Button.tsx:28:13)

    console.log
      [Button] Rendering with type: button

      at log (src/components/ui/Button.tsx:25:13)

    console.log
      [Button] Props received: {
        variant: 'primary',
        size: 'lg',
        type: 'button',
        loading: false,
        disabled: false
      }

      at log (src/components/ui/Button.tsx:26:13)

    console.log
      [Button] Has onClick in props: true

      at log (src/components/ui/Button.tsx:27:13)

    console.log
      [Button] All props: {
        onClick: [Function: handleNavigate],
        'aria-label': 'Navigate to selected form'
      }

      at log (src/components/ui/Button.tsx:28:13)

    console.log
      [Button] Rendering with type: button

      at log (src/components/ui/Button.tsx:25:13)

    console.log
      [Button] Props received: {
        variant: 'primary',
        size: 'lg',
        type: 'button',
        loading: false,
        disabled: true
      }

      at log (src/components/ui/Button.tsx:26:13)

    console.log
      [Button] Has onClick in props: true

      at log (src/components/ui/Button.tsx:27:13)

    console.log
      [Button] All props: {
        onClick: [Function: handleNavigate],
        'aria-label': 'Navigate to selected form'
      }

      at log (src/components/ui/Button.tsx:28:13)

    console.log
      [Button] Rendering with type: button

      at log (src/components/ui/Button.tsx:25:13)

    console.log
      [Button] Props received: {
        variant: 'primary',
        size: 'lg',
        type: 'button',
        loading: false,
        disabled: false
      }

      at log (src/components/ui/Button.tsx:26:13)

    console.log
      [Button] Has onClick in props: true

      at log (src/components/ui/Button.tsx:27:13)

    console.log
      [Button] All props: {
        onClick: [Function: handleNavigate],
        'aria-label': 'Navigate to selected form'
      }

      at log (src/components/ui/Button.tsx:28:13)

    console.log
      [Button] Rendering with type: button

      at log (src/components/ui/Button.tsx:25:13)

    console.log
      [Button] Props received: {
        variant: 'primary',
        size: 'lg',
        type: 'button',
        loading: false,
        disabled: true
      }

      at log (src/components/ui/Button.tsx:26:13)

    console.log
      [Button] Has onClick in props: true

      at log (src/components/ui/Button.tsx:27:13)

    console.log
      [Button] All props: {
        onClick: [Function: handleNavigate],
        'aria-label': 'Navigate to selected form'
      }

      at log (src/components/ui/Button.tsx:28:13)

    console.log
      [Button] Rendering with type: button

      at log (src/components/ui/Button.tsx:25:13)

    console.log
      [Button] Props received: {
        variant: 'primary',
        size: 'lg',
        type: 'button',
        loading: false,
        disabled: false
      }

      at log (src/components/ui/Button.tsx:26:13)

    console.log
      [Button] Has onClick in props: true

      at log (src/components/ui/Button.tsx:27:13)

    console.log
      [Button] All props: {
        onClick: [Function: handleNavigate],
        'aria-label': 'Navigate to selected form'
      }

      at log (src/components/ui/Button.tsx:28:13)

    console.log
      [Button] Rendering with type: button

      at log (src/components/ui/Button.tsx:25:13)

    console.log
      [Button] Props received: {
        variant: 'primary',
        size: 'lg',
        type: 'button',
        loading: false,
        disabled: true
      }

      at log (src/components/ui/Button.tsx:26:13)

    console.log
      [Button] Has onClick in props: true

      at log (src/components/ui/Button.tsx:27:13)

    console.log
      [Button] All props: {
        onClick: [Function: handleNavigate],
        'aria-label': 'Navigate to selected form'
      }

      at log (src/components/ui/Button.tsx:28:13)

    console.log
      [Button] Rendering with type: button

      at log (src/components/ui/Button.tsx:25:13)

    console.log
      [Button] Props received: {
        variant: 'primary',
        size: 'lg',
        type: 'button',
        loading: false,
        disabled: false
      }

      at log (src/components/ui/Button.tsx:26:13)

    console.log
      [Button] Has onClick in props: true

      at log (src/components/ui/Button.tsx:27:13)

    console.log
      [Button] All props: {
        onClick: [Function: handleNavigate],
        'aria-label': 'Navigate to selected form'
      }

      at log (src/components/ui/Button.tsx:28:13)

    console.log
      [Button] Rendering with type: button

      at log (src/components/ui/Button.tsx:25:13)

    console.log
      [Button] Props received: {
        variant: 'primary',
        size: 'lg',
        type: 'button',
        loading: false,
        disabled: true
      }

      at log (src/components/ui/Button.tsx:26:13)

    console.log
      [Button] Has onClick in props: true

      at log (src/components/ui/Button.tsx:27:13)

    console.log
      [Button] All props: {
        onClick: [Function: handleNavigate],
        'aria-label': 'Navigate to selected form'
      }

      at log (src/components/ui/Button.tsx:28:13)

    console.log
      [Button] Rendering with type: button

      at log (src/components/ui/Button.tsx:25:13)

    console.log
      [Button] Props received: {
        variant: 'primary',
        size: 'lg',
        type: 'button',
        loading: false,
        disabled: false
      }

      at log (src/components/ui/Button.tsx:26:13)

    console.log
      [Button] Has onClick in props: true

      at log (src/components/ui/Button.tsx:27:13)

    console.log
      [Button] All props: {
        onClick: [Function: handleNavigate],
        'aria-label': 'Navigate to selected form'
      }

      at log (src/components/ui/Button.tsx:28:13)

    console.log
      [Button] Rendering with type: button

      at log (src/components/ui/Button.tsx:25:13)

    console.log
      [Button] Props received: {
        variant: 'primary',
        size: 'lg',
        type: 'button',
        loading: false,
        disabled: true
      }

      at log (src/components/ui/Button.tsx:26:13)

    console.log
      [Button] Has onClick in props: true

      at log (src/components/ui/Button.tsx:27:13)

    console.log
      [Button] All props: {
        onClick: [Function: handleNavigate],
        'aria-label': 'Navigate to selected form'
      }

      at log (src/components/ui/Button.tsx:28:13)

    console.log
      [Button] Rendering with type: button

      at log (src/components/ui/Button.tsx:25:13)

    console.log
      [Button] Props received: {
        variant: 'primary',
        size: 'lg',
        type: 'button',
        loading: false,
        disabled: false
      }

      at log (src/components/ui/Button.tsx:26:13)

    console.log
      [Button] Has onClick in props: true

      at log (src/components/ui/Button.tsx:27:13)

    console.log
      [Button] All props: {
        onClick: [Function: handleNavigate],
        'aria-label': 'Navigate to selected form'
      }

      at log (src/components/ui/Button.tsx:28:13)

    console.log
      [Button] Rendering with type: button

      at log (src/components/ui/Button.tsx:25:13)

    console.log
      [Button] Props received: {
        variant: 'primary',
        size: 'lg',
        type: 'button',
        loading: false,
        disabled: true
      }

      at log (src/components/ui/Button.tsx:26:13)

    console.log
      [Button] Has onClick in props: true

      at log (src/components/ui/Button.tsx:27:13)

    console.log
      [Button] All props: {
        onClick: [Function: handleNavigate],
        'aria-label': 'Navigate to selected form'
      }

      at log (src/components/ui/Button.tsx:28:13)

    console.log
      [Button] Rendering with type: button

      at log (src/components/ui/Button.tsx:25:13)

    console.log
      [Button] Props received: {
        variant: 'primary',
        size: 'lg',
        type: 'button',
        loading: false,
        disabled: false
      }

      at log (src/components/ui/Button.tsx:26:13)

    console.log
      [Button] Has onClick in props: true

      at log (src/components/ui/Button.tsx:27:13)

    console.log
      [Button] All props: {
        onClick: [Function: handleNavigate],
        'aria-label': 'Navigate to selected form'
      }

      at log (src/components/ui/Button.tsx:28:13)

    console.log
      [Button] Rendering with type: button

      at log (src/components/ui/Button.tsx:25:13)

    console.log
      [Button] Props received: {
        variant: 'primary',
        size: 'lg',
        type: 'button',
        loading: false,
        disabled: true
      }

      at log (src/components/ui/Button.tsx:26:13)

    console.log
      [Button] Has onClick in props: true

      at log (src/components/ui/Button.tsx:27:13)

    console.log
      [Button] All props: {
        onClick: [Function: handleNavigate],
        'aria-label': 'Navigate to selected form'
      }

      at log (src/components/ui/Button.tsx:28:13)

    console.log
      [Button] Rendering with type: button

      at log (src/components/ui/Button.tsx:25:13)

    console.log
      [Button] Props received: {
        variant: 'primary',
        size: 'lg',
        type: 'button',
        loading: false,
        disabled: false
      }

      at log (src/components/ui/Button.tsx:26:13)

    console.log
      [Button] Has onClick in props: true

      at log (src/components/ui/Button.tsx:27:13)

    console.log
      [Button] All props: {
        onClick: [Function: handleNavigate],
        'aria-label': 'Navigate to selected form'
      }

      at log (src/components/ui/Button.tsx:28:13)

    console.log
      [Button] Rendering with type: button

      at log (src/components/ui/Button.tsx:25:13)

    console.log
      [Button] Props received: {
        variant: 'primary',
        size: 'lg',
        type: 'button',
        loading: false,
        disabled: true
      }

      at log (src/components/ui/Button.tsx:26:13)

    console.log
      [Button] Has onClick in props: true

      at log (src/components/ui/Button.tsx:27:13)

    console.log
      [Button] All props: {
        onClick: [Function: handleNavigate],
        'aria-label': 'Navigate to selected form'
      }

      at log (src/components/ui/Button.tsx:28:13)

    console.log
      [Button] Rendering with type: button

      at log (src/components/ui/Button.tsx:25:13)

    console.log
      [Button] Props received: {
        variant: 'primary',
        size: 'lg',
        type: 'button',
        loading: false,
        disabled: false
      }

      at log (src/components/ui/Button.tsx:26:13)

    console.log
      [Button] Has onClick in props: true

      at log (src/components/ui/Button.tsx:27:13)

    console.log
      [Button] All props: {
        onClick: [Function: handleNavigate],
        'aria-label': 'Navigate to selected form'
      }

      at log (src/components/ui/Button.tsx:28:13)

    console.log
      [Button] Rendering with type: button

      at log (src/components/ui/Button.tsx:25:13)

    console.log
      [Button] Props received: {
        variant: 'primary',
        size: 'lg',
        type: 'button',
        loading: false,
        disabled: true
      }

      at log (src/components/ui/Button.tsx:26:13)

    console.log
      [Button] Has onClick in props: true

      at log (src/components/ui/Button.tsx:27:13)

    console.log
      [Button] All props: {
        onClick: [Function: handleNavigate],
        'aria-label': 'Navigate to selected form'
      }

      at log (src/components/ui/Button.tsx:28:13)

    console.log
      [Button] Rendering with type: button

      at log (src/components/ui/Button.tsx:25:13)

    console.log
      [Button] Props received: {
        variant: 'primary',
        size: 'lg',
        type: 'button',
        loading: false,
        disabled: false
      }

      at log (src/components/ui/Button.tsx:26:13)

    console.log
      [Button] Has onClick in props: true

      at log (src/components/ui/Button.tsx:27:13)

    console.log
      [Button] All props: {
        onClick: [Function: handleNavigate],
        'aria-label': 'Navigate to selected form'
      }

      at log (src/components/ui/Button.tsx:28:13)

    console.log
      [Button] Rendering with type: button

      at log (src/components/ui/Button.tsx:25:13)

    console.log
      [Button] Props received: {
        variant: 'primary',
        size: 'lg',
        type: 'button',
        loading: false,
        disabled: true
      }

      at log (src/components/ui/Button.tsx:26:13)

    console.log
      [Button] Has onClick in props: true

      at log (src/components/ui/Button.tsx:27:13)

    console.log
      [Button] All props: {
        onClick: [Function: handleNavigate],
        'aria-label': 'Navigate to selected form'
      }

      at log (src/components/ui/Button.tsx:28:13)

    console.log
      [Button] Rendering with type: button

      at log (src/components/ui/Button.tsx:25:13)

    console.log
      [Button] Props received: {
        variant: 'primary',
        size: 'lg',
        type: 'button',
        loading: false,
        disabled: false
      }

      at log (src/components/ui/Button.tsx:26:13)

    console.log
      [Button] Has onClick in props: true

      at log (src/components/ui/Button.tsx:27:13)

    console.log
      [Button] All props: {
        onClick: [Function: handleNavigate],
        'aria-label': 'Navigate to selected form'
      }

      at log (src/components/ui/Button.tsx:28:13)

    console.log
      [Button] Rendering with type: button

      at log (src/components/ui/Button.tsx:25:13)

    console.log
      [Button] Props received: {
        variant: 'primary',
        size: 'lg',
        type: 'button',
        loading: false,
        disabled: true
      }

      at log (src/components/ui/Button.tsx:26:13)

    console.log
      [Button] Has onClick in props: true

      at log (src/components/ui/Button.tsx:27:13)

    console.log
      [Button] All props: {
        onClick: [Function: handleNavigate],
        'aria-label': 'Navigate to selected form'
      }

      at log (src/components/ui/Button.tsx:28:13)

    console.log
      [Button] Rendering with type: button

      at log (src/components/ui/Button.tsx:25:13)

    console.log
      [Button] Props received: {
        variant: 'primary',
        size: 'lg',
        type: 'button',
        loading: false,
        disabled: false
      }

      at log (src/components/ui/Button.tsx:26:13)

    console.log
      [Button] Has onClick in props: true

      at log (src/components/ui/Button.tsx:27:13)

    console.log
      [Button] All props: {
        onClick: [Function: handleNavigate],
        'aria-label': 'Navigate to selected form'
      }

      at log (src/components/ui/Button.tsx:28:13)

    console.log
      [Button] Rendering with type: button

      at log (src/components/ui/Button.tsx:25:13)

    console.log
      [Button] Props received: {
        variant: 'primary',
        size: 'lg',
        type: 'button',
        loading: false,
        disabled: true
      }

      at log (src/components/ui/Button.tsx:26:13)

    console.log
      [Button] Has onClick in props: true

      at log (src/components/ui/Button.tsx:27:13)

    console.log
      [Button] All props: {
        onClick: [Function: handleNavigate],
        'aria-label': 'Navigate to selected form'
      }

      at log (src/components/ui/Button.tsx:28:13)

    console.log
      [Button] Rendering with type: button

      at log (src/components/ui/Button.tsx:25:13)

    console.log
      [Button] Props received: {
        variant: 'primary',
        size: 'lg',
        type: 'button',
        loading: false,
        disabled: false
      }

      at log (src/components/ui/Button.tsx:26:13)

    console.log
      [Button] Has onClick in props: true

      at log (src/components/ui/Button.tsx:27:13)

    console.log
      [Button] All props: {
        onClick: [Function: handleNavigate],
        'aria-label': 'Navigate to selected form'
      }

      at log (src/components/ui/Button.tsx:28:13)

    console.log
      [Button] Rendering with type: button

      at log (src/components/ui/Button.tsx:25:13)

    console.log
      [Button] Props received: {
        variant: 'primary',
        size: 'lg',
        type: 'button',
        loading: false,
        disabled: true
      }

      at log (src/components/ui/Button.tsx:26:13)

    console.log
      [Button] Has onClick in props: true

      at log (src/components/ui/Button.tsx:27:13)

    console.log
      [Button] All props: {
        onClick: [Function: handleNavigate],
        'aria-label': 'Navigate to selected form'
      }

      at log (src/components/ui/Button.tsx:28:13)

    console.log
      [Button] Rendering with type: button

      at log (src/components/ui/Button.tsx:25:13)

    console.log
      [Button] Props received: {
        variant: 'primary',
        size: 'lg',
        type: 'button',
        loading: false,
        disabled: false
      }

      at log (src/components/ui/Button.tsx:26:13)

    console.log
      [Button] Has onClick in props: true

      at log (src/components/ui/Button.tsx:27:13)

    console.log
      [Button] All props: {
        onClick: [Function: handleNavigate],
        'aria-label': 'Navigate to selected form'
      }

      at log (src/components/ui/Button.tsx:28:13)

    console.log
      [Button] Rendering with type: button

      at log (src/components/ui/Button.tsx:25:13)

    console.log
      [Button] Props received: {
        variant: 'primary',
        size: 'lg',
        type: 'button',
        loading: false,
        disabled: true
      }

      at log (src/components/ui/Button.tsx:26:13)

    console.log
      [Button] Has onClick in props: true

      at log (src/components/ui/Button.tsx:27:13)

    console.log
      [Button] All props: {
        onClick: [Function: handleNavigate],
        'aria-label': 'Navigate to selected form'
      }

      at log (src/components/ui/Button.tsx:28:13)

    console.log
      [Button] Rendering with type: button

      at log (src/components/ui/Button.tsx:25:13)

    console.log
      [Button] Props received: {
        variant: 'primary',
        size: 'lg',
        type: 'button',
        loading: false,
        disabled: false
      }

      at log (src/components/ui/Button.tsx:26:13)

    console.log
      [Button] Has onClick in props: true

      at log (src/components/ui/Button.tsx:27:13)

    console.log
      [Button] All props: {
        onClick: [Function: handleNavigate],
        'aria-label': 'Navigate to selected form'
      }

      at log (src/components/ui/Button.tsx:28:13)

    console.log
      [Button] Rendering with type: button

      at log (src/components/ui/Button.tsx:25:13)

    console.log
      [Button] Props received: {
        variant: 'primary',
        size: 'lg',
        type: 'button',
        loading: false,
        disabled: true
      }

      at log (src/components/ui/Button.tsx:26:13)

    console.log
      [Button] Has onClick in props: true

      at log (src/components/ui/Button.tsx:27:13)

    console.log
      [Button] All props: {
        onClick: [Function: handleNavigate],
        'aria-label': 'Navigate to selected form'
      }

      at log (src/components/ui/Button.tsx:28:13)

    console.log
      [Button] Rendering with type: button

      at log (src/components/ui/Button.tsx:25:13)

    console.log
      [Button] Props received: {
        variant: 'primary',
        size: 'lg',
        type: 'button',
        loading: false,
        disabled: false
      }

      at log (src/components/ui/Button.tsx:26:13)

    console.log
      [Button] Has onClick in props: true

      at log (src/components/ui/Button.tsx:27:13)

    console.log
      [Button] All props: {
        onClick: [Function: handleNavigate],
        'aria-label': 'Navigate to selected form'
      }

      at log (src/components/ui/Button.tsx:28:13)

    console.log
      [Button] Rendering with type: button

      at log (src/components/ui/Button.tsx:25:13)

    console.log
      [Button] Props received: {
        variant: 'primary',
        size: 'lg',
        type: 'button',
        loading: false,
        disabled: true
      }

      at log (src/components/ui/Button.tsx:26:13)

    console.log
      [Button] Has onClick in props: true

      at log (src/components/ui/Button.tsx:27:13)

    console.log
      [Button] All props: {
        onClick: [Function: handleNavigate],
        'aria-label': 'Navigate to selected form'
      }

      at log (src/components/ui/Button.tsx:28:13)

    console.log
      [Button] Rendering with type: button

      at log (src/components/ui/Button.tsx:25:13)

    console.log
      [Button] Props received: {
        variant: 'primary',
        size: 'lg',
        type: 'button',
        loading: false,
        disabled: false
      }

      at log (src/components/ui/Button.tsx:26:13)

    console.log
      [Button] Has onClick in props: true

      at log (src/components/ui/Button.tsx:27:13)

    console.log
      [Button] All props: {
        onClick: [Function: handleNavigate],
        'aria-label': 'Navigate to selected form'
      }

      at log (src/components/ui/Button.tsx:28:13)

    console.log
      [Button] Rendering with type: button

      at log (src/components/ui/Button.tsx:25:13)

    console.log
      [Button] Props received: {
        variant: 'primary',
        size: 'lg',
        type: 'button',
        loading: false,
        disabled: true
      }

      at log (src/components/ui/Button.tsx:26:13)

    console.log
      [Button] Has onClick in props: true

      at log (src/components/ui/Button.tsx:27:13)

    console.log
      [Button] All props: {
        onClick: [Function: handleNavigate],
        'aria-label': 'Navigate to selected form'
      }

      at log (src/components/ui/Button.tsx:28:13)

    console.log
      [Button] Rendering with type: button

      at log (src/components/ui/Button.tsx:25:13)

    console.log
      [Button] Props received: {
        variant: 'primary',
        size: 'lg',
        type: 'button',
        loading: false,
        disabled: false
      }

      at log (src/components/ui/Button.tsx:26:13)

    console.log
      [Button] Has onClick in props: true

      at log (src/components/ui/Button.tsx:27:13)

    console.log
      [Button] All props: {
        onClick: [Function: handleNavigate],
        'aria-label': 'Navigate to selected form'
      }

      at log (src/components/ui/Button.tsx:28:13)

    console.log
      [Button] Rendering with type: button

      at log (src/components/ui/Button.tsx:25:13)

    console.log
      [Button] Props received: {
        variant: 'primary',
        size: 'lg',
        type: 'button',
        loading: false,
        disabled: true
      }

      at log (src/components/ui/Button.tsx:26:13)

    console.log
      [Button] Has onClick in props: true

      at log (src/components/ui/Button.tsx:27:13)

    console.log
      [Button] All props: {
        onClick: [Function: handleNavigate],
        'aria-label': 'Navigate to selected form'
      }

      at log (src/components/ui/Button.tsx:28:13)

    console.log
      [Button] Rendering with type: button

      at log (src/components/ui/Button.tsx:25:13)

    console.log
      [Button] Props received: {
        variant: 'primary',
        size: 'lg',
        type: 'button',
        loading: false,
        disabled: false
      }

      at log (src/components/ui/Button.tsx:26:13)

    console.log
      [Button] Has onClick in props: true

      at log (src/components/ui/Button.tsx:27:13)

    console.log
      [Button] All props: {
        onClick: [Function: handleNavigate],
        'aria-label': 'Navigate to selected form'
      }

      at log (src/components/ui/Button.tsx:28:13)

    console.log
      [Button] Rendering with type: button

      at log (src/components/ui/Button.tsx:25:13)

    console.log
      [Button] Props received: {
        variant: 'primary',
        size: 'lg',
        type: 'button',
        loading: false,
        disabled: true
      }

      at log (src/components/ui/Button.tsx:26:13)

    console.log
      [Button] Has onClick in props: true

      at log (src/components/ui/Button.tsx:27:13)

    console.log
      [Button] All props: {
        onClick: [Function: handleNavigate],
        'aria-label': 'Navigate to selected form'
      }

      at log (src/components/ui/Button.tsx:28:13)

    console.log
      [Button] Rendering with type: button

      at log (src/components/ui/Button.tsx:25:13)

    console.log
      [Button] Props received: {
        variant: 'primary',
        size: 'lg',
        type: 'button',
        loading: false,
        disabled: false
      }

      at log (src/components/ui/Button.tsx:26:13)

    console.log
      [Button] Has onClick in props: true

      at log (src/components/ui/Button.tsx:27:13)

    console.log
      [Button] All props: {
        onClick: [Function: handleNavigate],
        'aria-label': 'Navigate to selected form'
      }

      at log (src/components/ui/Button.tsx:28:13)

    console.log
      [Button] Rendering with type: button

      at log (src/components/ui/Button.tsx:25:13)

    console.log
      [Button] Props received: {
        variant: 'primary',
        size: 'lg',
        type: 'button',
        loading: false,
        disabled: true
      }

      at log (src/components/ui/Button.tsx:26:13)

    console.log
      [Button] Has onClick in props: true

      at log (src/components/ui/Button.tsx:27:13)

    console.log
      [Button] All props: {
        onClick: [Function: handleNavigate],
        'aria-label': 'Navigate to selected form'
      }

      at log (src/components/ui/Button.tsx:28:13)

    console.log
      [Button] Rendering with type: button

      at log (src/components/ui/Button.tsx:25:13)

    console.log
      [Button] Props received: {
        variant: 'primary',
        size: 'lg',
        type: 'button',
        loading: false,
        disabled: false
      }

      at log (src/components/ui/Button.tsx:26:13)

    console.log
      [Button] Has onClick in props: true

      at log (src/components/ui/Button.tsx:27:13)

    console.log
      [Button] All props: {
        onClick: [Function: handleNavigate],
        'aria-label': 'Navigate to selected form'
      }

      at log (src/components/ui/Button.tsx:28:13)

    console.log
      [Button] Rendering with type: button

      at log (src/components/ui/Button.tsx:25:13)

    console.log
      [Button] Props received: {
        variant: 'primary',
        size: 'lg',
        type: 'button',
        loading: false,
        disabled: true
      }

      at log (src/components/ui/Button.tsx:26:13)

    console.log
      [Button] Has onClick in props: true

      at log (src/components/ui/Button.tsx:27:13)

    console.log
      [Button] All props: {
        onClick: [Function: handleNavigate],
        'aria-label': 'Navigate to selected form'
      }

      at log (src/components/ui/Button.tsx:28:13)

    console.log
      [Button] Rendering with type: button

      at log (src/components/ui/Button.tsx:25:13)

    console.log
      [Button] Props received: {
        variant: 'primary',
        size: 'lg',
        type: 'button',
        loading: false,
        disabled: false
      }

      at log (src/components/ui/Button.tsx:26:13)

    console.log
      [Button] Has onClick in props: true

      at log (src/components/ui/Button.tsx:27:13)

    console.log
      [Button] All props: {
        onClick: [Function: handleNavigate],
        'aria-label': 'Navigate to selected form'
      }

      at log (src/components/ui/Button.tsx:28:13)

    console.log
      [Button] Rendering with type: button

      at log (src/components/ui/Button.tsx:25:13)

    console.log
      [Button] Props received: {
        variant: 'primary',
        size: 'lg',
        type: 'button',
        loading: false,
        disabled: true
      }

      at log (src/components/ui/Button.tsx:26:13)

    console.log
      [Button] Has onClick in props: true

      at log (src/components/ui/Button.tsx:27:13)

    console.log
      [Button] All props: {
        onClick: [Function: handleNavigate],
        'aria-label': 'Navigate to selected form'
      }

      at log (src/components/ui/Button.tsx:28:13)

    console.log
      [Button] Rendering with type: button

      at log (src/components/ui/Button.tsx:25:13)

    console.log
      [Button] Props received: {
        variant: 'primary',
        size: 'lg',
        type: 'button',
        loading: false,
        disabled: false
      }

      at log (src/components/ui/Button.tsx:26:13)

    console.log
      [Button] Has onClick in props: true

      at log (src/components/ui/Button.tsx:27:13)

    console.log
      [Button] All props: {
        onClick: [Function: handleNavigate],
        'aria-label': 'Navigate to selected form'
      }

      at log (src/components/ui/Button.tsx:28:13)

    console.log
      [Button] Rendering with type: button

      at log (src/components/ui/Button.tsx:25:13)

    console.log
      [Button] Props received: {
        variant: 'primary',
        size: 'lg',
        type: 'button',
        loading: false,
        disabled: true
      }

      at log (src/components/ui/Button.tsx:26:13)

    console.log
      [Button] Has onClick in props: true

      at log (src/components/ui/Button.tsx:27:13)

    console.log
      [Button] All props: {
        onClick: [Function: handleNavigate],
        'aria-label': 'Navigate to selected form'
      }

      at log (src/components/ui/Button.tsx:28:13)

    console.log
      [Button] Rendering with type: button

      at log (src/components/ui/Button.tsx:25:13)

    console.log
      [Button] Props received: {
        variant: 'primary',
        size: 'lg',
        type: 'button',
        loading: false,
        disabled: false
      }

      at log (src/components/ui/Button.tsx:26:13)

    console.log
      [Button] Has onClick in props: true

      at log (src/components/ui/Button.tsx:27:13)

    console.log
      [Button] All props: {
        onClick: [Function: handleNavigate],
        'aria-label': 'Navigate to selected form'
      }

      at log (src/components/ui/Button.tsx:28:13)

    console.log
      [Button] Rendering with type: button

      at log (src/components/ui/Button.tsx:25:13)

    console.log
      [Button] Props received: {
        variant: 'primary',
        size: 'lg',
        type: 'button',
        loading: false,
        disabled: true
      }

      at log (src/components/ui/Button.tsx:26:13)

    console.log
      [Button] Has onClick in props: true

      at log (src/components/ui/Button.tsx:27:13)

    console.log
      [Button] All props: {
        onClick: [Function: handleNavigate],
        'aria-label': 'Navigate to selected form'
      }

      at log (src/components/ui/Button.tsx:28:13)

    console.log
      [Button] Rendering with type: button

      at log (src/components/ui/Button.tsx:25:13)

    console.log
      [Button] Props received: {
        variant: 'primary',
        size: 'lg',
        type: 'button',
        loading: false,
        disabled: false
      }

      at log (src/components/ui/Button.tsx:26:13)

    console.log
      [Button] Has onClick in props: true

      at log (src/components/ui/Button.tsx:27:13)

    console.log
      [Button] All props: {
        onClick: [Function: handleNavigate],
        'aria-label': 'Navigate to selected form'
      }

      at log (src/components/ui/Button.tsx:28:13)

    console.log
      [Button] Rendering with type: button

      at log (src/components/ui/Button.tsx:25:13)

    console.log
      [Button] Props received: {
        variant: 'primary',
        size: 'lg',
        type: 'button',
        loading: false,
        disabled: true
      }

      at log (src/components/ui/Button.tsx:26:13)

    console.log
      [Button] Has onClick in props: true

      at log (src/components/ui/Button.tsx:27:13)

    console.log
      [Button] All props: {
        onClick: [Function: handleNavigate],
        'aria-label': 'Navigate to selected form'
      }

      at log (src/components/ui/Button.tsx:28:13)

    console.log
      [Button] Rendering with type: button

      at log (src/components/ui/Button.tsx:25:13)

    console.log
      [Button] Props received: {
        variant: 'primary',
        size: 'lg',
        type: 'button',
        loading: false,
        disabled: false
      }

      at log (src/components/ui/Button.tsx:26:13)

    console.log
      [Button] Has onClick in props: true

      at log (src/components/ui/Button.tsx:27:13)

    console.log
      [Button] All props: {
        onClick: [Function: handleNavigate],
        'aria-label': 'Navigate to selected form'
      }

      at log (src/components/ui/Button.tsx:28:13)

    console.log
      [Button] Rendering with type: button

      at log (src/components/ui/Button.tsx:25:13)

    console.log
      [Button] Props received: {
        variant: 'primary',
        size: 'lg',
        type: 'button',
        loading: false,
        disabled: true
      }

      at log (src/components/ui/Button.tsx:26:13)

    console.log
      [Button] Has onClick in props: true

      at log (src/components/ui/Button.tsx:27:13)

    console.log
      [Button] All props: {
        onClick: [Function: handleNavigate],
        'aria-label': 'Navigate to selected form'
      }

      at log (src/components/ui/Button.tsx:28:13)

    console.log
      [Button] Rendering with type: button

      at log (src/components/ui/Button.tsx:25:13)

    console.log
      [Button] Props received: {
        variant: 'primary',
        size: 'lg',
        type: 'button',
        loading: false,
        disabled: false
      }

      at log (src/components/ui/Button.tsx:26:13)

    console.log
      [Button] Has onClick in props: true

      at log (src/components/ui/Button.tsx:27:13)

    console.log
      [Button] All props: {
        onClick: [Function: handleNavigate],
        'aria-label': 'Navigate to selected form'
      }

      at log (src/components/ui/Button.tsx:28:13)

    console.log
      [Button] Rendering with type: button

      at log (src/components/ui/Button.tsx:25:13)

    console.log
      [Button] Props received: {
        variant: 'primary',
        size: 'lg',
        type: 'button',
        loading: false,
        disabled: true
      }

      at log (src/components/ui/Button.tsx:26:13)

    console.log
      [Button] Has onClick in props: true

      at log (src/components/ui/Button.tsx:27:13)

    console.log
      [Button] All props: {
        onClick: [Function: handleNavigate],
        'aria-label': 'Navigate to selected form'
      }

      at log (src/components/ui/Button.tsx:28:13)

    console.log
      [Button] Rendering with type: button

      at log (src/components/ui/Button.tsx:25:13)

    console.log
      [Button] Props received: {
        variant: 'primary',
        size: 'lg',
        type: 'button',
        loading: false,
        disabled: false
      }

      at log (src/components/ui/Button.tsx:26:13)

    console.log
      [Button] Has onClick in props: true

      at log (src/components/ui/Button.tsx:27:13)

    console.log
      [Button] All props: {
        onClick: [Function: handleNavigate],
        'aria-label': 'Navigate to selected form'
      }

      at log (src/components/ui/Button.tsx:28:13)

    console.log
      [Button] Rendering with type: button

      at log (src/components/ui/Button.tsx:25:13)

    console.log
      [Button] Props received: {
        variant: 'primary',
        size: 'lg',
        type: 'button',
        loading: false,
        disabled: true
      }

      at log (src/components/ui/Button.tsx:26:13)

    console.log
      [Button] Has onClick in props: true

      at log (src/components/ui/Button.tsx:27:13)

    console.log
      [Button] All props: {
        onClick: [Function: handleNavigate],
        'aria-label': 'Navigate to selected form'
      }

      at log (src/components/ui/Button.tsx:28:13)

    console.log
      [Button] Rendering with type: button

      at log (src/components/ui/Button.tsx:25:13)

    console.log
      [Button] Props received: {
        variant: 'primary',
        size: 'lg',
        type: 'button',
        loading: false,
        disabled: false
      }

      at log (src/components/ui/Button.tsx:26:13)

    console.log
      [Button] Has onClick in props: true

      at log (src/components/ui/Button.tsx:27:13)

    console.log
      [Button] All props: {
        onClick: [Function: handleNavigate],
        'aria-label': 'Navigate to selected form'
      }

      at log (src/components/ui/Button.tsx:28:13)

    console.log
      [Button] Rendering with type: button

      at log (src/components/ui/Button.tsx:25:13)

    console.log
      [Button] Props received: {
        variant: 'primary',
        size: 'lg',
        type: 'button',
        loading: false,
        disabled: true
      }

      at log (src/components/ui/Button.tsx:26:13)

    console.log
      [Button] Has onClick in props: true

      at log (src/components/ui/Button.tsx:27:13)

    console.log
      [Button] All props: {
        onClick: [Function: handleNavigate],
        'aria-label': 'Navigate to selected form'
      }

      at log (src/components/ui/Button.tsx:28:13)

    console.log
      [Button] Rendering with type: button

      at log (src/components/ui/Button.tsx:25:13)

    console.log
      [Button] Props received: {
        variant: 'primary',
        size: 'lg',
        type: 'button',
        loading: false,
        disabled: false
      }

      at log (src/components/ui/Button.tsx:26:13)

    console.log
      [Button] Has onClick in props: true

      at log (src/components/ui/Button.tsx:27:13)

    console.log
      [Button] All props: {
        onClick: [Function: handleNavigate],
        'aria-label': 'Navigate to selected form'
      }

      at log (src/components/ui/Button.tsx:28:13)

    console.log
      [Button] Rendering with type: button

      at log (src/components/ui/Button.tsx:25:13)

    console.log
      [Button] Props received: {
        variant: 'primary',
        size: 'lg',
        type: 'button',
        loading: false,
        disabled: true
      }

      at log (src/components/ui/Button.tsx:26:13)

    console.log
      [Button] Has onClick in props: true

      at log (src/components/ui/Button.tsx:27:13)

    console.log
      [Button] All props: {
        onClick: [Function: handleNavigate],
        'aria-label': 'Navigate to selected form'
      }

      at log (src/components/ui/Button.tsx:28:13)

    console.log
      [Button] Rendering with type: button

      at log (src/components/ui/Button.tsx:25:13)

    console.log
      [Button] Props received: {
        variant: 'primary',
        size: 'lg',
        type: 'button',
        loading: false,
        disabled: false
      }

      at log (src/components/ui/Button.tsx:26:13)

    console.log
      [Button] Has onClick in props: true

      at log (src/components/ui/Button.tsx:27:13)

    console.log
      [Button] All props: {
        onClick: [Function: handleNavigate],
        'aria-label': 'Navigate to selected form'
      }

      at log (src/components/ui/Button.tsx:28:13)

    console.log
      [Button] Rendering with type: button

      at log (src/components/ui/Button.tsx:25:13)

    console.log
      [Button] Props received: {
        variant: 'primary',
        size: 'lg',
        type: 'button',
        loading: false,
        disabled: true
      }

      at log (src/components/ui/Button.tsx:26:13)

    console.log
      [Button] Has onClick in props: true

      at log (src/components/ui/Button.tsx:27:13)

    console.log
      [Button] All props: {
        onClick: [Function: handleNavigate],
        'aria-label': 'Navigate to selected form'
      }

      at log (src/components/ui/Button.tsx:28:13)

    console.log
      [Button] Rendering with type: button

      at log (src/components/ui/Button.tsx:25:13)

    console.log
      [Button] Props received: {
        variant: 'primary',
        size: 'lg',
        type: 'button',
        loading: false,
        disabled: false
      }

      at log (src/components/ui/Button.tsx:26:13)

    console.log
      [Button] Has onClick in props: true

      at log (src/components/ui/Button.tsx:27:13)

    console.log
      [Button] All props: {
        onClick: [Function: handleNavigate],
        'aria-label': 'Navigate to selected form'
      }

      at log (src/components/ui/Button.tsx:28:13)

    console.log
      [Button] Rendering with type: button

      at log (src/components/ui/Button.tsx:25:13)

    console.log
      [Button] Props received: {
        variant: 'primary',
        size: 'lg',
        type: 'button',
        loading: false,
        disabled: true
      }

      at log (src/components/ui/Button.tsx:26:13)

    console.log
      [Button] Has onClick in props: true

      at log (src/components/ui/Button.tsx:27:13)

    console.log
      [Button] All props: {
        onClick: [Function: handleNavigate],
        'aria-label': 'Navigate to selected form'
      }

      at log (src/components/ui/Button.tsx:28:13)

    console.log
      [Button] Rendering with type: button

      at log (src/components/ui/Button.tsx:25:13)

    console.log
      [Button] Props received: {
        variant: 'primary',
        size: 'lg',
        type: 'button',
        loading: false,
        disabled: false
      }

      at log (src/components/ui/Button.tsx:26:13)

    console.log
      [Button] Has onClick in props: true

      at log (src/components/ui/Button.tsx:27:13)

    console.log
      [Button] All props: {
        onClick: [Function: handleNavigate],
        'aria-label': 'Navigate to selected form'
      }

      at log (src/components/ui/Button.tsx:28:13)

    console.log
      [Button] Rendering with type: button

      at log (src/components/ui/Button.tsx:25:13)

    console.log
      [Button] Props received: {
        variant: 'primary',
        size: 'lg',
        type: 'button',
        loading: false,
        disabled: true
      }

      at log (src/components/ui/Button.tsx:26:13)

    console.log
      [Button] Has onClick in props: true

      at log (src/components/ui/Button.tsx:27:13)

    console.log
      [Button] All props: {
        onClick: [Function: handleNavigate],
        'aria-label': 'Navigate to selected form'
      }

      at log (src/components/ui/Button.tsx:28:13)

    console.log
      [Button] Rendering with type: button

      at log (src/components/ui/Button.tsx:25:13)

    console.log
      [Button] Props received: {
        variant: 'primary',
        size: 'lg',
        type: 'button',
        loading: false,
        disabled: false
      }

      at log (src/components/ui/Button.tsx:26:13)

    console.log
      [Button] Has onClick in props: true

      at log (src/components/ui/Button.tsx:27:13)

    console.log
      [Button] All props: {
        onClick: [Function: handleNavigate],
        'aria-label': 'Navigate to selected form'
      }

      at log (src/components/ui/Button.tsx:28:13)

    console.log
      [Button] Rendering with type: button

      at log (src/components/ui/Button.tsx:25:13)

    console.log
      [Button] Props received: {
        variant: 'primary',
        size: 'lg',
        type: 'button',
        loading: false,
        disabled: true
      }

      at log (src/components/ui/Button.tsx:26:13)

    console.log
      [Button] Has onClick in props: true

      at log (src/components/ui/Button.tsx:27:13)

    console.log
      [Button] All props: {
        onClick: [Function: handleNavigate],
        'aria-label': 'Navigate to selected form'
      }

      at log (src/components/ui/Button.tsx:28:13)

    console.log
      [Button] Rendering with type: button

      at log (src/components/ui/Button.tsx:25:13)

    console.log
      [Button] Props received: {
        variant: 'primary',
        size: 'lg',
        type: 'button',
        loading: false,
        disabled: false
      }

      at log (src/components/ui/Button.tsx:26:13)

    console.log
      [Button] Has onClick in props: true

      at log (src/components/ui/Button.tsx:27:13)

    console.log
      [Button] All props: {
        onClick: [Function: handleNavigate],
        'aria-label': 'Navigate to selected form'
      }

      at log (src/components/ui/Button.tsx:28:13)

    console.log
      [Button] Rendering with type: button

      at log (src/components/ui/Button.tsx:25:13)

    console.log
      [Button] Props received: {
        variant: 'primary',
        size: 'lg',
        type: 'button',
        loading: false,
        disabled: true
      }

      at log (src/components/ui/Button.tsx:26:13)

    console.log
      [Button] Has onClick in props: true

      at log (src/components/ui/Button.tsx:27:13)

    console.log
      [Button] All props: {
        onClick: [Function: handleNavigate],
        'aria-label': 'Navigate to selected form'
      }

      at log (src/components/ui/Button.tsx:28:13)

    console.log
      [Button] Rendering with type: button

      at log (src/components/ui/Button.tsx:25:13)

    console.log
      [Button] Props received: {
        variant: 'primary',
        size: 'lg',
        type: 'button',
        loading: false,
        disabled: false
      }

      at log (src/components/ui/Button.tsx:26:13)

    console.log
      [Button] Has onClick in props: true

      at log (src/components/ui/Button.tsx:27:13)

    console.log
      [Button] All props: {
        onClick: [Function: handleNavigate],
        'aria-label': 'Navigate to selected form'
      }

      at log (src/components/ui/Button.tsx:28:13)

    console.log
      [Button] Rendering with type: button

      at log (src/components/ui/Button.tsx:25:13)

    console.log
      [Button] Props received: {
        variant: 'primary',
        size: 'lg',
        type: 'button',
        loading: false,
        disabled: true
      }

      at log (src/components/ui/Button.tsx:26:13)

    console.log
      [Button] Has onClick in props: true

      at log (src/components/ui/Button.tsx:27:13)

    console.log
      [Button] All props: {
        onClick: [Function: handleNavigate],
        'aria-label': 'Navigate to selected form'
      }

      at log (src/components/ui/Button.tsx:28:13)

    console.log
      [Button] Rendering with type: button

      at log (src/components/ui/Button.tsx:25:13)

    console.log
      [Button] Props received: {
        variant: 'primary',
        size: 'lg',
        type: 'button',
        loading: false,
        disabled: false
      }

      at log (src/components/ui/Button.tsx:26:13)

    console.log
      [Button] Has onClick in props: true

      at log (src/components/ui/Button.tsx:27:13)

    console.log
      [Button] All props: {
        onClick: [Function: handleNavigate],
        'aria-label': 'Navigate to selected form'
      }

      at log (src/components/ui/Button.tsx:28:13)

    console.log
      [Button] Rendering with type: button

      at log (src/components/ui/Button.tsx:25:13)

    console.log
      [Button] Props received: {
        variant: 'primary',
        size: 'lg',
        type: 'button',
        loading: false,
        disabled: true
      }

      at log (src/components/ui/Button.tsx:26:13)

    console.log
      [Button] Has onClick in props: true

      at log (src/components/ui/Button.tsx:27:13)

    console.log
      [Button] All props: {
        onClick: [Function: handleNavigate],
        'aria-label': 'Navigate to selected form'
      }

      at log (src/components/ui/Button.tsx:28:13)

    console.log
      [Button] Rendering with type: button

      at log (src/components/ui/Button.tsx:25:13)

    console.log
      [Button] Props received: {
        variant: 'primary',
        size: 'lg',
        type: 'button',
        loading: false,
        disabled: false
      }

      at log (src/components/ui/Button.tsx:26:13)

    console.log
      [Button] Has onClick in props: true

      at log (src/components/ui/Button.tsx:27:13)

    console.log
      [Button] All props: {
        onClick: [Function: handleNavigate],
        'aria-label': 'Navigate to selected form'
      }

      at log (src/components/ui/Button.tsx:28:13)

    console.log
      [Button] Rendering with type: button

      at log (src/components/ui/Button.tsx:25:13)

    console.log
      [Button] Props received: {
        variant: 'primary',
        size: 'lg',
        type: 'button',
        loading: false,
        disabled: true
      }

      at log (src/components/ui/Button.tsx:26:13)

    console.log
      [Button] Has onClick in props: true

      at log (src/components/ui/Button.tsx:27:13)

    console.log
      [Button] All props: {
        onClick: [Function: handleNavigate],
        'aria-label': 'Navigate to selected form'
      }

      at log (src/components/ui/Button.tsx:28:13)

    console.log
      [Button] Rendering with type: button

      at log (src/components/ui/Button.tsx:25:13)

    console.log
      [Button] Props received: {
        variant: 'primary',
        size: 'lg',
        type: 'button',
        loading: false,
        disabled: false
      }

      at log (src/components/ui/Button.tsx:26:13)

    console.log
      [Button] Has onClick in props: true

      at log (src/components/ui/Button.tsx:27:13)

    console.log
      [Button] All props: {
        onClick: [Function: handleNavigate],
        'aria-label': 'Navigate to selected form'
      }

      at log (src/components/ui/Button.tsx:28:13)

    console.log
      [Button] Rendering with type: button

      at log (src/components/ui/Button.tsx:25:13)

    console.log
      [Button] Props received: {
        variant: 'primary',
        size: 'lg',
        type: 'button',
        loading: false,
        disabled: true
      }

      at log (src/components/ui/Button.tsx:26:13)

    console.log
      [Button] Has onClick in props: true

      at log (src/components/ui/Button.tsx:27:13)

    console.log
      [Button] All props: {
        onClick: [Function: handleNavigate],
        'aria-label': 'Navigate to selected form'
      }

      at log (src/components/ui/Button.tsx:28:13)

    console.log
      [Button] Rendering with type: button

      at log (src/components/ui/Button.tsx:25:13)

    console.log
      [Button] Props received: {
        variant: 'primary',
        size: 'lg',
        type: 'button',
        loading: false,
        disabled: false
      }

      at log (src/components/ui/Button.tsx:26:13)

    console.log
      [Button] Has onClick in props: true

      at log (src/components/ui/Button.tsx:27:13)

    console.log
      [Button] All props: {
        onClick: [Function: handleNavigate],
        'aria-label': 'Navigate to selected form'
      }

      at log (src/components/ui/Button.tsx:28:13)

    console.log
      [Button] Rendering with type: button

      at log (src/components/ui/Button.tsx:25:13)

    console.log
      [Button] Props received: {
        variant: 'primary',
        size: 'lg',
        type: 'button',
        loading: false,
        disabled: true
      }

      at log (src/components/ui/Button.tsx:26:13)

    console.log
      [Button] Has onClick in props: true

      at log (src/components/ui/Button.tsx:27:13)

    console.log
      [Button] All props: {
        onClick: [Function: handleNavigate],
        'aria-label': 'Navigate to selected form'
      }

      at log (src/components/ui/Button.tsx:28:13)

    console.log
      [Button] Rendering with type: button

      at log (src/components/ui/Button.tsx:25:13)

    console.log
      [Button] Props received: {
        variant: 'primary',
        size: 'lg',
        type: 'button',
        loading: false,
        disabled: false
      }

      at log (src/components/ui/Button.tsx:26:13)

    console.log
      [Button] Has onClick in props: true

      at log (src/components/ui/Button.tsx:27:13)

    console.log
      [Button] All props: {
        onClick: [Function: handleNavigate],
        'aria-label': 'Navigate to selected form'
      }

      at log (src/components/ui/Button.tsx:28:13)

    console.log
      [Button] Rendering with type: button

      at log (src/components/ui/Button.tsx:25:13)

    console.log
      [Button] Props received: {
        variant: 'primary',
        size: 'lg',
        type: 'button',
        loading: false,
        disabled: true
      }

      at log (src/components/ui/Button.tsx:26:13)

    console.log
      [Button] Has onClick in props: true

      at log (src/components/ui/Button.tsx:27:13)

    console.log
      [Button] All props: {
        onClick: [Function: handleNavigate],
        'aria-label': 'Navigate to selected form'
      }

      at log (src/components/ui/Button.tsx:28:13)

    console.log
      [Button] Rendering with type: button

      at log (src/components/ui/Button.tsx:25:13)

    console.log
      [Button] Props received: {
        variant: 'primary',
        size: 'lg',
        type: 'button',
        loading: false,
        disabled: false
      }

      at log (src/components/ui/Button.tsx:26:13)

    console.log
      [Button] Has onClick in props: true

      at log (src/components/ui/Button.tsx:27:13)

    console.log
      [Button] All props: {
        onClick: [Function: handleNavigate],
        'aria-label': 'Navigate to selected form'
      }

      at log (src/components/ui/Button.tsx:28:13)

    console.log
      [Button] Rendering with type: button

      at log (src/components/ui/Button.tsx:25:13)

    console.log
      [Button] Props received: {
        variant: 'primary',
        size: 'lg',
        type: 'button',
        loading: false,
        disabled: true
      }

      at log (src/components/ui/Button.tsx:26:13)

    console.log
      [Button] Has onClick in props: true

      at log (src/components/ui/Button.tsx:27:13)

    console.log
      [Button] All props: {
        onClick: [Function: handleNavigate],
        'aria-label': 'Navigate to selected form'
      }

      at log (src/components/ui/Button.tsx:28:13)

    console.log
      [Button] Rendering with type: button

      at log (src/components/ui/Button.tsx:25:13)

    console.log
      [Button] Props received: {
        variant: 'primary',
        size: 'lg',
        type: 'button',
        loading: false,
        disabled: false
      }

      at log (src/components/ui/Button.tsx:26:13)

    console.log
      [Button] Has onClick in props: true

      at log (src/components/ui/Button.tsx:27:13)

    console.log
      [Button] All props: {
        onClick: [Function: handleNavigate],
        'aria-label': 'Navigate to selected form'
      }

      at log (src/components/ui/Button.tsx:28:13)

    console.log
      [Button] Rendering with type: button

      at log (src/components/ui/Button.tsx:25:13)

    console.log
      [Button] Props received: {
        variant: 'primary',
        size: 'lg',
        type: 'button',
        loading: false,
        disabled: true
      }

      at log (src/components/ui/Button.tsx:26:13)

    console.log
      [Button] Has onClick in props: true

      at log (src/components/ui/Button.tsx:27:13)

    console.log
      [Button] All props: {
        onClick: [Function: handleNavigate],
        'aria-label': 'Navigate to selected form'
      }

      at log (src/components/ui/Button.tsx:28:13)

    console.log
      [Button] Rendering with type: button

      at log (src/components/ui/Button.tsx:25:13)

    console.log
      [Button] Props received: {
        variant: 'primary',
        size: 'lg',
        type: 'button',
        loading: false,
        disabled: false
      }

      at log (src/components/ui/Button.tsx:26:13)

    console.log
      [Button] Has onClick in props: true

      at log (src/components/ui/Button.tsx:27:13)

    console.log
      [Button] All props: {
        onClick: [Function: handleNavigate],
        'aria-label': 'Navigate to selected form'
      }

      at log (src/components/ui/Button.tsx:28:13)

    console.log
      [Button] Rendering with type: button

      at log (src/components/ui/Button.tsx:25:13)

    console.log
      [Button] Props received: {
        variant: 'primary',
        size: 'lg',
        type: 'button',
        loading: false,
        disabled: true
      }

      at log (src/components/ui/Button.tsx:26:13)

    console.log
      [Button] Has onClick in props: true

      at log (src/components/ui/Button.tsx:27:13)

    console.log
      [Button] All props: {
        onClick: [Function: handleNavigate],
        'aria-label': 'Navigate to selected form'
      }

      at log (src/components/ui/Button.tsx:28:13)

    console.log
      [Button] Rendering with type: button

      at log (src/components/ui/Button.tsx:25:13)

    console.log
      [Button] Props received: {
        variant: 'primary',
        size: 'lg',
        type: 'button',
        loading: false,
        disabled: false
      }

      at log (src/components/ui/Button.tsx:26:13)

    console.log
      [Button] Has onClick in props: true

      at log (src/components/ui/Button.tsx:27:13)

    console.log
      [Button] All props: {
        onClick: [Function: handleNavigate],
        'aria-label': 'Navigate to selected form'
      }

      at log (src/components/ui/Button.tsx:28:13)

    console.log
      [Button] Rendering with type: button

      at log (src/components/ui/Button.tsx:25:13)

    console.log
      [Button] Props received: {
        variant: 'primary',
        size: 'lg',
        type: 'button',
        loading: false,
        disabled: true
      }

      at log (src/components/ui/Button.tsx:26:13)

    console.log
      [Button] Has onClick in props: true

      at log (src/components/ui/Button.tsx:27:13)

    console.log
      [Button] All props: {
        onClick: [Function: handleNavigate],
        'aria-label': 'Navigate to selected form'
      }

      at log (src/components/ui/Button.tsx:28:13)

    console.log
      [Button] Rendering with type: button

      at log (src/components/ui/Button.tsx:25:13)

    console.log
      [Button] Props received: {
        variant: 'primary',
        size: 'lg',
        type: 'button',
        loading: false,
        disabled: false
      }

      at log (src/components/ui/Button.tsx:26:13)

    console.log
      [Button] Has onClick in props: true

      at log (src/components/ui/Button.tsx:27:13)

    console.log
      [Button] All props: {
        onClick: [Function: handleNavigate],
        'aria-label': 'Navigate to selected form'
      }

      at log (src/components/ui/Button.tsx:28:13)

    console.log
      [Button] Rendering with type: button

      at log (src/components/ui/Button.tsx:25:13)

    console.log
      [Button] Props received: {
        variant: 'primary',
        size: 'lg',
        type: 'button',
        loading: false,
        disabled: true
      }

      at log (src/components/ui/Button.tsx:26:13)

    console.log
      [Button] Has onClick in props: true

      at log (src/components/ui/Button.tsx:27:13)

    console.log
      [Button] All props: {
        onClick: [Function: handleNavigate],
        'aria-label': 'Navigate to selected form'
      }

      at log (src/components/ui/Button.tsx:28:13)

    console.log
      [Button] Rendering with type: button

      at log (src/components/ui/Button.tsx:25:13)

    console.log
      [Button] Props received: {
        variant: 'primary',
        size: 'lg',
        type: 'button',
        loading: false,
        disabled: false
      }

      at log (src/components/ui/Button.tsx:26:13)

    console.log
      [Button] Has onClick in props: true

      at log (src/components/ui/Button.tsx:27:13)

    console.log
      [Button] All props: {
        onClick: [Function: handleNavigate],
        'aria-label': 'Navigate to selected form'
      }

      at log (src/components/ui/Button.tsx:28:13)

    console.log
      [Button] Rendering with type: button

      at log (src/components/ui/Button.tsx:25:13)

    console.log
      [Button] Props received: {
        variant: 'primary',
        size: 'lg',
        type: 'button',
        loading: false,
        disabled: true
      }

      at log (src/components/ui/Button.tsx:26:13)

    console.log
      [Button] Has onClick in props: true

      at log (src/components/ui/Button.tsx:27:13)

    console.log
      [Button] All props: {
        onClick: [Function: handleNavigate],
        'aria-label': 'Navigate to selected form'
      }

      at log (src/components/ui/Button.tsx:28:13)

    console.log
      [Button] Rendering with type: button

      at log (src/components/ui/Button.tsx:25:13)

    console.log
      [Button] Props received: {
        variant: 'primary',
        size: 'lg',
        type: 'button',
        loading: false,
        disabled: false
      }

      at log (src/components/ui/Button.tsx:26:13)

    console.log
      [Button] Has onClick in props: true

      at log (src/components/ui/Button.tsx:27:13)

    console.log
      [Button] All props: {
        onClick: [Function: handleNavigate],
        'aria-label': 'Navigate to selected form'
      }

      at log (src/components/ui/Button.tsx:28:13)

    console.log
      [Button] Rendering with type: button

      at log (src/components/ui/Button.tsx:25:13)

    console.log
      [Button] Props received: {
        variant: 'primary',
        size: 'lg',
        type: 'button',
        loading: false,
        disabled: true
      }

      at log (src/components/ui/Button.tsx:26:13)

    console.log
      [Button] Has onClick in props: true

      at log (src/components/ui/Button.tsx:27:13)

    console.log
      [Button] All props: {
        onClick: [Function: handleNavigate],
        'aria-label': 'Navigate to selected form'
      }

      at log (src/components/ui/Button.tsx:28:13)

    console.log
      [Button] Rendering with type: button

      at log (src/components/ui/Button.tsx:25:13)

    console.log
      [Button] Props received: {
        variant: 'primary',
        size: 'lg',
        type: 'button',
        loading: false,
        disabled: false
      }

      at log (src/components/ui/Button.tsx:26:13)

    console.log
      [Button] Has onClick in props: true

      at log (src/components/ui/Button.tsx:27:13)

    console.log
      [Button] All props: {
        onClick: [Function: handleNavigate],
        'aria-label': 'Navigate to selected form'
      }

      at log (src/components/ui/Button.tsx:28:13)

    console.log
      [Button] Rendering with type: button

      at log (src/components/ui/Button.tsx:25:13)

    console.log
      [Button] Props received: {
        variant: 'primary',
        size: 'lg',
        type: 'button',
        loading: false,
        disabled: true
      }

      at log (src/components/ui/Button.tsx:26:13)

    console.log
      [Button] Has onClick in props: true

      at log (src/components/ui/Button.tsx:27:13)

    console.log
      [Button] All props: {
        onClick: [Function: handleNavigate],
        'aria-label': 'Navigate to selected form'
      }

      at log (src/components/ui/Button.tsx:28:13)

    console.log
      [Button] Rendering with type: button

      at log (src/components/ui/Button.tsx:25:13)

    console.log
      [Button] Props received: {
        variant: 'primary',
        size: 'lg',
        type: 'button',
        loading: false,
        disabled: false
      }

      at log (src/components/ui/Button.tsx:26:13)

    console.log
      [Button] Has onClick in props: true

      at log (src/components/ui/Button.tsx:27:13)

    console.log
      [Button] All props: {
        onClick: [Function: handleNavigate],
        'aria-label': 'Navigate to selected form'
      }

      at log (src/components/ui/Button.tsx:28:13)

    console.log
      [Button] Rendering with type: button

      at log (src/components/ui/Button.tsx:25:13)

    console.log
      [Button] Props received: {
        variant: 'primary',
        size: 'lg',
        type: 'button',
        loading: false,
        disabled: true
      }

      at log (src/components/ui/Button.tsx:26:13)

    console.log
      [Button] Has onClick in props: true

      at log (src/components/ui/Button.tsx:27:13)

    console.log
      [Button] All props: {
        onClick: [Function: handleNavigate],
        'aria-label': 'Navigate to selected form'
      }

      at log (src/components/ui/Button.tsx:28:13)

    console.log
      [Button] Rendering with type: button

      at log (src/components/ui/Button.tsx:25:13)

    console.log
      [Button] Props received: {
        variant: 'primary',
        size: 'lg',
        type: 'button',
        loading: false,
        disabled: false
      }

      at log (src/components/ui/Button.tsx:26:13)

    console.log
      [Button] Has onClick in props: true

      at log (src/components/ui/Button.tsx:27:13)

    console.log
      [Button] All props: {
        onClick: [Function: handleNavigate],
        'aria-label': 'Navigate to selected form'
      }

      at log (src/components/ui/Button.tsx:28:13)

    console.log
      [Button] Rendering with type: button

      at log (src/components/ui/Button.tsx:25:13)

    console.log
      [Button] Props received: {
        variant: 'primary',
        size: 'lg',
        type: 'button',
        loading: false,
        disabled: true
      }

      at log (src/components/ui/Button.tsx:26:13)

    console.log
      [Button] Has onClick in props: true

      at log (src/components/ui/Button.tsx:27:13)

    console.log
      [Button] All props: {
        onClick: [Function: handleNavigate],
        'aria-label': 'Navigate to selected form'
      }

      at log (src/components/ui/Button.tsx:28:13)

    console.log
      [Button] Rendering with type: button

      at log (src/components/ui/Button.tsx:25:13)

    console.log
      [Button] Props received: {
        variant: 'primary',
        size: 'lg',
        type: 'button',
        loading: false,
        disabled: false
      }

      at log (src/components/ui/Button.tsx:26:13)

    console.log
      [Button] Has onClick in props: true

      at log (src/components/ui/Button.tsx:27:13)

    console.log
      [Button] All props: {
        onClick: [Function: handleNavigate],
        'aria-label': 'Navigate to selected form'
      }

      at log (src/components/ui/Button.tsx:28:13)

    console.log
      [Button] Rendering with type: button

      at log (src/components/ui/Button.tsx:25:13)

    console.log
      [Button] Props received: {
        variant: 'primary',
        size: 'lg',
        type: 'button',
        loading: false,
        disabled: true
      }

      at log (src/components/ui/Button.tsx:26:13)

    console.log
      [Button] Has onClick in props: true

      at log (src/components/ui/Button.tsx:27:13)

    console.log
      [Button] All props: {
        onClick: [Function: handleNavigate],
        'aria-label': 'Navigate to selected form'
      }

      at log (src/components/ui/Button.tsx:28:13)

    console.log
      [Button] Rendering with type: button

      at log (src/components/ui/Button.tsx:25:13)

    console.log
      [Button] Props received: {
        variant: 'primary',
        size: 'lg',
        type: 'button',
        loading: false,
        disabled: false
      }

      at log (src/components/ui/Button.tsx:26:13)

    console.log
      [Button] Has onClick in props: true

      at log (src/components/ui/Button.tsx:27:13)

    console.log
      [Button] All props: {
        onClick: [Function: handleNavigate],
        'aria-label': 'Navigate to selected form'
      }

      at log (src/components/ui/Button.tsx:28:13)

    console.log
      [Button] Rendering with type: button

      at log (src/components/ui/Button.tsx:25:13)

    console.log
      [Button] Props received: {
        variant: 'primary',
        size: 'lg',
        type: 'button',
        loading: false,
        disabled: true
      }

      at log (src/components/ui/Button.tsx:26:13)

    console.log
      [Button] Has onClick in props: true

      at log (src/components/ui/Button.tsx:27:13)

    console.log
      [Button] All props: {
        onClick: [Function: handleNavigate],
        'aria-label': 'Navigate to selected form'
      }

      at log (src/components/ui/Button.tsx:28:13)

    console.log
      [Button] Rendering with type: button

      at log (src/components/ui/Button.tsx:25:13)

    console.log
      [Button] Props received: {
        variant: 'primary',
        size: 'lg',
        type: 'button',
        loading: false,
        disabled: false
      }

      at log (src/components/ui/Button.tsx:26:13)

    console.log
      [Button] Has onClick in props: true

      at log (src/components/ui/Button.tsx:27:13)

    console.log
      [Button] All props: {
        onClick: [Function: handleNavigate],
        'aria-label': 'Navigate to selected form'
      }

      at log (src/components/ui/Button.tsx:28:13)

    console.log
      [Button] Rendering with type: button

      at log (src/components/ui/Button.tsx:25:13)

    console.log
      [Button] Props received: {
        variant: 'primary',
        size: 'lg',
        type: 'button',
        loading: false,
        disabled: true
      }

      at log (src/components/ui/Button.tsx:26:13)

    console.log
      [Button] Has onClick in props: true

      at log (src/components/ui/Button.tsx:27:13)

    console.log
      [Button] All props: {
        onClick: [Function: handleNavigate],
        'aria-label': 'Navigate to selected form'
      }

      at log (src/components/ui/Button.tsx:28:13)

    console.log
      [Button] Rendering with type: button

      at log (src/components/ui/Button.tsx:25:13)

    console.log
      [Button] Props received: {
        variant: 'primary',
        size: 'lg',
        type: 'button',
        loading: false,
        disabled: false
      }

      at log (src/components/ui/Button.tsx:26:13)

    console.log
      [Button] Has onClick in props: true

      at log (src/components/ui/Button.tsx:27:13)

    console.log
      [Button] All props: {
        onClick: [Function: handleNavigate],
        'aria-label': 'Navigate to selected form'
      }

      at log (src/components/ui/Button.tsx:28:13)

    console.log
      [Button] Rendering with type: button

      at log (src/components/ui/Button.tsx:25:13)

    console.log
      [Button] Props received: {
        variant: 'primary',
        size: 'lg',
        type: 'button',
        loading: false,
        disabled: true
      }

      at log (src/components/ui/Button.tsx:26:13)

    console.log
      [Button] Has onClick in props: true

      at log (src/components/ui/Button.tsx:27:13)

    console.log
      [Button] All props: {
        onClick: [Function: handleNavigate],
        'aria-label': 'Navigate to selected form'
      }

      at log (src/components/ui/Button.tsx:28:13)

    console.log
      [Button] Rendering with type: button

      at log (src/components/ui/Button.tsx:25:13)

    console.log
      [Button] Props received: {
        variant: 'primary',
        size: 'lg',
        type: 'button',
        loading: false,
        disabled: false
      }

      at log (src/components/ui/Button.tsx:26:13)

    console.log
      [Button] Has onClick in props: true

      at log (src/components/ui/Button.tsx:27:13)

    console.log
      [Button] All props: {
        onClick: [Function: handleNavigate],
        'aria-label': 'Navigate to selected form'
      }

      at log (src/components/ui/Button.tsx:28:13)

    console.log
      [Button] Rendering with type: button

      at log (src/components/ui/Button.tsx:25:13)

    console.log
      [Button] Props received: {
        variant: 'primary',
        size: 'lg',
        type: 'button',
        loading: false,
        disabled: true
      }

      at log (src/components/ui/Button.tsx:26:13)

    console.log
      [Button] Has onClick in props: true

      at log (src/components/ui/Button.tsx:27:13)

    console.log
      [Button] All props: {
        onClick: [Function: handleNavigate],
        'aria-label': 'Navigate to selected form'
      }

      at log (src/components/ui/Button.tsx:28:13)

    console.log
      [Button] Rendering with type: button

      at log (src/components/ui/Button.tsx:25:13)

    console.log
      [Button] Props received: {
        variant: 'primary',
        size: 'lg',
        type: 'button',
        loading: false,
        disabled: false
      }

      at log (src/components/ui/Button.tsx:26:13)

    console.log
      [Button] Has onClick in props: true

      at log (src/components/ui/Button.tsx:27:13)

    console.log
      [Button] All props: {
        onClick: [Function: handleNavigate],
        'aria-label': 'Navigate to selected form'
      }

      at log (src/components/ui/Button.tsx:28:13)

    console.log
      [Button] Rendering with type: button

      at log (src/components/ui/Button.tsx:25:13)

    console.log
      [Button] Props received: {
        variant: 'primary',
        size: 'lg',
        type: 'button',
        loading: false,
        disabled: true
      }

      at log (src/components/ui/Button.tsx:26:13)

    console.log
      [Button] Has onClick in props: true

      at log (src/components/ui/Button.tsx:27:13)

    console.log
      [Button] All props: {
        onClick: [Function: handleNavigate],
        'aria-label': 'Navigate to selected form'
      }

      at log (src/components/ui/Button.tsx:28:13)

    console.log
      [Button] Rendering with type: button

      at log (src/components/ui/Button.tsx:25:13)

    console.log
      [Button] Props received: {
        variant: 'primary',
        size: 'lg',
        type: 'button',
        loading: false,
        disabled: false
      }

      at log (src/components/ui/Button.tsx:26:13)

    console.log
      [Button] Has onClick in props: true

      at log (src/components/ui/Button.tsx:27:13)

    console.log
      [Button] All props: {
        onClick: [Function: handleNavigate],
        'aria-label': 'Navigate to selected form'
      }

      at log (src/components/ui/Button.tsx:28:13)

    console.log
      [Button] Rendering with type: button

      at log (src/components/ui/Button.tsx:25:13)

    console.log
      [Button] Props received: {
        variant: 'primary',
        size: 'lg',
        type: 'button',
        loading: false,
        disabled: true
      }

      at log (src/components/ui/Button.tsx:26:13)

    console.log
      [Button] Has onClick in props: true

      at log (src/components/ui/Button.tsx:27:13)

    console.log
      [Button] All props: {
        onClick: [Function: handleNavigate],
        'aria-label': 'Navigate to selected form'
      }

      at log (src/components/ui/Button.tsx:28:13)

    console.log
      [Button] Rendering with type: button

      at log (src/components/ui/Button.tsx:25:13)

    console.log
      [Button] Props received: {
        variant: 'primary',
        size: 'lg',
        type: 'button',
        loading: false,
        disabled: false
      }

      at log (src/components/ui/Button.tsx:26:13)

    console.log
      [Button] Has onClick in props: true

      at log (src/components/ui/Button.tsx:27:13)

    console.log
      [Button] All props: {
        onClick: [Function: handleNavigate],
        'aria-label': 'Navigate to selected form'
      }

      at log (src/components/ui/Button.tsx:28:13)

    console.log
      [Button] Rendering with type: button

      at log (src/components/ui/Button.tsx:25:13)

    console.log
      [Button] Props received: {
        variant: 'primary',
        size: 'lg',
        type: 'button',
        loading: false,
        disabled: true
      }

      at log (src/components/ui/Button.tsx:26:13)

    console.log
      [Button] Has onClick in props: true

      at log (src/components/ui/Button.tsx:27:13)

    console.log
      [Button] All props: {
        onClick: [Function: handleNavigate],
        'aria-label': 'Navigate to selected form'
      }

      at log (src/components/ui/Button.tsx:28:13)

    console.log
      [Button] Rendering with type: button

      at log (src/components/ui/Button.tsx:25:13)

    console.log
      [Button] Props received: {
        variant: 'primary',
        size: 'lg',
        type: 'button',
        loading: false,
        disabled: false
      }

      at log (src/components/ui/Button.tsx:26:13)

    console.log
      [Button] Has onClick in props: true

      at log (src/components/ui/Button.tsx:27:13)

    console.log
      [Button] All props: {
        onClick: [Function: handleNavigate],
        'aria-label': 'Navigate to selected form'
      }

      at log (src/components/ui/Button.tsx:28:13)

    console.log
      [Button] Rendering with type: button

      at log (src/components/ui/Button.tsx:25:13)

    console.log
      [Button] Props received: {
        variant: 'primary',
        size: 'lg',
        type: 'button',
        loading: false,
        disabled: true
      }

      at log (src/components/ui/Button.tsx:26:13)

    console.log
      [Button] Has onClick in props: true

      at log (src/components/ui/Button.tsx:27:13)

    console.log
      [Button] All props: {
        onClick: [Function: handleNavigate],
        'aria-label': 'Navigate to selected form'
      }

      at log (src/components/ui/Button.tsx:28:13)

    console.log
      [Button] Rendering with type: button

      at log (src/components/ui/Button.tsx:25:13)

    console.log
      [Button] Props received: {
        variant: 'primary',
        size: 'lg',
        type: 'button',
        loading: false,
        disabled: false
      }

      at log (src/components/ui/Button.tsx:26:13)

    console.log
      [Button] Has onClick in props: true

      at log (src/components/ui/Button.tsx:27:13)

    console.log
      [Button] All props: {
        onClick: [Function: handleNavigate],
        'aria-label': 'Navigate to selected form'
      }

      at log (src/components/ui/Button.tsx:28:13)

    console.log
      [Button] Rendering with type: button

      at log (src/components/ui/Button.tsx:25:13)

    console.log
      [Button] Props received: {
        variant: 'primary',
        size: 'lg',
        type: 'button',
        loading: false,
        disabled: true
      }

      at log (src/components/ui/Button.tsx:26:13)

    console.log
      [Button] Has onClick in props: true

      at log (src/components/ui/Button.tsx:27:13)

    console.log
      [Button] All props: {
        onClick: [Function: handleNavigate],
        'aria-label': 'Navigate to selected form'
      }

      at log (src/components/ui/Button.tsx:28:13)

    console.log
      [Button] Rendering with type: button

      at log (src/components/ui/Button.tsx:25:13)

    console.log
      [Button] Props received: {
        variant: 'primary',
        size: 'lg',
        type: 'button',
        loading: false,
        disabled: false
      }

      at log (src/components/ui/Button.tsx:26:13)

    console.log
      [Button] Has onClick in props: true

      at log (src/components/ui/Button.tsx:27:13)

    console.log
      [Button] All props: {
        onClick: [Function: handleNavigate],
        'aria-label': 'Navigate to selected form'
      }

      at log (src/components/ui/Button.tsx:28:13)

    console.log
      [Button] Rendering with type: button

      at log (src/components/ui/Button.tsx:25:13)

    console.log
      [Button] Props received: {
        variant: 'primary',
        size: 'lg',
        type: 'button',
        loading: false,
        disabled: true
      }

      at log (src/components/ui/Button.tsx:26:13)

    console.log
      [Button] Has onClick in props: true

      at log (src/components/ui/Button.tsx:27:13)

    console.log
      [Button] All props: {
        onClick: [Function: handleNavigate],
        'aria-label': 'Navigate to selected form'
      }

      at log (src/components/ui/Button.tsx:28:13)

    console.log
      [Button] Rendering with type: button

      at log (src/components/ui/Button.tsx:25:13)

    console.log
      [Button] Props received: {
        variant: 'primary',
        size: 'lg',
        type: 'button',
        loading: false,
        disabled: false
      }

      at log (src/components/ui/Button.tsx:26:13)

    console.log
      [Button] Has onClick in props: true

      at log (src/components/ui/Button.tsx:27:13)

    console.log
      [Button] All props: {
        onClick: [Function: handleNavigate],
        'aria-label': 'Navigate to selected form'
      }

      at log (src/components/ui/Button.tsx:28:13)

    console.log
      [Button] Rendering with type: button

      at log (src/components/ui/Button.tsx:25:13)

    console.log
      [Button] Props received: {
        variant: 'primary',
        size: 'lg',
        type: 'button',
        loading: false,
        disabled: true
      }

      at log (src/components/ui/Button.tsx:26:13)

    console.log
      [Button] Has onClick in props: true

      at log (src/components/ui/Button.tsx:27:13)

    console.log
      [Button] All props: {
        onClick: [Function: handleNavigate],
        'aria-label': 'Navigate to selected form'
      }

      at log (src/components/ui/Button.tsx:28:13)

    console.log
      [Button] Rendering with type: button

      at log (src/components/ui/Button.tsx:25:13)

    console.log
      [Button] Props received: {
        variant: 'primary',
        size: 'lg',
        type: 'button',
        loading: false,
        disabled: false
      }

      at log (src/components/ui/Button.tsx:26:13)

    console.log
      [Button] Has onClick in props: true

      at log (src/components/ui/Button.tsx:27:13)

    console.log
      [Button] All props: {
        onClick: [Function: handleNavigate],
        'aria-label': 'Navigate to selected form'
      }

      at log (src/components/ui/Button.tsx:28:13)

    console.log
      [Button] Rendering with type: button

      at log (src/components/ui/Button.tsx:25:13)

    console.log
      [Button] Props received: {
        variant: 'primary',
        size: 'lg',
        type: 'button',
        loading: false,
        disabled: true
      }

      at log (src/components/ui/Button.tsx:26:13)

    console.log
      [Button] Has onClick in props: true

      at log (src/components/ui/Button.tsx:27:13)

    console.log
      [Button] All props: {
        onClick: [Function: handleNavigate],
        'aria-label': 'Navigate to selected form'
      }

      at log (src/components/ui/Button.tsx:28:13)

    console.log
      [Button] Rendering with type: button

      at log (src/components/ui/Button.tsx:25:13)

    console.log
      [Button] Props received: {
        variant: 'primary',
        size: 'lg',
        type: 'button',
        loading: false,
        disabled: false
      }

      at log (src/components/ui/Button.tsx:26:13)

    console.log
      [Button] Has onClick in props: true

      at log (src/components/ui/Button.tsx:27:13)

    console.log
      [Button] All props: {
        onClick: [Function: handleNavigate],
        'aria-label': 'Navigate to selected form'
      }

      at log (src/components/ui/Button.tsx:28:13)

    console.log
      [Button] Rendering with type: button

      at log (src/components/ui/Button.tsx:25:13)

    console.log
      [Button] Props received: {
        variant: 'primary',
        size: 'lg',
        type: 'button',
        loading: false,
        disabled: true
      }

      at log (src/components/ui/Button.tsx:26:13)

    console.log
      [Button] Has onClick in props: true

      at log (src/components/ui/Button.tsx:27:13)

    console.log
      [Button] All props: {
        onClick: [Function: handleNavigate],
        'aria-label': 'Navigate to selected form'
      }

      at log (src/components/ui/Button.tsx:28:13)

    console.log
      [Button] Rendering with type: button

      at log (src/components/ui/Button.tsx:25:13)

    console.log
      [Button] Props received: {
        variant: 'primary',
        size: 'lg',
        type: 'button',
        loading: false,
        disabled: false
      }

      at log (src/components/ui/Button.tsx:26:13)

    console.log
      [Button] Has onClick in props: true

      at log (src/components/ui/Button.tsx:27:13)

    console.log
      [Button] All props: {
        onClick: [Function: handleNavigate],
        'aria-label': 'Navigate to selected form'
      }

      at log (src/components/ui/Button.tsx:28:13)

    console.log
      [Button] Rendering with type: button

      at log (src/components/ui/Button.tsx:25:13)

    console.log
      [Button] Props received: {
        variant: 'primary',
        size: 'lg',
        type: 'button',
        loading: false,
        disabled: true
      }

      at log (src/components/ui/Button.tsx:26:13)

    console.log
      [Button] Has onClick in props: true

      at log (src/components/ui/Button.tsx:27:13)

    console.log
      [Button] All props: {
        onClick: [Function: handleNavigate],
        'aria-label': 'Navigate to selected form'
      }

      at log (src/components/ui/Button.tsx:28:13)

    console.log
      [Button] Rendering with type: button

      at log (src/components/ui/Button.tsx:25:13)

    console.log
      [Button] Props received: {
        variant: 'primary',
        size: 'lg',
        type: 'button',
        loading: false,
        disabled: false
      }

      at log (src/components/ui/Button.tsx:26:13)

    console.log
      [Button] Has onClick in props: true

      at log (src/components/ui/Button.tsx:27:13)

    console.log
      [Button] All props: {
        onClick: [Function: handleNavigate],
        'aria-label': 'Navigate to selected form'
      }

      at log (src/components/ui/Button.tsx:28:13)

    console.log
      [Button] Rendering with type: button

      at log (src/components/ui/Button.tsx:25:13)

    console.log
      [Button] Props received: {
        variant: 'primary',
        size: 'lg',
        type: 'button',
        loading: false,
        disabled: true
      }

      at log (src/components/ui/Button.tsx:26:13)

    console.log
      [Button] Has onClick in props: true

      at log (src/components/ui/Button.tsx:27:13)

    console.log
      [Button] All props: {
        onClick: [Function: handleNavigate],
        'aria-label': 'Navigate to selected form'
      }

      at log (src/components/ui/Button.tsx:28:13)

    console.log
      [Button] Rendering with type: button

      at log (src/components/ui/Button.tsx:25:13)

    console.log
      [Button] Props received: {
        variant: 'primary',
        size: 'lg',
        type: 'button',
        loading: false,
        disabled: false
      }

      at log (src/components/ui/Button.tsx:26:13)

    console.log
      [Button] Has onClick in props: true

      at log (src/components/ui/Button.tsx:27:13)

    console.log
      [Button] All props: {
        onClick: [Function: handleNavigate],
        'aria-label': 'Navigate to selected form'
      }

      at log (src/components/ui/Button.tsx:28:13)

    console.log
      [Button] Rendering with type: button

      at log (src/components/ui/Button.tsx:25:13)

    console.log
      [Button] Props received: {
        variant: 'primary',
        size: 'lg',
        type: 'button',
        loading: false,
        disabled: true
      }

      at log (src/components/ui/Button.tsx:26:13)

    console.log
      [Button] Has onClick in props: true

      at log (src/components/ui/Button.tsx:27:13)

    console.log
      [Button] All props: {
        onClick: [Function: handleNavigate],
        'aria-label': 'Navigate to selected form'
      }

      at log (src/components/ui/Button.tsx:28:13)

    console.log
      [Button] Rendering with type: button

      at log (src/components/ui/Button.tsx:25:13)

    console.log
      [Button] Props received: {
        variant: 'primary',
        size: 'lg',
        type: 'button',
        loading: false,
        disabled: false
      }

      at log (src/components/ui/Button.tsx:26:13)

    console.log
      [Button] Has onClick in props: true

      at log (src/components/ui/Button.tsx:27:13)

    console.log
      [Button] All props: {
        onClick: [Function: handleNavigate],
        'aria-label': 'Navigate to selected form'
      }

      at log (src/components/ui/Button.tsx:28:13)

    console.log
      [Button] Rendering with type: button

      at log (src/components/ui/Button.tsx:25:13)

    console.log
      [Button] Props received: {
        variant: 'primary',
        size: 'lg',
        type: 'button',
        loading: false,
        disabled: true
      }

      at log (src/components/ui/Button.tsx:26:13)

    console.log
      [Button] Has onClick in props: true

      at log (src/components/ui/Button.tsx:27:13)

    console.log
      [Button] All props: {
        onClick: [Function: handleNavigate],
        'aria-label': 'Navigate to selected form'
      }

      at log (src/components/ui/Button.tsx:28:13)

    console.log
      [Button] Rendering with type: button

      at log (src/components/ui/Button.tsx:25:13)

    console.log
      [Button] Props received: {
        variant: 'primary',
        size: 'lg',
        type: 'button',
        loading: false,
        disabled: false
      }

      at log (src/components/ui/Button.tsx:26:13)

    console.log
      [Button] Has onClick in props: true

      at log (src/components/ui/Button.tsx:27:13)

    console.log
      [Button] All props: {
        onClick: [Function: handleNavigate],
        'aria-label': 'Navigate to selected form'
      }

      at log (src/components/ui/Button.tsx:28:13)

    console.log
      [Button] Rendering with type: button

      at log (src/components/ui/Button.tsx:25:13)

    console.log
      [Button] Props received: {
        variant: 'primary',
        size: 'lg',
        type: 'button',
        loading: false,
        disabled: true
      }

      at log (src/components/ui/Button.tsx:26:13)

    console.log
      [Button] Has onClick in props: true

      at log (src/components/ui/Button.tsx:27:13)

    console.log
      [Button] All props: {
        onClick: [Function: handleNavigate],
        'aria-label': 'Navigate to selected form'
      }

      at log (src/components/ui/Button.tsx:28:13)

    console.log
      [Button] Rendering with type: button

      at log (src/components/ui/Button.tsx:25:13)

    console.log
      [Button] Props received: {
        variant: 'primary',
        size: 'lg',
        type: 'button',
        loading: false,
        disabled: false
      }

      at log (src/components/ui/Button.tsx:26:13)

    console.log
      [Button] Has onClick in props: true

      at log (src/components/ui/Button.tsx:27:13)

    console.log
      [Button] All props: {
        onClick: [Function: handleNavigate],
        'aria-label': 'Navigate to selected form'
      }

      at log (src/components/ui/Button.tsx:28:13)

    console.log
      [Button] Rendering with type: button

      at log (src/components/ui/Button.tsx:25:13)

    console.log
      [Button] Props received: {
        variant: 'primary',
        size: 'lg',
        type: 'button',
        loading: false,
        disabled: true
      }

      at log (src/components/ui/Button.tsx:26:13)

    console.log
      [Button] Has onClick in props: true

      at log (src/components/ui/Button.tsx:27:13)

    console.log
      [Button] All props: {
        onClick: [Function: handleNavigate],
        'aria-label': 'Navigate to selected form'
      }

      at log (src/components/ui/Button.tsx:28:13)

    console.log
      [Button] Rendering with type: button

      at log (src/components/ui/Button.tsx:25:13)

    console.log
      [Button] Props received: {
        variant: 'primary',
        size: 'lg',
        type: 'button',
        loading: false,
        disabled: false
      }

      at log (src/components/ui/Button.tsx:26:13)

    console.log
      [Button] Has onClick in props: true

      at log (src/components/ui/Button.tsx:27:13)

    console.log
      [Button] All props: {
        onClick: [Function: handleNavigate],
        'aria-label': 'Navigate to selected form'
      }

      at log (src/components/ui/Button.tsx:28:13)

    console.log
      [Button] Rendering with type: button

      at log (src/components/ui/Button.tsx:25:13)

    console.log
      [Button] Props received: {
        variant: 'primary',
        size: 'lg',
        type: 'button',
        loading: false,
        disabled: true
      }

      at log (src/components/ui/Button.tsx:26:13)

    console.log
      [Button] Has onClick in props: true

      at log (src/components/ui/Button.tsx:27:13)

    console.log
      [Button] All props: {
        onClick: [Function: handleNavigate],
        'aria-label': 'Navigate to selected form'
      }

      at log (src/components/ui/Button.tsx:28:13)

    console.log
      [Button] Rendering with type: button

      at log (src/components/ui/Button.tsx:25:13)

    console.log
      [Button] Props received: {
        variant: 'primary',
        size: 'lg',
        type: 'button',
        loading: false,
        disabled: false
      }

      at log (src/components/ui/Button.tsx:26:13)

    console.log
      [Button] Has onClick in props: true

      at log (src/components/ui/Button.tsx:27:13)

    console.log
      [Button] All props: {
        onClick: [Function: handleNavigate],
        'aria-label': 'Navigate to selected form'
      }

      at log (src/components/ui/Button.tsx:28:13)

    console.log
      [Button] Rendering with type: button

      at log (src/components/ui/Button.tsx:25:13)

    console.log
      [Button] Props received: {
        variant: 'primary',
        size: 'lg',
        type: 'button',
        loading: false,
        disabled: true
      }

      at log (src/components/ui/Button.tsx:26:13)

    console.log
      [Button] Has onClick in props: true

      at log (src/components/ui/Button.tsx:27:13)

    console.log
      [Button] All props: {
        onClick: [Function: handleNavigate],
        'aria-label': 'Navigate to selected form'
      }

      at log (src/components/ui/Button.tsx:28:13)

    console.log
      [Button] Rendering with type: button

      at log (src/components/ui/Button.tsx:25:13)

    console.log
      [Button] Props received: {
        variant: 'primary',
        size: 'lg',
        type: 'button',
        loading: false,
        disabled: false
      }

      at log (src/components/ui/Button.tsx:26:13)

    console.log
      [Button] Has onClick in props: true

      at log (src/components/ui/Button.tsx:27:13)

    console.log
      [Button] All props: {
        onClick: [Function: handleNavigate],
        'aria-label': 'Navigate to selected form'
      }

      at log (src/components/ui/Button.tsx:28:13)

    console.log
      [Button] Rendering with type: button

      at log (src/components/ui/Button.tsx:25:13)

    console.log
      [Button] Props received: {
        variant: 'primary',
        size: 'lg',
        type: 'button',
        loading: false,
        disabled: true
      }

      at log (src/components/ui/Button.tsx:26:13)

    console.log
      [Button] Has onClick in props: true

      at log (src/components/ui/Button.tsx:27:13)

    console.log
      [Button] All props: {
        onClick: [Function: handleNavigate],
        'aria-label': 'Navigate to selected form'
      }

      at log (src/components/ui/Button.tsx:28:13)

    console.log
      [Button] Rendering with type: button

      at log (src/components/ui/Button.tsx:25:13)

    console.log
      [Button] Props received: {
        variant: 'primary',
        size: 'lg',
        type: 'button',
        loading: false,
        disabled: false
      }

      at log (src/components/ui/Button.tsx:26:13)

    console.log
      [Button] Has onClick in props: true

      at log (src/components/ui/Button.tsx:27:13)

    console.log
      [Button] All props: {
        onClick: [Function: handleNavigate],
        'aria-label': 'Navigate to selected form'
      }

      at log (src/components/ui/Button.tsx:28:13)

    console.log
      [Button] Rendering with type: button

      at log (src/components/ui/Button.tsx:25:13)

    console.log
      [Button] Props received: {
        variant: 'primary',
        size: 'lg',
        type: 'button',
        loading: false,
        disabled: true
      }

      at log (src/components/ui/Button.tsx:26:13)

    console.log
      [Button] Has onClick in props: true

      at log (src/components/ui/Button.tsx:27:13)

    console.log
      [Button] All props: {
        onClick: [Function: handleNavigate],
        'aria-label': 'Navigate to selected form'
      }

      at log (src/components/ui/Button.tsx:28:13)

    console.log
      [Button] Rendering with type: button

      at log (src/components/ui/Button.tsx:25:13)

    console.log
      [Button] Props received: {
        variant: 'primary',
        size: 'lg',
        type: 'button',
        loading: false,
        disabled: false
      }

      at log (src/components/ui/Button.tsx:26:13)

    console.log
      [Button] Has onClick in props: true

      at log (src/components/ui/Button.tsx:27:13)

    console.log
      [Button] All props: {
        onClick: [Function: handleNavigate],
        'aria-label': 'Navigate to selected form'
      }

      at log (src/components/ui/Button.tsx:28:13)

    console.log
      [Button] Rendering with type: button

      at log (src/components/ui/Button.tsx:25:13)

    console.log
      [Button] Props received: {
        variant: 'primary',
        size: 'lg',
        type: 'button',
        loading: false,
        disabled: true
      }

      at log (src/components/ui/Button.tsx:26:13)

    console.log
      [Button] Has onClick in props: true

      at log (src/components/ui/Button.tsx:27:13)

    console.log
      [Button] All props: {
        onClick: [Function: handleNavigate],
        'aria-label': 'Navigate to selected form'
      }

      at log (src/components/ui/Button.tsx:28:13)

    console.log
      [Button] Rendering with type: button

      at log (src/components/ui/Button.tsx:25:13)

    console.log
      [Button] Props received: {
        variant: 'primary',
        size: 'lg',
        type: 'button',
        loading: false,
        disabled: false
      }

      at log (src/components/ui/Button.tsx:26:13)

    console.log
      [Button] Has onClick in props: true

      at log (src/components/ui/Button.tsx:27:13)

    console.log
      [Button] All props: {
        onClick: [Function: handleNavigate],
        'aria-label': 'Navigate to selected form'
      }

      at log (src/components/ui/Button.tsx:28:13)

    console.log
      [Button] Rendering with type: button

      at log (src/components/ui/Button.tsx:25:13)

    console.log
      [Button] Props received: {
        variant: 'primary',
        size: 'lg',
        type: 'button',
        loading: false,
        disabled: true
      }

      at log (src/components/ui/Button.tsx:26:13)

    console.log
      [Button] Has onClick in props: true

      at log (src/components/ui/Button.tsx:27:13)

    console.log
      [Button] All props: {
        onClick: [Function: handleNavigate],
        'aria-label': 'Navigate to selected form'
      }

      at log (src/components/ui/Button.tsx:28:13)

    console.log
      [Button] Rendering with type: button

      at log (src/components/ui/Button.tsx:25:13)

    console.log
      [Button] Props received: {
        variant: 'primary',
        size: 'lg',
        type: 'button',
        loading: false,
        disabled: false
      }

      at log (src/components/ui/Button.tsx:26:13)

    console.log
      [Button] Has onClick in props: true

      at log (src/components/ui/Button.tsx:27:13)

    console.log
      [Button] All props: {
        onClick: [Function: handleNavigate],
        'aria-label': 'Navigate to selected form'
      }

      at log (src/components/ui/Button.tsx:28:13)

    console.log
      [Button] Rendering with type: button

      at log (src/components/ui/Button.tsx:25:13)

    console.log
      [Button] Props received: {
        variant: 'primary',
        size: 'lg',
        type: 'button',
        loading: false,
        disabled: true
      }

      at log (src/components/ui/Button.tsx:26:13)

    console.log
      [Button] Has onClick in props: true

      at log (src/components/ui/Button.tsx:27:13)

    console.log
      [Button] All props: {
        onClick: [Function: handleNavigate],
        'aria-label': 'Navigate to selected form'
      }

      at log (src/components/ui/Button.tsx:28:13)

    console.log
      [Button] Rendering with type: button

      at log (src/components/ui/Button.tsx:25:13)

    console.log
      [Button] Props received: {
        variant: 'primary',
        size: 'lg',
        type: 'button',
        loading: false,
        disabled: false
      }

      at log (src/components/ui/Button.tsx:26:13)

    console.log
      [Button] Has onClick in props: true

      at log (src/components/ui/Button.tsx:27:13)

    console.log
      [Button] All props: {
        onClick: [Function: handleNavigate],
        'aria-label': 'Navigate to selected form'
      }

      at log (src/components/ui/Button.tsx:28:13)

    console.log
      [Button] Rendering with type: button

      at log (src/components/ui/Button.tsx:25:13)

    console.log
      [Button] Props received: {
        variant: 'primary',
        size: 'lg',
        type: 'button',
        loading: false,
        disabled: true
      }

      at log (src/components/ui/Button.tsx:26:13)

    console.log
      [Button] Has onClick in props: true

      at log (src/components/ui/Button.tsx:27:13)

    console.log
      [Button] All props: {
        onClick: [Function: handleNavigate],
        'aria-label': 'Navigate to selected form'
      }

      at log (src/components/ui/Button.tsx:28:13)

    console.log
      [Button] Rendering with type: button

      at log (src/components/ui/Button.tsx:25:13)

    console.log
      [Button] Props received: {
        variant: 'primary',
        size: 'lg',
        type: 'button',
        loading: false,
        disabled: false
      }

      at log (src/components/ui/Button.tsx:26:13)

    console.log
      [Button] Has onClick in props: true

      at log (src/components/ui/Button.tsx:27:13)

    console.log
      [Button] All props: {
        onClick: [Function: handleNavigate],
        'aria-label': 'Navigate to selected form'
      }

      at log (src/components/ui/Button.tsx:28:13)

    console.log
      [Button] Rendering with type: button

      at log (src/components/ui/Button.tsx:25:13)

    console.log
      [Button] Props received: {
        variant: 'primary',
        size: 'lg',
        type: 'button',
        loading: false,
        disabled: true
      }

      at log (src/components/ui/Button.tsx:26:13)

    console.log
      [Button] Has onClick in props: true

      at log (src/components/ui/Button.tsx:27:13)

    console.log
      [Button] All props: {
        onClick: [Function: handleNavigate],
        'aria-label': 'Navigate to selected form'
      }

      at log (src/components/ui/Button.tsx:28:13)

    console.log
      [Button] Rendering with type: button

      at log (src/components/ui/Button.tsx:25:13)

    console.log
      [Button] Props received: {
        variant: 'primary',
        size: 'lg',
        type: 'button',
        loading: false,
        disabled: false
      }

      at log (src/components/ui/Button.tsx:26:13)

    console.log
      [Button] Has onClick in props: true

      at log (src/components/ui/Button.tsx:27:13)

    console.log
      [Button] All props: {
        onClick: [Function: handleNavigate],
        'aria-label': 'Navigate to selected form'
      }

      at log (src/components/ui/Button.tsx:28:13)

    console.log
      [Button] Rendering with type: button

      at log (src/components/ui/Button.tsx:25:13)

    console.log
      [Button] Props received: {
        variant: 'primary',
        size: 'lg',
        type: 'button',
        loading: false,
        disabled: true
      }

      at log (src/components/ui/Button.tsx:26:13)

    console.log
      [Button] Has onClick in props: true

      at log (src/components/ui/Button.tsx:27:13)

    console.log
      [Button] All props: {
        onClick: [Function: handleNavigate],
        'aria-label': 'Navigate to selected form'
      }

      at log (src/components/ui/Button.tsx:28:13)

    console.log
      [Button] Rendering with type: button

      at log (src/components/ui/Button.tsx:25:13)

    console.log
      [Button] Props received: {
        variant: 'primary',
        size: 'lg',
        type: 'button',
        loading: false,
        disabled: false
      }

      at log (src/components/ui/Button.tsx:26:13)

    console.log
      [Button] Has onClick in props: true

      at log (src/components/ui/Button.tsx:27:13)

    console.log
      [Button] All props: {
        onClick: [Function: handleNavigate],
        'aria-label': 'Navigate to selected form'
      }

      at log (src/components/ui/Button.tsx:28:13)

    console.log
      [Button] Rendering with type: button

      at log (src/components/ui/Button.tsx:25:13)

    console.log
      [Button] Props received: {
        variant: 'primary',
        size: 'lg',
        type: 'button',
        loading: false,
        disabled: true
      }

      at log (src/components/ui/Button.tsx:26:13)

    console.log
      [Button] Has onClick in props: true

      at log (src/components/ui/Button.tsx:27:13)

    console.log
      [Button] All props: {
        onClick: [Function: handleNavigate],
        'aria-label': 'Navigate to selected form'
      }

      at log (src/components/ui/Button.tsx:28:13)

    console.log
      [Button] Rendering with type: button

      at log (src/components/ui/Button.tsx:25:13)

    console.log
      [Button] Props received: {
        variant: 'primary',
        size: 'lg',
        type: 'button',
        loading: false,
        disabled: false
      }

      at log (src/components/ui/Button.tsx:26:13)

    console.log
      [Button] Has onClick in props: true

      at log (src/components/ui/Button.tsx:27:13)

    console.log
      [Button] All props: {
        onClick: [Function: handleNavigate],
        'aria-label': 'Navigate to selected form'
      }

      at log (src/components/ui/Button.tsx:28:13)

    console.log
      [Button] Rendering with type: button

      at log (src/components/ui/Button.tsx:25:13)

    console.log
      [Button] Props received: {
        variant: 'primary',
        size: 'lg',
        type: 'button',
        loading: false,
        disabled: true
      }

      at log (src/components/ui/Button.tsx:26:13)

    console.log
      [Button] Has onClick in props: true

      at log (src/components/ui/Button.tsx:27:13)

    console.log
      [Button] All props: {
        onClick: [Function: handleNavigate],
        'aria-label': 'Navigate to selected form'
      }

      at log (src/components/ui/Button.tsx:28:13)

    console.log
      [Button] Rendering with type: button

      at log (src/components/ui/Button.tsx:25:13)

    console.log
      [Button] Props received: {
        variant: 'primary',
        size: 'lg',
        type: 'button',
        loading: false,
        disabled: false
      }

      at log (src/components/ui/Button.tsx:26:13)

    console.log
      [Button] Has onClick in props: true

      at log (src/components/ui/Button.tsx:27:13)

    console.log
      [Button] All props: {
        onClick: [Function: handleNavigate],
        'aria-label': 'Navigate to selected form'
      }

      at log (src/components/ui/Button.tsx:28:13)

    console.log
      [Button] Rendering with type: button

      at log (src/components/ui/Button.tsx:25:13)

    console.log
      [Button] Props received: {
        variant: 'primary',
        size: 'lg',
        type: 'button',
        loading: false,
        disabled: true
      }

      at log (src/components/ui/Button.tsx:26:13)

    console.log
      [Button] Has onClick in props: true

      at log (src/components/ui/Button.tsx:27:13)

    console.log
      [Button] All props: {
        onClick: [Function: handleNavigate],
        'aria-label': 'Navigate to selected form'
      }

      at log (src/components/ui/Button.tsx:28:13)

    console.log
      [Button] Rendering with type: button

      at log (src/components/ui/Button.tsx:25:13)

    console.log
      [Button] Props received: {
        variant: 'primary',
        size: 'lg',
        type: 'button',
        loading: false,
        disabled: false
      }

      at log (src/components/ui/Button.tsx:26:13)

    console.log
      [Button] Has onClick in props: true

      at log (src/components/ui/Button.tsx:27:13)

    console.log
      [Button] All props: {
        onClick: [Function: handleNavigate],
        'aria-label': 'Navigate to selected form'
      }

      at log (src/components/ui/Button.tsx:28:13)

    console.log
      [Button] Rendering with type: button

      at log (src/components/ui/Button.tsx:25:13)

    console.log
      [Button] Props received: {
        variant: 'primary',
        size: 'lg',
        type: 'button',
        loading: false,
        disabled: true
      }

      at log (src/components/ui/Button.tsx:26:13)

    console.log
      [Button] Has onClick in props: true

      at log (src/components/ui/Button.tsx:27:13)

    console.log
      [Button] All props: {
        onClick: [Function: handleNavigate],
        'aria-label': 'Navigate to selected form'
      }

      at log (src/components/ui/Button.tsx:28:13)

    console.log
      [Button] Rendering with type: button

      at log (src/components/ui/Button.tsx:25:13)

    console.log
      [Button] Props received: {
        variant: 'primary',
        size: 'lg',
        type: 'button',
        loading: false,
        disabled: false
      }

      at log (src/components/ui/Button.tsx:26:13)

    console.log
      [Button] Has onClick in props: true

      at log (src/components/ui/Button.tsx:27:13)

    console.log
      [Button] All props: {
        onClick: [Function: handleNavigate],
        'aria-label': 'Navigate to selected form'
      }

      at log (src/components/ui/Button.tsx:28:13)

    console.log
      [Button] Rendering with type: button

      at log (src/components/ui/Button.tsx:25:13)

    console.log
      [Button] Props received: {
        variant: 'primary',
        size: 'lg',
        type: 'button',
        loading: false,
        disabled: true
      }

      at log (src/components/ui/Button.tsx:26:13)

    console.log
      [Button] Has onClick in props: true

      at log (src/components/ui/Button.tsx:27:13)

    console.log
      [Button] All props: {
        onClick: [Function: handleNavigate],
        'aria-label': 'Navigate to selected form'
      }

      at log (src/components/ui/Button.tsx:28:13)

    console.log
      [Button] Rendering with type: button

      at log (src/components/ui/Button.tsx:25:13)

    console.log
      [Button] Props received: {
        variant: 'primary',
        size: 'lg',
        type: 'button',
        loading: false,
        disabled: false
      }

      at log (src/components/ui/Button.tsx:26:13)

    console.log
      [Button] Has onClick in props: true

      at log (src/components/ui/Button.tsx:27:13)

    console.log
      [Button] All props: {
        onClick: [Function: handleNavigate],
        'aria-label': 'Navigate to selected form'
      }

      at log (src/components/ui/Button.tsx:28:13)

    console.log
      [Button] Rendering with type: button

      at log (src/components/ui/Button.tsx:25:13)

    console.log
      [Button] Props received: {
        variant: 'primary',
        size: 'lg',
        type: 'button',
        loading: false,
        disabled: true
      }

      at log (src/components/ui/Button.tsx:26:13)

    console.log
      [Button] Has onClick in props: true

      at log (src/components/ui/Button.tsx:27:13)

    console.log
      [Button] All props: {
        onClick: [Function: handleNavigate],
        'aria-label': 'Navigate to selected form'
      }

      at log (src/components/ui/Button.tsx:28:13)

    console.log
      [Button] Rendering with type: button

      at log (src/components/ui/Button.tsx:25:13)

    console.log
      [Button] Props received: {
        variant: 'primary',
        size: 'lg',
        type: 'button',
        loading: false,
        disabled: false
      }

      at log (src/components/ui/Button.tsx:26:13)

    console.log
      [Button] Has onClick in props: true

      at log (src/components/ui/Button.tsx:27:13)

    console.log
      [Button] All props: {
        onClick: [Function: handleNavigate],
        'aria-label': 'Navigate to selected form'
      }

      at log (src/components/ui/Button.tsx:28:13)

    console.log
      [Button] Rendering with type: button

      at log (src/components/ui/Button.tsx:25:13)

    console.log
      [Button] Props received: {
        variant: 'primary',
        size: 'lg',
        type: 'button',
        loading: false,
        disabled: true
      }

      at log (src/components/ui/Button.tsx:26:13)

    console.log
      [Button] Has onClick in props: true

      at log (src/components/ui/Button.tsx:27:13)

    console.log
      [Button] All props: {
        onClick: [Function: handleNavigate],
        'aria-label': 'Navigate to selected form'
      }

      at log (src/components/ui/Button.tsx:28:13)

    console.log
      [Button] Rendering with type: button

      at log (src/components/ui/Button.tsx:25:13)

    console.log
      [Button] Props received: {
        variant: 'primary',
        size: 'lg',
        type: 'button',
        loading: false,
        disabled: false
      }

      at log (src/components/ui/Button.tsx:26:13)

    console.log
      [Button] Has onClick in props: true

      at log (src/components/ui/Button.tsx:27:13)

    console.log
      [Button] All props: {
        onClick: [Function: handleNavigate],
        'aria-label': 'Navigate to selected form'
      }

      at log (src/components/ui/Button.tsx:28:13)

    console.log
      [Button] Rendering with type: button

      at log (src/components/ui/Button.tsx:25:13)

    console.log
      [Button] Props received: {
        variant: 'primary',
        size: 'lg',
        type: 'button',
        loading: false,
        disabled: true
      }

      at log (src/components/ui/Button.tsx:26:13)

    console.log
      [Button] Has onClick in props: true

      at log (src/components/ui/Button.tsx:27:13)

    console.log
      [Button] All props: {
        onClick: [Function: handleNavigate],
        'aria-label': 'Navigate to selected form'
      }

      at log (src/components/ui/Button.tsx:28:13)

    console.log
      [Button] Rendering with type: button

      at log (src/components/ui/Button.tsx:25:13)

    console.log
      [Button] Props received: {
        variant: 'primary',
        size: 'lg',
        type: 'button',
        loading: false,
        disabled: false
      }

      at log (src/components/ui/Button.tsx:26:13)

    console.log
      [Button] Has onClick in props: true

      at log (src/components/ui/Button.tsx:27:13)

    console.log
      [Button] All props: {
        onClick: [Function: handleNavigate],
        'aria-label': 'Navigate to selected form'
      }

      at log (src/components/ui/Button.tsx:28:13)

    console.log
      [Button] Rendering with type: button

      at log (src/components/ui/Button.tsx:25:13)

    console.log
      [Button] Props received: {
        variant: 'primary',
        size: 'lg',
        type: 'button',
        loading: false,
        disabled: true
      }

      at log (src/components/ui/Button.tsx:26:13)

    console.log
      [Button] Has onClick in props: true

      at log (src/components/ui/Button.tsx:27:13)

    console.log
      [Button] All props: {
        onClick: [Function: handleNavigate],
        'aria-label': 'Navigate to selected form'
      }

      at log (src/components/ui/Button.tsx:28:13)

    console.log
      [Button] Rendering with type: button

      at log (src/components/ui/Button.tsx:25:13)

    console.log
      [Button] Props received: {
        variant: 'primary',
        size: 'lg',
        type: 'button',
        loading: false,
        disabled: false
      }

      at log (src/components/ui/Button.tsx:26:13)

    console.log
      [Button] Has onClick in props: true

      at log (src/components/ui/Button.tsx:27:13)

    console.log
      [Button] All props: {
        onClick: [Function: handleNavigate],
        'aria-label': 'Navigate to selected form'
      }

      at log (src/components/ui/Button.tsx:28:13)

    console.log
      [Button] Rendering with type: button

      at log (src/components/ui/Button.tsx:25:13)

    console.log
      [Button] Props received: {
        variant: 'primary',
        size: 'lg',
        type: 'button',
        loading: false,
        disabled: true
      }

      at log (src/components/ui/Button.tsx:26:13)

    console.log
      [Button] Has onClick in props: true

      at log (src/components/ui/Button.tsx:27:13)

    console.log
      [Button] All props: {
        onClick: [Function: handleNavigate],
        'aria-label': 'Navigate to selected form'
      }

      at log (src/components/ui/Button.tsx:28:13)

    console.log
      [Button] Rendering with type: button

      at log (src/components/ui/Button.tsx:25:13)

    console.log
      [Button] Props received: {
        variant: 'primary',
        size: 'lg',
        type: 'button',
        loading: false,
        disabled: false
      }

      at log (src/components/ui/Button.tsx:26:13)

    console.log
      [Button] Has onClick in props: true

      at log (src/components/ui/Button.tsx:27:13)

    console.log
      [Button] All props: {
        onClick: [Function: handleNavigate],
        'aria-label': 'Navigate to selected form'
      }

      at log (src/components/ui/Button.tsx:28:13)

    console.log
      [Button] Rendering with type: button

      at log (src/components/ui/Button.tsx:25:13)

    console.log
      [Button] Props received: {
        variant: 'primary',
        size: 'lg',
        type: 'button',
        loading: false,
        disabled: true
      }

      at log (src/components/ui/Button.tsx:26:13)

    console.log
      [Button] Has onClick in props: true

      at log (src/components/ui/Button.tsx:27:13)

    console.log
      [Button] All props: {
        onClick: [Function: handleNavigate],
        'aria-label': 'Navigate to selected form'
      }

      at log (src/components/ui/Button.tsx:28:13)

    console.log
      [Button] Rendering with type: button

      at log (src/components/ui/Button.tsx:25:13)

    console.log
      [Button] Props received: {
        variant: 'primary',
        size: 'lg',
        type: 'button',
        loading: false,
        disabled: false
      }

      at log (src/components/ui/Button.tsx:26:13)

    console.log
      [Button] Has onClick in props: true

      at log (src/components/ui/Button.tsx:27:13)

    console.log
      [Button] All props: {
        onClick: [Function: handleNavigate],
        'aria-label': 'Navigate to selected form'
      }

      at log (src/components/ui/Button.tsx:28:13)

    console.log
      [Button] Rendering with type: button

      at log (src/components/ui/Button.tsx:25:13)

    console.log
      [Button] Props received: {
        variant: 'primary',
        size: 'lg',
        type: 'button',
        loading: false,
        disabled: true
      }

      at log (src/components/ui/Button.tsx:26:13)

    console.log
      [Button] Has onClick in props: true

      at log (src/components/ui/Button.tsx:27:13)

    console.log
      [Button] All props: {
        onClick: [Function: handleNavigate],
        'aria-label': 'Navigate to selected form'
      }

      at log (src/components/ui/Button.tsx:28:13)

    console.log
      [Button] Rendering with type: button

      at log (src/components/ui/Button.tsx:25:13)

    console.log
      [Button] Props received: {
        variant: 'primary',
        size: 'lg',
        type: 'button',
        loading: false,
        disabled: false
      }

      at log (src/components/ui/Button.tsx:26:13)

    console.log
      [Button] Has onClick in props: true

      at log (src/components/ui/Button.tsx:27:13)

    console.log
      [Button] All props: {
        onClick: [Function: handleNavigate],
        'aria-label': 'Navigate to selected form'
      }

      at log (src/components/ui/Button.tsx:28:13)

    console.log
      [Button] Rendering with type: button

      at log (src/components/ui/Button.tsx:25:13)

    console.log
      [Button] Props received: {
        variant: 'primary',
        size: 'lg',
        type: 'button',
        loading: false,
        disabled: true
      }

      at log (src/components/ui/Button.tsx:26:13)

    console.log
      [Button] Has onClick in props: true

      at log (src/components/ui/Button.tsx:27:13)

    console.log
      [Button] All props: {
        onClick: [Function: handleNavigate],
        'aria-label': 'Navigate to selected form'
      }

      at log (src/components/ui/Button.tsx:28:13)

    console.log
      [Button] Rendering with type: button

      at log (src/components/ui/Button.tsx:25:13)

    console.log
      [Button] Props received: {
        variant: 'primary',
        size: 'lg',
        type: 'button',
        loading: false,
        disabled: false
      }

      at log (src/components/ui/Button.tsx:26:13)

    console.log
      [Button] Has onClick in props: true

      at log (src/components/ui/Button.tsx:27:13)

    console.log
      [Button] All props: {
        onClick: [Function: handleNavigate],
        'aria-label': 'Navigate to selected form'
      }

      at log (src/components/ui/Button.tsx:28:13)

    console.log
      [Button] Rendering with type: button

      at log (src/components/ui/Button.tsx:25:13)

    console.log
      [Button] Props received: {
        variant: 'primary',
        size: 'lg',
        type: 'button',
        loading: false,
        disabled: true
      }

      at log (src/components/ui/Button.tsx:26:13)

    console.log
      [Button] Has onClick in props: true

      at log (src/components/ui/Button.tsx:27:13)

    console.log
      [Button] All props: {
        onClick: [Function: handleNavigate],
        'aria-label': 'Navigate to selected form'
      }

      at log (src/components/ui/Button.tsx:28:13)

    console.log
      [Button] Rendering with type: button

      at log (src/components/ui/Button.tsx:25:13)

    console.log
      [Button] Props received: {
        variant: 'primary',
        size: 'lg',
        type: 'button',
        loading: false,
        disabled: false
      }

      at log (src/components/ui/Button.tsx:26:13)

    console.log
      [Button] Has onClick in props: true

      at log (src/components/ui/Button.tsx:27:13)

    console.log
      [Button] All props: {
        onClick: [Function: handleNavigate],
        'aria-label': 'Navigate to selected form'
      }

      at log (src/components/ui/Button.tsx:28:13)

    console.log
      [Button] Rendering with type: button

      at log (src/components/ui/Button.tsx:25:13)

    console.log
      [Button] Props received: {
        variant: 'primary',
        size: 'lg',
        type: 'button',
        loading: false,
        disabled: true
      }

      at log (src/components/ui/Button.tsx:26:13)

    console.log
      [Button] Has onClick in props: true

      at log (src/components/ui/Button.tsx:27:13)

    console.log
      [Button] All props: {
        onClick: [Function: handleNavigate],
        'aria-label': 'Navigate to selected form'
      }

      at log (src/components/ui/Button.tsx:28:13)

    console.log
      [Button] Rendering with type: button

      at log (src/components/ui/Button.tsx:25:13)

    console.log
      [Button] Props received: {
        variant: 'primary',
        size: 'lg',
        type: 'button',
        loading: false,
        disabled: false
      }

      at log (src/components/ui/Button.tsx:26:13)

    console.log
      [Button] Has onClick in props: true

      at log (src/components/ui/Button.tsx:27:13)

    console.log
      [Button] All props: {
        onClick: [Function: handleNavigate],
        'aria-label': 'Navigate to selected form'
      }

      at log (src/components/ui/Button.tsx:28:13)

    console.log
      [Button] Rendering with type: button

      at log (src/components/ui/Button.tsx:25:13)

    console.log
      [Button] Props received: {
        variant: 'primary',
        size: 'lg',
        type: 'button',
        loading: false,
        disabled: true
      }

      at log (src/components/ui/Button.tsx:26:13)

    console.log
      [Button] Has onClick in props: true

      at log (src/components/ui/Button.tsx:27:13)

    console.log
      [Button] All props: {
        onClick: [Function: handleNavigate],
        'aria-label': 'Navigate to selected form'
      }

      at log (src/components/ui/Button.tsx:28:13)

    console.log
      [Button] Rendering with type: button

      at log (src/components/ui/Button.tsx:25:13)

    console.log
      [Button] Props received: {
        variant: 'primary',
        size: 'lg',
        type: 'button',
        loading: false,
        disabled: false
      }

      at log (src/components/ui/Button.tsx:26:13)

    console.log
      [Button] Has onClick in props: true

      at log (src/components/ui/Button.tsx:27:13)

    console.log
      [Button] All props: {
        onClick: [Function: handleNavigate],
        'aria-label': 'Navigate to selected form'
      }

      at log (src/components/ui/Button.tsx:28:13)

    console.log
      [Button] Rendering with type: button

      at log (src/components/ui/Button.tsx:25:13)

    console.log
      [Button] Props received: {
        variant: 'primary',
        size: 'lg',
        type: 'button',
        loading: false,
        disabled: true
      }

      at log (src/components/ui/Button.tsx:26:13)

    console.log
      [Button] Has onClick in props: true

      at log (src/components/ui/Button.tsx:27:13)

    console.log
      [Button] All props: {
        onClick: [Function: handleNavigate],
        'aria-label': 'Navigate to selected form'
      }

      at log (src/components/ui/Button.tsx:28:13)

    console.log
      [Button] Rendering with type: button

      at log (src/components/ui/Button.tsx:25:13)

    console.log
      [Button] Props received: {
        variant: 'primary',
        size: 'lg',
        type: 'button',
        loading: false,
        disabled: false
      }

      at log (src/components/ui/Button.tsx:26:13)

    console.log
      [Button] Has onClick in props: true

      at log (src/components/ui/Button.tsx:27:13)

    console.log
      [Button] All props: {
        onClick: [Function: handleNavigate],
        'aria-label': 'Navigate to selected form'
      }

      at log (src/components/ui/Button.tsx:28:13)

    console.log
      [Button] Rendering with type: button

      at log (src/components/ui/Button.tsx:25:13)

    console.log
      [Button] Props received: {
        variant: 'primary',
        size: 'lg',
        type: 'button',
        loading: false,
        disabled: true
      }

      at log (src/components/ui/Button.tsx:26:13)

    console.log
      [Button] Has onClick in props: true

      at log (src/components/ui/Button.tsx:27:13)

    console.log
      [Button] All props: {
        onClick: [Function: handleNavigate],
        'aria-label': 'Navigate to selected form'
      }

      at log (src/components/ui/Button.tsx:28:13)

    console.log
      [Button] Rendering with type: button

      at log (src/components/ui/Button.tsx:25:13)

    console.log
      [Button] Props received: {
        variant: 'primary',
        size: 'lg',
        type: 'button',
        loading: false,
        disabled: false
      }

      at log (src/components/ui/Button.tsx:26:13)

    console.log
      [Button] Has onClick in props: true

      at log (src/components/ui/Button.tsx:27:13)

    console.log
      [Button] All props: {
        onClick: [Function: handleNavigate],
        'aria-label': 'Navigate to selected form'
      }

      at log (src/components/ui/Button.tsx:28:13)

    console.log
      [Button] Rendering with type: button

      at log (src/components/ui/Button.tsx:25:13)

    console.log
      [Button] Props received: {
        variant: 'primary',
        size: 'lg',
        type: 'button',
        loading: false,
        disabled: true
      }

      at log (src/components/ui/Button.tsx:26:13)

    console.log
      [Button] Has onClick in props: true

      at log (src/components/ui/Button.tsx:27:13)

    console.log
      [Button] All props: {
        onClick: [Function: handleNavigate],
        'aria-label': 'Navigate to selected form'
      }

      at log (src/components/ui/Button.tsx:28:13)

    console.log
      [Button] Rendering with type: button

      at log (src/components/ui/Button.tsx:25:13)

    console.log
      [Button] Props received: {
        variant: 'primary',
        size: 'lg',
        type: 'button',
        loading: false,
        disabled: false
      }

      at log (src/components/ui/Button.tsx:26:13)

    console.log
      [Button] Has onClick in props: true

      at log (src/components/ui/Button.tsx:27:13)

    console.log
      [Button] All props: {
        onClick: [Function: handleNavigate],
        'aria-label': 'Navigate to selected form'
      }

      at log (src/components/ui/Button.tsx:28:13)

    console.log
      [Button] Rendering with type: button

      at log (src/components/ui/Button.tsx:25:13)

    console.log
      [Button] Props received: {
        variant: 'primary',
        size: 'lg',
        type: 'button',
        loading: false,
        disabled: true
      }

      at log (src/components/ui/Button.tsx:26:13)

    console.log
      [Button] Has onClick in props: true

      at log (src/components/ui/Button.tsx:27:13)

    console.log
      [Button] All props: {
        onClick: [Function: handleNavigate],
        'aria-label': 'Navigate to selected form'
      }

      at log (src/components/ui/Button.tsx:28:13)

    console.log
      [Button] Rendering with type: button

      at log (src/components/ui/Button.tsx:25:13)

    console.log
      [Button] Props received: {
        variant: 'primary',
        size: 'lg',
        type: 'button',
        loading: false,
        disabled: false
      }

      at log (src/components/ui/Button.tsx:26:13)

    console.log
      [Button] Has onClick in props: true

      at log (src/components/ui/Button.tsx:27:13)

    console.log
      [Button] All props: {
        onClick: [Function: handleNavigate],
        'aria-label': 'Navigate to selected form'
      }

      at log (src/components/ui/Button.tsx:28:13)

    console.log
      [Button] Rendering with type: button

      at log (src/components/ui/Button.tsx:25:13)

    console.log
      [Button] Props received: {
        variant: 'primary',
        size: 'lg',
        type: 'button',
        loading: false,
        disabled: true
      }

      at log (src/components/ui/Button.tsx:26:13)

    console.log
      [Button] Has onClick in props: true

      at log (src/components/ui/Button.tsx:27:13)

    console.log
      [Button] All props: {
        onClick: [Function: handleNavigate],
        'aria-label': 'Navigate to selected form'
      }

      at log (src/components/ui/Button.tsx:28:13)

    console.log
      [Button] Rendering with type: button

      at log (src/components/ui/Button.tsx:25:13)

    console.log
      [Button] Props received: {
        variant: 'primary',
        size: 'lg',
        type: 'button',
        loading: false,
        disabled: false
      }

      at log (src/components/ui/Button.tsx:26:13)

    console.log
      [Button] Has onClick in props: true

      at log (src/components/ui/Button.tsx:27:13)

    console.log
      [Button] All props: {
        onClick: [Function: handleNavigate],
        'aria-label': 'Navigate to selected form'
      }

      at log (src/components/ui/Button.tsx:28:13)

    console.log
      [Button] Rendering with type: button

      at log (src/components/ui/Button.tsx:25:13)

    console.log
      [Button] Props received: {
        variant: 'primary',
        size: 'lg',
        type: 'button',
        loading: false,
        disabled: true
      }

      at log (src/components/ui/Button.tsx:26:13)

    console.log
      [Button] Has onClick in props: true

      at log (src/components/ui/Button.tsx:27:13)

    console.log
      [Button] All props: {
        onClick: [Function: handleNavigate],
        'aria-label': 'Navigate to selected form'
      }

      at log (src/components/ui/Button.tsx:28:13)

    console.log
      [Button] Rendering with type: button

      at log (src/components/ui/Button.tsx:25:13)

    console.log
      [Button] Props received: {
        variant: 'primary',
        size: 'lg',
        type: 'button',
        loading: false,
        disabled: false
      }

      at log (src/components/ui/Button.tsx:26:13)

    console.log
      [Button] Has onClick in props: true

      at log (src/components/ui/Button.tsx:27:13)

    console.log
      [Button] All props: {
        onClick: [Function: handleNavigate],
        'aria-label': 'Navigate to selected form'
      }

      at log (src/components/ui/Button.tsx:28:13)

    console.log
      [Button] Rendering with type: button

      at log (src/components/ui/Button.tsx:25:13)

    console.log
      [Button] Props received: {
        variant: 'primary',
        size: 'lg',
        type: 'button',
        loading: false,
        disabled: true
      }

      at log (src/components/ui/Button.tsx:26:13)

    console.log
      [Button] Has onClick in props: true

      at log (src/components/ui/Button.tsx:27:13)

    console.log
      [Button] All props: {
        onClick: [Function: handleNavigate],
        'aria-label': 'Navigate to selected form'
      }

      at log (src/components/ui/Button.tsx:28:13)

    console.log
      [Button] Rendering with type: button

      at log (src/components/ui/Button.tsx:25:13)

    console.log
      [Button] Props received: {
        variant: 'primary',
        size: 'lg',
        type: 'button',
        loading: false,
        disabled: false
      }

      at log (src/components/ui/Button.tsx:26:13)

    console.log
      [Button] Has onClick in props: true

      at log (src/components/ui/Button.tsx:27:13)

    console.log
      [Button] All props: {
        onClick: [Function: handleNavigate],
        'aria-label': 'Navigate to selected form'
      }

      at log (src/components/ui/Button.tsx:28:13)

    console.log
      [Button] Rendering with type: button

      at log (src/components/ui/Button.tsx:25:13)

    console.log
      [Button] Props received: {
        variant: 'primary',
        size: 'lg',
        type: 'button',
        loading: false,
        disabled: true
      }

      at log (src/components/ui/Button.tsx:26:13)

    console.log
      [Button] Has onClick in props: true

      at log (src/components/ui/Button.tsx:27:13)

    console.log
      [Button] All props: {
        onClick: [Function: handleNavigate],
        'aria-label': 'Navigate to selected form'
      }

      at log (src/components/ui/Button.tsx:28:13)

    console.log
      [Button] Rendering with type: button

      at log (src/components/ui/Button.tsx:25:13)

    console.log
      [Button] Props received: {
        variant: 'primary',
        size: 'lg',
        type: 'button',
        loading: false,
        disabled: false
      }

      at log (src/components/ui/Button.tsx:26:13)

    console.log
      [Button] Has onClick in props: true

      at log (src/components/ui/Button.tsx:27:13)

    console.log
      [Button] All props: {
        onClick: [Function: handleNavigate],
        'aria-label': 'Navigate to selected form'
      }

      at log (src/components/ui/Button.tsx:28:13)

    console.log
      [Button] Rendering with type: button

      at log (src/components/ui/Button.tsx:25:13)

    console.log
      [Button] Props received: {
        variant: 'primary',
        size: 'lg',
        type: 'button',
        loading: false,
        disabled: true
      }

      at log (src/components/ui/Button.tsx:26:13)

    console.log
      [Button] Has onClick in props: true

      at log (src/components/ui/Button.tsx:27:13)

    console.log
      [Button] All props: {
        onClick: [Function: handleNavigate],
        'aria-label': 'Navigate to selected form'
      }

      at log (src/components/ui/Button.tsx:28:13)

    console.log
      [Button] Rendering with type: button

      at log (src/components/ui/Button.tsx:25:13)

    console.log
      [Button] Props received: {
        variant: 'primary',
        size: 'lg',
        type: 'button',
        loading: false,
        disabled: false
      }

      at log (src/components/ui/Button.tsx:26:13)

    console.log
      [Button] Has onClick in props: true

      at log (src/components/ui/Button.tsx:27:13)

    console.log
      [Button] All props: {
        onClick: [Function: handleNavigate],
        'aria-label': 'Navigate to selected form'
      }

      at log (src/components/ui/Button.tsx:28:13)

    console.log
      [Button] Rendering with type: button

      at log (src/components/ui/Button.tsx:25:13)

    console.log
      [Button] Props received: {
        variant: 'primary',
        size: 'lg',
        type: 'button',
        loading: false,
        disabled: true
      }

      at log (src/components/ui/Button.tsx:26:13)

    console.log
      [Button] Has onClick in props: true

      at log (src/components/ui/Button.tsx:27:13)

    console.log
      [Button] All props: {
        onClick: [Function: handleNavigate],
        'aria-label': 'Navigate to selected form'
      }

      at log (src/components/ui/Button.tsx:28:13)

    console.log
      [Button] Rendering with type: button

      at log (src/components/ui/Button.tsx:25:13)

    console.log
      [Button] Props received: {
        variant: 'primary',
        size: 'lg',
        type: 'button',
        loading: false,
        disabled: false
      }

      at log (src/components/ui/Button.tsx:26:13)

    console.log
      [Button] Has onClick in props: true

      at log (src/components/ui/Button.tsx:27:13)

    console.log
      [Button] All props: {
        onClick: [Function: handleNavigate],
        'aria-label': 'Navigate to selected form'
      }

      at log (src/components/ui/Button.tsx:28:13)

    console.log
      [Button] Rendering with type: button

      at log (src/components/ui/Button.tsx:25:13)

    console.log
      [Button] Props received: {
        variant: 'primary',
        size: 'lg',
        type: 'button',
        loading: false,
        disabled: true
      }

      at log (src/components/ui/Button.tsx:26:13)

    console.log
      [Button] Has onClick in props: true

      at log (src/components/ui/Button.tsx:27:13)

    console.log
      [Button] All props: {
        onClick: [Function: handleNavigate],
        'aria-label': 'Navigate to selected form'
      }

      at log (src/components/ui/Button.tsx:28:13)

    console.log
      [Button] Rendering with type: button

      at log (src/components/ui/Button.tsx:25:13)

    console.log
      [Button] Props received: {
        variant: 'primary',
        size: 'lg',
        type: 'button',
        loading: false,
        disabled: false
      }

      at log (src/components/ui/Button.tsx:26:13)

    console.log
      [Button] Has onClick in props: true

      at log (src/components/ui/Button.tsx:27:13)

    console.log
      [Button] All props: {
        onClick: [Function: handleNavigate],
        'aria-label': 'Navigate to selected form'
      }

      at log (src/components/ui/Button.tsx:28:13)

    console.log
      [Button] Rendering with type: button

      at log (src/components/ui/Button.tsx:25:13)

    console.log
      [Button] Props received: {
        variant: 'primary',
        size: 'lg',
        type: 'button',
        loading: false,
        disabled: true
      }

      at log (src/components/ui/Button.tsx:26:13)

    console.log
      [Button] Has onClick in props: true

      at log (src/components/ui/Button.tsx:27:13)

    console.log
      [Button] All props: {
        onClick: [Function: handleNavigate],
        'aria-label': 'Navigate to selected form'
      }

      at log (src/components/ui/Button.tsx:28:13)

    console.log
      [Button] Rendering with type: button

      at log (src/components/ui/Button.tsx:25:13)

    console.log
      [Button] Props received: {
        variant: 'primary',
        size: 'lg',
        type: 'button',
        loading: false,
        disabled: false
      }

      at log (src/components/ui/Button.tsx:26:13)

    console.log
      [Button] Has onClick in props: true

      at log (src/components/ui/Button.tsx:27:13)

    console.log
      [Button] All props: {
        onClick: [Function: handleNavigate],
        'aria-label': 'Navigate to selected form'
      }

      at log (src/components/ui/Button.tsx:28:13)

    console.log
      [Button] Rendering with type: button

      at log (src/components/ui/Button.tsx:25:13)

    console.log
      [Button] Props received: {
        variant: 'primary',
        size: 'lg',
        type: 'button',
        loading: false,
        disabled: true
      }

      at log (src/components/ui/Button.tsx:26:13)

    console.log
      [Button] Has onClick in props: true

      at log (src/components/ui/Button.tsx:27:13)

    console.log
      [Button] All props: {
        onClick: [Function: handleNavigate],
        'aria-label': 'Navigate to selected form'
      }

      at log (src/components/ui/Button.tsx:28:13)

    console.log
      [Button] Rendering with type: button

      at log (src/components/ui/Button.tsx:25:13)

    console.log
      [Button] Props received: {
        variant: 'primary',
        size: 'lg',
        type: 'button',
        loading: false,
        disabled: false
      }

      at log (src/components/ui/Button.tsx:26:13)

    console.log
      [Button] Has onClick in props: true

      at log (src/components/ui/Button.tsx:27:13)

    console.log
      [Button] All props: {
        onClick: [Function: handleNavigate],
        'aria-label': 'Navigate to selected form'
      }

      at log (src/components/ui/Button.tsx:28:13)

    console.log
      [Button] Rendering with type: button

      at log (src/components/ui/Button.tsx:25:13)

    console.log
      [Button] Props received: {
        variant: 'primary',
        size: 'lg',
        type: 'button',
        loading: false,
        disabled: true
      }

      at log (src/components/ui/Button.tsx:26:13)

    console.log
      [Button] Has onClick in props: true

      at log (src/components/ui/Button.tsx:27:13)

    console.log
      [Button] All props: {
        onClick: [Function: handleNavigate],
        'aria-label': 'Navigate to selected form'
      }

      at log (src/components/ui/Button.tsx:28:13)

    console.log
      [Button] Rendering with type: button

      at log (src/components/ui/Button.tsx:25:13)

    console.log
      [Button] Props received: {
        variant: 'primary',
        size: 'lg',
        type: 'button',
        loading: false,
        disabled: false
      }

      at log (src/components/ui/Button.tsx:26:13)

    console.log
      [Button] Has onClick in props: true

      at log (src/components/ui/Button.tsx:27:13)

    console.log
      [Button] All props: {
        onClick: [Function: handleNavigate],
        'aria-label': 'Navigate to selected form'
      }

      at log (src/components/ui/Button.tsx:28:13)

    console.log
      [Button] Rendering with type: button

      at log (src/components/ui/Button.tsx:25:13)

    console.log
      [Button] Props received: {
        variant: 'primary',
        size: 'lg',
        type: 'button',
        loading: false,
        disabled: true
      }

      at log (src/components/ui/Button.tsx:26:13)

    console.log
      [Button] Has onClick in props: true

      at log (src/components/ui/Button.tsx:27:13)

    console.log
      [Button] All props: {
        onClick: [Function: handleNavigate],
        'aria-label': 'Navigate to selected form'
      }

      at log (src/components/ui/Button.tsx:28:13)

    console.log
      [Button] Rendering with type: button

      at log (src/components/ui/Button.tsx:25:13)

    console.log
      [Button] Props received: {
        variant: 'primary',
        size: 'lg',
        type: 'button',
        loading: false,
        disabled: false
      }

      at log (src/components/ui/Button.tsx:26:13)

    console.log
      [Button] Has onClick in props: true

      at log (src/components/ui/Button.tsx:27:13)

    console.log
      [Button] All props: {
        onClick: [Function: handleNavigate],
        'aria-label': 'Navigate to selected form'
      }

      at log (src/components/ui/Button.tsx:28:13)

    console.log
      [Button] Rendering with type: button

      at log (src/components/ui/Button.tsx:25:13)

    console.log
      [Button] Props received: {
        variant: 'primary',
        size: 'lg',
        type: 'button',
        loading: false,
        disabled: true
      }

      at log (src/components/ui/Button.tsx:26:13)

    console.log
      [Button] Has onClick in props: true

      at log (src/components/ui/Button.tsx:27:13)

    console.log
      [Button] All props: {
        onClick: [Function: handleNavigate],
        'aria-label': 'Navigate to selected form'
      }

      at log (src/components/ui/Button.tsx:28:13)

    console.log
      [Button] Rendering with type: button

      at log (src/components/ui/Button.tsx:25:13)

    console.log
      [Button] Props received: {
        variant: 'primary',
        size: 'lg',
        type: 'button',
        loading: false,
        disabled: false
      }

      at log (src/components/ui/Button.tsx:26:13)

    console.log
      [Button] Has onClick in props: true

      at log (src/components/ui/Button.tsx:27:13)

    console.log
      [Button] All props: {
        onClick: [Function: handleNavigate],
        'aria-label': 'Navigate to selected form'
      }

      at log (src/components/ui/Button.tsx:28:13)

    console.log
      [Button] Rendering with type: button

      at log (src/components/ui/Button.tsx:25:13)

    console.log
      [Button] Props received: {
        variant: 'primary',
        size: 'lg',
        type: 'button',
        loading: false,
        disabled: true
      }

      at log (src/components/ui/Button.tsx:26:13)

    console.log
      [Button] Has onClick in props: true

      at log (src/components/ui/Button.tsx:27:13)

    console.log
      [Button] All props: {
        onClick: [Function: handleNavigate],
        'aria-label': 'Navigate to selected form'
      }

      at log (src/components/ui/Button.tsx:28:13)

    console.log
      [Button] Rendering with type: button

      at log (src/components/ui/Button.tsx:25:13)

    console.log
      [Button] Props received: {
        variant: 'primary',
        size: 'lg',
        type: 'button',
        loading: false,
        disabled: false
      }

      at log (src/components/ui/Button.tsx:26:13)

    console.log
      [Button] Has onClick in props: true

      at log (src/components/ui/Button.tsx:27:13)

    console.log
      [Button] All props: {
        onClick: [Function: handleNavigate],
        'aria-label': 'Navigate to selected form'
      }

      at log (src/components/ui/Button.tsx:28:13)

    console.log
      [Button] Rendering with type: button

      at log (src/components/ui/Button.tsx:25:13)

    console.log
      [Button] Props received: {
        variant: 'primary',
        size: 'lg',
        type: 'button',
        loading: false,
        disabled: true
      }

      at log (src/components/ui/Button.tsx:26:13)

    console.log
      [Button] Has onClick in props: true

      at log (src/components/ui/Button.tsx:27:13)

    console.log
      [Button] All props: {
        onClick: [Function: handleNavigate],
        'aria-label': 'Navigate to selected form'
      }

      at log (src/components/ui/Button.tsx:28:13)

    console.log
      [Button] Rendering with type: button

      at log (src/components/ui/Button.tsx:25:13)

    console.log
      [Button] Props received: {
        variant: 'primary',
        size: 'lg',
        type: 'button',
        loading: false,
        disabled: false
      }

      at log (src/components/ui/Button.tsx:26:13)

    console.log
      [Button] Has onClick in props: true

      at log (src/components/ui/Button.tsx:27:13)

    console.log
      [Button] All props: {
        onClick: [Function: handleNavigate],
        'aria-label': 'Navigate to selected form'
      }

      at log (src/components/ui/Button.tsx:28:13)

    console.log
      [Button] Rendering with type: button

      at log (src/components/ui/Button.tsx:25:13)

    console.log
      [Button] Props received: {
        variant: 'primary',
        size: 'lg',
        type: 'button',
        loading: false,
        disabled: true
      }

      at log (src/components/ui/Button.tsx:26:13)

    console.log
      [Button] Has onClick in props: true

      at log (src/components/ui/Button.tsx:27:13)

    console.log
      [Button] All props: {
        onClick: [Function: handleNavigate],
        'aria-label': 'Navigate to selected form'
      }

      at log (src/components/ui/Button.tsx:28:13)

    console.log
      [Button] Rendering with type: button

      at log (src/components/ui/Button.tsx:25:13)

    console.log
      [Button] Props received: {
        variant: 'primary',
        size: 'lg',
        type: 'button',
        loading: false,
        disabled: false
      }

      at log (src/components/ui/Button.tsx:26:13)

    console.log
      [Button] Has onClick in props: true

      at log (src/components/ui/Button.tsx:27:13)

    console.log
      [Button] All props: {
        onClick: [Function: handleNavigate],
        'aria-label': 'Navigate to selected form'
      }

      at log (src/components/ui/Button.tsx:28:13)

    console.log
      [Button] Rendering with type: button

      at log (src/components/ui/Button.tsx:25:13)

    console.log
      [Button] Props received: {
        variant: 'primary',
        size: 'lg',
        type: 'button',
        loading: false,
        disabled: true
      }

      at log (src/components/ui/Button.tsx:26:13)

    console.log
      [Button] Has onClick in props: true

      at log (src/components/ui/Button.tsx:27:13)

    console.log
      [Button] All props: {
        onClick: [Function: handleNavigate],
        'aria-label': 'Navigate to selected form'
      }

      at log (src/components/ui/Button.tsx:28:13)

    console.log
      [Button] Rendering with type: button

      at log (src/components/ui/Button.tsx:25:13)

    console.log
      [Button] Props received: {
        variant: 'primary',
        size: 'lg',
        type: 'button',
        loading: false,
        disabled: false
      }

      at log (src/components/ui/Button.tsx:26:13)

    console.log
      [Button] Has onClick in props: true

      at log (src/components/ui/Button.tsx:27:13)

    console.log
      [Button] All props: {
        onClick: [Function: handleNavigate],
        'aria-label': 'Navigate to selected form'
      }

      at log (src/components/ui/Button.tsx:28:13)

    console.log
      [Button] Rendering with type: button

      at log (src/components/ui/Button.tsx:25:13)

    console.log
      [Button] Props received: {
        variant: 'primary',
        size: 'lg',
        type: 'button',
        loading: false,
        disabled: true
      }

      at log (src/components/ui/Button.tsx:26:13)

    console.log
      [Button] Has onClick in props: true

      at log (src/components/ui/Button.tsx:27:13)

    console.log
      [Button] All props: {
        onClick: [Function: handleNavigate],
        'aria-label': 'Navigate to selected form'
      }

      at log (src/components/ui/Button.tsx:28:13)

    console.log
      [Button] Rendering with type: button

      at log (src/components/ui/Button.tsx:25:13)

    console.log
      [Button] Props received: {
        variant: 'primary',
        size: 'lg',
        type: 'button',
        loading: false,
        disabled: false
      }

      at log (src/components/ui/Button.tsx:26:13)

    console.log
      [Button] Has onClick in props: true

      at log (src/components/ui/Button.tsx:27:13)

    console.log
      [Button] All props: {
        onClick: [Function: handleNavigate],
        'aria-label': 'Navigate to selected form'
      }

      at log (src/components/ui/Button.tsx:28:13)

    console.log
      [Button] Rendering with type: button

      at log (src/components/ui/Button.tsx:25:13)

    console.log
      [Button] Props received: {
        variant: 'primary',
        size: 'lg',
        type: 'button',
        loading: false,
        disabled: true
      }

      at log (src/components/ui/Button.tsx:26:13)

    console.log
      [Button] Has onClick in props: true

      at log (src/components/ui/Button.tsx:27:13)

    console.log
      [Button] All props: {
        onClick: [Function: handleNavigate],
        'aria-label': 'Navigate to selected form'
      }

      at log (src/components/ui/Button.tsx:28:13)

    console.log
      [Button] Rendering with type: button

      at log (src/components/ui/Button.tsx:25:13)

    console.log
      [Button] Props received: {
        variant: 'primary',
        size: 'lg',
        type: 'button',
        loading: false,
        disabled: false
      }

      at log (src/components/ui/Button.tsx:26:13)

    console.log
      [Button] Has onClick in props: true

      at log (src/components/ui/Button.tsx:27:13)

    console.log
      [Button] All props: {
        onClick: [Function: handleNavigate],
        'aria-label': 'Navigate to selected form'
      }

      at log (src/components/ui/Button.tsx:28:13)

    console.log
      [Button] Rendering with type: button

      at log (src/components/ui/Button.tsx:25:13)

    console.log
      [Button] Props received: {
        variant: 'primary',
        size: 'lg',
        type: 'button',
        loading: false,
        disabled: true
      }

      at log (src/components/ui/Button.tsx:26:13)

    console.log
      [Button] Has onClick in props: true

      at log (src/components/ui/Button.tsx:27:13)

    console.log
      [Button] All props: {
        onClick: [Function: handleNavigate],
        'aria-label': 'Navigate to selected form'
      }

      at log (src/components/ui/Button.tsx:28:13)

    console.log
      [Button] Rendering with type: button

      at log (src/components/ui/Button.tsx:25:13)

    console.log
      [Button] Props received: {
        variant: 'primary',
        size: 'lg',
        type: 'button',
        loading: false,
        disabled: false
      }

      at log (src/components/ui/Button.tsx:26:13)

    console.log
      [Button] Has onClick in props: true

      at log (src/components/ui/Button.tsx:27:13)

    console.log
      [Button] All props: {
        onClick: [Function: handleNavigate],
        'aria-label': 'Navigate to selected form'
      }

      at log (src/components/ui/Button.tsx:28:13)

    console.log
      [Button] Rendering with type: button

      at log (src/components/ui/Button.tsx:25:13)

    console.log
      [Button] Props received: {
        variant: 'primary',
        size: 'lg',
        type: 'button',
        loading: false,
        disabled: true
      }

      at log (src/components/ui/Button.tsx:26:13)

    console.log
      [Button] Has onClick in props: true

      at log (src/components/ui/Button.tsx:27:13)

    console.log
      [Button] All props: {
        onClick: [Function: handleNavigate],
        'aria-label': 'Navigate to selected form'
      }

      at log (src/components/ui/Button.tsx:28:13)

    console.log
      [Button] Rendering with type: button

      at log (src/components/ui/Button.tsx:25:13)

    console.log
      [Button] Props received: {
        variant: 'primary',
        size: 'lg',
        type: 'button',
        loading: false,
        disabled: false
      }

      at log (src/components/ui/Button.tsx:26:13)

    console.log
      [Button] Has onClick in props: true

      at log (src/components/ui/Button.tsx:27:13)

    console.log
      [Button] All props: {
        onClick: [Function: handleNavigate],
        'aria-label': 'Navigate to selected form'
      }

      at log (src/components/ui/Button.tsx:28:13)

    console.log
      [Button] Rendering with type: button

      at log (src/components/ui/Button.tsx:25:13)

    console.log
      [Button] Props received: {
        variant: 'primary',
        size: 'lg',
        type: 'button',
        loading: false,
        disabled: true
      }

      at log (src/components/ui/Button.tsx:26:13)

    console.log
      [Button] Has onClick in props: true

      at log (src/components/ui/Button.tsx:27:13)

    console.log
      [Button] All props: {
        onClick: [Function: handleNavigate],
        'aria-label': 'Navigate to selected form'
      }

      at log (src/components/ui/Button.tsx:28:13)

    console.log
      [Button] Rendering with type: button

      at log (src/components/ui/Button.tsx:25:13)

    console.log
      [Button] Props received: {
        variant: 'primary',
        size: 'lg',
        type: 'button',
        loading: false,
        disabled: false
      }

      at log (src/components/ui/Button.tsx:26:13)

    console.log
      [Button] Has onClick in props: true

      at log (src/components/ui/Button.tsx:27:13)

    console.log
      [Button] All props: {
        onClick: [Function: handleNavigate],
        'aria-label': 'Navigate to selected form'
      }

      at log (src/components/ui/Button.tsx:28:13)

    console.log
      [Button] Rendering with type: button

      at log (src/components/ui/Button.tsx:25:13)

    console.log
      [Button] Props received: {
        variant: 'primary',
        size: 'lg',
        type: 'button',
        loading: false,
        disabled: true
      }

      at log (src/components/ui/Button.tsx:26:13)

    console.log
      [Button] Has onClick in props: true

      at log (src/components/ui/Button.tsx:27:13)

    console.log
      [Button] All props: {
        onClick: [Function: handleNavigate],
        'aria-label': 'Navigate to selected form'
      }

      at log (src/components/ui/Button.tsx:28:13)

    console.log
      [Button] Rendering with type: button

      at log (src/components/ui/Button.tsx:25:13)

    console.log
      [Button] Props received: {
        variant: 'primary',
        size: 'lg',
        type: 'button',
        loading: false,
        disabled: false
      }

      at log (src/components/ui/Button.tsx:26:13)

    console.log
      [Button] Has onClick in props: true

      at log (src/components/ui/Button.tsx:27:13)

    console.log
      [Button] All props: {
        onClick: [Function: handleNavigate],
        'aria-label': 'Navigate to selected form'
      }

      at log (src/components/ui/Button.tsx:28:13)

    console.log
      [Button] Rendering with type: button

      at log (src/components/ui/Button.tsx:25:13)

    console.log
      [Button] Props received: {
        variant: 'primary',
        size: 'lg',
        type: 'button',
        loading: false,
        disabled: true
      }

      at log (src/components/ui/Button.tsx:26:13)

    console.log
      [Button] Has onClick in props: true

      at log (src/components/ui/Button.tsx:27:13)

    console.log
      [Button] All props: {
        onClick: [Function: handleNavigate],
        'aria-label': 'Navigate to selected form'
      }

      at log (src/components/ui/Button.tsx:28:13)

    console.log
      [Button] Rendering with type: button

      at log (src/components/ui/Button.tsx:25:13)

    console.log
      [Button] Props received: {
        variant: 'primary',
        size: 'lg',
        type: 'button',
        loading: false,
        disabled: false
      }

      at log (src/components/ui/Button.tsx:26:13)

    console.log
      [Button] Has onClick in props: true

      at log (src/components/ui/Button.tsx:27:13)

    console.log
      [Button] All props: {
        onClick: [Function: handleNavigate],
        'aria-label': 'Navigate to selected form'
      }

      at log (src/components/ui/Button.tsx:28:13)

    console.log
      [Button] Rendering with type: button

      at log (src/components/ui/Button.tsx:25:13)

    console.log
      [Button] Props received: {
        variant: 'primary',
        size: 'lg',
        type: 'button',
        loading: false,
        disabled: true
      }

      at log (src/components/ui/Button.tsx:26:13)

    console.log
      [Button] Has onClick in props: true

      at log (src/components/ui/Button.tsx:27:13)

    console.log
      [Button] All props: {
        onClick: [Function: handleNavigate],
        'aria-label': 'Navigate to selected form'
      }

      at log (src/components/ui/Button.tsx:28:13)

    console.log
      [Button] Rendering with type: button

      at log (src/components/ui/Button.tsx:25:13)

    console.log
      [Button] Props received: {
        variant: 'primary',
        size: 'lg',
        type: 'button',
        loading: false,
        disabled: false
      }

      at log (src/components/ui/Button.tsx:26:13)

    console.log
      [Button] Has onClick in props: true

      at log (src/components/ui/Button.tsx:27:13)

    console.log
      [Button] All props: {
        onClick: [Function: handleNavigate],
        'aria-label': 'Navigate to selected form'
      }

      at log (src/components/ui/Button.tsx:28:13)

    console.log
      [Button] Rendering with type: button

      at log (src/components/ui/Button.tsx:25:13)

    console.log
      [Button] Props received: {
        variant: 'primary',
        size: 'lg',
        type: 'button',
        loading: false,
        disabled: true
      }

      at log (src/components/ui/Button.tsx:26:13)

    console.log
      [Button] Has onClick in props: true

      at log (src/components/ui/Button.tsx:27:13)

    console.log
      [Button] All props: {
        onClick: [Function: handleNavigate],
        'aria-label': 'Navigate to selected form'
      }

      at log (src/components/ui/Button.tsx:28:13)

    console.log
      [Button] Rendering with type: button

      at log (src/components/ui/Button.tsx:25:13)

    console.log
      [Button] Props received: {
        variant: 'primary',
        size: 'lg',
        type: 'button',
        loading: false,
        disabled: false
      }

      at log (src/components/ui/Button.tsx:26:13)

    console.log
      [Button] Has onClick in props: true

      at log (src/components/ui/Button.tsx:27:13)

    console.log
      [Button] All props: {
        onClick: [Function: handleNavigate],
        'aria-label': 'Navigate to selected form'
      }

      at log (src/components/ui/Button.tsx:28:13)

    console.log
      [Button] Rendering with type: button

      at log (src/components/ui/Button.tsx:25:13)

    console.log
      [Button] Props received: {
        variant: 'primary',
        size: 'lg',
        type: 'button',
        loading: false,
        disabled: true
      }

      at log (src/components/ui/Button.tsx:26:13)

    console.log
      [Button] Has onClick in props: true

      at log (src/components/ui/Button.tsx:27:13)

    console.log
      [Button] All props: {
        onClick: [Function: handleNavigate],
        'aria-label': 'Navigate to selected form'
      }

      at log (src/components/ui/Button.tsx:28:13)

    console.log
      [Button] Rendering with type: button

      at log (src/components/ui/Button.tsx:25:13)

    console.log
      [Button] Props received: {
        variant: 'primary',
        size: 'lg',
        type: 'button',
        loading: false,
        disabled: false
      }

      at log (src/components/ui/Button.tsx:26:13)

    console.log
      [Button] Has onClick in props: true

      at log (src/components/ui/Button.tsx:27:13)

    console.log
      [Button] All props: {
        onClick: [Function: handleNavigate],
        'aria-label': 'Navigate to selected form'
      }

      at log (src/components/ui/Button.tsx:28:13)

    console.log
      [Button] Rendering with type: button

      at log (src/components/ui/Button.tsx:25:13)

    console.log
      [Button] Props received: {
        variant: 'primary',
        size: 'lg',
        type: 'button',
        loading: false,
        disabled: true
      }

      at log (src/components/ui/Button.tsx:26:13)

    console.log
      [Button] Has onClick in props: true

      at log (src/components/ui/Button.tsx:27:13)

    console.log
      [Button] All props: {
        onClick: [Function: handleNavigate],
        'aria-label': 'Navigate to selected form'
      }

      at log (src/components/ui/Button.tsx:28:13)

    console.log
      [Button] Rendering with type: button

      at log (src/components/ui/Button.tsx:25:13)

    console.log
      [Button] Props received: {
        variant: 'primary',
        size: 'lg',
        type: 'button',
        loading: false,
        disabled: false
      }

      at log (src/components/ui/Button.tsx:26:13)

    console.log
      [Button] Has onClick in props: true

      at log (src/components/ui/Button.tsx:27:13)

    console.log
      [Button] All props: {
        onClick: [Function: handleNavigate],
        'aria-label': 'Navigate to selected form'
      }

      at log (src/components/ui/Button.tsx:28:13)

    console.log
      [Button] Rendering with type: button

      at log (src/components/ui/Button.tsx:25:13)

    console.log
      [Button] Props received: {
        variant: 'primary',
        size: 'lg',
        type: 'button',
        loading: false,
        disabled: true
      }

      at log (src/components/ui/Button.tsx:26:13)

    console.log
      [Button] Has onClick in props: true

      at log (src/components/ui/Button.tsx:27:13)

    console.log
      [Button] All props: {
        onClick: [Function: handleNavigate],
        'aria-label': 'Navigate to selected form'
      }

      at log (src/components/ui/Button.tsx:28:13)

    console.log
      [Button] Rendering with type: button

      at log (src/components/ui/Button.tsx:25:13)

    console.log
      [Button] Props received: {
        variant: 'primary',
        size: 'lg',
        type: 'button',
        loading: false,
        disabled: false
      }

      at log (src/components/ui/Button.tsx:26:13)

    console.log
      [Button] Has onClick in props: true

      at log (src/components/ui/Button.tsx:27:13)

    console.log
      [Button] All props: {
        onClick: [Function: handleNavigate],
        'aria-label': 'Navigate to selected form'
      }

      at log (src/components/ui/Button.tsx:28:13)

    console.log
      [Button] Rendering with type: button

      at log (src/components/ui/Button.tsx:25:13)

    console.log
      [Button] Props received: {
        variant: 'primary',
        size: 'lg',
        type: 'button',
        loading: false,
        disabled: true
      }

      at log (src/components/ui/Button.tsx:26:13)

    console.log
      [Button] Has onClick in props: true

      at log (src/components/ui/Button.tsx:27:13)

    console.log
      [Button] All props: {
        onClick: [Function: handleNavigate],
        'aria-label': 'Navigate to selected form'
      }

      at log (src/components/ui/Button.tsx:28:13)

    console.log
      [Button] Rendering with type: button

      at log (src/components/ui/Button.tsx:25:13)

    console.log
      [Button] Props received: {
        variant: 'primary',
        size: 'lg',
        type: 'button',
        loading: false,
        disabled: false
      }

      at log (src/components/ui/Button.tsx:26:13)

    console.log
      [Button] Has onClick in props: true

      at log (src/components/ui/Button.tsx:27:13)

    console.log
      [Button] All props: {
        onClick: [Function: handleNavigate],
        'aria-label': 'Navigate to selected form'
      }

      at log (src/components/ui/Button.tsx:28:13)

    console.log
      [Button] Rendering with type: button

      at log (src/components/ui/Button.tsx:25:13)

    console.log
      [Button] Props received: {
        variant: 'primary',
        size: 'lg',
        type: 'button',
        loading: false,
        disabled: true
      }

      at log (src/components/ui/Button.tsx:26:13)

    console.log
      [Button] Has onClick in props: true

      at log (src/components/ui/Button.tsx:27:13)

    console.log
      [Button] All props: {
        onClick: [Function: handleNavigate],
        'aria-label': 'Navigate to selected form'
      }

      at log (src/components/ui/Button.tsx:28:13)

    console.log
      [Button] Rendering with type: button

      at log (src/components/ui/Button.tsx:25:13)

    console.log
      [Button] Props received: {
        variant: 'primary',
        size: 'lg',
        type: 'button',
        loading: false,
        disabled: false
      }

      at log (src/components/ui/Button.tsx:26:13)

    console.log
      [Button] Has onClick in props: true

      at log (src/components/ui/Button.tsx:27:13)

    console.log
      [Button] All props: {
        onClick: [Function: handleNavigate],
        'aria-label': 'Navigate to selected form'
      }

      at log (src/components/ui/Button.tsx:28:13)

    console.log
      [Button] Rendering with type: button

      at log (src/components/ui/Button.tsx:25:13)

    console.log
      [Button] Props received: {
        variant: 'primary',
        size: 'lg',
        type: 'button',
        loading: false,
        disabled: true
      }

      at log (src/components/ui/Button.tsx:26:13)

    console.log
      [Button] Has onClick in props: true

      at log (src/components/ui/Button.tsx:27:13)

    console.log
      [Button] All props: {
        onClick: [Function: handleNavigate],
        'aria-label': 'Navigate to selected form'
      }

      at log (src/components/ui/Button.tsx:28:13)

    console.log
      [Button] Rendering with type: button

      at log (src/components/ui/Button.tsx:25:13)

    console.log
      [Button] Props received: {
        variant: 'primary',
        size: 'lg',
        type: 'button',
        loading: false,
        disabled: false
      }

      at log (src/components/ui/Button.tsx:26:13)

    console.log
      [Button] Has onClick in props: true

      at log (src/components/ui/Button.tsx:27:13)

    console.log
      [Button] All props: {
        onClick: [Function: handleNavigate],
        'aria-label': 'Navigate to selected form'
      }

      at log (src/components/ui/Button.tsx:28:13)

    console.log
      [Button] Rendering with type: button

      at log (src/components/ui/Button.tsx:25:13)

    console.log
      [Button] Props received: {
        variant: 'primary',
        size: 'lg',
        type: 'button',
        loading: false,
        disabled: true
      }

      at log (src/components/ui/Button.tsx:26:13)

    console.log
      [Button] Has onClick in props: true

      at log (src/components/ui/Button.tsx:27:13)

    console.log
      [Button] All props: {
        onClick: [Function: handleNavigate],
        'aria-label': 'Navigate to selected form'
      }

      at log (src/components/ui/Button.tsx:28:13)

    console.log
      [Button] Rendering with type: button

      at log (src/components/ui/Button.tsx:25:13)

    console.log
      [Button] Props received: {
        variant: 'primary',
        size: 'lg',
        type: 'button',
        loading: false,
        disabled: false
      }

      at log (src/components/ui/Button.tsx:26:13)

    console.log
      [Button] Has onClick in props: true

      at log (src/components/ui/Button.tsx:27:13)

    console.log
      [Button] All props: {
        onClick: [Function: handleNavigate],
        'aria-label': 'Navigate to selected form'
      }

      at log (src/components/ui/Button.tsx:28:13)

    console.log
      [Button] Rendering with type: button

      at log (src/components/ui/Button.tsx:25:13)

    console.log
      [Button] Props received: {
        variant: 'primary',
        size: 'lg',
        type: 'button',
        loading: false,
        disabled: true
      }

      at log (src/components/ui/Button.tsx:26:13)

    console.log
      [Button] Has onClick in props: true

      at log (src/components/ui/Button.tsx:27:13)

    console.log
      [Button] All props: {
        onClick: [Function: handleNavigate],
        'aria-label': 'Navigate to selected form'
      }

      at log (src/components/ui/Button.tsx:28:13)

    console.log
      [Button] Rendering with type: button

      at log (src/components/ui/Button.tsx:25:13)

    console.log
      [Button] Props received: {
        variant: 'primary',
        size: 'lg',
        type: 'button',
        loading: false,
        disabled: false
      }

      at log (src/components/ui/Button.tsx:26:13)

    console.log
      [Button] Has onClick in props: true

      at log (src/components/ui/Button.tsx:27:13)

    console.log
      [Button] All props: {
        onClick: [Function: handleNavigate],
        'aria-label': 'Navigate to selected form'
      }

      at log (src/components/ui/Button.tsx:28:13)

    console.log
      [Button] Rendering with type: button

      at log (src/components/ui/Button.tsx:25:13)

    console.log
      [Button] Props received: {
        variant: 'primary',
        size: 'lg',
        type: 'button',
        loading: false,
        disabled: true
      }

      at log (src/components/ui/Button.tsx:26:13)

    console.log
      [Button] Has onClick in props: true

      at log (src/components/ui/Button.tsx:27:13)

    console.log
      [Button] All props: {
        onClick: [Function: handleNavigate],
        'aria-label': 'Navigate to selected form'
      }

      at log (src/components/ui/Button.tsx:28:13)

    console.log
      [Button] Rendering with type: button

      at log (src/components/ui/Button.tsx:25:13)

    console.log
      [Button] Props received: {
        variant: 'primary',
        size: 'lg',
        type: 'button',
        loading: false,
        disabled: false
      }

      at log (src/components/ui/Button.tsx:26:13)

    console.log
      [Button] Has onClick in props: true

      at log (src/components/ui/Button.tsx:27:13)

    console.log
      [Button] All props: {
        onClick: [Function: handleNavigate],
        'aria-label': 'Navigate to selected form'
      }

      at log (src/components/ui/Button.tsx:28:13)

    console.log
      [Button] Rendering with type: button

      at log (src/components/ui/Button.tsx:25:13)

    console.log
      [Button] Props received: {
        variant: 'primary',
        size: 'lg',
        type: 'button',
        loading: false,
        disabled: true
      }

      at log (src/components/ui/Button.tsx:26:13)

    console.log
      [Button] Has onClick in props: true

      at log (src/components/ui/Button.tsx:27:13)

    console.log
      [Button] All props: {
        onClick: [Function: handleNavigate],
        'aria-label': 'Navigate to selected form'
      }

      at log (src/components/ui/Button.tsx:28:13)

    console.log
      [Button] Rendering with type: button

      at log (src/components/ui/Button.tsx:25:13)

    console.log
      [Button] Props received: {
        variant: 'primary',
        size: 'lg',
        type: 'button',
        loading: false,
        disabled: false
      }

      at log (src/components/ui/Button.tsx:26:13)

    console.log
      [Button] Has onClick in props: true

      at log (src/components/ui/Button.tsx:27:13)

    console.log
      [Button] All props: {
        onClick: [Function: handleNavigate],
        'aria-label': 'Navigate to selected form'
      }

      at log (src/components/ui/Button.tsx:28:13)

    console.log
      [Button] Rendering with type: button

      at log (src/components/ui/Button.tsx:25:13)

    console.log
      [Button] Props received: {
        variant: 'primary',
        size: 'lg',
        type: 'button',
        loading: false,
        disabled: true
      }

      at log (src/components/ui/Button.tsx:26:13)

    console.log
      [Button] Has onClick in props: true

      at log (src/components/ui/Button.tsx:27:13)

    console.log
      [Button] All props: {
        onClick: [Function: handleNavigate],
        'aria-label': 'Navigate to selected form'
      }

      at log (src/components/ui/Button.tsx:28:13)

    console.log
      [Button] Rendering with type: button

      at log (src/components/ui/Button.tsx:25:13)

    console.log
      [Button] Props received: {
        variant: 'primary',
        size: 'lg',
        type: 'button',
        loading: false,
        disabled: false
      }

      at log (src/components/ui/Button.tsx:26:13)

    console.log
      [Button] Has onClick in props: true

      at log (src/components/ui/Button.tsx:27:13)

    console.log
      [Button] All props: {
        onClick: [Function: handleNavigate],
        'aria-label': 'Navigate to selected form'
      }

      at log (src/components/ui/Button.tsx:28:13)

    console.log
      [Button] Rendering with type: button

      at log (src/components/ui/Button.tsx:25:13)

    console.log
      [Button] Props received: {
        variant: 'primary',
        size: 'lg',
        type: 'button',
        loading: false,
        disabled: true
      }

      at log (src/components/ui/Button.tsx:26:13)

    console.log
      [Button] Has onClick in props: true

      at log (src/components/ui/Button.tsx:27:13)

    console.log
      [Button] All props: {
        onClick: [Function: handleNavigate],
        'aria-label': 'Navigate to selected form'
      }

      at log (src/components/ui/Button.tsx:28:13)

    console.log
      [Button] Rendering with type: button

      at log (src/components/ui/Button.tsx:25:13)

    console.log
      [Button] Props received: {
        variant: 'primary',
        size: 'lg',
        type: 'button',
        loading: false,
        disabled: false
      }

      at log (src/components/ui/Button.tsx:26:13)

    console.log
      [Button] Has onClick in props: true

      at log (src/components/ui/Button.tsx:27:13)

    console.log
      [Button] All props: {
        onClick: [Function: handleNavigate],
        'aria-label': 'Navigate to selected form'
      }

      at log (src/components/ui/Button.tsx:28:13)

    console.log
      [Button] Rendering with type: button

      at log (src/components/ui/Button.tsx:25:13)

    console.log
      [Button] Props received: {
        variant: 'primary',
        size: 'lg',
        type: 'button',
        loading: false,
        disabled: true
      }

      at log (src/components/ui/Button.tsx:26:13)

    console.log
      [Button] Has onClick in props: true

      at log (src/components/ui/Button.tsx:27:13)

    console.log
      [Button] All props: {
        onClick: [Function: handleNavigate],
        'aria-label': 'Navigate to selected form'
      }

      at log (src/components/ui/Button.tsx:28:13)

    console.log
      [Button] Rendering with type: button

      at log (src/components/ui/Button.tsx:25:13)

    console.log
      [Button] Props received: {
        variant: 'primary',
        size: 'lg',
        type: 'button',
        loading: false,
        disabled: false
      }

      at log (src/components/ui/Button.tsx:26:13)

    console.log
      [Button] Has onClick in props: true

      at log (src/components/ui/Button.tsx:27:13)

    console.log
      [Button] All props: {
        onClick: [Function: handleNavigate],
        'aria-label': 'Navigate to selected form'
      }

      at log (src/components/ui/Button.tsx:28:13)

    console.log
      [Button] Rendering with type: button

      at log (src/components/ui/Button.tsx:25:13)

    console.log
      [Button] Props received: {
        variant: 'primary',
        size: 'lg',
        type: 'button',
        loading: false,
        disabled: true
      }

      at log (src/components/ui/Button.tsx:26:13)

    console.log
      [Button] Has onClick in props: true

      at log (src/components/ui/Button.tsx:27:13)

    console.log
      [Button] All props: {
        onClick: [Function: handleNavigate],
        'aria-label': 'Navigate to selected form'
      }

      at log (src/components/ui/Button.tsx:28:13)

    console.log
      [Button] Rendering with type: button

      at log (src/components/ui/Button.tsx:25:13)

    console.log
      [Button] Props received: {
        variant: 'primary',
        size: 'lg',
        type: 'button',
        loading: false,
        disabled: false
      }

      at log (src/components/ui/Button.tsx:26:13)

    console.log
      [Button] Has onClick in props: true

      at log (src/components/ui/Button.tsx:27:13)

    console.log
      [Button] All props: {
        onClick: [Function: handleNavigate],
        'aria-label': 'Navigate to selected form'
      }

      at log (src/components/ui/Button.tsx:28:13)

    console.log
      [Button] Rendering with type: button

      at log (src/components/ui/Button.tsx:25:13)

    console.log
      [Button] Props received: {
        variant: 'primary',
        size: 'lg',
        type: 'button',
        loading: false,
        disabled: true
      }

      at log (src/components/ui/Button.tsx:26:13)

    console.log
      [Button] Has onClick in props: true

      at log (src/components/ui/Button.tsx:27:13)

    console.log
      [Button] All props: {
        onClick: [Function: handleNavigate],
        'aria-label': 'Navigate to selected form'
      }

      at log (src/components/ui/Button.tsx:28:13)

    console.log
      [Button] Rendering with type: button

      at log (src/components/ui/Button.tsx:25:13)

    console.log
      [Button] Props received: {
        variant: 'primary',
        size: 'lg',
        type: 'button',
        loading: false,
        disabled: false
      }

      at log (src/components/ui/Button.tsx:26:13)

    console.log
      [Button] Has onClick in props: true

      at log (src/components/ui/Button.tsx:27:13)

    console.log
      [Button] All props: {
        onClick: [Function: handleNavigate],
        'aria-label': 'Navigate to selected form'
      }

      at log (src/components/ui/Button.tsx:28:13)

    console.log
      [Button] Rendering with type: button

      at log (src/components/ui/Button.tsx:25:13)

    console.log
      [Button] Props received: {
        variant: 'primary',
        size: 'lg',
        type: 'button',
        loading: false,
        disabled: true
      }

      at log (src/components/ui/Button.tsx:26:13)

    console.log
      [Button] Has onClick in props: true

      at log (src/components/ui/Button.tsx:27:13)

    console.log
      [Button] All props: {
        onClick: [Function: handleNavigate],
        'aria-label': 'Navigate to selected form'
      }

      at log (src/components/ui/Button.tsx:28:13)

    console.log
      [Button] Rendering with type: button

      at log (src/components/ui/Button.tsx:25:13)

    console.log
      [Button] Props received: {
        variant: 'primary',
        size: 'lg',
        type: 'button',
        loading: false,
        disabled: false
      }

      at log (src/components/ui/Button.tsx:26:13)

    console.log
      [Button] Has onClick in props: true

      at log (src/components/ui/Button.tsx:27:13)

    console.log
      [Button] All props: {
        onClick: [Function: handleNavigate],
        'aria-label': 'Navigate to selected form'
      }

      at log (src/components/ui/Button.tsx:28:13)

    console.log
      [Button] Rendering with type: button

      at log (src/components/ui/Button.tsx:25:13)

    console.log
      [Button] Props received: {
        variant: 'primary',
        size: 'lg',
        type: 'button',
        loading: false,
        disabled: true
      }

      at log (src/components/ui/Button.tsx:26:13)

    console.log
      [Button] Has onClick in props: true

      at log (src/components/ui/Button.tsx:27:13)

    console.log
      [Button] All props: {
        onClick: [Function: handleNavigate],
        'aria-label': 'Navigate to selected form'
      }

      at log (src/components/ui/Button.tsx:28:13)

    console.log
      [Button] Rendering with type: button

      at log (src/components/ui/Button.tsx:25:13)

    console.log
      [Button] Props received: {
        variant: 'primary',
        size: 'lg',
        type: 'button',
        loading: false,
        disabled: false
      }

      at log (src/components/ui/Button.tsx:26:13)

    console.log
      [Button] Has onClick in props: true

      at log (src/components/ui/Button.tsx:27:13)

    console.log
      [Button] All props: {
        onClick: [Function: handleNavigate],
        'aria-label': 'Navigate to selected form'
      }

      at log (src/components/ui/Button.tsx:28:13)

    console.log
      [Button] Rendering with type: button

      at log (src/components/ui/Button.tsx:25:13)

    console.log
      [Button] Props received: {
        variant: 'primary',
        size: 'lg',
        type: 'button',
        loading: false,
        disabled: true
      }

      at log (src/components/ui/Button.tsx:26:13)

    console.log
      [Button] Has onClick in props: true

      at log (src/components/ui/Button.tsx:27:13)

    console.log
      [Button] All props: {
        onClick: [Function: handleNavigate],
        'aria-label': 'Navigate to selected form'
      }

      at log (src/components/ui/Button.tsx:28:13)

    console.log
      [Button] Rendering with type: button

      at log (src/components/ui/Button.tsx:25:13)

    console.log
      [Button] Props received: {
        variant: 'primary',
        size: 'lg',
        type: 'button',
        loading: false,
        disabled: false
      }

      at log (src/components/ui/Button.tsx:26:13)

    console.log
      [Button] Has onClick in props: true

      at log (src/components/ui/Button.tsx:27:13)

    console.log
      [Button] All props: {
        onClick: [Function: handleNavigate],
        'aria-label': 'Navigate to selected form'
      }

      at log (src/components/ui/Button.tsx:28:13)

    console.log
      [Button] Rendering with type: button

      at log (src/components/ui/Button.tsx:25:13)

    console.log
      [Button] Props received: {
        variant: 'primary',
        size: 'lg',
        type: 'button',
        loading: false,
        disabled: true
      }

      at log (src/components/ui/Button.tsx:26:13)

    console.log
      [Button] Has onClick in props: true

      at log (src/components/ui/Button.tsx:27:13)

    console.log
      [Button] All props: {
        onClick: [Function: handleNavigate],
        'aria-label': 'Navigate to selected form'
      }

      at log (src/components/ui/Button.tsx:28:13)

    console.log
      [Button] Rendering with type: button

      at log (src/components/ui/Button.tsx:25:13)

    console.log
      [Button] Props received: {
        variant: 'primary',
        size: 'lg',
        type: 'button',
        loading: false,
        disabled: false
      }

      at log (src/components/ui/Button.tsx:26:13)

    console.log
      [Button] Has onClick in props: true

      at log (src/components/ui/Button.tsx:27:13)

    console.log
      [Button] All props: {
        onClick: [Function: handleNavigate],
        'aria-label': 'Navigate to selected form'
      }

      at log (src/components/ui/Button.tsx:28:13)

    console.log
      [Button] Rendering with type: button

      at log (src/components/ui/Button.tsx:25:13)

    console.log
      [Button] Props received: {
        variant: 'primary',
        size: 'lg',
        type: 'button',
        loading: false,
        disabled: true
      }

      at log (src/components/ui/Button.tsx:26:13)

    console.log
      [Button] Has onClick in props: true

      at log (src/components/ui/Button.tsx:27:13)

    console.log
      [Button] All props: {
        onClick: [Function: handleNavigate],
        'aria-label': 'Navigate to selected form'
      }

      at log (src/components/ui/Button.tsx:28:13)

    console.log
      [Button] Rendering with type: button

      at log (src/components/ui/Button.tsx:25:13)

    console.log
      [Button] Props received: {
        variant: 'primary',
        size: 'lg',
        type: 'button',
        loading: false,
        disabled: false
      }

      at log (src/components/ui/Button.tsx:26:13)

    console.log
      [Button] Has onClick in props: true

      at log (src/components/ui/Button.tsx:27:13)

    console.log
      [Button] All props: {
        onClick: [Function: handleNavigate],
        'aria-label': 'Navigate to selected form'
      }

      at log (src/components/ui/Button.tsx:28:13)

    console.log
      [Button] Rendering with type: button

      at log (src/components/ui/Button.tsx:25:13)

    console.log
      [Button] Props received: {
        variant: 'primary',
        size: 'lg',
        type: 'button',
        loading: false,
        disabled: true
      }

      at log (src/components/ui/Button.tsx:26:13)

    console.log
      [Button] Has onClick in props: true

      at log (src/components/ui/Button.tsx:27:13)

    console.log
      [Button] All props: {
        onClick: [Function: handleNavigate],
        'aria-label': 'Navigate to selected form'
      }

      at log (src/components/ui/Button.tsx:28:13)

    console.log
      [Button] Rendering with type: button

      at log (src/components/ui/Button.tsx:25:13)

    console.log
      [Button] Props received: {
        variant: 'primary',
        size: 'lg',
        type: 'button',
        loading: false,
        disabled: false
      }

      at log (src/components/ui/Button.tsx:26:13)

    console.log
      [Button] Has onClick in props: true

      at log (src/components/ui/Button.tsx:27:13)

    console.log
      [Button] All props: {
        onClick: [Function: handleNavigate],
        'aria-label': 'Navigate to selected form'
      }

      at log (src/components/ui/Button.tsx:28:13)

    console.log
      [Button] Rendering with type: button

      at log (src/components/ui/Button.tsx:25:13)

    console.log
      [Button] Props received: {
        variant: 'primary',
        size: 'lg',
        type: 'button',
        loading: false,
        disabled: true
      }

      at log (src/components/ui/Button.tsx:26:13)

    console.log
      [Button] Has onClick in props: true

      at log (src/components/ui/Button.tsx:27:13)

    console.log
      [Button] All props: {
        onClick: [Function: handleNavigate],
        'aria-label': 'Navigate to selected form'
      }

      at log (src/components/ui/Button.tsx:28:13)

    console.log
      [Button] Rendering with type: button

      at log (src/components/ui/Button.tsx:25:13)

    console.log
      [Button] Props received: {
        variant: 'primary',
        size: 'lg',
        type: 'button',
        loading: false,
        disabled: false
      }

      at log (src/components/ui/Button.tsx:26:13)

    console.log
      [Button] Has onClick in props: true

      at log (src/components/ui/Button.tsx:27:13)

    console.log
      [Button] All props: {
        onClick: [Function: handleNavigate],
        'aria-label': 'Navigate to selected form'
      }

      at log (src/components/ui/Button.tsx:28:13)

    console.log
      [Button] Rendering with type: button

      at log (src/components/ui/Button.tsx:25:13)

    console.log
      [Button] Props received: {
        variant: 'primary',
        size: 'lg',
        type: 'button',
        loading: false,
        disabled: true
      }

      at log (src/components/ui/Button.tsx:26:13)

    console.log
      [Button] Has onClick in props: true

      at log (src/components/ui/Button.tsx:27:13)

    console.log
      [Button] All props: {
        onClick: [Function: handleNavigate],
        'aria-label': 'Navigate to selected form'
      }

      at log (src/components/ui/Button.tsx:28:13)

    console.log
      [Button] Rendering with type: button

      at log (src/components/ui/Button.tsx:25:13)

    console.log
      [Button] Props received: {
        variant: 'primary',
        size: 'lg',
        type: 'button',
        loading: false,
        disabled: false
      }

      at log (src/components/ui/Button.tsx:26:13)

    console.log
      [Button] Has onClick in props: true

      at log (src/components/ui/Button.tsx:27:13)

    console.log
      [Button] All props: {
        onClick: [Function: handleNavigate],
        'aria-label': 'Navigate to selected form'
      }

      at log (src/components/ui/Button.tsx:28:13)

    console.log
      [Button] Rendering with type: button

      at log (src/components/ui/Button.tsx:25:13)

    console.log
      [Button] Props received: {
        variant: 'primary',
        size: 'lg',
        type: 'button',
        loading: false,
        disabled: true
      }

      at log (src/components/ui/Button.tsx:26:13)

    console.log
      [Button] Has onClick in props: true

      at log (src/components/ui/Button.tsx:27:13)

    console.log
      [Button] All props: {
        onClick: [Function: handleNavigate],
        'aria-label': 'Navigate to selected form'
      }

      at log (src/components/ui/Button.tsx:28:13)

    console.log
      [Button] Rendering with type: button

      at log (src/components/ui/Button.tsx:25:13)

    console.log
      [Button] Props received: {
        variant: 'primary',
        size: 'lg',
        type: 'button',
        loading: false,
        disabled: false
      }

      at log (src/components/ui/Button.tsx:26:13)

    console.log
      [Button] Has onClick in props: true

      at log (src/components/ui/Button.tsx:27:13)

    console.log
      [Button] All props: {
        onClick: [Function: handleNavigate],
        'aria-label': 'Navigate to selected form'
      }

      at log (src/components/ui/Button.tsx:28:13)

    console.log
      [Button] Rendering with type: button

      at log (src/components/ui/Button.tsx:25:13)

    console.log
      [Button] Props received: {
        variant: 'primary',
        size: 'lg',
        type: 'button',
        loading: false,
        disabled: true
      }

      at log (src/components/ui/Button.tsx:26:13)

    console.log
      [Button] Has onClick in props: true

      at log (src/components/ui/Button.tsx:27:13)

    console.log
      [Button] All props: {
        onClick: [Function: handleNavigate],
        'aria-label': 'Navigate to selected form'
      }

      at log (src/components/ui/Button.tsx:28:13)

    console.log
      [Button] Rendering with type: button

      at log (src/components/ui/Button.tsx:25:13)

    console.log
      [Button] Props received: {
        variant: 'primary',
        size: 'lg',
        type: 'button',
        loading: false,
        disabled: false
      }

      at log (src/components/ui/Button.tsx:26:13)

    console.log
      [Button] Has onClick in props: true

      at log (src/components/ui/Button.tsx:27:13)

    console.log
      [Button] All props: {
        onClick: [Function: handleNavigate],
        'aria-label': 'Navigate to selected form'
      }

      at log (src/components/ui/Button.tsx:28:13)

    console.log
      [Button] Rendering with type: button

      at log (src/components/ui/Button.tsx:25:13)

    console.log
      [Button] Props received: {
        variant: 'primary',
        size: 'lg',
        type: 'button',
        loading: false,
        disabled: true
      }

      at log (src/components/ui/Button.tsx:26:13)

    console.log
      [Button] Has onClick in props: true

      at log (src/components/ui/Button.tsx:27:13)

    console.log
      [Button] All props: {
        onClick: [Function: handleNavigate],
        'aria-label': 'Navigate to selected form'
      }

      at log (src/components/ui/Button.tsx:28:13)

    console.log
      [Button] Rendering with type: button

      at log (src/components/ui/Button.tsx:25:13)

    console.log
      [Button] Props received: {
        variant: 'primary',
        size: 'lg',
        type: 'button',
        loading: false,
        disabled: false
      }

      at log (src/components/ui/Button.tsx:26:13)

    console.log
      [Button] Has onClick in props: true

      at log (src/components/ui/Button.tsx:27:13)

    console.log
      [Button] All props: {
        onClick: [Function: handleNavigate],
        'aria-label': 'Navigate to selected form'
      }

      at log (src/components/ui/Button.tsx:28:13)

    console.log
      [Button] Rendering with type: button

      at log (src/components/ui/Button.tsx:25:13)

    console.log
      [Button] Props received: {
        variant: 'primary',
        size: 'lg',
        type: 'button',
        loading: false,
        disabled: true
      }

      at log (src/components/ui/Button.tsx:26:13)

    console.log
      [Button] Has onClick in props: true

      at log (src/components/ui/Button.tsx:27:13)

    console.log
      [Button] All props: {
        onClick: [Function: handleNavigate],
        'aria-label': 'Navigate to selected form'
      }

      at log (src/components/ui/Button.tsx:28:13)

    console.log
      [Button] Rendering with type: button

      at log (src/components/ui/Button.tsx:25:13)

    console.log
      [Button] Props received: {
        variant: 'primary',
        size: 'lg',
        type: 'button',
        loading: false,
        disabled: false
      }

      at log (src/components/ui/Button.tsx:26:13)

    console.log
      [Button] Has onClick in props: true

      at log (src/components/ui/Button.tsx:27:13)

    console.log
      [Button] All props: {
        onClick: [Function: handleNavigate],
        'aria-label': 'Navigate to selected form'
      }

      at log (src/components/ui/Button.tsx:28:13)

    console.log
      [Button] Rendering with type: button

      at log (src/components/ui/Button.tsx:25:13)

    console.log
      [Button] Props received: {
        variant: 'primary',
        size: 'lg',
        type: 'button',
        loading: false,
        disabled: true
      }

      at log (src/components/ui/Button.tsx:26:13)

    console.log
      [Button] Has onClick in props: true

      at log (src/components/ui/Button.tsx:27:13)

    console.log
      [Button] All props: {
        onClick: [Function: handleNavigate],
        'aria-label': 'Navigate to selected form'
      }

      at log (src/components/ui/Button.tsx:28:13)

    console.log
      [Button] Rendering with type: button

      at log (src/components/ui/Button.tsx:25:13)

    console.log
      [Button] Props received: {
        variant: 'primary',
        size: 'lg',
        type: 'button',
        loading: false,
        disabled: false
      }

      at log (src/components/ui/Button.tsx:26:13)

    console.log
      [Button] Has onClick in props: true

      at log (src/components/ui/Button.tsx:27:13)

    console.log
      [Button] All props: {
        onClick: [Function: handleNavigate],
        'aria-label': 'Navigate to selected form'
      }

      at log (src/components/ui/Button.tsx:28:13)

    console.log
      [Button] Rendering with type: button

      at log (src/components/ui/Button.tsx:25:13)

    console.log
      [Button] Props received: {
        variant: 'primary',
        size: 'lg',
        type: 'button',
        loading: false,
        disabled: true
      }

      at log (src/components/ui/Button.tsx:26:13)

    console.log
      [Button] Has onClick in props: true

      at log (src/components/ui/Button.tsx:27:13)

    console.log
      [Button] All props: {
        onClick: [Function: handleNavigate],
        'aria-label': 'Navigate to selected form'
      }

      at log (src/components/ui/Button.tsx:28:13)

    console.log
      [Button] Rendering with type: button

      at log (src/components/ui/Button.tsx:25:13)

    console.log
      [Button] Props received: {
        variant: 'primary',
        size: 'lg',
        type: 'button',
        loading: false,
        disabled: false
      }

      at log (src/components/ui/Button.tsx:26:13)

    console.log
      [Button] Has onClick in props: true

      at log (src/components/ui/Button.tsx:27:13)

    console.log
      [Button] All props: {
        onClick: [Function: handleNavigate],
        'aria-label': 'Navigate to selected form'
      }

      at log (src/components/ui/Button.tsx:28:13)

    console.log
      [Button] Rendering with type: button

      at log (src/components/ui/Button.tsx:25:13)

    console.log
      [Button] Props received: {
        variant: 'primary',
        size: 'lg',
        type: 'button',
        loading: false,
        disabled: true
      }

      at log (src/components/ui/Button.tsx:26:13)

    console.log
      [Button] Has onClick in props: true

      at log (src/components/ui/Button.tsx:27:13)

    console.log
      [Button] All props: {
        onClick: [Function: handleNavigate],
        'aria-label': 'Navigate to selected form'
      }

      at log (src/components/ui/Button.tsx:28:13)

    console.log
      [Button] Rendering with type: button

      at log (src/components/ui/Button.tsx:25:13)

    console.log
      [Button] Props received: {
        variant: 'primary',
        size: 'lg',
        type: 'button',
        loading: false,
        disabled: false
      }

      at log (src/components/ui/Button.tsx:26:13)

    console.log
      [Button] Has onClick in props: true

      at log (src/components/ui/Button.tsx:27:13)

    console.log
      [Button] All props: {
        onClick: [Function: handleNavigate],
        'aria-label': 'Navigate to selected form'
      }

      at log (src/components/ui/Button.tsx:28:13)

    console.log
      [Button] Rendering with type: button

      at log (src/components/ui/Button.tsx:25:13)

    console.log
      [Button] Props received: {
        variant: 'primary',
        size: 'lg',
        type: 'button',
        loading: false,
        disabled: true
      }

      at log (src/components/ui/Button.tsx:26:13)

    console.log
      [Button] Has onClick in props: true

      at log (src/components/ui/Button.tsx:27:13)

    console.log
      [Button] All props: {
        onClick: [Function: handleNavigate],
        'aria-label': 'Navigate to selected form'
      }

      at log (src/components/ui/Button.tsx:28:13)

    console.log
      [Button] Rendering with type: button

      at log (src/components/ui/Button.tsx:25:13)

    console.log
      [Button] Props received: {
        variant: 'primary',
        size: 'lg',
        type: 'button',
        loading: false,
        disabled: false
      }

      at log (src/components/ui/Button.tsx:26:13)

    console.log
      [Button] Has onClick in props: true

      at log (src/components/ui/Button.tsx:27:13)

    console.log
      [Button] All props: {
        onClick: [Function: handleNavigate],
        'aria-label': 'Navigate to selected form'
      }

      at log (src/components/ui/Button.tsx:28:13)

    console.log
      [Button] Rendering with type: button

      at log (src/components/ui/Button.tsx:25:13)

    console.log
      [Button] Props received: {
        variant: 'primary',
        size: 'lg',
        type: 'button',
        loading: false,
        disabled: true
      }

      at log (src/components/ui/Button.tsx:26:13)

    console.log
      [Button] Has onClick in props: true

      at log (src/components/ui/Button.tsx:27:13)

    console.log
      [Button] All props: {
        onClick: [Function: handleNavigate],
        'aria-label': 'Navigate to selected form'
      }

      at log (src/components/ui/Button.tsx:28:13)

    console.log
      [Button] Rendering with type: button

      at log (src/components/ui/Button.tsx:25:13)

    console.log
      [Button] Props received: {
        variant: 'primary',
        size: 'lg',
        type: 'button',
        loading: false,
        disabled: false
      }

      at log (src/components/ui/Button.tsx:26:13)

    console.log
      [Button] Has onClick in props: true

      at log (src/components/ui/Button.tsx:27:13)

    console.log
      [Button] All props: {
        onClick: [Function: handleNavigate],
        'aria-label': 'Navigate to selected form'
      }

      at log (src/components/ui/Button.tsx:28:13)

    console.log
      [Button] Rendering with type: button

      at log (src/components/ui/Button.tsx:25:13)

    console.log
      [Button] Props received: {
        variant: 'primary',
        size: 'lg',
        type: 'button',
        loading: false,
        disabled: true
      }

      at log (src/components/ui/Button.tsx:26:13)

    console.log
      [Button] Has onClick in props: true

      at log (src/components/ui/Button.tsx:27:13)

    console.log
      [Button] All props: {
        onClick: [Function: handleNavigate],
        'aria-label': 'Navigate to selected form'
      }

      at log (src/components/ui/Button.tsx:28:13)

    console.log
      [Button] Rendering with type: button

      at log (src/components/ui/Button.tsx:25:13)

    console.log
      [Button] Props received: {
        variant: 'primary',
        size: 'lg',
        type: 'button',
        loading: false,
        disabled: false
      }

      at log (src/components/ui/Button.tsx:26:13)

    console.log
      [Button] Has onClick in props: true

      at log (src/components/ui/Button.tsx:27:13)

    console.log
      [Button] All props: {
        onClick: [Function: handleNavigate],
        'aria-label': 'Navigate to selected form'
      }

      at log (src/components/ui/Button.tsx:28:13)

    console.log
      [Button] Rendering with type: button

      at log (src/components/ui/Button.tsx:25:13)

    console.log
      [Button] Props received: {
        variant: 'primary',
        size: 'lg',
        type: 'button',
        loading: false,
        disabled: true
      }

      at log (src/components/ui/Button.tsx:26:13)

    console.log
      [Button] Has onClick in props: true

      at log (src/components/ui/Button.tsx:27:13)

    console.log
      [Button] All props: {
        onClick: [Function: handleNavigate],
        'aria-label': 'Navigate to selected form'
      }

      at log (src/components/ui/Button.tsx:28:13)

    console.log
      [Button] Rendering with type: button

      at log (src/components/ui/Button.tsx:25:13)

    console.log
      [Button] Props received: {
        variant: 'primary',
        size: 'lg',
        type: 'button',
        loading: false,
        disabled: false
      }

      at log (src/components/ui/Button.tsx:26:13)

    console.log
      [Button] Has onClick in props: true

      at log (src/components/ui/Button.tsx:27:13)

    console.log
      [Button] All props: {
        onClick: [Function: handleNavigate],
        'aria-label': 'Navigate to selected form'
      }

      at log (src/components/ui/Button.tsx:28:13)

    console.log
      [Button] Rendering with type: button

      at log (src/components/ui/Button.tsx:25:13)

    console.log
      [Button] Props received: {
        variant: 'primary',
        size: 'lg',
        type: 'button',
        loading: false,
        disabled: true
      }

      at log (src/components/ui/Button.tsx:26:13)

    console.log
      [Button] Has onClick in props: true

      at log (src/components/ui/Button.tsx:27:13)

    console.log
      [Button] All props: {
        onClick: [Function: handleNavigate],
        'aria-label': 'Navigate to selected form'
      }

      at log (src/components/ui/Button.tsx:28:13)

    console.log
      [Button] Rendering with type: button

      at log (src/components/ui/Button.tsx:25:13)

    console.log
      [Button] Props received: {
        variant: 'primary',
        size: 'lg',
        type: 'button',
        loading: false,
        disabled: false
      }

      at log (src/components/ui/Button.tsx:26:13)

    console.log
      [Button] Has onClick in props: true

      at log (src/components/ui/Button.tsx:27:13)

    console.log
      [Button] All props: {
        onClick: [Function: handleNavigate],
        'aria-label': 'Navigate to selected form'
      }

      at log (src/components/ui/Button.tsx:28:13)

    console.log
      [Button] Rendering with type: button

      at log (src/components/ui/Button.tsx:25:13)

    console.log
      [Button] Props received: {
        variant: 'primary',
        size: 'lg',
        type: 'button',
        loading: false,
        disabled: true
      }

      at log (src/components/ui/Button.tsx:26:13)

    console.log
      [Button] Has onClick in props: true

      at log (src/components/ui/Button.tsx:27:13)

    console.log
      [Button] All props: {
        onClick: [Function: handleNavigate],
        'aria-label': 'Navigate to selected form'
      }

      at log (src/components/ui/Button.tsx:28:13)

    console.log
      [Button] Rendering with type: button

      at log (src/components/ui/Button.tsx:25:13)

    console.log
      [Button] Props received: {
        variant: 'primary',
        size: 'lg',
        type: 'button',
        loading: false,
        disabled: false
      }

      at log (src/components/ui/Button.tsx:26:13)

    console.log
      [Button] Has onClick in props: true

      at log (src/components/ui/Button.tsx:27:13)

    console.log
      [Button] All props: {
        onClick: [Function: handleNavigate],
        'aria-label': 'Navigate to selected form'
      }

      at log (src/components/ui/Button.tsx:28:13)

    console.log
      [Button] Rendering with type: button

      at log (src/components/ui/Button.tsx:25:13)

    console.log
      [Button] Props received: {
        variant: 'primary',
        size: 'lg',
        type: 'button',
        loading: false,
        disabled: true
      }

      at log (src/components/ui/Button.tsx:26:13)

    console.log
      [Button] Has onClick in props: true

      at log (src/components/ui/Button.tsx:27:13)

    console.log
      [Button] All props: {
        onClick: [Function: handleNavigate],
        'aria-label': 'Navigate to selected form'
      }

      at log (src/components/ui/Button.tsx:28:13)

    console.log
      [Button] Rendering with type: button

      at log (src/components/ui/Button.tsx:25:13)

    console.log
      [Button] Props received: {
        variant: 'primary',
        size: 'lg',
        type: 'button',
        loading: false,
        disabled: false
      }

      at log (src/components/ui/Button.tsx:26:13)

    console.log
      [Button] Has onClick in props: true

      at log (src/components/ui/Button.tsx:27:13)

    console.log
      [Button] All props: {
        onClick: [Function: handleNavigate],
        'aria-label': 'Navigate to selected form'
      }

      at log (src/components/ui/Button.tsx:28:13)

    console.log
      [Button] Rendering with type: button

      at log (src/components/ui/Button.tsx:25:13)

    console.log
      [Button] Props received: {
        variant: 'primary',
        size: 'lg',
        type: 'button',
        loading: false,
        disabled: true
      }

      at log (src/components/ui/Button.tsx:26:13)

    console.log
      [Button] Has onClick in props: true

      at log (src/components/ui/Button.tsx:27:13)

    console.log
      [Button] All props: {
        onClick: [Function: handleNavigate],
        'aria-label': 'Navigate to selected form'
      }

      at log (src/components/ui/Button.tsx:28:13)

    console.log
      [Button] Rendering with type: button

      at log (src/components/ui/Button.tsx:25:13)

    console.log
      [Button] Props received: {
        variant: 'primary',
        size: 'lg',
        type: 'button',
        loading: false,
        disabled: false
      }

      at log (src/components/ui/Button.tsx:26:13)

    console.log
      [Button] Has onClick in props: true

      at log (src/components/ui/Button.tsx:27:13)

    console.log
      [Button] All props: {
        onClick: [Function: handleNavigate],
        'aria-label': 'Navigate to selected form'
      }

      at log (src/components/ui/Button.tsx:28:13)

    console.log
      [Button] Rendering with type: button

      at log (src/components/ui/Button.tsx:25:13)

    console.log
      [Button] Props received: {
        variant: 'primary',
        size: 'lg',
        type: 'button',
        loading: false,
        disabled: true
      }

      at log (src/components/ui/Button.tsx:26:13)

    console.log
      [Button] Has onClick in props: true

      at log (src/components/ui/Button.tsx:27:13)

    console.log
      [Button] All props: {
        onClick: [Function: handleNavigate],
        'aria-label': 'Navigate to selected form'
      }

      at log (src/components/ui/Button.tsx:28:13)

    console.log
      [Button] Rendering with type: button

      at log (src/components/ui/Button.tsx:25:13)

    console.log
      [Button] Props received: {
        variant: 'primary',
        size: 'lg',
        type: 'button',
        loading: false,
        disabled: false
      }

      at log (src/components/ui/Button.tsx:26:13)

    console.log
      [Button] Has onClick in props: true

      at log (src/components/ui/Button.tsx:27:13)

    console.log
      [Button] All props: {
        onClick: [Function: handleNavigate],
        'aria-label': 'Navigate to selected form'
      }

      at log (src/components/ui/Button.tsx:28:13)

    console.log
      [Button] Rendering with type: button

      at log (src/components/ui/Button.tsx:25:13)

    console.log
      [Button] Props received: {
        variant: 'primary',
        size: 'lg',
        type: 'button',
        loading: false,
        disabled: true
      }

      at log (src/components/ui/Button.tsx:26:13)

    console.log
      [Button] Has onClick in props: true

      at log (src/components/ui/Button.tsx:27:13)

    console.log
      [Button] All props: {
        onClick: [Function: handleNavigate],
        'aria-label': 'Navigate to selected form'
      }

      at log (src/components/ui/Button.tsx:28:13)

    console.log
      [Button] Rendering with type: button

      at log (src/components/ui/Button.tsx:25:13)

    console.log
      [Button] Props received: {
        variant: 'primary',
        size: 'lg',
        type: 'button',
        loading: false,
        disabled: false
      }

      at log (src/components/ui/Button.tsx:26:13)

    console.log
      [Button] Has onClick in props: true

      at log (src/components/ui/Button.tsx:27:13)

    console.log
      [Button] All props: {
        onClick: [Function: handleNavigate],
        'aria-label': 'Navigate to selected form'
      }

      at log (src/components/ui/Button.tsx:28:13)

    console.log
      [Button] Rendering with type: button

      at log (src/components/ui/Button.tsx:25:13)

    console.log
      [Button] Props received: {
        variant: 'primary',
        size: 'lg',
        type: 'button',
        loading: false,
        disabled: true
      }

      at log (src/components/ui/Button.tsx:26:13)

    console.log
      [Button] Has onClick in props: true

      at log (src/components/ui/Button.tsx:27:13)

    console.log
      [Button] All props: {
        onClick: [Function: handleNavigate],
        'aria-label': 'Navigate to selected form'
      }

      at log (src/components/ui/Button.tsx:28:13)

    console.log
      [Button] Rendering with type: button

      at log (src/components/ui/Button.tsx:25:13)

    console.log
      [Button] Props received: {
        variant: 'primary',
        size: 'lg',
        type: 'button',
        loading: false,
        disabled: false
      }

      at log (src/components/ui/Button.tsx:26:13)

    console.log
      [Button] Has onClick in props: true

      at log (src/components/ui/Button.tsx:27:13)

    console.log
      [Button] All props: {
        onClick: [Function: handleNavigate],
        'aria-label': 'Navigate to selected form'
      }

      at log (src/components/ui/Button.tsx:28:13)

    console.log
      [Button] Rendering with type: button

      at log (src/components/ui/Button.tsx:25:13)

    console.log
      [Button] Props received: {
        variant: 'primary',
        size: 'lg',
        type: 'button',
        loading: false,
        disabled: true
      }

      at log (src/components/ui/Button.tsx:26:13)

    console.log
      [Button] Has onClick in props: true

      at log (src/components/ui/Button.tsx:27:13)

    console.log
      [Button] All props: {
        onClick: [Function: handleNavigate],
        'aria-label': 'Navigate to selected form'
      }

      at log (src/components/ui/Button.tsx:28:13)

    console.log
      [Button] Rendering with type: button

      at log (src/components/ui/Button.tsx:25:13)

    console.log
      [Button] Props received: {
        variant: 'primary',
        size: 'lg',
        type: 'button',
        loading: false,
        disabled: true
      }

      at log (src/components/ui/Button.tsx:26:13)

    console.log
      [Button] Has onClick in props: true

      at log (src/components/ui/Button.tsx:27:13)

    console.log
      [Button] All props: {
        onClick: [Function: handleNavigate],
        'aria-label': 'Navigate to selected form'
      }

      at log (src/components/ui/Button.tsx:28:13)

    console.log
      [Button] Rendering with type: button

      at log (src/components/ui/Button.tsx:25:13)

    console.log
      [Button] Props received: {
        variant: 'primary',
        size: 'lg',
        type: 'button',
        loading: false,
        disabled: false
      }

      at log (src/components/ui/Button.tsx:26:13)

    console.log
      [Button] Has onClick in props: true

      at log (src/components/ui/Button.tsx:27:13)

    console.log
      [Button] All props: {
        onClick: [Function: handleNavigate],
        'aria-label': 'Navigate to selected form'
      }

      at log (src/components/ui/Button.tsx:28:13)

    console.log
      [Button] Rendering with type: button

      at log (src/components/ui/Button.tsx:25:13)

    console.log
      [Button] Props received: {
        variant: 'primary',
        size: 'lg',
        type: 'button',
        loading: false,
        disabled: true
      }

      at log (src/components/ui/Button.tsx:26:13)

    console.log
      [Button] Has onClick in props: true

      at log (src/components/ui/Button.tsx:27:13)

    console.log
      [Button] All props: {
        onClick: [Function: handleNavigate],
        'aria-label': 'Navigate to selected form'
      }

      at log (src/components/ui/Button.tsx:28:13)

    console.log
      [Button] Rendering with type: button

      at log (src/components/ui/Button.tsx:25:13)

    console.log
      [Button] Props received: {
        variant: 'primary',
        size: 'lg',
        type: 'button',
        loading: false,
        disabled: true
      }

      at log (src/components/ui/Button.tsx:26:13)

    console.log
      [Button] Has onClick in props: true

      at log (src/components/ui/Button.tsx:27:13)

    console.log
      [Button] All props: {
        onClick: [Function: handleNavigate],
        'aria-label': 'Navigate to selected form'
      }

      at log (src/components/ui/Button.tsx:28:13)

    console.log
      [Button] Rendering with type: button

      at log (src/components/ui/Button.tsx:25:13)

    console.log
      [Button] Props received: {
        variant: 'primary',
        size: 'lg',
        type: 'button',
        loading: false,
        disabled: false
      }

      at log (src/components/ui/Button.tsx:26:13)

    console.log
      [Button] Has onClick in props: true

      at log (src/components/ui/Button.tsx:27:13)

    console.log
      [Button] All props: {
        onClick: [Function: handleNavigate],
        'aria-label': 'Navigate to selected form'
      }

      at log (src/components/ui/Button.tsx:28:13)

    console.log
      [Button] Rendering with type: button

      at log (src/components/ui/Button.tsx:25:13)

    console.log
      [Button] Props received: {
        variant: 'primary',
        size: 'lg',
        type: 'button',
        loading: false,
        disabled: true
      }

      at log (src/components/ui/Button.tsx:26:13)

    console.log
      [Button] Has onClick in props: true

      at log (src/components/ui/Button.tsx:27:13)

    console.log
      [Button] All props: {
        onClick: [Function: handleNavigate],
        'aria-label': 'Navigate to selected form'
      }

      at log (src/components/ui/Button.tsx:28:13)

    console.log
      [Button] Rendering with type: button

      at log (src/components/ui/Button.tsx:25:13)

    console.log
      [Button] Props received: {
        variant: 'primary',
        size: 'lg',
        type: 'button',
        loading: false,
        disabled: true
      }

      at log (src/components/ui/Button.tsx:26:13)

    console.log
      [Button] Has onClick in props: true

      at log (src/components/ui/Button.tsx:27:13)

    console.log
      [Button] All props: {
        onClick: [Function: handleNavigate],
        'aria-label': 'Navigate to selected form'
      }

      at log (src/components/ui/Button.tsx:28:13)

    console.log
      [Button] Rendering with type: button

      at log (src/components/ui/Button.tsx:25:13)

    console.log
      [Button] Props received: {
        variant: 'primary',
        size: 'lg',
        type: 'button',
        loading: false,
        disabled: false
      }

      at log (src/components/ui/Button.tsx:26:13)

    console.log
      [Button] Has onClick in props: true

      at log (src/components/ui/Button.tsx:27:13)

    console.log
      [Button] All props: {
        onClick: [Function: handleNavigate],
        'aria-label': 'Navigate to selected form'
      }

      at log (src/components/ui/Button.tsx:28:13)

    console.log
      [Button] Rendering with type: button

      at log (src/components/ui/Button.tsx:25:13)

    console.log
      [Button] Props received: {
        variant: 'primary',
        size: 'lg',
        type: 'button',
        loading: false,
        disabled: true
      }

      at log (src/components/ui/Button.tsx:26:13)

    console.log
      [Button] Has onClick in props: true

      at log (src/components/ui/Button.tsx:27:13)

    console.log
      [Button] All props: {
        onClick: [Function: handleNavigate],
        'aria-label': 'Navigate to selected form'
      }

      at log (src/components/ui/Button.tsx:28:13)

    console.log
      [Button] Rendering with type: button

      at log (src/components/ui/Button.tsx:25:13)

    console.log
      [Button] Props received: {
        variant: 'primary',
        size: 'lg',
        type: 'button',
        loading: false,
        disabled: true
      }

      at log (src/components/ui/Button.tsx:26:13)

    console.log
      [Button] Has onClick in props: true

      at log (src/components/ui/Button.tsx:27:13)

    console.log
      [Button] All props: {
        onClick: [Function: handleNavigate],
        'aria-label': 'Navigate to selected form'
      }

      at log (src/components/ui/Button.tsx:28:13)

    console.log
      [Button] Rendering with type: button

      at log (src/components/ui/Button.tsx:25:13)

    console.log
      [Button] Props received: {
        variant: 'primary',
        size: 'lg',
        type: 'button',
        loading: false,
        disabled: false
      }

      at log (src/components/ui/Button.tsx:26:13)

    console.log
      [Button] Has onClick in props: true

      at log (src/components/ui/Button.tsx:27:13)

    console.log
      [Button] All props: {
        onClick: [Function: handleNavigate],
        'aria-label': 'Navigate to selected form'
      }

      at log (src/components/ui/Button.tsx:28:13)

    console.log
      [Button] Rendering with type: button

      at log (src/components/ui/Button.tsx:25:13)

    console.log
      [Button] Props received: {
        variant: 'primary',
        size: 'lg',
        type: 'button',
        loading: false,
        disabled: true
      }

      at log (src/components/ui/Button.tsx:26:13)

    console.log
      [Button] Has onClick in props: true

      at log (src/components/ui/Button.tsx:27:13)

    console.log
      [Button] All props: {
        onClick: [Function: handleNavigate],
        'aria-label': 'Navigate to selected form'
      }

      at log (src/components/ui/Button.tsx:28:13)

    console.log
      [Button] Rendering with type: button

      at log (src/components/ui/Button.tsx:25:13)

    console.log
      [Button] Props received: {
        variant: 'primary',
        size: 'lg',
        type: 'button',
        loading: false,
        disabled: true
      }

      at log (src/components/ui/Button.tsx:26:13)

    console.log
      [Button] Has onClick in props: true

      at log (src/components/ui/Button.tsx:27:13)

    console.log
      [Button] All props: {
        onClick: [Function: handleNavigate],
        'aria-label': 'Navigate to selected form'
      }

      at log (src/components/ui/Button.tsx:28:13)

    console.log
      [Button] Rendering with type: button

      at log (src/components/ui/Button.tsx:25:13)

    console.log
      [Button] Props received: {
        variant: 'primary',
        size: 'lg',
        type: 'button',
        loading: false,
        disabled: false
      }

      at log (src/components/ui/Button.tsx:26:13)

    console.log
      [Button] Has onClick in props: true

      at log (src/components/ui/Button.tsx:27:13)

    console.log
      [Button] All props: {
        onClick: [Function: handleNavigate],
        'aria-label': 'Navigate to selected form'
      }

      at log (src/components/ui/Button.tsx:28:13)

    console.log
      [Button] Rendering with type: button

      at log (src/components/ui/Button.tsx:25:13)

    console.log
      [Button] Props received: {
        variant: 'primary',
        size: 'lg',
        type: 'button',
        loading: false,
        disabled: true
      }

      at log (src/components/ui/Button.tsx:26:13)

    console.log
      [Button] Has onClick in props: true

      at log (src/components/ui/Button.tsx:27:13)

    console.log
      [Button] All props: {
        onClick: [Function: handleNavigate],
        'aria-label': 'Navigate to selected form'
      }

      at log (src/components/ui/Button.tsx:28:13)

    console.log
      [Button] Rendering with type: button

      at log (src/components/ui/Button.tsx:25:13)

    console.log
      [Button] Props received: {
        variant: 'primary',
        size: 'lg',
        type: 'button',
        loading: false,
        disabled: true
      }

      at log (src/components/ui/Button.tsx:26:13)

    console.log
      [Button] Has onClick in props: true

      at log (src/components/ui/Button.tsx:27:13)

    console.log
      [Button] All props: {
        onClick: [Function: handleNavigate],
        'aria-label': 'Navigate to selected form'
      }

      at log (src/components/ui/Button.tsx:28:13)

    console.log
      [Button] Rendering with type: button

      at log (src/components/ui/Button.tsx:25:13)

    console.log
      [Button] Props received: {
        variant: 'primary',
        size: 'lg',
        type: 'button',
        loading: false,
        disabled: false
      }

      at log (src/components/ui/Button.tsx:26:13)

    console.log
      [Button] Has onClick in props: true

      at log (src/components/ui/Button.tsx:27:13)

    console.log
      [Button] All props: {
        onClick: [Function: handleNavigate],
        'aria-label': 'Navigate to selected form'
      }

      at log (src/components/ui/Button.tsx:28:13)

    console.log
      [Button] Rendering with type: button

      at log (src/components/ui/Button.tsx:25:13)

    console.log
      [Button] Props received: {
        variant: 'primary',
        size: 'lg',
        type: 'button',
        loading: false,
        disabled: true
      }

      at log (src/components/ui/Button.tsx:26:13)

    console.log
      [Button] Has onClick in props: true

      at log (src/components/ui/Button.tsx:27:13)

    console.log
      [Button] All props: {
        onClick: [Function: handleNavigate],
        'aria-label': 'Navigate to selected form'
      }

      at log (src/components/ui/Button.tsx:28:13)

    console.log
      [Button] Rendering with type: button

      at log (src/components/ui/Button.tsx:25:13)

    console.log
      [Button] Props received: {
        variant: 'primary',
        size: 'lg',
        type: 'button',
        loading: false,
        disabled: true
      }

      at log (src/components/ui/Button.tsx:26:13)

    console.log
      [Button] Has onClick in props: true

      at log (src/components/ui/Button.tsx:27:13)

    console.log
      [Button] All props: {
        onClick: [Function: handleNavigate],
        'aria-label': 'Navigate to selected form'
      }

      at log (src/components/ui/Button.tsx:28:13)

    console.log
      [Button] Rendering with type: button

      at log (src/components/ui/Button.tsx:25:13)

    console.log
      [Button] Props received: {
        variant: 'primary',
        size: 'lg',
        type: 'button',
        loading: false,
        disabled: false
      }

      at log (src/components/ui/Button.tsx:26:13)

    console.log
      [Button] Has onClick in props: true

      at log (src/components/ui/Button.tsx:27:13)

    console.log
      [Button] All props: {
        onClick: [Function: handleNavigate],
        'aria-label': 'Navigate to selected form'
      }

      at log (src/components/ui/Button.tsx:28:13)

    console.log
      [Button] Rendering with type: button

      at log (src/components/ui/Button.tsx:25:13)

    console.log
      [Button] Props received: {
        variant: 'primary',
        size: 'lg',
        type: 'button',
        loading: false,
        disabled: true
      }

      at log (src/components/ui/Button.tsx:26:13)

    console.log
      [Button] Has onClick in props: true

      at log (src/components/ui/Button.tsx:27:13)

    console.log
      [Button] All props: {
        onClick: [Function: handleNavigate],
        'aria-label': 'Navigate to selected form'
      }

      at log (src/components/ui/Button.tsx:28:13)

    console.log
      [Button] Rendering with type: button

      at log (src/components/ui/Button.tsx:25:13)

    console.log
      [Button] Props received: {
        variant: 'primary',
        size: 'lg',
        type: 'button',
        loading: false,
        disabled: true
      }

      at log (src/components/ui/Button.tsx:26:13)

    console.log
      [Button] Has onClick in props: true

      at log (src/components/ui/Button.tsx:27:13)

    console.log
      [Button] All props: {
        onClick: [Function: handleNavigate],
        'aria-label': 'Navigate to selected form'
      }

      at log (src/components/ui/Button.tsx:28:13)

    console.log
      [Button] Rendering with type: button

      at log (src/components/ui/Button.tsx:25:13)

    console.log
      [Button] Props received: {
        variant: 'primary',
        size: 'lg',
        type: 'button',
        loading: false,
        disabled: false
      }

      at log (src/components/ui/Button.tsx:26:13)

    console.log
      [Button] Has onClick in props: true

      at log (src/components/ui/Button.tsx:27:13)

    console.log
      [Button] All props: {
        onClick: [Function: handleNavigate],
        'aria-label': 'Navigate to selected form'
      }

      at log (src/components/ui/Button.tsx:28:13)

    console.log
      [Button] Rendering with type: button

      at log (src/components/ui/Button.tsx:25:13)

    console.log
      [Button] Props received: {
        variant: 'primary',
        size: 'lg',
        type: 'button',
        loading: false,
        disabled: true
      }

      at log (src/components/ui/Button.tsx:26:13)

    console.log
      [Button] Has onClick in props: true

      at log (src/components/ui/Button.tsx:27:13)

    console.log
      [Button] All props: {
        onClick: [Function: handleNavigate],
        'aria-label': 'Navigate to selected form'
      }

      at log (src/components/ui/Button.tsx:28:13)

    console.log
      [Button] Rendering with type: button

      at log (src/components/ui/Button.tsx:25:13)

    console.log
      [Button] Props received: {
        variant: 'primary',
        size: 'lg',
        type: 'button',
        loading: false,
        disabled: true
      }

      at log (src/components/ui/Button.tsx:26:13)

    console.log
      [Button] Has onClick in props: true

      at log (src/components/ui/Button.tsx:27:13)

    console.log
      [Button] All props: {
        onClick: [Function: handleNavigate],
        'aria-label': 'Navigate to selected form'
      }

      at log (src/components/ui/Button.tsx:28:13)

    console.log
      [Button] Rendering with type: button

      at log (src/components/ui/Button.tsx:25:13)

    console.log
      [Button] Props received: {
        variant: 'primary',
        size: 'lg',
        type: 'button',
        loading: false,
        disabled: false
      }

      at log (src/components/ui/Button.tsx:26:13)

    console.log
      [Button] Has onClick in props: true

      at log (src/components/ui/Button.tsx:27:13)

    console.log
      [Button] All props: {
        onClick: [Function: handleNavigate],
        'aria-label': 'Navigate to selected form'
      }

      at log (src/components/ui/Button.tsx:28:13)

    console.log
      [Button] Rendering with type: button

      at log (src/components/ui/Button.tsx:25:13)

    console.log
      [Button] Props received: {
        variant: 'primary',
        size: 'lg',
        type: 'button',
        loading: false,
        disabled: true
      }

      at log (src/components/ui/Button.tsx:26:13)

    console.log
      [Button] Has onClick in props: true

      at log (src/components/ui/Button.tsx:27:13)

    console.log
      [Button] All props: {
        onClick: [Function: handleNavigate],
        'aria-label': 'Navigate to selected form'
      }

      at log (src/components/ui/Button.tsx:28:13)

    console.log
      [Button] Rendering with type: button

      at log (src/components/ui/Button.tsx:25:13)

    console.log
      [Button] Props received: {
        variant: 'primary',
        size: 'lg',
        type: 'button',
        loading: false,
        disabled: true
      }

      at log (src/components/ui/Button.tsx:26:13)

    console.log
      [Button] Has onClick in props: true

      at log (src/components/ui/Button.tsx:27:13)

    console.log
      [Button] All props: {
        onClick: [Function: handleNavigate],
        'aria-label': 'Navigate to selected form'
      }

      at log (src/components/ui/Button.tsx:28:13)

    console.log
      [Button] Rendering with type: button

      at log (src/components/ui/Button.tsx:25:13)

    console.log
      [Button] Props received: {
        variant: 'primary',
        size: 'lg',
        type: 'button',
        loading: false,
        disabled: false
      }

      at log (src/components/ui/Button.tsx:26:13)

    console.log
      [Button] Has onClick in props: true

      at log (src/components/ui/Button.tsx:27:13)

    console.log
      [Button] All props: {
        onClick: [Function: handleNavigate],
        'aria-label': 'Navigate to selected form'
      }

      at log (src/components/ui/Button.tsx:28:13)

    console.log
      [Button] Rendering with type: button

      at log (src/components/ui/Button.tsx:25:13)

    console.log
      [Button] Props received: {
        variant: 'primary',
        size: 'lg',
        type: 'button',
        loading: false,
        disabled: true
      }

      at log (src/components/ui/Button.tsx:26:13)

    console.log
      [Button] Has onClick in props: true

      at log (src/components/ui/Button.tsx:27:13)

    console.log
      [Button] All props: {
        onClick: [Function: handleNavigate],
        'aria-label': 'Navigate to selected form'
      }

      at log (src/components/ui/Button.tsx:28:13)

    console.log
      [Button] Rendering with type: button

      at log (src/components/ui/Button.tsx:25:13)

    console.log
      [Button] Props received: {
        variant: 'primary',
        size: 'lg',
        type: 'button',
        loading: false,
        disabled: true
      }

      at log (src/components/ui/Button.tsx:26:13)

    console.log
      [Button] Has onClick in props: true

      at log (src/components/ui/Button.tsx:27:13)

    console.log
      [Button] All props: {
        onClick: [Function: handleNavigate],
        'aria-label': 'Navigate to selected form'
      }

      at log (src/components/ui/Button.tsx:28:13)

    console.log
      [Button] Rendering with type: button

      at log (src/components/ui/Button.tsx:25:13)

    console.log
      [Button] Props received: {
        variant: 'primary',
        size: 'lg',
        type: 'button',
        loading: false,
        disabled: false
      }

      at log (src/components/ui/Button.tsx:26:13)

    console.log
      [Button] Has onClick in props: true

      at log (src/components/ui/Button.tsx:27:13)

    console.log
      [Button] All props: {
        onClick: [Function: handleNavigate],
        'aria-label': 'Navigate to selected form'
      }

      at log (src/components/ui/Button.tsx:28:13)

    console.log
      [Button] Rendering with type: button

      at log (src/components/ui/Button.tsx:25:13)

    console.log
      [Button] Props received: {
        variant: 'primary',
        size: 'lg',
        type: 'button',
        loading: false,
        disabled: true
      }

      at log (src/components/ui/Button.tsx:26:13)

    console.log
      [Button] Has onClick in props: true

      at log (src/components/ui/Button.tsx:27:13)

    console.log
      [Button] All props: {
        onClick: [Function: handleNavigate],
        'aria-label': 'Navigate to selected form'
      }

      at log (src/components/ui/Button.tsx:28:13)

    console.log
      [Button] Rendering with type: button

      at log (src/components/ui/Button.tsx:25:13)

    console.log
      [Button] Props received: {
        variant: 'primary',
        size: 'lg',
        type: 'button',
        loading: false,
        disabled: true
      }

      at log (src/components/ui/Button.tsx:26:13)

    console.log
      [Button] Has onClick in props: true

      at log (src/components/ui/Button.tsx:27:13)

    console.log
      [Button] All props: {
        onClick: [Function: handleNavigate],
        'aria-label': 'Navigate to selected form'
      }

      at log (src/components/ui/Button.tsx:28:13)

    console.log
      [Button] Rendering with type: button

      at log (src/components/ui/Button.tsx:25:13)

    console.log
      [Button] Props received: {
        variant: 'primary',
        size: 'lg',
        type: 'button',
        loading: false,
        disabled: false
      }

      at log (src/components/ui/Button.tsx:26:13)

    console.log
      [Button] Has onClick in props: true

      at log (src/components/ui/Button.tsx:27:13)

    console.log
      [Button] All props: {
        onClick: [Function: handleNavigate],
        'aria-label': 'Navigate to selected form'
      }

      at log (src/components/ui/Button.tsx:28:13)

    console.log
      [Button] Rendering with type: button

      at log (src/components/ui/Button.tsx:25:13)

    console.log
      [Button] Props received: {
        variant: 'primary',
        size: 'lg',
        type: 'button',
        loading: false,
        disabled: true
      }

      at log (src/components/ui/Button.tsx:26:13)

    console.log
      [Button] Has onClick in props: true

      at log (src/components/ui/Button.tsx:27:13)

    console.log
      [Button] All props: {
        onClick: [Function: handleNavigate],
        'aria-label': 'Navigate to selected form'
      }

      at log (src/components/ui/Button.tsx:28:13)

    console.log
      [Button] Rendering with type: button

      at log (src/components/ui/Button.tsx:25:13)

    console.log
      [Button] Props received: {
        variant: 'primary',
        size: 'lg',
        type: 'button',
        loading: false,
        disabled: true
      }

      at log (src/components/ui/Button.tsx:26:13)

    console.log
      [Button] Has onClick in props: true

      at log (src/components/ui/Button.tsx:27:13)

    console.log
      [Button] All props: {
        onClick: [Function: handleNavigate],
        'aria-label': 'Navigate to selected form'
      }

      at log (src/components/ui/Button.tsx:28:13)

    console.log
      [Button] Rendering with type: button

      at log (src/components/ui/Button.tsx:25:13)

    console.log
      [Button] Props received: {
        variant: 'primary',
        size: 'lg',
        type: 'button',
        loading: false,
        disabled: false
      }

      at log (src/components/ui/Button.tsx:26:13)

    console.log
      [Button] Has onClick in props: true

      at log (src/components/ui/Button.tsx:27:13)

    console.log
      [Button] All props: {
        onClick: [Function: handleNavigate],
        'aria-label': 'Navigate to selected form'
      }

      at log (src/components/ui/Button.tsx:28:13)

    console.log
      [Button] Rendering with type: button

      at log (src/components/ui/Button.tsx:25:13)

    console.log
      [Button] Props received: {
        variant: 'primary',
        size: 'lg',
        type: 'button',
        loading: false,
        disabled: true
      }

      at log (src/components/ui/Button.tsx:26:13)

    console.log
      [Button] Has onClick in props: true

      at log (src/components/ui/Button.tsx:27:13)

    console.log
      [Button] All props: {
        onClick: [Function: handleNavigate],
        'aria-label': 'Navigate to selected form'
      }

      at log (src/components/ui/Button.tsx:28:13)

    console.log
      [Button] Rendering with type: button

      at log (src/components/ui/Button.tsx:25:13)

    console.log
      [Button] Props received: {
        variant: 'primary',
        size: 'lg',
        type: 'button',
        loading: false,
        disabled: true
      }

      at log (src/components/ui/Button.tsx:26:13)

    console.log
      [Button] Has onClick in props: true

      at log (src/components/ui/Button.tsx:27:13)

    console.log
      [Button] All props: {
        onClick: [Function: handleNavigate],
        'aria-label': 'Navigate to selected form'
      }

      at log (src/components/ui/Button.tsx:28:13)

    console.log
      [Button] Rendering with type: button

      at log (src/components/ui/Button.tsx:25:13)

    console.log
      [Button] Props received: {
        variant: 'primary',
        size: 'lg',
        type: 'button',
        loading: false,
        disabled: false
      }

      at log (src/components/ui/Button.tsx:26:13)

    console.log
      [Button] Has onClick in props: true

      at log (src/components/ui/Button.tsx:27:13)

    console.log
      [Button] All props: {
        onClick: [Function: handleNavigate],
        'aria-label': 'Navigate to selected form'
      }

      at log (src/components/ui/Button.tsx:28:13)

    console.log
      [Button] Rendering with type: button

      at log (src/components/ui/Button.tsx:25:13)

    console.log
      [Button] Props received: {
        variant: 'primary',
        size: 'lg',
        type: 'button',
        loading: false,
        disabled: true
      }

      at log (src/components/ui/Button.tsx:26:13)

    console.log
      [Button] Has onClick in props: true

      at log (src/components/ui/Button.tsx:27:13)

    console.log
      [Button] All props: {
        onClick: [Function: handleNavigate],
        'aria-label': 'Navigate to selected form'
      }

      at log (src/components/ui/Button.tsx:28:13)

    console.log
      [Button] Rendering with type: button

      at log (src/components/ui/Button.tsx:25:13)

    console.log
      [Button] Props received: {
        variant: 'primary',
        size: 'lg',
        type: 'button',
        loading: false,
        disabled: true
      }

      at log (src/components/ui/Button.tsx:26:13)

    console.log
      [Button] Has onClick in props: true

      at log (src/components/ui/Button.tsx:27:13)

    console.log
      [Button] All props: {
        onClick: [Function: handleNavigate],
        'aria-label': 'Navigate to selected form'
      }

      at log (src/components/ui/Button.tsx:28:13)

    console.log
      [Button] Rendering with type: button

      at log (src/components/ui/Button.tsx:25:13)

    console.log
      [Button] Props received: {
        variant: 'primary',
        size: 'lg',
        type: 'button',
        loading: false,
        disabled: false
      }

      at log (src/components/ui/Button.tsx:26:13)

    console.log
      [Button] Has onClick in props: true

      at log (src/components/ui/Button.tsx:27:13)

    console.log
      [Button] All props: {
        onClick: [Function: handleNavigate],
        'aria-label': 'Navigate to selected form'
      }

      at log (src/components/ui/Button.tsx:28:13)

    console.log
      [Button] Rendering with type: button

      at log (src/components/ui/Button.tsx:25:13)

    console.log
      [Button] Props received: {
        variant: 'primary',
        size: 'lg',
        type: 'button',
        loading: false,
        disabled: true
      }

      at log (src/components/ui/Button.tsx:26:13)

    console.log
      [Button] Has onClick in props: true

      at log (src/components/ui/Button.tsx:27:13)

    console.log
      [Button] All props: {
        onClick: [Function: handleNavigate],
        'aria-label': 'Navigate to selected form'
      }

      at log (src/components/ui/Button.tsx:28:13)

    console.log
      [Button] Rendering with type: button

      at log (src/components/ui/Button.tsx:25:13)

    console.log
      [Button] Props received: {
        variant: 'primary',
        size: 'lg',
        type: 'button',
        loading: false,
        disabled: true
      }

      at log (src/components/ui/Button.tsx:26:13)

    console.log
      [Button] Has onClick in props: true

      at log (src/components/ui/Button.tsx:27:13)

    console.log
      [Button] All props: {
        onClick: [Function: handleNavigate],
        'aria-label': 'Navigate to selected form'
      }

      at log (src/components/ui/Button.tsx:28:13)

    console.log
      [Button] Rendering with type: button

      at log (src/components/ui/Button.tsx:25:13)

    console.log
      [Button] Props received: {
        variant: 'primary',
        size: 'lg',
        type: 'button',
        loading: false,
        disabled: false
      }

      at log (src/components/ui/Button.tsx:26:13)

    console.log
      [Button] Has onClick in props: true

      at log (src/components/ui/Button.tsx:27:13)

    console.log
      [Button] All props: {
        onClick: [Function: handleNavigate],
        'aria-label': 'Navigate to selected form'
      }

      at log (src/components/ui/Button.tsx:28:13)

    console.log
      [Button] Rendering with type: button

      at log (src/components/ui/Button.tsx:25:13)

    console.log
      [Button] Props received: {
        variant: 'primary',
        size: 'lg',
        type: 'button',
        loading: false,
        disabled: true
      }

      at log (src/components/ui/Button.tsx:26:13)

    console.log
      [Button] Has onClick in props: true

      at log (src/components/ui/Button.tsx:27:13)

    console.log
      [Button] All props: {
        onClick: [Function: handleNavigate],
        'aria-label': 'Navigate to selected form'
      }

      at log (src/components/ui/Button.tsx:28:13)

    console.log
      [Button] Rendering with type: button

      at log (src/components/ui/Button.tsx:25:13)

    console.log
      [Button] Props received: {
        variant: 'primary',
        size: 'lg',
        type: 'button',
        loading: false,
        disabled: true
      }

      at log (src/components/ui/Button.tsx:26:13)

    console.log
      [Button] Has onClick in props: true

      at log (src/components/ui/Button.tsx:27:13)

    console.log
      [Button] All props: {
        onClick: [Function: handleNavigate],
        'aria-label': 'Navigate to selected form'
      }

      at log (src/components/ui/Button.tsx:28:13)

    console.log
      [Button] Rendering with type: button

      at log (src/components/ui/Button.tsx:25:13)

    console.log
      [Button] Props received: {
        variant: 'primary',
        size: 'lg',
        type: 'button',
        loading: false,
        disabled: false
      }

      at log (src/components/ui/Button.tsx:26:13)

    console.log
      [Button] Has onClick in props: true

      at log (src/components/ui/Button.tsx:27:13)

    console.log
      [Button] All props: {
        onClick: [Function: handleNavigate],
        'aria-label': 'Navigate to selected form'
      }

      at log (src/components/ui/Button.tsx:28:13)

    console.log
      [Button] Rendering with type: button

      at log (src/components/ui/Button.tsx:25:13)

    console.log
      [Button] Props received: {
        variant: 'primary',
        size: 'lg',
        type: 'button',
        loading: false,
        disabled: true
      }

      at log (src/components/ui/Button.tsx:26:13)

    console.log
      [Button] Has onClick in props: true

      at log (src/components/ui/Button.tsx:27:13)

    console.log
      [Button] All props: {
        onClick: [Function: handleNavigate],
        'aria-label': 'Navigate to selected form'
      }

      at log (src/components/ui/Button.tsx:28:13)

    console.log
      [Button] Rendering with type: button

      at log (src/components/ui/Button.tsx:25:13)

    console.log
      [Button] Props received: {
        variant: 'primary',
        size: 'lg',
        type: 'button',
        loading: false,
        disabled: true
      }

      at log (src/components/ui/Button.tsx:26:13)

    console.log
      [Button] Has onClick in props: true

      at log (src/components/ui/Button.tsx:27:13)

    console.log
      [Button] All props: {
        onClick: [Function: handleNavigate],
        'aria-label': 'Navigate to selected form'
      }

      at log (src/components/ui/Button.tsx:28:13)

    console.log
      [Button] Rendering with type: button

      at log (src/components/ui/Button.tsx:25:13)

    console.log
      [Button] Props received: {
        variant: 'primary',
        size: 'lg',
        type: 'button',
        loading: false,
        disabled: false
      }

      at log (src/components/ui/Button.tsx:26:13)

    console.log
      [Button] Has onClick in props: true

      at log (src/components/ui/Button.tsx:27:13)

    console.log
      [Button] All props: {
        onClick: [Function: handleNavigate],
        'aria-label': 'Navigate to selected form'
      }

      at log (src/components/ui/Button.tsx:28:13)

    console.log
      [Button] Rendering with type: button

      at log (src/components/ui/Button.tsx:25:13)

    console.log
      [Button] Props received: {
        variant: 'primary',
        size: 'lg',
        type: 'button',
        loading: false,
        disabled: true
      }

      at log (src/components/ui/Button.tsx:26:13)

    console.log
      [Button] Has onClick in props: true

      at log (src/components/ui/Button.tsx:27:13)

    console.log
      [Button] All props: {
        onClick: [Function: handleNavigate],
        'aria-label': 'Navigate to selected form'
      }

      at log (src/components/ui/Button.tsx:28:13)

    console.log
      [Button] Rendering with type: button

      at log (src/components/ui/Button.tsx:25:13)

    console.log
      [Button] Props received: {
        variant: 'primary',
        size: 'lg',
        type: 'button',
        loading: false,
        disabled: true
      }

      at log (src/components/ui/Button.tsx:26:13)

    console.log
      [Button] Has onClick in props: true

      at log (src/components/ui/Button.tsx:27:13)

    console.log
      [Button] All props: {
        onClick: [Function: handleNavigate],
        'aria-label': 'Navigate to selected form'
      }

      at log (src/components/ui/Button.tsx:28:13)

    console.log
      [Button] Rendering with type: button

      at log (src/components/ui/Button.tsx:25:13)

    console.log
      [Button] Props received: {
        variant: 'primary',
        size: 'lg',
        type: 'button',
        loading: false,
        disabled: false
      }

      at log (src/components/ui/Button.tsx:26:13)

    console.log
      [Button] Has onClick in props: true

      at log (src/components/ui/Button.tsx:27:13)

    console.log
      [Button] All props: {
        onClick: [Function: handleNavigate],
        'aria-label': 'Navigate to selected form'
      }

      at log (src/components/ui/Button.tsx:28:13)

    console.log
      [Button] Rendering with type: button

      at log (src/components/ui/Button.tsx:25:13)

    console.log
      [Button] Props received: {
        variant: 'primary',
        size: 'lg',
        type: 'button',
        loading: false,
        disabled: true
      }

      at log (src/components/ui/Button.tsx:26:13)

    console.log
      [Button] Has onClick in props: true

      at log (src/components/ui/Button.tsx:27:13)

    console.log
      [Button] All props: {
        onClick: [Function: handleNavigate],
        'aria-label': 'Navigate to selected form'
      }

      at log (src/components/ui/Button.tsx:28:13)

    console.log
      [Button] Rendering with type: button

      at log (src/components/ui/Button.tsx:25:13)

    console.log
      [Button] Props received: {
        variant: 'primary',
        size: 'lg',
        type: 'button',
        loading: false,
        disabled: true
      }

      at log (src/components/ui/Button.tsx:26:13)

    console.log
      [Button] Has onClick in props: true

      at log (src/components/ui/Button.tsx:27:13)

    console.log
      [Button] All props: {
        onClick: [Function: handleNavigate],
        'aria-label': 'Navigate to selected form'
      }

      at log (src/components/ui/Button.tsx:28:13)

    console.log
      [Button] Rendering with type: button

      at log (src/components/ui/Button.tsx:25:13)

    console.log
      [Button] Props received: {
        variant: 'primary',
        size: 'lg',
        type: 'button',
        loading: false,
        disabled: false
      }

      at log (src/components/ui/Button.tsx:26:13)

    console.log
      [Button] Has onClick in props: true

      at log (src/components/ui/Button.tsx:27:13)

    console.log
      [Button] All props: {
        onClick: [Function: handleNavigate],
        'aria-label': 'Navigate to selected form'
      }

      at log (src/components/ui/Button.tsx:28:13)

    console.log
      [Button] Rendering with type: button

      at log (src/components/ui/Button.tsx:25:13)

    console.log
      [Button] Props received: {
        variant: 'primary',
        size: 'lg',
        type: 'button',
        loading: false,
        disabled: true
      }

      at log (src/components/ui/Button.tsx:26:13)

    console.log
      [Button] Has onClick in props: true

      at log (src/components/ui/Button.tsx:27:13)

    console.log
      [Button] All props: {
        onClick: [Function: handleNavigate],
        'aria-label': 'Navigate to selected form'
      }

      at log (src/components/ui/Button.tsx:28:13)

    console.log
      [Button] Rendering with type: button

      at log (src/components/ui/Button.tsx:25:13)

    console.log
      [Button] Props received: {
        variant: 'primary',
        size: 'lg',
        type: 'button',
        loading: false,
        disabled: true
      }

      at log (src/components/ui/Button.tsx:26:13)

    console.log
      [Button] Has onClick in props: true

      at log (src/components/ui/Button.tsx:27:13)

    console.log
      [Button] All props: {
        onClick: [Function: handleNavigate],
        'aria-label': 'Navigate to selected form'
      }

      at log (src/components/ui/Button.tsx:28:13)

    console.log
      [Button] Rendering with type: button

      at log (src/components/ui/Button.tsx:25:13)

    console.log
      [Button] Props received: {
        variant: 'primary',
        size: 'lg',
        type: 'button',
        loading: false,
        disabled: false
      }

      at log (src/components/ui/Button.tsx:26:13)

    console.log
      [Button] Has onClick in props: true

      at log (src/components/ui/Button.tsx:27:13)

    console.log
      [Button] All props: {
        onClick: [Function: handleNavigate],
        'aria-label': 'Navigate to selected form'
      }

      at log (src/components/ui/Button.tsx:28:13)

    console.log
      [Button] Rendering with type: button

      at log (src/components/ui/Button.tsx:25:13)

    console.log
      [Button] Props received: {
        variant: 'primary',
        size: 'lg',
        type: 'button',
        loading: false,
        disabled: true
      }

      at log (src/components/ui/Button.tsx:26:13)

    console.log
      [Button] Has onClick in props: true

      at log (src/components/ui/Button.tsx:27:13)

    console.log
      [Button] All props: {
        onClick: [Function: handleNavigate],
        'aria-label': 'Navigate to selected form'
      }

      at log (src/components/ui/Button.tsx:28:13)

    console.log
      [Button] Rendering with type: button

      at log (src/components/ui/Button.tsx:25:13)

    console.log
      [Button] Props received: {
        variant: 'primary',
        size: 'lg',
        type: 'button',
        loading: false,
        disabled: true
      }

      at log (src/components/ui/Button.tsx:26:13)

    console.log
      [Button] Has onClick in props: true

      at log (src/components/ui/Button.tsx:27:13)

    console.log
      [Button] All props: {
        onClick: [Function: handleNavigate],
        'aria-label': 'Navigate to selected form'
      }

      at log (src/components/ui/Button.tsx:28:13)

    console.log
      [Button] Rendering with type: button

      at log (src/components/ui/Button.tsx:25:13)

    console.log
      [Button] Props received: {
        variant: 'primary',
        size: 'lg',
        type: 'button',
        loading: false,
        disabled: false
      }

      at log (src/components/ui/Button.tsx:26:13)

    console.log
      [Button] Has onClick in props: true

      at log (src/components/ui/Button.tsx:27:13)

    console.log
      [Button] All props: {
        onClick: [Function: handleNavigate],
        'aria-label': 'Navigate to selected form'
      }

      at log (src/components/ui/Button.tsx:28:13)

    console.log
      [Button] Rendering with type: button

      at log (src/components/ui/Button.tsx:25:13)

    console.log
      [Button] Props received: {
        variant: 'primary',
        size: 'lg',
        type: 'button',
        loading: false,
        disabled: true
      }

      at log (src/components/ui/Button.tsx:26:13)

    console.log
      [Button] Has onClick in props: true

      at log (src/components/ui/Button.tsx:27:13)

    console.log
      [Button] All props: {
        onClick: [Function: handleNavigate],
        'aria-label': 'Navigate to selected form'
      }

      at log (src/components/ui/Button.tsx:28:13)

    console.log
      [Button] Rendering with type: button

      at log (src/components/ui/Button.tsx:25:13)

    console.log
      [Button] Props received: {
        variant: 'primary',
        size: 'lg',
        type: 'button',
        loading: false,
        disabled: true
      }

      at log (src/components/ui/Button.tsx:26:13)

    console.log
      [Button] Has onClick in props: true

      at log (src/components/ui/Button.tsx:27:13)

    console.log
      [Button] All props: {
        onClick: [Function: handleNavigate],
        'aria-label': 'Navigate to selected form'
      }

      at log (src/components/ui/Button.tsx:28:13)

    console.log
      [Button] Rendering with type: button

      at log (src/components/ui/Button.tsx:25:13)

    console.log
      [Button] Props received: {
        variant: 'primary',
        size: 'lg',
        type: 'button',
        loading: false,
        disabled: false
      }

      at log (src/components/ui/Button.tsx:26:13)

    console.log
      [Button] Has onClick in props: true

      at log (src/components/ui/Button.tsx:27:13)

    console.log
      [Button] All props: {
        onClick: [Function: handleNavigate],
        'aria-label': 'Navigate to selected form'
      }

      at log (src/components/ui/Button.tsx:28:13)

    console.log
      [Button] Rendering with type: button

      at log (src/components/ui/Button.tsx:25:13)

    console.log
      [Button] Props received: {
        variant: 'primary',
        size: 'lg',
        type: 'button',
        loading: false,
        disabled: true
      }

      at log (src/components/ui/Button.tsx:26:13)

    console.log
      [Button] Has onClick in props: true

      at log (src/components/ui/Button.tsx:27:13)

    console.log
      [Button] All props: {
        onClick: [Function: handleNavigate],
        'aria-label': 'Navigate to selected form'
      }

      at log (src/components/ui/Button.tsx:28:13)

    console.log
      [Button] Rendering with type: button

      at log (src/components/ui/Button.tsx:25:13)

    console.log
      [Button] Props received: {
        variant: 'primary',
        size: 'lg',
        type: 'button',
        loading: false,
        disabled: true
      }

      at log (src/components/ui/Button.tsx:26:13)

    console.log
      [Button] Has onClick in props: true

      at log (src/components/ui/Button.tsx:27:13)

    console.log
      [Button] All props: {
        onClick: [Function: handleNavigate],
        'aria-label': 'Navigate to selected form'
      }

      at log (src/components/ui/Button.tsx:28:13)

    console.log
      [Button] Rendering with type: button

      at log (src/components/ui/Button.tsx:25:13)

    console.log
      [Button] Props received: {
        variant: 'primary',
        size: 'lg',
        type: 'button',
        loading: false,
        disabled: false
      }

      at log (src/components/ui/Button.tsx:26:13)

    console.log
      [Button] Has onClick in props: true

      at log (src/components/ui/Button.tsx:27:13)

    console.log
      [Button] All props: {
        onClick: [Function: handleNavigate],
        'aria-label': 'Navigate to selected form'
      }

      at log (src/components/ui/Button.tsx:28:13)

    console.log
      [Button] Rendering with type: button

      at log (src/components/ui/Button.tsx:25:13)

    console.log
      [Button] Props received: {
        variant: 'primary',
        size: 'lg',
        type: 'button',
        loading: false,
        disabled: true
      }

      at log (src/components/ui/Button.tsx:26:13)

    console.log
      [Button] Has onClick in props: true

      at log (src/components/ui/Button.tsx:27:13)

    console.log
      [Button] All props: {
        onClick: [Function: handleNavigate],
        'aria-label': 'Navigate to selected form'
      }

      at log (src/components/ui/Button.tsx:28:13)

    console.log
      [Button] Rendering with type: button

      at log (src/components/ui/Button.tsx:25:13)

    console.log
      [Button] Props received: {
        variant: 'primary',
        size: 'lg',
        type: 'button',
        loading: false,
        disabled: true
      }

      at log (src/components/ui/Button.tsx:26:13)

    console.log
      [Button] Has onClick in props: true

      at log (src/components/ui/Button.tsx:27:13)

    console.log
      [Button] All props: {
        onClick: [Function: handleNavigate],
        'aria-label': 'Navigate to selected form'
      }

      at log (src/components/ui/Button.tsx:28:13)

    console.log
      [Button] Rendering with type: button

      at log (src/components/ui/Button.tsx:25:13)

    console.log
      [Button] Props received: {
        variant: 'primary',
        size: 'lg',
        type: 'button',
        loading: false,
        disabled: false
      }

      at log (src/components/ui/Button.tsx:26:13)

    console.log
      [Button] Has onClick in props: true

      at log (src/components/ui/Button.tsx:27:13)

    console.log
      [Button] All props: {
        onClick: [Function: handleNavigate],
        'aria-label': 'Navigate to selected form'
      }

      at log (src/components/ui/Button.tsx:28:13)

    console.log
      [Button] Rendering with type: button

      at log (src/components/ui/Button.tsx:25:13)

    console.log
      [Button] Props received: {
        variant: 'primary',
        size: 'lg',
        type: 'button',
        loading: false,
        disabled: true
      }

      at log (src/components/ui/Button.tsx:26:13)

    console.log
      [Button] Has onClick in props: true

      at log (src/components/ui/Button.tsx:27:13)

    console.log
      [Button] All props: {
        onClick: [Function: handleNavigate],
        'aria-label': 'Navigate to selected form'
      }

      at log (src/components/ui/Button.tsx:28:13)

    console.log
      [Button] Rendering with type: button

      at log (src/components/ui/Button.tsx:25:13)

    console.log
      [Button] Props received: {
        variant: 'primary',
        size: 'lg',
        type: 'button',
        loading: false,
        disabled: true
      }

      at log (src/components/ui/Button.tsx:26:13)

    console.log
      [Button] Has onClick in props: true

      at log (src/components/ui/Button.tsx:27:13)

    console.log
      [Button] All props: {
        onClick: [Function: handleNavigate],
        'aria-label': 'Navigate to selected form'
      }

      at log (src/components/ui/Button.tsx:28:13)

    console.log
      [Button] Rendering with type: button

      at log (src/components/ui/Button.tsx:25:13)

    console.log
      [Button] Props received: {
        variant: 'primary',
        size: 'lg',
        type: 'button',
        loading: false,
        disabled: false
      }

      at log (src/components/ui/Button.tsx:26:13)

    console.log
      [Button] Has onClick in props: true

      at log (src/components/ui/Button.tsx:27:13)

    console.log
      [Button] All props: {
        onClick: [Function: handleNavigate],
        'aria-label': 'Navigate to selected form'
      }

      at log (src/components/ui/Button.tsx:28:13)

    console.log
      [Button] Rendering with type: button

      at log (src/components/ui/Button.tsx:25:13)

    console.log
      [Button] Props received: {
        variant: 'primary',
        size: 'lg',
        type: 'button',
        loading: false,
        disabled: true
      }

      at log (src/components/ui/Button.tsx:26:13)

    console.log
      [Button] Has onClick in props: true

      at log (src/components/ui/Button.tsx:27:13)

    console.log
      [Button] All props: {
        onClick: [Function: handleNavigate],
        'aria-label': 'Navigate to selected form'
      }

      at log (src/components/ui/Button.tsx:28:13)

    console.log
      [Button] Rendering with type: button

      at log (src/components/ui/Button.tsx:25:13)

    console.log
      [Button] Props received: {
        variant: 'primary',
        size: 'lg',
        type: 'button',
        loading: false,
        disabled: true
      }

      at log (src/components/ui/Button.tsx:26:13)

    console.log
      [Button] Has onClick in props: true

      at log (src/components/ui/Button.tsx:27:13)

    console.log
      [Button] All props: {
        onClick: [Function: handleNavigate],
        'aria-label': 'Navigate to selected form'
      }

      at log (src/components/ui/Button.tsx:28:13)

    console.log
      [Button] Rendering with type: button

      at log (src/components/ui/Button.tsx:25:13)

    console.log
      [Button] Props received: {
        variant: 'primary',
        size: 'lg',
        type: 'button',
        loading: false,
        disabled: false
      }

      at log (src/components/ui/Button.tsx:26:13)

    console.log
      [Button] Has onClick in props: true

      at log (src/components/ui/Button.tsx:27:13)

    console.log
      [Button] All props: {
        onClick: [Function: handleNavigate],
        'aria-label': 'Navigate to selected form'
      }

      at log (src/components/ui/Button.tsx:28:13)

    console.log
      [Button] Rendering with type: button

      at log (src/components/ui/Button.tsx:25:13)

    console.log
      [Button] Props received: {
        variant: 'primary',
        size: 'lg',
        type: 'button',
        loading: false,
        disabled: true
      }

      at log (src/components/ui/Button.tsx:26:13)

    console.log
      [Button] Has onClick in props: true

      at log (src/components/ui/Button.tsx:27:13)

    console.log
      [Button] All props: {
        onClick: [Function: handleNavigate],
        'aria-label': 'Navigate to selected form'
      }

      at log (src/components/ui/Button.tsx:28:13)

    console.log
      [Button] Rendering with type: button

      at log (src/components/ui/Button.tsx:25:13)

    console.log
      [Button] Props received: {
        variant: 'primary',
        size: 'lg',
        type: 'button',
        loading: false,
        disabled: true
      }

      at log (src/components/ui/Button.tsx:26:13)

    console.log
      [Button] Has onClick in props: true

      at log (src/components/ui/Button.tsx:27:13)

    console.log
      [Button] All props: {
        onClick: [Function: handleNavigate],
        'aria-label': 'Navigate to selected form'
      }

      at log (src/components/ui/Button.tsx:28:13)

    console.log
      [Button] Rendering with type: button

      at log (src/components/ui/Button.tsx:25:13)

    console.log
      [Button] Props received: {
        variant: 'primary',
        size: 'lg',
        type: 'button',
        loading: false,
        disabled: false
      }

      at log (src/components/ui/Button.tsx:26:13)

    console.log
      [Button] Has onClick in props: true

      at log (src/components/ui/Button.tsx:27:13)

    console.log
      [Button] All props: {
        onClick: [Function: handleNavigate],
        'aria-label': 'Navigate to selected form'
      }

      at log (src/components/ui/Button.tsx:28:13)

    console.log
      [Button] Rendering with type: button

      at log (src/components/ui/Button.tsx:25:13)

    console.log
      [Button] Props received: {
        variant: 'primary',
        size: 'lg',
        type: 'button',
        loading: false,
        disabled: true
      }

      at log (src/components/ui/Button.tsx:26:13)

    console.log
      [Button] Has onClick in props: true

      at log (src/components/ui/Button.tsx:27:13)

    console.log
      [Button] All props: {
        onClick: [Function: handleNavigate],
        'aria-label': 'Navigate to selected form'
      }

      at log (src/components/ui/Button.tsx:28:13)

    console.log
      [Button] Rendering with type: button

      at log (src/components/ui/Button.tsx:25:13)

    console.log
      [Button] Props received: {
        variant: 'primary',
        size: 'lg',
        type: 'button',
        loading: false,
        disabled: true
      }

      at log (src/components/ui/Button.tsx:26:13)

    console.log
      [Button] Has onClick in props: true

      at log (src/components/ui/Button.tsx:27:13)

    console.log
      [Button] All props: {
        onClick: [Function: handleNavigate],
        'aria-label': 'Navigate to selected form'
      }

      at log (src/components/ui/Button.tsx:28:13)

    console.log
      [Button] Rendering with type: button

      at log (src/components/ui/Button.tsx:25:13)

    console.log
      [Button] Props received: {
        variant: 'primary',
        size: 'lg',
        type: 'button',
        loading: false,
        disabled: false
      }

      at log (src/components/ui/Button.tsx:26:13)

    console.log
      [Button] Has onClick in props: true

      at log (src/components/ui/Button.tsx:27:13)

    console.log
      [Button] All props: {
        onClick: [Function: handleNavigate],
        'aria-label': 'Navigate to selected form'
      }

      at log (src/components/ui/Button.tsx:28:13)

    console.log
      [Button] Rendering with type: button

      at log (src/components/ui/Button.tsx:25:13)

    console.log
      [Button] Props received: {
        variant: 'primary',
        size: 'lg',
        type: 'button',
        loading: false,
        disabled: true
      }

      at log (src/components/ui/Button.tsx:26:13)

    console.log
      [Button] Has onClick in props: true

      at log (src/components/ui/Button.tsx:27:13)

    console.log
      [Button] All props: {
        onClick: [Function: handleNavigate],
        'aria-label': 'Navigate to selected form'
      }

      at log (src/components/ui/Button.tsx:28:13)

    console.log
      [Button] Rendering with type: button

      at log (src/components/ui/Button.tsx:25:13)

    console.log
      [Button] Props received: {
        variant: 'primary',
        size: 'lg',
        type: 'button',
        loading: false,
        disabled: true
      }

      at log (src/components/ui/Button.tsx:26:13)

    console.log
      [Button] Has onClick in props: true

      at log (src/components/ui/Button.tsx:27:13)

    console.log
      [Button] All props: {
        onClick: [Function: handleNavigate],
        'aria-label': 'Navigate to selected form'
      }

      at log (src/components/ui/Button.tsx:28:13)

    console.log
      [Button] Rendering with type: button

      at log (src/components/ui/Button.tsx:25:13)

    console.log
      [Button] Props received: {
        variant: 'primary',
        size: 'lg',
        type: 'button',
        loading: false,
        disabled: false
      }

      at log (src/components/ui/Button.tsx:26:13)

    console.log
      [Button] Has onClick in props: true

      at log (src/components/ui/Button.tsx:27:13)

    console.log
      [Button] All props: {
        onClick: [Function: handleNavigate],
        'aria-label': 'Navigate to selected form'
      }

      at log (src/components/ui/Button.tsx:28:13)

    console.log
      [Button] Rendering with type: button

      at log (src/components/ui/Button.tsx:25:13)

    console.log
      [Button] Props received: {
        variant: 'primary',
        size: 'lg',
        type: 'button',
        loading: false,
        disabled: true
      }

      at log (src/components/ui/Button.tsx:26:13)

    console.log
      [Button] Has onClick in props: true

      at log (src/components/ui/Button.tsx:27:13)

    console.log
      [Button] All props: {
        onClick: [Function: handleNavigate],
        'aria-label': 'Navigate to selected form'
      }

      at log (src/components/ui/Button.tsx:28:13)

    console.log
      [Button] Rendering with type: button

      at log (src/components/ui/Button.tsx:25:13)

    console.log
      [Button] Props received: {
        variant: 'primary',
        size: 'lg',
        type: 'button',
        loading: false,
        disabled: true
      }

      at log (src/components/ui/Button.tsx:26:13)

    console.log
      [Button] Has onClick in props: true

      at log (src/components/ui/Button.tsx:27:13)

    console.log
      [Button] All props: {
        onClick: [Function: handleNavigate],
        'aria-label': 'Navigate to selected form'
      }

      at log (src/components/ui/Button.tsx:28:13)

    console.log
      [Button] Rendering with type: button

      at log (src/components/ui/Button.tsx:25:13)

    console.log
      [Button] Props received: {
        variant: 'primary',
        size: 'lg',
        type: 'button',
        loading: false,
        disabled: false
      }

      at log (src/components/ui/Button.tsx:26:13)

    console.log
      [Button] Has onClick in props: true

      at log (src/components/ui/Button.tsx:27:13)

    console.log
      [Button] All props: {
        onClick: [Function: handleNavigate],
        'aria-label': 'Navigate to selected form'
      }

      at log (src/components/ui/Button.tsx:28:13)

    console.log
      [Button] Rendering with type: button

      at log (src/components/ui/Button.tsx:25:13)

    console.log
      [Button] Props received: {
        variant: 'primary',
        size: 'lg',
        type: 'button',
        loading: false,
        disabled: true
      }

      at log (src/components/ui/Button.tsx:26:13)

    console.log
      [Button] Has onClick in props: true

      at log (src/components/ui/Button.tsx:27:13)

    console.log
      [Button] All props: {
        onClick: [Function: handleNavigate],
        'aria-label': 'Navigate to selected form'
      }

      at log (src/components/ui/Button.tsx:28:13)

    console.log
      [Button] Rendering with type: button

      at log (src/components/ui/Button.tsx:25:13)

    console.log
      [Button] Props received: {
        variant: 'primary',
        size: 'lg',
        type: 'button',
        loading: false,
        disabled: true
      }

      at log (src/components/ui/Button.tsx:26:13)

    console.log
      [Button] Has onClick in props: true

      at log (src/components/ui/Button.tsx:27:13)

    console.log
      [Button] All props: {
        onClick: [Function: handleNavigate],
        'aria-label': 'Navigate to selected form'
      }

      at log (src/components/ui/Button.tsx:28:13)

    console.log
      [Button] Rendering with type: button

      at log (src/components/ui/Button.tsx:25:13)

    console.log
      [Button] Props received: {
        variant: 'primary',
        size: 'lg',
        type: 'button',
        loading: false,
        disabled: false
      }

      at log (src/components/ui/Button.tsx:26:13)

    console.log
      [Button] Has onClick in props: true

      at log (src/components/ui/Button.tsx:27:13)

    console.log
      [Button] All props: {
        onClick: [Function: handleNavigate],
        'aria-label': 'Navigate to selected form'
      }

      at log (src/components/ui/Button.tsx:28:13)

    console.log
      [Button] Rendering with type: button

      at log (src/components/ui/Button.tsx:25:13)

    console.log
      [Button] Props received: {
        variant: 'primary',
        size: 'lg',
        type: 'button',
        loading: false,
        disabled: true
      }

      at log (src/components/ui/Button.tsx:26:13)

    console.log
      [Button] Has onClick in props: true

      at log (src/components/ui/Button.tsx:27:13)

    console.log
      [Button] All props: {
        onClick: [Function: handleNavigate],
        'aria-label': 'Navigate to selected form'
      }

      at log (src/components/ui/Button.tsx:28:13)

    console.log
      [Button] Rendering with type: button

      at log (src/components/ui/Button.tsx:25:13)

    console.log
      [Button] Props received: {
        variant: 'primary',
        size: 'lg',
        type: 'button',
        loading: false,
        disabled: true
      }

      at log (src/components/ui/Button.tsx:26:13)

    console.log
      [Button] Has onClick in props: true

      at log (src/components/ui/Button.tsx:27:13)

    console.log
      [Button] All props: {
        onClick: [Function: handleNavigate],
        'aria-label': 'Navigate to selected form'
      }

      at log (src/components/ui/Button.tsx:28:13)

    console.log
      [Button] Rendering with type: button

      at log (src/components/ui/Button.tsx:25:13)

    console.log
      [Button] Props received: {
        variant: 'primary',
        size: 'lg',
        type: 'button',
        loading: false,
        disabled: false
      }

      at log (src/components/ui/Button.tsx:26:13)

    console.log
      [Button] Has onClick in props: true

      at log (src/components/ui/Button.tsx:27:13)

    console.log
      [Button] All props: {
        onClick: [Function: handleNavigate],
        'aria-label': 'Navigate to selected form'
      }

      at log (src/components/ui/Button.tsx:28:13)

    console.log
      [Button] Rendering with type: button

      at log (src/components/ui/Button.tsx:25:13)

    console.log
      [Button] Props received: {
        variant: 'primary',
        size: 'lg',
        type: 'button',
        loading: false,
        disabled: true
      }

      at log (src/components/ui/Button.tsx:26:13)

    console.log
      [Button] Has onClick in props: true

      at log (src/components/ui/Button.tsx:27:13)

    console.log
      [Button] All props: {
        onClick: [Function: handleNavigate],
        'aria-label': 'Navigate to selected form'
      }

      at log (src/components/ui/Button.tsx:28:13)

    console.log
      [Button] Rendering with type: button

      at log (src/components/ui/Button.tsx:25:13)

    console.log
      [Button] Props received: {
        variant: 'primary',
        size: 'lg',
        type: 'button',
        loading: false,
        disabled: true
      }

      at log (src/components/ui/Button.tsx:26:13)

    console.log
      [Button] Has onClick in props: true

      at log (src/components/ui/Button.tsx:27:13)

    console.log
      [Button] All props: {
        onClick: [Function: handleNavigate],
        'aria-label': 'Navigate to selected form'
      }

      at log (src/components/ui/Button.tsx:28:13)

    console.log
      [Button] Rendering with type: button

      at log (src/components/ui/Button.tsx:25:13)

    console.log
      [Button] Props received: {
        variant: 'primary',
        size: 'lg',
        type: 'button',
        loading: false,
        disabled: false
      }

      at log (src/components/ui/Button.tsx:26:13)

    console.log
      [Button] Has onClick in props: true

      at log (src/components/ui/Button.tsx:27:13)

    console.log
      [Button] All props: {
        onClick: [Function: handleNavigate],
        'aria-label': 'Navigate to selected form'
      }

      at log (src/components/ui/Button.tsx:28:13)

    console.log
      [Button] Rendering with type: button

      at log (src/components/ui/Button.tsx:25:13)

    console.log
      [Button] Props received: {
        variant: 'primary',
        size: 'lg',
        type: 'button',
        loading: false,
        disabled: true
      }

      at log (src/components/ui/Button.tsx:26:13)

    console.log
      [Button] Has onClick in props: true

      at log (src/components/ui/Button.tsx:27:13)

    console.log
      [Button] All props: {
        onClick: [Function: handleNavigate],
        'aria-label': 'Navigate to selected form'
      }

      at log (src/components/ui/Button.tsx:28:13)

    console.log
      [Button] Rendering with type: button

      at log (src/components/ui/Button.tsx:25:13)

    console.log
      [Button] Props received: {
        variant: 'primary',
        size: 'lg',
        type: 'button',
        loading: false,
        disabled: true
      }

      at log (src/components/ui/Button.tsx:26:13)

    console.log
      [Button] Has onClick in props: true

      at log (src/components/ui/Button.tsx:27:13)

    console.log
      [Button] All props: {
        onClick: [Function: handleNavigate],
        'aria-label': 'Navigate to selected form'
      }

      at log (src/components/ui/Button.tsx:28:13)

    console.log
      [Button] Rendering with type: button

      at log (src/components/ui/Button.tsx:25:13)

    console.log
      [Button] Props received: {
        variant: 'primary',
        size: 'lg',
        type: 'button',
        loading: false,
        disabled: false
      }

      at log (src/components/ui/Button.tsx:26:13)

    console.log
      [Button] Has onClick in props: true

      at log (src/components/ui/Button.tsx:27:13)

    console.log
      [Button] All props: {
        onClick: [Function: handleNavigate],
        'aria-label': 'Navigate to selected form'
      }

      at log (src/components/ui/Button.tsx:28:13)

    console.log
      [Button] Rendering with type: button

      at log (src/components/ui/Button.tsx:25:13)

    console.log
      [Button] Props received: {
        variant: 'primary',
        size: 'lg',
        type: 'button',
        loading: false,
        disabled: true
      }

      at log (src/components/ui/Button.tsx:26:13)

    console.log
      [Button] Has onClick in props: true

      at log (src/components/ui/Button.tsx:27:13)

    console.log
      [Button] All props: {
        onClick: [Function: handleNavigate],
        'aria-label': 'Navigate to selected form'
      }

      at log (src/components/ui/Button.tsx:28:13)

    console.log
      [Button] Rendering with type: button

      at log (src/components/ui/Button.tsx:25:13)

    console.log
      [Button] Props received: {
        variant: 'primary',
        size: 'lg',
        type: 'button',
        loading: false,
        disabled: true
      }

      at log (src/components/ui/Button.tsx:26:13)

    console.log
      [Button] Has onClick in props: true

      at log (src/components/ui/Button.tsx:27:13)

    console.log
      [Button] All props: {
        onClick: [Function: handleNavigate],
        'aria-label': 'Navigate to selected form'
      }

      at log (src/components/ui/Button.tsx:28:13)

    console.log
      [Button] Rendering with type: button

      at log (src/components/ui/Button.tsx:25:13)

    console.log
      [Button] Props received: {
        variant: 'primary',
        size: 'lg',
        type: 'button',
        loading: false,
        disabled: false
      }

      at log (src/components/ui/Button.tsx:26:13)

    console.log
      [Button] Has onClick in props: true

      at log (src/components/ui/Button.tsx:27:13)

    console.log
      [Button] All props: {
        onClick: [Function: handleNavigate],
        'aria-label': 'Navigate to selected form'
      }

      at log (src/components/ui/Button.tsx:28:13)

    console.log
      [Button] Rendering with type: button

      at log (src/components/ui/Button.tsx:25:13)

    console.log
      [Button] Props received: {
        variant: 'primary',
        size: 'lg',
        type: 'button',
        loading: false,
        disabled: true
      }

      at log (src/components/ui/Button.tsx:26:13)

    console.log
      [Button] Has onClick in props: true

      at log (src/components/ui/Button.tsx:27:13)

    console.log
      [Button] All props: {
        onClick: [Function: handleNavigate],
        'aria-label': 'Navigate to selected form'
      }

      at log (src/components/ui/Button.tsx:28:13)

    console.log
      [Button] Rendering with type: button

      at log (src/components/ui/Button.tsx:25:13)

    console.log
      [Button] Props received: {
        variant: 'primary',
        size: 'lg',
        type: 'button',
        loading: false,
        disabled: true
      }

      at log (src/components/ui/Button.tsx:26:13)

    console.log
      [Button] Has onClick in props: true

      at log (src/components/ui/Button.tsx:27:13)

    console.log
      [Button] All props: {
        onClick: [Function: handleNavigate],
        'aria-label': 'Navigate to selected form'
      }

      at log (src/components/ui/Button.tsx:28:13)

    console.log
      [Button] Rendering with type: button

      at log (src/components/ui/Button.tsx:25:13)

    console.log
      [Button] Props received: {
        variant: 'primary',
        size: 'lg',
        type: 'button',
        loading: false,
        disabled: false
      }

      at log (src/components/ui/Button.tsx:26:13)

    console.log
      [Button] Has onClick in props: true

      at log (src/components/ui/Button.tsx:27:13)

    console.log
      [Button] All props: {
        onClick: [Function: handleNavigate],
        'aria-label': 'Navigate to selected form'
      }

      at log (src/components/ui/Button.tsx:28:13)

    console.log
      [Button] Rendering with type: button

      at log (src/components/ui/Button.tsx:25:13)

    console.log
      [Button] Props received: {
        variant: 'primary',
        size: 'lg',
        type: 'button',
        loading: false,
        disabled: true
      }

      at log (src/components/ui/Button.tsx:26:13)

    console.log
      [Button] Has onClick in props: true

      at log (src/components/ui/Button.tsx:27:13)

    console.log
      [Button] All props: {
        onClick: [Function: handleNavigate],
        'aria-label': 'Navigate to selected form'
      }

      at log (src/components/ui/Button.tsx:28:13)

    console.log
      [Button] Rendering with type: button

      at log (src/components/ui/Button.tsx:25:13)

    console.log
      [Button] Props received: {
        variant: 'primary',
        size: 'lg',
        type: 'button',
        loading: false,
        disabled: true
      }

      at log (src/components/ui/Button.tsx:26:13)

    console.log
      [Button] Has onClick in props: true

      at log (src/components/ui/Button.tsx:27:13)

    console.log
      [Button] All props: {
        onClick: [Function: handleNavigate],
        'aria-label': 'Navigate to selected form'
      }

      at log (src/components/ui/Button.tsx:28:13)

    console.log
      [Button] Rendering with type: button

      at log (src/components/ui/Button.tsx:25:13)

    console.log
      [Button] Props received: {
        variant: 'primary',
        size: 'lg',
        type: 'button',
        loading: false,
        disabled: false
      }

      at log (src/components/ui/Button.tsx:26:13)

    console.log
      [Button] Has onClick in props: true

      at log (src/components/ui/Button.tsx:27:13)

    console.log
      [Button] All props: {
        onClick: [Function: handleNavigate],
        'aria-label': 'Navigate to selected form'
      }

      at log (src/components/ui/Button.tsx:28:13)

    console.log
      [Button] Rendering with type: button

      at log (src/components/ui/Button.tsx:25:13)

    console.log
      [Button] Props received: {
        variant: 'primary',
        size: 'lg',
        type: 'button',
        loading: false,
        disabled: true
      }

      at log (src/components/ui/Button.tsx:26:13)

    console.log
      [Button] Has onClick in props: true

      at log (src/components/ui/Button.tsx:27:13)

    console.log
      [Button] All props: {
        onClick: [Function: handleNavigate],
        'aria-label': 'Navigate to selected form'
      }

      at log (src/components/ui/Button.tsx:28:13)

    console.log
      [Button] Rendering with type: button

      at log (src/components/ui/Button.tsx:25:13)

    console.log
      [Button] Props received: {
        variant: 'primary',
        size: 'lg',
        type: 'button',
        loading: false,
        disabled: true
      }

      at log (src/components/ui/Button.tsx:26:13)

    console.log
      [Button] Has onClick in props: true

      at log (src/components/ui/Button.tsx:27:13)

    console.log
      [Button] All props: {
        onClick: [Function: handleNavigate],
        'aria-label': 'Navigate to selected form'
      }

      at log (src/components/ui/Button.tsx:28:13)

    console.log
      [Button] Rendering with type: button

      at log (src/components/ui/Button.tsx:25:13)

    console.log
      [Button] Props received: {
        variant: 'primary',
        size: 'lg',
        type: 'button',
        loading: false,
        disabled: false
      }

      at log (src/components/ui/Button.tsx:26:13)

    console.log
      [Button] Has onClick in props: true

      at log (src/components/ui/Button.tsx:27:13)

    console.log
      [Button] All props: {
        onClick: [Function: handleNavigate],
        'aria-label': 'Navigate to selected form'
      }

      at log (src/components/ui/Button.tsx:28:13)

    console.log
      [Button] Rendering with type: button

      at log (src/components/ui/Button.tsx:25:13)

    console.log
      [Button] Props received: {
        variant: 'primary',
        size: 'lg',
        type: 'button',
        loading: false,
        disabled: true
      }

      at log (src/components/ui/Button.tsx:26:13)

    console.log
      [Button] Has onClick in props: true

      at log (src/components/ui/Button.tsx:27:13)

    console.log
      [Button] All props: {
        onClick: [Function: handleNavigate],
        'aria-label': 'Navigate to selected form'
      }

      at log (src/components/ui/Button.tsx:28:13)

    console.log
      [Button] Rendering with type: button

      at log (src/components/ui/Button.tsx:25:13)

    console.log
      [Button] Props received: {
        variant: 'primary',
        size: 'lg',
        type: 'button',
        loading: false,
        disabled: true
      }

      at log (src/components/ui/Button.tsx:26:13)

    console.log
      [Button] Has onClick in props: true

      at log (src/components/ui/Button.tsx:27:13)

    console.log
      [Button] All props: {
        onClick: [Function: handleNavigate],
        'aria-label': 'Navigate to selected form'
      }

      at log (src/components/ui/Button.tsx:28:13)

    console.log
      [Button] Rendering with type: button

      at log (src/components/ui/Button.tsx:25:13)

    console.log
      [Button] Props received: {
        variant: 'primary',
        size: 'lg',
        type: 'button',
        loading: false,
        disabled: false
      }

      at log (src/components/ui/Button.tsx:26:13)

    console.log
      [Button] Has onClick in props: true

      at log (src/components/ui/Button.tsx:27:13)

    console.log
      [Button] All props: {
        onClick: [Function: handleNavigate],
        'aria-label': 'Navigate to selected form'
      }

      at log (src/components/ui/Button.tsx:28:13)

    console.log
      [Button] Rendering with type: button

      at log (src/components/ui/Button.tsx:25:13)

    console.log
      [Button] Props received: {
        variant: 'primary',
        size: 'lg',
        type: 'button',
        loading: false,
        disabled: true
      }

      at log (src/components/ui/Button.tsx:26:13)

    console.log
      [Button] Has onClick in props: true

      at log (src/components/ui/Button.tsx:27:13)

    console.log
      [Button] All props: {
        onClick: [Function: handleNavigate],
        'aria-label': 'Navigate to selected form'
      }

      at log (src/components/ui/Button.tsx:28:13)

    console.log
      [Button] Rendering with type: button

      at log (src/components/ui/Button.tsx:25:13)

    console.log
      [Button] Props received: {
        variant: 'primary',
        size: 'lg',
        type: 'button',
        loading: false,
        disabled: true
      }

      at log (src/components/ui/Button.tsx:26:13)

    console.log
      [Button] Has onClick in props: true

      at log (src/components/ui/Button.tsx:27:13)

    console.log
      [Button] All props: {
        onClick: [Function: handleNavigate],
        'aria-label': 'Navigate to selected form'
      }

      at log (src/components/ui/Button.tsx:28:13)

    console.log
      [Button] Rendering with type: button

      at log (src/components/ui/Button.tsx:25:13)

    console.log
      [Button] Props received: {
        variant: 'primary',
        size: 'lg',
        type: 'button',
        loading: false,
        disabled: false
      }

      at log (src/components/ui/Button.tsx:26:13)

    console.log
      [Button] Has onClick in props: true

      at log (src/components/ui/Button.tsx:27:13)

    console.log
      [Button] All props: {
        onClick: [Function: handleNavigate],
        'aria-label': 'Navigate to selected form'
      }

      at log (src/components/ui/Button.tsx:28:13)

    console.log
      [Button] Rendering with type: button

      at log (src/components/ui/Button.tsx:25:13)

    console.log
      [Button] Props received: {
        variant: 'primary',
        size: 'lg',
        type: 'button',
        loading: false,
        disabled: true
      }

      at log (src/components/ui/Button.tsx:26:13)

    console.log
      [Button] Has onClick in props: true

      at log (src/components/ui/Button.tsx:27:13)

    console.log
      [Button] All props: {
        onClick: [Function: handleNavigate],
        'aria-label': 'Navigate to selected form'
      }

      at log (src/components/ui/Button.tsx:28:13)

    console.log
      [Button] Rendering with type: button

      at log (src/components/ui/Button.tsx:25:13)

    console.log
      [Button] Props received: {
        variant: 'primary',
        size: 'lg',
        type: 'button',
        loading: false,
        disabled: true
      }

      at log (src/components/ui/Button.tsx:26:13)

    console.log
      [Button] Has onClick in props: true

      at log (src/components/ui/Button.tsx:27:13)

    console.log
      [Button] All props: {
        onClick: [Function: handleNavigate],
        'aria-label': 'Navigate to selected form'
      }

      at log (src/components/ui/Button.tsx:28:13)

    console.log
      [Button] Rendering with type: button

      at log (src/components/ui/Button.tsx:25:13)

    console.log
      [Button] Props received: {
        variant: 'primary',
        size: 'lg',
        type: 'button',
        loading: false,
        disabled: false
      }

      at log (src/components/ui/Button.tsx:26:13)

    console.log
      [Button] Has onClick in props: true

      at log (src/components/ui/Button.tsx:27:13)

    console.log
      [Button] All props: {
        onClick: [Function: handleNavigate],
        'aria-label': 'Navigate to selected form'
      }

      at log (src/components/ui/Button.tsx:28:13)

    console.log
      [Button] Rendering with type: button

      at log (src/components/ui/Button.tsx:25:13)

    console.log
      [Button] Props received: {
        variant: 'primary',
        size: 'lg',
        type: 'button',
        loading: false,
        disabled: true
      }

      at log (src/components/ui/Button.tsx:26:13)

    console.log
      [Button] Has onClick in props: true

      at log (src/components/ui/Button.tsx:27:13)

    console.log
      [Button] All props: {
        onClick: [Function: handleNavigate],
        'aria-label': 'Navigate to selected form'
      }

      at log (src/components/ui/Button.tsx:28:13)

    console.log
      [Button] Rendering with type: button

      at log (src/components/ui/Button.tsx:25:13)

    console.log
      [Button] Props received: {
        variant: 'primary',
        size: 'lg',
        type: 'button',
        loading: false,
        disabled: true
      }

      at log (src/components/ui/Button.tsx:26:13)

    console.log
      [Button] Has onClick in props: true

      at log (src/components/ui/Button.tsx:27:13)

    console.log
      [Button] All props: {
        onClick: [Function: handleNavigate],
        'aria-label': 'Navigate to selected form'
      }

      at log (src/components/ui/Button.tsx:28:13)

    console.log
      [Button] Rendering with type: button

      at log (src/components/ui/Button.tsx:25:13)

    console.log
      [Button] Props received: {
        variant: 'primary',
        size: 'lg',
        type: 'button',
        loading: false,
        disabled: false
      }

      at log (src/components/ui/Button.tsx:26:13)

    console.log
      [Button] Has onClick in props: true

      at log (src/components/ui/Button.tsx:27:13)

    console.log
      [Button] All props: {
        onClick: [Function: handleNavigate],
        'aria-label': 'Navigate to selected form'
      }

      at log (src/components/ui/Button.tsx:28:13)

    console.log
      [Button] Rendering with type: button

      at log (src/components/ui/Button.tsx:25:13)

    console.log
      [Button] Props received: {
        variant: 'primary',
        size: 'lg',
        type: 'button',
        loading: false,
        disabled: true
      }

      at log (src/components/ui/Button.tsx:26:13)

    console.log
      [Button] Has onClick in props: true

      at log (src/components/ui/Button.tsx:27:13)

    console.log
      [Button] All props: {
        onClick: [Function: handleNavigate],
        'aria-label': 'Navigate to selected form'
      }

      at log (src/components/ui/Button.tsx:28:13)

    console.log
      [Button] Rendering with type: button

      at log (src/components/ui/Button.tsx:25:13)

    console.log
      [Button] Props received: {
        variant: 'primary',
        size: 'lg',
        type: 'button',
        loading: false,
        disabled: true
      }

      at log (src/components/ui/Button.tsx:26:13)

    console.log
      [Button] Has onClick in props: true

      at log (src/components/ui/Button.tsx:27:13)

    console.log
      [Button] All props: {
        onClick: [Function: handleNavigate],
        'aria-label': 'Navigate to selected form'
      }

      at log (src/components/ui/Button.tsx:28:13)

    console.log
      [Button] Rendering with type: button

      at log (src/components/ui/Button.tsx:25:13)

    console.log
      [Button] Props received: {
        variant: 'primary',
        size: 'lg',
        type: 'button',
        loading: false,
        disabled: false
      }

      at log (src/components/ui/Button.tsx:26:13)

    console.log
      [Button] Has onClick in props: true

      at log (src/components/ui/Button.tsx:27:13)

    console.log
      [Button] All props: {
        onClick: [Function: handleNavigate],
        'aria-label': 'Navigate to selected form'
      }

      at log (src/components/ui/Button.tsx:28:13)

    console.log
      [Button] Rendering with type: button

      at log (src/components/ui/Button.tsx:25:13)

    console.log
      [Button] Props received: {
        variant: 'primary',
        size: 'lg',
        type: 'button',
        loading: false,
        disabled: true
      }

      at log (src/components/ui/Button.tsx:26:13)

    console.log
      [Button] Has onClick in props: true

      at log (src/components/ui/Button.tsx:27:13)

    console.log
      [Button] All props: {
        onClick: [Function: handleNavigate],
        'aria-label': 'Navigate to selected form'
      }

      at log (src/components/ui/Button.tsx:28:13)

    console.log
      [Button] Rendering with type: button

      at log (src/components/ui/Button.tsx:25:13)

    console.log
      [Button] Props received: {
        variant: 'primary',
        size: 'lg',
        type: 'button',
        loading: false,
        disabled: true
      }

      at log (src/components/ui/Button.tsx:26:13)

    console.log
      [Button] Has onClick in props: true

      at log (src/components/ui/Button.tsx:27:13)

    console.log
      [Button] All props: {
        onClick: [Function: handleNavigate],
        'aria-label': 'Navigate to selected form'
      }

      at log (src/components/ui/Button.tsx:28:13)

    console.log
      [Button] Rendering with type: button

      at log (src/components/ui/Button.tsx:25:13)

    console.log
      [Button] Props received: {
        variant: 'primary',
        size: 'lg',
        type: 'button',
        loading: false,
        disabled: false
      }

      at log (src/components/ui/Button.tsx:26:13)

    console.log
      [Button] Has onClick in props: true

      at log (src/components/ui/Button.tsx:27:13)

    console.log
      [Button] All props: {
        onClick: [Function: handleNavigate],
        'aria-label': 'Navigate to selected form'
      }

      at log (src/components/ui/Button.tsx:28:13)

    console.log
      [Button] Rendering with type: button

      at log (src/components/ui/Button.tsx:25:13)

    console.log
      [Button] Props received: {
        variant: 'primary',
        size: 'lg',
        type: 'button',
        loading: false,
        disabled: true
      }

      at log (src/components/ui/Button.tsx:26:13)

    console.log
      [Button] Has onClick in props: true

      at log (src/components/ui/Button.tsx:27:13)

    console.log
      [Button] All props: {
        onClick: [Function: handleNavigate],
        'aria-label': 'Navigate to selected form'
      }

      at log (src/components/ui/Button.tsx:28:13)

    console.log
      [Button] Rendering with type: button

      at log (src/components/ui/Button.tsx:25:13)

    console.log
      [Button] Props received: {
        variant: 'primary',
        size: 'lg',
        type: 'button',
        loading: false,
        disabled: true
      }

      at log (src/components/ui/Button.tsx:26:13)

    console.log
      [Button] Has onClick in props: true

      at log (src/components/ui/Button.tsx:27:13)

    console.log
      [Button] All props: {
        onClick: [Function: handleNavigate],
        'aria-label': 'Navigate to selected form'
      }

      at log (src/components/ui/Button.tsx:28:13)

    console.log
      [Button] Rendering with type: button

      at log (src/components/ui/Button.tsx:25:13)

    console.log
      [Button] Props received: {
        variant: 'primary',
        size: 'lg',
        type: 'button',
        loading: false,
        disabled: false
      }

      at log (src/components/ui/Button.tsx:26:13)

    console.log
      [Button] Has onClick in props: true

      at log (src/components/ui/Button.tsx:27:13)

    console.log
      [Button] All props: {
        onClick: [Function: handleNavigate],
        'aria-label': 'Navigate to selected form'
      }

      at log (src/components/ui/Button.tsx:28:13)

    console.log
      [Button] Rendering with type: button

      at log (src/components/ui/Button.tsx:25:13)

    console.log
      [Button] Props received: {
        variant: 'primary',
        size: 'lg',
        type: 'button',
        loading: false,
        disabled: true
      }

      at log (src/components/ui/Button.tsx:26:13)

    console.log
      [Button] Has onClick in props: true

      at log (src/components/ui/Button.tsx:27:13)

    console.log
      [Button] All props: {
        onClick: [Function: handleNavigate],
        'aria-label': 'Navigate to selected form'
      }

      at log (src/components/ui/Button.tsx:28:13)

    console.log
      [Button] Rendering with type: button

      at log (src/components/ui/Button.tsx:25:13)

    console.log
      [Button] Props received: {
        variant: 'primary',
        size: 'lg',
        type: 'button',
        loading: false,
        disabled: true
      }

      at log (src/components/ui/Button.tsx:26:13)

    console.log
      [Button] Has onClick in props: true

      at log (src/components/ui/Button.tsx:27:13)

    console.log
      [Button] All props: {
        onClick: [Function: handleNavigate],
        'aria-label': 'Navigate to selected form'
      }

      at log (src/components/ui/Button.tsx:28:13)

    console.log
      [Button] Rendering with type: button

      at log (src/components/ui/Button.tsx:25:13)

    console.log
      [Button] Props received: {
        variant: 'primary',
        size: 'lg',
        type: 'button',
        loading: false,
        disabled: false
      }

      at log (src/components/ui/Button.tsx:26:13)

    console.log
      [Button] Has onClick in props: true

      at log (src/components/ui/Button.tsx:27:13)

    console.log
      [Button] All props: {
        onClick: [Function: handleNavigate],
        'aria-label': 'Navigate to selected form'
      }

      at log (src/components/ui/Button.tsx:28:13)

    console.log
      [Button] Rendering with type: button

      at log (src/components/ui/Button.tsx:25:13)

    console.log
      [Button] Props received: {
        variant: 'primary',
        size: 'lg',
        type: 'button',
        loading: false,
        disabled: true
      }

      at log (src/components/ui/Button.tsx:26:13)

    console.log
      [Button] Has onClick in props: true

      at log (src/components/ui/Button.tsx:27:13)

    console.log
      [Button] All props: {
        onClick: [Function: handleNavigate],
        'aria-label': 'Navigate to selected form'
      }

      at log (src/components/ui/Button.tsx:28:13)

    console.log
      [Button] Rendering with type: button

      at log (src/components/ui/Button.tsx:25:13)

    console.log
      [Button] Props received: {
        variant: 'primary',
        size: 'lg',
        type: 'button',
        loading: false,
        disabled: true
      }

      at log (src/components/ui/Button.tsx:26:13)

    console.log
      [Button] Has onClick in props: true

      at log (src/components/ui/Button.tsx:27:13)

    console.log
      [Button] All props: {
        onClick: [Function: handleNavigate],
        'aria-label': 'Navigate to selected form'
      }

      at log (src/components/ui/Button.tsx:28:13)

    console.log
      [Button] Rendering with type: button

      at log (src/components/ui/Button.tsx:25:13)

    console.log
      [Button] Props received: {
        variant: 'primary',
        size: 'lg',
        type: 'button',
        loading: false,
        disabled: false
      }

      at log (src/components/ui/Button.tsx:26:13)

    console.log
      [Button] Has onClick in props: true

      at log (src/components/ui/Button.tsx:27:13)

    console.log
      [Button] All props: {
        onClick: [Function: handleNavigate],
        'aria-label': 'Navigate to selected form'
      }

      at log (src/components/ui/Button.tsx:28:13)

    console.log
      [Button] Rendering with type: button

      at log (src/components/ui/Button.tsx:25:13)

    console.log
      [Button] Props received: {
        variant: 'primary',
        size: 'lg',
        type: 'button',
        loading: false,
        disabled: true
      }

      at log (src/components/ui/Button.tsx:26:13)

    console.log
      [Button] Has onClick in props: true

      at log (src/components/ui/Button.tsx:27:13)

    console.log
      [Button] All props: {
        onClick: [Function: handleNavigate],
        'aria-label': 'Navigate to selected form'
      }

      at log (src/components/ui/Button.tsx:28:13)

    console.log
      [Button] Rendering with type: button

      at log (src/components/ui/Button.tsx:25:13)

    console.log
      [Button] Props received: {
        variant: 'primary',
        size: 'lg',
        type: 'button',
        loading: false,
        disabled: true
      }

      at log (src/components/ui/Button.tsx:26:13)

    console.log
      [Button] Has onClick in props: true

      at log (src/components/ui/Button.tsx:27:13)

    console.log
      [Button] All props: {
        onClick: [Function: handleNavigate],
        'aria-label': 'Navigate to selected form'
      }

      at log (src/components/ui/Button.tsx:28:13)

    console.log
      [Button] Rendering with type: button

      at log (src/components/ui/Button.tsx:25:13)

    console.log
      [Button] Props received: {
        variant: 'primary',
        size: 'lg',
        type: 'button',
        loading: false,
        disabled: false
      }

      at log (src/components/ui/Button.tsx:26:13)

    console.log
      [Button] Has onClick in props: true

      at log (src/components/ui/Button.tsx:27:13)

    console.log
      [Button] All props: {
        onClick: [Function: handleNavigate],
        'aria-label': 'Navigate to selected form'
      }

      at log (src/components/ui/Button.tsx:28:13)

    console.log
      [Button] Rendering with type: button

      at log (src/components/ui/Button.tsx:25:13)

    console.log
      [Button] Props received: {
        variant: 'primary',
        size: 'lg',
        type: 'button',
        loading: false,
        disabled: true
      }

      at log (src/components/ui/Button.tsx:26:13)

    console.log
      [Button] Has onClick in props: true

      at log (src/components/ui/Button.tsx:27:13)

    console.log
      [Button] All props: {
        onClick: [Function: handleNavigate],
        'aria-label': 'Navigate to selected form'
      }

      at log (src/components/ui/Button.tsx:28:13)

    console.log
      [Button] Rendering with type: button

      at log (src/components/ui/Button.tsx:25:13)

    console.log
      [Button] Props received: {
        variant: 'primary',
        size: 'lg',
        type: 'button',
        loading: false,
        disabled: true
      }

      at log (src/components/ui/Button.tsx:26:13)

    console.log
      [Button] Has onClick in props: true

      at log (src/components/ui/Button.tsx:27:13)

    console.log
      [Button] All props: {
        onClick: [Function: handleNavigate],
        'aria-label': 'Navigate to selected form'
      }

      at log (src/components/ui/Button.tsx:28:13)

    console.log
      [Button] Rendering with type: button

      at log (src/components/ui/Button.tsx:25:13)

    console.log
      [Button] Props received: {
        variant: 'primary',
        size: 'lg',
        type: 'button',
        loading: false,
        disabled: false
      }

      at log (src/components/ui/Button.tsx:26:13)

    console.log
      [Button] Has onClick in props: true

      at log (src/components/ui/Button.tsx:27:13)

    console.log
      [Button] All props: {
        onClick: [Function: handleNavigate],
        'aria-label': 'Navigate to selected form'
      }

      at log (src/components/ui/Button.tsx:28:13)

    console.log
      [Button] Rendering with type: button

      at log (src/components/ui/Button.tsx:25:13)

    console.log
      [Button] Props received: {
        variant: 'primary',
        size: 'lg',
        type: 'button',
        loading: false,
        disabled: true
      }

      at log (src/components/ui/Button.tsx:26:13)

    console.log
      [Button] Has onClick in props: true

      at log (src/components/ui/Button.tsx:27:13)

    console.log
      [Button] All props: {
        onClick: [Function: handleNavigate],
        'aria-label': 'Navigate to selected form'
      }

      at log (src/components/ui/Button.tsx:28:13)

    console.log
      [Button] Rendering with type: button

      at log (src/components/ui/Button.tsx:25:13)

    console.log
      [Button] Props received: {
        variant: 'primary',
        size: 'lg',
        type: 'button',
        loading: false,
        disabled: true
      }

      at log (src/components/ui/Button.tsx:26:13)

    console.log
      [Button] Has onClick in props: true

      at log (src/components/ui/Button.tsx:27:13)

    console.log
      [Button] All props: {
        onClick: [Function: handleNavigate],
        'aria-label': 'Navigate to selected form'
      }

      at log (src/components/ui/Button.tsx:28:13)

    console.log
      [Button] Rendering with type: button

      at log (src/components/ui/Button.tsx:25:13)

    console.log
      [Button] Props received: {
        variant: 'primary',
        size: 'lg',
        type: 'button',
        loading: false,
        disabled: false
      }

      at log (src/components/ui/Button.tsx:26:13)

    console.log
      [Button] Has onClick in props: true

      at log (src/components/ui/Button.tsx:27:13)

    console.log
      [Button] All props: {
        onClick: [Function: handleNavigate],
        'aria-label': 'Navigate to selected form'
      }

      at log (src/components/ui/Button.tsx:28:13)

    console.log
      [Button] Rendering with type: button

      at log (src/components/ui/Button.tsx:25:13)

    console.log
      [Button] Props received: {
        variant: 'primary',
        size: 'lg',
        type: 'button',
        loading: false,
        disabled: true
      }

      at log (src/components/ui/Button.tsx:26:13)

    console.log
      [Button] Has onClick in props: true

      at log (src/components/ui/Button.tsx:27:13)

    console.log
      [Button] All props: {
        onClick: [Function: handleNavigate],
        'aria-label': 'Navigate to selected form'
      }

      at log (src/components/ui/Button.tsx:28:13)

    console.log
      [Button] Rendering with type: button

      at log (src/components/ui/Button.tsx:25:13)

    console.log
      [Button] Props received: {
        variant: 'primary',
        size: 'lg',
        type: 'button',
        loading: false,
        disabled: true
      }

      at log (src/components/ui/Button.tsx:26:13)

    console.log
      [Button] Has onClick in props: true

      at log (src/components/ui/Button.tsx:27:13)

    console.log
      [Button] All props: {
        onClick: [Function: handleNavigate],
        'aria-label': 'Navigate to selected form'
      }

      at log (src/components/ui/Button.tsx:28:13)

    console.log
      [Button] Rendering with type: button

      at log (src/components/ui/Button.tsx:25:13)

    console.log
      [Button] Props received: {
        variant: 'primary',
        size: 'lg',
        type: 'button',
        loading: false,
        disabled: false
      }

      at log (src/components/ui/Button.tsx:26:13)

    console.log
      [Button] Has onClick in props: true

      at log (src/components/ui/Button.tsx:27:13)

    console.log
      [Button] All props: {
        onClick: [Function: handleNavigate],
        'aria-label': 'Navigate to selected form'
      }

      at log (src/components/ui/Button.tsx:28:13)

    console.log
      [Button] Rendering with type: button

      at log (src/components/ui/Button.tsx:25:13)

    console.log
      [Button] Props received: {
        variant: 'primary',
        size: 'lg',
        type: 'button',
        loading: false,
        disabled: true
      }

      at log (src/components/ui/Button.tsx:26:13)

    console.log
      [Button] Has onClick in props: true

      at log (src/components/ui/Button.tsx:27:13)

    console.log
      [Button] All props: {
        onClick: [Function: handleNavigate],
        'aria-label': 'Navigate to selected form'
      }

      at log (src/components/ui/Button.tsx:28:13)

    console.log
      [Button] Rendering with type: button

      at log (src/components/ui/Button.tsx:25:13)

    console.log
      [Button] Props received: {
        variant: 'primary',
        size: 'lg',
        type: 'button',
        loading: false,
        disabled: true
      }

      at log (src/components/ui/Button.tsx:26:13)

    console.log
      [Button] Has onClick in props: true

      at log (src/components/ui/Button.tsx:27:13)

    console.log
      [Button] All props: {
        onClick: [Function: handleNavigate],
        'aria-label': 'Navigate to selected form'
      }

      at log (src/components/ui/Button.tsx:28:13)

    console.log
      [Button] Rendering with type: button

      at log (src/components/ui/Button.tsx:25:13)

    console.log
      [Button] Props received: {
        variant: 'primary',
        size: 'lg',
        type: 'button',
        loading: false,
        disabled: false
      }

      at log (src/components/ui/Button.tsx:26:13)

    console.log
      [Button] Has onClick in props: true

      at log (src/components/ui/Button.tsx:27:13)

    console.log
      [Button] All props: {
        onClick: [Function: handleNavigate],
        'aria-label': 'Navigate to selected form'
      }

      at log (src/components/ui/Button.tsx:28:13)

    console.log
      [Button] Rendering with type: button

      at log (src/components/ui/Button.tsx:25:13)

    console.log
      [Button] Props received: {
        variant: 'primary',
        size: 'lg',
        type: 'button',
        loading: false,
        disabled: true
      }

      at log (src/components/ui/Button.tsx:26:13)

    console.log
      [Button] Has onClick in props: true

      at log (src/components/ui/Button.tsx:27:13)

    console.log
      [Button] All props: {
        onClick: [Function: handleNavigate],
        'aria-label': 'Navigate to selected form'
      }

      at log (src/components/ui/Button.tsx:28:13)

    console.log
      [Button] Rendering with type: button

      at log (src/components/ui/Button.tsx:25:13)

    console.log
      [Button] Props received: {
        variant: 'primary',
        size: 'lg',
        type: 'button',
        loading: false,
        disabled: true
      }

      at log (src/components/ui/Button.tsx:26:13)

    console.log
      [Button] Has onClick in props: true

      at log (src/components/ui/Button.tsx:27:13)

    console.log
      [Button] All props: {
        onClick: [Function: handleNavigate],
        'aria-label': 'Navigate to selected form'
      }

      at log (src/components/ui/Button.tsx:28:13)

    console.log
      [Button] Rendering with type: button

      at log (src/components/ui/Button.tsx:25:13)

    console.log
      [Button] Props received: {
        variant: 'primary',
        size: 'lg',
        type: 'button',
        loading: false,
        disabled: false
      }

      at log (src/components/ui/Button.tsx:26:13)

    console.log
      [Button] Has onClick in props: true

      at log (src/components/ui/Button.tsx:27:13)

    console.log
      [Button] All props: {
        onClick: [Function: handleNavigate],
        'aria-label': 'Navigate to selected form'
      }

      at log (src/components/ui/Button.tsx:28:13)

    console.log
      [Button] Rendering with type: button

      at log (src/components/ui/Button.tsx:25:13)

    console.log
      [Button] Props received: {
        variant: 'primary',
        size: 'lg',
        type: 'button',
        loading: false,
        disabled: true
      }

      at log (src/components/ui/Button.tsx:26:13)

    console.log
      [Button] Has onClick in props: true

      at log (src/components/ui/Button.tsx:27:13)

    console.log
      [Button] All props: {
        onClick: [Function: handleNavigate],
        'aria-label': 'Navigate to selected form'
      }

      at log (src/components/ui/Button.tsx:28:13)

    console.log
      [Button] Rendering with type: button

      at log (src/components/ui/Button.tsx:25:13)

    console.log
      [Button] Props received: {
        variant: 'primary',
        size: 'lg',
        type: 'button',
        loading: false,
        disabled: true
      }

      at log (src/components/ui/Button.tsx:26:13)

    console.log
      [Button] Has onClick in props: true

      at log (src/components/ui/Button.tsx:27:13)

    console.log
      [Button] All props: {
        onClick: [Function: handleNavigate],
        'aria-label': 'Navigate to selected form'
      }

      at log (src/components/ui/Button.tsx:28:13)

    console.log
      [Button] Rendering with type: button

      at log (src/components/ui/Button.tsx:25:13)

    console.log
      [Button] Props received: {
        variant: 'primary',
        size: 'lg',
        type: 'button',
        loading: false,
        disabled: false
      }

      at log (src/components/ui/Button.tsx:26:13)

    console.log
      [Button] Has onClick in props: true

      at log (src/components/ui/Button.tsx:27:13)

    console.log
      [Button] All props: {
        onClick: [Function: handleNavigate],
        'aria-label': 'Navigate to selected form'
      }

      at log (src/components/ui/Button.tsx:28:13)

    console.log
      [Button] Rendering with type: button

      at log (src/components/ui/Button.tsx:25:13)

    console.log
      [Button] Props received: {
        variant: 'primary',
        size: 'lg',
        type: 'button',
        loading: false,
        disabled: true
      }

      at log (src/components/ui/Button.tsx:26:13)

    console.log
      [Button] Has onClick in props: true

      at log (src/components/ui/Button.tsx:27:13)

    console.log
      [Button] All props: {
        onClick: [Function: handleNavigate],
        'aria-label': 'Navigate to selected form'
      }

      at log (src/components/ui/Button.tsx:28:13)

    console.log
      [Button] Rendering with type: button

      at log (src/components/ui/Button.tsx:25:13)

    console.log
      [Button] Props received: {
        variant: 'primary',
        size: 'lg',
        type: 'button',
        loading: false,
        disabled: true
      }

      at log (src/components/ui/Button.tsx:26:13)

    console.log
      [Button] Has onClick in props: true

      at log (src/components/ui/Button.tsx:27:13)

    console.log
      [Button] All props: {
        onClick: [Function: handleNavigate],
        'aria-label': 'Navigate to selected form'
      }

      at log (src/components/ui/Button.tsx:28:13)

    console.log
      [Button] Rendering with type: button

      at log (src/components/ui/Button.tsx:25:13)

    console.log
      [Button] Props received: {
        variant: 'primary',
        size: 'lg',
        type: 'button',
        loading: false,
        disabled: false
      }

      at log (src/components/ui/Button.tsx:26:13)

    console.log
      [Button] Has onClick in props: true

      at log (src/components/ui/Button.tsx:27:13)

    console.log
      [Button] All props: {
        onClick: [Function: handleNavigate],
        'aria-label': 'Navigate to selected form'
      }

      at log (src/components/ui/Button.tsx:28:13)

    console.log
      [Button] Rendering with type: button

      at log (src/components/ui/Button.tsx:25:13)

    console.log
      [Button] Props received: {
        variant: 'primary',
        size: 'lg',
        type: 'button',
        loading: false,
        disabled: true
      }

      at log (src/components/ui/Button.tsx:26:13)

    console.log
      [Button] Has onClick in props: true

      at log (src/components/ui/Button.tsx:27:13)

    console.log
      [Button] All props: {
        onClick: [Function: handleNavigate],
        'aria-label': 'Navigate to selected form'
      }

      at log (src/components/ui/Button.tsx:28:13)

    console.log
      [Button] Rendering with type: button

      at log (src/components/ui/Button.tsx:25:13)

    console.log
      [Button] Props received: {
        variant: 'primary',
        size: 'lg',
        type: 'button',
        loading: false,
        disabled: true
      }

      at log (src/components/ui/Button.tsx:26:13)

    console.log
      [Button] Has onClick in props: true

      at log (src/components/ui/Button.tsx:27:13)

    console.log
      [Button] All props: {
        onClick: [Function: handleNavigate],
        'aria-label': 'Navigate to selected form'
      }

      at log (src/components/ui/Button.tsx:28:13)

    console.log
      [Button] Rendering with type: button

      at log (src/components/ui/Button.tsx:25:13)

    console.log
      [Button] Props received: {
        variant: 'primary',
        size: 'lg',
        type: 'button',
        loading: false,
        disabled: false
      }

      at log (src/components/ui/Button.tsx:26:13)

    console.log
      [Button] Has onClick in props: true

      at log (src/components/ui/Button.tsx:27:13)

    console.log
      [Button] All props: {
        onClick: [Function: handleNavigate],
        'aria-label': 'Navigate to selected form'
      }

      at log (src/components/ui/Button.tsx:28:13)

    console.log
      [Button] Rendering with type: button

      at log (src/components/ui/Button.tsx:25:13)

    console.log
      [Button] Props received: {
        variant: 'primary',
        size: 'lg',
        type: 'button',
        loading: false,
        disabled: true
      }

      at log (src/components/ui/Button.tsx:26:13)

    console.log
      [Button] Has onClick in props: true

      at log (src/components/ui/Button.tsx:27:13)

    console.log
      [Button] All props: {
        onClick: [Function: handleNavigate],
        'aria-label': 'Navigate to selected form'
      }

      at log (src/components/ui/Button.tsx:28:13)

    console.log
      [Button] Rendering with type: button

      at log (src/components/ui/Button.tsx:25:13)

    console.log
      [Button] Props received: {
        variant: 'primary',
        size: 'lg',
        type: 'button',
        loading: false,
        disabled: true
      }

      at log (src/components/ui/Button.tsx:26:13)

    console.log
      [Button] Has onClick in props: true

      at log (src/components/ui/Button.tsx:27:13)

    console.log
      [Button] All props: {
        onClick: [Function: handleNavigate],
        'aria-label': 'Navigate to selected form'
      }

      at log (src/components/ui/Button.tsx:28:13)

    console.log
      [Button] Rendering with type: button

      at log (src/components/ui/Button.tsx:25:13)

    console.log
      [Button] Props received: {
        variant: 'primary',
        size: 'lg',
        type: 'button',
        loading: false,
        disabled: false
      }

      at log (src/components/ui/Button.tsx:26:13)

    console.log
      [Button] Has onClick in props: true

      at log (src/components/ui/Button.tsx:27:13)

    console.log
      [Button] All props: {
        onClick: [Function: handleNavigate],
        'aria-label': 'Navigate to selected form'
      }

      at log (src/components/ui/Button.tsx:28:13)

    console.log
      [Button] Rendering with type: button

      at log (src/components/ui/Button.tsx:25:13)

    console.log
      [Button] Props received: {
        variant: 'primary',
        size: 'lg',
        type: 'button',
        loading: false,
        disabled: true
      }

      at log (src/components/ui/Button.tsx:26:13)

    console.log
      [Button] Has onClick in props: true

      at log (src/components/ui/Button.tsx:27:13)

    console.log
      [Button] All props: {
        onClick: [Function: handleNavigate],
        'aria-label': 'Navigate to selected form'
      }

      at log (src/components/ui/Button.tsx:28:13)

    console.log
      [Button] Rendering with type: button

      at log (src/components/ui/Button.tsx:25:13)

    console.log
      [Button] Props received: {
        variant: 'primary',
        size: 'lg',
        type: 'button',
        loading: false,
        disabled: true
      }

      at log (src/components/ui/Button.tsx:26:13)

    console.log
      [Button] Has onClick in props: true

      at log (src/components/ui/Button.tsx:27:13)

    console.log
      [Button] All props: {
        onClick: [Function: handleNavigate],
        'aria-label': 'Navigate to selected form'
      }

      at log (src/components/ui/Button.tsx:28:13)

    console.log
      [Button] Rendering with type: button

      at log (src/components/ui/Button.tsx:25:13)

    console.log
      [Button] Props received: {
        variant: 'primary',
        size: 'lg',
        type: 'button',
        loading: false,
        disabled: false
      }

      at log (src/components/ui/Button.tsx:26:13)

    console.log
      [Button] Has onClick in props: true

      at log (src/components/ui/Button.tsx:27:13)

    console.log
      [Button] All props: {
        onClick: [Function: handleNavigate],
        'aria-label': 'Navigate to selected form'
      }

      at log (src/components/ui/Button.tsx:28:13)

    console.log
      [Button] Rendering with type: button

      at log (src/components/ui/Button.tsx:25:13)

    console.log
      [Button] Props received: {
        variant: 'primary',
        size: 'lg',
        type: 'button',
        loading: false,
        disabled: true
      }

      at log (src/components/ui/Button.tsx:26:13)

    console.log
      [Button] Has onClick in props: true

      at log (src/components/ui/Button.tsx:27:13)

    console.log
      [Button] All props: {
        onClick: [Function: handleNavigate],
        'aria-label': 'Navigate to selected form'
      }

      at log (src/components/ui/Button.tsx:28:13)

    console.log
      [Button] Rendering with type: button

      at log (src/components/ui/Button.tsx:25:13)

    console.log
      [Button] Props received: {
        variant: 'primary',
        size: 'lg',
        type: 'button',
        loading: false,
        disabled: true
      }

      at log (src/components/ui/Button.tsx:26:13)

    console.log
      [Button] Has onClick in props: true

      at log (src/components/ui/Button.tsx:27:13)

    console.log
      [Button] All props: {
        onClick: [Function: handleNavigate],
        'aria-label': 'Navigate to selected form'
      }

      at log (src/components/ui/Button.tsx:28:13)

    console.log
      [Button] Rendering with type: button

      at log (src/components/ui/Button.tsx:25:13)

    console.log
      [Button] Props received: {
        variant: 'primary',
        size: 'lg',
        type: 'button',
        loading: false,
        disabled: false
      }

      at log (src/components/ui/Button.tsx:26:13)

    console.log
      [Button] Has onClick in props: true

      at log (src/components/ui/Button.tsx:27:13)

    console.log
      [Button] All props: {
        onClick: [Function: handleNavigate],
        'aria-label': 'Navigate to selected form'
      }

      at log (src/components/ui/Button.tsx:28:13)

    console.log
      [Button] Rendering with type: button

      at log (src/components/ui/Button.tsx:25:13)

    console.log
      [Button] Props received: {
        variant: 'primary',
        size: 'lg',
        type: 'button',
        loading: false,
        disabled: true
      }

      at log (src/components/ui/Button.tsx:26:13)

    console.log
      [Button] Has onClick in props: true

      at log (src/components/ui/Button.tsx:27:13)

    console.log
      [Button] All props: {
        onClick: [Function: handleNavigate],
        'aria-label': 'Navigate to selected form'
      }

      at log (src/components/ui/Button.tsx:28:13)

    console.log
      [Button] Rendering with type: button

      at log (src/components/ui/Button.tsx:25:13)

    console.log
      [Button] Props received: {
        variant: 'primary',
        size: 'lg',
        type: 'button',
        loading: false,
        disabled: true
      }

      at log (src/components/ui/Button.tsx:26:13)

    console.log
      [Button] Has onClick in props: true

      at log (src/components/ui/Button.tsx:27:13)

    console.log
      [Button] All props: {
        onClick: [Function: handleNavigate],
        'aria-label': 'Navigate to selected form'
      }

      at log (src/components/ui/Button.tsx:28:13)

    console.log
      [Button] Rendering with type: button

      at log (src/components/ui/Button.tsx:25:13)

    console.log
      [Button] Props received: {
        variant: 'primary',
        size: 'lg',
        type: 'button',
        loading: false,
        disabled: false
      }

      at log (src/components/ui/Button.tsx:26:13)

    console.log
      [Button] Has onClick in props: true

      at log (src/components/ui/Button.tsx:27:13)

    console.log
      [Button] All props: {
        onClick: [Function: handleNavigate],
        'aria-label': 'Navigate to selected form'
      }

      at log (src/components/ui/Button.tsx:28:13)

    console.log
      [Button] Rendering with type: button

      at log (src/components/ui/Button.tsx:25:13)

    console.log
      [Button] Props received: {
        variant: 'primary',
        size: 'lg',
        type: 'button',
        loading: false,
        disabled: true
      }

      at log (src/components/ui/Button.tsx:26:13)

    console.log
      [Button] Has onClick in props: true

      at log (src/components/ui/Button.tsx:27:13)

    console.log
      [Button] All props: {
        onClick: [Function: handleNavigate],
        'aria-label': 'Navigate to selected form'
      }

      at log (src/components/ui/Button.tsx:28:13)

    console.log
      [Button] Rendering with type: button

      at log (src/components/ui/Button.tsx:25:13)

    console.log
      [Button] Props received: {
        variant: 'primary',
        size: 'lg',
        type: 'button',
        loading: false,
        disabled: true
      }

      at log (src/components/ui/Button.tsx:26:13)

    console.log
      [Button] Has onClick in props: true

      at log (src/components/ui/Button.tsx:27:13)

    console.log
      [Button] All props: {
        onClick: [Function: handleNavigate],
        'aria-label': 'Navigate to selected form'
      }

      at log (src/components/ui/Button.tsx:28:13)

    console.log
      [Button] Rendering with type: button

      at log (src/components/ui/Button.tsx:25:13)

    console.log
      [Button] Props received: {
        variant: 'primary',
        size: 'lg',
        type: 'button',
        loading: false,
        disabled: false
      }

      at log (src/components/ui/Button.tsx:26:13)

    console.log
      [Button] Has onClick in props: true

      at log (src/components/ui/Button.tsx:27:13)

    console.log
      [Button] All props: {
        onClick: [Function: handleNavigate],
        'aria-label': 'Navigate to selected form'
      }

      at log (src/components/ui/Button.tsx:28:13)

    console.log
      [Button] Rendering with type: button

      at log (src/components/ui/Button.tsx:25:13)

    console.log
      [Button] Props received: {
        variant: 'primary',
        size: 'lg',
        type: 'button',
        loading: false,
        disabled: true
      }

      at log (src/components/ui/Button.tsx:26:13)

    console.log
      [Button] Has onClick in props: true

      at log (src/components/ui/Button.tsx:27:13)

    console.log
      [Button] All props: {
        onClick: [Function: handleNavigate],
        'aria-label': 'Navigate to selected form'
      }

      at log (src/components/ui/Button.tsx:28:13)

    console.log
      [Button] Rendering with type: button

      at log (src/components/ui/Button.tsx:25:13)

    console.log
      [Button] Props received: {
        variant: 'primary',
        size: 'lg',
        type: 'button',
        loading: false,
        disabled: true
      }

      at log (src/components/ui/Button.tsx:26:13)

    console.log
      [Button] Has onClick in props: true

      at log (src/components/ui/Button.tsx:27:13)

    console.log
      [Button] All props: {
        onClick: [Function: handleNavigate],
        'aria-label': 'Navigate to selected form'
      }

      at log (src/components/ui/Button.tsx:28:13)

    console.log
      [Button] Rendering with type: button

      at log (src/components/ui/Button.tsx:25:13)

    console.log
      [Button] Props received: {
        variant: 'primary',
        size: 'lg',
        type: 'button',
        loading: false,
        disabled: false
      }

      at log (src/components/ui/Button.tsx:26:13)

    console.log
      [Button] Has onClick in props: true

      at log (src/components/ui/Button.tsx:27:13)

    console.log
      [Button] All props: {
        onClick: [Function: handleNavigate],
        'aria-label': 'Navigate to selected form'
      }

      at log (src/components/ui/Button.tsx:28:13)

    console.log
      [Button] Rendering with type: button

      at log (src/components/ui/Button.tsx:25:13)

    console.log
      [Button] Props received: {
        variant: 'primary',
        size: 'lg',
        type: 'button',
        loading: false,
        disabled: true
      }

      at log (src/components/ui/Button.tsx:26:13)

    console.log
      [Button] Has onClick in props: true

      at log (src/components/ui/Button.tsx:27:13)

    console.log
      [Button] All props: {
        onClick: [Function: handleNavigate],
        'aria-label': 'Navigate to selected form'
      }

      at log (src/components/ui/Button.tsx:28:13)

    console.log
      [Button] Rendering with type: button

      at log (src/components/ui/Button.tsx:25:13)

    console.log
      [Button] Props received: {
        variant: 'primary',
        size: 'lg',
        type: 'button',
        loading: false,
        disabled: true
      }

      at log (src/components/ui/Button.tsx:26:13)

    console.log
      [Button] Has onClick in props: true

      at log (src/components/ui/Button.tsx:27:13)

    console.log
      [Button] All props: {
        onClick: [Function: handleNavigate],
        'aria-label': 'Navigate to selected form'
      }

      at log (src/components/ui/Button.tsx:28:13)

    console.log
      [Button] Rendering with type: button

      at log (src/components/ui/Button.tsx:25:13)

    console.log
      [Button] Props received: {
        variant: 'primary',
        size: 'lg',
        type: 'button',
        loading: false,
        disabled: false
      }

      at log (src/components/ui/Button.tsx:26:13)

    console.log
      [Button] Has onClick in props: true

      at log (src/components/ui/Button.tsx:27:13)

    console.log
      [Button] All props: {
        onClick: [Function: handleNavigate],
        'aria-label': 'Navigate to selected form'
      }

      at log (src/components/ui/Button.tsx:28:13)

    console.log
      [Button] Rendering with type: button

      at log (src/components/ui/Button.tsx:25:13)

    console.log
      [Button] Props received: {
        variant: 'primary',
        size: 'lg',
        type: 'button',
        loading: false,
        disabled: true
      }

      at log (src/components/ui/Button.tsx:26:13)

    console.log
      [Button] Has onClick in props: true

      at log (src/components/ui/Button.tsx:27:13)

    console.log
      [Button] All props: {
        onClick: [Function: handleNavigate],
        'aria-label': 'Navigate to selected form'
      }

      at log (src/components/ui/Button.tsx:28:13)

    console.log
      [Button] Rendering with type: button

      at log (src/components/ui/Button.tsx:25:13)

    console.log
      [Button] Props received: {
        variant: 'primary',
        size: 'lg',
        type: 'button',
        loading: false,
        disabled: true
      }

      at log (src/components/ui/Button.tsx:26:13)

    console.log
      [Button] Has onClick in props: true

      at log (src/components/ui/Button.tsx:27:13)

    console.log
      [Button] All props: {
        onClick: [Function: handleNavigate],
        'aria-label': 'Navigate to selected form'
      }

      at log (src/components/ui/Button.tsx:28:13)

    console.log
      [Button] Rendering with type: button

      at log (src/components/ui/Button.tsx:25:13)

    console.log
      [Button] Props received: {
        variant: 'primary',
        size: 'lg',
        type: 'button',
        loading: false,
        disabled: false
      }

      at log (src/components/ui/Button.tsx:26:13)

    console.log
      [Button] Has onClick in props: true

      at log (src/components/ui/Button.tsx:27:13)

    console.log
      [Button] All props: {
        onClick: [Function: handleNavigate],
        'aria-label': 'Navigate to selected form'
      }

      at log (src/components/ui/Button.tsx:28:13)

    console.log
      [Button] Rendering with type: button

      at log (src/components/ui/Button.tsx:25:13)

    console.log
      [Button] Props received: {
        variant: 'primary',
        size: 'lg',
        type: 'button',
        loading: false,
        disabled: true
      }

      at log (src/components/ui/Button.tsx:26:13)

    console.log
      [Button] Has onClick in props: true

      at log (src/components/ui/Button.tsx:27:13)

    console.log
      [Button] All props: {
        onClick: [Function: handleNavigate],
        'aria-label': 'Navigate to selected form'
      }

      at log (src/components/ui/Button.tsx:28:13)

    console.log
      [Button] Rendering with type: button

      at log (src/components/ui/Button.tsx:25:13)

    console.log
      [Button] Props received: {
        variant: 'primary',
        size: 'lg',
        type: 'button',
        loading: false,
        disabled: true
      }

      at log (src/components/ui/Button.tsx:26:13)

    console.log
      [Button] Has onClick in props: true

      at log (src/components/ui/Button.tsx:27:13)

    console.log
      [Button] All props: {
        onClick: [Function: handleNavigate],
        'aria-label': 'Navigate to selected form'
      }

      at log (src/components/ui/Button.tsx:28:13)

    console.log
      [Button] Rendering with type: button

      at log (src/components/ui/Button.tsx:25:13)

    console.log
      [Button] Props received: {
        variant: 'primary',
        size: 'lg',
        type: 'button',
        loading: false,
        disabled: false
      }

      at log (src/components/ui/Button.tsx:26:13)

    console.log
      [Button] Has onClick in props: true

      at log (src/components/ui/Button.tsx:27:13)

    console.log
      [Button] All props: {
        onClick: [Function: handleNavigate],
        'aria-label': 'Navigate to selected form'
      }

      at log (src/components/ui/Button.tsx:28:13)

    console.log
      [Button] Rendering with type: button

      at log (src/components/ui/Button.tsx:25:13)

    console.log
      [Button] Props received: {
        variant: 'primary',
        size: 'lg',
        type: 'button',
        loading: false,
        disabled: true
      }

      at log (src/components/ui/Button.tsx:26:13)

    console.log
      [Button] Has onClick in props: true

      at log (src/components/ui/Button.tsx:27:13)

    console.log
      [Button] All props: {
        onClick: [Function: handleNavigate],
        'aria-label': 'Navigate to selected form'
      }

      at log (src/components/ui/Button.tsx:28:13)

    console.log
      [Button] Rendering with type: button

      at log (src/components/ui/Button.tsx:25:13)

    console.log
      [Button] Props received: {
        variant: 'primary',
        size: 'lg',
        type: 'button',
        loading: false,
        disabled: true
      }

      at log (src/components/ui/Button.tsx:26:13)

    console.log
      [Button] Has onClick in props: true

      at log (src/components/ui/Button.tsx:27:13)

    console.log
      [Button] All props: {
        onClick: [Function: handleNavigate],
        'aria-label': 'Navigate to selected form'
      }

      at log (src/components/ui/Button.tsx:28:13)

    console.log
      [Button] Rendering with type: button

      at log (src/components/ui/Button.tsx:25:13)

    console.log
      [Button] Props received: {
        variant: 'primary',
        size: 'lg',
        type: 'button',
        loading: false,
        disabled: false
      }

      at log (src/components/ui/Button.tsx:26:13)

    console.log
      [Button] Has onClick in props: true

      at log (src/components/ui/Button.tsx:27:13)

    console.log
      [Button] All props: {
        onClick: [Function: handleNavigate],
        'aria-label': 'Navigate to selected form'
      }

      at log (src/components/ui/Button.tsx:28:13)

    console.log
      [Button] Rendering with type: button

      at log (src/components/ui/Button.tsx:25:13)

    console.log
      [Button] Props received: {
        variant: 'primary',
        size: 'lg',
        type: 'button',
        loading: false,
        disabled: true
      }

      at log (src/components/ui/Button.tsx:26:13)

    console.log
      [Button] Has onClick in props: true

      at log (src/components/ui/Button.tsx:27:13)

    console.log
      [Button] All props: {
        onClick: [Function: handleNavigate],
        'aria-label': 'Navigate to selected form'
      }

      at log (src/components/ui/Button.tsx:28:13)

    console.log
      [Button] Rendering with type: button

      at log (src/components/ui/Button.tsx:25:13)

    console.log
      [Button] Props received: {
        variant: 'primary',
        size: 'lg',
        type: 'button',
        loading: false,
        disabled: true
      }

      at log (src/components/ui/Button.tsx:26:13)

    console.log
      [Button] Has onClick in props: true

      at log (src/components/ui/Button.tsx:27:13)

    console.log
      [Button] All props: {
        onClick: [Function: handleNavigate],
        'aria-label': 'Navigate to selected form'
      }

      at log (src/components/ui/Button.tsx:28:13)

    console.log
      [Button] Rendering with type: button

      at log (src/components/ui/Button.tsx:25:13)

    console.log
      [Button] Props received: {
        variant: 'primary',
        size: 'lg',
        type: 'button',
        loading: false,
        disabled: false
      }

      at log (src/components/ui/Button.tsx:26:13)

    console.log
      [Button] Has onClick in props: true

      at log (src/components/ui/Button.tsx:27:13)

    console.log
      [Button] All props: {
        onClick: [Function: handleNavigate],
        'aria-label': 'Navigate to selected form'
      }

      at log (src/components/ui/Button.tsx:28:13)

    console.log
      [Button] Rendering with type: button

      at log (src/components/ui/Button.tsx:25:13)

    console.log
      [Button] Props received: {
        variant: 'primary',
        size: 'lg',
        type: 'button',
        loading: false,
        disabled: true
      }

      at log (src/components/ui/Button.tsx:26:13)

    console.log
      [Button] Has onClick in props: true

      at log (src/components/ui/Button.tsx:27:13)

    console.log
      [Button] All props: {
        onClick: [Function: handleNavigate],
        'aria-label': 'Navigate to selected form'
      }

      at log (src/components/ui/Button.tsx:28:13)

    console.log
      [Button] Rendering with type: button

      at log (src/components/ui/Button.tsx:25:13)

    console.log
      [Button] Props received: {
        variant: 'primary',
        size: 'lg',
        type: 'button',
        loading: false,
        disabled: true
      }

      at log (src/components/ui/Button.tsx:26:13)

    console.log
      [Button] Has onClick in props: true

      at log (src/components/ui/Button.tsx:27:13)

    console.log
      [Button] All props: {
        onClick: [Function: handleNavigate],
        'aria-label': 'Navigate to selected form'
      }

      at log (src/components/ui/Button.tsx:28:13)

    console.log
      [Button] Rendering with type: button

      at log (src/components/ui/Button.tsx:25:13)

    console.log
      [Button] Props received: {
        variant: 'primary',
        size: 'lg',
        type: 'button',
        loading: false,
        disabled: false
      }

      at log (src/components/ui/Button.tsx:26:13)

    console.log
      [Button] Has onClick in props: true

      at log (src/components/ui/Button.tsx:27:13)

    console.log
      [Button] All props: {
        onClick: [Function: handleNavigate],
        'aria-label': 'Navigate to selected form'
      }

      at log (src/components/ui/Button.tsx:28:13)

    console.log
      [Button] Rendering with type: button

      at log (src/components/ui/Button.tsx:25:13)

    console.log
      [Button] Props received: {
        variant: 'primary',
        size: 'lg',
        type: 'button',
        loading: false,
        disabled: true
      }

      at log (src/components/ui/Button.tsx:26:13)

    console.log
      [Button] Has onClick in props: true

      at log (src/components/ui/Button.tsx:27:13)

    console.log
      [Button] All props: {
        onClick: [Function: handleNavigate],
        'aria-label': 'Navigate to selected form'
      }

      at log (src/components/ui/Button.tsx:28:13)

    console.log
      [Button] Rendering with type: button

      at log (src/components/ui/Button.tsx:25:13)

    console.log
      [Button] Props received: {
        variant: 'primary',
        size: 'lg',
        type: 'button',
        loading: false,
        disabled: true
      }

      at log (src/components/ui/Button.tsx:26:13)

    console.log
      [Button] Has onClick in props: true

      at log (src/components/ui/Button.tsx:27:13)

    console.log
      [Button] All props: {
        onClick: [Function: handleNavigate],
        'aria-label': 'Navigate to selected form'
      }

      at log (src/components/ui/Button.tsx:28:13)

    console.log
      [Button] Rendering with type: button

      at log (src/components/ui/Button.tsx:25:13)

    console.log
      [Button] Props received: {
        variant: 'primary',
        size: 'lg',
        type: 'button',
        loading: false,
        disabled: false
      }

      at log (src/components/ui/Button.tsx:26:13)

    console.log
      [Button] Has onClick in props: true

      at log (src/components/ui/Button.tsx:27:13)

    console.log
      [Button] All props: {
        onClick: [Function: handleNavigate],
        'aria-label': 'Navigate to selected form'
      }

      at log (src/components/ui/Button.tsx:28:13)

    console.log
      [Button] Rendering with type: button

      at log (src/components/ui/Button.tsx:25:13)

    console.log
      [Button] Props received: {
        variant: 'primary',
        size: 'lg',
        type: 'button',
        loading: false,
        disabled: true
      }

      at log (src/components/ui/Button.tsx:26:13)

    console.log
      [Button] Has onClick in props: true

      at log (src/components/ui/Button.tsx:27:13)

    console.log
      [Button] All props: {
        onClick: [Function: handleNavigate],
        'aria-label': 'Navigate to selected form'
      }

      at log (src/components/ui/Button.tsx:28:13)

    console.log
      [Button] Rendering with type: button

      at log (src/components/ui/Button.tsx:25:13)

    console.log
      [Button] Props received: {
        variant: 'primary',
        size: 'lg',
        type: 'button',
        loading: false,
        disabled: true
      }

      at log (src/components/ui/Button.tsx:26:13)

    console.log
      [Button] Has onClick in props: true

      at log (src/components/ui/Button.tsx:27:13)

    console.log
      [Button] All props: {
        onClick: [Function: handleNavigate],
        'aria-label': 'Navigate to selected form'
      }

      at log (src/components/ui/Button.tsx:28:13)

    console.log
      [Button] Rendering with type: button

      at log (src/components/ui/Button.tsx:25:13)

    console.log
      [Button] Props received: {
        variant: 'primary',
        size: 'lg',
        type: 'button',
        loading: false,
        disabled: false
      }

      at log (src/components/ui/Button.tsx:26:13)

    console.log
      [Button] Has onClick in props: true

      at log (src/components/ui/Button.tsx:27:13)

    console.log
      [Button] All props: {
        onClick: [Function: handleNavigate],
        'aria-label': 'Navigate to selected form'
      }

      at log (src/components/ui/Button.tsx:28:13)

    console.log
      [Button] Rendering with type: button

      at log (src/components/ui/Button.tsx:25:13)

    console.log
      [Button] Props received: {
        variant: 'primary',
        size: 'lg',
        type: 'button',
        loading: false,
        disabled: true
      }

      at log (src/components/ui/Button.tsx:26:13)

    console.log
      [Button] Has onClick in props: true

      at log (src/components/ui/Button.tsx:27:13)

    console.log
      [Button] All props: {
        onClick: [Function: handleNavigate],
        'aria-label': 'Navigate to selected form'
      }

      at log (src/components/ui/Button.tsx:28:13)

    console.log
      [Button] Rendering with type: button

      at log (src/components/ui/Button.tsx:25:13)

    console.log
      [Button] Props received: {
        variant: 'primary',
        size: 'lg',
        type: 'button',
        loading: false,
        disabled: true
      }

      at log (src/components/ui/Button.tsx:26:13)

    console.log
      [Button] Has onClick in props: true

      at log (src/components/ui/Button.tsx:27:13)

    console.log
      [Button] All props: {
        onClick: [Function: handleNavigate],
        'aria-label': 'Navigate to selected form'
      }

      at log (src/components/ui/Button.tsx:28:13)

    console.log
      [Button] Rendering with type: button

      at log (src/components/ui/Button.tsx:25:13)

    console.log
      [Button] Props received: {
        variant: 'primary',
        size: 'lg',
        type: 'button',
        loading: false,
        disabled: false
      }

      at log (src/components/ui/Button.tsx:26:13)

    console.log
      [Button] Has onClick in props: true

      at log (src/components/ui/Button.tsx:27:13)

    console.log
      [Button] All props: {
        onClick: [Function: handleNavigate],
        'aria-label': 'Navigate to selected form'
      }

      at log (src/components/ui/Button.tsx:28:13)

    console.log
      [Button] Rendering with type: button

      at log (src/components/ui/Button.tsx:25:13)

    console.log
      [Button] Props received: {
        variant: 'primary',
        size: 'lg',
        type: 'button',
        loading: false,
        disabled: true
      }

      at log (src/components/ui/Button.tsx:26:13)

    console.log
      [Button] Has onClick in props: true

      at log (src/components/ui/Button.tsx:27:13)

    console.log
      [Button] All props: {
        onClick: [Function: handleNavigate],
        'aria-label': 'Navigate to selected form'
      }

      at log (src/components/ui/Button.tsx:28:13)

    console.log
      [Button] Rendering with type: button

      at log (src/components/ui/Button.tsx:25:13)

    console.log
      [Button] Props received: {
        variant: 'primary',
        size: 'lg',
        type: 'button',
        loading: false,
        disabled: true
      }

      at log (src/components/ui/Button.tsx:26:13)

    console.log
      [Button] Has onClick in props: true

      at log (src/components/ui/Button.tsx:27:13)

    console.log
      [Button] All props: {
        onClick: [Function: handleNavigate],
        'aria-label': 'Navigate to selected form'
      }

      at log (src/components/ui/Button.tsx:28:13)

    console.log
      [Button] Rendering with type: button

      at log (src/components/ui/Button.tsx:25:13)

    console.log
      [Button] Props received: {
        variant: 'primary',
        size: 'lg',
        type: 'button',
        loading: false,
        disabled: false
      }

      at log (src/components/ui/Button.tsx:26:13)

    console.log
      [Button] Has onClick in props: true

      at log (src/components/ui/Button.tsx:27:13)

    console.log
      [Button] All props: {
        onClick: [Function: handleNavigate],
        'aria-label': 'Navigate to selected form'
      }

      at log (src/components/ui/Button.tsx:28:13)

    console.log
      [Button] Rendering with type: button

      at log (src/components/ui/Button.tsx:25:13)

    console.log
      [Button] Props received: {
        variant: 'primary',
        size: 'lg',
        type: 'button',
        loading: false,
        disabled: true
      }

      at log (src/components/ui/Button.tsx:26:13)

    console.log
      [Button] Has onClick in props: true

      at log (src/components/ui/Button.tsx:27:13)

    console.log
      [Button] All props: {
        onClick: [Function: handleNavigate],
        'aria-label': 'Navigate to selected form'
      }

      at log (src/components/ui/Button.tsx:28:13)

    console.log
      [Button] Rendering with type: button

      at log (src/components/ui/Button.tsx:25:13)

    console.log
      [Button] Props received: {
        variant: 'primary',
        size: 'lg',
        type: 'button',
        loading: false,
        disabled: true
      }

      at log (src/components/ui/Button.tsx:26:13)

    console.log
      [Button] Has onClick in props: true

      at log (src/components/ui/Button.tsx:27:13)

    console.log
      [Button] All props: {
        onClick: [Function: handleNavigate],
        'aria-label': 'Navigate to selected form'
      }

      at log (src/components/ui/Button.tsx:28:13)

    console.log
      [Button] Rendering with type: button

      at log (src/components/ui/Button.tsx:25:13)

    console.log
      [Button] Props received: {
        variant: 'primary',
        size: 'lg',
        type: 'button',
        loading: false,
        disabled: false
      }

      at log (src/components/ui/Button.tsx:26:13)

    console.log
      [Button] Has onClick in props: true

      at log (src/components/ui/Button.tsx:27:13)

    console.log
      [Button] All props: {
        onClick: [Function: handleNavigate],
        'aria-label': 'Navigate to selected form'
      }

      at log (src/components/ui/Button.tsx:28:13)

    console.log
      [Button] Rendering with type: button

      at log (src/components/ui/Button.tsx:25:13)

    console.log
      [Button] Props received: {
        variant: 'primary',
        size: 'lg',
        type: 'button',
        loading: false,
        disabled: true
      }

      at log (src/components/ui/Button.tsx:26:13)

    console.log
      [Button] Has onClick in props: true

      at log (src/components/ui/Button.tsx:27:13)

    console.log
      [Button] All props: {
        onClick: [Function: handleNavigate],
        'aria-label': 'Navigate to selected form'
      }

      at log (src/components/ui/Button.tsx:28:13)

    console.log
      [Button] Rendering with type: button

      at log (src/components/ui/Button.tsx:25:13)

    console.log
      [Button] Props received: {
        variant: 'primary',
        size: 'lg',
        type: 'button',
        loading: false,
        disabled: true
      }

      at log (src/components/ui/Button.tsx:26:13)

    console.log
      [Button] Has onClick in props: true

      at log (src/components/ui/Button.tsx:27:13)

    console.log
      [Button] All props: {
        onClick: [Function: handleNavigate],
        'aria-label': 'Navigate to selected form'
      }

      at log (src/components/ui/Button.tsx:28:13)

    console.log
      [Button] Rendering with type: button

      at log (src/components/ui/Button.tsx:25:13)

    console.log
      [Button] Props received: {
        variant: 'primary',
        size: 'lg',
        type: 'button',
        loading: false,
        disabled: false
      }

      at log (src/components/ui/Button.tsx:26:13)

    console.log
      [Button] Has onClick in props: true

      at log (src/components/ui/Button.tsx:27:13)

    console.log
      [Button] All props: {
        onClick: [Function: handleNavigate],
        'aria-label': 'Navigate to selected form'
      }

      at log (src/components/ui/Button.tsx:28:13)

    console.log
      [Button] Rendering with type: button

      at log (src/components/ui/Button.tsx:25:13)

    console.log
      [Button] Props received: {
        variant: 'primary',
        size: 'lg',
        type: 'button',
        loading: false,
        disabled: true
      }

      at log (src/components/ui/Button.tsx:26:13)

    console.log
      [Button] Has onClick in props: true

      at log (src/components/ui/Button.tsx:27:13)

    console.log
      [Button] All props: {
        onClick: [Function: handleNavigate],
        'aria-label': 'Navigate to selected form'
      }

      at log (src/components/ui/Button.tsx:28:13)

    console.log
      [Button] Rendering with type: button

      at log (src/components/ui/Button.tsx:25:13)

    console.log
      [Button] Props received: {
        variant: 'primary',
        size: 'lg',
        type: 'button',
        loading: false,
        disabled: true
      }

      at log (src/components/ui/Button.tsx:26:13)

    console.log
      [Button] Has onClick in props: true

      at log (src/components/ui/Button.tsx:27:13)

    console.log
      [Button] All props: {
        onClick: [Function: handleNavigate],
        'aria-label': 'Navigate to selected form'
      }

      at log (src/components/ui/Button.tsx:28:13)

    console.log
      [Button] Rendering with type: button

      at log (src/components/ui/Button.tsx:25:13)

    console.log
      [Button] Props received: {
        variant: 'primary',
        size: 'lg',
        type: 'button',
        loading: false,
        disabled: false
      }

      at log (src/components/ui/Button.tsx:26:13)

    console.log
      [Button] Has onClick in props: true

      at log (src/components/ui/Button.tsx:27:13)

    console.log
      [Button] All props: {
        onClick: [Function: handleNavigate],
        'aria-label': 'Navigate to selected form'
      }

      at log (src/components/ui/Button.tsx:28:13)

    console.log
      [Button] Rendering with type: button

      at log (src/components/ui/Button.tsx:25:13)

    console.log
      [Button] Props received: {
        variant: 'primary',
        size: 'lg',
        type: 'button',
        loading: false,
        disabled: true
      }

      at log (src/components/ui/Button.tsx:26:13)

    console.log
      [Button] Has onClick in props: true

      at log (src/components/ui/Button.tsx:27:13)

    console.log
      [Button] All props: {
        onClick: [Function: handleNavigate],
        'aria-label': 'Navigate to selected form'
      }

      at log (src/components/ui/Button.tsx:28:13)

    console.log
      [Button] Rendering with type: button

      at log (src/components/ui/Button.tsx:25:13)

    console.log
      [Button] Props received: {
        variant: 'primary',
        size: 'lg',
        type: 'button',
        loading: false,
        disabled: true
      }

      at log (src/components/ui/Button.tsx:26:13)

    console.log
      [Button] Has onClick in props: true

      at log (src/components/ui/Button.tsx:27:13)

    console.log
      [Button] All props: {
        onClick: [Function: handleNavigate],
        'aria-label': 'Navigate to selected form'
      }

      at log (src/components/ui/Button.tsx:28:13)

    console.log
      [Button] Rendering with type: button

      at log (src/components/ui/Button.tsx:25:13)

    console.log
      [Button] Props received: {
        variant: 'primary',
        size: 'lg',
        type: 'button',
        loading: false,
        disabled: false
      }

      at log (src/components/ui/Button.tsx:26:13)

    console.log
      [Button] Has onClick in props: true

      at log (src/components/ui/Button.tsx:27:13)

    console.log
      [Button] All props: {
        onClick: [Function: handleNavigate],
        'aria-label': 'Navigate to selected form'
      }

      at log (src/components/ui/Button.tsx:28:13)

    console.log
      [Button] Rendering with type: button

      at log (src/components/ui/Button.tsx:25:13)

    console.log
      [Button] Props received: {
        variant: 'primary',
        size: 'lg',
        type: 'button',
        loading: false,
        disabled: true
      }

      at log (src/components/ui/Button.tsx:26:13)

    console.log
      [Button] Has onClick in props: true

      at log (src/components/ui/Button.tsx:27:13)

    console.log
      [Button] All props: {
        onClick: [Function: handleNavigate],
        'aria-label': 'Navigate to selected form'
      }

      at log (src/components/ui/Button.tsx:28:13)

    console.log
      [Button] Rendering with type: button

      at log (src/components/ui/Button.tsx:25:13)

    console.log
      [Button] Props received: {
        variant: 'primary',
        size: 'lg',
        type: 'button',
        loading: false,
        disabled: true
      }

      at log (src/components/ui/Button.tsx:26:13)

    console.log
      [Button] Has onClick in props: true

      at log (src/components/ui/Button.tsx:27:13)

    console.log
      [Button] All props: {
        onClick: [Function: handleNavigate],
        'aria-label': 'Navigate to selected form'
      }

      at log (src/components/ui/Button.tsx:28:13)

    console.log
      [Button] Rendering with type: button

      at log (src/components/ui/Button.tsx:25:13)

    console.log
      [Button] Props received: {
        variant: 'primary',
        size: 'lg',
        type: 'button',
        loading: false,
        disabled: false
      }

      at log (src/components/ui/Button.tsx:26:13)

    console.log
      [Button] Has onClick in props: true

      at log (src/components/ui/Button.tsx:27:13)

    console.log
      [Button] All props: {
        onClick: [Function: handleNavigate],
        'aria-label': 'Navigate to selected form'
      }

      at log (src/components/ui/Button.tsx:28:13)

    console.log
      [Button] Rendering with type: button

      at log (src/components/ui/Button.tsx:25:13)

    console.log
      [Button] Props received: {
        variant: 'primary',
        size: 'lg',
        type: 'button',
        loading: false,
        disabled: true
      }

      at log (src/components/ui/Button.tsx:26:13)

    console.log
      [Button] Has onClick in props: true

      at log (src/components/ui/Button.tsx:27:13)

    console.log
      [Button] All props: {
        onClick: [Function: handleNavigate],
        'aria-label': 'Navigate to selected form'
      }

      at log (src/components/ui/Button.tsx:28:13)

    console.log
      [Button] Rendering with type: button

      at log (src/components/ui/Button.tsx:25:13)

    console.log
      [Button] Props received: {
        variant: 'primary',
        size: 'lg',
        type: 'button',
        loading: false,
        disabled: true
      }

      at log (src/components/ui/Button.tsx:26:13)

    console.log
      [Button] Has onClick in props: true

      at log (src/components/ui/Button.tsx:27:13)

    console.log
      [Button] All props: {
        onClick: [Function: handleNavigate],
        'aria-label': 'Navigate to selected form'
      }

      at log (src/components/ui/Button.tsx:28:13)

    console.log
      [Button] Rendering with type: button

      at log (src/components/ui/Button.tsx:25:13)

    console.log
      [Button] Props received: {
        variant: 'primary',
        size: 'lg',
        type: 'button',
        loading: false,
        disabled: false
      }

      at log (src/components/ui/Button.tsx:26:13)

    console.log
      [Button] Has onClick in props: true

      at log (src/components/ui/Button.tsx:27:13)

    console.log
      [Button] All props: {
        onClick: [Function: handleNavigate],
        'aria-label': 'Navigate to selected form'
      }

      at log (src/components/ui/Button.tsx:28:13)

    console.log
      [Button] Rendering with type: button

      at log (src/components/ui/Button.tsx:25:13)

    console.log
      [Button] Props received: {
        variant: 'primary',
        size: 'lg',
        type: 'button',
        loading: false,
        disabled: true
      }

      at log (src/components/ui/Button.tsx:26:13)

    console.log
      [Button] Has onClick in props: true

      at log (src/components/ui/Button.tsx:27:13)

    console.log
      [Button] All props: {
        onClick: [Function: handleNavigate],
        'aria-label': 'Navigate to selected form'
      }

      at log (src/components/ui/Button.tsx:28:13)

    console.log
      [Button] Rendering with type: button

      at log (src/components/ui/Button.tsx:25:13)

    console.log
      [Button] Props received: {
        variant: 'primary',
        size: 'lg',
        type: 'button',
        loading: false,
        disabled: true
      }

      at log (src/components/ui/Button.tsx:26:13)

    console.log
      [Button] Has onClick in props: true

      at log (src/components/ui/Button.tsx:27:13)

    console.log
      [Button] All props: {
        onClick: [Function: handleNavigate],
        'aria-label': 'Navigate to selected form'
      }

      at log (src/components/ui/Button.tsx:28:13)

    console.log
      [Button] Rendering with type: button

      at log (src/components/ui/Button.tsx:25:13)

    console.log
      [Button] Props received: {
        variant: 'primary',
        size: 'lg',
        type: 'button',
        loading: false,
        disabled: false
      }

      at log (src/components/ui/Button.tsx:26:13)

    console.log
      [Button] Has onClick in props: true

      at log (src/components/ui/Button.tsx:27:13)

    console.log
      [Button] All props: {
        onClick: [Function: handleNavigate],
        'aria-label': 'Navigate to selected form'
      }

      at log (src/components/ui/Button.tsx:28:13)

    console.log
      [Button] Rendering with type: button

      at log (src/components/ui/Button.tsx:25:13)

    console.log
      [Button] Props received: {
        variant: 'primary',
        size: 'lg',
        type: 'button',
        loading: false,
        disabled: true
      }

      at log (src/components/ui/Button.tsx:26:13)

    console.log
      [Button] Has onClick in props: true

      at log (src/components/ui/Button.tsx:27:13)

    console.log
      [Button] All props: {
        onClick: [Function: handleNavigate],
        'aria-label': 'Navigate to selected form'
      }

      at log (src/components/ui/Button.tsx:28:13)

    console.log
      [Button] Rendering with type: button

      at log (src/components/ui/Button.tsx:25:13)

    console.log
      [Button] Props received: {
        variant: 'primary',
        size: 'lg',
        type: 'button',
        loading: false,
        disabled: true
      }

      at log (src/components/ui/Button.tsx:26:13)

    console.log
      [Button] Has onClick in props: true

      at log (src/components/ui/Button.tsx:27:13)

    console.log
      [Button] All props: {
        onClick: [Function: handleNavigate],
        'aria-label': 'Navigate to selected form'
      }

      at log (src/components/ui/Button.tsx:28:13)

    console.log
      [Button] Rendering with type: button

      at log (src/components/ui/Button.tsx:25:13)

    console.log
      [Button] Props received: {
        variant: 'primary',
        size: 'lg',
        type: 'button',
        loading: false,
        disabled: false
      }

      at log (src/components/ui/Button.tsx:26:13)

    console.log
      [Button] Has onClick in props: true

      at log (src/components/ui/Button.tsx:27:13)

    console.log
      [Button] All props: {
        onClick: [Function: handleNavigate],
        'aria-label': 'Navigate to selected form'
      }

      at log (src/components/ui/Button.tsx:28:13)

    console.log
      [Button] Rendering with type: button

      at log (src/components/ui/Button.tsx:25:13)

    console.log
      [Button] Props received: {
        variant: 'primary',
        size: 'lg',
        type: 'button',
        loading: false,
        disabled: true
      }

      at log (src/components/ui/Button.tsx:26:13)

    console.log
      [Button] Has onClick in props: true

      at log (src/components/ui/Button.tsx:27:13)

    console.log
      [Button] All props: {
        onClick: [Function: handleNavigate],
        'aria-label': 'Navigate to selected form'
      }

      at log (src/components/ui/Button.tsx:28:13)

    console.log
      [Button] Rendering with type: button

      at log (src/components/ui/Button.tsx:25:13)

    console.log
      [Button] Props received: {
        variant: 'primary',
        size: 'lg',
        type: 'button',
        loading: false,
        disabled: true
      }

      at log (src/components/ui/Button.tsx:26:13)

    console.log
      [Button] Has onClick in props: true

      at log (src/components/ui/Button.tsx:27:13)

    console.log
      [Button] All props: {
        onClick: [Function: handleNavigate],
        'aria-label': 'Navigate to selected form'
      }

      at log (src/components/ui/Button.tsx:28:13)

    console.log
      [Button] Rendering with type: button

      at log (src/components/ui/Button.tsx:25:13)

    console.log
      [Button] Props received: {
        variant: 'primary',
        size: 'lg',
        type: 'button',
        loading: false,
        disabled: false
      }

      at log (src/components/ui/Button.tsx:26:13)

    console.log
      [Button] Has onClick in props: true

      at log (src/components/ui/Button.tsx:27:13)

    console.log
      [Button] All props: {
        onClick: [Function: handleNavigate],
        'aria-label': 'Navigate to selected form'
      }

      at log (src/components/ui/Button.tsx:28:13)

    console.log
      [Button] Rendering with type: button

      at log (src/components/ui/Button.tsx:25:13)

    console.log
      [Button] Props received: {
        variant: 'primary',
        size: 'lg',
        type: 'button',
        loading: false,
        disabled: true
      }

      at log (src/components/ui/Button.tsx:26:13)

    console.log
      [Button] Has onClick in props: true

      at log (src/components/ui/Button.tsx:27:13)

    console.log
      [Button] All props: {
        onClick: [Function: handleNavigate],
        'aria-label': 'Navigate to selected form'
      }

      at log (src/components/ui/Button.tsx:28:13)

    console.log
      [Button] Rendering with type: button

      at log (src/components/ui/Button.tsx:25:13)

    console.log
      [Button] Props received: {
        variant: 'primary',
        size: 'lg',
        type: 'button',
        loading: false,
        disabled: true
      }

      at log (src/components/ui/Button.tsx:26:13)

    console.log
      [Button] Has onClick in props: true

      at log (src/components/ui/Button.tsx:27:13)

    console.log
      [Button] All props: {
        onClick: [Function: handleNavigate],
        'aria-label': 'Navigate to selected form'
      }

      at log (src/components/ui/Button.tsx:28:13)

    console.log
      [Button] Rendering with type: button

      at log (src/components/ui/Button.tsx:25:13)

    console.log
      [Button] Props received: {
        variant: 'primary',
        size: 'lg',
        type: 'button',
        loading: false,
        disabled: false
      }

      at log (src/components/ui/Button.tsx:26:13)

    console.log
      [Button] Has onClick in props: true

      at log (src/components/ui/Button.tsx:27:13)

    console.log
      [Button] All props: {
        onClick: [Function: handleNavigate],
        'aria-label': 'Navigate to selected form'
      }

      at log (src/components/ui/Button.tsx:28:13)

    console.log
      [Button] Rendering with type: button

      at log (src/components/ui/Button.tsx:25:13)

    console.log
      [Button] Props received: {
        variant: 'primary',
        size: 'lg',
        type: 'button',
        loading: false,
        disabled: true
      }

      at log (src/components/ui/Button.tsx:26:13)

    console.log
      [Button] Has onClick in props: true

      at log (src/components/ui/Button.tsx:27:13)

    console.log
      [Button] All props: {
        onClick: [Function: handleNavigate],
        'aria-label': 'Navigate to selected form'
      }

      at log (src/components/ui/Button.tsx:28:13)

    console.log
      [Button] Rendering with type: button

      at log (src/components/ui/Button.tsx:25:13)

    console.log
      [Button] Props received: {
        variant: 'primary',
        size: 'lg',
        type: 'button',
        loading: false,
        disabled: true
      }

      at log (src/components/ui/Button.tsx:26:13)

    console.log
      [Button] Has onClick in props: true

      at log (src/components/ui/Button.tsx:27:13)

    console.log
      [Button] All props: {
        onClick: [Function: handleNavigate],
        'aria-label': 'Navigate to selected form'
      }

      at log (src/components/ui/Button.tsx:28:13)

    console.log
      [Button] Rendering with type: button

      at log (src/components/ui/Button.tsx:25:13)

    console.log
      [Button] Props received: {
        variant: 'primary',
        size: 'lg',
        type: 'button',
        loading: false,
        disabled: false
      }

      at log (src/components/ui/Button.tsx:26:13)

    console.log
      [Button] Has onClick in props: true

      at log (src/components/ui/Button.tsx:27:13)

    console.log
      [Button] All props: {
        onClick: [Function: handleNavigate],
        'aria-label': 'Navigate to selected form'
      }

      at log (src/components/ui/Button.tsx:28:13)

    console.log
      [Button] Rendering with type: button

      at log (src/components/ui/Button.tsx:25:13)

    console.log
      [Button] Props received: {
        variant: 'primary',
        size: 'lg',
        type: 'button',
        loading: false,
        disabled: true
      }

      at log (src/components/ui/Button.tsx:26:13)

    console.log
      [Button] Has onClick in props: true

      at log (src/components/ui/Button.tsx:27:13)

    console.log
      [Button] All props: {
        onClick: [Function: handleNavigate],
        'aria-label': 'Navigate to selected form'
      }

      at log (src/components/ui/Button.tsx:28:13)

    console.log
      [Button] Rendering with type: button

      at log (src/components/ui/Button.tsx:25:13)

    console.log
      [Button] Props received: {
        variant: 'primary',
        size: 'lg',
        type: 'button',
        loading: false,
        disabled: true
      }

      at log (src/components/ui/Button.tsx:26:13)

    console.log
      [Button] Has onClick in props: true

      at log (src/components/ui/Button.tsx:27:13)

    console.log
      [Button] All props: {
        onClick: [Function: handleNavigate],
        'aria-label': 'Navigate to selected form'
      }

      at log (src/components/ui/Button.tsx:28:13)

    console.log
      [Button] Rendering with type: button

      at log (src/components/ui/Button.tsx:25:13)

    console.log
      [Button] Props received: {
        variant: 'primary',
        size: 'lg',
        type: 'button',
        loading: false,
        disabled: false
      }

      at log (src/components/ui/Button.tsx:26:13)

    console.log
      [Button] Has onClick in props: true

      at log (src/components/ui/Button.tsx:27:13)

    console.log
      [Button] All props: {
        onClick: [Function: handleNavigate],
        'aria-label': 'Navigate to selected form'
      }

      at log (src/components/ui/Button.tsx:28:13)

    console.log
      [Button] Rendering with type: button

      at log (src/components/ui/Button.tsx:25:13)

    console.log
      [Button] Props received: {
        variant: 'primary',
        size: 'lg',
        type: 'button',
        loading: false,
        disabled: true
      }

      at log (src/components/ui/Button.tsx:26:13)

    console.log
      [Button] Has onClick in props: true

      at log (src/components/ui/Button.tsx:27:13)

    console.log
      [Button] All props: {
        onClick: [Function: handleNavigate],
        'aria-label': 'Navigate to selected form'
      }

      at log (src/components/ui/Button.tsx:28:13)

    console.log
      [Button] Rendering with type: button

      at log (src/components/ui/Button.tsx:25:13)

    console.log
      [Button] Props received: {
        variant: 'primary',
        size: 'lg',
        type: 'button',
        loading: false,
        disabled: true
      }

      at log (src/components/ui/Button.tsx:26:13)

    console.log
      [Button] Has onClick in props: true

      at log (src/components/ui/Button.tsx:27:13)

    console.log
      [Button] All props: {
        onClick: [Function: handleNavigate],
        'aria-label': 'Navigate to selected form'
      }

      at log (src/components/ui/Button.tsx:28:13)

    console.log
      [Button] Rendering with type: button

      at log (src/components/ui/Button.tsx:25:13)

    console.log
      [Button] Props received: {
        variant: 'primary',
        size: 'lg',
        type: 'button',
        loading: false,
        disabled: false
      }

      at log (src/components/ui/Button.tsx:26:13)

    console.log
      [Button] Has onClick in props: true

      at log (src/components/ui/Button.tsx:27:13)

    console.log
      [Button] All props: {
        onClick: [Function: handleNavigate],
        'aria-label': 'Navigate to selected form'
      }

      at log (src/components/ui/Button.tsx:28:13)

    console.log
      [Button] Rendering with type: button

      at log (src/components/ui/Button.tsx:25:13)

    console.log
      [Button] Props received: {
        variant: 'primary',
        size: 'lg',
        type: 'button',
        loading: false,
        disabled: true
      }

      at log (src/components/ui/Button.tsx:26:13)

    console.log
      [Button] Has onClick in props: true

      at log (src/components/ui/Button.tsx:27:13)

    console.log
      [Button] All props: {
        onClick: [Function: handleNavigate],
        'aria-label': 'Navigate to selected form'
      }

      at log (src/components/ui/Button.tsx:28:13)

    console.log
      [Button] Rendering with type: button

      at log (src/components/ui/Button.tsx:25:13)

    console.log
      [Button] Props received: {
        variant: 'primary',
        size: 'lg',
        type: 'button',
        loading: false,
        disabled: true
      }

      at log (src/components/ui/Button.tsx:26:13)

    console.log
      [Button] Has onClick in props: true

      at log (src/components/ui/Button.tsx:27:13)

    console.log
      [Button] All props: {
        onClick: [Function: handleNavigate],
        'aria-label': 'Navigate to selected form'
      }

      at log (src/components/ui/Button.tsx:28:13)

    console.log
      [Button] Rendering with type: button

      at log (src/components/ui/Button.tsx:25:13)

    console.log
      [Button] Props received: {
        variant: 'primary',
        size: 'lg',
        type: 'button',
        loading: false,
        disabled: false
      }

      at log (src/components/ui/Button.tsx:26:13)

    console.log
      [Button] Has onClick in props: true

      at log (src/components/ui/Button.tsx:27:13)

    console.log
      [Button] All props: {
        onClick: [Function: handleNavigate],
        'aria-label': 'Navigate to selected form'
      }

      at log (src/components/ui/Button.tsx:28:13)

    console.log
      [Button] Rendering with type: button

      at log (src/components/ui/Button.tsx:25:13)

    console.log
      [Button] Props received: {
        variant: 'primary',
        size: 'lg',
        type: 'button',
        loading: false,
        disabled: true
      }

      at log (src/components/ui/Button.tsx:26:13)

    console.log
      [Button] Has onClick in props: true

      at log (src/components/ui/Button.tsx:27:13)

    console.log
      [Button] All props: {
        onClick: [Function: handleNavigate],
        'aria-label': 'Navigate to selected form'
      }

      at log (src/components/ui/Button.tsx:28:13)

    console.log
      [Button] Rendering with type: button

      at log (src/components/ui/Button.tsx:25:13)

    console.log
      [Button] Props received: {
        variant: 'primary',
        size: 'lg',
        type: 'button',
        loading: false,
        disabled: true
      }

      at log (src/components/ui/Button.tsx:26:13)

    console.log
      [Button] Has onClick in props: true

      at log (src/components/ui/Button.tsx:27:13)

    console.log
      [Button] All props: {
        onClick: [Function: handleNavigate],
        'aria-label': 'Navigate to selected form'
      }

      at log (src/components/ui/Button.tsx:28:13)

    console.log
      [Button] Rendering with type: button

      at log (src/components/ui/Button.tsx:25:13)

    console.log
      [Button] Props received: {
        variant: 'primary',
        size: 'lg',
        type: 'button',
        loading: false,
        disabled: false
      }

      at log (src/components/ui/Button.tsx:26:13)

    console.log
      [Button] Has onClick in props: true

      at log (src/components/ui/Button.tsx:27:13)

    console.log
      [Button] All props: {
        onClick: [Function: handleNavigate],
        'aria-label': 'Navigate to selected form'
      }

      at log (src/components/ui/Button.tsx:28:13)

    console.log
      [Button] Rendering with type: button

      at log (src/components/ui/Button.tsx:25:13)

    console.log
      [Button] Props received: {
        variant: 'primary',
        size: 'lg',
        type: 'button',
        loading: false,
        disabled: true
      }

      at log (src/components/ui/Button.tsx:26:13)

    console.log
      [Button] Has onClick in props: true

      at log (src/components/ui/Button.tsx:27:13)

    console.log
      [Button] All props: {
        onClick: [Function: handleNavigate],
        'aria-label': 'Navigate to selected form'
      }

      at log (src/components/ui/Button.tsx:28:13)

    console.log
      [Button] Rendering with type: button

      at log (src/components/ui/Button.tsx:25:13)

    console.log
      [Button] Props received: {
        variant: 'primary',
        size: 'lg',
        type: 'button',
        loading: false,
        disabled: true
      }

      at log (src/components/ui/Button.tsx:26:13)

    console.log
      [Button] Has onClick in props: true

      at log (src/components/ui/Button.tsx:27:13)

    console.log
      [Button] All props: {
        onClick: [Function: handleNavigate],
        'aria-label': 'Navigate to selected form'
      }

      at log (src/components/ui/Button.tsx:28:13)

    console.log
      [Button] Rendering with type: button

      at log (src/components/ui/Button.tsx:25:13)

    console.log
      [Button] Props received: {
        variant: 'primary',
        size: 'lg',
        type: 'button',
        loading: false,
        disabled: false
      }

      at log (src/components/ui/Button.tsx:26:13)

    console.log
      [Button] Has onClick in props: true

      at log (src/components/ui/Button.tsx:27:13)

    console.log
      [Button] All props: {
        onClick: [Function: handleNavigate],
        'aria-label': 'Navigate to selected form'
      }

      at log (src/components/ui/Button.tsx:28:13)

    console.log
      [Button] Rendering with type: button

      at log (src/components/ui/Button.tsx:25:13)

    console.log
      [Button] Props received: {
        variant: 'primary',
        size: 'lg',
        type: 'button',
        loading: false,
        disabled: true
      }

      at log (src/components/ui/Button.tsx:26:13)

    console.log
      [Button] Has onClick in props: true

      at log (src/components/ui/Button.tsx:27:13)

    console.log
      [Button] All props: {
        onClick: [Function: handleNavigate],
        'aria-label': 'Navigate to selected form'
      }

      at log (src/components/ui/Button.tsx:28:13)

    console.log
      [Button] Rendering with type: button

      at log (src/components/ui/Button.tsx:25:13)

    console.log
      [Button] Props received: {
        variant: 'primary',
        size: 'lg',
        type: 'button',
        loading: false,
        disabled: true
      }

      at log (src/components/ui/Button.tsx:26:13)

    console.log
      [Button] Has onClick in props: true

      at log (src/components/ui/Button.tsx:27:13)

    console.log
      [Button] All props: {
        onClick: [Function: handleNavigate],
        'aria-label': 'Navigate to selected form'
      }

      at log (src/components/ui/Button.tsx:28:13)

    console.log
      [Button] Rendering with type: button

      at log (src/components/ui/Button.tsx:25:13)

    console.log
      [Button] Props received: {
        variant: 'primary',
        size: 'lg',
        type: 'button',
        loading: false,
        disabled: false
      }

      at log (src/components/ui/Button.tsx:26:13)

    console.log
      [Button] Has onClick in props: true

      at log (src/components/ui/Button.tsx:27:13)

    console.log
      [Button] All props: {
        onClick: [Function: handleNavigate],
        'aria-label': 'Navigate to selected form'
      }

      at log (src/components/ui/Button.tsx:28:13)

    console.log
      [Button] Rendering with type: button

      at log (src/components/ui/Button.tsx:25:13)

    console.log
      [Button] Props received: {
        variant: 'primary',
        size: 'lg',
        type: 'button',
        loading: false,
        disabled: true
      }

      at log (src/components/ui/Button.tsx:26:13)

    console.log
      [Button] Has onClick in props: true

      at log (src/components/ui/Button.tsx:27:13)

    console.log
      [Button] All props: {
        onClick: [Function: handleNavigate],
        'aria-label': 'Navigate to selected form'
      }

      at log (src/components/ui/Button.tsx:28:13)

    console.log
      [Button] Rendering with type: button

      at log (src/components/ui/Button.tsx:25:13)

    console.log
      [Button] Props received: {
        variant: 'primary',
        size: 'lg',
        type: 'button',
        loading: false,
        disabled: true
      }

      at log (src/components/ui/Button.tsx:26:13)

    console.log
      [Button] Has onClick in props: true

      at log (src/components/ui/Button.tsx:27:13)

    console.log
      [Button] All props: {
        onClick: [Function: handleNavigate],
        'aria-label': 'Navigate to selected form'
      }

      at log (src/components/ui/Button.tsx:28:13)

    console.log
      [Button] Rendering with type: button

      at log (src/components/ui/Button.tsx:25:13)

    console.log
      [Button] Props received: {
        variant: 'primary',
        size: 'lg',
        type: 'button',
        loading: false,
        disabled: false
      }

      at log (src/components/ui/Button.tsx:26:13)

    console.log
      [Button] Has onClick in props: true

      at log (src/components/ui/Button.tsx:27:13)

    console.log
      [Button] All props: {
        onClick: [Function: handleNavigate],
        'aria-label': 'Navigate to selected form'
      }

      at log (src/components/ui/Button.tsx:28:13)

    console.log
      [Button] Rendering with type: button

      at log (src/components/ui/Button.tsx:25:13)

    console.log
      [Button] Props received: {
        variant: 'primary',
        size: 'lg',
        type: 'button',
        loading: false,
        disabled: true
      }

      at log (src/components/ui/Button.tsx:26:13)

    console.log
      [Button] Has onClick in props: true

      at log (src/components/ui/Button.tsx:27:13)

    console.log
      [Button] All props: {
        onClick: [Function: handleNavigate],
        'aria-label': 'Navigate to selected form'
      }

      at log (src/components/ui/Button.tsx:28:13)

    console.log
      [Button] Rendering with type: button

      at log (src/components/ui/Button.tsx:25:13)

    console.log
      [Button] Props received: {
        variant: 'primary',
        size: 'lg',
        type: 'button',
        loading: false,
        disabled: true
      }

      at log (src/components/ui/Button.tsx:26:13)

    console.log
      [Button] Has onClick in props: true

      at log (src/components/ui/Button.tsx:27:13)

    console.log
      [Button] All props: {
        onClick: [Function: handleNavigate],
        'aria-label': 'Navigate to selected form'
      }

      at log (src/components/ui/Button.tsx:28:13)

    console.log
      [Button] Rendering with type: button

      at log (src/components/ui/Button.tsx:25:13)

    console.log
      [Button] Props received: {
        variant: 'primary',
        size: 'lg',
        type: 'button',
        loading: false,
        disabled: false
      }

      at log (src/components/ui/Button.tsx:26:13)

    console.log
      [Button] Has onClick in props: true

      at log (src/components/ui/Button.tsx:27:13)

    console.log
      [Button] All props: {
        onClick: [Function: handleNavigate],
        'aria-label': 'Navigate to selected form'
      }

      at log (src/components/ui/Button.tsx:28:13)

    console.log
      [Button] Rendering with type: button

      at log (src/components/ui/Button.tsx:25:13)

    console.log
      [Button] Props received: {
        variant: 'primary',
        size: 'lg',
        type: 'button',
        loading: false,
        disabled: true
      }

      at log (src/components/ui/Button.tsx:26:13)

    console.log
      [Button] Has onClick in props: true

      at log (src/components/ui/Button.tsx:27:13)

    console.log
      [Button] All props: {
        onClick: [Function: handleNavigate],
        'aria-label': 'Navigate to selected form'
      }

      at log (src/components/ui/Button.tsx:28:13)

    console.log
      [Button] Rendering with type: button

      at log (src/components/ui/Button.tsx:25:13)

    console.log
      [Button] Props received: {
        variant: 'primary',
        size: 'lg',
        type: 'button',
        loading: false,
        disabled: true
      }

      at log (src/components/ui/Button.tsx:26:13)

    console.log
      [Button] Has onClick in props: true

      at log (src/components/ui/Button.tsx:27:13)

    console.log
      [Button] All props: {
        onClick: [Function: handleNavigate],
        'aria-label': 'Navigate to selected form'
      }

      at log (src/components/ui/Button.tsx:28:13)

    console.log
      [Button] Rendering with type: button

      at log (src/components/ui/Button.tsx:25:13)

    console.log
      [Button] Props received: {
        variant: 'primary',
        size: 'lg',
        type: 'button',
        loading: false,
        disabled: false
      }

      at log (src/components/ui/Button.tsx:26:13)

    console.log
      [Button] Has onClick in props: true

      at log (src/components/ui/Button.tsx:27:13)

    console.log
      [Button] All props: {
        onClick: [Function: handleNavigate],
        'aria-label': 'Navigate to selected form'
      }

      at log (src/components/ui/Button.tsx:28:13)

    console.log
      [Button] Rendering with type: button

      at log (src/components/ui/Button.tsx:25:13)

    console.log
      [Button] Props received: {
        variant: 'primary',
        size: 'lg',
        type: 'button',
        loading: false,
        disabled: true
      }

      at log (src/components/ui/Button.tsx:26:13)

    console.log
      [Button] Has onClick in props: true

      at log (src/components/ui/Button.tsx:27:13)

    console.log
      [Button] All props: {
        onClick: [Function: handleNavigate],
        'aria-label': 'Navigate to selected form'
      }

      at log (src/components/ui/Button.tsx:28:13)

    console.log
      [Button] Rendering with type: button

      at log (src/components/ui/Button.tsx:25:13)

    console.log
      [Button] Props received: {
        variant: 'primary',
        size: 'lg',
        type: 'button',
        loading: false,
        disabled: true
      }

      at log (src/components/ui/Button.tsx:26:13)

    console.log
      [Button] Has onClick in props: true

      at log (src/components/ui/Button.tsx:27:13)

    console.log
      [Button] All props: {
        onClick: [Function: handleNavigate],
        'aria-label': 'Navigate to selected form'
      }

      at log (src/components/ui/Button.tsx:28:13)

    console.log
      [Button] Rendering with type: button

      at log (src/components/ui/Button.tsx:25:13)

    console.log
      [Button] Props received: {
        variant: 'primary',
        size: 'lg',
        type: 'button',
        loading: false,
        disabled: false
      }

      at log (src/components/ui/Button.tsx:26:13)

    console.log
      [Button] Has onClick in props: true

      at log (src/components/ui/Button.tsx:27:13)

    console.log
      [Button] All props: {
        onClick: [Function: handleNavigate],
        'aria-label': 'Navigate to selected form'
      }

      at log (src/components/ui/Button.tsx:28:13)

    console.log
      [Button] Rendering with type: button

      at log (src/components/ui/Button.tsx:25:13)

    console.log
      [Button] Props received: {
        variant: 'primary',
        size: 'lg',
        type: 'button',
        loading: false,
        disabled: true
      }

      at log (src/components/ui/Button.tsx:26:13)

    console.log
      [Button] Has onClick in props: true

      at log (src/components/ui/Button.tsx:27:13)

    console.log
      [Button] All props: {
        onClick: [Function: handleNavigate],
        'aria-label': 'Navigate to selected form'
      }

      at log (src/components/ui/Button.tsx:28:13)

    console.log
      [Button] Rendering with type: button

      at log (src/components/ui/Button.tsx:25:13)

    console.log
      [Button] Props received: {
        variant: 'primary',
        size: 'lg',
        type: 'button',
        loading: false,
        disabled: true
      }

      at log (src/components/ui/Button.tsx:26:13)

    console.log
      [Button] Has onClick in props: true

      at log (src/components/ui/Button.tsx:27:13)

    console.log
      [Button] All props: {
        onClick: [Function: handleNavigate],
        'aria-label': 'Navigate to selected form'
      }

      at log (src/components/ui/Button.tsx:28:13)

    console.log
      [Button] Rendering with type: button

      at log (src/components/ui/Button.tsx:25:13)

    console.log
      [Button] Props received: {
        variant: 'primary',
        size: 'lg',
        type: 'button',
        loading: false,
        disabled: false
      }

      at log (src/components/ui/Button.tsx:26:13)

    console.log
      [Button] Has onClick in props: true

      at log (src/components/ui/Button.tsx:27:13)

    console.log
      [Button] All props: {
        onClick: [Function: handleNavigate],
        'aria-label': 'Navigate to selected form'
      }

      at log (src/components/ui/Button.tsx:28:13)

    console.log
      [Button] Rendering with type: button

      at log (src/components/ui/Button.tsx:25:13)

    console.log
      [Button] Props received: {
        variant: 'primary',
        size: 'lg',
        type: 'button',
        loading: false,
        disabled: true
      }

      at log (src/components/ui/Button.tsx:26:13)

    console.log
      [Button] Has onClick in props: true

      at log (src/components/ui/Button.tsx:27:13)

    console.log
      [Button] All props: {
        onClick: [Function: handleNavigate],
        'aria-label': 'Navigate to selected form'
      }

      at log (src/components/ui/Button.tsx:28:13)

    console.log
      [Button] Rendering with type: button

      at log (src/components/ui/Button.tsx:25:13)

    console.log
      [Button] Props received: {
        variant: 'primary',
        size: 'lg',
        type: 'button',
        loading: false,
        disabled: true
      }

      at log (src/components/ui/Button.tsx:26:13)

    console.log
      [Button] Has onClick in props: true

      at log (src/components/ui/Button.tsx:27:13)

    console.log
      [Button] All props: {
        onClick: [Function: handleNavigate],
        'aria-label': 'Navigate to selected form'
      }

      at log (src/components/ui/Button.tsx:28:13)

    console.log
      [Button] Rendering with type: button

      at log (src/components/ui/Button.tsx:25:13)

    console.log
      [Button] Props received: {
        variant: 'primary',
        size: 'lg',
        type: 'button',
        loading: false,
        disabled: false
      }

      at log (src/components/ui/Button.tsx:26:13)

    console.log
      [Button] Has onClick in props: true

      at log (src/components/ui/Button.tsx:27:13)

    console.log
      [Button] All props: {
        onClick: [Function: handleNavigate],
        'aria-label': 'Navigate to selected form'
      }

      at log (src/components/ui/Button.tsx:28:13)

    console.log
      [Button] Rendering with type: button

      at log (src/components/ui/Button.tsx:25:13)

    console.log
      [Button] Props received: {
        variant: 'primary',
        size: 'lg',
        type: 'button',
        loading: false,
        disabled: true
      }

      at log (src/components/ui/Button.tsx:26:13)

    console.log
      [Button] Has onClick in props: true

      at log (src/components/ui/Button.tsx:27:13)

    console.log
      [Button] All props: {
        onClick: [Function: handleNavigate],
        'aria-label': 'Navigate to selected form'
      }

      at log (src/components/ui/Button.tsx:28:13)

    console.log
      [Button] Rendering with type: button

      at log (src/components/ui/Button.tsx:25:13)

    console.log
      [Button] Props received: {
        variant: 'primary',
        size: 'lg',
        type: 'button',
        loading: false,
        disabled: true
      }

      at log (src/components/ui/Button.tsx:26:13)

    console.log
      [Button] Has onClick in props: true

      at log (src/components/ui/Button.tsx:27:13)

    console.log
      [Button] All props: {
        onClick: [Function: handleNavigate],
        'aria-label': 'Navigate to selected form'
      }

      at log (src/components/ui/Button.tsx:28:13)

    console.log
      [Button] Rendering with type: button

      at log (src/components/ui/Button.tsx:25:13)

    console.log
      [Button] Props received: {
        variant: 'primary',
        size: 'lg',
        type: 'button',
        loading: false,
        disabled: false
      }

      at log (src/components/ui/Button.tsx:26:13)

    console.log
      [Button] Has onClick in props: true

      at log (src/components/ui/Button.tsx:27:13)

    console.log
      [Button] All props: {
        onClick: [Function: handleNavigate],
        'aria-label': 'Navigate to selected form'
      }

      at log (src/components/ui/Button.tsx:28:13)

    console.log
      [Button] Rendering with type: button

      at log (src/components/ui/Button.tsx:25:13)

    console.log
      [Button] Props received: {
        variant: 'primary',
        size: 'lg',
        type: 'button',
        loading: false,
        disabled: true
      }

      at log (src/components/ui/Button.tsx:26:13)

    console.log
      [Button] Has onClick in props: true

      at log (src/components/ui/Button.tsx:27:13)

    console.log
      [Button] All props: {
        onClick: [Function: handleNavigate],
        'aria-label': 'Navigate to selected form'
      }

      at log (src/components/ui/Button.tsx:28:13)

    console.log
      [Button] Rendering with type: button

      at log (src/components/ui/Button.tsx:25:13)

    console.log
      [Button] Props received: {
        variant: 'primary',
        size: 'lg',
        type: 'button',
        loading: false,
        disabled: true
      }

      at log (src/components/ui/Button.tsx:26:13)

    console.log
      [Button] Has onClick in props: true

      at log (src/components/ui/Button.tsx:27:13)

    console.log
      [Button] All props: {
        onClick: [Function: handleNavigate],
        'aria-label': 'Navigate to selected form'
      }

      at log (src/components/ui/Button.tsx:28:13)

    console.log
      [Button] Rendering with type: button

      at log (src/components/ui/Button.tsx:25:13)

    console.log
      [Button] Props received: {
        variant: 'primary',
        size: 'lg',
        type: 'button',
        loading: false,
        disabled: false
      }

      at log (src/components/ui/Button.tsx:26:13)

    console.log
      [Button] Has onClick in props: true

      at log (src/components/ui/Button.tsx:27:13)

    console.log
      [Button] All props: {
        onClick: [Function: handleNavigate],
        'aria-label': 'Navigate to selected form'
      }

      at log (src/components/ui/Button.tsx:28:13)

    console.log
      [Button] Rendering with type: button

      at log (src/components/ui/Button.tsx:25:13)

    console.log
      [Button] Props received: {
        variant: 'primary',
        size: 'lg',
        type: 'button',
        loading: false,
        disabled: true
      }

      at log (src/components/ui/Button.tsx:26:13)

    console.log
      [Button] Has onClick in props: true

      at log (src/components/ui/Button.tsx:27:13)

    console.log
      [Button] All props: {
        onClick: [Function: handleNavigate],
        'aria-label': 'Navigate to selected form'
      }

      at log (src/components/ui/Button.tsx:28:13)

    console.log
      [Button] Rendering with type: button

      at log (src/components/ui/Button.tsx:25:13)

    console.log
      [Button] Props received: {
        variant: 'primary',
        size: 'lg',
        type: 'button',
        loading: false,
        disabled: true
      }

      at log (src/components/ui/Button.tsx:26:13)

    console.log
      [Button] Has onClick in props: true

      at log (src/components/ui/Button.tsx:27:13)

    console.log
      [Button] All props: {
        onClick: [Function: handleNavigate],
        'aria-label': 'Navigate to selected form'
      }

      at log (src/components/ui/Button.tsx:28:13)

    console.log
      [Button] Rendering with type: button

      at log (src/components/ui/Button.tsx:25:13)

    console.log
      [Button] Props received: {
        variant: 'primary',
        size: 'lg',
        type: 'button',
        loading: false,
        disabled: false
      }

      at log (src/components/ui/Button.tsx:26:13)

    console.log
      [Button] Has onClick in props: true

      at log (src/components/ui/Button.tsx:27:13)

    console.log
      [Button] All props: {
        onClick: [Function: handleNavigate],
        'aria-label': 'Navigate to selected form'
      }

      at log (src/components/ui/Button.tsx:28:13)

    console.log
      [Button] Rendering with type: button

      at log (src/components/ui/Button.tsx:25:13)

    console.log
      [Button] Props received: {
        variant: 'primary',
        size: 'lg',
        type: 'button',
        loading: false,
        disabled: true
      }

      at log (src/components/ui/Button.tsx:26:13)

    console.log
      [Button] Has onClick in props: true

      at log (src/components/ui/Button.tsx:27:13)

    console.log
      [Button] All props: {
        onClick: [Function: handleNavigate],
        'aria-label': 'Navigate to selected form'
      }

      at log (src/components/ui/Button.tsx:28:13)

PASS src/app/dashboard/session-persistence.property.test.tsx
PASS src/app/dashboard/logout-integration.test.tsx
  ● Console

    console.log
      [Button] Rendering with type: button

      at log (src/components/ui/Button.tsx:25:13)

    console.log
      [Button] Props received: {
        variant: 'outline',
        size: 'md',
        type: 'button',
        loading: false,
        disabled: undefined
      }

      at log (src/components/ui/Button.tsx:26:13)

    console.log
      [Button] Has onClick in props: true

      at log (src/components/ui/Button.tsx:27:13)

    console.log
      [Button] All props: {
        onClick: [Function: handleLogout],
        'aria-label': 'Log out of your account'
      }

      at log (src/components/ui/Button.tsx:28:13)

    console.log
      [Button] Rendering with type: button

      at log (src/components/ui/Button.tsx:25:13)

    console.log
      [Button] Props received: {
        variant: 'outline',
        size: 'md',
        type: 'button',
        loading: false,
        disabled: undefined
      }

      at log (src/components/ui/Button.tsx:26:13)

    console.log
      [Button] Has onClick in props: true

      at log (src/components/ui/Button.tsx:27:13)

    console.log
      [Button] All props: {
        onClick: [Function: handleLogout],
        'aria-label': 'Log out of your account'
      }

      at log (src/components/ui/Button.tsx:28:13)

    console.log
      [Button] Rendering with type: button

      at log (src/components/ui/Button.tsx:25:13)

    console.log
      [Button] Props received: {
        variant: 'outline',
        size: 'md',
        type: 'button',
        loading: false,
        disabled: undefined
      }

      at log (src/components/ui/Button.tsx:26:13)

    console.log
      [Button] Has onClick in props: true

      at log (src/components/ui/Button.tsx:27:13)

    console.log
      [Button] All props: {
        onClick: [Function: handleLogout],
        'aria-label': 'Log out of your account'
      }

      at log (src/components/ui/Button.tsx:28:13)

    console.log
      [Button] Rendering with type: button

      at log (src/components/ui/Button.tsx:25:13)

    console.log
      [Button] Props received: {
        variant: 'outline',
        size: 'md',
        type: 'button',
        loading: false,
        disabled: undefined
      }

      at log (src/components/ui/Button.tsx:26:13)

    console.log
      [Button] Has onClick in props: true

      at log (src/components/ui/Button.tsx:27:13)

    console.log
      [Button] All props: {
        onClick: [Function: handleLogout],
        'aria-label': 'Log out of your account'
      }

      at log (src/components/ui/Button.tsx:28:13)

    console.log
      [Button] Rendering with type: button

      at log (src/components/ui/Button.tsx:25:13)

    console.log
      [Button] Props received: {
        variant: 'outline',
        size: 'md',
        type: 'button',
        loading: false,
        disabled: undefined
      }

      at log (src/components/ui/Button.tsx:26:13)

    console.log
      [Button] Has onClick in props: true

      at log (src/components/ui/Button.tsx:27:13)

    console.log
      [Button] All props: {
        onClick: [Function: handleLogout],
        'aria-label': 'Log out of your account'
      }

      at log (src/components/ui/Button.tsx:28:13)

    console.log
      [Button] Rendering with type: button

      at log (src/components/ui/Button.tsx:25:13)

    console.log
      [Button] Props received: {
        variant: 'outline',
        size: 'md',
        type: 'button',
        loading: false,
        disabled: undefined
      }

      at log (src/components/ui/Button.tsx:26:13)

    console.log
      [Button] Has onClick in props: true

      at log (src/components/ui/Button.tsx:27:13)

    console.log
      [Button] All props: {
        onClick: [Function: handleLogout],
        'aria-label': 'Log out of your account'
      }

      at log (src/components/ui/Button.tsx:28:13)

    console.log
      [Button] Rendering with type: button

      at log (src/components/ui/Button.tsx:25:13)

    console.log
      [Button] Props received: {
        variant: 'outline',
        size: 'md',
        type: 'button',
        loading: false,
        disabled: undefined
      }

      at log (src/components/ui/Button.tsx:26:13)

    console.log
      [Button] Has onClick in props: true

      at log (src/components/ui/Button.tsx:27:13)

    console.log
      [Button] All props: {
        onClick: [Function: handleLogout],
        'aria-label': 'Log out of your account'
      }

      at log (src/components/ui/Button.tsx:28:13)

    console.log
      [Button] Rendering with type: button

      at log (src/components/ui/Button.tsx:25:13)

    console.log
      [Button] Props received: {
        variant: 'outline',
        size: 'md',
        type: 'button',
        loading: false,
        disabled: undefined
      }

      at log (src/components/ui/Button.tsx:26:13)

    console.log
      [Button] Has onClick in props: true

      at log (src/components/ui/Button.tsx:27:13)

    console.log
      [Button] All props: {
        onClick: [Function: handleLogout],
        'aria-label': 'Log out of your account'
      }

      at log (src/components/ui/Button.tsx:28:13)

    console.log
      [Button] Rendering with type: button

      at log (src/components/ui/Button.tsx:25:13)

    console.log
      [Button] Props received: {
        variant: 'outline',
        size: 'md',
        type: 'button',
        loading: false,
        disabled: undefined
      }

      at log (src/components/ui/Button.tsx:26:13)

    console.log
      [Button] Has onClick in props: true

      at log (src/components/ui/Button.tsx:27:13)

    console.log
      [Button] All props: {
        onClick: [Function: handleLogout],
        'aria-label': 'Log out of your account'
      }

      at log (src/components/ui/Button.tsx:28:13)

    console.log
      [Button] Rendering with type: button

      at log (src/components/ui/Button.tsx:25:13)

    console.log
      [Button] Props received: {
        variant: 'outline',
        size: 'md',
        type: 'button',
        loading: false,
        disabled: undefined
      }

      at log (src/components/ui/Button.tsx:26:13)

    console.log
      [Button] Has onClick in props: true

      at log (src/components/ui/Button.tsx:27:13)

    console.log
      [Button] All props: {
        onClick: [Function: handleLogout],
        'aria-label': 'Log out of your account'
      }

      at log (src/components/ui/Button.tsx:28:13)

    console.log
      [Button] Rendering with type: button

      at log (src/components/ui/Button.tsx:25:13)

    console.log
      [Button] Props received: {
        variant: 'outline',
        size: 'md',
        type: 'button',
        loading: false,
        disabled: undefined
      }

      at log (src/components/ui/Button.tsx:26:13)

    console.log
      [Button] Has onClick in props: true

      at log (src/components/ui/Button.tsx:27:13)

    console.log
      [Button] All props: {
        onClick: [Function: handleLogout],
        'aria-label': 'Log out of your account'
      }

      at log (src/components/ui/Button.tsx:28:13)

    console.log
      [Button] Rendering with type: button

      at log (src/components/ui/Button.tsx:25:13)

    console.log
      [Button] Props received: {
        variant: 'outline',
        size: 'md',
        type: 'button',
        loading: false,
        disabled: undefined
      }

      at log (src/components/ui/Button.tsx:26:13)

    console.log
      [Button] Has onClick in props: true

      at log (src/components/ui/Button.tsx:27:13)

    console.log
      [Button] All props: {
        onClick: [Function: handleLogout],
        'aria-label': 'Log out of your account'
      }

      at log (src/components/ui/Button.tsx:28:13)

    console.log
      [Button] Rendering with type: button

      at log (src/components/ui/Button.tsx:25:13)

    console.log
      [Button] Props received: {
        variant: 'outline',
        size: 'md',
        type: 'button',
        loading: false,
        disabled: undefined
      }

      at log (src/components/ui/Button.tsx:26:13)

    console.log
      [Button] Has onClick in props: true

      at log (src/components/ui/Button.tsx:27:13)

    console.log
      [Button] All props: {
        onClick: [Function: handleLogout],
        'aria-label': 'Log out of your account'
      }

      at log (src/components/ui/Button.tsx:28:13)

    console.log
      [Button] Rendering with type: button

      at log (src/components/ui/Button.tsx:25:13)

    console.log
      [Button] Props received: {
        variant: 'outline',
        size: 'md',
        type: 'button',
        loading: false,
        disabled: undefined
      }

      at log (src/components/ui/Button.tsx:26:13)

    console.log
      [Button] Has onClick in props: true

      at log (src/components/ui/Button.tsx:27:13)

    console.log
      [Button] All props: {
        onClick: [Function: handleLogout],
        'aria-label': 'Log out of your account'
      }

      at log (src/components/ui/Button.tsx:28:13)

    console.log
      [Button] Rendering with type: button

      at log (src/components/ui/Button.tsx:25:13)

    console.log
      [Button] Props received: {
        variant: 'outline',
        size: 'md',
        type: 'button',
        loading: false,
        disabled: undefined
      }

      at log (src/components/ui/Button.tsx:26:13)

    console.log
      [Button] Has onClick in props: true

      at log (src/components/ui/Button.tsx:27:13)

    console.log
      [Button] All props: {
        onClick: [Function: handleLogout],
        'aria-label': 'Log out of your account'
      }

      at log (src/components/ui/Button.tsx:28:13)

    console.log
      [Button] Rendering with type: button

      at log (src/components/ui/Button.tsx:25:13)

    console.log
      [Button] Props received: {
        variant: 'outline',
        size: 'md',
        type: 'button',
        loading: false,
        disabled: undefined
      }

      at log (src/components/ui/Button.tsx:26:13)

    console.log
      [Button] Has onClick in props: true

      at log (src/components/ui/Button.tsx:27:13)

    console.log
      [Button] All props: {
        onClick: [Function: handleLogout],
        'aria-label': 'Log out of your account'
      }

      at log (src/components/ui/Button.tsx:28:13)

    console.log
      [Button] Rendering with type: button

      at log (src/components/ui/Button.tsx:25:13)

    console.log
      [Button] Props received: {
        variant: 'outline',
        size: 'md',
        type: 'button',
        loading: false,
        disabled: undefined
      }

      at log (src/components/ui/Button.tsx:26:13)

    console.log
      [Button] Has onClick in props: true

      at log (src/components/ui/Button.tsx:27:13)

    console.log
      [Button] All props: {
        onClick: [Function: handleLogout],
        'aria-label': 'Log out of your account'
      }

      at log (src/components/ui/Button.tsx:28:13)

    console.log
      [Button] Rendering with type: button

      at log (src/components/ui/Button.tsx:25:13)

    console.log
      [Button] Props received: {
        variant: 'outline',
        size: 'md',
        type: 'button',
        loading: false,
        disabled: undefined
      }

      at log (src/components/ui/Button.tsx:26:13)

    console.log
      [Button] Has onClick in props: true

      at log (src/components/ui/Button.tsx:27:13)

    console.log
      [Button] All props: {
        onClick: [Function: handleLogout],
        'aria-label': 'Log out of your account'
      }

      at log (src/components/ui/Button.tsx:28:13)

    console.log
      [Button] Rendering with type: button

      at log (src/components/ui/Button.tsx:25:13)

    console.log
      [Button] Props received: {
        variant: 'outline',
        size: 'md',
        type: 'button',
        loading: false,
        disabled: undefined
      }

      at log (src/components/ui/Button.tsx:26:13)

    console.log
      [Button] Has onClick in props: true

      at log (src/components/ui/Button.tsx:27:13)

    console.log
      [Button] All props: {
        onClick: [Function: handleLogout],
        'aria-label': 'Log out of your account'
      }

      at log (src/components/ui/Button.tsx:28:13)

    console.log
      [Button] Rendering with type: button

      at log (src/components/ui/Button.tsx:25:13)

    console.log
      [Button] Props received: {
        variant: 'outline',
        size: 'md',
        type: 'button',
        loading: false,
        disabled: undefined
      }

      at log (src/components/ui/Button.tsx:26:13)

    console.log
      [Button] Has onClick in props: true

      at log (src/components/ui/Button.tsx:27:13)

    console.log
      [Button] All props: {
        onClick: [Function: handleLogout],
        'aria-label': 'Log out of your account'
      }

      at log (src/components/ui/Button.tsx:28:13)

PASS src/app/dashboard/page.test.tsx
  ● Console

    console.log
      [Dashboard] Starting authentication check { traceId: null }

      at log (src/app/dashboard/page.tsx:353:13)

    console.log
      [Dashboard] Logout state check result { logoutInProgress: false, traceId: null }

      at log (src/app/dashboard/page.tsx:387:19)

    console.log
      [Dashboard] Getting unified auth state with JWT requirement { traceId: null }

      at log (src/app/dashboard/page.tsx:415:17)

    console.log
      [AuthCoordinator] Getting unified auth state {
        requireJWT: true,
        traceId: undefined,
        routeRequirement: 'JWT-only',
        timestamp: '2026-02-08T19:37:46.747Z'
      }

      at log (src/lib/auth/AuthCoordinator.ts:83:11)

    console.log
      [AuthCoordinator] JWT check result {
        hasJWT: true,
        requireJWT: true,
        traceId: undefined,
        timestamp: '2026-02-08T19:37:46.750Z'
      }

      at log (src/lib/auth/AuthCoordinator.ts:92:11)

    console.log
      [AuthCoordinator] Initial state before authentication check {
        initialState: {
          hasJWT: true,
          inFallbackMode: false,
          requireJWT: true,
          timestamp: '2026-02-08T19:37:46.751Z'
        },
        traceId: undefined
      }

      at log (src/lib/auth/AuthCoordinator.ts:109:11)

    console.log
      [AuthCoordinator] State transition: JWT authentication {
        before: {
          hasJWT: true,
          inFallbackMode: false,
          requireJWT: true,
          timestamp: '2026-02-08T19:37:46.751Z'
        },
        after: {
          hasSession: true,
          hasJWT: true,
          isAuthenticated: true,
          userId: null,
          email: null,
          inFallbackMode: false,
          authMethod: 'jwt'
        },
        transition: 'unauthenticated -> authenticated (JWT)',
        traceId: undefined,
        timestamp: '2026-02-08T19:37:46.751Z',
        durationMs: 4
      }

      at log (src/lib/auth/AuthCoordinator.ts:127:13)

    console.log
      [AuthCoordinator] Authenticated via JWT (JWT priority applied) {
        state: {
          hasSession: true,
          hasJWT: true,
          isAuthenticated: true,
          userId: null,
          email: null,
          inFallbackMode: false,
          authMethod: 'jwt'
        },
        traceId: undefined,
        note: 'JWT takes precedence over session authentication'
      }

      at log (src/lib/auth/AuthCoordinator.ts:136:13)

    console.log
      [Dashboard] Auth state received {
        isAuthenticated: true,
        hasJWT: true,
        hasSession: true,
        authMethod: 'jwt',
        inFallbackMode: false,
        reason: undefined,
        traceId: null
      }

      at log (src/app/dashboard/page.tsx:417:17)

    console.log
      [Dashboard] Authentication successful { authMethod: 'jwt', inFallbackMode: false, traceId: null }

      at log (src/app/dashboard/page.tsx:473:21)

    console.log
      [Dashboard] Component unmounting { traceId: null }

      at log (src/app/dashboard/page.tsx:577:15)
          at Array.forEach (<anonymous>)

    console.log
      [Dashboard] Starting authentication check { traceId: null }

      at log (src/app/dashboard/page.tsx:353:13)

    console.log
      [Dashboard] Logout state check result { logoutInProgress: false, traceId: null }

      at log (src/app/dashboard/page.tsx:387:19)

    console.log
      [Dashboard] Getting unified auth state with JWT requirement { traceId: null }

      at log (src/app/dashboard/page.tsx:415:17)

    console.log
      [AuthCoordinator] Getting unified auth state {
        requireJWT: true,
        traceId: undefined,
        routeRequirement: 'JWT-only',
        timestamp: '2026-02-08T19:37:46.769Z'
      }

      at log (src/lib/auth/AuthCoordinator.ts:83:11)

    console.log
      [AuthCoordinator] JWT check result {
        hasJWT: true,
        requireJWT: true,
        traceId: undefined,
        timestamp: '2026-02-08T19:37:46.769Z'
      }

      at log (src/lib/auth/AuthCoordinator.ts:92:11)

    console.log
      [AuthCoordinator] Initial state before authentication check {
        initialState: {
          hasJWT: true,
          inFallbackMode: false,
          requireJWT: true,
          timestamp: '2026-02-08T19:37:46.770Z'
        },
        traceId: undefined
      }

      at log (src/lib/auth/AuthCoordinator.ts:109:11)

    console.log
      [AuthCoordinator] State transition: JWT authentication {
        before: {
          hasJWT: true,
          inFallbackMode: false,
          requireJWT: true,
          timestamp: '2026-02-08T19:37:46.770Z'
        },
        after: {
          hasSession: true,
          hasJWT: true,
          isAuthenticated: true,
          userId: null,
          email: null,
          inFallbackMode: false,
          authMethod: 'jwt'
        },
        transition: 'unauthenticated -> authenticated (JWT)',
        traceId: undefined,
        timestamp: '2026-02-08T19:37:46.771Z',
        durationMs: 2
      }

      at log (src/lib/auth/AuthCoordinator.ts:127:13)

    console.log
      [AuthCoordinator] Authenticated via JWT (JWT priority applied) {
        state: {
          hasSession: true,
          hasJWT: true,
          isAuthenticated: true,
          userId: null,
          email: null,
          inFallbackMode: false,
          authMethod: 'jwt'
        },
        traceId: undefined,
        note: 'JWT takes precedence over session authentication'
      }

      at log (src/lib/auth/AuthCoordinator.ts:136:13)

    console.log
      [Dashboard] Auth state received {
        isAuthenticated: true,
        hasJWT: true,
        hasSession: true,
        authMethod: 'jwt',
        inFallbackMode: false,
        reason: undefined,
        traceId: null
      }

      at log (src/app/dashboard/page.tsx:417:17)

    console.log
      [Dashboard] Authentication successful { authMethod: 'jwt', inFallbackMode: false, traceId: null }

      at log (src/app/dashboard/page.tsx:473:21)

    console.log
      [Dashboard] Component unmounting { traceId: null }

      at log (src/app/dashboard/page.tsx:577:15)
          at Array.forEach (<anonymous>)

    console.log
      [Dashboard] Starting authentication check { traceId: null }

      at log (src/app/dashboard/page.tsx:353:13)

    console.log
      [Dashboard] Logout state check result { logoutInProgress: false, traceId: null }

      at log (src/app/dashboard/page.tsx:387:19)

    console.log
      [Dashboard] Getting unified auth state with JWT requirement { traceId: null }

      at log (src/app/dashboard/page.tsx:415:17)

    console.log
      [AuthCoordinator] Getting unified auth state {
        requireJWT: true,
        traceId: undefined,
        routeRequirement: 'JWT-only',
        timestamp: '2026-02-08T19:37:46.781Z'
      }

      at log (src/lib/auth/AuthCoordinator.ts:83:11)

    console.error
      [Dashboard] Authentication check failed {
        error: '[object Promise]',
        timestamp: '2026-02-08T19:37:46.781Z',
        context: 'checkAuth function',
        traceId: null
      }

      492 |         authCheckInProgressRef.current = false;
      493 |       } catch (error) {
    > 494 |         console.error('[Dashboard] Authentication check failed', {
          |                 ^
      495 |           error: error instanceof Error ? error.message : String(error),
      496 |           timestamp: new Date().toISOString(),
      497 |           context: 'checkAuth function',

      at error (src/app/dashboard/page.tsx:494:17)

    console.log
      [Dashboard] Redirecting to login (error recovery) { traceId: null, redirectUrl: '/login?returnUrl=/dashboard' }

      at log (src/app/dashboard/page.tsx:524:23)

    console.log
      [Dashboard] Error recovery redirect initiated successfully { traceId: null, redirectUrl: '/login?returnUrl=/dashboard' }

      at log (src/app/dashboard/page.tsx:527:23)

    console.log
      [Dashboard] Component unmounting { traceId: null }

      at log (src/app/dashboard/page.tsx:577:15)
          at Array.forEach (<anonymous>)

    console.log
      [Dashboard] Starting authentication check { traceId: null }

      at log (src/app/dashboard/page.tsx:353:13)

    console.log
      [Dashboard] Logout state check result { logoutInProgress: false, traceId: null }

      at log (src/app/dashboard/page.tsx:387:19)

    console.log
      [Dashboard] Getting unified auth state with JWT requirement { traceId: null }

      at log (src/app/dashboard/page.tsx:415:17)

    console.log
      [AuthCoordinator] Getting unified auth state {
        requireJWT: true,
        traceId: undefined,
        routeRequirement: 'JWT-only',
        timestamp: '2026-02-08T19:37:46.789Z'
      }

      at log (src/lib/auth/AuthCoordinator.ts:83:11)

    console.log
      [AuthCoordinator] JWT check result {
        hasJWT: false,
        requireJWT: true,
        traceId: undefined,
        timestamp: '2026-02-08T19:37:46.790Z'
      }

      at log (src/lib/auth/AuthCoordinator.ts:92:11)

    console.log
      [AuthCoordinator] Initial state before authentication check {
        initialState: {
          hasJWT: false,
          inFallbackMode: false,
          requireJWT: true,
          timestamp: '2026-02-08T19:37:46.791Z'
        },
        traceId: undefined
      }

      at log (src/lib/auth/AuthCoordinator.ts:109:11)

    console.log
      [AuthCoordinator] State transition: JWT requirement not met {
        before: {
          hasJWT: false,
          inFallbackMode: false,
          requireJWT: true,
          timestamp: '2026-02-08T19:37:46.791Z'
        },
        after: {
          hasSession: false,
          hasJWT: false,
          isAuthenticated: false,
          userId: null,
          email: null,
          inFallbackMode: false,
          authMethod: 'none',
          reason: 'JWT required for this route'
        },
        transition: 'unauthenticated -> rejected (JWT required)',
        traceId: undefined,
        timestamp: '2026-02-08T19:37:46.791Z',
        durationMs: 2,
        reason: 'JWT required for this route'
      }

      at log (src/lib/auth/AuthCoordinator.ts:162:13)

    console.log
      [AuthCoordinator] JWT required but not found, skipping session check {
        state: {
          hasSession: false,
          hasJWT: false,
          isAuthenticated: false,
          userId: null,
          email: null,
          inFallbackMode: false,
          authMethod: 'none',
          reason: 'JWT required for this route'
        },
        traceId: undefined,
        requireJWT: true
      }

      at log (src/lib/auth/AuthCoordinator.ts:172:13)

    console.log
      [Dashboard] Auth state received {
        isAuthenticated: false,
        hasJWT: false,
        hasSession: false,
        authMethod: 'none',
        inFallbackMode: false,
        reason: 'JWT required for this route',
        traceId: null
      }

      at log (src/app/dashboard/page.tsx:417:17)

    console.log
      [Dashboard] Redirecting to login (not authenticated) {
        traceId: null,
        reason: 'JWT required for this route',
        hasJWT: false,
        hasSession: false,
        redirectUrl: '/login?returnUrl=/dashboard'
      }

      at log (src/app/dashboard/page.tsx:443:23)

    console.log
      [Dashboard] Redirect initiated successfully { traceId: null, redirectUrl: '/login?returnUrl=/dashboard' }

      at log (src/app/dashboard/page.tsx:454:25)

    console.log
      [Dashboard] Component unmounting { traceId: null }

      at log (src/app/dashboard/page.tsx:577:15)
          at Array.forEach (<anonymous>)

    console.log
      [Dashboard] Starting authentication check { traceId: null }

      at log (src/app/dashboard/page.tsx:353:13)

    console.log
      [Dashboard] Logout state check result { logoutInProgress: false, traceId: null }

      at log (src/app/dashboard/page.tsx:387:19)

    console.log
      [Dashboard] Getting unified auth state with JWT requirement { traceId: null }

      at log (src/app/dashboard/page.tsx:415:17)

    console.log
      [AuthCoordinator] Getting unified auth state {
        requireJWT: true,
        traceId: undefined,
        routeRequirement: 'JWT-only',
        timestamp: '2026-02-08T19:37:46.855Z'
      }

      at log (src/lib/auth/AuthCoordinator.ts:83:11)

    console.log
      [AuthCoordinator] JWT check result {
        hasJWT: false,
        requireJWT: true,
        traceId: undefined,
        timestamp: '2026-02-08T19:37:46.855Z'
      }

      at log (src/lib/auth/AuthCoordinator.ts:92:11)

    console.log
      [AuthCoordinator] Initial state before authentication check {
        initialState: {
          hasJWT: false,
          inFallbackMode: false,
          requireJWT: true,
          timestamp: '2026-02-08T19:37:46.855Z'
        },
        traceId: undefined
      }

      at log (src/lib/auth/AuthCoordinator.ts:109:11)

    console.log
      [AuthCoordinator] State transition: JWT requirement not met {
        before: {
          hasJWT: false,
          inFallbackMode: false,
          requireJWT: true,
          timestamp: '2026-02-08T19:37:46.855Z'
        },
        after: {
          hasSession: false,
          hasJWT: false,
          isAuthenticated: false,
          userId: null,
          email: null,
          inFallbackMode: false,
          authMethod: 'none',
          reason: 'JWT required for this route'
        },
        transition: 'unauthenticated -> rejected (JWT required)',
        traceId: undefined,
        timestamp: '2026-02-08T19:37:46.855Z',
        durationMs: 0,
        reason: 'JWT required for this route'
      }

      at log (src/lib/auth/AuthCoordinator.ts:162:13)

    console.log
      [AuthCoordinator] JWT required but not found, skipping session check {
        state: {
          hasSession: false,
          hasJWT: false,
          isAuthenticated: false,
          userId: null,
          email: null,
          inFallbackMode: false,
          authMethod: 'none',
          reason: 'JWT required for this route'
        },
        traceId: undefined,
        requireJWT: true
      }

      at log (src/lib/auth/AuthCoordinator.ts:172:13)

    console.log
      [Dashboard] Auth state received {
        isAuthenticated: false,
        hasJWT: false,
        hasSession: false,
        authMethod: 'none',
        inFallbackMode: false,
        reason: 'JWT required for this route',
        traceId: null
      }

      at log (src/app/dashboard/page.tsx:417:17)

    console.log
      [Dashboard] Redirecting to login (not authenticated) {
        traceId: null,
        reason: 'JWT required for this route',
        hasJWT: false,
        hasSession: false,
        redirectUrl: '/login?returnUrl=/dashboard'
      }

      at log (src/app/dashboard/page.tsx:443:23)

    console.log
      [Dashboard] Redirect initiated successfully { traceId: null, redirectUrl: '/login?returnUrl=/dashboard' }

      at log (src/app/dashboard/page.tsx:454:25)

    console.log
      [Dashboard] Component unmounting { traceId: null }

      at log (src/app/dashboard/page.tsx:577:15)
          at Array.forEach (<anonymous>)

    console.log
      [Dashboard] Starting authentication check { traceId: null }

      at log (src/app/dashboard/page.tsx:353:13)

    console.log
      [Dashboard] Logout state check result { logoutInProgress: false, traceId: null }

      at log (src/app/dashboard/page.tsx:387:19)

    console.log
      [Dashboard] Getting unified auth state with JWT requirement { traceId: null }

      at log (src/app/dashboard/page.tsx:415:17)

    console.log
      [AuthCoordinator] Getting unified auth state {
        requireJWT: true,
        traceId: undefined,
        routeRequirement: 'JWT-only',
        timestamp: '2026-02-08T19:37:46.920Z'
      }

      at log (src/lib/auth/AuthCoordinator.ts:83:11)

    console.log
      [AuthCoordinator] JWT check result {
        hasJWT: false,
        requireJWT: true,
        traceId: undefined,
        timestamp: '2026-02-08T19:37:46.920Z'
      }

      at log (src/lib/auth/AuthCoordinator.ts:92:11)

    console.log
      [AuthCoordinator] Initial state before authentication check {
        initialState: {
          hasJWT: false,
          inFallbackMode: false,
          requireJWT: true,
          timestamp: '2026-02-08T19:37:46.920Z'
        },
        traceId: undefined
      }

      at log (src/lib/auth/AuthCoordinator.ts:109:11)

    console.log
      [AuthCoordinator] State transition: JWT requirement not met {
        before: {
          hasJWT: false,
          inFallbackMode: false,
          requireJWT: true,
          timestamp: '2026-02-08T19:37:46.920Z'
        },
        after: {
          hasSession: false,
          hasJWT: false,
          isAuthenticated: false,
          userId: null,
          email: null,
          inFallbackMode: false,
          authMethod: 'none',
          reason: 'JWT required for this route'
        },
        transition: 'unauthenticated -> rejected (JWT required)',
        traceId: undefined,
        timestamp: '2026-02-08T19:37:46.920Z',
        durationMs: 0,
        reason: 'JWT required for this route'
      }

      at log (src/lib/auth/AuthCoordinator.ts:162:13)

    console.log
      [AuthCoordinator] JWT required but not found, skipping session check {
        state: {
          hasSession: false,
          hasJWT: false,
          isAuthenticated: false,
          userId: null,
          email: null,
          inFallbackMode: false,
          authMethod: 'none',
          reason: 'JWT required for this route'
        },
        traceId: undefined,
        requireJWT: true
      }

      at log (src/lib/auth/AuthCoordinator.ts:172:13)

    console.log
      [Dashboard] Auth state received {
        isAuthenticated: false,
        hasJWT: false,
        hasSession: false,
        authMethod: 'none',
        inFallbackMode: false,
        reason: 'JWT required for this route',
        traceId: null
      }

      at log (src/app/dashboard/page.tsx:417:17)

    console.log
      [Dashboard] Redirecting to login (not authenticated) {
        traceId: null,
        reason: 'JWT required for this route',
        hasJWT: false,
        hasSession: false,
        redirectUrl: '/login?returnUrl=/dashboard'
      }

      at log (src/app/dashboard/page.tsx:443:23)

    console.log
      [Dashboard] Redirect initiated successfully { traceId: null, redirectUrl: '/login?returnUrl=/dashboard' }

      at log (src/app/dashboard/page.tsx:454:25)

    console.log
      [Dashboard] Component unmounting { traceId: null }

      at log (src/app/dashboard/page.tsx:577:15)
          at Array.forEach (<anonymous>)

    console.log
      [Dashboard] Starting authentication check { traceId: null }

      at log (src/app/dashboard/page.tsx:353:13)

    console.log
      [Dashboard] Logout state check result { logoutInProgress: false, traceId: null }

      at log (src/app/dashboard/page.tsx:387:19)

    console.log
      [Dashboard] Getting unified auth state with JWT requirement { traceId: null }

      at log (src/app/dashboard/page.tsx:415:17)

    console.log
      [AuthCoordinator] Getting unified auth state {
        requireJWT: true,
        traceId: undefined,
        routeRequirement: 'JWT-only',
        timestamp: '2026-02-08T19:37:46.978Z'
      }

      at log (src/lib/auth/AuthCoordinator.ts:83:11)

    console.log
      [AuthCoordinator] JWT check result {
        hasJWT: false,
        requireJWT: true,
        traceId: undefined,
        timestamp: '2026-02-08T19:37:46.979Z'
      }

      at log (src/lib/auth/AuthCoordinator.ts:92:11)

    console.log
      [AuthCoordinator] Initial state before authentication check {
        initialState: {
          hasJWT: false,
          inFallbackMode: false,
          requireJWT: true,
          timestamp: '2026-02-08T19:37:46.979Z'
        },
        traceId: undefined
      }

      at log (src/lib/auth/AuthCoordinator.ts:109:11)

    console.log
      [AuthCoordinator] State transition: JWT requirement not met {
        before: {
          hasJWT: false,
          inFallbackMode: false,
          requireJWT: true,
          timestamp: '2026-02-08T19:37:46.979Z'
        },
        after: {
          hasSession: false,
          hasJWT: false,
          isAuthenticated: false,
          userId: null,
          email: null,
          inFallbackMode: false,
          authMethod: 'none',
          reason: 'JWT required for this route'
        },
        transition: 'unauthenticated -> rejected (JWT required)',
        traceId: undefined,
        timestamp: '2026-02-08T19:37:46.980Z',
        durationMs: 2,
        reason: 'JWT required for this route'
      }

      at log (src/lib/auth/AuthCoordinator.ts:162:13)

    console.log
      [AuthCoordinator] JWT required but not found, skipping session check {
        state: {
          hasSession: false,
          hasJWT: false,
          isAuthenticated: false,
          userId: null,
          email: null,
          inFallbackMode: false,
          authMethod: 'none',
          reason: 'JWT required for this route'
        },
        traceId: undefined,
        requireJWT: true
      }

      at log (src/lib/auth/AuthCoordinator.ts:172:13)

    console.log
      [Dashboard] Auth state received {
        isAuthenticated: false,
        hasJWT: false,
        hasSession: false,
        authMethod: 'none',
        inFallbackMode: false,
        reason: 'JWT required for this route',
        traceId: null
      }

      at log (src/app/dashboard/page.tsx:417:17)

    console.log
      [Dashboard] Redirecting to login (not authenticated) {
        traceId: null,
        reason: 'JWT required for this route',
        hasJWT: false,
        hasSession: false,
        redirectUrl: '/login?returnUrl=/dashboard'
      }

      at log (src/app/dashboard/page.tsx:443:23)

    console.log
      [Dashboard] Redirect initiated successfully { traceId: null, redirectUrl: '/login?returnUrl=/dashboard' }

      at log (src/app/dashboard/page.tsx:454:25)

    console.log
      [Dashboard] Component unmounting { traceId: null }

      at log (src/app/dashboard/page.tsx:577:15)
          at Array.forEach (<anonymous>)

    console.log
      [Dashboard] Starting authentication check { traceId: null }

      at log (src/app/dashboard/page.tsx:353:13)

    console.log
      [Dashboard] Logout state check result { logoutInProgress: false, traceId: null }

      at log (src/app/dashboard/page.tsx:387:19)

    console.log
      [Dashboard] Getting unified auth state with JWT requirement { traceId: null }

      at log (src/app/dashboard/page.tsx:415:17)

    console.log
      [AuthCoordinator] Getting unified auth state {
        requireJWT: true,
        traceId: undefined,
        routeRequirement: 'JWT-only',
        timestamp: '2026-02-08T19:37:47.050Z'
      }

      at log (src/lib/auth/AuthCoordinator.ts:83:11)

    console.log
      [AuthCoordinator] JWT check result {
        hasJWT: false,
        requireJWT: true,
        traceId: undefined,
        timestamp: '2026-02-08T19:37:47.050Z'
      }

      at log (src/lib/auth/AuthCoordinator.ts:92:11)

    console.log
      [AuthCoordinator] Initial state before authentication check {
        initialState: {
          hasJWT: false,
          inFallbackMode: false,
          requireJWT: true,
          timestamp: '2026-02-08T19:37:47.050Z'
        },
        traceId: undefined
      }

      at log (src/lib/auth/AuthCoordinator.ts:109:11)

    console.log
      [AuthCoordinator] State transition: JWT requirement not met {
        before: {
          hasJWT: false,
          inFallbackMode: false,
          requireJWT: true,
          timestamp: '2026-02-08T19:37:47.050Z'
        },
        after: {
          hasSession: false,
          hasJWT: false,
          isAuthenticated: false,
          userId: null,
          email: null,
          inFallbackMode: false,
          authMethod: 'none',
          reason: 'JWT required for this route'
        },
        transition: 'unauthenticated -> rejected (JWT required)',
        traceId: undefined,
        timestamp: '2026-02-08T19:37:47.051Z',
        durationMs: 1,
        reason: 'JWT required for this route'
      }

      at log (src/lib/auth/AuthCoordinator.ts:162:13)

    console.log
      [AuthCoordinator] JWT required but not found, skipping session check {
        state: {
          hasSession: false,
          hasJWT: false,
          isAuthenticated: false,
          userId: null,
          email: null,
          inFallbackMode: false,
          authMethod: 'none',
          reason: 'JWT required for this route'
        },
        traceId: undefined,
        requireJWT: true
      }

      at log (src/lib/auth/AuthCoordinator.ts:172:13)

    console.log
      [Dashboard] Auth state received {
        isAuthenticated: false,
        hasJWT: false,
        hasSession: false,
        authMethod: 'none',
        inFallbackMode: false,
        reason: 'JWT required for this route',
        traceId: null
      }

      at log (src/app/dashboard/page.tsx:417:17)

    console.log
      [Dashboard] Redirecting to login (not authenticated) {
        traceId: null,
        reason: 'JWT required for this route',
        hasJWT: false,
        hasSession: false,
        redirectUrl: '/login?returnUrl=/dashboard'
      }

      at log (src/app/dashboard/page.tsx:443:23)

    console.log
      [Dashboard] Redirect initiated successfully { traceId: null, redirectUrl: '/login?returnUrl=/dashboard' }

      at log (src/app/dashboard/page.tsx:454:25)

    console.log
      [Dashboard] Component unmounting { traceId: null }

      at log (src/app/dashboard/page.tsx:577:15)
          at Array.forEach (<anonymous>)

    console.log
      [Dashboard] Starting authentication check { traceId: null }

      at log (src/app/dashboard/page.tsx:353:13)

    console.log
      [Dashboard] Logout state check result { logoutInProgress: false, traceId: null }

      at log (src/app/dashboard/page.tsx:387:19)

    console.log
      [Dashboard] Getting unified auth state with JWT requirement { traceId: null }

      at log (src/app/dashboard/page.tsx:415:17)

    console.log
      [AuthCoordinator] Getting unified auth state {
        requireJWT: true,
        traceId: undefined,
        routeRequirement: 'JWT-only',
        timestamp: '2026-02-08T19:37:47.132Z'
      }

      at log (src/lib/auth/AuthCoordinator.ts:83:11)

    console.log
      [AuthCoordinator] JWT check result {
        hasJWT: false,
        requireJWT: true,
        traceId: undefined,
        timestamp: '2026-02-08T19:37:47.132Z'
      }

      at log (src/lib/auth/AuthCoordinator.ts:92:11)

    console.log
      [AuthCoordinator] Initial state before authentication check {
        initialState: {
          hasJWT: false,
          inFallbackMode: false,
          requireJWT: true,
          timestamp: '2026-02-08T19:37:47.132Z'
        },
        traceId: undefined
      }

      at log (src/lib/auth/AuthCoordinator.ts:109:11)

    console.log
      [AuthCoordinator] State transition: JWT requirement not met {
        before: {
          hasJWT: false,
          inFallbackMode: false,
          requireJWT: true,
          timestamp: '2026-02-08T19:37:47.132Z'
        },
        after: {
          hasSession: false,
          hasJWT: false,
          isAuthenticated: false,
          userId: null,
          email: null,
          inFallbackMode: false,
          authMethod: 'none',
          reason: 'JWT required for this route'
        },
        transition: 'unauthenticated -> rejected (JWT required)',
        traceId: undefined,
        timestamp: '2026-02-08T19:37:47.132Z',
        durationMs: 0,
        reason: 'JWT required for this route'
      }

      at log (src/lib/auth/AuthCoordinator.ts:162:13)

    console.log
      [AuthCoordinator] JWT required but not found, skipping session check {
        state: {
          hasSession: false,
          hasJWT: false,
          isAuthenticated: false,
          userId: null,
          email: null,
          inFallbackMode: false,
          authMethod: 'none',
          reason: 'JWT required for this route'
        },
        traceId: undefined,
        requireJWT: true
      }

      at log (src/lib/auth/AuthCoordinator.ts:172:13)

    console.log
      [Dashboard] Auth state received {
        isAuthenticated: false,
        hasJWT: false,
        hasSession: false,
        authMethod: 'none',
        inFallbackMode: false,
        reason: 'JWT required for this route',
        traceId: null
      }

      at log (src/app/dashboard/page.tsx:417:17)

    console.log
      [Dashboard] Redirecting to login (not authenticated) {
        traceId: null,
        reason: 'JWT required for this route',
        hasJWT: false,
        hasSession: false,
        redirectUrl: '/login?returnUrl=/dashboard'
      }

      at log (src/app/dashboard/page.tsx:443:23)

    console.log
      [Dashboard] Redirect initiated successfully { traceId: null, redirectUrl: '/login?returnUrl=/dashboard' }

      at log (src/app/dashboard/page.tsx:454:25)

    console.log
      [Dashboard] Component unmounting { traceId: null }

      at log (src/app/dashboard/page.tsx:577:15)
          at Array.forEach (<anonymous>)

    console.log
      [Dashboard] Starting authentication check { traceId: null }

      at log (src/app/dashboard/page.tsx:353:13)

    console.log
      [Dashboard] Logout state check result { logoutInProgress: false, traceId: null }

      at log (src/app/dashboard/page.tsx:387:19)

    console.log
      [Dashboard] Getting unified auth state with JWT requirement { traceId: null }

      at log (src/app/dashboard/page.tsx:415:17)

    console.log
      [AuthCoordinator] Getting unified auth state {
        requireJWT: true,
        traceId: undefined,
        routeRequirement: 'JWT-only',
        timestamp: '2026-02-08T19:37:47.223Z'
      }

      at log (src/lib/auth/AuthCoordinator.ts:83:11)

    console.log
      [AuthCoordinator] JWT check result {
        hasJWT: true,
        requireJWT: true,
        traceId: undefined,
        timestamp: '2026-02-08T19:37:47.224Z'
      }

      at log (src/lib/auth/AuthCoordinator.ts:92:11)

    console.log
      [AuthCoordinator] Initial state before authentication check {
        initialState: {
          hasJWT: true,
          inFallbackMode: false,
          requireJWT: true,
          timestamp: '2026-02-08T19:37:47.225Z'
        },
        traceId: undefined
      }

      at log (src/lib/auth/AuthCoordinator.ts:109:11)

    console.log
      [AuthCoordinator] State transition: JWT authentication {
        before: {
          hasJWT: true,
          inFallbackMode: false,
          requireJWT: true,
          timestamp: '2026-02-08T19:37:47.225Z'
        },
        after: {
          hasSession: true,
          hasJWT: true,
          isAuthenticated: true,
          userId: null,
          email: null,
          inFallbackMode: false,
          authMethod: 'jwt'
        },
        transition: 'unauthenticated -> authenticated (JWT)',
        traceId: undefined,
        timestamp: '2026-02-08T19:37:47.225Z',
        durationMs: 2
      }

      at log (src/lib/auth/AuthCoordinator.ts:127:13)

    console.log
      [AuthCoordinator] Authenticated via JWT (JWT priority applied) {
        state: {
          hasSession: true,
          hasJWT: true,
          isAuthenticated: true,
          userId: null,
          email: null,
          inFallbackMode: false,
          authMethod: 'jwt'
        },
        traceId: undefined,
        note: 'JWT takes precedence over session authentication'
      }

      at log (src/lib/auth/AuthCoordinator.ts:136:13)

    console.log
      [Dashboard] Auth state received {
        isAuthenticated: true,
        hasJWT: true,
        hasSession: true,
        authMethod: 'jwt',
        inFallbackMode: false,
        reason: undefined,
        traceId: null
      }

      at log (src/app/dashboard/page.tsx:417:17)

    console.log
      [Dashboard] Authentication successful { authMethod: 'jwt', inFallbackMode: false, traceId: null }

      at log (src/app/dashboard/page.tsx:473:21)

    console.log
      [Dashboard] Component unmounting { traceId: null }

      at log (src/app/dashboard/page.tsx:577:15)
          at Array.forEach (<anonymous>)

    console.log
      [Dashboard] Starting authentication check { traceId: null }

      at log (src/app/dashboard/page.tsx:353:13)

    console.log
      [Dashboard] Logout state check result { logoutInProgress: false, traceId: null }

      at log (src/app/dashboard/page.tsx:387:19)

    console.log
      [Dashboard] Getting unified auth state with JWT requirement { traceId: null }

      at log (src/app/dashboard/page.tsx:415:17)

    console.log
      [AuthCoordinator] Getting unified auth state {
        requireJWT: true,
        traceId: undefined,
        routeRequirement: 'JWT-only',
        timestamp: '2026-02-08T19:37:47.236Z'
      }

      at log (src/lib/auth/AuthCoordinator.ts:83:11)

    console.log
      [AuthCoordinator] JWT check result {
        hasJWT: true,
        requireJWT: true,
        traceId: undefined,
        timestamp: '2026-02-08T19:37:47.236Z'
      }

      at log (src/lib/auth/AuthCoordinator.ts:92:11)

    console.log
      [AuthCoordinator] Initial state before authentication check {
        initialState: {
          hasJWT: true,
          inFallbackMode: false,
          requireJWT: true,
          timestamp: '2026-02-08T19:37:47.236Z'
        },
        traceId: undefined
      }

      at log (src/lib/auth/AuthCoordinator.ts:109:11)

    console.log
      [AuthCoordinator] State transition: JWT authentication {
        before: {
          hasJWT: true,
          inFallbackMode: false,
          requireJWT: true,
          timestamp: '2026-02-08T19:37:47.236Z'
        },
        after: {
          hasSession: true,
          hasJWT: true,
          isAuthenticated: true,
          userId: null,
          email: null,
          inFallbackMode: false,
          authMethod: 'jwt'
        },
        transition: 'unauthenticated -> authenticated (JWT)',
        traceId: undefined,
        timestamp: '2026-02-08T19:37:47.236Z',
        durationMs: 0
      }

      at log (src/lib/auth/AuthCoordinator.ts:127:13)

    console.log
      [AuthCoordinator] Authenticated via JWT (JWT priority applied) {
        state: {
          hasSession: true,
          hasJWT: true,
          isAuthenticated: true,
          userId: null,
          email: null,
          inFallbackMode: false,
          authMethod: 'jwt'
        },
        traceId: undefined,
        note: 'JWT takes precedence over session authentication'
      }

      at log (src/lib/auth/AuthCoordinator.ts:136:13)

    console.log
      [Dashboard] Auth state received {
        isAuthenticated: true,
        hasJWT: true,
        hasSession: true,
        authMethod: 'jwt',
        inFallbackMode: false,
        reason: undefined,
        traceId: null
      }

      at log (src/app/dashboard/page.tsx:417:17)

    console.log
      [Dashboard] Authentication successful { authMethod: 'jwt', inFallbackMode: false, traceId: null }

      at log (src/app/dashboard/page.tsx:473:21)

    console.log
      [Dashboard] Component unmounting { traceId: null }

      at log (src/app/dashboard/page.tsx:577:15)
          at Array.forEach (<anonymous>)

    console.log
      [Dashboard] Starting authentication check { traceId: null }

      at log (src/app/dashboard/page.tsx:353:13)

    console.log
      [Dashboard] Logout state check result { logoutInProgress: false, traceId: null }

      at log (src/app/dashboard/page.tsx:387:19)

    console.log
      [Dashboard] Getting unified auth state with JWT requirement { traceId: null }

      at log (src/app/dashboard/page.tsx:415:17)

    console.log
      [AuthCoordinator] Getting unified auth state {
        requireJWT: true,
        traceId: undefined,
        routeRequirement: 'JWT-only',
        timestamp: '2026-02-08T19:37:47.246Z'
      }

      at log (src/lib/auth/AuthCoordinator.ts:83:11)

    console.log
      [AuthCoordinator] JWT check result {
        hasJWT: false,
        requireJWT: true,
        traceId: undefined,
        timestamp: '2026-02-08T19:37:47.246Z'
      }

      at log (src/lib/auth/AuthCoordinator.ts:92:11)

    console.log
      [AuthCoordinator] Initial state before authentication check {
        initialState: {
          hasJWT: false,
          inFallbackMode: false,
          requireJWT: true,
          timestamp: '2026-02-08T19:37:47.246Z'
        },
        traceId: undefined
      }

      at log (src/lib/auth/AuthCoordinator.ts:109:11)

    console.log
      [AuthCoordinator] State transition: JWT requirement not met {
        before: {
          hasJWT: false,
          inFallbackMode: false,
          requireJWT: true,
          timestamp: '2026-02-08T19:37:47.246Z'
        },
        after: {
          hasSession: false,
          hasJWT: false,
          isAuthenticated: false,
          userId: null,
          email: null,
          inFallbackMode: false,
          authMethod: 'none',
          reason: 'JWT required for this route'
        },
        transition: 'unauthenticated -> rejected (JWT required)',
        traceId: undefined,
        timestamp: '2026-02-08T19:37:47.251Z',
        durationMs: 5,
        reason: 'JWT required for this route'
      }

      at log (src/lib/auth/AuthCoordinator.ts:162:13)

    console.log
      [AuthCoordinator] JWT required but not found, skipping session check {
        state: {
          hasSession: false,
          hasJWT: false,
          isAuthenticated: false,
          userId: null,
          email: null,
          inFallbackMode: false,
          authMethod: 'none',
          reason: 'JWT required for this route'
        },
        traceId: undefined,
        requireJWT: true
      }

      at log (src/lib/auth/AuthCoordinator.ts:172:13)

    console.log
      [Dashboard] Auth state received {
        isAuthenticated: false,
        hasJWT: false,
        hasSession: false,
        authMethod: 'none',
        inFallbackMode: false,
        reason: 'JWT required for this route',
        traceId: null
      }

      at log (src/app/dashboard/page.tsx:417:17)

    console.log
      [Dashboard] Redirecting to login (not authenticated) {
        traceId: null,
        reason: 'JWT required for this route',
        hasJWT: false,
        hasSession: false,
        redirectUrl: '/login?returnUrl=/dashboard'
      }

      at log (src/app/dashboard/page.tsx:443:23)

    console.log
      [Dashboard] Redirect initiated successfully { traceId: null, redirectUrl: '/login?returnUrl=/dashboard' }

      at log (src/app/dashboard/page.tsx:454:25)

    console.log
      [Dashboard] Component unmounting { traceId: null }

      at log (src/app/dashboard/page.tsx:577:15)
          at Array.forEach (<anonymous>)

    console.log
      [Dashboard] Starting authentication check { traceId: null }

      at log (src/app/dashboard/page.tsx:353:13)

    console.log
      [Dashboard] Logout state check result { logoutInProgress: false, traceId: null }

      at log (src/app/dashboard/page.tsx:387:19)

    console.log
      [Dashboard] Getting unified auth state with JWT requirement { traceId: null }

      at log (src/app/dashboard/page.tsx:415:17)

    console.log
      [AuthCoordinator] Getting unified auth state {
        requireJWT: true,
        traceId: undefined,
        routeRequirement: 'JWT-only',
        timestamp: '2026-02-08T19:37:47.316Z'
      }

      at log (src/lib/auth/AuthCoordinator.ts:83:11)

    console.log
      [AuthCoordinator] JWT check result {
        hasJWT: true,
        requireJWT: true,
        traceId: undefined,
        timestamp: '2026-02-08T19:37:47.316Z'
      }

      at log (src/lib/auth/AuthCoordinator.ts:92:11)

    console.log
      [AuthCoordinator] Initial state before authentication check {
        initialState: {
          hasJWT: true,
          inFallbackMode: false,
          requireJWT: true,
          timestamp: '2026-02-08T19:37:47.317Z'
        },
        traceId: undefined
      }

      at log (src/lib/auth/AuthCoordinator.ts:109:11)

    console.log
      [AuthCoordinator] State transition: JWT authentication {
        before: {
          hasJWT: true,
          inFallbackMode: false,
          requireJWT: true,
          timestamp: '2026-02-08T19:37:47.317Z'
        },
        after: {
          hasSession: true,
          hasJWT: true,
          isAuthenticated: true,
          userId: null,
          email: null,
          inFallbackMode: false,
          authMethod: 'jwt'
        },
        transition: 'unauthenticated -> authenticated (JWT)',
        traceId: undefined,
        timestamp: '2026-02-08T19:37:47.331Z',
        durationMs: 15
      }

      at log (src/lib/auth/AuthCoordinator.ts:127:13)

    console.log
      [AuthCoordinator] Authenticated via JWT (JWT priority applied) {
        state: {
          hasSession: true,
          hasJWT: true,
          isAuthenticated: true,
          userId: null,
          email: null,
          inFallbackMode: false,
          authMethod: 'jwt'
        },
        traceId: undefined,
        note: 'JWT takes precedence over session authentication'
      }

      at log (src/lib/auth/AuthCoordinator.ts:136:13)

    console.log
      [Dashboard] Auth state received {
        isAuthenticated: true,
        hasJWT: true,
        hasSession: true,
        authMethod: 'jwt',
        inFallbackMode: false,
        reason: undefined,
        traceId: null
      }

      at log (src/app/dashboard/page.tsx:417:17)

    console.log
      [Dashboard] Authentication successful { authMethod: 'jwt', inFallbackMode: false, traceId: null }

      at log (src/app/dashboard/page.tsx:473:21)

    console.log
      [Dashboard] Component unmounting { traceId: null }

      at log (src/app/dashboard/page.tsx:577:15)
          at Array.forEach (<anonymous>)

    console.log
      [Dashboard] Starting authentication check { traceId: null }

      at log (src/app/dashboard/page.tsx:353:13)

    console.log
      [Dashboard] Logout state check result { logoutInProgress: false, traceId: null }

      at log (src/app/dashboard/page.tsx:387:19)

    console.log
      [Dashboard] Getting unified auth state with JWT requirement { traceId: null }

      at log (src/app/dashboard/page.tsx:415:17)

    console.log
      [AuthCoordinator] Getting unified auth state {
        requireJWT: true,
        traceId: undefined,
        routeRequirement: 'JWT-only',
        timestamp: '2026-02-08T19:37:47.372Z'
      }

      at log (src/lib/auth/AuthCoordinator.ts:83:11)

    console.log
      [AuthCoordinator] JWT check result {
        hasJWT: false,
        requireJWT: true,
        traceId: undefined,
        timestamp: '2026-02-08T19:37:47.373Z'
      }

      at log (src/lib/auth/AuthCoordinator.ts:92:11)

    console.log
      [AuthCoordinator] Initial state before authentication check {
        initialState: {
          hasJWT: false,
          inFallbackMode: false,
          requireJWT: true,
          timestamp: '2026-02-08T19:37:47.373Z'
        },
        traceId: undefined
      }

      at log (src/lib/auth/AuthCoordinator.ts:109:11)

    console.log
      [AuthCoordinator] State transition: JWT requirement not met {
        before: {
          hasJWT: false,
          inFallbackMode: false,
          requireJWT: true,
          timestamp: '2026-02-08T19:37:47.373Z'
        },
        after: {
          hasSession: false,
          hasJWT: false,
          isAuthenticated: false,
          userId: null,
          email: null,
          inFallbackMode: false,
          authMethod: 'none',
          reason: 'JWT required for this route'
        },
        transition: 'unauthenticated -> rejected (JWT required)',
        traceId: undefined,
        timestamp: '2026-02-08T19:37:47.373Z',
        durationMs: 2,
        reason: 'JWT required for this route'
      }

      at log (src/lib/auth/AuthCoordinator.ts:162:13)

    console.log
      [AuthCoordinator] JWT required but not found, skipping session check {
        state: {
          hasSession: false,
          hasJWT: false,
          isAuthenticated: false,
          userId: null,
          email: null,
          inFallbackMode: false,
          authMethod: 'none',
          reason: 'JWT required for this route'
        },
        traceId: undefined,
        requireJWT: true
      }

      at log (src/lib/auth/AuthCoordinator.ts:172:13)

    console.log
      [Dashboard] Auth state received {
        isAuthenticated: false,
        hasJWT: false,
        hasSession: false,
        authMethod: 'none',
        inFallbackMode: false,
        reason: 'JWT required for this route',
        traceId: null
      }

      at log (src/app/dashboard/page.tsx:417:17)

    console.log
      [Dashboard] Redirecting to login (not authenticated) {
        traceId: null,
        reason: 'JWT required for this route',
        hasJWT: false,
        hasSession: false,
        redirectUrl: '/login?returnUrl=/dashboard'
      }

      at log (src/app/dashboard/page.tsx:443:23)

    console.log
      [Dashboard] Redirect initiated successfully { traceId: null, redirectUrl: '/login?returnUrl=/dashboard' }

      at log (src/app/dashboard/page.tsx:454:25)

    console.log
      [Dashboard] Component unmounting { traceId: null }

      at log (src/app/dashboard/page.tsx:577:15)
          at Array.forEach (<anonymous>)

    console.log
      [Dashboard] Starting authentication check { traceId: null }

      at log (src/app/dashboard/page.tsx:353:13)

    console.log
      [Dashboard] Logout state check result { logoutInProgress: false, traceId: null }

      at log (src/app/dashboard/page.tsx:387:19)

    console.log
      [Dashboard] Getting unified auth state with JWT requirement { traceId: null }

      at log (src/app/dashboard/page.tsx:415:17)

    console.log
      [AuthCoordinator] Getting unified auth state {
        requireJWT: true,
        traceId: undefined,
        routeRequirement: 'JWT-only',
        timestamp: '2026-02-08T19:37:47.378Z'
      }

      at log (src/lib/auth/AuthCoordinator.ts:83:11)

    console.log
      [AuthCoordinator] JWT check result {
        hasJWT: false,
        requireJWT: true,
        traceId: undefined,
        timestamp: '2026-02-08T19:37:47.378Z'
      }

      at log (src/lib/auth/AuthCoordinator.ts:92:11)

    console.log
      [AuthCoordinator] Initial state before authentication check {
        initialState: {
          hasJWT: false,
          inFallbackMode: false,
          requireJWT: true,
          timestamp: '2026-02-08T19:37:47.378Z'
        },
        traceId: undefined
      }

      at log (src/lib/auth/AuthCoordinator.ts:109:11)

    console.log
      [AuthCoordinator] State transition: JWT requirement not met {
        before: {
          hasJWT: false,
          inFallbackMode: false,
          requireJWT: true,
          timestamp: '2026-02-08T19:37:47.378Z'
        },
        after: {
          hasSession: false,
          hasJWT: false,
          isAuthenticated: false,
          userId: null,
          email: null,
          inFallbackMode: false,
          authMethod: 'none',
          reason: 'JWT required for this route'
        },
        transition: 'unauthenticated -> rejected (JWT required)',
        traceId: undefined,
        timestamp: '2026-02-08T19:37:47.379Z',
        durationMs: 1,
        reason: 'JWT required for this route'
      }

      at log (src/lib/auth/AuthCoordinator.ts:162:13)

    console.log
      [AuthCoordinator] JWT required but not found, skipping session check {
        state: {
          hasSession: false,
          hasJWT: false,
          isAuthenticated: false,
          userId: null,
          email: null,
          inFallbackMode: false,
          authMethod: 'none',
          reason: 'JWT required for this route'
        },
        traceId: undefined,
        requireJWT: true
      }

      at log (src/lib/auth/AuthCoordinator.ts:172:13)

    console.log
      [Dashboard] Auth state received {
        isAuthenticated: false,
        hasJWT: false,
        hasSession: false,
        authMethod: 'none',
        inFallbackMode: false,
        reason: 'JWT required for this route',
        traceId: null
      }

      at log (src/app/dashboard/page.tsx:417:17)

    console.log
      [Dashboard] Redirecting to login (not authenticated) {
        traceId: null,
        reason: 'JWT required for this route',
        hasJWT: false,
        hasSession: false,
        redirectUrl: '/login?returnUrl=/dashboard'
      }

      at log (src/app/dashboard/page.tsx:443:23)

    console.log
      [Dashboard] Redirect initiated successfully { traceId: null, redirectUrl: '/login?returnUrl=/dashboard' }

      at log (src/app/dashboard/page.tsx:454:25)

    console.log
      [Dashboard] Component unmounting { traceId: null }

      at log (src/app/dashboard/page.tsx:577:15)
          at Array.forEach (<anonymous>)

    console.log
      [Dashboard] Starting authentication check { traceId: null }

      at log (src/app/dashboard/page.tsx:353:13)

    console.log
      [Dashboard] Logout state check result { logoutInProgress: false, traceId: null }

      at log (src/app/dashboard/page.tsx:387:19)

    console.log
      [Dashboard] Getting unified auth state with JWT requirement { traceId: null }

      at log (src/app/dashboard/page.tsx:415:17)

    console.log
      [AuthCoordinator] Getting unified auth state {
        requireJWT: true,
        traceId: undefined,
        routeRequirement: 'JWT-only',
        timestamp: '2026-02-08T19:37:47.437Z'
      }

      at log (src/lib/auth/AuthCoordinator.ts:83:11)

    console.log
      [AuthCoordinator] JWT check result {
        hasJWT: true,
        requireJWT: true,
        traceId: undefined,
        timestamp: '2026-02-08T19:37:47.437Z'
      }

      at log (src/lib/auth/AuthCoordinator.ts:92:11)

    console.log
      [AuthCoordinator] Initial state before authentication check {
        initialState: {
          hasJWT: true,
          inFallbackMode: false,
          requireJWT: true,
          timestamp: '2026-02-08T19:37:47.437Z'
        },
        traceId: undefined
      }

      at log (src/lib/auth/AuthCoordinator.ts:109:11)

    console.log
      [AuthCoordinator] State transition: JWT authentication {
        before: {
          hasJWT: true,
          inFallbackMode: false,
          requireJWT: true,
          timestamp: '2026-02-08T19:37:47.437Z'
        },
        after: {
          hasSession: true,
          hasJWT: true,
          isAuthenticated: true,
          userId: null,
          email: null,
          inFallbackMode: false,
          authMethod: 'jwt'
        },
        transition: 'unauthenticated -> authenticated (JWT)',
        traceId: undefined,
        timestamp: '2026-02-08T19:37:47.437Z',
        durationMs: 0
      }

      at log (src/lib/auth/AuthCoordinator.ts:127:13)

    console.log
      [AuthCoordinator] Authenticated via JWT (JWT priority applied) {
        state: {
          hasSession: true,
          hasJWT: true,
          isAuthenticated: true,
          userId: null,
          email: null,
          inFallbackMode: false,
          authMethod: 'jwt'
        },
        traceId: undefined,
        note: 'JWT takes precedence over session authentication'
      }

      at log (src/lib/auth/AuthCoordinator.ts:136:13)

    console.log
      [Dashboard] Auth state received {
        isAuthenticated: true,
        hasJWT: true,
        hasSession: true,
        authMethod: 'jwt',
        inFallbackMode: false,
        reason: undefined,
        traceId: null
      }

      at log (src/app/dashboard/page.tsx:417:17)

    console.log
      [Dashboard] Authentication successful { authMethod: 'jwt', inFallbackMode: false, traceId: null }

      at log (src/app/dashboard/page.tsx:473:21)

    console.log
      [Dashboard] Component unmounting { traceId: null }

      at log (src/app/dashboard/page.tsx:577:15)
          at Array.forEach (<anonymous>)

    console.log
      [Dashboard] Starting authentication check { traceId: null }

      at log (src/app/dashboard/page.tsx:353:13)

    console.log
      [Dashboard] Logout state check result { logoutInProgress: false, traceId: null }

      at log (src/app/dashboard/page.tsx:387:19)

    console.log
      [Dashboard] Getting unified auth state with JWT requirement { traceId: null }

      at log (src/app/dashboard/page.tsx:415:17)

    console.log
      [AuthCoordinator] Getting unified auth state {
        requireJWT: true,
        traceId: undefined,
        routeRequirement: 'JWT-only',
        timestamp: '2026-02-08T19:37:47.444Z'
      }

      at log (src/lib/auth/AuthCoordinator.ts:83:11)

    console.log
      [Dashboard] Redirecting to login (error recovery) { traceId: null, redirectUrl: '/login?returnUrl=/dashboard' }

      at log (src/app/dashboard/page.tsx:524:23)

    console.log
      [Dashboard] Error recovery redirect initiated successfully { traceId: null, redirectUrl: '/login?returnUrl=/dashboard' }

      at log (src/app/dashboard/page.tsx:527:23)

    console.log
      [Dashboard] Component unmounting { traceId: null }

      at log (src/app/dashboard/page.tsx:577:15)
          at Array.forEach (<anonymous>)

    console.log
      [Dashboard] Starting authentication check { traceId: null }

      at log (src/app/dashboard/page.tsx:353:13)

    console.log
      [Dashboard] Logout state check result { logoutInProgress: false, traceId: null }

      at log (src/app/dashboard/page.tsx:387:19)

    console.log
      [Dashboard] Getting unified auth state with JWT requirement { traceId: null }

      at log (src/app/dashboard/page.tsx:415:17)

    console.log
      [AuthCoordinator] Getting unified auth state {
        requireJWT: true,
        traceId: undefined,
        routeRequirement: 'JWT-only',
        timestamp: '2026-02-08T19:37:47.500Z'
      }

      at log (src/lib/auth/AuthCoordinator.ts:83:11)

    console.log
      [Dashboard] Redirecting to login (error recovery) { traceId: null, redirectUrl: '/login?returnUrl=/dashboard' }

      at log (src/app/dashboard/page.tsx:524:23)

    console.log
      [Dashboard] Error recovery redirect initiated successfully { traceId: null, redirectUrl: '/login?returnUrl=/dashboard' }

      at log (src/app/dashboard/page.tsx:527:23)

    console.log
      [Dashboard] Component unmounting { traceId: null }

      at log (src/app/dashboard/page.tsx:577:15)
          at Array.forEach (<anonymous>)

    console.log
      [Dashboard] Starting authentication check { traceId: null }

      at log (src/app/dashboard/page.tsx:353:13)

    console.log
      [Dashboard] Logout state check result { logoutInProgress: false, traceId: null }

      at log (src/app/dashboard/page.tsx:387:19)

    console.log
      [Dashboard] Getting unified auth state with JWT requirement { traceId: null }

      at log (src/app/dashboard/page.tsx:415:17)

    console.log
      [AuthCoordinator] Getting unified auth state {
        requireJWT: true,
        traceId: undefined,
        routeRequirement: 'JWT-only',
        timestamp: '2026-02-08T19:37:47.557Z'
      }

      at log (src/lib/auth/AuthCoordinator.ts:83:11)

    console.log
      [AuthCoordinator] JWT check result {
        hasJWT: false,
        requireJWT: true,
        traceId: undefined,
        timestamp: '2026-02-08T19:37:47.557Z'
      }

      at log (src/lib/auth/AuthCoordinator.ts:92:11)

    console.log
      [AuthCoordinator] Initial state before authentication check {
        initialState: {
          hasJWT: false,
          inFallbackMode: false,
          requireJWT: true,
          timestamp: '2026-02-08T19:37:47.558Z'
        },
        traceId: undefined
      }

      at log (src/lib/auth/AuthCoordinator.ts:109:11)

    console.log
      [AuthCoordinator] State transition: JWT requirement not met {
        before: {
          hasJWT: false,
          inFallbackMode: false,
          requireJWT: true,
          timestamp: '2026-02-08T19:37:47.558Z'
        },
        after: {
          hasSession: false,
          hasJWT: false,
          isAuthenticated: false,
          userId: null,
          email: null,
          inFallbackMode: false,
          authMethod: 'none',
          reason: 'JWT required for this route'
        },
        transition: 'unauthenticated -> rejected (JWT required)',
        traceId: undefined,
        timestamp: '2026-02-08T19:37:47.558Z',
        durationMs: 1,
        reason: 'JWT required for this route'
      }

      at log (src/lib/auth/AuthCoordinator.ts:162:13)

    console.log
      [AuthCoordinator] JWT required but not found, skipping session check {
        state: {
          hasSession: false,
          hasJWT: false,
          isAuthenticated: false,
          userId: null,
          email: null,
          inFallbackMode: false,
          authMethod: 'none',
          reason: 'JWT required for this route'
        },
        traceId: undefined,
        requireJWT: true
      }

      at log (src/lib/auth/AuthCoordinator.ts:172:13)

    console.log
      [Dashboard] Auth state received {
        isAuthenticated: false,
        hasJWT: false,
        hasSession: false,
        authMethod: 'none',
        inFallbackMode: false,
        reason: 'JWT required for this route',
        traceId: null
      }

      at log (src/app/dashboard/page.tsx:417:17)

    console.log
      [Dashboard] Redirecting to login (not authenticated) {
        traceId: null,
        reason: 'JWT required for this route',
        hasJWT: false,
        hasSession: false,
        redirectUrl: '/login?returnUrl=/dashboard'
      }

      at log (src/app/dashboard/page.tsx:443:23)

    console.log
      [Dashboard] Fallback redirect initiated successfully { traceId: null, redirectUrl: '/login?returnUrl=/dashboard' }

      at log (src/app/dashboard/page.tsx:466:27)

    console.log
      [Dashboard] Component unmounting { traceId: null }

      at log (src/app/dashboard/page.tsx:577:15)
          at Array.forEach (<anonymous>)

    console.log
      [Dashboard] Starting authentication check { traceId: null }

      at log (src/app/dashboard/page.tsx:353:13)

    console.log
      [Dashboard] Logout state check result { logoutInProgress: false, traceId: null }

      at log (src/app/dashboard/page.tsx:387:19)

    console.log
      [Dashboard] Getting unified auth state with JWT requirement { traceId: null }

      at log (src/app/dashboard/page.tsx:415:17)

    console.log
      [AuthCoordinator] Getting unified auth state {
        requireJWT: true,
        traceId: undefined,
        routeRequirement: 'JWT-only',
        timestamp: '2026-02-08T19:37:47.613Z'
      }

      at log (src/lib/auth/AuthCoordinator.ts:83:11)

    console.log
      [AuthCoordinator] JWT check result {
        hasJWT: true,
        requireJWT: true,
        traceId: undefined,
        timestamp: '2026-02-08T19:37:47.613Z'
      }

      at log (src/lib/auth/AuthCoordinator.ts:92:11)

    console.log
      [AuthCoordinator] Initial state before authentication check {
        initialState: {
          hasJWT: true,
          inFallbackMode: false,
          requireJWT: true,
          timestamp: '2026-02-08T19:37:47.613Z'
        },
        traceId: undefined
      }

      at log (src/lib/auth/AuthCoordinator.ts:109:11)

    console.log
      [AuthCoordinator] State transition: JWT authentication {
        before: {
          hasJWT: true,
          inFallbackMode: false,
          requireJWT: true,
          timestamp: '2026-02-08T19:37:47.613Z'
        },
        after: {
          hasSession: true,
          hasJWT: true,
          isAuthenticated: true,
          userId: null,
          email: null,
          inFallbackMode: false,
          authMethod: 'jwt'
        },
        transition: 'unauthenticated -> authenticated (JWT)',
        traceId: undefined,
        timestamp: '2026-02-08T19:37:47.614Z',
        durationMs: 1
      }

      at log (src/lib/auth/AuthCoordinator.ts:127:13)

    console.log
      [AuthCoordinator] Authenticated via JWT (JWT priority applied) {
        state: {
          hasSession: true,
          hasJWT: true,
          isAuthenticated: true,
          userId: null,
          email: null,
          inFallbackMode: false,
          authMethod: 'jwt'
        },
        traceId: undefined,
        note: 'JWT takes precedence over session authentication'
      }

      at log (src/lib/auth/AuthCoordinator.ts:136:13)

    console.log
      [Dashboard] Auth state received {
        isAuthenticated: true,
        hasJWT: true,
        hasSession: true,
        authMethod: 'jwt',
        inFallbackMode: false,
        reason: undefined,
        traceId: null
      }

      at log (src/app/dashboard/page.tsx:417:17)

    console.log
      [Dashboard] Authentication successful { authMethod: 'jwt', inFallbackMode: false, traceId: null }

      at log (src/app/dashboard/page.tsx:473:21)

    console.log
      [Dashboard] Component unmounting { traceId: null }

      at log (src/app/dashboard/page.tsx:577:15)
          at Array.forEach (<anonymous>)

    console.log
      [Dashboard] Starting authentication check { traceId: null }

      at log (src/app/dashboard/page.tsx:353:13)

    console.log
      [Dashboard] Logout state check result { logoutInProgress: false, traceId: null }

      at log (src/app/dashboard/page.tsx:387:19)

    console.log
      [Dashboard] Getting unified auth state with JWT requirement { traceId: null }

      at log (src/app/dashboard/page.tsx:415:17)

    console.log
      [AuthCoordinator] Getting unified auth state {
        requireJWT: true,
        traceId: undefined,
        routeRequirement: 'JWT-only',
        timestamp: '2026-02-08T19:37:47.618Z'
      }

      at log (src/lib/auth/AuthCoordinator.ts:83:11)

    console.log
      [AuthCoordinator] JWT check result {
        hasJWT: true,
        requireJWT: true,
        traceId: undefined,
        timestamp: '2026-02-08T19:37:47.618Z'
      }

      at log (src/lib/auth/AuthCoordinator.ts:92:11)

    console.log
      [AuthCoordinator] Initial state before authentication check {
        initialState: {
          hasJWT: true,
          inFallbackMode: false,
          requireJWT: true,
          timestamp: '2026-02-08T19:37:47.619Z'
        },
        traceId: undefined
      }

      at log (src/lib/auth/AuthCoordinator.ts:109:11)

    console.log
      [AuthCoordinator] State transition: JWT authentication {
        before: {
          hasJWT: true,
          inFallbackMode: false,
          requireJWT: true,
          timestamp: '2026-02-08T19:37:47.619Z'
        },
        after: {
          hasSession: true,
          hasJWT: true,
          isAuthenticated: true,
          userId: null,
          email: null,
          inFallbackMode: false,
          authMethod: 'jwt'
        },
        transition: 'unauthenticated -> authenticated (JWT)',
        traceId: undefined,
        timestamp: '2026-02-08T19:37:47.619Z',
        durationMs: 1
      }

      at log (src/lib/auth/AuthCoordinator.ts:127:13)

    console.log
      [AuthCoordinator] Authenticated via JWT (JWT priority applied) {
        state: {
          hasSession: true,
          hasJWT: true,
          isAuthenticated: true,
          userId: null,
          email: null,
          inFallbackMode: false,
          authMethod: 'jwt'
        },
        traceId: undefined,
        note: 'JWT takes precedence over session authentication'
      }

      at log (src/lib/auth/AuthCoordinator.ts:136:13)

    console.log
      [Dashboard] Component unmounting { traceId: null }

      at log (src/app/dashboard/page.tsx:577:15)

    console.log
      [Dashboard] Auth state received {
        isAuthenticated: true,
        hasJWT: true,
        hasSession: true,
        authMethod: 'jwt',
        inFallbackMode: false,
        reason: undefined,
        traceId: null
      }

      at log (src/app/dashboard/page.tsx:417:17)

    console.log
      [Dashboard] Starting authentication check { traceId: null }

      at log (src/app/dashboard/page.tsx:353:13)

    console.log
      [Dashboard] Logout state check result { logoutInProgress: false, traceId: null }

      at log (src/app/dashboard/page.tsx:387:19)

    console.log
      [Dashboard] Getting unified auth state with JWT requirement { traceId: null }

      at log (src/app/dashboard/page.tsx:415:17)

    console.log
      [AuthCoordinator] Getting unified auth state {
        requireJWT: true,
        traceId: undefined,
        routeRequirement: 'JWT-only',
        timestamp: '2026-02-08T19:37:47.622Z'
      }

      at log (src/lib/auth/AuthCoordinator.ts:83:11)

    console.log
      [AuthCoordinator] JWT check result {
        hasJWT: true,
        requireJWT: true,
        traceId: undefined,
        timestamp: '2026-02-08T19:37:47.622Z'
      }

      at log (src/lib/auth/AuthCoordinator.ts:92:11)

    console.log
      [AuthCoordinator] Initial state before authentication check {
        initialState: {
          hasJWT: true,
          inFallbackMode: false,
          requireJWT: true,
          timestamp: '2026-02-08T19:37:47.622Z'
        },
        traceId: undefined
      }

      at log (src/lib/auth/AuthCoordinator.ts:109:11)

    console.log
      [AuthCoordinator] State transition: JWT authentication {
        before: {
          hasJWT: true,
          inFallbackMode: false,
          requireJWT: true,
          timestamp: '2026-02-08T19:37:47.622Z'
        },
        after: {
          hasSession: true,
          hasJWT: true,
          isAuthenticated: true,
          userId: null,
          email: null,
          inFallbackMode: false,
          authMethod: 'jwt'
        },
        transition: 'unauthenticated -> authenticated (JWT)',
        traceId: undefined,
        timestamp: '2026-02-08T19:37:47.622Z',
        durationMs: 0
      }

      at log (src/lib/auth/AuthCoordinator.ts:127:13)

    console.log
      [AuthCoordinator] Authenticated via JWT (JWT priority applied) {
        state: {
          hasSession: true,
          hasJWT: true,
          isAuthenticated: true,
          userId: null,
          email: null,
          inFallbackMode: false,
          authMethod: 'jwt'
        },
        traceId: undefined,
        note: 'JWT takes precedence over session authentication'
      }

      at log (src/lib/auth/AuthCoordinator.ts:136:13)

    console.log
      [Dashboard] Component unmounting { traceId: null }

      at log (src/app/dashboard/page.tsx:577:15)

    console.log
      [Dashboard] Auth state received {
        isAuthenticated: true,
        hasJWT: true,
        hasSession: true,
        authMethod: 'jwt',
        inFallbackMode: false,
        reason: undefined,
        traceId: null
      }

      at log (src/app/dashboard/page.tsx:417:17)

    console.log
      [Dashboard] Starting authentication check { traceId: null }

      at log (src/app/dashboard/page.tsx:353:13)

    console.log
      [Dashboard] Logout state check result { logoutInProgress: true, traceId: null }

      at log (src/app/dashboard/page.tsx:387:19)

    console.log
      [Dashboard] Component unmounting { traceId: null }

      at log (src/app/dashboard/page.tsx:577:15)
          at Array.forEach (<anonymous>)

    console.log
      [Dashboard] Starting authentication check { traceId: null }

      at log (src/app/dashboard/page.tsx:353:13)

    console.log
      [Dashboard] Logout state check result { logoutInProgress: true, traceId: null }

      at log (src/app/dashboard/page.tsx:387:19)

    console.log
      [Dashboard] Component unmounting { traceId: null }

      at log (src/app/dashboard/page.tsx:577:15)
          at Array.forEach (<anonymous>)

    console.log
      [Dashboard] Starting authentication check { traceId: null }

      at log (src/app/dashboard/page.tsx:353:13)

    console.log
      [Dashboard] Logout state check result { logoutInProgress: true, traceId: null }

      at log (src/app/dashboard/page.tsx:387:19)

    console.log
      [Dashboard] Component unmounting { traceId: null }

      at log (src/app/dashboard/page.tsx:577:15)
          at Array.forEach (<anonymous>)

    console.log
      [Dashboard] Starting authentication check { traceId: null }

      at log (src/app/dashboard/page.tsx:353:13)

    console.log
      [Dashboard] Logout state check result { logoutInProgress: false, traceId: null }

      at log (src/app/dashboard/page.tsx:387:19)

    console.log
      [Dashboard] Getting unified auth state with JWT requirement { traceId: null }

      at log (src/app/dashboard/page.tsx:415:17)

    console.log
      [AuthCoordinator] Getting unified auth state {
        requireJWT: true,
        traceId: undefined,
        routeRequirement: 'JWT-only',
        timestamp: '2026-02-08T19:37:47.782Z'
      }

      at log (src/lib/auth/AuthCoordinator.ts:83:11)

    console.log
      [AuthCoordinator] JWT check result {
        hasJWT: true,
        requireJWT: true,
        traceId: undefined,
        timestamp: '2026-02-08T19:37:47.782Z'
      }

      at log (src/lib/auth/AuthCoordinator.ts:92:11)

    console.log
      [AuthCoordinator] Initial state before authentication check {
        initialState: {
          hasJWT: true,
          inFallbackMode: false,
          requireJWT: true,
          timestamp: '2026-02-08T19:37:47.783Z'
        },
        traceId: undefined
      }

      at log (src/lib/auth/AuthCoordinator.ts:109:11)

    console.log
      [AuthCoordinator] State transition: JWT authentication {
        before: {
          hasJWT: true,
          inFallbackMode: false,
          requireJWT: true,
          timestamp: '2026-02-08T19:37:47.783Z'
        },
        after: {
          hasSession: true,
          hasJWT: true,
          isAuthenticated: true,
          userId: null,
          email: null,
          inFallbackMode: false,
          authMethod: 'jwt'
        },
        transition: 'unauthenticated -> authenticated (JWT)',
        traceId: undefined,
        timestamp: '2026-02-08T19:37:47.783Z',
        durationMs: 1
      }

      at log (src/lib/auth/AuthCoordinator.ts:127:13)

    console.log
      [AuthCoordinator] Authenticated via JWT (JWT priority applied) {
        state: {
          hasSession: true,
          hasJWT: true,
          isAuthenticated: true,
          userId: null,
          email: null,
          inFallbackMode: false,
          authMethod: 'jwt'
        },
        traceId: undefined,
        note: 'JWT takes precedence over session authentication'
      }

      at log (src/lib/auth/AuthCoordinator.ts:136:13)

    console.log
      [Dashboard] Auth state received {
        isAuthenticated: true,
        hasJWT: true,
        hasSession: true,
        authMethod: 'jwt',
        inFallbackMode: false,
        reason: undefined,
        traceId: null
      }

      at log (src/app/dashboard/page.tsx:417:17)

    console.log
      [Dashboard] Authentication successful { authMethod: 'jwt', inFallbackMode: false, traceId: null }

      at log (src/app/dashboard/page.tsx:473:21)

    console.log
      [Dashboard] Component unmounting { traceId: null }

      at log (src/app/dashboard/page.tsx:577:15)
          at Array.forEach (<anonymous>)

    console.log
      [Dashboard] Starting authentication check { traceId: null }

      at log (src/app/dashboard/page.tsx:353:13)

    console.log
      [Dashboard] Logout state check result { logoutInProgress: false, traceId: null }

      at log (src/app/dashboard/page.tsx:387:19)

    console.log
      [Dashboard] Getting unified auth state with JWT requirement { traceId: null }

      at log (src/app/dashboard/page.tsx:415:17)

    console.log
      [AuthCoordinator] Getting unified auth state {
        requireJWT: true,
        traceId: undefined,
        routeRequirement: 'JWT-only',
        timestamp: '2026-02-08T19:37:47.794Z'
      }

      at log (src/lib/auth/AuthCoordinator.ts:83:11)

    console.log
      [AuthCoordinator] JWT check result {
        hasJWT: false,
        requireJWT: true,
        traceId: undefined,
        timestamp: '2026-02-08T19:37:47.794Z'
      }

      at log (src/lib/auth/AuthCoordinator.ts:92:11)

    console.log
      [AuthCoordinator] Initial state before authentication check {
        initialState: {
          hasJWT: false,
          inFallbackMode: false,
          requireJWT: true,
          timestamp: '2026-02-08T19:37:47.794Z'
        },
        traceId: undefined
      }

      at log (src/lib/auth/AuthCoordinator.ts:109:11)

    console.log
      [AuthCoordinator] State transition: JWT requirement not met {
        before: {
          hasJWT: false,
          inFallbackMode: false,
          requireJWT: true,
          timestamp: '2026-02-08T19:37:47.794Z'
        },
        after: {
          hasSession: false,
          hasJWT: false,
          isAuthenticated: false,
          userId: null,
          email: null,
          inFallbackMode: false,
          authMethod: 'none',
          reason: 'JWT required for this route'
        },
        transition: 'unauthenticated -> rejected (JWT required)',
        traceId: undefined,
        timestamp: '2026-02-08T19:37:47.795Z',
        durationMs: 1,
        reason: 'JWT required for this route'
      }

      at log (src/lib/auth/AuthCoordinator.ts:162:13)

    console.log
      [AuthCoordinator] JWT required but not found, skipping session check {
        state: {
          hasSession: false,
          hasJWT: false,
          isAuthenticated: false,
          userId: null,
          email: null,
          inFallbackMode: false,
          authMethod: 'none',
          reason: 'JWT required for this route'
        },
        traceId: undefined,
        requireJWT: true
      }

      at log (src/lib/auth/AuthCoordinator.ts:172:13)

    console.log
      [Dashboard] Auth state received {
        isAuthenticated: false,
        hasJWT: false,
        hasSession: false,
        authMethod: 'none',
        inFallbackMode: false,
        reason: 'JWT required for this route',
        traceId: null
      }

      at log (src/app/dashboard/page.tsx:417:17)

    console.log
      [Dashboard] Redirecting to login (not authenticated) {
        traceId: null,
        reason: 'JWT required for this route',
        hasJWT: false,
        hasSession: false,
        redirectUrl: '/login?returnUrl=/dashboard'
      }

      at log (src/app/dashboard/page.tsx:443:23)

    console.log
      [Dashboard] Redirect initiated successfully { traceId: null, redirectUrl: '/login?returnUrl=/dashboard' }

      at log (src/app/dashboard/page.tsx:454:25)

    console.log
      [Dashboard] Component unmounting { traceId: null }

      at log (src/app/dashboard/page.tsx:577:15)
          at Array.forEach (<anonymous>)

    console.log
      [Dashboard] Starting authentication check { traceId: null }

      at log (src/app/dashboard/page.tsx:353:13)

    console.log
      [Dashboard] Logout state check result { logoutInProgress: false, traceId: null }

      at log (src/app/dashboard/page.tsx:387:19)

    console.log
      [Dashboard] Getting unified auth state with JWT requirement { traceId: null }

      at log (src/app/dashboard/page.tsx:415:17)

    console.log
      [AuthCoordinator] Getting unified auth state {
        requireJWT: true,
        traceId: undefined,
        routeRequirement: 'JWT-only',
        timestamp: '2026-02-08T19:37:47.800Z'
      }

      at log (src/lib/auth/AuthCoordinator.ts:83:11)

    console.log
      [AuthCoordinator] JWT check result {
        hasJWT: false,
        requireJWT: true,
        traceId: undefined,
        timestamp: '2026-02-08T19:37:47.800Z'
      }

      at log (src/lib/auth/AuthCoordinator.ts:92:11)

    console.log
      [AuthCoordinator] Initial state before authentication check {
        initialState: {
          hasJWT: false,
          inFallbackMode: false,
          requireJWT: true,
          timestamp: '2026-02-08T19:37:47.800Z'
        },
        traceId: undefined
      }

      at log (src/lib/auth/AuthCoordinator.ts:109:11)

    console.log
      [AuthCoordinator] State transition: JWT requirement not met {
        before: {
          hasJWT: false,
          inFallbackMode: false,
          requireJWT: true,
          timestamp: '2026-02-08T19:37:47.800Z'
        },
        after: {
          hasSession: false,
          hasJWT: false,
          isAuthenticated: false,
          userId: null,
          email: null,
          inFallbackMode: false,
          authMethod: 'none',
          reason: 'JWT required for this route'
        },
        transition: 'unauthenticated -> rejected (JWT required)',
        traceId: undefined,
        timestamp: '2026-02-08T19:37:47.800Z',
        durationMs: 0,
        reason: 'JWT required for this route'
      }

      at log (src/lib/auth/AuthCoordinator.ts:162:13)

    console.log
      [AuthCoordinator] JWT required but not found, skipping session check {
        state: {
          hasSession: false,
          hasJWT: false,
          isAuthenticated: false,
          userId: null,
          email: null,
          inFallbackMode: false,
          authMethod: 'none',
          reason: 'JWT required for this route'
        },
        traceId: undefined,
        requireJWT: true
      }

      at log (src/lib/auth/AuthCoordinator.ts:172:13)

    console.log
      [Dashboard] Auth state received {
        isAuthenticated: false,
        hasJWT: false,
        hasSession: false,
        authMethod: 'none',
        inFallbackMode: false,
        reason: 'JWT required for this route',
        traceId: null
      }

      at log (src/app/dashboard/page.tsx:417:17)

    console.log
      [Dashboard] Redirecting to login (not authenticated) {
        traceId: null,
        reason: 'JWT required for this route',
        hasJWT: false,
        hasSession: false,
        redirectUrl: '/login?returnUrl=/dashboard'
      }

      at log (src/app/dashboard/page.tsx:443:23)

    console.log
      [Dashboard] Fallback redirect initiated successfully { traceId: null, redirectUrl: '/login?returnUrl=/dashboard' }

      at log (src/app/dashboard/page.tsx:466:27)

    console.log
      [Dashboard] Component unmounting { traceId: null }

      at log (src/app/dashboard/page.tsx:577:15)
          at Array.forEach (<anonymous>)

    console.log
      [Dashboard] Starting authentication check { traceId: null }

      at log (src/app/dashboard/page.tsx:353:13)

    console.log
      [Dashboard] Logout state check result { logoutInProgress: false, traceId: null }

      at log (src/app/dashboard/page.tsx:387:19)

    console.log
      [Dashboard] Getting unified auth state with JWT requirement { traceId: null }

      at log (src/app/dashboard/page.tsx:415:17)

    console.log
      [AuthCoordinator] Getting unified auth state {
        requireJWT: true,
        traceId: undefined,
        routeRequirement: 'JWT-only',
        timestamp: '2026-02-08T19:37:47.857Z'
      }

      at log (src/lib/auth/AuthCoordinator.ts:83:11)

    console.log
      [AuthCoordinator] JWT check result {
        hasJWT: Promise {
          <pending>,
          [Symbol(async_id_symbol)]: 100654,
          [Symbol(trigger_async_id_symbol)]: 100634,
          [Symbol(kResourceStore)]: undefined,
          [Symbol(kResourceStore)]: undefined,
          [Symbol(kResourceStore)]: undefined,
          [Symbol(kResourceStore)]: undefined,
          [Symbol(kResourceStore)]: undefined,
          [Symbol(kResourceStore)]: undefined,
          [Symbol(kResourceStore)]: undefined,
          [Symbol(kResourceStore)]: undefined,
          [Symbol(kResourceStore)]: undefined,
          [Symbol(kResourceStore)]: undefined,
          [Symbol(kResourceStore)]: undefined,
          [Symbol(kResourceStore)]: undefined,
          [Symbol(kResourceStore)]: undefined,
          [Symbol(kResourceStore)]: undefined,
          [Symbol(kResourceStore)]: undefined,
          [Symbol(kResourceStore)]: undefined,
          [Symbol(kResourceStore)]: undefined,
          [Symbol(kResourceStore)]: undefined,
          [Symbol(kResourceStore)]: undefined,
          [Symbol(kResourceStore)]: 'Dashboard Page Client Component SSR Safety - Task 8.4 gracefully handles SSR context during timeout'
        },
        requireJWT: true,
        traceId: undefined,
        timestamp: '2026-02-08T19:37:47.858Z'
      }

      at log (src/lib/auth/AuthCoordinator.ts:92:11)

    console.log
      [AuthCoordinator] Initial state before authentication check {
        initialState: {
          hasJWT: Promise {
            <pending>,
            [Symbol(async_id_symbol)]: 100654,
            [Symbol(trigger_async_id_symbol)]: 100634,
            [Symbol(kResourceStore)]: undefined,
            [Symbol(kResourceStore)]: undefined,
            [Symbol(kResourceStore)]: undefined,
            [Symbol(kResourceStore)]: undefined,
            [Symbol(kResourceStore)]: undefined,
            [Symbol(kResourceStore)]: undefined,
            [Symbol(kResourceStore)]: undefined,
            [Symbol(kResourceStore)]: undefined,
            [Symbol(kResourceStore)]: undefined,
            [Symbol(kResourceStore)]: undefined,
            [Symbol(kResourceStore)]: undefined,
            [Symbol(kResourceStore)]: undefined,
            [Symbol(kResourceStore)]: undefined,
            [Symbol(kResourceStore)]: undefined,
            [Symbol(kResourceStore)]: undefined,
            [Symbol(kResourceStore)]: undefined,
            [Symbol(kResourceStore)]: undefined,
            [Symbol(kResourceStore)]: undefined,
            [Symbol(kResourceStore)]: undefined,
            [Symbol(kResourceStore)]: 'Dashboard Page Client Component SSR Safety - Task 8.4 gracefully handles SSR context during timeout'
          },
          inFallbackMode: false,
          requireJWT: true,
          timestamp: '2026-02-08T19:37:47.858Z'
        },
        traceId: undefined
      }

      at log (src/lib/auth/AuthCoordinator.ts:109:11)

    console.log
      [AuthCoordinator] State transition: JWT authentication {
        before: {
          hasJWT: Promise {
            <pending>,
            [Symbol(async_id_symbol)]: 100654,
            [Symbol(trigger_async_id_symbol)]: 100634,
            [Symbol(kResourceStore)]: undefined,
            [Symbol(kResourceStore)]: undefined,
            [Symbol(kResourceStore)]: undefined,
            [Symbol(kResourceStore)]: undefined,
            [Symbol(kResourceStore)]: undefined,
            [Symbol(kResourceStore)]: undefined,
            [Symbol(kResourceStore)]: undefined,
            [Symbol(kResourceStore)]: undefined,
            [Symbol(kResourceStore)]: undefined,
            [Symbol(kResourceStore)]: undefined,
            [Symbol(kResourceStore)]: undefined,
            [Symbol(kResourceStore)]: undefined,
            [Symbol(kResourceStore)]: undefined,
            [Symbol(kResourceStore)]: undefined,
            [Symbol(kResourceStore)]: undefined,
            [Symbol(kResourceStore)]: undefined,
            [Symbol(kResourceStore)]: undefined,
            [Symbol(kResourceStore)]: undefined,
            [Symbol(kResourceStore)]: undefined,
            [Symbol(kResourceStore)]: 'Dashboard Page Client Component SSR Safety - Task 8.4 gracefully handles SSR context during timeout'
          },
          inFallbackMode: false,
          requireJWT: true,
          timestamp: '2026-02-08T19:37:47.858Z'
        },
        after: {
          hasSession: true,
          hasJWT: true,
          isAuthenticated: true,
          userId: null,
          email: null,
          inFallbackMode: false,
          authMethod: 'jwt'
        },
        transition: 'unauthenticated -> authenticated (JWT)',
        traceId: undefined,
        timestamp: '2026-02-08T19:37:47.859Z',
        durationMs: 2
      }

      at log (src/lib/auth/AuthCoordinator.ts:127:13)

    console.log
      [AuthCoordinator] Authenticated via JWT (JWT priority applied) {
        state: {
          hasSession: true,
          hasJWT: true,
          isAuthenticated: true,
          userId: null,
          email: null,
          inFallbackMode: false,
          authMethod: 'jwt'
        },
        traceId: undefined,
        note: 'JWT takes precedence over session authentication'
      }

      at log (src/lib/auth/AuthCoordinator.ts:136:13)

    console.log
      [Dashboard] Auth state received {
        isAuthenticated: true,
        hasJWT: true,
        hasSession: true,
        authMethod: 'jwt',
        inFallbackMode: false,
        reason: undefined,
        traceId: null
      }

      at log (src/app/dashboard/page.tsx:417:17)

    console.log
      [Dashboard] Authentication successful { authMethod: 'jwt', inFallbackMode: false, traceId: null }

      at log (src/app/dashboard/page.tsx:473:21)

    console.error
      Warning: An update to DashboardPage inside a test was not wrapped in act(...).
      
      When testing, code that causes React state updates should be wrapped into act(...):
      
      act(() => {
        /* fire events that update state */
      });
      /* assert on the output */
      
      This ensures that you're testing the behavior the user would see in the browser. Learn more at https://reactjs.org/link/wrap-tests-with-act
          at DashboardPage (/Users/ryan/Library/Mobile Documents/com~apple~CloudDocs/Documents/VSCode/Tax-App-Frontend/src/app/dashboard/page.tsx:255:57)

      478 |             
      479 |             try {
    > 480 |               setIsAuthenticated(true);
          |               ^
      481 |             } catch (stateError) {
      482 |               console.error('[Dashboard] Error setting authenticated state', {
      483 |                 error: stateError instanceof Error ? stateError.message : String(stateError),

      at printWarning (node_modules/react-dom/cjs/react-dom.development.js:86:30)
      at error (node_modules/react-dom/cjs/react-dom.development.js:60:7)
      at warnIfUpdatesNotWrappedWithActDEV (node_modules/react-dom/cjs/react-dom.development.js:27628:9)
      at scheduleUpdateOnFiber (node_modules/react-dom/cjs/react-dom.development.js:25547:5)
      at dispatchSetState (node_modules/react-dom/cjs/react-dom.development.js:16708:7)
      at setIsAuthenticated (src/app/dashboard/page.tsx:480:15)

    console.log
      [Dashboard] Component unmounting { traceId: null }

      at log (src/app/dashboard/page.tsx:577:15)
          at Array.forEach (<anonymous>)

PASS src/components/ui/Button.test.tsx
  ● Console

    console.log
      [Button] Rendering with type: button

      at log (src/components/ui/Button.tsx:25:13)

    console.log
      [Button] Props received: {
        variant: 'primary',
        size: 'md',
        type: 'button',
        loading: false,
        disabled: undefined
      }

      at log (src/components/ui/Button.tsx:26:13)

    console.log
      [Button] Has onClick in props: false

      at log (src/components/ui/Button.tsx:27:13)

    console.log
      [Button] All props: {}

      at log (src/components/ui/Button.tsx:28:13)

    console.log
      [Button] Rendering with type: button

      at log (src/components/ui/Button.tsx:25:13)

    console.log
      [Button] Props received: {
        variant: 'primary',
        size: 'md',
        type: 'button',
        loading: false,
        disabled: undefined
      }

      at log (src/components/ui/Button.tsx:26:13)

    console.log
      [Button] Has onClick in props: false

      at log (src/components/ui/Button.tsx:27:13)

    console.log
      [Button] All props: {}

      at log (src/components/ui/Button.tsx:28:13)

    console.log
      [Button] Rendering with type: button

      at log (src/components/ui/Button.tsx:25:13)

    console.log
      [Button] Props received: {
        variant: 'secondary',
        size: 'sm',
        type: 'button',
        loading: false,
        disabled: undefined
      }

      at log (src/components/ui/Button.tsx:26:13)

    console.log
      [Button] Has onClick in props: false

      at log (src/components/ui/Button.tsx:27:13)

    console.log
      [Button] All props: {}

      at log (src/components/ui/Button.tsx:28:13)

    console.log
      [Button] Rendering with type: button

      at log (src/components/ui/Button.tsx:25:13)

    console.log
      [Button] Props received: {
        variant: 'secondary',
        size: 'sm',
        type: 'button',
        loading: false,
        disabled: undefined
      }

      at log (src/components/ui/Button.tsx:26:13)

    console.log
      [Button] Has onClick in props: false

      at log (src/components/ui/Button.tsx:27:13)

    console.log
      [Button] All props: {}

      at log (src/components/ui/Button.tsx:28:13)

    console.log
      [Button] Rendering with type: button

      at log (src/components/ui/Button.tsx:25:13)

    console.log
      [Button] Props received: {
        variant: 'secondary',
        size: 'md',
        type: 'button',
        loading: false,
        disabled: undefined
      }

      at log (src/components/ui/Button.tsx:26:13)

    console.log
      [Button] Has onClick in props: false

      at log (src/components/ui/Button.tsx:27:13)

    console.log
      [Button] All props: {}

      at log (src/components/ui/Button.tsx:28:13)

    console.log
      [Button] Rendering with type: button

      at log (src/components/ui/Button.tsx:25:13)

    console.log
      [Button] Props received: {
        variant: 'secondary',
        size: 'md',
        type: 'button',
        loading: false,
        disabled: undefined
      }

      at log (src/components/ui/Button.tsx:26:13)

    console.log
      [Button] Has onClick in props: false

      at log (src/components/ui/Button.tsx:27:13)

    console.log
      [Button] All props: {}

      at log (src/components/ui/Button.tsx:28:13)

    console.log
      [Button] Rendering with type: button

      at log (src/components/ui/Button.tsx:25:13)

    console.log
      [Button] Props received: {
        variant: 'secondary',
        size: 'sm',
        type: 'button',
        loading: false,
        disabled: undefined
      }

      at log (src/components/ui/Button.tsx:26:13)

    console.log
      [Button] Has onClick in props: false

      at log (src/components/ui/Button.tsx:27:13)

    console.log
      [Button] All props: {}

      at log (src/components/ui/Button.tsx:28:13)

    console.log
      [Button] Rendering with type: button

      at log (src/components/ui/Button.tsx:25:13)

    console.log
      [Button] Props received: {
        variant: 'secondary',
        size: 'sm',
        type: 'button',
        loading: false,
        disabled: undefined
      }

      at log (src/components/ui/Button.tsx:26:13)

    console.log
      [Button] Has onClick in props: false

      at log (src/components/ui/Button.tsx:27:13)

    console.log
      [Button] All props: {}

      at log (src/components/ui/Button.tsx:28:13)

    console.log
      [Button] Rendering with type: button

      at log (src/components/ui/Button.tsx:25:13)

    console.log
      [Button] Props received: {
        variant: 'outline',
        size: 'lg',
        type: 'button',
        loading: false,
        disabled: undefined
      }

      at log (src/components/ui/Button.tsx:26:13)

    console.log
      [Button] Has onClick in props: false

      at log (src/components/ui/Button.tsx:27:13)

    console.log
      [Button] All props: {}

      at log (src/components/ui/Button.tsx:28:13)

    console.log
      [Button] Rendering with type: button

      at log (src/components/ui/Button.tsx:25:13)

    console.log
      [Button] Props received: {
        variant: 'outline',
        size: 'lg',
        type: 'button',
        loading: false,
        disabled: undefined
      }

      at log (src/components/ui/Button.tsx:26:13)

    console.log
      [Button] Has onClick in props: false

      at log (src/components/ui/Button.tsx:27:13)

    console.log
      [Button] All props: {}

      at log (src/components/ui/Button.tsx:28:13)

    console.log
      [Button] Rendering with type: button

      at log (src/components/ui/Button.tsx:25:13)

    console.log
      [Button] Props received: {
        variant: 'outline',
        size: 'md',
        type: 'button',
        loading: false,
        disabled: undefined
      }

      at log (src/components/ui/Button.tsx:26:13)

    console.log
      [Button] Has onClick in props: false

      at log (src/components/ui/Button.tsx:27:13)

    console.log
      [Button] All props: {}

      at log (src/components/ui/Button.tsx:28:13)

    console.log
      [Button] Rendering with type: button

      at log (src/components/ui/Button.tsx:25:13)

    console.log
      [Button] Props received: {
        variant: 'outline',
        size: 'md',
        type: 'button',
        loading: false,
        disabled: undefined
      }

      at log (src/components/ui/Button.tsx:26:13)

    console.log
      [Button] Has onClick in props: false

      at log (src/components/ui/Button.tsx:27:13)

    console.log
      [Button] All props: {}

      at log (src/components/ui/Button.tsx:28:13)

    console.log
      [Button] Rendering with type: button

      at log (src/components/ui/Button.tsx:25:13)

    console.log
      [Button] Props received: {
        variant: 'outline',
        size: 'sm',
        type: 'button',
        loading: false,
        disabled: undefined
      }

      at log (src/components/ui/Button.tsx:26:13)

    console.log
      [Button] Has onClick in props: false

      at log (src/components/ui/Button.tsx:27:13)

    console.log
      [Button] All props: {}

      at log (src/components/ui/Button.tsx:28:13)

    console.log
      [Button] Rendering with type: button

      at log (src/components/ui/Button.tsx:25:13)

    console.log
      [Button] Props received: {
        variant: 'outline',
        size: 'sm',
        type: 'button',
        loading: false,
        disabled: undefined
      }

      at log (src/components/ui/Button.tsx:26:13)

    console.log
      [Button] Has onClick in props: false

      at log (src/components/ui/Button.tsx:27:13)

    console.log
      [Button] All props: {}

      at log (src/components/ui/Button.tsx:28:13)

    console.log
      [Button] Rendering with type: button

      at log (src/components/ui/Button.tsx:25:13)

    console.log
      [Button] Props received: {
        variant: 'primary',
        size: 'sm',
        type: 'button',
        loading: false,
        disabled: undefined
      }

      at log (src/components/ui/Button.tsx:26:13)

    console.log
      [Button] Has onClick in props: false

      at log (src/components/ui/Button.tsx:27:13)

    console.log
      [Button] All props: {}

      at log (src/components/ui/Button.tsx:28:13)

    console.log
      [Button] Rendering with type: button

      at log (src/components/ui/Button.tsx:25:13)

    console.log
      [Button] Props received: {
        variant: 'primary',
        size: 'sm',
        type: 'button',
        loading: false,
        disabled: undefined
      }

      at log (src/components/ui/Button.tsx:26:13)

    console.log
      [Button] Has onClick in props: false

      at log (src/components/ui/Button.tsx:27:13)

    console.log
      [Button] All props: {}

      at log (src/components/ui/Button.tsx:28:13)

    console.log
      [Button] Rendering with type: button

      at log (src/components/ui/Button.tsx:25:13)

    console.log
      [Button] Props received: {
        variant: 'secondary',
        size: 'md',
        type: 'button',
        loading: false,
        disabled: undefined
      }

      at log (src/components/ui/Button.tsx:26:13)

    console.log
      [Button] Has onClick in props: false

      at log (src/components/ui/Button.tsx:27:13)

    console.log
      [Button] All props: {}

      at log (src/components/ui/Button.tsx:28:13)

    console.log
      [Button] Rendering with type: button

      at log (src/components/ui/Button.tsx:25:13)

    console.log
      [Button] Props received: {
        variant: 'secondary',
        size: 'md',
        type: 'button',
        loading: false,
        disabled: undefined
      }

      at log (src/components/ui/Button.tsx:26:13)

    console.log
      [Button] Has onClick in props: false

      at log (src/components/ui/Button.tsx:27:13)

    console.log
      [Button] All props: {}

      at log (src/components/ui/Button.tsx:28:13)

    console.log
      [Button] Rendering with type: button

      at log (src/components/ui/Button.tsx:25:13)

    console.log
      [Button] Props received: {
        variant: 'primary',
        size: 'md',
        type: 'button',
        loading: false,
        disabled: undefined
      }

      at log (src/components/ui/Button.tsx:26:13)

    console.log
      [Button] Has onClick in props: false

      at log (src/components/ui/Button.tsx:27:13)

    console.log
      [Button] All props: {}

      at log (src/components/ui/Button.tsx:28:13)

    console.log
      [Button] Rendering with type: button

      at log (src/components/ui/Button.tsx:25:13)

    console.log
      [Button] Props received: {
        variant: 'primary',
        size: 'md',
        type: 'button',
        loading: false,
        disabled: undefined
      }

      at log (src/components/ui/Button.tsx:26:13)

    console.log
      [Button] Has onClick in props: false

      at log (src/components/ui/Button.tsx:27:13)

    console.log
      [Button] All props: {}

      at log (src/components/ui/Button.tsx:28:13)

    console.log
      [Button] Rendering with type: button

      at log (src/components/ui/Button.tsx:25:13)

    console.log
      [Button] Props received: {
        variant: 'outline',
        size: 'sm',
        type: 'button',
        loading: false,
        disabled: undefined
      }

      at log (src/components/ui/Button.tsx:26:13)

    console.log
      [Button] Has onClick in props: false

      at log (src/components/ui/Button.tsx:27:13)

    console.log
      [Button] All props: {}

      at log (src/components/ui/Button.tsx:28:13)

    console.log
      [Button] Rendering with type: button

      at log (src/components/ui/Button.tsx:25:13)

    console.log
      [Button] Props received: {
        variant: 'outline',
        size: 'sm',
        type: 'button',
        loading: false,
        disabled: undefined
      }

      at log (src/components/ui/Button.tsx:26:13)

    console.log
      [Button] Has onClick in props: false

      at log (src/components/ui/Button.tsx:27:13)

    console.log
      [Button] All props: {}

      at log (src/components/ui/Button.tsx:28:13)

    console.log
      [Button] Rendering with type: button

      at log (src/components/ui/Button.tsx:25:13)

    console.log
      [Button] Props received: {
        variant: 'secondary',
        size: 'sm',
        type: 'button',
        loading: false,
        disabled: undefined
      }

      at log (src/components/ui/Button.tsx:26:13)

    console.log
      [Button] Has onClick in props: false

      at log (src/components/ui/Button.tsx:27:13)

    console.log
      [Button] All props: {}

      at log (src/components/ui/Button.tsx:28:13)

    console.log
      [Button] Rendering with type: button

      at log (src/components/ui/Button.tsx:25:13)

    console.log
      [Button] Props received: {
        variant: 'secondary',
        size: 'sm',
        type: 'button',
        loading: false,
        disabled: undefined
      }

      at log (src/components/ui/Button.tsx:26:13)

    console.log
      [Button] Has onClick in props: false

      at log (src/components/ui/Button.tsx:27:13)

    console.log
      [Button] All props: {}

      at log (src/components/ui/Button.tsx:28:13)

    console.log
      [Button] Rendering with type: button

      at log (src/components/ui/Button.tsx:25:13)

    console.log
      [Button] Props received: {
        variant: 'primary',
        size: 'sm',
        type: 'button',
        loading: false,
        disabled: undefined
      }

      at log (src/components/ui/Button.tsx:26:13)

    console.log
      [Button] Has onClick in props: false

      at log (src/components/ui/Button.tsx:27:13)

    console.log
      [Button] All props: {}

      at log (src/components/ui/Button.tsx:28:13)

    console.log
      [Button] Rendering with type: button

      at log (src/components/ui/Button.tsx:25:13)

    console.log
      [Button] Props received: {
        variant: 'primary',
        size: 'sm',
        type: 'button',
        loading: false,
        disabled: undefined
      }

      at log (src/components/ui/Button.tsx:26:13)

    console.log
      [Button] Has onClick in props: false

      at log (src/components/ui/Button.tsx:27:13)

    console.log
      [Button] All props: {}

      at log (src/components/ui/Button.tsx:28:13)

    console.log
      [Button] Rendering with type: button

      at log (src/components/ui/Button.tsx:25:13)

    console.log
      [Button] Props received: {
        variant: 'secondary',
        size: 'lg',
        type: 'button',
        loading: false,
        disabled: undefined
      }

      at log (src/components/ui/Button.tsx:26:13)

    console.log
      [Button] Has onClick in props: false

      at log (src/components/ui/Button.tsx:27:13)

    console.log
      [Button] All props: {}

      at log (src/components/ui/Button.tsx:28:13)

    console.log
      [Button] Rendering with type: button

      at log (src/components/ui/Button.tsx:25:13)

    console.log
      [Button] Props received: {
        variant: 'secondary',
        size: 'lg',
        type: 'button',
        loading: false,
        disabled: undefined
      }

      at log (src/components/ui/Button.tsx:26:13)

    console.log
      [Button] Has onClick in props: false

      at log (src/components/ui/Button.tsx:27:13)

    console.log
      [Button] All props: {}

      at log (src/components/ui/Button.tsx:28:13)

    console.log
      [Button] Rendering with type: button

      at log (src/components/ui/Button.tsx:25:13)

    console.log
      [Button] Props received: {
        variant: 'outline',
        size: 'md',
        type: 'button',
        loading: false,
        disabled: undefined
      }

      at log (src/components/ui/Button.tsx:26:13)

    console.log
      [Button] Has onClick in props: false

      at log (src/components/ui/Button.tsx:27:13)

    console.log
      [Button] All props: {}

      at log (src/components/ui/Button.tsx:28:13)

    console.log
      [Button] Rendering with type: button

      at log (src/components/ui/Button.tsx:25:13)

    console.log
      [Button] Props received: {
        variant: 'outline',
        size: 'md',
        type: 'button',
        loading: false,
        disabled: undefined
      }

      at log (src/components/ui/Button.tsx:26:13)

    console.log
      [Button] Has onClick in props: false

      at log (src/components/ui/Button.tsx:27:13)

    console.log
      [Button] All props: {}

      at log (src/components/ui/Button.tsx:28:13)

    console.log
      [Button] Rendering with type: button

      at log (src/components/ui/Button.tsx:25:13)

    console.log
      [Button] Props received: {
        variant: 'primary',
        size: 'sm',
        type: 'button',
        loading: false,
        disabled: undefined
      }

      at log (src/components/ui/Button.tsx:26:13)

    console.log
      [Button] Has onClick in props: false

      at log (src/components/ui/Button.tsx:27:13)

    console.log
      [Button] All props: {}

      at log (src/components/ui/Button.tsx:28:13)

    console.log
      [Button] Rendering with type: button

      at log (src/components/ui/Button.tsx:25:13)

    console.log
      [Button] Props received: {
        variant: 'primary',
        size: 'sm',
        type: 'button',
        loading: false,
        disabled: undefined
      }

      at log (src/components/ui/Button.tsx:26:13)

    console.log
      [Button] Has onClick in props: false

      at log (src/components/ui/Button.tsx:27:13)

    console.log
      [Button] All props: {}

      at log (src/components/ui/Button.tsx:28:13)

    console.log
      [Button] Rendering with type: button

      at log (src/components/ui/Button.tsx:25:13)

    console.log
      [Button] Props received: {
        variant: 'primary',
        size: 'sm',
        type: 'button',
        loading: false,
        disabled: undefined
      }

      at log (src/components/ui/Button.tsx:26:13)

    console.log
      [Button] Has onClick in props: false

      at log (src/components/ui/Button.tsx:27:13)

    console.log
      [Button] All props: {}

      at log (src/components/ui/Button.tsx:28:13)

    console.log
      [Button] Rendering with type: button

      at log (src/components/ui/Button.tsx:25:13)

    console.log
      [Button] Props received: {
        variant: 'primary',
        size: 'sm',
        type: 'button',
        loading: false,
        disabled: undefined
      }

      at log (src/components/ui/Button.tsx:26:13)

    console.log
      [Button] Has onClick in props: false

      at log (src/components/ui/Button.tsx:27:13)

    console.log
      [Button] All props: {}

      at log (src/components/ui/Button.tsx:28:13)

    console.log
      [Button] Rendering with type: button

      at log (src/components/ui/Button.tsx:25:13)

    console.log
      [Button] Props received: {
        variant: 'primary',
        size: 'sm',
        type: 'button',
        loading: false,
        disabled: undefined
      }

      at log (src/components/ui/Button.tsx:26:13)

    console.log
      [Button] Has onClick in props: false

      at log (src/components/ui/Button.tsx:27:13)

    console.log
      [Button] All props: {}

      at log (src/components/ui/Button.tsx:28:13)

    console.log
      [Button] Rendering with type: button

      at log (src/components/ui/Button.tsx:25:13)

    console.log
      [Button] Props received: {
        variant: 'primary',
        size: 'sm',
        type: 'button',
        loading: false,
        disabled: undefined
      }

      at log (src/components/ui/Button.tsx:26:13)

    console.log
      [Button] Has onClick in props: false

      at log (src/components/ui/Button.tsx:27:13)

    console.log
      [Button] All props: {}

      at log (src/components/ui/Button.tsx:28:13)

    console.log
      [Button] Rendering with type: button

      at log (src/components/ui/Button.tsx:25:13)

    console.log
      [Button] Props received: {
        variant: 'outline',
        size: 'sm',
        type: 'button',
        loading: false,
        disabled: undefined
      }

      at log (src/components/ui/Button.tsx:26:13)

    console.log
      [Button] Has onClick in props: false

      at log (src/components/ui/Button.tsx:27:13)

    console.log
      [Button] All props: {}

      at log (src/components/ui/Button.tsx:28:13)

    console.log
      [Button] Rendering with type: button

      at log (src/components/ui/Button.tsx:25:13)

    console.log
      [Button] Props received: {
        variant: 'outline',
        size: 'sm',
        type: 'button',
        loading: false,
        disabled: undefined
      }

      at log (src/components/ui/Button.tsx:26:13)

    console.log
      [Button] Has onClick in props: false

      at log (src/components/ui/Button.tsx:27:13)

    console.log
      [Button] All props: {}

      at log (src/components/ui/Button.tsx:28:13)

    console.log
      [Button] Rendering with type: button

      at log (src/components/ui/Button.tsx:25:13)

    console.log
      [Button] Props received: {
        variant: 'secondary',
        size: 'lg',
        type: 'button',
        loading: false,
        disabled: undefined
      }

      at log (src/components/ui/Button.tsx:26:13)

    console.log
      [Button] Has onClick in props: false

      at log (src/components/ui/Button.tsx:27:13)

    console.log
      [Button] All props: {}

      at log (src/components/ui/Button.tsx:28:13)

    console.log
      [Button] Rendering with type: button

      at log (src/components/ui/Button.tsx:25:13)

    console.log
      [Button] Props received: {
        variant: 'secondary',
        size: 'lg',
        type: 'button',
        loading: false,
        disabled: undefined
      }

      at log (src/components/ui/Button.tsx:26:13)

    console.log
      [Button] Has onClick in props: false

      at log (src/components/ui/Button.tsx:27:13)

    console.log
      [Button] All props: {}

      at log (src/components/ui/Button.tsx:28:13)

    console.log
      [Button] Rendering with type: button

      at log (src/components/ui/Button.tsx:25:13)

    console.log
      [Button] Props received: {
        variant: 'outline',
        size: 'sm',
        type: 'button',
        loading: false,
        disabled: undefined
      }

      at log (src/components/ui/Button.tsx:26:13)

    console.log
      [Button] Has onClick in props: false

      at log (src/components/ui/Button.tsx:27:13)

    console.log
      [Button] All props: {}

      at log (src/components/ui/Button.tsx:28:13)

    console.log
      [Button] Rendering with type: button

      at log (src/components/ui/Button.tsx:25:13)

    console.log
      [Button] Props received: {
        variant: 'outline',
        size: 'sm',
        type: 'button',
        loading: false,
        disabled: undefined
      }

      at log (src/components/ui/Button.tsx:26:13)

    console.log
      [Button] Has onClick in props: false

      at log (src/components/ui/Button.tsx:27:13)

    console.log
      [Button] All props: {}

      at log (src/components/ui/Button.tsx:28:13)

    console.log
      [Button] Rendering with type: button

      at log (src/components/ui/Button.tsx:25:13)

    console.log
      [Button] Props received: {
        variant: 'outline',
        size: 'md',
        type: 'button',
        loading: false,
        disabled: undefined
      }

      at log (src/components/ui/Button.tsx:26:13)

    console.log
      [Button] Has onClick in props: false

      at log (src/components/ui/Button.tsx:27:13)

    console.log
      [Button] All props: {}

      at log (src/components/ui/Button.tsx:28:13)

    console.log
      [Button] Rendering with type: button

      at log (src/components/ui/Button.tsx:25:13)

    console.log
      [Button] Props received: {
        variant: 'outline',
        size: 'md',
        type: 'button',
        loading: false,
        disabled: undefined
      }

      at log (src/components/ui/Button.tsx:26:13)

    console.log
      [Button] Has onClick in props: false

      at log (src/components/ui/Button.tsx:27:13)

    console.log
      [Button] All props: {}

      at log (src/components/ui/Button.tsx:28:13)

    console.log
      [Button] Rendering with type: button

      at log (src/components/ui/Button.tsx:25:13)

    console.log
      [Button] Props received: {
        variant: 'secondary',
        size: 'lg',
        type: 'button',
        loading: false,
        disabled: undefined
      }

      at log (src/components/ui/Button.tsx:26:13)

    console.log
      [Button] Has onClick in props: false

      at log (src/components/ui/Button.tsx:27:13)

    console.log
      [Button] All props: {}

      at log (src/components/ui/Button.tsx:28:13)

    console.log
      [Button] Rendering with type: button

      at log (src/components/ui/Button.tsx:25:13)

    console.log
      [Button] Props received: {
        variant: 'secondary',
        size: 'lg',
        type: 'button',
        loading: false,
        disabled: undefined
      }

      at log (src/components/ui/Button.tsx:26:13)

    console.log
      [Button] Has onClick in props: false

      at log (src/components/ui/Button.tsx:27:13)

    console.log
      [Button] All props: {}

      at log (src/components/ui/Button.tsx:28:13)

    console.log
      [Button] Rendering with type: button

      at log (src/components/ui/Button.tsx:25:13)

    console.log
      [Button] Props received: {
        variant: 'secondary',
        size: 'md',
        type: 'button',
        loading: false,
        disabled: undefined
      }

      at log (src/components/ui/Button.tsx:26:13)

    console.log
      [Button] Has onClick in props: false

      at log (src/components/ui/Button.tsx:27:13)

    console.log
      [Button] All props: {}

      at log (src/components/ui/Button.tsx:28:13)

    console.log
      [Button] Rendering with type: button

      at log (src/components/ui/Button.tsx:25:13)

    console.log
      [Button] Props received: {
        variant: 'secondary',
        size: 'md',
        type: 'button',
        loading: false,
        disabled: undefined
      }

      at log (src/components/ui/Button.tsx:26:13)

    console.log
      [Button] Has onClick in props: false

      at log (src/components/ui/Button.tsx:27:13)

    console.log
      [Button] All props: {}

      at log (src/components/ui/Button.tsx:28:13)

    console.log
      [Button] Rendering with type: button

      at log (src/components/ui/Button.tsx:25:13)

    console.log
      [Button] Props received: {
        variant: 'secondary',
        size: 'lg',
        type: 'button',
        loading: false,
        disabled: undefined
      }

      at log (src/components/ui/Button.tsx:26:13)

    console.log
      [Button] Has onClick in props: false

      at log (src/components/ui/Button.tsx:27:13)

    console.log
      [Button] All props: {}

      at log (src/components/ui/Button.tsx:28:13)

    console.log
      [Button] Rendering with type: button

      at log (src/components/ui/Button.tsx:25:13)

    console.log
      [Button] Props received: {
        variant: 'secondary',
        size: 'lg',
        type: 'button',
        loading: false,
        disabled: undefined
      }

      at log (src/components/ui/Button.tsx:26:13)

    console.log
      [Button] Has onClick in props: false

      at log (src/components/ui/Button.tsx:27:13)

    console.log
      [Button] All props: {}

      at log (src/components/ui/Button.tsx:28:13)

    console.log
      [Button] Rendering with type: button

      at log (src/components/ui/Button.tsx:25:13)

    console.log
      [Button] Props received: {
        variant: 'primary',
        size: 'md',
        type: 'button',
        loading: false,
        disabled: undefined
      }

      at log (src/components/ui/Button.tsx:26:13)

    console.log
      [Button] Has onClick in props: false

      at log (src/components/ui/Button.tsx:27:13)

    console.log
      [Button] All props: {}

      at log (src/components/ui/Button.tsx:28:13)

    console.log
      [Button] Rendering with type: button

      at log (src/components/ui/Button.tsx:25:13)

    console.log
      [Button] Props received: {
        variant: 'primary',
        size: 'md',
        type: 'button',
        loading: false,
        disabled: undefined
      }

      at log (src/components/ui/Button.tsx:26:13)

    console.log
      [Button] Has onClick in props: false

      at log (src/components/ui/Button.tsx:27:13)

    console.log
      [Button] All props: {}

      at log (src/components/ui/Button.tsx:28:13)

    console.log
      [Button] Rendering with type: button

      at log (src/components/ui/Button.tsx:25:13)

    console.log
      [Button] Props received: {
        variant: 'outline',
        size: 'md',
        type: 'button',
        loading: false,
        disabled: undefined
      }

      at log (src/components/ui/Button.tsx:26:13)

    console.log
      [Button] Has onClick in props: false

      at log (src/components/ui/Button.tsx:27:13)

    console.log
      [Button] All props: {}

      at log (src/components/ui/Button.tsx:28:13)

    console.log
      [Button] Rendering with type: button

      at log (src/components/ui/Button.tsx:25:13)

    console.log
      [Button] Props received: {
        variant: 'outline',
        size: 'md',
        type: 'button',
        loading: false,
        disabled: undefined
      }

      at log (src/components/ui/Button.tsx:26:13)

    console.log
      [Button] Has onClick in props: false

      at log (src/components/ui/Button.tsx:27:13)

    console.log
      [Button] All props: {}

      at log (src/components/ui/Button.tsx:28:13)

    console.log
      [Button] Rendering with type: button

      at log (src/components/ui/Button.tsx:25:13)

    console.log
      [Button] Props received: {
        variant: 'primary',
        size: 'lg',
        type: 'button',
        loading: false,
        disabled: undefined
      }

      at log (src/components/ui/Button.tsx:26:13)

    console.log
      [Button] Has onClick in props: false

      at log (src/components/ui/Button.tsx:27:13)

    console.log
      [Button] All props: {}

      at log (src/components/ui/Button.tsx:28:13)

    console.log
      [Button] Rendering with type: button

      at log (src/components/ui/Button.tsx:25:13)

    console.log
      [Button] Props received: {
        variant: 'primary',
        size: 'lg',
        type: 'button',
        loading: false,
        disabled: undefined
      }

      at log (src/components/ui/Button.tsx:26:13)

    console.log
      [Button] Has onClick in props: false

      at log (src/components/ui/Button.tsx:27:13)

    console.log
      [Button] All props: {}

      at log (src/components/ui/Button.tsx:28:13)

    console.log
      [Button] Rendering with type: button

      at log (src/components/ui/Button.tsx:25:13)

    console.log
      [Button] Props received: {
        variant: 'outline',
        size: 'sm',
        type: 'button',
        loading: false,
        disabled: undefined
      }

      at log (src/components/ui/Button.tsx:26:13)

    console.log
      [Button] Has onClick in props: false

      at log (src/components/ui/Button.tsx:27:13)

    console.log
      [Button] All props: {}

      at log (src/components/ui/Button.tsx:28:13)

    console.log
      [Button] Rendering with type: button

      at log (src/components/ui/Button.tsx:25:13)

    console.log
      [Button] Props received: {
        variant: 'outline',
        size: 'sm',
        type: 'button',
        loading: false,
        disabled: undefined
      }

      at log (src/components/ui/Button.tsx:26:13)

    console.log
      [Button] Has onClick in props: false

      at log (src/components/ui/Button.tsx:27:13)

    console.log
      [Button] All props: {}

      at log (src/components/ui/Button.tsx:28:13)

    console.log
      [Button] Rendering with type: button

      at log (src/components/ui/Button.tsx:25:13)

    console.log
      [Button] Props received: {
        variant: 'primary',
        size: 'sm',
        type: 'button',
        loading: false,
        disabled: undefined
      }

      at log (src/components/ui/Button.tsx:26:13)

    console.log
      [Button] Has onClick in props: false

      at log (src/components/ui/Button.tsx:27:13)

    console.log
      [Button] All props: {}

      at log (src/components/ui/Button.tsx:28:13)

    console.log
      [Button] Rendering with type: button

      at log (src/components/ui/Button.tsx:25:13)

    console.log
      [Button] Props received: {
        variant: 'primary',
        size: 'sm',
        type: 'button',
        loading: false,
        disabled: undefined
      }

      at log (src/components/ui/Button.tsx:26:13)

    console.log
      [Button] Has onClick in props: false

      at log (src/components/ui/Button.tsx:27:13)

    console.log
      [Button] All props: {}

      at log (src/components/ui/Button.tsx:28:13)

    console.log
      [Button] Rendering with type: button

      at log (src/components/ui/Button.tsx:25:13)

    console.log
      [Button] Props received: {
        variant: 'outline',
        size: 'lg',
        type: 'button',
        loading: false,
        disabled: undefined
      }

      at log (src/components/ui/Button.tsx:26:13)

    console.log
      [Button] Has onClick in props: false

      at log (src/components/ui/Button.tsx:27:13)

    console.log
      [Button] All props: {}

      at log (src/components/ui/Button.tsx:28:13)

    console.log
      [Button] Rendering with type: button

      at log (src/components/ui/Button.tsx:25:13)

    console.log
      [Button] Props received: {
        variant: 'outline',
        size: 'lg',
        type: 'button',
        loading: false,
        disabled: undefined
      }

      at log (src/components/ui/Button.tsx:26:13)

    console.log
      [Button] Has onClick in props: false

      at log (src/components/ui/Button.tsx:27:13)

    console.log
      [Button] All props: {}

      at log (src/components/ui/Button.tsx:28:13)

    console.log
      [Button] Rendering with type: button

      at log (src/components/ui/Button.tsx:25:13)

    console.log
      [Button] Props received: {
        variant: 'outline',
        size: 'sm',
        type: 'button',
        loading: false,
        disabled: undefined
      }

      at log (src/components/ui/Button.tsx:26:13)

    console.log
      [Button] Has onClick in props: false

      at log (src/components/ui/Button.tsx:27:13)

    console.log
      [Button] All props: {}

      at log (src/components/ui/Button.tsx:28:13)

    console.log
      [Button] Rendering with type: button

      at log (src/components/ui/Button.tsx:25:13)

    console.log
      [Button] Props received: {
        variant: 'outline',
        size: 'sm',
        type: 'button',
        loading: false,
        disabled: undefined
      }

      at log (src/components/ui/Button.tsx:26:13)

    console.log
      [Button] Has onClick in props: false

      at log (src/components/ui/Button.tsx:27:13)

    console.log
      [Button] All props: {}

      at log (src/components/ui/Button.tsx:28:13)

    console.log
      [Button] Rendering with type: button

      at log (src/components/ui/Button.tsx:25:13)

    console.log
      [Button] Props received: {
        variant: 'primary',
        size: 'md',
        type: 'button',
        loading: false,
        disabled: undefined
      }

      at log (src/components/ui/Button.tsx:26:13)

    console.log
      [Button] Has onClick in props: false

      at log (src/components/ui/Button.tsx:27:13)

    console.log
      [Button] All props: {}

      at log (src/components/ui/Button.tsx:28:13)

    console.log
      [Button] Rendering with type: button

      at log (src/components/ui/Button.tsx:25:13)

    console.log
      [Button] Props received: {
        variant: 'primary',
        size: 'md',
        type: 'button',
        loading: false,
        disabled: undefined
      }

      at log (src/components/ui/Button.tsx:26:13)

    console.log
      [Button] Has onClick in props: false

      at log (src/components/ui/Button.tsx:27:13)

    console.log
      [Button] All props: {}

      at log (src/components/ui/Button.tsx:28:13)

    console.log
      [Button] Rendering with type: button

      at log (src/components/ui/Button.tsx:25:13)

    console.log
      [Button] Props received: {
        variant: 'primary',
        size: 'md',
        type: 'button',
        loading: false,
        disabled: undefined
      }

      at log (src/components/ui/Button.tsx:26:13)

    console.log
      [Button] Has onClick in props: false

      at log (src/components/ui/Button.tsx:27:13)

    console.log
      [Button] All props: {}

      at log (src/components/ui/Button.tsx:28:13)

    console.log
      [Button] Rendering with type: button

      at log (src/components/ui/Button.tsx:25:13)

    console.log
      [Button] Props received: {
        variant: 'primary',
        size: 'md',
        type: 'button',
        loading: false,
        disabled: undefined
      }

      at log (src/components/ui/Button.tsx:26:13)

    console.log
      [Button] Has onClick in props: false

      at log (src/components/ui/Button.tsx:27:13)

    console.log
      [Button] All props: {}

      at log (src/components/ui/Button.tsx:28:13)

    console.log
      [Button] Rendering with type: button

      at log (src/components/ui/Button.tsx:25:13)

    console.log
      [Button] Props received: {
        variant: 'outline',
        size: 'md',
        type: 'button',
        loading: false,
        disabled: undefined
      }

      at log (src/components/ui/Button.tsx:26:13)

    console.log
      [Button] Has onClick in props: false

      at log (src/components/ui/Button.tsx:27:13)

    console.log
      [Button] All props: {}

      at log (src/components/ui/Button.tsx:28:13)

    console.log
      [Button] Rendering with type: button

      at log (src/components/ui/Button.tsx:25:13)

    console.log
      [Button] Props received: {
        variant: 'outline',
        size: 'md',
        type: 'button',
        loading: false,
        disabled: undefined
      }

      at log (src/components/ui/Button.tsx:26:13)

    console.log
      [Button] Has onClick in props: false

      at log (src/components/ui/Button.tsx:27:13)

    console.log
      [Button] All props: {}

      at log (src/components/ui/Button.tsx:28:13)

    console.log
      [Button] Rendering with type: button

      at log (src/components/ui/Button.tsx:25:13)

    console.log
      [Button] Props received: {
        variant: 'primary',
        size: 'lg',
        type: 'button',
        loading: false,
        disabled: undefined
      }

      at log (src/components/ui/Button.tsx:26:13)

    console.log
      [Button] Has onClick in props: false

      at log (src/components/ui/Button.tsx:27:13)

    console.log
      [Button] All props: {}

      at log (src/components/ui/Button.tsx:28:13)

    console.log
      [Button] Rendering with type: button

      at log (src/components/ui/Button.tsx:25:13)

    console.log
      [Button] Props received: {
        variant: 'primary',
        size: 'lg',
        type: 'button',
        loading: false,
        disabled: undefined
      }

      at log (src/components/ui/Button.tsx:26:13)

    console.log
      [Button] Has onClick in props: false

      at log (src/components/ui/Button.tsx:27:13)

    console.log
      [Button] All props: {}

      at log (src/components/ui/Button.tsx:28:13)

    console.log
      [Button] Rendering with type: button

      at log (src/components/ui/Button.tsx:25:13)

    console.log
      [Button] Props received: {
        variant: 'outline',
        size: 'md',
        type: 'button',
        loading: false,
        disabled: undefined
      }

      at log (src/components/ui/Button.tsx:26:13)

    console.log
      [Button] Has onClick in props: false

      at log (src/components/ui/Button.tsx:27:13)

    console.log
      [Button] All props: {}

      at log (src/components/ui/Button.tsx:28:13)

    console.log
      [Button] Rendering with type: button

      at log (src/components/ui/Button.tsx:25:13)

    console.log
      [Button] Props received: {
        variant: 'outline',
        size: 'md',
        type: 'button',
        loading: false,
        disabled: undefined
      }

      at log (src/components/ui/Button.tsx:26:13)

    console.log
      [Button] Has onClick in props: false

      at log (src/components/ui/Button.tsx:27:13)

    console.log
      [Button] All props: {}

      at log (src/components/ui/Button.tsx:28:13)

    console.log
      [Button] Rendering with type: button

      at log (src/components/ui/Button.tsx:25:13)

    console.log
      [Button] Props received: {
        variant: 'secondary',
        size: 'lg',
        type: 'button',
        loading: false,
        disabled: undefined
      }

      at log (src/components/ui/Button.tsx:26:13)

    console.log
      [Button] Has onClick in props: false

      at log (src/components/ui/Button.tsx:27:13)

    console.log
      [Button] All props: {}

      at log (src/components/ui/Button.tsx:28:13)

    console.log
      [Button] Rendering with type: button

      at log (src/components/ui/Button.tsx:25:13)

    console.log
      [Button] Props received: {
        variant: 'secondary',
        size: 'lg',
        type: 'button',
        loading: false,
        disabled: undefined
      }

      at log (src/components/ui/Button.tsx:26:13)

    console.log
      [Button] Has onClick in props: false

      at log (src/components/ui/Button.tsx:27:13)

    console.log
      [Button] All props: {}

      at log (src/components/ui/Button.tsx:28:13)

    console.log
      [Button] Rendering with type: button

      at log (src/components/ui/Button.tsx:25:13)

    console.log
      [Button] Props received: {
        variant: 'secondary',
        size: 'md',
        type: 'button',
        loading: false,
        disabled: undefined
      }

      at log (src/components/ui/Button.tsx:26:13)

    console.log
      [Button] Has onClick in props: false

      at log (src/components/ui/Button.tsx:27:13)

    console.log
      [Button] All props: {}

      at log (src/components/ui/Button.tsx:28:13)

    console.log
      [Button] Rendering with type: button

      at log (src/components/ui/Button.tsx:25:13)

    console.log
      [Button] Props received: {
        variant: 'secondary',
        size: 'md',
        type: 'button',
        loading: false,
        disabled: undefined
      }

      at log (src/components/ui/Button.tsx:26:13)

    console.log
      [Button] Has onClick in props: false

      at log (src/components/ui/Button.tsx:27:13)

    console.log
      [Button] All props: {}

      at log (src/components/ui/Button.tsx:28:13)

    console.log
      [Button] Rendering with type: button

      at log (src/components/ui/Button.tsx:25:13)

    console.log
      [Button] Props received: {
        variant: 'outline',
        size: 'md',
        type: 'button',
        loading: false,
        disabled: undefined
      }

      at log (src/components/ui/Button.tsx:26:13)

    console.log
      [Button] Has onClick in props: false

      at log (src/components/ui/Button.tsx:27:13)

    console.log
      [Button] All props: {}

      at log (src/components/ui/Button.tsx:28:13)

    console.log
      [Button] Rendering with type: button

      at log (src/components/ui/Button.tsx:25:13)

    console.log
      [Button] Props received: {
        variant: 'outline',
        size: 'md',
        type: 'button',
        loading: false,
        disabled: undefined
      }

      at log (src/components/ui/Button.tsx:26:13)

    console.log
      [Button] Has onClick in props: false

      at log (src/components/ui/Button.tsx:27:13)

    console.log
      [Button] All props: {}

      at log (src/components/ui/Button.tsx:28:13)

    console.log
      [Button] Rendering with type: button

      at log (src/components/ui/Button.tsx:25:13)

    console.log
      [Button] Props received: {
        variant: 'outline',
        size: 'lg',
        type: 'button',
        loading: false,
        disabled: undefined
      }

      at log (src/components/ui/Button.tsx:26:13)

    console.log
      [Button] Has onClick in props: false

      at log (src/components/ui/Button.tsx:27:13)

    console.log
      [Button] All props: {}

      at log (src/components/ui/Button.tsx:28:13)

    console.log
      [Button] Rendering with type: button

      at log (src/components/ui/Button.tsx:25:13)

    console.log
      [Button] Props received: {
        variant: 'outline',
        size: 'lg',
        type: 'button',
        loading: false,
        disabled: undefined
      }

      at log (src/components/ui/Button.tsx:26:13)

    console.log
      [Button] Has onClick in props: false

      at log (src/components/ui/Button.tsx:27:13)

    console.log
      [Button] All props: {}

      at log (src/components/ui/Button.tsx:28:13)

    console.log
      [Button] Rendering with type: button

      at log (src/components/ui/Button.tsx:25:13)

    console.log
      [Button] Props received: {
        variant: 'outline',
        size: 'lg',
        type: 'button',
        loading: false,
        disabled: undefined
      }

      at log (src/components/ui/Button.tsx:26:13)

    console.log
      [Button] Has onClick in props: false

      at log (src/components/ui/Button.tsx:27:13)

    console.log
      [Button] All props: {}

      at log (src/components/ui/Button.tsx:28:13)

    console.log
      [Button] Rendering with type: button

      at log (src/components/ui/Button.tsx:25:13)

    console.log
      [Button] Props received: {
        variant: 'outline',
        size: 'lg',
        type: 'button',
        loading: false,
        disabled: undefined
      }

      at log (src/components/ui/Button.tsx:26:13)

    console.log
      [Button] Has onClick in props: false

      at log (src/components/ui/Button.tsx:27:13)

    console.log
      [Button] All props: {}

      at log (src/components/ui/Button.tsx:28:13)

    console.log
      [Button] Rendering with type: button

      at log (src/components/ui/Button.tsx:25:13)

    console.log
      [Button] Props received: {
        variant: 'primary',
        size: 'lg',
        type: 'button',
        loading: false,
        disabled: undefined
      }

      at log (src/components/ui/Button.tsx:26:13)

    console.log
      [Button] Has onClick in props: false

      at log (src/components/ui/Button.tsx:27:13)

    console.log
      [Button] All props: {}

      at log (src/components/ui/Button.tsx:28:13)

    console.log
      [Button] Rendering with type: button

      at log (src/components/ui/Button.tsx:25:13)

    console.log
      [Button] Props received: {
        variant: 'primary',
        size: 'lg',
        type: 'button',
        loading: false,
        disabled: undefined
      }

      at log (src/components/ui/Button.tsx:26:13)

    console.log
      [Button] Has onClick in props: false

      at log (src/components/ui/Button.tsx:27:13)

    console.log
      [Button] All props: {}

      at log (src/components/ui/Button.tsx:28:13)

    console.log
      [Button] Rendering with type: button

      at log (src/components/ui/Button.tsx:25:13)

    console.log
      [Button] Props received: {
        variant: 'secondary',
        size: 'lg',
        type: 'button',
        loading: false,
        disabled: undefined
      }

      at log (src/components/ui/Button.tsx:26:13)

    console.log
      [Button] Has onClick in props: false

      at log (src/components/ui/Button.tsx:27:13)

    console.log
      [Button] All props: {}

      at log (src/components/ui/Button.tsx:28:13)

    console.log
      [Button] Rendering with type: button

      at log (src/components/ui/Button.tsx:25:13)

    console.log
      [Button] Props received: {
        variant: 'secondary',
        size: 'lg',
        type: 'button',
        loading: false,
        disabled: undefined
      }

      at log (src/components/ui/Button.tsx:26:13)

    console.log
      [Button] Has onClick in props: false

      at log (src/components/ui/Button.tsx:27:13)

    console.log
      [Button] All props: {}

      at log (src/components/ui/Button.tsx:28:13)

    console.log
      [Button] Rendering with type: button

      at log (src/components/ui/Button.tsx:25:13)

    console.log
      [Button] Props received: {
        variant: 'secondary',
        size: 'sm',
        type: 'button',
        loading: false,
        disabled: undefined
      }

      at log (src/components/ui/Button.tsx:26:13)

    console.log
      [Button] Has onClick in props: false

      at log (src/components/ui/Button.tsx:27:13)

    console.log
      [Button] All props: {}

      at log (src/components/ui/Button.tsx:28:13)

    console.log
      [Button] Rendering with type: button

      at log (src/components/ui/Button.tsx:25:13)

    console.log
      [Button] Props received: {
        variant: 'secondary',
        size: 'sm',
        type: 'button',
        loading: false,
        disabled: undefined
      }

      at log (src/components/ui/Button.tsx:26:13)

    console.log
      [Button] Has onClick in props: false

      at log (src/components/ui/Button.tsx:27:13)

    console.log
      [Button] All props: {}

      at log (src/components/ui/Button.tsx:28:13)

    console.log
      [Button] Rendering with type: button

      at log (src/components/ui/Button.tsx:25:13)

    console.log
      [Button] Props received: {
        variant: 'primary',
        size: 'sm',
        type: 'button',
        loading: false,
        disabled: undefined
      }

      at log (src/components/ui/Button.tsx:26:13)

    console.log
      [Button] Has onClick in props: false

      at log (src/components/ui/Button.tsx:27:13)

    console.log
      [Button] All props: {}

      at log (src/components/ui/Button.tsx:28:13)

    console.log
      [Button] Rendering with type: button

      at log (src/components/ui/Button.tsx:25:13)

    console.log
      [Button] Props received: {
        variant: 'primary',
        size: 'sm',
        type: 'button',
        loading: false,
        disabled: undefined
      }

      at log (src/components/ui/Button.tsx:26:13)

    console.log
      [Button] Has onClick in props: false

      at log (src/components/ui/Button.tsx:27:13)

    console.log
      [Button] All props: {}

      at log (src/components/ui/Button.tsx:28:13)

    console.log
      [Button] Rendering with type: button

      at log (src/components/ui/Button.tsx:25:13)

    console.log
      [Button] Props received: {
        variant: 'primary',
        size: 'lg',
        type: 'button',
        loading: false,
        disabled: undefined
      }

      at log (src/components/ui/Button.tsx:26:13)

    console.log
      [Button] Has onClick in props: false

      at log (src/components/ui/Button.tsx:27:13)

    console.log
      [Button] All props: {}

      at log (src/components/ui/Button.tsx:28:13)

    console.log
      [Button] Rendering with type: button

      at log (src/components/ui/Button.tsx:25:13)

    console.log
      [Button] Props received: {
        variant: 'primary',
        size: 'lg',
        type: 'button',
        loading: false,
        disabled: undefined
      }

      at log (src/components/ui/Button.tsx:26:13)

    console.log
      [Button] Has onClick in props: false

      at log (src/components/ui/Button.tsx:27:13)

    console.log
      [Button] All props: {}

      at log (src/components/ui/Button.tsx:28:13)

    console.log
      [Button] Rendering with type: button

      at log (src/components/ui/Button.tsx:25:13)

    console.log
      [Button] Props received: {
        variant: 'outline',
        size: 'md',
        type: 'button',
        loading: false,
        disabled: undefined
      }

      at log (src/components/ui/Button.tsx:26:13)

    console.log
      [Button] Has onClick in props: false

      at log (src/components/ui/Button.tsx:27:13)

    console.log
      [Button] All props: {}

      at log (src/components/ui/Button.tsx:28:13)

    console.log
      [Button] Rendering with type: button

      at log (src/components/ui/Button.tsx:25:13)

    console.log
      [Button] Props received: {
        variant: 'outline',
        size: 'md',
        type: 'button',
        loading: false,
        disabled: undefined
      }

      at log (src/components/ui/Button.tsx:26:13)

    console.log
      [Button] Has onClick in props: false

      at log (src/components/ui/Button.tsx:27:13)

    console.log
      [Button] All props: {}

      at log (src/components/ui/Button.tsx:28:13)

    console.log
      [Button] Rendering with type: button

      at log (src/components/ui/Button.tsx:25:13)

    console.log
      [Button] Props received: {
        variant: 'primary',
        size: 'lg',
        type: 'button',
        loading: false,
        disabled: undefined
      }

      at log (src/components/ui/Button.tsx:26:13)

    console.log
      [Button] Has onClick in props: false

      at log (src/components/ui/Button.tsx:27:13)

    console.log
      [Button] All props: {}

      at log (src/components/ui/Button.tsx:28:13)

    console.log
      [Button] Rendering with type: button

      at log (src/components/ui/Button.tsx:25:13)

    console.log
      [Button] Props received: {
        variant: 'primary',
        size: 'lg',
        type: 'button',
        loading: false,
        disabled: undefined
      }

      at log (src/components/ui/Button.tsx:26:13)

    console.log
      [Button] Has onClick in props: false

      at log (src/components/ui/Button.tsx:27:13)

    console.log
      [Button] All props: {}

      at log (src/components/ui/Button.tsx:28:13)

    console.log
      [Button] Rendering with type: button

      at log (src/components/ui/Button.tsx:25:13)

    console.log
      [Button] Props received: {
        variant: 'secondary',
        size: 'sm',
        type: 'button',
        loading: false,
        disabled: undefined
      }

      at log (src/components/ui/Button.tsx:26:13)

    console.log
      [Button] Has onClick in props: false

      at log (src/components/ui/Button.tsx:27:13)

    console.log
      [Button] All props: {}

      at log (src/components/ui/Button.tsx:28:13)

    console.log
      [Button] Rendering with type: button

      at log (src/components/ui/Button.tsx:25:13)

    console.log
      [Button] Props received: {
        variant: 'secondary',
        size: 'sm',
        type: 'button',
        loading: false,
        disabled: undefined
      }

      at log (src/components/ui/Button.tsx:26:13)

    console.log
      [Button] Has onClick in props: false

      at log (src/components/ui/Button.tsx:27:13)

    console.log
      [Button] All props: {}

      at log (src/components/ui/Button.tsx:28:13)

    console.log
      [Button] Rendering with type: button

      at log (src/components/ui/Button.tsx:25:13)

    console.log
      [Button] Props received: {
        variant: 'secondary',
        size: 'sm',
        type: 'button',
        loading: false,
        disabled: undefined
      }

      at log (src/components/ui/Button.tsx:26:13)

    console.log
      [Button] Has onClick in props: false

      at log (src/components/ui/Button.tsx:27:13)

    console.log
      [Button] All props: {}

      at log (src/components/ui/Button.tsx:28:13)

    console.log
      [Button] Rendering with type: button

      at log (src/components/ui/Button.tsx:25:13)

    console.log
      [Button] Props received: {
        variant: 'secondary',
        size: 'sm',
        type: 'button',
        loading: false,
        disabled: undefined
      }

      at log (src/components/ui/Button.tsx:26:13)

    console.log
      [Button] Has onClick in props: false

      at log (src/components/ui/Button.tsx:27:13)

    console.log
      [Button] All props: {}

      at log (src/components/ui/Button.tsx:28:13)

    console.log
      [Button] Rendering with type: button

      at log (src/components/ui/Button.tsx:25:13)

    console.log
      [Button] Props received: {
        variant: 'outline',
        size: 'sm',
        type: 'button',
        loading: false,
        disabled: undefined
      }

      at log (src/components/ui/Button.tsx:26:13)

    console.log
      [Button] Has onClick in props: false

      at log (src/components/ui/Button.tsx:27:13)

    console.log
      [Button] All props: {}

      at log (src/components/ui/Button.tsx:28:13)

    console.log
      [Button] Rendering with type: button

      at log (src/components/ui/Button.tsx:25:13)

    console.log
      [Button] Props received: {
        variant: 'outline',
        size: 'sm',
        type: 'button',
        loading: false,
        disabled: undefined
      }

      at log (src/components/ui/Button.tsx:26:13)

    console.log
      [Button] Has onClick in props: false

      at log (src/components/ui/Button.tsx:27:13)

    console.log
      [Button] All props: {}

      at log (src/components/ui/Button.tsx:28:13)

    console.log
      [Button] Rendering with type: button

      at log (src/components/ui/Button.tsx:25:13)

    console.log
      [Button] Props received: {
        variant: 'secondary',
        size: 'md',
        type: 'button',
        loading: false,
        disabled: undefined
      }

      at log (src/components/ui/Button.tsx:26:13)

    console.log
      [Button] Has onClick in props: false

      at log (src/components/ui/Button.tsx:27:13)

    console.log
      [Button] All props: {}

      at log (src/components/ui/Button.tsx:28:13)

    console.log
      [Button] Rendering with type: button

      at log (src/components/ui/Button.tsx:25:13)

    console.log
      [Button] Props received: {
        variant: 'secondary',
        size: 'md',
        type: 'button',
        loading: false,
        disabled: undefined
      }

      at log (src/components/ui/Button.tsx:26:13)

    console.log
      [Button] Has onClick in props: false

      at log (src/components/ui/Button.tsx:27:13)

    console.log
      [Button] All props: {}

      at log (src/components/ui/Button.tsx:28:13)

    console.log
      [Button] Rendering with type: button

      at log (src/components/ui/Button.tsx:25:13)

    console.log
      [Button] Props received: {
        variant: 'secondary',
        size: 'lg',
        type: 'button',
        loading: false,
        disabled: undefined
      }

      at log (src/components/ui/Button.tsx:26:13)

    console.log
      [Button] Has onClick in props: false

      at log (src/components/ui/Button.tsx:27:13)

    console.log
      [Button] All props: {}

      at log (src/components/ui/Button.tsx:28:13)

    console.log
      [Button] Rendering with type: button

      at log (src/components/ui/Button.tsx:25:13)

    console.log
      [Button] Props received: {
        variant: 'secondary',
        size: 'lg',
        type: 'button',
        loading: false,
        disabled: undefined
      }

      at log (src/components/ui/Button.tsx:26:13)

    console.log
      [Button] Has onClick in props: false

      at log (src/components/ui/Button.tsx:27:13)

    console.log
      [Button] All props: {}

      at log (src/components/ui/Button.tsx:28:13)

    console.log
      [Button] Rendering with type: button

      at log (src/components/ui/Button.tsx:25:13)

    console.log
      [Button] Props received: {
        variant: 'primary',
        size: 'md',
        type: 'button',
        loading: false,
        disabled: undefined
      }

      at log (src/components/ui/Button.tsx:26:13)

    console.log
      [Button] Has onClick in props: false

      at log (src/components/ui/Button.tsx:27:13)

    console.log
      [Button] All props: {}

      at log (src/components/ui/Button.tsx:28:13)

    console.log
      [Button] Rendering with type: button

      at log (src/components/ui/Button.tsx:25:13)

    console.log
      [Button] Props received: {
        variant: 'primary',
        size: 'md',
        type: 'button',
        loading: false,
        disabled: undefined
      }

      at log (src/components/ui/Button.tsx:26:13)

    console.log
      [Button] Has onClick in props: false

      at log (src/components/ui/Button.tsx:27:13)

    console.log
      [Button] All props: {}

      at log (src/components/ui/Button.tsx:28:13)

    console.log
      [Button] Rendering with type: button

      at log (src/components/ui/Button.tsx:25:13)

    console.log
      [Button] Props received: {
        variant: 'outline',
        size: 'sm',
        type: 'button',
        loading: false,
        disabled: undefined
      }

      at log (src/components/ui/Button.tsx:26:13)

    console.log
      [Button] Has onClick in props: false

      at log (src/components/ui/Button.tsx:27:13)

    console.log
      [Button] All props: {}

      at log (src/components/ui/Button.tsx:28:13)

    console.log
      [Button] Rendering with type: button

      at log (src/components/ui/Button.tsx:25:13)

    console.log
      [Button] Props received: {
        variant: 'outline',
        size: 'sm',
        type: 'button',
        loading: false,
        disabled: undefined
      }

      at log (src/components/ui/Button.tsx:26:13)

    console.log
      [Button] Has onClick in props: false

      at log (src/components/ui/Button.tsx:27:13)

    console.log
      [Button] All props: {}

      at log (src/components/ui/Button.tsx:28:13)

    console.log
      [Button] Rendering with type: button

      at log (src/components/ui/Button.tsx:25:13)

    console.log
      [Button] Props received: {
        variant: 'primary',
        size: 'lg',
        type: 'button',
        loading: false,
        disabled: undefined
      }

      at log (src/components/ui/Button.tsx:26:13)

    console.log
      [Button] Has onClick in props: false

      at log (src/components/ui/Button.tsx:27:13)

    console.log
      [Button] All props: {}

      at log (src/components/ui/Button.tsx:28:13)

    console.log
      [Button] Rendering with type: button

      at log (src/components/ui/Button.tsx:25:13)

    console.log
      [Button] Props received: {
        variant: 'primary',
        size: 'lg',
        type: 'button',
        loading: false,
        disabled: undefined
      }

      at log (src/components/ui/Button.tsx:26:13)

    console.log
      [Button] Has onClick in props: false

      at log (src/components/ui/Button.tsx:27:13)

    console.log
      [Button] All props: {}

      at log (src/components/ui/Button.tsx:28:13)

    console.log
      [Button] Rendering with type: button

      at log (src/components/ui/Button.tsx:25:13)

    console.log
      [Button] Props received: {
        variant: 'outline',
        size: 'lg',
        type: 'button',
        loading: false,
        disabled: undefined
      }

      at log (src/components/ui/Button.tsx:26:13)

    console.log
      [Button] Has onClick in props: false

      at log (src/components/ui/Button.tsx:27:13)

    console.log
      [Button] All props: {}

      at log (src/components/ui/Button.tsx:28:13)

    console.log
      [Button] Rendering with type: button

      at log (src/components/ui/Button.tsx:25:13)

    console.log
      [Button] Props received: {
        variant: 'outline',
        size: 'lg',
        type: 'button',
        loading: false,
        disabled: undefined
      }

      at log (src/components/ui/Button.tsx:26:13)

    console.log
      [Button] Has onClick in props: false

      at log (src/components/ui/Button.tsx:27:13)

    console.log
      [Button] All props: {}

      at log (src/components/ui/Button.tsx:28:13)

    console.log
      [Button] Rendering with type: button

      at log (src/components/ui/Button.tsx:25:13)

    console.log
      [Button] Props received: {
        variant: 'primary',
        size: 'sm',
        type: 'button',
        loading: false,
        disabled: undefined
      }

      at log (src/components/ui/Button.tsx:26:13)

    console.log
      [Button] Has onClick in props: false

      at log (src/components/ui/Button.tsx:27:13)

    console.log
      [Button] All props: {}

      at log (src/components/ui/Button.tsx:28:13)

    console.log
      [Button] Rendering with type: button

      at log (src/components/ui/Button.tsx:25:13)

    console.log
      [Button] Props received: {
        variant: 'primary',
        size: 'sm',
        type: 'button',
        loading: false,
        disabled: undefined
      }

      at log (src/components/ui/Button.tsx:26:13)

    console.log
      [Button] Has onClick in props: false

      at log (src/components/ui/Button.tsx:27:13)

    console.log
      [Button] All props: {}

      at log (src/components/ui/Button.tsx:28:13)

    console.log
      [Button] Rendering with type: button

      at log (src/components/ui/Button.tsx:25:13)

    console.log
      [Button] Props received: {
        variant: 'primary',
        size: 'sm',
        type: 'button',
        loading: false,
        disabled: undefined
      }

      at log (src/components/ui/Button.tsx:26:13)

    console.log
      [Button] Has onClick in props: false

      at log (src/components/ui/Button.tsx:27:13)

    console.log
      [Button] All props: {}

      at log (src/components/ui/Button.tsx:28:13)

    console.log
      [Button] Rendering with type: button

      at log (src/components/ui/Button.tsx:25:13)

    console.log
      [Button] Props received: {
        variant: 'primary',
        size: 'sm',
        type: 'button',
        loading: false,
        disabled: undefined
      }

      at log (src/components/ui/Button.tsx:26:13)

    console.log
      [Button] Has onClick in props: false

      at log (src/components/ui/Button.tsx:27:13)

    console.log
      [Button] All props: {}

      at log (src/components/ui/Button.tsx:28:13)

    console.log
      [Button] Rendering with type: button

      at log (src/components/ui/Button.tsx:25:13)

    console.log
      [Button] Props received: {
        variant: 'primary',
        size: 'md',
        type: 'button',
        loading: false,
        disabled: undefined
      }

      at log (src/components/ui/Button.tsx:26:13)

    console.log
      [Button] Has onClick in props: false

      at log (src/components/ui/Button.tsx:27:13)

    console.log
      [Button] All props: {}

      at log (src/components/ui/Button.tsx:28:13)

    console.log
      [Button] Rendering with type: button

      at log (src/components/ui/Button.tsx:25:13)

    console.log
      [Button] Props received: {
        variant: 'primary',
        size: 'md',
        type: 'button',
        loading: false,
        disabled: undefined
      }

      at log (src/components/ui/Button.tsx:26:13)

    console.log
      [Button] Has onClick in props: false

      at log (src/components/ui/Button.tsx:27:13)

    console.log
      [Button] All props: {}

      at log (src/components/ui/Button.tsx:28:13)

    console.log
      [Button] Rendering with type: button

      at log (src/components/ui/Button.tsx:25:13)

    console.log
      [Button] Props received: {
        variant: 'secondary',
        size: 'md',
        type: 'button',
        loading: false,
        disabled: undefined
      }

      at log (src/components/ui/Button.tsx:26:13)

    console.log
      [Button] Has onClick in props: false

      at log (src/components/ui/Button.tsx:27:13)

    console.log
      [Button] All props: {}

      at log (src/components/ui/Button.tsx:28:13)

    console.log
      [Button] Rendering with type: button

      at log (src/components/ui/Button.tsx:25:13)

    console.log
      [Button] Props received: {
        variant: 'secondary',
        size: 'md',
        type: 'button',
        loading: false,
        disabled: undefined
      }

      at log (src/components/ui/Button.tsx:26:13)

    console.log
      [Button] Has onClick in props: false

      at log (src/components/ui/Button.tsx:27:13)

    console.log
      [Button] All props: {}

      at log (src/components/ui/Button.tsx:28:13)

    console.log
      [Button] Rendering with type: button

      at log (src/components/ui/Button.tsx:25:13)

    console.log
      [Button] Props received: {
        variant: 'secondary',
        size: 'sm',
        type: 'button',
        loading: false,
        disabled: undefined
      }

      at log (src/components/ui/Button.tsx:26:13)

    console.log
      [Button] Has onClick in props: false

      at log (src/components/ui/Button.tsx:27:13)

    console.log
      [Button] All props: {}

      at log (src/components/ui/Button.tsx:28:13)

    console.log
      [Button] Rendering with type: button

      at log (src/components/ui/Button.tsx:25:13)

    console.log
      [Button] Props received: {
        variant: 'secondary',
        size: 'sm',
        type: 'button',
        loading: false,
        disabled: undefined
      }

      at log (src/components/ui/Button.tsx:26:13)

    console.log
      [Button] Has onClick in props: false

      at log (src/components/ui/Button.tsx:27:13)

    console.log
      [Button] All props: {}

      at log (src/components/ui/Button.tsx:28:13)

    console.log
      [Button] Rendering with type: button

      at log (src/components/ui/Button.tsx:25:13)

    console.log
      [Button] Props received: {
        variant: 'primary',
        size: 'lg',
        type: 'button',
        loading: false,
        disabled: undefined
      }

      at log (src/components/ui/Button.tsx:26:13)

    console.log
      [Button] Has onClick in props: false

      at log (src/components/ui/Button.tsx:27:13)

    console.log
      [Button] All props: {}

      at log (src/components/ui/Button.tsx:28:13)

    console.log
      [Button] Rendering with type: button

      at log (src/components/ui/Button.tsx:25:13)

    console.log
      [Button] Props received: {
        variant: 'primary',
        size: 'lg',
        type: 'button',
        loading: false,
        disabled: undefined
      }

      at log (src/components/ui/Button.tsx:26:13)

    console.log
      [Button] Has onClick in props: false

      at log (src/components/ui/Button.tsx:27:13)

    console.log
      [Button] All props: {}

      at log (src/components/ui/Button.tsx:28:13)

    console.log
      [Button] Rendering with type: button

      at log (src/components/ui/Button.tsx:25:13)

    console.log
      [Button] Props received: {
        variant: 'outline',
        size: 'md',
        type: 'button',
        loading: false,
        disabled: undefined
      }

      at log (src/components/ui/Button.tsx:26:13)

    console.log
      [Button] Has onClick in props: false

      at log (src/components/ui/Button.tsx:27:13)

    console.log
      [Button] All props: {}

      at log (src/components/ui/Button.tsx:28:13)

    console.log
      [Button] Rendering with type: button

      at log (src/components/ui/Button.tsx:25:13)

    console.log
      [Button] Props received: {
        variant: 'outline',
        size: 'md',
        type: 'button',
        loading: false,
        disabled: undefined
      }

      at log (src/components/ui/Button.tsx:26:13)

    console.log
      [Button] Has onClick in props: false

      at log (src/components/ui/Button.tsx:27:13)

    console.log
      [Button] All props: {}

      at log (src/components/ui/Button.tsx:28:13)

    console.log
      [Button] Rendering with type: button

      at log (src/components/ui/Button.tsx:25:13)

    console.log
      [Button] Props received: {
        variant: 'outline',
        size: 'md',
        type: 'button',
        loading: false,
        disabled: undefined
      }

      at log (src/components/ui/Button.tsx:26:13)

    console.log
      [Button] Has onClick in props: false

      at log (src/components/ui/Button.tsx:27:13)

    console.log
      [Button] All props: {}

      at log (src/components/ui/Button.tsx:28:13)

    console.log
      [Button] Rendering with type: button

      at log (src/components/ui/Button.tsx:25:13)

    console.log
      [Button] Props received: {
        variant: 'outline',
        size: 'md',
        type: 'button',
        loading: false,
        disabled: undefined
      }

      at log (src/components/ui/Button.tsx:26:13)

    console.log
      [Button] Has onClick in props: false

      at log (src/components/ui/Button.tsx:27:13)

    console.log
      [Button] All props: {}

      at log (src/components/ui/Button.tsx:28:13)

    console.log
      [Button] Rendering with type: button

      at log (src/components/ui/Button.tsx:25:13)

    console.log
      [Button] Props received: {
        variant: 'primary',
        size: 'md',
        type: 'button',
        loading: false,
        disabled: undefined
      }

      at log (src/components/ui/Button.tsx:26:13)

    console.log
      [Button] Has onClick in props: false

      at log (src/components/ui/Button.tsx:27:13)

    console.log
      [Button] All props: {}

      at log (src/components/ui/Button.tsx:28:13)

    console.log
      [Button] Rendering with type: button

      at log (src/components/ui/Button.tsx:25:13)

    console.log
      [Button] Props received: {
        variant: 'primary',
        size: 'md',
        type: 'button',
        loading: false,
        disabled: undefined
      }

      at log (src/components/ui/Button.tsx:26:13)

    console.log
      [Button] Has onClick in props: false

      at log (src/components/ui/Button.tsx:27:13)

    console.log
      [Button] All props: {}

      at log (src/components/ui/Button.tsx:28:13)

    console.log
      [Button] Rendering with type: button

      at log (src/components/ui/Button.tsx:25:13)

    console.log
      [Button] Props received: {
        variant: 'secondary',
        size: 'md',
        type: 'button',
        loading: false,
        disabled: undefined
      }

      at log (src/components/ui/Button.tsx:26:13)

    console.log
      [Button] Has onClick in props: false

      at log (src/components/ui/Button.tsx:27:13)

    console.log
      [Button] All props: {}

      at log (src/components/ui/Button.tsx:28:13)

    console.log
      [Button] Rendering with type: button

      at log (src/components/ui/Button.tsx:25:13)

    console.log
      [Button] Props received: {
        variant: 'secondary',
        size: 'md',
        type: 'button',
        loading: false,
        disabled: undefined
      }

      at log (src/components/ui/Button.tsx:26:13)

    console.log
      [Button] Has onClick in props: false

      at log (src/components/ui/Button.tsx:27:13)

    console.log
      [Button] All props: {}

      at log (src/components/ui/Button.tsx:28:13)

    console.log
      [Button] Rendering with type: button

      at log (src/components/ui/Button.tsx:25:13)

    console.log
      [Button] Props received: {
        variant: 'primary',
        size: 'sm',
        type: 'button',
        loading: false,
        disabled: undefined
      }

      at log (src/components/ui/Button.tsx:26:13)

    console.log
      [Button] Has onClick in props: false

      at log (src/components/ui/Button.tsx:27:13)

    console.log
      [Button] All props: {}

      at log (src/components/ui/Button.tsx:28:13)

    console.log
      [Button] Rendering with type: button

      at log (src/components/ui/Button.tsx:25:13)

    console.log
      [Button] Props received: {
        variant: 'primary',
        size: 'sm',
        type: 'button',
        loading: false,
        disabled: undefined
      }

      at log (src/components/ui/Button.tsx:26:13)

    console.log
      [Button] Has onClick in props: false

      at log (src/components/ui/Button.tsx:27:13)

    console.log
      [Button] All props: {}

      at log (src/components/ui/Button.tsx:28:13)

    console.log
      [Button] Rendering with type: button

      at log (src/components/ui/Button.tsx:25:13)

    console.log
      [Button] Props received: {
        variant: 'outline',
        size: 'sm',
        type: 'button',
        loading: false,
        disabled: undefined
      }

      at log (src/components/ui/Button.tsx:26:13)

    console.log
      [Button] Has onClick in props: false

      at log (src/components/ui/Button.tsx:27:13)

    console.log
      [Button] All props: {}

      at log (src/components/ui/Button.tsx:28:13)

    console.log
      [Button] Rendering with type: button

      at log (src/components/ui/Button.tsx:25:13)

    console.log
      [Button] Props received: {
        variant: 'outline',
        size: 'sm',
        type: 'button',
        loading: false,
        disabled: undefined
      }

      at log (src/components/ui/Button.tsx:26:13)

    console.log
      [Button] Has onClick in props: false

      at log (src/components/ui/Button.tsx:27:13)

    console.log
      [Button] All props: {}

      at log (src/components/ui/Button.tsx:28:13)

    console.log
      [Button] Rendering with type: button

      at log (src/components/ui/Button.tsx:25:13)

    console.log
      [Button] Props received: {
        variant: 'primary',
        size: 'md',
        type: 'button',
        loading: false,
        disabled: undefined
      }

      at log (src/components/ui/Button.tsx:26:13)

    console.log
      [Button] Has onClick in props: false

      at log (src/components/ui/Button.tsx:27:13)

    console.log
      [Button] All props: {}

      at log (src/components/ui/Button.tsx:28:13)

    console.log
      [Button] Rendering with type: button

      at log (src/components/ui/Button.tsx:25:13)

    console.log
      [Button] Props received: {
        variant: 'primary',
        size: 'md',
        type: 'button',
        loading: false,
        disabled: undefined
      }

      at log (src/components/ui/Button.tsx:26:13)

    console.log
      [Button] Has onClick in props: false

      at log (src/components/ui/Button.tsx:27:13)

    console.log
      [Button] All props: {}

      at log (src/components/ui/Button.tsx:28:13)

    console.log
      [Button] Rendering with type: button

      at log (src/components/ui/Button.tsx:25:13)

    console.log
      [Button] Props received: {
        variant: 'primary',
        size: 'lg',
        type: 'button',
        loading: false,
        disabled: undefined
      }

      at log (src/components/ui/Button.tsx:26:13)

    console.log
      [Button] Has onClick in props: false

      at log (src/components/ui/Button.tsx:27:13)

    console.log
      [Button] All props: {}

      at log (src/components/ui/Button.tsx:28:13)

    console.log
      [Button] Rendering with type: button

      at log (src/components/ui/Button.tsx:25:13)

    console.log
      [Button] Props received: {
        variant: 'primary',
        size: 'lg',
        type: 'button',
        loading: false,
        disabled: undefined
      }

      at log (src/components/ui/Button.tsx:26:13)

    console.log
      [Button] Has onClick in props: false

      at log (src/components/ui/Button.tsx:27:13)

    console.log
      [Button] All props: {}

      at log (src/components/ui/Button.tsx:28:13)

    console.log
      [Button] Rendering with type: button

      at log (src/components/ui/Button.tsx:25:13)

    console.log
      [Button] Props received: {
        variant: 'secondary',
        size: 'md',
        type: 'button',
        loading: false,
        disabled: undefined
      }

      at log (src/components/ui/Button.tsx:26:13)

    console.log
      [Button] Has onClick in props: false

      at log (src/components/ui/Button.tsx:27:13)

    console.log
      [Button] All props: {}

      at log (src/components/ui/Button.tsx:28:13)

    console.log
      [Button] Rendering with type: button

      at log (src/components/ui/Button.tsx:25:13)

    console.log
      [Button] Props received: {
        variant: 'secondary',
        size: 'md',
        type: 'button',
        loading: false,
        disabled: undefined
      }

      at log (src/components/ui/Button.tsx:26:13)

    console.log
      [Button] Has onClick in props: false

      at log (src/components/ui/Button.tsx:27:13)

    console.log
      [Button] All props: {}

      at log (src/components/ui/Button.tsx:28:13)

    console.log
      [Button] Rendering with type: button

      at log (src/components/ui/Button.tsx:25:13)

    console.log
      [Button] Props received: {
        variant: 'outline',
        size: 'lg',
        type: 'button',
        loading: false,
        disabled: undefined
      }

      at log (src/components/ui/Button.tsx:26:13)

    console.log
      [Button] Has onClick in props: false

      at log (src/components/ui/Button.tsx:27:13)

    console.log
      [Button] All props: {}

      at log (src/components/ui/Button.tsx:28:13)

    console.log
      [Button] Rendering with type: button

      at log (src/components/ui/Button.tsx:25:13)

    console.log
      [Button] Props received: {
        variant: 'outline',
        size: 'lg',
        type: 'button',
        loading: false,
        disabled: undefined
      }

      at log (src/components/ui/Button.tsx:26:13)

    console.log
      [Button] Has onClick in props: false

      at log (src/components/ui/Button.tsx:27:13)

    console.log
      [Button] All props: {}

      at log (src/components/ui/Button.tsx:28:13)

    console.log
      [Button] Rendering with type: button

      at log (src/components/ui/Button.tsx:25:13)

    console.log
      [Button] Props received: {
        variant: 'primary',
        size: 'lg',
        type: 'button',
        loading: false,
        disabled: undefined
      }

      at log (src/components/ui/Button.tsx:26:13)

    console.log
      [Button] Has onClick in props: false

      at log (src/components/ui/Button.tsx:27:13)

    console.log
      [Button] All props: {}

      at log (src/components/ui/Button.tsx:28:13)

    console.log
      [Button] Rendering with type: button

      at log (src/components/ui/Button.tsx:25:13)

    console.log
      [Button] Props received: {
        variant: 'primary',
        size: 'lg',
        type: 'button',
        loading: false,
        disabled: undefined
      }

      at log (src/components/ui/Button.tsx:26:13)

    console.log
      [Button] Has onClick in props: false

      at log (src/components/ui/Button.tsx:27:13)

    console.log
      [Button] All props: {}

      at log (src/components/ui/Button.tsx:28:13)

    console.log
      [Button] Rendering with type: button

      at log (src/components/ui/Button.tsx:25:13)

    console.log
      [Button] Props received: {
        variant: 'primary',
        size: 'sm',
        type: 'button',
        loading: false,
        disabled: undefined
      }

      at log (src/components/ui/Button.tsx:26:13)

    console.log
      [Button] Has onClick in props: false

      at log (src/components/ui/Button.tsx:27:13)

    console.log
      [Button] All props: {}

      at log (src/components/ui/Button.tsx:28:13)

    console.log
      [Button] Rendering with type: button

      at log (src/components/ui/Button.tsx:25:13)

    console.log
      [Button] Props received: {
        variant: 'primary',
        size: 'sm',
        type: 'button',
        loading: false,
        disabled: undefined
      }

      at log (src/components/ui/Button.tsx:26:13)

    console.log
      [Button] Has onClick in props: false

      at log (src/components/ui/Button.tsx:27:13)

    console.log
      [Button] All props: {}

      at log (src/components/ui/Button.tsx:28:13)

    console.log
      [Button] Rendering with type: button

      at log (src/components/ui/Button.tsx:25:13)

    console.log
      [Button] Props received: {
        variant: 'outline',
        size: 'md',
        type: 'button',
        loading: false,
        disabled: undefined
      }

      at log (src/components/ui/Button.tsx:26:13)

    console.log
      [Button] Has onClick in props: false

      at log (src/components/ui/Button.tsx:27:13)

    console.log
      [Button] All props: {}

      at log (src/components/ui/Button.tsx:28:13)

    console.log
      [Button] Rendering with type: button

      at log (src/components/ui/Button.tsx:25:13)

    console.log
      [Button] Props received: {
        variant: 'outline',
        size: 'md',
        type: 'button',
        loading: false,
        disabled: undefined
      }

      at log (src/components/ui/Button.tsx:26:13)

    console.log
      [Button] Has onClick in props: false

      at log (src/components/ui/Button.tsx:27:13)

    console.log
      [Button] All props: {}

      at log (src/components/ui/Button.tsx:28:13)

    console.log
      [Button] Rendering with type: button

      at log (src/components/ui/Button.tsx:25:13)

    console.log
      [Button] Props received: {
        variant: 'outline',
        size: 'lg',
        type: 'button',
        loading: false,
        disabled: undefined
      }

      at log (src/components/ui/Button.tsx:26:13)

    console.log
      [Button] Has onClick in props: false

      at log (src/components/ui/Button.tsx:27:13)

    console.log
      [Button] All props: {}

      at log (src/components/ui/Button.tsx:28:13)

    console.log
      [Button] Rendering with type: button

      at log (src/components/ui/Button.tsx:25:13)

    console.log
      [Button] Props received: {
        variant: 'outline',
        size: 'lg',
        type: 'button',
        loading: false,
        disabled: undefined
      }

      at log (src/components/ui/Button.tsx:26:13)

    console.log
      [Button] Has onClick in props: false

      at log (src/components/ui/Button.tsx:27:13)

    console.log
      [Button] All props: {}

      at log (src/components/ui/Button.tsx:28:13)

    console.log
      [Button] Rendering with type: button

      at log (src/components/ui/Button.tsx:25:13)

    console.log
      [Button] Props received: {
        variant: 'primary',
        size: 'lg',
        type: 'button',
        loading: false,
        disabled: undefined
      }

      at log (src/components/ui/Button.tsx:26:13)

    console.log
      [Button] Has onClick in props: false

      at log (src/components/ui/Button.tsx:27:13)

    console.log
      [Button] All props: {}

      at log (src/components/ui/Button.tsx:28:13)

    console.log
      [Button] Rendering with type: button

      at log (src/components/ui/Button.tsx:25:13)

    console.log
      [Button] Props received: {
        variant: 'primary',
        size: 'lg',
        type: 'button',
        loading: false,
        disabled: undefined
      }

      at log (src/components/ui/Button.tsx:26:13)

    console.log
      [Button] Has onClick in props: false

      at log (src/components/ui/Button.tsx:27:13)

    console.log
      [Button] All props: {}

      at log (src/components/ui/Button.tsx:28:13)

    console.log
      [Button] Rendering with type: button

      at log (src/components/ui/Button.tsx:25:13)

    console.log
      [Button] Props received: {
        variant: 'secondary',
        size: 'sm',
        type: 'button',
        loading: false,
        disabled: undefined
      }

      at log (src/components/ui/Button.tsx:26:13)

    console.log
      [Button] Has onClick in props: false

      at log (src/components/ui/Button.tsx:27:13)

    console.log
      [Button] All props: {}

      at log (src/components/ui/Button.tsx:28:13)

    console.log
      [Button] Rendering with type: button

      at log (src/components/ui/Button.tsx:25:13)

    console.log
      [Button] Props received: {
        variant: 'secondary',
        size: 'sm',
        type: 'button',
        loading: false,
        disabled: undefined
      }

      at log (src/components/ui/Button.tsx:26:13)

    console.log
      [Button] Has onClick in props: false

      at log (src/components/ui/Button.tsx:27:13)

    console.log
      [Button] All props: {}

      at log (src/components/ui/Button.tsx:28:13)

    console.log
      [Button] Rendering with type: button

      at log (src/components/ui/Button.tsx:25:13)

    console.log
      [Button] Props received: {
        variant: 'primary',
        size: 'md',
        type: 'button',
        loading: false,
        disabled: undefined
      }

      at log (src/components/ui/Button.tsx:26:13)

    console.log
      [Button] Has onClick in props: false

      at log (src/components/ui/Button.tsx:27:13)

    console.log
      [Button] All props: {}

      at log (src/components/ui/Button.tsx:28:13)

    console.log
      [Button] Rendering with type: button

      at log (src/components/ui/Button.tsx:25:13)

    console.log
      [Button] Props received: {
        variant: 'primary',
        size: 'md',
        type: 'button',
        loading: false,
        disabled: undefined
      }

      at log (src/components/ui/Button.tsx:26:13)

    console.log
      [Button] Has onClick in props: false

      at log (src/components/ui/Button.tsx:27:13)

    console.log
      [Button] All props: {}

      at log (src/components/ui/Button.tsx:28:13)

    console.log
      [Button] Rendering with type: button

      at log (src/components/ui/Button.tsx:25:13)

    console.log
      [Button] Props received: {
        variant: 'primary',
        size: 'sm',
        type: 'button',
        loading: false,
        disabled: undefined
      }

      at log (src/components/ui/Button.tsx:26:13)

    console.log
      [Button] Has onClick in props: false

      at log (src/components/ui/Button.tsx:27:13)

    console.log
      [Button] All props: {}

      at log (src/components/ui/Button.tsx:28:13)

    console.log
      [Button] Rendering with type: button

      at log (src/components/ui/Button.tsx:25:13)

    console.log
      [Button] Props received: {
        variant: 'primary',
        size: 'sm',
        type: 'button',
        loading: false,
        disabled: undefined
      }

      at log (src/components/ui/Button.tsx:26:13)

    console.log
      [Button] Has onClick in props: false

      at log (src/components/ui/Button.tsx:27:13)

    console.log
      [Button] All props: {}

      at log (src/components/ui/Button.tsx:28:13)

    console.log
      [Button] Rendering with type: button

      at log (src/components/ui/Button.tsx:25:13)

    console.log
      [Button] Props received: {
        variant: 'primary',
        size: 'md',
        type: 'button',
        loading: false,
        disabled: undefined
      }

      at log (src/components/ui/Button.tsx:26:13)

    console.log
      [Button] Has onClick in props: false

      at log (src/components/ui/Button.tsx:27:13)

    console.log
      [Button] All props: {}

      at log (src/components/ui/Button.tsx:28:13)

    console.log
      [Button] Rendering with type: button

      at log (src/components/ui/Button.tsx:25:13)

    console.log
      [Button] Props received: {
        variant: 'primary',
        size: 'md',
        type: 'button',
        loading: false,
        disabled: undefined
      }

      at log (src/components/ui/Button.tsx:26:13)

    console.log
      [Button] Has onClick in props: false

      at log (src/components/ui/Button.tsx:27:13)

    console.log
      [Button] All props: {}

      at log (src/components/ui/Button.tsx:28:13)

    console.log
      [Button] Rendering with type: button

      at log (src/components/ui/Button.tsx:25:13)

    console.log
      [Button] Props received: {
        variant: 'secondary',
        size: 'md',
        type: 'button',
        loading: false,
        disabled: undefined
      }

      at log (src/components/ui/Button.tsx:26:13)

    console.log
      [Button] Has onClick in props: false

      at log (src/components/ui/Button.tsx:27:13)

    console.log
      [Button] All props: {}

      at log (src/components/ui/Button.tsx:28:13)

    console.log
      [Button] Rendering with type: button

      at log (src/components/ui/Button.tsx:25:13)

    console.log
      [Button] Props received: {
        variant: 'secondary',
        size: 'md',
        type: 'button',
        loading: false,
        disabled: undefined
      }

      at log (src/components/ui/Button.tsx:26:13)

    console.log
      [Button] Has onClick in props: false

      at log (src/components/ui/Button.tsx:27:13)

    console.log
      [Button] All props: {}

      at log (src/components/ui/Button.tsx:28:13)

    console.log
      [Button] Rendering with type: button

      at log (src/components/ui/Button.tsx:25:13)

    console.log
      [Button] Props received: {
        variant: 'outline',
        size: 'sm',
        type: 'button',
        loading: false,
        disabled: undefined
      }

      at log (src/components/ui/Button.tsx:26:13)

    console.log
      [Button] Has onClick in props: false

      at log (src/components/ui/Button.tsx:27:13)

    console.log
      [Button] All props: {}

      at log (src/components/ui/Button.tsx:28:13)

    console.log
      [Button] Rendering with type: button

      at log (src/components/ui/Button.tsx:25:13)

    console.log
      [Button] Props received: {
        variant: 'outline',
        size: 'sm',
        type: 'button',
        loading: false,
        disabled: undefined
      }

      at log (src/components/ui/Button.tsx:26:13)

    console.log
      [Button] Has onClick in props: false

      at log (src/components/ui/Button.tsx:27:13)

    console.log
      [Button] All props: {}

      at log (src/components/ui/Button.tsx:28:13)

    console.log
      [Button] Rendering with type: button

      at log (src/components/ui/Button.tsx:25:13)

    console.log
      [Button] Props received: {
        variant: 'primary',
        size: 'sm',
        type: 'button',
        loading: false,
        disabled: undefined
      }

      at log (src/components/ui/Button.tsx:26:13)

    console.log
      [Button] Has onClick in props: false

      at log (src/components/ui/Button.tsx:27:13)

    console.log
      [Button] All props: {}

      at log (src/components/ui/Button.tsx:28:13)

    console.log
      [Button] Rendering with type: button

      at log (src/components/ui/Button.tsx:25:13)

    console.log
      [Button] Props received: {
        variant: 'primary',
        size: 'sm',
        type: 'button',
        loading: false,
        disabled: undefined
      }

      at log (src/components/ui/Button.tsx:26:13)

    console.log
      [Button] Has onClick in props: false

      at log (src/components/ui/Button.tsx:27:13)

    console.log
      [Button] All props: {}

      at log (src/components/ui/Button.tsx:28:13)

    console.log
      [Button] Rendering with type: button

      at log (src/components/ui/Button.tsx:25:13)

    console.log
      [Button] Props received: {
        variant: 'primary',
        size: 'md',
        type: 'button',
        loading: false,
        disabled: undefined
      }

      at log (src/components/ui/Button.tsx:26:13)

    console.log
      [Button] Has onClick in props: false

      at log (src/components/ui/Button.tsx:27:13)

    console.log
      [Button] All props: {}

      at log (src/components/ui/Button.tsx:28:13)

    console.log
      [Button] Rendering with type: button

      at log (src/components/ui/Button.tsx:25:13)

    console.log
      [Button] Props received: {
        variant: 'primary',
        size: 'md',
        type: 'button',
        loading: false,
        disabled: undefined
      }

      at log (src/components/ui/Button.tsx:26:13)

    console.log
      [Button] Has onClick in props: false

      at log (src/components/ui/Button.tsx:27:13)

    console.log
      [Button] All props: {}

      at log (src/components/ui/Button.tsx:28:13)

    console.log
      [Button] Rendering with type: button

      at log (src/components/ui/Button.tsx:25:13)

    console.log
      [Button] Props received: {
        variant: 'outline',
        size: 'lg',
        type: 'button',
        loading: false,
        disabled: undefined
      }

      at log (src/components/ui/Button.tsx:26:13)

    console.log
      [Button] Has onClick in props: false

      at log (src/components/ui/Button.tsx:27:13)

    console.log
      [Button] All props: {}

      at log (src/components/ui/Button.tsx:28:13)

    console.log
      [Button] Rendering with type: button

      at log (src/components/ui/Button.tsx:25:13)

    console.log
      [Button] Props received: {
        variant: 'outline',
        size: 'lg',
        type: 'button',
        loading: false,
        disabled: undefined
      }

      at log (src/components/ui/Button.tsx:26:13)

    console.log
      [Button] Has onClick in props: false

      at log (src/components/ui/Button.tsx:27:13)

    console.log
      [Button] All props: {}

      at log (src/components/ui/Button.tsx:28:13)

    console.log
      [Button] Rendering with type: button

      at log (src/components/ui/Button.tsx:25:13)

    console.log
      [Button] Props received: {
        variant: 'secondary',
        size: 'md',
        type: 'button',
        loading: false,
        disabled: undefined
      }

      at log (src/components/ui/Button.tsx:26:13)

    console.log
      [Button] Has onClick in props: false

      at log (src/components/ui/Button.tsx:27:13)

    console.log
      [Button] All props: {}

      at log (src/components/ui/Button.tsx:28:13)

    console.log
      [Button] Rendering with type: button

      at log (src/components/ui/Button.tsx:25:13)

    console.log
      [Button] Props received: {
        variant: 'secondary',
        size: 'md',
        type: 'button',
        loading: false,
        disabled: undefined
      }

      at log (src/components/ui/Button.tsx:26:13)

    console.log
      [Button] Has onClick in props: false

      at log (src/components/ui/Button.tsx:27:13)

    console.log
      [Button] All props: {}

      at log (src/components/ui/Button.tsx:28:13)

    console.log
      [Button] Rendering with type: button

      at log (src/components/ui/Button.tsx:25:13)

    console.log
      [Button] Props received: {
        variant: 'secondary',
        size: 'md',
        type: 'button',
        loading: false,
        disabled: undefined
      }

      at log (src/components/ui/Button.tsx:26:13)

    console.log
      [Button] Has onClick in props: false

      at log (src/components/ui/Button.tsx:27:13)

    console.log
      [Button] All props: {}

      at log (src/components/ui/Button.tsx:28:13)

    console.log
      [Button] Rendering with type: button

      at log (src/components/ui/Button.tsx:25:13)

    console.log
      [Button] Props received: {
        variant: 'secondary',
        size: 'md',
        type: 'button',
        loading: false,
        disabled: undefined
      }

      at log (src/components/ui/Button.tsx:26:13)

    console.log
      [Button] Has onClick in props: false

      at log (src/components/ui/Button.tsx:27:13)

    console.log
      [Button] All props: {}

      at log (src/components/ui/Button.tsx:28:13)

    console.log
      [Button] Rendering with type: button

      at log (src/components/ui/Button.tsx:25:13)

    console.log
      [Button] Props received: {
        variant: 'primary',
        size: 'md',
        type: 'button',
        loading: false,
        disabled: undefined
      }

      at log (src/components/ui/Button.tsx:26:13)

    console.log
      [Button] Has onClick in props: false

      at log (src/components/ui/Button.tsx:27:13)

    console.log
      [Button] All props: {}

      at log (src/components/ui/Button.tsx:28:13)

    console.log
      [Button] Rendering with type: button

      at log (src/components/ui/Button.tsx:25:13)

    console.log
      [Button] Props received: {
        variant: 'primary',
        size: 'md',
        type: 'button',
        loading: false,
        disabled: undefined
      }

      at log (src/components/ui/Button.tsx:26:13)

    console.log
      [Button] Has onClick in props: false

      at log (src/components/ui/Button.tsx:27:13)

    console.log
      [Button] All props: {}

      at log (src/components/ui/Button.tsx:28:13)

    console.log
      [Button] Rendering with type: button

      at log (src/components/ui/Button.tsx:25:13)

    console.log
      [Button] Props received: {
        variant: 'secondary',
        size: 'md',
        type: 'button',
        loading: false,
        disabled: undefined
      }

      at log (src/components/ui/Button.tsx:26:13)

    console.log
      [Button] Has onClick in props: false

      at log (src/components/ui/Button.tsx:27:13)

    console.log
      [Button] All props: {}

      at log (src/components/ui/Button.tsx:28:13)

    console.log
      [Button] Rendering with type: button

      at log (src/components/ui/Button.tsx:25:13)

    console.log
      [Button] Props received: {
        variant: 'secondary',
        size: 'md',
        type: 'button',
        loading: false,
        disabled: undefined
      }

      at log (src/components/ui/Button.tsx:26:13)

    console.log
      [Button] Has onClick in props: false

      at log (src/components/ui/Button.tsx:27:13)

    console.log
      [Button] All props: {}

      at log (src/components/ui/Button.tsx:28:13)

    console.log
      [Button] Rendering with type: button

      at log (src/components/ui/Button.tsx:25:13)

    console.log
      [Button] Props received: {
        variant: 'outline',
        size: 'lg',
        type: 'button',
        loading: false,
        disabled: undefined
      }

      at log (src/components/ui/Button.tsx:26:13)

    console.log
      [Button] Has onClick in props: false

      at log (src/components/ui/Button.tsx:27:13)

    console.log
      [Button] All props: {}

      at log (src/components/ui/Button.tsx:28:13)

    console.log
      [Button] Rendering with type: button

      at log (src/components/ui/Button.tsx:25:13)

    console.log
      [Button] Props received: {
        variant: 'outline',
        size: 'lg',
        type: 'button',
        loading: false,
        disabled: undefined
      }

      at log (src/components/ui/Button.tsx:26:13)

    console.log
      [Button] Has onClick in props: false

      at log (src/components/ui/Button.tsx:27:13)

    console.log
      [Button] All props: {}

      at log (src/components/ui/Button.tsx:28:13)

    console.log
      [Button] Rendering with type: button

      at log (src/components/ui/Button.tsx:25:13)

    console.log
      [Button] Props received: {
        variant: 'primary',
        size: 'lg',
        type: 'button',
        loading: false,
        disabled: undefined
      }

      at log (src/components/ui/Button.tsx:26:13)

    console.log
      [Button] Has onClick in props: false

      at log (src/components/ui/Button.tsx:27:13)

    console.log
      [Button] All props: {}

      at log (src/components/ui/Button.tsx:28:13)

    console.log
      [Button] Rendering with type: button

      at log (src/components/ui/Button.tsx:25:13)

    console.log
      [Button] Props received: {
        variant: 'primary',
        size: 'lg',
        type: 'button',
        loading: false,
        disabled: undefined
      }

      at log (src/components/ui/Button.tsx:26:13)

    console.log
      [Button] Has onClick in props: false

      at log (src/components/ui/Button.tsx:27:13)

    console.log
      [Button] All props: {}

      at log (src/components/ui/Button.tsx:28:13)

    console.log
      [Button] Rendering with type: button

      at log (src/components/ui/Button.tsx:25:13)

    console.log
      [Button] Props received: {
        variant: 'secondary',
        size: 'sm',
        type: 'button',
        loading: false,
        disabled: undefined
      }

      at log (src/components/ui/Button.tsx:26:13)

    console.log
      [Button] Has onClick in props: false

      at log (src/components/ui/Button.tsx:27:13)

    console.log
      [Button] All props: {}

      at log (src/components/ui/Button.tsx:28:13)

    console.log
      [Button] Rendering with type: button

      at log (src/components/ui/Button.tsx:25:13)

    console.log
      [Button] Props received: {
        variant: 'secondary',
        size: 'sm',
        type: 'button',
        loading: false,
        disabled: undefined
      }

      at log (src/components/ui/Button.tsx:26:13)

    console.log
      [Button] Has onClick in props: false

      at log (src/components/ui/Button.tsx:27:13)

    console.log
      [Button] All props: {}

      at log (src/components/ui/Button.tsx:28:13)

    console.log
      [Button] Rendering with type: button

      at log (src/components/ui/Button.tsx:25:13)

    console.log
      [Button] Props received: {
        variant: 'primary',
        size: 'md',
        type: 'button',
        loading: false,
        disabled: undefined
      }

      at log (src/components/ui/Button.tsx:26:13)

    console.log
      [Button] Has onClick in props: false

      at log (src/components/ui/Button.tsx:27:13)

    console.log
      [Button] All props: {}

      at log (src/components/ui/Button.tsx:28:13)

    console.log
      [Button] Rendering with type: button

      at log (src/components/ui/Button.tsx:25:13)

    console.log
      [Button] Props received: {
        variant: 'primary',
        size: 'md',
        type: 'button',
        loading: false,
        disabled: undefined
      }

      at log (src/components/ui/Button.tsx:26:13)

    console.log
      [Button] Has onClick in props: false

      at log (src/components/ui/Button.tsx:27:13)

    console.log
      [Button] All props: {}

      at log (src/components/ui/Button.tsx:28:13)

    console.log
      [Button] Rendering with type: button

      at log (src/components/ui/Button.tsx:25:13)

    console.log
      [Button] Props received: {
        variant: 'outline',
        size: 'md',
        type: 'button',
        loading: false,
        disabled: undefined
      }

      at log (src/components/ui/Button.tsx:26:13)

    console.log
      [Button] Has onClick in props: false

      at log (src/components/ui/Button.tsx:27:13)

    console.log
      [Button] All props: {}

      at log (src/components/ui/Button.tsx:28:13)

    console.log
      [Button] Rendering with type: button

      at log (src/components/ui/Button.tsx:25:13)

    console.log
      [Button] Props received: {
        variant: 'outline',
        size: 'md',
        type: 'button',
        loading: false,
        disabled: undefined
      }

      at log (src/components/ui/Button.tsx:26:13)

    console.log
      [Button] Has onClick in props: false

      at log (src/components/ui/Button.tsx:27:13)

    console.log
      [Button] All props: {}

      at log (src/components/ui/Button.tsx:28:13)

    console.log
      [Button] Rendering with type: button

      at log (src/components/ui/Button.tsx:25:13)

    console.log
      [Button] Props received: {
        variant: 'secondary',
        size: 'md',
        type: 'button',
        loading: false,
        disabled: undefined
      }

      at log (src/components/ui/Button.tsx:26:13)

    console.log
      [Button] Has onClick in props: false

      at log (src/components/ui/Button.tsx:27:13)

    console.log
      [Button] All props: {}

      at log (src/components/ui/Button.tsx:28:13)

    console.log
      [Button] Rendering with type: button

      at log (src/components/ui/Button.tsx:25:13)

    console.log
      [Button] Props received: {
        variant: 'secondary',
        size: 'md',
        type: 'button',
        loading: false,
        disabled: undefined
      }

      at log (src/components/ui/Button.tsx:26:13)

    console.log
      [Button] Has onClick in props: false

      at log (src/components/ui/Button.tsx:27:13)

    console.log
      [Button] All props: {}

      at log (src/components/ui/Button.tsx:28:13)

    console.log
      [Button] Rendering with type: button

      at log (src/components/ui/Button.tsx:25:13)

    console.log
      [Button] Props received: {
        variant: 'primary',
        size: 'md',
        type: 'button',
        loading: false,
        disabled: undefined
      }

      at log (src/components/ui/Button.tsx:26:13)

    console.log
      [Button] Has onClick in props: false

      at log (src/components/ui/Button.tsx:27:13)

    console.log
      [Button] All props: {}

      at log (src/components/ui/Button.tsx:28:13)

    console.log
      [Button] Rendering with type: button

      at log (src/components/ui/Button.tsx:25:13)

    console.log
      [Button] Props received: {
        variant: 'primary',
        size: 'md',
        type: 'button',
        loading: false,
        disabled: undefined
      }

      at log (src/components/ui/Button.tsx:26:13)

    console.log
      [Button] Has onClick in props: false

      at log (src/components/ui/Button.tsx:27:13)

    console.log
      [Button] All props: {}

      at log (src/components/ui/Button.tsx:28:13)

    console.log
      [Button] Rendering with type: button

      at log (src/components/ui/Button.tsx:25:13)

    console.log
      [Button] Props received: {
        variant: 'secondary',
        size: 'md',
        type: 'button',
        loading: false,
        disabled: undefined
      }

      at log (src/components/ui/Button.tsx:26:13)

    console.log
      [Button] Has onClick in props: false

      at log (src/components/ui/Button.tsx:27:13)

    console.log
      [Button] All props: {}

      at log (src/components/ui/Button.tsx:28:13)

    console.log
      [Button] Rendering with type: button

      at log (src/components/ui/Button.tsx:25:13)

    console.log
      [Button] Props received: {
        variant: 'secondary',
        size: 'md',
        type: 'button',
        loading: false,
        disabled: undefined
      }

      at log (src/components/ui/Button.tsx:26:13)

    console.log
      [Button] Has onClick in props: false

      at log (src/components/ui/Button.tsx:27:13)

    console.log
      [Button] All props: {}

      at log (src/components/ui/Button.tsx:28:13)

    console.log
      [Button] Rendering with type: button

      at log (src/components/ui/Button.tsx:25:13)

    console.log
      [Button] Props received: {
        variant: 'outline',
        size: 'lg',
        type: 'button',
        loading: false,
        disabled: undefined
      }

      at log (src/components/ui/Button.tsx:26:13)

    console.log
      [Button] Has onClick in props: false

      at log (src/components/ui/Button.tsx:27:13)

    console.log
      [Button] All props: {}

      at log (src/components/ui/Button.tsx:28:13)

    console.log
      [Button] Rendering with type: button

      at log (src/components/ui/Button.tsx:25:13)

    console.log
      [Button] Props received: {
        variant: 'outline',
        size: 'lg',
        type: 'button',
        loading: false,
        disabled: undefined
      }

      at log (src/components/ui/Button.tsx:26:13)

    console.log
      [Button] Has onClick in props: false

      at log (src/components/ui/Button.tsx:27:13)

    console.log
      [Button] All props: {}

      at log (src/components/ui/Button.tsx:28:13)

    console.log
      [Button] Rendering with type: button

      at log (src/components/ui/Button.tsx:25:13)

    console.log
      [Button] Props received: {
        variant: 'secondary',
        size: 'lg',
        type: 'button',
        loading: false,
        disabled: undefined
      }

      at log (src/components/ui/Button.tsx:26:13)

    console.log
      [Button] Has onClick in props: false

      at log (src/components/ui/Button.tsx:27:13)

    console.log
      [Button] All props: {}

      at log (src/components/ui/Button.tsx:28:13)

    console.log
      [Button] Rendering with type: button

      at log (src/components/ui/Button.tsx:25:13)

    console.log
      [Button] Props received: {
        variant: 'secondary',
        size: 'md',
        type: 'button',
        loading: false,
        disabled: undefined
      }

      at log (src/components/ui/Button.tsx:26:13)

    console.log
      [Button] Has onClick in props: false

      at log (src/components/ui/Button.tsx:27:13)

    console.log
      [Button] All props: {}

      at log (src/components/ui/Button.tsx:28:13)

    console.log
      [Button] Rendering with type: button

      at log (src/components/ui/Button.tsx:25:13)

    console.log
      [Button] Props received: {
        variant: 'secondary',
        size: 'sm',
        type: 'button',
        loading: false,
        disabled: undefined
      }

      at log (src/components/ui/Button.tsx:26:13)

    console.log
      [Button] Has onClick in props: false

      at log (src/components/ui/Button.tsx:27:13)

    console.log
      [Button] All props: {}

      at log (src/components/ui/Button.tsx:28:13)

    console.log
      [Button] Rendering with type: button

      at log (src/components/ui/Button.tsx:25:13)

    console.log
      [Button] Props received: {
        variant: 'outline',
        size: 'sm',
        type: 'button',
        loading: false,
        disabled: undefined
      }

      at log (src/components/ui/Button.tsx:26:13)

    console.log
      [Button] Has onClick in props: false

      at log (src/components/ui/Button.tsx:27:13)

    console.log
      [Button] All props: {}

      at log (src/components/ui/Button.tsx:28:13)

    console.log
      [Button] Rendering with type: button

      at log (src/components/ui/Button.tsx:25:13)

    console.log
      [Button] Props received: {
        variant: 'primary',
        size: 'sm',
        type: 'button',
        loading: false,
        disabled: undefined
      }

      at log (src/components/ui/Button.tsx:26:13)

    console.log
      [Button] Has onClick in props: false

      at log (src/components/ui/Button.tsx:27:13)

    console.log
      [Button] All props: {}

      at log (src/components/ui/Button.tsx:28:13)

    console.log
      [Button] Rendering with type: button

      at log (src/components/ui/Button.tsx:25:13)

    console.log
      [Button] Props received: {
        variant: 'outline',
        size: 'md',
        type: 'button',
        loading: false,
        disabled: undefined
      }

      at log (src/components/ui/Button.tsx:26:13)

    console.log
      [Button] Has onClick in props: false

      at log (src/components/ui/Button.tsx:27:13)

    console.log
      [Button] All props: {}

      at log (src/components/ui/Button.tsx:28:13)

    console.log
      [Button] Rendering with type: button

      at log (src/components/ui/Button.tsx:25:13)

    console.log
      [Button] Props received: {
        variant: 'secondary',
        size: 'sm',
        type: 'button',
        loading: false,
        disabled: undefined
      }

      at log (src/components/ui/Button.tsx:26:13)

    console.log
      [Button] Has onClick in props: false

      at log (src/components/ui/Button.tsx:27:13)

    console.log
      [Button] All props: {}

      at log (src/components/ui/Button.tsx:28:13)

    console.log
      [Button] Rendering with type: button

      at log (src/components/ui/Button.tsx:25:13)

    console.log
      [Button] Props received: {
        variant: 'primary',
        size: 'md',
        type: 'button',
        loading: false,
        disabled: undefined
      }

      at log (src/components/ui/Button.tsx:26:13)

    console.log
      [Button] Has onClick in props: false

      at log (src/components/ui/Button.tsx:27:13)

    console.log
      [Button] All props: {}

      at log (src/components/ui/Button.tsx:28:13)

    console.log
      [Button] Rendering with type: button

      at log (src/components/ui/Button.tsx:25:13)

    console.log
      [Button] Props received: {
        variant: 'secondary',
        size: 'sm',
        type: 'button',
        loading: false,
        disabled: undefined
      }

      at log (src/components/ui/Button.tsx:26:13)

    console.log
      [Button] Has onClick in props: false

      at log (src/components/ui/Button.tsx:27:13)

    console.log
      [Button] All props: {}

      at log (src/components/ui/Button.tsx:28:13)

    console.log
      [Button] Rendering with type: button

      at log (src/components/ui/Button.tsx:25:13)

    console.log
      [Button] Props received: {
        variant: 'outline',
        size: 'sm',
        type: 'button',
        loading: false,
        disabled: undefined
      }

      at log (src/components/ui/Button.tsx:26:13)

    console.log
      [Button] Has onClick in props: false

      at log (src/components/ui/Button.tsx:27:13)

    console.log
      [Button] All props: {}

      at log (src/components/ui/Button.tsx:28:13)

    console.log
      [Button] Rendering with type: button

      at log (src/components/ui/Button.tsx:25:13)

    console.log
      [Button] Props received: {
        variant: 'primary',
        size: 'lg',
        type: 'button',
        loading: false,
        disabled: undefined
      }

      at log (src/components/ui/Button.tsx:26:13)

    console.log
      [Button] Has onClick in props: false

      at log (src/components/ui/Button.tsx:27:13)

    console.log
      [Button] All props: {}

      at log (src/components/ui/Button.tsx:28:13)

    console.log
      [Button] Rendering with type: button

      at log (src/components/ui/Button.tsx:25:13)

    console.log
      [Button] Props received: {
        variant: 'secondary',
        size: 'sm',
        type: 'button',
        loading: false,
        disabled: undefined
      }

      at log (src/components/ui/Button.tsx:26:13)

    console.log
      [Button] Has onClick in props: false

      at log (src/components/ui/Button.tsx:27:13)

    console.log
      [Button] All props: {}

      at log (src/components/ui/Button.tsx:28:13)

    console.log
      [Button] Rendering with type: button

      at log (src/components/ui/Button.tsx:25:13)

    console.log
      [Button] Props received: {
        variant: 'secondary',
        size: 'lg',
        type: 'button',
        loading: false,
        disabled: undefined
      }

      at log (src/components/ui/Button.tsx:26:13)

    console.log
      [Button] Has onClick in props: false

      at log (src/components/ui/Button.tsx:27:13)

    console.log
      [Button] All props: {}

      at log (src/components/ui/Button.tsx:28:13)

    console.log
      [Button] Rendering with type: button

      at log (src/components/ui/Button.tsx:25:13)

    console.log
      [Button] Props received: {
        variant: 'outline',
        size: 'sm',
        type: 'button',
        loading: false,
        disabled: undefined
      }

      at log (src/components/ui/Button.tsx:26:13)

    console.log
      [Button] Has onClick in props: false

      at log (src/components/ui/Button.tsx:27:13)

    console.log
      [Button] All props: {}

      at log (src/components/ui/Button.tsx:28:13)

    console.log
      [Button] Rendering with type: button

      at log (src/components/ui/Button.tsx:25:13)

    console.log
      [Button] Props received: {
        variant: 'secondary',
        size: 'md',
        type: 'button',
        loading: false,
        disabled: undefined
      }

      at log (src/components/ui/Button.tsx:26:13)

    console.log
      [Button] Has onClick in props: false

      at log (src/components/ui/Button.tsx:27:13)

    console.log
      [Button] All props: {}

      at log (src/components/ui/Button.tsx:28:13)

    console.log
      [Button] Rendering with type: button

      at log (src/components/ui/Button.tsx:25:13)

    console.log
      [Button] Props received: {
        variant: 'secondary',
        size: 'sm',
        type: 'button',
        loading: false,
        disabled: undefined
      }

      at log (src/components/ui/Button.tsx:26:13)

    console.log
      [Button] Has onClick in props: false

      at log (src/components/ui/Button.tsx:27:13)

    console.log
      [Button] All props: {}

      at log (src/components/ui/Button.tsx:28:13)

    console.log
      [Button] Rendering with type: button

      at log (src/components/ui/Button.tsx:25:13)

    console.log
      [Button] Props received: {
        variant: 'outline',
        size: 'lg',
        type: 'button',
        loading: false,
        disabled: undefined
      }

      at log (src/components/ui/Button.tsx:26:13)

    console.log
      [Button] Has onClick in props: false

      at log (src/components/ui/Button.tsx:27:13)

    console.log
      [Button] All props: {}

      at log (src/components/ui/Button.tsx:28:13)

    console.log
      [Button] Rendering with type: button

      at log (src/components/ui/Button.tsx:25:13)

    console.log
      [Button] Props received: {
        variant: 'primary',
        size: 'md',
        type: 'button',
        loading: false,
        disabled: undefined
      }

      at log (src/components/ui/Button.tsx:26:13)

    console.log
      [Button] Has onClick in props: false

      at log (src/components/ui/Button.tsx:27:13)

    console.log
      [Button] All props: {}

      at log (src/components/ui/Button.tsx:28:13)

    console.log
      [Button] Rendering with type: button

      at log (src/components/ui/Button.tsx:25:13)

    console.log
      [Button] Props received: {
        variant: 'secondary',
        size: 'lg',
        type: 'button',
        loading: false,
        disabled: undefined
      }

      at log (src/components/ui/Button.tsx:26:13)

    console.log
      [Button] Has onClick in props: false

      at log (src/components/ui/Button.tsx:27:13)

    console.log
      [Button] All props: {}

      at log (src/components/ui/Button.tsx:28:13)

    console.log
      [Button] Rendering with type: button

      at log (src/components/ui/Button.tsx:25:13)

    console.log
      [Button] Props received: {
        variant: 'outline',
        size: 'lg',
        type: 'button',
        loading: false,
        disabled: undefined
      }

      at log (src/components/ui/Button.tsx:26:13)

    console.log
      [Button] Has onClick in props: false

      at log (src/components/ui/Button.tsx:27:13)

    console.log
      [Button] All props: {}

      at log (src/components/ui/Button.tsx:28:13)

    console.log
      [Button] Rendering with type: button

      at log (src/components/ui/Button.tsx:25:13)

    console.log
      [Button] Props received: {
        variant: 'secondary',
        size: 'md',
        type: 'button',
        loading: false,
        disabled: undefined
      }

      at log (src/components/ui/Button.tsx:26:13)

    console.log
      [Button] Has onClick in props: false

      at log (src/components/ui/Button.tsx:27:13)

    console.log
      [Button] All props: {}

      at log (src/components/ui/Button.tsx:28:13)

    console.log
      [Button] Rendering with type: button

      at log (src/components/ui/Button.tsx:25:13)

    console.log
      [Button] Props received: {
        variant: 'outline',
        size: 'lg',
        type: 'button',
        loading: false,
        disabled: undefined
      }

      at log (src/components/ui/Button.tsx:26:13)

    console.log
      [Button] Has onClick in props: false

      at log (src/components/ui/Button.tsx:27:13)

    console.log
      [Button] All props: {}

      at log (src/components/ui/Button.tsx:28:13)

    console.log
      [Button] Rendering with type: button

      at log (src/components/ui/Button.tsx:25:13)

    console.log
      [Button] Props received: {
        variant: 'primary',
        size: 'sm',
        type: 'button',
        loading: false,
        disabled: undefined
      }

      at log (src/components/ui/Button.tsx:26:13)

    console.log
      [Button] Has onClick in props: false

      at log (src/components/ui/Button.tsx:27:13)

    console.log
      [Button] All props: {}

      at log (src/components/ui/Button.tsx:28:13)

    console.log
      [Button] Rendering with type: button

      at log (src/components/ui/Button.tsx:25:13)

    console.log
      [Button] Props received: {
        variant: 'secondary',
        size: 'lg',
        type: 'button',
        loading: false,
        disabled: undefined
      }

      at log (src/components/ui/Button.tsx:26:13)

    console.log
      [Button] Has onClick in props: false

      at log (src/components/ui/Button.tsx:27:13)

    console.log
      [Button] All props: {}

      at log (src/components/ui/Button.tsx:28:13)

    console.log
      [Button] Rendering with type: button

      at log (src/components/ui/Button.tsx:25:13)

    console.log
      [Button] Props received: {
        variant: 'primary',
        size: 'lg',
        type: 'button',
        loading: false,
        disabled: undefined
      }

      at log (src/components/ui/Button.tsx:26:13)

    console.log
      [Button] Has onClick in props: false

      at log (src/components/ui/Button.tsx:27:13)

    console.log
      [Button] All props: {}

      at log (src/components/ui/Button.tsx:28:13)

    console.log
      [Button] Rendering with type: button

      at log (src/components/ui/Button.tsx:25:13)

    console.log
      [Button] Props received: {
        variant: 'primary',
        size: 'md',
        type: 'button',
        loading: false,
        disabled: undefined
      }

      at log (src/components/ui/Button.tsx:26:13)

    console.log
      [Button] Has onClick in props: false

      at log (src/components/ui/Button.tsx:27:13)

    console.log
      [Button] All props: {}

      at log (src/components/ui/Button.tsx:28:13)

    console.log
      [Button] Rendering with type: button

      at log (src/components/ui/Button.tsx:25:13)

    console.log
      [Button] Props received: {
        variant: 'secondary',
        size: 'lg',
        type: 'button',
        loading: false,
        disabled: undefined
      }

      at log (src/components/ui/Button.tsx:26:13)

    console.log
      [Button] Has onClick in props: false

      at log (src/components/ui/Button.tsx:27:13)

    console.log
      [Button] All props: {}

      at log (src/components/ui/Button.tsx:28:13)

    console.log
      [Button] Rendering with type: button

      at log (src/components/ui/Button.tsx:25:13)

    console.log
      [Button] Props received: {
        variant: 'outline',
        size: 'lg',
        type: 'button',
        loading: false,
        disabled: undefined
      }

      at log (src/components/ui/Button.tsx:26:13)

    console.log
      [Button] Has onClick in props: false

      at log (src/components/ui/Button.tsx:27:13)

    console.log
      [Button] All props: {}

      at log (src/components/ui/Button.tsx:28:13)

    console.log
      [Button] Rendering with type: button

      at log (src/components/ui/Button.tsx:25:13)

    console.log
      [Button] Props received: {
        variant: 'secondary',
        size: 'sm',
        type: 'button',
        loading: false,
        disabled: undefined
      }

      at log (src/components/ui/Button.tsx:26:13)

    console.log
      [Button] Has onClick in props: false

      at log (src/components/ui/Button.tsx:27:13)

    console.log
      [Button] All props: {}

      at log (src/components/ui/Button.tsx:28:13)

    console.log
      [Button] Rendering with type: button

      at log (src/components/ui/Button.tsx:25:13)

    console.log
      [Button] Props received: {
        variant: 'outline',
        size: 'lg',
        type: 'button',
        loading: false,
        disabled: undefined
      }

      at log (src/components/ui/Button.tsx:26:13)

    console.log
      [Button] Has onClick in props: false

      at log (src/components/ui/Button.tsx:27:13)

    console.log
      [Button] All props: {}

      at log (src/components/ui/Button.tsx:28:13)

    console.log
      [Button] Rendering with type: button

      at log (src/components/ui/Button.tsx:25:13)

    console.log
      [Button] Props received: {
        variant: 'primary',
        size: 'sm',
        type: 'button',
        loading: false,
        disabled: undefined
      }

      at log (src/components/ui/Button.tsx:26:13)

    console.log
      [Button] Has onClick in props: false

      at log (src/components/ui/Button.tsx:27:13)

    console.log
      [Button] All props: {}

      at log (src/components/ui/Button.tsx:28:13)

    console.log
      [Button] Rendering with type: button

      at log (src/components/ui/Button.tsx:25:13)

    console.log
      [Button] Props received: {
        variant: 'outline',
        size: 'md',
        type: 'button',
        loading: false,
        disabled: undefined
      }

      at log (src/components/ui/Button.tsx:26:13)

    console.log
      [Button] Has onClick in props: false

      at log (src/components/ui/Button.tsx:27:13)

    console.log
      [Button] All props: {}

      at log (src/components/ui/Button.tsx:28:13)

    console.log
      [Button] Rendering with type: button

      at log (src/components/ui/Button.tsx:25:13)

    console.log
      [Button] Props received: {
        variant: 'secondary',
        size: 'md',
        type: 'button',
        loading: false,
        disabled: undefined
      }

      at log (src/components/ui/Button.tsx:26:13)

    console.log
      [Button] Has onClick in props: false

      at log (src/components/ui/Button.tsx:27:13)

    console.log
      [Button] All props: {}

      at log (src/components/ui/Button.tsx:28:13)

    console.log
      [Button] Rendering with type: button

      at log (src/components/ui/Button.tsx:25:13)

    console.log
      [Button] Props received: {
        variant: 'secondary',
        size: 'sm',
        type: 'button',
        loading: false,
        disabled: undefined
      }

      at log (src/components/ui/Button.tsx:26:13)

    console.log
      [Button] Has onClick in props: false

      at log (src/components/ui/Button.tsx:27:13)

    console.log
      [Button] All props: {}

      at log (src/components/ui/Button.tsx:28:13)

    console.log
      [Button] Rendering with type: button

      at log (src/components/ui/Button.tsx:25:13)

    console.log
      [Button] Props received: {
        variant: 'outline',
        size: 'sm',
        type: 'button',
        loading: false,
        disabled: undefined
      }

      at log (src/components/ui/Button.tsx:26:13)

    console.log
      [Button] Has onClick in props: false

      at log (src/components/ui/Button.tsx:27:13)

    console.log
      [Button] All props: {}

      at log (src/components/ui/Button.tsx:28:13)

    console.log
      [Button] Rendering with type: button

      at log (src/components/ui/Button.tsx:25:13)

    console.log
      [Button] Props received: {
        variant: 'outline',
        size: 'lg',
        type: 'button',
        loading: false,
        disabled: undefined
      }

      at log (src/components/ui/Button.tsx:26:13)

    console.log
      [Button] Has onClick in props: false

      at log (src/components/ui/Button.tsx:27:13)

    console.log
      [Button] All props: {}

      at log (src/components/ui/Button.tsx:28:13)

    console.log
      [Button] Rendering with type: button

      at log (src/components/ui/Button.tsx:25:13)

    console.log
      [Button] Props received: {
        variant: 'outline',
        size: 'sm',
        type: 'button',
        loading: false,
        disabled: undefined
      }

      at log (src/components/ui/Button.tsx:26:13)

    console.log
      [Button] Has onClick in props: false

      at log (src/components/ui/Button.tsx:27:13)

    console.log
      [Button] All props: {}

      at log (src/components/ui/Button.tsx:28:13)

    console.log
      [Button] Rendering with type: button

      at log (src/components/ui/Button.tsx:25:13)

    console.log
      [Button] Props received: {
        variant: 'secondary',
        size: 'sm',
        type: 'button',
        loading: false,
        disabled: undefined
      }

      at log (src/components/ui/Button.tsx:26:13)

    console.log
      [Button] Has onClick in props: false

      at log (src/components/ui/Button.tsx:27:13)

    console.log
      [Button] All props: {}

      at log (src/components/ui/Button.tsx:28:13)

    console.log
      [Button] Rendering with type: button

      at log (src/components/ui/Button.tsx:25:13)

    console.log
      [Button] Props received: {
        variant: 'primary',
        size: 'md',
        type: 'button',
        loading: false,
        disabled: undefined
      }

      at log (src/components/ui/Button.tsx:26:13)

    console.log
      [Button] Has onClick in props: false

      at log (src/components/ui/Button.tsx:27:13)

    console.log
      [Button] All props: {}

      at log (src/components/ui/Button.tsx:28:13)

    console.log
      [Button] Rendering with type: button

      at log (src/components/ui/Button.tsx:25:13)

    console.log
      [Button] Props received: {
        variant: 'primary',
        size: 'lg',
        type: 'button',
        loading: false,
        disabled: undefined
      }

      at log (src/components/ui/Button.tsx:26:13)

    console.log
      [Button] Has onClick in props: false

      at log (src/components/ui/Button.tsx:27:13)

    console.log
      [Button] All props: {}

      at log (src/components/ui/Button.tsx:28:13)

    console.log
      [Button] Rendering with type: button

      at log (src/components/ui/Button.tsx:25:13)

    console.log
      [Button] Props received: {
        variant: 'secondary',
        size: 'sm',
        type: 'button',
        loading: false,
        disabled: undefined
      }

      at log (src/components/ui/Button.tsx:26:13)

    console.log
      [Button] Has onClick in props: false

      at log (src/components/ui/Button.tsx:27:13)

    console.log
      [Button] All props: {}

      at log (src/components/ui/Button.tsx:28:13)

    console.log
      [Button] Rendering with type: button

      at log (src/components/ui/Button.tsx:25:13)

    console.log
      [Button] Props received: {
        variant: 'outline',
        size: 'lg',
        type: 'button',
        loading: false,
        disabled: undefined
      }

      at log (src/components/ui/Button.tsx:26:13)

    console.log
      [Button] Has onClick in props: false

      at log (src/components/ui/Button.tsx:27:13)

    console.log
      [Button] All props: {}

      at log (src/components/ui/Button.tsx:28:13)

    console.log
      [Button] Rendering with type: button

      at log (src/components/ui/Button.tsx:25:13)

    console.log
      [Button] Props received: {
        variant: 'outline',
        size: 'md',
        type: 'button',
        loading: false,
        disabled: undefined
      }

      at log (src/components/ui/Button.tsx:26:13)

    console.log
      [Button] Has onClick in props: false

      at log (src/components/ui/Button.tsx:27:13)

    console.log
      [Button] All props: {}

      at log (src/components/ui/Button.tsx:28:13)

    console.log
      [Button] Rendering with type: button

      at log (src/components/ui/Button.tsx:25:13)

    console.log
      [Button] Props received: {
        variant: 'secondary',
        size: 'sm',
        type: 'button',
        loading: false,
        disabled: undefined
      }

      at log (src/components/ui/Button.tsx:26:13)

    console.log
      [Button] Has onClick in props: false

      at log (src/components/ui/Button.tsx:27:13)

    console.log
      [Button] All props: {}

      at log (src/components/ui/Button.tsx:28:13)

    console.log
      [Button] Rendering with type: button

      at log (src/components/ui/Button.tsx:25:13)

    console.log
      [Button] Props received: {
        variant: 'secondary',
        size: 'lg',
        type: 'button',
        loading: false,
        disabled: undefined
      }

      at log (src/components/ui/Button.tsx:26:13)

    console.log
      [Button] Has onClick in props: false

      at log (src/components/ui/Button.tsx:27:13)

    console.log
      [Button] All props: {}

      at log (src/components/ui/Button.tsx:28:13)

    console.log
      [Button] Rendering with type: button

      at log (src/components/ui/Button.tsx:25:13)

    console.log
      [Button] Props received: {
        variant: 'secondary',
        size: 'md',
        type: 'button',
        loading: false,
        disabled: undefined
      }

      at log (src/components/ui/Button.tsx:26:13)

    console.log
      [Button] Has onClick in props: false

      at log (src/components/ui/Button.tsx:27:13)

    console.log
      [Button] All props: {}

      at log (src/components/ui/Button.tsx:28:13)

    console.log
      [Button] Rendering with type: button

      at log (src/components/ui/Button.tsx:25:13)

    console.log
      [Button] Props received: {
        variant: 'primary',
        size: 'lg',
        type: 'button',
        loading: false,
        disabled: undefined
      }

      at log (src/components/ui/Button.tsx:26:13)

    console.log
      [Button] Has onClick in props: false

      at log (src/components/ui/Button.tsx:27:13)

    console.log
      [Button] All props: {}

      at log (src/components/ui/Button.tsx:28:13)

    console.log
      [Button] Rendering with type: button

      at log (src/components/ui/Button.tsx:25:13)

    console.log
      [Button] Props received: {
        variant: 'outline',
        size: 'sm',
        type: 'button',
        loading: false,
        disabled: undefined
      }

      at log (src/components/ui/Button.tsx:26:13)

    console.log
      [Button] Has onClick in props: false

      at log (src/components/ui/Button.tsx:27:13)

    console.log
      [Button] All props: {}

      at log (src/components/ui/Button.tsx:28:13)

    console.log
      [Button] Rendering with type: button

      at log (src/components/ui/Button.tsx:25:13)

    console.log
      [Button] Props received: {
        variant: 'outline',
        size: 'sm',
        type: 'button',
        loading: false,
        disabled: undefined
      }

      at log (src/components/ui/Button.tsx:26:13)

    console.log
      [Button] Has onClick in props: false

      at log (src/components/ui/Button.tsx:27:13)

    console.log
      [Button] All props: {}

      at log (src/components/ui/Button.tsx:28:13)

    console.log
      [Button] Rendering with type: button

      at log (src/components/ui/Button.tsx:25:13)

    console.log
      [Button] Props received: {
        variant: 'secondary',
        size: 'lg',
        type: 'button',
        loading: false,
        disabled: undefined
      }

      at log (src/components/ui/Button.tsx:26:13)

    console.log
      [Button] Has onClick in props: false

      at log (src/components/ui/Button.tsx:27:13)

    console.log
      [Button] All props: {}

      at log (src/components/ui/Button.tsx:28:13)

    console.log
      [Button] Rendering with type: button

      at log (src/components/ui/Button.tsx:25:13)

    console.log
      [Button] Props received: {
        variant: 'outline',
        size: 'lg',
        type: 'button',
        loading: false,
        disabled: undefined
      }

      at log (src/components/ui/Button.tsx:26:13)

    console.log
      [Button] Has onClick in props: false

      at log (src/components/ui/Button.tsx:27:13)

    console.log
      [Button] All props: {}

      at log (src/components/ui/Button.tsx:28:13)

    console.log
      [Button] Rendering with type: button

      at log (src/components/ui/Button.tsx:25:13)

    console.log
      [Button] Props received: {
        variant: 'primary',
        size: 'sm',
        type: 'button',
        loading: false,
        disabled: undefined
      }

      at log (src/components/ui/Button.tsx:26:13)

    console.log
      [Button] Has onClick in props: false

      at log (src/components/ui/Button.tsx:27:13)

    console.log
      [Button] All props: {}

      at log (src/components/ui/Button.tsx:28:13)

    console.log
      [Button] Rendering with type: button

      at log (src/components/ui/Button.tsx:25:13)

    console.log
      [Button] Props received: {
        variant: 'primary',
        size: 'md',
        type: 'button',
        loading: false,
        disabled: undefined
      }

      at log (src/components/ui/Button.tsx:26:13)

    console.log
      [Button] Has onClick in props: false

      at log (src/components/ui/Button.tsx:27:13)

    console.log
      [Button] All props: {}

      at log (src/components/ui/Button.tsx:28:13)

    console.log
      [Button] Rendering with type: button

      at log (src/components/ui/Button.tsx:25:13)

    console.log
      [Button] Props received: {
        variant: 'primary',
        size: 'lg',
        type: 'button',
        loading: false,
        disabled: undefined
      }

      at log (src/components/ui/Button.tsx:26:13)

    console.log
      [Button] Has onClick in props: false

      at log (src/components/ui/Button.tsx:27:13)

    console.log
      [Button] All props: {}

      at log (src/components/ui/Button.tsx:28:13)

    console.log
      [Button] Rendering with type: button

      at log (src/components/ui/Button.tsx:25:13)

    console.log
      [Button] Props received: {
        variant: 'primary',
        size: 'lg',
        type: 'button',
        loading: false,
        disabled: undefined
      }

      at log (src/components/ui/Button.tsx:26:13)

    console.log
      [Button] Has onClick in props: false

      at log (src/components/ui/Button.tsx:27:13)

    console.log
      [Button] All props: {}

      at log (src/components/ui/Button.tsx:28:13)

    console.log
      [Button] Rendering with type: button

      at log (src/components/ui/Button.tsx:25:13)

    console.log
      [Button] Props received: {
        variant: 'primary',
        size: 'lg',
        type: 'button',
        loading: false,
        disabled: undefined
      }

      at log (src/components/ui/Button.tsx:26:13)

    console.log
      [Button] Has onClick in props: false

      at log (src/components/ui/Button.tsx:27:13)

    console.log
      [Button] All props: {}

      at log (src/components/ui/Button.tsx:28:13)

    console.log
      [Button] Rendering with type: button

      at log (src/components/ui/Button.tsx:25:13)

    console.log
      [Button] Props received: {
        variant: 'primary',
        size: 'sm',
        type: 'button',
        loading: false,
        disabled: undefined
      }

      at log (src/components/ui/Button.tsx:26:13)

    console.log
      [Button] Has onClick in props: false

      at log (src/components/ui/Button.tsx:27:13)

    console.log
      [Button] All props: {}

      at log (src/components/ui/Button.tsx:28:13)

    console.log
      [Button] Rendering with type: button

      at log (src/components/ui/Button.tsx:25:13)

    console.log
      [Button] Props received: {
        variant: 'primary',
        size: 'md',
        type: 'button',
        loading: false,
        disabled: undefined
      }

      at log (src/components/ui/Button.tsx:26:13)

    console.log
      [Button] Has onClick in props: false

      at log (src/components/ui/Button.tsx:27:13)

    console.log
      [Button] All props: {}

      at log (src/components/ui/Button.tsx:28:13)

    console.log
      [Button] Rendering with type: button

      at log (src/components/ui/Button.tsx:25:13)

    console.log
      [Button] Props received: {
        variant: 'outline',
        size: 'lg',
        type: 'button',
        loading: false,
        disabled: undefined
      }

      at log (src/components/ui/Button.tsx:26:13)

    console.log
      [Button] Has onClick in props: false

      at log (src/components/ui/Button.tsx:27:13)

    console.log
      [Button] All props: {}

      at log (src/components/ui/Button.tsx:28:13)

    console.log
      [Button] Rendering with type: button

      at log (src/components/ui/Button.tsx:25:13)

    console.log
      [Button] Props received: {
        variant: 'secondary',
        size: 'sm',
        type: 'button',
        loading: false,
        disabled: undefined
      }

      at log (src/components/ui/Button.tsx:26:13)

    console.log
      [Button] Has onClick in props: false

      at log (src/components/ui/Button.tsx:27:13)

    console.log
      [Button] All props: {}

      at log (src/components/ui/Button.tsx:28:13)

    console.log
      [Button] Rendering with type: button

      at log (src/components/ui/Button.tsx:25:13)

    console.log
      [Button] Props received: {
        variant: 'secondary',
        size: 'sm',
        type: 'button',
        loading: false,
        disabled: undefined
      }

      at log (src/components/ui/Button.tsx:26:13)

    console.log
      [Button] Has onClick in props: false

      at log (src/components/ui/Button.tsx:27:13)

    console.log
      [Button] All props: {}

      at log (src/components/ui/Button.tsx:28:13)

    console.log
      [Button] Rendering with type: button

      at log (src/components/ui/Button.tsx:25:13)

    console.log
      [Button] Props received: {
        variant: 'outline',
        size: 'md',
        type: 'button',
        loading: false,
        disabled: undefined
      }

      at log (src/components/ui/Button.tsx:26:13)

    console.log
      [Button] Has onClick in props: false

      at log (src/components/ui/Button.tsx:27:13)

    console.log
      [Button] All props: {}

      at log (src/components/ui/Button.tsx:28:13)

    console.log
      [Button] Rendering with type: button

      at log (src/components/ui/Button.tsx:25:13)

    console.log
      [Button] Props received: {
        variant: 'primary',
        size: 'sm',
        type: 'button',
        loading: false,
        disabled: undefined
      }

      at log (src/components/ui/Button.tsx:26:13)

    console.log
      [Button] Has onClick in props: false

      at log (src/components/ui/Button.tsx:27:13)

    console.log
      [Button] All props: {}

      at log (src/components/ui/Button.tsx:28:13)

    console.log
      [Button] Rendering with type: button

      at log (src/components/ui/Button.tsx:25:13)

    console.log
      [Button] Props received: {
        variant: 'outline',
        size: 'lg',
        type: 'button',
        loading: false,
        disabled: undefined
      }

      at log (src/components/ui/Button.tsx:26:13)

    console.log
      [Button] Has onClick in props: false

      at log (src/components/ui/Button.tsx:27:13)

    console.log
      [Button] All props: {}

      at log (src/components/ui/Button.tsx:28:13)

    console.log
      [Button] Rendering with type: button

      at log (src/components/ui/Button.tsx:25:13)

    console.log
      [Button] Props received: {
        variant: 'primary',
        size: 'lg',
        type: 'button',
        loading: false,
        disabled: undefined
      }

      at log (src/components/ui/Button.tsx:26:13)

    console.log
      [Button] Has onClick in props: false

      at log (src/components/ui/Button.tsx:27:13)

    console.log
      [Button] All props: {}

      at log (src/components/ui/Button.tsx:28:13)

    console.log
      [Button] Rendering with type: button

      at log (src/components/ui/Button.tsx:25:13)

    console.log
      [Button] Props received: {
        variant: 'outline',
        size: 'md',
        type: 'button',
        loading: false,
        disabled: undefined
      }

      at log (src/components/ui/Button.tsx:26:13)

    console.log
      [Button] Has onClick in props: false

      at log (src/components/ui/Button.tsx:27:13)

    console.log
      [Button] All props: {}

      at log (src/components/ui/Button.tsx:28:13)

    console.log
      [Button] Rendering with type: button

      at log (src/components/ui/Button.tsx:25:13)

    console.log
      [Button] Props received: {
        variant: 'outline',
        size: 'md',
        type: 'button',
        loading: false,
        disabled: undefined
      }

      at log (src/components/ui/Button.tsx:26:13)

    console.log
      [Button] Has onClick in props: false

      at log (src/components/ui/Button.tsx:27:13)

    console.log
      [Button] All props: {}

      at log (src/components/ui/Button.tsx:28:13)

    console.log
      [Button] Rendering with type: button

      at log (src/components/ui/Button.tsx:25:13)

    console.log
      [Button] Props received: {
        variant: 'outline',
        size: 'sm',
        type: 'button',
        loading: false,
        disabled: undefined
      }

      at log (src/components/ui/Button.tsx:26:13)

    console.log
      [Button] Has onClick in props: false

      at log (src/components/ui/Button.tsx:27:13)

    console.log
      [Button] All props: {}

      at log (src/components/ui/Button.tsx:28:13)

    console.log
      [Button] Rendering with type: button

      at log (src/components/ui/Button.tsx:25:13)

    console.log
      [Button] Props received: {
        variant: 'outline',
        size: 'lg',
        type: 'button',
        loading: false,
        disabled: undefined
      }

      at log (src/components/ui/Button.tsx:26:13)

    console.log
      [Button] Has onClick in props: false

      at log (src/components/ui/Button.tsx:27:13)

    console.log
      [Button] All props: {}

      at log (src/components/ui/Button.tsx:28:13)

    console.log
      [Button] Rendering with type: button

      at log (src/components/ui/Button.tsx:25:13)

    console.log
      [Button] Props received: {
        variant: 'outline',
        size: 'lg',
        type: 'button',
        loading: false,
        disabled: undefined
      }

      at log (src/components/ui/Button.tsx:26:13)

    console.log
      [Button] Has onClick in props: false

      at log (src/components/ui/Button.tsx:27:13)

    console.log
      [Button] All props: {}

      at log (src/components/ui/Button.tsx:28:13)

    console.log
      [Button] Rendering with type: button

      at log (src/components/ui/Button.tsx:25:13)

    console.log
      [Button] Props received: {
        variant: 'secondary',
        size: 'md',
        type: 'button',
        loading: false,
        disabled: undefined
      }

      at log (src/components/ui/Button.tsx:26:13)

    console.log
      [Button] Has onClick in props: false

      at log (src/components/ui/Button.tsx:27:13)

    console.log
      [Button] All props: {}

      at log (src/components/ui/Button.tsx:28:13)

    console.log
      [Button] Rendering with type: button

      at log (src/components/ui/Button.tsx:25:13)

    console.log
      [Button] Props received: {
        variant: 'secondary',
        size: 'md',
        type: 'button',
        loading: false,
        disabled: undefined
      }

      at log (src/components/ui/Button.tsx:26:13)

    console.log
      [Button] Has onClick in props: false

      at log (src/components/ui/Button.tsx:27:13)

    console.log
      [Button] All props: {}

      at log (src/components/ui/Button.tsx:28:13)

    console.log
      [Button] Rendering with type: button

      at log (src/components/ui/Button.tsx:25:13)

    console.log
      [Button] Props received: {
        variant: 'outline',
        size: 'sm',
        type: 'button',
        loading: false,
        disabled: undefined
      }

      at log (src/components/ui/Button.tsx:26:13)

    console.log
      [Button] Has onClick in props: false

      at log (src/components/ui/Button.tsx:27:13)

    console.log
      [Button] All props: {}

      at log (src/components/ui/Button.tsx:28:13)

    console.log
      [Button] Rendering with type: button

      at log (src/components/ui/Button.tsx:25:13)

    console.log
      [Button] Props received: {
        variant: 'primary',
        size: 'sm',
        type: 'button',
        loading: false,
        disabled: undefined
      }

      at log (src/components/ui/Button.tsx:26:13)

    console.log
      [Button] Has onClick in props: false

      at log (src/components/ui/Button.tsx:27:13)

    console.log
      [Button] All props: {}

      at log (src/components/ui/Button.tsx:28:13)

    console.log
      [Button] Rendering with type: button

      at log (src/components/ui/Button.tsx:25:13)

    console.log
      [Button] Props received: {
        variant: 'primary',
        size: 'lg',
        type: 'button',
        loading: false,
        disabled: undefined
      }

      at log (src/components/ui/Button.tsx:26:13)

    console.log
      [Button] Has onClick in props: false

      at log (src/components/ui/Button.tsx:27:13)

    console.log
      [Button] All props: {}

      at log (src/components/ui/Button.tsx:28:13)

    console.log
      [Button] Rendering with type: button

      at log (src/components/ui/Button.tsx:25:13)

    console.log
      [Button] Props received: {
        variant: 'secondary',
        size: 'lg',
        type: 'button',
        loading: false,
        disabled: undefined
      }

      at log (src/components/ui/Button.tsx:26:13)

    console.log
      [Button] Has onClick in props: false

      at log (src/components/ui/Button.tsx:27:13)

    console.log
      [Button] All props: {}

      at log (src/components/ui/Button.tsx:28:13)

    console.log
      [Button] Rendering with type: button

      at log (src/components/ui/Button.tsx:25:13)

    console.log
      [Button] Props received: {
        variant: 'secondary',
        size: 'md',
        type: 'button',
        loading: false,
        disabled: undefined
      }

      at log (src/components/ui/Button.tsx:26:13)

    console.log
      [Button] Has onClick in props: false

      at log (src/components/ui/Button.tsx:27:13)

    console.log
      [Button] All props: {}

      at log (src/components/ui/Button.tsx:28:13)

    console.log
      [Button] Rendering with type: button

      at log (src/components/ui/Button.tsx:25:13)

    console.log
      [Button] Props received: {
        variant: 'secondary',
        size: 'sm',
        type: 'button',
        loading: false,
        disabled: undefined
      }

      at log (src/components/ui/Button.tsx:26:13)

    console.log
      [Button] Has onClick in props: false

      at log (src/components/ui/Button.tsx:27:13)

    console.log
      [Button] All props: {}

      at log (src/components/ui/Button.tsx:28:13)

    console.log
      [Button] Rendering with type: button

      at log (src/components/ui/Button.tsx:25:13)

    console.log
      [Button] Props received: {
        variant: 'outline',
        size: 'md',
        type: 'button',
        loading: false,
        disabled: undefined
      }

      at log (src/components/ui/Button.tsx:26:13)

    console.log
      [Button] Has onClick in props: false

      at log (src/components/ui/Button.tsx:27:13)

    console.log
      [Button] All props: {}

      at log (src/components/ui/Button.tsx:28:13)

    console.log
      [Button] Rendering with type: button

      at log (src/components/ui/Button.tsx:25:13)

    console.log
      [Button] Props received: {
        variant: 'primary',
        size: 'sm',
        type: 'button',
        loading: false,
        disabled: undefined
      }

      at log (src/components/ui/Button.tsx:26:13)

    console.log
      [Button] Has onClick in props: false

      at log (src/components/ui/Button.tsx:27:13)

    console.log
      [Button] All props: {}

      at log (src/components/ui/Button.tsx:28:13)

    console.log
      [Button] Rendering with type: button

      at log (src/components/ui/Button.tsx:25:13)

    console.log
      [Button] Props received: {
        variant: 'secondary',
        size: 'sm',
        type: 'button',
        loading: false,
        disabled: undefined
      }

      at log (src/components/ui/Button.tsx:26:13)

    console.log
      [Button] Has onClick in props: false

      at log (src/components/ui/Button.tsx:27:13)

    console.log
      [Button] All props: {}

      at log (src/components/ui/Button.tsx:28:13)

    console.log
      [Button] Rendering with type: button

      at log (src/components/ui/Button.tsx:25:13)

    console.log
      [Button] Props received: {
        variant: 'secondary',
        size: 'sm',
        type: 'button',
        loading: false,
        disabled: undefined
      }

      at log (src/components/ui/Button.tsx:26:13)

    console.log
      [Button] Has onClick in props: false

      at log (src/components/ui/Button.tsx:27:13)

    console.log
      [Button] All props: {}

      at log (src/components/ui/Button.tsx:28:13)

    console.log
      [Button] Rendering with type: button

      at log (src/components/ui/Button.tsx:25:13)

    console.log
      [Button] Props received: {
        variant: 'primary',
        size: 'sm',
        type: 'button',
        loading: false,
        disabled: undefined
      }

      at log (src/components/ui/Button.tsx:26:13)

    console.log
      [Button] Has onClick in props: false

      at log (src/components/ui/Button.tsx:27:13)

    console.log
      [Button] All props: {}

      at log (src/components/ui/Button.tsx:28:13)

    console.log
      [Button] Rendering with type: button

      at log (src/components/ui/Button.tsx:25:13)

    console.log
      [Button] Props received: {
        variant: 'outline',
        size: 'lg',
        type: 'button',
        loading: false,
        disabled: undefined
      }

      at log (src/components/ui/Button.tsx:26:13)

    console.log
      [Button] Has onClick in props: false

      at log (src/components/ui/Button.tsx:27:13)

    console.log
      [Button] All props: {}

      at log (src/components/ui/Button.tsx:28:13)

    console.log
      [Button] Rendering with type: button

      at log (src/components/ui/Button.tsx:25:13)

    console.log
      [Button] Props received: {
        variant: 'primary',
        size: 'sm',
        type: 'button',
        loading: false,
        disabled: undefined
      }

      at log (src/components/ui/Button.tsx:26:13)

    console.log
      [Button] Has onClick in props: false

      at log (src/components/ui/Button.tsx:27:13)

    console.log
      [Button] All props: {}

      at log (src/components/ui/Button.tsx:28:13)

    console.log
      [Button] Rendering with type: button

      at log (src/components/ui/Button.tsx:25:13)

    console.log
      [Button] Props received: {
        variant: 'secondary',
        size: 'lg',
        type: 'button',
        loading: false,
        disabled: undefined
      }

      at log (src/components/ui/Button.tsx:26:13)

    console.log
      [Button] Has onClick in props: false

      at log (src/components/ui/Button.tsx:27:13)

    console.log
      [Button] All props: {}

      at log (src/components/ui/Button.tsx:28:13)

    console.log
      [Button] Rendering with type: button

      at log (src/components/ui/Button.tsx:25:13)

    console.log
      [Button] Props received: {
        variant: 'primary',
        size: 'lg',
        type: 'button',
        loading: false,
        disabled: undefined
      }

      at log (src/components/ui/Button.tsx:26:13)

    console.log
      [Button] Has onClick in props: false

      at log (src/components/ui/Button.tsx:27:13)

    console.log
      [Button] All props: {}

      at log (src/components/ui/Button.tsx:28:13)

    console.log
      [Button] Rendering with type: button

      at log (src/components/ui/Button.tsx:25:13)

    console.log
      [Button] Props received: {
        variant: 'outline',
        size: 'lg',
        type: 'button',
        loading: false,
        disabled: undefined
      }

      at log (src/components/ui/Button.tsx:26:13)

    console.log
      [Button] Has onClick in props: false

      at log (src/components/ui/Button.tsx:27:13)

    console.log
      [Button] All props: {}

      at log (src/components/ui/Button.tsx:28:13)

    console.log
      [Button] Rendering with type: button

      at log (src/components/ui/Button.tsx:25:13)

    console.log
      [Button] Props received: {
        variant: 'outline',
        size: 'lg',
        type: 'button',
        loading: false,
        disabled: undefined
      }

      at log (src/components/ui/Button.tsx:26:13)

    console.log
      [Button] Has onClick in props: false

      at log (src/components/ui/Button.tsx:27:13)

    console.log
      [Button] All props: {}

      at log (src/components/ui/Button.tsx:28:13)

    console.log
      [Button] Rendering with type: button

      at log (src/components/ui/Button.tsx:25:13)

    console.log
      [Button] Props received: {
        variant: 'outline',
        size: 'lg',
        type: 'button',
        loading: false,
        disabled: undefined
      }

      at log (src/components/ui/Button.tsx:26:13)

    console.log
      [Button] Has onClick in props: false

      at log (src/components/ui/Button.tsx:27:13)

    console.log
      [Button] All props: {}

      at log (src/components/ui/Button.tsx:28:13)

    console.log
      [Button] Rendering with type: button

      at log (src/components/ui/Button.tsx:25:13)

    console.log
      [Button] Props received: {
        variant: 'outline',
        size: 'sm',
        type: 'button',
        loading: false,
        disabled: undefined
      }

      at log (src/components/ui/Button.tsx:26:13)

    console.log
      [Button] Has onClick in props: false

      at log (src/components/ui/Button.tsx:27:13)

    console.log
      [Button] All props: {}

      at log (src/components/ui/Button.tsx:28:13)

    console.log
      [Button] Rendering with type: button

      at log (src/components/ui/Button.tsx:25:13)

    console.log
      [Button] Props received: {
        variant: 'outline',
        size: 'lg',
        type: 'button',
        loading: false,
        disabled: undefined
      }

      at log (src/components/ui/Button.tsx:26:13)

    console.log
      [Button] Has onClick in props: false

      at log (src/components/ui/Button.tsx:27:13)

    console.log
      [Button] All props: {}

      at log (src/components/ui/Button.tsx:28:13)

    console.log
      [Button] Rendering with type: button

      at log (src/components/ui/Button.tsx:25:13)

    console.log
      [Button] Props received: {
        variant: 'outline',
        size: 'md',
        type: 'button',
        loading: false,
        disabled: undefined
      }

      at log (src/components/ui/Button.tsx:26:13)

    console.log
      [Button] Has onClick in props: false

      at log (src/components/ui/Button.tsx:27:13)

    console.log
      [Button] All props: {}

      at log (src/components/ui/Button.tsx:28:13)

    console.log
      [Button] Rendering with type: button

      at log (src/components/ui/Button.tsx:25:13)

    console.log
      [Button] Props received: {
        variant: 'primary',
        size: 'md',
        type: 'button',
        loading: false,
        disabled: undefined
      }

      at log (src/components/ui/Button.tsx:26:13)

    console.log
      [Button] Has onClick in props: false

      at log (src/components/ui/Button.tsx:27:13)

    console.log
      [Button] All props: {}

      at log (src/components/ui/Button.tsx:28:13)

    console.log
      [Button] Rendering with type: button

      at log (src/components/ui/Button.tsx:25:13)

    console.log
      [Button] Props received: {
        variant: 'primary',
        size: 'lg',
        type: 'button',
        loading: false,
        disabled: undefined
      }

      at log (src/components/ui/Button.tsx:26:13)

    console.log
      [Button] Has onClick in props: false

      at log (src/components/ui/Button.tsx:27:13)

    console.log
      [Button] All props: {}

      at log (src/components/ui/Button.tsx:28:13)

    console.log
      [Button] Rendering with type: button

      at log (src/components/ui/Button.tsx:25:13)

    console.log
      [Button] Props received: {
        variant: 'primary',
        size: 'lg',
        type: 'button',
        loading: false,
        disabled: undefined
      }

      at log (src/components/ui/Button.tsx:26:13)

    console.log
      [Button] Has onClick in props: false

      at log (src/components/ui/Button.tsx:27:13)

    console.log
      [Button] All props: {}

      at log (src/components/ui/Button.tsx:28:13)

    console.log
      [Button] Rendering with type: button

      at log (src/components/ui/Button.tsx:25:13)

    console.log
      [Button] Props received: {
        variant: 'secondary',
        size: 'md',
        type: 'button',
        loading: false,
        disabled: undefined
      }

      at log (src/components/ui/Button.tsx:26:13)

    console.log
      [Button] Has onClick in props: false

      at log (src/components/ui/Button.tsx:27:13)

    console.log
      [Button] All props: {}

      at log (src/components/ui/Button.tsx:28:13)

    console.log
      [Button] Rendering with type: button

      at log (src/components/ui/Button.tsx:25:13)

    console.log
      [Button] Props received: {
        variant: 'primary',
        size: 'md',
        type: 'button',
        loading: false,
        disabled: undefined
      }

      at log (src/components/ui/Button.tsx:26:13)

    console.log
      [Button] Has onClick in props: false

      at log (src/components/ui/Button.tsx:27:13)

    console.log
      [Button] All props: {}

      at log (src/components/ui/Button.tsx:28:13)

    console.log
      [Button] Rendering with type: button

      at log (src/components/ui/Button.tsx:25:13)

    console.log
      [Button] Props received: {
        variant: 'outline',
        size: 'md',
        type: 'button',
        loading: false,
        disabled: undefined
      }

      at log (src/components/ui/Button.tsx:26:13)

    console.log
      [Button] Has onClick in props: false

      at log (src/components/ui/Button.tsx:27:13)

    console.log
      [Button] All props: {}

      at log (src/components/ui/Button.tsx:28:13)

    console.log
      [Button] Rendering with type: button

      at log (src/components/ui/Button.tsx:25:13)

    console.log
      [Button] Props received: {
        variant: 'primary',
        size: 'md',
        type: 'button',
        loading: false,
        disabled: undefined
      }

      at log (src/components/ui/Button.tsx:26:13)

    console.log
      [Button] Has onClick in props: false

      at log (src/components/ui/Button.tsx:27:13)

    console.log
      [Button] All props: {}

      at log (src/components/ui/Button.tsx:28:13)

    console.log
      [Button] Rendering with type: button

      at log (src/components/ui/Button.tsx:25:13)

    console.log
      [Button] Props received: {
        variant: 'primary',
        size: 'md',
        type: 'button',
        loading: false,
        disabled: undefined
      }

      at log (src/components/ui/Button.tsx:26:13)

    console.log
      [Button] Has onClick in props: false

      at log (src/components/ui/Button.tsx:27:13)

    console.log
      [Button] All props: {}

      at log (src/components/ui/Button.tsx:28:13)

    console.log
      [Button] Rendering with type: button

      at log (src/components/ui/Button.tsx:25:13)

    console.log
      [Button] Props received: {
        variant: 'primary',
        size: 'md',
        type: 'button',
        loading: false,
        disabled: undefined
      }

      at log (src/components/ui/Button.tsx:26:13)

    console.log
      [Button] Has onClick in props: false

      at log (src/components/ui/Button.tsx:27:13)

    console.log
      [Button] All props: {}

      at log (src/components/ui/Button.tsx:28:13)

    console.log
      [Button] Rendering with type: button

      at log (src/components/ui/Button.tsx:25:13)

    console.log
      [Button] Props received: {
        variant: 'secondary',
        size: 'md',
        type: 'button',
        loading: false,
        disabled: undefined
      }

      at log (src/components/ui/Button.tsx:26:13)

    console.log
      [Button] Has onClick in props: false

      at log (src/components/ui/Button.tsx:27:13)

    console.log
      [Button] All props: {}

      at log (src/components/ui/Button.tsx:28:13)

    console.log
      [Button] Rendering with type: button

      at log (src/components/ui/Button.tsx:25:13)

    console.log
      [Button] Props received: {
        variant: 'secondary',
        size: 'md',
        type: 'button',
        loading: false,
        disabled: undefined
      }

      at log (src/components/ui/Button.tsx:26:13)

    console.log
      [Button] Has onClick in props: false

      at log (src/components/ui/Button.tsx:27:13)

    console.log
      [Button] All props: {}

      at log (src/components/ui/Button.tsx:28:13)

    console.log
      [Button] Rendering with type: button

      at log (src/components/ui/Button.tsx:25:13)

    console.log
      [Button] Props received: {
        variant: 'secondary',
        size: 'md',
        type: 'button',
        loading: false,
        disabled: undefined
      }

      at log (src/components/ui/Button.tsx:26:13)

    console.log
      [Button] Has onClick in props: false

      at log (src/components/ui/Button.tsx:27:13)

    console.log
      [Button] All props: {}

      at log (src/components/ui/Button.tsx:28:13)

    console.log
      [Button] Rendering with type: button

      at log (src/components/ui/Button.tsx:25:13)

    console.log
      [Button] Props received: {
        variant: 'outline',
        size: 'md',
        type: 'button',
        loading: false,
        disabled: undefined
      }

      at log (src/components/ui/Button.tsx:26:13)

    console.log
      [Button] Has onClick in props: false

      at log (src/components/ui/Button.tsx:27:13)

    console.log
      [Button] All props: {}

      at log (src/components/ui/Button.tsx:28:13)

    console.log
      [Button] Rendering with type: button

      at log (src/components/ui/Button.tsx:25:13)

    console.log
      [Button] Props received: {
        variant: 'primary',
        size: 'md',
        type: 'button',
        loading: false,
        disabled: undefined
      }

      at log (src/components/ui/Button.tsx:26:13)

    console.log
      [Button] Has onClick in props: false

      at log (src/components/ui/Button.tsx:27:13)

    console.log
      [Button] All props: {}

      at log (src/components/ui/Button.tsx:28:13)

    console.log
      [Button] Rendering with type: button

      at log (src/components/ui/Button.tsx:25:13)

    console.log
      [Button] Props received: {
        variant: 'outline',
        size: 'md',
        type: 'button',
        loading: false,
        disabled: undefined
      }

      at log (src/components/ui/Button.tsx:26:13)

    console.log
      [Button] Has onClick in props: false

      at log (src/components/ui/Button.tsx:27:13)

    console.log
      [Button] All props: {}

      at log (src/components/ui/Button.tsx:28:13)

    console.log
      [Button] Rendering with type: button

      at log (src/components/ui/Button.tsx:25:13)

    console.log
      [Button] Props received: {
        variant: 'secondary',
        size: 'md',
        type: 'button',
        loading: false,
        disabled: undefined
      }

      at log (src/components/ui/Button.tsx:26:13)

    console.log
      [Button] Has onClick in props: false

      at log (src/components/ui/Button.tsx:27:13)

    console.log
      [Button] All props: {}

      at log (src/components/ui/Button.tsx:28:13)

    console.log
      [Button] Rendering with type: button

      at log (src/components/ui/Button.tsx:25:13)

    console.log
      [Button] Props received: {
        variant: 'outline',
        size: 'md',
        type: 'button',
        loading: false,
        disabled: undefined
      }

      at log (src/components/ui/Button.tsx:26:13)

    console.log
      [Button] Has onClick in props: false

      at log (src/components/ui/Button.tsx:27:13)

    console.log
      [Button] All props: {}

      at log (src/components/ui/Button.tsx:28:13)

    console.log
      [Button] Rendering with type: button

      at log (src/components/ui/Button.tsx:25:13)

    console.log
      [Button] Props received: {
        variant: 'outline',
        size: 'md',
        type: 'button',
        loading: false,
        disabled: undefined
      }

      at log (src/components/ui/Button.tsx:26:13)

    console.log
      [Button] Has onClick in props: false

      at log (src/components/ui/Button.tsx:27:13)

    console.log
      [Button] All props: {}

      at log (src/components/ui/Button.tsx:28:13)

    console.log
      [Button] Rendering with type: button

      at log (src/components/ui/Button.tsx:25:13)

    console.log
      [Button] Props received: {
        variant: 'secondary',
        size: 'md',
        type: 'button',
        loading: false,
        disabled: undefined
      }

      at log (src/components/ui/Button.tsx:26:13)

    console.log
      [Button] Has onClick in props: false

      at log (src/components/ui/Button.tsx:27:13)

    console.log
      [Button] All props: {}

      at log (src/components/ui/Button.tsx:28:13)

    console.log
      [Button] Rendering with type: button

      at log (src/components/ui/Button.tsx:25:13)

    console.log
      [Button] Props received: {
        variant: 'primary',
        size: 'md',
        type: 'button',
        loading: false,
        disabled: undefined
      }

      at log (src/components/ui/Button.tsx:26:13)

    console.log
      [Button] Has onClick in props: false

      at log (src/components/ui/Button.tsx:27:13)

    console.log
      [Button] All props: {}

      at log (src/components/ui/Button.tsx:28:13)

    console.log
      [Button] Rendering with type: button

      at log (src/components/ui/Button.tsx:25:13)

    console.log
      [Button] Props received: {
        variant: 'outline',
        size: 'md',
        type: 'button',
        loading: false,
        disabled: undefined
      }

      at log (src/components/ui/Button.tsx:26:13)

    console.log
      [Button] Has onClick in props: false

      at log (src/components/ui/Button.tsx:27:13)

    console.log
      [Button] All props: {}

      at log (src/components/ui/Button.tsx:28:13)

    console.log
      [Button] Rendering with type: button

      at log (src/components/ui/Button.tsx:25:13)

    console.log
      [Button] Props received: {
        variant: 'outline',
        size: 'md',
        type: 'button',
        loading: false,
        disabled: undefined
      }

      at log (src/components/ui/Button.tsx:26:13)

    console.log
      [Button] Has onClick in props: false

      at log (src/components/ui/Button.tsx:27:13)

    console.log
      [Button] All props: {}

      at log (src/components/ui/Button.tsx:28:13)

    console.log
      [Button] Rendering with type: button

      at log (src/components/ui/Button.tsx:25:13)

    console.log
      [Button] Props received: {
        variant: 'outline',
        size: 'md',
        type: 'button',
        loading: false,
        disabled: undefined
      }

      at log (src/components/ui/Button.tsx:26:13)

    console.log
      [Button] Has onClick in props: false

      at log (src/components/ui/Button.tsx:27:13)

    console.log
      [Button] All props: {}

      at log (src/components/ui/Button.tsx:28:13)

    console.log
      [Button] Rendering with type: button

      at log (src/components/ui/Button.tsx:25:13)

    console.log
      [Button] Props received: {
        variant: 'primary',
        size: 'md',
        type: 'button',
        loading: false,
        disabled: undefined
      }

      at log (src/components/ui/Button.tsx:26:13)

    console.log
      [Button] Has onClick in props: false

      at log (src/components/ui/Button.tsx:27:13)

    console.log
      [Button] All props: {}

      at log (src/components/ui/Button.tsx:28:13)

    console.log
      [Button] Rendering with type: button

      at log (src/components/ui/Button.tsx:25:13)

    console.log
      [Button] Props received: {
        variant: 'primary',
        size: 'md',
        type: 'button',
        loading: false,
        disabled: undefined
      }

      at log (src/components/ui/Button.tsx:26:13)

    console.log
      [Button] Has onClick in props: false

      at log (src/components/ui/Button.tsx:27:13)

    console.log
      [Button] All props: {}

      at log (src/components/ui/Button.tsx:28:13)

    console.log
      [Button] Rendering with type: button

      at log (src/components/ui/Button.tsx:25:13)

    console.log
      [Button] Props received: {
        variant: 'outline',
        size: 'md',
        type: 'button',
        loading: false,
        disabled: undefined
      }

      at log (src/components/ui/Button.tsx:26:13)

    console.log
      [Button] Has onClick in props: false

      at log (src/components/ui/Button.tsx:27:13)

    console.log
      [Button] All props: {}

      at log (src/components/ui/Button.tsx:28:13)

    console.log
      [Button] Rendering with type: button

      at log (src/components/ui/Button.tsx:25:13)

    console.log
      [Button] Props received: {
        variant: 'primary',
        size: 'md',
        type: 'button',
        loading: false,
        disabled: undefined
      }

      at log (src/components/ui/Button.tsx:26:13)

    console.log
      [Button] Has onClick in props: false

      at log (src/components/ui/Button.tsx:27:13)

    console.log
      [Button] All props: {}

      at log (src/components/ui/Button.tsx:28:13)

    console.log
      [Button] Rendering with type: button

      at log (src/components/ui/Button.tsx:25:13)

    console.log
      [Button] Props received: {
        variant: 'outline',
        size: 'md',
        type: 'button',
        loading: false,
        disabled: undefined
      }

      at log (src/components/ui/Button.tsx:26:13)

    console.log
      [Button] Has onClick in props: false

      at log (src/components/ui/Button.tsx:27:13)

    console.log
      [Button] All props: {}

      at log (src/components/ui/Button.tsx:28:13)

    console.log
      [Button] Rendering with type: button

      at log (src/components/ui/Button.tsx:25:13)

    console.log
      [Button] Props received: {
        variant: 'primary',
        size: 'md',
        type: 'button',
        loading: false,
        disabled: undefined
      }

      at log (src/components/ui/Button.tsx:26:13)

    console.log
      [Button] Has onClick in props: false

      at log (src/components/ui/Button.tsx:27:13)

    console.log
      [Button] All props: {}

      at log (src/components/ui/Button.tsx:28:13)

    console.log
      [Button] Rendering with type: button

      at log (src/components/ui/Button.tsx:25:13)

    console.log
      [Button] Props received: {
        variant: 'outline',
        size: 'md',
        type: 'button',
        loading: false,
        disabled: undefined
      }

      at log (src/components/ui/Button.tsx:26:13)

    console.log
      [Button] Has onClick in props: false

      at log (src/components/ui/Button.tsx:27:13)

    console.log
      [Button] All props: {}

      at log (src/components/ui/Button.tsx:28:13)

    console.log
      [Button] Rendering with type: button

      at log (src/components/ui/Button.tsx:25:13)

    console.log
      [Button] Props received: {
        variant: 'outline',
        size: 'md',
        type: 'button',
        loading: false,
        disabled: undefined
      }

      at log (src/components/ui/Button.tsx:26:13)

    console.log
      [Button] Has onClick in props: false

      at log (src/components/ui/Button.tsx:27:13)

    console.log
      [Button] All props: {}

      at log (src/components/ui/Button.tsx:28:13)

    console.log
      [Button] Rendering with type: button

      at log (src/components/ui/Button.tsx:25:13)

    console.log
      [Button] Props received: {
        variant: 'secondary',
        size: 'md',
        type: 'button',
        loading: false,
        disabled: undefined
      }

      at log (src/components/ui/Button.tsx:26:13)

    console.log
      [Button] Has onClick in props: false

      at log (src/components/ui/Button.tsx:27:13)

    console.log
      [Button] All props: {}

      at log (src/components/ui/Button.tsx:28:13)

    console.log
      [Button] Rendering with type: button

      at log (src/components/ui/Button.tsx:25:13)

    console.log
      [Button] Props received: {
        variant: 'outline',
        size: 'md',
        type: 'button',
        loading: false,
        disabled: undefined
      }

      at log (src/components/ui/Button.tsx:26:13)

    console.log
      [Button] Has onClick in props: false

      at log (src/components/ui/Button.tsx:27:13)

    console.log
      [Button] All props: {}

      at log (src/components/ui/Button.tsx:28:13)

    console.log
      [Button] Rendering with type: button

      at log (src/components/ui/Button.tsx:25:13)

    console.log
      [Button] Props received: {
        variant: 'outline',
        size: 'md',
        type: 'button',
        loading: false,
        disabled: undefined
      }

      at log (src/components/ui/Button.tsx:26:13)

    console.log
      [Button] Has onClick in props: false

      at log (src/components/ui/Button.tsx:27:13)

    console.log
      [Button] All props: {}

      at log (src/components/ui/Button.tsx:28:13)

    console.log
      [Button] Rendering with type: button

      at log (src/components/ui/Button.tsx:25:13)

    console.log
      [Button] Props received: {
        variant: 'outline',
        size: 'md',
        type: 'button',
        loading: false,
        disabled: undefined
      }

      at log (src/components/ui/Button.tsx:26:13)

    console.log
      [Button] Has onClick in props: false

      at log (src/components/ui/Button.tsx:27:13)

    console.log
      [Button] All props: {}

      at log (src/components/ui/Button.tsx:28:13)

    console.log
      [Button] Rendering with type: button

      at log (src/components/ui/Button.tsx:25:13)

    console.log
      [Button] Props received: {
        variant: 'outline',
        size: 'md',
        type: 'button',
        loading: false,
        disabled: undefined
      }

      at log (src/components/ui/Button.tsx:26:13)

    console.log
      [Button] Has onClick in props: false

      at log (src/components/ui/Button.tsx:27:13)

    console.log
      [Button] All props: {}

      at log (src/components/ui/Button.tsx:28:13)

    console.log
      [Button] Rendering with type: button

      at log (src/components/ui/Button.tsx:25:13)

    console.log
      [Button] Props received: {
        variant: 'primary',
        size: 'md',
        type: 'button',
        loading: false,
        disabled: undefined
      }

      at log (src/components/ui/Button.tsx:26:13)

    console.log
      [Button] Has onClick in props: false

      at log (src/components/ui/Button.tsx:27:13)

    console.log
      [Button] All props: {}

      at log (src/components/ui/Button.tsx:28:13)

    console.log
      [Button] Rendering with type: button

      at log (src/components/ui/Button.tsx:25:13)

    console.log
      [Button] Props received: {
        variant: 'outline',
        size: 'md',
        type: 'button',
        loading: false,
        disabled: undefined
      }

      at log (src/components/ui/Button.tsx:26:13)

    console.log
      [Button] Has onClick in props: false

      at log (src/components/ui/Button.tsx:27:13)

    console.log
      [Button] All props: {}

      at log (src/components/ui/Button.tsx:28:13)

    console.log
      [Button] Rendering with type: button

      at log (src/components/ui/Button.tsx:25:13)

    console.log
      [Button] Props received: {
        variant: 'secondary',
        size: 'md',
        type: 'button',
        loading: false,
        disabled: undefined
      }

      at log (src/components/ui/Button.tsx:26:13)

    console.log
      [Button] Has onClick in props: false

      at log (src/components/ui/Button.tsx:27:13)

    console.log
      [Button] All props: {}

      at log (src/components/ui/Button.tsx:28:13)

    console.log
      [Button] Rendering with type: button

      at log (src/components/ui/Button.tsx:25:13)

    console.log
      [Button] Props received: {
        variant: 'secondary',
        size: 'md',
        type: 'button',
        loading: false,
        disabled: undefined
      }

      at log (src/components/ui/Button.tsx:26:13)

    console.log
      [Button] Has onClick in props: false

      at log (src/components/ui/Button.tsx:27:13)

    console.log
      [Button] All props: {}

      at log (src/components/ui/Button.tsx:28:13)

    console.log
      [Button] Rendering with type: button

      at log (src/components/ui/Button.tsx:25:13)

    console.log
      [Button] Props received: {
        variant: 'primary',
        size: 'md',
        type: 'button',
        loading: false,
        disabled: undefined
      }

      at log (src/components/ui/Button.tsx:26:13)

    console.log
      [Button] Has onClick in props: false

      at log (src/components/ui/Button.tsx:27:13)

    console.log
      [Button] All props: {}

      at log (src/components/ui/Button.tsx:28:13)

    console.log
      [Button] Rendering with type: button

      at log (src/components/ui/Button.tsx:25:13)

    console.log
      [Button] Props received: {
        variant: 'secondary',
        size: 'md',
        type: 'button',
        loading: false,
        disabled: undefined
      }

      at log (src/components/ui/Button.tsx:26:13)

    console.log
      [Button] Has onClick in props: false

      at log (src/components/ui/Button.tsx:27:13)

    console.log
      [Button] All props: {}

      at log (src/components/ui/Button.tsx:28:13)

    console.log
      [Button] Rendering with type: button

      at log (src/components/ui/Button.tsx:25:13)

    console.log
      [Button] Props received: {
        variant: 'outline',
        size: 'md',
        type: 'button',
        loading: false,
        disabled: undefined
      }

      at log (src/components/ui/Button.tsx:26:13)

    console.log
      [Button] Has onClick in props: false

      at log (src/components/ui/Button.tsx:27:13)

    console.log
      [Button] All props: {}

      at log (src/components/ui/Button.tsx:28:13)

    console.log
      [Button] Rendering with type: button

      at log (src/components/ui/Button.tsx:25:13)

    console.log
      [Button] Props received: {
        variant: 'primary',
        size: 'md',
        type: 'button',
        loading: false,
        disabled: undefined
      }

      at log (src/components/ui/Button.tsx:26:13)

    console.log
      [Button] Has onClick in props: false

      at log (src/components/ui/Button.tsx:27:13)

    console.log
      [Button] All props: {}

      at log (src/components/ui/Button.tsx:28:13)

    console.log
      [Button] Rendering with type: button

      at log (src/components/ui/Button.tsx:25:13)

    console.log
      [Button] Props received: {
        variant: 'outline',
        size: 'md',
        type: 'button',
        loading: false,
        disabled: undefined
      }

      at log (src/components/ui/Button.tsx:26:13)

    console.log
      [Button] Has onClick in props: false

      at log (src/components/ui/Button.tsx:27:13)

    console.log
      [Button] All props: {}

      at log (src/components/ui/Button.tsx:28:13)

    console.log
      [Button] Rendering with type: button

      at log (src/components/ui/Button.tsx:25:13)

    console.log
      [Button] Props received: {
        variant: 'primary',
        size: 'md',
        type: 'button',
        loading: false,
        disabled: undefined
      }

      at log (src/components/ui/Button.tsx:26:13)

    console.log
      [Button] Has onClick in props: false

      at log (src/components/ui/Button.tsx:27:13)

    console.log
      [Button] All props: {}

      at log (src/components/ui/Button.tsx:28:13)

    console.log
      [Button] Rendering with type: button

      at log (src/components/ui/Button.tsx:25:13)

    console.log
      [Button] Props received: {
        variant: 'secondary',
        size: 'md',
        type: 'button',
        loading: false,
        disabled: undefined
      }

      at log (src/components/ui/Button.tsx:26:13)

    console.log
      [Button] Has onClick in props: false

      at log (src/components/ui/Button.tsx:27:13)

    console.log
      [Button] All props: {}

      at log (src/components/ui/Button.tsx:28:13)

    console.log
      [Button] Rendering with type: button

      at log (src/components/ui/Button.tsx:25:13)

    console.log
      [Button] Props received: {
        variant: 'secondary',
        size: 'md',
        type: 'button',
        loading: false,
        disabled: undefined
      }

      at log (src/components/ui/Button.tsx:26:13)

    console.log
      [Button] Has onClick in props: false

      at log (src/components/ui/Button.tsx:27:13)

    console.log
      [Button] All props: {}

      at log (src/components/ui/Button.tsx:28:13)

    console.log
      [Button] Rendering with type: button

      at log (src/components/ui/Button.tsx:25:13)

    console.log
      [Button] Props received: {
        variant: 'primary',
        size: 'md',
        type: 'button',
        loading: false,
        disabled: undefined
      }

      at log (src/components/ui/Button.tsx:26:13)

    console.log
      [Button] Has onClick in props: false

      at log (src/components/ui/Button.tsx:27:13)

    console.log
      [Button] All props: {}

      at log (src/components/ui/Button.tsx:28:13)

    console.log
      [Button] Rendering with type: button

      at log (src/components/ui/Button.tsx:25:13)

    console.log
      [Button] Props received: {
        variant: 'outline',
        size: 'md',
        type: 'button',
        loading: false,
        disabled: undefined
      }

      at log (src/components/ui/Button.tsx:26:13)

    console.log
      [Button] Has onClick in props: false

      at log (src/components/ui/Button.tsx:27:13)

    console.log
      [Button] All props: {}

      at log (src/components/ui/Button.tsx:28:13)

    console.log
      [Button] Rendering with type: button

      at log (src/components/ui/Button.tsx:25:13)

    console.log
      [Button] Props received: {
        variant: 'primary',
        size: 'md',
        type: 'button',
        loading: false,
        disabled: undefined
      }

      at log (src/components/ui/Button.tsx:26:13)

    console.log
      [Button] Has onClick in props: false

      at log (src/components/ui/Button.tsx:27:13)

    console.log
      [Button] All props: {}

      at log (src/components/ui/Button.tsx:28:13)

    console.log
      [Button] Rendering with type: button

      at log (src/components/ui/Button.tsx:25:13)

    console.log
      [Button] Props received: {
        variant: 'outline',
        size: 'md',
        type: 'button',
        loading: false,
        disabled: undefined
      }

      at log (src/components/ui/Button.tsx:26:13)

    console.log
      [Button] Has onClick in props: false

      at log (src/components/ui/Button.tsx:27:13)

    console.log
      [Button] All props: {}

      at log (src/components/ui/Button.tsx:28:13)

    console.log
      [Button] Rendering with type: button

      at log (src/components/ui/Button.tsx:25:13)

    console.log
      [Button] Props received: {
        variant: 'outline',
        size: 'md',
        type: 'button',
        loading: false,
        disabled: undefined
      }

      at log (src/components/ui/Button.tsx:26:13)

    console.log
      [Button] Has onClick in props: false

      at log (src/components/ui/Button.tsx:27:13)

    console.log
      [Button] All props: {}

      at log (src/components/ui/Button.tsx:28:13)

    console.log
      [Button] Rendering with type: button

      at log (src/components/ui/Button.tsx:25:13)

    console.log
      [Button] Props received: {
        variant: 'primary',
        size: 'md',
        type: 'button',
        loading: false,
        disabled: undefined
      }

      at log (src/components/ui/Button.tsx:26:13)

    console.log
      [Button] Has onClick in props: false

      at log (src/components/ui/Button.tsx:27:13)

    console.log
      [Button] All props: {}

      at log (src/components/ui/Button.tsx:28:13)

    console.log
      [Button] Rendering with type: button

      at log (src/components/ui/Button.tsx:25:13)

    console.log
      [Button] Props received: {
        variant: 'primary',
        size: 'md',
        type: 'button',
        loading: false,
        disabled: undefined
      }

      at log (src/components/ui/Button.tsx:26:13)

    console.log
      [Button] Has onClick in props: false

      at log (src/components/ui/Button.tsx:27:13)

    console.log
      [Button] All props: {}

      at log (src/components/ui/Button.tsx:28:13)

    console.log
      [Button] Rendering with type: button

      at log (src/components/ui/Button.tsx:25:13)

    console.log
      [Button] Props received: {
        variant: 'outline',
        size: 'md',
        type: 'button',
        loading: false,
        disabled: undefined
      }

      at log (src/components/ui/Button.tsx:26:13)

    console.log
      [Button] Has onClick in props: false

      at log (src/components/ui/Button.tsx:27:13)

    console.log
      [Button] All props: {}

      at log (src/components/ui/Button.tsx:28:13)

    console.log
      [Button] Rendering with type: button

      at log (src/components/ui/Button.tsx:25:13)

    console.log
      [Button] Props received: {
        variant: 'primary',
        size: 'md',
        type: 'button',
        loading: false,
        disabled: undefined
      }

      at log (src/components/ui/Button.tsx:26:13)

    console.log
      [Button] Has onClick in props: false

      at log (src/components/ui/Button.tsx:27:13)

    console.log
      [Button] All props: {}

      at log (src/components/ui/Button.tsx:28:13)

    console.log
      [Button] Rendering with type: button

      at log (src/components/ui/Button.tsx:25:13)

    console.log
      [Button] Props received: {
        variant: 'secondary',
        size: 'md',
        type: 'button',
        loading: false,
        disabled: undefined
      }

      at log (src/components/ui/Button.tsx:26:13)

    console.log
      [Button] Has onClick in props: false

      at log (src/components/ui/Button.tsx:27:13)

    console.log
      [Button] All props: {}

      at log (src/components/ui/Button.tsx:28:13)

    console.log
      [Button] Rendering with type: button

      at log (src/components/ui/Button.tsx:25:13)

    console.log
      [Button] Props received: {
        variant: 'primary',
        size: 'md',
        type: 'button',
        loading: false,
        disabled: undefined
      }

      at log (src/components/ui/Button.tsx:26:13)

    console.log
      [Button] Has onClick in props: false

      at log (src/components/ui/Button.tsx:27:13)

    console.log
      [Button] All props: {}

      at log (src/components/ui/Button.tsx:28:13)

    console.log
      [Button] Rendering with type: button

      at log (src/components/ui/Button.tsx:25:13)

    console.log
      [Button] Props received: {
        variant: 'secondary',
        size: 'md',
        type: 'button',
        loading: false,
        disabled: undefined
      }

      at log (src/components/ui/Button.tsx:26:13)

    console.log
      [Button] Has onClick in props: false

      at log (src/components/ui/Button.tsx:27:13)

    console.log
      [Button] All props: {}

      at log (src/components/ui/Button.tsx:28:13)

    console.log
      [Button] Rendering with type: button

      at log (src/components/ui/Button.tsx:25:13)

    console.log
      [Button] Props received: {
        variant: 'secondary',
        size: 'md',
        type: 'button',
        loading: false,
        disabled: undefined
      }

      at log (src/components/ui/Button.tsx:26:13)

    console.log
      [Button] Has onClick in props: false

      at log (src/components/ui/Button.tsx:27:13)

    console.log
      [Button] All props: {}

      at log (src/components/ui/Button.tsx:28:13)

    console.log
      [Button] Rendering with type: button

      at log (src/components/ui/Button.tsx:25:13)

    console.log
      [Button] Props received: {
        variant: 'outline',
        size: 'md',
        type: 'button',
        loading: false,
        disabled: undefined
      }

      at log (src/components/ui/Button.tsx:26:13)

    console.log
      [Button] Has onClick in props: false

      at log (src/components/ui/Button.tsx:27:13)

    console.log
      [Button] All props: {}

      at log (src/components/ui/Button.tsx:28:13)

    console.log
      [Button] Rendering with type: button

      at log (src/components/ui/Button.tsx:25:13)

    console.log
      [Button] Props received: {
        variant: 'secondary',
        size: 'md',
        type: 'button',
        loading: false,
        disabled: undefined
      }

      at log (src/components/ui/Button.tsx:26:13)

    console.log
      [Button] Has onClick in props: false

      at log (src/components/ui/Button.tsx:27:13)

    console.log
      [Button] All props: {}

      at log (src/components/ui/Button.tsx:28:13)

    console.log
      [Button] Rendering with type: button

      at log (src/components/ui/Button.tsx:25:13)

    console.log
      [Button] Props received: {
        variant: 'outline',
        size: 'md',
        type: 'button',
        loading: false,
        disabled: undefined
      }

      at log (src/components/ui/Button.tsx:26:13)

    console.log
      [Button] Has onClick in props: false

      at log (src/components/ui/Button.tsx:27:13)

    console.log
      [Button] All props: {}

      at log (src/components/ui/Button.tsx:28:13)

    console.log
      [Button] Rendering with type: button

      at log (src/components/ui/Button.tsx:25:13)

    console.log
      [Button] Props received: {
        variant: 'primary',
        size: 'md',
        type: 'button',
        loading: false,
        disabled: undefined
      }

      at log (src/components/ui/Button.tsx:26:13)

    console.log
      [Button] Has onClick in props: false

      at log (src/components/ui/Button.tsx:27:13)

    console.log
      [Button] All props: {}

      at log (src/components/ui/Button.tsx:28:13)

    console.log
      [Button] Rendering with type: button

      at log (src/components/ui/Button.tsx:25:13)

    console.log
      [Button] Props received: {
        variant: 'secondary',
        size: 'md',
        type: 'button',
        loading: false,
        disabled: undefined
      }

      at log (src/components/ui/Button.tsx:26:13)

    console.log
      [Button] Has onClick in props: false

      at log (src/components/ui/Button.tsx:27:13)

    console.log
      [Button] All props: {}

      at log (src/components/ui/Button.tsx:28:13)

    console.log
      [Button] Rendering with type: button

      at log (src/components/ui/Button.tsx:25:13)

    console.log
      [Button] Props received: {
        variant: 'secondary',
        size: 'md',
        type: 'button',
        loading: false,
        disabled: undefined
      }

      at log (src/components/ui/Button.tsx:26:13)

    console.log
      [Button] Has onClick in props: false

      at log (src/components/ui/Button.tsx:27:13)

    console.log
      [Button] All props: {}

      at log (src/components/ui/Button.tsx:28:13)

    console.log
      [Button] Rendering with type: button

      at log (src/components/ui/Button.tsx:25:13)

    console.log
      [Button] Props received: {
        variant: 'outline',
        size: 'md',
        type: 'button',
        loading: false,
        disabled: undefined
      }

      at log (src/components/ui/Button.tsx:26:13)

    console.log
      [Button] Has onClick in props: false

      at log (src/components/ui/Button.tsx:27:13)

    console.log
      [Button] All props: {}

      at log (src/components/ui/Button.tsx:28:13)

    console.log
      [Button] Rendering with type: button

      at log (src/components/ui/Button.tsx:25:13)

    console.log
      [Button] Props received: {
        variant: 'primary',
        size: 'md',
        type: 'button',
        loading: false,
        disabled: undefined
      }

      at log (src/components/ui/Button.tsx:26:13)

    console.log
      [Button] Has onClick in props: false

      at log (src/components/ui/Button.tsx:27:13)

    console.log
      [Button] All props: {}

      at log (src/components/ui/Button.tsx:28:13)

    console.log
      [Button] Rendering with type: button

      at log (src/components/ui/Button.tsx:25:13)

    console.log
      [Button] Props received: {
        variant: 'outline',
        size: 'md',
        type: 'button',
        loading: false,
        disabled: undefined
      }

      at log (src/components/ui/Button.tsx:26:13)

    console.log
      [Button] Has onClick in props: false

      at log (src/components/ui/Button.tsx:27:13)

    console.log
      [Button] All props: {}

      at log (src/components/ui/Button.tsx:28:13)

    console.log
      [Button] Rendering with type: button

      at log (src/components/ui/Button.tsx:25:13)

    console.log
      [Button] Props received: {
        variant: 'secondary',
        size: 'md',
        type: 'button',
        loading: false,
        disabled: undefined
      }

      at log (src/components/ui/Button.tsx:26:13)

    console.log
      [Button] Has onClick in props: false

      at log (src/components/ui/Button.tsx:27:13)

    console.log
      [Button] All props: {}

      at log (src/components/ui/Button.tsx:28:13)

    console.log
      [Button] Rendering with type: button

      at log (src/components/ui/Button.tsx:25:13)

    console.log
      [Button] Props received: {
        variant: 'outline',
        size: 'md',
        type: 'button',
        loading: false,
        disabled: undefined
      }

      at log (src/components/ui/Button.tsx:26:13)

    console.log
      [Button] Has onClick in props: false

      at log (src/components/ui/Button.tsx:27:13)

    console.log
      [Button] All props: {}

      at log (src/components/ui/Button.tsx:28:13)

    console.log
      [Button] Rendering with type: button

      at log (src/components/ui/Button.tsx:25:13)

    console.log
      [Button] Props received: {
        variant: 'secondary',
        size: 'md',
        type: 'button',
        loading: false,
        disabled: undefined
      }

      at log (src/components/ui/Button.tsx:26:13)

    console.log
      [Button] Has onClick in props: false

      at log (src/components/ui/Button.tsx:27:13)

    console.log
      [Button] All props: {}

      at log (src/components/ui/Button.tsx:28:13)

    console.log
      [Button] Rendering with type: button

      at log (src/components/ui/Button.tsx:25:13)

    console.log
      [Button] Props received: {
        variant: 'outline',
        size: 'md',
        type: 'button',
        loading: false,
        disabled: undefined
      }

      at log (src/components/ui/Button.tsx:26:13)

    console.log
      [Button] Has onClick in props: false

      at log (src/components/ui/Button.tsx:27:13)

    console.log
      [Button] All props: {}

      at log (src/components/ui/Button.tsx:28:13)

    console.log
      [Button] Rendering with type: button

      at log (src/components/ui/Button.tsx:25:13)

    console.log
      [Button] Props received: {
        variant: 'outline',
        size: 'md',
        type: 'button',
        loading: false,
        disabled: undefined
      }

      at log (src/components/ui/Button.tsx:26:13)

    console.log
      [Button] Has onClick in props: false

      at log (src/components/ui/Button.tsx:27:13)

    console.log
      [Button] All props: {}

      at log (src/components/ui/Button.tsx:28:13)

    console.log
      [Button] Rendering with type: button

      at log (src/components/ui/Button.tsx:25:13)

    console.log
      [Button] Props received: {
        variant: 'primary',
        size: 'md',
        type: 'button',
        loading: false,
        disabled: undefined
      }

      at log (src/components/ui/Button.tsx:26:13)

    console.log
      [Button] Has onClick in props: false

      at log (src/components/ui/Button.tsx:27:13)

    console.log
      [Button] All props: {}

      at log (src/components/ui/Button.tsx:28:13)

    console.log
      [Button] Rendering with type: button

      at log (src/components/ui/Button.tsx:25:13)

    console.log
      [Button] Props received: {
        variant: 'primary',
        size: 'md',
        type: 'button',
        loading: false,
        disabled: undefined
      }

      at log (src/components/ui/Button.tsx:26:13)

    console.log
      [Button] Has onClick in props: false

      at log (src/components/ui/Button.tsx:27:13)

    console.log
      [Button] All props: {}

      at log (src/components/ui/Button.tsx:28:13)

    console.log
      [Button] Rendering with type: button

      at log (src/components/ui/Button.tsx:25:13)

    console.log
      [Button] Props received: {
        variant: 'primary',
        size: 'md',
        type: 'button',
        loading: false,
        disabled: undefined
      }

      at log (src/components/ui/Button.tsx:26:13)

    console.log
      [Button] Has onClick in props: false

      at log (src/components/ui/Button.tsx:27:13)

    console.log
      [Button] All props: {}

      at log (src/components/ui/Button.tsx:28:13)

    console.log
      [Button] Rendering with type: button

      at log (src/components/ui/Button.tsx:25:13)

    console.log
      [Button] Props received: {
        variant: 'secondary',
        size: 'md',
        type: 'button',
        loading: false,
        disabled: undefined
      }

      at log (src/components/ui/Button.tsx:26:13)

    console.log
      [Button] Has onClick in props: false

      at log (src/components/ui/Button.tsx:27:13)

    console.log
      [Button] All props: {}

      at log (src/components/ui/Button.tsx:28:13)

    console.log
      [Button] Rendering with type: button

      at log (src/components/ui/Button.tsx:25:13)

    console.log
      [Button] Props received: {
        variant: 'secondary',
        size: 'md',
        type: 'button',
        loading: false,
        disabled: undefined
      }

      at log (src/components/ui/Button.tsx:26:13)

    console.log
      [Button] Has onClick in props: false

      at log (src/components/ui/Button.tsx:27:13)

    console.log
      [Button] All props: {}

      at log (src/components/ui/Button.tsx:28:13)

    console.log
      [Button] Rendering with type: button

      at log (src/components/ui/Button.tsx:25:13)

    console.log
      [Button] Props received: {
        variant: 'secondary',
        size: 'md',
        type: 'button',
        loading: false,
        disabled: undefined
      }

      at log (src/components/ui/Button.tsx:26:13)

    console.log
      [Button] Has onClick in props: false

      at log (src/components/ui/Button.tsx:27:13)

    console.log
      [Button] All props: {}

      at log (src/components/ui/Button.tsx:28:13)

    console.log
      [Button] Rendering with type: button

      at log (src/components/ui/Button.tsx:25:13)

    console.log
      [Button] Props received: {
        variant: 'primary',
        size: 'md',
        type: 'button',
        loading: false,
        disabled: undefined
      }

      at log (src/components/ui/Button.tsx:26:13)

    console.log
      [Button] Has onClick in props: false

      at log (src/components/ui/Button.tsx:27:13)

    console.log
      [Button] All props: {}

      at log (src/components/ui/Button.tsx:28:13)

    console.log
      [Button] Rendering with type: button

      at log (src/components/ui/Button.tsx:25:13)

    console.log
      [Button] Props received: {
        variant: 'primary',
        size: 'md',
        type: 'button',
        loading: false,
        disabled: undefined
      }

      at log (src/components/ui/Button.tsx:26:13)

    console.log
      [Button] Has onClick in props: false

      at log (src/components/ui/Button.tsx:27:13)

    console.log
      [Button] All props: {}

      at log (src/components/ui/Button.tsx:28:13)

    console.log
      [Button] Rendering with type: button

      at log (src/components/ui/Button.tsx:25:13)

    console.log
      [Button] Props received: {
        variant: 'secondary',
        size: 'md',
        type: 'button',
        loading: false,
        disabled: undefined
      }

      at log (src/components/ui/Button.tsx:26:13)

    console.log
      [Button] Has onClick in props: false

      at log (src/components/ui/Button.tsx:27:13)

    console.log
      [Button] All props: {}

      at log (src/components/ui/Button.tsx:28:13)

    console.log
      [Button] Rendering with type: button

      at log (src/components/ui/Button.tsx:25:13)

    console.log
      [Button] Props received: {
        variant: 'outline',
        size: 'md',
        type: 'button',
        loading: false,
        disabled: undefined
      }

      at log (src/components/ui/Button.tsx:26:13)

    console.log
      [Button] Has onClick in props: false

      at log (src/components/ui/Button.tsx:27:13)

    console.log
      [Button] All props: {}

      at log (src/components/ui/Button.tsx:28:13)

    console.log
      [Button] Rendering with type: button

      at log (src/components/ui/Button.tsx:25:13)

    console.log
      [Button] Props received: {
        variant: 'primary',
        size: 'md',
        type: 'button',
        loading: false,
        disabled: undefined
      }

      at log (src/components/ui/Button.tsx:26:13)

    console.log
      [Button] Has onClick in props: false

      at log (src/components/ui/Button.tsx:27:13)

    console.log
      [Button] All props: {}

      at log (src/components/ui/Button.tsx:28:13)

    console.log
      [Button] Rendering with type: button

      at log (src/components/ui/Button.tsx:25:13)

    console.log
      [Button] Props received: {
        variant: 'outline',
        size: 'md',
        type: 'button',
        loading: false,
        disabled: undefined
      }

      at log (src/components/ui/Button.tsx:26:13)

    console.log
      [Button] Has onClick in props: false

      at log (src/components/ui/Button.tsx:27:13)

    console.log
      [Button] All props: {}

      at log (src/components/ui/Button.tsx:28:13)

    console.log
      [Button] Rendering with type: button

      at log (src/components/ui/Button.tsx:25:13)

    console.log
      [Button] Props received: {
        variant: 'outline',
        size: 'md',
        type: 'button',
        loading: false,
        disabled: undefined
      }

      at log (src/components/ui/Button.tsx:26:13)

    console.log
      [Button] Has onClick in props: false

      at log (src/components/ui/Button.tsx:27:13)

    console.log
      [Button] All props: {}

      at log (src/components/ui/Button.tsx:28:13)

    console.log
      [Button] Rendering with type: button

      at log (src/components/ui/Button.tsx:25:13)

    console.log
      [Button] Props received: {
        variant: 'outline',
        size: 'md',
        type: 'button',
        loading: false,
        disabled: undefined
      }

      at log (src/components/ui/Button.tsx:26:13)

    console.log
      [Button] Has onClick in props: false

      at log (src/components/ui/Button.tsx:27:13)

    console.log
      [Button] All props: {}

      at log (src/components/ui/Button.tsx:28:13)

    console.log
      [Button] Rendering with type: button

      at log (src/components/ui/Button.tsx:25:13)

    console.log
      [Button] Props received: {
        variant: 'secondary',
        size: 'md',
        type: 'button',
        loading: false,
        disabled: undefined
      }

      at log (src/components/ui/Button.tsx:26:13)

    console.log
      [Button] Has onClick in props: false

      at log (src/components/ui/Button.tsx:27:13)

    console.log
      [Button] All props: {}

      at log (src/components/ui/Button.tsx:28:13)

    console.log
      [Button] Rendering with type: button

      at log (src/components/ui/Button.tsx:25:13)

    console.log
      [Button] Props received: {
        variant: 'primary',
        size: 'md',
        type: 'button',
        loading: false,
        disabled: undefined
      }

      at log (src/components/ui/Button.tsx:26:13)

    console.log
      [Button] Has onClick in props: false

      at log (src/components/ui/Button.tsx:27:13)

    console.log
      [Button] All props: {}

      at log (src/components/ui/Button.tsx:28:13)

    console.log
      [Button] Rendering with type: button

      at log (src/components/ui/Button.tsx:25:13)

    console.log
      [Button] Props received: {
        variant: 'outline',
        size: 'md',
        type: 'button',
        loading: false,
        disabled: undefined
      }

      at log (src/components/ui/Button.tsx:26:13)

    console.log
      [Button] Has onClick in props: false

      at log (src/components/ui/Button.tsx:27:13)

    console.log
      [Button] All props: {}

      at log (src/components/ui/Button.tsx:28:13)

    console.log
      [Button] Rendering with type: button

      at log (src/components/ui/Button.tsx:25:13)

    console.log
      [Button] Props received: {
        variant: 'primary',
        size: 'md',
        type: 'button',
        loading: false,
        disabled: undefined
      }

      at log (src/components/ui/Button.tsx:26:13)

    console.log
      [Button] Has onClick in props: false

      at log (src/components/ui/Button.tsx:27:13)

    console.log
      [Button] All props: {}

      at log (src/components/ui/Button.tsx:28:13)

    console.log
      [Button] Rendering with type: button

      at log (src/components/ui/Button.tsx:25:13)

    console.log
      [Button] Props received: {
        variant: 'outline',
        size: 'md',
        type: 'button',
        loading: false,
        disabled: undefined
      }

      at log (src/components/ui/Button.tsx:26:13)

    console.log
      [Button] Has onClick in props: false

      at log (src/components/ui/Button.tsx:27:13)

    console.log
      [Button] All props: {}

      at log (src/components/ui/Button.tsx:28:13)

    console.log
      [Button] Rendering with type: button

      at log (src/components/ui/Button.tsx:25:13)

    console.log
      [Button] Props received: {
        variant: 'secondary',
        size: 'md',
        type: 'button',
        loading: false,
        disabled: undefined
      }

      at log (src/components/ui/Button.tsx:26:13)

    console.log
      [Button] Has onClick in props: false

      at log (src/components/ui/Button.tsx:27:13)

    console.log
      [Button] All props: {}

      at log (src/components/ui/Button.tsx:28:13)

    console.log
      [Button] Rendering with type: button

      at log (src/components/ui/Button.tsx:25:13)

    console.log
      [Button] Props received: {
        variant: 'outline',
        size: 'md',
        type: 'button',
        loading: false,
        disabled: undefined
      }

      at log (src/components/ui/Button.tsx:26:13)

    console.log
      [Button] Has onClick in props: false

      at log (src/components/ui/Button.tsx:27:13)

    console.log
      [Button] All props: {}

      at log (src/components/ui/Button.tsx:28:13)

    console.log
      [Button] Rendering with type: button

      at log (src/components/ui/Button.tsx:25:13)

    console.log
      [Button] Props received: {
        variant: 'primary',
        size: 'md',
        type: 'button',
        loading: false,
        disabled: undefined
      }

      at log (src/components/ui/Button.tsx:26:13)

    console.log
      [Button] Has onClick in props: false

      at log (src/components/ui/Button.tsx:27:13)

    console.log
      [Button] All props: {}

      at log (src/components/ui/Button.tsx:28:13)

    console.log
      [Button] Rendering with type: button

      at log (src/components/ui/Button.tsx:25:13)

    console.log
      [Button] Props received: {
        variant: 'secondary',
        size: 'md',
        type: 'button',
        loading: false,
        disabled: undefined
      }

      at log (src/components/ui/Button.tsx:26:13)

    console.log
      [Button] Has onClick in props: false

      at log (src/components/ui/Button.tsx:27:13)

    console.log
      [Button] All props: {}

      at log (src/components/ui/Button.tsx:28:13)

    console.log
      [Button] Rendering with type: button

      at log (src/components/ui/Button.tsx:25:13)

    console.log
      [Button] Props received: {
        variant: 'primary',
        size: 'md',
        type: 'button',
        loading: false,
        disabled: undefined
      }

      at log (src/components/ui/Button.tsx:26:13)

    console.log
      [Button] Has onClick in props: false

      at log (src/components/ui/Button.tsx:27:13)

    console.log
      [Button] All props: {}

      at log (src/components/ui/Button.tsx:28:13)

    console.log
      [Button] Rendering with type: button

      at log (src/components/ui/Button.tsx:25:13)

    console.log
      [Button] Props received: {
        variant: 'secondary',
        size: 'md',
        type: 'button',
        loading: false,
        disabled: undefined
      }

      at log (src/components/ui/Button.tsx:26:13)

    console.log
      [Button] Has onClick in props: false

      at log (src/components/ui/Button.tsx:27:13)

    console.log
      [Button] All props: {}

      at log (src/components/ui/Button.tsx:28:13)

    console.log
      [Button] Rendering with type: button

      at log (src/components/ui/Button.tsx:25:13)

    console.log
      [Button] Props received: {
        variant: 'secondary',
        size: 'md',
        type: 'button',
        loading: false,
        disabled: undefined
      }

      at log (src/components/ui/Button.tsx:26:13)

    console.log
      [Button] Has onClick in props: false

      at log (src/components/ui/Button.tsx:27:13)

    console.log
      [Button] All props: {}

      at log (src/components/ui/Button.tsx:28:13)

    console.log
      [Button] Rendering with type: button

      at log (src/components/ui/Button.tsx:25:13)

    console.log
      [Button] Props received: {
        variant: 'outline',
        size: 'md',
        type: 'button',
        loading: false,
        disabled: undefined
      }

      at log (src/components/ui/Button.tsx:26:13)

    console.log
      [Button] Has onClick in props: false

      at log (src/components/ui/Button.tsx:27:13)

    console.log
      [Button] All props: {}

      at log (src/components/ui/Button.tsx:28:13)

    console.log
      [Button] Rendering with type: button

      at log (src/components/ui/Button.tsx:25:13)

    console.log
      [Button] Props received: {
        variant: 'primary',
        size: 'md',
        type: 'button',
        loading: false,
        disabled: undefined
      }

      at log (src/components/ui/Button.tsx:26:13)

    console.log
      [Button] Has onClick in props: false

      at log (src/components/ui/Button.tsx:27:13)

    console.log
      [Button] All props: {}

      at log (src/components/ui/Button.tsx:28:13)

    console.log
      [Button] Rendering with type: button

      at log (src/components/ui/Button.tsx:25:13)

    console.log
      [Button] Props received: {
        variant: 'primary',
        size: 'md',
        type: 'button',
        loading: false,
        disabled: undefined
      }

      at log (src/components/ui/Button.tsx:26:13)

    console.log
      [Button] Has onClick in props: false

      at log (src/components/ui/Button.tsx:27:13)

    console.log
      [Button] All props: {}

      at log (src/components/ui/Button.tsx:28:13)

    console.log
      [Button] Rendering with type: button

      at log (src/components/ui/Button.tsx:25:13)

    console.log
      [Button] Props received: {
        variant: 'outline',
        size: 'md',
        type: 'button',
        loading: false,
        disabled: undefined
      }

      at log (src/components/ui/Button.tsx:26:13)

    console.log
      [Button] Has onClick in props: false

      at log (src/components/ui/Button.tsx:27:13)

    console.log
      [Button] All props: {}

      at log (src/components/ui/Button.tsx:28:13)

PASS src/app/dashboard/DashboardClient.test.tsx
PASS src/lib/auth/AuthCoordinator.test.ts
  ● Console

    console.log
      [AuthCoordinator] Deactivating fallback mode { traceId: undefined, timestamp: '2026-02-08T19:37:50.188Z' }

      at log (src/lib/auth/AuthCoordinator.ts:869:11)

    console.log
      [AuthCoordinator] Getting unified auth state {
        requireJWT: false,
        traceId: undefined,
        routeRequirement: 'JWT or session',
        timestamp: '2026-02-08T19:37:50.195Z'
      }

      at log (src/lib/auth/AuthCoordinator.ts:83:11)

    console.log
      [AuthCoordinator] JWT check result {
        hasJWT: true,
        requireJWT: false,
        traceId: undefined,
        timestamp: '2026-02-08T19:37:50.195Z'
      }

      at log (src/lib/auth/AuthCoordinator.ts:92:11)

    console.log
      [AuthCoordinator] Initial state before authentication check {
        initialState: {
          hasJWT: true,
          inFallbackMode: false,
          requireJWT: false,
          timestamp: '2026-02-08T19:37:50.198Z'
        },
        traceId: undefined
      }

      at log (src/lib/auth/AuthCoordinator.ts:109:11)

    console.log
      [AuthCoordinator] State transition: JWT authentication {
        before: {
          hasJWT: true,
          inFallbackMode: false,
          requireJWT: false,
          timestamp: '2026-02-08T19:37:50.198Z'
        },
        after: {
          hasSession: true,
          hasJWT: true,
          isAuthenticated: true,
          userId: null,
          email: null,
          inFallbackMode: false,
          authMethod: 'jwt'
        },
        transition: 'unauthenticated -> authenticated (JWT)',
        traceId: undefined,
        timestamp: '2026-02-08T19:37:50.198Z',
        durationMs: 3
      }

      at log (src/lib/auth/AuthCoordinator.ts:127:13)

    console.log
      [AuthCoordinator] Authenticated via JWT (JWT priority applied) {
        state: {
          hasSession: true,
          hasJWT: true,
          isAuthenticated: true,
          userId: null,
          email: null,
          inFallbackMode: false,
          authMethod: 'jwt'
        },
        traceId: undefined,
        note: 'JWT takes precedence over session authentication'
      }

      at log (src/lib/auth/AuthCoordinator.ts:136:13)

    console.log
      [AuthCoordinator] Deactivating fallback mode { traceId: undefined, timestamp: '2026-02-08T19:37:50.202Z' }

      at log (src/lib/auth/AuthCoordinator.ts:869:11)

    console.log
      [AuthCoordinator] Getting unified auth state {
        requireJWT: false,
        traceId: undefined,
        routeRequirement: 'JWT or session',
        timestamp: '2026-02-08T19:37:50.202Z'
      }

      at log (src/lib/auth/AuthCoordinator.ts:83:11)

    console.log
      [AuthCoordinator] JWT check result {
        hasJWT: false,
        requireJWT: false,
        traceId: undefined,
        timestamp: '2026-02-08T19:37:50.203Z'
      }

      at log (src/lib/auth/AuthCoordinator.ts:92:11)

    console.log
      [AuthCoordinator] Initial state before authentication check {
        initialState: {
          hasJWT: false,
          inFallbackMode: false,
          requireJWT: false,
          timestamp: '2026-02-08T19:37:50.203Z'
        },
        traceId: undefined
      }

      at log (src/lib/auth/AuthCoordinator.ts:109:11)

    console.log
      [AuthCoordinator] No JWT found, checking session { traceId: undefined, timestamp: '2026-02-08T19:37:50.203Z' }

      at log (src/lib/auth/AuthCoordinator.ts:186:11)

    console.log
      [AuthCoordinator] Session validity check {
        status: 401,
        valid: false,
        traceId: undefined,
        timestamp: '2026-02-08T19:37:50.204Z'
      }

      at log (src/lib/auth/AuthCoordinator.ts:404:13)

    console.log
      [AuthCoordinator] Session check result {
        sessionValid: false,
        traceId: undefined,
        timestamp: '2026-02-08T19:37:50.204Z'
      }

      at log (src/lib/auth/AuthCoordinator.ts:194:13)

    console.log
      [AuthCoordinator] State transition: No authentication found {
        before: {
          hasJWT: false,
          inFallbackMode: false,
          requireJWT: false,
          timestamp: '2026-02-08T19:37:50.203Z'
        },
        after: {
          hasSession: false,
          hasJWT: false,
          isAuthenticated: false,
          userId: null,
          email: null,
          inFallbackMode: false,
          authMethod: 'none',
          reason: 'No JWT or session found'
        },
        transition: 'unauthenticated -> unauthenticated (no JWT or session)',
        traceId: undefined,
        timestamp: '2026-02-08T19:37:50.204Z',
        durationMs: 2,
        reason: 'No JWT or session found'
      }

      at log (src/lib/auth/AuthCoordinator.ts:334:13)

    console.log
      [AuthCoordinator] Not authenticated {
        state: {
          hasSession: false,
          hasJWT: false,
          isAuthenticated: false,
          userId: null,
          email: null,
          inFallbackMode: false,
          authMethod: 'none',
          reason: 'No JWT or session found'
        },
        traceId: undefined
      }

      at log (src/lib/auth/AuthCoordinator.ts:344:13)

    console.log
      [AuthCoordinator] Deactivating fallback mode { traceId: undefined, timestamp: '2026-02-08T19:37:50.207Z' }

      at log (src/lib/auth/AuthCoordinator.ts:869:11)

    console.log
      [AuthCoordinator] Getting unified auth state {
        requireJWT: false,
        traceId: 'test-trace-123',
        routeRequirement: 'JWT or session',
        timestamp: '2026-02-08T19:37:50.207Z'
      }

      at log (src/lib/auth/AuthCoordinator.ts:83:11)

    console.log
      [AuthCoordinator] JWT check result {
        hasJWT: true,
        requireJWT: false,
        traceId: 'test-trace-123',
        timestamp: '2026-02-08T19:37:50.208Z'
      }

      at log (src/lib/auth/AuthCoordinator.ts:92:11)

    console.log
      [AuthCoordinator] Initial state before authentication check {
        initialState: {
          hasJWT: true,
          inFallbackMode: false,
          requireJWT: false,
          timestamp: '2026-02-08T19:37:50.208Z'
        },
        traceId: 'test-trace-123'
      }

      at log (src/lib/auth/AuthCoordinator.ts:109:11)

    console.log
      [AuthCoordinator] State transition: JWT authentication {
        before: {
          hasJWT: true,
          inFallbackMode: false,
          requireJWT: false,
          timestamp: '2026-02-08T19:37:50.208Z'
        },
        after: {
          hasSession: true,
          hasJWT: true,
          isAuthenticated: true,
          userId: null,
          email: null,
          inFallbackMode: false,
          authMethod: 'jwt'
        },
        transition: 'unauthenticated -> authenticated (JWT)',
        traceId: 'test-trace-123',
        timestamp: '2026-02-08T19:37:50.208Z',
        durationMs: 1
      }

      at log (src/lib/auth/AuthCoordinator.ts:127:13)

    console.log
      [AuthCoordinator] Authenticated via JWT (JWT priority applied) {
        state: {
          hasSession: true,
          hasJWT: true,
          isAuthenticated: true,
          userId: null,
          email: null,
          inFallbackMode: false,
          authMethod: 'jwt'
        },
        traceId: 'test-trace-123',
        note: 'JWT takes precedence over session authentication'
      }

      at log (src/lib/auth/AuthCoordinator.ts:136:13)

    console.log
      [AuthCoordinator] Deactivating fallback mode { traceId: undefined, timestamp: '2026-02-08T19:37:50.209Z' }

      at log (src/lib/auth/AuthCoordinator.ts:869:11)

    console.log
      [AuthCoordinator] Getting unified auth state {
        requireJWT: true,
        traceId: undefined,
        routeRequirement: 'JWT-only',
        timestamp: '2026-02-08T19:37:50.210Z'
      }

      at log (src/lib/auth/AuthCoordinator.ts:83:11)

    console.log
      [AuthCoordinator] JWT check result {
        hasJWT: false,
        requireJWT: true,
        traceId: undefined,
        timestamp: '2026-02-08T19:37:50.210Z'
      }

      at log (src/lib/auth/AuthCoordinator.ts:92:11)

    console.log
      [AuthCoordinator] Initial state before authentication check {
        initialState: {
          hasJWT: false,
          inFallbackMode: false,
          requireJWT: true,
          timestamp: '2026-02-08T19:37:50.210Z'
        },
        traceId: undefined
      }

      at log (src/lib/auth/AuthCoordinator.ts:109:11)

    console.log
      [AuthCoordinator] State transition: JWT requirement not met {
        before: {
          hasJWT: false,
          inFallbackMode: false,
          requireJWT: true,
          timestamp: '2026-02-08T19:37:50.210Z'
        },
        after: {
          hasSession: false,
          hasJWT: false,
          isAuthenticated: false,
          userId: null,
          email: null,
          inFallbackMode: false,
          authMethod: 'none',
          reason: 'JWT required for this route'
        },
        transition: 'unauthenticated -> rejected (JWT required)',
        traceId: undefined,
        timestamp: '2026-02-08T19:37:50.210Z',
        durationMs: 0,
        reason: 'JWT required for this route'
      }

      at log (src/lib/auth/AuthCoordinator.ts:162:13)

    console.log
      [AuthCoordinator] JWT required but not found, skipping session check {
        state: {
          hasSession: false,
          hasJWT: false,
          isAuthenticated: false,
          userId: null,
          email: null,
          inFallbackMode: false,
          authMethod: 'none',
          reason: 'JWT required for this route'
        },
        traceId: undefined,
        requireJWT: true
      }

      at log (src/lib/auth/AuthCoordinator.ts:172:13)

    console.log
      [AuthCoordinator] Deactivating fallback mode { traceId: undefined, timestamp: '2026-02-08T19:37:50.211Z' }

      at log (src/lib/auth/AuthCoordinator.ts:869:11)

    console.log
      [AuthCoordinator] Getting unified auth state {
        requireJWT: true,
        traceId: undefined,
        routeRequirement: 'JWT-only',
        timestamp: '2026-02-08T19:37:50.213Z'
      }

      at log (src/lib/auth/AuthCoordinator.ts:83:11)

    console.log
      [AuthCoordinator] JWT check result {
        hasJWT: true,
        requireJWT: true,
        traceId: undefined,
        timestamp: '2026-02-08T19:37:50.213Z'
      }

      at log (src/lib/auth/AuthCoordinator.ts:92:11)

    console.log
      [AuthCoordinator] Initial state before authentication check {
        initialState: {
          hasJWT: true,
          inFallbackMode: false,
          requireJWT: true,
          timestamp: '2026-02-08T19:37:50.213Z'
        },
        traceId: undefined
      }

      at log (src/lib/auth/AuthCoordinator.ts:109:11)

    console.log
      [AuthCoordinator] State transition: JWT authentication {
        before: {
          hasJWT: true,
          inFallbackMode: false,
          requireJWT: true,
          timestamp: '2026-02-08T19:37:50.213Z'
        },
        after: {
          hasSession: true,
          hasJWT: true,
          isAuthenticated: true,
          userId: null,
          email: null,
          inFallbackMode: false,
          authMethod: 'jwt'
        },
        transition: 'unauthenticated -> authenticated (JWT)',
        traceId: undefined,
        timestamp: '2026-02-08T19:37:50.213Z',
        durationMs: 0
      }

      at log (src/lib/auth/AuthCoordinator.ts:127:13)

    console.log
      [AuthCoordinator] Authenticated via JWT (JWT priority applied) {
        state: {
          hasSession: true,
          hasJWT: true,
          isAuthenticated: true,
          userId: null,
          email: null,
          inFallbackMode: false,
          authMethod: 'jwt'
        },
        traceId: undefined,
        note: 'JWT takes precedence over session authentication'
      }

      at log (src/lib/auth/AuthCoordinator.ts:136:13)

    console.log
      [AuthCoordinator] Deactivating fallback mode { traceId: undefined, timestamp: '2026-02-08T19:37:50.214Z' }

      at log (src/lib/auth/AuthCoordinator.ts:869:11)

    console.log
      [AuthCoordinator] Getting unified auth state {
        requireJWT: true,
        traceId: undefined,
        routeRequirement: 'JWT-only',
        timestamp: '2026-02-08T19:37:50.215Z'
      }

      at log (src/lib/auth/AuthCoordinator.ts:83:11)

    console.log
      [AuthCoordinator] JWT check result {
        hasJWT: false,
        requireJWT: true,
        traceId: undefined,
        timestamp: '2026-02-08T19:37:50.215Z'
      }

      at log (src/lib/auth/AuthCoordinator.ts:92:11)

    console.log
      [AuthCoordinator] Initial state before authentication check {
        initialState: {
          hasJWT: false,
          inFallbackMode: false,
          requireJWT: true,
          timestamp: '2026-02-08T19:37:50.215Z'
        },
        traceId: undefined
      }

      at log (src/lib/auth/AuthCoordinator.ts:109:11)

    console.log
      [AuthCoordinator] State transition: JWT requirement not met {
        before: {
          hasJWT: false,
          inFallbackMode: false,
          requireJWT: true,
          timestamp: '2026-02-08T19:37:50.215Z'
        },
        after: {
          hasSession: false,
          hasJWT: false,
          isAuthenticated: false,
          userId: null,
          email: null,
          inFallbackMode: false,
          authMethod: 'none',
          reason: 'JWT required for this route'
        },
        transition: 'unauthenticated -> rejected (JWT required)',
        traceId: undefined,
        timestamp: '2026-02-08T19:37:50.215Z',
        durationMs: 0,
        reason: 'JWT required for this route'
      }

      at log (src/lib/auth/AuthCoordinator.ts:162:13)

    console.log
      [AuthCoordinator] JWT required but not found, skipping session check {
        state: {
          hasSession: false,
          hasJWT: false,
          isAuthenticated: false,
          userId: null,
          email: null,
          inFallbackMode: false,
          authMethod: 'none',
          reason: 'JWT required for this route'
        },
        traceId: undefined,
        requireJWT: true
      }

      at log (src/lib/auth/AuthCoordinator.ts:172:13)

    console.log
      [AuthCoordinator] Deactivating fallback mode { traceId: undefined, timestamp: '2026-02-08T19:37:50.217Z' }

      at log (src/lib/auth/AuthCoordinator.ts:869:11)

    console.log
      [AuthCoordinator] Getting unified auth state {
        requireJWT: true,
        traceId: 'test-trace-456',
        routeRequirement: 'JWT-only',
        timestamp: '2026-02-08T19:37:50.217Z'
      }

      at log (src/lib/auth/AuthCoordinator.ts:83:11)

    console.log
      [AuthCoordinator] JWT check result {
        hasJWT: false,
        requireJWT: true,
        traceId: 'test-trace-456',
        timestamp: '2026-02-08T19:37:50.217Z'
      }

      at log (src/lib/auth/AuthCoordinator.ts:92:11)

    console.log
      [AuthCoordinator] Initial state before authentication check {
        initialState: {
          hasJWT: false,
          inFallbackMode: false,
          requireJWT: true,
          timestamp: '2026-02-08T19:37:50.217Z'
        },
        traceId: 'test-trace-456'
      }

      at log (src/lib/auth/AuthCoordinator.ts:109:11)

    console.log
      [AuthCoordinator] State transition: JWT requirement not met {
        before: {
          hasJWT: false,
          inFallbackMode: false,
          requireJWT: true,
          timestamp: '2026-02-08T19:37:50.217Z'
        },
        after: {
          hasSession: false,
          hasJWT: false,
          isAuthenticated: false,
          userId: null,
          email: null,
          inFallbackMode: false,
          authMethod: 'none',
          reason: 'JWT required for this route'
        },
        transition: 'unauthenticated -> rejected (JWT required)',
        traceId: 'test-trace-456',
        timestamp: '2026-02-08T19:37:50.217Z',
        durationMs: 0,
        reason: 'JWT required for this route'
      }

      at log (src/lib/auth/AuthCoordinator.ts:162:13)

    console.log
      [AuthCoordinator] JWT required but not found, skipping session check {
        state: {
          hasSession: false,
          hasJWT: false,
          isAuthenticated: false,
          userId: null,
          email: null,
          inFallbackMode: false,
          authMethod: 'none',
          reason: 'JWT required for this route'
        },
        traceId: 'test-trace-456',
        requireJWT: true
      }

      at log (src/lib/auth/AuthCoordinator.ts:172:13)

    console.log
      [AuthCoordinator] Deactivating fallback mode { traceId: undefined, timestamp: '2026-02-08T19:37:50.219Z' }

      at log (src/lib/auth/AuthCoordinator.ts:869:11)

    console.log
      [AuthCoordinator] Getting unified auth state {
        requireJWT: true,
        traceId: undefined,
        routeRequirement: 'JWT-only',
        timestamp: '2026-02-08T19:37:50.219Z'
      }

      at log (src/lib/auth/AuthCoordinator.ts:83:11)

    console.log
      [AuthCoordinator] JWT check result {
        hasJWT: false,
        requireJWT: true,
        traceId: undefined,
        timestamp: '2026-02-08T19:37:50.220Z'
      }

      at log (src/lib/auth/AuthCoordinator.ts:92:11)

    console.log
      [AuthCoordinator] Initial state before authentication check {
        initialState: {
          hasJWT: false,
          inFallbackMode: false,
          requireJWT: true,
          timestamp: '2026-02-08T19:37:50.220Z'
        },
        traceId: undefined
      }

      at log (src/lib/auth/AuthCoordinator.ts:109:11)

    console.log
      [AuthCoordinator] State transition: JWT requirement not met {
        before: {
          hasJWT: false,
          inFallbackMode: false,
          requireJWT: true,
          timestamp: '2026-02-08T19:37:50.220Z'
        },
        after: {
          hasSession: false,
          hasJWT: false,
          isAuthenticated: false,
          userId: null,
          email: null,
          inFallbackMode: false,
          authMethod: 'none',
          reason: 'JWT required for this route'
        },
        transition: 'unauthenticated -> rejected (JWT required)',
        traceId: undefined,
        timestamp: '2026-02-08T19:37:50.221Z',
        durationMs: 2,
        reason: 'JWT required for this route'
      }

      at log (src/lib/auth/AuthCoordinator.ts:162:13)

    console.log
      [AuthCoordinator] JWT required but not found, skipping session check {
        state: {
          hasSession: false,
          hasJWT: false,
          isAuthenticated: false,
          userId: null,
          email: null,
          inFallbackMode: false,
          authMethod: 'none',
          reason: 'JWT required for this route'
        },
        traceId: undefined,
        requireJWT: true
      }

      at log (src/lib/auth/AuthCoordinator.ts:172:13)

    console.log
      [AuthCoordinator] Deactivating fallback mode { traceId: undefined, timestamp: '2026-02-08T19:37:50.224Z' }

      at log (src/lib/auth/AuthCoordinator.ts:869:11)

    console.log
      [AuthCoordinator] Getting unified auth state {
        requireJWT: false,
        traceId: undefined,
        routeRequirement: 'JWT or session',
        timestamp: '2026-02-08T19:37:50.225Z'
      }

      at log (src/lib/auth/AuthCoordinator.ts:83:11)

    console.log
      [AuthCoordinator] JWT check result {
        hasJWT: false,
        requireJWT: false,
        traceId: undefined,
        timestamp: '2026-02-08T19:37:50.225Z'
      }

      at log (src/lib/auth/AuthCoordinator.ts:92:11)

    console.log
      [AuthCoordinator] Initial state before authentication check {
        initialState: {
          hasJWT: false,
          inFallbackMode: false,
          requireJWT: false,
          timestamp: '2026-02-08T19:37:50.225Z'
        },
        traceId: undefined
      }

      at log (src/lib/auth/AuthCoordinator.ts:109:11)

    console.log
      [AuthCoordinator] No JWT found, checking session { traceId: undefined, timestamp: '2026-02-08T19:37:50.225Z' }

      at log (src/lib/auth/AuthCoordinator.ts:186:11)

    console.log
      [AuthCoordinator] Session validity check {
        status: 401,
        valid: false,
        traceId: undefined,
        timestamp: '2026-02-08T19:37:50.225Z'
      }

      at log (src/lib/auth/AuthCoordinator.ts:404:13)

    console.log
      [AuthCoordinator] Session check result {
        sessionValid: false,
        traceId: undefined,
        timestamp: '2026-02-08T19:37:50.225Z'
      }

      at log (src/lib/auth/AuthCoordinator.ts:194:13)

    console.log
      [AuthCoordinator] State transition: No authentication found {
        before: {
          hasJWT: false,
          inFallbackMode: false,
          requireJWT: false,
          timestamp: '2026-02-08T19:37:50.225Z'
        },
        after: {
          hasSession: false,
          hasJWT: false,
          isAuthenticated: false,
          userId: null,
          email: null,
          inFallbackMode: false,
          authMethod: 'none',
          reason: 'No JWT or session found'
        },
        transition: 'unauthenticated -> unauthenticated (no JWT or session)',
        traceId: undefined,
        timestamp: '2026-02-08T19:37:50.225Z',
        durationMs: 0,
        reason: 'No JWT or session found'
      }

      at log (src/lib/auth/AuthCoordinator.ts:334:13)

    console.log
      [AuthCoordinator] Not authenticated {
        state: {
          hasSession: false,
          hasJWT: false,
          isAuthenticated: false,
          userId: null,
          email: null,
          inFallbackMode: false,
          authMethod: 'none',
          reason: 'No JWT or session found'
        },
        traceId: undefined
      }

      at log (src/lib/auth/AuthCoordinator.ts:344:13)

    console.log
      [AuthCoordinator] Deactivating fallback mode { traceId: undefined, timestamp: '2026-02-08T19:37:50.226Z' }

      at log (src/lib/auth/AuthCoordinator.ts:869:11)

    console.log
      [AuthCoordinator] Getting unified auth state {
        requireJWT: false,
        traceId: undefined,
        routeRequirement: 'JWT or session',
        timestamp: '2026-02-08T19:37:50.226Z'
      }

      at log (src/lib/auth/AuthCoordinator.ts:83:11)

    console.log
      [AuthCoordinator] JWT check result {
        hasJWT: true,
        requireJWT: false,
        traceId: undefined,
        timestamp: '2026-02-08T19:37:50.226Z'
      }

      at log (src/lib/auth/AuthCoordinator.ts:92:11)

    console.log
      [AuthCoordinator] Initial state before authentication check {
        initialState: {
          hasJWT: true,
          inFallbackMode: false,
          requireJWT: false,
          timestamp: '2026-02-08T19:37:50.227Z'
        },
        traceId: undefined
      }

      at log (src/lib/auth/AuthCoordinator.ts:109:11)

    console.log
      [AuthCoordinator] State transition: JWT authentication {
        before: {
          hasJWT: true,
          inFallbackMode: false,
          requireJWT: false,
          timestamp: '2026-02-08T19:37:50.227Z'
        },
        after: {
          hasSession: true,
          hasJWT: true,
          isAuthenticated: true,
          userId: null,
          email: null,
          inFallbackMode: false,
          authMethod: 'jwt'
        },
        transition: 'unauthenticated -> authenticated (JWT)',
        traceId: undefined,
        timestamp: '2026-02-08T19:37:50.227Z',
        durationMs: 1
      }

      at log (src/lib/auth/AuthCoordinator.ts:127:13)

    console.log
      [AuthCoordinator] Authenticated via JWT (JWT priority applied) {
        state: {
          hasSession: true,
          hasJWT: true,
          isAuthenticated: true,
          userId: null,
          email: null,
          inFallbackMode: false,
          authMethod: 'jwt'
        },
        traceId: undefined,
        note: 'JWT takes precedence over session authentication'
      }

      at log (src/lib/auth/AuthCoordinator.ts:136:13)

    console.log
      [AuthCoordinator] Deactivating fallback mode { traceId: undefined, timestamp: '2026-02-08T19:37:50.227Z' }

      at log (src/lib/auth/AuthCoordinator.ts:869:11)

    console.log
      [AuthCoordinator] Getting unified auth state {
        requireJWT: false,
        traceId: undefined,
        routeRequirement: 'JWT or session',
        timestamp: '2026-02-08T19:37:50.228Z'
      }

      at log (src/lib/auth/AuthCoordinator.ts:83:11)

    console.log
      [AuthCoordinator] JWT check result {
        hasJWT: false,
        requireJWT: false,
        traceId: undefined,
        timestamp: '2026-02-08T19:37:50.228Z'
      }

      at log (src/lib/auth/AuthCoordinator.ts:92:11)

    console.log
      [AuthCoordinator] Initial state before authentication check {
        initialState: {
          hasJWT: false,
          inFallbackMode: false,
          requireJWT: false,
          timestamp: '2026-02-08T19:37:50.228Z'
        },
        traceId: undefined
      }

      at log (src/lib/auth/AuthCoordinator.ts:109:11)

    console.log
      [AuthCoordinator] No JWT found, checking session { traceId: undefined, timestamp: '2026-02-08T19:37:50.228Z' }

      at log (src/lib/auth/AuthCoordinator.ts:186:11)

    console.log
      [AuthCoordinator] Session validity check {
        status: undefined,
        valid: true,
        traceId: undefined,
        timestamp: '2026-02-08T19:37:50.228Z'
      }

      at log (src/lib/auth/AuthCoordinator.ts:404:13)

    console.log
      [AuthCoordinator] Session check result {
        sessionValid: true,
        traceId: undefined,
        timestamp: '2026-02-08T19:37:50.228Z'
      }

      at log (src/lib/auth/AuthCoordinator.ts:194:13)

    console.log
      [AuthCoordinator] Valid session without JWT, attempting refresh {
        traceId: undefined,
        requireJWT: false,
        timestamp: '2026-02-08T19:37:50.228Z'
      }

      at log (src/lib/auth/AuthCoordinator.ts:202:15)

    console.log
      [AuthCoordinator] Attempting JWT refresh from session {
        traceId: undefined,
        retryCount: 0,
        maxRetries: 1,
        requireJWT: false,
        routeRequirement: 'JWT or session allowed',
        timestamp: '2026-02-08T19:37:50.229Z'
      }

      at log (src/lib/auth/AuthCoordinator.ts:448:11)

    console.log
      [AuthCoordinator] State before JWT refresh attempt {
        beforeState: {
          hasJWT: false,
          retryCount: 0,
          timestamp: '2026-02-08T19:37:50.229Z'
        },
        traceId: undefined
      }

      at log (src/lib/auth/AuthCoordinator.ts:463:11)

    console.warn
      [AuthCoordinator] JWT refresh response missing token {
        traceId: undefined,
        retryCount: 0,
        timestamp: '2026-02-08T19:37:50.229Z'
      }

      632 |       };
      633 |       
    > 634 |       console.warn('[AuthCoordinator] JWT refresh response missing token', { 
          |               ^
      635 |         traceId, 
      636 |         retryCount,
      637 |         timestamp: new Date().toISOString()

      at warn (src/lib/auth/AuthCoordinator.ts:634:15)
      at getAuthState (src/lib/auth/AuthCoordinator.ts:207:25)
      at Object.<anonymous> (src/lib/auth/AuthCoordinator.test.ts:209:23)

    console.log
      [AuthCoordinator] State transition: JWT refresh failed (missing token) {
        before: {
          hasJWT: false,
          retryCount: 0,
          timestamp: '2026-02-08T19:37:50.229Z'
        },
        after: {
          hasJWT: false,
          success: false,
          reason: 'Response missing token',
          timestamp: '2026-02-08T19:37:50.229Z'
        },
        transition: 'refresh attempt -> failed (missing token)',
        traceId: undefined,
        durationMs: 0,
        reason: 'Response missing token'
      }

      at log (src/lib/auth/AuthCoordinator.ts:641:15)

    console.log
      [AuthCoordinator] JWT refresh failed, checking if fallback mode should be activated {
        requireJWT: false,
        traceId: undefined,
        timestamp: '2026-02-08T19:37:50.229Z'
      }

      at log (src/lib/auth/AuthCoordinator.ts:277:17)

    console.log
      [AuthCoordinator] State transition: Fallback mode activated {
        before: {
          hasJWT: false,
          inFallbackMode: false,
          requireJWT: false,
          timestamp: '2026-02-08T19:37:50.228Z'
        },
        after: {
          hasSession: true,
          hasJWT: false,
          isAuthenticated: true,
          userId: null,
          email: null,
          inFallbackMode: true,
          authMethod: 'session'
        },
        transition: 'session-only -> authenticated (fallback mode)',
        traceId: undefined,
        timestamp: '2026-02-08T19:37:50.229Z',
        durationMs: 1,
        reason: 'JWT refresh failed for non-JWT-required route'
      }

      at log (src/lib/auth/AuthCoordinator.ts:294:17)

    console.log
      [AuthCoordinator] Using session-based auth (JWT refresh failed), activating fallback mode {
        state: {
          hasSession: true,
          hasJWT: false,
          isAuthenticated: true,
          userId: null,
          email: null,
          inFallbackMode: true,
          authMethod: 'session'
        },
        traceId: undefined,
        reason: 'JWT refresh failed for non-JWT-required route'
      }

      at log (src/lib/auth/AuthCoordinator.ts:304:17)

    console.log
      [AuthCoordinator] Activating fallback mode {
        reason: 'JWT refresh failed',
        traceId: undefined,
        timestamp: '2026-02-08T19:37:50.229Z'
      }

      at log (src/lib/auth/AuthCoordinator.ts:802:11)

    console.log
      [AuthCoordinator] Deactivating fallback mode { traceId: undefined, timestamp: '2026-02-08T19:37:50.230Z' }

      at log (src/lib/auth/AuthCoordinator.ts:869:11)

    console.log
      [AuthCoordinator] Getting unified auth state {
        requireJWT: false,
        traceId: undefined,
        routeRequirement: 'JWT or session',
        timestamp: '2026-02-08T19:37:50.231Z'
      }

      at log (src/lib/auth/AuthCoordinator.ts:83:11)

    console.log
      [AuthCoordinator] JWT check result {
        hasJWT: true,
        requireJWT: false,
        traceId: undefined,
        timestamp: '2026-02-08T19:37:50.231Z'
      }

      at log (src/lib/auth/AuthCoordinator.ts:92:11)

    console.log
      [AuthCoordinator] Initial state before authentication check {
        initialState: {
          hasJWT: true,
          inFallbackMode: false,
          requireJWT: false,
          timestamp: '2026-02-08T19:37:50.231Z'
        },
        traceId: undefined
      }

      at log (src/lib/auth/AuthCoordinator.ts:109:11)

    console.log
      [AuthCoordinator] State transition: JWT authentication {
        before: {
          hasJWT: true,
          inFallbackMode: false,
          requireJWT: false,
          timestamp: '2026-02-08T19:37:50.231Z'
        },
        after: {
          hasSession: true,
          hasJWT: true,
          isAuthenticated: true,
          userId: null,
          email: null,
          inFallbackMode: false,
          authMethod: 'jwt'
        },
        transition: 'unauthenticated -> authenticated (JWT)',
        traceId: undefined,
        timestamp: '2026-02-08T19:37:50.231Z',
        durationMs: 0
      }

      at log (src/lib/auth/AuthCoordinator.ts:127:13)

    console.log
      [AuthCoordinator] Authenticated via JWT (JWT priority applied) {
        state: {
          hasSession: true,
          hasJWT: true,
          isAuthenticated: true,
          userId: null,
          email: null,
          inFallbackMode: false,
          authMethod: 'jwt'
        },
        traceId: undefined,
        note: 'JWT takes precedence over session authentication'
      }

      at log (src/lib/auth/AuthCoordinator.ts:136:13)

    console.log
      [AuthCoordinator] Deactivating fallback mode { traceId: undefined, timestamp: '2026-02-08T19:37:50.233Z' }

      at log (src/lib/auth/AuthCoordinator.ts:869:11)

    console.log
      [AuthCoordinator] Getting unified auth state {
        requireJWT: false,
        traceId: undefined,
        routeRequirement: 'JWT or session',
        timestamp: '2026-02-08T19:37:50.234Z'
      }

      at log (src/lib/auth/AuthCoordinator.ts:83:11)

    console.log
      [AuthCoordinator] JWT check result {
        hasJWT: true,
        requireJWT: false,
        traceId: undefined,
        timestamp: '2026-02-08T19:37:50.235Z'
      }

      at log (src/lib/auth/AuthCoordinator.ts:92:11)

    console.log
      [AuthCoordinator] Initial state before authentication check {
        initialState: {
          hasJWT: true,
          inFallbackMode: false,
          requireJWT: false,
          timestamp: '2026-02-08T19:37:50.235Z'
        },
        traceId: undefined
      }

      at log (src/lib/auth/AuthCoordinator.ts:109:11)

    console.log
      [AuthCoordinator] State transition: JWT authentication {
        before: {
          hasJWT: true,
          inFallbackMode: false,
          requireJWT: false,
          timestamp: '2026-02-08T19:37:50.235Z'
        },
        after: {
          hasSession: true,
          hasJWT: true,
          isAuthenticated: true,
          userId: null,
          email: null,
          inFallbackMode: false,
          authMethod: 'jwt'
        },
        transition: 'unauthenticated -> authenticated (JWT)',
        traceId: undefined,
        timestamp: '2026-02-08T19:37:50.235Z',
        durationMs: 1
      }

      at log (src/lib/auth/AuthCoordinator.ts:127:13)

    console.log
      [AuthCoordinator] Authenticated via JWT (JWT priority applied) {
        state: {
          hasSession: true,
          hasJWT: true,
          isAuthenticated: true,
          userId: null,
          email: null,
          inFallbackMode: false,
          authMethod: 'jwt'
        },
        traceId: undefined,
        note: 'JWT takes precedence over session authentication'
      }

      at log (src/lib/auth/AuthCoordinator.ts:136:13)

    console.log
      [AuthCoordinator] Deactivating fallback mode { traceId: undefined, timestamp: '2026-02-08T19:37:50.236Z' }

      at log (src/lib/auth/AuthCoordinator.ts:869:11)

    console.log
      [AuthCoordinator] Getting unified auth state {
        requireJWT: false,
        traceId: undefined,
        routeRequirement: 'JWT or session',
        timestamp: '2026-02-08T19:37:50.237Z'
      }

      at log (src/lib/auth/AuthCoordinator.ts:83:11)

    console.log
      [AuthCoordinator] JWT check result {
        hasJWT: true,
        requireJWT: false,
        traceId: undefined,
        timestamp: '2026-02-08T19:37:50.237Z'
      }

      at log (src/lib/auth/AuthCoordinator.ts:92:11)

    console.log
      [AuthCoordinator] Initial state before authentication check {
        initialState: {
          hasJWT: true,
          inFallbackMode: false,
          requireJWT: false,
          timestamp: '2026-02-08T19:37:50.238Z'
        },
        traceId: undefined
      }

      at log (src/lib/auth/AuthCoordinator.ts:109:11)

    console.log
      [AuthCoordinator] State transition: JWT authentication {
        before: {
          hasJWT: true,
          inFallbackMode: false,
          requireJWT: false,
          timestamp: '2026-02-08T19:37:50.238Z'
        },
        after: {
          hasSession: true,
          hasJWT: true,
          isAuthenticated: true,
          userId: null,
          email: null,
          inFallbackMode: false,
          authMethod: 'jwt'
        },
        transition: 'unauthenticated -> authenticated (JWT)',
        traceId: undefined,
        timestamp: '2026-02-08T19:37:50.238Z',
        durationMs: 1
      }

      at log (src/lib/auth/AuthCoordinator.ts:127:13)

    console.log
      [AuthCoordinator] Authenticated via JWT (JWT priority applied) {
        state: {
          hasSession: true,
          hasJWT: true,
          isAuthenticated: true,
          userId: null,
          email: null,
          inFallbackMode: false,
          authMethod: 'jwt'
        },
        traceId: undefined,
        note: 'JWT takes precedence over session authentication'
      }

      at log (src/lib/auth/AuthCoordinator.ts:136:13)

    console.log
      [AuthCoordinator] Deactivating fallback mode { traceId: undefined, timestamp: '2026-02-08T19:37:50.239Z' }

      at log (src/lib/auth/AuthCoordinator.ts:869:11)

    console.log
      [AuthCoordinator] Getting unified auth state {
        requireJWT: false,
        traceId: undefined,
        routeRequirement: 'JWT or session',
        timestamp: '2026-02-08T19:37:50.239Z'
      }

      at log (src/lib/auth/AuthCoordinator.ts:83:11)

    console.log
      [AuthCoordinator] JWT check result {
        hasJWT: true,
        requireJWT: false,
        traceId: undefined,
        timestamp: '2026-02-08T19:37:50.239Z'
      }

      at log (src/lib/auth/AuthCoordinator.ts:92:11)

    console.log
      [AuthCoordinator] Initial state before authentication check {
        initialState: {
          hasJWT: true,
          inFallbackMode: false,
          requireJWT: false,
          timestamp: '2026-02-08T19:37:50.239Z'
        },
        traceId: undefined
      }

      at log (src/lib/auth/AuthCoordinator.ts:109:11)

    console.log
      [AuthCoordinator] State transition: JWT authentication {
        before: {
          hasJWT: true,
          inFallbackMode: false,
          requireJWT: false,
          timestamp: '2026-02-08T19:37:50.239Z'
        },
        after: {
          hasSession: true,
          hasJWT: true,
          isAuthenticated: true,
          userId: null,
          email: null,
          inFallbackMode: false,
          authMethod: 'jwt'
        },
        transition: 'unauthenticated -> authenticated (JWT)',
        traceId: undefined,
        timestamp: '2026-02-08T19:37:50.239Z',
        durationMs: 0
      }

      at log (src/lib/auth/AuthCoordinator.ts:127:13)

    console.log
      [AuthCoordinator] Authenticated via JWT (JWT priority applied) {
        state: {
          hasSession: true,
          hasJWT: true,
          isAuthenticated: true,
          userId: null,
          email: null,
          inFallbackMode: false,
          authMethod: 'jwt'
        },
        traceId: undefined,
        note: 'JWT takes precedence over session authentication'
      }

      at log (src/lib/auth/AuthCoordinator.ts:136:13)

    console.log
      [AuthCoordinator] Deactivating fallback mode { traceId: undefined, timestamp: '2026-02-08T19:37:50.240Z' }

      at log (src/lib/auth/AuthCoordinator.ts:869:11)

    console.log
      [AuthCoordinator] Getting unified auth state {
        requireJWT: true,
        traceId: undefined,
        routeRequirement: 'JWT-only',
        timestamp: '2026-02-08T19:37:50.240Z'
      }

      at log (src/lib/auth/AuthCoordinator.ts:83:11)

    console.log
      [AuthCoordinator] JWT check result {
        hasJWT: false,
        requireJWT: true,
        traceId: undefined,
        timestamp: '2026-02-08T19:37:50.240Z'
      }

      at log (src/lib/auth/AuthCoordinator.ts:92:11)

    console.log
      [AuthCoordinator] Initial state before authentication check {
        initialState: {
          hasJWT: false,
          inFallbackMode: false,
          requireJWT: true,
          timestamp: '2026-02-08T19:37:50.240Z'
        },
        traceId: undefined
      }

      at log (src/lib/auth/AuthCoordinator.ts:109:11)

    console.log
      [AuthCoordinator] State transition: JWT requirement not met {
        before: {
          hasJWT: false,
          inFallbackMode: false,
          requireJWT: true,
          timestamp: '2026-02-08T19:37:50.240Z'
        },
        after: {
          hasSession: false,
          hasJWT: false,
          isAuthenticated: false,
          userId: null,
          email: null,
          inFallbackMode: false,
          authMethod: 'none',
          reason: 'JWT required for this route'
        },
        transition: 'unauthenticated -> rejected (JWT required)',
        traceId: undefined,
        timestamp: '2026-02-08T19:37:50.240Z',
        durationMs: 0,
        reason: 'JWT required for this route'
      }

      at log (src/lib/auth/AuthCoordinator.ts:162:13)

    console.log
      [AuthCoordinator] JWT required but not found, skipping session check {
        state: {
          hasSession: false,
          hasJWT: false,
          isAuthenticated: false,
          userId: null,
          email: null,
          inFallbackMode: false,
          authMethod: 'none',
          reason: 'JWT required for this route'
        },
        traceId: undefined,
        requireJWT: true
      }

      at log (src/lib/auth/AuthCoordinator.ts:172:13)

    console.log
      [AuthCoordinator] Deactivating fallback mode { traceId: undefined, timestamp: '2026-02-08T19:37:50.241Z' }

      at log (src/lib/auth/AuthCoordinator.ts:869:11)

    console.log
      [AuthCoordinator] Getting unified auth state {
        requireJWT: true,
        traceId: undefined,
        routeRequirement: 'JWT-only',
        timestamp: '2026-02-08T19:37:50.241Z'
      }

      at log (src/lib/auth/AuthCoordinator.ts:83:11)

    console.log
      [AuthCoordinator] JWT check result {
        hasJWT: true,
        requireJWT: true,
        traceId: undefined,
        timestamp: '2026-02-08T19:37:50.242Z'
      }

      at log (src/lib/auth/AuthCoordinator.ts:92:11)

    console.log
      [AuthCoordinator] Initial state before authentication check {
        initialState: {
          hasJWT: true,
          inFallbackMode: false,
          requireJWT: true,
          timestamp: '2026-02-08T19:37:50.242Z'
        },
        traceId: undefined
      }

      at log (src/lib/auth/AuthCoordinator.ts:109:11)

    console.log
      [AuthCoordinator] State transition: JWT authentication {
        before: {
          hasJWT: true,
          inFallbackMode: false,
          requireJWT: true,
          timestamp: '2026-02-08T19:37:50.242Z'
        },
        after: {
          hasSession: true,
          hasJWT: true,
          isAuthenticated: true,
          userId: null,
          email: null,
          inFallbackMode: false,
          authMethod: 'jwt'
        },
        transition: 'unauthenticated -> authenticated (JWT)',
        traceId: undefined,
        timestamp: '2026-02-08T19:37:50.242Z',
        durationMs: 1
      }

      at log (src/lib/auth/AuthCoordinator.ts:127:13)

    console.log
      [AuthCoordinator] Authenticated via JWT (JWT priority applied) {
        state: {
          hasSession: true,
          hasJWT: true,
          isAuthenticated: true,
          userId: null,
          email: null,
          inFallbackMode: false,
          authMethod: 'jwt'
        },
        traceId: undefined,
        note: 'JWT takes precedence over session authentication'
      }

      at log (src/lib/auth/AuthCoordinator.ts:136:13)

    console.log
      [AuthCoordinator] Getting unified auth state {
        requireJWT: false,
        traceId: undefined,
        routeRequirement: 'JWT or session',
        timestamp: '2026-02-08T19:37:50.244Z'
      }

      at log (src/lib/auth/AuthCoordinator.ts:83:11)

    console.log
      [AuthCoordinator] JWT check result {
        hasJWT: true,
        requireJWT: false,
        traceId: undefined,
        timestamp: '2026-02-08T19:37:50.244Z'
      }

      at log (src/lib/auth/AuthCoordinator.ts:92:11)

    console.log
      [AuthCoordinator] Initial state before authentication check {
        initialState: {
          hasJWT: true,
          inFallbackMode: false,
          requireJWT: false,
          timestamp: '2026-02-08T19:37:50.244Z'
        },
        traceId: undefined
      }

      at log (src/lib/auth/AuthCoordinator.ts:109:11)

    console.log
      [AuthCoordinator] State transition: JWT authentication {
        before: {
          hasJWT: true,
          inFallbackMode: false,
          requireJWT: false,
          timestamp: '2026-02-08T19:37:50.244Z'
        },
        after: {
          hasSession: true,
          hasJWT: true,
          isAuthenticated: true,
          userId: null,
          email: null,
          inFallbackMode: false,
          authMethod: 'jwt'
        },
        transition: 'unauthenticated -> authenticated (JWT)',
        traceId: undefined,
        timestamp: '2026-02-08T19:37:50.244Z',
        durationMs: 0
      }

      at log (src/lib/auth/AuthCoordinator.ts:127:13)

    console.log
      [AuthCoordinator] Authenticated via JWT (JWT priority applied) {
        state: {
          hasSession: true,
          hasJWT: true,
          isAuthenticated: true,
          userId: null,
          email: null,
          inFallbackMode: false,
          authMethod: 'jwt'
        },
        traceId: undefined,
        note: 'JWT takes precedence over session authentication'
      }

      at log (src/lib/auth/AuthCoordinator.ts:136:13)

    console.log
      [AuthCoordinator] Getting unified auth state {
        requireJWT: true,
        traceId: undefined,
        routeRequirement: 'JWT-only',
        timestamp: '2026-02-08T19:37:50.245Z'
      }

      at log (src/lib/auth/AuthCoordinator.ts:83:11)

    console.log
      [AuthCoordinator] JWT check result {
        hasJWT: false,
        requireJWT: true,
        traceId: undefined,
        timestamp: '2026-02-08T19:37:50.245Z'
      }

      at log (src/lib/auth/AuthCoordinator.ts:92:11)

    console.log
      [AuthCoordinator] Initial state before authentication check {
        initialState: {
          hasJWT: false,
          inFallbackMode: false,
          requireJWT: true,
          timestamp: '2026-02-08T19:37:50.245Z'
        },
        traceId: undefined
      }

      at log (src/lib/auth/AuthCoordinator.ts:109:11)

    console.log
      [AuthCoordinator] State transition: JWT requirement not met {
        before: {
          hasJWT: false,
          inFallbackMode: false,
          requireJWT: true,
          timestamp: '2026-02-08T19:37:50.245Z'
        },
        after: {
          hasSession: false,
          hasJWT: false,
          isAuthenticated: false,
          userId: null,
          email: null,
          inFallbackMode: false,
          authMethod: 'none',
          reason: 'JWT required for this route'
        },
        transition: 'unauthenticated -> rejected (JWT required)',
        traceId: undefined,
        timestamp: '2026-02-08T19:37:50.245Z',
        durationMs: 0,
        reason: 'JWT required for this route'
      }

      at log (src/lib/auth/AuthCoordinator.ts:162:13)

    console.log
      [AuthCoordinator] JWT required but not found, skipping session check {
        state: {
          hasSession: false,
          hasJWT: false,
          isAuthenticated: false,
          userId: null,
          email: null,
          inFallbackMode: false,
          authMethod: 'none',
          reason: 'JWT required for this route'
        },
        traceId: undefined,
        requireJWT: true
      }

      at log (src/lib/auth/AuthCoordinator.ts:172:13)

    console.log
      [AuthCoordinator] Getting unified auth state {
        requireJWT: false,
        traceId: undefined,
        routeRequirement: 'JWT or session',
        timestamp: '2026-02-08T19:37:50.246Z'
      }

      at log (src/lib/auth/AuthCoordinator.ts:83:11)

    console.log
      [AuthCoordinator] JWT check result {
        hasJWT: true,
        requireJWT: false,
        traceId: undefined,
        timestamp: '2026-02-08T19:37:50.246Z'
      }

      at log (src/lib/auth/AuthCoordinator.ts:92:11)

    console.log
      [AuthCoordinator] Initial state before authentication check {
        initialState: {
          hasJWT: true,
          inFallbackMode: false,
          requireJWT: false,
          timestamp: '2026-02-08T19:37:50.246Z'
        },
        traceId: undefined
      }

      at log (src/lib/auth/AuthCoordinator.ts:109:11)

    console.log
      [AuthCoordinator] State transition: JWT authentication {
        before: {
          hasJWT: true,
          inFallbackMode: false,
          requireJWT: false,
          timestamp: '2026-02-08T19:37:50.246Z'
        },
        after: {
          hasSession: true,
          hasJWT: true,
          isAuthenticated: true,
          userId: null,
          email: null,
          inFallbackMode: false,
          authMethod: 'jwt'
        },
        transition: 'unauthenticated -> authenticated (JWT)',
        traceId: undefined,
        timestamp: '2026-02-08T19:37:50.246Z',
        durationMs: 0
      }

      at log (src/lib/auth/AuthCoordinator.ts:127:13)

    console.log
      [AuthCoordinator] Authenticated via JWT (JWT priority applied) {
        state: {
          hasSession: true,
          hasJWT: true,
          isAuthenticated: true,
          userId: null,
          email: null,
          inFallbackMode: false,
          authMethod: 'jwt'
        },
        traceId: undefined,
        note: 'JWT takes precedence over session authentication'
      }

      at log (src/lib/auth/AuthCoordinator.ts:136:13)

    console.log
      [AuthCoordinator] Activating fallback mode {
        reason: 'localStorage unavailable',
        traceId: undefined,
        timestamp: '2026-02-08T19:37:50.247Z'
      }

      at log (src/lib/auth/AuthCoordinator.ts:802:11)

    console.log
      [AuthCoordinator] Activating fallback mode {
        reason: 'test',
        traceId: undefined,
        timestamp: '2026-02-08T19:37:50.247Z'
      }

      at log (src/lib/auth/AuthCoordinator.ts:802:11)

    console.log
      [AuthCoordinator] Deactivating fallback mode { traceId: undefined, timestamp: '2026-02-08T19:37:50.248Z' }

      at log (src/lib/auth/AuthCoordinator.ts:869:11)

    console.log
      [AuthCoordinator] Deactivating fallback mode { traceId: undefined, timestamp: '2026-02-08T19:37:50.248Z' }

      at log (src/lib/auth/AuthCoordinator.ts:869:11)

PASS src/app/dashboard/loading-background.test.tsx
  ● Console

    console.log
      [Dashboard] Starting authentication check { traceId: null }

      at log (src/app/dashboard/page.tsx:353:13)

    console.log
      [Dashboard] Logout state check result { logoutInProgress: false, traceId: null }

      at log (src/app/dashboard/page.tsx:387:19)

    console.log
      [Dashboard] Getting unified auth state with JWT requirement { traceId: null }

      at log (src/app/dashboard/page.tsx:415:17)

    console.log
      [AuthCoordinator] Getting unified auth state {
        requireJWT: true,
        traceId: undefined,
        routeRequirement: 'JWT-only',
        timestamp: '2026-02-08T19:37:50.272Z'
      }

      at log (src/lib/auth/AuthCoordinator.ts:83:11)

    console.log
      [AuthCoordinator] JWT check result {
        hasJWT: false,
        requireJWT: true,
        traceId: undefined,
        timestamp: '2026-02-08T19:37:50.276Z'
      }

      at log (src/lib/auth/AuthCoordinator.ts:92:11)

    console.log
      [AuthCoordinator] Initial state before authentication check {
        initialState: {
          hasJWT: false,
          inFallbackMode: false,
          requireJWT: true,
          timestamp: '2026-02-08T19:37:50.276Z'
        },
        traceId: undefined
      }

      at log (src/lib/auth/AuthCoordinator.ts:109:11)

    console.log
      [AuthCoordinator] State transition: JWT requirement not met {
        before: {
          hasJWT: false,
          inFallbackMode: false,
          requireJWT: true,
          timestamp: '2026-02-08T19:37:50.276Z'
        },
        after: {
          hasSession: false,
          hasJWT: false,
          isAuthenticated: false,
          userId: null,
          email: null,
          inFallbackMode: false,
          authMethod: 'none',
          reason: 'JWT required for this route'
        },
        transition: 'unauthenticated -> rejected (JWT required)',
        traceId: undefined,
        timestamp: '2026-02-08T19:37:50.277Z',
        durationMs: 5,
        reason: 'JWT required for this route'
      }

      at log (src/lib/auth/AuthCoordinator.ts:162:13)

    console.log
      [AuthCoordinator] JWT required but not found, skipping session check {
        state: {
          hasSession: false,
          hasJWT: false,
          isAuthenticated: false,
          userId: null,
          email: null,
          inFallbackMode: false,
          authMethod: 'none',
          reason: 'JWT required for this route'
        },
        traceId: undefined,
        requireJWT: true
      }

      at log (src/lib/auth/AuthCoordinator.ts:172:13)

    console.log
      [Dashboard] Auth state received {
        isAuthenticated: false,
        hasJWT: false,
        hasSession: false,
        authMethod: 'none',
        inFallbackMode: false,
        reason: 'JWT required for this route',
        traceId: null
      }

      at log (src/app/dashboard/page.tsx:417:17)

    console.log
      [Dashboard] Redirecting to login (not authenticated) {
        traceId: null,
        reason: 'JWT required for this route',
        hasJWT: false,
        hasSession: false,
        redirectUrl: '/login?returnUrl=/dashboard'
      }

      at log (src/app/dashboard/page.tsx:443:23)

    console.log
      [Dashboard] Redirect initiated successfully { traceId: null, redirectUrl: '/login?returnUrl=/dashboard' }

      at log (src/app/dashboard/page.tsx:454:25)

    console.log
      [Dashboard] Component unmounting { traceId: null }

      at log (src/app/dashboard/page.tsx:577:15)
          at Array.forEach (<anonymous>)

    console.log
      [Dashboard] Starting authentication check { traceId: null }

      at log (src/app/dashboard/page.tsx:353:13)

    console.log
      [Dashboard] Logout state check result { logoutInProgress: false, traceId: null }

      at log (src/app/dashboard/page.tsx:387:19)

    console.log
      [Dashboard] Getting unified auth state with JWT requirement { traceId: null }

      at log (src/app/dashboard/page.tsx:415:17)

    console.log
      [AuthCoordinator] Getting unified auth state {
        requireJWT: true,
        traceId: undefined,
        routeRequirement: 'JWT-only',
        timestamp: '2026-02-08T19:37:50.288Z'
      }

      at log (src/lib/auth/AuthCoordinator.ts:83:11)

    console.log
      [AuthCoordinator] JWT check result {
        hasJWT: false,
        requireJWT: true,
        traceId: undefined,
        timestamp: '2026-02-08T19:37:50.289Z'
      }

      at log (src/lib/auth/AuthCoordinator.ts:92:11)

    console.log
      [AuthCoordinator] Initial state before authentication check {
        initialState: {
          hasJWT: false,
          inFallbackMode: false,
          requireJWT: true,
          timestamp: '2026-02-08T19:37:50.289Z'
        },
        traceId: undefined
      }

      at log (src/lib/auth/AuthCoordinator.ts:109:11)

    console.log
      [AuthCoordinator] State transition: JWT requirement not met {
        before: {
          hasJWT: false,
          inFallbackMode: false,
          requireJWT: true,
          timestamp: '2026-02-08T19:37:50.289Z'
        },
        after: {
          hasSession: false,
          hasJWT: false,
          isAuthenticated: false,
          userId: null,
          email: null,
          inFallbackMode: false,
          authMethod: 'none',
          reason: 'JWT required for this route'
        },
        transition: 'unauthenticated -> rejected (JWT required)',
        traceId: undefined,
        timestamp: '2026-02-08T19:37:50.290Z',
        durationMs: 2,
        reason: 'JWT required for this route'
      }

      at log (src/lib/auth/AuthCoordinator.ts:162:13)

    console.log
      [AuthCoordinator] JWT required but not found, skipping session check {
        state: {
          hasSession: false,
          hasJWT: false,
          isAuthenticated: false,
          userId: null,
          email: null,
          inFallbackMode: false,
          authMethod: 'none',
          reason: 'JWT required for this route'
        },
        traceId: undefined,
        requireJWT: true
      }

      at log (src/lib/auth/AuthCoordinator.ts:172:13)

    console.log
      [Dashboard] Auth state received {
        isAuthenticated: false,
        hasJWT: false,
        hasSession: false,
        authMethod: 'none',
        inFallbackMode: false,
        reason: 'JWT required for this route',
        traceId: null
      }

      at log (src/app/dashboard/page.tsx:417:17)

    console.log
      [Dashboard] Redirecting to login (not authenticated) {
        traceId: null,
        reason: 'JWT required for this route',
        hasJWT: false,
        hasSession: false,
        redirectUrl: '/login?returnUrl=/dashboard'
      }

      at log (src/app/dashboard/page.tsx:443:23)

    console.log
      [Dashboard] Redirect initiated successfully { traceId: null, redirectUrl: '/login?returnUrl=/dashboard' }

      at log (src/app/dashboard/page.tsx:454:25)

    console.log
      [Dashboard] Component unmounting { traceId: null }

      at log (src/app/dashboard/page.tsx:577:15)
          at Array.forEach (<anonymous>)

    console.log
      [Dashboard] Starting authentication check { traceId: null }

      at log (src/app/dashboard/page.tsx:353:13)

    console.log
      [Dashboard] Logout state check result { logoutInProgress: false, traceId: null }

      at log (src/app/dashboard/page.tsx:387:19)

    console.log
      [Dashboard] Getting unified auth state with JWT requirement { traceId: null }

      at log (src/app/dashboard/page.tsx:415:17)

    console.log
      [AuthCoordinator] Getting unified auth state {
        requireJWT: true,
        traceId: undefined,
        routeRequirement: 'JWT-only',
        timestamp: '2026-02-08T19:37:50.316Z'
      }

      at log (src/lib/auth/AuthCoordinator.ts:83:11)

    console.log
      [AuthCoordinator] JWT check result {
        hasJWT: false,
        requireJWT: true,
        traceId: undefined,
        timestamp: '2026-02-08T19:37:50.316Z'
      }

      at log (src/lib/auth/AuthCoordinator.ts:92:11)

    console.log
      [AuthCoordinator] Initial state before authentication check {
        initialState: {
          hasJWT: false,
          inFallbackMode: false,
          requireJWT: true,
          timestamp: '2026-02-08T19:37:50.317Z'
        },
        traceId: undefined
      }

      at log (src/lib/auth/AuthCoordinator.ts:109:11)

    console.log
      [AuthCoordinator] State transition: JWT requirement not met {
        before: {
          hasJWT: false,
          inFallbackMode: false,
          requireJWT: true,
          timestamp: '2026-02-08T19:37:50.317Z'
        },
        after: {
          hasSession: false,
          hasJWT: false,
          isAuthenticated: false,
          userId: null,
          email: null,
          inFallbackMode: false,
          authMethod: 'none',
          reason: 'JWT required for this route'
        },
        transition: 'unauthenticated -> rejected (JWT required)',
        traceId: undefined,
        timestamp: '2026-02-08T19:37:50.317Z',
        durationMs: 1,
        reason: 'JWT required for this route'
      }

      at log (src/lib/auth/AuthCoordinator.ts:162:13)

    console.log
      [AuthCoordinator] JWT required but not found, skipping session check {
        state: {
          hasSession: false,
          hasJWT: false,
          isAuthenticated: false,
          userId: null,
          email: null,
          inFallbackMode: false,
          authMethod: 'none',
          reason: 'JWT required for this route'
        },
        traceId: undefined,
        requireJWT: true
      }

      at log (src/lib/auth/AuthCoordinator.ts:172:13)

    console.log
      [Dashboard] Auth state received {
        isAuthenticated: false,
        hasJWT: false,
        hasSession: false,
        authMethod: 'none',
        inFallbackMode: false,
        reason: 'JWT required for this route',
        traceId: null
      }

      at log (src/app/dashboard/page.tsx:417:17)

    console.log
      [Dashboard] Redirecting to login (not authenticated) {
        traceId: null,
        reason: 'JWT required for this route',
        hasJWT: false,
        hasSession: false,
        redirectUrl: '/login?returnUrl=/dashboard'
      }

      at log (src/app/dashboard/page.tsx:443:23)

    console.log
      [Dashboard] Redirect initiated successfully { traceId: null, redirectUrl: '/login?returnUrl=/dashboard' }

      at log (src/app/dashboard/page.tsx:454:25)

    console.log
      [Dashboard] Component unmounting { traceId: null }

      at log (src/app/dashboard/page.tsx:577:15)
          at Array.forEach (<anonymous>)

    console.log
      [Dashboard] Starting authentication check { traceId: null }

      at log (src/app/dashboard/page.tsx:353:13)

    console.log
      [Dashboard] Logout state check result { logoutInProgress: true, traceId: null }

      at log (src/app/dashboard/page.tsx:387:19)

    console.log
      [Dashboard] Component unmounting { traceId: null }

      at log (src/app/dashboard/page.tsx:577:15)
          at Array.forEach (<anonymous>)

    console.log
      [Dashboard] Starting authentication check { traceId: null }

      at log (src/app/dashboard/page.tsx:353:13)

    console.log
      [Dashboard] Logout state check result { logoutInProgress: true, traceId: null }

      at log (src/app/dashboard/page.tsx:387:19)

    console.log
      [Dashboard] Component unmounting { traceId: null }

      at log (src/app/dashboard/page.tsx:577:15)
          at Array.forEach (<anonymous>)

    console.log
      [Dashboard] Starting authentication check { traceId: null }

      at log (src/app/dashboard/page.tsx:353:13)

    console.log
      [Dashboard] Logout state check result { logoutInProgress: true, traceId: null }

      at log (src/app/dashboard/page.tsx:387:19)

    console.log
      [Dashboard] Component unmounting { traceId: null }

      at log (src/app/dashboard/page.tsx:577:15)
          at Array.forEach (<anonymous>)

    console.log
      [Dashboard] Starting authentication check { traceId: null }

      at log (src/app/dashboard/page.tsx:353:13)

    console.log
      [Dashboard] Logout state check result { logoutInProgress: true, traceId: null }

      at log (src/app/dashboard/page.tsx:387:19)

    console.log
      [Dashboard] Component unmounting { traceId: null }

      at log (src/app/dashboard/page.tsx:577:15)
          at Array.forEach (<anonymous>)

    console.log
      [Dashboard] Starting authentication check { traceId: null }

      at log (src/app/dashboard/page.tsx:353:13)

    console.log
      [Dashboard] Logout state check result { logoutInProgress: false, traceId: null }

      at log (src/app/dashboard/page.tsx:387:19)

    console.log
      [Dashboard] Getting unified auth state with JWT requirement { traceId: null }

      at log (src/app/dashboard/page.tsx:415:17)

    console.log
      [AuthCoordinator] Getting unified auth state {
        requireJWT: true,
        traceId: undefined,
        routeRequirement: 'JWT-only',
        timestamp: '2026-02-08T19:37:50.347Z'
      }

      at log (src/lib/auth/AuthCoordinator.ts:83:11)

    console.log
      [AuthCoordinator] JWT check result {
        hasJWT: false,
        requireJWT: true,
        traceId: undefined,
        timestamp: '2026-02-08T19:37:50.347Z'
      }

      at log (src/lib/auth/AuthCoordinator.ts:92:11)

    console.log
      [AuthCoordinator] Initial state before authentication check {
        initialState: {
          hasJWT: false,
          inFallbackMode: false,
          requireJWT: true,
          timestamp: '2026-02-08T19:37:50.347Z'
        },
        traceId: undefined
      }

      at log (src/lib/auth/AuthCoordinator.ts:109:11)

    console.log
      [AuthCoordinator] State transition: JWT requirement not met {
        before: {
          hasJWT: false,
          inFallbackMode: false,
          requireJWT: true,
          timestamp: '2026-02-08T19:37:50.347Z'
        },
        after: {
          hasSession: false,
          hasJWT: false,
          isAuthenticated: false,
          userId: null,
          email: null,
          inFallbackMode: false,
          authMethod: 'none',
          reason: 'JWT required for this route'
        },
        transition: 'unauthenticated -> rejected (JWT required)',
        traceId: undefined,
        timestamp: '2026-02-08T19:37:50.347Z',
        durationMs: 0,
        reason: 'JWT required for this route'
      }

      at log (src/lib/auth/AuthCoordinator.ts:162:13)

    console.log
      [AuthCoordinator] JWT required but not found, skipping session check {
        state: {
          hasSession: false,
          hasJWT: false,
          isAuthenticated: false,
          userId: null,
          email: null,
          inFallbackMode: false,
          authMethod: 'none',
          reason: 'JWT required for this route'
        },
        traceId: undefined,
        requireJWT: true
      }

      at log (src/lib/auth/AuthCoordinator.ts:172:13)

    console.log
      [Dashboard] Component unmounting { traceId: null }

      at log (src/app/dashboard/page.tsx:577:15)

    console.log
      [Dashboard] Starting authentication check { traceId: null }

      at log (src/app/dashboard/page.tsx:353:13)

    console.log
      [Dashboard] Logout state check result { logoutInProgress: true, traceId: null }

      at log (src/app/dashboard/page.tsx:387:19)

    console.log
      [Dashboard] Component unmounting { traceId: null }

      at log (src/app/dashboard/page.tsx:577:15)

    console.log
      [Dashboard] Starting authentication check { traceId: null }

      at log (src/app/dashboard/page.tsx:353:13)

    console.log
      [Dashboard] Logout state check result { logoutInProgress: false, traceId: null }

      at log (src/app/dashboard/page.tsx:387:19)

    console.log
      [Dashboard] Getting unified auth state with JWT requirement { traceId: null }

      at log (src/app/dashboard/page.tsx:415:17)

    console.log
      [AuthCoordinator] Getting unified auth state {
        requireJWT: true,
        traceId: undefined,
        routeRequirement: 'JWT-only',
        timestamp: '2026-02-08T19:37:50.356Z'
      }

      at log (src/lib/auth/AuthCoordinator.ts:83:11)

    console.log
      [AuthCoordinator] JWT check result {
        hasJWT: true,
        requireJWT: true,
        traceId: undefined,
        timestamp: '2026-02-08T19:37:50.356Z'
      }

      at log (src/lib/auth/AuthCoordinator.ts:92:11)

    console.log
      [AuthCoordinator] Initial state before authentication check {
        initialState: {
          hasJWT: true,
          inFallbackMode: false,
          requireJWT: true,
          timestamp: '2026-02-08T19:37:50.356Z'
        },
        traceId: undefined
      }

      at log (src/lib/auth/AuthCoordinator.ts:109:11)

    console.log
      [AuthCoordinator] State transition: JWT authentication {
        before: {
          hasJWT: true,
          inFallbackMode: false,
          requireJWT: true,
          timestamp: '2026-02-08T19:37:50.356Z'
        },
        after: {
          hasSession: true,
          hasJWT: true,
          isAuthenticated: true,
          userId: null,
          email: null,
          inFallbackMode: false,
          authMethod: 'jwt'
        },
        transition: 'unauthenticated -> authenticated (JWT)',
        traceId: undefined,
        timestamp: '2026-02-08T19:37:50.357Z',
        durationMs: 1
      }

      at log (src/lib/auth/AuthCoordinator.ts:127:13)

    console.log
      [AuthCoordinator] Authenticated via JWT (JWT priority applied) {
        state: {
          hasSession: true,
          hasJWT: true,
          isAuthenticated: true,
          userId: null,
          email: null,
          inFallbackMode: false,
          authMethod: 'jwt'
        },
        traceId: undefined,
        note: 'JWT takes precedence over session authentication'
      }

      at log (src/lib/auth/AuthCoordinator.ts:136:13)

    console.log
      [Dashboard] Auth state received {
        isAuthenticated: false,
        hasJWT: false,
        hasSession: false,
        authMethod: 'none',
        inFallbackMode: false,
        reason: 'JWT required for this route',
        traceId: null
      }

      at log (src/app/dashboard/page.tsx:417:17)

    console.log
      [Dashboard] Auth state received {
        isAuthenticated: true,
        hasJWT: true,
        hasSession: true,
        authMethod: 'jwt',
        inFallbackMode: false,
        reason: undefined,
        traceId: null
      }

      at log (src/app/dashboard/page.tsx:417:17)

    console.log
      [Dashboard] Authentication successful { authMethod: 'jwt', inFallbackMode: false, traceId: null }

      at log (src/app/dashboard/page.tsx:473:21)

    console.error
      Warning: An update to DashboardPage inside a test was not wrapped in act(...).
      
      When testing, code that causes React state updates should be wrapped into act(...):
      
      act(() => {
        /* fire events that update state */
      });
      /* assert on the output */
      
      This ensures that you're testing the behavior the user would see in the browser. Learn more at https://reactjs.org/link/wrap-tests-with-act
          at DashboardPage (/Users/ryan/Library/Mobile Documents/com~apple~CloudDocs/Documents/VSCode/Tax-App-Frontend/src/app/dashboard/page.tsx:255:57)

      478 |             
      479 |             try {
    > 480 |               setIsAuthenticated(true);
          |               ^
      481 |             } catch (stateError) {
      482 |               console.error('[Dashboard] Error setting authenticated state', {
      483 |                 error: stateError instanceof Error ? stateError.message : String(stateError),

      at printWarning (node_modules/react-dom/cjs/react-dom.development.js:86:30)
      at error (node_modules/react-dom/cjs/react-dom.development.js:60:7)
      at warnIfUpdatesNotWrappedWithActDEV (node_modules/react-dom/cjs/react-dom.development.js:27628:9)
      at scheduleUpdateOnFiber (node_modules/react-dom/cjs/react-dom.development.js:25547:5)
      at dispatchSetState (node_modules/react-dom/cjs/react-dom.development.js:16708:7)
      at setIsAuthenticated (src/app/dashboard/page.tsx:480:15)

    console.log
      [Dashboard] Component unmounting { traceId: null }

      at log (src/app/dashboard/page.tsx:577:15)
          at Array.forEach (<anonymous>)

    console.log
      [Dashboard] Starting authentication check { traceId: null }

      at log (src/app/dashboard/page.tsx:353:13)

    console.log
      [Dashboard] Logout state check result { logoutInProgress: false, traceId: null }

      at log (src/app/dashboard/page.tsx:387:19)

    console.log
      [Dashboard] Getting unified auth state with JWT requirement { traceId: null }

      at log (src/app/dashboard/page.tsx:415:17)

    console.log
      [AuthCoordinator] Getting unified auth state {
        requireJWT: true,
        traceId: undefined,
        routeRequirement: 'JWT-only',
        timestamp: '2026-02-08T19:37:50.368Z'
      }

      at log (src/lib/auth/AuthCoordinator.ts:83:11)

    console.log
      [AuthCoordinator] JWT check result {
        hasJWT: false,
        requireJWT: true,
        traceId: undefined,
        timestamp: '2026-02-08T19:37:50.368Z'
      }

      at log (src/lib/auth/AuthCoordinator.ts:92:11)

    console.log
      [AuthCoordinator] Initial state before authentication check {
        initialState: {
          hasJWT: false,
          inFallbackMode: false,
          requireJWT: true,
          timestamp: '2026-02-08T19:37:50.368Z'
        },
        traceId: undefined
      }

      at log (src/lib/auth/AuthCoordinator.ts:109:11)

    console.log
      [AuthCoordinator] State transition: JWT requirement not met {
        before: {
          hasJWT: false,
          inFallbackMode: false,
          requireJWT: true,
          timestamp: '2026-02-08T19:37:50.368Z'
        },
        after: {
          hasSession: false,
          hasJWT: false,
          isAuthenticated: false,
          userId: null,
          email: null,
          inFallbackMode: false,
          authMethod: 'none',
          reason: 'JWT required for this route'
        },
        transition: 'unauthenticated -> rejected (JWT required)',
        traceId: undefined,
        timestamp: '2026-02-08T19:37:50.368Z',
        durationMs: 0,
        reason: 'JWT required for this route'
      }

      at log (src/lib/auth/AuthCoordinator.ts:162:13)

    console.log
      [AuthCoordinator] JWT required but not found, skipping session check {
        state: {
          hasSession: false,
          hasJWT: false,
          isAuthenticated: false,
          userId: null,
          email: null,
          inFallbackMode: false,
          authMethod: 'none',
          reason: 'JWT required for this route'
        },
        traceId: undefined,
        requireJWT: true
      }

      at log (src/lib/auth/AuthCoordinator.ts:172:13)

    console.log
      [Dashboard] Component unmounting { traceId: null }

      at log (src/app/dashboard/page.tsx:577:15)

    console.log
      [Dashboard] Starting authentication check { traceId: null }

      at log (src/app/dashboard/page.tsx:353:13)

    console.log
      [Dashboard] Logout state check result { logoutInProgress: true, traceId: null }

      at log (src/app/dashboard/page.tsx:387:19)

    console.log
      [Dashboard] Auth state received {
        isAuthenticated: false,
        hasJWT: false,
        hasSession: false,
        authMethod: 'none',
        inFallbackMode: false,
        reason: 'JWT required for this route',
        traceId: null
      }

      at log (src/app/dashboard/page.tsx:417:17)

    console.log
      [Dashboard] Component unmounting { traceId: null }

      at log (src/app/dashboard/page.tsx:577:15)
          at Array.forEach (<anonymous>)

    console.log
      [Dashboard] Starting authentication check { traceId: null }

      at log (src/app/dashboard/page.tsx:353:13)

    console.log
      [Dashboard] Logout state check result { logoutInProgress: false, traceId: null }

      at log (src/app/dashboard/page.tsx:387:19)

    console.log
      [Dashboard] Getting unified auth state with JWT requirement { traceId: null }

      at log (src/app/dashboard/page.tsx:415:17)

    console.log
      [AuthCoordinator] Getting unified auth state {
        requireJWT: true,
        traceId: undefined,
        routeRequirement: 'JWT-only',
        timestamp: '2026-02-08T19:37:50.373Z'
      }

      at log (src/lib/auth/AuthCoordinator.ts:83:11)

    console.log
      [AuthCoordinator] JWT check result {
        hasJWT: false,
        requireJWT: true,
        traceId: undefined,
        timestamp: '2026-02-08T19:37:50.373Z'
      }

      at log (src/lib/auth/AuthCoordinator.ts:92:11)

    console.log
      [AuthCoordinator] Initial state before authentication check {
        initialState: {
          hasJWT: false,
          inFallbackMode: false,
          requireJWT: true,
          timestamp: '2026-02-08T19:37:50.373Z'
        },
        traceId: undefined
      }

      at log (src/lib/auth/AuthCoordinator.ts:109:11)

    console.log
      [AuthCoordinator] State transition: JWT requirement not met {
        before: {
          hasJWT: false,
          inFallbackMode: false,
          requireJWT: true,
          timestamp: '2026-02-08T19:37:50.373Z'
        },
        after: {
          hasSession: false,
          hasJWT: false,
          isAuthenticated: false,
          userId: null,
          email: null,
          inFallbackMode: false,
          authMethod: 'none',
          reason: 'JWT required for this route'
        },
        transition: 'unauthenticated -> rejected (JWT required)',
        traceId: undefined,
        timestamp: '2026-02-08T19:37:50.373Z',
        durationMs: 0,
        reason: 'JWT required for this route'
      }

      at log (src/lib/auth/AuthCoordinator.ts:162:13)

    console.log
      [AuthCoordinator] JWT required but not found, skipping session check {
        state: {
          hasSession: false,
          hasJWT: false,
          isAuthenticated: false,
          userId: null,
          email: null,
          inFallbackMode: false,
          authMethod: 'none',
          reason: 'JWT required for this route'
        },
        traceId: undefined,
        requireJWT: true
      }

      at log (src/lib/auth/AuthCoordinator.ts:172:13)

    console.log
      [Dashboard] Auth state received {
        isAuthenticated: false,
        hasJWT: false,
        hasSession: false,
        authMethod: 'none',
        inFallbackMode: false,
        reason: 'JWT required for this route',
        traceId: null
      }

      at log (src/app/dashboard/page.tsx:417:17)

    console.log
      [Dashboard] Redirecting to login (not authenticated) {
        traceId: null,
        reason: 'JWT required for this route',
        hasJWT: false,
        hasSession: false,
        redirectUrl: '/login?returnUrl=/dashboard'
      }

      at log (src/app/dashboard/page.tsx:443:23)

    console.log
      [Dashboard] Redirect initiated successfully { traceId: null, redirectUrl: '/login?returnUrl=/dashboard' }

      at log (src/app/dashboard/page.tsx:454:25)

    console.log
      [Dashboard] Component unmounting { traceId: null }

      at log (src/app/dashboard/page.tsx:577:15)
          at Array.forEach (<anonymous>)

FAIL src/app/dashboard/unauthenticated-access.integration.test.tsx
  ● Console

    console.log
      [Dashboard] Starting authentication check { traceId: 'test-trace-id' }

      at log (src/app/dashboard/page.tsx:353:13)

    console.log
      [Dashboard] Logout state check result { logoutInProgress: false, traceId: 'test-trace-id' }

      at log (src/app/dashboard/page.tsx:387:19)

    console.log
      [Dashboard] Getting unified auth state with JWT requirement { traceId: 'test-trace-id' }

      at log (src/app/dashboard/page.tsx:415:17)

    console.log
      [Dashboard] Auth state received {
        isAuthenticated: false,
        hasJWT: false,
        hasSession: false,
        authMethod: 'none',
        inFallbackMode: false,
        reason: 'JWT required for this route',
        traceId: 'test-trace-id'
      }

      at log (src/app/dashboard/page.tsx:417:17)

    console.log
      [Dashboard] Redirecting to login (not authenticated) {
        traceId: 'test-trace-id',
        reason: 'JWT required for this route',
        hasJWT: false,
        hasSession: false,
        redirectUrl: '/login?returnUrl=/dashboard'
      }

      at log (src/app/dashboard/page.tsx:443:23)

    console.log
      [Dashboard] Redirect initiated successfully {
        traceId: 'test-trace-id',
        redirectUrl: '/login?returnUrl=/dashboard'
      }

      at log (src/app/dashboard/page.tsx:454:25)

    console.log
      [Dashboard] Component unmounting { traceId: 'test-trace-id' }

      at log (src/app/dashboard/page.tsx:577:15)
          at Array.forEach (<anonymous>)

    console.log
      [Dashboard] Starting authentication check { traceId: 'test-trace-id' }

      at log (src/app/dashboard/page.tsx:353:13)

    console.log
      [Dashboard] Logout state check result { logoutInProgress: false, traceId: 'test-trace-id' }

      at log (src/app/dashboard/page.tsx:387:19)

    console.log
      [Dashboard] Getting unified auth state with JWT requirement { traceId: 'test-trace-id' }

      at log (src/app/dashboard/page.tsx:415:17)

    console.log
      [Dashboard] Auth state received {
        isAuthenticated: false,
        hasJWT: false,
        hasSession: false,
        authMethod: 'none',
        inFallbackMode: false,
        reason: 'No JWT token found',
        traceId: 'test-trace-id'
      }

      at log (src/app/dashboard/page.tsx:417:17)

    console.log
      [Dashboard] Redirecting to login (not authenticated) {
        traceId: 'test-trace-id',
        reason: 'No JWT token found',
        hasJWT: false,
        hasSession: false,
        redirectUrl: '/login?returnUrl=/dashboard'
      }

      at log (src/app/dashboard/page.tsx:443:23)

    console.log
      [Dashboard] Redirect initiated successfully {
        traceId: 'test-trace-id',
        redirectUrl: '/login?returnUrl=/dashboard'
      }

      at log (src/app/dashboard/page.tsx:454:25)

    console.log
      [Dashboard] Component unmounting { traceId: 'test-trace-id' }

      at log (src/app/dashboard/page.tsx:577:15)
          at Array.forEach (<anonymous>)

    console.log
      [Dashboard] Starting authentication check { traceId: 'test-trace-id' }

      at log (src/app/dashboard/page.tsx:353:13)

    console.log
      [Dashboard] Logout state check result { logoutInProgress: false, traceId: 'test-trace-id' }

      at log (src/app/dashboard/page.tsx:387:19)

    console.log
      [Dashboard] Getting unified auth state with JWT requirement { traceId: 'test-trace-id' }

      at log (src/app/dashboard/page.tsx:415:17)

    console.log
      [Dashboard] Auth state received {
        isAuthenticated: false,
        hasJWT: false,
        hasSession: false,
        authMethod: 'none',
        inFallbackMode: false,
        reason: 'JWT required for this route',
        traceId: 'test-trace-id'
      }

      at log (src/app/dashboard/page.tsx:417:17)

    console.log
      [Dashboard] Redirecting to login (not authenticated) {
        traceId: 'test-trace-id',
        reason: 'JWT required for this route',
        hasJWT: false,
        hasSession: false,
        redirectUrl: '/login?returnUrl=/dashboard'
      }

      at log (src/app/dashboard/page.tsx:443:23)

    console.log
      [Dashboard] Redirect initiated successfully {
        traceId: 'test-trace-id',
        redirectUrl: '/login?returnUrl=/dashboard'
      }

      at log (src/app/dashboard/page.tsx:454:25)

    console.log
      [Dashboard] Component unmounting { traceId: 'test-trace-id' }

      at log (src/app/dashboard/page.tsx:577:15)
          at Array.forEach (<anonymous>)

    console.log
      [Dashboard] Starting authentication check { traceId: 'test-trace-id' }

      at log (src/app/dashboard/page.tsx:353:13)

    console.log
      [Dashboard] Logout state check result { logoutInProgress: false, traceId: 'test-trace-id' }

      at log (src/app/dashboard/page.tsx:387:19)

    console.log
      [Dashboard] Getting unified auth state with JWT requirement { traceId: 'test-trace-id' }

      at log (src/app/dashboard/page.tsx:415:17)

    console.log
      [Dashboard] Auth state received {
        isAuthenticated: false,
        hasJWT: false,
        hasSession: false,
        authMethod: 'none',
        inFallbackMode: false,
        reason: undefined,
        traceId: 'test-trace-id'
      }

      at log (src/app/dashboard/page.tsx:417:17)

    console.log
      [Dashboard] Redirecting to login (not authenticated) {
        traceId: 'test-trace-id',
        reason: undefined,
        hasJWT: false,
        hasSession: false,
        redirectUrl: '/login?returnUrl=/dashboard'
      }

      at log (src/app/dashboard/page.tsx:443:23)

    console.log
      [Dashboard] Redirect initiated successfully {
        traceId: 'test-trace-id',
        redirectUrl: '/login?returnUrl=/dashboard'
      }

      at log (src/app/dashboard/page.tsx:454:25)

    console.log
      [Dashboard] Component unmounting { traceId: 'test-trace-id' }

      at log (src/app/dashboard/page.tsx:577:15)
          at Array.forEach (<anonymous>)

    console.log
      [Dashboard] Starting authentication check { traceId: 'test-trace-id' }

      at log (src/app/dashboard/page.tsx:353:13)

    console.log
      [Dashboard] Logout state check result { logoutInProgress: false, traceId: 'test-trace-id' }

      at log (src/app/dashboard/page.tsx:387:19)

    console.log
      [Dashboard] Getting unified auth state with JWT requirement { traceId: 'test-trace-id' }

      at log (src/app/dashboard/page.tsx:415:17)

    console.log
      [Dashboard] Auth state received {
        isAuthenticated: false,
        hasJWT: false,
        hasSession: false,
        authMethod: 'none',
        inFallbackMode: false,
        reason: undefined,
        traceId: 'test-trace-id'
      }

      at log (src/app/dashboard/page.tsx:417:17)

    console.log
      [Dashboard] Redirecting to login (not authenticated) {
        traceId: 'test-trace-id',
        reason: undefined,
        hasJWT: false,
        hasSession: false,
        redirectUrl: '/login?returnUrl=/dashboard'
      }

      at log (src/app/dashboard/page.tsx:443:23)

    console.log
      [Dashboard] Redirect initiated successfully {
        traceId: 'test-trace-id',
        redirectUrl: '/login?returnUrl=/dashboard'
      }

      at log (src/app/dashboard/page.tsx:454:25)

    console.log
      [Dashboard] Component unmounting { traceId: 'test-trace-id' }

      at log (src/app/dashboard/page.tsx:577:15)
          at Array.forEach (<anonymous>)

    console.log
      [Dashboard] Starting authentication check { traceId: 'test-trace-id' }

      at log (src/app/dashboard/page.tsx:353:13)

    console.log
      [Dashboard] Logout state check result { logoutInProgress: false, traceId: 'test-trace-id' }

      at log (src/app/dashboard/page.tsx:387:19)

    console.log
      [Dashboard] Getting unified auth state with JWT requirement { traceId: 'test-trace-id' }

      at log (src/app/dashboard/page.tsx:415:17)

    console.log
      [Dashboard] Auth state received {
        isAuthenticated: false,
        hasJWT: false,
        hasSession: false,
        authMethod: 'none',
        inFallbackMode: false,
        reason: undefined,
        traceId: 'test-trace-id'
      }

      at log (src/app/dashboard/page.tsx:417:17)

    console.log
      [Dashboard] Redirecting to login (not authenticated) {
        traceId: 'test-trace-id',
        reason: undefined,
        hasJWT: false,
        hasSession: false,
        redirectUrl: '/login?returnUrl=/dashboard'
      }

      at log (src/app/dashboard/page.tsx:443:23)

    console.log
      [Dashboard] Redirect initiated successfully {
        traceId: 'test-trace-id',
        redirectUrl: '/login?returnUrl=/dashboard'
      }

      at log (src/app/dashboard/page.tsx:454:25)

    console.log
      [Dashboard] Component unmounting { traceId: 'test-trace-id' }

      at log (src/app/dashboard/page.tsx:577:15)
          at Array.forEach (<anonymous>)

    console.log
      [Dashboard] Starting authentication check { traceId: 'test-trace-id' }

      at log (src/app/dashboard/page.tsx:353:13)

    console.log
      [Dashboard] Logout state check result { logoutInProgress: false, traceId: 'test-trace-id' }

      at log (src/app/dashboard/page.tsx:387:19)

    console.log
      [Dashboard] Getting unified auth state with JWT requirement { traceId: 'test-trace-id' }

      at log (src/app/dashboard/page.tsx:415:17)

    console.log
      [Dashboard] Auth state received {
        isAuthenticated: false,
        hasJWT: false,
        hasSession: true,
        authMethod: 'none',
        inFallbackMode: false,
        reason: 'JWT required for this route',
        traceId: 'test-trace-id'
      }

      at log (src/app/dashboard/page.tsx:417:17)

    console.log
      [Dashboard] Redirecting to login (not authenticated) {
        traceId: 'test-trace-id',
        reason: 'JWT required for this route',
        hasJWT: false,
        hasSession: true,
        redirectUrl: '/login?returnUrl=/dashboard'
      }

      at log (src/app/dashboard/page.tsx:443:23)

    console.log
      [Dashboard] Redirect initiated successfully {
        traceId: 'test-trace-id',
        redirectUrl: '/login?returnUrl=/dashboard'
      }

      at log (src/app/dashboard/page.tsx:454:25)

    console.log
      [Dashboard] Component unmounting { traceId: 'test-trace-id' }

      at log (src/app/dashboard/page.tsx:577:15)
          at Array.forEach (<anonymous>)

    console.log
      [Dashboard] Starting authentication check { traceId: 'test-trace-id' }

      at log (src/app/dashboard/page.tsx:353:13)

    console.log
      [Dashboard] Logout state check result { logoutInProgress: false, traceId: 'test-trace-id' }

      at log (src/app/dashboard/page.tsx:387:19)

    console.log
      [Dashboard] Getting unified auth state with JWT requirement { traceId: 'test-trace-id' }

      at log (src/app/dashboard/page.tsx:415:17)

    console.log
      [Dashboard] Auth state received {
        isAuthenticated: false,
        hasJWT: false,
        hasSession: true,
        authMethod: 'session',
        inFallbackMode: true,
        reason: 'JWT required but only session available',
        traceId: 'test-trace-id'
      }

      at log (src/app/dashboard/page.tsx:417:17)

    console.log
      [Dashboard] Redirecting to login (not authenticated) {
        traceId: 'test-trace-id',
        reason: 'JWT required but only session available',
        hasJWT: false,
        hasSession: true,
        redirectUrl: '/login?returnUrl=/dashboard'
      }

      at log (src/app/dashboard/page.tsx:443:23)

    console.log
      [Dashboard] Redirect initiated successfully {
        traceId: 'test-trace-id',
        redirectUrl: '/login?returnUrl=/dashboard'
      }

      at log (src/app/dashboard/page.tsx:454:25)

    console.log
      [Dashboard] Component unmounting { traceId: 'test-trace-id' }

      at log (src/app/dashboard/page.tsx:577:15)
          at Array.forEach (<anonymous>)

    console.log
      [Dashboard] Starting authentication check { traceId: 'test-trace-id' }

      at log (src/app/dashboard/page.tsx:353:13)

    console.log
      [Dashboard] Logout state check result { logoutInProgress: false, traceId: 'test-trace-id' }

      at log (src/app/dashboard/page.tsx:387:19)

    console.log
      [Dashboard] Getting unified auth state with JWT requirement { traceId: 'test-trace-id' }

      at log (src/app/dashboard/page.tsx:415:17)

    console.log
      [Dashboard] Auth state received {
        isAuthenticated: false,
        hasJWT: false,
        hasSession: false,
        authMethod: 'none',
        inFallbackMode: false,
        reason: undefined,
        traceId: 'test-trace-id'
      }

      at log (src/app/dashboard/page.tsx:417:17)

    console.log
      [Dashboard] Redirecting to login (not authenticated) {
        traceId: 'test-trace-id',
        reason: undefined,
        hasJWT: false,
        hasSession: false,
        redirectUrl: '/login?returnUrl=/dashboard'
      }

      at log (src/app/dashboard/page.tsx:443:23)

    console.log
      [Dashboard] Redirect initiated successfully {
        traceId: 'test-trace-id',
        redirectUrl: '/login?returnUrl=/dashboard'
      }

      at log (src/app/dashboard/page.tsx:454:25)

    console.log
      [Dashboard] Component unmounting { traceId: 'test-trace-id' }

      at log (src/app/dashboard/page.tsx:577:15)
          at Array.forEach (<anonymous>)

    console.log
      [Dashboard] Starting authentication check { traceId: 'test-trace-id' }

      at log (src/app/dashboard/page.tsx:353:13)

    console.log
      [Dashboard] Logout state check result { logoutInProgress: false, traceId: 'test-trace-id' }

      at log (src/app/dashboard/page.tsx:387:19)

    console.log
      [Dashboard] Getting unified auth state with JWT requirement { traceId: 'test-trace-id' }

      at log (src/app/dashboard/page.tsx:415:17)

    console.log
      [Dashboard] Auth state received {
        isAuthenticated: false,
        hasJWT: false,
        hasSession: false,
        authMethod: 'none',
        inFallbackMode: false,
        reason: 'JWT required for this route',
        traceId: 'test-trace-id'
      }

      at log (src/app/dashboard/page.tsx:417:17)

    console.log
      [Dashboard] Redirecting to login (not authenticated) {
        traceId: 'test-trace-id',
        reason: 'JWT required for this route',
        hasJWT: false,
        hasSession: false,
        redirectUrl: '/login?returnUrl=/dashboard'
      }

      at log (src/app/dashboard/page.tsx:443:23)

    console.log
      [Dashboard] Redirect initiated successfully {
        traceId: 'test-trace-id',
        redirectUrl: '/login?returnUrl=/dashboard'
      }

      at log (src/app/dashboard/page.tsx:454:25)

    console.log
      [Dashboard] Component unmounting { traceId: 'test-trace-id' }

      at log (src/app/dashboard/page.tsx:577:15)
          at Array.forEach (<anonymous>)

    console.log
      [Dashboard] Starting authentication check { traceId: 'test-trace-id' }

      at log (src/app/dashboard/page.tsx:353:13)

    console.log
      [Dashboard] Logout state check result { logoutInProgress: false, traceId: 'test-trace-id' }

      at log (src/app/dashboard/page.tsx:387:19)

    console.log
      [Dashboard] Getting unified auth state with JWT requirement { traceId: 'test-trace-id' }

      at log (src/app/dashboard/page.tsx:415:17)

    console.error
      [Dashboard] Authentication check failed {
        error: 'Auth check failed',
        timestamp: '2026-02-08T19:37:50.446Z',
        context: 'checkAuth function',
        traceId: 'test-trace-id'
      }

      492 |         authCheckInProgressRef.current = false;
      493 |       } catch (error) {
    > 494 |         console.error('[Dashboard] Authentication check failed', {
          |                 ^
      495 |           error: error instanceof Error ? error.message : String(error),
      496 |           timestamp: new Date().toISOString(),
      497 |           context: 'checkAuth function',

      at error (src/app/dashboard/page.tsx:494:17)

    console.log
      [Dashboard] Redirecting to login (error recovery) {
        traceId: 'test-trace-id',
        redirectUrl: '/login?returnUrl=/dashboard'
      }

      at log (src/app/dashboard/page.tsx:524:23)

    console.log
      [Dashboard] Error recovery redirect initiated successfully {
        traceId: 'test-trace-id',
        redirectUrl: '/login?returnUrl=/dashboard'
      }

      at log (src/app/dashboard/page.tsx:527:23)

    console.log
      [Dashboard] Component unmounting { traceId: 'test-trace-id' }

      at log (src/app/dashboard/page.tsx:577:15)
          at Array.forEach (<anonymous>)

    console.log
      [Dashboard] Starting authentication check { traceId: 'test-trace-id' }

      at log (src/app/dashboard/page.tsx:353:13)

    console.log
      [Dashboard] Logout state check result { logoutInProgress: false, traceId: 'test-trace-id' }

      at log (src/app/dashboard/page.tsx:387:19)

    console.log
      [Dashboard] Getting unified auth state with JWT requirement { traceId: 'test-trace-id' }

      at log (src/app/dashboard/page.tsx:415:17)

    console.error
      [Dashboard] Authentication check failed {
        error: 'Network error',
        timestamp: '2026-02-08T19:37:50.452Z',
        context: 'checkAuth function',
        traceId: 'test-trace-id'
      }

      492 |         authCheckInProgressRef.current = false;
      493 |       } catch (error) {
    > 494 |         console.error('[Dashboard] Authentication check failed', {
          |                 ^
      495 |           error: error instanceof Error ? error.message : String(error),
      496 |           timestamp: new Date().toISOString(),
      497 |           context: 'checkAuth function',

      at error (src/app/dashboard/page.tsx:494:17)

    console.log
      [Dashboard] Redirecting to login (error recovery) {
        traceId: 'test-trace-id',
        redirectUrl: '/login?returnUrl=/dashboard'
      }

      at log (src/app/dashboard/page.tsx:524:23)

    console.log
      [Dashboard] Error recovery redirect initiated successfully {
        traceId: 'test-trace-id',
        redirectUrl: '/login?returnUrl=/dashboard'
      }

      at log (src/app/dashboard/page.tsx:527:23)

    console.log
      [Dashboard] Component unmounting { traceId: 'test-trace-id' }

      at log (src/app/dashboard/page.tsx:577:15)
          at Array.forEach (<anonymous>)

    console.log
      [Dashboard] Starting authentication check { traceId: 'test-trace-id' }

      at log (src/app/dashboard/page.tsx:353:13)

    console.log
      [Dashboard] Logout state check result { logoutInProgress: false, traceId: 'test-trace-id' }

      at log (src/app/dashboard/page.tsx:387:19)

    console.log
      [Dashboard] Getting unified auth state with JWT requirement { traceId: 'test-trace-id' }

      at log (src/app/dashboard/page.tsx:415:17)

    console.log
      [Dashboard] Auth state received {
        isAuthenticated: false,
        hasJWT: false,
        hasSession: false,
        authMethod: 'none',
        inFallbackMode: false,
        reason: undefined,
        traceId: 'test-trace-id'
      }

      at log (src/app/dashboard/page.tsx:417:17)

    console.log
      [Dashboard] Redirecting to login (not authenticated) {
        traceId: 'test-trace-id',
        reason: undefined,
        hasJWT: false,
        hasSession: false,
        redirectUrl: '/login?returnUrl=/dashboard'
      }

      at log (src/app/dashboard/page.tsx:443:23)

    console.error
      [Dashboard] router.push failed, using fallback {
        error: 'Navigation failed',
        timestamp: '2026-02-08T19:37:50.455Z',
        fallback: 'window.location.href',
        traceId: 'test-trace-id',
        redirectUrl: '/login?returnUrl=/dashboard'
      }

      454 |                 console.log('[Dashboard] Redirect initiated successfully', { traceId, redirectUrl });
      455 |               } catch (navError) {
    > 456 |                 console.error('[Dashboard] router.push failed, using fallback', {
          |                         ^
      457 |                   error: navError instanceof Error ? navError.message : String(navError),
      458 |                   timestamp: new Date().toISOString(),
      459 |                   fallback: 'window.location.href',

      at error (src/app/dashboard/page.tsx:456:25)

    console.error
      Error: Not implemented: navigation (except hash changes)
          at module.exports (/Users/ryan/Library/Mobile Documents/com~apple~CloudDocs/Documents/VSCode/Tax-App-Frontend/node_modules/jsdom/lib/jsdom/browser/not-implemented.js:9:17)
          at navigateFetch (/Users/ryan/Library/Mobile Documents/com~apple~CloudDocs/Documents/VSCode/Tax-App-Frontend/node_modules/jsdom/lib/jsdom/living/window/navigation.js:77:3)
          at exports.navigate (/Users/ryan/Library/Mobile Documents/com~apple~CloudDocs/Documents/VSCode/Tax-App-Frontend/node_modules/jsdom/lib/jsdom/living/window/navigation.js:55:3)
          at LocationImpl._locationObjectNavigate (/Users/ryan/Library/Mobile Documents/com~apple~CloudDocs/Documents/VSCode/Tax-App-Frontend/node_modules/jsdom/lib/jsdom/living/window/Location-impl.js:30:5)
          at LocationImpl._locationObjectSetterNavigate (/Users/ryan/Library/Mobile Documents/com~apple~CloudDocs/Documents/VSCode/Tax-App-Frontend/node_modules/jsdom/lib/jsdom/living/window/Location-impl.js:24:17)
          at LocationImpl.set href [as href] (/Users/ryan/Library/Mobile Documents/com~apple~CloudDocs/Documents/VSCode/Tax-App-Frontend/node_modules/jsdom/lib/jsdom/living/window/Location-impl.js:46:10)
          at Location.set href [as href] (/Users/ryan/Library/Mobile Documents/com~apple~CloudDocs/Documents/VSCode/Tax-App-Frontend/node_modules/jsdom/lib/jsdom/living/generated/Location.js:125:37)
          at checkAuth (/Users/ryan/Library/Mobile Documents/com~apple~CloudDocs/Documents/VSCode/Tax-App-Frontend/src/app/dashboard/page.tsx:465:39) {
        type: 'not implemented'
      }

      463 |                 if (typeof window !== 'undefined') {
      464 |                   if (timeoutId) clearTimeout(timeoutId);
    > 465 |                   window.location.href = redirectUrl;
          |                                       ^
      466 |                   console.log('[Dashboard] Fallback redirect initiated successfully', { traceId, redirectUrl });
      467 |                 }
      468 |               }

      at VirtualConsole.<anonymous> (node_modules/@jest/environment-jsdom-abstract/build/index.js:87:23)
      at module.exports (node_modules/jsdom/lib/jsdom/browser/not-implemented.js:12:26)
      at navigateFetch (node_modules/jsdom/lib/jsdom/living/window/navigation.js:77:3)
      at exports.navigate (node_modules/jsdom/lib/jsdom/living/window/navigation.js:55:3)
      at LocationImpl._locationObjectNavigate (node_modules/jsdom/lib/jsdom/living/window/Location-impl.js:30:5)
      at LocationImpl._locationObjectSetterNavigate (node_modules/jsdom/lib/jsdom/living/window/Location-impl.js:24:17)
      at LocationImpl.set href [as href] (node_modules/jsdom/lib/jsdom/living/window/Location-impl.js:46:10)
      at Location.set href [as href] (node_modules/jsdom/lib/jsdom/living/generated/Location.js:125:37)
      at checkAuth (src/app/dashboard/page.tsx:465:39)

    console.log
      [Dashboard] Fallback redirect initiated successfully {
        traceId: 'test-trace-id',
        redirectUrl: '/login?returnUrl=/dashboard'
      }

      at log (src/app/dashboard/page.tsx:466:27)

    console.log
      [Dashboard] Component unmounting { traceId: 'test-trace-id' }

      at log (src/app/dashboard/page.tsx:577:15)
          at Array.forEach (<anonymous>)

    console.log
      [Dashboard] Starting authentication check { traceId: 'test-trace-id' }

      at log (src/app/dashboard/page.tsx:353:13)

    console.log
      [Dashboard] Logout state check result { logoutInProgress: false, traceId: 'test-trace-id' }

      at log (src/app/dashboard/page.tsx:387:19)

    console.log
      [Dashboard] Getting unified auth state with JWT requirement { traceId: 'test-trace-id' }

      at log (src/app/dashboard/page.tsx:415:17)

    console.log
      [Dashboard] Auth state received {
        isAuthenticated: false,
        hasJWT: false,
        hasSession: false,
        authMethod: 'none',
        inFallbackMode: false,
        reason: undefined,
        traceId: 'test-trace-id'
      }

      at log (src/app/dashboard/page.tsx:417:17)

    console.log
      [Dashboard] Redirecting to login (not authenticated) {
        traceId: 'test-trace-id',
        reason: undefined,
        hasJWT: false,
        hasSession: false,
        redirectUrl: '/login?returnUrl=/dashboard'
      }

      at log (src/app/dashboard/page.tsx:443:23)

    console.error
      [Dashboard] router.push failed, using fallback {
        error: 'Navigation failed',
        timestamp: '2026-02-08T19:37:50.463Z',
        fallback: 'window.location.href',
        traceId: 'test-trace-id',
        redirectUrl: '/login?returnUrl=/dashboard'
      }

      454 |                 console.log('[Dashboard] Redirect initiated successfully', { traceId, redirectUrl });
      455 |               } catch (navError) {
    > 456 |                 console.error('[Dashboard] router.push failed, using fallback', {
          |                         ^
      457 |                   error: navError instanceof Error ? navError.message : String(navError),
      458 |                   timestamp: new Date().toISOString(),
      459 |                   fallback: 'window.location.href',

      at error (src/app/dashboard/page.tsx:456:25)

    console.error
      Error: Not implemented: navigation (except hash changes)
          at module.exports (/Users/ryan/Library/Mobile Documents/com~apple~CloudDocs/Documents/VSCode/Tax-App-Frontend/node_modules/jsdom/lib/jsdom/browser/not-implemented.js:9:17)
          at navigateFetch (/Users/ryan/Library/Mobile Documents/com~apple~CloudDocs/Documents/VSCode/Tax-App-Frontend/node_modules/jsdom/lib/jsdom/living/window/navigation.js:77:3)
          at exports.navigate (/Users/ryan/Library/Mobile Documents/com~apple~CloudDocs/Documents/VSCode/Tax-App-Frontend/node_modules/jsdom/lib/jsdom/living/window/navigation.js:55:3)
          at LocationImpl._locationObjectNavigate (/Users/ryan/Library/Mobile Documents/com~apple~CloudDocs/Documents/VSCode/Tax-App-Frontend/node_modules/jsdom/lib/jsdom/living/window/Location-impl.js:30:5)
          at LocationImpl._locationObjectSetterNavigate (/Users/ryan/Library/Mobile Documents/com~apple~CloudDocs/Documents/VSCode/Tax-App-Frontend/node_modules/jsdom/lib/jsdom/living/window/Location-impl.js:24:17)
          at LocationImpl.set href [as href] (/Users/ryan/Library/Mobile Documents/com~apple~CloudDocs/Documents/VSCode/Tax-App-Frontend/node_modules/jsdom/lib/jsdom/living/window/Location-impl.js:46:10)
          at Location.set href [as href] (/Users/ryan/Library/Mobile Documents/com~apple~CloudDocs/Documents/VSCode/Tax-App-Frontend/node_modules/jsdom/lib/jsdom/living/generated/Location.js:125:37)
          at checkAuth (/Users/ryan/Library/Mobile Documents/com~apple~CloudDocs/Documents/VSCode/Tax-App-Frontend/src/app/dashboard/page.tsx:465:39) {
        type: 'not implemented'
      }

      463 |                 if (typeof window !== 'undefined') {
      464 |                   if (timeoutId) clearTimeout(timeoutId);
    > 465 |                   window.location.href = redirectUrl;
          |                                       ^
      466 |                   console.log('[Dashboard] Fallback redirect initiated successfully', { traceId, redirectUrl });
      467 |                 }
      468 |               }

      at VirtualConsole.<anonymous> (node_modules/@jest/environment-jsdom-abstract/build/index.js:87:23)
      at module.exports (node_modules/jsdom/lib/jsdom/browser/not-implemented.js:12:26)
      at navigateFetch (node_modules/jsdom/lib/jsdom/living/window/navigation.js:77:3)
      at exports.navigate (node_modules/jsdom/lib/jsdom/living/window/navigation.js:55:3)
      at LocationImpl._locationObjectNavigate (node_modules/jsdom/lib/jsdom/living/window/Location-impl.js:30:5)
      at LocationImpl._locationObjectSetterNavigate (node_modules/jsdom/lib/jsdom/living/window/Location-impl.js:24:17)
      at LocationImpl.set href [as href] (node_modules/jsdom/lib/jsdom/living/window/Location-impl.js:46:10)
      at Location.set href [as href] (node_modules/jsdom/lib/jsdom/living/generated/Location.js:125:37)
      at checkAuth (src/app/dashboard/page.tsx:465:39)

    console.log
      [Dashboard] Fallback redirect initiated successfully {
        traceId: 'test-trace-id',
        redirectUrl: '/login?returnUrl=/dashboard'
      }

      at log (src/app/dashboard/page.tsx:466:27)

    console.log
      [Dashboard] Component unmounting { traceId: 'test-trace-id' }

      at log (src/app/dashboard/page.tsx:577:15)
          at Array.forEach (<anonymous>)

    console.log
      [Dashboard] Starting authentication check { traceId: 'test-trace-id' }

      at log (src/app/dashboard/page.tsx:353:13)

    console.log
      [Dashboard] Logout state check result { logoutInProgress: false, traceId: 'test-trace-id' }

      at log (src/app/dashboard/page.tsx:387:19)

    console.log
      [Dashboard] Getting unified auth state with JWT requirement { traceId: 'test-trace-id' }

      at log (src/app/dashboard/page.tsx:415:17)

    console.warn
      [Dashboard] Authentication check timeout, forcing redirect { traceId: 'test-trace-id' }

      355 |     // Set timeout protection
      356 |     timeoutId = setTimeout(() => {
    > 357 |       console.warn('[Dashboard] Authentication check timeout, forcing redirect', { traceId });
          |               ^
      358 |       if (typeof window !== 'undefined' && !redirectInitiatedRef.current) {
      359 |         redirectInitiatedRef.current = true;
      360 |         

      at warn (src/app/dashboard/page.tsx:357:15)
      at callTimer (node_modules/@sinonjs/fake-timers/src/fake-timers-src.js:806:24)
      at doTickInner (node_modules/@sinonjs/fake-timers/src/fake-timers-src.js:1413:29)
      at doTick (node_modules/@sinonjs/fake-timers/src/fake-timers-src.js:1494:20)
      at Object.tick (node_modules/@sinonjs/fake-timers/src/fake-timers-src.js:1502:20)
      at FakeTimers.advanceTimersByTime (node_modules/@jest/fake-timers/build/index.js:576:19)
      at Object.advanceTimersByTime (src/app/dashboard/unauthenticated-access.integration.test.tsx:464:12)

    console.log
      [Dashboard] Timeout redirect URL {
        redirectUrl: '/login?returnUrl=/dashboard',
        traceId: 'test-trace-id'
      }

      at log (src/app/dashboard/page.tsx:368:17)

    console.error
      Error: Not implemented: navigation (except hash changes)
          at module.exports (/Users/ryan/Library/Mobile Documents/com~apple~CloudDocs/Documents/VSCode/Tax-App-Frontend/node_modules/jsdom/lib/jsdom/browser/not-implemented.js:9:17)
          at navigateFetch (/Users/ryan/Library/Mobile Documents/com~apple~CloudDocs/Documents/VSCode/Tax-App-Frontend/node_modules/jsdom/lib/jsdom/living/window/navigation.js:77:3)
          at exports.navigate (/Users/ryan/Library/Mobile Documents/com~apple~CloudDocs/Documents/VSCode/Tax-App-Frontend/node_modules/jsdom/lib/jsdom/living/window/navigation.js:55:3)
          at LocationImpl._locationObjectNavigate (/Users/ryan/Library/Mobile Documents/com~apple~CloudDocs/Documents/VSCode/Tax-App-Frontend/node_modules/jsdom/lib/jsdom/living/window/Location-impl.js:30:5)
          at LocationImpl._locationObjectSetterNavigate (/Users/ryan/Library/Mobile Documents/com~apple~CloudDocs/Documents/VSCode/Tax-App-Frontend/node_modules/jsdom/lib/jsdom/living/window/Location-impl.js:24:17)
          at LocationImpl.set href [as href] (/Users/ryan/Library/Mobile Documents/com~apple~CloudDocs/Documents/VSCode/Tax-App-Frontend/node_modules/jsdom/lib/jsdom/living/window/Location-impl.js:46:10)
          at Location.set href [as href] (/Users/ryan/Library/Mobile Documents/com~apple~CloudDocs/Documents/VSCode/Tax-App-Frontend/node_modules/jsdom/lib/jsdom/living/generated/Location.js:125:37)
          at /Users/ryan/Library/Mobile Documents/com~apple~CloudDocs/Documents/VSCode/Tax-App-Frontend/src/app/dashboard/page.tsx:369:29
          at callTimer (/Users/ryan/Library/Mobile Documents/com~apple~CloudDocs/Documents/VSCode/Tax-App-Frontend/node_modules/@sinonjs/fake-timers/src/fake-timers-src.js:806:24)
          at doTickInner (/Users/ryan/Library/Mobile Documents/com~apple~CloudDocs/Documents/VSCode/Tax-App-Frontend/node_modules/@sinonjs/fake-timers/src/fake-timers-src.js:1413:29)
          at doTick (/Users/ryan/Library/Mobile Documents/com~apple~CloudDocs/Documents/VSCode/Tax-App-Frontend/node_modules/@sinonjs/fake-timers/src/fake-timers-src.js:1494:20)
          at Object.tick (/Users/ryan/Library/Mobile Documents/com~apple~CloudDocs/Documents/VSCode/Tax-App-Frontend/node_modules/@sinonjs/fake-timers/src/fake-timers-src.js:1502:20)
          at FakeTimers.advanceTimersByTime (/Users/ryan/Library/Mobile Documents/com~apple~CloudDocs/Documents/VSCode/Tax-App-Frontend/node_modules/@jest/fake-timers/build/index.js:576:19)
          at Object.advanceTimersByTime (/Users/ryan/Library/Mobile Documents/com~apple~CloudDocs/Documents/VSCode/Tax-App-Frontend/node_modules/jest-runtime/build/index.js:1725:56)
          at Object.advanceTimersByTime (/Users/ryan/Library/Mobile Documents/com~apple~CloudDocs/Documents/VSCode/Tax-App-Frontend/src/app/dashboard/unauthenticated-access.integration.test.tsx:464:12)
          at Promise.finally.completed (/Users/ryan/Library/Mobile Documents/com~apple~CloudDocs/Documents/VSCode/Tax-App-Frontend/node_modules/jest-circus/build/jestAdapterInit.js:1557:28)
          at new Promise (<anonymous>)
          at callAsyncCircusFn (/Users/ryan/Library/Mobile Documents/com~apple~CloudDocs/Documents/VSCode/Tax-App-Frontend/node_modules/jest-circus/build/jestAdapterInit.js:1497:10)
          at _callCircusTest (/Users/ryan/Library/Mobile Documents/com~apple~CloudDocs/Documents/VSCode/Tax-App-Frontend/node_modules/jest-circus/build/jestAdapterInit.js:1007:40)
          at _runTest (/Users/ryan/Library/Mobile Documents/com~apple~CloudDocs/Documents/VSCode/Tax-App-Frontend/node_modules/jest-circus/build/jestAdapterInit.js:947:3)
          at /Users/ryan/Library/Mobile Documents/com~apple~CloudDocs/Documents/VSCode/Tax-App-Frontend/node_modules/jest-circus/build/jestAdapterInit.js:849:7
          at _runTestsForDescribeBlock (/Users/ryan/Library/Mobile Documents/com~apple~CloudDocs/Documents/VSCode/Tax-App-Frontend/node_modules/jest-circus/build/jestAdapterInit.js:862:11)
          at _runTestsForDescribeBlock (/Users/ryan/Library/Mobile Documents/com~apple~CloudDocs/Documents/VSCode/Tax-App-Frontend/node_modules/jest-circus/build/jestAdapterInit.js:857:11)
          at _runTestsForDescribeBlock (/Users/ryan/Library/Mobile Documents/com~apple~CloudDocs/Documents/VSCode/Tax-App-Frontend/node_modules/jest-circus/build/jestAdapterInit.js:857:11)
          at run (/Users/ryan/Library/Mobile Documents/com~apple~CloudDocs/Documents/VSCode/Tax-App-Frontend/node_modules/jest-circus/build/jestAdapterInit.js:761:3)
          at runAndTransformResultsToJestFormat (/Users/ryan/Library/Mobile Documents/com~apple~CloudDocs/Documents/VSCode/Tax-App-Frontend/node_modules/jest-circus/build/jestAdapterInit.js:1918:21)
          at jestAdapter (/Users/ryan/Library/Mobile Documents/com~apple~CloudDocs/Documents/VSCode/Tax-App-Frontend/node_modules/jest-circus/build/runner.js:101:19)
          at runTestInternal (/Users/ryan/Library/Mobile Documents/com~apple~CloudDocs/Documents/VSCode/Tax-App-Frontend/node_modules/jest-runner/build/testWorker.js:275:16)
          at runTest (/Users/ryan/Library/Mobile Documents/com~apple~CloudDocs/Documents/VSCode/Tax-App-Frontend/node_modules/jest-runner/build/testWorker.js:343:7)
          at Object.worker (/Users/ryan/Library/Mobile Documents/com~apple~CloudDocs/Documents/VSCode/Tax-App-Frontend/node_modules/jest-runner/build/testWorker.js:497:12) {
        type: 'not implemented'
      }

      367 |         
      368 |         console.log('[Dashboard] Timeout redirect URL', { redirectUrl, traceId });
    > 369 |         window.location.href = redirectUrl;
          |                             ^
      370 |       }
      371 |     }, 2000);
      372 |

      at VirtualConsole.<anonymous> (node_modules/@jest/environment-jsdom-abstract/build/index.js:87:23)
      at module.exports (node_modules/jsdom/lib/jsdom/browser/not-implemented.js:12:26)
      at navigateFetch (node_modules/jsdom/lib/jsdom/living/window/navigation.js:77:3)
      at exports.navigate (node_modules/jsdom/lib/jsdom/living/window/navigation.js:55:3)
      at LocationImpl._locationObjectNavigate (node_modules/jsdom/lib/jsdom/living/window/Location-impl.js:30:5)
      at LocationImpl._locationObjectSetterNavigate (node_modules/jsdom/lib/jsdom/living/window/Location-impl.js:24:17)
      at LocationImpl.set href [as href] (node_modules/jsdom/lib/jsdom/living/window/Location-impl.js:46:10)
      at Location.set href [as href] (node_modules/jsdom/lib/jsdom/living/generated/Location.js:125:37)
      at src/app/dashboard/page.tsx:369:29
      at callTimer (node_modules/@sinonjs/fake-timers/src/fake-timers-src.js:806:24)
      at doTickInner (node_modules/@sinonjs/fake-timers/src/fake-timers-src.js:1413:29)
      at doTick (node_modules/@sinonjs/fake-timers/src/fake-timers-src.js:1494:20)
      at Object.tick (node_modules/@sinonjs/fake-timers/src/fake-timers-src.js:1502:20)
      at FakeTimers.advanceTimersByTime (node_modules/@jest/fake-timers/build/index.js:576:19)
      at Object.advanceTimersByTime (src/app/dashboard/unauthenticated-access.integration.test.tsx:464:12)

    console.log
      [Dashboard] Component unmounting { traceId: 'test-trace-id' }

      at log (src/app/dashboard/page.tsx:577:15)
          at Array.forEach (<anonymous>)

    console.log
      [Dashboard] Starting authentication check { traceId: 'test-trace-id' }

      at log (src/app/dashboard/page.tsx:353:13)

    console.log
      [Dashboard] Logout state check result { logoutInProgress: false, traceId: 'test-trace-id' }

      at log (src/app/dashboard/page.tsx:387:19)

    console.log
      [Dashboard] Getting unified auth state with JWT requirement { traceId: 'test-trace-id' }

      at log (src/app/dashboard/page.tsx:415:17)

    console.log
      [Dashboard] Auth state received {
        isAuthenticated: false,
        hasJWT: false,
        hasSession: false,
        authMethod: 'none',
        inFallbackMode: false,
        reason: undefined,
        traceId: 'test-trace-id'
      }

      at log (src/app/dashboard/page.tsx:417:17)

    console.log
      [Dashboard] Redirecting to login (not authenticated) {
        traceId: 'test-trace-id',
        reason: undefined,
        hasJWT: false,
        hasSession: false,
        redirectUrl: '/login?returnUrl=/dashboard'
      }

      at log (src/app/dashboard/page.tsx:443:23)

    console.error
      [Dashboard] router.push failed, using fallback {
        error: 'Navigation failed',
        timestamp: '2026-02-08T19:37:50.472Z',
        fallback: 'window.location.href',
        traceId: 'test-trace-id',
        redirectUrl: '/login?returnUrl=/dashboard'
      }

      454 |                 console.log('[Dashboard] Redirect initiated successfully', { traceId, redirectUrl });
      455 |               } catch (navError) {
    > 456 |                 console.error('[Dashboard] router.push failed, using fallback', {
          |                         ^
      457 |                   error: navError instanceof Error ? navError.message : String(navError),
      458 |                   timestamp: new Date().toISOString(),
      459 |                   fallback: 'window.location.href',

      at error (src/app/dashboard/page.tsx:456:25)

    console.error
      Error: Not implemented: navigation (except hash changes)
          at module.exports (/Users/ryan/Library/Mobile Documents/com~apple~CloudDocs/Documents/VSCode/Tax-App-Frontend/node_modules/jsdom/lib/jsdom/browser/not-implemented.js:9:17)
          at navigateFetch (/Users/ryan/Library/Mobile Documents/com~apple~CloudDocs/Documents/VSCode/Tax-App-Frontend/node_modules/jsdom/lib/jsdom/living/window/navigation.js:77:3)
          at exports.navigate (/Users/ryan/Library/Mobile Documents/com~apple~CloudDocs/Documents/VSCode/Tax-App-Frontend/node_modules/jsdom/lib/jsdom/living/window/navigation.js:55:3)
          at LocationImpl._locationObjectNavigate (/Users/ryan/Library/Mobile Documents/com~apple~CloudDocs/Documents/VSCode/Tax-App-Frontend/node_modules/jsdom/lib/jsdom/living/window/Location-impl.js:30:5)
          at LocationImpl._locationObjectSetterNavigate (/Users/ryan/Library/Mobile Documents/com~apple~CloudDocs/Documents/VSCode/Tax-App-Frontend/node_modules/jsdom/lib/jsdom/living/window/Location-impl.js:24:17)
          at LocationImpl.set href [as href] (/Users/ryan/Library/Mobile Documents/com~apple~CloudDocs/Documents/VSCode/Tax-App-Frontend/node_modules/jsdom/lib/jsdom/living/window/Location-impl.js:46:10)
          at Location.set href [as href] (/Users/ryan/Library/Mobile Documents/com~apple~CloudDocs/Documents/VSCode/Tax-App-Frontend/node_modules/jsdom/lib/jsdom/living/generated/Location.js:125:37)
          at checkAuth (/Users/ryan/Library/Mobile Documents/com~apple~CloudDocs/Documents/VSCode/Tax-App-Frontend/src/app/dashboard/page.tsx:465:39) {
        type: 'not implemented'
      }

      463 |                 if (typeof window !== 'undefined') {
      464 |                   if (timeoutId) clearTimeout(timeoutId);
    > 465 |                   window.location.href = redirectUrl;
          |                                       ^
      466 |                   console.log('[Dashboard] Fallback redirect initiated successfully', { traceId, redirectUrl });
      467 |                 }
      468 |               }

      at VirtualConsole.<anonymous> (node_modules/@jest/environment-jsdom-abstract/build/index.js:87:23)
      at module.exports (node_modules/jsdom/lib/jsdom/browser/not-implemented.js:12:26)
      at navigateFetch (node_modules/jsdom/lib/jsdom/living/window/navigation.js:77:3)
      at exports.navigate (node_modules/jsdom/lib/jsdom/living/window/navigation.js:55:3)
      at LocationImpl._locationObjectNavigate (node_modules/jsdom/lib/jsdom/living/window/Location-impl.js:30:5)
      at LocationImpl._locationObjectSetterNavigate (node_modules/jsdom/lib/jsdom/living/window/Location-impl.js:24:17)
      at LocationImpl.set href [as href] (node_modules/jsdom/lib/jsdom/living/window/Location-impl.js:46:10)
      at Location.set href [as href] (node_modules/jsdom/lib/jsdom/living/generated/Location.js:125:37)
      at checkAuth (src/app/dashboard/page.tsx:465:39)

    console.log
      [Dashboard] Fallback redirect initiated successfully {
        traceId: 'test-trace-id',
        redirectUrl: '/login?returnUrl=/dashboard'
      }

      at log (src/app/dashboard/page.tsx:466:27)

    console.log
      [Dashboard] Component unmounting { traceId: 'test-trace-id' }

      at log (src/app/dashboard/page.tsx:577:15)
          at Array.forEach (<anonymous>)

    console.log
      [Dashboard] Starting authentication check { traceId: 'test-trace-id' }

      at log (src/app/dashboard/page.tsx:353:13)

    console.log
      [Dashboard] Logout state check result { logoutInProgress: false, traceId: 'test-trace-id' }

      at log (src/app/dashboard/page.tsx:387:19)

    console.log
      [Dashboard] Getting unified auth state with JWT requirement { traceId: 'test-trace-id' }

      at log (src/app/dashboard/page.tsx:415:17)

    console.log
      [Dashboard] Auth state received {
        isAuthenticated: true,
        hasJWT: true,
        hasSession: true,
        authMethod: 'jwt',
        inFallbackMode: false,
        reason: undefined,
        traceId: 'test-trace-id'
      }

      at log (src/app/dashboard/page.tsx:417:17)

    console.log
      [Dashboard] Authentication successful { authMethod: 'jwt', inFallbackMode: false, traceId: 'test-trace-id' }

      at log (src/app/dashboard/page.tsx:473:21)

    console.log
      [Dashboard] Component unmounting { traceId: 'test-trace-id' }

      at log (src/app/dashboard/page.tsx:577:15)
          at Array.forEach (<anonymous>)

    console.log
      [Dashboard] Starting authentication check { traceId: 'test-trace-id' }

      at log (src/app/dashboard/page.tsx:353:13)

    console.log
      [Dashboard] Logout state check result { logoutInProgress: false, traceId: 'test-trace-id' }

      at log (src/app/dashboard/page.tsx:387:19)

    console.log
      [Dashboard] Getting unified auth state with JWT requirement { traceId: 'test-trace-id' }

      at log (src/app/dashboard/page.tsx:415:17)

    console.log
      [Dashboard] Auth state received {
        isAuthenticated: false,
        hasJWT: false,
        hasSession: false,
        authMethod: 'none',
        inFallbackMode: false,
        reason: 'JWT required for this route',
        traceId: 'test-trace-id'
      }

      at log (src/app/dashboard/page.tsx:417:17)

    console.log
      [Dashboard] Redirecting to login (not authenticated) {
        traceId: 'test-trace-id',
        reason: 'JWT required for this route',
        hasJWT: false,
        hasSession: false,
        redirectUrl: '/login?returnUrl=/dashboard'
      }

      at log (src/app/dashboard/page.tsx:443:23)

    console.error
      [Dashboard] router.push failed, using fallback {
        error: 'Navigation failed',
        timestamp: '2026-02-08T19:37:50.480Z',
        fallback: 'window.location.href',
        traceId: 'test-trace-id',
        redirectUrl: '/login?returnUrl=/dashboard'
      }

      454 |                 console.log('[Dashboard] Redirect initiated successfully', { traceId, redirectUrl });
      455 |               } catch (navError) {
    > 456 |                 console.error('[Dashboard] router.push failed, using fallback', {
          |                         ^
      457 |                   error: navError instanceof Error ? navError.message : String(navError),
      458 |                   timestamp: new Date().toISOString(),
      459 |                   fallback: 'window.location.href',

      at error (src/app/dashboard/page.tsx:456:25)

    console.error
      Error: Not implemented: navigation (except hash changes)
          at module.exports (/Users/ryan/Library/Mobile Documents/com~apple~CloudDocs/Documents/VSCode/Tax-App-Frontend/node_modules/jsdom/lib/jsdom/browser/not-implemented.js:9:17)
          at navigateFetch (/Users/ryan/Library/Mobile Documents/com~apple~CloudDocs/Documents/VSCode/Tax-App-Frontend/node_modules/jsdom/lib/jsdom/living/window/navigation.js:77:3)
          at exports.navigate (/Users/ryan/Library/Mobile Documents/com~apple~CloudDocs/Documents/VSCode/Tax-App-Frontend/node_modules/jsdom/lib/jsdom/living/window/navigation.js:55:3)
          at LocationImpl._locationObjectNavigate (/Users/ryan/Library/Mobile Documents/com~apple~CloudDocs/Documents/VSCode/Tax-App-Frontend/node_modules/jsdom/lib/jsdom/living/window/Location-impl.js:30:5)
          at LocationImpl._locationObjectSetterNavigate (/Users/ryan/Library/Mobile Documents/com~apple~CloudDocs/Documents/VSCode/Tax-App-Frontend/node_modules/jsdom/lib/jsdom/living/window/Location-impl.js:24:17)
          at LocationImpl.set href [as href] (/Users/ryan/Library/Mobile Documents/com~apple~CloudDocs/Documents/VSCode/Tax-App-Frontend/node_modules/jsdom/lib/jsdom/living/window/Location-impl.js:46:10)
          at Location.set href [as href] (/Users/ryan/Library/Mobile Documents/com~apple~CloudDocs/Documents/VSCode/Tax-App-Frontend/node_modules/jsdom/lib/jsdom/living/generated/Location.js:125:37)
          at checkAuth (/Users/ryan/Library/Mobile Documents/com~apple~CloudDocs/Documents/VSCode/Tax-App-Frontend/src/app/dashboard/page.tsx:465:39) {
        type: 'not implemented'
      }

      463 |                 if (typeof window !== 'undefined') {
      464 |                   if (timeoutId) clearTimeout(timeoutId);
    > 465 |                   window.location.href = redirectUrl;
          |                                       ^
      466 |                   console.log('[Dashboard] Fallback redirect initiated successfully', { traceId, redirectUrl });
      467 |                 }
      468 |               }

      at VirtualConsole.<anonymous> (node_modules/@jest/environment-jsdom-abstract/build/index.js:87:23)
      at module.exports (node_modules/jsdom/lib/jsdom/browser/not-implemented.js:12:26)
      at navigateFetch (node_modules/jsdom/lib/jsdom/living/window/navigation.js:77:3)
      at exports.navigate (node_modules/jsdom/lib/jsdom/living/window/navigation.js:55:3)
      at LocationImpl._locationObjectNavigate (node_modules/jsdom/lib/jsdom/living/window/Location-impl.js:30:5)
      at LocationImpl._locationObjectSetterNavigate (node_modules/jsdom/lib/jsdom/living/window/Location-impl.js:24:17)
      at LocationImpl.set href [as href] (node_modules/jsdom/lib/jsdom/living/window/Location-impl.js:46:10)
      at Location.set href [as href] (node_modules/jsdom/lib/jsdom/living/generated/Location.js:125:37)
      at checkAuth (src/app/dashboard/page.tsx:465:39)

    console.log
      [Dashboard] Fallback redirect initiated successfully {
        traceId: 'test-trace-id',
        redirectUrl: '/login?returnUrl=/dashboard'
      }

      at log (src/app/dashboard/page.tsx:466:27)

    console.log
      [Dashboard] Component unmounting { traceId: 'test-trace-id' }

      at log (src/app/dashboard/page.tsx:577:15)
          at Array.forEach (<anonymous>)

    console.log
      [Dashboard] Starting authentication check { traceId: 'test-trace-id' }

      at log (src/app/dashboard/page.tsx:353:13)

    console.log
      [Dashboard] Logout state check result { logoutInProgress: false, traceId: 'test-trace-id' }

      at log (src/app/dashboard/page.tsx:387:19)

    console.log
      [Dashboard] Getting unified auth state with JWT requirement { traceId: 'test-trace-id' }

      at log (src/app/dashboard/page.tsx:415:17)

    console.log
      [Dashboard] Auth state received {
        isAuthenticated: false,
        hasJWT: false,
        hasSession: false,
        authMethod: 'none',
        inFallbackMode: false,
        reason: undefined,
        traceId: 'test-trace-id'
      }

      at log (src/app/dashboard/page.tsx:417:17)

    console.log
      [Dashboard] Redirecting to login (not authenticated) {
        traceId: 'test-trace-id',
        reason: undefined,
        hasJWT: false,
        hasSession: false,
        redirectUrl: '/login?returnUrl=/dashboard'
      }

      at log (src/app/dashboard/page.tsx:443:23)

    console.error
      [Dashboard] router.push failed, using fallback {
        error: 'Navigation failed',
        timestamp: '2026-02-08T19:37:50.489Z',
        fallback: 'window.location.href',
        traceId: 'test-trace-id',
        redirectUrl: '/login?returnUrl=/dashboard'
      }

      454 |                 console.log('[Dashboard] Redirect initiated successfully', { traceId, redirectUrl });
      455 |               } catch (navError) {
    > 456 |                 console.error('[Dashboard] router.push failed, using fallback', {
          |                         ^
      457 |                   error: navError instanceof Error ? navError.message : String(navError),
      458 |                   timestamp: new Date().toISOString(),
      459 |                   fallback: 'window.location.href',

      at error (src/app/dashboard/page.tsx:456:25)

    console.error
      Error: Not implemented: navigation (except hash changes)
          at module.exports (/Users/ryan/Library/Mobile Documents/com~apple~CloudDocs/Documents/VSCode/Tax-App-Frontend/node_modules/jsdom/lib/jsdom/browser/not-implemented.js:9:17)
          at navigateFetch (/Users/ryan/Library/Mobile Documents/com~apple~CloudDocs/Documents/VSCode/Tax-App-Frontend/node_modules/jsdom/lib/jsdom/living/window/navigation.js:77:3)
          at exports.navigate (/Users/ryan/Library/Mobile Documents/com~apple~CloudDocs/Documents/VSCode/Tax-App-Frontend/node_modules/jsdom/lib/jsdom/living/window/navigation.js:55:3)
          at LocationImpl._locationObjectNavigate (/Users/ryan/Library/Mobile Documents/com~apple~CloudDocs/Documents/VSCode/Tax-App-Frontend/node_modules/jsdom/lib/jsdom/living/window/Location-impl.js:30:5)
          at LocationImpl._locationObjectSetterNavigate (/Users/ryan/Library/Mobile Documents/com~apple~CloudDocs/Documents/VSCode/Tax-App-Frontend/node_modules/jsdom/lib/jsdom/living/window/Location-impl.js:24:17)
          at LocationImpl.set href [as href] (/Users/ryan/Library/Mobile Documents/com~apple~CloudDocs/Documents/VSCode/Tax-App-Frontend/node_modules/jsdom/lib/jsdom/living/window/Location-impl.js:46:10)
          at Location.set href [as href] (/Users/ryan/Library/Mobile Documents/com~apple~CloudDocs/Documents/VSCode/Tax-App-Frontend/node_modules/jsdom/lib/jsdom/living/generated/Location.js:125:37)
          at checkAuth (/Users/ryan/Library/Mobile Documents/com~apple~CloudDocs/Documents/VSCode/Tax-App-Frontend/src/app/dashboard/page.tsx:465:39) {
        type: 'not implemented'
      }

      463 |                 if (typeof window !== 'undefined') {
      464 |                   if (timeoutId) clearTimeout(timeoutId);
    > 465 |                   window.location.href = redirectUrl;
          |                                       ^
      466 |                   console.log('[Dashboard] Fallback redirect initiated successfully', { traceId, redirectUrl });
      467 |                 }
      468 |               }

      at VirtualConsole.<anonymous> (node_modules/@jest/environment-jsdom-abstract/build/index.js:87:23)
      at module.exports (node_modules/jsdom/lib/jsdom/browser/not-implemented.js:12:26)
      at navigateFetch (node_modules/jsdom/lib/jsdom/living/window/navigation.js:77:3)
      at exports.navigate (node_modules/jsdom/lib/jsdom/living/window/navigation.js:55:3)
      at LocationImpl._locationObjectNavigate (node_modules/jsdom/lib/jsdom/living/window/Location-impl.js:30:5)
      at LocationImpl._locationObjectSetterNavigate (node_modules/jsdom/lib/jsdom/living/window/Location-impl.js:24:17)
      at LocationImpl.set href [as href] (node_modules/jsdom/lib/jsdom/living/window/Location-impl.js:46:10)
      at Location.set href [as href] (node_modules/jsdom/lib/jsdom/living/generated/Location.js:125:37)
      at checkAuth (src/app/dashboard/page.tsx:465:39)

    console.log
      [Dashboard] Fallback redirect initiated successfully {
        traceId: 'test-trace-id',
        redirectUrl: '/login?returnUrl=/dashboard'
      }

      at log (src/app/dashboard/page.tsx:466:27)

    console.log
      [Dashboard] Component unmounting { traceId: 'test-trace-id' }

      at log (src/app/dashboard/page.tsx:577:15)
          at Array.forEach (<anonymous>)

  ● Unauthenticated Dashboard Access - Integration Test (Task 3.3) › Complete Unauthenticated Access Flow - Requirements 1.1, 4.2, 5.5 › should redirect to /login when accessing dashboard without JWT

    expect(jest.fn()).toHaveBeenCalledWith(...expected)

    Expected: "/login"
    Received: "/login?returnUrl=/dashboard"

    Number of calls: 1

    Ignored nodes: comments, script, style
    [36m<html>[39m
      [36m<head />[39m
      [36m<body>[39m
        [36m<div>[39m
          [36m<div[39m
            [33mclass[39m=[32m"min-h-screen flex items-center justify-center bg-white"[39m
          [36m>[39m
            [36m<div[39m
              [33mclass[39m=[32m"text-gray-600"[39m
            [36m>[39m
              [0mLoading...[0m
            [36m</div>[39m
          [36m</div>[39m
        [36m</div>[39m
      [36m</body>[39m
    [36m</html>[39m

      101 |       // Verify redirect to /login was initiated
      102 |       await waitFor(() => {
    > 103 |         expect(mockPush).toHaveBeenCalledWith('/login');
          |                          ^
      104 |       });
      105 |
      106 |       // Requirement 1.1: Dashboard SHALL redirect unauthenticated users to login

      at toHaveBeenCalledWith (src/app/dashboard/unauthenticated-access.integration.test.tsx:103:26)
      at runWithExpensiveErrorDiagnosticsDisabled (node_modules/@testing-library/dom/dist/config.js:47:12)
      at checkCallback (node_modules/@testing-library/dom/dist/wait-for.js:124:77)
      at node_modules/@testing-library/dom/dist/wait-for.js:82:9

  ● Unauthenticated Dashboard Access - Integration Test (Task 3.3) › Complete Unauthenticated Access Flow - Requirements 1.1, 4.2, 5.5 › should not render any dashboard content before redirect

    expect(jest.fn()).toHaveBeenCalledWith(...expected)

    Expected: "/login"
    Received: "/login?returnUrl=/dashboard"

    Number of calls: 1

    Ignored nodes: comments, script, style
    [36m<html>[39m
      [36m<head />[39m
      [36m<body>[39m
        [36m<div>[39m
          [36m<div[39m
            [33mclass[39m=[32m"min-h-screen flex items-center justify-center bg-white"[39m
          [36m>[39m
            [36m<div[39m
              [33mclass[39m=[32m"text-gray-600"[39m
            [36m>[39m
              [0mLoading...[0m
            [36m</div>[39m
          [36m</div>[39m
        [36m</div>[39m
      [36m</body>[39m
    [36m</html>[39m

      126 |       // Wait for redirect
      127 |       await waitFor(() => {
    > 128 |         expect(mockPush).toHaveBeenCalledWith('/login');
          |                          ^
      129 |       });
      130 |
      131 |       // Requirement 4.2: No dashboard content should be rendered

      at toHaveBeenCalledWith (src/app/dashboard/unauthenticated-access.integration.test.tsx:128:26)
      at runWithExpensiveErrorDiagnosticsDisabled (node_modules/@testing-library/dom/dist/config.js:47:12)
      at checkCallback (node_modules/@testing-library/dom/dist/wait-for.js:124:77)
      at node_modules/@testing-library/dom/dist/wait-for.js:82:9

  ● Unauthenticated Dashboard Access - Integration Test (Task 3.3) › Complete Unauthenticated Access Flow - Requirements 1.1, 4.2, 5.5 › should complete redirect within 500ms

    expect(jest.fn()).toHaveBeenCalledWith(...expected)

    Expected: "/login"
    Received: "/login?returnUrl=/dashboard"

    Number of calls: 1

    Ignored nodes: comments, script, style
    [36m<html>[39m
      [36m<head />[39m
      [36m<body>[39m
        [36m<div>[39m
          [36m<div[39m
            [33mclass[39m=[32m"min-h-screen flex items-center justify-center bg-white"[39m
          [36m>[39m
            [36m<div[39m
              [33mclass[39m=[32m"text-gray-600"[39m
            [36m>[39m
              [0mLoading...[0m
            [36m</div>[39m
          [36m</div>[39m
        [36m</div>[39m
      [36m</body>[39m
    [36m</html>[39m

      153 |       // Wait for redirect to be initiated
      154 |       await waitFor(() => {
    > 155 |         expect(mockPush).toHaveBeenCalledWith('/login');
          |                          ^
      156 |       });
      157 |
      158 |       const endTime = Date.now();

      at toHaveBeenCalledWith (src/app/dashboard/unauthenticated-access.integration.test.tsx:155:26)
      at runWithExpensiveErrorDiagnosticsDisabled (node_modules/@testing-library/dom/dist/config.js:47:12)
      at checkCallback (node_modules/@testing-library/dom/dist/wait-for.js:124:77)
      at node_modules/@testing-library/dom/dist/wait-for.js:82:9

  ● Unauthenticated Dashboard Access - Integration Test (Task 3.3) › Loading State During Redirect - Requirement 4.2 › should maintain loading state during redirect

    expect(jest.fn()).toHaveBeenCalledWith(...expected)

    Expected: "/login"
    Received: "/login?returnUrl=/dashboard"

    Number of calls: 1

    Ignored nodes: comments, script, style
    [36m<html>[39m
      [36m<head />[39m
      [36m<body>[39m
        [36m<div>[39m
          [36m<div[39m
            [33mclass[39m=[32m"min-h-screen flex items-center justify-center bg-white"[39m
          [36m>[39m
            [36m<div[39m
              [33mclass[39m=[32m"text-gray-600"[39m
            [36m>[39m
              [0mLoading...[0m
            [36m</div>[39m
          [36m</div>[39m
        [36m</div>[39m
      [36m</body>[39m
    [36m</html>[39m

      203 |       // Wait for redirect
      204 |       await waitFor(() => {
    > 205 |         expect(mockPush).toHaveBeenCalledWith('/login');
          |                          ^
      206 |       });
      207 |
      208 |       // Loading state should still be visible (not cleared during redirect)

      at toHaveBeenCalledWith (src/app/dashboard/unauthenticated-access.integration.test.tsx:205:26)
      at runWithExpensiveErrorDiagnosticsDisabled (node_modules/@testing-library/dom/dist/config.js:47:12)
      at checkCallback (node_modules/@testing-library/dom/dist/wait-for.js:124:77)
      at node_modules/@testing-library/dom/dist/wait-for.js:82:9

  ● Unauthenticated Dashboard Access - Integration Test (Task 3.3) › Session-Only Authentication Rejection - Requirement 1.1 › should redirect when only session exists (no JWT)

    expect(jest.fn()).toHaveBeenCalledWith(...expected)

    Expected: "/login"
    Received: "/login?returnUrl=/dashboard"

    Number of calls: 1

    Ignored nodes: comments, script, style
    [36m<html>[39m
      [36m<head />[39m
      [36m<body>[39m
        [36m<div>[39m
          [36m<div[39m
            [33mclass[39m=[32m"min-h-screen flex items-center justify-center bg-white"[39m
          [36m>[39m
            [36m<div[39m
              [33mclass[39m=[32m"text-gray-600"[39m
            [36m>[39m
              [0mLoading...[0m
            [36m</div>[39m
          [36m</div>[39m
        [36m</div>[39m
      [36m</body>[39m
    [36m</html>[39m

      266 |       // Should redirect even though session exists
      267 |       await waitFor(() => {
    > 268 |         expect(mockPush).toHaveBeenCalledWith('/login');
          |                          ^
      269 |       });
      270 |
      271 |       // Dashboard content should never render

      at toHaveBeenCalledWith (src/app/dashboard/unauthenticated-access.integration.test.tsx:268:26)
      at runWithExpensiveErrorDiagnosticsDisabled (node_modules/@testing-library/dom/dist/config.js:47:12)
      at checkCallback (node_modules/@testing-library/dom/dist/wait-for.js:124:77)
      at node_modules/@testing-library/dom/dist/wait-for.js:82:9

  ● Unauthenticated Dashboard Access - Integration Test (Task 3.3) › Session-Only Authentication Rejection - Requirement 1.1 › should redirect when in fallback mode without JWT

    expect(jest.fn()).toHaveBeenCalledWith(...expected)

    Expected: "/login"
    Received: "/login?returnUrl=/dashboard"

    Number of calls: 1

    Ignored nodes: comments, script, style
    [36m<html>[39m
      [36m<head />[39m
      [36m<body>[39m
        [36m<div>[39m
          [36m<div[39m
            [33mclass[39m=[32m"min-h-screen flex items-center justify-center bg-white"[39m
          [36m>[39m
            [36m<div[39m
              [33mclass[39m=[32m"text-gray-600"[39m
            [36m>[39m
              [0mLoading...[0m
            [36m</div>[39m
          [36m</div>[39m
        [36m</div>[39m
      [36m</body>[39m
    [36m</html>[39m

      290 |       // Should redirect even in fallback mode
      291 |       await waitFor(() => {
    > 292 |         expect(mockPush).toHaveBeenCalledWith('/login');
          |                          ^
      293 |       });
      294 |
      295 |       // Dashboard content should never render

      at toHaveBeenCalledWith (src/app/dashboard/unauthenticated-access.integration.test.tsx:292:26)
      at runWithExpensiveErrorDiagnosticsDisabled (node_modules/@testing-library/dom/dist/config.js:47:12)
      at checkCallback (node_modules/@testing-library/dom/dist/wait-for.js:124:77)
      at node_modules/@testing-library/dom/dist/wait-for.js:82:9

  ● Unauthenticated Dashboard Access - Integration Test (Task 3.3) › Authentication Check with requireJWT Flag - Requirement 1.1 › should enforce JWT-only authentication

    expect(jest.fn()).toHaveBeenCalledWith(...expected)

    Expected: "/login"
    Received: "/login?returnUrl=/dashboard"

    Number of calls: 1

    Ignored nodes: comments, script, style
    [36m<html>[39m
      [36m<head />[39m
      [36m<body>[39m
        [36m<div>[39m
          [36m<div[39m
            [33mclass[39m=[32m"min-h-screen flex items-center justify-center bg-white"[39m
          [36m>[39m
            [36m<div[39m
              [33mclass[39m=[32m"text-gray-600"[39m
            [36m>[39m
              [0mLoading...[0m
            [36m</div>[39m
          [36m</div>[39m
        [36m</div>[39m
      [36m</body>[39m
    [36m</html>[39m

      346 |       // Should redirect due to missing JWT
      347 |       await waitFor(() => {
    > 348 |         expect(mockPush).toHaveBeenCalledWith('/login');
          |                          ^
      349 |       });
      350 |     });
      351 |   });

      at toHaveBeenCalledWith (src/app/dashboard/unauthenticated-access.integration.test.tsx:348:26)
      at runWithExpensiveErrorDiagnosticsDisabled (node_modules/@testing-library/dom/dist/config.js:47:12)
      at checkCallback (node_modules/@testing-library/dom/dist/wait-for.js:124:77)
      at node_modules/@testing-library/dom/dist/wait-for.js:82:9

  ● Unauthenticated Dashboard Access - Integration Test (Task 3.3) › Error Handling During Authentication - Requirement 4.2 › should redirect on authentication check error

    expect(jest.fn()).toHaveBeenCalledWith(...expected)

    Expected: "/login"
    Received: "/login?returnUrl=/dashboard"

    Number of calls: 1

    Ignored nodes: comments, script, style
    [36m<html>[39m
      [36m<head />[39m
      [36m<body>[39m
        [36m<div>[39m
          [36m<div[39m
            [33mclass[39m=[32m"min-h-screen flex items-center justify-center bg-white"[39m
          [36m>[39m
            [36m<div[39m
              [33mclass[39m=[32m"text-gray-600"[39m
            [36m>[39m
              [0mLoading...[0m
            [36m</div>[39m
          [36m</div>[39m
        [36m</div>[39m
      [36m</body>[39m
    [36m</html>[39m

      362 |       // Wait for error handling and redirect
      363 |       await waitFor(() => {
    > 364 |         expect(mockPush).toHaveBeenCalledWith('/login');
          |                          ^
      365 |       });
      366 |
      367 |       // Dashboard content should never render

      at toHaveBeenCalledWith (src/app/dashboard/unauthenticated-access.integration.test.tsx:364:26)
      at runWithExpensiveErrorDiagnosticsDisabled (node_modules/@testing-library/dom/dist/config.js:47:12)
      at checkCallback (node_modules/@testing-library/dom/dist/wait-for.js:124:77)
      at node_modules/@testing-library/dom/dist/wait-for.js:82:9

  ● Unauthenticated Dashboard Access - Integration Test (Task 3.3) › Redirect Timing Performance - Requirement 5.5 › should redirect immediately when JWT is missing

    expect(jest.fn()).toHaveBeenCalledWith(...expected)

    Expected: "/login"
    Received: "/login?returnUrl=/dashboard"

    Number of calls: 1

    Ignored nodes: comments, script, style
    [36m<html>[39m
      [36m<head />[39m
      [36m<body>[39m
        [36m<div>[39m
          [36m<div[39m
            [33mclass[39m=[32m"min-h-screen flex items-center justify-center bg-white"[39m
          [36m>[39m
            [36m<div[39m
              [33mclass[39m=[32m"text-gray-600"[39m
            [36m>[39m
              [0mLoading...[0m
            [36m</div>[39m
          [36m</div>[39m
        [36m</div>[39m
      [36m</body>[39m
    [36m</html>[39m

      438 |       await waitFor(
      439 |         () => {
    > 440 |           expect(mockPush).toHaveBeenCalledWith('/login');
          |                            ^
      441 |         },
      442 |         { timeout: 100 }
      443 |       );

      at toHaveBeenCalledWith (src/app/dashboard/unauthenticated-access.integration.test.tsx:440:28)
      at runWithExpensiveErrorDiagnosticsDisabled (node_modules/@testing-library/dom/dist/config.js:47:12)
      at checkCallback (node_modules/@testing-library/dom/dist/wait-for.js:124:77)
      at node_modules/@testing-library/dom/dist/wait-for.js:82:9

  ● Unauthenticated Dashboard Access - Integration Test (Task 3.3) › LocalStorage Cleared Scenario - Requirement 1.1 › should redirect when localStorage is cleared (no JWT)

    expect(jest.fn()).toHaveBeenCalledWith(...expected)

    Expected: "/login"
    Received: "/login?returnUrl=/dashboard"

    Number of calls: 1

    Ignored nodes: comments, script, style
    [36m<html>[39m
      [36m<head />[39m
      [36m<body>[39m
        [36m<div>[39m
          [36m<div[39m
            [33mclass[39m=[32m"min-h-screen flex items-center justify-center bg-white"[39m
          [36m>[39m
            [36m<div[39m
              [33mclass[39m=[32m"text-gray-600"[39m
            [36m>[39m
              [0mLoading...[0m
            [36m</div>[39m
          [36m</div>[39m
        [36m</div>[39m
      [36m</body>[39m
    [36m</html>[39m

      562 |       // Should redirect to login
      563 |       await waitFor(() => {
    > 564 |         expect(mockPush).toHaveBeenCalledWith('/login');
          |                          ^
      565 |       });
      566 |
      567 |       // No dashboard content should render

      at toHaveBeenCalledWith (src/app/dashboard/unauthenticated-access.integration.test.tsx:564:26)
      at runWithExpensiveErrorDiagnosticsDisabled (node_modules/@testing-library/dom/dist/config.js:47:12)
      at checkCallback (node_modules/@testing-library/dom/dist/wait-for.js:124:77)
      at node_modules/@testing-library/dom/dist/wait-for.js:82:9

  ● Unauthenticated Dashboard Access - Integration Test (Task 3.3) › LocalStorage Cleared Scenario - Requirement 1.1 › should complete redirect within 500ms with cleared localStorage

    expect(jest.fn()).toHaveBeenCalledWith(...expected)

    Expected: "/login"
    Received: "/login?returnUrl=/dashboard"

    Number of calls: 1

    Ignored nodes: comments, script, style
    [36m<html>[39m
      [36m<head />[39m
      [36m<body>[39m
        [36m<div>[39m
          [36m<div[39m
            [33mclass[39m=[32m"min-h-screen flex items-center justify-center bg-white"[39m
          [36m>[39m
            [36m<div[39m
              [33mclass[39m=[32m"text-gray-600"[39m
            [36m>[39m
              [0mLoading...[0m
            [36m</div>[39m
          [36m</div>[39m
        [36m</div>[39m
      [36m</body>[39m
    [36m</html>[39m

      592 |       // Wait for redirect
      593 |       await waitFor(() => {
    > 594 |         expect(mockPush).toHaveBeenCalledWith('/login');
          |                          ^
      595 |       });
      596 |
      597 |       const endTime = Date.now();

      at toHaveBeenCalledWith (src/app/dashboard/unauthenticated-access.integration.test.tsx:594:26)
      at runWithExpensiveErrorDiagnosticsDisabled (node_modules/@testing-library/dom/dist/config.js:47:12)
      at checkCallback (node_modules/@testing-library/dom/dist/wait-for.js:124:77)
      at node_modules/@testing-library/dom/dist/wait-for.js:82:9

PASS src/lib/auth/AuthCoordinator.retry.test.ts
  ● Console

    console.log
      [AuthCoordinator] Attempting JWT refresh from session {
        traceId: 'test-trace-403',
        retryCount: 0,
        maxRetries: 1,
        requireJWT: 'not specified',
        routeRequirement: 'JWT or session allowed',
        timestamp: '2026-02-08T19:37:51.168Z'
      }

      at log (src/lib/auth/AuthCoordinator.ts:448:11)

    console.log
      [AuthCoordinator] State before JWT refresh attempt {
        beforeState: {
          hasJWT: undefined,
          retryCount: 0,
          timestamp: '2026-02-08T19:37:51.168Z'
        },
        traceId: 'test-trace-403'
      }

      at log (src/lib/auth/AuthCoordinator.ts:463:11)

    console.warn
      [AuthCoordinator] JWT refresh failed with 403 Forbidden - no valid session {
        status: 403,
        statusText: 'Forbidden',
        errorDetails: 'No valid session',
        errorType: '403 Forbidden',
        traceId: 'test-trace-403',
        retryCount: 0,
        requireJWT: 'not specified',
        routeRequirement: 'JWT or session allowed',
        timestamp: '2026-02-08T19:37:51.170Z'
      }

      496 |         };
      497 |         
    > 498 |         console.warn('[AuthCoordinator] JWT refresh failed with 403 Forbidden - no valid session', {
          |                 ^
      499 |           status: response.status,
      500 |           statusText: response.statusText,
      501 |           errorDetails,

      at warn (src/lib/auth/AuthCoordinator.ts:498:17)
      at Object.<anonymous> (src/lib/auth/AuthCoordinator.retry.test.ts:43:22)

    console.log
      [AuthCoordinator] State transition: JWT refresh failed (403) {
        before: {
          hasJWT: undefined,
          retryCount: 0,
          timestamp: '2026-02-08T19:37:51.168Z'
        },
        after: {
          hasJWT: false,
          success: false,
          reason: 'No valid session exists on backend',
          timestamp: '2026-02-08T19:37:51.170Z'
        },
        transition: 'refresh attempt -> failed (403 Forbidden)',
        traceId: 'test-trace-403',
        durationMs: 2,
        reason: 'No valid session exists on backend'
      }

      at log (src/lib/auth/AuthCoordinator.ts:511:17)

    console.log
      [AuthCoordinator] Clearing cached authentication state after 403 { traceId: 'test-trace-403', timestamp: '2026-02-08T19:37:51.170Z' }

      at log (src/lib/auth/AuthCoordinator.ts:534:17)

    console.log
      [AuthCoordinator] Attempting JWT refresh from session {
        traceId: 'test-trace-500',
        retryCount: 0,
        maxRetries: 1,
        requireJWT: 'not specified',
        routeRequirement: 'JWT or session allowed',
        timestamp: '2026-02-08T19:37:51.172Z'
      }

      at log (src/lib/auth/AuthCoordinator.ts:448:11)

    console.log
      [AuthCoordinator] State before JWT refresh attempt {
        beforeState: {
          hasJWT: undefined,
          retryCount: 0,
          timestamp: '2026-02-08T19:37:51.172Z'
        },
        traceId: 'test-trace-500'
      }

      at log (src/lib/auth/AuthCoordinator.ts:463:11)

    console.log
      [AuthCoordinator] JWT refresh failed, retrying {
        status: 500,
        statusText: 'Internal Server Error',
        errorDetails: 'Server error',
        errorType: 'HTTP 500',
        traceId: 'test-trace-500',
        retryCount: 0,
        nextRetry: 1,
        requireJWT: 'not specified',
        routeRequirement: 'JWT or session allowed',
        timestamp: '2026-02-08T19:37:51.173Z'
      }

      at log (src/lib/auth/AuthCoordinator.ts:549:17)

    console.log
      [AuthCoordinator] Attempting JWT refresh from session {
        traceId: 'test-trace-500',
        retryCount: 1,
        maxRetries: 1,
        requireJWT: 'not specified',
        routeRequirement: 'JWT or session allowed',
        timestamp: '2026-02-08T19:37:51.173Z'
      }

      at log (src/lib/auth/AuthCoordinator.ts:448:11)

    console.log
      [AuthCoordinator] State before JWT refresh attempt {
        beforeState: {
          hasJWT: undefined,
          retryCount: 1,
          timestamp: '2026-02-08T19:37:51.173Z'
        },
        traceId: 'test-trace-500'
      }

      at log (src/lib/auth/AuthCoordinator.ts:463:11)

    console.warn
      [AuthCoordinator] JWT refresh failed, retry limit reached {
        status: 500,
        statusText: 'Internal Server Error',
        errorDetails: 'Server error',
        errorType: 'HTTP 500',
        traceId: 'test-trace-500',
        retryCount: 1,
        maxRetries: 1,
        requireJWT: 'not specified',
        routeRequirement: 'JWT or session allowed',
        timestamp: '2026-02-08T19:37:51.173Z'
      }

      583 |       };
      584 |       
    > 585 |       console.warn('[AuthCoordinator] JWT refresh failed, retry limit reached', {
          |               ^
      586 |         status: response.status,
      587 |         statusText: response.statusText,
      588 |         errorDetails,

      at warn (src/lib/auth/AuthCoordinator.ts:585:15)
      at Object.<anonymous> (src/lib/auth/AuthCoordinator.retry.test.ts:78:22)

    console.log
      [AuthCoordinator] State transition: JWT refresh failed (retry limit) {
        before: {
          hasJWT: undefined,
          retryCount: 1,
          timestamp: '2026-02-08T19:37:51.173Z'
        },
        after: {
          hasJWT: false,
          success: false,
          reason: 'Maximum retry attempts exceeded',
          timestamp: '2026-02-08T19:37:51.173Z'
        },
        transition: 'refresh attempt -> failed (retry limit reached)',
        traceId: 'test-trace-500',
        durationMs: 0,
        reason: 'Maximum retry attempts exceeded'
      }

      at log (src/lib/auth/AuthCoordinator.ts:599:15)

    console.log
      [AuthCoordinator] Attempting JWT refresh from session {
        traceId: 'test-trace-retry-success',
        retryCount: 0,
        maxRetries: 1,
        requireJWT: 'not specified',
        routeRequirement: 'JWT or session allowed',
        timestamp: '2026-02-08T19:37:51.174Z'
      }

      at log (src/lib/auth/AuthCoordinator.ts:448:11)

    console.log
      [AuthCoordinator] State before JWT refresh attempt {
        beforeState: {
          hasJWT: undefined,
          retryCount: 0,
          timestamp: '2026-02-08T19:37:51.174Z'
        },
        traceId: 'test-trace-retry-success'
      }

      at log (src/lib/auth/AuthCoordinator.ts:463:11)

    console.log
      [AuthCoordinator] JWT refresh failed, retrying {
        status: 500,
        statusText: 'Internal Server Error',
        errorDetails: 'Server error',
        errorType: 'HTTP 500',
        traceId: 'test-trace-retry-success',
        retryCount: 0,
        nextRetry: 1,
        requireJWT: 'not specified',
        routeRequirement: 'JWT or session allowed',
        timestamp: '2026-02-08T19:37:51.174Z'
      }

      at log (src/lib/auth/AuthCoordinator.ts:549:17)

    console.log
      [AuthCoordinator] Attempting JWT refresh from session {
        traceId: 'test-trace-retry-success',
        retryCount: 1,
        maxRetries: 1,
        requireJWT: 'not specified',
        routeRequirement: 'JWT or session allowed',
        timestamp: '2026-02-08T19:37:51.178Z'
      }

      at log (src/lib/auth/AuthCoordinator.ts:448:11)

    console.log
      [AuthCoordinator] State before JWT refresh attempt {
        beforeState: {
          hasJWT: undefined,
          retryCount: 1,
          timestamp: '2026-02-08T19:37:51.178Z'
        },
        traceId: 'test-trace-retry-success'
      }

      at log (src/lib/auth/AuthCoordinator.ts:463:11)

    console.log
      [AuthCoordinator] JWT refreshed and stored successfully {
        traceId: 'test-trace-retry-success',
        retryCount: 1,
        retriedAfterFailure: true,
        timestamp: '2026-02-08T19:37:51.179Z'
      }

      at log (src/lib/auth/AuthCoordinator.ts:665:15)

    console.log
      [AuthCoordinator] State transition: JWT refresh succeeded {
        before: {
          hasJWT: undefined,
          retryCount: 1,
          timestamp: '2026-02-08T19:37:51.178Z'
        },
        after: {
          hasJWT: true,
          success: true,
          retriedAfterFailure: true,
          timestamp: '2026-02-08T19:37:51.179Z'
        },
        transition: 'refresh attempt -> success',
        traceId: 'test-trace-retry-success',
        durationMs: 1,
        retriedAfterFailure: true
      }

      at log (src/lib/auth/AuthCoordinator.ts:673:15)

    console.log
      [AuthCoordinator] Attempting JWT refresh from session {
        traceId: 'test-trace-network-error',
        retryCount: 0,
        maxRetries: 1,
        requireJWT: 'not specified',
        routeRequirement: 'JWT or session allowed',
        timestamp: '2026-02-08T19:37:51.180Z'
      }

      at log (src/lib/auth/AuthCoordinator.ts:448:11)

    console.log
      [AuthCoordinator] State before JWT refresh attempt {
        beforeState: {
          hasJWT: undefined,
          retryCount: 0,
          timestamp: '2026-02-08T19:37:51.180Z'
        },
        traceId: 'test-trace-network-error'
      }

      at log (src/lib/auth/AuthCoordinator.ts:463:11)

    console.log
      [AuthCoordinator] JWT refresh error, retrying {
        error: 'Network error',
        errorType: 'Error',
        traceId: 'test-trace-network-error',
        retryCount: 0,
        nextRetry: 1,
        requireJWT: 'not specified',
        routeRequirement: 'JWT or session allowed',
        timestamp: '2026-02-08T19:37:51.180Z'
      }

      at log (src/lib/auth/AuthCoordinator.ts:718:15)

    console.log
      [AuthCoordinator] Attempting JWT refresh from session {
        traceId: 'test-trace-network-error',
        retryCount: 1,
        maxRetries: 1,
        requireJWT: 'not specified',
        routeRequirement: 'JWT or session allowed',
        timestamp: '2026-02-08T19:37:51.180Z'
      }

      at log (src/lib/auth/AuthCoordinator.ts:448:11)

    console.log
      [AuthCoordinator] State before JWT refresh attempt {
        beforeState: {
          hasJWT: undefined,
          retryCount: 1,
          timestamp: '2026-02-08T19:37:51.180Z'
        },
        traceId: 'test-trace-network-error'
      }

      at log (src/lib/auth/AuthCoordinator.ts:463:11)

    console.error
      [AuthCoordinator] JWT refresh error, retry limit reached {
        error: 'Network error',
        errorType: 'Error',
        traceId: 'test-trace-network-error',
        retryCount: 1,
        maxRetries: 1,
        requireJWT: 'not specified',
        routeRequirement: 'JWT or session allowed',
        timestamp: '2026-02-08T19:37:51.180Z'
      }

      749 |     };
      750 |     
    > 751 |     console.error('[AuthCoordinator] JWT refresh error, retry limit reached', {
          |             ^
      752 |       error: error instanceof Error ? error.message : String(error),
      753 |       errorType: error instanceof Error ? error.name : 'Unknown',
      754 |       traceId,

      at error (src/lib/auth/AuthCoordinator.ts:751:13)

    console.log
      [AuthCoordinator] State transition: JWT refresh error (retry limit) {
        before: {
          hasJWT: undefined,
          retryCount: 1,
          timestamp: '2026-02-08T19:37:51.180Z'
        },
        after: {
          hasJWT: false,
          success: false,
          reason: 'Maximum retry attempts exceeded after error',
          error: 'Network error',
          timestamp: '2026-02-08T19:37:51.180Z'
        },
        transition: 'refresh attempt -> failed (error, retry limit reached)',
        traceId: 'test-trace-network-error',
        durationMs: 1,
        error: 'Network error',
        reason: 'Maximum retry attempts exceeded'
      }

      at log (src/lib/auth/AuthCoordinator.ts:763:13)

    console.log
      [AuthCoordinator] Attempting JWT refresh from session {
        traceId: 'test-trace-network-recovery',
        retryCount: 0,
        maxRetries: 1,
        requireJWT: 'not specified',
        routeRequirement: 'JWT or session allowed',
        timestamp: '2026-02-08T19:37:51.188Z'
      }

      at log (src/lib/auth/AuthCoordinator.ts:448:11)

    console.log
      [AuthCoordinator] State before JWT refresh attempt {
        beforeState: {
          hasJWT: undefined,
          retryCount: 0,
          timestamp: '2026-02-08T19:37:51.188Z'
        },
        traceId: 'test-trace-network-recovery'
      }

      at log (src/lib/auth/AuthCoordinator.ts:463:11)

    console.log
      [AuthCoordinator] JWT refresh error, retrying {
        error: 'Network error',
        errorType: 'Error',
        traceId: 'test-trace-network-recovery',
        retryCount: 0,
        nextRetry: 1,
        requireJWT: 'not specified',
        routeRequirement: 'JWT or session allowed',
        timestamp: '2026-02-08T19:37:51.199Z'
      }

      at log (src/lib/auth/AuthCoordinator.ts:718:15)

    console.log
      [AuthCoordinator] Attempting JWT refresh from session {
        traceId: 'test-trace-network-recovery',
        retryCount: 1,
        maxRetries: 1,
        requireJWT: 'not specified',
        routeRequirement: 'JWT or session allowed',
        timestamp: '2026-02-08T19:37:51.200Z'
      }

      at log (src/lib/auth/AuthCoordinator.ts:448:11)

    console.log
      [AuthCoordinator] State before JWT refresh attempt {
        beforeState: {
          hasJWT: undefined,
          retryCount: 1,
          timestamp: '2026-02-08T19:37:51.200Z'
        },
        traceId: 'test-trace-network-recovery'
      }

      at log (src/lib/auth/AuthCoordinator.ts:463:11)

    console.log
      [AuthCoordinator] JWT refreshed and stored successfully {
        traceId: 'test-trace-network-recovery',
        retryCount: 1,
        retriedAfterFailure: true,
        timestamp: '2026-02-08T19:37:51.200Z'
      }

      at log (src/lib/auth/AuthCoordinator.ts:665:15)

    console.log
      [AuthCoordinator] State transition: JWT refresh succeeded {
        before: {
          hasJWT: undefined,
          retryCount: 1,
          timestamp: '2026-02-08T19:37:51.200Z'
        },
        after: {
          hasJWT: true,
          success: true,
          retriedAfterFailure: true,
          timestamp: '2026-02-08T19:37:51.200Z'
        },
        transition: 'refresh attempt -> success',
        traceId: 'test-trace-network-recovery',
        durationMs: 0,
        retriedAfterFailure: true
      }

      at log (src/lib/auth/AuthCoordinator.ts:673:15)

    console.log
      [AuthCoordinator] Attempting JWT refresh from session {
        traceId: 'test-trace-max-retries',
        retryCount: 0,
        maxRetries: 1,
        requireJWT: 'not specified',
        routeRequirement: 'JWT or session allowed',
        timestamp: '2026-02-08T19:37:51.204Z'
      }

      at log (src/lib/auth/AuthCoordinator.ts:448:11)

    console.log
      [AuthCoordinator] State before JWT refresh attempt {
        beforeState: {
          hasJWT: undefined,
          retryCount: 0,
          timestamp: '2026-02-08T19:37:51.204Z'
        },
        traceId: 'test-trace-max-retries'
      }

      at log (src/lib/auth/AuthCoordinator.ts:463:11)

    console.log
      [AuthCoordinator] JWT refresh failed, retrying {
        status: 500,
        statusText: 'Internal Server Error',
        errorDetails: 'Server error',
        errorType: 'HTTP 500',
        traceId: 'test-trace-max-retries',
        retryCount: 0,
        nextRetry: 1,
        requireJWT: 'not specified',
        routeRequirement: 'JWT or session allowed',
        timestamp: '2026-02-08T19:37:51.204Z'
      }

      at log (src/lib/auth/AuthCoordinator.ts:549:17)

    console.log
      [AuthCoordinator] Attempting JWT refresh from session {
        traceId: 'test-trace-max-retries',
        retryCount: 1,
        maxRetries: 1,
        requireJWT: 'not specified',
        routeRequirement: 'JWT or session allowed',
        timestamp: '2026-02-08T19:37:51.205Z'
      }

      at log (src/lib/auth/AuthCoordinator.ts:448:11)

    console.log
      [AuthCoordinator] State before JWT refresh attempt {
        beforeState: {
          hasJWT: undefined,
          retryCount: 1,
          timestamp: '2026-02-08T19:37:51.205Z'
        },
        traceId: 'test-trace-max-retries'
      }

      at log (src/lib/auth/AuthCoordinator.ts:463:11)

    console.warn
      [AuthCoordinator] JWT refresh failed, retry limit reached {
        status: 500,
        statusText: 'Internal Server Error',
        errorDetails: 'Server error',
        errorType: 'HTTP 500',
        traceId: 'test-trace-max-retries',
        retryCount: 1,
        maxRetries: 1,
        requireJWT: 'not specified',
        routeRequirement: 'JWT or session allowed',
        timestamp: '2026-02-08T19:37:51.206Z'
      }

      583 |       };
      584 |       
    > 585 |       console.warn('[AuthCoordinator] JWT refresh failed, retry limit reached', {
          |               ^
      586 |         status: response.status,
      587 |         statusText: response.statusText,
      588 |         errorDetails,

      at warn (src/lib/auth/AuthCoordinator.ts:585:15)
      at Object.<anonymous> (src/lib/auth/AuthCoordinator.retry.test.ts:263:22)

    console.log
      [AuthCoordinator] State transition: JWT refresh failed (retry limit) {
        before: {
          hasJWT: undefined,
          retryCount: 1,
          timestamp: '2026-02-08T19:37:51.205Z'
        },
        after: {
          hasJWT: false,
          success: false,
          reason: 'Maximum retry attempts exceeded',
          timestamp: '2026-02-08T19:37:51.206Z'
        },
        transition: 'refresh attempt -> failed (retry limit reached)',
        traceId: 'test-trace-max-retries',
        durationMs: 1,
        reason: 'Maximum retry attempts exceeded'
      }

      at log (src/lib/auth/AuthCoordinator.ts:599:15)

    console.log
      [AuthCoordinator] Attempting JWT refresh from session {
        traceId: 'test-trace-retry-tracking',
        retryCount: 0,
        maxRetries: 1,
        requireJWT: 'not specified',
        routeRequirement: 'JWT or session allowed',
        timestamp: '2026-02-08T19:37:51.211Z'
      }

      at log (src/lib/auth/AuthCoordinator.ts:448:11)

    console.log
      [AuthCoordinator] State before JWT refresh attempt {
        beforeState: {
          hasJWT: undefined,
          retryCount: 0,
          timestamp: '2026-02-08T19:37:51.211Z'
        },
        traceId: 'test-trace-retry-tracking'
      }

      at log (src/lib/auth/AuthCoordinator.ts:463:11)

    console.log
      [AuthCoordinator] JWT refresh failed, retrying {
        status: 500,
        statusText: 'Internal Server Error',
        errorDetails: 'Server error',
        errorType: 'HTTP 500',
        traceId: 'test-trace-retry-tracking',
        retryCount: 0,
        nextRetry: 1,
        requireJWT: 'not specified',
        routeRequirement: 'JWT or session allowed',
        timestamp: '2026-02-08T19:37:51.211Z'
      }

      at log (src/lib/auth/AuthCoordinator.ts:549:17)

    console.log
      [AuthCoordinator] Attempting JWT refresh from session {
        traceId: 'test-trace-retry-tracking',
        retryCount: 1,
        maxRetries: 1,
        requireJWT: 'not specified',
        routeRequirement: 'JWT or session allowed',
        timestamp: '2026-02-08T19:37:51.211Z'
      }

      at log (src/lib/auth/AuthCoordinator.ts:448:11)

    console.log
      [AuthCoordinator] State before JWT refresh attempt {
        beforeState: {
          hasJWT: undefined,
          retryCount: 1,
          timestamp: '2026-02-08T19:37:51.211Z'
        },
        traceId: 'test-trace-retry-tracking'
      }

      at log (src/lib/auth/AuthCoordinator.ts:463:11)

    console.warn
      [AuthCoordinator] JWT refresh failed, retry limit reached {
        status: 500,
        statusText: 'Internal Server Error',
        errorDetails: 'Server error',
        errorType: 'HTTP 500',
        traceId: 'test-trace-retry-tracking',
        retryCount: 1,
        maxRetries: 1,
        requireJWT: 'not specified',
        routeRequirement: 'JWT or session allowed',
        timestamp: '2026-02-08T19:37:51.212Z'
      }

      583 |       };
      584 |       
    > 585 |       console.warn('[AuthCoordinator] JWT refresh failed, retry limit reached', {
          |               ^
      586 |         status: response.status,
      587 |         statusText: response.statusText,
      588 |         errorDetails,

      at warn (src/lib/auth/AuthCoordinator.ts:585:15)
      at Object.<anonymous> (src/lib/auth/AuthCoordinator.retry.test.ts:300:7)

    console.log
      [AuthCoordinator] State transition: JWT refresh failed (retry limit) {
        before: {
          hasJWT: undefined,
          retryCount: 1,
          timestamp: '2026-02-08T19:37:51.211Z'
        },
        after: {
          hasJWT: false,
          success: false,
          reason: 'Maximum retry attempts exceeded',
          timestamp: '2026-02-08T19:37:51.212Z'
        },
        transition: 'refresh attempt -> failed (retry limit reached)',
        traceId: 'test-trace-retry-tracking',
        durationMs: 1,
        reason: 'Maximum retry attempts exceeded'
      }

      at log (src/lib/auth/AuthCoordinator.ts:599:15)

    console.log
      [AuthCoordinator] Attempting JWT refresh from session {
        traceId: 'test-trace-no-retry',
        retryCount: 0,
        maxRetries: 1,
        requireJWT: 'not specified',
        routeRequirement: 'JWT or session allowed',
        timestamp: '2026-02-08T19:37:51.213Z'
      }

      at log (src/lib/auth/AuthCoordinator.ts:448:11)

    console.log
      [AuthCoordinator] State before JWT refresh attempt {
        beforeState: {
          hasJWT: undefined,
          retryCount: 0,
          timestamp: '2026-02-08T19:37:51.213Z'
        },
        traceId: 'test-trace-no-retry'
      }

      at log (src/lib/auth/AuthCoordinator.ts:463:11)

    console.log
      [AuthCoordinator] JWT refreshed and stored successfully {
        traceId: 'test-trace-no-retry',
        retryCount: 0,
        retriedAfterFailure: false,
        timestamp: '2026-02-08T19:37:51.214Z'
      }

      at log (src/lib/auth/AuthCoordinator.ts:665:15)

    console.log
      [AuthCoordinator] State transition: JWT refresh succeeded {
        before: {
          hasJWT: undefined,
          retryCount: 0,
          timestamp: '2026-02-08T19:37:51.213Z'
        },
        after: {
          hasJWT: true,
          success: true,
          retriedAfterFailure: false,
          timestamp: '2026-02-08T19:37:51.214Z'
        },
        transition: 'refresh attempt -> success',
        traceId: 'test-trace-no-retry',
        durationMs: 1,
        retriedAfterFailure: false
      }

      at log (src/lib/auth/AuthCoordinator.ts:673:15)

    console.log
      [AuthCoordinator] Attempting JWT refresh from session {
        traceId: 'test-trace-missing-token',
        retryCount: 0,
        maxRetries: 1,
        requireJWT: 'not specified',
        routeRequirement: 'JWT or session allowed',
        timestamp: '2026-02-08T19:37:51.215Z'
      }

      at log (src/lib/auth/AuthCoordinator.ts:448:11)

    console.log
      [AuthCoordinator] State before JWT refresh attempt {
        beforeState: {
          hasJWT: undefined,
          retryCount: 0,
          timestamp: '2026-02-08T19:37:51.215Z'
        },
        traceId: 'test-trace-missing-token'
      }

      at log (src/lib/auth/AuthCoordinator.ts:463:11)

    console.warn
      [AuthCoordinator] JWT refresh response missing token {
        traceId: 'test-trace-missing-token',
        retryCount: 0,
        timestamp: '2026-02-08T19:37:51.222Z'
      }

      632 |       };
      633 |       
    > 634 |       console.warn('[AuthCoordinator] JWT refresh response missing token', { 
          |               ^
      635 |         traceId, 
      636 |         retryCount,
      637 |         timestamp: new Date().toISOString()

      at warn (src/lib/auth/AuthCoordinator.ts:634:15)
      at Object.<anonymous> (src/lib/auth/AuthCoordinator.retry.test.ts:362:22)

    console.log
      [AuthCoordinator] State transition: JWT refresh failed (missing token) {
        before: {
          hasJWT: undefined,
          retryCount: 0,
          timestamp: '2026-02-08T19:37:51.215Z'
        },
        after: {
          hasJWT: false,
          success: false,
          reason: 'Response missing token',
          timestamp: '2026-02-08T19:37:51.222Z'
        },
        transition: 'refresh attempt -> failed (missing token)',
        traceId: 'test-trace-missing-token',
        durationMs: 7,
        reason: 'Response missing token'
      }

      at log (src/lib/auth/AuthCoordinator.ts:641:15)

    console.log
      [AuthCoordinator] Attempting JWT refresh from session {
        traceId: 'test-trace-storage-failure',
        retryCount: 0,
        maxRetries: 1,
        requireJWT: 'not specified',
        routeRequirement: 'JWT or session allowed',
        timestamp: '2026-02-08T19:37:51.223Z'
      }

      at log (src/lib/auth/AuthCoordinator.ts:448:11)

    console.log
      [AuthCoordinator] State before JWT refresh attempt {
        beforeState: {
          hasJWT: undefined,
          retryCount: 0,
          timestamp: '2026-02-08T19:37:51.223Z'
        },
        traceId: 'test-trace-storage-failure'
      }

      at log (src/lib/auth/AuthCoordinator.ts:463:11)

    console.warn
      [AuthCoordinator] JWT refresh succeeded but storage failed {
        traceId: 'test-trace-storage-failure',
        retryCount: 0,
        timestamp: '2026-02-08T19:37:51.223Z'
      }

      694 |       };
      695 |       
    > 696 |       console.warn('[AuthCoordinator] JWT refresh succeeded but storage failed', { 
          |               ^
      697 |         traceId, 
      698 |         retryCount,
      699 |         timestamp: new Date().toISOString()

      at warn (src/lib/auth/AuthCoordinator.ts:696:15)
      at Object.<anonymous> (src/lib/auth/AuthCoordinator.retry.test.ts:390:22)

    console.log
      [AuthCoordinator] State transition: JWT refresh succeeded but storage failed {
        before: {
          hasJWT: undefined,
          retryCount: 0,
          timestamp: '2026-02-08T19:37:51.223Z'
        },
        after: {
          hasJWT: false,
          success: false,
          reason: 'Storage failed',
          timestamp: '2026-02-08T19:37:51.223Z'
        },
        transition: 'refresh attempt -> failed (storage error)',
        traceId: 'test-trace-storage-failure',
        durationMs: 0,
        reason: 'Storage failed'
      }

      at log (src/lib/auth/AuthCoordinator.ts:703:15)

    console.log
      [AuthCoordinator] Attempting JWT refresh from session {
        traceId: 'test-trace-explicit-retry',
        retryCount: 0,
        maxRetries: 1,
        requireJWT: 'not specified',
        routeRequirement: 'JWT or session allowed',
        timestamp: '2026-02-08T19:37:51.224Z'
      }

      at log (src/lib/auth/AuthCoordinator.ts:448:11)

    console.log
      [AuthCoordinator] State before JWT refresh attempt {
        beforeState: {
          hasJWT: undefined,
          retryCount: 0,
          timestamp: '2026-02-08T19:37:51.224Z'
        },
        traceId: 'test-trace-explicit-retry'
      }

      at log (src/lib/auth/AuthCoordinator.ts:463:11)

    console.log
      [AuthCoordinator] JWT refreshed and stored successfully {
        traceId: 'test-trace-explicit-retry',
        retryCount: 0,
        retriedAfterFailure: false,
        timestamp: '2026-02-08T19:37:51.224Z'
      }

      at log (src/lib/auth/AuthCoordinator.ts:665:15)

    console.log
      [AuthCoordinator] State transition: JWT refresh succeeded {
        before: {
          hasJWT: undefined,
          retryCount: 0,
          timestamp: '2026-02-08T19:37:51.224Z'
        },
        after: {
          hasJWT: true,
          success: true,
          retriedAfterFailure: false,
          timestamp: '2026-02-08T19:37:51.224Z'
        },
        transition: 'refresh attempt -> success',
        traceId: 'test-trace-explicit-retry',
        durationMs: 1,
        retriedAfterFailure: false
      }

      at log (src/lib/auth/AuthCoordinator.ts:673:15)

    console.log
      [AuthCoordinator] Attempting JWT refresh from session {
        traceId: 'test-trace-at-max',
        retryCount: 1,
        maxRetries: 1,
        requireJWT: 'not specified',
        routeRequirement: 'JWT or session allowed',
        timestamp: '2026-02-08T19:37:51.226Z'
      }

      at log (src/lib/auth/AuthCoordinator.ts:448:11)

    console.log
      [AuthCoordinator] State before JWT refresh attempt {
        beforeState: {
          hasJWT: undefined,
          retryCount: 1,
          timestamp: '2026-02-08T19:37:51.226Z'
        },
        traceId: 'test-trace-at-max'
      }

      at log (src/lib/auth/AuthCoordinator.ts:463:11)

    console.warn
      [AuthCoordinator] JWT refresh failed, retry limit reached {
        status: 500,
        statusText: 'Internal Server Error',
        errorDetails: 'Server error',
        errorType: 'HTTP 500',
        traceId: 'test-trace-at-max',
        retryCount: 1,
        maxRetries: 1,
        requireJWT: 'not specified',
        routeRequirement: 'JWT or session allowed',
        timestamp: '2026-02-08T19:37:51.226Z'
      }

      583 |       };
      584 |       
    > 585 |       console.warn('[AuthCoordinator] JWT refresh failed, retry limit reached', {
          |               ^
      586 |         status: response.status,
      587 |         statusText: response.statusText,
      588 |         errorDetails,

      at warn (src/lib/auth/AuthCoordinator.ts:585:15)
      at Object.<anonymous> (src/lib/auth/AuthCoordinator.retry.test.ts:446:22)

    console.log
      [AuthCoordinator] State transition: JWT refresh failed (retry limit) {
        before: {
          hasJWT: undefined,
          retryCount: 1,
          timestamp: '2026-02-08T19:37:51.226Z'
        },
        after: {
          hasJWT: false,
          success: false,
          reason: 'Maximum retry attempts exceeded',
          timestamp: '2026-02-08T19:37:51.226Z'
        },
        transition: 'refresh attempt -> failed (retry limit reached)',
        traceId: 'test-trace-at-max',
        durationMs: 0,
        reason: 'Maximum retry attempts exceeded'
      }

      at log (src/lib/auth/AuthCoordinator.ts:599:15)

PASS src/lib/auth/AuthCoordinator.requireJWT.test.ts
  ● Console

    console.log
      [AuthCoordinator] Getting unified auth state {
        requireJWT: true,
        traceId: undefined,
        routeRequirement: 'JWT-only',
        timestamp: '2026-02-08T19:37:51.240Z'
      }

      at log (src/lib/auth/AuthCoordinator.ts:83:11)

    console.log
      [AuthCoordinator] JWT check result {
        hasJWT: false,
        requireJWT: true,
        traceId: undefined,
        timestamp: '2026-02-08T19:37:51.242Z'
      }

      at log (src/lib/auth/AuthCoordinator.ts:92:11)

    console.log
      [AuthCoordinator] Initial state before authentication check {
        initialState: {
          hasJWT: false,
          inFallbackMode: false,
          requireJWT: true,
          timestamp: '2026-02-08T19:37:51.243Z'
        },
        traceId: undefined
      }

      at log (src/lib/auth/AuthCoordinator.ts:109:11)

    console.log
      [AuthCoordinator] State transition: JWT requirement not met {
        before: {
          hasJWT: false,
          inFallbackMode: false,
          requireJWT: true,
          timestamp: '2026-02-08T19:37:51.243Z'
        },
        after: {
          hasSession: false,
          hasJWT: false,
          isAuthenticated: false,
          userId: null,
          email: null,
          inFallbackMode: false,
          authMethod: 'none',
          reason: 'JWT required for this route'
        },
        transition: 'unauthenticated -> rejected (JWT required)',
        traceId: undefined,
        timestamp: '2026-02-08T19:37:51.243Z',
        durationMs: 3,
        reason: 'JWT required for this route'
      }

      at log (src/lib/auth/AuthCoordinator.ts:162:13)

    console.log
      [AuthCoordinator] JWT required but not found, skipping session check {
        state: {
          hasSession: false,
          hasJWT: false,
          isAuthenticated: false,
          userId: null,
          email: null,
          inFallbackMode: false,
          authMethod: 'none',
          reason: 'JWT required for this route'
        },
        traceId: undefined,
        requireJWT: true
      }

      at log (src/lib/auth/AuthCoordinator.ts:172:13)

    console.log
      [AuthCoordinator] Getting unified auth state {
        requireJWT: false,
        traceId: 'test-trace-123',
        routeRequirement: 'JWT or session',
        timestamp: '2026-02-08T19:37:51.246Z'
      }

      at log (src/lib/auth/AuthCoordinator.ts:83:11)

    console.log
      [AuthCoordinator] JWT check result {
        hasJWT: false,
        requireJWT: false,
        traceId: 'test-trace-123',
        timestamp: '2026-02-08T19:37:51.248Z'
      }

      at log (src/lib/auth/AuthCoordinator.ts:92:11)

    console.log
      [AuthCoordinator] Initial state before authentication check {
        initialState: {
          hasJWT: false,
          inFallbackMode: false,
          requireJWT: false,
          timestamp: '2026-02-08T19:37:51.249Z'
        },
        traceId: 'test-trace-123'
      }

      at log (src/lib/auth/AuthCoordinator.ts:109:11)

    console.log
      [AuthCoordinator] No JWT found, checking session { traceId: 'test-trace-123', timestamp: '2026-02-08T19:37:51.249Z' }

      at log (src/lib/auth/AuthCoordinator.ts:186:11)

    console.error
      [AuthCoordinator] Session check failed {
        error: "Cannot read properties of undefined (reading 'ok')",
        traceId: 'test-trace-123',
        timestamp: '2026-02-08T19:37:51.249Z'
      }

      411 |     return valid;
      412 |   } catch (error) {
    > 413 |     console.error('[AuthCoordinator] Session check failed', {
          |             ^
      414 |       error: error instanceof Error ? error.message : String(error),
      415 |       traceId,
      416 |       timestamp

      at error (src/lib/auth/AuthCoordinator.ts:413:13)
      at getAuthState (src/lib/auth/AuthCoordinator.ts:193:26)
      at Object.<anonymous> (src/lib/auth/AuthCoordinator.requireJWT.test.ts:59:21)

    console.log
      [AuthCoordinator] Session check result {
        sessionValid: false,
        traceId: 'test-trace-123',
        timestamp: '2026-02-08T19:37:51.249Z'
      }

      at log (src/lib/auth/AuthCoordinator.ts:194:13)

    console.log
      [AuthCoordinator] State transition: No authentication found {
        before: {
          hasJWT: false,
          inFallbackMode: false,
          requireJWT: false,
          timestamp: '2026-02-08T19:37:51.249Z'
        },
        after: {
          hasSession: false,
          hasJWT: false,
          isAuthenticated: false,
          userId: null,
          email: null,
          inFallbackMode: false,
          authMethod: 'none',
          reason: 'No JWT or session found'
        },
        transition: 'unauthenticated -> unauthenticated (no JWT or session)',
        traceId: 'test-trace-123',
        timestamp: '2026-02-08T19:37:51.249Z',
        durationMs: 3,
        reason: 'No JWT or session found'
      }

      at log (src/lib/auth/AuthCoordinator.ts:334:13)

    console.log
      [AuthCoordinator] Not authenticated {
        state: {
          hasSession: false,
          hasJWT: false,
          isAuthenticated: false,
          userId: null,
          email: null,
          inFallbackMode: false,
          authMethod: 'none',
          reason: 'No JWT or session found'
        },
        traceId: 'test-trace-123'
      }

      at log (src/lib/auth/AuthCoordinator.ts:344:13)

    console.log
      [AuthCoordinator] Getting unified auth state {
        requireJWT: true,
        traceId: 'test-trace-456',
        routeRequirement: 'JWT-only',
        timestamp: '2026-02-08T19:37:51.252Z'
      }

      at log (src/lib/auth/AuthCoordinator.ts:83:11)

    console.log
      [AuthCoordinator] JWT check result {
        hasJWT: false,
        requireJWT: true,
        traceId: 'test-trace-456',
        timestamp: '2026-02-08T19:37:51.252Z'
      }

      at log (src/lib/auth/AuthCoordinator.ts:92:11)

    console.log
      [AuthCoordinator] Initial state before authentication check {
        initialState: {
          hasJWT: false,
          inFallbackMode: false,
          requireJWT: true,
          timestamp: '2026-02-08T19:37:51.254Z'
        },
        traceId: 'test-trace-456'
      }

      at log (src/lib/auth/AuthCoordinator.ts:109:11)

    console.log
      [AuthCoordinator] State transition: JWT requirement not met {
        before: {
          hasJWT: false,
          inFallbackMode: false,
          requireJWT: true,
          timestamp: '2026-02-08T19:37:51.254Z'
        },
        after: {
          hasSession: false,
          hasJWT: false,
          isAuthenticated: false,
          userId: null,
          email: null,
          inFallbackMode: false,
          authMethod: 'none',
          reason: 'JWT required for this route'
        },
        transition: 'unauthenticated -> rejected (JWT required)',
        traceId: 'test-trace-456',
        timestamp: '2026-02-08T19:37:51.254Z',
        durationMs: 2,
        reason: 'JWT required for this route'
      }

      at log (src/lib/auth/AuthCoordinator.ts:162:13)

    console.log
      [AuthCoordinator] JWT required but not found, skipping session check {
        state: {
          hasSession: false,
          hasJWT: false,
          isAuthenticated: false,
          userId: null,
          email: null,
          inFallbackMode: false,
          authMethod: 'none',
          reason: 'JWT required for this route'
        },
        traceId: 'test-trace-456',
        requireJWT: true
      }

      at log (src/lib/auth/AuthCoordinator.ts:172:13)

    console.log
      [AuthCoordinator] Getting unified auth state {
        requireJWT: true,
        traceId: undefined,
        routeRequirement: 'JWT-only',
        timestamp: '2026-02-08T19:37:51.267Z'
      }

      at log (src/lib/auth/AuthCoordinator.ts:83:11)

    console.log
      [AuthCoordinator] JWT check result {
        hasJWT: false,
        requireJWT: true,
        traceId: undefined,
        timestamp: '2026-02-08T19:37:51.268Z'
      }

      at log (src/lib/auth/AuthCoordinator.ts:92:11)

    console.log
      [AuthCoordinator] Initial state before authentication check {
        initialState: {
          hasJWT: false,
          inFallbackMode: false,
          requireJWT: true,
          timestamp: '2026-02-08T19:37:51.268Z'
        },
        traceId: undefined
      }

      at log (src/lib/auth/AuthCoordinator.ts:109:11)

    console.log
      [AuthCoordinator] State transition: JWT requirement not met {
        before: {
          hasJWT: false,
          inFallbackMode: false,
          requireJWT: true,
          timestamp: '2026-02-08T19:37:51.268Z'
        },
        after: {
          hasSession: false,
          hasJWT: false,
          isAuthenticated: false,
          userId: null,
          email: null,
          inFallbackMode: false,
          authMethod: 'none',
          reason: 'JWT required for this route'
        },
        transition: 'unauthenticated -> rejected (JWT required)',
        traceId: undefined,
        timestamp: '2026-02-08T19:37:51.268Z',
        durationMs: 1,
        reason: 'JWT required for this route'
      }

      at log (src/lib/auth/AuthCoordinator.ts:162:13)

    console.log
      [AuthCoordinator] JWT required but not found, skipping session check {
        state: {
          hasSession: false,
          hasJWT: false,
          isAuthenticated: false,
          userId: null,
          email: null,
          inFallbackMode: false,
          authMethod: 'none',
          reason: 'JWT required for this route'
        },
        traceId: undefined,
        requireJWT: true
      }

      at log (src/lib/auth/AuthCoordinator.ts:172:13)

    console.log
      [AuthCoordinator] Getting unified auth state {
        requireJWT: true,
        traceId: undefined,
        routeRequirement: 'JWT-only',
        timestamp: '2026-02-08T19:37:51.271Z'
      }

      at log (src/lib/auth/AuthCoordinator.ts:83:11)

    console.log
      [AuthCoordinator] JWT check result {
        hasJWT: false,
        requireJWT: true,
        traceId: undefined,
        timestamp: '2026-02-08T19:37:51.272Z'
      }

      at log (src/lib/auth/AuthCoordinator.ts:92:11)

    console.log
      [AuthCoordinator] Initial state before authentication check {
        initialState: {
          hasJWT: false,
          inFallbackMode: false,
          requireJWT: true,
          timestamp: '2026-02-08T19:37:51.272Z'
        },
        traceId: undefined
      }

      at log (src/lib/auth/AuthCoordinator.ts:109:11)

    console.log
      [AuthCoordinator] State transition: JWT requirement not met {
        before: {
          hasJWT: false,
          inFallbackMode: false,
          requireJWT: true,
          timestamp: '2026-02-08T19:37:51.272Z'
        },
        after: {
          hasSession: false,
          hasJWT: false,
          isAuthenticated: false,
          userId: null,
          email: null,
          inFallbackMode: false,
          authMethod: 'none',
          reason: 'JWT required for this route'
        },
        transition: 'unauthenticated -> rejected (JWT required)',
        traceId: undefined,
        timestamp: '2026-02-08T19:37:51.272Z',
        durationMs: 1,
        reason: 'JWT required for this route'
      }

      at log (src/lib/auth/AuthCoordinator.ts:162:13)

    console.log
      [AuthCoordinator] JWT required but not found, skipping session check {
        state: {
          hasSession: false,
          hasJWT: false,
          isAuthenticated: false,
          userId: null,
          email: null,
          inFallbackMode: false,
          authMethod: 'none',
          reason: 'JWT required for this route'
        },
        traceId: undefined,
        requireJWT: true
      }

      at log (src/lib/auth/AuthCoordinator.ts:172:13)

    console.log
      [AuthCoordinator] Getting unified auth state {
        requireJWT: true,
        traceId: undefined,
        routeRequirement: 'JWT-only',
        timestamp: '2026-02-08T19:37:51.276Z'
      }

      at log (src/lib/auth/AuthCoordinator.ts:83:11)

    console.log
      [AuthCoordinator] JWT check result {
        hasJWT: true,
        requireJWT: true,
        traceId: undefined,
        timestamp: '2026-02-08T19:37:51.277Z'
      }

      at log (src/lib/auth/AuthCoordinator.ts:92:11)

    console.log
      [AuthCoordinator] Initial state before authentication check {
        initialState: {
          hasJWT: true,
          inFallbackMode: false,
          requireJWT: true,
          timestamp: '2026-02-08T19:37:51.277Z'
        },
        traceId: undefined
      }

      at log (src/lib/auth/AuthCoordinator.ts:109:11)

    console.log
      [AuthCoordinator] State transition: JWT authentication {
        before: {
          hasJWT: true,
          inFallbackMode: false,
          requireJWT: true,
          timestamp: '2026-02-08T19:37:51.277Z'
        },
        after: {
          hasSession: true,
          hasJWT: true,
          isAuthenticated: true,
          userId: null,
          email: null,
          inFallbackMode: false,
          authMethod: 'jwt'
        },
        transition: 'unauthenticated -> authenticated (JWT)',
        traceId: undefined,
        timestamp: '2026-02-08T19:37:51.277Z',
        durationMs: 1
      }

      at log (src/lib/auth/AuthCoordinator.ts:127:13)

    console.log
      [AuthCoordinator] Authenticated via JWT (JWT priority applied) {
        state: {
          hasSession: true,
          hasJWT: true,
          isAuthenticated: true,
          userId: null,
          email: null,
          inFallbackMode: false,
          authMethod: 'jwt'
        },
        traceId: undefined,
        note: 'JWT takes precedence over session authentication'
      }

      at log (src/lib/auth/AuthCoordinator.ts:136:13)

    console.log
      [AuthCoordinator] Getting unified auth state {
        requireJWT: false,
        traceId: undefined,
        routeRequirement: 'JWT or session',
        timestamp: '2026-02-08T19:37:51.278Z'
      }

      at log (src/lib/auth/AuthCoordinator.ts:83:11)

    console.log
      [AuthCoordinator] JWT check result {
        hasJWT: false,
        requireJWT: false,
        traceId: undefined,
        timestamp: '2026-02-08T19:37:51.278Z'
      }

      at log (src/lib/auth/AuthCoordinator.ts:92:11)

    console.log
      [AuthCoordinator] Initial state before authentication check {
        initialState: {
          hasJWT: false,
          inFallbackMode: false,
          requireJWT: false,
          timestamp: '2026-02-08T19:37:51.278Z'
        },
        traceId: undefined
      }

      at log (src/lib/auth/AuthCoordinator.ts:109:11)

    console.log
      [AuthCoordinator] No JWT found, checking session { traceId: undefined, timestamp: '2026-02-08T19:37:51.279Z' }

      at log (src/lib/auth/AuthCoordinator.ts:186:11)

    console.log
      [AuthCoordinator] Session validity check {
        status: 401,
        valid: false,
        traceId: undefined,
        timestamp: '2026-02-08T19:37:51.279Z'
      }

      at log (src/lib/auth/AuthCoordinator.ts:404:13)

    console.log
      [AuthCoordinator] Session check result {
        sessionValid: false,
        traceId: undefined,
        timestamp: '2026-02-08T19:37:51.279Z'
      }

      at log (src/lib/auth/AuthCoordinator.ts:194:13)

    console.log
      [AuthCoordinator] State transition: No authentication found {
        before: {
          hasJWT: false,
          inFallbackMode: false,
          requireJWT: false,
          timestamp: '2026-02-08T19:37:51.278Z'
        },
        after: {
          hasSession: false,
          hasJWT: false,
          isAuthenticated: false,
          userId: null,
          email: null,
          inFallbackMode: false,
          authMethod: 'none',
          reason: 'No JWT or session found'
        },
        transition: 'unauthenticated -> unauthenticated (no JWT or session)',
        traceId: undefined,
        timestamp: '2026-02-08T19:37:51.279Z',
        durationMs: 1,
        reason: 'No JWT or session found'
      }

      at log (src/lib/auth/AuthCoordinator.ts:334:13)

    console.log
      [AuthCoordinator] Not authenticated {
        state: {
          hasSession: false,
          hasJWT: false,
          isAuthenticated: false,
          userId: null,
          email: null,
          inFallbackMode: false,
          authMethod: 'none',
          reason: 'No JWT or session found'
        },
        traceId: undefined
      }

      at log (src/lib/auth/AuthCoordinator.ts:344:13)

    console.log
      [AuthCoordinator] Getting unified auth state {
        requireJWT: false,
        traceId: undefined,
        routeRequirement: 'JWT or session',
        timestamp: '2026-02-08T19:37:51.280Z'
      }

      at log (src/lib/auth/AuthCoordinator.ts:83:11)

    console.log
      [AuthCoordinator] JWT check result {
        hasJWT: false,
        requireJWT: false,
        traceId: undefined,
        timestamp: '2026-02-08T19:37:51.280Z'
      }

      at log (src/lib/auth/AuthCoordinator.ts:92:11)

    console.log
      [AuthCoordinator] Initial state before authentication check {
        initialState: {
          hasJWT: false,
          inFallbackMode: false,
          requireJWT: false,
          timestamp: '2026-02-08T19:37:51.280Z'
        },
        traceId: undefined
      }

      at log (src/lib/auth/AuthCoordinator.ts:109:11)

    console.log
      [AuthCoordinator] No JWT found, checking session { traceId: undefined, timestamp: '2026-02-08T19:37:51.280Z' }

      at log (src/lib/auth/AuthCoordinator.ts:186:11)

    console.log
      [AuthCoordinator] Session validity check {
        status: 200,
        valid: true,
        traceId: undefined,
        timestamp: '2026-02-08T19:37:51.281Z'
      }

      at log (src/lib/auth/AuthCoordinator.ts:404:13)

    console.log
      [AuthCoordinator] Session check result {
        sessionValid: true,
        traceId: undefined,
        timestamp: '2026-02-08T19:37:51.281Z'
      }

      at log (src/lib/auth/AuthCoordinator.ts:194:13)

    console.log
      [AuthCoordinator] Valid session without JWT, attempting refresh {
        traceId: undefined,
        requireJWT: false,
        timestamp: '2026-02-08T19:37:51.281Z'
      }

      at log (src/lib/auth/AuthCoordinator.ts:202:15)

    console.log
      [AuthCoordinator] Attempting JWT refresh from session {
        traceId: undefined,
        retryCount: 0,
        maxRetries: 1,
        requireJWT: false,
        routeRequirement: 'JWT or session allowed',
        timestamp: '2026-02-08T19:37:51.281Z'
      }

      at log (src/lib/auth/AuthCoordinator.ts:448:11)

    console.log
      [AuthCoordinator] State before JWT refresh attempt {
        beforeState: {
          hasJWT: false,
          retryCount: 0,
          timestamp: '2026-02-08T19:37:51.281Z'
        },
        traceId: undefined
      }

      at log (src/lib/auth/AuthCoordinator.ts:463:11)

    console.warn
      [AuthCoordinator] JWT refresh failed with 403 Forbidden - no valid session {
        status: 403,
        statusText: undefined,
        errorDetails: 'Failed to parse error response',
        errorType: '403 Forbidden',
        traceId: undefined,
        retryCount: 0,
        requireJWT: false,
        routeRequirement: 'JWT or session allowed',
        timestamp: '2026-02-08T19:37:51.281Z'
      }

      496 |         };
      497 |         
    > 498 |         console.warn('[AuthCoordinator] JWT refresh failed with 403 Forbidden - no valid session', {
          |                 ^
      499 |           status: response.status,
      500 |           statusText: response.statusText,
      501 |           errorDetails,

      at warn (src/lib/auth/AuthCoordinator.ts:498:17)
      at getAuthState (src/lib/auth/AuthCoordinator.ts:207:25)
      at Object.<anonymous> (src/lib/auth/AuthCoordinator.requireJWT.test.ts:156:21)

    console.log
      [AuthCoordinator] State transition: JWT refresh failed (403) {
        before: {
          hasJWT: false,
          retryCount: 0,
          timestamp: '2026-02-08T19:37:51.281Z'
        },
        after: {
          hasJWT: false,
          success: false,
          reason: 'No valid session exists on backend',
          timestamp: '2026-02-08T19:37:51.281Z'
        },
        transition: 'refresh attempt -> failed (403 Forbidden)',
        traceId: undefined,
        durationMs: 1,
        reason: 'No valid session exists on backend'
      }

      at log (src/lib/auth/AuthCoordinator.ts:511:17)

    console.log
      [AuthCoordinator] Clearing cached authentication state after 403 { traceId: undefined, timestamp: '2026-02-08T19:37:51.282Z' }

      at log (src/lib/auth/AuthCoordinator.ts:534:17)

    console.log
      [AuthCoordinator] JWT refresh failed, checking if fallback mode should be activated {
        requireJWT: false,
        traceId: undefined,
        timestamp: '2026-02-08T19:37:51.282Z'
      }

      at log (src/lib/auth/AuthCoordinator.ts:277:17)

    console.log
      [AuthCoordinator] State transition: Fallback mode activated {
        before: {
          hasJWT: false,
          inFallbackMode: false,
          requireJWT: false,
          timestamp: '2026-02-08T19:37:51.280Z'
        },
        after: {
          hasSession: true,
          hasJWT: false,
          isAuthenticated: true,
          userId: null,
          email: null,
          inFallbackMode: true,
          authMethod: 'session'
        },
        transition: 'session-only -> authenticated (fallback mode)',
        traceId: undefined,
        timestamp: '2026-02-08T19:37:51.282Z',
        durationMs: 2,
        reason: 'JWT refresh failed for non-JWT-required route'
      }

      at log (src/lib/auth/AuthCoordinator.ts:294:17)

    console.log
      [AuthCoordinator] Using session-based auth (JWT refresh failed), activating fallback mode {
        state: {
          hasSession: true,
          hasJWT: false,
          isAuthenticated: true,
          userId: null,
          email: null,
          inFallbackMode: true,
          authMethod: 'session'
        },
        traceId: undefined,
        reason: 'JWT refresh failed for non-JWT-required route'
      }

      at log (src/lib/auth/AuthCoordinator.ts:304:17)

    console.log
      [AuthCoordinator] Activating fallback mode {
        reason: 'JWT refresh failed',
        traceId: undefined,
        timestamp: '2026-02-08T19:37:51.282Z'
      }

      at log (src/lib/auth/AuthCoordinator.ts:802:11)

    console.log
      [AuthCoordinator] Getting unified auth state {
        requireJWT: false,
        traceId: 'legacy-trace-id',
        routeRequirement: 'JWT or session',
        timestamp: '2026-02-08T19:37:51.284Z'
      }

      at log (src/lib/auth/AuthCoordinator.ts:83:11)

    console.log
      [AuthCoordinator] JWT check result {
        hasJWT: true,
        requireJWT: false,
        traceId: 'legacy-trace-id',
        timestamp: '2026-02-08T19:37:51.284Z'
      }

      at log (src/lib/auth/AuthCoordinator.ts:92:11)

    console.log
      [AuthCoordinator] Initial state before authentication check {
        initialState: {
          hasJWT: true,
          inFallbackMode: false,
          requireJWT: false,
          timestamp: '2026-02-08T19:37:51.284Z'
        },
        traceId: 'legacy-trace-id'
      }

      at log (src/lib/auth/AuthCoordinator.ts:109:11)

    console.log
      [AuthCoordinator] State transition: JWT authentication {
        before: {
          hasJWT: true,
          inFallbackMode: false,
          requireJWT: false,
          timestamp: '2026-02-08T19:37:51.284Z'
        },
        after: {
          hasSession: true,
          hasJWT: true,
          isAuthenticated: true,
          userId: null,
          email: null,
          inFallbackMode: false,
          authMethod: 'jwt'
        },
        transition: 'unauthenticated -> authenticated (JWT)',
        traceId: 'legacy-trace-id',
        timestamp: '2026-02-08T19:37:51.284Z',
        durationMs: 0
      }

      at log (src/lib/auth/AuthCoordinator.ts:127:13)

    console.log
      [AuthCoordinator] Authenticated via JWT (JWT priority applied) {
        state: {
          hasSession: true,
          hasJWT: true,
          isAuthenticated: true,
          userId: null,
          email: null,
          inFallbackMode: false,
          authMethod: 'jwt'
        },
        traceId: 'legacy-trace-id',
        note: 'JWT takes precedence over session authentication'
      }

      at log (src/lib/auth/AuthCoordinator.ts:136:13)

    console.log
      [AuthCoordinator] Getting unified auth state {
        requireJWT: false,
        traceId: undefined,
        routeRequirement: 'JWT or session',
        timestamp: '2026-02-08T19:37:51.294Z'
      }

      at log (src/lib/auth/AuthCoordinator.ts:83:11)

    console.log
      [AuthCoordinator] JWT check result {
        hasJWT: false,
        requireJWT: false,
        traceId: undefined,
        timestamp: '2026-02-08T19:37:51.294Z'
      }

      at log (src/lib/auth/AuthCoordinator.ts:92:11)

    console.log
      [AuthCoordinator] Initial state before authentication check {
        initialState: {
          hasJWT: false,
          inFallbackMode: false,
          requireJWT: false,
          timestamp: '2026-02-08T19:37:51.294Z'
        },
        traceId: undefined
      }

      at log (src/lib/auth/AuthCoordinator.ts:109:11)

    console.log
      [AuthCoordinator] No JWT found, checking session { traceId: undefined, timestamp: '2026-02-08T19:37:51.294Z' }

      at log (src/lib/auth/AuthCoordinator.ts:186:11)

    console.log
      [AuthCoordinator] Session validity check {
        status: 401,
        valid: false,
        traceId: undefined,
        timestamp: '2026-02-08T19:37:51.294Z'
      }

      at log (src/lib/auth/AuthCoordinator.ts:404:13)

    console.log
      [AuthCoordinator] Session check result {
        sessionValid: false,
        traceId: undefined,
        timestamp: '2026-02-08T19:37:51.294Z'
      }

      at log (src/lib/auth/AuthCoordinator.ts:194:13)

    console.log
      [AuthCoordinator] State transition: No authentication found {
        before: {
          hasJWT: false,
          inFallbackMode: false,
          requireJWT: false,
          timestamp: '2026-02-08T19:37:51.294Z'
        },
        after: {
          hasSession: false,
          hasJWT: false,
          isAuthenticated: false,
          userId: null,
          email: null,
          inFallbackMode: false,
          authMethod: 'none',
          reason: 'No JWT or session found'
        },
        transition: 'unauthenticated -> unauthenticated (no JWT or session)',
        traceId: undefined,
        timestamp: '2026-02-08T19:37:51.294Z',
        durationMs: 0,
        reason: 'No JWT or session found'
      }

      at log (src/lib/auth/AuthCoordinator.ts:334:13)

    console.log
      [AuthCoordinator] Not authenticated {
        state: {
          hasSession: false,
          hasJWT: false,
          isAuthenticated: false,
          userId: null,
          email: null,
          inFallbackMode: false,
          authMethod: 'none',
          reason: 'No JWT or session found'
        },
        traceId: undefined
      }

      at log (src/lib/auth/AuthCoordinator.ts:344:13)

    console.log
      [AuthCoordinator] Getting unified auth state {
        requireJWT: false,
        traceId: undefined,
        routeRequirement: 'JWT or session',
        timestamp: '2026-02-08T19:37:51.295Z'
      }

      at log (src/lib/auth/AuthCoordinator.ts:83:11)

    console.log
      [AuthCoordinator] JWT check result {
        hasJWT: true,
        requireJWT: false,
        traceId: undefined,
        timestamp: '2026-02-08T19:37:51.295Z'
      }

      at log (src/lib/auth/AuthCoordinator.ts:92:11)

    console.log
      [AuthCoordinator] Initial state before authentication check {
        initialState: {
          hasJWT: true,
          inFallbackMode: false,
          requireJWT: false,
          timestamp: '2026-02-08T19:37:51.295Z'
        },
        traceId: undefined
      }

      at log (src/lib/auth/AuthCoordinator.ts:109:11)

    console.log
      [AuthCoordinator] State transition: JWT authentication {
        before: {
          hasJWT: true,
          inFallbackMode: false,
          requireJWT: false,
          timestamp: '2026-02-08T19:37:51.295Z'
        },
        after: {
          hasSession: true,
          hasJWT: true,
          isAuthenticated: true,
          userId: null,
          email: null,
          inFallbackMode: false,
          authMethod: 'jwt'
        },
        transition: 'unauthenticated -> authenticated (JWT)',
        traceId: undefined,
        timestamp: '2026-02-08T19:37:51.295Z',
        durationMs: 0
      }

      at log (src/lib/auth/AuthCoordinator.ts:127:13)

    console.log
      [AuthCoordinator] Authenticated via JWT (JWT priority applied) {
        state: {
          hasSession: true,
          hasJWT: true,
          isAuthenticated: true,
          userId: null,
          email: null,
          inFallbackMode: false,
          authMethod: 'jwt'
        },
        traceId: undefined,
        note: 'JWT takes precedence over session authentication'
      }

      at log (src/lib/auth/AuthCoordinator.ts:136:13)

    console.log
      [AuthCoordinator] Getting unified auth state {
        requireJWT: true,
        traceId: undefined,
        routeRequirement: 'JWT-only',
        timestamp: '2026-02-08T19:37:51.296Z'
      }

      at log (src/lib/auth/AuthCoordinator.ts:83:11)

    console.log
      [AuthCoordinator] JWT check result {
        hasJWT: false,
        requireJWT: true,
        traceId: undefined,
        timestamp: '2026-02-08T19:37:51.296Z'
      }

      at log (src/lib/auth/AuthCoordinator.ts:92:11)

    console.log
      [AuthCoordinator] Initial state before authentication check {
        initialState: {
          hasJWT: false,
          inFallbackMode: false,
          requireJWT: true,
          timestamp: '2026-02-08T19:37:51.296Z'
        },
        traceId: undefined
      }

      at log (src/lib/auth/AuthCoordinator.ts:109:11)

    console.log
      [AuthCoordinator] State transition: JWT requirement not met {
        before: {
          hasJWT: false,
          inFallbackMode: false,
          requireJWT: true,
          timestamp: '2026-02-08T19:37:51.296Z'
        },
        after: {
          hasSession: false,
          hasJWT: false,
          isAuthenticated: false,
          userId: null,
          email: null,
          inFallbackMode: false,
          authMethod: 'none',
          reason: 'JWT required for this route'
        },
        transition: 'unauthenticated -> rejected (JWT required)',
        traceId: undefined,
        timestamp: '2026-02-08T19:37:51.296Z',
        durationMs: 0,
        reason: 'JWT required for this route'
      }

      at log (src/lib/auth/AuthCoordinator.ts:162:13)

    console.log
      [AuthCoordinator] JWT required but not found, skipping session check {
        state: {
          hasSession: false,
          hasJWT: false,
          isAuthenticated: false,
          userId: null,
          email: null,
          inFallbackMode: false,
          authMethod: 'none',
          reason: 'JWT required for this route'
        },
        traceId: undefined,
        requireJWT: true
      }

      at log (src/lib/auth/AuthCoordinator.ts:172:13)

    console.log
      [AuthCoordinator] Getting unified auth state {
        requireJWT: false,
        traceId: undefined,
        routeRequirement: 'JWT or session',
        timestamp: '2026-02-08T19:37:51.297Z'
      }

      at log (src/lib/auth/AuthCoordinator.ts:83:11)

    console.log
      [AuthCoordinator] JWT check result {
        hasJWT: false,
        requireJWT: false,
        traceId: undefined,
        timestamp: '2026-02-08T19:37:51.297Z'
      }

      at log (src/lib/auth/AuthCoordinator.ts:92:11)

    console.log
      [AuthCoordinator] Initial state before authentication check {
        initialState: {
          hasJWT: false,
          inFallbackMode: false,
          requireJWT: false,
          timestamp: '2026-02-08T19:37:51.297Z'
        },
        traceId: undefined
      }

      at log (src/lib/auth/AuthCoordinator.ts:109:11)

    console.log
      [AuthCoordinator] No JWT found, checking session { traceId: undefined, timestamp: '2026-02-08T19:37:51.297Z' }

      at log (src/lib/auth/AuthCoordinator.ts:186:11)

    console.log
      [AuthCoordinator] Session validity check {
        status: 401,
        valid: false,
        traceId: undefined,
        timestamp: '2026-02-08T19:37:51.297Z'
      }

      at log (src/lib/auth/AuthCoordinator.ts:404:13)

    console.log
      [AuthCoordinator] Session check result {
        sessionValid: false,
        traceId: undefined,
        timestamp: '2026-02-08T19:37:51.297Z'
      }

      at log (src/lib/auth/AuthCoordinator.ts:194:13)

    console.log
      [AuthCoordinator] State transition: No authentication found {
        before: {
          hasJWT: false,
          inFallbackMode: false,
          requireJWT: false,
          timestamp: '2026-02-08T19:37:51.297Z'
        },
        after: {
          hasSession: false,
          hasJWT: false,
          isAuthenticated: false,
          userId: null,
          email: null,
          inFallbackMode: false,
          authMethod: 'none',
          reason: 'No JWT or session found'
        },
        transition: 'unauthenticated -> unauthenticated (no JWT or session)',
        traceId: undefined,
        timestamp: '2026-02-08T19:37:51.297Z',
        durationMs: 0,
        reason: 'No JWT or session found'
      }

      at log (src/lib/auth/AuthCoordinator.ts:334:13)

    console.log
      [AuthCoordinator] Not authenticated {
        state: {
          hasSession: false,
          hasJWT: false,
          isAuthenticated: false,
          userId: null,
          email: null,
          inFallbackMode: false,
          authMethod: 'none',
          reason: 'No JWT or session found'
        },
        traceId: undefined
      }

      at log (src/lib/auth/AuthCoordinator.ts:344:13)

    console.log
      [AuthCoordinator] Getting unified auth state {
        requireJWT: false,
        traceId: undefined,
        routeRequirement: 'JWT or session',
        timestamp: '2026-02-08T19:37:51.298Z'
      }

      at log (src/lib/auth/AuthCoordinator.ts:83:11)

    console.log
      [AuthCoordinator] JWT check result {
        hasJWT: false,
        requireJWT: false,
        traceId: undefined,
        timestamp: '2026-02-08T19:37:51.298Z'
      }

      at log (src/lib/auth/AuthCoordinator.ts:92:11)

    console.log
      [AuthCoordinator] Initial state before authentication check {
        initialState: {
          hasJWT: false,
          inFallbackMode: false,
          requireJWT: false,
          timestamp: '2026-02-08T19:37:51.298Z'
        },
        traceId: undefined
      }

      at log (src/lib/auth/AuthCoordinator.ts:109:11)

    console.log
      [AuthCoordinator] No JWT found, checking session { traceId: undefined, timestamp: '2026-02-08T19:37:51.298Z' }

      at log (src/lib/auth/AuthCoordinator.ts:186:11)

    console.error
      [AuthCoordinator] Session check failed {
        error: 'Network error',
        traceId: undefined,
        timestamp: '2026-02-08T19:37:51.298Z'
      }

      411 |     return valid;
      412 |   } catch (error) {
    > 413 |     console.error('[AuthCoordinator] Session check failed', {
          |             ^
      414 |       error: error instanceof Error ? error.message : String(error),
      415 |       traceId,
      416 |       timestamp

      at error (src/lib/auth/AuthCoordinator.ts:413:13)
      at getAuthState (src/lib/auth/AuthCoordinator.ts:193:26)
      at Object.<anonymous> (src/lib/auth/AuthCoordinator.requireJWT.test.ts:238:21)

    console.log
      [AuthCoordinator] Session check result {
        sessionValid: false,
        traceId: undefined,
        timestamp: '2026-02-08T19:37:51.298Z'
      }

      at log (src/lib/auth/AuthCoordinator.ts:194:13)

    console.log
      [AuthCoordinator] State transition: No authentication found {
        before: {
          hasJWT: false,
          inFallbackMode: false,
          requireJWT: false,
          timestamp: '2026-02-08T19:37:51.298Z'
        },
        after: {
          hasSession: false,
          hasJWT: false,
          isAuthenticated: false,
          userId: null,
          email: null,
          inFallbackMode: false,
          authMethod: 'none',
          reason: 'No JWT or session found'
        },
        transition: 'unauthenticated -> unauthenticated (no JWT or session)',
        traceId: undefined,
        timestamp: '2026-02-08T19:37:51.298Z',
        durationMs: 0,
        reason: 'No JWT or session found'
      }

      at log (src/lib/auth/AuthCoordinator.ts:334:13)

    console.log
      [AuthCoordinator] Not authenticated {
        state: {
          hasSession: false,
          hasJWT: false,
          isAuthenticated: false,
          userId: null,
          email: null,
          inFallbackMode: false,
          authMethod: 'none',
          reason: 'No JWT or session found'
        },
        traceId: undefined
      }

      at log (src/lib/auth/AuthCoordinator.ts:344:13)

    console.log
      [AuthCoordinator] Getting unified auth state {
        requireJWT: true,
        traceId: undefined,
        routeRequirement: 'JWT-only',
        timestamp: '2026-02-08T19:37:51.298Z'
      }

      at log (src/lib/auth/AuthCoordinator.ts:83:11)

    console.log
      [AuthCoordinator] JWT check result {
        hasJWT: true,
        requireJWT: true,
        traceId: undefined,
        timestamp: '2026-02-08T19:37:51.299Z'
      }

      at log (src/lib/auth/AuthCoordinator.ts:92:11)

    console.log
      [AuthCoordinator] Initial state before authentication check {
        initialState: {
          hasJWT: true,
          inFallbackMode: false,
          requireJWT: true,
          timestamp: '2026-02-08T19:37:51.299Z'
        },
        traceId: undefined
      }

      at log (src/lib/auth/AuthCoordinator.ts:109:11)

    console.log
      [AuthCoordinator] State transition: JWT authentication {
        before: {
          hasJWT: true,
          inFallbackMode: false,
          requireJWT: true,
          timestamp: '2026-02-08T19:37:51.299Z'
        },
        after: {
          hasSession: true,
          hasJWT: true,
          isAuthenticated: true,
          userId: null,
          email: null,
          inFallbackMode: false,
          authMethod: 'jwt'
        },
        transition: 'unauthenticated -> authenticated (JWT)',
        traceId: undefined,
        timestamp: '2026-02-08T19:37:51.299Z',
        durationMs: 1
      }

      at log (src/lib/auth/AuthCoordinator.ts:127:13)

    console.log
      [AuthCoordinator] Authenticated via JWT (JWT priority applied) {
        state: {
          hasSession: true,
          hasJWT: true,
          isAuthenticated: true,
          userId: null,
          email: null,
          inFallbackMode: false,
          authMethod: 'jwt'
        },
        traceId: undefined,
        note: 'JWT takes precedence over session authentication'
      }

      at log (src/lib/auth/AuthCoordinator.ts:136:13)

PASS src/lib/auth/AuthCoordinator.logging.test.ts
PASS src/lib/auth/AuthCoordinator.403-error.test.ts
PASS src/app/dashboard/layout.test.tsx
FAIL src/app/dashboard/redirect-before-render.test.tsx
  ● Console

    console.log
      [Dashboard] Starting authentication check { traceId: 'test-trace-id' }

      at log (src/app/dashboard/page.tsx:353:13)

    console.log
      [Dashboard] Logout state check result { logoutInProgress: false, traceId: 'test-trace-id' }

      at log (src/app/dashboard/page.tsx:387:19)

    console.log
      [Dashboard] Getting unified auth state with JWT requirement { traceId: 'test-trace-id' }

      at log (src/app/dashboard/page.tsx:415:17)

    console.log
      [Dashboard] Auth state received {
        isAuthenticated: false,
        hasJWT: false,
        hasSession: false,
        authMethod: 'none',
        inFallbackMode: false,
        reason: 'JWT required for this route',
        traceId: 'test-trace-id'
      }

      at log (src/app/dashboard/page.tsx:417:17)

    console.log
      [Dashboard] Redirecting to login (not authenticated) {
        traceId: 'test-trace-id',
        reason: 'JWT required for this route',
        hasJWT: false,
        hasSession: false,
        redirectUrl: '/login?returnUrl=/dashboard'
      }

      at log (src/app/dashboard/page.tsx:443:23)

    console.log
      [Dashboard] Redirect initiated successfully {
        traceId: 'test-trace-id',
        redirectUrl: '/login?returnUrl=/dashboard'
      }

      at log (src/app/dashboard/page.tsx:454:25)

    console.log
      [Dashboard] Component unmounting { traceId: 'test-trace-id' }

      at log (src/app/dashboard/page.tsx:577:15)
          at Array.forEach (<anonymous>)

    console.log
      [Dashboard] Starting authentication check { traceId: 'test-trace-id' }

      at log (src/app/dashboard/page.tsx:353:13)

    console.log
      [Dashboard] Logout state check result { logoutInProgress: false, traceId: 'test-trace-id' }

      at log (src/app/dashboard/page.tsx:387:19)

    console.log
      [Dashboard] Getting unified auth state with JWT requirement { traceId: 'test-trace-id' }

      at log (src/app/dashboard/page.tsx:415:17)

    console.log
      [Dashboard] Auth state received {
        isAuthenticated: false,
        hasJWT: false,
        hasSession: false,
        authMethod: 'none',
        inFallbackMode: false,
        reason: 'No JWT token found',
        traceId: 'test-trace-id'
      }

      at log (src/app/dashboard/page.tsx:417:17)

    console.log
      [Dashboard] Redirecting to login (not authenticated) {
        traceId: 'test-trace-id',
        reason: 'No JWT token found',
        hasJWT: false,
        hasSession: false,
        redirectUrl: '/login?returnUrl=/dashboard'
      }

      at log (src/app/dashboard/page.tsx:443:23)

    console.log
      [Dashboard] Redirect initiated successfully {
        traceId: 'test-trace-id',
        redirectUrl: '/login?returnUrl=/dashboard'
      }

      at log (src/app/dashboard/page.tsx:454:25)

    console.log
      [Dashboard] Component unmounting { traceId: 'test-trace-id' }

      at log (src/app/dashboard/page.tsx:577:15)
          at Array.forEach (<anonymous>)

    console.log
      [Dashboard] Starting authentication check { traceId: 'test-trace-id' }

      at log (src/app/dashboard/page.tsx:353:13)

    console.log
      [Dashboard] Logout state check result { logoutInProgress: false, traceId: 'test-trace-id' }

      at log (src/app/dashboard/page.tsx:387:19)

    console.log
      [Dashboard] Getting unified auth state with JWT requirement { traceId: 'test-trace-id' }

      at log (src/app/dashboard/page.tsx:415:17)

    console.log
      [Dashboard] Auth state received {
        isAuthenticated: false,
        hasJWT: false,
        hasSession: false,
        authMethod: 'none',
        inFallbackMode: false,
        reason: 'JWT required',
        traceId: 'test-trace-id'
      }

      at log (src/app/dashboard/page.tsx:417:17)

    console.log
      [Dashboard] Redirecting to login (not authenticated) {
        traceId: 'test-trace-id',
        reason: 'JWT required',
        hasJWT: false,
        hasSession: false,
        redirectUrl: '/login?returnUrl=/dashboard'
      }

      at log (src/app/dashboard/page.tsx:443:23)

    console.log
      [Dashboard] Redirect initiated successfully {
        traceId: 'test-trace-id',
        redirectUrl: '/login?returnUrl=/dashboard'
      }

      at log (src/app/dashboard/page.tsx:454:25)

    console.log
      [Dashboard] Component unmounting { traceId: 'test-trace-id' }

      at log (src/app/dashboard/page.tsx:577:15)
          at Array.forEach (<anonymous>)

    console.log
      [Dashboard] Starting authentication check { traceId: 'test-trace-id' }

      at log (src/app/dashboard/page.tsx:353:13)

    console.log
      [Dashboard] Logout state check result { logoutInProgress: false, traceId: 'test-trace-id' }

      at log (src/app/dashboard/page.tsx:387:19)

    console.log
      [Dashboard] Getting unified auth state with JWT requirement { traceId: 'test-trace-id' }

      at log (src/app/dashboard/page.tsx:415:17)

    console.log
      [Dashboard] Auth state received {
        isAuthenticated: false,
        hasJWT: false,
        hasSession: false,
        authMethod: 'none',
        inFallbackMode: false,
        reason: undefined,
        traceId: 'test-trace-id'
      }

      at log (src/app/dashboard/page.tsx:417:17)

    console.log
      [Dashboard] Redirecting to login (not authenticated) {
        traceId: 'test-trace-id',
        reason: undefined,
        hasJWT: false,
        hasSession: false,
        redirectUrl: '/login?returnUrl=/dashboard'
      }

      at log (src/app/dashboard/page.tsx:443:23)

    console.log
      [Dashboard] Redirect initiated successfully {
        traceId: 'test-trace-id',
        redirectUrl: '/login?returnUrl=/dashboard'
      }

      at log (src/app/dashboard/page.tsx:454:25)

    console.log
      [Dashboard] Component unmounting { traceId: 'test-trace-id' }

      at log (src/app/dashboard/page.tsx:577:15)
          at Array.forEach (<anonymous>)

    console.log
      [Dashboard] Starting authentication check { traceId: 'test-trace-id' }

      at log (src/app/dashboard/page.tsx:353:13)

    console.log
      [Dashboard] Logout state check result { logoutInProgress: false, traceId: 'test-trace-id' }

      at log (src/app/dashboard/page.tsx:387:19)

    console.log
      [Dashboard] Getting unified auth state with JWT requirement { traceId: 'test-trace-id' }

      at log (src/app/dashboard/page.tsx:415:17)

    console.log
      [Dashboard] Auth state received {
        isAuthenticated: false,
        hasJWT: false,
        hasSession: false,
        authMethod: 'none',
        inFallbackMode: false,
        reason: undefined,
        traceId: 'test-trace-id'
      }

      at log (src/app/dashboard/page.tsx:417:17)

    console.log
      [Dashboard] Redirecting to login (not authenticated) {
        traceId: 'test-trace-id',
        reason: undefined,
        hasJWT: false,
        hasSession: false,
        redirectUrl: '/login?returnUrl=/dashboard'
      }

      at log (src/app/dashboard/page.tsx:443:23)

    console.log
      [Dashboard] Redirect initiated successfully {
        traceId: 'test-trace-id',
        redirectUrl: '/login?returnUrl=/dashboard'
      }

      at log (src/app/dashboard/page.tsx:454:25)

    console.log
      [Dashboard] Component unmounting { traceId: 'test-trace-id' }

      at log (src/app/dashboard/page.tsx:577:15)
          at Array.forEach (<anonymous>)

    console.log
      [Dashboard] Starting authentication check { traceId: 'test-trace-id' }

      at log (src/app/dashboard/page.tsx:353:13)

    console.log
      [Dashboard] Logout state check result { logoutInProgress: false, traceId: 'test-trace-id' }

      at log (src/app/dashboard/page.tsx:387:19)

    console.log
      [Dashboard] Getting unified auth state with JWT requirement { traceId: 'test-trace-id' }

      at log (src/app/dashboard/page.tsx:415:17)

    console.log
      [Dashboard] Auth state received {
        isAuthenticated: false,
        hasJWT: false,
        hasSession: false,
        authMethod: 'none',
        inFallbackMode: false,
        reason: undefined,
        traceId: 'test-trace-id'
      }

      at log (src/app/dashboard/page.tsx:417:17)

    console.log
      [Dashboard] Redirecting to login (not authenticated) {
        traceId: 'test-trace-id',
        reason: undefined,
        hasJWT: false,
        hasSession: false,
        redirectUrl: '/login?returnUrl=/dashboard'
      }

      at log (src/app/dashboard/page.tsx:443:23)

    console.log
      [Dashboard] Redirect initiated successfully {
        traceId: 'test-trace-id',
        redirectUrl: '/login?returnUrl=/dashboard'
      }

      at log (src/app/dashboard/page.tsx:454:25)

    console.log
      [Dashboard] Component unmounting { traceId: 'test-trace-id' }

      at log (src/app/dashboard/page.tsx:577:15)
          at Array.forEach (<anonymous>)

    console.log
      [Dashboard] Starting authentication check { traceId: 'test-trace-id' }

      at log (src/app/dashboard/page.tsx:353:13)

    console.log
      [Dashboard] Logout state check result { logoutInProgress: false, traceId: 'test-trace-id' }

      at log (src/app/dashboard/page.tsx:387:19)

    console.log
      [Dashboard] Getting unified auth state with JWT requirement { traceId: 'test-trace-id' }

      at log (src/app/dashboard/page.tsx:415:17)

    console.warn
      [Dashboard] Authentication check timeout, forcing redirect { traceId: 'test-trace-id' }

      355 |     // Set timeout protection
      356 |     timeoutId = setTimeout(() => {
    > 357 |       console.warn('[Dashboard] Authentication check timeout, forcing redirect', { traceId });
          |               ^
      358 |       if (typeof window !== 'undefined' && !redirectInitiatedRef.current) {
      359 |         redirectInitiatedRef.current = true;
      360 |         

      at warn (src/app/dashboard/page.tsx:357:15)
      at callTimer (node_modules/@sinonjs/fake-timers/src/fake-timers-src.js:806:24)
      at doTickInner (node_modules/@sinonjs/fake-timers/src/fake-timers-src.js:1413:29)
      at doTick (node_modules/@sinonjs/fake-timers/src/fake-timers-src.js:1494:20)
      at Object.tick (node_modules/@sinonjs/fake-timers/src/fake-timers-src.js:1502:20)
      at FakeTimers.advanceTimersByTime (node_modules/@jest/fake-timers/build/index.js:576:19)
      at Object.advanceTimersByTime (src/app/dashboard/redirect-before-render.test.tsx:259:12)

    console.log
      [Dashboard] Timeout redirect URL {
        redirectUrl: '/login?returnUrl=/dashboard',
        traceId: 'test-trace-id'
      }

      at log (src/app/dashboard/page.tsx:368:17)

    console.error
      Error: Not implemented: navigation (except hash changes)
          at module.exports (/Users/ryan/Library/Mobile Documents/com~apple~CloudDocs/Documents/VSCode/Tax-App-Frontend/node_modules/jsdom/lib/jsdom/browser/not-implemented.js:9:17)
          at navigateFetch (/Users/ryan/Library/Mobile Documents/com~apple~CloudDocs/Documents/VSCode/Tax-App-Frontend/node_modules/jsdom/lib/jsdom/living/window/navigation.js:77:3)
          at exports.navigate (/Users/ryan/Library/Mobile Documents/com~apple~CloudDocs/Documents/VSCode/Tax-App-Frontend/node_modules/jsdom/lib/jsdom/living/window/navigation.js:55:3)
          at LocationImpl._locationObjectNavigate (/Users/ryan/Library/Mobile Documents/com~apple~CloudDocs/Documents/VSCode/Tax-App-Frontend/node_modules/jsdom/lib/jsdom/living/window/Location-impl.js:30:5)
          at LocationImpl._locationObjectSetterNavigate (/Users/ryan/Library/Mobile Documents/com~apple~CloudDocs/Documents/VSCode/Tax-App-Frontend/node_modules/jsdom/lib/jsdom/living/window/Location-impl.js:24:17)
          at LocationImpl.set href [as href] (/Users/ryan/Library/Mobile Documents/com~apple~CloudDocs/Documents/VSCode/Tax-App-Frontend/node_modules/jsdom/lib/jsdom/living/window/Location-impl.js:46:10)
          at Location.set href [as href] (/Users/ryan/Library/Mobile Documents/com~apple~CloudDocs/Documents/VSCode/Tax-App-Frontend/node_modules/jsdom/lib/jsdom/living/generated/Location.js:125:37)
          at /Users/ryan/Library/Mobile Documents/com~apple~CloudDocs/Documents/VSCode/Tax-App-Frontend/src/app/dashboard/page.tsx:369:29
          at callTimer (/Users/ryan/Library/Mobile Documents/com~apple~CloudDocs/Documents/VSCode/Tax-App-Frontend/node_modules/@sinonjs/fake-timers/src/fake-timers-src.js:806:24)
          at doTickInner (/Users/ryan/Library/Mobile Documents/com~apple~CloudDocs/Documents/VSCode/Tax-App-Frontend/node_modules/@sinonjs/fake-timers/src/fake-timers-src.js:1413:29)
          at doTick (/Users/ryan/Library/Mobile Documents/com~apple~CloudDocs/Documents/VSCode/Tax-App-Frontend/node_modules/@sinonjs/fake-timers/src/fake-timers-src.js:1494:20)
          at Object.tick (/Users/ryan/Library/Mobile Documents/com~apple~CloudDocs/Documents/VSCode/Tax-App-Frontend/node_modules/@sinonjs/fake-timers/src/fake-timers-src.js:1502:20)
          at FakeTimers.advanceTimersByTime (/Users/ryan/Library/Mobile Documents/com~apple~CloudDocs/Documents/VSCode/Tax-App-Frontend/node_modules/@jest/fake-timers/build/index.js:576:19)
          at Object.advanceTimersByTime (/Users/ryan/Library/Mobile Documents/com~apple~CloudDocs/Documents/VSCode/Tax-App-Frontend/node_modules/jest-runtime/build/index.js:1725:56)
          at Object.advanceTimersByTime (/Users/ryan/Library/Mobile Documents/com~apple~CloudDocs/Documents/VSCode/Tax-App-Frontend/src/app/dashboard/redirect-before-render.test.tsx:259:12)
          at Promise.finally.completed (/Users/ryan/Library/Mobile Documents/com~apple~CloudDocs/Documents/VSCode/Tax-App-Frontend/node_modules/jest-circus/build/jestAdapterInit.js:1557:28)
          at new Promise (<anonymous>)
          at callAsyncCircusFn (/Users/ryan/Library/Mobile Documents/com~apple~CloudDocs/Documents/VSCode/Tax-App-Frontend/node_modules/jest-circus/build/jestAdapterInit.js:1497:10)
          at _callCircusTest (/Users/ryan/Library/Mobile Documents/com~apple~CloudDocs/Documents/VSCode/Tax-App-Frontend/node_modules/jest-circus/build/jestAdapterInit.js:1007:40)
          at _runTest (/Users/ryan/Library/Mobile Documents/com~apple~CloudDocs/Documents/VSCode/Tax-App-Frontend/node_modules/jest-circus/build/jestAdapterInit.js:947:3)
          at /Users/ryan/Library/Mobile Documents/com~apple~CloudDocs/Documents/VSCode/Tax-App-Frontend/node_modules/jest-circus/build/jestAdapterInit.js:849:7
          at _runTestsForDescribeBlock (/Users/ryan/Library/Mobile Documents/com~apple~CloudDocs/Documents/VSCode/Tax-App-Frontend/node_modules/jest-circus/build/jestAdapterInit.js:862:11)
          at _runTestsForDescribeBlock (/Users/ryan/Library/Mobile Documents/com~apple~CloudDocs/Documents/VSCode/Tax-App-Frontend/node_modules/jest-circus/build/jestAdapterInit.js:857:11)
          at _runTestsForDescribeBlock (/Users/ryan/Library/Mobile Documents/com~apple~CloudDocs/Documents/VSCode/Tax-App-Frontend/node_modules/jest-circus/build/jestAdapterInit.js:857:11)
          at run (/Users/ryan/Library/Mobile Documents/com~apple~CloudDocs/Documents/VSCode/Tax-App-Frontend/node_modules/jest-circus/build/jestAdapterInit.js:761:3)
          at runAndTransformResultsToJestFormat (/Users/ryan/Library/Mobile Documents/com~apple~CloudDocs/Documents/VSCode/Tax-App-Frontend/node_modules/jest-circus/build/jestAdapterInit.js:1918:21)
          at jestAdapter (/Users/ryan/Library/Mobile Documents/com~apple~CloudDocs/Documents/VSCode/Tax-App-Frontend/node_modules/jest-circus/build/runner.js:101:19)
          at runTestInternal (/Users/ryan/Library/Mobile Documents/com~apple~CloudDocs/Documents/VSCode/Tax-App-Frontend/node_modules/jest-runner/build/testWorker.js:275:16)
          at runTest (/Users/ryan/Library/Mobile Documents/com~apple~CloudDocs/Documents/VSCode/Tax-App-Frontend/node_modules/jest-runner/build/testWorker.js:343:7)
          at Object.worker (/Users/ryan/Library/Mobile Documents/com~apple~CloudDocs/Documents/VSCode/Tax-App-Frontend/node_modules/jest-runner/build/testWorker.js:497:12) {
        type: 'not implemented'
      }

      367 |         
      368 |         console.log('[Dashboard] Timeout redirect URL', { redirectUrl, traceId });
    > 369 |         window.location.href = redirectUrl;
          |                             ^
      370 |       }
      371 |     }, 2000);
      372 |

      at VirtualConsole.<anonymous> (node_modules/@jest/environment-jsdom-abstract/build/index.js:87:23)
      at module.exports (node_modules/jsdom/lib/jsdom/browser/not-implemented.js:12:26)
      at navigateFetch (node_modules/jsdom/lib/jsdom/living/window/navigation.js:77:3)
      at exports.navigate (node_modules/jsdom/lib/jsdom/living/window/navigation.js:55:3)
      at LocationImpl._locationObjectNavigate (node_modules/jsdom/lib/jsdom/living/window/Location-impl.js:30:5)
      at LocationImpl._locationObjectSetterNavigate (node_modules/jsdom/lib/jsdom/living/window/Location-impl.js:24:17)
      at LocationImpl.set href [as href] (node_modules/jsdom/lib/jsdom/living/window/Location-impl.js:46:10)
      at Location.set href [as href] (node_modules/jsdom/lib/jsdom/living/generated/Location.js:125:37)
      at src/app/dashboard/page.tsx:369:29
      at callTimer (node_modules/@sinonjs/fake-timers/src/fake-timers-src.js:806:24)
      at doTickInner (node_modules/@sinonjs/fake-timers/src/fake-timers-src.js:1413:29)
      at doTick (node_modules/@sinonjs/fake-timers/src/fake-timers-src.js:1494:20)
      at Object.tick (node_modules/@sinonjs/fake-timers/src/fake-timers-src.js:1502:20)
      at FakeTimers.advanceTimersByTime (node_modules/@jest/fake-timers/build/index.js:576:19)
      at Object.advanceTimersByTime (src/app/dashboard/redirect-before-render.test.tsx:259:12)

    console.log
      [Dashboard] Component unmounting { traceId: 'test-trace-id' }

      at log (src/app/dashboard/page.tsx:577:15)
          at Array.forEach (<anonymous>)

    console.log
      [Dashboard] Starting authentication check { traceId: 'test-trace-id' }

      at log (src/app/dashboard/page.tsx:353:13)

    console.log
      [Dashboard] Logout state check result { logoutInProgress: false, traceId: 'test-trace-id' }

      at log (src/app/dashboard/page.tsx:387:19)

    console.log
      [Dashboard] Getting unified auth state with JWT requirement { traceId: 'test-trace-id' }

      at log (src/app/dashboard/page.tsx:415:17)

    console.log
      [Dashboard] Auth state received {
        isAuthenticated: false,
        hasJWT: false,
        hasSession: false,
        authMethod: 'none',
        inFallbackMode: false,
        reason: 'JWT required for this route',
        traceId: 'test-trace-id'
      }

      at log (src/app/dashboard/page.tsx:417:17)

    console.log
      [Dashboard] Redirecting to login (not authenticated) {
        traceId: 'test-trace-id',
        reason: 'JWT required for this route',
        hasJWT: false,
        hasSession: false,
        redirectUrl: '/login?returnUrl=/dashboard'
      }

      at log (src/app/dashboard/page.tsx:443:23)

    console.log
      [Dashboard] Redirect initiated successfully {
        traceId: 'test-trace-id',
        redirectUrl: '/login?returnUrl=/dashboard'
      }

      at log (src/app/dashboard/page.tsx:454:25)

    console.log
      [Dashboard] Component unmounting { traceId: 'test-trace-id' }

      at log (src/app/dashboard/page.tsx:577:15)
          at Array.forEach (<anonymous>)

    console.log
      [Dashboard] Starting authentication check { traceId: 'test-trace-id' }

      at log (src/app/dashboard/page.tsx:353:13)

    console.log
      [Dashboard] Logout state check result { logoutInProgress: false, traceId: 'test-trace-id' }

      at log (src/app/dashboard/page.tsx:387:19)

    console.log
      [Dashboard] Getting unified auth state with JWT requirement { traceId: 'test-trace-id' }

      at log (src/app/dashboard/page.tsx:415:17)

    console.log
      [Dashboard] Auth state received {
        isAuthenticated: true,
        hasJWT: true,
        hasSession: true,
        authMethod: 'jwt',
        inFallbackMode: false,
        reason: undefined,
        traceId: 'test-trace-id'
      }

      at log (src/app/dashboard/page.tsx:417:17)

    console.log
      [Dashboard] Authentication successful { authMethod: 'jwt', inFallbackMode: false, traceId: 'test-trace-id' }

      at log (src/app/dashboard/page.tsx:473:21)

    console.log
      [Dashboard] Component unmounting { traceId: 'test-trace-id' }

      at log (src/app/dashboard/page.tsx:577:15)
          at Array.forEach (<anonymous>)

    console.log
      [Dashboard] Starting authentication check { traceId: 'test-trace-id' }

      at log (src/app/dashboard/page.tsx:353:13)

    console.log
      [Dashboard] Logout state check result { logoutInProgress: false, traceId: 'test-trace-id' }

      at log (src/app/dashboard/page.tsx:387:19)

    console.log
      [Dashboard] Getting unified auth state with JWT requirement { traceId: 'test-trace-id' }

      at log (src/app/dashboard/page.tsx:415:17)

    console.log
      [Dashboard] Auth state received {
        isAuthenticated: true,
        hasJWT: true,
        hasSession: true,
        authMethod: 'jwt',
        inFallbackMode: false,
        reason: undefined,
        traceId: 'test-trace-id'
      }

      at log (src/app/dashboard/page.tsx:417:17)

    console.log
      [Dashboard] Authentication successful { authMethod: 'jwt', inFallbackMode: false, traceId: 'test-trace-id' }

      at log (src/app/dashboard/page.tsx:473:21)

    console.log
      [Dashboard] Component unmounting { traceId: 'test-trace-id' }

      at log (src/app/dashboard/page.tsx:577:15)
          at Array.forEach (<anonymous>)

    console.log
      [Dashboard] Starting authentication check { traceId: 'test-trace-id' }

      at log (src/app/dashboard/page.tsx:353:13)

    console.log
      [Dashboard] Logout state check result { logoutInProgress: false, traceId: 'test-trace-id' }

      at log (src/app/dashboard/page.tsx:387:19)

    console.log
      [Dashboard] Getting unified auth state with JWT requirement { traceId: 'test-trace-id' }

      at log (src/app/dashboard/page.tsx:415:17)

    console.log
      [Dashboard] Auth state received {
        isAuthenticated: false,
        hasJWT: false,
        hasSession: true,
        authMethod: 'none',
        inFallbackMode: false,
        reason: 'JWT required for this route',
        traceId: 'test-trace-id'
      }

      at log (src/app/dashboard/page.tsx:417:17)

    console.log
      [Dashboard] Redirecting to login (not authenticated) {
        traceId: 'test-trace-id',
        reason: 'JWT required for this route',
        hasJWT: false,
        hasSession: true,
        redirectUrl: '/login?returnUrl=/dashboard'
      }

      at log (src/app/dashboard/page.tsx:443:23)

    console.log
      [Dashboard] Redirect initiated successfully {
        traceId: 'test-trace-id',
        redirectUrl: '/login?returnUrl=/dashboard'
      }

      at log (src/app/dashboard/page.tsx:454:25)

    console.log
      [Dashboard] Component unmounting { traceId: 'test-trace-id' }

      at log (src/app/dashboard/page.tsx:577:15)
          at Array.forEach (<anonymous>)

    console.log
      [Dashboard] Starting authentication check { traceId: 'test-trace-id' }

      at log (src/app/dashboard/page.tsx:353:13)

    console.log
      [Dashboard] Logout state check result { logoutInProgress: false, traceId: 'test-trace-id' }

      at log (src/app/dashboard/page.tsx:387:19)

    console.log
      [Dashboard] Getting unified auth state with JWT requirement { traceId: 'test-trace-id' }

      at log (src/app/dashboard/page.tsx:415:17)

    console.log
      [Dashboard] Auth state received {
        isAuthenticated: false,
        hasJWT: false,
        hasSession: true,
        authMethod: 'session',
        inFallbackMode: true,
        reason: 'JWT required but only session available',
        traceId: 'test-trace-id'
      }

      at log (src/app/dashboard/page.tsx:417:17)

    console.log
      [Dashboard] Redirecting to login (not authenticated) {
        traceId: 'test-trace-id',
        reason: 'JWT required but only session available',
        hasJWT: false,
        hasSession: true,
        redirectUrl: '/login?returnUrl=/dashboard'
      }

      at log (src/app/dashboard/page.tsx:443:23)

    console.log
      [Dashboard] Redirect initiated successfully {
        traceId: 'test-trace-id',
        redirectUrl: '/login?returnUrl=/dashboard'
      }

      at log (src/app/dashboard/page.tsx:454:25)

    console.log
      [Dashboard] Component unmounting { traceId: 'test-trace-id' }

      at log (src/app/dashboard/page.tsx:577:15)
          at Array.forEach (<anonymous>)

    console.log
      [Dashboard] Starting authentication check { traceId: 'test-trace-id' }

      at log (src/app/dashboard/page.tsx:353:13)

    console.log
      [Dashboard] Logout state check result { logoutInProgress: false, traceId: 'test-trace-id' }

      at log (src/app/dashboard/page.tsx:387:19)

    console.log
      [Dashboard] Getting unified auth state with JWT requirement { traceId: 'test-trace-id' }

      at log (src/app/dashboard/page.tsx:415:17)

    console.log
      [Dashboard] Auth state received {
        isAuthenticated: false,
        hasJWT: false,
        hasSession: false,
        authMethod: 'none',
        inFallbackMode: false,
        reason: undefined,
        traceId: 'test-trace-id'
      }

      at log (src/app/dashboard/page.tsx:417:17)

    console.log
      [Dashboard] Redirecting to login (not authenticated) {
        traceId: 'test-trace-id',
        reason: undefined,
        hasJWT: false,
        hasSession: false,
        redirectUrl: '/login?returnUrl=/dashboard'
      }

      at log (src/app/dashboard/page.tsx:443:23)

    console.error
      [Dashboard] router.push failed, using fallback {
        error: 'Navigation failed',
        timestamp: '2026-02-08T19:37:51.579Z',
        fallback: 'window.location.href',
        traceId: 'test-trace-id',
        redirectUrl: '/login?returnUrl=/dashboard'
      }

      454 |                 console.log('[Dashboard] Redirect initiated successfully', { traceId, redirectUrl });
      455 |               } catch (navError) {
    > 456 |                 console.error('[Dashboard] router.push failed, using fallback', {
          |                         ^
      457 |                   error: navError instanceof Error ? navError.message : String(navError),
      458 |                   timestamp: new Date().toISOString(),
      459 |                   fallback: 'window.location.href',

      at error (src/app/dashboard/page.tsx:456:25)

    console.error
      Error: Not implemented: navigation (except hash changes)
          at module.exports (/Users/ryan/Library/Mobile Documents/com~apple~CloudDocs/Documents/VSCode/Tax-App-Frontend/node_modules/jsdom/lib/jsdom/browser/not-implemented.js:9:17)
          at navigateFetch (/Users/ryan/Library/Mobile Documents/com~apple~CloudDocs/Documents/VSCode/Tax-App-Frontend/node_modules/jsdom/lib/jsdom/living/window/navigation.js:77:3)
          at exports.navigate (/Users/ryan/Library/Mobile Documents/com~apple~CloudDocs/Documents/VSCode/Tax-App-Frontend/node_modules/jsdom/lib/jsdom/living/window/navigation.js:55:3)
          at LocationImpl._locationObjectNavigate (/Users/ryan/Library/Mobile Documents/com~apple~CloudDocs/Documents/VSCode/Tax-App-Frontend/node_modules/jsdom/lib/jsdom/living/window/Location-impl.js:30:5)
          at LocationImpl._locationObjectSetterNavigate (/Users/ryan/Library/Mobile Documents/com~apple~CloudDocs/Documents/VSCode/Tax-App-Frontend/node_modules/jsdom/lib/jsdom/living/window/Location-impl.js:24:17)
          at LocationImpl.set href [as href] (/Users/ryan/Library/Mobile Documents/com~apple~CloudDocs/Documents/VSCode/Tax-App-Frontend/node_modules/jsdom/lib/jsdom/living/window/Location-impl.js:46:10)
          at Location.set href [as href] (/Users/ryan/Library/Mobile Documents/com~apple~CloudDocs/Documents/VSCode/Tax-App-Frontend/node_modules/jsdom/lib/jsdom/living/generated/Location.js:125:37)
          at checkAuth (/Users/ryan/Library/Mobile Documents/com~apple~CloudDocs/Documents/VSCode/Tax-App-Frontend/src/app/dashboard/page.tsx:465:39) {
        type: 'not implemented'
      }

      463 |                 if (typeof window !== 'undefined') {
      464 |                   if (timeoutId) clearTimeout(timeoutId);
    > 465 |                   window.location.href = redirectUrl;
          |                                       ^
      466 |                   console.log('[Dashboard] Fallback redirect initiated successfully', { traceId, redirectUrl });
      467 |                 }
      468 |               }

      at VirtualConsole.<anonymous> (node_modules/@jest/environment-jsdom-abstract/build/index.js:87:23)
      at module.exports (node_modules/jsdom/lib/jsdom/browser/not-implemented.js:12:26)
      at navigateFetch (node_modules/jsdom/lib/jsdom/living/window/navigation.js:77:3)
      at exports.navigate (node_modules/jsdom/lib/jsdom/living/window/navigation.js:55:3)
      at LocationImpl._locationObjectNavigate (node_modules/jsdom/lib/jsdom/living/window/Location-impl.js:30:5)
      at LocationImpl._locationObjectSetterNavigate (node_modules/jsdom/lib/jsdom/living/window/Location-impl.js:24:17)
      at LocationImpl.set href [as href] (node_modules/jsdom/lib/jsdom/living/window/Location-impl.js:46:10)
      at Location.set href [as href] (node_modules/jsdom/lib/jsdom/living/generated/Location.js:125:37)
      at checkAuth (src/app/dashboard/page.tsx:465:39)

    console.log
      [Dashboard] Fallback redirect initiated successfully {
        traceId: 'test-trace-id',
        redirectUrl: '/login?returnUrl=/dashboard'
      }

      at log (src/app/dashboard/page.tsx:466:27)

    console.log
      [Dashboard] Component unmounting { traceId: 'test-trace-id' }

      at log (src/app/dashboard/page.tsx:577:15)
          at Array.forEach (<anonymous>)

    console.log
      [Dashboard] Starting authentication check { traceId: 'test-trace-id' }

      at log (src/app/dashboard/page.tsx:353:13)

    console.log
      [Dashboard] Logout state check result { logoutInProgress: false, traceId: 'test-trace-id' }

      at log (src/app/dashboard/page.tsx:387:19)

    console.log
      [Dashboard] Getting unified auth state with JWT requirement { traceId: 'test-trace-id' }

      at log (src/app/dashboard/page.tsx:415:17)

    console.error
      [Dashboard] Authentication check failed {
        error: 'Auth check failed',
        timestamp: '2026-02-08T19:37:51.583Z',
        context: 'checkAuth function',
        traceId: 'test-trace-id'
      }

      492 |         authCheckInProgressRef.current = false;
      493 |       } catch (error) {
    > 494 |         console.error('[Dashboard] Authentication check failed', {
          |                 ^
      495 |           error: error instanceof Error ? error.message : String(error),
      496 |           timestamp: new Date().toISOString(),
      497 |           context: 'checkAuth function',

      at error (src/app/dashboard/page.tsx:494:17)

    console.log
      [Dashboard] Redirecting to login (error recovery) {
        traceId: 'test-trace-id',
        redirectUrl: '/login?returnUrl=/dashboard'
      }

      at log (src/app/dashboard/page.tsx:524:23)

    console.error
      [Dashboard] Error recovery navigation failed, using fallback {
        error: 'Navigation failed',
        timestamp: '2026-02-08T19:37:51.583Z',
        fallback: 'window.location.href',
        traceId: 'test-trace-id',
        redirectUrl: '/login?returnUrl=/dashboard'
      }

      527 |               console.log('[Dashboard] Error recovery redirect initiated successfully', { traceId, redirectUrl });
      528 |             } catch (navError) {
    > 529 |               console.error('[Dashboard] Error recovery navigation failed, using fallback', {
          |                       ^
      530 |                 error: navError instanceof Error ? navError.message : String(navError),
      531 |                 timestamp: new Date().toISOString(),
      532 |                 fallback: 'window.location.href',

      at error (src/app/dashboard/page.tsx:529:23)

    console.error
      Error: Not implemented: navigation (except hash changes)
          at module.exports (/Users/ryan/Library/Mobile Documents/com~apple~CloudDocs/Documents/VSCode/Tax-App-Frontend/node_modules/jsdom/lib/jsdom/browser/not-implemented.js:9:17)
          at navigateFetch (/Users/ryan/Library/Mobile Documents/com~apple~CloudDocs/Documents/VSCode/Tax-App-Frontend/node_modules/jsdom/lib/jsdom/living/window/navigation.js:77:3)
          at exports.navigate (/Users/ryan/Library/Mobile Documents/com~apple~CloudDocs/Documents/VSCode/Tax-App-Frontend/node_modules/jsdom/lib/jsdom/living/window/navigation.js:55:3)
          at LocationImpl._locationObjectNavigate (/Users/ryan/Library/Mobile Documents/com~apple~CloudDocs/Documents/VSCode/Tax-App-Frontend/node_modules/jsdom/lib/jsdom/living/window/Location-impl.js:30:5)
          at LocationImpl._locationObjectSetterNavigate (/Users/ryan/Library/Mobile Documents/com~apple~CloudDocs/Documents/VSCode/Tax-App-Frontend/node_modules/jsdom/lib/jsdom/living/window/Location-impl.js:24:17)
          at LocationImpl.set href [as href] (/Users/ryan/Library/Mobile Documents/com~apple~CloudDocs/Documents/VSCode/Tax-App-Frontend/node_modules/jsdom/lib/jsdom/living/window/Location-impl.js:46:10)
          at Location.set href [as href] (/Users/ryan/Library/Mobile Documents/com~apple~CloudDocs/Documents/VSCode/Tax-App-Frontend/node_modules/jsdom/lib/jsdom/living/generated/Location.js:125:37)
          at checkAuth (/Users/ryan/Library/Mobile Documents/com~apple~CloudDocs/Documents/VSCode/Tax-App-Frontend/src/app/dashboard/page.tsx:538:37) {
        type: 'not implemented'
      }

      536 |               if (typeof window !== 'undefined') {
      537 |                 if (timeoutId) clearTimeout(timeoutId);
    > 538 |                 window.location.href = redirectUrl;
          |                                     ^
      539 |                 console.log('[Dashboard] Fallback error recovery redirect initiated successfully', { traceId, redirectUrl });
      540 |               }
      541 |             }

      at VirtualConsole.<anonymous> (node_modules/@jest/environment-jsdom-abstract/build/index.js:87:23)
      at module.exports (node_modules/jsdom/lib/jsdom/browser/not-implemented.js:12:26)
      at navigateFetch (node_modules/jsdom/lib/jsdom/living/window/navigation.js:77:3)
      at exports.navigate (node_modules/jsdom/lib/jsdom/living/window/navigation.js:55:3)
      at LocationImpl._locationObjectNavigate (node_modules/jsdom/lib/jsdom/living/window/Location-impl.js:30:5)
      at LocationImpl._locationObjectSetterNavigate (node_modules/jsdom/lib/jsdom/living/window/Location-impl.js:24:17)
      at LocationImpl.set href [as href] (node_modules/jsdom/lib/jsdom/living/window/Location-impl.js:46:10)
      at Location.set href [as href] (node_modules/jsdom/lib/jsdom/living/generated/Location.js:125:37)
      at checkAuth (src/app/dashboard/page.tsx:538:37)

    console.log
      [Dashboard] Fallback error recovery redirect initiated successfully {
        traceId: 'test-trace-id',
        redirectUrl: '/login?returnUrl=/dashboard'
      }

      at log (src/app/dashboard/page.tsx:539:25)

    console.log
      [Dashboard] Component unmounting { traceId: 'test-trace-id' }

      at log (src/app/dashboard/page.tsx:577:15)
          at Array.forEach (<anonymous>)

    console.log
      [Dashboard] Starting authentication check { traceId: 'test-trace-id' }

      at log (src/app/dashboard/page.tsx:353:13)

    console.log
      [Dashboard] Logout state check result { logoutInProgress: true, traceId: 'test-trace-id' }

      at log (src/app/dashboard/page.tsx:387:19)

    console.warn
      [Dashboard] Authentication check timeout, forcing redirect { traceId: 'test-trace-id' }

      355 |     // Set timeout protection
      356 |     timeoutId = setTimeout(() => {
    > 357 |       console.warn('[Dashboard] Authentication check timeout, forcing redirect', { traceId });
          |               ^
      358 |       if (typeof window !== 'undefined' && !redirectInitiatedRef.current) {
      359 |         redirectInitiatedRef.current = true;
      360 |         

      at warn (src/app/dashboard/page.tsx:357:15)
      at callTimer (node_modules/@sinonjs/fake-timers/src/fake-timers-src.js:806:24)
      at doTickInner (node_modules/@sinonjs/fake-timers/src/fake-timers-src.js:1413:29)
      at doTick (node_modules/@sinonjs/fake-timers/src/fake-timers-src.js:1494:20)
      at Object.tick (node_modules/@sinonjs/fake-timers/src/fake-timers-src.js:1502:20)
      at Object.runToLast (node_modules/@sinonjs/fake-timers/src/fake-timers-src.js:1661:26)
      at FakeTimers.runOnlyPendingTimers (node_modules/@jest/fake-timers/build/index.js:542:19)
      at Object.runOnlyPendingTimers (src/app/dashboard/redirect-before-render.test.tsx:58:10)

    console.log
      [Dashboard] Timeout redirect URL {
        redirectUrl: '/login?returnUrl=/dashboard',
        traceId: 'test-trace-id'
      }

      at log (src/app/dashboard/page.tsx:368:17)

    console.error
      Error: Not implemented: navigation (except hash changes)
          at module.exports (/Users/ryan/Library/Mobile Documents/com~apple~CloudDocs/Documents/VSCode/Tax-App-Frontend/node_modules/jsdom/lib/jsdom/browser/not-implemented.js:9:17)
          at navigateFetch (/Users/ryan/Library/Mobile Documents/com~apple~CloudDocs/Documents/VSCode/Tax-App-Frontend/node_modules/jsdom/lib/jsdom/living/window/navigation.js:77:3)
          at exports.navigate (/Users/ryan/Library/Mobile Documents/com~apple~CloudDocs/Documents/VSCode/Tax-App-Frontend/node_modules/jsdom/lib/jsdom/living/window/navigation.js:55:3)
          at LocationImpl._locationObjectNavigate (/Users/ryan/Library/Mobile Documents/com~apple~CloudDocs/Documents/VSCode/Tax-App-Frontend/node_modules/jsdom/lib/jsdom/living/window/Location-impl.js:30:5)
          at LocationImpl._locationObjectSetterNavigate (/Users/ryan/Library/Mobile Documents/com~apple~CloudDocs/Documents/VSCode/Tax-App-Frontend/node_modules/jsdom/lib/jsdom/living/window/Location-impl.js:24:17)
          at LocationImpl.set href [as href] (/Users/ryan/Library/Mobile Documents/com~apple~CloudDocs/Documents/VSCode/Tax-App-Frontend/node_modules/jsdom/lib/jsdom/living/window/Location-impl.js:46:10)
          at Location.set href [as href] (/Users/ryan/Library/Mobile Documents/com~apple~CloudDocs/Documents/VSCode/Tax-App-Frontend/node_modules/jsdom/lib/jsdom/living/generated/Location.js:125:37)
          at /Users/ryan/Library/Mobile Documents/com~apple~CloudDocs/Documents/VSCode/Tax-App-Frontend/src/app/dashboard/page.tsx:369:29
          at callTimer (/Users/ryan/Library/Mobile Documents/com~apple~CloudDocs/Documents/VSCode/Tax-App-Frontend/node_modules/@sinonjs/fake-timers/src/fake-timers-src.js:806:24)
          at doTickInner (/Users/ryan/Library/Mobile Documents/com~apple~CloudDocs/Documents/VSCode/Tax-App-Frontend/node_modules/@sinonjs/fake-timers/src/fake-timers-src.js:1413:29)
          at doTick (/Users/ryan/Library/Mobile Documents/com~apple~CloudDocs/Documents/VSCode/Tax-App-Frontend/node_modules/@sinonjs/fake-timers/src/fake-timers-src.js:1494:20)
          at Object.tick (/Users/ryan/Library/Mobile Documents/com~apple~CloudDocs/Documents/VSCode/Tax-App-Frontend/node_modules/@sinonjs/fake-timers/src/fake-timers-src.js:1502:20)
          at Object.runToLast (/Users/ryan/Library/Mobile Documents/com~apple~CloudDocs/Documents/VSCode/Tax-App-Frontend/node_modules/@sinonjs/fake-timers/src/fake-timers-src.js:1661:26)
          at FakeTimers.runOnlyPendingTimers (/Users/ryan/Library/Mobile Documents/com~apple~CloudDocs/Documents/VSCode/Tax-App-Frontend/node_modules/@jest/fake-timers/build/index.js:542:19)
          at Object.runOnlyPendingTimers (/Users/ryan/Library/Mobile Documents/com~apple~CloudDocs/Documents/VSCode/Tax-App-Frontend/node_modules/jest-runtime/build/index.js:1804:52)
          at Object.runOnlyPendingTimers (/Users/ryan/Library/Mobile Documents/com~apple~CloudDocs/Documents/VSCode/Tax-App-Frontend/src/app/dashboard/redirect-before-render.test.tsx:58:10)
          at Promise.finally.completed (/Users/ryan/Library/Mobile Documents/com~apple~CloudDocs/Documents/VSCode/Tax-App-Frontend/node_modules/jest-circus/build/jestAdapterInit.js:1557:28)
          at new Promise (<anonymous>)
          at callAsyncCircusFn (/Users/ryan/Library/Mobile Documents/com~apple~CloudDocs/Documents/VSCode/Tax-App-Frontend/node_modules/jest-circus/build/jestAdapterInit.js:1497:10)
          at _callCircusHook (/Users/ryan/Library/Mobile Documents/com~apple~CloudDocs/Documents/VSCode/Tax-App-Frontend/node_modules/jest-circus/build/jestAdapterInit.js:976:40)
          at _runTest (/Users/ryan/Library/Mobile Documents/com~apple~CloudDocs/Documents/VSCode/Tax-App-Frontend/node_modules/jest-circus/build/jestAdapterInit.js:949:5)
          at /Users/ryan/Library/Mobile Documents/com~apple~CloudDocs/Documents/VSCode/Tax-App-Frontend/node_modules/jest-circus/build/jestAdapterInit.js:849:7
          at _runTestsForDescribeBlock (/Users/ryan/Library/Mobile Documents/com~apple~CloudDocs/Documents/VSCode/Tax-App-Frontend/node_modules/jest-circus/build/jestAdapterInit.js:862:11)
          at _runTestsForDescribeBlock (/Users/ryan/Library/Mobile Documents/com~apple~CloudDocs/Documents/VSCode/Tax-App-Frontend/node_modules/jest-circus/build/jestAdapterInit.js:857:11)
          at _runTestsForDescribeBlock (/Users/ryan/Library/Mobile Documents/com~apple~CloudDocs/Documents/VSCode/Tax-App-Frontend/node_modules/jest-circus/build/jestAdapterInit.js:857:11)
          at run (/Users/ryan/Library/Mobile Documents/com~apple~CloudDocs/Documents/VSCode/Tax-App-Frontend/node_modules/jest-circus/build/jestAdapterInit.js:761:3)
          at runAndTransformResultsToJestFormat (/Users/ryan/Library/Mobile Documents/com~apple~CloudDocs/Documents/VSCode/Tax-App-Frontend/node_modules/jest-circus/build/jestAdapterInit.js:1918:21)
          at jestAdapter (/Users/ryan/Library/Mobile Documents/com~apple~CloudDocs/Documents/VSCode/Tax-App-Frontend/node_modules/jest-circus/build/runner.js:101:19)
          at runTestInternal (/Users/ryan/Library/Mobile Documents/com~apple~CloudDocs/Documents/VSCode/Tax-App-Frontend/node_modules/jest-runner/build/testWorker.js:275:16)
          at runTest (/Users/ryan/Library/Mobile Documents/com~apple~CloudDocs/Documents/VSCode/Tax-App-Frontend/node_modules/jest-runner/build/testWorker.js:343:7)
          at Object.worker (/Users/ryan/Library/Mobile Documents/com~apple~CloudDocs/Documents/VSCode/Tax-App-Frontend/node_modules/jest-runner/build/testWorker.js:497:12) {
        type: 'not implemented'
      }

      367 |         
      368 |         console.log('[Dashboard] Timeout redirect URL', { redirectUrl, traceId });
    > 369 |         window.location.href = redirectUrl;
          |                             ^
      370 |       }
      371 |     }, 2000);
      372 |

      at VirtualConsole.<anonymous> (node_modules/@jest/environment-jsdom-abstract/build/index.js:87:23)
      at module.exports (node_modules/jsdom/lib/jsdom/browser/not-implemented.js:12:26)
      at navigateFetch (node_modules/jsdom/lib/jsdom/living/window/navigation.js:77:3)
      at exports.navigate (node_modules/jsdom/lib/jsdom/living/window/navigation.js:55:3)
      at LocationImpl._locationObjectNavigate (node_modules/jsdom/lib/jsdom/living/window/Location-impl.js:30:5)
      at LocationImpl._locationObjectSetterNavigate (node_modules/jsdom/lib/jsdom/living/window/Location-impl.js:24:17)
      at LocationImpl.set href [as href] (node_modules/jsdom/lib/jsdom/living/window/Location-impl.js:46:10)
      at Location.set href [as href] (node_modules/jsdom/lib/jsdom/living/generated/Location.js:125:37)
      at src/app/dashboard/page.tsx:369:29
      at callTimer (node_modules/@sinonjs/fake-timers/src/fake-timers-src.js:806:24)
      at doTickInner (node_modules/@sinonjs/fake-timers/src/fake-timers-src.js:1413:29)
      at doTick (node_modules/@sinonjs/fake-timers/src/fake-timers-src.js:1494:20)
      at Object.tick (node_modules/@sinonjs/fake-timers/src/fake-timers-src.js:1502:20)
      at Object.runToLast (node_modules/@sinonjs/fake-timers/src/fake-timers-src.js:1661:26)
      at FakeTimers.runOnlyPendingTimers (node_modules/@jest/fake-timers/build/index.js:542:19)
      at Object.runOnlyPendingTimers (src/app/dashboard/redirect-before-render.test.tsx:58:10)

    console.log
      [Dashboard] Component unmounting { traceId: 'test-trace-id' }

      at log (src/app/dashboard/page.tsx:577:15)
          at Array.forEach (<anonymous>)

    console.log
      [Dashboard] Starting authentication check { traceId: 'test-trace-id' }

      at log (src/app/dashboard/page.tsx:353:13)

    console.log
      [Dashboard] Logout state check result { logoutInProgress: true, traceId: 'test-trace-id' }

      at log (src/app/dashboard/page.tsx:387:19)

    console.warn
      [Dashboard] Authentication check timeout, forcing redirect { traceId: 'test-trace-id' }

      355 |     // Set timeout protection
      356 |     timeoutId = setTimeout(() => {
    > 357 |       console.warn('[Dashboard] Authentication check timeout, forcing redirect', { traceId });
          |               ^
      358 |       if (typeof window !== 'undefined' && !redirectInitiatedRef.current) {
      359 |         redirectInitiatedRef.current = true;
      360 |         

      at warn (src/app/dashboard/page.tsx:357:15)
      at callTimer (node_modules/@sinonjs/fake-timers/src/fake-timers-src.js:806:24)
      at doTickInner (node_modules/@sinonjs/fake-timers/src/fake-timers-src.js:1413:29)
      at doTick (node_modules/@sinonjs/fake-timers/src/fake-timers-src.js:1494:20)
      at Object.tick (node_modules/@sinonjs/fake-timers/src/fake-timers-src.js:1502:20)
      at Object.runToLast (node_modules/@sinonjs/fake-timers/src/fake-timers-src.js:1661:26)
      at FakeTimers.runOnlyPendingTimers (node_modules/@jest/fake-timers/build/index.js:542:19)
      at Object.runOnlyPendingTimers (src/app/dashboard/redirect-before-render.test.tsx:58:10)

    console.log
      [Dashboard] Timeout redirect URL {
        redirectUrl: '/login?returnUrl=/dashboard',
        traceId: 'test-trace-id'
      }

      at log (src/app/dashboard/page.tsx:368:17)

    console.error
      Error: Not implemented: navigation (except hash changes)
          at module.exports (/Users/ryan/Library/Mobile Documents/com~apple~CloudDocs/Documents/VSCode/Tax-App-Frontend/node_modules/jsdom/lib/jsdom/browser/not-implemented.js:9:17)
          at navigateFetch (/Users/ryan/Library/Mobile Documents/com~apple~CloudDocs/Documents/VSCode/Tax-App-Frontend/node_modules/jsdom/lib/jsdom/living/window/navigation.js:77:3)
          at exports.navigate (/Users/ryan/Library/Mobile Documents/com~apple~CloudDocs/Documents/VSCode/Tax-App-Frontend/node_modules/jsdom/lib/jsdom/living/window/navigation.js:55:3)
          at LocationImpl._locationObjectNavigate (/Users/ryan/Library/Mobile Documents/com~apple~CloudDocs/Documents/VSCode/Tax-App-Frontend/node_modules/jsdom/lib/jsdom/living/window/Location-impl.js:30:5)
          at LocationImpl._locationObjectSetterNavigate (/Users/ryan/Library/Mobile Documents/com~apple~CloudDocs/Documents/VSCode/Tax-App-Frontend/node_modules/jsdom/lib/jsdom/living/window/Location-impl.js:24:17)
          at LocationImpl.set href [as href] (/Users/ryan/Library/Mobile Documents/com~apple~CloudDocs/Documents/VSCode/Tax-App-Frontend/node_modules/jsdom/lib/jsdom/living/window/Location-impl.js:46:10)
          at Location.set href [as href] (/Users/ryan/Library/Mobile Documents/com~apple~CloudDocs/Documents/VSCode/Tax-App-Frontend/node_modules/jsdom/lib/jsdom/living/generated/Location.js:125:37)
          at /Users/ryan/Library/Mobile Documents/com~apple~CloudDocs/Documents/VSCode/Tax-App-Frontend/src/app/dashboard/page.tsx:369:29
          at callTimer (/Users/ryan/Library/Mobile Documents/com~apple~CloudDocs/Documents/VSCode/Tax-App-Frontend/node_modules/@sinonjs/fake-timers/src/fake-timers-src.js:806:24)
          at doTickInner (/Users/ryan/Library/Mobile Documents/com~apple~CloudDocs/Documents/VSCode/Tax-App-Frontend/node_modules/@sinonjs/fake-timers/src/fake-timers-src.js:1413:29)
          at doTick (/Users/ryan/Library/Mobile Documents/com~apple~CloudDocs/Documents/VSCode/Tax-App-Frontend/node_modules/@sinonjs/fake-timers/src/fake-timers-src.js:1494:20)
          at Object.tick (/Users/ryan/Library/Mobile Documents/com~apple~CloudDocs/Documents/VSCode/Tax-App-Frontend/node_modules/@sinonjs/fake-timers/src/fake-timers-src.js:1502:20)
          at Object.runToLast (/Users/ryan/Library/Mobile Documents/com~apple~CloudDocs/Documents/VSCode/Tax-App-Frontend/node_modules/@sinonjs/fake-timers/src/fake-timers-src.js:1661:26)
          at FakeTimers.runOnlyPendingTimers (/Users/ryan/Library/Mobile Documents/com~apple~CloudDocs/Documents/VSCode/Tax-App-Frontend/node_modules/@jest/fake-timers/build/index.js:542:19)
          at Object.runOnlyPendingTimers (/Users/ryan/Library/Mobile Documents/com~apple~CloudDocs/Documents/VSCode/Tax-App-Frontend/node_modules/jest-runtime/build/index.js:1804:52)
          at Object.runOnlyPendingTimers (/Users/ryan/Library/Mobile Documents/com~apple~CloudDocs/Documents/VSCode/Tax-App-Frontend/src/app/dashboard/redirect-before-render.test.tsx:58:10)
          at Promise.finally.completed (/Users/ryan/Library/Mobile Documents/com~apple~CloudDocs/Documents/VSCode/Tax-App-Frontend/node_modules/jest-circus/build/jestAdapterInit.js:1557:28)
          at new Promise (<anonymous>)
          at callAsyncCircusFn (/Users/ryan/Library/Mobile Documents/com~apple~CloudDocs/Documents/VSCode/Tax-App-Frontend/node_modules/jest-circus/build/jestAdapterInit.js:1497:10)
          at _callCircusHook (/Users/ryan/Library/Mobile Documents/com~apple~CloudDocs/Documents/VSCode/Tax-App-Frontend/node_modules/jest-circus/build/jestAdapterInit.js:976:40)
          at _runTest (/Users/ryan/Library/Mobile Documents/com~apple~CloudDocs/Documents/VSCode/Tax-App-Frontend/node_modules/jest-circus/build/jestAdapterInit.js:949:5)
          at /Users/ryan/Library/Mobile Documents/com~apple~CloudDocs/Documents/VSCode/Tax-App-Frontend/node_modules/jest-circus/build/jestAdapterInit.js:849:7
          at _runTestsForDescribeBlock (/Users/ryan/Library/Mobile Documents/com~apple~CloudDocs/Documents/VSCode/Tax-App-Frontend/node_modules/jest-circus/build/jestAdapterInit.js:862:11)
          at _runTestsForDescribeBlock (/Users/ryan/Library/Mobile Documents/com~apple~CloudDocs/Documents/VSCode/Tax-App-Frontend/node_modules/jest-circus/build/jestAdapterInit.js:857:11)
          at _runTestsForDescribeBlock (/Users/ryan/Library/Mobile Documents/com~apple~CloudDocs/Documents/VSCode/Tax-App-Frontend/node_modules/jest-circus/build/jestAdapterInit.js:857:11)
          at run (/Users/ryan/Library/Mobile Documents/com~apple~CloudDocs/Documents/VSCode/Tax-App-Frontend/node_modules/jest-circus/build/jestAdapterInit.js:761:3)
          at runAndTransformResultsToJestFormat (/Users/ryan/Library/Mobile Documents/com~apple~CloudDocs/Documents/VSCode/Tax-App-Frontend/node_modules/jest-circus/build/jestAdapterInit.js:1918:21)
          at jestAdapter (/Users/ryan/Library/Mobile Documents/com~apple~CloudDocs/Documents/VSCode/Tax-App-Frontend/node_modules/jest-circus/build/runner.js:101:19)
          at runTestInternal (/Users/ryan/Library/Mobile Documents/com~apple~CloudDocs/Documents/VSCode/Tax-App-Frontend/node_modules/jest-runner/build/testWorker.js:275:16)
          at runTest (/Users/ryan/Library/Mobile Documents/com~apple~CloudDocs/Documents/VSCode/Tax-App-Frontend/node_modules/jest-runner/build/testWorker.js:343:7)
          at Object.worker (/Users/ryan/Library/Mobile Documents/com~apple~CloudDocs/Documents/VSCode/Tax-App-Frontend/node_modules/jest-runner/build/testWorker.js:497:12) {
        type: 'not implemented'
      }

      367 |         
      368 |         console.log('[Dashboard] Timeout redirect URL', { redirectUrl, traceId });
    > 369 |         window.location.href = redirectUrl;
          |                             ^
      370 |       }
      371 |     }, 2000);
      372 |

      at VirtualConsole.<anonymous> (node_modules/@jest/environment-jsdom-abstract/build/index.js:87:23)
      at module.exports (node_modules/jsdom/lib/jsdom/browser/not-implemented.js:12:26)
      at navigateFetch (node_modules/jsdom/lib/jsdom/living/window/navigation.js:77:3)
      at exports.navigate (node_modules/jsdom/lib/jsdom/living/window/navigation.js:55:3)
      at LocationImpl._locationObjectNavigate (node_modules/jsdom/lib/jsdom/living/window/Location-impl.js:30:5)
      at LocationImpl._locationObjectSetterNavigate (node_modules/jsdom/lib/jsdom/living/window/Location-impl.js:24:17)
      at LocationImpl.set href [as href] (node_modules/jsdom/lib/jsdom/living/window/Location-impl.js:46:10)
      at Location.set href [as href] (node_modules/jsdom/lib/jsdom/living/generated/Location.js:125:37)
      at src/app/dashboard/page.tsx:369:29
      at callTimer (node_modules/@sinonjs/fake-timers/src/fake-timers-src.js:806:24)
      at doTickInner (node_modules/@sinonjs/fake-timers/src/fake-timers-src.js:1413:29)
      at doTick (node_modules/@sinonjs/fake-timers/src/fake-timers-src.js:1494:20)
      at Object.tick (node_modules/@sinonjs/fake-timers/src/fake-timers-src.js:1502:20)
      at Object.runToLast (node_modules/@sinonjs/fake-timers/src/fake-timers-src.js:1661:26)
      at FakeTimers.runOnlyPendingTimers (node_modules/@jest/fake-timers/build/index.js:542:19)
      at Object.runOnlyPendingTimers (src/app/dashboard/redirect-before-render.test.tsx:58:10)

    console.log
      [Dashboard] Component unmounting { traceId: 'test-trace-id' }

      at log (src/app/dashboard/page.tsx:577:15)
          at Array.forEach (<anonymous>)

  ● Dashboard Redirect Before Content Render - Task 3.2 › Loading State Visibility During Redirect - Requirement 4.2 › should keep loading state visible during redirect

    expect(jest.fn()).toHaveBeenCalledWith(...expected)

    Expected: "/login"
    Received: "/login?returnUrl=/dashboard"

    Number of calls: 1

    Ignored nodes: comments, script, style
    [36m<html>[39m
      [36m<head />[39m
      [36m<body>[39m
        [36m<div>[39m
          [36m<div[39m
            [33mclass[39m=[32m"min-h-screen flex items-center justify-center bg-white"[39m
          [36m>[39m
            [36m<div[39m
              [33mclass[39m=[32m"text-gray-600"[39m
            [36m>[39m
              [0mLoading...[0m
            [36m</div>[39m
          [36m</div>[39m
        [36m</div>[39m
      [36m</body>[39m
    [36m</html>[39m

      90 |       // After auth check, redirect should be initiated
      91 |       await waitFor(() => {
    > 92 |         expect(mockPush).toHaveBeenCalledWith('/login');
         |                          ^
      93 |       });
      94 |
      95 |       // Loading state should STILL be visible (not cleared during redirect)

      at toHaveBeenCalledWith (src/app/dashboard/redirect-before-render.test.tsx:92:26)
      at runWithExpensiveErrorDiagnosticsDisabled (node_modules/@testing-library/dom/dist/config.js:47:12)
      at checkCallback (node_modules/@testing-library/dom/dist/wait-for.js:124:77)
      at node_modules/@testing-library/dom/dist/wait-for.js:82:9

  ● Dashboard Redirect Before Content Render - Task 3.2 › No Dashboard Content Before Redirect - Requirement 4.2 › should never render dashboard content when unauthenticated

    expect(jest.fn()).toHaveBeenCalledWith(...expected)

    Expected: "/login"
    Received: "/login?returnUrl=/dashboard"

    Number of calls: 1

    Ignored nodes: comments, script, style
    [36m<html>[39m
      [36m<head />[39m
      [36m<body>[39m
        [36m<div>[39m
          [36m<div[39m
            [33mclass[39m=[32m"min-h-screen flex items-center justify-center bg-white"[39m
          [36m>[39m
            [36m<div[39m
              [33mclass[39m=[32m"text-gray-600"[39m
            [36m>[39m
              [0mLoading...[0m
            [36m</div>[39m
          [36m</div>[39m
        [36m</div>[39m
      [36m</body>[39m
    [36m</html>[39m

      145 |       // Wait for auth check and redirect
      146 |       await waitFor(() => {
    > 147 |         expect(mockPush).toHaveBeenCalledWith('/login');
          |                          ^
      148 |       });
      149 |
      150 |       // Dashboard content should NEVER appear

      at toHaveBeenCalledWith (src/app/dashboard/redirect-before-render.test.tsx:147:26)
      at runWithExpensiveErrorDiagnosticsDisabled (node_modules/@testing-library/dom/dist/config.js:47:12)
      at checkCallback (node_modules/@testing-library/dom/dist/wait-for.js:124:77)
      at node_modules/@testing-library/dom/dist/wait-for.js:82:9

  ● Dashboard Redirect Before Content Render - Task 3.2 › Redirect Timing - Requirement 5.5 › should initiate redirect within 500ms of authentication failure

    expect(jest.fn()).toHaveBeenCalledWith(...expected)

    Expected: "/login"
    Received: "/login?returnUrl=/dashboard"

    Number of calls: 1

    Ignored nodes: comments, script, style
    [36m<html>[39m
      [36m<head />[39m
      [36m<body>[39m
        [36m<div>[39m
          [36m<div[39m
            [33mclass[39m=[32m"min-h-screen flex items-center justify-center bg-white"[39m
          [36m>[39m
            [36m<div[39m
              [33mclass[39m=[32m"text-gray-600"[39m
            [36m>[39m
              [0mLoading...[0m
            [36m</div>[39m
          [36m</div>[39m
        [36m</div>[39m
      [36m</body>[39m
    [36m</html>[39m

      235 |       // Wait for redirect
      236 |       await waitFor(() => {
    > 237 |         expect(mockPush).toHaveBeenCalledWith('/login');
          |                          ^
      238 |       });
      239 |
      240 |       const endTime = Date.now();

      at toHaveBeenCalledWith (src/app/dashboard/redirect-before-render.test.tsx:237:26)
      at runWithExpensiveErrorDiagnosticsDisabled (node_modules/@testing-library/dom/dist/config.js:47:12)
      at checkCallback (node_modules/@testing-library/dom/dist/wait-for.js:124:77)
      at node_modules/@testing-library/dom/dist/wait-for.js:82:9

  ● Dashboard Redirect Before Content Render - Task 3.2 › Redirect Timing - Requirement 5.5 › should redirect immediately when no JWT exists

    expect(jest.fn()).toHaveBeenCalledWith(...expected)

    Expected: "/login"
    Received: "/login?returnUrl=/dashboard"

    Number of calls: 1

    Ignored nodes: comments, script, style
    [36m<html>[39m
      [36m<head />[39m
      [36m<body>[39m
        [36m<div>[39m
          [36m<div[39m
            [33mclass[39m=[32m"min-h-screen flex items-center justify-center bg-white"[39m
          [36m>[39m
            [36m<div[39m
              [33mclass[39m=[32m"text-gray-600"[39m
            [36m>[39m
              [0mLoading...[0m
            [36m</div>[39m
          [36m</div>[39m
        [36m</div>[39m
      [36m</body>[39m
    [36m</html>[39m

      286 |       await waitFor(
      287 |         () => {
    > 288 |           expect(mockPush).toHaveBeenCalledWith('/login');
          |                            ^
      289 |         },
      290 |         { timeout: 100 }
      291 |       );

      at toHaveBeenCalledWith (src/app/dashboard/redirect-before-render.test.tsx:288:28)
      at runWithExpensiveErrorDiagnosticsDisabled (node_modules/@testing-library/dom/dist/config.js:47:12)
      at checkCallback (node_modules/@testing-library/dom/dist/wait-for.js:124:77)
      at node_modules/@testing-library/dom/dist/wait-for.js:82:9

  ● Dashboard Redirect Before Content Render - Task 3.2 › Session-Only Authentication Rejection - Requirement 4.2 › should redirect when only session exists (no JWT)

    expect(jest.fn()).toHaveBeenCalledWith(...expected)

    Expected: "/login"
    Received: "/login?returnUrl=/dashboard"

    Number of calls: 1

    Ignored nodes: comments, script, style
    [36m<html>[39m
      [36m<head />[39m
      [36m<body>[39m
        [36m<div>[39m
          [36m<div[39m
            [33mclass[39m=[32m"min-h-screen flex items-center justify-center bg-white"[39m
          [36m>[39m
            [36m<div[39m
              [33mclass[39m=[32m"text-gray-600"[39m
            [36m>[39m
              [0mLoading...[0m
            [36m</div>[39m
          [36m</div>[39m
        [36m</div>[39m
      [36m</body>[39m
    [36m</html>[39m

      381 |       // Should redirect even though session exists
      382 |       await waitFor(() => {
    > 383 |         expect(mockPush).toHaveBeenCalledWith('/login');
          |                          ^
      384 |       });
      385 |
      386 |       // Dashboard content should never render

      at toHaveBeenCalledWith (src/app/dashboard/redirect-before-render.test.tsx:383:26)
      at runWithExpensiveErrorDiagnosticsDisabled (node_modules/@testing-library/dom/dist/config.js:47:12)
      at checkCallback (node_modules/@testing-library/dom/dist/wait-for.js:124:77)
      at node_modules/@testing-library/dom/dist/wait-for.js:82:9

  ● Dashboard Redirect Before Content Render - Task 3.2 › Session-Only Authentication Rejection - Requirement 4.2 › should not render dashboard in fallback mode

    expect(jest.fn()).toHaveBeenCalledWith(...expected)

    Expected: "/login"
    Received: "/login?returnUrl=/dashboard"

    Number of calls: 1

    Ignored nodes: comments, script, style
    [36m<html>[39m
      [36m<head />[39m
      [36m<body>[39m
        [36m<div>[39m
          [36m<div[39m
            [33mclass[39m=[32m"min-h-screen flex items-center justify-center bg-white"[39m
          [36m>[39m
            [36m<div[39m
              [33mclass[39m=[32m"text-gray-600"[39m
            [36m>[39m
              [0mLoading...[0m
            [36m</div>[39m
          [36m</div>[39m
        [36m</div>[39m
      [36m</body>[39m
    [36m</html>[39m

      404 |       // Should redirect even in fallback mode
      405 |       await waitFor(() => {
    > 406 |         expect(mockPush).toHaveBeenCalledWith('/login');
          |                          ^
      407 |       });
      408 |
      409 |       // Dashboard content should never render

      at toHaveBeenCalledWith (src/app/dashboard/redirect-before-render.test.tsx:406:26)
      at runWithExpensiveErrorDiagnosticsDisabled (node_modules/@testing-library/dom/dist/config.js:47:12)
      at checkCallback (node_modules/@testing-library/dom/dist/wait-for.js:124:77)
      at node_modules/@testing-library/dom/dist/wait-for.js:82:9

  ● Dashboard Redirect Before Content Render - Task 3.2 › Error Handling During Redirect - Requirement 4.2 › should not render dashboard content on auth check error

    expect(jest.fn()).toHaveBeenCalledWith(...expected)

    Expected: "/login"
    Received: "/login?returnUrl=/dashboard"

    Number of calls: 1

    Ignored nodes: comments, script, style
    [36m<html>[39m
      [36m<head />[39m
      [36m<body>[39m
        [36m<div>[39m
          [36m<div[39m
            [33mclass[39m=[32m"min-h-screen flex items-center justify-center bg-white"[39m
          [36m>[39m
            [36m<div[39m
              [33mclass[39m=[32m"text-gray-600"[39m
            [36m>[39m
              [0mLoading...[0m
            [36m</div>[39m
          [36m</div>[39m
        [36m</div>[39m
      [36m</body>[39m
    [36m</html>[39m

      456 |       // Wait for error handling
      457 |       await waitFor(() => {
    > 458 |         expect(mockPush).toHaveBeenCalledWith('/login');
          |                          ^
      459 |       });
      460 |
      461 |       // Dashboard content should never render

      at toHaveBeenCalledWith (src/app/dashboard/redirect-before-render.test.tsx:458:26)
      at runWithExpensiveErrorDiagnosticsDisabled (node_modules/@testing-library/dom/dist/config.js:47:12)
      at checkCallback (node_modules/@testing-library/dom/dist/wait-for.js:124:77)
      at node_modules/@testing-library/dom/dist/wait-for.js:82:9

FAIL src/app/login/authentication-redirect.property.test.tsx (41.214 s)
  ● Console

    console.log
      [Button] Rendering with type: submit

      at log (src/components/ui/Button.tsx:25:13)

    console.log
      [Button] Props received: {
        variant: 'primary',
        size: 'lg',
        type: 'submit',
        loading: false,
        disabled: false
      }

      at log (src/components/ui/Button.tsx:26:13)

    console.log
      [Button] Has onClick in props: false

      at log (src/components/ui/Button.tsx:27:13)

    console.log
      [Button] All props: {}

      at log (src/components/ui/Button.tsx:28:13)

    console.log
      [Button] Rendering with type: submit

      at log (src/components/ui/Button.tsx:25:13)

    console.log
      [Button] Props received: {
        variant: 'primary',
        size: 'lg',
        type: 'submit',
        loading: false,
        disabled: false
      }

      at log (src/components/ui/Button.tsx:26:13)

    console.log
      [Button] Has onClick in props: false

      at log (src/components/ui/Button.tsx:27:13)

    console.log
      [Button] All props: {}

      at log (src/components/ui/Button.tsx:28:13)

    console.log
      [Button] Rendering with type: submit

      at log (src/components/ui/Button.tsx:25:13)

    console.log
      [Button] Props received: {
        variant: 'primary',
        size: 'lg',
        type: 'submit',
        loading: false,
        disabled: false
      }

      at log (src/components/ui/Button.tsx:26:13)

    console.log
      [Button] Has onClick in props: false

      at log (src/components/ui/Button.tsx:27:13)

    console.log
      [Button] All props: {}

      at log (src/components/ui/Button.tsx:28:13)

    console.log
      [Button] Rendering with type: submit

      at log (src/components/ui/Button.tsx:25:13)

    console.log
      [Button] Props received: {
        variant: 'primary',
        size: 'lg',
        type: 'submit',
        loading: false,
        disabled: false
      }

      at log (src/components/ui/Button.tsx:26:13)

    console.log
      [Button] Has onClick in props: false

      at log (src/components/ui/Button.tsx:27:13)

    console.log
      [Button] All props: {}

      at log (src/components/ui/Button.tsx:28:13)

    console.log
      [Button] Rendering with type: submit

      at log (src/components/ui/Button.tsx:25:13)

    console.log
      [Button] Props received: {
        variant: 'primary',
        size: 'lg',
        type: 'submit',
        loading: false,
        disabled: false
      }

      at log (src/components/ui/Button.tsx:26:13)

    console.log
      [Button] Has onClick in props: false

      at log (src/components/ui/Button.tsx:27:13)

    console.log
      [Button] All props: {}

      at log (src/components/ui/Button.tsx:28:13)

    console.log
      [Button] Rendering with type: submit

      at log (src/components/ui/Button.tsx:25:13)

    console.log
      [Button] Props received: {
        variant: 'primary',
        size: 'lg',
        type: 'submit',
        loading: false,
        disabled: false
      }

      at log (src/components/ui/Button.tsx:26:13)

    console.log
      [Button] Has onClick in props: false

      at log (src/components/ui/Button.tsx:27:13)

    console.log
      [Button] All props: {}

      at log (src/components/ui/Button.tsx:28:13)

    console.log
      [Button] Rendering with type: submit

      at log (src/components/ui/Button.tsx:25:13)

    console.log
      [Button] Props received: {
        variant: 'primary',
        size: 'lg',
        type: 'submit',
        loading: false,
        disabled: false
      }

      at log (src/components/ui/Button.tsx:26:13)

    console.log
      [Button] Has onClick in props: false

      at log (src/components/ui/Button.tsx:27:13)

    console.log
      [Button] All props: {}

      at log (src/components/ui/Button.tsx:28:13)

    console.log
      [Button] Rendering with type: submit

      at log (src/components/ui/Button.tsx:25:13)

    console.log
      [Button] Props received: {
        variant: 'primary',
        size: 'lg',
        type: 'submit',
        loading: false,
        disabled: false
      }

      at log (src/components/ui/Button.tsx:26:13)

    console.log
      [Button] Has onClick in props: false

      at log (src/components/ui/Button.tsx:27:13)

    console.log
      [Button] All props: {}

      at log (src/components/ui/Button.tsx:28:13)

    console.log
      [Button] Rendering with type: submit

      at log (src/components/ui/Button.tsx:25:13)

    console.log
      [Button] Props received: {
        variant: 'primary',
        size: 'lg',
        type: 'submit',
        loading: false,
        disabled: false
      }

      at log (src/components/ui/Button.tsx:26:13)

    console.log
      [Button] Has onClick in props: false

      at log (src/components/ui/Button.tsx:27:13)

    console.log
      [Button] All props: {}

      at log (src/components/ui/Button.tsx:28:13)

    console.log
      [Button] Rendering with type: submit

      at log (src/components/ui/Button.tsx:25:13)

    console.log
      [Button] Props received: {
        variant: 'primary',
        size: 'lg',
        type: 'submit',
        loading: false,
        disabled: false
      }

      at log (src/components/ui/Button.tsx:26:13)

    console.log
      [Button] Has onClick in props: false

      at log (src/components/ui/Button.tsx:27:13)

    console.log
      [Button] All props: {}

      at log (src/components/ui/Button.tsx:28:13)

    console.log
      [Button] Rendering with type: submit

      at log (src/components/ui/Button.tsx:25:13)

    console.log
      [Button] Props received: {
        variant: 'primary',
        size: 'lg',
        type: 'submit',
        loading: false,
        disabled: false
      }

      at log (src/components/ui/Button.tsx:26:13)

    console.log
      [Button] Has onClick in props: false

      at log (src/components/ui/Button.tsx:27:13)

    console.log
      [Button] All props: {}

      at log (src/components/ui/Button.tsx:28:13)

    console.log
      [Button] Rendering with type: submit

      at log (src/components/ui/Button.tsx:25:13)

    console.log
      [Button] Props received: {
        variant: 'primary',
        size: 'lg',
        type: 'submit',
        loading: false,
        disabled: false
      }

      at log (src/components/ui/Button.tsx:26:13)

    console.log
      [Button] Has onClick in props: false

      at log (src/components/ui/Button.tsx:27:13)

    console.log
      [Button] All props: {}

      at log (src/components/ui/Button.tsx:28:13)

    console.log
      [Button] Rendering with type: submit

      at log (src/components/ui/Button.tsx:25:13)

    console.log
      [Button] Props received: {
        variant: 'primary',
        size: 'lg',
        type: 'submit',
        loading: false,
        disabled: false
      }

      at log (src/components/ui/Button.tsx:26:13)

    console.log
      [Button] Has onClick in props: false

      at log (src/components/ui/Button.tsx:27:13)

    console.log
      [Button] All props: {}

      at log (src/components/ui/Button.tsx:28:13)

    console.log
      [Button] Rendering with type: submit

      at log (src/components/ui/Button.tsx:25:13)

    console.log
      [Button] Props received: {
        variant: 'primary',
        size: 'lg',
        type: 'submit',
        loading: false,
        disabled: false
      }

      at log (src/components/ui/Button.tsx:26:13)

    console.log
      [Button] Has onClick in props: false

      at log (src/components/ui/Button.tsx:27:13)

    console.log
      [Button] All props: {}

      at log (src/components/ui/Button.tsx:28:13)

    console.log
      [Button] Rendering with type: submit

      at log (src/components/ui/Button.tsx:25:13)

    console.log
      [Button] Props received: {
        variant: 'primary',
        size: 'lg',
        type: 'submit',
        loading: false,
        disabled: false
      }

      at log (src/components/ui/Button.tsx:26:13)

    console.log
      [Button] Has onClick in props: false

      at log (src/components/ui/Button.tsx:27:13)

    console.log
      [Button] All props: {}

      at log (src/components/ui/Button.tsx:28:13)

    console.log
      [Button] Rendering with type: submit

      at log (src/components/ui/Button.tsx:25:13)

    console.log
      [Button] Props received: {
        variant: 'primary',
        size: 'lg',
        type: 'submit',
        loading: false,
        disabled: false
      }

      at log (src/components/ui/Button.tsx:26:13)

    console.log
      [Button] Has onClick in props: false

      at log (src/components/ui/Button.tsx:27:13)

    console.log
      [Button] All props: {}

      at log (src/components/ui/Button.tsx:28:13)

    console.log
      [Button] Rendering with type: submit

      at log (src/components/ui/Button.tsx:25:13)

    console.log
      [Button] Props received: {
        variant: 'primary',
        size: 'lg',
        type: 'submit',
        loading: false,
        disabled: false
      }

      at log (src/components/ui/Button.tsx:26:13)

    console.log
      [Button] Has onClick in props: false

      at log (src/components/ui/Button.tsx:27:13)

    console.log
      [Button] All props: {}

      at log (src/components/ui/Button.tsx:28:13)

    console.log
      [Button] Rendering with type: submit

      at log (src/components/ui/Button.tsx:25:13)

    console.log
      [Button] Props received: {
        variant: 'primary',
        size: 'lg',
        type: 'submit',
        loading: false,
        disabled: false
      }

      at log (src/components/ui/Button.tsx:26:13)

    console.log
      [Button] Has onClick in props: false

      at log (src/components/ui/Button.tsx:27:13)

    console.log
      [Button] All props: {}

      at log (src/components/ui/Button.tsx:28:13)

    console.log
      [Button] Rendering with type: submit

      at log (src/components/ui/Button.tsx:25:13)

    console.log
      [Button] Props received: {
        variant: 'primary',
        size: 'lg',
        type: 'submit',
        loading: false,
        disabled: false
      }

      at log (src/components/ui/Button.tsx:26:13)

    console.log
      [Button] Has onClick in props: false

      at log (src/components/ui/Button.tsx:27:13)

    console.log
      [Button] All props: {}

      at log (src/components/ui/Button.tsx:28:13)

    console.log
      [Button] Rendering with type: submit

      at log (src/components/ui/Button.tsx:25:13)

    console.log
      [Button] Props received: {
        variant: 'primary',
        size: 'lg',
        type: 'submit',
        loading: false,
        disabled: false
      }

      at log (src/components/ui/Button.tsx:26:13)

    console.log
      [Button] Has onClick in props: false

      at log (src/components/ui/Button.tsx:27:13)

    console.log
      [Button] All props: {}

      at log (src/components/ui/Button.tsx:28:13)

    console.log
      [Button] Rendering with type: submit

      at log (src/components/ui/Button.tsx:25:13)

    console.log
      [Button] Props received: {
        variant: 'primary',
        size: 'lg',
        type: 'submit',
        loading: false,
        disabled: false
      }

      at log (src/components/ui/Button.tsx:26:13)

    console.log
      [Button] Has onClick in props: false

      at log (src/components/ui/Button.tsx:27:13)

    console.log
      [Button] All props: {}

      at log (src/components/ui/Button.tsx:28:13)

    console.log
      [Button] Rendering with type: submit

      at log (src/components/ui/Button.tsx:25:13)

    console.log
      [Button] Props received: {
        variant: 'primary',
        size: 'lg',
        type: 'submit',
        loading: false,
        disabled: false
      }

      at log (src/components/ui/Button.tsx:26:13)

    console.log
      [Button] Has onClick in props: false

      at log (src/components/ui/Button.tsx:27:13)

    console.log
      [Button] All props: {}

      at log (src/components/ui/Button.tsx:28:13)

    console.log
      [Button] Rendering with type: submit

      at log (src/components/ui/Button.tsx:25:13)

    console.log
      [Button] Props received: {
        variant: 'primary',
        size: 'lg',
        type: 'submit',
        loading: false,
        disabled: false
      }

      at log (src/components/ui/Button.tsx:26:13)

    console.log
      [Button] Has onClick in props: false

      at log (src/components/ui/Button.tsx:27:13)

    console.log
      [Button] All props: {}

      at log (src/components/ui/Button.tsx:28:13)

    console.log
      [Button] Rendering with type: submit

      at log (src/components/ui/Button.tsx:25:13)

    console.log
      [Button] Props received: {
        variant: 'primary',
        size: 'lg',
        type: 'submit',
        loading: false,
        disabled: false
      }

      at log (src/components/ui/Button.tsx:26:13)

    console.log
      [Button] Has onClick in props: false

      at log (src/components/ui/Button.tsx:27:13)

    console.log
      [Button] All props: {}

      at log (src/components/ui/Button.tsx:28:13)

    console.log
      [Button] Rendering with type: submit

      at log (src/components/ui/Button.tsx:25:13)

    console.log
      [Button] Props received: {
        variant: 'primary',
        size: 'lg',
        type: 'submit',
        loading: false,
        disabled: false
      }

      at log (src/components/ui/Button.tsx:26:13)

    console.log
      [Button] Has onClick in props: false

      at log (src/components/ui/Button.tsx:27:13)

    console.log
      [Button] All props: {}

      at log (src/components/ui/Button.tsx:28:13)

    console.log
      [Button] Rendering with type: submit

      at log (src/components/ui/Button.tsx:25:13)

    console.log
      [Button] Props received: {
        variant: 'primary',
        size: 'lg',
        type: 'submit',
        loading: false,
        disabled: false
      }

      at log (src/components/ui/Button.tsx:26:13)

    console.log
      [Button] Has onClick in props: false

      at log (src/components/ui/Button.tsx:27:13)

    console.log
      [Button] All props: {}

      at log (src/components/ui/Button.tsx:28:13)

    console.log
      [Button] Rendering with type: submit

      at log (src/components/ui/Button.tsx:25:13)

    console.log
      [Button] Props received: {
        variant: 'primary',
        size: 'lg',
        type: 'submit',
        loading: false,
        disabled: false
      }

      at log (src/components/ui/Button.tsx:26:13)

    console.log
      [Button] Has onClick in props: false

      at log (src/components/ui/Button.tsx:27:13)

    console.log
      [Button] All props: {}

      at log (src/components/ui/Button.tsx:28:13)

    console.log
      [Button] Rendering with type: submit

      at log (src/components/ui/Button.tsx:25:13)

    console.log
      [Button] Props received: {
        variant: 'primary',
        size: 'lg',
        type: 'submit',
        loading: false,
        disabled: false
      }

      at log (src/components/ui/Button.tsx:26:13)

    console.log
      [Button] Has onClick in props: false

      at log (src/components/ui/Button.tsx:27:13)

    console.log
      [Button] All props: {}

      at log (src/components/ui/Button.tsx:28:13)

    console.log
      [Button] Rendering with type: submit

      at log (src/components/ui/Button.tsx:25:13)

    console.log
      [Button] Props received: {
        variant: 'primary',
        size: 'lg',
        type: 'submit',
        loading: false,
        disabled: false
      }

      at log (src/components/ui/Button.tsx:26:13)

    console.log
      [Button] Has onClick in props: false

      at log (src/components/ui/Button.tsx:27:13)

    console.log
      [Button] All props: {}

      at log (src/components/ui/Button.tsx:28:13)

    console.log
      [Button] Rendering with type: submit

      at log (src/components/ui/Button.tsx:25:13)

    console.log
      [Button] Props received: {
        variant: 'primary',
        size: 'lg',
        type: 'submit',
        loading: true,
        disabled: true
      }

      at log (src/components/ui/Button.tsx:26:13)

    console.log
      [Button] Has onClick in props: false

      at log (src/components/ui/Button.tsx:27:13)

    console.log
      [Button] All props: {}

      at log (src/components/ui/Button.tsx:28:13)

    console.log
      Form submission started

      at log (src/hooks/useLoginForm.ts:200:13)

    console.log
      Default behavior prevented

      at log (src/hooks/useLoginForm.ts:203:15)

    console.log
      [LoginFlowTracer] Trace started: 320d586a-0bb6-45ea-b770-ca7b9d2c4650

      at log (src/lib/auth/LoginFlowTracer.ts:52:15)

    console.log
      [useLoginForm] Login flow started { traceId: '320d586a-0bb6-45ea-b770-ca7b9d2c4650' }

      at log (src/hooks/useLoginForm.ts:208:13)

    console.log
      [useLoginForm] Calling API client login method { traceId: '320d586a-0bb6-45ea-b770-ca7b9d2c4650' }

      at log (src/hooks/useLoginForm.ts:230:15)

    console.log
      [AuthService] Login attempt {
        email: 'test@example.com',
        traceId: '320d586a-0bb6-45ea-b770-ca7b9d2c4650'
      }

      at AuthService.log [as login] (src/lib/api/authService.ts:140:15)

    console.log
      [AuthService] Calling backend API { traceId: '320d586a-0bb6-45ea-b770-ca7b9d2c4650' }

      at AuthService.log [as login] (src/lib/api/authService.ts:168:15)

    console.log
      [TokenManager] getToken attempt {
        storageKey: 'jwt_token',
        source: undefined,
        traceId: undefined,
        timestamp: '2026-02-08T19:37:32.663Z'
      }

      at log (src/lib/api/tokenManager.ts:322:11)

    console.log
      [TokenManager] Raw value retrieved {
        storageKey: 'jwt_token',
        valuePresent: false,
        valueLength: 0,
        valuePreview: 'null',
        traceId: undefined
      }

      at log (src/lib/api/tokenManager.ts:335:15)

    console.log
      [TokenManager] No token found in storage { storageKey: 'jwt_token', traceId: undefined }

      at log (src/lib/api/tokenManager.ts:358:21)

    console.warn
      [AuthLogger 2026-02-08T19:37:32.664Z] Token get failed

       98 |   } else {
       99 |     // In production, log minimal info
    > 100 |     consoleMethod(message);
          |     ^
      101 |   }
      102 | }
      103 |

      at consoleMethod (src/lib/auth/AuthLogger.ts:100:5)
      at log (src/lib/auth/AuthLogger.ts:175:3)
      at getToken (src/lib/api/tokenManager.ts:362:30)
      at src/lib/api/apiClient.ts:53:29
      at ApiClient.interceptor [as request] (src/lib/api/apiClient.ts:195:24)
      at ApiClient.request [as post] (src/lib/api/apiClient.ts:114:17)
      at AuthService.post [as login] (src/lib/api/authService.ts:169:45)
      at login (src/hooks/useLoginForm.ts:231:40)
      at errors (node_modules/react-hook-form/src/logic/createFormControl.ts:1293:24)

    console.log
      [TokenManager] getToken attempt {
        storageKey: 'jwt_token',
        source: undefined,
        traceId: undefined,
        timestamp: '2026-02-08T19:37:32.664Z'
      }

      at log (src/lib/api/tokenManager.ts:322:11)

    console.log
      [TokenManager] Raw value retrieved {
        storageKey: 'jwt_token',
        valuePresent: false,
        valueLength: 0,
        valuePreview: 'null',
        traceId: undefined
      }

      at log (src/lib/api/tokenManager.ts:335:15)

    console.log
      [TokenManager] No token found in storage { storageKey: 'jwt_token', traceId: undefined }

      at log (src/lib/api/tokenManager.ts:358:21)

    console.warn
      [AuthLogger 2026-02-08T19:37:32.664Z] Token get failed

       98 |   } else {
       99 |     // In production, log minimal info
    > 100 |     consoleMethod(message);
          |     ^
      101 |   }
      102 | }
      103 |

      at consoleMethod (src/lib/auth/AuthLogger.ts:100:5)
      at log (src/lib/auth/AuthLogger.ts:175:3)
      at getToken (src/lib/api/tokenManager.ts:362:30)
      at TokenManager.getToken (src/lib/api/tokenManager.ts:512:12)
      at getToken (src/lib/api/interceptors.ts:41:30)
      at ApiClient.interceptor [as request] (src/lib/api/apiClient.ts:195:24)

    console.log
      [AuthService] Backend response received {
        hasToken: false,
        email: undefined,
        traceId: '320d586a-0bb6-45ea-b770-ca7b9d2c4650'
      }

      at AuthService.log [as login] (src/lib/api/authService.ts:170:15)

    console.error
      [AuthService] Login error {
        error: 'Invalid login response: missing or invalid token',
        traceId: '320d586a-0bb6-45ea-b770-ca7b9d2c4650'
      }

      223 |       };
      224 |     } catch (error: any) {
    > 225 |       console.error('[AuthService] Login error', {
          |               ^
      226 |         error: error.message || String(error),
      227 |         traceId,
      228 |       });

      at AuthService.error (src/lib/api/authService.ts:225:15)
      at src/hooks/useLoginForm.ts:231:22
      at unset (node_modules/react-hook-form/src/logic/createFormControl.ts:1293:7)

    console.error
      [useLoginForm] Login failed {
        error: 'Unable to connect. Please check your internet connection.',
        traceId: '320d586a-0bb6-45ea-b770-ca7b9d2c4650'
      }

      259 |       } else {
      260 |         // Login failed - handle error
    > 261 |         console.error('[useLoginForm] Login failed', { error: result.error, traceId });
          |                 ^
      262 |         
      263 |         // Record attempt for authentication errors
      264 |         if (result.error === 'Invalid email or password') {

      at error (src/hooks/useLoginForm.ts:261:17)
      at unset (node_modules/react-hook-form/src/logic/createFormControl.ts:1293:7)

    console.error
      Login error: {
        type: 'authentication',
        message: 'Unable to connect. Please check your internet connection.'
      }

      139 |     // Error handling is managed by the LoginForm component
      140 |     // This callback is provided for potential future logging or analytics
    > 141 |     console.error('Login error:', error);
          |             ^
      142 |   };
      143 |
      144 |   return (

      at error (src/app/login/LoginPageClient.tsx:141:13)
      at onError (src/hooks/useLoginForm.ts:271:11)
      at unset (node_modules/react-hook-form/src/logic/createFormControl.ts:1293:7)

    console.log
      [Button] Rendering with type: submit

      at log (src/components/ui/Button.tsx:25:13)

    console.log
      [Button] Props received: {
        variant: 'primary',
        size: 'lg',
        type: 'submit',
        loading: false,
        disabled: false
      }

      at log (src/components/ui/Button.tsx:26:13)

    console.log
      [Button] Has onClick in props: false

      at log (src/components/ui/Button.tsx:27:13)

    console.log
      [Button] All props: {}

      at log (src/components/ui/Button.tsx:28:13)

    console.log
      [Button] Rendering with type: submit

      at log (src/components/ui/Button.tsx:25:13)

    console.log
      [Button] Props received: {
        variant: 'primary',
        size: 'lg',
        type: 'submit',
        loading: false,
        disabled: false
      }

      at log (src/components/ui/Button.tsx:26:13)

    console.log
      [Button] Has onClick in props: false

      at log (src/components/ui/Button.tsx:27:13)

    console.log
      [Button] All props: {}

      at log (src/components/ui/Button.tsx:28:13)

    console.log
      [Button] Rendering with type: submit

      at log (src/components/ui/Button.tsx:25:13)

    console.log
      [Button] Props received: {
        variant: 'primary',
        size: 'lg',
        type: 'submit',
        loading: false,
        disabled: false
      }

      at log (src/components/ui/Button.tsx:26:13)

    console.log
      [Button] Has onClick in props: false

      at log (src/components/ui/Button.tsx:27:13)

    console.log
      [Button] All props: {}

      at log (src/components/ui/Button.tsx:28:13)

    console.log
      [Button] Rendering with type: submit

      at log (src/components/ui/Button.tsx:25:13)

    console.log
      [Button] Props received: {
        variant: 'primary',
        size: 'lg',
        type: 'submit',
        loading: false,
        disabled: false
      }

      at log (src/components/ui/Button.tsx:26:13)

    console.log
      [Button] Has onClick in props: false

      at log (src/components/ui/Button.tsx:27:13)

    console.log
      [Button] All props: {}

      at log (src/components/ui/Button.tsx:28:13)

    console.log
      [Button] Rendering with type: submit

      at log (src/components/ui/Button.tsx:25:13)

    console.log
      [Button] Props received: {
        variant: 'primary',
        size: 'lg',
        type: 'submit',
        loading: false,
        disabled: false
      }

      at log (src/components/ui/Button.tsx:26:13)

    console.log
      [Button] Has onClick in props: false

      at log (src/components/ui/Button.tsx:27:13)

    console.log
      [Button] All props: {}

      at log (src/components/ui/Button.tsx:28:13)

    console.log
      [Button] Rendering with type: submit

      at log (src/components/ui/Button.tsx:25:13)

    console.log
      [Button] Props received: {
        variant: 'primary',
        size: 'lg',
        type: 'submit',
        loading: false,
        disabled: false
      }

      at log (src/components/ui/Button.tsx:26:13)

    console.log
      [Button] Has onClick in props: false

      at log (src/components/ui/Button.tsx:27:13)

    console.log
      [Button] All props: {}

      at log (src/components/ui/Button.tsx:28:13)

    console.log
      [Button] Rendering with type: submit

      at log (src/components/ui/Button.tsx:25:13)

    console.log
      [Button] Props received: {
        variant: 'primary',
        size: 'lg',
        type: 'submit',
        loading: false,
        disabled: false
      }

      at log (src/components/ui/Button.tsx:26:13)

    console.log
      [Button] Has onClick in props: false

      at log (src/components/ui/Button.tsx:27:13)

    console.log
      [Button] All props: {}

      at log (src/components/ui/Button.tsx:28:13)

    console.log
      [Button] Rendering with type: submit

      at log (src/components/ui/Button.tsx:25:13)

    console.log
      [Button] Props received: {
        variant: 'primary',
        size: 'lg',
        type: 'submit',
        loading: false,
        disabled: false
      }

      at log (src/components/ui/Button.tsx:26:13)

    console.log
      [Button] Has onClick in props: false

      at log (src/components/ui/Button.tsx:27:13)

    console.log
      [Button] All props: {}

      at log (src/components/ui/Button.tsx:28:13)

    console.log
      [Button] Rendering with type: submit

      at log (src/components/ui/Button.tsx:25:13)

    console.log
      [Button] Props received: {
        variant: 'primary',
        size: 'lg',
        type: 'submit',
        loading: false,
        disabled: false
      }

      at log (src/components/ui/Button.tsx:26:13)

    console.log
      [Button] Has onClick in props: false

      at log (src/components/ui/Button.tsx:27:13)

    console.log
      [Button] All props: {}

      at log (src/components/ui/Button.tsx:28:13)

    console.log
      [Button] Rendering with type: submit

      at log (src/components/ui/Button.tsx:25:13)

    console.log
      [Button] Props received: {
        variant: 'primary',
        size: 'lg',
        type: 'submit',
        loading: false,
        disabled: false
      }

      at log (src/components/ui/Button.tsx:26:13)

    console.log
      [Button] Has onClick in props: false

      at log (src/components/ui/Button.tsx:27:13)

    console.log
      [Button] All props: {}

      at log (src/components/ui/Button.tsx:28:13)

    console.log
      [Button] Rendering with type: submit

      at log (src/components/ui/Button.tsx:25:13)

    console.log
      [Button] Props received: {
        variant: 'primary',
        size: 'lg',
        type: 'submit',
        loading: false,
        disabled: false
      }

      at log (src/components/ui/Button.tsx:26:13)

    console.log
      [Button] Has onClick in props: false

      at log (src/components/ui/Button.tsx:27:13)

    console.log
      [Button] All props: {}

      at log (src/components/ui/Button.tsx:28:13)

    console.log
      [Button] Rendering with type: submit

      at log (src/components/ui/Button.tsx:25:13)

    console.log
      [Button] Props received: {
        variant: 'primary',
        size: 'lg',
        type: 'submit',
        loading: false,
        disabled: false
      }

      at log (src/components/ui/Button.tsx:26:13)

    console.log
      [Button] Has onClick in props: false

      at log (src/components/ui/Button.tsx:27:13)

    console.log
      [Button] All props: {}

      at log (src/components/ui/Button.tsx:28:13)

    console.log
      [Button] Rendering with type: submit

      at log (src/components/ui/Button.tsx:25:13)

    console.log
      [Button] Props received: {
        variant: 'primary',
        size: 'lg',
        type: 'submit',
        loading: false,
        disabled: false
      }

      at log (src/components/ui/Button.tsx:26:13)

    console.log
      [Button] Has onClick in props: false

      at log (src/components/ui/Button.tsx:27:13)

    console.log
      [Button] All props: {}

      at log (src/components/ui/Button.tsx:28:13)

    console.log
      [Button] Rendering with type: submit

      at log (src/components/ui/Button.tsx:25:13)

    console.log
      [Button] Props received: {
        variant: 'primary',
        size: 'lg',
        type: 'submit',
        loading: false,
        disabled: false
      }

      at log (src/components/ui/Button.tsx:26:13)

    console.log
      [Button] Has onClick in props: false

      at log (src/components/ui/Button.tsx:27:13)

    console.log
      [Button] All props: {}

      at log (src/components/ui/Button.tsx:28:13)

    console.log
      [Button] Rendering with type: submit

      at log (src/components/ui/Button.tsx:25:13)

    console.log
      [Button] Props received: {
        variant: 'primary',
        size: 'lg',
        type: 'submit',
        loading: false,
        disabled: false
      }

      at log (src/components/ui/Button.tsx:26:13)

    console.log
      [Button] Has onClick in props: false

      at log (src/components/ui/Button.tsx:27:13)

    console.log
      [Button] All props: {}

      at log (src/components/ui/Button.tsx:28:13)

    console.log
      [Button] Rendering with type: submit

      at log (src/components/ui/Button.tsx:25:13)

    console.log
      [Button] Props received: {
        variant: 'primary',
        size: 'lg',
        type: 'submit',
        loading: false,
        disabled: false
      }

      at log (src/components/ui/Button.tsx:26:13)

    console.log
      [Button] Has onClick in props: false

      at log (src/components/ui/Button.tsx:27:13)

    console.log
      [Button] All props: {}

      at log (src/components/ui/Button.tsx:28:13)

    console.log
      [Button] Rendering with type: submit

      at log (src/components/ui/Button.tsx:25:13)

    console.log
      [Button] Props received: {
        variant: 'primary',
        size: 'lg',
        type: 'submit',
        loading: false,
        disabled: false
      }

      at log (src/components/ui/Button.tsx:26:13)

    console.log
      [Button] Has onClick in props: false

      at log (src/components/ui/Button.tsx:27:13)

    console.log
      [Button] All props: {}

      at log (src/components/ui/Button.tsx:28:13)

    console.log
      [Button] Rendering with type: submit

      at log (src/components/ui/Button.tsx:25:13)

    console.log
      [Button] Props received: {
        variant: 'primary',
        size: 'lg',
        type: 'submit',
        loading: false,
        disabled: false
      }

      at log (src/components/ui/Button.tsx:26:13)

    console.log
      [Button] Has onClick in props: false

      at log (src/components/ui/Button.tsx:27:13)

    console.log
      [Button] All props: {}

      at log (src/components/ui/Button.tsx:28:13)

    console.log
      [Button] Rendering with type: submit

      at log (src/components/ui/Button.tsx:25:13)

    console.log
      [Button] Props received: {
        variant: 'primary',
        size: 'lg',
        type: 'submit',
        loading: false,
        disabled: false
      }

      at log (src/components/ui/Button.tsx:26:13)

    console.log
      [Button] Has onClick in props: false

      at log (src/components/ui/Button.tsx:27:13)

    console.log
      [Button] All props: {}

      at log (src/components/ui/Button.tsx:28:13)

    console.log
      [Button] Rendering with type: submit

      at log (src/components/ui/Button.tsx:25:13)

    console.log
      [Button] Props received: {
        variant: 'primary',
        size: 'lg',
        type: 'submit',
        loading: false,
        disabled: false
      }

      at log (src/components/ui/Button.tsx:26:13)

    console.log
      [Button] Has onClick in props: false

      at log (src/components/ui/Button.tsx:27:13)

    console.log
      [Button] All props: {}

      at log (src/components/ui/Button.tsx:28:13)

    console.log
      [Button] Rendering with type: submit

      at log (src/components/ui/Button.tsx:25:13)

    console.log
      [Button] Props received: {
        variant: 'primary',
        size: 'lg',
        type: 'submit',
        loading: false,
        disabled: false
      }

      at log (src/components/ui/Button.tsx:26:13)

    console.log
      [Button] Has onClick in props: false

      at log (src/components/ui/Button.tsx:27:13)

    console.log
      [Button] All props: {}

      at log (src/components/ui/Button.tsx:28:13)

    console.log
      [Button] Rendering with type: submit

      at log (src/components/ui/Button.tsx:25:13)

    console.log
      [Button] Props received: {
        variant: 'primary',
        size: 'lg',
        type: 'submit',
        loading: false,
        disabled: false
      }

      at log (src/components/ui/Button.tsx:26:13)

    console.log
      [Button] Has onClick in props: false

      at log (src/components/ui/Button.tsx:27:13)

    console.log
      [Button] All props: {}

      at log (src/components/ui/Button.tsx:28:13)

    console.log
      [Button] Rendering with type: submit

      at log (src/components/ui/Button.tsx:25:13)

    console.log
      [Button] Props received: {
        variant: 'primary',
        size: 'lg',
        type: 'submit',
        loading: false,
        disabled: false
      }

      at log (src/components/ui/Button.tsx:26:13)

    console.log
      [Button] Has onClick in props: false

      at log (src/components/ui/Button.tsx:27:13)

    console.log
      [Button] All props: {}

      at log (src/components/ui/Button.tsx:28:13)

    console.log
      [Button] Rendering with type: submit

      at log (src/components/ui/Button.tsx:25:13)

    console.log
      [Button] Props received: {
        variant: 'primary',
        size: 'lg',
        type: 'submit',
        loading: false,
        disabled: false
      }

      at log (src/components/ui/Button.tsx:26:13)

    console.log
      [Button] Has onClick in props: false

      at log (src/components/ui/Button.tsx:27:13)

    console.log
      [Button] All props: {}

      at log (src/components/ui/Button.tsx:28:13)

    console.log
      [Button] Rendering with type: submit

      at log (src/components/ui/Button.tsx:25:13)

    console.log
      [Button] Props received: {
        variant: 'primary',
        size: 'lg',
        type: 'submit',
        loading: false,
        disabled: false
      }

      at log (src/components/ui/Button.tsx:26:13)

    console.log
      [Button] Has onClick in props: false

      at log (src/components/ui/Button.tsx:27:13)

    console.log
      [Button] All props: {}

      at log (src/components/ui/Button.tsx:28:13)

    console.log
      [Button] Rendering with type: submit

      at log (src/components/ui/Button.tsx:25:13)

    console.log
      [Button] Props received: {
        variant: 'primary',
        size: 'lg',
        type: 'submit',
        loading: false,
        disabled: false
      }

      at log (src/components/ui/Button.tsx:26:13)

    console.log
      [Button] Has onClick in props: false

      at log (src/components/ui/Button.tsx:27:13)

    console.log
      [Button] All props: {}

      at log (src/components/ui/Button.tsx:28:13)

    console.log
      [Button] Rendering with type: submit

      at log (src/components/ui/Button.tsx:25:13)

    console.log
      [Button] Props received: {
        variant: 'primary',
        size: 'lg',
        type: 'submit',
        loading: false,
        disabled: false
      }

      at log (src/components/ui/Button.tsx:26:13)

    console.log
      [Button] Has onClick in props: false

      at log (src/components/ui/Button.tsx:27:13)

    console.log
      [Button] All props: {}

      at log (src/components/ui/Button.tsx:28:13)

    console.log
      [Button] Rendering with type: submit

      at log (src/components/ui/Button.tsx:25:13)

    console.log
      [Button] Props received: {
        variant: 'primary',
        size: 'lg',
        type: 'submit',
        loading: false,
        disabled: false
      }

      at log (src/components/ui/Button.tsx:26:13)

    console.log
      [Button] Has onClick in props: false

      at log (src/components/ui/Button.tsx:27:13)

    console.log
      [Button] All props: {}

      at log (src/components/ui/Button.tsx:28:13)

    console.log
      [Button] Rendering with type: submit

      at log (src/components/ui/Button.tsx:25:13)

    console.log
      [Button] Props received: {
        variant: 'primary',
        size: 'lg',
        type: 'submit',
        loading: false,
        disabled: false
      }

      at log (src/components/ui/Button.tsx:26:13)

    console.log
      [Button] Has onClick in props: false

      at log (src/components/ui/Button.tsx:27:13)

    console.log
      [Button] All props: {}

      at log (src/components/ui/Button.tsx:28:13)

    console.log
      [Button] Rendering with type: submit

      at log (src/components/ui/Button.tsx:25:13)

    console.log
      [Button] Props received: {
        variant: 'primary',
        size: 'lg',
        type: 'submit',
        loading: false,
        disabled: false
      }

      at log (src/components/ui/Button.tsx:26:13)

    console.log
      [Button] Has onClick in props: false

      at log (src/components/ui/Button.tsx:27:13)

    console.log
      [Button] All props: {}

      at log (src/components/ui/Button.tsx:28:13)

    console.log
      [Button] Rendering with type: submit

      at log (src/components/ui/Button.tsx:25:13)

    console.log
      [Button] Props received: {
        variant: 'primary',
        size: 'lg',
        type: 'submit',
        loading: false,
        disabled: false
      }

      at log (src/components/ui/Button.tsx:26:13)

    console.log
      [Button] Has onClick in props: false

      at log (src/components/ui/Button.tsx:27:13)

    console.log
      [Button] All props: {}

      at log (src/components/ui/Button.tsx:28:13)

    console.log
      [Button] Rendering with type: submit

      at log (src/components/ui/Button.tsx:25:13)

    console.log
      [Button] Props received: {
        variant: 'primary',
        size: 'lg',
        type: 'submit',
        loading: true,
        disabled: true
      }

      at log (src/components/ui/Button.tsx:26:13)

    console.log
      [Button] Has onClick in props: false

      at log (src/components/ui/Button.tsx:27:13)

    console.log
      [Button] All props: {}

      at log (src/components/ui/Button.tsx:28:13)

    console.log
      Form submission started

      at log (src/hooks/useLoginForm.ts:200:13)

    console.log
      Default behavior prevented

      at log (src/hooks/useLoginForm.ts:203:15)

    console.log
      [LoginFlowTracer] Trace started: 4ba8ef06-8d48-4625-a1bf-2f8d4047b4e4

      at log (src/lib/auth/LoginFlowTracer.ts:52:15)

    console.log
      [useLoginForm] Login flow started { traceId: '4ba8ef06-8d48-4625-a1bf-2f8d4047b4e4' }

      at log (src/hooks/useLoginForm.ts:208:13)

    console.log
      [useLoginForm] Calling API client login method { traceId: '4ba8ef06-8d48-4625-a1bf-2f8d4047b4e4' }

      at log (src/hooks/useLoginForm.ts:230:15)

    console.log
      [AuthService] Login attempt {
        email: 'test@example.com',
        traceId: '4ba8ef06-8d48-4625-a1bf-2f8d4047b4e4'
      }

      at AuthService.log [as login] (src/lib/api/authService.ts:140:15)

    console.log
      [AuthService] Calling backend API { traceId: '4ba8ef06-8d48-4625-a1bf-2f8d4047b4e4' }

      at AuthService.log [as login] (src/lib/api/authService.ts:168:15)

    console.log
      [TokenManager] getToken attempt {
        storageKey: 'jwt_token',
        source: undefined,
        traceId: undefined,
        timestamp: '2026-02-08T19:37:37.894Z'
      }

      at log (src/lib/api/tokenManager.ts:322:11)

    console.log
      [TokenManager] Raw value retrieved {
        storageKey: 'jwt_token',
        valuePresent: false,
        valueLength: 0,
        valuePreview: 'null',
        traceId: undefined
      }

      at log (src/lib/api/tokenManager.ts:335:15)

    console.log
      [TokenManager] No token found in storage { storageKey: 'jwt_token', traceId: undefined }

      at log (src/lib/api/tokenManager.ts:358:21)

    console.warn
      [AuthLogger 2026-02-08T19:37:37.895Z] Token get failed

       98 |   } else {
       99 |     // In production, log minimal info
    > 100 |     consoleMethod(message);
          |     ^
      101 |   }
      102 | }
      103 |

      at consoleMethod (src/lib/auth/AuthLogger.ts:100:5)
      at log (src/lib/auth/AuthLogger.ts:175:3)
      at getToken (src/lib/api/tokenManager.ts:362:30)
      at src/lib/api/apiClient.ts:53:29
      at ApiClient.interceptor [as request] (src/lib/api/apiClient.ts:195:24)
      at ApiClient.request [as post] (src/lib/api/apiClient.ts:114:17)
      at AuthService.post [as login] (src/lib/api/authService.ts:169:45)
      at login (src/hooks/useLoginForm.ts:231:40)
      at errors (node_modules/react-hook-form/src/logic/createFormControl.ts:1293:24)

    console.log
      [TokenManager] getToken attempt {
        storageKey: 'jwt_token',
        source: undefined,
        traceId: undefined,
        timestamp: '2026-02-08T19:37:37.895Z'
      }

      at log (src/lib/api/tokenManager.ts:322:11)

    console.log
      [TokenManager] Raw value retrieved {
        storageKey: 'jwt_token',
        valuePresent: false,
        valueLength: 0,
        valuePreview: 'null',
        traceId: undefined
      }

      at log (src/lib/api/tokenManager.ts:335:15)

    console.log
      [TokenManager] No token found in storage { storageKey: 'jwt_token', traceId: undefined }

      at log (src/lib/api/tokenManager.ts:358:21)

    console.warn
      [AuthLogger 2026-02-08T19:37:37.896Z] Token get failed

       98 |   } else {
       99 |     // In production, log minimal info
    > 100 |     consoleMethod(message);
          |     ^
      101 |   }
      102 | }
      103 |

      at consoleMethod (src/lib/auth/AuthLogger.ts:100:5)
      at log (src/lib/auth/AuthLogger.ts:175:3)
      at getToken (src/lib/api/tokenManager.ts:362:30)
      at TokenManager.getToken (src/lib/api/tokenManager.ts:512:12)
      at getToken (src/lib/api/interceptors.ts:41:30)
      at ApiClient.interceptor [as request] (src/lib/api/apiClient.ts:195:24)

    console.log
      [AuthService] Backend response received {
        hasToken: false,
        email: undefined,
        traceId: '4ba8ef06-8d48-4625-a1bf-2f8d4047b4e4'
      }

      at AuthService.log [as login] (src/lib/api/authService.ts:170:15)

    console.error
      [AuthService] Login error {
        error: 'Invalid login response: missing or invalid token',
        traceId: '4ba8ef06-8d48-4625-a1bf-2f8d4047b4e4'
      }

      223 |       };
      224 |     } catch (error: any) {
    > 225 |       console.error('[AuthService] Login error', {
          |               ^
      226 |         error: error.message || String(error),
      227 |         traceId,
      228 |       });

      at AuthService.error (src/lib/api/authService.ts:225:15)
      at src/hooks/useLoginForm.ts:231:22
      at unset (node_modules/react-hook-form/src/logic/createFormControl.ts:1293:7)

    console.error
      [useLoginForm] Login failed {
        error: 'Unable to connect. Please check your internet connection.',
        traceId: '4ba8ef06-8d48-4625-a1bf-2f8d4047b4e4'
      }

      259 |       } else {
      260 |         // Login failed - handle error
    > 261 |         console.error('[useLoginForm] Login failed', { error: result.error, traceId });
          |                 ^
      262 |         
      263 |         // Record attempt for authentication errors
      264 |         if (result.error === 'Invalid email or password') {

      at error (src/hooks/useLoginForm.ts:261:17)
      at unset (node_modules/react-hook-form/src/logic/createFormControl.ts:1293:7)

    console.error
      Login error: {
        type: 'authentication',
        message: 'Unable to connect. Please check your internet connection.'
      }

      139 |     // Error handling is managed by the LoginForm component
      140 |     // This callback is provided for potential future logging or analytics
    > 141 |     console.error('Login error:', error);
          |             ^
      142 |   };
      143 |
      144 |   return (

      at error (src/app/login/LoginPageClient.tsx:141:13)
      at onError (src/hooks/useLoginForm.ts:271:11)
      at unset (node_modules/react-hook-form/src/logic/createFormControl.ts:1293:7)

    console.log
      [Button] Rendering with type: submit

      at log (src/components/ui/Button.tsx:25:13)

    console.log
      [Button] Props received: {
        variant: 'primary',
        size: 'lg',
        type: 'submit',
        loading: false,
        disabled: false
      }

      at log (src/components/ui/Button.tsx:26:13)

    console.log
      [Button] Has onClick in props: false

      at log (src/components/ui/Button.tsx:27:13)

    console.log
      [Button] All props: {}

      at log (src/components/ui/Button.tsx:28:13)

    console.log
      [Button] Rendering with type: submit

      at log (src/components/ui/Button.tsx:25:13)

    console.log
      [Button] Props received: {
        variant: 'primary',
        size: 'lg',
        type: 'submit',
        loading: false,
        disabled: false
      }

      at log (src/components/ui/Button.tsx:26:13)

    console.log
      [Button] Has onClick in props: false

      at log (src/components/ui/Button.tsx:27:13)

    console.log
      [Button] All props: {}

      at log (src/components/ui/Button.tsx:28:13)

    console.log
      [Button] Rendering with type: submit

      at log (src/components/ui/Button.tsx:25:13)

    console.log
      [Button] Props received: {
        variant: 'primary',
        size: 'lg',
        type: 'submit',
        loading: false,
        disabled: false
      }

      at log (src/components/ui/Button.tsx:26:13)

    console.log
      [Button] Has onClick in props: false

      at log (src/components/ui/Button.tsx:27:13)

    console.log
      [Button] All props: {}

      at log (src/components/ui/Button.tsx:28:13)

    console.log
      [Button] Rendering with type: submit

      at log (src/components/ui/Button.tsx:25:13)

    console.log
      [Button] Props received: {
        variant: 'primary',
        size: 'lg',
        type: 'submit',
        loading: false,
        disabled: false
      }

      at log (src/components/ui/Button.tsx:26:13)

    console.log
      [Button] Has onClick in props: false

      at log (src/components/ui/Button.tsx:27:13)

    console.log
      [Button] All props: {}

      at log (src/components/ui/Button.tsx:28:13)

    console.log
      [Button] Rendering with type: submit

      at log (src/components/ui/Button.tsx:25:13)

    console.log
      [Button] Props received: {
        variant: 'primary',
        size: 'lg',
        type: 'submit',
        loading: false,
        disabled: false
      }

      at log (src/components/ui/Button.tsx:26:13)

    console.log
      [Button] Has onClick in props: false

      at log (src/components/ui/Button.tsx:27:13)

    console.log
      [Button] All props: {}

      at log (src/components/ui/Button.tsx:28:13)

    console.log
      [Button] Rendering with type: submit

      at log (src/components/ui/Button.tsx:25:13)

    console.log
      [Button] Props received: {
        variant: 'primary',
        size: 'lg',
        type: 'submit',
        loading: false,
        disabled: false
      }

      at log (src/components/ui/Button.tsx:26:13)

    console.log
      [Button] Has onClick in props: false

      at log (src/components/ui/Button.tsx:27:13)

    console.log
      [Button] All props: {}

      at log (src/components/ui/Button.tsx:28:13)

    console.log
      [Button] Rendering with type: submit

      at log (src/components/ui/Button.tsx:25:13)

    console.log
      [Button] Props received: {
        variant: 'primary',
        size: 'lg',
        type: 'submit',
        loading: false,
        disabled: false
      }

      at log (src/components/ui/Button.tsx:26:13)

    console.log
      [Button] Has onClick in props: false

      at log (src/components/ui/Button.tsx:27:13)

    console.log
      [Button] All props: {}

      at log (src/components/ui/Button.tsx:28:13)

    console.log
      [Button] Rendering with type: submit

      at log (src/components/ui/Button.tsx:25:13)

    console.log
      [Button] Props received: {
        variant: 'primary',
        size: 'lg',
        type: 'submit',
        loading: false,
        disabled: false
      }

      at log (src/components/ui/Button.tsx:26:13)

    console.log
      [Button] Has onClick in props: false

      at log (src/components/ui/Button.tsx:27:13)

    console.log
      [Button] All props: {}

      at log (src/components/ui/Button.tsx:28:13)

    console.log
      [Button] Rendering with type: submit

      at log (src/components/ui/Button.tsx:25:13)

    console.log
      [Button] Props received: {
        variant: 'primary',
        size: 'lg',
        type: 'submit',
        loading: false,
        disabled: false
      }

      at log (src/components/ui/Button.tsx:26:13)

    console.log
      [Button] Has onClick in props: false

      at log (src/components/ui/Button.tsx:27:13)

    console.log
      [Button] All props: {}

      at log (src/components/ui/Button.tsx:28:13)

    console.log
      [Button] Rendering with type: submit

      at log (src/components/ui/Button.tsx:25:13)

    console.log
      [Button] Props received: {
        variant: 'primary',
        size: 'lg',
        type: 'submit',
        loading: false,
        disabled: false
      }

      at log (src/components/ui/Button.tsx:26:13)

    console.log
      [Button] Has onClick in props: false

      at log (src/components/ui/Button.tsx:27:13)

    console.log
      [Button] All props: {}

      at log (src/components/ui/Button.tsx:28:13)

    console.log
      [Button] Rendering with type: submit

      at log (src/components/ui/Button.tsx:25:13)

    console.log
      [Button] Props received: {
        variant: 'primary',
        size: 'lg',
        type: 'submit',
        loading: false,
        disabled: false
      }

      at log (src/components/ui/Button.tsx:26:13)

    console.log
      [Button] Has onClick in props: false

      at log (src/components/ui/Button.tsx:27:13)

    console.log
      [Button] All props: {}

      at log (src/components/ui/Button.tsx:28:13)

    console.log
      [Button] Rendering with type: submit

      at log (src/components/ui/Button.tsx:25:13)

    console.log
      [Button] Props received: {
        variant: 'primary',
        size: 'lg',
        type: 'submit',
        loading: false,
        disabled: false
      }

      at log (src/components/ui/Button.tsx:26:13)

    console.log
      [Button] Has onClick in props: false

      at log (src/components/ui/Button.tsx:27:13)

    console.log
      [Button] All props: {}

      at log (src/components/ui/Button.tsx:28:13)

    console.log
      [Button] Rendering with type: submit

      at log (src/components/ui/Button.tsx:25:13)

    console.log
      [Button] Props received: {
        variant: 'primary',
        size: 'lg',
        type: 'submit',
        loading: false,
        disabled: false
      }

      at log (src/components/ui/Button.tsx:26:13)

    console.log
      [Button] Has onClick in props: false

      at log (src/components/ui/Button.tsx:27:13)

    console.log
      [Button] All props: {}

      at log (src/components/ui/Button.tsx:28:13)

    console.log
      [Button] Rendering with type: submit

      at log (src/components/ui/Button.tsx:25:13)

    console.log
      [Button] Props received: {
        variant: 'primary',
        size: 'lg',
        type: 'submit',
        loading: false,
        disabled: false
      }

      at log (src/components/ui/Button.tsx:26:13)

    console.log
      [Button] Has onClick in props: false

      at log (src/components/ui/Button.tsx:27:13)

    console.log
      [Button] All props: {}

      at log (src/components/ui/Button.tsx:28:13)

    console.log
      [Button] Rendering with type: submit

      at log (src/components/ui/Button.tsx:25:13)

    console.log
      [Button] Props received: {
        variant: 'primary',
        size: 'lg',
        type: 'submit',
        loading: false,
        disabled: false
      }

      at log (src/components/ui/Button.tsx:26:13)

    console.log
      [Button] Has onClick in props: false

      at log (src/components/ui/Button.tsx:27:13)

    console.log
      [Button] All props: {}

      at log (src/components/ui/Button.tsx:28:13)

    console.log
      [Button] Rendering with type: submit

      at log (src/components/ui/Button.tsx:25:13)

    console.log
      [Button] Props received: {
        variant: 'primary',
        size: 'lg',
        type: 'submit',
        loading: false,
        disabled: false
      }

      at log (src/components/ui/Button.tsx:26:13)

    console.log
      [Button] Has onClick in props: false

      at log (src/components/ui/Button.tsx:27:13)

    console.log
      [Button] All props: {}

      at log (src/components/ui/Button.tsx:28:13)

    console.log
      [Button] Rendering with type: submit

      at log (src/components/ui/Button.tsx:25:13)

    console.log
      [Button] Props received: {
        variant: 'primary',
        size: 'lg',
        type: 'submit',
        loading: false,
        disabled: false
      }

      at log (src/components/ui/Button.tsx:26:13)

    console.log
      [Button] Has onClick in props: false

      at log (src/components/ui/Button.tsx:27:13)

    console.log
      [Button] All props: {}

      at log (src/components/ui/Button.tsx:28:13)

    console.log
      [Button] Rendering with type: submit

      at log (src/components/ui/Button.tsx:25:13)

    console.log
      [Button] Props received: {
        variant: 'primary',
        size: 'lg',
        type: 'submit',
        loading: false,
        disabled: false
      }

      at log (src/components/ui/Button.tsx:26:13)

    console.log
      [Button] Has onClick in props: false

      at log (src/components/ui/Button.tsx:27:13)

    console.log
      [Button] All props: {}

      at log (src/components/ui/Button.tsx:28:13)

    console.log
      [Button] Rendering with type: submit

      at log (src/components/ui/Button.tsx:25:13)

    console.log
      [Button] Props received: {
        variant: 'primary',
        size: 'lg',
        type: 'submit',
        loading: false,
        disabled: false
      }

      at log (src/components/ui/Button.tsx:26:13)

    console.log
      [Button] Has onClick in props: false

      at log (src/components/ui/Button.tsx:27:13)

    console.log
      [Button] All props: {}

      at log (src/components/ui/Button.tsx:28:13)

    console.log
      [Button] Rendering with type: submit

      at log (src/components/ui/Button.tsx:25:13)

    console.log
      [Button] Props received: {
        variant: 'primary',
        size: 'lg',
        type: 'submit',
        loading: false,
        disabled: false
      }

      at log (src/components/ui/Button.tsx:26:13)

    console.log
      [Button] Has onClick in props: false

      at log (src/components/ui/Button.tsx:27:13)

    console.log
      [Button] All props: {}

      at log (src/components/ui/Button.tsx:28:13)

    console.log
      [Button] Rendering with type: submit

      at log (src/components/ui/Button.tsx:25:13)

    console.log
      [Button] Props received: {
        variant: 'primary',
        size: 'lg',
        type: 'submit',
        loading: false,
        disabled: false
      }

      at log (src/components/ui/Button.tsx:26:13)

    console.log
      [Button] Has onClick in props: false

      at log (src/components/ui/Button.tsx:27:13)

    console.log
      [Button] All props: {}

      at log (src/components/ui/Button.tsx:28:13)

    console.log
      [Button] Rendering with type: submit

      at log (src/components/ui/Button.tsx:25:13)

    console.log
      [Button] Props received: {
        variant: 'primary',
        size: 'lg',
        type: 'submit',
        loading: false,
        disabled: false
      }

      at log (src/components/ui/Button.tsx:26:13)

    console.log
      [Button] Has onClick in props: false

      at log (src/components/ui/Button.tsx:27:13)

    console.log
      [Button] All props: {}

      at log (src/components/ui/Button.tsx:28:13)

    console.log
      [Button] Rendering with type: submit

      at log (src/components/ui/Button.tsx:25:13)

    console.log
      [Button] Props received: {
        variant: 'primary',
        size: 'lg',
        type: 'submit',
        loading: false,
        disabled: false
      }

      at log (src/components/ui/Button.tsx:26:13)

    console.log
      [Button] Has onClick in props: false

      at log (src/components/ui/Button.tsx:27:13)

    console.log
      [Button] All props: {}

      at log (src/components/ui/Button.tsx:28:13)

    console.log
      [Button] Rendering with type: submit

      at log (src/components/ui/Button.tsx:25:13)

    console.log
      [Button] Props received: {
        variant: 'primary',
        size: 'lg',
        type: 'submit',
        loading: false,
        disabled: false
      }

      at log (src/components/ui/Button.tsx:26:13)

    console.log
      [Button] Has onClick in props: false

      at log (src/components/ui/Button.tsx:27:13)

    console.log
      [Button] All props: {}

      at log (src/components/ui/Button.tsx:28:13)

    console.log
      [Button] Rendering with type: submit

      at log (src/components/ui/Button.tsx:25:13)

    console.log
      [Button] Props received: {
        variant: 'primary',
        size: 'lg',
        type: 'submit',
        loading: false,
        disabled: false
      }

      at log (src/components/ui/Button.tsx:26:13)

    console.log
      [Button] Has onClick in props: false

      at log (src/components/ui/Button.tsx:27:13)

    console.log
      [Button] All props: {}

      at log (src/components/ui/Button.tsx:28:13)

    console.log
      [Button] Rendering with type: submit

      at log (src/components/ui/Button.tsx:25:13)

    console.log
      [Button] Props received: {
        variant: 'primary',
        size: 'lg',
        type: 'submit',
        loading: false,
        disabled: false
      }

      at log (src/components/ui/Button.tsx:26:13)

    console.log
      [Button] Has onClick in props: false

      at log (src/components/ui/Button.tsx:27:13)

    console.log
      [Button] All props: {}

      at log (src/components/ui/Button.tsx:28:13)

    console.log
      [Button] Rendering with type: submit

      at log (src/components/ui/Button.tsx:25:13)

    console.log
      [Button] Props received: {
        variant: 'primary',
        size: 'lg',
        type: 'submit',
        loading: false,
        disabled: false
      }

      at log (src/components/ui/Button.tsx:26:13)

    console.log
      [Button] Has onClick in props: false

      at log (src/components/ui/Button.tsx:27:13)

    console.log
      [Button] All props: {}

      at log (src/components/ui/Button.tsx:28:13)

    console.log
      [Button] Rendering with type: submit

      at log (src/components/ui/Button.tsx:25:13)

    console.log
      [Button] Props received: {
        variant: 'primary',
        size: 'lg',
        type: 'submit',
        loading: false,
        disabled: false
      }

      at log (src/components/ui/Button.tsx:26:13)

    console.log
      [Button] Has onClick in props: false

      at log (src/components/ui/Button.tsx:27:13)

    console.log
      [Button] All props: {}

      at log (src/components/ui/Button.tsx:28:13)

    console.log
      [Button] Rendering with type: submit

      at log (src/components/ui/Button.tsx:25:13)

    console.log
      [Button] Props received: {
        variant: 'primary',
        size: 'lg',
        type: 'submit',
        loading: false,
        disabled: false
      }

      at log (src/components/ui/Button.tsx:26:13)

    console.log
      [Button] Has onClick in props: false

      at log (src/components/ui/Button.tsx:27:13)

    console.log
      [Button] All props: {}

      at log (src/components/ui/Button.tsx:28:13)

    console.log
      [Button] Rendering with type: submit

      at log (src/components/ui/Button.tsx:25:13)

    console.log
      [Button] Props received: {
        variant: 'primary',
        size: 'lg',
        type: 'submit',
        loading: false,
        disabled: false
      }

      at log (src/components/ui/Button.tsx:26:13)

    console.log
      [Button] Has onClick in props: false

      at log (src/components/ui/Button.tsx:27:13)

    console.log
      [Button] All props: {}

      at log (src/components/ui/Button.tsx:28:13)

    console.log
      [Button] Rendering with type: submit

      at log (src/components/ui/Button.tsx:25:13)

    console.log
      [Button] Props received: {
        variant: 'primary',
        size: 'lg',
        type: 'submit',
        loading: false,
        disabled: false
      }

      at log (src/components/ui/Button.tsx:26:13)

    console.log
      [Button] Has onClick in props: false

      at log (src/components/ui/Button.tsx:27:13)

    console.log
      [Button] All props: {}

      at log (src/components/ui/Button.tsx:28:13)

    console.log
      [Button] Rendering with type: submit

      at log (src/components/ui/Button.tsx:25:13)

    console.log
      [Button] Props received: {
        variant: 'primary',
        size: 'lg',
        type: 'submit',
        loading: false,
        disabled: false
      }

      at log (src/components/ui/Button.tsx:26:13)

    console.log
      [Button] Has onClick in props: false

      at log (src/components/ui/Button.tsx:27:13)

    console.log
      [Button] All props: {}

      at log (src/components/ui/Button.tsx:28:13)

    console.log
      [Button] Rendering with type: submit

      at log (src/components/ui/Button.tsx:25:13)

    console.log
      [Button] Props received: {
        variant: 'primary',
        size: 'lg',
        type: 'submit',
        loading: false,
        disabled: false
      }

      at log (src/components/ui/Button.tsx:26:13)

    console.log
      [Button] Has onClick in props: false

      at log (src/components/ui/Button.tsx:27:13)

    console.log
      [Button] All props: {}

      at log (src/components/ui/Button.tsx:28:13)

    console.log
      [Button] Rendering with type: submit

      at log (src/components/ui/Button.tsx:25:13)

    console.log
      [Button] Props received: {
        variant: 'primary',
        size: 'lg',
        type: 'submit',
        loading: false,
        disabled: false
      }

      at log (src/components/ui/Button.tsx:26:13)

    console.log
      [Button] Has onClick in props: false

      at log (src/components/ui/Button.tsx:27:13)

    console.log
      [Button] All props: {}

      at log (src/components/ui/Button.tsx:28:13)

    console.log
      [Button] Rendering with type: submit

      at log (src/components/ui/Button.tsx:25:13)

    console.log
      [Button] Props received: {
        variant: 'primary',
        size: 'lg',
        type: 'submit',
        loading: false,
        disabled: false
      }

      at log (src/components/ui/Button.tsx:26:13)

    console.log
      [Button] Has onClick in props: false

      at log (src/components/ui/Button.tsx:27:13)

    console.log
      [Button] All props: {}

      at log (src/components/ui/Button.tsx:28:13)

    console.log
      [Button] Rendering with type: submit

      at log (src/components/ui/Button.tsx:25:13)

    console.log
      [Button] Props received: {
        variant: 'primary',
        size: 'lg',
        type: 'submit',
        loading: false,
        disabled: false
      }

      at log (src/components/ui/Button.tsx:26:13)

    console.log
      [Button] Has onClick in props: false

      at log (src/components/ui/Button.tsx:27:13)

    console.log
      [Button] All props: {}

      at log (src/components/ui/Button.tsx:28:13)

    console.log
      [Button] Rendering with type: submit

      at log (src/components/ui/Button.tsx:25:13)

    console.log
      [Button] Props received: {
        variant: 'primary',
        size: 'lg',
        type: 'submit',
        loading: false,
        disabled: false
      }

      at log (src/components/ui/Button.tsx:26:13)

    console.log
      [Button] Has onClick in props: false

      at log (src/components/ui/Button.tsx:27:13)

    console.log
      [Button] All props: {}

      at log (src/components/ui/Button.tsx:28:13)

    console.log
      [Button] Rendering with type: submit

      at log (src/components/ui/Button.tsx:25:13)

    console.log
      [Button] Props received: {
        variant: 'primary',
        size: 'lg',
        type: 'submit',
        loading: true,
        disabled: true
      }

      at log (src/components/ui/Button.tsx:26:13)

    console.log
      [Button] Has onClick in props: false

      at log (src/components/ui/Button.tsx:27:13)

    console.log
      [Button] All props: {}

      at log (src/components/ui/Button.tsx:28:13)

    console.log
      Form submission started

      at log (src/hooks/useLoginForm.ts:200:13)

    console.log
      Default behavior prevented

      at log (src/hooks/useLoginForm.ts:203:15)

    console.log
      [LoginFlowTracer] Trace started: b3820dfe-78ec-44b0-a31d-0f18db315a23

      at log (src/lib/auth/LoginFlowTracer.ts:52:15)

    console.log
      [useLoginForm] Login flow started { traceId: 'b3820dfe-78ec-44b0-a31d-0f18db315a23' }

      at log (src/hooks/useLoginForm.ts:208:13)

    console.log
      [useLoginForm] Calling API client login method { traceId: 'b3820dfe-78ec-44b0-a31d-0f18db315a23' }

      at log (src/hooks/useLoginForm.ts:230:15)

    console.log
      [AuthService] Login attempt {
        email: 'test@example.com',
        traceId: 'b3820dfe-78ec-44b0-a31d-0f18db315a23'
      }

      at AuthService.log [as login] (src/lib/api/authService.ts:140:15)

    console.log
      [AuthService] Calling backend API { traceId: 'b3820dfe-78ec-44b0-a31d-0f18db315a23' }

      at AuthService.log [as login] (src/lib/api/authService.ts:168:15)

    console.log
      [TokenManager] getToken attempt {
        storageKey: 'jwt_token',
        source: undefined,
        traceId: undefined,
        timestamp: '2026-02-08T19:37:43.223Z'
      }

      at log (src/lib/api/tokenManager.ts:322:11)

    console.log
      [TokenManager] Raw value retrieved {
        storageKey: 'jwt_token',
        valuePresent: false,
        valueLength: 0,
        valuePreview: 'null',
        traceId: undefined
      }

      at log (src/lib/api/tokenManager.ts:335:15)

    console.log
      [TokenManager] No token found in storage { storageKey: 'jwt_token', traceId: undefined }

      at log (src/lib/api/tokenManager.ts:358:21)

    console.warn
      [AuthLogger 2026-02-08T19:37:43.223Z] Token get failed

       98 |   } else {
       99 |     // In production, log minimal info
    > 100 |     consoleMethod(message);
          |     ^
      101 |   }
      102 | }
      103 |

      at consoleMethod (src/lib/auth/AuthLogger.ts:100:5)
      at log (src/lib/auth/AuthLogger.ts:175:3)
      at getToken (src/lib/api/tokenManager.ts:362:30)
      at src/lib/api/apiClient.ts:53:29
      at ApiClient.interceptor [as request] (src/lib/api/apiClient.ts:195:24)
      at ApiClient.request [as post] (src/lib/api/apiClient.ts:114:17)
      at AuthService.post [as login] (src/lib/api/authService.ts:169:45)
      at login (src/hooks/useLoginForm.ts:231:40)
      at errors (node_modules/react-hook-form/src/logic/createFormControl.ts:1293:24)

    console.log
      [TokenManager] getToken attempt {
        storageKey: 'jwt_token',
        source: undefined,
        traceId: undefined,
        timestamp: '2026-02-08T19:37:43.223Z'
      }

      at log (src/lib/api/tokenManager.ts:322:11)

    console.log
      [TokenManager] Raw value retrieved {
        storageKey: 'jwt_token',
        valuePresent: false,
        valueLength: 0,
        valuePreview: 'null',
        traceId: undefined
      }

      at log (src/lib/api/tokenManager.ts:335:15)

    console.log
      [TokenManager] No token found in storage { storageKey: 'jwt_token', traceId: undefined }

      at log (src/lib/api/tokenManager.ts:358:21)

    console.warn
      [AuthLogger 2026-02-08T19:37:43.224Z] Token get failed

       98 |   } else {
       99 |     // In production, log minimal info
    > 100 |     consoleMethod(message);
          |     ^
      101 |   }
      102 | }
      103 |

      at consoleMethod (src/lib/auth/AuthLogger.ts:100:5)
      at log (src/lib/auth/AuthLogger.ts:175:3)
      at getToken (src/lib/api/tokenManager.ts:362:30)
      at TokenManager.getToken (src/lib/api/tokenManager.ts:512:12)
      at getToken (src/lib/api/interceptors.ts:41:30)
      at ApiClient.interceptor [as request] (src/lib/api/apiClient.ts:195:24)

    console.log
      [AuthService] Backend response received {
        hasToken: false,
        email: undefined,
        traceId: 'b3820dfe-78ec-44b0-a31d-0f18db315a23'
      }

      at AuthService.log [as login] (src/lib/api/authService.ts:170:15)

    console.error
      [AuthService] Login error {
        error: 'Invalid login response: missing or invalid token',
        traceId: 'b3820dfe-78ec-44b0-a31d-0f18db315a23'
      }

      223 |       };
      224 |     } catch (error: any) {
    > 225 |       console.error('[AuthService] Login error', {
          |               ^
      226 |         error: error.message || String(error),
      227 |         traceId,
      228 |       });

      at AuthService.error (src/lib/api/authService.ts:225:15)
      at src/hooks/useLoginForm.ts:231:22
      at unset (node_modules/react-hook-form/src/logic/createFormControl.ts:1293:7)

    console.error
      [useLoginForm] Login failed {
        error: 'Unable to connect. Please check your internet connection.',
        traceId: 'b3820dfe-78ec-44b0-a31d-0f18db315a23'
      }

      259 |       } else {
      260 |         // Login failed - handle error
    > 261 |         console.error('[useLoginForm] Login failed', { error: result.error, traceId });
          |                 ^
      262 |         
      263 |         // Record attempt for authentication errors
      264 |         if (result.error === 'Invalid email or password') {

      at error (src/hooks/useLoginForm.ts:261:17)
      at unset (node_modules/react-hook-form/src/logic/createFormControl.ts:1293:7)

    console.error
      Login error: {
        type: 'authentication',
        message: 'Unable to connect. Please check your internet connection.'
      }

      139 |     // Error handling is managed by the LoginForm component
      140 |     // This callback is provided for potential future logging or analytics
    > 141 |     console.error('Login error:', error);
          |             ^
      142 |   };
      143 |
      144 |   return (

      at error (src/app/login/LoginPageClient.tsx:141:13)
      at onError (src/hooks/useLoginForm.ts:271:11)
      at unset (node_modules/react-hook-form/src/logic/createFormControl.ts:1293:7)

    console.log
      [Button] Rendering with type: submit

      at log (src/components/ui/Button.tsx:25:13)

    console.log
      [Button] Props received: {
        variant: 'primary',
        size: 'lg',
        type: 'submit',
        loading: false,
        disabled: false
      }

      at log (src/components/ui/Button.tsx:26:13)

    console.log
      [Button] Has onClick in props: false

      at log (src/components/ui/Button.tsx:27:13)

    console.log
      [Button] All props: {}

      at log (src/components/ui/Button.tsx:28:13)

    console.log
      [Button] Rendering with type: submit

      at log (src/components/ui/Button.tsx:25:13)

    console.log
      [Button] Props received: {
        variant: 'primary',
        size: 'lg',
        type: 'submit',
        loading: false,
        disabled: false
      }

      at log (src/components/ui/Button.tsx:26:13)

    console.log
      [Button] Has onClick in props: false

      at log (src/components/ui/Button.tsx:27:13)

    console.log
      [Button] All props: {}

      at log (src/components/ui/Button.tsx:28:13)

    console.log
      [Button] Rendering with type: submit

      at log (src/components/ui/Button.tsx:25:13)

    console.log
      [Button] Props received: {
        variant: 'primary',
        size: 'lg',
        type: 'submit',
        loading: false,
        disabled: false
      }

      at log (src/components/ui/Button.tsx:26:13)

    console.log
      [Button] Has onClick in props: false

      at log (src/components/ui/Button.tsx:27:13)

    console.log
      [Button] All props: {}

      at log (src/components/ui/Button.tsx:28:13)

    console.log
      [Button] Rendering with type: submit

      at log (src/components/ui/Button.tsx:25:13)

    console.log
      [Button] Props received: {
        variant: 'primary',
        size: 'lg',
        type: 'submit',
        loading: false,
        disabled: false
      }

      at log (src/components/ui/Button.tsx:26:13)

    console.log
      [Button] Has onClick in props: false

      at log (src/components/ui/Button.tsx:27:13)

    console.log
      [Button] All props: {}

      at log (src/components/ui/Button.tsx:28:13)

    console.log
      [Button] Rendering with type: submit

      at log (src/components/ui/Button.tsx:25:13)

    console.log
      [Button] Props received: {
        variant: 'primary',
        size: 'lg',
        type: 'submit',
        loading: false,
        disabled: false
      }

      at log (src/components/ui/Button.tsx:26:13)

    console.log
      [Button] Has onClick in props: false

      at log (src/components/ui/Button.tsx:27:13)

    console.log
      [Button] All props: {}

      at log (src/components/ui/Button.tsx:28:13)

    console.log
      [Button] Rendering with type: submit

      at log (src/components/ui/Button.tsx:25:13)

    console.log
      [Button] Props received: {
        variant: 'primary',
        size: 'lg',
        type: 'submit',
        loading: false,
        disabled: false
      }

      at log (src/components/ui/Button.tsx:26:13)

    console.log
      [Button] Has onClick in props: false

      at log (src/components/ui/Button.tsx:27:13)

    console.log
      [Button] All props: {}

      at log (src/components/ui/Button.tsx:28:13)

    console.log
      [Button] Rendering with type: submit

      at log (src/components/ui/Button.tsx:25:13)

    console.log
      [Button] Props received: {
        variant: 'primary',
        size: 'lg',
        type: 'submit',
        loading: false,
        disabled: false
      }

      at log (src/components/ui/Button.tsx:26:13)

    console.log
      [Button] Has onClick in props: false

      at log (src/components/ui/Button.tsx:27:13)

    console.log
      [Button] All props: {}

      at log (src/components/ui/Button.tsx:28:13)

    console.log
      [Button] Rendering with type: submit

      at log (src/components/ui/Button.tsx:25:13)

    console.log
      [Button] Props received: {
        variant: 'primary',
        size: 'lg',
        type: 'submit',
        loading: false,
        disabled: false
      }

      at log (src/components/ui/Button.tsx:26:13)

    console.log
      [Button] Has onClick in props: false

      at log (src/components/ui/Button.tsx:27:13)

    console.log
      [Button] All props: {}

      at log (src/components/ui/Button.tsx:28:13)

    console.log
      [Button] Rendering with type: submit

      at log (src/components/ui/Button.tsx:25:13)

    console.log
      [Button] Props received: {
        variant: 'primary',
        size: 'lg',
        type: 'submit',
        loading: false,
        disabled: false
      }

      at log (src/components/ui/Button.tsx:26:13)

    console.log
      [Button] Has onClick in props: false

      at log (src/components/ui/Button.tsx:27:13)

    console.log
      [Button] All props: {}

      at log (src/components/ui/Button.tsx:28:13)

    console.log
      [Button] Rendering with type: submit

      at log (src/components/ui/Button.tsx:25:13)

    console.log
      [Button] Props received: {
        variant: 'primary',
        size: 'lg',
        type: 'submit',
        loading: false,
        disabled: false
      }

      at log (src/components/ui/Button.tsx:26:13)

    console.log
      [Button] Has onClick in props: false

      at log (src/components/ui/Button.tsx:27:13)

    console.log
      [Button] All props: {}

      at log (src/components/ui/Button.tsx:28:13)

    console.log
      [Button] Rendering with type: submit

      at log (src/components/ui/Button.tsx:25:13)

    console.log
      [Button] Props received: {
        variant: 'primary',
        size: 'lg',
        type: 'submit',
        loading: false,
        disabled: false
      }

      at log (src/components/ui/Button.tsx:26:13)

    console.log
      [Button] Has onClick in props: false

      at log (src/components/ui/Button.tsx:27:13)

    console.log
      [Button] All props: {}

      at log (src/components/ui/Button.tsx:28:13)

    console.log
      [Button] Rendering with type: submit

      at log (src/components/ui/Button.tsx:25:13)

    console.log
      [Button] Props received: {
        variant: 'primary',
        size: 'lg',
        type: 'submit',
        loading: false,
        disabled: false
      }

      at log (src/components/ui/Button.tsx:26:13)

    console.log
      [Button] Has onClick in props: false

      at log (src/components/ui/Button.tsx:27:13)

    console.log
      [Button] All props: {}

      at log (src/components/ui/Button.tsx:28:13)

    console.log
      [Button] Rendering with type: submit

      at log (src/components/ui/Button.tsx:25:13)

    console.log
      [Button] Props received: {
        variant: 'primary',
        size: 'lg',
        type: 'submit',
        loading: false,
        disabled: false
      }

      at log (src/components/ui/Button.tsx:26:13)

    console.log
      [Button] Has onClick in props: false

      at log (src/components/ui/Button.tsx:27:13)

    console.log
      [Button] All props: {}

      at log (src/components/ui/Button.tsx:28:13)

    console.log
      [Button] Rendering with type: submit

      at log (src/components/ui/Button.tsx:25:13)

    console.log
      [Button] Props received: {
        variant: 'primary',
        size: 'lg',
        type: 'submit',
        loading: false,
        disabled: false
      }

      at log (src/components/ui/Button.tsx:26:13)

    console.log
      [Button] Has onClick in props: false

      at log (src/components/ui/Button.tsx:27:13)

    console.log
      [Button] All props: {}

      at log (src/components/ui/Button.tsx:28:13)

    console.log
      [Button] Rendering with type: submit

      at log (src/components/ui/Button.tsx:25:13)

    console.log
      [Button] Props received: {
        variant: 'primary',
        size: 'lg',
        type: 'submit',
        loading: false,
        disabled: false
      }

      at log (src/components/ui/Button.tsx:26:13)

    console.log
      [Button] Has onClick in props: false

      at log (src/components/ui/Button.tsx:27:13)

    console.log
      [Button] All props: {}

      at log (src/components/ui/Button.tsx:28:13)

    console.log
      [Button] Rendering with type: submit

      at log (src/components/ui/Button.tsx:25:13)

    console.log
      [Button] Props received: {
        variant: 'primary',
        size: 'lg',
        type: 'submit',
        loading: false,
        disabled: false
      }

      at log (src/components/ui/Button.tsx:26:13)

    console.log
      [Button] Has onClick in props: false

      at log (src/components/ui/Button.tsx:27:13)

    console.log
      [Button] All props: {}

      at log (src/components/ui/Button.tsx:28:13)

    console.log
      [Button] Rendering with type: submit

      at log (src/components/ui/Button.tsx:25:13)

    console.log
      [Button] Props received: {
        variant: 'primary',
        size: 'lg',
        type: 'submit',
        loading: false,
        disabled: false
      }

      at log (src/components/ui/Button.tsx:26:13)

    console.log
      [Button] Has onClick in props: false

      at log (src/components/ui/Button.tsx:27:13)

    console.log
      [Button] All props: {}

      at log (src/components/ui/Button.tsx:28:13)

    console.log
      [Button] Rendering with type: submit

      at log (src/components/ui/Button.tsx:25:13)

    console.log
      [Button] Props received: {
        variant: 'primary',
        size: 'lg',
        type: 'submit',
        loading: false,
        disabled: false
      }

      at log (src/components/ui/Button.tsx:26:13)

    console.log
      [Button] Has onClick in props: false

      at log (src/components/ui/Button.tsx:27:13)

    console.log
      [Button] All props: {}

      at log (src/components/ui/Button.tsx:28:13)

    console.log
      [Button] Rendering with type: submit

      at log (src/components/ui/Button.tsx:25:13)

    console.log
      [Button] Props received: {
        variant: 'primary',
        size: 'lg',
        type: 'submit',
        loading: false,
        disabled: false
      }

      at log (src/components/ui/Button.tsx:26:13)

    console.log
      [Button] Has onClick in props: false

      at log (src/components/ui/Button.tsx:27:13)

    console.log
      [Button] All props: {}

      at log (src/components/ui/Button.tsx:28:13)

    console.log
      [Button] Rendering with type: submit

      at log (src/components/ui/Button.tsx:25:13)

    console.log
      [Button] Props received: {
        variant: 'primary',
        size: 'lg',
        type: 'submit',
        loading: false,
        disabled: false
      }

      at log (src/components/ui/Button.tsx:26:13)

    console.log
      [Button] Has onClick in props: false

      at log (src/components/ui/Button.tsx:27:13)

    console.log
      [Button] All props: {}

      at log (src/components/ui/Button.tsx:28:13)

    console.log
      [Button] Rendering with type: submit

      at log (src/components/ui/Button.tsx:25:13)

    console.log
      [Button] Props received: {
        variant: 'primary',
        size: 'lg',
        type: 'submit',
        loading: false,
        disabled: false
      }

      at log (src/components/ui/Button.tsx:26:13)

    console.log
      [Button] Has onClick in props: false

      at log (src/components/ui/Button.tsx:27:13)

    console.log
      [Button] All props: {}

      at log (src/components/ui/Button.tsx:28:13)

    console.log
      [Button] Rendering with type: submit

      at log (src/components/ui/Button.tsx:25:13)

    console.log
      [Button] Props received: {
        variant: 'primary',
        size: 'lg',
        type: 'submit',
        loading: false,
        disabled: false
      }

      at log (src/components/ui/Button.tsx:26:13)

    console.log
      [Button] Has onClick in props: false

      at log (src/components/ui/Button.tsx:27:13)

    console.log
      [Button] All props: {}

      at log (src/components/ui/Button.tsx:28:13)

    console.log
      [Button] Rendering with type: submit

      at log (src/components/ui/Button.tsx:25:13)

    console.log
      [Button] Props received: {
        variant: 'primary',
        size: 'lg',
        type: 'submit',
        loading: false,
        disabled: false
      }

      at log (src/components/ui/Button.tsx:26:13)

    console.log
      [Button] Has onClick in props: false

      at log (src/components/ui/Button.tsx:27:13)

    console.log
      [Button] All props: {}

      at log (src/components/ui/Button.tsx:28:13)

    console.log
      [Button] Rendering with type: submit

      at log (src/components/ui/Button.tsx:25:13)

    console.log
      [Button] Props received: {
        variant: 'primary',
        size: 'lg',
        type: 'submit',
        loading: false,
        disabled: false
      }

      at log (src/components/ui/Button.tsx:26:13)

    console.log
      [Button] Has onClick in props: false

      at log (src/components/ui/Button.tsx:27:13)

    console.log
      [Button] All props: {}

      at log (src/components/ui/Button.tsx:28:13)

    console.log
      [Button] Rendering with type: submit

      at log (src/components/ui/Button.tsx:25:13)

    console.log
      [Button] Props received: {
        variant: 'primary',
        size: 'lg',
        type: 'submit',
        loading: false,
        disabled: false
      }

      at log (src/components/ui/Button.tsx:26:13)

    console.log
      [Button] Has onClick in props: false

      at log (src/components/ui/Button.tsx:27:13)

    console.log
      [Button] All props: {}

      at log (src/components/ui/Button.tsx:28:13)

    console.log
      [Button] Rendering with type: submit

      at log (src/components/ui/Button.tsx:25:13)

    console.log
      [Button] Props received: {
        variant: 'primary',
        size: 'lg',
        type: 'submit',
        loading: false,
        disabled: false
      }

      at log (src/components/ui/Button.tsx:26:13)

    console.log
      [Button] Has onClick in props: false

      at log (src/components/ui/Button.tsx:27:13)

    console.log
      [Button] All props: {}

      at log (src/components/ui/Button.tsx:28:13)

    console.log
      [Button] Rendering with type: submit

      at log (src/components/ui/Button.tsx:25:13)

    console.log
      [Button] Props received: {
        variant: 'primary',
        size: 'lg',
        type: 'submit',
        loading: false,
        disabled: false
      }

      at log (src/components/ui/Button.tsx:26:13)

    console.log
      [Button] Has onClick in props: false

      at log (src/components/ui/Button.tsx:27:13)

    console.log
      [Button] All props: {}

      at log (src/components/ui/Button.tsx:28:13)

    console.log
      [Button] Rendering with type: submit

      at log (src/components/ui/Button.tsx:25:13)

    console.log
      [Button] Props received: {
        variant: 'primary',
        size: 'lg',
        type: 'submit',
        loading: false,
        disabled: false
      }

      at log (src/components/ui/Button.tsx:26:13)

    console.log
      [Button] Has onClick in props: false

      at log (src/components/ui/Button.tsx:27:13)

    console.log
      [Button] All props: {}

      at log (src/components/ui/Button.tsx:28:13)

    console.log
      [Button] Rendering with type: submit

      at log (src/components/ui/Button.tsx:25:13)

    console.log
      [Button] Props received: {
        variant: 'primary',
        size: 'lg',
        type: 'submit',
        loading: false,
        disabled: false
      }

      at log (src/components/ui/Button.tsx:26:13)

    console.log
      [Button] Has onClick in props: false

      at log (src/components/ui/Button.tsx:27:13)

    console.log
      [Button] All props: {}

      at log (src/components/ui/Button.tsx:28:13)

    console.log
      [Button] Rendering with type: submit

      at log (src/components/ui/Button.tsx:25:13)

    console.log
      [Button] Props received: {
        variant: 'primary',
        size: 'lg',
        type: 'submit',
        loading: false,
        disabled: false
      }

      at log (src/components/ui/Button.tsx:26:13)

    console.log
      [Button] Has onClick in props: false

      at log (src/components/ui/Button.tsx:27:13)

    console.log
      [Button] All props: {}

      at log (src/components/ui/Button.tsx:28:13)

    console.log
      [Button] Rendering with type: submit

      at log (src/components/ui/Button.tsx:25:13)

    console.log
      [Button] Props received: {
        variant: 'primary',
        size: 'lg',
        type: 'submit',
        loading: false,
        disabled: false
      }

      at log (src/components/ui/Button.tsx:26:13)

    console.log
      [Button] Has onClick in props: false

      at log (src/components/ui/Button.tsx:27:13)

    console.log
      [Button] All props: {}

      at log (src/components/ui/Button.tsx:28:13)

    console.log
      [Button] Rendering with type: submit

      at log (src/components/ui/Button.tsx:25:13)

    console.log
      [Button] Props received: {
        variant: 'primary',
        size: 'lg',
        type: 'submit',
        loading: true,
        disabled: true
      }

      at log (src/components/ui/Button.tsx:26:13)

    console.log
      [Button] Has onClick in props: false

      at log (src/components/ui/Button.tsx:27:13)

    console.log
      [Button] All props: {}

      at log (src/components/ui/Button.tsx:28:13)

    console.log
      Form submission started

      at log (src/hooks/useLoginForm.ts:200:13)

    console.log
      Default behavior prevented

      at log (src/hooks/useLoginForm.ts:203:15)

    console.log
      [LoginFlowTracer] Trace started: 1a427d6c-c742-46b8-a6d5-db07fe26caa7

      at log (src/lib/auth/LoginFlowTracer.ts:52:15)

    console.log
      [useLoginForm] Login flow started { traceId: '1a427d6c-c742-46b8-a6d5-db07fe26caa7' }

      at log (src/hooks/useLoginForm.ts:208:13)

    console.log
      [useLoginForm] Calling API client login method { traceId: '1a427d6c-c742-46b8-a6d5-db07fe26caa7' }

      at log (src/hooks/useLoginForm.ts:230:15)

    console.log
      [AuthService] Login attempt {
        email: 'test@example.com',
        traceId: '1a427d6c-c742-46b8-a6d5-db07fe26caa7'
      }

      at AuthService.log [as login] (src/lib/api/authService.ts:140:15)

    console.log
      [AuthService] Calling backend API { traceId: '1a427d6c-c742-46b8-a6d5-db07fe26caa7' }

      at AuthService.log [as login] (src/lib/api/authService.ts:168:15)

    console.log
      [TokenManager] getToken attempt {
        storageKey: 'jwt_token',
        source: undefined,
        traceId: undefined,
        timestamp: '2026-02-08T19:37:48.385Z'
      }

      at log (src/lib/api/tokenManager.ts:322:11)

    console.log
      [TokenManager] Raw value retrieved {
        storageKey: 'jwt_token',
        valuePresent: false,
        valueLength: 0,
        valuePreview: 'null',
        traceId: undefined
      }

      at log (src/lib/api/tokenManager.ts:335:15)

    console.log
      [TokenManager] No token found in storage { storageKey: 'jwt_token', traceId: undefined }

      at log (src/lib/api/tokenManager.ts:358:21)

    console.warn
      [AuthLogger 2026-02-08T19:37:48.389Z] Token get failed

       98 |   } else {
       99 |     // In production, log minimal info
    > 100 |     consoleMethod(message);
          |     ^
      101 |   }
      102 | }
      103 |

      at consoleMethod (src/lib/auth/AuthLogger.ts:100:5)
      at log (src/lib/auth/AuthLogger.ts:175:3)
      at getToken (src/lib/api/tokenManager.ts:362:30)
      at src/lib/api/apiClient.ts:53:29
      at ApiClient.interceptor [as request] (src/lib/api/apiClient.ts:195:24)
      at ApiClient.request [as post] (src/lib/api/apiClient.ts:114:17)
      at AuthService.post [as login] (src/lib/api/authService.ts:169:45)
      at login (src/hooks/useLoginForm.ts:231:40)
      at errors (node_modules/react-hook-form/src/logic/createFormControl.ts:1293:24)

    console.log
      [TokenManager] getToken attempt {
        storageKey: 'jwt_token',
        source: undefined,
        traceId: undefined,
        timestamp: '2026-02-08T19:37:48.389Z'
      }

      at log (src/lib/api/tokenManager.ts:322:11)

    console.log
      [TokenManager] Raw value retrieved {
        storageKey: 'jwt_token',
        valuePresent: false,
        valueLength: 0,
        valuePreview: 'null',
        traceId: undefined
      }

      at log (src/lib/api/tokenManager.ts:335:15)

    console.log
      [TokenManager] No token found in storage { storageKey: 'jwt_token', traceId: undefined }

      at log (src/lib/api/tokenManager.ts:358:21)

    console.warn
      [AuthLogger 2026-02-08T19:37:48.389Z] Token get failed

       98 |   } else {
       99 |     // In production, log minimal info
    > 100 |     consoleMethod(message);
          |     ^
      101 |   }
      102 | }
      103 |

      at consoleMethod (src/lib/auth/AuthLogger.ts:100:5)
      at log (src/lib/auth/AuthLogger.ts:175:3)
      at getToken (src/lib/api/tokenManager.ts:362:30)
      at TokenManager.getToken (src/lib/api/tokenManager.ts:512:12)
      at getToken (src/lib/api/interceptors.ts:41:30)
      at ApiClient.interceptor [as request] (src/lib/api/apiClient.ts:195:24)

    console.log
      [AuthService] Backend response received {
        hasToken: false,
        email: undefined,
        traceId: '1a427d6c-c742-46b8-a6d5-db07fe26caa7'
      }

      at AuthService.log [as login] (src/lib/api/authService.ts:170:15)

    console.error
      [AuthService] Login error {
        error: 'Invalid login response: missing or invalid token',
        traceId: '1a427d6c-c742-46b8-a6d5-db07fe26caa7'
      }

      223 |       };
      224 |     } catch (error: any) {
    > 225 |       console.error('[AuthService] Login error', {
          |               ^
      226 |         error: error.message || String(error),
      227 |         traceId,
      228 |       });

      at AuthService.error (src/lib/api/authService.ts:225:15)
      at src/hooks/useLoginForm.ts:231:22
      at unset (node_modules/react-hook-form/src/logic/createFormControl.ts:1293:7)

    console.error
      [useLoginForm] Login failed {
        error: 'Unable to connect. Please check your internet connection.',
        traceId: '1a427d6c-c742-46b8-a6d5-db07fe26caa7'
      }

      259 |       } else {
      260 |         // Login failed - handle error
    > 261 |         console.error('[useLoginForm] Login failed', { error: result.error, traceId });
          |                 ^
      262 |         
      263 |         // Record attempt for authentication errors
      264 |         if (result.error === 'Invalid email or password') {

      at error (src/hooks/useLoginForm.ts:261:17)
      at unset (node_modules/react-hook-form/src/logic/createFormControl.ts:1293:7)

    console.error
      Login error: {
        type: 'authentication',
        message: 'Unable to connect. Please check your internet connection.'
      }

      139 |     // Error handling is managed by the LoginForm component
      140 |     // This callback is provided for potential future logging or analytics
    > 141 |     console.error('Login error:', error);
          |             ^
      142 |   };
      143 |
      144 |   return (

      at error (src/app/login/LoginPageClient.tsx:141:13)
      at onError (src/hooks/useLoginForm.ts:271:11)
      at unset (node_modules/react-hook-form/src/logic/createFormControl.ts:1293:7)

    console.log
      [Button] Rendering with type: submit

      at log (src/components/ui/Button.tsx:25:13)

    console.log
      [Button] Props received: {
        variant: 'primary',
        size: 'lg',
        type: 'submit',
        loading: false,
        disabled: false
      }

      at log (src/components/ui/Button.tsx:26:13)

    console.log
      [Button] Has onClick in props: false

      at log (src/components/ui/Button.tsx:27:13)

    console.log
      [Button] All props: {}

      at log (src/components/ui/Button.tsx:28:13)

    console.log
      [Button] Rendering with type: submit

      at log (src/components/ui/Button.tsx:25:13)

    console.log
      [Button] Props received: {
        variant: 'primary',
        size: 'lg',
        type: 'submit',
        loading: false,
        disabled: false
      }

      at log (src/components/ui/Button.tsx:26:13)

    console.log
      [Button] Has onClick in props: false

      at log (src/components/ui/Button.tsx:27:13)

    console.log
      [Button] All props: {}

      at log (src/components/ui/Button.tsx:28:13)

    console.log
      [Button] Rendering with type: submit

      at log (src/components/ui/Button.tsx:25:13)

    console.log
      [Button] Props received: {
        variant: 'primary',
        size: 'lg',
        type: 'submit',
        loading: false,
        disabled: false
      }

      at log (src/components/ui/Button.tsx:26:13)

    console.log
      [Button] Has onClick in props: false

      at log (src/components/ui/Button.tsx:27:13)

    console.log
      [Button] All props: {}

      at log (src/components/ui/Button.tsx:28:13)

    console.log
      [Button] Rendering with type: submit

      at log (src/components/ui/Button.tsx:25:13)

    console.log
      [Button] Props received: {
        variant: 'primary',
        size: 'lg',
        type: 'submit',
        loading: false,
        disabled: false
      }

      at log (src/components/ui/Button.tsx:26:13)

    console.log
      [Button] Has onClick in props: false

      at log (src/components/ui/Button.tsx:27:13)

    console.log
      [Button] All props: {}

      at log (src/components/ui/Button.tsx:28:13)

    console.log
      [Button] Rendering with type: submit

      at log (src/components/ui/Button.tsx:25:13)

    console.log
      [Button] Props received: {
        variant: 'primary',
        size: 'lg',
        type: 'submit',
        loading: false,
        disabled: false
      }

      at log (src/components/ui/Button.tsx:26:13)

    console.log
      [Button] Has onClick in props: false

      at log (src/components/ui/Button.tsx:27:13)

    console.log
      [Button] All props: {}

      at log (src/components/ui/Button.tsx:28:13)

    console.log
      [Button] Rendering with type: submit

      at log (src/components/ui/Button.tsx:25:13)

    console.log
      [Button] Props received: {
        variant: 'primary',
        size: 'lg',
        type: 'submit',
        loading: false,
        disabled: false
      }

      at log (src/components/ui/Button.tsx:26:13)

    console.log
      [Button] Has onClick in props: false

      at log (src/components/ui/Button.tsx:27:13)

    console.log
      [Button] All props: {}

      at log (src/components/ui/Button.tsx:28:13)

    console.log
      [Button] Rendering with type: submit

      at log (src/components/ui/Button.tsx:25:13)

    console.log
      [Button] Props received: {
        variant: 'primary',
        size: 'lg',
        type: 'submit',
        loading: false,
        disabled: false
      }

      at log (src/components/ui/Button.tsx:26:13)

    console.log
      [Button] Has onClick in props: false

      at log (src/components/ui/Button.tsx:27:13)

    console.log
      [Button] All props: {}

      at log (src/components/ui/Button.tsx:28:13)

    console.log
      [Button] Rendering with type: submit

      at log (src/components/ui/Button.tsx:25:13)

    console.log
      [Button] Props received: {
        variant: 'primary',
        size: 'lg',
        type: 'submit',
        loading: false,
        disabled: false
      }

      at log (src/components/ui/Button.tsx:26:13)

    console.log
      [Button] Has onClick in props: false

      at log (src/components/ui/Button.tsx:27:13)

    console.log
      [Button] All props: {}

      at log (src/components/ui/Button.tsx:28:13)

    console.log
      [Button] Rendering with type: submit

      at log (src/components/ui/Button.tsx:25:13)

    console.log
      [Button] Props received: {
        variant: 'primary',
        size: 'lg',
        type: 'submit',
        loading: false,
        disabled: false
      }

      at log (src/components/ui/Button.tsx:26:13)

    console.log
      [Button] Has onClick in props: false

      at log (src/components/ui/Button.tsx:27:13)

    console.log
      [Button] All props: {}

      at log (src/components/ui/Button.tsx:28:13)

    console.log
      [Button] Rendering with type: submit

      at log (src/components/ui/Button.tsx:25:13)

    console.log
      [Button] Props received: {
        variant: 'primary',
        size: 'lg',
        type: 'submit',
        loading: false,
        disabled: false
      }

      at log (src/components/ui/Button.tsx:26:13)

    console.log
      [Button] Has onClick in props: false

      at log (src/components/ui/Button.tsx:27:13)

    console.log
      [Button] All props: {}

      at log (src/components/ui/Button.tsx:28:13)

    console.log
      [Button] Rendering with type: submit

      at log (src/components/ui/Button.tsx:25:13)

    console.log
      [Button] Props received: {
        variant: 'primary',
        size: 'lg',
        type: 'submit',
        loading: false,
        disabled: false
      }

      at log (src/components/ui/Button.tsx:26:13)

    console.log
      [Button] Has onClick in props: false

      at log (src/components/ui/Button.tsx:27:13)

    console.log
      [Button] All props: {}

      at log (src/components/ui/Button.tsx:28:13)

    console.log
      [Button] Rendering with type: submit

      at log (src/components/ui/Button.tsx:25:13)

    console.log
      [Button] Props received: {
        variant: 'primary',
        size: 'lg',
        type: 'submit',
        loading: false,
        disabled: false
      }

      at log (src/components/ui/Button.tsx:26:13)

    console.log
      [Button] Has onClick in props: false

      at log (src/components/ui/Button.tsx:27:13)

    console.log
      [Button] All props: {}

      at log (src/components/ui/Button.tsx:28:13)

    console.log
      [Button] Rendering with type: submit

      at log (src/components/ui/Button.tsx:25:13)

    console.log
      [Button] Props received: {
        variant: 'primary',
        size: 'lg',
        type: 'submit',
        loading: false,
        disabled: false
      }

      at log (src/components/ui/Button.tsx:26:13)

    console.log
      [Button] Has onClick in props: false

      at log (src/components/ui/Button.tsx:27:13)

    console.log
      [Button] All props: {}

      at log (src/components/ui/Button.tsx:28:13)

    console.log
      [Button] Rendering with type: submit

      at log (src/components/ui/Button.tsx:25:13)

    console.log
      [Button] Props received: {
        variant: 'primary',
        size: 'lg',
        type: 'submit',
        loading: false,
        disabled: false
      }

      at log (src/components/ui/Button.tsx:26:13)

    console.log
      [Button] Has onClick in props: false

      at log (src/components/ui/Button.tsx:27:13)

    console.log
      [Button] All props: {}

      at log (src/components/ui/Button.tsx:28:13)

    console.log
      [Button] Rendering with type: submit

      at log (src/components/ui/Button.tsx:25:13)

    console.log
      [Button] Props received: {
        variant: 'primary',
        size: 'lg',
        type: 'submit',
        loading: false,
        disabled: false
      }

      at log (src/components/ui/Button.tsx:26:13)

    console.log
      [Button] Has onClick in props: false

      at log (src/components/ui/Button.tsx:27:13)

    console.log
      [Button] All props: {}

      at log (src/components/ui/Button.tsx:28:13)

    console.log
      [Button] Rendering with type: submit

      at log (src/components/ui/Button.tsx:25:13)

    console.log
      [Button] Props received: {
        variant: 'primary',
        size: 'lg',
        type: 'submit',
        loading: false,
        disabled: false
      }

      at log (src/components/ui/Button.tsx:26:13)

    console.log
      [Button] Has onClick in props: false

      at log (src/components/ui/Button.tsx:27:13)

    console.log
      [Button] All props: {}

      at log (src/components/ui/Button.tsx:28:13)

    console.log
      [Button] Rendering with type: submit

      at log (src/components/ui/Button.tsx:25:13)

    console.log
      [Button] Props received: {
        variant: 'primary',
        size: 'lg',
        type: 'submit',
        loading: false,
        disabled: false
      }

      at log (src/components/ui/Button.tsx:26:13)

    console.log
      [Button] Has onClick in props: false

      at log (src/components/ui/Button.tsx:27:13)

    console.log
      [Button] All props: {}

      at log (src/components/ui/Button.tsx:28:13)

    console.log
      [Button] Rendering with type: submit

      at log (src/components/ui/Button.tsx:25:13)

    console.log
      [Button] Props received: {
        variant: 'primary',
        size: 'lg',
        type: 'submit',
        loading: false,
        disabled: false
      }

      at log (src/components/ui/Button.tsx:26:13)

    console.log
      [Button] Has onClick in props: false

      at log (src/components/ui/Button.tsx:27:13)

    console.log
      [Button] All props: {}

      at log (src/components/ui/Button.tsx:28:13)

    console.log
      [Button] Rendering with type: submit

      at log (src/components/ui/Button.tsx:25:13)

    console.log
      [Button] Props received: {
        variant: 'primary',
        size: 'lg',
        type: 'submit',
        loading: false,
        disabled: false
      }

      at log (src/components/ui/Button.tsx:26:13)

    console.log
      [Button] Has onClick in props: false

      at log (src/components/ui/Button.tsx:27:13)

    console.log
      [Button] All props: {}

      at log (src/components/ui/Button.tsx:28:13)

    console.log
      [Button] Rendering with type: submit

      at log (src/components/ui/Button.tsx:25:13)

    console.log
      [Button] Props received: {
        variant: 'primary',
        size: 'lg',
        type: 'submit',
        loading: false,
        disabled: false
      }

      at log (src/components/ui/Button.tsx:26:13)

    console.log
      [Button] Has onClick in props: false

      at log (src/components/ui/Button.tsx:27:13)

    console.log
      [Button] All props: {}

      at log (src/components/ui/Button.tsx:28:13)

    console.log
      [Button] Rendering with type: submit

      at log (src/components/ui/Button.tsx:25:13)

    console.log
      [Button] Props received: {
        variant: 'primary',
        size: 'lg',
        type: 'submit',
        loading: false,
        disabled: false
      }

      at log (src/components/ui/Button.tsx:26:13)

    console.log
      [Button] Has onClick in props: false

      at log (src/components/ui/Button.tsx:27:13)

    console.log
      [Button] All props: {}

      at log (src/components/ui/Button.tsx:28:13)

    console.log
      [Button] Rendering with type: submit

      at log (src/components/ui/Button.tsx:25:13)

    console.log
      [Button] Props received: {
        variant: 'primary',
        size: 'lg',
        type: 'submit',
        loading: false,
        disabled: false
      }

      at log (src/components/ui/Button.tsx:26:13)

    console.log
      [Button] Has onClick in props: false

      at log (src/components/ui/Button.tsx:27:13)

    console.log
      [Button] All props: {}

      at log (src/components/ui/Button.tsx:28:13)

    console.log
      [Button] Rendering with type: submit

      at log (src/components/ui/Button.tsx:25:13)

    console.log
      [Button] Props received: {
        variant: 'primary',
        size: 'lg',
        type: 'submit',
        loading: false,
        disabled: false
      }

      at log (src/components/ui/Button.tsx:26:13)

    console.log
      [Button] Has onClick in props: false

      at log (src/components/ui/Button.tsx:27:13)

    console.log
      [Button] All props: {}

      at log (src/components/ui/Button.tsx:28:13)

    console.log
      [Button] Rendering with type: submit

      at log (src/components/ui/Button.tsx:25:13)

    console.log
      [Button] Props received: {
        variant: 'primary',
        size: 'lg',
        type: 'submit',
        loading: false,
        disabled: false
      }

      at log (src/components/ui/Button.tsx:26:13)

    console.log
      [Button] Has onClick in props: false

      at log (src/components/ui/Button.tsx:27:13)

    console.log
      [Button] All props: {}

      at log (src/components/ui/Button.tsx:28:13)

    console.log
      [Button] Rendering with type: submit

      at log (src/components/ui/Button.tsx:25:13)

    console.log
      [Button] Props received: {
        variant: 'primary',
        size: 'lg',
        type: 'submit',
        loading: false,
        disabled: false
      }

      at log (src/components/ui/Button.tsx:26:13)

    console.log
      [Button] Has onClick in props: false

      at log (src/components/ui/Button.tsx:27:13)

    console.log
      [Button] All props: {}

      at log (src/components/ui/Button.tsx:28:13)

    console.log
      [Button] Rendering with type: submit

      at log (src/components/ui/Button.tsx:25:13)

    console.log
      [Button] Props received: {
        variant: 'primary',
        size: 'lg',
        type: 'submit',
        loading: false,
        disabled: false
      }

      at log (src/components/ui/Button.tsx:26:13)

    console.log
      [Button] Has onClick in props: false

      at log (src/components/ui/Button.tsx:27:13)

    console.log
      [Button] All props: {}

      at log (src/components/ui/Button.tsx:28:13)

    console.log
      [Button] Rendering with type: submit

      at log (src/components/ui/Button.tsx:25:13)

    console.log
      [Button] Props received: {
        variant: 'primary',
        size: 'lg',
        type: 'submit',
        loading: false,
        disabled: false
      }

      at log (src/components/ui/Button.tsx:26:13)

    console.log
      [Button] Has onClick in props: false

      at log (src/components/ui/Button.tsx:27:13)

    console.log
      [Button] All props: {}

      at log (src/components/ui/Button.tsx:28:13)

    console.log
      [Button] Rendering with type: submit

      at log (src/components/ui/Button.tsx:25:13)

    console.log
      [Button] Props received: {
        variant: 'primary',
        size: 'lg',
        type: 'submit',
        loading: false,
        disabled: false
      }

      at log (src/components/ui/Button.tsx:26:13)

    console.log
      [Button] Has onClick in props: false

      at log (src/components/ui/Button.tsx:27:13)

    console.log
      [Button] All props: {}

      at log (src/components/ui/Button.tsx:28:13)

    console.log
      [Button] Rendering with type: submit

      at log (src/components/ui/Button.tsx:25:13)

    console.log
      [Button] Props received: {
        variant: 'primary',
        size: 'lg',
        type: 'submit',
        loading: false,
        disabled: false
      }

      at log (src/components/ui/Button.tsx:26:13)

    console.log
      [Button] Has onClick in props: false

      at log (src/components/ui/Button.tsx:27:13)

    console.log
      [Button] All props: {}

      at log (src/components/ui/Button.tsx:28:13)

    console.log
      [Button] Rendering with type: submit

      at log (src/components/ui/Button.tsx:25:13)

    console.log
      [Button] Props received: {
        variant: 'primary',
        size: 'lg',
        type: 'submit',
        loading: false,
        disabled: false
      }

      at log (src/components/ui/Button.tsx:26:13)

    console.log
      [Button] Has onClick in props: false

      at log (src/components/ui/Button.tsx:27:13)

    console.log
      [Button] All props: {}

      at log (src/components/ui/Button.tsx:28:13)

    console.log
      [Button] Rendering with type: submit

      at log (src/components/ui/Button.tsx:25:13)

    console.log
      [Button] Props received: {
        variant: 'primary',
        size: 'lg',
        type: 'submit',
        loading: false,
        disabled: false
      }

      at log (src/components/ui/Button.tsx:26:13)

    console.log
      [Button] Has onClick in props: false

      at log (src/components/ui/Button.tsx:27:13)

    console.log
      [Button] All props: {}

      at log (src/components/ui/Button.tsx:28:13)

    console.log
      [Button] Rendering with type: submit

      at log (src/components/ui/Button.tsx:25:13)

    console.log
      [Button] Props received: {
        variant: 'primary',
        size: 'lg',
        type: 'submit',
        loading: true,
        disabled: true
      }

      at log (src/components/ui/Button.tsx:26:13)

    console.log
      [Button] Has onClick in props: false

      at log (src/components/ui/Button.tsx:27:13)

    console.log
      [Button] All props: {}

      at log (src/components/ui/Button.tsx:28:13)

    console.log
      Form submission started

      at log (src/hooks/useLoginForm.ts:200:13)

    console.log
      Default behavior prevented

      at log (src/hooks/useLoginForm.ts:203:15)

    console.log
      [LoginFlowTracer] Trace started: bc931232-aef9-436f-98c4-4e4a096d0fdf

      at log (src/lib/auth/LoginFlowTracer.ts:52:15)

    console.log
      [useLoginForm] Login flow started { traceId: 'bc931232-aef9-436f-98c4-4e4a096d0fdf' }

      at log (src/hooks/useLoginForm.ts:208:13)

    console.log
      [useLoginForm] Calling API client login method { traceId: 'bc931232-aef9-436f-98c4-4e4a096d0fdf' }

      at log (src/hooks/useLoginForm.ts:230:15)

    console.log
      [AuthService] Login attempt {
        email: 'test@example.com',
        traceId: 'bc931232-aef9-436f-98c4-4e4a096d0fdf'
      }

      at AuthService.log [as login] (src/lib/api/authService.ts:140:15)

    console.log
      [AuthService] Calling backend API { traceId: 'bc931232-aef9-436f-98c4-4e4a096d0fdf' }

      at AuthService.log [as login] (src/lib/api/authService.ts:168:15)

    console.log
      [TokenManager] getToken attempt {
        storageKey: 'jwt_token',
        source: undefined,
        traceId: undefined,
        timestamp: '2026-02-08T19:37:53.406Z'
      }

      at log (src/lib/api/tokenManager.ts:322:11)

    console.log
      [TokenManager] Raw value retrieved {
        storageKey: 'jwt_token',
        valuePresent: false,
        valueLength: 0,
        valuePreview: 'null',
        traceId: undefined
      }

      at log (src/lib/api/tokenManager.ts:335:15)

    console.log
      [TokenManager] No token found in storage { storageKey: 'jwt_token', traceId: undefined }

      at log (src/lib/api/tokenManager.ts:358:21)

    console.warn
      [AuthLogger 2026-02-08T19:37:53.406Z] Token get failed

       98 |   } else {
       99 |     // In production, log minimal info
    > 100 |     consoleMethod(message);
          |     ^
      101 |   }
      102 | }
      103 |

      at consoleMethod (src/lib/auth/AuthLogger.ts:100:5)
      at log (src/lib/auth/AuthLogger.ts:175:3)
      at getToken (src/lib/api/tokenManager.ts:362:30)
      at src/lib/api/apiClient.ts:53:29
      at ApiClient.interceptor [as request] (src/lib/api/apiClient.ts:195:24)
      at ApiClient.request [as post] (src/lib/api/apiClient.ts:114:17)
      at AuthService.post [as login] (src/lib/api/authService.ts:169:45)
      at login (src/hooks/useLoginForm.ts:231:40)
      at errors (node_modules/react-hook-form/src/logic/createFormControl.ts:1293:24)

    console.log
      [TokenManager] getToken attempt {
        storageKey: 'jwt_token',
        source: undefined,
        traceId: undefined,
        timestamp: '2026-02-08T19:37:53.407Z'
      }

      at log (src/lib/api/tokenManager.ts:322:11)

    console.log
      [TokenManager] Raw value retrieved {
        storageKey: 'jwt_token',
        valuePresent: false,
        valueLength: 0,
        valuePreview: 'null',
        traceId: undefined
      }

      at log (src/lib/api/tokenManager.ts:335:15)

    console.log
      [TokenManager] No token found in storage { storageKey: 'jwt_token', traceId: undefined }

      at log (src/lib/api/tokenManager.ts:358:21)

    console.warn
      [AuthLogger 2026-02-08T19:37:53.407Z] Token get failed

       98 |   } else {
       99 |     // In production, log minimal info
    > 100 |     consoleMethod(message);
          |     ^
      101 |   }
      102 | }
      103 |

      at consoleMethod (src/lib/auth/AuthLogger.ts:100:5)
      at log (src/lib/auth/AuthLogger.ts:175:3)
      at getToken (src/lib/api/tokenManager.ts:362:30)
      at TokenManager.getToken (src/lib/api/tokenManager.ts:512:12)
      at getToken (src/lib/api/interceptors.ts:41:30)
      at ApiClient.interceptor [as request] (src/lib/api/apiClient.ts:195:24)

    console.log
      [AuthService] Backend response received {
        hasToken: false,
        email: undefined,
        traceId: 'bc931232-aef9-436f-98c4-4e4a096d0fdf'
      }

      at AuthService.log [as login] (src/lib/api/authService.ts:170:15)

    console.error
      [AuthService] Login error {
        error: 'Invalid login response: missing or invalid token',
        traceId: 'bc931232-aef9-436f-98c4-4e4a096d0fdf'
      }

      223 |       };
      224 |     } catch (error: any) {
    > 225 |       console.error('[AuthService] Login error', {
          |               ^
      226 |         error: error.message || String(error),
      227 |         traceId,
      228 |       });

      at AuthService.error (src/lib/api/authService.ts:225:15)
      at src/hooks/useLoginForm.ts:231:22
      at unset (node_modules/react-hook-form/src/logic/createFormControl.ts:1293:7)

    console.error
      [useLoginForm] Login failed {
        error: 'Unable to connect. Please check your internet connection.',
        traceId: 'bc931232-aef9-436f-98c4-4e4a096d0fdf'
      }

      259 |       } else {
      260 |         // Login failed - handle error
    > 261 |         console.error('[useLoginForm] Login failed', { error: result.error, traceId });
          |                 ^
      262 |         
      263 |         // Record attempt for authentication errors
      264 |         if (result.error === 'Invalid email or password') {

      at error (src/hooks/useLoginForm.ts:261:17)
      at unset (node_modules/react-hook-form/src/logic/createFormControl.ts:1293:7)

    console.error
      Login error: {
        type: 'authentication',
        message: 'Unable to connect. Please check your internet connection.'
      }

      139 |     // Error handling is managed by the LoginForm component
      140 |     // This callback is provided for potential future logging or analytics
    > 141 |     console.error('Login error:', error);
          |             ^
      142 |   };
      143 |
      144 |   return (

      at error (src/app/login/LoginPageClient.tsx:141:13)
      at onError (src/hooks/useLoginForm.ts:271:11)
      at unset (node_modules/react-hook-form/src/logic/createFormControl.ts:1293:7)

    console.log
      [Button] Rendering with type: submit

      at log (src/components/ui/Button.tsx:25:13)

    console.log
      [Button] Props received: {
        variant: 'primary',
        size: 'lg',
        type: 'submit',
        loading: false,
        disabled: false
      }

      at log (src/components/ui/Button.tsx:26:13)

    console.log
      [Button] Has onClick in props: false

      at log (src/components/ui/Button.tsx:27:13)

    console.log
      [Button] All props: {}

      at log (src/components/ui/Button.tsx:28:13)

    console.log
      [Button] Rendering with type: submit

      at log (src/components/ui/Button.tsx:25:13)

    console.log
      [Button] Props received: {
        variant: 'primary',
        size: 'lg',
        type: 'submit',
        loading: false,
        disabled: false
      }

      at log (src/components/ui/Button.tsx:26:13)

    console.log
      [Button] Has onClick in props: false

      at log (src/components/ui/Button.tsx:27:13)

    console.log
      [Button] All props: {}

      at log (src/components/ui/Button.tsx:28:13)

    console.log
      [Button] Rendering with type: submit

      at log (src/components/ui/Button.tsx:25:13)

    console.log
      [Button] Props received: {
        variant: 'primary',
        size: 'lg',
        type: 'submit',
        loading: false,
        disabled: false
      }

      at log (src/components/ui/Button.tsx:26:13)

    console.log
      [Button] Has onClick in props: false

      at log (src/components/ui/Button.tsx:27:13)

    console.log
      [Button] All props: {}

      at log (src/components/ui/Button.tsx:28:13)

    console.log
      [Button] Rendering with type: submit

      at log (src/components/ui/Button.tsx:25:13)

    console.log
      [Button] Props received: {
        variant: 'primary',
        size: 'lg',
        type: 'submit',
        loading: false,
        disabled: false
      }

      at log (src/components/ui/Button.tsx:26:13)

    console.log
      [Button] Has onClick in props: false

      at log (src/components/ui/Button.tsx:27:13)

    console.log
      [Button] All props: {}

      at log (src/components/ui/Button.tsx:28:13)

    console.log
      [Button] Rendering with type: submit

      at log (src/components/ui/Button.tsx:25:13)

    console.log
      [Button] Props received: {
        variant: 'primary',
        size: 'lg',
        type: 'submit',
        loading: false,
        disabled: false
      }

      at log (src/components/ui/Button.tsx:26:13)

    console.log
      [Button] Has onClick in props: false

      at log (src/components/ui/Button.tsx:27:13)

    console.log
      [Button] All props: {}

      at log (src/components/ui/Button.tsx:28:13)

    console.log
      [Button] Rendering with type: submit

      at log (src/components/ui/Button.tsx:25:13)

    console.log
      [Button] Props received: {
        variant: 'primary',
        size: 'lg',
        type: 'submit',
        loading: false,
        disabled: false
      }

      at log (src/components/ui/Button.tsx:26:13)

    console.log
      [Button] Has onClick in props: false

      at log (src/components/ui/Button.tsx:27:13)

    console.log
      [Button] All props: {}

      at log (src/components/ui/Button.tsx:28:13)

    console.log
      [Button] Rendering with type: submit

      at log (src/components/ui/Button.tsx:25:13)

    console.log
      [Button] Props received: {
        variant: 'primary',
        size: 'lg',
        type: 'submit',
        loading: false,
        disabled: false
      }

      at log (src/components/ui/Button.tsx:26:13)

    console.log
      [Button] Has onClick in props: false

      at log (src/components/ui/Button.tsx:27:13)

    console.log
      [Button] All props: {}

      at log (src/components/ui/Button.tsx:28:13)

    console.log
      [Button] Rendering with type: submit

      at log (src/components/ui/Button.tsx:25:13)

    console.log
      [Button] Props received: {
        variant: 'primary',
        size: 'lg',
        type: 'submit',
        loading: false,
        disabled: false
      }

      at log (src/components/ui/Button.tsx:26:13)

    console.log
      [Button] Has onClick in props: false

      at log (src/components/ui/Button.tsx:27:13)

    console.log
      [Button] All props: {}

      at log (src/components/ui/Button.tsx:28:13)

    console.log
      [Button] Rendering with type: submit

      at log (src/components/ui/Button.tsx:25:13)

    console.log
      [Button] Props received: {
        variant: 'primary',
        size: 'lg',
        type: 'submit',
        loading: false,
        disabled: false
      }

      at log (src/components/ui/Button.tsx:26:13)

    console.log
      [Button] Has onClick in props: false

      at log (src/components/ui/Button.tsx:27:13)

    console.log
      [Button] All props: {}

      at log (src/components/ui/Button.tsx:28:13)

    console.log
      [Button] Rendering with type: submit

      at log (src/components/ui/Button.tsx:25:13)

    console.log
      [Button] Props received: {
        variant: 'primary',
        size: 'lg',
        type: 'submit',
        loading: false,
        disabled: false
      }

      at log (src/components/ui/Button.tsx:26:13)

    console.log
      [Button] Has onClick in props: false

      at log (src/components/ui/Button.tsx:27:13)

    console.log
      [Button] All props: {}

      at log (src/components/ui/Button.tsx:28:13)

    console.log
      [Button] Rendering with type: submit

      at log (src/components/ui/Button.tsx:25:13)

    console.log
      [Button] Props received: {
        variant: 'primary',
        size: 'lg',
        type: 'submit',
        loading: false,
        disabled: false
      }

      at log (src/components/ui/Button.tsx:26:13)

    console.log
      [Button] Has onClick in props: false

      at log (src/components/ui/Button.tsx:27:13)

    console.log
      [Button] All props: {}

      at log (src/components/ui/Button.tsx:28:13)

    console.log
      [Button] Rendering with type: submit

      at log (src/components/ui/Button.tsx:25:13)

    console.log
      [Button] Props received: {
        variant: 'primary',
        size: 'lg',
        type: 'submit',
        loading: false,
        disabled: false
      }

      at log (src/components/ui/Button.tsx:26:13)

    console.log
      [Button] Has onClick in props: false

      at log (src/components/ui/Button.tsx:27:13)

    console.log
      [Button] All props: {}

      at log (src/components/ui/Button.tsx:28:13)

    console.log
      [Button] Rendering with type: submit

      at log (src/components/ui/Button.tsx:25:13)

    console.log
      [Button] Props received: {
        variant: 'primary',
        size: 'lg',
        type: 'submit',
        loading: false,
        disabled: false
      }

      at log (src/components/ui/Button.tsx:26:13)

    console.log
      [Button] Has onClick in props: false

      at log (src/components/ui/Button.tsx:27:13)

    console.log
      [Button] All props: {}

      at log (src/components/ui/Button.tsx:28:13)

    console.log
      [Button] Rendering with type: submit

      at log (src/components/ui/Button.tsx:25:13)

    console.log
      [Button] Props received: {
        variant: 'primary',
        size: 'lg',
        type: 'submit',
        loading: false,
        disabled: false
      }

      at log (src/components/ui/Button.tsx:26:13)

    console.log
      [Button] Has onClick in props: false

      at log (src/components/ui/Button.tsx:27:13)

    console.log
      [Button] All props: {}

      at log (src/components/ui/Button.tsx:28:13)

    console.log
      [Button] Rendering with type: submit

      at log (src/components/ui/Button.tsx:25:13)

    console.log
      [Button] Props received: {
        variant: 'primary',
        size: 'lg',
        type: 'submit',
        loading: false,
        disabled: false
      }

      at log (src/components/ui/Button.tsx:26:13)

    console.log
      [Button] Has onClick in props: false

      at log (src/components/ui/Button.tsx:27:13)

    console.log
      [Button] All props: {}

      at log (src/components/ui/Button.tsx:28:13)

    console.log
      [Button] Rendering with type: submit

      at log (src/components/ui/Button.tsx:25:13)

    console.log
      [Button] Props received: {
        variant: 'primary',
        size: 'lg',
        type: 'submit',
        loading: false,
        disabled: false
      }

      at log (src/components/ui/Button.tsx:26:13)

    console.log
      [Button] Has onClick in props: false

      at log (src/components/ui/Button.tsx:27:13)

    console.log
      [Button] All props: {}

      at log (src/components/ui/Button.tsx:28:13)

    console.log
      [Button] Rendering with type: submit

      at log (src/components/ui/Button.tsx:25:13)

    console.log
      [Button] Props received: {
        variant: 'primary',
        size: 'lg',
        type: 'submit',
        loading: false,
        disabled: false
      }

      at log (src/components/ui/Button.tsx:26:13)

    console.log
      [Button] Has onClick in props: false

      at log (src/components/ui/Button.tsx:27:13)

    console.log
      [Button] All props: {}

      at log (src/components/ui/Button.tsx:28:13)

    console.log
      [Button] Rendering with type: submit

      at log (src/components/ui/Button.tsx:25:13)

    console.log
      [Button] Props received: {
        variant: 'primary',
        size: 'lg',
        type: 'submit',
        loading: false,
        disabled: false
      }

      at log (src/components/ui/Button.tsx:26:13)

    console.log
      [Button] Has onClick in props: false

      at log (src/components/ui/Button.tsx:27:13)

    console.log
      [Button] All props: {}

      at log (src/components/ui/Button.tsx:28:13)

    console.log
      [Button] Rendering with type: submit

      at log (src/components/ui/Button.tsx:25:13)

    console.log
      [Button] Props received: {
        variant: 'primary',
        size: 'lg',
        type: 'submit',
        loading: false,
        disabled: false
      }

      at log (src/components/ui/Button.tsx:26:13)

    console.log
      [Button] Has onClick in props: false

      at log (src/components/ui/Button.tsx:27:13)

    console.log
      [Button] All props: {}

      at log (src/components/ui/Button.tsx:28:13)

    console.log
      [Button] Rendering with type: submit

      at log (src/components/ui/Button.tsx:25:13)

    console.log
      [Button] Props received: {
        variant: 'primary',
        size: 'lg',
        type: 'submit',
        loading: false,
        disabled: false
      }

      at log (src/components/ui/Button.tsx:26:13)

    console.log
      [Button] Has onClick in props: false

      at log (src/components/ui/Button.tsx:27:13)

    console.log
      [Button] All props: {}

      at log (src/components/ui/Button.tsx:28:13)

    console.log
      [Button] Rendering with type: submit

      at log (src/components/ui/Button.tsx:25:13)

    console.log
      [Button] Props received: {
        variant: 'primary',
        size: 'lg',
        type: 'submit',
        loading: false,
        disabled: false
      }

      at log (src/components/ui/Button.tsx:26:13)

    console.log
      [Button] Has onClick in props: false

      at log (src/components/ui/Button.tsx:27:13)

    console.log
      [Button] All props: {}

      at log (src/components/ui/Button.tsx:28:13)

    console.log
      [Button] Rendering with type: submit

      at log (src/components/ui/Button.tsx:25:13)

    console.log
      [Button] Props received: {
        variant: 'primary',
        size: 'lg',
        type: 'submit',
        loading: false,
        disabled: false
      }

      at log (src/components/ui/Button.tsx:26:13)

    console.log
      [Button] Has onClick in props: false

      at log (src/components/ui/Button.tsx:27:13)

    console.log
      [Button] All props: {}

      at log (src/components/ui/Button.tsx:28:13)

    console.log
      [Button] Rendering with type: submit

      at log (src/components/ui/Button.tsx:25:13)

    console.log
      [Button] Props received: {
        variant: 'primary',
        size: 'lg',
        type: 'submit',
        loading: false,
        disabled: false
      }

      at log (src/components/ui/Button.tsx:26:13)

    console.log
      [Button] Has onClick in props: false

      at log (src/components/ui/Button.tsx:27:13)

    console.log
      [Button] All props: {}

      at log (src/components/ui/Button.tsx:28:13)

    console.log
      [Button] Rendering with type: submit

      at log (src/components/ui/Button.tsx:25:13)

    console.log
      [Button] Props received: {
        variant: 'primary',
        size: 'lg',
        type: 'submit',
        loading: false,
        disabled: false
      }

      at log (src/components/ui/Button.tsx:26:13)

    console.log
      [Button] Has onClick in props: false

      at log (src/components/ui/Button.tsx:27:13)

    console.log
      [Button] All props: {}

      at log (src/components/ui/Button.tsx:28:13)

    console.log
      [Button] Rendering with type: submit

      at log (src/components/ui/Button.tsx:25:13)

    console.log
      [Button] Props received: {
        variant: 'primary',
        size: 'lg',
        type: 'submit',
        loading: false,
        disabled: false
      }

      at log (src/components/ui/Button.tsx:26:13)

    console.log
      [Button] Has onClick in props: false

      at log (src/components/ui/Button.tsx:27:13)

    console.log
      [Button] All props: {}

      at log (src/components/ui/Button.tsx:28:13)

    console.log
      [Button] Rendering with type: submit

      at log (src/components/ui/Button.tsx:25:13)

    console.log
      [Button] Props received: {
        variant: 'primary',
        size: 'lg',
        type: 'submit',
        loading: false,
        disabled: false
      }

      at log (src/components/ui/Button.tsx:26:13)

    console.log
      [Button] Has onClick in props: false

      at log (src/components/ui/Button.tsx:27:13)

    console.log
      [Button] All props: {}

      at log (src/components/ui/Button.tsx:28:13)

    console.log
      [Button] Rendering with type: submit

      at log (src/components/ui/Button.tsx:25:13)

    console.log
      [Button] Props received: {
        variant: 'primary',
        size: 'lg',
        type: 'submit',
        loading: false,
        disabled: false
      }

      at log (src/components/ui/Button.tsx:26:13)

    console.log
      [Button] Has onClick in props: false

      at log (src/components/ui/Button.tsx:27:13)

    console.log
      [Button] All props: {}

      at log (src/components/ui/Button.tsx:28:13)

    console.log
      [Button] Rendering with type: submit

      at log (src/components/ui/Button.tsx:25:13)

    console.log
      [Button] Props received: {
        variant: 'primary',
        size: 'lg',
        type: 'submit',
        loading: false,
        disabled: false
      }

      at log (src/components/ui/Button.tsx:26:13)

    console.log
      [Button] Has onClick in props: false

      at log (src/components/ui/Button.tsx:27:13)

    console.log
      [Button] All props: {}

      at log (src/components/ui/Button.tsx:28:13)

    console.log
      [Button] Rendering with type: submit

      at log (src/components/ui/Button.tsx:25:13)

    console.log
      [Button] Props received: {
        variant: 'primary',
        size: 'lg',
        type: 'submit',
        loading: false,
        disabled: false
      }

      at log (src/components/ui/Button.tsx:26:13)

    console.log
      [Button] Has onClick in props: false

      at log (src/components/ui/Button.tsx:27:13)

    console.log
      [Button] All props: {}

      at log (src/components/ui/Button.tsx:28:13)

    console.log
      [Button] Rendering with type: submit

      at log (src/components/ui/Button.tsx:25:13)

    console.log
      [Button] Props received: {
        variant: 'primary',
        size: 'lg',
        type: 'submit',
        loading: false,
        disabled: false
      }

      at log (src/components/ui/Button.tsx:26:13)

    console.log
      [Button] Has onClick in props: false

      at log (src/components/ui/Button.tsx:27:13)

    console.log
      [Button] All props: {}

      at log (src/components/ui/Button.tsx:28:13)

    console.log
      [Button] Rendering with type: submit

      at log (src/components/ui/Button.tsx:25:13)

    console.log
      [Button] Props received: {
        variant: 'primary',
        size: 'lg',
        type: 'submit',
        loading: false,
        disabled: false
      }

      at log (src/components/ui/Button.tsx:26:13)

    console.log
      [Button] Has onClick in props: false

      at log (src/components/ui/Button.tsx:27:13)

    console.log
      [Button] All props: {}

      at log (src/components/ui/Button.tsx:28:13)

    console.log
      [Button] Rendering with type: submit

      at log (src/components/ui/Button.tsx:25:13)

    console.log
      [Button] Props received: {
        variant: 'primary',
        size: 'lg',
        type: 'submit',
        loading: true,
        disabled: true
      }

      at log (src/components/ui/Button.tsx:26:13)

    console.log
      [Button] Has onClick in props: false

      at log (src/components/ui/Button.tsx:27:13)

    console.log
      [Button] All props: {}

      at log (src/components/ui/Button.tsx:28:13)

    console.log
      Form submission started

      at log (src/hooks/useLoginForm.ts:200:13)

    console.log
      Default behavior prevented

      at log (src/hooks/useLoginForm.ts:203:15)

    console.log
      [LoginFlowTracer] Trace started: acb476d6-2945-4364-a555-fc7a1613053d

      at log (src/lib/auth/LoginFlowTracer.ts:52:15)

    console.log
      [useLoginForm] Login flow started { traceId: 'acb476d6-2945-4364-a555-fc7a1613053d' }

      at log (src/hooks/useLoginForm.ts:208:13)

    console.log
      [useLoginForm] Calling API client login method { traceId: 'acb476d6-2945-4364-a555-fc7a1613053d' }

      at log (src/hooks/useLoginForm.ts:230:15)

    console.log
      [AuthService] Login attempt {
        email: 'test@example.com',
        traceId: 'acb476d6-2945-4364-a555-fc7a1613053d'
      }

      at AuthService.log [as login] (src/lib/api/authService.ts:140:15)

    console.log
      [AuthService] Calling backend API { traceId: 'acb476d6-2945-4364-a555-fc7a1613053d' }

      at AuthService.log [as login] (src/lib/api/authService.ts:168:15)

    console.log
      [TokenManager] getToken attempt {
        storageKey: 'jwt_token',
        source: undefined,
        traceId: undefined,
        timestamp: '2026-02-08T19:37:58.387Z'
      }

      at log (src/lib/api/tokenManager.ts:322:11)

    console.log
      [TokenManager] Raw value retrieved {
        storageKey: 'jwt_token',
        valuePresent: false,
        valueLength: 0,
        valuePreview: 'null',
        traceId: undefined
      }

      at log (src/lib/api/tokenManager.ts:335:15)

    console.log
      [TokenManager] No token found in storage { storageKey: 'jwt_token', traceId: undefined }

      at log (src/lib/api/tokenManager.ts:358:21)

    console.warn
      [AuthLogger 2026-02-08T19:37:58.387Z] Token get failed

       98 |   } else {
       99 |     // In production, log minimal info
    > 100 |     consoleMethod(message);
          |     ^
      101 |   }
      102 | }
      103 |

      at consoleMethod (src/lib/auth/AuthLogger.ts:100:5)
      at log (src/lib/auth/AuthLogger.ts:175:3)
      at getToken (src/lib/api/tokenManager.ts:362:30)
      at src/lib/api/apiClient.ts:53:29
      at ApiClient.interceptor [as request] (src/lib/api/apiClient.ts:195:24)
      at ApiClient.request [as post] (src/lib/api/apiClient.ts:114:17)
      at AuthService.post [as login] (src/lib/api/authService.ts:169:45)
      at login (src/hooks/useLoginForm.ts:231:40)
      at errors (node_modules/react-hook-form/src/logic/createFormControl.ts:1293:24)

    console.log
      [TokenManager] getToken attempt {
        storageKey: 'jwt_token',
        source: undefined,
        traceId: undefined,
        timestamp: '2026-02-08T19:37:58.387Z'
      }

      at log (src/lib/api/tokenManager.ts:322:11)

    console.log
      [TokenManager] Raw value retrieved {
        storageKey: 'jwt_token',
        valuePresent: false,
        valueLength: 0,
        valuePreview: 'null',
        traceId: undefined
      }

      at log (src/lib/api/tokenManager.ts:335:15)

    console.log
      [TokenManager] No token found in storage { storageKey: 'jwt_token', traceId: undefined }

      at log (src/lib/api/tokenManager.ts:358:21)

    console.warn
      [AuthLogger 2026-02-08T19:37:58.387Z] Token get failed

       98 |   } else {
       99 |     // In production, log minimal info
    > 100 |     consoleMethod(message);
          |     ^
      101 |   }
      102 | }
      103 |

      at consoleMethod (src/lib/auth/AuthLogger.ts:100:5)
      at log (src/lib/auth/AuthLogger.ts:175:3)
      at getToken (src/lib/api/tokenManager.ts:362:30)
      at TokenManager.getToken (src/lib/api/tokenManager.ts:512:12)
      at getToken (src/lib/api/interceptors.ts:41:30)
      at ApiClient.interceptor [as request] (src/lib/api/apiClient.ts:195:24)

    console.log
      [AuthService] Backend response received {
        hasToken: false,
        email: undefined,
        traceId: 'acb476d6-2945-4364-a555-fc7a1613053d'
      }

      at AuthService.log [as login] (src/lib/api/authService.ts:170:15)

    console.error
      [AuthService] Login error {
        error: 'Invalid login response: missing or invalid token',
        traceId: 'acb476d6-2945-4364-a555-fc7a1613053d'
      }

      223 |       };
      224 |     } catch (error: any) {
    > 225 |       console.error('[AuthService] Login error', {
          |               ^
      226 |         error: error.message || String(error),
      227 |         traceId,
      228 |       });

      at AuthService.error (src/lib/api/authService.ts:225:15)
      at src/hooks/useLoginForm.ts:231:22
      at unset (node_modules/react-hook-form/src/logic/createFormControl.ts:1293:7)

    console.error
      [useLoginForm] Login failed {
        error: 'Unable to connect. Please check your internet connection.',
        traceId: 'acb476d6-2945-4364-a555-fc7a1613053d'
      }

      259 |       } else {
      260 |         // Login failed - handle error
    > 261 |         console.error('[useLoginForm] Login failed', { error: result.error, traceId });
          |                 ^
      262 |         
      263 |         // Record attempt for authentication errors
      264 |         if (result.error === 'Invalid email or password') {

      at error (src/hooks/useLoginForm.ts:261:17)
      at unset (node_modules/react-hook-form/src/logic/createFormControl.ts:1293:7)

    console.error
      Login error: {
        type: 'authentication',
        message: 'Unable to connect. Please check your internet connection.'
      }

      139 |     // Error handling is managed by the LoginForm component
      140 |     // This callback is provided for potential future logging or analytics
    > 141 |     console.error('Login error:', error);
          |             ^
      142 |   };
      143 |
      144 |   return (

      at error (src/app/login/LoginPageClient.tsx:141:13)
      at onError (src/hooks/useLoginForm.ts:271:11)
      at unset (node_modules/react-hook-form/src/logic/createFormControl.ts:1293:7)

    console.log
      [Button] Rendering with type: submit

      at log (src/components/ui/Button.tsx:25:13)

    console.log
      [Button] Props received: {
        variant: 'primary',
        size: 'lg',
        type: 'submit',
        loading: false,
        disabled: false
      }

      at log (src/components/ui/Button.tsx:26:13)

    console.log
      [Button] Has onClick in props: false

      at log (src/components/ui/Button.tsx:27:13)

    console.log
      [Button] All props: {}

      at log (src/components/ui/Button.tsx:28:13)

    console.log
      [Button] Rendering with type: submit

      at log (src/components/ui/Button.tsx:25:13)

    console.log
      [Button] Props received: {
        variant: 'primary',
        size: 'lg',
        type: 'submit',
        loading: false,
        disabled: false
      }

      at log (src/components/ui/Button.tsx:26:13)

    console.log
      [Button] Has onClick in props: false

      at log (src/components/ui/Button.tsx:27:13)

    console.log
      [Button] All props: {}

      at log (src/components/ui/Button.tsx:28:13)

    console.log
      [Button] Rendering with type: submit

      at log (src/components/ui/Button.tsx:25:13)

    console.log
      [Button] Props received: {
        variant: 'primary',
        size: 'lg',
        type: 'submit',
        loading: false,
        disabled: false
      }

      at log (src/components/ui/Button.tsx:26:13)

    console.log
      [Button] Has onClick in props: false

      at log (src/components/ui/Button.tsx:27:13)

    console.log
      [Button] All props: {}

      at log (src/components/ui/Button.tsx:28:13)

    console.log
      [Button] Rendering with type: submit

      at log (src/components/ui/Button.tsx:25:13)

    console.log
      [Button] Props received: {
        variant: 'primary',
        size: 'lg',
        type: 'submit',
        loading: false,
        disabled: false
      }

      at log (src/components/ui/Button.tsx:26:13)

    console.log
      [Button] Has onClick in props: false

      at log (src/components/ui/Button.tsx:27:13)

    console.log
      [Button] All props: {}

      at log (src/components/ui/Button.tsx:28:13)

    console.log
      [Button] Rendering with type: submit

      at log (src/components/ui/Button.tsx:25:13)

    console.log
      [Button] Props received: {
        variant: 'primary',
        size: 'lg',
        type: 'submit',
        loading: false,
        disabled: false
      }

      at log (src/components/ui/Button.tsx:26:13)

    console.log
      [Button] Has onClick in props: false

      at log (src/components/ui/Button.tsx:27:13)

    console.log
      [Button] All props: {}

      at log (src/components/ui/Button.tsx:28:13)

    console.log
      [Button] Rendering with type: submit

      at log (src/components/ui/Button.tsx:25:13)

    console.log
      [Button] Props received: {
        variant: 'primary',
        size: 'lg',
        type: 'submit',
        loading: false,
        disabled: false
      }

      at log (src/components/ui/Button.tsx:26:13)

    console.log
      [Button] Has onClick in props: false

      at log (src/components/ui/Button.tsx:27:13)

    console.log
      [Button] All props: {}

      at log (src/components/ui/Button.tsx:28:13)

    console.log
      [Button] Rendering with type: submit

      at log (src/components/ui/Button.tsx:25:13)

    console.log
      [Button] Props received: {
        variant: 'primary',
        size: 'lg',
        type: 'submit',
        loading: false,
        disabled: false
      }

      at log (src/components/ui/Button.tsx:26:13)

    console.log
      [Button] Has onClick in props: false

      at log (src/components/ui/Button.tsx:27:13)

    console.log
      [Button] All props: {}

      at log (src/components/ui/Button.tsx:28:13)

    console.log
      [Button] Rendering with type: submit

      at log (src/components/ui/Button.tsx:25:13)

    console.log
      [Button] Props received: {
        variant: 'primary',
        size: 'lg',
        type: 'submit',
        loading: false,
        disabled: false
      }

      at log (src/components/ui/Button.tsx:26:13)

    console.log
      [Button] Has onClick in props: false

      at log (src/components/ui/Button.tsx:27:13)

    console.log
      [Button] All props: {}

      at log (src/components/ui/Button.tsx:28:13)

    console.log
      [Button] Rendering with type: submit

      at log (src/components/ui/Button.tsx:25:13)

    console.log
      [Button] Props received: {
        variant: 'primary',
        size: 'lg',
        type: 'submit',
        loading: false,
        disabled: false
      }

      at log (src/components/ui/Button.tsx:26:13)

    console.log
      [Button] Has onClick in props: false

      at log (src/components/ui/Button.tsx:27:13)

    console.log
      [Button] All props: {}

      at log (src/components/ui/Button.tsx:28:13)

    console.log
      [Button] Rendering with type: submit

      at log (src/components/ui/Button.tsx:25:13)

    console.log
      [Button] Props received: {
        variant: 'primary',
        size: 'lg',
        type: 'submit',
        loading: false,
        disabled: false
      }

      at log (src/components/ui/Button.tsx:26:13)

    console.log
      [Button] Has onClick in props: false

      at log (src/components/ui/Button.tsx:27:13)

    console.log
      [Button] All props: {}

      at log (src/components/ui/Button.tsx:28:13)

    console.log
      [Button] Rendering with type: submit

      at log (src/components/ui/Button.tsx:25:13)

    console.log
      [Button] Props received: {
        variant: 'primary',
        size: 'lg',
        type: 'submit',
        loading: false,
        disabled: false
      }

      at log (src/components/ui/Button.tsx:26:13)

    console.log
      [Button] Has onClick in props: false

      at log (src/components/ui/Button.tsx:27:13)

    console.log
      [Button] All props: {}

      at log (src/components/ui/Button.tsx:28:13)

    console.log
      [Button] Rendering with type: submit

      at log (src/components/ui/Button.tsx:25:13)

    console.log
      [Button] Props received: {
        variant: 'primary',
        size: 'lg',
        type: 'submit',
        loading: false,
        disabled: false
      }

      at log (src/components/ui/Button.tsx:26:13)

    console.log
      [Button] Has onClick in props: false

      at log (src/components/ui/Button.tsx:27:13)

    console.log
      [Button] All props: {}

      at log (src/components/ui/Button.tsx:28:13)

    console.log
      [Button] Rendering with type: submit

      at log (src/components/ui/Button.tsx:25:13)

    console.log
      [Button] Props received: {
        variant: 'primary',
        size: 'lg',
        type: 'submit',
        loading: false,
        disabled: false
      }

      at log (src/components/ui/Button.tsx:26:13)

    console.log
      [Button] Has onClick in props: false

      at log (src/components/ui/Button.tsx:27:13)

    console.log
      [Button] All props: {}

      at log (src/components/ui/Button.tsx:28:13)

    console.log
      [Button] Rendering with type: submit

      at log (src/components/ui/Button.tsx:25:13)

    console.log
      [Button] Props received: {
        variant: 'primary',
        size: 'lg',
        type: 'submit',
        loading: false,
        disabled: false
      }

      at log (src/components/ui/Button.tsx:26:13)

    console.log
      [Button] Has onClick in props: false

      at log (src/components/ui/Button.tsx:27:13)

    console.log
      [Button] All props: {}

      at log (src/components/ui/Button.tsx:28:13)

    console.log
      [Button] Rendering with type: submit

      at log (src/components/ui/Button.tsx:25:13)

    console.log
      [Button] Props received: {
        variant: 'primary',
        size: 'lg',
        type: 'submit',
        loading: false,
        disabled: false
      }

      at log (src/components/ui/Button.tsx:26:13)

    console.log
      [Button] Has onClick in props: false

      at log (src/components/ui/Button.tsx:27:13)

    console.log
      [Button] All props: {}

      at log (src/components/ui/Button.tsx:28:13)

    console.log
      [Button] Rendering with type: submit

      at log (src/components/ui/Button.tsx:25:13)

    console.log
      [Button] Props received: {
        variant: 'primary',
        size: 'lg',
        type: 'submit',
        loading: false,
        disabled: false
      }

      at log (src/components/ui/Button.tsx:26:13)

    console.log
      [Button] Has onClick in props: false

      at log (src/components/ui/Button.tsx:27:13)

    console.log
      [Button] All props: {}

      at log (src/components/ui/Button.tsx:28:13)

    console.log
      [Button] Rendering with type: submit

      at log (src/components/ui/Button.tsx:25:13)

    console.log
      [Button] Props received: {
        variant: 'primary',
        size: 'lg',
        type: 'submit',
        loading: false,
        disabled: false
      }

      at log (src/components/ui/Button.tsx:26:13)

    console.log
      [Button] Has onClick in props: false

      at log (src/components/ui/Button.tsx:27:13)

    console.log
      [Button] All props: {}

      at log (src/components/ui/Button.tsx:28:13)

    console.log
      [Button] Rendering with type: submit

      at log (src/components/ui/Button.tsx:25:13)

    console.log
      [Button] Props received: {
        variant: 'primary',
        size: 'lg',
        type: 'submit',
        loading: false,
        disabled: false
      }

      at log (src/components/ui/Button.tsx:26:13)

    console.log
      [Button] Has onClick in props: false

      at log (src/components/ui/Button.tsx:27:13)

    console.log
      [Button] All props: {}

      at log (src/components/ui/Button.tsx:28:13)

    console.log
      [Button] Rendering with type: submit

      at log (src/components/ui/Button.tsx:25:13)

    console.log
      [Button] Props received: {
        variant: 'primary',
        size: 'lg',
        type: 'submit',
        loading: false,
        disabled: false
      }

      at log (src/components/ui/Button.tsx:26:13)

    console.log
      [Button] Has onClick in props: false

      at log (src/components/ui/Button.tsx:27:13)

    console.log
      [Button] All props: {}

      at log (src/components/ui/Button.tsx:28:13)

    console.log
      [Button] Rendering with type: submit

      at log (src/components/ui/Button.tsx:25:13)

    console.log
      [Button] Props received: {
        variant: 'primary',
        size: 'lg',
        type: 'submit',
        loading: false,
        disabled: false
      }

      at log (src/components/ui/Button.tsx:26:13)

    console.log
      [Button] Has onClick in props: false

      at log (src/components/ui/Button.tsx:27:13)

    console.log
      [Button] All props: {}

      at log (src/components/ui/Button.tsx:28:13)

    console.log
      [Button] Rendering with type: submit

      at log (src/components/ui/Button.tsx:25:13)

    console.log
      [Button] Props received: {
        variant: 'primary',
        size: 'lg',
        type: 'submit',
        loading: false,
        disabled: false
      }

      at log (src/components/ui/Button.tsx:26:13)

    console.log
      [Button] Has onClick in props: false

      at log (src/components/ui/Button.tsx:27:13)

    console.log
      [Button] All props: {}

      at log (src/components/ui/Button.tsx:28:13)

    console.log
      [Button] Rendering with type: submit

      at log (src/components/ui/Button.tsx:25:13)

    console.log
      [Button] Props received: {
        variant: 'primary',
        size: 'lg',
        type: 'submit',
        loading: false,
        disabled: false
      }

      at log (src/components/ui/Button.tsx:26:13)

    console.log
      [Button] Has onClick in props: false

      at log (src/components/ui/Button.tsx:27:13)

    console.log
      [Button] All props: {}

      at log (src/components/ui/Button.tsx:28:13)

    console.log
      [Button] Rendering with type: submit

      at log (src/components/ui/Button.tsx:25:13)

    console.log
      [Button] Props received: {
        variant: 'primary',
        size: 'lg',
        type: 'submit',
        loading: false,
        disabled: false
      }

      at log (src/components/ui/Button.tsx:26:13)

    console.log
      [Button] Has onClick in props: false

      at log (src/components/ui/Button.tsx:27:13)

    console.log
      [Button] All props: {}

      at log (src/components/ui/Button.tsx:28:13)

    console.log
      [Button] Rendering with type: submit

      at log (src/components/ui/Button.tsx:25:13)

    console.log
      [Button] Props received: {
        variant: 'primary',
        size: 'lg',
        type: 'submit',
        loading: false,
        disabled: false
      }

      at log (src/components/ui/Button.tsx:26:13)

    console.log
      [Button] Has onClick in props: false

      at log (src/components/ui/Button.tsx:27:13)

    console.log
      [Button] All props: {}

      at log (src/components/ui/Button.tsx:28:13)

    console.log
      [Button] Rendering with type: submit

      at log (src/components/ui/Button.tsx:25:13)

    console.log
      [Button] Props received: {
        variant: 'primary',
        size: 'lg',
        type: 'submit',
        loading: false,
        disabled: false
      }

      at log (src/components/ui/Button.tsx:26:13)

    console.log
      [Button] Has onClick in props: false

      at log (src/components/ui/Button.tsx:27:13)

    console.log
      [Button] All props: {}

      at log (src/components/ui/Button.tsx:28:13)

    console.log
      [Button] Rendering with type: submit

      at log (src/components/ui/Button.tsx:25:13)

    console.log
      [Button] Props received: {
        variant: 'primary',
        size: 'lg',
        type: 'submit',
        loading: false,
        disabled: false
      }

      at log (src/components/ui/Button.tsx:26:13)

    console.log
      [Button] Has onClick in props: false

      at log (src/components/ui/Button.tsx:27:13)

    console.log
      [Button] All props: {}

      at log (src/components/ui/Button.tsx:28:13)

    console.log
      [Button] Rendering with type: submit

      at log (src/components/ui/Button.tsx:25:13)

    console.log
      [Button] Props received: {
        variant: 'primary',
        size: 'lg',
        type: 'submit',
        loading: false,
        disabled: false
      }

      at log (src/components/ui/Button.tsx:26:13)

    console.log
      [Button] Has onClick in props: false

      at log (src/components/ui/Button.tsx:27:13)

    console.log
      [Button] All props: {}

      at log (src/components/ui/Button.tsx:28:13)

    console.log
      [Button] Rendering with type: submit

      at log (src/components/ui/Button.tsx:25:13)

    console.log
      [Button] Props received: {
        variant: 'primary',
        size: 'lg',
        type: 'submit',
        loading: false,
        disabled: false
      }

      at log (src/components/ui/Button.tsx:26:13)

    console.log
      [Button] Has onClick in props: false

      at log (src/components/ui/Button.tsx:27:13)

    console.log
      [Button] All props: {}

      at log (src/components/ui/Button.tsx:28:13)

    console.log
      [Button] Rendering with type: submit

      at log (src/components/ui/Button.tsx:25:13)

    console.log
      [Button] Props received: {
        variant: 'primary',
        size: 'lg',
        type: 'submit',
        loading: false,
        disabled: false
      }

      at log (src/components/ui/Button.tsx:26:13)

    console.log
      [Button] Has onClick in props: false

      at log (src/components/ui/Button.tsx:27:13)

    console.log
      [Button] All props: {}

      at log (src/components/ui/Button.tsx:28:13)

    console.log
      [Button] Rendering with type: submit

      at log (src/components/ui/Button.tsx:25:13)

    console.log
      [Button] Props received: {
        variant: 'primary',
        size: 'lg',
        type: 'submit',
        loading: false,
        disabled: false
      }

      at log (src/components/ui/Button.tsx:26:13)

    console.log
      [Button] Has onClick in props: false

      at log (src/components/ui/Button.tsx:27:13)

    console.log
      [Button] All props: {}

      at log (src/components/ui/Button.tsx:28:13)

    console.log
      [Button] Rendering with type: submit

      at log (src/components/ui/Button.tsx:25:13)

    console.log
      [Button] Props received: {
        variant: 'primary',
        size: 'lg',
        type: 'submit',
        loading: false,
        disabled: false
      }

      at log (src/components/ui/Button.tsx:26:13)

    console.log
      [Button] Has onClick in props: false

      at log (src/components/ui/Button.tsx:27:13)

    console.log
      [Button] All props: {}

      at log (src/components/ui/Button.tsx:28:13)

    console.log
      [Button] Rendering with type: submit

      at log (src/components/ui/Button.tsx:25:13)

    console.log
      [Button] Props received: {
        variant: 'primary',
        size: 'lg',
        type: 'submit',
        loading: true,
        disabled: true
      }

      at log (src/components/ui/Button.tsx:26:13)

    console.log
      [Button] Has onClick in props: false

      at log (src/components/ui/Button.tsx:27:13)

    console.log
      [Button] All props: {}

      at log (src/components/ui/Button.tsx:28:13)

    console.log
      Form submission started

      at log (src/hooks/useLoginForm.ts:200:13)

    console.log
      Default behavior prevented

      at log (src/hooks/useLoginForm.ts:203:15)

    console.log
      [LoginFlowTracer] Trace started: 45691104-5e8a-4b5b-9ac6-f07883a471ed

      at log (src/lib/auth/LoginFlowTracer.ts:52:15)

    console.log
      [useLoginForm] Login flow started { traceId: '45691104-5e8a-4b5b-9ac6-f07883a471ed' }

      at log (src/hooks/useLoginForm.ts:208:13)

    console.log
      [useLoginForm] Calling API client login method { traceId: '45691104-5e8a-4b5b-9ac6-f07883a471ed' }

      at log (src/hooks/useLoginForm.ts:230:15)

    console.log
      [AuthService] Login attempt {
        email: 'test@example.com',
        traceId: '45691104-5e8a-4b5b-9ac6-f07883a471ed'
      }

      at AuthService.log [as login] (src/lib/api/authService.ts:140:15)

    console.log
      [AuthService] Calling backend API { traceId: '45691104-5e8a-4b5b-9ac6-f07883a471ed' }

      at AuthService.log [as login] (src/lib/api/authService.ts:168:15)

    console.log
      [TokenManager] getToken attempt {
        storageKey: 'jwt_token',
        source: undefined,
        traceId: undefined,
        timestamp: '2026-02-08T19:38:03.415Z'
      }

      at log (src/lib/api/tokenManager.ts:322:11)

    console.log
      [TokenManager] Raw value retrieved {
        storageKey: 'jwt_token',
        valuePresent: false,
        valueLength: 0,
        valuePreview: 'null',
        traceId: undefined
      }

      at log (src/lib/api/tokenManager.ts:335:15)

    console.log
      [TokenManager] No token found in storage { storageKey: 'jwt_token', traceId: undefined }

      at log (src/lib/api/tokenManager.ts:358:21)

    console.warn
      [AuthLogger 2026-02-08T19:38:03.416Z] Token get failed

       98 |   } else {
       99 |     // In production, log minimal info
    > 100 |     consoleMethod(message);
          |     ^
      101 |   }
      102 | }
      103 |

      at consoleMethod (src/lib/auth/AuthLogger.ts:100:5)
      at log (src/lib/auth/AuthLogger.ts:175:3)
      at getToken (src/lib/api/tokenManager.ts:362:30)
      at src/lib/api/apiClient.ts:53:29
      at ApiClient.interceptor [as request] (src/lib/api/apiClient.ts:195:24)
      at ApiClient.request [as post] (src/lib/api/apiClient.ts:114:17)
      at AuthService.post [as login] (src/lib/api/authService.ts:169:45)
      at login (src/hooks/useLoginForm.ts:231:40)
      at errors (node_modules/react-hook-form/src/logic/createFormControl.ts:1293:24)

    console.log
      [TokenManager] getToken attempt {
        storageKey: 'jwt_token',
        source: undefined,
        traceId: undefined,
        timestamp: '2026-02-08T19:38:03.416Z'
      }

      at log (src/lib/api/tokenManager.ts:322:11)

    console.log
      [TokenManager] Raw value retrieved {
        storageKey: 'jwt_token',
        valuePresent: false,
        valueLength: 0,
        valuePreview: 'null',
        traceId: undefined
      }

      at log (src/lib/api/tokenManager.ts:335:15)

    console.log
      [TokenManager] No token found in storage { storageKey: 'jwt_token', traceId: undefined }

      at log (src/lib/api/tokenManager.ts:358:21)

    console.warn
      [AuthLogger 2026-02-08T19:38:03.416Z] Token get failed

       98 |   } else {
       99 |     // In production, log minimal info
    > 100 |     consoleMethod(message);
          |     ^
      101 |   }
      102 | }
      103 |

      at consoleMethod (src/lib/auth/AuthLogger.ts:100:5)
      at log (src/lib/auth/AuthLogger.ts:175:3)
      at getToken (src/lib/api/tokenManager.ts:362:30)
      at TokenManager.getToken (src/lib/api/tokenManager.ts:512:12)
      at getToken (src/lib/api/interceptors.ts:41:30)
      at ApiClient.interceptor [as request] (src/lib/api/apiClient.ts:195:24)

    console.log
      [AuthService] Backend response received {
        hasToken: false,
        email: undefined,
        traceId: '45691104-5e8a-4b5b-9ac6-f07883a471ed'
      }

      at AuthService.log [as login] (src/lib/api/authService.ts:170:15)

    console.error
      [AuthService] Login error {
        error: 'Invalid login response: missing or invalid token',
        traceId: '45691104-5e8a-4b5b-9ac6-f07883a471ed'
      }

      223 |       };
      224 |     } catch (error: any) {
    > 225 |       console.error('[AuthService] Login error', {
          |               ^
      226 |         error: error.message || String(error),
      227 |         traceId,
      228 |       });

      at AuthService.error (src/lib/api/authService.ts:225:15)
      at src/hooks/useLoginForm.ts:231:22
      at unset (node_modules/react-hook-form/src/logic/createFormControl.ts:1293:7)

    console.error
      [useLoginForm] Login failed {
        error: 'Unable to connect. Please check your internet connection.',
        traceId: '45691104-5e8a-4b5b-9ac6-f07883a471ed'
      }

      259 |       } else {
      260 |         // Login failed - handle error
    > 261 |         console.error('[useLoginForm] Login failed', { error: result.error, traceId });
          |                 ^
      262 |         
      263 |         // Record attempt for authentication errors
      264 |         if (result.error === 'Invalid email or password') {

      at error (src/hooks/useLoginForm.ts:261:17)
      at unset (node_modules/react-hook-form/src/logic/createFormControl.ts:1293:7)

    console.error
      Login error: {
        type: 'authentication',
        message: 'Unable to connect. Please check your internet connection.'
      }

      139 |     // Error handling is managed by the LoginForm component
      140 |     // This callback is provided for potential future logging or analytics
    > 141 |     console.error('Login error:', error);
          |             ^
      142 |   };
      143 |
      144 |   return (

      at error (src/app/login/LoginPageClient.tsx:141:13)
      at onError (src/hooks/useLoginForm.ts:271:11)
      at unset (node_modules/react-hook-form/src/logic/createFormControl.ts:1293:7)

    console.log
      [Button] Rendering with type: submit

      at log (src/components/ui/Button.tsx:25:13)

    console.log
      [Button] Props received: {
        variant: 'primary',
        size: 'lg',
        type: 'submit',
        loading: false,
        disabled: false
      }

      at log (src/components/ui/Button.tsx:26:13)

    console.log
      [Button] Has onClick in props: false

      at log (src/components/ui/Button.tsx:27:13)

    console.log
      [Button] All props: {}

      at log (src/components/ui/Button.tsx:28:13)

    console.log
      [Button] Rendering with type: submit

      at log (src/components/ui/Button.tsx:25:13)

    console.log
      [Button] Props received: {
        variant: 'primary',
        size: 'lg',
        type: 'submit',
        loading: false,
        disabled: false
      }

      at log (src/components/ui/Button.tsx:26:13)

    console.log
      [Button] Has onClick in props: false

      at log (src/components/ui/Button.tsx:27:13)

    console.log
      [Button] All props: {}

      at log (src/components/ui/Button.tsx:28:13)

    console.log
      [Button] Rendering with type: submit

      at log (src/components/ui/Button.tsx:25:13)

    console.log
      [Button] Props received: {
        variant: 'primary',
        size: 'lg',
        type: 'submit',
        loading: false,
        disabled: false
      }

      at log (src/components/ui/Button.tsx:26:13)

    console.log
      [Button] Has onClick in props: false

      at log (src/components/ui/Button.tsx:27:13)

    console.log
      [Button] All props: {}

      at log (src/components/ui/Button.tsx:28:13)

    console.log
      [Button] Rendering with type: submit

      at log (src/components/ui/Button.tsx:25:13)

    console.log
      [Button] Props received: {
        variant: 'primary',
        size: 'lg',
        type: 'submit',
        loading: false,
        disabled: false
      }

      at log (src/components/ui/Button.tsx:26:13)

    console.log
      [Button] Has onClick in props: false

      at log (src/components/ui/Button.tsx:27:13)

    console.log
      [Button] All props: {}

      at log (src/components/ui/Button.tsx:28:13)

    console.log
      [Button] Rendering with type: submit

      at log (src/components/ui/Button.tsx:25:13)

    console.log
      [Button] Props received: {
        variant: 'primary',
        size: 'lg',
        type: 'submit',
        loading: false,
        disabled: false
      }

      at log (src/components/ui/Button.tsx:26:13)

    console.log
      [Button] Has onClick in props: false

      at log (src/components/ui/Button.tsx:27:13)

    console.log
      [Button] All props: {}

      at log (src/components/ui/Button.tsx:28:13)

    console.log
      [Button] Rendering with type: submit

      at log (src/components/ui/Button.tsx:25:13)

    console.log
      [Button] Props received: {
        variant: 'primary',
        size: 'lg',
        type: 'submit',
        loading: false,
        disabled: false
      }

      at log (src/components/ui/Button.tsx:26:13)

    console.log
      [Button] Has onClick in props: false

      at log (src/components/ui/Button.tsx:27:13)

    console.log
      [Button] All props: {}

      at log (src/components/ui/Button.tsx:28:13)

    console.log
      [Button] Rendering with type: submit

      at log (src/components/ui/Button.tsx:25:13)

    console.log
      [Button] Props received: {
        variant: 'primary',
        size: 'lg',
        type: 'submit',
        loading: false,
        disabled: false
      }

      at log (src/components/ui/Button.tsx:26:13)

    console.log
      [Button] Has onClick in props: false

      at log (src/components/ui/Button.tsx:27:13)

    console.log
      [Button] All props: {}

      at log (src/components/ui/Button.tsx:28:13)

    console.log
      [Button] Rendering with type: submit

      at log (src/components/ui/Button.tsx:25:13)

    console.log
      [Button] Props received: {
        variant: 'primary',
        size: 'lg',
        type: 'submit',
        loading: false,
        disabled: false
      }

      at log (src/components/ui/Button.tsx:26:13)

    console.log
      [Button] Has onClick in props: false

      at log (src/components/ui/Button.tsx:27:13)

    console.log
      [Button] All props: {}

      at log (src/components/ui/Button.tsx:28:13)

    console.log
      [Button] Rendering with type: submit

      at log (src/components/ui/Button.tsx:25:13)

    console.log
      [Button] Props received: {
        variant: 'primary',
        size: 'lg',
        type: 'submit',
        loading: false,
        disabled: false
      }

      at log (src/components/ui/Button.tsx:26:13)

    console.log
      [Button] Has onClick in props: false

      at log (src/components/ui/Button.tsx:27:13)

    console.log
      [Button] All props: {}

      at log (src/components/ui/Button.tsx:28:13)

    console.log
      [Button] Rendering with type: submit

      at log (src/components/ui/Button.tsx:25:13)

    console.log
      [Button] Props received: {
        variant: 'primary',
        size: 'lg',
        type: 'submit',
        loading: false,
        disabled: false
      }

      at log (src/components/ui/Button.tsx:26:13)

    console.log
      [Button] Has onClick in props: false

      at log (src/components/ui/Button.tsx:27:13)

    console.log
      [Button] All props: {}

      at log (src/components/ui/Button.tsx:28:13)

    console.log
      [Button] Rendering with type: submit

      at log (src/components/ui/Button.tsx:25:13)

    console.log
      [Button] Props received: {
        variant: 'primary',
        size: 'lg',
        type: 'submit',
        loading: false,
        disabled: false
      }

      at log (src/components/ui/Button.tsx:26:13)

    console.log
      [Button] Has onClick in props: false

      at log (src/components/ui/Button.tsx:27:13)

    console.log
      [Button] All props: {}

      at log (src/components/ui/Button.tsx:28:13)

    console.log
      [Button] Rendering with type: submit

      at log (src/components/ui/Button.tsx:25:13)

    console.log
      [Button] Props received: {
        variant: 'primary',
        size: 'lg',
        type: 'submit',
        loading: false,
        disabled: false
      }

      at log (src/components/ui/Button.tsx:26:13)

    console.log
      [Button] Has onClick in props: false

      at log (src/components/ui/Button.tsx:27:13)

    console.log
      [Button] All props: {}

      at log (src/components/ui/Button.tsx:28:13)

    console.log
      [Button] Rendering with type: submit

      at log (src/components/ui/Button.tsx:25:13)

    console.log
      [Button] Props received: {
        variant: 'primary',
        size: 'lg',
        type: 'submit',
        loading: false,
        disabled: false
      }

      at log (src/components/ui/Button.tsx:26:13)

    console.log
      [Button] Has onClick in props: false

      at log (src/components/ui/Button.tsx:27:13)

    console.log
      [Button] All props: {}

      at log (src/components/ui/Button.tsx:28:13)

    console.log
      [Button] Rendering with type: submit

      at log (src/components/ui/Button.tsx:25:13)

    console.log
      [Button] Props received: {
        variant: 'primary',
        size: 'lg',
        type: 'submit',
        loading: false,
        disabled: false
      }

      at log (src/components/ui/Button.tsx:26:13)

    console.log
      [Button] Has onClick in props: false

      at log (src/components/ui/Button.tsx:27:13)

    console.log
      [Button] All props: {}

      at log (src/components/ui/Button.tsx:28:13)

    console.log
      [Button] Rendering with type: submit

      at log (src/components/ui/Button.tsx:25:13)

    console.log
      [Button] Props received: {
        variant: 'primary',
        size: 'lg',
        type: 'submit',
        loading: false,
        disabled: false
      }

      at log (src/components/ui/Button.tsx:26:13)

    console.log
      [Button] Has onClick in props: false

      at log (src/components/ui/Button.tsx:27:13)

    console.log
      [Button] All props: {}

      at log (src/components/ui/Button.tsx:28:13)

    console.log
      [Button] Rendering with type: submit

      at log (src/components/ui/Button.tsx:25:13)

    console.log
      [Button] Props received: {
        variant: 'primary',
        size: 'lg',
        type: 'submit',
        loading: false,
        disabled: false
      }

      at log (src/components/ui/Button.tsx:26:13)

    console.log
      [Button] Has onClick in props: false

      at log (src/components/ui/Button.tsx:27:13)

    console.log
      [Button] All props: {}

      at log (src/components/ui/Button.tsx:28:13)

    console.log
      [Button] Rendering with type: submit

      at log (src/components/ui/Button.tsx:25:13)

    console.log
      [Button] Props received: {
        variant: 'primary',
        size: 'lg',
        type: 'submit',
        loading: false,
        disabled: false
      }

      at log (src/components/ui/Button.tsx:26:13)

    console.log
      [Button] Has onClick in props: false

      at log (src/components/ui/Button.tsx:27:13)

    console.log
      [Button] All props: {}

      at log (src/components/ui/Button.tsx:28:13)

    console.log
      [Button] Rendering with type: submit

      at log (src/components/ui/Button.tsx:25:13)

    console.log
      [Button] Props received: {
        variant: 'primary',
        size: 'lg',
        type: 'submit',
        loading: false,
        disabled: false
      }

      at log (src/components/ui/Button.tsx:26:13)

    console.log
      [Button] Has onClick in props: false

      at log (src/components/ui/Button.tsx:27:13)

    console.log
      [Button] All props: {}

      at log (src/components/ui/Button.tsx:28:13)

    console.log
      [Button] Rendering with type: submit

      at log (src/components/ui/Button.tsx:25:13)

    console.log
      [Button] Props received: {
        variant: 'primary',
        size: 'lg',
        type: 'submit',
        loading: false,
        disabled: false
      }

      at log (src/components/ui/Button.tsx:26:13)

    console.log
      [Button] Has onClick in props: false

      at log (src/components/ui/Button.tsx:27:13)

    console.log
      [Button] All props: {}

      at log (src/components/ui/Button.tsx:28:13)

    console.log
      [Button] Rendering with type: submit

      at log (src/components/ui/Button.tsx:25:13)

    console.log
      [Button] Props received: {
        variant: 'primary',
        size: 'lg',
        type: 'submit',
        loading: false,
        disabled: false
      }

      at log (src/components/ui/Button.tsx:26:13)

    console.log
      [Button] Has onClick in props: false

      at log (src/components/ui/Button.tsx:27:13)

    console.log
      [Button] All props: {}

      at log (src/components/ui/Button.tsx:28:13)

    console.log
      [Button] Rendering with type: submit

      at log (src/components/ui/Button.tsx:25:13)

    console.log
      [Button] Props received: {
        variant: 'primary',
        size: 'lg',
        type: 'submit',
        loading: false,
        disabled: false
      }

      at log (src/components/ui/Button.tsx:26:13)

    console.log
      [Button] Has onClick in props: false

      at log (src/components/ui/Button.tsx:27:13)

    console.log
      [Button] All props: {}

      at log (src/components/ui/Button.tsx:28:13)

    console.log
      [Button] Rendering with type: submit

      at log (src/components/ui/Button.tsx:25:13)

    console.log
      [Button] Props received: {
        variant: 'primary',
        size: 'lg',
        type: 'submit',
        loading: false,
        disabled: false
      }

      at log (src/components/ui/Button.tsx:26:13)

    console.log
      [Button] Has onClick in props: false

      at log (src/components/ui/Button.tsx:27:13)

    console.log
      [Button] All props: {}

      at log (src/components/ui/Button.tsx:28:13)

    console.log
      [Button] Rendering with type: submit

      at log (src/components/ui/Button.tsx:25:13)

    console.log
      [Button] Props received: {
        variant: 'primary',
        size: 'lg',
        type: 'submit',
        loading: false,
        disabled: false
      }

      at log (src/components/ui/Button.tsx:26:13)

    console.log
      [Button] Has onClick in props: false

      at log (src/components/ui/Button.tsx:27:13)

    console.log
      [Button] All props: {}

      at log (src/components/ui/Button.tsx:28:13)

    console.log
      [Button] Rendering with type: submit

      at log (src/components/ui/Button.tsx:25:13)

    console.log
      [Button] Props received: {
        variant: 'primary',
        size: 'lg',
        type: 'submit',
        loading: false,
        disabled: false
      }

      at log (src/components/ui/Button.tsx:26:13)

    console.log
      [Button] Has onClick in props: false

      at log (src/components/ui/Button.tsx:27:13)

    console.log
      [Button] All props: {}

      at log (src/components/ui/Button.tsx:28:13)

    console.log
      [Button] Rendering with type: submit

      at log (src/components/ui/Button.tsx:25:13)

    console.log
      [Button] Props received: {
        variant: 'primary',
        size: 'lg',
        type: 'submit',
        loading: false,
        disabled: false
      }

      at log (src/components/ui/Button.tsx:26:13)

    console.log
      [Button] Has onClick in props: false

      at log (src/components/ui/Button.tsx:27:13)

    console.log
      [Button] All props: {}

      at log (src/components/ui/Button.tsx:28:13)

    console.log
      [Button] Rendering with type: submit

      at log (src/components/ui/Button.tsx:25:13)

    console.log
      [Button] Props received: {
        variant: 'primary',
        size: 'lg',
        type: 'submit',
        loading: false,
        disabled: false
      }

      at log (src/components/ui/Button.tsx:26:13)

    console.log
      [Button] Has onClick in props: false

      at log (src/components/ui/Button.tsx:27:13)

    console.log
      [Button] All props: {}

      at log (src/components/ui/Button.tsx:28:13)

    console.log
      [Button] Rendering with type: submit

      at log (src/components/ui/Button.tsx:25:13)

    console.log
      [Button] Props received: {
        variant: 'primary',
        size: 'lg',
        type: 'submit',
        loading: false,
        disabled: false
      }

      at log (src/components/ui/Button.tsx:26:13)

    console.log
      [Button] Has onClick in props: false

      at log (src/components/ui/Button.tsx:27:13)

    console.log
      [Button] All props: {}

      at log (src/components/ui/Button.tsx:28:13)

    console.log
      [Button] Rendering with type: submit

      at log (src/components/ui/Button.tsx:25:13)

    console.log
      [Button] Props received: {
        variant: 'primary',
        size: 'lg',
        type: 'submit',
        loading: false,
        disabled: false
      }

      at log (src/components/ui/Button.tsx:26:13)

    console.log
      [Button] Has onClick in props: false

      at log (src/components/ui/Button.tsx:27:13)

    console.log
      [Button] All props: {}

      at log (src/components/ui/Button.tsx:28:13)

    console.log
      [Button] Rendering with type: submit

      at log (src/components/ui/Button.tsx:25:13)

    console.log
      [Button] Props received: {
        variant: 'primary',
        size: 'lg',
        type: 'submit',
        loading: false,
        disabled: false
      }

      at log (src/components/ui/Button.tsx:26:13)

    console.log
      [Button] Has onClick in props: false

      at log (src/components/ui/Button.tsx:27:13)

    console.log
      [Button] All props: {}

      at log (src/components/ui/Button.tsx:28:13)

    console.log
      [Button] Rendering with type: submit

      at log (src/components/ui/Button.tsx:25:13)

    console.log
      [Button] Props received: {
        variant: 'primary',
        size: 'lg',
        type: 'submit',
        loading: false,
        disabled: false
      }

      at log (src/components/ui/Button.tsx:26:13)

    console.log
      [Button] Has onClick in props: false

      at log (src/components/ui/Button.tsx:27:13)

    console.log
      [Button] All props: {}

      at log (src/components/ui/Button.tsx:28:13)

    console.log
      [Button] Rendering with type: submit

      at log (src/components/ui/Button.tsx:25:13)

    console.log
      [Button] Props received: {
        variant: 'primary',
        size: 'lg',
        type: 'submit',
        loading: false,
        disabled: false
      }

      at log (src/components/ui/Button.tsx:26:13)

    console.log
      [Button] Has onClick in props: false

      at log (src/components/ui/Button.tsx:27:13)

    console.log
      [Button] All props: {}

      at log (src/components/ui/Button.tsx:28:13)

    console.log
      [Button] Rendering with type: submit

      at log (src/components/ui/Button.tsx:25:13)

    console.log
      [Button] Props received: {
        variant: 'primary',
        size: 'lg',
        type: 'submit',
        loading: true,
        disabled: true
      }

      at log (src/components/ui/Button.tsx:26:13)

    console.log
      [Button] Has onClick in props: false

      at log (src/components/ui/Button.tsx:27:13)

    console.log
      [Button] All props: {}

      at log (src/components/ui/Button.tsx:28:13)

    console.log
      Form submission started

      at log (src/hooks/useLoginForm.ts:200:13)

    console.log
      Default behavior prevented

      at log (src/hooks/useLoginForm.ts:203:15)

    console.log
      [LoginFlowTracer] Trace started: c7a35b8a-5945-4c4f-9ed7-8f57cf091aca

      at log (src/lib/auth/LoginFlowTracer.ts:52:15)

    console.log
      [useLoginForm] Login flow started { traceId: 'c7a35b8a-5945-4c4f-9ed7-8f57cf091aca' }

      at log (src/hooks/useLoginForm.ts:208:13)

    console.log
      [useLoginForm] Calling API client login method { traceId: 'c7a35b8a-5945-4c4f-9ed7-8f57cf091aca' }

      at log (src/hooks/useLoginForm.ts:230:15)

    console.log
      [AuthService] Login attempt {
        email: 'test@example.com',
        traceId: 'c7a35b8a-5945-4c4f-9ed7-8f57cf091aca'
      }

      at AuthService.log [as login] (src/lib/api/authService.ts:140:15)

    console.log
      [AuthService] Calling backend API { traceId: 'c7a35b8a-5945-4c4f-9ed7-8f57cf091aca' }

      at AuthService.log [as login] (src/lib/api/authService.ts:168:15)

    console.log
      [TokenManager] getToken attempt {
        storageKey: 'jwt_token',
        source: undefined,
        traceId: undefined,
        timestamp: '2026-02-08T19:38:08.402Z'
      }

      at log (src/lib/api/tokenManager.ts:322:11)

    console.log
      [TokenManager] Raw value retrieved {
        storageKey: 'jwt_token',
        valuePresent: false,
        valueLength: 0,
        valuePreview: 'null',
        traceId: undefined
      }

      at log (src/lib/api/tokenManager.ts:335:15)

    console.log
      [TokenManager] No token found in storage { storageKey: 'jwt_token', traceId: undefined }

      at log (src/lib/api/tokenManager.ts:358:21)

    console.warn
      [AuthLogger 2026-02-08T19:38:08.403Z] Token get failed

       98 |   } else {
       99 |     // In production, log minimal info
    > 100 |     consoleMethod(message);
          |     ^
      101 |   }
      102 | }
      103 |

      at consoleMethod (src/lib/auth/AuthLogger.ts:100:5)
      at log (src/lib/auth/AuthLogger.ts:175:3)
      at getToken (src/lib/api/tokenManager.ts:362:30)
      at src/lib/api/apiClient.ts:53:29
      at ApiClient.interceptor [as request] (src/lib/api/apiClient.ts:195:24)
      at ApiClient.request [as post] (src/lib/api/apiClient.ts:114:17)
      at AuthService.post [as login] (src/lib/api/authService.ts:169:45)
      at login (src/hooks/useLoginForm.ts:231:40)
      at errors (node_modules/react-hook-form/src/logic/createFormControl.ts:1293:24)

    console.log
      [TokenManager] getToken attempt {
        storageKey: 'jwt_token',
        source: undefined,
        traceId: undefined,
        timestamp: '2026-02-08T19:38:08.404Z'
      }

      at log (src/lib/api/tokenManager.ts:322:11)

    console.log
      [TokenManager] Raw value retrieved {
        storageKey: 'jwt_token',
        valuePresent: false,
        valueLength: 0,
        valuePreview: 'null',
        traceId: undefined
      }

      at log (src/lib/api/tokenManager.ts:335:15)

    console.log
      [TokenManager] No token found in storage { storageKey: 'jwt_token', traceId: undefined }

      at log (src/lib/api/tokenManager.ts:358:21)

    console.warn
      [AuthLogger 2026-02-08T19:38:08.405Z] Token get failed

       98 |   } else {
       99 |     // In production, log minimal info
    > 100 |     consoleMethod(message);
          |     ^
      101 |   }
      102 | }
      103 |

      at consoleMethod (src/lib/auth/AuthLogger.ts:100:5)
      at log (src/lib/auth/AuthLogger.ts:175:3)
      at getToken (src/lib/api/tokenManager.ts:362:30)
      at TokenManager.getToken (src/lib/api/tokenManager.ts:512:12)
      at getToken (src/lib/api/interceptors.ts:41:30)
      at ApiClient.interceptor [as request] (src/lib/api/apiClient.ts:195:24)

    console.error
      [AuthService] Login error {
        error: 'Unable to connect. Please check your internet connection.',
        traceId: 'c7a35b8a-5945-4c4f-9ed7-8f57cf091aca'
      }

      223 |       };
      224 |     } catch (error: any) {
    > 225 |       console.error('[AuthService] Login error', {
          |               ^
      226 |         error: error.message || String(error),
      227 |         traceId,
      228 |       });

      at AuthService.error (src/lib/api/authService.ts:225:15)
      at src/hooks/useLoginForm.ts:231:22
      at unset (node_modules/react-hook-form/src/logic/createFormControl.ts:1293:7)

    console.error
      [useLoginForm] Login failed {
        error: 'Unable to connect. Please check your internet connection.',
        traceId: 'c7a35b8a-5945-4c4f-9ed7-8f57cf091aca'
      }

      259 |       } else {
      260 |         // Login failed - handle error
    > 261 |         console.error('[useLoginForm] Login failed', { error: result.error, traceId });
          |                 ^
      262 |         
      263 |         // Record attempt for authentication errors
      264 |         if (result.error === 'Invalid email or password') {

      at error (src/hooks/useLoginForm.ts:261:17)
      at unset (node_modules/react-hook-form/src/logic/createFormControl.ts:1293:7)

    console.error
      Login error: {
        type: 'authentication',
        message: 'Unable to connect. Please check your internet connection.'
      }

      139 |     // Error handling is managed by the LoginForm component
      140 |     // This callback is provided for potential future logging or analytics
    > 141 |     console.error('Login error:', error);
          |             ^
      142 |   };
      143 |
      144 |   return (

      at error (src/app/login/LoginPageClient.tsx:141:13)
      at onError (src/hooks/useLoginForm.ts:271:11)
      at unset (node_modules/react-hook-form/src/logic/createFormControl.ts:1293:7)

    console.log
      [Button] Rendering with type: submit

      at log (src/components/ui/Button.tsx:25:13)

    console.log
      [Button] Props received: {
        variant: 'primary',
        size: 'lg',
        type: 'submit',
        loading: false,
        disabled: false
      }

      at log (src/components/ui/Button.tsx:26:13)

    console.log
      [Button] Has onClick in props: false

      at log (src/components/ui/Button.tsx:27:13)

    console.log
      [Button] All props: {}

      at log (src/components/ui/Button.tsx:28:13)

  ● Login Page - Authentication Redirect › Property-Based Tests › property: successful authentication redirects user to appropriate page

    Property failed after 1 tests
    { seed: -1506118601, path: "0", endOnFailure: true }
    Counterexample: [undefined]
    Shrunk 0 time(s)

    Hint: Enable verbose mode in order to have the list of all failing values encountered during the run

      at buildError (node_modules/fast-check/lib/cjs/check/runner/utils/RunDetailsFormatter.js:162:19)
      at asyncThrowIfFailed (node_modules/fast-check/lib/cjs/check/runner/utils/RunDetailsFormatter.js:176:11)

    Cause:
    expect(jest.fn()).toHaveBeenCalled()

    Expected number of calls: >= 1
    Received number of calls:    0

    Ignored nodes: comments, script, style
    [36m<html>[39m
      [36m<head />[39m
      [36m<body>[39m
        [36m<div>[39m
          [36m<div[39m
            [33mclass[39m=[32m"min-h-screen flex items-center justify-center bg-gray-50 px-4 py-12 sm:px-6 lg:px-8"[39m
          [36m>[39m
            [36m<div[39m
              [33mclass[39m=[32m"w-full max-w-md"[39m
            [36m>[39m
              [36m<div[39m
                [33mclass[39m=[32m"rounded-lg border text-card-foreground focus-within:ring-2 focus-within:ring-blue-500 focus-within:ring-offset-2 border-gray-200 bg-white hover:shadow-lg transition-shadow shadow-xl"[39m
              [36m>[39m
                [36m<div[39m
                  [33mclass[39m=[32m"flex flex-col p-6 space-y-2 text-center pb-6"[39m
                [36m>[39m
                  [36m<h1[39m
                    [33mclass[39m=[32m"text-2xl font-bold text-gray-900 sm:text-3xl"[39m
                  [36m>[39m
                    [0mSign in to your account[0m
                  [36m</h1>[39m
                  [36m<p[39m
                    [33mclass[39m=[32m"text-sm text-gray-600 sm:text-base"[39m
                  [36m>[39m
                    [0mEnter your credentials to access your tax preparation dashboard[0m
                  [36m</p>[39m
                [36m</div>[39m
                [36m<div[39m
                  [33mclass[39m=[32m"p-6 pt-0 pb-8"[39m
                [36m>[39m
                  [36m<form[39m
                    [33mclass[39m=[32m"space-y-6"[39m
                    [33mnovalidate[39m=[32m""[39m
                  [36m>[39m
                    [36m<div[39m
                      [33maria-live[39m=[32m"assertive"[39m
                      [33mclass[39m=[32m"p-4 rounded-md bg-red-50 border border-red-200"[39m
                      [33mrole[39m=[32m"alert"[39m
                    [36m>[39m
                      [36m<div[39m
                        [33mclass[39m=[32m"flex items-start"[39m
                      [36m>[39m
                        [36m<svg[39m
                          [33maria-hidden[39m=[32m"true"[39m
                          [33mclass[39m=[32m"w-5 h-5 text-red-600 mr-3 mt-0.5 flex-shrink-0"[39m
                          [33mfill[39m=[32m"currentColor"[39m
                          [33mviewBox[39m=[32m"0 0 20 20"[39m
                        [36m>[39m
                          [36m<path[39m
                            [33mclip-rule[39m=[32m"evenodd"[39m
                            [33md[39m=[32m"M10 18a8 8 0 100-16 8 8 0 000 16zM8.707 7.293a1 1 0 00-1.414 1.414L8.586 10l-1.293 1.293a1 1 0 101.414 1.414L10 11.414l1.293 1.293a1 1 0 001.414-1.414L11.414 10l1.293-1.293a1 1 0 00-1.414-1.414L10 8.586 8.707 7.293z"[39m
                            [33mfill-rule[39m=[32m"evenodd"[39m
                          [36m/>[39m
                        [36m</svg>[39m
                        [36m<p[39m
                          [33mclass[39m=[32m"text-sm text-red-800"[39m
                        [36m>[39m
                          [0mUnable to connect. Please check your internet connection.[0m
                        [36m</p>[39m
                      [36m</div>[39m
                    [36m</div>[39m
                    [36m<div[39m
                      [33maria-live[39m=[32m"polite"[39m
                      [33mclass[39m=[32m"p-4 rounded-md border transition-all duration-200 bg-red-50 border-red-200"[39m
                      [33mrole[39m=[32m"status"[39m
                    [36m>[39m
                      [36m<div[39m
                        [33mclass[39m=[32m"flex items-start"[39m
                      [36m>[39m
                        [36m<svg[39m
                          [33maria-hidden[39m=[32m"true"[39m
                          [33mclass[39m=[32m"w-5 h-5 text-red-600 mr-3 mt-0.5 flex-shrink-0"[39m
                          [33mfill[39m=[32m"currentColor"[39m
                          [33mviewBox[39m=[32m"0 0 20 20"[39m
                        [36m>[39m
                          [36m<path[39m
                            [33mclip-rule[39m=[32m"evenodd"[39m
                            [33md[39m=[32m"M10 18a8 8 0 100-16 8 8 0 000 16zM8.707 7.293a1 1 0 00-1.414 1.414L8.586 10l-1.293 1.293a1 1 0 101.414 1.414L10 11.414l1.293 1.293a1 1 0 001.414-1.414L11.414 10l1.293-1.293a1 1 0 00-1.414-1.414L10 8.586 8.707 7.293z"[39m
                            [33mfill-rule[39m=[32m"evenodd"[39m
                          [36m/>[39m
                        [36m</svg>[39m
                        [36m<p[39m
                          [33mclass[39m=[32m"text-sm text-red-800"[39m
                        [36m>[39m
                          [0mUnable to connect. Please check your internet connection.[0m
                        [36m</p>[39m
                      [36m</div>[39m
                    [36m</div>[39m
                    [36m<div>[39m
                      [36m<label[39m
                        [33mclass[39m=[32m"block text-sm font-medium text-gray-700 mb-1.5"[39m
                        [33mfor[39m=[32m"email"[39m
                      [36m>[39m
                        [0mEmail Address[0m
                      [36m</label>[39m
                      [36m<input[39m
                        [33maria-invalid[39m=[32m"false"[39m
                        [33maria-label[39m=[32m"Email Address"[39m
                        [33maria-required[39m=[32m"true"[39m
                        [33mautocomplete[39m=[32m"email"[39m
                        [33mclass[39m=[32m"w-full px-3 py-2 rounded-md border text-gray-900 transition-colors duration-200 placeholder:text-gray-400 focus:outline-none focus:ring-2 focus:ring-offset-2 focus-visible:outline-none focus-visible:ring-2 focus-visible:ring-offset-2 min-h-[44px] text-base md:min-h-[40px] md:text-sm border-gray-300 focus:ring-blue-500 focus:border-blue-500 focus-visible:ring-blue-500"[39m
                        [33mid[39m=[32m"email"[39m
                        [33mname[39m=[32m"email"[39m
                        [33mtype[39m=[32m"email"[39m
                      [36m/>[39m
                    [36m</div>[39m
                    [36m<div>[39m
                      [36m<label[39m
                        [33mclass[39m=[32m"block text-sm font-medium text-gray-700 mb-1.5"[39m
                        [33mfor[39m=[32m"password"[39m
                      [36m>[39m
                        [0mPassword[0m
                      [36m</label>[39m
                      [36m<div[39m
                        [33mclass[39m=[32m"relative"[39m
                      [36m>[39m
                        [36m<input[39m
                          [33maria-invalid[39m=[32m"false"[39m
                          [33maria-label[39m=[32m"Password"[39m
                          [33maria-required[39m=[32m"true"[39m
                          [33mautocomplete[39m=[32m"current-password"[39m
                          [33mclass[39m=[32m"w-full px-3 py-2 pr-12 rounded-md border text-gray-900 transition-colors duration-200 placeholder:text-gray-400 focus:outline-none focus:ring-2 focus:ring-offset-2 focus-visible:outline-none focus-visible:ring-2 focus-visible:ring-offset-2 min-h-[44px] text-base md:min-h-[40px] md:text-sm border-gray-300 focus:ring-blue-500 focus:border-blue-500 focus-visible:ring-blue-500"[39m
                          [33mid[39m=[32m"password"[39m
                          [33mname[39m=[32m"password"[39m
                          [33mtype[39m=[32m"password"[39m
                        [36m/>[39m
                        [36m<button[39m
                          [33maria-label[39m=[32m"Show password"[39m
                          [33maria-pressed[39m=[32m"false"[39m
                          [33mclass[39m=[32m"absolute right-2 top-1/2 -translate-y-1/2 p-2 rounded-md z-10 min-w-[44px] min-h-[44px] md:min-w-[36px] md:min-h-[36px] hover:bg-gray-100 transition-colors duration-200 focus:outline-none focus:ring-2 focus:ring-blue-500 focus:ring-offset-2 focus-visible:outline-none focus-visible:ring-2 focus-visible:ring-blue-500 focus-visible:ring-offset-2"[39m
                          [33mtype[39m=[32m"button"[39m
                        [36m>[39m
                          [36m<svg[39m
                            [33maria-hidden[39m=[32m"true"[39m
                            [33mclass[39m=[32m"w-5 h-5 text-gray-600"[39m
                            [33mfill[39m=[32m"none"[39m
                            [33mstroke[39m=[32m"currentColor"[39m
                            [33mstyle[39m=[32m"pointer-events: none;"[39m
                            [33mviewBox[39m=[32m"0 0 24 24"[39m
                          [36m>[39m
                            [36m<path[39m
                              [33md[39m=[32m"M15 12a3 3 0 11-6 0 3 3 0 016 0z"[39m
                              [33mstroke-linecap[39m=[32m"round"[39m
                              [33mstroke-linejoin[39m=[32m"round"[39m
                              [33mstroke-width[39m=[32m"2"[39m
                              [33mstyle[39m=[32m"pointer-events: none;"[39m
                            [36m/>[39m
                            [36m<path[39m
                              [33md[39m=[32m"M2.458 12C3.732 7.943 7.523 5 12 5c4.478 0 8.268 2.943 9.542 7-1.274 4.057-5.064 7-9.542 7-4.477 0-8.268-2.943-9.542-7z"[39m
                              [33mstroke-linecap[39m=[32m"round"[39m
                              [33mstroke-linejoin[39m=[32m"round"[39m
                              [33mstroke-width[39m=[32m"2"[39m
                              [33mstyle[39m=[32m"pointer-events: none;"[39m
                            [36m/>[39m
                          [36m</svg>[39m
                        [36m</button>[39m
                      [36m</div>[39m
                    [36m</div>[39m
                    [36m<button[39m
                      [33maria-busy[39m=[32m"false"[39m
                      [33mclass[39m=[32m"inline-flex items-center justify-center rounded-md font-medium transition-colors focus-visible:outline-none focus-visible:ring-2 focus-visible:ring-offset-2 disabled:pointer-events-none disabled:opacity-50 focus:outline-none focus:ring-2 focus:ring-offset-2 bg-blue-600 text-white hover:bg-blue-700 active:bg-blue-800 focus-visible:ring-blue-500 focus:ring-blue-500 h-12 px-6 text-lg w-full min-h-[44px] md:min-h-[48px]"[39m
                      [33mtype[39m=[32m"submit"[39m
                    [36m>[39m
                      [0mSign In[0m
                    [36m</button>[39m
                  [36m</form>[39m
                [36m</div>[39m
              [36m</div>[39m
              [36m<div[39m
                [33mclass[39m=[32m"mt-6 text-center"[39m
              [36m>[39m
                [36m<p[39m
                  [33mclass[39m=[32m"text-sm text-gray-600"[39m
                [36m>[39m
                  [0mDon't have an account?[0m
                  [0m [0m
                  [36m<a[39m
                    [33mclass[39m=[32m"font-medium text-blue-600 hover:text-blue-500 focus:outline-none focus:underline transition-colors"[39m
                    [33mhref[39m=[32m"/signup"[39m
                  [36m>[39m
                    [0mSign up[0m
                  [36m</a>[39m
                [36m</p>[39m
              [36m</div>[39m
            [36m</div>[39m
          [36m</div>[39m
        [36m</div>[39m
      [36m</body>[39m
    [36m</html>[39m

      94 |             await waitFor(
      95 |               () => {
    > 96 |                 expect(mockPush).toHaveBeenCalled();
         |                                  ^
      97 |               },
      98 |               { timeout: 5000 }
      99 |             );

      at toHaveBeenCalled (src/app/login/authentication-redirect.property.test.tsx:96:34)
      at runWithExpensiveErrorDiagnosticsDisabled (node_modules/@testing-library/dom/dist/config.js:47:12)
      at checkCallback (node_modules/@testing-library/dom/dist/wait-for.js:124:77)
      at checkRealTimersCallback (node_modules/@testing-library/dom/dist/wait-for.js:118:16)
      at Timeout.task [as _onTimeout] (node_modules/jsdom/lib/jsdom/browser/Window.js:579:19)

  ● Login Page - Authentication Redirect › Property-Based Tests › property: callbackUrl takes precedence over response redirectUrl

    Property failed after 1 tests
    { seed: 1172095698, path: "0:0:0", endOnFailure: true }
    Counterexample: ["/dashboard","/other"]
    Shrunk 2 time(s)

    Hint: Enable verbose mode in order to have the list of all failing values encountered during the run

      at buildError (node_modules/fast-check/lib/cjs/check/runner/utils/RunDetailsFormatter.js:162:19)
      at asyncThrowIfFailed (node_modules/fast-check/lib/cjs/check/runner/utils/RunDetailsFormatter.js:176:11)

    Cause:
    TestingLibraryElementError: Found multiple elements with the text of: /email address/i

    Here are the matching elements:

    Ignored nodes: comments, script, style
    [36m<input[39m
      [33maria-invalid[39m=[32m"false"[39m
      [33maria-label[39m=[32m"Email Address"[39m
      [33maria-required[39m=[32m"true"[39m
      [33mautocomplete[39m=[32m"email"[39m
      [33mclass[39m=[32m"w-full px-3 py-2 rounded-md border text-gray-900 transition-colors duration-200 placeholder:text-gray-400 focus:outline-none focus:ring-2 focus:ring-offset-2 focus-visible:outline-none focus-visible:ring-2 focus-visible:ring-offset-2 min-h-[44px] text-base md:min-h-[40px] md:text-sm border-gray-300 focus:ring-blue-500 focus:border-blue-500 focus-visible:ring-blue-500"[39m
      [33mid[39m=[32m"email"[39m
      [33mname[39m=[32m"email"[39m
      [33mtype[39m=[32m"email"[39m
    [36m/>[39m

    Ignored nodes: comments, script, style
    [36m<input[39m
      [33maria-invalid[39m=[32m"false"[39m
      [33maria-label[39m=[32m"Email Address"[39m
      [33maria-required[39m=[32m"true"[39m
      [33mautocomplete[39m=[32m"email"[39m
      [33mclass[39m=[32m"w-full px-3 py-2 rounded-md border text-gray-900 transition-colors duration-200 placeholder:text-gray-400 focus:outline-none focus:ring-2 focus:ring-offset-2 focus-visible:outline-none focus-visible:ring-2 focus-visible:ring-offset-2 min-h-[44px] text-base md:min-h-[40px] md:text-sm border-gray-300 focus:ring-blue-500 focus:border-blue-500 focus-visible:ring-blue-500"[39m
      [33mid[39m=[32m"email"[39m
      [33mname[39m=[32m"email"[39m
      [33mtype[39m=[32m"email"[39m
    [36m/>[39m

    Ignored nodes: comments, script, style
    [36m<input[39m
      [33maria-invalid[39m=[32m"false"[39m
      [33maria-label[39m=[32m"Email Address"[39m
      [33maria-required[39m=[32m"true"[39m
      [33mautocomplete[39m=[32m"email"[39m
      [33mclass[39m=[32m"w-full px-3 py-2 rounded-md border text-gray-900 transition-colors duration-200 placeholder:text-gray-400 focus:outline-none focus:ring-2 focus:ring-offset-2 focus-visible:outline-none focus-visible:ring-2 focus-visible:ring-offset-2 min-h-[44px] text-base md:min-h-[40px] md:text-sm border-gray-300 focus:ring-blue-500 focus:border-blue-500 focus-visible:ring-blue-500"[39m
      [33mid[39m=[32m"email"[39m
      [33mname[39m=[32m"email"[39m
      [33mtype[39m=[32m"email"[39m
    [36m/>[39m

    (If this is intentional, then use the `*AllBy*` variant of the query (like `queryAllByText`, `getAllByText`, or `findAllByText`)).

    Ignored nodes: comments, script, style
    [36m<body>[39m
      [36m<div>[39m
        [36m<div[39m
          [33mclass[39m=[32m"min-h-screen flex items-center justify-center bg-gray-50 px-4 py-12 sm:px-6 lg:px-8"[39m
        [36m>[39m
          [36m<div[39m
            [33mclass[39m=[32m"w-full max-w-md"[39m
          [36m>[39m
            [36m<div[39m
              [33mclass[39m=[32m"rounded-lg border text-card-foreground focus-within:ring-2 focus-within:ring-blue-500 focus-within:ring-offset-2 border-gray-200 bg-white hover:shadow-lg transition-shadow shadow-xl"[39m
            [36m>[39m
              [36m<div[39m
                [33mclass[39m=[32m"flex flex-col p-6 space-y-2 text-center pb-6"[39m
              [36m>[39m
                [36m<h1[39m
                  [33mclass[39m=[32m"text-2xl font-bold text-gray-900 sm:text-3xl"[39m
                [36m>[39m
                  [0mSign in to your account[0m
                [36m</h1>[39m
                [36m<p[39m
                  [33mclass[39m=[32m"text-sm text-gray-600 sm:text-base"[39m
                [36m>[39m
                  [0mEnter your credentials to access your tax preparation dashboard[0m
                [36m</p>[39m
              [36m</div>[39m
              [36m<div[39m
                [33mclass[39m=[32m"p-6 pt-0 pb-8"[39m
              [36m>[39m
                [36m<form[39m
                  [33mclass[39m=[32m"space-y-6"[39m
                  [33mnovalidate[39m=[32m""[39m
                [36m>[39m
                  [36m<div[39m
                    [33maria-live[39m=[32m"assertive"[39m
                    [33mclass[39m=[32m"p-4 rounded-md bg-red-50 border border-red-200"[39m
                    [33mrole[39m=[32m"alert"[39m
                  [36m>[39m
                    [36m<div[39m
                      [33mclass[39m=[32m"flex items-start"[39m
                    [36m>[39m
                      [36m<svg[39m
                        [33maria-hidden[39m=[32m"true"[39m
                        [33mclass[39m=[32m"w-5 h-5 text-red-600 mr-3 mt-0.5 flex-shrink-0"[39m
                        [33mfill[39m=[32m"currentColor"[39m
                        [33mviewBox[39m=[32m"0 0 20 20"[39m
                      [36m>[39m
                        [36m<path[39m
                          [33mclip-rule[39m=[32m"evenodd"[39m
                          [33md[39m=[32m"M10 18a8 8 0 100-16 8 8 0 000 16zM8.707 7.293a1 1 0 00-1.414 1.414L8.586 10l-1.293 1.293a1 1 0 101.414 1.414L10 11.414l1.293 1.293a1 1 0 001.414-1.414L11.414 10l1.293-1.293a1 1 0 00-1.414-1.414L10 8.586 8.707 7.293z"[39m
                          [33mfill-rule[39m=[32m"evenodd"[39m
                        [36m/>[39m
                      [36m</svg>[39m
                      [36m<p[39m
                        [33mclass[39m=[32m"text-sm text-red-800"[39m
                      [36m>[39m
                        [0mUnable to connect. Please check your internet connection.[0m
                      [36m</p>[39m
                    [36m</div>[39m
                  [36m</div>[39m
                  [36m<div[39m
                    [33maria-live[39m=[32m"polite"[39m
                    [33mclass[39m=[32m"p-4 rounded-md border transition-all duration-200 bg-red-50 border-red-200"[39m
                    [33mrole[39m=[32m"status"[39m
                  [36m>[39m
                    [36m<div[39m
                      [33mclass[39m=[32m"flex items-start"[39m
                    [36m>[39m
                      [36m<svg[39m
                        [33maria-hidden[39m=[32m"true"[39m
                        [33mclass[39m=[32m"w-5 h-5 text-red-600 mr-3 mt-0.5 flex-shrink-0"[39m
                        [33mfill[39m=[32m"currentColor"[39m
                        [33mviewBox[39m=[32m"0 0 20 20"[39m
                      [36m>[39m
                        [36m<path[39m
                          [33mclip-rule[39m=[32m"evenodd"[39m
                          [33md[39m=[32m"M10 18a8 8 0 100-16 8 8 0 000 16zM8.707 7.293a1 1 0 00-1.414 1.414L8.586 10l-1.293 1.293a1 1 0 101.414 1.414L10 11.414l1.293 1.293a1 1 0 001.414-1.414L11.414 10l1.293-1.293a1 1 0 00-1.414-1.414L10 8.586 8.707 7.293z"[39m
                          [33mfill-rule[39m=[32m"evenodd"[39m
                        [36m/>[39m
                      [36m</svg>[39m
                      [36m<p[39m
                        [33mclass[39m=[32m"text-sm text-red-800"[39m
                      [36m>[39m
                        [0mUnable to connect. Please check your internet connection.[0m
                      [36m</p>[39m
                    [36m</div>[39m
                  [36m</div>[39m
                  [36m<div>[39m
                    [36m<label[39m
                      [33mclass[39m=[32m"block text-sm font-medium text-gray-700 mb-1.5"[39m
                      [33mfor[39m=[32m"email"[39m
                    [36m>[39m
                      [0mEmail Address[0m
                    [36m</label>[39m
                    [36m<input[39m
                      [33maria-invalid[39m=[32m"false"[39m
                      [33maria-label[39m=[32m"Email Address"[39m
                      [33maria-required[39m=[32m"true"[39m
                      [33mautocomplete[39m=[32m"email"[39m
                      [33mclass[39m=[32m"w-full px-3 py-2 rounded-md border text-gray-900 transition-colors duration-200 placeholder:text-gray-400 focus:outline-none focus:ring-2 focus:ring-offset-2 focus-visible:outline-none focus-visible:ring-2 focus-visible:ring-offset-2 min-h-[44px] text-base md:min-h-[40px] md:text-sm border-gray-300 focus:ring-blue-500 focus:border-blue-500 focus-visible:ring-blue-500"[39m
                      [33mid[39m=[32m"email"[39m
                      [33mname[39m=[32m"email"[39m
                      [33mtype[39m=[32m"email"[39m
                    [36m/>[39m
                  [36m</div>[39m
                  [36m<div>[39m
                    [36m<label[39m
                      [33mclass[39m=[32m"block text-sm font-medium text-gray-700 mb-1.5"[39m
                      [33mfor[39m=[32m"password"[39m
                    [36m>[39m
                      [0mPassword[0m
                    [36m</label>[39m
                    [36m<div[39m
                      [33mclass[39m=[32m"relative"[39m
                    [36m>[39m
                      [36m<input[39m
                        [33maria-invalid[39m=[32m"false"[39m
                        [33maria-label[39m=[32m"Password"[39m
                        [33maria-required[39m=[32m"true"[39m
                        [33mautocomplete[39m=[32m"current-password"[39m
                        [33mclass[39m=[32m"w-full px-3 py-2 pr-12 rounded-md border text-gray-900 transition-colors duration-200 placeholder:text-gray-400 focus:outline-none focus:ring-2 focus:ring-offset-2 focus-visible:outline-none focus-visible:ring-2 focus-visible:ring-offset-2 min-h-[44px] text-base md:min-h-[40px] md:text-sm border-gray-300 focus:ring-blue-500 focus:border-blue-500 focus-visible:ring-blue-500"[39m
                        [33mid[39m=[32m"password"[39m
                        [33mname[39m=[32m"password"[39m
                        [33mtype[39m=[32m"password"[39m
                      [36m/>[...

      136 |             const { unmount } = render(<LoginPageClient callbackUrl={callbackUrl} />);
      137 |
    > 138 |             const emailInput = screen.getByLabelText(/email address/i);
          |                                       ^
      139 |             const passwordInput = screen.getByLabelText(/^password$/i);
      140 |             const submitButton = screen.getByRole('button', { name: /sign in/i });
      141 |

      at Object.getElementError (node_modules/@testing-library/dom/dist/config.js:37:19)
      at getElementError (node_modules/@testing-library/dom/dist/query-helpers.js:20:35)
      at getMultipleElementsFoundError (node_modules/@testing-library/dom/dist/query-helpers.js:23:10)
      at node_modules/@testing-library/dom/dist/query-helpers.js:55:13
      at node_modules/@testing-library/dom/dist/query-helpers.js:95:19
      at getByLabelText (src/app/login/authentication-redirect.property.test.tsx:138:39)
      at AsyncProperty.predicate (node_modules/fast-check/lib/cjs/check/property/AsyncProperty.js:17:102)
      at AsyncProperty.run (node_modules/fast-check/lib/cjs/check/property/AsyncProperty.generic.js:46:39)
      at asyncRunIt (node_modules/fast-check/lib/cjs/check/runner/Runner.js:28:36)
      at Object.<anonymous> (src/app/login/authentication-redirect.property.test.tsx:113:7)

  ● Login Page - Authentication Redirect › Property-Based Tests › property: default redirect is /dashboard when no URLs provided

    Property failed after 1 tests
    { seed: 2082602233, path: "0", endOnFailure: true }
    Counterexample: [null]
    Shrunk 0 time(s)

    Hint: Enable verbose mode in order to have the list of all failing values encountered during the run

      at buildError (node_modules/fast-check/lib/cjs/check/runner/utils/RunDetailsFormatter.js:162:19)
      at asyncThrowIfFailed (node_modules/fast-check/lib/cjs/check/runner/utils/RunDetailsFormatter.js:176:11)

    Cause:
    expect(jest.fn()).toHaveBeenCalled()

    Expected number of calls: >= 1
    Received number of calls:    0

    Ignored nodes: comments, script, style
    [36m<html>[39m
      [36m<head />[39m
      [36m<body>[39m
        [36m<div>[39m
          [36m<div[39m
            [33mclass[39m=[32m"min-h-screen flex items-center justify-center bg-gray-50 px-4 py-12 sm:px-6 lg:px-8"[39m
          [36m>[39m
            [36m<div[39m
              [33mclass[39m=[32m"w-full max-w-md"[39m
            [36m>[39m
              [36m<div[39m
                [33mclass[39m=[32m"rounded-lg border text-card-foreground focus-within:ring-2 focus-within:ring-blue-500 focus-within:ring-offset-2 border-gray-200 bg-white hover:shadow-lg transition-shadow shadow-xl"[39m
              [36m>[39m
                [36m<div[39m
                  [33mclass[39m=[32m"flex flex-col p-6 space-y-2 text-center pb-6"[39m
                [36m>[39m
                  [36m<h1[39m
                    [33mclass[39m=[32m"text-2xl font-bold text-gray-900 sm:text-3xl"[39m
                  [36m>[39m
                    [0mSign in to your account[0m
                  [36m</h1>[39m
                  [36m<p[39m
                    [33mclass[39m=[32m"text-sm text-gray-600 sm:text-base"[39m
                  [36m>[39m
                    [0mEnter your credentials to access your tax preparation dashboard[0m
                  [36m</p>[39m
                [36m</div>[39m
                [36m<div[39m
                  [33mclass[39m=[32m"p-6 pt-0 pb-8"[39m
                [36m>[39m
                  [36m<form[39m
                    [33mclass[39m=[32m"space-y-6"[39m
                    [33mnovalidate[39m=[32m""[39m
                  [36m>[39m
                    [36m<div[39m
                      [33maria-live[39m=[32m"assertive"[39m
                      [33mclass[39m=[32m"p-4 rounded-md bg-red-50 border border-red-200"[39m
                      [33mrole[39m=[32m"alert"[39m
                    [36m>[39m
                      [36m<div[39m
                        [33mclass[39m=[32m"flex items-start"[39m
                      [36m>[39m
                        [36m<svg[39m
                          [33maria-hidden[39m=[32m"true"[39m
                          [33mclass[39m=[32m"w-5 h-5 text-red-600 mr-3 mt-0.5 flex-shrink-0"[39m
                          [33mfill[39m=[32m"currentColor"[39m
                          [33mviewBox[39m=[32m"0 0 20 20"[39m
                        [36m>[39m
                          [36m<path[39m
                            [33mclip-rule[39m=[32m"evenodd"[39m
                            [33md[39m=[32m"M10 18a8 8 0 100-16 8 8 0 000 16zM8.707 7.293a1 1 0 00-1.414 1.414L8.586 10l-1.293 1.293a1 1 0 101.414 1.414L10 11.414l1.293 1.293a1 1 0 001.414-1.414L11.414 10l1.293-1.293a1 1 0 00-1.414-1.414L10 8.586 8.707 7.293z"[39m
                            [33mfill-rule[39m=[32m"evenodd"[39m
                          [36m/>[39m
                        [36m</svg>[39m
                        [36m<p[39m
                          [33mclass[39m=[32m"text-sm text-red-800"[39m
                        [36m>[39m
                          [0mUnable to connect. Please check your internet connection.[0m
                        [36m</p>[39m
                      [36m</div>[39m
                    [36m</div>[39m
                    [36m<div[39m
                      [33maria-live[39m=[32m"polite"[39m
                      [33mclass[39m=[32m"p-4 rounded-md border transition-all duration-200 bg-red-50 border-red-200"[39m
                      [33mrole[39m=[32m"status"[39m
                    [36m>[39m
                      [36m<div[39m
                        [33mclass[39m=[32m"flex items-start"[39m
                      [36m>[39m
                        [36m<svg[39m
                          [33maria-hidden[39m=[32m"true"[39m
                          [33mclass[39m=[32m"w-5 h-5 text-red-600 mr-3 mt-0.5 flex-shrink-0"[39m
                          [33mfill[39m=[32m"currentColor"[39m
                          [33mviewBox[39m=[32m"0 0 20 20"[39m
                        [36m>[39m
                          [36m<path[39m
                            [33mclip-rule[39m=[32m"evenodd"[39m
                            [33md[39m=[32m"M10 18a8 8 0 100-16 8 8 0 000 16zM8.707 7.293a1 1 0 00-1.414 1.414L8.586 10l-1.293 1.293a1 1 0 101.414 1.414L10 11.414l1.293 1.293a1 1 0 001.414-1.414L11.414 10l1.293-1.293a1 1 0 00-1.414-1.414L10 8.586 8.707 7.293z"[39m
                            [33mfill-rule[39m=[32m"evenodd"[39m
                          [36m/>[39m
                        [36m</svg>[39m
                        [36m<p[39m
                          [33mclass[39m=[32m"text-sm text-red-800"[39m
                        [36m>[39m
                          [0mUnable to connect. Please check your internet connection.[0m
                        [36m</p>[39m
                      [36m</div>[39m
                    [36m</div>[39m
                    [36m<div>[39m
                      [36m<label[39m
                        [33mclass[39m=[32m"block text-sm font-medium text-gray-700 mb-1.5"[39m
                        [33mfor[39m=[32m"email"[39m
                      [36m>[39m
                        [0mEmail Address[0m
                      [36m</label>[39m
                      [36m<input[39m
                        [33maria-invalid[39m=[32m"false"[39m
                        [33maria-label[39m=[32m"Email Address"[39m
                        [33maria-required[39m=[32m"true"[39m
                        [33mautocomplete[39m=[32m"email"[39m
                        [33mclass[39m=[32m"w-full px-3 py-2 rounded-md border text-gray-900 transition-colors duration-200 placeholder:text-gray-400 focus:outline-none focus:ring-2 focus:ring-offset-2 focus-visible:outline-none focus-visible:ring-2 focus-visible:ring-offset-2 min-h-[44px] text-base md:min-h-[40px] md:text-sm border-gray-300 focus:ring-blue-500 focus:border-blue-500 focus-visible:ring-blue-500"[39m
                        [33mid[39m=[32m"email"[39m
                        [33mname[39m=[32m"email"[39m
                        [33mtype[39m=[32m"email"[39m
                      [36m/>[39m
                    [36m</div>[39m
                    [36m<div>[39m
                      [36m<label[39m
                        [33mclass[39m=[32m"block text-sm font-medium text-gray-700 mb-1.5"[39m
                        [33mfor[39m=[32m"password"[39m
                      [36m>[39m
                        [0mPassword[0m
                      [36m</label>[39m
                      [36m<div[39m
                        [33mclass[39m=[32m"relative"[39m
                      [36m>[39m
                        [36m<input[39m
                          [33maria-invalid[39m=[32m"false"[39m
                          [33maria-label[39m=[32m"Password"[39m
                          [33maria-required[39m=[32m"true"[39m
                          [33mautocomplete[39m=[32m"current-password"[39m
                          [33mclass[39m=[32m"w-full px-3 py-2 pr-12 rounded-md border text-gray-900 transition-colors duration-200 placeholder:text-gray-400 focus:outline-none focus:ring-2 focus:ring-offset-2 focus-visible:outline-none focus-visible:ring-2 focus-visible:ring-offset-2 min-h-[44px] text-base md:min-h-[40px] md:text-sm border-gray-300 focus:ring-blue-500 focus:border-blue-500 focus-visible:ring-blue-500"[39m
                          [33mid[39m=[32m"password"[39m
                          [33mname[39m=[32m"password"[39m
                          [33mtype[39m=[32m"password"[39m
                        [36m/>[39m
                        [36m<button[39m
                          [33maria-label[39m=[32m"Show password"[39m
                          [33maria-pressed[39m=[32m"false"[39m
                          [33mclass[39m=[32m"absolute right-2 top-1/2 -translate-y-1/2 p-2 rounded-md z-10 min-w-[44px] min-h-[44px] md:min-w-[36px] md:min-h-[36px] hover:bg-gray-100 transition-colors duration-200 focus:outline-none focus:ring-2 focus:ring-blue-500 focus:ring-offset-2 focus-visible:outline-none focus-visible:ring-2 focus-visible:ring-blue-500 focus-visible:ring-offset-2"[39m
                          [33mtype[39m=[32m"button"[39m
                        [36m>[39m
                          [36m<svg[39m
                            [33maria-hidden[39m=[32m"true"[39m
                            [33mclass[39m=[32m"w-5 h-5 text-gray-600"[39m
                            [33mfill[39m=[32m"none"[39m
                            [33mstroke[39m=[32m"currentColor"[39m
                            [33mstyle[39m=[32m"pointer-events: none;"[39m
                            [33mviewBox[39m=[32m"0 0 24 24"[39m
                          [36m>[39m
                            [36m<path[39m
                              [33md[39m=[32m"M15 12a3 3 0 11-6 0 3 3 0 016 0z"[39m
                              [33mstroke-linecap[39m=[32m"round"[39m
                              [33mstroke-linejoin[39m=[32m"round"[39m
                              [33mstroke-width[39m=[32m"2"[39m
                              [33mstyle[39m=[32m"pointer-events: none;"[39m
                            [36m/>[39m
                            [36m<path[39m
                              [33md[39m=[32m"M2.458 12C3.732 7.943 7.523 5 12 5c4.478 0 8.268 2.943 9.542 7-1.274 4.057-5.064 7-9.542 7-4.477 0-8.268-2.943-9.542-7z"[39m
                              [33mstroke-linecap[39m=[32m"round"[39m
                              [33mstroke-linejoin[39m=[32m"round"[39m
                              [33mstroke-width[39m=[32m"2"[39m
                              [33mstyle[39m=[32m"pointer-events: none;"[39m
                            [36m/>[39m
                          [36m</svg>[39m
                        [36m</button>[39m
                      [36m</div>[39m
                    [36m</div>[39m
                    [36m<button[39m
                      [33maria-busy[39m=[32m"false"[39m
                      [33mclass[39m=[32m"inline-flex items-center justify-center rounded-md font-medium transition-colors focus-visible:outline-none focus-visible:ring-2 focus-visible:ring-offset-2 disabled:pointer-events-none disabled:opacity-50 focus:outline-none focus:ring-2 focus:ring-offset-2 bg-blue-600 text-white hover:bg-blue-700 active:bg-blue-800 focus-visible:ring-blue-500 focus:ring-blue-500 h-12 px-6 text-lg w-full min-h-[44px] md:min-h-[48px]"[39m
                      [33mtype[39m=[32m"submit"[39m
                    [36m>[39m
                      [0mSign In[0m
                    [36m</button>[39m
                  [36m</form>[39m
                [36m</div>[39m
              [36m</div>[39m
              [36m<div[39m
                [33mclass[39m=[32m"mt-6 text-center"[39m
              [36m>[39m
                [36m<p[39m
                  [33mclass[39m=[32m"text-sm text-gray-600"[39m
                [36m>[39m
                  [0mDon't have an account?[0m
                  [0m [0m
                  [36m<a[39m
                    [33mclass[39m=[32m"font-medium text-blue-600 hover:text-blue-500 focus:outline-none focus:underline transition-colors"[39m
                    [33mhref[39m=[32m"/signup"[39m
                  [36m>[39m
                    [0mSign up[0m
                  [36m</a>[39m
                [36m</p>[39m
              [36m</div>[39m
            [36m</div>[39m
          [36m</div>[39m
        [36m</div>[39m
      [36m</body>[39m
    [36m</html>[39m

      197 |             await waitFor(
      198 |               () => {
    > 199 |                 expect(mockPush).toHaveBeenCalled();
          |                                  ^
      200 |               },
      201 |               { timeout: 5000 }
      202 |             );

      at toHaveBeenCalled (src/app/login/authentication-redirect.property.test.tsx:199:34)
      at runWithExpensiveErrorDiagnosticsDisabled (node_modules/@testing-library/dom/dist/config.js:47:12)
      at checkCallback (node_modules/@testing-library/dom/dist/wait-for.js:124:77)
      at checkRealTimersCallback (node_modules/@testing-library/dom/dist/wait-for.js:118:16)
      at Timeout.task [as _onTimeout] (node_modules/jsdom/lib/jsdom/browser/Window.js:579:19)

  ● Login Page - Authentication Redirect › Unit Tests - Edge Cases › should redirect after successful authentication

    thrown: "Exceeded timeout of 5000 ms for a test.
    Add a timeout value to this test to increase the timeout, if this is a long-running test. See https://jestjs.io/docs/api#testname-fn-timeout."

      214 |
      215 |   describe('Unit Tests - Edge Cases', () => {
    > 216 |     test('should redirect after successful authentication', async () => {
          |     ^
      217 |       // Mock successful authentication response
      218 |       (global.fetch as jest.Mock).mockResolvedValueOnce({
      219 |         ok: true,

      at test (src/app/login/authentication-redirect.property.test.tsx:216:5)
      at describe (src/app/login/authentication-redirect.property.test.tsx:215:3)
      at Object.describe (src/app/login/authentication-redirect.property.test.tsx:25:1)

  ● Login Page - Authentication Redirect › Unit Tests - Edge Cases › should not redirect on failed authentication

    thrown: "Exceeded timeout of 5000 ms for a test.
    Add a timeout value to this test to increase the timeout, if this is a long-running test. See https://jestjs.io/docs/api#testname-fn-timeout."

      242 |     });
      243 |
    > 244 |     test('should not redirect on failed authentication', async () => {
          |     ^
      245 |       // Mock failed authentication response
      246 |       (global.fetch as jest.Mock).mockResolvedValueOnce({
      247 |         ok: true,

      at test (src/app/login/authentication-redirect.property.test.tsx:244:5)
      at describe (src/app/login/authentication-redirect.property.test.tsx:215:3)
      at Object.describe (src/app/login/authentication-redirect.property.test.tsx:25:1)

  ● Login Page - Authentication Redirect › Unit Tests - Edge Cases › should handle network errors without redirecting

    thrown: "Exceeded timeout of 5000 ms for a test.
    Add a timeout value to this test to increase the timeout, if this is a long-running test. See https://jestjs.io/docs/api#testname-fn-timeout."

      276 |     });
      277 |
    > 278 |     test('should handle network errors without redirecting', async () => {
          |     ^
      279 |       // Mock network error
      280 |       (global.fetch as jest.Mock).mockRejectedValueOnce(new Error('Network error'));
      281 |

      at test (src/app/login/authentication-redirect.property.test.tsx:278:5)
      at describe (src/app/login/authentication-redirect.property.test.tsx:215:3)
      at Object.describe (src/app/login/authentication-redirect.property.test.tsx:25:1)

  ● Login Page - Authentication Redirect › Unit Tests - Edge Cases › should handle malformed API responses without redirecting

    thrown: "Exceeded timeout of 5000 ms for a test.
    Add a timeout value to this test to increase the timeout, if this is a long-running test. See https://jestjs.io/docs/api#testname-fn-timeout."

      301 |     });
      302 |
    > 303 |     test('should handle malformed API responses without redirecting', async () => {
          |     ^
      304 |       // Mock malformed response
      305 |       (global.fetch as jest.Mock).mockResolvedValueOnce({
      306 |         ok: true,

      at test (src/app/login/authentication-redirect.property.test.tsx:303:5)
      at describe (src/app/login/authentication-redirect.property.test.tsx:215:3)
      at Object.describe (src/app/login/authentication-redirect.property.test.tsx:25:1)

  ● Login Page - Authentication Redirect › Unit Tests - Edge Cases › should use callbackUrl when provided

    thrown: "Exceeded timeout of 5000 ms for a test.
    Add a timeout value to this test to increase the timeout, if this is a long-running test. See https://jestjs.io/docs/api#testname-fn-timeout."

      329 |     });
      330 |
    > 331 |     test('should use callbackUrl when provided', async () => {
          |     ^
      332 |       // Mock successful authentication response
      333 |       (global.fetch as jest.Mock).mockResolvedValueOnce({
      334 |         ok: true,

      at test (src/app/login/authentication-redirect.property.test.tsx:331:5)
      at describe (src/app/login/authentication-redirect.property.test.tsx:215:3)
      at Object.describe (src/app/login/authentication-redirect.property.test.tsx:25:1)

FAIL src/components/RateLimiting.integration.test.tsx (130.635 s)
  ● Console

    console.error
      Warning: An update to ForwardRef(LinkComponent) inside a test was not wrapped in act(...).
      
      When testing, code that causes React state updates should be wrapped into act(...):
      
      act(() => {
        /* fire events that update state */
      });
      /* assert on the output */
      
      This ensures that you're testing the behavior the user would see in the browser. Learn more at https://reactjs.org/link/wrap-tests-with-act
          at childrenProp (/Users/ryan/Library/Mobile Documents/com~apple~CloudDocs/Documents/VSCode/Tax-App-Frontend/node_modules/next/src/client/link.tsx:300:16)
          at p
          at form
          at onSuccess (/Users/ryan/Library/Mobile Documents/com~apple~CloudDocs/Documents/VSCode/Tax-App-Frontend/src/components/RegistrationForm.tsx:52:36)

      44 |     jest.restoreAllMocks();
      45 |     sessionStorage.clear();
    > 46 |     jest.runOnlyPendingTimers();
         |          ^
      47 |     jest.useRealTimers();
      48 |   });
      49 |

      at printWarning (node_modules/react-dom/cjs/react-dom.development.js:86:30)
      at error (node_modules/react-dom/cjs/react-dom.development.js:60:7)
      at warnIfUpdatesNotWrappedWithActDEV (node_modules/react-dom/cjs/react-dom.development.js:27628:9)
      at scheduleUpdateOnFiber (node_modules/react-dom/cjs/react-dom.development.js:25547:5)
      at dispatchSetState (node_modules/react-dom/cjs/react-dom.development.js:16708:7)
      at setVisible (node_modules/next/src/client/use-intersection.tsx:125:56)
      at cb (node_modules/next/src/client/request-idle-callback.ts:8:7)
      at callTimer (node_modules/@sinonjs/fake-timers/src/fake-timers-src.js:806:24)
      at doTickInner (node_modules/@sinonjs/fake-timers/src/fake-timers-src.js:1413:29)
      at doTick (node_modules/@sinonjs/fake-timers/src/fake-timers-src.js:1494:20)
      at Object.tick (node_modules/@sinonjs/fake-timers/src/fake-timers-src.js:1502:20)
      at Object.runToLast (node_modules/@sinonjs/fake-timers/src/fake-timers-src.js:1661:26)
      at FakeTimers.runOnlyPendingTimers (node_modules/@jest/fake-timers/build/index.js:542:19)
      at Object.runOnlyPendingTimers (src/components/RateLimiting.integration.test.tsx:46:10)

  ● Rate Limiting Flow - Integration Tests › 6.4: Rate limiting flow › Login Form Rate Limiting › should activate rate limiting after 5 failed attempts

    thrown: "Exceeded timeout of 10000 ms for a test.
    Add a timeout value to this test to increase the timeout, if this is a long-running test. See https://jestjs.io/docs/api#testname-fn-timeout."

      50 |   describe('6.4: Rate limiting flow', () => {
      51 |     describe('Login Form Rate Limiting', () => {
    > 52 |       test('should activate rate limiting after 5 failed attempts', async () => {
         |       ^
      53 |         const mockOnSuccess = jest.fn();
      54 |         
      55 |         render(<LoginForm onSuccess={mockOnSuccess} />);

      at test (src/components/RateLimiting.integration.test.tsx:52:7)
      at describe (src/components/RateLimiting.integration.test.tsx:51:5)
      at describe (src/components/RateLimiting.integration.test.tsx:50:3)
      at Object.describe (src/components/RateLimiting.integration.test.tsx:31:1)

  ● Rate Limiting Flow - Integration Tests › 6.4: Rate limiting flow › Login Form Rate Limiting › should display countdown timer during rate limiting

    thrown: "Exceeded timeout of 15000 ms for a test.
    Add a timeout value to this test to increase the timeout, if this is a long-running test. See https://jestjs.io/docs/api#testname-fn-timeout."

      101 |       }, 10000);
      102 |
    > 103 |       test('should display countdown timer during rate limiting', async () => {
          |       ^
      104 |         const mockOnSuccess = jest.fn();
      105 |         
      106 |         render(<LoginForm onSuccess={mockOnSuccess} />);

      at test (src/components/RateLimiting.integration.test.tsx:103:7)
      at describe (src/components/RateLimiting.integration.test.tsx:51:5)
      at describe (src/components/RateLimiting.integration.test.tsx:50:3)
      at Object.describe (src/components/RateLimiting.integration.test.tsx:31:1)

  ● Rate Limiting Flow - Integration Tests › 6.4: Rate limiting flow › Login Form Rate Limiting › should disable submit button during rate limiting

    thrown: "Exceeded timeout of 15000 ms for a test.
    Add a timeout value to this test to increase the timeout, if this is a long-running test. See https://jestjs.io/docs/api#testname-fn-timeout."

      148 |       });
      149 |
    > 150 |       test('should disable submit button during rate limiting', async () => {
          |       ^
      151 |         const mockOnSuccess = jest.fn();
      152 |         
      153 |         render(<LoginForm onSuccess={mockOnSuccess} />);

      at test (src/components/RateLimiting.integration.test.tsx:150:7)
      at describe (src/components/RateLimiting.integration.test.tsx:51:5)
      at describe (src/components/RateLimiting.integration.test.tsx:50:3)
      at Object.describe (src/components/RateLimiting.integration.test.tsx:31:1)

  ● Rate Limiting Flow - Integration Tests › 6.4: Rate limiting flow › Login Form Rate Limiting › should increment rate limit counter on each failed attempt

    thrown: "Exceeded timeout of 15000 ms for a test.
    Add a timeout value to this test to increase the timeout, if this is a long-running test. See https://jestjs.io/docs/api#testname-fn-timeout."

      190 |       });
      191 |
    > 192 |       test('should increment rate limit counter on each failed attempt', async () => {
          |       ^
      193 |         const mockOnSuccess = jest.fn();
      194 |         
      195 |         render(<LoginForm onSuccess={mockOnSuccess} />);

      at test (src/components/RateLimiting.integration.test.tsx:192:7)
      at describe (src/components/RateLimiting.integration.test.tsx:51:5)
      at describe (src/components/RateLimiting.integration.test.tsx:50:3)
      at Object.describe (src/components/RateLimiting.integration.test.tsx:31:1)

  ● Rate Limiting Flow - Integration Tests › 6.4: Rate limiting flow › Login Form Rate Limiting › should reset rate limit counter after successful submission

    thrown: "Exceeded timeout of 15000 ms for a test.
    Add a timeout value to this test to increase the timeout, if this is a long-running test. See https://jestjs.io/docs/api#testname-fn-timeout."

      235 |       });
      236 |
    > 237 |       test('should reset rate limit counter after successful submission', async () => {
          |       ^
      238 |         const mockOnSuccess = jest.fn();
      239 |         
      240 |         render(<LoginForm onSuccess={mockOnSuccess} />);

      at test (src/components/RateLimiting.integration.test.tsx:237:7)
      at describe (src/components/RateLimiting.integration.test.tsx:51:5)
      at describe (src/components/RateLimiting.integration.test.tsx:50:3)
      at Object.describe (src/components/RateLimiting.integration.test.tsx:31:1)

  ● Rate Limiting Flow - Integration Tests › 6.4: Rate limiting flow › Login Form Rate Limiting › should allow submission after rate limit expires

    thrown: "Exceeded timeout of 15000 ms for a test.
    Add a timeout value to this test to increase the timeout, if this is a long-running test. See https://jestjs.io/docs/api#testname-fn-timeout."

      301 |       });
      302 |
    > 303 |       test('should allow submission after rate limit expires', async () => {
          |       ^
      304 |         const mockOnSuccess = jest.fn();
      305 |         
      306 |         render(<LoginForm onSuccess={mockOnSuccess} />);

      at test (src/components/RateLimiting.integration.test.tsx:303:7)
      at describe (src/components/RateLimiting.integration.test.tsx:51:5)
      at describe (src/components/RateLimiting.integration.test.tsx:50:3)
      at Object.describe (src/components/RateLimiting.integration.test.tsx:31:1)

  ● Rate Limiting Flow - Integration Tests › 6.4: Rate limiting flow › Registration Form Rate Limiting › should activate rate limiting after multiple failed attempts

    thrown: "Exceeded timeout of 15000 ms for a test.
    Add a timeout value to this test to increase the timeout, if this is a long-running test. See https://jestjs.io/docs/api#testname-fn-timeout."

      371 |
      372 |     describe('Registration Form Rate Limiting', () => {
    > 373 |       test('should activate rate limiting after multiple failed attempts', async () => {
          |       ^
      374 |         const mockOnSuccess = jest.fn();
      375 |         
      376 |         render(<RegistrationForm onSuccess={mockOnSuccess} />);

      at test (src/components/RateLimiting.integration.test.tsx:373:7)
      at describe (src/components/RateLimiting.integration.test.tsx:372:5)
      at describe (src/components/RateLimiting.integration.test.tsx:50:3)
      at Object.describe (src/components/RateLimiting.integration.test.tsx:31:1)

  ● Rate Limiting Flow - Integration Tests › 6.4: Rate limiting flow › Registration Form Rate Limiting › should display countdown during rate limiting

    thrown: "Exceeded timeout of 15000 ms for a test.
    Add a timeout value to this test to increase the timeout, if this is a long-running test. See https://jestjs.io/docs/api#testname-fn-timeout."

      414 |       });
      415 |
    > 416 |       test('should display countdown during rate limiting', async () => {
          |       ^
      417 |         const mockOnSuccess = jest.fn();
      418 |         
      419 |         render(<RegistrationForm onSuccess={mockOnSuccess} />);

      at test (src/components/RateLimiting.integration.test.tsx:416:7)
      at describe (src/components/RateLimiting.integration.test.tsx:372:5)
      at describe (src/components/RateLimiting.integration.test.tsx:50:3)
      at Object.describe (src/components/RateLimiting.integration.test.tsx:31:1)

  ● Rate Limiting Flow - Integration Tests › 6.4: Rate limiting flow › Registration Form Rate Limiting › should reset rate limit after successful registration

    thrown: "Exceeded timeout of 15000 ms for a test.
    Add a timeout value to this test to increase the timeout, if this is a long-running test. See https://jestjs.io/docs/api#testname-fn-timeout."

      457 |       });
      458 |
    > 459 |       test('should reset rate limit after successful registration', async () => {
          |       ^
      460 |         const mockOnSuccess = jest.fn();
      461 |         
      462 |         render(<RegistrationForm onSuccess={mockOnSuccess} />);

      at test (src/components/RateLimiting.integration.test.tsx:459:7)
      at describe (src/components/RateLimiting.integration.test.tsx:372:5)
      at describe (src/components/RateLimiting.integration.test.tsx:50:3)
      at Object.describe (src/components/RateLimiting.integration.test.tsx:31:1)

Summary of all failing tests
FAIL src/app/dashboard/unauthenticated-redirect.property.test.tsx
  ● Property-Based Tests: Dashboard Unauthenticated Redirect › Property 2: Unauthenticated Users Are Redirected

    Property failed after 1 tests
    { seed: -438219396, path: "0", endOnFailure: true }
    Counterexample: [null]
    Shrunk 0 time(s)

    Hint: Enable verbose mode in order to have the list of all failing values encountered during the run

      at buildError (node_modules/fast-check/lib/cjs/check/runner/utils/RunDetailsFormatter.js:162:19)
      at asyncThrowIfFailed (node_modules/fast-check/lib/cjs/check/runner/utils/RunDetailsFormatter.js:176:11)

    Cause:
    expect(received).toBe(expected) // Object.is equality

    Expected: true
    Received: false

      161 |
      162 |         // Verify redirect was called
    > 163 |         expect(redirectCalled).toBe(true);
          |                                ^
      164 |         expect(redirectUrl).toBe('/login');
      165 |         expect(mockRedirect).toHaveBeenCalledWith('/login');
      166 |         expect(mockRedirect).toHaveBeenCalledTimes(1);

      at toBe (src/app/dashboard/unauthenticated-redirect.property.test.tsx:163:32)
      at AsyncProperty.predicate (node_modules/fast-check/lib/cjs/check/property/AsyncProperty.js:17:102)
      at AsyncProperty.run (node_modules/fast-check/lib/cjs/check/property/AsyncProperty.generic.js:46:39)
      at TimeoutProperty.run (node_modules/fast-check/lib/cjs/check/property/TimeoutProperty.js:35:53)
      at asyncRunIt (node_modules/fast-check/lib/cjs/check/runner/Runner.js:28:36)
      at Object.<anonymous> (src/app/dashboard/unauthenticated-redirect.property.test.tsx:137:5)

  ● Property-Based Tests: Dashboard Unauthenticated Redirect › Property: Null session always redirects to login

    Property failed after 1 tests
    { seed: -620729007, path: "0", endOnFailure: true }
    Counterexample: [null]
    Shrunk 0 time(s)

    Hint: Enable verbose mode in order to have the list of all failing values encountered during the run

      at buildError (node_modules/fast-check/lib/cjs/check/runner/utils/RunDetailsFormatter.js:162:19)
      at asyncThrowIfFailed (node_modules/fast-check/lib/cjs/check/runner/utils/RunDetailsFormatter.js:176:11)

    Cause:
    expect(received).toBe(expected) // Object.is equality

    Expected: true
    Received: false

      203 |         }
      204 |
    > 205 |         expect(redirectCalled).toBe(true);
          |                                ^
      206 |         expect(redirectUrl).toBe('/login');
      207 |         expect(mockRedirect).toHaveBeenCalledWith('/login');
      208 |       }),

      at toBe (src/app/dashboard/unauthenticated-redirect.property.test.tsx:205:32)
      at AsyncProperty.predicate (node_modules/fast-check/lib/cjs/check/property/AsyncProperty.js:17:102)
      at AsyncProperty.run (node_modules/fast-check/lib/cjs/check/property/AsyncProperty.generic.js:46:39)
      at TimeoutProperty.run (node_modules/fast-check/lib/cjs/check/property/TimeoutProperty.js:35:53)
      at asyncRunIt (node_modules/fast-check/lib/cjs/check/runner/Runner.js:28:36)
      at Object.<anonymous> (src/app/dashboard/unauthenticated-redirect.property.test.tsx:185:5)

  ● Property-Based Tests: Dashboard Unauthenticated Redirect › Property: Undefined session always redirects to login

    Property failed after 1 tests
    { seed: 944139483, path: "0", endOnFailure: true }
    Counterexample: [undefined]
    Shrunk 0 time(s)

    Hint: Enable verbose mode in order to have the list of all failing values encountered during the run

      at buildError (node_modules/fast-check/lib/cjs/check/runner/utils/RunDetailsFormatter.js:162:19)
      at asyncThrowIfFailed (node_modules/fast-check/lib/cjs/check/runner/utils/RunDetailsFormatter.js:176:11)

    Cause:
    expect(received).toBe(expected) // Object.is equality

    Expected: true
    Received: false

      243 |         }
      244 |
    > 245 |         expect(redirectCalled).toBe(true);
          |                                ^
      246 |         expect(redirectUrl).toBe('/login');
      247 |         expect(mockRedirect).toHaveBeenCalledWith('/login');
      248 |       }),

      at toBe (src/app/dashboard/unauthenticated-redirect.property.test.tsx:245:32)
      at AsyncProperty.predicate (node_modules/fast-check/lib/cjs/check/property/AsyncProperty.js:17:102)
      at AsyncProperty.run (node_modules/fast-check/lib/cjs/check/property/AsyncProperty.generic.js:46:39)
      at TimeoutProperty.run (node_modules/fast-check/lib/cjs/check/property/TimeoutProperty.js:35:53)
      at asyncRunIt (node_modules/fast-check/lib/cjs/check/runner/Runner.js:28:36)
      at Object.<anonymous> (src/app/dashboard/unauthenticated-redirect.property.test.tsx:225:5)

  ● Property-Based Tests: Dashboard Unauthenticated Redirect › Property: Dashboard never renders for unauthenticated users

    Property failed after 1 tests
    { seed: -1764167112, path: "0", endOnFailure: true }
    Counterexample: [null]
    Shrunk 0 time(s)

    Hint: Enable verbose mode in order to have the list of all failing values encountered during the run

      at buildError (node_modules/fast-check/lib/cjs/check/runner/utils/RunDetailsFormatter.js:162:19)
      at asyncThrowIfFailed (node_modules/fast-check/lib/cjs/check/runner/utils/RunDetailsFormatter.js:176:11)

    Cause:
    expect(jest.fn()).toHaveBeenCalled()

    Expected number of calls: >= 1
    Received number of calls:    0

      287 |         // Dashboard should never render for unauthenticated users
      288 |         expect(dashboardRendered).toBe(false);
    > 289 |         expect(mockRedirect).toHaveBeenCalled();
          |                              ^
      290 |       }),
      291 |       {
      292 |         numRuns: 100,

      at toHaveBeenCalled (src/app/dashboard/unauthenticated-redirect.property.test.tsx:289:30)
      at AsyncProperty.predicate (node_modules/fast-check/lib/cjs/check/property/AsyncProperty.js:17:102)
      at AsyncProperty.run (node_modules/fast-check/lib/cjs/check/property/AsyncProperty.generic.js:46:39)
      at TimeoutProperty.run (node_modules/fast-check/lib/cjs/check/property/TimeoutProperty.js:35:53)
      at asyncRunIt (node_modules/fast-check/lib/cjs/check/runner/Runner.js:28:36)
      at Object.<anonymous> (src/app/dashboard/unauthenticated-redirect.property.test.tsx:266:5)

  ● Property-Based Tests: Dashboard Unauthenticated Redirect › Property: Redirect always targets login page

    Property failed after 1 tests
    { seed: -1765727555, path: "0", endOnFailure: true }
    Counterexample: [undefined]
    Shrunk 0 time(s)

    Hint: Enable verbose mode in order to have the list of all failing values encountered during the run

      at buildError (node_modules/fast-check/lib/cjs/check/runner/utils/RunDetailsFormatter.js:162:19)
      at asyncThrowIfFailed (node_modules/fast-check/lib/cjs/check/runner/utils/RunDetailsFormatter.js:176:11)

    Cause:
    expect(jest.fn()).toHaveBeenCalledWith(...expected)

    Expected: "/login"

    Number of calls: 0

      321 |
      322 |         // Verify redirect was called with exactly '/login'
    > 323 |         expect(mockRedirect).toHaveBeenCalledWith('/login');
          |                              ^
      324 |         
      325 |         // Verify no other paths were used
      326 |         const calls = mockRedirect.mock.calls;

      at toHaveBeenCalledWith (src/app/dashboard/unauthenticated-redirect.property.test.tsx:323:30)
      at AsyncProperty.predicate (node_modules/fast-check/lib/cjs/check/property/AsyncProperty.js:17:102)
      at AsyncProperty.run (node_modules/fast-check/lib/cjs/check/property/AsyncProperty.generic.js:46:39)
      at TimeoutProperty.run (node_modules/fast-check/lib/cjs/check/property/TimeoutProperty.js:35:53)
      at asyncRunIt (node_modules/fast-check/lib/cjs/check/runner/Runner.js:28:36)
      at Object.<anonymous> (src/app/dashboard/unauthenticated-redirect.property.test.tsx:308:5)

FAIL src/lib/auth/AuthCoordinator.noSessionFallback.property.test.ts
  ● AuthCoordinator - Property 3: No Session Fallback for Dashboard › Session-only never grants access when requireJWT is true › Valid session without JWT → isAuthenticated: false

    TypeError: Cannot redefine property: hasToken
        at Function.defineProperty (<anonymous>)

      57 |     jest.clearAllMocks();
      58 |     // Create spy for each test
    > 59 |     hasTokenSpy = jest.spyOn(tokenManager, 'hasToken');
         |                        ^
      60 |     // Clear sessionStorage
      61 |     if (typeof window !== 'undefined' && window.sessionStorage) {
      62 |       sessionStorage.clear();

      at ModuleMocker.spyOn (node_modules/jest-mock/build/index.js:616:16)
      at Object.spyOn (src/lib/auth/AuthCoordinator.noSessionFallback.property.test.ts:59:24)

  ● AuthCoordinator - Property 3: No Session Fallback for Dashboard › Session-only never grants access when requireJWT is true › Valid session without JWT → isAuthenticated: false

    TypeError: Cannot read properties of undefined (reading 'mockRestore')

      66 |   afterEach(() => {
      67 |     // Restore spy after each test
    > 68 |     hasTokenSpy.mockRestore();
         |                 ^
      69 |   });
      70 |
      71 |   /**

      at Object.mockRestore (src/lib/auth/AuthCoordinator.noSessionFallback.property.test.ts:68:17)

  ● AuthCoordinator - Property 3: No Session Fallback for Dashboard › Session-only never grants access when requireJWT is true › Session validity does not affect authentication when requireJWT is true

    TypeError: Cannot redefine property: hasToken
        at Function.defineProperty (<anonymous>)

      57 |     jest.clearAllMocks();
      58 |     // Create spy for each test
    > 59 |     hasTokenSpy = jest.spyOn(tokenManager, 'hasToken');
         |                        ^
      60 |     // Clear sessionStorage
      61 |     if (typeof window !== 'undefined' && window.sessionStorage) {
      62 |       sessionStorage.clear();

      at ModuleMocker.spyOn (node_modules/jest-mock/build/index.js:616:16)
      at Object.spyOn (src/lib/auth/AuthCoordinator.noSessionFallback.property.test.ts:59:24)

  ● AuthCoordinator - Property 3: No Session Fallback for Dashboard › Session-only never grants access when requireJWT is true › Session validity does not affect authentication when requireJWT is true

    TypeError: Cannot read properties of undefined (reading 'mockRestore')

      66 |   afterEach(() => {
      67 |     // Restore spy after each test
    > 68 |     hasTokenSpy.mockRestore();
         |                 ^
      69 |   });
      70 |
      71 |   /**

      at Object.mockRestore (src/lib/auth/AuthCoordinator.noSessionFallback.property.test.ts:68:17)

  ● AuthCoordinator - Property 3: No Session Fallback for Dashboard › Session-only never grants access when requireJWT is true › JWT refresh is never attempted when requireJWT is true and no JWT

    TypeError: Cannot redefine property: hasToken
        at Function.defineProperty (<anonymous>)

      57 |     jest.clearAllMocks();
      58 |     // Create spy for each test
    > 59 |     hasTokenSpy = jest.spyOn(tokenManager, 'hasToken');
         |                        ^
      60 |     // Clear sessionStorage
      61 |     if (typeof window !== 'undefined' && window.sessionStorage) {
      62 |       sessionStorage.clear();

      at ModuleMocker.spyOn (node_modules/jest-mock/build/index.js:616:16)
      at Object.spyOn (src/lib/auth/AuthCoordinator.noSessionFallback.property.test.ts:59:24)

  ● AuthCoordinator - Property 3: No Session Fallback for Dashboard › Session-only never grants access when requireJWT is true › JWT refresh is never attempted when requireJWT is true and no JWT

    TypeError: Cannot read properties of undefined (reading 'mockRestore')

      66 |   afterEach(() => {
      67 |     // Restore spy after each test
    > 68 |     hasTokenSpy.mockRestore();
         |                 ^
      69 |   });
      70 |
      71 |   /**

      at Object.mockRestore (src/lib/auth/AuthCoordinator.noSessionFallback.property.test.ts:68:17)

  ● AuthCoordinator - Property 3: No Session Fallback for Dashboard › Session-only never grants access when requireJWT is true › authMethod is never "session" when requireJWT is true

    TypeError: Cannot redefine property: hasToken
        at Function.defineProperty (<anonymous>)

      57 |     jest.clearAllMocks();
      58 |     // Create spy for each test
    > 59 |     hasTokenSpy = jest.spyOn(tokenManager, 'hasToken');
         |                        ^
      60 |     // Clear sessionStorage
      61 |     if (typeof window !== 'undefined' && window.sessionStorage) {
      62 |       sessionStorage.clear();

      at ModuleMocker.spyOn (node_modules/jest-mock/build/index.js:616:16)
      at Object.spyOn (src/lib/auth/AuthCoordinator.noSessionFallback.property.test.ts:59:24)

  ● AuthCoordinator - Property 3: No Session Fallback for Dashboard › Session-only never grants access when requireJWT is true › authMethod is never "session" when requireJWT is true

    TypeError: Cannot read properties of undefined (reading 'mockRestore')

      66 |   afterEach(() => {
      67 |     // Restore spy after each test
    > 68 |     hasTokenSpy.mockRestore();
         |                 ^
      69 |   });
      70 |
      71 |   /**

      at Object.mockRestore (src/lib/auth/AuthCoordinator.noSessionFallback.property.test.ts:68:17)

  ● AuthCoordinator - Property 3: No Session Fallback for Dashboard › Session-only never grants access when requireJWT is true › Fallback mode is never activated when requireJWT is true and no JWT

    TypeError: Cannot redefine property: hasToken
        at Function.defineProperty (<anonymous>)

      57 |     jest.clearAllMocks();
      58 |     // Create spy for each test
    > 59 |     hasTokenSpy = jest.spyOn(tokenManager, 'hasToken');
         |                        ^
      60 |     // Clear sessionStorage
      61 |     if (typeof window !== 'undefined' && window.sessionStorage) {
      62 |       sessionStorage.clear();

      at ModuleMocker.spyOn (node_modules/jest-mock/build/index.js:616:16)
      at Object.spyOn (src/lib/auth/AuthCoordinator.noSessionFallback.property.test.ts:59:24)

  ● AuthCoordinator - Property 3: No Session Fallback for Dashboard › Session-only never grants access when requireJWT is true › Fallback mode is never activated when requireJWT is true and no JWT

    TypeError: Cannot read properties of undefined (reading 'mockRestore')

      66 |   afterEach(() => {
      67 |     // Restore spy after each test
    > 68 |     hasTokenSpy.mockRestore();
         |                 ^
      69 |   });
      70 |
      71 |   /**

      at Object.mockRestore (src/lib/auth/AuthCoordinator.noSessionFallback.property.test.ts:68:17)

  ● AuthCoordinator - Property 3: No Session Fallback for Dashboard › Contrast: Session fallback works when requireJWT is false › Valid session without JWT → isAuthenticated: true when requireJWT is false

    TypeError: Cannot redefine property: hasToken
        at Function.defineProperty (<anonymous>)

      57 |     jest.clearAllMocks();
      58 |     // Create spy for each test
    > 59 |     hasTokenSpy = jest.spyOn(tokenManager, 'hasToken');
         |                        ^
      60 |     // Clear sessionStorage
      61 |     if (typeof window !== 'undefined' && window.sessionStorage) {
      62 |       sessionStorage.clear();

      at ModuleMocker.spyOn (node_modules/jest-mock/build/index.js:616:16)
      at Object.spyOn (src/lib/auth/AuthCoordinator.noSessionFallback.property.test.ts:59:24)

  ● AuthCoordinator - Property 3: No Session Fallback for Dashboard › Contrast: Session fallback works when requireJWT is false › Valid session without JWT → isAuthenticated: true when requireJWT is false

    TypeError: Cannot read properties of undefined (reading 'mockRestore')

      66 |   afterEach(() => {
      67 |     // Restore spy after each test
    > 68 |     hasTokenSpy.mockRestore();
         |                 ^
      69 |   });
      70 |
      71 |   /**

      at Object.mockRestore (src/lib/auth/AuthCoordinator.noSessionFallback.property.test.ts:68:17)

  ● AuthCoordinator - Property 3: No Session Fallback for Dashboard › Contrast: Session fallback works when requireJWT is false › requireJWT flag is the determining factor for session fallback

    TypeError: Cannot redefine property: hasToken
        at Function.defineProperty (<anonymous>)

      57 |     jest.clearAllMocks();
      58 |     // Create spy for each test
    > 59 |     hasTokenSpy = jest.spyOn(tokenManager, 'hasToken');
         |                        ^
      60 |     // Clear sessionStorage
      61 |     if (typeof window !== 'undefined' && window.sessionStorage) {
      62 |       sessionStorage.clear();

      at ModuleMocker.spyOn (node_modules/jest-mock/build/index.js:616:16)
      at Object.spyOn (src/lib/auth/AuthCoordinator.noSessionFallback.property.test.ts:59:24)

  ● AuthCoordinator - Property 3: No Session Fallback for Dashboard › Contrast: Session fallback works when requireJWT is false › requireJWT flag is the determining factor for session fallback

    TypeError: Cannot read properties of undefined (reading 'mockRestore')

      66 |   afterEach(() => {
      67 |     // Restore spy after each test
    > 68 |     hasTokenSpy.mockRestore();
         |                 ^
      69 |   });
      70 |
      71 |   /**

      at Object.mockRestore (src/lib/auth/AuthCoordinator.noSessionFallback.property.test.ts:68:17)

  ● AuthCoordinator - Property 3: No Session Fallback for Dashboard › Edge cases for session fallback prevention › Session with user data still does not grant access when requireJWT is true

    TypeError: Cannot redefine property: hasToken
        at Function.defineProperty (<anonymous>)

      57 |     jest.clearAllMocks();
      58 |     // Create spy for each test
    > 59 |     hasTokenSpy = jest.spyOn(tokenManager, 'hasToken');
         |                        ^
      60 |     // Clear sessionStorage
      61 |     if (typeof window !== 'undefined' && window.sessionStorage) {
      62 |       sessionStorage.clear();

      at ModuleMocker.spyOn (node_modules/jest-mock/build/index.js:616:16)
      at Object.spyOn (src/lib/auth/AuthCoordinator.noSessionFallback.property.test.ts:59:24)

  ● AuthCoordinator - Property 3: No Session Fallback for Dashboard › Edge cases for session fallback prevention › Session with user data still does not grant access when requireJWT is true

    TypeError: Cannot read properties of undefined (reading 'mockRestore')

      66 |   afterEach(() => {
      67 |     // Restore spy after each test
    > 68 |     hasTokenSpy.mockRestore();
         |                 ^
      69 |   });
      70 |
      71 |   /**

      at Object.mockRestore (src/lib/auth/AuthCoordinator.noSessionFallback.property.test.ts:68:17)

  ● AuthCoordinator - Property 3: No Session Fallback for Dashboard › Edge cases for session fallback prevention › Multiple session checks with requireJWT produce consistent results

    TypeError: Cannot redefine property: hasToken
        at Function.defineProperty (<anonymous>)

      57 |     jest.clearAllMocks();
      58 |     // Create spy for each test
    > 59 |     hasTokenSpy = jest.spyOn(tokenManager, 'hasToken');
         |                        ^
      60 |     // Clear sessionStorage
      61 |     if (typeof window !== 'undefined' && window.sessionStorage) {
      62 |       sessionStorage.clear();

      at ModuleMocker.spyOn (node_modules/jest-mock/build/index.js:616:16)
      at Object.spyOn (src/lib/auth/AuthCoordinator.noSessionFallback.property.test.ts:59:24)

  ● AuthCoordinator - Property 3: No Session Fallback for Dashboard › Edge cases for session fallback prevention › Multiple session checks with requireJWT produce consistent results

    TypeError: Cannot read properties of undefined (reading 'mockRestore')

      66 |   afterEach(() => {
      67 |     // Restore spy after each test
    > 68 |     hasTokenSpy.mockRestore();
         |                 ^
      69 |   });
      70 |
      71 |   /**

      at Object.mockRestore (src/lib/auth/AuthCoordinator.noSessionFallback.property.test.ts:68:17)

  ● AuthCoordinator - Property 3: No Session Fallback for Dashboard › Edge cases for session fallback prevention › Session expiration does not matter when requireJWT is true

    TypeError: Cannot redefine property: hasToken
        at Function.defineProperty (<anonymous>)

      57 |     jest.clearAllMocks();
      58 |     // Create spy for each test
    > 59 |     hasTokenSpy = jest.spyOn(tokenManager, 'hasToken');
         |                        ^
      60 |     // Clear sessionStorage
      61 |     if (typeof window !== 'undefined' && window.sessionStorage) {
      62 |       sessionStorage.clear();

      at ModuleMocker.spyOn (node_modules/jest-mock/build/index.js:616:16)
      at Object.spyOn (src/lib/auth/AuthCoordinator.noSessionFallback.property.test.ts:59:24)

  ● AuthCoordinator - Property 3: No Session Fallback for Dashboard › Edge cases for session fallback prevention › Session expiration does not matter when requireJWT is true

    TypeError: Cannot read properties of undefined (reading 'mockRestore')

      66 |   afterEach(() => {
      67 |     // Restore spy after each test
    > 68 |     hasTokenSpy.mockRestore();
         |                 ^
      69 |   });
      70 |
      71 |   /**

      at Object.mockRestore (src/lib/auth/AuthCoordinator.noSessionFallback.property.test.ts:68:17)

  ● AuthCoordinator - Property 3: No Session Fallback for Dashboard › Security properties › No JWT means no authentication for protected routes, regardless of session

    TypeError: Cannot redefine property: hasToken
        at Function.defineProperty (<anonymous>)

      57 |     jest.clearAllMocks();
      58 |     // Create spy for each test
    > 59 |     hasTokenSpy = jest.spyOn(tokenManager, 'hasToken');
         |                        ^
      60 |     // Clear sessionStorage
      61 |     if (typeof window !== 'undefined' && window.sessionStorage) {
      62 |       sessionStorage.clear();

      at ModuleMocker.spyOn (node_modules/jest-mock/build/index.js:616:16)
      at Object.spyOn (src/lib/auth/AuthCoordinator.noSessionFallback.property.test.ts:59:24)

  ● AuthCoordinator - Property 3: No Session Fallback for Dashboard › Security properties › No JWT means no authentication for protected routes, regardless of session

    TypeError: Cannot read properties of undefined (reading 'mockRestore')

      66 |   afterEach(() => {
      67 |     // Restore spy after each test
    > 68 |     hasTokenSpy.mockRestore();
         |                 ^
      69 |   });
      70 |
      71 |   /**

      at Object.mockRestore (src/lib/auth/AuthCoordinator.noSessionFallback.property.test.ts:68:17)

  ● AuthCoordinator - Property 3: No Session Fallback for Dashboard › Security properties › Session-based authentication cannot be used to bypass JWT requirement

    TypeError: Cannot redefine property: hasToken
        at Function.defineProperty (<anonymous>)

      57 |     jest.clearAllMocks();
      58 |     // Create spy for each test
    > 59 |     hasTokenSpy = jest.spyOn(tokenManager, 'hasToken');
         |                        ^
      60 |     // Clear sessionStorage
      61 |     if (typeof window !== 'undefined' && window.sessionStorage) {
      62 |       sessionStorage.clear();

      at ModuleMocker.spyOn (node_modules/jest-mock/build/index.js:616:16)
      at Object.spyOn (src/lib/auth/AuthCoordinator.noSessionFallback.property.test.ts:59:24)

  ● AuthCoordinator - Property 3: No Session Fallback for Dashboard › Security properties › Session-based authentication cannot be used to bypass JWT requirement

    TypeError: Cannot read properties of undefined (reading 'mockRestore')

      66 |   afterEach(() => {
      67 |     // Restore spy after each test
    > 68 |     hasTokenSpy.mockRestore();
         |                 ^
      69 |   });
      70 |
      71 |   /**

      at Object.mockRestore (src/lib/auth/AuthCoordinator.noSessionFallback.property.test.ts:68:17)

FAIL src/app/dashboard/authentication-flow.property.test.tsx
  ● Property-Based Tests: Dashboard Authentication Flow › Property 1: Authenticated Users See Form Selector

    Property failed after 1 tests
    { seed: -2024724501, path: "0", endOnFailure: true }
    Counterexample: [{"userId":"8e35--jdq8","email":"ype2qall2oty@domain.org","createdAt":1770192292058,"expiresAt":1771047046000}]
    Shrunk 0 time(s)

    Hint: Enable verbose mode in order to have the list of all failing values encountered during the run

       96 |    */
       97 |   test('Property 1: Authenticated Users See Form Selector', () => {
    >  98 |     fc.assert(
          |        ^
       99 |       fc.property(sessionDataArbitrary, (sessionData) => {
      100 |         // Render the DashboardClient component
      101 |         // Note: The server component (page.tsx) would have already verified

      at buildError (node_modules/fast-check/lib/cjs/check/runner/utils/RunDetailsFormatter.js:162:19)
      at throwIfFailed (node_modules/fast-check/lib/cjs/check/runner/utils/RunDetailsFormatter.js:171:11)
      at reportRunDetails (node_modules/fast-check/lib/cjs/check/runner/utils/RunDetailsFormatter.js:184:16)
      at Object.assert (node_modules/fast-check/lib/cjs/check/runner/Runner.js:65:55)
      at Object.assert (src/app/dashboard/authentication-flow.property.test.tsx:98:8)

    Cause:
    invariant expected app router to be mounted

      52 |  */
      53 | export function LogoutButton({ className }: LogoutButtonProps): JSX.Element {
    > 54 |   const router = useRouter();
         |                           ^
      55 |   
      56 |   /**
      57 |    * Handle logout process

      at useRouter (node_modules/next/src/client/components/navigation.ts:113:11)
      at LogoutButton (src/components/LogoutButton.tsx:54:27)
      at renderWithHooks (node_modules/react-dom/cjs/react-dom.development.js:15486:18)
      at mountIndeterminateComponent (node_modules/react-dom/cjs/react-dom.development.js:20103:13)
      at beginWork (node_modules/react-dom/cjs/react-dom.development.js:21626:16)
      at beginWork$1 (node_modules/react-dom/cjs/react-dom.development.js:27465:14)
      at performUnitOfWork (node_modules/react-dom/cjs/react-dom.development.js:26599:12)
      at workLoopSync (node_modules/react-dom/cjs/react-dom.development.js:26505:5)
      at renderRootSync (node_modules/react-dom/cjs/react-dom.development.js:26473:7)
      at recoverFromConcurrentError (node_modules/react-dom/cjs/react-dom.development.js:25889:20)
      at performConcurrentWorkOnRoot (node_modules/react-dom/cjs/react-dom.development.js:25789:22)
      at flushActQueue (node_modules/react/cjs/react.development.js:2667:24)
      at act (node_modules/react/cjs/react.development.js:2582:11)
      at node_modules/@testing-library/react/dist/act-compat.js:46:25
      at renderRoot (node_modules/@testing-library/react/dist/pure.js:189:26)
      at render (node_modules/@testing-library/react/dist/pure.js:291:10)
      at src/app/dashboard/authentication-flow.property.test.tsx:103:35
      at Property.predicate (node_modules/fast-check/lib/cjs/check/property/Property.js:17:92)
      at Property.run (node_modules/fast-check/lib/cjs/check/property/Property.generic.js:46:33)
      at runIt (node_modules/fast-check/lib/cjs/check/runner/Runner.js:18:30)
      at check (node_modules/fast-check/lib/cjs/check/runner/Runner.js:58:11)
      at Object.assert (node_modules/fast-check/lib/cjs/check/runner/Runner.js:61:17)
      at Object.assert (src/app/dashboard/authentication-flow.property.test.tsx:98:8)

  ● Property-Based Tests: Dashboard Authentication Flow › Property: Dashboard displays consistent UI structure for all sessions

    Property failed after 1 tests
    { seed: 440517857, path: "0", endOnFailure: true }
    Counterexample: [{"userId":"8510t-i-8wkq","email":"sa8tcs8js25c@example.com","createdAt":1770579429081,"expiresAt":1771054547274}]
    Shrunk 0 time(s)

    Hint: Enable verbose mode in order to have the list of all failing values encountered during the run

      146 |    */
      147 |   test('Property: Dashboard displays consistent UI structure for all sessions', () => {
    > 148 |     fc.assert(
          |        ^
      149 |       fc.property(sessionDataArbitrary, (sessionData) => {
      150 |         const { unmount } = render(<DashboardClient />);
      151 |

      at buildError (node_modules/fast-check/lib/cjs/check/runner/utils/RunDetailsFormatter.js:162:19)
      at throwIfFailed (node_modules/fast-check/lib/cjs/check/runner/utils/RunDetailsFormatter.js:171:11)
      at reportRunDetails (node_modules/fast-check/lib/cjs/check/runner/utils/RunDetailsFormatter.js:184:16)
      at Object.assert (node_modules/fast-check/lib/cjs/check/runner/Runner.js:65:55)
      at Object.assert (src/app/dashboard/authentication-flow.property.test.tsx:148:8)

    Cause:
    invariant expected app router to be mounted

      52 |  */
      53 | export function LogoutButton({ className }: LogoutButtonProps): JSX.Element {
    > 54 |   const router = useRouter();
         |                           ^
      55 |   
      56 |   /**
      57 |    * Handle logout process

      at useRouter (node_modules/next/src/client/components/navigation.ts:113:11)
      at LogoutButton (src/components/LogoutButton.tsx:54:27)
      at renderWithHooks (node_modules/react-dom/cjs/react-dom.development.js:15486:18)
      at mountIndeterminateComponent (node_modules/react-dom/cjs/react-dom.development.js:20103:13)
      at beginWork (node_modules/react-dom/cjs/react-dom.development.js:21626:16)
      at beginWork$1 (node_modules/react-dom/cjs/react-dom.development.js:27465:14)
      at performUnitOfWork (node_modules/react-dom/cjs/react-dom.development.js:26599:12)
      at workLoopSync (node_modules/react-dom/cjs/react-dom.development.js:26505:5)
      at renderRootSync (node_modules/react-dom/cjs/react-dom.development.js:26473:7)
      at recoverFromConcurrentError (node_modules/react-dom/cjs/react-dom.development.js:25889:20)
      at performConcurrentWorkOnRoot (node_modules/react-dom/cjs/react-dom.development.js:25789:22)
      at flushActQueue (node_modules/react/cjs/react.development.js:2667:24)
      at act (node_modules/react/cjs/react.development.js:2582:11)
      at node_modules/@testing-library/react/dist/act-compat.js:46:25
      at renderRoot (node_modules/@testing-library/react/dist/pure.js:189:26)
      at render (node_modules/@testing-library/react/dist/pure.js:291:10)
      at src/app/dashboard/authentication-flow.property.test.tsx:150:35
      at Property.predicate (node_modules/fast-check/lib/cjs/check/property/Property.js:17:92)
      at Property.run (node_modules/fast-check/lib/cjs/check/property/Property.generic.js:46:33)
      at runIt (node_modules/fast-check/lib/cjs/check/runner/Runner.js:18:30)
      at check (node_modules/fast-check/lib/cjs/check/runner/Runner.js:58:11)
      at Object.assert (node_modules/fast-check/lib/cjs/check/runner/Runner.js:61:17)
      at Object.assert (src/app/dashboard/authentication-flow.property.test.tsx:148:8)

  ● Property-Based Tests: Dashboard Authentication Flow › Property: Form selector is always accessible within dashboard

    Property failed after 1 tests
    { seed: 1215792021, path: "0", endOnFailure: true }
    Counterexample: [{__proto__:null,"userId":"y--3-tsg7","email":"ns@mail.com","createdAt":1770171004838,"expiresAt":1771061882919}]
    Shrunk 0 time(s)

    Hint: Enable verbose mode in order to have the list of all failing values encountered during the run

      184 |    */
      185 |   test('Property: Form selector is always accessible within dashboard', () => {
    > 186 |     fc.assert(
          |        ^
      187 |       fc.property(sessionDataArbitrary, (sessionData) => {
      188 |         const { unmount } = render(<DashboardClient />);
      189 |

      at buildError (node_modules/fast-check/lib/cjs/check/runner/utils/RunDetailsFormatter.js:162:19)
      at throwIfFailed (node_modules/fast-check/lib/cjs/check/runner/utils/RunDetailsFormatter.js:171:11)
      at reportRunDetails (node_modules/fast-check/lib/cjs/check/runner/utils/RunDetailsFormatter.js:184:16)
      at Object.assert (node_modules/fast-check/lib/cjs/check/runner/Runner.js:65:55)
      at Object.assert (src/app/dashboard/authentication-flow.property.test.tsx:186:8)

    Cause:
    invariant expected app router to be mounted

      52 |  */
      53 | export function LogoutButton({ className }: LogoutButtonProps): JSX.Element {
    > 54 |   const router = useRouter();
         |                           ^
      55 |   
      56 |   /**
      57 |    * Handle logout process

      at useRouter (node_modules/next/src/client/components/navigation.ts:113:11)
      at LogoutButton (src/components/LogoutButton.tsx:54:27)
      at renderWithHooks (node_modules/react-dom/cjs/react-dom.development.js:15486:18)
      at mountIndeterminateComponent (node_modules/react-dom/cjs/react-dom.development.js:20103:13)
      at beginWork (node_modules/react-dom/cjs/react-dom.development.js:21626:16)
      at beginWork$1 (node_modules/react-dom/cjs/react-dom.development.js:27465:14)
      at performUnitOfWork (node_modules/react-dom/cjs/react-dom.development.js:26599:12)
      at workLoopSync (node_modules/react-dom/cjs/react-dom.development.js:26505:5)
      at renderRootSync (node_modules/react-dom/cjs/react-dom.development.js:26473:7)
      at recoverFromConcurrentError (node_modules/react-dom/cjs/react-dom.development.js:25889:20)
      at performConcurrentWorkOnRoot (node_modules/react-dom/cjs/react-dom.development.js:25789:22)
      at flushActQueue (node_modules/react/cjs/react.development.js:2667:24)
      at act (node_modules/react/cjs/react.development.js:2582:11)
      at node_modules/@testing-library/react/dist/act-compat.js:46:25
      at renderRoot (node_modules/@testing-library/react/dist/pure.js:189:26)
      at render (node_modules/@testing-library/react/dist/pure.js:291:10)
      at src/app/dashboard/authentication-flow.property.test.tsx:188:35
      at Property.predicate (node_modules/fast-check/lib/cjs/check/property/Property.js:17:92)
      at Property.run (node_modules/fast-check/lib/cjs/check/property/Property.generic.js:46:33)
      at runIt (node_modules/fast-check/lib/cjs/check/runner/Runner.js:18:30)
      at check (node_modules/fast-check/lib/cjs/check/runner/Runner.js:58:11)
      at Object.assert (node_modules/fast-check/lib/cjs/check/runner/Runner.js:61:17)
      at Object.assert (src/app/dashboard/authentication-flow.property.test.tsx:186:8)

  ● Property-Based Tests: Dashboard Authentication Flow › Property: Dashboard title and description are always present

    Property failed after 1 tests
    { seed: -1567031856, path: "0", endOnFailure: true }
    Counterexample: [{"userId":"-y","email":"length@email.com","createdAt":1770099959442,"expiresAt":1770788036353}]
    Shrunk 0 time(s)

    Hint: Enable verbose mode in order to have the list of all failing values encountered during the run

      223 |    */
      224 |   test('Property: Dashboard title and description are always present', () => {
    > 225 |     fc.assert(
          |        ^
      226 |       fc.property(sessionDataArbitrary, (sessionData) => {
      227 |         const { unmount } = render(<DashboardClient />);
      228 |

      at buildError (node_modules/fast-check/lib/cjs/check/runner/utils/RunDetailsFormatter.js:162:19)
      at throwIfFailed (node_modules/fast-check/lib/cjs/check/runner/utils/RunDetailsFormatter.js:171:11)
      at reportRunDetails (node_modules/fast-check/lib/cjs/check/runner/utils/RunDetailsFormatter.js:184:16)
      at Object.assert (node_modules/fast-check/lib/cjs/check/runner/Runner.js:65:55)
      at Object.assert (src/app/dashboard/authentication-flow.property.test.tsx:225:8)

    Cause:
    invariant expected app router to be mounted

      52 |  */
      53 | export function LogoutButton({ className }: LogoutButtonProps): JSX.Element {
    > 54 |   const router = useRouter();
         |                           ^
      55 |   
      56 |   /**
      57 |    * Handle logout process

      at useRouter (node_modules/next/src/client/components/navigation.ts:113:11)
      at LogoutButton (src/components/LogoutButton.tsx:54:27)
      at renderWithHooks (node_modules/react-dom/cjs/react-dom.development.js:15486:18)
      at mountIndeterminateComponent (node_modules/react-dom/cjs/react-dom.development.js:20103:13)
      at beginWork (node_modules/react-dom/cjs/react-dom.development.js:21626:16)
      at beginWork$1 (node_modules/react-dom/cjs/react-dom.development.js:27465:14)
      at performUnitOfWork (node_modules/react-dom/cjs/react-dom.development.js:26599:12)
      at workLoopSync (node_modules/react-dom/cjs/react-dom.development.js:26505:5)
      at renderRootSync (node_modules/react-dom/cjs/react-dom.development.js:26473:7)
      at recoverFromConcurrentError (node_modules/react-dom/cjs/react-dom.development.js:25889:20)
      at performConcurrentWorkOnRoot (node_modules/react-dom/cjs/react-dom.development.js:25789:22)
      at flushActQueue (node_modules/react/cjs/react.development.js:2667:24)
      at act (node_modules/react/cjs/react.development.js:2582:11)
      at node_modules/@testing-library/react/dist/act-compat.js:46:25
      at renderRoot (node_modules/@testing-library/react/dist/pure.js:189:26)
      at render (node_modules/@testing-library/react/dist/pure.js:291:10)
      at src/app/dashboard/authentication-flow.property.test.tsx:227:35
      at Property.predicate (node_modules/fast-check/lib/cjs/check/property/Property.js:17:92)
      at Property.run (node_modules/fast-check/lib/cjs/check/property/Property.generic.js:46:33)
      at runIt (node_modules/fast-check/lib/cjs/check/runner/Runner.js:18:30)
      at check (node_modules/fast-check/lib/cjs/check/runner/Runner.js:58:11)
      at Object.assert (node_modules/fast-check/lib/cjs/check/runner/Runner.js:61:17)
      at Object.assert (src/app/dashboard/authentication-flow.property.test.tsx:225:8)

  ● Property-Based Tests: Dashboard Authentication Flow › Property: Dashboard renders without errors for any valid session

    Property failed after 1 tests
    { seed: -281660906, path: "0", endOnFailure: true }
    Counterexample: [{"userId":"g","email":"kv77@domain.org","createdAt":1770284611449,"expiresAt":1770579430122}]
    Shrunk 0 time(s)

    Hint: Enable verbose mode in order to have the list of all failing values encountered during the run

      262 |    */
      263 |   test('Property: Dashboard renders without errors for any valid session', () => {
    > 264 |     fc.assert(
          |        ^
      265 |       fc.property(sessionDataArbitrary, (sessionData) => {
      266 |         // This test verifies that rendering doesn't throw
      267 |         let renderError: Error | null = null;

      at buildError (node_modules/fast-check/lib/cjs/check/runner/utils/RunDetailsFormatter.js:162:19)
      at throwIfFailed (node_modules/fast-check/lib/cjs/check/runner/utils/RunDetailsFormatter.js:171:11)
      at reportRunDetails (node_modules/fast-check/lib/cjs/check/runner/utils/RunDetailsFormatter.js:184:16)
      at Object.assert (node_modules/fast-check/lib/cjs/check/runner/Runner.js:65:55)
      at Object.assert (src/app/dashboard/authentication-flow.property.test.tsx:264:8)

    Cause:
    expect(received).toBeNull()

    Received: [Error: invariant expected app router to be mounted]

      283 |
      284 |         // Assert no errors occurred
    > 285 |         expect(renderError).toBeNull();
          |                             ^
      286 |       }),
      287 |       {
      288 |         numRuns: 100,

      at toBeNull (src/app/dashboard/authentication-flow.property.test.tsx:285:29)
      at Property.predicate (node_modules/fast-check/lib/cjs/check/property/Property.js:17:92)
      at Property.run (node_modules/fast-check/lib/cjs/check/property/Property.generic.js:46:33)
      at runIt (node_modules/fast-check/lib/cjs/check/runner/Runner.js:18:30)
      at check (node_modules/fast-check/lib/cjs/check/runner/Runner.js:58:11)
      at Object.assert (node_modules/fast-check/lib/cjs/check/runner/Runner.js:61:17)
      at Object.assert (src/app/dashboard/authentication-flow.property.test.tsx:264:8)

FAIL src/app/dashboard/logout-login-roundtrip.property.test.tsx
  ● Property-Based Test: Logout-Login Round Trip › Property 2: Logout-Login Round Trip

    Property failed after 1 tests
    { seed: -1556802819, path: "0", endOnFailure: true }
    Counterexample: [{__proto__:null,"userId":"4658eb---6","email":"10bx0e2bto3e@example.com","createdAt":1770579429260,"expiresAt":1770635868944}]
    Shrunk 0 time(s)

    Hint: Enable verbose mode in order to have the list of all failing values encountered during the run

      at buildError (node_modules/fast-check/lib/cjs/check/runner/utils/RunDetailsFormatter.js:162:19)
      at asyncThrowIfFailed (node_modules/fast-check/lib/cjs/check/runner/utils/RunDetailsFormatter.js:176:11)

    Cause:
    expect(received).toBe(expected) // Object.is equality

    Expected: true
    Received: false

      198 |
      199 |           // STEP 5: Verify redirect to login page (Requirements 3.5, 7.5)
    > 200 |           expect(redirectCalled).toBe(true);
          |                                  ^
      201 |           expect(redirectUrl).toBe('/login');
      202 |           expect(mockRedirect).toHaveBeenCalledWith('/login');
      203 |

      at toBe (src/app/dashboard/logout-login-roundtrip.property.test.tsx:200:34)
      at AsyncProperty.run (node_modules/fast-check/lib/cjs/check/property/AsyncProperty.generic.js:46:28)

  ● Property-Based Test: Logout-Login Round Trip › Property: Logout clears authentication for all user types

    Property failed after 1 tests
    { seed: 1536033597, path: "0", endOnFailure: true }
    Counterexample: ["858","name@mail.com","new"]
    Shrunk 0 time(s)

    Hint: Enable verbose mode in order to have the list of all failing values encountered during the run

      at buildError (node_modules/fast-check/lib/cjs/check/runner/utils/RunDetailsFormatter.js:162:19)
      at asyncThrowIfFailed (node_modules/fast-check/lib/cjs/check/runner/utils/RunDetailsFormatter.js:176:11)

    Cause:
    expect(received).toBe(expected) // Object.is equality

    Expected: true
    Received: false

      304 |
      305 |           // Verify redirect to login
    > 306 |           expect(redirectCalled).toBe(true);
          |                                  ^
      307 |           expect(mockRedirect).toHaveBeenCalledWith('/login');
      308 |         }
      309 |       ),

      at toBe (src/app/dashboard/logout-login-roundtrip.property.test.tsx:306:34)
      at AsyncProperty.run (node_modules/fast-check/lib/cjs/check/property/AsyncProperty.generic.js:46:28)

  ● Property-Based Test: Logout-Login Round Trip › Property: Multiple logout attempts maintain unauthenticated state

    Property failed after 1 tests
    { seed: -1099795406, path: "0", endOnFailure: true }
    Counterexample: [{"userId":"py3-","email":"a8@mail.com","createdAt":1770177368878,"expiresAt":1771184229277}]
    Shrunk 0 time(s)

    Hint: Enable verbose mode in order to have the list of all failing values encountered during the run

      at buildError (node_modules/fast-check/lib/cjs/check/runner/utils/RunDetailsFormatter.js:162:19)
      at asyncThrowIfFailed (node_modules/fast-check/lib/cjs/check/runner/utils/RunDetailsFormatter.js:176:11)

    Cause:
    expect(received).toBe(expected) // Object.is equality

    Expected: 3
    Received: 0

      373 |
      374 |           // All attempts should redirect
    > 375 |           expect(redirectCount).toBe(3);
          |                                 ^
      376 |           expect(mockRedirect).toHaveBeenCalledTimes(3);
      377 |           
      378 |           // Verify all redirects went to login

      at toBe (src/app/dashboard/logout-login-roundtrip.property.test.tsx:375:33)
      at AsyncProperty.run (node_modules/fast-check/lib/cjs/check/property/AsyncProperty.generic.js:46:28)

  ● Property-Based Test: Logout-Login Round Trip › Property: Logout-login-logout cycle works correctly

    Property failed after 1 tests
    { seed: 501979353, path: "0", endOnFailure: true }
    Counterexample: [{__proto__:null,"userId":"wotkey-rg","email":"xwca@example.com","createdAt":1770579429264,"expiresAt":1770990328880}]
    Shrunk 0 time(s)

    Hint: Enable verbose mode in order to have the list of all failing values encountered during the run

      at buildError (node_modules/fast-check/lib/cjs/check/runner/utils/RunDetailsFormatter.js:162:19)
      at asyncThrowIfFailed (node_modules/fast-check/lib/cjs/check/runner/utils/RunDetailsFormatter.js:176:11)

    Cause:
    expect(received).toBe(expected) // Object.is equality

    Expected: true
    Received: false

      440 |             }
      441 |           }
    > 442 |           expect(redirect1Called).toBe(true);
          |                                   ^
      443 |
      444 |           // CYCLE 2: User logs in again (simulate re-authentication)
      445 |           mockGetSession.mockResolvedValue(sessionData);

      at toBe (src/app/dashboard/logout-login-roundtrip.property.test.tsx:442:35)
      at AsyncProperty.run (node_modules/fast-check/lib/cjs/check/property/AsyncProperty.generic.js:46:28)

  ● Property-Based Test: Logout-Login Round Trip › Property: Dashboard never renders for logged-out users

    Property failed after 1 tests
    { seed: -353295506, path: "0", endOnFailure: true }
    Counterexample: [{__proto__:null,"userId":"bind","email":"s8d22hb8s@email.com","createdAt":1770467016997,"expiresAt":1770582224527}]
    Shrunk 0 time(s)

    Hint: Enable verbose mode in order to have the list of all failing values encountered during the run

      at buildError (node_modules/fast-check/lib/cjs/check/runner/utils/RunDetailsFormatter.js:162:19)
      at asyncThrowIfFailed (node_modules/fast-check/lib/cjs/check/runner/utils/RunDetailsFormatter.js:176:11)

    Cause:
    expect(received).toBe(expected) // Object.is equality

    Expected: true
    Received: false

      544 |           // Dashboard should never render for logged-out users
      545 |           expect(dashboardRendered).toBe(false);
    > 546 |           expect(redirectCalled).toBe(true);
          |                                  ^
      547 |           expect(mockRedirect).toHaveBeenCalledWith('/login');
      548 |         }
      549 |       ),

      at toBe (src/app/dashboard/logout-login-roundtrip.property.test.tsx:546:34)
      at AsyncProperty.run (node_modules/fast-check/lib/cjs/check/property/AsyncProperty.generic.js:46:28)

FAIL src/app/forms/1099-div/Form1099Div.error-scenarios.integration.test.tsx
  ● 1099-DIV Form Submission - Error Scenarios Integration › Validation Errors Prevent Submission › should prevent submission when required fields are missing

    TypeError: (0 , _navigation.usePathname) is not a function

      118 | export function useForm1099Div(token: string | null): UseForm1099DivReturn {
      119 |   const router = useRouter();
    > 120 |   const pathname = usePathname();
          |                               ^
      121 |   
      122 |   // Workflow state
      123 |   const [mode, setMode] = useState<'input' | 'preview'>('input');

      at useForm1099Div (src/hooks/useForm1099Div.ts:120:31)
      at Form1099DivClient (src/app/forms/1099-div/Form1099DivClient.tsx:96:21)
      at renderWithHooks (node_modules/react-dom/cjs/react-dom.development.js:15486:18)
      at mountIndeterminateComponent (node_modules/react-dom/cjs/react-dom.development.js:20103:13)
      at beginWork (node_modules/react-dom/cjs/react-dom.development.js:21626:16)
      at beginWork$1 (node_modules/react-dom/cjs/react-dom.development.js:27465:14)
      at performUnitOfWork (node_modules/react-dom/cjs/react-dom.development.js:26599:12)
      at workLoopSync (node_modules/react-dom/cjs/react-dom.development.js:26505:5)
      at renderRootSync (node_modules/react-dom/cjs/react-dom.development.js:26473:7)
      at recoverFromConcurrentError (node_modules/react-dom/cjs/react-dom.development.js:25889:20)
      at performConcurrentWorkOnRoot (node_modules/react-dom/cjs/react-dom.development.js:25789:22)
      at flushActQueue (node_modules/react/cjs/react.development.js:2667:24)
      at act (node_modules/react/cjs/react.development.js:2582:11)
      at node_modules/@testing-library/react/dist/act-compat.js:46:25
      at renderRoot (node_modules/@testing-library/react/dist/pure.js:189:26)
      at render (node_modules/@testing-library/react/dist/pure.js:291:10)
      at Object.<anonymous> (src/app/forms/1099-div/Form1099Div.error-scenarios.integration.test.tsx:73:13)

  ● 1099-DIV Form Submission - Error Scenarios Integration › Validation Errors Prevent Submission › should show validation error for invalid payer TIN format

    TypeError: (0 , _navigation.usePathname) is not a function

      118 | export function useForm1099Div(token: string | null): UseForm1099DivReturn {
      119 |   const router = useRouter();
    > 120 |   const pathname = usePathname();
          |                               ^
      121 |   
      122 |   // Workflow state
      123 |   const [mode, setMode] = useState<'input' | 'preview'>('input');

      at useForm1099Div (src/hooks/useForm1099Div.ts:120:31)
      at Form1099DivClient (src/app/forms/1099-div/Form1099DivClient.tsx:96:21)
      at renderWithHooks (node_modules/react-dom/cjs/react-dom.development.js:15486:18)
      at mountIndeterminateComponent (node_modules/react-dom/cjs/react-dom.development.js:20103:13)
      at beginWork (node_modules/react-dom/cjs/react-dom.development.js:21626:16)
      at beginWork$1 (node_modules/react-dom/cjs/react-dom.development.js:27465:14)
      at performUnitOfWork (node_modules/react-dom/cjs/react-dom.development.js:26599:12)
      at workLoopSync (node_modules/react-dom/cjs/react-dom.development.js:26505:5)
      at renderRootSync (node_modules/react-dom/cjs/react-dom.development.js:26473:7)
      at recoverFromConcurrentError (node_modules/react-dom/cjs/react-dom.development.js:25889:20)
      at performConcurrentWorkOnRoot (node_modules/react-dom/cjs/react-dom.development.js:25789:22)
      at flushActQueue (node_modules/react/cjs/react.development.js:2667:24)
      at act (node_modules/react/cjs/react.development.js:2582:11)
      at node_modules/@testing-library/react/dist/act-compat.js:46:25
      at renderRoot (node_modules/@testing-library/react/dist/pure.js:189:26)
      at render (node_modules/@testing-library/react/dist/pure.js:291:10)
      at Object.<anonymous> (src/app/forms/1099-div/Form1099Div.error-scenarios.integration.test.tsx:104:13)

  ● 1099-DIV Form Submission - Error Scenarios Integration › Validation Errors Prevent Submission › should show validation error for invalid recipient TIN format

    TypeError: (0 , _navigation.usePathname) is not a function

      118 | export function useForm1099Div(token: string | null): UseForm1099DivReturn {
      119 |   const router = useRouter();
    > 120 |   const pathname = usePathname();
          |                               ^
      121 |   
      122 |   // Workflow state
      123 |   const [mode, setMode] = useState<'input' | 'preview'>('input');

      at useForm1099Div (src/hooks/useForm1099Div.ts:120:31)
      at Form1099DivClient (src/app/forms/1099-div/Form1099DivClient.tsx:96:21)
      at renderWithHooks (node_modules/react-dom/cjs/react-dom.development.js:15486:18)
      at mountIndeterminateComponent (node_modules/react-dom/cjs/react-dom.development.js:20103:13)
      at beginWork (node_modules/react-dom/cjs/react-dom.development.js:21626:16)
      at beginWork$1 (node_modules/react-dom/cjs/react-dom.development.js:27465:14)
      at performUnitOfWork (node_modules/react-dom/cjs/react-dom.development.js:26599:12)
      at workLoopSync (node_modules/react-dom/cjs/react-dom.development.js:26505:5)
      at renderRootSync (node_modules/react-dom/cjs/react-dom.development.js:26473:7)
      at recoverFromConcurrentError (node_modules/react-dom/cjs/react-dom.development.js:25889:20)
      at performConcurrentWorkOnRoot (node_modules/react-dom/cjs/react-dom.development.js:25789:22)
      at flushActQueue (node_modules/react/cjs/react.development.js:2667:24)
      at act (node_modules/react/cjs/react.development.js:2582:11)
      at node_modules/@testing-library/react/dist/act-compat.js:46:25
      at renderRoot (node_modules/@testing-library/react/dist/pure.js:189:26)
      at render (node_modules/@testing-library/react/dist/pure.js:291:10)
      at Object.<anonymous> (src/app/forms/1099-div/Form1099Div.error-scenarios.integration.test.tsx:136:13)

  ● 1099-DIV Form Submission - Error Scenarios Integration › Validation Errors Prevent Submission › should show validation error for invalid currency format

    TypeError: (0 , _navigation.usePathname) is not a function

      118 | export function useForm1099Div(token: string | null): UseForm1099DivReturn {
      119 |   const router = useRouter();
    > 120 |   const pathname = usePathname();
          |                               ^
      121 |   
      122 |   // Workflow state
      123 |   const [mode, setMode] = useState<'input' | 'preview'>('input');

      at useForm1099Div (src/hooks/useForm1099Div.ts:120:31)
      at Form1099DivClient (src/app/forms/1099-div/Form1099DivClient.tsx:96:21)
      at renderWithHooks (node_modules/react-dom/cjs/react-dom.development.js:15486:18)
      at mountIndeterminateComponent (node_modules/react-dom/cjs/react-dom.development.js:20103:13)
      at beginWork (node_modules/react-dom/cjs/react-dom.development.js:21626:16)
      at beginWork$1 (node_modules/react-dom/cjs/react-dom.development.js:27465:14)
      at performUnitOfWork (node_modules/react-dom/cjs/react-dom.development.js:26599:12)
      at workLoopSync (node_modules/react-dom/cjs/react-dom.development.js:26505:5)
      at renderRootSync (node_modules/react-dom/cjs/react-dom.development.js:26473:7)
      at recoverFromConcurrentError (node_modules/react-dom/cjs/react-dom.development.js:25889:20)
      at performConcurrentWorkOnRoot (node_modules/react-dom/cjs/react-dom.development.js:25789:22)
      at flushActQueue (node_modules/react/cjs/react.development.js:2667:24)
      at act (node_modules/react/cjs/react.development.js:2582:11)
      at node_modules/@testing-library/react/dist/act-compat.js:46:25
      at renderRoot (node_modules/@testing-library/react/dist/pure.js:189:26)
      at render (node_modules/@testing-library/react/dist/pure.js:291:10)
      at Object.<anonymous> (src/app/forms/1099-div/Form1099Div.error-scenarios.integration.test.tsx:167:13)

  ● 1099-DIV Form Submission - Error Scenarios Integration › Validation Errors Prevent Submission › should show validation error for invalid year format

    TypeError: (0 , _navigation.usePathname) is not a function

      118 | export function useForm1099Div(token: string | null): UseForm1099DivReturn {
      119 |   const router = useRouter();
    > 120 |   const pathname = usePathname();
          |                               ^
      121 |   
      122 |   // Workflow state
      123 |   const [mode, setMode] = useState<'input' | 'preview'>('input');

      at useForm1099Div (src/hooks/useForm1099Div.ts:120:31)
      at Form1099DivClient (src/app/forms/1099-div/Form1099DivClient.tsx:96:21)
      at renderWithHooks (node_modules/react-dom/cjs/react-dom.development.js:15486:18)
      at mountIndeterminateComponent (node_modules/react-dom/cjs/react-dom.development.js:20103:13)
      at beginWork (node_modules/react-dom/cjs/react-dom.development.js:21626:16)
      at beginWork$1 (node_modules/react-dom/cjs/react-dom.development.js:27465:14)
      at performUnitOfWork (node_modules/react-dom/cjs/react-dom.development.js:26599:12)
      at workLoopSync (node_modules/react-dom/cjs/react-dom.development.js:26505:5)
      at renderRootSync (node_modules/react-dom/cjs/react-dom.development.js:26473:7)
      at recoverFromConcurrentError (node_modules/react-dom/cjs/react-dom.development.js:25889:20)
      at performConcurrentWorkOnRoot (node_modules/react-dom/cjs/react-dom.development.js:25789:22)
      at flushActQueue (node_modules/react/cjs/react.development.js:2667:24)
      at act (node_modules/react/cjs/react.development.js:2582:11)
      at node_modules/@testing-library/react/dist/act-compat.js:46:25
      at renderRoot (node_modules/@testing-library/react/dist/pure.js:189:26)
      at render (node_modules/@testing-library/react/dist/pure.js:291:10)
      at Object.<anonymous> (src/app/forms/1099-div/Form1099Div.error-scenarios.integration.test.tsx:198:13)

  ● 1099-DIV Form Submission - Error Scenarios Integration › Validation Errors Prevent Submission › should clear validation errors when user corrects input

    TypeError: (0 , _navigation.usePathname) is not a function

      118 | export function useForm1099Div(token: string | null): UseForm1099DivReturn {
      119 |   const router = useRouter();
    > 120 |   const pathname = usePathname();
          |                               ^
      121 |   
      122 |   // Workflow state
      123 |   const [mode, setMode] = useState<'input' | 'preview'>('input');

      at useForm1099Div (src/hooks/useForm1099Div.ts:120:31)
      at Form1099DivClient (src/app/forms/1099-div/Form1099DivClient.tsx:96:21)
      at renderWithHooks (node_modules/react-dom/cjs/react-dom.development.js:15486:18)
      at mountIndeterminateComponent (node_modules/react-dom/cjs/react-dom.development.js:20103:13)
      at beginWork (node_modules/react-dom/cjs/react-dom.development.js:21626:16)
      at beginWork$1 (node_modules/react-dom/cjs/react-dom.development.js:27465:14)
      at performUnitOfWork (node_modules/react-dom/cjs/react-dom.development.js:26599:12)
      at workLoopSync (node_modules/react-dom/cjs/react-dom.development.js:26505:5)
      at renderRootSync (node_modules/react-dom/cjs/react-dom.development.js:26473:7)
      at recoverFromConcurrentError (node_modules/react-dom/cjs/react-dom.development.js:25889:20)
      at performConcurrentWorkOnRoot (node_modules/react-dom/cjs/react-dom.development.js:25789:22)
      at flushActQueue (node_modules/react/cjs/react.development.js:2667:24)
      at act (node_modules/react/cjs/react.development.js:2582:11)
      at node_modules/@testing-library/react/dist/act-compat.js:46:25
      at renderRoot (node_modules/@testing-library/react/dist/pure.js:189:26)
      at render (node_modules/@testing-library/react/dist/pure.js:291:10)
      at Object.<anonymous> (src/app/forms/1099-div/Form1099Div.error-scenarios.integration.test.tsx:229:13)

  ● 1099-DIV Form Submission - Error Scenarios Integration › API Errors Are Handled Gracefully › should display validation error from API (400)

    TypeError: (0 , _navigation.usePathname) is not a function

      118 | export function useForm1099Div(token: string | null): UseForm1099DivReturn {
      119 |   const router = useRouter();
    > 120 |   const pathname = usePathname();
          |                               ^
      121 |   
      122 |   // Workflow state
      123 |   const [mode, setMode] = useState<'input' | 'preview'>('input');

      at useForm1099Div (src/hooks/useForm1099Div.ts:120:31)
      at Form1099DivClient (src/app/forms/1099-div/Form1099DivClient.tsx:96:21)
      at renderWithHooks (node_modules/react-dom/cjs/react-dom.development.js:15486:18)
      at mountIndeterminateComponent (node_modules/react-dom/cjs/react-dom.development.js:20103:13)
      at beginWork (node_modules/react-dom/cjs/react-dom.development.js:21626:16)
      at beginWork$1 (node_modules/react-dom/cjs/react-dom.development.js:27465:14)
      at performUnitOfWork (node_modules/react-dom/cjs/react-dom.development.js:26599:12)
      at workLoopSync (node_modules/react-dom/cjs/react-dom.development.js:26505:5)
      at renderRootSync (node_modules/react-dom/cjs/react-dom.development.js:26473:7)
      at recoverFromConcurrentError (node_modules/react-dom/cjs/react-dom.development.js:25889:20)
      at performConcurrentWorkOnRoot (node_modules/react-dom/cjs/react-dom.development.js:25789:22)
      at flushActQueue (node_modules/react/cjs/react.development.js:2667:24)
      at act (node_modules/react/cjs/react.development.js:2582:11)
      at node_modules/@testing-library/react/dist/act-compat.js:46:25
      at renderRoot (node_modules/@testing-library/react/dist/pure.js:189:26)
      at render (node_modules/@testing-library/react/dist/pure.js:291:10)
      at Object.<anonymous> (src/app/forms/1099-div/Form1099Div.error-scenarios.integration.test.tsx:263:13)

  ● 1099-DIV Form Submission - Error Scenarios Integration › API Errors Are Handled Gracefully › should display server error message (500)

    TypeError: (0 , _navigation.usePathname) is not a function

      118 | export function useForm1099Div(token: string | null): UseForm1099DivReturn {
      119 |   const router = useRouter();
    > 120 |   const pathname = usePathname();
          |                               ^
      121 |   
      122 |   // Workflow state
      123 |   const [mode, setMode] = useState<'input' | 'preview'>('input');

      at useForm1099Div (src/hooks/useForm1099Div.ts:120:31)
      at Form1099DivClient (src/app/forms/1099-div/Form1099DivClient.tsx:96:21)
      at renderWithHooks (node_modules/react-dom/cjs/react-dom.development.js:15486:18)
      at mountIndeterminateComponent (node_modules/react-dom/cjs/react-dom.development.js:20103:13)
      at beginWork (node_modules/react-dom/cjs/react-dom.development.js:21626:16)
      at beginWork$1 (node_modules/react-dom/cjs/react-dom.development.js:27465:14)
      at performUnitOfWork (node_modules/react-dom/cjs/react-dom.development.js:26599:12)
      at workLoopSync (node_modules/react-dom/cjs/react-dom.development.js:26505:5)
      at renderRootSync (node_modules/react-dom/cjs/react-dom.development.js:26473:7)
      at recoverFromConcurrentError (node_modules/react-dom/cjs/react-dom.development.js:25889:20)
      at performConcurrentWorkOnRoot (node_modules/react-dom/cjs/react-dom.development.js:25789:22)
      at flushActQueue (node_modules/react/cjs/react.development.js:2667:24)
      at act (node_modules/react/cjs/react.development.js:2582:11)
      at node_modules/@testing-library/react/dist/act-compat.js:46:25
      at renderRoot (node_modules/@testing-library/react/dist/pure.js:189:26)
      at render (node_modules/@testing-library/react/dist/pure.js:291:10)
      at Object.<anonymous> (src/app/forms/1099-div/Form1099Div.error-scenarios.integration.test.tsx:298:13)

  ● 1099-DIV Form Submission - Error Scenarios Integration › API Errors Are Handled Gracefully › should display network error message

    TypeError: (0 , _navigation.usePathname) is not a function

      118 | export function useForm1099Div(token: string | null): UseForm1099DivReturn {
      119 |   const router = useRouter();
    > 120 |   const pathname = usePathname();
          |                               ^
      121 |   
      122 |   // Workflow state
      123 |   const [mode, setMode] = useState<'input' | 'preview'>('input');

      at useForm1099Div (src/hooks/useForm1099Div.ts:120:31)
      at Form1099DivClient (src/app/forms/1099-div/Form1099DivClient.tsx:96:21)
      at renderWithHooks (node_modules/react-dom/cjs/react-dom.development.js:15486:18)
      at mountIndeterminateComponent (node_modules/react-dom/cjs/react-dom.development.js:20103:13)
      at beginWork (node_modules/react-dom/cjs/react-dom.development.js:21626:16)
      at beginWork$1 (node_modules/react-dom/cjs/react-dom.development.js:27465:14)
      at performUnitOfWork (node_modules/react-dom/cjs/react-dom.development.js:26599:12)
      at workLoopSync (node_modules/react-dom/cjs/react-dom.development.js:26505:5)
      at renderRootSync (node_modules/react-dom/cjs/react-dom.development.js:26473:7)
      at recoverFromConcurrentError (node_modules/react-dom/cjs/react-dom.development.js:25889:20)
      at performConcurrentWorkOnRoot (node_modules/react-dom/cjs/react-dom.development.js:25789:22)
      at flushActQueue (node_modules/react/cjs/react.development.js:2667:24)
      at act (node_modules/react/cjs/react.development.js:2582:11)
      at node_modules/@testing-library/react/dist/act-compat.js:46:25
      at renderRoot (node_modules/@testing-library/react/dist/pure.js:189:26)
      at render (node_modules/@testing-library/react/dist/pure.js:291:10)
      at Object.<anonymous> (src/app/forms/1099-div/Form1099Div.error-scenarios.integration.test.tsx:330:13)

  ● 1099-DIV Form Submission - Error Scenarios Integration › API Errors Are Handled Gracefully › should allow retry after server error

    TypeError: (0 , _navigation.usePathname) is not a function

      118 | export function useForm1099Div(token: string | null): UseForm1099DivReturn {
      119 |   const router = useRouter();
    > 120 |   const pathname = usePathname();
          |                               ^
      121 |   
      122 |   // Workflow state
      123 |   const [mode, setMode] = useState<'input' | 'preview'>('input');

      at useForm1099Div (src/hooks/useForm1099Div.ts:120:31)
      at Form1099DivClient (src/app/forms/1099-div/Form1099DivClient.tsx:96:21)
      at renderWithHooks (node_modules/react-dom/cjs/react-dom.development.js:15486:18)
      at mountIndeterminateComponent (node_modules/react-dom/cjs/react-dom.development.js:20103:13)
      at beginWork (node_modules/react-dom/cjs/react-dom.development.js:21626:16)
      at beginWork$1 (node_modules/react-dom/cjs/react-dom.development.js:27465:14)
      at performUnitOfWork (node_modules/react-dom/cjs/react-dom.development.js:26599:12)
      at workLoopSync (node_modules/react-dom/cjs/react-dom.development.js:26505:5)
      at renderRootSync (node_modules/react-dom/cjs/react-dom.development.js:26473:7)
      at recoverFromConcurrentError (node_modules/react-dom/cjs/react-dom.development.js:25889:20)
      at performConcurrentWorkOnRoot (node_modules/react-dom/cjs/react-dom.development.js:25789:22)
      at flushActQueue (node_modules/react/cjs/react.development.js:2667:24)
      at act (node_modules/react/cjs/react.development.js:2582:11)
      at node_modules/@testing-library/react/dist/act-compat.js:46:25
      at renderRoot (node_modules/@testing-library/react/dist/pure.js:189:26)
      at render (node_modules/@testing-library/react/dist/pure.js:291:10)
      at Object.<anonymous> (src/app/forms/1099-div/Form1099Div.error-scenarios.integration.test.tsx:371:13)

  ● 1099-DIV Form Submission - Error Scenarios Integration › API Errors Are Handled Gracefully › should clear error message on successful retry

    TypeError: (0 , _navigation.usePathname) is not a function

      118 | export function useForm1099Div(token: string | null): UseForm1099DivReturn {
      119 |   const router = useRouter();
    > 120 |   const pathname = usePathname();
          |                               ^
      121 |   
      122 |   // Workflow state
      123 |   const [mode, setMode] = useState<'input' | 'preview'>('input');

      at useForm1099Div (src/hooks/useForm1099Div.ts:120:31)
      at Form1099DivClient (src/app/forms/1099-div/Form1099DivClient.tsx:96:21)
      at renderWithHooks (node_modules/react-dom/cjs/react-dom.development.js:15486:18)
      at mountIndeterminateComponent (node_modules/react-dom/cjs/react-dom.development.js:20103:13)
      at beginWork (node_modules/react-dom/cjs/react-dom.development.js:21626:16)
      at beginWork$1 (node_modules/react-dom/cjs/react-dom.development.js:27465:14)
      at performUnitOfWork (node_modules/react-dom/cjs/react-dom.development.js:26599:12)
      at workLoopSync (node_modules/react-dom/cjs/react-dom.development.js:26505:5)
      at renderRootSync (node_modules/react-dom/cjs/react-dom.development.js:26473:7)
      at recoverFromConcurrentError (node_modules/react-dom/cjs/react-dom.development.js:25889:20)
      at performConcurrentWorkOnRoot (node_modules/react-dom/cjs/react-dom.development.js:25789:22)
      at flushActQueue (node_modules/react/cjs/react.development.js:2667:24)
      at act (node_modules/react/cjs/react.development.js:2582:11)
      at node_modules/@testing-library/react/dist/act-compat.js:46:25
      at renderRoot (node_modules/@testing-library/react/dist/pure.js:189:26)
      at render (node_modules/@testing-library/react/dist/pure.js:291:10)
      at Object.<anonymous> (src/app/forms/1099-div/Form1099Div.error-scenarios.integration.test.tsx:420:13)

  ● 1099-DIV Form Submission - Error Scenarios Integration › Authentication Errors Redirect to Login › should redirect to login when token is null

    TypeError: (0 , _navigation.usePathname) is not a function

      118 | export function useForm1099Div(token: string | null): UseForm1099DivReturn {
      119 |   const router = useRouter();
    > 120 |   const pathname = usePathname();
          |                               ^
      121 |   
      122 |   // Workflow state
      123 |   const [mode, setMode] = useState<'input' | 'preview'>('input');

      at useForm1099Div (src/hooks/useForm1099Div.ts:120:31)
      at Form1099DivClient (src/app/forms/1099-div/Form1099DivClient.tsx:96:21)
      at renderWithHooks (node_modules/react-dom/cjs/react-dom.development.js:15486:18)
      at mountIndeterminateComponent (node_modules/react-dom/cjs/react-dom.development.js:20103:13)
      at beginWork (node_modules/react-dom/cjs/react-dom.development.js:21626:16)
      at beginWork$1 (node_modules/react-dom/cjs/react-dom.development.js:27465:14)
      at performUnitOfWork (node_modules/react-dom/cjs/react-dom.development.js:26599:12)
      at workLoopSync (node_modules/react-dom/cjs/react-dom.development.js:26505:5)
      at renderRootSync (node_modules/react-dom/cjs/react-dom.development.js:26473:7)
      at recoverFromConcurrentError (node_modules/react-dom/cjs/react-dom.development.js:25889:20)
      at performConcurrentWorkOnRoot (node_modules/react-dom/cjs/react-dom.development.js:25789:22)
      at flushActQueue (node_modules/react/cjs/react.development.js:2667:24)
      at act (node_modules/react/cjs/react.development.js:2582:11)
      at node_modules/@testing-library/react/dist/act-compat.js:46:25
      at renderRoot (node_modules/@testing-library/react/dist/pure.js:189:26)
      at render (node_modules/@testing-library/react/dist/pure.js:291:10)
      at Object.<anonymous> (src/app/forms/1099-div/Form1099Div.error-scenarios.integration.test.tsx:453:13)

  ● 1099-DIV Form Submission - Error Scenarios Integration › Authentication Errors Redirect to Login › should redirect to login on 401 error

    TypeError: (0 , _navigation.usePathname) is not a function

      118 | export function useForm1099Div(token: string | null): UseForm1099DivReturn {
      119 |   const router = useRouter();
    > 120 |   const pathname = usePathname();
          |                               ^
      121 |   
      122 |   // Workflow state
      123 |   const [mode, setMode] = useState<'input' | 'preview'>('input');

      at useForm1099Div (src/hooks/useForm1099Div.ts:120:31)
      at Form1099DivClient (src/app/forms/1099-div/Form1099DivClient.tsx:96:21)
      at renderWithHooks (node_modules/react-dom/cjs/react-dom.development.js:15486:18)
      at mountIndeterminateComponent (node_modules/react-dom/cjs/react-dom.development.js:20103:13)
      at beginWork (node_modules/react-dom/cjs/react-dom.development.js:21626:16)
      at beginWork$1 (node_modules/react-dom/cjs/react-dom.development.js:27465:14)
      at performUnitOfWork (node_modules/react-dom/cjs/react-dom.development.js:26599:12)
      at workLoopSync (node_modules/react-dom/cjs/react-dom.development.js:26505:5)
      at renderRootSync (node_modules/react-dom/cjs/react-dom.development.js:26473:7)
      at recoverFromConcurrentError (node_modules/react-dom/cjs/react-dom.development.js:25889:20)
      at performConcurrentWorkOnRoot (node_modules/react-dom/cjs/react-dom.development.js:25789:22)
      at flushActQueue (node_modules/react/cjs/react.development.js:2667:24)
      at act (node_modules/react/cjs/react.development.js:2582:11)
      at node_modules/@testing-library/react/dist/act-compat.js:46:25
      at renderRoot (node_modules/@testing-library/react/dist/pure.js:189:26)
      at render (node_modules/@testing-library/react/dist/pure.js:291:10)
      at Object.<anonymous> (src/app/forms/1099-div/Form1099Div.error-scenarios.integration.test.tsx:486:13)

  ● 1099-DIV Form Submission - Error Scenarios Integration › Authentication Errors Redirect to Login › should display session expired message before redirecting

    TypeError: (0 , _navigation.usePathname) is not a function

      118 | export function useForm1099Div(token: string | null): UseForm1099DivReturn {
      119 |   const router = useRouter();
    > 120 |   const pathname = usePathname();
          |                               ^
      121 |   
      122 |   // Workflow state
      123 |   const [mode, setMode] = useState<'input' | 'preview'>('input');

      at useForm1099Div (src/hooks/useForm1099Div.ts:120:31)
      at Form1099DivClient (src/app/forms/1099-div/Form1099DivClient.tsx:96:21)
      at renderWithHooks (node_modules/react-dom/cjs/react-dom.development.js:15486:18)
      at mountIndeterminateComponent (node_modules/react-dom/cjs/react-dom.development.js:20103:13)
      at beginWork (node_modules/react-dom/cjs/react-dom.development.js:21626:16)
      at beginWork$1 (node_modules/react-dom/cjs/react-dom.development.js:27465:14)
      at performUnitOfWork (node_modules/react-dom/cjs/react-dom.development.js:26599:12)
      at workLoopSync (node_modules/react-dom/cjs/react-dom.development.js:26505:5)
      at renderRootSync (node_modules/react-dom/cjs/react-dom.development.js:26473:7)
      at recoverFromConcurrentError (node_modules/react-dom/cjs/react-dom.development.js:25889:20)
      at performConcurrentWorkOnRoot (node_modules/react-dom/cjs/react-dom.development.js:25789:22)
      at flushActQueue (node_modules/react/cjs/react.development.js:2667:24)
      at act (node_modules/react/cjs/react.development.js:2582:11)
      at node_modules/@testing-library/react/dist/act-compat.js:46:25
      at renderRoot (node_modules/@testing-library/react/dist/pure.js:189:26)
      at render (node_modules/@testing-library/react/dist/pure.js:291:10)
      at Object.<anonymous> (src/app/forms/1099-div/Form1099Div.error-scenarios.integration.test.tsx:526:13)

  ● 1099-DIV Form Submission - Error Scenarios Integration › Error Recovery and User Experience › should preserve form data after API error

    TypeError: (0 , _navigation.usePathname) is not a function

      118 | export function useForm1099Div(token: string | null): UseForm1099DivReturn {
      119 |   const router = useRouter();
    > 120 |   const pathname = usePathname();
          |                               ^
      121 |   
      122 |   // Workflow state
      123 |   const [mode, setMode] = useState<'input' | 'preview'>('input');

      at useForm1099Div (src/hooks/useForm1099Div.ts:120:31)
      at Form1099DivClient (src/app/forms/1099-div/Form1099DivClient.tsx:96:21)
      at renderWithHooks (node_modules/react-dom/cjs/react-dom.development.js:15486:18)
      at mountIndeterminateComponent (node_modules/react-dom/cjs/react-dom.development.js:20103:13)
      at beginWork (node_modules/react-dom/cjs/react-dom.development.js:21626:16)
      at beginWork$1 (node_modules/react-dom/cjs/react-dom.development.js:27465:14)
      at performUnitOfWork (node_modules/react-dom/cjs/react-dom.development.js:26599:12)
      at workLoopSync (node_modules/react-dom/cjs/react-dom.development.js:26505:5)
      at renderRootSync (node_modules/react-dom/cjs/react-dom.development.js:26473:7)
      at recoverFromConcurrentError (node_modules/react-dom/cjs/react-dom.development.js:25889:20)
      at performConcurrentWorkOnRoot (node_modules/react-dom/cjs/react-dom.development.js:25789:22)
      at flushActQueue (node_modules/react/cjs/react.development.js:2667:24)
      at act (node_modules/react/cjs/react.development.js:2582:11)
      at node_modules/@testing-library/react/dist/act-compat.js:46:25
      at renderRoot (node_modules/@testing-library/react/dist/pure.js:189:26)
      at render (node_modules/@testing-library/react/dist/pure.js:291:10)
      at Object.<anonymous> (src/app/forms/1099-div/Form1099Div.error-scenarios.integration.test.tsx:560:13)

  ● 1099-DIV Form Submission - Error Scenarios Integration › Error Recovery and User Experience › should allow user to modify data after error and resubmit

    TypeError: (0 , _navigation.usePathname) is not a function

      118 | export function useForm1099Div(token: string | null): UseForm1099DivReturn {
      119 |   const router = useRouter();
    > 120 |   const pathname = usePathname();
          |                               ^
      121 |   
      122 |   // Workflow state
      123 |   const [mode, setMode] = useState<'input' | 'preview'>('input');

      at useForm1099Div (src/hooks/useForm1099Div.ts:120:31)
      at Form1099DivClient (src/app/forms/1099-div/Form1099DivClient.tsx:96:21)
      at renderWithHooks (node_modules/react-dom/cjs/react-dom.development.js:15486:18)
      at mountIndeterminateComponent (node_modules/react-dom/cjs/react-dom.development.js:20103:13)
      at beginWork (node_modules/react-dom/cjs/react-dom.development.js:21626:16)
      at beginWork$1 (node_modules/react-dom/cjs/react-dom.development.js:27465:14)
      at performUnitOfWork (node_modules/react-dom/cjs/react-dom.development.js:26599:12)
      at workLoopSync (node_modules/react-dom/cjs/react-dom.development.js:26505:5)
      at renderRootSync (node_modules/react-dom/cjs/react-dom.development.js:26473:7)
      at recoverFromConcurrentError (node_modules/react-dom/cjs/react-dom.development.js:25889:20)
      at performConcurrentWorkOnRoot (node_modules/react-dom/cjs/react-dom.development.js:25789:22)
      at flushActQueue (node_modules/react/cjs/react.development.js:2667:24)
      at act (node_modules/react/cjs/react.development.js:2582:11)
      at node_modules/@testing-library/react/dist/act-compat.js:46:25
      at renderRoot (node_modules/@testing-library/react/dist/pure.js:189:26)
      at render (node_modules/@testing-library/react/dist/pure.js:291:10)
      at Object.<anonymous> (src/app/forms/1099-div/Form1099Div.error-scenarios.integration.test.tsx:615:13)

  ● 1099-DIV Form Submission - Error Scenarios Integration › Error Recovery and User Experience › should show loading state during submission

    TypeError: (0 , _navigation.usePathname) is not a function

      118 | export function useForm1099Div(token: string | null): UseForm1099DivReturn {
      119 |   const router = useRouter();
    > 120 |   const pathname = usePathname();
          |                               ^
      121 |   
      122 |   // Workflow state
      123 |   const [mode, setMode] = useState<'input' | 'preview'>('input');

      at useForm1099Div (src/hooks/useForm1099Div.ts:120:31)
      at Form1099DivClient (src/app/forms/1099-div/Form1099DivClient.tsx:96:21)
      at renderWithHooks (node_modules/react-dom/cjs/react-dom.development.js:15486:18)
      at mountIndeterminateComponent (node_modules/react-dom/cjs/react-dom.development.js:20103:13)
      at beginWork (node_modules/react-dom/cjs/react-dom.development.js:21626:16)
      at beginWork$1 (node_modules/react-dom/cjs/react-dom.development.js:27465:14)
      at performUnitOfWork (node_modules/react-dom/cjs/react-dom.development.js:26599:12)
      at workLoopSync (node_modules/react-dom/cjs/react-dom.development.js:26505:5)
      at renderRootSync (node_modules/react-dom/cjs/react-dom.development.js:26473:7)
      at recoverFromConcurrentError (node_modules/react-dom/cjs/react-dom.development.js:25889:20)
      at performConcurrentWorkOnRoot (node_modules/react-dom/cjs/react-dom.development.js:25789:22)
      at flushActQueue (node_modules/react/cjs/react.development.js:2667:24)
      at act (node_modules/react/cjs/react.development.js:2582:11)
      at node_modules/@testing-library/react/dist/act-compat.js:46:25
      at renderRoot (node_modules/@testing-library/react/dist/pure.js:189:26)
      at render (node_modules/@testing-library/react/dist/pure.js:291:10)
      at Object.<anonymous> (src/app/forms/1099-div/Form1099Div.error-scenarios.integration.test.tsx:665:13)

  ● 1099-DIV Form Submission - Error Scenarios Integration › Error Recovery and User Experience › should disable form inputs during submission

    TypeError: (0 , _navigation.usePathname) is not a function

      118 | export function useForm1099Div(token: string | null): UseForm1099DivReturn {
      119 |   const router = useRouter();
    > 120 |   const pathname = usePathname();
          |                               ^
      121 |   
      122 |   // Workflow state
      123 |   const [mode, setMode] = useState<'input' | 'preview'>('input');

      at useForm1099Div (src/hooks/useForm1099Div.ts:120:31)
      at Form1099DivClient (src/app/forms/1099-div/Form1099DivClient.tsx:96:21)
      at renderWithHooks (node_modules/react-dom/cjs/react-dom.development.js:15486:18)
      at mountIndeterminateComponent (node_modules/react-dom/cjs/react-dom.development.js:20103:13)
      at beginWork (node_modules/react-dom/cjs/react-dom.development.js:21626:16)
      at beginWork$1 (node_modules/react-dom/cjs/react-dom.development.js:27465:14)
      at performUnitOfWork (node_modules/react-dom/cjs/react-dom.development.js:26599:12)
      at workLoopSync (node_modules/react-dom/cjs/react-dom.development.js:26505:5)
      at renderRootSync (node_modules/react-dom/cjs/react-dom.development.js:26473:7)
      at recoverFromConcurrentError (node_modules/react-dom/cjs/react-dom.development.js:25889:20)
      at performConcurrentWorkOnRoot (node_modules/react-dom/cjs/react-dom.development.js:25789:22)
      at flushActQueue (node_modules/react/cjs/react.development.js:2667:24)
      at act (node_modules/react/cjs/react.development.js:2582:11)
      at node_modules/@testing-library/react/dist/act-compat.js:46:25
      at renderRoot (node_modules/@testing-library/react/dist/pure.js:189:26)
      at render (node_modules/@testing-library/react/dist/pure.js:291:10)
      at Object.<anonymous> (src/app/forms/1099-div/Form1099Div.error-scenarios.integration.test.tsx:711:13)

FAIL src/app/dashboard/loading-state-persistence.test.tsx
  ● Dashboard Loading State Persistence - Task 5.1 › keeps loading state visible during redirect (does not clear isAuthenticated)

    expect(jest.fn()).toHaveBeenCalledWith(...expected)

    Expected: "/login"
    Received: "/login?returnUrl=/dashboard"

    Number of calls: 1

    Ignored nodes: comments, script, style
    [36m<html>[39m
      [36m<head />[39m
      [36m<body>[39m
        [36m<div>[39m
          [36m<div[39m
            [33mclass[39m=[32m"min-h-screen flex items-center justify-center bg-white"[39m
          [36m>[39m
            [36m<div[39m
              [33mclass[39m=[32m"text-gray-600"[39m
            [36m>[39m
              [0mLoading...[0m
            [36m</div>[39m
          [36m</div>[39m
        [36m</div>[39m
      [36m</body>[39m
    [36m</html>[39m

      64 |     // Wait for redirect to be initiated
      65 |     await waitFor(() => {
    > 66 |       expect(mockPush).toHaveBeenCalledWith('/login');
         |                        ^
      67 |     });
      68 |
      69 |     // After redirect is initiated, loading state should STILL be visible

      at toHaveBeenCalledWith (src/app/dashboard/loading-state-persistence.test.tsx:66:24)
      at runWithExpensiveErrorDiagnosticsDisabled (node_modules/@testing-library/dom/dist/config.js:47:12)
      at checkCallback (node_modules/@testing-library/dom/dist/wait-for.js:124:77)
      at checkRealTimersCallback (node_modules/@testing-library/dom/dist/wait-for.js:118:16)
      at Timeout.task [as _onTimeout] (node_modules/jsdom/lib/jsdom/browser/Window.js:579:19)

  ● Dashboard Loading State Persistence - Task 5.1 › never sets isAuthenticated to false during redirect

    expect(jest.fn()).toHaveBeenCalledWith(...expected)

    Expected: "/login"
    Received: "/login?returnUrl=/dashboard"

    Number of calls: 1

    Ignored nodes: comments, script, style
    [36m<html>[39m
      [36m<head />[39m
      [36m<body>[39m
        [36m<div>[39m
          [36m<div[39m
            [33mclass[39m=[32m"min-h-screen flex items-center justify-center bg-white"[39m
          [36m>[39m
            [36m<div[39m
              [33mclass[39m=[32m"text-gray-600"[39m
            [36m>[39m
              [0mLoading...[0m
            [36m</div>[39m
          [36m</div>[39m
        [36m</div>[39m
      [36m</body>[39m
    [36m</html>[39m

      85 |     // Wait for redirect
      86 |     await waitFor(() => {
    > 87 |       expect(mockPush).toHaveBeenCalledWith('/login');
         |                        ^
      88 |     });
      89 |
      90 |     // The component should still show loading state, not dashboard content

      at toHaveBeenCalledWith (src/app/dashboard/loading-state-persistence.test.tsx:87:24)
      at runWithExpensiveErrorDiagnosticsDisabled (node_modules/@testing-library/dom/dist/config.js:47:12)
      at checkCallback (node_modules/@testing-library/dom/dist/wait-for.js:124:77)
      at checkRealTimersCallback (node_modules/@testing-library/dom/dist/wait-for.js:118:16)
      at Timeout.task [as _onTimeout] (node_modules/jsdom/lib/jsdom/browser/Window.js:579:19)

  ● Dashboard Loading State Persistence - Task 5.1 › maintains loading UI until navigation completes

    expect(jest.fn()).toHaveBeenCalledWith(...expected)

    Expected: "/login"
    Received: "/login?returnUrl=/dashboard"

    Number of calls: 1

    Ignored nodes: comments, script, style
    [36m<html>[39m
      [36m<head />[39m
      [36m<body>[39m
        [36m<div>[39m
          [36m<div[39m
            [33mclass[39m=[32m"min-h-screen flex items-center justify-center bg-white"[39m
          [36m>[39m
            [36m<div[39m
              [33mclass[39m=[32m"text-gray-600"[39m
            [36m>[39m
              [0mLoading...[0m
            [36m</div>[39m
          [36m</div>[39m
        [36m</div>[39m
      [36m</body>[39m
    [36m</html>[39m

      104 |     // Wait for redirect
      105 |     await waitFor(() => {
    > 106 |       expect(mockPush).toHaveBeenCalledWith('/login');
          |                        ^
      107 |     });
      108 |
      109 |     // Even after redirect is called, loading state persists

      at toHaveBeenCalledWith (src/app/dashboard/loading-state-persistence.test.tsx:106:24)
      at runWithExpensiveErrorDiagnosticsDisabled (node_modules/@testing-library/dom/dist/config.js:47:12)
      at checkCallback (node_modules/@testing-library/dom/dist/wait-for.js:124:77)
      at checkRealTimersCallback (node_modules/@testing-library/dom/dist/wait-for.js:118:16)
      at Timeout.task [as _onTimeout] (node_modules/jsdom/lib/jsdom/browser/Window.js:579:19)

  ● Dashboard Loading State Persistence - Task 5.1 › has comment explaining why state is not cleared

    expect(received).toContain(expected) // indexOf

    Expected substring: "Task 5.1: Keep isAuthenticated as null during redirect"
    Received string:    "'use client';·
    import { useEffect, useState, useRef } from 'react';
    import { useRouter } from 'next/navigation';
    import { logoutStateManager } from '@/lib/auth/LogoutStateManager';
    import { getAuthState } from '@/lib/auth/AuthCoordinator';
    import { getTraceId } from '@/lib/auth/LoginFlowTracer';
    import DashboardClient from './DashboardClient';·
    /**
     * Dashboard Page Component
     *·
     * Protected route that verifies user authentication before rendering the dashboard.
     * Implements comprehensive error handling, timeout protection, and logout state
     * integration to prevent black screen issues and ensure reliable redirects.
     *·
     * ## Authentication Strategy
     *·
     * The dashboard enforces strict JWT authentication using `getAuthState({ requireJWT: true })`.
     * This ensures that only users with valid JWT tokens can access the dashboard, preventing
     * unauthorized access through session-based fallback authentication.
     *·
     * **Key Security Feature**: Session-only authentication is NOT sufficient for dashboard access.
     * Users must have a valid JWT token stored in localStorage. This prevents the security
     * vulnerability where session-based fallback incorrectly granted dashboard access.
     *·
     * Requirements: 1.1, 1.3, 1.4, 4.1, 7.1, 7.2, 7.5
     *·
     * ## Authentication Check Flow
     *·
     * The authentication flow follows a strict sequence to prevent race conditions:
     *·
     * 1. **Logout State Check** (Priority 1)
     *    - Checks LogoutStateManager.isLogoutInProgress() first
     *    - If logout is active, displays logout transition UI
     *    - Skips all token validation during logout to prevent conflicts
     *    - Requirements: 6.1, 6.2, 6.5
     *·
     * 2. **JWT-Required Authentication Check** (Priority 2)
     *    - Calls getAuthState({ requireJWT: true, traceId })
     *    - AuthCoordinator checks for valid JWT token
     *    - If no JWT exists, returns isAuthenticated: false immediately
     *    - Session-based authentication is NOT attempted for dashboard
     *    - Requirements: 1.4, 1.5, 5.2
     *·
     * 3. **Redirect or Render** (Priority 3)
     *    - No JWT: Initiates redirect to /login
     *    - Valid JWT: Sets isAuthenticated=true and renders dashboard
     *    - Requirements: 1.1, 1.2
     *·
     * ## Error Handling Strategy
     *·
     * Multi-layered error handling ensures no errors cause black screens:
     *·
     * **Layer 1: Operation-Level Try-Catch**
     * - Logout state check wrapped in try-catch
     * - Token check wrapped in try-catch
     * - State updates wrapped in try-catch
     * - Each logs error with context and continues execution
     *·
     * **Layer 2: Navigation Error Handling**
     * - router.push() wrapped in try-catch
     * - On failure, falls back to window.location.href
     * - Logs which method was used for debugging
     * - Requirements: 1.3, 3.3, 7.2
     *·
     * **Layer 3: Function-Level Try-Catch**
     * - Entire checkAuth() function wrapped in try-catch
     * - On error, attempts recovery redirect to /login
     * - Prevents any uncaught exceptions from reaching React
     * - Requirements: 3.1, 3.2
     *·
     * **Layer 4: Invocation-Level Try-Catch**
     * - checkAuth() invocation wrapped in try-catch
     * - Last resort: forces window.location.href = '/login'
     * - Ensures user never sees black screen or error boundary
     *·
     * **Error Logging Format**
     * All errors logged with consistent structure:
     * ```typescript
     * console.error('Dashboard: [Operation] failed', {
     *   error: error.message,
     *   timestamp: ISO timestamp,
     *   context: 'operation description',
     *   fallback: 'fallback action' // if applicable
     * });
     * ```
     * Requirements: 3.1, 5.5
     *·
     * ## Timeout Protection
     *·
     * Prevents authentication check from hanging indefinitely:
     *·
     * - **Timeout Duration**: 2000ms (2 seconds)
     * - **Trigger**: Set when useEffect runs
     * - **Action**: Forces redirect to /login if timeout fires
     * - **Cleanup**: Cleared when redirect succeeds or auth completes
     * - **Warning**: Logs \"Authentication check timeout, forcing redirect\"
     *·
     * The timeout is cleared in multiple scenarios:
     * 1. Successful router.push() redirect
     * 2. Successful window.location.href fallback
     * 3. Successful authentication (token valid)
     * 4. Error recovery redirect
     * 5. Component unmount
     *·
     * This ensures users are never stuck on a loading screen for more than 2 seconds.
     * Requirements: 2.4
     *·
     * ## Logout State Integration
     *·
     * Coordinates with LogoutStateManager to prevent race conditions:
     *·
     * **Priority Check**
     * - Logout state checked BEFORE token validation
     * - Prevents token operations during logout transition
     * - Avoids conflicts between logout and auth check
     *·
     * **Logout UI Display**
     * - Shows \"Logging out...\" message with spinner
     * - White background prevents black screen
     * - Remains visible until redirect completes
     * - Requirements: 6.3, 8.2
     *·
     * **State Transition**
     * - After logout completes, user redirected to /login
     * - On next dashboard access, normal auth check resumes
     * - Logout state cleared by LogoutStateManager
     * - Requirements: 6.4
     *·
     * ## Loading State Management
     *·
     * Careful state management prevents black screens:
     *·
     * - **Initial State**: isAuthenticated = null (checking)
     * - **During Redirect**: Remains null (keeps loading UI visible)
     * - **After Auth Success**: Set to true (renders dashboard)
     * - **Background Color**: Explicit white background on all loading states
     *·
     * The loading state is NOT cleared during redirect because:
     * 1. Prevents flash of content before navigation
     * 2. Keeps loading UI visible during navigation
     * 3. Naturally resolves when new page loads
     * Requirements: 2.2, 2.3, 2.5, 8.5
     *·
     * ## Component Lifecycle Management
     *·
     * Uses isMountedRef pattern to prevent state updates after unmount:
     *·
     * - **Initialization**: useRef(true) when component mounts
     * - **Cleanup**: Set to false in useEffect cleanup function
     * - **State Updates**: All setState calls check isMountedRef.current first
     * - **Prevents**: \"Can't perform state update on unmounted component\" warnings
     *·
     * Requirements: 4.2, 4.5
     *·
     * ## UseEffect Dependencies
     *·
     * Minimal dependency array prevents infinite loops:
     *·
     * - **Included**: router (required for navigation)
     * - **Excluded**: isMountedRef (refs don't trigger re-renders)
     * - **Excluded**: setState functions (stable by React design)
     *·
     * This ensures the effect runs exactly once per mount.
     * Requirements: 4.1, 4.5
     *·
     * ## Comprehensive Logging
     *·
     * Every decision point is logged for debugging:
     *·
     * 1. \"Starting authentication check\" - Component mount
     * 2. \"Logout state check result: true/false\" - Logout check
     * 3. \"Token check result - hasToken(): true/false\" - Token validation
     * 4. \"Redirecting to login (no token)\" - Redirect initiation
     * 5. \"Redirect initiated successfully\" - Redirect success
     * 6. \"Authentication successful\" - Auth success
     * 7. \"Component unmounting\" - Cleanup
     *·
     * Errors logged with full context including timestamp and operation.
     * Requirements: 5.1, 5.2, 5.3, 5.4, 5.5, 5.6, 5.7
     *·
     * ## Browser Compatibility
     *·
     * Handles various browser environments:
     *·
     * - **SSR Safety**: Checks `typeof window !== 'undefined'` before window operations
     * - **Router Fallback**: Falls back to window.location.href if router.push fails
     * - **Tested Browsers**: Chrome, Firefox, Safari, Edge
     *·
     * Requirements: 7.1, 7.2, 7.3
     *·
     * @returns {JSX.Element} Dashboard content for authenticated users, loading UI during check, or logout UI during logout
     *·
     * @example
     * // Unauthenticated user access
     * // 1. Shows loading UI
     * // 2. Checks token (returns false)
     * // 3. Redirects to /login
     * // 4. Logs: \"Redirecting to login (no token)\"
     *·
     * @example
     * // Authenticated user access
     * // 1. Shows loading UI
     * // 2. Checks token (returns true)
     * // 3. Renders DashboardClient
     * // 4. Logs: \"Authentication successful\"
     *·
     * @example
     * // Logout in progress
     * // 1. Checks logout state (returns true)
     * // 2. Shows \"Logging out...\" UI
     * // 3. Skips token validation
     * // 4. Waits for redirect to complete
     *·
     * Requirements:
     * - 1.1: Display dashboard for authenticated users
     * - 1.2: Redirect unauthenticated users to login
     * - 1.3: Fallback redirect mechanism
     * - 1.4: Token validation without errors
     * - 1.5: Error-free authentication check
     * - 2.2: Loading state during redirect
     * - 2.3: Loading state visibility
     * - 2.4: Timeout protection
     * - 2.5: Loading state visual distinction
     * - 3.1: Error logging with context
     * - 3.2: Error recovery redirect
     * - 3.3: Router fallback handling
     * - 4.1: Single useEffect execution per mount
     * - 4.2: Cleanup on unmount
     * - 4.5: Stable dependencies
     * - 5.1-5.7: Comprehensive logging
     * - 6.1-6.5: Logout state integration
     * - 7.1-7.3: Browser compatibility
     * - 8.2: Logout UI display
     * - 8.5: White background on loading states
     */
    export default function DashboardPage() {
      const router = useRouter();···
      /**
       * Authentication state tracker
       *·
       * Tri-state value that controls component rendering:
       * - `null`: Authentication check in progress (shows loading UI)
       * - `true`: User is authenticated (renders dashboard)
       * - `false`: Not used (redirect initiated instead)
       *·
       * The state remains `null` during redirect to keep loading UI visible,
       * preventing black screen or flash of content. It naturally resolves
       * when the login page loads.
       *·
       * Requirements: 2.2, 2.3, 4.4
       */
      const [isAuthenticated, setIsAuthenticated] = useState<boolean | null>(null);···
      /**
       * Logout transition state tracker
       *·
       * Set to `true` when LogoutStateManager indicates logout is in progress.
       * When true, displays \"Logging out...\" UI and skips all authentication
       * checks to prevent race conditions.
       *·
       * Requirements: 6.1, 6.3, 8.2
       */
      const [isLoggingOut, setIsLoggingOut] = useState(false);···
      /**
       * Component mount status tracker
       *·
       * Ref that tracks whether the component is currently mounted.
       * - Initialized to `true` when component mounts
       * - Set to `false` in useEffect cleanup function
       * - Checked before all setState calls to prevent warnings
       *·
       * Prevents \"Can't perform state update on unmounted component\" warnings
       * that can occur if redirect happens during async operations.
       *·
       * Requirements: 4.2, 4.5
       */
      const isMountedRef = useRef(true);·
      /**
       * Redirect guard tracker
       *·
       * Prevents multiple redirects per page load.
       * Set to true when redirect is initiated, preventing subsequent redirects.
       *·
       * Requirements: 7.5
       */
      const redirectInitiatedRef = useRef(false);·
      /**
       * Authentication check debounce tracker
       *·
       * Prevents multiple rapid authentication checks.
       * Set to true when check starts, preventing concurrent checks.
       *·
       * Requirements: 7.2, 7.4
       */
      const authCheckInProgressRef = useRef(false);·
      /**
       * Authentication Check Effect
       *·
       * Runs once per component mount to verify user authentication and
       * redirect if necessary. Implements timeout protection, comprehensive
       * error handling, logout state integration, and AuthCoordinator integration.
       *·
       * Enhanced with:
       * - Redirect guard to prevent multiple redirects
       * - Authentication check debouncing
       * - AuthCoordinator integration for unified auth state
       * - Trace ID correlation from login flow
       *·
       * ## Dependency Array Strategy
       *·
       * Contains only `router` to ensure the effect runs exactly once per mount:
       * - `router`: Required (used for navigation)
       * - `isMountedRef`: Excluded (refs don't trigger re-renders)
       * - `setState functions`: Excluded (stable by React design)
       *·
       * This prevents infinite loops while ensuring navigation works correctly.
       * Requirements: 4.1, 4.5, 7.2, 7.4, 7.5, 8.4
       */
      useEffect(() => {
        // Prevent multiple concurrent authentication checks
        if (authCheckInProgressRef.current) {
          console.log('[Dashboard] Authentication check already in progress, skipping');
          return;
        }·
        authCheckInProgressRef.current = true;·
        /**
         * Timeout ID for authentication check timeout protection
         *·
         * Set to a 2-second timeout when the effect runs. Cleared when:
         * - Redirect succeeds (router.push or window.location.href)
         * - Authentication succeeds (valid token found)
         * - Error recovery redirect succeeds
         * - Component unmounts
         *·
         * If the timeout fires, it forces a redirect to /login to prevent
         * users from being stuck on a loading screen indefinitely.
         *·
         * Requirements: 2.4
         */
        let timeoutId: NodeJS.Timeout | null = null;·
        // Get trace ID from login flow if available
        const traceId = getTraceId();
        console.log('[Dashboard] Starting authentication check', { traceId });·
        // Set timeout protection
        timeoutId = setTimeout(() => {
          console.warn('[Dashboard] Authentication check timeout, forcing redirect', { traceId });
          if (typeof window !== 'undefined' && !redirectInitiatedRef.current) {
            redirectInitiatedRef.current = true;·········
            // Build redirect URL with return URL parameter
            let redirectUrl = '/login?returnUrl=/dashboard';
            const currentParams = new URLSearchParams(window.location.search);
            if (currentParams.toString()) {
              redirectUrl = `/login?returnUrl=${encodeURIComponent('/dashboard?' + currentParams.toString())}`;
            }·········
            console.log('[Dashboard] Timeout redirect URL', { redirectUrl, traceId });
            window.location.href = redirectUrl;
          }
        }, 2000);·
        /**
         * Authentication Check Function
         *·
         * Enhanced with AuthCoordinator integration for unified authentication state.
         * Implements redirect guard and debouncing to prevent loops.
         *·
         * Requirements: 7.1, 7.2, 7.4, 7.5, 8.4
         */
        const checkAuth = async () => {
          try {
            // Check if logout is in progress FIRST
            let logoutInProgress = false;
            try {
              logoutInProgress = logoutStateManager.isLogoutInProgress();
              console.log('[Dashboard] Logout state check result', { logoutInProgress, traceId });
            } catch (logoutCheckError) {
              console.error('[Dashboard] Error checking logout state', {
                error: logoutCheckError instanceof Error ? logoutCheckError.message : String(logoutCheckError),
                timestamp: new Date().toISOString(),
                context: 'logout state check',
                traceId,
              });
            }·········
            if (logoutInProgress) {
              try {
                if (isMountedRef.current) {
                  setIsLoggingOut(true);
                }
              } catch (stateError) {
                console.error('[Dashboard] Error setting logout state', {
                  error: stateError instanceof Error ? stateError.message : String(stateError),
                  timestamp: new Date().toISOString(),
                  context: 'setIsLoggingOut state update',
                  traceId,
                });
              }
              authCheckInProgressRef.current = false;
              return;
            }·········
            // Use AuthCoordinator for unified authentication state with JWT requirement
            console.log('[Dashboard] Getting unified auth state with JWT requirement', { traceId });
            const authState = await getAuthState({ requireJWT: true, traceId: traceId || undefined });
            console.log('[Dashboard] Auth state received', {·
              isAuthenticated: authState.isAuthenticated,
              hasJWT: authState.hasJWT,
              hasSession: authState.hasSession,
              authMethod: authState.authMethod,
              inFallbackMode: authState.inFallbackMode,
              reason: authState.reason,
              traceId,
            });·········
            if (isMountedRef.current) {
              if (!authState.isAuthenticated) {
                // Not authenticated - redirect to login with return URL
                if (!redirectInitiatedRef.current) {
                  redirectInitiatedRef.current = true;···············
                  // Build redirect URL with return URL parameter
                  // Preserve any existing query parameters from dashboard URL
                  let redirectUrl = '/login?returnUrl=/dashboard';
                  if (typeof window !== 'undefined') {
                    const currentParams = new URLSearchParams(window.location.search);
                    if (currentParams.toString()) {
                      redirectUrl = `/login?returnUrl=${encodeURIComponent('/dashboard?' + currentParams.toString())}`;
                    }
                  }···············
                  console.log('[Dashboard] Redirecting to login (not authenticated)', {·
                    traceId,
                    reason: authState.reason,
                    hasJWT: authState.hasJWT,
                    hasSession: authState.hasSession,
                    redirectUrl,
                  });···············
                  try {
                    router.push(redirectUrl);
                    if (timeoutId) clearTimeout(timeoutId);
                    console.log('[Dashboard] Redirect initiated successfully', { traceId, redirectUrl });
                  } catch (navError) {
                    console.error('[Dashboard] router.push failed, using fallback', {
                      error: navError instanceof Error ? navError.message : String(navError),
                      timestamp: new Date().toISOString(),
                      fallback: 'window.location.href',
                      traceId,
                      redirectUrl,
                    });
                    if (typeof window !== 'undefined') {
                      if (timeoutId) clearTimeout(timeoutId);
                      window.location.href = redirectUrl;
                      console.log('[Dashboard] Fallback redirect initiated successfully', { traceId, redirectUrl });
                    }
                  }
                }
              } else {
                // Authenticated - show dashboard
                if (timeoutId) clearTimeout(timeoutId);
                console.log('[Dashboard] Authentication successful', {·
                  authMethod: authState.authMethod,
                  inFallbackMode: authState.inFallbackMode,
                  traceId,
                });·············
                try {
                  setIsAuthenticated(true);
                } catch (stateError) {
                  console.error('[Dashboard] Error setting authenticated state', {
                    error: stateError instanceof Error ? stateError.message : String(stateError),
                    timestamp: new Date().toISOString(),
                    context: 'setIsAuthenticated state update',
                    traceId,
                  });
                }
              }
            }·········
            authCheckInProgressRef.current = false;
          } catch (error) {
            console.error('[Dashboard] Authentication check failed', {
              error: error instanceof Error ? error.message : String(error),
              timestamp: new Date().toISOString(),
              context: 'checkAuth function',
              traceId,
            });·········
            authCheckInProgressRef.current = false;·········
            if (isMountedRef.current) {
              let isLoggingOutNow = false;
              try {
                isLoggingOutNow = logoutStateManager.isLogoutInProgress();
              } catch (e) {
                // Ignore error, proceed with redirect
              }···········
              if (!isLoggingOutNow && !redirectInitiatedRef.current) {
                redirectInitiatedRef.current = true;·············
                // Build redirect URL with return URL parameter
                let redirectUrl = '/login?returnUrl=/dashboard';
                if (typeof window !== 'undefined') {
                  const currentParams = new URLSearchParams(window.location.search);
                  if (currentParams.toString()) {
                    redirectUrl = `/login?returnUrl=${encodeURIComponent('/dashboard?' + currentParams.toString())}`;
                  }
                }·············
                try {
                  console.log('[Dashboard] Redirecting to login (error recovery)', { traceId, redirectUrl });
                  router.push(redirectUrl);
                  if (timeoutId) clearTimeout(timeoutId);
                  console.log('[Dashboard] Error recovery redirect initiated successfully', { traceId, redirectUrl });
                } catch (navError) {
                  console.error('[Dashboard] Error recovery navigation failed, using fallback', {
                    error: navError instanceof Error ? navError.message : String(navError),
                    timestamp: new Date().toISOString(),
                    fallback: 'window.location.href',
                    traceId,
                    redirectUrl,
                  });
                  if (typeof window !== 'undefined') {
                    if (timeoutId) clearTimeout(timeoutId);
                    window.location.href = redirectUrl;
                    console.log('[Dashboard] Fallback error recovery redirect initiated successfully', { traceId, redirectUrl });
                  }
                }
              }
            }
          }
        };·
        // Wrap checkAuth call in try-catch for maximum safety
        try {
          checkAuth();
        } catch (outerError) {
          console.error('[Dashboard] Critical error in authentication flow', {
            error: outerError instanceof Error ? outerError.message : String(outerError),
            timestamp: new Date().toISOString(),
            context: 'useEffect checkAuth invocation',
            traceId,
          });·······
          authCheckInProgressRef.current = false;·······
          if (timeoutId) clearTimeout(timeoutId);
          if (typeof window !== 'undefined' && !redirectInitiatedRef.current) {
            redirectInitiatedRef.current = true;·········
            // Build redirect URL with return URL parameter
            let redirectUrl = '/login?returnUrl=/dashboard';
            const currentParams = new URLSearchParams(window.location.search);
            if (currentParams.toString()) {
              redirectUrl = `/login?returnUrl=${encodeURIComponent('/dashboard?' + currentParams.toString())}`;
            }·········
            console.log('[Dashboard] Critical error redirect URL', { redirectUrl, traceId });
            window.location.href = redirectUrl;
          }
        }·
        return () => {
          console.log('[Dashboard] Component unmounting', { traceId });
          if (timeoutId) clearTimeout(timeoutId);
          isMountedRef.current = false;
          authCheckInProgressRef.current = false;
        };
      }, [router]);·
      /**
       * Logout Transition UI
       *·
       * Displayed when LogoutStateManager indicates logout is in progress.
       * Shows a centered spinner with \"Logging out...\" message.
       *·
       * ## Visual Design
       * - White background (prevents black screen)
       * - Centered layout (min-h-screen flex)
       * - Blue spinner (matches app theme)
       * - Gray text (accessible contrast)
       *·
       * ## Purpose
       * - Provides visual feedback during logout
       * - Prevents authentication check during logout
       * - Avoids race conditions between logout and auth
       *·
       * Requirements: 6.3, 8.2, 8.5
       */
      // Show logout transition UI if logout is in progress (Task 5.3)
      // Requirements: 1.4, 8.1, 8.2, 8.3, 8.4
      if (isLoggingOut) {
        return (
          <div className=\"min-h-screen flex items-center justify-center bg-white\">
            <div className=\"text-center\">
              <div className=\"animate-spin rounded-full h-12 w-12 border-b-2 border-blue-600 mx-auto mb-4\"></div>
              <div className=\"text-gray-600\">Logging out...</div>
            </div>
          </div>
        );
      }·
      /**
       * Loading State UI
       *·
       * Displayed while authentication check is in progress (isAuthenticated === null).
       * Shows a simple \"Loading...\" message with white background.
       *·
       * ## Visual Design
       * - White background (explicit bg-white class)
       * - Centered layout (min-h-screen flex)
       * - Gray text (accessible contrast)
       * - No spinner (simpler than logout UI)
       *·
       * ## State Management
       * This UI remains visible during redirect because isAuthenticated stays null.
       * This prevents:
       * - Black screen during navigation
       * - Flash of content before redirect
       * - Error boundary activation
       *·
       * The state naturally resolves when the login page loads.
       *·
       * Requirements: 2.2, 2.3, 2.5, 8.5
       */
      // Show loading state while checking authentication
      // Task 5.2: Explicit white background to prevent black screen - Requirements 2.5, 8.5
      if (isAuthenticated === null) {
        return (
          <div className=\"min-h-screen flex items-center justify-center bg-white\">
            <div className=\"text-gray-600\">Loading...</div>
          </div>
        );
      }·
      /**
       * Authenticated Dashboard UI
       *·
       * Rendered when isAuthenticated === true, indicating the user has a valid
       * JWT token. With requireJWT: true, session-only authentication is not
       * sufficient for dashboard access, so this component only renders when
       * a valid JWT exists.
       *·
       * Requirements: 1.1, 1.4, 4.1
       */
      // Render dashboard for authenticated users (JWT required)
      return <DashboardClient />;
    }
    "

      144 |
      145 |     // Check for the comment explaining Task 5.1
    > 146 |     expect(dashboardCode).toContain('Task 5.1: Keep isAuthenticated as null during redirect');
          |                           ^
      147 |     expect(dashboardCode).toContain('This ensures the loading UI remains visible during navigation');
      148 |     expect(dashboardCode).toContain('preventing a black screen or flash of content');
      149 |   });

      at Object.toContain (src/app/dashboard/loading-state-persistence.test.tsx:146:27)

FAIL src/hooks/useLoginForm.test.tsx
  ● useLoginForm › Form Submission - Successful Authentication › should call authService.login with correct credentials

    expect(jest.fn()).toHaveBeenCalledWith(...expected)

    - Expected
    + Received

      {"email": "test@example.com", "password": "password123"},
      [Function anonymous],
    + "73e2a39e-5c0c-4e1f-bb32-337617fa21ac",

    Number of calls: 1

      127 |       });
      128 |       
    > 129 |       expect(mockLogin).toHaveBeenCalledWith(
          |                         ^
      130 |         {
      131 |           email: 'test@example.com',
      132 |           password: 'password123',

      at Object.toHaveBeenCalledWith (src/hooks/useLoginForm.test.tsx:129:25)

FAIL src/app/forms/1099-div/Form1099Div.integration.test.tsx
  ● 1099-DIV Form Submission - Complete Workflow Integration › Complete Workflow: Enter Data → Preview → Approve › should complete the full workflow from data entry to approval

    TypeError: (0 , _navigation.usePathname) is not a function

      118 | export function useForm1099Div(token: string | null): UseForm1099DivReturn {
      119 |   const router = useRouter();
    > 120 |   const pathname = usePathname();
          |                               ^
      121 |   
      122 |   // Workflow state
      123 |   const [mode, setMode] = useState<'input' | 'preview'>('input');

      at useForm1099Div (src/hooks/useForm1099Div.ts:120:31)
      at Form1099DivClient (src/app/forms/1099-div/Form1099DivClient.tsx:96:21)
      at renderWithHooks (node_modules/react-dom/cjs/react-dom.development.js:15486:18)
      at mountIndeterminateComponent (node_modules/react-dom/cjs/react-dom.development.js:20103:13)
      at beginWork (node_modules/react-dom/cjs/react-dom.development.js:21626:16)
      at beginWork$1 (node_modules/react-dom/cjs/react-dom.development.js:27465:14)
      at performUnitOfWork (node_modules/react-dom/cjs/react-dom.development.js:26599:12)
      at workLoopSync (node_modules/react-dom/cjs/react-dom.development.js:26505:5)
      at renderRootSync (node_modules/react-dom/cjs/react-dom.development.js:26473:7)
      at recoverFromConcurrentError (node_modules/react-dom/cjs/react-dom.development.js:25889:20)
      at performConcurrentWorkOnRoot (node_modules/react-dom/cjs/react-dom.development.js:25789:22)
      at flushActQueue (node_modules/react/cjs/react.development.js:2667:24)
      at act (node_modules/react/cjs/react.development.js:2582:11)
      at node_modules/@testing-library/react/dist/act-compat.js:46:25
      at renderRoot (node_modules/@testing-library/react/dist/pure.js:189:26)
      at render (node_modules/@testing-library/react/dist/pure.js:291:10)
      at Object.<anonymous> (src/app/forms/1099-div/Form1099Div.integration.test.tsx:64:13)

  ● 1099-DIV Form Submission - Complete Workflow Integration › Complete Workflow: Enter Data → Preview → Edit → Resubmit → Approve › should allow editing and resubmitting with modified data

    TypeError: (0 , _navigation.usePathname) is not a function

      118 | export function useForm1099Div(token: string | null): UseForm1099DivReturn {
      119 |   const router = useRouter();
    > 120 |   const pathname = usePathname();
          |                               ^
      121 |   
      122 |   // Workflow state
      123 |   const [mode, setMode] = useState<'input' | 'preview'>('input');

      at useForm1099Div (src/hooks/useForm1099Div.ts:120:31)
      at Form1099DivClient (src/app/forms/1099-div/Form1099DivClient.tsx:96:21)
      at renderWithHooks (node_modules/react-dom/cjs/react-dom.development.js:15486:18)
      at mountIndeterminateComponent (node_modules/react-dom/cjs/react-dom.development.js:20103:13)
      at beginWork (node_modules/react-dom/cjs/react-dom.development.js:21626:16)
      at beginWork$1 (node_modules/react-dom/cjs/react-dom.development.js:27465:14)
      at performUnitOfWork (node_modules/react-dom/cjs/react-dom.development.js:26599:12)
      at workLoopSync (node_modules/react-dom/cjs/react-dom.development.js:26505:5)
      at renderRootSync (node_modules/react-dom/cjs/react-dom.development.js:26473:7)
      at recoverFromConcurrentError (node_modules/react-dom/cjs/react-dom.development.js:25889:20)
      at performConcurrentWorkOnRoot (node_modules/react-dom/cjs/react-dom.development.js:25789:22)
      at flushActQueue (node_modules/react/cjs/react.development.js:2667:24)
      at act (node_modules/react/cjs/react.development.js:2582:11)
      at node_modules/@testing-library/react/dist/act-compat.js:46:25
      at renderRoot (node_modules/@testing-library/react/dist/pure.js:189:26)
      at render (node_modules/@testing-library/react/dist/pure.js:291:10)
      at Object.<anonymous> (src/app/forms/1099-div/Form1099Div.integration.test.tsx:145:13)

  ● 1099-DIV Form Submission - Complete Workflow Integration › Complete Workflow: Multiple Edit Cycles › should support multiple edit-preview cycles before approval

    TypeError: (0 , _navigation.usePathname) is not a function

      118 | export function useForm1099Div(token: string | null): UseForm1099DivReturn {
      119 |   const router = useRouter();
    > 120 |   const pathname = usePathname();
          |                               ^
      121 |   
      122 |   // Workflow state
      123 |   const [mode, setMode] = useState<'input' | 'preview'>('input');

      at useForm1099Div (src/hooks/useForm1099Div.ts:120:31)
      at Form1099DivClient (src/app/forms/1099-div/Form1099DivClient.tsx:96:21)
      at renderWithHooks (node_modules/react-dom/cjs/react-dom.development.js:15486:18)
      at mountIndeterminateComponent (node_modules/react-dom/cjs/react-dom.development.js:20103:13)
      at beginWork (node_modules/react-dom/cjs/react-dom.development.js:21626:16)
      at beginWork$1 (node_modules/react-dom/cjs/react-dom.development.js:27465:14)
      at performUnitOfWork (node_modules/react-dom/cjs/react-dom.development.js:26599:12)
      at workLoopSync (node_modules/react-dom/cjs/react-dom.development.js:26505:5)
      at renderRootSync (node_modules/react-dom/cjs/react-dom.development.js:26473:7)
      at recoverFromConcurrentError (node_modules/react-dom/cjs/react-dom.development.js:25889:20)
      at performConcurrentWorkOnRoot (node_modules/react-dom/cjs/react-dom.development.js:25789:22)
      at flushActQueue (node_modules/react/cjs/react.development.js:2667:24)
      at act (node_modules/react/cjs/react.development.js:2582:11)
      at node_modules/@testing-library/react/dist/act-compat.js:46:25
      at renderRoot (node_modules/@testing-library/react/dist/pure.js:189:26)
      at render (node_modules/@testing-library/react/dist/pure.js:291:10)
      at Object.<anonymous> (src/app/forms/1099-div/Form1099Div.integration.test.tsx:220:13)

  ● 1099-DIV Form Submission - Complete Workflow Integration › Complete Workflow: Optional Fields › should handle forms with optional fields filled

    TypeError: (0 , _navigation.usePathname) is not a function

      118 | export function useForm1099Div(token: string | null): UseForm1099DivReturn {
      119 |   const router = useRouter();
    > 120 |   const pathname = usePathname();
          |                               ^
      121 |   
      122 |   // Workflow state
      123 |   const [mode, setMode] = useState<'input' | 'preview'>('input');

      at useForm1099Div (src/hooks/useForm1099Div.ts:120:31)
      at Form1099DivClient (src/app/forms/1099-div/Form1099DivClient.tsx:96:21)
      at renderWithHooks (node_modules/react-dom/cjs/react-dom.development.js:15486:18)
      at mountIndeterminateComponent (node_modules/react-dom/cjs/react-dom.development.js:20103:13)
      at beginWork (node_modules/react-dom/cjs/react-dom.development.js:21626:16)
      at beginWork$1 (node_modules/react-dom/cjs/react-dom.development.js:27465:14)
      at performUnitOfWork (node_modules/react-dom/cjs/react-dom.development.js:26599:12)
      at workLoopSync (node_modules/react-dom/cjs/react-dom.development.js:26505:5)
      at renderRootSync (node_modules/react-dom/cjs/react-dom.development.js:26473:7)
      at recoverFromConcurrentError (node_modules/react-dom/cjs/react-dom.development.js:25889:20)
      at performConcurrentWorkOnRoot (node_modules/react-dom/cjs/react-dom.development.js:25789:22)
      at flushActQueue (node_modules/react/cjs/react.development.js:2667:24)
      at act (node_modules/react/cjs/react.development.js:2582:11)
      at node_modules/@testing-library/react/dist/act-compat.js:46:25
      at renderRoot (node_modules/@testing-library/react/dist/pure.js:189:26)
      at render (node_modules/@testing-library/react/dist/pure.js:291:10)
      at Object.<anonymous> (src/app/forms/1099-div/Form1099Div.integration.test.tsx:283:13)

  ● 1099-DIV Form Submission - Complete Workflow Integration › Complete Workflow: Checkbox Fields › should handle checkbox fields correctly

    TypeError: (0 , _navigation.usePathname) is not a function

      118 | export function useForm1099Div(token: string | null): UseForm1099DivReturn {
      119 |   const router = useRouter();
    > 120 |   const pathname = usePathname();
          |                               ^
      121 |   
      122 |   // Workflow state
      123 |   const [mode, setMode] = useState<'input' | 'preview'>('input');

      at useForm1099Div (src/hooks/useForm1099Div.ts:120:31)
      at Form1099DivClient (src/app/forms/1099-div/Form1099DivClient.tsx:96:21)
      at renderWithHooks (node_modules/react-dom/cjs/react-dom.development.js:15486:18)
      at mountIndeterminateComponent (node_modules/react-dom/cjs/react-dom.development.js:20103:13)
      at beginWork (node_modules/react-dom/cjs/react-dom.development.js:21626:16)
      at beginWork$1 (node_modules/react-dom/cjs/react-dom.development.js:27465:14)
      at performUnitOfWork (node_modules/react-dom/cjs/react-dom.development.js:26599:12)
      at workLoopSync (node_modules/react-dom/cjs/react-dom.development.js:26505:5)
      at renderRootSync (node_modules/react-dom/cjs/react-dom.development.js:26473:7)
      at recoverFromConcurrentError (node_modules/react-dom/cjs/react-dom.development.js:25889:20)
      at performConcurrentWorkOnRoot (node_modules/react-dom/cjs/react-dom.development.js:25789:22)
      at flushActQueue (node_modules/react/cjs/react.development.js:2667:24)
      at act (node_modules/react/cjs/react.development.js:2582:11)
      at node_modules/@testing-library/react/dist/act-compat.js:46:25
      at renderRoot (node_modules/@testing-library/react/dist/pure.js:189:26)
      at render (node_modules/@testing-library/react/dist/pure.js:291:10)
      at Object.<anonymous> (src/app/forms/1099-div/Form1099Div.integration.test.tsx:329:13)

  ● 1099-DIV Form Submission - Complete Workflow Integration › Complete Workflow: Data Persistence › should preserve all form data when editing from preview

    TypeError: (0 , _navigation.usePathname) is not a function

      118 | export function useForm1099Div(token: string | null): UseForm1099DivReturn {
      119 |   const router = useRouter();
    > 120 |   const pathname = usePathname();
          |                               ^
      121 |   
      122 |   // Workflow state
      123 |   const [mode, setMode] = useState<'input' | 'preview'>('input');

      at useForm1099Div (src/hooks/useForm1099Div.ts:120:31)
      at Form1099DivClient (src/app/forms/1099-div/Form1099DivClient.tsx:96:21)
      at renderWithHooks (node_modules/react-dom/cjs/react-dom.development.js:15486:18)
      at mountIndeterminateComponent (node_modules/react-dom/cjs/react-dom.development.js:20103:13)
      at beginWork (node_modules/react-dom/cjs/react-dom.development.js:21626:16)
      at beginWork$1 (node_modules/react-dom/cjs/react-dom.development.js:27465:14)
      at performUnitOfWork (node_modules/react-dom/cjs/react-dom.development.js:26599:12)
      at workLoopSync (node_modules/react-dom/cjs/react-dom.development.js:26505:5)
      at renderRootSync (node_modules/react-dom/cjs/react-dom.development.js:26473:7)
      at recoverFromConcurrentError (node_modules/react-dom/cjs/react-dom.development.js:25889:20)
      at performConcurrentWorkOnRoot (node_modules/react-dom/cjs/react-dom.development.js:25789:22)
      at flushActQueue (node_modules/react/cjs/react.development.js:2667:24)
      at act (node_modules/react/cjs/react.development.js:2582:11)
      at node_modules/@testing-library/react/dist/act-compat.js:46:25
      at renderRoot (node_modules/@testing-library/react/dist/pure.js:189:26)
      at render (node_modules/@testing-library/react/dist/pure.js:291:10)
      at Object.<anonymous> (src/app/forms/1099-div/Form1099Div.integration.test.tsx:393:13)

  ● 1099-DIV Form Submission - Complete Workflow Integration › Complete Workflow: Form Reset After Approval › should completely reset form after approval for new submission

    TypeError: (0 , _navigation.usePathname) is not a function

      118 | export function useForm1099Div(token: string | null): UseForm1099DivReturn {
      119 |   const router = useRouter();
    > 120 |   const pathname = usePathname();
          |                               ^
      121 |   
      122 |   // Workflow state
      123 |   const [mode, setMode] = useState<'input' | 'preview'>('input');

      at useForm1099Div (src/hooks/useForm1099Div.ts:120:31)
      at Form1099DivClient (src/app/forms/1099-div/Form1099DivClient.tsx:96:21)
      at renderWithHooks (node_modules/react-dom/cjs/react-dom.development.js:15486:18)
      at mountIndeterminateComponent (node_modules/react-dom/cjs/react-dom.development.js:20103:13)
      at beginWork (node_modules/react-dom/cjs/react-dom.development.js:21626:16)
      at beginWork$1 (node_modules/react-dom/cjs/react-dom.development.js:27465:14)
      at performUnitOfWork (node_modules/react-dom/cjs/react-dom.development.js:26599:12)
      at workLoopSync (node_modules/react-dom/cjs/react-dom.development.js:26505:5)
      at renderRootSync (node_modules/react-dom/cjs/react-dom.development.js:26473:7)
      at recoverFromConcurrentError (node_modules/react-dom/cjs/react-dom.development.js:25889:20)
      at performConcurrentWorkOnRoot (node_modules/react-dom/cjs/react-dom.development.js:25789:22)
      at flushActQueue (node_modules/react/cjs/react.development.js:2667:24)
      at act (node_modules/react/cjs/react.development.js:2582:11)
      at node_modules/@testing-library/react/dist/act-compat.js:46:25
      at renderRoot (node_modules/@testing-library/react/dist/pure.js:189:26)
      at render (node_modules/@testing-library/react/dist/pure.js:291:10)
      at Object.<anonymous> (src/app/forms/1099-div/Form1099Div.integration.test.tsx:483:13)

FAIL src/hooks/useForm1099Div.test.tsx
  ● useForm1099Div › Initial State › should initialize with input mode

    TypeError: (0 , _FormDataPreserver.hasSavedFormData) is not a function

      147 |     
      148 |     // Check if there's saved form data
    > 149 |     if (hasSavedFormData(formType)) {
          |                         ^
      150 |       console.log('[Form1099Div] Found saved form data, attempting restoration...');
      151 |       
      152 |       // Restore the form data

      at src/hooks/useForm1099Div.ts:149:25
      at commitHookEffectListMount (node_modules/react-dom/cjs/react-dom.development.js:23189:26)
      at commitPassiveMountOnFiber (node_modules/react-dom/cjs/react-dom.development.js:24970:11)
      at commitPassiveMountEffects_complete (node_modules/react-dom/cjs/react-dom.development.js:24930:9)
      at commitPassiveMountEffects_begin (node_modules/react-dom/cjs/react-dom.development.js:24917:7)
      at commitPassiveMountEffects (node_modules/react-dom/cjs/react-dom.development.js:24905:3)
      at flushPassiveEffectsImpl (node_modules/react-dom/cjs/react-dom.development.js:27078:3)
      at flushPassiveEffects (node_modules/react-dom/cjs/react-dom.development.js:27023:14)
      at node_modules/react-dom/cjs/react-dom.development.js:26808:9
      at flushActQueue (node_modules/react/cjs/react.development.js:2667:24)
      at act (node_modules/react/cjs/react.development.js:2582:11)
      at node_modules/@testing-library/react/dist/act-compat.js:46:25
      at renderRoot (node_modules/@testing-library/react/dist/pure.js:189:26)
      at render (node_modules/@testing-library/react/dist/pure.js:291:10)
      at renderHook (node_modules/@testing-library/react/dist/pure.js:339:7)
      at Object.<anonymous> (src/hooks/useForm1099Div.test.tsx:97:36)

  ● useForm1099Div › Initial State › should provide all required handlers

    TypeError: (0 , _FormDataPreserver.hasSavedFormData) is not a function

      147 |     
      148 |     // Check if there's saved form data
    > 149 |     if (hasSavedFormData(formType)) {
          |                         ^
      150 |       console.log('[Form1099Div] Found saved form data, attempting restoration...');
      151 |       
      152 |       // Restore the form data

      at src/hooks/useForm1099Div.ts:149:25
      at commitHookEffectListMount (node_modules/react-dom/cjs/react-dom.development.js:23189:26)
      at commitPassiveMountOnFiber (node_modules/react-dom/cjs/react-dom.development.js:24970:11)
      at commitPassiveMountEffects_complete (node_modules/react-dom/cjs/react-dom.development.js:24930:9)
      at commitPassiveMountEffects_begin (node_modules/react-dom/cjs/react-dom.development.js:24917:7)
      at commitPassiveMountEffects (node_modules/react-dom/cjs/react-dom.development.js:24905:3)
      at flushPassiveEffectsImpl (node_modules/react-dom/cjs/react-dom.development.js:27078:3)
      at flushPassiveEffects (node_modules/react-dom/cjs/react-dom.development.js:27023:14)
      at node_modules/react-dom/cjs/react-dom.development.js:26808:9
      at flushActQueue (node_modules/react/cjs/react.development.js:2667:24)
      at act (node_modules/react/cjs/react.development.js:2582:11)
      at node_modules/@testing-library/react/dist/act-compat.js:46:25
      at renderRoot (node_modules/@testing-library/react/dist/pure.js:189:26)
      at render (node_modules/@testing-library/react/dist/pure.js:291:10)
      at renderHook (node_modules/@testing-library/react/dist/pure.js:339:7)
      at Object.<anonymous> (src/hooks/useForm1099Div.test.tsx:107:36)

  ● useForm1099Div › handleGeneratePreview - Successful Flow › should generate document and transition to preview mode

    TypeError: (0 , _FormDataPreserver.hasSavedFormData) is not a function

      147 |     
      148 |     // Check if there's saved form data
    > 149 |     if (hasSavedFormData(formType)) {
          |                         ^
      150 |       console.log('[Form1099Div] Found saved form data, attempting restoration...');
      151 |       
      152 |       // Restore the form data

      at src/hooks/useForm1099Div.ts:149:25
      at commitHookEffectListMount (node_modules/react-dom/cjs/react-dom.development.js:23189:26)
      at commitPassiveMountOnFiber (node_modules/react-dom/cjs/react-dom.development.js:24970:11)
      at commitPassiveMountEffects_complete (node_modules/react-dom/cjs/react-dom.development.js:24930:9)
      at commitPassiveMountEffects_begin (node_modules/react-dom/cjs/react-dom.development.js:24917:7)
      at commitPassiveMountEffects (node_modules/react-dom/cjs/react-dom.development.js:24905:3)
      at flushPassiveEffectsImpl (node_modules/react-dom/cjs/react-dom.development.js:27078:3)
      at flushPassiveEffects (node_modules/react-dom/cjs/react-dom.development.js:27023:14)
      at node_modules/react-dom/cjs/react-dom.development.js:26808:9
      at flushActQueue (node_modules/react/cjs/react.development.js:2667:24)
      at act (node_modules/react/cjs/react.development.js:2582:11)
      at node_modules/@testing-library/react/dist/act-compat.js:46:25
      at renderRoot (node_modules/@testing-library/react/dist/pure.js:189:26)
      at render (node_modules/@testing-library/react/dist/pure.js:291:10)
      at renderHook (node_modules/@testing-library/react/dist/pure.js:339:7)
      at Object.<anonymous> (src/hooks/useForm1099Div.test.tsx:119:36)

  ● useForm1099Div › handleGeneratePreview - Successful Flow › should call documentService with correct parameters

    TypeError: (0 , _FormDataPreserver.hasSavedFormData) is not a function

      147 |     
      148 |     // Check if there's saved form data
    > 149 |     if (hasSavedFormData(formType)) {
          |                         ^
      150 |       console.log('[Form1099Div] Found saved form data, attempting restoration...');
      151 |       
      152 |       // Restore the form data

      at src/hooks/useForm1099Div.ts:149:25
      at commitHookEffectListMount (node_modules/react-dom/cjs/react-dom.development.js:23189:26)
      at commitPassiveMountOnFiber (node_modules/react-dom/cjs/react-dom.development.js:24970:11)
      at commitPassiveMountEffects_complete (node_modules/react-dom/cjs/react-dom.development.js:24930:9)
      at commitPassiveMountEffects_begin (node_modules/react-dom/cjs/react-dom.development.js:24917:7)
      at commitPassiveMountEffects (node_modules/react-dom/cjs/react-dom.development.js:24905:3)
      at flushPassiveEffectsImpl (node_modules/react-dom/cjs/react-dom.development.js:27078:3)
      at flushPassiveEffects (node_modules/react-dom/cjs/react-dom.development.js:27023:14)
      at node_modules/react-dom/cjs/react-dom.development.js:26808:9
      at flushActQueue (node_modules/react/cjs/react.development.js:2667:24)
      at act (node_modules/react/cjs/react.development.js:2582:11)
      at node_modules/@testing-library/react/dist/act-compat.js:46:25
      at renderRoot (node_modules/@testing-library/react/dist/pure.js:189:26)
      at render (node_modules/@testing-library/react/dist/pure.js:291:10)
      at renderHook (node_modules/@testing-library/react/dist/pure.js:339:7)
      at Object.<anonymous> (src/hooks/useForm1099Div.test.tsx:141:36)

  ● useForm1099Div › handleGeneratePreview - Successful Flow › should set isSubmitting to true during API call

    TypeError: (0 , _FormDataPreserver.hasSavedFormData) is not a function

      147 |     
      148 |     // Check if there's saved form data
    > 149 |     if (hasSavedFormData(formType)) {
          |                         ^
      150 |       console.log('[Form1099Div] Found saved form data, attempting restoration...');
      151 |       
      152 |       // Restore the form data

      at src/hooks/useForm1099Div.ts:149:25
      at commitHookEffectListMount (node_modules/react-dom/cjs/react-dom.development.js:23189:26)
      at commitPassiveMountOnFiber (node_modules/react-dom/cjs/react-dom.development.js:24970:11)
      at commitPassiveMountEffects_complete (node_modules/react-dom/cjs/react-dom.development.js:24930:9)
      at commitPassiveMountEffects_begin (node_modules/react-dom/cjs/react-dom.development.js:24917:7)
      at commitPassiveMountEffects (node_modules/react-dom/cjs/react-dom.development.js:24905:3)
      at flushPassiveEffectsImpl (node_modules/react-dom/cjs/react-dom.development.js:27078:3)
      at flushPassiveEffects (node_modules/react-dom/cjs/react-dom.development.js:27023:14)
      at node_modules/react-dom/cjs/react-dom.development.js:26808:9
      at flushActQueue (node_modules/react/cjs/react.development.js:2667:24)
      at act (node_modules/react/cjs/react.development.js:2582:11)
      at node_modules/@testing-library/react/dist/act-compat.js:46:25
      at renderRoot (node_modules/@testing-library/react/dist/pure.js:189:26)
      at render (node_modules/@testing-library/react/dist/pure.js:291:10)
      at renderHook (node_modules/@testing-library/react/dist/pure.js:339:7)
      at Object.<anonymous> (src/hooks/useForm1099Div.test.tsx:161:36)

  ● useForm1099Div › handleGeneratePreview - Successful Flow › should clear any previous errors on successful submission

    TypeError: (0 , _FormDataPreserver.hasSavedFormData) is not a function

      147 |     
      148 |     // Check if there's saved form data
    > 149 |     if (hasSavedFormData(formType)) {
          |                         ^
      150 |       console.log('[Form1099Div] Found saved form data, attempting restoration...');
      151 |       
      152 |       // Restore the form data

      at src/hooks/useForm1099Div.ts:149:25
      at commitHookEffectListMount (node_modules/react-dom/cjs/react-dom.development.js:23189:26)
      at commitPassiveMountOnFiber (node_modules/react-dom/cjs/react-dom.development.js:24970:11)
      at commitPassiveMountEffects_complete (node_modules/react-dom/cjs/react-dom.development.js:24930:9)
      at commitPassiveMountEffects_begin (node_modules/react-dom/cjs/react-dom.development.js:24917:7)
      at commitPassiveMountEffects (node_modules/react-dom/cjs/react-dom.development.js:24905:3)
      at flushPassiveEffectsImpl (node_modules/react-dom/cjs/react-dom.development.js:27078:3)
      at flushPassiveEffects (node_modules/react-dom/cjs/react-dom.development.js:27023:14)
      at node_modules/react-dom/cjs/react-dom.development.js:26808:9
      at flushActQueue (node_modules/react/cjs/react.development.js:2667:24)
      at act (node_modules/react/cjs/react.development.js:2582:11)
      at node_modules/@testing-library/react/dist/act-compat.js:46:25
      at renderRoot (node_modules/@testing-library/react/dist/pure.js:189:26)
      at render (node_modules/@testing-library/react/dist/pure.js:291:10)
      at renderHook (node_modules/@testing-library/react/dist/pure.js:339:7)
      at Object.<anonymous> (src/hooks/useForm1099Div.test.tsx:188:36)

  ● useForm1099Div › handleGeneratePreview - Authentication Errors › should validate JWT before making API call

    TypeError: (0 , _FormDataPreserver.hasSavedFormData) is not a function

      147 |     
      148 |     // Check if there's saved form data
    > 149 |     if (hasSavedFormData(formType)) {
          |                         ^
      150 |       console.log('[Form1099Div] Found saved form data, attempting restoration...');
      151 |       
      152 |       // Restore the form data

      at src/hooks/useForm1099Div.ts:149:25
      at commitHookEffectListMount (node_modules/react-dom/cjs/react-dom.development.js:23189:26)
      at commitPassiveMountOnFiber (node_modules/react-dom/cjs/react-dom.development.js:24970:11)
      at commitPassiveMountEffects_complete (node_modules/react-dom/cjs/react-dom.development.js:24930:9)
      at commitPassiveMountEffects_begin (node_modules/react-dom/cjs/react-dom.development.js:24917:7)
      at commitPassiveMountEffects (node_modules/react-dom/cjs/react-dom.development.js:24905:3)
      at flushPassiveEffectsImpl (node_modules/react-dom/cjs/react-dom.development.js:27078:3)
      at flushPassiveEffects (node_modules/react-dom/cjs/react-dom.development.js:27023:14)
      at node_modules/react-dom/cjs/react-dom.development.js:26808:9
      at flushActQueue (node_modules/react/cjs/react.development.js:2667:24)
      at act (node_modules/react/cjs/react.development.js:2582:11)
      at node_modules/@testing-library/react/dist/act-compat.js:46:25
      at renderRoot (node_modules/@testing-library/react/dist/pure.js:189:26)
      at render (node_modules/@testing-library/react/dist/pure.js:291:10)
      at renderHook (node_modules/@testing-library/react/dist/pure.js:339:7)
      at Object.<anonymous> (src/hooks/useForm1099Div.test.tsx:208:36)

  ● useForm1099Div › handleGeneratePreview - Authentication Errors › should redirect to login when JWT validation fails

    TypeError: (0 , _FormDataPreserver.hasSavedFormData) is not a function

      147 |     
      148 |     // Check if there's saved form data
    > 149 |     if (hasSavedFormData(formType)) {
          |                         ^
      150 |       console.log('[Form1099Div] Found saved form data, attempting restoration...');
      151 |       
      152 |       // Restore the form data

      at src/hooks/useForm1099Div.ts:149:25
      at commitHookEffectListMount (node_modules/react-dom/cjs/react-dom.development.js:23189:26)
      at commitPassiveMountOnFiber (node_modules/react-dom/cjs/react-dom.development.js:24970:11)
      at commitPassiveMountEffects_complete (node_modules/react-dom/cjs/react-dom.development.js:24930:9)
      at commitPassiveMountEffects_begin (node_modules/react-dom/cjs/react-dom.development.js:24917:7)
      at commitPassiveMountEffects (node_modules/react-dom/cjs/react-dom.development.js:24905:3)
      at flushPassiveEffectsImpl (node_modules/react-dom/cjs/react-dom.development.js:27078:3)
      at flushPassiveEffects (node_modules/react-dom/cjs/react-dom.development.js:27023:14)
      at node_modules/react-dom/cjs/react-dom.development.js:26808:9
      at flushActQueue (node_modules/react/cjs/react.development.js:2667:24)
      at act (node_modules/react/cjs/react.development.js:2582:11)
      at node_modules/@testing-library/react/dist/act-compat.js:46:25
      at renderRoot (node_modules/@testing-library/react/dist/pure.js:189:26)
      at render (node_modules/@testing-library/react/dist/pure.js:291:10)
      at renderHook (node_modules/@testing-library/react/dist/pure.js:339:7)
      at Object.<anonymous> (src/hooks/useForm1099Div.test.tsx:237:36)

  ● useForm1099Div › handleGeneratePreview - Authentication Errors › should log JWT validation failure

    TypeError: (0 , _FormDataPreserver.hasSavedFormData) is not a function

      147 |     
      148 |     // Check if there's saved form data
    > 149 |     if (hasSavedFormData(formType)) {
          |                         ^
      150 |       console.log('[Form1099Div] Found saved form data, attempting restoration...');
      151 |       
      152 |       // Restore the form data

      at src/hooks/useForm1099Div.ts:149:25
      at commitHookEffectListMount (node_modules/react-dom/cjs/react-dom.development.js:23189:26)
      at commitPassiveMountOnFiber (node_modules/react-dom/cjs/react-dom.development.js:24970:11)
      at commitPassiveMountEffects_complete (node_modules/react-dom/cjs/react-dom.development.js:24930:9)
      at commitPassiveMountEffects_begin (node_modules/react-dom/cjs/react-dom.development.js:24917:7)
      at commitPassiveMountEffects (node_modules/react-dom/cjs/react-dom.development.js:24905:3)
      at flushPassiveEffectsImpl (node_modules/react-dom/cjs/react-dom.development.js:27078:3)
      at flushPassiveEffects (node_modules/react-dom/cjs/react-dom.development.js:27023:14)
      at node_modules/react-dom/cjs/react-dom.development.js:26808:9
      at flushActQueue (node_modules/react/cjs/react.development.js:2667:24)
      at act (node_modules/react/cjs/react.development.js:2582:11)
      at node_modules/@testing-library/react/dist/act-compat.js:46:25
      at renderRoot (node_modules/@testing-library/react/dist/pure.js:189:26)
      at render (node_modules/@testing-library/react/dist/pure.js:291:10)
      at renderHook (node_modules/@testing-library/react/dist/pure.js:339:7)
      at Object.<anonymous> (src/hooks/useForm1099Div.test.tsx:270:36)

  ● useForm1099Div › handleGeneratePreview - Authentication Errors › should preserve form data when JWT validation fails

    TypeError: (0 , _FormDataPreserver.hasSavedFormData) is not a function

      147 |     
      148 |     // Check if there's saved form data
    > 149 |     if (hasSavedFormData(formType)) {
          |                         ^
      150 |       console.log('[Form1099Div] Found saved form data, attempting restoration...');
      151 |       
      152 |       // Restore the form data

      at src/hooks/useForm1099Div.ts:149:25
      at commitHookEffectListMount (node_modules/react-dom/cjs/react-dom.development.js:23189:26)
      at commitPassiveMountOnFiber (node_modules/react-dom/cjs/react-dom.development.js:24970:11)
      at commitPassiveMountEffects_complete (node_modules/react-dom/cjs/react-dom.development.js:24930:9)
      at commitPassiveMountEffects_begin (node_modules/react-dom/cjs/react-dom.development.js:24917:7)
      at commitPassiveMountEffects (node_modules/react-dom/cjs/react-dom.development.js:24905:3)
      at flushPassiveEffectsImpl (node_modules/react-dom/cjs/react-dom.development.js:27078:3)
      at flushPassiveEffects (node_modules/react-dom/cjs/react-dom.development.js:27023:14)
      at node_modules/react-dom/cjs/react-dom.development.js:26808:9
      at flushActQueue (node_modules/react/cjs/react.development.js:2667:24)
      at act (node_modules/react/cjs/react.development.js:2582:11)
      at node_modules/@testing-library/react/dist/act-compat.js:46:25
      at renderRoot (node_modules/@testing-library/react/dist/pure.js:189:26)
      at render (node_modules/@testing-library/react/dist/pure.js:291:10)
      at renderHook (node_modules/@testing-library/react/dist/pure.js:339:7)
      at Object.<anonymous> (src/hooks/useForm1099Div.test.tsx:300:36)

  ● useForm1099Div › handleGeneratePreview - Authentication Errors › should redirect to login when token is null

    TypeError: (0 , _FormDataPreserver.hasSavedFormData) is not a function

      147 |     
      148 |     // Check if there's saved form data
    > 149 |     if (hasSavedFormData(formType)) {
          |                         ^
      150 |       console.log('[Form1099Div] Found saved form data, attempting restoration...');
      151 |       
      152 |       // Restore the form data

      at src/hooks/useForm1099Div.ts:149:25
      at commitHookEffectListMount (node_modules/react-dom/cjs/react-dom.development.js:23189:26)
      at commitPassiveMountOnFiber (node_modules/react-dom/cjs/react-dom.development.js:24970:11)
      at commitPassiveMountEffects_complete (node_modules/react-dom/cjs/react-dom.development.js:24930:9)
      at commitPassiveMountEffects_begin (node_modules/react-dom/cjs/react-dom.development.js:24917:7)
      at commitPassiveMountEffects (node_modules/react-dom/cjs/react-dom.development.js:24905:3)
      at flushPassiveEffectsImpl (node_modules/react-dom/cjs/react-dom.development.js:27078:3)
      at flushPassiveEffects (node_modules/react-dom/cjs/react-dom.development.js:27023:14)
      at node_modules/react-dom/cjs/react-dom.development.js:26808:9
      at flushActQueue (node_modules/react/cjs/react.development.js:2667:24)
      at act (node_modules/react/cjs/react.development.js:2582:11)
      at node_modules/@testing-library/react/dist/act-compat.js:46:25
      at renderRoot (node_modules/@testing-library/react/dist/pure.js:189:26)
      at render (node_modules/@testing-library/react/dist/pure.js:291:10)
      at renderHook (node_modules/@testing-library/react/dist/pure.js:339:7)
      at Object.<anonymous> (src/hooks/useForm1099Div.test.tsx:315:36)

  ● useForm1099Div › handleGeneratePreview - Authentication Errors › should redirect to login on 401 error

    TypeError: (0 , _FormDataPreserver.hasSavedFormData) is not a function

      147 |     
      148 |     // Check if there's saved form data
    > 149 |     if (hasSavedFormData(formType)) {
          |                         ^
      150 |       console.log('[Form1099Div] Found saved form data, attempting restoration...');
      151 |       
      152 |       // Restore the form data

      at src/hooks/useForm1099Div.ts:149:25
      at commitHookEffectListMount (node_modules/react-dom/cjs/react-dom.development.js:23189:26)
      at commitPassiveMountOnFiber (node_modules/react-dom/cjs/react-dom.development.js:24970:11)
      at commitPassiveMountEffects_complete (node_modules/react-dom/cjs/react-dom.development.js:24930:9)
      at commitPassiveMountEffects_begin (node_modules/react-dom/cjs/react-dom.development.js:24917:7)
      at commitPassiveMountEffects (node_modules/react-dom/cjs/react-dom.development.js:24905:3)
      at flushPassiveEffectsImpl (node_modules/react-dom/cjs/react-dom.development.js:27078:3)
      at flushPassiveEffects (node_modules/react-dom/cjs/react-dom.development.js:27023:14)
      at node_modules/react-dom/cjs/react-dom.development.js:26808:9
      at flushActQueue (node_modules/react/cjs/react.development.js:2667:24)
      at act (node_modules/react/cjs/react.development.js:2582:11)
      at node_modules/@testing-library/react/dist/act-compat.js:46:25
      at renderRoot (node_modules/@testing-library/react/dist/pure.js:189:26)
      at render (node_modules/@testing-library/react/dist/pure.js:291:10)
      at renderHook (node_modules/@testing-library/react/dist/pure.js:339:7)
      at Object.<anonymous> (src/hooks/useForm1099Div.test.tsx:346:36)

  ● useForm1099Div › handleGeneratePreview - Authentication Errors › should redirect to login when error message contains "401"

    TypeError: (0 , _FormDataPreserver.hasSavedFormData) is not a function

      147 |     
      148 |     // Check if there's saved form data
    > 149 |     if (hasSavedFormData(formType)) {
          |                         ^
      150 |       console.log('[Form1099Div] Found saved form data, attempting restoration...');
      151 |       
      152 |       // Restore the form data

      at src/hooks/useForm1099Div.ts:149:25
      at commitHookEffectListMount (node_modules/react-dom/cjs/react-dom.development.js:23189:26)
      at commitPassiveMountOnFiber (node_modules/react-dom/cjs/react-dom.development.js:24970:11)
      at commitPassiveMountEffects_complete (node_modules/react-dom/cjs/react-dom.development.js:24930:9)
      at commitPassiveMountEffects_begin (node_modules/react-dom/cjs/react-dom.development.js:24917:7)
      at commitPassiveMountEffects (node_modules/react-dom/cjs/react-dom.development.js:24905:3)
      at flushPassiveEffectsImpl (node_modules/react-dom/cjs/react-dom.development.js:27078:3)
      at flushPassiveEffects (node_modules/react-dom/cjs/react-dom.development.js:27023:14)
      at node_modules/react-dom/cjs/react-dom.development.js:26808:9
      at flushActQueue (node_modules/react/cjs/react.development.js:2667:24)
      at act (node_modules/react/cjs/react.development.js:2582:11)
      at node_modules/@testing-library/react/dist/act-compat.js:46:25
      at renderRoot (node_modules/@testing-library/react/dist/pure.js:189:26)
      at render (node_modules/@testing-library/react/dist/pure.js:291:10)
      at renderHook (node_modules/@testing-library/react/dist/pure.js:339:7)
      at Object.<anonymous> (src/hooks/useForm1099Div.test.tsx:373:36)

  ● useForm1099Div › handleGeneratePreview - Authentication Errors › should redirect to login when error message contains "unauthorized"

    TypeError: (0 , _FormDataPreserver.hasSavedFormData) is not a function

      147 |     
      148 |     // Check if there's saved form data
    > 149 |     if (hasSavedFormData(formType)) {
          |                         ^
      150 |       console.log('[Form1099Div] Found saved form data, attempting restoration...');
      151 |       
      152 |       // Restore the form data

      at src/hooks/useForm1099Div.ts:149:25
      at commitHookEffectListMount (node_modules/react-dom/cjs/react-dom.development.js:23189:26)
      at commitPassiveMountOnFiber (node_modules/react-dom/cjs/react-dom.development.js:24970:11)
      at commitPassiveMountEffects_complete (node_modules/react-dom/cjs/react-dom.development.js:24930:9)
      at commitPassiveMountEffects_begin (node_modules/react-dom/cjs/react-dom.development.js:24917:7)
      at commitPassiveMountEffects (node_modules/react-dom/cjs/react-dom.development.js:24905:3)
      at flushPassiveEffectsImpl (node_modules/react-dom/cjs/react-dom.development.js:27078:3)
      at flushPassiveEffects (node_modules/react-dom/cjs/react-dom.development.js:27023:14)
      at node_modules/react-dom/cjs/react-dom.development.js:26808:9
      at flushActQueue (node_modules/react/cjs/react.development.js:2667:24)
      at act (node_modules/react/cjs/react.development.js:2582:11)
      at node_modules/@testing-library/react/dist/act-compat.js:46:25
      at renderRoot (node_modules/@testing-library/react/dist/pure.js:189:26)
      at render (node_modules/@testing-library/react/dist/pure.js:291:10)
      at renderHook (node_modules/@testing-library/react/dist/pure.js:339:7)
      at Object.<anonymous> (src/hooks/useForm1099Div.test.tsx:399:36)

  ● useForm1099Div › handleGeneratePreview - API Errors › should display validation error message on 400 error

    TypeError: (0 , _FormDataPreserver.hasSavedFormData) is not a function

      147 |     
      148 |     // Check if there's saved form data
    > 149 |     if (hasSavedFormData(formType)) {
          |                         ^
      150 |       console.log('[Form1099Div] Found saved form data, attempting restoration...');
      151 |       
      152 |       // Restore the form data

      at src/hooks/useForm1099Div.ts:149:25
      at commitHookEffectListMount (node_modules/react-dom/cjs/react-dom.development.js:23189:26)
      at commitPassiveMountOnFiber (node_modules/react-dom/cjs/react-dom.development.js:24970:11)
      at commitPassiveMountEffects_complete (node_modules/react-dom/cjs/react-dom.development.js:24930:9)
      at commitPassiveMountEffects_begin (node_modules/react-dom/cjs/react-dom.development.js:24917:7)
      at commitPassiveMountEffects (node_modules/react-dom/cjs/react-dom.development.js:24905:3)
      at flushPassiveEffectsImpl (node_modules/react-dom/cjs/react-dom.development.js:27078:3)
      at flushPassiveEffects (node_modules/react-dom/cjs/react-dom.development.js:27023:14)
      at node_modules/react-dom/cjs/react-dom.development.js:26808:9
      at flushActQueue (node_modules/react/cjs/react.development.js:2667:24)
      at act (node_modules/react/cjs/react.development.js:2582:11)
      at node_modules/@testing-library/react/dist/act-compat.js:46:25
      at renderRoot (node_modules/@testing-library/react/dist/pure.js:189:26)
      at render (node_modules/@testing-library/react/dist/pure.js:291:10)
      at renderHook (node_modules/@testing-library/react/dist/pure.js:339:7)
      at Object.<anonymous> (src/hooks/useForm1099Div.test.tsx:427:36)

  ● useForm1099Div › handleGeneratePreview - API Errors › should display generic message on 400 error without message

    TypeError: (0 , _FormDataPreserver.hasSavedFormData) is not a function

      147 |     
      148 |     // Check if there's saved form data
    > 149 |     if (hasSavedFormData(formType)) {
          |                         ^
      150 |       console.log('[Form1099Div] Found saved form data, attempting restoration...');
      151 |       
      152 |       // Restore the form data

      at src/hooks/useForm1099Div.ts:149:25
      at commitHookEffectListMount (node_modules/react-dom/cjs/react-dom.development.js:23189:26)
      at commitPassiveMountOnFiber (node_modules/react-dom/cjs/react-dom.development.js:24970:11)
      at commitPassiveMountEffects_complete (node_modules/react-dom/cjs/react-dom.development.js:24930:9)
      at commitPassiveMountEffects_begin (node_modules/react-dom/cjs/react-dom.development.js:24917:7)
      at commitPassiveMountEffects (node_modules/react-dom/cjs/react-dom.development.js:24905:3)
      at flushPassiveEffectsImpl (node_modules/react-dom/cjs/react-dom.development.js:27078:3)
      at flushPassiveEffects (node_modules/react-dom/cjs/react-dom.development.js:27023:14)
      at node_modules/react-dom/cjs/react-dom.development.js:26808:9
      at flushActQueue (node_modules/react/cjs/react.development.js:2667:24)
      at act (node_modules/react/cjs/react.development.js:2582:11)
      at node_modules/@testing-library/react/dist/act-compat.js:46:25
      at renderRoot (node_modules/@testing-library/react/dist/pure.js:189:26)
      at render (node_modules/@testing-library/react/dist/pure.js:291:10)
      at renderHook (node_modules/@testing-library/react/dist/pure.js:339:7)
      at Object.<anonymous> (src/hooks/useForm1099Div.test.tsx:444:36)

  ● useForm1099Div › handleGeneratePreview - API Errors › should display server error message on 500 error

    TypeError: (0 , _FormDataPreserver.hasSavedFormData) is not a function

      147 |     
      148 |     // Check if there's saved form data
    > 149 |     if (hasSavedFormData(formType)) {
          |                         ^
      150 |       console.log('[Form1099Div] Found saved form data, attempting restoration...');
      151 |       
      152 |       // Restore the form data

      at src/hooks/useForm1099Div.ts:149:25
      at commitHookEffectListMount (node_modules/react-dom/cjs/react-dom.development.js:23189:26)
      at commitPassiveMountOnFiber (node_modules/react-dom/cjs/react-dom.development.js:24970:11)
      at commitPassiveMountEffects_complete (node_modules/react-dom/cjs/react-dom.development.js:24930:9)
      at commitPassiveMountEffects_begin (node_modules/react-dom/cjs/react-dom.development.js:24917:7)
      at commitPassiveMountEffects (node_modules/react-dom/cjs/react-dom.development.js:24905:3)
      at flushPassiveEffectsImpl (node_modules/react-dom/cjs/react-dom.development.js:27078:3)
      at flushPassiveEffects (node_modules/react-dom/cjs/react-dom.development.js:27023:14)
      at node_modules/react-dom/cjs/react-dom.development.js:26808:9
      at flushActQueue (node_modules/react/cjs/react.development.js:2667:24)
      at act (node_modules/react/cjs/react.development.js:2582:11)
      at node_modules/@testing-library/react/dist/act-compat.js:46:25
      at renderRoot (node_modules/@testing-library/react/dist/pure.js:189:26)
      at render (node_modules/@testing-library/react/dist/pure.js:291:10)
      at renderHook (node_modules/@testing-library/react/dist/pure.js:339:7)
      at Object.<anonymous> (src/hooks/useForm1099Div.test.tsx:459:36)

  ● useForm1099Div › handleGeneratePreview - API Errors › should display API error message for other status codes

    TypeError: (0 , _FormDataPreserver.hasSavedFormData) is not a function

      147 |     
      148 |     // Check if there's saved form data
    > 149 |     if (hasSavedFormData(formType)) {
          |                         ^
      150 |       console.log('[Form1099Div] Found saved form data, attempting restoration...');
      151 |       
      152 |       // Restore the form data

      at src/hooks/useForm1099Div.ts:149:25
      at commitHookEffectListMount (node_modules/react-dom/cjs/react-dom.development.js:23189:26)
      at commitPassiveMountOnFiber (node_modules/react-dom/cjs/react-dom.development.js:24970:11)
      at commitPassiveMountEffects_complete (node_modules/react-dom/cjs/react-dom.development.js:24930:9)
      at commitPassiveMountEffects_begin (node_modules/react-dom/cjs/react-dom.development.js:24917:7)
      at commitPassiveMountEffects (node_modules/react-dom/cjs/react-dom.development.js:24905:3)
      at flushPassiveEffectsImpl (node_modules/react-dom/cjs/react-dom.development.js:27078:3)
      at flushPassiveEffects (node_modules/react-dom/cjs/react-dom.development.js:27023:14)
      at node_modules/react-dom/cjs/react-dom.development.js:26808:9
      at flushActQueue (node_modules/react/cjs/react.development.js:2667:24)
      at act (node_modules/react/cjs/react.development.js:2582:11)
      at node_modules/@testing-library/react/dist/act-compat.js:46:25
      at renderRoot (node_modules/@testing-library/react/dist/pure.js:189:26)
      at render (node_modules/@testing-library/react/dist/pure.js:291:10)
      at renderHook (node_modules/@testing-library/react/dist/pure.js:339:7)
      at Object.<anonymous> (src/hooks/useForm1099Div.test.tsx:476:36)

  ● useForm1099Div › handleGeneratePreview - API Errors › should display generic message for API errors without message

    TypeError: (0 , _FormDataPreserver.hasSavedFormData) is not a function

      147 |     
      148 |     // Check if there's saved form data
    > 149 |     if (hasSavedFormData(formType)) {
          |                         ^
      150 |       console.log('[Form1099Div] Found saved form data, attempting restoration...');
      151 |       
      152 |       // Restore the form data

      at src/hooks/useForm1099Div.ts:149:25
      at commitHookEffectListMount (node_modules/react-dom/cjs/react-dom.development.js:23189:26)
      at commitPassiveMountOnFiber (node_modules/react-dom/cjs/react-dom.development.js:24970:11)
      at commitPassiveMountEffects_complete (node_modules/react-dom/cjs/react-dom.development.js:24930:9)
      at commitPassiveMountEffects_begin (node_modules/react-dom/cjs/react-dom.development.js:24917:7)
      at commitPassiveMountEffects (node_modules/react-dom/cjs/react-dom.development.js:24905:3)
      at flushPassiveEffectsImpl (node_modules/react-dom/cjs/react-dom.development.js:27078:3)
      at flushPassiveEffects (node_modules/react-dom/cjs/react-dom.development.js:27023:14)
      at node_modules/react-dom/cjs/react-dom.development.js:26808:9
      at flushActQueue (node_modules/react/cjs/react.development.js:2667:24)
      at act (node_modules/react/cjs/react.development.js:2582:11)
      at node_modules/@testing-library/react/dist/act-compat.js:46:25
      at renderRoot (node_modules/@testing-library/react/dist/pure.js:189:26)
      at render (node_modules/@testing-library/react/dist/pure.js:291:10)
      at renderHook (node_modules/@testing-library/react/dist/pure.js:339:7)
      at Object.<anonymous> (src/hooks/useForm1099Div.test.tsx:491:36)

  ● useForm1099Div › handleGeneratePreview - API Errors › should handle JavaScript Error objects

    TypeError: (0 , _FormDataPreserver.hasSavedFormData) is not a function

      147 |     
      148 |     // Check if there's saved form data
    > 149 |     if (hasSavedFormData(formType)) {
          |                         ^
      150 |       console.log('[Form1099Div] Found saved form data, attempting restoration...');
      151 |       
      152 |       // Restore the form data

      at src/hooks/useForm1099Div.ts:149:25
      at commitHookEffectListMount (node_modules/react-dom/cjs/react-dom.development.js:23189:26)
      at commitPassiveMountOnFiber (node_modules/react-dom/cjs/react-dom.development.js:24970:11)
      at commitPassiveMountEffects_complete (node_modules/react-dom/cjs/react-dom.development.js:24930:9)
      at commitPassiveMountEffects_begin (node_modules/react-dom/cjs/react-dom.development.js:24917:7)
      at commitPassiveMountEffects (node_modules/react-dom/cjs/react-dom.development.js:24905:3)
      at flushPassiveEffectsImpl (node_modules/react-dom/cjs/react-dom.development.js:27078:3)
      at flushPassiveEffects (node_modules/react-dom/cjs/react-dom.development.js:27023:14)
      at node_modules/react-dom/cjs/react-dom.development.js:26808:9
      at flushActQueue (node_modules/react/cjs/react.development.js:2667:24)
      at act (node_modules/react/cjs/react.development.js:2582:11)
      at node_modules/@testing-library/react/dist/act-compat.js:46:25
      at renderRoot (node_modules/@testing-library/react/dist/pure.js:189:26)
      at render (node_modules/@testing-library/react/dist/pure.js:291:10)
      at renderHook (node_modules/@testing-library/react/dist/pure.js:339:7)
      at Object.<anonymous> (src/hooks/useForm1099Div.test.tsx:506:36)

  ● useForm1099Div › handleGeneratePreview - API Errors › should handle unknown error types

    TypeError: (0 , _FormDataPreserver.hasSavedFormData) is not a function

      147 |     
      148 |     // Check if there's saved form data
    > 149 |     if (hasSavedFormData(formType)) {
          |                         ^
      150 |       console.log('[Form1099Div] Found saved form data, attempting restoration...');
      151 |       
      152 |       // Restore the form data

      at src/hooks/useForm1099Div.ts:149:25
      at commitHookEffectListMount (node_modules/react-dom/cjs/react-dom.development.js:23189:26)
      at commitPassiveMountOnFiber (node_modules/react-dom/cjs/react-dom.development.js:24970:11)
      at commitPassiveMountEffects_complete (node_modules/react-dom/cjs/react-dom.development.js:24930:9)
      at commitPassiveMountEffects_begin (node_modules/react-dom/cjs/react-dom.development.js:24917:7)
      at commitPassiveMountEffects (node_modules/react-dom/cjs/react-dom.development.js:24905:3)
      at flushPassiveEffectsImpl (node_modules/react-dom/cjs/react-dom.development.js:27078:3)
      at flushPassiveEffects (node_modules/react-dom/cjs/react-dom.development.js:27023:14)
      at node_modules/react-dom/cjs/react-dom.development.js:26808:9
      at flushActQueue (node_modules/react/cjs/react.development.js:2667:24)
      at act (node_modules/react/cjs/react.development.js:2582:11)
      at node_modules/@testing-library/react/dist/act-compat.js:46:25
      at renderRoot (node_modules/@testing-library/react/dist/pure.js:189:26)
      at render (node_modules/@testing-library/react/dist/pure.js:291:10)
      at renderHook (node_modules/@testing-library/react/dist/pure.js:339:7)
      at Object.<anonymous> (src/hooks/useForm1099Div.test.tsx:519:36)

  ● useForm1099Div › handleGeneratePreview - API Errors › should log errors to console

    TypeError: (0 , _FormDataPreserver.hasSavedFormData) is not a function

      147 |     
      148 |     // Check if there's saved form data
    > 149 |     if (hasSavedFormData(formType)) {
          |                         ^
      150 |       console.log('[Form1099Div] Found saved form data, attempting restoration...');
      151 |       
      152 |       // Restore the form data

      at src/hooks/useForm1099Div.ts:149:25
      at commitHookEffectListMount (node_modules/react-dom/cjs/react-dom.development.js:23189:26)
      at commitPassiveMountOnFiber (node_modules/react-dom/cjs/react-dom.development.js:24970:11)
      at commitPassiveMountEffects_complete (node_modules/react-dom/cjs/react-dom.development.js:24930:9)
      at commitPassiveMountEffects_begin (node_modules/react-dom/cjs/react-dom.development.js:24917:7)
      at commitPassiveMountEffects (node_modules/react-dom/cjs/react-dom.development.js:24905:3)
      at flushPassiveEffectsImpl (node_modules/react-dom/cjs/react-dom.development.js:27078:3)
      at flushPassiveEffects (node_modules/react-dom/cjs/react-dom.development.js:27023:14)
      at node_modules/react-dom/cjs/react-dom.development.js:26808:9
      at flushActQueue (node_modules/react/cjs/react.development.js:2667:24)
      at act (node_modules/react/cjs/react.development.js:2582:11)
      at node_modules/@testing-library/react/dist/act-compat.js:46:25
      at renderRoot (node_modules/@testing-library/react/dist/pure.js:189:26)
      at render (node_modules/@testing-library/react/dist/pure.js:291:10)
      at renderHook (node_modules/@testing-library/react/dist/pure.js:339:7)
      at Object.<anonymous> (src/hooks/useForm1099Div.test.tsx:535:36)

  ● useForm1099Div › handleEdit › should return to input mode from preview

    TypeError: (0 , _FormDataPreserver.hasSavedFormData) is not a function

      147 |     
      148 |     // Check if there's saved form data
    > 149 |     if (hasSavedFormData(formType)) {
          |                         ^
      150 |       console.log('[Form1099Div] Found saved form data, attempting restoration...');
      151 |       
      152 |       // Restore the form data

      at src/hooks/useForm1099Div.ts:149:25
      at commitHookEffectListMount (node_modules/react-dom/cjs/react-dom.development.js:23189:26)
      at commitPassiveMountOnFiber (node_modules/react-dom/cjs/react-dom.development.js:24970:11)
      at commitPassiveMountEffects_complete (node_modules/react-dom/cjs/react-dom.development.js:24930:9)
      at commitPassiveMountEffects_begin (node_modules/react-dom/cjs/react-dom.development.js:24917:7)
      at commitPassiveMountEffects (node_modules/react-dom/cjs/react-dom.development.js:24905:3)
      at flushPassiveEffectsImpl (node_modules/react-dom/cjs/react-dom.development.js:27078:3)
      at flushPassiveEffects (node_modules/react-dom/cjs/react-dom.development.js:27023:14)
      at node_modules/react-dom/cjs/react-dom.development.js:26808:9
      at flushActQueue (node_modules/react/cjs/react.development.js:2667:24)
      at act (node_modules/react/cjs/react.development.js:2582:11)
      at node_modules/@testing-library/react/dist/act-compat.js:46:25
      at renderRoot (node_modules/@testing-library/react/dist/pure.js:189:26)
      at render (node_modules/@testing-library/react/dist/pure.js:291:10)
      at renderHook (node_modules/@testing-library/react/dist/pure.js:339:7)
      at Object.<anonymous> (src/hooks/useForm1099Div.test.tsx:553:36)

  ● useForm1099Div › handleEdit › should preserve form data when editing

    TypeError: (0 , _FormDataPreserver.hasSavedFormData) is not a function

      147 |     
      148 |     // Check if there's saved form data
    > 149 |     if (hasSavedFormData(formType)) {
          |                         ^
      150 |       console.log('[Form1099Div] Found saved form data, attempting restoration...');
      151 |       
      152 |       // Restore the form data

      at src/hooks/useForm1099Div.ts:149:25
      at commitHookEffectListMount (node_modules/react-dom/cjs/react-dom.development.js:23189:26)
      at commitPassiveMountOnFiber (node_modules/react-dom/cjs/react-dom.development.js:24970:11)
      at commitPassiveMountEffects_complete (node_modules/react-dom/cjs/react-dom.development.js:24930:9)
      at commitPassiveMountEffects_begin (node_modules/react-dom/cjs/react-dom.development.js:24917:7)
      at commitPassiveMountEffects (node_modules/react-dom/cjs/react-dom.development.js:24905:3)
      at flushPassiveEffectsImpl (node_modules/react-dom/cjs/react-dom.development.js:27078:3)
      at flushPassiveEffects (node_modules/react-dom/cjs/react-dom.development.js:27023:14)
      at node_modules/react-dom/cjs/react-dom.development.js:26808:9
      at flushActQueue (node_modules/react/cjs/react.development.js:2667:24)
      at act (node_modules/react/cjs/react.development.js:2582:11)
      at node_modules/@testing-library/react/dist/act-compat.js:46:25
      at renderRoot (node_modules/@testing-library/react/dist/pure.js:189:26)
      at render (node_modules/@testing-library/react/dist/pure.js:291:10)
      at renderHook (node_modules/@testing-library/react/dist/pure.js:339:7)
      at Object.<anonymous> (src/hooks/useForm1099Div.test.tsx:572:36)

  ● useForm1099Div › handleEdit › should clear any error messages when editing

    TypeError: (0 , _FormDataPreserver.hasSavedFormData) is not a function

      147 |     
      148 |     // Check if there's saved form data
    > 149 |     if (hasSavedFormData(formType)) {
          |                         ^
      150 |       console.log('[Form1099Div] Found saved form data, attempting restoration...');
      151 |       
      152 |       // Restore the form data

      at src/hooks/useForm1099Div.ts:149:25
      at commitHookEffectListMount (node_modules/react-dom/cjs/react-dom.development.js:23189:26)
      at commitPassiveMountOnFiber (node_modules/react-dom/cjs/react-dom.development.js:24970:11)
      at commitPassiveMountEffects_complete (node_modules/react-dom/cjs/react-dom.development.js:24930:9)
      at commitPassiveMountEffects_begin (node_modules/react-dom/cjs/react-dom.development.js:24917:7)
      at commitPassiveMountEffects (node_modules/react-dom/cjs/react-dom.development.js:24905:3)
      at flushPassiveEffectsImpl (node_modules/react-dom/cjs/react-dom.development.js:27078:3)
      at flushPassiveEffects (node_modules/react-dom/cjs/react-dom.development.js:27023:14)
      at node_modules/react-dom/cjs/react-dom.development.js:26808:9
      at flushActQueue (node_modules/react/cjs/react.development.js:2667:24)
      at act (node_modules/react/cjs/react.development.js:2582:11)
      at node_modules/@testing-library/react/dist/act-compat.js:46:25
      at renderRoot (node_modules/@testing-library/react/dist/pure.js:189:26)
      at render (node_modules/@testing-library/react/dist/pure.js:291:10)
      at renderHook (node_modules/@testing-library/react/dist/pure.js:339:7)
      at Object.<anonymous> (src/hooks/useForm1099Div.test.tsx:591:36)

  ● useForm1099Div › handleApprove › should clear all data and return to input mode

    TypeError: (0 , _FormDataPreserver.hasSavedFormData) is not a function

      147 |     
      148 |     // Check if there's saved form data
    > 149 |     if (hasSavedFormData(formType)) {
          |                         ^
      150 |       console.log('[Form1099Div] Found saved form data, attempting restoration...');
      151 |       
      152 |       // Restore the form data

      at src/hooks/useForm1099Div.ts:149:25
      at commitHookEffectListMount (node_modules/react-dom/cjs/react-dom.development.js:23189:26)
      at commitPassiveMountOnFiber (node_modules/react-dom/cjs/react-dom.development.js:24970:11)
      at commitPassiveMountEffects_complete (node_modules/react-dom/cjs/react-dom.development.js:24930:9)
      at commitPassiveMountEffects_begin (node_modules/react-dom/cjs/react-dom.development.js:24917:7)
      at commitPassiveMountEffects (node_modules/react-dom/cjs/react-dom.development.js:24905:3)
      at flushPassiveEffectsImpl (node_modules/react-dom/cjs/react-dom.development.js:27078:3)
      at flushPassiveEffects (node_modules/react-dom/cjs/react-dom.development.js:27023:14)
      at node_modules/react-dom/cjs/react-dom.development.js:26808:9
      at flushActQueue (node_modules/react/cjs/react.development.js:2667:24)
      at act (node_modules/react/cjs/react.development.js:2582:11)
      at node_modules/@testing-library/react/dist/act-compat.js:46:25
      at renderRoot (node_modules/@testing-library/react/dist/pure.js:189:26)
      at render (node_modules/@testing-library/react/dist/pure.js:291:10)
      at renderHook (node_modules/@testing-library/react/dist/pure.js:339:7)
      at Object.<anonymous> (src/hooks/useForm1099Div.test.tsx:611:36)

  ● useForm1099Div › handleApprove › should clear any error messages when approving

    TypeError: (0 , _FormDataPreserver.hasSavedFormData) is not a function

      147 |     
      148 |     // Check if there's saved form data
    > 149 |     if (hasSavedFormData(formType)) {
          |                         ^
      150 |       console.log('[Form1099Div] Found saved form data, attempting restoration...');
      151 |       
      152 |       // Restore the form data

      at src/hooks/useForm1099Div.ts:149:25
      at commitHookEffectListMount (node_modules/react-dom/cjs/react-dom.development.js:23189:26)
      at commitPassiveMountOnFiber (node_modules/react-dom/cjs/react-dom.development.js:24970:11)
      at commitPassiveMountEffects_complete (node_modules/react-dom/cjs/react-dom.development.js:24930:9)
      at commitPassiveMountEffects_begin (node_modules/react-dom/cjs/react-dom.development.js:24917:7)
      at commitPassiveMountEffects (node_modules/react-dom/cjs/react-dom.development.js:24905:3)
      at flushPassiveEffectsImpl (node_modules/react-dom/cjs/react-dom.development.js:27078:3)
      at flushPassiveEffects (node_modules/react-dom/cjs/react-dom.development.js:27023:14)
      at node_modules/react-dom/cjs/react-dom.development.js:26808:9
      at flushActQueue (node_modules/react/cjs/react.development.js:2667:24)
      at act (node_modules/react/cjs/react.development.js:2582:11)
      at node_modules/@testing-library/react/dist/act-compat.js:46:25
      at renderRoot (node_modules/@testing-library/react/dist/pure.js:189:26)
      at render (node_modules/@testing-library/react/dist/pure.js:291:10)
      at renderHook (node_modules/@testing-library/react/dist/pure.js:339:7)
      at Object.<anonymous> (src/hooks/useForm1099Div.test.tsx:635:36)

  ● useForm1099Div › Complete Workflow › should support edit-preview-edit-approve cycle

    TypeError: (0 , _FormDataPreserver.hasSavedFormData) is not a function

      147 |     
      148 |     // Check if there's saved form data
    > 149 |     if (hasSavedFormData(formType)) {
          |                         ^
      150 |       console.log('[Form1099Div] Found saved form data, attempting restoration...');
      151 |       
      152 |       // Restore the form data

      at src/hooks/useForm1099Div.ts:149:25
      at commitHookEffectListMount (node_modules/react-dom/cjs/react-dom.development.js:23189:26)
      at commitPassiveMountOnFiber (node_modules/react-dom/cjs/react-dom.development.js:24970:11)
      at commitPassiveMountEffects_complete (node_modules/react-dom/cjs/react-dom.development.js:24930:9)
      at commitPassiveMountEffects_begin (node_modules/react-dom/cjs/react-dom.development.js:24917:7)
      at commitPassiveMountEffects (node_modules/react-dom/cjs/react-dom.development.js:24905:3)
      at flushPassiveEffectsImpl (node_modules/react-dom/cjs/react-dom.development.js:27078:3)
      at flushPassiveEffects (node_modules/react-dom/cjs/react-dom.development.js:27023:14)
      at node_modules/react-dom/cjs/react-dom.development.js:26808:9
      at flushActQueue (node_modules/react/cjs/react.development.js:2667:24)
      at act (node_modules/react/cjs/react.development.js:2582:11)
      at node_modules/@testing-library/react/dist/act-compat.js:46:25
      at renderRoot (node_modules/@testing-library/react/dist/pure.js:189:26)
      at render (node_modules/@testing-library/react/dist/pure.js:291:10)
      at renderHook (node_modules/@testing-library/react/dist/pure.js:339:7)
      at Object.<anonymous> (src/hooks/useForm1099Div.test.tsx:655:36)

  ● useForm1099Div › Complete Workflow › should allow multiple submissions after approval

    TypeError: (0 , _FormDataPreserver.hasSavedFormData) is not a function

      147 |     
      148 |     // Check if there's saved form data
    > 149 |     if (hasSavedFormData(formType)) {
          |                         ^
      150 |       console.log('[Form1099Div] Found saved form data, attempting restoration...');
      151 |       
      152 |       // Restore the form data

      at src/hooks/useForm1099Div.ts:149:25
      at commitHookEffectListMount (node_modules/react-dom/cjs/react-dom.development.js:23189:26)
      at commitPassiveMountOnFiber (node_modules/react-dom/cjs/react-dom.development.js:24970:11)
      at commitPassiveMountEffects_complete (node_modules/react-dom/cjs/react-dom.development.js:24930:9)
      at commitPassiveMountEffects_begin (node_modules/react-dom/cjs/react-dom.development.js:24917:7)
      at commitPassiveMountEffects (node_modules/react-dom/cjs/react-dom.development.js:24905:3)
      at flushPassiveEffectsImpl (node_modules/react-dom/cjs/react-dom.development.js:27078:3)
      at flushPassiveEffects (node_modules/react-dom/cjs/react-dom.development.js:27023:14)
      at node_modules/react-dom/cjs/react-dom.development.js:26808:9
      at flushActQueue (node_modules/react/cjs/react.development.js:2667:24)
      at act (node_modules/react/cjs/react.development.js:2582:11)
      at node_modules/@testing-library/react/dist/act-compat.js:46:25
      at renderRoot (node_modules/@testing-library/react/dist/pure.js:189:26)
      at render (node_modules/@testing-library/react/dist/pure.js:291:10)
      at renderHook (node_modules/@testing-library/react/dist/pure.js:339:7)
      at Object.<anonymous> (src/hooks/useForm1099Div.test.tsx:693:36)

FAIL src/components/LoginForm.property3.test.tsx
  ● LoginForm - Property-Based Tests (Part 3) › property: submission prevents duplicate requests

    Property failed after 1 tests
    { seed: 151254300, path: "0:0:0:0:0:0:0:0:0:0:0:0:0:0:0:0:0:0:0", endOnFailure: true }
    Counterexample: [{"email":"a@a.aa","password":"        "}]
    Shrunk 18 time(s)

    Hint: Enable verbose mode in order to have the list of all failing values encountered during the run

      42 |    */
      43 |   test('property: submission prevents duplicate requests', () => {
    > 44 |     fc.assert(
         |        ^
      45 |       fc.property(
      46 |         fc.record({
      47 |           email: fc.emailAddress(),

      at buildError (node_modules/fast-check/lib/cjs/check/runner/utils/RunDetailsFormatter.js:162:19)
      at throwIfFailed (node_modules/fast-check/lib/cjs/check/runner/utils/RunDetailsFormatter.js:171:11)
      at reportRunDetails (node_modules/fast-check/lib/cjs/check/runner/utils/RunDetailsFormatter.js:184:16)
      at Object.assert (node_modules/fast-check/lib/cjs/check/runner/Runner.js:65:55)
      at Object.assert (src/components/LoginForm.property3.test.tsx:44:8)

    Cause:
    TestingLibraryElementError: Unable to find an accessible element with the role "button" and name `/signing in/i`

    Here are the accessible roles:

      textbox:

      Name "Email Address":
      [36m<input[39m
        [33maria-invalid[39m=[32m"false"[39m
        [33maria-label[39m=[32m"Email Address"[39m
        [33maria-required[39m=[32m"true"[39m
        [33mautocomplete[39m=[32m"email"[39m
        [33mclass[39m=[32m"w-full px-3 py-2 rounded-md border text-gray-900 transition-colors duration-200 placeholder:text-gray-400 focus:outline-none focus:ring-2 focus:ring-offset-2 focus-visible:outline-none focus-visible:ring-2 focus-visible:ring-offset-2 min-h-[44px] text-base md:min-h-[40px] md:text-sm border-gray-300 focus:ring-blue-500 focus:border-blue-500 focus-visible:ring-blue-500 bg-gray-100 cursor-not-allowed opacity-60"[39m
        [33mdisabled[39m=[32m""[39m
        [33mid[39m=[32m"email"[39m
        [33mname[39m=[32m"email"[39m
        [33mtype[39m=[32m"email"[39m
      [36m/>[39m

      --------------------------------------------------
      button:

      Name "Show password":
      [36m<button[39m
        [33maria-label[39m=[32m"Show password"[39m
        [33maria-pressed[39m=[32m"false"[39m
        [33mclass[39m=[32m"absolute right-2 top-1/2 -translate-y-1/2 p-2 rounded-md z-10 min-w-[44px] min-h-[44px] md:min-w-[36px] md:min-h-[36px] transition-colors duration-200 focus:outline-none focus:ring-2 focus:ring-blue-500 focus:ring-offset-2 focus-visible:outline-none focus-visible:ring-2 focus-visible:ring-blue-500 focus-visible:ring-offset-2 cursor-not-allowed opacity-60 hover:bg-transparent"[39m
        [33mdisabled[39m=[32m""[39m
        [33mtype[39m=[32m"button"[39m
      [36m/>[39m

      Name "Logging in...":
      [36m<button[39m
        [33maria-busy[39m=[32m"true"[39m
        [33mclass[39m=[32m"inline-flex items-center justify-center rounded-md font-medium transition-colors focus-visible:outline-none focus-visible:ring-2 focus-visible:ring-offset-2 disabled:pointer-events-none disabled:opacity-50 focus:outline-none focus:ring-2 focus:ring-offset-2 bg-blue-600 text-white hover:bg-blue-700 active:bg-blue-800 focus-visible:ring-blue-500 focus:ring-blue-500 h-12 px-6 text-lg w-full min-h-[44px] md:min-h-[48px]"[39m
        [33mdisabled[39m=[32m""[39m
        [33mtype[39m=[32m"submit"[39m
      [36m/>[39m

      --------------------------------------------------

    Ignored nodes: comments, script, style
    [36m<body>[39m
      [36m<div />[39m
      [36m<div />[39m
      [36m<div />[39m
      [36m<div />[39m
      [36m<div />[39m
      [36m<div />[39m
      [36m<div />[39m
      [36m<div />[39m
      [36m<div />[39m
      [36m<div />[39m
      [36m<div />[39m
      [36m<div />[39m
      [36m<div />[39m
      [36m<div />[39m
      [36m<div />[39m
      [36m<div />[39m
      [36m<div />[39m
      [36m<div />[39m
      [36m<div>[39m
        [36m<form[39m
          [33mclass[39m=[32m"space-y-6"[39m
          [33mnovalidate[39m=[32m""[39m
        [36m>[39m
          [36m<div>[39m
            [36m<label[39m
              [33mclass[39m=[32m"block text-sm font-medium text-gray-700 mb-1.5"[39m
              [33mfor[39m=[32m"email"[39m
            [36m>[39m
              [0mEmail Address[0m
            [36m</label>[39m
            [36m<input[39m
              [33maria-invalid[39m=[32m"false"[39m
              [33maria-label[39m=[32m"Email Address"[39m
              [33maria-required[39m=[32m"true"[39m
              [33mautocomplete[39m=[32m"email"[39m
              [33mclass[39m=[32m"w-full px-3 py-2 rounded-md border text-gray-900 transition-colors duration-200 placeholder:text-gray-400 focus:outline-none focus:ring-2 focus:ring-offset-2 focus-visible:outline-none focus-visible:ring-2 focus-visible:ring-offset-2 min-h-[44px] text-base md:min-h-[40px] md:text-sm border-gray-300 focus:ring-blue-500 focus:border-blue-500 focus-visible:ring-blue-500 bg-gray-100 cursor-not-allowed opacity-60"[39m
              [33mdisabled[39m=[32m""[39m
              [33mid[39m=[32m"email"[39m
              [33mname[39m=[32m"email"[39m
              [33mtype[39m=[32m"email"[39m
            [36m/>[39m
          [36m</div>[39m
          [36m<div>[39m
            [36m<label[39m
              [33mclass[39m=[32m"block text-sm font-medium text-gray-700 mb-1.5"[39m
              [33mfor[39m=[32m"password"[39m
            [36m>[39m
              [0mPassword[0m
            [36m</label>[39m
            [36m<div[39m
              [33mclass[39m=[32m"relative"[39m
            [36m>[39m
              [36m<input[39m
                [33maria-invalid[39m=[32m"false"[39m
                [33maria-label[39m=[32m"Password"[39m
                [33maria-required[39m=[32m"true"[39m
                [33mautocomplete[39m=[32m"current-password"[39m
                [33mclass[39m=[32m"w-full px-3 py-2 pr-12 rounded-md border text-gray-900 transition-colors duration-200 placeholder:text-gray-400 focus:outline-none focus:ring-2 focus:ring-offset-2 focus-visible:outline-none focus-visible:ring-2 focus-visible:ring-offset-2 min-h-[44px] text-base md:min-h-[40px] md:text-sm border-gray-300 focus:ring-blue-500 focus:border-blue-500 focus-visible:ring-blue-500 bg-gray-100 cursor-not-allowed opacity-60"[39m
                [33mdisabled[39m=[32m""[39m
                [33mid[39m=[32m"password"[39m
                [33mname[39m=[32m"password"[39m
                [33mtype[39m=[32m"password"[39m
              [36m/>[39m
              [36m<button[39m
                [33maria-label[39m=[32m"Show password"[39m
                [33maria-pressed[39m=[32m"false"[39m
                [33mclass[39m=[32m"absolute right-2 top-1/2 -translate-y-1/2 p-2 rounded-md z-10 min-w-[44px] min-h-[44px] md:min-w-[36px] md:min-h-[36px] transition-colors duration-200 focus:outline-none focus:ring-2 focus:ring-blue-500 focus:ring-offset-2 focus-visible:outline-none focus-visible:ring-2 focus-visible:ring-blue-500 focus-visible:ring-offset-2 cursor-not-allowed opacity-60 hover:bg-transparent"[39m
                [33mdisabled[39m=[32m""[39m
                [33mtype[39m=[32m"button"[39m
              [36m>[39m
                [36m<svg[39m
                  [33maria-hidden[39m=[32m"true"[39m
                  [33mclass[39m=[32m"w-5 h-5 text-gray-600"[39m
                  [33mfill[39m=[32m"none"[39m
                  [33mstroke[39m=[32m"currentColor"[39m
                  [33mstyle[39m=[32m"pointer-events: none;"[39m
                  [33mviewBox[39m=[32m"0 0 24 24"[39m
                [36m>[39m
                  [36m<path[39m
                    [33md[39m=[32m"M15 12a3 3 0 11-6 0 3 3 0 016 0z"[39m
                    [33mstroke-linecap[39m=[32m"round"[39m
                    [33mstroke-linejoin[39m=[32m"round"[39m
                    [33mstroke-width[39m=[32m"2"[39m
                    [33mstyle[39m=[32m"pointer-events: none;"[39m
                  [36m/>[39m
                  [36m<path[39m
                    [33md[39m=[32m"M2.458 12C3.732 7.943 7.523 5 12 5c4.478 0 8.268 2.943 9.542 7-1.274 4.057-5.064 7-9.542 7-4.477 0-8.268-2.943-9.542-7z"[39m
                    [33mstroke-linecap[39m=[32m"round"[39m
                    [33mstroke-linejoin[39m=[32m"round"[39m
                    [33mstroke-width[39m=[32m"2"[39m
                    [33mstyle[39m=[32m"pointer-events: none;"[39m
                  [36m/>[39m
                [36m</svg>[39m
              [36m</button>[39m
            [36m</div>[39m
          [36m</div>[39m
          [36m<button[39m
            [33maria-busy[39m=[32m"true"[39m
            [33mclass[39m=[32m"inline-flex items-center justify-center rounded-md font-medium transition-colors focus-visible:outline-none focus-visible:ring-2 focus-visible:ring-offset-2 disabled:pointer-events-none disabled:opacity-50 focus:outline-none focus:ring-2 focus:ring-offset-2 bg-blue-600 text-white hover:bg-blue-700 active:bg-blue-800 focus-visible:ring-blue-500 focus:ring-blue-500 h-12 px-6 text-lg w-full min-h-[44px] md:min-h-[48px]"[39m
            [33mdisabled[39m=[32m""[39m
            [33mtype[39m=[32m"submit"[39m
          [36m>[39m
            [36m<svg[39m
              [33maria-hidden[39m=[32m"true"[39m
              [33mclass[39m=[32m"animate-spin mr-2 w-5 h-5"[39m
              [33mfill[39m=[32m"none"[39m
              [33mviewBox[39m=[32m"0 0 24 24"[39m
            [36m>[39m
              [36m<circle[39m
                [33mclass[39m=[32m"opacity-25"[39m
                [33mcx[39m=[32m"12"[39m
                [33mcy[39m=[32m"12"[39m
                [33mr[39m=[32m"10"[39m
                [33mstroke[39m=[32m"currentColor"[39m
                [33mstroke-width[39m=[32m"4"[39m
              [36m/>[39m
              [36m<path[39m
                [33mclass[39m=[32m"opacity-75"[39m
                [33md[39m=[32m"M4 12a8 8 0 018-8V0C5.373 0 0 5.373 0 12h4zm2 5.291A7.962 7.962 0 014 12H0c0 3.042 1.135 5.824 3 7.938l3-2.647z"[39m
                [33mfill[39m=[32m"currentColor"[39m
              [36m/>[39m
            [36m</svg>[39m
            [0mLogging in...[0m
          [36m</button>[39m
        [36m</form>[39m
      [36m</div>[39m
    [36m</body>[39m

      68 |           try {
      69 |             // Property: Button must be disabled when form is submitting
    > 70 |             const submitButton = screen.getByRole('button', { name: /signing in/i });
         |                                         ^
      71 |             expect(submitButton).toBeDisabled();
      72 |
      73 |             // Property: This prevents duplicate submissions since disabled buttons can't be clicked

      at Object.getElementError (node_modules/@testing-library/dom/dist/config.js:37:19)
      at node_modules/@testing-library/dom/dist/query-helpers.js:76:38
      at node_modules/@testing-library/dom/dist/query-helpers.js:52:17
      at node_modules/@testing-library/dom/dist/query-helpers.js:95:19
      at getByRole (src/components/LoginForm.property3.test.tsx:70:41)
      at Property.predicate (node_modules/fast-check/lib/cjs/check/property/Property.js:17:92)
      at Property.run (node_modules/fast-check/lib/cjs/check/property/Property.generic.js:46:33)
      at runIt (node_modules/fast-check/lib/cjs/check/runner/Runner.js:18:30)
      at check (node_modules/fast-check/lib/cjs/check/runner/Runner.js:58:11)
      at Object.assert (node_modules/fast-check/lib/cjs/check/runner/Runner.js:61:17)
      at Object.assert (src/components/LoginForm.property3.test.tsx:44:8)

  ● LoginForm - Property-Based Tests (Part 3) › property: user input clears errors

    Property failed after 1 tests
    { seed: 1107241907, path: "0:0:0:0:0:0", endOnFailure: true }
    Counterexample: [{"field":"email","errorMessage":"     "}]
    Shrunk 5 time(s)

    Hint: Enable verbose mode in order to have the list of all failing values encountered during the run

      at buildError (node_modules/fast-check/lib/cjs/check/runner/utils/RunDetailsFormatter.js:162:19)
      at asyncThrowIfFailed (node_modules/fast-check/lib/cjs/check/runner/utils/RunDetailsFormatter.js:176:11)

    Cause:
    TypeError: Cannot read properties of undefined (reading 'state')

      91 |
      92 |       {/* Status Message Display */}
    > 93 |       {status.state !== 'idle' && (
         |               ^
      94 |         <div
      95 |           role="status"
      96 |           aria-live="polite"

      at state (src/components/LoginForm.tsx:93:15)
      at renderWithHooks (node_modules/react-dom/cjs/react-dom.development.js:15486:18)
      at mountIndeterminateComponent (node_modules/react-dom/cjs/react-dom.development.js:20103:13)
      at beginWork (node_modules/react-dom/cjs/react-dom.development.js:21626:16)
      at beginWork$1 (node_modules/react-dom/cjs/react-dom.development.js:27465:14)
      at performUnitOfWork (node_modules/react-dom/cjs/react-dom.development.js:26599:12)
      at workLoopSync (node_modules/react-dom/cjs/react-dom.development.js:26505:5)
      at renderRootSync (node_modules/react-dom/cjs/react-dom.development.js:26473:7)
      at recoverFromConcurrentError (node_modules/react-dom/cjs/react-dom.development.js:25889:20)
      at performConcurrentWorkOnRoot (node_modules/react-dom/cjs/react-dom.development.js:25789:22)
      at flushActQueue (node_modules/react/cjs/react.development.js:2667:24)
      at act (node_modules/react/cjs/react.development.js:2582:11)
      at node_modules/@testing-library/react/dist/act-compat.js:46:25
      at renderRoot (node_modules/@testing-library/react/dist/pure.js:189:26)
      at render (node_modules/@testing-library/react/dist/pure.js:291:10)
      at src/components/LoginForm.property3.test.tsx:237:37
      at AsyncProperty.predicate (node_modules/fast-check/lib/cjs/check/property/AsyncProperty.js:17:102)
      at AsyncProperty.run (node_modules/fast-check/lib/cjs/check/property/AsyncProperty.generic.js:46:39)
      at asyncRunIt (node_modules/fast-check/lib/cjs/check/runner/Runner.js:28:36)
      at Object.<anonymous> (src/components/LoginForm.property3.test.tsx:211:5)

FAIL src/components/ErrorRecovery.integration.test.tsx (7.297 s)
  ● Error Recovery Flow - Integration Tests › 6.3: Error recovery flow › Login Form Error Recovery › should display error and allow recovery when user corrects input

    Unable to find an element with the text: /invalid email or password/i. This could be because the text is broken up by multiple elements. In this case, you can provide a function for your text matcher to make your matcher more flexible.

    Ignored nodes: comments, script, style
    [36m<body>[39m
      [36m<div>[39m
        [36m<form[39m
          [33mclass[39m=[32m"space-y-6"[39m
          [33mnovalidate[39m=[32m""[39m
        [36m>[39m
          [36m<div[39m
            [33maria-live[39m=[32m"assertive"[39m
            [33mclass[39m=[32m"p-4 rounded-md bg-red-50 border border-red-200"[39m
            [33mrole[39m=[32m"alert"[39m
          [36m>[39m
            [36m<div[39m
              [33mclass[39m=[32m"flex items-start"[39m
            [36m>[39m
              [36m<svg[39m
                [33maria-hidden[39m=[32m"true"[39m
                [33mclass[39m=[32m"w-5 h-5 text-red-600 mr-3 mt-0.5 flex-shrink-0"[39m
                [33mfill[39m=[32m"currentColor"[39m
                [33mviewBox[39m=[32m"0 0 20 20"[39m
              [36m>[39m
                [36m<path[39m
                  [33mclip-rule[39m=[32m"evenodd"[39m
                  [33md[39m=[32m"M10 18a8 8 0 100-16 8 8 0 000 16zM8.707 7.293a1 1 0 00-1.414 1.414L8.586 10l-1.293 1.293a1 1 0 101.414 1.414L10 11.414l1.293 1.293a1 1 0 001.414-1.414L11.414 10l1.293-1.293a1 1 0 00-1.414-1.414L10 8.586 8.707 7.293z"[39m
                  [33mfill-rule[39m=[32m"evenodd"[39m
                [36m/>[39m
              [36m</svg>[39m
              [36m<p[39m
                [33mclass[39m=[32m"text-sm text-red-800"[39m
              [36m>[39m
                [0mUnable to connect. Please check your connection and try again[0m
              [36m</p>[39m
            [36m</div>[39m
          [36m</div>[39m
          [36m<div[39m
            [33maria-live[39m=[32m"polite"[39m
            [33mclass[39m=[32m"p-4 rounded-md border transition-all duration-200 bg-red-50 border-red-200"[39m
            [33mrole[39m=[32m"status"[39m
          [36m>[39m
            [36m<div[39m
              [33mclass[39m=[32m"flex items-start"[39m
            [36m>[39m
              [36m<svg[39m
                [33maria-hidden[39m=[32m"true"[39m
                [33mclass[39m=[32m"w-5 h-5 text-red-600 mr-3 mt-0.5 flex-shrink-0"[39m
                [33mfill[39m=[32m"currentColor"[39m
                [33mviewBox[39m=[32m"0 0 20 20"[39m
              [36m>[39m
                [36m<path[39m
                  [33mclip-rule[39m=[32m"evenodd"[39m
                  [33md[39m=[32m"M10 18a8 8 0 100-16 8 8 0 000 16zM8.707 7.293a1 1 0 00-1.414 1.414L8.586 10l-1.293 1.293a1 1 0 101.414 1.414L10 11.414l1.293 1.293a1 1 0 001.414-1.414L11.414 10l1.293-1.293a1 1 0 00-1.414-1.414L10 8.586 8.707 7.293z"[39m
                  [33mfill-rule[39m=[32m"evenodd"[39m
                [36m/>[39m
              [36m</svg>[39m
              [36m<p[39m
                [33mclass[39m=[32m"text-sm text-red-800"[39m
              [36m>[39m
                [0mUnable to connect. Please check your connection and try again[0m
              [36m</p>[39m
            [36m</div>[39m
          [36m</div>[39m
          [36m<div>[39m
            [36m<label[39m
              [33mclass[39m=[32m"block text-sm font-medium text-gray-700 mb-1.5"[39m
              [33mfor[39m=[32m"email"[39m
            [36m>[39m
              [0mEmail Address[0m
            [36m</label>[39m
            [36m<input[39m
              [33maria-invalid[39m=[32m"false"[39m
              [33maria-label[39m=[32m"Email Address"[39m
              [33maria-required[39m=[32m"true"[39m
              [33mautocomplete[39m=[32m"email"[39m
              [33mclass[39m=[32m"w-full px-3 py-2 rounded-md border text-gray-900 transition-colors duration-200 placeholder:text-gray-400 focus:outline-none focus:ring-2 focus:ring-offset-2 focus-visible:outline-none focus-visible:ring-2 focus-visible:ring-offset-2 min-h-[44px] text-base md:min-h-[40px] md:text-sm border-gray-300 focus:ring-blue-500 focus:border-blue-500 focus-visible:ring-blue-500"[39m
              [33mid[39m=[32m"email"[39m
              [33mname[39m=[32m"email"[39m
              [33mtype[39m=[32m"email"[39m
            [36m/>[39m
          [36m</div>[39m
          [36m<div>[39m
            [36m<label[39m
              [33mclass[39m=[32m"block text-sm font-medium text-gray-700 mb-1.5"[39m
              [33mfor[39m=[32m"password"[39m
            [36m>[39m
              [0mPassword[0m
            [36m</label>[39m
            [36m<div[39m
              [33mclass[39m=[32m"relative"[39m
            [36m>[39m
              [36m<input[39m
                [33maria-invalid[39m=[32m"false"[39m
                [33maria-label[39m=[32m"Password"[39m
                [33maria-required[39m=[32m"true"[39m
                [33mautocomplete[39m=[32m"current-password"[39m
                [33mclass[39m=[32m"w-full px-3 py-2 pr-12 rounded-md border text-gray-900 transition-colors duration-200 placeholder:text-gray-400 focus:outline-none focus:ring-2 focus:ring-offset-2 focus-visible:outline-none focus-visible:ring-2 focus-visible:ring-offset-2 min-h-[44px] text-base md:min-h-[40px] md:text-sm border-gray-300 focus:ring-blue-500 focus:border-blue-500 focus-visible:ring-blue-500"[39m
                [33mid[39m=[32m"password"[39m
                [33mname[39m=[32m"password"[39m
                [33mtype[39m=[32m"password"[39m
              [36m/>[39m
              [36m<button[39m
                [33maria-label[39m=[32m"Show password"[39m
                [33maria-pressed[39m=[32m"false"[39m
                [33mclass[39m=[32m"absolute right-2 top-1/2 -translate-y-1/2 p-2 rounded-md z-10 min-w-[44px] min-h-[44px] md:min-w-[36px] md:min-h-[36px] hover:bg-gray-100 transition-colors duration-200 focus:outline-none focus:ring-2 focus:ring-blue-500 focus:ring-offset-2 focus-visible:outline-none focus-visible:ring-2 focus-visible:ring-blue-500 focus-visible:ring-offset-2"[39m
                [33mtype[39m=[32m"button"[39m
              [36m>[39m
                [36m<svg[39m
                  [33maria-hidden[39m=[32m"true"[39m
                  [33mclass[39m=[32m"w-5 h-5 text-gray-600"[39m
                  [33mfill[39m=[32m"none"[39m
                  [33mstroke[39m=[32m"currentColor"[39m
                  [33mstyle[39m=[32m"pointer-events: none;"[39m
                  [33mviewBox[39m=[32m"0 0 24 24"[39m
                [36m>[39m
                  [36m<path[39m
                    [33md[39m=[32m"M15 12a3 3 0 11-6 0 3 3 0 016 0z"[39m
                    [33mstroke-linecap[39m=[32m"round"[39m
                    [33mstroke-linejoin[39m=[32m"round"[39m
                    [33mstroke-width[39m=[32m"2"[39m
                    [33mstyle[39m=[32m"pointer-events: none;"[39m
                  [36m/>[39m
                  [36m<path[39m
                    [33md[39m=[32m"M2.458 12C3.732 7.943 7.523 5 12 5c4.478 0 8.268 2.943 9.542 7-1.274 4.057-5.064 7-9.542 7-4.477 0-8.268-2.943-9.542-7z"[39m
                    [33mstroke-linecap[39m=[32m"round"[39m
                    [33mstroke-linejoin[39m=[32m"round"[39m
                    [33mstroke-width[39m=[32m"2"[39m
                    [33mstyle[39m=[32m"pointer-events: none;"[39m
                  [36m/>[39m
                [36m</svg>[39m
              [36m</button>[39m
            [36m</div>[39m
          [36m</div>[39m
          [36m<button[39m
            [33maria-busy[39m=[32m"false"[39m
            [33mclass[39m=[32m"inline-flex items-center justify-center rounded-md font-medium transition-colors focus-visible:outline-none focus-visible:ring-2 focus-visible:ring-offset-2 disabled:pointer-events-none disabled:opacity-50 focus:outline-none focus:ring-2 focus:ring-offset-2 bg-blue-600 text-white hover:bg-blue-700 active:bg-blue-800 focus-visible:ring-blue-500 focus:ring-blue-500 h-12 px-6 text-lg w-full min-h-[44px] md:min-h-[48px]"[39m
            [33mtype[39m=[32m"submit"[39m
          [36m>[39m
            [0mSign In[0m
          [36m</button>[39m
        [36m</form>[39m
      [36m</div>[39m
    [36m</body>[39m

      64 |
      65 |         // Wait for error message
    > 66 |         await waitFor(() => {
         |                      ^
      67 |           expect(screen.getByText(/invalid email or password/i)).toBeInTheDocument();
      68 |         });
      69 |

      at waitForWrapper (node_modules/@testing-library/dom/dist/wait-for.js:163:27)
      at Object.<anonymous> (src/components/ErrorRecovery.integration.test.tsx:66:22)

  ● Error Recovery Flow - Integration Tests › 6.3: Error recovery flow › Login Form Error Recovery › should recover from network errors

    Found multiple elements with the text: /unable to connect/i

    Here are the matching elements:

    Ignored nodes: comments, script, style
    [36m<p[39m
      [33mclass[39m=[32m"text-sm text-red-800"[39m
    [36m>[39m
      [0mUnable to connect. Please check your connection and try again[0m
    [36m</p>[39m

    Ignored nodes: comments, script, style
    [36m<p[39m
      [33mclass[39m=[32m"text-sm text-red-800"[39m
    [36m>[39m
      [0mUnable to connect. Please check your connection and try again[0m
    [36m</p>[39m

    (If this is intentional, then use the `*AllBy*` variant of the query (like `queryAllByText`, `getAllByText`, or `findAllByText`)).

    Ignored nodes: comments, script, style
    [36m<body>[39m
      [36m<div>[39m
        [36m<form[39m
          [33mclass[39m=[32m"space-y-6"[39m
          [33mnovalidate[39m=[32m""[39m
        [36m>[39m
          [36m<div[39m
            [33maria-live[39m=[32m"assertive"[39m
            [33mclass[39m=[32m"p-4 rounded-md bg-red-50 border border-red-200"[39m
            [33mrole[39m=[32m"alert"[39m
          [36m>[39m
            [36m<div[39m
              [33mclass[39m=[32m"flex items-start"[39m
            [36m>[39m
              [36m<svg[39m
                [33maria-hidden[39m=[32m"true"[39m
                [33mclass[39m=[32m"w-5 h-5 text-red-600 mr-3 mt-0.5 flex-shrink-0"[39m
                [33mfill[39m=[32m"currentColor"[39m
                [33mviewBox[39m=[32m"0 0 20 20"[39m
              [36m>[39m
                [36m<path[39m
                  [33mclip-rule[39m=[32m"evenodd"[39m
                  [33md[39m=[32m"M10 18a8 8 0 100-16 8 8 0 000 16zM8.707 7.293a1 1 0 00-1.414 1.414L8.586 10l-1.293 1.293a1 1 0 101.414 1.414L10 11.414l1.293 1.293a1 1 0 001.414-1.414L11.414 10l1.293-1.293a1 1 0 00-1.414-1.414L10 8.586 8.707 7.293z"[39m
                  [33mfill-rule[39m=[32m"evenodd"[39m
                [36m/>[39m
              [36m</svg>[39m
              [36m<p[39m
                [33mclass[39m=[32m"text-sm text-red-800"[39m
              [36m>[39m
                [0mUnable to connect. Please check your connection and try again[0m
              [36m</p>[39m
            [36m</div>[39m
          [36m</div>[39m
          [36m<div[39m
            [33maria-live[39m=[32m"polite"[39m
            [33mclass[39m=[32m"p-4 rounded-md border transition-all duration-200 bg-red-50 border-red-200"[39m
            [33mrole[39m=[32m"status"[39m
          [36m>[39m
            [36m<div[39m
              [33mclass[39m=[32m"flex items-start"[39m
            [36m>[39m
              [36m<svg[39m
                [33maria-hidden[39m=[32m"true"[39m
                [33mclass[39m=[32m"w-5 h-5 text-red-600 mr-3 mt-0.5 flex-shrink-0"[39m
                [33mfill[39m=[32m"currentColor"[39m
                [33mviewBox[39m=[32m"0 0 20 20"[39m
              [36m>[39m
                [36m<path[39m
                  [33mclip-rule[39m=[32m"evenodd"[39m
                  [33md[39m=[32m"M10 18a8 8 0 100-16 8 8 0 000 16zM8.707 7.293a1 1 0 00-1.414 1.414L8.586 10l-1.293 1.293a1 1 0 101.414 1.414L10 11.414l1.293 1.293a1 1 0 001.414-1.414L11.414 10l1.293-1.293a1 1 0 00-1.414-1.414L10 8.586 8.707 7.293z"[39m
                  [33mfill-rule[39m=[32m"evenodd"[39m
                [36m/>[39m
              [36m</svg>[39m
              [36m<p[39m
                [33mclass[39m=[32m"text-sm text-red-800"[39m
              [36m>[39m
                [0mUnable to connect. Please check your connection and try again[0m
              [36m</p>[39m
            [36m</div>[39m
          [36m</div>[39m
          [36m<div>[39m
            [36m<label[39m
              [33mclass[39m=[32m"block text-sm font-medium text-gray-700 mb-1.5"[39m
              [33mfor[39m=[32m"email"[39m
            [36m>[39m
              [0mEmail Address[0m
            [36m</label>[39m
            [36m<input[39m
              [33maria-invalid[39m=[32m"false"[39m
              [33maria-label[39m=[32m"Email Address"[39m
              [33maria-required[39m=[32m"true"[39m
              [33mautocomplete[39m=[32m"email"[39m
              [33mclass[39m=[32m"w-full px-3 py-2 rounded-md border text-gray-900 transition-colors duration-200 placeholder:text-gray-400 focus:outline-none focus:ring-2 focus:ring-offset-2 focus-visible:outline-none focus-visible:ring-2 focus-visible:ring-offset-2 min-h-[44px] text-base md:min-h-[40px] md:text-sm border-gray-300 focus:ring-blue-500 focus:border-blue-500 focus-visible:ring-blue-500"[39m
              [33mid[39m=[32m"email"[39m
              [33mname[39m=[32m"email"[39m
              [33mtype[39m=[32m"email"[39m
            [36m/>[39m
          [36m</div>[39m
          [36m<div>[39m
            [36m<label[39m
              [33mclass[39m=[32m"block text-sm font-medium text-gray-700 mb-1.5"[39m
              [33mfor[39m=[32m"password"[39m
            [36m>[39m
              [0mPassword[0m
            [36m</label>[39m
            [36m<div[39m
              [33mclass[39m=[32m"relative"[39m
            [36m>[39m
              [36m<input[39m
                [33maria-invalid[39m=[32m"false"[39m
                [33maria-label[39m=[32m"Password"[39m
                [33maria-required[39m=[32m"true"[39m
                [33mautocomplete[39m=[32m"current-password"[39m
                [33mclass[39m=[32m"w-full px-3 py-2 pr-12 rounded-md border text-gray-900 transition-colors duration-200 placeholder:text-gray-400 focus:outline-none focus:ring-2 focus:ring-offset-2 focus-visible:outline-none focus-visible:ring-2 focus-visible:ring-offset-2 min-h-[44px] text-base md:min-h-[40px] md:text-sm border-gray-300 focus:ring-blue-500 focus:border-blue-500 focus-visible:ring-blue-500"[39m
                [33mid[39m=[32m"password"[39m
                [33mname[39m=[32m"password"[39m
                [33mtype[39m=[32m"password"[39m
              [36m/>[39m
              [36m<button[39m
                [33maria-label[39m=[32m"Show password"[39m
                [33maria-pressed[39m=[32m"false"[39m
                [33mclass[39m=[32m"absolute right-2 top-1/2 -translate-y-1/2 p-2 rounded-md z-10 min-w-[44px] min-h-[44px] md:min-w-[36px] md:min-h-[36px] hover:bg-gray-100 transition-colors duration-200 focus:outline-none focus:ring-2 focus:ring-blue-500 focus:ring-offset-2 focus-visible:outline-none focus-visible:ring-2 focus-visible:ring-blue-500 focus-visible:ring-offset-2"[39m
                [33mtype[39m=[32m"button"[39m
              [36m>[39m
                [36m<svg[39m
                  [33maria-hidden[39m=[32m"true"[39m
                  [33mclass[39m=[32m"w-5 h-5 text-gray-600"[39m
                  [33mfill[39m=[32m"none"[39m
                  [33mstroke[39m=[32m"currentColor"[39m
                  [33mstyle[39m=[32m"pointer-events: none;"[39m
                  [33mviewBox[39m=[32m"0 0 24 24"[39m
                [36m>[39m
                  [36m<path[39m
                    [33md[39m=[32m"M15 12a3 3 0 11-6 0 3 3 0 016 0z"[39m
                    [33mstroke-linecap[39m=[32m"round"[39m
                    [33mstroke-linejoin[39m=[32m"round"[39m
                    [33mstroke-width[39m=[32m"2"[39m
                    [33mstyle[39m=[32m"pointer-events: none;"[39m
                  [36m/>[39m
                  [36m<path[39m
                    [33md[39m=[32m"M2.458 12C3.732 7.943 7.523 5 12 5c4.478 0 8.268 2.943 9.542 7-1.274 4.057-5.064 7-9.542 7-4.477 0-8.268-2.943-9.542-7z"[39m
                    [33mstroke-linecap[39m=[32m"round"[39m
                    [33mstroke-linejoin[39m=[32m"round"[39m
                    [33mstroke-width[39m=[32m"2"[39m
                    [33mstyle[39m=[32m"pointer-events: none;"[39m
                  [36m/>[39m
                [36m</svg>[39m
              [36m</button>[39m
            [36m</div>[39m
          [36m</div>[39m
          [36m<button[39m
            [33maria-busy[39m=[32m"false"[39m
            [33mclass[39m=[32m"inline-flex items-center justify-center rounded-md font-medium transition-colors focus-visible:outline-none focus-visible:ring-2 focus-visible:ring-offset-2 disabled:pointer-events-none disabled:opacity-50 focus:outline-none focus:ring-2 focus:ring-offset-2 bg-blue-600 text-white hover:bg-blue-700 active:bg-blue-800 focus-visible:ring-blue-500 focus:ring-blue-500 h-12 px-6 text-lg w-full min-h-[44px] md:min-h-[48px]"[39m
            [33mtype[39m=[32m"submit"[39m
          [36m>[39m
            [0mSign In[0m
          [36m</button>[39m
        [36m</form>[39m
      [36m</div>[39m
    [36m</body>[39m

      176 |
      177 |         // Wait for network error message
    > 178 |         await waitFor(() => {
          |                      ^
      179 |           expect(screen.getByText(/unable to connect/i)).toBeInTheDocument();
      180 |         });
      181 |

      at waitForWrapper (node_modules/@testing-library/dom/dist/wait-for.js:163:27)
      at Object.<anonymous> (src/components/ErrorRecovery.integration.test.tsx:178:22)

  ● Error Recovery Flow - Integration Tests › 6.3: Error recovery flow › Registration Form Error Recovery › should display error and allow recovery when user corrects input

    Unable to find an element with the text: /email already registered/i. This could be because the text is broken up by multiple elements. In this case, you can provide a function for your text matcher to make your matcher more flexible.

    Ignored nodes: comments, script, style
    [36m<body>[39m
      [36m<div>[39m
        [36m<form[39m
          [33maction[39m=[32m"#"[39m
          [33mclass[39m=[32m"space-y-6"[39m
          [33mdata-testid[39m=[32m"registration-form"[39m
          [33mmethod[39m=[32m"post"[39m
          [33mnovalidate[39m=[32m""[39m
        [36m>[39m
          [36m<div[39m
            [33maria-live[39m=[32m"assertive"[39m
            [33mclass[39m=[32m"p-4 rounded-md bg-red-50 border border-red-200"[39m
            [33mrole[39m=[32m"alert"[39m
          [36m>[39m
            [36m<div[39m
              [33mclass[39m=[32m"flex items-start"[39m
            [36m>[39m
              [36m<svg[39m
                [33maria-hidden[39m=[32m"true"[39m
                [33mclass[39m=[32m"w-5 h-5 text-red-600 mr-3 mt-0.5 flex-shrink-0"[39m
                [33mfill[39m=[32m"currentColor"[39m
                [33mviewBox[39m=[32m"0 0 20 20"[39m
              [36m>[39m
                [36m<path[39m
                  [33mclip-rule[39m=[32m"evenodd"[39m
                  [33md[39m=[32m"M10 18a8 8 0 100-16 8 8 0 000 16zM8.707 7.293a1 1 0 00-1.414 1.414L8.586 10l-1.293 1.293a1 1 0 101.414 1.414L10 11.414l1.293 1.293a1 1 0 001.414-1.414L11.414 10l1.293-1.293a1 1 0 00-1.414-1.414L10 8.586 8.707 7.293z"[39m
                  [33mfill-rule[39m=[32m"evenodd"[39m
                [36m/>[39m
              [36m</svg>[39m
              [36m<p[39m
                [33mclass[39m=[32m"text-sm text-red-800"[39m
              [36m>[39m
                [0mNetwork error. Please check your connection and try again.[0m
              [36m</p>[39m
            [36m</div>[39m
          [36m</div>[39m
          [36m<div[39m
            [33maria-live[39m=[32m"assertive"[39m
            [33mclass[39m=[32m"flex items-start gap-3 p-4 rounded-md border text-sm bg-red-50 border-red-200 text-red-800"[39m
            [33mrole[39m=[32m"alert"[39m
          [36m>[39m
            [36m<svg[39m
              [33maria-hidden[39m=[32m"true"[39m
              [33mclass[39m=[32m"w-5 h-5 flex-shrink-0 text-red-600"[39m
              [33mfill[39m=[32m"currentColor"[39m
              [33mviewBox[39m=[32m"0 0 20 20"[39m
            [36m>[39m
              [36m<path[39m
                [33mclip-rule[39m=[32m"evenodd"[39m
                [33md[39m=[32m"M10 18a8 8 0 100-16 8 8 0 000 16zM8.28 7.22a.75.75 0 00-1.06 1.06L8.94 10l-1.72 1.72a.75.75 0 101.06 1.06L10 11.06l1.72 1.72a.75.75 0 101.06-1.06L11.06 10l1.72-1.72a.75.75 0 00-1.06-1.06L10 8.94 8.28 7.22z"[39m
                [33mfill-rule[39m=[32m"evenodd"[39m
              [36m/>[39m
            [36m</svg>[39m
            [36m<div[39m
              [33mclass[39m=[32m"flex-1 text-sm font-medium"[39m
            [36m>[39m
              [0mNetwork error. Please check your connection and try again.[0m
            [36m</div>[39m
            [36m<button[39m
              [33maria-label[39m=[32m"Dismiss message"[39m
              [33mclass[39m=[32m"flex-shrink-0 inline-flex rounded-md p-1.5 focus:outline-none focus:ring-2 focus:ring-offset-2 transition-colors text-red-600 hover:bg-red-100 focus:ring-red-500"[39m
              [33mtype[39m=[32m"button"[39m
            [36m>[39m
              [36m<svg[39m
                [33maria-hidden[39m=[32m"true"[39m
                [33mclass[39m=[32m"w-4 h-4"[39m
                [33mfill[39m=[32m"currentColor"[39m
                [33mviewBox[39m=[32m"0 0 20 20"[39m
              [36m>[39m
                [36m<path[39m
                  [33md[39m=[32m"M6.28 5.22a.75.75 0 00-1.06 1.06L8.94 10l-3.72 3.72a.75.75 0 101.06 1.06L10 11.06l3.72 3.72a.75.75 0 101.06-1.06L11.06 10l3.72-3.72a.75.75 0 00-1.06-1.06L10 8.94 6.28 5.22z"[39m
                [36m/>[39m
              [36m</svg>[39m
            [36m</button>[39m
          [36m</div>[39m
          [36m<div>[39m
            [36m<label[39m
              [33mclass[39m=[32m"block text-sm font-medium text-gray-700 mb-1.5"[39m
              [33mfor[39m=[32m"fullName"[39m
            [36m>[39m
              [0mFull Name[0m
            [36m</label>[39m
            [36m<input[39m
              [33maria-invalid[39m=[32m"false"[39m
              [33maria-label[39m=[32m"Full Name"[39m
              [33maria-required[39m=[32m"true"[39m
              [33mautocomplete[39m=[32m"name"[39m
              [33mclass[39m=[32m"w-full px-3 py-2 rounded-md border text-gray-900 transition-colors duration-200 placeholder:text-gray-400 focus:outline-none focus:ring-2 focus:ring-offset-2 focus-visible:outline-none focus-visible:ring-2 focus-visible:ring-offset-2 min-h-[44px] text-base md:min-h-[40px] md:text-sm border-gray-300 focus:ring-blue-500 focus:border-blue-500 focus-visible:ring-blue-500"[39m
              [33mid[39m=[32m"fullName"[39m
              [33mname[39m=[32m"fullName"[39m
              [33mtype[39m=[32m"text"[39m
              [33mvalue[39m=[32m"John Doe"[39m
            [36m/>[39m
          [36m</div>[39m
          [36m<div[39m
            [33mclass[39m=[32m"w-full"[39m
          [36m>[39m
            [36m<label[39m
              [33mclass[39m=[32m"block text-sm font-medium text-gray-700 mb-1.5"[39m
              [33mfor[39m=[32m"email"[39m
            [36m>[39m
              [0mEmail Address[0m
            [36m</label>[39m
            [36m<input[39m
              [33maria-invalid[39m=[32m"false"[39m
              [33maria-label[39m=[32m"Email Address"[39m
              [33maria-required[39m=[32m"true"[39m
              [33mautocomplete[39m=[32m"email"[39m
              [33mclass[39m=[32m"w-full px-3 py-2 rounded-md border text-gray-900 transition-colors duration-200 placeholder:text-gray-400 focus:outline-none focus:ring-2 focus:ring-offset-2 focus-visible:outline-none focus-visible:ring-2 focus-visible:ring-offset-2 min-h-[44px] text-base md:min-h-[40px] md:text-sm border-gray-300 focus:ring-blue-500 focus:border-blue-500 focus-visible:ring-blue-500"[39m
              [33mid[39m=[32m"email"[39m
              [33mtype[39m=[32m"email"[39m
              [33mvalue[39m=[32m"existing@example.com"[39m
            [36m/>[39m
          [36m</div>[39m
          [36m<div>[39m
            [36m<div[39m
              [33mclass[39m=[32m"w-full"[39m
            [36m>[39m
              [36m<label[39m
                [33mclass[39m=[32m"block text-sm font-medium text-gray-700 mb-1.5"[39m
                [33mfor[39m=[32m"password"[39m
              [36m>[39m
                [0mPassword[0m
              [36m</label>[39m
              [36m<div[39m
                [33mclass[39m=[32m"relative"[39m
              [36m>[39m
                [36m<input[39m
                  [33maria-invalid[39m=[32m"false"[39m
                  [33maria-label[39m=[32m"Password"[39m
                  [33maria-required[39m=[32m"true"[39m
                  [33mautocomplete[39m=[32m"current-password"[39m
                  [33mclass[39m=[32m"w-full px-3 py-2 pr-12 rounded-md border text-gray-900 transition-colors duration-200 placeholder:text-gray-400 focus:outline-none focus:ring-2 focus:ring-offset-2 focus-visible:outline-none focus-visible:ring-2 focus-visible:ring-offset-2 min-h-[44px] text-base md:min-h-[40px] md:text-sm border-gray-300 focus:ring-...

      222 |
      223 |         // Wait for error message
    > 224 |         await waitFor(() => {
          |                      ^
      225 |           expect(screen.getByText(/email already registered/i)).toBeInTheDocument();
      226 |         });
      227 |

      at waitForWrapper (node_modules/@testing-library/dom/dist/wait-for.js:163:27)
      at Object.<anonymous> (src/components/ErrorRecovery.integration.test.tsx:224:22)

  ● Error Recovery Flow - Integration Tests › 6.3: Error recovery flow › Error Message Accessibility › should announce errors to screen readers

    expect(element).toHaveTextContent()

    Expected element to have text content:
      /invalid email or password/i
    Received:
      Unable to connect. Please check your connection and try again

    Ignored nodes: comments, script, style
    [36m<html>[39m
      [36m<head />[39m
      [36m<body>[39m
        [36m<div>[39m
          [36m<form[39m
            [33mclass[39m=[32m"space-y-6"[39m
            [33mnovalidate[39m=[32m""[39m
          [36m>[39m
            [36m<div[39m
              [33maria-live[39m=[32m"assertive"[39m
              [33mclass[39m=[32m"p-4 rounded-md bg-red-50 border border-red-200"[39m
              [33mrole[39m=[32m"alert"[39m
            [36m>[39m
              [36m<div[39m
                [33mclass[39m=[32m"flex items-start"[39m
              [36m>[39m
                [36m<svg[39m
                  [33maria-hidden[39m=[32m"true"[39m
                  [33mclass[39m=[32m"w-5 h-5 text-red-600 mr-3 mt-0.5 flex-shrink-0"[39m
                  [33mfill[39m=[32m"currentColor"[39m
                  [33mviewBox[39m=[32m"0 0 20 20"[39m
                [36m>[39m
                  [36m<path[39m
                    [33mclip-rule[39m=[32m"evenodd"[39m
                    [33md[39m=[32m"M10 18a8 8 0 100-16 8 8 0 000 16zM8.707 7.293a1 1 0 00-1.414 1.414L8.586 10l-1.293 1.293a1 1 0 101.414 1.414L10 11.414l1.293 1.293a1 1 0 001.414-1.414L11.414 10l1.293-1.293a1 1 0 00-1.414-1.414L10 8.586 8.707 7.293z"[39m
                    [33mfill-rule[39m=[32m"evenodd"[39m
                  [36m/>[39m
                [36m</svg>[39m
                [36m<p[39m
                  [33mclass[39m=[32m"text-sm text-red-800"[39m
                [36m>[39m
                  [0mUnable to connect. Please check your connection and try again[0m
                [36m</p>[39m
              [36m</div>[39m
            [36m</div>[39m
            [36m<div[39m
              [33maria-live[39m=[32m"polite"[39m
              [33mclass[39m=[32m"p-4 rounded-md border transition-all duration-200 bg-red-50 border-red-200"[39m
              [33mrole[39m=[32m"status"[39m
            [36m>[39m
              [36m<div[39m
                [33mclass[39m=[32m"flex items-start"[39m
              [36m>[39m
                [36m<svg[39m
                  [33maria-hidden[39m=[32m"true"[39m
                  [33mclass[39m=[32m"w-5 h-5 text-red-600 mr-3 mt-0.5 flex-shrink-0"[39m
                  [33mfill[39m=[32m"currentColor"[39m
                  [33mviewBox[39m=[32m"0 0 20 20"[39m
                [36m>[39m
                  [36m<path[39m
                    [33mclip-rule[39m=[32m"evenodd"[39m
                    [33md[39m=[32m"M10 18a8 8 0 100-16 8 8 0 000 16zM8.707 7.293a1 1 0 00-1.414 1.414L8.586 10l-1.293 1.293a1 1 0 101.414 1.414L10 11.414l1.293 1.293a1 1 0 001.414-1.414L11.414 10l1.293-1.293a1 1 0 00-1.414-1.414L10 8.586 8.707 7.293z"[39m
                    [33mfill-rule[39m=[32m"evenodd"[39m
                  [36m/>[39m
                [36m</svg>[39m
                [36m<p[39m
                  [33mclass[39m=[32m"text-sm text-red-800"[39m
                [36m>[39m
                  [0mUnable to connect. Please check your connection and try again[0m
                [36m</p>[39m
              [36m</div>[39m
            [36m</div>[39m
            [36m<div>[39m
              [36m<label[39m
                [33mclass[39m=[32m"block text-sm font-medium text-gray-700 mb-1.5"[39m
                [33mfor[39m=[32m"email"[39m
              [36m>[39m
                [0mEmail Address[0m
              [36m</label>[39m
              [36m<input[39m
                [33maria-invalid[39m=[32m"false"[39m
                [33maria-label[39m=[32m"Email Address"[39m
                [33maria-required[39m=[32m"true"[39m
                [33mautocomplete[39m=[32m"email"[39m
                [33mclass[39m=[32m"w-full px-3 py-2 rounded-md border text-gray-900 transition-colors duration-200 placeholder:text-gray-400 focus:outline-none focus:ring-2 focus:ring-offset-2 focus-visible:outline-none focus-visible:ring-2 focus-visible:ring-offset-2 min-h-[44px] text-base md:min-h-[40px] md:text-sm border-gray-300 focus:ring-blue-500 focus:border-blue-500 focus-visible:ring-blue-500"[39m
                [33mid[39m=[32m"email"[39m
                [33mname[39m=[32m"email"[39m
                [33mtype[39m=[32m"email"[39m
              [36m/>[39m
            [36m</div>[39m
            [36m<div>[39m
              [36m<label[39m
                [33mclass[39m=[32m"block text-sm font-medium text-gray-700 mb-1.5"[39m
                [33mfor[39m=[32m"password"[39m
              [36m>[39m
                [0mPassword[0m
              [36m</label>[39m
              [36m<div[39m
                [33mclass[39m=[32m"relative"[39m
              [36m>[39m
                [36m<input[39m
                  [33maria-invalid[39m=[32m"false"[39m
                  [33maria-label[39m=[32m"Password"[39m
                  [33maria-required[39m=[32m"true"[39m
                  [33mautocomplete[39m=[32m"current-password"[39m
                  [33mclass[39m=[32m"w-full px-3 py-2 pr-12 rounded-md border text-gray-900 transition-colors duration-200 placeholder:text-gray-400 focus:outline-none focus:ring-2 focus:ring-offset-2 focus-visible:outline-none focus-visible:ring-2 focus-visible:ring-offset-2 min-h-[44px] text-base md:min-h-[40px] md:text-sm border-gray-300 focus:ring-blue-500 focus:border-blue-500 focus-visible:ring-blue-500"[39m
                  [33mid[39m=[32m"password"[39m
                  [33mname[39m=[32m"password"[39m
                  [33mtype[39m=[32m"password"[39m
                [36m/>[39m
                [36m<button[39m
                  [33maria-label[39m=[32m"Show password"[39m
                  [33maria-pressed[39m=[32m"false"[39m
                  [33mclass[39m=[32m"absolute right-2 top-1/2 -translate-y-1/2 p-2 rounded-md z-10 min-w-[44px] min-h-[44px] md:min-w-[36px] md:min-h-[36px] hover:bg-gray-100 transition-colors duration-200 focus:outline-none focus:ring-2 focus:ring-blue-500 focus:ring-offset-2 focus-visible:outline-none focus-visible:ring-2 focus-visible:ring-blue-500 focus-visible:ring-offset-2"[39m
                  [33mtype[39m=[32m"button"[39m
                [36m>[39m
                  [36m<svg[39m
                    [33maria-hidden[39m=[32m"true"[39m
                    [33mclass[39m=[32m"w-5 h-5 text-gray-600"[39m
                    [33mfill[39m=[32m"none"[39m
                    [33mstroke[39m=[32m"currentColor"[39m
                    [33mstyle[39m=[32m"pointer-events: none;"[39m
                    [33mviewBox[39m=[32m"0 0 24 24"[39m
                  [36m>[39m
                    [36m<path[39m
                      [33md[39m=[32m"M15 12a3 3 0 11-6 0 3 3 0 016 0z"[39m
                      [33mstroke-linecap[39m=[32m"round"[39m
                      [33mstroke-linejoin[39m=[32m"round"[39m
                      [33mstroke-width[39m=[32m"2"[39m
                      [33mstyle[39m=[32m"pointer-events: none;"[39m
                    [36m/>[39m
                    [36m<path[39m
                      [33md[39m=[32m"M2.458 12C3.732 7.943 7.523 5 12 5c4.478 0 8.268 2.943 9.542 7-1.274 4.057-5.064 7-9.542 7-4.477 0-8.268-2.943-9.542-7z"[39m
                      [33mstroke-linecap[39m=[32m"round"[39m
                      [33mstroke-linejoin[39m=[32m"round"[39m
                      [33mstroke-width[39m=[32m"2"[39m
                      [33mstyle[39m=[32m"pointer-events: none;"[39m
                    [36m/>[39m
                  [36m</svg>[39m
                [36m</button>[39m
              [36m</div>[39m
            [36m</div>[39m
            [36m<button[39m
              [33maria-busy[39m=[32m"false"[39m
              [33mclass[39m=[32m"inline-flex items-center justify-center rounded-md font-medium transition-colors focus-visible:outline-none focus-visible:ring-2 focus-visible:ring-offset-2 disabled:pointer-events-none disabled:opacity-50 focus:outline-none focus:ring-2 focus:ring-offset-2 bg-blue-600 text-white hover:bg-blue-700 active:bg-blue-800 focus-visible:ring-blue-500 focus:ring-blue-500 h-12 px-6 text-lg w-full min-h-[44px] md:min-h-[48px]"[39m
              [33mtype[39m=[32m"submit"[39m
            [36m>[39m
              [0mSign In[0m
            [36m</button>[39m
          [36m</form>[39m
        [36m</div>[39m
      [36m</body>[39m
    [36m</html>[39m

      380 |           const errorAlert = screen.getByRole('alert');
      381 |           expect(errorAlert).toBeInTheDocument();
    > 382 |           expect(errorAlert).toHaveTextContent(/invalid email or password/i);
          |                              ^
      383 |           expect(errorAlert).toHaveAttribute('aria-live', 'assertive');
      384 |         });
      385 |       });

      at toHaveTextContent (src/components/ErrorRecovery.integration.test.tsx:382:30)
      at runWithExpensiveErrorDiagnosticsDisabled (node_modules/@testing-library/dom/dist/config.js:47:12)
      at checkCallback (node_modules/@testing-library/dom/dist/wait-for.js:124:77)
      at checkRealTimersCallback (node_modules/@testing-library/dom/dist/wait-for.js:118:16)
      at Timeout.task [as _onTimeout] (node_modules/jsdom/lib/jsdom/browser/Window.js:579:19)

FAIL src/app/login/viewport-state-persistence.test.tsx (7.489 s)
  ● Viewport Change Handling and Form State Persistence › Requirement 6.3: Form State Persists During Viewport Changes › should preserve form submission state during viewport changes

    Unable to find an element with the text: /invalid credentials/i. This could be because the text is broken up by multiple elements. In this case, you can provide a function for your text matcher to make your matcher more flexible.

    Ignored nodes: comments, script, style
    [36m<body>[39m
      [36m<div>[39m
        [36m<div[39m
          [33mdata-testid[39m=[32m"error-boundary"[39m
        [36m>[39m
          [36m<div[39m
            [33mclass[39m=[32m"min-h-screen flex items-center justify-center bg-gray-50 px-4 py-12 sm:px-6 lg:px-8"[39m
          [36m>[39m
            [36m<div[39m
              [33mclass[39m=[32m"w-full max-w-md"[39m
            [36m>[39m
              [36m<div[39m
                [33mclass[39m=[32m"shadow-xl"[39m
                [33mdata-testid[39m=[32m"card"[39m
                [33mdata-variant[39m=[32m"elevated"[39m
              [36m>[39m
                [36m<div[39m
                  [33mclass[39m=[32m"space-y-2 text-center pb-6"[39m
                  [33mdata-testid[39m=[32m"card-header"[39m
                [36m>[39m
                  [36m<h1[39m
                    [33mclass[39m=[32m"text-2xl font-bold text-gray-900 sm:text-3xl"[39m
                  [36m>[39m
                    [0mSign in to your account[0m
                  [36m</h1>[39m
                  [36m<p[39m
                    [33mclass[39m=[32m"text-sm text-gray-600 sm:text-base"[39m
                  [36m>[39m
                    [0mEnter your credentials to access your tax preparation dashboard[0m
                  [36m</p>[39m
                [36m</div>[39m
                [36m<div[39m
                  [33mclass[39m=[32m"pb-8"[39m
                  [33mdata-testid[39m=[32m"card-content"[39m
                [36m>[39m
                  [36m<form[39m
                    [33mclass[39m=[32m"space-y-6"[39m
                    [33mnovalidate[39m=[32m""[39m
                  [36m>[39m
                    [36m<div[39m
                      [33maria-live[39m=[32m"assertive"[39m
                      [33mclass[39m=[32m"p-4 rounded-md bg-red-50 border border-red-200"[39m
                      [33mrole[39m=[32m"alert"[39m
                    [36m>[39m
                      [36m<div[39m
                        [33mclass[39m=[32m"flex items-start"[39m
                      [36m>[39m
                        [36m<svg[39m
                          [33maria-hidden[39m=[32m"true"[39m
                          [33mclass[39m=[32m"w-5 h-5 text-red-600 mr-3 mt-0.5 flex-shrink-0"[39m
                          [33mfill[39m=[32m"currentColor"[39m
                          [33mviewBox[39m=[32m"0 0 20 20"[39m
                        [36m>[39m
                          [36m<path[39m
                            [33mclip-rule[39m=[32m"evenodd"[39m
                            [33md[39m=[32m"M10 18a8 8 0 100-16 8 8 0 000 16zM8.707 7.293a1 1 0 00-1.414 1.414L8.586 10l-1.293 1.293a1 1 0 101.414 1.414L10 11.414l1.293 1.293a1 1 0 001.414-1.414L11.414 10l1.293-1.293a1 1 0 00-1.414-1.414L10 8.586 8.707 7.293z"[39m
                            [33mfill-rule[39m=[32m"evenodd"[39m
                          [36m/>[39m
                        [36m</svg>[39m
                        [36m<p[39m
                          [33mclass[39m=[32m"text-sm text-red-800"[39m
                        [36m>[39m
                          [0mUnable to connect. Please check your internet connection.[0m
                        [36m</p>[39m
                      [36m</div>[39m
                    [36m</div>[39m
                    [36m<div[39m
                      [33maria-live[39m=[32m"polite"[39m
                      [33mclass[39m=[32m"p-4 rounded-md border transition-all duration-200 bg-red-50 border-red-200"[39m
                      [33mrole[39m=[32m"status"[39m
                    [36m>[39m
                      [36m<div[39m
                        [33mclass[39m=[32m"flex items-start"[39m
                      [36m>[39m
                        [36m<svg[39m
                          [33maria-hidden[39m=[32m"true"[39m
                          [33mclass[39m=[32m"w-5 h-5 text-red-600 mr-3 mt-0.5 flex-shrink-0"[39m
                          [33mfill[39m=[32m"currentColor"[39m
                          [33mviewBox[39m=[32m"0 0 20 20"[39m
                        [36m>[39m
                          [36m<path[39m
                            [33mclip-rule[39m=[32m"evenodd"[39m
                            [33md[39m=[32m"M10 18a8 8 0 100-16 8 8 0 000 16zM8.707 7.293a1 1 0 00-1.414 1.414L8.586 10l-1.293 1.293a1 1 0 101.414 1.414L10 11.414l1.293 1.293a1 1 0 001.414-1.414L11.414 10l1.293-1.293a1 1 0 00-1.414-1.414L10 8.586 8.707 7.293z"[39m
                            [33mfill-rule[39m=[32m"evenodd"[39m
                          [36m/>[39m
                        [36m</svg>[39m
                        [36m<p[39m
                          [33mclass[39m=[32m"text-sm text-red-800"[39m
                        [36m>[39m
                          [0mUnable to connect. Please check your internet connection.[0m
                        [36m</p>[39m
                      [36m</div>[39m
                    [36m</div>[39m
                    [36m<div>[39m
                      [36m<label[39m
                        [33mclass[39m=[32m"block text-sm font-medium text-gray-700 mb-1.5"[39m
                        [33mfor[39m=[32m"email"[39m
                      [36m>[39m
                        [0mEmail Address[0m
                      [36m</label>[39m
                      [36m<input[39m
                        [33maria-invalid[39m=[32m"false"[39m
                        [33maria-label[39m=[32m"Email Address"[39m
                        [33maria-required[39m=[32m"true"[39m
                        [33mautocomplete[39m=[32m"email"[39m
                        [33mclass[39m=[32m"w-full px-3 py-2 rounded-md border text-gray-900 transition-colors duration-200 placeholder:text-gray-400 focus:outline-none focus:ring-2 focus:ring-offset-2 focus-visible:outline-none focus-visible:ring-2 focus-visible:ring-offset-2 min-h-[44px] text-base md:min-h-[40px] md:text-sm border-gray-300 focus:ring-blue-500 focus:border-blue-500 focus-visible:ring-blue-500"[39m
                        [33mid[39m=[32m"email"[39m
                        [33mname[39m=[32m"email"[39m
                        [33mtype[39m=[32m"email"[39m
                      [36m/>[39m
                    [36m</div>[39m
                    [36m<div>[39m
                      [36m<label[39m
                        [33mclass[39m=[32m"block text-sm font-medium text-gray-700 mb-1.5"[39m
                        [33mfor[39m=[32m"password"[39m
                      [36m>[39m
                        [0mPassword[0m
                      [36m</label>[39m
                      [36m<div[39m
                        [33mclass[39m=[32m"relative"[39m
                      [36m>[39m
                        [36m<input[39m
                          [33maria-invalid[39m=[32m"false"[39m
                          [33maria-label[39m=[32m"Password"[39m
                          [33maria-required[39m=[32m"true"[39m
                          [33mautocomplete[39m=[32m"current-password"[39m
                          [33mclass[39m=[32m"w-full px-3 py-2 pr-12 rounded-md border text-gray-900 transition-colors duration-200 placeholder:text-gray-400 focus:outline-none focus:ring-2 focus:ring-offset-2 focus-visible:outline-none focus-visible:ring-2 focus-visible:ring-offset-2 min-h-[44px] text-base md:min-h-[40px] md:text-sm border-gray-300 focus:ring-blue-500 focus:border-blue-500 focus-visible:ring-blue-500"[39m
                          [33mid[39m=[32m"password"[39m
                          [33mname[39m=[32m"password"[39m
                          [33mtype[39m=[32m"password"[39m
                        [36m/>[39m
                        [36m<button[39m
                          [33maria-label[39m=[32m"Show password"[39m
                          [33maria-pressed[39m=[32m"false"[39m
                          [33mclass[39m=[32m"absolute right-2 top-1/2 -translate-y-1/2 p-2 rounded-md z-10 min-w-[44px] min-h-[44px] md:min-w-[36px] md:min-h-[36px] hover:bg-gray-100 transition-colors duration-200 focus:outline-none focus:ring-2 focus:ring-blue-500 focus:ring-offset-2 focus-visible:outline-none focus-visible:ring-2 focus-visible:ring-blue-500 focus-visible:ring-offset-2"[39m
                          [33mtype[39m=[32m"button"[39m
                        [36m>[39m
                          [36m<svg[39m
                            [33maria-hidden[39m=[32m"true"[39m
                            [33mclass[39m=[32m"w-5 h-5 text-gray-600"[39m
                            [33mfill[39m=[32m"none"[39m
                            [33mstroke[39m=[32m"currentColor"[39m
                            [33mstyle[39m=[32m"pointer-events: none;"[39m
                            [33mviewBox[39m=[32m"0 0 24 24"[39m
                          [36m>[39m
                            [36m<path[39m
                              [33md[39m=[32m"M15 12a3 3 0 11-6 0 3 3 0 016 0z"[39m
                              [33mstroke-linecap[39m=[32m"round"[39m
                              [33mstroke-linejoin[39m=[32m"round"[39m
                              [33mstroke-width[39m=[32m"2"[39m
                              [33mstyle[39m=[32m"pointer-events: none;"[39m
                            [36m/>[39m
                            [36m<path[39m
                              [33md[39m=[32m"M2.458 12C3.732 7.943 7.523 5 12 5c4.478 0 8.268 2.943 9.542 7-1.274 4.057-5.064 7-9.542 7-4.477 0-8.268-2.943-9.542-7z"[39m
                              [33mstroke-linecap[39m=[32m"round"[39m
                              [33mstroke-linejoin[39m=[32m"round"[39m
                              [33mstroke-width[39m=[32m"2"[39m
                              [33mstyle[39m=[32m"pointer-events: none;"[39m
                            [36m/>[39m
                          [36m</svg>[39m
                        [36m</button>[39m
                      [36m</div>[39m
                    [36m</div>[39m
                    [36m<button[39m
                      [33maria-busy[39m=[32m"false"[39m
                      [33mclass[39m=[32m"inline-flex items-center justify-center rounded-md font-medium transition-colors focus-visible:outline-none focus-visible:ring-2 focus-visible:ring-offset-2 disabled:pointer-events-none disabled:opacity-50 focus:outline-none focus:ring-2 focus:ring-offset-2 bg-blue-600 text-white hover:bg-blue-700 active:bg-blue-800 focus-visible:ring-blue-500 focus:ring-blue-500 h-12 px-6 text-lg w-full min-h-[44px] md:min-h-[48px]"[39m
                      [33mtype[39m=[32m"submit"[39m
                    [36m>[39m
                      [0mSign In[0m
                    [36m</button>[39m
                  [36m</form>[39m
                [36m</div>[39m
              [36m</div>[39m
              [36m<div[39m
                [33mclass[39m=[32m"mt-6 text-center"[39m
              [36m>[39m
                [36m<p[39m
                  [33mclass[39m=[32m"text-sm text-gray-600"[39m
                [36m>[39m
                  [0mDon't have an account?[0m
                  [0m [0m
                  [36m<a[39m
                    [33mclass[39m=[32m"font-medium text-blue-600 hover:text-blue-500 focus:outline-none focus:underline transition-colors"[39m
                    [33mhref[39m=[32m"/signup"[39m
                  [36m>[39m
                    [0mSign up[0m
                  [36m</a>[39m
                [36m</p>[39m
              [36m</div>[39m
            [36m</div>[39m
          [36m</div>[39m
        [36m</div>[39m
      [36m</div>[39m
    [36m</body>[39m

      282 |
      283 |       // Wait for submission to complete
    > 284 |       await waitFor(
          |                    ^
      285 |         () => {
      286 |           expect(screen.getByText(/invalid credentials/i)).toBeInTheDocument();
      287 |         },

      at waitForWrapper (node_modules/@testing-library/dom/dist/wait-for.js:163:27)
      at Object.<anonymous> (src/app/login/viewport-state-persistence.test.tsx:284:20)

  ● Viewport Change Handling and Form State Persistence › Requirement 6.3: Form State Persists During Viewport Changes › should preserve authentication error messages during viewport changes

    Unable to find an element with the text: /invalid email or password/i. This could be because the text is broken up by multiple elements. In this case, you can provide a function for your text matcher to make your matcher more flexible.

    Ignored nodes: comments, script, style
    [36m<body>[39m
      [36m<div>[39m
        [36m<div[39m
          [33mdata-testid[39m=[32m"error-boundary"[39m
        [36m>[39m
          [36m<div[39m
            [33mclass[39m=[32m"min-h-screen flex items-center justify-center bg-gray-50 px-4 py-12 sm:px-6 lg:px-8"[39m
          [36m>[39m
            [36m<div[39m
              [33mclass[39m=[32m"w-full max-w-md"[39m
            [36m>[39m
              [36m<div[39m
                [33mclass[39m=[32m"shadow-xl"[39m
                [33mdata-testid[39m=[32m"card"[39m
                [33mdata-variant[39m=[32m"elevated"[39m
              [36m>[39m
                [36m<div[39m
                  [33mclass[39m=[32m"space-y-2 text-center pb-6"[39m
                  [33mdata-testid[39m=[32m"card-header"[39m
                [36m>[39m
                  [36m<h1[39m
                    [33mclass[39m=[32m"text-2xl font-bold text-gray-900 sm:text-3xl"[39m
                  [36m>[39m
                    [0mSign in to your account[0m
                  [36m</h1>[39m
                  [36m<p[39m
                    [33mclass[39m=[32m"text-sm text-gray-600 sm:text-base"[39m
                  [36m>[39m
                    [0mEnter your credentials to access your tax preparation dashboard[0m
                  [36m</p>[39m
                [36m</div>[39m
                [36m<div[39m
                  [33mclass[39m=[32m"pb-8"[39m
                  [33mdata-testid[39m=[32m"card-content"[39m
                [36m>[39m
                  [36m<form[39m
                    [33mclass[39m=[32m"space-y-6"[39m
                    [33mnovalidate[39m=[32m""[39m
                  [36m>[39m
                    [36m<div[39m
                      [33maria-live[39m=[32m"assertive"[39m
                      [33mclass[39m=[32m"p-4 rounded-md bg-red-50 border border-red-200"[39m
                      [33mrole[39m=[32m"alert"[39m
                    [36m>[39m
                      [36m<div[39m
                        [33mclass[39m=[32m"flex items-start"[39m
                      [36m>[39m
                        [36m<svg[39m
                          [33maria-hidden[39m=[32m"true"[39m
                          [33mclass[39m=[32m"w-5 h-5 text-red-600 mr-3 mt-0.5 flex-shrink-0"[39m
                          [33mfill[39m=[32m"currentColor"[39m
                          [33mviewBox[39m=[32m"0 0 20 20"[39m
                        [36m>[39m
                          [36m<path[39m
                            [33mclip-rule[39m=[32m"evenodd"[39m
                            [33md[39m=[32m"M10 18a8 8 0 100-16 8 8 0 000 16zM8.707 7.293a1 1 0 00-1.414 1.414L8.586 10l-1.293 1.293a1 1 0 101.414 1.414L10 11.414l1.293 1.293a1 1 0 001.414-1.414L11.414 10l1.293-1.293a1 1 0 00-1.414-1.414L10 8.586 8.707 7.293z"[39m
                            [33mfill-rule[39m=[32m"evenodd"[39m
                          [36m/>[39m
                        [36m</svg>[39m
                        [36m<p[39m
                          [33mclass[39m=[32m"text-sm text-red-800"[39m
                        [36m>[39m
                          [0mUnable to connect. Please check your internet connection.[0m
                        [36m</p>[39m
                      [36m</div>[39m
                    [36m</div>[39m
                    [36m<div[39m
                      [33maria-live[39m=[32m"polite"[39m
                      [33mclass[39m=[32m"p-4 rounded-md border transition-all duration-200 bg-red-50 border-red-200"[39m
                      [33mrole[39m=[32m"status"[39m
                    [36m>[39m
                      [36m<div[39m
                        [33mclass[39m=[32m"flex items-start"[39m
                      [36m>[39m
                        [36m<svg[39m
                          [33maria-hidden[39m=[32m"true"[39m
                          [33mclass[39m=[32m"w-5 h-5 text-red-600 mr-3 mt-0.5 flex-shrink-0"[39m
                          [33mfill[39m=[32m"currentColor"[39m
                          [33mviewBox[39m=[32m"0 0 20 20"[39m
                        [36m>[39m
                          [36m<path[39m
                            [33mclip-rule[39m=[32m"evenodd"[39m
                            [33md[39m=[32m"M10 18a8 8 0 100-16 8 8 0 000 16zM8.707 7.293a1 1 0 00-1.414 1.414L8.586 10l-1.293 1.293a1 1 0 101.414 1.414L10 11.414l1.293 1.293a1 1 0 001.414-1.414L11.414 10l1.293-1.293a1 1 0 00-1.414-1.414L10 8.586 8.707 7.293z"[39m
                            [33mfill-rule[39m=[32m"evenodd"[39m
                          [36m/>[39m
                        [36m</svg>[39m
                        [36m<p[39m
                          [33mclass[39m=[32m"text-sm text-red-800"[39m
                        [36m>[39m
                          [0mUnable to connect. Please check your internet connection.[0m
                        [36m</p>[39m
                      [36m</div>[39m
                    [36m</div>[39m
                    [36m<div>[39m
                      [36m<label[39m
                        [33mclass[39m=[32m"block text-sm font-medium text-gray-700 mb-1.5"[39m
                        [33mfor[39m=[32m"email"[39m
                      [36m>[39m
                        [0mEmail Address[0m
                      [36m</label>[39m
                      [36m<input[39m
                        [33maria-invalid[39m=[32m"false"[39m
                        [33maria-label[39m=[32m"Email Address"[39m
                        [33maria-required[39m=[32m"true"[39m
                        [33mautocomplete[39m=[32m"email"[39m
                        [33mclass[39m=[32m"w-full px-3 py-2 rounded-md border text-gray-900 transition-colors duration-200 placeholder:text-gray-400 focus:outline-none focus:ring-2 focus:ring-offset-2 focus-visible:outline-none focus-visible:ring-2 focus-visible:ring-offset-2 min-h-[44px] text-base md:min-h-[40px] md:text-sm border-gray-300 focus:ring-blue-500 focus:border-blue-500 focus-visible:ring-blue-500"[39m
                        [33mid[39m=[32m"email"[39m
                        [33mname[39m=[32m"email"[39m
                        [33mtype[39m=[32m"email"[39m
                      [36m/>[39m
                    [36m</div>[39m
                    [36m<div>[39m
                      [36m<label[39m
                        [33mclass[39m=[32m"block text-sm font-medium text-gray-700 mb-1.5"[39m
                        [33mfor[39m=[32m"password"[39m
                      [36m>[39m
                        [0mPassword[0m
                      [36m</label>[39m
                      [36m<div[39m
                        [33mclass[39m=[32m"relative"[39m
                      [36m>[39m
                        [36m<input[39m
                          [33maria-invalid[39m=[32m"false"[39m
                          [33maria-label[39m=[32m"Password"[39m
                          [33maria-required[39m=[32m"true"[39m
                          [33mautocomplete[39m=[32m"current-password"[39m
                          [33mclass[39m=[32m"w-full px-3 py-2 pr-12 rounded-md border text-gray-900 transition-colors duration-200 placeholder:text-gray-400 focus:outline-none focus:ring-2 focus:ring-offset-2 focus-visible:outline-none focus-visible:ring-2 focus-visible:ring-offset-2 min-h-[44px] text-base md:min-h-[40px] md:text-sm border-gray-300 focus:ring-blue-500 focus:border-blue-500 focus-visible:ring-blue-500"[39m
                          [33mid[39m=[32m"password"[39m
                          [33mname[39m=[32m"password"[39m
                          [33mtype[39m=[32m"password"[39m
                        [36m/>[39m
                        [36m<button[39m
                          [33maria-label[39m=[32m"Show password"[39m
                          [33maria-pressed[39m=[32m"false"[39m
                          [33mclass[39m=[32m"absolute right-2 top-1/2 -translate-y-1/2 p-2 rounded-md z-10 min-w-[44px] min-h-[44px] md:min-w-[36px] md:min-h-[36px] hover:bg-gray-100 transition-colors duration-200 focus:outline-none focus:ring-2 focus:ring-blue-500 focus:ring-offset-2 focus-visible:outline-none focus-visible:ring-2 focus-visible:ring-blue-500 focus-visible:ring-offset-2"[39m
                          [33mtype[39m=[32m"button"[39m
                        [36m>[39m
                          [36m<svg[39m
                            [33maria-hidden[39m=[32m"true"[39m
                            [33mclass[39m=[32m"w-5 h-5 text-gray-600"[39m
                            [33mfill[39m=[32m"none"[39m
                            [33mstroke[39m=[32m"currentColor"[39m
                            [33mstyle[39m=[32m"pointer-events: none;"[39m
                            [33mviewBox[39m=[32m"0 0 24 24"[39m
                          [36m>[39m
                            [36m<path[39m
                              [33md[39m=[32m"M15 12a3 3 0 11-6 0 3 3 0 016 0z"[39m
                              [33mstroke-linecap[39m=[32m"round"[39m
                              [33mstroke-linejoin[39m=[32m"round"[39m
                              [33mstroke-width[39m=[32m"2"[39m
                              [33mstyle[39m=[32m"pointer-events: none;"[39m
                            [36m/>[39m
                            [36m<path[39m
                              [33md[39m=[32m"M2.458 12C3.732 7.943 7.523 5 12 5c4.478 0 8.268 2.943 9.542 7-1.274 4.057-5.064 7-9.542 7-4.477 0-8.268-2.943-9.542-7z"[39m
                              [33mstroke-linecap[39m=[32m"round"[39m
                              [33mstroke-linejoin[39m=[32m"round"[39m
                              [33mstroke-width[39m=[32m"2"[39m
                              [33mstyle[39m=[32m"pointer-events: none;"[39m
                            [36m/>[39m
                          [36m</svg>[39m
                        [36m</button>[39m
                      [36m</div>[39m
                    [36m</div>[39m
                    [36m<button[39m
                      [33maria-busy[39m=[32m"false"[39m
                      [33mclass[39m=[32m"inline-flex items-center justify-center rounded-md font-medium transition-colors focus-visible:outline-none focus-visible:ring-2 focus-visible:ring-offset-2 disabled:pointer-events-none disabled:opacity-50 focus:outline-none focus:ring-2 focus:ring-offset-2 bg-blue-600 text-white hover:bg-blue-700 active:bg-blue-800 focus-visible:ring-blue-500 focus:ring-blue-500 h-12 px-6 text-lg w-full min-h-[44px] md:min-h-[48px]"[39m
                      [33mtype[39m=[32m"submit"[39m
                    [36m>[39m
                      [0mSign In[0m
                    [36m</button>[39m
                  [36m</form>[39m
                [36m</div>[39m
              [36m</div>[39m
              [36m<div[39m
                [33mclass[39m=[32m"mt-6 text-center"[39m
              [36m>[39m
                [36m<p[39m
                  [33mclass[39m=[32m"text-sm text-gray-600"[39m
                [36m>[39m
                  [0mDon't have an account?[0m
                  [0m [0m
                  [36m<a[39m
                    [33mclass[39m=[32m"font-medium text-blue-600 hover:text-blue-500 focus:outline-none focus:underline transition-colors"[39m
                    [33mhref[39m=[32m"/signup"[39m
                  [36m>[39m
                    [0mSign up[0m
                  [36m</a>[39m
                [36m</p>[39m
              [36m</div>[39m
            [36m</div>[39m
          [36m</div>[39m
        [36m</div>[39m
      [36m</div>[39m
    [36m</body>[39m

      321 |
      322 |       // Wait for error message
    > 323 |       await waitFor(() => {
          |                    ^
      324 |         expect(screen.getByText(/invalid email or password/i)).toBeInTheDocument();
      325 |       });
      326 |

      at waitForWrapper (node_modules/@testing-library/dom/dist/wait-for.js:163:27)
      at Object.<anonymous> (src/app/login/viewport-state-persistence.test.tsx:323:20)

  ● Viewport Change Handling and Form State Persistence › Requirement 6.3: Form State Persists During Viewport Changes › should preserve rate limit state during viewport changes

    Unable to find an element with the text: /too many attempts/i. This could be because the text is broken up by multiple elements. In this case, you can provide a function for your text matcher to make your matcher more flexible.

    Ignored nodes: comments, script, style
    [36m<body>[39m
      [36m<div>[39m
        [36m<div[39m
          [33mdata-testid[39m=[32m"error-boundary"[39m
        [36m>[39m
          [36m<div[39m
            [33mclass[39m=[32m"min-h-screen flex items-center justify-center bg-gray-50 px-4 py-12 sm:px-6 lg:px-8"[39m
          [36m>[39m
            [36m<div[39m
              [33mclass[39m=[32m"w-full max-w-md"[39m
            [36m>[39m
              [36m<div[39m
                [33mclass[39m=[32m"shadow-xl"[39m
                [33mdata-testid[39m=[32m"card"[39m
                [33mdata-variant[39m=[32m"elevated"[39m
              [36m>[39m
                [36m<div[39m
                  [33mclass[39m=[32m"space-y-2 text-center pb-6"[39m
                  [33mdata-testid[39m=[32m"card-header"[39m
                [36m>[39m
                  [36m<h1[39m
                    [33mclass[39m=[32m"text-2xl font-bold text-gray-900 sm:text-3xl"[39m
                  [36m>[39m
                    [0mSign in to your account[0m
                  [36m</h1>[39m
                  [36m<p[39m
                    [33mclass[39m=[32m"text-sm text-gray-600 sm:text-base"[39m
                  [36m>[39m
                    [0mEnter your credentials to access your tax preparation dashboard[0m
                  [36m</p>[39m
                [36m</div>[39m
                [36m<div[39m
                  [33mclass[39m=[32m"pb-8"[39m
                  [33mdata-testid[39m=[32m"card-content"[39m
                [36m>[39m
                  [36m<form[39m
                    [33mclass[39m=[32m"space-y-6"[39m
                    [33mnovalidate[39m=[32m""[39m
                  [36m>[39m
                    [36m<div[39m
                      [33maria-live[39m=[32m"assertive"[39m
                      [33mclass[39m=[32m"p-4 rounded-md bg-red-50 border border-red-200"[39m
                      [33mrole[39m=[32m"alert"[39m
                    [36m>[39m
                      [36m<div[39m
                        [33mclass[39m=[32m"flex items-start"[39m
                      [36m>[39m
                        [36m<svg[39m
                          [33maria-hidden[39m=[32m"true"[39m
                          [33mclass[39m=[32m"w-5 h-5 text-red-600 mr-3 mt-0.5 flex-shrink-0"[39m
                          [33mfill[39m=[32m"currentColor"[39m
                          [33mviewBox[39m=[32m"0 0 20 20"[39m
                        [36m>[39m
                          [36m<path[39m
                            [33mclip-rule[39m=[32m"evenodd"[39m
                            [33md[39m=[32m"M10 18a8 8 0 100-16 8 8 0 000 16zM8.707 7.293a1 1 0 00-1.414 1.414L8.586 10l-1.293 1.293a1 1 0 101.414 1.414L10 11.414l1.293 1.293a1 1 0 001.414-1.414L11.414 10l1.293-1.293a1 1 0 00-1.414-1.414L10 8.586 8.707 7.293z"[39m
                            [33mfill-rule[39m=[32m"evenodd"[39m
                          [36m/>[39m
                        [36m</svg>[39m
                        [36m<p[39m
                          [33mclass[39m=[32m"text-sm text-red-800"[39m
                        [36m>[39m
                          [0mUnable to connect. Please check your internet connection.[0m
                        [36m</p>[39m
                      [36m</div>[39m
                    [36m</div>[39m
                    [36m<div[39m
                      [33maria-live[39m=[32m"polite"[39m
                      [33mclass[39m=[32m"p-4 rounded-md border transition-all duration-200 bg-red-50 border-red-200"[39m
                      [33mrole[39m=[32m"status"[39m
                    [36m>[39m
                      [36m<div[39m
                        [33mclass[39m=[32m"flex items-start"[39m
                      [36m>[39m
                        [36m<svg[39m
                          [33maria-hidden[39m=[32m"true"[39m
                          [33mclass[39m=[32m"w-5 h-5 text-red-600 mr-3 mt-0.5 flex-shrink-0"[39m
                          [33mfill[39m=[32m"currentColor"[39m
                          [33mviewBox[39m=[32m"0 0 20 20"[39m
                        [36m>[39m
                          [36m<path[39m
                            [33mclip-rule[39m=[32m"evenodd"[39m
                            [33md[39m=[32m"M10 18a8 8 0 100-16 8 8 0 000 16zM8.707 7.293a1 1 0 00-1.414 1.414L8.586 10l-1.293 1.293a1 1 0 101.414 1.414L10 11.414l1.293 1.293a1 1 0 001.414-1.414L11.414 10l1.293-1.293a1 1 0 00-1.414-1.414L10 8.586 8.707 7.293z"[39m
                            [33mfill-rule[39m=[32m"evenodd"[39m
                          [36m/>[39m
                        [36m</svg>[39m
                        [36m<p[39m
                          [33mclass[39m=[32m"text-sm text-red-800"[39m
                        [36m>[39m
                          [0mUnable to connect. Please check your internet connection.[0m
                        [36m</p>[39m
                      [36m</div>[39m
                    [36m</div>[39m
                    [36m<div>[39m
                      [36m<label[39m
                        [33mclass[39m=[32m"block text-sm font-medium text-gray-700 mb-1.5"[39m
                        [33mfor[39m=[32m"email"[39m
                      [36m>[39m
                        [0mEmail Address[0m
                      [36m</label>[39m
                      [36m<input[39m
                        [33maria-invalid[39m=[32m"false"[39m
                        [33maria-label[39m=[32m"Email Address"[39m
                        [33maria-required[39m=[32m"true"[39m
                        [33mautocomplete[39m=[32m"email"[39m
                        [33mclass[39m=[32m"w-full px-3 py-2 rounded-md border text-gray-900 transition-colors duration-200 placeholder:text-gray-400 focus:outline-none focus:ring-2 focus:ring-offset-2 focus-visible:outline-none focus-visible:ring-2 focus-visible:ring-offset-2 min-h-[44px] text-base md:min-h-[40px] md:text-sm border-gray-300 focus:ring-blue-500 focus:border-blue-500 focus-visible:ring-blue-500"[39m
                        [33mid[39m=[32m"email"[39m
                        [33mname[39m=[32m"email"[39m
                        [33mtype[39m=[32m"email"[39m
                      [36m/>[39m
                    [36m</div>[39m
                    [36m<div>[39m
                      [36m<label[39m
                        [33mclass[39m=[32m"block text-sm font-medium text-gray-700 mb-1.5"[39m
                        [33mfor[39m=[32m"password"[39m
                      [36m>[39m
                        [0mPassword[0m
                      [36m</label>[39m
                      [36m<div[39m
                        [33mclass[39m=[32m"relative"[39m
                      [36m>[39m
                        [36m<input[39m
                          [33maria-invalid[39m=[32m"false"[39m
                          [33maria-label[39m=[32m"Password"[39m
                          [33maria-required[39m=[32m"true"[39m
                          [33mautocomplete[39m=[32m"current-password"[39m
                          [33mclass[39m=[32m"w-full px-3 py-2 pr-12 rounded-md border text-gray-900 transition-colors duration-200 placeholder:text-gray-400 focus:outline-none focus:ring-2 focus:ring-offset-2 focus-visible:outline-none focus-visible:ring-2 focus-visible:ring-offset-2 min-h-[44px] text-base md:min-h-[40px] md:text-sm border-gray-300 focus:ring-blue-500 focus:border-blue-500 focus-visible:ring-blue-500"[39m
                          [33mid[39m=[32m"password"[39m
                          [33mname[39m=[32m"password"[39m
                          [33mtype[39m=[32m"password"[39m
                        [36m/>[39m
                        [36m<button[39m
                          [33maria-label[39m=[32m"Show password"[39m
                          [33maria-pressed[39m=[32m"false"[39m
                          [33mclass[39m=[32m"absolute right-2 top-1/2 -translate-y-1/2 p-2 rounded-md z-10 min-w-[44px] min-h-[44px] md:min-w-[36px] md:min-h-[36px] hover:bg-gray-100 transition-colors duration-200 focus:outline-none focus:ring-2 focus:ring-blue-500 focus:ring-offset-2 focus-visible:outline-none focus-visible:ring-2 focus-visible:ring-blue-500 focus-visible:ring-offset-2"[39m
                          [33mtype[39m=[32m"button"[39m
                        [36m>[39m
                          [36m<svg[39m
                            [33maria-hidden[39m=[32m"true"[39m
                            [33mclass[39m=[32m"w-5 h-5 text-gray-600"[39m
                            [33mfill[39m=[32m"none"[39m
                            [33mstroke[39m=[32m"currentColor"[39m
                            [33mstyle[39m=[32m"pointer-events: none;"[39m
                            [33mviewBox[39m=[32m"0 0 24 24"[39m
                          [36m>[39m
                            [36m<path[39m
                              [33md[39m=[32m"M15 12a3 3 0 11-6 0 3 3 0 016 0z"[39m
                              [33mstroke-linecap[39m=[32m"round"[39m
                              [33mstroke-linejoin[39m=[32m"round"[39m
                              [33mstroke-width[39m=[32m"2"[39m
                              [33mstyle[39m=[32m"pointer-events: none;"[39m
                            [36m/>[39m
                            [36m<path[39m
                              [33md[39m=[32m"M2.458 12C3.732 7.943 7.523 5 12 5c4.478 0 8.268 2.943 9.542 7-1.274 4.057-5.064 7-9.542 7-4.477 0-8.268-2.943-9.542-7z"[39m
                              [33mstroke-linecap[39m=[32m"round"[39m
                              [33mstroke-linejoin[39m=[32m"round"[39m
                              [33mstroke-width[39m=[32m"2"[39m
                              [33mstyle[39m=[32m"pointer-events: none;"[39m
                            [36m/>[39m
                          [36m</svg>[39m
                        [36m</button>[39m
                      [36m</div>[39m
                    [36m</div>[39m
                    [36m<button[39m
                      [33maria-busy[39m=[32m"false"[39m
                      [33mclass[39m=[32m"inline-flex items-center justify-center rounded-md font-medium transition-colors focus-visible:outline-none focus-visible:ring-2 focus-visible:ring-offset-2 disabled:pointer-events-none disabled:opacity-50 focus:outline-none focus:ring-2 focus:ring-offset-2 bg-blue-600 text-white hover:bg-blue-700 active:bg-blue-800 focus-visible:ring-blue-500 focus:ring-blue-500 h-12 px-6 text-lg w-full min-h-[44px] md:min-h-[48px]"[39m
                      [33mtype[39m=[32m"submit"[39m
                    [36m>[39m
                      [0mSign In[0m
                    [36m</button>[39m
                  [36m</form>[39m
                [36m</div>[39m
              [36m</div>[39m
              [36m<div[39m
                [33mclass[39m=[32m"mt-6 text-center"[39m
              [36m>[39m
                [36m<p[39m
                  [33mclass[39m=[32m"text-sm text-gray-600"[39m
                [36m>[39m
                  [0mDon't have an account?[0m
                  [0m [0m
                  [36m<a[39m
                    [33mclass[39m=[32m"font-medium text-blue-600 hover:text-blue-500 focus:outline-none focus:underline transition-colors"[39m
                    [33mhref[39m=[32m"/signup"[39m
                  [36m>[39m
                    [0mSign up[0m
                  [36m</a>[39m
                [36m</p>[39m
              [36m</div>[39m
            [36m</div>[39m
          [36m</div>[39m
        [36m</div>[39m
      [36m</div>[39m
    [36m</body>[39m

      379 |
      380 |       // Should now be rate limited
    > 381 |       await waitFor(() => {
          |                    ^
      382 |         expect(screen.getByText(/too many attempts/i)).toBeInTheDocument();
      383 |       });
      384 |

      at waitForWrapper (node_modules/@testing-library/dom/dist/wait-for.js:163:27)
      at Object.<anonymous> (src/app/login/viewport-state-persistence.test.tsx:381:20)

FAIL src/lib/auth/AuthCoordinator.requireJWT.property.test.ts
  ● Test suite failed to run

    Jest worker encountered 4 child process exceptions, exceeding retry limit

      at ChildProcessWorker.initialize (node_modules/jest-worker/build/index.js:805:21)

FAIL src/app/api/auth/logout/session-clearing.property.test.ts
  ● Property-Based Test: Session Clearing on Logout › Property 1: Session Cookie Cleared on Logout

    Property failed after 1 tests
    { seed: 1505974403, path: "0", endOnFailure: true }
    Counterexample: [{__proto__:null,"userId":"77-","email":"91svc1v@mail.com","createdAt":1770579446188,"expiresAt":1771184246177}]
    Shrunk 0 time(s)

    Hint: Enable verbose mode in order to have the list of all failing values encountered during the run

      at buildError (node_modules/fast-check/lib/cjs/check/runner/utils/RunDetailsFormatter.js:162:19)
      at asyncThrowIfFailed (node_modules/fast-check/lib/cjs/check/runner/utils/RunDetailsFormatter.js:176:11)

    Cause:
    expect(received).toBe(expected) // Object.is equality

    Expected: 200
    Received: 500

      126 |
      127 |           // Verify logout was successful
    > 128 |           expect(response.status).toBe(200);
          |                                   ^
      129 |           expect(data.success).toBe(true);
      130 |
      131 |           // Verify clearSession was called exactly once

      at toBe (src/app/api/auth/logout/session-clearing.property.test.ts:128:35)
      at AsyncProperty.run (node_modules/fast-check/lib/cjs/check/property/AsyncProperty.generic.js:46:28)

  ● Property-Based Test: Session Clearing on Logout › Property: Session cookie deletion is idempotent

    Property failed after 1 tests
    { seed: -1112756459, path: "0", endOnFailure: true }
    Counterexample: [{__proto__:null,"userId":"--3-kl-a","email":"3b0@domain.org","createdAt":1770579446203,"expiresAt":1770734154039}]
    Shrunk 0 time(s)

    Hint: Enable verbose mode in order to have the list of all failing values encountered during the run

      at buildError (node_modules/fast-check/lib/cjs/check/runner/utils/RunDetailsFormatter.js:162:19)
      at asyncThrowIfFailed (node_modules/fast-check/lib/cjs/check/runner/utils/RunDetailsFormatter.js:176:11)

    Cause:
    expect(received).toBe(expected) // Object.is equality

    Expected: 200
    Received: 500

      168 |           // First logout
      169 |           const response1 = await POST(request1);
    > 170 |           expect(response1.status).toBe(200);
          |                                    ^
      171 |           expect(session.clearSession).toHaveBeenCalledTimes(1);
      172 |
      173 |           // Reset mock call counts

      at toBe (src/app/api/auth/logout/session-clearing.property.test.ts:170:36)
      at AsyncProperty.run (node_modules/fast-check/lib/cjs/check/property/AsyncProperty.generic.js:46:28)

  ● Property-Based Test: Session Clearing on Logout › Property: Different user sessions are cleared independently

    Property failed after 1 tests
    { seed: 1635354791, path: "0", endOnFailure: true }
    Counterexample: [{"userId":"ent","email":"key@example.com","createdAt":1770579446179,"expiresAt":1770681433900},{__proto__:null,"userId":"1u--","email":"r@domain.org","createdAt":1769974646226,"expiresAt":1771184246204}]
    Shrunk 0 time(s)

    Hint: Enable verbose mode in order to have the list of all failing values encountered during the run

      at buildError (node_modules/fast-check/lib/cjs/check/runner/utils/RunDetailsFormatter.js:162:19)
      at asyncThrowIfFailed (node_modules/fast-check/lib/cjs/check/runner/utils/RunDetailsFormatter.js:176:11)

    Cause:
    expect(received).toBe(expected) // Object.is equality

    Expected: 200
    Received: 500

      233 |           });
      234 |           const response1 = await POST(request1);
    > 235 |           expect(response1.status).toBe(200);
          |                                    ^
      236 |           expect(session.clearSession).toHaveBeenCalledTimes(1);
      237 |
      238 |           // Reset mock

      at toBe (src/app/api/auth/logout/session-clearing.property.test.ts:235:36)
      at AsyncProperty.run (node_modules/fast-check/lib/cjs/check/property/AsyncProperty.generic.js:46:28)

  ● Property-Based Test: Session Clearing on Logout › Property: Session clearing works for sessions at different lifecycle stages

    Property failed after 1 tests
    { seed: 436727331, path: "0", endOnFailure: true }
    Counterexample: ["-","o999snns@email.com","mid-life"]
    Shrunk 0 time(s)

    Hint: Enable verbose mode in order to have the list of all failing values encountered during the run

      at buildError (node_modules/fast-check/lib/cjs/check/runner/utils/RunDetailsFormatter.js:162:19)
      at asyncThrowIfFailed (node_modules/fast-check/lib/cjs/check/runner/utils/RunDetailsFormatter.js:176:11)

    Cause:
    expect(received).toBe(expected) // Object.is equality

    Expected: 200
    Received: 500

      324 |
      325 |           // Verify logout was successful
    > 326 |           expect(response.status).toBe(200);
          |                                   ^
      327 |           const data = await response.json();
      328 |           expect(data.success).toBe(true);
      329 |

      at toBe (src/app/api/auth/logout/session-clearing.property.test.ts:326:35)
      at AsyncProperty.run (node_modules/fast-check/lib/cjs/check/property/AsyncProperty.generic.js:46:28)

  ● Property-Based Test: Session Clearing on Logout › Property: Logout succeeds regardless of session validity

    Property failed after 1 tests
    { seed: -61013850, path: "0", endOnFailure: true }
    Counterexample: [{__proto__:null,"userId":"ar","email":"885@domain.org","createdAt":1769974646207,"expiresAt":1770679461163}]
    Shrunk 0 time(s)

    Hint: Enable verbose mode in order to have the list of all failing values encountered during the run

      at buildError (node_modules/fast-check/lib/cjs/check/runner/utils/RunDetailsFormatter.js:162:19)
      at asyncThrowIfFailed (node_modules/fast-check/lib/cjs/check/runner/utils/RunDetailsFormatter.js:176:11)

    Cause:
    expect(received).toBe(expected) // Object.is equality

    Expected: 200
    Received: 500

      377 |
      378 |           // Verify logout was successful
    > 379 |           expect(response.status).toBe(200);
          |                                   ^
      380 |           const data = await response.json();
      381 |           expect(data.success).toBe(true);
      382 |

      at toBe (src/app/api/auth/logout/session-clearing.property.test.ts:379:35)
      at AsyncProperty.run (node_modules/fast-check/lib/cjs/check/property/AsyncProperty.generic.js:46:28)

FAIL src/app/login/responsive-layout.test.tsx
  ● Responsive Layout - Comprehensive Tests › Requirement 6.1: Mobile Layout (width < 768px) › should use full width container on mobile

    TypeError: Cannot read properties of undefined (reading 'state')

      91 |
      92 |       {/* Status Message Display */}
    > 93 |       {status.state !== 'idle' && (
         |               ^
      94 |         <div
      95 |           role="status"
      96 |           aria-live="polite"

      at state (src/components/LoginForm.tsx:93:15)
      at renderWithHooks (node_modules/react-dom/cjs/react-dom.development.js:15486:18)
      at mountIndeterminateComponent (node_modules/react-dom/cjs/react-dom.development.js:20103:13)
      at beginWork (node_modules/react-dom/cjs/react-dom.development.js:21626:16)
      at beginWork$1 (node_modules/react-dom/cjs/react-dom.development.js:27465:14)
      at performUnitOfWork (node_modules/react-dom/cjs/react-dom.development.js:26599:12)
      at workLoopSync (node_modules/react-dom/cjs/react-dom.development.js:26505:5)
      at renderRootSync (node_modules/react-dom/cjs/react-dom.development.js:26473:7)
      at recoverFromConcurrentError (node_modules/react-dom/cjs/react-dom.development.js:25889:20)
      at performConcurrentWorkOnRoot (node_modules/react-dom/cjs/react-dom.development.js:25789:22)
      at flushActQueue (node_modules/react/cjs/react.development.js:2667:24)
      at act (node_modules/react/cjs/react.development.js:2582:11)
      at node_modules/@testing-library/react/dist/act-compat.js:46:25
      at renderRoot (node_modules/@testing-library/react/dist/pure.js:189:26)
      at render (node_modules/@testing-library/react/dist/pure.js:291:10)
      at Object.<anonymous> (src/app/login/responsive-layout.test.tsx:81:35)

  ● Responsive Layout - Comprehensive Tests › Requirement 6.1: Mobile Layout (width < 768px) › should constrain maximum width to md (28rem/448px)

    TypeError: Cannot read properties of undefined (reading 'state')

      91 |
      92 |       {/* Status Message Display */}
    > 93 |       {status.state !== 'idle' && (
         |               ^
      94 |         <div
      95 |           role="status"
      96 |           aria-live="polite"

      at state (src/components/LoginForm.tsx:93:15)
      at renderWithHooks (node_modules/react-dom/cjs/react-dom.development.js:15486:18)
      at mountIndeterminateComponent (node_modules/react-dom/cjs/react-dom.development.js:20103:13)
      at beginWork (node_modules/react-dom/cjs/react-dom.development.js:21626:16)
      at beginWork$1 (node_modules/react-dom/cjs/react-dom.development.js:27465:14)
      at performUnitOfWork (node_modules/react-dom/cjs/react-dom.development.js:26599:12)
      at workLoopSync (node_modules/react-dom/cjs/react-dom.development.js:26505:5)
      at renderRootSync (node_modules/react-dom/cjs/react-dom.development.js:26473:7)
      at recoverFromConcurrentError (node_modules/react-dom/cjs/react-dom.development.js:25889:20)
      at performConcurrentWorkOnRoot (node_modules/react-dom/cjs/react-dom.development.js:25789:22)
      at flushActQueue (node_modules/react/cjs/react.development.js:2667:24)
      at act (node_modules/react/cjs/react.development.js:2582:11)
      at node_modules/@testing-library/react/dist/act-compat.js:46:25
      at renderRoot (node_modules/@testing-library/react/dist/pure.js:189:26)
      at render (node_modules/@testing-library/react/dist/pure.js:291:10)
      at Object.<anonymous> (src/app/login/responsive-layout.test.tsx:89:35)

  ● Responsive Layout - Comprehensive Tests › Requirement 6.1: Mobile Layout (width < 768px) › should have mobile-appropriate horizontal padding (px-4)

    TypeError: Cannot read properties of undefined (reading 'state')

      91 |
      92 |       {/* Status Message Display */}
    > 93 |       {status.state !== 'idle' && (
         |               ^
      94 |         <div
      95 |           role="status"
      96 |           aria-live="polite"

      at state (src/components/LoginForm.tsx:93:15)
      at renderWithHooks (node_modules/react-dom/cjs/react-dom.development.js:15486:18)
      at mountIndeterminateComponent (node_modules/react-dom/cjs/react-dom.development.js:20103:13)
      at beginWork (node_modules/react-dom/cjs/react-dom.development.js:21626:16)
      at beginWork$1 (node_modules/react-dom/cjs/react-dom.development.js:27465:14)
      at performUnitOfWork (node_modules/react-dom/cjs/react-dom.development.js:26599:12)
      at workLoopSync (node_modules/react-dom/cjs/react-dom.development.js:26505:5)
      at renderRootSync (node_modules/react-dom/cjs/react-dom.development.js:26473:7)
      at recoverFromConcurrentError (node_modules/react-dom/cjs/react-dom.development.js:25889:20)
      at performConcurrentWorkOnRoot (node_modules/react-dom/cjs/react-dom.development.js:25789:22)
      at flushActQueue (node_modules/react/cjs/react.development.js:2667:24)
      at act (node_modules/react/cjs/react.development.js:2582:11)
      at node_modules/@testing-library/react/dist/act-compat.js:46:25
      at renderRoot (node_modules/@testing-library/react/dist/pure.js:189:26)
      at render (node_modules/@testing-library/react/dist/pure.js:291:10)
      at Object.<anonymous> (src/app/login/responsive-layout.test.tsx:97:35)

  ● Responsive Layout - Comprehensive Tests › Requirement 6.1: Mobile Layout (width < 768px) › should have mobile-appropriate vertical padding (py-12)

    TypeError: Cannot read properties of undefined (reading 'state')

      91 |
      92 |       {/* Status Message Display */}
    > 93 |       {status.state !== 'idle' && (
         |               ^
      94 |         <div
      95 |           role="status"
      96 |           aria-live="polite"

      at state (src/components/LoginForm.tsx:93:15)
      at renderWithHooks (node_modules/react-dom/cjs/react-dom.development.js:15486:18)
      at mountIndeterminateComponent (node_modules/react-dom/cjs/react-dom.development.js:20103:13)
      at beginWork (node_modules/react-dom/cjs/react-dom.development.js:21626:16)
      at beginWork$1 (node_modules/react-dom/cjs/react-dom.development.js:27465:14)
      at performUnitOfWork (node_modules/react-dom/cjs/react-dom.development.js:26599:12)
      at workLoopSync (node_modules/react-dom/cjs/react-dom.development.js:26505:5)
      at renderRootSync (node_modules/react-dom/cjs/react-dom.development.js:26473:7)
      at recoverFromConcurrentError (node_modules/react-dom/cjs/react-dom.development.js:25889:20)
      at performConcurrentWorkOnRoot (node_modules/react-dom/cjs/react-dom.development.js:25789:22)
      at flushActQueue (node_modules/react/cjs/react.development.js:2667:24)
      at act (node_modules/react/cjs/react.development.js:2582:11)
      at node_modules/@testing-library/react/dist/act-compat.js:46:25
      at renderRoot (node_modules/@testing-library/react/dist/pure.js:189:26)
      at render (node_modules/@testing-library/react/dist/pure.js:291:10)
      at Object.<anonymous> (src/app/login/responsive-layout.test.tsx:104:35)

  ● Responsive Layout - Comprehensive Tests › Requirement 6.1: Mobile Layout (width < 768px) › should display single-column layout with centered content

    TypeError: Cannot read properties of undefined (reading 'state')

      91 |
      92 |       {/* Status Message Display */}
    > 93 |       {status.state !== 'idle' && (
         |               ^
      94 |         <div
      95 |           role="status"
      96 |           aria-live="polite"

      at state (src/components/LoginForm.tsx:93:15)
      at renderWithHooks (node_modules/react-dom/cjs/react-dom.development.js:15486:18)
      at mountIndeterminateComponent (node_modules/react-dom/cjs/react-dom.development.js:20103:13)
      at beginWork (node_modules/react-dom/cjs/react-dom.development.js:21626:16)
      at beginWork$1 (node_modules/react-dom/cjs/react-dom.development.js:27465:14)
      at performUnitOfWork (node_modules/react-dom/cjs/react-dom.development.js:26599:12)
      at workLoopSync (node_modules/react-dom/cjs/react-dom.development.js:26505:5)
      at renderRootSync (node_modules/react-dom/cjs/react-dom.development.js:26473:7)
      at recoverFromConcurrentError (node_modules/react-dom/cjs/react-dom.development.js:25889:20)
      at performConcurrentWorkOnRoot (node_modules/react-dom/cjs/react-dom.development.js:25789:22)
      at flushActQueue (node_modules/react/cjs/react.development.js:2667:24)
      at act (node_modules/react/cjs/react.development.js:2582:11)
      at node_modules/@testing-library/react/dist/act-compat.js:46:25
      at renderRoot (node_modules/@testing-library/react/dist/pure.js:189:26)
      at render (node_modules/@testing-library/react/dist/pure.js:291:10)
      at Object.<anonymous> (src/app/login/responsive-layout.test.tsx:111:35)

  ● Responsive Layout - Comprehensive Tests › Requirement 6.1: Mobile Layout (width < 768px) › should use smaller text size on mobile for title (text-2xl)

    TypeError: Cannot read properties of undefined (reading 'state')

      91 |
      92 |       {/* Status Message Display */}
    > 93 |       {status.state !== 'idle' && (
         |               ^
      94 |         <div
      95 |           role="status"
      96 |           aria-live="polite"

      at state (src/components/LoginForm.tsx:93:15)
      at renderWithHooks (node_modules/react-dom/cjs/react-dom.development.js:15486:18)
      at mountIndeterminateComponent (node_modules/react-dom/cjs/react-dom.development.js:20103:13)
      at beginWork (node_modules/react-dom/cjs/react-dom.development.js:21626:16)
      at beginWork$1 (node_modules/react-dom/cjs/react-dom.development.js:27465:14)
      at performUnitOfWork (node_modules/react-dom/cjs/react-dom.development.js:26599:12)
      at workLoopSync (node_modules/react-dom/cjs/react-dom.development.js:26505:5)
      at renderRootSync (node_modules/react-dom/cjs/react-dom.development.js:26473:7)
      at recoverFromConcurrentError (node_modules/react-dom/cjs/react-dom.development.js:25889:20)
      at performConcurrentWorkOnRoot (node_modules/react-dom/cjs/react-dom.development.js:25789:22)
      at flushActQueue (node_modules/react/cjs/react.development.js:2667:24)
      at act (node_modules/react/cjs/react.development.js:2582:11)
      at node_modules/@testing-library/react/dist/act-compat.js:46:25
      at renderRoot (node_modules/@testing-library/react/dist/pure.js:189:26)
      at render (node_modules/@testing-library/react/dist/pure.js:291:10)
      at Object.<anonymous> (src/app/login/responsive-layout.test.tsx:118:13)

  ● Responsive Layout - Comprehensive Tests › Requirement 6.1: Mobile Layout (width < 768px) › should use smaller text size on mobile for description (text-sm)

    TypeError: Cannot read properties of undefined (reading 'state')

      91 |
      92 |       {/* Status Message Display */}
    > 93 |       {status.state !== 'idle' && (
         |               ^
      94 |         <div
      95 |           role="status"
      96 |           aria-live="polite"

      at state (src/components/LoginForm.tsx:93:15)
      at renderWithHooks (node_modules/react-dom/cjs/react-dom.development.js:15486:18)
      at mountIndeterminateComponent (node_modules/react-dom/cjs/react-dom.development.js:20103:13)
      at beginWork (node_modules/react-dom/cjs/react-dom.development.js:21626:16)
      at beginWork$1 (node_modules/react-dom/cjs/react-dom.development.js:27465:14)
      at performUnitOfWork (node_modules/react-dom/cjs/react-dom.development.js:26599:12)
      at workLoopSync (node_modules/react-dom/cjs/react-dom.development.js:26505:5)
      at renderRootSync (node_modules/react-dom/cjs/react-dom.development.js:26473:7)
      at recoverFromConcurrentError (node_modules/react-dom/cjs/react-dom.development.js:25889:20)
      at performConcurrentWorkOnRoot (node_modules/react-dom/cjs/react-dom.development.js:25789:22)
      at flushActQueue (node_modules/react/cjs/react.development.js:2667:24)
      at act (node_modules/react/cjs/react.development.js:2582:11)
      at node_modules/@testing-library/react/dist/act-compat.js:46:25
      at renderRoot (node_modules/@testing-library/react/dist/pure.js:189:26)
      at render (node_modules/@testing-library/react/dist/pure.js:291:10)
      at Object.<anonymous> (src/app/login/responsive-layout.test.tsx:125:13)

  ● Responsive Layout - Comprehensive Tests › Requirement 6.2: Desktop Layout (width >= 768px) › should increase padding on tablet screens (sm:px-6)

    TypeError: Cannot read properties of undefined (reading 'state')

      91 |
      92 |       {/* Status Message Display */}
    > 93 |       {status.state !== 'idle' && (
         |               ^
      94 |         <div
      95 |           role="status"
      96 |           aria-live="polite"

      at state (src/components/LoginForm.tsx:93:15)
      at renderWithHooks (node_modules/react-dom/cjs/react-dom.development.js:15486:18)
      at mountIndeterminateComponent (node_modules/react-dom/cjs/react-dom.development.js:20103:13)
      at beginWork (node_modules/react-dom/cjs/react-dom.development.js:21626:16)
      at beginWork$1 (node_modules/react-dom/cjs/react-dom.development.js:27465:14)
      at performUnitOfWork (node_modules/react-dom/cjs/react-dom.development.js:26599:12)
      at workLoopSync (node_modules/react-dom/cjs/react-dom.development.js:26505:5)
      at renderRootSync (node_modules/react-dom/cjs/react-dom.development.js:26473:7)
      at recoverFromConcurrentError (node_modules/react-dom/cjs/react-dom.development.js:25889:20)
      at performConcurrentWorkOnRoot (node_modules/react-dom/cjs/react-dom.development.js:25789:22)
      at flushActQueue (node_modules/react/cjs/react.development.js:2667:24)
      at act (node_modules/react/cjs/react.development.js:2582:11)
      at node_modules/@testing-library/react/dist/act-compat.js:46:25
      at renderRoot (node_modules/@testing-library/react/dist/pure.js:189:26)
      at render (node_modules/@testing-library/react/dist/pure.js:291:10)
      at Object.<anonymous> (src/app/login/responsive-layout.test.tsx:134:35)

  ● Responsive Layout - Comprehensive Tests › Requirement 6.2: Desktop Layout (width >= 768px) › should increase padding on large screens (lg:px-8)

    TypeError: Cannot read properties of undefined (reading 'state')

      91 |
      92 |       {/* Status Message Display */}
    > 93 |       {status.state !== 'idle' && (
         |               ^
      94 |         <div
      95 |           role="status"
      96 |           aria-live="polite"

      at state (src/components/LoginForm.tsx:93:15)
      at renderWithHooks (node_modules/react-dom/cjs/react-dom.development.js:15486:18)
      at mountIndeterminateComponent (node_modules/react-dom/cjs/react-dom.development.js:20103:13)
      at beginWork (node_modules/react-dom/cjs/react-dom.development.js:21626:16)
      at beginWork$1 (node_modules/react-dom/cjs/react-dom.development.js:27465:14)
      at performUnitOfWork (node_modules/react-dom/cjs/react-dom.development.js:26599:12)
      at workLoopSync (node_modules/react-dom/cjs/react-dom.development.js:26505:5)
      at renderRootSync (node_modules/react-dom/cjs/react-dom.development.js:26473:7)
      at recoverFromConcurrentError (node_modules/react-dom/cjs/react-dom.development.js:25889:20)
      at performConcurrentWorkOnRoot (node_modules/react-dom/cjs/react-dom.development.js:25789:22)
      at flushActQueue (node_modules/react/cjs/react.development.js:2667:24)
      at act (node_modules/react/cjs/react.development.js:2582:11)
      at node_modules/@testing-library/react/dist/act-compat.js:46:25
      at renderRoot (node_modules/@testing-library/react/dist/pure.js:189:26)
      at render (node_modules/@testing-library/react/dist/pure.js:291:10)
      at Object.<anonymous> (src/app/login/responsive-layout.test.tsx:141:35)

  ● Responsive Layout - Comprehensive Tests › Requirement 6.2: Desktop Layout (width >= 768px) › should use elevated card variant for desktop

    TypeError: Cannot read properties of undefined (reading 'state')

      91 |
      92 |       {/* Status Message Display */}
    > 93 |       {status.state !== 'idle' && (
         |               ^
      94 |         <div
      95 |           role="status"
      96 |           aria-live="polite"

      at state (src/components/LoginForm.tsx:93:15)
      at renderWithHooks (node_modules/react-dom/cjs/react-dom.development.js:15486:18)
      at mountIndeterminateComponent (node_modules/react-dom/cjs/react-dom.development.js:20103:13)
      at beginWork (node_modules/react-dom/cjs/react-dom.development.js:21626:16)
      at beginWork$1 (node_modules/react-dom/cjs/react-dom.development.js:27465:14)
      at performUnitOfWork (node_modules/react-dom/cjs/react-dom.development.js:26599:12)
      at workLoopSync (node_modules/react-dom/cjs/react-dom.development.js:26505:5)
      at renderRootSync (node_modules/react-dom/cjs/react-dom.development.js:26473:7)
      at recoverFromConcurrentError (node_modules/react-dom/cjs/react-dom.development.js:25889:20)
      at performConcurrentWorkOnRoot (node_modules/react-dom/cjs/react-dom.development.js:25789:22)
      at flushActQueue (node_modules/react/cjs/react.development.js:2667:24)
      at act (node_modules/react/cjs/react.development.js:2582:11)
      at node_modules/@testing-library/react/dist/act-compat.js:46:25
      at renderRoot (node_modules/@testing-library/react/dist/pure.js:189:26)
      at render (node_modules/@testing-library/react/dist/pure.js:291:10)
      at Object.<anonymous> (src/app/login/responsive-layout.test.tsx:148:13)

  ● Responsive Layout - Comprehensive Tests › Requirement 6.2: Desktop Layout (width >= 768px) › should apply shadow-xl for elevated card appearance

    TypeError: Cannot read properties of undefined (reading 'state')

      91 |
      92 |       {/* Status Message Display */}
    > 93 |       {status.state !== 'idle' && (
         |               ^
      94 |         <div
      95 |           role="status"
      96 |           aria-live="polite"

      at state (src/components/LoginForm.tsx:93:15)
      at renderWithHooks (node_modules/react-dom/cjs/react-dom.development.js:15486:18)
      at mountIndeterminateComponent (node_modules/react-dom/cjs/react-dom.development.js:20103:13)
      at beginWork (node_modules/react-dom/cjs/react-dom.development.js:21626:16)
      at beginWork$1 (node_modules/react-dom/cjs/react-dom.development.js:27465:14)
      at performUnitOfWork (node_modules/react-dom/cjs/react-dom.development.js:26599:12)
      at workLoopSync (node_modules/react-dom/cjs/react-dom.development.js:26505:5)
      at renderRootSync (node_modules/react-dom/cjs/react-dom.development.js:26473:7)
      at recoverFromConcurrentError (node_modules/react-dom/cjs/react-dom.development.js:25889:20)
      at performConcurrentWorkOnRoot (node_modules/react-dom/cjs/react-dom.development.js:25789:22)
      at flushActQueue (node_modules/react/cjs/react.development.js:2667:24)
      at act (node_modules/react/cjs/react.development.js:2582:11)
      at node_modules/@testing-library/react/dist/act-compat.js:46:25
      at renderRoot (node_modules/@testing-library/react/dist/pure.js:189:26)
      at render (node_modules/@testing-library/react/dist/pure.js:291:10)
      at Object.<anonymous> (src/app/login/responsive-layout.test.tsx:155:13)

  ● Responsive Layout - Comprehensive Tests › Requirement 6.2: Desktop Layout (width >= 768px) › should increase title text size on desktop (sm:text-3xl)

    TypeError: Cannot read properties of undefined (reading 'state')

      91 |
      92 |       {/* Status Message Display */}
    > 93 |       {status.state !== 'idle' && (
         |               ^
      94 |         <div
      95 |           role="status"
      96 |           aria-live="polite"

      at state (src/components/LoginForm.tsx:93:15)
      at renderWithHooks (node_modules/react-dom/cjs/react-dom.development.js:15486:18)
      at mountIndeterminateComponent (node_modules/react-dom/cjs/react-dom.development.js:20103:13)
      at beginWork (node_modules/react-dom/cjs/react-dom.development.js:21626:16)
      at beginWork$1 (node_modules/react-dom/cjs/react-dom.development.js:27465:14)
      at performUnitOfWork (node_modules/react-dom/cjs/react-dom.development.js:26599:12)
      at workLoopSync (node_modules/react-dom/cjs/react-dom.development.js:26505:5)
      at renderRootSync (node_modules/react-dom/cjs/react-dom.development.js:26473:7)
      at recoverFromConcurrentError (node_modules/react-dom/cjs/react-dom.development.js:25889:20)
      at performConcurrentWorkOnRoot (node_modules/react-dom/cjs/react-dom.development.js:25789:22)
      at flushActQueue (node_modules/react/cjs/react.development.js:2667:24)
      at act (node_modules/react/cjs/react.development.js:2582:11)
      at node_modules/@testing-library/react/dist/act-compat.js:46:25
      at renderRoot (node_modules/@testing-library/react/dist/pure.js:189:26)
      at render (node_modules/@testing-library/react/dist/pure.js:291:10)
      at Object.<anonymous> (src/app/login/responsive-layout.test.tsx:162:13)

  ● Responsive Layout - Comprehensive Tests › Requirement 6.2: Desktop Layout (width >= 768px) › should increase description text size on desktop (sm:text-base)

    TypeError: Cannot read properties of undefined (reading 'state')

      91 |
      92 |       {/* Status Message Display */}
    > 93 |       {status.state !== 'idle' && (
         |               ^
      94 |         <div
      95 |           role="status"
      96 |           aria-live="polite"

      at state (src/components/LoginForm.tsx:93:15)
      at renderWithHooks (node_modules/react-dom/cjs/react-dom.development.js:15486:18)
      at mountIndeterminateComponent (node_modules/react-dom/cjs/react-dom.development.js:20103:13)
      at beginWork (node_modules/react-dom/cjs/react-dom.development.js:21626:16)
      at beginWork$1 (node_modules/react-dom/cjs/react-dom.development.js:27465:14)
      at performUnitOfWork (node_modules/react-dom/cjs/react-dom.development.js:26599:12)
      at workLoopSync (node_modules/react-dom/cjs/react-dom.development.js:26505:5)
      at renderRootSync (node_modules/react-dom/cjs/react-dom.development.js:26473:7)
      at recoverFromConcurrentError (node_modules/react-dom/cjs/react-dom.development.js:25889:20)
      at performConcurrentWorkOnRoot (node_modules/react-dom/cjs/react-dom.development.js:25789:22)
      at flushActQueue (node_modules/react/cjs/react.development.js:2667:24)
      at act (node_modules/react/cjs/react.development.js:2582:11)
      at node_modules/@testing-library/react/dist/act-compat.js:46:25
      at renderRoot (node_modules/@testing-library/react/dist/pure.js:189:26)
      at render (node_modules/@testing-library/react/dist/pure.js:291:10)
      at Object.<anonymous> (src/app/login/responsive-layout.test.tsx:169:13)

  ● Responsive Layout - Comprehensive Tests › Requirement 6.2: Desktop Layout (width >= 768px) › should maintain centered card layout on desktop

    TypeError: Cannot read properties of undefined (reading 'state')

      91 |
      92 |       {/* Status Message Display */}
    > 93 |       {status.state !== 'idle' && (
         |               ^
      94 |         <div
      95 |           role="status"
      96 |           aria-live="polite"

      at state (src/components/LoginForm.tsx:93:15)
      at renderWithHooks (node_modules/react-dom/cjs/react-dom.development.js:15486:18)
      at mountIndeterminateComponent (node_modules/react-dom/cjs/react-dom.development.js:20103:13)
      at beginWork (node_modules/react-dom/cjs/react-dom.development.js:21626:16)
      at beginWork$1 (node_modules/react-dom/cjs/react-dom.development.js:27465:14)
      at performUnitOfWork (node_modules/react-dom/cjs/react-dom.development.js:26599:12)
      at workLoopSync (node_modules/react-dom/cjs/react-dom.development.js:26505:5)
      at renderRootSync (node_modules/react-dom/cjs/react-dom.development.js:26473:7)
      at recoverFromConcurrentError (node_modules/react-dom/cjs/react-dom.development.js:25889:20)
      at performConcurrentWorkOnRoot (node_modules/react-dom/cjs/react-dom.development.js:25789:22)
      at flushActQueue (node_modules/react/cjs/react.development.js:2667:24)
      at act (node_modules/react/cjs/react.development.js:2582:11)
      at node_modules/@testing-library/react/dist/act-compat.js:46:25
      at renderRoot (node_modules/@testing-library/react/dist/pure.js:189:26)
      at render (node_modules/@testing-library/react/dist/pure.js:291:10)
      at Object.<anonymous> (src/app/login/responsive-layout.test.tsx:176:35)

  ● Responsive Layout - Comprehensive Tests › Requirement 6.4: Touch-Friendly Button Sizes (minimum 44x44px) › should render submit button with minimum height of 44px on mobile

    TypeError: Cannot read properties of undefined (reading 'state')

      91 |
      92 |       {/* Status Message Display */}
    > 93 |       {status.state !== 'idle' && (
         |               ^
      94 |         <div
      95 |           role="status"
      96 |           aria-live="polite"

      at state (src/components/LoginForm.tsx:93:15)
      at renderWithHooks (node_modules/react-dom/cjs/react-dom.development.js:15486:18)
      at mountIndeterminateComponent (node_modules/react-dom/cjs/react-dom.development.js:20103:13)
      at beginWork (node_modules/react-dom/cjs/react-dom.development.js:21626:16)
      at beginWork$1 (node_modules/react-dom/cjs/react-dom.development.js:27465:14)
      at performUnitOfWork (node_modules/react-dom/cjs/react-dom.development.js:26599:12)
      at workLoopSync (node_modules/react-dom/cjs/react-dom.development.js:26505:5)
      at renderRootSync (node_modules/react-dom/cjs/react-dom.development.js:26473:7)
      at recoverFromConcurrentError (node_modules/react-dom/cjs/react-dom.development.js:25889:20)
      at performConcurrentWorkOnRoot (node_modules/react-dom/cjs/react-dom.development.js:25789:22)
      at flushActQueue (node_modules/react/cjs/react.development.js:2667:24)
      at act (node_modules/react/cjs/react.development.js:2582:11)
      at node_modules/@testing-library/react/dist/act-compat.js:46:25
      at renderRoot (node_modules/@testing-library/react/dist/pure.js:189:26)
      at render (node_modules/@testing-library/react/dist/pure.js:291:10)
      at Object.<anonymous> (src/app/login/responsive-layout.test.tsx:185:13)

  ● Responsive Layout - Comprehensive Tests › Requirement 6.4: Touch-Friendly Button Sizes (minimum 44x44px) › should render password visibility toggle with minimum 44x44px touch target

    TypeError: Cannot read properties of undefined (reading 'state')

      91 |
      92 |       {/* Status Message Display */}
    > 93 |       {status.state !== 'idle' && (
         |               ^
      94 |         <div
      95 |           role="status"
      96 |           aria-live="polite"

      at state (src/components/LoginForm.tsx:93:15)
      at renderWithHooks (node_modules/react-dom/cjs/react-dom.development.js:15486:18)
      at mountIndeterminateComponent (node_modules/react-dom/cjs/react-dom.development.js:20103:13)
      at beginWork (node_modules/react-dom/cjs/react-dom.development.js:21626:16)
      at beginWork$1 (node_modules/react-dom/cjs/react-dom.development.js:27465:14)
      at performUnitOfWork (node_modules/react-dom/cjs/react-dom.development.js:26599:12)
      at workLoopSync (node_modules/react-dom/cjs/react-dom.development.js:26505:5)
      at renderRootSync (node_modules/react-dom/cjs/react-dom.development.js:26473:7)
      at recoverFromConcurrentError (node_modules/react-dom/cjs/react-dom.development.js:25889:20)
      at performConcurrentWorkOnRoot (node_modules/react-dom/cjs/react-dom.development.js:25789:22)
      at flushActQueue (node_modules/react/cjs/react.development.js:2667:24)
      at act (node_modules/react/cjs/react.development.js:2582:11)
      at node_modules/@testing-library/react/dist/act-compat.js:46:25
      at renderRoot (node_modules/@testing-library/react/dist/pure.js:189:26)
      at render (node_modules/@testing-library/react/dist/pure.js:291:10)
      at Object.<anonymous> (src/app/login/responsive-layout.test.tsx:195:13)

  ● Responsive Layout - Comprehensive Tests › Requirement 6.4: Touch-Friendly Button Sizes (minimum 44x44px) › should render email input with minimum height of 44px on mobile

    TypeError: Cannot read properties of undefined (reading 'state')

      91 |
      92 |       {/* Status Message Display */}
    > 93 |       {status.state !== 'idle' && (
         |               ^
      94 |         <div
      95 |           role="status"
      96 |           aria-live="polite"

      at state (src/components/LoginForm.tsx:93:15)
      at renderWithHooks (node_modules/react-dom/cjs/react-dom.development.js:15486:18)
      at mountIndeterminateComponent (node_modules/react-dom/cjs/react-dom.development.js:20103:13)
      at beginWork (node_modules/react-dom/cjs/react-dom.development.js:21626:16)
      at beginWork$1 (node_modules/react-dom/cjs/react-dom.development.js:27465:14)
      at performUnitOfWork (node_modules/react-dom/cjs/react-dom.development.js:26599:12)
      at workLoopSync (node_modules/react-dom/cjs/react-dom.development.js:26505:5)
      at renderRootSync (node_modules/react-dom/cjs/react-dom.development.js:26473:7)
      at recoverFromConcurrentError (node_modules/react-dom/cjs/react-dom.development.js:25889:20)
      at performConcurrentWorkOnRoot (node_modules/react-dom/cjs/react-dom.development.js:25789:22)
      at flushActQueue (node_modules/react/cjs/react.development.js:2667:24)
      at act (node_modules/react/cjs/react.development.js:2582:11)
      at node_modules/@testing-library/react/dist/act-compat.js:46:25
      at renderRoot (node_modules/@testing-library/react/dist/pure.js:189:26)
      at render (node_modules/@testing-library/react/dist/pure.js:291:10)
      at Object.<anonymous> (src/app/login/responsive-layout.test.tsx:205:13)

  ● Responsive Layout - Comprehensive Tests › Requirement 6.4: Touch-Friendly Button Sizes (minimum 44x44px) › should render password input with minimum height of 44px on mobile

    TypeError: Cannot read properties of undefined (reading 'state')

      91 |
      92 |       {/* Status Message Display */}
    > 93 |       {status.state !== 'idle' && (
         |               ^
      94 |         <div
      95 |           role="status"
      96 |           aria-live="polite"

      at state (src/components/LoginForm.tsx:93:15)
      at renderWithHooks (node_modules/react-dom/cjs/react-dom.development.js:15486:18)
      at mountIndeterminateComponent (node_modules/react-dom/cjs/react-dom.development.js:20103:13)
      at beginWork (node_modules/react-dom/cjs/react-dom.development.js:21626:16)
      at beginWork$1 (node_modules/react-dom/cjs/react-dom.development.js:27465:14)
      at performUnitOfWork (node_modules/react-dom/cjs/react-dom.development.js:26599:12)
      at workLoopSync (node_modules/react-dom/cjs/react-dom.development.js:26505:5)
      at renderRootSync (node_modules/react-dom/cjs/react-dom.development.js:26473:7)
      at recoverFromConcurrentError (node_modules/react-dom/cjs/react-dom.development.js:25889:20)
      at performConcurrentWorkOnRoot (node_modules/react-dom/cjs/react-dom.development.js:25789:22)
      at flushActQueue (node_modules/react/cjs/react.development.js:2667:24)
      at act (node_modules/react/cjs/react.development.js:2582:11)
      at node_modules/@testing-library/react/dist/act-compat.js:46:25
      at renderRoot (node_modules/@testing-library/react/dist/pure.js:189:26)
      at render (node_modules/@testing-library/react/dist/pure.js:291:10)
      at Object.<anonymous> (src/app/login/responsive-layout.test.tsx:215:13)

  ● Responsive Layout - Comprehensive Tests › Requirement 6.4: Touch-Friendly Button Sizes (minimum 44x44px) › should use larger button size on desktop (md:min-h-[48px])

    TypeError: Cannot read properties of undefined (reading 'state')

      91 |
      92 |       {/* Status Message Display */}
    > 93 |       {status.state !== 'idle' && (
         |               ^
      94 |         <div
      95 |           role="status"
      96 |           aria-live="polite"

      at state (src/components/LoginForm.tsx:93:15)
      at renderWithHooks (node_modules/react-dom/cjs/react-dom.development.js:15486:18)
      at mountIndeterminateComponent (node_modules/react-dom/cjs/react-dom.development.js:20103:13)
      at beginWork (node_modules/react-dom/cjs/react-dom.development.js:21626:16)
      at beginWork$1 (node_modules/react-dom/cjs/react-dom.development.js:27465:14)
      at performUnitOfWork (node_modules/react-dom/cjs/react-dom.development.js:26599:12)
      at workLoopSync (node_modules/react-dom/cjs/react-dom.development.js:26505:5)
      at renderRootSync (node_modules/react-dom/cjs/react-dom.development.js:26473:7)
      at recoverFromConcurrentError (node_modules/react-dom/cjs/react-dom.development.js:25889:20)
      at performConcurrentWorkOnRoot (node_modules/react-dom/cjs/react-dom.development.js:25789:22)
      at flushActQueue (node_modules/react/cjs/react.development.js:2667:24)
      at act (node_modules/react/cjs/react.development.js:2582:11)
      at node_modules/@testing-library/react/dist/act-compat.js:46:25
      at renderRoot (node_modules/@testing-library/react/dist/pure.js:189:26)
      at render (node_modules/@testing-library/react/dist/pure.js:291:10)
      at Object.<anonymous> (src/app/login/responsive-layout.test.tsx:225:13)

  ● Responsive Layout - Comprehensive Tests › Requirement 6.4: Touch-Friendly Button Sizes (minimum 44x44px) › should use smaller toggle button on desktop (md:min-w-[36px] md:min-h-[36px])

    TypeError: Cannot read properties of undefined (reading 'state')

      91 |
      92 |       {/* Status Message Display */}
    > 93 |       {status.state !== 'idle' && (
         |               ^
      94 |         <div
      95 |           role="status"
      96 |           aria-live="polite"

      at state (src/components/LoginForm.tsx:93:15)
      at renderWithHooks (node_modules/react-dom/cjs/react-dom.development.js:15486:18)
      at mountIndeterminateComponent (node_modules/react-dom/cjs/react-dom.development.js:20103:13)
      at beginWork (node_modules/react-dom/cjs/react-dom.development.js:21626:16)
      at beginWork$1 (node_modules/react-dom/cjs/react-dom.development.js:27465:14)
      at performUnitOfWork (node_modules/react-dom/cjs/react-dom.development.js:26599:12)
      at workLoopSync (node_modules/react-dom/cjs/react-dom.development.js:26505:5)
      at renderRootSync (node_modules/react-dom/cjs/react-dom.development.js:26473:7)
      at recoverFromConcurrentError (node_modules/react-dom/cjs/react-dom.development.js:25889:20)
      at performConcurrentWorkOnRoot (node_modules/react-dom/cjs/react-dom.development.js:25789:22)
      at flushActQueue (node_modules/react/cjs/react.development.js:2667:24)
      at act (node_modules/react/cjs/react.development.js:2582:11)
      at node_modules/@testing-library/react/dist/act-compat.js:46:25
      at renderRoot (node_modules/@testing-library/react/dist/pure.js:189:26)
      at render (node_modules/@testing-library/react/dist/pure.js:291:10)
      at Object.<anonymous> (src/app/login/responsive-layout.test.tsx:234:13)

  ● Responsive Layout - Comprehensive Tests › Requirement 6.4: Touch-Friendly Button Sizes (minimum 44x44px) › should use smaller input height on desktop (md:min-h-[40px])

    TypeError: Cannot read properties of undefined (reading 'state')

      91 |
      92 |       {/* Status Message Display */}
    > 93 |       {status.state !== 'idle' && (
         |               ^
      94 |         <div
      95 |           role="status"
      96 |           aria-live="polite"

      at state (src/components/LoginForm.tsx:93:15)
      at renderWithHooks (node_modules/react-dom/cjs/react-dom.development.js:15486:18)
      at mountIndeterminateComponent (node_modules/react-dom/cjs/react-dom.development.js:20103:13)
      at beginWork (node_modules/react-dom/cjs/react-dom.development.js:21626:16)
      at beginWork$1 (node_modules/react-dom/cjs/react-dom.development.js:27465:14)
      at performUnitOfWork (node_modules/react-dom/cjs/react-dom.development.js:26599:12)
      at workLoopSync (node_modules/react-dom/cjs/react-dom.development.js:26505:5)
      at renderRootSync (node_modules/react-dom/cjs/react-dom.development.js:26473:7)
      at recoverFromConcurrentError (node_modules/react-dom/cjs/react-dom.development.js:25889:20)
      at performConcurrentWorkOnRoot (node_modules/react-dom/cjs/react-dom.development.js:25789:22)
      at flushActQueue (node_modules/react/cjs/react.development.js:2667:24)
      at act (node_modules/react/cjs/react.development.js:2582:11)
      at node_modules/@testing-library/react/dist/act-compat.js:46:25
      at renderRoot (node_modules/@testing-library/react/dist/pure.js:189:26)
      at render (node_modules/@testing-library/react/dist/pure.js:291:10)
      at Object.<anonymous> (src/app/login/responsive-layout.test.tsx:243:13)

  ● Responsive Layout - Comprehensive Tests › Requirement 6.4: Touch-Friendly Button Sizes (minimum 44x44px) › should have proper spacing between form elements for touch targets

    TypeError: Cannot read properties of undefined (reading 'state')

      91 |
      92 |       {/* Status Message Display */}
    > 93 |       {status.state !== 'idle' && (
         |               ^
      94 |         <div
      95 |           role="status"
      96 |           aria-live="polite"

      at state (src/components/LoginForm.tsx:93:15)
      at renderWithHooks (node_modules/react-dom/cjs/react-dom.development.js:15486:18)
      at mountIndeterminateComponent (node_modules/react-dom/cjs/react-dom.development.js:20103:13)
      at beginWork (node_modules/react-dom/cjs/react-dom.development.js:21626:16)
      at beginWork$1 (node_modules/react-dom/cjs/react-dom.development.js:27465:14)
      at performUnitOfWork (node_modules/react-dom/cjs/react-dom.development.js:26599:12)
      at workLoopSync (node_modules/react-dom/cjs/react-dom.development.js:26505:5)
      at renderRootSync (node_modules/react-dom/cjs/react-dom.development.js:26473:7)
      at recoverFromConcurrentError (node_modules/react-dom/cjs/react-dom.development.js:25889:20)
      at performConcurrentWorkOnRoot (node_modules/react-dom/cjs/react-dom.development.js:25789:22)
      at flushActQueue (node_modules/react/cjs/react.development.js:2667:24)
      at act (node_modules/react/cjs/react.development.js:2582:11)
      at node_modules/@testing-library/react/dist/act-compat.js:46:25
      at renderRoot (node_modules/@testing-library/react/dist/pure.js:189:26)
      at render (node_modules/@testing-library/react/dist/pure.js:291:10)
      at Object.<anonymous> (src/app/login/responsive-layout.test.tsx:254:35)

  ● Responsive Layout - Comprehensive Tests › Requirement 6.4: Touch-Friendly Button Sizes (minimum 44x44px) › should have proper padding in card content for touch targets

    TypeError: Cannot read properties of undefined (reading 'state')

      91 |
      92 |       {/* Status Message Display */}
    > 93 |       {status.state !== 'idle' && (
         |               ^
      94 |         <div
      95 |           role="status"
      96 |           aria-live="polite"

      at state (src/components/LoginForm.tsx:93:15)
      at renderWithHooks (node_modules/react-dom/cjs/react-dom.development.js:15486:18)
      at mountIndeterminateComponent (node_modules/react-dom/cjs/react-dom.development.js:20103:13)
      at beginWork (node_modules/react-dom/cjs/react-dom.development.js:21626:16)
      at beginWork$1 (node_modules/react-dom/cjs/react-dom.development.js:27465:14)
      at performUnitOfWork (node_modules/react-dom/cjs/react-dom.development.js:26599:12)
      at workLoopSync (node_modules/react-dom/cjs/react-dom.development.js:26505:5)
      at renderRootSync (node_modules/react-dom/cjs/react-dom.development.js:26473:7)
      at recoverFromConcurrentError (node_modules/react-dom/cjs/react-dom.development.js:25889:20)
      at performConcurrentWorkOnRoot (node_modules/react-dom/cjs/react-dom.development.js:25789:22)
      at flushActQueue (node_modules/react/cjs/react.development.js:2667:24)
      at act (node_modules/react/cjs/react.development.js:2582:11)
      at node_modules/@testing-library/react/dist/act-compat.js:46:25
      at renderRoot (node_modules/@testing-library/react/dist/pure.js:189:26)
      at render (node_modules/@testing-library/react/dist/pure.js:291:10)
      at Object.<anonymous> (src/app/login/responsive-layout.test.tsx:264:13)

  ● Responsive Layout - Comprehensive Tests › Requirement 6.4: Touch-Friendly Button Sizes (minimum 44x44px) › should have proper spacing in card header

    TypeError: Cannot read properties of undefined (reading 'state')

      91 |
      92 |       {/* Status Message Display */}
    > 93 |       {status.state !== 'idle' && (
         |               ^
      94 |         <div
      95 |           role="status"
      96 |           aria-live="polite"

      at state (src/components/LoginForm.tsx:93:15)
      at renderWithHooks (node_modules/react-dom/cjs/react-dom.development.js:15486:18)
      at mountIndeterminateComponent (node_modules/react-dom/cjs/react-dom.development.js:20103:13)
      at beginWork (node_modules/react-dom/cjs/react-dom.development.js:21626:16)
      at beginWork$1 (node_modules/react-dom/cjs/react-dom.development.js:27465:14)
      at performUnitOfWork (node_modules/react-dom/cjs/react-dom.development.js:26599:12)
      at workLoopSync (node_modules/react-dom/cjs/react-dom.development.js:26505:5)
      at renderRootSync (node_modules/react-dom/cjs/react-dom.development.js:26473:7)
      at recoverFromConcurrentError (node_modules/react-dom/cjs/react-dom.development.js:25889:20)
      at performConcurrentWorkOnRoot (node_modules/react-dom/cjs/react-dom.development.js:25789:22)
      at flushActQueue (node_modules/react/cjs/react.development.js:2667:24)
      at act (node_modules/react/cjs/react.development.js:2582:11)
      at node_modules/@testing-library/react/dist/act-compat.js:46:25
      at renderRoot (node_modules/@testing-library/react/dist/pure.js:189:26)
      at render (node_modules/@testing-library/react/dist/pure.js:291:10)
      at Object.<anonymous> (src/app/login/responsive-layout.test.tsx:273:13)

  ● Responsive Layout - Comprehensive Tests › Responsive Text Sizing › should use responsive font sizes for title

    TypeError: Cannot read properties of undefined (reading 'state')

      91 |
      92 |       {/* Status Message Display */}
    > 93 |       {status.state !== 'idle' && (
         |               ^
      94 |         <div
      95 |           role="status"
      96 |           aria-live="polite"

      at state (src/components/LoginForm.tsx:93:15)
      at renderWithHooks (node_modules/react-dom/cjs/react-dom.development.js:15486:18)
      at mountIndeterminateComponent (node_modules/react-dom/cjs/react-dom.development.js:20103:13)
      at beginWork (node_modules/react-dom/cjs/react-dom.development.js:21626:16)
      at beginWork$1 (node_modules/react-dom/cjs/react-dom.development.js:27465:14)
      at performUnitOfWork (node_modules/react-dom/cjs/react-dom.development.js:26599:12)
      at workLoopSync (node_modules/react-dom/cjs/react-dom.development.js:26505:5)
      at renderRootSync (node_modules/react-dom/cjs/react-dom.development.js:26473:7)
      at recoverFromConcurrentError (node_modules/react-dom/cjs/react-dom.development.js:25889:20)
      at performConcurrentWorkOnRoot (node_modules/react-dom/cjs/react-dom.development.js:25789:22)
      at flushActQueue (node_modules/react/cjs/react.development.js:2667:24)
      at act (node_modules/react/cjs/react.development.js:2582:11)
      at node_modules/@testing-library/react/dist/act-compat.js:46:25
      at renderRoot (node_modules/@testing-library/react/dist/pure.js:189:26)
      at render (node_modules/@testing-library/react/dist/pure.js:291:10)
      at Object.<anonymous> (src/app/login/responsive-layout.test.tsx:284:13)

  ● Responsive Layout - Comprehensive Tests › Responsive Text Sizing › should use responsive font sizes for description

    TypeError: Cannot read properties of undefined (reading 'state')

      91 |
      92 |       {/* Status Message Display */}
    > 93 |       {status.state !== 'idle' && (
         |               ^
      94 |         <div
      95 |           role="status"
      96 |           aria-live="polite"

      at state (src/components/LoginForm.tsx:93:15)
      at renderWithHooks (node_modules/react-dom/cjs/react-dom.development.js:15486:18)
      at mountIndeterminateComponent (node_modules/react-dom/cjs/react-dom.development.js:20103:13)
      at beginWork (node_modules/react-dom/cjs/react-dom.development.js:21626:16)
      at beginWork$1 (node_modules/react-dom/cjs/react-dom.development.js:27465:14)
      at performUnitOfWork (node_modules/react-dom/cjs/react-dom.development.js:26599:12)
      at workLoopSync (node_modules/react-dom/cjs/react-dom.development.js:26505:5)
      at renderRootSync (node_modules/react-dom/cjs/react-dom.development.js:26473:7)
      at recoverFromConcurrentError (node_modules/react-dom/cjs/react-dom.development.js:25889:20)
      at performConcurrentWorkOnRoot (node_modules/react-dom/cjs/react-dom.development.js:25789:22)
      at flushActQueue (node_modules/react/cjs/react.development.js:2667:24)
      at act (node_modules/react/cjs/react.development.js:2582:11)
      at node_modules/@testing-library/react/dist/act-compat.js:46:25
      at renderRoot (node_modules/@testing-library/react/dist/pure.js:189:26)
      at render (node_modules/@testing-library/react/dist/pure.js:291:10)
      at Object.<anonymous> (src/app/login/responsive-layout.test.tsx:293:13)

  ● Responsive Layout - Comprehensive Tests › Responsive Text Sizing › should use base text size for inputs

    TypeError: Cannot read properties of undefined (reading 'state')

      91 |
      92 |       {/* Status Message Display */}
    > 93 |       {status.state !== 'idle' && (
         |               ^
      94 |         <div
      95 |           role="status"
      96 |           aria-live="polite"

      at state (src/components/LoginForm.tsx:93:15)
      at renderWithHooks (node_modules/react-dom/cjs/react-dom.development.js:15486:18)
      at mountIndeterminateComponent (node_modules/react-dom/cjs/react-dom.development.js:20103:13)
      at beginWork (node_modules/react-dom/cjs/react-dom.development.js:21626:16)
      at beginWork$1 (node_modules/react-dom/cjs/react-dom.development.js:27465:14)
      at performUnitOfWork (node_modules/react-dom/cjs/react-dom.development.js:26599:12)
      at workLoopSync (node_modules/react-dom/cjs/react-dom.development.js:26505:5)
      at renderRootSync (node_modules/react-dom/cjs/react-dom.development.js:26473:7)
      at recoverFromConcurrentError (node_modules/react-dom/cjs/react-dom.development.js:25889:20)
      at performConcurrentWorkOnRoot (node_modules/react-dom/cjs/react-dom.development.js:25789:22)
      at flushActQueue (node_modules/react/cjs/react.development.js:2667:24)
      at act (node_modules/react/cjs/react.development.js:2582:11)
      at node_modules/@testing-library/react/dist/act-compat.js:46:25
      at renderRoot (node_modules/@testing-library/react/dist/pure.js:189:26)
      at render (node_modules/@testing-library/react/dist/pure.js:291:10)
      at Object.<anonymous> (src/app/login/responsive-layout.test.tsx:302:13)

  ● Responsive Layout - Comprehensive Tests › Responsive Text Sizing › should use smaller text on desktop for inputs (md:text-sm)

    TypeError: Cannot read properties of undefined (reading 'state')

      91 |
      92 |       {/* Status Message Display */}
    > 93 |       {status.state !== 'idle' && (
         |               ^
      94 |         <div
      95 |           role="status"
      96 |           aria-live="polite"

      at state (src/components/LoginForm.tsx:93:15)
      at renderWithHooks (node_modules/react-dom/cjs/react-dom.development.js:15486:18)
      at mountIndeterminateComponent (node_modules/react-dom/cjs/react-dom.development.js:20103:13)
      at beginWork (node_modules/react-dom/cjs/react-dom.development.js:21626:16)
      at beginWork$1 (node_modules/react-dom/cjs/react-dom.development.js:27465:14)
      at performUnitOfWork (node_modules/react-dom/cjs/react-dom.development.js:26599:12)
      at workLoopSync (node_modules/react-dom/cjs/react-dom.development.js:26505:5)
      at renderRootSync (node_modules/react-dom/cjs/react-dom.development.js:26473:7)
      at recoverFromConcurrentError (node_modules/react-dom/cjs/react-dom.development.js:25889:20)
      at performConcurrentWorkOnRoot (node_modules/react-dom/cjs/react-dom.development.js:25789:22)
      at flushActQueue (node_modules/react/cjs/react.development.js:2667:24)
      at act (node_modules/react/cjs/react.development.js:2582:11)
      at node_modules/@testing-library/react/dist/act-compat.js:46:25
      at renderRoot (node_modules/@testing-library/react/dist/pure.js:189:26)
      at render (node_modules/@testing-library/react/dist/pure.js:291:10)
      at Object.<anonymous> (src/app/login/responsive-layout.test.tsx:313:13)

  ● Responsive Layout - Comprehensive Tests › Background and Container Styling › should have light gray background

    TypeError: Cannot read properties of undefined (reading 'state')

      91 |
      92 |       {/* Status Message Display */}
    > 93 |       {status.state !== 'idle' && (
         |               ^
      94 |         <div
      95 |           role="status"
      96 |           aria-live="polite"

      at state (src/components/LoginForm.tsx:93:15)
      at renderWithHooks (node_modules/react-dom/cjs/react-dom.development.js:15486:18)
      at mountIndeterminateComponent (node_modules/react-dom/cjs/react-dom.development.js:20103:13)
      at beginWork (node_modules/react-dom/cjs/react-dom.development.js:21626:16)
      at beginWork$1 (node_modules/react-dom/cjs/react-dom.development.js:27465:14)
      at performUnitOfWork (node_modules/react-dom/cjs/react-dom.development.js:26599:12)
      at workLoopSync (node_modules/react-dom/cjs/react-dom.development.js:26505:5)
      at renderRootSync (node_modules/react-dom/cjs/react-dom.development.js:26473:7)
      at recoverFromConcurrentError (node_modules/react-dom/cjs/react-dom.development.js:25889:20)
      at performConcurrentWorkOnRoot (node_modules/react-dom/cjs/react-dom.development.js:25789:22)
      at flushActQueue (node_modules/react/cjs/react.development.js:2667:24)
      at act (node_modules/react/cjs/react.development.js:2582:11)
      at node_modules/@testing-library/react/dist/act-compat.js:46:25
      at renderRoot (node_modules/@testing-library/react/dist/pure.js:189:26)
      at render (node_modules/@testing-library/react/dist/pure.js:291:10)
      at Object.<anonymous> (src/app/login/responsive-layout.test.tsx:326:35)

  ● Responsive Layout - Comprehensive Tests › Background and Container Styling › should take full viewport height

    TypeError: Cannot read properties of undefined (reading 'state')

      91 |
      92 |       {/* Status Message Display */}
    > 93 |       {status.state !== 'idle' && (
         |               ^
      94 |         <div
      95 |           role="status"
      96 |           aria-live="polite"

      at state (src/components/LoginForm.tsx:93:15)
      at renderWithHooks (node_modules/react-dom/cjs/react-dom.development.js:15486:18)
      at mountIndeterminateComponent (node_modules/react-dom/cjs/react-dom.development.js:20103:13)
      at beginWork (node_modules/react-dom/cjs/react-dom.development.js:21626:16)
      at beginWork$1 (node_modules/react-dom/cjs/react-dom.development.js:27465:14)
      at performUnitOfWork (node_modules/react-dom/cjs/react-dom.development.js:26599:12)
      at workLoopSync (node_modules/react-dom/cjs/react-dom.development.js:26505:5)
      at renderRootSync (node_modules/react-dom/cjs/react-dom.development.js:26473:7)
      at recoverFromConcurrentError (node_modules/react-dom/cjs/react-dom.development.js:25889:20)
      at performConcurrentWorkOnRoot (node_modules/react-dom/cjs/react-dom.development.js:25789:22)
      at flushActQueue (node_modules/react/cjs/react.development.js:2667:24)
      at act (node_modules/react/cjs/react.development.js:2582:11)
      at node_modules/@testing-library/react/dist/act-compat.js:46:25
      at renderRoot (node_modules/@testing-library/react/dist/pure.js:189:26)
      at render (node_modules/@testing-library/react/dist/pure.js:291:10)
      at Object.<anonymous> (src/app/login/responsive-layout.test.tsx:333:35)

  ● Responsive Layout - Comprehensive Tests › Background and Container Styling › should use flexbox for centering

    TypeError: Cannot read properties of undefined (reading 'state')

      91 |
      92 |       {/* Status Message Display */}
    > 93 |       {status.state !== 'idle' && (
         |               ^
      94 |         <div
      95 |           role="status"
      96 |           aria-live="polite"

      at state (src/components/LoginForm.tsx:93:15)
      at renderWithHooks (node_modules/react-dom/cjs/react-dom.development.js:15486:18)
      at mountIndeterminateComponent (node_modules/react-dom/cjs/react-dom.development.js:20103:13)
      at beginWork (node_modules/react-dom/cjs/react-dom.development.js:21626:16)
      at beginWork$1 (node_modules/react-dom/cjs/react-dom.development.js:27465:14)
      at performUnitOfWork (node_modules/react-dom/cjs/react-dom.development.js:26599:12)
      at workLoopSync (node_modules/react-dom/cjs/react-dom.development.js:26505:5)
      at renderRootSync (node_modules/react-dom/cjs/react-dom.development.js:26473:7)
      at recoverFromConcurrentError (node_modules/react-dom/cjs/react-dom.development.js:25889:20)
      at performConcurrentWorkOnRoot (node_modules/react-dom/cjs/react-dom.development.js:25789:22)
      at flushActQueue (node_modules/react/cjs/react.development.js:2667:24)
      at act (node_modules/react/cjs/react.development.js:2582:11)
      at node_modules/@testing-library/react/dist/act-compat.js:46:25
      at renderRoot (node_modules/@testing-library/react/dist/pure.js:189:26)
      at render (node_modules/@testing-library/react/dist/pure.js:291:10)
      at Object.<anonymous> (src/app/login/responsive-layout.test.tsx:340:35)

  ● Responsive Layout - Comprehensive Tests › Accessibility and Semantic Structure › should have proper heading hierarchy

    TypeError: Cannot read properties of undefined (reading 'state')

      91 |
      92 |       {/* Status Message Display */}
    > 93 |       {status.state !== 'idle' && (
         |               ^
      94 |         <div
      95 |           role="status"
      96 |           aria-live="polite"

      at state (src/components/LoginForm.tsx:93:15)
      at renderWithHooks (node_modules/react-dom/cjs/react-dom.development.js:15486:18)
      at mountIndeterminateComponent (node_modules/react-dom/cjs/react-dom.development.js:20103:13)
      at beginWork (node_modules/react-dom/cjs/react-dom.development.js:21626:16)
      at beginWork$1 (node_modules/react-dom/cjs/react-dom.development.js:27465:14)
      at performUnitOfWork (node_modules/react-dom/cjs/react-dom.development.js:26599:12)
      at workLoopSync (node_modules/react-dom/cjs/react-dom.development.js:26505:5)
      at renderRootSync (node_modules/react-dom/cjs/react-dom.development.js:26473:7)
      at recoverFromConcurrentError (node_modules/react-dom/cjs/react-dom.development.js:25889:20)
      at performConcurrentWorkOnRoot (node_modules/react-dom/cjs/react-dom.development.js:25789:22)
      at flushActQueue (node_modules/react/cjs/react.development.js:2667:24)
      at act (node_modules/react/cjs/react.development.js:2582:11)
      at node_modules/@testing-library/react/dist/act-compat.js:46:25
      at renderRoot (node_modules/@testing-library/react/dist/pure.js:189:26)
      at render (node_modules/@testing-library/react/dist/pure.js:291:10)
      at Object.<anonymous> (src/app/login/responsive-layout.test.tsx:349:13)

  ● Responsive Layout - Comprehensive Tests › Accessibility and Semantic Structure › should have descriptive text for users

    TypeError: Cannot read properties of undefined (reading 'state')

      91 |
      92 |       {/* Status Message Display */}
    > 93 |       {status.state !== 'idle' && (
         |               ^
      94 |         <div
      95 |           role="status"
      96 |           aria-live="polite"

      at state (src/components/LoginForm.tsx:93:15)
      at renderWithHooks (node_modules/react-dom/cjs/react-dom.development.js:15486:18)
      at mountIndeterminateComponent (node_modules/react-dom/cjs/react-dom.development.js:20103:13)
      at beginWork (node_modules/react-dom/cjs/react-dom.development.js:21626:16)
      at beginWork$1 (node_modules/react-dom/cjs/react-dom.development.js:27465:14)
      at performUnitOfWork (node_modules/react-dom/cjs/react-dom.development.js:26599:12)
      at workLoopSync (node_modules/react-dom/cjs/react-dom.development.js:26505:5)
      at renderRootSync (node_modules/react-dom/cjs/react-dom.development.js:26473:7)
      at recoverFromConcurrentError (node_modules/react-dom/cjs/react-dom.development.js:25889:20)
      at performConcurrentWorkOnRoot (node_modules/react-dom/cjs/react-dom.development.js:25789:22)
      at flushActQueue (node_modules/react/cjs/react.development.js:2667:24)
      at act (node_modules/react/cjs/react.development.js:2582:11)
      at node_modules/@testing-library/react/dist/act-compat.js:46:25
      at renderRoot (node_modules/@testing-library/react/dist/pure.js:189:26)
      at render (node_modules/@testing-library/react/dist/pure.js:291:10)
      at Object.<anonymous> (src/app/login/responsive-layout.test.tsx:357:13)

  ● Responsive Layout - Comprehensive Tests › Accessibility and Semantic Structure › should wrap content in error boundary for error handling

    TypeError: Cannot read properties of undefined (reading 'state')

      91 |
      92 |       {/* Status Message Display */}
    > 93 |       {status.state !== 'idle' && (
         |               ^
      94 |         <div
      95 |           role="status"
      96 |           aria-live="polite"

      at state (src/components/LoginForm.tsx:93:15)
      at renderWithHooks (node_modules/react-dom/cjs/react-dom.development.js:15486:18)
      at mountIndeterminateComponent (node_modules/react-dom/cjs/react-dom.development.js:20103:13)
      at beginWork (node_modules/react-dom/cjs/react-dom.development.js:21626:16)
      at beginWork$1 (node_modules/react-dom/cjs/react-dom.development.js:27465:14)
      at performUnitOfWork (node_modules/react-dom/cjs/react-dom.development.js:26599:12)
      at workLoopSync (node_modules/react-dom/cjs/react-dom.development.js:26505:5)
      at renderRootSync (node_modules/react-dom/cjs/react-dom.development.js:26473:7)
      at recoverFromConcurrentError (node_modules/react-dom/cjs/react-dom.development.js:25889:20)
      at performConcurrentWorkOnRoot (node_modules/react-dom/cjs/react-dom.development.js:25789:22)
      at flushActQueue (node_modules/react/cjs/react.development.js:2667:24)
      at act (node_modules/react/cjs/react.development.js:2582:11)
      at node_modules/@testing-library/react/dist/act-compat.js:46:25
      at renderRoot (node_modules/@testing-library/react/dist/pure.js:189:26)
      at render (node_modules/@testing-library/react/dist/pure.js:291:10)
      at Object.<anonymous> (src/app/login/responsive-layout.test.tsx:364:13)

  ● Responsive Layout - Comprehensive Tests › Accessibility and Semantic Structure › should provide signup link for new users

    TypeError: Cannot read properties of undefined (reading 'state')

      91 |
      92 |       {/* Status Message Display */}
    > 93 |       {status.state !== 'idle' && (
         |               ^
      94 |         <div
      95 |           role="status"
      96 |           aria-live="polite"

      at state (src/components/LoginForm.tsx:93:15)
      at renderWithHooks (node_modules/react-dom/cjs/react-dom.development.js:15486:18)
      at mountIndeterminateComponent (node_modules/react-dom/cjs/react-dom.development.js:20103:13)
      at beginWork (node_modules/react-dom/cjs/react-dom.development.js:21626:16)
      at beginWork$1 (node_modules/react-dom/cjs/react-dom.development.js:27465:14)
      at performUnitOfWork (node_modules/react-dom/cjs/react-dom.development.js:26599:12)
      at workLoopSync (node_modules/react-dom/cjs/react-dom.development.js:26505:5)
      at renderRootSync (node_modules/react-dom/cjs/react-dom.development.js:26473:7)
      at recoverFromConcurrentError (node_modules/react-dom/cjs/react-dom.development.js:25889:20)
      at performConcurrentWorkOnRoot (node_modules/react-dom/cjs/react-dom.development.js:25789:22)
      at flushActQueue (node_modules/react/cjs/react.development.js:2667:24)
      at act (node_modules/react/cjs/react.development.js:2582:11)
      at node_modules/@testing-library/react/dist/act-compat.js:46:25
      at renderRoot (node_modules/@testing-library/react/dist/pure.js:189:26)
      at render (node_modules/@testing-library/react/dist/pure.js:291:10)
      at Object.<anonymous> (src/app/login/responsive-layout.test.tsx:371:13)

FAIL src/app/register/RegisterPageClient.test.tsx (7.474 s)
  ● RegisterPageClient › Property-Based Tests › property: authenticated users redirect from register page

    Property failed after 1 tests
    { seed: -1882021296, path: "0:0", endOnFailure: true }
    Counterexample: [undefined]
    Shrunk 1 time(s)

    Hint: Enable verbose mode in order to have the list of all failing values encountered during the run

      at buildError (node_modules/fast-check/lib/cjs/check/runner/utils/RunDetailsFormatter.js:162:19)
      at asyncThrowIfFailed (node_modules/fast-check/lib/cjs/check/runner/utils/RunDetailsFormatter.js:176:11)

    Cause:
    expect(jest.fn()).toHaveBeenCalledWith(...expected)

    Expected: "/dashboard"

    Number of calls: 0

    Ignored nodes: comments, script, style
    [36m<html>[39m
      [36m<head />[39m
      [36m<body>[39m
        [36m<div>[39m
          [36m<div[39m
            [33mclass[39m=[32m"min-h-screen flex items-center justify-center bg-gray-50 px-4 py-12 sm:px-6 lg:px-8"[39m
          [36m>[39m
            [36m<div[39m
              [33mclass[39m=[32m"w-full max-w-md"[39m
            [36m>[39m
              [36m<div[39m
                [33mclass[39m=[32m"shadow-xl"[39m
              [36m>[39m
                [36m<div[39m
                  [33mclass[39m=[32m"space-y-2 text-center pb-6"[39m
                [36m>[39m
                  [36m<h1[39m
                    [33mclass[39m=[32m"text-2xl font-bold text-gray-900 sm:text-3xl"[39m
                  [36m>[39m
                    [0mCreate your account[0m
                  [36m</h1>[39m
                  [36m<p[39m
                    [33mclass[39m=[32m"text-sm text-gray-600 sm:text-base"[39m
                  [36m>[39m
                    [0mSign up to get started with your tax preparation[0m
                  [36m</p>[39m
                [36m</div>[39m
                [36m<div[39m
                  [33mclass[39m=[32m"pb-8"[39m
                [36m>[39m
                  [36m<div[39m
                    [33mdata-testid[39m=[32m"registration-form"[39m
                  [36m>[39m
                    [36m<button>[39m
                      [0mRegister[0m
                    [36m</button>[39m
                  [36m</div>[39m
                [36m</div>[39m
              [36m</div>[39m
            [36m</div>[39m
          [36m</div>[39m
        [36m</div>[39m
        [36m<div>[39m
          [36m<div[39m
            [33mclass[39m=[32m"min-h-screen flex items-center justify-center bg-gray-50 px-4 py-12 sm:px-6 lg:px-8"[39m
          [36m>[39m
            [36m<div[39m
              [33mclass[39m=[32m"w-full max-w-md"[39m
            [36m>[39m
              [36m<div[39m
                [33mclass[39m=[32m"shadow-xl"[39m
              [36m>[39m
                [36m<div[39m
                  [33mclass[39m=[32m"space-y-2 text-center pb-6"[39m
                [36m>[39m
                  [36m<h1[39m
                    [33mclass[39m=[32m"text-2xl font-bold text-gray-900 sm:text-3xl"[39m
                  [36m>[39m
                    [0mCreate your account[0m
                  [36m</h1>[39m
                  [36m<p[39m
                    [33mclass[39m=[32m"text-sm text-gray-600 sm:text-base"[39m
                  [36m>[39m
                    [0mSign up to get started with your tax preparation[0m
                  [36m</p>[39m
                [36m</div>[39m
                [36m<div[39m
                  [33mclass[39m=[32m"pb-8"[39m
                [36m>[39m
                  [36m<div[39m
                    [33mdata-testid[39m=[32m"registration-form"[39m
                  [36m>[39m
                    [36m<button>[39m
                      [0mRegister[0m
                    [36m</button>[39m
                  [36m</div>[39m
                [36m</div>[39m
              [36m</div>[39m
            [36m</div>[39m
          [36m</div>[39m
        [36m</div>[39m
      [36m</body>[39m
    [36m</html>[39m

      189 |             await waitFor(() => {
      190 |               const expectedUrl = callbackUrl || '/dashboard';
    > 191 |               expect(mockPush).toHaveBeenCalledWith(expectedUrl);
          |                                ^
      192 |             });
      193 |
      194 |             // Property: Registration form should NOT be rendered for authenticated users

      at toHaveBeenCalledWith (src/app/register/RegisterPageClient.test.tsx:191:32)
      at runWithExpensiveErrorDiagnosticsDisabled (node_modules/@testing-library/dom/dist/config.js:47:12)
      at checkCallback (node_modules/@testing-library/dom/dist/wait-for.js:124:77)
      at checkRealTimersCallback (node_modules/@testing-library/dom/dist/wait-for.js:118:16)
      at Timeout.task [as _onTimeout] (node_modules/jsdom/lib/jsdom/browser/Window.js:579:19)

  ● RegisterPageClient › Unit Tests › should redirect authenticated users to dashboard

    expect(jest.fn()).toHaveBeenCalledWith(...expected)

    Expected: "/dashboard"

    Number of calls: 0

    Ignored nodes: comments, script, style
    [36m<html>[39m
      [36m<head />[39m
      [36m<body>[39m
        [36m<div>[39m
          [36m<div[39m
            [33mclass[39m=[32m"min-h-screen flex items-center justify-center bg-gray-50 px-4 py-12 sm:px-6 lg:px-8"[39m
          [36m>[39m
            [36m<div[39m
              [33mclass[39m=[32m"w-full max-w-md"[39m
            [36m>[39m
              [36m<div[39m
                [33mclass[39m=[32m"shadow-xl"[39m
              [36m>[39m
                [36m<div[39m
                  [33mclass[39m=[32m"space-y-2 text-center pb-6"[39m
                [36m>[39m
                  [36m<h1[39m
                    [33mclass[39m=[32m"text-2xl font-bold text-gray-900 sm:text-3xl"[39m
                  [36m>[39m
                    [0mCreate your account[0m
                  [36m</h1>[39m
                  [36m<p[39m
                    [33mclass[39m=[32m"text-sm text-gray-600 sm:text-base"[39m
                  [36m>[39m
                    [0mSign up to get started with your tax preparation[0m
                  [36m</p>[39m
                [36m</div>[39m
                [36m<div[39m
                  [33mclass[39m=[32m"pb-8"[39m
                [36m>[39m
                  [36m<div[39m
                    [33mdata-testid[39m=[32m"registration-form"[39m
                  [36m>[39m
                    [36m<button>[39m
                      [0mRegister[0m
                    [36m</button>[39m
                  [36m</div>[39m
                [36m</div>[39m
              [36m</div>[39m
            [36m</div>[39m
          [36m</div>[39m
        [36m</div>[39m
      [36m</body>[39m
    [36m</html>[39m

      262 |
      263 |       await waitFor(() => {
    > 264 |         expect(mockPush).toHaveBeenCalledWith('/dashboard');
          |                          ^
      265 |       });
      266 |
      267 |       // Form should not be rendered

      at toHaveBeenCalledWith (src/app/register/RegisterPageClient.test.tsx:264:26)
      at runWithExpensiveErrorDiagnosticsDisabled (node_modules/@testing-library/dom/dist/config.js:47:12)
      at checkCallback (node_modules/@testing-library/dom/dist/wait-for.js:124:77)
      at checkRealTimersCallback (node_modules/@testing-library/dom/dist/wait-for.js:118:16)
      at Timeout.task [as _onTimeout] (node_modules/jsdom/lib/jsdom/browser/Window.js:579:19)

  ● RegisterPageClient › Unit Tests › should redirect authenticated users to custom callback URL

    expect(jest.fn()).toHaveBeenCalledWith(...expected)

    Expected: "/profile"

    Number of calls: 0

    Ignored nodes: comments, script, style
    [36m<html>[39m
      [36m<head />[39m
      [36m<body>[39m
        [36m<div>[39m
          [36m<div[39m
            [33mclass[39m=[32m"min-h-screen flex items-center justify-center bg-gray-50 px-4 py-12 sm:px-6 lg:px-8"[39m
          [36m>[39m
            [36m<div[39m
              [33mclass[39m=[32m"w-full max-w-md"[39m
            [36m>[39m
              [36m<div[39m
                [33mclass[39m=[32m"shadow-xl"[39m
              [36m>[39m
                [36m<div[39m
                  [33mclass[39m=[32m"space-y-2 text-center pb-6"[39m
                [36m>[39m
                  [36m<h1[39m
                    [33mclass[39m=[32m"text-2xl font-bold text-gray-900 sm:text-3xl"[39m
                  [36m>[39m
                    [0mCreate your account[0m
                  [36m</h1>[39m
                  [36m<p[39m
                    [33mclass[39m=[32m"text-sm text-gray-600 sm:text-base"[39m
                  [36m>[39m
                    [0mSign up to get started with your tax preparation[0m
                  [36m</p>[39m
                [36m</div>[39m
                [36m<div[39m
                  [33mclass[39m=[32m"pb-8"[39m
                [36m>[39m
                  [36m<div[39m
                    [33mdata-testid[39m=[32m"registration-form"[39m
                  [36m>[39m
                    [36m<button>[39m
                      [0mRegister[0m
                    [36m</button>[39m
                  [36m</div>[39m
                [36m</div>[39m
              [36m</div>[39m
            [36m</div>[39m
          [36m</div>[39m
        [36m</div>[39m
      [36m</body>[39m
    [36m</html>[39m

      279 |
      280 |       await waitFor(() => {
    > 281 |         expect(mockPush).toHaveBeenCalledWith('/profile');
          |                          ^
      282 |       });
      283 |     });
      284 |

      at toHaveBeenCalledWith (src/app/register/RegisterPageClient.test.tsx:281:26)
      at runWithExpensiveErrorDiagnosticsDisabled (node_modules/@testing-library/dom/dist/config.js:47:12)
      at checkCallback (node_modules/@testing-library/dom/dist/wait-for.js:124:77)
      at checkRealTimersCallback (node_modules/@testing-library/dom/dist/wait-for.js:118:16)
      at Timeout.task [as _onTimeout] (node_modules/jsdom/lib/jsdom/browser/Window.js:579:19)

  ● RegisterPageClient › Unit Tests › should render nothing while checking authentication

    expect(received).toBeNull()

    Received: <div class="min-h-screen flex items-center justify-center bg-gray-50 px-4 py-12 sm:px-6 lg:px-8"><div class="w-full max-w-md"><div class="shadow-xl"><div class="space-y-2 text-center pb-6"><h1 class="text-2xl font-bold text-gray-900 sm:text-3xl">Create your account</h1><p class="text-sm text-gray-600 sm:text-base">Sign up to get started with your tax preparation</p></div><div class="pb-8"><div data-testid="registration-form"><button>Register</button></div></div></div></div></div>

      353 |
      354 |       // Should render nothing (null) while checking auth
    > 355 |       expect(container.firstChild).toBeNull();
          |                                    ^
      356 |     });
      357 |
      358 |     it('should handle auth check errors gracefully', async () => {

      at Object.toBeNull (src/app/register/RegisterPageClient.test.tsx:355:36)

  ● RegisterPageClient › Unit Tests › should handle auth check errors gracefully

    expect(jest.fn()).toHaveBeenCalledWith(...expected)

    Expected: "Auth check error:", Any<Error>

    Number of calls: 0

      369 |       });
      370 |
    > 371 |       expect(consoleErrorSpy).toHaveBeenCalledWith(
          |                               ^
      372 |         'Auth check error:',
      373 |         expect.any(Error)
      374 |       );

      at Object.toHaveBeenCalledWith (src/app/register/RegisterPageClient.test.tsx:371:31)

  ● RegisterPageClient › Unit Tests › should call auth check API on mount

    expect(jest.fn()).toHaveBeenCalledWith(...expected)

    Expected: "/api/auth/session", {"credentials": "include", "method": "GET"}

    Number of calls: 0

    Ignored nodes: comments, script, style
    [36m<html>[39m
      [36m<head />[39m
      [36m<body>[39m
        [36m<div>[39m
          [36m<div[39m
            [33mclass[39m=[32m"min-h-screen flex items-center justify-center bg-gray-50 px-4 py-12 sm:px-6 lg:px-8"[39m
          [36m>[39m
            [36m<div[39m
              [33mclass[39m=[32m"w-full max-w-md"[39m
            [36m>[39m
              [36m<div[39m
                [33mclass[39m=[32m"shadow-xl"[39m
              [36m>[39m
                [36m<div[39m
                  [33mclass[39m=[32m"space-y-2 text-center pb-6"[39m
                [36m>[39m
                  [36m<h1[39m
                    [33mclass[39m=[32m"text-2xl font-bold text-gray-900 sm:text-3xl"[39m
                  [36m>[39m
                    [0mCreate your account[0m
                  [36m</h1>[39m
                  [36m<p[39m
                    [33mclass[39m=[32m"text-sm text-gray-600 sm:text-base"[39m
                  [36m>[39m
                    [0mSign up to get started with your tax preparation[0m
                  [36m</p>[39m
                [36m</div>[39m
                [36m<div[39m
                  [33mclass[39m=[32m"pb-8"[39m
                [36m>[39m
                  [36m<div[39m
                    [33mdata-testid[39m=[32m"registration-form"[39m
                  [36m>[39m
                    [36m<button>[39m
                      [0mRegister[0m
                    [36m</button>[39m
                  [36m</div>[39m
                [36m</div>[39m
              [36m</div>[39m
            [36m</div>[39m
          [36m</div>[39m
        [36m</div>[39m
      [36m</body>[39m
    [36m</html>[39m

      403 |
      404 |       await waitFor(() => {
    > 405 |         expect(global.fetch).toHaveBeenCalledWith('/api/auth/session', {
          |                              ^
      406 |           method: 'GET',
      407 |           credentials: 'include',
      408 |         });

      at toHaveBeenCalledWith (src/app/register/RegisterPageClient.test.tsx:405:30)
      at runWithExpensiveErrorDiagnosticsDisabled (node_modules/@testing-library/dom/dist/config.js:47:12)
      at checkCallback (node_modules/@testing-library/dom/dist/wait-for.js:124:77)
      at checkRealTimersCallback (node_modules/@testing-library/dom/dist/wait-for.js:118:16)
      at Timeout.task [as _onTimeout] (node_modules/jsdom/lib/jsdom/browser/Window.js:579:19)

FAIL src/lib/api/tokenManager.test.ts
  ● Test suite failed to run

    Jest worker encountered 4 child process exceptions, exceeding retry limit

      at ChildProcessWorker.initialize (node_modules/jest-worker/build/index.js:805:21)

FAIL src/hooks/useLogout.error-recovery.property.test.tsx
  ● Property-Based Test: Logout Error Recovery › Property 3: Error Recovery Enables Retry

    Property failed after 1 tests
    { seed: 530368110, path: "0", endOnFailure: true }
    Counterexample: [new Error("Permission denied")]
    Shrunk 0 time(s)

    Hint: Enable verbose mode in order to have the list of all failing values encountered during the run

      at buildError (node_modules/fast-check/lib/cjs/check/runner/utils/RunDetailsFormatter.js:162:19)
      at asyncThrowIfFailed (node_modules/fast-check/lib/cjs/check/runner/utils/RunDetailsFormatter.js:176:11)

    Cause:
    expect(jest.fn()).toHaveBeenCalledWith(...expected)

    Expected: "/login"

    Number of calls: 0

      129 |             
      130 |             // Verify retry worked - should redirect on success
    > 131 |             expect(mockPush).toHaveBeenCalledWith('/login');
          |                              ^
      132 |             expect(result.current.error).toBeNull();
      133 |           } finally {
      134 |             unmount();

      at toHaveBeenCalledWith (src/hooks/useLogout.error-recovery.property.test.tsx:131:30)
      at AsyncProperty.run (node_modules/fast-check/lib/cjs/check/property/AsyncProperty.generic.js:46:28)

  ● Property-Based Test: Logout Error Recovery › Property: Multiple consecutive errors maintain retry capability

    Property failed after 1 tests
    { seed: 70354932, path: "0", endOnFailure: true }
    Counterexample: [[new Error("localStorage is not available"),new Error("localStorage is not available")]]
    Shrunk 0 time(s)

    Hint: Enable verbose mode in order to have the list of all failing values encountered during the run

      at buildError (node_modules/fast-check/lib/cjs/check/runner/utils/RunDetailsFormatter.js:162:19)
      at asyncThrowIfFailed (node_modules/fast-check/lib/cjs/check/runner/utils/RunDetailsFormatter.js:176:11)

    Cause:
    expect(jest.fn()).toHaveBeenCalledWith(...expected)

    Expected: "/login"

    Number of calls: 0

      196 |             
      197 |             // Verify final retry succeeded
    > 198 |             expect(mockPush).toHaveBeenCalledWith('/login');
          |                              ^
      199 |             expect(result.current.error).toBeNull();
      200 |           } finally {
      201 |             unmount();

      at toHaveBeenCalledWith (src/hooks/useLogout.error-recovery.property.test.tsx:198:30)
      at AsyncProperty.run (node_modules/fast-check/lib/cjs/check/property/AsyncProperty.generic.js:46:28)

  ● Property-Based Test: Logout Error Recovery › Property: Successful logout after error clears error state

    Property failed after 1 tests
    { seed: 450728488, path: "0", endOnFailure: true }
    Counterexample: [new Error("localStorage is not available")]
    Shrunk 0 time(s)

    Hint: Enable verbose mode in order to have the list of all failing values encountered during the run

      at buildError (node_modules/fast-check/lib/cjs/check/runner/utils/RunDetailsFormatter.js:162:19)
      at asyncThrowIfFailed (node_modules/fast-check/lib/cjs/check/runner/utils/RunDetailsFormatter.js:176:11)

    Cause:
    expect(received).toBeNull()

    Received: "Failed to log out. Please try again."

      311 |             
      312 |             // Error should be cleared and redirect should occur
    > 313 |             expect(result.current.error).toBeNull();
          |                                          ^
      314 |             expect(mockPush).toHaveBeenCalledWith('/login');
      315 |           } finally {
      316 |             unmount();

      at toBeNull (src/hooks/useLogout.error-recovery.property.test.tsx:313:42)
      at AsyncProperty.run (node_modules/fast-check/lib/cjs/check/property/AsyncProperty.generic.js:46:28)

FAIL src/components/LoginForm.integration.test.tsx
  ● LoginForm - Integration Tests (Fix Form Submission) › 6.1: Login form submission flow › should complete full flow from button click to API call to navigation

    expect(jest.fn()).toHaveBeenCalledWith(...expected)

    - Expected
    + Received

      {"email": "test@example.com", "password": "SecurePass123!"},
      [Function anonymous],
    + "7ffda455-f024-4b12-a58b-1c023a6d90f6",

    Number of calls: 1

    Ignored nodes: comments, script, style
    [36m<html>[39m
      [36m<head />[39m
      [36m<body>[39m
        [36m<div>[39m
          [36m<form[39m
            [33mclass[39m=[32m"space-y-6"[39m
            [33mnovalidate[39m=[32m""[39m
          [36m>[39m
            [36m<div>[39m
              [36m<label[39m
                [33mclass[39m=[32m"block text-sm font-medium text-gray-700 mb-1.5"[39m
                [33mfor[39m=[32m"email"[39m
              [36m>[39m
                [0mEmail Address[0m
              [36m</label>[39m
              [36m<input[39m
                [33maria-invalid[39m=[32m"false"[39m
                [33maria-label[39m=[32m"Email Address"[39m
                [33maria-required[39m=[32m"true"[39m
                [33mautocomplete[39m=[32m"email"[39m
                [33mclass[39m=[32m"w-full px-3 py-2 rounded-md border text-gray-900 transition-colors duration-200 placeholder:text-gray-400 focus:outline-none focus:ring-2 focus:ring-offset-2 focus-visible:outline-none focus-visible:ring-2 focus-visible:ring-offset-2 min-h-[44px] text-base md:min-h-[40px] md:text-sm border-gray-300 focus:ring-blue-500 focus:border-blue-500 focus-visible:ring-blue-500"[39m
                [33mid[39m=[32m"email"[39m
                [33mname[39m=[32m"email"[39m
                [33mtype[39m=[32m"email"[39m
              [36m/>[39m
            [36m</div>[39m
            [36m<div>[39m
              [36m<label[39m
                [33mclass[39m=[32m"block text-sm font-medium text-gray-700 mb-1.5"[39m
                [33mfor[39m=[32m"password"[39m
              [36m>[39m
                [0mPassword[0m
              [36m</label>[39m
              [36m<div[39m
                [33mclass[39m=[32m"relative"[39m
              [36m>[39m
                [36m<input[39m
                  [33maria-invalid[39m=[32m"false"[39m
                  [33maria-label[39m=[32m"Password"[39m
                  [33maria-required[39m=[32m"true"[39m
                  [33mautocomplete[39m=[32m"current-password"[39m
                  [33mclass[39m=[32m"w-full px-3 py-2 pr-12 rounded-md border text-gray-900 transition-colors duration-200 placeholder:text-gray-400 focus:outline-none focus:ring-2 focus:ring-offset-2 focus-visible:outline-none focus-visible:ring-2 focus-visible:ring-offset-2 min-h-[44px] text-base md:min-h-[40px] md:text-sm border-gray-300 focus:ring-blue-500 focus:border-blue-500 focus-visible:ring-blue-500"[39m
                  [33mid[39m=[32m"password"[39m
                  [33mname[39m=[32m"password"[39m
                  [33mtype[39m=[32m"password"[39m
                [36m/>[39m
                [36m<button[39m
                  [33maria-label[39m=[32m"Show password"[39m
                  [33maria-pressed[39m=[32m"false"[39m
                  [33mclass[39m=[32m"absolute right-2 top-1/2 -translate-y-1/2 p-2 rounded-md z-10 min-w-[44px] min-h-[44px] md:min-w-[36px] md:min-h-[36px] hover:bg-gray-100 transition-colors duration-200 focus:outline-none focus:ring-2 focus:ring-blue-500 focus:ring-offset-2 focus-visible:outline-none focus-visible:ring-2 focus-visible:ring-blue-500 focus-visible:ring-offset-2"[39m
                  [33mtype[39m=[32m"button"[39m
                [36m>[39m
                  [36m<svg[39m
                    [33maria-hidden[39m=[32m"true"[39m
                    [33mclass[39m=[32m"w-5 h-5 text-gray-600"[39m
                    [33mfill[39m=[32m"none"[39m
                    [33mstroke[39m=[32m"currentColor"[39m
                    [33mstyle[39m=[32m"pointer-events: none;"[39m
                    [33mviewBox[39m=[32m"0 0 24 24"[39m
                  [36m>[39m
                    [36m<path[39m
                      [33md[39m=[32m"M15 12a3 3 0 11-6 0 3 3 0 016 0z"[39m
                      [33mstroke-linecap[39m=[32m"round"[39m
                      [33mstroke-linejoin[39m=[32m"round"[39m
                      [33mstroke-width[39m=[32m"2"[39m
                      [33mstyle[39m=[32m"pointer-events: none;"[39m
                    [36m/>[39m
                    [36m<path[39m
                      [33md[39m=[32m"M2.458 12C3.732 7.943 7.523 5 12 5c4.478 0 8.268 2.943 9.542 7-1.274 4.057-5.064 7-9.542 7-4.477 0-8.268-2.943-9.542-7z"[39m
                      [33mstroke-linecap[39m=[32m"round"[39m
                      [33mstroke-linejoin[39m=[32m"round"[39m
                      [33mstroke-width[39m=[32m"2"[39m
                      [33mstyle[39m=[32m"pointer-events: none;"[39m
                    [36m/>[39m
                  [36m</svg>[39m
                [36m</button>[39m
              [36m</div>[39m
            [36m</div>[39m
            [36m<button[39m
              [33maria-busy[39m=[32m"false"[39m
              [33mclass[39m=[32m"inline-flex items-center justify-center rounded-md font-medium transition-colors focus-visible:outline-none focus-visible:ring-2 focus-visible:ring-offset-2 disabled:pointer-events-none disabled:opacity-50 focus:outline-none focus:ring-2 focus:ring-offset-2 bg-blue-600 text-white hover:bg-blue-700 active:bg-blue-800 focus-visible:ring-blue-500 focus:ring-blue-500 h-12 px-6 text-lg w-full min-h-[44px] md:min-h-[48px]"[39m
              [33mtype[39m=[32m"submit"[39m
            [36m>[39m
              [0mSign In[0m
            [36m</button>[39m
          [36m</form>[39m
        [36m</div>[39m
      [36m</body>[39m
    [36m</html>[39m

      89 |       // Verify API client was called with correct credentials and status callback
      90 |       await waitFor(() => {
    > 91 |         expect(authService.login).toHaveBeenCalledWith(
         |                                   ^
      92 |           {
      93 |             email: 'test@example.com',
      94 |             password: 'SecurePass123!',

      at toHaveBeenCalledWith (src/components/LoginForm.integration.test.tsx:91:35)
      at runWithExpensiveErrorDiagnosticsDisabled (node_modules/@testing-library/dom/dist/config.js:47:12)
      at checkCallback (node_modules/@testing-library/dom/dist/wait-for.js:124:77)
      at checkRealTimersCallback (node_modules/@testing-library/dom/dist/wait-for.js:118:16)
      at Timeout.task [as _onTimeout] (node_modules/jsdom/lib/jsdom/browser/Window.js:579:19)

  ● LoginForm - Integration Tests (Fix Form Submission) › 6.1: Login form submission flow › should trigger form submission when submit button is clicked

    expect(jest.fn()).toHaveBeenCalledWith(...expected)

    - Expected
    + Received

      {"email": "test@example.com", "password": "SecurePass123!"},
      [Function anonymous],
    + "05a56249-7d2e-43ae-8751-a04c09fed606",

    Number of calls: 1

    Ignored nodes: comments, script, style
    [36m<html>[39m
      [36m<head />[39m
      [36m<body>[39m
        [36m<div>[39m
          [36m<form[39m
            [33mclass[39m=[32m"space-y-6"[39m
            [33mnovalidate[39m=[32m""[39m
          [36m>[39m
            [36m<div>[39m
              [36m<label[39m
                [33mclass[39m=[32m"block text-sm font-medium text-gray-700 mb-1.5"[39m
                [33mfor[39m=[32m"email"[39m
              [36m>[39m
                [0mEmail Address[0m
              [36m</label>[39m
              [36m<input[39m
                [33maria-invalid[39m=[32m"false"[39m
                [33maria-label[39m=[32m"Email Address"[39m
                [33maria-required[39m=[32m"true"[39m
                [33mautocomplete[39m=[32m"email"[39m
                [33mclass[39m=[32m"w-full px-3 py-2 rounded-md border text-gray-900 transition-colors duration-200 placeholder:text-gray-400 focus:outline-none focus:ring-2 focus:ring-offset-2 focus-visible:outline-none focus-visible:ring-2 focus-visible:ring-offset-2 min-h-[44px] text-base md:min-h-[40px] md:text-sm border-gray-300 focus:ring-blue-500 focus:border-blue-500 focus-visible:ring-blue-500"[39m
                [33mid[39m=[32m"email"[39m
                [33mname[39m=[32m"email"[39m
                [33mtype[39m=[32m"email"[39m
              [36m/>[39m
            [36m</div>[39m
            [36m<div>[39m
              [36m<label[39m
                [33mclass[39m=[32m"block text-sm font-medium text-gray-700 mb-1.5"[39m
                [33mfor[39m=[32m"password"[39m
              [36m>[39m
                [0mPassword[0m
              [36m</label>[39m
              [36m<div[39m
                [33mclass[39m=[32m"relative"[39m
              [36m>[39m
                [36m<input[39m
                  [33maria-invalid[39m=[32m"false"[39m
                  [33maria-label[39m=[32m"Password"[39m
                  [33maria-required[39m=[32m"true"[39m
                  [33mautocomplete[39m=[32m"current-password"[39m
                  [33mclass[39m=[32m"w-full px-3 py-2 pr-12 rounded-md border text-gray-900 transition-colors duration-200 placeholder:text-gray-400 focus:outline-none focus:ring-2 focus:ring-offset-2 focus-visible:outline-none focus-visible:ring-2 focus-visible:ring-offset-2 min-h-[44px] text-base md:min-h-[40px] md:text-sm border-gray-300 focus:ring-blue-500 focus:border-blue-500 focus-visible:ring-blue-500"[39m
                  [33mid[39m=[32m"password"[39m
                  [33mname[39m=[32m"password"[39m
                  [33mtype[39m=[32m"password"[39m
                [36m/>[39m
                [36m<button[39m
                  [33maria-label[39m=[32m"Show password"[39m
                  [33maria-pressed[39m=[32m"false"[39m
                  [33mclass[39m=[32m"absolute right-2 top-1/2 -translate-y-1/2 p-2 rounded-md z-10 min-w-[44px] min-h-[44px] md:min-w-[36px] md:min-h-[36px] hover:bg-gray-100 transition-colors duration-200 focus:outline-none focus:ring-2 focus:ring-blue-500 focus:ring-offset-2 focus-visible:outline-none focus-visible:ring-2 focus-visible:ring-blue-500 focus-visible:ring-offset-2"[39m
                  [33mtype[39m=[32m"button"[39m
                [36m>[39m
                  [36m<svg[39m
                    [33maria-hidden[39m=[32m"true"[39m
                    [33mclass[39m=[32m"w-5 h-5 text-gray-600"[39m
                    [33mfill[39m=[32m"none"[39m
                    [33mstroke[39m=[32m"currentColor"[39m
                    [33mstyle[39m=[32m"pointer-events: none;"[39m
                    [33mviewBox[39m=[32m"0 0 24 24"[39m
                  [36m>[39m
                    [36m<path[39m
                      [33md[39m=[32m"M15 12a3 3 0 11-6 0 3 3 0 016 0z"[39m
                      [33mstroke-linecap[39m=[32m"round"[39m
                      [33mstroke-linejoin[39m=[32m"round"[39m
                      [33mstroke-width[39m=[32m"2"[39m
                      [33mstyle[39m=[32m"pointer-events: none;"[39m
                    [36m/>[39m
                    [36m<path[39m
                      [33md[39m=[32m"M2.458 12C3.732 7.943 7.523 5 12 5c4.478 0 8.268 2.943 9.542 7-1.274 4.057-5.064 7-9.542 7-4.477 0-8.268-2.943-9.542-7z"[39m
                      [33mstroke-linecap[39m=[32m"round"[39m
                      [33mstroke-linejoin[39m=[32m"round"[39m
                      [33mstroke-width[39m=[32m"2"[39m
                      [33mstyle[39m=[32m"pointer-events: none;"[39m
                    [36m/>[39m
                  [36m</svg>[39m
                [36m</button>[39m
              [36m</div>[39m
            [36m</div>[39m
            [36m<button[39m
              [33maria-busy[39m=[32m"false"[39m
              [33mclass[39m=[32m"inline-flex items-center justify-center rounded-md font-medium transition-colors focus-visible:outline-none focus-visible:ring-2 focus-visible:ring-offset-2 disabled:pointer-events-none disabled:opacity-50 focus:outline-none focus:ring-2 focus:ring-offset-2 bg-blue-600 text-white hover:bg-blue-700 active:bg-blue-800 focus-visible:ring-blue-500 focus:ring-blue-500 h-12 px-6 text-lg w-full min-h-[44px] md:min-h-[48px]"[39m
              [33mtype[39m=[32m"submit"[39m
            [36m>[39m
              [0mSign In[0m
            [36m</button>[39m
          [36m</form>[39m
        [36m</div>[39m
      [36m</body>[39m
    [36m</html>[39m

      172 |       // Verify the form submission was triggered and API was called
      173 |       await waitFor(() => {
    > 174 |         expect(authService.login).toHaveBeenCalledWith(
          |                                   ^
      175 |           {
      176 |             email: 'test@example.com',
      177 |             password: 'SecurePass123!',

      at toHaveBeenCalledWith (src/components/LoginForm.integration.test.tsx:174:35)
      at runWithExpensiveErrorDiagnosticsDisabled (node_modules/@testing-library/dom/dist/config.js:47:12)
      at checkCallback (node_modules/@testing-library/dom/dist/wait-for.js:124:77)
      at checkRealTimersCallback (node_modules/@testing-library/dom/dist/wait-for.js:118:16)
      at Timeout.task [as _onTimeout] (node_modules/jsdom/lib/jsdom/browser/Window.js:579:19)

FAIL src/app/login/integration.test.tsx (17.057 s)
  ● Login Page - Integration Tests › Complete Login Flow › should complete full login flow from page load to redirect

    thrown: "Exceeded timeout of 5000 ms for a test.
    Add a timeout value to this test to increase the timeout, if this is a long-running test. See https://jestjs.io/docs/api#testname-fn-timeout."

      56 |
      57 |   describe('Complete Login Flow', () => {
    > 58 |     test('should complete full login flow from page load to redirect', async () => {
         |     ^
      59 |       // Mock successful authentication
      60 |       (global.fetch as jest.Mock).mockResolvedValueOnce({
      61 |         ok: true,

      at test (src/app/login/integration.test.tsx:58:5)
      at describe (src/app/login/integration.test.tsx:57:3)
      at Object.describe (src/app/login/integration.test.tsx:29:1)

  ● Login Page - Integration Tests › Complete Login Flow › should handle complete error recovery flow

    Unable to find an element with the text: /invalid email or password/i. This could be because the text is broken up by multiple elements. In this case, you can provide a function for your text matcher to make your matcher more flexible.

    Ignored nodes: comments, script, style
    [36m<body>[39m
      [36m<div>[39m
        [36m<div[39m
          [33mclass[39m=[32m"min-h-screen flex items-center justify-center bg-gray-50 px-4 py-12 sm:px-6 lg:px-8"[39m
        [36m>[39m
          [36m<div[39m
            [33mclass[39m=[32m"w-full max-w-md"[39m
          [36m>[39m
            [36m<div[39m
              [33mclass[39m=[32m"rounded-lg border text-card-foreground focus-within:ring-2 focus-within:ring-blue-500 focus-within:ring-offset-2 border-gray-200 bg-white hover:shadow-lg transition-shadow shadow-xl"[39m
            [36m>[39m
              [36m<div[39m
                [33mclass[39m=[32m"flex flex-col p-6 space-y-2 text-center pb-6"[39m
              [36m>[39m
                [36m<h1[39m
                  [33mclass[39m=[32m"text-2xl font-bold text-gray-900 sm:text-3xl"[39m
                [36m>[39m
                  [0mSign in to your account[0m
                [36m</h1>[39m
                [36m<p[39m
                  [33mclass[39m=[32m"text-sm text-gray-600 sm:text-base"[39m
                [36m>[39m
                  [0mEnter your credentials to access your tax preparation dashboard[0m
                [36m</p>[39m
              [36m</div>[39m
              [36m<div[39m
                [33mclass[39m=[32m"p-6 pt-0 pb-8"[39m
              [36m>[39m
                [36m<form[39m
                  [33mclass[39m=[32m"space-y-6"[39m
                  [33mnovalidate[39m=[32m""[39m
                [36m>[39m
                  [36m<div[39m
                    [33maria-live[39m=[32m"assertive"[39m
                    [33mclass[39m=[32m"p-4 rounded-md bg-red-50 border border-red-200"[39m
                    [33mrole[39m=[32m"alert"[39m
                  [36m>[39m
                    [36m<div[39m
                      [33mclass[39m=[32m"flex items-start"[39m
                    [36m>[39m
                      [36m<svg[39m
                        [33maria-hidden[39m=[32m"true"[39m
                        [33mclass[39m=[32m"w-5 h-5 text-red-600 mr-3 mt-0.5 flex-shrink-0"[39m
                        [33mfill[39m=[32m"currentColor"[39m
                        [33mviewBox[39m=[32m"0 0 20 20"[39m
                      [36m>[39m
                        [36m<path[39m
                          [33mclip-rule[39m=[32m"evenodd"[39m
                          [33md[39m=[32m"M10 18a8 8 0 100-16 8 8 0 000 16zM8.707 7.293a1 1 0 00-1.414 1.414L8.586 10l-1.293 1.293a1 1 0 101.414 1.414L10 11.414l1.293 1.293a1 1 0 001.414-1.414L11.414 10l1.293-1.293a1 1 0 00-1.414-1.414L10 8.586 8.707 7.293z"[39m
                          [33mfill-rule[39m=[32m"evenodd"[39m
                        [36m/>[39m
                      [36m</svg>[39m
                      [36m<p[39m
                        [33mclass[39m=[32m"text-sm text-red-800"[39m
                      [36m>[39m
                        [0mUnable to connect. Please check your internet connection.[0m
                      [36m</p>[39m
                    [36m</div>[39m
                  [36m</div>[39m
                  [36m<div[39m
                    [33maria-live[39m=[32m"polite"[39m
                    [33mclass[39m=[32m"p-4 rounded-md border transition-all duration-200 bg-red-50 border-red-200"[39m
                    [33mrole[39m=[32m"status"[39m
                  [36m>[39m
                    [36m<div[39m
                      [33mclass[39m=[32m"flex items-start"[39m
                    [36m>[39m
                      [36m<svg[39m
                        [33maria-hidden[39m=[32m"true"[39m
                        [33mclass[39m=[32m"w-5 h-5 text-red-600 mr-3 mt-0.5 flex-shrink-0"[39m
                        [33mfill[39m=[32m"currentColor"[39m
                        [33mviewBox[39m=[32m"0 0 20 20"[39m
                      [36m>[39m
                        [36m<path[39m
                          [33mclip-rule[39m=[32m"evenodd"[39m
                          [33md[39m=[32m"M10 18a8 8 0 100-16 8 8 0 000 16zM8.707 7.293a1 1 0 00-1.414 1.414L8.586 10l-1.293 1.293a1 1 0 101.414 1.414L10 11.414l1.293 1.293a1 1 0 001.414-1.414L11.414 10l1.293-1.293a1 1 0 00-1.414-1.414L10 8.586 8.707 7.293z"[39m
                          [33mfill-rule[39m=[32m"evenodd"[39m
                        [36m/>[39m
                      [36m</svg>[39m
                      [36m<p[39m
                        [33mclass[39m=[32m"text-sm text-red-800"[39m
                      [36m>[39m
                        [0mUnable to connect. Please check your internet connection.[0m
                      [36m</p>[39m
                    [36m</div>[39m
                  [36m</div>[39m
                  [36m<div>[39m
                    [36m<label[39m
                      [33mclass[39m=[32m"block text-sm font-medium text-gray-700 mb-1.5"[39m
                      [33mfor[39m=[32m"email"[39m
                    [36m>[39m
                      [0mEmail Address[0m
                    [36m</label>[39m
                    [36m<input[39m
                      [33maria-invalid[39m=[32m"false"[39m
                      [33maria-label[39m=[32m"Email Address"[39m
                      [33maria-required[39m=[32m"true"[39m
                      [33mautocomplete[39m=[32m"email"[39m
                      [33mclass[39m=[32m"w-full px-3 py-2 rounded-md border text-gray-900 transition-colors duration-200 placeholder:text-gray-400 focus:outline-none focus:ring-2 focus:ring-offset-2 focus-visible:outline-none focus-visible:ring-2 focus-visible:ring-offset-2 min-h-[44px] text-base md:min-h-[40px] md:text-sm border-gray-300 focus:ring-blue-500 focus:border-blue-500 focus-visible:ring-blue-500"[39m
                      [33mid[39m=[32m"email"[39m
                      [33mname[39m=[32m"email"[39m
                      [33mtype[39m=[32m"email"[39m
                    [36m/>[39m
                  [36m</div>[39m
                  [36m<div>[39m
                    [36m<label[39m
                      [33mclass[39m=[32m"block text-sm font-medium text-gray-700 mb-1.5"[39m
                      [33mfor[39m=[32m"password"[39m
                    [36m>[39m
                      [0mPassword[0m
                    [36m</label>[39m
                    [36m<div[39m
                      [33mclass[39m=[32m"relative"[39m
                    [36m>[39m
                      [36m<input[39m
                        [33maria-invalid[39m=[32m"false"[39m
                        [33maria-label[39m=[32m"Password"[39m
                        [33maria-required[39m=[32m"true"[39m
                        [33mautocomplete[39m=[32m"current-password"[39m
                        [33mclass[39m=[32m"w-full px-3 py-2 pr-12 rounded-md border text-gray-900 transition-colors duration-200 placeholder:text-gray-400 focus:outline-none focus:ring-2 focus:ring-offset-2 focus-visible:outline-none focus-visible:ring-2 focus-visible:ring-offset-2 min-h-[44px] text-base md:min-h-[40px] md:text-sm border-gray-300 focus:ring-blue-500 focus:border-blue-500 focus-visible:ring-blue-500"[39m
                        [33mid[39m=[32m"password"[39m
                        [33mname[39m=[32m"password"[39m
                        [33mtype[39m=[32m"password"[39m
                      [36m/>[39m
                      [36m<button[39m
                        [33maria-label[39m=[32m"Show password"[39m
                        [33maria-pressed[39m=[32m"false"[39m
                        [33mclass[39m=[32m"absolute right-2 top-1/2 -translate-y-1/2 p-2 rounded-md z-10 min-w-[44px] min-h-[44px] md:min-w-[36px] md:min-h-[36px] hover:bg-gray-100 transition-colors duration-200 focus:outline-none focus:ring-2 focus:ring-blue-500 focus:ring-offset-2 focus-visible:outline-none focus-visible:ring-2 focus-visible:ring-blue-500 focus-visible:ring-offset-2"[39m
                        [33mtype[39m=[32m"button"[39m
                      [36m>[39m
                        [36m<svg[39m
                          [33maria-hidden[39m=[32m"true"[39m
                          [33mclass[39m=[32m"w-5 h-5 text-gray-600"[39m
                          [33mfill[39m=[32m"none"[39m
                          [33mstroke[39m=[32m"currentColor"[39m
                          [33mstyle[39m=[32m"pointer-events: none;"[39m
                          [33mviewBox[39m=[32m"0 0 24 24"[39m
                        [36m>[39m
                          [36m<path[39m
                            [33md[39m=[32m"M15 12a3 3 0 11-6 0 3 3 0 016 0z"[39m
                            [33mstroke-linecap[39m=[32m"round"[39m
                            [33mstroke-linejoin[39m=[32m"round"[39m
                            [33mstroke-width[39m=[32m"2"[39m
                            [33mstyle[39m=[32m"pointer-events: none;"[39m
                          [36m/>[39m
                          [36m<path[39m
                            [33md[39m=[32m"M2.458 12C3.732 7.943 7.523 5 12 5c4.478 0 8.268 2.943 9.542 7-1.274 4.057-5.064 7-9.542 7-4.477 0-8.268-2.943-9.542-7z"[39m
                            [33mstroke-linecap[39m=[32m"round"[39m
                            [33mstroke-linejoin[39m=[32m"round"[39m
                            [33mstroke-width[39m=[32m"2"[39m
                            [33mstyle[39m=[32m"pointer-events: none;"[39m
                          [36m/>[39m
                        [36m</svg>[39m
                      [36m</button>[39m
                    [36m</div>[39m
                  [36m</div>[39m
                  [36m<button[39m
                    [33maria-busy[39m=[32m"false"[39m
                    [33mclass[39m=[32m"inline-flex items-center justify-center rounded-md font-medium transition-colors focus-visible:outline-none focus-visible:ring-2 focus-visible:ring-offset-2 disabled:pointer-events-none disabled:opacity-50 focus:outline-none focus:ring-2 focus:ring-offset-2 bg-blue-600 text-white hover:bg-blue-700 active:bg-blue-800 focus-visible:ring-blue-500 focus:ring-blue-500 h-12 px-6 text-lg w-full min-h-[44px] md:min-h-[48px]"[39m
                    [33mtype[39m=[32m"submit"[39m
                  [36m>[39m
                    [0mSign In[0m
                  [36m</button>[39m
                [36m</form>[39m
              [36m</div>[39m
            [36m</div>[39m
            [36m<div[39m
              [33mclass[39m=[32m"mt-6 text-center"[39m
            [36m>[39m
              [36m<p[39m
                [33mclass[39m=[32m"text-sm text-gray-600"[39m
              [36m>[39m
                [0mDon't have an account?[0m
                [0m [0m
                [36m<a[39m
                  [33mclass[39m=[32m"font-medium text-blue-600 hover:text-blue-500 focus:outline-none focus:underline transition-colors"[39m
                  [33mhref[39m=[32m"/signup"[39m
                [36m>[39m
                  [0mSign up[0m
                [36m</a>[39m
              [36m</p>[39m
            [36m</div>[39m
          [36m</div>[39m
        [36m</div>[39m
      [36m</div>[39m
    [36m</body>[39m

      129 |
      130 |       // Wait for error message
    > 131 |       await waitFor(() => {
          |                    ^
      132 |         expect(screen.getByText(/invalid email or password/i)).toBeInTheDocument();
      133 |       });
      134 |

      at waitForWrapper (node_modules/@testing-library/dom/dist/wait-for.js:163:27)
      at Object.<anonymous> (src/app/login/integration.test.tsx:131:20)

  ● Login Page - Integration Tests › Rate Limiting Integration › should enforce rate limiting across multiple failed attempts

    Unable to find an element with the text: /invalid email or password/i. This could be because the text is broken up by multiple elements. In this case, you can provide a function for your text matcher to make your matcher more flexible.

    Ignored nodes: comments, script, style
    [36m<body>[39m
      [36m<div>[39m
        [36m<div[39m
          [33mclass[39m=[32m"min-h-screen flex items-center justify-center bg-gray-50 px-4 py-12 sm:px-6 lg:px-8"[39m
        [36m>[39m
          [36m<div[39m
            [33mclass[39m=[32m"w-full max-w-md"[39m
          [36m>[39m
            [36m<div[39m
              [33mclass[39m=[32m"rounded-lg border text-card-foreground focus-within:ring-2 focus-within:ring-blue-500 focus-within:ring-offset-2 border-gray-200 bg-white hover:shadow-lg transition-shadow shadow-xl"[39m
            [36m>[39m
              [36m<div[39m
                [33mclass[39m=[32m"flex flex-col p-6 space-y-2 text-center pb-6"[39m
              [36m>[39m
                [36m<h1[39m
                  [33mclass[39m=[32m"text-2xl font-bold text-gray-900 sm:text-3xl"[39m
                [36m>[39m
                  [0mSign in to your account[0m
                [36m</h1>[39m
                [36m<p[39m
                  [33mclass[39m=[32m"text-sm text-gray-600 sm:text-base"[39m
                [36m>[39m
                  [0mEnter your credentials to access your tax preparation dashboard[0m
                [36m</p>[39m
              [36m</div>[39m
              [36m<div[39m
                [33mclass[39m=[32m"p-6 pt-0 pb-8"[39m
              [36m>[39m
                [36m<form[39m
                  [33mclass[39m=[32m"space-y-6"[39m
                  [33mnovalidate[39m=[32m""[39m
                [36m>[39m
                  [36m<div[39m
                    [33maria-live[39m=[32m"assertive"[39m
                    [33mclass[39m=[32m"p-4 rounded-md bg-red-50 border border-red-200"[39m
                    [33mrole[39m=[32m"alert"[39m
                  [36m>[39m
                    [36m<div[39m
                      [33mclass[39m=[32m"flex items-start"[39m
                    [36m>[39m
                      [36m<svg[39m
                        [33maria-hidden[39m=[32m"true"[39m
                        [33mclass[39m=[32m"w-5 h-5 text-red-600 mr-3 mt-0.5 flex-shrink-0"[39m
                        [33mfill[39m=[32m"currentColor"[39m
                        [33mviewBox[39m=[32m"0 0 20 20"[39m
                      [36m>[39m
                        [36m<path[39m
                          [33mclip-rule[39m=[32m"evenodd"[39m
                          [33md[39m=[32m"M10 18a8 8 0 100-16 8 8 0 000 16zM8.707 7.293a1 1 0 00-1.414 1.414L8.586 10l-1.293 1.293a1 1 0 101.414 1.414L10 11.414l1.293 1.293a1 1 0 001.414-1.414L11.414 10l1.293-1.293a1 1 0 00-1.414-1.414L10 8.586 8.707 7.293z"[39m
                          [33mfill-rule[39m=[32m"evenodd"[39m
                        [36m/>[39m
                      [36m</svg>[39m
                      [36m<p[39m
                        [33mclass[39m=[32m"text-sm text-red-800"[39m
                      [36m>[39m
                        [0mUnable to connect. Please check your internet connection.[0m
                      [36m</p>[39m
                    [36m</div>[39m
                  [36m</div>[39m
                  [36m<div[39m
                    [33maria-live[39m=[32m"polite"[39m
                    [33mclass[39m=[32m"p-4 rounded-md border transition-all duration-200 bg-red-50 border-red-200"[39m
                    [33mrole[39m=[32m"status"[39m
                  [36m>[39m
                    [36m<div[39m
                      [33mclass[39m=[32m"flex items-start"[39m
                    [36m>[39m
                      [36m<svg[39m
                        [33maria-hidden[39m=[32m"true"[39m
                        [33mclass[39m=[32m"w-5 h-5 text-red-600 mr-3 mt-0.5 flex-shrink-0"[39m
                        [33mfill[39m=[32m"currentColor"[39m
                        [33mviewBox[39m=[32m"0 0 20 20"[39m
                      [36m>[39m
                        [36m<path[39m
                          [33mclip-rule[39m=[32m"evenodd"[39m
                          [33md[39m=[32m"M10 18a8 8 0 100-16 8 8 0 000 16zM8.707 7.293a1 1 0 00-1.414 1.414L8.586 10l-1.293 1.293a1 1 0 101.414 1.414L10 11.414l1.293 1.293a1 1 0 001.414-1.414L11.414 10l1.293-1.293a1 1 0 00-1.414-1.414L10 8.586 8.707 7.293z"[39m
                          [33mfill-rule[39m=[32m"evenodd"[39m
                        [36m/>[39m
                      [36m</svg>[39m
                      [36m<p[39m
                        [33mclass[39m=[32m"text-sm text-red-800"[39m
                      [36m>[39m
                        [0mUnable to connect. Please check your internet connection.[0m
                      [36m</p>[39m
                    [36m</div>[39m
                  [36m</div>[39m
                  [36m<div>[39m
                    [36m<label[39m
                      [33mclass[39m=[32m"block text-sm font-medium text-gray-700 mb-1.5"[39m
                      [33mfor[39m=[32m"email"[39m
                    [36m>[39m
                      [0mEmail Address[0m
                    [36m</label>[39m
                    [36m<input[39m
                      [33maria-invalid[39m=[32m"false"[39m
                      [33maria-label[39m=[32m"Email Address"[39m
                      [33maria-required[39m=[32m"true"[39m
                      [33mautocomplete[39m=[32m"email"[39m
                      [33mclass[39m=[32m"w-full px-3 py-2 rounded-md border text-gray-900 transition-colors duration-200 placeholder:text-gray-400 focus:outline-none focus:ring-2 focus:ring-offset-2 focus-visible:outline-none focus-visible:ring-2 focus-visible:ring-offset-2 min-h-[44px] text-base md:min-h-[40px] md:text-sm border-gray-300 focus:ring-blue-500 focus:border-blue-500 focus-visible:ring-blue-500"[39m
                      [33mid[39m=[32m"email"[39m
                      [33mname[39m=[32m"email"[39m
                      [33mtype[39m=[32m"email"[39m
                    [36m/>[39m
                  [36m</div>[39m
                  [36m<div>[39m
                    [36m<label[39m
                      [33mclass[39m=[32m"block text-sm font-medium text-gray-700 mb-1.5"[39m
                      [33mfor[39m=[32m"password"[39m
                    [36m>[39m
                      [0mPassword[0m
                    [36m</label>[39m
                    [36m<div[39m
                      [33mclass[39m=[32m"relative"[39m
                    [36m>[39m
                      [36m<input[39m
                        [33maria-invalid[39m=[32m"false"[39m
                        [33maria-label[39m=[32m"Password"[39m
                        [33maria-required[39m=[32m"true"[39m
                        [33mautocomplete[39m=[32m"current-password"[39m
                        [33mclass[39m=[32m"w-full px-3 py-2 pr-12 rounded-md border text-gray-900 transition-colors duration-200 placeholder:text-gray-400 focus:outline-none focus:ring-2 focus:ring-offset-2 focus-visible:outline-none focus-visible:ring-2 focus-visible:ring-offset-2 min-h-[44px] text-base md:min-h-[40px] md:text-sm border-gray-300 focus:ring-blue-500 focus:border-blue-500 focus-visible:ring-blue-500"[39m
                        [33mid[39m=[32m"password"[39m
                        [33mname[39m=[32m"password"[39m
                        [33mtype[39m=[32m"password"[39m
                      [36m/>[39m
                      [36m<button[39m
                        [33maria-label[39m=[32m"Show password"[39m
                        [33maria-pressed[39m=[32m"false"[39m
                        [33mclass[39m=[32m"absolute right-2 top-1/2 -translate-y-1/2 p-2 rounded-md z-10 min-w-[44px] min-h-[44px] md:min-w-[36px] md:min-h-[36px] hover:bg-gray-100 transition-colors duration-200 focus:outline-none focus:ring-2 focus:ring-blue-500 focus:ring-offset-2 focus-visible:outline-none focus-visible:ring-2 focus-visible:ring-blue-500 focus-visible:ring-offset-2"[39m
                        [33mtype[39m=[32m"button"[39m
                      [36m>[39m
                        [36m<svg[39m
                          [33maria-hidden[39m=[32m"true"[39m
                          [33mclass[39m=[32m"w-5 h-5 text-gray-600"[39m
                          [33mfill[39m=[32m"none"[39m
                          [33mstroke[39m=[32m"currentColor"[39m
                          [33mstyle[39m=[32m"pointer-events: none;"[39m
                          [33mviewBox[39m=[32m"0 0 24 24"[39m
                        [36m>[39m
                          [36m<path[39m
                            [33md[39m=[32m"M15 12a3 3 0 11-6 0 3 3 0 016 0z"[39m
                            [33mstroke-linecap[39m=[32m"round"[39m
                            [33mstroke-linejoin[39m=[32m"round"[39m
                            [33mstroke-width[39m=[32m"2"[39m
                            [33mstyle[39m=[32m"pointer-events: none;"[39m
                          [36m/>[39m
                          [36m<path[39m
                            [33md[39m=[32m"M2.458 12C3.732 7.943 7.523 5 12 5c4.478 0 8.268 2.943 9.542 7-1.274 4.057-5.064 7-9.542 7-4.477 0-8.268-2.943-9.542-7z"[39m
                            [33mstroke-linecap[39m=[32m"round"[39m
                            [33mstroke-linejoin[39m=[32m"round"[39m
                            [33mstroke-width[39m=[32m"2"[39m
                            [33mstyle[39m=[32m"pointer-events: none;"[39m
                          [36m/>[39m
                        [36m</svg>[39m
                      [36m</button>[39m
                    [36m</div>[39m
                  [36m</div>[39m
                  [36m<button[39m
                    [33maria-busy[39m=[32m"false"[39m
                    [33mclass[39m=[32m"inline-flex items-center justify-center rounded-md font-medium transition-colors focus-visible:outline-none focus-visible:ring-2 focus-visible:ring-offset-2 disabled:pointer-events-none disabled:opacity-50 focus:outline-none focus:ring-2 focus:ring-offset-2 bg-blue-600 text-white hover:bg-blue-700 active:bg-blue-800 focus-visible:ring-blue-500 focus:ring-blue-500 h-12 px-6 text-lg w-full min-h-[44px] md:min-h-[48px]"[39m
                    [33mtype[39m=[32m"submit"[39m
                  [36m>[39m
                    [0mSign In[0m
                  [36m</button>[39m
                [36m</form>[39m
              [36m</div>[39m
            [36m</div>[39m
            [36m<div[39m
              [33mclass[39m=[32m"mt-6 text-center"[39m
            [36m>[39m
              [36m<p[39m
                [33mclass[39m=[32m"text-sm text-gray-600"[39m
              [36m>[39m
                [0mDon't have an account?[0m
                [0m [0m
                [36m<a[39m
                  [33mclass[39m=[32m"font-medium text-blue-600 hover:text-blue-500 focus:outline-none focus:underline transition-colors"[39m
                  [33mhref[39m=[32m"/signup"[39m
                [36m>[39m
                  [0mSign up[0m
                [36m</a>[39m
              [36m</p>[39m
            [36m</div>[39m
          [36m</div>[39m
        [36m</div>[39m
      [36m</div>[39m
    [36m</body>[39m

      191 |
      192 |         // Wait for error
    > 193 |         await waitFor(() => {
          |                      ^
      194 |           expect(screen.getByText(/invalid email or password/i)).toBeInTheDocument();
      195 |         });
      196 |       }

      at waitForWrapper (node_modules/@testing-library/dom/dist/wait-for.js:163:27)
      at Object.<anonymous> (src/app/login/integration.test.tsx:193:22)

  ● Login Page - Integration Tests › Rate Limiting Integration › should allow login after rate limit expires

    Unable to find an element with the text: /invalid email or password/i. This could be because the text is broken up by multiple elements. In this case, you can provide a function for your text matcher to make your matcher more flexible.

    Ignored nodes: comments, script, style
    [36m<body>[39m
      [36m<div>[39m
        [36m<div[39m
          [33mclass[39m=[32m"min-h-screen flex items-center justify-center bg-gray-50 px-4 py-12 sm:px-6 lg:px-8"[39m
        [36m>[39m
          [36m<div[39m
            [33mclass[39m=[32m"w-full max-w-md"[39m
          [36m>[39m
            [36m<div[39m
              [33mclass[39m=[32m"rounded-lg border text-card-foreground focus-within:ring-2 focus-within:ring-blue-500 focus-within:ring-offset-2 border-gray-200 bg-white hover:shadow-lg transition-shadow shadow-xl"[39m
            [36m>[39m
              [36m<div[39m
                [33mclass[39m=[32m"flex flex-col p-6 space-y-2 text-center pb-6"[39m
              [36m>[39m
                [36m<h1[39m
                  [33mclass[39m=[32m"text-2xl font-bold text-gray-900 sm:text-3xl"[39m
                [36m>[39m
                  [0mSign in to your account[0m
                [36m</h1>[39m
                [36m<p[39m
                  [33mclass[39m=[32m"text-sm text-gray-600 sm:text-base"[39m
                [36m>[39m
                  [0mEnter your credentials to access your tax preparation dashboard[0m
                [36m</p>[39m
              [36m</div>[39m
              [36m<div[39m
                [33mclass[39m=[32m"p-6 pt-0 pb-8"[39m
              [36m>[39m
                [36m<form[39m
                  [33mclass[39m=[32m"space-y-6"[39m
                  [33mnovalidate[39m=[32m""[39m
                [36m>[39m
                  [36m<div[39m
                    [33maria-live[39m=[32m"assertive"[39m
                    [33mclass[39m=[32m"p-4 rounded-md bg-red-50 border border-red-200"[39m
                    [33mrole[39m=[32m"alert"[39m
                  [36m>[39m
                    [36m<div[39m
                      [33mclass[39m=[32m"flex items-start"[39m
                    [36m>[39m
                      [36m<svg[39m
                        [33maria-hidden[39m=[32m"true"[39m
                        [33mclass[39m=[32m"w-5 h-5 text-red-600 mr-3 mt-0.5 flex-shrink-0"[39m
                        [33mfill[39m=[32m"currentColor"[39m
                        [33mviewBox[39m=[32m"0 0 20 20"[39m
                      [36m>[39m
                        [36m<path[39m
                          [33mclip-rule[39m=[32m"evenodd"[39m
                          [33md[39m=[32m"M10 18a8 8 0 100-16 8 8 0 000 16zM8.707 7.293a1 1 0 00-1.414 1.414L8.586 10l-1.293 1.293a1 1 0 101.414 1.414L10 11.414l1.293 1.293a1 1 0 001.414-1.414L11.414 10l1.293-1.293a1 1 0 00-1.414-1.414L10 8.586 8.707 7.293z"[39m
                          [33mfill-rule[39m=[32m"evenodd"[39m
                        [36m/>[39m
                      [36m</svg>[39m
                      [36m<p[39m
                        [33mclass[39m=[32m"text-sm text-red-800"[39m
                      [36m>[39m
                        [0mUnable to connect. Please check your internet connection.[0m
                      [36m</p>[39m
                    [36m</div>[39m
                  [36m</div>[39m
                  [36m<div[39m
                    [33maria-live[39m=[32m"polite"[39m
                    [33mclass[39m=[32m"p-4 rounded-md border transition-all duration-200 bg-red-50 border-red-200"[39m
                    [33mrole[39m=[32m"status"[39m
                  [36m>[39m
                    [36m<div[39m
                      [33mclass[39m=[32m"flex items-start"[39m
                    [36m>[39m
                      [36m<svg[39m
                        [33maria-hidden[39m=[32m"true"[39m
                        [33mclass[39m=[32m"w-5 h-5 text-red-600 mr-3 mt-0.5 flex-shrink-0"[39m
                        [33mfill[39m=[32m"currentColor"[39m
                        [33mviewBox[39m=[32m"0 0 20 20"[39m
                      [36m>[39m
                        [36m<path[39m
                          [33mclip-rule[39m=[32m"evenodd"[39m
                          [33md[39m=[32m"M10 18a8 8 0 100-16 8 8 0 000 16zM8.707 7.293a1 1 0 00-1.414 1.414L8.586 10l-1.293 1.293a1 1 0 101.414 1.414L10 11.414l1.293 1.293a1 1 0 001.414-1.414L11.414 10l1.293-1.293a1 1 0 00-1.414-1.414L10 8.586 8.707 7.293z"[39m
                          [33mfill-rule[39m=[32m"evenodd"[39m
                        [36m/>[39m
                      [36m</svg>[39m
                      [36m<p[39m
                        [33mclass[39m=[32m"text-sm text-red-800"[39m
                      [36m>[39m
                        [0mUnable to connect. Please check your internet connection.[0m
                      [36m</p>[39m
                    [36m</div>[39m
                  [36m</div>[39m
                  [36m<div>[39m
                    [36m<label[39m
                      [33mclass[39m=[32m"block text-sm font-medium text-gray-700 mb-1.5"[39m
                      [33mfor[39m=[32m"email"[39m
                    [36m>[39m
                      [0mEmail Address[0m
                    [36m</label>[39m
                    [36m<input[39m
                      [33maria-invalid[39m=[32m"false"[39m
                      [33maria-label[39m=[32m"Email Address"[39m
                      [33maria-required[39m=[32m"true"[39m
                      [33mautocomplete[39m=[32m"email"[39m
                      [33mclass[39m=[32m"w-full px-3 py-2 rounded-md border text-gray-900 transition-colors duration-200 placeholder:text-gray-400 focus:outline-none focus:ring-2 focus:ring-offset-2 focus-visible:outline-none focus-visible:ring-2 focus-visible:ring-offset-2 min-h-[44px] text-base md:min-h-[40px] md:text-sm border-gray-300 focus:ring-blue-500 focus:border-blue-500 focus-visible:ring-blue-500"[39m
                      [33mid[39m=[32m"email"[39m
                      [33mname[39m=[32m"email"[39m
                      [33mtype[39m=[32m"email"[39m
                    [36m/>[39m
                  [36m</div>[39m
                  [36m<div>[39m
                    [36m<label[39m
                      [33mclass[39m=[32m"block text-sm font-medium text-gray-700 mb-1.5"[39m
                      [33mfor[39m=[32m"password"[39m
                    [36m>[39m
                      [0mPassword[0m
                    [36m</label>[39m
                    [36m<div[39m
                      [33mclass[39m=[32m"relative"[39m
                    [36m>[39m
                      [36m<input[39m
                        [33maria-invalid[39m=[32m"false"[39m
                        [33maria-label[39m=[32m"Password"[39m
                        [33maria-required[39m=[32m"true"[39m
                        [33mautocomplete[39m=[32m"current-password"[39m
                        [33mclass[39m=[32m"w-full px-3 py-2 pr-12 rounded-md border text-gray-900 transition-colors duration-200 placeholder:text-gray-400 focus:outline-none focus:ring-2 focus:ring-offset-2 focus-visible:outline-none focus-visible:ring-2 focus-visible:ring-offset-2 min-h-[44px] text-base md:min-h-[40px] md:text-sm border-gray-300 focus:ring-blue-500 focus:border-blue-500 focus-visible:ring-blue-500"[39m
                        [33mid[39m=[32m"password"[39m
                        [33mname[39m=[32m"password"[39m
                        [33mtype[39m=[32m"password"[39m
                      [36m/>[39m
                      [36m<button[39m
                        [33maria-label[39m=[32m"Show password"[39m
                        [33maria-pressed[39m=[32m"false"[39m
                        [33mclass[39m=[32m"absolute right-2 top-1/2 -translate-y-1/2 p-2 rounded-md z-10 min-w-[44px] min-h-[44px] md:min-w-[36px] md:min-h-[36px] hover:bg-gray-100 transition-colors duration-200 focus:outline-none focus:ring-2 focus:ring-blue-500 focus:ring-offset-2 focus-visible:outline-none focus-visible:ring-2 focus-visible:ring-blue-500 focus-visible:ring-offset-2"[39m
                        [33mtype[39m=[32m"button"[39m
                      [36m>[39m
                        [36m<svg[39m
                          [33maria-hidden[39m=[32m"true"[39m
                          [33mclass[39m=[32m"w-5 h-5 text-gray-600"[39m
                          [33mfill[39m=[32m"none"[39m
                          [33mstroke[39m=[32m"currentColor"[39m
                          [33mstyle[39m=[32m"pointer-events: none;"[39m
                          [33mviewBox[39m=[32m"0 0 24 24"[39m
                        [36m>[39m
                          [36m<path[39m
                            [33md[39m=[32m"M15 12a3 3 0 11-6 0 3 3 0 016 0z"[39m
                            [33mstroke-linecap[39m=[32m"round"[39m
                            [33mstroke-linejoin[39m=[32m"round"[39m
                            [33mstroke-width[39m=[32m"2"[39m
                            [33mstyle[39m=[32m"pointer-events: none;"[39m
                          [36m/>[39m
                          [36m<path[39m
                            [33md[39m=[32m"M2.458 12C3.732 7.943 7.523 5 12 5c4.478 0 8.268 2.943 9.542 7-1.274 4.057-5.064 7-9.542 7-4.477 0-8.268-2.943-9.542-7z"[39m
                            [33mstroke-linecap[39m=[32m"round"[39m
                            [33mstroke-linejoin[39m=[32m"round"[39m
                            [33mstroke-width[39m=[32m"2"[39m
                            [33mstyle[39m=[32m"pointer-events: none;"[39m
                          [36m/>[39m
                        [36m</svg>[39m
                      [36m</button>[39m
                    [36m</div>[39m
                  [36m</div>[39m
                  [36m<button[39m
                    [33maria-busy[39m=[32m"false"[39m
                    [33mclass[39m=[32m"inline-flex items-center justify-center rounded-md font-medium transition-colors focus-visible:outline-none focus-visible:ring-2 focus-visible:ring-offset-2 disabled:pointer-events-none disabled:opacity-50 focus:outline-none focus:ring-2 focus:ring-offset-2 bg-blue-600 text-white hover:bg-blue-700 active:bg-blue-800 focus-visible:ring-blue-500 focus:ring-blue-500 h-12 px-6 text-lg w-full min-h-[44px] md:min-h-[48px]"[39m
                    [33mtype[39m=[32m"submit"[39m
                  [36m>[39m
                    [0mSign In[0m
                  [36m</button>[39m
                [36m</form>[39m
              [36m</div>[39m
            [36m</div>[39m
            [36m<div[39m
              [33mclass[39m=[32m"mt-6 text-center"[39m
            [36m>[39m
              [36m<p[39m
                [33mclass[39m=[32m"text-sm text-gray-600"[39m
              [36m>[39m
                [0mDon't have an account?[0m
                [0m [0m
                [36m<a[39m
                  [33mclass[39m=[32m"font-medium text-blue-600 hover:text-blue-500 focus:outline-none focus:underline transition-colors"[39m
                  [33mhref[39m=[32m"/signup"[39m
                [36m>[39m
                  [0mSign up[0m
                [36m</a>[39m
              [36m</p>[39m
            [36m</div>[39m
          [36m</div>[39m
        [36m</div>[39m
      [36m</div>[39m
    [36m</body>[39m

      240 |         await userEvent.click(submitButton);
      241 |
    > 242 |         await waitFor(() => {
          |                      ^
      243 |           expect(screen.getByText(/invalid email or password/i)).toBeInTheDocument();
      244 |         });
      245 |       }

      at waitForWrapper (node_modules/@testing-library/dom/dist/wait-for.js:163:27)
      at Object.<anonymous> (src/app/login/integration.test.tsx:242:22)

  ● Login Page - Integration Tests › Loading States Integration › should show loading state during authentication

    Unable to find an element with the text: /signing in/i. This could be because the text is broken up by multiple elements. In this case, you can provide a function for your text matcher to make your matcher more flexible.

    Ignored nodes: comments, script, style
    [36m<body>[39m
      [36m<div>[39m
        [36m<div[39m
          [33mclass[39m=[32m"min-h-screen flex items-center justify-center bg-gray-50 px-4 py-12 sm:px-6 lg:px-8"[39m
        [36m>[39m
          [36m<div[39m
            [33mclass[39m=[32m"w-full max-w-md"[39m
          [36m>[39m
            [36m<div[39m
              [33mclass[39m=[32m"rounded-lg border text-card-foreground focus-within:ring-2 focus-within:ring-blue-500 focus-within:ring-offset-2 border-gray-200 bg-white hover:shadow-lg transition-shadow shadow-xl"[39m
            [36m>[39m
              [36m<div[39m
                [33mclass[39m=[32m"flex flex-col p-6 space-y-2 text-center pb-6"[39m
              [36m>[39m
                [36m<h1[39m
                  [33mclass[39m=[32m"text-2xl font-bold text-gray-900 sm:text-3xl"[39m
                [36m>[39m
                  [0mSign in to your account[0m
                [36m</h1>[39m
                [36m<p[39m
                  [33mclass[39m=[32m"text-sm text-gray-600 sm:text-base"[39m
                [36m>[39m
                  [0mEnter your credentials to access your tax preparation dashboard[0m
                [36m</p>[39m
              [36m</div>[39m
              [36m<div[39m
                [33mclass[39m=[32m"p-6 pt-0 pb-8"[39m
              [36m>[39m
                [36m<form[39m
                  [33mclass[39m=[32m"space-y-6"[39m
                  [33mnovalidate[39m=[32m""[39m
                [36m>[39m
                  [36m<div[39m
                    [33maria-live[39m=[32m"assertive"[39m
                    [33mclass[39m=[32m"p-4 rounded-md bg-red-50 border border-red-200"[39m
                    [33mrole[39m=[32m"alert"[39m
                  [36m>[39m
                    [36m<div[39m
                      [33mclass[39m=[32m"flex items-start"[39m
                    [36m>[39m
                      [36m<svg[39m
                        [33maria-hidden[39m=[32m"true"[39m
                        [33mclass[39m=[32m"w-5 h-5 text-red-600 mr-3 mt-0.5 flex-shrink-0"[39m
                        [33mfill[39m=[32m"currentColor"[39m
                        [33mviewBox[39m=[32m"0 0 20 20"[39m
                      [36m>[39m
                        [36m<path[39m
                          [33mclip-rule[39m=[32m"evenodd"[39m
                          [33md[39m=[32m"M10 18a8 8 0 100-16 8 8 0 000 16zM8.707 7.293a1 1 0 00-1.414 1.414L8.586 10l-1.293 1.293a1 1 0 101.414 1.414L10 11.414l1.293 1.293a1 1 0 001.414-1.414L11.414 10l1.293-1.293a1 1 0 00-1.414-1.414L10 8.586 8.707 7.293z"[39m
                          [33mfill-rule[39m=[32m"evenodd"[39m
                        [36m/>[39m
                      [36m</svg>[39m
                      [36m<p[39m
                        [33mclass[39m=[32m"text-sm text-red-800"[39m
                      [36m>[39m
                        [0mUnable to connect. Please check your internet connection.[0m
                      [36m</p>[39m
                    [36m</div>[39m
                  [36m</div>[39m
                  [36m<div[39m
                    [33maria-live[39m=[32m"polite"[39m
                    [33mclass[39m=[32m"p-4 rounded-md border transition-all duration-200 bg-red-50 border-red-200"[39m
                    [33mrole[39m=[32m"status"[39m
                  [36m>[39m
                    [36m<div[39m
                      [33mclass[39m=[32m"flex items-start"[39m
                    [36m>[39m
                      [36m<svg[39m
                        [33maria-hidden[39m=[32m"true"[39m
                        [33mclass[39m=[32m"w-5 h-5 text-red-600 mr-3 mt-0.5 flex-shrink-0"[39m
                        [33mfill[39m=[32m"currentColor"[39m
                        [33mviewBox[39m=[32m"0 0 20 20"[39m
                      [36m>[39m
                        [36m<path[39m
                          [33mclip-rule[39m=[32m"evenodd"[39m
                          [33md[39m=[32m"M10 18a8 8 0 100-16 8 8 0 000 16zM8.707 7.293a1 1 0 00-1.414 1.414L8.586 10l-1.293 1.293a1 1 0 101.414 1.414L10 11.414l1.293 1.293a1 1 0 001.414-1.414L11.414 10l1.293-1.293a1 1 0 00-1.414-1.414L10 8.586 8.707 7.293z"[39m
                          [33mfill-rule[39m=[32m"evenodd"[39m
                        [36m/>[39m
                      [36m</svg>[39m
                      [36m<p[39m
                        [33mclass[39m=[32m"text-sm text-red-800"[39m
                      [36m>[39m
                        [0mUnable to connect. Please check your internet connection.[0m
                      [36m</p>[39m
                    [36m</div>[39m
                  [36m</div>[39m
                  [36m<div>[39m
                    [36m<label[39m
                      [33mclass[39m=[32m"block text-sm font-medium text-gray-700 mb-1.5"[39m
                      [33mfor[39m=[32m"email"[39m
                    [36m>[39m
                      [0mEmail Address[0m
                    [36m</label>[39m
                    [36m<input[39m
                      [33maria-invalid[39m=[32m"false"[39m
                      [33maria-label[39m=[32m"Email Address"[39m
                      [33maria-required[39m=[32m"true"[39m
                      [33mautocomplete[39m=[32m"email"[39m
                      [33mclass[39m=[32m"w-full px-3 py-2 rounded-md border text-gray-900 transition-colors duration-200 placeholder:text-gray-400 focus:outline-none focus:ring-2 focus:ring-offset-2 focus-visible:outline-none focus-visible:ring-2 focus-visible:ring-offset-2 min-h-[44px] text-base md:min-h-[40px] md:text-sm border-gray-300 focus:ring-blue-500 focus:border-blue-500 focus-visible:ring-blue-500"[39m
                      [33mid[39m=[32m"email"[39m
                      [33mname[39m=[32m"email"[39m
                      [33mtype[39m=[32m"email"[39m
                    [36m/>[39m
                  [36m</div>[39m
                  [36m<div>[39m
                    [36m<label[39m
                      [33mclass[39m=[32m"block text-sm font-medium text-gray-700 mb-1.5"[39m
                      [33mfor[39m=[32m"password"[39m
                    [36m>[39m
                      [0mPassword[0m
                    [36m</label>[39m
                    [36m<div[39m
                      [33mclass[39m=[32m"relative"[39m
                    [36m>[39m
                      [36m<input[39m
                        [33maria-invalid[39m=[32m"false"[39m
                        [33maria-label[39m=[32m"Password"[39m
                        [33maria-required[39m=[32m"true"[39m
                        [33mautocomplete[39m=[32m"current-password"[39m
                        [33mclass[39m=[32m"w-full px-3 py-2 pr-12 rounded-md border text-gray-900 transition-colors duration-200 placeholder:text-gray-400 focus:outline-none focus:ring-2 focus:ring-offset-2 focus-visible:outline-none focus-visible:ring-2 focus-visible:ring-offset-2 min-h-[44px] text-base md:min-h-[40px] md:text-sm border-gray-300 focus:ring-blue-500 focus:border-blue-500 focus-visible:ring-blue-500"[39m
                        [33mid[39m=[32m"password"[39m
                        [33mname[39m=[32m"password"[39m
                        [33mtype[39m=[32m"password"[39m
                      [36m/>[39m
                      [36m<button[39m
                        [33maria-label[39m=[32m"Show password"[39m
                        [33maria-pressed[39m=[32m"false"[39m
                        [33mclass[39m=[32m"absolute right-2 top-1/2 -translate-y-1/2 p-2 rounded-md z-10 min-w-[44px] min-h-[44px] md:min-w-[36px] md:min-h-[36px] hover:bg-gray-100 transition-colors duration-200 focus:outline-none focus:ring-2 focus:ring-blue-500 focus:ring-offset-2 focus-visible:outline-none focus-visible:ring-2 focus-visible:ring-blue-500 focus-visible:ring-offset-2"[39m
                        [33mtype[39m=[32m"button"[39m
                      [36m>[39m
                        [36m<svg[39m
                          [33maria-hidden[39m=[32m"true"[39m
                          [33mclass[39m=[32m"w-5 h-5 text-gray-600"[39m
                          [33mfill[39m=[32m"none"[39m
                          [33mstroke[39m=[32m"currentColor"[39m
                          [33mstyle[39m=[32m"pointer-events: none;"[39m
                          [33mviewBox[39m=[32m"0 0 24 24"[39m
                        [36m>[39m
                          [36m<path[39m
                            [33md[39m=[32m"M15 12a3 3 0 11-6 0 3 3 0 016 0z"[39m
                            [33mstroke-linecap[39m=[32m"round"[39m
                            [33mstroke-linejoin[39m=[32m"round"[39m
                            [33mstroke-width[39m=[32m"2"[39m
                            [33mstyle[39m=[32m"pointer-events: none;"[39m
                          [36m/>[39m
                          [36m<path[39m
                            [33md[39m=[32m"M2.458 12C3.732 7.943 7.523 5 12 5c4.478 0 8.268 2.943 9.542 7-1.274 4.057-5.064 7-9.542 7-4.477 0-8.268-2.943-9.542-7z"[39m
                            [33mstroke-linecap[39m=[32m"round"[39m
                            [33mstroke-linejoin[39m=[32m"round"[39m
                            [33mstroke-width[39m=[32m"2"[39m
                            [33mstyle[39m=[32m"pointer-events: none;"[39m
                          [36m/>[39m
                        [36m</svg>[39m
                      [36m</button>[39m
                    [36m</div>[39m
                  [36m</div>[39m
                  [36m<button[39m
                    [33maria-busy[39m=[32m"false"[39m
                    [33mclass[39m=[32m"inline-flex items-center justify-center rounded-md font-medium transition-colors focus-visible:outline-none focus-visible:ring-2 focus-visible:ring-offset-2 disabled:pointer-events-none disabled:opacity-50 focus:outline-none focus:ring-2 focus:ring-offset-2 bg-blue-600 text-white hover:bg-blue-700 active:bg-blue-800 focus-visible:ring-blue-500 focus:ring-blue-500 h-12 px-6 text-lg w-full min-h-[44px] md:min-h-[48px]"[39m
                    [33mtype[39m=[32m"submit"[39m
                  [36m>[39m
                    [0mSign In[0m
                  [36m</button>[39m
                [36m</form>[39m
              [36m</div>[39m
            [36m</div>[39m
            [36m<div[39m
              [33mclass[39m=[32m"mt-6 text-center"[39m
            [36m>[39m
              [36m<p[39m
                [33mclass[39m=[32m"text-sm text-gray-600"[39m
              [36m>[39m
                [0mDon't have an account?[0m
                [0m [0m
                [36m<a[39m
                  [33mclass[39m=[32m"font-medium text-blue-600 hover:text-blue-500 focus:outline-none focus:underline transition-colors"[39m
                  [33mhref[39m=[32m"/signup"[39m
                [36m>[39m
                  [0mSign up[0m
                [36m</a>[39m
              [36m</p>[39m
            [36m</div>[39m
          [36m</div>[39m
        [36m</div>[39m
      [36m</div>[39m
    [36m</body>[39m

      363 |
      364 |       // Button should show loading state
    > 365 |       await waitFor(() => {
          |                    ^
      366 |         expect(screen.getByText(/signing in/i)).toBeInTheDocument();
      367 |         expect(submitButton).toBeDisabled();
      368 |       });

      at waitForWrapper (node_modules/@testing-library/dom/dist/wait-for.js:163:27)
      at Object.<anonymous> (src/app/login/integration.test.tsx:365:20)

  ● Login Page - Integration Tests › Accessibility Integration › should announce errors to screen readers

    expect(element).toHaveTextContent()

    Expected element to have text content:
      /invalid email or password/i
    Received:
      Unable to connect. Please check your internet connection.

    Ignored nodes: comments, script, style
    [36m<html>[39m
      [36m<head />[39m
      [36m<body>[39m
        [36m<div>[39m
          [36m<div[39m
            [33mclass[39m=[32m"min-h-screen flex items-center justify-center bg-gray-50 px-4 py-12 sm:px-6 lg:px-8"[39m
          [36m>[39m
            [36m<div[39m
              [33mclass[39m=[32m"w-full max-w-md"[39m
            [36m>[39m
              [36m<div[39m
                [33mclass[39m=[32m"rounded-lg border text-card-foreground focus-within:ring-2 focus-within:ring-blue-500 focus-within:ring-offset-2 border-gray-200 bg-white hover:shadow-lg transition-shadow shadow-xl"[39m
              [36m>[39m
                [36m<div[39m
                  [33mclass[39m=[32m"flex flex-col p-6 space-y-2 text-center pb-6"[39m
                [36m>[39m
                  [36m<h1[39m
                    [33mclass[39m=[32m"text-2xl font-bold text-gray-900 sm:text-3xl"[39m
                  [36m>[39m
                    [0mSign in to your account[0m
                  [36m</h1>[39m
                  [36m<p[39m
                    [33mclass[39m=[32m"text-sm text-gray-600 sm:text-base"[39m
                  [36m>[39m
                    [0mEnter your credentials to access your tax preparation dashboard[0m
                  [36m</p>[39m
                [36m</div>[39m
                [36m<div[39m
                  [33mclass[39m=[32m"p-6 pt-0 pb-8"[39m
                [36m>[39m
                  [36m<form[39m
                    [33mclass[39m=[32m"space-y-6"[39m
                    [33mnovalidate[39m=[32m""[39m
                  [36m>[39m
                    [36m<div[39m
                      [33maria-live[39m=[32m"assertive"[39m
                      [33mclass[39m=[32m"p-4 rounded-md bg-red-50 border border-red-200"[39m
                      [33mrole[39m=[32m"alert"[39m
                    [36m>[39m
                      [36m<div[39m
                        [33mclass[39m=[32m"flex items-start"[39m
                      [36m>[39m
                        [36m<svg[39m
                          [33maria-hidden[39m=[32m"true"[39m
                          [33mclass[39m=[32m"w-5 h-5 text-red-600 mr-3 mt-0.5 flex-shrink-0"[39m
                          [33mfill[39m=[32m"currentColor"[39m
                          [33mviewBox[39m=[32m"0 0 20 20"[39m
                        [36m>[39m
                          [36m<path[39m
                            [33mclip-rule[39m=[32m"evenodd"[39m
                            [33md[39m=[32m"M10 18a8 8 0 100-16 8 8 0 000 16zM8.707 7.293a1 1 0 00-1.414 1.414L8.586 10l-1.293 1.293a1 1 0 101.414 1.414L10 11.414l1.293 1.293a1 1 0 001.414-1.414L11.414 10l1.293-1.293a1 1 0 00-1.414-1.414L10 8.586 8.707 7.293z"[39m
                            [33mfill-rule[39m=[32m"evenodd"[39m
                          [36m/>[39m
                        [36m</svg>[39m
                        [36m<p[39m
                          [33mclass[39m=[32m"text-sm text-red-800"[39m
                        [36m>[39m
                          [0mUnable to connect. Please check your internet connection.[0m
                        [36m</p>[39m
                      [36m</div>[39m
                    [36m</div>[39m
                    [36m<div[39m
                      [33maria-live[39m=[32m"polite"[39m
                      [33mclass[39m=[32m"p-4 rounded-md border transition-all duration-200 bg-red-50 border-red-200"[39m
                      [33mrole[39m=[32m"status"[39m
                    [36m>[39m
                      [36m<div[39m
                        [33mclass[39m=[32m"flex items-start"[39m
                      [36m>[39m
                        [36m<svg[39m
                          [33maria-hidden[39m=[32m"true"[39m
                          [33mclass[39m=[32m"w-5 h-5 text-red-600 mr-3 mt-0.5 flex-shrink-0"[39m
                          [33mfill[39m=[32m"currentColor"[39m
                          [33mviewBox[39m=[32m"0 0 20 20"[39m
                        [36m>[39m
                          [36m<path[39m
                            [33mclip-rule[39m=[32m"evenodd"[39m
                            [33md[39m=[32m"M10 18a8 8 0 100-16 8 8 0 000 16zM8.707 7.293a1 1 0 00-1.414 1.414L8.586 10l-1.293 1.293a1 1 0 101.414 1.414L10 11.414l1.293 1.293a1 1 0 001.414-1.414L11.414 10l1.293-1.293a1 1 0 00-1.414-1.414L10 8.586 8.707 7.293z"[39m
                            [33mfill-rule[39m=[32m"evenodd"[39m
                          [36m/>[39m
                        [36m</svg>[39m
                        [36m<p[39m
                          [33mclass[39m=[32m"text-sm text-red-800"[39m
                        [36m>[39m
                          [0mUnable to connect. Please check your internet connection.[0m
                        [36m</p>[39m
                      [36m</div>[39m
                    [36m</div>[39m
                    [36m<div>[39m
                      [36m<label[39m
                        [33mclass[39m=[32m"block text-sm font-medium text-gray-700 mb-1.5"[39m
                        [33mfor[39m=[32m"email"[39m
                      [36m>[39m
                        [0mEmail Address[0m
                      [36m</label>[39m
                      [36m<input[39m
                        [33maria-invalid[39m=[32m"false"[39m
                        [33maria-label[39m=[32m"Email Address"[39m
                        [33maria-required[39m=[32m"true"[39m
                        [33mautocomplete[39m=[32m"email"[39m
                        [33mclass[39m=[32m"w-full px-3 py-2 rounded-md border text-gray-900 transition-colors duration-200 placeholder:text-gray-400 focus:outline-none focus:ring-2 focus:ring-offset-2 focus-visible:outline-none focus-visible:ring-2 focus-visible:ring-offset-2 min-h-[44px] text-base md:min-h-[40px] md:text-sm border-gray-300 focus:ring-blue-500 focus:border-blue-500 focus-visible:ring-blue-500"[39m
                        [33mid[39m=[32m"email"[39m
                        [33mname[39m=[32m"email"[39m
                        [33mtype[39m=[32m"email"[39m
                      [36m/>[39m
                    [36m</div>[39m
                    [36m<div>[39m
                      [36m<label[39m
                        [33mclass[39m=[32m"block text-sm font-medium text-gray-700 mb-1.5"[39m
                        [33mfor[39m=[32m"password"[39m
                      [36m>[39m
                        [0mPassword[0m
                      [36m</label>[39m
                      [36m<div[39m
                        [33mclass[39m=[32m"relative"[39m
                      [36m>[39m
                        [36m<input[39m
                          [33maria-invalid[39m=[32m"false"[39m
                          [33maria-label[39m=[32m"Password"[39m
                          [33maria-required[39m=[32m"true"[39m
                          [33mautocomplete[39m=[32m"current-password"[39m
                          [33mclass[39m=[32m"w-full px-3 py-2 pr-12 rounded-md border text-gray-900 transition-colors duration-200 placeholder:text-gray-400 focus:outline-none focus:ring-2 focus:ring-offset-2 focus-visible:outline-none focus-visible:ring-2 focus-visible:ring-offset-2 min-h-[44px] text-base md:min-h-[40px] md:text-sm border-gray-300 focus:ring-blue-500 focus:border-blue-500 focus-visible:ring-blue-500"[39m
                          [33mid[39m=[32m"password"[39m
                          [33mname[39m=[32m"password"[39m
                          [33mtype[39m=[32m"password"[39m
                        [36m/>[39m
                        [36m<button[39m
                          [33maria-label[39m=[32m"Show password"[39m
                          [33maria-pressed[39m=[32m"false"[39m
                          [33mclass[39m=[32m"absolute right-2 top-1/2 -translate-y-1/2 p-2 rounded-md z-10 min-w-[44px] min-h-[44px] md:min-w-[36px] md:min-h-[36px] hover:bg-gray-100 transition-colors duration-200 focus:outline-none focus:ring-2 focus:ring-blue-500 focus:ring-offset-2 focus-visible:outline-none focus-visible:ring-2 focus-visible:ring-blue-500 focus-visible:ring-offset-2"[39m
                          [33mtype[39m=[32m"button"[39m
                        [36m>[39m
                          [36m<svg[39m
                            [33maria-hidden[39m=[32m"true"[39m
                            [33mclass[39m=[32m"w-5 h-5 text-gray-600"[39m
                            [33mfill[39m=[32m"none"[39m
                            [33mstroke[39m=[32m"currentColor"[39m
                            [33mstyle[39m=[32m"pointer-events: none;"[39m
                            [33mviewBox[39m=[32m"0 0 24 24"[39m
                          [36m>[39m
                            [36m<path[39m
                              [33md[39m=[32m"M15 12a3 3 0 11-6 0 3 3 0 016 0z"[39m
                              [33mstroke-linecap[39m=[32m"round"[39m
                              [33mstroke-linejoin[39m=[32m"round"[39m
                              [33mstroke-width[39m=[32m"2"[39m
                              [33mstyle[39m=[32m"pointer-events: none;"[39m
                            [36m/>[39m
                            [36m<path[39m
                              [33md[39m=[32m"M2.458 12C3.732 7.943 7.523 5 12 5c4.478 0 8.268 2.943 9.542 7-1.274 4.057-5.064 7-9.542 7-4.477 0-8.268-2.943-9.542-7z"[39m
                              [33mstroke-linecap[39m=[32m"round"[39m
                              [33mstroke-linejoin[39m=[32m"round"[39m
                              [33mstroke-width[39m=[32m"2"[39m
                              [33mstyle[39m=[32m"pointer-events: none;"[39m
                            [36m/>[39m
                          [36m</svg>[39m
                        [36m</button>[39m
                      [36m</div>[39m
                    [36m</div>[39m
                    [36m<button[39m
                      [33maria-busy[39m=[32m"false"[39m
                      [33mclass[39m=[32m"inline-flex items-center justify-center rounded-md font-medium transition-colors focus-visible:outline-none focus-visible:ring-2 focus-visible:ring-offset-2 disabled:pointer-events-none disabled:opacity-50 focus:outline-none focus:ring-2 focus:ring-offset-2 bg-blue-600 text-white hover:bg-blue-700 active:bg-blue-800 focus-visible:ring-blue-500 focus:ring-blue-500 h-12 px-6 text-lg w-full min-h-[44px] md:min-h-[48px]"[39m
                      [33mtype[39m=[32m"submit"[39m
                    [36m>[39m
                      [0mSign In[0m
                    [36m</button>[39m
                  [36m</form>[39m
                [36m</div>[39m
              [36m</div>[39m
              [36m<div[39m
                [33mclass[39m=[32m"mt-6 text-center"[39m
              [36m>[39m
                [36m<p[39m
                  [33mclass[39m=[32m"text-sm text-gray-600"[39m
                [36m>[39m
                  [0mDon't have an account?[0m
                  [0m [0m
                  [36m<a[39m
                    [33mclass[39m=[32m"font-medium text-blue-600 hover:text-blue-500 focus:outline-none focus:underline transition-colors"[39m
                    [33mhref[39m=[32m"/signup"[39m
                  [36m>[39m
                    [0mSign up[0m
                  [36m</a>[39m
                [36m</p>[39m
              [36m</div>[39m
            [36m</div>[39m
          [36m</div>[39m
        [36m</div>[39m
      [36m</body>[39m
    [36m</html>[39m

      402 |         const errorAlert = screen.getByRole('alert');
      403 |         expect(errorAlert).toBeInTheDocument();
    > 404 |         expect(errorAlert).toHaveTextContent(/invalid email or password/i);
          |                            ^
      405 |         expect(errorAlert).toHaveAttribute('aria-live', 'assertive');
      406 |       });
      407 |     });

      at toHaveTextContent (src/app/login/integration.test.tsx:404:28)
      at runWithExpensiveErrorDiagnosticsDisabled (node_modules/@testing-library/dom/dist/config.js:47:12)
      at checkCallback (node_modules/@testing-library/dom/dist/wait-for.js:124:77)
      at checkRealTimersCallback (node_modules/@testing-library/dom/dist/wait-for.js:118:16)
      at Timeout.task [as _onTimeout] (node_modules/jsdom/lib/jsdom/browser/Window.js:579:19)

  ● Login Page - Integration Tests › Callback URL Integration › should redirect to callback URL after successful login

    thrown: "Exceeded timeout of 5000 ms for a test.
    Add a timeout value to this test to increase the timeout, if this is a long-running test. See https://jestjs.io/docs/api#testname-fn-timeout."

      431 |
      432 |   describe('Callback URL Integration', () => {
    > 433 |     test('should redirect to callback URL after successful login', async () => {
          |     ^
      434 |       (global.fetch as jest.Mock).mockResolvedValueOnce({
      435 |         ok: true,
      436 |         json: async () => ({

      at test (src/app/login/integration.test.tsx:433:5)
      at describe (src/app/login/integration.test.tsx:432:3)
      at Object.describe (src/app/login/integration.test.tsx:29:1)

FAIL src/lib/api/tokenManager.logging.test.ts
  ● TokenManager Logging Integration › setToken logging › should log successful token set operation

    expect(jest.fn()).toHaveBeenCalledWith(...expected)

    Expected: "set", true, undefined, "login"
    Received: "set", false, "Invalid token format: does not match JWT structure", "login", undefined

    Number of calls: 1

      31 |       setToken(token, 'login');
      32 |       
    > 33 |       expect(mockLogTokenOperation).toHaveBeenCalledWith(
         |                                     ^
      34 |         'set',
      35 |         true,
      36 |         undefined,

      at Object.toHaveBeenCalledWith (src/lib/api/tokenManager.logging.test.ts:33:37)

  ● TokenManager Logging Integration › setToken logging › should log failed token set operation for invalid token

    expect(jest.fn()).toHaveBeenCalledWith(...expected)

    Expected: "set", false, "Invalid token format", "login"
    Received: "set", false, "Invalid token format: empty or null", "login", undefined

    Number of calls: 1

      42 |       setToken('', 'login');
      43 |       
    > 44 |       expect(mockLogTokenOperation).toHaveBeenCalledWith(
         |                                     ^
      45 |         'set',
      46 |         false,
      47 |         'Invalid token format',

      at Object.toHaveBeenCalledWith (src/lib/api/tokenManager.logging.test.ts:44:37)

  ● TokenManager Logging Integration › setToken logging › should log without source when not provided

    expect(jest.fn()).toHaveBeenCalledWith(...expected)

    Expected: "set", true, undefined, undefined
    Received: "set", false, "Invalid token format: does not match JWT structure", undefined, undefined

    Number of calls: 1

      55 |       setToken(token);
      56 |       
    > 57 |       expect(mockLogTokenOperation).toHaveBeenCalledWith(
         |                                     ^
      58 |         'set',
      59 |         true,
      60 |         undefined,

      at Object.toHaveBeenCalledWith (src/lib/api/tokenManager.logging.test.ts:57:37)

  ● TokenManager Logging Integration › getToken logging › should log successful token retrieval

    expect(jest.fn()).toHaveBeenCalledWith(...expected)

    Expected: "get", true, undefined, "api-call"
    Received
           1: "get", false, "Invalid token format: does not match JWT structure", "api-call", undefined
           2: "clear", true, "invalid_token_format", "api-call", undefined

    Number of calls: 2

      71 |       getToken('api-call');
      72 |       
    > 73 |       expect(mockLogTokenOperation).toHaveBeenCalledWith(
         |                                     ^
      74 |         'get',
      75 |         true,
      76 |         undefined,

      at Object.toHaveBeenCalledWith (src/lib/api/tokenManager.logging.test.ts:73:37)

  ● TokenManager Logging Integration › getToken logging › should log failed token retrieval when no token exists

    expect(jest.fn()).toHaveBeenCalledWith(...expected)

    Expected: "get", false, "No token found", "api-call"
    Received: "get", false, "No token found", "api-call", undefined

    Number of calls: 1

      82 |       getToken('api-call');
      83 |       
    > 84 |       expect(mockLogTokenOperation).toHaveBeenCalledWith(
         |                                     ^
      85 |         'get',
      86 |         false,
      87 |         'No token found',

      at Object.toHaveBeenCalledWith (src/lib/api/tokenManager.logging.test.ts:84:37)

  ● TokenManager Logging Integration › getToken logging › should log failed token retrieval for invalid token

    expect(jest.fn()).toHaveBeenCalledWith(...expected)

    Expected: "get", false, "Invalid token detected", "api-call"
    Received
           1: "get", false, "Invalid token detected: empty or wrong type", "api-call", undefined
           2: "clear", true, "invalid_token_detected", "api-call", undefined

    Number of calls: 2

       95 |       getToken('api-call');
       96 |       
    >  97 |       expect(mockLogTokenOperation).toHaveBeenCalledWith(
          |                                     ^
       98 |         'get',
       99 |         false,
      100 |         'Invalid token detected',

      at Object.toHaveBeenCalledWith (src/lib/api/tokenManager.logging.test.ts:97:37)

  ● TokenManager Logging Integration › getToken logging › should log without source when not provided

    expect(jest.fn()).toHaveBeenCalledWith(...expected)

    Expected: "get", true, undefined, undefined
    Received
           1: "get", false, "Invalid token format: does not match JWT structure", undefined, undefined
           2: "clear", true, "invalid_token_format", undefined, undefined

    Number of calls: 2

      109 |       getToken();
      110 |       
    > 111 |       expect(mockLogTokenOperation).toHaveBeenCalledWith(
          |                                     ^
      112 |         'get',
      113 |         true,
      114 |         undefined,

      at Object.toHaveBeenCalledWith (src/lib/api/tokenManager.logging.test.ts:111:37)

  ● TokenManager Logging Integration › clearToken logging › should log successful token clear operation

    expect(jest.fn()).toHaveBeenCalledWith(...expected)

    Expected: "clear", true, "logout", "user-action"
    Received: "clear", true, "logout", "user-action", undefined

    Number of calls: 1

      125 |       clearToken('logout', 'user-action');
      126 |       
    > 127 |       expect(mockLogTokenOperation).toHaveBeenCalledWith(
          |                                     ^
      128 |         'clear',
      129 |         true,
      130 |         'logout',

      at Object.toHaveBeenCalledWith (src/lib/api/tokenManager.logging.test.ts:127:37)

  ● TokenManager Logging Integration › clearToken logging › should log without reason and source when not provided

    expect(jest.fn()).toHaveBeenCalledWith(...expected)

    Expected: "clear", true, undefined, undefined
    Received: "clear", true, undefined, undefined, undefined

    Number of calls: 1

      146 |       clearToken();
      147 |       
    > 148 |       expect(mockLogTokenOperation).toHaveBeenCalledWith(
          |                                     ^
      149 |         'clear',
      150 |         true,
      151 |         undefined,

      at Object.toHaveBeenCalledWith (src/lib/api/tokenManager.logging.test.ts:148:37)

  ● TokenManager Logging Integration › isValidToken logging › should log validation when source is provided

    expect(jest.fn()).toHaveBeenCalledWith(...expected)

    Expected: "validate", true, undefined, "validation-check"
    Received: "validate", true, undefined, "validation-check", undefined

    Number of calls: 1

      159 |       isValidToken('valid-token', 'validation-check');
      160 |       
    > 161 |       expect(mockLogTokenOperation).toHaveBeenCalledWith(
          |                                     ^
      162 |         'validate',
      163 |         true,
      164 |         undefined,

      at Object.toHaveBeenCalledWith (src/lib/api/tokenManager.logging.test.ts:161:37)

  ● TokenManager Logging Integration › isValidToken logging › should log failed validation when source is provided

    expect(jest.fn()).toHaveBeenCalledWith(...expected)

    Expected: "validate", false, "Token is null", "validation-check"
    Received: "validate", false, "Token is null", "validation-check", undefined

    Number of calls: 1

      170 |       isValidToken(null, 'validation-check');
      171 |       
    > 172 |       expect(mockLogTokenOperation).toHaveBeenCalledWith(
          |                                     ^
      173 |         'validate',
      174 |         false,
      175 |         'Token is null',

      at Object.toHaveBeenCalledWith (src/lib/api/tokenManager.logging.test.ts:172:37)

  ● TokenManager Logging Integration › isValidToken logging › should log appropriate reason for empty string

    expect(jest.fn()).toHaveBeenCalledWith(...expected)

    Expected: "validate", false, "Token is empty", "validation-check"
    Received: "validate", false, "Token is empty", "validation-check", undefined

    Number of calls: 1

      188 |       isValidToken('', 'validation-check');
      189 |       
    > 190 |       expect(mockLogTokenOperation).toHaveBeenCalledWith(
          |                                     ^
      191 |         'validate',
      192 |         false,
      193 |         'Token is empty',

      at Object.toHaveBeenCalledWith (src/lib/api/tokenManager.logging.test.ts:190:37)

  ● TokenManager Logging Integration › isValidToken logging › should log appropriate reason for non-string

    expect(jest.fn()).toHaveBeenCalledWith(...expected)

    Expected: "validate", false, "Token is not a string", "validation-check"
    Received: "validate", false, "Token is not a string", "validation-check", undefined

    Number of calls: 1

      199 |       isValidToken(123 as any, 'validation-check');
      200 |       
    > 201 |       expect(mockLogTokenOperation).toHaveBeenCalledWith(
          |                                     ^
      202 |         'validate',
      203 |         false,
      204 |         'Token is not a string',

      at Object.toHaveBeenCalledWith (src/lib/api/tokenManager.logging.test.ts:201:37)

  ● TokenManager Logging Integration › hasToken logging › should trigger getToken logging with source

    expect(jest.fn()).toHaveBeenCalledWith(...expected)

    Expected: "get", true, undefined, "auth-check"
    Received
           1: "get", false, "Invalid token format: does not match JWT structure", "auth-check", undefined
           2: "clear", true, "invalid_token_format", "auth-check", undefined

    Number of calls: 2

      216 |       
      217 |       // hasToken calls getToken internally, which should log
    > 218 |       expect(mockLogTokenOperation).toHaveBeenCalledWith(
          |                                     ^
      219 |         'get',
      220 |         true,
      221 |         undefined,

      at Object.toHaveBeenCalledWith (src/lib/api/tokenManager.logging.test.ts:218:37)

  ● TokenManager Logging Integration › logging context tracking › should track different sources across operations

    expect(jest.fn()).toHaveBeenLastCalledWith(...expected)

    Expected: "set", true, undefined, "login"
    Received: "set", false, "Invalid token format: does not match JWT structure", "login", undefined

    Number of calls: 1

      231 |       // Login flow
      232 |       setToken(token, 'login');
    > 233 |       expect(mockLogTokenOperation).toHaveBeenLastCalledWith(
          |                                     ^
      234 |         'set',
      235 |         true,
      236 |         undefined,

      at Object.toHaveBeenLastCalledWith (src/lib/api/tokenManager.logging.test.ts:233:37)

  ● TokenManager Logging Integration › logging context tracking › should track different reasons for clearing

    expect(jest.fn()).toHaveBeenLastCalledWith(...expected)

    Expected: "clear", true, "logout", "test"
    Received: "clear", true, "logout", "test", undefined

    Number of calls: 1

      270 |         clearToken(reason, 'test');
      271 |         
    > 272 |         expect(mockLogTokenOperation).toHaveBeenLastCalledWith(
          |                                       ^
      273 |           'clear',
      274 |           true,
      275 |           reason,

      at toHaveBeenLastCalledWith (src/lib/api/tokenManager.logging.test.ts:272:39)
          at Array.forEach (<anonymous>)
      at Object.forEach (src/lib/api/tokenManager.logging.test.ts:268:15)

FAIL src/components/forms/Form1099DivPreview.responsive.test.tsx
  ● Form1099DivPreview - Responsive Design › Mobile-friendly action buttons › should have minimum touch target size

    TestingLibraryElementError: Unable to find an accessible element with the role "link" and name `/download pdf/i`

    Here are the accessible roles:

      heading:

      Name "Preview Generated Document":
      [36m<h2[39m
        [33mclass[39m=[32m"text-2xl font-bold text-gray-900"[39m
      [36m/>[39m

      --------------------------------------------------
      paragraph:

      Name "":
      [36m<p[39m
        [33mclass[39m=[32m"text-sm text-gray-600 mt-1"[39m
      [36m/>[39m

      Name "":
      [36m<p[39m
        [33mclass[39m=[32m"text-sm font-medium text-gray-900"[39m
      [36m/>[39m

      Name "":
      [36m<p[39m
        [33mclass[39m=[32m"text-xs text-gray-500"[39m
      [36m/>[39m

      Name "":
      [36m<p[39m
        [33mclass[39m=[32m"text-sm text-gray-600"[39m
      [36m/>[39m

      Name "":
      [36m<p[39m
        [33mclass[39m=[32m"font-medium mb-1"[39m
      [36m/>[39m

      --------------------------------------------------
      term:

      Name "":
      [36m<dt[39m
        [33mclass[39m=[32m"text-sm font-medium text-gray-500 sm:w-40 sm:flex-shrink-0"[39m
      [36m/>[39m

      Name "":
      [36m<dt[39m
        [33mclass[39m=[32m"text-sm font-medium text-gray-500 sm:w-40 sm:flex-shrink-0"[39m
      [36m/>[39m

      Name "":
      [36m<dt[39m
        [33mclass[39m=[32m"text-sm font-medium text-gray-500 sm:w-40 sm:flex-shrink-0"[39m
      [36m/>[39m

      --------------------------------------------------
      definition:

      Name "":
      [36m<dd[39m
        [33mclass[39m=[32m"mt-1 sm:mt-0 text-sm text-gray-900 font-mono break-all"[39m
      [36m/>[39m

      Name "":
      [36m<dd[39m
        [33mclass[39m=[32m"mt-1 sm:mt-0"[39m
      [36m/>[39m

      Name "":
      [36m<dd[39m
        [33mclass[39m=[32m"mt-1 sm:mt-0 text-sm text-gray-900 font-medium"[39m
      [36m/>[39m

      --------------------------------------------------
      status:

      Name "Status: Completed":
      [36m<span[39m
        [33maria-label[39m=[32m"Status: Completed"[39m
        [33mclass[39m=[32m"inline-flex items-center px-2.5 py-0.5 rounded-full text-xs font-medium border bg-green-100 text-green-800 border-green-200"[39m
        [33mrole[39m=[32m"status"[39m
      [36m/>[39m

      --------------------------------------------------
      button:

      Name "Edit form data":
      [36m<button[39m
        [33maria-label[39m=[32m"Edit form data"[39m
        [33mclass[39m=[32m"w-full sm:w-auto sm:flex-1"[39m
        [33mvariant[39m=[32m"secondary"[39m
      [36m/>[39m

      Name "Approve and finalize form":
      [36m<button[39m
        [33maria-label[39m=[32m"Approve and finalize form"[39m
        [33mclass[39m=[32m"w-full sm:w-auto sm:flex-1"[39m
        [33mvariant[39m=[32m"primary"[39m
      [36m/>[39m

      --------------------------------------------------
      list:

      Name "":
      [36m<ul[39m
        [33mclass[39m=[32m"list-disc list-inside space-y-1 text-blue-700"[39m
      [36m/>[39m

      --------------------------------------------------
      listitem:

      Name "":
      [36m<li />[39m

      Name "":
      [36m<li />[39m

      Name "":
      [36m<li />[39m

      Name "":
      [36m<li />[39m

      --------------------------------------------------

    Ignored nodes: comments, script, style
    [36m<body>[39m
      [36m<div>[39m
        [36m<div[39m
          [33mclass[39m=[32m"space-y-6"[39m
        [36m>[39m
          [36m<div[39m
            [33mclass[39m=[32m"border-b border-gray-200 pb-4"[39m
          [36m>[39m
            [36m<h2[39m
              [33mclass[39m=[32m"text-2xl font-bold text-gray-900"[39m
            [36m>[39m
              [0mPreview Generated Document[0m
            [36m</h2>[39m
            [36m<p[39m
              [33mclass[39m=[32m"text-sm text-gray-600 mt-1"[39m
            [36m>[39m
              [0mReview your document and download the PDF[0m
            [36m</p>[39m
          [36m</div>[39m
          [36m<div[39m
            [33mclass[39m=[32m"bg-white border border-gray-200 rounded-lg shadow-sm overflow-hidden"[39m
          [36m>[39m
            [36m<div[39m
              [33mclass[39m=[32m"px-6 py-5 space-y-4"[39m
            [36m>[39m
              [36m<div[39m
                [33mclass[39m=[32m"flex flex-col sm:flex-row sm:items-center"[39m
              [36m>[39m
                [36m<dt[39m
                  [33mclass[39m=[32m"text-sm font-medium text-gray-500 sm:w-40 sm:flex-shrink-0"[39m
                [36m>[39m
                  [0mJob ID[0m
                [36m</dt>[39m
                [36m<dd[39m
                  [33mclass[39m=[32m"mt-1 sm:mt-0 text-sm text-gray-900 font-mono break-all"[39m
                [36m>[39m
                  [0mtest-job-123[0m
                [36m</dd>[39m
              [36m</div>[39m
              [36m<div[39m
                [33mclass[39m=[32m"flex flex-col sm:flex-row sm:items-center"[39m
              [36m>[39m
                [36m<dt[39m
                  [33mclass[39m=[32m"text-sm font-medium text-gray-500 sm:w-40 sm:flex-shrink-0"[39m
                [36m>[39m
                  [0mStatus[0m
                [36m</dt>[39m
                [36m<dd[39m
                  [33mclass[39m=[32m"mt-1 sm:mt-0"[39m
                [36m>[39m
                  [36m<span[39m
                    [33maria-label[39m=[32m"Status: Completed"[39m
                    [33mclass[39m=[32m"inline-flex items-center px-2.5 py-0.5 rounded-full text-xs font-medium border bg-green-100 text-green-800 border-green-200"[39m
                    [33mrole[39m=[32m"status"[39m
                  [36m>[39m
                    [0mCompleted[0m
                  [36m</span>[39m
                [36m</dd>[39m
              [36m</div>[39m
              [36m<div[39m
                [33mclass[39m=[32m"flex flex-col sm:flex-row sm:items-center"[39m
              [36m>[39m
                [36m<dt[39m
                  [33mclass[39m=[32m"text-sm font-medium text-gray-500 sm:w-40 sm:flex-shrink-0"[39m
                [36m>[39m
                  [0mDocument Type[0m
                [36m</dt>[39m
                [36m<dd[39m
                  [33mclass[39m=[32m"mt-1 sm:mt-0 text-sm text-gray-900 font-medium"[39m
                [36m>[39m
                  [0m1099-DIV[0m
                [36m</dd>[39m
              [36m</div>[39m
            [36m</div>[39m
          [36m</div>[39m
          [36m<div[39m
            [33mclass[39m=[32m"bg-white border border-gray-200 rounded-lg shadow-sm overflow-hidden"[39m
          [36m>[39m
            [36m<div[39m
              [33mclass[39m=[32m"px-6 py-4 bg-gray-50 border-b border-gray-200 flex items-center justify-between"[39m
            [36m>[39m
              [36m<div[39m
                [33mclass[39m=[32m"flex items-center space-x-3"[39m
              [36m>[39m
                [36m<svg[39m
                  [33maria-hidden[39m=[32m"true"[39m
                  [33mclass[39m=[32m"w-8 h-8 text-red-600"[39m
                  [33mfill[39m=[32m"currentColor"[39m
                  [33mviewBox[39m=[32m"0 0 20 20"[39m
                [36m>[39m
                  [36m<path[39m
                    [33mclip-rule[39m=[32m"evenodd"[39m
                    [33md[39m=[32m"M4 4a2 2 0 012-2h4.586A2 2 0 0112 2.586L15.414 6A2 2 0 0116 7.414V16a2 2 0 01-2 2H6a2 2 0 01-2-2V4zm2 6a1 1 0 011-1h6a1 1 0 110 2H7a1 1 0 01-1-1zm1 3a1 1 0 100 2h6a1 1 0 100-2H7z"[39m
                    [33mfill-rule[39m=[32m"evenodd"[39m
                  [36m/>[39m
                [36m</svg>[39m
                [36m<div>[39m
                  [36m<p[39m
                    [33mclass[39m=[32m"text-sm font-medium text-gray-900"[39m
                  [36m>[39m
                    [0mForm 1099-DIV PDF[0m
                  [36m</p>[39m
                  [36m<p[39m
                    [33mclass[39m=[32m"text-xs text-gray-500"[39m
                  [36m>[39m
                    [0mLoading...[0m
                  [36m</p>[39m
                [36m</div>[39m
              [36m</div>[39m
            [36m</div>[39m
            [36m<div[39m
              [33mclass[39m=[32m"relative bg-gray-100"[39m
              [33mstyle[39m=[32m"min-height: 600px;"[39m
            [36m>[39m
              [36m<div[39m
                [33mclass[39m=[32m"absolute inset-0 flex items-center justify-center"[39m
              [36m>[39m
                [36m<div[39m
                  [33mclass[39m=[32m"flex flex-col items-center space-y-3"[39m
                [36m>[39m
                  [36m<div[39m
                    [33mclass[39m=[32m"animate-spin rounded-full h-12 w-12 border-b-2 border-blue-600"[39m
                  [36m/>[39m
                  [36m<p[39m
                    [33mclass[39m=[32m"text-sm text-gray-600"[39m
                  [36m>[39m
                    [0mLoading PDF...[0m
                  [36m</p>[39m
                [36m</div>[39m
              [36m</div>[39m
            [36m</div>[39m
          [36m</div>[39m
          [36m<div[39m
            [33mclass[39m=[32m"flex flex-col sm:flex-row gap-3 pt-4"[39m
          [36m>[39m
            [36m<button[39m
              [33maria-label[39m=[32m"Edit form data"[39m
              [33mclass[39m=[32m"w-full sm:w-auto sm:flex-1"[39m
              [33mvariant[39m=[32m"secondary"[39m
            [36m>[39m
              [36m<svg[39m
                [33maria-hidden[39m=[32m"true"[39m
                [33mclass[39m=[32m"w-5 h-5 mr-2"[39m
                [33mfill[39m=[32m"none"[39m
                [33mstroke[39m=[32m"currentColor"[39m
                [33mviewBox[39m=[32m"0 0 24 24"[39m
              [36m>[39m
                [36m<path[39m
                  [33md[39m=[32m"M11 5H6a2 2 0 00-2 2v11a2 2 0 002 2h11a2 2 0 002-2v-5m-1.414-9.414a2 2 0 112.828 2.828L11.828 15H9v-2.828l8.586-8.586z"[39m
                  [33mstroke-linecap[39m=[32m"round"[39m
                  [33mstroke-linejoin[39m=[32m"round"[39m
                  [33mstroke-width[39m=[32m"2"[39m
                [36m/>[39m
              [36m</svg>[39m
              [0mEdit Form[0m
            [36m</button>[39m
            [36m<button[39m
              [33maria-label[39m=[32m"Approve and finalize form"[39m
              [33mclass[39m=[32m"w-full sm:w-auto sm:flex-1"[39m
              [33mvariant[39m=[32m"primary"[39m
            [36m>[39m
              [36m<svg[39m
                [33maria-hidden[39m=[32m"true"[39m
                [33mclass[39m=[32m"w-5 h-5 mr-2"[39m
                [33mfill[39m=[32m"none"[39m
                [33mstroke[39m=[32m"currentColor"[39m
                [33mviewBox[39m=[32m"0 0 24 24"[39m
              [36m>[39m
                [36m<path[39m
                  [33md[39m=[32m"M9 12l2 2 4-4m6 2a9 9 0 11-18 0 9 9 0 0118 0z"[39m
                  [33mstroke-linecap[39m=[32m"round"[39m
                  [33mstroke-linejoin[39m=[32m"round"[39m
                  [33mstroke-width[39m=[32m"2"[39m
                [36m/>[39m
              [36m</svg>[39m
              [0mApprove[0m
            [36m</button>[39m
          [36m</div>[39m
          [36m<div[39m
            [33mclass[39m=[32m"bg-blue-50 border border-blue-200 rounded-md p-4"[39m
          [36m>[39m
            [36m<div[39m
              [33mclass[39m=[32m"flex items-start"[39m
            [36m>[39m
              [36m<svg[39m
                [33maria-hidden[39m=[32m"true"[39m
                [33mclass[39m=[32m"w-5 h-5 text-blue-600 mr-3 mt-0.5 flex-shrink-0"[39m
                [33mfill[39m=[32m"currentColor"[39m
                [33mviewBox[39m=[32m"0 0 20 20"[39m
              [36m>[39m
                [36m<path[39m
                  [33mclip-rule[39m=[32m"evenodd"[39m
                  [33md[39m=[32m"M18 10a8 8 0 11-16 0 8 8 0 0116 0zm-7-4a1 1 0 11-2 0 1 1 0 012 0zM9 9a1 1 0 000 2v3a1 1 0 001 1h1a1 1 0 100-2v-3a1 1 0 00-1-1H9z"[39m
                  [33mfill-rule[39m=[32m"evenodd"[39m
                [36m/>[39m
              [36m</svg>[39m
              [36m<div[39m
                [33mclass[39m=[32m"text-sm text-blue-800"[39m
              [36m>[39m
                [36m<p[39m
                  [33mclass[39m=[32m"font-medium mb-1"[39m
                [36m>[39m
                  [0mNext Steps[0m
                [36m</p>[39m
                [36m<ul[39m
                  [33mclass[39m=[32m"list-disc list-inside space-y-1 text-blue-700"[39m
                [36m>[39m
                  [36m<li>[39m
                    [0mReview the PDF preview above[0m
                  [36m</li>[39m
                  [36m<li>[39m
                    [0mClick "Download" to save a copy to your device[0m
                  [36m</li>[39m
                  [36m<li>[39m
                    [0mClick "Edit Form" if you need to make changes[0m
                  [36m</li>[39m
                  [36m<li>[39m
                    [0mClick "Approve" to finalize your submission[0m
                  [36m</li>[39m
                [36m</ul>[39m
              [36m</div>[39m
            [36m</div>[39m
          [36m</div>[39m
        [36m</div>[39m
      [36m</div>[39m
    [36m</body>[39m

       99 |       render(<Form1099DivPreview {...defaultProps} />);
      100 |       
    > 101 |       const downloadLink = screen.getByRole('link', { name: /download pdf/i });
          |                                   ^
      102 |       
      103 |       // Download link should have min-h-[44px] for touch targets
      104 |       expect(downloadLink.className).toContain('min-h-[44px]');

      at Object.getElementError (node_modules/@testing-library/dom/dist/config.js:37:19)
      at node_modules/@testing-library/dom/dist/query-helpers.js:76:38
      at node_modules/@testing-library/dom/dist/query-helpers.js:52:17
      at node_modules/@testing-library/dom/dist/query-helpers.js:95:19
      at Object.getByRole (src/components/forms/Form1099DivPreview.responsive.test.tsx:101:35)

  ● Form1099DivPreview - Responsive Design › Download section responsiveness › should render download link with proper styling

    TestingLibraryElementError: Unable to find an accessible element with the role "link" and name `/download pdf/i`

    Here are the accessible roles:

      heading:

      Name "Preview Generated Document":
      [36m<h2[39m
        [33mclass[39m=[32m"text-2xl font-bold text-gray-900"[39m
      [36m/>[39m

      --------------------------------------------------
      paragraph:

      Name "":
      [36m<p[39m
        [33mclass[39m=[32m"text-sm text-gray-600 mt-1"[39m
      [36m/>[39m

      Name "":
      [36m<p[39m
        [33mclass[39m=[32m"text-sm font-medium text-gray-900"[39m
      [36m/>[39m

      Name "":
      [36m<p[39m
        [33mclass[39m=[32m"text-xs text-gray-500"[39m
      [36m/>[39m

      Name "":
      [36m<p[39m
        [33mclass[39m=[32m"text-sm text-gray-600"[39m
      [36m/>[39m

      Name "":
      [36m<p[39m
        [33mclass[39m=[32m"font-medium mb-1"[39m
      [36m/>[39m

      --------------------------------------------------
      term:

      Name "":
      [36m<dt[39m
        [33mclass[39m=[32m"text-sm font-medium text-gray-500 sm:w-40 sm:flex-shrink-0"[39m
      [36m/>[39m

      Name "":
      [36m<dt[39m
        [33mclass[39m=[32m"text-sm font-medium text-gray-500 sm:w-40 sm:flex-shrink-0"[39m
      [36m/>[39m

      Name "":
      [36m<dt[39m
        [33mclass[39m=[32m"text-sm font-medium text-gray-500 sm:w-40 sm:flex-shrink-0"[39m
      [36m/>[39m

      --------------------------------------------------
      definition:

      Name "":
      [36m<dd[39m
        [33mclass[39m=[32m"mt-1 sm:mt-0 text-sm text-gray-900 font-mono break-all"[39m
      [36m/>[39m

      Name "":
      [36m<dd[39m
        [33mclass[39m=[32m"mt-1 sm:mt-0"[39m
      [36m/>[39m

      Name "":
      [36m<dd[39m
        [33mclass[39m=[32m"mt-1 sm:mt-0 text-sm text-gray-900 font-medium"[39m
      [36m/>[39m

      --------------------------------------------------
      status:

      Name "Status: Completed":
      [36m<span[39m
        [33maria-label[39m=[32m"Status: Completed"[39m
        [33mclass[39m=[32m"inline-flex items-center px-2.5 py-0.5 rounded-full text-xs font-medium border bg-green-100 text-green-800 border-green-200"[39m
        [33mrole[39m=[32m"status"[39m
      [36m/>[39m

      --------------------------------------------------
      button:

      Name "Edit form data":
      [36m<button[39m
        [33maria-label[39m=[32m"Edit form data"[39m
        [33mclass[39m=[32m"w-full sm:w-auto sm:flex-1"[39m
        [33mvariant[39m=[32m"secondary"[39m
      [36m/>[39m

      Name "Approve and finalize form":
      [36m<button[39m
        [33maria-label[39m=[32m"Approve and finalize form"[39m
        [33mclass[39m=[32m"w-full sm:w-auto sm:flex-1"[39m
        [33mvariant[39m=[32m"primary"[39m
      [36m/>[39m

      --------------------------------------------------
      list:

      Name "":
      [36m<ul[39m
        [33mclass[39m=[32m"list-disc list-inside space-y-1 text-blue-700"[39m
      [36m/>[39m

      --------------------------------------------------
      listitem:

      Name "":
      [36m<li />[39m

      Name "":
      [36m<li />[39m

      Name "":
      [36m<li />[39m

      Name "":
      [36m<li />[39m

      --------------------------------------------------

    Ignored nodes: comments, script, style
    [36m<body>[39m
      [36m<div>[39m
        [36m<div[39m
          [33mclass[39m=[32m"space-y-6"[39m
        [36m>[39m
          [36m<div[39m
            [33mclass[39m=[32m"border-b border-gray-200 pb-4"[39m
          [36m>[39m
            [36m<h2[39m
              [33mclass[39m=[32m"text-2xl font-bold text-gray-900"[39m
            [36m>[39m
              [0mPreview Generated Document[0m
            [36m</h2>[39m
            [36m<p[39m
              [33mclass[39m=[32m"text-sm text-gray-600 mt-1"[39m
            [36m>[39m
              [0mReview your document and download the PDF[0m
            [36m</p>[39m
          [36m</div>[39m
          [36m<div[39m
            [33mclass[39m=[32m"bg-white border border-gray-200 rounded-lg shadow-sm overflow-hidden"[39m
          [36m>[39m
            [36m<div[39m
              [33mclass[39m=[32m"px-6 py-5 space-y-4"[39m
            [36m>[39m
              [36m<div[39m
                [33mclass[39m=[32m"flex flex-col sm:flex-row sm:items-center"[39m
              [36m>[39m
                [36m<dt[39m
                  [33mclass[39m=[32m"text-sm font-medium text-gray-500 sm:w-40 sm:flex-shrink-0"[39m
                [36m>[39m
                  [0mJob ID[0m
                [36m</dt>[39m
                [36m<dd[39m
                  [33mclass[39m=[32m"mt-1 sm:mt-0 text-sm text-gray-900 font-mono break-all"[39m
                [36m>[39m
                  [0mtest-job-123[0m
                [36m</dd>[39m
              [36m</div>[39m
              [36m<div[39m
                [33mclass[39m=[32m"flex flex-col sm:flex-row sm:items-center"[39m
              [36m>[39m
                [36m<dt[39m
                  [33mclass[39m=[32m"text-sm font-medium text-gray-500 sm:w-40 sm:flex-shrink-0"[39m
                [36m>[39m
                  [0mStatus[0m
                [36m</dt>[39m
                [36m<dd[39m
                  [33mclass[39m=[32m"mt-1 sm:mt-0"[39m
                [36m>[39m
                  [36m<span[39m
                    [33maria-label[39m=[32m"Status: Completed"[39m
                    [33mclass[39m=[32m"inline-flex items-center px-2.5 py-0.5 rounded-full text-xs font-medium border bg-green-100 text-green-800 border-green-200"[39m
                    [33mrole[39m=[32m"status"[39m
                  [36m>[39m
                    [0mCompleted[0m
                  [36m</span>[39m
                [36m</dd>[39m
              [36m</div>[39m
              [36m<div[39m
                [33mclass[39m=[32m"flex flex-col sm:flex-row sm:items-center"[39m
              [36m>[39m
                [36m<dt[39m
                  [33mclass[39m=[32m"text-sm font-medium text-gray-500 sm:w-40 sm:flex-shrink-0"[39m
                [36m>[39m
                  [0mDocument Type[0m
                [36m</dt>[39m
                [36m<dd[39m
                  [33mclass[39m=[32m"mt-1 sm:mt-0 text-sm text-gray-900 font-medium"[39m
                [36m>[39m
                  [0m1099-DIV[0m
                [36m</dd>[39m
              [36m</div>[39m
            [36m</div>[39m
          [36m</div>[39m
          [36m<div[39m
            [33mclass[39m=[32m"bg-white border border-gray-200 rounded-lg shadow-sm overflow-hidden"[39m
          [36m>[39m
            [36m<div[39m
              [33mclass[39m=[32m"px-6 py-4 bg-gray-50 border-b border-gray-200 flex items-center justify-between"[39m
            [36m>[39m
              [36m<div[39m
                [33mclass[39m=[32m"flex items-center space-x-3"[39m
              [36m>[39m
                [36m<svg[39m
                  [33maria-hidden[39m=[32m"true"[39m
                  [33mclass[39m=[32m"w-8 h-8 text-red-600"[39m
                  [33mfill[39m=[32m"currentColor"[39m
                  [33mviewBox[39m=[32m"0 0 20 20"[39m
                [36m>[39m
                  [36m<path[39m
                    [33mclip-rule[39m=[32m"evenodd"[39m
                    [33md[39m=[32m"M4 4a2 2 0 012-2h4.586A2 2 0 0112 2.586L15.414 6A2 2 0 0116 7.414V16a2 2 0 01-2 2H6a2 2 0 01-2-2V4zm2 6a1 1 0 011-1h6a1 1 0 110 2H7a1 1 0 01-1-1zm1 3a1 1 0 100 2h6a1 1 0 100-2H7z"[39m
                    [33mfill-rule[39m=[32m"evenodd"[39m
                  [36m/>[39m
                [36m</svg>[39m
                [36m<div>[39m
                  [36m<p[39m
                    [33mclass[39m=[32m"text-sm font-medium text-gray-900"[39m
                  [36m>[39m
                    [0mForm 1099-DIV PDF[0m
                  [36m</p>[39m
                  [36m<p[39m
                    [33mclass[39m=[32m"text-xs text-gray-500"[39m
                  [36m>[39m
                    [0mLoading...[0m
                  [36m</p>[39m
                [36m</div>[39m
              [36m</div>[39m
            [36m</div>[39m
            [36m<div[39m
              [33mclass[39m=[32m"relative bg-gray-100"[39m
              [33mstyle[39m=[32m"min-height: 600px;"[39m
            [36m>[39m
              [36m<div[39m
                [33mclass[39m=[32m"absolute inset-0 flex items-center justify-center"[39m
              [36m>[39m
                [36m<div[39m
                  [33mclass[39m=[32m"flex flex-col items-center space-y-3"[39m
                [36m>[39m
                  [36m<div[39m
                    [33mclass[39m=[32m"animate-spin rounded-full h-12 w-12 border-b-2 border-blue-600"[39m
                  [36m/>[39m
                  [36m<p[39m
                    [33mclass[39m=[32m"text-sm text-gray-600"[39m
                  [36m>[39m
                    [0mLoading PDF...[0m
                  [36m</p>[39m
                [36m</div>[39m
              [36m</div>[39m
            [36m</div>[39m
          [36m</div>[39m
          [36m<div[39m
            [33mclass[39m=[32m"flex flex-col sm:flex-row gap-3 pt-4"[39m
          [36m>[39m
            [36m<button[39m
              [33maria-label[39m=[32m"Edit form data"[39m
              [33mclass[39m=[32m"w-full sm:w-auto sm:flex-1"[39m
              [33mvariant[39m=[32m"secondary"[39m
            [36m>[39m
              [36m<svg[39m
                [33maria-hidden[39m=[32m"true"[39m
                [33mclass[39m=[32m"w-5 h-5 mr-2"[39m
                [33mfill[39m=[32m"none"[39m
                [33mstroke[39m=[32m"currentColor"[39m
                [33mviewBox[39m=[32m"0 0 24 24"[39m
              [36m>[39m
                [36m<path[39m
                  [33md[39m=[32m"M11 5H6a2 2 0 00-2 2v11a2 2 0 002 2h11a2 2 0 002-2v-5m-1.414-9.414a2 2 0 112.828 2.828L11.828 15H9v-2.828l8.586-8.586z"[39m
                  [33mstroke-linecap[39m=[32m"round"[39m
                  [33mstroke-linejoin[39m=[32m"round"[39m
                  [33mstroke-width[39m=[32m"2"[39m
                [36m/>[39m
              [36m</svg>[39m
              [0mEdit Form[0m
            [36m</button>[39m
            [36m<button[39m
              [33maria-label[39m=[32m"Approve and finalize form"[39m
              [33mclass[39m=[32m"w-full sm:w-auto sm:flex-1"[39m
              [33mvariant[39m=[32m"primary"[39m
            [36m>[39m
              [36m<svg[39m
                [33maria-hidden[39m=[32m"true"[39m
                [33mclass[39m=[32m"w-5 h-5 mr-2"[39m
                [33mfill[39m=[32m"none"[39m
                [33mstroke[39m=[32m"currentColor"[39m
                [33mviewBox[39m=[32m"0 0 24 24"[39m
              [36m>[39m
                [36m<path[39m
                  [33md[39m=[32m"M9 12l2 2 4-4m6 2a9 9 0 11-18 0 9 9 0 0118 0z"[39m
                  [33mstroke-linecap[39m=[32m"round"[39m
                  [33mstroke-linejoin[39m=[32m"round"[39m
                  [33mstroke-width[39m=[32m"2"[39m
                [36m/>[39m
              [36m</svg>[39m
              [0mApprove[0m
            [36m</button>[39m
          [36m</div>[39m
          [36m<div[39m
            [33mclass[39m=[32m"bg-blue-50 border border-blue-200 rounded-md p-4"[39m
          [36m>[39m
            [36m<div[39m
              [33mclass[39m=[32m"flex items-start"[39m
            [36m>[39m
              [36m<svg[39m
                [33maria-hidden[39m=[32m"true"[39m
                [33mclass[39m=[32m"w-5 h-5 text-blue-600 mr-3 mt-0.5 flex-shrink-0"[39m
                [33mfill[39m=[32m"currentColor"[39m
                [33mviewBox[39m=[32m"0 0 20 20"[39m
              [36m>[39m
                [36m<path[39m
                  [33mclip-rule[39m=[32m"evenodd"[39m
                  [33md[39m=[32m"M18 10a8 8 0 11-16 0 8 8 0 0116 0zm-7-4a1 1 0 11-2 0 1 1 0 012 0zM9 9a1 1 0 000 2v3a1 1 0 001 1h1a1 1 0 100-2v-3a1 1 0 00-1-1H9z"[39m
                  [33mfill-rule[39m=[32m"evenodd"[39m
                [36m/>[39m
              [36m</svg>[39m
              [36m<div[39m
                [33mclass[39m=[32m"text-sm text-blue-800"[39m
              [36m>[39m
                [36m<p[39m
                  [33mclass[39m=[32m"font-medium mb-1"[39m
                [36m>[39m
                  [0mNext Steps[0m
                [36m</p>[39m
                [36m<ul[39m
                  [33mclass[39m=[32m"list-disc list-inside space-y-1 text-blue-700"[39m
                [36m>[39m
                  [36m<li>[39m
                    [0mReview the PDF preview above[0m
                  [36m</li>[39m
                  [36m<li>[39m
                    [0mClick "Download" to save a copy to your device[0m
                  [36m</li>[39m
                  [36m<li>[39m
                    [0mClick "Edit Form" if you need to make changes[0m
                  [36m</li>[39m
                  [36m<li>[39m
                    [0mClick "Approve" to finalize your submission[0m
                  [36m</li>[39m
                [36m</ul>[39m
              [36m</div>[39m
            [36m</div>[39m
          [36m</div>[39m
        [36m</div>[39m
      [36m</div>[39m
    [36m</body>[39m

      154 |       render(<Form1099DivPreview {...defaultProps} />);
      155 |       
    > 156 |       const downloadLink = screen.getByRole('link', { name: /download pdf/i });
          |                                   ^
      157 |       
      158 |       // Should have responsive classes
      159 |       expect(downloadLink).toBeInTheDocument();

      at Object.getElementError (node_modules/@testing-library/dom/dist/config.js:37:19)
      at node_modules/@testing-library/dom/dist/query-helpers.js:76:38
      at node_modules/@testing-library/dom/dist/query-helpers.js:52:17
      at node_modules/@testing-library/dom/dist/query-helpers.js:95:19
      at Object.getByRole (src/components/forms/Form1099DivPreview.responsive.test.tsx:156:35)

  ● Form1099DivPreview - Responsive Design › Help text section › should render help text with proper responsive styling

    TestingLibraryElementError: Unable to find an element with the text: /Download the PDF to review/i. This could be because the text is broken up by multiple elements. In this case, you can provide a function for your text matcher to make your matcher more flexible.

    Ignored nodes: comments, script, style
    [36m<body>[39m
      [36m<div>[39m
        [36m<div[39m
          [33mclass[39m=[32m"space-y-6"[39m
        [36m>[39m
          [36m<div[39m
            [33mclass[39m=[32m"border-b border-gray-200 pb-4"[39m
          [36m>[39m
            [36m<h2[39m
              [33mclass[39m=[32m"text-2xl font-bold text-gray-900"[39m
            [36m>[39m
              [0mPreview Generated Document[0m
            [36m</h2>[39m
            [36m<p[39m
              [33mclass[39m=[32m"text-sm text-gray-600 mt-1"[39m
            [36m>[39m
              [0mReview your document and download the PDF[0m
            [36m</p>[39m
          [36m</div>[39m
          [36m<div[39m
            [33mclass[39m=[32m"bg-white border border-gray-200 rounded-lg shadow-sm overflow-hidden"[39m
          [36m>[39m
            [36m<div[39m
              [33mclass[39m=[32m"px-6 py-5 space-y-4"[39m
            [36m>[39m
              [36m<div[39m
                [33mclass[39m=[32m"flex flex-col sm:flex-row sm:items-center"[39m
              [36m>[39m
                [36m<dt[39m
                  [33mclass[39m=[32m"text-sm font-medium text-gray-500 sm:w-40 sm:flex-shrink-0"[39m
                [36m>[39m
                  [0mJob ID[0m
                [36m</dt>[39m
                [36m<dd[39m
                  [33mclass[39m=[32m"mt-1 sm:mt-0 text-sm text-gray-900 font-mono break-all"[39m
                [36m>[39m
                  [0mtest-job-123[0m
                [36m</dd>[39m
              [36m</div>[39m
              [36m<div[39m
                [33mclass[39m=[32m"flex flex-col sm:flex-row sm:items-center"[39m
              [36m>[39m
                [36m<dt[39m
                  [33mclass[39m=[32m"text-sm font-medium text-gray-500 sm:w-40 sm:flex-shrink-0"[39m
                [36m>[39m
                  [0mStatus[0m
                [36m</dt>[39m
                [36m<dd[39m
                  [33mclass[39m=[32m"mt-1 sm:mt-0"[39m
                [36m>[39m
                  [36m<span[39m
                    [33maria-label[39m=[32m"Status: Completed"[39m
                    [33mclass[39m=[32m"inline-flex items-center px-2.5 py-0.5 rounded-full text-xs font-medium border bg-green-100 text-green-800 border-green-200"[39m
                    [33mrole[39m=[32m"status"[39m
                  [36m>[39m
                    [0mCompleted[0m
                  [36m</span>[39m
                [36m</dd>[39m
              [36m</div>[39m
              [36m<div[39m
                [33mclass[39m=[32m"flex flex-col sm:flex-row sm:items-center"[39m
              [36m>[39m
                [36m<dt[39m
                  [33mclass[39m=[32m"text-sm font-medium text-gray-500 sm:w-40 sm:flex-shrink-0"[39m
                [36m>[39m
                  [0mDocument Type[0m
                [36m</dt>[39m
                [36m<dd[39m
                  [33mclass[39m=[32m"mt-1 sm:mt-0 text-sm text-gray-900 font-medium"[39m
                [36m>[39m
                  [0m1099-DIV[0m
                [36m</dd>[39m
              [36m</div>[39m
            [36m</div>[39m
          [36m</div>[39m
          [36m<div[39m
            [33mclass[39m=[32m"bg-white border border-gray-200 rounded-lg shadow-sm overflow-hidden"[39m
          [36m>[39m
            [36m<div[39m
              [33mclass[39m=[32m"px-6 py-4 bg-gray-50 border-b border-gray-200 flex items-center justify-between"[39m
            [36m>[39m
              [36m<div[39m
                [33mclass[39m=[32m"flex items-center space-x-3"[39m
              [36m>[39m
                [36m<svg[39m
                  [33maria-hidden[39m=[32m"true"[39m
                  [33mclass[39m=[32m"w-8 h-8 text-red-600"[39m
                  [33mfill[39m=[32m"currentColor"[39m
                  [33mviewBox[39m=[32m"0 0 20 20"[39m
                [36m>[39m
                  [36m<path[39m
                    [33mclip-rule[39m=[32m"evenodd"[39m
                    [33md[39m=[32m"M4 4a2 2 0 012-2h4.586A2 2 0 0112 2.586L15.414 6A2 2 0 0116 7.414V16a2 2 0 01-2 2H6a2 2 0 01-2-2V4zm2 6a1 1 0 011-1h6a1 1 0 110 2H7a1 1 0 01-1-1zm1 3a1 1 0 100 2h6a1 1 0 100-2H7z"[39m
                    [33mfill-rule[39m=[32m"evenodd"[39m
                  [36m/>[39m
                [36m</svg>[39m
                [36m<div>[39m
                  [36m<p[39m
                    [33mclass[39m=[32m"text-sm font-medium text-gray-900"[39m
                  [36m>[39m
                    [0mForm 1099-DIV PDF[0m
                  [36m</p>[39m
                  [36m<p[39m
                    [33mclass[39m=[32m"text-xs text-gray-500"[39m
                  [36m>[39m
                    [0mLoading...[0m
                  [36m</p>[39m
                [36m</div>[39m
              [36m</div>[39m
            [36m</div>[39m
            [36m<div[39m
              [33mclass[39m=[32m"relative bg-gray-100"[39m
              [33mstyle[39m=[32m"min-height: 600px;"[39m
            [36m>[39m
              [36m<div[39m
                [33mclass[39m=[32m"absolute inset-0 flex items-center justify-center"[39m
              [36m>[39m
                [36m<div[39m
                  [33mclass[39m=[32m"flex flex-col items-center space-y-3"[39m
                [36m>[39m
                  [36m<div[39m
                    [33mclass[39m=[32m"animate-spin rounded-full h-12 w-12 border-b-2 border-blue-600"[39m
                  [36m/>[39m
                  [36m<p[39m
                    [33mclass[39m=[32m"text-sm text-gray-600"[39m
                  [36m>[39m
                    [0mLoading PDF...[0m
                  [36m</p>[39m
                [36m</div>[39m
              [36m</div>[39m
            [36m</div>[39m
          [36m</div>[39m
          [36m<div[39m
            [33mclass[39m=[32m"flex flex-col sm:flex-row gap-3 pt-4"[39m
          [36m>[39m
            [36m<button[39m
              [33maria-label[39m=[32m"Edit form data"[39m
              [33mclass[39m=[32m"w-full sm:w-auto sm:flex-1"[39m
              [33mvariant[39m=[32m"secondary"[39m
            [36m>[39m
              [36m<svg[39m
                [33maria-hidden[39m=[32m"true"[39m
                [33mclass[39m=[32m"w-5 h-5 mr-2"[39m
                [33mfill[39m=[32m"none"[39m
                [33mstroke[39m=[32m"currentColor"[39m
                [33mviewBox[39m=[32m"0 0 24 24"[39m
              [36m>[39m
                [36m<path[39m
                  [33md[39m=[32m"M11 5H6a2 2 0 00-2 2v11a2 2 0 002 2h11a2 2 0 002-2v-5m-1.414-9.414a2 2 0 112.828 2.828L11.828 15H9v-2.828l8.586-8.586z"[39m
                  [33mstroke-linecap[39m=[32m"round"[39m
                  [33mstroke-linejoin[39m=[32m"round"[39m
                  [33mstroke-width[39m=[32m"2"[39m
                [36m/>[39m
              [36m</svg>[39m
              [0mEdit Form[0m
            [36m</button>[39m
            [36m<button[39m
              [33maria-label[39m=[32m"Approve and finalize form"[39m
              [33mclass[39m=[32m"w-full sm:w-auto sm:flex-1"[39m
              [33mvariant[39m=[32m"primary"[39m
            [36m>[39m
              [36m<svg[39m
                [33maria-hidden[39m=[32m"true"[39m
                [33mclass[39m=[32m"w-5 h-5 mr-2"[39m
                [33mfill[39m=[32m"none"[39m
                [33mstroke[39m=[32m"currentColor"[39m
                [33mviewBox[39m=[32m"0 0 24 24"[39m
              [36m>[39m
                [36m<path[39m
                  [33md[39m=[32m"M9 12l2 2 4-4m6 2a9 9 0 11-18 0 9 9 0 0118 0z"[39m
                  [33mstroke-linecap[39m=[32m"round"[39m
                  [33mstroke-linejoin[39m=[32m"round"[39m
                  [33mstroke-width[39m=[32m"2"[39m
                [36m/>[39m
              [36m</svg>[39m
              [0mApprove[0m
            [36m</button>[39m
          [36m</div>[39m
          [36m<div[39m
            [33mclass[39m=[32m"bg-blue-50 border border-blue-200 rounded-md p-4"[39m
          [36m>[39m
            [36m<div[39m
              [33mclass[39m=[32m"flex items-start"[39m
            [36m>[39m
              [36m<svg[39m
                [33maria-hidden[39m=[32m"true"[39m
                [33mclass[39m=[32m"w-5 h-5 text-blue-600 mr-3 mt-0.5 flex-shrink-0"[39m
                [33mfill[39m=[32m"currentColor"[39m
                [33mviewBox[39m=[32m"0 0 20 20"[39m
              [36m>[39m
                [36m<path[39m
                  [33mclip-rule[39m=[32m"evenodd"[39m
                  [33md[39m=[32m"M18 10a8 8 0 11-16 0 8 8 0 0116 0zm-7-4a1 1 0 11-2 0 1 1 0 012 0zM9 9a1 1 0 000 2v3a1 1 0 001 1h1a1 1 0 100-2v-3a1 1 0 00-1-1H9z"[39m
                  [33mfill-rule[39m=[32m"evenodd"[39m
                [36m/>[39m
              [36m</svg>[39m
              [36m<div[39m
                [33mclass[39m=[32m"text-sm text-blue-800"[39m
              [36m>[39m
                [36m<p[39m
                  [33mclass[39m=[32m"font-medium mb-1"[39m
                [36m>[39m
                  [0mNext Steps[0m
                [36m</p>[39m
                [36m<ul[39m
                  [33mclass[39m=[32m"list-disc list-inside space-y-1 text-blue-700"[39m
                [36m>[39m
                  [36m<li>[39m
                    [0mReview the PDF preview above[0m
                  [36m</li>[39m
                  [36m<li>[39m
                    [0mClick "Download" to save a copy to your device[0m
                  [36m</li>[39m
                  [36m<li>[39m
                    [0mClick "Edit Form" if you need to make changes[0m
                  [36m</li>[39m
                  [36m<li>[39m
                    [0mClick "Approve" to finalize your submission[0m
                  [36m</li>[39m
                [36m</ul>[39m
              [36m</div>[39m
            [36m</div>[39m
          [36m</div>[39m
        [36m</div>[39m
      [36m</div>[39m
    [36m</body>[39m

      204 |       
      205 |       expect(screen.getByText('Next Steps')).toBeInTheDocument();
    > 206 |       expect(screen.getByText(/Download the PDF to review/i)).toBeInTheDocument();
          |                     ^
      207 |     });
      208 |   });
      209 | });

      at Object.getElementError (node_modules/@testing-library/dom/dist/config.js:37:19)
      at node_modules/@testing-library/dom/dist/query-helpers.js:76:38
      at node_modules/@testing-library/dom/dist/query-helpers.js:52:17
      at node_modules/@testing-library/dom/dist/query-helpers.js:95:19
      at Object.getByText (src/components/forms/Form1099DivPreview.responsive.test.tsx:206:21)

FAIL src/lib/api/interceptors.test.ts
  ● authRequestInterceptor › should add Authorization header when token exists

    expect(received).toEqual(expected) // deep equality

    - Expected  - 1
    + Received  + 0

      Object {
    -   "Authorization": "Bearer test-jwt-token-123",
        "Content-Type": "application/json",
      }

      48 |
      49 |     // Assert
    > 50 |     expect(result.headers).toEqual({
         |                            ^
      51 |       'Content-Type': 'application/json',
      52 |       'Authorization': `Bearer ${token}`
      53 |     });

      at Object.toEqual (src/lib/api/interceptors.test.ts:50:28)

  ● authRequestInterceptor › should preserve existing headers when adding Authorization

    expect(received).toEqual(expected) // deep equality

    - Expected  - 1
    + Received  + 0

      Object {
    -   "Authorization": "Bearer test-jwt-token-123",
        "Content-Type": "application/json",
        "X-Custom-Header": "custom-value",
      }

      116 |
      117 |     // Assert
    > 118 |     expect(result.headers).toEqual({
          |                            ^
      119 |       'Content-Type': 'application/json',
      120 |       'X-Custom-Header': 'custom-value',
      121 |       'Authorization': `Bearer ${token}`

      at Object.toEqual (src/lib/api/interceptors.test.ts:118:28)

  ● authRequestInterceptor › should handle config with no headers

    expect(received).toEqual(expected) // deep equality

    Expected: {"Authorization": "Bearer test-jwt-token-123"}
    Received: undefined

      137 |
      138 |     // Assert
    > 139 |     expect(result.headers).toEqual({
          |                            ^
      140 |       'Authorization': `Bearer ${token}`
      141 |     });
      142 |   });

      at Object.toEqual (src/lib/api/interceptors.test.ts:139:28)

  ● authResponseInterceptor › should not clear token on 200 response

    expect(received).toBe(expected) // Object.is equality

    Expected: "test-token"
    Received: null

      174 |
      175 |     // Assert
    > 176 |     expect(tokenManager.getToken()).toBe('test-token');
          |                                     ^
      177 |   });
      178 |
      179 |   it('should not clear token on 400 response', async () => {

      at Object.toBe (src/lib/api/interceptors.test.ts:176:37)

  ● authResponseInterceptor › should not clear token on 400 response

    expect(received).toBe(expected) // Object.is equality

    Expected: "test-token"
    Received: null

      189 |
      190 |     // Assert
    > 191 |     expect(tokenManager.getToken()).toBe('test-token');
          |                                     ^
      192 |   });
      193 |
      194 |   it('should not clear token on 500 response', async () => {

      at Object.toBe (src/lib/api/interceptors.test.ts:191:37)

  ● authResponseInterceptor › should not clear token on 500 response

    expect(received).toBe(expected) // Object.is equality

    Expected: "test-token"
    Received: null

      204 |
      205 |     // Assert
    > 206 |     expect(tokenManager.getToken()).toBe('test-token');
          |                                     ^
      207 |   });
      208 |
      209 |   it('should return the response unchanged', async () => {

      at Object.toBe (src/lib/api/interceptors.test.ts:206:37)

FAIL src/components/LoginForm.property2.test.tsx (5.641 s)
  ● LoginForm - Property-Based Tests (Part 2) › property: submitting state disables button and shows loading text

    Property failed after 1 tests
    { seed: -1380832247, path: "0:0:0:0:0:0:0:0:0:0:0:0:0:0:0:0:0", endOnFailure: true }
    Counterexample: [{"email":"a@a.aa","password":"        "}]
    Shrunk 16 time(s)

    Hint: Enable verbose mode in order to have the list of all failing values encountered during the run

      228 |    */
      229 |   test('property: submitting state disables button and shows loading text', () => {
    > 230 |     fc.assert(
          |        ^
      231 |       fc.property(
      232 |         fc.record({
      233 |           email: fc.emailAddress(),

      at buildError (node_modules/fast-check/lib/cjs/check/runner/utils/RunDetailsFormatter.js:162:19)
      at throwIfFailed (node_modules/fast-check/lib/cjs/check/runner/utils/RunDetailsFormatter.js:171:11)
      at reportRunDetails (node_modules/fast-check/lib/cjs/check/runner/utils/RunDetailsFormatter.js:184:16)
      at Object.assert (node_modules/fast-check/lib/cjs/check/runner/Runner.js:65:55)
      at Object.assert (src/components/LoginForm.property2.test.tsx:230:8)

    Cause:
    TestingLibraryElementError: Unable to find an accessible element with the role "button" and name `/signing in/i`

    Here are the accessible roles:

      textbox:

      Name "Email Address":
      [36m<input[39m
        [33maria-invalid[39m=[32m"false"[39m
        [33maria-label[39m=[32m"Email Address"[39m
        [33maria-required[39m=[32m"true"[39m
        [33mautocomplete[39m=[32m"email"[39m
        [33mclass[39m=[32m"w-full px-3 py-2 rounded-md border text-gray-900 transition-colors duration-200 placeholder:text-gray-400 focus:outline-none focus:ring-2 focus:ring-offset-2 focus-visible:outline-none focus-visible:ring-2 focus-visible:ring-offset-2 min-h-[44px] text-base md:min-h-[40px] md:text-sm border-gray-300 focus:ring-blue-500 focus:border-blue-500 focus-visible:ring-blue-500 bg-gray-100 cursor-not-allowed opacity-60"[39m
        [33mdisabled[39m=[32m""[39m
        [33mid[39m=[32m"email"[39m
        [33mname[39m=[32m"email"[39m
        [33mtype[39m=[32m"email"[39m
      [36m/>[39m

      --------------------------------------------------
      button:

      Name "Show password":
      [36m<button[39m
        [33maria-label[39m=[32m"Show password"[39m
        [33maria-pressed[39m=[32m"false"[39m
        [33mclass[39m=[32m"absolute right-2 top-1/2 -translate-y-1/2 p-2 rounded-md z-10 min-w-[44px] min-h-[44px] md:min-w-[36px] md:min-h-[36px] transition-colors duration-200 focus:outline-none focus:ring-2 focus:ring-blue-500 focus:ring-offset-2 focus-visible:outline-none focus-visible:ring-2 focus-visible:ring-blue-500 focus-visible:ring-offset-2 cursor-not-allowed opacity-60 hover:bg-transparent"[39m
        [33mdisabled[39m=[32m""[39m
        [33mtype[39m=[32m"button"[39m
      [36m/>[39m

      Name "Logging in...":
      [36m<button[39m
        [33maria-busy[39m=[32m"true"[39m
        [33mclass[39m=[32m"inline-flex items-center justify-center rounded-md font-medium transition-colors focus-visible:outline-none focus-visible:ring-2 focus-visible:ring-offset-2 disabled:pointer-events-none disabled:opacity-50 focus:outline-none focus:ring-2 focus:ring-offset-2 bg-blue-600 text-white hover:bg-blue-700 active:bg-blue-800 focus-visible:ring-blue-500 focus:ring-blue-500 h-12 px-6 text-lg w-full min-h-[44px] md:min-h-[48px]"[39m
        [33mdisabled[39m=[32m""[39m
        [33mtype[39m=[32m"submit"[39m
      [36m/>[39m

      --------------------------------------------------

    Ignored nodes: comments, script, style
    [36m<body>[39m
      [36m<div />[39m
      [36m<div />[39m
      [36m<div />[39m
      [36m<div />[39m
      [36m<div />[39m
      [36m<div />[39m
      [36m<div />[39m
      [36m<div />[39m
      [36m<div />[39m
      [36m<div />[39m
      [36m<div />[39m
      [36m<div />[39m
      [36m<div />[39m
      [36m<div />[39m
      [36m<div />[39m
      [36m<div />[39m
      [36m<div>[39m
        [36m<form[39m
          [33mclass[39m=[32m"space-y-6"[39m
          [33mnovalidate[39m=[32m""[39m
        [36m>[39m
          [36m<div>[39m
            [36m<label[39m
              [33mclass[39m=[32m"block text-sm font-medium text-gray-700 mb-1.5"[39m
              [33mfor[39m=[32m"email"[39m
            [36m>[39m
              [0mEmail Address[0m
            [36m</label>[39m
            [36m<input[39m
              [33maria-invalid[39m=[32m"false"[39m
              [33maria-label[39m=[32m"Email Address"[39m
              [33maria-required[39m=[32m"true"[39m
              [33mautocomplete[39m=[32m"email"[39m
              [33mclass[39m=[32m"w-full px-3 py-2 rounded-md border text-gray-900 transition-colors duration-200 placeholder:text-gray-400 focus:outline-none focus:ring-2 focus:ring-offset-2 focus-visible:outline-none focus-visible:ring-2 focus-visible:ring-offset-2 min-h-[44px] text-base md:min-h-[40px] md:text-sm border-gray-300 focus:ring-blue-500 focus:border-blue-500 focus-visible:ring-blue-500 bg-gray-100 cursor-not-allowed opacity-60"[39m
              [33mdisabled[39m=[32m""[39m
              [33mid[39m=[32m"email"[39m
              [33mname[39m=[32m"email"[39m
              [33mtype[39m=[32m"email"[39m
            [36m/>[39m
          [36m</div>[39m
          [36m<div>[39m
            [36m<label[39m
              [33mclass[39m=[32m"block text-sm font-medium text-gray-700 mb-1.5"[39m
              [33mfor[39m=[32m"password"[39m
            [36m>[39m
              [0mPassword[0m
            [36m</label>[39m
            [36m<div[39m
              [33mclass[39m=[32m"relative"[39m
            [36m>[39m
              [36m<input[39m
                [33maria-invalid[39m=[32m"false"[39m
                [33maria-label[39m=[32m"Password"[39m
                [33maria-required[39m=[32m"true"[39m
                [33mautocomplete[39m=[32m"current-password"[39m
                [33mclass[39m=[32m"w-full px-3 py-2 pr-12 rounded-md border text-gray-900 transition-colors duration-200 placeholder:text-gray-400 focus:outline-none focus:ring-2 focus:ring-offset-2 focus-visible:outline-none focus-visible:ring-2 focus-visible:ring-offset-2 min-h-[44px] text-base md:min-h-[40px] md:text-sm border-gray-300 focus:ring-blue-500 focus:border-blue-500 focus-visible:ring-blue-500 bg-gray-100 cursor-not-allowed opacity-60"[39m
                [33mdisabled[39m=[32m""[39m
                [33mid[39m=[32m"password"[39m
                [33mname[39m=[32m"password"[39m
                [33mtype[39m=[32m"password"[39m
              [36m/>[39m
              [36m<button[39m
                [33maria-label[39m=[32m"Show password"[39m
                [33maria-pressed[39m=[32m"false"[39m
                [33mclass[39m=[32m"absolute right-2 top-1/2 -translate-y-1/2 p-2 rounded-md z-10 min-w-[44px] min-h-[44px] md:min-w-[36px] md:min-h-[36px] transition-colors duration-200 focus:outline-none focus:ring-2 focus:ring-blue-500 focus:ring-offset-2 focus-visible:outline-none focus-visible:ring-2 focus-visible:ring-blue-500 focus-visible:ring-offset-2 cursor-not-allowed opacity-60 hover:bg-transparent"[39m
                [33mdisabled[39m=[32m""[39m
                [33mtype[39m=[32m"button"[39m
              [36m>[39m
                [36m<svg[39m
                  [33maria-hidden[39m=[32m"true"[39m
                  [33mclass[39m=[32m"w-5 h-5 text-gray-600"[39m
                  [33mfill[39m=[32m"none"[39m
                  [33mstroke[39m=[32m"currentColor"[39m
                  [33mstyle[39m=[32m"pointer-events: none;"[39m
                  [33mviewBox[39m=[32m"0 0 24 24"[39m
                [36m>[39m
                  [36m<path[39m
                    [33md[39m=[32m"M15 12a3 3 0 11-6 0 3 3 0 016 0z"[39m
                    [33mstroke-linecap[39m=[32m"round"[39m
                    [33mstroke-linejoin[39m=[32m"round"[39m
                    [33mstroke-width[39m=[32m"2"[39m
                    [33mstyle[39m=[32m"pointer-events: none;"[39m
                  [36m/>[39m
                  [36m<path[39m
                    [33md[39m=[32m"M2.458 12C3.732 7.943 7.523 5 12 5c4.478 0 8.268 2.943 9.542 7-1.274 4.057-5.064 7-9.542 7-4.477 0-8.268-2.943-9.542-7z"[39m
                    [33mstroke-linecap[39m=[32m"round"[39m
                    [33mstroke-linejoin[39m=[32m"round"[39m
                    [33mstroke-width[39m=[32m"2"[39m
                    [33mstyle[39m=[32m"pointer-events: none;"[39m
                  [36m/>[39m
                [36m</svg>[39m
              [36m</button>[39m
            [36m</div>[39m
          [36m</div>[39m
          [36m<button[39m
            [33maria-busy[39m=[32m"true"[39m
            [33mclass[39m=[32m"inline-flex items-center justify-center rounded-md font-medium transition-colors focus-visible:outline-none focus-visible:ring-2 focus-visible:ring-offset-2 disabled:pointer-events-none disabled:opacity-50 focus:outline-none focus:ring-2 focus:ring-offset-2 bg-blue-600 text-white hover:bg-blue-700 active:bg-blue-800 focus-visible:ring-blue-500 focus:ring-blue-500 h-12 px-6 text-lg w-full min-h-[44px] md:min-h-[48px]"[39m
            [33mdisabled[39m=[32m""[39m
            [33mtype[39m=[32m"submit"[39m
          [36m>[39m
            [36m<svg[39m
              [33maria-hidden[39m=[32m"true"[39m
              [33mclass[39m=[32m"animate-spin mr-2 w-5 h-5"[39m
              [33mfill[39m=[32m"none"[39m
              [33mviewBox[39m=[32m"0 0 24 24"[39m
            [36m>[39m
              [36m<circle[39m
                [33mclass[39m=[32m"opacity-25"[39m
                [33mcx[39m=[32m"12"[39m
                [33mcy[39m=[32m"12"[39m
                [33mr[39m=[32m"10"[39m
                [33mstroke[39m=[32m"currentColor"[39m
                [33mstroke-width[39m=[32m"4"[39m
              [36m/>[39m
              [36m<path[39m
                [33mclass[39m=[32m"opacity-75"[39m
                [33md[39m=[32m"M4 12a8 8 0 018-8V0C5.373 0 0 5.373 0 12h4zm2 5.291A7.962 7.962 0 014 12H0c0 3.042 1.135 5.824 3 7.938l3-2.647z"[39m
                [33mfill[39m=[32m"currentColor"[39m
              [36m/>[39m
            [36m</svg>[39m
            [0mLogging in...[0m
          [36m</button>[39m
        [36m</form>[39m
      [36m</div>[39m
    [36m</body>[39m

      254 |           try {
      255 |             // Property: Submit button must be disabled during submission
    > 256 |             const submitButton = screen.getByRole('button', { name: /signing in/i });
          |                                         ^
      257 |             expect(submitButton).toBeDisabled();
      258 |             expect(submitButton).toHaveAttribute('aria-busy', 'true');
      259 |

      at Object.getElementError (node_modules/@testing-library/dom/dist/config.js:37:19)
      at node_modules/@testing-library/dom/dist/query-helpers.js:76:38
      at node_modules/@testing-library/dom/dist/query-helpers.js:52:17
      at node_modules/@testing-library/dom/dist/query-helpers.js:95:19
      at getByRole (src/components/LoginForm.property2.test.tsx:256:41)
      at Property.predicate (node_modules/fast-check/lib/cjs/check/property/Property.js:17:92)
      at Property.run (node_modules/fast-check/lib/cjs/check/property/Property.generic.js:46:33)
      at runIt (node_modules/fast-check/lib/cjs/check/runner/Runner.js:18:30)
      at check (node_modules/fast-check/lib/cjs/check/runner/Runner.js:58:11)
      at Object.assert (node_modules/fast-check/lib/cjs/check/runner/Runner.js:61:17)
      at Object.assert (src/components/LoginForm.property2.test.tsx:230:8)

FAIL src/lib/api/integration-test.test.ts
  ● API Client Integration Test (Local Backend) › Health Check › should successfully connect to local backend

    Unable to connect. Please check your internet connection.


  ● API Client Integration Test (Local Backend) › Authentication Flow › should register a new user

    Unable to connect. Please check your internet connection.


  ● API Client Integration Test (Local Backend) › Authentication Flow › should login with registered credentials

    expect(received).toBe(expected) // Object.is equality

    Expected: true
    Received: false

      74 |
      75 |       expect(result).toBeDefined();
    > 76 |       expect(result.success).toBe(true);
         |                              ^
      77 |       expect(result.token).toBeDefined();
      78 |       expect(result.email).toBe(testEmail);
      79 |       expect(result.userId).toBeDefined();

      at Object.toBe (src/lib/api/integration-test.test.ts:76:30)

  ● API Client Integration Test (Local Backend) › Authentication Flow › should fail login with incorrect password

    expect(received).toBe(expected) // Object.is equality

    Expected: "Invalid email or password"
    Received: "Unable to connect. Please check your internet connection."

      91 |
      92 |       expect(result.success).toBe(false);
    > 93 |       expect(result.error).toBe('Invalid email or password');
         |                            ^
      94 |     }, 10000);
      95 |
      96 |     it('should logout and clear token', () => {

      at Object.toBe (src/lib/api/integration-test.test.ts:93:28)

  ● API Client Integration Test (Local Backend) › Authentication Flow › should logout and clear token

    expect(received).toBe(expected) // Object.is equality

    Expected: true
    Received: false

       97 |       // First login
       98 |       tokenManager.setToken('test-token');
    >  99 |       expect(tokenManager.hasToken()).toBe(true);
          |                                       ^
      100 |
      101 |       // Logout
      102 |       authService.logout();

      at Object.toBe (src/lib/api/integration-test.test.ts:99:39)

  ● API Client Integration Test (Local Backend) › Error Handling › should handle 409 conflict for duplicate registration

    expect(received).rejects.toMatchObject(expected)

    - Expected  - 1
    + Received  + 1

      Object {
    -   "status": 409,
    +   "status": 0,
      }

      117 |           password: testPassword
      118 |         })
    > 119 |       ).rejects.toMatchObject({
          |                 ^
      120 |         status: 409
      121 |       });
      122 |     }, 10000);

      at Object.toMatchObject (node_modules/expect/build/index.js:2155:20)
      at Object.toMatchObject (src/lib/api/integration-test.test.ts:119:17)

  ● API Client Integration Test (Local Backend) › Request Interceptors › should add Authorization header for authenticated requests

    expect(received).toBe(expected) // Object.is equality

    Expected: true
    Received: false

      143 |       });
      144 |
    > 145 |       expect(loginResult.success).toBe(true);
          |                                   ^
      146 |       expect(tokenManager.hasToken()).toBe(true);
      147 |       
      148 |       // The token should be automatically included in subsequent requests

      at Object.toBe (src/lib/api/integration-test.test.ts:145:35)

  ● API Client Integration Test (Local Backend) › Request Interceptors › should not add Authorization header for public endpoints

    Unable to connect. Please check your internet connection.


FAIL src/app/dashboard/unauthenticated-access.integration.test.tsx
  ● Unauthenticated Dashboard Access - Integration Test (Task 3.3) › Complete Unauthenticated Access Flow - Requirements 1.1, 4.2, 5.5 › should redirect to /login when accessing dashboard without JWT

    expect(jest.fn()).toHaveBeenCalledWith(...expected)

    Expected: "/login"
    Received: "/login?returnUrl=/dashboard"

    Number of calls: 1

    Ignored nodes: comments, script, style
    [36m<html>[39m
      [36m<head />[39m
      [36m<body>[39m
        [36m<div>[39m
          [36m<div[39m
            [33mclass[39m=[32m"min-h-screen flex items-center justify-center bg-white"[39m
          [36m>[39m
            [36m<div[39m
              [33mclass[39m=[32m"text-gray-600"[39m
            [36m>[39m
              [0mLoading...[0m
            [36m</div>[39m
          [36m</div>[39m
        [36m</div>[39m
      [36m</body>[39m
    [36m</html>[39m

      101 |       // Verify redirect to /login was initiated
      102 |       await waitFor(() => {
    > 103 |         expect(mockPush).toHaveBeenCalledWith('/login');
          |                          ^
      104 |       });
      105 |
      106 |       // Requirement 1.1: Dashboard SHALL redirect unauthenticated users to login

      at toHaveBeenCalledWith (src/app/dashboard/unauthenticated-access.integration.test.tsx:103:26)
      at runWithExpensiveErrorDiagnosticsDisabled (node_modules/@testing-library/dom/dist/config.js:47:12)
      at checkCallback (node_modules/@testing-library/dom/dist/wait-for.js:124:77)
      at node_modules/@testing-library/dom/dist/wait-for.js:82:9

  ● Unauthenticated Dashboard Access - Integration Test (Task 3.3) › Complete Unauthenticated Access Flow - Requirements 1.1, 4.2, 5.5 › should not render any dashboard content before redirect

    expect(jest.fn()).toHaveBeenCalledWith(...expected)

    Expected: "/login"
    Received: "/login?returnUrl=/dashboard"

    Number of calls: 1

    Ignored nodes: comments, script, style
    [36m<html>[39m
      [36m<head />[39m
      [36m<body>[39m
        [36m<div>[39m
          [36m<div[39m
            [33mclass[39m=[32m"min-h-screen flex items-center justify-center bg-white"[39m
          [36m>[39m
            [36m<div[39m
              [33mclass[39m=[32m"text-gray-600"[39m
            [36m>[39m
              [0mLoading...[0m
            [36m</div>[39m
          [36m</div>[39m
        [36m</div>[39m
      [36m</body>[39m
    [36m</html>[39m

      126 |       // Wait for redirect
      127 |       await waitFor(() => {
    > 128 |         expect(mockPush).toHaveBeenCalledWith('/login');
          |                          ^
      129 |       });
      130 |
      131 |       // Requirement 4.2: No dashboard content should be rendered

      at toHaveBeenCalledWith (src/app/dashboard/unauthenticated-access.integration.test.tsx:128:26)
      at runWithExpensiveErrorDiagnosticsDisabled (node_modules/@testing-library/dom/dist/config.js:47:12)
      at checkCallback (node_modules/@testing-library/dom/dist/wait-for.js:124:77)
      at node_modules/@testing-library/dom/dist/wait-for.js:82:9

  ● Unauthenticated Dashboard Access - Integration Test (Task 3.3) › Complete Unauthenticated Access Flow - Requirements 1.1, 4.2, 5.5 › should complete redirect within 500ms

    expect(jest.fn()).toHaveBeenCalledWith(...expected)

    Expected: "/login"
    Received: "/login?returnUrl=/dashboard"

    Number of calls: 1

    Ignored nodes: comments, script, style
    [36m<html>[39m
      [36m<head />[39m
      [36m<body>[39m
        [36m<div>[39m
          [36m<div[39m
            [33mclass[39m=[32m"min-h-screen flex items-center justify-center bg-white"[39m
          [36m>[39m
            [36m<div[39m
              [33mclass[39m=[32m"text-gray-600"[39m
            [36m>[39m
              [0mLoading...[0m
            [36m</div>[39m
          [36m</div>[39m
        [36m</div>[39m
      [36m</body>[39m
    [36m</html>[39m

      153 |       // Wait for redirect to be initiated
      154 |       await waitFor(() => {
    > 155 |         expect(mockPush).toHaveBeenCalledWith('/login');
          |                          ^
      156 |       });
      157 |
      158 |       const endTime = Date.now();

      at toHaveBeenCalledWith (src/app/dashboard/unauthenticated-access.integration.test.tsx:155:26)
      at runWithExpensiveErrorDiagnosticsDisabled (node_modules/@testing-library/dom/dist/config.js:47:12)
      at checkCallback (node_modules/@testing-library/dom/dist/wait-for.js:124:77)
      at node_modules/@testing-library/dom/dist/wait-for.js:82:9

  ● Unauthenticated Dashboard Access - Integration Test (Task 3.3) › Loading State During Redirect - Requirement 4.2 › should maintain loading state during redirect

    expect(jest.fn()).toHaveBeenCalledWith(...expected)

    Expected: "/login"
    Received: "/login?returnUrl=/dashboard"

    Number of calls: 1

    Ignored nodes: comments, script, style
    [36m<html>[39m
      [36m<head />[39m
      [36m<body>[39m
        [36m<div>[39m
          [36m<div[39m
            [33mclass[39m=[32m"min-h-screen flex items-center justify-center bg-white"[39m
          [36m>[39m
            [36m<div[39m
              [33mclass[39m=[32m"text-gray-600"[39m
            [36m>[39m
              [0mLoading...[0m
            [36m</div>[39m
          [36m</div>[39m
        [36m</div>[39m
      [36m</body>[39m
    [36m</html>[39m

      203 |       // Wait for redirect
      204 |       await waitFor(() => {
    > 205 |         expect(mockPush).toHaveBeenCalledWith('/login');
          |                          ^
      206 |       });
      207 |
      208 |       // Loading state should still be visible (not cleared during redirect)

      at toHaveBeenCalledWith (src/app/dashboard/unauthenticated-access.integration.test.tsx:205:26)
      at runWithExpensiveErrorDiagnosticsDisabled (node_modules/@testing-library/dom/dist/config.js:47:12)
      at checkCallback (node_modules/@testing-library/dom/dist/wait-for.js:124:77)
      at node_modules/@testing-library/dom/dist/wait-for.js:82:9

  ● Unauthenticated Dashboard Access - Integration Test (Task 3.3) › Session-Only Authentication Rejection - Requirement 1.1 › should redirect when only session exists (no JWT)

    expect(jest.fn()).toHaveBeenCalledWith(...expected)

    Expected: "/login"
    Received: "/login?returnUrl=/dashboard"

    Number of calls: 1

    Ignored nodes: comments, script, style
    [36m<html>[39m
      [36m<head />[39m
      [36m<body>[39m
        [36m<div>[39m
          [36m<div[39m
            [33mclass[39m=[32m"min-h-screen flex items-center justify-center bg-white"[39m
          [36m>[39m
            [36m<div[39m
              [33mclass[39m=[32m"text-gray-600"[39m
            [36m>[39m
              [0mLoading...[0m
            [36m</div>[39m
          [36m</div>[39m
        [36m</div>[39m
      [36m</body>[39m
    [36m</html>[39m

      266 |       // Should redirect even though session exists
      267 |       await waitFor(() => {
    > 268 |         expect(mockPush).toHaveBeenCalledWith('/login');
          |                          ^
      269 |       });
      270 |
      271 |       // Dashboard content should never render

      at toHaveBeenCalledWith (src/app/dashboard/unauthenticated-access.integration.test.tsx:268:26)
      at runWithExpensiveErrorDiagnosticsDisabled (node_modules/@testing-library/dom/dist/config.js:47:12)
      at checkCallback (node_modules/@testing-library/dom/dist/wait-for.js:124:77)
      at node_modules/@testing-library/dom/dist/wait-for.js:82:9

  ● Unauthenticated Dashboard Access - Integration Test (Task 3.3) › Session-Only Authentication Rejection - Requirement 1.1 › should redirect when in fallback mode without JWT

    expect(jest.fn()).toHaveBeenCalledWith(...expected)

    Expected: "/login"
    Received: "/login?returnUrl=/dashboard"

    Number of calls: 1

    Ignored nodes: comments, script, style
    [36m<html>[39m
      [36m<head />[39m
      [36m<body>[39m
        [36m<div>[39m
          [36m<div[39m
            [33mclass[39m=[32m"min-h-screen flex items-center justify-center bg-white"[39m
          [36m>[39m
            [36m<div[39m
              [33mclass[39m=[32m"text-gray-600"[39m
            [36m>[39m
              [0mLoading...[0m
            [36m</div>[39m
          [36m</div>[39m
        [36m</div>[39m
      [36m</body>[39m
    [36m</html>[39m

      290 |       // Should redirect even in fallback mode
      291 |       await waitFor(() => {
    > 292 |         expect(mockPush).toHaveBeenCalledWith('/login');
          |                          ^
      293 |       });
      294 |
      295 |       // Dashboard content should never render

      at toHaveBeenCalledWith (src/app/dashboard/unauthenticated-access.integration.test.tsx:292:26)
      at runWithExpensiveErrorDiagnosticsDisabled (node_modules/@testing-library/dom/dist/config.js:47:12)
      at checkCallback (node_modules/@testing-library/dom/dist/wait-for.js:124:77)
      at node_modules/@testing-library/dom/dist/wait-for.js:82:9

  ● Unauthenticated Dashboard Access - Integration Test (Task 3.3) › Authentication Check with requireJWT Flag - Requirement 1.1 › should enforce JWT-only authentication

    expect(jest.fn()).toHaveBeenCalledWith(...expected)

    Expected: "/login"
    Received: "/login?returnUrl=/dashboard"

    Number of calls: 1

    Ignored nodes: comments, script, style
    [36m<html>[39m
      [36m<head />[39m
      [36m<body>[39m
        [36m<div>[39m
          [36m<div[39m
            [33mclass[39m=[32m"min-h-screen flex items-center justify-center bg-white"[39m
          [36m>[39m
            [36m<div[39m
              [33mclass[39m=[32m"text-gray-600"[39m
            [36m>[39m
              [0mLoading...[0m
            [36m</div>[39m
          [36m</div>[39m
        [36m</div>[39m
      [36m</body>[39m
    [36m</html>[39m

      346 |       // Should redirect due to missing JWT
      347 |       await waitFor(() => {
    > 348 |         expect(mockPush).toHaveBeenCalledWith('/login');
          |                          ^
      349 |       });
      350 |     });
      351 |   });

      at toHaveBeenCalledWith (src/app/dashboard/unauthenticated-access.integration.test.tsx:348:26)
      at runWithExpensiveErrorDiagnosticsDisabled (node_modules/@testing-library/dom/dist/config.js:47:12)
      at checkCallback (node_modules/@testing-library/dom/dist/wait-for.js:124:77)
      at node_modules/@testing-library/dom/dist/wait-for.js:82:9

  ● Unauthenticated Dashboard Access - Integration Test (Task 3.3) › Error Handling During Authentication - Requirement 4.2 › should redirect on authentication check error

    expect(jest.fn()).toHaveBeenCalledWith(...expected)

    Expected: "/login"
    Received: "/login?returnUrl=/dashboard"

    Number of calls: 1

    Ignored nodes: comments, script, style
    [36m<html>[39m
      [36m<head />[39m
      [36m<body>[39m
        [36m<div>[39m
          [36m<div[39m
            [33mclass[39m=[32m"min-h-screen flex items-center justify-center bg-white"[39m
          [36m>[39m
            [36m<div[39m
              [33mclass[39m=[32m"text-gray-600"[39m
            [36m>[39m
              [0mLoading...[0m
            [36m</div>[39m
          [36m</div>[39m
        [36m</div>[39m
      [36m</body>[39m
    [36m</html>[39m

      362 |       // Wait for error handling and redirect
      363 |       await waitFor(() => {
    > 364 |         expect(mockPush).toHaveBeenCalledWith('/login');
          |                          ^
      365 |       });
      366 |
      367 |       // Dashboard content should never render

      at toHaveBeenCalledWith (src/app/dashboard/unauthenticated-access.integration.test.tsx:364:26)
      at runWithExpensiveErrorDiagnosticsDisabled (node_modules/@testing-library/dom/dist/config.js:47:12)
      at checkCallback (node_modules/@testing-library/dom/dist/wait-for.js:124:77)
      at node_modules/@testing-library/dom/dist/wait-for.js:82:9

  ● Unauthenticated Dashboard Access - Integration Test (Task 3.3) › Redirect Timing Performance - Requirement 5.5 › should redirect immediately when JWT is missing

    expect(jest.fn()).toHaveBeenCalledWith(...expected)

    Expected: "/login"
    Received: "/login?returnUrl=/dashboard"

    Number of calls: 1

    Ignored nodes: comments, script, style
    [36m<html>[39m
      [36m<head />[39m
      [36m<body>[39m
        [36m<div>[39m
          [36m<div[39m
            [33mclass[39m=[32m"min-h-screen flex items-center justify-center bg-white"[39m
          [36m>[39m
            [36m<div[39m
              [33mclass[39m=[32m"text-gray-600"[39m
            [36m>[39m
              [0mLoading...[0m
            [36m</div>[39m
          [36m</div>[39m
        [36m</div>[39m
      [36m</body>[39m
    [36m</html>[39m

      438 |       await waitFor(
      439 |         () => {
    > 440 |           expect(mockPush).toHaveBeenCalledWith('/login');
          |                            ^
      441 |         },
      442 |         { timeout: 100 }
      443 |       );

      at toHaveBeenCalledWith (src/app/dashboard/unauthenticated-access.integration.test.tsx:440:28)
      at runWithExpensiveErrorDiagnosticsDisabled (node_modules/@testing-library/dom/dist/config.js:47:12)
      at checkCallback (node_modules/@testing-library/dom/dist/wait-for.js:124:77)
      at node_modules/@testing-library/dom/dist/wait-for.js:82:9

  ● Unauthenticated Dashboard Access - Integration Test (Task 3.3) › LocalStorage Cleared Scenario - Requirement 1.1 › should redirect when localStorage is cleared (no JWT)

    expect(jest.fn()).toHaveBeenCalledWith(...expected)

    Expected: "/login"
    Received: "/login?returnUrl=/dashboard"

    Number of calls: 1

    Ignored nodes: comments, script, style
    [36m<html>[39m
      [36m<head />[39m
      [36m<body>[39m
        [36m<div>[39m
          [36m<div[39m
            [33mclass[39m=[32m"min-h-screen flex items-center justify-center bg-white"[39m
          [36m>[39m
            [36m<div[39m
              [33mclass[39m=[32m"text-gray-600"[39m
            [36m>[39m
              [0mLoading...[0m
            [36m</div>[39m
          [36m</div>[39m
        [36m</div>[39m
      [36m</body>[39m
    [36m</html>[39m

      562 |       // Should redirect to login
      563 |       await waitFor(() => {
    > 564 |         expect(mockPush).toHaveBeenCalledWith('/login');
          |                          ^
      565 |       });
      566 |
      567 |       // No dashboard content should render

      at toHaveBeenCalledWith (src/app/dashboard/unauthenticated-access.integration.test.tsx:564:26)
      at runWithExpensiveErrorDiagnosticsDisabled (node_modules/@testing-library/dom/dist/config.js:47:12)
      at checkCallback (node_modules/@testing-library/dom/dist/wait-for.js:124:77)
      at node_modules/@testing-library/dom/dist/wait-for.js:82:9

  ● Unauthenticated Dashboard Access - Integration Test (Task 3.3) › LocalStorage Cleared Scenario - Requirement 1.1 › should complete redirect within 500ms with cleared localStorage

    expect(jest.fn()).toHaveBeenCalledWith(...expected)

    Expected: "/login"
    Received: "/login?returnUrl=/dashboard"

    Number of calls: 1

    Ignored nodes: comments, script, style
    [36m<html>[39m
      [36m<head />[39m
      [36m<body>[39m
        [36m<div>[39m
          [36m<div[39m
            [33mclass[39m=[32m"min-h-screen flex items-center justify-center bg-white"[39m
          [36m>[39m
            [36m<div[39m
              [33mclass[39m=[32m"text-gray-600"[39m
            [36m>[39m
              [0mLoading...[0m
            [36m</div>[39m
          [36m</div>[39m
        [36m</div>[39m
      [36m</body>[39m
    [36m</html>[39m

      592 |       // Wait for redirect
      593 |       await waitFor(() => {
    > 594 |         expect(mockPush).toHaveBeenCalledWith('/login');
          |                          ^
      595 |       });
      596 |
      597 |       const endTime = Date.now();

      at toHaveBeenCalledWith (src/app/dashboard/unauthenticated-access.integration.test.tsx:594:26)
      at runWithExpensiveErrorDiagnosticsDisabled (node_modules/@testing-library/dom/dist/config.js:47:12)
      at checkCallback (node_modules/@testing-library/dom/dist/wait-for.js:124:77)
      at node_modules/@testing-library/dom/dist/wait-for.js:82:9

FAIL src/app/dashboard/redirect-before-render.test.tsx
  ● Dashboard Redirect Before Content Render - Task 3.2 › Loading State Visibility During Redirect - Requirement 4.2 › should keep loading state visible during redirect

    expect(jest.fn()).toHaveBeenCalledWith(...expected)

    Expected: "/login"
    Received: "/login?returnUrl=/dashboard"

    Number of calls: 1

    Ignored nodes: comments, script, style
    [36m<html>[39m
      [36m<head />[39m
      [36m<body>[39m
        [36m<div>[39m
          [36m<div[39m
            [33mclass[39m=[32m"min-h-screen flex items-center justify-center bg-white"[39m
          [36m>[39m
            [36m<div[39m
              [33mclass[39m=[32m"text-gray-600"[39m
            [36m>[39m
              [0mLoading...[0m
            [36m</div>[39m
          [36m</div>[39m
        [36m</div>[39m
      [36m</body>[39m
    [36m</html>[39m

      90 |       // After auth check, redirect should be initiated
      91 |       await waitFor(() => {
    > 92 |         expect(mockPush).toHaveBeenCalledWith('/login');
         |                          ^
      93 |       });
      94 |
      95 |       // Loading state should STILL be visible (not cleared during redirect)

      at toHaveBeenCalledWith (src/app/dashboard/redirect-before-render.test.tsx:92:26)
      at runWithExpensiveErrorDiagnosticsDisabled (node_modules/@testing-library/dom/dist/config.js:47:12)
      at checkCallback (node_modules/@testing-library/dom/dist/wait-for.js:124:77)
      at node_modules/@testing-library/dom/dist/wait-for.js:82:9

  ● Dashboard Redirect Before Content Render - Task 3.2 › No Dashboard Content Before Redirect - Requirement 4.2 › should never render dashboard content when unauthenticated

    expect(jest.fn()).toHaveBeenCalledWith(...expected)

    Expected: "/login"
    Received: "/login?returnUrl=/dashboard"

    Number of calls: 1

    Ignored nodes: comments, script, style
    [36m<html>[39m
      [36m<head />[39m
      [36m<body>[39m
        [36m<div>[39m
          [36m<div[39m
            [33mclass[39m=[32m"min-h-screen flex items-center justify-center bg-white"[39m
          [36m>[39m
            [36m<div[39m
              [33mclass[39m=[32m"text-gray-600"[39m
            [36m>[39m
              [0mLoading...[0m
            [36m</div>[39m
          [36m</div>[39m
        [36m</div>[39m
      [36m</body>[39m
    [36m</html>[39m

      145 |       // Wait for auth check and redirect
      146 |       await waitFor(() => {
    > 147 |         expect(mockPush).toHaveBeenCalledWith('/login');
          |                          ^
      148 |       });
      149 |
      150 |       // Dashboard content should NEVER appear

      at toHaveBeenCalledWith (src/app/dashboard/redirect-before-render.test.tsx:147:26)
      at runWithExpensiveErrorDiagnosticsDisabled (node_modules/@testing-library/dom/dist/config.js:47:12)
      at checkCallback (node_modules/@testing-library/dom/dist/wait-for.js:124:77)
      at node_modules/@testing-library/dom/dist/wait-for.js:82:9

  ● Dashboard Redirect Before Content Render - Task 3.2 › Redirect Timing - Requirement 5.5 › should initiate redirect within 500ms of authentication failure

    expect(jest.fn()).toHaveBeenCalledWith(...expected)

    Expected: "/login"
    Received: "/login?returnUrl=/dashboard"

    Number of calls: 1

    Ignored nodes: comments, script, style
    [36m<html>[39m
      [36m<head />[39m
      [36m<body>[39m
        [36m<div>[39m
          [36m<div[39m
            [33mclass[39m=[32m"min-h-screen flex items-center justify-center bg-white"[39m
          [36m>[39m
            [36m<div[39m
              [33mclass[39m=[32m"text-gray-600"[39m
            [36m>[39m
              [0mLoading...[0m
            [36m</div>[39m
          [36m</div>[39m
        [36m</div>[39m
      [36m</body>[39m
    [36m</html>[39m

      235 |       // Wait for redirect
      236 |       await waitFor(() => {
    > 237 |         expect(mockPush).toHaveBeenCalledWith('/login');
          |                          ^
      238 |       });
      239 |
      240 |       const endTime = Date.now();

      at toHaveBeenCalledWith (src/app/dashboard/redirect-before-render.test.tsx:237:26)
      at runWithExpensiveErrorDiagnosticsDisabled (node_modules/@testing-library/dom/dist/config.js:47:12)
      at checkCallback (node_modules/@testing-library/dom/dist/wait-for.js:124:77)
      at node_modules/@testing-library/dom/dist/wait-for.js:82:9

  ● Dashboard Redirect Before Content Render - Task 3.2 › Redirect Timing - Requirement 5.5 › should redirect immediately when no JWT exists

    expect(jest.fn()).toHaveBeenCalledWith(...expected)

    Expected: "/login"
    Received: "/login?returnUrl=/dashboard"

    Number of calls: 1

    Ignored nodes: comments, script, style
    [36m<html>[39m
      [36m<head />[39m
      [36m<body>[39m
        [36m<div>[39m
          [36m<div[39m
            [33mclass[39m=[32m"min-h-screen flex items-center justify-center bg-white"[39m
          [36m>[39m
            [36m<div[39m
              [33mclass[39m=[32m"text-gray-600"[39m
            [36m>[39m
              [0mLoading...[0m
            [36m</div>[39m
          [36m</div>[39m
        [36m</div>[39m
      [36m</body>[39m
    [36m</html>[39m

      286 |       await waitFor(
      287 |         () => {
    > 288 |           expect(mockPush).toHaveBeenCalledWith('/login');
          |                            ^
      289 |         },
      290 |         { timeout: 100 }
      291 |       );

      at toHaveBeenCalledWith (src/app/dashboard/redirect-before-render.test.tsx:288:28)
      at runWithExpensiveErrorDiagnosticsDisabled (node_modules/@testing-library/dom/dist/config.js:47:12)
      at checkCallback (node_modules/@testing-library/dom/dist/wait-for.js:124:77)
      at node_modules/@testing-library/dom/dist/wait-for.js:82:9

  ● Dashboard Redirect Before Content Render - Task 3.2 › Session-Only Authentication Rejection - Requirement 4.2 › should redirect when only session exists (no JWT)

    expect(jest.fn()).toHaveBeenCalledWith(...expected)

    Expected: "/login"
    Received: "/login?returnUrl=/dashboard"

    Number of calls: 1

    Ignored nodes: comments, script, style
    [36m<html>[39m
      [36m<head />[39m
      [36m<body>[39m
        [36m<div>[39m
          [36m<div[39m
            [33mclass[39m=[32m"min-h-screen flex items-center justify-center bg-white"[39m
          [36m>[39m
            [36m<div[39m
              [33mclass[39m=[32m"text-gray-600"[39m
            [36m>[39m
              [0mLoading...[0m
            [36m</div>[39m
          [36m</div>[39m
        [36m</div>[39m
      [36m</body>[39m
    [36m</html>[39m

      381 |       // Should redirect even though session exists
      382 |       await waitFor(() => {
    > 383 |         expect(mockPush).toHaveBeenCalledWith('/login');
          |                          ^
      384 |       });
      385 |
      386 |       // Dashboard content should never render

      at toHaveBeenCalledWith (src/app/dashboard/redirect-before-render.test.tsx:383:26)
      at runWithExpensiveErrorDiagnosticsDisabled (node_modules/@testing-library/dom/dist/config.js:47:12)
      at checkCallback (node_modules/@testing-library/dom/dist/wait-for.js:124:77)
      at node_modules/@testing-library/dom/dist/wait-for.js:82:9

  ● Dashboard Redirect Before Content Render - Task 3.2 › Session-Only Authentication Rejection - Requirement 4.2 › should not render dashboard in fallback mode

    expect(jest.fn()).toHaveBeenCalledWith(...expected)

    Expected: "/login"
    Received: "/login?returnUrl=/dashboard"

    Number of calls: 1

    Ignored nodes: comments, script, style
    [36m<html>[39m
      [36m<head />[39m
      [36m<body>[39m
        [36m<div>[39m
          [36m<div[39m
            [33mclass[39m=[32m"min-h-screen flex items-center justify-center bg-white"[39m
          [36m>[39m
            [36m<div[39m
              [33mclass[39m=[32m"text-gray-600"[39m
            [36m>[39m
              [0mLoading...[0m
            [36m</div>[39m
          [36m</div>[39m
        [36m</div>[39m
      [36m</body>[39m
    [36m</html>[39m

      404 |       // Should redirect even in fallback mode
      405 |       await waitFor(() => {
    > 406 |         expect(mockPush).toHaveBeenCalledWith('/login');
          |                          ^
      407 |       });
      408 |
      409 |       // Dashboard content should never render

      at toHaveBeenCalledWith (src/app/dashboard/redirect-before-render.test.tsx:406:26)
      at runWithExpensiveErrorDiagnosticsDisabled (node_modules/@testing-library/dom/dist/config.js:47:12)
      at checkCallback (node_modules/@testing-library/dom/dist/wait-for.js:124:77)
      at node_modules/@testing-library/dom/dist/wait-for.js:82:9

  ● Dashboard Redirect Before Content Render - Task 3.2 › Error Handling During Redirect - Requirement 4.2 › should not render dashboard content on auth check error

    expect(jest.fn()).toHaveBeenCalledWith(...expected)

    Expected: "/login"
    Received: "/login?returnUrl=/dashboard"

    Number of calls: 1

    Ignored nodes: comments, script, style
    [36m<html>[39m
      [36m<head />[39m
      [36m<body>[39m
        [36m<div>[39m
          [36m<div[39m
            [33mclass[39m=[32m"min-h-screen flex items-center justify-center bg-white"[39m
          [36m>[39m
            [36m<div[39m
              [33mclass[39m=[32m"text-gray-600"[39m
            [36m>[39m
              [0mLoading...[0m
            [36m</div>[39m
          [36m</div>[39m
        [36m</div>[39m
      [36m</body>[39m
    [36m</html>[39m

      456 |       // Wait for error handling
      457 |       await waitFor(() => {
    > 458 |         expect(mockPush).toHaveBeenCalledWith('/login');
          |                          ^
      459 |       });
      460 |
      461 |       // Dashboard content should never render

      at toHaveBeenCalledWith (src/app/dashboard/redirect-before-render.test.tsx:458:26)
      at runWithExpensiveErrorDiagnosticsDisabled (node_modules/@testing-library/dom/dist/config.js:47:12)
      at checkCallback (node_modules/@testing-library/dom/dist/wait-for.js:124:77)
      at node_modules/@testing-library/dom/dist/wait-for.js:82:9

FAIL src/app/login/authentication-redirect.property.test.tsx (41.214 s)
  ● Login Page - Authentication Redirect › Property-Based Tests › property: successful authentication redirects user to appropriate page

    Property failed after 1 tests
    { seed: -1506118601, path: "0", endOnFailure: true }
    Counterexample: [undefined]
    Shrunk 0 time(s)

    Hint: Enable verbose mode in order to have the list of all failing values encountered during the run

      at buildError (node_modules/fast-check/lib/cjs/check/runner/utils/RunDetailsFormatter.js:162:19)
      at asyncThrowIfFailed (node_modules/fast-check/lib/cjs/check/runner/utils/RunDetailsFormatter.js:176:11)

    Cause:
    expect(jest.fn()).toHaveBeenCalled()

    Expected number of calls: >= 1
    Received number of calls:    0

    Ignored nodes: comments, script, style
    [36m<html>[39m
      [36m<head />[39m
      [36m<body>[39m
        [36m<div>[39m
          [36m<div[39m
            [33mclass[39m=[32m"min-h-screen flex items-center justify-center bg-gray-50 px-4 py-12 sm:px-6 lg:px-8"[39m
          [36m>[39m
            [36m<div[39m
              [33mclass[39m=[32m"w-full max-w-md"[39m
            [36m>[39m
              [36m<div[39m
                [33mclass[39m=[32m"rounded-lg border text-card-foreground focus-within:ring-2 focus-within:ring-blue-500 focus-within:ring-offset-2 border-gray-200 bg-white hover:shadow-lg transition-shadow shadow-xl"[39m
              [36m>[39m
                [36m<div[39m
                  [33mclass[39m=[32m"flex flex-col p-6 space-y-2 text-center pb-6"[39m
                [36m>[39m
                  [36m<h1[39m
                    [33mclass[39m=[32m"text-2xl font-bold text-gray-900 sm:text-3xl"[39m
                  [36m>[39m
                    [0mSign in to your account[0m
                  [36m</h1>[39m
                  [36m<p[39m
                    [33mclass[39m=[32m"text-sm text-gray-600 sm:text-base"[39m
                  [36m>[39m
                    [0mEnter your credentials to access your tax preparation dashboard[0m
                  [36m</p>[39m
                [36m</div>[39m
                [36m<div[39m
                  [33mclass[39m=[32m"p-6 pt-0 pb-8"[39m
                [36m>[39m
                  [36m<form[39m
                    [33mclass[39m=[32m"space-y-6"[39m
                    [33mnovalidate[39m=[32m""[39m
                  [36m>[39m
                    [36m<div[39m
                      [33maria-live[39m=[32m"assertive"[39m
                      [33mclass[39m=[32m"p-4 rounded-md bg-red-50 border border-red-200"[39m
                      [33mrole[39m=[32m"alert"[39m
                    [36m>[39m
                      [36m<div[39m
                        [33mclass[39m=[32m"flex items-start"[39m
                      [36m>[39m
                        [36m<svg[39m
                          [33maria-hidden[39m=[32m"true"[39m
                          [33mclass[39m=[32m"w-5 h-5 text-red-600 mr-3 mt-0.5 flex-shrink-0"[39m
                          [33mfill[39m=[32m"currentColor"[39m
                          [33mviewBox[39m=[32m"0 0 20 20"[39m
                        [36m>[39m
                          [36m<path[39m
                            [33mclip-rule[39m=[32m"evenodd"[39m
                            [33md[39m=[32m"M10 18a8 8 0 100-16 8 8 0 000 16zM8.707 7.293a1 1 0 00-1.414 1.414L8.586 10l-1.293 1.293a1 1 0 101.414 1.414L10 11.414l1.293 1.293a1 1 0 001.414-1.414L11.414 10l1.293-1.293a1 1 0 00-1.414-1.414L10 8.586 8.707 7.293z"[39m
                            [33mfill-rule[39m=[32m"evenodd"[39m
                          [36m/>[39m
                        [36m</svg>[39m
                        [36m<p[39m
                          [33mclass[39m=[32m"text-sm text-red-800"[39m
                        [36m>[39m
                          [0mUnable to connect. Please check your internet connection.[0m
                        [36m</p>[39m
                      [36m</div>[39m
                    [36m</div>[39m
                    [36m<div[39m
                      [33maria-live[39m=[32m"polite"[39m
                      [33mclass[39m=[32m"p-4 rounded-md border transition-all duration-200 bg-red-50 border-red-200"[39m
                      [33mrole[39m=[32m"status"[39m
                    [36m>[39m
                      [36m<div[39m
                        [33mclass[39m=[32m"flex items-start"[39m
                      [36m>[39m
                        [36m<svg[39m
                          [33maria-hidden[39m=[32m"true"[39m
                          [33mclass[39m=[32m"w-5 h-5 text-red-600 mr-3 mt-0.5 flex-shrink-0"[39m
                          [33mfill[39m=[32m"currentColor"[39m
                          [33mviewBox[39m=[32m"0 0 20 20"[39m
                        [36m>[39m
                          [36m<path[39m
                            [33mclip-rule[39m=[32m"evenodd"[39m
                            [33md[39m=[32m"M10 18a8 8 0 100-16 8 8 0 000 16zM8.707 7.293a1 1 0 00-1.414 1.414L8.586 10l-1.293 1.293a1 1 0 101.414 1.414L10 11.414l1.293 1.293a1 1 0 001.414-1.414L11.414 10l1.293-1.293a1 1 0 00-1.414-1.414L10 8.586 8.707 7.293z"[39m
                            [33mfill-rule[39m=[32m"evenodd"[39m
                          [36m/>[39m
                        [36m</svg>[39m
                        [36m<p[39m
                          [33mclass[39m=[32m"text-sm text-red-800"[39m
                        [36m>[39m
                          [0mUnable to connect. Please check your internet connection.[0m
                        [36m</p>[39m
                      [36m</div>[39m
                    [36m</div>[39m
                    [36m<div>[39m
                      [36m<label[39m
                        [33mclass[39m=[32m"block text-sm font-medium text-gray-700 mb-1.5"[39m
                        [33mfor[39m=[32m"email"[39m
                      [36m>[39m
                        [0mEmail Address[0m
                      [36m</label>[39m
                      [36m<input[39m
                        [33maria-invalid[39m=[32m"false"[39m
                        [33maria-label[39m=[32m"Email Address"[39m
                        [33maria-required[39m=[32m"true"[39m
                        [33mautocomplete[39m=[32m"email"[39m
                        [33mclass[39m=[32m"w-full px-3 py-2 rounded-md border text-gray-900 transition-colors duration-200 placeholder:text-gray-400 focus:outline-none focus:ring-2 focus:ring-offset-2 focus-visible:outline-none focus-visible:ring-2 focus-visible:ring-offset-2 min-h-[44px] text-base md:min-h-[40px] md:text-sm border-gray-300 focus:ring-blue-500 focus:border-blue-500 focus-visible:ring-blue-500"[39m
                        [33mid[39m=[32m"email"[39m
                        [33mname[39m=[32m"email"[39m
                        [33mtype[39m=[32m"email"[39m
                      [36m/>[39m
                    [36m</div>[39m
                    [36m<div>[39m
                      [36m<label[39m
                        [33mclass[39m=[32m"block text-sm font-medium text-gray-700 mb-1.5"[39m
                        [33mfor[39m=[32m"password"[39m
                      [36m>[39m
                        [0mPassword[0m
                      [36m</label>[39m
                      [36m<div[39m
                        [33mclass[39m=[32m"relative"[39m
                      [36m>[39m
                        [36m<input[39m
                          [33maria-invalid[39m=[32m"false"[39m
                          [33maria-label[39m=[32m"Password"[39m
                          [33maria-required[39m=[32m"true"[39m
                          [33mautocomplete[39m=[32m"current-password"[39m
                          [33mclass[39m=[32m"w-full px-3 py-2 pr-12 rounded-md border text-gray-900 transition-colors duration-200 placeholder:text-gray-400 focus:outline-none focus:ring-2 focus:ring-offset-2 focus-visible:outline-none focus-visible:ring-2 focus-visible:ring-offset-2 min-h-[44px] text-base md:min-h-[40px] md:text-sm border-gray-300 focus:ring-blue-500 focus:border-blue-500 focus-visible:ring-blue-500"[39m
                          [33mid[39m=[32m"password"[39m
                          [33mname[39m=[32m"password"[39m
                          [33mtype[39m=[32m"password"[39m
                        [36m/>[39m
                        [36m<button[39m
                          [33maria-label[39m=[32m"Show password"[39m
                          [33maria-pressed[39m=[32m"false"[39m
                          [33mclass[39m=[32m"absolute right-2 top-1/2 -translate-y-1/2 p-2 rounded-md z-10 min-w-[44px] min-h-[44px] md:min-w-[36px] md:min-h-[36px] hover:bg-gray-100 transition-colors duration-200 focus:outline-none focus:ring-2 focus:ring-blue-500 focus:ring-offset-2 focus-visible:outline-none focus-visible:ring-2 focus-visible:ring-blue-500 focus-visible:ring-offset-2"[39m
                          [33mtype[39m=[32m"button"[39m
                        [36m>[39m
                          [36m<svg[39m
                            [33maria-hidden[39m=[32m"true"[39m
                            [33mclass[39m=[32m"w-5 h-5 text-gray-600"[39m
                            [33mfill[39m=[32m"none"[39m
                            [33mstroke[39m=[32m"currentColor"[39m
                            [33mstyle[39m=[32m"pointer-events: none;"[39m
                            [33mviewBox[39m=[32m"0 0 24 24"[39m
                          [36m>[39m
                            [36m<path[39m
                              [33md[39m=[32m"M15 12a3 3 0 11-6 0 3 3 0 016 0z"[39m
                              [33mstroke-linecap[39m=[32m"round"[39m
                              [33mstroke-linejoin[39m=[32m"round"[39m
                              [33mstroke-width[39m=[32m"2"[39m
                              [33mstyle[39m=[32m"pointer-events: none;"[39m
                            [36m/>[39m
                            [36m<path[39m
                              [33md[39m=[32m"M2.458 12C3.732 7.943 7.523 5 12 5c4.478 0 8.268 2.943 9.542 7-1.274 4.057-5.064 7-9.542 7-4.477 0-8.268-2.943-9.542-7z"[39m
                              [33mstroke-linecap[39m=[32m"round"[39m
                              [33mstroke-linejoin[39m=[32m"round"[39m
                              [33mstroke-width[39m=[32m"2"[39m
                              [33mstyle[39m=[32m"pointer-events: none;"[39m
                            [36m/>[39m
                          [36m</svg>[39m
                        [36m</button>[39m
                      [36m</div>[39m
                    [36m</div>[39m
                    [36m<button[39m
                      [33maria-busy[39m=[32m"false"[39m
                      [33mclass[39m=[32m"inline-flex items-center justify-center rounded-md font-medium transition-colors focus-visible:outline-none focus-visible:ring-2 focus-visible:ring-offset-2 disabled:pointer-events-none disabled:opacity-50 focus:outline-none focus:ring-2 focus:ring-offset-2 bg-blue-600 text-white hover:bg-blue-700 active:bg-blue-800 focus-visible:ring-blue-500 focus:ring-blue-500 h-12 px-6 text-lg w-full min-h-[44px] md:min-h-[48px]"[39m
                      [33mtype[39m=[32m"submit"[39m
                    [36m>[39m
                      [0mSign In[0m
                    [36m</button>[39m
                  [36m</form>[39m
                [36m</div>[39m
              [36m</div>[39m
              [36m<div[39m
                [33mclass[39m=[32m"mt-6 text-center"[39m
              [36m>[39m
                [36m<p[39m
                  [33mclass[39m=[32m"text-sm text-gray-600"[39m
                [36m>[39m
                  [0mDon't have an account?[0m
                  [0m [0m
                  [36m<a[39m
                    [33mclass[39m=[32m"font-medium text-blue-600 hover:text-blue-500 focus:outline-none focus:underline transition-colors"[39m
                    [33mhref[39m=[32m"/signup"[39m
                  [36m>[39m
                    [0mSign up[0m
                  [36m</a>[39m
                [36m</p>[39m
              [36m</div>[39m
            [36m</div>[39m
          [36m</div>[39m
        [36m</div>[39m
      [36m</body>[39m
    [36m</html>[39m

      94 |             await waitFor(
      95 |               () => {
    > 96 |                 expect(mockPush).toHaveBeenCalled();
         |                                  ^
      97 |               },
      98 |               { timeout: 5000 }
      99 |             );

      at toHaveBeenCalled (src/app/login/authentication-redirect.property.test.tsx:96:34)
      at runWithExpensiveErrorDiagnosticsDisabled (node_modules/@testing-library/dom/dist/config.js:47:12)
      at checkCallback (node_modules/@testing-library/dom/dist/wait-for.js:124:77)
      at checkRealTimersCallback (node_modules/@testing-library/dom/dist/wait-for.js:118:16)
      at Timeout.task [as _onTimeout] (node_modules/jsdom/lib/jsdom/browser/Window.js:579:19)

  ● Login Page - Authentication Redirect › Property-Based Tests › property: callbackUrl takes precedence over response redirectUrl

    Property failed after 1 tests
    { seed: 1172095698, path: "0:0:0", endOnFailure: true }
    Counterexample: ["/dashboard","/other"]
    Shrunk 2 time(s)

    Hint: Enable verbose mode in order to have the list of all failing values encountered during the run

      at buildError (node_modules/fast-check/lib/cjs/check/runner/utils/RunDetailsFormatter.js:162:19)
      at asyncThrowIfFailed (node_modules/fast-check/lib/cjs/check/runner/utils/RunDetailsFormatter.js:176:11)

    Cause:
    TestingLibraryElementError: Found multiple elements with the text of: /email address/i

    Here are the matching elements:

    Ignored nodes: comments, script, style
    [36m<input[39m
      [33maria-invalid[39m=[32m"false"[39m
      [33maria-label[39m=[32m"Email Address"[39m
      [33maria-required[39m=[32m"true"[39m
      [33mautocomplete[39m=[32m"email"[39m
      [33mclass[39m=[32m"w-full px-3 py-2 rounded-md border text-gray-900 transition-colors duration-200 placeholder:text-gray-400 focus:outline-none focus:ring-2 focus:ring-offset-2 focus-visible:outline-none focus-visible:ring-2 focus-visible:ring-offset-2 min-h-[44px] text-base md:min-h-[40px] md:text-sm border-gray-300 focus:ring-blue-500 focus:border-blue-500 focus-visible:ring-blue-500"[39m
      [33mid[39m=[32m"email"[39m
      [33mname[39m=[32m"email"[39m
      [33mtype[39m=[32m"email"[39m
    [36m/>[39m

    Ignored nodes: comments, script, style
    [36m<input[39m
      [33maria-invalid[39m=[32m"false"[39m
      [33maria-label[39m=[32m"Email Address"[39m
      [33maria-required[39m=[32m"true"[39m
      [33mautocomplete[39m=[32m"email"[39m
      [33mclass[39m=[32m"w-full px-3 py-2 rounded-md border text-gray-900 transition-colors duration-200 placeholder:text-gray-400 focus:outline-none focus:ring-2 focus:ring-offset-2 focus-visible:outline-none focus-visible:ring-2 focus-visible:ring-offset-2 min-h-[44px] text-base md:min-h-[40px] md:text-sm border-gray-300 focus:ring-blue-500 focus:border-blue-500 focus-visible:ring-blue-500"[39m
      [33mid[39m=[32m"email"[39m
      [33mname[39m=[32m"email"[39m
      [33mtype[39m=[32m"email"[39m
    [36m/>[39m

    Ignored nodes: comments, script, style
    [36m<input[39m
      [33maria-invalid[39m=[32m"false"[39m
      [33maria-label[39m=[32m"Email Address"[39m
      [33maria-required[39m=[32m"true"[39m
      [33mautocomplete[39m=[32m"email"[39m
      [33mclass[39m=[32m"w-full px-3 py-2 rounded-md border text-gray-900 transition-colors duration-200 placeholder:text-gray-400 focus:outline-none focus:ring-2 focus:ring-offset-2 focus-visible:outline-none focus-visible:ring-2 focus-visible:ring-offset-2 min-h-[44px] text-base md:min-h-[40px] md:text-sm border-gray-300 focus:ring-blue-500 focus:border-blue-500 focus-visible:ring-blue-500"[39m
      [33mid[39m=[32m"email"[39m
      [33mname[39m=[32m"email"[39m
      [33mtype[39m=[32m"email"[39m
    [36m/>[39m

    (If this is intentional, then use the `*AllBy*` variant of the query (like `queryAllByText`, `getAllByText`, or `findAllByText`)).

    Ignored nodes: comments, script, style
    [36m<body>[39m
      [36m<div>[39m
        [36m<div[39m
          [33mclass[39m=[32m"min-h-screen flex items-center justify-center bg-gray-50 px-4 py-12 sm:px-6 lg:px-8"[39m
        [36m>[39m
          [36m<div[39m
            [33mclass[39m=[32m"w-full max-w-md"[39m
          [36m>[39m
            [36m<div[39m
              [33mclass[39m=[32m"rounded-lg border text-card-foreground focus-within:ring-2 focus-within:ring-blue-500 focus-within:ring-offset-2 border-gray-200 bg-white hover:shadow-lg transition-shadow shadow-xl"[39m
            [36m>[39m
              [36m<div[39m
                [33mclass[39m=[32m"flex flex-col p-6 space-y-2 text-center pb-6"[39m
              [36m>[39m
                [36m<h1[39m
                  [33mclass[39m=[32m"text-2xl font-bold text-gray-900 sm:text-3xl"[39m
                [36m>[39m
                  [0mSign in to your account[0m
                [36m</h1>[39m
                [36m<p[39m
                  [33mclass[39m=[32m"text-sm text-gray-600 sm:text-base"[39m
                [36m>[39m
                  [0mEnter your credentials to access your tax preparation dashboard[0m
                [36m</p>[39m
              [36m</div>[39m
              [36m<div[39m
                [33mclass[39m=[32m"p-6 pt-0 pb-8"[39m
              [36m>[39m
                [36m<form[39m
                  [33mclass[39m=[32m"space-y-6"[39m
                  [33mnovalidate[39m=[32m""[39m
                [36m>[39m
                  [36m<div[39m
                    [33maria-live[39m=[32m"assertive"[39m
                    [33mclass[39m=[32m"p-4 rounded-md bg-red-50 border border-red-200"[39m
                    [33mrole[39m=[32m"alert"[39m
                  [36m>[39m
                    [36m<div[39m
                      [33mclass[39m=[32m"flex items-start"[39m
                    [36m>[39m
                      [36m<svg[39m
                        [33maria-hidden[39m=[32m"true"[39m
                        [33mclass[39m=[32m"w-5 h-5 text-red-600 mr-3 mt-0.5 flex-shrink-0"[39m
                        [33mfill[39m=[32m"currentColor"[39m
                        [33mviewBox[39m=[32m"0 0 20 20"[39m
                      [36m>[39m
                        [36m<path[39m
                          [33mclip-rule[39m=[32m"evenodd"[39m
                          [33md[39m=[32m"M10 18a8 8 0 100-16 8 8 0 000 16zM8.707 7.293a1 1 0 00-1.414 1.414L8.586 10l-1.293 1.293a1 1 0 101.414 1.414L10 11.414l1.293 1.293a1 1 0 001.414-1.414L11.414 10l1.293-1.293a1 1 0 00-1.414-1.414L10 8.586 8.707 7.293z"[39m
                          [33mfill-rule[39m=[32m"evenodd"[39m
                        [36m/>[39m
                      [36m</svg>[39m
                      [36m<p[39m
                        [33mclass[39m=[32m"text-sm text-red-800"[39m
                      [36m>[39m
                        [0mUnable to connect. Please check your internet connection.[0m
                      [36m</p>[39m
                    [36m</div>[39m
                  [36m</div>[39m
                  [36m<div[39m
                    [33maria-live[39m=[32m"polite"[39m
                    [33mclass[39m=[32m"p-4 rounded-md border transition-all duration-200 bg-red-50 border-red-200"[39m
                    [33mrole[39m=[32m"status"[39m
                  [36m>[39m
                    [36m<div[39m
                      [33mclass[39m=[32m"flex items-start"[39m
                    [36m>[39m
                      [36m<svg[39m
                        [33maria-hidden[39m=[32m"true"[39m
                        [33mclass[39m=[32m"w-5 h-5 text-red-600 mr-3 mt-0.5 flex-shrink-0"[39m
                        [33mfill[39m=[32m"currentColor"[39m
                        [33mviewBox[39m=[32m"0 0 20 20"[39m
                      [36m>[39m
                        [36m<path[39m
                          [33mclip-rule[39m=[32m"evenodd"[39m
                          [33md[39m=[32m"M10 18a8 8 0 100-16 8 8 0 000 16zM8.707 7.293a1 1 0 00-1.414 1.414L8.586 10l-1.293 1.293a1 1 0 101.414 1.414L10 11.414l1.293 1.293a1 1 0 001.414-1.414L11.414 10l1.293-1.293a1 1 0 00-1.414-1.414L10 8.586 8.707 7.293z"[39m
                          [33mfill-rule[39m=[32m"evenodd"[39m
                        [36m/>[39m
                      [36m</svg>[39m
                      [36m<p[39m
                        [33mclass[39m=[32m"text-sm text-red-800"[39m
                      [36m>[39m
                        [0mUnable to connect. Please check your internet connection.[0m
                      [36m</p>[39m
                    [36m</div>[39m
                  [36m</div>[39m
                  [36m<div>[39m
                    [36m<label[39m
                      [33mclass[39m=[32m"block text-sm font-medium text-gray-700 mb-1.5"[39m
                      [33mfor[39m=[32m"email"[39m
                    [36m>[39m
                      [0mEmail Address[0m
                    [36m</label>[39m
                    [36m<input[39m
                      [33maria-invalid[39m=[32m"false"[39m
                      [33maria-label[39m=[32m"Email Address"[39m
                      [33maria-required[39m=[32m"true"[39m
                      [33mautocomplete[39m=[32m"email"[39m
                      [33mclass[39m=[32m"w-full px-3 py-2 rounded-md border text-gray-900 transition-colors duration-200 placeholder:text-gray-400 focus:outline-none focus:ring-2 focus:ring-offset-2 focus-visible:outline-none focus-visible:ring-2 focus-visible:ring-offset-2 min-h-[44px] text-base md:min-h-[40px] md:text-sm border-gray-300 focus:ring-blue-500 focus:border-blue-500 focus-visible:ring-blue-500"[39m
                      [33mid[39m=[32m"email"[39m
                      [33mname[39m=[32m"email"[39m
                      [33mtype[39m=[32m"email"[39m
                    [36m/>[39m
                  [36m</div>[39m
                  [36m<div>[39m
                    [36m<label[39m
                      [33mclass[39m=[32m"block text-sm font-medium text-gray-700 mb-1.5"[39m
                      [33mfor[39m=[32m"password"[39m
                    [36m>[39m
                      [0mPassword[0m
                    [36m</label>[39m
                    [36m<div[39m
                      [33mclass[39m=[32m"relative"[39m
                    [36m>[39m
                      [36m<input[39m
                        [33maria-invalid[39m=[32m"false"[39m
                        [33maria-label[39m=[32m"Password"[39m
                        [33maria-required[39m=[32m"true"[39m
                        [33mautocomplete[39m=[32m"current-password"[39m
                        [33mclass[39m=[32m"w-full px-3 py-2 pr-12 rounded-md border text-gray-900 transition-colors duration-200 placeholder:text-gray-400 focus:outline-none focus:ring-2 focus:ring-offset-2 focus-visible:outline-none focus-visible:ring-2 focus-visible:ring-offset-2 min-h-[44px] text-base md:min-h-[40px] md:text-sm border-gray-300 focus:ring-blue-500 focus:border-blue-500 focus-visible:ring-blue-500"[39m
                        [33mid[39m=[32m"password"[39m
                        [33mname[39m=[32m"password"[39m
                        [33mtype[39m=[32m"password"[39m
                      [36m/>[...

      136 |             const { unmount } = render(<LoginPageClient callbackUrl={callbackUrl} />);
      137 |
    > 138 |             const emailInput = screen.getByLabelText(/email address/i);
          |                                       ^
      139 |             const passwordInput = screen.getByLabelText(/^password$/i);
      140 |             const submitButton = screen.getByRole('button', { name: /sign in/i });
      141 |

      at Object.getElementError (node_modules/@testing-library/dom/dist/config.js:37:19)
      at getElementError (node_modules/@testing-library/dom/dist/query-helpers.js:20:35)
      at getMultipleElementsFoundError (node_modules/@testing-library/dom/dist/query-helpers.js:23:10)
      at node_modules/@testing-library/dom/dist/query-helpers.js:55:13
      at node_modules/@testing-library/dom/dist/query-helpers.js:95:19
      at getByLabelText (src/app/login/authentication-redirect.property.test.tsx:138:39)
      at AsyncProperty.predicate (node_modules/fast-check/lib/cjs/check/property/AsyncProperty.js:17:102)
      at AsyncProperty.run (node_modules/fast-check/lib/cjs/check/property/AsyncProperty.generic.js:46:39)
      at asyncRunIt (node_modules/fast-check/lib/cjs/check/runner/Runner.js:28:36)
      at Object.<anonymous> (src/app/login/authentication-redirect.property.test.tsx:113:7)

  ● Login Page - Authentication Redirect › Property-Based Tests › property: default redirect is /dashboard when no URLs provided

    Property failed after 1 tests
    { seed: 2082602233, path: "0", endOnFailure: true }
    Counterexample: [null]
    Shrunk 0 time(s)

    Hint: Enable verbose mode in order to have the list of all failing values encountered during the run

      at buildError (node_modules/fast-check/lib/cjs/check/runner/utils/RunDetailsFormatter.js:162:19)
      at asyncThrowIfFailed (node_modules/fast-check/lib/cjs/check/runner/utils/RunDetailsFormatter.js:176:11)

    Cause:
    expect(jest.fn()).toHaveBeenCalled()

    Expected number of calls: >= 1
    Received number of calls:    0

    Ignored nodes: comments, script, style
    [36m<html>[39m
      [36m<head />[39m
      [36m<body>[39m
        [36m<div>[39m
          [36m<div[39m
            [33mclass[39m=[32m"min-h-screen flex items-center justify-center bg-gray-50 px-4 py-12 sm:px-6 lg:px-8"[39m
          [36m>[39m
            [36m<div[39m
              [33mclass[39m=[32m"w-full max-w-md"[39m
            [36m>[39m
              [36m<div[39m
                [33mclass[39m=[32m"rounded-lg border text-card-foreground focus-within:ring-2 focus-within:ring-blue-500 focus-within:ring-offset-2 border-gray-200 bg-white hover:shadow-lg transition-shadow shadow-xl"[39m
              [36m>[39m
                [36m<div[39m
                  [33mclass[39m=[32m"flex flex-col p-6 space-y-2 text-center pb-6"[39m
                [36m>[39m
                  [36m<h1[39m
                    [33mclass[39m=[32m"text-2xl font-bold text-gray-900 sm:text-3xl"[39m
                  [36m>[39m
                    [0mSign in to your account[0m
                  [36m</h1>[39m
                  [36m<p[39m
                    [33mclass[39m=[32m"text-sm text-gray-600 sm:text-base"[39m
                  [36m>[39m
                    [0mEnter your credentials to access your tax preparation dashboard[0m
                  [36m</p>[39m
                [36m</div>[39m
                [36m<div[39m
                  [33mclass[39m=[32m"p-6 pt-0 pb-8"[39m
                [36m>[39m
                  [36m<form[39m
                    [33mclass[39m=[32m"space-y-6"[39m
                    [33mnovalidate[39m=[32m""[39m
                  [36m>[39m
                    [36m<div[39m
                      [33maria-live[39m=[32m"assertive"[39m
                      [33mclass[39m=[32m"p-4 rounded-md bg-red-50 border border-red-200"[39m
                      [33mrole[39m=[32m"alert"[39m
                    [36m>[39m
                      [36m<div[39m
                        [33mclass[39m=[32m"flex items-start"[39m
                      [36m>[39m
                        [36m<svg[39m
                          [33maria-hidden[39m=[32m"true"[39m
                          [33mclass[39m=[32m"w-5 h-5 text-red-600 mr-3 mt-0.5 flex-shrink-0"[39m
                          [33mfill[39m=[32m"currentColor"[39m
                          [33mviewBox[39m=[32m"0 0 20 20"[39m
                        [36m>[39m
                          [36m<path[39m
                            [33mclip-rule[39m=[32m"evenodd"[39m
                            [33md[39m=[32m"M10 18a8 8 0 100-16 8 8 0 000 16zM8.707 7.293a1 1 0 00-1.414 1.414L8.586 10l-1.293 1.293a1 1 0 101.414 1.414L10 11.414l1.293 1.293a1 1 0 001.414-1.414L11.414 10l1.293-1.293a1 1 0 00-1.414-1.414L10 8.586 8.707 7.293z"[39m
                            [33mfill-rule[39m=[32m"evenodd"[39m
                          [36m/>[39m
                        [36m</svg>[39m
                        [36m<p[39m
                          [33mclass[39m=[32m"text-sm text-red-800"[39m
                        [36m>[39m
                          [0mUnable to connect. Please check your internet connection.[0m
                        [36m</p>[39m
                      [36m</div>[39m
                    [36m</div>[39m
                    [36m<div[39m
                      [33maria-live[39m=[32m"polite"[39m
                      [33mclass[39m=[32m"p-4 rounded-md border transition-all duration-200 bg-red-50 border-red-200"[39m
                      [33mrole[39m=[32m"status"[39m
                    [36m>[39m
                      [36m<div[39m
                        [33mclass[39m=[32m"flex items-start"[39m
                      [36m>[39m
                        [36m<svg[39m
                          [33maria-hidden[39m=[32m"true"[39m
                          [33mclass[39m=[32m"w-5 h-5 text-red-600 mr-3 mt-0.5 flex-shrink-0"[39m
                          [33mfill[39m=[32m"currentColor"[39m
                          [33mviewBox[39m=[32m"0 0 20 20"[39m
                        [36m>[39m
                          [36m<path[39m
                            [33mclip-rule[39m=[32m"evenodd"[39m
                            [33md[39m=[32m"M10 18a8 8 0 100-16 8 8 0 000 16zM8.707 7.293a1 1 0 00-1.414 1.414L8.586 10l-1.293 1.293a1 1 0 101.414 1.414L10 11.414l1.293 1.293a1 1 0 001.414-1.414L11.414 10l1.293-1.293a1 1 0 00-1.414-1.414L10 8.586 8.707 7.293z"[39m
                            [33mfill-rule[39m=[32m"evenodd"[39m
                          [36m/>[39m
                        [36m</svg>[39m
                        [36m<p[39m
                          [33mclass[39m=[32m"text-sm text-red-800"[39m
                        [36m>[39m
                          [0mUnable to connect. Please check your internet connection.[0m
                        [36m</p>[39m
                      [36m</div>[39m
                    [36m</div>[39m
                    [36m<div>[39m
                      [36m<label[39m
                        [33mclass[39m=[32m"block text-sm font-medium text-gray-700 mb-1.5"[39m
                        [33mfor[39m=[32m"email"[39m
                      [36m>[39m
                        [0mEmail Address[0m
                      [36m</label>[39m
                      [36m<input[39m
                        [33maria-invalid[39m=[32m"false"[39m
                        [33maria-label[39m=[32m"Email Address"[39m
                        [33maria-required[39m=[32m"true"[39m
                        [33mautocomplete[39m=[32m"email"[39m
                        [33mclass[39m=[32m"w-full px-3 py-2 rounded-md border text-gray-900 transition-colors duration-200 placeholder:text-gray-400 focus:outline-none focus:ring-2 focus:ring-offset-2 focus-visible:outline-none focus-visible:ring-2 focus-visible:ring-offset-2 min-h-[44px] text-base md:min-h-[40px] md:text-sm border-gray-300 focus:ring-blue-500 focus:border-blue-500 focus-visible:ring-blue-500"[39m
                        [33mid[39m=[32m"email"[39m
                        [33mname[39m=[32m"email"[39m
                        [33mtype[39m=[32m"email"[39m
                      [36m/>[39m
                    [36m</div>[39m
                    [36m<div>[39m
                      [36m<label[39m
                        [33mclass[39m=[32m"block text-sm font-medium text-gray-700 mb-1.5"[39m
                        [33mfor[39m=[32m"password"[39m
                      [36m>[39m
                        [0mPassword[0m
                      [36m</label>[39m
                      [36m<div[39m
                        [33mclass[39m=[32m"relative"[39m
                      [36m>[39m
                        [36m<input[39m
                          [33maria-invalid[39m=[32m"false"[39m
                          [33maria-label[39m=[32m"Password"[39m
                          [33maria-required[39m=[32m"true"[39m
                          [33mautocomplete[39m=[32m"current-password"[39m
                          [33mclass[39m=[32m"w-full px-3 py-2 pr-12 rounded-md border text-gray-900 transition-colors duration-200 placeholder:text-gray-400 focus:outline-none focus:ring-2 focus:ring-offset-2 focus-visible:outline-none focus-visible:ring-2 focus-visible:ring-offset-2 min-h-[44px] text-base md:min-h-[40px] md:text-sm border-gray-300 focus:ring-blue-500 focus:border-blue-500 focus-visible:ring-blue-500"[39m
                          [33mid[39m=[32m"password"[39m
                          [33mname[39m=[32m"password"[39m
                          [33mtype[39m=[32m"password"[39m
                        [36m/>[39m
                        [36m<button[39m
                          [33maria-label[39m=[32m"Show password"[39m
                          [33maria-pressed[39m=[32m"false"[39m
                          [33mclass[39m=[32m"absolute right-2 top-1/2 -translate-y-1/2 p-2 rounded-md z-10 min-w-[44px] min-h-[44px] md:min-w-[36px] md:min-h-[36px] hover:bg-gray-100 transition-colors duration-200 focus:outline-none focus:ring-2 focus:ring-blue-500 focus:ring-offset-2 focus-visible:outline-none focus-visible:ring-2 focus-visible:ring-blue-500 focus-visible:ring-offset-2"[39m
                          [33mtype[39m=[32m"button"[39m
                        [36m>[39m
                          [36m<svg[39m
                            [33maria-hidden[39m=[32m"true"[39m
                            [33mclass[39m=[32m"w-5 h-5 text-gray-600"[39m
                            [33mfill[39m=[32m"none"[39m
                            [33mstroke[39m=[32m"currentColor"[39m
                            [33mstyle[39m=[32m"pointer-events: none;"[39m
                            [33mviewBox[39m=[32m"0 0 24 24"[39m
                          [36m>[39m
                            [36m<path[39m
                              [33md[39m=[32m"M15 12a3 3 0 11-6 0 3 3 0 016 0z"[39m
                              [33mstroke-linecap[39m=[32m"round"[39m
                              [33mstroke-linejoin[39m=[32m"round"[39m
                              [33mstroke-width[39m=[32m"2"[39m
                              [33mstyle[39m=[32m"pointer-events: none;"[39m
                            [36m/>[39m
                            [36m<path[39m
                              [33md[39m=[32m"M2.458 12C3.732 7.943 7.523 5 12 5c4.478 0 8.268 2.943 9.542 7-1.274 4.057-5.064 7-9.542 7-4.477 0-8.268-2.943-9.542-7z"[39m
                              [33mstroke-linecap[39m=[32m"round"[39m
                              [33mstroke-linejoin[39m=[32m"round"[39m
                              [33mstroke-width[39m=[32m"2"[39m
                              [33mstyle[39m=[32m"pointer-events: none;"[39m
                            [36m/>[39m
                          [36m</svg>[39m
                        [36m</button>[39m
                      [36m</div>[39m
                    [36m</div>[39m
                    [36m<button[39m
                      [33maria-busy[39m=[32m"false"[39m
                      [33mclass[39m=[32m"inline-flex items-center justify-center rounded-md font-medium transition-colors focus-visible:outline-none focus-visible:ring-2 focus-visible:ring-offset-2 disabled:pointer-events-none disabled:opacity-50 focus:outline-none focus:ring-2 focus:ring-offset-2 bg-blue-600 text-white hover:bg-blue-700 active:bg-blue-800 focus-visible:ring-blue-500 focus:ring-blue-500 h-12 px-6 text-lg w-full min-h-[44px] md:min-h-[48px]"[39m
                      [33mtype[39m=[32m"submit"[39m
                    [36m>[39m
                      [0mSign In[0m
                    [36m</button>[39m
                  [36m</form>[39m
                [36m</div>[39m
              [36m</div>[39m
              [36m<div[39m
                [33mclass[39m=[32m"mt-6 text-center"[39m
              [36m>[39m
                [36m<p[39m
                  [33mclass[39m=[32m"text-sm text-gray-600"[39m
                [36m>[39m
                  [0mDon't have an account?[0m
                  [0m [0m
                  [36m<a[39m
                    [33mclass[39m=[32m"font-medium text-blue-600 hover:text-blue-500 focus:outline-none focus:underline transition-colors"[39m
                    [33mhref[39m=[32m"/signup"[39m
                  [36m>[39m
                    [0mSign up[0m
                  [36m</a>[39m
                [36m</p>[39m
              [36m</div>[39m
            [36m</div>[39m
          [36m</div>[39m
        [36m</div>[39m
      [36m</body>[39m
    [36m</html>[39m

      197 |             await waitFor(
      198 |               () => {
    > 199 |                 expect(mockPush).toHaveBeenCalled();
          |                                  ^
      200 |               },
      201 |               { timeout: 5000 }
      202 |             );

      at toHaveBeenCalled (src/app/login/authentication-redirect.property.test.tsx:199:34)
      at runWithExpensiveErrorDiagnosticsDisabled (node_modules/@testing-library/dom/dist/config.js:47:12)
      at checkCallback (node_modules/@testing-library/dom/dist/wait-for.js:124:77)
      at checkRealTimersCallback (node_modules/@testing-library/dom/dist/wait-for.js:118:16)
      at Timeout.task [as _onTimeout] (node_modules/jsdom/lib/jsdom/browser/Window.js:579:19)

  ● Login Page - Authentication Redirect › Unit Tests - Edge Cases › should redirect after successful authentication

    thrown: "Exceeded timeout of 5000 ms for a test.
    Add a timeout value to this test to increase the timeout, if this is a long-running test. See https://jestjs.io/docs/api#testname-fn-timeout."

      214 |
      215 |   describe('Unit Tests - Edge Cases', () => {
    > 216 |     test('should redirect after successful authentication', async () => {
          |     ^
      217 |       // Mock successful authentication response
      218 |       (global.fetch as jest.Mock).mockResolvedValueOnce({
      219 |         ok: true,

      at test (src/app/login/authentication-redirect.property.test.tsx:216:5)
      at describe (src/app/login/authentication-redirect.property.test.tsx:215:3)
      at Object.describe (src/app/login/authentication-redirect.property.test.tsx:25:1)

  ● Login Page - Authentication Redirect › Unit Tests - Edge Cases › should not redirect on failed authentication

    thrown: "Exceeded timeout of 5000 ms for a test.
    Add a timeout value to this test to increase the timeout, if this is a long-running test. See https://jestjs.io/docs/api#testname-fn-timeout."

      242 |     });
      243 |
    > 244 |     test('should not redirect on failed authentication', async () => {
          |     ^
      245 |       // Mock failed authentication response
      246 |       (global.fetch as jest.Mock).mockResolvedValueOnce({
      247 |         ok: true,

      at test (src/app/login/authentication-redirect.property.test.tsx:244:5)
      at describe (src/app/login/authentication-redirect.property.test.tsx:215:3)
      at Object.describe (src/app/login/authentication-redirect.property.test.tsx:25:1)

  ● Login Page - Authentication Redirect › Unit Tests - Edge Cases › should handle network errors without redirecting

    thrown: "Exceeded timeout of 5000 ms for a test.
    Add a timeout value to this test to increase the timeout, if this is a long-running test. See https://jestjs.io/docs/api#testname-fn-timeout."

      276 |     });
      277 |
    > 278 |     test('should handle network errors without redirecting', async () => {
          |     ^
      279 |       // Mock network error
      280 |       (global.fetch as jest.Mock).mockRejectedValueOnce(new Error('Network error'));
      281 |

      at test (src/app/login/authentication-redirect.property.test.tsx:278:5)
      at describe (src/app/login/authentication-redirect.property.test.tsx:215:3)
      at Object.describe (src/app/login/authentication-redirect.property.test.tsx:25:1)

  ● Login Page - Authentication Redirect › Unit Tests - Edge Cases › should handle malformed API responses without redirecting

    thrown: "Exceeded timeout of 5000 ms for a test.
    Add a timeout value to this test to increase the timeout, if this is a long-running test. See https://jestjs.io/docs/api#testname-fn-timeout."

      301 |     });
      302 |
    > 303 |     test('should handle malformed API responses without redirecting', async () => {
          |     ^
      304 |       // Mock malformed response
      305 |       (global.fetch as jest.Mock).mockResolvedValueOnce({
      306 |         ok: true,

      at test (src/app/login/authentication-redirect.property.test.tsx:303:5)
      at describe (src/app/login/authentication-redirect.property.test.tsx:215:3)
      at Object.describe (src/app/login/authentication-redirect.property.test.tsx:25:1)

  ● Login Page - Authentication Redirect › Unit Tests - Edge Cases › should use callbackUrl when provided

    thrown: "Exceeded timeout of 5000 ms for a test.
    Add a timeout value to this test to increase the timeout, if this is a long-running test. See https://jestjs.io/docs/api#testname-fn-timeout."

      329 |     });
      330 |
    > 331 |     test('should use callbackUrl when provided', async () => {
          |     ^
      332 |       // Mock successful authentication response
      333 |       (global.fetch as jest.Mock).mockResolvedValueOnce({
      334 |         ok: true,

      at test (src/app/login/authentication-redirect.property.test.tsx:331:5)
      at describe (src/app/login/authentication-redirect.property.test.tsx:215:3)
      at Object.describe (src/app/login/authentication-redirect.property.test.tsx:25:1)

FAIL src/components/RateLimiting.integration.test.tsx (130.635 s)
  ● Rate Limiting Flow - Integration Tests › 6.4: Rate limiting flow › Login Form Rate Limiting › should activate rate limiting after 5 failed attempts

    thrown: "Exceeded timeout of 10000 ms for a test.
    Add a timeout value to this test to increase the timeout, if this is a long-running test. See https://jestjs.io/docs/api#testname-fn-timeout."

      50 |   describe('6.4: Rate limiting flow', () => {
      51 |     describe('Login Form Rate Limiting', () => {
    > 52 |       test('should activate rate limiting after 5 failed attempts', async () => {
         |       ^
      53 |         const mockOnSuccess = jest.fn();
      54 |         
      55 |         render(<LoginForm onSuccess={mockOnSuccess} />);

      at test (src/components/RateLimiting.integration.test.tsx:52:7)
      at describe (src/components/RateLimiting.integration.test.tsx:51:5)
      at describe (src/components/RateLimiting.integration.test.tsx:50:3)
      at Object.describe (src/components/RateLimiting.integration.test.tsx:31:1)

  ● Rate Limiting Flow - Integration Tests › 6.4: Rate limiting flow › Login Form Rate Limiting › should display countdown timer during rate limiting

    thrown: "Exceeded timeout of 15000 ms for a test.
    Add a timeout value to this test to increase the timeout, if this is a long-running test. See https://jestjs.io/docs/api#testname-fn-timeout."

      101 |       }, 10000);
      102 |
    > 103 |       test('should display countdown timer during rate limiting', async () => {
          |       ^
      104 |         const mockOnSuccess = jest.fn();
      105 |         
      106 |         render(<LoginForm onSuccess={mockOnSuccess} />);

      at test (src/components/RateLimiting.integration.test.tsx:103:7)
      at describe (src/components/RateLimiting.integration.test.tsx:51:5)
      at describe (src/components/RateLimiting.integration.test.tsx:50:3)
      at Object.describe (src/components/RateLimiting.integration.test.tsx:31:1)

  ● Rate Limiting Flow - Integration Tests › 6.4: Rate limiting flow › Login Form Rate Limiting › should disable submit button during rate limiting

    thrown: "Exceeded timeout of 15000 ms for a test.
    Add a timeout value to this test to increase the timeout, if this is a long-running test. See https://jestjs.io/docs/api#testname-fn-timeout."

      148 |       });
      149 |
    > 150 |       test('should disable submit button during rate limiting', async () => {
          |       ^
      151 |         const mockOnSuccess = jest.fn();
      152 |         
      153 |         render(<LoginForm onSuccess={mockOnSuccess} />);

      at test (src/components/RateLimiting.integration.test.tsx:150:7)
      at describe (src/components/RateLimiting.integration.test.tsx:51:5)
      at describe (src/components/RateLimiting.integration.test.tsx:50:3)
      at Object.describe (src/components/RateLimiting.integration.test.tsx:31:1)

  ● Rate Limiting Flow - Integration Tests › 6.4: Rate limiting flow › Login Form Rate Limiting › should increment rate limit counter on each failed attempt

    thrown: "Exceeded timeout of 15000 ms for a test.
    Add a timeout value to this test to increase the timeout, if this is a long-running test. See https://jestjs.io/docs/api#testname-fn-timeout."

      190 |       });
      191 |
    > 192 |       test('should increment rate limit counter on each failed attempt', async () => {
          |       ^
      193 |         const mockOnSuccess = jest.fn();
      194 |         
      195 |         render(<LoginForm onSuccess={mockOnSuccess} />);

      at test (src/components/RateLimiting.integration.test.tsx:192:7)
      at describe (src/components/RateLimiting.integration.test.tsx:51:5)
      at describe (src/components/RateLimiting.integration.test.tsx:50:3)
      at Object.describe (src/components/RateLimiting.integration.test.tsx:31:1)

  ● Rate Limiting Flow - Integration Tests › 6.4: Rate limiting flow › Login Form Rate Limiting › should reset rate limit counter after successful submission

    thrown: "Exceeded timeout of 15000 ms for a test.
    Add a timeout value to this test to increase the timeout, if this is a long-running test. See https://jestjs.io/docs/api#testname-fn-timeout."

      235 |       });
      236 |
    > 237 |       test('should reset rate limit counter after successful submission', async () => {
          |       ^
      238 |         const mockOnSuccess = jest.fn();
      239 |         
      240 |         render(<LoginForm onSuccess={mockOnSuccess} />);

      at test (src/components/RateLimiting.integration.test.tsx:237:7)
      at describe (src/components/RateLimiting.integration.test.tsx:51:5)
      at describe (src/components/RateLimiting.integration.test.tsx:50:3)
      at Object.describe (src/components/RateLimiting.integration.test.tsx:31:1)

  ● Rate Limiting Flow - Integration Tests › 6.4: Rate limiting flow › Login Form Rate Limiting › should allow submission after rate limit expires

    thrown: "Exceeded timeout of 15000 ms for a test.
    Add a timeout value to this test to increase the timeout, if this is a long-running test. See https://jestjs.io/docs/api#testname-fn-timeout."

      301 |       });
      302 |
    > 303 |       test('should allow submission after rate limit expires', async () => {
          |       ^
      304 |         const mockOnSuccess = jest.fn();
      305 |         
      306 |         render(<LoginForm onSuccess={mockOnSuccess} />);

      at test (src/components/RateLimiting.integration.test.tsx:303:7)
      at describe (src/components/RateLimiting.integration.test.tsx:51:5)
      at describe (src/components/RateLimiting.integration.test.tsx:50:3)
      at Object.describe (src/components/RateLimiting.integration.test.tsx:31:1)

  ● Rate Limiting Flow - Integration Tests › 6.4: Rate limiting flow › Registration Form Rate Limiting › should activate rate limiting after multiple failed attempts

    thrown: "Exceeded timeout of 15000 ms for a test.
    Add a timeout value to this test to increase the timeout, if this is a long-running test. See https://jestjs.io/docs/api#testname-fn-timeout."

      371 |
      372 |     describe('Registration Form Rate Limiting', () => {
    > 373 |       test('should activate rate limiting after multiple failed attempts', async () => {
          |       ^
      374 |         const mockOnSuccess = jest.fn();
      375 |         
      376 |         render(<RegistrationForm onSuccess={mockOnSuccess} />);

      at test (src/components/RateLimiting.integration.test.tsx:373:7)
      at describe (src/components/RateLimiting.integration.test.tsx:372:5)
      at describe (src/components/RateLimiting.integration.test.tsx:50:3)
      at Object.describe (src/components/RateLimiting.integration.test.tsx:31:1)

  ● Rate Limiting Flow - Integration Tests › 6.4: Rate limiting flow › Registration Form Rate Limiting › should display countdown during rate limiting

    thrown: "Exceeded timeout of 15000 ms for a test.
    Add a timeout value to this test to increase the timeout, if this is a long-running test. See https://jestjs.io/docs/api#testname-fn-timeout."

      414 |       });
      415 |
    > 416 |       test('should display countdown during rate limiting', async () => {
          |       ^
      417 |         const mockOnSuccess = jest.fn();
      418 |         
      419 |         render(<RegistrationForm onSuccess={mockOnSuccess} />);

      at test (src/components/RateLimiting.integration.test.tsx:416:7)
      at describe (src/components/RateLimiting.integration.test.tsx:372:5)
      at describe (src/components/RateLimiting.integration.test.tsx:50:3)
      at Object.describe (src/components/RateLimiting.integration.test.tsx:31:1)

  ● Rate Limiting Flow - Integration Tests › 6.4: Rate limiting flow › Registration Form Rate Limiting › should reset rate limit after successful registration

    thrown: "Exceeded timeout of 15000 ms for a test.
    Add a timeout value to this test to increase the timeout, if this is a long-running test. See https://jestjs.io/docs/api#testname-fn-timeout."

      457 |       });
      458 |
    > 459 |       test('should reset rate limit after successful registration', async () => {
          |       ^
      460 |         const mockOnSuccess = jest.fn();
      461 |         
      462 |         render(<RegistrationForm onSuccess={mockOnSuccess} />);

      at test (src/components/RateLimiting.integration.test.tsx:459:7)
      at describe (src/components/RateLimiting.integration.test.tsx:372:5)
      at describe (src/components/RateLimiting.integration.test.tsx:50:3)
      at Object.describe (src/components/RateLimiting.integration.test.tsx:31:1)


Test Suites: 29 failed, 70 passed, 99 total
Tests:       222 failed, 1381 passed, 1603 total
Snapshots:   0 total
Time:        138.869 s
Ran all test suites.
